{
  "Entries": [
    {
      "RequestUri": "/subscriptions/e2ee545b-783f-4634-a277-e35f55c90660/resourcegroups/ps3353?api-version=2016-02-01",
      "EncodedRequestUri": "L3N1YnNjcmlwdGlvbnMvZTJlZTU0NWItNzgzZi00NjM0LWEyNzctZTM1ZjU1YzkwNjYwL3Jlc291cmNlZ3JvdXBzL3BzMzM1Mz9hcGktdmVyc2lvbj0yMDE2LTAyLTAx",
      "RequestMethod": "PUT",
      "RequestBody": "{\r\n  \"location\": \"West US\"\r\n}",
      "RequestHeaders": {
        "Content-Type": [
          "application/json; charset=utf-8"
        ],
        "Content-Length": [
          "29"
        ],
        "User-Agent": [
          "Microsoft.Azure.Management.Resources.ResourceManagementClient/2.0.0.0"
        ]
      },
      "ResponseBody": "{\r\n  \"id\": \"/subscriptions/e2ee545b-783f-4634-a277-e35f55c90660/resourceGroups/ps3353\",\r\n  \"name\": \"ps3353\",\r\n  \"location\": \"westus\",\r\n  \"properties\": {\r\n    \"provisioningState\": \"Succeeded\"\r\n  }\r\n}",
      "ResponseHeaders": {
        "Content-Length": [
          "165"
        ],
        "Content-Type": [
          "application/json; charset=utf-8"
        ],
        "Expires": [
          "-1"
        ],
        "Pragma": [
          "no-cache"
        ],
        "x-ms-ratelimit-remaining-subscription-writes": [
          "1199"
        ],
        "x-ms-request-id": [
          "78488d59-b7d3-4aa2-a2e9-8e97ce4acb82"
        ],
        "x-ms-correlation-request-id": [
          "78488d59-b7d3-4aa2-a2e9-8e97ce4acb82"
        ],
        "x-ms-routing-request-id": [
          "WESTUS2:20180406T182619Z:78488d59-b7d3-4aa2-a2e9-8e97ce4acb82"
        ],
        "Strict-Transport-Security": [
          "max-age=31536000; includeSubDomains"
        ],
        "X-Content-Type-Options": [
          "nosniff"
        ],
        "Cache-Control": [
          "no-cache"
        ],
        "Date": [
          "Fri, 06 Apr 2018 18:26:18 GMT"
        ]
      },
      "StatusCode": 201
    },
    {
      "RequestUri": "/subscriptions/e2ee545b-783f-4634-a277-e35f55c90660/providers/Microsoft.Cdn/profiles?api-version=2017-10-12",
      "EncodedRequestUri": "L3N1YnNjcmlwdGlvbnMvZTJlZTU0NWItNzgzZi00NjM0LWEyNzctZTM1ZjU1YzkwNjYwL3Byb3ZpZGVycy9NaWNyb3NvZnQuQ2RuL3Byb2ZpbGVzP2FwaS12ZXJzaW9uPTIwMTctMTAtMTI=",
      "RequestMethod": "GET",
      "RequestBody": "",
      "RequestHeaders": {
        "x-ms-client-request-id": [
          "c3cd4fba-d1be-4cb3-a4dc-70a05240f544"
        ],
        "accept-language": [
          "en-US"
        ],
        "User-Agent": [
          "FxVersion/4.7.2633.0",
          "OSName/Windows10Enterprise",
          "OSVersion/6.3.16299",
          "Microsoft.Azure.Management.Cdn.CdnManagementClient/4.0.1.0"
        ]
      },
      "ResponseBody": "{\r\n  \"value\": [\r\n    {\r\n      \"name\": \"ps1900\",\r\n      \"id\": \"/subscriptions/e2ee545b-783f-4634-a277-e35f55c90660/resourcegroups/ps8213/providers/Microsoft.Cdn/profiles/ps1900\",\r\n      \"type\": \"Microsoft.Cdn/profiles\",\r\n      \"tags\": {},\r\n      \"location\": \"EastUs\",\r\n      \"sku\": {\r\n        \"name\": \"Standard_Verizon\"\r\n      },\r\n      \"properties\": {\r\n        \"provisioningState\": \"Succeeded\",\r\n        \"resourceState\": \"Active\"\r\n      }\r\n    },\r\n    {\r\n      \"name\": \"ps862\",\r\n      \"id\": \"/subscriptions/e2ee545b-783f-4634-a277-e35f55c90660/resourcegroups/ps6381/providers/Microsoft.Cdn/profiles/ps862\",\r\n      \"type\": \"Microsoft.Cdn/profiles\",\r\n      \"tags\": {\r\n        \"tag2\": \"value4\",\r\n        \"tag1\": \"value3\"\r\n      },\r\n      \"location\": \"EastUs\",\r\n      \"sku\": {\r\n        \"name\": \"Standard_Verizon\"\r\n      },\r\n      \"properties\": {\r\n        \"provisioningState\": \"Succeeded\",\r\n        \"resourceState\": \"Active\"\r\n      }\r\n    }\r\n  ]\r\n}",
      "ResponseHeaders": {
        "Content-Length": [
          "806"
        ],
        "Content-Type": [
          "application/json; odata.metadata=minimal; odata.streaming=true"
        ],
        "Expires": [
          "-1"
        ],
        "Pragma": [
          "no-cache"
        ],
        "x-ms-request-id": [
          "3d0c6de0-83d8-4f94-bede-52b02108c4f4"
        ],
        "x-ms-client-request-id": [
          "c3cd4fba-d1be-4cb3-a4dc-70a05240f544"
        ],
        "OData-Version": [
          "4.0"
        ],
        "Strict-Transport-Security": [
          "max-age=31536000; includeSubDomains"
        ],
        "x-ms-ratelimit-remaining-subscription-reads": [
          "14999"
        ],
        "x-ms-correlation-request-id": [
          "9d4a24d9-235e-4cfe-9e52-427a5c03a9df"
        ],
        "x-ms-routing-request-id": [
          "WESTUS2:20180406T182620Z:9d4a24d9-235e-4cfe-9e52-427a5c03a9df"
        ],
        "X-Content-Type-Options": [
          "nosniff"
        ],
        "Cache-Control": [
          "no-cache"
        ],
        "Date": [
          "Fri, 06 Apr 2018 18:26:20 GMT"
        ],
        "Server": [
          "Microsoft-IIS/8.5"
        ],
        "X-AspNet-Version": [
          "4.0.30319"
        ],
        "X-Powered-By": [
          "ASP.NET"
        ]
      },
      "StatusCode": 200
    },
    {
      "RequestUri": "/subscriptions/e2ee545b-783f-4634-a277-e35f55c90660/resourceGroups/ps3353/providers/Microsoft.Cdn/profiles/ps3407?api-version=2017-10-12",
      "EncodedRequestUri": "L3N1YnNjcmlwdGlvbnMvZTJlZTU0NWItNzgzZi00NjM0LWEyNzctZTM1ZjU1YzkwNjYwL3Jlc291cmNlR3JvdXBzL3BzMzM1My9wcm92aWRlcnMvTWljcm9zb2Z0LkNkbi9wcm9maWxlcy9wczM0MDc/YXBpLXZlcnNpb249MjAxNy0xMC0xMg==",
      "RequestMethod": "PUT",
      "RequestBody": "{\r\n  \"sku\": {\r\n    \"name\": \"Standard_Verizon\"\r\n  },\r\n  \"location\": \"EastUS\"\r\n}",
      "RequestHeaders": {
        "Content-Type": [
          "application/json; charset=utf-8"
        ],
        "Content-Length": [
          "78"
        ],
        "x-ms-client-request-id": [
          "41be183b-7a6d-4ae6-93ab-276d8832be96"
        ],
        "accept-language": [
          "en-US"
        ],
        "User-Agent": [
          "FxVersion/4.7.2633.0",
          "OSName/Windows10Enterprise",
          "OSVersion/6.3.16299",
          "Microsoft.Azure.Management.Cdn.CdnManagementClient/4.0.1.0"
        ]
      },
      "ResponseBody": "{\r\n  \"name\": \"ps3407\",\r\n  \"id\": \"/subscriptions/e2ee545b-783f-4634-a277-e35f55c90660/resourcegroups/ps3353/providers/Microsoft.Cdn/profiles/ps3407\",\r\n  \"type\": \"Microsoft.Cdn/profiles\",\r\n  \"tags\": {},\r\n  \"location\": \"EastUs\",\r\n  \"sku\": {\r\n    \"name\": \"Standard_Verizon\"\r\n  },\r\n  \"properties\": {\r\n    \"provisioningState\": \"Creating\",\r\n    \"resourceState\": \"Creating\"\r\n  }\r\n}",
      "ResponseHeaders": {
        "Content-Length": [
          "343"
        ],
        "Content-Type": [
          "application/json; odata.metadata=minimal"
        ],
        "Expires": [
          "-1"
        ],
        "Pragma": [
          "no-cache"
        ],
        "Retry-After": [
          "10"
        ],
        "x-ms-request-id": [
          "05069ae6-1ec0-4a2e-bf4c-eac746199020"
        ],
        "x-ms-client-request-id": [
          "41be183b-7a6d-4ae6-93ab-276d8832be96"
        ],
        "Azure-AsyncOperation": [
          "https://management.azure.com/subscriptions/e2ee545b-783f-4634-a277-e35f55c90660/resourcegroups/ps3353/providers/Microsoft.Cdn/operationresults/84b73822-eb62-4d8c-93dd-abc93fcbce44?api-version=2017-10-12"
        ],
        "OData-Version": [
          "4.0"
        ],
        "Strict-Transport-Security": [
          "max-age=31536000; includeSubDomains"
        ],
        "x-ms-ratelimit-remaining-subscription-writes": [
          "1198"
        ],
        "x-ms-correlation-request-id": [
          "6aa45378-d0c8-43d0-8362-fd0f1951ed58"
        ],
        "x-ms-routing-request-id": [
          "WESTUS2:20180406T182622Z:6aa45378-d0c8-43d0-8362-fd0f1951ed58"
        ],
        "X-Content-Type-Options": [
          "nosniff"
        ],
        "Cache-Control": [
          "no-cache"
        ],
        "Date": [
          "Fri, 06 Apr 2018 18:26:21 GMT"
        ],
        "Server": [
          "Microsoft-IIS/8.5"
        ],
        "X-AspNet-Version": [
          "4.0.30319"
        ],
        "X-Powered-By": [
          "ASP.NET"
        ]
      },
      "StatusCode": 201
    },
    {
      "RequestUri": "/subscriptions/e2ee545b-783f-4634-a277-e35f55c90660/resourcegroups/ps3353/providers/Microsoft.Cdn/operationresults/84b73822-eb62-4d8c-93dd-abc93fcbce44?api-version=2017-10-12",
      "EncodedRequestUri": "L3N1YnNjcmlwdGlvbnMvZTJlZTU0NWItNzgzZi00NjM0LWEyNzctZTM1ZjU1YzkwNjYwL3Jlc291cmNlZ3JvdXBzL3BzMzM1My9wcm92aWRlcnMvTWljcm9zb2Z0LkNkbi9vcGVyYXRpb25yZXN1bHRzLzg0YjczODIyLWViNjItNGQ4Yy05M2RkLWFiYzkzZmNiY2U0ND9hcGktdmVyc2lvbj0yMDE3LTEwLTEy",
      "RequestMethod": "GET",
      "RequestBody": "",
      "RequestHeaders": {
        "User-Agent": [
          "FxVersion/4.7.2633.0",
          "OSName/Windows10Enterprise",
          "OSVersion/6.3.16299",
          "Microsoft.Azure.Management.Cdn.CdnManagementClient/4.0.1.0"
        ]
      },
      "ResponseBody": "{\r\n  \"status\": \"InProgress\",\r\n  \"error\": {\r\n    \"code\": \"None\",\r\n    \"message\": null\r\n  }\r\n}",
      "ResponseHeaders": {
        "Content-Length": [
          "78"
        ],
        "Content-Type": [
          "application/json; odata.metadata=minimal; odata.streaming=true"
        ],
        "Expires": [
          "-1"
        ],
        "Pragma": [
          "no-cache"
        ],
        "x-ms-request-id": [
          "54ce7731-8cc2-4d56-bbdd-a29b91ce539e"
        ],
        "x-ms-client-request-id": [
          "5281a76f-1d61-4e82-ba22-5950ea75b90b"
        ],
        "OData-Version": [
          "4.0"
        ],
        "Strict-Transport-Security": [
          "max-age=31536000; includeSubDomains"
        ],
        "x-ms-ratelimit-remaining-subscription-reads": [
          "14998"
        ],
        "x-ms-correlation-request-id": [
          "7bd5f8e2-1218-44a5-9ac0-dc855e74c392"
        ],
        "x-ms-routing-request-id": [
          "WESTUS2:20180406T182632Z:7bd5f8e2-1218-44a5-9ac0-dc855e74c392"
        ],
        "X-Content-Type-Options": [
          "nosniff"
        ],
        "Cache-Control": [
          "no-cache"
        ],
        "Date": [
          "Fri, 06 Apr 2018 18:26:31 GMT"
        ],
        "Server": [
          "Microsoft-IIS/8.5"
        ],
        "X-AspNet-Version": [
          "4.0.30319"
        ],
        "X-Powered-By": [
          "ASP.NET"
        ]
      },
      "StatusCode": 200
    },
    {
      "RequestUri": "/subscriptions/e2ee545b-783f-4634-a277-e35f55c90660/resourcegroups/ps3353/providers/Microsoft.Cdn/operationresults/84b73822-eb62-4d8c-93dd-abc93fcbce44?api-version=2017-10-12",
      "EncodedRequestUri": "L3N1YnNjcmlwdGlvbnMvZTJlZTU0NWItNzgzZi00NjM0LWEyNzctZTM1ZjU1YzkwNjYwL3Jlc291cmNlZ3JvdXBzL3BzMzM1My9wcm92aWRlcnMvTWljcm9zb2Z0LkNkbi9vcGVyYXRpb25yZXN1bHRzLzg0YjczODIyLWViNjItNGQ4Yy05M2RkLWFiYzkzZmNiY2U0ND9hcGktdmVyc2lvbj0yMDE3LTEwLTEy",
      "RequestMethod": "GET",
      "RequestBody": "",
      "RequestHeaders": {
        "User-Agent": [
          "FxVersion/4.7.2633.0",
          "OSName/Windows10Enterprise",
          "OSVersion/6.3.16299",
          "Microsoft.Azure.Management.Cdn.CdnManagementClient/4.0.1.0"
        ]
      },
      "ResponseBody": "{\r\n  \"status\": \"InProgress\",\r\n  \"error\": {\r\n    \"code\": \"None\",\r\n    \"message\": null\r\n  }\r\n}",
      "ResponseHeaders": {
        "Content-Length": [
          "78"
        ],
        "Content-Type": [
          "application/json; odata.metadata=minimal; odata.streaming=true"
        ],
        "Expires": [
          "-1"
        ],
        "Pragma": [
          "no-cache"
        ],
        "x-ms-request-id": [
          "2ef5786f-6827-4816-aee9-a3ecd4bb709b"
        ],
        "x-ms-client-request-id": [
          "1c39b8af-7a07-4543-a8d0-fc51ad991859"
        ],
        "OData-Version": [
          "4.0"
        ],
        "Strict-Transport-Security": [
          "max-age=31536000; includeSubDomains"
        ],
        "x-ms-ratelimit-remaining-subscription-reads": [
          "14997"
        ],
        "x-ms-correlation-request-id": [
          "227fb8ec-5c79-44b8-8d6e-32bf2b52971d"
        ],
        "x-ms-routing-request-id": [
          "WESTUS2:20180406T182642Z:227fb8ec-5c79-44b8-8d6e-32bf2b52971d"
        ],
        "X-Content-Type-Options": [
          "nosniff"
        ],
        "Cache-Control": [
          "no-cache"
        ],
        "Date": [
          "Fri, 06 Apr 2018 18:26:42 GMT"
        ],
        "Server": [
          "Microsoft-IIS/8.5"
        ],
        "X-AspNet-Version": [
          "4.0.30319"
        ],
        "X-Powered-By": [
          "ASP.NET"
        ]
      },
      "StatusCode": 200
    },
    {
      "RequestUri": "/subscriptions/e2ee545b-783f-4634-a277-e35f55c90660/resourcegroups/ps3353/providers/Microsoft.Cdn/operationresults/84b73822-eb62-4d8c-93dd-abc93fcbce44?api-version=2017-10-12",
      "EncodedRequestUri": "L3N1YnNjcmlwdGlvbnMvZTJlZTU0NWItNzgzZi00NjM0LWEyNzctZTM1ZjU1YzkwNjYwL3Jlc291cmNlZ3JvdXBzL3BzMzM1My9wcm92aWRlcnMvTWljcm9zb2Z0LkNkbi9vcGVyYXRpb25yZXN1bHRzLzg0YjczODIyLWViNjItNGQ4Yy05M2RkLWFiYzkzZmNiY2U0ND9hcGktdmVyc2lvbj0yMDE3LTEwLTEy",
      "RequestMethod": "GET",
      "RequestBody": "",
      "RequestHeaders": {
        "User-Agent": [
          "FxVersion/4.7.2633.0",
          "OSName/Windows10Enterprise",
          "OSVersion/6.3.16299",
          "Microsoft.Azure.Management.Cdn.CdnManagementClient/4.0.1.0"
        ]
      },
      "ResponseBody": "{\r\n  \"status\": \"Succeeded\",\r\n  \"error\": {\r\n    \"code\": \"None\",\r\n    \"message\": null\r\n  }\r\n}",
      "ResponseHeaders": {
        "Content-Length": [
          "77"
        ],
        "Content-Type": [
          "application/json; odata.metadata=minimal; odata.streaming=true"
        ],
        "Expires": [
          "-1"
        ],
        "Pragma": [
          "no-cache"
        ],
        "x-ms-request-id": [
          "00d28bad-bf33-4a66-8c19-9aadb695f112"
        ],
        "x-ms-client-request-id": [
          "70a92c9c-6d9b-4e80-b5fd-eaa9a54e67da"
        ],
        "OData-Version": [
          "4.0"
        ],
        "Strict-Transport-Security": [
          "max-age=31536000; includeSubDomains"
        ],
        "x-ms-ratelimit-remaining-subscription-reads": [
          "14996"
        ],
        "x-ms-correlation-request-id": [
          "30fba79d-e97e-4ca6-b177-eede7135d6fd"
        ],
        "x-ms-routing-request-id": [
          "WESTUS2:20180406T182652Z:30fba79d-e97e-4ca6-b177-eede7135d6fd"
        ],
        "X-Content-Type-Options": [
          "nosniff"
        ],
        "Cache-Control": [
          "no-cache"
        ],
        "Date": [
          "Fri, 06 Apr 2018 18:26:52 GMT"
        ],
        "Server": [
          "Microsoft-IIS/8.5"
        ],
        "X-AspNet-Version": [
          "4.0.30319"
        ],
        "X-Powered-By": [
          "ASP.NET"
        ]
      },
      "StatusCode": 200
    },
    {
      "RequestUri": "/subscriptions/e2ee545b-783f-4634-a277-e35f55c90660/resourceGroups/ps3353/providers/Microsoft.Cdn/profiles/ps3407?api-version=2017-10-12",
      "EncodedRequestUri": "L3N1YnNjcmlwdGlvbnMvZTJlZTU0NWItNzgzZi00NjM0LWEyNzctZTM1ZjU1YzkwNjYwL3Jlc291cmNlR3JvdXBzL3BzMzM1My9wcm92aWRlcnMvTWljcm9zb2Z0LkNkbi9wcm9maWxlcy9wczM0MDc/YXBpLXZlcnNpb249MjAxNy0xMC0xMg==",
      "RequestMethod": "GET",
      "RequestBody": "",
      "RequestHeaders": {
        "User-Agent": [
          "FxVersion/4.7.2633.0",
          "OSName/Windows10Enterprise",
          "OSVersion/6.3.16299",
          "Microsoft.Azure.Management.Cdn.CdnManagementClient/4.0.1.0"
        ]
      },
      "ResponseBody": "{\r\n  \"name\": \"ps3407\",\r\n  \"id\": \"/subscriptions/e2ee545b-783f-4634-a277-e35f55c90660/resourcegroups/ps3353/providers/Microsoft.Cdn/profiles/ps3407\",\r\n  \"type\": \"Microsoft.Cdn/profiles\",\r\n  \"tags\": {},\r\n  \"location\": \"EastUs\",\r\n  \"sku\": {\r\n    \"name\": \"Standard_Verizon\"\r\n  },\r\n  \"properties\": {\r\n    \"provisioningState\": \"Succeeded\",\r\n    \"resourceState\": \"Active\"\r\n  }\r\n}",
      "ResponseHeaders": {
        "Content-Length": [
          "342"
        ],
        "Content-Type": [
          "application/json; odata.metadata=minimal; odata.streaming=true"
        ],
        "Expires": [
          "-1"
        ],
        "Pragma": [
          "no-cache"
        ],
        "x-ms-request-id": [
          "970dbfe4-48d7-4b86-8bf6-382193ece1b5"
        ],
        "x-ms-client-request-id": [
          "c39967bd-0311-4bc7-8775-9f4da63602d3"
        ],
        "OData-Version": [
          "4.0"
        ],
        "Strict-Transport-Security": [
          "max-age=31536000; includeSubDomains"
        ],
        "x-ms-ratelimit-remaining-subscription-reads": [
          "14995"
        ],
        "x-ms-correlation-request-id": [
          "864b88f6-d149-4b59-a909-55102a120f88"
        ],
        "x-ms-routing-request-id": [
          "WESTUS2:20180406T182653Z:864b88f6-d149-4b59-a909-55102a120f88"
        ],
        "X-Content-Type-Options": [
          "nosniff"
        ],
        "Cache-Control": [
          "no-cache"
        ],
        "Date": [
          "Fri, 06 Apr 2018 18:26:52 GMT"
        ],
        "Server": [
          "Microsoft-IIS/8.5"
        ],
        "X-AspNet-Version": [
          "4.0.30319"
        ],
        "X-Powered-By": [
          "ASP.NET"
        ]
      },
      "StatusCode": 200
    },
    {
      "RequestUri": "/providers/Microsoft.Cdn/checkNameAvailability?api-version=2017-10-12",
      "EncodedRequestUri": "L3Byb3ZpZGVycy9NaWNyb3NvZnQuQ2RuL2NoZWNrTmFtZUF2YWlsYWJpbGl0eT9hcGktdmVyc2lvbj0yMDE3LTEwLTEy",
      "RequestMethod": "POST",
      "RequestBody": "{\r\n  \"name\": \"ps4452\",\r\n  \"type\": \"Microsoft.Cdn/Profiles/Endpoints\"\r\n}",
      "RequestHeaders": {
        "Content-Type": [
          "application/json; charset=utf-8"
        ],
        "Content-Length": [
          "71"
        ],
        "x-ms-client-request-id": [
          "cce04893-f2a0-4d8d-b06b-a16ed5f12dc1"
        ],
        "accept-language": [
          "en-US"
        ],
        "User-Agent": [
          "FxVersion/4.7.2633.0",
          "OSName/Windows10Enterprise",
          "OSVersion/6.3.16299",
          "Microsoft.Azure.Management.Cdn.CdnManagementClient/4.0.1.0"
        ]
      },
      "ResponseBody": "{\r\n  \"nameAvailable\": true,\r\n  \"reason\": null,\r\n  \"message\": null\r\n}",
      "ResponseHeaders": {
        "Content-Length": [
          "57"
        ],
        "Content-Type": [
          "application/json; odata.metadata=minimal"
        ],
        "Expires": [
          "-1"
        ],
        "Pragma": [
          "no-cache"
        ],
        "x-ms-request-id": [
          "b177767a-14ae-45ac-afc1-53b4a7b16909"
        ],
        "x-ms-client-request-id": [
          "cce04893-f2a0-4d8d-b06b-a16ed5f12dc1"
        ],
        "OData-Version": [
          "4.0"
        ],
        "Strict-Transport-Security": [
          "max-age=31536000; includeSubDomains"
        ],
        "x-ms-ratelimit-remaining-tenant-writes": [
          "1199"
        ],
        "x-ms-correlation-request-id": [
          "5188042e-61d5-4bfb-bb26-9154c51d853e"
        ],
        "x-ms-routing-request-id": [
          "WESTUS2:20180406T182654Z:5188042e-61d5-4bfb-bb26-9154c51d853e"
        ],
        "X-Content-Type-Options": [
          "nosniff"
        ],
        "Cache-Control": [
          "no-cache"
        ],
        "Date": [
          "Fri, 06 Apr 2018 18:26:53 GMT"
        ],
        "Server": [
          "Microsoft-IIS/8.5"
        ],
        "X-AspNet-Version": [
          "4.0.30319"
        ],
        "X-Powered-By": [
          "ASP.NET"
        ]
      },
      "StatusCode": 200
    },
    {
      "RequestUri": "/subscriptions/e2ee545b-783f-4634-a277-e35f55c90660/resourceGroups/ps3353/providers/Microsoft.Cdn/profiles/ps3407/endpoints/ps4452?api-version=2017-10-12",
      "EncodedRequestUri": "L3N1YnNjcmlwdGlvbnMvZTJlZTU0NWItNzgzZi00NjM0LWEyNzctZTM1ZjU1YzkwNjYwL3Jlc291cmNlR3JvdXBzL3BzMzM1My9wcm92aWRlcnMvTWljcm9zb2Z0LkNkbi9wcm9maWxlcy9wczM0MDcvZW5kcG9pbnRzL3BzNDQ1Mj9hcGktdmVyc2lvbj0yMDE3LTEwLTEy",
      "RequestMethod": "PUT",
      "RequestBody": "{\r\n  \"properties\": {\r\n    \"origins\": [\r\n      {\r\n        \"name\": \"ps915\",\r\n        \"properties\": {\r\n          \"hostName\": \"www.microsoft.com\",\r\n          \"httpPort\": 80\r\n        }\r\n      }\r\n    ]\r\n  },\r\n  \"location\": \"EastUS\"\r\n}",
      "RequestHeaders": {
        "Content-Type": [
          "application/json; charset=utf-8"
        ],
        "Content-Length": [
          "228"
        ],
        "x-ms-client-request-id": [
          "51628429-1934-48d6-8170-9067cb0cc9b4"
        ],
        "accept-language": [
          "en-US"
        ],
        "User-Agent": [
          "FxVersion/4.7.2633.0",
          "OSName/Windows10Enterprise",
          "OSVersion/6.3.16299",
          "Microsoft.Azure.Management.Cdn.CdnManagementClient/4.0.1.0"
        ]
      },
      "ResponseBody": "{\r\n  \"name\": \"ps4452\",\r\n  \"id\": \"/subscriptions/e2ee545b-783f-4634-a277-e35f55c90660/resourcegroups/ps3353/providers/Microsoft.Cdn/profiles/ps3407/endpoints/ps4452\",\r\n  \"type\": \"Microsoft.Cdn/profiles/endpoints\",\r\n  \"tags\": {},\r\n  \"location\": \"EastUs\",\r\n  \"properties\": {\r\n    \"hostName\": \"ps4452.azureedge.net\",\r\n    \"originHostHeader\": null,\r\n    \"provisioningState\": \"Creating\",\r\n    \"resourceState\": \"Creating\",\r\n    \"isHttpAllowed\": true,\r\n    \"isHttpsAllowed\": true,\r\n    \"queryStringCachingBehavior\": \"IgnoreQueryString\",\r\n    \"originPath\": null,\r\n    \"origins\": [\r\n      {\r\n        \"name\": \"ps915\",\r\n        \"properties\": {\r\n          \"hostName\": \"www.microsoft.com\",\r\n          \"httpPort\": 80,\r\n          \"httpsPort\": null\r\n        }\r\n      }\r\n    ],\r\n    \"customDomains\": [],\r\n    \"contentTypesToCompress\": [],\r\n    \"isCompressionEnabled\": false,\r\n    \"optimizationType\": null,\r\n    \"probePath\": null,\r\n    \"geoFilters\": [],\r\n    \"deliveryPolicy\": null\r\n  }\r\n}",
      "ResponseHeaders": {
        "Content-Length": [
          "851"
        ],
        "Content-Type": [
          "application/json; odata.metadata=minimal"
        ],
        "Expires": [
          "-1"
        ],
        "Pragma": [
          "no-cache"
        ],
        "Retry-After": [
          "10"
        ],
        "x-ms-request-id": [
          "721a35f0-afd0-4d62-8cae-89143919f610"
        ],
        "x-ms-client-request-id": [
          "51628429-1934-48d6-8170-9067cb0cc9b4"
        ],
        "Azure-AsyncOperation": [
          "https://management.azure.com/subscriptions/e2ee545b-783f-4634-a277-e35f55c90660/resourcegroups/ps3353/providers/Microsoft.Cdn/operationresults/25966a0f-d0cf-4489-ac43-5722bc094dcf?api-version=2017-10-12"
        ],
        "OData-Version": [
          "4.0"
        ],
        "Strict-Transport-Security": [
          "max-age=31536000; includeSubDomains"
        ],
        "x-ms-ratelimit-remaining-subscription-writes": [
          "1197"
        ],
        "x-ms-correlation-request-id": [
          "e55ed584-d22f-49c9-9e7a-d26d36d498be"
        ],
        "x-ms-routing-request-id": [
          "WESTUS2:20180406T182656Z:e55ed584-d22f-49c9-9e7a-d26d36d498be"
        ],
        "X-Content-Type-Options": [
          "nosniff"
        ],
        "Cache-Control": [
          "no-cache"
        ],
        "Date": [
          "Fri, 06 Apr 2018 18:26:55 GMT"
        ],
        "Server": [
          "Microsoft-IIS/8.5"
        ],
        "X-AspNet-Version": [
          "4.0.30319"
        ],
        "X-Powered-By": [
          "ASP.NET"
        ]
      },
      "StatusCode": 201
    },
    {
      "RequestUri": "/subscriptions/e2ee545b-783f-4634-a277-e35f55c90660/resourcegroups/ps3353/providers/Microsoft.Cdn/operationresults/25966a0f-d0cf-4489-ac43-5722bc094dcf?api-version=2017-10-12",
      "EncodedRequestUri": "L3N1YnNjcmlwdGlvbnMvZTJlZTU0NWItNzgzZi00NjM0LWEyNzctZTM1ZjU1YzkwNjYwL3Jlc291cmNlZ3JvdXBzL3BzMzM1My9wcm92aWRlcnMvTWljcm9zb2Z0LkNkbi9vcGVyYXRpb25yZXN1bHRzLzI1OTY2YTBmLWQwY2YtNDQ4OS1hYzQzLTU3MjJiYzA5NGRjZj9hcGktdmVyc2lvbj0yMDE3LTEwLTEy",
      "RequestMethod": "GET",
      "RequestBody": "",
      "RequestHeaders": {
        "User-Agent": [
          "FxVersion/4.7.2633.0",
          "OSName/Windows10Enterprise",
          "OSVersion/6.3.16299",
          "Microsoft.Azure.Management.Cdn.CdnManagementClient/4.0.1.0"
        ]
      },
      "ResponseBody": "{\r\n  \"status\": \"Succeeded\",\r\n  \"error\": {\r\n    \"code\": \"None\",\r\n    \"message\": null\r\n  }\r\n}",
      "ResponseHeaders": {
        "Content-Length": [
          "77"
        ],
        "Content-Type": [
          "application/json; odata.metadata=minimal; odata.streaming=true"
        ],
        "Expires": [
          "-1"
        ],
        "Pragma": [
          "no-cache"
        ],
        "x-ms-request-id": [
          "d0397101-a434-4e6f-aac3-212b0c1f98a4"
        ],
        "x-ms-client-request-id": [
          "9906adf4-dc4a-46f1-811d-b172fcc4b6c9"
        ],
        "OData-Version": [
          "4.0"
        ],
        "Strict-Transport-Security": [
          "max-age=31536000; includeSubDomains"
        ],
        "x-ms-ratelimit-remaining-subscription-reads": [
          "14994"
        ],
        "x-ms-correlation-request-id": [
          "f6397da8-6136-46b4-a0d1-341ae8a83bfc"
        ],
        "x-ms-routing-request-id": [
          "WESTUS2:20180406T182706Z:f6397da8-6136-46b4-a0d1-341ae8a83bfc"
        ],
        "X-Content-Type-Options": [
          "nosniff"
        ],
        "Cache-Control": [
          "no-cache"
        ],
        "Date": [
          "Fri, 06 Apr 2018 18:27:05 GMT"
        ],
        "Server": [
          "Microsoft-IIS/8.5"
        ],
        "X-AspNet-Version": [
          "4.0.30319"
        ],
        "X-Powered-By": [
          "ASP.NET"
        ]
      },
      "StatusCode": 200
    },
    {
      "RequestUri": "/subscriptions/e2ee545b-783f-4634-a277-e35f55c90660/resourceGroups/ps3353/providers/Microsoft.Cdn/profiles/ps3407/endpoints/ps4452?api-version=2017-10-12",
      "EncodedRequestUri": "L3N1YnNjcmlwdGlvbnMvZTJlZTU0NWItNzgzZi00NjM0LWEyNzctZTM1ZjU1YzkwNjYwL3Jlc291cmNlR3JvdXBzL3BzMzM1My9wcm92aWRlcnMvTWljcm9zb2Z0LkNkbi9wcm9maWxlcy9wczM0MDcvZW5kcG9pbnRzL3BzNDQ1Mj9hcGktdmVyc2lvbj0yMDE3LTEwLTEy",
      "RequestMethod": "GET",
      "RequestBody": "",
      "RequestHeaders": {
        "User-Agent": [
          "FxVersion/4.7.2633.0",
          "OSName/Windows10Enterprise",
          "OSVersion/6.3.16299",
          "Microsoft.Azure.Management.Cdn.CdnManagementClient/4.0.1.0"
        ]
      },
      "ResponseBody": "{\r\n  \"name\": \"ps4452\",\r\n  \"id\": \"/subscriptions/e2ee545b-783f-4634-a277-e35f55c90660/resourcegroups/ps3353/providers/Microsoft.Cdn/profiles/ps3407/endpoints/ps4452\",\r\n  \"type\": \"Microsoft.Cdn/profiles/endpoints\",\r\n  \"tags\": {},\r\n  \"location\": \"EastUs\",\r\n  \"properties\": {\r\n    \"hostName\": \"ps4452.azureedge.net\",\r\n    \"originHostHeader\": null,\r\n    \"provisioningState\": \"Succeeded\",\r\n    \"resourceState\": \"Running\",\r\n    \"isHttpAllowed\": true,\r\n    \"isHttpsAllowed\": true,\r\n    \"queryStringCachingBehavior\": \"IgnoreQueryString\",\r\n    \"originPath\": null,\r\n    \"origins\": [\r\n      {\r\n        \"name\": \"ps915\",\r\n        \"properties\": {\r\n          \"hostName\": \"www.microsoft.com\",\r\n          \"httpPort\": 80,\r\n          \"httpsPort\": null\r\n        }\r\n      }\r\n    ],\r\n    \"customDomains\": [],\r\n    \"contentTypesToCompress\": [],\r\n    \"isCompressionEnabled\": false,\r\n    \"optimizationType\": null,\r\n    \"probePath\": null,\r\n    \"geoFilters\": [],\r\n    \"deliveryPolicy\": null\r\n  }\r\n}",
      "ResponseHeaders": {
        "Content-Length": [
          "851"
        ],
        "Content-Type": [
          "application/json; odata.metadata=minimal; odata.streaming=true"
        ],
        "Expires": [
          "-1"
        ],
        "Pragma": [
          "no-cache"
        ],
        "x-ms-request-id": [
          "ee2104c3-d1ba-497a-b61a-a25f46f77b70"
        ],
        "x-ms-client-request-id": [
          "95e103c7-4892-448c-af37-8dc736f4ff8b"
        ],
        "OData-Version": [
          "4.0"
        ],
        "Strict-Transport-Security": [
          "max-age=31536000; includeSubDomains"
        ],
        "x-ms-ratelimit-remaining-subscription-reads": [
          "14993"
        ],
        "x-ms-correlation-request-id": [
          "a60dd8ca-fdb1-43bd-bbf0-b2e16b16f262"
        ],
        "x-ms-routing-request-id": [
          "WESTUS2:20180406T182706Z:a60dd8ca-fdb1-43bd-bbf0-b2e16b16f262"
        ],
        "X-Content-Type-Options": [
          "nosniff"
        ],
        "Cache-Control": [
          "no-cache"
        ],
        "Date": [
          "Fri, 06 Apr 2018 18:27:05 GMT"
        ],
        "Server": [
          "Microsoft-IIS/8.5"
        ],
        "X-AspNet-Version": [
          "4.0.30319"
        ],
        "X-Powered-By": [
          "ASP.NET"
        ]
      },
      "StatusCode": 200
    },
    {
      "RequestUri": "/subscriptions/e2ee545b-783f-4634-a277-e35f55c90660/resourceGroups/ps3353/providers/Microsoft.Cdn/profiles/ps3407/endpoints/ps4452/origins/ps915?api-version=2017-10-12",
      "EncodedRequestUri": "L3N1YnNjcmlwdGlvbnMvZTJlZTU0NWItNzgzZi00NjM0LWEyNzctZTM1ZjU1YzkwNjYwL3Jlc291cmNlR3JvdXBzL3BzMzM1My9wcm92aWRlcnMvTWljcm9zb2Z0LkNkbi9wcm9maWxlcy9wczM0MDcvZW5kcG9pbnRzL3BzNDQ1Mi9vcmlnaW5zL3BzOTE1P2FwaS12ZXJzaW9uPTIwMTctMTAtMTI=",
      "RequestMethod": "GET",
      "RequestBody": "",
      "RequestHeaders": {
        "x-ms-client-request-id": [
          "282c2f9f-7c80-44e8-842b-4d4ce325b488"
        ],
        "accept-language": [
          "en-US"
        ],
        "User-Agent": [
          "FxVersion/4.7.2633.0",
          "OSName/Windows10Enterprise",
          "OSVersion/6.3.16299",
          "Microsoft.Azure.Management.Cdn.CdnManagementClient/4.0.1.0"
        ]
      },
      "ResponseBody": "{\r\n  \"name\": \"ps915\",\r\n  \"id\": \"/subscriptions/e2ee545b-783f-4634-a277-e35f55c90660/resourcegroups/ps3353/providers/Microsoft.Cdn/profiles/ps3407/endpoints/ps4452/origins/ps915\",\r\n  \"type\": \"Microsoft.Cdn/profiles/endpoints/origins\",\r\n  \"properties\": {\r\n    \"provisioningState\": \"Succeeded\",\r\n    \"resourceState\": \"Active\",\r\n    \"hostName\": \"www.microsoft.com\",\r\n    \"httpPort\": 80,\r\n    \"httpsPort\": null\r\n  }\r\n}",
      "ResponseHeaders": {
        "Content-Length": [
          "368"
        ],
        "Content-Type": [
          "application/json; odata.metadata=minimal; odata.streaming=true"
        ],
        "Expires": [
          "-1"
        ],
        "Pragma": [
          "no-cache"
        ],
        "x-ms-request-id": [
          "e140171a-4008-42db-95d6-92a97105de62"
        ],
        "x-ms-client-request-id": [
          "282c2f9f-7c80-44e8-842b-4d4ce325b488"
        ],
        "OData-Version": [
          "4.0"
        ],
        "Strict-Transport-Security": [
          "max-age=31536000; includeSubDomains"
        ],
        "x-ms-ratelimit-remaining-subscription-reads": [
          "14992"
        ],
        "x-ms-correlation-request-id": [
          "3e66b711-8137-4dff-aa34-36a9837a628d"
        ],
        "x-ms-routing-request-id": [
          "WESTUS2:20180406T182706Z:3e66b711-8137-4dff-aa34-36a9837a628d"
        ],
        "X-Content-Type-Options": [
          "nosniff"
        ],
        "Cache-Control": [
          "no-cache"
        ],
        "Date": [
          "Fri, 06 Apr 2018 18:27:06 GMT"
        ],
        "Server": [
          "Microsoft-IIS/8.5"
        ],
        "X-AspNet-Version": [
          "4.0.30319"
        ],
        "X-Powered-By": [
          "ASP.NET"
        ]
      },
      "StatusCode": 200
    },
    {
      "RequestUri": "/subscriptions/e2ee545b-783f-4634-a277-e35f55c90660/resourceGroups/ps3353/providers/Microsoft.Cdn/profiles/ps3407/endpoints/ps4452/origins/ps915?api-version=2017-10-12",
      "EncodedRequestUri": "L3N1YnNjcmlwdGlvbnMvZTJlZTU0NWItNzgzZi00NjM0LWEyNzctZTM1ZjU1YzkwNjYwL3Jlc291cmNlR3JvdXBzL3BzMzM1My9wcm92aWRlcnMvTWljcm9zb2Z0LkNkbi9wcm9maWxlcy9wczM0MDcvZW5kcG9pbnRzL3BzNDQ1Mi9vcmlnaW5zL3BzOTE1P2FwaS12ZXJzaW9uPTIwMTctMTAtMTI=",
      "RequestMethod": "GET",
      "RequestBody": "",
      "RequestHeaders": {
        "User-Agent": [
          "FxVersion/4.7.2633.0",
          "OSName/Windows10Enterprise",
          "OSVersion/6.3.16299",
          "Microsoft.Azure.Management.Cdn.CdnManagementClient/4.0.1.0"
        ]
      },
      "ResponseBody": "{\r\n  \"name\": \"ps915\",\r\n  \"id\": \"/subscriptions/e2ee545b-783f-4634-a277-e35f55c90660/resourcegroups/ps3353/providers/Microsoft.Cdn/profiles/ps3407/endpoints/ps4452/origins/ps915\",\r\n  \"type\": \"Microsoft.Cdn/profiles/endpoints/origins\",\r\n  \"properties\": {\r\n    \"provisioningState\": \"Succeeded\",\r\n    \"resourceState\": \"Active\",\r\n    \"hostName\": \"www.azure.com\",\r\n    \"httpPort\": 789,\r\n    \"httpsPort\": 456\r\n  }\r\n}",
      "ResponseHeaders": {
        "Content-Length": [
          "364"
        ],
        "Content-Type": [
          "application/json; odata.metadata=minimal; odata.streaming=true"
        ],
        "Expires": [
          "-1"
        ],
        "Pragma": [
          "no-cache"
        ],
        "x-ms-request-id": [
          "37c9f986-70e0-445f-9ec9-2688b7f357a9"
        ],
        "x-ms-client-request-id": [
          "3159bfbf-a273-47e5-b498-c683982c43c0"
        ],
        "OData-Version": [
          "4.0"
        ],
        "Strict-Transport-Security": [
          "max-age=31536000; includeSubDomains"
        ],
        "x-ms-ratelimit-remaining-subscription-reads": [
          "14990"
        ],
        "x-ms-correlation-request-id": [
          "8cb32ae8-a18e-4993-b8f8-15d1f7ecab83"
        ],
        "x-ms-routing-request-id": [
          "WESTUS2:20180406T182718Z:8cb32ae8-a18e-4993-b8f8-15d1f7ecab83"
        ],
        "X-Content-Type-Options": [
          "nosniff"
        ],
        "Cache-Control": [
          "no-cache"
        ],
        "Date": [
          "Fri, 06 Apr 2018 18:27:17 GMT"
        ],
        "Server": [
          "Microsoft-IIS/8.5"
        ],
        "X-AspNet-Version": [
          "4.0.30319"
        ],
        "X-Powered-By": [
          "ASP.NET"
        ]
      },
      "StatusCode": 200
    },
    {
      "RequestUri": "/subscriptions/e2ee545b-783f-4634-a277-e35f55c90660/resourceGroups/ps3353/providers/Microsoft.Cdn/profiles/ps3407/endpoints/ps4452/origins/ps915?api-version=2017-10-12",
      "EncodedRequestUri": "L3N1YnNjcmlwdGlvbnMvZTJlZTU0NWItNzgzZi00NjM0LWEyNzctZTM1ZjU1YzkwNjYwL3Jlc291cmNlR3JvdXBzL3BzMzM1My9wcm92aWRlcnMvTWljcm9zb2Z0LkNkbi9wcm9maWxlcy9wczM0MDcvZW5kcG9pbnRzL3BzNDQ1Mi9vcmlnaW5zL3BzOTE1P2FwaS12ZXJzaW9uPTIwMTctMTAtMTI=",
      "RequestMethod": "PATCH",
      "RequestBody": "{\r\n  \"properties\": {\r\n    \"hostName\": \"www.azure.com\",\r\n    \"httpPort\": 789,\r\n    \"httpsPort\": 456\r\n  }\r\n}",
      "RequestHeaders": {
        "Content-Type": [
          "application/json; charset=utf-8"
        ],
        "Content-Length": [
          "106"
        ],
        "x-ms-client-request-id": [
          "3d5f66fe-bad2-4a4b-a6d1-d73cdacfcff6"
        ],
        "accept-language": [
          "en-US"
        ],
        "User-Agent": [
          "FxVersion/4.7.2633.0",
          "OSName/Windows10Enterprise",
          "OSVersion/6.3.16299",
          "Microsoft.Azure.Management.Cdn.CdnManagementClient/4.0.1.0"
        ]
      },
      "ResponseBody": "{\r\n  \"name\": \"ps915\",\r\n  \"id\": \"/subscriptions/e2ee545b-783f-4634-a277-e35f55c90660/resourcegroups/ps3353/providers/Microsoft.Cdn/profiles/ps3407/endpoints/ps4452/origins/ps915\",\r\n  \"type\": \"Microsoft.Cdn/profiles/endpoints/origins\",\r\n  \"properties\": {\r\n    \"provisioningState\": \"Succeeded\",\r\n    \"resourceState\": \"Active\",\r\n    \"hostName\": \"www.azure.com\",\r\n    \"httpPort\": 789,\r\n    \"httpsPort\": 456\r\n  }\r\n}",
      "ResponseHeaders": {
        "Content-Length": [
          "364"
        ],
        "Content-Type": [
          "application/json; odata.metadata=minimal"
        ],
        "Expires": [
          "-1"
        ],
        "Pragma": [
          "no-cache"
        ],
        "Retry-After": [
          "10"
        ],
        "x-ms-request-id": [
          "f66026aa-5719-4d45-81e0-1bf6ce0df0e4"
        ],
        "x-ms-client-request-id": [
          "3d5f66fe-bad2-4a4b-a6d1-d73cdacfcff6"
        ],
        "Azure-AsyncOperation": [
          "https://management.azure.com/subscriptions/e2ee545b-783f-4634-a277-e35f55c90660/resourcegroups/ps3353/providers/Microsoft.Cdn/operationresults/19dba197-5be0-495c-9e04-8ac7e905bfd6?api-version=2017-10-12"
        ],
        "OData-Version": [
          "4.0"
        ],
        "Strict-Transport-Security": [
          "max-age=31536000; includeSubDomains"
        ],
        "x-ms-ratelimit-remaining-subscription-writes": [
          "1196"
        ],
        "x-ms-correlation-request-id": [
          "46b6af8b-4677-4324-b4b2-0d7d754adb9e"
        ],
        "x-ms-routing-request-id": [
          "WESTUS2:20180406T182707Z:46b6af8b-4677-4324-b4b2-0d7d754adb9e"
        ],
        "X-Content-Type-Options": [
          "nosniff"
        ],
        "Cache-Control": [
          "no-cache"
        ],
        "Date": [
          "Fri, 06 Apr 2018 18:27:06 GMT"
        ],
        "Location": [
          "https://management.azure.com/subscriptions/e2ee545b-783f-4634-a277-e35f55c90660/resourcegroups/ps3353/providers/Microsoft.Cdn/operationresults/19dba197-5be0-495c-9e04-8ac7e905bfd6/profileresults/ps3407/endpointresults/ps4452/originresults/ps915?api-version=2017-10-12"
        ],
        "Server": [
          "Microsoft-IIS/8.5"
        ],
        "X-AspNet-Version": [
          "4.0.30319"
        ],
        "X-Powered-By": [
          "ASP.NET"
        ]
      },
      "StatusCode": 202
    },
    {
      "RequestUri": "/subscriptions/e2ee545b-783f-4634-a277-e35f55c90660/resourcegroups/ps3353/providers/Microsoft.Cdn/operationresults/19dba197-5be0-495c-9e04-8ac7e905bfd6?api-version=2017-10-12",
      "EncodedRequestUri": "L3N1YnNjcmlwdGlvbnMvZTJlZTU0NWItNzgzZi00NjM0LWEyNzctZTM1ZjU1YzkwNjYwL3Jlc291cmNlZ3JvdXBzL3BzMzM1My9wcm92aWRlcnMvTWljcm9zb2Z0LkNkbi9vcGVyYXRpb25yZXN1bHRzLzE5ZGJhMTk3LTViZTAtNDk1Yy05ZTA0LThhYzdlOTA1YmZkNj9hcGktdmVyc2lvbj0yMDE3LTEwLTEy",
      "RequestMethod": "GET",
      "RequestBody": "",
      "RequestHeaders": {
        "User-Agent": [
          "FxVersion/4.7.2633.0",
          "OSName/Windows10Enterprise",
          "OSVersion/6.3.16299",
          "Microsoft.Azure.Management.Cdn.CdnManagementClient/4.0.1.0"
        ]
      },
      "ResponseBody": "{\r\n  \"status\": \"Succeeded\",\r\n  \"error\": {\r\n    \"code\": \"None\",\r\n    \"message\": null\r\n  }\r\n}",
      "ResponseHeaders": {
        "Content-Length": [
          "77"
        ],
        "Content-Type": [
          "application/json; odata.metadata=minimal; odata.streaming=true"
        ],
        "Expires": [
          "-1"
        ],
        "Pragma": [
          "no-cache"
        ],
        "x-ms-request-id": [
          "121ecb4e-f128-4ade-8ef2-e560c9ba3b7f"
        ],
        "x-ms-client-request-id": [
          "3176b059-212b-44a4-9791-2c0f66579834"
        ],
        "OData-Version": [
          "4.0"
        ],
        "Strict-Transport-Security": [
          "max-age=31536000; includeSubDomains"
        ],
        "x-ms-ratelimit-remaining-subscription-reads": [
          "14991"
        ],
        "x-ms-correlation-request-id": [
          "615b45fc-439e-4b10-824a-e224a013e24b"
        ],
        "x-ms-routing-request-id": [
          "WESTUS2:20180406T182717Z:615b45fc-439e-4b10-824a-e224a013e24b"
        ],
        "X-Content-Type-Options": [
          "nosniff"
        ],
        "Cache-Control": [
          "no-cache"
        ],
        "Date": [
          "Fri, 06 Apr 2018 18:27:17 GMT"
        ],
        "Server": [
          "Microsoft-IIS/8.5"
        ],
        "X-AspNet-Version": [
          "4.0.30319"
        ],
        "X-Powered-By": [
          "ASP.NET"
        ]
      },
      "StatusCode": 200
    },
    {
      "RequestUri": "/subscriptions/e2ee545b-783f-4634-a277-e35f55c90660/resourcegroups/ps3353?api-version=2016-02-01",
      "EncodedRequestUri": "L3N1YnNjcmlwdGlvbnMvZTJlZTU0NWItNzgzZi00NjM0LWEyNzctZTM1ZjU1YzkwNjYwL3Jlc291cmNlZ3JvdXBzL3BzMzM1Mz9hcGktdmVyc2lvbj0yMDE2LTAyLTAx",
      "RequestMethod": "DELETE",
      "RequestBody": "",
      "RequestHeaders": {
        "User-Agent": [
          "Microsoft.Azure.Management.Resources.ResourceManagementClient/2.0.0.0"
        ]
      },
      "ResponseBody": "",
      "ResponseHeaders": {
        "Content-Length": [
          "0"
        ],
        "Expires": [
          "-1"
        ],
        "Pragma": [
          "no-cache"
        ],
        "Retry-After": [
          "15"
        ],
        "x-ms-ratelimit-remaining-subscription-writes": [
          "1198"
        ],
        "x-ms-request-id": [
          "947b4422-7aa1-4d2f-a7de-cba81a3be836"
        ],
        "x-ms-correlation-request-id": [
          "947b4422-7aa1-4d2f-a7de-cba81a3be836"
        ],
        "x-ms-routing-request-id": [
          "WESTUS2:20180406T182718Z:947b4422-7aa1-4d2f-a7de-cba81a3be836"
        ],
        "Strict-Transport-Security": [
          "max-age=31536000; includeSubDomains"
        ],
        "X-Content-Type-Options": [
          "nosniff"
        ],
        "Cache-Control": [
          "no-cache"
        ],
        "Date": [
          "Fri, 06 Apr 2018 18:27:18 GMT"
        ],
        "Location": [
          "https://management.azure.com/subscriptions/e2ee545b-783f-4634-a277-e35f55c90660/operationresults/eyJqb2JJZCI6IlJFU09VUkNFR1JPVVBERUxFVElPTkpPQi1QUzMzNTMtV0VTVFVTIiwiam9iTG9jYXRpb24iOiJ3ZXN0dXMifQ?api-version=2016-02-01"
        ]
      },
      "StatusCode": 202
    },
    {
      "RequestUri": "/subscriptions/e2ee545b-783f-4634-a277-e35f55c90660/operationresults/eyJqb2JJZCI6IlJFU09VUkNFR1JPVVBERUxFVElPTkpPQi1QUzMzNTMtV0VTVFVTIiwiam9iTG9jYXRpb24iOiJ3ZXN0dXMifQ?api-version=2016-02-01",
      "EncodedRequestUri": "L3N1YnNjcmlwdGlvbnMvZTJlZTU0NWItNzgzZi00NjM0LWEyNzctZTM1ZjU1YzkwNjYwL29wZXJhdGlvbnJlc3VsdHMvZXlKcWIySkpaQ0k2SWxKRlUwOVZVa05GUjFKUFZWQkVSVXhGVkVsUFRrcFBRaTFRVXpNek5UTXRWMFZUVkZWVElpd2lhbTlpVEc5allYUnBiMjRpT2lKM1pYTjBkWE1pZlE/YXBpLXZlcnNpb249MjAxNi0wMi0wMQ==",
      "RequestMethod": "GET",
      "RequestBody": "",
      "RequestHeaders": {
        "x-ms-version": [
          "2016-02-01"
        ],
        "User-Agent": [
          "Microsoft.Azure.Management.Resources.ResourceManagementClient/2.0.0.0"
        ]
      },
      "ResponseBody": "",
      "ResponseHeaders": {
        "Content-Length": [
          "0"
        ],
        "Expires": [
          "-1"
        ],
        "Pragma": [
          "no-cache"
        ],
        "Retry-After": [
          "15"
        ],
        "x-ms-ratelimit-remaining-subscription-reads": [
          "14999"
        ],
        "x-ms-request-id": [
          "13c7173f-9d36-46ac-a7b6-bea56bc0688c"
        ],
        "x-ms-correlation-request-id": [
          "13c7173f-9d36-46ac-a7b6-bea56bc0688c"
        ],
        "x-ms-routing-request-id": [
          "WESTUS2:20180406T182719Z:13c7173f-9d36-46ac-a7b6-bea56bc0688c"
        ],
        "Strict-Transport-Security": [
          "max-age=31536000; includeSubDomains"
        ],
        "X-Content-Type-Options": [
          "nosniff"
        ],
        "Cache-Control": [
          "no-cache"
        ],
        "Date": [
          "Fri, 06 Apr 2018 18:27:18 GMT"
        ],
        "Location": [
          "https://management.azure.com/subscriptions/e2ee545b-783f-4634-a277-e35f55c90660/operationresults/eyJqb2JJZCI6IlJFU09VUkNFR1JPVVBERUxFVElPTkpPQi1QUzMzNTMtV0VTVFVTIiwiam9iTG9jYXRpb24iOiJ3ZXN0dXMifQ?api-version=2016-02-01"
        ]
      },
      "StatusCode": 202
    },
    {
      "RequestUri": "/subscriptions/e2ee545b-783f-4634-a277-e35f55c90660/operationresults/eyJqb2JJZCI6IlJFU09VUkNFR1JPVVBERUxFVElPTkpPQi1QUzMzNTMtV0VTVFVTIiwiam9iTG9jYXRpb24iOiJ3ZXN0dXMifQ?api-version=2016-02-01",
      "EncodedRequestUri": "L3N1YnNjcmlwdGlvbnMvZTJlZTU0NWItNzgzZi00NjM0LWEyNzctZTM1ZjU1YzkwNjYwL29wZXJhdGlvbnJlc3VsdHMvZXlKcWIySkpaQ0k2SWxKRlUwOVZVa05GUjFKUFZWQkVSVXhGVkVsUFRrcFBRaTFRVXpNek5UTXRWMFZUVkZWVElpd2lhbTlpVEc5allYUnBiMjRpT2lKM1pYTjBkWE1pZlE/YXBpLXZlcnNpb249MjAxNi0wMi0wMQ==",
      "RequestMethod": "GET",
      "RequestBody": "",
      "RequestHeaders": {
        "x-ms-version": [
          "2016-02-01"
        ],
        "User-Agent": [
          "Microsoft.Azure.Management.Resources.ResourceManagementClient/2.0.0.0"
        ]
      },
      "ResponseBody": "",
      "ResponseHeaders": {
        "Content-Length": [
          "0"
        ],
        "Expires": [
          "-1"
        ],
        "Pragma": [
          "no-cache"
        ],
        "Retry-After": [
          "15"
        ],
        "x-ms-ratelimit-remaining-subscription-reads": [
          "14998"
        ],
        "x-ms-request-id": [
          "94f59c5a-a57d-4f21-a2f2-e44c0a9fe737"
        ],
        "x-ms-correlation-request-id": [
          "94f59c5a-a57d-4f21-a2f2-e44c0a9fe737"
        ],
        "x-ms-routing-request-id": [
          "WESTUS2:20180406T182734Z:94f59c5a-a57d-4f21-a2f2-e44c0a9fe737"
        ],
        "Strict-Transport-Security": [
          "max-age=31536000; includeSubDomains"
        ],
        "X-Content-Type-Options": [
          "nosniff"
        ],
        "Cache-Control": [
          "no-cache"
        ],
        "Date": [
          "Fri, 06 Apr 2018 18:27:33 GMT"
        ],
        "Location": [
          "https://management.azure.com/subscriptions/e2ee545b-783f-4634-a277-e35f55c90660/operationresults/eyJqb2JJZCI6IlJFU09VUkNFR1JPVVBERUxFVElPTkpPQi1QUzMzNTMtV0VTVFVTIiwiam9iTG9jYXRpb24iOiJ3ZXN0dXMifQ?api-version=2016-02-01"
        ]
      },
      "StatusCode": 202
    },
    {
      "RequestUri": "/subscriptions/e2ee545b-783f-4634-a277-e35f55c90660/operationresults/eyJqb2JJZCI6IlJFU09VUkNFR1JPVVBERUxFVElPTkpPQi1QUzMzNTMtV0VTVFVTIiwiam9iTG9jYXRpb24iOiJ3ZXN0dXMifQ?api-version=2016-02-01",
      "EncodedRequestUri": "L3N1YnNjcmlwdGlvbnMvZTJlZTU0NWItNzgzZi00NjM0LWEyNzctZTM1ZjU1YzkwNjYwL29wZXJhdGlvbnJlc3VsdHMvZXlKcWIySkpaQ0k2SWxKRlUwOVZVa05GUjFKUFZWQkVSVXhGVkVsUFRrcFBRaTFRVXpNek5UTXRWMFZUVkZWVElpd2lhbTlpVEc5allYUnBiMjRpT2lKM1pYTjBkWE1pZlE/YXBpLXZlcnNpb249MjAxNi0wMi0wMQ==",
      "RequestMethod": "GET",
      "RequestBody": "",
      "RequestHeaders": {
        "x-ms-version": [
          "2016-02-01"
        ],
        "User-Agent": [
          "Microsoft.Azure.Management.Resources.ResourceManagementClient/2.0.0.0"
        ]
      },
      "ResponseBody": "",
      "ResponseHeaders": {
        "Content-Length": [
          "0"
        ],
        "Expires": [
          "-1"
        ],
        "Pragma": [
          "no-cache"
        ],
        "Retry-After": [
          "15"
        ],
        "x-ms-ratelimit-remaining-subscription-reads": [
          "14997"
        ],
        "x-ms-request-id": [
          "789d2771-049b-4391-8993-139c9a04ce62"
        ],
        "x-ms-correlation-request-id": [
          "789d2771-049b-4391-8993-139c9a04ce62"
        ],
        "x-ms-routing-request-id": [
          "WESTUS2:20180406T182749Z:789d2771-049b-4391-8993-139c9a04ce62"
        ],
        "Strict-Transport-Security": [
          "max-age=31536000; includeSubDomains"
        ],
        "X-Content-Type-Options": [
          "nosniff"
        ],
        "Cache-Control": [
          "no-cache"
        ],
        "Date": [
          "Fri, 06 Apr 2018 18:27:48 GMT"
        ],
        "Location": [
          "https://management.azure.com/subscriptions/e2ee545b-783f-4634-a277-e35f55c90660/operationresults/eyJqb2JJZCI6IlJFU09VUkNFR1JPVVBERUxFVElPTkpPQi1QUzMzNTMtV0VTVFVTIiwiam9iTG9jYXRpb24iOiJ3ZXN0dXMifQ?api-version=2016-02-01"
        ]
      },
      "StatusCode": 202
    },
    {
      "RequestUri": "/subscriptions/e2ee545b-783f-4634-a277-e35f55c90660/operationresults/eyJqb2JJZCI6IlJFU09VUkNFR1JPVVBERUxFVElPTkpPQi1QUzMzNTMtV0VTVFVTIiwiam9iTG9jYXRpb24iOiJ3ZXN0dXMifQ?api-version=2016-02-01",
      "EncodedRequestUri": "L3N1YnNjcmlwdGlvbnMvZTJlZTU0NWItNzgzZi00NjM0LWEyNzctZTM1ZjU1YzkwNjYwL29wZXJhdGlvbnJlc3VsdHMvZXlKcWIySkpaQ0k2SWxKRlUwOVZVa05GUjFKUFZWQkVSVXhGVkVsUFRrcFBRaTFRVXpNek5UTXRWMFZUVkZWVElpd2lhbTlpVEc5allYUnBiMjRpT2lKM1pYTjBkWE1pZlE/YXBpLXZlcnNpb249MjAxNi0wMi0wMQ==",
      "RequestMethod": "GET",
      "RequestBody": "",
      "RequestHeaders": {
        "x-ms-version": [
          "2016-02-01"
        ],
        "User-Agent": [
          "Microsoft.Azure.Management.Resources.ResourceManagementClient/2.0.0.0"
        ]
      },
      "ResponseBody": "",
      "ResponseHeaders": {
        "Content-Length": [
          "0"
        ],
        "Expires": [
          "-1"
        ],
        "Pragma": [
          "no-cache"
        ],
        "Retry-After": [
          "15"
        ],
        "x-ms-ratelimit-remaining-subscription-reads": [
          "14996"
        ],
        "x-ms-request-id": [
          "9f1a6939-7685-4a61-94f0-afcd37f7ea32"
        ],
        "x-ms-correlation-request-id": [
          "9f1a6939-7685-4a61-94f0-afcd37f7ea32"
        ],
        "x-ms-routing-request-id": [
          "WESTUS2:20180406T182804Z:9f1a6939-7685-4a61-94f0-afcd37f7ea32"
        ],
        "Strict-Transport-Security": [
          "max-age=31536000; includeSubDomains"
        ],
        "X-Content-Type-Options": [
          "nosniff"
        ],
        "Cache-Control": [
          "no-cache"
        ],
        "Date": [
          "Fri, 06 Apr 2018 18:28:04 GMT"
        ],
        "Location": [
          "https://management.azure.com/subscriptions/e2ee545b-783f-4634-a277-e35f55c90660/operationresults/eyJqb2JJZCI6IlJFU09VUkNFR1JPVVBERUxFVElPTkpPQi1QUzMzNTMtV0VTVFVTIiwiam9iTG9jYXRpb24iOiJ3ZXN0dXMifQ?api-version=2016-02-01"
        ]
      },
      "StatusCode": 202
    },
    {
      "RequestUri": "/subscriptions/e2ee545b-783f-4634-a277-e35f55c90660/operationresults/eyJqb2JJZCI6IlJFU09VUkNFR1JPVVBERUxFVElPTkpPQi1QUzMzNTMtV0VTVFVTIiwiam9iTG9jYXRpb24iOiJ3ZXN0dXMifQ?api-version=2016-02-01",
      "EncodedRequestUri": "L3N1YnNjcmlwdGlvbnMvZTJlZTU0NWItNzgzZi00NjM0LWEyNzctZTM1ZjU1YzkwNjYwL29wZXJhdGlvbnJlc3VsdHMvZXlKcWIySkpaQ0k2SWxKRlUwOVZVa05GUjFKUFZWQkVSVXhGVkVsUFRrcFBRaTFRVXpNek5UTXRWMFZUVkZWVElpd2lhbTlpVEc5allYUnBiMjRpT2lKM1pYTjBkWE1pZlE/YXBpLXZlcnNpb249MjAxNi0wMi0wMQ==",
      "RequestMethod": "GET",
      "RequestBody": "",
      "RequestHeaders": {
        "x-ms-version": [
          "2016-02-01"
        ],
        "User-Agent": [
          "Microsoft.Azure.Management.Resources.ResourceManagementClient/2.0.0.0"
        ]
      },
      "ResponseBody": "",
      "ResponseHeaders": {
        "Content-Length": [
          "0"
        ],
        "Expires": [
          "-1"
        ],
        "Pragma": [
          "no-cache"
        ],
        "Retry-After": [
          "15"
        ],
        "x-ms-ratelimit-remaining-subscription-reads": [
          "14995"
        ],
        "x-ms-request-id": [
          "3bfaf582-1434-492e-9e9b-017787695454"
        ],
        "x-ms-correlation-request-id": [
          "3bfaf582-1434-492e-9e9b-017787695454"
        ],
        "x-ms-routing-request-id": [
          "WESTUS2:20180406T182819Z:3bfaf582-1434-492e-9e9b-017787695454"
        ],
        "Strict-Transport-Security": [
          "max-age=31536000; includeSubDomains"
        ],
        "X-Content-Type-Options": [
          "nosniff"
        ],
        "Cache-Control": [
          "no-cache"
        ],
        "Date": [
          "Fri, 06 Apr 2018 18:28:19 GMT"
        ],
        "Location": [
          "https://management.azure.com/subscriptions/e2ee545b-783f-4634-a277-e35f55c90660/operationresults/eyJqb2JJZCI6IlJFU09VUkNFR1JPVVBERUxFVElPTkpPQi1QUzMzNTMtV0VTVFVTIiwiam9iTG9jYXRpb24iOiJ3ZXN0dXMifQ?api-version=2016-02-01"
        ]
      },
      "StatusCode": 202
    },
    {
      "RequestUri": "/subscriptions/e2ee545b-783f-4634-a277-e35f55c90660/operationresults/eyJqb2JJZCI6IlJFU09VUkNFR1JPVVBERUxFVElPTkpPQi1QUzMzNTMtV0VTVFVTIiwiam9iTG9jYXRpb24iOiJ3ZXN0dXMifQ?api-version=2016-02-01",
      "EncodedRequestUri": "L3N1YnNjcmlwdGlvbnMvZTJlZTU0NWItNzgzZi00NjM0LWEyNzctZTM1ZjU1YzkwNjYwL29wZXJhdGlvbnJlc3VsdHMvZXlKcWIySkpaQ0k2SWxKRlUwOVZVa05GUjFKUFZWQkVSVXhGVkVsUFRrcFBRaTFRVXpNek5UTXRWMFZUVkZWVElpd2lhbTlpVEc5allYUnBiMjRpT2lKM1pYTjBkWE1pZlE/YXBpLXZlcnNpb249MjAxNi0wMi0wMQ==",
      "RequestMethod": "GET",
      "RequestBody": "",
      "RequestHeaders": {
        "x-ms-version": [
          "2016-02-01"
        ],
        "User-Agent": [
          "Microsoft.Azure.Management.Resources.ResourceManagementClient/2.0.0.0"
        ]
      },
      "ResponseBody": "",
      "ResponseHeaders": {
        "Content-Length": [
          "0"
        ],
        "Expires": [
          "-1"
        ],
        "Pragma": [
          "no-cache"
        ],
        "Retry-After": [
          "15"
        ],
        "x-ms-ratelimit-remaining-subscription-reads": [
          "14994"
        ],
        "x-ms-request-id": [
          "ec52ad87-887a-4b6d-9cb5-ed865927f161"
        ],
        "x-ms-correlation-request-id": [
          "ec52ad87-887a-4b6d-9cb5-ed865927f161"
        ],
        "x-ms-routing-request-id": [
          "WESTUS2:20180406T182834Z:ec52ad87-887a-4b6d-9cb5-ed865927f161"
        ],
        "Strict-Transport-Security": [
          "max-age=31536000; includeSubDomains"
        ],
        "X-Content-Type-Options": [
          "nosniff"
        ],
        "Cache-Control": [
          "no-cache"
        ],
        "Date": [
          "Fri, 06 Apr 2018 18:28:34 GMT"
        ],
        "Location": [
          "https://management.azure.com/subscriptions/e2ee545b-783f-4634-a277-e35f55c90660/operationresults/eyJqb2JJZCI6IlJFU09VUkNFR1JPVVBERUxFVElPTkpPQi1QUzMzNTMtV0VTVFVTIiwiam9iTG9jYXRpb24iOiJ3ZXN0dXMifQ?api-version=2016-02-01"
        ]
      },
      "StatusCode": 202
    },
    {
      "RequestUri": "/subscriptions/e2ee545b-783f-4634-a277-e35f55c90660/operationresults/eyJqb2JJZCI6IlJFU09VUkNFR1JPVVBERUxFVElPTkpPQi1QUzMzNTMtV0VTVFVTIiwiam9iTG9jYXRpb24iOiJ3ZXN0dXMifQ?api-version=2016-02-01",
      "EncodedRequestUri": "L3N1YnNjcmlwdGlvbnMvZTJlZTU0NWItNzgzZi00NjM0LWEyNzctZTM1ZjU1YzkwNjYwL29wZXJhdGlvbnJlc3VsdHMvZXlKcWIySkpaQ0k2SWxKRlUwOVZVa05GUjFKUFZWQkVSVXhGVkVsUFRrcFBRaTFRVXpNek5UTXRWMFZUVkZWVElpd2lhbTlpVEc5allYUnBiMjRpT2lKM1pYTjBkWE1pZlE/YXBpLXZlcnNpb249MjAxNi0wMi0wMQ==",
      "RequestMethod": "GET",
      "RequestBody": "",
      "RequestHeaders": {
        "x-ms-version": [
          "2016-02-01"
        ],
        "User-Agent": [
          "Microsoft.Azure.Management.Resources.ResourceManagementClient/2.0.0.0"
        ]
      },
      "ResponseBody": "",
      "ResponseHeaders": {
        "Content-Length": [
          "0"
        ],
        "Expires": [
          "-1"
        ],
        "Pragma": [
          "no-cache"
        ],
        "Retry-After": [
          "15"
        ],
        "x-ms-ratelimit-remaining-subscription-reads": [
          "14993"
        ],
        "x-ms-request-id": [
          "25218011-cda9-48d1-8579-1ec34e21c6e2"
        ],
        "x-ms-correlation-request-id": [
          "25218011-cda9-48d1-8579-1ec34e21c6e2"
        ],
        "x-ms-routing-request-id": [
          "WESTUS2:20180406T182849Z:25218011-cda9-48d1-8579-1ec34e21c6e2"
        ],
        "Strict-Transport-Security": [
          "max-age=31536000; includeSubDomains"
        ],
        "X-Content-Type-Options": [
          "nosniff"
        ],
        "Cache-Control": [
          "no-cache"
        ],
        "Date": [
          "Fri, 06 Apr 2018 18:28:49 GMT"
        ],
        "Location": [
          "https://management.azure.com/subscriptions/e2ee545b-783f-4634-a277-e35f55c90660/operationresults/eyJqb2JJZCI6IlJFU09VUkNFR1JPVVBERUxFVElPTkpPQi1QUzMzNTMtV0VTVFVTIiwiam9iTG9jYXRpb24iOiJ3ZXN0dXMifQ?api-version=2016-02-01"
        ]
      },
      "StatusCode": 202
    },
    {
      "RequestUri": "/subscriptions/e2ee545b-783f-4634-a277-e35f55c90660/operationresults/eyJqb2JJZCI6IlJFU09VUkNFR1JPVVBERUxFVElPTkpPQi1QUzMzNTMtV0VTVFVTIiwiam9iTG9jYXRpb24iOiJ3ZXN0dXMifQ?api-version=2016-02-01",
      "EncodedRequestUri": "L3N1YnNjcmlwdGlvbnMvZTJlZTU0NWItNzgzZi00NjM0LWEyNzctZTM1ZjU1YzkwNjYwL29wZXJhdGlvbnJlc3VsdHMvZXlKcWIySkpaQ0k2SWxKRlUwOVZVa05GUjFKUFZWQkVSVXhGVkVsUFRrcFBRaTFRVXpNek5UTXRWMFZUVkZWVElpd2lhbTlpVEc5allYUnBiMjRpT2lKM1pYTjBkWE1pZlE/YXBpLXZlcnNpb249MjAxNi0wMi0wMQ==",
      "RequestMethod": "GET",
      "RequestBody": "",
      "RequestHeaders": {
        "x-ms-version": [
          "2016-02-01"
        ],
        "User-Agent": [
          "Microsoft.Azure.Management.Resources.ResourceManagementClient/2.0.0.0"
        ]
      },
      "ResponseBody": "",
      "ResponseHeaders": {
        "Content-Length": [
          "0"
        ],
        "Expires": [
          "-1"
        ],
        "Pragma": [
          "no-cache"
        ],
        "Retry-After": [
          "15"
        ],
        "x-ms-ratelimit-remaining-subscription-reads": [
          "14992"
        ],
        "x-ms-request-id": [
          "5830087a-11bc-4000-93c4-4446cb55e83a"
        ],
        "x-ms-correlation-request-id": [
          "5830087a-11bc-4000-93c4-4446cb55e83a"
        ],
        "x-ms-routing-request-id": [
          "WESTUS2:20180406T182904Z:5830087a-11bc-4000-93c4-4446cb55e83a"
        ],
        "Strict-Transport-Security": [
          "max-age=31536000; includeSubDomains"
        ],
        "X-Content-Type-Options": [
          "nosniff"
        ],
        "Cache-Control": [
          "no-cache"
        ],
        "Date": [
          "Fri, 06 Apr 2018 18:29:03 GMT"
        ],
        "Location": [
          "https://management.azure.com/subscriptions/e2ee545b-783f-4634-a277-e35f55c90660/operationresults/eyJqb2JJZCI6IlJFU09VUkNFR1JPVVBERUxFVElPTkpPQi1QUzMzNTMtV0VTVFVTIiwiam9iTG9jYXRpb24iOiJ3ZXN0dXMifQ?api-version=2016-02-01"
        ]
      },
      "StatusCode": 202
    },
    {
      "RequestUri": "/subscriptions/e2ee545b-783f-4634-a277-e35f55c90660/operationresults/eyJqb2JJZCI6IlJFU09VUkNFR1JPVVBERUxFVElPTkpPQi1QUzMzNTMtV0VTVFVTIiwiam9iTG9jYXRpb24iOiJ3ZXN0dXMifQ?api-version=2016-02-01",
      "EncodedRequestUri": "L3N1YnNjcmlwdGlvbnMvZTJlZTU0NWItNzgzZi00NjM0LWEyNzctZTM1ZjU1YzkwNjYwL29wZXJhdGlvbnJlc3VsdHMvZXlKcWIySkpaQ0k2SWxKRlUwOVZVa05GUjFKUFZWQkVSVXhGVkVsUFRrcFBRaTFRVXpNek5UTXRWMFZUVkZWVElpd2lhbTlpVEc5allYUnBiMjRpT2lKM1pYTjBkWE1pZlE/YXBpLXZlcnNpb249MjAxNi0wMi0wMQ==",
      "RequestMethod": "GET",
      "RequestBody": "",
      "RequestHeaders": {
        "x-ms-version": [
          "2016-02-01"
        ],
        "User-Agent": [
          "Microsoft.Azure.Management.Resources.ResourceManagementClient/2.0.0.0"
        ]
      },
      "ResponseBody": "",
      "ResponseHeaders": {
        "Content-Length": [
          "0"
        ],
        "Expires": [
          "-1"
        ],
        "Pragma": [
          "no-cache"
        ],
        "Retry-After": [
          "15"
        ],
        "x-ms-ratelimit-remaining-subscription-reads": [
          "14991"
        ],
        "x-ms-request-id": [
          "f3b5e3d4-667e-48ff-a929-825ba9b7c5d6"
        ],
        "x-ms-correlation-request-id": [
          "f3b5e3d4-667e-48ff-a929-825ba9b7c5d6"
        ],
        "x-ms-routing-request-id": [
          "WESTUS2:20180406T182919Z:f3b5e3d4-667e-48ff-a929-825ba9b7c5d6"
        ],
        "Strict-Transport-Security": [
          "max-age=31536000; includeSubDomains"
        ],
        "X-Content-Type-Options": [
          "nosniff"
        ],
        "Cache-Control": [
          "no-cache"
        ],
        "Date": [
          "Fri, 06 Apr 2018 18:29:19 GMT"
        ],
        "Location": [
          "https://management.azure.com/subscriptions/e2ee545b-783f-4634-a277-e35f55c90660/operationresults/eyJqb2JJZCI6IlJFU09VUkNFR1JPVVBERUxFVElPTkpPQi1QUzMzNTMtV0VTVFVTIiwiam9iTG9jYXRpb24iOiJ3ZXN0dXMifQ?api-version=2016-02-01"
        ]
      },
      "StatusCode": 202
    },
    {
      "RequestUri": "/subscriptions/e2ee545b-783f-4634-a277-e35f55c90660/operationresults/eyJqb2JJZCI6IlJFU09VUkNFR1JPVVBERUxFVElPTkpPQi1QUzMzNTMtV0VTVFVTIiwiam9iTG9jYXRpb24iOiJ3ZXN0dXMifQ?api-version=2016-02-01",
      "EncodedRequestUri": "L3N1YnNjcmlwdGlvbnMvZTJlZTU0NWItNzgzZi00NjM0LWEyNzctZTM1ZjU1YzkwNjYwL29wZXJhdGlvbnJlc3VsdHMvZXlKcWIySkpaQ0k2SWxKRlUwOVZVa05GUjFKUFZWQkVSVXhGVkVsUFRrcFBRaTFRVXpNek5UTXRWMFZUVkZWVElpd2lhbTlpVEc5allYUnBiMjRpT2lKM1pYTjBkWE1pZlE/YXBpLXZlcnNpb249MjAxNi0wMi0wMQ==",
      "RequestMethod": "GET",
      "RequestBody": "",
      "RequestHeaders": {
        "x-ms-version": [
          "2016-02-01"
        ],
        "User-Agent": [
          "Microsoft.Azure.Management.Resources.ResourceManagementClient/2.0.0.0"
        ]
      },
      "ResponseBody": "",
      "ResponseHeaders": {
        "Content-Length": [
          "0"
        ],
        "Expires": [
          "-1"
        ],
        "Pragma": [
          "no-cache"
        ],
        "Retry-After": [
          "15"
        ],
        "x-ms-ratelimit-remaining-subscription-reads": [
          "14990"
        ],
        "x-ms-request-id": [
          "a4f64b1c-dc39-4057-b786-4f9cc2bb097e"
        ],
        "x-ms-correlation-request-id": [
          "a4f64b1c-dc39-4057-b786-4f9cc2bb097e"
        ],
        "x-ms-routing-request-id": [
          "WESTUS2:20180406T182935Z:a4f64b1c-dc39-4057-b786-4f9cc2bb097e"
        ],
        "Strict-Transport-Security": [
          "max-age=31536000; includeSubDomains"
        ],
        "X-Content-Type-Options": [
          "nosniff"
        ],
        "Cache-Control": [
          "no-cache"
        ],
        "Date": [
          "Fri, 06 Apr 2018 18:29:34 GMT"
        ],
        "Location": [
          "https://management.azure.com/subscriptions/e2ee545b-783f-4634-a277-e35f55c90660/operationresults/eyJqb2JJZCI6IlJFU09VUkNFR1JPVVBERUxFVElPTkpPQi1QUzMzNTMtV0VTVFVTIiwiam9iTG9jYXRpb24iOiJ3ZXN0dXMifQ?api-version=2016-02-01"
        ]
      },
      "StatusCode": 202
    },
    {
      "RequestUri": "/subscriptions/e2ee545b-783f-4634-a277-e35f55c90660/operationresults/eyJqb2JJZCI6IlJFU09VUkNFR1JPVVBERUxFVElPTkpPQi1QUzMzNTMtV0VTVFVTIiwiam9iTG9jYXRpb24iOiJ3ZXN0dXMifQ?api-version=2016-02-01",
      "EncodedRequestUri": "L3N1YnNjcmlwdGlvbnMvZTJlZTU0NWItNzgzZi00NjM0LWEyNzctZTM1ZjU1YzkwNjYwL29wZXJhdGlvbnJlc3VsdHMvZXlKcWIySkpaQ0k2SWxKRlUwOVZVa05GUjFKUFZWQkVSVXhGVkVsUFRrcFBRaTFRVXpNek5UTXRWMFZUVkZWVElpd2lhbTlpVEc5allYUnBiMjRpT2lKM1pYTjBkWE1pZlE/YXBpLXZlcnNpb249MjAxNi0wMi0wMQ==",
      "RequestMethod": "GET",
      "RequestBody": "",
      "RequestHeaders": {
        "x-ms-version": [
          "2016-02-01"
        ],
        "User-Agent": [
          "Microsoft.Azure.Management.Resources.ResourceManagementClient/2.0.0.0"
        ]
      },
      "ResponseBody": "",
      "ResponseHeaders": {
        "Content-Length": [
          "0"
        ],
        "Expires": [
          "-1"
        ],
        "Pragma": [
          "no-cache"
        ],
        "Retry-After": [
          "15"
        ],
        "x-ms-ratelimit-remaining-subscription-reads": [
          "14989"
        ],
        "x-ms-request-id": [
          "b14c1aad-7fb5-4f46-b609-93434564e7cb"
        ],
        "x-ms-correlation-request-id": [
          "b14c1aad-7fb5-4f46-b609-93434564e7cb"
        ],
        "x-ms-routing-request-id": [
          "WESTUS2:20180406T182950Z:b14c1aad-7fb5-4f46-b609-93434564e7cb"
        ],
        "Strict-Transport-Security": [
          "max-age=31536000; includeSubDomains"
        ],
        "X-Content-Type-Options": [
          "nosniff"
        ],
        "Cache-Control": [
          "no-cache"
        ],
        "Date": [
          "Fri, 06 Apr 2018 18:29:49 GMT"
        ],
        "Location": [
          "https://management.azure.com/subscriptions/e2ee545b-783f-4634-a277-e35f55c90660/operationresults/eyJqb2JJZCI6IlJFU09VUkNFR1JPVVBERUxFVElPTkpPQi1QUzMzNTMtV0VTVFVTIiwiam9iTG9jYXRpb24iOiJ3ZXN0dXMifQ?api-version=2016-02-01"
        ]
      },
      "StatusCode": 202
    },
    {
      "RequestUri": "/subscriptions/e2ee545b-783f-4634-a277-e35f55c90660/operationresults/eyJqb2JJZCI6IlJFU09VUkNFR1JPVVBERUxFVElPTkpPQi1QUzMzNTMtV0VTVFVTIiwiam9iTG9jYXRpb24iOiJ3ZXN0dXMifQ?api-version=2016-02-01",
      "EncodedRequestUri": "L3N1YnNjcmlwdGlvbnMvZTJlZTU0NWItNzgzZi00NjM0LWEyNzctZTM1ZjU1YzkwNjYwL29wZXJhdGlvbnJlc3VsdHMvZXlKcWIySkpaQ0k2SWxKRlUwOVZVa05GUjFKUFZWQkVSVXhGVkVsUFRrcFBRaTFRVXpNek5UTXRWMFZUVkZWVElpd2lhbTlpVEc5allYUnBiMjRpT2lKM1pYTjBkWE1pZlE/YXBpLXZlcnNpb249MjAxNi0wMi0wMQ==",
      "RequestMethod": "GET",
      "RequestBody": "",
      "RequestHeaders": {
        "x-ms-version": [
          "2016-02-01"
        ],
        "User-Agent": [
          "Microsoft.Azure.Management.Resources.ResourceManagementClient/2.0.0.0"
        ]
      },
      "ResponseBody": "",
      "ResponseHeaders": {
        "Content-Length": [
          "0"
        ],
        "Expires": [
          "-1"
        ],
        "Pragma": [
          "no-cache"
        ],
        "x-ms-ratelimit-remaining-subscription-reads": [
          "14988"
        ],
        "x-ms-request-id": [
          "d0162631-d722-46f4-a6ac-c95db3730e2b"
        ],
        "x-ms-correlation-request-id": [
          "d0162631-d722-46f4-a6ac-c95db3730e2b"
        ],
        "x-ms-routing-request-id": [
          "WESTUS2:20180406T183005Z:d0162631-d722-46f4-a6ac-c95db3730e2b"
        ],
        "Strict-Transport-Security": [
          "max-age=31536000; includeSubDomains"
        ],
        "X-Content-Type-Options": [
          "nosniff"
        ],
        "Cache-Control": [
          "no-cache"
        ],
        "Date": [
          "Fri, 06 Apr 2018 18:30:04 GMT"
        ]
      },
      "StatusCode": 200
    }
  ],
  "Names": {
    "Test-OriginGetSetWithRunningEndpoint": [
      "ps3407",
      "ps3353",
      "ps4452",
      "ps915"
    ]
  },
  "Variables": {
    "SubscriptionId": "e2ee545b-783f-4634-a277-e35f55c90660"
  }
}