{
  "Entries": [
    {
      "RequestUri": "/subscriptions%2F487bb485-b5b0-471e-9c0d-10717612f869/providers/Microsoft.Security/compliances?api-version=2017-08-01-preview",
      "EncodedRequestUri": "L3N1YnNjcmlwdGlvbnMlMkY0ODdiYjQ4NS1iNWIwLTQ3MWUtOWMwZC0xMDcxNzYxMmY4NjkvcHJvdmlkZXJzL01pY3Jvc29mdC5TZWN1cml0eS9jb21wbGlhbmNlcz9hcGktdmVyc2lvbj0yMDE3LTA4LTAxLXByZXZpZXc=",
      "RequestMethod": "GET",
      "RequestBody": "",
      "RequestHeaders": {
        "x-ms-client-request-id": [
          "82268b15-4989-4070-b256-f81d429bd603"
        ],
        "accept-language": [
          "en-US"
        ],
        "User-Agent": [
          "FxVersion/4.7.3132.0",
          "OSName/Windows10Enterprise",
          "OSVersion/6.3.17134",
          "Microsoft.Azure.Management.Security.SecurityCenterClient/0.9.0.0"
        ]
      },
      "ResponseBody": "{\r\n  \"value\": [\r\n    {\r\n      \"id\": \"/subscriptions/487bb485-b5b0-471e-9c0d-10717612f869/providers/Microsoft.Security/compliances/2018-08-20Z\",\r\n      \"name\": \"2018-08-20Z\",\r\n      \"type\": \"Microsoft.Security/compliances\",\r\n      \"properties\": {\r\n        \"scope\": \"/subscriptions/487bb485-b5b0-471e-9c0d-10717612f869\",\r\n        \"assessmentResult\": [\r\n          {\r\n            \"type\": \"Compliant\",\r\n            \"percentage\": 0.27777777777777779\r\n          }\r\n        ],\r\n        \"resourceCount\": 18,\r\n        \"assessmentTimestampUtcDate\": \"2018-08-20T00:00:00Z\"\r\n      }\r\n    },\r\n    {\r\n      \"id\": \"/subscriptions/487bb485-b5b0-471e-9c0d-10717612f869/providers/Microsoft.Security/compliances/2018-08-19Z\",\r\n      \"name\": \"2018-08-19Z\",\r\n      \"type\": \"Microsoft.Security/compliances\",\r\n      \"properties\": {\r\n        \"scope\": \"/subscriptions/487bb485-b5b0-471e-9c0d-10717612f869\",\r\n        \"assessmentResult\": [\r\n          {\r\n            \"type\": \"Compliant\",\r\n            \"percentage\": 0.27777777777777779\r\n          }\r\n        ],\r\n        \"resourceCount\": 18,\r\n        \"assessmentTimestampUtcDate\": \"2018-08-19T00:00:00Z\"\r\n      }\r\n    },\r\n    {\r\n      \"id\": \"/subscriptions/487bb485-b5b0-471e-9c0d-10717612f869/providers/Microsoft.Security/compliances/2018-08-18Z\",\r\n      \"name\": \"2018-08-18Z\",\r\n      \"type\": \"Microsoft.Security/compliances\",\r\n      \"properties\": {\r\n        \"scope\": \"/subscriptions/487bb485-b5b0-471e-9c0d-10717612f869\",\r\n        \"assessmentResult\": [\r\n          {\r\n            \"type\": \"Compliant\",\r\n            \"percentage\": 0.27777777777777779\r\n          }\r\n        ],\r\n        \"resourceCount\": 18,\r\n        \"assessmentTimestampUtcDate\": \"2018-08-18T00:00:00Z\"\r\n      }\r\n    },\r\n    {\r\n      \"id\": \"/subscriptions/487bb485-b5b0-471e-9c0d-10717612f869/providers/Microsoft.Security/compliances/2018-08-17Z\",\r\n      \"name\": \"2018-08-17Z\",\r\n      \"type\": \"Microsoft.Security/compliances\",\r\n      \"properties\": {\r\n        \"scope\": \"/subscriptions/487bb485-b5b0-471e-9c0d-10717612f869\",\r\n        \"assessmentResult\": [\r\n          {\r\n            \"type\": \"Compliant\",\r\n            \"percentage\": 0.27777777777777779\r\n          }\r\n        ],\r\n        \"resourceCount\": 18,\r\n        \"assessmentTimestampUtcDate\": \"2018-08-17T00:00:00Z\"\r\n      }\r\n    },\r\n    {\r\n      \"id\": \"/subscriptions/487bb485-b5b0-471e-9c0d-10717612f869/providers/Microsoft.Security/compliances/2018-08-16Z\",\r\n      \"name\": \"2018-08-16Z\",\r\n      \"type\": \"Microsoft.Security/compliances\",\r\n      \"properties\": {\r\n        \"scope\": \"/subscriptions/487bb485-b5b0-471e-9c0d-10717612f869\",\r\n        \"assessmentResult\": [\r\n          {\r\n            \"type\": \"Compliant\",\r\n            \"percentage\": 0.27777777777777779\r\n          }\r\n        ],\r\n        \"resourceCount\": 18,\r\n        \"assessmentTimestampUtcDate\": \"2018-08-16T00:00:00Z\"\r\n      }\r\n    },\r\n    {\r\n      \"id\": \"/subscriptions/487bb485-b5b0-471e-9c0d-10717612f869/providers/Microsoft.Security/compliances/2018-08-15Z\",\r\n      \"name\": \"2018-08-15Z\",\r\n      \"type\": \"Microsoft.Security/compliances\",\r\n      \"properties\": {\r\n        \"scope\": \"/subscriptions/487bb485-b5b0-471e-9c0d-10717612f869\",\r\n        \"assessmentResult\": [\r\n          {\r\n            \"type\": \"Compliant\",\r\n            \"percentage\": 0.27777777777777779\r\n          }\r\n        ],\r\n        \"resourceCount\": 18,\r\n        \"assessmentTimestampUtcDate\": \"2018-08-15T00:00:00Z\"\r\n      }\r\n    },\r\n    {\r\n      \"id\": \"/subscriptions/487bb485-b5b0-471e-9c0d-10717612f869/providers/Microsoft.Security/compliances/2018-08-14Z\",\r\n      \"name\": \"2018-08-14Z\",\r\n      \"type\": \"Microsoft.Security/compliances\",\r\n      \"properties\": {\r\n        \"scope\": \"/subscriptions/487bb485-b5b0-471e-9c0d-10717612f869\",\r\n        \"assessmentResult\": [\r\n          {\r\n            \"type\": \"Compliant\",\r\n            \"percentage\": 0.27777777777777779\r\n          }\r\n        ],\r\n        \"resourceCount\": 18,\r\n        \"assessmentTimestampUtcDate\": \"2018-08-14T00:00:00Z\"\r\n      }\r\n    },\r\n    {\r\n      \"id\": \"/subscriptions/487bb485-b5b0-471e-9c0d-10717612f869/providers/Microsoft.Security/compliances/2018-08-13Z\",\r\n      \"name\": \"2018-08-13Z\",\r\n      \"type\": \"Microsoft.Security/compliances\",\r\n      \"properties\": {\r\n        \"scope\": \"/subscriptions/487bb485-b5b0-471e-9c0d-10717612f869\",\r\n        \"assessmentResult\": [\r\n          {\r\n            \"type\": \"Compliant\",\r\n            \"percentage\": 0.27777777777777779\r\n          }\r\n        ],\r\n        \"resourceCount\": 18,\r\n        \"assessmentTimestampUtcDate\": \"2018-08-13T00:00:00Z\"\r\n      }\r\n    },\r\n    {\r\n      \"id\": \"/subscriptions/487bb485-b5b0-471e-9c0d-10717612f869/providers/Microsoft.Security/compliances/2018-08-12Z\",\r\n      \"name\": \"2018-08-12Z\",\r\n      \"type\": \"Microsoft.Security/compliances\",\r\n      \"properties\": {\r\n        \"scope\": \"/subscriptions/487bb485-b5b0-471e-9c0d-10717612f869\",\r\n        \"assessmentResult\": [\r\n          {\r\n            \"type\": \"Compliant\",\r\n            \"percentage\": 0.27777777777777779\r\n          }\r\n        ],\r\n        \"resourceCount\": 18,\r\n        \"assessmentTimestampUtcDate\": \"2018-08-12T00:00:00Z\"\r\n      }\r\n    },\r\n    {\r\n      \"id\": \"/subscriptions/487bb485-b5b0-471e-9c0d-10717612f869/providers/Microsoft.Security/compliances/2018-08-11Z\",\r\n      \"name\": \"2018-08-11Z\",\r\n      \"type\": \"Microsoft.Security/compliances\",\r\n      \"properties\": {\r\n        \"scope\": \"/subscriptions/487bb485-b5b0-471e-9c0d-10717612f869\",\r\n        \"assessmentResult\": [\r\n          {\r\n            \"type\": \"Compliant\",\r\n            \"percentage\": 0.27777777777777779\r\n          }\r\n        ],\r\n        \"resourceCount\": 18,\r\n        \"assessmentTimestampUtcDate\": \"2018-08-11T00:00:00Z\"\r\n      }\r\n    },\r\n    {\r\n      \"id\": \"/subscriptions/487bb485-b5b0-471e-9c0d-10717612f869/providers/Microsoft.Security/compliances/2018-08-10Z\",\r\n      \"name\": \"2018-08-10Z\",\r\n      \"type\": \"Microsoft.Security/compliances\",\r\n      \"properties\": {\r\n        \"scope\": \"/subscriptions/487bb485-b5b0-471e-9c0d-10717612f869\",\r\n        \"assessmentResult\": [\r\n          {\r\n            \"type\": \"Compliant\",\r\n            \"percentage\": 0.27777777777777779\r\n          }\r\n        ],\r\n        \"resourceCount\": 18,\r\n        \"assessmentTimestampUtcDate\": \"2018-08-10T00:00:00Z\"\r\n      }\r\n    },\r\n    {\r\n      \"id\": \"/subscriptions/487bb485-b5b0-471e-9c0d-10717612f869/providers/Microsoft.Security/compliances/2018-08-09Z\",\r\n      \"name\": \"2018-08-09Z\",\r\n      \"type\": \"Microsoft.Security/compliances\",\r\n      \"properties\": {\r\n        \"scope\": \"/subscriptions/487bb485-b5b0-471e-9c0d-10717612f869\",\r\n        \"assessmentResult\": [\r\n          {\r\n            \"type\": \"Compliant\",\r\n            \"percentage\": 0.27777777777777779\r\n          }\r\n        ],\r\n        \"resourceCount\": 18,\r\n        \"assessmentTimestampUtcDate\": \"2018-08-09T00:00:00Z\"\r\n      }\r\n    },\r\n    {\r\n      \"id\": \"/subscriptions/487bb485-b5b0-471e-9c0d-10717612f869/providers/Microsoft.Security/compliances/2018-08-08Z\",\r\n      \"name\": \"2018-08-08Z\",\r\n      \"type\": \"Microsoft.Security/compliances\",\r\n      \"properties\": {\r\n        \"scope\": \"/subscriptions/487bb485-b5b0-471e-9c0d-10717612f869\",\r\n        \"assessmentResult\": [\r\n          {\r\n            \"type\": \"Compliant\",\r\n            \"percentage\": 0.27777777777777779\r\n          }\r\n        ],\r\n        \"resourceCount\": 18,\r\n        \"assessmentTimestampUtcDate\": \"2018-08-08T00:00:00Z\"\r\n      }\r\n    },\r\n    {\r\n      \"id\": \"/subscriptions/487bb485-b5b0-471e-9c0d-10717612f869/providers/Microsoft.Security/compliances/2018-08-07Z\",\r\n      \"name\": \"2018-08-07Z\",\r\n      \"type\": \"Microsoft.Security/compliances\",\r\n      \"properties\": {\r\n        \"scope\": \"/subscriptions/487bb485-b5b0-471e-9c0d-10717612f869\",\r\n        \"assessmentResult\": [\r\n          {\r\n            \"type\": \"Compliant\",\r\n            \"percentage\": 0.27777777777777779\r\n          }\r\n        ],\r\n        \"resourceCount\": 18,\r\n        \"assessmentTimestampUtcDate\": \"2018-08-07T00:00:00Z\"\r\n      }\r\n    }\r\n  ]\r\n}",
      "ResponseHeaders": {
        "Content-Length": [
          "5583"
        ],
        "Content-Type": [
          "application/json; charset=utf-8"
        ],
        "Expires": [
          "-1"
        ],
        "Pragma": [
          "no-cache"
        ],
        "x-ms-request-id": [
          "dc7d340d-40f3-4a33-b3a3-b46e65146413"
        ],
        "x-ms-ratelimit-remaining-subscription-resource-requests": [
          "749"
        ],
        "x-ms-correlation-request-id": [
          "1e45ba2c-c65f-40ab-98b4-a5bd3290bb03"
        ],
        "x-ms-routing-request-id": [
          "UKSOUTH2:20180820T185128Z:1e45ba2c-c65f-40ab-98b4-a5bd3290bb03"
        ],
        "Strict-Transport-Security": [
          "max-age=31536000; includeSubDomains"
        ],
        "X-Content-Type-Options": [
          "nosniff"
        ],
        "Cache-Control": [
          "no-cache"
        ],
        "Date": [
          "Mon, 20 Aug 2018 18:51:28 GMT"
        ],
        "Server": [
          "Microsoft-HTTPAPI/2.0"
        ]
      },
      "StatusCode": 200
    },
    {
      "RequestUri": "/subscriptions/487bb485-b5b0-471e-9c0d-10717612f869/providers/Microsoft.Security/locations?api-version=2015-06-01-preview",
      "EncodedRequestUri": "L3N1YnNjcmlwdGlvbnMvNDg3YmI0ODUtYjViMC00NzFlLTljMGQtMTA3MTc2MTJmODY5L3Byb3ZpZGVycy9NaWNyb3NvZnQuU2VjdXJpdHkvbG9jYXRpb25zP2FwaS12ZXJzaW9uPTIwMTUtMDYtMDEtcHJldmlldw==",
      "RequestMethod": "GET",
      "RequestBody": "",
      "RequestHeaders": {
        "x-ms-client-request-id": [
          "a1af7d1d-ba76-43e7-a072-b78c5e6308a2"
        ],
        "accept-language": [
          "en-US"
        ],
        "User-Agent": [
          "FxVersion/4.7.3132.0",
          "OSName/Windows10Enterprise",
          "OSVersion/6.3.17134",
          "Microsoft.Azure.Management.Security.SecurityCenterClient/0.9.0.0"
        ]
      },
      "ResponseBody": "{\r\n  \"value\": [\r\n    {\r\n      \"id\": \"/subscriptions/487bb485-b5b0-471e-9c0d-10717612f869/providers/Microsoft.Security/locations/centralus\",\r\n      \"name\": \"centralus\",\r\n      \"type\": \"Microsoft.Security/locations\",\r\n      \"properties\": {\r\n        \"homeRegionName\": \"centralus\"\r\n      }\r\n    }\r\n  ]\r\n}",
      "ResponseHeaders": {
        "Content-Length": [
          "222"
        ],
        "Content-Type": [
          "application/json; charset=utf-8"
        ],
        "Expires": [
          "-1"
        ],
        "Pragma": [
          "no-cache"
        ],
        "x-ms-request-id": [
          "395d52f1-41c2-4681-8ba0-378eb4adfb1d"
        ],
        "x-ms-ratelimit-remaining-subscription-resource-requests": [
          "99"
        ],
        "x-ms-correlation-request-id": [
          "702dbfd0-7daa-4905-a815-eea593ecb829"
        ],
        "x-ms-routing-request-id": [
          "UKSOUTH2:20180820T185129Z:702dbfd0-7daa-4905-a815-eea593ecb829"
        ],
        "Strict-Transport-Security": [
          "max-age=31536000; includeSubDomains"
        ],
        "X-Content-Type-Options": [
          "nosniff"
        ],
        "Cache-Control": [
          "no-cache"
        ],
        "Date": [
          "Mon, 20 Aug 2018 18:51:28 GMT"
        ],
        "Server": [
          "Microsoft-HTTPAPI/2.0"
        ]
      },
      "StatusCode": 200
    },
    {
      "RequestUri": "/subscriptions%2F487bb485-b5b0-471e-9c0d-10717612f869/providers/Microsoft.Security/compliances/2018-08-20Z?api-version=2017-08-01-preview",
      "EncodedRequestUri": "L3N1YnNjcmlwdGlvbnMlMkY0ODdiYjQ4NS1iNWIwLTQ3MWUtOWMwZC0xMDcxNzYxMmY4NjkvcHJvdmlkZXJzL01pY3Jvc29mdC5TZWN1cml0eS9jb21wbGlhbmNlcy8yMDE4LTA4LTIwWj9hcGktdmVyc2lvbj0yMDE3LTA4LTAxLXByZXZpZXc=",
      "RequestMethod": "GET",
      "RequestBody": "",
      "RequestHeaders": {
        "x-ms-client-request-id": [
          "c43765e8-bb60-48c4-afdc-5f7fe3da2dd0"
        ],
        "accept-language": [
          "en-US"
        ],
        "User-Agent": [
          "FxVersion/4.7.3132.0",
          "OSName/Windows10Enterprise",
          "OSVersion/6.3.17134",
          "Microsoft.Azure.Management.Security.SecurityCenterClient/0.9.0.0"
        ]
      },
      "ResponseBody": "{\r\n  \"id\": \"/subscriptions/487bb485-b5b0-471e-9c0d-10717612f869/providers/Microsoft.Security/compliances/2018-08-20Z\",\r\n  \"name\": \"2018-08-20Z\",\r\n  \"type\": \"Microsoft.Security/compliances\",\r\n  \"properties\": {\r\n    \"scope\": \"/subscriptions/487bb485-b5b0-471e-9c0d-10717612f869\",\r\n    \"assessmentResult\": [\r\n      {\r\n        \"type\": \"Compliant\",\r\n        \"percentage\": 0.27777777777777779\r\n      }\r\n    ],\r\n    \"resourceCount\": 18,\r\n    \"assessmentTimestampUtcDate\": \"2018-08-20T00:00:00Z\"\r\n  }\r\n}",
      "ResponseHeaders": {
        "Content-Length": [
          "397"
        ],
        "Content-Type": [
          "application/json; charset=utf-8"
        ],
        "Expires": [
          "-1"
        ],
        "Pragma": [
          "no-cache"
        ],
        "x-ms-request-id": [
          "39425c8f-0895-4c35-8984-7616a4f78a31"
        ],
        "x-ms-ratelimit-remaining-subscription-resource-requests": [
          "748"
        ],
        "x-ms-correlation-request-id": [
          "cb92b8ac-71f7-4114-85df-40302cd17228"
        ],
        "x-ms-routing-request-id": [
          "UKSOUTH2:20180820T185129Z:cb92b8ac-71f7-4114-85df-40302cd17228"
        ],
        "Strict-Transport-Security": [
          "max-age=31536000; includeSubDomains"
        ],
        "X-Content-Type-Options": [
          "nosniff"
        ],
        "Cache-Control": [
          "no-cache"
        ],
        "Date": [
          "Mon, 20 Aug 2018 18:51:28 GMT"
        ],
        "Server": [
          "Microsoft-HTTPAPI/2.0"
        ]
      },
      "StatusCode": 200
    }
  ],
  "Names": {},
  "Variables": {
    "SubscriptionId": "487bb485-b5b0-471e-9c0d-10717612f869"
  }
}