{
  "Entries": [
    {
      "RequestUri": "/subscriptions/1d16f9b3-bbe3-48d4-930a-27a74dca003b/providers/Microsoft.StorageSync?api-version=2016-09-01",
      "EncodedRequestUri": "L3N1YnNjcmlwdGlvbnMvMWQxNmY5YjMtYmJlMy00OGQ0LTkzMGEtMjdhNzRkY2EwMDNiL3Byb3ZpZGVycy9NaWNyb3NvZnQuU3RvcmFnZVN5bmM/YXBpLXZlcnNpb249MjAxNi0wOS0wMQ==",
      "RequestMethod": "GET",
      "RequestBody": "",
      "RequestHeaders": {
        "x-ms-client-request-id": [
          "654b905b-c4cf-456a-8eac-d4a8e859aee3"
        ],
        "accept-language": [
          "en-US"
        ],
        "User-Agent": [
          "FxVersion/4.7.3221.0",
          "OSName/WindowsServer2016Datacenter",
          "OSVersion/6.3.14393",
          "Microsoft.Azure.Management.Internal.Resources.ResourceManagementClient/4.1.0"
        ]
      },
      "ResponseBody": "{\r\n  \"id\": \"/subscriptions/1d16f9b3-bbe3-48d4-930a-27a74dca003b/providers/Microsoft.StorageSync\",\r\n  \"namespace\": \"Microsoft.StorageSync\",\r\n  \"authorizations\": [\r\n    {\r\n      \"applicationId\": \"9469b9f5-6722-4481-a2b2-14ed560b706f\"\r\n    }\r\n  ],\r\n  \"resourceTypes\": [\r\n    {\r\n      \"resourceType\": \"storageSyncServices\",\r\n      \"locations\": [\r\n        \"West US\",\r\n        \"West Europe\",\r\n        \"North Europe\",\r\n        \"Southeast Asia\",\r\n        \"East Asia\",\r\n        \"Australia East\",\r\n        \"Australia Southeast\",\r\n        \"East US\",\r\n        \"Canada Central\",\r\n        \"Canada East\",\r\n        \"Central US\",\r\n        \"East US 2\",\r\n        \"UK South\",\r\n        \"UK West\",\r\n        \"Central India\",\r\n        \"South India\",\r\n        \"North Central US\",\r\n        \"South Central US\",\r\n        \"West Central US\",\r\n        \"Central US EUAP\",\r\n        \"West US 2\",\r\n        \"East US 2 EUAP\"\r\n      ],\r\n      \"apiVersions\": [\r\n        \"2018-04-02\",\r\n        \"2018-01-01-preview\",\r\n        \"2017-06-05-preview\"\r\n      ],\r\n      \"capabilities\": \"CrossResourceGroupResourceMove, CrossSubscriptionResourceMove\"\r\n    },\r\n    {\r\n      \"resourceType\": \"storageSyncServices/syncGroups\",\r\n      \"locations\": [\r\n        \"West US\",\r\n        \"West Europe\",\r\n        \"North Europe\",\r\n        \"Southeast Asia\",\r\n        \"East Asia\",\r\n        \"Australia East\",\r\n        \"Australia Southeast\",\r\n        \"East US\",\r\n        \"Canada Central\",\r\n        \"Canada East\",\r\n        \"Central US\",\r\n        \"East US 2\",\r\n        \"UK South\",\r\n        \"UK West\",\r\n        \"Central India\",\r\n        \"South India\",\r\n        \"North Central US\",\r\n        \"South Central US\",\r\n        \"West Central US\",\r\n        \"Central US EUAP\",\r\n        \"West US 2\",\r\n        \"East US 2 EUAP\"\r\n      ],\r\n      \"apiVersions\": [\r\n        \"2018-04-02\",\r\n        \"2018-01-01-preview\",\r\n        \"2017-06-05-preview\"\r\n      ]\r\n    },\r\n    {\r\n      \"resourceType\": \"storageSyncServices/syncGroups/cloudEndpoints\",\r\n      \"locations\": [\r\n        \"West US\",\r\n        \"West Europe\",\r\n        \"North Europe\",\r\n        \"Southeast Asia\",\r\n        \"East Asia\",\r\n        \"Australia East\",\r\n        \"Australia Southeast\",\r\n        \"East US\",\r\n        \"Canada Central\",\r\n        \"Canada East\",\r\n        \"Central US\",\r\n        \"East US 2\",\r\n        \"UK South\",\r\n        \"UK West\",\r\n        \"Central India\",\r\n        \"South India\",\r\n        \"North Central US\",\r\n        \"South Central US\",\r\n        \"West Central US\",\r\n        \"Central US EUAP\",\r\n        \"West US 2\",\r\n        \"East US 2 EUAP\"\r\n      ],\r\n      \"apiVersions\": [\r\n        \"2018-04-02\",\r\n        \"2018-01-01-preview\",\r\n        \"2017-06-05-preview\"\r\n      ]\r\n    },\r\n    {\r\n      \"resourceType\": \"storageSyncServices/syncGroups/serverEndpoints\",\r\n      \"locations\": [\r\n        \"West US\",\r\n        \"West Europe\",\r\n        \"North Europe\",\r\n        \"Southeast Asia\",\r\n        \"East Asia\",\r\n        \"Australia East\",\r\n        \"Australia Southeast\",\r\n        \"East US\",\r\n        \"Canada Central\",\r\n        \"Canada East\",\r\n        \"Central US\",\r\n        \"East US 2\",\r\n        \"UK South\",\r\n        \"UK West\",\r\n        \"Central India\",\r\n        \"South India\",\r\n        \"North Central US\",\r\n        \"South Central US\",\r\n        \"West Central US\",\r\n        \"Central US EUAP\",\r\n        \"West US 2\",\r\n        \"East US 2 EUAP\"\r\n      ],\r\n      \"apiVersions\": [\r\n        \"2018-04-02\",\r\n        \"2018-01-01-preview\",\r\n        \"2017-06-05-preview\"\r\n      ]\r\n    },\r\n    {\r\n      \"resourceType\": \"storageSyncServices/registeredServers\",\r\n      \"locations\": [\r\n        \"West US\",\r\n        \"West Europe\",\r\n        \"North Europe\",\r\n        \"Southeast Asia\",\r\n        \"East Asia\",\r\n        \"Australia East\",\r\n        \"Australia Southeast\",\r\n        \"East US\",\r\n        \"Canada Central\",\r\n        \"Canada East\",\r\n        \"Central US\",\r\n        \"East US 2\",\r\n        \"UK South\",\r\n        \"UK West\",\r\n        \"Central India\",\r\n        \"South India\",\r\n        \"North Central US\",\r\n        \"South Central US\",\r\n        \"West Central US\",\r\n        \"Central US EUAP\",\r\n        \"West US 2\",\r\n        \"East US 2 EUAP\"\r\n      ],\r\n      \"apiVersions\": [\r\n        \"2018-04-02\",\r\n        \"2018-01-01-preview\",\r\n        \"2017-06-05-preview\"\r\n      ]\r\n    },\r\n    {\r\n      \"resourceType\": \"storageSyncServices/workflows\",\r\n      \"locations\": [\r\n        \"West US\",\r\n        \"West Europe\",\r\n        \"North Europe\",\r\n        \"Southeast Asia\",\r\n        \"East Asia\",\r\n        \"Australia East\",\r\n        \"Australia Southeast\",\r\n        \"East US\",\r\n        \"Canada Central\",\r\n        \"Canada East\",\r\n        \"Central US\",\r\n        \"East US 2\",\r\n        \"UK South\",\r\n        \"UK West\",\r\n        \"Central India\",\r\n        \"South India\",\r\n        \"North Central US\",\r\n        \"South Central US\",\r\n        \"West Central US\",\r\n        \"Central US EUAP\",\r\n        \"West US 2\",\r\n        \"East US 2 EUAP\"\r\n      ],\r\n      \"apiVersions\": [\r\n        \"2018-04-02\",\r\n        \"2018-01-01-preview\",\r\n        \"2017-06-05-preview\"\r\n      ]\r\n    },\r\n    {\r\n      \"resourceType\": \"operations\",\r\n      \"locations\": [],\r\n      \"apiVersions\": [\r\n        \"2018-04-02\",\r\n        \"2018-01-01-preview\",\r\n        \"2017-06-05-preview\"\r\n      ]\r\n    },\r\n    {\r\n      \"resourceType\": \"locations\",\r\n      \"locations\": [],\r\n      \"apiVersions\": [\r\n        \"2018-04-02\"\r\n      ]\r\n    },\r\n    {\r\n      \"resourceType\": \"locations/checkNameAvailability\",\r\n      \"locations\": [\r\n        \"West US\",\r\n        \"West Europe\",\r\n        \"North Europe\",\r\n        \"Southeast Asia\",\r\n        \"East Asia\",\r\n        \"Australia East\",\r\n        \"Australia Southeast\",\r\n        \"East US\",\r\n        \"Canada Central\",\r\n        \"Canada East\",\r\n        \"Central US\",\r\n        \"East US 2\",\r\n        \"UK South\",\r\n        \"UK West\",\r\n        \"Central India\",\r\n        \"South India\",\r\n        \"North Central US\",\r\n        \"South Central US\",\r\n        \"West Central US\",\r\n        \"West US 2\",\r\n        \"Central US EUAP\",\r\n        \"East US 2 EUAP\"\r\n      ],\r\n      \"apiVersions\": [\r\n        \"2018-04-02\"\r\n      ]\r\n    },\r\n    {\r\n      \"resourceType\": \"locations/workflows\",\r\n      \"locations\": [\r\n        \"West US\",\r\n        \"West Europe\",\r\n        \"North Europe\",\r\n        \"Southeast Asia\",\r\n        \"East Asia\",\r\n        \"Australia East\",\r\n        \"Australia Southeast\",\r\n        \"East US\",\r\n        \"Canada Central\",\r\n        \"Canada East\",\r\n        \"Central US\",\r\n        \"East US 2\",\r\n        \"UK South\",\r\n        \"UK West\",\r\n        \"Central India\",\r\n        \"South India\",\r\n        \"North Central US\",\r\n        \"South Central US\",\r\n        \"West Central US\",\r\n        \"West US 2\",\r\n        \"Central US EUAP\",\r\n        \"East US 2 EUAP\"\r\n      ],\r\n      \"apiVersions\": [\r\n        \"2018-04-02\"\r\n      ]\r\n    }\r\n  ],\r\n  \"registrationState\": \"Registered\"\r\n}",
      "ResponseHeaders": {
        "Content-Length": [
          "4151"
        ],
        "Content-Type": [
          "application/json; charset=utf-8"
        ],
        "Expires": [
          "-1"
        ],
        "Pragma": [
          "no-cache"
        ],
        "x-ms-ratelimit-remaining-subscription-reads": [
          "11999"
        ],
        "x-ms-request-id": [
          "5e98365f-b003-4219-ab41-9785ea840495"
        ],
        "x-ms-correlation-request-id": [
          "5e98365f-b003-4219-ab41-9785ea840495"
        ],
        "x-ms-routing-request-id": [
          "WESTUS2:20181107T082449Z:5e98365f-b003-4219-ab41-9785ea840495"
        ],
        "Strict-Transport-Security": [
          "max-age=31536000; includeSubDomains"
        ],
        "X-Content-Type-Options": [
          "nosniff"
        ],
        "Cache-Control": [
          "no-cache"
        ],
        "Date": [
          "Wed, 07 Nov 2018 08:24:48 GMT"
        ]
      },
      "StatusCode": 200
    },
    {
      "RequestUri": "/subscriptions/1d16f9b3-bbe3-48d4-930a-27a74dca003b/resourcegroups/ps1482?api-version=2016-09-01",
      "EncodedRequestUri": "L3N1YnNjcmlwdGlvbnMvMWQxNmY5YjMtYmJlMy00OGQ0LTkzMGEtMjdhNzRkY2EwMDNiL3Jlc291cmNlZ3JvdXBzL3BzMTQ4Mj9hcGktdmVyc2lvbj0yMDE2LTA5LTAx",
      "RequestMethod": "PUT",
      "RequestBody": "{\r\n  \"location\": \"West Central US\"\r\n}",
      "RequestHeaders": {
        "Content-Type": [
          "application/json; charset=utf-8"
        ],
        "Content-Length": [
          "37"
        ],
        "x-ms-client-request-id": [
          "0ee110e0-f141-41e3-acd0-0c898424d4f2"
        ],
        "accept-language": [
          "en-US"
        ],
        "User-Agent": [
          "FxVersion/4.7.3221.0",
          "OSName/WindowsServer2016Datacenter",
          "OSVersion/6.3.14393",
          "Microsoft.Azure.Management.Internal.Resources.ResourceManagementClient/4.1.0"
        ]
      },
      "ResponseBody": "{\r\n  \"id\": \"/subscriptions/1d16f9b3-bbe3-48d4-930a-27a74dca003b/resourceGroups/ps1482\",\r\n  \"name\": \"ps1482\",\r\n  \"location\": \"westcentralus\",\r\n  \"properties\": {\r\n    \"provisioningState\": \"Succeeded\"\r\n  }\r\n}",
      "ResponseHeaders": {
        "Content-Length": [
          "172"
        ],
        "Content-Type": [
          "application/json; charset=utf-8"
        ],
        "Expires": [
          "-1"
        ],
        "Pragma": [
          "no-cache"
        ],
        "x-ms-ratelimit-remaining-subscription-writes": [
          "1199"
        ],
        "x-ms-request-id": [
          "8f26775e-67d7-46fc-b9f4-694cf8bf0463"
        ],
        "x-ms-correlation-request-id": [
          "8f26775e-67d7-46fc-b9f4-694cf8bf0463"
        ],
        "x-ms-routing-request-id": [
          "WESTUS2:20181107T082450Z:8f26775e-67d7-46fc-b9f4-694cf8bf0463"
        ],
        "Strict-Transport-Security": [
          "max-age=31536000; includeSubDomains"
        ],
        "X-Content-Type-Options": [
          "nosniff"
        ],
        "Cache-Control": [
          "no-cache"
        ],
        "Date": [
          "Wed, 07 Nov 2018 08:24:49 GMT"
        ]
      },
      "StatusCode": 201
    },
    {
      "RequestUri": "/subscriptions/1d16f9b3-bbe3-48d4-930a-27a74dca003b/providers/Microsoft.StorageSync/locations/WestCentralUS/checkNameAvailability?api-version=2018-07-01",
      "EncodedRequestUri": "L3N1YnNjcmlwdGlvbnMvMWQxNmY5YjMtYmJlMy00OGQ0LTkzMGEtMjdhNzRkY2EwMDNiL3Byb3ZpZGVycy9NaWNyb3NvZnQuU3RvcmFnZVN5bmMvbG9jYXRpb25zL1dlc3RDZW50cmFsVVMvY2hlY2tOYW1lQXZhaWxhYmlsaXR5P2FwaS12ZXJzaW9uPTIwMTgtMDctMDE=",
      "RequestMethod": "POST",
      "RequestBody": "{\r\n  \"name\": \"sssps8171\",\r\n  \"type\": \"Microsoft.StorageSync/storageSyncServices\"\r\n}",
      "RequestHeaders": {
        "Content-Type": [
          "application/json; charset=utf-8"
        ],
        "Content-Length": [
          "83"
        ],
        "x-ms-client-request-id": [
          "f2e278a7-4adb-4d79-b1a9-aaf00823fd3d"
        ],
        "accept-language": [
          "en-US"
        ],
        "User-Agent": [
          "FxVersion/4.7.3221.0",
          "OSName/WindowsServer2016Datacenter",
          "OSVersion/6.3.14393",
          "Microsoft.Azure.Management.StorageSync.StorageSyncManagementClient/2.0.0"
        ]
      },
      "ResponseBody": "{\r\n  \"nameAvailable\": true,\r\n  \"reason\": null,\r\n  \"message\": null\r\n}",
      "ResponseHeaders": {
        "Content-Length": [
          "51"
        ],
        "Content-Type": [
          "application/json; charset=utf-8"
        ],
        "Expires": [
          "-1"
        ],
        "Pragma": [
          "no-cache"
        ],
        "x-ms-request-id": [
          "c710558c-b2c3-4d97-ae6c-babbf8ffde6d"
        ],
        "X-Content-Type-Options": [
          "nosniff"
        ],
        "Strict-Transport-Security": [
          "max-age=31536000; includeSubDomains"
        ],
        "x-ms-ratelimit-remaining-subscription-writes": [
          "1198"
        ],
        "x-ms-correlation-request-id": [
          "09651dce-72c5-4e07-b02e-6e8b9d1d5616"
        ],
        "x-ms-routing-request-id": [
          "WESTUS2:20181107T082451Z:09651dce-72c5-4e07-b02e-6e8b9d1d5616"
        ],
        "Cache-Control": [
          "no-cache"
        ],
        "Date": [
          "Wed, 07 Nov 2018 08:24:50 GMT"
        ],
        "Server": [
          "Microsoft-IIS/10.0"
        ],
        "X-AspNet-Version": [
          "4.0.30319"
        ],
        "X-Powered-By": [
          "ASP.NET"
        ]
      },
      "StatusCode": 200
    },
    {
      "RequestUri": "/subscriptions/1d16f9b3-bbe3-48d4-930a-27a74dca003b/resourceGroups/ps1482/providers/Microsoft.StorageSync/storageSyncServices/sssps8171?api-version=2018-07-01",
      "EncodedRequestUri": "L3N1YnNjcmlwdGlvbnMvMWQxNmY5YjMtYmJlMy00OGQ0LTkzMGEtMjdhNzRkY2EwMDNiL3Jlc291cmNlR3JvdXBzL3BzMTQ4Mi9wcm92aWRlcnMvTWljcm9zb2Z0LlN0b3JhZ2VTeW5jL3N0b3JhZ2VTeW5jU2VydmljZXMvc3NzcHM4MTcxP2FwaS12ZXJzaW9uPTIwMTgtMDctMDE=",
      "RequestMethod": "PUT",
      "RequestBody": "{\r\n  \"location\": \"West Central US\",\r\n  \"tags\": {}\r\n}",
      "RequestHeaders": {
        "Content-Type": [
          "application/json; charset=utf-8"
        ],
        "Content-Length": [
          "52"
        ],
        "x-ms-client-request-id": [
          "38087d27-a684-4c8f-93da-be2765022fe4"
        ],
        "accept-language": [
          "en-US"
        ],
        "User-Agent": [
          "FxVersion/4.7.3221.0",
          "OSName/WindowsServer2016Datacenter",
          "OSVersion/6.3.14393",
          "Microsoft.Azure.Management.StorageSync.StorageSyncManagementClient/2.0.0"
        ]
      },
      "ResponseBody": "{\r\n  \"properties\": {\r\n    \"storageSyncServiceStatus\": null,\r\n    \"storageSyncServiceUid\": \"00000000-0000-0000-0000-000000000000\"\r\n  },\r\n  \"location\": \"West Central US\",\r\n  \"tags\": {},\r\n  \"id\": \"/subscriptions/1d16f9b3-bbe3-48d4-930a-27a74dca003b/resourceGroups/ps1482/providers/microsoft.storagesync/storageSyncServices/sssps8171\",\r\n  \"name\": \"sssps8171\",\r\n  \"type\": \"microsoft.storagesync/storageSyncServices\"\r\n}",
      "ResponseHeaders": {
        "Content-Length": [
          "363"
        ],
        "Content-Type": [
          "application/json; charset=utf-8"
        ],
        "Expires": [
          "-1"
        ],
        "Pragma": [
          "no-cache"
        ],
        "x-ms-request-id": [
          "f9244ce2-3cfd-4e5c-a425-16da6d207e92"
        ],
        "X-Content-Type-Options": [
          "nosniff"
        ],
        "Strict-Transport-Security": [
          "max-age=31536000; includeSubDomains"
        ],
        "x-ms-ratelimit-remaining-subscription-writes": [
          "1197"
        ],
        "x-ms-correlation-request-id": [
          "f2c0dac7-1939-464f-8b52-1634288a87b9"
        ],
        "x-ms-routing-request-id": [
          "WESTUS2:20181107T082452Z:f2c0dac7-1939-464f-8b52-1634288a87b9"
        ],
        "Cache-Control": [
          "no-cache"
        ],
        "Date": [
          "Wed, 07 Nov 2018 08:24:52 GMT"
        ],
        "Server": [
          "Microsoft-IIS/10.0"
        ],
        "X-AspNet-Version": [
          "4.0.30319"
        ],
        "X-Powered-By": [
          "ASP.NET"
        ]
      },
      "StatusCode": 200
    },
    {
      "RequestUri": "/subscriptions/1d16f9b3-bbe3-48d4-930a-27a74dca003b/resourceGroups/ps1482/providers/Microsoft.StorageSync/storageSyncServices/sssps8171/syncGroups/sgps9117?api-version=2018-07-01",
      "EncodedRequestUri": "L3N1YnNjcmlwdGlvbnMvMWQxNmY5YjMtYmJlMy00OGQ0LTkzMGEtMjdhNzRkY2EwMDNiL3Jlc291cmNlR3JvdXBzL3BzMTQ4Mi9wcm92aWRlcnMvTWljcm9zb2Z0LlN0b3JhZ2VTeW5jL3N0b3JhZ2VTeW5jU2VydmljZXMvc3NzcHM4MTcxL3N5bmNHcm91cHMvc2dwczkxMTc/YXBpLXZlcnNpb249MjAxOC0wNy0wMQ==",
      "RequestMethod": "PUT",
      "RequestBody": "{\r\n  \"properties\": {}\r\n}",
      "RequestHeaders": {
        "Content-Type": [
          "application/json; charset=utf-8"
        ],
        "Content-Length": [
          "24"
        ],
        "x-ms-client-request-id": [
          "061e9619-d249-47b4-af05-b28759f96dfd"
        ],
        "accept-language": [
          "en-US"
        ],
        "User-Agent": [
          "FxVersion/4.7.3221.0",
          "OSName/WindowsServer2016Datacenter",
          "OSVersion/6.3.14393",
          "Microsoft.Azure.Management.StorageSync.StorageSyncManagementClient/2.0.0"
        ]
      },
      "ResponseBody": "{\r\n  \"properties\": {\r\n    \"syncGroupStatus\": null,\r\n    \"uniqueId\": \"848a9b15-b639-4bc4-946d-f0609731919d\"\r\n  },\r\n  \"id\": \"/subscriptions/1d16f9b3-bbe3-48d4-930a-27a74dca003b/resourceGroups/ps1482/providers/microsoft.storagesync/storageSyncServices/sssps8171/syncGroups/sgps9117\",\r\n  \"name\": \"sgps9117\",\r\n  \"type\": \"microsoft.storagesync/storageSyncServices/syncGroups\"\r\n}",
      "ResponseHeaders": {
        "Content-Length": [
          "332"
        ],
        "Content-Type": [
          "application/json; charset=utf-8"
        ],
        "Expires": [
          "-1"
        ],
        "Pragma": [
          "no-cache"
        ],
        "x-ms-request-id": [
          "4c50da6a-dadd-4b96-8539-1f1efd277dc4"
        ],
        "X-Content-Type-Options": [
          "nosniff"
        ],
        "Strict-Transport-Security": [
          "max-age=31536000; includeSubDomains"
        ],
        "x-ms-ratelimit-remaining-subscription-writes": [
          "1196"
        ],
        "x-ms-correlation-request-id": [
          "178ed1be-de28-4ba6-aad8-e9fad0539612"
        ],
        "x-ms-routing-request-id": [
          "WESTUS2:20181107T082453Z:178ed1be-de28-4ba6-aad8-e9fad0539612"
        ],
        "Cache-Control": [
          "no-cache"
        ],
        "Date": [
          "Wed, 07 Nov 2018 08:24:52 GMT"
        ],
        "Server": [
          "Microsoft-IIS/10.0"
        ],
        "X-AspNet-Version": [
          "4.0.30319"
        ],
        "X-Powered-By": [
          "ASP.NET"
        ]
      },
      "StatusCode": 200
    },
    {
      "RequestUri": "/subscriptions/1d16f9b3-bbe3-48d4-930a-27a74dca003b/resourceGroups/ps1482/providers/Microsoft.StorageSync/storageSyncServices/sssps8171/syncGroups/sgps9117?api-version=2018-07-01",
      "EncodedRequestUri": "L3N1YnNjcmlwdGlvbnMvMWQxNmY5YjMtYmJlMy00OGQ0LTkzMGEtMjdhNzRkY2EwMDNiL3Jlc291cmNlR3JvdXBzL3BzMTQ4Mi9wcm92aWRlcnMvTWljcm9zb2Z0LlN0b3JhZ2VTeW5jL3N0b3JhZ2VTeW5jU2VydmljZXMvc3NzcHM4MTcxL3N5bmNHcm91cHMvc2dwczkxMTc/YXBpLXZlcnNpb249MjAxOC0wNy0wMQ==",
      "RequestMethod": "DELETE",
      "RequestBody": "",
      "RequestHeaders": {
        "x-ms-client-request-id": [
          "92210d29-0587-40cd-a8c2-d332d27aa6bd"
        ],
        "accept-language": [
          "en-US"
        ],
        "User-Agent": [
          "FxVersion/4.7.3221.0",
          "OSName/WindowsServer2016Datacenter",
          "OSVersion/6.3.14393",
          "Microsoft.Azure.Management.StorageSync.StorageSyncManagementClient/2.0.0"
        ]
      },
      "ResponseBody": "",
      "ResponseHeaders": {
        "Content-Length": [
          "0"
        ],
        "Expires": [
          "-1"
        ],
        "Pragma": [
          "no-cache"
        ],
        "x-ms-request-id": [
          "8db7950e-eb94-4c5f-bfc7-453616bcf4e2"
        ],
        "X-Content-Type-Options": [
          "nosniff"
        ],
        "Strict-Transport-Security": [
          "max-age=31536000; includeSubDomains"
        ],
        "x-ms-ratelimit-remaining-subscription-deletes": [
          "14998"
        ],
        "x-ms-correlation-request-id": [
          "220a0341-7d75-4a80-8837-204a2a9cf92c"
        ],
        "x-ms-routing-request-id": [
          "WESTUS2:20181107T082454Z:220a0341-7d75-4a80-8837-204a2a9cf92c"
        ],
        "Cache-Control": [
          "no-cache"
        ],
        "Date": [
          "Wed, 07 Nov 2018 08:24:53 GMT"
        ],
        "Server": [
          "Microsoft-IIS/10.0"
        ],
        "X-AspNet-Version": [
          "4.0.30319"
        ],
        "X-Powered-By": [
          "ASP.NET"
        ]
      },
      "StatusCode": 200
    },
    {
      "RequestUri": "/subscriptions/1d16f9b3-bbe3-48d4-930a-27a74dca003b/resourceGroups/ps1482/providers/Microsoft.StorageSync/storageSyncServices/sssps8171?api-version=2018-07-01",
      "EncodedRequestUri": "L3N1YnNjcmlwdGlvbnMvMWQxNmY5YjMtYmJlMy00OGQ0LTkzMGEtMjdhNzRkY2EwMDNiL3Jlc291cmNlR3JvdXBzL3BzMTQ4Mi9wcm92aWRlcnMvTWljcm9zb2Z0LlN0b3JhZ2VTeW5jL3N0b3JhZ2VTeW5jU2VydmljZXMvc3NzcHM4MTcxP2FwaS12ZXJzaW9uPTIwMTgtMDctMDE=",
      "RequestMethod": "DELETE",
      "RequestBody": "",
      "RequestHeaders": {
        "x-ms-client-request-id": [
          "78c08c25-c2c6-4b08-bb51-e7059526dfed"
        ],
        "accept-language": [
          "en-US"
        ],
        "User-Agent": [
          "FxVersion/4.7.3221.0",
          "OSName/WindowsServer2016Datacenter",
          "OSVersion/6.3.14393",
          "Microsoft.Azure.Management.StorageSync.StorageSyncManagementClient/2.0.0"
        ]
      },
      "ResponseBody": "",
      "ResponseHeaders": {
        "Content-Length": [
          "0"
        ],
        "Expires": [
          "-1"
        ],
        "Pragma": [
          "no-cache"
        ],
        "x-ms-request-id": [
          "83548d30-10db-438a-a7e5-e6b3bd77b6fb"
        ],
        "X-Content-Type-Options": [
          "nosniff"
        ],
        "Strict-Transport-Security": [
          "max-age=31536000; includeSubDomains"
        ],
        "x-ms-ratelimit-remaining-subscription-deletes": [
          "14997"
        ],
        "x-ms-correlation-request-id": [
          "5b66e4fd-69a4-4601-bc45-5129575de2a2"
        ],
        "x-ms-routing-request-id": [
          "WESTUS2:20181107T082454Z:5b66e4fd-69a4-4601-bc45-5129575de2a2"
        ],
        "Cache-Control": [
          "no-cache"
        ],
        "Date": [
          "Wed, 07 Nov 2018 08:24:53 GMT"
        ],
        "Server": [
          "Microsoft-IIS/10.0"
        ],
        "X-AspNet-Version": [
          "4.0.30319"
        ],
        "X-Powered-By": [
          "ASP.NET"
        ]
      },
      "StatusCode": 200
    },
    {
      "RequestUri": "/subscriptions/1d16f9b3-bbe3-48d4-930a-27a74dca003b/resourcegroups/ps1482?api-version=2016-09-01",
      "EncodedRequestUri": "L3N1YnNjcmlwdGlvbnMvMWQxNmY5YjMtYmJlMy00OGQ0LTkzMGEtMjdhNzRkY2EwMDNiL3Jlc291cmNlZ3JvdXBzL3BzMTQ4Mj9hcGktdmVyc2lvbj0yMDE2LTA5LTAx",
      "RequestMethod": "DELETE",
      "RequestBody": "",
      "RequestHeaders": {
        "x-ms-client-request-id": [
          "2049e5cc-b20c-4fd9-9ee3-7cd15d18b274"
        ],
        "accept-language": [
          "en-US"
        ],
        "User-Agent": [
          "FxVersion/4.7.3221.0",
          "OSName/WindowsServer2016Datacenter",
          "OSVersion/6.3.14393",
          "Microsoft.Azure.Management.Internal.Resources.ResourceManagementClient/4.1.0"
        ]
      },
      "ResponseBody": "",
      "ResponseHeaders": {
        "Content-Length": [
          "0"
        ],
        "Expires": [
          "-1"
        ],
        "Pragma": [
          "no-cache"
        ],
        "Retry-After": [
          "15"
        ],
        "x-ms-ratelimit-remaining-subscription-deletes": [
          "14999"
        ],
        "x-ms-request-id": [
          "b0d59949-3ef8-477a-b987-74e43a5d414c"
        ],
        "x-ms-correlation-request-id": [
          "b0d59949-3ef8-477a-b987-74e43a5d414c"
        ],
        "x-ms-routing-request-id": [
          "WESTUS2:20181107T082455Z:b0d59949-3ef8-477a-b987-74e43a5d414c"
        ],
        "Strict-Transport-Security": [
          "max-age=31536000; includeSubDomains"
        ],
        "X-Content-Type-Options": [
          "nosniff"
        ],
        "Cache-Control": [
          "no-cache"
        ],
        "Date": [
          "Wed, 07 Nov 2018 08:24:54 GMT"
        ],
        "Location": [
          "https://management.azure.com/subscriptions/1d16f9b3-bbe3-48d4-930a-27a74dca003b/operationresults/eyJqb2JJZCI6IlJFU09VUkNFR1JPVVBERUxFVElPTkpPQi1QUzE0ODItV0VTVENFTlRSQUxVUyIsImpvYkxvY2F0aW9uIjoid2VzdGNlbnRyYWx1cyJ9?api-version=2016-09-01"
        ]
      },
      "StatusCode": 202
    },
    {
      "RequestUri": "/subscriptions/1d16f9b3-bbe3-48d4-930a-27a74dca003b/operationresults/eyJqb2JJZCI6IlJFU09VUkNFR1JPVVBERUxFVElPTkpPQi1QUzE0ODItV0VTVENFTlRSQUxVUyIsImpvYkxvY2F0aW9uIjoid2VzdGNlbnRyYWx1cyJ9?api-version=2016-09-01",
      "EncodedRequestUri": "L3N1YnNjcmlwdGlvbnMvMWQxNmY5YjMtYmJlMy00OGQ0LTkzMGEtMjdhNzRkY2EwMDNiL29wZXJhdGlvbnJlc3VsdHMvZXlKcWIySkpaQ0k2SWxKRlUwOVZVa05GUjFKUFZWQkVSVXhGVkVsUFRrcFBRaTFRVXpFME9ESXRWMFZUVkVORlRsUlNRVXhWVXlJc0ltcHZZa3h2WTJGMGFXOXVJam9pZDJWemRHTmxiblJ5WVd4MWN5Sjk/YXBpLXZlcnNpb249MjAxNi0wOS0wMQ==",
      "RequestMethod": "GET",
      "RequestBody": "",
      "RequestHeaders": {
        "User-Agent": [
          "FxVersion/4.7.3221.0",
          "OSName/WindowsServer2016Datacenter",
          "OSVersion/6.3.14393",
          "Microsoft.Azure.Management.Internal.Resources.ResourceManagementClient/4.1.0"
        ]
      },
      "ResponseBody": "",
      "ResponseHeaders": {
        "Content-Length": [
          "0"
        ],
        "Expires": [
          "-1"
        ],
        "Pragma": [
          "no-cache"
        ],
        "Retry-After": [
          "15"
        ],
        "x-ms-ratelimit-remaining-subscription-reads": [
          "11998"
        ],
        "x-ms-request-id": [
          "39c02bac-0fb6-4bdd-a1dd-454aa3db2eb0"
        ],
        "x-ms-correlation-request-id": [
          "39c02bac-0fb6-4bdd-a1dd-454aa3db2eb0"
        ],
        "x-ms-routing-request-id": [
          "WESTUS2:20181107T082510Z:39c02bac-0fb6-4bdd-a1dd-454aa3db2eb0"
        ],
        "Strict-Transport-Security": [
          "max-age=31536000; includeSubDomains"
        ],
        "X-Content-Type-Options": [
          "nosniff"
        ],
        "Cache-Control": [
          "no-cache"
        ],
        "Date": [
          "Wed, 07 Nov 2018 08:25:09 GMT"
        ],
        "Location": [
          "https://management.azure.com/subscriptions/1d16f9b3-bbe3-48d4-930a-27a74dca003b/operationresults/eyJqb2JJZCI6IlJFU09VUkNFR1JPVVBERUxFVElPTkpPQi1QUzE0ODItV0VTVENFTlRSQUxVUyIsImpvYkxvY2F0aW9uIjoid2VzdGNlbnRyYWx1cyJ9?api-version=2016-09-01"
        ]
      },
      "StatusCode": 202
    },
    {
      "RequestUri": "/subscriptions/1d16f9b3-bbe3-48d4-930a-27a74dca003b/operationresults/eyJqb2JJZCI6IlJFU09VUkNFR1JPVVBERUxFVElPTkpPQi1QUzE0ODItV0VTVENFTlRSQUxVUyIsImpvYkxvY2F0aW9uIjoid2VzdGNlbnRyYWx1cyJ9?api-version=2016-09-01",
      "EncodedRequestUri": "L3N1YnNjcmlwdGlvbnMvMWQxNmY5YjMtYmJlMy00OGQ0LTkzMGEtMjdhNzRkY2EwMDNiL29wZXJhdGlvbnJlc3VsdHMvZXlKcWIySkpaQ0k2SWxKRlUwOVZVa05GUjFKUFZWQkVSVXhGVkVsUFRrcFBRaTFRVXpFME9ESXRWMFZUVkVORlRsUlNRVXhWVXlJc0ltcHZZa3h2WTJGMGFXOXVJam9pZDJWemRHTmxiblJ5WVd4MWN5Sjk/YXBpLXZlcnNpb249MjAxNi0wOS0wMQ==",
      "RequestMethod": "GET",
      "RequestBody": "",
      "RequestHeaders": {
        "User-Agent": [
          "FxVersion/4.7.3221.0",
          "OSName/WindowsServer2016Datacenter",
          "OSVersion/6.3.14393",
          "Microsoft.Azure.Management.Internal.Resources.ResourceManagementClient/4.1.0"
        ]
      },
      "ResponseBody": "",
      "ResponseHeaders": {
        "Content-Length": [
          "0"
        ],
        "Expires": [
          "-1"
        ],
        "Pragma": [
          "no-cache"
        ],
        "Retry-After": [
          "15"
        ],
        "x-ms-ratelimit-remaining-subscription-reads": [
          "11997"
        ],
        "x-ms-request-id": [
          "ccc0ab37-f32d-4de3-9e20-1204b8637759"
        ],
        "x-ms-correlation-request-id": [
          "ccc0ab37-f32d-4de3-9e20-1204b8637759"
        ],
        "x-ms-routing-request-id": [
          "WESTUS2:20181107T082525Z:ccc0ab37-f32d-4de3-9e20-1204b8637759"
        ],
        "Strict-Transport-Security": [
          "max-age=31536000; includeSubDomains"
        ],
        "X-Content-Type-Options": [
          "nosniff"
        ],
        "Cache-Control": [
          "no-cache"
        ],
        "Date": [
          "Wed, 07 Nov 2018 08:25:25 GMT"
        ],
        "Location": [
          "https://management.azure.com/subscriptions/1d16f9b3-bbe3-48d4-930a-27a74dca003b/operationresults/eyJqb2JJZCI6IlJFU09VUkNFR1JPVVBERUxFVElPTkpPQi1QUzE0ODItV0VTVENFTlRSQUxVUyIsImpvYkxvY2F0aW9uIjoid2VzdGNlbnRyYWx1cyJ9?api-version=2016-09-01"
        ]
      },
      "StatusCode": 202
    },
    {
      "RequestUri": "/subscriptions/1d16f9b3-bbe3-48d4-930a-27a74dca003b/operationresults/eyJqb2JJZCI6IlJFU09VUkNFR1JPVVBERUxFVElPTkpPQi1QUzE0ODItV0VTVENFTlRSQUxVUyIsImpvYkxvY2F0aW9uIjoid2VzdGNlbnRyYWx1cyJ9?api-version=2016-09-01",
      "EncodedRequestUri": "L3N1YnNjcmlwdGlvbnMvMWQxNmY5YjMtYmJlMy00OGQ0LTkzMGEtMjdhNzRkY2EwMDNiL29wZXJhdGlvbnJlc3VsdHMvZXlKcWIySkpaQ0k2SWxKRlUwOVZVa05GUjFKUFZWQkVSVXhGVkVsUFRrcFBRaTFRVXpFME9ESXRWMFZUVkVORlRsUlNRVXhWVXlJc0ltcHZZa3h2WTJGMGFXOXVJam9pZDJWemRHTmxiblJ5WVd4MWN5Sjk/YXBpLXZlcnNpb249MjAxNi0wOS0wMQ==",
      "RequestMethod": "GET",
      "RequestBody": "",
      "RequestHeaders": {
        "User-Agent": [
          "FxVersion/4.7.3221.0",
          "OSName/WindowsServer2016Datacenter",
          "OSVersion/6.3.14393",
          "Microsoft.Azure.Management.Internal.Resources.ResourceManagementClient/4.1.0"
        ]
      },
      "ResponseBody": "",
      "ResponseHeaders": {
        "Content-Length": [
          "0"
        ],
        "Expires": [
          "-1"
        ],
        "Pragma": [
          "no-cache"
        ],
        "x-ms-ratelimit-remaining-subscription-reads": [
          "11996"
        ],
        "x-ms-request-id": [
          "ad30e07d-5056-4d38-a625-22db9c530b52"
        ],
        "x-ms-correlation-request-id": [
          "ad30e07d-5056-4d38-a625-22db9c530b52"
        ],
        "x-ms-routing-request-id": [
          "WESTUS2:20181107T082540Z:ad30e07d-5056-4d38-a625-22db9c530b52"
        ],
        "Strict-Transport-Security": [
          "max-age=31536000; includeSubDomains"
        ],
        "X-Content-Type-Options": [
          "nosniff"
        ],
        "Cache-Control": [
          "no-cache"
        ],
        "Date": [
          "Wed, 07 Nov 2018 08:25:39 GMT"
        ]
      },
      "StatusCode": 200
    },
    {
      "RequestUri": "/subscriptions/1d16f9b3-bbe3-48d4-930a-27a74dca003b/operationresults/eyJqb2JJZCI6IlJFU09VUkNFR1JPVVBERUxFVElPTkpPQi1QUzE0ODItV0VTVENFTlRSQUxVUyIsImpvYkxvY2F0aW9uIjoid2VzdGNlbnRyYWx1cyJ9?api-version=2016-09-01",
      "EncodedRequestUri": "L3N1YnNjcmlwdGlvbnMvMWQxNmY5YjMtYmJlMy00OGQ0LTkzMGEtMjdhNzRkY2EwMDNiL29wZXJhdGlvbnJlc3VsdHMvZXlKcWIySkpaQ0k2SWxKRlUwOVZVa05GUjFKUFZWQkVSVXhGVkVsUFRrcFBRaTFRVXpFME9ESXRWMFZUVkVORlRsUlNRVXhWVXlJc0ltcHZZa3h2WTJGMGFXOXVJam9pZDJWemRHTmxiblJ5WVd4MWN5Sjk/YXBpLXZlcnNpb249MjAxNi0wOS0wMQ==",
      "RequestMethod": "GET",
      "RequestBody": "",
      "RequestHeaders": {
        "User-Agent": [
          "FxVersion/4.7.3221.0",
          "OSName/WindowsServer2016Datacenter",
          "OSVersion/6.3.14393",
          "Microsoft.Azure.Management.Internal.Resources.ResourceManagementClient/4.1.0"
        ]
      },
      "ResponseBody": "",
      "ResponseHeaders": {
        "Content-Length": [
          "0"
        ],
        "Expires": [
          "-1"
        ],
        "Pragma": [
          "no-cache"
        ],
        "x-ms-ratelimit-remaining-subscription-reads": [
          "11995"
        ],
        "x-ms-request-id": [
          "06fde97d-bf60-4882-9e49-c2b5fdcbe59f"
        ],
        "x-ms-correlation-request-id": [
          "06fde97d-bf60-4882-9e49-c2b5fdcbe59f"
        ],
        "x-ms-routing-request-id": [
          "WESTUS2:20181107T082540Z:06fde97d-bf60-4882-9e49-c2b5fdcbe59f"
        ],
        "Strict-Transport-Security": [
          "max-age=31536000; includeSubDomains"
        ],
        "X-Content-Type-Options": [
          "nosniff"
        ],
        "Cache-Control": [
          "no-cache"
        ],
        "Date": [
          "Wed, 07 Nov 2018 08:25:39 GMT"
        ]
      },
      "StatusCode": 200
    }
  ],
  "Names": {
    "Test-RemoveSyncGroupResourceId": [
      "ps1482",
      "ps8171",
      "ps9117"
    ]
  },
  "Variables": {
    "SubscriptionId": "1d16f9b3-bbe3-48d4-930a-27a74dca003b",
    "TenantId": "72f988bf-86f1-41af-91ab-2d7cd011db47",
    "Domain": ""
  }
}