{
  "Entries": [
    {
      "RequestUri": "/subscriptions/1d16f9b3-bbe3-48d4-930a-27a74dca003b/providers/Microsoft.StorageSync?api-version=2016-09-01",
      "EncodedRequestUri": "L3N1YnNjcmlwdGlvbnMvMWQxNmY5YjMtYmJlMy00OGQ0LTkzMGEtMjdhNzRkY2EwMDNiL3Byb3ZpZGVycy9NaWNyb3NvZnQuU3RvcmFnZVN5bmM/YXBpLXZlcnNpb249MjAxNi0wOS0wMQ==",
      "RequestMethod": "GET",
      "RequestBody": "",
      "RequestHeaders": {
        "x-ms-client-request-id": [
          "ccd503c6-b26e-4e42-b90e-987536e6934c"
        ],
        "accept-language": [
          "en-US"
        ],
        "User-Agent": [
          "FxVersion/4.7.3221.0",
          "OSName/WindowsServer2016Datacenter",
          "OSVersion/6.3.14393",
          "Microsoft.Azure.Management.Internal.Resources.ResourceManagementClient/4.1.0"
        ]
      },
      "ResponseBody": "{\r\n  \"id\": \"/subscriptions/1d16f9b3-bbe3-48d4-930a-27a74dca003b/providers/Microsoft.StorageSync\",\r\n  \"namespace\": \"Microsoft.StorageSync\",\r\n  \"authorizations\": [\r\n    {\r\n      \"applicationId\": \"9469b9f5-6722-4481-a2b2-14ed560b706f\"\r\n    }\r\n  ],\r\n  \"resourceTypes\": [\r\n    {\r\n      \"resourceType\": \"storageSyncServices\",\r\n      \"locations\": [\r\n        \"West US\",\r\n        \"West Europe\",\r\n        \"North Europe\",\r\n        \"Southeast Asia\",\r\n        \"East Asia\",\r\n        \"Australia East\",\r\n        \"Australia Southeast\",\r\n        \"East US\",\r\n        \"Canada Central\",\r\n        \"Canada East\",\r\n        \"Central US\",\r\n        \"East US 2\",\r\n        \"UK South\",\r\n        \"UK West\",\r\n        \"Central India\",\r\n        \"South India\",\r\n        \"North Central US\",\r\n        \"South Central US\",\r\n        \"West Central US\",\r\n        \"Central US EUAP\",\r\n        \"West US 2\",\r\n        \"East US 2 EUAP\"\r\n      ],\r\n      \"apiVersions\": [\r\n        \"2018-04-02\",\r\n        \"2018-01-01-preview\",\r\n        \"2017-06-05-preview\"\r\n      ],\r\n      \"capabilities\": \"CrossResourceGroupResourceMove, CrossSubscriptionResourceMove\"\r\n    },\r\n    {\r\n      \"resourceType\": \"storageSyncServices/syncGroups\",\r\n      \"locations\": [\r\n        \"West US\",\r\n        \"West Europe\",\r\n        \"North Europe\",\r\n        \"Southeast Asia\",\r\n        \"East Asia\",\r\n        \"Australia East\",\r\n        \"Australia Southeast\",\r\n        \"East US\",\r\n        \"Canada Central\",\r\n        \"Canada East\",\r\n        \"Central US\",\r\n        \"East US 2\",\r\n        \"UK South\",\r\n        \"UK West\",\r\n        \"Central India\",\r\n        \"South India\",\r\n        \"North Central US\",\r\n        \"South Central US\",\r\n        \"West Central US\",\r\n        \"Central US EUAP\",\r\n        \"West US 2\",\r\n        \"East US 2 EUAP\"\r\n      ],\r\n      \"apiVersions\": [\r\n        \"2018-04-02\",\r\n        \"2018-01-01-preview\",\r\n        \"2017-06-05-preview\"\r\n      ]\r\n    },\r\n    {\r\n      \"resourceType\": \"storageSyncServices/syncGroups/cloudEndpoints\",\r\n      \"locations\": [\r\n        \"West US\",\r\n        \"West Europe\",\r\n        \"North Europe\",\r\n        \"Southeast Asia\",\r\n        \"East Asia\",\r\n        \"Australia East\",\r\n        \"Australia Southeast\",\r\n        \"East US\",\r\n        \"Canada Central\",\r\n        \"Canada East\",\r\n        \"Central US\",\r\n        \"East US 2\",\r\n        \"UK South\",\r\n        \"UK West\",\r\n        \"Central India\",\r\n        \"South India\",\r\n        \"North Central US\",\r\n        \"South Central US\",\r\n        \"West Central US\",\r\n        \"Central US EUAP\",\r\n        \"West US 2\",\r\n        \"East US 2 EUAP\"\r\n      ],\r\n      \"apiVersions\": [\r\n        \"2018-04-02\",\r\n        \"2018-01-01-preview\",\r\n        \"2017-06-05-preview\"\r\n      ]\r\n    },\r\n    {\r\n      \"resourceType\": \"storageSyncServices/syncGroups/serverEndpoints\",\r\n      \"locations\": [\r\n        \"West US\",\r\n        \"West Europe\",\r\n        \"North Europe\",\r\n        \"Southeast Asia\",\r\n        \"East Asia\",\r\n        \"Australia East\",\r\n        \"Australia Southeast\",\r\n        \"East US\",\r\n        \"Canada Central\",\r\n        \"Canada East\",\r\n        \"Central US\",\r\n        \"East US 2\",\r\n        \"UK South\",\r\n        \"UK West\",\r\n        \"Central India\",\r\n        \"South India\",\r\n        \"North Central US\",\r\n        \"South Central US\",\r\n        \"West Central US\",\r\n        \"Central US EUAP\",\r\n        \"West US 2\",\r\n        \"East US 2 EUAP\"\r\n      ],\r\n      \"apiVersions\": [\r\n        \"2018-04-02\",\r\n        \"2018-01-01-preview\",\r\n        \"2017-06-05-preview\"\r\n      ]\r\n    },\r\n    {\r\n      \"resourceType\": \"storageSyncServices/registeredServers\",\r\n      \"locations\": [\r\n        \"West US\",\r\n        \"West Europe\",\r\n        \"North Europe\",\r\n        \"Southeast Asia\",\r\n        \"East Asia\",\r\n        \"Australia East\",\r\n        \"Australia Southeast\",\r\n        \"East US\",\r\n        \"Canada Central\",\r\n        \"Canada East\",\r\n        \"Central US\",\r\n        \"East US 2\",\r\n        \"UK South\",\r\n        \"UK West\",\r\n        \"Central India\",\r\n        \"South India\",\r\n        \"North Central US\",\r\n        \"South Central US\",\r\n        \"West Central US\",\r\n        \"Central US EUAP\",\r\n        \"West US 2\",\r\n        \"East US 2 EUAP\"\r\n      ],\r\n      \"apiVersions\": [\r\n        \"2018-04-02\",\r\n        \"2018-01-01-preview\",\r\n        \"2017-06-05-preview\"\r\n      ]\r\n    },\r\n    {\r\n      \"resourceType\": \"storageSyncServices/workflows\",\r\n      \"locations\": [\r\n        \"West US\",\r\n        \"West Europe\",\r\n        \"North Europe\",\r\n        \"Southeast Asia\",\r\n        \"East Asia\",\r\n        \"Australia East\",\r\n        \"Australia Southeast\",\r\n        \"East US\",\r\n        \"Canada Central\",\r\n        \"Canada East\",\r\n        \"Central US\",\r\n        \"East US 2\",\r\n        \"UK South\",\r\n        \"UK West\",\r\n        \"Central India\",\r\n        \"South India\",\r\n        \"North Central US\",\r\n        \"South Central US\",\r\n        \"West Central US\",\r\n        \"Central US EUAP\",\r\n        \"West US 2\",\r\n        \"East US 2 EUAP\"\r\n      ],\r\n      \"apiVersions\": [\r\n        \"2018-04-02\",\r\n        \"2018-01-01-preview\",\r\n        \"2017-06-05-preview\"\r\n      ]\r\n    },\r\n    {\r\n      \"resourceType\": \"operations\",\r\n      \"locations\": [],\r\n      \"apiVersions\": [\r\n        \"2018-04-02\",\r\n        \"2018-01-01-preview\",\r\n        \"2017-06-05-preview\"\r\n      ]\r\n    },\r\n    {\r\n      \"resourceType\": \"locations\",\r\n      \"locations\": [],\r\n      \"apiVersions\": [\r\n        \"2018-04-02\"\r\n      ]\r\n    },\r\n    {\r\n      \"resourceType\": \"locations/checkNameAvailability\",\r\n      \"locations\": [\r\n        \"West US\",\r\n        \"West Europe\",\r\n        \"North Europe\",\r\n        \"Southeast Asia\",\r\n        \"East Asia\",\r\n        \"Australia East\",\r\n        \"Australia Southeast\",\r\n        \"East US\",\r\n        \"Canada Central\",\r\n        \"Canada East\",\r\n        \"Central US\",\r\n        \"East US 2\",\r\n        \"UK South\",\r\n        \"UK West\",\r\n        \"Central India\",\r\n        \"South India\",\r\n        \"North Central US\",\r\n        \"South Central US\",\r\n        \"West Central US\",\r\n        \"West US 2\",\r\n        \"Central US EUAP\",\r\n        \"East US 2 EUAP\"\r\n      ],\r\n      \"apiVersions\": [\r\n        \"2018-04-02\"\r\n      ]\r\n    },\r\n    {\r\n      \"resourceType\": \"locations/workflows\",\r\n      \"locations\": [\r\n        \"West US\",\r\n        \"West Europe\",\r\n        \"North Europe\",\r\n        \"Southeast Asia\",\r\n        \"East Asia\",\r\n        \"Australia East\",\r\n        \"Australia Southeast\",\r\n        \"East US\",\r\n        \"Canada Central\",\r\n        \"Canada East\",\r\n        \"Central US\",\r\n        \"East US 2\",\r\n        \"UK South\",\r\n        \"UK West\",\r\n        \"Central India\",\r\n        \"South India\",\r\n        \"North Central US\",\r\n        \"South Central US\",\r\n        \"West Central US\",\r\n        \"West US 2\",\r\n        \"Central US EUAP\",\r\n        \"East US 2 EUAP\"\r\n      ],\r\n      \"apiVersions\": [\r\n        \"2018-04-02\"\r\n      ]\r\n    }\r\n  ],\r\n  \"registrationState\": \"Registered\"\r\n}",
      "ResponseHeaders": {
        "Content-Length": [
          "4151"
        ],
        "Content-Type": [
          "application/json; charset=utf-8"
        ],
        "Expires": [
          "-1"
        ],
        "Pragma": [
          "no-cache"
        ],
        "x-ms-ratelimit-remaining-subscription-reads": [
          "11998"
        ],
        "x-ms-request-id": [
          "2ee47624-2a78-4a90-9e9d-7a26c3435431"
        ],
        "x-ms-correlation-request-id": [
          "2ee47624-2a78-4a90-9e9d-7a26c3435431"
        ],
        "x-ms-routing-request-id": [
          "WESTUS2:20181107T082541Z:2ee47624-2a78-4a90-9e9d-7a26c3435431"
        ],
        "Strict-Transport-Security": [
          "max-age=31536000; includeSubDomains"
        ],
        "X-Content-Type-Options": [
          "nosniff"
        ],
        "Cache-Control": [
          "no-cache"
        ],
        "Date": [
          "Wed, 07 Nov 2018 08:25:40 GMT"
        ]
      },
      "StatusCode": 200
    },
    {
      "RequestUri": "/subscriptions/1d16f9b3-bbe3-48d4-930a-27a74dca003b/resourcegroups/ps9258?api-version=2016-09-01",
      "EncodedRequestUri": "L3N1YnNjcmlwdGlvbnMvMWQxNmY5YjMtYmJlMy00OGQ0LTkzMGEtMjdhNzRkY2EwMDNiL3Jlc291cmNlZ3JvdXBzL3BzOTI1OD9hcGktdmVyc2lvbj0yMDE2LTA5LTAx",
      "RequestMethod": "PUT",
      "RequestBody": "{\r\n  \"location\": \"West Central US\"\r\n}",
      "RequestHeaders": {
        "Content-Type": [
          "application/json; charset=utf-8"
        ],
        "Content-Length": [
          "37"
        ],
        "x-ms-client-request-id": [
          "81215ed5-2871-44b1-be76-f6d726500000"
        ],
        "accept-language": [
          "en-US"
        ],
        "User-Agent": [
          "FxVersion/4.7.3221.0",
          "OSName/WindowsServer2016Datacenter",
          "OSVersion/6.3.14393",
          "Microsoft.Azure.Management.Internal.Resources.ResourceManagementClient/4.1.0"
        ]
      },
      "ResponseBody": "{\r\n  \"id\": \"/subscriptions/1d16f9b3-bbe3-48d4-930a-27a74dca003b/resourceGroups/ps9258\",\r\n  \"name\": \"ps9258\",\r\n  \"location\": \"westcentralus\",\r\n  \"properties\": {\r\n    \"provisioningState\": \"Succeeded\"\r\n  }\r\n}",
      "ResponseHeaders": {
        "Content-Length": [
          "172"
        ],
        "Content-Type": [
          "application/json; charset=utf-8"
        ],
        "Expires": [
          "-1"
        ],
        "Pragma": [
          "no-cache"
        ],
        "x-ms-ratelimit-remaining-subscription-writes": [
          "1195"
        ],
        "x-ms-request-id": [
          "1e725d2b-132e-4881-842d-cfb15bbda5df"
        ],
        "x-ms-correlation-request-id": [
          "1e725d2b-132e-4881-842d-cfb15bbda5df"
        ],
        "x-ms-routing-request-id": [
          "WESTUS2:20181107T082542Z:1e725d2b-132e-4881-842d-cfb15bbda5df"
        ],
        "Strict-Transport-Security": [
          "max-age=31536000; includeSubDomains"
        ],
        "X-Content-Type-Options": [
          "nosniff"
        ],
        "Cache-Control": [
          "no-cache"
        ],
        "Date": [
          "Wed, 07 Nov 2018 08:25:41 GMT"
        ]
      },
      "StatusCode": 201
    },
    {
      "RequestUri": "/subscriptions/1d16f9b3-bbe3-48d4-930a-27a74dca003b/providers/Microsoft.StorageSync/locations/WestCentralUS/checkNameAvailability?api-version=2018-07-01",
      "EncodedRequestUri": "L3N1YnNjcmlwdGlvbnMvMWQxNmY5YjMtYmJlMy00OGQ0LTkzMGEtMjdhNzRkY2EwMDNiL3Byb3ZpZGVycy9NaWNyb3NvZnQuU3RvcmFnZVN5bmMvbG9jYXRpb25zL1dlc3RDZW50cmFsVVMvY2hlY2tOYW1lQXZhaWxhYmlsaXR5P2FwaS12ZXJzaW9uPTIwMTgtMDctMDE=",
      "RequestMethod": "POST",
      "RequestBody": "{\r\n  \"name\": \"sssps8189\",\r\n  \"type\": \"Microsoft.StorageSync/storageSyncServices\"\r\n}",
      "RequestHeaders": {
        "Content-Type": [
          "application/json; charset=utf-8"
        ],
        "Content-Length": [
          "83"
        ],
        "x-ms-client-request-id": [
          "ef10cd8d-610b-4ce7-ad06-ed787ab0d655"
        ],
        "accept-language": [
          "en-US"
        ],
        "User-Agent": [
          "FxVersion/4.7.3221.0",
          "OSName/WindowsServer2016Datacenter",
          "OSVersion/6.3.14393",
          "Microsoft.Azure.Management.StorageSync.StorageSyncManagementClient/2.0.0"
        ]
      },
      "ResponseBody": "{\r\n  \"nameAvailable\": true,\r\n  \"reason\": null,\r\n  \"message\": null\r\n}",
      "ResponseHeaders": {
        "Content-Length": [
          "51"
        ],
        "Content-Type": [
          "application/json; charset=utf-8"
        ],
        "Expires": [
          "-1"
        ],
        "Pragma": [
          "no-cache"
        ],
        "x-ms-request-id": [
          "f59209e3-87b3-4590-b20c-527274b0b9a1"
        ],
        "X-Content-Type-Options": [
          "nosniff"
        ],
        "Strict-Transport-Security": [
          "max-age=31536000; includeSubDomains"
        ],
        "x-ms-ratelimit-remaining-subscription-writes": [
          "1199"
        ],
        "x-ms-correlation-request-id": [
          "24a37847-8e63-41ba-a4ba-e3d472ae23b6"
        ],
        "x-ms-routing-request-id": [
          "WESTUS2:20181107T082542Z:24a37847-8e63-41ba-a4ba-e3d472ae23b6"
        ],
        "Cache-Control": [
          "no-cache"
        ],
        "Date": [
          "Wed, 07 Nov 2018 08:25:42 GMT"
        ],
        "Server": [
          "Microsoft-IIS/10.0"
        ],
        "X-AspNet-Version": [
          "4.0.30319"
        ],
        "X-Powered-By": [
          "ASP.NET"
        ]
      },
      "StatusCode": 200
    },
    {
      "RequestUri": "/subscriptions/1d16f9b3-bbe3-48d4-930a-27a74dca003b/resourceGroups/ps9258/providers/Microsoft.StorageSync/storageSyncServices/sssps8189?api-version=2018-07-01",
      "EncodedRequestUri": "L3N1YnNjcmlwdGlvbnMvMWQxNmY5YjMtYmJlMy00OGQ0LTkzMGEtMjdhNzRkY2EwMDNiL3Jlc291cmNlR3JvdXBzL3BzOTI1OC9wcm92aWRlcnMvTWljcm9zb2Z0LlN0b3JhZ2VTeW5jL3N0b3JhZ2VTeW5jU2VydmljZXMvc3NzcHM4MTg5P2FwaS12ZXJzaW9uPTIwMTgtMDctMDE=",
      "RequestMethod": "PUT",
      "RequestBody": "{\r\n  \"location\": \"West Central US\",\r\n  \"tags\": {}\r\n}",
      "RequestHeaders": {
        "Content-Type": [
          "application/json; charset=utf-8"
        ],
        "Content-Length": [
          "52"
        ],
        "x-ms-client-request-id": [
          "b97718e0-8e27-49bf-a13a-3190d8a4c07c"
        ],
        "accept-language": [
          "en-US"
        ],
        "User-Agent": [
          "FxVersion/4.7.3221.0",
          "OSName/WindowsServer2016Datacenter",
          "OSVersion/6.3.14393",
          "Microsoft.Azure.Management.StorageSync.StorageSyncManagementClient/2.0.0"
        ]
      },
      "ResponseBody": "{\r\n  \"properties\": {\r\n    \"storageSyncServiceStatus\": null,\r\n    \"storageSyncServiceUid\": \"00000000-0000-0000-0000-000000000000\"\r\n  },\r\n  \"location\": \"West Central US\",\r\n  \"tags\": {},\r\n  \"id\": \"/subscriptions/1d16f9b3-bbe3-48d4-930a-27a74dca003b/resourceGroups/ps9258/providers/microsoft.storagesync/storageSyncServices/sssps8189\",\r\n  \"name\": \"sssps8189\",\r\n  \"type\": \"microsoft.storagesync/storageSyncServices\"\r\n}",
      "ResponseHeaders": {
        "Content-Length": [
          "363"
        ],
        "Content-Type": [
          "application/json; charset=utf-8"
        ],
        "Expires": [
          "-1"
        ],
        "Pragma": [
          "no-cache"
        ],
        "x-ms-request-id": [
          "310f76e6-cb7e-4b7c-9dcb-356e92edf168"
        ],
        "X-Content-Type-Options": [
          "nosniff"
        ],
        "Strict-Transport-Security": [
          "max-age=31536000; includeSubDomains"
        ],
        "x-ms-ratelimit-remaining-subscription-writes": [
          "1198"
        ],
        "x-ms-correlation-request-id": [
          "cc94e4c0-f78d-4fa4-9538-44dd36aa6017"
        ],
        "x-ms-routing-request-id": [
          "WESTUS2:20181107T082543Z:cc94e4c0-f78d-4fa4-9538-44dd36aa6017"
        ],
        "Cache-Control": [
          "no-cache"
        ],
        "Date": [
          "Wed, 07 Nov 2018 08:25:43 GMT"
        ],
        "Server": [
          "Microsoft-IIS/10.0"
        ],
        "X-AspNet-Version": [
          "4.0.30319"
        ],
        "X-Powered-By": [
          "ASP.NET"
        ]
      },
      "StatusCode": 200
    },
    {
      "RequestUri": "/subscriptions/1d16f9b3-bbe3-48d4-930a-27a74dca003b/resourceGroups/ps9258/providers/Microsoft.StorageSync/storageSyncServices/sssps8189/syncGroups/sgps7050?api-version=2018-07-01",
      "EncodedRequestUri": "L3N1YnNjcmlwdGlvbnMvMWQxNmY5YjMtYmJlMy00OGQ0LTkzMGEtMjdhNzRkY2EwMDNiL3Jlc291cmNlR3JvdXBzL3BzOTI1OC9wcm92aWRlcnMvTWljcm9zb2Z0LlN0b3JhZ2VTeW5jL3N0b3JhZ2VTeW5jU2VydmljZXMvc3NzcHM4MTg5L3N5bmNHcm91cHMvc2dwczcwNTA/YXBpLXZlcnNpb249MjAxOC0wNy0wMQ==",
      "RequestMethod": "PUT",
      "RequestBody": "{\r\n  \"properties\": {}\r\n}",
      "RequestHeaders": {
        "Content-Type": [
          "application/json; charset=utf-8"
        ],
        "Content-Length": [
          "24"
        ],
        "x-ms-client-request-id": [
          "abb19a1f-187d-4b82-86fe-839e14f89249"
        ],
        "accept-language": [
          "en-US"
        ],
        "User-Agent": [
          "FxVersion/4.7.3221.0",
          "OSName/WindowsServer2016Datacenter",
          "OSVersion/6.3.14393",
          "Microsoft.Azure.Management.StorageSync.StorageSyncManagementClient/2.0.0"
        ]
      },
      "ResponseBody": "{\r\n  \"properties\": {\r\n    \"syncGroupStatus\": null,\r\n    \"uniqueId\": \"4d9c6723-eda8-4a11-8ed1-ecd182ec2228\"\r\n  },\r\n  \"id\": \"/subscriptions/1d16f9b3-bbe3-48d4-930a-27a74dca003b/resourceGroups/ps9258/providers/microsoft.storagesync/storageSyncServices/sssps8189/syncGroups/sgps7050\",\r\n  \"name\": \"sgps7050\",\r\n  \"type\": \"microsoft.storagesync/storageSyncServices/syncGroups\"\r\n}",
      "ResponseHeaders": {
        "Content-Length": [
          "332"
        ],
        "Content-Type": [
          "application/json; charset=utf-8"
        ],
        "Expires": [
          "-1"
        ],
        "Pragma": [
          "no-cache"
        ],
        "x-ms-request-id": [
          "dac9b0e3-686e-45af-8846-d12de197c1f6"
        ],
        "X-Content-Type-Options": [
          "nosniff"
        ],
        "Strict-Transport-Security": [
          "max-age=31536000; includeSubDomains"
        ],
        "x-ms-ratelimit-remaining-subscription-writes": [
          "1197"
        ],
        "x-ms-correlation-request-id": [
          "5aec116f-8ce6-49ab-be53-b8cd5f579fa3"
        ],
        "x-ms-routing-request-id": [
          "WESTUS2:20181107T082544Z:5aec116f-8ce6-49ab-be53-b8cd5f579fa3"
        ],
        "Cache-Control": [
          "no-cache"
        ],
        "Date": [
          "Wed, 07 Nov 2018 08:25:44 GMT"
        ],
        "Server": [
          "Microsoft-IIS/10.0"
        ],
        "X-AspNet-Version": [
          "4.0.30319"
        ],
        "X-Powered-By": [
          "ASP.NET"
        ]
      },
      "StatusCode": 200
    },
    {
      "RequestUri": "/subscriptions/1d16f9b3-bbe3-48d4-930a-27a74dca003b/resourceGroups/ps9258/providers/Microsoft.StorageSync/storageSyncServices/sssps8189/syncGroups/sgps7050?api-version=2018-07-01",
      "EncodedRequestUri": "L3N1YnNjcmlwdGlvbnMvMWQxNmY5YjMtYmJlMy00OGQ0LTkzMGEtMjdhNzRkY2EwMDNiL3Jlc291cmNlR3JvdXBzL3BzOTI1OC9wcm92aWRlcnMvTWljcm9zb2Z0LlN0b3JhZ2VTeW5jL3N0b3JhZ2VTeW5jU2VydmljZXMvc3NzcHM4MTg5L3N5bmNHcm91cHMvc2dwczcwNTA/YXBpLXZlcnNpb249MjAxOC0wNy0wMQ==",
      "RequestMethod": "GET",
      "RequestBody": "",
      "RequestHeaders": {
        "x-ms-client-request-id": [
          "b1861a7b-5b7d-44cd-88da-0a2023bbbaaf"
        ],
        "accept-language": [
          "en-US"
        ],
        "User-Agent": [
          "FxVersion/4.7.3221.0",
          "OSName/WindowsServer2016Datacenter",
          "OSVersion/6.3.14393",
          "Microsoft.Azure.Management.StorageSync.StorageSyncManagementClient/2.0.0"
        ]
      },
      "ResponseBody": "{\r\n  \"properties\": {\r\n    \"syncGroupStatus\": 0,\r\n    \"uniqueId\": \"4d9c6723-eda8-4a11-8ed1-ecd182ec2228\"\r\n  },\r\n  \"id\": \"/subscriptions/1d16f9b3-bbe3-48d4-930a-27a74dca003b/resourceGroups/ps9258/providers/microsoft.storagesync/storageSyncServices/sssps8189/syncGroups/sgps7050\",\r\n  \"name\": \"sgps7050\",\r\n  \"type\": \"microsoft.storagesync/storageSyncServices/syncGroups\"\r\n}",
      "ResponseHeaders": {
        "Content-Length": [
          "329"
        ],
        "Content-Type": [
          "application/json; charset=utf-8"
        ],
        "Expires": [
          "-1"
        ],
        "Pragma": [
          "no-cache"
        ],
        "x-ms-request-id": [
          "08596ec9-d87c-4e13-8704-d4ce7244457c"
        ],
        "X-Content-Type-Options": [
          "nosniff"
        ],
        "Strict-Transport-Security": [
          "max-age=31536000; includeSubDomains"
        ],
        "x-ms-ratelimit-remaining-subscription-reads": [
          "11995"
        ],
        "x-ms-correlation-request-id": [
          "826c76d8-a26e-4633-a7d5-dd2a5f58b16e"
        ],
        "x-ms-routing-request-id": [
          "WESTUS2:20181107T082544Z:826c76d8-a26e-4633-a7d5-dd2a5f58b16e"
        ],
        "Cache-Control": [
          "no-cache"
        ],
        "Date": [
          "Wed, 07 Nov 2018 08:25:44 GMT"
        ],
        "Server": [
          "Microsoft-IIS/10.0"
        ],
        "X-AspNet-Version": [
          "4.0.30319"
        ],
        "X-Powered-By": [
          "ASP.NET"
        ]
      },
      "StatusCode": 200
    },
    {
      "RequestUri": "/subscriptions/1d16f9b3-bbe3-48d4-930a-27a74dca003b/resourceGroups/ps9258/providers/Microsoft.StorageSync/storageSyncServices/sssps8189/syncGroups/sgps7050?api-version=2018-07-01",
      "EncodedRequestUri": "L3N1YnNjcmlwdGlvbnMvMWQxNmY5YjMtYmJlMy00OGQ0LTkzMGEtMjdhNzRkY2EwMDNiL3Jlc291cmNlR3JvdXBzL3BzOTI1OC9wcm92aWRlcnMvTWljcm9zb2Z0LlN0b3JhZ2VTeW5jL3N0b3JhZ2VTeW5jU2VydmljZXMvc3NzcHM4MTg5L3N5bmNHcm91cHMvc2dwczcwNTA/YXBpLXZlcnNpb249MjAxOC0wNy0wMQ==",
      "RequestMethod": "DELETE",
      "RequestBody": "",
      "RequestHeaders": {
        "x-ms-client-request-id": [
          "ee97005c-9474-4ba3-81a3-59d8943660e7"
        ],
        "accept-language": [
          "en-US"
        ],
        "User-Agent": [
          "FxVersion/4.7.3221.0",
          "OSName/WindowsServer2016Datacenter",
          "OSVersion/6.3.14393",
          "Microsoft.Azure.Management.StorageSync.StorageSyncManagementClient/2.0.0"
        ]
      },
      "ResponseBody": "",
      "ResponseHeaders": {
        "Content-Length": [
          "0"
        ],
        "Expires": [
          "-1"
        ],
        "Pragma": [
          "no-cache"
        ],
        "x-ms-request-id": [
          "d8a02952-0931-4329-ab84-cc282da6d776"
        ],
        "X-Content-Type-Options": [
          "nosniff"
        ],
        "Strict-Transport-Security": [
          "max-age=31536000; includeSubDomains"
        ],
        "x-ms-ratelimit-remaining-subscription-deletes": [
          "14999"
        ],
        "x-ms-correlation-request-id": [
          "d6787949-cfb9-4f64-b004-a469605ab30c"
        ],
        "x-ms-routing-request-id": [
          "WESTUS2:20181107T082544Z:d6787949-cfb9-4f64-b004-a469605ab30c"
        ],
        "Cache-Control": [
          "no-cache"
        ],
        "Date": [
          "Wed, 07 Nov 2018 08:25:44 GMT"
        ],
        "Server": [
          "Microsoft-IIS/10.0"
        ],
        "X-AspNet-Version": [
          "4.0.30319"
        ],
        "X-Powered-By": [
          "ASP.NET"
        ]
      },
      "StatusCode": 200
    },
    {
      "RequestUri": "/subscriptions/1d16f9b3-bbe3-48d4-930a-27a74dca003b/resourceGroups/ps9258/providers/Microsoft.StorageSync/storageSyncServices/sssps8189?api-version=2018-07-01",
      "EncodedRequestUri": "L3N1YnNjcmlwdGlvbnMvMWQxNmY5YjMtYmJlMy00OGQ0LTkzMGEtMjdhNzRkY2EwMDNiL3Jlc291cmNlR3JvdXBzL3BzOTI1OC9wcm92aWRlcnMvTWljcm9zb2Z0LlN0b3JhZ2VTeW5jL3N0b3JhZ2VTeW5jU2VydmljZXMvc3NzcHM4MTg5P2FwaS12ZXJzaW9uPTIwMTgtMDctMDE=",
      "RequestMethod": "DELETE",
      "RequestBody": "",
      "RequestHeaders": {
        "x-ms-client-request-id": [
          "17ca2e36-4721-414a-81a5-1a99e3132187"
        ],
        "accept-language": [
          "en-US"
        ],
        "User-Agent": [
          "FxVersion/4.7.3221.0",
          "OSName/WindowsServer2016Datacenter",
          "OSVersion/6.3.14393",
          "Microsoft.Azure.Management.StorageSync.StorageSyncManagementClient/2.0.0"
        ]
      },
      "ResponseBody": "",
      "ResponseHeaders": {
        "Content-Length": [
          "0"
        ],
        "Expires": [
          "-1"
        ],
        "Pragma": [
          "no-cache"
        ],
        "x-ms-request-id": [
          "f99a12cd-996d-4b5c-8f37-f5f1a7c45011"
        ],
        "X-Content-Type-Options": [
          "nosniff"
        ],
        "Strict-Transport-Security": [
          "max-age=31536000; includeSubDomains"
        ],
        "x-ms-ratelimit-remaining-subscription-deletes": [
          "14998"
        ],
        "x-ms-correlation-request-id": [
          "e834875a-f90a-441f-9f7e-3a9734066277"
        ],
        "x-ms-routing-request-id": [
          "WESTUS2:20181107T082545Z:e834875a-f90a-441f-9f7e-3a9734066277"
        ],
        "Cache-Control": [
          "no-cache"
        ],
        "Date": [
          "Wed, 07 Nov 2018 08:25:45 GMT"
        ],
        "Server": [
          "Microsoft-IIS/10.0"
        ],
        "X-AspNet-Version": [
          "4.0.30319"
        ],
        "X-Powered-By": [
          "ASP.NET"
        ]
      },
      "StatusCode": 200
    },
    {
      "RequestUri": "/subscriptions/1d16f9b3-bbe3-48d4-930a-27a74dca003b/resourcegroups/ps9258?api-version=2016-09-01",
      "EncodedRequestUri": "L3N1YnNjcmlwdGlvbnMvMWQxNmY5YjMtYmJlMy00OGQ0LTkzMGEtMjdhNzRkY2EwMDNiL3Jlc291cmNlZ3JvdXBzL3BzOTI1OD9hcGktdmVyc2lvbj0yMDE2LTA5LTAx",
      "RequestMethod": "DELETE",
      "RequestBody": "",
      "RequestHeaders": {
        "x-ms-client-request-id": [
          "9dcc167f-ee1b-4b6b-bdb8-c64c4d2606da"
        ],
        "accept-language": [
          "en-US"
        ],
        "User-Agent": [
          "FxVersion/4.7.3221.0",
          "OSName/WindowsServer2016Datacenter",
          "OSVersion/6.3.14393",
          "Microsoft.Azure.Management.Internal.Resources.ResourceManagementClient/4.1.0"
        ]
      },
      "ResponseBody": "",
      "ResponseHeaders": {
        "Content-Length": [
          "0"
        ],
        "Expires": [
          "-1"
        ],
        "Pragma": [
          "no-cache"
        ],
        "Retry-After": [
          "15"
        ],
        "x-ms-ratelimit-remaining-subscription-deletes": [
          "14996"
        ],
        "x-ms-request-id": [
          "98a34540-8a31-4603-ba21-f66d125168b9"
        ],
        "x-ms-correlation-request-id": [
          "98a34540-8a31-4603-ba21-f66d125168b9"
        ],
        "x-ms-routing-request-id": [
          "WESTUS2:20181107T082546Z:98a34540-8a31-4603-ba21-f66d125168b9"
        ],
        "Strict-Transport-Security": [
          "max-age=31536000; includeSubDomains"
        ],
        "X-Content-Type-Options": [
          "nosniff"
        ],
        "Cache-Control": [
          "no-cache"
        ],
        "Date": [
          "Wed, 07 Nov 2018 08:25:45 GMT"
        ],
        "Location": [
          "https://management.azure.com/subscriptions/1d16f9b3-bbe3-48d4-930a-27a74dca003b/operationresults/eyJqb2JJZCI6IlJFU09VUkNFR1JPVVBERUxFVElPTkpPQi1QUzkyNTgtV0VTVENFTlRSQUxVUyIsImpvYkxvY2F0aW9uIjoid2VzdGNlbnRyYWx1cyJ9?api-version=2016-09-01"
        ]
      },
      "StatusCode": 202
    },
    {
      "RequestUri": "/subscriptions/1d16f9b3-bbe3-48d4-930a-27a74dca003b/operationresults/eyJqb2JJZCI6IlJFU09VUkNFR1JPVVBERUxFVElPTkpPQi1QUzkyNTgtV0VTVENFTlRSQUxVUyIsImpvYkxvY2F0aW9uIjoid2VzdGNlbnRyYWx1cyJ9?api-version=2016-09-01",
      "EncodedRequestUri": "L3N1YnNjcmlwdGlvbnMvMWQxNmY5YjMtYmJlMy00OGQ0LTkzMGEtMjdhNzRkY2EwMDNiL29wZXJhdGlvbnJlc3VsdHMvZXlKcWIySkpaQ0k2SWxKRlUwOVZVa05GUjFKUFZWQkVSVXhGVkVsUFRrcFBRaTFRVXpreU5UZ3RWMFZUVkVORlRsUlNRVXhWVXlJc0ltcHZZa3h2WTJGMGFXOXVJam9pZDJWemRHTmxiblJ5WVd4MWN5Sjk/YXBpLXZlcnNpb249MjAxNi0wOS0wMQ==",
      "RequestMethod": "GET",
      "RequestBody": "",
      "RequestHeaders": {
        "User-Agent": [
          "FxVersion/4.7.3221.0",
          "OSName/WindowsServer2016Datacenter",
          "OSVersion/6.3.14393",
          "Microsoft.Azure.Management.Internal.Resources.ResourceManagementClient/4.1.0"
        ]
      },
      "ResponseBody": "",
      "ResponseHeaders": {
        "Content-Length": [
          "0"
        ],
        "Expires": [
          "-1"
        ],
        "Pragma": [
          "no-cache"
        ],
        "Retry-After": [
          "15"
        ],
        "x-ms-ratelimit-remaining-subscription-reads": [
          "11997"
        ],
        "x-ms-request-id": [
          "023a9922-8fd6-43f5-8215-9b956e6ab45f"
        ],
        "x-ms-correlation-request-id": [
          "023a9922-8fd6-43f5-8215-9b956e6ab45f"
        ],
        "x-ms-routing-request-id": [
          "WESTUS2:20181107T082601Z:023a9922-8fd6-43f5-8215-9b956e6ab45f"
        ],
        "Strict-Transport-Security": [
          "max-age=31536000; includeSubDomains"
        ],
        "X-Content-Type-Options": [
          "nosniff"
        ],
        "Cache-Control": [
          "no-cache"
        ],
        "Date": [
          "Wed, 07 Nov 2018 08:26:00 GMT"
        ],
        "Location": [
          "https://management.azure.com/subscriptions/1d16f9b3-bbe3-48d4-930a-27a74dca003b/operationresults/eyJqb2JJZCI6IlJFU09VUkNFR1JPVVBERUxFVElPTkpPQi1QUzkyNTgtV0VTVENFTlRSQUxVUyIsImpvYkxvY2F0aW9uIjoid2VzdGNlbnRyYWx1cyJ9?api-version=2016-09-01"
        ]
      },
      "StatusCode": 202
    },
    {
      "RequestUri": "/subscriptions/1d16f9b3-bbe3-48d4-930a-27a74dca003b/operationresults/eyJqb2JJZCI6IlJFU09VUkNFR1JPVVBERUxFVElPTkpPQi1QUzkyNTgtV0VTVENFTlRSQUxVUyIsImpvYkxvY2F0aW9uIjoid2VzdGNlbnRyYWx1cyJ9?api-version=2016-09-01",
      "EncodedRequestUri": "L3N1YnNjcmlwdGlvbnMvMWQxNmY5YjMtYmJlMy00OGQ0LTkzMGEtMjdhNzRkY2EwMDNiL29wZXJhdGlvbnJlc3VsdHMvZXlKcWIySkpaQ0k2SWxKRlUwOVZVa05GUjFKUFZWQkVSVXhGVkVsUFRrcFBRaTFRVXpreU5UZ3RWMFZUVkVORlRsUlNRVXhWVXlJc0ltcHZZa3h2WTJGMGFXOXVJam9pZDJWemRHTmxiblJ5WVd4MWN5Sjk/YXBpLXZlcnNpb249MjAxNi0wOS0wMQ==",
      "RequestMethod": "GET",
      "RequestBody": "",
      "RequestHeaders": {
        "User-Agent": [
          "FxVersion/4.7.3221.0",
          "OSName/WindowsServer2016Datacenter",
          "OSVersion/6.3.14393",
          "Microsoft.Azure.Management.Internal.Resources.ResourceManagementClient/4.1.0"
        ]
      },
      "ResponseBody": "",
      "ResponseHeaders": {
        "Content-Length": [
          "0"
        ],
        "Expires": [
          "-1"
        ],
        "Pragma": [
          "no-cache"
        ],
        "Retry-After": [
          "15"
        ],
        "x-ms-ratelimit-remaining-subscription-reads": [
          "11996"
        ],
        "x-ms-request-id": [
          "a16f2699-ff43-4553-8ed5-738c4b963ff2"
        ],
        "x-ms-correlation-request-id": [
          "a16f2699-ff43-4553-8ed5-738c4b963ff2"
        ],
        "x-ms-routing-request-id": [
          "WESTUS2:20181107T082616Z:a16f2699-ff43-4553-8ed5-738c4b963ff2"
        ],
        "Strict-Transport-Security": [
          "max-age=31536000; includeSubDomains"
        ],
        "X-Content-Type-Options": [
          "nosniff"
        ],
        "Cache-Control": [
          "no-cache"
        ],
        "Date": [
          "Wed, 07 Nov 2018 08:26:16 GMT"
        ],
        "Location": [
          "https://management.azure.com/subscriptions/1d16f9b3-bbe3-48d4-930a-27a74dca003b/operationresults/eyJqb2JJZCI6IlJFU09VUkNFR1JPVVBERUxFVElPTkpPQi1QUzkyNTgtV0VTVENFTlRSQUxVUyIsImpvYkxvY2F0aW9uIjoid2VzdGNlbnRyYWx1cyJ9?api-version=2016-09-01"
        ]
      },
      "StatusCode": 202
    },
    {
      "RequestUri": "/subscriptions/1d16f9b3-bbe3-48d4-930a-27a74dca003b/operationresults/eyJqb2JJZCI6IlJFU09VUkNFR1JPVVBERUxFVElPTkpPQi1QUzkyNTgtV0VTVENFTlRSQUxVUyIsImpvYkxvY2F0aW9uIjoid2VzdGNlbnRyYWx1cyJ9?api-version=2016-09-01",
      "EncodedRequestUri": "L3N1YnNjcmlwdGlvbnMvMWQxNmY5YjMtYmJlMy00OGQ0LTkzMGEtMjdhNzRkY2EwMDNiL29wZXJhdGlvbnJlc3VsdHMvZXlKcWIySkpaQ0k2SWxKRlUwOVZVa05GUjFKUFZWQkVSVXhGVkVsUFRrcFBRaTFRVXpreU5UZ3RWMFZUVkVORlRsUlNRVXhWVXlJc0ltcHZZa3h2WTJGMGFXOXVJam9pZDJWemRHTmxiblJ5WVd4MWN5Sjk/YXBpLXZlcnNpb249MjAxNi0wOS0wMQ==",
      "RequestMethod": "GET",
      "RequestBody": "",
      "RequestHeaders": {
        "User-Agent": [
          "FxVersion/4.7.3221.0",
          "OSName/WindowsServer2016Datacenter",
          "OSVersion/6.3.14393",
          "Microsoft.Azure.Management.Internal.Resources.ResourceManagementClient/4.1.0"
        ]
      },
      "ResponseBody": "",
      "ResponseHeaders": {
        "Content-Length": [
          "0"
        ],
        "Expires": [
          "-1"
        ],
        "Pragma": [
          "no-cache"
        ],
        "x-ms-ratelimit-remaining-subscription-reads": [
          "11995"
        ],
        "x-ms-request-id": [
          "c963d55b-c3f4-4f7e-9172-c73fc8412da7"
        ],
        "x-ms-correlation-request-id": [
          "c963d55b-c3f4-4f7e-9172-c73fc8412da7"
        ],
        "x-ms-routing-request-id": [
          "WESTUS2:20181107T082631Z:c963d55b-c3f4-4f7e-9172-c73fc8412da7"
        ],
        "Strict-Transport-Security": [
          "max-age=31536000; includeSubDomains"
        ],
        "X-Content-Type-Options": [
          "nosniff"
        ],
        "Cache-Control": [
          "no-cache"
        ],
        "Date": [
          "Wed, 07 Nov 2018 08:26:31 GMT"
        ]
      },
      "StatusCode": 200
    },
    {
      "RequestUri": "/subscriptions/1d16f9b3-bbe3-48d4-930a-27a74dca003b/operationresults/eyJqb2JJZCI6IlJFU09VUkNFR1JPVVBERUxFVElPTkpPQi1QUzkyNTgtV0VTVENFTlRSQUxVUyIsImpvYkxvY2F0aW9uIjoid2VzdGNlbnRyYWx1cyJ9?api-version=2016-09-01",
      "EncodedRequestUri": "L3N1YnNjcmlwdGlvbnMvMWQxNmY5YjMtYmJlMy00OGQ0LTkzMGEtMjdhNzRkY2EwMDNiL29wZXJhdGlvbnJlc3VsdHMvZXlKcWIySkpaQ0k2SWxKRlUwOVZVa05GUjFKUFZWQkVSVXhGVkVsUFRrcFBRaTFRVXpreU5UZ3RWMFZUVkVORlRsUlNRVXhWVXlJc0ltcHZZa3h2WTJGMGFXOXVJam9pZDJWemRHTmxiblJ5WVd4MWN5Sjk/YXBpLXZlcnNpb249MjAxNi0wOS0wMQ==",
      "RequestMethod": "GET",
      "RequestBody": "",
      "RequestHeaders": {
        "User-Agent": [
          "FxVersion/4.7.3221.0",
          "OSName/WindowsServer2016Datacenter",
          "OSVersion/6.3.14393",
          "Microsoft.Azure.Management.Internal.Resources.ResourceManagementClient/4.1.0"
        ]
      },
      "ResponseBody": "",
      "ResponseHeaders": {
        "Content-Length": [
          "0"
        ],
        "Expires": [
          "-1"
        ],
        "Pragma": [
          "no-cache"
        ],
        "x-ms-ratelimit-remaining-subscription-reads": [
          "11994"
        ],
        "x-ms-request-id": [
          "467dac25-963b-44a4-a0fa-9c2fd54f4859"
        ],
        "x-ms-correlation-request-id": [
          "467dac25-963b-44a4-a0fa-9c2fd54f4859"
        ],
        "x-ms-routing-request-id": [
          "WESTUS2:20181107T082631Z:467dac25-963b-44a4-a0fa-9c2fd54f4859"
        ],
        "Strict-Transport-Security": [
          "max-age=31536000; includeSubDomains"
        ],
        "X-Content-Type-Options": [
          "nosniff"
        ],
        "Cache-Control": [
          "no-cache"
        ],
        "Date": [
          "Wed, 07 Nov 2018 08:26:31 GMT"
        ]
      },
      "StatusCode": 200
    }
  ],
  "Names": {
    "Test-GetSyncGroupParentResourceId": [
      "ps9258",
      "ps8189",
      "ps7050"
    ]
  },
  "Variables": {
    "SubscriptionId": "1d16f9b3-bbe3-48d4-930a-27a74dca003b",
    "TenantId": "72f988bf-86f1-41af-91ab-2d7cd011db47",
    "Domain": ""
  }
}