{
  "AzVMwareCluster+[NoContext]+List+$PUT+https://management.azure.com/subscriptions/cef41485-ad1e-4cc3-a652-4c2620b8a2d0/resourceGroups/testgroup5q2kvd/providers/Microsoft.AVS/privateClouds/azps_test_cloudme6g/clusters/xdn238?api-version=2021-12-01+1": {
    "Request": {
      "Method": "PUT",
      "RequestUri": "https://management.azure.com/subscriptions/cef41485-ad1e-4cc3-a652-4c2620b8a2d0/resourceGroups/testgroup5q2kvd/providers/Microsoft.AVS/privateClouds/azps_test_cloudme6g/clusters/xdn238?api-version=2021-12-01",
      "Content": "{\r\n  \"sku\": {\r\n    \"name\": \"av20\"\r\n  },\r\n  \"properties\": {\r\n    \"clusterSize\": 3\r\n  }\r\n}",
      "isContentBase64": false,
      "Headers": {
      },
      "ContentHeaders": {
        "Content-Type": [ "application/json" ],
        "Content-Length": [ "88" ]
      }
    },
    "Response": {
      "StatusCode": 200,
      "Headers": {
        "Date": [ "Thu, 22 Sep 2022 07:13:06 GMT" ],
        "Server": [ "Rocket" ]
      },
      "ContentHeaders": {
        "Content-Length": [ "393" ],
        "Content-Type": [ "application/json" ]
      },
      "Content": "{\"id\":\"/subscriptions/{subscription-id}/resourceGroups/group1/providers/Microsoft.AVS/privateClouds/cloud1/clusters/cluster1\",\"name\":\"cluster1\",\"type\":\"Microsoft.AVS/privateClouds/clusters\",\"sku\":{\"name\":\"AV20\"},\"properties\":{\"clusterSize\":3,\"provisioningState\":\"Succeeded\",\"hosts\":[\"fakehost22.nyc1.kubernetes.center\",\"fakehost23.nyc1.kubernetes.center\",\"fakehost24.nyc1.kubernetes.center\"]}}",
      "isContentBase64": false
    }
  },
  "AzVMwareCluster+[NoContext]+List+$GET+https://management.azure.com/subscriptions/cef41485-ad1e-4cc3-a652-4c2620b8a2d0/resourceGroups/testgroup5q2kvd/providers/Microsoft.AVS/privateClouds/azps_test_cloudme6g/clusters/xdn238?api-version=2021-12-01+2": {
    "Request": {
      "Method": "GET",
      "RequestUri": "https://management.azure.com/subscriptions/cef41485-ad1e-4cc3-a652-4c2620b8a2d0/resourceGroups/testgroup5q2kvd/providers/Microsoft.AVS/privateClouds/azps_test_cloudme6g/clusters/xdn238?api-version=2021-12-01",
      "Content": null,
      "isContentBase64": false,
      "Headers": {
        "Authorization": [ "[Filtered]" ],
        "x-ms-unique-id": [ "27" ],
        "x-ms-client-request-id": [ "224fbde4-61c3-4d77-8d3f-46c3d0b020b5" ],
        "CommandName": [ "New-AzVMwareCluster" ],
        "FullCommandName": [ "New-AzVMwareCluster_CreateExpanded" ],
        "ParameterSetName": [ "__AllParameterSets" ],
        "User-Agent": [ "AzurePowershell/v0.0.0", "PSVersion/v7.1.2", "Az.VMware/0.4.0" ]
      },
      "ContentHeaders": {
      }
    },
    "Response": {
      "StatusCode": 200,
      "Headers": {
        "Date": [ "Thu, 22 Sep 2022 07:13:36 GMT" ],
        "Server": [ "Rocket" ]
      },
      "ContentHeaders": {
        "Content-Length": [ "429" ],
        "Content-Type": [ "application/json" ]
      },
      "Content": "{\"id\":\"/subscriptions/{subscription-id}/resourceGroups/group1/providers/Microsoft.AVS/privateClouds/cloud1/clusters/cluster1\",\"name\":\"cluster1\",\"type\":\"Microsoft.AVS/privateClouds/clusters\",\"sku\":{\"name\":\"AV20\"},\"properties\":{\"clusterSize\":4,\"provisioningState\":\"Succeeded\",\"hosts\":[\"fakehost22.nyc1.kubernetes.center\",\"fakehost23.nyc1.kubernetes.center\",\"fakehost24.nyc1.kubernetes.center\",\"fakehost25.nyc1.kubernetes.center\"]}}",
      "isContentBase64": false
    }
  },
  "AzVMwareCluster+[NoContext]+List+$GET+https://management.azure.com/subscriptions/cef41485-ad1e-4cc3-a652-4c2620b8a2d0/resourceGroups/testgroup5q2kvd/providers/Microsoft.AVS/privateClouds/azps_test_cloudme6g/clusters/xdn238?api-version=2021-12-01+3": {
    "Request": {
      "Method": "GET",
      "RequestUri": "https://management.azure.com/subscriptions/cef41485-ad1e-4cc3-a652-4c2620b8a2d0/resourceGroups/testgroup5q2kvd/providers/Microsoft.AVS/privateClouds/azps_test_cloudme6g/clusters/xdn238?api-version=2021-12-01",
      "Content": null,
      "isContentBase64": false,
      "Headers": {
        "Authorization": [ "[Filtered]" ],
        "x-ms-unique-id": [ "28" ],
        "x-ms-client-request-id": [ "224fbde4-61c3-4d77-8d3f-46c3d0b020b5" ],
        "CommandName": [ "New-AzVMwareCluster" ],
        "FullCommandName": [ "New-AzVMwareCluster_CreateExpanded" ],
        "ParameterSetName": [ "__AllParameterSets" ],
        "User-Agent": [ "AzurePowershell/v0.0.0", "PSVersion/v7.1.2", "Az.VMware/0.4.0" ]
      },
      "ContentHeaders": {
      }
    },
    "Response": {
      "StatusCode": 200,
      "Headers": {
        "Date": [ "Thu, 22 Sep 2022 07:13:36 GMT" ],
        "Server": [ "Rocket" ]
      },
      "ContentHeaders": {
        "Content-Length": [ "429" ],
        "Content-Type": [ "application/json" ]
      },
      "Content": "{\"id\":\"/subscriptions/{subscription-id}/resourceGroups/group1/providers/Microsoft.AVS/privateClouds/cloud1/clusters/cluster1\",\"name\":\"cluster1\",\"type\":\"Microsoft.AVS/privateClouds/clusters\",\"sku\":{\"name\":\"AV20\"},\"properties\":{\"clusterSize\":4,\"provisioningState\":\"Succeeded\",\"hosts\":[\"fakehost22.nyc1.kubernetes.center\",\"fakehost23.nyc1.kubernetes.center\",\"fakehost24.nyc1.kubernetes.center\",\"fakehost25.nyc1.kubernetes.center\"]}}",
      "isContentBase64": false
    }
  },
  "AzVMwareCluster+[NoContext]+List+$GET+https://management.azure.com/subscriptions/cef41485-ad1e-4cc3-a652-4c2620b8a2d0/resourceGroups/testgroup5q2kvd/providers/Microsoft.AVS/privateClouds/azps_test_cloudme6g/clusters?api-version=2021-12-01+4": {
    "Request": {
      "Method": "GET",
      "RequestUri": "https://management.azure.com/subscriptions/cef41485-ad1e-4cc3-a652-4c2620b8a2d0/resourceGroups/testgroup5q2kvd/providers/Microsoft.AVS/privateClouds/azps_test_cloudme6g/clusters?api-version=2021-12-01",
      "Content": null,
      "isContentBase64": false,
      "Headers": {
        "x-ms-unique-id": [ "29" ],
        "x-ms-client-request-id": [ "a6f958d7-65b9-4657-a9bc-de89d12bcaf9" ],
        "CommandName": [ "Get-AzVMwareCluster" ],
        "FullCommandName": [ "Get-AzVMwareCluster_List" ],
        "ParameterSetName": [ "__AllParameterSets" ],
        "User-Agent": [ "AzurePowershell/v0.0.0", "PSVersion/v7.1.2", "Az.VMware/0.4.0" ],
        "Authorization": [ "[Filtered]" ]
      },
      "ContentHeaders": {
      }
    },
    "Response": {
      "StatusCode": 200,
      "Headers": {
        "Date": [ "Thu, 22 Sep 2022 07:13:36 GMT" ],
        "Server": [ "Rocket" ]
      },
      "ContentHeaders": {
        "Content-Length": [ "405" ],
        "Content-Type": [ "application/json" ]
      },
      "Content": "{\"value\":[{\"id\":\"/subscriptions/{subscription-id}/resourceGroups/group1/providers/Microsoft.AVS/privateClouds/cloud1/clusters/cluster1\",\"name\":\"cluster1\",\"type\":\"Microsoft.AVS/privateClouds/clusters\",\"sku\":{\"name\":\"AV20\"},\"properties\":{\"clusterSize\":3,\"provisioningState\":\"Succeeded\",\"hosts\":[\"fakehost22.nyc1.kubernetes.center\",\"fakehost23.nyc1.kubernetes.center\",\"fakehost24.nyc1.kubernetes.center\"]}}]}",
      "isContentBase64": false
    }
  },
  "AzVMwareCluster+[NoContext]+Get+$GET+https://management.azure.com/subscriptions/cef41485-ad1e-4cc3-a652-4c2620b8a2d0/resourceGroups/testgroup5q2kvd/providers/Microsoft.AVS/privateClouds/azps_test_cloudme6g/clusters/xdn238?api-version=2021-12-01+1": {
    "Request": {
      "Method": "GET",
      "RequestUri": "https://management.azure.com/subscriptions/cef41485-ad1e-4cc3-a652-4c2620b8a2d0/resourceGroups/testgroup5q2kvd/providers/Microsoft.AVS/privateClouds/azps_test_cloudme6g/clusters/xdn238?api-version=2021-12-01",
      "Content": null,
      "isContentBase64": false,
      "Headers": {
        "x-ms-unique-id": [ "30" ],
        "x-ms-client-request-id": [ "386fa8ea-ba24-4c9d-b76a-54c56aa59732" ],
        "CommandName": [ "Get-AzVMwareCluster" ],
        "FullCommandName": [ "Get-AzVMwareCluster_Get" ],
        "ParameterSetName": [ "__AllParameterSets" ],
        "User-Agent": [ "AzurePowershell/v0.0.0", "PSVersion/v7.1.2", "Az.VMware/0.4.0" ],
        "Authorization": [ "[Filtered]" ]
      },
      "ContentHeaders": {
      }
    },
    "Response": {
      "StatusCode": 200,
      "Headers": {
        "Date": [ "Thu, 22 Sep 2022 07:13:38 GMT" ],
        "Server": [ "Rocket" ]
      },
      "ContentHeaders": {
        "Content-Length": [ "429" ],
        "Content-Type": [ "application/json" ]
      },
      "Content": "{\"id\":\"/subscriptions/{subscription-id}/resourceGroups/group1/providers/Microsoft.AVS/privateClouds/cloud1/clusters/cluster1\",\"name\":\"cluster1\",\"type\":\"Microsoft.AVS/privateClouds/clusters\",\"sku\":{\"name\":\"AV20\"},\"properties\":{\"clusterSize\":4,\"provisioningState\":\"Succeeded\",\"hosts\":[\"fakehost22.nyc1.kubernetes.center\",\"fakehost23.nyc1.kubernetes.center\",\"fakehost24.nyc1.kubernetes.center\",\"fakehost25.nyc1.kubernetes.center\"]}}",
      "isContentBase64": false
    }
  },
  "AzVMwareCluster+[NoContext]+CreateExpanded+$PUT+https://management.azure.com/subscriptions/cef41485-ad1e-4cc3-a652-4c2620b8a2d0/resourceGroups/testgroup5q2kvd/providers/Microsoft.AVS/privateClouds/azps_test_cloud7lcz/clusters/s7vnbc?api-version=2021-12-01+1": {
    "Request": {
      "Method": "PUT",
      "RequestUri": "https://management.azure.com/subscriptions/cef41485-ad1e-4cc3-a652-4c2620b8a2d0/resourceGroups/testgroup5q2kvd/providers/Microsoft.AVS/privateClouds/azps_test_cloud7lcz/clusters/s7vnbc?api-version=2021-12-01",
      "Content": "{\r\n  \"sku\": {\r\n    \"name\": \"av36\"\r\n  },\r\n  \"properties\": {\r\n    \"clusterSize\": 3\r\n  }\r\n}",
      "isContentBase64": false,
      "Headers": {
      },
      "ContentHeaders": {
        "Content-Type": [ "application/json" ],
        "Content-Length": [ "88" ]
      }
    },
    "Response": {
      "StatusCode": 200,
      "Headers": {
        "Date": [ "Thu, 22 Sep 2022 07:13:38 GMT" ],
        "Server": [ "Rocket" ]
      },
      "ContentHeaders": {
        "Content-Length": [ "393" ],
        "Content-Type": [ "application/json" ]
      },
      "Content": "{\"id\":\"/subscriptions/{subscription-id}/resourceGroups/group1/providers/Microsoft.AVS/privateClouds/cloud1/clusters/cluster1\",\"name\":\"cluster1\",\"type\":\"Microsoft.AVS/privateClouds/clusters\",\"sku\":{\"name\":\"AV20\"},\"properties\":{\"clusterSize\":3,\"provisioningState\":\"Succeeded\",\"hosts\":[\"fakehost22.nyc1.kubernetes.center\",\"fakehost23.nyc1.kubernetes.center\",\"fakehost24.nyc1.kubernetes.center\"]}}",
      "isContentBase64": false
    }
  },
  "AzVMwareCluster+[NoContext]+CreateExpanded+$GET+https://management.azure.com/subscriptions/cef41485-ad1e-4cc3-a652-4c2620b8a2d0/resourceGroups/testgroup5q2kvd/providers/Microsoft.AVS/privateClouds/azps_test_cloud7lcz/clusters/s7vnbc?api-version=2021-12-01+2": {
    "Request": {
      "Method": "GET",
      "RequestUri": "https://management.azure.com/subscriptions/cef41485-ad1e-4cc3-a652-4c2620b8a2d0/resourceGroups/testgroup5q2kvd/providers/Microsoft.AVS/privateClouds/azps_test_cloud7lcz/clusters/s7vnbc?api-version=2021-12-01",
      "Content": null,
      "isContentBase64": false,
      "Headers": {
        "Authorization": [ "[Filtered]" ],
        "x-ms-unique-id": [ "32" ],
        "x-ms-client-request-id": [ "676c1c2b-e7c1-43ef-958a-8507571918c2" ],
        "CommandName": [ "New-AzVMwareCluster" ],
        "FullCommandName": [ "New-AzVMwareCluster_CreateExpanded" ],
        "ParameterSetName": [ "__AllParameterSets" ],
        "User-Agent": [ "AzurePowershell/v0.0.0", "PSVersion/v7.1.2", "Az.VMware/0.4.0" ]
      },
      "ContentHeaders": {
      }
    },
    "Response": {
      "StatusCode": 200,
      "Headers": {
        "Date": [ "Thu, 22 Sep 2022 07:14:08 GMT" ],
        "Server": [ "Rocket" ]
      },
      "ContentHeaders": {
        "Content-Length": [ "429" ],
        "Content-Type": [ "application/json" ]
      },
      "Content": "{\"id\":\"/subscriptions/{subscription-id}/resourceGroups/group1/providers/Microsoft.AVS/privateClouds/cloud1/clusters/cluster1\",\"name\":\"cluster1\",\"type\":\"Microsoft.AVS/privateClouds/clusters\",\"sku\":{\"name\":\"AV20\"},\"properties\":{\"clusterSize\":4,\"provisioningState\":\"Succeeded\",\"hosts\":[\"fakehost22.nyc1.kubernetes.center\",\"fakehost23.nyc1.kubernetes.center\",\"fakehost24.nyc1.kubernetes.center\",\"fakehost25.nyc1.kubernetes.center\"]}}",
      "isContentBase64": false
    }
  },
  "AzVMwareCluster+[NoContext]+CreateExpanded+$GET+https://management.azure.com/subscriptions/cef41485-ad1e-4cc3-a652-4c2620b8a2d0/resourceGroups/testgroup5q2kvd/providers/Microsoft.AVS/privateClouds/azps_test_cloud7lcz/clusters/s7vnbc?api-version=2021-12-01+3": {
    "Request": {
      "Method": "GET",
      "RequestUri": "https://management.azure.com/subscriptions/cef41485-ad1e-4cc3-a652-4c2620b8a2d0/resourceGroups/testgroup5q2kvd/providers/Microsoft.AVS/privateClouds/azps_test_cloud7lcz/clusters/s7vnbc?api-version=2021-12-01",
      "Content": null,
      "isContentBase64": false,
      "Headers": {
        "Authorization": [ "[Filtered]" ],
        "x-ms-unique-id": [ "33" ],
        "x-ms-client-request-id": [ "676c1c2b-e7c1-43ef-958a-8507571918c2" ],
        "CommandName": [ "New-AzVMwareCluster" ],
        "FullCommandName": [ "New-AzVMwareCluster_CreateExpanded" ],
        "ParameterSetName": [ "__AllParameterSets" ],
        "User-Agent": [ "AzurePowershell/v0.0.0", "PSVersion/v7.1.2", "Az.VMware/0.4.0" ]
      },
      "ContentHeaders": {
      }
    },
    "Response": {
      "StatusCode": 200,
      "Headers": {
        "Date": [ "Thu, 22 Sep 2022 07:14:08 GMT" ],
        "Server": [ "Rocket" ]
      },
      "ContentHeaders": {
        "Content-Length": [ "429" ],
        "Content-Type": [ "application/json" ]
      },
      "Content": "{\"id\":\"/subscriptions/{subscription-id}/resourceGroups/group1/providers/Microsoft.AVS/privateClouds/cloud1/clusters/cluster1\",\"name\":\"cluster1\",\"type\":\"Microsoft.AVS/privateClouds/clusters\",\"sku\":{\"name\":\"AV20\"},\"properties\":{\"clusterSize\":4,\"provisioningState\":\"Succeeded\",\"hosts\":[\"fakehost22.nyc1.kubernetes.center\",\"fakehost23.nyc1.kubernetes.center\",\"fakehost24.nyc1.kubernetes.center\",\"fakehost25.nyc1.kubernetes.center\"]}}",
      "isContentBase64": false
    }
  },
  "AzVMwareCluster+[NoContext]+UpdateExpanded+$PUT+https://management.azure.com/subscriptions/cef41485-ad1e-4cc3-a652-4c2620b8a2d0/resourceGroups/testgroup5q2kvd/providers/Microsoft.AVS/privateClouds/azps_test_cloud7lcz/clusters/s7vnbc?api-version=2021-12-01+1": {
    "Request": {
      "Method": "PUT",
      "RequestUri": "https://management.azure.com/subscriptions/cef41485-ad1e-4cc3-a652-4c2620b8a2d0/resourceGroups/testgroup5q2kvd/providers/Microsoft.AVS/privateClouds/azps_test_cloud7lcz/clusters/s7vnbc?api-version=2021-12-01",
      "Content": "{\r\n  \"sku\": {\r\n    \"name\": \"av36\"\r\n  },\r\n  \"properties\": {\r\n    \"clusterSize\": 3\r\n  }\r\n}",
      "isContentBase64": false,
      "Headers": {
      },
      "ContentHeaders": {
        "Content-Type": [ "application/json" ],
        "Content-Length": [ "88" ]
      }
    },
    "Response": {
      "StatusCode": 200,
      "Headers": {
        "Date": [ "Thu, 22 Sep 2022 07:14:08 GMT" ],
        "Server": [ "Rocket" ]
      },
      "ContentHeaders": {
        "Content-Length": [ "393" ],
        "Content-Type": [ "application/json" ]
      },
      "Content": "{\"id\":\"/subscriptions/{subscription-id}/resourceGroups/group1/providers/Microsoft.AVS/privateClouds/cloud1/clusters/cluster1\",\"name\":\"cluster1\",\"type\":\"Microsoft.AVS/privateClouds/clusters\",\"sku\":{\"name\":\"AV20\"},\"properties\":{\"clusterSize\":3,\"provisioningState\":\"Succeeded\",\"hosts\":[\"fakehost22.nyc1.kubernetes.center\",\"fakehost23.nyc1.kubernetes.center\",\"fakehost24.nyc1.kubernetes.center\"]}}",
      "isContentBase64": false
    }
  },
  "AzVMwareCluster+[NoContext]+UpdateExpanded+$GET+https://management.azure.com/subscriptions/cef41485-ad1e-4cc3-a652-4c2620b8a2d0/resourceGroups/testgroup5q2kvd/providers/Microsoft.AVS/privateClouds/azps_test_cloud7lcz/clusters/s7vnbc?api-version=2021-12-01+2": {
    "Request": {
      "Method": "GET",
      "RequestUri": "https://management.azure.com/subscriptions/cef41485-ad1e-4cc3-a652-4c2620b8a2d0/resourceGroups/testgroup5q2kvd/providers/Microsoft.AVS/privateClouds/azps_test_cloud7lcz/clusters/s7vnbc?api-version=2021-12-01",
      "Content": null,
      "isContentBase64": false,
      "Headers": {
        "Authorization": [ "[Filtered]" ],
        "x-ms-unique-id": [ "35" ],
        "x-ms-client-request-id": [ "4a05d5f4-9c68-4e46-86fb-fc23a6088693" ],
        "CommandName": [ "New-AzVMwareCluster" ],
        "FullCommandName": [ "New-AzVMwareCluster_CreateExpanded" ],
        "ParameterSetName": [ "__AllParameterSets" ],
        "User-Agent": [ "AzurePowershell/v0.0.0", "PSVersion/v7.1.2", "Az.VMware/0.4.0" ]
      },
      "ContentHeaders": {
      }
    },
    "Response": {
      "StatusCode": 200,
      "Headers": {
        "Date": [ "Thu, 22 Sep 2022 07:14:39 GMT" ],
        "Server": [ "Rocket" ]
      },
      "ContentHeaders": {
        "Content-Length": [ "429" ],
        "Content-Type": [ "application/json" ]
      },
      "Content": "{\"id\":\"/subscriptions/{subscription-id}/resourceGroups/group1/providers/Microsoft.AVS/privateClouds/cloud1/clusters/cluster1\",\"name\":\"cluster1\",\"type\":\"Microsoft.AVS/privateClouds/clusters\",\"sku\":{\"name\":\"AV20\"},\"properties\":{\"clusterSize\":4,\"provisioningState\":\"Succeeded\",\"hosts\":[\"fakehost22.nyc1.kubernetes.center\",\"fakehost23.nyc1.kubernetes.center\",\"fakehost24.nyc1.kubernetes.center\",\"fakehost25.nyc1.kubernetes.center\"]}}",
      "isContentBase64": false
    }
  },
  "AzVMwareCluster+[NoContext]+UpdateExpanded+$GET+https://management.azure.com/subscriptions/cef41485-ad1e-4cc3-a652-4c2620b8a2d0/resourceGroups/testgroup5q2kvd/providers/Microsoft.AVS/privateClouds/azps_test_cloud7lcz/clusters/s7vnbc?api-version=2021-12-01+3": {
    "Request": {
      "Method": "GET",
      "RequestUri": "https://management.azure.com/subscriptions/cef41485-ad1e-4cc3-a652-4c2620b8a2d0/resourceGroups/testgroup5q2kvd/providers/Microsoft.AVS/privateClouds/azps_test_cloud7lcz/clusters/s7vnbc?api-version=2021-12-01",
      "Content": null,
      "isContentBase64": false,
      "Headers": {
        "Authorization": [ "[Filtered]" ],
        "x-ms-unique-id": [ "36" ],
        "x-ms-client-request-id": [ "4a05d5f4-9c68-4e46-86fb-fc23a6088693" ],
        "CommandName": [ "New-AzVMwareCluster" ],
        "FullCommandName": [ "New-AzVMwareCluster_CreateExpanded" ],
        "ParameterSetName": [ "__AllParameterSets" ],
        "User-Agent": [ "AzurePowershell/v0.0.0", "PSVersion/v7.1.2", "Az.VMware/0.4.0" ]
      },
      "ContentHeaders": {
      }
    },
    "Response": {
      "StatusCode": 200,
      "Headers": {
        "Date": [ "Thu, 22 Sep 2022 07:14:39 GMT" ],
        "Server": [ "Rocket" ]
      },
      "ContentHeaders": {
        "Content-Length": [ "429" ],
        "Content-Type": [ "application/json" ]
      },
      "Content": "{\"id\":\"/subscriptions/{subscription-id}/resourceGroups/group1/providers/Microsoft.AVS/privateClouds/cloud1/clusters/cluster1\",\"name\":\"cluster1\",\"type\":\"Microsoft.AVS/privateClouds/clusters\",\"sku\":{\"name\":\"AV20\"},\"properties\":{\"clusterSize\":4,\"provisioningState\":\"Succeeded\",\"hosts\":[\"fakehost22.nyc1.kubernetes.center\",\"fakehost23.nyc1.kubernetes.center\",\"fakehost24.nyc1.kubernetes.center\",\"fakehost25.nyc1.kubernetes.center\"]}}",
      "isContentBase64": false
    }
  },
  "AzVMwareCluster+[NoContext]+UpdateExpanded+$PATCH+https://management.azure.com/subscriptions/cef41485-ad1e-4cc3-a652-4c2620b8a2d0/resourceGroups/testgroup5q2kvd/providers/Microsoft.AVS/privateClouds/azps_test_cloud7lcz/clusters/s7vnbc?api-version=2021-12-01+4": {
    "Request": {
      "Method": "PATCH",
      "RequestUri": "https://management.azure.com/subscriptions/cef41485-ad1e-4cc3-a652-4c2620b8a2d0/resourceGroups/testgroup5q2kvd/providers/Microsoft.AVS/privateClouds/azps_test_cloud7lcz/clusters/s7vnbc?api-version=2021-12-01",
      "Content": "{\r\n  \"properties\": {\r\n    \"clusterSize\": 4\r\n  }\r\n}",
      "isContentBase64": false,
      "Headers": {
      },
      "ContentHeaders": {
        "Content-Type": [ "application/json" ],
        "Content-Length": [ "50" ]
      }
    },
    "Response": {
      "StatusCode": 200,
      "Headers": {
        "Date": [ "Thu, 22 Sep 2022 07:14:39 GMT" ],
        "Server": [ "Rocket" ]
      },
      "ContentHeaders": {
        "Content-Length": [ "429" ],
        "Content-Type": [ "application/json" ]
      },
      "Content": "{\"id\":\"/subscriptions/{subscription-id}/resourceGroups/group1/providers/Microsoft.AVS/privateClouds/cloud1/clusters/cluster1\",\"name\":\"cluster1\",\"type\":\"Microsoft.AVS/privateClouds/clusters\",\"sku\":{\"name\":\"AV20\"},\"properties\":{\"clusterSize\":4,\"provisioningState\":\"Succeeded\",\"hosts\":[\"fakehost22.nyc1.kubernetes.center\",\"fakehost23.nyc1.kubernetes.center\",\"fakehost24.nyc1.kubernetes.center\",\"fakehost25.nyc1.kubernetes.center\"]}}",
      "isContentBase64": false
    }
  },
  "AzVMwareCluster+[NoContext]+UpdateExpanded+$DELETE+https://management.azure.com/subscriptions/cef41485-ad1e-4cc3-a652-4c2620b8a2d0/resourceGroups/testgroup5q2kvd/providers/Microsoft.AVS/privateClouds/azps_test_cloud7lcz/clusters/s7vnbc?api-version=2021-12-01+5": {
    "Request": {
      "Method": "DELETE",
      "RequestUri": "https://management.azure.com/subscriptions/cef41485-ad1e-4cc3-a652-4c2620b8a2d0/resourceGroups/testgroup5q2kvd/providers/Microsoft.AVS/privateClouds/azps_test_cloud7lcz/clusters/s7vnbc?api-version=2021-12-01",
      "Content": null,
      "isContentBase64": false,
      "Headers": {
        "x-ms-unique-id": [ "38" ],
        "x-ms-client-request-id": [ "671bae33-bddb-4b6b-8825-bd499a1491e4" ],
        "CommandName": [ "Remove-AzVMwareCluster" ],
        "FullCommandName": [ "Remove-AzVMwareCluster_Delete" ],
        "ParameterSetName": [ "__AllParameterSets" ],
        "User-Agent": [ "AzurePowershell/v0.0.0", "PSVersion/v7.1.2", "Az.VMware/0.4.0" ],
        "Authorization": [ "[Filtered]" ]
      },
      "ContentHeaders": {
      }
    },
    "Response": {
      "StatusCode": 200,
      "Headers": {
        "Date": [ "Thu, 22 Sep 2022 07:14:41 GMT" ],
        "Server": [ "Rocket" ]
      },
      "ContentHeaders": {
        "Content-Length": [ "0" ]
      },
      "Content": null,
      "isContentBase64": false
    }
  },
  "AzVMwareCluster+[NoContext]+Delete+$DELETE+https://management.azure.com/subscriptions/cef41485-ad1e-4cc3-a652-4c2620b8a2d0/resourceGroups/testgroup5q2kvd/providers/Microsoft.AVS/privateClouds/azps_test_cloud7lcz/clusters/s7vnbc?api-version=2021-12-01+1": {
    "Request": {
      "Method": "DELETE",
      "RequestUri": "https://management.azure.com/subscriptions/cef41485-ad1e-4cc3-a652-4c2620b8a2d0/resourceGroups/testgroup5q2kvd/providers/Microsoft.AVS/privateClouds/azps_test_cloud7lcz/clusters/s7vnbc?api-version=2021-12-01",
      "Content": null,
      "isContentBase64": false,
      "Headers": {
        "x-ms-unique-id": [ "39" ],
        "x-ms-client-request-id": [ "33bb3e60-104f-4581-9266-c1c1993287bb" ],
        "CommandName": [ "Remove-AzVMwareCluster" ],
        "FullCommandName": [ "Remove-AzVMwareCluster_Delete" ],
        "ParameterSetName": [ "__AllParameterSets" ],
        "User-Agent": [ "AzurePowershell/v0.0.0", "PSVersion/v7.1.2", "Az.VMware/0.4.0" ],
        "Authorization": [ "[Filtered]" ]
      },
      "ContentHeaders": {
      }
    },
    "Response": {
      "StatusCode": 200,
      "Headers": {
        "Date": [ "Thu, 22 Sep 2022 07:14:41 GMT" ],
        "Server": [ "Rocket" ]
      },
      "ContentHeaders": {
        "Content-Length": [ "0" ]
      },
      "Content": null,
      "isContentBase64": false
    }
  }
}