{
  "Remove-AzVMwareCluster+[NoContext]+Delete+$DELETE+https://management.azure.com/subscriptions/ba75e79b-dd95-4025-9dbf-3a7ae8dff2b5/resourceGroups/azps_test_group_2/providers/Microsoft.AVS/privateClouds/azps_test_cloud_2/clusters/wmvla1?api-version=2021-06-01+1": {
    "Request": {
      "Method": "DELETE",
      "RequestUri": "https://management.azure.com/subscriptions/ba75e79b-dd95-4025-9dbf-3a7ae8dff2b5/resourceGroups/azps_test_group_2/providers/Microsoft.AVS/privateClouds/azps_test_cloud_2/clusters/wmvla1?api-version=2021-06-01",
      "Content": null,
      "isContentBase64": false,
      "Headers": {
        "x-ms-unique-id": [ "173" ],
        "x-ms-client-request-id": [ "b7dce118-f9ea-4d04-aa15-fb6563dd279a" ],
        "CommandName": [ "Remove-AzVMwareCluster" ],
        "FullCommandName": [ "Remove-AzVMwareCluster_Delete" ],
        "ParameterSetName": [ "__AllParameterSets" ],
        "User-Agent": [ "AzurePowershell/Az4.0.0-preview" ],
        "Authorization": [ "[Filtered]" ]
      },
      "ContentHeaders": {
      }
    },
    "Response": {
      "StatusCode": 202,
      "Headers": {
        "Cache-Control": [ "no-cache" ],
        "Pragma": [ "no-cache" ],
        "Location": [ "https://management.azure.com/subscriptions/ba75e79b-dd95-4025-9dbf-3a7ae8dff2b5/resourceGroups/azps_test_group_2/providers/Microsoft.AVS/privateClouds/azps_test_cloud_2/clusters/wmvla1/operationresults/570f8559-3421-4017-b3f3-51f46f27401f?api-version=2021-06-01" ],
        "Retry-After": [ "10" ],
        "x-ms-ratelimit-remaining-subscription-deletes": [ "14994" ],
        "Azure-AsyncOperation": [ "https://management.azure.com/subscriptions/ba75e79b-dd95-4025-9dbf-3a7ae8dff2b5/resourceGroups/azps_test_group_2/providers/Microsoft.AVS/privateClouds/azps_test_cloud_2/clusters/wmvla1/operationstatuses/570f8559-3421-4017-b3f3-51f46f27401f?api-version=2021-06-01" ],
        "x-ms-request-id": [ "b0960bbf-579d-49b1-9459-6ede6a601120" ],
        "Strict-Transport-Security": [ "max-age=31536000; includeSubDomains" ],
        "x-ms-correlation-request-id": [ "18b44075-fc91-4381-bdfa-ec2d5d27234a" ],
        "x-ms-routing-request-id": [ "WESTEUROPE:20210729T041340Z:18b44075-fc91-4381-bdfa-ec2d5d27234a" ],
        "X-Content-Type-Options": [ "nosniff" ],
        "X-Cache": [ "CONFIG_NOCACHE" ],
        "X-MSEdge-Ref": [ "Ref A: 802D97EA4E5E4C27BB41768525F6F596 Ref B: SG2EDGE1419 Ref C: 2021-07-29T04:13:40Z" ],
        "Date": [ "Thu, 29 Jul 2021 04:13:40 GMT" ]
      },
      "ContentHeaders": {
        "Content-Length": [ "476" ],
        "Content-Type": [ "application/json; charset=utf-8" ],
        "Expires": [ "-1" ]
      },
      "Content": "{\"id\":\"/subscriptions/ba75e79b-dd95-4025-9dbf-3a7ae8dff2b5/resourceGroups/azps_test_group_2/providers/Microsoft.AVS/privateClouds/azps_test_cloud_2/clusters/wmvla1\",\"name\":\"wmvla1\",\"properties\":{\"clusterId\":2,\"clusterSize\":3,\"hosts\":[\"he-fakehost19.mp01.mock01.vmcp.vs.management\",\"he-fakehost34.mp01.mock01.vmcp.vs.management\",\"he-fakehost45.mp01.mock01.vmcp.vs.management\"],\"provisioningState\":\"Deleting\"},\"sku\":{\"name\":\"av36\"},\"type\":\"Microsoft.AVS/privateClouds/clusters\"}",
      "isContentBase64": false
    }
  },
  "Remove-AzVMwareCluster+[NoContext]+Delete+$GET+https://management.azure.com/subscriptions/ba75e79b-dd95-4025-9dbf-3a7ae8dff2b5/resourceGroups/azps_test_group_2/providers/Microsoft.AVS/privateClouds/azps_test_cloud_2/clusters/wmvla1/operationstatuses/570f8559-3421-4017-b3f3-51f46f27401f?api-version=2021-06-01+2": {
    "Request": {
      "Method": "GET",
      "RequestUri": "https://management.azure.com/subscriptions/ba75e79b-dd95-4025-9dbf-3a7ae8dff2b5/resourceGroups/azps_test_group_2/providers/Microsoft.AVS/privateClouds/azps_test_cloud_2/clusters/wmvla1/operationstatuses/570f8559-3421-4017-b3f3-51f46f27401f?api-version=2021-06-01",
      "Content": null,
      "isContentBase64": false,
      "Headers": {
        "Authorization": [ "[Filtered]" ],
        "x-ms-unique-id": [ "174" ],
        "x-ms-client-request-id": [ "b7dce118-f9ea-4d04-aa15-fb6563dd279a" ],
        "CommandName": [ "Remove-AzVMwareCluster" ],
        "FullCommandName": [ "Remove-AzVMwareCluster_Delete" ],
        "ParameterSetName": [ "__AllParameterSets" ],
        "User-Agent": [ "AzurePowershell/Az4.0.0-preview" ]
      },
      "ContentHeaders": {
      }
    },
    "Response": {
      "StatusCode": 200,
      "Headers": {
        "Cache-Control": [ "no-cache" ],
        "Pragma": [ "no-cache" ],
        "Retry-After": [ "10" ],
        "x-ms-ratelimit-remaining-subscription-reads": [ "14897" ],
        "x-ms-request-id": [ "31ba1736-53bd-4531-9d2c-3c1450dd73ef" ],
        "Strict-Transport-Security": [ "max-age=31536000; includeSubDomains" ],
        "x-ms-correlation-request-id": [ "648203ed-1093-4b0c-baf7-1af4fc675b00" ],
        "x-ms-routing-request-id": [ "WESTEUROPE:20210729T041352Z:648203ed-1093-4b0c-baf7-1af4fc675b00" ],
        "X-Content-Type-Options": [ "nosniff" ],
        "X-Cache": [ "CONFIG_NOCACHE" ],
        "X-MSEdge-Ref": [ "Ref A: 43CEDCC005FC44AFA45BEE0147B85358 Ref B: SG2EDGE1419 Ref C: 2021-07-29T04:13:51Z" ],
        "Date": [ "Thu, 29 Jul 2021 04:13:52 GMT" ]
      },
      "ContentHeaders": {
        "Content-Length": [ "354" ],
        "Content-Type": [ "application/json; charset=utf-8" ],
        "Expires": [ "-1" ]
      },
      "Content": "{\"id\":\"/subscriptions/ba75e79b-dd95-4025-9dbf-3a7ae8dff2b5/resourceGroups/azps_test_group_2/providers/Microsoft.AVS/privateClouds/azps_test_cloud_2/clusters/wmvla1/operationstatuses/570f8559-3421-4017-b3f3-51f46f27401f\",\"name\":\"570f8559-3421-4017-b3f3-51f46f27401f\",\"percentComplete\":0,\"startTime\":\"2021-07-29T04:09:54.0323421+00:00\",\"status\":\"Building\"}",
      "isContentBase64": false
    }
  },
  "Remove-AzVMwareCluster+[NoContext]+Delete+$GET+https://management.azure.com/subscriptions/ba75e79b-dd95-4025-9dbf-3a7ae8dff2b5/resourceGroups/azps_test_group_2/providers/Microsoft.AVS/privateClouds/azps_test_cloud_2/clusters/wmvla1/operationstatuses/570f8559-3421-4017-b3f3-51f46f27401f?api-version=2021-06-01+3": {
    "Request": {
      "Method": "GET",
      "RequestUri": "https://management.azure.com/subscriptions/ba75e79b-dd95-4025-9dbf-3a7ae8dff2b5/resourceGroups/azps_test_group_2/providers/Microsoft.AVS/privateClouds/azps_test_cloud_2/clusters/wmvla1/operationstatuses/570f8559-3421-4017-b3f3-51f46f27401f?api-version=2021-06-01",
      "Content": null,
      "isContentBase64": false,
      "Headers": {
        "Authorization": [ "[Filtered]" ],
        "x-ms-unique-id": [ "175" ],
        "x-ms-client-request-id": [ "b7dce118-f9ea-4d04-aa15-fb6563dd279a" ],
        "CommandName": [ "Remove-AzVMwareCluster" ],
        "FullCommandName": [ "Remove-AzVMwareCluster_Delete" ],
        "ParameterSetName": [ "__AllParameterSets" ],
        "User-Agent": [ "AzurePowershell/Az4.0.0-preview" ]
      },
      "ContentHeaders": {
      }
    },
    "Response": {
      "StatusCode": 200,
      "Headers": {
        "Cache-Control": [ "no-cache" ],
        "Pragma": [ "no-cache" ],
        "Retry-After": [ "10" ],
        "x-ms-ratelimit-remaining-subscription-reads": [ "14896" ],
        "x-ms-request-id": [ "d9b44d58-eae9-46ef-a965-ed76e0d49a80" ],
        "Strict-Transport-Security": [ "max-age=31536000; includeSubDomains" ],
        "x-ms-correlation-request-id": [ "ed0bbfae-739b-42de-b268-a9542cb039b8" ],
        "x-ms-routing-request-id": [ "WESTEUROPE:20210729T041402Z:ed0bbfae-739b-42de-b268-a9542cb039b8" ],
        "X-Content-Type-Options": [ "nosniff" ],
        "X-Cache": [ "CONFIG_NOCACHE" ],
        "X-MSEdge-Ref": [ "Ref A: 7640E22BA59046A78E6730EAE7B707B6 Ref B: SG2EDGE1419 Ref C: 2021-07-29T04:14:02Z" ],
        "Date": [ "Thu, 29 Jul 2021 04:14:02 GMT" ]
      },
      "ContentHeaders": {
        "Content-Length": [ "355" ],
        "Content-Type": [ "application/json; charset=utf-8" ],
        "Expires": [ "-1" ]
      },
      "Content": "{\"id\":\"/subscriptions/ba75e79b-dd95-4025-9dbf-3a7ae8dff2b5/resourceGroups/azps_test_group_2/providers/Microsoft.AVS/privateClouds/azps_test_cloud_2/clusters/wmvla1/operationstatuses/570f8559-3421-4017-b3f3-51f46f27401f\",\"name\":\"570f8559-3421-4017-b3f3-51f46f27401f\",\"percentComplete\":50,\"startTime\":\"2021-07-29T04:09:54.0323421+00:00\",\"status\":\"Building\"}",
      "isContentBase64": false
    }
  },
  "Remove-AzVMwareCluster+[NoContext]+Delete+$GET+https://management.azure.com/subscriptions/ba75e79b-dd95-4025-9dbf-3a7ae8dff2b5/resourceGroups/azps_test_group_2/providers/Microsoft.AVS/privateClouds/azps_test_cloud_2/clusters/wmvla1/operationstatuses/570f8559-3421-4017-b3f3-51f46f27401f?api-version=2021-06-01+4": {
    "Request": {
      "Method": "GET",
      "RequestUri": "https://management.azure.com/subscriptions/ba75e79b-dd95-4025-9dbf-3a7ae8dff2b5/resourceGroups/azps_test_group_2/providers/Microsoft.AVS/privateClouds/azps_test_cloud_2/clusters/wmvla1/operationstatuses/570f8559-3421-4017-b3f3-51f46f27401f?api-version=2021-06-01",
      "Content": null,
      "isContentBase64": false,
      "Headers": {
        "Authorization": [ "[Filtered]" ],
        "x-ms-unique-id": [ "176" ],
        "x-ms-client-request-id": [ "b7dce118-f9ea-4d04-aa15-fb6563dd279a" ],
        "CommandName": [ "Remove-AzVMwareCluster" ],
        "FullCommandName": [ "Remove-AzVMwareCluster_Delete" ],
        "ParameterSetName": [ "__AllParameterSets" ],
        "User-Agent": [ "AzurePowershell/Az4.0.0-preview" ]
      },
      "ContentHeaders": {
      }
    },
    "Response": {
      "StatusCode": 200,
      "Headers": {
        "Cache-Control": [ "no-cache" ],
        "Pragma": [ "no-cache" ],
        "Retry-After": [ "10" ],
        "x-ms-ratelimit-remaining-subscription-reads": [ "14895" ],
        "x-ms-request-id": [ "987b2d25-b6a1-44de-8593-835899da7195" ],
        "Strict-Transport-Security": [ "max-age=31536000; includeSubDomains" ],
        "x-ms-correlation-request-id": [ "70065706-a0b7-42d7-b8ec-70eaf23d8a57" ],
        "x-ms-routing-request-id": [ "WESTEUROPE:20210729T041413Z:70065706-a0b7-42d7-b8ec-70eaf23d8a57" ],
        "X-Content-Type-Options": [ "nosniff" ],
        "X-Cache": [ "CONFIG_NOCACHE" ],
        "X-MSEdge-Ref": [ "Ref A: CC956E10844348E8AFAB50450BD5FDE9 Ref B: SG2EDGE1419 Ref C: 2021-07-29T04:14:13Z" ],
        "Date": [ "Thu, 29 Jul 2021 04:14:13 GMT" ]
      },
      "ContentHeaders": {
        "Content-Length": [ "355" ],
        "Content-Type": [ "application/json; charset=utf-8" ],
        "Expires": [ "-1" ]
      },
      "Content": "{\"id\":\"/subscriptions/ba75e79b-dd95-4025-9dbf-3a7ae8dff2b5/resourceGroups/azps_test_group_2/providers/Microsoft.AVS/privateClouds/azps_test_cloud_2/clusters/wmvla1/operationstatuses/570f8559-3421-4017-b3f3-51f46f27401f\",\"name\":\"570f8559-3421-4017-b3f3-51f46f27401f\",\"percentComplete\":50,\"startTime\":\"2021-07-29T04:09:54.0323421+00:00\",\"status\":\"Building\"}",
      "isContentBase64": false
    }
  },
  "Remove-AzVMwareCluster+[NoContext]+Delete+$GET+https://management.azure.com/subscriptions/ba75e79b-dd95-4025-9dbf-3a7ae8dff2b5/resourceGroups/azps_test_group_2/providers/Microsoft.AVS/privateClouds/azps_test_cloud_2/clusters/wmvla1/operationstatuses/570f8559-3421-4017-b3f3-51f46f27401f?api-version=2021-06-01+5": {
    "Request": {
      "Method": "GET",
      "RequestUri": "https://management.azure.com/subscriptions/ba75e79b-dd95-4025-9dbf-3a7ae8dff2b5/resourceGroups/azps_test_group_2/providers/Microsoft.AVS/privateClouds/azps_test_cloud_2/clusters/wmvla1/operationstatuses/570f8559-3421-4017-b3f3-51f46f27401f?api-version=2021-06-01",
      "Content": null,
      "isContentBase64": false,
      "Headers": {
        "Authorization": [ "[Filtered]" ],
        "x-ms-unique-id": [ "177" ],
        "x-ms-client-request-id": [ "b7dce118-f9ea-4d04-aa15-fb6563dd279a" ],
        "CommandName": [ "Remove-AzVMwareCluster" ],
        "FullCommandName": [ "Remove-AzVMwareCluster_Delete" ],
        "ParameterSetName": [ "__AllParameterSets" ],
        "User-Agent": [ "AzurePowershell/Az4.0.0-preview" ]
      },
      "ContentHeaders": {
      }
    },
    "Response": {
      "StatusCode": 200,
      "Headers": {
        "Cache-Control": [ "no-cache" ],
        "Pragma": [ "no-cache" ],
        "Retry-After": [ "10" ],
        "x-ms-ratelimit-remaining-subscription-reads": [ "14894" ],
        "x-ms-request-id": [ "ea6262e0-3f9c-4b73-8f28-fe3aaa9cf1a0" ],
        "Strict-Transport-Security": [ "max-age=31536000; includeSubDomains" ],
        "x-ms-correlation-request-id": [ "4240bf35-7b28-4962-9870-402bf5bb9ace" ],
        "x-ms-routing-request-id": [ "WESTEUROPE:20210729T041424Z:4240bf35-7b28-4962-9870-402bf5bb9ace" ],
        "X-Content-Type-Options": [ "nosniff" ],
        "X-Cache": [ "CONFIG_NOCACHE" ],
        "X-MSEdge-Ref": [ "Ref A: 24DC7F2417014870B975EAB57577E658 Ref B: SG2EDGE1419 Ref C: 2021-07-29T04:14:24Z" ],
        "Date": [ "Thu, 29 Jul 2021 04:14:24 GMT" ]
      },
      "ContentHeaders": {
        "Content-Length": [ "355" ],
        "Content-Type": [ "application/json; charset=utf-8" ],
        "Expires": [ "-1" ]
      },
      "Content": "{\"id\":\"/subscriptions/ba75e79b-dd95-4025-9dbf-3a7ae8dff2b5/resourceGroups/azps_test_group_2/providers/Microsoft.AVS/privateClouds/azps_test_cloud_2/clusters/wmvla1/operationstatuses/570f8559-3421-4017-b3f3-51f46f27401f\",\"name\":\"570f8559-3421-4017-b3f3-51f46f27401f\",\"percentComplete\":75,\"startTime\":\"2021-07-29T04:09:54.0323421+00:00\",\"status\":\"Building\"}",
      "isContentBase64": false
    }
  },
  "Remove-AzVMwareCluster+[NoContext]+Delete+$GET+https://management.azure.com/subscriptions/ba75e79b-dd95-4025-9dbf-3a7ae8dff2b5/resourceGroups/azps_test_group_2/providers/Microsoft.AVS/privateClouds/azps_test_cloud_2/clusters/wmvla1/operationstatuses/570f8559-3421-4017-b3f3-51f46f27401f?api-version=2021-06-01+6": {
    "Request": {
      "Method": "GET",
      "RequestUri": "https://management.azure.com/subscriptions/ba75e79b-dd95-4025-9dbf-3a7ae8dff2b5/resourceGroups/azps_test_group_2/providers/Microsoft.AVS/privateClouds/azps_test_cloud_2/clusters/wmvla1/operationstatuses/570f8559-3421-4017-b3f3-51f46f27401f?api-version=2021-06-01",
      "Content": null,
      "isContentBase64": false,
      "Headers": {
        "Authorization": [ "[Filtered]" ],
        "x-ms-unique-id": [ "178" ],
        "x-ms-client-request-id": [ "b7dce118-f9ea-4d04-aa15-fb6563dd279a" ],
        "CommandName": [ "Remove-AzVMwareCluster" ],
        "FullCommandName": [ "Remove-AzVMwareCluster_Delete" ],
        "ParameterSetName": [ "__AllParameterSets" ],
        "User-Agent": [ "AzurePowershell/Az4.0.0-preview" ]
      },
      "ContentHeaders": {
      }
    },
    "Response": {
      "StatusCode": 200,
      "Headers": {
        "Cache-Control": [ "no-cache" ],
        "Pragma": [ "no-cache" ],
        "Retry-After": [ "10" ],
        "x-ms-ratelimit-remaining-subscription-reads": [ "14893" ],
        "x-ms-request-id": [ "8baea7f0-f100-4d65-8b54-74dcda81fdd1" ],
        "Strict-Transport-Security": [ "max-age=31536000; includeSubDomains" ],
        "x-ms-correlation-request-id": [ "3e762160-f3cb-476b-9afe-eb40c307ce55" ],
        "x-ms-routing-request-id": [ "WESTEUROPE:20210729T041434Z:3e762160-f3cb-476b-9afe-eb40c307ce55" ],
        "X-Content-Type-Options": [ "nosniff" ],
        "X-Cache": [ "CONFIG_NOCACHE" ],
        "X-MSEdge-Ref": [ "Ref A: 69805BB98DC94643848AED667B3D32A3 Ref B: SG2EDGE1419 Ref C: 2021-07-29T04:14:34Z" ],
        "Date": [ "Thu, 29 Jul 2021 04:14:34 GMT" ]
      },
      "ContentHeaders": {
        "Content-Length": [ "355" ],
        "Content-Type": [ "application/json; charset=utf-8" ],
        "Expires": [ "-1" ]
      },
      "Content": "{\"id\":\"/subscriptions/ba75e79b-dd95-4025-9dbf-3a7ae8dff2b5/resourceGroups/azps_test_group_2/providers/Microsoft.AVS/privateClouds/azps_test_cloud_2/clusters/wmvla1/operationstatuses/570f8559-3421-4017-b3f3-51f46f27401f\",\"name\":\"570f8559-3421-4017-b3f3-51f46f27401f\",\"percentComplete\":75,\"startTime\":\"2021-07-29T04:09:54.0323421+00:00\",\"status\":\"Building\"}",
      "isContentBase64": false
    }
  },
  "Remove-AzVMwareCluster+[NoContext]+Delete+$GET+https://management.azure.com/subscriptions/ba75e79b-dd95-4025-9dbf-3a7ae8dff2b5/resourceGroups/azps_test_group_2/providers/Microsoft.AVS/privateClouds/azps_test_cloud_2/clusters/wmvla1/operationstatuses/570f8559-3421-4017-b3f3-51f46f27401f?api-version=2021-06-01+7": {
    "Request": {
      "Method": "GET",
      "RequestUri": "https://management.azure.com/subscriptions/ba75e79b-dd95-4025-9dbf-3a7ae8dff2b5/resourceGroups/azps_test_group_2/providers/Microsoft.AVS/privateClouds/azps_test_cloud_2/clusters/wmvla1/operationstatuses/570f8559-3421-4017-b3f3-51f46f27401f?api-version=2021-06-01",
      "Content": null,
      "isContentBase64": false,
      "Headers": {
        "Authorization": [ "[Filtered]" ],
        "x-ms-unique-id": [ "179" ],
        "x-ms-client-request-id": [ "b7dce118-f9ea-4d04-aa15-fb6563dd279a" ],
        "CommandName": [ "Remove-AzVMwareCluster" ],
        "FullCommandName": [ "Remove-AzVMwareCluster_Delete" ],
        "ParameterSetName": [ "__AllParameterSets" ],
        "User-Agent": [ "AzurePowershell/Az4.0.0-preview" ]
      },
      "ContentHeaders": {
      }
    },
    "Response": {
      "StatusCode": 200,
      "Headers": {
        "Cache-Control": [ "no-cache" ],
        "Pragma": [ "no-cache" ],
        "Retry-After": [ "10" ],
        "x-ms-ratelimit-remaining-subscription-reads": [ "14892" ],
        "x-ms-request-id": [ "56e3e7e3-5244-47db-bb1c-6893b8c39f19" ],
        "Strict-Transport-Security": [ "max-age=31536000; includeSubDomains" ],
        "x-ms-correlation-request-id": [ "628baf17-889b-462d-a3f7-d500bae5b083" ],
        "x-ms-routing-request-id": [ "WESTEUROPE:20210729T041445Z:628baf17-889b-462d-a3f7-d500bae5b083" ],
        "X-Content-Type-Options": [ "nosniff" ],
        "X-Cache": [ "CONFIG_NOCACHE" ],
        "X-MSEdge-Ref": [ "Ref A: C061702045DF4526B4ED4D4FF2C8DC7D Ref B: SG2EDGE1419 Ref C: 2021-07-29T04:14:45Z" ],
        "Date": [ "Thu, 29 Jul 2021 04:14:45 GMT" ]
      },
      "ContentHeaders": {
        "Content-Length": [ "403" ],
        "Content-Type": [ "application/json; charset=utf-8" ],
        "Expires": [ "-1" ]
      },
      "Content": "{\"endTime\":\"2021-07-29T04:14:35.2849675+00:00\",\"id\":\"/subscriptions/ba75e79b-dd95-4025-9dbf-3a7ae8dff2b5/resourceGroups/azps_test_group_2/providers/Microsoft.AVS/privateClouds/azps_test_cloud_2/clusters/wmvla1/operationstatuses/570f8559-3421-4017-b3f3-51f46f27401f\",\"name\":\"570f8559-3421-4017-b3f3-51f46f27401f\",\"percentComplete\":100,\"startTime\":\"2021-07-29T04:09:54.0323421+00:00\",\"status\":\"Succeeded\"}",
      "isContentBase64": false
    }
  },
  "Remove-AzVMwareCluster+[NoContext]+Delete+$GET+https://management.azure.com/subscriptions/ba75e79b-dd95-4025-9dbf-3a7ae8dff2b5/resourceGroups/azps_test_group_2/providers/Microsoft.AVS/privateClouds/azps_test_cloud_2/clusters/wmvla1/operationresults/570f8559-3421-4017-b3f3-51f46f27401f?api-version=2021-06-01+8": {
    "Request": {
      "Method": "GET",
      "RequestUri": "https://management.azure.com/subscriptions/ba75e79b-dd95-4025-9dbf-3a7ae8dff2b5/resourceGroups/azps_test_group_2/providers/Microsoft.AVS/privateClouds/azps_test_cloud_2/clusters/wmvla1/operationresults/570f8559-3421-4017-b3f3-51f46f27401f?api-version=2021-06-01",
      "Content": null,
      "isContentBase64": false,
      "Headers": {
        "Authorization": [ "[Filtered]" ],
        "x-ms-unique-id": [ "180" ],
        "x-ms-client-request-id": [ "b7dce118-f9ea-4d04-aa15-fb6563dd279a" ],
        "CommandName": [ "Remove-AzVMwareCluster" ],
        "FullCommandName": [ "Remove-AzVMwareCluster_Delete" ],
        "ParameterSetName": [ "__AllParameterSets" ],
        "User-Agent": [ "AzurePowershell/Az4.0.0-preview" ]
      },
      "ContentHeaders": {
      }
    },
    "Response": {
      "StatusCode": 200,
      "Headers": {
        "Cache-Control": [ "no-cache" ],
        "Pragma": [ "no-cache" ],
        "x-ms-ratelimit-remaining-subscription-reads": [ "14891" ],
        "x-ms-request-id": [ "1dcc315e-e4cb-4ec5-8a68-68a19cf3817b" ],
        "Strict-Transport-Security": [ "max-age=31536000; includeSubDomains" ],
        "x-ms-correlation-request-id": [ "6f8ddd3d-6cac-4ad3-9d9a-309c961c0d0f" ],
        "x-ms-routing-request-id": [ "WESTEUROPE:20210729T041446Z:6f8ddd3d-6cac-4ad3-9d9a-309c961c0d0f" ],
        "X-Content-Type-Options": [ "nosniff" ],
        "X-Cache": [ "CONFIG_NOCACHE" ],
        "X-MSEdge-Ref": [ "Ref A: A7B2B99213B449F3985D2D8479A4FD83 Ref B: SG2EDGE1419 Ref C: 2021-07-29T04:14:46Z" ],
        "Date": [ "Thu, 29 Jul 2021 04:14:46 GMT" ]
      },
      "ContentHeaders": {
        "Content-Length": [ "4" ],
        "Content-Type": [ "application/json; charset=utf-8" ],
        "Expires": [ "-1" ]
      },
      "Content": "bnVsbA==",
      "isContentBase64": false
    }
  },
  "Remove-AzVMwareCluster+[NoContext]+DeleteViaIdentity+$PUT+https://management.azure.com/subscriptions/ba75e79b-dd95-4025-9dbf-3a7ae8dff2b5/resourceGroups/azps_test_group_1/providers/Microsoft.AVS/privateClouds/azps_test_cloud_1/clusters/twp4gr?api-version=2021-06-01+1": {
    "Request": {
      "Method": "PUT",
      "RequestUri": "https://management.azure.com/subscriptions/ba75e79b-dd95-4025-9dbf-3a7ae8dff2b5/resourceGroups/azps_test_group_1/providers/Microsoft.AVS/privateClouds/azps_test_cloud_1/clusters/twp4gr?api-version=2021-06-01",
      "Content": "{\r\n  \"sku\": {\r\n    \"name\": \"av20\"\r\n  },\r\n  \"properties\": {\r\n    \"clusterSize\": 3\r\n  }\r\n}",
      "isContentBase64": false,
      "Headers": {
      },
      "ContentHeaders": {
        "Content-Type": [ "application/json" ],
        "Content-Length": [ "88" ]
      }
    },
    "Response": {
      "StatusCode": 201,
      "Headers": {
        "Cache-Control": [ "no-cache" ],
        "Pragma": [ "no-cache" ],
        "Retry-After": [ "10" ],
        "x-ms-ratelimit-remaining-subscription-writes": [ "1189" ],
        "Azure-AsyncOperation": [ "https://management.azure.com/subscriptions/ba75e79b-dd95-4025-9dbf-3a7ae8dff2b5/resourceGroups/azps_test_group_1/providers/Microsoft.AVS/privateClouds/azps_test_cloud_1/clusters/twp4gr/operationstatuses/b35372cb-5661-4fbb-8b9f-3b7c90bb3188?api-version=2021-06-01" ],
        "x-ms-request-id": [ "bd419a1d-14a7-410a-bbe8-77241e62cce4" ],
        "Strict-Transport-Security": [ "max-age=31536000; includeSubDomains" ],
        "x-ms-correlation-request-id": [ "cc95607c-5ec2-4721-89d8-17234d13c8b1" ],
        "x-ms-routing-request-id": [ "WESTEUROPE:20210729T041449Z:cc95607c-5ec2-4721-89d8-17234d13c8b1" ],
        "X-Content-Type-Options": [ "nosniff" ],
        "X-Cache": [ "CONFIG_NOCACHE" ],
        "X-MSEdge-Ref": [ "Ref A: D6FDF63CD2B64F5E89520BB4063F3607 Ref B: SG2EDGE1419 Ref C: 2021-07-29T04:14:46Z" ],
        "Date": [ "Thu, 29 Jul 2021 04:14:49 GMT" ]
      },
      "ContentHeaders": {
        "Content-Length": [ "476" ],
        "Content-Type": [ "application/json; charset=utf-8" ],
        "Expires": [ "-1" ]
      },
      "Content": "{\"id\":\"/subscriptions/ba75e79b-dd95-4025-9dbf-3a7ae8dff2b5/resourceGroups/azps_test_group_1/providers/Microsoft.AVS/privateClouds/azps_test_cloud_1/clusters/twp4gr\",\"name\":\"twp4gr\",\"properties\":{\"clusterId\":2,\"clusterSize\":3,\"hosts\":[\"gp-fakehost16.mp01.mock01.vmcp.vs.management\",\"gp-fakehost19.mp01.mock01.vmcp.vs.management\",\"gp-fakehost15.mp01.mock01.vmcp.vs.management\"],\"provisioningState\":\"Building\"},\"sku\":{\"name\":\"av20\"},\"type\":\"Microsoft.AVS/privateClouds/clusters\"}",
      "isContentBase64": false
    }
  },
  "Remove-AzVMwareCluster+[NoContext]+DeleteViaIdentity+$GET+https://management.azure.com/subscriptions/ba75e79b-dd95-4025-9dbf-3a7ae8dff2b5/resourceGroups/azps_test_group_1/providers/Microsoft.AVS/privateClouds/azps_test_cloud_1/clusters/twp4gr/operationstatuses/b35372cb-5661-4fbb-8b9f-3b7c90bb3188?api-version=2021-06-01+2": {
    "Request": {
      "Method": "GET",
      "RequestUri": "https://management.azure.com/subscriptions/ba75e79b-dd95-4025-9dbf-3a7ae8dff2b5/resourceGroups/azps_test_group_1/providers/Microsoft.AVS/privateClouds/azps_test_cloud_1/clusters/twp4gr/operationstatuses/b35372cb-5661-4fbb-8b9f-3b7c90bb3188?api-version=2021-06-01",
      "Content": null,
      "isContentBase64": false,
      "Headers": {
        "Authorization": [ "[Filtered]" ],
        "x-ms-unique-id": [ "182" ],
        "x-ms-client-request-id": [ "6dc16575-f2ae-4a23-896d-1b22860fe9ec" ],
        "CommandName": [ "New-AzVMwareCluster" ],
        "FullCommandName": [ "New-AzVMwareCluster_CreateExpanded" ],
        "ParameterSetName": [ "__AllParameterSets" ],
        "User-Agent": [ "AzurePowershell/Az4.0.0-preview" ]
      },
      "ContentHeaders": {
      }
    },
    "Response": {
      "StatusCode": 200,
      "Headers": {
        "Cache-Control": [ "no-cache" ],
        "Pragma": [ "no-cache" ],
        "Retry-After": [ "10" ],
        "x-ms-ratelimit-remaining-subscription-reads": [ "14890" ],
        "x-ms-request-id": [ "dd43ea84-e7f9-4efb-83d9-62644df8afd8" ],
        "Strict-Transport-Security": [ "max-age=31536000; includeSubDomains" ],
        "x-ms-correlation-request-id": [ "788ab0c8-0955-48b2-a361-798b6593e74a" ],
        "x-ms-routing-request-id": [ "WESTEUROPE:20210729T041459Z:788ab0c8-0955-48b2-a361-798b6593e74a" ],
        "X-Content-Type-Options": [ "nosniff" ],
        "X-Cache": [ "CONFIG_NOCACHE" ],
        "X-MSEdge-Ref": [ "Ref A: 3AA3482277824ED48038ED2802694351 Ref B: SG2EDGE1419 Ref C: 2021-07-29T04:14:59Z" ],
        "Date": [ "Thu, 29 Jul 2021 04:14:59 GMT" ]
      },
      "ContentHeaders": {
        "Content-Length": [ "354" ],
        "Content-Type": [ "application/json; charset=utf-8" ],
        "Expires": [ "-1" ]
      },
      "Content": "{\"id\":\"/subscriptions/ba75e79b-dd95-4025-9dbf-3a7ae8dff2b5/resourceGroups/azps_test_group_1/providers/Microsoft.AVS/privateClouds/azps_test_cloud_1/clusters/twp4gr/operationstatuses/b35372cb-5661-4fbb-8b9f-3b7c90bb3188\",\"name\":\"b35372cb-5661-4fbb-8b9f-3b7c90bb3188\",\"percentComplete\":0,\"startTime\":\"2021-07-29T04:11:02.5551654+00:00\",\"status\":\"Building\"}",
      "isContentBase64": false
    }
  },
  "Remove-AzVMwareCluster+[NoContext]+DeleteViaIdentity+$GET+https://management.azure.com/subscriptions/ba75e79b-dd95-4025-9dbf-3a7ae8dff2b5/resourceGroups/azps_test_group_1/providers/Microsoft.AVS/privateClouds/azps_test_cloud_1/clusters/twp4gr/operationstatuses/b35372cb-5661-4fbb-8b9f-3b7c90bb3188?api-version=2021-06-01+3": {
    "Request": {
      "Method": "GET",
      "RequestUri": "https://management.azure.com/subscriptions/ba75e79b-dd95-4025-9dbf-3a7ae8dff2b5/resourceGroups/azps_test_group_1/providers/Microsoft.AVS/privateClouds/azps_test_cloud_1/clusters/twp4gr/operationstatuses/b35372cb-5661-4fbb-8b9f-3b7c90bb3188?api-version=2021-06-01",
      "Content": null,
      "isContentBase64": false,
      "Headers": {
        "Authorization": [ "[Filtered]" ],
        "x-ms-unique-id": [ "183" ],
        "x-ms-client-request-id": [ "6dc16575-f2ae-4a23-896d-1b22860fe9ec" ],
        "CommandName": [ "New-AzVMwareCluster" ],
        "FullCommandName": [ "New-AzVMwareCluster_CreateExpanded" ],
        "ParameterSetName": [ "__AllParameterSets" ],
        "User-Agent": [ "AzurePowershell/Az4.0.0-preview" ]
      },
      "ContentHeaders": {
      }
    },
    "Response": {
      "StatusCode": 200,
      "Headers": {
        "Cache-Control": [ "no-cache" ],
        "Pragma": [ "no-cache" ],
        "Retry-After": [ "10" ],
        "x-ms-ratelimit-remaining-subscription-reads": [ "14889" ],
        "x-ms-request-id": [ "9fd10bd2-3251-4376-bb3d-978cc1aa5785" ],
        "Strict-Transport-Security": [ "max-age=31536000; includeSubDomains" ],
        "x-ms-correlation-request-id": [ "aff9ea77-1528-41ad-9aae-aaad777c6ec3" ],
        "x-ms-routing-request-id": [ "WESTEUROPE:20210729T041510Z:aff9ea77-1528-41ad-9aae-aaad777c6ec3" ],
        "X-Content-Type-Options": [ "nosniff" ],
        "X-Cache": [ "CONFIG_NOCACHE" ],
        "X-MSEdge-Ref": [ "Ref A: 03AF197445084CB2B2E66ECF27E938FF Ref B: SG2EDGE1419 Ref C: 2021-07-29T04:15:10Z" ],
        "Date": [ "Thu, 29 Jul 2021 04:15:10 GMT" ]
      },
      "ContentHeaders": {
        "Content-Length": [ "354" ],
        "Content-Type": [ "application/json; charset=utf-8" ],
        "Expires": [ "-1" ]
      },
      "Content": "{\"id\":\"/subscriptions/ba75e79b-dd95-4025-9dbf-3a7ae8dff2b5/resourceGroups/azps_test_group_1/providers/Microsoft.AVS/privateClouds/azps_test_cloud_1/clusters/twp4gr/operationstatuses/b35372cb-5661-4fbb-8b9f-3b7c90bb3188\",\"name\":\"b35372cb-5661-4fbb-8b9f-3b7c90bb3188\",\"percentComplete\":0,\"startTime\":\"2021-07-29T04:11:02.5551654+00:00\",\"status\":\"Building\"}",
      "isContentBase64": false
    }
  },
  "Remove-AzVMwareCluster+[NoContext]+DeleteViaIdentity+$GET+https://management.azure.com/subscriptions/ba75e79b-dd95-4025-9dbf-3a7ae8dff2b5/resourceGroups/azps_test_group_1/providers/Microsoft.AVS/privateClouds/azps_test_cloud_1/clusters/twp4gr/operationstatuses/b35372cb-5661-4fbb-8b9f-3b7c90bb3188?api-version=2021-06-01+4": {
    "Request": {
      "Method": "GET",
      "RequestUri": "https://management.azure.com/subscriptions/ba75e79b-dd95-4025-9dbf-3a7ae8dff2b5/resourceGroups/azps_test_group_1/providers/Microsoft.AVS/privateClouds/azps_test_cloud_1/clusters/twp4gr/operationstatuses/b35372cb-5661-4fbb-8b9f-3b7c90bb3188?api-version=2021-06-01",
      "Content": null,
      "isContentBase64": false,
      "Headers": {
        "Authorization": [ "[Filtered]" ],
        "x-ms-unique-id": [ "184" ],
        "x-ms-client-request-id": [ "6dc16575-f2ae-4a23-896d-1b22860fe9ec" ],
        "CommandName": [ "New-AzVMwareCluster" ],
        "FullCommandName": [ "New-AzVMwareCluster_CreateExpanded" ],
        "ParameterSetName": [ "__AllParameterSets" ],
        "User-Agent": [ "AzurePowershell/Az4.0.0-preview" ]
      },
      "ContentHeaders": {
      }
    },
    "Response": {
      "StatusCode": 200,
      "Headers": {
        "Cache-Control": [ "no-cache" ],
        "Pragma": [ "no-cache" ],
        "Retry-After": [ "10" ],
        "x-ms-ratelimit-remaining-subscription-reads": [ "14888" ],
        "x-ms-request-id": [ "66869908-9fba-497c-afbd-ab560f7bc8db" ],
        "Strict-Transport-Security": [ "max-age=31536000; includeSubDomains" ],
        "x-ms-correlation-request-id": [ "4ca8e5cf-816b-48ef-9edd-db8474ae6c95" ],
        "x-ms-routing-request-id": [ "WESTEUROPE:20210729T041521Z:4ca8e5cf-816b-48ef-9edd-db8474ae6c95" ],
        "X-Content-Type-Options": [ "nosniff" ],
        "X-Cache": [ "CONFIG_NOCACHE" ],
        "X-MSEdge-Ref": [ "Ref A: A0B04757AA08441EB884B92DEC1E3B9A Ref B: SG2EDGE1419 Ref C: 2021-07-29T04:15:21Z" ],
        "Date": [ "Thu, 29 Jul 2021 04:15:21 GMT" ]
      },
      "ContentHeaders": {
        "Content-Length": [ "355" ],
        "Content-Type": [ "application/json; charset=utf-8" ],
        "Expires": [ "-1" ]
      },
      "Content": "{\"id\":\"/subscriptions/ba75e79b-dd95-4025-9dbf-3a7ae8dff2b5/resourceGroups/azps_test_group_1/providers/Microsoft.AVS/privateClouds/azps_test_cloud_1/clusters/twp4gr/operationstatuses/b35372cb-5661-4fbb-8b9f-3b7c90bb3188\",\"name\":\"b35372cb-5661-4fbb-8b9f-3b7c90bb3188\",\"percentComplete\":75,\"startTime\":\"2021-07-29T04:11:02.5551654+00:00\",\"status\":\"Building\"}",
      "isContentBase64": false
    }
  },
  "Remove-AzVMwareCluster+[NoContext]+DeleteViaIdentity+$GET+https://management.azure.com/subscriptions/ba75e79b-dd95-4025-9dbf-3a7ae8dff2b5/resourceGroups/azps_test_group_1/providers/Microsoft.AVS/privateClouds/azps_test_cloud_1/clusters/twp4gr/operationstatuses/b35372cb-5661-4fbb-8b9f-3b7c90bb3188?api-version=2021-06-01+5": {
    "Request": {
      "Method": "GET",
      "RequestUri": "https://management.azure.com/subscriptions/ba75e79b-dd95-4025-9dbf-3a7ae8dff2b5/resourceGroups/azps_test_group_1/providers/Microsoft.AVS/privateClouds/azps_test_cloud_1/clusters/twp4gr/operationstatuses/b35372cb-5661-4fbb-8b9f-3b7c90bb3188?api-version=2021-06-01",
      "Content": null,
      "isContentBase64": false,
      "Headers": {
        "Authorization": [ "[Filtered]" ],
        "x-ms-unique-id": [ "185" ],
        "x-ms-client-request-id": [ "6dc16575-f2ae-4a23-896d-1b22860fe9ec" ],
        "CommandName": [ "New-AzVMwareCluster" ],
        "FullCommandName": [ "New-AzVMwareCluster_CreateExpanded" ],
        "ParameterSetName": [ "__AllParameterSets" ],
        "User-Agent": [ "AzurePowershell/Az4.0.0-preview" ]
      },
      "ContentHeaders": {
      }
    },
    "Response": {
      "StatusCode": 200,
      "Headers": {
        "Cache-Control": [ "no-cache" ],
        "Pragma": [ "no-cache" ],
        "Retry-After": [ "10" ],
        "x-ms-ratelimit-remaining-subscription-reads": [ "14887" ],
        "x-ms-request-id": [ "9dbcb0c9-123f-497a-8e71-86834a9f6f05" ],
        "Strict-Transport-Security": [ "max-age=31536000; includeSubDomains" ],
        "x-ms-correlation-request-id": [ "fbfa60b2-e4eb-4580-9858-fd7abca0e71f" ],
        "x-ms-routing-request-id": [ "WESTEUROPE:20210729T041532Z:fbfa60b2-e4eb-4580-9858-fd7abca0e71f" ],
        "X-Content-Type-Options": [ "nosniff" ],
        "X-Cache": [ "CONFIG_NOCACHE" ],
        "X-MSEdge-Ref": [ "Ref A: 8A4FFEC91C91410F9F91296EBDB6AFFF Ref B: SG2EDGE1419 Ref C: 2021-07-29T04:15:31Z" ],
        "Date": [ "Thu, 29 Jul 2021 04:15:31 GMT" ]
      },
      "ContentHeaders": {
        "Content-Length": [ "355" ],
        "Content-Type": [ "application/json; charset=utf-8" ],
        "Expires": [ "-1" ]
      },
      "Content": "{\"id\":\"/subscriptions/ba75e79b-dd95-4025-9dbf-3a7ae8dff2b5/resourceGroups/azps_test_group_1/providers/Microsoft.AVS/privateClouds/azps_test_cloud_1/clusters/twp4gr/operationstatuses/b35372cb-5661-4fbb-8b9f-3b7c90bb3188\",\"name\":\"b35372cb-5661-4fbb-8b9f-3b7c90bb3188\",\"percentComplete\":75,\"startTime\":\"2021-07-29T04:11:02.5551654+00:00\",\"status\":\"Building\"}",
      "isContentBase64": false
    }
  },
  "Remove-AzVMwareCluster+[NoContext]+DeleteViaIdentity+$GET+https://management.azure.com/subscriptions/ba75e79b-dd95-4025-9dbf-3a7ae8dff2b5/resourceGroups/azps_test_group_1/providers/Microsoft.AVS/privateClouds/azps_test_cloud_1/clusters/twp4gr/operationstatuses/b35372cb-5661-4fbb-8b9f-3b7c90bb3188?api-version=2021-06-01+6": {
    "Request": {
      "Method": "GET",
      "RequestUri": "https://management.azure.com/subscriptions/ba75e79b-dd95-4025-9dbf-3a7ae8dff2b5/resourceGroups/azps_test_group_1/providers/Microsoft.AVS/privateClouds/azps_test_cloud_1/clusters/twp4gr/operationstatuses/b35372cb-5661-4fbb-8b9f-3b7c90bb3188?api-version=2021-06-01",
      "Content": null,
      "isContentBase64": false,
      "Headers": {
        "Authorization": [ "[Filtered]" ],
        "x-ms-unique-id": [ "186" ],
        "x-ms-client-request-id": [ "6dc16575-f2ae-4a23-896d-1b22860fe9ec" ],
        "CommandName": [ "New-AzVMwareCluster" ],
        "FullCommandName": [ "New-AzVMwareCluster_CreateExpanded" ],
        "ParameterSetName": [ "__AllParameterSets" ],
        "User-Agent": [ "AzurePowershell/Az4.0.0-preview" ]
      },
      "ContentHeaders": {
      }
    },
    "Response": {
      "StatusCode": 200,
      "Headers": {
        "Cache-Control": [ "no-cache" ],
        "Pragma": [ "no-cache" ],
        "Retry-After": [ "10" ],
        "x-ms-ratelimit-remaining-subscription-reads": [ "14886" ],
        "x-ms-request-id": [ "e7abd570-65a7-4e6c-96f0-cfc2d0bb2f7f" ],
        "Strict-Transport-Security": [ "max-age=31536000; includeSubDomains" ],
        "x-ms-correlation-request-id": [ "7508f15b-00d9-463a-a57b-6275513765ad" ],
        "x-ms-routing-request-id": [ "WESTEUROPE:20210729T041542Z:7508f15b-00d9-463a-a57b-6275513765ad" ],
        "X-Content-Type-Options": [ "nosniff" ],
        "X-Cache": [ "CONFIG_NOCACHE" ],
        "X-MSEdge-Ref": [ "Ref A: 89D2B5C1C32F40F9B3F218E4E8ADD002 Ref B: SG2EDGE1419 Ref C: 2021-07-29T04:15:42Z" ],
        "Date": [ "Thu, 29 Jul 2021 04:15:42 GMT" ]
      },
      "ContentHeaders": {
        "Content-Length": [ "894" ],
        "Content-Type": [ "application/json; charset=utf-8" ],
        "Expires": [ "-1" ]
      },
      "Content": "{\"endTime\":\"2021-07-29T04:15:31.4371576+00:00\",\"id\":\"/subscriptions/ba75e79b-dd95-4025-9dbf-3a7ae8dff2b5/resourceGroups/azps_test_group_1/providers/Microsoft.AVS/privateClouds/azps_test_cloud_1/clusters/twp4gr/operationstatuses/b35372cb-5661-4fbb-8b9f-3b7c90bb3188\",\"name\":\"b35372cb-5661-4fbb-8b9f-3b7c90bb3188\",\"percentComplete\":100,\"properties\":{\"id\":\"/subscriptions/ba75e79b-dd95-4025-9dbf-3a7ae8dff2b5/resourceGroups/azps_test_group_1/providers/Microsoft.AVS/privateClouds/azps_test_cloud_1/clusters/twp4gr\",\"name\":\"twp4gr\",\"properties\":{\"clusterId\":2,\"clusterSize\":3,\"hosts\":[\"gp-fakehost16.mp01.mock01.vmcp.vs.management\",\"gp-fakehost19.mp01.mock01.vmcp.vs.management\",\"gp-fakehost15.mp01.mock01.vmcp.vs.management\"],\"provisioningState\":\"Succeeded\"},\"sku\":{\"name\":\"av20\"},\"type\":\"Microsoft.AVS/privateClouds/clusters\"},\"startTime\":\"2021-07-29T04:11:02.5551654+00:00\",\"status\":\"Succeeded\"}",
      "isContentBase64": false
    }
  },
  "Remove-AzVMwareCluster+[NoContext]+DeleteViaIdentity+$GET+https://management.azure.com/subscriptions/ba75e79b-dd95-4025-9dbf-3a7ae8dff2b5/resourceGroups/azps_test_group_1/providers/Microsoft.AVS/privateClouds/azps_test_cloud_1/clusters/twp4gr?api-version=2021-06-01+7": {
    "Request": {
      "Method": "GET",
      "RequestUri": "https://management.azure.com/subscriptions/ba75e79b-dd95-4025-9dbf-3a7ae8dff2b5/resourceGroups/azps_test_group_1/providers/Microsoft.AVS/privateClouds/azps_test_cloud_1/clusters/twp4gr?api-version=2021-06-01",
      "Content": null,
      "isContentBase64": false,
      "Headers": {
        "Authorization": [ "[Filtered]" ],
        "x-ms-unique-id": [ "187" ],
        "x-ms-client-request-id": [ "6dc16575-f2ae-4a23-896d-1b22860fe9ec" ],
        "CommandName": [ "New-AzVMwareCluster" ],
        "FullCommandName": [ "New-AzVMwareCluster_CreateExpanded" ],
        "ParameterSetName": [ "__AllParameterSets" ],
        "User-Agent": [ "AzurePowershell/Az4.0.0-preview" ]
      },
      "ContentHeaders": {
      }
    },
    "Response": {
      "StatusCode": 200,
      "Headers": {
        "Cache-Control": [ "no-cache" ],
        "Pragma": [ "no-cache" ],
        "x-ms-ratelimit-remaining-subscription-reads": [ "14885" ],
        "x-ms-request-id": [ "5efeff6d-adc0-42eb-ac22-f7c1e9d63baa" ],
        "Strict-Transport-Security": [ "max-age=31536000; includeSubDomains" ],
        "x-ms-correlation-request-id": [ "027f4746-07f2-4640-a782-3c874ea3c9aa" ],
        "x-ms-routing-request-id": [ "WESTEUROPE:20210729T041543Z:027f4746-07f2-4640-a782-3c874ea3c9aa" ],
        "X-Content-Type-Options": [ "nosniff" ],
        "X-Cache": [ "CONFIG_NOCACHE" ],
        "X-MSEdge-Ref": [ "Ref A: 0802722B59594E77B925765F4D83250A Ref B: SG2EDGE1419 Ref C: 2021-07-29T04:15:43Z" ],
        "Date": [ "Thu, 29 Jul 2021 04:15:43 GMT" ]
      },
      "ContentHeaders": {
        "Content-Length": [ "477" ],
        "Content-Type": [ "application/json; charset=utf-8" ],
        "Expires": [ "-1" ]
      },
      "Content": "{\"id\":\"/subscriptions/ba75e79b-dd95-4025-9dbf-3a7ae8dff2b5/resourceGroups/azps_test_group_1/providers/Microsoft.AVS/privateClouds/azps_test_cloud_1/clusters/twp4gr\",\"name\":\"twp4gr\",\"properties\":{\"clusterId\":2,\"clusterSize\":3,\"hosts\":[\"gp-fakehost16.mp01.mock01.vmcp.vs.management\",\"gp-fakehost19.mp01.mock01.vmcp.vs.management\",\"gp-fakehost15.mp01.mock01.vmcp.vs.management\"],\"provisioningState\":\"Succeeded\"},\"sku\":{\"name\":\"av20\"},\"type\":\"Microsoft.AVS/privateClouds/clusters\"}",
      "isContentBase64": false
    }
  },
  "Remove-AzVMwareCluster+[NoContext]+DeleteViaIdentity+$DELETE+https://management.azure.com/subscriptions/ba75e79b-dd95-4025-9dbf-3a7ae8dff2b5/resourceGroups/azps_test_group_1/providers/Microsoft.AVS/privateClouds/azps_test_cloud_1/clusters/twp4gr?api-version=2021-06-01+8": {
    "Request": {
      "Method": "DELETE",
      "RequestUri": "https://management.azure.com/subscriptions/ba75e79b-dd95-4025-9dbf-3a7ae8dff2b5/resourceGroups/azps_test_group_1/providers/Microsoft.AVS/privateClouds/azps_test_cloud_1/clusters/twp4gr?api-version=2021-06-01",
      "Content": null,
      "isContentBase64": false,
      "Headers": {
        "x-ms-unique-id": [ "188" ],
        "x-ms-client-request-id": [ "01110e9e-e868-4471-b65c-49f191882477" ],
        "CommandName": [ "Remove-AzVMwareCluster" ],
        "FullCommandName": [ "Remove-AzVMwareCluster_DeleteViaIdentity" ],
        "ParameterSetName": [ "__AllParameterSets" ],
        "User-Agent": [ "AzurePowershell/Az4.0.0-preview" ],
        "Authorization": [ "[Filtered]" ]
      },
      "ContentHeaders": {
      }
    },
    "Response": {
      "StatusCode": 202,
      "Headers": {
        "Cache-Control": [ "no-cache" ],
        "Pragma": [ "no-cache" ],
        "Location": [ "https://management.azure.com/subscriptions/ba75e79b-dd95-4025-9dbf-3a7ae8dff2b5/resourceGroups/azps_test_group_1/providers/Microsoft.AVS/privateClouds/azps_test_cloud_1/clusters/twp4gr/operationresults/dabb5d81-62ce-41d3-bf43-200993922b9c?api-version=2021-06-01" ],
        "Retry-After": [ "10" ],
        "x-ms-ratelimit-remaining-subscription-deletes": [ "14993" ],
        "Azure-AsyncOperation": [ "https://management.azure.com/subscriptions/ba75e79b-dd95-4025-9dbf-3a7ae8dff2b5/resourceGroups/azps_test_group_1/providers/Microsoft.AVS/privateClouds/azps_test_cloud_1/clusters/twp4gr/operationstatuses/dabb5d81-62ce-41d3-bf43-200993922b9c?api-version=2021-06-01" ],
        "x-ms-request-id": [ "832d4de2-c3b2-4f97-8c33-868f4eaab0bf" ],
        "Strict-Transport-Security": [ "max-age=31536000; includeSubDomains" ],
        "x-ms-correlation-request-id": [ "f9b58318-561d-4bf4-aea1-492e77c8ffcb" ],
        "x-ms-routing-request-id": [ "WESTEUROPE:20210729T041545Z:f9b58318-561d-4bf4-aea1-492e77c8ffcb" ],
        "X-Content-Type-Options": [ "nosniff" ],
        "X-Cache": [ "CONFIG_NOCACHE" ],
        "X-MSEdge-Ref": [ "Ref A: 86DC1227D35B484695B1DA5F2B915DE8 Ref B: SG2EDGE1419 Ref C: 2021-07-29T04:15:44Z" ],
        "Date": [ "Thu, 29 Jul 2021 04:15:45 GMT" ]
      },
      "ContentHeaders": {
        "Content-Length": [ "476" ],
        "Content-Type": [ "application/json; charset=utf-8" ],
        "Expires": [ "-1" ]
      },
      "Content": "{\"id\":\"/subscriptions/ba75e79b-dd95-4025-9dbf-3a7ae8dff2b5/resourceGroups/azps_test_group_1/providers/Microsoft.AVS/privateClouds/azps_test_cloud_1/clusters/twp4gr\",\"name\":\"twp4gr\",\"properties\":{\"clusterId\":2,\"clusterSize\":3,\"hosts\":[\"gp-fakehost16.mp01.mock01.vmcp.vs.management\",\"gp-fakehost19.mp01.mock01.vmcp.vs.management\",\"gp-fakehost15.mp01.mock01.vmcp.vs.management\"],\"provisioningState\":\"Deleting\"},\"sku\":{\"name\":\"av20\"},\"type\":\"Microsoft.AVS/privateClouds/clusters\"}",
      "isContentBase64": false
    }
  },
  "Remove-AzVMwareCluster+[NoContext]+DeleteViaIdentity+$GET+https://management.azure.com/subscriptions/ba75e79b-dd95-4025-9dbf-3a7ae8dff2b5/resourceGroups/azps_test_group_1/providers/Microsoft.AVS/privateClouds/azps_test_cloud_1/clusters/twp4gr/operationstatuses/dabb5d81-62ce-41d3-bf43-200993922b9c?api-version=2021-06-01+9": {
    "Request": {
      "Method": "GET",
      "RequestUri": "https://management.azure.com/subscriptions/ba75e79b-dd95-4025-9dbf-3a7ae8dff2b5/resourceGroups/azps_test_group_1/providers/Microsoft.AVS/privateClouds/azps_test_cloud_1/clusters/twp4gr/operationstatuses/dabb5d81-62ce-41d3-bf43-200993922b9c?api-version=2021-06-01",
      "Content": null,
      "isContentBase64": false,
      "Headers": {
        "Authorization": [ "[Filtered]" ],
        "x-ms-unique-id": [ "189" ],
        "x-ms-client-request-id": [ "01110e9e-e868-4471-b65c-49f191882477" ],
        "CommandName": [ "Remove-AzVMwareCluster" ],
        "FullCommandName": [ "Remove-AzVMwareCluster_DeleteViaIdentity" ],
        "ParameterSetName": [ "__AllParameterSets" ],
        "User-Agent": [ "AzurePowershell/Az4.0.0-preview" ]
      },
      "ContentHeaders": {
      }
    },
    "Response": {
      "StatusCode": 200,
      "Headers": {
        "Cache-Control": [ "no-cache" ],
        "Pragma": [ "no-cache" ],
        "Retry-After": [ "10" ],
        "x-ms-ratelimit-remaining-subscription-reads": [ "14884" ],
        "x-ms-request-id": [ "d981666f-d280-4af7-9d62-aeec0d68465b" ],
        "Strict-Transport-Security": [ "max-age=31536000; includeSubDomains" ],
        "x-ms-correlation-request-id": [ "bd8ba507-a74f-47c9-ba7a-7d3e8042d28b" ],
        "x-ms-routing-request-id": [ "WESTEUROPE:20210729T041556Z:bd8ba507-a74f-47c9-ba7a-7d3e8042d28b" ],
        "X-Content-Type-Options": [ "nosniff" ],
        "X-Cache": [ "CONFIG_NOCACHE" ],
        "X-MSEdge-Ref": [ "Ref A: 9625CA56B5A74E1E996C71BD1E5F3980 Ref B: SG2EDGE1419 Ref C: 2021-07-29T04:15:55Z" ],
        "Date": [ "Thu, 29 Jul 2021 04:15:55 GMT" ]
      },
      "ContentHeaders": {
        "Content-Length": [ "354" ],
        "Content-Type": [ "application/json; charset=utf-8" ],
        "Expires": [ "-1" ]
      },
      "Content": "{\"id\":\"/subscriptions/ba75e79b-dd95-4025-9dbf-3a7ae8dff2b5/resourceGroups/azps_test_group_1/providers/Microsoft.AVS/privateClouds/azps_test_cloud_1/clusters/twp4gr/operationstatuses/dabb5d81-62ce-41d3-bf43-200993922b9c\",\"name\":\"dabb5d81-62ce-41d3-bf43-200993922b9c\",\"percentComplete\":0,\"startTime\":\"2021-07-29T04:11:58.4252205+00:00\",\"status\":\"Building\"}",
      "isContentBase64": false
    }
  },
  "Remove-AzVMwareCluster+[NoContext]+DeleteViaIdentity+$GET+https://management.azure.com/subscriptions/ba75e79b-dd95-4025-9dbf-3a7ae8dff2b5/resourceGroups/azps_test_group_1/providers/Microsoft.AVS/privateClouds/azps_test_cloud_1/clusters/twp4gr/operationstatuses/dabb5d81-62ce-41d3-bf43-200993922b9c?api-version=2021-06-01+10": {
    "Request": {
      "Method": "GET",
      "RequestUri": "https://management.azure.com/subscriptions/ba75e79b-dd95-4025-9dbf-3a7ae8dff2b5/resourceGroups/azps_test_group_1/providers/Microsoft.AVS/privateClouds/azps_test_cloud_1/clusters/twp4gr/operationstatuses/dabb5d81-62ce-41d3-bf43-200993922b9c?api-version=2021-06-01",
      "Content": null,
      "isContentBase64": false,
      "Headers": {
        "Authorization": [ "[Filtered]" ],
        "x-ms-unique-id": [ "190" ],
        "x-ms-client-request-id": [ "01110e9e-e868-4471-b65c-49f191882477" ],
        "CommandName": [ "Remove-AzVMwareCluster" ],
        "FullCommandName": [ "Remove-AzVMwareCluster_DeleteViaIdentity" ],
        "ParameterSetName": [ "__AllParameterSets" ],
        "User-Agent": [ "AzurePowershell/Az4.0.0-preview" ]
      },
      "ContentHeaders": {
      }
    },
    "Response": {
      "StatusCode": 200,
      "Headers": {
        "Cache-Control": [ "no-cache" ],
        "Pragma": [ "no-cache" ],
        "Retry-After": [ "10" ],
        "x-ms-ratelimit-remaining-subscription-reads": [ "14883" ],
        "x-ms-request-id": [ "5bd94f8c-a1db-4dc8-85c3-ec20525a5fd0" ],
        "Strict-Transport-Security": [ "max-age=31536000; includeSubDomains" ],
        "x-ms-correlation-request-id": [ "d38a912a-869d-405c-bc0b-b41b6736dcce" ],
        "x-ms-routing-request-id": [ "WESTEUROPE:20210729T041606Z:d38a912a-869d-405c-bc0b-b41b6736dcce" ],
        "X-Content-Type-Options": [ "nosniff" ],
        "X-Cache": [ "CONFIG_NOCACHE" ],
        "X-MSEdge-Ref": [ "Ref A: AB89AE2221524DA6B6B8B62CE5A55508 Ref B: SG2EDGE1419 Ref C: 2021-07-29T04:16:06Z" ],
        "Date": [ "Thu, 29 Jul 2021 04:16:06 GMT" ]
      },
      "ContentHeaders": {
        "Content-Length": [ "355" ],
        "Content-Type": [ "application/json; charset=utf-8" ],
        "Expires": [ "-1" ]
      },
      "Content": "{\"id\":\"/subscriptions/ba75e79b-dd95-4025-9dbf-3a7ae8dff2b5/resourceGroups/azps_test_group_1/providers/Microsoft.AVS/privateClouds/azps_test_cloud_1/clusters/twp4gr/operationstatuses/dabb5d81-62ce-41d3-bf43-200993922b9c\",\"name\":\"dabb5d81-62ce-41d3-bf43-200993922b9c\",\"percentComplete\":50,\"startTime\":\"2021-07-29T04:11:58.4252205+00:00\",\"status\":\"Building\"}",
      "isContentBase64": false
    }
  },
  "Remove-AzVMwareCluster+[NoContext]+DeleteViaIdentity+$GET+https://management.azure.com/subscriptions/ba75e79b-dd95-4025-9dbf-3a7ae8dff2b5/resourceGroups/azps_test_group_1/providers/Microsoft.AVS/privateClouds/azps_test_cloud_1/clusters/twp4gr/operationstatuses/dabb5d81-62ce-41d3-bf43-200993922b9c?api-version=2021-06-01+11": {
    "Request": {
      "Method": "GET",
      "RequestUri": "https://management.azure.com/subscriptions/ba75e79b-dd95-4025-9dbf-3a7ae8dff2b5/resourceGroups/azps_test_group_1/providers/Microsoft.AVS/privateClouds/azps_test_cloud_1/clusters/twp4gr/operationstatuses/dabb5d81-62ce-41d3-bf43-200993922b9c?api-version=2021-06-01",
      "Content": null,
      "isContentBase64": false,
      "Headers": {
        "Authorization": [ "[Filtered]" ],
        "x-ms-unique-id": [ "191" ],
        "x-ms-client-request-id": [ "01110e9e-e868-4471-b65c-49f191882477" ],
        "CommandName": [ "Remove-AzVMwareCluster" ],
        "FullCommandName": [ "Remove-AzVMwareCluster_DeleteViaIdentity" ],
        "ParameterSetName": [ "__AllParameterSets" ],
        "User-Agent": [ "AzurePowershell/Az4.0.0-preview" ]
      },
      "ContentHeaders": {
      }
    },
    "Response": {
      "StatusCode": 200,
      "Headers": {
        "Cache-Control": [ "no-cache" ],
        "Pragma": [ "no-cache" ],
        "Retry-After": [ "10" ],
        "x-ms-ratelimit-remaining-subscription-reads": [ "14882" ],
        "x-ms-request-id": [ "a35e4a4f-6742-476e-a528-cc7bf4f0945e" ],
        "Strict-Transport-Security": [ "max-age=31536000; includeSubDomains" ],
        "x-ms-correlation-request-id": [ "4d27f3cb-ffe7-407e-a984-8037b14fb8a7" ],
        "x-ms-routing-request-id": [ "WESTEUROPE:20210729T041617Z:4d27f3cb-ffe7-407e-a984-8037b14fb8a7" ],
        "X-Content-Type-Options": [ "nosniff" ],
        "X-Cache": [ "CONFIG_NOCACHE" ],
        "X-MSEdge-Ref": [ "Ref A: 3771B5E8A9784DD4AC8A0A5B66661E27 Ref B: SG2EDGE1419 Ref C: 2021-07-29T04:16:17Z" ],
        "Date": [ "Thu, 29 Jul 2021 04:16:17 GMT" ]
      },
      "ContentHeaders": {
        "Content-Length": [ "355" ],
        "Content-Type": [ "application/json; charset=utf-8" ],
        "Expires": [ "-1" ]
      },
      "Content": "{\"id\":\"/subscriptions/ba75e79b-dd95-4025-9dbf-3a7ae8dff2b5/resourceGroups/azps_test_group_1/providers/Microsoft.AVS/privateClouds/azps_test_cloud_1/clusters/twp4gr/operationstatuses/dabb5d81-62ce-41d3-bf43-200993922b9c\",\"name\":\"dabb5d81-62ce-41d3-bf43-200993922b9c\",\"percentComplete\":75,\"startTime\":\"2021-07-29T04:11:58.4252205+00:00\",\"status\":\"Building\"}",
      "isContentBase64": false
    }
  },
  "Remove-AzVMwareCluster+[NoContext]+DeleteViaIdentity+$GET+https://management.azure.com/subscriptions/ba75e79b-dd95-4025-9dbf-3a7ae8dff2b5/resourceGroups/azps_test_group_1/providers/Microsoft.AVS/privateClouds/azps_test_cloud_1/clusters/twp4gr/operationstatuses/dabb5d81-62ce-41d3-bf43-200993922b9c?api-version=2021-06-01+12": {
    "Request": {
      "Method": "GET",
      "RequestUri": "https://management.azure.com/subscriptions/ba75e79b-dd95-4025-9dbf-3a7ae8dff2b5/resourceGroups/azps_test_group_1/providers/Microsoft.AVS/privateClouds/azps_test_cloud_1/clusters/twp4gr/operationstatuses/dabb5d81-62ce-41d3-bf43-200993922b9c?api-version=2021-06-01",
      "Content": null,
      "isContentBase64": false,
      "Headers": {
        "Authorization": [ "[Filtered]" ],
        "x-ms-unique-id": [ "192" ],
        "x-ms-client-request-id": [ "01110e9e-e868-4471-b65c-49f191882477" ],
        "CommandName": [ "Remove-AzVMwareCluster" ],
        "FullCommandName": [ "Remove-AzVMwareCluster_DeleteViaIdentity" ],
        "ParameterSetName": [ "__AllParameterSets" ],
        "User-Agent": [ "AzurePowershell/Az4.0.0-preview" ]
      },
      "ContentHeaders": {
      }
    },
    "Response": {
      "StatusCode": 200,
      "Headers": {
        "Cache-Control": [ "no-cache" ],
        "Pragma": [ "no-cache" ],
        "Retry-After": [ "10" ],
        "x-ms-ratelimit-remaining-subscription-reads": [ "14881" ],
        "x-ms-request-id": [ "4fb7d80b-d49f-469d-857d-ef1a96426a32" ],
        "Strict-Transport-Security": [ "max-age=31536000; includeSubDomains" ],
        "x-ms-correlation-request-id": [ "66595bc4-bd80-49e4-ba40-c7f5eb294f09" ],
        "x-ms-routing-request-id": [ "WESTEUROPE:20210729T041628Z:66595bc4-bd80-49e4-ba40-c7f5eb294f09" ],
        "X-Content-Type-Options": [ "nosniff" ],
        "X-Cache": [ "CONFIG_NOCACHE" ],
        "X-MSEdge-Ref": [ "Ref A: 7CA3AD7186AD46B9BFD9BC5C52C49108 Ref B: SG2EDGE1419 Ref C: 2021-07-29T04:16:27Z" ],
        "Date": [ "Thu, 29 Jul 2021 04:16:27 GMT" ]
      },
      "ContentHeaders": {
        "Content-Length": [ "355" ],
        "Content-Type": [ "application/json; charset=utf-8" ],
        "Expires": [ "-1" ]
      },
      "Content": "{\"id\":\"/subscriptions/ba75e79b-dd95-4025-9dbf-3a7ae8dff2b5/resourceGroups/azps_test_group_1/providers/Microsoft.AVS/privateClouds/azps_test_cloud_1/clusters/twp4gr/operationstatuses/dabb5d81-62ce-41d3-bf43-200993922b9c\",\"name\":\"dabb5d81-62ce-41d3-bf43-200993922b9c\",\"percentComplete\":75,\"startTime\":\"2021-07-29T04:11:58.4252205+00:00\",\"status\":\"Building\"}",
      "isContentBase64": false
    }
  },
  "Remove-AzVMwareCluster+[NoContext]+DeleteViaIdentity+$GET+https://management.azure.com/subscriptions/ba75e79b-dd95-4025-9dbf-3a7ae8dff2b5/resourceGroups/azps_test_group_1/providers/Microsoft.AVS/privateClouds/azps_test_cloud_1/clusters/twp4gr/operationstatuses/dabb5d81-62ce-41d3-bf43-200993922b9c?api-version=2021-06-01+13": {
    "Request": {
      "Method": "GET",
      "RequestUri": "https://management.azure.com/subscriptions/ba75e79b-dd95-4025-9dbf-3a7ae8dff2b5/resourceGroups/azps_test_group_1/providers/Microsoft.AVS/privateClouds/azps_test_cloud_1/clusters/twp4gr/operationstatuses/dabb5d81-62ce-41d3-bf43-200993922b9c?api-version=2021-06-01",
      "Content": null,
      "isContentBase64": false,
      "Headers": {
        "Authorization": [ "[Filtered]" ],
        "x-ms-unique-id": [ "193" ],
        "x-ms-client-request-id": [ "01110e9e-e868-4471-b65c-49f191882477" ],
        "CommandName": [ "Remove-AzVMwareCluster" ],
        "FullCommandName": [ "Remove-AzVMwareCluster_DeleteViaIdentity" ],
        "ParameterSetName": [ "__AllParameterSets" ],
        "User-Agent": [ "AzurePowershell/Az4.0.0-preview" ]
      },
      "ContentHeaders": {
      }
    },
    "Response": {
      "StatusCode": 200,
      "Headers": {
        "Cache-Control": [ "no-cache" ],
        "Pragma": [ "no-cache" ],
        "Retry-After": [ "10" ],
        "x-ms-ratelimit-remaining-subscription-reads": [ "14880" ],
        "x-ms-request-id": [ "1e33e483-85e7-43b8-babd-3da05aa09b57" ],
        "Strict-Transport-Security": [ "max-age=31536000; includeSubDomains" ],
        "x-ms-correlation-request-id": [ "79b3c6ce-3a20-4ea2-9297-02645491db4f" ],
        "x-ms-routing-request-id": [ "WESTEUROPE:20210729T041638Z:79b3c6ce-3a20-4ea2-9297-02645491db4f" ],
        "X-Content-Type-Options": [ "nosniff" ],
        "X-Cache": [ "CONFIG_NOCACHE" ],
        "X-MSEdge-Ref": [ "Ref A: C01378653862407D85893550D735897A Ref B: SG2EDGE1419 Ref C: 2021-07-29T04:16:38Z" ],
        "Date": [ "Thu, 29 Jul 2021 04:16:38 GMT" ]
      },
      "ContentHeaders": {
        "Content-Length": [ "355" ],
        "Content-Type": [ "application/json; charset=utf-8" ],
        "Expires": [ "-1" ]
      },
      "Content": "{\"id\":\"/subscriptions/ba75e79b-dd95-4025-9dbf-3a7ae8dff2b5/resourceGroups/azps_test_group_1/providers/Microsoft.AVS/privateClouds/azps_test_cloud_1/clusters/twp4gr/operationstatuses/dabb5d81-62ce-41d3-bf43-200993922b9c\",\"name\":\"dabb5d81-62ce-41d3-bf43-200993922b9c\",\"percentComplete\":75,\"startTime\":\"2021-07-29T04:11:58.4252205+00:00\",\"status\":\"Building\"}",
      "isContentBase64": false
    }
  },
  "Remove-AzVMwareCluster+[NoContext]+DeleteViaIdentity+$GET+https://management.azure.com/subscriptions/ba75e79b-dd95-4025-9dbf-3a7ae8dff2b5/resourceGroups/azps_test_group_1/providers/Microsoft.AVS/privateClouds/azps_test_cloud_1/clusters/twp4gr/operationstatuses/dabb5d81-62ce-41d3-bf43-200993922b9c?api-version=2021-06-01+14": {
    "Request": {
      "Method": "GET",
      "RequestUri": "https://management.azure.com/subscriptions/ba75e79b-dd95-4025-9dbf-3a7ae8dff2b5/resourceGroups/azps_test_group_1/providers/Microsoft.AVS/privateClouds/azps_test_cloud_1/clusters/twp4gr/operationstatuses/dabb5d81-62ce-41d3-bf43-200993922b9c?api-version=2021-06-01",
      "Content": null,
      "isContentBase64": false,
      "Headers": {
        "Authorization": [ "[Filtered]" ],
        "x-ms-unique-id": [ "194" ],
        "x-ms-client-request-id": [ "01110e9e-e868-4471-b65c-49f191882477" ],
        "CommandName": [ "Remove-AzVMwareCluster" ],
        "FullCommandName": [ "Remove-AzVMwareCluster_DeleteViaIdentity" ],
        "ParameterSetName": [ "__AllParameterSets" ],
        "User-Agent": [ "AzurePowershell/Az4.0.0-preview" ]
      },
      "ContentHeaders": {
      }
    },
    "Response": {
      "StatusCode": 200,
      "Headers": {
        "Cache-Control": [ "no-cache" ],
        "Pragma": [ "no-cache" ],
        "Retry-After": [ "10" ],
        "x-ms-ratelimit-remaining-subscription-reads": [ "14879" ],
        "x-ms-request-id": [ "9e51e31a-8609-4afe-99c0-107817b0df50" ],
        "Strict-Transport-Security": [ "max-age=31536000; includeSubDomains" ],
        "x-ms-correlation-request-id": [ "0dc93141-57a0-49d0-8cfa-90c04786c849" ],
        "x-ms-routing-request-id": [ "WESTEUROPE:20210729T041649Z:0dc93141-57a0-49d0-8cfa-90c04786c849" ],
        "X-Content-Type-Options": [ "nosniff" ],
        "X-Cache": [ "CONFIG_NOCACHE" ],
        "X-MSEdge-Ref": [ "Ref A: 132491296567474B953F434451343910 Ref B: SG2EDGE1419 Ref C: 2021-07-29T04:16:49Z" ],
        "Date": [ "Thu, 29 Jul 2021 04:16:49 GMT" ]
      },
      "ContentHeaders": {
        "Content-Length": [ "403" ],
        "Content-Type": [ "application/json; charset=utf-8" ],
        "Expires": [ "-1" ]
      },
      "Content": "{\"endTime\":\"2021-07-29T04:16:35.2858811+00:00\",\"id\":\"/subscriptions/ba75e79b-dd95-4025-9dbf-3a7ae8dff2b5/resourceGroups/azps_test_group_1/providers/Microsoft.AVS/privateClouds/azps_test_cloud_1/clusters/twp4gr/operationstatuses/dabb5d81-62ce-41d3-bf43-200993922b9c\",\"name\":\"dabb5d81-62ce-41d3-bf43-200993922b9c\",\"percentComplete\":100,\"startTime\":\"2021-07-29T04:11:58.4252205+00:00\",\"status\":\"Succeeded\"}",
      "isContentBase64": false
    }
  },
  "Remove-AzVMwareCluster+[NoContext]+DeleteViaIdentity+$GET+https://management.azure.com/subscriptions/ba75e79b-dd95-4025-9dbf-3a7ae8dff2b5/resourceGroups/azps_test_group_1/providers/Microsoft.AVS/privateClouds/azps_test_cloud_1/clusters/twp4gr/operationresults/dabb5d81-62ce-41d3-bf43-200993922b9c?api-version=2021-06-01+15": {
    "Request": {
      "Method": "GET",
      "RequestUri": "https://management.azure.com/subscriptions/ba75e79b-dd95-4025-9dbf-3a7ae8dff2b5/resourceGroups/azps_test_group_1/providers/Microsoft.AVS/privateClouds/azps_test_cloud_1/clusters/twp4gr/operationresults/dabb5d81-62ce-41d3-bf43-200993922b9c?api-version=2021-06-01",
      "Content": null,
      "isContentBase64": false,
      "Headers": {
        "Authorization": [ "[Filtered]" ],
        "x-ms-unique-id": [ "195" ],
        "x-ms-client-request-id": [ "01110e9e-e868-4471-b65c-49f191882477" ],
        "CommandName": [ "Remove-AzVMwareCluster" ],
        "FullCommandName": [ "Remove-AzVMwareCluster_DeleteViaIdentity" ],
        "ParameterSetName": [ "__AllParameterSets" ],
        "User-Agent": [ "AzurePowershell/Az4.0.0-preview" ]
      },
      "ContentHeaders": {
      }
    },
    "Response": {
      "StatusCode": 200,
      "Headers": {
        "Cache-Control": [ "no-cache" ],
        "Pragma": [ "no-cache" ],
        "x-ms-ratelimit-remaining-subscription-reads": [ "14878" ],
        "x-ms-request-id": [ "00998143-96f6-427e-8685-f893319a32d0" ],
        "Strict-Transport-Security": [ "max-age=31536000; includeSubDomains" ],
        "x-ms-correlation-request-id": [ "d27b0ffc-0061-4cc2-95a5-8cc83fb0991e" ],
        "x-ms-routing-request-id": [ "WESTEUROPE:20210729T041650Z:d27b0ffc-0061-4cc2-95a5-8cc83fb0991e" ],
        "X-Content-Type-Options": [ "nosniff" ],
        "X-Cache": [ "CONFIG_NOCACHE" ],
        "X-MSEdge-Ref": [ "Ref A: 7BA26FBEE92B45F28281591E3D834255 Ref B: SG2EDGE1419 Ref C: 2021-07-29T04:16:49Z" ],
        "Date": [ "Thu, 29 Jul 2021 04:16:50 GMT" ]
      },
      "ContentHeaders": {
        "Content-Length": [ "4" ],
        "Content-Type": [ "application/json; charset=utf-8" ],
        "Expires": [ "-1" ]
      },
      "Content": "bnVsbA==",
      "isContentBase64": false
    }
  }
}