{
  "Remove-AzVMwareGlobalReachConnection+[NoContext]+Delete+$DELETE+https://management.azure.com/subscriptions/ba75e79b-dd95-4025-9dbf-3a7ae8dff2b5/resourceGroups/azps_test_group_1/providers/Microsoft.AVS/privateClouds/azps_test_cloud_1/globalReachConnections/ftr3ic?api-version=2021-06-01+1": {
    "Request": {
      "Method": "DELETE",
      "RequestUri": "https://management.azure.com/subscriptions/ba75e79b-dd95-4025-9dbf-3a7ae8dff2b5/resourceGroups/azps_test_group_1/providers/Microsoft.AVS/privateClouds/azps_test_cloud_1/globalReachConnections/ftr3ic?api-version=2021-06-01",
      "Content": null,
      "isContentBase64": false,
      "Headers": {
        "x-ms-unique-id": [ "198" ],
        "x-ms-client-request-id": [ "e8cc5a61-4726-4cdc-9a5e-54d2751e665c" ],
        "CommandName": [ "Remove-AzVMwareGlobalReachConnection" ],
        "FullCommandName": [ "Remove-AzVMwareGlobalReachConnection_Delete" ],
        "ParameterSetName": [ "__AllParameterSets" ],
        "User-Agent": [ "AzurePowershell/Az4.0.0-preview" ],
        "Authorization": [ "[Filtered]" ]
      },
      "ContentHeaders": {
      }
    },
    "Response": {
      "StatusCode": 200,
      "Headers": {
        "Cache-Control": [ "no-cache" ],
        "Pragma": [ "no-cache" ],
        "x-ms-ratelimit-remaining-subscription-deletes": [ "14990" ],
        "x-ms-request-id": [ "5df95022-86e1-4ed8-9774-81b8c0c729ee" ],
        "Strict-Transport-Security": [ "max-age=31536000; includeSubDomains" ],
        "x-ms-correlation-request-id": [ "f8853ea5-9944-4fe2-8d6c-b4407132d745" ],
        "x-ms-routing-request-id": [ "WESTEUROPE:20210729T041657Z:f8853ea5-9944-4fe2-8d6c-b4407132d745" ],
        "X-Content-Type-Options": [ "nosniff" ],
        "X-Cache": [ "CONFIG_NOCACHE" ],
        "X-MSEdge-Ref": [ "Ref A: 23E3D4DDB4FC410C887E1D8BBCA14AE6 Ref B: SG2EDGE1419 Ref C: 2021-07-29T04:16:57Z" ],
        "Date": [ "Thu, 29 Jul 2021 04:16:57 GMT" ]
      },
      "ContentHeaders": {
        "Content-Type": [ "text/html" ],
        "Expires": [ "-1" ],
        "Content-Length": [ "0" ]
      },
      "Content": null,
      "isContentBase64": false
    }
  },
  "Remove-AzVMwareGlobalReachConnection+[NoContext]+DeleteViaIdentity+$GET+https://management.azure.com/subscriptions/ba75e79b-dd95-4025-9dbf-3a7ae8dff2b5/resourceGroups/azps_test_group_1/providers/Microsoft.AVS/privateClouds/azps_test_cloud_1/authorizations/twp4gr?api-version=2021-06-01+1": {
    "Request": {
      "Method": "GET",
      "RequestUri": "https://management.azure.com/subscriptions/ba75e79b-dd95-4025-9dbf-3a7ae8dff2b5/resourceGroups/azps_test_group_1/providers/Microsoft.AVS/privateClouds/azps_test_cloud_1/authorizations/twp4gr?api-version=2021-06-01",
      "Content": null,
      "isContentBase64": false,
      "Headers": {
        "x-ms-unique-id": [ "199" ],
        "x-ms-client-request-id": [ "c61f68c2-036a-462d-8631-e8487d4ace25" ],
        "CommandName": [ "Get-AzVMwareAuthorization" ],
        "FullCommandName": [ "Get-AzVMwareAuthorization_Get" ],
        "ParameterSetName": [ "__AllParameterSets" ],
        "User-Agent": [ "AzurePowershell/Az4.0.0-preview" ],
        "Authorization": [ "[Filtered]" ]
      },
      "ContentHeaders": {
      }
    },
    "Response": {
      "StatusCode": 200,
      "Headers": {
        "Cache-Control": [ "no-cache" ],
        "Pragma": [ "no-cache" ],
        "x-ms-ratelimit-remaining-subscription-reads": [ "14877" ],
        "x-ms-request-id": [ "c047cb73-fcd9-4487-b96c-f87f5ee14014" ],
        "Strict-Transport-Security": [ "max-age=31536000; includeSubDomains" ],
        "x-ms-correlation-request-id": [ "1ae903b2-4a99-4658-a468-0ff352b486df" ],
        "x-ms-routing-request-id": [ "WESTEUROPE:20210729T041658Z:1ae903b2-4a99-4658-a468-0ff352b486df" ],
        "X-Content-Type-Options": [ "nosniff" ],
        "X-Cache": [ "CONFIG_NOCACHE" ],
        "X-MSEdge-Ref": [ "Ref A: 9CA99FCB514943C5BC47710F6AB1CF50 Ref B: SG2EDGE1419 Ref C: 2021-07-29T04:16:58Z" ],
        "Date": [ "Thu, 29 Jul 2021 04:16:58 GMT" ]
      },
      "ContentHeaders": {
        "Content-Length": [ "588" ],
        "Content-Type": [ "application/json; charset=utf-8" ],
        "Expires": [ "-1" ]
      },
      "Content": "{\"id\":\"/subscriptions/ba75e79b-dd95-4025-9dbf-3a7ae8dff2b5/resourceGroups/azps_test_group_1/providers/Microsoft.AVS/privateClouds/azps_test_cloud_1/authorizations/twp4gr\",\"name\":\"twp4gr\",\"properties\":{\"expressRouteAuthorizationId\":\"/subscriptions/7f1fae41-7708-4fa4-89b3-f6552cad2fc1/resourceGroups/tnt38-cust-mp01-mock01/providers/Microsoft.Network/expressRouteCircuits/tnt38-cust-mp01-mock01-er/authorizations/avs_resource_twp4gr\",\"expressRouteAuthorizationKey\":\"0185da08-ee9b-4dbe-a93c-863108c29417\",\"provisioningState\":\"Succeeded\"},\"type\":\"Microsoft.AVS/privateClouds/authorizations\"}",
      "isContentBase64": false
    }
  },
  "Remove-AzVMwareGlobalReachConnection+[NoContext]+DeleteViaIdentity+$GET+https://management.azure.com/subscriptions/ba75e79b-dd95-4025-9dbf-3a7ae8dff2b5/resourceGroups/azps_test_group_3/providers/Microsoft.AVS/privateClouds/azps_test_cloud_3?api-version=2021-06-01+2": {
    "Request": {
      "Method": "GET",
      "RequestUri": "https://management.azure.com/subscriptions/ba75e79b-dd95-4025-9dbf-3a7ae8dff2b5/resourceGroups/azps_test_group_3/providers/Microsoft.AVS/privateClouds/azps_test_cloud_3?api-version=2021-06-01",
      "Content": null,
      "isContentBase64": false,
      "Headers": {
        "x-ms-unique-id": [ "200" ],
        "x-ms-client-request-id": [ "a2894250-97ce-4caf-8097-cd9254e2c3fe" ],
        "CommandName": [ "Get-AzVMwarePrivateCloud" ],
        "FullCommandName": [ "Get-AzVMwarePrivateCloud_Get" ],
        "ParameterSetName": [ "__AllParameterSets" ],
        "User-Agent": [ "AzurePowershell/Az4.0.0-preview" ],
        "Authorization": [ "[Filtered]" ]
      },
      "ContentHeaders": {
      }
    },
    "Response": {
      "StatusCode": 200,
      "Headers": {
        "Cache-Control": [ "no-cache" ],
        "Pragma": [ "no-cache" ],
        "x-ms-ratelimit-remaining-subscription-reads": [ "14876" ],
        "x-ms-request-id": [ "9b4f6521-f39d-4306-ac2d-1f3b4dadac79" ],
        "Strict-Transport-Security": [ "max-age=31536000; includeSubDomains" ],
        "x-ms-correlation-request-id": [ "b5305ce4-504b-4ad0-b195-e9bae045d19b" ],
        "x-ms-routing-request-id": [ "WESTEUROPE:20210729T041659Z:b5305ce4-504b-4ad0-b195-e9bae045d19b" ],
        "X-Content-Type-Options": [ "nosniff" ],
        "X-Cache": [ "CONFIG_NOCACHE" ],
        "X-MSEdge-Ref": [ "Ref A: 4FEA21F1C1674EFB8A5EB59C95F132E0 Ref B: SG2EDGE1419 Ref C: 2021-07-29T04:16:59Z" ],
        "Date": [ "Thu, 29 Jul 2021 04:16:59 GMT" ]
      },
      "ContentHeaders": {
        "Content-Length": [ "1536" ],
        "Content-Type": [ "application/json; charset=utf-8" ],
        "Expires": [ "-1" ]
      },
      "Content": "{\"id\":\"/subscriptions/ba75e79b-dd95-4025-9dbf-3a7ae8dff2b5/resourceGroups/azps_test_group_3/providers/Microsoft.AVS/privateClouds/azps_test_cloud_3\",\"location\":\"westcentralus\",\"name\":\"azps_test_cloud_3\",\"properties\":{\"circuit\":{\"expressRouteID\":\"/subscriptions/7f1fae41-7708-4fa4-89b3-f6552cad2fc1/resourceGroups/tnt67-cust-mp01-mock01/providers/Microsoft.Network/expressRouteCircuits/tnt67-cust-mp01-mock01-er\",\"expressRoutePrivatePeeringID\":\"/subscriptions/7f1fae41-7708-4fa4-89b3-f6552cad2fc1/resourceGroups/tnt67-cust-mp01-mock01/providers/Microsoft.Network/expressRouteCircuits/tnt67-cust-mp01-mock01-er/peerings/AzurePrivatePeering\",\"primarySubnet\":\"192.168.48.232/30\",\"secondarySubnet\":\"192.168.48.236/30\"},\"endpoints\":{\"hcxCloudManager\":\"https://192.168.48.9/\",\"nsxtManager\":\"https://192.168.48.3/\",\"vcsa\":\"https://192.168.48.2/\"},\"externalCloudLinks\":[],\"identitySources\":[],\"internet\":\"Disabled\",\"managementCluster\":{\"clusterId\":1,\"clusterSize\":3,\"hosts\":[\"he-fakehost02.mp01.mock01.vmcp.vs.management\",\"he-fakehost41.mp01.mock01.vmcp.vs.management\",\"he-fakehost42.mp01.mock01.vmcp.vs.management\"],\"provisioningState\":\"Succeeded\"},\"managementNetwork\":\"192.168.48.0/26\",\"networkBlock\":\"192.168.48.0/22\",\"nsxtCertificateThumbprint\":\"B9A9474616752565A3FAF23E0A013ECE3DC8B8FF\",\"provisioningNetwork\":\"192.168.50.0/25\",\"provisioningState\":\"Succeeded\",\"vcenterCertificateThumbprint\":\"BE8EA855AA13D9662A115571636B9B1925C6DB68\",\"vmotionNetwork\":\"192.168.49.128/25\"},\"sku\":{\"name\":\"av36\"},\"tags\":{},\"type\":\"Microsoft.AVS/privateClouds\"}",
      "isContentBase64": false
    }
  },
  "Remove-AzVMwareGlobalReachConnection+[NoContext]+DeleteViaIdentity+$PUT+https://management.azure.com/subscriptions/ba75e79b-dd95-4025-9dbf-3a7ae8dff2b5/resourceGroups/azps_test_group_1/providers/Microsoft.AVS/privateClouds/azps_test_cloud_1/globalReachConnections/azslrt?api-version=2021-06-01+3": {
    "Request": {
      "Method": "PUT",
      "RequestUri": "https://management.azure.com/subscriptions/ba75e79b-dd95-4025-9dbf-3a7ae8dff2b5/resourceGroups/azps_test_group_1/providers/Microsoft.AVS/privateClouds/azps_test_cloud_1/globalReachConnections/azslrt?api-version=2021-06-01",
      "Content": "{\r\n  \"properties\": {\r\n    \"authorizationKey\": \"0185da08-ee9b-4dbe-a93c-863108c29417\",\r\n    \"peerExpressRouteCircuit\": \"/subscriptions/7f1fae41-7708-4fa4-89b3-f6552cad2fc1/resourceGroups/tnt67-cust-mp01-mock01/providers/Microsoft.Network/expressRouteCircuits/tnt67-cust-mp01-mock01-er\"\r\n  }\r\n}",
      "isContentBase64": false,
      "Headers": {
      },
      "ContentHeaders": {
        "Content-Type": [ "application/json" ],
        "Content-Length": [ "292" ]
      }
    },
    "Response": {
      "StatusCode": 200,
      "Headers": {
        "Cache-Control": [ "no-cache" ],
        "Pragma": [ "no-cache" ],
        "x-ms-ratelimit-remaining-subscription-writes": [ "1188" ],
        "x-ms-request-id": [ "e8e183f4-140b-43bb-a5dd-a981d132555a" ],
        "Strict-Transport-Security": [ "max-age=31536000; includeSubDomains" ],
        "x-ms-correlation-request-id": [ "57bac3d8-5e44-470f-b4df-3f20c1f162b4" ],
        "x-ms-routing-request-id": [ "WESTEUROPE:20210729T041701Z:57bac3d8-5e44-470f-b4df-3f20c1f162b4" ],
        "X-Content-Type-Options": [ "nosniff" ],
        "X-Cache": [ "CONFIG_NOCACHE" ],
        "X-MSEdge-Ref": [ "Ref A: 14F120E408404F66BDBE64632FD8616D Ref B: SG2EDGE1419 Ref C: 2021-07-29T04:16:59Z" ],
        "Date": [ "Thu, 29 Jul 2021 04:17:00 GMT" ]
      },
      "ContentHeaders": {
        "Content-Length": [ "627" ],
        "Content-Type": [ "application/json; charset=utf-8" ],
        "Expires": [ "-1" ]
      },
      "Content": "{\"id\":\"/subscriptions/ba75e79b-dd95-4025-9dbf-3a7ae8dff2b5/resourceGroups/azps_test_group_1/providers/Microsoft.AVS/privateClouds/azps_test_cloud_1/globalReachConnections/azslrt\",\"name\":\"azslrt\",\"properties\":{\"addressPrefix\":\"192.168.48.128/29\",\"authorizationKey\":\"0185da08-ee9b-4dbe-a93c-863108c29417\",\"circuitConnectionStatus\":\"Connected\",\"peerExpressRouteCircuit\":\"/subscriptions/7f1fae41-7708-4fa4-89b3-f6552cad2fc1/resourceGroups/tnt67-cust-mp01-mock01/providers/Microsoft.Network/expressRouteCircuits/tnt67-cust-mp01-mock01-er\",\"provisioningState\":\"Succeeded\"},\"type\":\"Microsoft.AVS/privateClouds/globalReachConnections\"}",
      "isContentBase64": false
    }
  },
  "Remove-AzVMwareGlobalReachConnection+[NoContext]+DeleteViaIdentity+$GET+https://management.azure.com/subscriptions/ba75e79b-dd95-4025-9dbf-3a7ae8dff2b5/resourceGroups/azps_test_group_1/providers/Microsoft.AVS/privateClouds/azps_test_cloud_1/globalReachConnections/azslrt?api-version=2021-06-01+4": {
    "Request": {
      "Method": "GET",
      "RequestUri": "https://management.azure.com/subscriptions/ba75e79b-dd95-4025-9dbf-3a7ae8dff2b5/resourceGroups/azps_test_group_1/providers/Microsoft.AVS/privateClouds/azps_test_cloud_1/globalReachConnections/azslrt?api-version=2021-06-01",
      "Content": null,
      "isContentBase64": false,
      "Headers": {
        "Authorization": [ "[Filtered]" ],
        "x-ms-unique-id": [ "202" ],
        "x-ms-client-request-id": [ "688fbf10-147d-4a5a-8112-02054ff30ce5" ],
        "CommandName": [ "New-AzVMwareGlobalReachConnection" ],
        "FullCommandName": [ "New-AzVMwareGlobalReachConnection_CreateExpanded" ],
        "ParameterSetName": [ "__AllParameterSets" ],
        "User-Agent": [ "AzurePowershell/Az4.0.0-preview" ]
      },
      "ContentHeaders": {
      }
    },
    "Response": {
      "StatusCode": 200,
      "Headers": {
        "Cache-Control": [ "no-cache" ],
        "Pragma": [ "no-cache" ],
        "x-ms-ratelimit-remaining-subscription-reads": [ "14875" ],
        "x-ms-request-id": [ "4cdec064-54da-4355-98eb-1b1eef41b76b" ],
        "Strict-Transport-Security": [ "max-age=31536000; includeSubDomains" ],
        "x-ms-correlation-request-id": [ "71a4f3a2-fc64-4bed-ace2-5d62f74782a7" ],
        "x-ms-routing-request-id": [ "WESTEUROPE:20210729T041731Z:71a4f3a2-fc64-4bed-ace2-5d62f74782a7" ],
        "X-Content-Type-Options": [ "nosniff" ],
        "X-Cache": [ "CONFIG_NOCACHE" ],
        "X-MSEdge-Ref": [ "Ref A: 7C21B31DE9DB45AEB9DF38E481B7DFBA Ref B: SG2EDGE1419 Ref C: 2021-07-29T04:17:31Z" ],
        "Date": [ "Thu, 29 Jul 2021 04:17:31 GMT" ]
      },
      "ContentHeaders": {
        "Content-Length": [ "627" ],
        "Content-Type": [ "application/json; charset=utf-8" ],
        "Expires": [ "-1" ]
      },
      "Content": "{\"id\":\"/subscriptions/ba75e79b-dd95-4025-9dbf-3a7ae8dff2b5/resourceGroups/azps_test_group_1/providers/Microsoft.AVS/privateClouds/azps_test_cloud_1/globalReachConnections/azslrt\",\"name\":\"azslrt\",\"properties\":{\"addressPrefix\":\"192.168.48.128/29\",\"authorizationKey\":\"0185da08-ee9b-4dbe-a93c-863108c29417\",\"circuitConnectionStatus\":\"Connected\",\"peerExpressRouteCircuit\":\"/subscriptions/7f1fae41-7708-4fa4-89b3-f6552cad2fc1/resourceGroups/tnt67-cust-mp01-mock01/providers/Microsoft.Network/expressRouteCircuits/tnt67-cust-mp01-mock01-er\",\"provisioningState\":\"Succeeded\"},\"type\":\"Microsoft.AVS/privateClouds/globalReachConnections\"}",
      "isContentBase64": false
    }
  },
  "Remove-AzVMwareGlobalReachConnection+[NoContext]+DeleteViaIdentity+$GET+https://management.azure.com/subscriptions/ba75e79b-dd95-4025-9dbf-3a7ae8dff2b5/resourceGroups/azps_test_group_1/providers/Microsoft.AVS/privateClouds/azps_test_cloud_1/globalReachConnections/azslrt?api-version=2021-06-01+5": {
    "Request": {
      "Method": "GET",
      "RequestUri": "https://management.azure.com/subscriptions/ba75e79b-dd95-4025-9dbf-3a7ae8dff2b5/resourceGroups/azps_test_group_1/providers/Microsoft.AVS/privateClouds/azps_test_cloud_1/globalReachConnections/azslrt?api-version=2021-06-01",
      "Content": null,
      "isContentBase64": false,
      "Headers": {
        "Authorization": [ "[Filtered]" ],
        "x-ms-unique-id": [ "203" ],
        "x-ms-client-request-id": [ "688fbf10-147d-4a5a-8112-02054ff30ce5" ],
        "CommandName": [ "New-AzVMwareGlobalReachConnection" ],
        "FullCommandName": [ "New-AzVMwareGlobalReachConnection_CreateExpanded" ],
        "ParameterSetName": [ "__AllParameterSets" ],
        "User-Agent": [ "AzurePowershell/Az4.0.0-preview" ]
      },
      "ContentHeaders": {
      }
    },
    "Response": {
      "StatusCode": 200,
      "Headers": {
        "Cache-Control": [ "no-cache" ],
        "Pragma": [ "no-cache" ],
        "x-ms-ratelimit-remaining-subscription-reads": [ "14874" ],
        "x-ms-request-id": [ "604a86a6-1c97-4776-897f-73ee1333e7d7" ],
        "Strict-Transport-Security": [ "max-age=31536000; includeSubDomains" ],
        "x-ms-correlation-request-id": [ "c957f4b8-e7e5-49b3-98e0-d7ba371c31f4" ],
        "x-ms-routing-request-id": [ "WESTEUROPE:20210729T041732Z:c957f4b8-e7e5-49b3-98e0-d7ba371c31f4" ],
        "X-Content-Type-Options": [ "nosniff" ],
        "X-Cache": [ "CONFIG_NOCACHE" ],
        "X-MSEdge-Ref": [ "Ref A: F2DB6397D7EC463EA5FCF7D49F27BFB6 Ref B: SG2EDGE1419 Ref C: 2021-07-29T04:17:32Z" ],
        "Date": [ "Thu, 29 Jul 2021 04:17:32 GMT" ]
      },
      "ContentHeaders": {
        "Content-Length": [ "627" ],
        "Content-Type": [ "application/json; charset=utf-8" ],
        "Expires": [ "-1" ]
      },
      "Content": "{\"id\":\"/subscriptions/ba75e79b-dd95-4025-9dbf-3a7ae8dff2b5/resourceGroups/azps_test_group_1/providers/Microsoft.AVS/privateClouds/azps_test_cloud_1/globalReachConnections/azslrt\",\"name\":\"azslrt\",\"properties\":{\"addressPrefix\":\"192.168.48.128/29\",\"authorizationKey\":\"0185da08-ee9b-4dbe-a93c-863108c29417\",\"circuitConnectionStatus\":\"Connected\",\"peerExpressRouteCircuit\":\"/subscriptions/7f1fae41-7708-4fa4-89b3-f6552cad2fc1/resourceGroups/tnt67-cust-mp01-mock01/providers/Microsoft.Network/expressRouteCircuits/tnt67-cust-mp01-mock01-er\",\"provisioningState\":\"Succeeded\"},\"type\":\"Microsoft.AVS/privateClouds/globalReachConnections\"}",
      "isContentBase64": false
    }
  },
  "Remove-AzVMwareGlobalReachConnection+[NoContext]+DeleteViaIdentity+$DELETE+https://management.azure.com/subscriptions/ba75e79b-dd95-4025-9dbf-3a7ae8dff2b5/resourceGroups/azps_test_group_1/providers/Microsoft.AVS/privateClouds/azps_test_cloud_1/globalReachConnections/azslrt?api-version=2021-06-01+6": {
    "Request": {
      "Method": "DELETE",
      "RequestUri": "https://management.azure.com/subscriptions/ba75e79b-dd95-4025-9dbf-3a7ae8dff2b5/resourceGroups/azps_test_group_1/providers/Microsoft.AVS/privateClouds/azps_test_cloud_1/globalReachConnections/azslrt?api-version=2021-06-01",
      "Content": null,
      "isContentBase64": false,
      "Headers": {
        "x-ms-unique-id": [ "204" ],
        "x-ms-client-request-id": [ "5632a0f3-ee9e-4adf-9876-17378b70d32a" ],
        "CommandName": [ "Remove-AzVMwareGlobalReachConnection" ],
        "FullCommandName": [ "Remove-AzVMwareGlobalReachConnection_DeleteViaIdentity" ],
        "ParameterSetName": [ "__AllParameterSets" ],
        "User-Agent": [ "AzurePowershell/Az4.0.0-preview" ],
        "Authorization": [ "[Filtered]" ]
      },
      "ContentHeaders": {
      }
    },
    "Response": {
      "StatusCode": 200,
      "Headers": {
        "Cache-Control": [ "no-cache" ],
        "Pragma": [ "no-cache" ],
        "x-ms-ratelimit-remaining-subscription-deletes": [ "14989" ],
        "x-ms-request-id": [ "ea524c3b-7b58-4987-95b6-4e5ae4d046db" ],
        "Strict-Transport-Security": [ "max-age=31536000; includeSubDomains" ],
        "x-ms-correlation-request-id": [ "5b2bc038-5634-4eba-9ce8-074133e68c95" ],
        "x-ms-routing-request-id": [ "WESTEUROPE:20210729T041733Z:5b2bc038-5634-4eba-9ce8-074133e68c95" ],
        "X-Content-Type-Options": [ "nosniff" ],
        "X-Cache": [ "CONFIG_NOCACHE" ],
        "X-MSEdge-Ref": [ "Ref A: FD6284EA677D403DB010B6D7953A2A78 Ref B: SG2EDGE1419 Ref C: 2021-07-29T04:17:32Z" ],
        "Date": [ "Thu, 29 Jul 2021 04:17:33 GMT" ]
      },
      "ContentHeaders": {
        "Content-Type": [ "text/html" ],
        "Expires": [ "-1" ],
        "Content-Length": [ "0" ]
      },
      "Content": null,
      "isContentBase64": false
    }
  }
}