{
  "Entries": [
    {
      "RequestUri": "/subscriptions/b36cdf46-b75d-4dc2-9fe1-1296ee8c623d/resourceGroups/sfmcps-rg-ps1864/providers/Microsoft.ServiceFabric/managedClusters/sfmcps-ps1078?api-version=2021-05-01",
      "EncodedRequestUri": "L3N1YnNjcmlwdGlvbnMvYjM2Y2RmNDYtYjc1ZC00ZGMyLTlmZTEtMTI5NmVlOGM2MjNkL3Jlc291cmNlR3JvdXBzL3NmbWNwcy1yZy1wczE4NjQvcHJvdmlkZXJzL01pY3Jvc29mdC5TZXJ2aWNlRmFicmljL21hbmFnZWRDbHVzdGVycy9zZm1jcHMtcHMxMDc4P2FwaS12ZXJzaW9uPTIwMjEtMDUtMDE=",
      "RequestMethod": "GET",
      "RequestBody": "",
      "RequestHeaders": {
        "x-ms-client-request-id": [
          "46898ef6-56c0-448d-94c8-c2d4430de0b2"
        ],
        "Accept-Language": [
          "en-US"
        ],
        "User-Agent": [
          "FxVersion/4.6.29916.01",
          "OSName/Windows",
          "OSVersion/Microsoft.Windows.10.0.19042.",
          "Microsoft.Azure.Management.ServiceFabricManagedClusters.ServiceFabricManagedClustersManagementClient/1.0.0.0"
        ]
      },
      "ResponseHeaders": {
        "Cache-Control": [
          "no-cache"
        ],
        "Pragma": [
          "no-cache"
        ],
        "x-ms-failure-cause": [
          "gateway"
        ],
        "x-ms-request-id": [
          "09fc3595-359e-4631-845c-3169f7a02230"
        ],
        "x-ms-correlation-request-id": [
          "09fc3595-359e-4631-845c-3169f7a02230"
        ],
        "x-ms-routing-request-id": [
          "WESTCENTRALUS:20210422T024332Z:09fc3595-359e-4631-845c-3169f7a02230"
        ],
        "Strict-Transport-Security": [
          "max-age=31536000; includeSubDomains"
        ],
        "X-Content-Type-Options": [
          "nosniff"
        ],
        "Date": [
          "Thu, 22 Apr 2021 02:43:32 GMT"
        ],
        "Content-Type": [
          "application/json; charset=utf-8"
        ],
        "Expires": [
          "-1"
        ],
        "Content-Length": [
          "108"
        ]
      },
      "ResponseBody": "{\r\n  \"error\": {\r\n    \"code\": \"ResourceGroupNotFound\",\r\n    \"message\": \"Resource group 'sfmcps-rg-ps1864' could not be found.\"\r\n  }\r\n}",
      "StatusCode": 404
    },
    {
      "RequestUri": "/subscriptions/b36cdf46-b75d-4dc2-9fe1-1296ee8c623d/resourceGroups/sfmcps-rg-ps1864/providers/Microsoft.ServiceFabric/managedClusters/sfmcps-ps1078?api-version=2021-05-01",
      "EncodedRequestUri": "L3N1YnNjcmlwdGlvbnMvYjM2Y2RmNDYtYjc1ZC00ZGMyLTlmZTEtMTI5NmVlOGM2MjNkL3Jlc291cmNlR3JvdXBzL3NmbWNwcy1yZy1wczE4NjQvcHJvdmlkZXJzL01pY3Jvc29mdC5TZXJ2aWNlRmFicmljL21hbmFnZWRDbHVzdGVycy9zZm1jcHMtcHMxMDc4P2FwaS12ZXJzaW9uPTIwMjEtMDUtMDE=",
      "RequestMethod": "GET",
      "RequestBody": "",
      "RequestHeaders": {
        "x-ms-client-request-id": [
          "1eed5423-f9f9-4acb-9c59-5e8739efd5f4"
        ],
        "Accept-Language": [
          "en-US"
        ],
        "User-Agent": [
          "FxVersion/4.6.29916.01",
          "OSName/Windows",
          "OSVersion/Microsoft.Windows.10.0.19042.",
          "Microsoft.Azure.Management.ServiceFabricManagedClusters.ServiceFabricManagedClustersManagementClient/1.0.0.0"
        ]
      },
      "ResponseHeaders": {
        "Cache-Control": [
          "no-cache"
        ],
        "Pragma": [
          "no-cache"
        ],
        "x-ms-failure-cause": [
          "gateway"
        ],
        "x-ms-request-id": [
          "ce2a4696-0c74-4394-909f-91332d9abaee"
        ],
        "x-ms-correlation-request-id": [
          "ce2a4696-0c74-4394-909f-91332d9abaee"
        ],
        "x-ms-routing-request-id": [
          "WESTCENTRALUS:20210422T024332Z:ce2a4696-0c74-4394-909f-91332d9abaee"
        ],
        "Strict-Transport-Security": [
          "max-age=31536000; includeSubDomains"
        ],
        "X-Content-Type-Options": [
          "nosniff"
        ],
        "Date": [
          "Thu, 22 Apr 2021 02:43:32 GMT"
        ],
        "Content-Type": [
          "application/json; charset=utf-8"
        ],
        "Expires": [
          "-1"
        ],
        "Content-Length": [
          "108"
        ]
      },
      "ResponseBody": "{\r\n  \"error\": {\r\n    \"code\": \"ResourceGroupNotFound\",\r\n    \"message\": \"Resource group 'sfmcps-rg-ps1864' could not be found.\"\r\n  }\r\n}",
      "StatusCode": 404
    },
    {
      "RequestUri": "/subscriptions/b36cdf46-b75d-4dc2-9fe1-1296ee8c623d/resourceGroups/sfmcps-rg-ps1864/providers/Microsoft.ServiceFabric/managedClusters/sfmcps-ps1078?api-version=2021-05-01",
      "EncodedRequestUri": "L3N1YnNjcmlwdGlvbnMvYjM2Y2RmNDYtYjc1ZC00ZGMyLTlmZTEtMTI5NmVlOGM2MjNkL3Jlc291cmNlR3JvdXBzL3NmbWNwcy1yZy1wczE4NjQvcHJvdmlkZXJzL01pY3Jvc29mdC5TZXJ2aWNlRmFicmljL21hbmFnZWRDbHVzdGVycy9zZm1jcHMtcHMxMDc4P2FwaS12ZXJzaW9uPTIwMjEtMDUtMDE=",
      "RequestMethod": "GET",
      "RequestBody": "",
      "RequestHeaders": {
        "x-ms-client-request-id": [
          "1eed5423-f9f9-4acb-9c59-5e8739efd5f4"
        ],
        "User-Agent": [
          "FxVersion/4.6.29916.01",
          "OSName/Windows",
          "OSVersion/Microsoft.Windows.10.0.19042.",
          "Microsoft.Azure.Management.ServiceFabricManagedClusters.ServiceFabricManagedClustersManagementClient/1.0.0.0"
        ]
      },
      "ResponseHeaders": {
        "Cache-Control": [
          "no-cache"
        ],
        "Pragma": [
          "no-cache"
        ],
        "X-Content-Type-Options": [
          "nosniff"
        ],
        "Strict-Transport-Security": [
          "max-age=31536000; includeSubDomains"
        ],
        "Server": [
          "Microsoft-HTTPAPI/2.0,Microsoft-HTTPAPI/2.0 Microsoft-HTTPAPI/2.0"
        ],
        "x-ms-ratelimit-remaining-subscription-reads": [
          "11885"
        ],
        "x-ms-request-id": [
          "8fd1dae1-1a08-4e1e-ae72-2e230bcbc28d"
        ],
        "x-ms-correlation-request-id": [
          "8fd1dae1-1a08-4e1e-ae72-2e230bcbc28d"
        ],
        "x-ms-routing-request-id": [
          "WESTCENTRALUS:20210422T024718Z:8fd1dae1-1a08-4e1e-ae72-2e230bcbc28d"
        ],
        "Date": [
          "Thu, 22 Apr 2021 02:47:18 GMT"
        ],
        "Content-Length": [
          "1149"
        ],
        "Content-Type": [
          "application/json; charset=utf-8"
        ],
        "Expires": [
          "-1"
        ]
      },
      "ResponseBody": "{\r\n  \"id\": \"/subscriptions/b36cdf46-b75d-4dc2-9fe1-1296ee8c623d/resourcegroups/sfmcps-rg-ps1864/providers/Microsoft.ServiceFabric/managedClusters/sfmcps-ps1078\",\r\n  \"type\": \"Microsoft.ServiceFabric/managedclusters\",\r\n  \"location\": \"southcentralus\",\r\n  \"name\": \"sfmcps-ps1078\",\r\n  \"tags\": {},\r\n  \"sku\": {\r\n    \"name\": \"Standard\"\r\n  },\r\n  \"properties\": {\r\n    \"provisioningState\": \"Succeeded\",\r\n    \"clusterId\": \"b00c5bef-12c2-4893-af84-aaaeb6c21990\",\r\n    \"clusterState\": \"WaitingForNodes\",\r\n    \"clusterUpgradeMode\": \"Automatic\",\r\n    \"clusterUpgradeCadence\": \"Wave0\",\r\n    \"adminUserName\": \"vmadmin\",\r\n    \"dnsName\": \"sfmcps-ps1078\",\r\n    \"fqdn\": \"sfmcps-ps1078.southcentralus.cloudapp.azure.com\",\r\n    \"ipv4Address\": \"20.94.145.82\",\r\n    \"clusterCertificateThumbprints\": [\r\n      \"C38641A2D657E94AC0C961004E544EA91AD85533\"\r\n    ],\r\n    \"clientConnectionPort\": 19000,\r\n    \"httpGatewayConnectionPort\": 19080,\r\n    \"allowRdpAccess\": false,\r\n    \"clients\": [\r\n      {\r\n        \"isAdmin\": false,\r\n        \"thumbprint\": \"123BDACDCDFB2C7B250192C6078E47D1E1DB119B\"\r\n      }\r\n    ],\r\n    \"enableAutoOSUpgrade\": false,\r\n    \"zonalResiliency\": false\r\n  }\r\n}",
      "StatusCode": 200
    },
    {
      "RequestUri": "/subscriptions/b36cdf46-b75d-4dc2-9fe1-1296ee8c623d/resourceGroups/sfmcps-rg-ps1864/providers/Microsoft.ServiceFabric/managedClusters/sfmcps-ps1078?api-version=2021-05-01",
      "EncodedRequestUri": "L3N1YnNjcmlwdGlvbnMvYjM2Y2RmNDYtYjc1ZC00ZGMyLTlmZTEtMTI5NmVlOGM2MjNkL3Jlc291cmNlR3JvdXBzL3NmbWNwcy1yZy1wczE4NjQvcHJvdmlkZXJzL01pY3Jvc29mdC5TZXJ2aWNlRmFicmljL21hbmFnZWRDbHVzdGVycy9zZm1jcHMtcHMxMDc4P2FwaS12ZXJzaW9uPTIwMjEtMDUtMDE=",
      "RequestMethod": "GET",
      "RequestBody": "",
      "RequestHeaders": {
        "x-ms-client-request-id": [
          "c0487657-3006-4598-8a5f-f79a7a98b849"
        ],
        "Accept-Language": [
          "en-US"
        ],
        "User-Agent": [
          "FxVersion/4.6.29916.01",
          "OSName/Windows",
          "OSVersion/Microsoft.Windows.10.0.19042.",
          "Microsoft.Azure.Management.ServiceFabricManagedClusters.ServiceFabricManagedClustersManagementClient/1.0.0.0"
        ]
      },
      "ResponseHeaders": {
        "Cache-Control": [
          "no-cache"
        ],
        "Pragma": [
          "no-cache"
        ],
        "X-Content-Type-Options": [
          "nosniff"
        ],
        "Strict-Transport-Security": [
          "max-age=31536000; includeSubDomains"
        ],
        "Server": [
          "Microsoft-HTTPAPI/2.0,Microsoft-HTTPAPI/2.0 Microsoft-HTTPAPI/2.0"
        ],
        "x-ms-ratelimit-remaining-subscription-reads": [
          "11848"
        ],
        "x-ms-request-id": [
          "128e82b1-978a-42f3-9a9f-c4215fc5f895"
        ],
        "x-ms-correlation-request-id": [
          "128e82b1-978a-42f3-9a9f-c4215fc5f895"
        ],
        "x-ms-routing-request-id": [
          "WESTCENTRALUS:20210422T025433Z:128e82b1-978a-42f3-9a9f-c4215fc5f895"
        ],
        "Date": [
          "Thu, 22 Apr 2021 02:54:33 GMT"
        ],
        "Content-Length": [
          "1186"
        ],
        "Content-Type": [
          "application/json; charset=utf-8"
        ],
        "Expires": [
          "-1"
        ]
      },
      "ResponseBody": "{\r\n  \"id\": \"/subscriptions/b36cdf46-b75d-4dc2-9fe1-1296ee8c623d/resourcegroups/sfmcps-rg-ps1864/providers/Microsoft.ServiceFabric/managedClusters/sfmcps-ps1078\",\r\n  \"type\": \"Microsoft.ServiceFabric/managedclusters\",\r\n  \"location\": \"southcentralus\",\r\n  \"name\": \"sfmcps-ps1078\",\r\n  \"tags\": {},\r\n  \"sku\": {\r\n    \"name\": \"Standard\"\r\n  },\r\n  \"properties\": {\r\n    \"provisioningState\": \"Succeeded\",\r\n    \"clusterId\": \"b00c5bef-12c2-4893-af84-aaaeb6c21990\",\r\n    \"clusterState\": \"Deploying\",\r\n    \"clusterCodeVersion\": \"8.0.514.9590\",\r\n    \"clusterUpgradeMode\": \"Automatic\",\r\n    \"clusterUpgradeCadence\": \"Wave0\",\r\n    \"adminUserName\": \"vmadmin\",\r\n    \"dnsName\": \"sfmcps-ps1078\",\r\n    \"fqdn\": \"sfmcps-ps1078.southcentralus.cloudapp.azure.com\",\r\n    \"ipv4Address\": \"20.94.145.82\",\r\n    \"clusterCertificateThumbprints\": [\r\n      \"C38641A2D657E94AC0C961004E544EA91AD85533\"\r\n    ],\r\n    \"clientConnectionPort\": 19000,\r\n    \"httpGatewayConnectionPort\": 19080,\r\n    \"allowRdpAccess\": false,\r\n    \"clients\": [\r\n      {\r\n        \"isAdmin\": false,\r\n        \"thumbprint\": \"123BDACDCDFB2C7B250192C6078E47D1E1DB119B\"\r\n      }\r\n    ],\r\n    \"enableAutoOSUpgrade\": false,\r\n    \"zonalResiliency\": false\r\n  }\r\n}",
      "StatusCode": 200
    },
    {
      "RequestUri": "/subscriptions/b36cdf46-b75d-4dc2-9fe1-1296ee8c623d/resourceGroups/sfmcps-rg-ps1864/providers/Microsoft.ServiceFabric/managedClusters/sfmcps-ps1078?api-version=2021-05-01",
      "EncodedRequestUri": "L3N1YnNjcmlwdGlvbnMvYjM2Y2RmNDYtYjc1ZC00ZGMyLTlmZTEtMTI5NmVlOGM2MjNkL3Jlc291cmNlR3JvdXBzL3NmbWNwcy1yZy1wczE4NjQvcHJvdmlkZXJzL01pY3Jvc29mdC5TZXJ2aWNlRmFicmljL21hbmFnZWRDbHVzdGVycy9zZm1jcHMtcHMxMDc4P2FwaS12ZXJzaW9uPTIwMjEtMDUtMDE=",
      "RequestMethod": "GET",
      "RequestBody": "",
      "RequestHeaders": {
        "x-ms-client-request-id": [
          "747db6c2-74a5-405a-a717-a51567d5be53"
        ],
        "Accept-Language": [
          "en-US"
        ],
        "User-Agent": [
          "FxVersion/4.6.29916.01",
          "OSName/Windows",
          "OSVersion/Microsoft.Windows.10.0.19042.",
          "Microsoft.Azure.Management.ServiceFabricManagedClusters.ServiceFabricManagedClustersManagementClient/1.0.0.0"
        ]
      },
      "ResponseHeaders": {
        "Cache-Control": [
          "no-cache"
        ],
        "Pragma": [
          "no-cache"
        ],
        "X-Content-Type-Options": [
          "nosniff"
        ],
        "Strict-Transport-Security": [
          "max-age=31536000; includeSubDomains"
        ],
        "Server": [
          "Microsoft-HTTPAPI/2.0,Microsoft-HTTPAPI/2.0 Microsoft-HTTPAPI/2.0"
        ],
        "x-ms-ratelimit-remaining-subscription-reads": [
          "11847"
        ],
        "x-ms-request-id": [
          "e6d51889-ec65-4778-b260-607f456135a8"
        ],
        "x-ms-correlation-request-id": [
          "e6d51889-ec65-4778-b260-607f456135a8"
        ],
        "x-ms-routing-request-id": [
          "WESTCENTRALUS:20210422T025448Z:e6d51889-ec65-4778-b260-607f456135a8"
        ],
        "Date": [
          "Thu, 22 Apr 2021 02:54:47 GMT"
        ],
        "Content-Length": [
          "1186"
        ],
        "Content-Type": [
          "application/json; charset=utf-8"
        ],
        "Expires": [
          "-1"
        ]
      },
      "ResponseBody": "{\r\n  \"id\": \"/subscriptions/b36cdf46-b75d-4dc2-9fe1-1296ee8c623d/resourcegroups/sfmcps-rg-ps1864/providers/Microsoft.ServiceFabric/managedClusters/sfmcps-ps1078\",\r\n  \"type\": \"Microsoft.ServiceFabric/managedclusters\",\r\n  \"location\": \"southcentralus\",\r\n  \"name\": \"sfmcps-ps1078\",\r\n  \"tags\": {},\r\n  \"sku\": {\r\n    \"name\": \"Standard\"\r\n  },\r\n  \"properties\": {\r\n    \"provisioningState\": \"Succeeded\",\r\n    \"clusterId\": \"b00c5bef-12c2-4893-af84-aaaeb6c21990\",\r\n    \"clusterState\": \"Deploying\",\r\n    \"clusterCodeVersion\": \"8.0.514.9590\",\r\n    \"clusterUpgradeMode\": \"Automatic\",\r\n    \"clusterUpgradeCadence\": \"Wave0\",\r\n    \"adminUserName\": \"vmadmin\",\r\n    \"dnsName\": \"sfmcps-ps1078\",\r\n    \"fqdn\": \"sfmcps-ps1078.southcentralus.cloudapp.azure.com\",\r\n    \"ipv4Address\": \"20.94.145.82\",\r\n    \"clusterCertificateThumbprints\": [\r\n      \"C38641A2D657E94AC0C961004E544EA91AD85533\"\r\n    ],\r\n    \"clientConnectionPort\": 19000,\r\n    \"httpGatewayConnectionPort\": 19080,\r\n    \"allowRdpAccess\": false,\r\n    \"clients\": [\r\n      {\r\n        \"isAdmin\": false,\r\n        \"thumbprint\": \"123BDACDCDFB2C7B250192C6078E47D1E1DB119B\"\r\n      }\r\n    ],\r\n    \"enableAutoOSUpgrade\": false,\r\n    \"zonalResiliency\": false\r\n  }\r\n}",
      "StatusCode": 200
    },
    {
      "RequestUri": "/subscriptions/b36cdf46-b75d-4dc2-9fe1-1296ee8c623d/resourceGroups/sfmcps-rg-ps1864/providers/Microsoft.ServiceFabric/managedClusters/sfmcps-ps1078?api-version=2021-05-01",
      "EncodedRequestUri": "L3N1YnNjcmlwdGlvbnMvYjM2Y2RmNDYtYjc1ZC00ZGMyLTlmZTEtMTI5NmVlOGM2MjNkL3Jlc291cmNlR3JvdXBzL3NmbWNwcy1yZy1wczE4NjQvcHJvdmlkZXJzL01pY3Jvc29mdC5TZXJ2aWNlRmFicmljL21hbmFnZWRDbHVzdGVycy9zZm1jcHMtcHMxMDc4P2FwaS12ZXJzaW9uPTIwMjEtMDUtMDE=",
      "RequestMethod": "GET",
      "RequestBody": "",
      "RequestHeaders": {
        "x-ms-client-request-id": [
          "a0c104b0-06d8-4a33-a963-cb187d008b5a"
        ],
        "Accept-Language": [
          "en-US"
        ],
        "User-Agent": [
          "FxVersion/4.6.29916.01",
          "OSName/Windows",
          "OSVersion/Microsoft.Windows.10.0.19042.",
          "Microsoft.Azure.Management.ServiceFabricManagedClusters.ServiceFabricManagedClustersManagementClient/1.0.0.0"
        ]
      },
      "ResponseHeaders": {
        "Cache-Control": [
          "no-cache"
        ],
        "Pragma": [
          "no-cache"
        ],
        "X-Content-Type-Options": [
          "nosniff"
        ],
        "Strict-Transport-Security": [
          "max-age=31536000; includeSubDomains"
        ],
        "Server": [
          "Microsoft-HTTPAPI/2.0,Microsoft-HTTPAPI/2.0 Microsoft-HTTPAPI/2.0"
        ],
        "x-ms-ratelimit-remaining-subscription-reads": [
          "11862"
        ],
        "x-ms-request-id": [
          "9e1ffd0c-71a5-49fc-97f4-c7f852b085a7"
        ],
        "x-ms-correlation-request-id": [
          "9e1ffd0c-71a5-49fc-97f4-c7f852b085a7"
        ],
        "x-ms-routing-request-id": [
          "WESTCENTRALUS:20210422T025504Z:9e1ffd0c-71a5-49fc-97f4-c7f852b085a7"
        ],
        "Date": [
          "Thu, 22 Apr 2021 02:55:04 GMT"
        ],
        "Content-Length": [
          "1186"
        ],
        "Content-Type": [
          "application/json; charset=utf-8"
        ],
        "Expires": [
          "-1"
        ]
      },
      "ResponseBody": "{\r\n  \"id\": \"/subscriptions/b36cdf46-b75d-4dc2-9fe1-1296ee8c623d/resourcegroups/sfmcps-rg-ps1864/providers/Microsoft.ServiceFabric/managedClusters/sfmcps-ps1078\",\r\n  \"type\": \"Microsoft.ServiceFabric/managedclusters\",\r\n  \"location\": \"southcentralus\",\r\n  \"name\": \"sfmcps-ps1078\",\r\n  \"tags\": {},\r\n  \"sku\": {\r\n    \"name\": \"Standard\"\r\n  },\r\n  \"properties\": {\r\n    \"provisioningState\": \"Succeeded\",\r\n    \"clusterId\": \"b00c5bef-12c2-4893-af84-aaaeb6c21990\",\r\n    \"clusterState\": \"Deploying\",\r\n    \"clusterCodeVersion\": \"8.0.514.9590\",\r\n    \"clusterUpgradeMode\": \"Automatic\",\r\n    \"clusterUpgradeCadence\": \"Wave0\",\r\n    \"adminUserName\": \"vmadmin\",\r\n    \"dnsName\": \"sfmcps-ps1078\",\r\n    \"fqdn\": \"sfmcps-ps1078.southcentralus.cloudapp.azure.com\",\r\n    \"ipv4Address\": \"20.94.145.82\",\r\n    \"clusterCertificateThumbprints\": [\r\n      \"C38641A2D657E94AC0C961004E544EA91AD85533\"\r\n    ],\r\n    \"clientConnectionPort\": 19000,\r\n    \"httpGatewayConnectionPort\": 19080,\r\n    \"allowRdpAccess\": false,\r\n    \"clients\": [\r\n      {\r\n        \"isAdmin\": false,\r\n        \"thumbprint\": \"123BDACDCDFB2C7B250192C6078E47D1E1DB119B\"\r\n      }\r\n    ],\r\n    \"enableAutoOSUpgrade\": false,\r\n    \"zonalResiliency\": false\r\n  }\r\n}",
      "StatusCode": 200
    },
    {
      "RequestUri": "/subscriptions/b36cdf46-b75d-4dc2-9fe1-1296ee8c623d/resourceGroups/sfmcps-rg-ps1864/providers/Microsoft.ServiceFabric/managedClusters/sfmcps-ps1078?api-version=2021-05-01",
      "EncodedRequestUri": "L3N1YnNjcmlwdGlvbnMvYjM2Y2RmNDYtYjc1ZC00ZGMyLTlmZTEtMTI5NmVlOGM2MjNkL3Jlc291cmNlR3JvdXBzL3NmbWNwcy1yZy1wczE4NjQvcHJvdmlkZXJzL01pY3Jvc29mdC5TZXJ2aWNlRmFicmljL21hbmFnZWRDbHVzdGVycy9zZm1jcHMtcHMxMDc4P2FwaS12ZXJzaW9uPTIwMjEtMDUtMDE=",
      "RequestMethod": "GET",
      "RequestBody": "",
      "RequestHeaders": {
        "x-ms-client-request-id": [
          "7cd34f72-fe48-45ba-bbc2-656cb4bd8b88"
        ],
        "Accept-Language": [
          "en-US"
        ],
        "User-Agent": [
          "FxVersion/4.6.29916.01",
          "OSName/Windows",
          "OSVersion/Microsoft.Windows.10.0.19042.",
          "Microsoft.Azure.Management.ServiceFabricManagedClusters.ServiceFabricManagedClustersManagementClient/1.0.0.0"
        ]
      },
      "ResponseHeaders": {
        "Cache-Control": [
          "no-cache"
        ],
        "Pragma": [
          "no-cache"
        ],
        "X-Content-Type-Options": [
          "nosniff"
        ],
        "Strict-Transport-Security": [
          "max-age=31536000; includeSubDomains"
        ],
        "Server": [
          "Microsoft-HTTPAPI/2.0,Microsoft-HTTPAPI/2.0 Microsoft-HTTPAPI/2.0"
        ],
        "x-ms-ratelimit-remaining-subscription-reads": [
          "11861"
        ],
        "x-ms-request-id": [
          "53f68e29-f49f-4674-a81e-ba409a1a82d9"
        ],
        "x-ms-correlation-request-id": [
          "53f68e29-f49f-4674-a81e-ba409a1a82d9"
        ],
        "x-ms-routing-request-id": [
          "WESTCENTRALUS:20210422T025519Z:53f68e29-f49f-4674-a81e-ba409a1a82d9"
        ],
        "Date": [
          "Thu, 22 Apr 2021 02:55:19 GMT"
        ],
        "Content-Length": [
          "1186"
        ],
        "Content-Type": [
          "application/json; charset=utf-8"
        ],
        "Expires": [
          "-1"
        ]
      },
      "ResponseBody": "{\r\n  \"id\": \"/subscriptions/b36cdf46-b75d-4dc2-9fe1-1296ee8c623d/resourcegroups/sfmcps-rg-ps1864/providers/Microsoft.ServiceFabric/managedClusters/sfmcps-ps1078\",\r\n  \"type\": \"Microsoft.ServiceFabric/managedclusters\",\r\n  \"location\": \"southcentralus\",\r\n  \"name\": \"sfmcps-ps1078\",\r\n  \"tags\": {},\r\n  \"sku\": {\r\n    \"name\": \"Standard\"\r\n  },\r\n  \"properties\": {\r\n    \"provisioningState\": \"Succeeded\",\r\n    \"clusterId\": \"b00c5bef-12c2-4893-af84-aaaeb6c21990\",\r\n    \"clusterState\": \"Deploying\",\r\n    \"clusterCodeVersion\": \"8.0.514.9590\",\r\n    \"clusterUpgradeMode\": \"Automatic\",\r\n    \"clusterUpgradeCadence\": \"Wave0\",\r\n    \"adminUserName\": \"vmadmin\",\r\n    \"dnsName\": \"sfmcps-ps1078\",\r\n    \"fqdn\": \"sfmcps-ps1078.southcentralus.cloudapp.azure.com\",\r\n    \"ipv4Address\": \"20.94.145.82\",\r\n    \"clusterCertificateThumbprints\": [\r\n      \"C38641A2D657E94AC0C961004E544EA91AD85533\"\r\n    ],\r\n    \"clientConnectionPort\": 19000,\r\n    \"httpGatewayConnectionPort\": 19080,\r\n    \"allowRdpAccess\": false,\r\n    \"clients\": [\r\n      {\r\n        \"isAdmin\": false,\r\n        \"thumbprint\": \"123BDACDCDFB2C7B250192C6078E47D1E1DB119B\"\r\n      }\r\n    ],\r\n    \"enableAutoOSUpgrade\": false,\r\n    \"zonalResiliency\": false\r\n  }\r\n}",
      "StatusCode": 200
    },
    {
      "RequestUri": "/subscriptions/b36cdf46-b75d-4dc2-9fe1-1296ee8c623d/resourceGroups/sfmcps-rg-ps1864/providers/Microsoft.ServiceFabric/managedClusters/sfmcps-ps1078?api-version=2021-05-01",
      "EncodedRequestUri": "L3N1YnNjcmlwdGlvbnMvYjM2Y2RmNDYtYjc1ZC00ZGMyLTlmZTEtMTI5NmVlOGM2MjNkL3Jlc291cmNlR3JvdXBzL3NmbWNwcy1yZy1wczE4NjQvcHJvdmlkZXJzL01pY3Jvc29mdC5TZXJ2aWNlRmFicmljL21hbmFnZWRDbHVzdGVycy9zZm1jcHMtcHMxMDc4P2FwaS12ZXJzaW9uPTIwMjEtMDUtMDE=",
      "RequestMethod": "GET",
      "RequestBody": "",
      "RequestHeaders": {
        "x-ms-client-request-id": [
          "5bf1defd-8016-4859-a41e-a92f17671bf1"
        ],
        "Accept-Language": [
          "en-US"
        ],
        "User-Agent": [
          "FxVersion/4.6.29916.01",
          "OSName/Windows",
          "OSVersion/Microsoft.Windows.10.0.19042.",
          "Microsoft.Azure.Management.ServiceFabricManagedClusters.ServiceFabricManagedClustersManagementClient/1.0.0.0"
        ]
      },
      "ResponseHeaders": {
        "Cache-Control": [
          "no-cache"
        ],
        "Pragma": [
          "no-cache"
        ],
        "X-Content-Type-Options": [
          "nosniff"
        ],
        "Strict-Transport-Security": [
          "max-age=31536000; includeSubDomains"
        ],
        "Server": [
          "Microsoft-HTTPAPI/2.0,Microsoft-HTTPAPI/2.0 Microsoft-HTTPAPI/2.0"
        ],
        "x-ms-ratelimit-remaining-subscription-reads": [
          "11860"
        ],
        "x-ms-request-id": [
          "22b8fe88-85fe-4539-91e5-ab506d3c2e56"
        ],
        "x-ms-correlation-request-id": [
          "22b8fe88-85fe-4539-91e5-ab506d3c2e56"
        ],
        "x-ms-routing-request-id": [
          "WESTCENTRALUS:20210422T025534Z:22b8fe88-85fe-4539-91e5-ab506d3c2e56"
        ],
        "Date": [
          "Thu, 22 Apr 2021 02:55:34 GMT"
        ],
        "Content-Length": [
          "1186"
        ],
        "Content-Type": [
          "application/json; charset=utf-8"
        ],
        "Expires": [
          "-1"
        ]
      },
      "ResponseBody": "{\r\n  \"id\": \"/subscriptions/b36cdf46-b75d-4dc2-9fe1-1296ee8c623d/resourcegroups/sfmcps-rg-ps1864/providers/Microsoft.ServiceFabric/managedClusters/sfmcps-ps1078\",\r\n  \"type\": \"Microsoft.ServiceFabric/managedclusters\",\r\n  \"location\": \"southcentralus\",\r\n  \"name\": \"sfmcps-ps1078\",\r\n  \"tags\": {},\r\n  \"sku\": {\r\n    \"name\": \"Standard\"\r\n  },\r\n  \"properties\": {\r\n    \"provisioningState\": \"Succeeded\",\r\n    \"clusterId\": \"b00c5bef-12c2-4893-af84-aaaeb6c21990\",\r\n    \"clusterState\": \"Deploying\",\r\n    \"clusterCodeVersion\": \"8.0.514.9590\",\r\n    \"clusterUpgradeMode\": \"Automatic\",\r\n    \"clusterUpgradeCadence\": \"Wave0\",\r\n    \"adminUserName\": \"vmadmin\",\r\n    \"dnsName\": \"sfmcps-ps1078\",\r\n    \"fqdn\": \"sfmcps-ps1078.southcentralus.cloudapp.azure.com\",\r\n    \"ipv4Address\": \"20.94.145.82\",\r\n    \"clusterCertificateThumbprints\": [\r\n      \"C38641A2D657E94AC0C961004E544EA91AD85533\"\r\n    ],\r\n    \"clientConnectionPort\": 19000,\r\n    \"httpGatewayConnectionPort\": 19080,\r\n    \"allowRdpAccess\": false,\r\n    \"clients\": [\r\n      {\r\n        \"isAdmin\": false,\r\n        \"thumbprint\": \"123BDACDCDFB2C7B250192C6078E47D1E1DB119B\"\r\n      }\r\n    ],\r\n    \"enableAutoOSUpgrade\": false,\r\n    \"zonalResiliency\": false\r\n  }\r\n}",
      "StatusCode": 200
    },
    {
      "RequestUri": "/subscriptions/b36cdf46-b75d-4dc2-9fe1-1296ee8c623d/resourceGroups/sfmcps-rg-ps1864/providers/Microsoft.ServiceFabric/managedClusters/sfmcps-ps1078?api-version=2021-05-01",
      "EncodedRequestUri": "L3N1YnNjcmlwdGlvbnMvYjM2Y2RmNDYtYjc1ZC00ZGMyLTlmZTEtMTI5NmVlOGM2MjNkL3Jlc291cmNlR3JvdXBzL3NmbWNwcy1yZy1wczE4NjQvcHJvdmlkZXJzL01pY3Jvc29mdC5TZXJ2aWNlRmFicmljL21hbmFnZWRDbHVzdGVycy9zZm1jcHMtcHMxMDc4P2FwaS12ZXJzaW9uPTIwMjEtMDUtMDE=",
      "RequestMethod": "GET",
      "RequestBody": "",
      "RequestHeaders": {
        "x-ms-client-request-id": [
          "738ebf47-6d89-4925-a4b2-69743f294feb"
        ],
        "Accept-Language": [
          "en-US"
        ],
        "User-Agent": [
          "FxVersion/4.6.29916.01",
          "OSName/Windows",
          "OSVersion/Microsoft.Windows.10.0.19042.",
          "Microsoft.Azure.Management.ServiceFabricManagedClusters.ServiceFabricManagedClustersManagementClient/1.0.0.0"
        ]
      },
      "ResponseHeaders": {
        "Cache-Control": [
          "no-cache"
        ],
        "Pragma": [
          "no-cache"
        ],
        "X-Content-Type-Options": [
          "nosniff"
        ],
        "Strict-Transport-Security": [
          "max-age=31536000; includeSubDomains"
        ],
        "Server": [
          "Microsoft-HTTPAPI/2.0,Microsoft-HTTPAPI/2.0 Microsoft-HTTPAPI/2.0"
        ],
        "x-ms-ratelimit-remaining-subscription-reads": [
          "11859"
        ],
        "x-ms-request-id": [
          "9253cae2-0c95-46c1-a8b0-e25ca3a27a22"
        ],
        "x-ms-correlation-request-id": [
          "9253cae2-0c95-46c1-a8b0-e25ca3a27a22"
        ],
        "x-ms-routing-request-id": [
          "WESTCENTRALUS:20210422T025549Z:9253cae2-0c95-46c1-a8b0-e25ca3a27a22"
        ],
        "Date": [
          "Thu, 22 Apr 2021 02:55:49 GMT"
        ],
        "Content-Length": [
          "1186"
        ],
        "Content-Type": [
          "application/json; charset=utf-8"
        ],
        "Expires": [
          "-1"
        ]
      },
      "ResponseBody": "{\r\n  \"id\": \"/subscriptions/b36cdf46-b75d-4dc2-9fe1-1296ee8c623d/resourcegroups/sfmcps-rg-ps1864/providers/Microsoft.ServiceFabric/managedClusters/sfmcps-ps1078\",\r\n  \"type\": \"Microsoft.ServiceFabric/managedclusters\",\r\n  \"location\": \"southcentralus\",\r\n  \"name\": \"sfmcps-ps1078\",\r\n  \"tags\": {},\r\n  \"sku\": {\r\n    \"name\": \"Standard\"\r\n  },\r\n  \"properties\": {\r\n    \"provisioningState\": \"Succeeded\",\r\n    \"clusterId\": \"b00c5bef-12c2-4893-af84-aaaeb6c21990\",\r\n    \"clusterState\": \"Deploying\",\r\n    \"clusterCodeVersion\": \"8.0.514.9590\",\r\n    \"clusterUpgradeMode\": \"Automatic\",\r\n    \"clusterUpgradeCadence\": \"Wave0\",\r\n    \"adminUserName\": \"vmadmin\",\r\n    \"dnsName\": \"sfmcps-ps1078\",\r\n    \"fqdn\": \"sfmcps-ps1078.southcentralus.cloudapp.azure.com\",\r\n    \"ipv4Address\": \"20.94.145.82\",\r\n    \"clusterCertificateThumbprints\": [\r\n      \"C38641A2D657E94AC0C961004E544EA91AD85533\"\r\n    ],\r\n    \"clientConnectionPort\": 19000,\r\n    \"httpGatewayConnectionPort\": 19080,\r\n    \"allowRdpAccess\": false,\r\n    \"clients\": [\r\n      {\r\n        \"isAdmin\": false,\r\n        \"thumbprint\": \"123BDACDCDFB2C7B250192C6078E47D1E1DB119B\"\r\n      }\r\n    ],\r\n    \"enableAutoOSUpgrade\": false,\r\n    \"zonalResiliency\": false\r\n  }\r\n}",
      "StatusCode": 200
    },
    {
      "RequestUri": "/subscriptions/b36cdf46-b75d-4dc2-9fe1-1296ee8c623d/resourceGroups/sfmcps-rg-ps1864/providers/Microsoft.ServiceFabric/managedClusters/sfmcps-ps1078?api-version=2021-05-01",
      "EncodedRequestUri": "L3N1YnNjcmlwdGlvbnMvYjM2Y2RmNDYtYjc1ZC00ZGMyLTlmZTEtMTI5NmVlOGM2MjNkL3Jlc291cmNlR3JvdXBzL3NmbWNwcy1yZy1wczE4NjQvcHJvdmlkZXJzL01pY3Jvc29mdC5TZXJ2aWNlRmFicmljL21hbmFnZWRDbHVzdGVycy9zZm1jcHMtcHMxMDc4P2FwaS12ZXJzaW9uPTIwMjEtMDUtMDE=",
      "RequestMethod": "GET",
      "RequestBody": "",
      "RequestHeaders": {
        "x-ms-client-request-id": [
          "26982277-1496-4604-bf64-eeab82bdb389"
        ],
        "Accept-Language": [
          "en-US"
        ],
        "User-Agent": [
          "FxVersion/4.6.29916.01",
          "OSName/Windows",
          "OSVersion/Microsoft.Windows.10.0.19042.",
          "Microsoft.Azure.Management.ServiceFabricManagedClusters.ServiceFabricManagedClustersManagementClient/1.0.0.0"
        ]
      },
      "ResponseHeaders": {
        "Cache-Control": [
          "no-cache"
        ],
        "Pragma": [
          "no-cache"
        ],
        "X-Content-Type-Options": [
          "nosniff"
        ],
        "Strict-Transport-Security": [
          "max-age=31536000; includeSubDomains"
        ],
        "Server": [
          "Microsoft-HTTPAPI/2.0,Microsoft-HTTPAPI/2.0 Microsoft-HTTPAPI/2.0"
        ],
        "x-ms-ratelimit-remaining-subscription-reads": [
          "11858"
        ],
        "x-ms-request-id": [
          "ac24c2e6-ede7-4a00-a6ef-a08f41701171"
        ],
        "x-ms-correlation-request-id": [
          "ac24c2e6-ede7-4a00-a6ef-a08f41701171"
        ],
        "x-ms-routing-request-id": [
          "WESTCENTRALUS:20210422T025604Z:ac24c2e6-ede7-4a00-a6ef-a08f41701171"
        ],
        "Date": [
          "Thu, 22 Apr 2021 02:56:04 GMT"
        ],
        "Content-Length": [
          "1186"
        ],
        "Content-Type": [
          "application/json; charset=utf-8"
        ],
        "Expires": [
          "-1"
        ]
      },
      "ResponseBody": "{\r\n  \"id\": \"/subscriptions/b36cdf46-b75d-4dc2-9fe1-1296ee8c623d/resourcegroups/sfmcps-rg-ps1864/providers/Microsoft.ServiceFabric/managedClusters/sfmcps-ps1078\",\r\n  \"type\": \"Microsoft.ServiceFabric/managedclusters\",\r\n  \"location\": \"southcentralus\",\r\n  \"name\": \"sfmcps-ps1078\",\r\n  \"tags\": {},\r\n  \"sku\": {\r\n    \"name\": \"Standard\"\r\n  },\r\n  \"properties\": {\r\n    \"provisioningState\": \"Succeeded\",\r\n    \"clusterId\": \"b00c5bef-12c2-4893-af84-aaaeb6c21990\",\r\n    \"clusterState\": \"Deploying\",\r\n    \"clusterCodeVersion\": \"8.0.514.9590\",\r\n    \"clusterUpgradeMode\": \"Automatic\",\r\n    \"clusterUpgradeCadence\": \"Wave0\",\r\n    \"adminUserName\": \"vmadmin\",\r\n    \"dnsName\": \"sfmcps-ps1078\",\r\n    \"fqdn\": \"sfmcps-ps1078.southcentralus.cloudapp.azure.com\",\r\n    \"ipv4Address\": \"20.94.145.82\",\r\n    \"clusterCertificateThumbprints\": [\r\n      \"C38641A2D657E94AC0C961004E544EA91AD85533\"\r\n    ],\r\n    \"clientConnectionPort\": 19000,\r\n    \"httpGatewayConnectionPort\": 19080,\r\n    \"allowRdpAccess\": false,\r\n    \"clients\": [\r\n      {\r\n        \"isAdmin\": false,\r\n        \"thumbprint\": \"123BDACDCDFB2C7B250192C6078E47D1E1DB119B\"\r\n      }\r\n    ],\r\n    \"enableAutoOSUpgrade\": false,\r\n    \"zonalResiliency\": false\r\n  }\r\n}",
      "StatusCode": 200
    },
    {
      "RequestUri": "/subscriptions/b36cdf46-b75d-4dc2-9fe1-1296ee8c623d/resourceGroups/sfmcps-rg-ps1864/providers/Microsoft.ServiceFabric/managedClusters/sfmcps-ps1078?api-version=2021-05-01",
      "EncodedRequestUri": "L3N1YnNjcmlwdGlvbnMvYjM2Y2RmNDYtYjc1ZC00ZGMyLTlmZTEtMTI5NmVlOGM2MjNkL3Jlc291cmNlR3JvdXBzL3NmbWNwcy1yZy1wczE4NjQvcHJvdmlkZXJzL01pY3Jvc29mdC5TZXJ2aWNlRmFicmljL21hbmFnZWRDbHVzdGVycy9zZm1jcHMtcHMxMDc4P2FwaS12ZXJzaW9uPTIwMjEtMDUtMDE=",
      "RequestMethod": "GET",
      "RequestBody": "",
      "RequestHeaders": {
        "x-ms-client-request-id": [
          "473d8ab3-7011-4cdd-9617-5daf7e30dc74"
        ],
        "Accept-Language": [
          "en-US"
        ],
        "User-Agent": [
          "FxVersion/4.6.29916.01",
          "OSName/Windows",
          "OSVersion/Microsoft.Windows.10.0.19042.",
          "Microsoft.Azure.Management.ServiceFabricManagedClusters.ServiceFabricManagedClustersManagementClient/1.0.0.0"
        ]
      },
      "ResponseHeaders": {
        "Cache-Control": [
          "no-cache"
        ],
        "Pragma": [
          "no-cache"
        ],
        "X-Content-Type-Options": [
          "nosniff"
        ],
        "Strict-Transport-Security": [
          "max-age=31536000; includeSubDomains"
        ],
        "x-ms-ratelimit-remaining-subscription-reads": [
          "11857"
        ],
        "Server": [
          "Microsoft-HTTPAPI/2.0,Microsoft-HTTPAPI/2.0 Microsoft-HTTPAPI/2.0"
        ],
        "x-ms-request-id": [
          "e92dbb37-35a6-4340-8f94-35d81d90c34c"
        ],
        "x-ms-correlation-request-id": [
          "e92dbb37-35a6-4340-8f94-35d81d90c34c"
        ],
        "x-ms-routing-request-id": [
          "WESTCENTRALUS:20210422T025619Z:e92dbb37-35a6-4340-8f94-35d81d90c34c"
        ],
        "Date": [
          "Thu, 22 Apr 2021 02:56:19 GMT"
        ],
        "Content-Length": [
          "1186"
        ],
        "Content-Type": [
          "application/json; charset=utf-8"
        ],
        "Expires": [
          "-1"
        ]
      },
      "ResponseBody": "{\r\n  \"id\": \"/subscriptions/b36cdf46-b75d-4dc2-9fe1-1296ee8c623d/resourcegroups/sfmcps-rg-ps1864/providers/Microsoft.ServiceFabric/managedClusters/sfmcps-ps1078\",\r\n  \"type\": \"Microsoft.ServiceFabric/managedclusters\",\r\n  \"location\": \"southcentralus\",\r\n  \"name\": \"sfmcps-ps1078\",\r\n  \"tags\": {},\r\n  \"sku\": {\r\n    \"name\": \"Standard\"\r\n  },\r\n  \"properties\": {\r\n    \"provisioningState\": \"Succeeded\",\r\n    \"clusterId\": \"b00c5bef-12c2-4893-af84-aaaeb6c21990\",\r\n    \"clusterState\": \"Deploying\",\r\n    \"clusterCodeVersion\": \"8.0.514.9590\",\r\n    \"clusterUpgradeMode\": \"Automatic\",\r\n    \"clusterUpgradeCadence\": \"Wave0\",\r\n    \"adminUserName\": \"vmadmin\",\r\n    \"dnsName\": \"sfmcps-ps1078\",\r\n    \"fqdn\": \"sfmcps-ps1078.southcentralus.cloudapp.azure.com\",\r\n    \"ipv4Address\": \"20.94.145.82\",\r\n    \"clusterCertificateThumbprints\": [\r\n      \"C38641A2D657E94AC0C961004E544EA91AD85533\"\r\n    ],\r\n    \"clientConnectionPort\": 19000,\r\n    \"httpGatewayConnectionPort\": 19080,\r\n    \"allowRdpAccess\": false,\r\n    \"clients\": [\r\n      {\r\n        \"isAdmin\": false,\r\n        \"thumbprint\": \"123BDACDCDFB2C7B250192C6078E47D1E1DB119B\"\r\n      }\r\n    ],\r\n    \"enableAutoOSUpgrade\": false,\r\n    \"zonalResiliency\": false\r\n  }\r\n}",
      "StatusCode": 200
    },
    {
      "RequestUri": "/subscriptions/b36cdf46-b75d-4dc2-9fe1-1296ee8c623d/resourceGroups/sfmcps-rg-ps1864/providers/Microsoft.ServiceFabric/managedClusters/sfmcps-ps1078?api-version=2021-05-01",
      "EncodedRequestUri": "L3N1YnNjcmlwdGlvbnMvYjM2Y2RmNDYtYjc1ZC00ZGMyLTlmZTEtMTI5NmVlOGM2MjNkL3Jlc291cmNlR3JvdXBzL3NmbWNwcy1yZy1wczE4NjQvcHJvdmlkZXJzL01pY3Jvc29mdC5TZXJ2aWNlRmFicmljL21hbmFnZWRDbHVzdGVycy9zZm1jcHMtcHMxMDc4P2FwaS12ZXJzaW9uPTIwMjEtMDUtMDE=",
      "RequestMethod": "GET",
      "RequestBody": "",
      "RequestHeaders": {
        "x-ms-client-request-id": [
          "c0c4fe3e-b0a4-429c-99b6-84a99dc9523b"
        ],
        "Accept-Language": [
          "en-US"
        ],
        "User-Agent": [
          "FxVersion/4.6.29916.01",
          "OSName/Windows",
          "OSVersion/Microsoft.Windows.10.0.19042.",
          "Microsoft.Azure.Management.ServiceFabricManagedClusters.ServiceFabricManagedClustersManagementClient/1.0.0.0"
        ]
      },
      "ResponseHeaders": {
        "Cache-Control": [
          "no-cache"
        ],
        "Pragma": [
          "no-cache"
        ],
        "X-Content-Type-Options": [
          "nosniff"
        ],
        "Strict-Transport-Security": [
          "max-age=31536000; includeSubDomains"
        ],
        "Server": [
          "Microsoft-HTTPAPI/2.0,Microsoft-HTTPAPI/2.0 Microsoft-HTTPAPI/2.0"
        ],
        "x-ms-ratelimit-remaining-subscription-reads": [
          "11856"
        ],
        "x-ms-request-id": [
          "025d3dda-180c-4e1d-9566-5a07e0cce3c8"
        ],
        "x-ms-correlation-request-id": [
          "025d3dda-180c-4e1d-9566-5a07e0cce3c8"
        ],
        "x-ms-routing-request-id": [
          "WESTCENTRALUS:20210422T025634Z:025d3dda-180c-4e1d-9566-5a07e0cce3c8"
        ],
        "Date": [
          "Thu, 22 Apr 2021 02:56:34 GMT"
        ],
        "Content-Length": [
          "1186"
        ],
        "Content-Type": [
          "application/json; charset=utf-8"
        ],
        "Expires": [
          "-1"
        ]
      },
      "ResponseBody": "{\r\n  \"id\": \"/subscriptions/b36cdf46-b75d-4dc2-9fe1-1296ee8c623d/resourcegroups/sfmcps-rg-ps1864/providers/Microsoft.ServiceFabric/managedClusters/sfmcps-ps1078\",\r\n  \"type\": \"Microsoft.ServiceFabric/managedclusters\",\r\n  \"location\": \"southcentralus\",\r\n  \"name\": \"sfmcps-ps1078\",\r\n  \"tags\": {},\r\n  \"sku\": {\r\n    \"name\": \"Standard\"\r\n  },\r\n  \"properties\": {\r\n    \"provisioningState\": \"Succeeded\",\r\n    \"clusterId\": \"b00c5bef-12c2-4893-af84-aaaeb6c21990\",\r\n    \"clusterState\": \"Deploying\",\r\n    \"clusterCodeVersion\": \"8.0.514.9590\",\r\n    \"clusterUpgradeMode\": \"Automatic\",\r\n    \"clusterUpgradeCadence\": \"Wave0\",\r\n    \"adminUserName\": \"vmadmin\",\r\n    \"dnsName\": \"sfmcps-ps1078\",\r\n    \"fqdn\": \"sfmcps-ps1078.southcentralus.cloudapp.azure.com\",\r\n    \"ipv4Address\": \"20.94.145.82\",\r\n    \"clusterCertificateThumbprints\": [\r\n      \"C38641A2D657E94AC0C961004E544EA91AD85533\"\r\n    ],\r\n    \"clientConnectionPort\": 19000,\r\n    \"httpGatewayConnectionPort\": 19080,\r\n    \"allowRdpAccess\": false,\r\n    \"clients\": [\r\n      {\r\n        \"isAdmin\": false,\r\n        \"thumbprint\": \"123BDACDCDFB2C7B250192C6078E47D1E1DB119B\"\r\n      }\r\n    ],\r\n    \"enableAutoOSUpgrade\": false,\r\n    \"zonalResiliency\": false\r\n  }\r\n}",
      "StatusCode": 200
    },
    {
      "RequestUri": "/subscriptions/b36cdf46-b75d-4dc2-9fe1-1296ee8c623d/resourceGroups/sfmcps-rg-ps1864/providers/Microsoft.ServiceFabric/managedClusters/sfmcps-ps1078?api-version=2021-05-01",
      "EncodedRequestUri": "L3N1YnNjcmlwdGlvbnMvYjM2Y2RmNDYtYjc1ZC00ZGMyLTlmZTEtMTI5NmVlOGM2MjNkL3Jlc291cmNlR3JvdXBzL3NmbWNwcy1yZy1wczE4NjQvcHJvdmlkZXJzL01pY3Jvc29mdC5TZXJ2aWNlRmFicmljL21hbmFnZWRDbHVzdGVycy9zZm1jcHMtcHMxMDc4P2FwaS12ZXJzaW9uPTIwMjEtMDUtMDE=",
      "RequestMethod": "GET",
      "RequestBody": "",
      "RequestHeaders": {
        "x-ms-client-request-id": [
          "78a4db38-ce79-4276-9ac3-6e51ef6ca648"
        ],
        "Accept-Language": [
          "en-US"
        ],
        "User-Agent": [
          "FxVersion/4.6.29916.01",
          "OSName/Windows",
          "OSVersion/Microsoft.Windows.10.0.19042.",
          "Microsoft.Azure.Management.ServiceFabricManagedClusters.ServiceFabricManagedClustersManagementClient/1.0.0.0"
        ]
      },
      "ResponseHeaders": {
        "Cache-Control": [
          "no-cache"
        ],
        "Pragma": [
          "no-cache"
        ],
        "X-Content-Type-Options": [
          "nosniff"
        ],
        "Strict-Transport-Security": [
          "max-age=31536000; includeSubDomains"
        ],
        "Server": [
          "Microsoft-HTTPAPI/2.0,Microsoft-HTTPAPI/2.0 Microsoft-HTTPAPI/2.0"
        ],
        "x-ms-ratelimit-remaining-subscription-reads": [
          "11855"
        ],
        "x-ms-request-id": [
          "90b7c128-6267-48cb-a796-c458eb988cfd"
        ],
        "x-ms-correlation-request-id": [
          "90b7c128-6267-48cb-a796-c458eb988cfd"
        ],
        "x-ms-routing-request-id": [
          "WESTCENTRALUS:20210422T025649Z:90b7c128-6267-48cb-a796-c458eb988cfd"
        ],
        "Date": [
          "Thu, 22 Apr 2021 02:56:48 GMT"
        ],
        "Content-Length": [
          "1192"
        ],
        "Content-Type": [
          "application/json; charset=utf-8"
        ],
        "Expires": [
          "-1"
        ]
      },
      "ResponseBody": "{\r\n  \"id\": \"/subscriptions/b36cdf46-b75d-4dc2-9fe1-1296ee8c623d/resourcegroups/sfmcps-rg-ps1864/providers/Microsoft.ServiceFabric/managedClusters/sfmcps-ps1078\",\r\n  \"type\": \"Microsoft.ServiceFabric/managedclusters\",\r\n  \"location\": \"southcentralus\",\r\n  \"name\": \"sfmcps-ps1078\",\r\n  \"tags\": {},\r\n  \"sku\": {\r\n    \"name\": \"Standard\"\r\n  },\r\n  \"properties\": {\r\n    \"provisioningState\": \"Succeeded\",\r\n    \"clusterId\": \"b00c5bef-12c2-4893-af84-aaaeb6c21990\",\r\n    \"clusterState\": \"BaselineUpgrade\",\r\n    \"clusterCodeVersion\": \"8.0.514.9590\",\r\n    \"clusterUpgradeMode\": \"Automatic\",\r\n    \"clusterUpgradeCadence\": \"Wave0\",\r\n    \"adminUserName\": \"vmadmin\",\r\n    \"dnsName\": \"sfmcps-ps1078\",\r\n    \"fqdn\": \"sfmcps-ps1078.southcentralus.cloudapp.azure.com\",\r\n    \"ipv4Address\": \"20.94.145.82\",\r\n    \"clusterCertificateThumbprints\": [\r\n      \"C38641A2D657E94AC0C961004E544EA91AD85533\"\r\n    ],\r\n    \"clientConnectionPort\": 19000,\r\n    \"httpGatewayConnectionPort\": 19080,\r\n    \"allowRdpAccess\": false,\r\n    \"clients\": [\r\n      {\r\n        \"isAdmin\": false,\r\n        \"thumbprint\": \"123BDACDCDFB2C7B250192C6078E47D1E1DB119B\"\r\n      }\r\n    ],\r\n    \"enableAutoOSUpgrade\": false,\r\n    \"zonalResiliency\": false\r\n  }\r\n}",
      "StatusCode": 200
    },
    {
      "RequestUri": "/subscriptions/b36cdf46-b75d-4dc2-9fe1-1296ee8c623d/resourceGroups/sfmcps-rg-ps1864/providers/Microsoft.ServiceFabric/managedClusters/sfmcps-ps1078?api-version=2021-05-01",
      "EncodedRequestUri": "L3N1YnNjcmlwdGlvbnMvYjM2Y2RmNDYtYjc1ZC00ZGMyLTlmZTEtMTI5NmVlOGM2MjNkL3Jlc291cmNlR3JvdXBzL3NmbWNwcy1yZy1wczE4NjQvcHJvdmlkZXJzL01pY3Jvc29mdC5TZXJ2aWNlRmFicmljL21hbmFnZWRDbHVzdGVycy9zZm1jcHMtcHMxMDc4P2FwaS12ZXJzaW9uPTIwMjEtMDUtMDE=",
      "RequestMethod": "GET",
      "RequestBody": "",
      "RequestHeaders": {
        "x-ms-client-request-id": [
          "5bf3008d-e450-47a8-a6a0-f680e806e69f"
        ],
        "Accept-Language": [
          "en-US"
        ],
        "User-Agent": [
          "FxVersion/4.6.29916.01",
          "OSName/Windows",
          "OSVersion/Microsoft.Windows.10.0.19042.",
          "Microsoft.Azure.Management.ServiceFabricManagedClusters.ServiceFabricManagedClustersManagementClient/1.0.0.0"
        ]
      },
      "ResponseHeaders": {
        "Cache-Control": [
          "no-cache"
        ],
        "Pragma": [
          "no-cache"
        ],
        "X-Content-Type-Options": [
          "nosniff"
        ],
        "Strict-Transport-Security": [
          "max-age=31536000; includeSubDomains"
        ],
        "Server": [
          "Microsoft-HTTPAPI/2.0,Microsoft-HTTPAPI/2.0 Microsoft-HTTPAPI/2.0"
        ],
        "x-ms-ratelimit-remaining-subscription-reads": [
          "11854"
        ],
        "x-ms-request-id": [
          "699986c0-2fc7-42ab-9c63-083b499f114f"
        ],
        "x-ms-correlation-request-id": [
          "699986c0-2fc7-42ab-9c63-083b499f114f"
        ],
        "x-ms-routing-request-id": [
          "WESTCENTRALUS:20210422T025704Z:699986c0-2fc7-42ab-9c63-083b499f114f"
        ],
        "Date": [
          "Thu, 22 Apr 2021 02:57:03 GMT"
        ],
        "Content-Length": [
          "1192"
        ],
        "Content-Type": [
          "application/json; charset=utf-8"
        ],
        "Expires": [
          "-1"
        ]
      },
      "ResponseBody": "{\r\n  \"id\": \"/subscriptions/b36cdf46-b75d-4dc2-9fe1-1296ee8c623d/resourcegroups/sfmcps-rg-ps1864/providers/Microsoft.ServiceFabric/managedClusters/sfmcps-ps1078\",\r\n  \"type\": \"Microsoft.ServiceFabric/managedclusters\",\r\n  \"location\": \"southcentralus\",\r\n  \"name\": \"sfmcps-ps1078\",\r\n  \"tags\": {},\r\n  \"sku\": {\r\n    \"name\": \"Standard\"\r\n  },\r\n  \"properties\": {\r\n    \"provisioningState\": \"Succeeded\",\r\n    \"clusterId\": \"b00c5bef-12c2-4893-af84-aaaeb6c21990\",\r\n    \"clusterState\": \"BaselineUpgrade\",\r\n    \"clusterCodeVersion\": \"8.0.514.9590\",\r\n    \"clusterUpgradeMode\": \"Automatic\",\r\n    \"clusterUpgradeCadence\": \"Wave0\",\r\n    \"adminUserName\": \"vmadmin\",\r\n    \"dnsName\": \"sfmcps-ps1078\",\r\n    \"fqdn\": \"sfmcps-ps1078.southcentralus.cloudapp.azure.com\",\r\n    \"ipv4Address\": \"20.94.145.82\",\r\n    \"clusterCertificateThumbprints\": [\r\n      \"C38641A2D657E94AC0C961004E544EA91AD85533\"\r\n    ],\r\n    \"clientConnectionPort\": 19000,\r\n    \"httpGatewayConnectionPort\": 19080,\r\n    \"allowRdpAccess\": false,\r\n    \"clients\": [\r\n      {\r\n        \"isAdmin\": false,\r\n        \"thumbprint\": \"123BDACDCDFB2C7B250192C6078E47D1E1DB119B\"\r\n      }\r\n    ],\r\n    \"enableAutoOSUpgrade\": false,\r\n    \"zonalResiliency\": false\r\n  }\r\n}",
      "StatusCode": 200
    },
    {
      "RequestUri": "/subscriptions/b36cdf46-b75d-4dc2-9fe1-1296ee8c623d/resourceGroups/sfmcps-rg-ps1864/providers/Microsoft.ServiceFabric/managedClusters/sfmcps-ps1078?api-version=2021-05-01",
      "EncodedRequestUri": "L3N1YnNjcmlwdGlvbnMvYjM2Y2RmNDYtYjc1ZC00ZGMyLTlmZTEtMTI5NmVlOGM2MjNkL3Jlc291cmNlR3JvdXBzL3NmbWNwcy1yZy1wczE4NjQvcHJvdmlkZXJzL01pY3Jvc29mdC5TZXJ2aWNlRmFicmljL21hbmFnZWRDbHVzdGVycy9zZm1jcHMtcHMxMDc4P2FwaS12ZXJzaW9uPTIwMjEtMDUtMDE=",
      "RequestMethod": "GET",
      "RequestBody": "",
      "RequestHeaders": {
        "x-ms-client-request-id": [
          "54cbbfc0-f109-4af2-80fc-a61b9adcca8a"
        ],
        "Accept-Language": [
          "en-US"
        ],
        "User-Agent": [
          "FxVersion/4.6.29916.01",
          "OSName/Windows",
          "OSVersion/Microsoft.Windows.10.0.19042.",
          "Microsoft.Azure.Management.ServiceFabricManagedClusters.ServiceFabricManagedClustersManagementClient/1.0.0.0"
        ]
      },
      "ResponseHeaders": {
        "Cache-Control": [
          "no-cache"
        ],
        "Pragma": [
          "no-cache"
        ],
        "X-Content-Type-Options": [
          "nosniff"
        ],
        "Strict-Transport-Security": [
          "max-age=31536000; includeSubDomains"
        ],
        "Server": [
          "Microsoft-HTTPAPI/2.0,Microsoft-HTTPAPI/2.0 Microsoft-HTTPAPI/2.0"
        ],
        "x-ms-ratelimit-remaining-subscription-reads": [
          "11853"
        ],
        "x-ms-request-id": [
          "db983644-a92f-4795-8ac3-0e019998896c"
        ],
        "x-ms-correlation-request-id": [
          "db983644-a92f-4795-8ac3-0e019998896c"
        ],
        "x-ms-routing-request-id": [
          "WESTCENTRALUS:20210422T025719Z:db983644-a92f-4795-8ac3-0e019998896c"
        ],
        "Date": [
          "Thu, 22 Apr 2021 02:57:19 GMT"
        ],
        "Content-Length": [
          "1192"
        ],
        "Content-Type": [
          "application/json; charset=utf-8"
        ],
        "Expires": [
          "-1"
        ]
      },
      "ResponseBody": "{\r\n  \"id\": \"/subscriptions/b36cdf46-b75d-4dc2-9fe1-1296ee8c623d/resourcegroups/sfmcps-rg-ps1864/providers/Microsoft.ServiceFabric/managedClusters/sfmcps-ps1078\",\r\n  \"type\": \"Microsoft.ServiceFabric/managedclusters\",\r\n  \"location\": \"southcentralus\",\r\n  \"name\": \"sfmcps-ps1078\",\r\n  \"tags\": {},\r\n  \"sku\": {\r\n    \"name\": \"Standard\"\r\n  },\r\n  \"properties\": {\r\n    \"provisioningState\": \"Succeeded\",\r\n    \"clusterId\": \"b00c5bef-12c2-4893-af84-aaaeb6c21990\",\r\n    \"clusterState\": \"BaselineUpgrade\",\r\n    \"clusterCodeVersion\": \"8.0.514.9590\",\r\n    \"clusterUpgradeMode\": \"Automatic\",\r\n    \"clusterUpgradeCadence\": \"Wave0\",\r\n    \"adminUserName\": \"vmadmin\",\r\n    \"dnsName\": \"sfmcps-ps1078\",\r\n    \"fqdn\": \"sfmcps-ps1078.southcentralus.cloudapp.azure.com\",\r\n    \"ipv4Address\": \"20.94.145.82\",\r\n    \"clusterCertificateThumbprints\": [\r\n      \"C38641A2D657E94AC0C961004E544EA91AD85533\"\r\n    ],\r\n    \"clientConnectionPort\": 19000,\r\n    \"httpGatewayConnectionPort\": 19080,\r\n    \"allowRdpAccess\": false,\r\n    \"clients\": [\r\n      {\r\n        \"isAdmin\": false,\r\n        \"thumbprint\": \"123BDACDCDFB2C7B250192C6078E47D1E1DB119B\"\r\n      }\r\n    ],\r\n    \"enableAutoOSUpgrade\": false,\r\n    \"zonalResiliency\": false\r\n  }\r\n}",
      "StatusCode": 200
    },
    {
      "RequestUri": "/subscriptions/b36cdf46-b75d-4dc2-9fe1-1296ee8c623d/resourceGroups/sfmcps-rg-ps1864/providers/Microsoft.ServiceFabric/managedClusters/sfmcps-ps1078?api-version=2021-05-01",
      "EncodedRequestUri": "L3N1YnNjcmlwdGlvbnMvYjM2Y2RmNDYtYjc1ZC00ZGMyLTlmZTEtMTI5NmVlOGM2MjNkL3Jlc291cmNlR3JvdXBzL3NmbWNwcy1yZy1wczE4NjQvcHJvdmlkZXJzL01pY3Jvc29mdC5TZXJ2aWNlRmFicmljL21hbmFnZWRDbHVzdGVycy9zZm1jcHMtcHMxMDc4P2FwaS12ZXJzaW9uPTIwMjEtMDUtMDE=",
      "RequestMethod": "GET",
      "RequestBody": "",
      "RequestHeaders": {
        "x-ms-client-request-id": [
          "0c568881-285d-4711-b374-5674e393b3e9"
        ],
        "Accept-Language": [
          "en-US"
        ],
        "User-Agent": [
          "FxVersion/4.6.29916.01",
          "OSName/Windows",
          "OSVersion/Microsoft.Windows.10.0.19042.",
          "Microsoft.Azure.Management.ServiceFabricManagedClusters.ServiceFabricManagedClustersManagementClient/1.0.0.0"
        ]
      },
      "ResponseHeaders": {
        "Cache-Control": [
          "no-cache"
        ],
        "Pragma": [
          "no-cache"
        ],
        "X-Content-Type-Options": [
          "nosniff"
        ],
        "Strict-Transport-Security": [
          "max-age=31536000; includeSubDomains"
        ],
        "Server": [
          "Microsoft-HTTPAPI/2.0,Microsoft-HTTPAPI/2.0 Microsoft-HTTPAPI/2.0"
        ],
        "x-ms-ratelimit-remaining-subscription-reads": [
          "11852"
        ],
        "x-ms-request-id": [
          "15a4bf97-68ff-481c-8432-129a0681cb20"
        ],
        "x-ms-correlation-request-id": [
          "15a4bf97-68ff-481c-8432-129a0681cb20"
        ],
        "x-ms-routing-request-id": [
          "WESTCENTRALUS:20210422T025735Z:15a4bf97-68ff-481c-8432-129a0681cb20"
        ],
        "Date": [
          "Thu, 22 Apr 2021 02:57:34 GMT"
        ],
        "Content-Length": [
          "1192"
        ],
        "Content-Type": [
          "application/json; charset=utf-8"
        ],
        "Expires": [
          "-1"
        ]
      },
      "ResponseBody": "{\r\n  \"id\": \"/subscriptions/b36cdf46-b75d-4dc2-9fe1-1296ee8c623d/resourcegroups/sfmcps-rg-ps1864/providers/Microsoft.ServiceFabric/managedClusters/sfmcps-ps1078\",\r\n  \"type\": \"Microsoft.ServiceFabric/managedclusters\",\r\n  \"location\": \"southcentralus\",\r\n  \"name\": \"sfmcps-ps1078\",\r\n  \"tags\": {},\r\n  \"sku\": {\r\n    \"name\": \"Standard\"\r\n  },\r\n  \"properties\": {\r\n    \"provisioningState\": \"Succeeded\",\r\n    \"clusterId\": \"b00c5bef-12c2-4893-af84-aaaeb6c21990\",\r\n    \"clusterState\": \"BaselineUpgrade\",\r\n    \"clusterCodeVersion\": \"8.0.514.9590\",\r\n    \"clusterUpgradeMode\": \"Automatic\",\r\n    \"clusterUpgradeCadence\": \"Wave0\",\r\n    \"adminUserName\": \"vmadmin\",\r\n    \"dnsName\": \"sfmcps-ps1078\",\r\n    \"fqdn\": \"sfmcps-ps1078.southcentralus.cloudapp.azure.com\",\r\n    \"ipv4Address\": \"20.94.145.82\",\r\n    \"clusterCertificateThumbprints\": [\r\n      \"C38641A2D657E94AC0C961004E544EA91AD85533\"\r\n    ],\r\n    \"clientConnectionPort\": 19000,\r\n    \"httpGatewayConnectionPort\": 19080,\r\n    \"allowRdpAccess\": false,\r\n    \"clients\": [\r\n      {\r\n        \"isAdmin\": false,\r\n        \"thumbprint\": \"123BDACDCDFB2C7B250192C6078E47D1E1DB119B\"\r\n      }\r\n    ],\r\n    \"enableAutoOSUpgrade\": false,\r\n    \"zonalResiliency\": false\r\n  }\r\n}",
      "StatusCode": 200
    },
    {
      "RequestUri": "/subscriptions/b36cdf46-b75d-4dc2-9fe1-1296ee8c623d/resourceGroups/sfmcps-rg-ps1864/providers/Microsoft.ServiceFabric/managedClusters/sfmcps-ps1078?api-version=2021-05-01",
      "EncodedRequestUri": "L3N1YnNjcmlwdGlvbnMvYjM2Y2RmNDYtYjc1ZC00ZGMyLTlmZTEtMTI5NmVlOGM2MjNkL3Jlc291cmNlR3JvdXBzL3NmbWNwcy1yZy1wczE4NjQvcHJvdmlkZXJzL01pY3Jvc29mdC5TZXJ2aWNlRmFicmljL21hbmFnZWRDbHVzdGVycy9zZm1jcHMtcHMxMDc4P2FwaS12ZXJzaW9uPTIwMjEtMDUtMDE=",
      "RequestMethod": "GET",
      "RequestBody": "",
      "RequestHeaders": {
        "x-ms-client-request-id": [
          "baa79e25-27aa-42b7-91bd-6024cd57526e"
        ],
        "Accept-Language": [
          "en-US"
        ],
        "User-Agent": [
          "FxVersion/4.6.29916.01",
          "OSName/Windows",
          "OSVersion/Microsoft.Windows.10.0.19042.",
          "Microsoft.Azure.Management.ServiceFabricManagedClusters.ServiceFabricManagedClustersManagementClient/1.0.0.0"
        ]
      },
      "ResponseHeaders": {
        "Cache-Control": [
          "no-cache"
        ],
        "Pragma": [
          "no-cache"
        ],
        "X-Content-Type-Options": [
          "nosniff"
        ],
        "Strict-Transport-Security": [
          "max-age=31536000; includeSubDomains"
        ],
        "Server": [
          "Microsoft-HTTPAPI/2.0,Microsoft-HTTPAPI/2.0 Microsoft-HTTPAPI/2.0"
        ],
        "x-ms-ratelimit-remaining-subscription-reads": [
          "11851"
        ],
        "x-ms-request-id": [
          "45dc56b3-4d98-4a28-ac20-658ca05522ac"
        ],
        "x-ms-correlation-request-id": [
          "45dc56b3-4d98-4a28-ac20-658ca05522ac"
        ],
        "x-ms-routing-request-id": [
          "WESTCENTRALUS:20210422T025750Z:45dc56b3-4d98-4a28-ac20-658ca05522ac"
        ],
        "Date": [
          "Thu, 22 Apr 2021 02:57:49 GMT"
        ],
        "Content-Length": [
          "1192"
        ],
        "Content-Type": [
          "application/json; charset=utf-8"
        ],
        "Expires": [
          "-1"
        ]
      },
      "ResponseBody": "{\r\n  \"id\": \"/subscriptions/b36cdf46-b75d-4dc2-9fe1-1296ee8c623d/resourcegroups/sfmcps-rg-ps1864/providers/Microsoft.ServiceFabric/managedClusters/sfmcps-ps1078\",\r\n  \"type\": \"Microsoft.ServiceFabric/managedclusters\",\r\n  \"location\": \"southcentralus\",\r\n  \"name\": \"sfmcps-ps1078\",\r\n  \"tags\": {},\r\n  \"sku\": {\r\n    \"name\": \"Standard\"\r\n  },\r\n  \"properties\": {\r\n    \"provisioningState\": \"Succeeded\",\r\n    \"clusterId\": \"b00c5bef-12c2-4893-af84-aaaeb6c21990\",\r\n    \"clusterState\": \"BaselineUpgrade\",\r\n    \"clusterCodeVersion\": \"8.0.514.9590\",\r\n    \"clusterUpgradeMode\": \"Automatic\",\r\n    \"clusterUpgradeCadence\": \"Wave0\",\r\n    \"adminUserName\": \"vmadmin\",\r\n    \"dnsName\": \"sfmcps-ps1078\",\r\n    \"fqdn\": \"sfmcps-ps1078.southcentralus.cloudapp.azure.com\",\r\n    \"ipv4Address\": \"20.94.145.82\",\r\n    \"clusterCertificateThumbprints\": [\r\n      \"C38641A2D657E94AC0C961004E544EA91AD85533\"\r\n    ],\r\n    \"clientConnectionPort\": 19000,\r\n    \"httpGatewayConnectionPort\": 19080,\r\n    \"allowRdpAccess\": false,\r\n    \"clients\": [\r\n      {\r\n        \"isAdmin\": false,\r\n        \"thumbprint\": \"123BDACDCDFB2C7B250192C6078E47D1E1DB119B\"\r\n      }\r\n    ],\r\n    \"enableAutoOSUpgrade\": false,\r\n    \"zonalResiliency\": false\r\n  }\r\n}",
      "StatusCode": 200
    },
    {
      "RequestUri": "/subscriptions/b36cdf46-b75d-4dc2-9fe1-1296ee8c623d/resourceGroups/sfmcps-rg-ps1864/providers/Microsoft.ServiceFabric/managedClusters/sfmcps-ps1078?api-version=2021-05-01",
      "EncodedRequestUri": "L3N1YnNjcmlwdGlvbnMvYjM2Y2RmNDYtYjc1ZC00ZGMyLTlmZTEtMTI5NmVlOGM2MjNkL3Jlc291cmNlR3JvdXBzL3NmbWNwcy1yZy1wczE4NjQvcHJvdmlkZXJzL01pY3Jvc29mdC5TZXJ2aWNlRmFicmljL21hbmFnZWRDbHVzdGVycy9zZm1jcHMtcHMxMDc4P2FwaS12ZXJzaW9uPTIwMjEtMDUtMDE=",
      "RequestMethod": "GET",
      "RequestBody": "",
      "RequestHeaders": {
        "x-ms-client-request-id": [
          "2e91fc3a-3606-4ccf-8e99-cc2e9e5cbcae"
        ],
        "Accept-Language": [
          "en-US"
        ],
        "User-Agent": [
          "FxVersion/4.6.29916.01",
          "OSName/Windows",
          "OSVersion/Microsoft.Windows.10.0.19042.",
          "Microsoft.Azure.Management.ServiceFabricManagedClusters.ServiceFabricManagedClustersManagementClient/1.0.0.0"
        ]
      },
      "ResponseHeaders": {
        "Cache-Control": [
          "no-cache"
        ],
        "Pragma": [
          "no-cache"
        ],
        "X-Content-Type-Options": [
          "nosniff"
        ],
        "Strict-Transport-Security": [
          "max-age=31536000; includeSubDomains"
        ],
        "Server": [
          "Microsoft-HTTPAPI/2.0,Microsoft-HTTPAPI/2.0 Microsoft-HTTPAPI/2.0"
        ],
        "x-ms-ratelimit-remaining-subscription-reads": [
          "11850"
        ],
        "x-ms-request-id": [
          "6491ad42-667a-4c6b-9cd4-1ebd29b460d3"
        ],
        "x-ms-correlation-request-id": [
          "6491ad42-667a-4c6b-9cd4-1ebd29b460d3"
        ],
        "x-ms-routing-request-id": [
          "WESTCENTRALUS:20210422T025805Z:6491ad42-667a-4c6b-9cd4-1ebd29b460d3"
        ],
        "Date": [
          "Thu, 22 Apr 2021 02:58:04 GMT"
        ],
        "Content-Length": [
          "1192"
        ],
        "Content-Type": [
          "application/json; charset=utf-8"
        ],
        "Expires": [
          "-1"
        ]
      },
      "ResponseBody": "{\r\n  \"id\": \"/subscriptions/b36cdf46-b75d-4dc2-9fe1-1296ee8c623d/resourcegroups/sfmcps-rg-ps1864/providers/Microsoft.ServiceFabric/managedClusters/sfmcps-ps1078\",\r\n  \"type\": \"Microsoft.ServiceFabric/managedclusters\",\r\n  \"location\": \"southcentralus\",\r\n  \"name\": \"sfmcps-ps1078\",\r\n  \"tags\": {},\r\n  \"sku\": {\r\n    \"name\": \"Standard\"\r\n  },\r\n  \"properties\": {\r\n    \"provisioningState\": \"Succeeded\",\r\n    \"clusterId\": \"b00c5bef-12c2-4893-af84-aaaeb6c21990\",\r\n    \"clusterState\": \"BaselineUpgrade\",\r\n    \"clusterCodeVersion\": \"8.0.514.9590\",\r\n    \"clusterUpgradeMode\": \"Automatic\",\r\n    \"clusterUpgradeCadence\": \"Wave0\",\r\n    \"adminUserName\": \"vmadmin\",\r\n    \"dnsName\": \"sfmcps-ps1078\",\r\n    \"fqdn\": \"sfmcps-ps1078.southcentralus.cloudapp.azure.com\",\r\n    \"ipv4Address\": \"20.94.145.82\",\r\n    \"clusterCertificateThumbprints\": [\r\n      \"C38641A2D657E94AC0C961004E544EA91AD85533\"\r\n    ],\r\n    \"clientConnectionPort\": 19000,\r\n    \"httpGatewayConnectionPort\": 19080,\r\n    \"allowRdpAccess\": false,\r\n    \"clients\": [\r\n      {\r\n        \"isAdmin\": false,\r\n        \"thumbprint\": \"123BDACDCDFB2C7B250192C6078E47D1E1DB119B\"\r\n      }\r\n    ],\r\n    \"enableAutoOSUpgrade\": false,\r\n    \"zonalResiliency\": false\r\n  }\r\n}",
      "StatusCode": 200
    },
    {
      "RequestUri": "/subscriptions/b36cdf46-b75d-4dc2-9fe1-1296ee8c623d/resourceGroups/sfmcps-rg-ps1864/providers/Microsoft.ServiceFabric/managedClusters/sfmcps-ps1078?api-version=2021-05-01",
      "EncodedRequestUri": "L3N1YnNjcmlwdGlvbnMvYjM2Y2RmNDYtYjc1ZC00ZGMyLTlmZTEtMTI5NmVlOGM2MjNkL3Jlc291cmNlR3JvdXBzL3NmbWNwcy1yZy1wczE4NjQvcHJvdmlkZXJzL01pY3Jvc29mdC5TZXJ2aWNlRmFicmljL21hbmFnZWRDbHVzdGVycy9zZm1jcHMtcHMxMDc4P2FwaS12ZXJzaW9uPTIwMjEtMDUtMDE=",
      "RequestMethod": "GET",
      "RequestBody": "",
      "RequestHeaders": {
        "x-ms-client-request-id": [
          "0a572a3f-c714-485d-af1f-48ac60710e3f"
        ],
        "Accept-Language": [
          "en-US"
        ],
        "User-Agent": [
          "FxVersion/4.6.29916.01",
          "OSName/Windows",
          "OSVersion/Microsoft.Windows.10.0.19042.",
          "Microsoft.Azure.Management.ServiceFabricManagedClusters.ServiceFabricManagedClustersManagementClient/1.0.0.0"
        ]
      },
      "ResponseHeaders": {
        "Cache-Control": [
          "no-cache"
        ],
        "Pragma": [
          "no-cache"
        ],
        "X-Content-Type-Options": [
          "nosniff"
        ],
        "Strict-Transport-Security": [
          "max-age=31536000; includeSubDomains"
        ],
        "Server": [
          "Microsoft-HTTPAPI/2.0,Microsoft-HTTPAPI/2.0 Microsoft-HTTPAPI/2.0"
        ],
        "x-ms-ratelimit-remaining-subscription-reads": [
          "11849"
        ],
        "x-ms-request-id": [
          "8a69b396-4ba9-4865-b67c-a0c02de62d63"
        ],
        "x-ms-correlation-request-id": [
          "8a69b396-4ba9-4865-b67c-a0c02de62d63"
        ],
        "x-ms-routing-request-id": [
          "WESTCENTRALUS:20210422T025820Z:8a69b396-4ba9-4865-b67c-a0c02de62d63"
        ],
        "Date": [
          "Thu, 22 Apr 2021 02:58:19 GMT"
        ],
        "Content-Length": [
          "1192"
        ],
        "Content-Type": [
          "application/json; charset=utf-8"
        ],
        "Expires": [
          "-1"
        ]
      },
      "ResponseBody": "{\r\n  \"id\": \"/subscriptions/b36cdf46-b75d-4dc2-9fe1-1296ee8c623d/resourcegroups/sfmcps-rg-ps1864/providers/Microsoft.ServiceFabric/managedClusters/sfmcps-ps1078\",\r\n  \"type\": \"Microsoft.ServiceFabric/managedclusters\",\r\n  \"location\": \"southcentralus\",\r\n  \"name\": \"sfmcps-ps1078\",\r\n  \"tags\": {},\r\n  \"sku\": {\r\n    \"name\": \"Standard\"\r\n  },\r\n  \"properties\": {\r\n    \"provisioningState\": \"Succeeded\",\r\n    \"clusterId\": \"b00c5bef-12c2-4893-af84-aaaeb6c21990\",\r\n    \"clusterState\": \"BaselineUpgrade\",\r\n    \"clusterCodeVersion\": \"8.0.514.9590\",\r\n    \"clusterUpgradeMode\": \"Automatic\",\r\n    \"clusterUpgradeCadence\": \"Wave0\",\r\n    \"adminUserName\": \"vmadmin\",\r\n    \"dnsName\": \"sfmcps-ps1078\",\r\n    \"fqdn\": \"sfmcps-ps1078.southcentralus.cloudapp.azure.com\",\r\n    \"ipv4Address\": \"20.94.145.82\",\r\n    \"clusterCertificateThumbprints\": [\r\n      \"C38641A2D657E94AC0C961004E544EA91AD85533\"\r\n    ],\r\n    \"clientConnectionPort\": 19000,\r\n    \"httpGatewayConnectionPort\": 19080,\r\n    \"allowRdpAccess\": false,\r\n    \"clients\": [\r\n      {\r\n        \"isAdmin\": false,\r\n        \"thumbprint\": \"123BDACDCDFB2C7B250192C6078E47D1E1DB119B\"\r\n      }\r\n    ],\r\n    \"enableAutoOSUpgrade\": false,\r\n    \"zonalResiliency\": false\r\n  }\r\n}",
      "StatusCode": 200
    },
    {
      "RequestUri": "/subscriptions/b36cdf46-b75d-4dc2-9fe1-1296ee8c623d/resourceGroups/sfmcps-rg-ps1864/providers/Microsoft.ServiceFabric/managedClusters/sfmcps-ps1078?api-version=2021-05-01",
      "EncodedRequestUri": "L3N1YnNjcmlwdGlvbnMvYjM2Y2RmNDYtYjc1ZC00ZGMyLTlmZTEtMTI5NmVlOGM2MjNkL3Jlc291cmNlR3JvdXBzL3NmbWNwcy1yZy1wczE4NjQvcHJvdmlkZXJzL01pY3Jvc29mdC5TZXJ2aWNlRmFicmljL21hbmFnZWRDbHVzdGVycy9zZm1jcHMtcHMxMDc4P2FwaS12ZXJzaW9uPTIwMjEtMDUtMDE=",
      "RequestMethod": "GET",
      "RequestBody": "",
      "RequestHeaders": {
        "x-ms-client-request-id": [
          "2b0dd82a-914d-4694-8cb9-19d8e523143c"
        ],
        "Accept-Language": [
          "en-US"
        ],
        "User-Agent": [
          "FxVersion/4.6.29916.01",
          "OSName/Windows",
          "OSVersion/Microsoft.Windows.10.0.19042.",
          "Microsoft.Azure.Management.ServiceFabricManagedClusters.ServiceFabricManagedClustersManagementClient/1.0.0.0"
        ]
      },
      "ResponseHeaders": {
        "Cache-Control": [
          "no-cache"
        ],
        "Pragma": [
          "no-cache"
        ],
        "X-Content-Type-Options": [
          "nosniff"
        ],
        "Strict-Transport-Security": [
          "max-age=31536000; includeSubDomains"
        ],
        "Server": [
          "Microsoft-HTTPAPI/2.0,Microsoft-HTTPAPI/2.0 Microsoft-HTTPAPI/2.0"
        ],
        "x-ms-ratelimit-remaining-subscription-reads": [
          "11848"
        ],
        "x-ms-request-id": [
          "47716731-d06b-41fd-b494-ec92bbd118ad"
        ],
        "x-ms-correlation-request-id": [
          "47716731-d06b-41fd-b494-ec92bbd118ad"
        ],
        "x-ms-routing-request-id": [
          "WESTCENTRALUS:20210422T025835Z:47716731-d06b-41fd-b494-ec92bbd118ad"
        ],
        "Date": [
          "Thu, 22 Apr 2021 02:58:34 GMT"
        ],
        "Content-Length": [
          "1192"
        ],
        "Content-Type": [
          "application/json; charset=utf-8"
        ],
        "Expires": [
          "-1"
        ]
      },
      "ResponseBody": "{\r\n  \"id\": \"/subscriptions/b36cdf46-b75d-4dc2-9fe1-1296ee8c623d/resourcegroups/sfmcps-rg-ps1864/providers/Microsoft.ServiceFabric/managedClusters/sfmcps-ps1078\",\r\n  \"type\": \"Microsoft.ServiceFabric/managedclusters\",\r\n  \"location\": \"southcentralus\",\r\n  \"name\": \"sfmcps-ps1078\",\r\n  \"tags\": {},\r\n  \"sku\": {\r\n    \"name\": \"Standard\"\r\n  },\r\n  \"properties\": {\r\n    \"provisioningState\": \"Succeeded\",\r\n    \"clusterId\": \"b00c5bef-12c2-4893-af84-aaaeb6c21990\",\r\n    \"clusterState\": \"BaselineUpgrade\",\r\n    \"clusterCodeVersion\": \"8.0.514.9590\",\r\n    \"clusterUpgradeMode\": \"Automatic\",\r\n    \"clusterUpgradeCadence\": \"Wave0\",\r\n    \"adminUserName\": \"vmadmin\",\r\n    \"dnsName\": \"sfmcps-ps1078\",\r\n    \"fqdn\": \"sfmcps-ps1078.southcentralus.cloudapp.azure.com\",\r\n    \"ipv4Address\": \"20.94.145.82\",\r\n    \"clusterCertificateThumbprints\": [\r\n      \"C38641A2D657E94AC0C961004E544EA91AD85533\"\r\n    ],\r\n    \"clientConnectionPort\": 19000,\r\n    \"httpGatewayConnectionPort\": 19080,\r\n    \"allowRdpAccess\": false,\r\n    \"clients\": [\r\n      {\r\n        \"isAdmin\": false,\r\n        \"thumbprint\": \"123BDACDCDFB2C7B250192C6078E47D1E1DB119B\"\r\n      }\r\n    ],\r\n    \"enableAutoOSUpgrade\": false,\r\n    \"zonalResiliency\": false\r\n  }\r\n}",
      "StatusCode": 200
    },
    {
      "RequestUri": "/subscriptions/b36cdf46-b75d-4dc2-9fe1-1296ee8c623d/resourceGroups/sfmcps-rg-ps1864/providers/Microsoft.ServiceFabric/managedClusters/sfmcps-ps1078?api-version=2021-05-01",
      "EncodedRequestUri": "L3N1YnNjcmlwdGlvbnMvYjM2Y2RmNDYtYjc1ZC00ZGMyLTlmZTEtMTI5NmVlOGM2MjNkL3Jlc291cmNlR3JvdXBzL3NmbWNwcy1yZy1wczE4NjQvcHJvdmlkZXJzL01pY3Jvc29mdC5TZXJ2aWNlRmFicmljL21hbmFnZWRDbHVzdGVycy9zZm1jcHMtcHMxMDc4P2FwaS12ZXJzaW9uPTIwMjEtMDUtMDE=",
      "RequestMethod": "GET",
      "RequestBody": "",
      "RequestHeaders": {
        "x-ms-client-request-id": [
          "16653284-5da5-4e25-82a1-008b3825bc9f"
        ],
        "Accept-Language": [
          "en-US"
        ],
        "User-Agent": [
          "FxVersion/4.6.29916.01",
          "OSName/Windows",
          "OSVersion/Microsoft.Windows.10.0.19042.",
          "Microsoft.Azure.Management.ServiceFabricManagedClusters.ServiceFabricManagedClustersManagementClient/1.0.0.0"
        ]
      },
      "ResponseHeaders": {
        "Cache-Control": [
          "no-cache"
        ],
        "Pragma": [
          "no-cache"
        ],
        "X-Content-Type-Options": [
          "nosniff"
        ],
        "Strict-Transport-Security": [
          "max-age=31536000; includeSubDomains"
        ],
        "Server": [
          "Microsoft-HTTPAPI/2.0,Microsoft-HTTPAPI/2.0 Microsoft-HTTPAPI/2.0"
        ],
        "x-ms-ratelimit-remaining-subscription-reads": [
          "11847"
        ],
        "x-ms-request-id": [
          "e40bb919-853f-4181-81de-d51d4d99c38e"
        ],
        "x-ms-correlation-request-id": [
          "e40bb919-853f-4181-81de-d51d4d99c38e"
        ],
        "x-ms-routing-request-id": [
          "WESTCENTRALUS:20210422T025850Z:e40bb919-853f-4181-81de-d51d4d99c38e"
        ],
        "Date": [
          "Thu, 22 Apr 2021 02:58:49 GMT"
        ],
        "Content-Length": [
          "1192"
        ],
        "Content-Type": [
          "application/json; charset=utf-8"
        ],
        "Expires": [
          "-1"
        ]
      },
      "ResponseBody": "{\r\n  \"id\": \"/subscriptions/b36cdf46-b75d-4dc2-9fe1-1296ee8c623d/resourcegroups/sfmcps-rg-ps1864/providers/Microsoft.ServiceFabric/managedClusters/sfmcps-ps1078\",\r\n  \"type\": \"Microsoft.ServiceFabric/managedclusters\",\r\n  \"location\": \"southcentralus\",\r\n  \"name\": \"sfmcps-ps1078\",\r\n  \"tags\": {},\r\n  \"sku\": {\r\n    \"name\": \"Standard\"\r\n  },\r\n  \"properties\": {\r\n    \"provisioningState\": \"Succeeded\",\r\n    \"clusterId\": \"b00c5bef-12c2-4893-af84-aaaeb6c21990\",\r\n    \"clusterState\": \"BaselineUpgrade\",\r\n    \"clusterCodeVersion\": \"8.0.514.9590\",\r\n    \"clusterUpgradeMode\": \"Automatic\",\r\n    \"clusterUpgradeCadence\": \"Wave0\",\r\n    \"adminUserName\": \"vmadmin\",\r\n    \"dnsName\": \"sfmcps-ps1078\",\r\n    \"fqdn\": \"sfmcps-ps1078.southcentralus.cloudapp.azure.com\",\r\n    \"ipv4Address\": \"20.94.145.82\",\r\n    \"clusterCertificateThumbprints\": [\r\n      \"C38641A2D657E94AC0C961004E544EA91AD85533\"\r\n    ],\r\n    \"clientConnectionPort\": 19000,\r\n    \"httpGatewayConnectionPort\": 19080,\r\n    \"allowRdpAccess\": false,\r\n    \"clients\": [\r\n      {\r\n        \"isAdmin\": false,\r\n        \"thumbprint\": \"123BDACDCDFB2C7B250192C6078E47D1E1DB119B\"\r\n      }\r\n    ],\r\n    \"enableAutoOSUpgrade\": false,\r\n    \"zonalResiliency\": false\r\n  }\r\n}",
      "StatusCode": 200
    },
    {
      "RequestUri": "/subscriptions/b36cdf46-b75d-4dc2-9fe1-1296ee8c623d/resourceGroups/sfmcps-rg-ps1864/providers/Microsoft.ServiceFabric/managedClusters/sfmcps-ps1078?api-version=2021-05-01",
      "EncodedRequestUri": "L3N1YnNjcmlwdGlvbnMvYjM2Y2RmNDYtYjc1ZC00ZGMyLTlmZTEtMTI5NmVlOGM2MjNkL3Jlc291cmNlR3JvdXBzL3NmbWNwcy1yZy1wczE4NjQvcHJvdmlkZXJzL01pY3Jvc29mdC5TZXJ2aWNlRmFicmljL21hbmFnZWRDbHVzdGVycy9zZm1jcHMtcHMxMDc4P2FwaS12ZXJzaW9uPTIwMjEtMDUtMDE=",
      "RequestMethod": "GET",
      "RequestBody": "",
      "RequestHeaders": {
        "x-ms-client-request-id": [
          "ab8ddf1c-6d69-4460-bcd4-706ef234bf72"
        ],
        "Accept-Language": [
          "en-US"
        ],
        "User-Agent": [
          "FxVersion/4.6.29916.01",
          "OSName/Windows",
          "OSVersion/Microsoft.Windows.10.0.19042.",
          "Microsoft.Azure.Management.ServiceFabricManagedClusters.ServiceFabricManagedClustersManagementClient/1.0.0.0"
        ]
      },
      "ResponseHeaders": {
        "Cache-Control": [
          "no-cache"
        ],
        "Pragma": [
          "no-cache"
        ],
        "X-Content-Type-Options": [
          "nosniff"
        ],
        "Strict-Transport-Security": [
          "max-age=31536000; includeSubDomains"
        ],
        "Server": [
          "Microsoft-HTTPAPI/2.0,Microsoft-HTTPAPI/2.0 Microsoft-HTTPAPI/2.0"
        ],
        "x-ms-ratelimit-remaining-subscription-reads": [
          "11846"
        ],
        "x-ms-request-id": [
          "8bf95d26-7abf-41d0-9e90-2751e9baf5ec"
        ],
        "x-ms-correlation-request-id": [
          "8bf95d26-7abf-41d0-9e90-2751e9baf5ec"
        ],
        "x-ms-routing-request-id": [
          "WESTCENTRALUS:20210422T025905Z:8bf95d26-7abf-41d0-9e90-2751e9baf5ec"
        ],
        "Date": [
          "Thu, 22 Apr 2021 02:59:05 GMT"
        ],
        "Content-Length": [
          "1192"
        ],
        "Content-Type": [
          "application/json; charset=utf-8"
        ],
        "Expires": [
          "-1"
        ]
      },
      "ResponseBody": "{\r\n  \"id\": \"/subscriptions/b36cdf46-b75d-4dc2-9fe1-1296ee8c623d/resourcegroups/sfmcps-rg-ps1864/providers/Microsoft.ServiceFabric/managedClusters/sfmcps-ps1078\",\r\n  \"type\": \"Microsoft.ServiceFabric/managedclusters\",\r\n  \"location\": \"southcentralus\",\r\n  \"name\": \"sfmcps-ps1078\",\r\n  \"tags\": {},\r\n  \"sku\": {\r\n    \"name\": \"Standard\"\r\n  },\r\n  \"properties\": {\r\n    \"provisioningState\": \"Succeeded\",\r\n    \"clusterId\": \"b00c5bef-12c2-4893-af84-aaaeb6c21990\",\r\n    \"clusterState\": \"BaselineUpgrade\",\r\n    \"clusterCodeVersion\": \"8.0.514.9590\",\r\n    \"clusterUpgradeMode\": \"Automatic\",\r\n    \"clusterUpgradeCadence\": \"Wave0\",\r\n    \"adminUserName\": \"vmadmin\",\r\n    \"dnsName\": \"sfmcps-ps1078\",\r\n    \"fqdn\": \"sfmcps-ps1078.southcentralus.cloudapp.azure.com\",\r\n    \"ipv4Address\": \"20.94.145.82\",\r\n    \"clusterCertificateThumbprints\": [\r\n      \"C38641A2D657E94AC0C961004E544EA91AD85533\"\r\n    ],\r\n    \"clientConnectionPort\": 19000,\r\n    \"httpGatewayConnectionPort\": 19080,\r\n    \"allowRdpAccess\": false,\r\n    \"clients\": [\r\n      {\r\n        \"isAdmin\": false,\r\n        \"thumbprint\": \"123BDACDCDFB2C7B250192C6078E47D1E1DB119B\"\r\n      }\r\n    ],\r\n    \"enableAutoOSUpgrade\": false,\r\n    \"zonalResiliency\": false\r\n  }\r\n}",
      "StatusCode": 200
    },
    {
      "RequestUri": "/subscriptions/b36cdf46-b75d-4dc2-9fe1-1296ee8c623d/resourceGroups/sfmcps-rg-ps1864/providers/Microsoft.ServiceFabric/managedClusters/sfmcps-ps1078?api-version=2021-05-01",
      "EncodedRequestUri": "L3N1YnNjcmlwdGlvbnMvYjM2Y2RmNDYtYjc1ZC00ZGMyLTlmZTEtMTI5NmVlOGM2MjNkL3Jlc291cmNlR3JvdXBzL3NmbWNwcy1yZy1wczE4NjQvcHJvdmlkZXJzL01pY3Jvc29mdC5TZXJ2aWNlRmFicmljL21hbmFnZWRDbHVzdGVycy9zZm1jcHMtcHMxMDc4P2FwaS12ZXJzaW9uPTIwMjEtMDUtMDE=",
      "RequestMethod": "GET",
      "RequestBody": "",
      "RequestHeaders": {
        "x-ms-client-request-id": [
          "359271ca-f054-4ae3-8edb-5f01829f56a4"
        ],
        "Accept-Language": [
          "en-US"
        ],
        "User-Agent": [
          "FxVersion/4.6.29916.01",
          "OSName/Windows",
          "OSVersion/Microsoft.Windows.10.0.19042.",
          "Microsoft.Azure.Management.ServiceFabricManagedClusters.ServiceFabricManagedClustersManagementClient/1.0.0.0"
        ]
      },
      "ResponseHeaders": {
        "Cache-Control": [
          "no-cache"
        ],
        "Pragma": [
          "no-cache"
        ],
        "X-Content-Type-Options": [
          "nosniff"
        ],
        "Strict-Transport-Security": [
          "max-age=31536000; includeSubDomains"
        ],
        "Server": [
          "Microsoft-HTTPAPI/2.0,Microsoft-HTTPAPI/2.0 Microsoft-HTTPAPI/2.0"
        ],
        "x-ms-ratelimit-remaining-subscription-reads": [
          "11845"
        ],
        "x-ms-request-id": [
          "fcf46557-1324-4302-8b84-0750b428c97a"
        ],
        "x-ms-correlation-request-id": [
          "fcf46557-1324-4302-8b84-0750b428c97a"
        ],
        "x-ms-routing-request-id": [
          "WESTCENTRALUS:20210422T025920Z:fcf46557-1324-4302-8b84-0750b428c97a"
        ],
        "Date": [
          "Thu, 22 Apr 2021 02:59:20 GMT"
        ],
        "Content-Length": [
          "1182"
        ],
        "Content-Type": [
          "application/json; charset=utf-8"
        ],
        "Expires": [
          "-1"
        ]
      },
      "ResponseBody": "{\r\n  \"id\": \"/subscriptions/b36cdf46-b75d-4dc2-9fe1-1296ee8c623d/resourcegroups/sfmcps-rg-ps1864/providers/Microsoft.ServiceFabric/managedClusters/sfmcps-ps1078\",\r\n  \"type\": \"Microsoft.ServiceFabric/managedclusters\",\r\n  \"location\": \"southcentralus\",\r\n  \"name\": \"sfmcps-ps1078\",\r\n  \"tags\": {},\r\n  \"sku\": {\r\n    \"name\": \"Standard\"\r\n  },\r\n  \"properties\": {\r\n    \"provisioningState\": \"Succeeded\",\r\n    \"clusterId\": \"b00c5bef-12c2-4893-af84-aaaeb6c21990\",\r\n    \"clusterState\": \"Ready\",\r\n    \"clusterCodeVersion\": \"8.0.514.9590\",\r\n    \"clusterUpgradeMode\": \"Automatic\",\r\n    \"clusterUpgradeCadence\": \"Wave0\",\r\n    \"adminUserName\": \"vmadmin\",\r\n    \"dnsName\": \"sfmcps-ps1078\",\r\n    \"fqdn\": \"sfmcps-ps1078.southcentralus.cloudapp.azure.com\",\r\n    \"ipv4Address\": \"20.94.145.82\",\r\n    \"clusterCertificateThumbprints\": [\r\n      \"C38641A2D657E94AC0C961004E544EA91AD85533\"\r\n    ],\r\n    \"clientConnectionPort\": 19000,\r\n    \"httpGatewayConnectionPort\": 19080,\r\n    \"allowRdpAccess\": false,\r\n    \"clients\": [\r\n      {\r\n        \"isAdmin\": false,\r\n        \"thumbprint\": \"123BDACDCDFB2C7B250192C6078E47D1E1DB119B\"\r\n      }\r\n    ],\r\n    \"enableAutoOSUpgrade\": false,\r\n    \"zonalResiliency\": false\r\n  }\r\n}",
      "StatusCode": 200
    },
    {
      "RequestUri": "/subscriptions/b36cdf46-b75d-4dc2-9fe1-1296ee8c623d/resourceGroups/sfmcps-rg-ps1864/providers/Microsoft.ServiceFabric/managedClusters/sfmcps-ps1078?api-version=2021-05-01",
      "EncodedRequestUri": "L3N1YnNjcmlwdGlvbnMvYjM2Y2RmNDYtYjc1ZC00ZGMyLTlmZTEtMTI5NmVlOGM2MjNkL3Jlc291cmNlR3JvdXBzL3NmbWNwcy1yZy1wczE4NjQvcHJvdmlkZXJzL01pY3Jvc29mdC5TZXJ2aWNlRmFicmljL21hbmFnZWRDbHVzdGVycy9zZm1jcHMtcHMxMDc4P2FwaS12ZXJzaW9uPTIwMjEtMDUtMDE=",
      "RequestMethod": "GET",
      "RequestBody": "",
      "RequestHeaders": {
        "x-ms-client-request-id": [
          "133a1703-acc0-4d9e-952d-4da403863ec8"
        ],
        "Accept-Language": [
          "en-US"
        ],
        "User-Agent": [
          "FxVersion/4.6.29916.01",
          "OSName/Windows",
          "OSVersion/Microsoft.Windows.10.0.19042.",
          "Microsoft.Azure.Management.ServiceFabricManagedClusters.ServiceFabricManagedClustersManagementClient/1.0.0.0"
        ]
      },
      "ResponseHeaders": {
        "Cache-Control": [
          "no-cache"
        ],
        "Pragma": [
          "no-cache"
        ],
        "X-Content-Type-Options": [
          "nosniff"
        ],
        "Strict-Transport-Security": [
          "max-age=31536000; includeSubDomains"
        ],
        "Server": [
          "Microsoft-HTTPAPI/2.0,Microsoft-HTTPAPI/2.0 Microsoft-HTTPAPI/2.0"
        ],
        "x-ms-ratelimit-remaining-subscription-reads": [
          "11843"
        ],
        "x-ms-request-id": [
          "720a5961-9e51-4b4e-bd8d-5a1fbb221528"
        ],
        "x-ms-correlation-request-id": [
          "720a5961-9e51-4b4e-bd8d-5a1fbb221528"
        ],
        "x-ms-routing-request-id": [
          "WESTCENTRALUS:20210422T025920Z:720a5961-9e51-4b4e-bd8d-5a1fbb221528"
        ],
        "Date": [
          "Thu, 22 Apr 2021 02:59:20 GMT"
        ],
        "Content-Length": [
          "1182"
        ],
        "Content-Type": [
          "application/json; charset=utf-8"
        ],
        "Expires": [
          "-1"
        ]
      },
      "ResponseBody": "{\r\n  \"id\": \"/subscriptions/b36cdf46-b75d-4dc2-9fe1-1296ee8c623d/resourcegroups/sfmcps-rg-ps1864/providers/Microsoft.ServiceFabric/managedClusters/sfmcps-ps1078\",\r\n  \"type\": \"Microsoft.ServiceFabric/managedclusters\",\r\n  \"location\": \"southcentralus\",\r\n  \"name\": \"sfmcps-ps1078\",\r\n  \"tags\": {},\r\n  \"sku\": {\r\n    \"name\": \"Standard\"\r\n  },\r\n  \"properties\": {\r\n    \"provisioningState\": \"Succeeded\",\r\n    \"clusterId\": \"b00c5bef-12c2-4893-af84-aaaeb6c21990\",\r\n    \"clusterState\": \"Ready\",\r\n    \"clusterCodeVersion\": \"8.0.514.9590\",\r\n    \"clusterUpgradeMode\": \"Automatic\",\r\n    \"clusterUpgradeCadence\": \"Wave0\",\r\n    \"adminUserName\": \"vmadmin\",\r\n    \"dnsName\": \"sfmcps-ps1078\",\r\n    \"fqdn\": \"sfmcps-ps1078.southcentralus.cloudapp.azure.com\",\r\n    \"ipv4Address\": \"20.94.145.82\",\r\n    \"clusterCertificateThumbprints\": [\r\n      \"C38641A2D657E94AC0C961004E544EA91AD85533\"\r\n    ],\r\n    \"clientConnectionPort\": 19000,\r\n    \"httpGatewayConnectionPort\": 19080,\r\n    \"allowRdpAccess\": false,\r\n    \"clients\": [\r\n      {\r\n        \"isAdmin\": false,\r\n        \"thumbprint\": \"123BDACDCDFB2C7B250192C6078E47D1E1DB119B\"\r\n      }\r\n    ],\r\n    \"enableAutoOSUpgrade\": false,\r\n    \"zonalResiliency\": false\r\n  }\r\n}",
      "StatusCode": 200
    },
    {
      "RequestUri": "/subscriptions/b36cdf46-b75d-4dc2-9fe1-1296ee8c623d/resourcegroups/sfmcps-rg-ps1864?api-version=2016-09-01",
      "EncodedRequestUri": "L3N1YnNjcmlwdGlvbnMvYjM2Y2RmNDYtYjc1ZC00ZGMyLTlmZTEtMTI5NmVlOGM2MjNkL3Jlc291cmNlZ3JvdXBzL3NmbWNwcy1yZy1wczE4NjQ/YXBpLXZlcnNpb249MjAxNi0wOS0wMQ==",
      "RequestMethod": "GET",
      "RequestBody": "",
      "RequestHeaders": {
        "x-ms-client-request-id": [
          "1eed5423-f9f9-4acb-9c59-5e8739efd5f4"
        ],
        "Accept-Language": [
          "en-US"
        ],
        "User-Agent": [
          "FxVersion/4.6.29916.01",
          "OSName/Windows",
          "OSVersion/Microsoft.Windows.10.0.19042.",
          "Microsoft.Azure.Management.Internal.Resources.ResourceManagementClient/1.3.32"
        ]
      },
      "ResponseHeaders": {
        "Cache-Control": [
          "no-cache"
        ],
        "Pragma": [
          "no-cache"
        ],
        "x-ms-failure-cause": [
          "gateway"
        ],
        "x-ms-ratelimit-remaining-subscription-reads": [
          "11889"
        ],
        "x-ms-request-id": [
          "27191c3a-069a-402b-96eb-9b388e2082be"
        ],
        "x-ms-correlation-request-id": [
          "27191c3a-069a-402b-96eb-9b388e2082be"
        ],
        "x-ms-routing-request-id": [
          "WESTCENTRALUS:20210422T024332Z:27191c3a-069a-402b-96eb-9b388e2082be"
        ],
        "Strict-Transport-Security": [
          "max-age=31536000; includeSubDomains"
        ],
        "X-Content-Type-Options": [
          "nosniff"
        ],
        "Date": [
          "Thu, 22 Apr 2021 02:43:31 GMT"
        ],
        "Content-Type": [
          "application/json; charset=utf-8"
        ],
        "Expires": [
          "-1"
        ],
        "Content-Length": [
          "108"
        ]
      },
      "ResponseBody": "{\r\n  \"error\": {\r\n    \"code\": \"ResourceGroupNotFound\",\r\n    \"message\": \"Resource group 'sfmcps-rg-ps1864' could not be found.\"\r\n  }\r\n}",
      "StatusCode": 404
    },
    {
      "RequestUri": "/subscriptions/b36cdf46-b75d-4dc2-9fe1-1296ee8c623d/resourcegroups/sfmcps-rg-ps1864?api-version=2016-09-01",
      "EncodedRequestUri": "L3N1YnNjcmlwdGlvbnMvYjM2Y2RmNDYtYjc1ZC00ZGMyLTlmZTEtMTI5NmVlOGM2MjNkL3Jlc291cmNlZ3JvdXBzL3NmbWNwcy1yZy1wczE4NjQ/YXBpLXZlcnNpb249MjAxNi0wOS0wMQ==",
      "RequestMethod": "PUT",
      "RequestBody": "{\r\n  \"location\": \"southcentralus\"\r\n}",
      "RequestHeaders": {
        "x-ms-client-request-id": [
          "1eed5423-f9f9-4acb-9c59-5e8739efd5f4"
        ],
        "Accept-Language": [
          "en-US"
        ],
        "User-Agent": [
          "FxVersion/4.6.29916.01",
          "OSName/Windows",
          "OSVersion/Microsoft.Windows.10.0.19042.",
          "Microsoft.Azure.Management.Internal.Resources.ResourceManagementClient/1.3.32"
        ],
        "Content-Type": [
          "application/json; charset=utf-8"
        ],
        "Content-Length": [
          "36"
        ]
      },
      "ResponseHeaders": {
        "Cache-Control": [
          "no-cache"
        ],
        "Pragma": [
          "no-cache"
        ],
        "x-ms-ratelimit-remaining-subscription-writes": [
          "1199"
        ],
        "x-ms-request-id": [
          "d555fc29-7eca-45e8-a1bb-6542f95ad1cb"
        ],
        "x-ms-correlation-request-id": [
          "d555fc29-7eca-45e8-a1bb-6542f95ad1cb"
        ],
        "x-ms-routing-request-id": [
          "WESTCENTRALUS:20210422T024334Z:d555fc29-7eca-45e8-a1bb-6542f95ad1cb"
        ],
        "Strict-Transport-Security": [
          "max-age=31536000; includeSubDomains"
        ],
        "X-Content-Type-Options": [
          "nosniff"
        ],
        "Date": [
          "Thu, 22 Apr 2021 02:43:34 GMT"
        ],
        "Content-Length": [
          "193"
        ],
        "Content-Type": [
          "application/json; charset=utf-8"
        ],
        "Expires": [
          "-1"
        ]
      },
      "ResponseBody": "{\r\n  \"id\": \"/subscriptions/b36cdf46-b75d-4dc2-9fe1-1296ee8c623d/resourceGroups/sfmcps-rg-ps1864\",\r\n  \"name\": \"sfmcps-rg-ps1864\",\r\n  \"location\": \"southcentralus\",\r\n  \"properties\": {\r\n    \"provisioningState\": \"Succeeded\"\r\n  }\r\n}",
      "StatusCode": 201
    },
    {
      "RequestUri": "/subscriptions/b36cdf46-b75d-4dc2-9fe1-1296ee8c623d/resourceGroups/sfmcps-rg-ps1864/providers/Microsoft.ServiceFabric/managedClusters/sfmcps-ps1078?api-version=2021-05-01",
      "EncodedRequestUri": "L3N1YnNjcmlwdGlvbnMvYjM2Y2RmNDYtYjc1ZC00ZGMyLTlmZTEtMTI5NmVlOGM2MjNkL3Jlc291cmNlR3JvdXBzL3NmbWNwcy1yZy1wczE4NjQvcHJvdmlkZXJzL01pY3Jvc29mdC5TZXJ2aWNlRmFicmljL21hbmFnZWRDbHVzdGVycy9zZm1jcHMtcHMxMDc4P2FwaS12ZXJzaW9uPTIwMjEtMDUtMDE=",
      "RequestMethod": "PUT",
      "RequestBody": "{\r\n  \"properties\": {\r\n    \"dnsName\": \"sfmcps-ps1078\",\r\n    \"clientConnectionPort\": 19000,\r\n    \"httpGatewayConnectionPort\": 19080,\r\n    \"adminUserName\": \"vmadmin\",\r\n    \"adminPassword\": \"TestPass1234!@#\",\r\n    \"clients\": [\r\n      {\r\n        \"isAdmin\": false,\r\n        \"thumbprint\": \"123BDACDCDFB2C7B250192C6078E47D1E1DB119B\"\r\n      }\r\n    ],\r\n    \"clusterUpgradeMode\": \"Automatic\",\r\n    \"clusterUpgradeCadence\": \"Wave0\",\r\n    \"zonalResiliency\": false\r\n  },\r\n  \"sku\": {\r\n    \"name\": \"Standard\"\r\n  },\r\n  \"location\": \"southcentralus\"\r\n}",
      "RequestHeaders": {
        "x-ms-client-request-id": [
          "1eed5423-f9f9-4acb-9c59-5e8739efd5f4"
        ],
        "Accept-Language": [
          "en-US"
        ],
        "User-Agent": [
          "FxVersion/4.6.29916.01",
          "OSName/Windows",
          "OSVersion/Microsoft.Windows.10.0.19042.",
          "Microsoft.Azure.Management.ServiceFabricManagedClusters.ServiceFabricManagedClustersManagementClient/1.0.0.0"
        ],
        "Content-Type": [
          "application/json; charset=utf-8"
        ],
        "Content-Length": [
          "533"
        ]
      },
      "ResponseHeaders": {
        "Cache-Control": [
          "no-cache"
        ],
        "Pragma": [
          "no-cache"
        ],
        "X-Content-Type-Options": [
          "nosniff"
        ],
        "Azure-AsyncOperation": [
          "https://management.azure.com:443/subscriptions/b36cdf46-b75d-4dc2-9fe1-1296ee8c623d/providers/Microsoft.ServiceFabric/locations/southcentralus/managedclusteroperations/23d50005-4f3e-440e-b1fc-dc9c98b4921b?api-version=2021-05-01&Experiment=local"
        ],
        "Strict-Transport-Security": [
          "max-age=31536000; includeSubDomains"
        ],
        "Server": [
          "Microsoft-HTTPAPI/2.0,Microsoft-HTTPAPI/2.0 Microsoft-HTTPAPI/2.0 Microsoft-HTTPAPI/2.0"
        ],
        "x-ms-ratelimit-remaining-subscription-writes": [
          "1199"
        ],
        "x-ms-request-id": [
          "57cb721a-3303-4777-b1d5-7f06e46dbc3b"
        ],
        "x-ms-correlation-request-id": [
          "57cb721a-3303-4777-b1d5-7f06e46dbc3b"
        ],
        "x-ms-routing-request-id": [
          "WESTCENTRALUS:20210422T024337Z:57cb721a-3303-4777-b1d5-7f06e46dbc3b"
        ],
        "Date": [
          "Thu, 22 Apr 2021 02:43:36 GMT"
        ],
        "Content-Length": [
          "970"
        ],
        "Content-Type": [
          "application/json; charset=utf-8"
        ],
        "Expires": [
          "-1"
        ]
      },
      "ResponseBody": "{\r\n  \"id\": \"/subscriptions/b36cdf46-b75d-4dc2-9fe1-1296ee8c623d/resourcegroups/sfmcps-rg-ps1864/providers/Microsoft.ServiceFabric/managedClusters/sfmcps-ps1078\",\r\n  \"type\": \"Microsoft.ServiceFabric/managedclusters\",\r\n  \"location\": \"southcentralus\",\r\n  \"name\": \"sfmcps-ps1078\",\r\n  \"tags\": {},\r\n  \"sku\": {\r\n    \"name\": \"Standard\"\r\n  },\r\n  \"properties\": {\r\n    \"provisioningState\": \"Creating\",\r\n    \"clusterId\": \"b00c5bef-12c2-4893-af84-aaaeb6c21990\",\r\n    \"clusterUpgradeMode\": \"Automatic\",\r\n    \"clusterUpgradeCadence\": \"Wave0\",\r\n    \"adminUserName\": \"vmadmin\",\r\n    \"dnsName\": \"sfmcps-ps1078\",\r\n    \"clusterCertificateThumbprints\": [\r\n      null\r\n    ],\r\n    \"clientConnectionPort\": 19000,\r\n    \"httpGatewayConnectionPort\": 19080,\r\n    \"allowRdpAccess\": false,\r\n    \"clients\": [\r\n      {\r\n        \"isAdmin\": false,\r\n        \"thumbprint\": \"123BDACDCDFB2C7B250192C6078E47D1E1DB119B\"\r\n      }\r\n    ],\r\n    \"enableAutoOSUpgrade\": false,\r\n    \"zonalResiliency\": false\r\n  }\r\n}",
      "StatusCode": 200
    },
    {
      "RequestUri": "/subscriptions/b36cdf46-b75d-4dc2-9fe1-1296ee8c623d/providers/Microsoft.ServiceFabric/locations/southcentralus/managedclusteroperations/23d50005-4f3e-440e-b1fc-dc9c98b4921b?api-version=2021-05-01&Experiment=local",
      "EncodedRequestUri": "L3N1YnNjcmlwdGlvbnMvYjM2Y2RmNDYtYjc1ZC00ZGMyLTlmZTEtMTI5NmVlOGM2MjNkL3Byb3ZpZGVycy9NaWNyb3NvZnQuU2VydmljZUZhYnJpYy9sb2NhdGlvbnMvc291dGhjZW50cmFsdXMvbWFuYWdlZGNsdXN0ZXJvcGVyYXRpb25zLzIzZDUwMDA1LTRmM2UtNDQwZS1iMWZjLWRjOWM5OGI0OTIxYj9hcGktdmVyc2lvbj0yMDIxLTA1LTAxJkV4cGVyaW1lbnQ9bG9jYWw=",
      "RequestMethod": "GET",
      "RequestBody": "",
      "RequestHeaders": {
        "x-ms-client-request-id": [
          "1eed5423-f9f9-4acb-9c59-5e8739efd5f4"
        ],
        "User-Agent": [
          "FxVersion/4.6.29916.01",
          "OSName/Windows",
          "OSVersion/Microsoft.Windows.10.0.19042.",
          "Microsoft.Azure.Management.ServiceFabricManagedClusters.ServiceFabricManagedClustersManagementClient/1.0.0.0"
        ]
      },
      "ResponseHeaders": {
        "Cache-Control": [
          "no-cache"
        ],
        "Pragma": [
          "no-cache"
        ],
        "Strict-Transport-Security": [
          "max-age=31536000; includeSubDomains"
        ],
        "X-Content-Type-Options": [
          "nosniff"
        ],
        "Server": [
          "Microsoft-HTTPAPI/2.0,Microsoft-HTTPAPI/2.0 Microsoft-HTTPAPI/2.0"
        ],
        "x-ms-ratelimit-remaining-subscription-reads": [
          "11893"
        ],
        "x-ms-request-id": [
          "3e8a7ac9-4c2d-486e-85b9-d530684ccfb9"
        ],
        "x-ms-correlation-request-id": [
          "3e8a7ac9-4c2d-486e-85b9-d530684ccfb9"
        ],
        "x-ms-routing-request-id": [
          "WESTCENTRALUS:20210422T024357Z:3e8a7ac9-4c2d-486e-85b9-d530684ccfb9"
        ],
        "Date": [
          "Thu, 22 Apr 2021 02:43:56 GMT"
        ],
        "Content-Length": [
          "191"
        ],
        "Content-Type": [
          "application/json; charset=utf-8"
        ],
        "Expires": [
          "-1"
        ]
      },
      "ResponseBody": "{\r\n  \"name\": \"23d50005-4f3e-440e-b1fc-dc9c98b4921b\",\r\n  \"startTime\": \"2021-04-22T02:43:36.6399776Z\",\r\n  \"endTime\": \"0001-01-01T00:00:00\",\r\n  \"percentComplete\": 30.0,\r\n  \"status\": \"Created\"\r\n}",
      "StatusCode": 200
    },
    {
      "RequestUri": "/subscriptions/b36cdf46-b75d-4dc2-9fe1-1296ee8c623d/providers/Microsoft.ServiceFabric/locations/southcentralus/managedclusteroperations/23d50005-4f3e-440e-b1fc-dc9c98b4921b?api-version=2021-05-01&Experiment=local",
      "EncodedRequestUri": "L3N1YnNjcmlwdGlvbnMvYjM2Y2RmNDYtYjc1ZC00ZGMyLTlmZTEtMTI5NmVlOGM2MjNkL3Byb3ZpZGVycy9NaWNyb3NvZnQuU2VydmljZUZhYnJpYy9sb2NhdGlvbnMvc291dGhjZW50cmFsdXMvbWFuYWdlZGNsdXN0ZXJvcGVyYXRpb25zLzIzZDUwMDA1LTRmM2UtNDQwZS1iMWZjLWRjOWM5OGI0OTIxYj9hcGktdmVyc2lvbj0yMDIxLTA1LTAxJkV4cGVyaW1lbnQ9bG9jYWw=",
      "RequestMethod": "GET",
      "RequestBody": "",
      "RequestHeaders": {
        "x-ms-client-request-id": [
          "1eed5423-f9f9-4acb-9c59-5e8739efd5f4"
        ],
        "User-Agent": [
          "FxVersion/4.6.29916.01",
          "OSName/Windows",
          "OSVersion/Microsoft.Windows.10.0.19042.",
          "Microsoft.Azure.Management.ServiceFabricManagedClusters.ServiceFabricManagedClustersManagementClient/1.0.0.0"
        ]
      },
      "ResponseHeaders": {
        "Cache-Control": [
          "no-cache"
        ],
        "Pragma": [
          "no-cache"
        ],
        "Strict-Transport-Security": [
          "max-age=31536000; includeSubDomains"
        ],
        "X-Content-Type-Options": [
          "nosniff"
        ],
        "Server": [
          "Microsoft-HTTPAPI/2.0,Microsoft-HTTPAPI/2.0 Microsoft-HTTPAPI/2.0"
        ],
        "x-ms-ratelimit-remaining-subscription-reads": [
          "11890"
        ],
        "x-ms-request-id": [
          "fe16d884-25ab-453e-88d8-37a98765e4af"
        ],
        "x-ms-correlation-request-id": [
          "fe16d884-25ab-453e-88d8-37a98765e4af"
        ],
        "x-ms-routing-request-id": [
          "WESTCENTRALUS:20210422T024417Z:fe16d884-25ab-453e-88d8-37a98765e4af"
        ],
        "Date": [
          "Thu, 22 Apr 2021 02:44:16 GMT"
        ],
        "Content-Length": [
          "191"
        ],
        "Content-Type": [
          "application/json; charset=utf-8"
        ],
        "Expires": [
          "-1"
        ]
      },
      "ResponseBody": "{\r\n  \"name\": \"23d50005-4f3e-440e-b1fc-dc9c98b4921b\",\r\n  \"startTime\": \"2021-04-22T02:43:36.6399776Z\",\r\n  \"endTime\": \"0001-01-01T00:00:00\",\r\n  \"percentComplete\": 30.0,\r\n  \"status\": \"Created\"\r\n}",
      "StatusCode": 200
    },
    {
      "RequestUri": "/subscriptions/b36cdf46-b75d-4dc2-9fe1-1296ee8c623d/providers/Microsoft.ServiceFabric/locations/southcentralus/managedclusteroperations/23d50005-4f3e-440e-b1fc-dc9c98b4921b?api-version=2021-05-01&Experiment=local",
      "EncodedRequestUri": "L3N1YnNjcmlwdGlvbnMvYjM2Y2RmNDYtYjc1ZC00ZGMyLTlmZTEtMTI5NmVlOGM2MjNkL3Byb3ZpZGVycy9NaWNyb3NvZnQuU2VydmljZUZhYnJpYy9sb2NhdGlvbnMvc291dGhjZW50cmFsdXMvbWFuYWdlZGNsdXN0ZXJvcGVyYXRpb25zLzIzZDUwMDA1LTRmM2UtNDQwZS1iMWZjLWRjOWM5OGI0OTIxYj9hcGktdmVyc2lvbj0yMDIxLTA1LTAxJkV4cGVyaW1lbnQ9bG9jYWw=",
      "RequestMethod": "GET",
      "RequestBody": "",
      "RequestHeaders": {
        "x-ms-client-request-id": [
          "1eed5423-f9f9-4acb-9c59-5e8739efd5f4"
        ],
        "User-Agent": [
          "FxVersion/4.6.29916.01",
          "OSName/Windows",
          "OSVersion/Microsoft.Windows.10.0.19042.",
          "Microsoft.Azure.Management.ServiceFabricManagedClusters.ServiceFabricManagedClustersManagementClient/1.0.0.0"
        ]
      },
      "ResponseHeaders": {
        "Cache-Control": [
          "no-cache"
        ],
        "Pragma": [
          "no-cache"
        ],
        "Strict-Transport-Security": [
          "max-age=31536000; includeSubDomains"
        ],
        "X-Content-Type-Options": [
          "nosniff"
        ],
        "Server": [
          "Microsoft-HTTPAPI/2.0,Microsoft-HTTPAPI/2.0 Microsoft-HTTPAPI/2.0"
        ],
        "x-ms-ratelimit-remaining-subscription-reads": [
          "11887"
        ],
        "x-ms-request-id": [
          "646ab50b-41b0-42da-b3df-190978f8ff65"
        ],
        "x-ms-correlation-request-id": [
          "646ab50b-41b0-42da-b3df-190978f8ff65"
        ],
        "x-ms-routing-request-id": [
          "WESTCENTRALUS:20210422T024437Z:646ab50b-41b0-42da-b3df-190978f8ff65"
        ],
        "Date": [
          "Thu, 22 Apr 2021 02:44:36 GMT"
        ],
        "Content-Length": [
          "191"
        ],
        "Content-Type": [
          "application/json; charset=utf-8"
        ],
        "Expires": [
          "-1"
        ]
      },
      "ResponseBody": "{\r\n  \"name\": \"23d50005-4f3e-440e-b1fc-dc9c98b4921b\",\r\n  \"startTime\": \"2021-04-22T02:43:36.6399776Z\",\r\n  \"endTime\": \"0001-01-01T00:00:00\",\r\n  \"percentComplete\": 30.0,\r\n  \"status\": \"Created\"\r\n}",
      "StatusCode": 200
    },
    {
      "RequestUri": "/subscriptions/b36cdf46-b75d-4dc2-9fe1-1296ee8c623d/providers/Microsoft.ServiceFabric/locations/southcentralus/managedclusteroperations/23d50005-4f3e-440e-b1fc-dc9c98b4921b?api-version=2021-05-01&Experiment=local",
      "EncodedRequestUri": "L3N1YnNjcmlwdGlvbnMvYjM2Y2RmNDYtYjc1ZC00ZGMyLTlmZTEtMTI5NmVlOGM2MjNkL3Byb3ZpZGVycy9NaWNyb3NvZnQuU2VydmljZUZhYnJpYy9sb2NhdGlvbnMvc291dGhjZW50cmFsdXMvbWFuYWdlZGNsdXN0ZXJvcGVyYXRpb25zLzIzZDUwMDA1LTRmM2UtNDQwZS1iMWZjLWRjOWM5OGI0OTIxYj9hcGktdmVyc2lvbj0yMDIxLTA1LTAxJkV4cGVyaW1lbnQ9bG9jYWw=",
      "RequestMethod": "GET",
      "RequestBody": "",
      "RequestHeaders": {
        "x-ms-client-request-id": [
          "1eed5423-f9f9-4acb-9c59-5e8739efd5f4"
        ],
        "User-Agent": [
          "FxVersion/4.6.29916.01",
          "OSName/Windows",
          "OSVersion/Microsoft.Windows.10.0.19042.",
          "Microsoft.Azure.Management.ServiceFabricManagedClusters.ServiceFabricManagedClustersManagementClient/1.0.0.0"
        ]
      },
      "ResponseHeaders": {
        "Cache-Control": [
          "no-cache"
        ],
        "Pragma": [
          "no-cache"
        ],
        "Strict-Transport-Security": [
          "max-age=31536000; includeSubDomains"
        ],
        "X-Content-Type-Options": [
          "nosniff"
        ],
        "Server": [
          "Microsoft-HTTPAPI/2.0,Microsoft-HTTPAPI/2.0 Microsoft-HTTPAPI/2.0"
        ],
        "x-ms-ratelimit-remaining-subscription-reads": [
          "11884"
        ],
        "x-ms-request-id": [
          "acccff7e-429f-406d-962e-4f860e6f3226"
        ],
        "x-ms-correlation-request-id": [
          "acccff7e-429f-406d-962e-4f860e6f3226"
        ],
        "x-ms-routing-request-id": [
          "WESTCENTRALUS:20210422T024457Z:acccff7e-429f-406d-962e-4f860e6f3226"
        ],
        "Date": [
          "Thu, 22 Apr 2021 02:44:57 GMT"
        ],
        "Content-Length": [
          "191"
        ],
        "Content-Type": [
          "application/json; charset=utf-8"
        ],
        "Expires": [
          "-1"
        ]
      },
      "ResponseBody": "{\r\n  \"name\": \"23d50005-4f3e-440e-b1fc-dc9c98b4921b\",\r\n  \"startTime\": \"2021-04-22T02:43:36.6399776Z\",\r\n  \"endTime\": \"0001-01-01T00:00:00\",\r\n  \"percentComplete\": 40.0,\r\n  \"status\": \"Created\"\r\n}",
      "StatusCode": 200
    },
    {
      "RequestUri": "/subscriptions/b36cdf46-b75d-4dc2-9fe1-1296ee8c623d/providers/Microsoft.ServiceFabric/locations/southcentralus/managedclusteroperations/23d50005-4f3e-440e-b1fc-dc9c98b4921b?api-version=2021-05-01&Experiment=local",
      "EncodedRequestUri": "L3N1YnNjcmlwdGlvbnMvYjM2Y2RmNDYtYjc1ZC00ZGMyLTlmZTEtMTI5NmVlOGM2MjNkL3Byb3ZpZGVycy9NaWNyb3NvZnQuU2VydmljZUZhYnJpYy9sb2NhdGlvbnMvc291dGhjZW50cmFsdXMvbWFuYWdlZGNsdXN0ZXJvcGVyYXRpb25zLzIzZDUwMDA1LTRmM2UtNDQwZS1iMWZjLWRjOWM5OGI0OTIxYj9hcGktdmVyc2lvbj0yMDIxLTA1LTAxJkV4cGVyaW1lbnQ9bG9jYWw=",
      "RequestMethod": "GET",
      "RequestBody": "",
      "RequestHeaders": {
        "x-ms-client-request-id": [
          "1eed5423-f9f9-4acb-9c59-5e8739efd5f4"
        ],
        "User-Agent": [
          "FxVersion/4.6.29916.01",
          "OSName/Windows",
          "OSVersion/Microsoft.Windows.10.0.19042.",
          "Microsoft.Azure.Management.ServiceFabricManagedClusters.ServiceFabricManagedClustersManagementClient/1.0.0.0"
        ]
      },
      "ResponseHeaders": {
        "Cache-Control": [
          "no-cache"
        ],
        "Pragma": [
          "no-cache"
        ],
        "Strict-Transport-Security": [
          "max-age=31536000; includeSubDomains"
        ],
        "X-Content-Type-Options": [
          "nosniff"
        ],
        "Server": [
          "Microsoft-HTTPAPI/2.0,Microsoft-HTTPAPI/2.0 Microsoft-HTTPAPI/2.0"
        ],
        "x-ms-ratelimit-remaining-subscription-reads": [
          "11900"
        ],
        "x-ms-request-id": [
          "1200a51e-3687-48a3-8eaa-bf5dabae679d"
        ],
        "x-ms-correlation-request-id": [
          "1200a51e-3687-48a3-8eaa-bf5dabae679d"
        ],
        "x-ms-routing-request-id": [
          "WESTCENTRALUS:20210422T024517Z:1200a51e-3687-48a3-8eaa-bf5dabae679d"
        ],
        "Date": [
          "Thu, 22 Apr 2021 02:45:17 GMT"
        ],
        "Content-Length": [
          "191"
        ],
        "Content-Type": [
          "application/json; charset=utf-8"
        ],
        "Expires": [
          "-1"
        ]
      },
      "ResponseBody": "{\r\n  \"name\": \"23d50005-4f3e-440e-b1fc-dc9c98b4921b\",\r\n  \"startTime\": \"2021-04-22T02:43:36.6399776Z\",\r\n  \"endTime\": \"0001-01-01T00:00:00\",\r\n  \"percentComplete\": 40.0,\r\n  \"status\": \"Created\"\r\n}",
      "StatusCode": 200
    },
    {
      "RequestUri": "/subscriptions/b36cdf46-b75d-4dc2-9fe1-1296ee8c623d/providers/Microsoft.ServiceFabric/locations/southcentralus/managedclusteroperations/23d50005-4f3e-440e-b1fc-dc9c98b4921b?api-version=2021-05-01&Experiment=local",
      "EncodedRequestUri": "L3N1YnNjcmlwdGlvbnMvYjM2Y2RmNDYtYjc1ZC00ZGMyLTlmZTEtMTI5NmVlOGM2MjNkL3Byb3ZpZGVycy9NaWNyb3NvZnQuU2VydmljZUZhYnJpYy9sb2NhdGlvbnMvc291dGhjZW50cmFsdXMvbWFuYWdlZGNsdXN0ZXJvcGVyYXRpb25zLzIzZDUwMDA1LTRmM2UtNDQwZS1iMWZjLWRjOWM5OGI0OTIxYj9hcGktdmVyc2lvbj0yMDIxLTA1LTAxJkV4cGVyaW1lbnQ9bG9jYWw=",
      "RequestMethod": "GET",
      "RequestBody": "",
      "RequestHeaders": {
        "x-ms-client-request-id": [
          "1eed5423-f9f9-4acb-9c59-5e8739efd5f4"
        ],
        "User-Agent": [
          "FxVersion/4.6.29916.01",
          "OSName/Windows",
          "OSVersion/Microsoft.Windows.10.0.19042.",
          "Microsoft.Azure.Management.ServiceFabricManagedClusters.ServiceFabricManagedClustersManagementClient/1.0.0.0"
        ]
      },
      "ResponseHeaders": {
        "Cache-Control": [
          "no-cache"
        ],
        "Pragma": [
          "no-cache"
        ],
        "Strict-Transport-Security": [
          "max-age=31536000; includeSubDomains"
        ],
        "X-Content-Type-Options": [
          "nosniff"
        ],
        "Server": [
          "Microsoft-HTTPAPI/2.0,Microsoft-HTTPAPI/2.0 Microsoft-HTTPAPI/2.0"
        ],
        "x-ms-ratelimit-remaining-subscription-reads": [
          "11898"
        ],
        "x-ms-request-id": [
          "2e1d904a-dca2-409a-ac20-9408b3d1cc6e"
        ],
        "x-ms-correlation-request-id": [
          "2e1d904a-dca2-409a-ac20-9408b3d1cc6e"
        ],
        "x-ms-routing-request-id": [
          "WESTCENTRALUS:20210422T024537Z:2e1d904a-dca2-409a-ac20-9408b3d1cc6e"
        ],
        "Date": [
          "Thu, 22 Apr 2021 02:45:37 GMT"
        ],
        "Content-Length": [
          "191"
        ],
        "Content-Type": [
          "application/json; charset=utf-8"
        ],
        "Expires": [
          "-1"
        ]
      },
      "ResponseBody": "{\r\n  \"name\": \"23d50005-4f3e-440e-b1fc-dc9c98b4921b\",\r\n  \"startTime\": \"2021-04-22T02:43:36.6399776Z\",\r\n  \"endTime\": \"0001-01-01T00:00:00\",\r\n  \"percentComplete\": 40.0,\r\n  \"status\": \"Created\"\r\n}",
      "StatusCode": 200
    },
    {
      "RequestUri": "/subscriptions/b36cdf46-b75d-4dc2-9fe1-1296ee8c623d/providers/Microsoft.ServiceFabric/locations/southcentralus/managedclusteroperations/23d50005-4f3e-440e-b1fc-dc9c98b4921b?api-version=2021-05-01&Experiment=local",
      "EncodedRequestUri": "L3N1YnNjcmlwdGlvbnMvYjM2Y2RmNDYtYjc1ZC00ZGMyLTlmZTEtMTI5NmVlOGM2MjNkL3Byb3ZpZGVycy9NaWNyb3NvZnQuU2VydmljZUZhYnJpYy9sb2NhdGlvbnMvc291dGhjZW50cmFsdXMvbWFuYWdlZGNsdXN0ZXJvcGVyYXRpb25zLzIzZDUwMDA1LTRmM2UtNDQwZS1iMWZjLWRjOWM5OGI0OTIxYj9hcGktdmVyc2lvbj0yMDIxLTA1LTAxJkV4cGVyaW1lbnQ9bG9jYWw=",
      "RequestMethod": "GET",
      "RequestBody": "",
      "RequestHeaders": {
        "x-ms-client-request-id": [
          "1eed5423-f9f9-4acb-9c59-5e8739efd5f4"
        ],
        "User-Agent": [
          "FxVersion/4.6.29916.01",
          "OSName/Windows",
          "OSVersion/Microsoft.Windows.10.0.19042.",
          "Microsoft.Azure.Management.ServiceFabricManagedClusters.ServiceFabricManagedClustersManagementClient/1.0.0.0"
        ]
      },
      "ResponseHeaders": {
        "Cache-Control": [
          "no-cache"
        ],
        "Pragma": [
          "no-cache"
        ],
        "Strict-Transport-Security": [
          "max-age=31536000; includeSubDomains"
        ],
        "X-Content-Type-Options": [
          "nosniff"
        ],
        "Server": [
          "Microsoft-HTTPAPI/2.0,Microsoft-HTTPAPI/2.0 Microsoft-HTTPAPI/2.0"
        ],
        "x-ms-ratelimit-remaining-subscription-reads": [
          "11897"
        ],
        "x-ms-request-id": [
          "a4c25b2c-32ca-47c8-b4f9-10f81cbb6d54"
        ],
        "x-ms-correlation-request-id": [
          "a4c25b2c-32ca-47c8-b4f9-10f81cbb6d54"
        ],
        "x-ms-routing-request-id": [
          "WESTCENTRALUS:20210422T024557Z:a4c25b2c-32ca-47c8-b4f9-10f81cbb6d54"
        ],
        "Date": [
          "Thu, 22 Apr 2021 02:45:57 GMT"
        ],
        "Content-Length": [
          "191"
        ],
        "Content-Type": [
          "application/json; charset=utf-8"
        ],
        "Expires": [
          "-1"
        ]
      },
      "ResponseBody": "{\r\n  \"name\": \"23d50005-4f3e-440e-b1fc-dc9c98b4921b\",\r\n  \"startTime\": \"2021-04-22T02:43:36.6399776Z\",\r\n  \"endTime\": \"0001-01-01T00:00:00\",\r\n  \"percentComplete\": 40.0,\r\n  \"status\": \"Created\"\r\n}",
      "StatusCode": 200
    },
    {
      "RequestUri": "/subscriptions/b36cdf46-b75d-4dc2-9fe1-1296ee8c623d/providers/Microsoft.ServiceFabric/locations/southcentralus/managedclusteroperations/23d50005-4f3e-440e-b1fc-dc9c98b4921b?api-version=2021-05-01&Experiment=local",
      "EncodedRequestUri": "L3N1YnNjcmlwdGlvbnMvYjM2Y2RmNDYtYjc1ZC00ZGMyLTlmZTEtMTI5NmVlOGM2MjNkL3Byb3ZpZGVycy9NaWNyb3NvZnQuU2VydmljZUZhYnJpYy9sb2NhdGlvbnMvc291dGhjZW50cmFsdXMvbWFuYWdlZGNsdXN0ZXJvcGVyYXRpb25zLzIzZDUwMDA1LTRmM2UtNDQwZS1iMWZjLWRjOWM5OGI0OTIxYj9hcGktdmVyc2lvbj0yMDIxLTA1LTAxJkV4cGVyaW1lbnQ9bG9jYWw=",
      "RequestMethod": "GET",
      "RequestBody": "",
      "RequestHeaders": {
        "x-ms-client-request-id": [
          "1eed5423-f9f9-4acb-9c59-5e8739efd5f4"
        ],
        "User-Agent": [
          "FxVersion/4.6.29916.01",
          "OSName/Windows",
          "OSVersion/Microsoft.Windows.10.0.19042.",
          "Microsoft.Azure.Management.ServiceFabricManagedClusters.ServiceFabricManagedClustersManagementClient/1.0.0.0"
        ]
      },
      "ResponseHeaders": {
        "Cache-Control": [
          "no-cache"
        ],
        "Pragma": [
          "no-cache"
        ],
        "Strict-Transport-Security": [
          "max-age=31536000; includeSubDomains"
        ],
        "X-Content-Type-Options": [
          "nosniff"
        ],
        "Server": [
          "Microsoft-HTTPAPI/2.0,Microsoft-HTTPAPI/2.0 Microsoft-HTTPAPI/2.0"
        ],
        "x-ms-ratelimit-remaining-subscription-reads": [
          "11893"
        ],
        "x-ms-request-id": [
          "f3fedcb7-ee65-4d9a-b8e2-2ac0d88ef45c"
        ],
        "x-ms-correlation-request-id": [
          "f3fedcb7-ee65-4d9a-b8e2-2ac0d88ef45c"
        ],
        "x-ms-routing-request-id": [
          "WESTCENTRALUS:20210422T024617Z:f3fedcb7-ee65-4d9a-b8e2-2ac0d88ef45c"
        ],
        "Date": [
          "Thu, 22 Apr 2021 02:46:17 GMT"
        ],
        "Content-Length": [
          "191"
        ],
        "Content-Type": [
          "application/json; charset=utf-8"
        ],
        "Expires": [
          "-1"
        ]
      },
      "ResponseBody": "{\r\n  \"name\": \"23d50005-4f3e-440e-b1fc-dc9c98b4921b\",\r\n  \"startTime\": \"2021-04-22T02:43:36.6399776Z\",\r\n  \"endTime\": \"0001-01-01T00:00:00\",\r\n  \"percentComplete\": 40.0,\r\n  \"status\": \"Created\"\r\n}",
      "StatusCode": 200
    },
    {
      "RequestUri": "/subscriptions/b36cdf46-b75d-4dc2-9fe1-1296ee8c623d/providers/Microsoft.ServiceFabric/locations/southcentralus/managedclusteroperations/23d50005-4f3e-440e-b1fc-dc9c98b4921b?api-version=2021-05-01&Experiment=local",
      "EncodedRequestUri": "L3N1YnNjcmlwdGlvbnMvYjM2Y2RmNDYtYjc1ZC00ZGMyLTlmZTEtMTI5NmVlOGM2MjNkL3Byb3ZpZGVycy9NaWNyb3NvZnQuU2VydmljZUZhYnJpYy9sb2NhdGlvbnMvc291dGhjZW50cmFsdXMvbWFuYWdlZGNsdXN0ZXJvcGVyYXRpb25zLzIzZDUwMDA1LTRmM2UtNDQwZS1iMWZjLWRjOWM5OGI0OTIxYj9hcGktdmVyc2lvbj0yMDIxLTA1LTAxJkV4cGVyaW1lbnQ9bG9jYWw=",
      "RequestMethod": "GET",
      "RequestBody": "",
      "RequestHeaders": {
        "x-ms-client-request-id": [
          "1eed5423-f9f9-4acb-9c59-5e8739efd5f4"
        ],
        "User-Agent": [
          "FxVersion/4.6.29916.01",
          "OSName/Windows",
          "OSVersion/Microsoft.Windows.10.0.19042.",
          "Microsoft.Azure.Management.ServiceFabricManagedClusters.ServiceFabricManagedClustersManagementClient/1.0.0.0"
        ]
      },
      "ResponseHeaders": {
        "Cache-Control": [
          "no-cache"
        ],
        "Pragma": [
          "no-cache"
        ],
        "Strict-Transport-Security": [
          "max-age=31536000; includeSubDomains"
        ],
        "X-Content-Type-Options": [
          "nosniff"
        ],
        "Server": [
          "Microsoft-HTTPAPI/2.0,Microsoft-HTTPAPI/2.0 Microsoft-HTTPAPI/2.0"
        ],
        "x-ms-ratelimit-remaining-subscription-reads": [
          "11892"
        ],
        "x-ms-request-id": [
          "e828699d-ea7c-4baf-9426-01fce2e0f17e"
        ],
        "x-ms-correlation-request-id": [
          "e828699d-ea7c-4baf-9426-01fce2e0f17e"
        ],
        "x-ms-routing-request-id": [
          "WESTCENTRALUS:20210422T024637Z:e828699d-ea7c-4baf-9426-01fce2e0f17e"
        ],
        "Date": [
          "Thu, 22 Apr 2021 02:46:37 GMT"
        ],
        "Content-Length": [
          "191"
        ],
        "Content-Type": [
          "application/json; charset=utf-8"
        ],
        "Expires": [
          "-1"
        ]
      },
      "ResponseBody": "{\r\n  \"name\": \"23d50005-4f3e-440e-b1fc-dc9c98b4921b\",\r\n  \"startTime\": \"2021-04-22T02:43:36.6399776Z\",\r\n  \"endTime\": \"0001-01-01T00:00:00\",\r\n  \"percentComplete\": 51.0,\r\n  \"status\": \"Created\"\r\n}",
      "StatusCode": 200
    },
    {
      "RequestUri": "/subscriptions/b36cdf46-b75d-4dc2-9fe1-1296ee8c623d/providers/Microsoft.ServiceFabric/locations/southcentralus/managedclusteroperations/23d50005-4f3e-440e-b1fc-dc9c98b4921b?api-version=2021-05-01&Experiment=local",
      "EncodedRequestUri": "L3N1YnNjcmlwdGlvbnMvYjM2Y2RmNDYtYjc1ZC00ZGMyLTlmZTEtMTI5NmVlOGM2MjNkL3Byb3ZpZGVycy9NaWNyb3NvZnQuU2VydmljZUZhYnJpYy9sb2NhdGlvbnMvc291dGhjZW50cmFsdXMvbWFuYWdlZGNsdXN0ZXJvcGVyYXRpb25zLzIzZDUwMDA1LTRmM2UtNDQwZS1iMWZjLWRjOWM5OGI0OTIxYj9hcGktdmVyc2lvbj0yMDIxLTA1LTAxJkV4cGVyaW1lbnQ9bG9jYWw=",
      "RequestMethod": "GET",
      "RequestBody": "",
      "RequestHeaders": {
        "x-ms-client-request-id": [
          "1eed5423-f9f9-4acb-9c59-5e8739efd5f4"
        ],
        "User-Agent": [
          "FxVersion/4.6.29916.01",
          "OSName/Windows",
          "OSVersion/Microsoft.Windows.10.0.19042.",
          "Microsoft.Azure.Management.ServiceFabricManagedClusters.ServiceFabricManagedClustersManagementClient/1.0.0.0"
        ]
      },
      "ResponseHeaders": {
        "Cache-Control": [
          "no-cache"
        ],
        "Pragma": [
          "no-cache"
        ],
        "Strict-Transport-Security": [
          "max-age=31536000; includeSubDomains"
        ],
        "X-Content-Type-Options": [
          "nosniff"
        ],
        "Server": [
          "Microsoft-HTTPAPI/2.0,Microsoft-HTTPAPI/2.0 Microsoft-HTTPAPI/2.0"
        ],
        "x-ms-ratelimit-remaining-subscription-reads": [
          "11890"
        ],
        "x-ms-request-id": [
          "a53cb5c0-05b3-4eb3-b841-083c4660bd6e"
        ],
        "x-ms-correlation-request-id": [
          "a53cb5c0-05b3-4eb3-b841-083c4660bd6e"
        ],
        "x-ms-routing-request-id": [
          "WESTCENTRALUS:20210422T024658Z:a53cb5c0-05b3-4eb3-b841-083c4660bd6e"
        ],
        "Date": [
          "Thu, 22 Apr 2021 02:46:57 GMT"
        ],
        "Content-Length": [
          "191"
        ],
        "Content-Type": [
          "application/json; charset=utf-8"
        ],
        "Expires": [
          "-1"
        ]
      },
      "ResponseBody": "{\r\n  \"name\": \"23d50005-4f3e-440e-b1fc-dc9c98b4921b\",\r\n  \"startTime\": \"2021-04-22T02:43:36.6399776Z\",\r\n  \"endTime\": \"0001-01-01T00:00:00\",\r\n  \"percentComplete\": 51.0,\r\n  \"status\": \"Created\"\r\n}",
      "StatusCode": 200
    },
    {
      "RequestUri": "/subscriptions/b36cdf46-b75d-4dc2-9fe1-1296ee8c623d/providers/Microsoft.ServiceFabric/locations/southcentralus/managedclusteroperations/23d50005-4f3e-440e-b1fc-dc9c98b4921b?api-version=2021-05-01&Experiment=local",
      "EncodedRequestUri": "L3N1YnNjcmlwdGlvbnMvYjM2Y2RmNDYtYjc1ZC00ZGMyLTlmZTEtMTI5NmVlOGM2MjNkL3Byb3ZpZGVycy9NaWNyb3NvZnQuU2VydmljZUZhYnJpYy9sb2NhdGlvbnMvc291dGhjZW50cmFsdXMvbWFuYWdlZGNsdXN0ZXJvcGVyYXRpb25zLzIzZDUwMDA1LTRmM2UtNDQwZS1iMWZjLWRjOWM5OGI0OTIxYj9hcGktdmVyc2lvbj0yMDIxLTA1LTAxJkV4cGVyaW1lbnQ9bG9jYWw=",
      "RequestMethod": "GET",
      "RequestBody": "",
      "RequestHeaders": {
        "x-ms-client-request-id": [
          "1eed5423-f9f9-4acb-9c59-5e8739efd5f4"
        ],
        "User-Agent": [
          "FxVersion/4.6.29916.01",
          "OSName/Windows",
          "OSVersion/Microsoft.Windows.10.0.19042.",
          "Microsoft.Azure.Management.ServiceFabricManagedClusters.ServiceFabricManagedClustersManagementClient/1.0.0.0"
        ]
      },
      "ResponseHeaders": {
        "Cache-Control": [
          "no-cache"
        ],
        "Pragma": [
          "no-cache"
        ],
        "Strict-Transport-Security": [
          "max-age=31536000; includeSubDomains"
        ],
        "X-Content-Type-Options": [
          "nosniff"
        ],
        "Server": [
          "Microsoft-HTTPAPI/2.0,Microsoft-HTTPAPI/2.0 Microsoft-HTTPAPI/2.0"
        ],
        "x-ms-ratelimit-remaining-subscription-reads": [
          "11886"
        ],
        "x-ms-request-id": [
          "170ddd19-4990-483d-b11f-18b38763c233"
        ],
        "x-ms-correlation-request-id": [
          "170ddd19-4990-483d-b11f-18b38763c233"
        ],
        "x-ms-routing-request-id": [
          "WESTCENTRALUS:20210422T024718Z:170ddd19-4990-483d-b11f-18b38763c233"
        ],
        "Date": [
          "Thu, 22 Apr 2021 02:47:17 GMT"
        ],
        "Content-Length": [
          "203"
        ],
        "Content-Type": [
          "application/json; charset=utf-8"
        ],
        "Expires": [
          "-1"
        ]
      },
      "ResponseBody": "{\r\n  \"name\": \"23d50005-4f3e-440e-b1fc-dc9c98b4921b\",\r\n  \"startTime\": \"2021-04-22T02:43:36.6399776Z\",\r\n  \"endTime\": \"2021-04-22T02:47:04.6460648Z\",\r\n  \"percentComplete\": 100.0,\r\n  \"status\": \"Succeeded\"\r\n}",
      "StatusCode": 200
    },
    {
      "RequestUri": "/subscriptions/b36cdf46-b75d-4dc2-9fe1-1296ee8c623d/resourceGroups/sfmcps-rg-ps1864/providers/Microsoft.ServiceFabric/managedClusters/sfmcps-ps1078/nodeTypes/pnt?api-version=2021-05-01",
      "EncodedRequestUri": "L3N1YnNjcmlwdGlvbnMvYjM2Y2RmNDYtYjc1ZC00ZGMyLTlmZTEtMTI5NmVlOGM2MjNkL3Jlc291cmNlR3JvdXBzL3NmbWNwcy1yZy1wczE4NjQvcHJvdmlkZXJzL01pY3Jvc29mdC5TZXJ2aWNlRmFicmljL21hbmFnZWRDbHVzdGVycy9zZm1jcHMtcHMxMDc4L25vZGVUeXBlcy9wbnQ/YXBpLXZlcnNpb249MjAyMS0wNS0wMQ==",
      "RequestMethod": "GET",
      "RequestBody": "",
      "RequestHeaders": {
        "x-ms-client-request-id": [
          "66e5bad1-83d8-4f55-aa53-4850f50417d1"
        ],
        "Accept-Language": [
          "en-US"
        ],
        "User-Agent": [
          "FxVersion/4.6.29916.01",
          "OSName/Windows",
          "OSVersion/Microsoft.Windows.10.0.19042.",
          "Microsoft.Azure.Management.ServiceFabricManagedClusters.ServiceFabricManagedClustersManagementClient/1.0.0.0"
        ]
      },
      "ResponseHeaders": {
        "Cache-Control": [
          "no-cache"
        ],
        "Pragma": [
          "no-cache"
        ],
        "Strict-Transport-Security": [
          "max-age=31536000; includeSubDomains"
        ],
        "X-Content-Type-Options": [
          "nosniff"
        ],
        "Server": [
          "Microsoft-HTTPAPI/2.0,Microsoft-HTTPAPI/2.0 Microsoft-HTTPAPI/2.0"
        ],
        "x-ms-ratelimit-remaining-subscription-reads": [
          "11884"
        ],
        "x-ms-request-id": [
          "c5dafa8d-3b0b-4947-9d2b-f021145147ce"
        ],
        "x-ms-correlation-request-id": [
          "c5dafa8d-3b0b-4947-9d2b-f021145147ce"
        ],
        "x-ms-routing-request-id": [
          "WESTCENTRALUS:20210422T024718Z:c5dafa8d-3b0b-4947-9d2b-f021145147ce"
        ],
        "Date": [
          "Thu, 22 Apr 2021 02:47:18 GMT"
        ],
        "Content-Length": [
          "139"
        ],
        "Content-Type": [
          "application/json; charset=utf-8"
        ],
        "Expires": [
          "-1"
        ]
      },
      "ResponseBody": "{\r\n  \"error\": {\r\n    \"code\": \"NotFound\",\r\n    \"message\": \"GetEntityFromTable: the NodeTypeData b00c5bef-12c2-4893-af84-aaaeb6c21990_pnt could not be found.\"\r\n  }\r\n}",
      "StatusCode": 404
    },
    {
      "RequestUri": "/subscriptions/b36cdf46-b75d-4dc2-9fe1-1296ee8c623d/resourceGroups/sfmcps-rg-ps1864/providers/Microsoft.ServiceFabric/managedClusters/sfmcps-ps1078/nodeTypes/pnt?api-version=2021-05-01",
      "EncodedRequestUri": "L3N1YnNjcmlwdGlvbnMvYjM2Y2RmNDYtYjc1ZC00ZGMyLTlmZTEtMTI5NmVlOGM2MjNkL3Jlc291cmNlR3JvdXBzL3NmbWNwcy1yZy1wczE4NjQvcHJvdmlkZXJzL01pY3Jvc29mdC5TZXJ2aWNlRmFicmljL21hbmFnZWRDbHVzdGVycy9zZm1jcHMtcHMxMDc4L25vZGVUeXBlcy9wbnQ/YXBpLXZlcnNpb249MjAyMS0wNS0wMQ==",
      "RequestMethod": "GET",
      "RequestBody": "",
      "RequestHeaders": {
        "User-Agent": [
          "FxVersion/4.6.29916.01",
          "OSName/Windows",
          "OSVersion/Microsoft.Windows.10.0.19042.",
          "Microsoft.Azure.Management.ServiceFabricManagedClusters.ServiceFabricManagedClustersManagementClient/1.0.0.0"
        ]
      },
      "ResponseHeaders": {
        "Cache-Control": [
          "no-cache"
        ],
        "Pragma": [
          "no-cache"
        ],
        "Strict-Transport-Security": [
          "max-age=31536000; includeSubDomains"
        ],
        "X-Content-Type-Options": [
          "nosniff"
        ],
        "Server": [
          "Microsoft-HTTPAPI/2.0,Microsoft-HTTPAPI/2.0 Microsoft-HTTPAPI/2.0"
        ],
        "x-ms-ratelimit-remaining-subscription-reads": [
          "11849"
        ],
        "x-ms-request-id": [
          "920e86c5-f687-42ae-a8eb-2cfda53bcd47"
        ],
        "x-ms-correlation-request-id": [
          "920e86c5-f687-42ae-a8eb-2cfda53bcd47"
        ],
        "x-ms-routing-request-id": [
          "WESTCENTRALUS:20210422T025421Z:920e86c5-f687-42ae-a8eb-2cfda53bcd47"
        ],
        "Date": [
          "Thu, 22 Apr 2021 02:54:20 GMT"
        ],
        "Content-Length": [
          "764"
        ],
        "Content-Type": [
          "application/json; charset=utf-8"
        ],
        "Expires": [
          "-1"
        ]
      },
      "ResponseBody": "{\r\n  \"id\": \"/subscriptions/b36cdf46-b75d-4dc2-9fe1-1296ee8c623d/resourcegroups/sfmcps-rg-ps1864/providers/Microsoft.ServiceFabric/managedClusters/sfmcps-ps1078/nodetypes/pnt\",\r\n  \"type\": \"Microsoft.ServiceFabric/managedclusters/nodetypes\",\r\n  \"location\": \"southcentralus\",\r\n  \"name\": \"pnt\",\r\n  \"tags\": {},\r\n  \"properties\": {\r\n    \"provisioningState\": \"Succeeded\",\r\n    \"isPrimary\": true,\r\n    \"vmImagePublisher\": \"MicrosoftWindowsServer\",\r\n    \"vmImageOffer\": \"WindowsServer\",\r\n    \"vmImageSku\": \"2019-Datacenter\",\r\n    \"vmImageVersion\": \"latest\",\r\n    \"vmSize\": \"Standard_D2_v2\",\r\n    \"vmInstanceCount\": 5,\r\n    \"dataDiskSizeGB\": 100,\r\n    \"dataDiskType\": \"StandardSSD_LRS\",\r\n    \"placementProperties\": {},\r\n    \"capacities\": {},\r\n    \"isStateless\": false\r\n  }\r\n}",
      "StatusCode": 200
    },
    {
      "RequestUri": "/subscriptions/b36cdf46-b75d-4dc2-9fe1-1296ee8c623d/resourceGroups/sfmcps-rg-ps1864/providers/Microsoft.ServiceFabric/managedClusters/sfmcps-ps1078/nodeTypes/pnt?api-version=2021-05-01",
      "EncodedRequestUri": "L3N1YnNjcmlwdGlvbnMvYjM2Y2RmNDYtYjc1ZC00ZGMyLTlmZTEtMTI5NmVlOGM2MjNkL3Jlc291cmNlR3JvdXBzL3NmbWNwcy1yZy1wczE4NjQvcHJvdmlkZXJzL01pY3Jvc29mdC5TZXJ2aWNlRmFicmljL21hbmFnZWRDbHVzdGVycy9zZm1jcHMtcHMxMDc4L25vZGVUeXBlcy9wbnQ/YXBpLXZlcnNpb249MjAyMS0wNS0wMQ==",
      "RequestMethod": "PUT",
      "RequestBody": "{\r\n  \"properties\": {\r\n    \"isPrimary\": true,\r\n    \"vmInstanceCount\": 5,\r\n    \"dataDiskSizeGB\": 100,\r\n    \"dataDiskType\": \"StandardSSD_LRS\",\r\n    \"vmSize\": \"Standard_D2_v2\",\r\n    \"vmImagePublisher\": \"MicrosoftWindowsServer\",\r\n    \"vmImageOffer\": \"WindowsServer\",\r\n    \"vmImageSku\": \"2019-Datacenter\",\r\n    \"vmImageVersion\": \"latest\",\r\n    \"isStateless\": false\r\n  }\r\n}",
      "RequestHeaders": {
        "x-ms-client-request-id": [
          "d743c9ff-f540-46d3-af54-73427a9042ec"
        ],
        "Accept-Language": [
          "en-US"
        ],
        "User-Agent": [
          "FxVersion/4.6.29916.01",
          "OSName/Windows",
          "OSVersion/Microsoft.Windows.10.0.19042.",
          "Microsoft.Azure.Management.ServiceFabricManagedClusters.ServiceFabricManagedClustersManagementClient/1.0.0.0"
        ],
        "Content-Type": [
          "application/json; charset=utf-8"
        ],
        "Content-Length": [
          "366"
        ]
      },
      "ResponseHeaders": {
        "Cache-Control": [
          "no-cache"
        ],
        "Pragma": [
          "no-cache"
        ],
        "Azure-AsyncOperation": [
          "https://management.azure.com:443/subscriptions/b36cdf46-b75d-4dc2-9fe1-1296ee8c623d/providers/Microsoft.ServiceFabric/locations/southcentralus/managedclusteroperations/dbf30005-8eb5-45af-ab2e-be127cf1c2a7?api-version=2021-05-01&Experiment=local"
        ],
        "Strict-Transport-Security": [
          "max-age=31536000; includeSubDomains"
        ],
        "X-Content-Type-Options": [
          "nosniff"
        ],
        "Server": [
          "Microsoft-HTTPAPI/2.0,Microsoft-HTTPAPI/2.0 Microsoft-HTTPAPI/2.0"
        ],
        "x-ms-ratelimit-remaining-subscription-writes": [
          "1198"
        ],
        "x-ms-request-id": [
          "e911ea2f-e3ff-4eff-8318-f58311150a5a"
        ],
        "x-ms-correlation-request-id": [
          "e911ea2f-e3ff-4eff-8318-f58311150a5a"
        ],
        "x-ms-routing-request-id": [
          "WESTCENTRALUS:20210422T024719Z:e911ea2f-e3ff-4eff-8318-f58311150a5a"
        ],
        "Date": [
          "Thu, 22 Apr 2021 02:47:18 GMT"
        ],
        "Content-Length": [
          "763"
        ],
        "Content-Type": [
          "application/json; charset=utf-8"
        ],
        "Expires": [
          "-1"
        ]
      },
      "ResponseBody": "{\r\n  \"id\": \"/subscriptions/b36cdf46-b75d-4dc2-9fe1-1296ee8c623d/resourcegroups/sfmcps-rg-ps1864/providers/Microsoft.ServiceFabric/managedClusters/sfmcps-ps1078/nodetypes/pnt\",\r\n  \"type\": \"Microsoft.ServiceFabric/managedclusters/nodetypes\",\r\n  \"location\": \"southcentralus\",\r\n  \"name\": \"pnt\",\r\n  \"tags\": {},\r\n  \"properties\": {\r\n    \"provisioningState\": \"Creating\",\r\n    \"isPrimary\": true,\r\n    \"vmImagePublisher\": \"MicrosoftWindowsServer\",\r\n    \"vmImageOffer\": \"WindowsServer\",\r\n    \"vmImageSku\": \"2019-Datacenter\",\r\n    \"vmImageVersion\": \"latest\",\r\n    \"vmSize\": \"Standard_D2_v2\",\r\n    \"vmInstanceCount\": 5,\r\n    \"dataDiskSizeGB\": 100,\r\n    \"dataDiskType\": \"StandardSSD_LRS\",\r\n    \"placementProperties\": {},\r\n    \"capacities\": {},\r\n    \"isStateless\": false\r\n  }\r\n}",
      "StatusCode": 200
    },
    {
      "RequestUri": "/subscriptions/b36cdf46-b75d-4dc2-9fe1-1296ee8c623d/providers/Microsoft.ServiceFabric/locations/southcentralus/managedclusteroperations/dbf30005-8eb5-45af-ab2e-be127cf1c2a7?api-version=2021-05-01&Experiment=local",
      "EncodedRequestUri": "L3N1YnNjcmlwdGlvbnMvYjM2Y2RmNDYtYjc1ZC00ZGMyLTlmZTEtMTI5NmVlOGM2MjNkL3Byb3ZpZGVycy9NaWNyb3NvZnQuU2VydmljZUZhYnJpYy9sb2NhdGlvbnMvc291dGhjZW50cmFsdXMvbWFuYWdlZGNsdXN0ZXJvcGVyYXRpb25zL2RiZjMwMDA1LThlYjUtNDVhZi1hYjJlLWJlMTI3Y2YxYzJhNz9hcGktdmVyc2lvbj0yMDIxLTA1LTAxJkV4cGVyaW1lbnQ9bG9jYWw=",
      "RequestMethod": "GET",
      "RequestBody": "",
      "RequestHeaders": {
        "User-Agent": [
          "FxVersion/4.6.29916.01",
          "OSName/Windows",
          "OSVersion/Microsoft.Windows.10.0.19042.",
          "Microsoft.Azure.Management.ServiceFabricManagedClusters.ServiceFabricManagedClustersManagementClient/1.0.0.0"
        ]
      },
      "ResponseHeaders": {
        "Cache-Control": [
          "no-cache"
        ],
        "Pragma": [
          "no-cache"
        ],
        "Strict-Transport-Security": [
          "max-age=31536000; includeSubDomains"
        ],
        "X-Content-Type-Options": [
          "nosniff"
        ],
        "x-ms-ratelimit-remaining-subscription-reads": [
          "11882"
        ],
        "Server": [
          "Microsoft-HTTPAPI/2.0,Microsoft-HTTPAPI/2.0 Microsoft-HTTPAPI/2.0"
        ],
        "x-ms-request-id": [
          "a3de777c-b490-46e1-b50c-1111bab4ed69"
        ],
        "x-ms-correlation-request-id": [
          "a3de777c-b490-46e1-b50c-1111bab4ed69"
        ],
        "x-ms-routing-request-id": [
          "WESTCENTRALUS:20210422T024739Z:a3de777c-b490-46e1-b50c-1111bab4ed69"
        ],
        "Date": [
          "Thu, 22 Apr 2021 02:47:38 GMT"
        ],
        "Content-Length": [
          "191"
        ],
        "Content-Type": [
          "application/json; charset=utf-8"
        ],
        "Expires": [
          "-1"
        ]
      },
      "ResponseBody": "{\r\n  \"name\": \"dbf30005-8eb5-45af-ab2e-be127cf1c2a7\",\r\n  \"startTime\": \"2021-04-22T02:47:18.9433082Z\",\r\n  \"endTime\": \"0001-01-01T00:00:00\",\r\n  \"percentComplete\": 30.0,\r\n  \"status\": \"Created\"\r\n}",
      "StatusCode": 200
    },
    {
      "RequestUri": "/subscriptions/b36cdf46-b75d-4dc2-9fe1-1296ee8c623d/providers/Microsoft.ServiceFabric/locations/southcentralus/managedclusteroperations/dbf30005-8eb5-45af-ab2e-be127cf1c2a7?api-version=2021-05-01&Experiment=local",
      "EncodedRequestUri": "L3N1YnNjcmlwdGlvbnMvYjM2Y2RmNDYtYjc1ZC00ZGMyLTlmZTEtMTI5NmVlOGM2MjNkL3Byb3ZpZGVycy9NaWNyb3NvZnQuU2VydmljZUZhYnJpYy9sb2NhdGlvbnMvc291dGhjZW50cmFsdXMvbWFuYWdlZGNsdXN0ZXJvcGVyYXRpb25zL2RiZjMwMDA1LThlYjUtNDVhZi1hYjJlLWJlMTI3Y2YxYzJhNz9hcGktdmVyc2lvbj0yMDIxLTA1LTAxJkV4cGVyaW1lbnQ9bG9jYWw=",
      "RequestMethod": "GET",
      "RequestBody": "",
      "RequestHeaders": {
        "User-Agent": [
          "FxVersion/4.6.29916.01",
          "OSName/Windows",
          "OSVersion/Microsoft.Windows.10.0.19042.",
          "Microsoft.Azure.Management.ServiceFabricManagedClusters.ServiceFabricManagedClustersManagementClient/1.0.0.0"
        ]
      },
      "ResponseHeaders": {
        "Cache-Control": [
          "no-cache"
        ],
        "Pragma": [
          "no-cache"
        ],
        "Strict-Transport-Security": [
          "max-age=31536000; includeSubDomains"
        ],
        "X-Content-Type-Options": [
          "nosniff"
        ],
        "Server": [
          "Microsoft-HTTPAPI/2.0,Microsoft-HTTPAPI/2.0 Microsoft-HTTPAPI/2.0"
        ],
        "x-ms-ratelimit-remaining-subscription-reads": [
          "11881"
        ],
        "x-ms-request-id": [
          "e1003025-97f2-4eeb-b25a-5aa483ecbc17"
        ],
        "x-ms-correlation-request-id": [
          "e1003025-97f2-4eeb-b25a-5aa483ecbc17"
        ],
        "x-ms-routing-request-id": [
          "WESTCENTRALUS:20210422T024759Z:e1003025-97f2-4eeb-b25a-5aa483ecbc17"
        ],
        "Date": [
          "Thu, 22 Apr 2021 02:47:58 GMT"
        ],
        "Content-Length": [
          "191"
        ],
        "Content-Type": [
          "application/json; charset=utf-8"
        ],
        "Expires": [
          "-1"
        ]
      },
      "ResponseBody": "{\r\n  \"name\": \"dbf30005-8eb5-45af-ab2e-be127cf1c2a7\",\r\n  \"startTime\": \"2021-04-22T02:47:18.9433082Z\",\r\n  \"endTime\": \"0001-01-01T00:00:00\",\r\n  \"percentComplete\": 50.0,\r\n  \"status\": \"Created\"\r\n}",
      "StatusCode": 200
    },
    {
      "RequestUri": "/subscriptions/b36cdf46-b75d-4dc2-9fe1-1296ee8c623d/providers/Microsoft.ServiceFabric/locations/southcentralus/managedclusteroperations/dbf30005-8eb5-45af-ab2e-be127cf1c2a7?api-version=2021-05-01&Experiment=local",
      "EncodedRequestUri": "L3N1YnNjcmlwdGlvbnMvYjM2Y2RmNDYtYjc1ZC00ZGMyLTlmZTEtMTI5NmVlOGM2MjNkL3Byb3ZpZGVycy9NaWNyb3NvZnQuU2VydmljZUZhYnJpYy9sb2NhdGlvbnMvc291dGhjZW50cmFsdXMvbWFuYWdlZGNsdXN0ZXJvcGVyYXRpb25zL2RiZjMwMDA1LThlYjUtNDVhZi1hYjJlLWJlMTI3Y2YxYzJhNz9hcGktdmVyc2lvbj0yMDIxLTA1LTAxJkV4cGVyaW1lbnQ9bG9jYWw=",
      "RequestMethod": "GET",
      "RequestBody": "",
      "RequestHeaders": {
        "User-Agent": [
          "FxVersion/4.6.29916.01",
          "OSName/Windows",
          "OSVersion/Microsoft.Windows.10.0.19042.",
          "Microsoft.Azure.Management.ServiceFabricManagedClusters.ServiceFabricManagedClustersManagementClient/1.0.0.0"
        ]
      },
      "ResponseHeaders": {
        "Cache-Control": [
          "no-cache"
        ],
        "Pragma": [
          "no-cache"
        ],
        "Strict-Transport-Security": [
          "max-age=31536000; includeSubDomains"
        ],
        "X-Content-Type-Options": [
          "nosniff"
        ],
        "Server": [
          "Microsoft-HTTPAPI/2.0,Microsoft-HTTPAPI/2.0 Microsoft-HTTPAPI/2.0"
        ],
        "x-ms-ratelimit-remaining-subscription-reads": [
          "11880"
        ],
        "x-ms-request-id": [
          "f1eac985-8447-4746-8da3-9d09ec888bef"
        ],
        "x-ms-correlation-request-id": [
          "f1eac985-8447-4746-8da3-9d09ec888bef"
        ],
        "x-ms-routing-request-id": [
          "WESTCENTRALUS:20210422T024819Z:f1eac985-8447-4746-8da3-9d09ec888bef"
        ],
        "Date": [
          "Thu, 22 Apr 2021 02:48:18 GMT"
        ],
        "Content-Length": [
          "191"
        ],
        "Content-Type": [
          "application/json; charset=utf-8"
        ],
        "Expires": [
          "-1"
        ]
      },
      "ResponseBody": "{\r\n  \"name\": \"dbf30005-8eb5-45af-ab2e-be127cf1c2a7\",\r\n  \"startTime\": \"2021-04-22T02:47:18.9433082Z\",\r\n  \"endTime\": \"0001-01-01T00:00:00\",\r\n  \"percentComplete\": 50.0,\r\n  \"status\": \"Created\"\r\n}",
      "StatusCode": 200
    },
    {
      "RequestUri": "/subscriptions/b36cdf46-b75d-4dc2-9fe1-1296ee8c623d/providers/Microsoft.ServiceFabric/locations/southcentralus/managedclusteroperations/dbf30005-8eb5-45af-ab2e-be127cf1c2a7?api-version=2021-05-01&Experiment=local",
      "EncodedRequestUri": "L3N1YnNjcmlwdGlvbnMvYjM2Y2RmNDYtYjc1ZC00ZGMyLTlmZTEtMTI5NmVlOGM2MjNkL3Byb3ZpZGVycy9NaWNyb3NvZnQuU2VydmljZUZhYnJpYy9sb2NhdGlvbnMvc291dGhjZW50cmFsdXMvbWFuYWdlZGNsdXN0ZXJvcGVyYXRpb25zL2RiZjMwMDA1LThlYjUtNDVhZi1hYjJlLWJlMTI3Y2YxYzJhNz9hcGktdmVyc2lvbj0yMDIxLTA1LTAxJkV4cGVyaW1lbnQ9bG9jYWw=",
      "RequestMethod": "GET",
      "RequestBody": "",
      "RequestHeaders": {
        "User-Agent": [
          "FxVersion/4.6.29916.01",
          "OSName/Windows",
          "OSVersion/Microsoft.Windows.10.0.19042.",
          "Microsoft.Azure.Management.ServiceFabricManagedClusters.ServiceFabricManagedClustersManagementClient/1.0.0.0"
        ]
      },
      "ResponseHeaders": {
        "Cache-Control": [
          "no-cache"
        ],
        "Pragma": [
          "no-cache"
        ],
        "Strict-Transport-Security": [
          "max-age=31536000; includeSubDomains"
        ],
        "X-Content-Type-Options": [
          "nosniff"
        ],
        "Server": [
          "Microsoft-HTTPAPI/2.0,Microsoft-HTTPAPI/2.0 Microsoft-HTTPAPI/2.0"
        ],
        "x-ms-ratelimit-remaining-subscription-reads": [
          "11879"
        ],
        "x-ms-request-id": [
          "8358bb7d-5647-43a7-8723-8effb34af045"
        ],
        "x-ms-correlation-request-id": [
          "8358bb7d-5647-43a7-8723-8effb34af045"
        ],
        "x-ms-routing-request-id": [
          "WESTCENTRALUS:20210422T024839Z:8358bb7d-5647-43a7-8723-8effb34af045"
        ],
        "Date": [
          "Thu, 22 Apr 2021 02:48:39 GMT"
        ],
        "Content-Length": [
          "191"
        ],
        "Content-Type": [
          "application/json; charset=utf-8"
        ],
        "Expires": [
          "-1"
        ]
      },
      "ResponseBody": "{\r\n  \"name\": \"dbf30005-8eb5-45af-ab2e-be127cf1c2a7\",\r\n  \"startTime\": \"2021-04-22T02:47:18.9433082Z\",\r\n  \"endTime\": \"0001-01-01T00:00:00\",\r\n  \"percentComplete\": 50.0,\r\n  \"status\": \"Created\"\r\n}",
      "StatusCode": 200
    },
    {
      "RequestUri": "/subscriptions/b36cdf46-b75d-4dc2-9fe1-1296ee8c623d/providers/Microsoft.ServiceFabric/locations/southcentralus/managedclusteroperations/dbf30005-8eb5-45af-ab2e-be127cf1c2a7?api-version=2021-05-01&Experiment=local",
      "EncodedRequestUri": "L3N1YnNjcmlwdGlvbnMvYjM2Y2RmNDYtYjc1ZC00ZGMyLTlmZTEtMTI5NmVlOGM2MjNkL3Byb3ZpZGVycy9NaWNyb3NvZnQuU2VydmljZUZhYnJpYy9sb2NhdGlvbnMvc291dGhjZW50cmFsdXMvbWFuYWdlZGNsdXN0ZXJvcGVyYXRpb25zL2RiZjMwMDA1LThlYjUtNDVhZi1hYjJlLWJlMTI3Y2YxYzJhNz9hcGktdmVyc2lvbj0yMDIxLTA1LTAxJkV4cGVyaW1lbnQ9bG9jYWw=",
      "RequestMethod": "GET",
      "RequestBody": "",
      "RequestHeaders": {
        "User-Agent": [
          "FxVersion/4.6.29916.01",
          "OSName/Windows",
          "OSVersion/Microsoft.Windows.10.0.19042.",
          "Microsoft.Azure.Management.ServiceFabricManagedClusters.ServiceFabricManagedClustersManagementClient/1.0.0.0"
        ]
      },
      "ResponseHeaders": {
        "Cache-Control": [
          "no-cache"
        ],
        "Pragma": [
          "no-cache"
        ],
        "Strict-Transport-Security": [
          "max-age=31536000; includeSubDomains"
        ],
        "X-Content-Type-Options": [
          "nosniff"
        ],
        "Server": [
          "Microsoft-HTTPAPI/2.0,Microsoft-HTTPAPI/2.0 Microsoft-HTTPAPI/2.0"
        ],
        "x-ms-ratelimit-remaining-subscription-reads": [
          "11878"
        ],
        "x-ms-request-id": [
          "a5b5b6f9-375f-4a01-bfa2-0d06a9f65f80"
        ],
        "x-ms-correlation-request-id": [
          "a5b5b6f9-375f-4a01-bfa2-0d06a9f65f80"
        ],
        "x-ms-routing-request-id": [
          "WESTCENTRALUS:20210422T024859Z:a5b5b6f9-375f-4a01-bfa2-0d06a9f65f80"
        ],
        "Date": [
          "Thu, 22 Apr 2021 02:48:59 GMT"
        ],
        "Content-Length": [
          "191"
        ],
        "Content-Type": [
          "application/json; charset=utf-8"
        ],
        "Expires": [
          "-1"
        ]
      },
      "ResponseBody": "{\r\n  \"name\": \"dbf30005-8eb5-45af-ab2e-be127cf1c2a7\",\r\n  \"startTime\": \"2021-04-22T02:47:18.9433082Z\",\r\n  \"endTime\": \"0001-01-01T00:00:00\",\r\n  \"percentComplete\": 50.0,\r\n  \"status\": \"Created\"\r\n}",
      "StatusCode": 200
    },
    {
      "RequestUri": "/subscriptions/b36cdf46-b75d-4dc2-9fe1-1296ee8c623d/providers/Microsoft.ServiceFabric/locations/southcentralus/managedclusteroperations/dbf30005-8eb5-45af-ab2e-be127cf1c2a7?api-version=2021-05-01&Experiment=local",
      "EncodedRequestUri": "L3N1YnNjcmlwdGlvbnMvYjM2Y2RmNDYtYjc1ZC00ZGMyLTlmZTEtMTI5NmVlOGM2MjNkL3Byb3ZpZGVycy9NaWNyb3NvZnQuU2VydmljZUZhYnJpYy9sb2NhdGlvbnMvc291dGhjZW50cmFsdXMvbWFuYWdlZGNsdXN0ZXJvcGVyYXRpb25zL2RiZjMwMDA1LThlYjUtNDVhZi1hYjJlLWJlMTI3Y2YxYzJhNz9hcGktdmVyc2lvbj0yMDIxLTA1LTAxJkV4cGVyaW1lbnQ9bG9jYWw=",
      "RequestMethod": "GET",
      "RequestBody": "",
      "RequestHeaders": {
        "User-Agent": [
          "FxVersion/4.6.29916.01",
          "OSName/Windows",
          "OSVersion/Microsoft.Windows.10.0.19042.",
          "Microsoft.Azure.Management.ServiceFabricManagedClusters.ServiceFabricManagedClustersManagementClient/1.0.0.0"
        ]
      },
      "ResponseHeaders": {
        "Cache-Control": [
          "no-cache"
        ],
        "Pragma": [
          "no-cache"
        ],
        "Strict-Transport-Security": [
          "max-age=31536000; includeSubDomains"
        ],
        "X-Content-Type-Options": [
          "nosniff"
        ],
        "Server": [
          "Microsoft-HTTPAPI/2.0,Microsoft-HTTPAPI/2.0 Microsoft-HTTPAPI/2.0"
        ],
        "x-ms-ratelimit-remaining-subscription-reads": [
          "11874"
        ],
        "x-ms-request-id": [
          "5fd47fd8-fa03-46dd-8972-7f4efb020d67"
        ],
        "x-ms-correlation-request-id": [
          "5fd47fd8-fa03-46dd-8972-7f4efb020d67"
        ],
        "x-ms-routing-request-id": [
          "WESTCENTRALUS:20210422T024919Z:5fd47fd8-fa03-46dd-8972-7f4efb020d67"
        ],
        "Date": [
          "Thu, 22 Apr 2021 02:49:19 GMT"
        ],
        "Content-Length": [
          "191"
        ],
        "Content-Type": [
          "application/json; charset=utf-8"
        ],
        "Expires": [
          "-1"
        ]
      },
      "ResponseBody": "{\r\n  \"name\": \"dbf30005-8eb5-45af-ab2e-be127cf1c2a7\",\r\n  \"startTime\": \"2021-04-22T02:47:18.9433082Z\",\r\n  \"endTime\": \"0001-01-01T00:00:00\",\r\n  \"percentComplete\": 50.0,\r\n  \"status\": \"Created\"\r\n}",
      "StatusCode": 200
    },
    {
      "RequestUri": "/subscriptions/b36cdf46-b75d-4dc2-9fe1-1296ee8c623d/providers/Microsoft.ServiceFabric/locations/southcentralus/managedclusteroperations/dbf30005-8eb5-45af-ab2e-be127cf1c2a7?api-version=2021-05-01&Experiment=local",
      "EncodedRequestUri": "L3N1YnNjcmlwdGlvbnMvYjM2Y2RmNDYtYjc1ZC00ZGMyLTlmZTEtMTI5NmVlOGM2MjNkL3Byb3ZpZGVycy9NaWNyb3NvZnQuU2VydmljZUZhYnJpYy9sb2NhdGlvbnMvc291dGhjZW50cmFsdXMvbWFuYWdlZGNsdXN0ZXJvcGVyYXRpb25zL2RiZjMwMDA1LThlYjUtNDVhZi1hYjJlLWJlMTI3Y2YxYzJhNz9hcGktdmVyc2lvbj0yMDIxLTA1LTAxJkV4cGVyaW1lbnQ9bG9jYWw=",
      "RequestMethod": "GET",
      "RequestBody": "",
      "RequestHeaders": {
        "User-Agent": [
          "FxVersion/4.6.29916.01",
          "OSName/Windows",
          "OSVersion/Microsoft.Windows.10.0.19042.",
          "Microsoft.Azure.Management.ServiceFabricManagedClusters.ServiceFabricManagedClustersManagementClient/1.0.0.0"
        ]
      },
      "ResponseHeaders": {
        "Cache-Control": [
          "no-cache"
        ],
        "Pragma": [
          "no-cache"
        ],
        "Strict-Transport-Security": [
          "max-age=31536000; includeSubDomains"
        ],
        "X-Content-Type-Options": [
          "nosniff"
        ],
        "Server": [
          "Microsoft-HTTPAPI/2.0,Microsoft-HTTPAPI/2.0 Microsoft-HTTPAPI/2.0"
        ],
        "x-ms-ratelimit-remaining-subscription-reads": [
          "11872"
        ],
        "x-ms-request-id": [
          "7f1efbec-6e01-46e3-87b3-b7e6d2f1bf14"
        ],
        "x-ms-correlation-request-id": [
          "7f1efbec-6e01-46e3-87b3-b7e6d2f1bf14"
        ],
        "x-ms-routing-request-id": [
          "WESTCENTRALUS:20210422T024939Z:7f1efbec-6e01-46e3-87b3-b7e6d2f1bf14"
        ],
        "Date": [
          "Thu, 22 Apr 2021 02:49:38 GMT"
        ],
        "Content-Length": [
          "191"
        ],
        "Content-Type": [
          "application/json; charset=utf-8"
        ],
        "Expires": [
          "-1"
        ]
      },
      "ResponseBody": "{\r\n  \"name\": \"dbf30005-8eb5-45af-ab2e-be127cf1c2a7\",\r\n  \"startTime\": \"2021-04-22T02:47:18.9433082Z\",\r\n  \"endTime\": \"0001-01-01T00:00:00\",\r\n  \"percentComplete\": 50.0,\r\n  \"status\": \"Created\"\r\n}",
      "StatusCode": 200
    },
    {
      "RequestUri": "/subscriptions/b36cdf46-b75d-4dc2-9fe1-1296ee8c623d/providers/Microsoft.ServiceFabric/locations/southcentralus/managedclusteroperations/dbf30005-8eb5-45af-ab2e-be127cf1c2a7?api-version=2021-05-01&Experiment=local",
      "EncodedRequestUri": "L3N1YnNjcmlwdGlvbnMvYjM2Y2RmNDYtYjc1ZC00ZGMyLTlmZTEtMTI5NmVlOGM2MjNkL3Byb3ZpZGVycy9NaWNyb3NvZnQuU2VydmljZUZhYnJpYy9sb2NhdGlvbnMvc291dGhjZW50cmFsdXMvbWFuYWdlZGNsdXN0ZXJvcGVyYXRpb25zL2RiZjMwMDA1LThlYjUtNDVhZi1hYjJlLWJlMTI3Y2YxYzJhNz9hcGktdmVyc2lvbj0yMDIxLTA1LTAxJkV4cGVyaW1lbnQ9bG9jYWw=",
      "RequestMethod": "GET",
      "RequestBody": "",
      "RequestHeaders": {
        "User-Agent": [
          "FxVersion/4.6.29916.01",
          "OSName/Windows",
          "OSVersion/Microsoft.Windows.10.0.19042.",
          "Microsoft.Azure.Management.ServiceFabricManagedClusters.ServiceFabricManagedClustersManagementClient/1.0.0.0"
        ]
      },
      "ResponseHeaders": {
        "Cache-Control": [
          "no-cache"
        ],
        "Pragma": [
          "no-cache"
        ],
        "Strict-Transport-Security": [
          "max-age=31536000; includeSubDomains"
        ],
        "X-Content-Type-Options": [
          "nosniff"
        ],
        "Server": [
          "Microsoft-HTTPAPI/2.0,Microsoft-HTTPAPI/2.0 Microsoft-HTTPAPI/2.0"
        ],
        "x-ms-ratelimit-remaining-subscription-reads": [
          "11871"
        ],
        "x-ms-request-id": [
          "7ccffeeb-d90b-4844-bff6-ca4df72863ac"
        ],
        "x-ms-correlation-request-id": [
          "7ccffeeb-d90b-4844-bff6-ca4df72863ac"
        ],
        "x-ms-routing-request-id": [
          "WESTCENTRALUS:20210422T024959Z:7ccffeeb-d90b-4844-bff6-ca4df72863ac"
        ],
        "Date": [
          "Thu, 22 Apr 2021 02:49:58 GMT"
        ],
        "Content-Length": [
          "191"
        ],
        "Content-Type": [
          "application/json; charset=utf-8"
        ],
        "Expires": [
          "-1"
        ]
      },
      "ResponseBody": "{\r\n  \"name\": \"dbf30005-8eb5-45af-ab2e-be127cf1c2a7\",\r\n  \"startTime\": \"2021-04-22T02:47:18.9433082Z\",\r\n  \"endTime\": \"0001-01-01T00:00:00\",\r\n  \"percentComplete\": 50.0,\r\n  \"status\": \"Created\"\r\n}",
      "StatusCode": 200
    },
    {
      "RequestUri": "/subscriptions/b36cdf46-b75d-4dc2-9fe1-1296ee8c623d/providers/Microsoft.ServiceFabric/locations/southcentralus/managedclusteroperations/dbf30005-8eb5-45af-ab2e-be127cf1c2a7?api-version=2021-05-01&Experiment=local",
      "EncodedRequestUri": "L3N1YnNjcmlwdGlvbnMvYjM2Y2RmNDYtYjc1ZC00ZGMyLTlmZTEtMTI5NmVlOGM2MjNkL3Byb3ZpZGVycy9NaWNyb3NvZnQuU2VydmljZUZhYnJpYy9sb2NhdGlvbnMvc291dGhjZW50cmFsdXMvbWFuYWdlZGNsdXN0ZXJvcGVyYXRpb25zL2RiZjMwMDA1LThlYjUtNDVhZi1hYjJlLWJlMTI3Y2YxYzJhNz9hcGktdmVyc2lvbj0yMDIxLTA1LTAxJkV4cGVyaW1lbnQ9bG9jYWw=",
      "RequestMethod": "GET",
      "RequestBody": "",
      "RequestHeaders": {
        "User-Agent": [
          "FxVersion/4.6.29916.01",
          "OSName/Windows",
          "OSVersion/Microsoft.Windows.10.0.19042.",
          "Microsoft.Azure.Management.ServiceFabricManagedClusters.ServiceFabricManagedClustersManagementClient/1.0.0.0"
        ]
      },
      "ResponseHeaders": {
        "Cache-Control": [
          "no-cache"
        ],
        "Pragma": [
          "no-cache"
        ],
        "Strict-Transport-Security": [
          "max-age=31536000; includeSubDomains"
        ],
        "X-Content-Type-Options": [
          "nosniff"
        ],
        "Server": [
          "Microsoft-HTTPAPI/2.0,Microsoft-HTTPAPI/2.0 Microsoft-HTTPAPI/2.0"
        ],
        "x-ms-ratelimit-remaining-subscription-reads": [
          "11879"
        ],
        "x-ms-request-id": [
          "84fad896-a67f-4e12-81b7-7bcf5aa75050"
        ],
        "x-ms-correlation-request-id": [
          "84fad896-a67f-4e12-81b7-7bcf5aa75050"
        ],
        "x-ms-routing-request-id": [
          "WESTCENTRALUS:20210422T025019Z:84fad896-a67f-4e12-81b7-7bcf5aa75050"
        ],
        "Date": [
          "Thu, 22 Apr 2021 02:50:19 GMT"
        ],
        "Content-Length": [
          "191"
        ],
        "Content-Type": [
          "application/json; charset=utf-8"
        ],
        "Expires": [
          "-1"
        ]
      },
      "ResponseBody": "{\r\n  \"name\": \"dbf30005-8eb5-45af-ab2e-be127cf1c2a7\",\r\n  \"startTime\": \"2021-04-22T02:47:18.9433082Z\",\r\n  \"endTime\": \"0001-01-01T00:00:00\",\r\n  \"percentComplete\": 50.0,\r\n  \"status\": \"Created\"\r\n}",
      "StatusCode": 200
    },
    {
      "RequestUri": "/subscriptions/b36cdf46-b75d-4dc2-9fe1-1296ee8c623d/providers/Microsoft.ServiceFabric/locations/southcentralus/managedclusteroperations/dbf30005-8eb5-45af-ab2e-be127cf1c2a7?api-version=2021-05-01&Experiment=local",
      "EncodedRequestUri": "L3N1YnNjcmlwdGlvbnMvYjM2Y2RmNDYtYjc1ZC00ZGMyLTlmZTEtMTI5NmVlOGM2MjNkL3Byb3ZpZGVycy9NaWNyb3NvZnQuU2VydmljZUZhYnJpYy9sb2NhdGlvbnMvc291dGhjZW50cmFsdXMvbWFuYWdlZGNsdXN0ZXJvcGVyYXRpb25zL2RiZjMwMDA1LThlYjUtNDVhZi1hYjJlLWJlMTI3Y2YxYzJhNz9hcGktdmVyc2lvbj0yMDIxLTA1LTAxJkV4cGVyaW1lbnQ9bG9jYWw=",
      "RequestMethod": "GET",
      "RequestBody": "",
      "RequestHeaders": {
        "User-Agent": [
          "FxVersion/4.6.29916.01",
          "OSName/Windows",
          "OSVersion/Microsoft.Windows.10.0.19042.",
          "Microsoft.Azure.Management.ServiceFabricManagedClusters.ServiceFabricManagedClustersManagementClient/1.0.0.0"
        ]
      },
      "ResponseHeaders": {
        "Cache-Control": [
          "no-cache"
        ],
        "Pragma": [
          "no-cache"
        ],
        "Strict-Transport-Security": [
          "max-age=31536000; includeSubDomains"
        ],
        "X-Content-Type-Options": [
          "nosniff"
        ],
        "Server": [
          "Microsoft-HTTPAPI/2.0,Microsoft-HTTPAPI/2.0 Microsoft-HTTPAPI/2.0"
        ],
        "x-ms-ratelimit-remaining-subscription-reads": [
          "11876"
        ],
        "x-ms-request-id": [
          "a5ef3613-5fbe-493e-8d0d-e102701d934c"
        ],
        "x-ms-correlation-request-id": [
          "a5ef3613-5fbe-493e-8d0d-e102701d934c"
        ],
        "x-ms-routing-request-id": [
          "WESTCENTRALUS:20210422T025040Z:a5ef3613-5fbe-493e-8d0d-e102701d934c"
        ],
        "Date": [
          "Thu, 22 Apr 2021 02:50:39 GMT"
        ],
        "Content-Length": [
          "191"
        ],
        "Content-Type": [
          "application/json; charset=utf-8"
        ],
        "Expires": [
          "-1"
        ]
      },
      "ResponseBody": "{\r\n  \"name\": \"dbf30005-8eb5-45af-ab2e-be127cf1c2a7\",\r\n  \"startTime\": \"2021-04-22T02:47:18.9433082Z\",\r\n  \"endTime\": \"0001-01-01T00:00:00\",\r\n  \"percentComplete\": 50.0,\r\n  \"status\": \"Created\"\r\n}",
      "StatusCode": 200
    },
    {
      "RequestUri": "/subscriptions/b36cdf46-b75d-4dc2-9fe1-1296ee8c623d/providers/Microsoft.ServiceFabric/locations/southcentralus/managedclusteroperations/dbf30005-8eb5-45af-ab2e-be127cf1c2a7?api-version=2021-05-01&Experiment=local",
      "EncodedRequestUri": "L3N1YnNjcmlwdGlvbnMvYjM2Y2RmNDYtYjc1ZC00ZGMyLTlmZTEtMTI5NmVlOGM2MjNkL3Byb3ZpZGVycy9NaWNyb3NvZnQuU2VydmljZUZhYnJpYy9sb2NhdGlvbnMvc291dGhjZW50cmFsdXMvbWFuYWdlZGNsdXN0ZXJvcGVyYXRpb25zL2RiZjMwMDA1LThlYjUtNDVhZi1hYjJlLWJlMTI3Y2YxYzJhNz9hcGktdmVyc2lvbj0yMDIxLTA1LTAxJkV4cGVyaW1lbnQ9bG9jYWw=",
      "RequestMethod": "GET",
      "RequestBody": "",
      "RequestHeaders": {
        "User-Agent": [
          "FxVersion/4.6.29916.01",
          "OSName/Windows",
          "OSVersion/Microsoft.Windows.10.0.19042.",
          "Microsoft.Azure.Management.ServiceFabricManagedClusters.ServiceFabricManagedClustersManagementClient/1.0.0.0"
        ]
      },
      "ResponseHeaders": {
        "Cache-Control": [
          "no-cache"
        ],
        "Pragma": [
          "no-cache"
        ],
        "Strict-Transport-Security": [
          "max-age=31536000; includeSubDomains"
        ],
        "X-Content-Type-Options": [
          "nosniff"
        ],
        "Server": [
          "Microsoft-HTTPAPI/2.0,Microsoft-HTTPAPI/2.0 Microsoft-HTTPAPI/2.0"
        ],
        "x-ms-ratelimit-remaining-subscription-reads": [
          "11875"
        ],
        "x-ms-request-id": [
          "b2a711ce-f5c1-47ff-a7ef-8dfe8abc7b72"
        ],
        "x-ms-correlation-request-id": [
          "b2a711ce-f5c1-47ff-a7ef-8dfe8abc7b72"
        ],
        "x-ms-routing-request-id": [
          "WESTCENTRALUS:20210422T025100Z:b2a711ce-f5c1-47ff-a7ef-8dfe8abc7b72"
        ],
        "Date": [
          "Thu, 22 Apr 2021 02:50:59 GMT"
        ],
        "Content-Length": [
          "191"
        ],
        "Content-Type": [
          "application/json; charset=utf-8"
        ],
        "Expires": [
          "-1"
        ]
      },
      "ResponseBody": "{\r\n  \"name\": \"dbf30005-8eb5-45af-ab2e-be127cf1c2a7\",\r\n  \"startTime\": \"2021-04-22T02:47:18.9433082Z\",\r\n  \"endTime\": \"0001-01-01T00:00:00\",\r\n  \"percentComplete\": 50.0,\r\n  \"status\": \"Created\"\r\n}",
      "StatusCode": 200
    },
    {
      "RequestUri": "/subscriptions/b36cdf46-b75d-4dc2-9fe1-1296ee8c623d/providers/Microsoft.ServiceFabric/locations/southcentralus/managedclusteroperations/dbf30005-8eb5-45af-ab2e-be127cf1c2a7?api-version=2021-05-01&Experiment=local",
      "EncodedRequestUri": "L3N1YnNjcmlwdGlvbnMvYjM2Y2RmNDYtYjc1ZC00ZGMyLTlmZTEtMTI5NmVlOGM2MjNkL3Byb3ZpZGVycy9NaWNyb3NvZnQuU2VydmljZUZhYnJpYy9sb2NhdGlvbnMvc291dGhjZW50cmFsdXMvbWFuYWdlZGNsdXN0ZXJvcGVyYXRpb25zL2RiZjMwMDA1LThlYjUtNDVhZi1hYjJlLWJlMTI3Y2YxYzJhNz9hcGktdmVyc2lvbj0yMDIxLTA1LTAxJkV4cGVyaW1lbnQ9bG9jYWw=",
      "RequestMethod": "GET",
      "RequestBody": "",
      "RequestHeaders": {
        "User-Agent": [
          "FxVersion/4.6.29916.01",
          "OSName/Windows",
          "OSVersion/Microsoft.Windows.10.0.19042.",
          "Microsoft.Azure.Management.ServiceFabricManagedClusters.ServiceFabricManagedClustersManagementClient/1.0.0.0"
        ]
      },
      "ResponseHeaders": {
        "Cache-Control": [
          "no-cache"
        ],
        "Pragma": [
          "no-cache"
        ],
        "Strict-Transport-Security": [
          "max-age=31536000; includeSubDomains"
        ],
        "X-Content-Type-Options": [
          "nosniff"
        ],
        "Server": [
          "Microsoft-HTTPAPI/2.0,Microsoft-HTTPAPI/2.0 Microsoft-HTTPAPI/2.0"
        ],
        "x-ms-ratelimit-remaining-subscription-reads": [
          "11874"
        ],
        "x-ms-request-id": [
          "141925c3-22e9-4f99-92d1-85db62f53432"
        ],
        "x-ms-correlation-request-id": [
          "141925c3-22e9-4f99-92d1-85db62f53432"
        ],
        "x-ms-routing-request-id": [
          "WESTCENTRALUS:20210422T025120Z:141925c3-22e9-4f99-92d1-85db62f53432"
        ],
        "Date": [
          "Thu, 22 Apr 2021 02:51:19 GMT"
        ],
        "Content-Length": [
          "191"
        ],
        "Content-Type": [
          "application/json; charset=utf-8"
        ],
        "Expires": [
          "-1"
        ]
      },
      "ResponseBody": "{\r\n  \"name\": \"dbf30005-8eb5-45af-ab2e-be127cf1c2a7\",\r\n  \"startTime\": \"2021-04-22T02:47:18.9433082Z\",\r\n  \"endTime\": \"0001-01-01T00:00:00\",\r\n  \"percentComplete\": 50.0,\r\n  \"status\": \"Created\"\r\n}",
      "StatusCode": 200
    },
    {
      "RequestUri": "/subscriptions/b36cdf46-b75d-4dc2-9fe1-1296ee8c623d/providers/Microsoft.ServiceFabric/locations/southcentralus/managedclusteroperations/dbf30005-8eb5-45af-ab2e-be127cf1c2a7?api-version=2021-05-01&Experiment=local",
      "EncodedRequestUri": "L3N1YnNjcmlwdGlvbnMvYjM2Y2RmNDYtYjc1ZC00ZGMyLTlmZTEtMTI5NmVlOGM2MjNkL3Byb3ZpZGVycy9NaWNyb3NvZnQuU2VydmljZUZhYnJpYy9sb2NhdGlvbnMvc291dGhjZW50cmFsdXMvbWFuYWdlZGNsdXN0ZXJvcGVyYXRpb25zL2RiZjMwMDA1LThlYjUtNDVhZi1hYjJlLWJlMTI3Y2YxYzJhNz9hcGktdmVyc2lvbj0yMDIxLTA1LTAxJkV4cGVyaW1lbnQ9bG9jYWw=",
      "RequestMethod": "GET",
      "RequestBody": "",
      "RequestHeaders": {
        "User-Agent": [
          "FxVersion/4.6.29916.01",
          "OSName/Windows",
          "OSVersion/Microsoft.Windows.10.0.19042.",
          "Microsoft.Azure.Management.ServiceFabricManagedClusters.ServiceFabricManagedClustersManagementClient/1.0.0.0"
        ]
      },
      "ResponseHeaders": {
        "Cache-Control": [
          "no-cache"
        ],
        "Pragma": [
          "no-cache"
        ],
        "Strict-Transport-Security": [
          "max-age=31536000; includeSubDomains"
        ],
        "X-Content-Type-Options": [
          "nosniff"
        ],
        "Server": [
          "Microsoft-HTTPAPI/2.0,Microsoft-HTTPAPI/2.0 Microsoft-HTTPAPI/2.0"
        ],
        "x-ms-ratelimit-remaining-subscription-reads": [
          "11871"
        ],
        "x-ms-request-id": [
          "16da246c-2a25-492c-9107-3da2f2f9f40b"
        ],
        "x-ms-correlation-request-id": [
          "16da246c-2a25-492c-9107-3da2f2f9f40b"
        ],
        "x-ms-routing-request-id": [
          "WESTCENTRALUS:20210422T025140Z:16da246c-2a25-492c-9107-3da2f2f9f40b"
        ],
        "Date": [
          "Thu, 22 Apr 2021 02:51:39 GMT"
        ],
        "Content-Length": [
          "191"
        ],
        "Content-Type": [
          "application/json; charset=utf-8"
        ],
        "Expires": [
          "-1"
        ]
      },
      "ResponseBody": "{\r\n  \"name\": \"dbf30005-8eb5-45af-ab2e-be127cf1c2a7\",\r\n  \"startTime\": \"2021-04-22T02:47:18.9433082Z\",\r\n  \"endTime\": \"0001-01-01T00:00:00\",\r\n  \"percentComplete\": 50.0,\r\n  \"status\": \"Created\"\r\n}",
      "StatusCode": 200
    },
    {
      "RequestUri": "/subscriptions/b36cdf46-b75d-4dc2-9fe1-1296ee8c623d/providers/Microsoft.ServiceFabric/locations/southcentralus/managedclusteroperations/dbf30005-8eb5-45af-ab2e-be127cf1c2a7?api-version=2021-05-01&Experiment=local",
      "EncodedRequestUri": "L3N1YnNjcmlwdGlvbnMvYjM2Y2RmNDYtYjc1ZC00ZGMyLTlmZTEtMTI5NmVlOGM2MjNkL3Byb3ZpZGVycy9NaWNyb3NvZnQuU2VydmljZUZhYnJpYy9sb2NhdGlvbnMvc291dGhjZW50cmFsdXMvbWFuYWdlZGNsdXN0ZXJvcGVyYXRpb25zL2RiZjMwMDA1LThlYjUtNDVhZi1hYjJlLWJlMTI3Y2YxYzJhNz9hcGktdmVyc2lvbj0yMDIxLTA1LTAxJkV4cGVyaW1lbnQ9bG9jYWw=",
      "RequestMethod": "GET",
      "RequestBody": "",
      "RequestHeaders": {
        "User-Agent": [
          "FxVersion/4.6.29916.01",
          "OSName/Windows",
          "OSVersion/Microsoft.Windows.10.0.19042.",
          "Microsoft.Azure.Management.ServiceFabricManagedClusters.ServiceFabricManagedClustersManagementClient/1.0.0.0"
        ]
      },
      "ResponseHeaders": {
        "Cache-Control": [
          "no-cache"
        ],
        "Pragma": [
          "no-cache"
        ],
        "Strict-Transport-Security": [
          "max-age=31536000; includeSubDomains"
        ],
        "X-Content-Type-Options": [
          "nosniff"
        ],
        "x-ms-ratelimit-remaining-subscription-reads": [
          "11870"
        ],
        "Server": [
          "Microsoft-HTTPAPI/2.0,Microsoft-HTTPAPI/2.0 Microsoft-HTTPAPI/2.0"
        ],
        "x-ms-request-id": [
          "df7c605d-d03e-4be3-ba01-b4c2747787c1"
        ],
        "x-ms-correlation-request-id": [
          "df7c605d-d03e-4be3-ba01-b4c2747787c1"
        ],
        "x-ms-routing-request-id": [
          "WESTCENTRALUS:20210422T025200Z:df7c605d-d03e-4be3-ba01-b4c2747787c1"
        ],
        "Date": [
          "Thu, 22 Apr 2021 02:51:59 GMT"
        ],
        "Content-Length": [
          "191"
        ],
        "Content-Type": [
          "application/json; charset=utf-8"
        ],
        "Expires": [
          "-1"
        ]
      },
      "ResponseBody": "{\r\n  \"name\": \"dbf30005-8eb5-45af-ab2e-be127cf1c2a7\",\r\n  \"startTime\": \"2021-04-22T02:47:18.9433082Z\",\r\n  \"endTime\": \"0001-01-01T00:00:00\",\r\n  \"percentComplete\": 50.0,\r\n  \"status\": \"Created\"\r\n}",
      "StatusCode": 200
    },
    {
      "RequestUri": "/subscriptions/b36cdf46-b75d-4dc2-9fe1-1296ee8c623d/providers/Microsoft.ServiceFabric/locations/southcentralus/managedclusteroperations/dbf30005-8eb5-45af-ab2e-be127cf1c2a7?api-version=2021-05-01&Experiment=local",
      "EncodedRequestUri": "L3N1YnNjcmlwdGlvbnMvYjM2Y2RmNDYtYjc1ZC00ZGMyLTlmZTEtMTI5NmVlOGM2MjNkL3Byb3ZpZGVycy9NaWNyb3NvZnQuU2VydmljZUZhYnJpYy9sb2NhdGlvbnMvc291dGhjZW50cmFsdXMvbWFuYWdlZGNsdXN0ZXJvcGVyYXRpb25zL2RiZjMwMDA1LThlYjUtNDVhZi1hYjJlLWJlMTI3Y2YxYzJhNz9hcGktdmVyc2lvbj0yMDIxLTA1LTAxJkV4cGVyaW1lbnQ9bG9jYWw=",
      "RequestMethod": "GET",
      "RequestBody": "",
      "RequestHeaders": {
        "User-Agent": [
          "FxVersion/4.6.29916.01",
          "OSName/Windows",
          "OSVersion/Microsoft.Windows.10.0.19042.",
          "Microsoft.Azure.Management.ServiceFabricManagedClusters.ServiceFabricManagedClustersManagementClient/1.0.0.0"
        ]
      },
      "ResponseHeaders": {
        "Cache-Control": [
          "no-cache"
        ],
        "Pragma": [
          "no-cache"
        ],
        "Strict-Transport-Security": [
          "max-age=31536000; includeSubDomains"
        ],
        "X-Content-Type-Options": [
          "nosniff"
        ],
        "Server": [
          "Microsoft-HTTPAPI/2.0,Microsoft-HTTPAPI/2.0 Microsoft-HTTPAPI/2.0"
        ],
        "x-ms-ratelimit-remaining-subscription-reads": [
          "11869"
        ],
        "x-ms-request-id": [
          "054d0f03-ec13-4b34-b0ba-560007cfd56a"
        ],
        "x-ms-correlation-request-id": [
          "054d0f03-ec13-4b34-b0ba-560007cfd56a"
        ],
        "x-ms-routing-request-id": [
          "WESTCENTRALUS:20210422T025220Z:054d0f03-ec13-4b34-b0ba-560007cfd56a"
        ],
        "Date": [
          "Thu, 22 Apr 2021 02:52:20 GMT"
        ],
        "Content-Length": [
          "191"
        ],
        "Content-Type": [
          "application/json; charset=utf-8"
        ],
        "Expires": [
          "-1"
        ]
      },
      "ResponseBody": "{\r\n  \"name\": \"dbf30005-8eb5-45af-ab2e-be127cf1c2a7\",\r\n  \"startTime\": \"2021-04-22T02:47:18.9433082Z\",\r\n  \"endTime\": \"0001-01-01T00:00:00\",\r\n  \"percentComplete\": 50.0,\r\n  \"status\": \"Created\"\r\n}",
      "StatusCode": 200
    },
    {
      "RequestUri": "/subscriptions/b36cdf46-b75d-4dc2-9fe1-1296ee8c623d/providers/Microsoft.ServiceFabric/locations/southcentralus/managedclusteroperations/dbf30005-8eb5-45af-ab2e-be127cf1c2a7?api-version=2021-05-01&Experiment=local",
      "EncodedRequestUri": "L3N1YnNjcmlwdGlvbnMvYjM2Y2RmNDYtYjc1ZC00ZGMyLTlmZTEtMTI5NmVlOGM2MjNkL3Byb3ZpZGVycy9NaWNyb3NvZnQuU2VydmljZUZhYnJpYy9sb2NhdGlvbnMvc291dGhjZW50cmFsdXMvbWFuYWdlZGNsdXN0ZXJvcGVyYXRpb25zL2RiZjMwMDA1LThlYjUtNDVhZi1hYjJlLWJlMTI3Y2YxYzJhNz9hcGktdmVyc2lvbj0yMDIxLTA1LTAxJkV4cGVyaW1lbnQ9bG9jYWw=",
      "RequestMethod": "GET",
      "RequestBody": "",
      "RequestHeaders": {
        "User-Agent": [
          "FxVersion/4.6.29916.01",
          "OSName/Windows",
          "OSVersion/Microsoft.Windows.10.0.19042.",
          "Microsoft.Azure.Management.ServiceFabricManagedClusters.ServiceFabricManagedClustersManagementClient/1.0.0.0"
        ]
      },
      "ResponseHeaders": {
        "Cache-Control": [
          "no-cache"
        ],
        "Pragma": [
          "no-cache"
        ],
        "Strict-Transport-Security": [
          "max-age=31536000; includeSubDomains"
        ],
        "X-Content-Type-Options": [
          "nosniff"
        ],
        "Server": [
          "Microsoft-HTTPAPI/2.0,Microsoft-HTTPAPI/2.0 Microsoft-HTTPAPI/2.0"
        ],
        "x-ms-ratelimit-remaining-subscription-reads": [
          "11868"
        ],
        "x-ms-request-id": [
          "018921c4-85ba-43ac-a1f6-6c642aeb0254"
        ],
        "x-ms-correlation-request-id": [
          "018921c4-85ba-43ac-a1f6-6c642aeb0254"
        ],
        "x-ms-routing-request-id": [
          "WESTCENTRALUS:20210422T025240Z:018921c4-85ba-43ac-a1f6-6c642aeb0254"
        ],
        "Date": [
          "Thu, 22 Apr 2021 02:52:40 GMT"
        ],
        "Content-Length": [
          "191"
        ],
        "Content-Type": [
          "application/json; charset=utf-8"
        ],
        "Expires": [
          "-1"
        ]
      },
      "ResponseBody": "{\r\n  \"name\": \"dbf30005-8eb5-45af-ab2e-be127cf1c2a7\",\r\n  \"startTime\": \"2021-04-22T02:47:18.9433082Z\",\r\n  \"endTime\": \"0001-01-01T00:00:00\",\r\n  \"percentComplete\": 50.0,\r\n  \"status\": \"Created\"\r\n}",
      "StatusCode": 200
    },
    {
      "RequestUri": "/subscriptions/b36cdf46-b75d-4dc2-9fe1-1296ee8c623d/providers/Microsoft.ServiceFabric/locations/southcentralus/managedclusteroperations/dbf30005-8eb5-45af-ab2e-be127cf1c2a7?api-version=2021-05-01&Experiment=local",
      "EncodedRequestUri": "L3N1YnNjcmlwdGlvbnMvYjM2Y2RmNDYtYjc1ZC00ZGMyLTlmZTEtMTI5NmVlOGM2MjNkL3Byb3ZpZGVycy9NaWNyb3NvZnQuU2VydmljZUZhYnJpYy9sb2NhdGlvbnMvc291dGhjZW50cmFsdXMvbWFuYWdlZGNsdXN0ZXJvcGVyYXRpb25zL2RiZjMwMDA1LThlYjUtNDVhZi1hYjJlLWJlMTI3Y2YxYzJhNz9hcGktdmVyc2lvbj0yMDIxLTA1LTAxJkV4cGVyaW1lbnQ9bG9jYWw=",
      "RequestMethod": "GET",
      "RequestBody": "",
      "RequestHeaders": {
        "User-Agent": [
          "FxVersion/4.6.29916.01",
          "OSName/Windows",
          "OSVersion/Microsoft.Windows.10.0.19042.",
          "Microsoft.Azure.Management.ServiceFabricManagedClusters.ServiceFabricManagedClustersManagementClient/1.0.0.0"
        ]
      },
      "ResponseHeaders": {
        "Cache-Control": [
          "no-cache"
        ],
        "Pragma": [
          "no-cache"
        ],
        "Strict-Transport-Security": [
          "max-age=31536000; includeSubDomains"
        ],
        "X-Content-Type-Options": [
          "nosniff"
        ],
        "Server": [
          "Microsoft-HTTPAPI/2.0,Microsoft-HTTPAPI/2.0 Microsoft-HTTPAPI/2.0"
        ],
        "x-ms-ratelimit-remaining-subscription-reads": [
          "11866"
        ],
        "x-ms-request-id": [
          "8a365a14-2033-466b-9d59-950ae4d847f3"
        ],
        "x-ms-correlation-request-id": [
          "8a365a14-2033-466b-9d59-950ae4d847f3"
        ],
        "x-ms-routing-request-id": [
          "WESTCENTRALUS:20210422T025300Z:8a365a14-2033-466b-9d59-950ae4d847f3"
        ],
        "Date": [
          "Thu, 22 Apr 2021 02:53:00 GMT"
        ],
        "Content-Length": [
          "191"
        ],
        "Content-Type": [
          "application/json; charset=utf-8"
        ],
        "Expires": [
          "-1"
        ]
      },
      "ResponseBody": "{\r\n  \"name\": \"dbf30005-8eb5-45af-ab2e-be127cf1c2a7\",\r\n  \"startTime\": \"2021-04-22T02:47:18.9433082Z\",\r\n  \"endTime\": \"0001-01-01T00:00:00\",\r\n  \"percentComplete\": 50.0,\r\n  \"status\": \"Created\"\r\n}",
      "StatusCode": 200
    },
    {
      "RequestUri": "/subscriptions/b36cdf46-b75d-4dc2-9fe1-1296ee8c623d/providers/Microsoft.ServiceFabric/locations/southcentralus/managedclusteroperations/dbf30005-8eb5-45af-ab2e-be127cf1c2a7?api-version=2021-05-01&Experiment=local",
      "EncodedRequestUri": "L3N1YnNjcmlwdGlvbnMvYjM2Y2RmNDYtYjc1ZC00ZGMyLTlmZTEtMTI5NmVlOGM2MjNkL3Byb3ZpZGVycy9NaWNyb3NvZnQuU2VydmljZUZhYnJpYy9sb2NhdGlvbnMvc291dGhjZW50cmFsdXMvbWFuYWdlZGNsdXN0ZXJvcGVyYXRpb25zL2RiZjMwMDA1LThlYjUtNDVhZi1hYjJlLWJlMTI3Y2YxYzJhNz9hcGktdmVyc2lvbj0yMDIxLTA1LTAxJkV4cGVyaW1lbnQ9bG9jYWw=",
      "RequestMethod": "GET",
      "RequestBody": "",
      "RequestHeaders": {
        "User-Agent": [
          "FxVersion/4.6.29916.01",
          "OSName/Windows",
          "OSVersion/Microsoft.Windows.10.0.19042.",
          "Microsoft.Azure.Management.ServiceFabricManagedClusters.ServiceFabricManagedClustersManagementClient/1.0.0.0"
        ]
      },
      "ResponseHeaders": {
        "Cache-Control": [
          "no-cache"
        ],
        "Pragma": [
          "no-cache"
        ],
        "Strict-Transport-Security": [
          "max-age=31536000; includeSubDomains"
        ],
        "X-Content-Type-Options": [
          "nosniff"
        ],
        "Server": [
          "Microsoft-HTTPAPI/2.0,Microsoft-HTTPAPI/2.0 Microsoft-HTTPAPI/2.0"
        ],
        "x-ms-ratelimit-remaining-subscription-reads": [
          "11863"
        ],
        "x-ms-request-id": [
          "236d9fb6-cfef-4e8b-9f43-0435de27c2ee"
        ],
        "x-ms-correlation-request-id": [
          "236d9fb6-cfef-4e8b-9f43-0435de27c2ee"
        ],
        "x-ms-routing-request-id": [
          "WESTCENTRALUS:20210422T025320Z:236d9fb6-cfef-4e8b-9f43-0435de27c2ee"
        ],
        "Date": [
          "Thu, 22 Apr 2021 02:53:19 GMT"
        ],
        "Content-Length": [
          "191"
        ],
        "Content-Type": [
          "application/json; charset=utf-8"
        ],
        "Expires": [
          "-1"
        ]
      },
      "ResponseBody": "{\r\n  \"name\": \"dbf30005-8eb5-45af-ab2e-be127cf1c2a7\",\r\n  \"startTime\": \"2021-04-22T02:47:18.9433082Z\",\r\n  \"endTime\": \"0001-01-01T00:00:00\",\r\n  \"percentComplete\": 50.0,\r\n  \"status\": \"Created\"\r\n}",
      "StatusCode": 200
    },
    {
      "RequestUri": "/subscriptions/b36cdf46-b75d-4dc2-9fe1-1296ee8c623d/providers/Microsoft.ServiceFabric/locations/southcentralus/managedclusteroperations/dbf30005-8eb5-45af-ab2e-be127cf1c2a7?api-version=2021-05-01&Experiment=local",
      "EncodedRequestUri": "L3N1YnNjcmlwdGlvbnMvYjM2Y2RmNDYtYjc1ZC00ZGMyLTlmZTEtMTI5NmVlOGM2MjNkL3Byb3ZpZGVycy9NaWNyb3NvZnQuU2VydmljZUZhYnJpYy9sb2NhdGlvbnMvc291dGhjZW50cmFsdXMvbWFuYWdlZGNsdXN0ZXJvcGVyYXRpb25zL2RiZjMwMDA1LThlYjUtNDVhZi1hYjJlLWJlMTI3Y2YxYzJhNz9hcGktdmVyc2lvbj0yMDIxLTA1LTAxJkV4cGVyaW1lbnQ9bG9jYWw=",
      "RequestMethod": "GET",
      "RequestBody": "",
      "RequestHeaders": {
        "User-Agent": [
          "FxVersion/4.6.29916.01",
          "OSName/Windows",
          "OSVersion/Microsoft.Windows.10.0.19042.",
          "Microsoft.Azure.Management.ServiceFabricManagedClusters.ServiceFabricManagedClustersManagementClient/1.0.0.0"
        ]
      },
      "ResponseHeaders": {
        "Cache-Control": [
          "no-cache"
        ],
        "Pragma": [
          "no-cache"
        ],
        "Strict-Transport-Security": [
          "max-age=31536000; includeSubDomains"
        ],
        "X-Content-Type-Options": [
          "nosniff"
        ],
        "Server": [
          "Microsoft-HTTPAPI/2.0,Microsoft-HTTPAPI/2.0 Microsoft-HTTPAPI/2.0"
        ],
        "x-ms-ratelimit-remaining-subscription-reads": [
          "11858"
        ],
        "x-ms-request-id": [
          "c447b86b-1d20-404d-990d-2143c2ca0532"
        ],
        "x-ms-correlation-request-id": [
          "c447b86b-1d20-404d-990d-2143c2ca0532"
        ],
        "x-ms-routing-request-id": [
          "WESTCENTRALUS:20210422T025340Z:c447b86b-1d20-404d-990d-2143c2ca0532"
        ],
        "Date": [
          "Thu, 22 Apr 2021 02:53:40 GMT"
        ],
        "Content-Length": [
          "191"
        ],
        "Content-Type": [
          "application/json; charset=utf-8"
        ],
        "Expires": [
          "-1"
        ]
      },
      "ResponseBody": "{\r\n  \"name\": \"dbf30005-8eb5-45af-ab2e-be127cf1c2a7\",\r\n  \"startTime\": \"2021-04-22T02:47:18.9433082Z\",\r\n  \"endTime\": \"0001-01-01T00:00:00\",\r\n  \"percentComplete\": 50.0,\r\n  \"status\": \"Created\"\r\n}",
      "StatusCode": 200
    },
    {
      "RequestUri": "/subscriptions/b36cdf46-b75d-4dc2-9fe1-1296ee8c623d/providers/Microsoft.ServiceFabric/locations/southcentralus/managedclusteroperations/dbf30005-8eb5-45af-ab2e-be127cf1c2a7?api-version=2021-05-01&Experiment=local",
      "EncodedRequestUri": "L3N1YnNjcmlwdGlvbnMvYjM2Y2RmNDYtYjc1ZC00ZGMyLTlmZTEtMTI5NmVlOGM2MjNkL3Byb3ZpZGVycy9NaWNyb3NvZnQuU2VydmljZUZhYnJpYy9sb2NhdGlvbnMvc291dGhjZW50cmFsdXMvbWFuYWdlZGNsdXN0ZXJvcGVyYXRpb25zL2RiZjMwMDA1LThlYjUtNDVhZi1hYjJlLWJlMTI3Y2YxYzJhNz9hcGktdmVyc2lvbj0yMDIxLTA1LTAxJkV4cGVyaW1lbnQ9bG9jYWw=",
      "RequestMethod": "GET",
      "RequestBody": "",
      "RequestHeaders": {
        "User-Agent": [
          "FxVersion/4.6.29916.01",
          "OSName/Windows",
          "OSVersion/Microsoft.Windows.10.0.19042.",
          "Microsoft.Azure.Management.ServiceFabricManagedClusters.ServiceFabricManagedClustersManagementClient/1.0.0.0"
        ]
      },
      "ResponseHeaders": {
        "Cache-Control": [
          "no-cache"
        ],
        "Pragma": [
          "no-cache"
        ],
        "Strict-Transport-Security": [
          "max-age=31536000; includeSubDomains"
        ],
        "X-Content-Type-Options": [
          "nosniff"
        ],
        "Server": [
          "Microsoft-HTTPAPI/2.0,Microsoft-HTTPAPI/2.0 Microsoft-HTTPAPI/2.0"
        ],
        "x-ms-ratelimit-remaining-subscription-reads": [
          "11855"
        ],
        "x-ms-request-id": [
          "741e11b9-f9e0-4a19-84c4-431958200c81"
        ],
        "x-ms-correlation-request-id": [
          "741e11b9-f9e0-4a19-84c4-431958200c81"
        ],
        "x-ms-routing-request-id": [
          "WESTCENTRALUS:20210422T025400Z:741e11b9-f9e0-4a19-84c4-431958200c81"
        ],
        "Date": [
          "Thu, 22 Apr 2021 02:54:00 GMT"
        ],
        "Content-Length": [
          "191"
        ],
        "Content-Type": [
          "application/json; charset=utf-8"
        ],
        "Expires": [
          "-1"
        ]
      },
      "ResponseBody": "{\r\n  \"name\": \"dbf30005-8eb5-45af-ab2e-be127cf1c2a7\",\r\n  \"startTime\": \"2021-04-22T02:47:18.9433082Z\",\r\n  \"endTime\": \"0001-01-01T00:00:00\",\r\n  \"percentComplete\": 50.0,\r\n  \"status\": \"Created\"\r\n}",
      "StatusCode": 200
    },
    {
      "RequestUri": "/subscriptions/b36cdf46-b75d-4dc2-9fe1-1296ee8c623d/providers/Microsoft.ServiceFabric/locations/southcentralus/managedclusteroperations/dbf30005-8eb5-45af-ab2e-be127cf1c2a7?api-version=2021-05-01&Experiment=local",
      "EncodedRequestUri": "L3N1YnNjcmlwdGlvbnMvYjM2Y2RmNDYtYjc1ZC00ZGMyLTlmZTEtMTI5NmVlOGM2MjNkL3Byb3ZpZGVycy9NaWNyb3NvZnQuU2VydmljZUZhYnJpYy9sb2NhdGlvbnMvc291dGhjZW50cmFsdXMvbWFuYWdlZGNsdXN0ZXJvcGVyYXRpb25zL2RiZjMwMDA1LThlYjUtNDVhZi1hYjJlLWJlMTI3Y2YxYzJhNz9hcGktdmVyc2lvbj0yMDIxLTA1LTAxJkV4cGVyaW1lbnQ9bG9jYWw=",
      "RequestMethod": "GET",
      "RequestBody": "",
      "RequestHeaders": {
        "User-Agent": [
          "FxVersion/4.6.29916.01",
          "OSName/Windows",
          "OSVersion/Microsoft.Windows.10.0.19042.",
          "Microsoft.Azure.Management.ServiceFabricManagedClusters.ServiceFabricManagedClustersManagementClient/1.0.0.0"
        ]
      },
      "ResponseHeaders": {
        "Cache-Control": [
          "no-cache"
        ],
        "Pragma": [
          "no-cache"
        ],
        "Strict-Transport-Security": [
          "max-age=31536000; includeSubDomains"
        ],
        "X-Content-Type-Options": [
          "nosniff"
        ],
        "Server": [
          "Microsoft-HTTPAPI/2.0,Microsoft-HTTPAPI/2.0 Microsoft-HTTPAPI/2.0"
        ],
        "x-ms-ratelimit-remaining-subscription-reads": [
          "11850"
        ],
        "x-ms-request-id": [
          "a78f78a2-be45-442e-9706-1872e1cd1970"
        ],
        "x-ms-correlation-request-id": [
          "a78f78a2-be45-442e-9706-1872e1cd1970"
        ],
        "x-ms-routing-request-id": [
          "WESTCENTRALUS:20210422T025421Z:a78f78a2-be45-442e-9706-1872e1cd1970"
        ],
        "Date": [
          "Thu, 22 Apr 2021 02:54:20 GMT"
        ],
        "Content-Length": [
          "203"
        ],
        "Content-Type": [
          "application/json; charset=utf-8"
        ],
        "Expires": [
          "-1"
        ]
      },
      "ResponseBody": "{\r\n  \"name\": \"dbf30005-8eb5-45af-ab2e-be127cf1c2a7\",\r\n  \"startTime\": \"2021-04-22T02:47:18.9433082Z\",\r\n  \"endTime\": \"2021-04-22T02:54:20.9949364Z\",\r\n  \"percentComplete\": 100.0,\r\n  \"status\": \"Succeeded\"\r\n}",
      "StatusCode": 200
    },
    {
      "RequestUri": "/subscriptions/b36cdf46-b75d-4dc2-9fe1-1296ee8c623d/resourceGroups/sfmcps-rg-ps1864/providers/Microsoft.ServiceFabric/managedclusters/sfmcps-ps1078/applicationTypes?api-version=2021-05-01",
      "EncodedRequestUri": "L3N1YnNjcmlwdGlvbnMvYjM2Y2RmNDYtYjc1ZC00ZGMyLTlmZTEtMTI5NmVlOGM2MjNkL3Jlc291cmNlR3JvdXBzL3NmbWNwcy1yZy1wczE4NjQvcHJvdmlkZXJzL01pY3Jvc29mdC5TZXJ2aWNlRmFicmljL21hbmFnZWRjbHVzdGVycy9zZm1jcHMtcHMxMDc4L2FwcGxpY2F0aW9uVHlwZXM/YXBpLXZlcnNpb249MjAyMS0wNS0wMQ==",
      "RequestMethod": "GET",
      "RequestBody": "",
      "RequestHeaders": {
        "x-ms-client-request-id": [
          "bdb653af-b4a5-4937-8608-062927db5b3f"
        ],
        "Accept-Language": [
          "en-US"
        ],
        "User-Agent": [
          "FxVersion/4.6.29916.01",
          "OSName/Windows",
          "OSVersion/Microsoft.Windows.10.0.19042.",
          "Microsoft.Azure.Management.ServiceFabricManagedClusters.ServiceFabricManagedClustersManagementClient/1.0.0.0"
        ]
      },
      "ResponseHeaders": {
        "Cache-Control": [
          "no-cache"
        ],
        "Pragma": [
          "no-cache"
        ],
        "Strict-Transport-Security": [
          "max-age=31536000; includeSubDomains"
        ],
        "X-Content-Type-Options": [
          "nosniff"
        ],
        "Server": [
          "Microsoft-HTTPAPI/2.0,Microsoft-HTTPAPI/2.0 Microsoft-HTTPAPI/2.0"
        ],
        "x-ms-ratelimit-remaining-subscription-reads": [
          "11844"
        ],
        "x-ms-request-id": [
          "a3751a54-c44b-4ad5-b502-0c3bba4b5248"
        ],
        "x-ms-correlation-request-id": [
          "a3751a54-c44b-4ad5-b502-0c3bba4b5248"
        ],
        "x-ms-routing-request-id": [
          "WESTCENTRALUS:20210422T025920Z:a3751a54-c44b-4ad5-b502-0c3bba4b5248"
        ],
        "Date": [
          "Thu, 22 Apr 2021 02:59:20 GMT"
        ],
        "Content-Length": [
          "19"
        ],
        "Content-Type": [
          "application/json; charset=utf-8"
        ],
        "Expires": [
          "-1"
        ]
      },
      "ResponseBody": "{\r\n  \"value\": []\r\n}",
      "StatusCode": 200
    },
    {
      "RequestUri": "/subscriptions/b36cdf46-b75d-4dc2-9fe1-1296ee8c623d/resourceGroups/sfmcps-rg-ps1864/providers/Microsoft.ServiceFabric/managedclusters/sfmcps-ps1078/applicationTypes/VotingType?api-version=2021-05-01",
      "EncodedRequestUri": "L3N1YnNjcmlwdGlvbnMvYjM2Y2RmNDYtYjc1ZC00ZGMyLTlmZTEtMTI5NmVlOGM2MjNkL3Jlc291cmNlR3JvdXBzL3NmbWNwcy1yZy1wczE4NjQvcHJvdmlkZXJzL01pY3Jvc29mdC5TZXJ2aWNlRmFicmljL21hbmFnZWRjbHVzdGVycy9zZm1jcHMtcHMxMDc4L2FwcGxpY2F0aW9uVHlwZXMvVm90aW5nVHlwZT9hcGktdmVyc2lvbj0yMDIxLTA1LTAx",
      "RequestMethod": "GET",
      "RequestBody": "",
      "RequestHeaders": {
        "x-ms-client-request-id": [
          "133a1703-acc0-4d9e-952d-4da403863ec8"
        ],
        "Accept-Language": [
          "en-US"
        ],
        "User-Agent": [
          "FxVersion/4.6.29916.01",
          "OSName/Windows",
          "OSVersion/Microsoft.Windows.10.0.19042.",
          "Microsoft.Azure.Management.ServiceFabricManagedClusters.ServiceFabricManagedClustersManagementClient/1.0.0.0"
        ]
      },
      "ResponseHeaders": {
        "Cache-Control": [
          "no-cache"
        ],
        "Pragma": [
          "no-cache"
        ],
        "Strict-Transport-Security": [
          "max-age=31536000; includeSubDomains"
        ],
        "X-Content-Type-Options": [
          "nosniff"
        ],
        "Server": [
          "Microsoft-HTTPAPI/2.0,Microsoft-HTTPAPI/2.0 Microsoft-HTTPAPI/2.0"
        ],
        "x-ms-ratelimit-remaining-subscription-reads": [
          "11842"
        ],
        "x-ms-request-id": [
          "ddfbff16-aef6-4d8a-9f4d-32beaae42fc7"
        ],
        "x-ms-correlation-request-id": [
          "ddfbff16-aef6-4d8a-9f4d-32beaae42fc7"
        ],
        "x-ms-routing-request-id": [
          "WESTCENTRALUS:20210422T025920Z:ddfbff16-aef6-4d8a-9f4d-32beaae42fc7"
        ],
        "Date": [
          "Thu, 22 Apr 2021 02:59:20 GMT"
        ],
        "Content-Length": [
          "153"
        ],
        "Content-Type": [
          "application/json; charset=utf-8"
        ],
        "Expires": [
          "-1"
        ]
      },
      "ResponseBody": "{\r\n  \"error\": {\r\n    \"code\": \"NotFound\",\r\n    \"message\": \"GetEntityFromTable: the ApplicationTypeData b00c5bef-12c2-4893-af84-aaaeb6c21990&votingtype could not be found.\"\r\n  }\r\n}",
      "StatusCode": 404
    },
    {
      "RequestUri": "/subscriptions/b36cdf46-b75d-4dc2-9fe1-1296ee8c623d/resourceGroups/sfmcps-rg-ps1864/providers/Microsoft.ServiceFabric/managedclusters/sfmcps-ps1078/applicationTypes/VotingType?api-version=2021-05-01",
      "EncodedRequestUri": "L3N1YnNjcmlwdGlvbnMvYjM2Y2RmNDYtYjc1ZC00ZGMyLTlmZTEtMTI5NmVlOGM2MjNkL3Jlc291cmNlR3JvdXBzL3NmbWNwcy1yZy1wczE4NjQvcHJvdmlkZXJzL01pY3Jvc29mdC5TZXJ2aWNlRmFicmljL21hbmFnZWRjbHVzdGVycy9zZm1jcHMtcHMxMDc4L2FwcGxpY2F0aW9uVHlwZXMvVm90aW5nVHlwZT9hcGktdmVyc2lvbj0yMDIxLTA1LTAx",
      "RequestMethod": "GET",
      "RequestBody": "",
      "RequestHeaders": {
        "x-ms-client-request-id": [
          "4eb64171-60e8-4976-8e28-f7864351f8d6"
        ],
        "Accept-Language": [
          "en-US"
        ],
        "User-Agent": [
          "FxVersion/4.6.29916.01",
          "OSName/Windows",
          "OSVersion/Microsoft.Windows.10.0.19042.",
          "Microsoft.Azure.Management.ServiceFabricManagedClusters.ServiceFabricManagedClustersManagementClient/1.0.0.0"
        ]
      },
      "ResponseHeaders": {
        "Cache-Control": [
          "no-cache"
        ],
        "Pragma": [
          "no-cache"
        ],
        "Strict-Transport-Security": [
          "max-age=31536000; includeSubDomains"
        ],
        "X-Content-Type-Options": [
          "nosniff"
        ],
        "Server": [
          "Microsoft-HTTPAPI/2.0,Microsoft-HTTPAPI/2.0 Microsoft-HTTPAPI/2.0"
        ],
        "x-ms-ratelimit-remaining-subscription-reads": [
          "11841"
        ],
        "x-ms-request-id": [
          "901832a8-74e1-406e-9918-f3a07034f86f"
        ],
        "x-ms-correlation-request-id": [
          "901832a8-74e1-406e-9918-f3a07034f86f"
        ],
        "x-ms-routing-request-id": [
          "WESTCENTRALUS:20210422T025921Z:901832a8-74e1-406e-9918-f3a07034f86f"
        ],
        "Date": [
          "Thu, 22 Apr 2021 02:59:21 GMT"
        ],
        "Content-Length": [
          "722"
        ],
        "Content-Type": [
          "application/json; charset=utf-8"
        ],
        "Expires": [
          "-1"
        ]
      },
      "ResponseBody": "{\r\n  \"id\": \"/subscriptions/b36cdf46-b75d-4dc2-9fe1-1296ee8c623d/resourcegroups/sfmcps-rg-ps1864/providers/Microsoft.ServiceFabric/managedClusters/sfmcps-ps1078/applicationTypes/VotingType\",\r\n  \"type\": \"Microsoft.ServiceFabric/managedclusters/applicationTypes\",\r\n  \"location\": \"southcentralus\",\r\n  \"name\": \"VotingType\",\r\n  \"systemData\": {\r\n    \"createdBy\": \"b4f91a72-fd09-4e86-9280-7e0eae864947\",\r\n    \"createdByType\": \"Application\",\r\n    \"createdAt\": \"2021-04-21T19:59:21.2007396-07:00\",\r\n    \"lastModifiedBy\": \"b4f91a72-fd09-4e86-9280-7e0eae864947\",\r\n    \"lastModifiedByType\": \"Application\",\r\n    \"lastModifiedAt\": \"2021-04-21T19:59:21.2007396-07:00\"\r\n  },\r\n  \"properties\": {\r\n    \"provisioningState\": \"Succeeded\"\r\n  }\r\n}",
      "StatusCode": 200
    },
    {
      "RequestUri": "/subscriptions/b36cdf46-b75d-4dc2-9fe1-1296ee8c623d/resourceGroups/sfmcps-rg-ps1864/providers/Microsoft.ServiceFabric/managedclusters/sfmcps-ps1078/applicationTypes/VotingType?api-version=2021-05-01",
      "EncodedRequestUri": "L3N1YnNjcmlwdGlvbnMvYjM2Y2RmNDYtYjc1ZC00ZGMyLTlmZTEtMTI5NmVlOGM2MjNkL3Jlc291cmNlR3JvdXBzL3NmbWNwcy1yZy1wczE4NjQvcHJvdmlkZXJzL01pY3Jvc29mdC5TZXJ2aWNlRmFicmljL21hbmFnZWRjbHVzdGVycy9zZm1jcHMtcHMxMDc4L2FwcGxpY2F0aW9uVHlwZXMvVm90aW5nVHlwZT9hcGktdmVyc2lvbj0yMDIxLTA1LTAx",
      "RequestMethod": "GET",
      "RequestBody": "",
      "RequestHeaders": {
        "x-ms-client-request-id": [
          "270e29bd-a4fd-4108-af11-4e1e1bc6bebd"
        ],
        "Accept-Language": [
          "en-US"
        ],
        "User-Agent": [
          "FxVersion/4.6.29916.01",
          "OSName/Windows",
          "OSVersion/Microsoft.Windows.10.0.19042.",
          "Microsoft.Azure.Management.ServiceFabricManagedClusters.ServiceFabricManagedClustersManagementClient/1.0.0.0"
        ]
      },
      "ResponseHeaders": {
        "Cache-Control": [
          "no-cache"
        ],
        "Pragma": [
          "no-cache"
        ],
        "Strict-Transport-Security": [
          "max-age=31536000; includeSubDomains"
        ],
        "X-Content-Type-Options": [
          "nosniff"
        ],
        "Server": [
          "Microsoft-HTTPAPI/2.0,Microsoft-HTTPAPI/2.0 Microsoft-HTTPAPI/2.0"
        ],
        "x-ms-ratelimit-remaining-subscription-reads": [
          "11840"
        ],
        "x-ms-request-id": [
          "851f1703-71ca-4fad-8f3e-e1145a4c5fa8"
        ],
        "x-ms-correlation-request-id": [
          "851f1703-71ca-4fad-8f3e-e1145a4c5fa8"
        ],
        "x-ms-routing-request-id": [
          "WESTCENTRALUS:20210422T025921Z:851f1703-71ca-4fad-8f3e-e1145a4c5fa8"
        ],
        "Date": [
          "Thu, 22 Apr 2021 02:59:21 GMT"
        ],
        "Content-Length": [
          "756"
        ],
        "Content-Type": [
          "application/json; charset=utf-8"
        ],
        "Expires": [
          "-1"
        ]
      },
      "ResponseBody": "{\r\n  \"id\": \"/subscriptions/b36cdf46-b75d-4dc2-9fe1-1296ee8c623d/resourcegroups/sfmcps-rg-ps1864/providers/Microsoft.ServiceFabric/managedClusters/sfmcps-ps1078/applicationTypes/VotingType\",\r\n  \"type\": \"Microsoft.ServiceFabric/managedclusters/applicationTypes\",\r\n  \"location\": \"southcentralus\",\r\n  \"name\": \"VotingType\",\r\n  \"tags\": {\r\n    \"test\": \"tag\"\r\n  },\r\n  \"systemData\": {\r\n    \"createdBy\": \"b4f91a72-fd09-4e86-9280-7e0eae864947\",\r\n    \"createdByType\": \"Application\",\r\n    \"createdAt\": \"2021-04-21T19:59:21.72575-07:00\",\r\n    \"lastModifiedBy\": \"b4f91a72-fd09-4e86-9280-7e0eae864947\",\r\n    \"lastModifiedByType\": \"Application\",\r\n    \"lastModifiedAt\": \"2021-04-21T19:59:21.72575-07:00\"\r\n  },\r\n  \"properties\": {\r\n    \"provisioningState\": \"Succeeded\"\r\n  }\r\n}",
      "StatusCode": 200
    },
    {
      "RequestUri": "/subscriptions/b36cdf46-b75d-4dc2-9fe1-1296ee8c623d/resourceGroups/sfmcps-rg-ps1864/providers/Microsoft.ServiceFabric/managedclusters/sfmcps-ps1078/applicationTypes/VotingType?api-version=2021-05-01",
      "EncodedRequestUri": "L3N1YnNjcmlwdGlvbnMvYjM2Y2RmNDYtYjc1ZC00ZGMyLTlmZTEtMTI5NmVlOGM2MjNkL3Jlc291cmNlR3JvdXBzL3NmbWNwcy1yZy1wczE4NjQvcHJvdmlkZXJzL01pY3Jvc29mdC5TZXJ2aWNlRmFicmljL21hbmFnZWRjbHVzdGVycy9zZm1jcHMtcHMxMDc4L2FwcGxpY2F0aW9uVHlwZXMvVm90aW5nVHlwZT9hcGktdmVyc2lvbj0yMDIxLTA1LTAx",
      "RequestMethod": "GET",
      "RequestBody": "",
      "RequestHeaders": {
        "x-ms-client-request-id": [
          "cda89b52-9661-4645-af02-e7014044f141"
        ],
        "Accept-Language": [
          "en-US"
        ],
        "User-Agent": [
          "FxVersion/4.6.29916.01",
          "OSName/Windows",
          "OSVersion/Microsoft.Windows.10.0.19042.",
          "Microsoft.Azure.Management.ServiceFabricManagedClusters.ServiceFabricManagedClustersManagementClient/1.0.0.0"
        ]
      },
      "ResponseHeaders": {
        "Cache-Control": [
          "no-cache"
        ],
        "Pragma": [
          "no-cache"
        ],
        "Strict-Transport-Security": [
          "max-age=31536000; includeSubDomains"
        ],
        "X-Content-Type-Options": [
          "nosniff"
        ],
        "Server": [
          "Microsoft-HTTPAPI/2.0,Microsoft-HTTPAPI/2.0 Microsoft-HTTPAPI/2.0"
        ],
        "x-ms-ratelimit-remaining-subscription-reads": [
          "11839"
        ],
        "x-ms-request-id": [
          "7512b5c8-2b54-4d2f-a391-f435b1cb0ca5"
        ],
        "x-ms-correlation-request-id": [
          "7512b5c8-2b54-4d2f-a391-f435b1cb0ca5"
        ],
        "x-ms-routing-request-id": [
          "WESTCENTRALUS:20210422T025922Z:7512b5c8-2b54-4d2f-a391-f435b1cb0ca5"
        ],
        "Date": [
          "Thu, 22 Apr 2021 02:59:22 GMT"
        ],
        "Content-Length": [
          "153"
        ],
        "Content-Type": [
          "application/json; charset=utf-8"
        ],
        "Expires": [
          "-1"
        ]
      },
      "ResponseBody": "{\r\n  \"error\": {\r\n    \"code\": \"NotFound\",\r\n    \"message\": \"GetEntityFromTable: the ApplicationTypeData b00c5bef-12c2-4893-af84-aaaeb6c21990&votingtype could not be found.\"\r\n  }\r\n}",
      "StatusCode": 404
    },
    {
      "RequestUri": "/subscriptions/b36cdf46-b75d-4dc2-9fe1-1296ee8c623d/resourceGroups/sfmcps-rg-ps1864/providers/Microsoft.ServiceFabric/managedclusters/sfmcps-ps1078/applicationTypes/VotingType?api-version=2021-05-01",
      "EncodedRequestUri": "L3N1YnNjcmlwdGlvbnMvYjM2Y2RmNDYtYjc1ZC00ZGMyLTlmZTEtMTI5NmVlOGM2MjNkL3Jlc291cmNlR3JvdXBzL3NmbWNwcy1yZy1wczE4NjQvcHJvdmlkZXJzL01pY3Jvc29mdC5TZXJ2aWNlRmFicmljL21hbmFnZWRjbHVzdGVycy9zZm1jcHMtcHMxMDc4L2FwcGxpY2F0aW9uVHlwZXMvVm90aW5nVHlwZT9hcGktdmVyc2lvbj0yMDIxLTA1LTAx",
      "RequestMethod": "PUT",
      "RequestBody": "{\r\n  \"location\": \"southcentralus\"\r\n}",
      "RequestHeaders": {
        "x-ms-client-request-id": [
          "133a1703-acc0-4d9e-952d-4da403863ec8"
        ],
        "Accept-Language": [
          "en-US"
        ],
        "User-Agent": [
          "FxVersion/4.6.29916.01",
          "OSName/Windows",
          "OSVersion/Microsoft.Windows.10.0.19042.",
          "Microsoft.Azure.Management.ServiceFabricManagedClusters.ServiceFabricManagedClustersManagementClient/1.0.0.0"
        ],
        "Content-Type": [
          "application/json; charset=utf-8"
        ],
        "Content-Length": [
          "36"
        ]
      },
      "ResponseHeaders": {
        "Cache-Control": [
          "no-cache"
        ],
        "Pragma": [
          "no-cache"
        ],
        "Strict-Transport-Security": [
          "max-age=31536000; includeSubDomains"
        ],
        "X-Content-Type-Options": [
          "nosniff"
        ],
        "Server": [
          "Microsoft-HTTPAPI/2.0,Microsoft-HTTPAPI/2.0 Microsoft-HTTPAPI/2.0"
        ],
        "x-ms-ratelimit-remaining-subscription-writes": [
          "1197"
        ],
        "x-ms-request-id": [
          "23abcf95-7d80-4ee7-b2f8-81bd0ff605b5"
        ],
        "x-ms-correlation-request-id": [
          "23abcf95-7d80-4ee7-b2f8-81bd0ff605b5"
        ],
        "x-ms-routing-request-id": [
          "WESTCENTRALUS:20210422T025921Z:23abcf95-7d80-4ee7-b2f8-81bd0ff605b5"
        ],
        "Date": [
          "Thu, 22 Apr 2021 02:59:21 GMT"
        ],
        "Content-Length": [
          "722"
        ],
        "Content-Type": [
          "application/json; charset=utf-8"
        ],
        "Expires": [
          "-1"
        ]
      },
      "ResponseBody": "{\r\n  \"id\": \"/subscriptions/b36cdf46-b75d-4dc2-9fe1-1296ee8c623d/resourcegroups/sfmcps-rg-ps1864/providers/Microsoft.ServiceFabric/managedClusters/sfmcps-ps1078/applicationTypes/VotingType\",\r\n  \"type\": \"Microsoft.ServiceFabric/managedclusters/applicationTypes\",\r\n  \"location\": \"southcentralus\",\r\n  \"name\": \"VotingType\",\r\n  \"systemData\": {\r\n    \"createdBy\": \"b4f91a72-fd09-4e86-9280-7e0eae864947\",\r\n    \"createdByType\": \"Application\",\r\n    \"createdAt\": \"2021-04-21T19:59:21.2007396-07:00\",\r\n    \"lastModifiedBy\": \"b4f91a72-fd09-4e86-9280-7e0eae864947\",\r\n    \"lastModifiedByType\": \"Application\",\r\n    \"lastModifiedAt\": \"2021-04-21T19:59:21.2007396-07:00\"\r\n  },\r\n  \"properties\": {\r\n    \"provisioningState\": \"Succeeded\"\r\n  }\r\n}",
      "StatusCode": 200
    },
    {
      "RequestUri": "/subscriptions/b36cdf46-b75d-4dc2-9fe1-1296ee8c623d/resourceGroups/sfmcps-rg-ps1864/providers/Microsoft.ServiceFabric/managedclusters/sfmcps-ps1078/applicationTypes/VotingType?api-version=2021-05-01",
      "EncodedRequestUri": "L3N1YnNjcmlwdGlvbnMvYjM2Y2RmNDYtYjc1ZC00ZGMyLTlmZTEtMTI5NmVlOGM2MjNkL3Jlc291cmNlR3JvdXBzL3NmbWNwcy1yZy1wczE4NjQvcHJvdmlkZXJzL01pY3Jvc29mdC5TZXJ2aWNlRmFicmljL21hbmFnZWRjbHVzdGVycy9zZm1jcHMtcHMxMDc4L2FwcGxpY2F0aW9uVHlwZXMvVm90aW5nVHlwZT9hcGktdmVyc2lvbj0yMDIxLTA1LTAx",
      "RequestMethod": "PUT",
      "RequestBody": "{\r\n  \"location\": \"southcentralus\",\r\n  \"tags\": {\r\n    \"test\": \"tag\"\r\n  }\r\n}",
      "RequestHeaders": {
        "x-ms-client-request-id": [
          "5f75681c-40b6-43c2-b2e9-03942fda7b04"
        ],
        "Accept-Language": [
          "en-US"
        ],
        "User-Agent": [
          "FxVersion/4.6.29916.01",
          "OSName/Windows",
          "OSVersion/Microsoft.Windows.10.0.19042.",
          "Microsoft.Azure.Management.ServiceFabricManagedClusters.ServiceFabricManagedClustersManagementClient/1.0.0.0"
        ],
        "Content-Type": [
          "application/json; charset=utf-8"
        ],
        "Content-Length": [
          "74"
        ]
      },
      "ResponseHeaders": {
        "Cache-Control": [
          "no-cache"
        ],
        "Pragma": [
          "no-cache"
        ],
        "Strict-Transport-Security": [
          "max-age=31536000; includeSubDomains"
        ],
        "X-Content-Type-Options": [
          "nosniff"
        ],
        "Server": [
          "Microsoft-HTTPAPI/2.0,Microsoft-HTTPAPI/2.0 Microsoft-HTTPAPI/2.0"
        ],
        "x-ms-ratelimit-remaining-subscription-writes": [
          "1196"
        ],
        "x-ms-request-id": [
          "87101784-cd07-440a-8681-d457b4751740"
        ],
        "x-ms-correlation-request-id": [
          "87101784-cd07-440a-8681-d457b4751740"
        ],
        "x-ms-routing-request-id": [
          "WESTCENTRALUS:20210422T025921Z:87101784-cd07-440a-8681-d457b4751740"
        ],
        "Date": [
          "Thu, 22 Apr 2021 02:59:21 GMT"
        ],
        "Content-Length": [
          "756"
        ],
        "Content-Type": [
          "application/json; charset=utf-8"
        ],
        "Expires": [
          "-1"
        ]
      },
      "ResponseBody": "{\r\n  \"id\": \"/subscriptions/b36cdf46-b75d-4dc2-9fe1-1296ee8c623d/resourcegroups/sfmcps-rg-ps1864/providers/Microsoft.ServiceFabric/managedClusters/sfmcps-ps1078/applicationTypes/VotingType\",\r\n  \"type\": \"Microsoft.ServiceFabric/managedclusters/applicationTypes\",\r\n  \"location\": \"southcentralus\",\r\n  \"name\": \"VotingType\",\r\n  \"tags\": {\r\n    \"test\": \"tag\"\r\n  },\r\n  \"systemData\": {\r\n    \"createdBy\": \"b4f91a72-fd09-4e86-9280-7e0eae864947\",\r\n    \"createdByType\": \"Application\",\r\n    \"createdAt\": \"2021-04-21T19:59:21.72575-07:00\",\r\n    \"lastModifiedBy\": \"b4f91a72-fd09-4e86-9280-7e0eae864947\",\r\n    \"lastModifiedByType\": \"Application\",\r\n    \"lastModifiedAt\": \"2021-04-21T19:59:21.72575-07:00\"\r\n  },\r\n  \"properties\": {\r\n    \"provisioningState\": \"Succeeded\"\r\n  }\r\n}",
      "StatusCode": 200
    },
    {
      "RequestUri": "/subscriptions/b36cdf46-b75d-4dc2-9fe1-1296ee8c623d/resourceGroups/sfmcps-rg-ps1864/providers/Microsoft.ServiceFabric/managedclusters/sfmcps-ps1078/applicationTypes/VotingType?api-version=2021-05-01",
      "EncodedRequestUri": "L3N1YnNjcmlwdGlvbnMvYjM2Y2RmNDYtYjc1ZC00ZGMyLTlmZTEtMTI5NmVlOGM2MjNkL3Jlc291cmNlR3JvdXBzL3NmbWNwcy1yZy1wczE4NjQvcHJvdmlkZXJzL01pY3Jvc29mdC5TZXJ2aWNlRmFicmljL21hbmFnZWRjbHVzdGVycy9zZm1jcHMtcHMxMDc4L2FwcGxpY2F0aW9uVHlwZXMvVm90aW5nVHlwZT9hcGktdmVyc2lvbj0yMDIxLTA1LTAx",
      "RequestMethod": "DELETE",
      "RequestBody": "",
      "RequestHeaders": {
        "x-ms-client-request-id": [
          "270b216d-c71c-4c61-8395-f033886bc549"
        ],
        "Accept-Language": [
          "en-US"
        ],
        "User-Agent": [
          "FxVersion/4.6.29916.01",
          "OSName/Windows",
          "OSVersion/Microsoft.Windows.10.0.19042.",
          "Microsoft.Azure.Management.ServiceFabricManagedClusters.ServiceFabricManagedClustersManagementClient/1.0.0.0"
        ]
      },
      "ResponseHeaders": {
        "Cache-Control": [
          "no-cache"
        ],
        "Pragma": [
          "no-cache"
        ],
        "Strict-Transport-Security": [
          "max-age=31536000; includeSubDomains"
        ],
        "X-Content-Type-Options": [
          "nosniff"
        ],
        "Server": [
          "Microsoft-HTTPAPI/2.0,Microsoft-HTTPAPI/2.0 Microsoft-HTTPAPI/2.0"
        ],
        "x-ms-ratelimit-remaining-subscription-deletes": [
          "14999"
        ],
        "x-ms-request-id": [
          "b6f4d380-b5f6-42cf-a726-4ed998823f9e"
        ],
        "x-ms-correlation-request-id": [
          "b6f4d380-b5f6-42cf-a726-4ed998823f9e"
        ],
        "x-ms-routing-request-id": [
          "WESTCENTRALUS:20210422T025922Z:b6f4d380-b5f6-42cf-a726-4ed998823f9e"
        ],
        "Date": [
          "Thu, 22 Apr 2021 02:59:21 GMT"
        ],
        "Expires": [
          "-1"
        ]
      },
      "ResponseBody": "",
      "StatusCode": 204
    }
  ],
  "Names": {
    "Test-ManagedAppType": [
      "ps1864",
      "ps1078"
    ]
  },
  "Variables": {
    "SubscriptionId": "b36cdf46-b75d-4dc2-9fe1-1296ee8c623d"
  }
}