{
  "Entries": [
    {
      "RequestUri": "/subscriptions/d128f140-94e6-4175-87a7-954b9d27db16/resourcegroups/onesdk5917?api-version=2016-02-01",
      "EncodedRequestUri": "L3N1YnNjcmlwdGlvbnMvZDEyOGYxNDAtOTRlNi00MTc1LTg3YTctOTU0YjlkMjdkYjE2L3Jlc291cmNlZ3JvdXBzL29uZXNkazU5MTc/YXBpLXZlcnNpb249MjAxNi0wMi0wMQ==",
      "RequestMethod": "PUT",
      "RequestBody": "{\r\n  \"location\": \"southcentralus\"\r\n}",
      "RequestHeaders": {
        "Content-Type": [
          "application/json; charset=utf-8"
        ],
        "Content-Length": [
          "36"
        ],
        "User-Agent": [
          "Microsoft.Azure.Management.Resources.ResourceManagementClient/2.0.0.0"
        ]
      },
      "ResponseBody": "{\r\n  \"id\": \"/subscriptions/d128f140-94e6-4175-87a7-954b9d27db16/resourceGroups/onesdk5917\",\r\n  \"name\": \"onesdk5917\",\r\n  \"location\": \"southcentralus\",\r\n  \"properties\": {\r\n    \"provisioningState\": \"Succeeded\"\r\n  }\r\n}",
      "ResponseHeaders": {
        "Content-Length": [
          "181"
        ],
        "Content-Type": [
          "application/json; charset=utf-8"
        ],
        "Expires": [
          "-1"
        ],
        "Pragma": [
          "no-cache"
        ],
        "x-ms-ratelimit-remaining-subscription-writes": [
          "1188"
        ],
        "x-ms-request-id": [
          "8eb482bb-642a-4ee7-aee1-867affa4eaf0"
        ],
        "x-ms-correlation-request-id": [
          "8eb482bb-642a-4ee7-aee1-867affa4eaf0"
        ],
        "x-ms-routing-request-id": [
          "WESTUS2:20170412T003607Z:8eb482bb-642a-4ee7-aee1-867affa4eaf0"
        ],
        "Strict-Transport-Security": [
          "max-age=31536000; includeSubDomains"
        ],
        "Cache-Control": [
          "no-cache"
        ],
        "Date": [
          "Wed, 12 Apr 2017 00:36:07 GMT"
        ]
      },
      "StatusCode": 201
    },
    {
      "RequestUri": "/subscriptions/d128f140-94e6-4175-87a7-954b9d27db16/resourceGroups/onesdk5917/providers/Microsoft.Storage/storageAccounts/onesdk6382?api-version=2015-06-15",
      "EncodedRequestUri": "L3N1YnNjcmlwdGlvbnMvZDEyOGYxNDAtOTRlNi00MTc1LTg3YTctOTU0YjlkMjdkYjE2L3Jlc291cmNlR3JvdXBzL29uZXNkazU5MTcvcHJvdmlkZXJzL01pY3Jvc29mdC5TdG9yYWdlL3N0b3JhZ2VBY2NvdW50cy9vbmVzZGs2MzgyP2FwaS12ZXJzaW9uPTIwMTUtMDYtMTU=",
      "RequestMethod": "PUT",
      "RequestBody": "{\r\n  \"location\": \"southcentralus\",\r\n  \"properties\": {\r\n    \"accountType\": \"Standard_LRS\"\r\n  }\r\n}",
      "RequestHeaders": {
        "Content-Type": [
          "application/json"
        ],
        "Content-Length": [
          "96"
        ],
        "x-ms-client-request-id": [
          "06e7c23d-2019-4e94-b6ec-39e1158a6054"
        ],
        "User-Agent": [
          "Microsoft.Azure.Management.Storage.StorageManagementClient/3.0.0.0"
        ]
      },
      "ResponseBody": "",
      "ResponseHeaders": {
        "Content-Length": [
          "0"
        ],
        "Expires": [
          "-1"
        ],
        "Pragma": [
          "no-cache"
        ],
        "Retry-After": [
          "17"
        ],
        "x-ms-ratelimit-remaining-subscription-writes": [
          "1195"
        ],
        "x-ms-request-id": [
          "75efad4f-efc5-421f-ac6d-42d6d619d0d8"
        ],
        "Cache-Control": [
          "no-cache"
        ],
        "Location": [
          "https://management.azure.com/subscriptions/d128f140-94e6-4175-87a7-954b9d27db16/providers/Microsoft.Storage/operations/626f359c-62a9-4f5c-8268-1b3ac85ed1bf?monitor=true&api-version=2015-06-15"
        ],
        "Server": [
          "Microsoft-Azure-Storage-Resource-Provider/1.0",
          "Microsoft-HTTPAPI/2.0"
        ],
        "x-ms-correlation-request-id": [
          "75efad4f-efc5-421f-ac6d-42d6d619d0d8"
        ],
        "x-ms-routing-request-id": [
          "WESTUS2:20170412T003609Z:75efad4f-efc5-421f-ac6d-42d6d619d0d8"
        ],
        "Strict-Transport-Security": [
          "max-age=31536000; includeSubDomains"
        ],
        "Date": [
          "Wed, 12 Apr 2017 00:36:09 GMT"
        ]
      },
      "StatusCode": 202
    },
    {
      "RequestUri": "/subscriptions/d128f140-94e6-4175-87a7-954b9d27db16/providers/Microsoft.Storage/operations/626f359c-62a9-4f5c-8268-1b3ac85ed1bf?monitor=true&api-version=2015-06-15",
      "EncodedRequestUri": "L3N1YnNjcmlwdGlvbnMvZDEyOGYxNDAtOTRlNi00MTc1LTg3YTctOTU0YjlkMjdkYjE2L3Byb3ZpZGVycy9NaWNyb3NvZnQuU3RvcmFnZS9vcGVyYXRpb25zLzYyNmYzNTljLTYyYTktNGY1Yy04MjY4LTFiM2FjODVlZDFiZj9tb25pdG9yPXRydWUmYXBpLXZlcnNpb249MjAxNS0wNi0xNQ==",
      "RequestMethod": "GET",
      "RequestBody": "",
      "RequestHeaders": {
        "x-ms-client-request-id": [
          "93435bd7-ba94-42f1-be25-ada47b827c78"
        ],
        "User-Agent": [
          "Microsoft.Azure.Management.Storage.StorageManagementClient/3.0.0.0"
        ]
      },
      "ResponseBody": "",
      "ResponseHeaders": {
        "Content-Length": [
          "0"
        ],
        "Expires": [
          "-1"
        ],
        "Pragma": [
          "no-cache"
        ],
        "Retry-After": [
          "17"
        ],
        "x-ms-ratelimit-remaining-subscription-reads": [
          "14893"
        ],
        "x-ms-request-id": [
          "18470264-045b-4194-909e-7bfc2bb8a3b6"
        ],
        "Cache-Control": [
          "no-cache"
        ],
        "Location": [
          "https://management.azure.com/subscriptions/d128f140-94e6-4175-87a7-954b9d27db16/providers/Microsoft.Storage/operations/626f359c-62a9-4f5c-8268-1b3ac85ed1bf?monitor=true&api-version=2015-06-15"
        ],
        "Server": [
          "Microsoft-Azure-Storage-Resource-Provider/1.0",
          "Microsoft-HTTPAPI/2.0"
        ],
        "x-ms-correlation-request-id": [
          "18470264-045b-4194-909e-7bfc2bb8a3b6"
        ],
        "x-ms-routing-request-id": [
          "WESTUS2:20170412T003609Z:18470264-045b-4194-909e-7bfc2bb8a3b6"
        ],
        "Strict-Transport-Security": [
          "max-age=31536000; includeSubDomains"
        ],
        "Date": [
          "Wed, 12 Apr 2017 00:36:09 GMT"
        ]
      },
      "StatusCode": 202
    },
    {
      "RequestUri": "/subscriptions/d128f140-94e6-4175-87a7-954b9d27db16/providers/Microsoft.Storage/operations/626f359c-62a9-4f5c-8268-1b3ac85ed1bf?monitor=true&api-version=2015-06-15",
      "EncodedRequestUri": "L3N1YnNjcmlwdGlvbnMvZDEyOGYxNDAtOTRlNi00MTc1LTg3YTctOTU0YjlkMjdkYjE2L3Byb3ZpZGVycy9NaWNyb3NvZnQuU3RvcmFnZS9vcGVyYXRpb25zLzYyNmYzNTljLTYyYTktNGY1Yy04MjY4LTFiM2FjODVlZDFiZj9tb25pdG9yPXRydWUmYXBpLXZlcnNpb249MjAxNS0wNi0xNQ==",
      "RequestMethod": "GET",
      "RequestBody": "",
      "RequestHeaders": {
        "x-ms-client-request-id": [
          "2bea2943-317c-49b1-b4f1-537ba2eaa168"
        ],
        "User-Agent": [
          "Microsoft.Azure.Management.Storage.StorageManagementClient/3.0.0.0"
        ]
      },
      "ResponseBody": "{\r\n  \"location\": \"southcentralus\",\r\n  \"properties\": {\r\n    \"accountType\": \"Standard_LRS\"\r\n  }\r\n}",
      "ResponseHeaders": {
        "Content-Length": [
          "73"
        ],
        "Content-Type": [
          "application/json"
        ],
        "Expires": [
          "-1"
        ],
        "Pragma": [
          "no-cache"
        ],
        "x-ms-request-id": [
          "129df59e-b1e3-49b3-946e-f4b0771c903a"
        ],
        "Cache-Control": [
          "no-cache"
        ],
        "Server": [
          "Microsoft-Azure-Storage-Resource-Provider/1.0",
          "Microsoft-HTTPAPI/2.0"
        ],
        "x-ms-ratelimit-remaining-subscription-reads": [
          "14892"
        ],
        "x-ms-correlation-request-id": [
          "129df59e-b1e3-49b3-946e-f4b0771c903a"
        ],
        "x-ms-routing-request-id": [
          "WESTUS2:20170412T003626Z:129df59e-b1e3-49b3-946e-f4b0771c903a"
        ],
        "Strict-Transport-Security": [
          "max-age=31536000; includeSubDomains"
        ],
        "Date": [
          "Wed, 12 Apr 2017 00:36:26 GMT"
        ]
      },
      "StatusCode": 200
    },
    {
      "RequestUri": "/subscriptions/d128f140-94e6-4175-87a7-954b9d27db16/resourceGroups/onesdk5917/providers/Microsoft.Storage/storageAccounts/onesdk6382/listKeys?api-version=2015-06-15",
      "EncodedRequestUri": "L3N1YnNjcmlwdGlvbnMvZDEyOGYxNDAtOTRlNi00MTc1LTg3YTctOTU0YjlkMjdkYjE2L3Jlc291cmNlR3JvdXBzL29uZXNkazU5MTcvcHJvdmlkZXJzL01pY3Jvc29mdC5TdG9yYWdlL3N0b3JhZ2VBY2NvdW50cy9vbmVzZGs2MzgyL2xpc3RLZXlzP2FwaS12ZXJzaW9uPTIwMTUtMDYtMTU=",
      "RequestMethod": "POST",
      "RequestBody": "",
      "RequestHeaders": {
        "x-ms-client-request-id": [
          "8d7dd8a2-2c8e-4a86-a7e8-71973967401e"
        ],
        "User-Agent": [
          "Microsoft.Azure.Management.Storage.StorageManagementClient/3.0.0.0"
        ]
      },
      "ResponseBody": "{\r\n  \"key1\": \"uxi8Fr+Ih3g3+UQFkcdICgkfwPNLMYEmeqYB2xLtcr44M4T7MKe+uHaM7lRj9mxBYt3yVy5DshvKyqhkDLz1pw==\",\r\n  \"key2\": \"oc/F1rYhirNF8txSg+Gsy1xX+OLtjMYsn3pBbRkaMyf8a+676NI+xnRh8/xekvQEZ6GgRiX/RXUxmNv0vRfd9g==\"\r\n}",
      "ResponseHeaders": {
        "Content-Length": [
          "198"
        ],
        "Content-Type": [
          "application/json"
        ],
        "Expires": [
          "-1"
        ],
        "Pragma": [
          "no-cache"
        ],
        "x-ms-request-id": [
          "2875bedc-a32e-4959-a347-34c3174ce5b8"
        ],
        "Cache-Control": [
          "no-cache"
        ],
        "Server": [
          "Microsoft-Azure-Storage-Resource-Provider/1.0",
          "Microsoft-HTTPAPI/2.0"
        ],
        "x-ms-ratelimit-remaining-subscription-writes": [
          "1194"
        ],
        "x-ms-correlation-request-id": [
          "2875bedc-a32e-4959-a347-34c3174ce5b8"
        ],
        "x-ms-routing-request-id": [
          "WESTUS2:20170412T003627Z:2875bedc-a32e-4959-a347-34c3174ce5b8"
        ],
        "Strict-Transport-Security": [
          "max-age=31536000; includeSubDomains"
        ],
        "Date": [
          "Wed, 12 Apr 2017 00:36:26 GMT"
        ]
      },
      "StatusCode": 200
    },
    {
      "RequestUri": "/subscriptions/d128f140-94e6-4175-87a7-954b9d27db16/resourceGroups/onesdk5917/providers/Microsoft.MachineLearning/CommitmentPlans/onesdk6598?api-version=2016-05-01-preview",
      "EncodedRequestUri": "L3N1YnNjcmlwdGlvbnMvZDEyOGYxNDAtOTRlNi00MTc1LTg3YTctOTU0YjlkMjdkYjE2L3Jlc291cmNlR3JvdXBzL29uZXNkazU5MTcvcHJvdmlkZXJzL01pY3Jvc29mdC5NYWNoaW5lTGVhcm5pbmcvQ29tbWl0bWVudFBsYW5zL29uZXNkazY1OTg/YXBpLXZlcnNpb249MjAxNi0wNS0wMS1wcmV2aWV3",
      "RequestMethod": "PUT",
      "RequestBody": "{\r\n  \"properties\": {},\r\n  \"sku\": {\r\n    \"name\": \"S1\",\r\n    \"tier\": \"Standard\",\r\n    \"capacity\": 1\r\n  },\r\n  \"location\": \"southcentralus\"\r\n}",
      "RequestHeaders": {
        "Content-Type": [
          "application/json; charset=utf-8"
        ],
        "Content-Length": [
          "138"
        ],
        "User-Agent": [
          "AzurePowershell/v3.8.0.0",
          "PSVersion/v5.1.14393.953"
        ],
        "ParameterSetName": [
          "Resource that resides at the subscription level."
        ],
        "CommandName": [
          "New-AzureRmResource"
        ]
      },
      "ResponseBody": "{\r\n  \"etag\": \"0a004519-0000-0000-0000-58ed768b0000\",\r\n  \"id\": \"/subscriptions/d128f140-94e6-4175-87a7-954b9d27db16/resourceGroups/onesdk5917/providers/Microsoft.MachineLearning/commitmentPlans/onesdk6598\",\r\n  \"location\": \"southcentralus\",\r\n  \"name\": \"onesdk6598\",\r\n  \"properties\": {\r\n    \"chargeForOverage\": true,\r\n    \"chargeForPlan\": true,\r\n    \"creationDate\": \"2017-04-12T00:36:29.3626512Z\",\r\n    \"includedQuantities\": {\r\n      \"machineLearningWebServiceComputeHours\": {\r\n        \"allowance\": 25.0,\r\n        \"amount\": 0.0,\r\n        \"includedQuantityMeter\": \"29187de1-b4a1-4503-a6f6-078271b3fc9d\",\r\n        \"overageMeter\": \"842f92f7-a46b-4522-ac62-8134271dc591\"\r\n      },\r\n      \"machineLearningWebServiceTransactions\": {\r\n        \"allowance\": 100000.0,\r\n        \"amount\": 0.0,\r\n        \"includedQuantityMeter\": \"303743b6-4cd0-44df-8ec2-a93c8f14943b\",\r\n        \"overageMeter\": \"c906e161-98b8-41b1-81e2-b59e0b263740\"\r\n      }\r\n    },\r\n    \"maxAssociationLimit\": 10000,\r\n    \"maxCapacityLimit\": 10,\r\n    \"minCapacityLimit\": 1,\r\n    \"planMeter\": \"4a5a4b83-6216-47c5-b3db-fe430fa6e2c3\",\r\n    \"refillFrequencyInDays\": 30,\r\n    \"suspendPlanOnOverage\": false\r\n  },\r\n  \"sku\": {\r\n    \"capacity\": 1,\r\n    \"name\": \"S1\",\r\n    \"tier\": \"Standard\"\r\n  },\r\n  \"tags\": {},\r\n  \"type\": \"Microsoft.MachineLearning/commitmentPlans\"\r\n}",
      "ResponseHeaders": {
        "Content-Length": [
          "1044"
        ],
        "Content-Type": [
          "application/json; charset=utf-8"
        ],
        "Expires": [
          "-1"
        ],
        "Pragma": [
          "no-cache"
        ],
        "Strict-Transport-Security": [
          "max-age=31536000; includeSubDomains"
        ],
        "x-ms-request-id": [
          "cde5ca23-5d07-4630-abd0-e60e15d4e102"
        ],
        "x-ms-ratelimit-remaining-subscription-writes": [
          "1198"
        ],
        "x-ms-correlation-request-id": [
          "4c23f2ec-629c-49d5-82ae-8d88c4998dd6"
        ],
        "x-ms-routing-request-id": [
          "WESTUS2:20170412T003629Z:4c23f2ec-629c-49d5-82ae-8d88c4998dd6"
        ],
        "Cache-Control": [
          "no-cache"
        ],
        "Date": [
          "Wed, 12 Apr 2017 00:36:29 GMT"
        ],
        "Server": [
          "Microsoft-HTTPAPI/2.0"
        ]
      },
      "StatusCode": 200
    },
    {
      "RequestUri": "/subscriptions/d128f140-94e6-4175-87a7-954b9d27db16/resourceGroups/onesdk5917/providers/Microsoft.MachineLearning/webServices/onesdk780?api-version=2017-01-01",
      "EncodedRequestUri": "L3N1YnNjcmlwdGlvbnMvZDEyOGYxNDAtOTRlNi00MTc1LTg3YTctOTU0YjlkMjdkYjE2L3Jlc291cmNlR3JvdXBzL29uZXNkazU5MTcvcHJvdmlkZXJzL01pY3Jvc29mdC5NYWNoaW5lTGVhcm5pbmcvd2ViU2VydmljZXMvb25lc2RrNzgwP2FwaS12ZXJzaW9uPTIwMTctMDEtMDE=",
      "RequestMethod": "PUT",
      "RequestBody": "{\r\n  \"properties\": {\r\n    \"packageType\": \"Graph\",\r\n    \"package\": {\r\n      \"nodes\": {\r\n        \"node1\": {\r\n          \"assetId\": \"asset1\",\r\n          \"parameters\": {\r\n            \"Please Specify Data Source\": {\r\n              \"value\": \"AzureBlobStorage\",\r\n              \"certificateThumbprint\": \"\"\r\n            },\r\n            \"Please Specify Authentication Type\": {\r\n              \"value\": \"Account\",\r\n              \"certificateThumbprint\": \"\"\r\n            },\r\n            \"Account Name\": {\r\n              \"value\": \"bohurp\",\r\n              \"certificateThumbprint\": \"\"\r\n            },\r\n            \"Account Key\": {\r\n              \"value\": \"ENCRYPTED_VALUE_1\",\r\n              \"certificateThumbprint\": \"ENCRYPTED_CERTIFICATETHUMBPRINT_1\"\r\n            },\r\n            \"Path to container or directory or blob\": {\r\n              \"value\": \"uploadeddata/adult.data\",\r\n              \"certificateThumbprint\": \"\"\r\n            },\r\n            \"Blob File format\": {\r\n              \"value\": \"CSV\",\r\n              \"certificateThumbprint\": \"\"\r\n            },\r\n            \"File has Header Row\": {\r\n              \"value\": \"True\",\r\n              \"certificateThumbprint\": \"\"\r\n            }\r\n          }\r\n        },\r\n        \"node2\": {\r\n          \"assetId\": \"asset2\",\r\n          \"parameters\": {\r\n            \"Comma-separated case-sensitive names of join key columns for L\": {\r\n              \"value\": \"%7B%22isFilter%22%3Atrue%2C%22rules%22%3A%5B%7B%22ruleType%22%3A%22AllColumns%22%2C%22exclude%22%3Afalse%7D%2C%7B%22ruleType%22%3A%22ColumnTypes%22%2C%22exclude%22%3Afalse%2C%22columnTypes%22%3A%5B%22All%22%5D%2C%22columnKinds%22%3A%5B%22Feature%22%5D%7D%5D%2C%22ui%22%3A%7B%22withRules%22%3Atrue%7D%7D\",\r\n              \"certificateThumbprint\": \"\"\r\n            },\r\n            \"Comma-separated case-sensitive names of join key columns for R\": {\r\n              \"value\": \"%7B%22isFilter%22%3Atrue%2C%22rules%22%3A%5B%7B%22ruleType%22%3A%22AllColumns%22%2C%22exclude%22%3Afalse%7D%2C%7B%22ruleType%22%3A%22ColumnTypes%22%2C%22exclude%22%3Afalse%2C%22columnTypes%22%3A%5B%22All%22%5D%2C%22columnKinds%22%3A%5B%22Feature%22%5D%7D%5D%2C%22ui%22%3A%7B%22withRules%22%3Atrue%7D%7D\",\r\n              \"certificateThumbprint\": \"\"\r\n            },\r\n            \"Match case\": {\r\n              \"value\": \"True\",\r\n              \"certificateThumbprint\": \"\"\r\n            },\r\n            \"Join type\": {\r\n              \"value\": \"Inner Join\",\r\n              \"certificateThumbprint\": \"\"\r\n            },\r\n            \"Keep right key columns in joined table\": {\r\n              \"value\": \"True\",\r\n              \"certificateThumbprint\": \"\"\r\n            }\r\n          }\r\n        },\r\n        \"node3\": {\r\n          \"inputId\": \"input1\"\r\n        },\r\n        \"node4\": {\r\n          \"outputId\": \"output1\"\r\n        }\r\n      },\r\n      \"edges\": [\r\n        {\r\n          \"sourceNodeId\": \"node1\",\r\n          \"sourcePortId\": \"Results dataset\",\r\n          \"targetNodeId\": \"node2\",\r\n          \"targetPortId\": \"Dataset1\"\r\n        },\r\n        {\r\n          \"sourceNodeId\": \"node1\",\r\n          \"sourcePortId\": \"Results dataset\",\r\n          \"targetNodeId\": \"node2\",\r\n          \"targetPortId\": \"Dataset2\"\r\n        },\r\n        {\r\n          \"sourceNodeId\": \"node3\",\r\n          \"targetNodeId\": \"node2\",\r\n          \"targetPortId\": \"Dataset2\"\r\n        },\r\n        {\r\n          \"sourceNodeId\": \"node2\",\r\n          \"sourcePortId\": \"Results dataset\",\r\n          \"targetNodeId\": \"node4\"\r\n        }\r\n      ],\r\n      \"graphParameters\": {}\r\n    },\r\n    \"title\": \"Some title (new contract)\",\r\n    \"description\": \"This is some service description (new contract)\",\r\n    \"keys\": {\r\n      \"primary\": \"S8ayf24PAsbQqy8Nm67uGf3MbOeorYKPY8QfXen2+JsBZV5Q0NFfk9tgC7mjJ3aCsUPY8yKCFVcI/sCcOlmkKw==\",\r\n      \"secondary\": \"S8ayf24PAsbQqy8Nm67uGf3MbOeorYKPY8QfXen2+JsBZV5Q0NFfk9tgC7mjJ3aCsUPY8yKCFVcI/sCcOlmooo==\"\r\n    },\r\n    \"readOnly\": false,\r\n    \"exposeSampleData\": false,\r\n    \"realtimeConfiguration\": {\r\n      \"maxConcurrentCalls\": 20\r\n    },\r\n    \"diagnostics\": {\r\n      \"level\": \"None\"\r\n    },\r\n    \"storageAccount\": {\r\n      \"name\": \"onesdk6382\",\r\n      \"key\": \"uxi8Fr+Ih3g3+UQFkcdICgkfwPNLMYEmeqYB2xLtcr44M4T7MKe+uHaM7lRj9mxBYt3yVy5DshvKyqhkDLz1pw==\"\r\n    },\r\n    \"machineLearningWorkspace\": {\r\n      \"id\": \"8b841df9d60a4d54bcebd4948b10a5db\"\r\n    },\r\n    \"commitmentPlan\": {\r\n      \"id\": \"/subscriptions/d128f140-94e6-4175-87a7-954b9d27db16/resourceGroups/onesdk5917/providers/Microsoft.MachineLearning/commitmentPlans/onesdk6598\"\r\n    },\r\n    \"input\": {\r\n      \"title\": \"\",\r\n      \"description\": \"\",\r\n      \"type\": \"object\",\r\n      \"properties\": {\r\n        \"input1\": {\r\n          \"title\": \"\",\r\n          \"description\": \"\",\r\n          \"type\": \"object\",\r\n          \"properties\": {\r\n            \"0\": {\r\n              \"type\": \"Integer\",\r\n              \"format\": \"Int32\",\r\n              \"x-ms-isnullable\": true\r\n            },\r\n            \"13\": {\r\n              \"type\": \"Integer\",\r\n              \"format\": \"Int32\",\r\n              \"x-ms-isnullable\": true\r\n            },\r\n            \"39\": {\r\n              \"type\": \"Integer\",\r\n              \"format\": \"Int32\",\r\n              \"x-ms-isnullable\": true\r\n            },\r\n            \"40\": {\r\n              \"type\": \"Integer\",\r\n              \"format\": \"Int32\",\r\n              \"x-ms-isnullable\": true\r\n            },\r\n            \"2174\": {\r\n              \"type\": \"Integer\",\r\n              \"format\": \"Int32\",\r\n              \"x-ms-isnullable\": true\r\n            },\r\n            \"77516\": {\r\n              \"type\": \"Integer\",\r\n              \"format\": \"Int32\",\r\n              \"x-ms-isnullable\": true\r\n            },\r\n            \"State-gov\": {\r\n              \"type\": \"String\",\r\n              \"format\": \"\",\r\n              \"x-ms-isnullable\": false\r\n            },\r\n            \"Bachelors\": {\r\n              \"type\": \"String\",\r\n              \"format\": \"\",\r\n              \"x-ms-isnullable\": false\r\n            },\r\n            \"Never-married\": {\r\n              \"type\": \"String\",\r\n              \"format\": \"\",\r\n              \"x-ms-isnullable\": false\r\n            },\r\n            \"Adm-clerical\": {\r\n              \"type\": \"String\",\r\n              \"format\": \"\",\r\n              \"x-ms-isnullable\": false\r\n            },\r\n            \"Not-in-family\": {\r\n              \"type\": \"String\",\r\n              \"format\": \"\",\r\n              \"x-ms-isnullable\": false\r\n            },\r\n            \"White\": {\r\n              \"type\": \"String\",\r\n              \"format\": \"\",\r\n              \"x-ms-isnullable\": false\r\n            },\r\n            \"Male\": {\r\n              \"type\": \"String\",\r\n              \"format\": \"\",\r\n              \"x-ms-isnullable\": false\r\n            },\r\n            \"United-States\": {\r\n              \"type\": \"String\",\r\n              \"format\": \"\",\r\n              \"x-ms-isnullable\": false\r\n            },\r\n            \"<=50K\": {\r\n              \"type\": \"String\",\r\n              \"format\": \"\",\r\n              \"x-ms-isnullable\": false\r\n            }\r\n          }\r\n        }\r\n      }\r\n    },\r\n    \"output\": {\r\n      \"title\": \"\",\r\n      \"description\": \"\",\r\n      \"type\": \"object\",\r\n      \"properties\": {\r\n        \"output1\": {\r\n          \"title\": \"\",\r\n          \"description\": \"\",\r\n          \"type\": \"object\",\r\n          \"properties\": {\r\n            \"0\": {\r\n              \"type\": \"Integer\",\r\n              \"format\": \"Int32\",\r\n              \"x-ms-isnullable\": true\r\n            },\r\n            \"13\": {\r\n              \"type\": \"Integer\",\r\n              \"format\": \"Int32\",\r\n              \"x-ms-isnullable\": true\r\n            },\r\n            \"39\": {\r\n              \"type\": \"Integer\",\r\n              \"format\": \"Int32\",\r\n              \"x-ms-isnullable\": true\r\n            },\r\n            \"40\": {\r\n              \"type\": \"Integer\",\r\n              \"format\": \"Int32\",\r\n              \"x-ms-isnullable\": true\r\n            },\r\n            \"2174\": {\r\n              \"type\": \"Integer\",\r\n              \"format\": \"Int32\",\r\n              \"x-ms-isnullable\": true\r\n            },\r\n            \"77516\": {\r\n              \"type\": \"Integer\",\r\n              \"format\": \"Int32\",\r\n              \"x-ms-isnullable\": true\r\n            },\r\n            \"State-gov\": {\r\n              \"type\": \"String\",\r\n              \"format\": \"\",\r\n              \"x-ms-isnullable\": false\r\n            },\r\n            \"Bachelors\": {\r\n              \"type\": \"String\",\r\n              \"format\": \"\",\r\n              \"x-ms-isnullable\": false\r\n            },\r\n            \"Never-married\": {\r\n              \"type\": \"String\",\r\n              \"format\": \"\",\r\n              \"x-ms-isnullable\": false\r\n            },\r\n            \"Adm-clerical\": {\r\n              \"type\": \"String\",\r\n              \"format\": \"\",\r\n              \"x-ms-isnullable\": false\r\n            },\r\n            \"Not-in-family\": {\r\n              \"type\": \"String\",\r\n              \"format\": \"\",\r\n              \"x-ms-isnullable\": false\r\n            },\r\n            \"White\": {\r\n              \"type\": \"String\",\r\n              \"format\": \"\",\r\n              \"x-ms-isnullable\": false\r\n            },\r\n            \"Male\": {\r\n              \"type\": \"String\",\r\n              \"format\": \"\",\r\n              \"x-ms-isnullable\": false\r\n            },\r\n            \"United-States\": {\r\n              \"type\": \"String\",\r\n              \"format\": \"\",\r\n              \"x-ms-isnullable\": false\r\n            },\r\n            \"<=50K\": {\r\n              \"type\": \"String\",\r\n              \"format\": \"\",\r\n              \"x-ms-isnullable\": false\r\n            },\r\n            \"39 (2)\": {\r\n              \"type\": \"Integer\",\r\n              \"format\": \"Int32\",\r\n              \"x-ms-isnullable\": true\r\n            },\r\n            \"State-gov (2)\": {\r\n              \"type\": \"String\",\r\n              \"format\": \"\",\r\n              \"x-ms-isnullable\": false\r\n            },\r\n            \"77516 (2)\": {\r\n              \"type\": \"Integer\",\r\n              \"format\": \"Int32\",\r\n              \"x-ms-isnullable\": true\r\n            },\r\n            \"Bachelors (2)\": {\r\n              \"type\": \"String\",\r\n              \"format\": \"\",\r\n              \"x-ms-isnullable\": false\r\n            },\r\n            \"13 (2)\": {\r\n              \"type\": \"Integer\",\r\n              \"format\": \"Int32\",\r\n              \"x-ms-isnullable\": true\r\n            },\r\n            \"Never-married (2)\": {\r\n              \"type\": \"String\",\r\n              \"format\": \"\",\r\n              \"x-ms-isnullable\": false\r\n            },\r\n            \"Adm-clerical (2)\": {\r\n              \"type\": \"String\",\r\n              \"format\": \"\",\r\n              \"x-ms-isnullable\": false\r\n            },\r\n            \"Not-in-family (2)\": {\r\n              \"type\": \"String\",\r\n              \"format\": \"\",\r\n              \"x-ms-isnullable\": false\r\n            },\r\n            \"White (2)\": {\r\n              \"type\": \"String\",\r\n              \"format\": \"\",\r\n              \"x-ms-isnullable\": false\r\n            },\r\n            \"Male (2)\": {\r\n              \"type\": \"String\",\r\n              \"format\": \"\",\r\n              \"x-ms-isnullable\": false\r\n            },\r\n            \"2174 (2)\": {\r\n              \"type\": \"Integer\",\r\n              \"format\": \"Int32\",\r\n              \"x-ms-isnullable\": true\r\n            },\r\n            \"0 (2)\": {\r\n              \"type\": \"Integer\",\r\n              \"format\": \"Int32\",\r\n              \"x-ms-isnullable\": true\r\n            },\r\n            \"40 (2)\": {\r\n              \"type\": \"Integer\",\r\n              \"format\": \"Int32\",\r\n              \"x-ms-isnullable\": true\r\n            },\r\n            \"United-States (2)\": {\r\n              \"type\": \"String\",\r\n              \"format\": \"\",\r\n              \"x-ms-isnullable\": false\r\n            },\r\n            \"<=50K (2)\": {\r\n              \"type\": \"String\",\r\n              \"format\": \"\",\r\n              \"x-ms-isnullable\": false\r\n            }\r\n          }\r\n        }\r\n      }\r\n    },\r\n    \"exampleRequest\": {\r\n      \"inputs\": {\r\n        \"input1\": [\r\n          [\r\n            50,\r\n            \"Self-emp-not-inc\",\r\n            83311,\r\n            \"Bachelors\",\r\n            13,\r\n            \"Married-civ-spouse\",\r\n            \"Exec-managerial\",\r\n            \"Husband\",\r\n            \"White\",\r\n            \"Male\",\r\n            0,\r\n            0,\r\n            13,\r\n            \"United-States\",\r\n            \"<=50K\"\r\n          ],\r\n          [\r\n            38,\r\n            \"Private\",\r\n            215646,\r\n            \"HS-grad\",\r\n            9,\r\n            \"Divorced\",\r\n            \"Handlers-cleaners\",\r\n            \"Not-in-family\",\r\n            \"White\",\r\n            \"Male\",\r\n            0,\r\n            0,\r\n            40,\r\n            \"United-States\",\r\n            \"<=50K\"\r\n          ],\r\n          [\r\n            53,\r\n            \"Private\",\r\n            234721,\r\n            \"11th\",\r\n            7,\r\n            \"Married-civ-spouse\",\r\n            \"Handlers-cleaners\",\r\n            \"Husband\",\r\n            \"Black\",\r\n            \"Male\",\r\n            0,\r\n            0,\r\n            40,\r\n            \"United-States\",\r\n            \"<=50K\"\r\n          ],\r\n          [\r\n            28,\r\n            \"Private\",\r\n            338409,\r\n            \"Bachelors\",\r\n            13,\r\n            \"Married-civ-spouse\",\r\n            \"Prof-specialty\",\r\n            \"Wife\",\r\n            \"Black\",\r\n            \"Female\",\r\n            0,\r\n            0,\r\n            40,\r\n            \"Cuba\",\r\n            \"<=50K\"\r\n          ],\r\n          [\r\n            37,\r\n            \"Private\",\r\n            284582,\r\n            \"Masters\",\r\n            14,\r\n            \"Married-civ-spouse\",\r\n            \"Exec-managerial\",\r\n            \"Wife\",\r\n            \"White\",\r\n            \"Female\",\r\n            0,\r\n            0,\r\n            40,\r\n            \"United-States\",\r\n            \"<=50K\"\r\n          ]\r\n        ]\r\n      }\r\n    },\r\n    \"assets\": {\r\n      \"asset1\": {\r\n        \"name\": \"Import Data\",\r\n        \"type\": \"Module\",\r\n        \"locationInfo\": {\r\n          \"uri\": \"aml://module/506153734175476c4f62416c57734963.4e1b0fe6aded4b3fa36f39b8862b9004.v1-default-1743\",\r\n          \"credentials\": \"\"\r\n        }\r\n      },\r\n      \"asset2\": {\r\n        \"name\": \"Join Data\",\r\n        \"type\": \"Module\",\r\n        \"locationInfo\": {\r\n          \"uri\": \"aml://module/506153734175476c4f62416c57734963.124865f7e9014656adacf4cb08248099.v1-default-1712\",\r\n          \"credentials\": \"\"\r\n        }\r\n      }\r\n    },\r\n    \"parameters\": {},\r\n    \"payloadsInBlobStorage\": false\r\n  },\r\n  \"location\": \"southcentralus\",\r\n  \"tags\": {}\r\n}",
      "RequestHeaders": {
        "Content-Type": [
          "application/json; charset=utf-8"
        ],
        "Content-Length": [
          "15025"
        ],
        "x-ms-client-request-id": [
          "00e2b81c-380e-4edd-b599-9b1d29287b43"
        ],
        "accept-language": [
          "en-US"
        ],
        "User-Agent": [
          "FxVersion/4.6.1637.0",
          "OSName/Windows_10_Enterprise",
          "OSVersion/6.3.14393",
          "Microsoft.Azure.Management.MachineLearning.WebServices.AzureMLWebServicesManagementClient/1.0.0"
        ]
      },
      "ResponseBody": "{\r\n  \"id\": \"/subscriptions/d128f140-94e6-4175-87a7-954b9d27db16/resourceGroups/onesdk5917/providers/Microsoft.MachineLearning/webServices/onesdk780\",\r\n  \"name\": \"onesdk780\",\r\n  \"type\": \"Microsoft.MachineLearning/webServices\",\r\n  \"location\": \"South Central US\",\r\n  \"tags\": {},\r\n  \"properties\": {\r\n    \"payloadsInBlobStorage\": false,\r\n    \"provisioningState\": \"Provisioning\"\r\n  }\r\n}",
      "ResponseHeaders": {
        "Content-Length": [
          "380"
        ],
        "Content-Type": [
          "application/json; charset=utf-8"
        ],
        "Expires": [
          "-1"
        ],
        "Pragma": [
          "no-cache"
        ],
        "Azure-AsyncOperation": [
          "https://management.azure.com/subscriptions/d128f140-94e6-4175-87a7-954b9d27db16/providers/Microsoft.MachineLearning/locations/southcentralus/operationsStatus/1c446d5b-43f6-43a0-ac57-5ac5a1ff51f2?api-version=2017-01-01"
        ],
        "Azure-AsyncOperationPercentComplete": [
          "0"
        ],
        "x-ms-request-duration": [
          "1132"
        ],
        "x-ms-correlation-request-id": [
          "b184af25-133d-4b45-a3b6-1b2d7be44d52"
        ],
        "x-ms-request-id": [
          "61d84db9-0856-40ad-94f5-1b64c018e188"
        ],
        "x-ms-ratelimit-remaining-subscription-writes": [
          "1191"
        ],
        "x-ms-routing-request-id": [
          "WESTUS2:20170412T003635Z:b184af25-133d-4b45-a3b6-1b2d7be44d52"
        ],
        "Strict-Transport-Security": [
          "max-age=31536000; includeSubDomains"
        ],
        "Cache-Control": [
          "no-cache"
        ],
        "Date": [
          "Wed, 12 Apr 2017 00:36:35 GMT"
        ],
        "Server": [
          "Microsoft-HTTPAPI/2.0"
        ]
      },
      "StatusCode": 201
    },
    {
      "RequestUri": "/subscriptions/d128f140-94e6-4175-87a7-954b9d27db16/providers/Microsoft.MachineLearning/locations/southcentralus/operationsStatus/1c446d5b-43f6-43a0-ac57-5ac5a1ff51f2?api-version=2017-01-01",
      "EncodedRequestUri": "L3N1YnNjcmlwdGlvbnMvZDEyOGYxNDAtOTRlNi00MTc1LTg3YTctOTU0YjlkMjdkYjE2L3Byb3ZpZGVycy9NaWNyb3NvZnQuTWFjaGluZUxlYXJuaW5nL2xvY2F0aW9ucy9zb3V0aGNlbnRyYWx1cy9vcGVyYXRpb25zU3RhdHVzLzFjNDQ2ZDViLTQzZjYtNDNhMC1hYzU3LTVhYzVhMWZmNTFmMj9hcGktdmVyc2lvbj0yMDE3LTAxLTAx",
      "RequestMethod": "GET",
      "RequestBody": "",
      "RequestHeaders": {
        "User-Agent": [
          "FxVersion/4.6.1637.0",
          "OSName/Windows_10_Enterprise",
          "OSVersion/6.3.14393",
          "Microsoft.Azure.Management.MachineLearning.WebServices.AzureMLWebServicesManagementClient/1.0.0"
        ]
      },
      "ResponseBody": "{\r\n  \"id\": \"/subscriptions/d128f140-94e6-4175-87a7-954b9d27db16/providers/Microsoft.MachineLearning/locations/southcentralus/operationsStatus/1c446d5b-43f6-43a0-ac57-5ac5a1ff51f2\",\r\n  \"name\": \"1c446d5b-43f6-43a0-ac57-5ac5a1ff51f2\",\r\n  \"status\": \"Provisioning\",\r\n  \"startTime\": \"2017-04-12T00:36:38.1084678Z\",\r\n  \"percentComplete\": 0.3\r\n}",
      "ResponseHeaders": {
        "Content-Length": [
          "337"
        ],
        "Content-Type": [
          "application/json; charset=utf-8"
        ],
        "Expires": [
          "-1"
        ],
        "Pragma": [
          "no-cache"
        ],
        "x-ms-request-duration": [
          "154"
        ],
        "x-ms-correlation-request-id": [
          "fe891df6-41bf-45a7-9c1a-cae35055cda7"
        ],
        "x-ms-request-id": [
          "ead327d1-71cb-472c-baa7-a913b2a4adaf"
        ],
        "x-ms-ratelimit-remaining-subscription-reads": [
          "14908"
        ],
        "x-ms-routing-request-id": [
          "WESTUS2:20170412T003641Z:fe891df6-41bf-45a7-9c1a-cae35055cda7"
        ],
        "Strict-Transport-Security": [
          "max-age=31536000; includeSubDomains"
        ],
        "Cache-Control": [
          "no-cache"
        ],
        "Date": [
          "Wed, 12 Apr 2017 00:36:40 GMT"
        ],
        "Server": [
          "Microsoft-HTTPAPI/2.0"
        ]
      },
      "StatusCode": 200
    },
    {
      "RequestUri": "/subscriptions/d128f140-94e6-4175-87a7-954b9d27db16/providers/Microsoft.MachineLearning/locations/southcentralus/operationsStatus/1c446d5b-43f6-43a0-ac57-5ac5a1ff51f2?api-version=2017-01-01",
      "EncodedRequestUri": "L3N1YnNjcmlwdGlvbnMvZDEyOGYxNDAtOTRlNi00MTc1LTg3YTctOTU0YjlkMjdkYjE2L3Byb3ZpZGVycy9NaWNyb3NvZnQuTWFjaGluZUxlYXJuaW5nL2xvY2F0aW9ucy9zb3V0aGNlbnRyYWx1cy9vcGVyYXRpb25zU3RhdHVzLzFjNDQ2ZDViLTQzZjYtNDNhMC1hYzU3LTVhYzVhMWZmNTFmMj9hcGktdmVyc2lvbj0yMDE3LTAxLTAx",
      "RequestMethod": "GET",
      "RequestBody": "",
      "RequestHeaders": {
        "User-Agent": [
          "FxVersion/4.6.1637.0",
          "OSName/Windows_10_Enterprise",
          "OSVersion/6.3.14393",
          "Microsoft.Azure.Management.MachineLearning.WebServices.AzureMLWebServicesManagementClient/1.0.0"
        ]
      },
      "ResponseBody": "{\r\n  \"id\": \"/subscriptions/d128f140-94e6-4175-87a7-954b9d27db16/providers/Microsoft.MachineLearning/locations/southcentralus/operationsStatus/1c446d5b-43f6-43a0-ac57-5ac5a1ff51f2\",\r\n  \"name\": \"1c446d5b-43f6-43a0-ac57-5ac5a1ff51f2\",\r\n  \"status\": \"Provisioning\",\r\n  \"startTime\": \"2017-04-12T00:36:38.1084678Z\",\r\n  \"percentComplete\": 0.6\r\n}",
      "ResponseHeaders": {
        "Content-Length": [
          "337"
        ],
        "Content-Type": [
          "application/json; charset=utf-8"
        ],
        "Expires": [
          "-1"
        ],
        "Pragma": [
          "no-cache"
        ],
        "x-ms-request-duration": [
          "33"
        ],
        "x-ms-correlation-request-id": [
          "1e7284c7-79c2-44f6-adff-21656569e4ac"
        ],
        "x-ms-request-id": [
          "d342c209-b4d4-4591-8344-dc6b07741d93"
        ],
        "x-ms-ratelimit-remaining-subscription-reads": [
          "14907"
        ],
        "x-ms-routing-request-id": [
          "WESTUS2:20170412T003646Z:1e7284c7-79c2-44f6-adff-21656569e4ac"
        ],
        "Strict-Transport-Security": [
          "max-age=31536000; includeSubDomains"
        ],
        "Cache-Control": [
          "no-cache"
        ],
        "Date": [
          "Wed, 12 Apr 2017 00:36:46 GMT"
        ],
        "Server": [
          "Microsoft-HTTPAPI/2.0"
        ]
      },
      "StatusCode": 200
    },
    {
      "RequestUri": "/subscriptions/d128f140-94e6-4175-87a7-954b9d27db16/providers/Microsoft.MachineLearning/locations/southcentralus/operationsStatus/1c446d5b-43f6-43a0-ac57-5ac5a1ff51f2?api-version=2017-01-01",
      "EncodedRequestUri": "L3N1YnNjcmlwdGlvbnMvZDEyOGYxNDAtOTRlNi00MTc1LTg3YTctOTU0YjlkMjdkYjE2L3Byb3ZpZGVycy9NaWNyb3NvZnQuTWFjaGluZUxlYXJuaW5nL2xvY2F0aW9ucy9zb3V0aGNlbnRyYWx1cy9vcGVyYXRpb25zU3RhdHVzLzFjNDQ2ZDViLTQzZjYtNDNhMC1hYzU3LTVhYzVhMWZmNTFmMj9hcGktdmVyc2lvbj0yMDE3LTAxLTAx",
      "RequestMethod": "GET",
      "RequestBody": "",
      "RequestHeaders": {
        "User-Agent": [
          "FxVersion/4.6.1637.0",
          "OSName/Windows_10_Enterprise",
          "OSVersion/6.3.14393",
          "Microsoft.Azure.Management.MachineLearning.WebServices.AzureMLWebServicesManagementClient/1.0.0"
        ]
      },
      "ResponseBody": "{\r\n  \"id\": \"/subscriptions/d128f140-94e6-4175-87a7-954b9d27db16/providers/Microsoft.MachineLearning/locations/southcentralus/operationsStatus/1c446d5b-43f6-43a0-ac57-5ac5a1ff51f2\",\r\n  \"name\": \"1c446d5b-43f6-43a0-ac57-5ac5a1ff51f2\",\r\n  \"status\": \"Provisioning\",\r\n  \"startTime\": \"2017-04-12T00:36:38.1084678Z\",\r\n  \"percentComplete\": 0.9\r\n}",
      "ResponseHeaders": {
        "Content-Length": [
          "337"
        ],
        "Content-Type": [
          "application/json; charset=utf-8"
        ],
        "Expires": [
          "-1"
        ],
        "Pragma": [
          "no-cache"
        ],
        "x-ms-request-duration": [
          "24"
        ],
        "x-ms-correlation-request-id": [
          "1b3aed03-2cf1-43ce-b24d-23df27b9bd0e"
        ],
        "x-ms-request-id": [
          "db730d2c-aba3-4bc4-8fef-4132448d291f"
        ],
        "x-ms-ratelimit-remaining-subscription-reads": [
          "14906"
        ],
        "x-ms-routing-request-id": [
          "WESTUS2:20170412T003651Z:1b3aed03-2cf1-43ce-b24d-23df27b9bd0e"
        ],
        "Strict-Transport-Security": [
          "max-age=31536000; includeSubDomains"
        ],
        "Cache-Control": [
          "no-cache"
        ],
        "Date": [
          "Wed, 12 Apr 2017 00:36:51 GMT"
        ],
        "Server": [
          "Microsoft-HTTPAPI/2.0"
        ]
      },
      "StatusCode": 200
    },
    {
      "RequestUri": "/subscriptions/d128f140-94e6-4175-87a7-954b9d27db16/providers/Microsoft.MachineLearning/locations/southcentralus/operationsStatus/1c446d5b-43f6-43a0-ac57-5ac5a1ff51f2?api-version=2017-01-01",
      "EncodedRequestUri": "L3N1YnNjcmlwdGlvbnMvZDEyOGYxNDAtOTRlNi00MTc1LTg3YTctOTU0YjlkMjdkYjE2L3Byb3ZpZGVycy9NaWNyb3NvZnQuTWFjaGluZUxlYXJuaW5nL2xvY2F0aW9ucy9zb3V0aGNlbnRyYWx1cy9vcGVyYXRpb25zU3RhdHVzLzFjNDQ2ZDViLTQzZjYtNDNhMC1hYzU3LTVhYzVhMWZmNTFmMj9hcGktdmVyc2lvbj0yMDE3LTAxLTAx",
      "RequestMethod": "GET",
      "RequestBody": "",
      "RequestHeaders": {
        "User-Agent": [
          "FxVersion/4.6.1637.0",
          "OSName/Windows_10_Enterprise",
          "OSVersion/6.3.14393",
          "Microsoft.Azure.Management.MachineLearning.WebServices.AzureMLWebServicesManagementClient/1.0.0"
        ]
      },
      "ResponseBody": "{\r\n  \"id\": \"/subscriptions/d128f140-94e6-4175-87a7-954b9d27db16/providers/Microsoft.MachineLearning/locations/southcentralus/operationsStatus/1c446d5b-43f6-43a0-ac57-5ac5a1ff51f2\",\r\n  \"name\": \"1c446d5b-43f6-43a0-ac57-5ac5a1ff51f2\",\r\n  \"status\": \"Succeeded\",\r\n  \"startTime\": \"2017-04-12T00:36:38.1084678Z\",\r\n  \"endTime\": \"2017-04-12T00:36:50.0908111Z\",\r\n  \"percentComplete\": 1.0\r\n}",
      "ResponseHeaders": {
        "Content-Length": [
          "380"
        ],
        "Content-Type": [
          "application/json; charset=utf-8"
        ],
        "Expires": [
          "-1"
        ],
        "Pragma": [
          "no-cache"
        ],
        "x-ms-request-duration": [
          "16"
        ],
        "x-ms-correlation-request-id": [
          "c253672e-5430-4bd9-a71d-a66e41e5a451"
        ],
        "x-ms-request-id": [
          "5cac4d34-bd51-401b-bd82-db01d4254a56"
        ],
        "x-ms-ratelimit-remaining-subscription-reads": [
          "14905"
        ],
        "x-ms-routing-request-id": [
          "WESTUS2:20170412T003656Z:c253672e-5430-4bd9-a71d-a66e41e5a451"
        ],
        "Strict-Transport-Security": [
          "max-age=31536000; includeSubDomains"
        ],
        "Cache-Control": [
          "no-cache"
        ],
        "Date": [
          "Wed, 12 Apr 2017 00:36:56 GMT"
        ],
        "Server": [
          "Microsoft-HTTPAPI/2.0"
        ]
      },
      "StatusCode": 200
    },
    {
      "RequestUri": "/subscriptions/d128f140-94e6-4175-87a7-954b9d27db16/resourceGroups/onesdk5917/providers/Microsoft.MachineLearning/webServices/onesdk780?api-version=2017-01-01",
      "EncodedRequestUri": "L3N1YnNjcmlwdGlvbnMvZDEyOGYxNDAtOTRlNi00MTc1LTg3YTctOTU0YjlkMjdkYjE2L3Jlc291cmNlR3JvdXBzL29uZXNkazU5MTcvcHJvdmlkZXJzL01pY3Jvc29mdC5NYWNoaW5lTGVhcm5pbmcvd2ViU2VydmljZXMvb25lc2RrNzgwP2FwaS12ZXJzaW9uPTIwMTctMDEtMDE=",
      "RequestMethod": "GET",
      "RequestBody": "",
      "RequestHeaders": {
        "User-Agent": [
          "FxVersion/4.6.1637.0",
          "OSName/Windows_10_Enterprise",
          "OSVersion/6.3.14393",
          "Microsoft.Azure.Management.MachineLearning.WebServices.AzureMLWebServicesManagementClient/1.0.0"
        ]
      },
      "ResponseBody": "{\r\n  \"id\": \"/subscriptions/d128f140-94e6-4175-87a7-954b9d27db16/resourceGroups/onesdk5917/providers/Microsoft.MachineLearning/webServices/onesdk780\",\r\n  \"name\": \"onesdk780\",\r\n  \"type\": \"Microsoft.MachineLearning/webServices\",\r\n  \"location\": \"South Central US\",\r\n  \"tags\": {},\r\n  \"properties\": {\r\n    \"payloadsInBlobStorage\": false,\r\n    \"provisioningState\": \"Succeeded\",\r\n    \"createdOn\": \"2017-04-12T00:36:35.2225847Z\",\r\n    \"modifiedOn\": \"2017-04-12T00:36:50.2629787Z\",\r\n    \"title\": \"Some title (new contract)\",\r\n    \"description\": \"This is some service description (new contract)\",\r\n    \"swaggerLocation\": \"https://ussouthcentral.services.azureml.net/subscriptions/d128f14094e6417587a7954b9d27db16/services/9fecb135ea5f4411ab186ee98c912d2d/swagger.json\",\r\n    \"readOnly\": false,\r\n    \"realtimeConfiguration\": {\r\n      \"maxConcurrentCalls\": 20\r\n    },\r\n    \"diagnostics\": {\r\n      \"level\": \"None\"\r\n    },\r\n    \"storageAccount\": {\r\n      \"name\": \"onesdk6382\"\r\n    },\r\n    \"machineLearningWorkspace\": {\r\n      \"id\": \"8b841df9d60a4d54bcebd4948b10a5db\"\r\n    },\r\n    \"assets\": {\r\n      \"asset1\": {\r\n        \"name\": \"Import Data\",\r\n        \"type\": \"Module\",\r\n        \"locationInfo\": {\r\n          \"uri\": \"aml://module/506153734175476c4f62416c57734963.4e1b0fe6aded4b3fa36f39b8862b9004.v1-default-1743\",\r\n          \"credentials\": \"\"\r\n        }\r\n      },\r\n      \"asset2\": {\r\n        \"name\": \"Join Data\",\r\n        \"type\": \"Module\",\r\n        \"locationInfo\": {\r\n          \"uri\": \"aml://module/506153734175476c4f62416c57734963.124865f7e9014656adacf4cb08248099.v1-default-1712\",\r\n          \"credentials\": \"\"\r\n        }\r\n      }\r\n    },\r\n    \"input\": {\r\n      \"title\": \"\",\r\n      \"description\": \"\",\r\n      \"type\": \"object\",\r\n      \"properties\": {\r\n        \"input1\": {\r\n          \"title\": \"\",\r\n          \"description\": \"\",\r\n          \"type\": \"object\",\r\n          \"properties\": {\r\n            \"0\": {\r\n              \"type\": \"Integer\",\r\n              \"format\": \"Int32\",\r\n              \"x-ms-isnullable\": true\r\n            },\r\n            \"13\": {\r\n              \"type\": \"Integer\",\r\n              \"format\": \"Int32\",\r\n              \"x-ms-isnullable\": true\r\n            },\r\n            \"39\": {\r\n              \"type\": \"Integer\",\r\n              \"format\": \"Int32\",\r\n              \"x-ms-isnullable\": true\r\n            },\r\n            \"40\": {\r\n              \"type\": \"Integer\",\r\n              \"format\": \"Int32\",\r\n              \"x-ms-isnullable\": true\r\n            },\r\n            \"2174\": {\r\n              \"type\": \"Integer\",\r\n              \"format\": \"Int32\",\r\n              \"x-ms-isnullable\": true\r\n            },\r\n            \"77516\": {\r\n              \"type\": \"Integer\",\r\n              \"format\": \"Int32\",\r\n              \"x-ms-isnullable\": true\r\n            },\r\n            \"State-gov\": {\r\n              \"type\": \"String\",\r\n              \"format\": \"\",\r\n              \"x-ms-isnullable\": false\r\n            },\r\n            \"Bachelors\": {\r\n              \"type\": \"String\",\r\n              \"format\": \"\",\r\n              \"x-ms-isnullable\": false\r\n            },\r\n            \"Never-married\": {\r\n              \"type\": \"String\",\r\n              \"format\": \"\",\r\n              \"x-ms-isnullable\": false\r\n            },\r\n            \"Adm-clerical\": {\r\n              \"type\": \"String\",\r\n              \"format\": \"\",\r\n              \"x-ms-isnullable\": false\r\n            },\r\n            \"Not-in-family\": {\r\n              \"type\": \"String\",\r\n              \"format\": \"\",\r\n              \"x-ms-isnullable\": false\r\n            },\r\n            \"White\": {\r\n              \"type\": \"String\",\r\n              \"format\": \"\",\r\n              \"x-ms-isnullable\": false\r\n            },\r\n            \"Male\": {\r\n              \"type\": \"String\",\r\n              \"format\": \"\",\r\n              \"x-ms-isnullable\": false\r\n            },\r\n            \"United-States\": {\r\n              \"type\": \"String\",\r\n              \"format\": \"\",\r\n              \"x-ms-isnullable\": false\r\n            },\r\n            \"<=50K\": {\r\n              \"type\": \"String\",\r\n              \"format\": \"\",\r\n              \"x-ms-isnullable\": false\r\n            }\r\n          }\r\n        }\r\n      }\r\n    },\r\n    \"output\": {\r\n      \"title\": \"\",\r\n      \"description\": \"\",\r\n      \"type\": \"object\",\r\n      \"properties\": {\r\n        \"output1\": {\r\n          \"title\": \"\",\r\n          \"description\": \"\",\r\n          \"type\": \"object\",\r\n          \"properties\": {\r\n            \"0\": {\r\n              \"type\": \"Integer\",\r\n              \"format\": \"Int32\",\r\n              \"x-ms-isnullable\": true\r\n            },\r\n            \"13\": {\r\n              \"type\": \"Integer\",\r\n              \"format\": \"Int32\",\r\n              \"x-ms-isnullable\": true\r\n            },\r\n            \"39\": {\r\n              \"type\": \"Integer\",\r\n              \"format\": \"Int32\",\r\n              \"x-ms-isnullable\": true\r\n            },\r\n            \"40\": {\r\n              \"type\": \"Integer\",\r\n              \"format\": \"Int32\",\r\n              \"x-ms-isnullable\": true\r\n            },\r\n            \"2174\": {\r\n              \"type\": \"Integer\",\r\n              \"format\": \"Int32\",\r\n              \"x-ms-isnullable\": true\r\n            },\r\n            \"77516\": {\r\n              \"type\": \"Integer\",\r\n              \"format\": \"Int32\",\r\n              \"x-ms-isnullable\": true\r\n            },\r\n            \"State-gov\": {\r\n              \"type\": \"String\",\r\n              \"format\": \"\",\r\n              \"x-ms-isnullable\": false\r\n            },\r\n            \"Bachelors\": {\r\n              \"type\": \"String\",\r\n              \"format\": \"\",\r\n              \"x-ms-isnullable\": false\r\n            },\r\n            \"Never-married\": {\r\n              \"type\": \"String\",\r\n              \"format\": \"\",\r\n              \"x-ms-isnullable\": false\r\n            },\r\n            \"Adm-clerical\": {\r\n              \"type\": \"String\",\r\n              \"format\": \"\",\r\n              \"x-ms-isnullable\": false\r\n            },\r\n            \"Not-in-family\": {\r\n              \"type\": \"String\",\r\n              \"format\": \"\",\r\n              \"x-ms-isnullable\": false\r\n            },\r\n            \"White\": {\r\n              \"type\": \"String\",\r\n              \"format\": \"\",\r\n              \"x-ms-isnullable\": false\r\n            },\r\n            \"Male\": {\r\n              \"type\": \"String\",\r\n              \"format\": \"\",\r\n              \"x-ms-isnullable\": false\r\n            },\r\n            \"United-States\": {\r\n              \"type\": \"String\",\r\n              \"format\": \"\",\r\n              \"x-ms-isnullable\": false\r\n            },\r\n            \"<=50K\": {\r\n              \"type\": \"String\",\r\n              \"format\": \"\",\r\n              \"x-ms-isnullable\": false\r\n            },\r\n            \"39 (2)\": {\r\n              \"type\": \"Integer\",\r\n              \"format\": \"Int32\",\r\n              \"x-ms-isnullable\": true\r\n            },\r\n            \"State-gov (2)\": {\r\n              \"type\": \"String\",\r\n              \"format\": \"\",\r\n              \"x-ms-isnullable\": false\r\n            },\r\n            \"77516 (2)\": {\r\n              \"type\": \"Integer\",\r\n              \"format\": \"Int32\",\r\n              \"x-ms-isnullable\": true\r\n            },\r\n            \"Bachelors (2)\": {\r\n              \"type\": \"String\",\r\n              \"format\": \"\",\r\n              \"x-ms-isnullable\": false\r\n            },\r\n            \"13 (2)\": {\r\n              \"type\": \"Integer\",\r\n              \"format\": \"Int32\",\r\n              \"x-ms-isnullable\": true\r\n            },\r\n            \"Never-married (2)\": {\r\n              \"type\": \"String\",\r\n              \"format\": \"\",\r\n              \"x-ms-isnullable\": false\r\n            },\r\n            \"Adm-clerical (2)\": {\r\n              \"type\": \"String\",\r\n              \"format\": \"\",\r\n              \"x-ms-isnullable\": false\r\n            },\r\n            \"Not-in-family (2)\": {\r\n              \"type\": \"String\",\r\n              \"format\": \"\",\r\n              \"x-ms-isnullable\": false\r\n            },\r\n            \"White (2)\": {\r\n              \"type\": \"String\",\r\n              \"format\": \"\",\r\n              \"x-ms-isnullable\": false\r\n            },\r\n            \"Male (2)\": {\r\n              \"type\": \"String\",\r\n              \"format\": \"\",\r\n              \"x-ms-isnullable\": false\r\n            },\r\n            \"2174 (2)\": {\r\n              \"type\": \"Integer\",\r\n              \"format\": \"Int32\",\r\n              \"x-ms-isnullable\": true\r\n            },\r\n            \"0 (2)\": {\r\n              \"type\": \"Integer\",\r\n              \"format\": \"Int32\",\r\n              \"x-ms-isnullable\": true\r\n            },\r\n            \"40 (2)\": {\r\n              \"type\": \"Integer\",\r\n              \"format\": \"Int32\",\r\n              \"x-ms-isnullable\": true\r\n            },\r\n            \"United-States (2)\": {\r\n              \"type\": \"String\",\r\n              \"format\": \"\",\r\n              \"x-ms-isnullable\": false\r\n            },\r\n            \"<=50K (2)\": {\r\n              \"type\": \"String\",\r\n              \"format\": \"\",\r\n              \"x-ms-isnullable\": false\r\n            }\r\n          }\r\n        }\r\n      }\r\n    },\r\n    \"packageType\": \"Graph\",\r\n    \"exampleRequest\": {\r\n      \"inputs\": {\r\n        \"input1\": [\r\n          [\r\n            50,\r\n            \"Self-emp-not-inc\",\r\n            83311,\r\n            \"Bachelors\",\r\n            13,\r\n            \"Married-civ-spouse\",\r\n            \"Exec-managerial\",\r\n            \"Husband\",\r\n            \"White\",\r\n            \"Male\",\r\n            0,\r\n            0,\r\n            13,\r\n            \"United-States\",\r\n            \"<=50K\"\r\n          ],\r\n          [\r\n            38,\r\n            \"Private\",\r\n            215646,\r\n            \"HS-grad\",\r\n            9,\r\n            \"Divorced\",\r\n            \"Handlers-cleaners\",\r\n            \"Not-in-family\",\r\n            \"White\",\r\n            \"Male\",\r\n            0,\r\n            0,\r\n            40,\r\n            \"United-States\",\r\n            \"<=50K\"\r\n          ],\r\n          [\r\n            53,\r\n            \"Private\",\r\n            234721,\r\n            \"11th\",\r\n            7,\r\n            \"Married-civ-spouse\",\r\n            \"Handlers-cleaners\",\r\n            \"Husband\",\r\n            \"Black\",\r\n            \"Male\",\r\n            0,\r\n            0,\r\n            40,\r\n            \"United-States\",\r\n            \"<=50K\"\r\n          ],\r\n          [\r\n            28,\r\n            \"Private\",\r\n            338409,\r\n            \"Bachelors\",\r\n            13,\r\n            \"Married-civ-spouse\",\r\n            \"Prof-specialty\",\r\n            \"Wife\",\r\n            \"Black\",\r\n            \"Female\",\r\n            0,\r\n            0,\r\n            40,\r\n            \"Cuba\",\r\n            \"<=50K\"\r\n          ],\r\n          [\r\n            37,\r\n            \"Private\",\r\n            284582,\r\n            \"Masters\",\r\n            14,\r\n            \"Married-civ-spouse\",\r\n            \"Exec-managerial\",\r\n            \"Wife\",\r\n            \"White\",\r\n            \"Female\",\r\n            0,\r\n            0,\r\n            40,\r\n            \"United-States\",\r\n            \"<=50K\"\r\n          ]\r\n        ]\r\n      }\r\n    },\r\n    \"exposeSampleData\": false,\r\n    \"parameters\": {},\r\n    \"package\": {\r\n      \"edges\": [\r\n        {\r\n          \"sourceNodeId\": \"node1\",\r\n          \"sourcePortId\": \"Results dataset\",\r\n          \"targetNodeId\": \"node2\",\r\n          \"targetPortId\": \"Dataset1\"\r\n        },\r\n        {\r\n          \"sourceNodeId\": \"node1\",\r\n          \"sourcePortId\": \"Results dataset\",\r\n          \"targetNodeId\": \"node2\",\r\n          \"targetPortId\": \"Dataset2\"\r\n        },\r\n        {\r\n          \"sourceNodeId\": \"node3\",\r\n          \"targetNodeId\": \"node2\",\r\n          \"targetPortId\": \"Dataset2\"\r\n        },\r\n        {\r\n          \"sourceNodeId\": \"node2\",\r\n          \"sourcePortId\": \"Results dataset\",\r\n          \"targetNodeId\": \"node4\"\r\n        }\r\n      ],\r\n      \"graphParameters\": {},\r\n      \"nodes\": {\r\n        \"node1\": {\r\n          \"assetId\": \"asset1\",\r\n          \"parameters\": {\r\n            \"Please Specify Data Source\": {\r\n              \"value\": \"AzureBlobStorage\",\r\n              \"certificateThumbprint\": \"\"\r\n            },\r\n            \"Please Specify Authentication Type\": {\r\n              \"value\": \"Account\",\r\n              \"certificateThumbprint\": \"\"\r\n            },\r\n            \"Account Name\": {\r\n              \"value\": \"bohurp\",\r\n              \"certificateThumbprint\": \"\"\r\n            },\r\n            \"Account Key\": {\r\n              \"value\": \"MIICZAYJKoZIhvcNAQcDoIICVTCCAlECAQAxggHEMIIBwAIBADCBpzCBjzELMAkGA1UEBhMCVVMxEzARBgNVBAgTCldhc2hpbmd0b24xEDAOBgNVBAcTB1JlZG1vbmQxHjAcBgNVBAoTFU1pY3Jvc29mdCBDb3Jwb3JhdGlvbjEVMBMGA1UECxMMTWljcm9zb2Z0IElUMSIwIAYDVQQDExlNaWNyb3NvZnQgSVQgSVRPIFNTTCBDQSAxAhMtAAJHTyeUxRjJG9iXAAEAAkdPMA0GCSqGSIb3DQEBAQUABIIBAH71Lx0HuAyxgD3hNK/ujjgpUOt1PnqRr23iw6ywZX6llULbY9lNWUltjwK3aWfJXfCSzhTqFy7klufAvwA8ViR1aCY+hnRhHYOf+blyi9MA3aGDh0wKz6KzqciUWXQ4Mj+1QA+qS04a/usmmyP+sKpD86j4bDgU2qlg8BTuLS/fAh8N+kfqWUiD59cO+S4o2x34Wb17PuukY/uftYgsiz0rjlDpEKskJ1to3sLtm1oJg29V2GP6omGJwGNTy81Q4muiI0kfmp0s77d2h7IzFad8Xs7hVFyeiYjuomofcfHH96aVBa40CU6BTRUb98Y/abha+KcQAi4Otr+vDmZPVDwwgYMGCSqGSIb3DQEHATAUBggqhkiG9w0DBwQILqGQtXBHza+AYMatVE+iqaWLuUYGgCGLtpQq2GapnC7Y2jf0LcIeobjWITAdxJnRfsMin/X4YMy1LtOr/M16bC3bYqujeDwgDoDELbY+F6no5uzSycZpFpHbl2NPb1pEwW/z8HSBn9JSpQ==\",\r\n              \"certificateThumbprint\": \"AB5C39DB612421C3A3870692316EB19F25BCDE70\"\r\n            },\r\n            \"Path to container or directory or blob\": {\r\n              \"value\": \"uploadeddata/adult.data\",\r\n              \"certificateThumbprint\": \"\"\r\n            },\r\n            \"Blob File format\": {\r\n              \"value\": \"CSV\",\r\n              \"certificateThumbprint\": \"\"\r\n            },\r\n            \"File has Header Row\": {\r\n              \"value\": \"True\",\r\n              \"certificateThumbprint\": \"\"\r\n            }\r\n          }\r\n        },\r\n        \"node2\": {\r\n          \"assetId\": \"asset2\",\r\n          \"parameters\": {\r\n            \"Comma-separated case-sensitive names of join key columns for L\": {\r\n              \"value\": \"%7B%22isFilter%22%3Atrue%2C%22rules%22%3A%5B%7B%22ruleType%22%3A%22AllColumns%22%2C%22exclude%22%3Afalse%7D%2C%7B%22ruleType%22%3A%22ColumnTypes%22%2C%22exclude%22%3Afalse%2C%22columnTypes%22%3A%5B%22All%22%5D%2C%22columnKinds%22%3A%5B%22Feature%22%5D%7D%5D%2C%22ui%22%3A%7B%22withRules%22%3Atrue%7D%7D\",\r\n              \"certificateThumbprint\": \"\"\r\n            },\r\n            \"Comma-separated case-sensitive names of join key columns for R\": {\r\n              \"value\": \"%7B%22isFilter%22%3Atrue%2C%22rules%22%3A%5B%7B%22ruleType%22%3A%22AllColumns%22%2C%22exclude%22%3Afalse%7D%2C%7B%22ruleType%22%3A%22ColumnTypes%22%2C%22exclude%22%3Afalse%2C%22columnTypes%22%3A%5B%22All%22%5D%2C%22columnKinds%22%3A%5B%22Feature%22%5D%7D%5D%2C%22ui%22%3A%7B%22withRules%22%3Atrue%7D%7D\",\r\n              \"certificateThumbprint\": \"\"\r\n            },\r\n            \"Match case\": {\r\n              \"value\": \"True\",\r\n              \"certificateThumbprint\": \"\"\r\n            },\r\n            \"Join type\": {\r\n              \"value\": \"Inner Join\",\r\n              \"certificateThumbprint\": \"\"\r\n            },\r\n            \"Keep right key columns in joined table\": {\r\n              \"value\": \"True\",\r\n              \"certificateThumbprint\": \"\"\r\n            }\r\n          }\r\n        },\r\n        \"node3\": {\r\n          \"inputId\": \"input1\"\r\n        },\r\n        \"node4\": {\r\n          \"outputId\": \"output1\"\r\n        }\r\n      }\r\n    }\r\n  }\r\n}",
      "ResponseHeaders": {
        "Content-Length": [
          "15025"
        ],
        "Content-Type": [
          "application/json; charset=utf-8"
        ],
        "Expires": [
          "-1"
        ],
        "Pragma": [
          "no-cache"
        ],
        "x-ms-request-duration": [
          "29"
        ],
        "x-ms-correlation-request-id": [
          "3a1bc46f-7708-4dbe-8016-7485deccb077"
        ],
        "x-ms-request-id": [
          "b1a0422a-a5df-4af0-a5be-01e9c7114a85"
        ],
        "x-ms-ratelimit-remaining-subscription-reads": [
          "14904"
        ],
        "x-ms-routing-request-id": [
          "WESTUS2:20170412T003656Z:3a1bc46f-7708-4dbe-8016-7485deccb077"
        ],
        "Strict-Transport-Security": [
          "max-age=31536000; includeSubDomains"
        ],
        "Cache-Control": [
          "no-cache"
        ],
        "Date": [
          "Wed, 12 Apr 2017 00:36:56 GMT"
        ],
        "Server": [
          "Microsoft-HTTPAPI/2.0"
        ]
      },
      "StatusCode": 200
    },
    {
      "RequestUri": "/subscriptions/d128f140-94e6-4175-87a7-954b9d27db16/resourceGroups/onesdk5917/providers/Microsoft.MachineLearning/webServices/onesdk780?api-version=2017-01-01",
      "EncodedRequestUri": "L3N1YnNjcmlwdGlvbnMvZDEyOGYxNDAtOTRlNi00MTc1LTg3YTctOTU0YjlkMjdkYjE2L3Jlc291cmNlR3JvdXBzL29uZXNkazU5MTcvcHJvdmlkZXJzL01pY3Jvc29mdC5NYWNoaW5lTGVhcm5pbmcvd2ViU2VydmljZXMvb25lc2RrNzgwP2FwaS12ZXJzaW9uPTIwMTctMDEtMDE=",
      "RequestMethod": "DELETE",
      "RequestBody": "",
      "RequestHeaders": {
        "x-ms-client-request-id": [
          "198c34ad-d773-47ef-ba8d-be6c0a4d0c65"
        ],
        "accept-language": [
          "en-US"
        ],
        "User-Agent": [
          "FxVersion/4.6.1637.0",
          "OSName/Windows_10_Enterprise",
          "OSVersion/6.3.14393",
          "Microsoft.Azure.Management.MachineLearning.WebServices.AzureMLWebServicesManagementClient/1.0.0"
        ]
      },
      "ResponseBody": "",
      "ResponseHeaders": {
        "Content-Length": [
          "0"
        ],
        "Expires": [
          "-1"
        ],
        "Pragma": [
          "no-cache"
        ],
        "Azure-AsyncOperation": [
          "https://management.azure.com/subscriptions/d128f140-94e6-4175-87a7-954b9d27db16/providers/Microsoft.MachineLearning/locations/southcentralus/operationsStatus/5088d1fe-559f-4be2-a320-681265f008c6?api-version=2017-01-01"
        ],
        "Azure-AsyncOperationPercentComplete": [
          "0"
        ],
        "x-ms-request-duration": [
          "757"
        ],
        "x-ms-correlation-request-id": [
          "4ea64e59-2a18-4e0b-9766-0c700e563230"
        ],
        "x-ms-request-id": [
          "d15cf97a-d494-41cb-a3f1-87b83a50b574"
        ],
        "x-ms-ratelimit-remaining-subscription-writes": [
          "1190"
        ],
        "x-ms-routing-request-id": [
          "WESTUS2:20170412T003657Z:4ea64e59-2a18-4e0b-9766-0c700e563230"
        ],
        "Strict-Transport-Security": [
          "max-age=31536000; includeSubDomains"
        ],
        "Cache-Control": [
          "no-cache"
        ],
        "Date": [
          "Wed, 12 Apr 2017 00:36:57 GMT"
        ],
        "Location": [
          "https://management.azure.com/subscriptions/d128f140-94e6-4175-87a7-954b9d27db16/providers/Microsoft.MachineLearning/locations/southcentralus/operationresults/5088d1fe-559f-4be2-a320-681265f008c6?api-version=2017-01-01"
        ],
        "Server": [
          "Microsoft-HTTPAPI/2.0"
        ]
      },
      "StatusCode": 202
    },
    {
      "RequestUri": "/subscriptions/d128f140-94e6-4175-87a7-954b9d27db16/providers/Microsoft.MachineLearning/locations/southcentralus/operationsStatus/5088d1fe-559f-4be2-a320-681265f008c6?api-version=2017-01-01",
      "EncodedRequestUri": "L3N1YnNjcmlwdGlvbnMvZDEyOGYxNDAtOTRlNi00MTc1LTg3YTctOTU0YjlkMjdkYjE2L3Byb3ZpZGVycy9NaWNyb3NvZnQuTWFjaGluZUxlYXJuaW5nL2xvY2F0aW9ucy9zb3V0aGNlbnRyYWx1cy9vcGVyYXRpb25zU3RhdHVzLzUwODhkMWZlLTU1OWYtNGJlMi1hMzIwLTY4MTI2NWYwMDhjNj9hcGktdmVyc2lvbj0yMDE3LTAxLTAx",
      "RequestMethod": "GET",
      "RequestBody": "",
      "RequestHeaders": {
        "User-Agent": [
          "FxVersion/4.6.1637.0",
          "OSName/Windows_10_Enterprise",
          "OSVersion/6.3.14393",
          "Microsoft.Azure.Management.MachineLearning.WebServices.AzureMLWebServicesManagementClient/1.0.0"
        ]
      },
      "ResponseBody": "{\r\n  \"id\": \"/subscriptions/d128f140-94e6-4175-87a7-954b9d27db16/providers/Microsoft.MachineLearning/locations/southcentralus/operationsStatus/5088d1fe-559f-4be2-a320-681265f008c6\",\r\n  \"name\": \"5088d1fe-559f-4be2-a320-681265f008c6\",\r\n  \"status\": \"Succeeded\",\r\n  \"startTime\": \"2017-04-12T00:36:57.1903469Z\",\r\n  \"endTime\": \"2017-04-12T00:36:58.601466Z\",\r\n  \"percentComplete\": 1.0\r\n}",
      "ResponseHeaders": {
        "Content-Length": [
          "379"
        ],
        "Content-Type": [
          "application/json; charset=utf-8"
        ],
        "Expires": [
          "-1"
        ],
        "Pragma": [
          "no-cache"
        ],
        "x-ms-request-duration": [
          "13"
        ],
        "x-ms-correlation-request-id": [
          "96bc967b-cc6b-4116-a46a-857da713a193"
        ],
        "x-ms-request-id": [
          "b1188174-6303-4344-972e-df7ef0a70ac3"
        ],
        "x-ms-ratelimit-remaining-subscription-reads": [
          "14903"
        ],
        "x-ms-routing-request-id": [
          "WESTUS2:20170412T003703Z:96bc967b-cc6b-4116-a46a-857da713a193"
        ],
        "Strict-Transport-Security": [
          "max-age=31536000; includeSubDomains"
        ],
        "Cache-Control": [
          "no-cache"
        ],
        "Date": [
          "Wed, 12 Apr 2017 00:37:02 GMT"
        ],
        "Server": [
          "Microsoft-HTTPAPI/2.0"
        ]
      },
      "StatusCode": 200
    },
    {
      "RequestUri": "/subscriptions/d128f140-94e6-4175-87a7-954b9d27db16/resourceGroups/onesdk5917/providers/Microsoft.Storage/storageAccounts/onesdk780?api-version=2015-06-15",
      "EncodedRequestUri": "L3N1YnNjcmlwdGlvbnMvZDEyOGYxNDAtOTRlNi00MTc1LTg3YTctOTU0YjlkMjdkYjE2L3Jlc291cmNlR3JvdXBzL29uZXNkazU5MTcvcHJvdmlkZXJzL01pY3Jvc29mdC5TdG9yYWdlL3N0b3JhZ2VBY2NvdW50cy9vbmVzZGs3ODA/YXBpLXZlcnNpb249MjAxNS0wNi0xNQ==",
      "RequestMethod": "DELETE",
      "RequestBody": "",
      "RequestHeaders": {
        "x-ms-client-request-id": [
          "89c19abb-6c34-42b9-8396-dfcb7f5dfcb0"
        ],
        "User-Agent": [
          "Microsoft.Azure.Management.Storage.StorageManagementClient/3.0.0.0"
        ]
      },
      "ResponseBody": "",
      "ResponseHeaders": {
        "Expires": [
          "-1"
        ],
        "Pragma": [
          "no-cache"
        ],
        "x-ms-ratelimit-remaining-subscription-writes": [
          "1193"
        ],
        "x-ms-request-id": [
          "a5bf75d9-a4c2-4c9c-8597-a4755c0ca4cc"
        ],
        "x-ms-correlation-request-id": [
          "a5bf75d9-a4c2-4c9c-8597-a4755c0ca4cc"
        ],
        "x-ms-routing-request-id": [
          "WESTUS2:20170412T003703Z:a5bf75d9-a4c2-4c9c-8597-a4755c0ca4cc"
        ],
        "Strict-Transport-Security": [
          "max-age=31536000; includeSubDomains"
        ],
        "Cache-Control": [
          "no-cache"
        ],
        "Date": [
          "Wed, 12 Apr 2017 00:37:02 GMT"
        ]
      },
      "StatusCode": 204
    },
    {
      "RequestUri": "/subscriptions/d128f140-94e6-4175-87a7-954b9d27db16/resourcegroups/onesdk5917?api-version=2016-02-01",
      "EncodedRequestUri": "L3N1YnNjcmlwdGlvbnMvZDEyOGYxNDAtOTRlNi00MTc1LTg3YTctOTU0YjlkMjdkYjE2L3Jlc291cmNlZ3JvdXBzL29uZXNkazU5MTc/YXBpLXZlcnNpb249MjAxNi0wMi0wMQ==",
      "RequestMethod": "DELETE",
      "RequestBody": "",
      "RequestHeaders": {
        "User-Agent": [
          "Microsoft.Azure.Management.Resources.ResourceManagementClient/2.0.0.0"
        ]
      },
      "ResponseBody": "",
      "ResponseHeaders": {
        "Content-Length": [
          "0"
        ],
        "Expires": [
          "-1"
        ],
        "Pragma": [
          "no-cache"
        ],
        "Retry-After": [
          "15"
        ],
        "x-ms-ratelimit-remaining-subscription-writes": [
          "1187"
        ],
        "x-ms-request-id": [
          "ec98df6a-adfd-4d46-8656-376380608365"
        ],
        "x-ms-correlation-request-id": [
          "ec98df6a-adfd-4d46-8656-376380608365"
        ],
        "x-ms-routing-request-id": [
          "WESTUS2:20170412T003704Z:ec98df6a-adfd-4d46-8656-376380608365"
        ],
        "Strict-Transport-Security": [
          "max-age=31536000; includeSubDomains"
        ],
        "Cache-Control": [
          "no-cache"
        ],
        "Date": [
          "Wed, 12 Apr 2017 00:37:04 GMT"
        ],
        "Location": [
          "https://management.azure.com/subscriptions/d128f140-94e6-4175-87a7-954b9d27db16/operationresults/eyJqb2JJZCI6IlJFU09VUkNFR1JPVVBERUxFVElPTkpPQi1PTkVTREs1OTE3LVNPVVRIQ0VOVFJBTFVTIiwiam9iTG9jYXRpb24iOiJzb3V0aGNlbnRyYWx1cyJ9?api-version=2016-02-01"
        ]
      },
      "StatusCode": 202
    },
    {
      "RequestUri": "/subscriptions/d128f140-94e6-4175-87a7-954b9d27db16/operationresults/eyJqb2JJZCI6IlJFU09VUkNFR1JPVVBERUxFVElPTkpPQi1PTkVTREs1OTE3LVNPVVRIQ0VOVFJBTFVTIiwiam9iTG9jYXRpb24iOiJzb3V0aGNlbnRyYWx1cyJ9?api-version=2016-02-01",
      "EncodedRequestUri": "L3N1YnNjcmlwdGlvbnMvZDEyOGYxNDAtOTRlNi00MTc1LTg3YTctOTU0YjlkMjdkYjE2L29wZXJhdGlvbnJlc3VsdHMvZXlKcWIySkpaQ0k2SWxKRlUwOVZVa05GUjFKUFZWQkVSVXhGVkVsUFRrcFBRaTFQVGtWVFJFczFPVEUzTFZOUFZWUklRMFZPVkZKQlRGVlRJaXdpYW05aVRHOWpZWFJwYjI0aU9pSnpiM1YwYUdObGJuUnlZV3gxY3lKOT9hcGktdmVyc2lvbj0yMDE2LTAyLTAx",
      "RequestMethod": "GET",
      "RequestBody": "",
      "RequestHeaders": {
        "x-ms-version": [
          "2016-02-01"
        ],
        "User-Agent": [
          "Microsoft.Azure.Management.Resources.ResourceManagementClient/2.0.0.0"
        ]
      },
      "ResponseBody": "",
      "ResponseHeaders": {
        "Content-Length": [
          "0"
        ],
        "Expires": [
          "-1"
        ],
        "Pragma": [
          "no-cache"
        ],
        "Retry-After": [
          "15"
        ],
        "x-ms-ratelimit-remaining-subscription-reads": [
          "14788"
        ],
        "x-ms-request-id": [
          "ddf1041d-61ea-4914-a4db-7ea9067b6ba8"
        ],
        "x-ms-correlation-request-id": [
          "ddf1041d-61ea-4914-a4db-7ea9067b6ba8"
        ],
        "x-ms-routing-request-id": [
          "WESTUS2:20170412T003705Z:ddf1041d-61ea-4914-a4db-7ea9067b6ba8"
        ],
        "Strict-Transport-Security": [
          "max-age=31536000; includeSubDomains"
        ],
        "Cache-Control": [
          "no-cache"
        ],
        "Date": [
          "Wed, 12 Apr 2017 00:37:04 GMT"
        ],
        "Location": [
          "https://management.azure.com/subscriptions/d128f140-94e6-4175-87a7-954b9d27db16/operationresults/eyJqb2JJZCI6IlJFU09VUkNFR1JPVVBERUxFVElPTkpPQi1PTkVTREs1OTE3LVNPVVRIQ0VOVFJBTFVTIiwiam9iTG9jYXRpb24iOiJzb3V0aGNlbnRyYWx1cyJ9?api-version=2016-02-01"
        ]
      },
      "StatusCode": 202
    },
    {
      "RequestUri": "/subscriptions/d128f140-94e6-4175-87a7-954b9d27db16/operationresults/eyJqb2JJZCI6IlJFU09VUkNFR1JPVVBERUxFVElPTkpPQi1PTkVTREs1OTE3LVNPVVRIQ0VOVFJBTFVTIiwiam9iTG9jYXRpb24iOiJzb3V0aGNlbnRyYWx1cyJ9?api-version=2016-02-01",
      "EncodedRequestUri": "L3N1YnNjcmlwdGlvbnMvZDEyOGYxNDAtOTRlNi00MTc1LTg3YTctOTU0YjlkMjdkYjE2L29wZXJhdGlvbnJlc3VsdHMvZXlKcWIySkpaQ0k2SWxKRlUwOVZVa05GUjFKUFZWQkVSVXhGVkVsUFRrcFBRaTFQVGtWVFJFczFPVEUzTFZOUFZWUklRMFZPVkZKQlRGVlRJaXdpYW05aVRHOWpZWFJwYjI0aU9pSnpiM1YwYUdObGJuUnlZV3gxY3lKOT9hcGktdmVyc2lvbj0yMDE2LTAyLTAx",
      "RequestMethod": "GET",
      "RequestBody": "",
      "RequestHeaders": {
        "x-ms-version": [
          "2016-02-01"
        ],
        "User-Agent": [
          "Microsoft.Azure.Management.Resources.ResourceManagementClient/2.0.0.0"
        ]
      },
      "ResponseBody": "",
      "ResponseHeaders": {
        "Content-Length": [
          "0"
        ],
        "Expires": [
          "-1"
        ],
        "Pragma": [
          "no-cache"
        ],
        "Retry-After": [
          "15"
        ],
        "x-ms-ratelimit-remaining-subscription-reads": [
          "14787"
        ],
        "x-ms-request-id": [
          "17f3af8d-8441-49c2-a2a5-5b46437baeba"
        ],
        "x-ms-correlation-request-id": [
          "17f3af8d-8441-49c2-a2a5-5b46437baeba"
        ],
        "x-ms-routing-request-id": [
          "WESTUS2:20170412T003720Z:17f3af8d-8441-49c2-a2a5-5b46437baeba"
        ],
        "Strict-Transport-Security": [
          "max-age=31536000; includeSubDomains"
        ],
        "Cache-Control": [
          "no-cache"
        ],
        "Date": [
          "Wed, 12 Apr 2017 00:37:19 GMT"
        ],
        "Location": [
          "https://management.azure.com/subscriptions/d128f140-94e6-4175-87a7-954b9d27db16/operationresults/eyJqb2JJZCI6IlJFU09VUkNFR1JPVVBERUxFVElPTkpPQi1PTkVTREs1OTE3LVNPVVRIQ0VOVFJBTFVTIiwiam9iTG9jYXRpb24iOiJzb3V0aGNlbnRyYWx1cyJ9?api-version=2016-02-01"
        ]
      },
      "StatusCode": 202
    },
    {
      "RequestUri": "/subscriptions/d128f140-94e6-4175-87a7-954b9d27db16/operationresults/eyJqb2JJZCI6IlJFU09VUkNFR1JPVVBERUxFVElPTkpPQi1PTkVTREs1OTE3LVNPVVRIQ0VOVFJBTFVTIiwiam9iTG9jYXRpb24iOiJzb3V0aGNlbnRyYWx1cyJ9?api-version=2016-02-01",
      "EncodedRequestUri": "L3N1YnNjcmlwdGlvbnMvZDEyOGYxNDAtOTRlNi00MTc1LTg3YTctOTU0YjlkMjdkYjE2L29wZXJhdGlvbnJlc3VsdHMvZXlKcWIySkpaQ0k2SWxKRlUwOVZVa05GUjFKUFZWQkVSVXhGVkVsUFRrcFBRaTFQVGtWVFJFczFPVEUzTFZOUFZWUklRMFZPVkZKQlRGVlRJaXdpYW05aVRHOWpZWFJwYjI0aU9pSnpiM1YwYUdObGJuUnlZV3gxY3lKOT9hcGktdmVyc2lvbj0yMDE2LTAyLTAx",
      "RequestMethod": "GET",
      "RequestBody": "",
      "RequestHeaders": {
        "x-ms-version": [
          "2016-02-01"
        ],
        "User-Agent": [
          "Microsoft.Azure.Management.Resources.ResourceManagementClient/2.0.0.0"
        ]
      },
      "ResponseBody": "",
      "ResponseHeaders": {
        "Content-Length": [
          "0"
        ],
        "Expires": [
          "-1"
        ],
        "Pragma": [
          "no-cache"
        ],
        "Retry-After": [
          "15"
        ],
        "x-ms-ratelimit-remaining-subscription-reads": [
          "14786"
        ],
        "x-ms-request-id": [
          "98df0ce2-b5cd-4cb0-9e1e-a1bc579189f0"
        ],
        "x-ms-correlation-request-id": [
          "98df0ce2-b5cd-4cb0-9e1e-a1bc579189f0"
        ],
        "x-ms-routing-request-id": [
          "WESTUS2:20170412T003735Z:98df0ce2-b5cd-4cb0-9e1e-a1bc579189f0"
        ],
        "Strict-Transport-Security": [
          "max-age=31536000; includeSubDomains"
        ],
        "Cache-Control": [
          "no-cache"
        ],
        "Date": [
          "Wed, 12 Apr 2017 00:37:34 GMT"
        ],
        "Location": [
          "https://management.azure.com/subscriptions/d128f140-94e6-4175-87a7-954b9d27db16/operationresults/eyJqb2JJZCI6IlJFU09VUkNFR1JPVVBERUxFVElPTkpPQi1PTkVTREs1OTE3LVNPVVRIQ0VOVFJBTFVTIiwiam9iTG9jYXRpb24iOiJzb3V0aGNlbnRyYWx1cyJ9?api-version=2016-02-01"
        ]
      },
      "StatusCode": 202
    },
    {
      "RequestUri": "/subscriptions/d128f140-94e6-4175-87a7-954b9d27db16/operationresults/eyJqb2JJZCI6IlJFU09VUkNFR1JPVVBERUxFVElPTkpPQi1PTkVTREs1OTE3LVNPVVRIQ0VOVFJBTFVTIiwiam9iTG9jYXRpb24iOiJzb3V0aGNlbnRyYWx1cyJ9?api-version=2016-02-01",
      "EncodedRequestUri": "L3N1YnNjcmlwdGlvbnMvZDEyOGYxNDAtOTRlNi00MTc1LTg3YTctOTU0YjlkMjdkYjE2L29wZXJhdGlvbnJlc3VsdHMvZXlKcWIySkpaQ0k2SWxKRlUwOVZVa05GUjFKUFZWQkVSVXhGVkVsUFRrcFBRaTFQVGtWVFJFczFPVEUzTFZOUFZWUklRMFZPVkZKQlRGVlRJaXdpYW05aVRHOWpZWFJwYjI0aU9pSnpiM1YwYUdObGJuUnlZV3gxY3lKOT9hcGktdmVyc2lvbj0yMDE2LTAyLTAx",
      "RequestMethod": "GET",
      "RequestBody": "",
      "RequestHeaders": {
        "x-ms-version": [
          "2016-02-01"
        ],
        "User-Agent": [
          "Microsoft.Azure.Management.Resources.ResourceManagementClient/2.0.0.0"
        ]
      },
      "ResponseBody": "",
      "ResponseHeaders": {
        "Content-Length": [
          "0"
        ],
        "Expires": [
          "-1"
        ],
        "Pragma": [
          "no-cache"
        ],
        "Retry-After": [
          "15"
        ],
        "x-ms-ratelimit-remaining-subscription-reads": [
          "14784"
        ],
        "x-ms-request-id": [
          "a941c11c-2289-4d8e-bef2-07bcd9cb75b2"
        ],
        "x-ms-correlation-request-id": [
          "a941c11c-2289-4d8e-bef2-07bcd9cb75b2"
        ],
        "x-ms-routing-request-id": [
          "WESTUS2:20170412T003750Z:a941c11c-2289-4d8e-bef2-07bcd9cb75b2"
        ],
        "Strict-Transport-Security": [
          "max-age=31536000; includeSubDomains"
        ],
        "Cache-Control": [
          "no-cache"
        ],
        "Date": [
          "Wed, 12 Apr 2017 00:37:49 GMT"
        ],
        "Location": [
          "https://management.azure.com/subscriptions/d128f140-94e6-4175-87a7-954b9d27db16/operationresults/eyJqb2JJZCI6IlJFU09VUkNFR1JPVVBERUxFVElPTkpPQi1PTkVTREs1OTE3LVNPVVRIQ0VOVFJBTFVTIiwiam9iTG9jYXRpb24iOiJzb3V0aGNlbnRyYWx1cyJ9?api-version=2016-02-01"
        ]
      },
      "StatusCode": 202
    },
    {
      "RequestUri": "/subscriptions/d128f140-94e6-4175-87a7-954b9d27db16/operationresults/eyJqb2JJZCI6IlJFU09VUkNFR1JPVVBERUxFVElPTkpPQi1PTkVTREs1OTE3LVNPVVRIQ0VOVFJBTFVTIiwiam9iTG9jYXRpb24iOiJzb3V0aGNlbnRyYWx1cyJ9?api-version=2016-02-01",
      "EncodedRequestUri": "L3N1YnNjcmlwdGlvbnMvZDEyOGYxNDAtOTRlNi00MTc1LTg3YTctOTU0YjlkMjdkYjE2L29wZXJhdGlvbnJlc3VsdHMvZXlKcWIySkpaQ0k2SWxKRlUwOVZVa05GUjFKUFZWQkVSVXhGVkVsUFRrcFBRaTFQVGtWVFJFczFPVEUzTFZOUFZWUklRMFZPVkZKQlRGVlRJaXdpYW05aVRHOWpZWFJwYjI0aU9pSnpiM1YwYUdObGJuUnlZV3gxY3lKOT9hcGktdmVyc2lvbj0yMDE2LTAyLTAx",
      "RequestMethod": "GET",
      "RequestBody": "",
      "RequestHeaders": {
        "x-ms-version": [
          "2016-02-01"
        ],
        "User-Agent": [
          "Microsoft.Azure.Management.Resources.ResourceManagementClient/2.0.0.0"
        ]
      },
      "ResponseBody": "",
      "ResponseHeaders": {
        "Content-Length": [
          "0"
        ],
        "Expires": [
          "-1"
        ],
        "Pragma": [
          "no-cache"
        ],
        "Retry-After": [
          "15"
        ],
        "x-ms-ratelimit-remaining-subscription-reads": [
          "14778"
        ],
        "x-ms-request-id": [
          "7159275a-9b85-400f-a742-8ee42a2dd71e"
        ],
        "x-ms-correlation-request-id": [
          "7159275a-9b85-400f-a742-8ee42a2dd71e"
        ],
        "x-ms-routing-request-id": [
          "WESTUS2:20170412T003805Z:7159275a-9b85-400f-a742-8ee42a2dd71e"
        ],
        "Strict-Transport-Security": [
          "max-age=31536000; includeSubDomains"
        ],
        "Cache-Control": [
          "no-cache"
        ],
        "Date": [
          "Wed, 12 Apr 2017 00:38:04 GMT"
        ],
        "Location": [
          "https://management.azure.com/subscriptions/d128f140-94e6-4175-87a7-954b9d27db16/operationresults/eyJqb2JJZCI6IlJFU09VUkNFR1JPVVBERUxFVElPTkpPQi1PTkVTREs1OTE3LVNPVVRIQ0VOVFJBTFVTIiwiam9iTG9jYXRpb24iOiJzb3V0aGNlbnRyYWx1cyJ9?api-version=2016-02-01"
        ]
      },
      "StatusCode": 202
    },
    {
      "RequestUri": "/subscriptions/d128f140-94e6-4175-87a7-954b9d27db16/operationresults/eyJqb2JJZCI6IlJFU09VUkNFR1JPVVBERUxFVElPTkpPQi1PTkVTREs1OTE3LVNPVVRIQ0VOVFJBTFVTIiwiam9iTG9jYXRpb24iOiJzb3V0aGNlbnRyYWx1cyJ9?api-version=2016-02-01",
      "EncodedRequestUri": "L3N1YnNjcmlwdGlvbnMvZDEyOGYxNDAtOTRlNi00MTc1LTg3YTctOTU0YjlkMjdkYjE2L29wZXJhdGlvbnJlc3VsdHMvZXlKcWIySkpaQ0k2SWxKRlUwOVZVa05GUjFKUFZWQkVSVXhGVkVsUFRrcFBRaTFQVGtWVFJFczFPVEUzTFZOUFZWUklRMFZPVkZKQlRGVlRJaXdpYW05aVRHOWpZWFJwYjI0aU9pSnpiM1YwYUdObGJuUnlZV3gxY3lKOT9hcGktdmVyc2lvbj0yMDE2LTAyLTAx",
      "RequestMethod": "GET",
      "RequestBody": "",
      "RequestHeaders": {
        "x-ms-version": [
          "2016-02-01"
        ],
        "User-Agent": [
          "Microsoft.Azure.Management.Resources.ResourceManagementClient/2.0.0.0"
        ]
      },
      "ResponseBody": "",
      "ResponseHeaders": {
        "Content-Length": [
          "0"
        ],
        "Expires": [
          "-1"
        ],
        "Pragma": [
          "no-cache"
        ],
        "Retry-After": [
          "15"
        ],
        "x-ms-ratelimit-remaining-subscription-reads": [
          "14776"
        ],
        "x-ms-request-id": [
          "6deec85b-3b53-4810-b032-ce32e5421e29"
        ],
        "x-ms-correlation-request-id": [
          "6deec85b-3b53-4810-b032-ce32e5421e29"
        ],
        "x-ms-routing-request-id": [
          "WESTUS2:20170412T003820Z:6deec85b-3b53-4810-b032-ce32e5421e29"
        ],
        "Strict-Transport-Security": [
          "max-age=31536000; includeSubDomains"
        ],
        "Cache-Control": [
          "no-cache"
        ],
        "Date": [
          "Wed, 12 Apr 2017 00:38:20 GMT"
        ],
        "Location": [
          "https://management.azure.com/subscriptions/d128f140-94e6-4175-87a7-954b9d27db16/operationresults/eyJqb2JJZCI6IlJFU09VUkNFR1JPVVBERUxFVElPTkpPQi1PTkVTREs1OTE3LVNPVVRIQ0VOVFJBTFVTIiwiam9iTG9jYXRpb24iOiJzb3V0aGNlbnRyYWx1cyJ9?api-version=2016-02-01"
        ]
      },
      "StatusCode": 202
    },
    {
      "RequestUri": "/subscriptions/d128f140-94e6-4175-87a7-954b9d27db16/operationresults/eyJqb2JJZCI6IlJFU09VUkNFR1JPVVBERUxFVElPTkpPQi1PTkVTREs1OTE3LVNPVVRIQ0VOVFJBTFVTIiwiam9iTG9jYXRpb24iOiJzb3V0aGNlbnRyYWx1cyJ9?api-version=2016-02-01",
      "EncodedRequestUri": "L3N1YnNjcmlwdGlvbnMvZDEyOGYxNDAtOTRlNi00MTc1LTg3YTctOTU0YjlkMjdkYjE2L29wZXJhdGlvbnJlc3VsdHMvZXlKcWIySkpaQ0k2SWxKRlUwOVZVa05GUjFKUFZWQkVSVXhGVkVsUFRrcFBRaTFQVGtWVFJFczFPVEUzTFZOUFZWUklRMFZPVkZKQlRGVlRJaXdpYW05aVRHOWpZWFJwYjI0aU9pSnpiM1YwYUdObGJuUnlZV3gxY3lKOT9hcGktdmVyc2lvbj0yMDE2LTAyLTAx",
      "RequestMethod": "GET",
      "RequestBody": "",
      "RequestHeaders": {
        "x-ms-version": [
          "2016-02-01"
        ],
        "User-Agent": [
          "Microsoft.Azure.Management.Resources.ResourceManagementClient/2.0.0.0"
        ]
      },
      "ResponseBody": "",
      "ResponseHeaders": {
        "Content-Length": [
          "0"
        ],
        "Expires": [
          "-1"
        ],
        "Pragma": [
          "no-cache"
        ],
        "Retry-After": [
          "15"
        ],
        "x-ms-ratelimit-remaining-subscription-reads": [
          "14774"
        ],
        "x-ms-request-id": [
          "d96d55f8-3cb8-4656-93f1-07f8e835f168"
        ],
        "x-ms-correlation-request-id": [
          "d96d55f8-3cb8-4656-93f1-07f8e835f168"
        ],
        "x-ms-routing-request-id": [
          "WESTUS2:20170412T003835Z:d96d55f8-3cb8-4656-93f1-07f8e835f168"
        ],
        "Strict-Transport-Security": [
          "max-age=31536000; includeSubDomains"
        ],
        "Cache-Control": [
          "no-cache"
        ],
        "Date": [
          "Wed, 12 Apr 2017 00:38:35 GMT"
        ],
        "Location": [
          "https://management.azure.com/subscriptions/d128f140-94e6-4175-87a7-954b9d27db16/operationresults/eyJqb2JJZCI6IlJFU09VUkNFR1JPVVBERUxFVElPTkpPQi1PTkVTREs1OTE3LVNPVVRIQ0VOVFJBTFVTIiwiam9iTG9jYXRpb24iOiJzb3V0aGNlbnRyYWx1cyJ9?api-version=2016-02-01"
        ]
      },
      "StatusCode": 202
    },
    {
      "RequestUri": "/subscriptions/d128f140-94e6-4175-87a7-954b9d27db16/operationresults/eyJqb2JJZCI6IlJFU09VUkNFR1JPVVBERUxFVElPTkpPQi1PTkVTREs1OTE3LVNPVVRIQ0VOVFJBTFVTIiwiam9iTG9jYXRpb24iOiJzb3V0aGNlbnRyYWx1cyJ9?api-version=2016-02-01",
      "EncodedRequestUri": "L3N1YnNjcmlwdGlvbnMvZDEyOGYxNDAtOTRlNi00MTc1LTg3YTctOTU0YjlkMjdkYjE2L29wZXJhdGlvbnJlc3VsdHMvZXlKcWIySkpaQ0k2SWxKRlUwOVZVa05GUjFKUFZWQkVSVXhGVkVsUFRrcFBRaTFQVGtWVFJFczFPVEUzTFZOUFZWUklRMFZPVkZKQlRGVlRJaXdpYW05aVRHOWpZWFJwYjI0aU9pSnpiM1YwYUdObGJuUnlZV3gxY3lKOT9hcGktdmVyc2lvbj0yMDE2LTAyLTAx",
      "RequestMethod": "GET",
      "RequestBody": "",
      "RequestHeaders": {
        "x-ms-version": [
          "2016-02-01"
        ],
        "User-Agent": [
          "Microsoft.Azure.Management.Resources.ResourceManagementClient/2.0.0.0"
        ]
      },
      "ResponseBody": "",
      "ResponseHeaders": {
        "Content-Length": [
          "0"
        ],
        "Expires": [
          "-1"
        ],
        "Pragma": [
          "no-cache"
        ],
        "x-ms-ratelimit-remaining-subscription-reads": [
          "14773"
        ],
        "x-ms-request-id": [
          "146340b0-c8de-47a6-8426-f664bceb0420"
        ],
        "x-ms-correlation-request-id": [
          "146340b0-c8de-47a6-8426-f664bceb0420"
        ],
        "x-ms-routing-request-id": [
          "WESTUS2:20170412T003851Z:146340b0-c8de-47a6-8426-f664bceb0420"
        ],
        "Strict-Transport-Security": [
          "max-age=31536000; includeSubDomains"
        ],
        "Cache-Control": [
          "no-cache"
        ],
        "Date": [
          "Wed, 12 Apr 2017 00:38:50 GMT"
        ]
      },
      "StatusCode": 200
    }
  ],
  "Names": {
    "Test-CreateWebServiceFromFile": [
      "onesdk5917",
      "onesdk780",
      "onesdk6382",
      "onesdk6598"
    ]
  },
  "Variables": {
    "SubscriptionId": "d128f140-94e6-4175-87a7-954b9d27db16"
  }
}