{
  "Entries": [
    {
      "RequestUri": "/subscriptions/a083c30e-d4e5-4dc1-b310-02aaf36b316a/providers/Microsoft.Network?api-version=2016-02-01",
      "EncodedRequestUri": "L3N1YnNjcmlwdGlvbnMvYTA4M2MzMGUtZDRlNS00ZGMxLWIzMTAtMDJhYWYzNmIzMTZhL3Byb3ZpZGVycy9NaWNyb3NvZnQuTmV0d29yaz9hcGktdmVyc2lvbj0yMDE2LTAyLTAx",
      "RequestMethod": "GET",
      "RequestBody": "",
      "RequestHeaders": {
        "User-Agent": [
          "Microsoft.Azure.Management.Resources.ResourceManagementClient/2.0.0.0"
        ]
      },
      "ResponseBody": "{\r\n  \"id\": \"/subscriptions/a083c30e-d4e5-4dc1-b310-02aaf36b316a/providers/Microsoft.Network\",\r\n  \"namespace\": \"Microsoft.Network\",\r\n  \"authorization\": {\r\n    \"applicationId\": \"2cf9eb86-36b5-49dc-86ae-9a63135dfa8c\",\r\n    \"roleDefinitionId\": \"13ba9ab4-19f0-4804-adc4-14ece36cc7a1\"\r\n  },\r\n  \"resourceTypes\": [\r\n    {\r\n      \"resourceType\": \"virtualNetworks\",\r\n      \"locations\": [\r\n        \"East US\",\r\n        \"North Europe\",\r\n        \"West Europe\",\r\n        \"East Asia\",\r\n        \"Southeast Asia\",\r\n        \"North Central US\",\r\n        \"South Central US\",\r\n        \"Central US\",\r\n        \"East US 2\",\r\n        \"Japan East\",\r\n        \"Japan West\",\r\n        \"Brazil South\",\r\n        \"Australia East\",\r\n        \"Australia Southeast\",\r\n        \"Central India\",\r\n        \"South India\",\r\n        \"Canada Central\",\r\n        \"Canada East\",\r\n        \"West Central US\",\r\n        \"West US 2\",\r\n        \"UK West\",\r\n        \"UK South\",\r\n        \"West US\",\r\n        \"West India\"\r\n      ],\r\n      \"apiVersions\": [\r\n        \"2016-09-01\",\r\n        \"2016-08-01\",\r\n        \"2016-07-01\",\r\n        \"2016-06-01\",\r\n        \"2016-03-30\",\r\n        \"2015-06-15\",\r\n        \"2015-05-01-preview\",\r\n        \"2014-12-01-preview\"\r\n      ],\r\n      \"capabilities\": \"CrossResourceGroupResourceMove, CrossSubscriptionResourceMove\"\r\n    },\r\n    {\r\n      \"resourceType\": \"publicIPAddresses\",\r\n      \"locations\": [\r\n        \"East US\",\r\n        \"North Europe\",\r\n        \"West Europe\",\r\n        \"East Asia\",\r\n        \"Southeast Asia\",\r\n        \"North Central US\",\r\n        \"South Central US\",\r\n        \"Central US\",\r\n        \"East US 2\",\r\n        \"Japan East\",\r\n        \"Japan West\",\r\n        \"Brazil South\",\r\n        \"Australia East\",\r\n        \"Australia Southeast\",\r\n        \"Central India\",\r\n        \"South India\",\r\n        \"Canada Central\",\r\n        \"Canada East\",\r\n        \"West Central US\",\r\n        \"West US 2\",\r\n        \"UK West\",\r\n        \"UK South\",\r\n        \"West US\",\r\n        \"West India\"\r\n      ],\r\n      \"apiVersions\": [\r\n        \"2016-09-01\",\r\n        \"2016-08-01\",\r\n        \"2016-07-01\",\r\n        \"2016-06-01\",\r\n        \"2016-03-30\",\r\n        \"2015-06-15\",\r\n        \"2015-05-01-preview\",\r\n        \"2014-12-01-preview\"\r\n      ],\r\n      \"capabilities\": \"CrossResourceGroupResourceMove, CrossSubscriptionResourceMove\"\r\n    },\r\n    {\r\n      \"resourceType\": \"networkInterfaces\",\r\n      \"locations\": [\r\n        \"East US\",\r\n        \"North Europe\",\r\n        \"West Europe\",\r\n        \"East Asia\",\r\n        \"Southeast Asia\",\r\n        \"North Central US\",\r\n        \"South Central US\",\r\n        \"Central US\",\r\n        \"East US 2\",\r\n        \"Japan East\",\r\n        \"Japan West\",\r\n        \"Brazil South\",\r\n        \"Australia East\",\r\n        \"Australia Southeast\",\r\n        \"Central India\",\r\n        \"South India\",\r\n        \"Canada Central\",\r\n        \"Canada East\",\r\n        \"West Central US\",\r\n        \"West US 2\",\r\n        \"UK West\",\r\n        \"UK South\",\r\n        \"West US\",\r\n        \"West India\"\r\n      ],\r\n      \"apiVersions\": [\r\n        \"2016-09-01\",\r\n        \"2016-08-01\",\r\n        \"2016-07-01\",\r\n        \"2016-06-01\",\r\n        \"2016-03-30\",\r\n        \"2015-06-15\",\r\n        \"2015-05-01-preview\",\r\n        \"2014-12-01-preview\"\r\n      ],\r\n      \"capabilities\": \"CrossResourceGroupResourceMove, CrossSubscriptionResourceMove\"\r\n    },\r\n    {\r\n      \"resourceType\": \"loadBalancers\",\r\n      \"locations\": [\r\n        \"East US\",\r\n        \"North Europe\",\r\n        \"West Europe\",\r\n        \"East Asia\",\r\n        \"Southeast Asia\",\r\n        \"North Central US\",\r\n        \"South Central US\",\r\n        \"Central US\",\r\n        \"East US 2\",\r\n        \"Japan East\",\r\n        \"Japan West\",\r\n        \"Brazil South\",\r\n        \"Australia East\",\r\n        \"Australia Southeast\",\r\n        \"Central India\",\r\n        \"South India\",\r\n        \"Canada Central\",\r\n        \"Canada East\",\r\n        \"West Central US\",\r\n        \"West US 2\",\r\n        \"UK West\",\r\n        \"UK South\",\r\n        \"West US\",\r\n        \"West India\"\r\n      ],\r\n      \"apiVersions\": [\r\n        \"2016-09-01\",\r\n        \"2016-08-01\",\r\n        \"2016-07-01\",\r\n        \"2016-06-01\",\r\n        \"2016-03-30\",\r\n        \"2015-06-15\",\r\n        \"2015-05-01-preview\",\r\n        \"2014-12-01-preview\"\r\n      ],\r\n      \"capabilities\": \"CrossResourceGroupResourceMove, CrossSubscriptionResourceMove\"\r\n    },\r\n    {\r\n      \"resourceType\": \"networkSecurityGroups\",\r\n      \"locations\": [\r\n        \"East US\",\r\n        \"North Europe\",\r\n        \"West Europe\",\r\n        \"East Asia\",\r\n        \"Southeast Asia\",\r\n        \"North Central US\",\r\n        \"South Central US\",\r\n        \"Central US\",\r\n        \"East US 2\",\r\n        \"Japan East\",\r\n        \"Japan West\",\r\n        \"Brazil South\",\r\n        \"Australia East\",\r\n        \"Australia Southeast\",\r\n        \"Central India\",\r\n        \"South India\",\r\n        \"Canada Central\",\r\n        \"Canada East\",\r\n        \"West Central US\",\r\n        \"West US 2\",\r\n        \"UK West\",\r\n        \"UK South\",\r\n        \"West US\",\r\n        \"West India\"\r\n      ],\r\n      \"apiVersions\": [\r\n        \"2016-09-01\",\r\n        \"2016-08-01\",\r\n        \"2016-07-01\",\r\n        \"2016-06-01\",\r\n        \"2016-03-30\",\r\n        \"2015-06-15\",\r\n        \"2015-05-01-preview\",\r\n        \"2014-12-01-preview\"\r\n      ],\r\n      \"capabilities\": \"CrossResourceGroupResourceMove, CrossSubscriptionResourceMove\"\r\n    },\r\n    {\r\n      \"resourceType\": \"routeTables\",\r\n      \"locations\": [\r\n        \"East US\",\r\n        \"North Europe\",\r\n        \"West Europe\",\r\n        \"East Asia\",\r\n        \"Southeast Asia\",\r\n        \"North Central US\",\r\n        \"South Central US\",\r\n        \"Central US\",\r\n        \"East US 2\",\r\n        \"Japan East\",\r\n        \"Japan West\",\r\n        \"Brazil South\",\r\n        \"Australia East\",\r\n        \"Australia Southeast\",\r\n        \"Central India\",\r\n        \"South India\",\r\n        \"Canada Central\",\r\n        \"Canada East\",\r\n        \"West Central US\",\r\n        \"West US 2\",\r\n        \"UK West\",\r\n        \"UK South\",\r\n        \"West US\",\r\n        \"West India\"\r\n      ],\r\n      \"apiVersions\": [\r\n        \"2016-09-01\",\r\n        \"2016-08-01\",\r\n        \"2016-07-01\",\r\n        \"2016-06-01\",\r\n        \"2016-03-30\",\r\n        \"2015-06-15\",\r\n        \"2015-05-01-preview\",\r\n        \"2014-12-01-preview\"\r\n      ],\r\n      \"capabilities\": \"CrossResourceGroupResourceMove, CrossSubscriptionResourceMove\"\r\n    },\r\n    {\r\n      \"resourceType\": \"virtualNetworkGateways\",\r\n      \"locations\": [\r\n        \"East US\",\r\n        \"North Europe\",\r\n        \"West Europe\",\r\n        \"East Asia\",\r\n        \"Southeast Asia\",\r\n        \"North Central US\",\r\n        \"South Central US\",\r\n        \"Central US\",\r\n        \"East US 2\",\r\n        \"Japan East\",\r\n        \"Japan West\",\r\n        \"Brazil South\",\r\n        \"Australia East\",\r\n        \"Australia Southeast\",\r\n        \"Central India\",\r\n        \"South India\",\r\n        \"Canada Central\",\r\n        \"Canada East\",\r\n        \"West Central US\",\r\n        \"West US 2\",\r\n        \"UK West\",\r\n        \"UK South\",\r\n        \"West US\",\r\n        \"West India\"\r\n      ],\r\n      \"apiVersions\": [\r\n        \"2016-09-01\",\r\n        \"2016-08-01\",\r\n        \"2016-07-01\",\r\n        \"2016-06-01\",\r\n        \"2016-03-30\",\r\n        \"2015-06-15\",\r\n        \"2015-05-01-preview\",\r\n        \"2014-12-01-preview\"\r\n      ],\r\n      \"capabilities\": \"None\"\r\n    },\r\n    {\r\n      \"resourceType\": \"localNetworkGateways\",\r\n      \"locations\": [\r\n        \"East US\",\r\n        \"North Europe\",\r\n        \"West Europe\",\r\n        \"East Asia\",\r\n        \"Southeast Asia\",\r\n        \"North Central US\",\r\n        \"South Central US\",\r\n        \"Central US\",\r\n        \"East US 2\",\r\n        \"Japan East\",\r\n        \"Japan West\",\r\n        \"Brazil South\",\r\n        \"Australia East\",\r\n        \"Australia Southeast\",\r\n        \"Central India\",\r\n        \"South India\",\r\n        \"Canada Central\",\r\n        \"Canada East\",\r\n        \"West Central US\",\r\n        \"West US 2\",\r\n        \"UK West\",\r\n        \"UK South\",\r\n        \"West US\",\r\n        \"West India\"\r\n      ],\r\n      \"apiVersions\": [\r\n        \"2016-09-01\",\r\n        \"2016-08-01\",\r\n        \"2016-07-01\",\r\n        \"2016-06-01\",\r\n        \"2016-03-30\",\r\n        \"2015-06-15\",\r\n        \"2015-05-01-preview\",\r\n        \"2014-12-01-preview\"\r\n      ],\r\n      \"capabilities\": \"None\"\r\n    },\r\n    {\r\n      \"resourceType\": \"connections\",\r\n      \"locations\": [\r\n        \"East US\",\r\n        \"North Europe\",\r\n        \"West Europe\",\r\n        \"East Asia\",\r\n        \"Southeast Asia\",\r\n        \"North Central US\",\r\n        \"South Central US\",\r\n        \"Central US\",\r\n        \"East US 2\",\r\n        \"Japan East\",\r\n        \"Japan West\",\r\n        \"Brazil South\",\r\n        \"Australia East\",\r\n        \"Australia Southeast\",\r\n        \"Central India\",\r\n        \"South India\",\r\n        \"Canada Central\",\r\n        \"Canada East\",\r\n        \"West Central US\",\r\n        \"West US 2\",\r\n        \"UK West\",\r\n        \"UK South\",\r\n        \"West US\",\r\n        \"West India\"\r\n      ],\r\n      \"apiVersions\": [\r\n        \"2016-09-01\",\r\n        \"2016-08-01\",\r\n        \"2016-07-01\",\r\n        \"2016-06-01\",\r\n        \"2016-03-30\",\r\n        \"2015-06-15\",\r\n        \"2015-05-01-preview\",\r\n        \"2014-12-01-preview\"\r\n      ],\r\n      \"capabilities\": \"None\"\r\n    },\r\n    {\r\n      \"resourceType\": \"applicationGateways\",\r\n      \"locations\": [\r\n        \"East US\",\r\n        \"North Europe\",\r\n        \"West Europe\",\r\n        \"East Asia\",\r\n        \"Southeast Asia\",\r\n        \"North Central US\",\r\n        \"South Central US\",\r\n        \"Central US\",\r\n        \"East US 2\",\r\n        \"Japan East\",\r\n        \"Japan West\",\r\n        \"Brazil South\",\r\n        \"Australia East\",\r\n        \"Australia Southeast\",\r\n        \"Central India\",\r\n        \"South India\",\r\n        \"Canada Central\",\r\n        \"Canada East\",\r\n        \"West Central US\",\r\n        \"West US 2\",\r\n        \"UK West\",\r\n        \"UK South\",\r\n        \"West US\",\r\n        \"West India\"\r\n      ],\r\n      \"apiVersions\": [\r\n        \"2016-09-01\",\r\n        \"2016-08-01\",\r\n        \"2016-07-01\",\r\n        \"2016-06-01\",\r\n        \"2016-03-30\",\r\n        \"2015-06-15\",\r\n        \"2015-05-01-preview\",\r\n        \"2014-12-01-preview\"\r\n      ],\r\n      \"capabilities\": \"None\"\r\n    },\r\n    {\r\n      \"resourceType\": \"locations\",\r\n      \"locations\": [],\r\n      \"apiVersions\": [\r\n        \"2016-09-01\",\r\n        \"2016-08-01\",\r\n        \"2016-07-01\",\r\n        \"2016-06-01\",\r\n        \"2016-03-30\",\r\n        \"2015-06-15\",\r\n        \"2015-05-01-preview\",\r\n        \"2014-12-01-preview\"\r\n      ]\r\n    },\r\n    {\r\n      \"resourceType\": \"locations/operations\",\r\n      \"locations\": [],\r\n      \"apiVersions\": [\r\n        \"2016-09-01\",\r\n        \"2016-08-01\",\r\n        \"2016-07-01\",\r\n        \"2016-06-01\",\r\n        \"2016-03-30\",\r\n        \"2015-06-15\",\r\n        \"2015-05-01-preview\",\r\n        \"2014-12-01-preview\"\r\n      ]\r\n    },\r\n    {\r\n      \"resourceType\": \"locations/operationResults\",\r\n      \"locations\": [],\r\n      \"apiVersions\": [\r\n        \"2016-09-01\",\r\n        \"2016-08-01\",\r\n        \"2016-07-01\",\r\n        \"2016-06-01\",\r\n        \"2016-03-30\",\r\n        \"2015-06-15\",\r\n        \"2015-05-01-preview\",\r\n        \"2014-12-01-preview\"\r\n      ]\r\n    },\r\n    {\r\n      \"resourceType\": \"locations/CheckDnsNameAvailability\",\r\n      \"locations\": [\r\n        \"East US\",\r\n        \"North Europe\",\r\n        \"West Europe\",\r\n        \"East Asia\",\r\n        \"Southeast Asia\",\r\n        \"North Central US\",\r\n        \"South Central US\",\r\n        \"Central US\",\r\n        \"East US 2\",\r\n        \"Japan East\",\r\n        \"Japan West\",\r\n        \"Brazil South\",\r\n        \"Australia East\",\r\n        \"Australia Southeast\",\r\n        \"Central India\",\r\n        \"South India\",\r\n        \"Canada Central\",\r\n        \"Canada East\",\r\n        \"West Central US\",\r\n        \"West US 2\",\r\n        \"UK West\",\r\n        \"UK South\",\r\n        \"West US\",\r\n        \"West India\"\r\n      ],\r\n      \"apiVersions\": [\r\n        \"2016-09-01\",\r\n        \"2016-08-01\",\r\n        \"2016-07-01\",\r\n        \"2016-06-01\",\r\n        \"2016-03-30\",\r\n        \"2015-06-15\",\r\n        \"2015-05-01-preview\",\r\n        \"2014-12-01-preview\"\r\n      ]\r\n    },\r\n    {\r\n      \"resourceType\": \"locations/usages\",\r\n      \"locations\": [\r\n        \"East US\",\r\n        \"North Europe\",\r\n        \"West Europe\",\r\n        \"East Asia\",\r\n        \"Southeast Asia\",\r\n        \"North Central US\",\r\n        \"South Central US\",\r\n        \"Central US\",\r\n        \"East US 2\",\r\n        \"Japan East\",\r\n        \"Japan West\",\r\n        \"Brazil South\",\r\n        \"Australia East\",\r\n        \"Australia Southeast\",\r\n        \"Central India\",\r\n        \"South India\",\r\n        \"Canada Central\",\r\n        \"Canada East\",\r\n        \"West Central US\",\r\n        \"West US 2\",\r\n        \"UK West\",\r\n        \"UK South\",\r\n        \"West US\",\r\n        \"West India\"\r\n      ],\r\n      \"apiVersions\": [\r\n        \"2016-09-01\",\r\n        \"2016-08-01\",\r\n        \"2016-07-01\",\r\n        \"2016-06-01\",\r\n        \"2016-03-30\",\r\n        \"2015-06-15\",\r\n        \"2015-05-01-preview\",\r\n        \"2014-12-01-preview\"\r\n      ]\r\n    },\r\n    {\r\n      \"resourceType\": \"operations\",\r\n      \"locations\": [],\r\n      \"apiVersions\": [\r\n        \"2016-09-01\",\r\n        \"2016-08-01\",\r\n        \"2016-07-01\",\r\n        \"2016-06-01\",\r\n        \"2016-03-30\",\r\n        \"2015-06-15\",\r\n        \"2015-05-01-preview\",\r\n        \"2014-12-01-preview\"\r\n      ]\r\n    },\r\n    {\r\n      \"resourceType\": \"dnszones\",\r\n      \"locations\": [\r\n        \"global\"\r\n      ],\r\n      \"apiVersions\": [\r\n        \"2016-04-01\",\r\n        \"2015-05-04-preview\"\r\n      ],\r\n      \"capabilities\": \"CrossResourceGroupResourceMove, CrossSubscriptionResourceMove\"\r\n    },\r\n    {\r\n      \"resourceType\": \"dnsOperationResults\",\r\n      \"locations\": [\r\n        \"global\"\r\n      ],\r\n      \"apiVersions\": [\r\n        \"2016-04-01\"\r\n      ]\r\n    },\r\n    {\r\n      \"resourceType\": \"dnsOperationStatuses\",\r\n      \"locations\": [\r\n        \"global\"\r\n      ],\r\n      \"apiVersions\": [\r\n        \"2016-04-01\"\r\n      ]\r\n    },\r\n    {\r\n      \"resourceType\": \"dnszones/A\",\r\n      \"locations\": [\r\n        \"global\"\r\n      ],\r\n      \"apiVersions\": [\r\n        \"2016-04-01\",\r\n        \"2015-05-04-preview\"\r\n      ]\r\n    },\r\n    {\r\n      \"resourceType\": \"dnszones/AAAA\",\r\n      \"locations\": [\r\n        \"global\"\r\n      ],\r\n      \"apiVersions\": [\r\n        \"2016-04-01\",\r\n        \"2015-05-04-preview\"\r\n      ]\r\n    },\r\n    {\r\n      \"resourceType\": \"dnszones/CNAME\",\r\n      \"locations\": [\r\n        \"global\"\r\n      ],\r\n      \"apiVersions\": [\r\n        \"2016-04-01\",\r\n        \"2015-05-04-preview\"\r\n      ]\r\n    },\r\n    {\r\n      \"resourceType\": \"dnszones/PTR\",\r\n      \"locations\": [\r\n        \"global\"\r\n      ],\r\n      \"apiVersions\": [\r\n        \"2016-04-01\",\r\n        \"2015-05-04-preview\"\r\n      ]\r\n    },\r\n    {\r\n      \"resourceType\": \"dnszones/MX\",\r\n      \"locations\": [\r\n        \"global\"\r\n      ],\r\n      \"apiVersions\": [\r\n        \"2016-04-01\",\r\n        \"2015-05-04-preview\"\r\n      ]\r\n    },\r\n    {\r\n      \"resourceType\": \"dnszones/TXT\",\r\n      \"locations\": [\r\n        \"global\"\r\n      ],\r\n      \"apiVersions\": [\r\n        \"2016-04-01\",\r\n        \"2015-05-04-preview\"\r\n      ]\r\n    },\r\n    {\r\n      \"resourceType\": \"dnszones/SRV\",\r\n      \"locations\": [\r\n        \"global\"\r\n      ],\r\n      \"apiVersions\": [\r\n        \"2016-04-01\",\r\n        \"2015-05-04-preview\"\r\n      ]\r\n    },\r\n    {\r\n      \"resourceType\": \"trafficmanagerprofiles\",\r\n      \"locations\": [\r\n        \"global\"\r\n      ],\r\n      \"apiVersions\": [\r\n        \"2015-11-01\",\r\n        \"2015-04-28-preview\"\r\n      ],\r\n      \"capabilities\": \"CrossResourceGroupResourceMove, CrossSubscriptionResourceMove\"\r\n    },\r\n    {\r\n      \"resourceType\": \"checkTrafficManagerNameAvailability\",\r\n      \"locations\": [\r\n        \"global\"\r\n      ],\r\n      \"apiVersions\": [\r\n        \"2015-11-01\",\r\n        \"2015-04-28-preview\"\r\n      ]\r\n    },\r\n    {\r\n      \"resourceType\": \"expressRouteCircuits\",\r\n      \"locations\": [\r\n        \"East US\",\r\n        \"North Europe\",\r\n        \"West Europe\",\r\n        \"East Asia\",\r\n        \"Southeast Asia\",\r\n        \"North Central US\",\r\n        \"South Central US\",\r\n        \"Central US\",\r\n        \"East US 2\",\r\n        \"Japan East\",\r\n        \"Japan West\",\r\n        \"Brazil South\",\r\n        \"Australia East\",\r\n        \"Australia Southeast\",\r\n        \"Central India\",\r\n        \"South India\",\r\n        \"Canada Central\",\r\n        \"Canada East\",\r\n        \"West Central US\",\r\n        \"West US 2\",\r\n        \"UK West\",\r\n        \"UK South\",\r\n        \"West US\",\r\n        \"West India\"\r\n      ],\r\n      \"apiVersions\": [\r\n        \"2016-09-01\",\r\n        \"2016-08-01\",\r\n        \"2016-07-01\",\r\n        \"2016-06-01\",\r\n        \"2016-03-30\",\r\n        \"2015-06-15\",\r\n        \"2015-05-01-preview\",\r\n        \"2014-12-01-preview\"\r\n      ],\r\n      \"capabilities\": \"None\"\r\n    },\r\n    {\r\n      \"resourceType\": \"expressRouteServiceProviders\",\r\n      \"locations\": [],\r\n      \"apiVersions\": [\r\n        \"2016-09-01\",\r\n        \"2016-08-01\",\r\n        \"2016-07-01\",\r\n        \"2016-06-01\",\r\n        \"2016-03-30\",\r\n        \"2015-06-15\",\r\n        \"2015-05-01-preview\",\r\n        \"2014-12-01-preview\"\r\n      ]\r\n    },\r\n    {\r\n      \"resourceType\": \"networkWatchers\",\r\n      \"locations\": [\r\n        \"West US\",\r\n        \"East US\",\r\n        \"North Europe\",\r\n        \"West Europe\",\r\n        \"East Asia\",\r\n        \"Southeast Asia\",\r\n        \"North Central US\",\r\n        \"South Central US\",\r\n        \"Central US\",\r\n        \"East US 2\",\r\n        \"Japan East\",\r\n        \"Japan West\",\r\n        \"Brazil South\",\r\n        \"Australia East\",\r\n        \"Australia Southeast\",\r\n        \"Central India\",\r\n        \"South India\",\r\n        \"West India\",\r\n        \"Canada Central\",\r\n        \"Canada East\",\r\n        \"UK North\",\r\n        \"UK South 2\",\r\n        \"West Central US\",\r\n        \"West US 2\",\r\n        \"UK West\",\r\n        \"UK South\"\r\n      ],\r\n      \"apiVersions\": [\r\n        \"2016-09-01\",\r\n        \"2016-08-01\",\r\n        \"2016-07-01\",\r\n        \"2016-06-01\",\r\n        \"2016-03-30\"\r\n      ],\r\n      \"capabilities\": \"CrossResourceGroupResourceMove, CrossSubscriptionResourceMove\"\r\n    }\r\n  ],\r\n  \"registrationState\": \"Registered\"\r\n}",
      "ResponseHeaders": {
        "Content-Length": [
          "10777"
        ],
        "Content-Type": [
          "application/json; charset=utf-8"
        ],
        "Expires": [
          "-1"
        ],
        "Pragma": [
          "no-cache"
        ],
        "x-ms-ratelimit-remaining-subscription-reads": [
          "14999"
        ],
        "x-ms-request-id": [
          "3d616a1e-2ae9-41f0-a609-5b382286f483"
        ],
        "x-ms-correlation-request-id": [
          "3d616a1e-2ae9-41f0-a609-5b382286f483"
        ],
        "x-ms-routing-request-id": [
          "WESTUS2:20160914T194902Z:3d616a1e-2ae9-41f0-a609-5b382286f483"
        ],
        "Strict-Transport-Security": [
          "max-age=31536000; includeSubDomains"
        ],
        "Cache-Control": [
          "no-cache"
        ],
        "Date": [
          "Wed, 14 Sep 2016 19:49:01 GMT"
        ]
      },
      "StatusCode": 200
    },
    {
      "RequestUri": "/subscriptions/a083c30e-d4e5-4dc1-b310-02aaf36b316a/resourcegroups/onesdk4227?api-version=2016-02-01",
      "EncodedRequestUri": "L3N1YnNjcmlwdGlvbnMvYTA4M2MzMGUtZDRlNS00ZGMxLWIzMTAtMDJhYWYzNmIzMTZhL3Jlc291cmNlZ3JvdXBzL29uZXNkazQyMjc/YXBpLXZlcnNpb249MjAxNi0wMi0wMQ==",
      "RequestMethod": "PUT",
      "RequestBody": "{\r\n  \"location\": \"West US\"\r\n}",
      "RequestHeaders": {
        "Content-Type": [
          "application/json; charset=utf-8"
        ],
        "Content-Length": [
          "29"
        ],
        "User-Agent": [
          "Microsoft.Azure.Management.Resources.ResourceManagementClient/2.0.0.0"
        ]
      },
      "ResponseBody": "{\r\n  \"id\": \"/subscriptions/a083c30e-d4e5-4dc1-b310-02aaf36b316a/resourceGroups/onesdk4227\",\r\n  \"name\": \"onesdk4227\",\r\n  \"location\": \"westus\",\r\n  \"properties\": {\r\n    \"provisioningState\": \"Succeeded\"\r\n  }\r\n}",
      "ResponseHeaders": {
        "Content-Length": [
          "173"
        ],
        "Content-Type": [
          "application/json; charset=utf-8"
        ],
        "Expires": [
          "-1"
        ],
        "Pragma": [
          "no-cache"
        ],
        "x-ms-ratelimit-remaining-subscription-writes": [
          "1199"
        ],
        "x-ms-request-id": [
          "f03166af-b8df-4303-bb9a-b207c07f9a7b"
        ],
        "x-ms-correlation-request-id": [
          "f03166af-b8df-4303-bb9a-b207c07f9a7b"
        ],
        "x-ms-routing-request-id": [
          "WESTUS2:20160914T194903Z:f03166af-b8df-4303-bb9a-b207c07f9a7b"
        ],
        "Strict-Transport-Security": [
          "max-age=31536000; includeSubDomains"
        ],
        "Cache-Control": [
          "no-cache"
        ],
        "Date": [
          "Wed, 14 Sep 2016 19:49:03 GMT"
        ]
      },
      "StatusCode": 201
    },
    {
      "RequestUri": "/subscriptions/a083c30e-d4e5-4dc1-b310-02aaf36b316a/resourceGroups/onesdk4227/providers/Microsoft.Network/virtualNetworks/onesdk4477?api-version=2016-09-01",
      "EncodedRequestUri": "L3N1YnNjcmlwdGlvbnMvYTA4M2MzMGUtZDRlNS00ZGMxLWIzMTAtMDJhYWYzNmIzMTZhL3Jlc291cmNlR3JvdXBzL29uZXNkazQyMjcvcHJvdmlkZXJzL01pY3Jvc29mdC5OZXR3b3JrL3ZpcnR1YWxOZXR3b3Jrcy9vbmVzZGs0NDc3P2FwaS12ZXJzaW9uPTIwMTYtMDktMDE=",
      "RequestMethod": "GET",
      "RequestBody": "",
      "RequestHeaders": {
        "x-ms-client-request-id": [
          "c787f2c0-f02e-4c60-891b-b204061325d8"
        ],
        "accept-language": [
          "en-US"
        ],
        "User-Agent": [
          "Microsoft.Azure.Management.Network.NetworkManagementClient/7.1.0-preview"
        ]
      },
      "ResponseBody": "{\r\n  \"error\": {\r\n    \"code\": \"ResourceNotFound\",\r\n    \"message\": \"The Resource 'Microsoft.Network/virtualNetworks/onesdk4477' under resource group 'onesdk4227' was not found.\"\r\n  }\r\n}",
      "ResponseHeaders": {
        "Content-Length": [
          "158"
        ],
        "Content-Type": [
          "application/json; charset=utf-8"
        ],
        "Expires": [
          "-1"
        ],
        "Pragma": [
          "no-cache"
        ],
        "x-ms-failure-cause": [
          "gateway"
        ],
        "x-ms-request-id": [
          "e01357f1-e0be-4763-8b45-ec77833cdbd4"
        ],
        "x-ms-correlation-request-id": [
          "e01357f1-e0be-4763-8b45-ec77833cdbd4"
        ],
        "x-ms-routing-request-id": [
          "WESTUS2:20160914T194903Z:e01357f1-e0be-4763-8b45-ec77833cdbd4"
        ],
        "Strict-Transport-Security": [
          "max-age=31536000; includeSubDomains"
        ],
        "Cache-Control": [
          "no-cache"
        ],
        "Date": [
          "Wed, 14 Sep 2016 19:49:02 GMT"
        ]
      },
      "StatusCode": 404
    },
    {
      "RequestUri": "/subscriptions/a083c30e-d4e5-4dc1-b310-02aaf36b316a/resourceGroups/onesdk4227/providers/Microsoft.Network/virtualNetworks/onesdk4477?api-version=2016-09-01",
      "EncodedRequestUri": "L3N1YnNjcmlwdGlvbnMvYTA4M2MzMGUtZDRlNS00ZGMxLWIzMTAtMDJhYWYzNmIzMTZhL3Jlc291cmNlR3JvdXBzL29uZXNkazQyMjcvcHJvdmlkZXJzL01pY3Jvc29mdC5OZXR3b3JrL3ZpcnR1YWxOZXR3b3Jrcy9vbmVzZGs0NDc3P2FwaS12ZXJzaW9uPTIwMTYtMDktMDE=",
      "RequestMethod": "GET",
      "RequestBody": "",
      "RequestHeaders": {
        "User-Agent": [
          "Microsoft.Azure.Management.Network.NetworkManagementClient/7.1.0-preview"
        ]
      },
      "ResponseBody": "{\r\n  \"name\": \"onesdk4477\",\r\n  \"id\": \"/subscriptions/a083c30e-d4e5-4dc1-b310-02aaf36b316a/resourceGroups/onesdk4227/providers/Microsoft.Network/virtualNetworks/onesdk4477\",\r\n  \"etag\": \"W/\\\"6fb6c2bb-263f-4d62-92e0-429a1c587436\\\"\",\r\n  \"type\": \"Microsoft.Network/virtualNetworks\",\r\n  \"location\": \"westus\",\r\n  \"properties\": {\r\n    \"provisioningState\": \"Succeeded\",\r\n    \"resourceGuid\": \"10d3be3e-09a9-4482-aacd-8f28e77cdd37\",\r\n    \"addressSpace\": {\r\n      \"addressPrefixes\": [\r\n        \"10.0.0.0/16\"\r\n      ]\r\n    },\r\n    \"dhcpOptions\": {\r\n      \"dnsServers\": [\r\n        \"8.8.8.8\"\r\n      ]\r\n    },\r\n    \"subnets\": [\r\n      {\r\n        \"name\": \"onesdk1857\",\r\n        \"id\": \"/subscriptions/a083c30e-d4e5-4dc1-b310-02aaf36b316a/resourceGroups/onesdk4227/providers/Microsoft.Network/virtualNetworks/onesdk4477/subnets/onesdk1857\",\r\n        \"etag\": \"W/\\\"6fb6c2bb-263f-4d62-92e0-429a1c587436\\\"\",\r\n        \"properties\": {\r\n          \"provisioningState\": \"Succeeded\",\r\n          \"addressPrefix\": \"10.0.1.0/24\",\r\n          \"serviceTunnels\": []\r\n        }\r\n      }\r\n    ],\r\n    \"virtualNetworkPeerings\": []\r\n  }\r\n}",
      "ResponseHeaders": {
        "Content-Length": [
          "1098"
        ],
        "Content-Type": [
          "application/json; charset=utf-8"
        ],
        "Expires": [
          "-1"
        ],
        "Pragma": [
          "no-cache"
        ],
        "x-ms-request-id": [
          "3ceeb1d4-4a13-4d7b-8d34-a6b559b655a0"
        ],
        "Strict-Transport-Security": [
          "max-age=31536000; includeSubDomains"
        ],
        "Cache-Control": [
          "no-cache"
        ],
        "ETag": [
          "W/\"6fb6c2bb-263f-4d62-92e0-429a1c587436\""
        ],
        "Server": [
          "Microsoft-HTTPAPI/2.0",
          "Microsoft-HTTPAPI/2.0"
        ],
        "x-ms-ratelimit-remaining-subscription-reads": [
          "14989"
        ],
        "x-ms-correlation-request-id": [
          "ad916fc2-97e2-4596-bbff-2dd0bd9a490d"
        ],
        "x-ms-routing-request-id": [
          "WESTUS2:20160914T194934Z:ad916fc2-97e2-4596-bbff-2dd0bd9a490d"
        ],
        "Date": [
          "Wed, 14 Sep 2016 19:49:33 GMT"
        ]
      },
      "StatusCode": 200
    },
    {
      "RequestUri": "/subscriptions/a083c30e-d4e5-4dc1-b310-02aaf36b316a/resourceGroups/onesdk4227/providers/Microsoft.Network/virtualNetworks/onesdk4477?api-version=2016-09-01",
      "EncodedRequestUri": "L3N1YnNjcmlwdGlvbnMvYTA4M2MzMGUtZDRlNS00ZGMxLWIzMTAtMDJhYWYzNmIzMTZhL3Jlc291cmNlR3JvdXBzL29uZXNkazQyMjcvcHJvdmlkZXJzL01pY3Jvc29mdC5OZXR3b3JrL3ZpcnR1YWxOZXR3b3Jrcy9vbmVzZGs0NDc3P2FwaS12ZXJzaW9uPTIwMTYtMDktMDE=",
      "RequestMethod": "GET",
      "RequestBody": "",
      "RequestHeaders": {
        "x-ms-client-request-id": [
          "2d807d19-467e-4884-82fe-f6273b3a8232"
        ],
        "accept-language": [
          "en-US"
        ],
        "User-Agent": [
          "Microsoft.Azure.Management.Network.NetworkManagementClient/7.1.0-preview"
        ]
      },
      "ResponseBody": "{\r\n  \"name\": \"onesdk4477\",\r\n  \"id\": \"/subscriptions/a083c30e-d4e5-4dc1-b310-02aaf36b316a/resourceGroups/onesdk4227/providers/Microsoft.Network/virtualNetworks/onesdk4477\",\r\n  \"etag\": \"W/\\\"6fb6c2bb-263f-4d62-92e0-429a1c587436\\\"\",\r\n  \"type\": \"Microsoft.Network/virtualNetworks\",\r\n  \"location\": \"westus\",\r\n  \"properties\": {\r\n    \"provisioningState\": \"Succeeded\",\r\n    \"resourceGuid\": \"10d3be3e-09a9-4482-aacd-8f28e77cdd37\",\r\n    \"addressSpace\": {\r\n      \"addressPrefixes\": [\r\n        \"10.0.0.0/16\"\r\n      ]\r\n    },\r\n    \"dhcpOptions\": {\r\n      \"dnsServers\": [\r\n        \"8.8.8.8\"\r\n      ]\r\n    },\r\n    \"subnets\": [\r\n      {\r\n        \"name\": \"onesdk1857\",\r\n        \"id\": \"/subscriptions/a083c30e-d4e5-4dc1-b310-02aaf36b316a/resourceGroups/onesdk4227/providers/Microsoft.Network/virtualNetworks/onesdk4477/subnets/onesdk1857\",\r\n        \"etag\": \"W/\\\"6fb6c2bb-263f-4d62-92e0-429a1c587436\\\"\",\r\n        \"properties\": {\r\n          \"provisioningState\": \"Succeeded\",\r\n          \"addressPrefix\": \"10.0.1.0/24\",\r\n          \"serviceTunnels\": []\r\n        }\r\n      }\r\n    ],\r\n    \"virtualNetworkPeerings\": []\r\n  }\r\n}",
      "ResponseHeaders": {
        "Content-Length": [
          "1098"
        ],
        "Content-Type": [
          "application/json; charset=utf-8"
        ],
        "Expires": [
          "-1"
        ],
        "Pragma": [
          "no-cache"
        ],
        "x-ms-request-id": [
          "38d86006-bdb9-4d1b-9b33-602fbb62380f"
        ],
        "Strict-Transport-Security": [
          "max-age=31536000; includeSubDomains"
        ],
        "Cache-Control": [
          "no-cache"
        ],
        "ETag": [
          "W/\"6fb6c2bb-263f-4d62-92e0-429a1c587436\""
        ],
        "Server": [
          "Microsoft-HTTPAPI/2.0",
          "Microsoft-HTTPAPI/2.0"
        ],
        "x-ms-ratelimit-remaining-subscription-reads": [
          "14988"
        ],
        "x-ms-correlation-request-id": [
          "04ea27fc-d32b-47f0-bb9b-88dfd2bcc9f9"
        ],
        "x-ms-routing-request-id": [
          "WESTUS2:20160914T194934Z:04ea27fc-d32b-47f0-bb9b-88dfd2bcc9f9"
        ],
        "Date": [
          "Wed, 14 Sep 2016 19:49:33 GMT"
        ]
      },
      "StatusCode": 200
    },
    {
      "RequestUri": "/subscriptions/a083c30e-d4e5-4dc1-b310-02aaf36b316a/resourceGroups/onesdk4227/providers/Microsoft.Network/virtualNetworks/onesdk4477?api-version=2016-09-01",
      "EncodedRequestUri": "L3N1YnNjcmlwdGlvbnMvYTA4M2MzMGUtZDRlNS00ZGMxLWIzMTAtMDJhYWYzNmIzMTZhL3Jlc291cmNlR3JvdXBzL29uZXNkazQyMjcvcHJvdmlkZXJzL01pY3Jvc29mdC5OZXR3b3JrL3ZpcnR1YWxOZXR3b3Jrcy9vbmVzZGs0NDc3P2FwaS12ZXJzaW9uPTIwMTYtMDktMDE=",
      "RequestMethod": "GET",
      "RequestBody": "",
      "RequestHeaders": {
        "x-ms-client-request-id": [
          "8b157115-ef3e-40d3-9675-32be39434194"
        ],
        "accept-language": [
          "en-US"
        ],
        "User-Agent": [
          "Microsoft.Azure.Management.Network.NetworkManagementClient/7.1.0-preview"
        ]
      },
      "ResponseBody": "{\r\n  \"name\": \"onesdk4477\",\r\n  \"id\": \"/subscriptions/a083c30e-d4e5-4dc1-b310-02aaf36b316a/resourceGroups/onesdk4227/providers/Microsoft.Network/virtualNetworks/onesdk4477\",\r\n  \"etag\": \"W/\\\"6fb6c2bb-263f-4d62-92e0-429a1c587436\\\"\",\r\n  \"type\": \"Microsoft.Network/virtualNetworks\",\r\n  \"location\": \"westus\",\r\n  \"properties\": {\r\n    \"provisioningState\": \"Succeeded\",\r\n    \"resourceGuid\": \"10d3be3e-09a9-4482-aacd-8f28e77cdd37\",\r\n    \"addressSpace\": {\r\n      \"addressPrefixes\": [\r\n        \"10.0.0.0/16\"\r\n      ]\r\n    },\r\n    \"dhcpOptions\": {\r\n      \"dnsServers\": [\r\n        \"8.8.8.8\"\r\n      ]\r\n    },\r\n    \"subnets\": [\r\n      {\r\n        \"name\": \"onesdk1857\",\r\n        \"id\": \"/subscriptions/a083c30e-d4e5-4dc1-b310-02aaf36b316a/resourceGroups/onesdk4227/providers/Microsoft.Network/virtualNetworks/onesdk4477/subnets/onesdk1857\",\r\n        \"etag\": \"W/\\\"6fb6c2bb-263f-4d62-92e0-429a1c587436\\\"\",\r\n        \"properties\": {\r\n          \"provisioningState\": \"Succeeded\",\r\n          \"addressPrefix\": \"10.0.1.0/24\",\r\n          \"serviceTunnels\": []\r\n        }\r\n      }\r\n    ],\r\n    \"virtualNetworkPeerings\": []\r\n  }\r\n}",
      "ResponseHeaders": {
        "Content-Length": [
          "1098"
        ],
        "Content-Type": [
          "application/json; charset=utf-8"
        ],
        "Expires": [
          "-1"
        ],
        "Pragma": [
          "no-cache"
        ],
        "x-ms-request-id": [
          "c1222353-7bf9-4bbc-9d1e-06dbe75c92e3"
        ],
        "Strict-Transport-Security": [
          "max-age=31536000; includeSubDomains"
        ],
        "Cache-Control": [
          "no-cache"
        ],
        "ETag": [
          "W/\"6fb6c2bb-263f-4d62-92e0-429a1c587436\""
        ],
        "Server": [
          "Microsoft-HTTPAPI/2.0",
          "Microsoft-HTTPAPI/2.0"
        ],
        "x-ms-ratelimit-remaining-subscription-reads": [
          "14987"
        ],
        "x-ms-correlation-request-id": [
          "9c95d24b-a9c7-4ee6-8185-5a99e21050b5"
        ],
        "x-ms-routing-request-id": [
          "WESTUS2:20160914T194934Z:9c95d24b-a9c7-4ee6-8185-5a99e21050b5"
        ],
        "Date": [
          "Wed, 14 Sep 2016 19:49:33 GMT"
        ]
      },
      "StatusCode": 200
    },
    {
      "RequestUri": "/subscriptions/a083c30e-d4e5-4dc1-b310-02aaf36b316a/resourceGroups/onesdk4227/providers/Microsoft.Network/virtualNetworks/onesdk4477?api-version=2016-09-01",
      "EncodedRequestUri": "L3N1YnNjcmlwdGlvbnMvYTA4M2MzMGUtZDRlNS00ZGMxLWIzMTAtMDJhYWYzNmIzMTZhL3Jlc291cmNlR3JvdXBzL29uZXNkazQyMjcvcHJvdmlkZXJzL01pY3Jvc29mdC5OZXR3b3JrL3ZpcnR1YWxOZXR3b3Jrcy9vbmVzZGs0NDc3P2FwaS12ZXJzaW9uPTIwMTYtMDktMDE=",
      "RequestMethod": "GET",
      "RequestBody": "",
      "RequestHeaders": {
        "x-ms-client-request-id": [
          "53c8f969-8560-4e8f-ab69-50b74cb38ed9"
        ],
        "accept-language": [
          "en-US"
        ],
        "User-Agent": [
          "Microsoft.Azure.Management.Network.NetworkManagementClient/7.1.0-preview"
        ]
      },
      "ResponseBody": "{\r\n  \"name\": \"onesdk4477\",\r\n  \"id\": \"/subscriptions/a083c30e-d4e5-4dc1-b310-02aaf36b316a/resourceGroups/onesdk4227/providers/Microsoft.Network/virtualNetworks/onesdk4477\",\r\n  \"etag\": \"W/\\\"6fb6c2bb-263f-4d62-92e0-429a1c587436\\\"\",\r\n  \"type\": \"Microsoft.Network/virtualNetworks\",\r\n  \"location\": \"westus\",\r\n  \"properties\": {\r\n    \"provisioningState\": \"Succeeded\",\r\n    \"resourceGuid\": \"10d3be3e-09a9-4482-aacd-8f28e77cdd37\",\r\n    \"addressSpace\": {\r\n      \"addressPrefixes\": [\r\n        \"10.0.0.0/16\"\r\n      ]\r\n    },\r\n    \"dhcpOptions\": {\r\n      \"dnsServers\": [\r\n        \"8.8.8.8\"\r\n      ]\r\n    },\r\n    \"subnets\": [\r\n      {\r\n        \"name\": \"onesdk1857\",\r\n        \"id\": \"/subscriptions/a083c30e-d4e5-4dc1-b310-02aaf36b316a/resourceGroups/onesdk4227/providers/Microsoft.Network/virtualNetworks/onesdk4477/subnets/onesdk1857\",\r\n        \"etag\": \"W/\\\"6fb6c2bb-263f-4d62-92e0-429a1c587436\\\"\",\r\n        \"properties\": {\r\n          \"provisioningState\": \"Succeeded\",\r\n          \"addressPrefix\": \"10.0.1.0/24\",\r\n          \"serviceTunnels\": []\r\n        }\r\n      }\r\n    ],\r\n    \"virtualNetworkPeerings\": []\r\n  }\r\n}",
      "ResponseHeaders": {
        "Content-Length": [
          "1098"
        ],
        "Content-Type": [
          "application/json; charset=utf-8"
        ],
        "Expires": [
          "-1"
        ],
        "Pragma": [
          "no-cache"
        ],
        "x-ms-request-id": [
          "cad0a6f7-2d8e-46cf-8e3b-ea63aa51212c"
        ],
        "Strict-Transport-Security": [
          "max-age=31536000; includeSubDomains"
        ],
        "Cache-Control": [
          "no-cache"
        ],
        "ETag": [
          "W/\"6fb6c2bb-263f-4d62-92e0-429a1c587436\""
        ],
        "Server": [
          "Microsoft-HTTPAPI/2.0",
          "Microsoft-HTTPAPI/2.0"
        ],
        "x-ms-ratelimit-remaining-subscription-reads": [
          "14985"
        ],
        "x-ms-correlation-request-id": [
          "48c94beb-f224-41b4-a8eb-2788052e2e4f"
        ],
        "x-ms-routing-request-id": [
          "WESTUS2:20160914T194934Z:48c94beb-f224-41b4-a8eb-2788052e2e4f"
        ],
        "Date": [
          "Wed, 14 Sep 2016 19:49:33 GMT"
        ]
      },
      "StatusCode": 200
    },
    {
      "RequestUri": "/subscriptions/a083c30e-d4e5-4dc1-b310-02aaf36b316a/resourceGroups/onesdk4227/providers/Microsoft.Network/virtualNetworks/onesdk4477?api-version=2016-09-01",
      "EncodedRequestUri": "L3N1YnNjcmlwdGlvbnMvYTA4M2MzMGUtZDRlNS00ZGMxLWIzMTAtMDJhYWYzNmIzMTZhL3Jlc291cmNlR3JvdXBzL29uZXNkazQyMjcvcHJvdmlkZXJzL01pY3Jvc29mdC5OZXR3b3JrL3ZpcnR1YWxOZXR3b3Jrcy9vbmVzZGs0NDc3P2FwaS12ZXJzaW9uPTIwMTYtMDktMDE=",
      "RequestMethod": "GET",
      "RequestBody": "",
      "RequestHeaders": {
        "x-ms-client-request-id": [
          "11dec22f-9d7e-4201-8496-94294b454ca7"
        ],
        "accept-language": [
          "en-US"
        ],
        "User-Agent": [
          "Microsoft.Azure.Management.Network.NetworkManagementClient/7.1.0-preview"
        ]
      },
      "ResponseBody": "{\r\n  \"name\": \"onesdk4477\",\r\n  \"id\": \"/subscriptions/a083c30e-d4e5-4dc1-b310-02aaf36b316a/resourceGroups/onesdk4227/providers/Microsoft.Network/virtualNetworks/onesdk4477\",\r\n  \"etag\": \"W/\\\"6fb6c2bb-263f-4d62-92e0-429a1c587436\\\"\",\r\n  \"type\": \"Microsoft.Network/virtualNetworks\",\r\n  \"location\": \"westus\",\r\n  \"properties\": {\r\n    \"provisioningState\": \"Succeeded\",\r\n    \"resourceGuid\": \"10d3be3e-09a9-4482-aacd-8f28e77cdd37\",\r\n    \"addressSpace\": {\r\n      \"addressPrefixes\": [\r\n        \"10.0.0.0/16\"\r\n      ]\r\n    },\r\n    \"dhcpOptions\": {\r\n      \"dnsServers\": [\r\n        \"8.8.8.8\"\r\n      ]\r\n    },\r\n    \"subnets\": [\r\n      {\r\n        \"name\": \"onesdk1857\",\r\n        \"id\": \"/subscriptions/a083c30e-d4e5-4dc1-b310-02aaf36b316a/resourceGroups/onesdk4227/providers/Microsoft.Network/virtualNetworks/onesdk4477/subnets/onesdk1857\",\r\n        \"etag\": \"W/\\\"6fb6c2bb-263f-4d62-92e0-429a1c587436\\\"\",\r\n        \"properties\": {\r\n          \"provisioningState\": \"Succeeded\",\r\n          \"addressPrefix\": \"10.0.1.0/24\",\r\n          \"serviceTunnels\": []\r\n        }\r\n      }\r\n    ],\r\n    \"virtualNetworkPeerings\": []\r\n  }\r\n}",
      "ResponseHeaders": {
        "Content-Length": [
          "1098"
        ],
        "Content-Type": [
          "application/json; charset=utf-8"
        ],
        "Expires": [
          "-1"
        ],
        "Pragma": [
          "no-cache"
        ],
        "x-ms-request-id": [
          "3d35cfce-cbba-4576-99d0-2e6c90323d14"
        ],
        "Strict-Transport-Security": [
          "max-age=31536000; includeSubDomains"
        ],
        "Cache-Control": [
          "no-cache"
        ],
        "ETag": [
          "W/\"6fb6c2bb-263f-4d62-92e0-429a1c587436\""
        ],
        "Server": [
          "Microsoft-HTTPAPI/2.0",
          "Microsoft-HTTPAPI/2.0"
        ],
        "x-ms-ratelimit-remaining-subscription-reads": [
          "14983"
        ],
        "x-ms-correlation-request-id": [
          "ab084b45-92dd-4cbf-91aa-ff9c089cc810"
        ],
        "x-ms-routing-request-id": [
          "WESTUS2:20160914T194934Z:ab084b45-92dd-4cbf-91aa-ff9c089cc810"
        ],
        "Date": [
          "Wed, 14 Sep 2016 19:49:33 GMT"
        ]
      },
      "StatusCode": 200
    },
    {
      "RequestUri": "/subscriptions/a083c30e-d4e5-4dc1-b310-02aaf36b316a/resourceGroups/onesdk4227/providers/Microsoft.Network/virtualNetworks/onesdk4477?api-version=2016-09-01",
      "EncodedRequestUri": "L3N1YnNjcmlwdGlvbnMvYTA4M2MzMGUtZDRlNS00ZGMxLWIzMTAtMDJhYWYzNmIzMTZhL3Jlc291cmNlR3JvdXBzL29uZXNkazQyMjcvcHJvdmlkZXJzL01pY3Jvc29mdC5OZXR3b3JrL3ZpcnR1YWxOZXR3b3Jrcy9vbmVzZGs0NDc3P2FwaS12ZXJzaW9uPTIwMTYtMDktMDE=",
      "RequestMethod": "PUT",
      "RequestBody": "{\r\n  \"properties\": {\r\n    \"addressSpace\": {\r\n      \"addressPrefixes\": [\r\n        \"10.0.0.0/16\"\r\n      ]\r\n    },\r\n    \"dhcpOptions\": {\r\n      \"dnsServers\": [\r\n        \"8.8.8.8\"\r\n      ]\r\n    },\r\n    \"subnets\": [\r\n      {\r\n        \"properties\": {\r\n          \"addressPrefix\": \"10.0.1.0/24\",\r\n          \"resourceNavigationLinks\": []\r\n        },\r\n        \"name\": \"onesdk1857\"\r\n      }\r\n    ],\r\n    \"VirtualNetworkPeerings\": []\r\n  },\r\n  \"location\": \"West US\"\r\n}",
      "RequestHeaders": {
        "Content-Type": [
          "application/json; charset=utf-8"
        ],
        "Content-Length": [
          "455"
        ],
        "x-ms-client-request-id": [
          "2a74ab3c-ebb7-48f3-a7e8-17bfaf68ceee"
        ],
        "accept-language": [
          "en-US"
        ],
        "User-Agent": [
          "Microsoft.Azure.Management.Network.NetworkManagementClient/7.1.0-preview"
        ]
      },
      "ResponseBody": "{\r\n  \"name\": \"onesdk4477\",\r\n  \"id\": \"/subscriptions/a083c30e-d4e5-4dc1-b310-02aaf36b316a/resourceGroups/onesdk4227/providers/Microsoft.Network/virtualNetworks/onesdk4477\",\r\n  \"etag\": \"W/\\\"4b56cd0d-1b69-4f0e-881a-77cfbbf65d09\\\"\",\r\n  \"type\": \"Microsoft.Network/virtualNetworks\",\r\n  \"location\": \"westus\",\r\n  \"properties\": {\r\n    \"provisioningState\": \"Updating\",\r\n    \"resourceGuid\": \"10d3be3e-09a9-4482-aacd-8f28e77cdd37\",\r\n    \"addressSpace\": {\r\n      \"addressPrefixes\": [\r\n        \"10.0.0.0/16\"\r\n      ]\r\n    },\r\n    \"dhcpOptions\": {\r\n      \"dnsServers\": [\r\n        \"8.8.8.8\"\r\n      ]\r\n    },\r\n    \"subnets\": [\r\n      {\r\n        \"name\": \"onesdk1857\",\r\n        \"id\": \"/subscriptions/a083c30e-d4e5-4dc1-b310-02aaf36b316a/resourceGroups/onesdk4227/providers/Microsoft.Network/virtualNetworks/onesdk4477/subnets/onesdk1857\",\r\n        \"etag\": \"W/\\\"4b56cd0d-1b69-4f0e-881a-77cfbbf65d09\\\"\",\r\n        \"properties\": {\r\n          \"provisioningState\": \"Updating\",\r\n          \"addressPrefix\": \"10.0.1.0/24\",\r\n          \"serviceTunnels\": []\r\n        }\r\n      }\r\n    ],\r\n    \"virtualNetworkPeerings\": []\r\n  }\r\n}",
      "ResponseHeaders": {
        "Content-Length": [
          "1096"
        ],
        "Content-Type": [
          "application/json; charset=utf-8"
        ],
        "Expires": [
          "-1"
        ],
        "Pragma": [
          "no-cache"
        ],
        "Retry-After": [
          "10"
        ],
        "x-ms-request-id": [
          "13436c0f-c36d-448c-abbd-c3aa901c7a0b"
        ],
        "Azure-AsyncOperation": [
          "https://management.azure.com/subscriptions/a083c30e-d4e5-4dc1-b310-02aaf36b316a/providers/Microsoft.Network/locations/westus.validation/operations/13436c0f-c36d-448c-abbd-c3aa901c7a0b?api-version=2016-09-01"
        ],
        "Strict-Transport-Security": [
          "max-age=31536000; includeSubDomains"
        ],
        "Cache-Control": [
          "no-cache"
        ],
        "Server": [
          "Microsoft-HTTPAPI/2.0",
          "Microsoft-HTTPAPI/2.0"
        ],
        "x-ms-ratelimit-remaining-subscription-writes": [
          "1198"
        ],
        "x-ms-correlation-request-id": [
          "7782a098-cfbf-4639-a8b5-f95a73686477"
        ],
        "x-ms-routing-request-id": [
          "WESTUS2:20160914T194904Z:7782a098-cfbf-4639-a8b5-f95a73686477"
        ],
        "Date": [
          "Wed, 14 Sep 2016 19:49:03 GMT"
        ]
      },
      "StatusCode": 201
    },
    {
      "RequestUri": "/subscriptions/a083c30e-d4e5-4dc1-b310-02aaf36b316a/providers/Microsoft.Network/locations/westus.validation/operations/13436c0f-c36d-448c-abbd-c3aa901c7a0b?api-version=2016-09-01",
      "EncodedRequestUri": "L3N1YnNjcmlwdGlvbnMvYTA4M2MzMGUtZDRlNS00ZGMxLWIzMTAtMDJhYWYzNmIzMTZhL3Byb3ZpZGVycy9NaWNyb3NvZnQuTmV0d29yay9sb2NhdGlvbnMvd2VzdHVzLnZhbGlkYXRpb24vb3BlcmF0aW9ucy8xMzQzNmMwZi1jMzZkLTQ0OGMtYWJiZC1jM2FhOTAxYzdhMGI/YXBpLXZlcnNpb249MjAxNi0wOS0wMQ==",
      "RequestMethod": "GET",
      "RequestBody": "",
      "RequestHeaders": {
        "User-Agent": [
          "Microsoft.Azure.Management.Network.NetworkManagementClient/7.1.0-preview"
        ]
      },
      "ResponseBody": "{\r\n  \"status\": \"Succeeded\"\r\n}",
      "ResponseHeaders": {
        "Content-Length": [
          "29"
        ],
        "Content-Type": [
          "application/json; charset=utf-8"
        ],
        "Expires": [
          "-1"
        ],
        "Pragma": [
          "no-cache"
        ],
        "x-ms-request-id": [
          "de7ec25a-64f8-47a9-a8f8-cf90c7aa016c"
        ],
        "Strict-Transport-Security": [
          "max-age=31536000; includeSubDomains"
        ],
        "Cache-Control": [
          "no-cache"
        ],
        "Server": [
          "Microsoft-HTTPAPI/2.0",
          "Microsoft-HTTPAPI/2.0"
        ],
        "x-ms-ratelimit-remaining-subscription-reads": [
          "14990"
        ],
        "x-ms-correlation-request-id": [
          "8daaccb8-92d8-49d7-8833-ae8f5efe9700"
        ],
        "x-ms-routing-request-id": [
          "WESTUS2:20160914T194934Z:8daaccb8-92d8-49d7-8833-ae8f5efe9700"
        ],
        "Date": [
          "Wed, 14 Sep 2016 19:49:33 GMT"
        ]
      },
      "StatusCode": 200
    },
    {
      "RequestUri": "/subscriptions/a083c30e-d4e5-4dc1-b310-02aaf36b316a/resourceGroups/onesdk4227/providers/Microsoft.Network/virtualNetworks?api-version=2016-09-01",
      "EncodedRequestUri": "L3N1YnNjcmlwdGlvbnMvYTA4M2MzMGUtZDRlNS00ZGMxLWIzMTAtMDJhYWYzNmIzMTZhL3Jlc291cmNlR3JvdXBzL29uZXNkazQyMjcvcHJvdmlkZXJzL01pY3Jvc29mdC5OZXR3b3JrL3ZpcnR1YWxOZXR3b3Jrcz9hcGktdmVyc2lvbj0yMDE2LTA5LTAx",
      "RequestMethod": "GET",
      "RequestBody": "",
      "RequestHeaders": {
        "x-ms-client-request-id": [
          "7dcb4b80-b3d2-4e58-b7f5-3b4175c70f79"
        ],
        "accept-language": [
          "en-US"
        ],
        "User-Agent": [
          "Microsoft.Azure.Management.Network.NetworkManagementClient/7.1.0-preview"
        ]
      },
      "ResponseBody": "{\r\n  \"value\": [\r\n    {\r\n      \"name\": \"onesdk4477\",\r\n      \"id\": \"/subscriptions/a083c30e-d4e5-4dc1-b310-02aaf36b316a/resourceGroups/onesdk4227/providers/Microsoft.Network/virtualNetworks/onesdk4477\",\r\n      \"etag\": \"W/\\\"6fb6c2bb-263f-4d62-92e0-429a1c587436\\\"\",\r\n      \"type\": \"Microsoft.Network/virtualNetworks\",\r\n      \"location\": \"westus\",\r\n      \"properties\": {\r\n        \"provisioningState\": \"Succeeded\",\r\n        \"resourceGuid\": \"10d3be3e-09a9-4482-aacd-8f28e77cdd37\",\r\n        \"addressSpace\": {\r\n          \"addressPrefixes\": [\r\n            \"10.0.0.0/16\"\r\n          ]\r\n        },\r\n        \"dhcpOptions\": {\r\n          \"dnsServers\": [\r\n            \"8.8.8.8\"\r\n          ]\r\n        },\r\n        \"subnets\": [\r\n          {\r\n            \"name\": \"onesdk1857\",\r\n            \"id\": \"/subscriptions/a083c30e-d4e5-4dc1-b310-02aaf36b316a/resourceGroups/onesdk4227/providers/Microsoft.Network/virtualNetworks/onesdk4477/subnets/onesdk1857\",\r\n            \"etag\": \"W/\\\"6fb6c2bb-263f-4d62-92e0-429a1c587436\\\"\",\r\n            \"properties\": {\r\n              \"provisioningState\": \"Succeeded\",\r\n              \"addressPrefix\": \"10.0.1.0/24\",\r\n              \"serviceTunnels\": []\r\n            }\r\n          }\r\n        ],\r\n        \"virtualNetworkPeerings\": []\r\n      }\r\n    }\r\n  ]\r\n}",
      "ResponseHeaders": {
        "Content-Length": [
          "1259"
        ],
        "Content-Type": [
          "application/json; charset=utf-8"
        ],
        "Expires": [
          "-1"
        ],
        "Pragma": [
          "no-cache"
        ],
        "x-ms-request-id": [
          "483de651-a340-4d87-bee9-fc0c22bf90be"
        ],
        "Strict-Transport-Security": [
          "max-age=31536000; includeSubDomains"
        ],
        "Cache-Control": [
          "no-cache"
        ],
        "Server": [
          "Microsoft-HTTPAPI/2.0",
          "Microsoft-HTTPAPI/2.0"
        ],
        "x-ms-ratelimit-remaining-subscription-reads": [
          "14986"
        ],
        "x-ms-correlation-request-id": [
          "b859854a-48a7-47c4-9738-d21347c43aff"
        ],
        "x-ms-routing-request-id": [
          "WESTUS2:20160914T194934Z:b859854a-48a7-47c4-9738-d21347c43aff"
        ],
        "Date": [
          "Wed, 14 Sep 2016 19:49:33 GMT"
        ]
      },
      "StatusCode": 200
    },
    {
      "RequestUri": "/subscriptions/a083c30e-d4e5-4dc1-b310-02aaf36b316a/resourceGroups/onesdk4227/providers/Microsoft.Network/virtualNetworks?api-version=2016-09-01",
      "EncodedRequestUri": "L3N1YnNjcmlwdGlvbnMvYTA4M2MzMGUtZDRlNS00ZGMxLWIzMTAtMDJhYWYzNmIzMTZhL3Jlc291cmNlR3JvdXBzL29uZXNkazQyMjcvcHJvdmlkZXJzL01pY3Jvc29mdC5OZXR3b3JrL3ZpcnR1YWxOZXR3b3Jrcz9hcGktdmVyc2lvbj0yMDE2LTA5LTAx",
      "RequestMethod": "GET",
      "RequestBody": "",
      "RequestHeaders": {
        "x-ms-client-request-id": [
          "354063f5-2487-4be8-bbdc-9c790acbaffc"
        ],
        "accept-language": [
          "en-US"
        ],
        "User-Agent": [
          "Microsoft.Azure.Management.Network.NetworkManagementClient/7.1.0-preview"
        ]
      },
      "ResponseBody": "{\r\n  \"value\": []\r\n}",
      "ResponseHeaders": {
        "Content-Length": [
          "12"
        ],
        "Content-Type": [
          "application/json; charset=utf-8"
        ],
        "Expires": [
          "-1"
        ],
        "Pragma": [
          "no-cache"
        ],
        "x-ms-ratelimit-remaining-subscription-reads": [
          "14978"
        ],
        "x-ms-request-id": [
          "1a0f39f2-8840-43ae-aa1a-042737e37b54"
        ],
        "x-ms-correlation-request-id": [
          "1a0f39f2-8840-43ae-aa1a-042737e37b54"
        ],
        "x-ms-routing-request-id": [
          "WESTUS2:20160914T195005Z:1a0f39f2-8840-43ae-aa1a-042737e37b54"
        ],
        "Strict-Transport-Security": [
          "max-age=31536000; includeSubDomains"
        ],
        "Cache-Control": [
          "no-cache"
        ],
        "Date": [
          "Wed, 14 Sep 2016 19:50:05 GMT"
        ]
      },
      "StatusCode": 200
    },
    {
      "RequestUri": "/subscriptions/a083c30e-d4e5-4dc1-b310-02aaf36b316a/resourceGroups/onesdk4227/providers/Microsoft.Network/virtualNetworks/onesdk4477/CheckIPAddressAvailability?ipAddress=10.0.1.10&api-version=2016-09-01",
      "EncodedRequestUri": "L3N1YnNjcmlwdGlvbnMvYTA4M2MzMGUtZDRlNS00ZGMxLWIzMTAtMDJhYWYzNmIzMTZhL3Jlc291cmNlR3JvdXBzL29uZXNkazQyMjcvcHJvdmlkZXJzL01pY3Jvc29mdC5OZXR3b3JrL3ZpcnR1YWxOZXR3b3Jrcy9vbmVzZGs0NDc3L0NoZWNrSVBBZGRyZXNzQXZhaWxhYmlsaXR5P2lwQWRkcmVzcz0xMC4wLjEuMTAmYXBpLXZlcnNpb249MjAxNi0wOS0wMQ==",
      "RequestMethod": "GET",
      "RequestBody": "",
      "RequestHeaders": {
        "x-ms-client-request-id": [
          "02248374-87b3-4461-96b5-a2730bad33d2"
        ],
        "accept-language": [
          "en-US"
        ],
        "User-Agent": [
          "Microsoft.Azure.Management.Network.NetworkManagementClient/7.1.0-preview"
        ]
      },
      "ResponseBody": "{\r\n  \"available\": true\r\n}",
      "ResponseHeaders": {
        "Content-Length": [
          "25"
        ],
        "Content-Type": [
          "application/json; charset=utf-8"
        ],
        "Expires": [
          "-1"
        ],
        "Pragma": [
          "no-cache"
        ],
        "x-ms-request-id": [
          "3e06d9e1-83e4-4320-98a1-04c9a1795be8"
        ],
        "Strict-Transport-Security": [
          "max-age=31536000; includeSubDomains"
        ],
        "Cache-Control": [
          "no-cache"
        ],
        "Server": [
          "Microsoft-HTTPAPI/2.0",
          "Microsoft-HTTPAPI/2.0"
        ],
        "x-ms-ratelimit-remaining-subscription-reads": [
          "14984"
        ],
        "x-ms-correlation-request-id": [
          "84256b00-75b0-40e6-af72-858b2b4d8098"
        ],
        "x-ms-routing-request-id": [
          "WESTUS2:20160914T194934Z:84256b00-75b0-40e6-af72-858b2b4d8098"
        ],
        "Date": [
          "Wed, 14 Sep 2016 19:49:33 GMT"
        ]
      },
      "StatusCode": 200
    },
    {
      "RequestUri": "/subscriptions/a083c30e-d4e5-4dc1-b310-02aaf36b316a/resourceGroups/onesdk4227/providers/Microsoft.Network/virtualNetworks/onesdk4477/CheckIPAddressAvailability?ipAddress=10.0.1.10&api-version=2016-09-01",
      "EncodedRequestUri": "L3N1YnNjcmlwdGlvbnMvYTA4M2MzMGUtZDRlNS00ZGMxLWIzMTAtMDJhYWYzNmIzMTZhL3Jlc291cmNlR3JvdXBzL29uZXNkazQyMjcvcHJvdmlkZXJzL01pY3Jvc29mdC5OZXR3b3JrL3ZpcnR1YWxOZXR3b3Jrcy9vbmVzZGs0NDc3L0NoZWNrSVBBZGRyZXNzQXZhaWxhYmlsaXR5P2lwQWRkcmVzcz0xMC4wLjEuMTAmYXBpLXZlcnNpb249MjAxNi0wOS0wMQ==",
      "RequestMethod": "GET",
      "RequestBody": "",
      "RequestHeaders": {
        "x-ms-client-request-id": [
          "61d76274-16c7-4392-a5b6-a945766595b2"
        ],
        "accept-language": [
          "en-US"
        ],
        "User-Agent": [
          "Microsoft.Azure.Management.Network.NetworkManagementClient/7.1.0-preview"
        ]
      },
      "ResponseBody": "{\r\n  \"available\": true\r\n}",
      "ResponseHeaders": {
        "Content-Length": [
          "25"
        ],
        "Content-Type": [
          "application/json; charset=utf-8"
        ],
        "Expires": [
          "-1"
        ],
        "Pragma": [
          "no-cache"
        ],
        "x-ms-request-id": [
          "c69fe201-1d87-4df5-b5f5-4451b9151fad"
        ],
        "Strict-Transport-Security": [
          "max-age=31536000; includeSubDomains"
        ],
        "Cache-Control": [
          "no-cache"
        ],
        "Server": [
          "Microsoft-HTTPAPI/2.0",
          "Microsoft-HTTPAPI/2.0"
        ],
        "x-ms-ratelimit-remaining-subscription-reads": [
          "14981"
        ],
        "x-ms-correlation-request-id": [
          "d79ddcdc-11e9-484e-b869-4cbb6d1b473e"
        ],
        "x-ms-routing-request-id": [
          "WESTUS2:20160914T194934Z:d79ddcdc-11e9-484e-b869-4cbb6d1b473e"
        ],
        "Date": [
          "Wed, 14 Sep 2016 19:49:34 GMT"
        ]
      },
      "StatusCode": 200
    },
    {
      "RequestUri": "/subscriptions/a083c30e-d4e5-4dc1-b310-02aaf36b316a/resourceGroups/onesdk4227/providers/Microsoft.Network/virtualNetworks/onesdk4477/CheckIPAddressAvailability?ipAddress=10.0.1.3&api-version=2016-09-01",
      "EncodedRequestUri": "L3N1YnNjcmlwdGlvbnMvYTA4M2MzMGUtZDRlNS00ZGMxLWIzMTAtMDJhYWYzNmIzMTZhL3Jlc291cmNlR3JvdXBzL29uZXNkazQyMjcvcHJvdmlkZXJzL01pY3Jvc29mdC5OZXR3b3JrL3ZpcnR1YWxOZXR3b3Jrcy9vbmVzZGs0NDc3L0NoZWNrSVBBZGRyZXNzQXZhaWxhYmlsaXR5P2lwQWRkcmVzcz0xMC4wLjEuMyZhcGktdmVyc2lvbj0yMDE2LTA5LTAx",
      "RequestMethod": "GET",
      "RequestBody": "",
      "RequestHeaders": {
        "x-ms-client-request-id": [
          "f53d00fc-ac3a-4716-88e9-483bfc8ed7a5"
        ],
        "accept-language": [
          "en-US"
        ],
        "User-Agent": [
          "Microsoft.Azure.Management.Network.NetworkManagementClient/7.1.0-preview"
        ]
      },
      "ResponseBody": "{\r\n  \"available\": false,\r\n  \"availableIPAddresses\": [\r\n    \"10.0.1.4\",\r\n    \"10.0.1.5\",\r\n    \"10.0.1.6\",\r\n    \"10.0.1.7\",\r\n    \"10.0.1.8\"\r\n  ]\r\n}",
      "ResponseHeaders": {
        "Content-Length": [
          "145"
        ],
        "Content-Type": [
          "application/json; charset=utf-8"
        ],
        "Expires": [
          "-1"
        ],
        "Pragma": [
          "no-cache"
        ],
        "x-ms-request-id": [
          "a89692a8-7c55-497f-89a3-c3e15e5a4174"
        ],
        "Strict-Transport-Security": [
          "max-age=31536000; includeSubDomains"
        ],
        "Cache-Control": [
          "no-cache"
        ],
        "Server": [
          "Microsoft-HTTPAPI/2.0",
          "Microsoft-HTTPAPI/2.0"
        ],
        "x-ms-ratelimit-remaining-subscription-reads": [
          "14982"
        ],
        "x-ms-correlation-request-id": [
          "be12812a-b3fe-4d57-8dba-bc4dd12ee905"
        ],
        "x-ms-routing-request-id": [
          "WESTUS2:20160914T194934Z:be12812a-b3fe-4d57-8dba-bc4dd12ee905"
        ],
        "Date": [
          "Wed, 14 Sep 2016 19:49:33 GMT"
        ]
      },
      "StatusCode": 200
    },
    {
      "RequestUri": "/subscriptions/a083c30e-d4e5-4dc1-b310-02aaf36b316a/resourceGroups/onesdk4227/providers/Microsoft.Network/virtualNetworks/onesdk4477/CheckIPAddressAvailability?ipAddress=10.0.1.3&api-version=2016-09-01",
      "EncodedRequestUri": "L3N1YnNjcmlwdGlvbnMvYTA4M2MzMGUtZDRlNS00ZGMxLWIzMTAtMDJhYWYzNmIzMTZhL3Jlc291cmNlR3JvdXBzL29uZXNkazQyMjcvcHJvdmlkZXJzL01pY3Jvc29mdC5OZXR3b3JrL3ZpcnR1YWxOZXR3b3Jrcy9vbmVzZGs0NDc3L0NoZWNrSVBBZGRyZXNzQXZhaWxhYmlsaXR5P2lwQWRkcmVzcz0xMC4wLjEuMyZhcGktdmVyc2lvbj0yMDE2LTA5LTAx",
      "RequestMethod": "GET",
      "RequestBody": "",
      "RequestHeaders": {
        "x-ms-client-request-id": [
          "95ff408b-affb-4a7f-83a3-3b86e76ad153"
        ],
        "accept-language": [
          "en-US"
        ],
        "User-Agent": [
          "Microsoft.Azure.Management.Network.NetworkManagementClient/7.1.0-preview"
        ]
      },
      "ResponseBody": "{\r\n  \"available\": false,\r\n  \"availableIPAddresses\": [\r\n    \"10.0.1.4\",\r\n    \"10.0.1.5\",\r\n    \"10.0.1.6\",\r\n    \"10.0.1.7\",\r\n    \"10.0.1.8\"\r\n  ]\r\n}",
      "ResponseHeaders": {
        "Content-Length": [
          "145"
        ],
        "Content-Type": [
          "application/json; charset=utf-8"
        ],
        "Expires": [
          "-1"
        ],
        "Pragma": [
          "no-cache"
        ],
        "x-ms-request-id": [
          "5362233d-4e34-45a6-b536-187679adab38"
        ],
        "Strict-Transport-Security": [
          "max-age=31536000; includeSubDomains"
        ],
        "Cache-Control": [
          "no-cache"
        ],
        "Server": [
          "Microsoft-HTTPAPI/2.0",
          "Microsoft-HTTPAPI/2.0"
        ],
        "x-ms-ratelimit-remaining-subscription-reads": [
          "14980"
        ],
        "x-ms-correlation-request-id": [
          "647d27db-e41f-4cc6-9b66-cd2da11c28e1"
        ],
        "x-ms-routing-request-id": [
          "WESTUS2:20160914T194934Z:647d27db-e41f-4cc6-9b66-cd2da11c28e1"
        ],
        "Date": [
          "Wed, 14 Sep 2016 19:49:34 GMT"
        ]
      },
      "StatusCode": 200
    },
    {
      "RequestUri": "/subscriptions/a083c30e-d4e5-4dc1-b310-02aaf36b316a/resourceGroups/onesdk4227/providers/Microsoft.Network/virtualNetworks/onesdk4477?api-version=2016-09-01",
      "EncodedRequestUri": "L3N1YnNjcmlwdGlvbnMvYTA4M2MzMGUtZDRlNS00ZGMxLWIzMTAtMDJhYWYzNmIzMTZhL3Jlc291cmNlR3JvdXBzL29uZXNkazQyMjcvcHJvdmlkZXJzL01pY3Jvc29mdC5OZXR3b3JrL3ZpcnR1YWxOZXR3b3Jrcy9vbmVzZGs0NDc3P2FwaS12ZXJzaW9uPTIwMTYtMDktMDE=",
      "RequestMethod": "DELETE",
      "RequestBody": "",
      "RequestHeaders": {
        "x-ms-client-request-id": [
          "922cba93-e3b7-403b-9de8-ec63a9a65a78"
        ],
        "accept-language": [
          "en-US"
        ],
        "User-Agent": [
          "Microsoft.Azure.Management.Network.NetworkManagementClient/7.1.0-preview"
        ]
      },
      "ResponseBody": "",
      "ResponseHeaders": {
        "Content-Length": [
          "0"
        ],
        "Expires": [
          "-1"
        ],
        "Pragma": [
          "no-cache"
        ],
        "Retry-After": [
          "10"
        ],
        "x-ms-request-id": [
          "a3114241-1d80-47b3-91ce-fdc79b2c2f82"
        ],
        "Azure-AsyncOperation": [
          "https://management.azure.com/subscriptions/a083c30e-d4e5-4dc1-b310-02aaf36b316a/providers/Microsoft.Network/locations/westus.validation/operations/a3114241-1d80-47b3-91ce-fdc79b2c2f82?api-version=2016-09-01"
        ],
        "Strict-Transport-Security": [
          "max-age=31536000; includeSubDomains"
        ],
        "Cache-Control": [
          "no-cache"
        ],
        "Location": [
          "https://management.azure.com/subscriptions/a083c30e-d4e5-4dc1-b310-02aaf36b316a/providers/Microsoft.Network/locations/westus.validation/operationResults/a3114241-1d80-47b3-91ce-fdc79b2c2f82?api-version=2016-09-01"
        ],
        "Server": [
          "Microsoft-HTTPAPI/2.0",
          "Microsoft-HTTPAPI/2.0"
        ],
        "x-ms-ratelimit-remaining-subscription-writes": [
          "1197"
        ],
        "x-ms-correlation-request-id": [
          "0bcd5c78-a125-4029-bddf-7c8e5caa6c06"
        ],
        "x-ms-routing-request-id": [
          "WESTUS2:20160914T194935Z:0bcd5c78-a125-4029-bddf-7c8e5caa6c06"
        ],
        "Date": [
          "Wed, 14 Sep 2016 19:49:34 GMT"
        ]
      },
      "StatusCode": 202
    },
    {
      "RequestUri": "/subscriptions/a083c30e-d4e5-4dc1-b310-02aaf36b316a/providers/Microsoft.Network/locations/westus.validation/operations/a3114241-1d80-47b3-91ce-fdc79b2c2f82?api-version=2016-09-01",
      "EncodedRequestUri": "L3N1YnNjcmlwdGlvbnMvYTA4M2MzMGUtZDRlNS00ZGMxLWIzMTAtMDJhYWYzNmIzMTZhL3Byb3ZpZGVycy9NaWNyb3NvZnQuTmV0d29yay9sb2NhdGlvbnMvd2VzdHVzLnZhbGlkYXRpb24vb3BlcmF0aW9ucy9hMzExNDI0MS0xZDgwLTQ3YjMtOTFjZS1mZGM3OWIyYzJmODI/YXBpLXZlcnNpb249MjAxNi0wOS0wMQ==",
      "RequestMethod": "GET",
      "RequestBody": "",
      "RequestHeaders": {
        "User-Agent": [
          "Microsoft.Azure.Management.Network.NetworkManagementClient/7.1.0-preview"
        ]
      },
      "ResponseBody": "{\r\n  \"status\": \"Succeeded\"\r\n}",
      "ResponseHeaders": {
        "Content-Length": [
          "29"
        ],
        "Content-Type": [
          "application/json; charset=utf-8"
        ],
        "Expires": [
          "-1"
        ],
        "Pragma": [
          "no-cache"
        ],
        "x-ms-request-id": [
          "20fac627-13a8-4116-b5fa-32e3212b7954"
        ],
        "Strict-Transport-Security": [
          "max-age=31536000; includeSubDomains"
        ],
        "Cache-Control": [
          "no-cache"
        ],
        "Server": [
          "Microsoft-HTTPAPI/2.0",
          "Microsoft-HTTPAPI/2.0"
        ],
        "x-ms-ratelimit-remaining-subscription-reads": [
          "14979"
        ],
        "x-ms-correlation-request-id": [
          "cc6d4652-7cac-4be7-8c00-aa48b5b8534b"
        ],
        "x-ms-routing-request-id": [
          "WESTUS2:20160914T195005Z:cc6d4652-7cac-4be7-8c00-aa48b5b8534b"
        ],
        "Date": [
          "Wed, 14 Sep 2016 19:50:05 GMT"
        ]
      },
      "StatusCode": 200
    },
    {
      "RequestUri": "/subscriptions/a083c30e-d4e5-4dc1-b310-02aaf36b316a/resourcegroups/onesdk4227?api-version=2016-02-01",
      "EncodedRequestUri": "L3N1YnNjcmlwdGlvbnMvYTA4M2MzMGUtZDRlNS00ZGMxLWIzMTAtMDJhYWYzNmIzMTZhL3Jlc291cmNlZ3JvdXBzL29uZXNkazQyMjc/YXBpLXZlcnNpb249MjAxNi0wMi0wMQ==",
      "RequestMethod": "DELETE",
      "RequestBody": "",
      "RequestHeaders": {
        "User-Agent": [
          "Microsoft.Azure.Management.Resources.ResourceManagementClient/2.0.0.0"
        ]
      },
      "ResponseBody": "",
      "ResponseHeaders": {
        "Content-Length": [
          "0"
        ],
        "Expires": [
          "-1"
        ],
        "Pragma": [
          "no-cache"
        ],
        "Retry-After": [
          "15"
        ],
        "x-ms-ratelimit-remaining-subscription-writes": [
          "1198"
        ],
        "x-ms-request-id": [
          "62962fba-449d-466d-9ce0-9970b58e2383"
        ],
        "x-ms-correlation-request-id": [
          "62962fba-449d-466d-9ce0-9970b58e2383"
        ],
        "x-ms-routing-request-id": [
          "WESTUS2:20160914T195006Z:62962fba-449d-466d-9ce0-9970b58e2383"
        ],
        "Strict-Transport-Security": [
          "max-age=31536000; includeSubDomains"
        ],
        "Cache-Control": [
          "no-cache"
        ],
        "Date": [
          "Wed, 14 Sep 2016 19:50:05 GMT"
        ],
        "Location": [
          "https://management.azure.com/subscriptions/a083c30e-d4e5-4dc1-b310-02aaf36b316a/operationresults/eyJqb2JJZCI6IlJFU09VUkNFR1JPVVBERUxFVElPTkpPQi1PTkVTREs0MjI3LVdFU1RVUyIsImpvYkxvY2F0aW9uIjoid2VzdHVzIn0?api-version=2016-02-01"
        ]
      },
      "StatusCode": 202
    },
    {
      "RequestUri": "/subscriptions/a083c30e-d4e5-4dc1-b310-02aaf36b316a/operationresults/eyJqb2JJZCI6IlJFU09VUkNFR1JPVVBERUxFVElPTkpPQi1PTkVTREs0MjI3LVdFU1RVUyIsImpvYkxvY2F0aW9uIjoid2VzdHVzIn0?api-version=2016-02-01",
      "EncodedRequestUri": "L3N1YnNjcmlwdGlvbnMvYTA4M2MzMGUtZDRlNS00ZGMxLWIzMTAtMDJhYWYzNmIzMTZhL29wZXJhdGlvbnJlc3VsdHMvZXlKcWIySkpaQ0k2SWxKRlUwOVZVa05GUjFKUFZWQkVSVXhGVkVsUFRrcFBRaTFQVGtWVFJFczBNakkzTFZkRlUxUlZVeUlzSW1wdllreHZZMkYwYVc5dUlqb2lkMlZ6ZEhWekluMD9hcGktdmVyc2lvbj0yMDE2LTAyLTAx",
      "RequestMethod": "GET",
      "RequestBody": "",
      "RequestHeaders": {
        "x-ms-version": [
          "2016-02-01"
        ],
        "User-Agent": [
          "Microsoft.Azure.Management.Resources.ResourceManagementClient/2.0.0.0"
        ]
      },
      "ResponseBody": "",
      "ResponseHeaders": {
        "Content-Length": [
          "0"
        ],
        "Expires": [
          "-1"
        ],
        "Pragma": [
          "no-cache"
        ],
        "Retry-After": [
          "15"
        ],
        "x-ms-ratelimit-remaining-subscription-reads": [
          "14998"
        ],
        "x-ms-request-id": [
          "fdacde9a-63e9-4cad-8a43-0aa7e9858082"
        ],
        "x-ms-correlation-request-id": [
          "fdacde9a-63e9-4cad-8a43-0aa7e9858082"
        ],
        "x-ms-routing-request-id": [
          "WESTUS2:20160914T195006Z:fdacde9a-63e9-4cad-8a43-0aa7e9858082"
        ],
        "Strict-Transport-Security": [
          "max-age=31536000; includeSubDomains"
        ],
        "Cache-Control": [
          "no-cache"
        ],
        "Date": [
          "Wed, 14 Sep 2016 19:50:05 GMT"
        ],
        "Location": [
          "https://management.azure.com/subscriptions/a083c30e-d4e5-4dc1-b310-02aaf36b316a/operationresults/eyJqb2JJZCI6IlJFU09VUkNFR1JPVVBERUxFVElPTkpPQi1PTkVTREs0MjI3LVdFU1RVUyIsImpvYkxvY2F0aW9uIjoid2VzdHVzIn0?api-version=2016-02-01"
        ]
      },
      "StatusCode": 202
    },
    {
      "RequestUri": "/subscriptions/a083c30e-d4e5-4dc1-b310-02aaf36b316a/operationresults/eyJqb2JJZCI6IlJFU09VUkNFR1JPVVBERUxFVElPTkpPQi1PTkVTREs0MjI3LVdFU1RVUyIsImpvYkxvY2F0aW9uIjoid2VzdHVzIn0?api-version=2016-02-01",
      "EncodedRequestUri": "L3N1YnNjcmlwdGlvbnMvYTA4M2MzMGUtZDRlNS00ZGMxLWIzMTAtMDJhYWYzNmIzMTZhL29wZXJhdGlvbnJlc3VsdHMvZXlKcWIySkpaQ0k2SWxKRlUwOVZVa05GUjFKUFZWQkVSVXhGVkVsUFRrcFBRaTFQVGtWVFJFczBNakkzTFZkRlUxUlZVeUlzSW1wdllreHZZMkYwYVc5dUlqb2lkMlZ6ZEhWekluMD9hcGktdmVyc2lvbj0yMDE2LTAyLTAx",
      "RequestMethod": "GET",
      "RequestBody": "",
      "RequestHeaders": {
        "x-ms-version": [
          "2016-02-01"
        ],
        "User-Agent": [
          "Microsoft.Azure.Management.Resources.ResourceManagementClient/2.0.0.0"
        ]
      },
      "ResponseBody": "",
      "ResponseHeaders": {
        "Content-Length": [
          "0"
        ],
        "Expires": [
          "-1"
        ],
        "Pragma": [
          "no-cache"
        ],
        "Retry-After": [
          "15"
        ],
        "x-ms-ratelimit-remaining-subscription-reads": [
          "14997"
        ],
        "x-ms-request-id": [
          "8a87c895-f8e5-4409-b3e6-72875417face"
        ],
        "x-ms-correlation-request-id": [
          "8a87c895-f8e5-4409-b3e6-72875417face"
        ],
        "x-ms-routing-request-id": [
          "WESTUS2:20160914T195021Z:8a87c895-f8e5-4409-b3e6-72875417face"
        ],
        "Strict-Transport-Security": [
          "max-age=31536000; includeSubDomains"
        ],
        "Cache-Control": [
          "no-cache"
        ],
        "Date": [
          "Wed, 14 Sep 2016 19:50:20 GMT"
        ],
        "Location": [
          "https://management.azure.com/subscriptions/a083c30e-d4e5-4dc1-b310-02aaf36b316a/operationresults/eyJqb2JJZCI6IlJFU09VUkNFR1JPVVBERUxFVElPTkpPQi1PTkVTREs0MjI3LVdFU1RVUyIsImpvYkxvY2F0aW9uIjoid2VzdHVzIn0?api-version=2016-02-01"
        ]
      },
      "StatusCode": 202
    },
    {
      "RequestUri": "/subscriptions/a083c30e-d4e5-4dc1-b310-02aaf36b316a/operationresults/eyJqb2JJZCI6IlJFU09VUkNFR1JPVVBERUxFVElPTkpPQi1PTkVTREs0MjI3LVdFU1RVUyIsImpvYkxvY2F0aW9uIjoid2VzdHVzIn0?api-version=2016-02-01",
      "EncodedRequestUri": "L3N1YnNjcmlwdGlvbnMvYTA4M2MzMGUtZDRlNS00ZGMxLWIzMTAtMDJhYWYzNmIzMTZhL29wZXJhdGlvbnJlc3VsdHMvZXlKcWIySkpaQ0k2SWxKRlUwOVZVa05GUjFKUFZWQkVSVXhGVkVsUFRrcFBRaTFQVGtWVFJFczBNakkzTFZkRlUxUlZVeUlzSW1wdllreHZZMkYwYVc5dUlqb2lkMlZ6ZEhWekluMD9hcGktdmVyc2lvbj0yMDE2LTAyLTAx",
      "RequestMethod": "GET",
      "RequestBody": "",
      "RequestHeaders": {
        "x-ms-version": [
          "2016-02-01"
        ],
        "User-Agent": [
          "Microsoft.Azure.Management.Resources.ResourceManagementClient/2.0.0.0"
        ]
      },
      "ResponseBody": "",
      "ResponseHeaders": {
        "Content-Length": [
          "0"
        ],
        "Expires": [
          "-1"
        ],
        "Pragma": [
          "no-cache"
        ],
        "Retry-After": [
          "15"
        ],
        "x-ms-ratelimit-remaining-subscription-reads": [
          "14996"
        ],
        "x-ms-request-id": [
          "5952c96c-c227-47dd-8f0c-d5fd96a7cfca"
        ],
        "x-ms-correlation-request-id": [
          "5952c96c-c227-47dd-8f0c-d5fd96a7cfca"
        ],
        "x-ms-routing-request-id": [
          "WESTUS2:20160914T195036Z:5952c96c-c227-47dd-8f0c-d5fd96a7cfca"
        ],
        "Strict-Transport-Security": [
          "max-age=31536000; includeSubDomains"
        ],
        "Cache-Control": [
          "no-cache"
        ],
        "Date": [
          "Wed, 14 Sep 2016 19:50:35 GMT"
        ],
        "Location": [
          "https://management.azure.com/subscriptions/a083c30e-d4e5-4dc1-b310-02aaf36b316a/operationresults/eyJqb2JJZCI6IlJFU09VUkNFR1JPVVBERUxFVElPTkpPQi1PTkVTREs0MjI3LVdFU1RVUyIsImpvYkxvY2F0aW9uIjoid2VzdHVzIn0?api-version=2016-02-01"
        ]
      },
      "StatusCode": 202
    },
    {
      "RequestUri": "/subscriptions/a083c30e-d4e5-4dc1-b310-02aaf36b316a/operationresults/eyJqb2JJZCI6IlJFU09VUkNFR1JPVVBERUxFVElPTkpPQi1PTkVTREs0MjI3LVdFU1RVUyIsImpvYkxvY2F0aW9uIjoid2VzdHVzIn0?api-version=2016-02-01",
      "EncodedRequestUri": "L3N1YnNjcmlwdGlvbnMvYTA4M2MzMGUtZDRlNS00ZGMxLWIzMTAtMDJhYWYzNmIzMTZhL29wZXJhdGlvbnJlc3VsdHMvZXlKcWIySkpaQ0k2SWxKRlUwOVZVa05GUjFKUFZWQkVSVXhGVkVsUFRrcFBRaTFQVGtWVFJFczBNakkzTFZkRlUxUlZVeUlzSW1wdllreHZZMkYwYVc5dUlqb2lkMlZ6ZEhWekluMD9hcGktdmVyc2lvbj0yMDE2LTAyLTAx",
      "RequestMethod": "GET",
      "RequestBody": "",
      "RequestHeaders": {
        "x-ms-version": [
          "2016-02-01"
        ],
        "User-Agent": [
          "Microsoft.Azure.Management.Resources.ResourceManagementClient/2.0.0.0"
        ]
      },
      "ResponseBody": "",
      "ResponseHeaders": {
        "Content-Length": [
          "0"
        ],
        "Expires": [
          "-1"
        ],
        "Pragma": [
          "no-cache"
        ],
        "x-ms-ratelimit-remaining-subscription-reads": [
          "14995"
        ],
        "x-ms-request-id": [
          "f5a108f3-9741-4ad3-b684-1a9ca96481f2"
        ],
        "x-ms-correlation-request-id": [
          "f5a108f3-9741-4ad3-b684-1a9ca96481f2"
        ],
        "x-ms-routing-request-id": [
          "WESTUS2:20160914T195051Z:f5a108f3-9741-4ad3-b684-1a9ca96481f2"
        ],
        "Strict-Transport-Security": [
          "max-age=31536000; includeSubDomains"
        ],
        "Cache-Control": [
          "no-cache"
        ],
        "Date": [
          "Wed, 14 Sep 2016 19:50:50 GMT"
        ]
      },
      "StatusCode": 200
    }
  ],
  "Names": {
    "Test-VirtualNetworkCRUD": [
      "onesdk4227",
      "onesdk4477",
      "onesdk1857"
    ]
  },
  "Variables": {
    "SubscriptionId": "a083c30e-d4e5-4dc1-b310-02aaf36b316a"
  }
}