{
  "Entries": [
    {
      "RequestUri": "/subscriptions/04319d6d-4a66-4701-bb2f-e7dbbd9ae4db/providers/Microsoft.DataLakeStore/register?api-version=2016-02-01",
      "EncodedRequestUri": "L3N1YnNjcmlwdGlvbnMvMDQzMTlkNmQtNGE2Ni00NzAxLWJiMmYtZTdkYmJkOWFlNGRiL3Byb3ZpZGVycy9NaWNyb3NvZnQuRGF0YUxha2VTdG9yZS9yZWdpc3Rlcj9hcGktdmVyc2lvbj0yMDE2LTAyLTAx",
      "RequestMethod": "POST",
      "RequestBody": "",
      "RequestHeaders": {
        "User-Agent": [
          "Microsoft.Azure.Management.Resources.ResourceManagementClient/2.0.0.0"
        ]
      },
      "ResponseBody": "{\r\n  \"id\": \"/subscriptions/04319d6d-4a66-4701-bb2f-e7dbbd9ae4db/providers/Microsoft.DataLakeStore\",\r\n  \"namespace\": \"Microsoft.DataLakeStore\",\r\n  \"authorization\": {\r\n    \"applicationId\": \"e9f49c6b-5ce5-44c8-925d-015017e9f7ad\",\r\n    \"roleDefinitionId\": \"17eb9cca-f08a-4499-b2d3-852d175f614f\"\r\n  },\r\n  \"resourceTypes\": [\r\n    {\r\n      \"resourceType\": \"accounts\",\r\n      \"locations\": [\r\n        \"East US 2\",\r\n        \"North Europe\",\r\n        \"Central US\"\r\n      ],\r\n      \"apiVersions\": [\r\n        \"2016-11-01\",\r\n        \"2015-10-01-preview\"\r\n      ],\r\n      \"capabilities\": \"CrossResourceGroupResourceMove, CrossSubscriptionResourceMove, SystemAssignedResourceIdentity\"\r\n    },\r\n    {\r\n      \"resourceType\": \"accounts/firewallRules\",\r\n      \"locations\": [\r\n        \"East US 2\",\r\n        \"North Europe\",\r\n        \"Central US\"\r\n      ],\r\n      \"apiVersions\": [\r\n        \"2016-11-01\",\r\n        \"2015-10-01-preview\"\r\n      ]\r\n    },\r\n    {\r\n      \"resourceType\": \"locations\",\r\n      \"locations\": [],\r\n      \"apiVersions\": [\r\n        \"2016-11-01\",\r\n        \"2015-10-01-preview\"\r\n      ]\r\n    },\r\n    {\r\n      \"resourceType\": \"locations/operationresults\",\r\n      \"locations\": [],\r\n      \"apiVersions\": [\r\n        \"2016-11-01\",\r\n        \"2015-10-01-preview\"\r\n      ]\r\n    },\r\n    {\r\n      \"resourceType\": \"locations/checkNameAvailability\",\r\n      \"locations\": [],\r\n      \"apiVersions\": [\r\n        \"2016-11-01\",\r\n        \"2015-10-01-preview\"\r\n      ]\r\n    },\r\n    {\r\n      \"resourceType\": \"locations/capability\",\r\n      \"locations\": [],\r\n      \"apiVersions\": [\r\n        \"2016-11-01\",\r\n        \"2015-10-01-preview\"\r\n      ]\r\n    },\r\n    {\r\n      \"resourceType\": \"operations\",\r\n      \"locations\": [],\r\n      \"apiVersions\": [\r\n        \"2016-11-01\",\r\n        \"2015-10-01-preview\"\r\n      ]\r\n    }\r\n  ],\r\n  \"registrationState\": \"Registered\"\r\n}",
      "ResponseHeaders": {
        "Content-Length": [
          "1224"
        ],
        "Content-Type": [
          "application/json; charset=utf-8"
        ],
        "Expires": [
          "-1"
        ],
        "Pragma": [
          "no-cache"
        ],
        "x-ms-ratelimit-remaining-subscription-writes": [
          "1199"
        ],
        "x-ms-request-id": [
          "df14c7f2-4fd4-43d4-bfa6-28d02655f429"
        ],
        "x-ms-correlation-request-id": [
          "df14c7f2-4fd4-43d4-bfa6-28d02655f429"
        ],
        "x-ms-routing-request-id": [
          "WESTUS:20170913T233559Z:df14c7f2-4fd4-43d4-bfa6-28d02655f429"
        ],
        "Strict-Transport-Security": [
          "max-age=31536000; includeSubDomains"
        ],
        "Cache-Control": [
          "no-cache"
        ],
        "Date": [
          "Wed, 13 Sep 2017 23:35:59 GMT"
        ]
      },
      "StatusCode": 200
    },
    {
      "RequestUri": "/subscriptions/04319d6d-4a66-4701-bb2f-e7dbbd9ae4db/providers/Microsoft.DataLakeStore?api-version=2016-02-01",
      "EncodedRequestUri": "L3N1YnNjcmlwdGlvbnMvMDQzMTlkNmQtNGE2Ni00NzAxLWJiMmYtZTdkYmJkOWFlNGRiL3Byb3ZpZGVycy9NaWNyb3NvZnQuRGF0YUxha2VTdG9yZT9hcGktdmVyc2lvbj0yMDE2LTAyLTAx",
      "RequestMethod": "GET",
      "RequestBody": "",
      "RequestHeaders": {
        "User-Agent": [
          "Microsoft.Azure.Management.Resources.ResourceManagementClient/2.0.0.0"
        ]
      },
      "ResponseBody": "{\r\n  \"id\": \"/subscriptions/04319d6d-4a66-4701-bb2f-e7dbbd9ae4db/providers/Microsoft.DataLakeStore\",\r\n  \"namespace\": \"Microsoft.DataLakeStore\",\r\n  \"authorization\": {\r\n    \"applicationId\": \"e9f49c6b-5ce5-44c8-925d-015017e9f7ad\",\r\n    \"roleDefinitionId\": \"17eb9cca-f08a-4499-b2d3-852d175f614f\"\r\n  },\r\n  \"resourceTypes\": [\r\n    {\r\n      \"resourceType\": \"accounts\",\r\n      \"locations\": [\r\n        \"East US 2\",\r\n        \"North Europe\",\r\n        \"Central US\"\r\n      ],\r\n      \"apiVersions\": [\r\n        \"2016-11-01\",\r\n        \"2015-10-01-preview\"\r\n      ],\r\n      \"capabilities\": \"CrossResourceGroupResourceMove, CrossSubscriptionResourceMove, SystemAssignedResourceIdentity\"\r\n    },\r\n    {\r\n      \"resourceType\": \"accounts/firewallRules\",\r\n      \"locations\": [\r\n        \"East US 2\",\r\n        \"North Europe\",\r\n        \"Central US\"\r\n      ],\r\n      \"apiVersions\": [\r\n        \"2016-11-01\",\r\n        \"2015-10-01-preview\"\r\n      ]\r\n    },\r\n    {\r\n      \"resourceType\": \"locations\",\r\n      \"locations\": [],\r\n      \"apiVersions\": [\r\n        \"2016-11-01\",\r\n        \"2015-10-01-preview\"\r\n      ]\r\n    },\r\n    {\r\n      \"resourceType\": \"locations/operationresults\",\r\n      \"locations\": [],\r\n      \"apiVersions\": [\r\n        \"2016-11-01\",\r\n        \"2015-10-01-preview\"\r\n      ]\r\n    },\r\n    {\r\n      \"resourceType\": \"locations/checkNameAvailability\",\r\n      \"locations\": [],\r\n      \"apiVersions\": [\r\n        \"2016-11-01\",\r\n        \"2015-10-01-preview\"\r\n      ]\r\n    },\r\n    {\r\n      \"resourceType\": \"locations/capability\",\r\n      \"locations\": [],\r\n      \"apiVersions\": [\r\n        \"2016-11-01\",\r\n        \"2015-10-01-preview\"\r\n      ]\r\n    },\r\n    {\r\n      \"resourceType\": \"operations\",\r\n      \"locations\": [],\r\n      \"apiVersions\": [\r\n        \"2016-11-01\",\r\n        \"2015-10-01-preview\"\r\n      ]\r\n    }\r\n  ],\r\n  \"registrationState\": \"Registered\"\r\n}",
      "ResponseHeaders": {
        "Content-Length": [
          "1224"
        ],
        "Content-Type": [
          "application/json; charset=utf-8"
        ],
        "Expires": [
          "-1"
        ],
        "Pragma": [
          "no-cache"
        ],
        "x-ms-ratelimit-remaining-subscription-reads": [
          "14995"
        ],
        "x-ms-request-id": [
          "81125186-68ce-42fd-b2cb-6fe178184e8e"
        ],
        "x-ms-correlation-request-id": [
          "81125186-68ce-42fd-b2cb-6fe178184e8e"
        ],
        "x-ms-routing-request-id": [
          "WESTUS:20170913T233559Z:81125186-68ce-42fd-b2cb-6fe178184e8e"
        ],
        "Strict-Transport-Security": [
          "max-age=31536000; includeSubDomains"
        ],
        "Cache-Control": [
          "no-cache"
        ],
        "Date": [
          "Wed, 13 Sep 2017 23:35:59 GMT"
        ]
      },
      "StatusCode": 200
    },
    {
      "RequestUri": "/subscriptions/04319d6d-4a66-4701-bb2f-e7dbbd9ae4db/resourcegroups/onesdk9560?api-version=2016-02-01",
      "EncodedRequestUri": "L3N1YnNjcmlwdGlvbnMvMDQzMTlkNmQtNGE2Ni00NzAxLWJiMmYtZTdkYmJkOWFlNGRiL3Jlc291cmNlZ3JvdXBzL29uZXNkazk1NjA/YXBpLXZlcnNpb249MjAxNi0wMi0wMQ==",
      "RequestMethod": "PUT",
      "RequestBody": "{\r\n  \"location\": \"East US 2\"\r\n}",
      "RequestHeaders": {
        "Content-Type": [
          "application/json; charset=utf-8"
        ],
        "Content-Length": [
          "31"
        ],
        "User-Agent": [
          "Microsoft.Azure.Management.Resources.ResourceManagementClient/2.0.0.0"
        ]
      },
      "ResponseBody": "{\r\n  \"id\": \"/subscriptions/04319d6d-4a66-4701-bb2f-e7dbbd9ae4db/resourceGroups/onesdk9560\",\r\n  \"name\": \"onesdk9560\",\r\n  \"location\": \"eastus2\",\r\n  \"properties\": {\r\n    \"provisioningState\": \"Succeeded\"\r\n  }\r\n}",
      "ResponseHeaders": {
        "Content-Length": [
          "174"
        ],
        "Content-Type": [
          "application/json; charset=utf-8"
        ],
        "Expires": [
          "-1"
        ],
        "Pragma": [
          "no-cache"
        ],
        "x-ms-ratelimit-remaining-subscription-writes": [
          "1198"
        ],
        "x-ms-request-id": [
          "2dbbea89-0009-4db4-bb33-08b2c108000f"
        ],
        "x-ms-correlation-request-id": [
          "2dbbea89-0009-4db4-bb33-08b2c108000f"
        ],
        "x-ms-routing-request-id": [
          "WESTUS:20170913T233607Z:2dbbea89-0009-4db4-bb33-08b2c108000f"
        ],
        "Strict-Transport-Security": [
          "max-age=31536000; includeSubDomains"
        ],
        "Cache-Control": [
          "no-cache"
        ],
        "Date": [
          "Wed, 13 Sep 2017 23:36:06 GMT"
        ]
      },
      "StatusCode": 201
    },
    {
      "RequestUri": "/subscriptions/04319d6d-4a66-4701-bb2f-e7dbbd9ae4db/resourceGroups/onesdk9560/providers/Microsoft.DataLakeStore/accounts/onesdk934?api-version=2016-11-01",
      "EncodedRequestUri": "L3N1YnNjcmlwdGlvbnMvMDQzMTlkNmQtNGE2Ni00NzAxLWJiMmYtZTdkYmJkOWFlNGRiL3Jlc291cmNlR3JvdXBzL29uZXNkazk1NjAvcHJvdmlkZXJzL01pY3Jvc29mdC5EYXRhTGFrZVN0b3JlL2FjY291bnRzL29uZXNkazkzND9hcGktdmVyc2lvbj0yMDE2LTExLTAx",
      "RequestMethod": "GET",
      "RequestBody": "",
      "RequestHeaders": {
        "x-ms-client-request-id": [
          "3fe511cc-2daa-4bec-a453-9a9b769cecb2"
        ],
        "accept-language": [
          "en-US"
        ],
        "User-Agent": [
          "FxVersion/4.7.2102.0",
          "OSName/Windows10Enterprise",
          "OSVersion/6.3.15063",
          "Microsoft.Azure.Management.DataLake.Store.DataLakeStoreAccountManagementClient/2.3.0.0"
        ]
      },
      "ResponseBody": "{\r\n  \"error\": {\r\n    \"code\": \"ResourceNotFound\",\r\n    \"message\": \"The Resource 'Microsoft.DataLakeStore/accounts/onesdk934' under resource group 'onesdk9560' was not found.\"\r\n  }\r\n}",
      "ResponseHeaders": {
        "Content-Length": [
          "156"
        ],
        "Content-Type": [
          "application/json; charset=utf-8"
        ],
        "Expires": [
          "-1"
        ],
        "Pragma": [
          "no-cache"
        ],
        "x-ms-failure-cause": [
          "gateway"
        ],
        "x-ms-request-id": [
          "b9e571e9-c686-44a3-8493-a9516179ca48"
        ],
        "x-ms-correlation-request-id": [
          "b9e571e9-c686-44a3-8493-a9516179ca48"
        ],
        "x-ms-routing-request-id": [
          "WESTUS:20170913T233607Z:b9e571e9-c686-44a3-8493-a9516179ca48"
        ],
        "Strict-Transport-Security": [
          "max-age=31536000; includeSubDomains"
        ],
        "Cache-Control": [
          "no-cache"
        ],
        "Date": [
          "Wed, 13 Sep 2017 23:36:07 GMT"
        ]
      },
      "StatusCode": 404
    },
    {
      "RequestUri": "/subscriptions/04319d6d-4a66-4701-bb2f-e7dbbd9ae4db/resourceGroups/onesdk9560/providers/Microsoft.DataLakeStore/accounts/onesdk934?api-version=2016-11-01",
      "EncodedRequestUri": "L3N1YnNjcmlwdGlvbnMvMDQzMTlkNmQtNGE2Ni00NzAxLWJiMmYtZTdkYmJkOWFlNGRiL3Jlc291cmNlR3JvdXBzL29uZXNkazk1NjAvcHJvdmlkZXJzL01pY3Jvc29mdC5EYXRhTGFrZVN0b3JlL2FjY291bnRzL29uZXNkazkzND9hcGktdmVyc2lvbj0yMDE2LTExLTAx",
      "RequestMethod": "GET",
      "RequestBody": "",
      "RequestHeaders": {
        "x-ms-client-request-id": [
          "ab41fa74-4721-4f1f-a977-0f43e0192aa3"
        ],
        "accept-language": [
          "en-US"
        ],
        "User-Agent": [
          "FxVersion/4.7.2102.0",
          "OSName/Windows10Enterprise",
          "OSVersion/6.3.15063",
          "Microsoft.Azure.Management.DataLake.Store.DataLakeStoreAccountManagementClient/2.3.0.0"
        ]
      },
      "ResponseBody": "{\r\n  \"error\": {\r\n    \"code\": \"ResourceNotFound\",\r\n    \"message\": \"The Resource 'Microsoft.DataLakeStore/accounts/onesdk934' under resource group 'onesdk9560' was not found.\"\r\n  }\r\n}",
      "ResponseHeaders": {
        "Content-Length": [
          "156"
        ],
        "Content-Type": [
          "application/json; charset=utf-8"
        ],
        "Expires": [
          "-1"
        ],
        "Pragma": [
          "no-cache"
        ],
        "x-ms-failure-cause": [
          "gateway"
        ],
        "x-ms-request-id": [
          "72b8e0c0-91b0-40ea-b6b2-ada6c6e7cc2e"
        ],
        "x-ms-correlation-request-id": [
          "72b8e0c0-91b0-40ea-b6b2-ada6c6e7cc2e"
        ],
        "x-ms-routing-request-id": [
          "WESTUS:20170913T233609Z:72b8e0c0-91b0-40ea-b6b2-ada6c6e7cc2e"
        ],
        "Strict-Transport-Security": [
          "max-age=31536000; includeSubDomains"
        ],
        "Cache-Control": [
          "no-cache"
        ],
        "Date": [
          "Wed, 13 Sep 2017 23:36:08 GMT"
        ]
      },
      "StatusCode": 404
    },
    {
      "RequestUri": "/subscriptions/04319d6d-4a66-4701-bb2f-e7dbbd9ae4db/resourceGroups/onesdk9560/providers/Microsoft.DataLakeStore/accounts/onesdk934?api-version=2016-11-01",
      "EncodedRequestUri": "L3N1YnNjcmlwdGlvbnMvMDQzMTlkNmQtNGE2Ni00NzAxLWJiMmYtZTdkYmJkOWFlNGRiL3Jlc291cmNlR3JvdXBzL29uZXNkazk1NjAvcHJvdmlkZXJzL01pY3Jvc29mdC5EYXRhTGFrZVN0b3JlL2FjY291bnRzL29uZXNkazkzND9hcGktdmVyc2lvbj0yMDE2LTExLTAx",
      "RequestMethod": "GET",
      "RequestBody": "",
      "RequestHeaders": {
        "User-Agent": [
          "FxVersion/4.7.2102.0",
          "OSName/Windows10Enterprise",
          "OSVersion/6.3.15063",
          "Microsoft.Azure.Management.DataLake.Store.DataLakeStoreAccountManagementClient/2.3.0.0"
        ]
      },
      "ResponseBody": "{\r\n  \"properties\": {\r\n    \"firewallState\": \"Disabled\",\r\n    \"firewallAllowAzureIps\": \"Disabled\",\r\n    \"firewallRules\": [],\r\n    \"virtualNetworkRules\": [],\r\n    \"trustedIdProviderState\": \"Disabled\",\r\n    \"trustedIdProviders\": [],\r\n    \"encryptionState\": \"Enabled\",\r\n    \"encryptionConfig\": {\r\n      \"type\": \"ServiceManaged\"\r\n    },\r\n    \"currentTier\": \"Consumption\",\r\n    \"newTier\": \"Consumption\",\r\n    \"provisioningState\": \"Succeeded\",\r\n    \"state\": \"Active\",\r\n    \"endpoint\": \"onesdk934.azuredatalakestore.net\",\r\n    \"accountId\": \"19f3d3c1-35a1-4548-8298-1a932ec70a5f\",\r\n    \"creationTime\": \"2017-09-13T23:36:15.2147885Z\",\r\n    \"lastModifiedTime\": \"2017-09-13T23:36:15.2147885Z\"\r\n  },\r\n  \"location\": \"East US 2\",\r\n  \"tags\": {},\r\n  \"identity\": {\r\n    \"type\": \"SystemAssigned\",\r\n    \"principalId\": \"781f5981-5cdc-4866-a9e1-72eb3678a8da\",\r\n    \"tenantId\": \"72f988bf-86f1-41af-91ab-2d7cd011db47\"\r\n  },\r\n  \"id\": \"/subscriptions/04319d6d-4a66-4701-bb2f-e7dbbd9ae4db/resourceGroups/onesdk9560/providers/Microsoft.DataLakeStore/accounts/onesdk934\",\r\n  \"name\": \"onesdk934\",\r\n  \"type\": \"Microsoft.DataLakeStore/accounts\"\r\n}",
      "ResponseHeaders": {
        "Content-Length": [
          "921"
        ],
        "Content-Type": [
          "application/json"
        ],
        "Expires": [
          "-1"
        ],
        "Pragma": [
          "no-cache"
        ],
        "x-ms-request-id": [
          "e2be28e1-9115-4137-aca3-f963dbcdc7bb"
        ],
        "X-Content-Type-Options": [
          "nosniff"
        ],
        "x-ms-ratelimit-remaining-subscription-reads": [
          "14992"
        ],
        "x-ms-correlation-request-id": [
          "13db6061-14ef-48a9-be77-d2d78cf8bf90"
        ],
        "x-ms-routing-request-id": [
          "WESTUS:20170913T233645Z:13db6061-14ef-48a9-be77-d2d78cf8bf90"
        ],
        "Strict-Transport-Security": [
          "max-age=31536000; includeSubDomains"
        ],
        "Connection": [
          "close"
        ],
        "Cache-Control": [
          "no-cache"
        ],
        "Date": [
          "Wed, 13 Sep 2017 23:36:44 GMT"
        ],
        "Server": [
          "Microsoft-IIS/8.5"
        ],
        "X-AspNet-Version": [
          "4.0.30319"
        ],
        "X-Powered-By": [
          "ASP.NET"
        ]
      },
      "StatusCode": 200
    },
    {
      "RequestUri": "/subscriptions/04319d6d-4a66-4701-bb2f-e7dbbd9ae4db/resourceGroups/onesdk9560/providers/Microsoft.DataLakeStore/accounts/onesdk934?api-version=2016-11-01",
      "EncodedRequestUri": "L3N1YnNjcmlwdGlvbnMvMDQzMTlkNmQtNGE2Ni00NzAxLWJiMmYtZTdkYmJkOWFlNGRiL3Jlc291cmNlR3JvdXBzL29uZXNkazk1NjAvcHJvdmlkZXJzL01pY3Jvc29mdC5EYXRhTGFrZVN0b3JlL2FjY291bnRzL29uZXNkazkzND9hcGktdmVyc2lvbj0yMDE2LTExLTAx",
      "RequestMethod": "GET",
      "RequestBody": "",
      "RequestHeaders": {
        "x-ms-client-request-id": [
          "619c81a1-1c5c-4ead-b2c5-a5aa5b03f6e7"
        ],
        "accept-language": [
          "en-US"
        ],
        "User-Agent": [
          "FxVersion/4.7.2102.0",
          "OSName/Windows10Enterprise",
          "OSVersion/6.3.15063",
          "Microsoft.Azure.Management.DataLake.Store.DataLakeStoreAccountManagementClient/2.3.0.0"
        ]
      },
      "ResponseBody": "{\r\n  \"properties\": {\r\n    \"firewallState\": \"Disabled\",\r\n    \"firewallAllowAzureIps\": \"Disabled\",\r\n    \"firewallRules\": [],\r\n    \"virtualNetworkRules\": [],\r\n    \"trustedIdProviderState\": \"Disabled\",\r\n    \"trustedIdProviders\": [],\r\n    \"encryptionState\": \"Enabled\",\r\n    \"encryptionConfig\": {\r\n      \"type\": \"ServiceManaged\"\r\n    },\r\n    \"currentTier\": \"Consumption\",\r\n    \"newTier\": \"Consumption\",\r\n    \"provisioningState\": \"Succeeded\",\r\n    \"state\": \"Active\",\r\n    \"endpoint\": \"onesdk934.azuredatalakestore.net\",\r\n    \"accountId\": \"19f3d3c1-35a1-4548-8298-1a932ec70a5f\",\r\n    \"creationTime\": \"2017-09-13T23:36:15.2147885Z\",\r\n    \"lastModifiedTime\": \"2017-09-13T23:36:15.2147885Z\"\r\n  },\r\n  \"location\": \"East US 2\",\r\n  \"tags\": {},\r\n  \"identity\": {\r\n    \"type\": \"SystemAssigned\",\r\n    \"principalId\": \"781f5981-5cdc-4866-a9e1-72eb3678a8da\",\r\n    \"tenantId\": \"72f988bf-86f1-41af-91ab-2d7cd011db47\"\r\n  },\r\n  \"id\": \"/subscriptions/04319d6d-4a66-4701-bb2f-e7dbbd9ae4db/resourceGroups/onesdk9560/providers/Microsoft.DataLakeStore/accounts/onesdk934\",\r\n  \"name\": \"onesdk934\",\r\n  \"type\": \"Microsoft.DataLakeStore/accounts\"\r\n}",
      "ResponseHeaders": {
        "Content-Length": [
          "921"
        ],
        "Content-Type": [
          "application/json"
        ],
        "Expires": [
          "-1"
        ],
        "Pragma": [
          "no-cache"
        ],
        "x-ms-request-id": [
          "26b3a9bc-036c-4194-9788-1dce84b7b295"
        ],
        "X-Content-Type-Options": [
          "nosniff"
        ],
        "x-ms-ratelimit-remaining-subscription-reads": [
          "14984"
        ],
        "x-ms-correlation-request-id": [
          "09017fb3-0ffd-4a1b-9208-1b846f3e724e"
        ],
        "x-ms-routing-request-id": [
          "WESTUS:20170913T233647Z:09017fb3-0ffd-4a1b-9208-1b846f3e724e"
        ],
        "Strict-Transport-Security": [
          "max-age=31536000; includeSubDomains"
        ],
        "Connection": [
          "close"
        ],
        "Cache-Control": [
          "no-cache"
        ],
        "Date": [
          "Wed, 13 Sep 2017 23:36:46 GMT"
        ],
        "Server": [
          "Microsoft-IIS/8.5"
        ],
        "X-AspNet-Version": [
          "4.0.30319"
        ],
        "X-Powered-By": [
          "ASP.NET"
        ]
      },
      "StatusCode": 200
    },
    {
      "RequestUri": "/subscriptions/04319d6d-4a66-4701-bb2f-e7dbbd9ae4db/resourceGroups/onesdk9560/providers/Microsoft.DataLakeStore/accounts/onesdk934?api-version=2016-11-01",
      "EncodedRequestUri": "L3N1YnNjcmlwdGlvbnMvMDQzMTlkNmQtNGE2Ni00NzAxLWJiMmYtZTdkYmJkOWFlNGRiL3Jlc291cmNlR3JvdXBzL29uZXNkazk1NjAvcHJvdmlkZXJzL01pY3Jvc29mdC5EYXRhTGFrZVN0b3JlL2FjY291bnRzL29uZXNkazkzND9hcGktdmVyc2lvbj0yMDE2LTExLTAx",
      "RequestMethod": "GET",
      "RequestBody": "",
      "RequestHeaders": {
        "x-ms-client-request-id": [
          "58f681bb-a8cf-410a-b60b-c56c737846da"
        ],
        "accept-language": [
          "en-US"
        ],
        "User-Agent": [
          "FxVersion/4.7.2102.0",
          "OSName/Windows10Enterprise",
          "OSVersion/6.3.15063",
          "Microsoft.Azure.Management.DataLake.Store.DataLakeStoreAccountManagementClient/2.3.0.0"
        ]
      },
      "ResponseBody": "{\r\n  \"properties\": {\r\n    \"firewallState\": \"Disabled\",\r\n    \"firewallAllowAzureIps\": \"Disabled\",\r\n    \"firewallRules\": [],\r\n    \"virtualNetworkRules\": [],\r\n    \"trustedIdProviderState\": \"Disabled\",\r\n    \"trustedIdProviders\": [],\r\n    \"encryptionState\": \"Enabled\",\r\n    \"encryptionConfig\": {\r\n      \"type\": \"ServiceManaged\"\r\n    },\r\n    \"currentTier\": \"Consumption\",\r\n    \"newTier\": \"Consumption\",\r\n    \"provisioningState\": \"Succeeded\",\r\n    \"state\": \"Active\",\r\n    \"endpoint\": \"onesdk934.azuredatalakestore.net\",\r\n    \"accountId\": \"19f3d3c1-35a1-4548-8298-1a932ec70a5f\",\r\n    \"creationTime\": \"2017-09-13T23:36:15.2147885Z\",\r\n    \"lastModifiedTime\": \"2017-09-13T23:36:15.2147885Z\"\r\n  },\r\n  \"location\": \"East US 2\",\r\n  \"tags\": {},\r\n  \"identity\": {\r\n    \"type\": \"SystemAssigned\",\r\n    \"principalId\": \"781f5981-5cdc-4866-a9e1-72eb3678a8da\",\r\n    \"tenantId\": \"72f988bf-86f1-41af-91ab-2d7cd011db47\"\r\n  },\r\n  \"id\": \"/subscriptions/04319d6d-4a66-4701-bb2f-e7dbbd9ae4db/resourceGroups/onesdk9560/providers/Microsoft.DataLakeStore/accounts/onesdk934\",\r\n  \"name\": \"onesdk934\",\r\n  \"type\": \"Microsoft.DataLakeStore/accounts\"\r\n}",
      "ResponseHeaders": {
        "Content-Length": [
          "921"
        ],
        "Content-Type": [
          "application/json"
        ],
        "Expires": [
          "-1"
        ],
        "Pragma": [
          "no-cache"
        ],
        "x-ms-request-id": [
          "421d2cbc-e365-4c0c-a605-5d4c32184c65"
        ],
        "X-Content-Type-Options": [
          "nosniff"
        ],
        "x-ms-ratelimit-remaining-subscription-reads": [
          "14987"
        ],
        "x-ms-correlation-request-id": [
          "4dc59aee-c6c2-49a0-8475-97f0f8da9fff"
        ],
        "x-ms-routing-request-id": [
          "WESTUS:20170913T233648Z:4dc59aee-c6c2-49a0-8475-97f0f8da9fff"
        ],
        "Strict-Transport-Security": [
          "max-age=31536000; includeSubDomains"
        ],
        "Connection": [
          "close"
        ],
        "Cache-Control": [
          "no-cache"
        ],
        "Date": [
          "Wed, 13 Sep 2017 23:36:48 GMT"
        ],
        "Server": [
          "Microsoft-IIS/8.5"
        ],
        "X-AspNet-Version": [
          "4.0.30319"
        ],
        "X-Powered-By": [
          "ASP.NET"
        ]
      },
      "StatusCode": 200
    },
    {
      "RequestUri": "/subscriptions/04319d6d-4a66-4701-bb2f-e7dbbd9ae4db/resourceGroups/onesdk9560/providers/Microsoft.DataLakeStore/accounts/onesdk934?api-version=2016-11-01",
      "EncodedRequestUri": "L3N1YnNjcmlwdGlvbnMvMDQzMTlkNmQtNGE2Ni00NzAxLWJiMmYtZTdkYmJkOWFlNGRiL3Jlc291cmNlR3JvdXBzL29uZXNkazk1NjAvcHJvdmlkZXJzL01pY3Jvc29mdC5EYXRhTGFrZVN0b3JlL2FjY291bnRzL29uZXNkazkzND9hcGktdmVyc2lvbj0yMDE2LTExLTAx",
      "RequestMethod": "GET",
      "RequestBody": "",
      "RequestHeaders": {
        "x-ms-client-request-id": [
          "5b1608bc-9270-4db6-b8a9-1de221c2dbbc"
        ],
        "accept-language": [
          "en-US"
        ],
        "User-Agent": [
          "FxVersion/4.7.2102.0",
          "OSName/Windows10Enterprise",
          "OSVersion/6.3.15063",
          "Microsoft.Azure.Management.DataLake.Store.DataLakeStoreAccountManagementClient/2.3.0.0"
        ]
      },
      "ResponseBody": "{\r\n  \"properties\": {\r\n    \"firewallState\": \"Disabled\",\r\n    \"firewallAllowAzureIps\": \"Disabled\",\r\n    \"firewallRules\": [],\r\n    \"virtualNetworkRules\": [],\r\n    \"trustedIdProviderState\": \"Disabled\",\r\n    \"trustedIdProviders\": [],\r\n    \"encryptionState\": \"Enabled\",\r\n    \"encryptionConfig\": {\r\n      \"type\": \"ServiceManaged\"\r\n    },\r\n    \"currentTier\": \"Consumption\",\r\n    \"newTier\": \"Consumption\",\r\n    \"provisioningState\": \"Succeeded\",\r\n    \"state\": \"Active\",\r\n    \"endpoint\": \"onesdk934.azuredatalakestore.net\",\r\n    \"accountId\": \"19f3d3c1-35a1-4548-8298-1a932ec70a5f\",\r\n    \"creationTime\": \"2017-09-13T23:36:15.2147885Z\",\r\n    \"lastModifiedTime\": \"2017-09-13T23:36:15.2147885Z\"\r\n  },\r\n  \"location\": \"East US 2\",\r\n  \"tags\": {},\r\n  \"identity\": {\r\n    \"type\": \"SystemAssigned\",\r\n    \"principalId\": \"781f5981-5cdc-4866-a9e1-72eb3678a8da\",\r\n    \"tenantId\": \"72f988bf-86f1-41af-91ab-2d7cd011db47\"\r\n  },\r\n  \"id\": \"/subscriptions/04319d6d-4a66-4701-bb2f-e7dbbd9ae4db/resourceGroups/onesdk9560/providers/Microsoft.DataLakeStore/accounts/onesdk934\",\r\n  \"name\": \"onesdk934\",\r\n  \"type\": \"Microsoft.DataLakeStore/accounts\"\r\n}",
      "ResponseHeaders": {
        "Content-Length": [
          "921"
        ],
        "Content-Type": [
          "application/json"
        ],
        "Expires": [
          "-1"
        ],
        "Pragma": [
          "no-cache"
        ],
        "x-ms-request-id": [
          "34dc62ab-3fed-45d0-9fc3-deeaea12b66b"
        ],
        "X-Content-Type-Options": [
          "nosniff"
        ],
        "x-ms-ratelimit-remaining-subscription-reads": [
          "14986"
        ],
        "x-ms-correlation-request-id": [
          "da0bd170-d9da-41cd-83e3-5aceb73abdd5"
        ],
        "x-ms-routing-request-id": [
          "WESTUS:20170913T233649Z:da0bd170-d9da-41cd-83e3-5aceb73abdd5"
        ],
        "Strict-Transport-Security": [
          "max-age=31536000; includeSubDomains"
        ],
        "Connection": [
          "close"
        ],
        "Cache-Control": [
          "no-cache"
        ],
        "Date": [
          "Wed, 13 Sep 2017 23:36:49 GMT"
        ],
        "Server": [
          "Microsoft-IIS/8.5"
        ],
        "X-AspNet-Version": [
          "4.0.30319"
        ],
        "X-Powered-By": [
          "ASP.NET"
        ]
      },
      "StatusCode": 200
    },
    {
      "RequestUri": "/subscriptions/04319d6d-4a66-4701-bb2f-e7dbbd9ae4db/resourceGroups/onesdk9560/providers/Microsoft.DataLakeStore/accounts/onesdk934?api-version=2016-11-01",
      "EncodedRequestUri": "L3N1YnNjcmlwdGlvbnMvMDQzMTlkNmQtNGE2Ni00NzAxLWJiMmYtZTdkYmJkOWFlNGRiL3Jlc291cmNlR3JvdXBzL29uZXNkazk1NjAvcHJvdmlkZXJzL01pY3Jvc29mdC5EYXRhTGFrZVN0b3JlL2FjY291bnRzL29uZXNkazkzND9hcGktdmVyc2lvbj0yMDE2LTExLTAx",
      "RequestMethod": "GET",
      "RequestBody": "",
      "RequestHeaders": {
        "x-ms-client-request-id": [
          "74280ccb-4bd6-46be-984b-2e4f9d3e6a0c"
        ],
        "accept-language": [
          "en-US"
        ],
        "User-Agent": [
          "FxVersion/4.7.2102.0",
          "OSName/Windows10Enterprise",
          "OSVersion/6.3.15063",
          "Microsoft.Azure.Management.DataLake.Store.DataLakeStoreAccountManagementClient/2.3.0.0"
        ]
      },
      "ResponseBody": "{\r\n  \"properties\": {\r\n    \"firewallState\": \"Enabled\",\r\n    \"firewallAllowAzureIps\": \"Enabled\",\r\n    \"firewallRules\": [],\r\n    \"virtualNetworkRules\": [],\r\n    \"trustedIdProviderState\": \"Disabled\",\r\n    \"trustedIdProviders\": [],\r\n    \"encryptionState\": \"Enabled\",\r\n    \"encryptionConfig\": {\r\n      \"type\": \"ServiceManaged\"\r\n    },\r\n    \"currentTier\": \"Consumption\",\r\n    \"newTier\": \"Consumption\",\r\n    \"provisioningState\": \"Succeeded\",\r\n    \"state\": \"Active\",\r\n    \"endpoint\": \"onesdk934.azuredatalakestore.net\",\r\n    \"accountId\": \"19f3d3c1-35a1-4548-8298-1a932ec70a5f\",\r\n    \"creationTime\": \"2017-09-13T23:36:15.2147885Z\",\r\n    \"lastModifiedTime\": \"2017-09-13T23:36:49.9382392Z\"\r\n  },\r\n  \"location\": \"East US 2\",\r\n  \"tags\": {},\r\n  \"identity\": {\r\n    \"type\": \"SystemAssigned\",\r\n    \"principalId\": \"781f5981-5cdc-4866-a9e1-72eb3678a8da\",\r\n    \"tenantId\": \"72f988bf-86f1-41af-91ab-2d7cd011db47\"\r\n  },\r\n  \"id\": \"/subscriptions/04319d6d-4a66-4701-bb2f-e7dbbd9ae4db/resourceGroups/onesdk9560/providers/Microsoft.DataLakeStore/accounts/onesdk934\",\r\n  \"name\": \"onesdk934\",\r\n  \"type\": \"Microsoft.DataLakeStore/accounts\"\r\n}",
      "ResponseHeaders": {
        "Content-Length": [
          "919"
        ],
        "Content-Type": [
          "application/json"
        ],
        "Expires": [
          "-1"
        ],
        "Pragma": [
          "no-cache"
        ],
        "x-ms-request-id": [
          "82848d7b-16c7-4108-9ddb-7d34aef9a14a"
        ],
        "X-Content-Type-Options": [
          "nosniff"
        ],
        "x-ms-ratelimit-remaining-subscription-reads": [
          "14986"
        ],
        "x-ms-correlation-request-id": [
          "5cc0b105-80da-4b99-8ae0-e48d75003887"
        ],
        "x-ms-routing-request-id": [
          "WESTUS:20170913T233653Z:5cc0b105-80da-4b99-8ae0-e48d75003887"
        ],
        "Strict-Transport-Security": [
          "max-age=31536000; includeSubDomains"
        ],
        "Connection": [
          "close"
        ],
        "Cache-Control": [
          "no-cache"
        ],
        "Date": [
          "Wed, 13 Sep 2017 23:36:53 GMT"
        ],
        "Server": [
          "Microsoft-IIS/8.5"
        ],
        "X-AspNet-Version": [
          "4.0.30319"
        ],
        "X-Powered-By": [
          "ASP.NET"
        ]
      },
      "StatusCode": 200
    },
    {
      "RequestUri": "/subscriptions/04319d6d-4a66-4701-bb2f-e7dbbd9ae4db/resourceGroups/onesdk9560/providers/Microsoft.DataLakeStore/accounts/onesdk934?api-version=2016-11-01",
      "EncodedRequestUri": "L3N1YnNjcmlwdGlvbnMvMDQzMTlkNmQtNGE2Ni00NzAxLWJiMmYtZTdkYmJkOWFlNGRiL3Jlc291cmNlR3JvdXBzL29uZXNkazk1NjAvcHJvdmlkZXJzL01pY3Jvc29mdC5EYXRhTGFrZVN0b3JlL2FjY291bnRzL29uZXNkazkzND9hcGktdmVyc2lvbj0yMDE2LTExLTAx",
      "RequestMethod": "GET",
      "RequestBody": "",
      "RequestHeaders": {
        "x-ms-client-request-id": [
          "6b98ab65-5d55-4020-8a08-18681c07407a"
        ],
        "accept-language": [
          "en-US"
        ],
        "User-Agent": [
          "FxVersion/4.7.2102.0",
          "OSName/Windows10Enterprise",
          "OSVersion/6.3.15063",
          "Microsoft.Azure.Management.DataLake.Store.DataLakeStoreAccountManagementClient/2.3.0.0"
        ]
      },
      "ResponseBody": "{\r\n  \"properties\": {\r\n    \"firewallState\": \"Enabled\",\r\n    \"firewallAllowAzureIps\": \"Enabled\",\r\n    \"firewallRules\": [\r\n      {\r\n        \"properties\": {\r\n          \"startIpAddress\": \"127.0.0.1\",\r\n          \"endIpAddress\": \"127.0.0.2\"\r\n        },\r\n        \"name\": \"onesdk5577\"\r\n      }\r\n    ],\r\n    \"virtualNetworkRules\": [],\r\n    \"trustedIdProviderState\": \"Disabled\",\r\n    \"trustedIdProviders\": [],\r\n    \"encryptionState\": \"Enabled\",\r\n    \"encryptionConfig\": {\r\n      \"type\": \"ServiceManaged\"\r\n    },\r\n    \"currentTier\": \"Consumption\",\r\n    \"newTier\": \"Consumption\",\r\n    \"provisioningState\": \"Succeeded\",\r\n    \"state\": \"Active\",\r\n    \"endpoint\": \"onesdk934.azuredatalakestore.net\",\r\n    \"accountId\": \"19f3d3c1-35a1-4548-8298-1a932ec70a5f\",\r\n    \"creationTime\": \"2017-09-13T23:36:15.2147885Z\",\r\n    \"lastModifiedTime\": \"2017-09-13T23:36:49.9382392Z\"\r\n  },\r\n  \"location\": \"East US 2\",\r\n  \"tags\": {},\r\n  \"identity\": {\r\n    \"type\": \"SystemAssigned\",\r\n    \"principalId\": \"781f5981-5cdc-4866-a9e1-72eb3678a8da\",\r\n    \"tenantId\": \"72f988bf-86f1-41af-91ab-2d7cd011db47\"\r\n  },\r\n  \"id\": \"/subscriptions/04319d6d-4a66-4701-bb2f-e7dbbd9ae4db/resourceGroups/onesdk9560/providers/Microsoft.DataLakeStore/accounts/onesdk934\",\r\n  \"name\": \"onesdk934\",\r\n  \"type\": \"Microsoft.DataLakeStore/accounts\"\r\n}",
      "ResponseHeaders": {
        "Content-Length": [
          "1011"
        ],
        "Content-Type": [
          "application/json"
        ],
        "Expires": [
          "-1"
        ],
        "Pragma": [
          "no-cache"
        ],
        "x-ms-request-id": [
          "4c126e42-0eb8-4007-9af7-476902d282fc"
        ],
        "X-Content-Type-Options": [
          "nosniff"
        ],
        "x-ms-ratelimit-remaining-subscription-reads": [
          "14995"
        ],
        "x-ms-correlation-request-id": [
          "1fcad43e-d5bb-40b1-a26c-c40b3dc160b2"
        ],
        "x-ms-routing-request-id": [
          "WESTUS:20170913T233656Z:1fcad43e-d5bb-40b1-a26c-c40b3dc160b2"
        ],
        "Strict-Transport-Security": [
          "max-age=31536000; includeSubDomains"
        ],
        "Connection": [
          "close"
        ],
        "Cache-Control": [
          "no-cache"
        ],
        "Date": [
          "Wed, 13 Sep 2017 23:36:55 GMT"
        ],
        "Server": [
          "Microsoft-IIS/8.5"
        ],
        "X-AspNet-Version": [
          "4.0.30319"
        ],
        "X-Powered-By": [
          "ASP.NET"
        ]
      },
      "StatusCode": 200
    },
    {
      "RequestUri": "/subscriptions/04319d6d-4a66-4701-bb2f-e7dbbd9ae4db/resourceGroups/onesdk9560/providers/Microsoft.DataLakeStore/accounts/onesdk934?api-version=2016-11-01",
      "EncodedRequestUri": "L3N1YnNjcmlwdGlvbnMvMDQzMTlkNmQtNGE2Ni00NzAxLWJiMmYtZTdkYmJkOWFlNGRiL3Jlc291cmNlR3JvdXBzL29uZXNkazk1NjAvcHJvdmlkZXJzL01pY3Jvc29mdC5EYXRhTGFrZVN0b3JlL2FjY291bnRzL29uZXNkazkzND9hcGktdmVyc2lvbj0yMDE2LTExLTAx",
      "RequestMethod": "GET",
      "RequestBody": "",
      "RequestHeaders": {
        "x-ms-client-request-id": [
          "6a135085-4870-4d39-aab4-984254ac8bbc"
        ],
        "accept-language": [
          "en-US"
        ],
        "User-Agent": [
          "FxVersion/4.7.2102.0",
          "OSName/Windows10Enterprise",
          "OSVersion/6.3.15063",
          "Microsoft.Azure.Management.DataLake.Store.DataLakeStoreAccountManagementClient/2.3.0.0"
        ]
      },
      "ResponseBody": "{\r\n  \"properties\": {\r\n    \"firewallState\": \"Enabled\",\r\n    \"firewallAllowAzureIps\": \"Enabled\",\r\n    \"firewallRules\": [],\r\n    \"virtualNetworkRules\": [],\r\n    \"trustedIdProviderState\": \"Disabled\",\r\n    \"trustedIdProviders\": [],\r\n    \"encryptionState\": \"Enabled\",\r\n    \"encryptionConfig\": {\r\n      \"type\": \"ServiceManaged\"\r\n    },\r\n    \"currentTier\": \"Consumption\",\r\n    \"newTier\": \"Consumption\",\r\n    \"provisioningState\": \"Succeeded\",\r\n    \"state\": \"Active\",\r\n    \"endpoint\": \"onesdk934.azuredatalakestore.net\",\r\n    \"accountId\": \"19f3d3c1-35a1-4548-8298-1a932ec70a5f\",\r\n    \"creationTime\": \"2017-09-13T23:36:15.2147885Z\",\r\n    \"lastModifiedTime\": \"2017-09-13T23:36:49.9382392Z\"\r\n  },\r\n  \"location\": \"East US 2\",\r\n  \"tags\": {},\r\n  \"identity\": {\r\n    \"type\": \"SystemAssigned\",\r\n    \"principalId\": \"781f5981-5cdc-4866-a9e1-72eb3678a8da\",\r\n    \"tenantId\": \"72f988bf-86f1-41af-91ab-2d7cd011db47\"\r\n  },\r\n  \"id\": \"/subscriptions/04319d6d-4a66-4701-bb2f-e7dbbd9ae4db/resourceGroups/onesdk9560/providers/Microsoft.DataLakeStore/accounts/onesdk934\",\r\n  \"name\": \"onesdk934\",\r\n  \"type\": \"Microsoft.DataLakeStore/accounts\"\r\n}",
      "ResponseHeaders": {
        "Content-Length": [
          "919"
        ],
        "Content-Type": [
          "application/json"
        ],
        "Expires": [
          "-1"
        ],
        "Pragma": [
          "no-cache"
        ],
        "x-ms-request-id": [
          "a2d059c2-6414-4e20-8128-57d423bd1226"
        ],
        "X-Content-Type-Options": [
          "nosniff"
        ],
        "x-ms-ratelimit-remaining-subscription-reads": [
          "14987"
        ],
        "x-ms-correlation-request-id": [
          "e9f5b17e-ba2d-483a-835c-e7e179d50ee6"
        ],
        "x-ms-routing-request-id": [
          "WESTUS:20170913T233659Z:e9f5b17e-ba2d-483a-835c-e7e179d50ee6"
        ],
        "Strict-Transport-Security": [
          "max-age=31536000; includeSubDomains"
        ],
        "Connection": [
          "close"
        ],
        "Cache-Control": [
          "no-cache"
        ],
        "Date": [
          "Wed, 13 Sep 2017 23:36:58 GMT"
        ],
        "Server": [
          "Microsoft-IIS/8.5"
        ],
        "X-AspNet-Version": [
          "4.0.30319"
        ],
        "X-Powered-By": [
          "ASP.NET"
        ]
      },
      "StatusCode": 200
    },
    {
      "RequestUri": "/subscriptions/04319d6d-4a66-4701-bb2f-e7dbbd9ae4db/providers/Microsoft.DataLakeStore/accounts?api-version=2016-11-01",
      "EncodedRequestUri": "L3N1YnNjcmlwdGlvbnMvMDQzMTlkNmQtNGE2Ni00NzAxLWJiMmYtZTdkYmJkOWFlNGRiL3Byb3ZpZGVycy9NaWNyb3NvZnQuRGF0YUxha2VTdG9yZS9hY2NvdW50cz9hcGktdmVyc2lvbj0yMDE2LTExLTAx",
      "RequestMethod": "GET",
      "RequestBody": "",
      "RequestHeaders": {
        "x-ms-client-request-id": [
          "97e2b191-dac1-464f-876b-20a6b92da495"
        ],
        "accept-language": [
          "en-US"
        ],
        "User-Agent": [
          "FxVersion/4.7.2102.0",
          "OSName/Windows10Enterprise",
          "OSVersion/6.3.15063",
          "Microsoft.Azure.Management.DataLake.Store.DataLakeStoreAccountManagementClient/2.3.0.0"
        ]
      },
      "ResponseBody": "{\r\n  \"value\": [\r\n    {\r\n      \"properties\": {\r\n        \"provisioningState\": \"Succeeded\",\r\n        \"state\": \"Active\",\r\n        \"endpoint\": \"adlsc7031962e.azuredatalakestore.net\",\r\n        \"accountId\": \"68dfdbf5-c042-45fa-b661-1fd779bda458\",\r\n        \"creationTime\": \"2017-09-06T22:05:40.8522257Z\",\r\n        \"lastModifiedTime\": \"2017-09-06T22:05:40.8522257Z\"\r\n      },\r\n      \"location\": \"eastus2\",\r\n      \"id\": \"/subscriptions/04319d6d-4a66-4701-bb2f-e7dbbd9ae4db/resourceGroups/adlargec627423/providers/Microsoft.DataLakeStore/accounts/adlsc7031962e\",\r\n      \"name\": \"adlsc7031962e\",\r\n      \"type\": \"Microsoft.DataLakeStore/accounts\"\r\n    },\r\n    {\r\n      \"properties\": {\r\n        \"provisioningState\": \"Succeeded\",\r\n        \"state\": \"Active\",\r\n        \"endpoint\": \"begoldsmadls01.azuredatalakestore.net\",\r\n        \"accountId\": \"94f4bf5d-78a9-4c31-8aa7-b34d07bad898\",\r\n        \"creationTime\": \"2017-03-29T21:49:35.189795Z\",\r\n        \"lastModifiedTime\": \"2017-03-29T21:49:35.189795Z\"\r\n      },\r\n      \"location\": \"eastus2\",\r\n      \"tags\": {},\r\n      \"id\": \"/subscriptions/04319d6d-4a66-4701-bb2f-e7dbbd9ae4db/resourceGroups/begoldsmadlsrg01/providers/Microsoft.DataLakeStore/accounts/begoldsmadls01\",\r\n      \"name\": \"begoldsmadls01\",\r\n      \"type\": \"Microsoft.DataLakeStore/accounts\"\r\n    }\r\n  ]\r\n}",
      "ResponseHeaders": {
        "Content-Length": [
          "1014"
        ],
        "Content-Type": [
          "application/json"
        ],
        "Expires": [
          "-1"
        ],
        "Pragma": [
          "no-cache"
        ],
        "x-ms-request-id": [
          "b9a7c05f-3604-4b3f-a1c4-ae1172104dce"
        ],
        "X-Content-Type-Options": [
          "nosniff"
        ],
        "x-ms-ratelimit-remaining-subscription-reads": [
          "14989"
        ],
        "x-ms-correlation-request-id": [
          "a1644cc3-fc87-4515-89ab-54bfceeb1e3e"
        ],
        "x-ms-routing-request-id": [
          "WESTUS:20170913T233608Z:a1644cc3-fc87-4515-89ab-54bfceeb1e3e"
        ],
        "Strict-Transport-Security": [
          "max-age=31536000; includeSubDomains"
        ],
        "Connection": [
          "close"
        ],
        "Cache-Control": [
          "no-cache"
        ],
        "Date": [
          "Wed, 13 Sep 2017 23:36:08 GMT"
        ],
        "Server": [
          "Microsoft-IIS/8.5"
        ],
        "X-AspNet-Version": [
          "4.0.30319"
        ],
        "X-Powered-By": [
          "ASP.NET"
        ]
      },
      "StatusCode": 200
    },
    {
      "RequestUri": "/subscriptions/04319d6d-4a66-4701-bb2f-e7dbbd9ae4db/providers/Microsoft.DataLakeStore/accounts?api-version=2016-11-01",
      "EncodedRequestUri": "L3N1YnNjcmlwdGlvbnMvMDQzMTlkNmQtNGE2Ni00NzAxLWJiMmYtZTdkYmJkOWFlNGRiL3Byb3ZpZGVycy9NaWNyb3NvZnQuRGF0YUxha2VTdG9yZS9hY2NvdW50cz9hcGktdmVyc2lvbj0yMDE2LTExLTAx",
      "RequestMethod": "GET",
      "RequestBody": "",
      "RequestHeaders": {
        "x-ms-client-request-id": [
          "536bd26e-c89d-4a0e-90a2-479e389d7f2e"
        ],
        "accept-language": [
          "en-US"
        ],
        "User-Agent": [
          "FxVersion/4.7.2102.0",
          "OSName/Windows10Enterprise",
          "OSVersion/6.3.15063",
          "Microsoft.Azure.Management.DataLake.Store.DataLakeStoreAccountManagementClient/2.3.0.0"
        ]
      },
      "ResponseBody": "{\r\n  \"value\": [\r\n    {\r\n      \"properties\": {\r\n        \"provisioningState\": \"Succeeded\",\r\n        \"state\": \"Active\",\r\n        \"endpoint\": \"adlsc7031962e.azuredatalakestore.net\",\r\n        \"accountId\": \"68dfdbf5-c042-45fa-b661-1fd779bda458\",\r\n        \"creationTime\": \"2017-09-06T22:05:40.8522257Z\",\r\n        \"lastModifiedTime\": \"2017-09-06T22:05:40.8522257Z\"\r\n      },\r\n      \"location\": \"eastus2\",\r\n      \"id\": \"/subscriptions/04319d6d-4a66-4701-bb2f-e7dbbd9ae4db/resourceGroups/adlargec627423/providers/Microsoft.DataLakeStore/accounts/adlsc7031962e\",\r\n      \"name\": \"adlsc7031962e\",\r\n      \"type\": \"Microsoft.DataLakeStore/accounts\"\r\n    },\r\n    {\r\n      \"properties\": {\r\n        \"provisioningState\": \"Succeeded\",\r\n        \"state\": \"Active\",\r\n        \"endpoint\": \"begoldsmadls01.azuredatalakestore.net\",\r\n        \"accountId\": \"94f4bf5d-78a9-4c31-8aa7-b34d07bad898\",\r\n        \"creationTime\": \"2017-03-29T21:49:35.189795Z\",\r\n        \"lastModifiedTime\": \"2017-03-29T21:49:35.189795Z\"\r\n      },\r\n      \"location\": \"eastus2\",\r\n      \"tags\": {},\r\n      \"id\": \"/subscriptions/04319d6d-4a66-4701-bb2f-e7dbbd9ae4db/resourceGroups/begoldsmadlsrg01/providers/Microsoft.DataLakeStore/accounts/begoldsmadls01\",\r\n      \"name\": \"begoldsmadls01\",\r\n      \"type\": \"Microsoft.DataLakeStore/accounts\"\r\n    },\r\n    {\r\n      \"properties\": {\r\n        \"provisioningState\": \"Succeeded\",\r\n        \"state\": \"Active\",\r\n        \"endpoint\": \"onesdk934.azuredatalakestore.net\",\r\n        \"accountId\": \"19f3d3c1-35a1-4548-8298-1a932ec70a5f\",\r\n        \"creationTime\": \"2017-09-13T23:36:15.2147885Z\",\r\n        \"lastModifiedTime\": \"2017-09-13T23:36:15.2147885Z\"\r\n      },\r\n      \"location\": \"East US 2\",\r\n      \"tags\": {},\r\n      \"id\": \"/subscriptions/04319d6d-4a66-4701-bb2f-e7dbbd9ae4db/resourceGroups/onesdk9560/providers/Microsoft.DataLakeStore/accounts/onesdk934\",\r\n      \"name\": \"onesdk934\",\r\n      \"type\": \"Microsoft.DataLakeStore/accounts\"\r\n    }\r\n  ]\r\n}",
      "ResponseHeaders": {
        "Content-Length": [
          "1505"
        ],
        "Content-Type": [
          "application/json"
        ],
        "Expires": [
          "-1"
        ],
        "Pragma": [
          "no-cache"
        ],
        "x-ms-request-id": [
          "e5b6610b-509a-4631-9599-4d43849388ed"
        ],
        "X-Content-Type-Options": [
          "nosniff"
        ],
        "x-ms-ratelimit-remaining-subscription-reads": [
          "14993"
        ],
        "x-ms-correlation-request-id": [
          "a75da3d2-7805-4747-b3d0-2cc83fe4a0d9"
        ],
        "x-ms-routing-request-id": [
          "WESTUS:20170913T233648Z:a75da3d2-7805-4747-b3d0-2cc83fe4a0d9"
        ],
        "Strict-Transport-Security": [
          "max-age=31536000; includeSubDomains"
        ],
        "Connection": [
          "close"
        ],
        "Cache-Control": [
          "no-cache"
        ],
        "Date": [
          "Wed, 13 Sep 2017 23:36:48 GMT"
        ],
        "Server": [
          "Microsoft-IIS/8.5"
        ],
        "X-AspNet-Version": [
          "4.0.30319"
        ],
        "X-Powered-By": [
          "ASP.NET"
        ]
      },
      "StatusCode": 200
    },
    {
      "RequestUri": "/subscriptions/04319d6d-4a66-4701-bb2f-e7dbbd9ae4db/providers/Microsoft.DataLakeStore/accounts?api-version=2016-11-01",
      "EncodedRequestUri": "L3N1YnNjcmlwdGlvbnMvMDQzMTlkNmQtNGE2Ni00NzAxLWJiMmYtZTdkYmJkOWFlNGRiL3Byb3ZpZGVycy9NaWNyb3NvZnQuRGF0YUxha2VTdG9yZS9hY2NvdW50cz9hcGktdmVyc2lvbj0yMDE2LTExLTAx",
      "RequestMethod": "GET",
      "RequestBody": "",
      "RequestHeaders": {
        "x-ms-client-request-id": [
          "17168d99-0649-4f83-ba08-5aaabf75e1fd"
        ],
        "accept-language": [
          "en-US"
        ],
        "User-Agent": [
          "FxVersion/4.7.2102.0",
          "OSName/Windows10Enterprise",
          "OSVersion/6.3.15063",
          "Microsoft.Azure.Management.DataLake.Store.DataLakeStoreAccountManagementClient/2.3.0.0"
        ]
      },
      "ResponseBody": "{\r\n  \"value\": [\r\n    {\r\n      \"properties\": {\r\n        \"provisioningState\": \"Succeeded\",\r\n        \"state\": \"Active\",\r\n        \"endpoint\": \"adlsc7031962e.azuredatalakestore.net\",\r\n        \"accountId\": \"68dfdbf5-c042-45fa-b661-1fd779bda458\",\r\n        \"creationTime\": \"2017-09-06T22:05:40.8522257Z\",\r\n        \"lastModifiedTime\": \"2017-09-06T22:05:40.8522257Z\"\r\n      },\r\n      \"location\": \"eastus2\",\r\n      \"id\": \"/subscriptions/04319d6d-4a66-4701-bb2f-e7dbbd9ae4db/resourceGroups/adlargec627423/providers/Microsoft.DataLakeStore/accounts/adlsc7031962e\",\r\n      \"name\": \"adlsc7031962e\",\r\n      \"type\": \"Microsoft.DataLakeStore/accounts\"\r\n    },\r\n    {\r\n      \"properties\": {\r\n        \"provisioningState\": \"Succeeded\",\r\n        \"state\": \"Active\",\r\n        \"endpoint\": \"begoldsmadls01.azuredatalakestore.net\",\r\n        \"accountId\": \"94f4bf5d-78a9-4c31-8aa7-b34d07bad898\",\r\n        \"creationTime\": \"2017-03-29T21:49:35.189795Z\",\r\n        \"lastModifiedTime\": \"2017-03-29T21:49:35.189795Z\"\r\n      },\r\n      \"location\": \"eastus2\",\r\n      \"tags\": {},\r\n      \"id\": \"/subscriptions/04319d6d-4a66-4701-bb2f-e7dbbd9ae4db/resourceGroups/begoldsmadlsrg01/providers/Microsoft.DataLakeStore/accounts/begoldsmadls01\",\r\n      \"name\": \"begoldsmadls01\",\r\n      \"type\": \"Microsoft.DataLakeStore/accounts\"\r\n    },\r\n    {\r\n      \"properties\": {\r\n        \"provisioningState\": \"Succeeded\",\r\n        \"state\": \"Active\",\r\n        \"endpoint\": \"onesdk934.azuredatalakestore.net\",\r\n        \"accountId\": \"19f3d3c1-35a1-4548-8298-1a932ec70a5f\",\r\n        \"creationTime\": \"2017-09-13T23:36:15.2147885Z\",\r\n        \"lastModifiedTime\": \"2017-09-13T23:36:15.2147885Z\"\r\n      },\r\n      \"location\": \"East US 2\",\r\n      \"tags\": {},\r\n      \"id\": \"/subscriptions/04319d6d-4a66-4701-bb2f-e7dbbd9ae4db/resourceGroups/onesdk9560/providers/Microsoft.DataLakeStore/accounts/onesdk934\",\r\n      \"name\": \"onesdk934\",\r\n      \"type\": \"Microsoft.DataLakeStore/accounts\"\r\n    }\r\n  ]\r\n}",
      "ResponseHeaders": {
        "Content-Length": [
          "1505"
        ],
        "Content-Type": [
          "application/json"
        ],
        "Expires": [
          "-1"
        ],
        "Pragma": [
          "no-cache"
        ],
        "x-ms-request-id": [
          "aca925cb-678c-421f-8ca5-de2477acd478"
        ],
        "X-Content-Type-Options": [
          "nosniff"
        ],
        "x-ms-ratelimit-remaining-subscription-reads": [
          "14971"
        ],
        "x-ms-correlation-request-id": [
          "c7de6845-57e5-463f-98d2-d5a329915ede"
        ],
        "x-ms-routing-request-id": [
          "WESTUS:20170913T233650Z:c7de6845-57e5-463f-98d2-d5a329915ede"
        ],
        "Strict-Transport-Security": [
          "max-age=31536000; includeSubDomains"
        ],
        "Connection": [
          "close"
        ],
        "Cache-Control": [
          "no-cache"
        ],
        "Date": [
          "Wed, 13 Sep 2017 23:36:49 GMT"
        ],
        "Server": [
          "Microsoft-IIS/8.5"
        ],
        "X-AspNet-Version": [
          "4.0.30319"
        ],
        "X-Powered-By": [
          "ASP.NET"
        ]
      },
      "StatusCode": 200
    },
    {
      "RequestUri": "/subscriptions/04319d6d-4a66-4701-bb2f-e7dbbd9ae4db/providers/Microsoft.DataLakeStore/accounts?api-version=2016-11-01",
      "EncodedRequestUri": "L3N1YnNjcmlwdGlvbnMvMDQzMTlkNmQtNGE2Ni00NzAxLWJiMmYtZTdkYmJkOWFlNGRiL3Byb3ZpZGVycy9NaWNyb3NvZnQuRGF0YUxha2VTdG9yZS9hY2NvdW50cz9hcGktdmVyc2lvbj0yMDE2LTExLTAx",
      "RequestMethod": "GET",
      "RequestBody": "",
      "RequestHeaders": {
        "x-ms-client-request-id": [
          "f5678c9f-0bee-48f4-8244-cf398a275e27"
        ],
        "accept-language": [
          "en-US"
        ],
        "User-Agent": [
          "FxVersion/4.7.2102.0",
          "OSName/Windows10Enterprise",
          "OSVersion/6.3.15063",
          "Microsoft.Azure.Management.DataLake.Store.DataLakeStoreAccountManagementClient/2.3.0.0"
        ]
      },
      "ResponseBody": "{\r\n  \"value\": [\r\n    {\r\n      \"properties\": {\r\n        \"provisioningState\": \"Succeeded\",\r\n        \"state\": \"Active\",\r\n        \"endpoint\": \"adlsc7031962e.azuredatalakestore.net\",\r\n        \"accountId\": \"68dfdbf5-c042-45fa-b661-1fd779bda458\",\r\n        \"creationTime\": \"2017-09-06T22:05:40.8522257Z\",\r\n        \"lastModifiedTime\": \"2017-09-06T22:05:40.8522257Z\"\r\n      },\r\n      \"location\": \"eastus2\",\r\n      \"id\": \"/subscriptions/04319d6d-4a66-4701-bb2f-e7dbbd9ae4db/resourceGroups/adlargec627423/providers/Microsoft.DataLakeStore/accounts/adlsc7031962e\",\r\n      \"name\": \"adlsc7031962e\",\r\n      \"type\": \"Microsoft.DataLakeStore/accounts\"\r\n    },\r\n    {\r\n      \"properties\": {\r\n        \"provisioningState\": \"Succeeded\",\r\n        \"state\": \"Active\",\r\n        \"endpoint\": \"begoldsmadls01.azuredatalakestore.net\",\r\n        \"accountId\": \"94f4bf5d-78a9-4c31-8aa7-b34d07bad898\",\r\n        \"creationTime\": \"2017-03-29T21:49:35.189795Z\",\r\n        \"lastModifiedTime\": \"2017-03-29T21:49:35.189795Z\"\r\n      },\r\n      \"location\": \"eastus2\",\r\n      \"tags\": {},\r\n      \"id\": \"/subscriptions/04319d6d-4a66-4701-bb2f-e7dbbd9ae4db/resourceGroups/begoldsmadlsrg01/providers/Microsoft.DataLakeStore/accounts/begoldsmadls01\",\r\n      \"name\": \"begoldsmadls01\",\r\n      \"type\": \"Microsoft.DataLakeStore/accounts\"\r\n    },\r\n    {\r\n      \"properties\": {\r\n        \"provisioningState\": \"Succeeded\",\r\n        \"state\": \"Active\",\r\n        \"endpoint\": \"onesdk934.azuredatalakestore.net\",\r\n        \"accountId\": \"19f3d3c1-35a1-4548-8298-1a932ec70a5f\",\r\n        \"creationTime\": \"2017-09-13T23:36:15.2147885Z\",\r\n        \"lastModifiedTime\": \"2017-09-13T23:36:49.9382392Z\"\r\n      },\r\n      \"location\": \"East US 2\",\r\n      \"tags\": {},\r\n      \"id\": \"/subscriptions/04319d6d-4a66-4701-bb2f-e7dbbd9ae4db/resourceGroups/onesdk9560/providers/Microsoft.DataLakeStore/accounts/onesdk934\",\r\n      \"name\": \"onesdk934\",\r\n      \"type\": \"Microsoft.DataLakeStore/accounts\"\r\n    }\r\n  ]\r\n}",
      "ResponseHeaders": {
        "Content-Length": [
          "1505"
        ],
        "Content-Type": [
          "application/json"
        ],
        "Expires": [
          "-1"
        ],
        "Pragma": [
          "no-cache"
        ],
        "x-ms-request-id": [
          "902f0c5d-7155-497c-96ca-a0c8dca1dc4c"
        ],
        "X-Content-Type-Options": [
          "nosniff"
        ],
        "x-ms-ratelimit-remaining-subscription-reads": [
          "14982"
        ],
        "x-ms-correlation-request-id": [
          "ef548a9f-16e2-45a5-b7cb-e8af29b58430"
        ],
        "x-ms-routing-request-id": [
          "WESTUS:20170913T233652Z:ef548a9f-16e2-45a5-b7cb-e8af29b58430"
        ],
        "Strict-Transport-Security": [
          "max-age=31536000; includeSubDomains"
        ],
        "Connection": [
          "close"
        ],
        "Cache-Control": [
          "no-cache"
        ],
        "Date": [
          "Wed, 13 Sep 2017 23:36:52 GMT"
        ],
        "Server": [
          "Microsoft-IIS/8.5"
        ],
        "X-AspNet-Version": [
          "4.0.30319"
        ],
        "X-Powered-By": [
          "ASP.NET"
        ]
      },
      "StatusCode": 200
    },
    {
      "RequestUri": "/subscriptions/04319d6d-4a66-4701-bb2f-e7dbbd9ae4db/providers/Microsoft.DataLakeStore/accounts?api-version=2016-11-01",
      "EncodedRequestUri": "L3N1YnNjcmlwdGlvbnMvMDQzMTlkNmQtNGE2Ni00NzAxLWJiMmYtZTdkYmJkOWFlNGRiL3Byb3ZpZGVycy9NaWNyb3NvZnQuRGF0YUxha2VTdG9yZS9hY2NvdW50cz9hcGktdmVyc2lvbj0yMDE2LTExLTAx",
      "RequestMethod": "GET",
      "RequestBody": "",
      "RequestHeaders": {
        "x-ms-client-request-id": [
          "a82fd4d1-c3dc-49d3-8772-60640dc0b461"
        ],
        "accept-language": [
          "en-US"
        ],
        "User-Agent": [
          "FxVersion/4.7.2102.0",
          "OSName/Windows10Enterprise",
          "OSVersion/6.3.15063",
          "Microsoft.Azure.Management.DataLake.Store.DataLakeStoreAccountManagementClient/2.3.0.0"
        ]
      },
      "ResponseBody": "{\r\n  \"value\": [\r\n    {\r\n      \"properties\": {\r\n        \"provisioningState\": \"Succeeded\",\r\n        \"state\": \"Active\",\r\n        \"endpoint\": \"adlsc7031962e.azuredatalakestore.net\",\r\n        \"accountId\": \"68dfdbf5-c042-45fa-b661-1fd779bda458\",\r\n        \"creationTime\": \"2017-09-06T22:05:40.8522257Z\",\r\n        \"lastModifiedTime\": \"2017-09-06T22:05:40.8522257Z\"\r\n      },\r\n      \"location\": \"eastus2\",\r\n      \"id\": \"/subscriptions/04319d6d-4a66-4701-bb2f-e7dbbd9ae4db/resourceGroups/adlargec627423/providers/Microsoft.DataLakeStore/accounts/adlsc7031962e\",\r\n      \"name\": \"adlsc7031962e\",\r\n      \"type\": \"Microsoft.DataLakeStore/accounts\"\r\n    },\r\n    {\r\n      \"properties\": {\r\n        \"provisioningState\": \"Succeeded\",\r\n        \"state\": \"Active\",\r\n        \"endpoint\": \"begoldsmadls01.azuredatalakestore.net\",\r\n        \"accountId\": \"94f4bf5d-78a9-4c31-8aa7-b34d07bad898\",\r\n        \"creationTime\": \"2017-03-29T21:49:35.189795Z\",\r\n        \"lastModifiedTime\": \"2017-03-29T21:49:35.189795Z\"\r\n      },\r\n      \"location\": \"eastus2\",\r\n      \"tags\": {},\r\n      \"id\": \"/subscriptions/04319d6d-4a66-4701-bb2f-e7dbbd9ae4db/resourceGroups/begoldsmadlsrg01/providers/Microsoft.DataLakeStore/accounts/begoldsmadls01\",\r\n      \"name\": \"begoldsmadls01\",\r\n      \"type\": \"Microsoft.DataLakeStore/accounts\"\r\n    },\r\n    {\r\n      \"properties\": {\r\n        \"provisioningState\": \"Succeeded\",\r\n        \"state\": \"Active\",\r\n        \"endpoint\": \"onesdk934.azuredatalakestore.net\",\r\n        \"accountId\": \"19f3d3c1-35a1-4548-8298-1a932ec70a5f\",\r\n        \"creationTime\": \"2017-09-13T23:36:15.2147885Z\",\r\n        \"lastModifiedTime\": \"2017-09-13T23:36:49.9382392Z\"\r\n      },\r\n      \"location\": \"East US 2\",\r\n      \"tags\": {},\r\n      \"id\": \"/subscriptions/04319d6d-4a66-4701-bb2f-e7dbbd9ae4db/resourceGroups/onesdk9560/providers/Microsoft.DataLakeStore/accounts/onesdk934\",\r\n      \"name\": \"onesdk934\",\r\n      \"type\": \"Microsoft.DataLakeStore/accounts\"\r\n    }\r\n  ]\r\n}",
      "ResponseHeaders": {
        "Content-Length": [
          "1505"
        ],
        "Content-Type": [
          "application/json"
        ],
        "Expires": [
          "-1"
        ],
        "Pragma": [
          "no-cache"
        ],
        "x-ms-request-id": [
          "cf3974b3-f3ad-4ba0-bbad-bae226fc22a6"
        ],
        "X-Content-Type-Options": [
          "nosniff"
        ],
        "x-ms-ratelimit-remaining-subscription-reads": [
          "14984"
        ],
        "x-ms-correlation-request-id": [
          "fa231bf7-f90a-4500-b7bb-08d3fa85da04"
        ],
        "x-ms-routing-request-id": [
          "WESTUS:20170913T233654Z:fa231bf7-f90a-4500-b7bb-08d3fa85da04"
        ],
        "Strict-Transport-Security": [
          "max-age=31536000; includeSubDomains"
        ],
        "Connection": [
          "close"
        ],
        "Cache-Control": [
          "no-cache"
        ],
        "Date": [
          "Wed, 13 Sep 2017 23:36:54 GMT"
        ],
        "Server": [
          "Microsoft-IIS/8.5"
        ],
        "X-AspNet-Version": [
          "4.0.30319"
        ],
        "X-Powered-By": [
          "ASP.NET"
        ]
      },
      "StatusCode": 200
    },
    {
      "RequestUri": "/subscriptions/04319d6d-4a66-4701-bb2f-e7dbbd9ae4db/providers/Microsoft.DataLakeStore/accounts?api-version=2016-11-01",
      "EncodedRequestUri": "L3N1YnNjcmlwdGlvbnMvMDQzMTlkNmQtNGE2Ni00NzAxLWJiMmYtZTdkYmJkOWFlNGRiL3Byb3ZpZGVycy9NaWNyb3NvZnQuRGF0YUxha2VTdG9yZS9hY2NvdW50cz9hcGktdmVyc2lvbj0yMDE2LTExLTAx",
      "RequestMethod": "GET",
      "RequestBody": "",
      "RequestHeaders": {
        "x-ms-client-request-id": [
          "24d823fc-8712-431c-88fa-9decf43ff573"
        ],
        "accept-language": [
          "en-US"
        ],
        "User-Agent": [
          "FxVersion/4.7.2102.0",
          "OSName/Windows10Enterprise",
          "OSVersion/6.3.15063",
          "Microsoft.Azure.Management.DataLake.Store.DataLakeStoreAccountManagementClient/2.3.0.0"
        ]
      },
      "ResponseBody": "{\r\n  \"value\": [\r\n    {\r\n      \"properties\": {\r\n        \"provisioningState\": \"Succeeded\",\r\n        \"state\": \"Active\",\r\n        \"endpoint\": \"adlsc7031962e.azuredatalakestore.net\",\r\n        \"accountId\": \"68dfdbf5-c042-45fa-b661-1fd779bda458\",\r\n        \"creationTime\": \"2017-09-06T22:05:40.8522257Z\",\r\n        \"lastModifiedTime\": \"2017-09-06T22:05:40.8522257Z\"\r\n      },\r\n      \"location\": \"eastus2\",\r\n      \"id\": \"/subscriptions/04319d6d-4a66-4701-bb2f-e7dbbd9ae4db/resourceGroups/adlargec627423/providers/Microsoft.DataLakeStore/accounts/adlsc7031962e\",\r\n      \"name\": \"adlsc7031962e\",\r\n      \"type\": \"Microsoft.DataLakeStore/accounts\"\r\n    },\r\n    {\r\n      \"properties\": {\r\n        \"provisioningState\": \"Succeeded\",\r\n        \"state\": \"Active\",\r\n        \"endpoint\": \"begoldsmadls01.azuredatalakestore.net\",\r\n        \"accountId\": \"94f4bf5d-78a9-4c31-8aa7-b34d07bad898\",\r\n        \"creationTime\": \"2017-03-29T21:49:35.189795Z\",\r\n        \"lastModifiedTime\": \"2017-03-29T21:49:35.189795Z\"\r\n      },\r\n      \"location\": \"eastus2\",\r\n      \"tags\": {},\r\n      \"id\": \"/subscriptions/04319d6d-4a66-4701-bb2f-e7dbbd9ae4db/resourceGroups/begoldsmadlsrg01/providers/Microsoft.DataLakeStore/accounts/begoldsmadls01\",\r\n      \"name\": \"begoldsmadls01\",\r\n      \"type\": \"Microsoft.DataLakeStore/accounts\"\r\n    },\r\n    {\r\n      \"properties\": {\r\n        \"provisioningState\": \"Succeeded\",\r\n        \"state\": \"Active\",\r\n        \"endpoint\": \"onesdk934.azuredatalakestore.net\",\r\n        \"accountId\": \"19f3d3c1-35a1-4548-8298-1a932ec70a5f\",\r\n        \"creationTime\": \"2017-09-13T23:36:15.2147885Z\",\r\n        \"lastModifiedTime\": \"2017-09-13T23:36:49.9382392Z\"\r\n      },\r\n      \"location\": \"East US 2\",\r\n      \"tags\": {},\r\n      \"id\": \"/subscriptions/04319d6d-4a66-4701-bb2f-e7dbbd9ae4db/resourceGroups/onesdk9560/providers/Microsoft.DataLakeStore/accounts/onesdk934\",\r\n      \"name\": \"onesdk934\",\r\n      \"type\": \"Microsoft.DataLakeStore/accounts\"\r\n    }\r\n  ]\r\n}",
      "ResponseHeaders": {
        "Content-Length": [
          "1505"
        ],
        "Content-Type": [
          "application/json"
        ],
        "Expires": [
          "-1"
        ],
        "Pragma": [
          "no-cache"
        ],
        "x-ms-request-id": [
          "9635b839-7116-475d-bedc-52aa26329131"
        ],
        "X-Content-Type-Options": [
          "nosniff"
        ],
        "x-ms-ratelimit-remaining-subscription-reads": [
          "14984"
        ],
        "x-ms-correlation-request-id": [
          "59bc721b-a9e9-425f-a3e5-ce87ba48ee1b"
        ],
        "x-ms-routing-request-id": [
          "WESTUS:20170913T233655Z:59bc721b-a9e9-425f-a3e5-ce87ba48ee1b"
        ],
        "Strict-Transport-Security": [
          "max-age=31536000; includeSubDomains"
        ],
        "Connection": [
          "close"
        ],
        "Cache-Control": [
          "no-cache"
        ],
        "Date": [
          "Wed, 13 Sep 2017 23:36:55 GMT"
        ],
        "Server": [
          "Microsoft-IIS/8.5"
        ],
        "X-AspNet-Version": [
          "4.0.30319"
        ],
        "X-Powered-By": [
          "ASP.NET"
        ]
      },
      "StatusCode": 200
    },
    {
      "RequestUri": "/subscriptions/04319d6d-4a66-4701-bb2f-e7dbbd9ae4db/providers/Microsoft.DataLakeStore/accounts?api-version=2016-11-01",
      "EncodedRequestUri": "L3N1YnNjcmlwdGlvbnMvMDQzMTlkNmQtNGE2Ni00NzAxLWJiMmYtZTdkYmJkOWFlNGRiL3Byb3ZpZGVycy9NaWNyb3NvZnQuRGF0YUxha2VTdG9yZS9hY2NvdW50cz9hcGktdmVyc2lvbj0yMDE2LTExLTAx",
      "RequestMethod": "GET",
      "RequestBody": "",
      "RequestHeaders": {
        "x-ms-client-request-id": [
          "e6848ecb-b33a-4fb0-a911-03781bfbf134"
        ],
        "accept-language": [
          "en-US"
        ],
        "User-Agent": [
          "FxVersion/4.7.2102.0",
          "OSName/Windows10Enterprise",
          "OSVersion/6.3.15063",
          "Microsoft.Azure.Management.DataLake.Store.DataLakeStoreAccountManagementClient/2.3.0.0"
        ]
      },
      "ResponseBody": "{\r\n  \"value\": [\r\n    {\r\n      \"properties\": {\r\n        \"provisioningState\": \"Succeeded\",\r\n        \"state\": \"Active\",\r\n        \"endpoint\": \"adlsc7031962e.azuredatalakestore.net\",\r\n        \"accountId\": \"68dfdbf5-c042-45fa-b661-1fd779bda458\",\r\n        \"creationTime\": \"2017-09-06T22:05:40.8522257Z\",\r\n        \"lastModifiedTime\": \"2017-09-06T22:05:40.8522257Z\"\r\n      },\r\n      \"location\": \"eastus2\",\r\n      \"id\": \"/subscriptions/04319d6d-4a66-4701-bb2f-e7dbbd9ae4db/resourceGroups/adlargec627423/providers/Microsoft.DataLakeStore/accounts/adlsc7031962e\",\r\n      \"name\": \"adlsc7031962e\",\r\n      \"type\": \"Microsoft.DataLakeStore/accounts\"\r\n    },\r\n    {\r\n      \"properties\": {\r\n        \"provisioningState\": \"Succeeded\",\r\n        \"state\": \"Active\",\r\n        \"endpoint\": \"begoldsmadls01.azuredatalakestore.net\",\r\n        \"accountId\": \"94f4bf5d-78a9-4c31-8aa7-b34d07bad898\",\r\n        \"creationTime\": \"2017-03-29T21:49:35.189795Z\",\r\n        \"lastModifiedTime\": \"2017-03-29T21:49:35.189795Z\"\r\n      },\r\n      \"location\": \"eastus2\",\r\n      \"tags\": {},\r\n      \"id\": \"/subscriptions/04319d6d-4a66-4701-bb2f-e7dbbd9ae4db/resourceGroups/begoldsmadlsrg01/providers/Microsoft.DataLakeStore/accounts/begoldsmadls01\",\r\n      \"name\": \"begoldsmadls01\",\r\n      \"type\": \"Microsoft.DataLakeStore/accounts\"\r\n    },\r\n    {\r\n      \"properties\": {\r\n        \"provisioningState\": \"Succeeded\",\r\n        \"state\": \"Active\",\r\n        \"endpoint\": \"onesdk934.azuredatalakestore.net\",\r\n        \"accountId\": \"19f3d3c1-35a1-4548-8298-1a932ec70a5f\",\r\n        \"creationTime\": \"2017-09-13T23:36:15.2147885Z\",\r\n        \"lastModifiedTime\": \"2017-09-13T23:36:49.9382392Z\"\r\n      },\r\n      \"location\": \"East US 2\",\r\n      \"tags\": {},\r\n      \"id\": \"/subscriptions/04319d6d-4a66-4701-bb2f-e7dbbd9ae4db/resourceGroups/onesdk9560/providers/Microsoft.DataLakeStore/accounts/onesdk934\",\r\n      \"name\": \"onesdk934\",\r\n      \"type\": \"Microsoft.DataLakeStore/accounts\"\r\n    }\r\n  ]\r\n}",
      "ResponseHeaders": {
        "Content-Length": [
          "1505"
        ],
        "Content-Type": [
          "application/json"
        ],
        "Expires": [
          "-1"
        ],
        "Pragma": [
          "no-cache"
        ],
        "x-ms-request-id": [
          "7ab750ea-645b-4025-b833-6eb7decd2a78"
        ],
        "X-Content-Type-Options": [
          "nosniff"
        ],
        "x-ms-ratelimit-remaining-subscription-reads": [
          "14985"
        ],
        "x-ms-correlation-request-id": [
          "9ac88d01-96ea-4335-a7c2-6987c0b6742f"
        ],
        "x-ms-routing-request-id": [
          "WESTUS:20170913T233657Z:9ac88d01-96ea-4335-a7c2-6987c0b6742f"
        ],
        "Strict-Transport-Security": [
          "max-age=31536000; includeSubDomains"
        ],
        "Connection": [
          "close"
        ],
        "Cache-Control": [
          "no-cache"
        ],
        "Date": [
          "Wed, 13 Sep 2017 23:36:57 GMT"
        ],
        "Server": [
          "Microsoft-IIS/8.5"
        ],
        "X-AspNet-Version": [
          "4.0.30319"
        ],
        "X-Powered-By": [
          "ASP.NET"
        ]
      },
      "StatusCode": 200
    },
    {
      "RequestUri": "/subscriptions/04319d6d-4a66-4701-bb2f-e7dbbd9ae4db/resourceGroups/onesdk9560/providers/Microsoft.DataLakeStore/accounts/onesdk934?api-version=2016-11-01",
      "EncodedRequestUri": "L3N1YnNjcmlwdGlvbnMvMDQzMTlkNmQtNGE2Ni00NzAxLWJiMmYtZTdkYmJkOWFlNGRiL3Jlc291cmNlR3JvdXBzL29uZXNkazk1NjAvcHJvdmlkZXJzL01pY3Jvc29mdC5EYXRhTGFrZVN0b3JlL2FjY291bnRzL29uZXNkazkzND9hcGktdmVyc2lvbj0yMDE2LTExLTAx",
      "RequestMethod": "PUT",
      "RequestBody": "{\r\n  \"identity\": {\r\n    \"type\": \"SystemAssigned\"\r\n  },\r\n  \"properties\": {\r\n    \"encryptionState\": \"Enabled\",\r\n    \"encryptionConfig\": {\r\n      \"type\": \"ServiceManaged\"\r\n    }\r\n  },\r\n  \"location\": \"East US 2\",\r\n  \"tags\": {}\r\n}",
      "RequestHeaders": {
        "Content-Type": [
          "application/json; charset=utf-8"
        ],
        "Content-Length": [
          "225"
        ],
        "x-ms-client-request-id": [
          "67a0cbc5-9e51-4532-87d1-8f16d16b743a"
        ],
        "accept-language": [
          "en-US"
        ],
        "User-Agent": [
          "FxVersion/4.7.2102.0",
          "OSName/Windows10Enterprise",
          "OSVersion/6.3.15063",
          "Microsoft.Azure.Management.DataLake.Store.DataLakeStoreAccountManagementClient/2.3.0.0"
        ]
      },
      "ResponseBody": "{\r\n  \"properties\": {\r\n    \"encryptionState\": \"Enabled\",\r\n    \"encryptionConfig\": {\r\n      \"type\": \"ServiceManaged\"\r\n    },\r\n    \"provisioningState\": \"Creating\",\r\n    \"state\": null,\r\n    \"endpoint\": null,\r\n    \"accountId\": \"19f3d3c1-35a1-4548-8298-1a932ec70a5f\"\r\n  },\r\n  \"location\": \"East US 2\",\r\n  \"tags\": {},\r\n  \"identity\": {\r\n    \"type\": \"SystemAssigned\",\r\n    \"principalId\": \"00000000-0000-0000-0000-000000000000\",\r\n    \"tenantId\": \"00000000-0000-0000-0000-000000000000\"\r\n  },\r\n  \"id\": \"/subscriptions/04319d6d-4a66-4701-bb2f-e7dbbd9ae4db/resourceGroups/onesdk9560/providers/Microsoft.DataLakeStore/accounts/onesdk934\",\r\n  \"name\": \"onesdk934\",\r\n  \"type\": \"Microsoft.DataLakeStore/accounts\"\r\n}",
      "ResponseHeaders": {
        "Content-Length": [
          "572"
        ],
        "Content-Type": [
          "application/json"
        ],
        "Expires": [
          "-1"
        ],
        "Pragma": [
          "no-cache"
        ],
        "Retry-After": [
          "10"
        ],
        "Azure-AsyncOperation": [
          "https://management.azure.com/subscriptions/04319d6d-4a66-4701-bb2f-e7dbbd9ae4db/providers/Microsoft.DataLakeStore/locations/EastUS2/operationResults/19f3d3c1-35a1-4548-8298-1a932ec70a5f0?api-version=2016-11-01&expanded=true"
        ],
        "x-ms-request-id": [
          "2dbfcbdc-9e3b-4480-9820-d48c9a7e2b96"
        ],
        "X-Content-Type-Options": [
          "nosniff"
        ],
        "x-ms-ratelimit-remaining-subscription-writes": [
          "1199"
        ],
        "x-ms-correlation-request-id": [
          "b022d736-ed84-43d8-89e7-3e243352668c"
        ],
        "x-ms-routing-request-id": [
          "WESTUS:20170913T233613Z:b022d736-ed84-43d8-89e7-3e243352668c"
        ],
        "Strict-Transport-Security": [
          "max-age=31536000; includeSubDomains"
        ],
        "Connection": [
          "close"
        ],
        "Cache-Control": [
          "no-cache"
        ],
        "Date": [
          "Wed, 13 Sep 2017 23:36:12 GMT"
        ],
        "Location": [
          "https://management.azure.com/subscriptions/04319d6d-4a66-4701-bb2f-e7dbbd9ae4db/resourcegroups/onesdk9560/providers/Microsoft.DataLakeStore/accounts/onesdk934/operationresults/0?api-version=2016-11-01"
        ],
        "Server": [
          "Microsoft-IIS/8.5"
        ],
        "X-AspNet-Version": [
          "4.0.30319"
        ],
        "X-Powered-By": [
          "ASP.NET"
        ]
      },
      "StatusCode": 201
    },
    {
      "RequestUri": "/subscriptions/04319d6d-4a66-4701-bb2f-e7dbbd9ae4db/providers/Microsoft.DataLakeStore/locations/EastUS2/operationResults/19f3d3c1-35a1-4548-8298-1a932ec70a5f0?api-version=2016-11-01&expanded=true",
      "EncodedRequestUri": "L3N1YnNjcmlwdGlvbnMvMDQzMTlkNmQtNGE2Ni00NzAxLWJiMmYtZTdkYmJkOWFlNGRiL3Byb3ZpZGVycy9NaWNyb3NvZnQuRGF0YUxha2VTdG9yZS9sb2NhdGlvbnMvRWFzdFVTMi9vcGVyYXRpb25SZXN1bHRzLzE5ZjNkM2MxLTM1YTEtNDU0OC04Mjk4LTFhOTMyZWM3MGE1ZjA/YXBpLXZlcnNpb249MjAxNi0xMS0wMSZleHBhbmRlZD10cnVl",
      "RequestMethod": "GET",
      "RequestBody": "",
      "RequestHeaders": {
        "User-Agent": [
          "FxVersion/4.7.2102.0",
          "OSName/Windows10Enterprise",
          "OSVersion/6.3.15063",
          "Microsoft.Azure.Management.DataLake.Store.DataLakeStoreAccountManagementClient/2.3.0.0"
        ]
      },
      "ResponseBody": "{\r\n  \"status\": \"InProgress\"\r\n}",
      "ResponseHeaders": {
        "Content-Length": [
          "23"
        ],
        "Content-Type": [
          "application/json"
        ],
        "Expires": [
          "-1"
        ],
        "Pragma": [
          "no-cache"
        ],
        "x-ms-request-id": [
          "81f8b1be-9a7f-452b-a666-4667c49feed2"
        ],
        "X-Content-Type-Options": [
          "nosniff"
        ],
        "x-ms-ratelimit-remaining-subscription-reads": [
          "14980"
        ],
        "x-ms-correlation-request-id": [
          "f39ba11f-7292-447e-b7b5-1f7e9aa0397a"
        ],
        "x-ms-routing-request-id": [
          "WESTUS:20170913T233614Z:f39ba11f-7292-447e-b7b5-1f7e9aa0397a"
        ],
        "Strict-Transport-Security": [
          "max-age=31536000; includeSubDomains"
        ],
        "Connection": [
          "close"
        ],
        "Cache-Control": [
          "no-cache"
        ],
        "Date": [
          "Wed, 13 Sep 2017 23:36:14 GMT"
        ],
        "Server": [
          "Microsoft-IIS/8.5"
        ],
        "X-AspNet-Version": [
          "4.0.30319"
        ],
        "X-Powered-By": [
          "ASP.NET"
        ]
      },
      "StatusCode": 200
    },
    {
      "RequestUri": "/subscriptions/04319d6d-4a66-4701-bb2f-e7dbbd9ae4db/providers/Microsoft.DataLakeStore/locations/EastUS2/operationResults/19f3d3c1-35a1-4548-8298-1a932ec70a5f0?api-version=2016-11-01&expanded=true",
      "EncodedRequestUri": "L3N1YnNjcmlwdGlvbnMvMDQzMTlkNmQtNGE2Ni00NzAxLWJiMmYtZTdkYmJkOWFlNGRiL3Byb3ZpZGVycy9NaWNyb3NvZnQuRGF0YUxha2VTdG9yZS9sb2NhdGlvbnMvRWFzdFVTMi9vcGVyYXRpb25SZXN1bHRzLzE5ZjNkM2MxLTM1YTEtNDU0OC04Mjk4LTFhOTMyZWM3MGE1ZjA/YXBpLXZlcnNpb249MjAxNi0xMS0wMSZleHBhbmRlZD10cnVl",
      "RequestMethod": "GET",
      "RequestBody": "",
      "RequestHeaders": {
        "User-Agent": [
          "FxVersion/4.7.2102.0",
          "OSName/Windows10Enterprise",
          "OSVersion/6.3.15063",
          "Microsoft.Azure.Management.DataLake.Store.DataLakeStoreAccountManagementClient/2.3.0.0"
        ]
      },
      "ResponseBody": "{\r\n  \"status\": \"InProgress\"\r\n}",
      "ResponseHeaders": {
        "Content-Length": [
          "23"
        ],
        "Content-Type": [
          "application/json"
        ],
        "Expires": [
          "-1"
        ],
        "Pragma": [
          "no-cache"
        ],
        "x-ms-request-id": [
          "f1c89bb2-5ac6-4b43-98a2-6e76f18a2220"
        ],
        "X-Content-Type-Options": [
          "nosniff"
        ],
        "x-ms-ratelimit-remaining-subscription-reads": [
          "14989"
        ],
        "x-ms-correlation-request-id": [
          "f9786112-3f66-4e94-817a-60f9892f5cf7"
        ],
        "x-ms-routing-request-id": [
          "WESTUS:20170913T233615Z:f9786112-3f66-4e94-817a-60f9892f5cf7"
        ],
        "Strict-Transport-Security": [
          "max-age=31536000; includeSubDomains"
        ],
        "Connection": [
          "close"
        ],
        "Cache-Control": [
          "no-cache"
        ],
        "Date": [
          "Wed, 13 Sep 2017 23:36:14 GMT"
        ],
        "Server": [
          "Microsoft-IIS/8.5"
        ],
        "X-AspNet-Version": [
          "4.0.30319"
        ],
        "X-Powered-By": [
          "ASP.NET"
        ]
      },
      "StatusCode": 200
    },
    {
      "RequestUri": "/subscriptions/04319d6d-4a66-4701-bb2f-e7dbbd9ae4db/providers/Microsoft.DataLakeStore/locations/EastUS2/operationResults/19f3d3c1-35a1-4548-8298-1a932ec70a5f0?api-version=2016-11-01&expanded=true",
      "EncodedRequestUri": "L3N1YnNjcmlwdGlvbnMvMDQzMTlkNmQtNGE2Ni00NzAxLWJiMmYtZTdkYmJkOWFlNGRiL3Byb3ZpZGVycy9NaWNyb3NvZnQuRGF0YUxha2VTdG9yZS9sb2NhdGlvbnMvRWFzdFVTMi9vcGVyYXRpb25SZXN1bHRzLzE5ZjNkM2MxLTM1YTEtNDU0OC04Mjk4LTFhOTMyZWM3MGE1ZjA/YXBpLXZlcnNpb249MjAxNi0xMS0wMSZleHBhbmRlZD10cnVl",
      "RequestMethod": "GET",
      "RequestBody": "",
      "RequestHeaders": {
        "User-Agent": [
          "FxVersion/4.7.2102.0",
          "OSName/Windows10Enterprise",
          "OSVersion/6.3.15063",
          "Microsoft.Azure.Management.DataLake.Store.DataLakeStoreAccountManagementClient/2.3.0.0"
        ]
      },
      "ResponseBody": "{\r\n  \"status\": \"InProgress\"\r\n}",
      "ResponseHeaders": {
        "Content-Length": [
          "23"
        ],
        "Content-Type": [
          "application/json"
        ],
        "Expires": [
          "-1"
        ],
        "Pragma": [
          "no-cache"
        ],
        "x-ms-request-id": [
          "526ff1cd-5d32-4c4e-baa6-c1f61f2ff264"
        ],
        "X-Content-Type-Options": [
          "nosniff"
        ],
        "x-ms-ratelimit-remaining-subscription-reads": [
          "14994"
        ],
        "x-ms-correlation-request-id": [
          "87a454bf-9b30-40cb-8e5f-7245b5751c77"
        ],
        "x-ms-routing-request-id": [
          "WESTUS:20170913T233615Z:87a454bf-9b30-40cb-8e5f-7245b5751c77"
        ],
        "Strict-Transport-Security": [
          "max-age=31536000; includeSubDomains"
        ],
        "Connection": [
          "close"
        ],
        "Cache-Control": [
          "no-cache"
        ],
        "Date": [
          "Wed, 13 Sep 2017 23:36:15 GMT"
        ],
        "Server": [
          "Microsoft-IIS/8.5"
        ],
        "X-AspNet-Version": [
          "4.0.30319"
        ],
        "X-Powered-By": [
          "ASP.NET"
        ]
      },
      "StatusCode": 200
    },
    {
      "RequestUri": "/subscriptions/04319d6d-4a66-4701-bb2f-e7dbbd9ae4db/providers/Microsoft.DataLakeStore/locations/EastUS2/operationResults/19f3d3c1-35a1-4548-8298-1a932ec70a5f0?api-version=2016-11-01&expanded=true",
      "EncodedRequestUri": "L3N1YnNjcmlwdGlvbnMvMDQzMTlkNmQtNGE2Ni00NzAxLWJiMmYtZTdkYmJkOWFlNGRiL3Byb3ZpZGVycy9NaWNyb3NvZnQuRGF0YUxha2VTdG9yZS9sb2NhdGlvbnMvRWFzdFVTMi9vcGVyYXRpb25SZXN1bHRzLzE5ZjNkM2MxLTM1YTEtNDU0OC04Mjk4LTFhOTMyZWM3MGE1ZjA/YXBpLXZlcnNpb249MjAxNi0xMS0wMSZleHBhbmRlZD10cnVl",
      "RequestMethod": "GET",
      "RequestBody": "",
      "RequestHeaders": {
        "User-Agent": [
          "FxVersion/4.7.2102.0",
          "OSName/Windows10Enterprise",
          "OSVersion/6.3.15063",
          "Microsoft.Azure.Management.DataLake.Store.DataLakeStoreAccountManagementClient/2.3.0.0"
        ]
      },
      "ResponseBody": "{\r\n  \"status\": \"InProgress\"\r\n}",
      "ResponseHeaders": {
        "Content-Length": [
          "23"
        ],
        "Content-Type": [
          "application/json"
        ],
        "Expires": [
          "-1"
        ],
        "Pragma": [
          "no-cache"
        ],
        "x-ms-request-id": [
          "c02ddf2a-6b29-4f9b-aa1c-7b99ec172bb2"
        ],
        "X-Content-Type-Options": [
          "nosniff"
        ],
        "x-ms-ratelimit-remaining-subscription-reads": [
          "14995"
        ],
        "x-ms-correlation-request-id": [
          "69a56fec-64f7-477a-94a8-ee1a7947be5d"
        ],
        "x-ms-routing-request-id": [
          "WESTUS:20170913T233617Z:69a56fec-64f7-477a-94a8-ee1a7947be5d"
        ],
        "Strict-Transport-Security": [
          "max-age=31536000; includeSubDomains"
        ],
        "Connection": [
          "close"
        ],
        "Cache-Control": [
          "no-cache"
        ],
        "Date": [
          "Wed, 13 Sep 2017 23:36:17 GMT"
        ],
        "Server": [
          "Microsoft-IIS/8.5"
        ],
        "X-AspNet-Version": [
          "4.0.30319"
        ],
        "X-Powered-By": [
          "ASP.NET"
        ]
      },
      "StatusCode": 200
    },
    {
      "RequestUri": "/subscriptions/04319d6d-4a66-4701-bb2f-e7dbbd9ae4db/providers/Microsoft.DataLakeStore/locations/EastUS2/operationResults/19f3d3c1-35a1-4548-8298-1a932ec70a5f0?api-version=2016-11-01&expanded=true",
      "EncodedRequestUri": "L3N1YnNjcmlwdGlvbnMvMDQzMTlkNmQtNGE2Ni00NzAxLWJiMmYtZTdkYmJkOWFlNGRiL3Byb3ZpZGVycy9NaWNyb3NvZnQuRGF0YUxha2VTdG9yZS9sb2NhdGlvbnMvRWFzdFVTMi9vcGVyYXRpb25SZXN1bHRzLzE5ZjNkM2MxLTM1YTEtNDU0OC04Mjk4LTFhOTMyZWM3MGE1ZjA/YXBpLXZlcnNpb249MjAxNi0xMS0wMSZleHBhbmRlZD10cnVl",
      "RequestMethod": "GET",
      "RequestBody": "",
      "RequestHeaders": {
        "User-Agent": [
          "FxVersion/4.7.2102.0",
          "OSName/Windows10Enterprise",
          "OSVersion/6.3.15063",
          "Microsoft.Azure.Management.DataLake.Store.DataLakeStoreAccountManagementClient/2.3.0.0"
        ]
      },
      "ResponseBody": "{\r\n  \"status\": \"InProgress\"\r\n}",
      "ResponseHeaders": {
        "Content-Length": [
          "23"
        ],
        "Content-Type": [
          "application/json"
        ],
        "Expires": [
          "-1"
        ],
        "Pragma": [
          "no-cache"
        ],
        "x-ms-request-id": [
          "e4970ba0-7099-40e3-b60d-cca6db6ded7e"
        ],
        "X-Content-Type-Options": [
          "nosniff"
        ],
        "x-ms-ratelimit-remaining-subscription-reads": [
          "14990"
        ],
        "x-ms-correlation-request-id": [
          "ba61774a-3fa2-4ce8-89c4-0bdb9713bb11"
        ],
        "x-ms-routing-request-id": [
          "WESTUS:20170913T233618Z:ba61774a-3fa2-4ce8-89c4-0bdb9713bb11"
        ],
        "Strict-Transport-Security": [
          "max-age=31536000; includeSubDomains"
        ],
        "Connection": [
          "close"
        ],
        "Cache-Control": [
          "no-cache"
        ],
        "Date": [
          "Wed, 13 Sep 2017 23:36:18 GMT"
        ],
        "Server": [
          "Microsoft-IIS/8.5"
        ],
        "X-AspNet-Version": [
          "4.0.30319"
        ],
        "X-Powered-By": [
          "ASP.NET"
        ]
      },
      "StatusCode": 200
    },
    {
      "RequestUri": "/subscriptions/04319d6d-4a66-4701-bb2f-e7dbbd9ae4db/providers/Microsoft.DataLakeStore/locations/EastUS2/operationResults/19f3d3c1-35a1-4548-8298-1a932ec70a5f0?api-version=2016-11-01&expanded=true",
      "EncodedRequestUri": "L3N1YnNjcmlwdGlvbnMvMDQzMTlkNmQtNGE2Ni00NzAxLWJiMmYtZTdkYmJkOWFlNGRiL3Byb3ZpZGVycy9NaWNyb3NvZnQuRGF0YUxha2VTdG9yZS9sb2NhdGlvbnMvRWFzdFVTMi9vcGVyYXRpb25SZXN1bHRzLzE5ZjNkM2MxLTM1YTEtNDU0OC04Mjk4LTFhOTMyZWM3MGE1ZjA/YXBpLXZlcnNpb249MjAxNi0xMS0wMSZleHBhbmRlZD10cnVl",
      "RequestMethod": "GET",
      "RequestBody": "",
      "RequestHeaders": {
        "User-Agent": [
          "FxVersion/4.7.2102.0",
          "OSName/Windows10Enterprise",
          "OSVersion/6.3.15063",
          "Microsoft.Azure.Management.DataLake.Store.DataLakeStoreAccountManagementClient/2.3.0.0"
        ]
      },
      "ResponseBody": "{\r\n  \"status\": \"InProgress\"\r\n}",
      "ResponseHeaders": {
        "Content-Length": [
          "23"
        ],
        "Content-Type": [
          "application/json"
        ],
        "Expires": [
          "-1"
        ],
        "Pragma": [
          "no-cache"
        ],
        "x-ms-request-id": [
          "678d80ff-3f54-4b9d-b74f-63d7e28abdb0"
        ],
        "X-Content-Type-Options": [
          "nosniff"
        ],
        "x-ms-ratelimit-remaining-subscription-reads": [
          "14989"
        ],
        "x-ms-correlation-request-id": [
          "165f771b-6c52-4bbd-87ed-331ef76252a4"
        ],
        "x-ms-routing-request-id": [
          "WESTUS:20170913T233619Z:165f771b-6c52-4bbd-87ed-331ef76252a4"
        ],
        "Strict-Transport-Security": [
          "max-age=31536000; includeSubDomains"
        ],
        "Connection": [
          "close"
        ],
        "Cache-Control": [
          "no-cache"
        ],
        "Date": [
          "Wed, 13 Sep 2017 23:36:18 GMT"
        ],
        "Server": [
          "Microsoft-IIS/8.5"
        ],
        "X-AspNet-Version": [
          "4.0.30319"
        ],
        "X-Powered-By": [
          "ASP.NET"
        ]
      },
      "StatusCode": 200
    },
    {
      "RequestUri": "/subscriptions/04319d6d-4a66-4701-bb2f-e7dbbd9ae4db/providers/Microsoft.DataLakeStore/locations/EastUS2/operationResults/19f3d3c1-35a1-4548-8298-1a932ec70a5f0?api-version=2016-11-01&expanded=true",
      "EncodedRequestUri": "L3N1YnNjcmlwdGlvbnMvMDQzMTlkNmQtNGE2Ni00NzAxLWJiMmYtZTdkYmJkOWFlNGRiL3Byb3ZpZGVycy9NaWNyb3NvZnQuRGF0YUxha2VTdG9yZS9sb2NhdGlvbnMvRWFzdFVTMi9vcGVyYXRpb25SZXN1bHRzLzE5ZjNkM2MxLTM1YTEtNDU0OC04Mjk4LTFhOTMyZWM3MGE1ZjA/YXBpLXZlcnNpb249MjAxNi0xMS0wMSZleHBhbmRlZD10cnVl",
      "RequestMethod": "GET",
      "RequestBody": "",
      "RequestHeaders": {
        "User-Agent": [
          "FxVersion/4.7.2102.0",
          "OSName/Windows10Enterprise",
          "OSVersion/6.3.15063",
          "Microsoft.Azure.Management.DataLake.Store.DataLakeStoreAccountManagementClient/2.3.0.0"
        ]
      },
      "ResponseBody": "{\r\n  \"status\": \"InProgress\"\r\n}",
      "ResponseHeaders": {
        "Content-Length": [
          "23"
        ],
        "Content-Type": [
          "application/json"
        ],
        "Expires": [
          "-1"
        ],
        "Pragma": [
          "no-cache"
        ],
        "x-ms-request-id": [
          "bbf4957b-44fa-4e01-ba74-088bddd2d75a"
        ],
        "X-Content-Type-Options": [
          "nosniff"
        ],
        "x-ms-ratelimit-remaining-subscription-reads": [
          "14973"
        ],
        "x-ms-correlation-request-id": [
          "cf0d88aa-7e3d-410b-8641-413a9fa8b374"
        ],
        "x-ms-routing-request-id": [
          "WESTUS:20170913T233620Z:cf0d88aa-7e3d-410b-8641-413a9fa8b374"
        ],
        "Strict-Transport-Security": [
          "max-age=31536000; includeSubDomains"
        ],
        "Connection": [
          "close"
        ],
        "Cache-Control": [
          "no-cache"
        ],
        "Date": [
          "Wed, 13 Sep 2017 23:36:19 GMT"
        ],
        "Server": [
          "Microsoft-IIS/8.5"
        ],
        "X-AspNet-Version": [
          "4.0.30319"
        ],
        "X-Powered-By": [
          "ASP.NET"
        ]
      },
      "StatusCode": 200
    },
    {
      "RequestUri": "/subscriptions/04319d6d-4a66-4701-bb2f-e7dbbd9ae4db/providers/Microsoft.DataLakeStore/locations/EastUS2/operationResults/19f3d3c1-35a1-4548-8298-1a932ec70a5f0?api-version=2016-11-01&expanded=true",
      "EncodedRequestUri": "L3N1YnNjcmlwdGlvbnMvMDQzMTlkNmQtNGE2Ni00NzAxLWJiMmYtZTdkYmJkOWFlNGRiL3Byb3ZpZGVycy9NaWNyb3NvZnQuRGF0YUxha2VTdG9yZS9sb2NhdGlvbnMvRWFzdFVTMi9vcGVyYXRpb25SZXN1bHRzLzE5ZjNkM2MxLTM1YTEtNDU0OC04Mjk4LTFhOTMyZWM3MGE1ZjA/YXBpLXZlcnNpb249MjAxNi0xMS0wMSZleHBhbmRlZD10cnVl",
      "RequestMethod": "GET",
      "RequestBody": "",
      "RequestHeaders": {
        "User-Agent": [
          "FxVersion/4.7.2102.0",
          "OSName/Windows10Enterprise",
          "OSVersion/6.3.15063",
          "Microsoft.Azure.Management.DataLake.Store.DataLakeStoreAccountManagementClient/2.3.0.0"
        ]
      },
      "ResponseBody": "{\r\n  \"status\": \"InProgress\"\r\n}",
      "ResponseHeaders": {
        "Content-Length": [
          "23"
        ],
        "Content-Type": [
          "application/json"
        ],
        "Expires": [
          "-1"
        ],
        "Pragma": [
          "no-cache"
        ],
        "x-ms-request-id": [
          "bdf0de32-9cae-4bab-83b2-e50195cab9c6"
        ],
        "X-Content-Type-Options": [
          "nosniff"
        ],
        "x-ms-ratelimit-remaining-subscription-reads": [
          "14999"
        ],
        "x-ms-correlation-request-id": [
          "fe25a304-82ff-4e6f-a207-fb8e2ad89c4e"
        ],
        "x-ms-routing-request-id": [
          "WESTUS:20170913T233620Z:fe25a304-82ff-4e6f-a207-fb8e2ad89c4e"
        ],
        "Strict-Transport-Security": [
          "max-age=31536000; includeSubDomains"
        ],
        "Connection": [
          "close"
        ],
        "Cache-Control": [
          "no-cache"
        ],
        "Date": [
          "Wed, 13 Sep 2017 23:36:20 GMT"
        ],
        "Server": [
          "Microsoft-IIS/8.5"
        ],
        "X-AspNet-Version": [
          "4.0.30319"
        ],
        "X-Powered-By": [
          "ASP.NET"
        ]
      },
      "StatusCode": 200
    },
    {
      "RequestUri": "/subscriptions/04319d6d-4a66-4701-bb2f-e7dbbd9ae4db/providers/Microsoft.DataLakeStore/locations/EastUS2/operationResults/19f3d3c1-35a1-4548-8298-1a932ec70a5f0?api-version=2016-11-01&expanded=true",
      "EncodedRequestUri": "L3N1YnNjcmlwdGlvbnMvMDQzMTlkNmQtNGE2Ni00NzAxLWJiMmYtZTdkYmJkOWFlNGRiL3Byb3ZpZGVycy9NaWNyb3NvZnQuRGF0YUxha2VTdG9yZS9sb2NhdGlvbnMvRWFzdFVTMi9vcGVyYXRpb25SZXN1bHRzLzE5ZjNkM2MxLTM1YTEtNDU0OC04Mjk4LTFhOTMyZWM3MGE1ZjA/YXBpLXZlcnNpb249MjAxNi0xMS0wMSZleHBhbmRlZD10cnVl",
      "RequestMethod": "GET",
      "RequestBody": "",
      "RequestHeaders": {
        "User-Agent": [
          "FxVersion/4.7.2102.0",
          "OSName/Windows10Enterprise",
          "OSVersion/6.3.15063",
          "Microsoft.Azure.Management.DataLake.Store.DataLakeStoreAccountManagementClient/2.3.0.0"
        ]
      },
      "ResponseBody": "{\r\n  \"status\": \"InProgress\"\r\n}",
      "ResponseHeaders": {
        "Content-Length": [
          "23"
        ],
        "Content-Type": [
          "application/json"
        ],
        "Expires": [
          "-1"
        ],
        "Pragma": [
          "no-cache"
        ],
        "x-ms-request-id": [
          "ff865146-9774-42b5-83ab-3a83e4dc938e"
        ],
        "X-Content-Type-Options": [
          "nosniff"
        ],
        "x-ms-ratelimit-remaining-subscription-reads": [
          "14984"
        ],
        "x-ms-correlation-request-id": [
          "eb9045f7-57cf-4789-b16e-8b6850113803"
        ],
        "x-ms-routing-request-id": [
          "WESTUS:20170913T233621Z:eb9045f7-57cf-4789-b16e-8b6850113803"
        ],
        "Strict-Transport-Security": [
          "max-age=31536000; includeSubDomains"
        ],
        "Connection": [
          "close"
        ],
        "Cache-Control": [
          "no-cache"
        ],
        "Date": [
          "Wed, 13 Sep 2017 23:36:21 GMT"
        ],
        "Server": [
          "Microsoft-IIS/8.5"
        ],
        "X-AspNet-Version": [
          "4.0.30319"
        ],
        "X-Powered-By": [
          "ASP.NET"
        ]
      },
      "StatusCode": 200
    },
    {
      "RequestUri": "/subscriptions/04319d6d-4a66-4701-bb2f-e7dbbd9ae4db/providers/Microsoft.DataLakeStore/locations/EastUS2/operationResults/19f3d3c1-35a1-4548-8298-1a932ec70a5f0?api-version=2016-11-01&expanded=true",
      "EncodedRequestUri": "L3N1YnNjcmlwdGlvbnMvMDQzMTlkNmQtNGE2Ni00NzAxLWJiMmYtZTdkYmJkOWFlNGRiL3Byb3ZpZGVycy9NaWNyb3NvZnQuRGF0YUxha2VTdG9yZS9sb2NhdGlvbnMvRWFzdFVTMi9vcGVyYXRpb25SZXN1bHRzLzE5ZjNkM2MxLTM1YTEtNDU0OC04Mjk4LTFhOTMyZWM3MGE1ZjA/YXBpLXZlcnNpb249MjAxNi0xMS0wMSZleHBhbmRlZD10cnVl",
      "RequestMethod": "GET",
      "RequestBody": "",
      "RequestHeaders": {
        "User-Agent": [
          "FxVersion/4.7.2102.0",
          "OSName/Windows10Enterprise",
          "OSVersion/6.3.15063",
          "Microsoft.Azure.Management.DataLake.Store.DataLakeStoreAccountManagementClient/2.3.0.0"
        ]
      },
      "ResponseBody": "{\r\n  \"status\": \"InProgress\"\r\n}",
      "ResponseHeaders": {
        "Content-Length": [
          "23"
        ],
        "Content-Type": [
          "application/json"
        ],
        "Expires": [
          "-1"
        ],
        "Pragma": [
          "no-cache"
        ],
        "x-ms-request-id": [
          "b8001a2d-babe-467a-ae7f-b63c1edb46c3"
        ],
        "X-Content-Type-Options": [
          "nosniff"
        ],
        "x-ms-ratelimit-remaining-subscription-reads": [
          "14987"
        ],
        "x-ms-correlation-request-id": [
          "f21a64a2-357c-400b-9541-12f512725dfa"
        ],
        "x-ms-routing-request-id": [
          "WESTUS:20170913T233622Z:f21a64a2-357c-400b-9541-12f512725dfa"
        ],
        "Strict-Transport-Security": [
          "max-age=31536000; includeSubDomains"
        ],
        "Connection": [
          "close"
        ],
        "Cache-Control": [
          "no-cache"
        ],
        "Date": [
          "Wed, 13 Sep 2017 23:36:22 GMT"
        ],
        "Server": [
          "Microsoft-IIS/8.5"
        ],
        "X-AspNet-Version": [
          "4.0.30319"
        ],
        "X-Powered-By": [
          "ASP.NET"
        ]
      },
      "StatusCode": 200
    },
    {
      "RequestUri": "/subscriptions/04319d6d-4a66-4701-bb2f-e7dbbd9ae4db/providers/Microsoft.DataLakeStore/locations/EastUS2/operationResults/19f3d3c1-35a1-4548-8298-1a932ec70a5f0?api-version=2016-11-01&expanded=true",
      "EncodedRequestUri": "L3N1YnNjcmlwdGlvbnMvMDQzMTlkNmQtNGE2Ni00NzAxLWJiMmYtZTdkYmJkOWFlNGRiL3Byb3ZpZGVycy9NaWNyb3NvZnQuRGF0YUxha2VTdG9yZS9sb2NhdGlvbnMvRWFzdFVTMi9vcGVyYXRpb25SZXN1bHRzLzE5ZjNkM2MxLTM1YTEtNDU0OC04Mjk4LTFhOTMyZWM3MGE1ZjA/YXBpLXZlcnNpb249MjAxNi0xMS0wMSZleHBhbmRlZD10cnVl",
      "RequestMethod": "GET",
      "RequestBody": "",
      "RequestHeaders": {
        "User-Agent": [
          "FxVersion/4.7.2102.0",
          "OSName/Windows10Enterprise",
          "OSVersion/6.3.15063",
          "Microsoft.Azure.Management.DataLake.Store.DataLakeStoreAccountManagementClient/2.3.0.0"
        ]
      },
      "ResponseBody": "{\r\n  \"status\": \"InProgress\"\r\n}",
      "ResponseHeaders": {
        "Content-Length": [
          "23"
        ],
        "Content-Type": [
          "application/json"
        ],
        "Expires": [
          "-1"
        ],
        "Pragma": [
          "no-cache"
        ],
        "x-ms-request-id": [
          "c3772ea5-64ea-4997-a130-5aeee95d1a28"
        ],
        "X-Content-Type-Options": [
          "nosniff"
        ],
        "x-ms-ratelimit-remaining-subscription-reads": [
          "14985"
        ],
        "x-ms-correlation-request-id": [
          "92aee8d4-5453-4409-a630-0c2b3f41d2a5"
        ],
        "x-ms-routing-request-id": [
          "WESTUS:20170913T233622Z:92aee8d4-5453-4409-a630-0c2b3f41d2a5"
        ],
        "Strict-Transport-Security": [
          "max-age=31536000; includeSubDomains"
        ],
        "Connection": [
          "close"
        ],
        "Cache-Control": [
          "no-cache"
        ],
        "Date": [
          "Wed, 13 Sep 2017 23:36:22 GMT"
        ],
        "Server": [
          "Microsoft-IIS/8.5"
        ],
        "X-AspNet-Version": [
          "4.0.30319"
        ],
        "X-Powered-By": [
          "ASP.NET"
        ]
      },
      "StatusCode": 200
    },
    {
      "RequestUri": "/subscriptions/04319d6d-4a66-4701-bb2f-e7dbbd9ae4db/providers/Microsoft.DataLakeStore/locations/EastUS2/operationResults/19f3d3c1-35a1-4548-8298-1a932ec70a5f0?api-version=2016-11-01&expanded=true",
      "EncodedRequestUri": "L3N1YnNjcmlwdGlvbnMvMDQzMTlkNmQtNGE2Ni00NzAxLWJiMmYtZTdkYmJkOWFlNGRiL3Byb3ZpZGVycy9NaWNyb3NvZnQuRGF0YUxha2VTdG9yZS9sb2NhdGlvbnMvRWFzdFVTMi9vcGVyYXRpb25SZXN1bHRzLzE5ZjNkM2MxLTM1YTEtNDU0OC04Mjk4LTFhOTMyZWM3MGE1ZjA/YXBpLXZlcnNpb249MjAxNi0xMS0wMSZleHBhbmRlZD10cnVl",
      "RequestMethod": "GET",
      "RequestBody": "",
      "RequestHeaders": {
        "User-Agent": [
          "FxVersion/4.7.2102.0",
          "OSName/Windows10Enterprise",
          "OSVersion/6.3.15063",
          "Microsoft.Azure.Management.DataLake.Store.DataLakeStoreAccountManagementClient/2.3.0.0"
        ]
      },
      "ResponseBody": "{\r\n  \"status\": \"InProgress\"\r\n}",
      "ResponseHeaders": {
        "Content-Length": [
          "23"
        ],
        "Content-Type": [
          "application/json"
        ],
        "Expires": [
          "-1"
        ],
        "Pragma": [
          "no-cache"
        ],
        "x-ms-request-id": [
          "eae30124-bb1a-45cd-a61d-01ca784c0381"
        ],
        "X-Content-Type-Options": [
          "nosniff"
        ],
        "x-ms-ratelimit-remaining-subscription-reads": [
          "14987"
        ],
        "x-ms-correlation-request-id": [
          "dcc90c98-cf08-46fd-a64e-2a5e617a0086"
        ],
        "x-ms-routing-request-id": [
          "WESTUS:20170913T233623Z:dcc90c98-cf08-46fd-a64e-2a5e617a0086"
        ],
        "Strict-Transport-Security": [
          "max-age=31536000; includeSubDomains"
        ],
        "Connection": [
          "close"
        ],
        "Cache-Control": [
          "no-cache"
        ],
        "Date": [
          "Wed, 13 Sep 2017 23:36:22 GMT"
        ],
        "Server": [
          "Microsoft-IIS/8.5"
        ],
        "X-AspNet-Version": [
          "4.0.30319"
        ],
        "X-Powered-By": [
          "ASP.NET"
        ]
      },
      "StatusCode": 200
    },
    {
      "RequestUri": "/subscriptions/04319d6d-4a66-4701-bb2f-e7dbbd9ae4db/providers/Microsoft.DataLakeStore/locations/EastUS2/operationResults/19f3d3c1-35a1-4548-8298-1a932ec70a5f0?api-version=2016-11-01&expanded=true",
      "EncodedRequestUri": "L3N1YnNjcmlwdGlvbnMvMDQzMTlkNmQtNGE2Ni00NzAxLWJiMmYtZTdkYmJkOWFlNGRiL3Byb3ZpZGVycy9NaWNyb3NvZnQuRGF0YUxha2VTdG9yZS9sb2NhdGlvbnMvRWFzdFVTMi9vcGVyYXRpb25SZXN1bHRzLzE5ZjNkM2MxLTM1YTEtNDU0OC04Mjk4LTFhOTMyZWM3MGE1ZjA/YXBpLXZlcnNpb249MjAxNi0xMS0wMSZleHBhbmRlZD10cnVl",
      "RequestMethod": "GET",
      "RequestBody": "",
      "RequestHeaders": {
        "User-Agent": [
          "FxVersion/4.7.2102.0",
          "OSName/Windows10Enterprise",
          "OSVersion/6.3.15063",
          "Microsoft.Azure.Management.DataLake.Store.DataLakeStoreAccountManagementClient/2.3.0.0"
        ]
      },
      "ResponseBody": "{\r\n  \"status\": \"InProgress\"\r\n}",
      "ResponseHeaders": {
        "Content-Length": [
          "23"
        ],
        "Content-Type": [
          "application/json"
        ],
        "Expires": [
          "-1"
        ],
        "Pragma": [
          "no-cache"
        ],
        "x-ms-request-id": [
          "86a8ee17-ee93-423a-bdc3-06b9ffe93d75"
        ],
        "X-Content-Type-Options": [
          "nosniff"
        ],
        "x-ms-ratelimit-remaining-subscription-reads": [
          "14997"
        ],
        "x-ms-correlation-request-id": [
          "1ff744e2-8d3d-44fb-b096-8c30e9eb6d17"
        ],
        "x-ms-routing-request-id": [
          "WESTUS:20170913T233624Z:1ff744e2-8d3d-44fb-b096-8c30e9eb6d17"
        ],
        "Strict-Transport-Security": [
          "max-age=31536000; includeSubDomains"
        ],
        "Connection": [
          "close"
        ],
        "Cache-Control": [
          "no-cache"
        ],
        "Date": [
          "Wed, 13 Sep 2017 23:36:23 GMT"
        ],
        "Server": [
          "Microsoft-IIS/8.5"
        ],
        "X-AspNet-Version": [
          "4.0.30319"
        ],
        "X-Powered-By": [
          "ASP.NET"
        ]
      },
      "StatusCode": 200
    },
    {
      "RequestUri": "/subscriptions/04319d6d-4a66-4701-bb2f-e7dbbd9ae4db/providers/Microsoft.DataLakeStore/locations/EastUS2/operationResults/19f3d3c1-35a1-4548-8298-1a932ec70a5f0?api-version=2016-11-01&expanded=true",
      "EncodedRequestUri": "L3N1YnNjcmlwdGlvbnMvMDQzMTlkNmQtNGE2Ni00NzAxLWJiMmYtZTdkYmJkOWFlNGRiL3Byb3ZpZGVycy9NaWNyb3NvZnQuRGF0YUxha2VTdG9yZS9sb2NhdGlvbnMvRWFzdFVTMi9vcGVyYXRpb25SZXN1bHRzLzE5ZjNkM2MxLTM1YTEtNDU0OC04Mjk4LTFhOTMyZWM3MGE1ZjA/YXBpLXZlcnNpb249MjAxNi0xMS0wMSZleHBhbmRlZD10cnVl",
      "RequestMethod": "GET",
      "RequestBody": "",
      "RequestHeaders": {
        "User-Agent": [
          "FxVersion/4.7.2102.0",
          "OSName/Windows10Enterprise",
          "OSVersion/6.3.15063",
          "Microsoft.Azure.Management.DataLake.Store.DataLakeStoreAccountManagementClient/2.3.0.0"
        ]
      },
      "ResponseBody": "{\r\n  \"status\": \"InProgress\"\r\n}",
      "ResponseHeaders": {
        "Content-Length": [
          "23"
        ],
        "Content-Type": [
          "application/json"
        ],
        "Expires": [
          "-1"
        ],
        "Pragma": [
          "no-cache"
        ],
        "x-ms-request-id": [
          "a4d8a081-0ba8-4bb8-b151-ff1abd4364cc"
        ],
        "X-Content-Type-Options": [
          "nosniff"
        ],
        "x-ms-ratelimit-remaining-subscription-reads": [
          "14988"
        ],
        "x-ms-correlation-request-id": [
          "32f18f52-f2cb-4509-8e82-38c865424b2a"
        ],
        "x-ms-routing-request-id": [
          "WESTUS:20170913T233624Z:32f18f52-f2cb-4509-8e82-38c865424b2a"
        ],
        "Strict-Transport-Security": [
          "max-age=31536000; includeSubDomains"
        ],
        "Connection": [
          "close"
        ],
        "Cache-Control": [
          "no-cache"
        ],
        "Date": [
          "Wed, 13 Sep 2017 23:36:24 GMT"
        ],
        "Server": [
          "Microsoft-IIS/8.5"
        ],
        "X-AspNet-Version": [
          "4.0.30319"
        ],
        "X-Powered-By": [
          "ASP.NET"
        ]
      },
      "StatusCode": 200
    },
    {
      "RequestUri": "/subscriptions/04319d6d-4a66-4701-bb2f-e7dbbd9ae4db/providers/Microsoft.DataLakeStore/locations/EastUS2/operationResults/19f3d3c1-35a1-4548-8298-1a932ec70a5f0?api-version=2016-11-01&expanded=true",
      "EncodedRequestUri": "L3N1YnNjcmlwdGlvbnMvMDQzMTlkNmQtNGE2Ni00NzAxLWJiMmYtZTdkYmJkOWFlNGRiL3Byb3ZpZGVycy9NaWNyb3NvZnQuRGF0YUxha2VTdG9yZS9sb2NhdGlvbnMvRWFzdFVTMi9vcGVyYXRpb25SZXN1bHRzLzE5ZjNkM2MxLTM1YTEtNDU0OC04Mjk4LTFhOTMyZWM3MGE1ZjA/YXBpLXZlcnNpb249MjAxNi0xMS0wMSZleHBhbmRlZD10cnVl",
      "RequestMethod": "GET",
      "RequestBody": "",
      "RequestHeaders": {
        "User-Agent": [
          "FxVersion/4.7.2102.0",
          "OSName/Windows10Enterprise",
          "OSVersion/6.3.15063",
          "Microsoft.Azure.Management.DataLake.Store.DataLakeStoreAccountManagementClient/2.3.0.0"
        ]
      },
      "ResponseBody": "{\r\n  \"status\": \"InProgress\"\r\n}",
      "ResponseHeaders": {
        "Content-Length": [
          "23"
        ],
        "Content-Type": [
          "application/json"
        ],
        "Expires": [
          "-1"
        ],
        "Pragma": [
          "no-cache"
        ],
        "x-ms-request-id": [
          "b71fbf52-7155-45ff-8adf-139e8cb2bbca"
        ],
        "X-Content-Type-Options": [
          "nosniff"
        ],
        "x-ms-ratelimit-remaining-subscription-reads": [
          "14993"
        ],
        "x-ms-correlation-request-id": [
          "77fbca58-d981-4aa6-886e-0952b1c2c231"
        ],
        "x-ms-routing-request-id": [
          "WESTUS:20170913T233625Z:77fbca58-d981-4aa6-886e-0952b1c2c231"
        ],
        "Strict-Transport-Security": [
          "max-age=31536000; includeSubDomains"
        ],
        "Connection": [
          "close"
        ],
        "Cache-Control": [
          "no-cache"
        ],
        "Date": [
          "Wed, 13 Sep 2017 23:36:24 GMT"
        ],
        "Server": [
          "Microsoft-IIS/8.5"
        ],
        "X-AspNet-Version": [
          "4.0.30319"
        ],
        "X-Powered-By": [
          "ASP.NET"
        ]
      },
      "StatusCode": 200
    },
    {
      "RequestUri": "/subscriptions/04319d6d-4a66-4701-bb2f-e7dbbd9ae4db/providers/Microsoft.DataLakeStore/locations/EastUS2/operationResults/19f3d3c1-35a1-4548-8298-1a932ec70a5f0?api-version=2016-11-01&expanded=true",
      "EncodedRequestUri": "L3N1YnNjcmlwdGlvbnMvMDQzMTlkNmQtNGE2Ni00NzAxLWJiMmYtZTdkYmJkOWFlNGRiL3Byb3ZpZGVycy9NaWNyb3NvZnQuRGF0YUxha2VTdG9yZS9sb2NhdGlvbnMvRWFzdFVTMi9vcGVyYXRpb25SZXN1bHRzLzE5ZjNkM2MxLTM1YTEtNDU0OC04Mjk4LTFhOTMyZWM3MGE1ZjA/YXBpLXZlcnNpb249MjAxNi0xMS0wMSZleHBhbmRlZD10cnVl",
      "RequestMethod": "GET",
      "RequestBody": "",
      "RequestHeaders": {
        "User-Agent": [
          "FxVersion/4.7.2102.0",
          "OSName/Windows10Enterprise",
          "OSVersion/6.3.15063",
          "Microsoft.Azure.Management.DataLake.Store.DataLakeStoreAccountManagementClient/2.3.0.0"
        ]
      },
      "ResponseBody": "{\r\n  \"status\": \"InProgress\"\r\n}",
      "ResponseHeaders": {
        "Content-Length": [
          "23"
        ],
        "Content-Type": [
          "application/json"
        ],
        "Expires": [
          "-1"
        ],
        "Pragma": [
          "no-cache"
        ],
        "x-ms-request-id": [
          "8332668e-635b-4e8d-8a6a-6e22576f2c47"
        ],
        "X-Content-Type-Options": [
          "nosniff"
        ],
        "x-ms-ratelimit-remaining-subscription-reads": [
          "14994"
        ],
        "x-ms-correlation-request-id": [
          "96d382d0-7069-41b1-b95a-9871c0bf453e"
        ],
        "x-ms-routing-request-id": [
          "WESTUS:20170913T233626Z:96d382d0-7069-41b1-b95a-9871c0bf453e"
        ],
        "Strict-Transport-Security": [
          "max-age=31536000; includeSubDomains"
        ],
        "Connection": [
          "close"
        ],
        "Cache-Control": [
          "no-cache"
        ],
        "Date": [
          "Wed, 13 Sep 2017 23:36:25 GMT"
        ],
        "Server": [
          "Microsoft-IIS/8.5"
        ],
        "X-AspNet-Version": [
          "4.0.30319"
        ],
        "X-Powered-By": [
          "ASP.NET"
        ]
      },
      "StatusCode": 200
    },
    {
      "RequestUri": "/subscriptions/04319d6d-4a66-4701-bb2f-e7dbbd9ae4db/providers/Microsoft.DataLakeStore/locations/EastUS2/operationResults/19f3d3c1-35a1-4548-8298-1a932ec70a5f0?api-version=2016-11-01&expanded=true",
      "EncodedRequestUri": "L3N1YnNjcmlwdGlvbnMvMDQzMTlkNmQtNGE2Ni00NzAxLWJiMmYtZTdkYmJkOWFlNGRiL3Byb3ZpZGVycy9NaWNyb3NvZnQuRGF0YUxha2VTdG9yZS9sb2NhdGlvbnMvRWFzdFVTMi9vcGVyYXRpb25SZXN1bHRzLzE5ZjNkM2MxLTM1YTEtNDU0OC04Mjk4LTFhOTMyZWM3MGE1ZjA/YXBpLXZlcnNpb249MjAxNi0xMS0wMSZleHBhbmRlZD10cnVl",
      "RequestMethod": "GET",
      "RequestBody": "",
      "RequestHeaders": {
        "User-Agent": [
          "FxVersion/4.7.2102.0",
          "OSName/Windows10Enterprise",
          "OSVersion/6.3.15063",
          "Microsoft.Azure.Management.DataLake.Store.DataLakeStoreAccountManagementClient/2.3.0.0"
        ]
      },
      "ResponseBody": "{\r\n  \"status\": \"InProgress\"\r\n}",
      "ResponseHeaders": {
        "Content-Length": [
          "23"
        ],
        "Content-Type": [
          "application/json"
        ],
        "Expires": [
          "-1"
        ],
        "Pragma": [
          "no-cache"
        ],
        "x-ms-request-id": [
          "82bc6e6a-6b89-4045-b7c7-1511914ed919"
        ],
        "X-Content-Type-Options": [
          "nosniff"
        ],
        "x-ms-ratelimit-remaining-subscription-reads": [
          "14988"
        ],
        "x-ms-correlation-request-id": [
          "98665952-0ac2-423b-a38c-a9493907a23c"
        ],
        "x-ms-routing-request-id": [
          "WESTUS:20170913T233627Z:98665952-0ac2-423b-a38c-a9493907a23c"
        ],
        "Strict-Transport-Security": [
          "max-age=31536000; includeSubDomains"
        ],
        "Connection": [
          "close"
        ],
        "Cache-Control": [
          "no-cache"
        ],
        "Date": [
          "Wed, 13 Sep 2017 23:36:26 GMT"
        ],
        "Server": [
          "Microsoft-IIS/8.5"
        ],
        "X-AspNet-Version": [
          "4.0.30319"
        ],
        "X-Powered-By": [
          "ASP.NET"
        ]
      },
      "StatusCode": 200
    },
    {
      "RequestUri": "/subscriptions/04319d6d-4a66-4701-bb2f-e7dbbd9ae4db/providers/Microsoft.DataLakeStore/locations/EastUS2/operationResults/19f3d3c1-35a1-4548-8298-1a932ec70a5f0?api-version=2016-11-01&expanded=true",
      "EncodedRequestUri": "L3N1YnNjcmlwdGlvbnMvMDQzMTlkNmQtNGE2Ni00NzAxLWJiMmYtZTdkYmJkOWFlNGRiL3Byb3ZpZGVycy9NaWNyb3NvZnQuRGF0YUxha2VTdG9yZS9sb2NhdGlvbnMvRWFzdFVTMi9vcGVyYXRpb25SZXN1bHRzLzE5ZjNkM2MxLTM1YTEtNDU0OC04Mjk4LTFhOTMyZWM3MGE1ZjA/YXBpLXZlcnNpb249MjAxNi0xMS0wMSZleHBhbmRlZD10cnVl",
      "RequestMethod": "GET",
      "RequestBody": "",
      "RequestHeaders": {
        "User-Agent": [
          "FxVersion/4.7.2102.0",
          "OSName/Windows10Enterprise",
          "OSVersion/6.3.15063",
          "Microsoft.Azure.Management.DataLake.Store.DataLakeStoreAccountManagementClient/2.3.0.0"
        ]
      },
      "ResponseBody": "{\r\n  \"status\": \"InProgress\"\r\n}",
      "ResponseHeaders": {
        "Content-Length": [
          "23"
        ],
        "Content-Type": [
          "application/json"
        ],
        "Expires": [
          "-1"
        ],
        "Pragma": [
          "no-cache"
        ],
        "x-ms-request-id": [
          "96e38778-67bc-4460-a793-27c692fd75e9"
        ],
        "X-Content-Type-Options": [
          "nosniff"
        ],
        "x-ms-ratelimit-remaining-subscription-reads": [
          "14986"
        ],
        "x-ms-correlation-request-id": [
          "930d50f8-0429-44b6-a3c9-e161b88b2d57"
        ],
        "x-ms-routing-request-id": [
          "WESTUS:20170913T233627Z:930d50f8-0429-44b6-a3c9-e161b88b2d57"
        ],
        "Strict-Transport-Security": [
          "max-age=31536000; includeSubDomains"
        ],
        "Connection": [
          "close"
        ],
        "Cache-Control": [
          "no-cache"
        ],
        "Date": [
          "Wed, 13 Sep 2017 23:36:27 GMT"
        ],
        "Server": [
          "Microsoft-IIS/8.5"
        ],
        "X-AspNet-Version": [
          "4.0.30319"
        ],
        "X-Powered-By": [
          "ASP.NET"
        ]
      },
      "StatusCode": 200
    },
    {
      "RequestUri": "/subscriptions/04319d6d-4a66-4701-bb2f-e7dbbd9ae4db/providers/Microsoft.DataLakeStore/locations/EastUS2/operationResults/19f3d3c1-35a1-4548-8298-1a932ec70a5f0?api-version=2016-11-01&expanded=true",
      "EncodedRequestUri": "L3N1YnNjcmlwdGlvbnMvMDQzMTlkNmQtNGE2Ni00NzAxLWJiMmYtZTdkYmJkOWFlNGRiL3Byb3ZpZGVycy9NaWNyb3NvZnQuRGF0YUxha2VTdG9yZS9sb2NhdGlvbnMvRWFzdFVTMi9vcGVyYXRpb25SZXN1bHRzLzE5ZjNkM2MxLTM1YTEtNDU0OC04Mjk4LTFhOTMyZWM3MGE1ZjA/YXBpLXZlcnNpb249MjAxNi0xMS0wMSZleHBhbmRlZD10cnVl",
      "RequestMethod": "GET",
      "RequestBody": "",
      "RequestHeaders": {
        "User-Agent": [
          "FxVersion/4.7.2102.0",
          "OSName/Windows10Enterprise",
          "OSVersion/6.3.15063",
          "Microsoft.Azure.Management.DataLake.Store.DataLakeStoreAccountManagementClient/2.3.0.0"
        ]
      },
      "ResponseBody": "{\r\n  \"status\": \"InProgress\"\r\n}",
      "ResponseHeaders": {
        "Content-Length": [
          "23"
        ],
        "Content-Type": [
          "application/json"
        ],
        "Expires": [
          "-1"
        ],
        "Pragma": [
          "no-cache"
        ],
        "x-ms-request-id": [
          "9c935cdd-696b-488f-a42d-9b110b468434"
        ],
        "X-Content-Type-Options": [
          "nosniff"
        ],
        "x-ms-ratelimit-remaining-subscription-reads": [
          "14984"
        ],
        "x-ms-correlation-request-id": [
          "b3305507-e983-49e9-9f46-8144153f17d4"
        ],
        "x-ms-routing-request-id": [
          "WESTUS:20170913T233628Z:b3305507-e983-49e9-9f46-8144153f17d4"
        ],
        "Strict-Transport-Security": [
          "max-age=31536000; includeSubDomains"
        ],
        "Connection": [
          "close"
        ],
        "Cache-Control": [
          "no-cache"
        ],
        "Date": [
          "Wed, 13 Sep 2017 23:36:27 GMT"
        ],
        "Server": [
          "Microsoft-IIS/8.5"
        ],
        "X-AspNet-Version": [
          "4.0.30319"
        ],
        "X-Powered-By": [
          "ASP.NET"
        ]
      },
      "StatusCode": 200
    },
    {
      "RequestUri": "/subscriptions/04319d6d-4a66-4701-bb2f-e7dbbd9ae4db/providers/Microsoft.DataLakeStore/locations/EastUS2/operationResults/19f3d3c1-35a1-4548-8298-1a932ec70a5f0?api-version=2016-11-01&expanded=true",
      "EncodedRequestUri": "L3N1YnNjcmlwdGlvbnMvMDQzMTlkNmQtNGE2Ni00NzAxLWJiMmYtZTdkYmJkOWFlNGRiL3Byb3ZpZGVycy9NaWNyb3NvZnQuRGF0YUxha2VTdG9yZS9sb2NhdGlvbnMvRWFzdFVTMi9vcGVyYXRpb25SZXN1bHRzLzE5ZjNkM2MxLTM1YTEtNDU0OC04Mjk4LTFhOTMyZWM3MGE1ZjA/YXBpLXZlcnNpb249MjAxNi0xMS0wMSZleHBhbmRlZD10cnVl",
      "RequestMethod": "GET",
      "RequestBody": "",
      "RequestHeaders": {
        "User-Agent": [
          "FxVersion/4.7.2102.0",
          "OSName/Windows10Enterprise",
          "OSVersion/6.3.15063",
          "Microsoft.Azure.Management.DataLake.Store.DataLakeStoreAccountManagementClient/2.3.0.0"
        ]
      },
      "ResponseBody": "{\r\n  \"status\": \"InProgress\"\r\n}",
      "ResponseHeaders": {
        "Content-Length": [
          "23"
        ],
        "Content-Type": [
          "application/json"
        ],
        "Expires": [
          "-1"
        ],
        "Pragma": [
          "no-cache"
        ],
        "x-ms-request-id": [
          "af2fe4fa-f583-4d56-8913-6a565fa8a256"
        ],
        "X-Content-Type-Options": [
          "nosniff"
        ],
        "x-ms-ratelimit-remaining-subscription-reads": [
          "14986"
        ],
        "x-ms-correlation-request-id": [
          "4a46d5c8-ee4e-48dc-830d-2218554b2a92"
        ],
        "x-ms-routing-request-id": [
          "WESTUS:20170913T233629Z:4a46d5c8-ee4e-48dc-830d-2218554b2a92"
        ],
        "Strict-Transport-Security": [
          "max-age=31536000; includeSubDomains"
        ],
        "Connection": [
          "close"
        ],
        "Cache-Control": [
          "no-cache"
        ],
        "Date": [
          "Wed, 13 Sep 2017 23:36:28 GMT"
        ],
        "Server": [
          "Microsoft-IIS/8.5"
        ],
        "X-AspNet-Version": [
          "4.0.30319"
        ],
        "X-Powered-By": [
          "ASP.NET"
        ]
      },
      "StatusCode": 200
    },
    {
      "RequestUri": "/subscriptions/04319d6d-4a66-4701-bb2f-e7dbbd9ae4db/providers/Microsoft.DataLakeStore/locations/EastUS2/operationResults/19f3d3c1-35a1-4548-8298-1a932ec70a5f0?api-version=2016-11-01&expanded=true",
      "EncodedRequestUri": "L3N1YnNjcmlwdGlvbnMvMDQzMTlkNmQtNGE2Ni00NzAxLWJiMmYtZTdkYmJkOWFlNGRiL3Byb3ZpZGVycy9NaWNyb3NvZnQuRGF0YUxha2VTdG9yZS9sb2NhdGlvbnMvRWFzdFVTMi9vcGVyYXRpb25SZXN1bHRzLzE5ZjNkM2MxLTM1YTEtNDU0OC04Mjk4LTFhOTMyZWM3MGE1ZjA/YXBpLXZlcnNpb249MjAxNi0xMS0wMSZleHBhbmRlZD10cnVl",
      "RequestMethod": "GET",
      "RequestBody": "",
      "RequestHeaders": {
        "User-Agent": [
          "FxVersion/4.7.2102.0",
          "OSName/Windows10Enterprise",
          "OSVersion/6.3.15063",
          "Microsoft.Azure.Management.DataLake.Store.DataLakeStoreAccountManagementClient/2.3.0.0"
        ]
      },
      "ResponseBody": "{\r\n  \"status\": \"InProgress\"\r\n}",
      "ResponseHeaders": {
        "Content-Length": [
          "23"
        ],
        "Content-Type": [
          "application/json"
        ],
        "Expires": [
          "-1"
        ],
        "Pragma": [
          "no-cache"
        ],
        "x-ms-request-id": [
          "7ac2de48-7002-4248-9177-191044e27e20"
        ],
        "X-Content-Type-Options": [
          "nosniff"
        ],
        "x-ms-ratelimit-remaining-subscription-reads": [
          "14996"
        ],
        "x-ms-correlation-request-id": [
          "44010f07-1802-4cda-b291-00bdb02dd084"
        ],
        "x-ms-routing-request-id": [
          "WESTUS:20170913T233629Z:44010f07-1802-4cda-b291-00bdb02dd084"
        ],
        "Strict-Transport-Security": [
          "max-age=31536000; includeSubDomains"
        ],
        "Connection": [
          "close"
        ],
        "Cache-Control": [
          "no-cache"
        ],
        "Date": [
          "Wed, 13 Sep 2017 23:36:29 GMT"
        ],
        "Server": [
          "Microsoft-IIS/8.5"
        ],
        "X-AspNet-Version": [
          "4.0.30319"
        ],
        "X-Powered-By": [
          "ASP.NET"
        ]
      },
      "StatusCode": 200
    },
    {
      "RequestUri": "/subscriptions/04319d6d-4a66-4701-bb2f-e7dbbd9ae4db/providers/Microsoft.DataLakeStore/locations/EastUS2/operationResults/19f3d3c1-35a1-4548-8298-1a932ec70a5f0?api-version=2016-11-01&expanded=true",
      "EncodedRequestUri": "L3N1YnNjcmlwdGlvbnMvMDQzMTlkNmQtNGE2Ni00NzAxLWJiMmYtZTdkYmJkOWFlNGRiL3Byb3ZpZGVycy9NaWNyb3NvZnQuRGF0YUxha2VTdG9yZS9sb2NhdGlvbnMvRWFzdFVTMi9vcGVyYXRpb25SZXN1bHRzLzE5ZjNkM2MxLTM1YTEtNDU0OC04Mjk4LTFhOTMyZWM3MGE1ZjA/YXBpLXZlcnNpb249MjAxNi0xMS0wMSZleHBhbmRlZD10cnVl",
      "RequestMethod": "GET",
      "RequestBody": "",
      "RequestHeaders": {
        "User-Agent": [
          "FxVersion/4.7.2102.0",
          "OSName/Windows10Enterprise",
          "OSVersion/6.3.15063",
          "Microsoft.Azure.Management.DataLake.Store.DataLakeStoreAccountManagementClient/2.3.0.0"
        ]
      },
      "ResponseBody": "{\r\n  \"status\": \"InProgress\"\r\n}",
      "ResponseHeaders": {
        "Content-Length": [
          "23"
        ],
        "Content-Type": [
          "application/json"
        ],
        "Expires": [
          "-1"
        ],
        "Pragma": [
          "no-cache"
        ],
        "x-ms-request-id": [
          "68867958-2500-41ff-bfbe-1ad81e8990eb"
        ],
        "X-Content-Type-Options": [
          "nosniff"
        ],
        "x-ms-ratelimit-remaining-subscription-reads": [
          "14979"
        ],
        "x-ms-correlation-request-id": [
          "ff0351f7-cf00-4a62-9e50-b967e15cd584"
        ],
        "x-ms-routing-request-id": [
          "WESTUS:20170913T233630Z:ff0351f7-cf00-4a62-9e50-b967e15cd584"
        ],
        "Strict-Transport-Security": [
          "max-age=31536000; includeSubDomains"
        ],
        "Connection": [
          "close"
        ],
        "Cache-Control": [
          "no-cache"
        ],
        "Date": [
          "Wed, 13 Sep 2017 23:36:29 GMT"
        ],
        "Server": [
          "Microsoft-IIS/8.5"
        ],
        "X-AspNet-Version": [
          "4.0.30319"
        ],
        "X-Powered-By": [
          "ASP.NET"
        ]
      },
      "StatusCode": 200
    },
    {
      "RequestUri": "/subscriptions/04319d6d-4a66-4701-bb2f-e7dbbd9ae4db/providers/Microsoft.DataLakeStore/locations/EastUS2/operationResults/19f3d3c1-35a1-4548-8298-1a932ec70a5f0?api-version=2016-11-01&expanded=true",
      "EncodedRequestUri": "L3N1YnNjcmlwdGlvbnMvMDQzMTlkNmQtNGE2Ni00NzAxLWJiMmYtZTdkYmJkOWFlNGRiL3Byb3ZpZGVycy9NaWNyb3NvZnQuRGF0YUxha2VTdG9yZS9sb2NhdGlvbnMvRWFzdFVTMi9vcGVyYXRpb25SZXN1bHRzLzE5ZjNkM2MxLTM1YTEtNDU0OC04Mjk4LTFhOTMyZWM3MGE1ZjA/YXBpLXZlcnNpb249MjAxNi0xMS0wMSZleHBhbmRlZD10cnVl",
      "RequestMethod": "GET",
      "RequestBody": "",
      "RequestHeaders": {
        "User-Agent": [
          "FxVersion/4.7.2102.0",
          "OSName/Windows10Enterprise",
          "OSVersion/6.3.15063",
          "Microsoft.Azure.Management.DataLake.Store.DataLakeStoreAccountManagementClient/2.3.0.0"
        ]
      },
      "ResponseBody": "{\r\n  \"status\": \"InProgress\"\r\n}",
      "ResponseHeaders": {
        "Content-Length": [
          "23"
        ],
        "Content-Type": [
          "application/json"
        ],
        "Expires": [
          "-1"
        ],
        "Pragma": [
          "no-cache"
        ],
        "x-ms-request-id": [
          "a568064c-14dc-4e61-a2e7-406cab74b1a1"
        ],
        "X-Content-Type-Options": [
          "nosniff"
        ],
        "x-ms-ratelimit-remaining-subscription-reads": [
          "14987"
        ],
        "x-ms-correlation-request-id": [
          "cb46e070-286a-4122-94f9-033a56a32eb1"
        ],
        "x-ms-routing-request-id": [
          "WESTUS:20170913T233630Z:cb46e070-286a-4122-94f9-033a56a32eb1"
        ],
        "Strict-Transport-Security": [
          "max-age=31536000; includeSubDomains"
        ],
        "Connection": [
          "close"
        ],
        "Cache-Control": [
          "no-cache"
        ],
        "Date": [
          "Wed, 13 Sep 2017 23:36:30 GMT"
        ],
        "Server": [
          "Microsoft-IIS/8.5"
        ],
        "X-AspNet-Version": [
          "4.0.30319"
        ],
        "X-Powered-By": [
          "ASP.NET"
        ]
      },
      "StatusCode": 200
    },
    {
      "RequestUri": "/subscriptions/04319d6d-4a66-4701-bb2f-e7dbbd9ae4db/providers/Microsoft.DataLakeStore/locations/EastUS2/operationResults/19f3d3c1-35a1-4548-8298-1a932ec70a5f0?api-version=2016-11-01&expanded=true",
      "EncodedRequestUri": "L3N1YnNjcmlwdGlvbnMvMDQzMTlkNmQtNGE2Ni00NzAxLWJiMmYtZTdkYmJkOWFlNGRiL3Byb3ZpZGVycy9NaWNyb3NvZnQuRGF0YUxha2VTdG9yZS9sb2NhdGlvbnMvRWFzdFVTMi9vcGVyYXRpb25SZXN1bHRzLzE5ZjNkM2MxLTM1YTEtNDU0OC04Mjk4LTFhOTMyZWM3MGE1ZjA/YXBpLXZlcnNpb249MjAxNi0xMS0wMSZleHBhbmRlZD10cnVl",
      "RequestMethod": "GET",
      "RequestBody": "",
      "RequestHeaders": {
        "User-Agent": [
          "FxVersion/4.7.2102.0",
          "OSName/Windows10Enterprise",
          "OSVersion/6.3.15063",
          "Microsoft.Azure.Management.DataLake.Store.DataLakeStoreAccountManagementClient/2.3.0.0"
        ]
      },
      "ResponseBody": "{\r\n  \"status\": \"InProgress\"\r\n}",
      "ResponseHeaders": {
        "Content-Length": [
          "23"
        ],
        "Content-Type": [
          "application/json"
        ],
        "Expires": [
          "-1"
        ],
        "Pragma": [
          "no-cache"
        ],
        "x-ms-request-id": [
          "4f4e382f-f203-45cd-8b20-20ebb99bd3ad"
        ],
        "X-Content-Type-Options": [
          "nosniff"
        ],
        "x-ms-ratelimit-remaining-subscription-reads": [
          "14992"
        ],
        "x-ms-correlation-request-id": [
          "7d6746fd-7ed1-4b08-800a-5ceacc8cb53d"
        ],
        "x-ms-routing-request-id": [
          "WESTUS:20170913T233631Z:7d6746fd-7ed1-4b08-800a-5ceacc8cb53d"
        ],
        "Strict-Transport-Security": [
          "max-age=31536000; includeSubDomains"
        ],
        "Connection": [
          "close"
        ],
        "Cache-Control": [
          "no-cache"
        ],
        "Date": [
          "Wed, 13 Sep 2017 23:36:30 GMT"
        ],
        "Server": [
          "Microsoft-IIS/8.5"
        ],
        "X-AspNet-Version": [
          "4.0.30319"
        ],
        "X-Powered-By": [
          "ASP.NET"
        ]
      },
      "StatusCode": 200
    },
    {
      "RequestUri": "/subscriptions/04319d6d-4a66-4701-bb2f-e7dbbd9ae4db/providers/Microsoft.DataLakeStore/locations/EastUS2/operationResults/19f3d3c1-35a1-4548-8298-1a932ec70a5f0?api-version=2016-11-01&expanded=true",
      "EncodedRequestUri": "L3N1YnNjcmlwdGlvbnMvMDQzMTlkNmQtNGE2Ni00NzAxLWJiMmYtZTdkYmJkOWFlNGRiL3Byb3ZpZGVycy9NaWNyb3NvZnQuRGF0YUxha2VTdG9yZS9sb2NhdGlvbnMvRWFzdFVTMi9vcGVyYXRpb25SZXN1bHRzLzE5ZjNkM2MxLTM1YTEtNDU0OC04Mjk4LTFhOTMyZWM3MGE1ZjA/YXBpLXZlcnNpb249MjAxNi0xMS0wMSZleHBhbmRlZD10cnVl",
      "RequestMethod": "GET",
      "RequestBody": "",
      "RequestHeaders": {
        "User-Agent": [
          "FxVersion/4.7.2102.0",
          "OSName/Windows10Enterprise",
          "OSVersion/6.3.15063",
          "Microsoft.Azure.Management.DataLake.Store.DataLakeStoreAccountManagementClient/2.3.0.0"
        ]
      },
      "ResponseBody": "{\r\n  \"status\": \"InProgress\"\r\n}",
      "ResponseHeaders": {
        "Content-Length": [
          "23"
        ],
        "Content-Type": [
          "application/json"
        ],
        "Expires": [
          "-1"
        ],
        "Pragma": [
          "no-cache"
        ],
        "x-ms-request-id": [
          "f4d59488-58b7-417a-964c-0ec6016d50d0"
        ],
        "X-Content-Type-Options": [
          "nosniff"
        ],
        "x-ms-ratelimit-remaining-subscription-reads": [
          "14993"
        ],
        "x-ms-correlation-request-id": [
          "e956cdf9-f46f-466b-a05a-796d0bf225fb"
        ],
        "x-ms-routing-request-id": [
          "WESTUS:20170913T233631Z:e956cdf9-f46f-466b-a05a-796d0bf225fb"
        ],
        "Strict-Transport-Security": [
          "max-age=31536000; includeSubDomains"
        ],
        "Connection": [
          "close"
        ],
        "Cache-Control": [
          "no-cache"
        ],
        "Date": [
          "Wed, 13 Sep 2017 23:36:31 GMT"
        ],
        "Server": [
          "Microsoft-IIS/8.5"
        ],
        "X-AspNet-Version": [
          "4.0.30319"
        ],
        "X-Powered-By": [
          "ASP.NET"
        ]
      },
      "StatusCode": 200
    },
    {
      "RequestUri": "/subscriptions/04319d6d-4a66-4701-bb2f-e7dbbd9ae4db/providers/Microsoft.DataLakeStore/locations/EastUS2/operationResults/19f3d3c1-35a1-4548-8298-1a932ec70a5f0?api-version=2016-11-01&expanded=true",
      "EncodedRequestUri": "L3N1YnNjcmlwdGlvbnMvMDQzMTlkNmQtNGE2Ni00NzAxLWJiMmYtZTdkYmJkOWFlNGRiL3Byb3ZpZGVycy9NaWNyb3NvZnQuRGF0YUxha2VTdG9yZS9sb2NhdGlvbnMvRWFzdFVTMi9vcGVyYXRpb25SZXN1bHRzLzE5ZjNkM2MxLTM1YTEtNDU0OC04Mjk4LTFhOTMyZWM3MGE1ZjA/YXBpLXZlcnNpb249MjAxNi0xMS0wMSZleHBhbmRlZD10cnVl",
      "RequestMethod": "GET",
      "RequestBody": "",
      "RequestHeaders": {
        "User-Agent": [
          "FxVersion/4.7.2102.0",
          "OSName/Windows10Enterprise",
          "OSVersion/6.3.15063",
          "Microsoft.Azure.Management.DataLake.Store.DataLakeStoreAccountManagementClient/2.3.0.0"
        ]
      },
      "ResponseBody": "{\r\n  \"status\": \"InProgress\"\r\n}",
      "ResponseHeaders": {
        "Content-Length": [
          "23"
        ],
        "Content-Type": [
          "application/json"
        ],
        "Expires": [
          "-1"
        ],
        "Pragma": [
          "no-cache"
        ],
        "x-ms-request-id": [
          "b889f579-5058-4e6e-9b15-fdb3930790f4"
        ],
        "X-Content-Type-Options": [
          "nosniff"
        ],
        "x-ms-ratelimit-remaining-subscription-reads": [
          "14993"
        ],
        "x-ms-correlation-request-id": [
          "8cc78c16-5631-4e9b-b866-4f60f3a7db83"
        ],
        "x-ms-routing-request-id": [
          "WESTUS:20170913T233632Z:8cc78c16-5631-4e9b-b866-4f60f3a7db83"
        ],
        "Strict-Transport-Security": [
          "max-age=31536000; includeSubDomains"
        ],
        "Connection": [
          "close"
        ],
        "Cache-Control": [
          "no-cache"
        ],
        "Date": [
          "Wed, 13 Sep 2017 23:36:32 GMT"
        ],
        "Server": [
          "Microsoft-IIS/8.5"
        ],
        "X-AspNet-Version": [
          "4.0.30319"
        ],
        "X-Powered-By": [
          "ASP.NET"
        ]
      },
      "StatusCode": 200
    },
    {
      "RequestUri": "/subscriptions/04319d6d-4a66-4701-bb2f-e7dbbd9ae4db/providers/Microsoft.DataLakeStore/locations/EastUS2/operationResults/19f3d3c1-35a1-4548-8298-1a932ec70a5f0?api-version=2016-11-01&expanded=true",
      "EncodedRequestUri": "L3N1YnNjcmlwdGlvbnMvMDQzMTlkNmQtNGE2Ni00NzAxLWJiMmYtZTdkYmJkOWFlNGRiL3Byb3ZpZGVycy9NaWNyb3NvZnQuRGF0YUxha2VTdG9yZS9sb2NhdGlvbnMvRWFzdFVTMi9vcGVyYXRpb25SZXN1bHRzLzE5ZjNkM2MxLTM1YTEtNDU0OC04Mjk4LTFhOTMyZWM3MGE1ZjA/YXBpLXZlcnNpb249MjAxNi0xMS0wMSZleHBhbmRlZD10cnVl",
      "RequestMethod": "GET",
      "RequestBody": "",
      "RequestHeaders": {
        "User-Agent": [
          "FxVersion/4.7.2102.0",
          "OSName/Windows10Enterprise",
          "OSVersion/6.3.15063",
          "Microsoft.Azure.Management.DataLake.Store.DataLakeStoreAccountManagementClient/2.3.0.0"
        ]
      },
      "ResponseBody": "{\r\n  \"status\": \"InProgress\"\r\n}",
      "ResponseHeaders": {
        "Content-Length": [
          "23"
        ],
        "Content-Type": [
          "application/json"
        ],
        "Expires": [
          "-1"
        ],
        "Pragma": [
          "no-cache"
        ],
        "x-ms-request-id": [
          "07080fa1-61d2-45a8-8696-d6a6e77e2d09"
        ],
        "X-Content-Type-Options": [
          "nosniff"
        ],
        "x-ms-ratelimit-remaining-subscription-reads": [
          "14985"
        ],
        "x-ms-correlation-request-id": [
          "b038fdd7-2eca-4333-aae7-3b5524ab504d"
        ],
        "x-ms-routing-request-id": [
          "WESTUS:20170913T233633Z:b038fdd7-2eca-4333-aae7-3b5524ab504d"
        ],
        "Strict-Transport-Security": [
          "max-age=31536000; includeSubDomains"
        ],
        "Connection": [
          "close"
        ],
        "Cache-Control": [
          "no-cache"
        ],
        "Date": [
          "Wed, 13 Sep 2017 23:36:32 GMT"
        ],
        "Server": [
          "Microsoft-IIS/8.5"
        ],
        "X-AspNet-Version": [
          "4.0.30319"
        ],
        "X-Powered-By": [
          "ASP.NET"
        ]
      },
      "StatusCode": 200
    },
    {
      "RequestUri": "/subscriptions/04319d6d-4a66-4701-bb2f-e7dbbd9ae4db/providers/Microsoft.DataLakeStore/locations/EastUS2/operationResults/19f3d3c1-35a1-4548-8298-1a932ec70a5f0?api-version=2016-11-01&expanded=true",
      "EncodedRequestUri": "L3N1YnNjcmlwdGlvbnMvMDQzMTlkNmQtNGE2Ni00NzAxLWJiMmYtZTdkYmJkOWFlNGRiL3Byb3ZpZGVycy9NaWNyb3NvZnQuRGF0YUxha2VTdG9yZS9sb2NhdGlvbnMvRWFzdFVTMi9vcGVyYXRpb25SZXN1bHRzLzE5ZjNkM2MxLTM1YTEtNDU0OC04Mjk4LTFhOTMyZWM3MGE1ZjA/YXBpLXZlcnNpb249MjAxNi0xMS0wMSZleHBhbmRlZD10cnVl",
      "RequestMethod": "GET",
      "RequestBody": "",
      "RequestHeaders": {
        "User-Agent": [
          "FxVersion/4.7.2102.0",
          "OSName/Windows10Enterprise",
          "OSVersion/6.3.15063",
          "Microsoft.Azure.Management.DataLake.Store.DataLakeStoreAccountManagementClient/2.3.0.0"
        ]
      },
      "ResponseBody": "{\r\n  \"status\": \"InProgress\"\r\n}",
      "ResponseHeaders": {
        "Content-Length": [
          "23"
        ],
        "Content-Type": [
          "application/json"
        ],
        "Expires": [
          "-1"
        ],
        "Pragma": [
          "no-cache"
        ],
        "x-ms-request-id": [
          "12699fc8-4543-479d-903a-f1f7af1ce8bb"
        ],
        "X-Content-Type-Options": [
          "nosniff"
        ],
        "x-ms-ratelimit-remaining-subscription-reads": [
          "14989"
        ],
        "x-ms-correlation-request-id": [
          "9735f956-4ce6-4ac4-877c-85cd8cd919e4"
        ],
        "x-ms-routing-request-id": [
          "WESTUS:20170913T233633Z:9735f956-4ce6-4ac4-877c-85cd8cd919e4"
        ],
        "Strict-Transport-Security": [
          "max-age=31536000; includeSubDomains"
        ],
        "Connection": [
          "close"
        ],
        "Cache-Control": [
          "no-cache"
        ],
        "Date": [
          "Wed, 13 Sep 2017 23:36:33 GMT"
        ],
        "Server": [
          "Microsoft-IIS/8.5"
        ],
        "X-AspNet-Version": [
          "4.0.30319"
        ],
        "X-Powered-By": [
          "ASP.NET"
        ]
      },
      "StatusCode": 200
    },
    {
      "RequestUri": "/subscriptions/04319d6d-4a66-4701-bb2f-e7dbbd9ae4db/providers/Microsoft.DataLakeStore/locations/EastUS2/operationResults/19f3d3c1-35a1-4548-8298-1a932ec70a5f0?api-version=2016-11-01&expanded=true",
      "EncodedRequestUri": "L3N1YnNjcmlwdGlvbnMvMDQzMTlkNmQtNGE2Ni00NzAxLWJiMmYtZTdkYmJkOWFlNGRiL3Byb3ZpZGVycy9NaWNyb3NvZnQuRGF0YUxha2VTdG9yZS9sb2NhdGlvbnMvRWFzdFVTMi9vcGVyYXRpb25SZXN1bHRzLzE5ZjNkM2MxLTM1YTEtNDU0OC04Mjk4LTFhOTMyZWM3MGE1ZjA/YXBpLXZlcnNpb249MjAxNi0xMS0wMSZleHBhbmRlZD10cnVl",
      "RequestMethod": "GET",
      "RequestBody": "",
      "RequestHeaders": {
        "User-Agent": [
          "FxVersion/4.7.2102.0",
          "OSName/Windows10Enterprise",
          "OSVersion/6.3.15063",
          "Microsoft.Azure.Management.DataLake.Store.DataLakeStoreAccountManagementClient/2.3.0.0"
        ]
      },
      "ResponseBody": "{\r\n  \"status\": \"InProgress\"\r\n}",
      "ResponseHeaders": {
        "Content-Length": [
          "23"
        ],
        "Content-Type": [
          "application/json"
        ],
        "Expires": [
          "-1"
        ],
        "Pragma": [
          "no-cache"
        ],
        "x-ms-request-id": [
          "907eec8e-3d8e-4f99-8560-2f73d6e33923"
        ],
        "X-Content-Type-Options": [
          "nosniff"
        ],
        "x-ms-ratelimit-remaining-subscription-reads": [
          "14988"
        ],
        "x-ms-correlation-request-id": [
          "96cb37d7-a9ec-40bc-9a87-d3eef7ec0e26"
        ],
        "x-ms-routing-request-id": [
          "WESTUS:20170913T233634Z:96cb37d7-a9ec-40bc-9a87-d3eef7ec0e26"
        ],
        "Strict-Transport-Security": [
          "max-age=31536000; includeSubDomains"
        ],
        "Connection": [
          "close"
        ],
        "Cache-Control": [
          "no-cache"
        ],
        "Date": [
          "Wed, 13 Sep 2017 23:36:34 GMT"
        ],
        "Server": [
          "Microsoft-IIS/8.5"
        ],
        "X-AspNet-Version": [
          "4.0.30319"
        ],
        "X-Powered-By": [
          "ASP.NET"
        ]
      },
      "StatusCode": 200
    },
    {
      "RequestUri": "/subscriptions/04319d6d-4a66-4701-bb2f-e7dbbd9ae4db/providers/Microsoft.DataLakeStore/locations/EastUS2/operationResults/19f3d3c1-35a1-4548-8298-1a932ec70a5f0?api-version=2016-11-01&expanded=true",
      "EncodedRequestUri": "L3N1YnNjcmlwdGlvbnMvMDQzMTlkNmQtNGE2Ni00NzAxLWJiMmYtZTdkYmJkOWFlNGRiL3Byb3ZpZGVycy9NaWNyb3NvZnQuRGF0YUxha2VTdG9yZS9sb2NhdGlvbnMvRWFzdFVTMi9vcGVyYXRpb25SZXN1bHRzLzE5ZjNkM2MxLTM1YTEtNDU0OC04Mjk4LTFhOTMyZWM3MGE1ZjA/YXBpLXZlcnNpb249MjAxNi0xMS0wMSZleHBhbmRlZD10cnVl",
      "RequestMethod": "GET",
      "RequestBody": "",
      "RequestHeaders": {
        "User-Agent": [
          "FxVersion/4.7.2102.0",
          "OSName/Windows10Enterprise",
          "OSVersion/6.3.15063",
          "Microsoft.Azure.Management.DataLake.Store.DataLakeStoreAccountManagementClient/2.3.0.0"
        ]
      },
      "ResponseBody": "{\r\n  \"status\": \"InProgress\"\r\n}",
      "ResponseHeaders": {
        "Content-Length": [
          "23"
        ],
        "Content-Type": [
          "application/json"
        ],
        "Expires": [
          "-1"
        ],
        "Pragma": [
          "no-cache"
        ],
        "x-ms-request-id": [
          "c0b6b1ce-e84d-4298-ac0b-7c4e3210679d"
        ],
        "X-Content-Type-Options": [
          "nosniff"
        ],
        "x-ms-ratelimit-remaining-subscription-reads": [
          "14988"
        ],
        "x-ms-correlation-request-id": [
          "46363819-d099-415c-a0fc-c470471e4a22"
        ],
        "x-ms-routing-request-id": [
          "WESTUS:20170913T233635Z:46363819-d099-415c-a0fc-c470471e4a22"
        ],
        "Strict-Transport-Security": [
          "max-age=31536000; includeSubDomains"
        ],
        "Connection": [
          "close"
        ],
        "Cache-Control": [
          "no-cache"
        ],
        "Date": [
          "Wed, 13 Sep 2017 23:36:34 GMT"
        ],
        "Server": [
          "Microsoft-IIS/8.5"
        ],
        "X-AspNet-Version": [
          "4.0.30319"
        ],
        "X-Powered-By": [
          "ASP.NET"
        ]
      },
      "StatusCode": 200
    },
    {
      "RequestUri": "/subscriptions/04319d6d-4a66-4701-bb2f-e7dbbd9ae4db/providers/Microsoft.DataLakeStore/locations/EastUS2/operationResults/19f3d3c1-35a1-4548-8298-1a932ec70a5f0?api-version=2016-11-01&expanded=true",
      "EncodedRequestUri": "L3N1YnNjcmlwdGlvbnMvMDQzMTlkNmQtNGE2Ni00NzAxLWJiMmYtZTdkYmJkOWFlNGRiL3Byb3ZpZGVycy9NaWNyb3NvZnQuRGF0YUxha2VTdG9yZS9sb2NhdGlvbnMvRWFzdFVTMi9vcGVyYXRpb25SZXN1bHRzLzE5ZjNkM2MxLTM1YTEtNDU0OC04Mjk4LTFhOTMyZWM3MGE1ZjA/YXBpLXZlcnNpb249MjAxNi0xMS0wMSZleHBhbmRlZD10cnVl",
      "RequestMethod": "GET",
      "RequestBody": "",
      "RequestHeaders": {
        "User-Agent": [
          "FxVersion/4.7.2102.0",
          "OSName/Windows10Enterprise",
          "OSVersion/6.3.15063",
          "Microsoft.Azure.Management.DataLake.Store.DataLakeStoreAccountManagementClient/2.3.0.0"
        ]
      },
      "ResponseBody": "{\r\n  \"status\": \"InProgress\"\r\n}",
      "ResponseHeaders": {
        "Content-Length": [
          "23"
        ],
        "Content-Type": [
          "application/json"
        ],
        "Expires": [
          "-1"
        ],
        "Pragma": [
          "no-cache"
        ],
        "x-ms-request-id": [
          "8bbfa668-c466-4a17-b10c-080f06758f1b"
        ],
        "X-Content-Type-Options": [
          "nosniff"
        ],
        "x-ms-ratelimit-remaining-subscription-reads": [
          "14994"
        ],
        "x-ms-correlation-request-id": [
          "6922be21-705f-4c4c-b3c4-9c6531d0f55a"
        ],
        "x-ms-routing-request-id": [
          "WESTUS:20170913T233636Z:6922be21-705f-4c4c-b3c4-9c6531d0f55a"
        ],
        "Strict-Transport-Security": [
          "max-age=31536000; includeSubDomains"
        ],
        "Connection": [
          "close"
        ],
        "Cache-Control": [
          "no-cache"
        ],
        "Date": [
          "Wed, 13 Sep 2017 23:36:35 GMT"
        ],
        "Server": [
          "Microsoft-IIS/8.5"
        ],
        "X-AspNet-Version": [
          "4.0.30319"
        ],
        "X-Powered-By": [
          "ASP.NET"
        ]
      },
      "StatusCode": 200
    },
    {
      "RequestUri": "/subscriptions/04319d6d-4a66-4701-bb2f-e7dbbd9ae4db/providers/Microsoft.DataLakeStore/locations/EastUS2/operationResults/19f3d3c1-35a1-4548-8298-1a932ec70a5f0?api-version=2016-11-01&expanded=true",
      "EncodedRequestUri": "L3N1YnNjcmlwdGlvbnMvMDQzMTlkNmQtNGE2Ni00NzAxLWJiMmYtZTdkYmJkOWFlNGRiL3Byb3ZpZGVycy9NaWNyb3NvZnQuRGF0YUxha2VTdG9yZS9sb2NhdGlvbnMvRWFzdFVTMi9vcGVyYXRpb25SZXN1bHRzLzE5ZjNkM2MxLTM1YTEtNDU0OC04Mjk4LTFhOTMyZWM3MGE1ZjA/YXBpLXZlcnNpb249MjAxNi0xMS0wMSZleHBhbmRlZD10cnVl",
      "RequestMethod": "GET",
      "RequestBody": "",
      "RequestHeaders": {
        "User-Agent": [
          "FxVersion/4.7.2102.0",
          "OSName/Windows10Enterprise",
          "OSVersion/6.3.15063",
          "Microsoft.Azure.Management.DataLake.Store.DataLakeStoreAccountManagementClient/2.3.0.0"
        ]
      },
      "ResponseBody": "{\r\n  \"status\": \"InProgress\"\r\n}",
      "ResponseHeaders": {
        "Content-Length": [
          "23"
        ],
        "Content-Type": [
          "application/json"
        ],
        "Expires": [
          "-1"
        ],
        "Pragma": [
          "no-cache"
        ],
        "x-ms-request-id": [
          "8435d472-0aa1-4cd5-a85e-43cc6069f412"
        ],
        "X-Content-Type-Options": [
          "nosniff"
        ],
        "x-ms-ratelimit-remaining-subscription-reads": [
          "14987"
        ],
        "x-ms-correlation-request-id": [
          "58138a04-db18-4ec2-a17a-bec28373d801"
        ],
        "x-ms-routing-request-id": [
          "WESTUS:20170913T233636Z:58138a04-db18-4ec2-a17a-bec28373d801"
        ],
        "Strict-Transport-Security": [
          "max-age=31536000; includeSubDomains"
        ],
        "Connection": [
          "close"
        ],
        "Cache-Control": [
          "no-cache"
        ],
        "Date": [
          "Wed, 13 Sep 2017 23:36:36 GMT"
        ],
        "Server": [
          "Microsoft-IIS/8.5"
        ],
        "X-AspNet-Version": [
          "4.0.30319"
        ],
        "X-Powered-By": [
          "ASP.NET"
        ]
      },
      "StatusCode": 200
    },
    {
      "RequestUri": "/subscriptions/04319d6d-4a66-4701-bb2f-e7dbbd9ae4db/providers/Microsoft.DataLakeStore/locations/EastUS2/operationResults/19f3d3c1-35a1-4548-8298-1a932ec70a5f0?api-version=2016-11-01&expanded=true",
      "EncodedRequestUri": "L3N1YnNjcmlwdGlvbnMvMDQzMTlkNmQtNGE2Ni00NzAxLWJiMmYtZTdkYmJkOWFlNGRiL3Byb3ZpZGVycy9NaWNyb3NvZnQuRGF0YUxha2VTdG9yZS9sb2NhdGlvbnMvRWFzdFVTMi9vcGVyYXRpb25SZXN1bHRzLzE5ZjNkM2MxLTM1YTEtNDU0OC04Mjk4LTFhOTMyZWM3MGE1ZjA/YXBpLXZlcnNpb249MjAxNi0xMS0wMSZleHBhbmRlZD10cnVl",
      "RequestMethod": "GET",
      "RequestBody": "",
      "RequestHeaders": {
        "User-Agent": [
          "FxVersion/4.7.2102.0",
          "OSName/Windows10Enterprise",
          "OSVersion/6.3.15063",
          "Microsoft.Azure.Management.DataLake.Store.DataLakeStoreAccountManagementClient/2.3.0.0"
        ]
      },
      "ResponseBody": "{\r\n  \"status\": \"InProgress\"\r\n}",
      "ResponseHeaders": {
        "Content-Length": [
          "23"
        ],
        "Content-Type": [
          "application/json"
        ],
        "Expires": [
          "-1"
        ],
        "Pragma": [
          "no-cache"
        ],
        "x-ms-request-id": [
          "d8e7b692-0763-4567-91d5-c21a19944ac8"
        ],
        "X-Content-Type-Options": [
          "nosniff"
        ],
        "x-ms-ratelimit-remaining-subscription-reads": [
          "14972"
        ],
        "x-ms-correlation-request-id": [
          "7e63428c-6172-43a1-9e25-dfe304b97453"
        ],
        "x-ms-routing-request-id": [
          "WESTUS:20170913T233637Z:7e63428c-6172-43a1-9e25-dfe304b97453"
        ],
        "Strict-Transport-Security": [
          "max-age=31536000; includeSubDomains"
        ],
        "Connection": [
          "close"
        ],
        "Cache-Control": [
          "no-cache"
        ],
        "Date": [
          "Wed, 13 Sep 2017 23:36:36 GMT"
        ],
        "Server": [
          "Microsoft-IIS/8.5"
        ],
        "X-AspNet-Version": [
          "4.0.30319"
        ],
        "X-Powered-By": [
          "ASP.NET"
        ]
      },
      "StatusCode": 200
    },
    {
      "RequestUri": "/subscriptions/04319d6d-4a66-4701-bb2f-e7dbbd9ae4db/providers/Microsoft.DataLakeStore/locations/EastUS2/operationResults/19f3d3c1-35a1-4548-8298-1a932ec70a5f0?api-version=2016-11-01&expanded=true",
      "EncodedRequestUri": "L3N1YnNjcmlwdGlvbnMvMDQzMTlkNmQtNGE2Ni00NzAxLWJiMmYtZTdkYmJkOWFlNGRiL3Byb3ZpZGVycy9NaWNyb3NvZnQuRGF0YUxha2VTdG9yZS9sb2NhdGlvbnMvRWFzdFVTMi9vcGVyYXRpb25SZXN1bHRzLzE5ZjNkM2MxLTM1YTEtNDU0OC04Mjk4LTFhOTMyZWM3MGE1ZjA/YXBpLXZlcnNpb249MjAxNi0xMS0wMSZleHBhbmRlZD10cnVl",
      "RequestMethod": "GET",
      "RequestBody": "",
      "RequestHeaders": {
        "User-Agent": [
          "FxVersion/4.7.2102.0",
          "OSName/Windows10Enterprise",
          "OSVersion/6.3.15063",
          "Microsoft.Azure.Management.DataLake.Store.DataLakeStoreAccountManagementClient/2.3.0.0"
        ]
      },
      "ResponseBody": "{\r\n  \"status\": \"InProgress\"\r\n}",
      "ResponseHeaders": {
        "Content-Length": [
          "23"
        ],
        "Content-Type": [
          "application/json"
        ],
        "Expires": [
          "-1"
        ],
        "Pragma": [
          "no-cache"
        ],
        "x-ms-request-id": [
          "1eb1ca35-69dc-4e7f-98e2-88fe6ebadf6f"
        ],
        "X-Content-Type-Options": [
          "nosniff"
        ],
        "x-ms-ratelimit-remaining-subscription-reads": [
          "14998"
        ],
        "x-ms-correlation-request-id": [
          "49673f81-a336-4a28-a62d-fe99c967debf"
        ],
        "x-ms-routing-request-id": [
          "WESTUS:20170913T233637Z:49673f81-a336-4a28-a62d-fe99c967debf"
        ],
        "Strict-Transport-Security": [
          "max-age=31536000; includeSubDomains"
        ],
        "Connection": [
          "close"
        ],
        "Cache-Control": [
          "no-cache"
        ],
        "Date": [
          "Wed, 13 Sep 2017 23:36:37 GMT"
        ],
        "Server": [
          "Microsoft-IIS/8.5"
        ],
        "X-AspNet-Version": [
          "4.0.30319"
        ],
        "X-Powered-By": [
          "ASP.NET"
        ]
      },
      "StatusCode": 200
    },
    {
      "RequestUri": "/subscriptions/04319d6d-4a66-4701-bb2f-e7dbbd9ae4db/providers/Microsoft.DataLakeStore/locations/EastUS2/operationResults/19f3d3c1-35a1-4548-8298-1a932ec70a5f0?api-version=2016-11-01&expanded=true",
      "EncodedRequestUri": "L3N1YnNjcmlwdGlvbnMvMDQzMTlkNmQtNGE2Ni00NzAxLWJiMmYtZTdkYmJkOWFlNGRiL3Byb3ZpZGVycy9NaWNyb3NvZnQuRGF0YUxha2VTdG9yZS9sb2NhdGlvbnMvRWFzdFVTMi9vcGVyYXRpb25SZXN1bHRzLzE5ZjNkM2MxLTM1YTEtNDU0OC04Mjk4LTFhOTMyZWM3MGE1ZjA/YXBpLXZlcnNpb249MjAxNi0xMS0wMSZleHBhbmRlZD10cnVl",
      "RequestMethod": "GET",
      "RequestBody": "",
      "RequestHeaders": {
        "User-Agent": [
          "FxVersion/4.7.2102.0",
          "OSName/Windows10Enterprise",
          "OSVersion/6.3.15063",
          "Microsoft.Azure.Management.DataLake.Store.DataLakeStoreAccountManagementClient/2.3.0.0"
        ]
      },
      "ResponseBody": "{\r\n  \"status\": \"InProgress\"\r\n}",
      "ResponseHeaders": {
        "Content-Length": [
          "23"
        ],
        "Content-Type": [
          "application/json"
        ],
        "Expires": [
          "-1"
        ],
        "Pragma": [
          "no-cache"
        ],
        "x-ms-request-id": [
          "732caf6f-5517-4821-ba77-8df83c1b3533"
        ],
        "X-Content-Type-Options": [
          "nosniff"
        ],
        "x-ms-ratelimit-remaining-subscription-reads": [
          "14981"
        ],
        "x-ms-correlation-request-id": [
          "9dab82f2-b141-41d8-b45d-afc81484cc6e"
        ],
        "x-ms-routing-request-id": [
          "WESTUS:20170913T233638Z:9dab82f2-b141-41d8-b45d-afc81484cc6e"
        ],
        "Strict-Transport-Security": [
          "max-age=31536000; includeSubDomains"
        ],
        "Connection": [
          "close"
        ],
        "Cache-Control": [
          "no-cache"
        ],
        "Date": [
          "Wed, 13 Sep 2017 23:36:38 GMT"
        ],
        "Server": [
          "Microsoft-IIS/8.5"
        ],
        "X-AspNet-Version": [
          "4.0.30319"
        ],
        "X-Powered-By": [
          "ASP.NET"
        ]
      },
      "StatusCode": 200
    },
    {
      "RequestUri": "/subscriptions/04319d6d-4a66-4701-bb2f-e7dbbd9ae4db/providers/Microsoft.DataLakeStore/locations/EastUS2/operationResults/19f3d3c1-35a1-4548-8298-1a932ec70a5f0?api-version=2016-11-01&expanded=true",
      "EncodedRequestUri": "L3N1YnNjcmlwdGlvbnMvMDQzMTlkNmQtNGE2Ni00NzAxLWJiMmYtZTdkYmJkOWFlNGRiL3Byb3ZpZGVycy9NaWNyb3NvZnQuRGF0YUxha2VTdG9yZS9sb2NhdGlvbnMvRWFzdFVTMi9vcGVyYXRpb25SZXN1bHRzLzE5ZjNkM2MxLTM1YTEtNDU0OC04Mjk4LTFhOTMyZWM3MGE1ZjA/YXBpLXZlcnNpb249MjAxNi0xMS0wMSZleHBhbmRlZD10cnVl",
      "RequestMethod": "GET",
      "RequestBody": "",
      "RequestHeaders": {
        "User-Agent": [
          "FxVersion/4.7.2102.0",
          "OSName/Windows10Enterprise",
          "OSVersion/6.3.15063",
          "Microsoft.Azure.Management.DataLake.Store.DataLakeStoreAccountManagementClient/2.3.0.0"
        ]
      },
      "ResponseBody": "{\r\n  \"status\": \"InProgress\"\r\n}",
      "ResponseHeaders": {
        "Content-Length": [
          "23"
        ],
        "Content-Type": [
          "application/json"
        ],
        "Expires": [
          "-1"
        ],
        "Pragma": [
          "no-cache"
        ],
        "x-ms-request-id": [
          "ae0ba241-026f-4f9b-afc0-e5fe416750dc"
        ],
        "X-Content-Type-Options": [
          "nosniff"
        ],
        "x-ms-ratelimit-remaining-subscription-reads": [
          "14983"
        ],
        "x-ms-correlation-request-id": [
          "39c1c50d-37aa-407d-98df-081bee9a54fe"
        ],
        "x-ms-routing-request-id": [
          "WESTUS:20170913T233639Z:39c1c50d-37aa-407d-98df-081bee9a54fe"
        ],
        "Strict-Transport-Security": [
          "max-age=31536000; includeSubDomains"
        ],
        "Connection": [
          "close"
        ],
        "Cache-Control": [
          "no-cache"
        ],
        "Date": [
          "Wed, 13 Sep 2017 23:36:38 GMT"
        ],
        "Server": [
          "Microsoft-IIS/8.5"
        ],
        "X-AspNet-Version": [
          "4.0.30319"
        ],
        "X-Powered-By": [
          "ASP.NET"
        ]
      },
      "StatusCode": 200
    },
    {
      "RequestUri": "/subscriptions/04319d6d-4a66-4701-bb2f-e7dbbd9ae4db/providers/Microsoft.DataLakeStore/locations/EastUS2/operationResults/19f3d3c1-35a1-4548-8298-1a932ec70a5f0?api-version=2016-11-01&expanded=true",
      "EncodedRequestUri": "L3N1YnNjcmlwdGlvbnMvMDQzMTlkNmQtNGE2Ni00NzAxLWJiMmYtZTdkYmJkOWFlNGRiL3Byb3ZpZGVycy9NaWNyb3NvZnQuRGF0YUxha2VTdG9yZS9sb2NhdGlvbnMvRWFzdFVTMi9vcGVyYXRpb25SZXN1bHRzLzE5ZjNkM2MxLTM1YTEtNDU0OC04Mjk4LTFhOTMyZWM3MGE1ZjA/YXBpLXZlcnNpb249MjAxNi0xMS0wMSZleHBhbmRlZD10cnVl",
      "RequestMethod": "GET",
      "RequestBody": "",
      "RequestHeaders": {
        "User-Agent": [
          "FxVersion/4.7.2102.0",
          "OSName/Windows10Enterprise",
          "OSVersion/6.3.15063",
          "Microsoft.Azure.Management.DataLake.Store.DataLakeStoreAccountManagementClient/2.3.0.0"
        ]
      },
      "ResponseBody": "{\r\n  \"status\": \"InProgress\"\r\n}",
      "ResponseHeaders": {
        "Content-Length": [
          "23"
        ],
        "Content-Type": [
          "application/json"
        ],
        "Expires": [
          "-1"
        ],
        "Pragma": [
          "no-cache"
        ],
        "x-ms-request-id": [
          "90ffdf2c-9094-49e8-b970-e84f289f7599"
        ],
        "X-Content-Type-Options": [
          "nosniff"
        ],
        "x-ms-ratelimit-remaining-subscription-reads": [
          "14987"
        ],
        "x-ms-correlation-request-id": [
          "53a4f848-4b0b-44ed-a8a2-944b5e041f16"
        ],
        "x-ms-routing-request-id": [
          "WESTUS:20170913T233639Z:53a4f848-4b0b-44ed-a8a2-944b5e041f16"
        ],
        "Strict-Transport-Security": [
          "max-age=31536000; includeSubDomains"
        ],
        "Connection": [
          "close"
        ],
        "Cache-Control": [
          "no-cache"
        ],
        "Date": [
          "Wed, 13 Sep 2017 23:36:39 GMT"
        ],
        "Server": [
          "Microsoft-IIS/8.5"
        ],
        "X-AspNet-Version": [
          "4.0.30319"
        ],
        "X-Powered-By": [
          "ASP.NET"
        ]
      },
      "StatusCode": 200
    },
    {
      "RequestUri": "/subscriptions/04319d6d-4a66-4701-bb2f-e7dbbd9ae4db/providers/Microsoft.DataLakeStore/locations/EastUS2/operationResults/19f3d3c1-35a1-4548-8298-1a932ec70a5f0?api-version=2016-11-01&expanded=true",
      "EncodedRequestUri": "L3N1YnNjcmlwdGlvbnMvMDQzMTlkNmQtNGE2Ni00NzAxLWJiMmYtZTdkYmJkOWFlNGRiL3Byb3ZpZGVycy9NaWNyb3NvZnQuRGF0YUxha2VTdG9yZS9sb2NhdGlvbnMvRWFzdFVTMi9vcGVyYXRpb25SZXN1bHRzLzE5ZjNkM2MxLTM1YTEtNDU0OC04Mjk4LTFhOTMyZWM3MGE1ZjA/YXBpLXZlcnNpb249MjAxNi0xMS0wMSZleHBhbmRlZD10cnVl",
      "RequestMethod": "GET",
      "RequestBody": "",
      "RequestHeaders": {
        "User-Agent": [
          "FxVersion/4.7.2102.0",
          "OSName/Windows10Enterprise",
          "OSVersion/6.3.15063",
          "Microsoft.Azure.Management.DataLake.Store.DataLakeStoreAccountManagementClient/2.3.0.0"
        ]
      },
      "ResponseBody": "{\r\n  \"status\": \"InProgress\"\r\n}",
      "ResponseHeaders": {
        "Content-Length": [
          "23"
        ],
        "Content-Type": [
          "application/json"
        ],
        "Expires": [
          "-1"
        ],
        "Pragma": [
          "no-cache"
        ],
        "x-ms-request-id": [
          "ce30fbca-e8b5-424e-a45d-a81072f2172a"
        ],
        "X-Content-Type-Options": [
          "nosniff"
        ],
        "x-ms-ratelimit-remaining-subscription-reads": [
          "14987"
        ],
        "x-ms-correlation-request-id": [
          "598ea398-e11b-4dda-8faa-3b3df39fc759"
        ],
        "x-ms-routing-request-id": [
          "WESTUS:20170913T233640Z:598ea398-e11b-4dda-8faa-3b3df39fc759"
        ],
        "Strict-Transport-Security": [
          "max-age=31536000; includeSubDomains"
        ],
        "Connection": [
          "close"
        ],
        "Cache-Control": [
          "no-cache"
        ],
        "Date": [
          "Wed, 13 Sep 2017 23:36:39 GMT"
        ],
        "Server": [
          "Microsoft-IIS/8.5"
        ],
        "X-AspNet-Version": [
          "4.0.30319"
        ],
        "X-Powered-By": [
          "ASP.NET"
        ]
      },
      "StatusCode": 200
    },
    {
      "RequestUri": "/subscriptions/04319d6d-4a66-4701-bb2f-e7dbbd9ae4db/providers/Microsoft.DataLakeStore/locations/EastUS2/operationResults/19f3d3c1-35a1-4548-8298-1a932ec70a5f0?api-version=2016-11-01&expanded=true",
      "EncodedRequestUri": "L3N1YnNjcmlwdGlvbnMvMDQzMTlkNmQtNGE2Ni00NzAxLWJiMmYtZTdkYmJkOWFlNGRiL3Byb3ZpZGVycy9NaWNyb3NvZnQuRGF0YUxha2VTdG9yZS9sb2NhdGlvbnMvRWFzdFVTMi9vcGVyYXRpb25SZXN1bHRzLzE5ZjNkM2MxLTM1YTEtNDU0OC04Mjk4LTFhOTMyZWM3MGE1ZjA/YXBpLXZlcnNpb249MjAxNi0xMS0wMSZleHBhbmRlZD10cnVl",
      "RequestMethod": "GET",
      "RequestBody": "",
      "RequestHeaders": {
        "User-Agent": [
          "FxVersion/4.7.2102.0",
          "OSName/Windows10Enterprise",
          "OSVersion/6.3.15063",
          "Microsoft.Azure.Management.DataLake.Store.DataLakeStoreAccountManagementClient/2.3.0.0"
        ]
      },
      "ResponseBody": "{\r\n  \"status\": \"InProgress\"\r\n}",
      "ResponseHeaders": {
        "Content-Length": [
          "23"
        ],
        "Content-Type": [
          "application/json"
        ],
        "Expires": [
          "-1"
        ],
        "Pragma": [
          "no-cache"
        ],
        "x-ms-request-id": [
          "ed5895a6-3eb3-477d-b70f-f119ccba0d0e"
        ],
        "X-Content-Type-Options": [
          "nosniff"
        ],
        "x-ms-ratelimit-remaining-subscription-reads": [
          "14985"
        ],
        "x-ms-correlation-request-id": [
          "49deeaeb-61a3-4e3a-bebe-b6460e36cda7"
        ],
        "x-ms-routing-request-id": [
          "WESTUS:20170913T233641Z:49deeaeb-61a3-4e3a-bebe-b6460e36cda7"
        ],
        "Strict-Transport-Security": [
          "max-age=31536000; includeSubDomains"
        ],
        "Connection": [
          "close"
        ],
        "Cache-Control": [
          "no-cache"
        ],
        "Date": [
          "Wed, 13 Sep 2017 23:36:40 GMT"
        ],
        "Server": [
          "Microsoft-IIS/8.5"
        ],
        "X-AspNet-Version": [
          "4.0.30319"
        ],
        "X-Powered-By": [
          "ASP.NET"
        ]
      },
      "StatusCode": 200
    },
    {
      "RequestUri": "/subscriptions/04319d6d-4a66-4701-bb2f-e7dbbd9ae4db/providers/Microsoft.DataLakeStore/locations/EastUS2/operationResults/19f3d3c1-35a1-4548-8298-1a932ec70a5f0?api-version=2016-11-01&expanded=true",
      "EncodedRequestUri": "L3N1YnNjcmlwdGlvbnMvMDQzMTlkNmQtNGE2Ni00NzAxLWJiMmYtZTdkYmJkOWFlNGRiL3Byb3ZpZGVycy9NaWNyb3NvZnQuRGF0YUxha2VTdG9yZS9sb2NhdGlvbnMvRWFzdFVTMi9vcGVyYXRpb25SZXN1bHRzLzE5ZjNkM2MxLTM1YTEtNDU0OC04Mjk4LTFhOTMyZWM3MGE1ZjA/YXBpLXZlcnNpb249MjAxNi0xMS0wMSZleHBhbmRlZD10cnVl",
      "RequestMethod": "GET",
      "RequestBody": "",
      "RequestHeaders": {
        "User-Agent": [
          "FxVersion/4.7.2102.0",
          "OSName/Windows10Enterprise",
          "OSVersion/6.3.15063",
          "Microsoft.Azure.Management.DataLake.Store.DataLakeStoreAccountManagementClient/2.3.0.0"
        ]
      },
      "ResponseBody": "{\r\n  \"status\": \"InProgress\"\r\n}",
      "ResponseHeaders": {
        "Content-Length": [
          "23"
        ],
        "Content-Type": [
          "application/json"
        ],
        "Expires": [
          "-1"
        ],
        "Pragma": [
          "no-cache"
        ],
        "x-ms-request-id": [
          "062ede75-359d-419c-989b-367b2569e8de"
        ],
        "X-Content-Type-Options": [
          "nosniff"
        ],
        "x-ms-ratelimit-remaining-subscription-reads": [
          "14983"
        ],
        "x-ms-correlation-request-id": [
          "b2c12e73-d511-4627-8c5a-32cb91406ad3"
        ],
        "x-ms-routing-request-id": [
          "WESTUS:20170913T233641Z:b2c12e73-d511-4627-8c5a-32cb91406ad3"
        ],
        "Strict-Transport-Security": [
          "max-age=31536000; includeSubDomains"
        ],
        "Connection": [
          "close"
        ],
        "Cache-Control": [
          "no-cache"
        ],
        "Date": [
          "Wed, 13 Sep 2017 23:36:41 GMT"
        ],
        "Server": [
          "Microsoft-IIS/8.5"
        ],
        "X-AspNet-Version": [
          "4.0.30319"
        ],
        "X-Powered-By": [
          "ASP.NET"
        ]
      },
      "StatusCode": 200
    },
    {
      "RequestUri": "/subscriptions/04319d6d-4a66-4701-bb2f-e7dbbd9ae4db/providers/Microsoft.DataLakeStore/locations/EastUS2/operationResults/19f3d3c1-35a1-4548-8298-1a932ec70a5f0?api-version=2016-11-01&expanded=true",
      "EncodedRequestUri": "L3N1YnNjcmlwdGlvbnMvMDQzMTlkNmQtNGE2Ni00NzAxLWJiMmYtZTdkYmJkOWFlNGRiL3Byb3ZpZGVycy9NaWNyb3NvZnQuRGF0YUxha2VTdG9yZS9sb2NhdGlvbnMvRWFzdFVTMi9vcGVyYXRpb25SZXN1bHRzLzE5ZjNkM2MxLTM1YTEtNDU0OC04Mjk4LTFhOTMyZWM3MGE1ZjA/YXBpLXZlcnNpb249MjAxNi0xMS0wMSZleHBhbmRlZD10cnVl",
      "RequestMethod": "GET",
      "RequestBody": "",
      "RequestHeaders": {
        "User-Agent": [
          "FxVersion/4.7.2102.0",
          "OSName/Windows10Enterprise",
          "OSVersion/6.3.15063",
          "Microsoft.Azure.Management.DataLake.Store.DataLakeStoreAccountManagementClient/2.3.0.0"
        ]
      },
      "ResponseBody": "{\r\n  \"status\": \"InProgress\"\r\n}",
      "ResponseHeaders": {
        "Content-Length": [
          "23"
        ],
        "Content-Type": [
          "application/json"
        ],
        "Expires": [
          "-1"
        ],
        "Pragma": [
          "no-cache"
        ],
        "x-ms-request-id": [
          "f3a0310c-3b7a-4516-a604-89716beb07d5"
        ],
        "X-Content-Type-Options": [
          "nosniff"
        ],
        "x-ms-ratelimit-remaining-subscription-reads": [
          "14985"
        ],
        "x-ms-correlation-request-id": [
          "da369af5-6bb5-47c5-9b00-2e1eadd8a69b"
        ],
        "x-ms-routing-request-id": [
          "WESTUS:20170913T233642Z:da369af5-6bb5-47c5-9b00-2e1eadd8a69b"
        ],
        "Strict-Transport-Security": [
          "max-age=31536000; includeSubDomains"
        ],
        "Connection": [
          "close"
        ],
        "Cache-Control": [
          "no-cache"
        ],
        "Date": [
          "Wed, 13 Sep 2017 23:36:42 GMT"
        ],
        "Server": [
          "Microsoft-IIS/8.5"
        ],
        "X-AspNet-Version": [
          "4.0.30319"
        ],
        "X-Powered-By": [
          "ASP.NET"
        ]
      },
      "StatusCode": 200
    },
    {
      "RequestUri": "/subscriptions/04319d6d-4a66-4701-bb2f-e7dbbd9ae4db/providers/Microsoft.DataLakeStore/locations/EastUS2/operationResults/19f3d3c1-35a1-4548-8298-1a932ec70a5f0?api-version=2016-11-01&expanded=true",
      "EncodedRequestUri": "L3N1YnNjcmlwdGlvbnMvMDQzMTlkNmQtNGE2Ni00NzAxLWJiMmYtZTdkYmJkOWFlNGRiL3Byb3ZpZGVycy9NaWNyb3NvZnQuRGF0YUxha2VTdG9yZS9sb2NhdGlvbnMvRWFzdFVTMi9vcGVyYXRpb25SZXN1bHRzLzE5ZjNkM2MxLTM1YTEtNDU0OC04Mjk4LTFhOTMyZWM3MGE1ZjA/YXBpLXZlcnNpb249MjAxNi0xMS0wMSZleHBhbmRlZD10cnVl",
      "RequestMethod": "GET",
      "RequestBody": "",
      "RequestHeaders": {
        "User-Agent": [
          "FxVersion/4.7.2102.0",
          "OSName/Windows10Enterprise",
          "OSVersion/6.3.15063",
          "Microsoft.Azure.Management.DataLake.Store.DataLakeStoreAccountManagementClient/2.3.0.0"
        ]
      },
      "ResponseBody": "{\r\n  \"status\": \"InProgress\"\r\n}",
      "ResponseHeaders": {
        "Content-Length": [
          "23"
        ],
        "Content-Type": [
          "application/json"
        ],
        "Expires": [
          "-1"
        ],
        "Pragma": [
          "no-cache"
        ],
        "x-ms-request-id": [
          "327762e9-38e2-4b10-89cf-2c6072a5287e"
        ],
        "X-Content-Type-Options": [
          "nosniff"
        ],
        "x-ms-ratelimit-remaining-subscription-reads": [
          "14978"
        ],
        "x-ms-correlation-request-id": [
          "5d34f39f-515b-4ca3-b534-a17401e40dd5"
        ],
        "x-ms-routing-request-id": [
          "WESTUS:20170913T233643Z:5d34f39f-515b-4ca3-b534-a17401e40dd5"
        ],
        "Strict-Transport-Security": [
          "max-age=31536000; includeSubDomains"
        ],
        "Connection": [
          "close"
        ],
        "Cache-Control": [
          "no-cache"
        ],
        "Date": [
          "Wed, 13 Sep 2017 23:36:43 GMT"
        ],
        "Server": [
          "Microsoft-IIS/8.5"
        ],
        "X-AspNet-Version": [
          "4.0.30319"
        ],
        "X-Powered-By": [
          "ASP.NET"
        ]
      },
      "StatusCode": 200
    },
    {
      "RequestUri": "/subscriptions/04319d6d-4a66-4701-bb2f-e7dbbd9ae4db/providers/Microsoft.DataLakeStore/locations/EastUS2/operationResults/19f3d3c1-35a1-4548-8298-1a932ec70a5f0?api-version=2016-11-01&expanded=true",
      "EncodedRequestUri": "L3N1YnNjcmlwdGlvbnMvMDQzMTlkNmQtNGE2Ni00NzAxLWJiMmYtZTdkYmJkOWFlNGRiL3Byb3ZpZGVycy9NaWNyb3NvZnQuRGF0YUxha2VTdG9yZS9sb2NhdGlvbnMvRWFzdFVTMi9vcGVyYXRpb25SZXN1bHRzLzE5ZjNkM2MxLTM1YTEtNDU0OC04Mjk4LTFhOTMyZWM3MGE1ZjA/YXBpLXZlcnNpb249MjAxNi0xMS0wMSZleHBhbmRlZD10cnVl",
      "RequestMethod": "GET",
      "RequestBody": "",
      "RequestHeaders": {
        "User-Agent": [
          "FxVersion/4.7.2102.0",
          "OSName/Windows10Enterprise",
          "OSVersion/6.3.15063",
          "Microsoft.Azure.Management.DataLake.Store.DataLakeStoreAccountManagementClient/2.3.0.0"
        ]
      },
      "ResponseBody": "{\r\n  \"status\": \"InProgress\"\r\n}",
      "ResponseHeaders": {
        "Content-Length": [
          "23"
        ],
        "Content-Type": [
          "application/json"
        ],
        "Expires": [
          "-1"
        ],
        "Pragma": [
          "no-cache"
        ],
        "x-ms-request-id": [
          "1ce37e49-3f12-4857-bfad-d841854aa200"
        ],
        "X-Content-Type-Options": [
          "nosniff"
        ],
        "x-ms-ratelimit-remaining-subscription-reads": [
          "14986"
        ],
        "x-ms-correlation-request-id": [
          "a6014ef0-437d-4516-b80e-5c9601e7b137"
        ],
        "x-ms-routing-request-id": [
          "WESTUS:20170913T233643Z:a6014ef0-437d-4516-b80e-5c9601e7b137"
        ],
        "Strict-Transport-Security": [
          "max-age=31536000; includeSubDomains"
        ],
        "Connection": [
          "close"
        ],
        "Cache-Control": [
          "no-cache"
        ],
        "Date": [
          "Wed, 13 Sep 2017 23:36:43 GMT"
        ],
        "Server": [
          "Microsoft-IIS/8.5"
        ],
        "X-AspNet-Version": [
          "4.0.30319"
        ],
        "X-Powered-By": [
          "ASP.NET"
        ]
      },
      "StatusCode": 200
    },
    {
      "RequestUri": "/subscriptions/04319d6d-4a66-4701-bb2f-e7dbbd9ae4db/providers/Microsoft.DataLakeStore/locations/EastUS2/operationResults/19f3d3c1-35a1-4548-8298-1a932ec70a5f0?api-version=2016-11-01&expanded=true",
      "EncodedRequestUri": "L3N1YnNjcmlwdGlvbnMvMDQzMTlkNmQtNGE2Ni00NzAxLWJiMmYtZTdkYmJkOWFlNGRiL3Byb3ZpZGVycy9NaWNyb3NvZnQuRGF0YUxha2VTdG9yZS9sb2NhdGlvbnMvRWFzdFVTMi9vcGVyYXRpb25SZXN1bHRzLzE5ZjNkM2MxLTM1YTEtNDU0OC04Mjk4LTFhOTMyZWM3MGE1ZjA/YXBpLXZlcnNpb249MjAxNi0xMS0wMSZleHBhbmRlZD10cnVl",
      "RequestMethod": "GET",
      "RequestBody": "",
      "RequestHeaders": {
        "User-Agent": [
          "FxVersion/4.7.2102.0",
          "OSName/Windows10Enterprise",
          "OSVersion/6.3.15063",
          "Microsoft.Azure.Management.DataLake.Store.DataLakeStoreAccountManagementClient/2.3.0.0"
        ]
      },
      "ResponseBody": "{\r\n  \"status\": \"Succeeded\"\r\n}",
      "ResponseHeaders": {
        "Content-Length": [
          "22"
        ],
        "Content-Type": [
          "application/json"
        ],
        "Expires": [
          "-1"
        ],
        "Pragma": [
          "no-cache"
        ],
        "x-ms-request-id": [
          "0d0e0f65-8440-4e3d-aa29-306d265f8225"
        ],
        "X-Content-Type-Options": [
          "nosniff"
        ],
        "x-ms-ratelimit-remaining-subscription-reads": [
          "14992"
        ],
        "x-ms-correlation-request-id": [
          "04992ed5-0bea-44c2-a9bc-05c061ed2614"
        ],
        "x-ms-routing-request-id": [
          "WESTUS:20170913T233644Z:04992ed5-0bea-44c2-a9bc-05c061ed2614"
        ],
        "Strict-Transport-Security": [
          "max-age=31536000; includeSubDomains"
        ],
        "Connection": [
          "close"
        ],
        "Cache-Control": [
          "no-cache"
        ],
        "Date": [
          "Wed, 13 Sep 2017 23:36:43 GMT"
        ],
        "Server": [
          "Microsoft-IIS/8.5"
        ],
        "X-AspNet-Version": [
          "4.0.30319"
        ],
        "X-Powered-By": [
          "ASP.NET"
        ]
      },
      "StatusCode": 200
    },
    {
      "RequestUri": "/subscriptions/04319d6d-4a66-4701-bb2f-e7dbbd9ae4db/resourceGroups/onesdk9560/providers/Microsoft.DataLakeStore/accounts/onesdk934?api-version=2016-11-01",
      "EncodedRequestUri": "L3N1YnNjcmlwdGlvbnMvMDQzMTlkNmQtNGE2Ni00NzAxLWJiMmYtZTdkYmJkOWFlNGRiL3Jlc291cmNlR3JvdXBzL29uZXNkazk1NjAvcHJvdmlkZXJzL01pY3Jvc29mdC5EYXRhTGFrZVN0b3JlL2FjY291bnRzL29uZXNkazkzND9hcGktdmVyc2lvbj0yMDE2LTExLTAx",
      "RequestMethod": "PATCH",
      "RequestBody": "{\r\n  \"tags\": {},\r\n  \"properties\": {\r\n    \"firewallState\": \"Enabled\",\r\n    \"trustedIdProviderState\": \"Disabled\",\r\n    \"firewallAllowAzureIps\": \"Enabled\"\r\n  }\r\n}",
      "RequestHeaders": {
        "Content-Type": [
          "application/json; charset=utf-8"
        ],
        "Content-Length": [
          "159"
        ],
        "x-ms-client-request-id": [
          "1dc59a85-8194-4dab-a055-1ac7b562e59a"
        ],
        "accept-language": [
          "en-US"
        ],
        "User-Agent": [
          "FxVersion/4.7.2102.0",
          "OSName/Windows10Enterprise",
          "OSVersion/6.3.15063",
          "Microsoft.Azure.Management.DataLake.Store.DataLakeStoreAccountManagementClient/2.3.0.0"
        ]
      },
      "ResponseBody": "{\r\n  \"properties\": {\r\n    \"firewallState\": \"Enabled\",\r\n    \"firewallAllowAzureIps\": \"Enabled\",\r\n    \"firewallRules\": [],\r\n    \"virtualNetworkRules\": [],\r\n    \"trustedIdProviderState\": \"Disabled\",\r\n    \"trustedIdProviders\": [],\r\n    \"encryptionState\": \"Enabled\",\r\n    \"encryptionConfig\": {\r\n      \"type\": \"ServiceManaged\"\r\n    },\r\n    \"currentTier\": \"Consumption\",\r\n    \"newTier\": \"Consumption\",\r\n    \"provisioningState\": \"Succeeded\",\r\n    \"state\": \"Active\",\r\n    \"endpoint\": \"onesdk934.azuredatalakestore.net\",\r\n    \"accountId\": \"19f3d3c1-35a1-4548-8298-1a932ec70a5f\",\r\n    \"creationTime\": \"2017-09-13T23:36:15.2147885Z\",\r\n    \"lastModifiedTime\": \"2017-09-13T23:36:49.9382392Z\"\r\n  },\r\n  \"location\": \"East US 2\",\r\n  \"tags\": {},\r\n  \"identity\": {\r\n    \"type\": \"SystemAssigned\",\r\n    \"principalId\": \"781f5981-5cdc-4866-a9e1-72eb3678a8da\",\r\n    \"tenantId\": \"72f988bf-86f1-41af-91ab-2d7cd011db47\"\r\n  },\r\n  \"id\": \"/subscriptions/04319d6d-4a66-4701-bb2f-e7dbbd9ae4db/resourceGroups/onesdk9560/providers/Microsoft.DataLakeStore/accounts/onesdk934\",\r\n  \"name\": \"onesdk934\",\r\n  \"type\": \"Microsoft.DataLakeStore/accounts\"\r\n}",
      "ResponseHeaders": {
        "Content-Length": [
          "919"
        ],
        "Content-Type": [
          "application/json"
        ],
        "Expires": [
          "-1"
        ],
        "Pragma": [
          "no-cache"
        ],
        "x-ms-request-id": [
          "9deeed09-4e42-4d2c-8145-fb7e8579c661"
        ],
        "X-Content-Type-Options": [
          "nosniff"
        ],
        "x-ms-ratelimit-remaining-subscription-writes": [
          "1199"
        ],
        "x-ms-correlation-request-id": [
          "53b42465-c2a4-4d79-9500-f637d37423ad"
        ],
        "x-ms-routing-request-id": [
          "WESTUS:20170913T233652Z:53b42465-c2a4-4d79-9500-f637d37423ad"
        ],
        "Strict-Transport-Security": [
          "max-age=31536000; includeSubDomains"
        ],
        "Connection": [
          "close"
        ],
        "Cache-Control": [
          "no-cache"
        ],
        "Date": [
          "Wed, 13 Sep 2017 23:36:51 GMT"
        ],
        "Server": [
          "Microsoft-IIS/8.5"
        ],
        "X-AspNet-Version": [
          "4.0.30319"
        ],
        "X-Powered-By": [
          "ASP.NET"
        ]
      },
      "StatusCode": 200
    },
    {
      "RequestUri": "/subscriptions/04319d6d-4a66-4701-bb2f-e7dbbd9ae4db/resourceGroups/onesdk9560/providers/Microsoft.DataLakeStore/accounts/onesdk934/firewallRules/onesdk5577?api-version=2016-11-01",
      "EncodedRequestUri": "L3N1YnNjcmlwdGlvbnMvMDQzMTlkNmQtNGE2Ni00NzAxLWJiMmYtZTdkYmJkOWFlNGRiL3Jlc291cmNlR3JvdXBzL29uZXNkazk1NjAvcHJvdmlkZXJzL01pY3Jvc29mdC5EYXRhTGFrZVN0b3JlL2FjY291bnRzL29uZXNkazkzNC9maXJld2FsbFJ1bGVzL29uZXNkazU1Nzc/YXBpLXZlcnNpb249MjAxNi0xMS0wMQ==",
      "RequestMethod": "PUT",
      "RequestBody": "{\r\n  \"properties\": {\r\n    \"startIpAddress\": \"127.0.0.1\",\r\n    \"endIpAddress\": \"127.0.0.2\"\r\n  }\r\n}",
      "RequestHeaders": {
        "Content-Type": [
          "application/json; charset=utf-8"
        ],
        "Content-Length": [
          "97"
        ],
        "x-ms-client-request-id": [
          "899a0833-d1df-4884-b240-1fae6145be3c"
        ],
        "accept-language": [
          "en-US"
        ],
        "User-Agent": [
          "FxVersion/4.7.2102.0",
          "OSName/Windows10Enterprise",
          "OSVersion/6.3.15063",
          "Microsoft.Azure.Management.DataLake.Store.DataLakeStoreAccountManagementClient/2.3.0.0"
        ]
      },
      "ResponseBody": "{\r\n  \"properties\": {\r\n    \"startIpAddress\": \"127.0.0.1\",\r\n    \"endIpAddress\": \"127.0.0.2\"\r\n  },\r\n  \"id\": \"/subscriptions/04319d6d-4a66-4701-bb2f-e7dbbd9ae4db/resourceGroups/onesdk9560/providers/Microsoft.DataLakeStore/accounts/onesdk934/firewallRules/onesdk5577\",\r\n  \"name\": \"onesdk5577\",\r\n  \"type\": \"Microsoft.DataLakeStore/accounts/firewallRules\"\r\n}",
      "ResponseHeaders": {
        "Content-Length": [
          "311"
        ],
        "Content-Type": [
          "application/json"
        ],
        "Expires": [
          "-1"
        ],
        "Pragma": [
          "no-cache"
        ],
        "x-ms-request-id": [
          "cc362ece-a2f3-43fd-9fc1-fc8ad7c56327"
        ],
        "X-Content-Type-Options": [
          "nosniff"
        ],
        "x-ms-ratelimit-remaining-subscription-writes": [
          "1199"
        ],
        "x-ms-correlation-request-id": [
          "691fcf03-9125-4468-a754-e3f4410534e7"
        ],
        "x-ms-routing-request-id": [
          "WESTUS:20170913T233654Z:691fcf03-9125-4468-a754-e3f4410534e7"
        ],
        "Strict-Transport-Security": [
          "max-age=31536000; includeSubDomains"
        ],
        "Connection": [
          "close"
        ],
        "Cache-Control": [
          "no-cache"
        ],
        "Date": [
          "Wed, 13 Sep 2017 23:36:53 GMT"
        ],
        "Server": [
          "Microsoft-IIS/8.5"
        ],
        "X-AspNet-Version": [
          "4.0.30319"
        ],
        "X-Powered-By": [
          "ASP.NET"
        ]
      },
      "StatusCode": 200
    },
    {
      "RequestUri": "/subscriptions/04319d6d-4a66-4701-bb2f-e7dbbd9ae4db/resourceGroups/onesdk9560/providers/Microsoft.DataLakeStore/accounts/onesdk934/firewallRules/onesdk5577?api-version=2016-11-01",
      "EncodedRequestUri": "L3N1YnNjcmlwdGlvbnMvMDQzMTlkNmQtNGE2Ni00NzAxLWJiMmYtZTdkYmJkOWFlNGRiL3Jlc291cmNlR3JvdXBzL29uZXNkazk1NjAvcHJvdmlkZXJzL01pY3Jvc29mdC5EYXRhTGFrZVN0b3JlL2FjY291bnRzL29uZXNkazkzNC9maXJld2FsbFJ1bGVzL29uZXNkazU1Nzc/YXBpLXZlcnNpb249MjAxNi0xMS0wMQ==",
      "RequestMethod": "GET",
      "RequestBody": "",
      "RequestHeaders": {
        "x-ms-client-request-id": [
          "db4e60e9-fc04-4353-a9c0-5b227db9a5e9"
        ],
        "accept-language": [
          "en-US"
        ],
        "User-Agent": [
          "FxVersion/4.7.2102.0",
          "OSName/Windows10Enterprise",
          "OSVersion/6.3.15063",
          "Microsoft.Azure.Management.DataLake.Store.DataLakeStoreAccountManagementClient/2.3.0.0"
        ]
      },
      "ResponseBody": "{\r\n  \"properties\": {\r\n    \"startIpAddress\": \"127.0.0.1\",\r\n    \"endIpAddress\": \"127.0.0.2\"\r\n  },\r\n  \"id\": \"/subscriptions/04319d6d-4a66-4701-bb2f-e7dbbd9ae4db/resourceGroups/onesdk9560/providers/Microsoft.DataLakeStore/accounts/onesdk934/firewallRules/onesdk5577\",\r\n  \"name\": \"onesdk5577\",\r\n  \"type\": \"Microsoft.DataLakeStore/accounts/firewallRules\"\r\n}",
      "ResponseHeaders": {
        "Content-Length": [
          "311"
        ],
        "Content-Type": [
          "application/json"
        ],
        "Expires": [
          "-1"
        ],
        "Pragma": [
          "no-cache"
        ],
        "x-ms-request-id": [
          "02d841d4-aeda-40cb-9093-8a502e86c937"
        ],
        "X-Content-Type-Options": [
          "nosniff"
        ],
        "x-ms-ratelimit-remaining-subscription-reads": [
          "14982"
        ],
        "x-ms-correlation-request-id": [
          "ae7a9d0a-07e5-4cff-88c0-52e9972b4963"
        ],
        "x-ms-routing-request-id": [
          "WESTUS:20170913T233655Z:ae7a9d0a-07e5-4cff-88c0-52e9972b4963"
        ],
        "Strict-Transport-Security": [
          "max-age=31536000; includeSubDomains"
        ],
        "Connection": [
          "close"
        ],
        "Cache-Control": [
          "no-cache"
        ],
        "Date": [
          "Wed, 13 Sep 2017 23:36:54 GMT"
        ],
        "Server": [
          "Microsoft-IIS/8.5"
        ],
        "X-AspNet-Version": [
          "4.0.30319"
        ],
        "X-Powered-By": [
          "ASP.NET"
        ]
      },
      "StatusCode": 200
    },
    {
      "RequestUri": "/subscriptions/04319d6d-4a66-4701-bb2f-e7dbbd9ae4db/resourceGroups/onesdk9560/providers/Microsoft.DataLakeStore/accounts/onesdk934/firewallRules/onesdk5577?api-version=2016-11-01",
      "EncodedRequestUri": "L3N1YnNjcmlwdGlvbnMvMDQzMTlkNmQtNGE2Ni00NzAxLWJiMmYtZTdkYmJkOWFlNGRiL3Jlc291cmNlR3JvdXBzL29uZXNkazk1NjAvcHJvdmlkZXJzL01pY3Jvc29mdC5EYXRhTGFrZVN0b3JlL2FjY291bnRzL29uZXNkazkzNC9maXJld2FsbFJ1bGVzL29uZXNkazU1Nzc/YXBpLXZlcnNpb249MjAxNi0xMS0wMQ==",
      "RequestMethod": "GET",
      "RequestBody": "",
      "RequestHeaders": {
        "x-ms-client-request-id": [
          "e79aecd4-1fbe-4f66-b675-45b799c3daf8"
        ],
        "accept-language": [
          "en-US"
        ],
        "User-Agent": [
          "FxVersion/4.7.2102.0",
          "OSName/Windows10Enterprise",
          "OSVersion/6.3.15063",
          "Microsoft.Azure.Management.DataLake.Store.DataLakeStoreAccountManagementClient/2.3.0.0"
        ]
      },
      "ResponseBody": "{\r\n  \"error\": {\r\n    \"code\": \"NestedResourceNotFound\",\r\n    \"message\": \"Nested resource does not exist.\"\r\n  }\r\n}",
      "ResponseHeaders": {
        "Content-Length": [
          "87"
        ],
        "Content-Type": [
          "application/json"
        ],
        "Expires": [
          "-1"
        ],
        "Pragma": [
          "no-cache"
        ],
        "x-ms-request-id": [
          "9a3f2229-6480-4a6d-ba49-85a7b0fe67e6"
        ],
        "X-Content-Type-Options": [
          "nosniff"
        ],
        "x-ms-ratelimit-remaining-subscription-reads": [
          "14991"
        ],
        "x-ms-correlation-request-id": [
          "31b3717c-9071-4190-bcff-5f814a1cd539"
        ],
        "x-ms-routing-request-id": [
          "WESTUS:20170913T233658Z:31b3717c-9071-4190-bcff-5f814a1cd539"
        ],
        "Strict-Transport-Security": [
          "max-age=31536000; includeSubDomains"
        ],
        "Connection": [
          "close"
        ],
        "Cache-Control": [
          "no-cache"
        ],
        "Date": [
          "Wed, 13 Sep 2017 23:36:57 GMT"
        ],
        "Server": [
          "Microsoft-IIS/8.5"
        ],
        "X-AspNet-Version": [
          "4.0.30319"
        ],
        "X-Powered-By": [
          "ASP.NET"
        ]
      },
      "StatusCode": 404
    },
    {
      "RequestUri": "/subscriptions/04319d6d-4a66-4701-bb2f-e7dbbd9ae4db/resourceGroups/onesdk9560/providers/Microsoft.DataLakeStore/accounts/onesdk934/firewallRules/onesdk5577?api-version=2016-11-01",
      "EncodedRequestUri": "L3N1YnNjcmlwdGlvbnMvMDQzMTlkNmQtNGE2Ni00NzAxLWJiMmYtZTdkYmJkOWFlNGRiL3Jlc291cmNlR3JvdXBzL29uZXNkazk1NjAvcHJvdmlkZXJzL01pY3Jvc29mdC5EYXRhTGFrZVN0b3JlL2FjY291bnRzL29uZXNkazkzNC9maXJld2FsbFJ1bGVzL29uZXNkazU1Nzc/YXBpLXZlcnNpb249MjAxNi0xMS0wMQ==",
      "RequestMethod": "DELETE",
      "RequestBody": "",
      "RequestHeaders": {
        "x-ms-client-request-id": [
          "7374d5b1-39a5-4c87-b3cc-4c2dc0d6ba3e"
        ],
        "accept-language": [
          "en-US"
        ],
        "User-Agent": [
          "FxVersion/4.7.2102.0",
          "OSName/Windows10Enterprise",
          "OSVersion/6.3.15063",
          "Microsoft.Azure.Management.DataLake.Store.DataLakeStoreAccountManagementClient/2.3.0.0"
        ]
      },
      "ResponseBody": "",
      "ResponseHeaders": {
        "Content-Length": [
          "0"
        ],
        "Expires": [
          "-1"
        ],
        "Pragma": [
          "no-cache"
        ],
        "x-ms-request-id": [
          "3ca12937-4c59-44b8-8931-97d34b2befdf"
        ],
        "x-ms-ratelimit-remaining-subscription-writes": [
          "1199"
        ],
        "x-ms-correlation-request-id": [
          "03579aa8-2b1c-426e-aab0-efc4f472b566"
        ],
        "x-ms-routing-request-id": [
          "WESTUS:20170913T233657Z:03579aa8-2b1c-426e-aab0-efc4f472b566"
        ],
        "Strict-Transport-Security": [
          "max-age=31536000; includeSubDomains"
        ],
        "Connection": [
          "close"
        ],
        "Cache-Control": [
          "no-cache"
        ],
        "Date": [
          "Wed, 13 Sep 2017 23:36:57 GMT"
        ],
        "Server": [
          "Microsoft-IIS/8.5"
        ],
        "X-AspNet-Version": [
          "4.0.30319"
        ],
        "X-Powered-By": [
          "ASP.NET"
        ]
      },
      "StatusCode": 200
    },
    {
      "RequestUri": "/subscriptions/04319d6d-4a66-4701-bb2f-e7dbbd9ae4db/resourceGroups/onesdk9560/providers/Microsoft.DataLakeStore/accounts/onesdk934?api-version=2016-11-01",
      "EncodedRequestUri": "L3N1YnNjcmlwdGlvbnMvMDQzMTlkNmQtNGE2Ni00NzAxLWJiMmYtZTdkYmJkOWFlNGRiL3Jlc291cmNlR3JvdXBzL29uZXNkazk1NjAvcHJvdmlkZXJzL01pY3Jvc29mdC5EYXRhTGFrZVN0b3JlL2FjY291bnRzL29uZXNkazkzND9hcGktdmVyc2lvbj0yMDE2LTExLTAx",
      "RequestMethod": "DELETE",
      "RequestBody": "",
      "RequestHeaders": {
        "x-ms-client-request-id": [
          "87ab96f1-1f30-424d-b05a-d5bafaf998a7"
        ],
        "accept-language": [
          "en-US"
        ],
        "User-Agent": [
          "FxVersion/4.7.2102.0",
          "OSName/Windows10Enterprise",
          "OSVersion/6.3.15063",
          "Microsoft.Azure.Management.DataLake.Store.DataLakeStoreAccountManagementClient/2.3.0.0"
        ]
      },
      "ResponseBody": "",
      "ResponseHeaders": {
        "Content-Length": [
          "0"
        ],
        "Expires": [
          "-1"
        ],
        "Pragma": [
          "no-cache"
        ],
        "x-ms-request-id": [
          "22055c71-c012-491b-a9a2-427c3518aa2b"
        ],
        "x-ms-ratelimit-remaining-subscription-writes": [
          "1198"
        ],
        "x-ms-correlation-request-id": [
          "055199cc-6119-4dd2-ac52-72bc62e480bc"
        ],
        "x-ms-routing-request-id": [
          "WESTUS:20170913T233702Z:055199cc-6119-4dd2-ac52-72bc62e480bc"
        ],
        "Strict-Transport-Security": [
          "max-age=31536000; includeSubDomains"
        ],
        "Connection": [
          "close"
        ],
        "Cache-Control": [
          "no-cache"
        ],
        "Date": [
          "Wed, 13 Sep 2017 23:37:01 GMT"
        ],
        "Server": [
          "Microsoft-IIS/8.5"
        ],
        "X-AspNet-Version": [
          "4.0.30319"
        ],
        "X-Powered-By": [
          "ASP.NET"
        ]
      },
      "StatusCode": 200
    },
    {
      "RequestUri": "/subscriptions/04319d6d-4a66-4701-bb2f-e7dbbd9ae4db/resourcegroups/onesdk9560?api-version=2016-02-01",
      "EncodedRequestUri": "L3N1YnNjcmlwdGlvbnMvMDQzMTlkNmQtNGE2Ni00NzAxLWJiMmYtZTdkYmJkOWFlNGRiL3Jlc291cmNlZ3JvdXBzL29uZXNkazk1NjA/YXBpLXZlcnNpb249MjAxNi0wMi0wMQ==",
      "RequestMethod": "DELETE",
      "RequestBody": "",
      "RequestHeaders": {
        "User-Agent": [
          "Microsoft.Azure.Management.Resources.ResourceManagementClient/2.0.0.0"
        ]
      },
      "ResponseBody": "",
      "ResponseHeaders": {
        "Content-Length": [
          "0"
        ],
        "Expires": [
          "-1"
        ],
        "Pragma": [
          "no-cache"
        ],
        "Retry-After": [
          "15"
        ],
        "x-ms-ratelimit-remaining-subscription-writes": [
          "1197"
        ],
        "x-ms-request-id": [
          "17b2b001-d4d5-40b7-a6e7-a628ea0dc09d"
        ],
        "x-ms-correlation-request-id": [
          "17b2b001-d4d5-40b7-a6e7-a628ea0dc09d"
        ],
        "x-ms-routing-request-id": [
          "WESTUS:20170913T233703Z:17b2b001-d4d5-40b7-a6e7-a628ea0dc09d"
        ],
        "Strict-Transport-Security": [
          "max-age=31536000; includeSubDomains"
        ],
        "Cache-Control": [
          "no-cache"
        ],
        "Date": [
          "Wed, 13 Sep 2017 23:37:02 GMT"
        ],
        "Location": [
          "https://management.azure.com/subscriptions/04319d6d-4a66-4701-bb2f-e7dbbd9ae4db/operationresults/eyJqb2JJZCI6IlJFU09VUkNFR1JPVVBERUxFVElPTkpPQi1PTkVTREs5NTYwLUVBU1RVUzIiLCJqb2JMb2NhdGlvbiI6ImVhc3R1czIifQ?api-version=2016-02-01"
        ]
      },
      "StatusCode": 202
    },
    {
      "RequestUri": "/subscriptions/04319d6d-4a66-4701-bb2f-e7dbbd9ae4db/operationresults/eyJqb2JJZCI6IlJFU09VUkNFR1JPVVBERUxFVElPTkpPQi1PTkVTREs5NTYwLUVBU1RVUzIiLCJqb2JMb2NhdGlvbiI6ImVhc3R1czIifQ?api-version=2016-02-01",
      "EncodedRequestUri": "L3N1YnNjcmlwdGlvbnMvMDQzMTlkNmQtNGE2Ni00NzAxLWJiMmYtZTdkYmJkOWFlNGRiL29wZXJhdGlvbnJlc3VsdHMvZXlKcWIySkpaQ0k2SWxKRlUwOVZVa05GUjFKUFZWQkVSVXhGVkVsUFRrcFBRaTFQVGtWVFJFczVOVFl3TFVWQlUxUlZVeklpTENKcWIySk1iMk5oZEdsdmJpSTZJbVZoYzNSMWN6SWlmUT9hcGktdmVyc2lvbj0yMDE2LTAyLTAx",
      "RequestMethod": "GET",
      "RequestBody": "",
      "RequestHeaders": {
        "x-ms-version": [
          "2016-02-01"
        ],
        "User-Agent": [
          "Microsoft.Azure.Management.Resources.ResourceManagementClient/2.0.0.0"
        ]
      },
      "ResponseBody": "",
      "ResponseHeaders": {
        "Content-Length": [
          "0"
        ],
        "Expires": [
          "-1"
        ],
        "Pragma": [
          "no-cache"
        ],
        "Retry-After": [
          "15"
        ],
        "x-ms-ratelimit-remaining-subscription-reads": [
          "14991"
        ],
        "x-ms-request-id": [
          "ebb302cf-73bd-4cac-8529-cfe02fbeb35c"
        ],
        "x-ms-correlation-request-id": [
          "ebb302cf-73bd-4cac-8529-cfe02fbeb35c"
        ],
        "x-ms-routing-request-id": [
          "WESTUS:20170913T233703Z:ebb302cf-73bd-4cac-8529-cfe02fbeb35c"
        ],
        "Strict-Transport-Security": [
          "max-age=31536000; includeSubDomains"
        ],
        "Cache-Control": [
          "no-cache"
        ],
        "Date": [
          "Wed, 13 Sep 2017 23:37:02 GMT"
        ],
        "Location": [
          "https://management.azure.com/subscriptions/04319d6d-4a66-4701-bb2f-e7dbbd9ae4db/operationresults/eyJqb2JJZCI6IlJFU09VUkNFR1JPVVBERUxFVElPTkpPQi1PTkVTREs5NTYwLUVBU1RVUzIiLCJqb2JMb2NhdGlvbiI6ImVhc3R1czIifQ?api-version=2016-02-01"
        ]
      },
      "StatusCode": 202
    },
    {
      "RequestUri": "/subscriptions/04319d6d-4a66-4701-bb2f-e7dbbd9ae4db/operationresults/eyJqb2JJZCI6IlJFU09VUkNFR1JPVVBERUxFVElPTkpPQi1PTkVTREs5NTYwLUVBU1RVUzIiLCJqb2JMb2NhdGlvbiI6ImVhc3R1czIifQ?api-version=2016-02-01",
      "EncodedRequestUri": "L3N1YnNjcmlwdGlvbnMvMDQzMTlkNmQtNGE2Ni00NzAxLWJiMmYtZTdkYmJkOWFlNGRiL29wZXJhdGlvbnJlc3VsdHMvZXlKcWIySkpaQ0k2SWxKRlUwOVZVa05GUjFKUFZWQkVSVXhGVkVsUFRrcFBRaTFQVGtWVFJFczVOVFl3TFVWQlUxUlZVeklpTENKcWIySk1iMk5oZEdsdmJpSTZJbVZoYzNSMWN6SWlmUT9hcGktdmVyc2lvbj0yMDE2LTAyLTAx",
      "RequestMethod": "GET",
      "RequestBody": "",
      "RequestHeaders": {
        "x-ms-version": [
          "2016-02-01"
        ],
        "User-Agent": [
          "Microsoft.Azure.Management.Resources.ResourceManagementClient/2.0.0.0"
        ]
      },
      "ResponseBody": "",
      "ResponseHeaders": {
        "Content-Length": [
          "0"
        ],
        "Expires": [
          "-1"
        ],
        "Pragma": [
          "no-cache"
        ],
        "Retry-After": [
          "15"
        ],
        "x-ms-ratelimit-remaining-subscription-reads": [
          "14989"
        ],
        "x-ms-request-id": [
          "e7595ec9-f630-41a2-8f3a-2f2992eb5c94"
        ],
        "x-ms-correlation-request-id": [
          "e7595ec9-f630-41a2-8f3a-2f2992eb5c94"
        ],
        "x-ms-routing-request-id": [
          "WESTUS:20170913T233718Z:e7595ec9-f630-41a2-8f3a-2f2992eb5c94"
        ],
        "Strict-Transport-Security": [
          "max-age=31536000; includeSubDomains"
        ],
        "Cache-Control": [
          "no-cache"
        ],
        "Date": [
          "Wed, 13 Sep 2017 23:37:18 GMT"
        ],
        "Location": [
          "https://management.azure.com/subscriptions/04319d6d-4a66-4701-bb2f-e7dbbd9ae4db/operationresults/eyJqb2JJZCI6IlJFU09VUkNFR1JPVVBERUxFVElPTkpPQi1PTkVTREs5NTYwLUVBU1RVUzIiLCJqb2JMb2NhdGlvbiI6ImVhc3R1czIifQ?api-version=2016-02-01"
        ]
      },
      "StatusCode": 202
    },
    {
      "RequestUri": "/subscriptions/04319d6d-4a66-4701-bb2f-e7dbbd9ae4db/operationresults/eyJqb2JJZCI6IlJFU09VUkNFR1JPVVBERUxFVElPTkpPQi1PTkVTREs5NTYwLUVBU1RVUzIiLCJqb2JMb2NhdGlvbiI6ImVhc3R1czIifQ?api-version=2016-02-01",
      "EncodedRequestUri": "L3N1YnNjcmlwdGlvbnMvMDQzMTlkNmQtNGE2Ni00NzAxLWJiMmYtZTdkYmJkOWFlNGRiL29wZXJhdGlvbnJlc3VsdHMvZXlKcWIySkpaQ0k2SWxKRlUwOVZVa05GUjFKUFZWQkVSVXhGVkVsUFRrcFBRaTFQVGtWVFJFczVOVFl3TFVWQlUxUlZVeklpTENKcWIySk1iMk5oZEdsdmJpSTZJbVZoYzNSMWN6SWlmUT9hcGktdmVyc2lvbj0yMDE2LTAyLTAx",
      "RequestMethod": "GET",
      "RequestBody": "",
      "RequestHeaders": {
        "x-ms-version": [
          "2016-02-01"
        ],
        "User-Agent": [
          "Microsoft.Azure.Management.Resources.ResourceManagementClient/2.0.0.0"
        ]
      },
      "ResponseBody": "",
      "ResponseHeaders": {
        "Content-Length": [
          "0"
        ],
        "Expires": [
          "-1"
        ],
        "Pragma": [
          "no-cache"
        ],
        "Retry-After": [
          "15"
        ],
        "x-ms-ratelimit-remaining-subscription-reads": [
          "14988"
        ],
        "x-ms-request-id": [
          "918fa694-6b3c-4200-bc97-324ab8d0f739"
        ],
        "x-ms-correlation-request-id": [
          "918fa694-6b3c-4200-bc97-324ab8d0f739"
        ],
        "x-ms-routing-request-id": [
          "WESTUS:20170913T233734Z:918fa694-6b3c-4200-bc97-324ab8d0f739"
        ],
        "Strict-Transport-Security": [
          "max-age=31536000; includeSubDomains"
        ],
        "Cache-Control": [
          "no-cache"
        ],
        "Date": [
          "Wed, 13 Sep 2017 23:37:33 GMT"
        ],
        "Location": [
          "https://management.azure.com/subscriptions/04319d6d-4a66-4701-bb2f-e7dbbd9ae4db/operationresults/eyJqb2JJZCI6IlJFU09VUkNFR1JPVVBERUxFVElPTkpPQi1PTkVTREs5NTYwLUVBU1RVUzIiLCJqb2JMb2NhdGlvbiI6ImVhc3R1czIifQ?api-version=2016-02-01"
        ]
      },
      "StatusCode": 202
    },
    {
      "RequestUri": "/subscriptions/04319d6d-4a66-4701-bb2f-e7dbbd9ae4db/operationresults/eyJqb2JJZCI6IlJFU09VUkNFR1JPVVBERUxFVElPTkpPQi1PTkVTREs5NTYwLUVBU1RVUzIiLCJqb2JMb2NhdGlvbiI6ImVhc3R1czIifQ?api-version=2016-02-01",
      "EncodedRequestUri": "L3N1YnNjcmlwdGlvbnMvMDQzMTlkNmQtNGE2Ni00NzAxLWJiMmYtZTdkYmJkOWFlNGRiL29wZXJhdGlvbnJlc3VsdHMvZXlKcWIySkpaQ0k2SWxKRlUwOVZVa05GUjFKUFZWQkVSVXhGVkVsUFRrcFBRaTFQVGtWVFJFczVOVFl3TFVWQlUxUlZVeklpTENKcWIySk1iMk5oZEdsdmJpSTZJbVZoYzNSMWN6SWlmUT9hcGktdmVyc2lvbj0yMDE2LTAyLTAx",
      "RequestMethod": "GET",
      "RequestBody": "",
      "RequestHeaders": {
        "x-ms-version": [
          "2016-02-01"
        ],
        "User-Agent": [
          "Microsoft.Azure.Management.Resources.ResourceManagementClient/2.0.0.0"
        ]
      },
      "ResponseBody": "",
      "ResponseHeaders": {
        "Content-Length": [
          "0"
        ],
        "Expires": [
          "-1"
        ],
        "Pragma": [
          "no-cache"
        ],
        "x-ms-ratelimit-remaining-subscription-reads": [
          "14987"
        ],
        "x-ms-request-id": [
          "31b6d655-5178-433e-93f1-8db0b2d9c050"
        ],
        "x-ms-correlation-request-id": [
          "31b6d655-5178-433e-93f1-8db0b2d9c050"
        ],
        "x-ms-routing-request-id": [
          "WESTUS:20170913T233749Z:31b6d655-5178-433e-93f1-8db0b2d9c050"
        ],
        "Strict-Transport-Security": [
          "max-age=31536000; includeSubDomains"
        ],
        "Cache-Control": [
          "no-cache"
        ],
        "Date": [
          "Wed, 13 Sep 2017 23:37:48 GMT"
        ]
      },
      "StatusCode": 200
    }
  ],
  "Names": {
    "Test-DataLakeStoreFirewall": [
      "onesdk9560",
      "onesdk934",
      "onesdk5577"
    ]
  },
  "Variables": {
    "SubscriptionId": "04319d6d-4a66-4701-bb2f-e7dbbd9ae4db"
  }
}