{
  "Entries": [
    {
      "RequestUri": "/subscriptions/90585f39-ab85-4921-bb37-0468f7efd1dd/providers/Microsoft.DataLakeStore/register?api-version=2016-02-01",
      "EncodedRequestUri": "L3N1YnNjcmlwdGlvbnMvOTA1ODVmMzktYWI4NS00OTIxLWJiMzctMDQ2OGY3ZWZkMWRkL3Byb3ZpZGVycy9NaWNyb3NvZnQuRGF0YUxha2VTdG9yZS9yZWdpc3Rlcj9hcGktdmVyc2lvbj0yMDE2LTAyLTAx",
      "RequestMethod": "POST",
      "RequestBody": "",
      "RequestHeaders": {
        "User-Agent": [
          "Microsoft.Azure.Management.Resources.ResourceManagementClient/2.0.0.0"
        ]
      },
      "ResponseBody": "{\r\n  \"id\": \"/subscriptions/90585f39-ab85-4921-bb37-0468f7efd1dd/providers/Microsoft.DataLakeStore\",\r\n  \"namespace\": \"Microsoft.DataLakeStore\",\r\n  \"authorization\": {\r\n    \"applicationId\": \"e9f49c6b-5ce5-44c8-925d-015017e9f7ad\",\r\n    \"roleDefinitionId\": \"41c47f4b-8b45-4522-a73a-d20b16f0f1ec\"\r\n  },\r\n  \"resourceTypes\": [\r\n    {\r\n      \"resourceType\": \"accounts\",\r\n      \"locations\": [\r\n        \"Brazil South\",\r\n        \"Australia East\",\r\n        \"East US 2\",\r\n        \"East US\",\r\n        \"West US\",\r\n        \"North Central US\",\r\n        \"South Central US\",\r\n        \"Southeast Asia\",\r\n        \"Central US\",\r\n        \"Japan East\",\r\n        \"Japan West\",\r\n        \"North Europe\",\r\n        \"West Europe\",\r\n        \"East Asia\"\r\n      ],\r\n      \"apiVersions\": [\r\n        \"2016-11-01\",\r\n        \"2015-10-01-preview\"\r\n      ],\r\n      \"capabilities\": \"CrossResourceGroupResourceMove, CrossSubscriptionResourceMove, SystemAssignedResourceIdentity\"\r\n    },\r\n    {\r\n      \"resourceType\": \"accounts/firewallRules\",\r\n      \"locations\": [\r\n        \"Brazil South\",\r\n        \"Australia East\",\r\n        \"East US 2\",\r\n        \"East US\",\r\n        \"West US\",\r\n        \"North Central US\",\r\n        \"South Central US\",\r\n        \"Southeast Asia\",\r\n        \"Central US\",\r\n        \"Japan East\",\r\n        \"Japan West\",\r\n        \"North Europe\",\r\n        \"West Europe\",\r\n        \"East Asia\"\r\n      ],\r\n      \"apiVersions\": [\r\n        \"2016-11-01\",\r\n        \"2015-10-01-preview\"\r\n      ]\r\n    },\r\n    {\r\n      \"resourceType\": \"locations\",\r\n      \"locations\": [],\r\n      \"apiVersions\": [\r\n        \"2016-11-01\",\r\n        \"2015-10-01-preview\"\r\n      ]\r\n    },\r\n    {\r\n      \"resourceType\": \"locations/operationresults\",\r\n      \"locations\": [],\r\n      \"apiVersions\": [\r\n        \"2016-11-01\",\r\n        \"2015-10-01-preview\"\r\n      ]\r\n    },\r\n    {\r\n      \"resourceType\": \"locations/checkNameAvailability\",\r\n      \"locations\": [],\r\n      \"apiVersions\": [\r\n        \"2016-11-01\",\r\n        \"2015-10-01-preview\"\r\n      ]\r\n    },\r\n    {\r\n      \"resourceType\": \"locations/capability\",\r\n      \"locations\": [],\r\n      \"apiVersions\": [\r\n        \"2016-11-01\",\r\n        \"2015-10-01-preview\"\r\n      ]\r\n    },\r\n    {\r\n      \"resourceType\": \"operations\",\r\n      \"locations\": [],\r\n      \"apiVersions\": [\r\n        \"2016-11-01\",\r\n        \"2015-10-01-preview\"\r\n      ]\r\n    }\r\n  ],\r\n  \"registrationState\": \"Registered\"\r\n}",
      "ResponseHeaders": {
        "Content-Length": [
          "1542"
        ],
        "Content-Type": [
          "application/json; charset=utf-8"
        ],
        "Expires": [
          "-1"
        ],
        "Pragma": [
          "no-cache"
        ],
        "x-ms-ratelimit-remaining-subscription-writes": [
          "1138"
        ],
        "x-ms-request-id": [
          "eecd8304-e162-486d-a0e8-dd50dfc1ef72"
        ],
        "x-ms-correlation-request-id": [
          "eecd8304-e162-486d-a0e8-dd50dfc1ef72"
        ],
        "x-ms-routing-request-id": [
          "CENTRALUS:20170214T224939Z:eecd8304-e162-486d-a0e8-dd50dfc1ef72"
        ],
        "Strict-Transport-Security": [
          "max-age=31536000; includeSubDomains"
        ],
        "Cache-Control": [
          "no-cache"
        ],
        "Date": [
          "Tue, 14 Feb 2017 22:49:39 GMT"
        ]
      },
      "StatusCode": 200
    },
    {
      "RequestUri": "/subscriptions/90585f39-ab85-4921-bb37-0468f7efd1dd/providers/Microsoft.DataLakeStore?api-version=2016-02-01",
      "EncodedRequestUri": "L3N1YnNjcmlwdGlvbnMvOTA1ODVmMzktYWI4NS00OTIxLWJiMzctMDQ2OGY3ZWZkMWRkL3Byb3ZpZGVycy9NaWNyb3NvZnQuRGF0YUxha2VTdG9yZT9hcGktdmVyc2lvbj0yMDE2LTAyLTAx",
      "RequestMethod": "GET",
      "RequestBody": "",
      "RequestHeaders": {
        "User-Agent": [
          "Microsoft.Azure.Management.Resources.ResourceManagementClient/2.0.0.0"
        ]
      },
      "ResponseBody": "{\r\n  \"id\": \"/subscriptions/90585f39-ab85-4921-bb37-0468f7efd1dd/providers/Microsoft.DataLakeStore\",\r\n  \"namespace\": \"Microsoft.DataLakeStore\",\r\n  \"authorization\": {\r\n    \"applicationId\": \"e9f49c6b-5ce5-44c8-925d-015017e9f7ad\",\r\n    \"roleDefinitionId\": \"41c47f4b-8b45-4522-a73a-d20b16f0f1ec\"\r\n  },\r\n  \"resourceTypes\": [\r\n    {\r\n      \"resourceType\": \"accounts\",\r\n      \"locations\": [\r\n        \"Brazil South\",\r\n        \"Australia East\",\r\n        \"East US 2\",\r\n        \"East US\",\r\n        \"West US\",\r\n        \"North Central US\",\r\n        \"South Central US\",\r\n        \"Southeast Asia\",\r\n        \"Central US\",\r\n        \"Japan East\",\r\n        \"Japan West\",\r\n        \"North Europe\",\r\n        \"West Europe\",\r\n        \"East Asia\"\r\n      ],\r\n      \"apiVersions\": [\r\n        \"2016-11-01\",\r\n        \"2015-10-01-preview\"\r\n      ],\r\n      \"capabilities\": \"CrossResourceGroupResourceMove, CrossSubscriptionResourceMove, SystemAssignedResourceIdentity\"\r\n    },\r\n    {\r\n      \"resourceType\": \"accounts/firewallRules\",\r\n      \"locations\": [\r\n        \"Brazil South\",\r\n        \"Australia East\",\r\n        \"East US 2\",\r\n        \"East US\",\r\n        \"West US\",\r\n        \"North Central US\",\r\n        \"South Central US\",\r\n        \"Southeast Asia\",\r\n        \"Central US\",\r\n        \"Japan East\",\r\n        \"Japan West\",\r\n        \"North Europe\",\r\n        \"West Europe\",\r\n        \"East Asia\"\r\n      ],\r\n      \"apiVersions\": [\r\n        \"2016-11-01\",\r\n        \"2015-10-01-preview\"\r\n      ]\r\n    },\r\n    {\r\n      \"resourceType\": \"locations\",\r\n      \"locations\": [],\r\n      \"apiVersions\": [\r\n        \"2016-11-01\",\r\n        \"2015-10-01-preview\"\r\n      ]\r\n    },\r\n    {\r\n      \"resourceType\": \"locations/operationresults\",\r\n      \"locations\": [],\r\n      \"apiVersions\": [\r\n        \"2016-11-01\",\r\n        \"2015-10-01-preview\"\r\n      ]\r\n    },\r\n    {\r\n      \"resourceType\": \"locations/checkNameAvailability\",\r\n      \"locations\": [],\r\n      \"apiVersions\": [\r\n        \"2016-11-01\",\r\n        \"2015-10-01-preview\"\r\n      ]\r\n    },\r\n    {\r\n      \"resourceType\": \"locations/capability\",\r\n      \"locations\": [],\r\n      \"apiVersions\": [\r\n        \"2016-11-01\",\r\n        \"2015-10-01-preview\"\r\n      ]\r\n    },\r\n    {\r\n      \"resourceType\": \"operations\",\r\n      \"locations\": [],\r\n      \"apiVersions\": [\r\n        \"2016-11-01\",\r\n        \"2015-10-01-preview\"\r\n      ]\r\n    }\r\n  ],\r\n  \"registrationState\": \"Registered\"\r\n}",
      "ResponseHeaders": {
        "Content-Length": [
          "1542"
        ],
        "Content-Type": [
          "application/json; charset=utf-8"
        ],
        "Expires": [
          "-1"
        ],
        "Pragma": [
          "no-cache"
        ],
        "x-ms-ratelimit-remaining-subscription-reads": [
          "14863"
        ],
        "x-ms-request-id": [
          "cdd56909-19d1-4245-8ed4-15004f944260"
        ],
        "x-ms-correlation-request-id": [
          "cdd56909-19d1-4245-8ed4-15004f944260"
        ],
        "x-ms-routing-request-id": [
          "CENTRALUS:20170214T224939Z:cdd56909-19d1-4245-8ed4-15004f944260"
        ],
        "Strict-Transport-Security": [
          "max-age=31536000; includeSubDomains"
        ],
        "Cache-Control": [
          "no-cache"
        ],
        "Date": [
          "Tue, 14 Feb 2017 22:49:39 GMT"
        ]
      },
      "StatusCode": 200
    },
    {
      "RequestUri": "/subscriptions/90585f39-ab85-4921-bb37-0468f7efd1dd/resourcegroups/onesdk4470?api-version=2016-02-01",
      "EncodedRequestUri": "L3N1YnNjcmlwdGlvbnMvOTA1ODVmMzktYWI4NS00OTIxLWJiMzctMDQ2OGY3ZWZkMWRkL3Jlc291cmNlZ3JvdXBzL29uZXNkazQ0NzA/YXBpLXZlcnNpb249MjAxNi0wMi0wMQ==",
      "RequestMethod": "PUT",
      "RequestBody": "{\r\n  \"location\": \"East US 2\"\r\n}",
      "RequestHeaders": {
        "Content-Type": [
          "application/json; charset=utf-8"
        ],
        "Content-Length": [
          "31"
        ],
        "User-Agent": [
          "Microsoft.Azure.Management.Resources.ResourceManagementClient/2.0.0.0"
        ]
      },
      "ResponseBody": "{\r\n  \"id\": \"/subscriptions/90585f39-ab85-4921-bb37-0468f7efd1dd/resourceGroups/onesdk4470\",\r\n  \"name\": \"onesdk4470\",\r\n  \"location\": \"eastus2\",\r\n  \"properties\": {\r\n    \"provisioningState\": \"Succeeded\"\r\n  }\r\n}",
      "ResponseHeaders": {
        "Content-Length": [
          "174"
        ],
        "Content-Type": [
          "application/json; charset=utf-8"
        ],
        "Expires": [
          "-1"
        ],
        "Pragma": [
          "no-cache"
        ],
        "x-ms-ratelimit-remaining-subscription-writes": [
          "1137"
        ],
        "x-ms-request-id": [
          "d2de604e-5aa6-4fa3-b73f-817accb9ab41"
        ],
        "x-ms-correlation-request-id": [
          "d2de604e-5aa6-4fa3-b73f-817accb9ab41"
        ],
        "x-ms-routing-request-id": [
          "CENTRALUS:20170214T224940Z:d2de604e-5aa6-4fa3-b73f-817accb9ab41"
        ],
        "Strict-Transport-Security": [
          "max-age=31536000; includeSubDomains"
        ],
        "Cache-Control": [
          "no-cache"
        ],
        "Date": [
          "Tue, 14 Feb 2017 22:49:40 GMT"
        ]
      },
      "StatusCode": 201
    },
    {
      "RequestUri": "/subscriptions/90585f39-ab85-4921-bb37-0468f7efd1dd/resourceGroups/onesdk4470/providers/Microsoft.DataLakeStore/accounts/onesdk6544?api-version=2016-11-01",
      "EncodedRequestUri": "L3N1YnNjcmlwdGlvbnMvOTA1ODVmMzktYWI4NS00OTIxLWJiMzctMDQ2OGY3ZWZkMWRkL3Jlc291cmNlR3JvdXBzL29uZXNkazQ0NzAvcHJvdmlkZXJzL01pY3Jvc29mdC5EYXRhTGFrZVN0b3JlL2FjY291bnRzL29uZXNkazY1NDQ/YXBpLXZlcnNpb249MjAxNi0xMS0wMQ==",
      "RequestMethod": "GET",
      "RequestBody": "",
      "RequestHeaders": {
        "x-ms-client-request-id": [
          "02a835af-19ab-4d7c-a9ee-694d8eb05c5b"
        ],
        "accept-language": [
          "en-US"
        ],
        "User-Agent": [
          "FxVersion/4.6.1586.0",
          "OSName/Windows_10_Enterprise",
          "OSVersion/6.3.14393",
          "Microsoft.Azure.Management.DataLake.Store.DataLakeStoreAccountManagementClient/2.0.1-preview"
        ]
      },
      "ResponseBody": "{\r\n  \"error\": {\r\n    \"code\": \"ResourceNotFound\",\r\n    \"message\": \"The Resource 'Microsoft.DataLakeStore/accounts/onesdk6544' under resource group 'onesdk4470' was not found.\"\r\n  }\r\n}",
      "ResponseHeaders": {
        "Content-Length": [
          "157"
        ],
        "Content-Type": [
          "application/json; charset=utf-8"
        ],
        "Expires": [
          "-1"
        ],
        "Pragma": [
          "no-cache"
        ],
        "x-ms-failure-cause": [
          "gateway"
        ],
        "x-ms-request-id": [
          "6fa17e93-2428-4955-ad54-b8bd616e44cd"
        ],
        "x-ms-correlation-request-id": [
          "6fa17e93-2428-4955-ad54-b8bd616e44cd"
        ],
        "x-ms-routing-request-id": [
          "CENTRALUS:20170214T224940Z:6fa17e93-2428-4955-ad54-b8bd616e44cd"
        ],
        "Strict-Transport-Security": [
          "max-age=31536000; includeSubDomains"
        ],
        "Cache-Control": [
          "no-cache"
        ],
        "Date": [
          "Tue, 14 Feb 2017 22:49:40 GMT"
        ]
      },
      "StatusCode": 404
    },
    {
      "RequestUri": "/subscriptions/90585f39-ab85-4921-bb37-0468f7efd1dd/resourceGroups/onesdk4470/providers/Microsoft.DataLakeStore/accounts/onesdk6544?api-version=2016-11-01",
      "EncodedRequestUri": "L3N1YnNjcmlwdGlvbnMvOTA1ODVmMzktYWI4NS00OTIxLWJiMzctMDQ2OGY3ZWZkMWRkL3Jlc291cmNlR3JvdXBzL29uZXNkazQ0NzAvcHJvdmlkZXJzL01pY3Jvc29mdC5EYXRhTGFrZVN0b3JlL2FjY291bnRzL29uZXNkazY1NDQ/YXBpLXZlcnNpb249MjAxNi0xMS0wMQ==",
      "RequestMethod": "GET",
      "RequestBody": "",
      "RequestHeaders": {
        "User-Agent": [
          "FxVersion/4.6.1586.0",
          "OSName/Windows_10_Enterprise",
          "OSVersion/6.3.14393",
          "Microsoft.Azure.Management.DataLake.Store.DataLakeStoreAccountManagementClient/2.0.1-preview"
        ]
      },
      "ResponseBody": "{\r\n  \"properties\": {\r\n    \"firewallState\": \"Disabled\",\r\n    \"firewallAllowAzureIps\": \"Disabled\",\r\n    \"firewallRules\": [],\r\n    \"trustedIdProviderState\": \"Disabled\",\r\n    \"trustedIdProviders\": [],\r\n    \"encryptionState\": \"Enabled\",\r\n    \"encryptionConfig\": {\r\n      \"type\": \"ServiceManaged\"\r\n    },\r\n    \"currentTier\": \"Consumption\",\r\n    \"newTier\": \"Consumption\",\r\n    \"provisioningState\": \"Succeeded\",\r\n    \"state\": \"Active\",\r\n    \"endpoint\": \"onesdk6544.caboaccountdogfood.net\",\r\n    \"accountId\": \"8ef9293b-459b-40df-8fdd-204db0d541a8\",\r\n    \"creationTime\": \"2017-02-14T22:49:43.5740813Z\",\r\n    \"lastModifiedTime\": \"2017-02-14T22:49:43.5740813Z\"\r\n  },\r\n  \"location\": \"East US 2\",\r\n  \"tags\": {},\r\n  \"identity\": {\r\n    \"type\": \"SystemAssigned\",\r\n    \"principalId\": \"5b66ef5f-e757-4ae2-8b9b-c4749f2f50b4\",\r\n    \"tenantId\": \"4ca0b6b0-e97c-43bc-aa52-48f274d2cf1a\"\r\n  },\r\n  \"id\": \"/subscriptions/90585f39-ab85-4921-bb37-0468f7efd1dd/resourceGroups/onesdk4470/providers/Microsoft.DataLakeStore/accounts/onesdk6544\",\r\n  \"name\": \"onesdk6544\",\r\n  \"type\": \"Microsoft.DataLakeStore/accounts\"\r\n}",
      "ResponseHeaders": {
        "Content-Length": [
          "899"
        ],
        "Content-Type": [
          "application/json"
        ],
        "Expires": [
          "-1"
        ],
        "Pragma": [
          "no-cache"
        ],
        "x-ms-request-id": [
          "ae42506f-0540-4ee8-b852-712677af0989"
        ],
        "X-Content-Type-Options": [
          "nosniff"
        ],
        "x-ms-ratelimit-remaining-subscription-reads": [
          "14866"
        ],
        "x-ms-correlation-request-id": [
          "75732cd0-ea9b-4208-873b-f805b23f7c7b"
        ],
        "x-ms-routing-request-id": [
          "CENTRALUS:20170214T225013Z:75732cd0-ea9b-4208-873b-f805b23f7c7b"
        ],
        "Strict-Transport-Security": [
          "max-age=31536000; includeSubDomains"
        ],
        "Connection": [
          "close"
        ],
        "Cache-Control": [
          "no-cache"
        ],
        "Date": [
          "Tue, 14 Feb 2017 22:50:13 GMT"
        ],
        "Server": [
          "Microsoft-IIS/8.5"
        ],
        "X-AspNet-Version": [
          "4.0.30319"
        ],
        "X-Powered-By": [
          "ASP.NET"
        ]
      },
      "StatusCode": 200
    },
    {
      "RequestUri": "/subscriptions/90585f39-ab85-4921-bb37-0468f7efd1dd/resourceGroups/onesdk4470/providers/Microsoft.DataLakeStore/accounts/onesdk6544?api-version=2016-11-01",
      "EncodedRequestUri": "L3N1YnNjcmlwdGlvbnMvOTA1ODVmMzktYWI4NS00OTIxLWJiMzctMDQ2OGY3ZWZkMWRkL3Jlc291cmNlR3JvdXBzL29uZXNkazQ0NzAvcHJvdmlkZXJzL01pY3Jvc29mdC5EYXRhTGFrZVN0b3JlL2FjY291bnRzL29uZXNkazY1NDQ/YXBpLXZlcnNpb249MjAxNi0xMS0wMQ==",
      "RequestMethod": "GET",
      "RequestBody": "",
      "RequestHeaders": {
        "x-ms-client-request-id": [
          "9991a3fa-5f0a-4e88-9f40-0511f0fa0179"
        ],
        "accept-language": [
          "en-US"
        ],
        "User-Agent": [
          "FxVersion/4.6.1586.0",
          "OSName/Windows_10_Enterprise",
          "OSVersion/6.3.14393",
          "Microsoft.Azure.Management.DataLake.Store.DataLakeStoreAccountManagementClient/2.0.1-preview"
        ]
      },
      "ResponseBody": "{\r\n  \"properties\": {\r\n    \"firewallState\": \"Disabled\",\r\n    \"firewallAllowAzureIps\": \"Disabled\",\r\n    \"firewallRules\": [],\r\n    \"trustedIdProviderState\": \"Disabled\",\r\n    \"trustedIdProviders\": [],\r\n    \"encryptionState\": \"Enabled\",\r\n    \"encryptionConfig\": {\r\n      \"type\": \"ServiceManaged\"\r\n    },\r\n    \"currentTier\": \"Consumption\",\r\n    \"newTier\": \"Consumption\",\r\n    \"provisioningState\": \"Succeeded\",\r\n    \"state\": \"Active\",\r\n    \"endpoint\": \"onesdk6544.caboaccountdogfood.net\",\r\n    \"accountId\": \"8ef9293b-459b-40df-8fdd-204db0d541a8\",\r\n    \"creationTime\": \"2017-02-14T22:49:43.5740813Z\",\r\n    \"lastModifiedTime\": \"2017-02-14T22:49:43.5740813Z\"\r\n  },\r\n  \"location\": \"East US 2\",\r\n  \"tags\": {},\r\n  \"identity\": {\r\n    \"type\": \"SystemAssigned\",\r\n    \"principalId\": \"5b66ef5f-e757-4ae2-8b9b-c4749f2f50b4\",\r\n    \"tenantId\": \"4ca0b6b0-e97c-43bc-aa52-48f274d2cf1a\"\r\n  },\r\n  \"id\": \"/subscriptions/90585f39-ab85-4921-bb37-0468f7efd1dd/resourceGroups/onesdk4470/providers/Microsoft.DataLakeStore/accounts/onesdk6544\",\r\n  \"name\": \"onesdk6544\",\r\n  \"type\": \"Microsoft.DataLakeStore/accounts\"\r\n}",
      "ResponseHeaders": {
        "Content-Length": [
          "899"
        ],
        "Content-Type": [
          "application/json"
        ],
        "Expires": [
          "-1"
        ],
        "Pragma": [
          "no-cache"
        ],
        "x-ms-request-id": [
          "3b4a03b5-78cc-4b26-9e6b-2edf9b63998c"
        ],
        "X-Content-Type-Options": [
          "nosniff"
        ],
        "x-ms-ratelimit-remaining-subscription-reads": [
          "14876"
        ],
        "x-ms-correlation-request-id": [
          "ccf381c0-db95-41bb-bf24-c7fdbabb6b18"
        ],
        "x-ms-routing-request-id": [
          "CENTRALUS:20170214T225014Z:ccf381c0-db95-41bb-bf24-c7fdbabb6b18"
        ],
        "Strict-Transport-Security": [
          "max-age=31536000; includeSubDomains"
        ],
        "Connection": [
          "close"
        ],
        "Cache-Control": [
          "no-cache"
        ],
        "Date": [
          "Tue, 14 Feb 2017 22:50:13 GMT"
        ],
        "Server": [
          "Microsoft-IIS/8.5"
        ],
        "X-AspNet-Version": [
          "4.0.30319"
        ],
        "X-Powered-By": [
          "ASP.NET"
        ]
      },
      "StatusCode": 200
    },
    {
      "RequestUri": "/subscriptions/90585f39-ab85-4921-bb37-0468f7efd1dd/resourceGroups/onesdk4470/providers/Microsoft.DataLakeStore/accounts/onesdk6544?api-version=2016-11-01",
      "EncodedRequestUri": "L3N1YnNjcmlwdGlvbnMvOTA1ODVmMzktYWI4NS00OTIxLWJiMzctMDQ2OGY3ZWZkMWRkL3Jlc291cmNlR3JvdXBzL29uZXNkazQ0NzAvcHJvdmlkZXJzL01pY3Jvc29mdC5EYXRhTGFrZVN0b3JlL2FjY291bnRzL29uZXNkazY1NDQ/YXBpLXZlcnNpb249MjAxNi0xMS0wMQ==",
      "RequestMethod": "GET",
      "RequestBody": "",
      "RequestHeaders": {
        "x-ms-client-request-id": [
          "d7ec3954-dfa5-4e36-87c9-33f2fd776c90"
        ],
        "accept-language": [
          "en-US"
        ],
        "User-Agent": [
          "FxVersion/4.6.1586.0",
          "OSName/Windows_10_Enterprise",
          "OSVersion/6.3.14393",
          "Microsoft.Azure.Management.DataLake.Store.DataLakeStoreAccountManagementClient/2.0.1-preview"
        ]
      },
      "ResponseBody": "{\r\n  \"properties\": {\r\n    \"firewallState\": \"Disabled\",\r\n    \"firewallAllowAzureIps\": \"Disabled\",\r\n    \"firewallRules\": [],\r\n    \"trustedIdProviderState\": \"Disabled\",\r\n    \"trustedIdProviders\": [],\r\n    \"encryptionState\": \"Enabled\",\r\n    \"encryptionConfig\": {\r\n      \"type\": \"ServiceManaged\"\r\n    },\r\n    \"currentTier\": \"Consumption\",\r\n    \"newTier\": \"Consumption\",\r\n    \"provisioningState\": \"Succeeded\",\r\n    \"state\": \"Active\",\r\n    \"endpoint\": \"onesdk6544.caboaccountdogfood.net\",\r\n    \"accountId\": \"8ef9293b-459b-40df-8fdd-204db0d541a8\",\r\n    \"creationTime\": \"2017-02-14T22:49:43.5740813Z\",\r\n    \"lastModifiedTime\": \"2017-02-14T22:49:43.5740813Z\"\r\n  },\r\n  \"location\": \"East US 2\",\r\n  \"tags\": {},\r\n  \"identity\": {\r\n    \"type\": \"SystemAssigned\",\r\n    \"principalId\": \"5b66ef5f-e757-4ae2-8b9b-c4749f2f50b4\",\r\n    \"tenantId\": \"4ca0b6b0-e97c-43bc-aa52-48f274d2cf1a\"\r\n  },\r\n  \"id\": \"/subscriptions/90585f39-ab85-4921-bb37-0468f7efd1dd/resourceGroups/onesdk4470/providers/Microsoft.DataLakeStore/accounts/onesdk6544\",\r\n  \"name\": \"onesdk6544\",\r\n  \"type\": \"Microsoft.DataLakeStore/accounts\"\r\n}",
      "ResponseHeaders": {
        "Content-Length": [
          "899"
        ],
        "Content-Type": [
          "application/json"
        ],
        "Expires": [
          "-1"
        ],
        "Pragma": [
          "no-cache"
        ],
        "x-ms-request-id": [
          "eb03117d-8b29-43dd-bdc0-3ec4a0cf44c0"
        ],
        "X-Content-Type-Options": [
          "nosniff"
        ],
        "x-ms-ratelimit-remaining-subscription-reads": [
          "14883"
        ],
        "x-ms-correlation-request-id": [
          "cfd2b8e3-c636-43b2-a667-ec322729ad43"
        ],
        "x-ms-routing-request-id": [
          "CENTRALUS:20170214T225014Z:cfd2b8e3-c636-43b2-a667-ec322729ad43"
        ],
        "Strict-Transport-Security": [
          "max-age=31536000; includeSubDomains"
        ],
        "Connection": [
          "close"
        ],
        "Cache-Control": [
          "no-cache"
        ],
        "Date": [
          "Tue, 14 Feb 2017 22:50:14 GMT"
        ],
        "Server": [
          "Microsoft-IIS/8.5"
        ],
        "X-AspNet-Version": [
          "4.0.30319"
        ],
        "X-Powered-By": [
          "ASP.NET"
        ]
      },
      "StatusCode": 200
    },
    {
      "RequestUri": "/subscriptions/90585f39-ab85-4921-bb37-0468f7efd1dd/resourceGroups/onesdk4470/providers/Microsoft.DataLakeStore/accounts/onesdk6544?api-version=2016-11-01",
      "EncodedRequestUri": "L3N1YnNjcmlwdGlvbnMvOTA1ODVmMzktYWI4NS00OTIxLWJiMzctMDQ2OGY3ZWZkMWRkL3Jlc291cmNlR3JvdXBzL29uZXNkazQ0NzAvcHJvdmlkZXJzL01pY3Jvc29mdC5EYXRhTGFrZVN0b3JlL2FjY291bnRzL29uZXNkazY1NDQ/YXBpLXZlcnNpb249MjAxNi0xMS0wMQ==",
      "RequestMethod": "GET",
      "RequestBody": "",
      "RequestHeaders": {
        "x-ms-client-request-id": [
          "19b5939d-3a86-4d20-8ce8-b87a44d9e354"
        ],
        "accept-language": [
          "en-US"
        ],
        "User-Agent": [
          "FxVersion/4.6.1586.0",
          "OSName/Windows_10_Enterprise",
          "OSVersion/6.3.14393",
          "Microsoft.Azure.Management.DataLake.Store.DataLakeStoreAccountManagementClient/2.0.1-preview"
        ]
      },
      "ResponseBody": "{\r\n  \"properties\": {\r\n    \"firewallState\": \"Disabled\",\r\n    \"firewallAllowAzureIps\": \"Disabled\",\r\n    \"firewallRules\": [],\r\n    \"trustedIdProviderState\": \"Disabled\",\r\n    \"trustedIdProviders\": [],\r\n    \"encryptionState\": \"Enabled\",\r\n    \"encryptionConfig\": {\r\n      \"type\": \"ServiceManaged\"\r\n    },\r\n    \"currentTier\": \"Consumption\",\r\n    \"newTier\": \"Consumption\",\r\n    \"provisioningState\": \"Succeeded\",\r\n    \"state\": \"Active\",\r\n    \"endpoint\": \"onesdk6544.caboaccountdogfood.net\",\r\n    \"accountId\": \"8ef9293b-459b-40df-8fdd-204db0d541a8\",\r\n    \"creationTime\": \"2017-02-14T22:49:43.5740813Z\",\r\n    \"lastModifiedTime\": \"2017-02-14T22:49:43.5740813Z\"\r\n  },\r\n  \"location\": \"East US 2\",\r\n  \"tags\": {},\r\n  \"identity\": {\r\n    \"type\": \"SystemAssigned\",\r\n    \"principalId\": \"5b66ef5f-e757-4ae2-8b9b-c4749f2f50b4\",\r\n    \"tenantId\": \"4ca0b6b0-e97c-43bc-aa52-48f274d2cf1a\"\r\n  },\r\n  \"id\": \"/subscriptions/90585f39-ab85-4921-bb37-0468f7efd1dd/resourceGroups/onesdk4470/providers/Microsoft.DataLakeStore/accounts/onesdk6544\",\r\n  \"name\": \"onesdk6544\",\r\n  \"type\": \"Microsoft.DataLakeStore/accounts\"\r\n}",
      "ResponseHeaders": {
        "Content-Length": [
          "899"
        ],
        "Content-Type": [
          "application/json"
        ],
        "Expires": [
          "-1"
        ],
        "Pragma": [
          "no-cache"
        ],
        "x-ms-request-id": [
          "5559d817-2207-4fb4-80d1-8d0a8a536af0"
        ],
        "X-Content-Type-Options": [
          "nosniff"
        ],
        "x-ms-ratelimit-remaining-subscription-reads": [
          "14860"
        ],
        "x-ms-correlation-request-id": [
          "797956de-68a9-4c35-8ed9-7f35fa1c5612"
        ],
        "x-ms-routing-request-id": [
          "CENTRALUS:20170214T225015Z:797956de-68a9-4c35-8ed9-7f35fa1c5612"
        ],
        "Strict-Transport-Security": [
          "max-age=31536000; includeSubDomains"
        ],
        "Connection": [
          "close"
        ],
        "Cache-Control": [
          "no-cache"
        ],
        "Date": [
          "Tue, 14 Feb 2017 22:50:14 GMT"
        ],
        "Server": [
          "Microsoft-IIS/8.5"
        ],
        "X-AspNet-Version": [
          "4.0.30319"
        ],
        "X-Powered-By": [
          "ASP.NET"
        ]
      },
      "StatusCode": 200
    },
    {
      "RequestUri": "/subscriptions/90585f39-ab85-4921-bb37-0468f7efd1dd/resourceGroups/onesdk4470/providers/Microsoft.DataLakeStore/accounts/onesdk6544?api-version=2016-11-01",
      "EncodedRequestUri": "L3N1YnNjcmlwdGlvbnMvOTA1ODVmMzktYWI4NS00OTIxLWJiMzctMDQ2OGY3ZWZkMWRkL3Jlc291cmNlR3JvdXBzL29uZXNkazQ0NzAvcHJvdmlkZXJzL01pY3Jvc29mdC5EYXRhTGFrZVN0b3JlL2FjY291bnRzL29uZXNkazY1NDQ/YXBpLXZlcnNpb249MjAxNi0xMS0wMQ==",
      "RequestMethod": "GET",
      "RequestBody": "",
      "RequestHeaders": {
        "x-ms-client-request-id": [
          "bc0e8f46-fa7a-441b-a4ff-65ee75129de7"
        ],
        "accept-language": [
          "en-US"
        ],
        "User-Agent": [
          "FxVersion/4.6.1586.0",
          "OSName/Windows_10_Enterprise",
          "OSVersion/6.3.14393",
          "Microsoft.Azure.Management.DataLake.Store.DataLakeStoreAccountManagementClient/2.0.1-preview"
        ]
      },
      "ResponseBody": "{\r\n  \"error\": {\r\n    \"code\": \"ResourceNotFound\",\r\n    \"message\": \"The Resource 'Microsoft.DataLakeStore/accounts/onesdk6544' under resource group 'onesdk4470' was not found.\"\r\n  }\r\n}",
      "ResponseHeaders": {
        "Content-Length": [
          "157"
        ],
        "Content-Type": [
          "application/json; charset=utf-8"
        ],
        "Expires": [
          "-1"
        ],
        "Pragma": [
          "no-cache"
        ],
        "x-ms-failure-cause": [
          "gateway"
        ],
        "x-ms-request-id": [
          "5e034207-a29e-46e8-8855-aa84586c20d2"
        ],
        "x-ms-correlation-request-id": [
          "5e034207-a29e-46e8-8855-aa84586c20d2"
        ],
        "x-ms-routing-request-id": [
          "CENTRALUS:20170214T225017Z:5e034207-a29e-46e8-8855-aa84586c20d2"
        ],
        "Strict-Transport-Security": [
          "max-age=31536000; includeSubDomains"
        ],
        "Cache-Control": [
          "no-cache"
        ],
        "Date": [
          "Tue, 14 Feb 2017 22:50:17 GMT"
        ]
      },
      "StatusCode": 404
    },
    {
      "RequestUri": "/subscriptions/90585f39-ab85-4921-bb37-0468f7efd1dd/resourceGroups/onesdk4470/providers/Microsoft.DataLakeStore/accounts/onesdk6544?api-version=2016-11-01",
      "EncodedRequestUri": "L3N1YnNjcmlwdGlvbnMvOTA1ODVmMzktYWI4NS00OTIxLWJiMzctMDQ2OGY3ZWZkMWRkL3Jlc291cmNlR3JvdXBzL29uZXNkazQ0NzAvcHJvdmlkZXJzL01pY3Jvc29mdC5EYXRhTGFrZVN0b3JlL2FjY291bnRzL29uZXNkazY1NDQ/YXBpLXZlcnNpb249MjAxNi0xMS0wMQ==",
      "RequestMethod": "GET",
      "RequestBody": "",
      "RequestHeaders": {
        "x-ms-client-request-id": [
          "e24244a9-465b-4571-bcb5-698a96f3a30a"
        ],
        "accept-language": [
          "en-US"
        ],
        "User-Agent": [
          "FxVersion/4.6.1586.0",
          "OSName/Windows_10_Enterprise",
          "OSVersion/6.3.14393",
          "Microsoft.Azure.Management.DataLake.Store.DataLakeStoreAccountManagementClient/2.0.1-preview"
        ]
      },
      "ResponseBody": "{\r\n  \"error\": {\r\n    \"code\": \"ResourceNotFound\",\r\n    \"message\": \"The Resource 'Microsoft.DataLakeStore/accounts/onesdk6544' under resource group 'onesdk4470' was not found.\"\r\n  }\r\n}",
      "ResponseHeaders": {
        "Content-Length": [
          "157"
        ],
        "Content-Type": [
          "application/json; charset=utf-8"
        ],
        "Expires": [
          "-1"
        ],
        "Pragma": [
          "no-cache"
        ],
        "x-ms-failure-cause": [
          "gateway"
        ],
        "x-ms-request-id": [
          "1dc9301d-1e4f-4d5f-9862-a3e8060cbe68"
        ],
        "x-ms-correlation-request-id": [
          "1dc9301d-1e4f-4d5f-9862-a3e8060cbe68"
        ],
        "x-ms-routing-request-id": [
          "CENTRALUS:20170214T225017Z:1dc9301d-1e4f-4d5f-9862-a3e8060cbe68"
        ],
        "Strict-Transport-Security": [
          "max-age=31536000; includeSubDomains"
        ],
        "Cache-Control": [
          "no-cache"
        ],
        "Date": [
          "Tue, 14 Feb 2017 22:50:17 GMT"
        ]
      },
      "StatusCode": 404
    },
    {
      "RequestUri": "/subscriptions/90585f39-ab85-4921-bb37-0468f7efd1dd/resourceGroups/onesdk4470/providers/Microsoft.DataLakeStore/accounts/onesdk6544?api-version=2016-11-01",
      "EncodedRequestUri": "L3N1YnNjcmlwdGlvbnMvOTA1ODVmMzktYWI4NS00OTIxLWJiMzctMDQ2OGY3ZWZkMWRkL3Jlc291cmNlR3JvdXBzL29uZXNkazQ0NzAvcHJvdmlkZXJzL01pY3Jvc29mdC5EYXRhTGFrZVN0b3JlL2FjY291bnRzL29uZXNkazY1NDQ/YXBpLXZlcnNpb249MjAxNi0xMS0wMQ==",
      "RequestMethod": "GET",
      "RequestBody": "",
      "RequestHeaders": {
        "x-ms-client-request-id": [
          "fac4a6a7-e701-4d1e-8226-77e3549bba1e"
        ],
        "accept-language": [
          "en-US"
        ],
        "User-Agent": [
          "FxVersion/4.6.1586.0",
          "OSName/Windows_10_Enterprise",
          "OSVersion/6.3.14393",
          "Microsoft.Azure.Management.DataLake.Store.DataLakeStoreAccountManagementClient/2.0.1-preview"
        ]
      },
      "ResponseBody": "{\r\n  \"error\": {\r\n    \"code\": \"ResourceNotFound\",\r\n    \"message\": \"The Resource 'Microsoft.DataLakeStore/accounts/onesdk6544' under resource group 'onesdk4470' was not found.\"\r\n  }\r\n}",
      "ResponseHeaders": {
        "Content-Length": [
          "157"
        ],
        "Content-Type": [
          "application/json; charset=utf-8"
        ],
        "Expires": [
          "-1"
        ],
        "Pragma": [
          "no-cache"
        ],
        "x-ms-failure-cause": [
          "gateway"
        ],
        "x-ms-request-id": [
          "aebdfed1-4724-4a27-87f2-50913f7cf901"
        ],
        "x-ms-correlation-request-id": [
          "aebdfed1-4724-4a27-87f2-50913f7cf901"
        ],
        "x-ms-routing-request-id": [
          "CENTRALUS:20170214T225017Z:aebdfed1-4724-4a27-87f2-50913f7cf901"
        ],
        "Strict-Transport-Security": [
          "max-age=31536000; includeSubDomains"
        ],
        "Cache-Control": [
          "no-cache"
        ],
        "Date": [
          "Tue, 14 Feb 2017 22:50:17 GMT"
        ]
      },
      "StatusCode": 404
    },
    {
      "RequestUri": "/subscriptions/90585f39-ab85-4921-bb37-0468f7efd1dd/resourceGroups/onesdk4470/providers/Microsoft.DataLakeStore/accounts/onesdk6544?api-version=2016-11-01",
      "EncodedRequestUri": "L3N1YnNjcmlwdGlvbnMvOTA1ODVmMzktYWI4NS00OTIxLWJiMzctMDQ2OGY3ZWZkMWRkL3Jlc291cmNlR3JvdXBzL29uZXNkazQ0NzAvcHJvdmlkZXJzL01pY3Jvc29mdC5EYXRhTGFrZVN0b3JlL2FjY291bnRzL29uZXNkazY1NDQ/YXBpLXZlcnNpb249MjAxNi0xMS0wMQ==",
      "RequestMethod": "PUT",
      "RequestBody": "{\r\n  \"identity\": {\r\n    \"type\": \"SystemAssigned\"\r\n  },\r\n  \"properties\": {\r\n    \"encryptionState\": \"Enabled\",\r\n    \"encryptionConfig\": {\r\n      \"type\": \"ServiceManaged\"\r\n    }\r\n  },\r\n  \"location\": \"East US 2\",\r\n  \"tags\": {}\r\n}",
      "RequestHeaders": {
        "Content-Type": [
          "application/json; charset=utf-8"
        ],
        "Content-Length": [
          "225"
        ],
        "x-ms-client-request-id": [
          "69d0bedd-f8a8-46cc-a0b9-ea9f69d4ab12"
        ],
        "accept-language": [
          "en-US"
        ],
        "User-Agent": [
          "FxVersion/4.6.1586.0",
          "OSName/Windows_10_Enterprise",
          "OSVersion/6.3.14393",
          "Microsoft.Azure.Management.DataLake.Store.DataLakeStoreAccountManagementClient/2.0.1-preview"
        ]
      },
      "ResponseBody": "{\r\n  \"properties\": {\r\n    \"encryptionState\": \"Enabled\",\r\n    \"encryptionConfig\": {\r\n      \"type\": \"ServiceManaged\"\r\n    },\r\n    \"provisioningState\": \"Creating\",\r\n    \"state\": null,\r\n    \"endpoint\": null,\r\n    \"accountId\": \"8ef9293b-459b-40df-8fdd-204db0d541a8\",\r\n    \"creationTime\": null,\r\n    \"lastModifiedTime\": null\r\n  },\r\n  \"location\": \"East US 2\",\r\n  \"tags\": {},\r\n  \"identity\": {\r\n    \"type\": \"SystemAssigned\",\r\n    \"principalId\": \"00000000-0000-0000-0000-000000000000\",\r\n    \"tenantId\": \"00000000-0000-0000-0000-000000000000\"\r\n  },\r\n  \"id\": \"/subscriptions/90585f39-ab85-4921-bb37-0468f7efd1dd/resourceGroups/onesdk4470/providers/Microsoft.DataLakeStore/accounts/onesdk6544\",\r\n  \"name\": \"onesdk6544\",\r\n  \"type\": \"Microsoft.DataLakeStore/accounts\"\r\n}",
      "ResponseHeaders": {
        "Content-Length": [
          "618"
        ],
        "Content-Type": [
          "application/json"
        ],
        "Expires": [
          "-1"
        ],
        "Pragma": [
          "no-cache"
        ],
        "Retry-After": [
          "10"
        ],
        "Azure-AsyncOperation": [
          "https://api-dogfood.resources.windows-int.net/subscriptions/90585f39-ab85-4921-bb37-0468f7efd1dd/providers/Microsoft.DataLakeStore/locations/EastUS2/operationResults/8ef9293b-459b-40df-8fdd-204db0d541a80?api-version=2016-11-01&expanded=true"
        ],
        "x-ms-request-id": [
          "34b659b7-71aa-45a8-a110-c52621d0ad93"
        ],
        "X-Content-Type-Options": [
          "nosniff"
        ],
        "x-ms-ratelimit-remaining-subscription-writes": [
          "1146"
        ],
        "x-ms-correlation-request-id": [
          "58fe83e3-b279-4823-bb3d-9e7a97d5a7e8"
        ],
        "x-ms-routing-request-id": [
          "CENTRALUS:20170214T224943Z:58fe83e3-b279-4823-bb3d-9e7a97d5a7e8"
        ],
        "Strict-Transport-Security": [
          "max-age=31536000; includeSubDomains"
        ],
        "Connection": [
          "close"
        ],
        "Cache-Control": [
          "no-cache"
        ],
        "Date": [
          "Tue, 14 Feb 2017 22:49:43 GMT"
        ],
        "Location": [
          "https://api-dogfood.resources.windows-int.net/subscriptions/90585f39-ab85-4921-bb37-0468f7efd1dd/resourcegroups/onesdk4470/providers/Microsoft.DataLakeStore/accounts/onesdk6544/operationresults/0?api-version=2016-11-01"
        ],
        "Server": [
          "Microsoft-IIS/8.5"
        ],
        "X-AspNet-Version": [
          "4.0.30319"
        ],
        "X-Powered-By": [
          "ASP.NET"
        ]
      },
      "StatusCode": 201
    },
    {
      "RequestUri": "/subscriptions/90585f39-ab85-4921-bb37-0468f7efd1dd/providers/Microsoft.DataLakeStore/locations/EastUS2/operationResults/8ef9293b-459b-40df-8fdd-204db0d541a80?api-version=2016-11-01&expanded=true",
      "EncodedRequestUri": "L3N1YnNjcmlwdGlvbnMvOTA1ODVmMzktYWI4NS00OTIxLWJiMzctMDQ2OGY3ZWZkMWRkL3Byb3ZpZGVycy9NaWNyb3NvZnQuRGF0YUxha2VTdG9yZS9sb2NhdGlvbnMvRWFzdFVTMi9vcGVyYXRpb25SZXN1bHRzLzhlZjkyOTNiLTQ1OWItNDBkZi04ZmRkLTIwNGRiMGQ1NDFhODA/YXBpLXZlcnNpb249MjAxNi0xMS0wMSZleHBhbmRlZD10cnVl",
      "RequestMethod": "GET",
      "RequestBody": "",
      "RequestHeaders": {
        "User-Agent": [
          "FxVersion/4.6.1586.0",
          "OSName/Windows_10_Enterprise",
          "OSVersion/6.3.14393",
          "Microsoft.Azure.Management.DataLake.Store.DataLakeStoreAccountManagementClient/2.0.1-preview"
        ]
      },
      "ResponseBody": "{\r\n  \"status\": \"Succeeded\"\r\n}",
      "ResponseHeaders": {
        "Content-Length": [
          "22"
        ],
        "Content-Type": [
          "application/json"
        ],
        "Expires": [
          "-1"
        ],
        "Pragma": [
          "no-cache"
        ],
        "x-ms-request-id": [
          "9535aea1-786a-4d7c-a057-7301dbacccd3"
        ],
        "X-Content-Type-Options": [
          "nosniff"
        ],
        "x-ms-ratelimit-remaining-subscription-reads": [
          "14884"
        ],
        "x-ms-correlation-request-id": [
          "97383a4c-21e5-42cd-815e-cd22759baf57"
        ],
        "x-ms-routing-request-id": [
          "CENTRALUS:20170214T225013Z:97383a4c-21e5-42cd-815e-cd22759baf57"
        ],
        "Strict-Transport-Security": [
          "max-age=31536000; includeSubDomains"
        ],
        "Connection": [
          "close"
        ],
        "Cache-Control": [
          "no-cache"
        ],
        "Date": [
          "Tue, 14 Feb 2017 22:50:13 GMT"
        ],
        "Server": [
          "Microsoft-IIS/8.5"
        ],
        "X-AspNet-Version": [
          "4.0.30319"
        ],
        "X-Powered-By": [
          "ASP.NET"
        ]
      },
      "StatusCode": 200
    },
    {
      "RequestUri": "/subscriptions/90585f39-ab85-4921-bb37-0468f7efd1dd/resourceGroups/onesdk4470/providers/Microsoft.DataLakeStore/accounts/psfakedataLakeaccounttest?api-version=2016-11-01",
      "EncodedRequestUri": "L3N1YnNjcmlwdGlvbnMvOTA1ODVmMzktYWI4NS00OTIxLWJiMzctMDQ2OGY3ZWZkMWRkL3Jlc291cmNlR3JvdXBzL29uZXNkazQ0NzAvcHJvdmlkZXJzL01pY3Jvc29mdC5EYXRhTGFrZVN0b3JlL2FjY291bnRzL3BzZmFrZWRhdGFMYWtlYWNjb3VudHRlc3Q/YXBpLXZlcnNpb249MjAxNi0xMS0wMQ==",
      "RequestMethod": "GET",
      "RequestBody": "",
      "RequestHeaders": {
        "x-ms-client-request-id": [
          "f9bcf8e8-2dd6-4fc9-85af-e808374b23f2"
        ],
        "accept-language": [
          "en-US"
        ],
        "User-Agent": [
          "FxVersion/4.6.1586.0",
          "OSName/Windows_10_Enterprise",
          "OSVersion/6.3.14393",
          "Microsoft.Azure.Management.DataLake.Store.DataLakeStoreAccountManagementClient/2.0.1-preview"
        ]
      },
      "ResponseBody": "{\r\n  \"error\": {\r\n    \"code\": \"ResourceNotFound\",\r\n    \"message\": \"The Resource 'Microsoft.DataLakeStore/accounts/psfakedataLakeaccounttest' under resource group 'onesdk4470' was not found.\"\r\n  }\r\n}",
      "ResponseHeaders": {
        "Content-Length": [
          "172"
        ],
        "Content-Type": [
          "application/json; charset=utf-8"
        ],
        "Expires": [
          "-1"
        ],
        "Pragma": [
          "no-cache"
        ],
        "x-ms-failure-cause": [
          "gateway"
        ],
        "x-ms-request-id": [
          "9fb8883d-2d59-4643-bd3d-8b96a8a8d862"
        ],
        "x-ms-correlation-request-id": [
          "9fb8883d-2d59-4643-bd3d-8b96a8a8d862"
        ],
        "x-ms-routing-request-id": [
          "CENTRALUS:20170214T225015Z:9fb8883d-2d59-4643-bd3d-8b96a8a8d862"
        ],
        "Strict-Transport-Security": [
          "max-age=31536000; includeSubDomains"
        ],
        "Cache-Control": [
          "no-cache"
        ],
        "Date": [
          "Tue, 14 Feb 2017 22:50:14 GMT"
        ]
      },
      "StatusCode": 404
    },
    {
      "RequestUri": "/subscriptions/90585f39-ab85-4921-bb37-0468f7efd1dd/resourceGroups/onesdk4470/providers/Microsoft.DataLakeStore/accounts/psfakedataLakeaccounttest?api-version=2016-11-01",
      "EncodedRequestUri": "L3N1YnNjcmlwdGlvbnMvOTA1ODVmMzktYWI4NS00OTIxLWJiMzctMDQ2OGY3ZWZkMWRkL3Jlc291cmNlR3JvdXBzL29uZXNkazQ0NzAvcHJvdmlkZXJzL01pY3Jvc29mdC5EYXRhTGFrZVN0b3JlL2FjY291bnRzL3BzZmFrZWRhdGFMYWtlYWNjb3VudHRlc3Q/YXBpLXZlcnNpb249MjAxNi0xMS0wMQ==",
      "RequestMethod": "GET",
      "RequestBody": "",
      "RequestHeaders": {
        "x-ms-client-request-id": [
          "0bb5a1a1-bc93-41e1-bc99-bb01215232d6"
        ],
        "accept-language": [
          "en-US"
        ],
        "User-Agent": [
          "FxVersion/4.6.1586.0",
          "OSName/Windows_10_Enterprise",
          "OSVersion/6.3.14393",
          "Microsoft.Azure.Management.DataLake.Store.DataLakeStoreAccountManagementClient/2.0.1-preview"
        ]
      },
      "ResponseBody": "{\r\n  \"error\": {\r\n    \"code\": \"ResourceNotFound\",\r\n    \"message\": \"The Resource 'Microsoft.DataLakeStore/accounts/psfakedataLakeaccounttest' under resource group 'onesdk4470' was not found.\"\r\n  }\r\n}",
      "ResponseHeaders": {
        "Content-Length": [
          "172"
        ],
        "Content-Type": [
          "application/json; charset=utf-8"
        ],
        "Expires": [
          "-1"
        ],
        "Pragma": [
          "no-cache"
        ],
        "x-ms-failure-cause": [
          "gateway"
        ],
        "x-ms-request-id": [
          "afa068c1-0feb-4743-98d7-4487ebc8bff3"
        ],
        "x-ms-correlation-request-id": [
          "afa068c1-0feb-4743-98d7-4487ebc8bff3"
        ],
        "x-ms-routing-request-id": [
          "CENTRALUS:20170214T225015Z:afa068c1-0feb-4743-98d7-4487ebc8bff3"
        ],
        "Strict-Transport-Security": [
          "max-age=31536000; includeSubDomains"
        ],
        "Cache-Control": [
          "no-cache"
        ],
        "Date": [
          "Tue, 14 Feb 2017 22:50:14 GMT"
        ]
      },
      "StatusCode": 404
    },
    {
      "RequestUri": "/subscriptions/90585f39-ab85-4921-bb37-0468f7efd1dd/resourceGroups/onesdk4470/providers/Microsoft.DataLakeStore/accounts/onesdk6544?api-version=2016-11-01",
      "EncodedRequestUri": "L3N1YnNjcmlwdGlvbnMvOTA1ODVmMzktYWI4NS00OTIxLWJiMzctMDQ2OGY3ZWZkMWRkL3Jlc291cmNlR3JvdXBzL29uZXNkazQ0NzAvcHJvdmlkZXJzL01pY3Jvc29mdC5EYXRhTGFrZVN0b3JlL2FjY291bnRzL29uZXNkazY1NDQ/YXBpLXZlcnNpb249MjAxNi0xMS0wMQ==",
      "RequestMethod": "DELETE",
      "RequestBody": "",
      "RequestHeaders": {
        "x-ms-client-request-id": [
          "28b77f0c-10c4-4c1d-b62e-cb2950c34485"
        ],
        "accept-language": [
          "en-US"
        ],
        "User-Agent": [
          "FxVersion/4.6.1586.0",
          "OSName/Windows_10_Enterprise",
          "OSVersion/6.3.14393",
          "Microsoft.Azure.Management.DataLake.Store.DataLakeStoreAccountManagementClient/2.0.1-preview"
        ]
      },
      "ResponseBody": "",
      "ResponseHeaders": {
        "Content-Length": [
          "0"
        ],
        "Expires": [
          "-1"
        ],
        "Pragma": [
          "no-cache"
        ],
        "x-ms-request-id": [
          "3fb0305e-b81a-4856-b9eb-f7d5b83c89f6"
        ],
        "x-ms-ratelimit-remaining-subscription-writes": [
          "1142"
        ],
        "x-ms-correlation-request-id": [
          "812d4fd8-5c52-4fa8-aa11-694c6e57c809"
        ],
        "x-ms-routing-request-id": [
          "CENTRALUS:20170214T225016Z:812d4fd8-5c52-4fa8-aa11-694c6e57c809"
        ],
        "Strict-Transport-Security": [
          "max-age=31536000; includeSubDomains"
        ],
        "Connection": [
          "close"
        ],
        "Cache-Control": [
          "no-cache"
        ],
        "Date": [
          "Tue, 14 Feb 2017 22:50:15 GMT"
        ],
        "Server": [
          "Microsoft-IIS/8.5"
        ],
        "X-AspNet-Version": [
          "4.0.30319"
        ],
        "X-Powered-By": [
          "ASP.NET"
        ]
      },
      "StatusCode": 200
    },
    {
      "RequestUri": "/subscriptions/90585f39-ab85-4921-bb37-0468f7efd1dd/resourcegroups/onesdk4470?api-version=2016-02-01",
      "EncodedRequestUri": "L3N1YnNjcmlwdGlvbnMvOTA1ODVmMzktYWI4NS00OTIxLWJiMzctMDQ2OGY3ZWZkMWRkL3Jlc291cmNlZ3JvdXBzL29uZXNkazQ0NzA/YXBpLXZlcnNpb249MjAxNi0wMi0wMQ==",
      "RequestMethod": "DELETE",
      "RequestBody": "",
      "RequestHeaders": {
        "User-Agent": [
          "Microsoft.Azure.Management.Resources.ResourceManagementClient/2.0.0.0"
        ]
      },
      "ResponseBody": "",
      "ResponseHeaders": {
        "Content-Length": [
          "0"
        ],
        "Expires": [
          "-1"
        ],
        "Pragma": [
          "no-cache"
        ],
        "Retry-After": [
          "15"
        ],
        "x-ms-ratelimit-remaining-subscription-writes": [
          "1138"
        ],
        "x-ms-request-id": [
          "b5b02d56-6faf-4e4f-9a1d-7b63f372547b"
        ],
        "x-ms-correlation-request-id": [
          "b5b02d56-6faf-4e4f-9a1d-7b63f372547b"
        ],
        "x-ms-routing-request-id": [
          "CENTRALUS:20170214T225017Z:b5b02d56-6faf-4e4f-9a1d-7b63f372547b"
        ],
        "Strict-Transport-Security": [
          "max-age=31536000; includeSubDomains"
        ],
        "Cache-Control": [
          "no-cache"
        ],
        "Date": [
          "Tue, 14 Feb 2017 22:50:16 GMT"
        ],
        "Location": [
          "https://api-dogfood.resources.windows-int.net/subscriptions/90585f39-ab85-4921-bb37-0468f7efd1dd/operationresults/eyJqb2JJZCI6IlJFU09VUkNFR1JPVVBERUxFVElPTkpPQi1PTkVTREs0NDcwLUVBU1RVUzIiLCJqb2JMb2NhdGlvbiI6ImVhc3R1czIifQ?api-version=2016-02-01"
        ]
      },
      "StatusCode": 202
    },
    {
      "RequestUri": "/subscriptions/90585f39-ab85-4921-bb37-0468f7efd1dd/operationresults/eyJqb2JJZCI6IlJFU09VUkNFR1JPVVBERUxFVElPTkpPQi1PTkVTREs0NDcwLUVBU1RVUzIiLCJqb2JMb2NhdGlvbiI6ImVhc3R1czIifQ?api-version=2016-02-01",
      "EncodedRequestUri": "L3N1YnNjcmlwdGlvbnMvOTA1ODVmMzktYWI4NS00OTIxLWJiMzctMDQ2OGY3ZWZkMWRkL29wZXJhdGlvbnJlc3VsdHMvZXlKcWIySkpaQ0k2SWxKRlUwOVZVa05GUjFKUFZWQkVSVXhGVkVsUFRrcFBRaTFQVGtWVFJFczBORGN3TFVWQlUxUlZVeklpTENKcWIySk1iMk5oZEdsdmJpSTZJbVZoYzNSMWN6SWlmUT9hcGktdmVyc2lvbj0yMDE2LTAyLTAx",
      "RequestMethod": "GET",
      "RequestBody": "",
      "RequestHeaders": {
        "x-ms-version": [
          "2016-02-01"
        ],
        "User-Agent": [
          "Microsoft.Azure.Management.Resources.ResourceManagementClient/2.0.0.0"
        ]
      },
      "ResponseBody": "",
      "ResponseHeaders": {
        "Content-Length": [
          "0"
        ],
        "Expires": [
          "-1"
        ],
        "Pragma": [
          "no-cache"
        ],
        "Retry-After": [
          "15"
        ],
        "x-ms-ratelimit-remaining-subscription-reads": [
          "14865"
        ],
        "x-ms-request-id": [
          "a2eb1740-778a-43a3-a95b-8464afaa3831"
        ],
        "x-ms-correlation-request-id": [
          "a2eb1740-778a-43a3-a95b-8464afaa3831"
        ],
        "x-ms-routing-request-id": [
          "CENTRALUS:20170214T225017Z:a2eb1740-778a-43a3-a95b-8464afaa3831"
        ],
        "Strict-Transport-Security": [
          "max-age=31536000; includeSubDomains"
        ],
        "Cache-Control": [
          "no-cache"
        ],
        "Date": [
          "Tue, 14 Feb 2017 22:50:16 GMT"
        ],
        "Location": [
          "https://api-dogfood.resources.windows-int.net/subscriptions/90585f39-ab85-4921-bb37-0468f7efd1dd/operationresults/eyJqb2JJZCI6IlJFU09VUkNFR1JPVVBERUxFVElPTkpPQi1PTkVTREs0NDcwLUVBU1RVUzIiLCJqb2JMb2NhdGlvbiI6ImVhc3R1czIifQ?api-version=2016-02-01"
        ]
      },
      "StatusCode": 202
    },
    {
      "RequestUri": "/subscriptions/90585f39-ab85-4921-bb37-0468f7efd1dd/operationresults/eyJqb2JJZCI6IlJFU09VUkNFR1JPVVBERUxFVElPTkpPQi1PTkVTREs0NDcwLUVBU1RVUzIiLCJqb2JMb2NhdGlvbiI6ImVhc3R1czIifQ?api-version=2016-02-01",
      "EncodedRequestUri": "L3N1YnNjcmlwdGlvbnMvOTA1ODVmMzktYWI4NS00OTIxLWJiMzctMDQ2OGY3ZWZkMWRkL29wZXJhdGlvbnJlc3VsdHMvZXlKcWIySkpaQ0k2SWxKRlUwOVZVa05GUjFKUFZWQkVSVXhGVkVsUFRrcFBRaTFQVGtWVFJFczBORGN3TFVWQlUxUlZVeklpTENKcWIySk1iMk5oZEdsdmJpSTZJbVZoYzNSMWN6SWlmUT9hcGktdmVyc2lvbj0yMDE2LTAyLTAx",
      "RequestMethod": "GET",
      "RequestBody": "",
      "RequestHeaders": {
        "x-ms-version": [
          "2016-02-01"
        ],
        "User-Agent": [
          "Microsoft.Azure.Management.Resources.ResourceManagementClient/2.0.0.0"
        ]
      },
      "ResponseBody": "",
      "ResponseHeaders": {
        "Content-Length": [
          "0"
        ],
        "Expires": [
          "-1"
        ],
        "Pragma": [
          "no-cache"
        ],
        "Retry-After": [
          "15"
        ],
        "x-ms-ratelimit-remaining-subscription-reads": [
          "14864"
        ],
        "x-ms-request-id": [
          "87316ec2-5f2c-4830-abc8-9aafddce23a2"
        ],
        "x-ms-correlation-request-id": [
          "87316ec2-5f2c-4830-abc8-9aafddce23a2"
        ],
        "x-ms-routing-request-id": [
          "CENTRALUS:20170214T225032Z:87316ec2-5f2c-4830-abc8-9aafddce23a2"
        ],
        "Strict-Transport-Security": [
          "max-age=31536000; includeSubDomains"
        ],
        "Cache-Control": [
          "no-cache"
        ],
        "Date": [
          "Tue, 14 Feb 2017 22:50:32 GMT"
        ],
        "Location": [
          "https://api-dogfood.resources.windows-int.net/subscriptions/90585f39-ab85-4921-bb37-0468f7efd1dd/operationresults/eyJqb2JJZCI6IlJFU09VUkNFR1JPVVBERUxFVElPTkpPQi1PTkVTREs0NDcwLUVBU1RVUzIiLCJqb2JMb2NhdGlvbiI6ImVhc3R1czIifQ?api-version=2016-02-01"
        ]
      },
      "StatusCode": 202
    },
    {
      "RequestUri": "/subscriptions/90585f39-ab85-4921-bb37-0468f7efd1dd/operationresults/eyJqb2JJZCI6IlJFU09VUkNFR1JPVVBERUxFVElPTkpPQi1PTkVTREs0NDcwLUVBU1RVUzIiLCJqb2JMb2NhdGlvbiI6ImVhc3R1czIifQ?api-version=2016-02-01",
      "EncodedRequestUri": "L3N1YnNjcmlwdGlvbnMvOTA1ODVmMzktYWI4NS00OTIxLWJiMzctMDQ2OGY3ZWZkMWRkL29wZXJhdGlvbnJlc3VsdHMvZXlKcWIySkpaQ0k2SWxKRlUwOVZVa05GUjFKUFZWQkVSVXhGVkVsUFRrcFBRaTFQVGtWVFJFczBORGN3TFVWQlUxUlZVeklpTENKcWIySk1iMk5oZEdsdmJpSTZJbVZoYzNSMWN6SWlmUT9hcGktdmVyc2lvbj0yMDE2LTAyLTAx",
      "RequestMethod": "GET",
      "RequestBody": "",
      "RequestHeaders": {
        "x-ms-version": [
          "2016-02-01"
        ],
        "User-Agent": [
          "Microsoft.Azure.Management.Resources.ResourceManagementClient/2.0.0.0"
        ]
      },
      "ResponseBody": "",
      "ResponseHeaders": {
        "Content-Length": [
          "0"
        ],
        "Expires": [
          "-1"
        ],
        "Pragma": [
          "no-cache"
        ],
        "Retry-After": [
          "15"
        ],
        "x-ms-ratelimit-remaining-subscription-reads": [
          "14863"
        ],
        "x-ms-request-id": [
          "67bd7715-d4da-4894-9481-7af161c34810"
        ],
        "x-ms-correlation-request-id": [
          "67bd7715-d4da-4894-9481-7af161c34810"
        ],
        "x-ms-routing-request-id": [
          "CENTRALUS:20170214T225047Z:67bd7715-d4da-4894-9481-7af161c34810"
        ],
        "Strict-Transport-Security": [
          "max-age=31536000; includeSubDomains"
        ],
        "Cache-Control": [
          "no-cache"
        ],
        "Date": [
          "Tue, 14 Feb 2017 22:50:47 GMT"
        ],
        "Location": [
          "https://api-dogfood.resources.windows-int.net/subscriptions/90585f39-ab85-4921-bb37-0468f7efd1dd/operationresults/eyJqb2JJZCI6IlJFU09VUkNFR1JPVVBERUxFVElPTkpPQi1PTkVTREs0NDcwLUVBU1RVUzIiLCJqb2JMb2NhdGlvbiI6ImVhc3R1czIifQ?api-version=2016-02-01"
        ]
      },
      "StatusCode": 202
    },
    {
      "RequestUri": "/subscriptions/90585f39-ab85-4921-bb37-0468f7efd1dd/operationresults/eyJqb2JJZCI6IlJFU09VUkNFR1JPVVBERUxFVElPTkpPQi1PTkVTREs0NDcwLUVBU1RVUzIiLCJqb2JMb2NhdGlvbiI6ImVhc3R1czIifQ?api-version=2016-02-01",
      "EncodedRequestUri": "L3N1YnNjcmlwdGlvbnMvOTA1ODVmMzktYWI4NS00OTIxLWJiMzctMDQ2OGY3ZWZkMWRkL29wZXJhdGlvbnJlc3VsdHMvZXlKcWIySkpaQ0k2SWxKRlUwOVZVa05GUjFKUFZWQkVSVXhGVkVsUFRrcFBRaTFQVGtWVFJFczBORGN3TFVWQlUxUlZVeklpTENKcWIySk1iMk5oZEdsdmJpSTZJbVZoYzNSMWN6SWlmUT9hcGktdmVyc2lvbj0yMDE2LTAyLTAx",
      "RequestMethod": "GET",
      "RequestBody": "",
      "RequestHeaders": {
        "x-ms-version": [
          "2016-02-01"
        ],
        "User-Agent": [
          "Microsoft.Azure.Management.Resources.ResourceManagementClient/2.0.0.0"
        ]
      },
      "ResponseBody": "",
      "ResponseHeaders": {
        "Content-Length": [
          "0"
        ],
        "Expires": [
          "-1"
        ],
        "Pragma": [
          "no-cache"
        ],
        "x-ms-ratelimit-remaining-subscription-reads": [
          "14862"
        ],
        "x-ms-request-id": [
          "82e0a1b4-2124-4d60-b36c-6b785f2e0fb8"
        ],
        "x-ms-correlation-request-id": [
          "82e0a1b4-2124-4d60-b36c-6b785f2e0fb8"
        ],
        "x-ms-routing-request-id": [
          "CENTRALUS:20170214T225102Z:82e0a1b4-2124-4d60-b36c-6b785f2e0fb8"
        ],
        "Strict-Transport-Security": [
          "max-age=31536000; includeSubDomains"
        ],
        "Cache-Control": [
          "no-cache"
        ],
        "Date": [
          "Tue, 14 Feb 2017 22:51:01 GMT"
        ]
      },
      "StatusCode": 200
    }
  ],
  "Names": {
    "Test-NegativeDataLakeStoreAccount": [
      "onesdk4470",
      "onesdk6544"
    ]
  },
  "Variables": {
    "SubscriptionId": "90585f39-ab85-4921-bb37-0468f7efd1dd"
  }
}