{
  "Entries": [
    {
      "RequestUri": "/subscriptions/53d9063d-87ae-4ea8-be90-3686c3b8669f/providers/Microsoft.DataLakeStore/register?api-version=2016-02-01",
      "EncodedRequestUri": "L3N1YnNjcmlwdGlvbnMvNTNkOTA2M2QtODdhZS00ZWE4LWJlOTAtMzY4NmMzYjg2NjlmL3Byb3ZpZGVycy9NaWNyb3NvZnQuRGF0YUxha2VTdG9yZS9yZWdpc3Rlcj9hcGktdmVyc2lvbj0yMDE2LTAyLTAx",
      "RequestMethod": "POST",
      "RequestBody": "",
      "RequestHeaders": {
        "User-Agent": [
          "Microsoft.Azure.Management.Resources.ResourceManagementClient/2.0.0.0"
        ]
      },
      "ResponseBody": "{\r\n  \"id\": \"/subscriptions/53d9063d-87ae-4ea8-be90-3686c3b8669f/providers/Microsoft.DataLakeStore\",\r\n  \"namespace\": \"Microsoft.DataLakeStore\",\r\n  \"resourceTypes\": [\r\n    {\r\n      \"resourceType\": \"operations\",\r\n      \"locations\": [],\r\n      \"apiVersions\": [\r\n        \"2015-10-01-preview\"\r\n      ]\r\n    },\r\n    {\r\n      \"resourceType\": \"accounts\",\r\n      \"locations\": [\r\n        \"East US 2\"\r\n      ],\r\n      \"apiVersions\": [\r\n        \"2015-10-01-preview\"\r\n      ],\r\n      \"capabilities\": \"CrossResourceGroupResourceMove, CrossSubscriptionResourceMove\"\r\n    },\r\n    {\r\n      \"resourceType\": \"accounts/firewallRules\",\r\n      \"locations\": [\r\n        \"East US 2\"\r\n      ],\r\n      \"apiVersions\": [\r\n        \"2015-10-01-preview\"\r\n      ]\r\n    },\r\n    {\r\n      \"resourceType\": \"locations\",\r\n      \"locations\": [],\r\n      \"apiVersions\": [\r\n        \"2015-10-01-preview\"\r\n      ]\r\n    },\r\n    {\r\n      \"resourceType\": \"locations/operationresults\",\r\n      \"locations\": [],\r\n      \"apiVersions\": [\r\n        \"2015-10-01-preview\"\r\n      ]\r\n    },\r\n    {\r\n      \"resourceType\": \"locations/checkNameAvailability\",\r\n      \"locations\": [],\r\n      \"apiVersions\": [\r\n        \"2015-10-01-preview\"\r\n      ]\r\n    },\r\n    {\r\n      \"resourceType\": \"locations/capability\",\r\n      \"locations\": [],\r\n      \"apiVersions\": [\r\n        \"2015-10-01-preview\"\r\n      ]\r\n    }\r\n  ],\r\n  \"registrationState\": \"Registered\"\r\n}",
      "ResponseHeaders": {
        "Content-Length": [
          "914"
        ],
        "Content-Type": [
          "application/json; charset=utf-8"
        ],
        "Expires": [
          "-1"
        ],
        "Pragma": [
          "no-cache"
        ],
        "x-ms-ratelimit-remaining-subscription-writes": [
          "1198"
        ],
        "x-ms-request-id": [
          "8810a539-d75c-478b-9006-87bc32807ec9"
        ],
        "x-ms-correlation-request-id": [
          "8810a539-d75c-478b-9006-87bc32807ec9"
        ],
        "x-ms-routing-request-id": [
          "CENTRALUS:20160628T202421Z:8810a539-d75c-478b-9006-87bc32807ec9"
        ],
        "Strict-Transport-Security": [
          "max-age=31536000; includeSubDomains"
        ],
        "Cache-Control": [
          "no-cache"
        ],
        "Date": [
          "Tue, 28 Jun 2016 20:24:21 GMT"
        ]
      },
      "StatusCode": 200
    },
    {
      "RequestUri": "/subscriptions/53d9063d-87ae-4ea8-be90-3686c3b8669f/providers/Microsoft.DataLakeStore?api-version=2016-02-01",
      "EncodedRequestUri": "L3N1YnNjcmlwdGlvbnMvNTNkOTA2M2QtODdhZS00ZWE4LWJlOTAtMzY4NmMzYjg2NjlmL3Byb3ZpZGVycy9NaWNyb3NvZnQuRGF0YUxha2VTdG9yZT9hcGktdmVyc2lvbj0yMDE2LTAyLTAx",
      "RequestMethod": "GET",
      "RequestBody": "",
      "RequestHeaders": {
        "User-Agent": [
          "Microsoft.Azure.Management.Resources.ResourceManagementClient/2.0.0.0"
        ]
      },
      "ResponseBody": "{\r\n  \"id\": \"/subscriptions/53d9063d-87ae-4ea8-be90-3686c3b8669f/providers/Microsoft.DataLakeStore\",\r\n  \"namespace\": \"Microsoft.DataLakeStore\",\r\n  \"resourceTypes\": [\r\n    {\r\n      \"resourceType\": \"operations\",\r\n      \"locations\": [],\r\n      \"apiVersions\": [\r\n        \"2015-10-01-preview\"\r\n      ]\r\n    },\r\n    {\r\n      \"resourceType\": \"accounts\",\r\n      \"locations\": [\r\n        \"East US 2\"\r\n      ],\r\n      \"apiVersions\": [\r\n        \"2015-10-01-preview\"\r\n      ],\r\n      \"capabilities\": \"CrossResourceGroupResourceMove, CrossSubscriptionResourceMove\"\r\n    },\r\n    {\r\n      \"resourceType\": \"accounts/firewallRules\",\r\n      \"locations\": [\r\n        \"East US 2\"\r\n      ],\r\n      \"apiVersions\": [\r\n        \"2015-10-01-preview\"\r\n      ]\r\n    },\r\n    {\r\n      \"resourceType\": \"locations\",\r\n      \"locations\": [],\r\n      \"apiVersions\": [\r\n        \"2015-10-01-preview\"\r\n      ]\r\n    },\r\n    {\r\n      \"resourceType\": \"locations/operationresults\",\r\n      \"locations\": [],\r\n      \"apiVersions\": [\r\n        \"2015-10-01-preview\"\r\n      ]\r\n    },\r\n    {\r\n      \"resourceType\": \"locations/checkNameAvailability\",\r\n      \"locations\": [],\r\n      \"apiVersions\": [\r\n        \"2015-10-01-preview\"\r\n      ]\r\n    },\r\n    {\r\n      \"resourceType\": \"locations/capability\",\r\n      \"locations\": [],\r\n      \"apiVersions\": [\r\n        \"2015-10-01-preview\"\r\n      ]\r\n    }\r\n  ],\r\n  \"registrationState\": \"Registered\"\r\n}",
      "ResponseHeaders": {
        "Content-Length": [
          "914"
        ],
        "Content-Type": [
          "application/json; charset=utf-8"
        ],
        "Expires": [
          "-1"
        ],
        "Pragma": [
          "no-cache"
        ],
        "x-ms-ratelimit-remaining-subscription-reads": [
          "14992"
        ],
        "x-ms-request-id": [
          "90134570-13f9-4c58-85eb-5e18ecb2b704"
        ],
        "x-ms-correlation-request-id": [
          "90134570-13f9-4c58-85eb-5e18ecb2b704"
        ],
        "x-ms-routing-request-id": [
          "CENTRALUS:20160628T202421Z:90134570-13f9-4c58-85eb-5e18ecb2b704"
        ],
        "Strict-Transport-Security": [
          "max-age=31536000; includeSubDomains"
        ],
        "Cache-Control": [
          "no-cache"
        ],
        "Date": [
          "Tue, 28 Jun 2016 20:24:21 GMT"
        ]
      },
      "StatusCode": 200
    },
    {
      "RequestUri": "/subscriptions/53d9063d-87ae-4ea8-be90-3686c3b8669f/resourcegroups/onesdk1190?api-version=2016-02-01",
      "EncodedRequestUri": "L3N1YnNjcmlwdGlvbnMvNTNkOTA2M2QtODdhZS00ZWE4LWJlOTAtMzY4NmMzYjg2NjlmL3Jlc291cmNlZ3JvdXBzL29uZXNkazExOTA/YXBpLXZlcnNpb249MjAxNi0wMi0wMQ==",
      "RequestMethod": "PUT",
      "RequestBody": "{\r\n  \"location\": \"East US 2\"\r\n}",
      "RequestHeaders": {
        "Content-Type": [
          "application/json; charset=utf-8"
        ],
        "Content-Length": [
          "31"
        ],
        "User-Agent": [
          "Microsoft.Azure.Management.Resources.ResourceManagementClient/2.0.0.0"
        ]
      },
      "ResponseBody": "{\r\n  \"id\": \"/subscriptions/53d9063d-87ae-4ea8-be90-3686c3b8669f/resourceGroups/onesdk1190\",\r\n  \"name\": \"onesdk1190\",\r\n  \"location\": \"eastus2\",\r\n  \"properties\": {\r\n    \"provisioningState\": \"Succeeded\"\r\n  }\r\n}",
      "ResponseHeaders": {
        "Content-Length": [
          "174"
        ],
        "Content-Type": [
          "application/json; charset=utf-8"
        ],
        "Expires": [
          "-1"
        ],
        "Pragma": [
          "no-cache"
        ],
        "x-ms-ratelimit-remaining-subscription-writes": [
          "1197"
        ],
        "x-ms-request-id": [
          "d42e9d23-2cca-493b-8120-7dddc67f3cb2"
        ],
        "x-ms-correlation-request-id": [
          "d42e9d23-2cca-493b-8120-7dddc67f3cb2"
        ],
        "x-ms-routing-request-id": [
          "CENTRALUS:20160628T202424Z:d42e9d23-2cca-493b-8120-7dddc67f3cb2"
        ],
        "Strict-Transport-Security": [
          "max-age=31536000; includeSubDomains"
        ],
        "Cache-Control": [
          "no-cache"
        ],
        "Date": [
          "Tue, 28 Jun 2016 20:24:23 GMT"
        ]
      },
      "StatusCode": 201
    },
    {
      "RequestUri": "/subscriptions/53d9063d-87ae-4ea8-be90-3686c3b8669f/resourceGroups/onesdk1190/providers/Microsoft.DataLakeStore/accounts/onesdk9854?api-version=2015-10-01-preview",
      "EncodedRequestUri": "L3N1YnNjcmlwdGlvbnMvNTNkOTA2M2QtODdhZS00ZWE4LWJlOTAtMzY4NmMzYjg2NjlmL3Jlc291cmNlR3JvdXBzL29uZXNkazExOTAvcHJvdmlkZXJzL01pY3Jvc29mdC5EYXRhTGFrZVN0b3JlL2FjY291bnRzL29uZXNkazk4NTQ/YXBpLXZlcnNpb249MjAxNS0xMC0wMS1wcmV2aWV3",
      "RequestMethod": "GET",
      "RequestBody": "",
      "RequestHeaders": {
        "x-ms-client-request-id": [
          "72493940-9096-477a-9ada-3cc1e99eb965"
        ],
        "accept-language": [
          "en-US"
        ],
        "User-Agent": [
          "Microsoft.Azure.Management.DataLake.Store.DataLakeStoreAccountManagementClient/0.12.0.0"
        ]
      },
      "ResponseBody": "{\r\n  \"error\": {\r\n    \"code\": \"ResourceNotFound\",\r\n    \"message\": \"The Resource 'Microsoft.DataLakeStore/accounts/onesdk9854' under resource group 'onesdk1190' was not found.\"\r\n  }\r\n}",
      "ResponseHeaders": {
        "Content-Length": [
          "157"
        ],
        "Content-Type": [
          "application/json; charset=utf-8"
        ],
        "Expires": [
          "-1"
        ],
        "Pragma": [
          "no-cache"
        ],
        "x-ms-failure-cause": [
          "gateway"
        ],
        "x-ms-request-id": [
          "81cb954d-4b0e-4537-84e1-0a1bfe20e635"
        ],
        "x-ms-correlation-request-id": [
          "81cb954d-4b0e-4537-84e1-0a1bfe20e635"
        ],
        "x-ms-routing-request-id": [
          "CENTRALUS:20160628T202424Z:81cb954d-4b0e-4537-84e1-0a1bfe20e635"
        ],
        "Strict-Transport-Security": [
          "max-age=31536000; includeSubDomains"
        ],
        "Cache-Control": [
          "no-cache"
        ],
        "Date": [
          "Tue, 28 Jun 2016 20:24:23 GMT"
        ]
      },
      "StatusCode": 404
    },
    {
      "RequestUri": "/subscriptions/53d9063d-87ae-4ea8-be90-3686c3b8669f/resourceGroups/onesdk1190/providers/Microsoft.DataLakeStore/accounts/onesdk9854?api-version=2015-10-01-preview",
      "EncodedRequestUri": "L3N1YnNjcmlwdGlvbnMvNTNkOTA2M2QtODdhZS00ZWE4LWJlOTAtMzY4NmMzYjg2NjlmL3Jlc291cmNlR3JvdXBzL29uZXNkazExOTAvcHJvdmlkZXJzL01pY3Jvc29mdC5EYXRhTGFrZVN0b3JlL2FjY291bnRzL29uZXNkazk4NTQ/YXBpLXZlcnNpb249MjAxNS0xMC0wMS1wcmV2aWV3",
      "RequestMethod": "GET",
      "RequestBody": "",
      "RequestHeaders": {
        "x-ms-client-request-id": [
          "3e908799-6e14-437c-a262-df0bf88a3ba0"
        ],
        "accept-language": [
          "en-US"
        ],
        "User-Agent": [
          "Microsoft.Azure.Management.DataLake.Store.DataLakeStoreAccountManagementClient/0.12.0.0"
        ]
      },
      "ResponseBody": "{\r\n  \"error\": {\r\n    \"code\": \"ResourceNotFound\",\r\n    \"message\": \"The Resource 'Microsoft.DataLakeStore/accounts/onesdk9854' under resource group 'onesdk1190' was not found.\"\r\n  }\r\n}",
      "ResponseHeaders": {
        "Content-Length": [
          "157"
        ],
        "Content-Type": [
          "application/json; charset=utf-8"
        ],
        "Expires": [
          "-1"
        ],
        "Pragma": [
          "no-cache"
        ],
        "x-ms-failure-cause": [
          "gateway"
        ],
        "x-ms-request-id": [
          "437d1dee-9614-4587-9bb2-71a214ab8854"
        ],
        "x-ms-correlation-request-id": [
          "437d1dee-9614-4587-9bb2-71a214ab8854"
        ],
        "x-ms-routing-request-id": [
          "CENTRALUS:20160628T202424Z:437d1dee-9614-4587-9bb2-71a214ab8854"
        ],
        "Strict-Transport-Security": [
          "max-age=31536000; includeSubDomains"
        ],
        "Cache-Control": [
          "no-cache"
        ],
        "Date": [
          "Tue, 28 Jun 2016 20:24:24 GMT"
        ]
      },
      "StatusCode": 404
    },
    {
      "RequestUri": "/subscriptions/53d9063d-87ae-4ea8-be90-3686c3b8669f/resourceGroups/onesdk1190/providers/Microsoft.DataLakeStore/accounts/onesdk9854?api-version=2015-10-01-preview",
      "EncodedRequestUri": "L3N1YnNjcmlwdGlvbnMvNTNkOTA2M2QtODdhZS00ZWE4LWJlOTAtMzY4NmMzYjg2NjlmL3Jlc291cmNlR3JvdXBzL29uZXNkazExOTAvcHJvdmlkZXJzL01pY3Jvc29mdC5EYXRhTGFrZVN0b3JlL2FjY291bnRzL29uZXNkazk4NTQ/YXBpLXZlcnNpb249MjAxNS0xMC0wMS1wcmV2aWV3",
      "RequestMethod": "GET",
      "RequestBody": "",
      "RequestHeaders": {
        "User-Agent": [
          "Microsoft.Azure.Management.DataLake.Store.DataLakeStoreAccountManagementClient/0.12.0.0"
        ]
      },
      "ResponseBody": "{\r\n  \"properties\": {\r\n    \"firewallState\": \"Disabled\",\r\n    \"firewallRules\": [],\r\n    \"trustedIdProviderState\": \"Disabled\",\r\n    \"trustedIdProviders\": [],\r\n    \"provisioningState\": \"Succeeded\",\r\n    \"state\": \"Active\",\r\n    \"endpoint\": \"onesdk9854.azuredatalakestore.net\",\r\n    \"accountId\": \"3f1fc900-0b99-4a84-84fb-6c703e13d8c8\",\r\n    \"creationTime\": \"2016-06-28T20:24:36.698905Z\",\r\n    \"lastModifiedTime\": \"2016-06-28T20:24:36.698905Z\"\r\n  },\r\n  \"location\": \"East US 2\",\r\n  \"tags\": {},\r\n  \"id\": \"/subscriptions/53d9063d-87ae-4ea8-be90-3686c3b8669f/resourceGroups/onesdk1190/providers/Microsoft.DataLakeStore/accounts/onesdk9854\",\r\n  \"name\": \"onesdk9854\",\r\n  \"type\": \"Microsoft.DataLakeStore/accounts\"\r\n}",
      "ResponseHeaders": {
        "Content-Length": [
          "597"
        ],
        "Content-Type": [
          "application/json"
        ],
        "Expires": [
          "-1"
        ],
        "Pragma": [
          "no-cache"
        ],
        "x-ms-request-id": [
          "9d4db055-7b4e-4c43-a8c6-1c2ab61f50f9"
        ],
        "x-ms-ratelimit-remaining-subscription-reads": [
          "14994"
        ],
        "x-ms-correlation-request-id": [
          "e8d55baf-c3fe-4bd0-86fe-10d5d29c4d5a"
        ],
        "x-ms-routing-request-id": [
          "CENTRALUS:20160628T202456Z:e8d55baf-c3fe-4bd0-86fe-10d5d29c4d5a"
        ],
        "Strict-Transport-Security": [
          "max-age=31536000; includeSubDomains"
        ],
        "Connection": [
          "close"
        ],
        "Cache-Control": [
          "no-cache"
        ],
        "Date": [
          "Tue, 28 Jun 2016 20:24:56 GMT"
        ],
        "Server": [
          "Microsoft-IIS/8.5"
        ],
        "X-AspNet-Version": [
          "4.0.30319"
        ],
        "X-Powered-By": [
          "ASP.NET"
        ]
      },
      "StatusCode": 200
    },
    {
      "RequestUri": "/subscriptions/53d9063d-87ae-4ea8-be90-3686c3b8669f/resourceGroups/onesdk1190/providers/Microsoft.DataLakeStore/accounts/onesdk9854?api-version=2015-10-01-preview",
      "EncodedRequestUri": "L3N1YnNjcmlwdGlvbnMvNTNkOTA2M2QtODdhZS00ZWE4LWJlOTAtMzY4NmMzYjg2NjlmL3Jlc291cmNlR3JvdXBzL29uZXNkazExOTAvcHJvdmlkZXJzL01pY3Jvc29mdC5EYXRhTGFrZVN0b3JlL2FjY291bnRzL29uZXNkazk4NTQ/YXBpLXZlcnNpb249MjAxNS0xMC0wMS1wcmV2aWV3",
      "RequestMethod": "GET",
      "RequestBody": "",
      "RequestHeaders": {
        "x-ms-client-request-id": [
          "74c42fc8-2f27-4f99-87ac-7ebefe83f8ff"
        ],
        "accept-language": [
          "en-US"
        ],
        "User-Agent": [
          "Microsoft.Azure.Management.DataLake.Store.DataLakeStoreAccountManagementClient/0.12.0.0"
        ]
      },
      "ResponseBody": "{\r\n  \"properties\": {\r\n    \"firewallState\": \"Disabled\",\r\n    \"firewallRules\": [],\r\n    \"trustedIdProviderState\": \"Disabled\",\r\n    \"trustedIdProviders\": [],\r\n    \"provisioningState\": \"Succeeded\",\r\n    \"state\": \"Active\",\r\n    \"endpoint\": \"onesdk9854.azuredatalakestore.net\",\r\n    \"accountId\": \"3f1fc900-0b99-4a84-84fb-6c703e13d8c8\",\r\n    \"creationTime\": \"2016-06-28T20:24:36.698905Z\",\r\n    \"lastModifiedTime\": \"2016-06-28T20:24:36.698905Z\"\r\n  },\r\n  \"location\": \"East US 2\",\r\n  \"tags\": {},\r\n  \"id\": \"/subscriptions/53d9063d-87ae-4ea8-be90-3686c3b8669f/resourceGroups/onesdk1190/providers/Microsoft.DataLakeStore/accounts/onesdk9854\",\r\n  \"name\": \"onesdk9854\",\r\n  \"type\": \"Microsoft.DataLakeStore/accounts\"\r\n}",
      "ResponseHeaders": {
        "Content-Length": [
          "597"
        ],
        "Content-Type": [
          "application/json"
        ],
        "Expires": [
          "-1"
        ],
        "Pragma": [
          "no-cache"
        ],
        "x-ms-request-id": [
          "f0f81d98-1594-4545-9a4f-5aad6f04cbfd"
        ],
        "x-ms-ratelimit-remaining-subscription-reads": [
          "14979"
        ],
        "x-ms-correlation-request-id": [
          "5fc30b60-7efb-405f-aef3-88bfa9b8e139"
        ],
        "x-ms-routing-request-id": [
          "CENTRALUS:20160628T202457Z:5fc30b60-7efb-405f-aef3-88bfa9b8e139"
        ],
        "Strict-Transport-Security": [
          "max-age=31536000; includeSubDomains"
        ],
        "Connection": [
          "close"
        ],
        "Cache-Control": [
          "no-cache"
        ],
        "Date": [
          "Tue, 28 Jun 2016 20:24:56 GMT"
        ],
        "Server": [
          "Microsoft-IIS/8.5"
        ],
        "X-AspNet-Version": [
          "4.0.30319"
        ],
        "X-Powered-By": [
          "ASP.NET"
        ]
      },
      "StatusCode": 200
    },
    {
      "RequestUri": "/subscriptions/53d9063d-87ae-4ea8-be90-3686c3b8669f/resourceGroups/onesdk1190/providers/Microsoft.DataLakeStore/accounts/onesdk9854?api-version=2015-10-01-preview",
      "EncodedRequestUri": "L3N1YnNjcmlwdGlvbnMvNTNkOTA2M2QtODdhZS00ZWE4LWJlOTAtMzY4NmMzYjg2NjlmL3Jlc291cmNlR3JvdXBzL29uZXNkazExOTAvcHJvdmlkZXJzL01pY3Jvc29mdC5EYXRhTGFrZVN0b3JlL2FjY291bnRzL29uZXNkazk4NTQ/YXBpLXZlcnNpb249MjAxNS0xMC0wMS1wcmV2aWV3",
      "RequestMethod": "GET",
      "RequestBody": "",
      "RequestHeaders": {
        "x-ms-client-request-id": [
          "8b536e71-05e1-46fb-a8ee-ef98b5be5f54"
        ],
        "accept-language": [
          "en-US"
        ],
        "User-Agent": [
          "Microsoft.Azure.Management.DataLake.Store.DataLakeStoreAccountManagementClient/0.12.0.0"
        ]
      },
      "ResponseBody": "{\r\n  \"properties\": {\r\n    \"firewallState\": \"Disabled\",\r\n    \"firewallRules\": [],\r\n    \"trustedIdProviderState\": \"Disabled\",\r\n    \"trustedIdProviders\": [],\r\n    \"provisioningState\": \"Succeeded\",\r\n    \"state\": \"Active\",\r\n    \"endpoint\": \"onesdk9854.azuredatalakestore.net\",\r\n    \"accountId\": \"3f1fc900-0b99-4a84-84fb-6c703e13d8c8\",\r\n    \"creationTime\": \"2016-06-28T20:24:36.698905Z\",\r\n    \"lastModifiedTime\": \"2016-06-28T20:24:36.698905Z\"\r\n  },\r\n  \"location\": \"East US 2\",\r\n  \"tags\": {},\r\n  \"id\": \"/subscriptions/53d9063d-87ae-4ea8-be90-3686c3b8669f/resourceGroups/onesdk1190/providers/Microsoft.DataLakeStore/accounts/onesdk9854\",\r\n  \"name\": \"onesdk9854\",\r\n  \"type\": \"Microsoft.DataLakeStore/accounts\"\r\n}",
      "ResponseHeaders": {
        "Content-Length": [
          "597"
        ],
        "Content-Type": [
          "application/json"
        ],
        "Expires": [
          "-1"
        ],
        "Pragma": [
          "no-cache"
        ],
        "x-ms-request-id": [
          "66a7aade-4811-4ca9-a353-e3d36fa0cd64"
        ],
        "x-ms-ratelimit-remaining-subscription-reads": [
          "14993"
        ],
        "x-ms-correlation-request-id": [
          "70c2b0b5-1fb9-49b1-b4d4-9b2ff4189d42"
        ],
        "x-ms-routing-request-id": [
          "CENTRALUS:20160628T202505Z:70c2b0b5-1fb9-49b1-b4d4-9b2ff4189d42"
        ],
        "Strict-Transport-Security": [
          "max-age=31536000; includeSubDomains"
        ],
        "Connection": [
          "close"
        ],
        "Cache-Control": [
          "no-cache"
        ],
        "Date": [
          "Tue, 28 Jun 2016 20:25:05 GMT"
        ],
        "Server": [
          "Microsoft-IIS/8.5"
        ],
        "X-AspNet-Version": [
          "4.0.30319"
        ],
        "X-Powered-By": [
          "ASP.NET"
        ]
      },
      "StatusCode": 200
    },
    {
      "RequestUri": "/subscriptions/53d9063d-87ae-4ea8-be90-3686c3b8669f/resourceGroups/onesdk1190/providers/Microsoft.DataLakeStore/accounts/onesdk9854?api-version=2015-10-01-preview",
      "EncodedRequestUri": "L3N1YnNjcmlwdGlvbnMvNTNkOTA2M2QtODdhZS00ZWE4LWJlOTAtMzY4NmMzYjg2NjlmL3Jlc291cmNlR3JvdXBzL29uZXNkazExOTAvcHJvdmlkZXJzL01pY3Jvc29mdC5EYXRhTGFrZVN0b3JlL2FjY291bnRzL29uZXNkazk4NTQ/YXBpLXZlcnNpb249MjAxNS0xMC0wMS1wcmV2aWV3",
      "RequestMethod": "GET",
      "RequestBody": "",
      "RequestHeaders": {
        "x-ms-client-request-id": [
          "11fa903b-7709-4bb8-b834-6bd2cb610ac6"
        ],
        "accept-language": [
          "en-US"
        ],
        "User-Agent": [
          "Microsoft.Azure.Management.DataLake.Store.DataLakeStoreAccountManagementClient/0.12.0.0"
        ]
      },
      "ResponseBody": "{\r\n  \"error\": {\r\n    \"code\": \"ResourceNotFound\",\r\n    \"message\": \"The Resource 'Microsoft.DataLakeStore/accounts/onesdk9854' under resource group 'onesdk1190' was not found.\"\r\n  }\r\n}",
      "ResponseHeaders": {
        "Content-Length": [
          "157"
        ],
        "Content-Type": [
          "application/json; charset=utf-8"
        ],
        "Expires": [
          "-1"
        ],
        "Pragma": [
          "no-cache"
        ],
        "x-ms-failure-cause": [
          "gateway"
        ],
        "x-ms-request-id": [
          "19f05ec8-12df-4048-97ed-47be3584c3fe"
        ],
        "x-ms-correlation-request-id": [
          "19f05ec8-12df-4048-97ed-47be3584c3fe"
        ],
        "x-ms-routing-request-id": [
          "CENTRALUS:20160628T202507Z:19f05ec8-12df-4048-97ed-47be3584c3fe"
        ],
        "Strict-Transport-Security": [
          "max-age=31536000; includeSubDomains"
        ],
        "Cache-Control": [
          "no-cache"
        ],
        "Date": [
          "Tue, 28 Jun 2016 20:25:06 GMT"
        ]
      },
      "StatusCode": 404
    },
    {
      "RequestUri": "/subscriptions/53d9063d-87ae-4ea8-be90-3686c3b8669f/resourceGroups/onesdk1190/providers/Microsoft.DataLakeStore/accounts/onesdk9854?api-version=2015-10-01-preview",
      "EncodedRequestUri": "L3N1YnNjcmlwdGlvbnMvNTNkOTA2M2QtODdhZS00ZWE4LWJlOTAtMzY4NmMzYjg2NjlmL3Jlc291cmNlR3JvdXBzL29uZXNkazExOTAvcHJvdmlkZXJzL01pY3Jvc29mdC5EYXRhTGFrZVN0b3JlL2FjY291bnRzL29uZXNkazk4NTQ/YXBpLXZlcnNpb249MjAxNS0xMC0wMS1wcmV2aWV3",
      "RequestMethod": "GET",
      "RequestBody": "",
      "RequestHeaders": {
        "x-ms-client-request-id": [
          "16a25b30-bfdd-4775-aaf9-032c7f9d16e4"
        ],
        "accept-language": [
          "en-US"
        ],
        "User-Agent": [
          "Microsoft.Azure.Management.DataLake.Store.DataLakeStoreAccountManagementClient/0.12.0.0"
        ]
      },
      "ResponseBody": "{\r\n  \"error\": {\r\n    \"code\": \"ResourceNotFound\",\r\n    \"message\": \"The Resource 'Microsoft.DataLakeStore/accounts/onesdk9854' under resource group 'onesdk1190' was not found.\"\r\n  }\r\n}",
      "ResponseHeaders": {
        "Content-Length": [
          "157"
        ],
        "Content-Type": [
          "application/json; charset=utf-8"
        ],
        "Expires": [
          "-1"
        ],
        "Pragma": [
          "no-cache"
        ],
        "x-ms-failure-cause": [
          "gateway"
        ],
        "x-ms-request-id": [
          "d2e1a986-7d4f-4df4-82eb-102225190eac"
        ],
        "x-ms-correlation-request-id": [
          "d2e1a986-7d4f-4df4-82eb-102225190eac"
        ],
        "x-ms-routing-request-id": [
          "CENTRALUS:20160628T202507Z:d2e1a986-7d4f-4df4-82eb-102225190eac"
        ],
        "Strict-Transport-Security": [
          "max-age=31536000; includeSubDomains"
        ],
        "Cache-Control": [
          "no-cache"
        ],
        "Date": [
          "Tue, 28 Jun 2016 20:25:06 GMT"
        ]
      },
      "StatusCode": 404
    },
    {
      "RequestUri": "/subscriptions/53d9063d-87ae-4ea8-be90-3686c3b8669f/resourceGroups/onesdk1190/providers/Microsoft.DataLakeStore/accounts/onesdk9854?api-version=2015-10-01-preview",
      "EncodedRequestUri": "L3N1YnNjcmlwdGlvbnMvNTNkOTA2M2QtODdhZS00ZWE4LWJlOTAtMzY4NmMzYjg2NjlmL3Jlc291cmNlR3JvdXBzL29uZXNkazExOTAvcHJvdmlkZXJzL01pY3Jvc29mdC5EYXRhTGFrZVN0b3JlL2FjY291bnRzL29uZXNkazk4NTQ/YXBpLXZlcnNpb249MjAxNS0xMC0wMS1wcmV2aWV3",
      "RequestMethod": "PUT",
      "RequestBody": "{\r\n  \"location\": \"East US 2\",\r\n  \"name\": \"onesdk9854\",\r\n  \"tags\": {},\r\n  \"properties\": {}\r\n}",
      "RequestHeaders": {
        "Content-Type": [
          "application/json; charset=utf-8"
        ],
        "Content-Length": [
          "92"
        ],
        "x-ms-client-request-id": [
          "8927116c-20f3-47cf-b34d-54cfe465b1fb"
        ],
        "accept-language": [
          "en-US"
        ],
        "User-Agent": [
          "Microsoft.Azure.Management.DataLake.Store.DataLakeStoreAccountManagementClient/0.12.0.0"
        ]
      },
      "ResponseBody": "{\r\n  \"properties\": {\r\n    \"provisioningState\": \"Creating\",\r\n    \"state\": null,\r\n    \"endpoint\": null,\r\n    \"accountId\": \"3f1fc900-0b99-4a84-84fb-6c703e13d8c8\",\r\n    \"creationTime\": null,\r\n    \"lastModifiedTime\": null\r\n  },\r\n  \"location\": \"East US 2\",\r\n  \"tags\": {},\r\n  \"id\": \"/subscriptions/53d9063d-87ae-4ea8-be90-3686c3b8669f/resourceGroups/onesdk1190/providers/Microsoft.DataLakeStore/accounts/onesdk9854\",\r\n  \"name\": \"onesdk9854\",\r\n  \"type\": \"Microsoft.DataLakeStore/accounts\"\r\n}",
      "ResponseHeaders": {
        "Content-Length": [
          "405"
        ],
        "Content-Type": [
          "application/json"
        ],
        "Expires": [
          "-1"
        ],
        "Pragma": [
          "no-cache"
        ],
        "Retry-After": [
          "10"
        ],
        "Azure-AsyncOperation": [
          "https://management.azure.com/subscriptions/53d9063d-87ae-4ea8-be90-3686c3b8669f/providers/Microsoft.DataLakeStore/locations/EastUS2/operationResults/3f1fc900-0b99-4a84-84fb-6c703e13d8c80?api-version=2015-10-01-preview&expanded=true"
        ],
        "x-ms-request-id": [
          "6a45bea1-6266-4b9c-bfd2-a0954c83f3c5"
        ],
        "x-ms-ratelimit-remaining-subscription-writes": [
          "1199"
        ],
        "x-ms-correlation-request-id": [
          "9fa743e7-ce8b-48ea-8810-94e411efae0a"
        ],
        "x-ms-routing-request-id": [
          "CENTRALUS:20160628T202425Z:9fa743e7-ce8b-48ea-8810-94e411efae0a"
        ],
        "Strict-Transport-Security": [
          "max-age=31536000; includeSubDomains"
        ],
        "Connection": [
          "close"
        ],
        "Cache-Control": [
          "no-cache"
        ],
        "Date": [
          "Tue, 28 Jun 2016 20:24:25 GMT"
        ],
        "Location": [
          "https://management.azure.com/subscriptions/53d9063d-87ae-4ea8-be90-3686c3b8669f/resourcegroups/onesdk1190/providers/Microsoft.DataLakeStore/accounts/onesdk9854/operationresults/0?api-version=2015-10-01-preview"
        ],
        "Server": [
          "Microsoft-IIS/8.5"
        ],
        "X-AspNet-Version": [
          "4.0.30319"
        ],
        "X-Powered-By": [
          "ASP.NET"
        ]
      },
      "StatusCode": 201
    },
    {
      "RequestUri": "/subscriptions/53d9063d-87ae-4ea8-be90-3686c3b8669f/providers/Microsoft.DataLakeStore/locations/EastUS2/operationResults/3f1fc900-0b99-4a84-84fb-6c703e13d8c80?api-version=2015-10-01-preview&expanded=true",
      "EncodedRequestUri": "L3N1YnNjcmlwdGlvbnMvNTNkOTA2M2QtODdhZS00ZWE4LWJlOTAtMzY4NmMzYjg2NjlmL3Byb3ZpZGVycy9NaWNyb3NvZnQuRGF0YUxha2VTdG9yZS9sb2NhdGlvbnMvRWFzdFVTMi9vcGVyYXRpb25SZXN1bHRzLzNmMWZjOTAwLTBiOTktNGE4NC04NGZiLTZjNzAzZTEzZDhjODA/YXBpLXZlcnNpb249MjAxNS0xMC0wMS1wcmV2aWV3JmV4cGFuZGVkPXRydWU=",
      "RequestMethod": "GET",
      "RequestBody": "",
      "RequestHeaders": {
        "User-Agent": [
          "Microsoft.Azure.Management.DataLake.Store.DataLakeStoreAccountManagementClient/0.12.0.0"
        ]
      },
      "ResponseBody": "{\r\n  \"status\": \"Succeeded\"\r\n}",
      "ResponseHeaders": {
        "Content-Length": [
          "22"
        ],
        "Content-Type": [
          "application/json"
        ],
        "Expires": [
          "-1"
        ],
        "Pragma": [
          "no-cache"
        ],
        "x-ms-request-id": [
          "39e7bb90-d9e5-49a0-9137-c701aa9f8059"
        ],
        "x-ms-ratelimit-remaining-subscription-reads": [
          "14988"
        ],
        "x-ms-correlation-request-id": [
          "8862e939-b1a2-42cc-ac3d-3f7be1ffadd0"
        ],
        "x-ms-routing-request-id": [
          "CENTRALUS:20160628T202456Z:8862e939-b1a2-42cc-ac3d-3f7be1ffadd0"
        ],
        "Strict-Transport-Security": [
          "max-age=31536000; includeSubDomains"
        ],
        "Connection": [
          "close"
        ],
        "Cache-Control": [
          "no-cache"
        ],
        "Date": [
          "Tue, 28 Jun 2016 20:24:55 GMT"
        ],
        "Server": [
          "Microsoft-IIS/8.5"
        ],
        "X-AspNet-Version": [
          "4.0.30319"
        ],
        "X-Powered-By": [
          "ASP.NET"
        ]
      },
      "StatusCode": 200
    },
    {
      "RequestUri": "/webhdfs/v1/?op=GETACLSTATUS&api-version=2015-10-01-preview",
      "EncodedRequestUri": "L3dlYmhkZnMvdjEvP29wPUdFVEFDTFNUQVRVUyZhcGktdmVyc2lvbj0yMDE1LTEwLTAxLXByZXZpZXc=",
      "RequestMethod": "GET",
      "RequestBody": "",
      "RequestHeaders": {
        "x-ms-client-request-id": [
          "c2b7bea7-2c84-45f3-9c23-d89d409e9e4a"
        ],
        "accept-language": [
          "en-US"
        ],
        "User-Agent": [
          "Microsoft.Azure.Management.DataLake.Store.DataLakeStoreFileSystemManagementClient/0.12.0.0"
        ]
      },
      "ResponseBody": "{\r\n  \"AclStatus\": {\r\n    \"entries\": [\r\n      \"user::rwx\",\r\n      \"group::rwx\",\r\n      \"other::---\",\r\n      \"mask::rwx\",\r\n      \"default:user::rwx\",\r\n      \"default:group::rwx\",\r\n      \"default:other::---\",\r\n      \"default:mask::rwx\"\r\n    ],\r\n    \"owner\": \"2e6c02d2-a364-4530-9137-d17403996cbf\",\r\n    \"group\": \"2e6c02d2-a364-4530-9137-d17403996cbf\",\r\n    \"stickyBit\": false\r\n  }\r\n}",
      "ResponseHeaders": {
        "Content-Length": [
          "271"
        ],
        "Content-Type": [
          "application/json; charset=utf-8"
        ],
        "Expires": [
          "-1"
        ],
        "Pragma": [
          "no-cache"
        ],
        "x-ms-request-id": [
          "37ed6d4c-72bc-46e7-a0fb-7999cc3ba955"
        ],
        "Server-Perf": [
          "[37ed6d4c-72bc-46e7-a0fb-7999cc3ba955][ AuthTime::1563.22240228149::PostAuthTime::629.993597417411 ][S-HdfsGetAclStatus :: 00:00:533 ms]%0a[GETACLSTATUS :: 00:00:536 ms]%0a"
        ],
        "x-ms-webhdfs-version": [
          "16.05.18.00"
        ],
        "Status": [
          "0x0"
        ],
        "X-Content-Type-Options": [
          "nosniff"
        ],
        "Strict-Transport-Security": [
          "max-age=15724800; includeSubDomains"
        ],
        "Cache-Control": [
          "no-cache"
        ],
        "Date": [
          "Tue, 28 Jun 2016 20:25:01 GMT"
        ],
        "Set-Cookie": [
          "UserPrincipalSession=9c6abde7-7688-440b-b6bb-0d4ec9e3eb49; path=/; secure; HttpOnly"
        ]
      },
      "StatusCode": 200
    },
    {
      "RequestUri": "/webhdfs/v1/?op=GETACLSTATUS&api-version=2015-10-01-preview",
      "EncodedRequestUri": "L3dlYmhkZnMvdjEvP29wPUdFVEFDTFNUQVRVUyZhcGktdmVyc2lvbj0yMDE1LTEwLTAxLXByZXZpZXc=",
      "RequestMethod": "GET",
      "RequestBody": "",
      "RequestHeaders": {
        "x-ms-client-request-id": [
          "382ee1a8-c813-489b-aff5-4adbe8532e5d"
        ],
        "accept-language": [
          "en-US"
        ],
        "User-Agent": [
          "Microsoft.Azure.Management.DataLake.Store.DataLakeStoreFileSystemManagementClient/0.12.0.0"
        ]
      },
      "ResponseBody": "{\r\n  \"AclStatus\": {\r\n    \"entries\": [\r\n      \"user::rwx\",\r\n      \"group::rwx\",\r\n      \"other::---\",\r\n      \"mask::rwx\",\r\n      \"default:user::rwx\",\r\n      \"default:group::rwx\",\r\n      \"default:other::---\",\r\n      \"default:mask::rwx\",\r\n      \"user:027c28d5-c91d-49f0-98c5-d10134b169b3:rwx\"\r\n    ],\r\n    \"owner\": \"2e6c02d2-a364-4530-9137-d17403996cbf\",\r\n    \"group\": \"2e6c02d2-a364-4530-9137-d17403996cbf\",\r\n    \"stickyBit\": false\r\n  }\r\n}",
      "ResponseHeaders": {
        "Content-Length": [
          "319"
        ],
        "Content-Type": [
          "application/json; charset=utf-8"
        ],
        "Expires": [
          "-1"
        ],
        "Pragma": [
          "no-cache"
        ],
        "x-ms-request-id": [
          "06c93802-380f-4252-a904-27cff7473e99"
        ],
        "Server-Perf": [
          "[06c93802-380f-4252-a904-27cff7473e99][ AuthTime::0::PostAuthTime::0 ][S-HdfsGetAclStatus :: 00:00:040 ms]%0a[GETACLSTATUS :: 00:00:040 ms]%0a"
        ],
        "x-ms-webhdfs-version": [
          "16.05.18.00"
        ],
        "Status": [
          "0x0"
        ],
        "X-Content-Type-Options": [
          "nosniff"
        ],
        "Strict-Transport-Security": [
          "max-age=15724800; includeSubDomains"
        ],
        "Cache-Control": [
          "no-cache"
        ],
        "Date": [
          "Tue, 28 Jun 2016 20:25:01 GMT"
        ]
      },
      "StatusCode": 200
    },
    {
      "RequestUri": "/webhdfs/v1/?op=GETACLSTATUS&api-version=2015-10-01-preview",
      "EncodedRequestUri": "L3dlYmhkZnMvdjEvP29wPUdFVEFDTFNUQVRVUyZhcGktdmVyc2lvbj0yMDE1LTEwLTAxLXByZXZpZXc=",
      "RequestMethod": "GET",
      "RequestBody": "",
      "RequestHeaders": {
        "x-ms-client-request-id": [
          "d166a0d4-f6b8-4ec3-93c2-cdac49b3ffd2"
        ],
        "accept-language": [
          "en-US"
        ],
        "User-Agent": [
          "Microsoft.Azure.Management.DataLake.Store.DataLakeStoreFileSystemManagementClient/0.12.0.0"
        ]
      },
      "ResponseBody": "{\r\n  \"AclStatus\": {\r\n    \"entries\": [\r\n      \"user::rwx\",\r\n      \"group::rwx\",\r\n      \"other::---\",\r\n      \"mask::rwx\",\r\n      \"default:user::rwx\",\r\n      \"default:group::rwx\",\r\n      \"default:other::---\",\r\n      \"default:mask::rwx\"\r\n    ],\r\n    \"owner\": \"2e6c02d2-a364-4530-9137-d17403996cbf\",\r\n    \"group\": \"2e6c02d2-a364-4530-9137-d17403996cbf\",\r\n    \"stickyBit\": false\r\n  }\r\n}",
      "ResponseHeaders": {
        "Content-Length": [
          "271"
        ],
        "Content-Type": [
          "application/json; charset=utf-8"
        ],
        "Expires": [
          "-1"
        ],
        "Pragma": [
          "no-cache"
        ],
        "x-ms-request-id": [
          "ef902e69-b86e-4196-be42-95eff49e18da"
        ],
        "Server-Perf": [
          "[ef902e69-b86e-4196-be42-95eff49e18da][ AuthTime::0::PostAuthTime::0 ][S-HdfsGetAclStatus :: 00:00:043 ms]%0a[GETACLSTATUS :: 00:00:043 ms]%0a"
        ],
        "x-ms-webhdfs-version": [
          "16.05.18.00"
        ],
        "Status": [
          "0x0"
        ],
        "X-Content-Type-Options": [
          "nosniff"
        ],
        "Strict-Transport-Security": [
          "max-age=15724800; includeSubDomains"
        ],
        "Cache-Control": [
          "no-cache"
        ],
        "Date": [
          "Tue, 28 Jun 2016 20:25:02 GMT"
        ]
      },
      "StatusCode": 200
    },
    {
      "RequestUri": "/webhdfs/v1/?op=GETACLSTATUS&api-version=2015-10-01-preview",
      "EncodedRequestUri": "L3dlYmhkZnMvdjEvP29wPUdFVEFDTFNUQVRVUyZhcGktdmVyc2lvbj0yMDE1LTEwLTAxLXByZXZpZXc=",
      "RequestMethod": "GET",
      "RequestBody": "",
      "RequestHeaders": {
        "x-ms-client-request-id": [
          "969436b4-6032-43f2-9a88-013ae0a73047"
        ],
        "accept-language": [
          "en-US"
        ],
        "User-Agent": [
          "Microsoft.Azure.Management.DataLake.Store.DataLakeStoreFileSystemManagementClient/0.12.0.0"
        ]
      },
      "ResponseBody": "{\r\n  \"AclStatus\": {\r\n    \"entries\": [\r\n      \"user::rwx\",\r\n      \"group::rwx\",\r\n      \"other::---\",\r\n      \"mask::rwx\",\r\n      \"default:user::rwx\",\r\n      \"default:group::rwx\",\r\n      \"default:other::---\",\r\n      \"default:mask::rwx\",\r\n      \"user:027c28d5-c91d-49f0-98c5-d10134b169b3:rwx\"\r\n    ],\r\n    \"owner\": \"2e6c02d2-a364-4530-9137-d17403996cbf\",\r\n    \"group\": \"2e6c02d2-a364-4530-9137-d17403996cbf\",\r\n    \"stickyBit\": false\r\n  }\r\n}",
      "ResponseHeaders": {
        "Content-Length": [
          "319"
        ],
        "Content-Type": [
          "application/json; charset=utf-8"
        ],
        "Expires": [
          "-1"
        ],
        "Pragma": [
          "no-cache"
        ],
        "x-ms-request-id": [
          "0b3eae49-9622-452f-910c-7e8990c97ad3"
        ],
        "Server-Perf": [
          "[0b3eae49-9622-452f-910c-7e8990c97ad3][ AuthTime::0::PostAuthTime::0 ][S-HdfsGetAclStatus :: 00:00:049 ms]%0a[GETACLSTATUS :: 00:00:049 ms]%0a"
        ],
        "x-ms-webhdfs-version": [
          "16.05.18.00"
        ],
        "Status": [
          "0x0"
        ],
        "X-Content-Type-Options": [
          "nosniff"
        ],
        "Strict-Transport-Security": [
          "max-age=15724800; includeSubDomains"
        ],
        "Cache-Control": [
          "no-cache"
        ],
        "Date": [
          "Tue, 28 Jun 2016 20:25:03 GMT"
        ]
      },
      "StatusCode": 200
    },
    {
      "RequestUri": "/webhdfs/v1/?op=GETACLSTATUS&api-version=2015-10-01-preview",
      "EncodedRequestUri": "L3dlYmhkZnMvdjEvP29wPUdFVEFDTFNUQVRVUyZhcGktdmVyc2lvbj0yMDE1LTEwLTAxLXByZXZpZXc=",
      "RequestMethod": "GET",
      "RequestBody": "",
      "RequestHeaders": {
        "x-ms-client-request-id": [
          "c0a60cfb-f7fd-43e8-8ac7-74825739b93d"
        ],
        "accept-language": [
          "en-US"
        ],
        "User-Agent": [
          "Microsoft.Azure.Management.DataLake.Store.DataLakeStoreFileSystemManagementClient/0.12.0.0"
        ]
      },
      "ResponseBody": "{\r\n  \"AclStatus\": {\r\n    \"entries\": [\r\n      \"user::rwx\",\r\n      \"group::rwx\",\r\n      \"other::---\",\r\n      \"mask::rwx\",\r\n      \"default:user::rwx\",\r\n      \"default:group::rwx\",\r\n      \"default:other::---\",\r\n      \"default:mask::rwx\"\r\n    ],\r\n    \"owner\": \"2e6c02d2-a364-4530-9137-d17403996cbf\",\r\n    \"group\": \"2e6c02d2-a364-4530-9137-d17403996cbf\",\r\n    \"stickyBit\": false\r\n  }\r\n}",
      "ResponseHeaders": {
        "Content-Length": [
          "271"
        ],
        "Content-Type": [
          "application/json; charset=utf-8"
        ],
        "Expires": [
          "-1"
        ],
        "Pragma": [
          "no-cache"
        ],
        "x-ms-request-id": [
          "9e84dadd-18ba-4ddc-a610-64450202e8db"
        ],
        "Server-Perf": [
          "[9e84dadd-18ba-4ddc-a610-64450202e8db][ AuthTime::0::PostAuthTime::0 ][S-HdfsGetAclStatus :: 00:00:043 ms]%0a[GETACLSTATUS :: 00:00:043 ms]%0a"
        ],
        "x-ms-webhdfs-version": [
          "16.05.18.00"
        ],
        "Status": [
          "0x0"
        ],
        "X-Content-Type-Options": [
          "nosniff"
        ],
        "Strict-Transport-Security": [
          "max-age=15724800; includeSubDomains"
        ],
        "Cache-Control": [
          "no-cache"
        ],
        "Date": [
          "Tue, 28 Jun 2016 20:25:03 GMT"
        ]
      },
      "StatusCode": 200
    },
    {
      "RequestUri": "/webhdfs/v1/?op=GETACLSTATUS&api-version=2015-10-01-preview",
      "EncodedRequestUri": "L3dlYmhkZnMvdjEvP29wPUdFVEFDTFNUQVRVUyZhcGktdmVyc2lvbj0yMDE1LTEwLTAxLXByZXZpZXc=",
      "RequestMethod": "GET",
      "RequestBody": "",
      "RequestHeaders": {
        "x-ms-client-request-id": [
          "5be5c9b8-f894-473a-b3ba-cdcdde467df6"
        ],
        "accept-language": [
          "en-US"
        ],
        "User-Agent": [
          "Microsoft.Azure.Management.DataLake.Store.DataLakeStoreFileSystemManagementClient/0.12.0.0"
        ]
      },
      "ResponseBody": "{\r\n  \"AclStatus\": {\r\n    \"entries\": [\r\n      \"user::rwx\",\r\n      \"group::rwx\",\r\n      \"other::---\",\r\n      \"mask::rwx\",\r\n      \"default:user::rwx\",\r\n      \"default:group::rwx\",\r\n      \"default:other::---\",\r\n      \"default:mask::rwx\",\r\n      \"user:027c28d5-c91d-49f0-98c5-d10134b169b3:rwx\"\r\n    ],\r\n    \"owner\": \"2e6c02d2-a364-4530-9137-d17403996cbf\",\r\n    \"group\": \"2e6c02d2-a364-4530-9137-d17403996cbf\",\r\n    \"stickyBit\": false\r\n  }\r\n}",
      "ResponseHeaders": {
        "Content-Length": [
          "319"
        ],
        "Content-Type": [
          "application/json; charset=utf-8"
        ],
        "Expires": [
          "-1"
        ],
        "Pragma": [
          "no-cache"
        ],
        "x-ms-request-id": [
          "92d4d66d-e4bd-4566-97a2-ffe417106c8e"
        ],
        "Server-Perf": [
          "[92d4d66d-e4bd-4566-97a2-ffe417106c8e][ AuthTime::0::PostAuthTime::0 ][S-HdfsGetAclStatus :: 00:00:038 ms]%0a[GETACLSTATUS :: 00:00:038 ms]%0a"
        ],
        "x-ms-webhdfs-version": [
          "16.05.18.00"
        ],
        "Status": [
          "0x0"
        ],
        "X-Content-Type-Options": [
          "nosniff"
        ],
        "Strict-Transport-Security": [
          "max-age=15724800; includeSubDomains"
        ],
        "Cache-Control": [
          "no-cache"
        ],
        "Date": [
          "Tue, 28 Jun 2016 20:25:04 GMT"
        ]
      },
      "StatusCode": 200
    },
    {
      "RequestUri": "/webhdfs/v1/?op=GETACLSTATUS&api-version=2015-10-01-preview",
      "EncodedRequestUri": "L3dlYmhkZnMvdjEvP29wPUdFVEFDTFNUQVRVUyZhcGktdmVyc2lvbj0yMDE1LTEwLTAxLXByZXZpZXc=",
      "RequestMethod": "GET",
      "RequestBody": "",
      "RequestHeaders": {
        "x-ms-client-request-id": [
          "66cb7374-e1fb-4a23-b056-18e6634a7bd7"
        ],
        "accept-language": [
          "en-US"
        ],
        "User-Agent": [
          "Microsoft.Azure.Management.DataLake.Store.DataLakeStoreFileSystemManagementClient/0.12.0.0"
        ]
      },
      "ResponseBody": "{\r\n  \"AclStatus\": {\r\n    \"entries\": [\r\n      \"user::rwx\",\r\n      \"group::rwx\",\r\n      \"other::---\",\r\n      \"mask::rwx\",\r\n      \"default:user::rwx\",\r\n      \"default:group::rwx\",\r\n      \"default:other::---\",\r\n      \"default:mask::rwx\"\r\n    ],\r\n    \"owner\": \"2e6c02d2-a364-4530-9137-d17403996cbf\",\r\n    \"group\": \"2e6c02d2-a364-4530-9137-d17403996cbf\",\r\n    \"stickyBit\": false\r\n  }\r\n}",
      "ResponseHeaders": {
        "Content-Length": [
          "271"
        ],
        "Content-Type": [
          "application/json; charset=utf-8"
        ],
        "Expires": [
          "-1"
        ],
        "Pragma": [
          "no-cache"
        ],
        "x-ms-request-id": [
          "62a63f04-e114-41e1-80b5-6d098028c7d7"
        ],
        "Server-Perf": [
          "[62a63f04-e114-41e1-80b5-6d098028c7d7][ AuthTime::0::PostAuthTime::0 ][S-HdfsGetAclStatus :: 00:00:039 ms]%0a[GETACLSTATUS :: 00:00:039 ms]%0a"
        ],
        "x-ms-webhdfs-version": [
          "16.05.18.00"
        ],
        "Status": [
          "0x0"
        ],
        "X-Content-Type-Options": [
          "nosniff"
        ],
        "Strict-Transport-Security": [
          "max-age=15724800; includeSubDomains"
        ],
        "Cache-Control": [
          "no-cache"
        ],
        "Date": [
          "Tue, 28 Jun 2016 20:25:04 GMT"
        ]
      },
      "StatusCode": 200
    },
    {
      "RequestUri": "/webhdfs/v1/?aclspec=user:027c28d5-c91d-49f0-98c5-d10134b169b3:rwx%2Cmask::rwx%2Cother::---%2Cuser::rwx%2Cgroup::rwx%2Cdefault:user::rwx%2Cdefault:group::rwx&op=SETACL&api-version=2015-10-01-preview",
      "EncodedRequestUri": "L3dlYmhkZnMvdjEvP2FjbHNwZWM9dXNlciUzQTAyN2MyOGQ1LWM5MWQtNDlmMC05OGM1LWQxMDEzNGIxNjliMyUzQXJ3eCUyQ21hc2slM0ElM0Fyd3glMkNvdGhlciUzQSUzQS0tLSUyQ3VzZXIlM0ElM0Fyd3glMkNncm91cCUzQSUzQXJ3eCUyQ2RlZmF1bHQlM0F1c2VyJTNBJTNBcnd4JTJDZGVmYXVsdCUzQWdyb3VwJTNBJTNBcnd4Jm9wPVNFVEFDTCZhcGktdmVyc2lvbj0yMDE1LTEwLTAxLXByZXZpZXc=",
      "RequestMethod": "PUT",
      "RequestBody": "",
      "RequestHeaders": {
        "x-ms-client-request-id": [
          "c8151836-b395-4a53-a0b6-46ba56cf5d60"
        ],
        "accept-language": [
          "en-US"
        ],
        "User-Agent": [
          "Microsoft.Azure.Management.DataLake.Store.DataLakeStoreFileSystemManagementClient/0.12.0.0"
        ]
      },
      "ResponseBody": "",
      "ResponseHeaders": {
        "Content-Length": [
          "0"
        ],
        "Expires": [
          "-1"
        ],
        "Pragma": [
          "no-cache"
        ],
        "x-ms-request-id": [
          "2f1c405e-3747-43ab-a52c-951a19857ee8"
        ],
        "ContentLength": [
          "0"
        ],
        "Server-Perf": [
          "[2f1c405e-3747-43ab-a52c-951a19857ee8][ AuthTime::0::PostAuthTime::0 ][S-HdfsSetAcl :: 00:00:574 ms]%0a[SETACL :: 00:00:577 ms]%0a"
        ],
        "x-ms-webhdfs-version": [
          "16.05.18.00"
        ],
        "Status": [
          "0x0"
        ],
        "X-Content-Type-Options": [
          "nosniff"
        ],
        "Strict-Transport-Security": [
          "max-age=15724800; includeSubDomains"
        ],
        "Cache-Control": [
          "no-cache"
        ],
        "Date": [
          "Tue, 28 Jun 2016 20:25:01 GMT"
        ]
      },
      "StatusCode": 200
    },
    {
      "RequestUri": "/webhdfs/v1/?aclspec=mask::rwx%2Cother::---%2Cuser::rwx%2Cgroup::rwx%2Cdefault:user::rwx%2Cdefault:group::rwx&op=SETACL&api-version=2015-10-01-preview",
      "EncodedRequestUri": "L3dlYmhkZnMvdjEvP2FjbHNwZWM9bWFzayUzQSUzQXJ3eCUyQ290aGVyJTNBJTNBLS0tJTJDdXNlciUzQSUzQXJ3eCUyQ2dyb3VwJTNBJTNBcnd4JTJDZGVmYXVsdCUzQXVzZXIlM0ElM0Fyd3glMkNkZWZhdWx0JTNBZ3JvdXAlM0ElM0Fyd3gmb3A9U0VUQUNMJmFwaS12ZXJzaW9uPTIwMTUtMTAtMDEtcHJldmlldw==",
      "RequestMethod": "PUT",
      "RequestBody": "",
      "RequestHeaders": {
        "x-ms-client-request-id": [
          "9c58435f-b4d7-43db-bfc4-8d5cbd78cb1f"
        ],
        "accept-language": [
          "en-US"
        ],
        "User-Agent": [
          "Microsoft.Azure.Management.DataLake.Store.DataLakeStoreFileSystemManagementClient/0.12.0.0"
        ]
      },
      "ResponseBody": "",
      "ResponseHeaders": {
        "Content-Length": [
          "0"
        ],
        "Expires": [
          "-1"
        ],
        "Pragma": [
          "no-cache"
        ],
        "x-ms-request-id": [
          "4da536aa-b0de-4090-8b6b-92ff5918245c"
        ],
        "ContentLength": [
          "0"
        ],
        "Server-Perf": [
          "[4da536aa-b0de-4090-8b6b-92ff5918245c][ AuthTime::0::PostAuthTime::0 ][S-HdfsSetAcl :: 00:00:671 ms]%0a[SETACL :: 00:00:672 ms]%0a"
        ],
        "x-ms-webhdfs-version": [
          "16.05.18.00"
        ],
        "Status": [
          "0x0"
        ],
        "X-Content-Type-Options": [
          "nosniff"
        ],
        "Strict-Transport-Security": [
          "max-age=15724800; includeSubDomains"
        ],
        "Cache-Control": [
          "no-cache"
        ],
        "Date": [
          "Tue, 28 Jun 2016 20:25:02 GMT"
        ]
      },
      "StatusCode": 200
    },
    {
      "RequestUri": "/webhdfs/v1/?aclspec=user:027c28d5-c91d-49f0-98c5-d10134b169b3:rwx&op=MODIFYACLENTRIES&api-version=2015-10-01-preview",
      "EncodedRequestUri": "L3dlYmhkZnMvdjEvP2FjbHNwZWM9dXNlciUzQTAyN2MyOGQ1LWM5MWQtNDlmMC05OGM1LWQxMDEzNGIxNjliMyUzQXJ3eCZvcD1NT0RJRllBQ0xFTlRSSUVTJmFwaS12ZXJzaW9uPTIwMTUtMTAtMDEtcHJldmlldw==",
      "RequestMethod": "PUT",
      "RequestBody": "",
      "RequestHeaders": {
        "x-ms-client-request-id": [
          "bcfd09e8-81bd-47f6-8730-4bd680fa676d"
        ],
        "accept-language": [
          "en-US"
        ],
        "User-Agent": [
          "Microsoft.Azure.Management.DataLake.Store.DataLakeStoreFileSystemManagementClient/0.12.0.0"
        ]
      },
      "ResponseBody": "",
      "ResponseHeaders": {
        "Content-Length": [
          "0"
        ],
        "Expires": [
          "-1"
        ],
        "Pragma": [
          "no-cache"
        ],
        "x-ms-request-id": [
          "93047ca5-5d5c-4f71-a65f-4770602f25b6"
        ],
        "ContentLength": [
          "0"
        ],
        "Server-Perf": [
          "[93047ca5-5d5c-4f71-a65f-4770602f25b6][ AuthTime::0::PostAuthTime::0 ][S-HdfsModifyAclEntries :: 00:00:118 ms]%0a[MODIFYACLENTRIES :: 00:00:121 ms]%0a"
        ],
        "x-ms-webhdfs-version": [
          "16.05.18.00"
        ],
        "Status": [
          "0x0"
        ],
        "X-Content-Type-Options": [
          "nosniff"
        ],
        "Strict-Transport-Security": [
          "max-age=15724800; includeSubDomains"
        ],
        "Cache-Control": [
          "no-cache"
        ],
        "Date": [
          "Tue, 28 Jun 2016 20:25:03 GMT"
        ]
      },
      "StatusCode": 200
    },
    {
      "RequestUri": "/webhdfs/v1/?aclspec=user:027c28d5-c91d-49f0-98c5-d10134b169b3:rwx&op=MODIFYACLENTRIES&api-version=2015-10-01-preview",
      "EncodedRequestUri": "L3dlYmhkZnMvdjEvP2FjbHNwZWM9dXNlciUzQTAyN2MyOGQ1LWM5MWQtNDlmMC05OGM1LWQxMDEzNGIxNjliMyUzQXJ3eCZvcD1NT0RJRllBQ0xFTlRSSUVTJmFwaS12ZXJzaW9uPTIwMTUtMTAtMDEtcHJldmlldw==",
      "RequestMethod": "PUT",
      "RequestBody": "",
      "RequestHeaders": {
        "x-ms-client-request-id": [
          "dfa8f244-07ec-43a6-afd5-bf048ad4616a"
        ],
        "accept-language": [
          "en-US"
        ],
        "User-Agent": [
          "Microsoft.Azure.Management.DataLake.Store.DataLakeStoreFileSystemManagementClient/0.12.0.0"
        ]
      },
      "ResponseBody": "",
      "ResponseHeaders": {
        "Content-Length": [
          "0"
        ],
        "Expires": [
          "-1"
        ],
        "Pragma": [
          "no-cache"
        ],
        "x-ms-request-id": [
          "1f14c7fb-3213-4f84-af29-abd72c63090f"
        ],
        "ContentLength": [
          "0"
        ],
        "Server-Perf": [
          "[1f14c7fb-3213-4f84-af29-abd72c63090f][ AuthTime::0::PostAuthTime::0 ][S-HdfsModifyAclEntries :: 00:00:198 ms]%0a[MODIFYACLENTRIES :: 00:00:198 ms]%0a"
        ],
        "x-ms-webhdfs-version": [
          "16.05.18.00"
        ],
        "Status": [
          "0x0"
        ],
        "X-Content-Type-Options": [
          "nosniff"
        ],
        "Strict-Transport-Security": [
          "max-age=15724800; includeSubDomains"
        ],
        "Cache-Control": [
          "no-cache"
        ],
        "Date": [
          "Tue, 28 Jun 2016 20:25:04 GMT"
        ]
      },
      "StatusCode": 200
    },
    {
      "RequestUri": "/webhdfs/v1/?aclspec=user:027c28d5-c91d-49f0-98c5-d10134b169b3&op=REMOVEACLENTRIES&api-version=2015-10-01-preview",
      "EncodedRequestUri": "L3dlYmhkZnMvdjEvP2FjbHNwZWM9dXNlciUzQTAyN2MyOGQ1LWM5MWQtNDlmMC05OGM1LWQxMDEzNGIxNjliMyZvcD1SRU1PVkVBQ0xFTlRSSUVTJmFwaS12ZXJzaW9uPTIwMTUtMTAtMDEtcHJldmlldw==",
      "RequestMethod": "PUT",
      "RequestBody": "",
      "RequestHeaders": {
        "x-ms-client-request-id": [
          "8c33ab6b-83ba-4dad-abbb-c562e5922763"
        ],
        "accept-language": [
          "en-US"
        ],
        "User-Agent": [
          "Microsoft.Azure.Management.DataLake.Store.DataLakeStoreFileSystemManagementClient/0.12.0.0"
        ]
      },
      "ResponseBody": "",
      "ResponseHeaders": {
        "Content-Length": [
          "0"
        ],
        "Expires": [
          "-1"
        ],
        "Pragma": [
          "no-cache"
        ],
        "x-ms-request-id": [
          "55b3a5ac-1f70-4b9e-9689-23ee88220966"
        ],
        "ContentLength": [
          "0"
        ],
        "Server-Perf": [
          "[55b3a5ac-1f70-4b9e-9689-23ee88220966][ AuthTime::0::PostAuthTime::0 ][S-HdfsRemoveAclEntries :: 00:00:266 ms]%0a[REMOVEACLENTRIES :: 00:00:269 ms]%0a"
        ],
        "x-ms-webhdfs-version": [
          "16.05.18.00"
        ],
        "Status": [
          "0x0"
        ],
        "X-Content-Type-Options": [
          "nosniff"
        ],
        "Strict-Transport-Security": [
          "max-age=15724800; includeSubDomains"
        ],
        "Cache-Control": [
          "no-cache"
        ],
        "Date": [
          "Tue, 28 Jun 2016 20:25:03 GMT"
        ]
      },
      "StatusCode": 200
    },
    {
      "RequestUri": "/webhdfs/v1/?aclspec=user:027c28d5-c91d-49f0-98c5-d10134b169b3&op=REMOVEACLENTRIES&api-version=2015-10-01-preview",
      "EncodedRequestUri": "L3dlYmhkZnMvdjEvP2FjbHNwZWM9dXNlciUzQTAyN2MyOGQ1LWM5MWQtNDlmMC05OGM1LWQxMDEzNGIxNjliMyZvcD1SRU1PVkVBQ0xFTlRSSUVTJmFwaS12ZXJzaW9uPTIwMTUtMTAtMDEtcHJldmlldw==",
      "RequestMethod": "PUT",
      "RequestBody": "",
      "RequestHeaders": {
        "x-ms-client-request-id": [
          "6934d360-9ce8-4c6f-ac5b-e826a7655e28"
        ],
        "accept-language": [
          "en-US"
        ],
        "User-Agent": [
          "Microsoft.Azure.Management.DataLake.Store.DataLakeStoreFileSystemManagementClient/0.12.0.0"
        ]
      },
      "ResponseBody": "",
      "ResponseHeaders": {
        "Content-Length": [
          "0"
        ],
        "Expires": [
          "-1"
        ],
        "Pragma": [
          "no-cache"
        ],
        "x-ms-request-id": [
          "a16c6c99-3a9b-4b6e-a334-5f374cc65b44"
        ],
        "ContentLength": [
          "0"
        ],
        "Server-Perf": [
          "[a16c6c99-3a9b-4b6e-a334-5f374cc65b44][ AuthTime::0::PostAuthTime::0 ][S-HdfsRemoveAclEntries :: 00:00:155 ms]%0a[REMOVEACLENTRIES :: 00:00:155 ms]%0a"
        ],
        "x-ms-webhdfs-version": [
          "16.05.18.00"
        ],
        "Status": [
          "0x0"
        ],
        "X-Content-Type-Options": [
          "nosniff"
        ],
        "Strict-Transport-Security": [
          "max-age=15724800; includeSubDomains"
        ],
        "Cache-Control": [
          "no-cache"
        ],
        "Date": [
          "Tue, 28 Jun 2016 20:25:04 GMT"
        ]
      },
      "StatusCode": 200
    },
    {
      "RequestUri": "/subscriptions/53d9063d-87ae-4ea8-be90-3686c3b8669f/resourceGroups/onesdk1190/providers/Microsoft.DataLakeStore/accounts/onesdk9854?api-version=2015-10-01-preview",
      "EncodedRequestUri": "L3N1YnNjcmlwdGlvbnMvNTNkOTA2M2QtODdhZS00ZWE4LWJlOTAtMzY4NmMzYjg2NjlmL3Jlc291cmNlR3JvdXBzL29uZXNkazExOTAvcHJvdmlkZXJzL01pY3Jvc29mdC5EYXRhTGFrZVN0b3JlL2FjY291bnRzL29uZXNkazk4NTQ/YXBpLXZlcnNpb249MjAxNS0xMC0wMS1wcmV2aWV3",
      "RequestMethod": "DELETE",
      "RequestBody": "",
      "RequestHeaders": {
        "x-ms-client-request-id": [
          "7f1a16f2-bb60-4ee6-9e47-77219ddafe7b"
        ],
        "accept-language": [
          "en-US"
        ],
        "User-Agent": [
          "Microsoft.Azure.Management.DataLake.Store.DataLakeStoreAccountManagementClient/0.12.0.0"
        ]
      },
      "ResponseBody": "",
      "ResponseHeaders": {
        "Content-Length": [
          "0"
        ],
        "Expires": [
          "-1"
        ],
        "Pragma": [
          "no-cache"
        ],
        "x-ms-request-id": [
          "bc22c119-fdef-4734-ae12-610e79fa8a55"
        ],
        "x-ms-ratelimit-remaining-subscription-writes": [
          "1199"
        ],
        "x-ms-correlation-request-id": [
          "aadb662f-a3cb-441b-864a-06600c55291b"
        ],
        "x-ms-routing-request-id": [
          "CENTRALUS:20160628T202507Z:aadb662f-a3cb-441b-864a-06600c55291b"
        ],
        "Strict-Transport-Security": [
          "max-age=31536000; includeSubDomains"
        ],
        "Connection": [
          "close"
        ],
        "Cache-Control": [
          "no-cache"
        ],
        "Date": [
          "Tue, 28 Jun 2016 20:25:07 GMT"
        ],
        "Server": [
          "Microsoft-IIS/8.5"
        ],
        "X-AspNet-Version": [
          "4.0.30319"
        ],
        "X-Powered-By": [
          "ASP.NET"
        ]
      },
      "StatusCode": 200
    },
    {
      "RequestUri": "/subscriptions/53d9063d-87ae-4ea8-be90-3686c3b8669f/resourcegroups/onesdk1190?api-version=2016-02-01",
      "EncodedRequestUri": "L3N1YnNjcmlwdGlvbnMvNTNkOTA2M2QtODdhZS00ZWE4LWJlOTAtMzY4NmMzYjg2NjlmL3Jlc291cmNlZ3JvdXBzL29uZXNkazExOTA/YXBpLXZlcnNpb249MjAxNi0wMi0wMQ==",
      "RequestMethod": "DELETE",
      "RequestBody": "",
      "RequestHeaders": {
        "User-Agent": [
          "Microsoft.Azure.Management.Resources.ResourceManagementClient/2.0.0.0"
        ]
      },
      "ResponseBody": "",
      "ResponseHeaders": {
        "Content-Length": [
          "0"
        ],
        "Expires": [
          "-1"
        ],
        "Pragma": [
          "no-cache"
        ],
        "Retry-After": [
          "15"
        ],
        "x-ms-ratelimit-remaining-subscription-writes": [
          "1196"
        ],
        "x-ms-request-id": [
          "bdd2188c-00a5-4e91-8849-b64cf118c40f"
        ],
        "x-ms-correlation-request-id": [
          "bdd2188c-00a5-4e91-8849-b64cf118c40f"
        ],
        "x-ms-routing-request-id": [
          "CENTRALUS:20160628T202508Z:bdd2188c-00a5-4e91-8849-b64cf118c40f"
        ],
        "Strict-Transport-Security": [
          "max-age=31536000; includeSubDomains"
        ],
        "Cache-Control": [
          "no-cache"
        ],
        "Date": [
          "Tue, 28 Jun 2016 20:25:07 GMT"
        ],
        "Location": [
          "https://management.azure.com/subscriptions/53d9063d-87ae-4ea8-be90-3686c3b8669f/operationresults/eyJqb2JJZCI6IlJFU09VUkNFR1JPVVBERUxFVElPTkpPQi1PTkVTREsxMTkwLUVBU1RVUzIiLCJqb2JMb2NhdGlvbiI6ImVhc3R1czIifQ?api-version=2016-02-01"
        ]
      },
      "StatusCode": 202
    },
    {
      "RequestUri": "/subscriptions/53d9063d-87ae-4ea8-be90-3686c3b8669f/operationresults/eyJqb2JJZCI6IlJFU09VUkNFR1JPVVBERUxFVElPTkpPQi1PTkVTREsxMTkwLUVBU1RVUzIiLCJqb2JMb2NhdGlvbiI6ImVhc3R1czIifQ?api-version=2016-02-01",
      "EncodedRequestUri": "L3N1YnNjcmlwdGlvbnMvNTNkOTA2M2QtODdhZS00ZWE4LWJlOTAtMzY4NmMzYjg2NjlmL29wZXJhdGlvbnJlc3VsdHMvZXlKcWIySkpaQ0k2SWxKRlUwOVZVa05GUjFKUFZWQkVSVXhGVkVsUFRrcFBRaTFQVGtWVFJFc3hNVGt3TFVWQlUxUlZVeklpTENKcWIySk1iMk5oZEdsdmJpSTZJbVZoYzNSMWN6SWlmUT9hcGktdmVyc2lvbj0yMDE2LTAyLTAx",
      "RequestMethod": "GET",
      "RequestBody": "",
      "RequestHeaders": {
        "x-ms-version": [
          "2016-02-01"
        ],
        "User-Agent": [
          "Microsoft.Azure.Management.Resources.ResourceManagementClient/2.0.0.0"
        ]
      },
      "ResponseBody": "",
      "ResponseHeaders": {
        "Content-Length": [
          "0"
        ],
        "Expires": [
          "-1"
        ],
        "Pragma": [
          "no-cache"
        ],
        "Retry-After": [
          "15"
        ],
        "x-ms-ratelimit-remaining-subscription-reads": [
          "14989"
        ],
        "x-ms-request-id": [
          "2f2ee9e1-4267-4db8-95a8-ed5e32d0da03"
        ],
        "x-ms-correlation-request-id": [
          "2f2ee9e1-4267-4db8-95a8-ed5e32d0da03"
        ],
        "x-ms-routing-request-id": [
          "CENTRALUS:20160628T202508Z:2f2ee9e1-4267-4db8-95a8-ed5e32d0da03"
        ],
        "Strict-Transport-Security": [
          "max-age=31536000; includeSubDomains"
        ],
        "Cache-Control": [
          "no-cache"
        ],
        "Date": [
          "Tue, 28 Jun 2016 20:25:07 GMT"
        ],
        "Location": [
          "https://management.azure.com/subscriptions/53d9063d-87ae-4ea8-be90-3686c3b8669f/operationresults/eyJqb2JJZCI6IlJFU09VUkNFR1JPVVBERUxFVElPTkpPQi1PTkVTREsxMTkwLUVBU1RVUzIiLCJqb2JMb2NhdGlvbiI6ImVhc3R1czIifQ?api-version=2016-02-01"
        ]
      },
      "StatusCode": 202
    },
    {
      "RequestUri": "/subscriptions/53d9063d-87ae-4ea8-be90-3686c3b8669f/operationresults/eyJqb2JJZCI6IlJFU09VUkNFR1JPVVBERUxFVElPTkpPQi1PTkVTREsxMTkwLUVBU1RVUzIiLCJqb2JMb2NhdGlvbiI6ImVhc3R1czIifQ?api-version=2016-02-01",
      "EncodedRequestUri": "L3N1YnNjcmlwdGlvbnMvNTNkOTA2M2QtODdhZS00ZWE4LWJlOTAtMzY4NmMzYjg2NjlmL29wZXJhdGlvbnJlc3VsdHMvZXlKcWIySkpaQ0k2SWxKRlUwOVZVa05GUjFKUFZWQkVSVXhGVkVsUFRrcFBRaTFQVGtWVFJFc3hNVGt3TFVWQlUxUlZVeklpTENKcWIySk1iMk5oZEdsdmJpSTZJbVZoYzNSMWN6SWlmUT9hcGktdmVyc2lvbj0yMDE2LTAyLTAx",
      "RequestMethod": "GET",
      "RequestBody": "",
      "RequestHeaders": {
        "x-ms-version": [
          "2016-02-01"
        ],
        "User-Agent": [
          "Microsoft.Azure.Management.Resources.ResourceManagementClient/2.0.0.0"
        ]
      },
      "ResponseBody": "",
      "ResponseHeaders": {
        "Content-Length": [
          "0"
        ],
        "Expires": [
          "-1"
        ],
        "Pragma": [
          "no-cache"
        ],
        "Retry-After": [
          "15"
        ],
        "x-ms-ratelimit-remaining-subscription-reads": [
          "14988"
        ],
        "x-ms-request-id": [
          "ffece727-e901-4fb3-8dc9-33326d66a5f8"
        ],
        "x-ms-correlation-request-id": [
          "ffece727-e901-4fb3-8dc9-33326d66a5f8"
        ],
        "x-ms-routing-request-id": [
          "CENTRALUS:20160628T202523Z:ffece727-e901-4fb3-8dc9-33326d66a5f8"
        ],
        "Strict-Transport-Security": [
          "max-age=31536000; includeSubDomains"
        ],
        "Cache-Control": [
          "no-cache"
        ],
        "Date": [
          "Tue, 28 Jun 2016 20:25:22 GMT"
        ],
        "Location": [
          "https://management.azure.com/subscriptions/53d9063d-87ae-4ea8-be90-3686c3b8669f/operationresults/eyJqb2JJZCI6IlJFU09VUkNFR1JPVVBERUxFVElPTkpPQi1PTkVTREsxMTkwLUVBU1RVUzIiLCJqb2JMb2NhdGlvbiI6ImVhc3R1czIifQ?api-version=2016-02-01"
        ]
      },
      "StatusCode": 202
    },
    {
      "RequestUri": "/subscriptions/53d9063d-87ae-4ea8-be90-3686c3b8669f/operationresults/eyJqb2JJZCI6IlJFU09VUkNFR1JPVVBERUxFVElPTkpPQi1PTkVTREsxMTkwLUVBU1RVUzIiLCJqb2JMb2NhdGlvbiI6ImVhc3R1czIifQ?api-version=2016-02-01",
      "EncodedRequestUri": "L3N1YnNjcmlwdGlvbnMvNTNkOTA2M2QtODdhZS00ZWE4LWJlOTAtMzY4NmMzYjg2NjlmL29wZXJhdGlvbnJlc3VsdHMvZXlKcWIySkpaQ0k2SWxKRlUwOVZVa05GUjFKUFZWQkVSVXhGVkVsUFRrcFBRaTFQVGtWVFJFc3hNVGt3TFVWQlUxUlZVeklpTENKcWIySk1iMk5oZEdsdmJpSTZJbVZoYzNSMWN6SWlmUT9hcGktdmVyc2lvbj0yMDE2LTAyLTAx",
      "RequestMethod": "GET",
      "RequestBody": "",
      "RequestHeaders": {
        "x-ms-version": [
          "2016-02-01"
        ],
        "User-Agent": [
          "Microsoft.Azure.Management.Resources.ResourceManagementClient/2.0.0.0"
        ]
      },
      "ResponseBody": "",
      "ResponseHeaders": {
        "Content-Length": [
          "0"
        ],
        "Expires": [
          "-1"
        ],
        "Pragma": [
          "no-cache"
        ],
        "Retry-After": [
          "15"
        ],
        "x-ms-ratelimit-remaining-subscription-reads": [
          "14987"
        ],
        "x-ms-request-id": [
          "b17ad5bc-7215-4c73-89ea-38cb536d1bc0"
        ],
        "x-ms-correlation-request-id": [
          "b17ad5bc-7215-4c73-89ea-38cb536d1bc0"
        ],
        "x-ms-routing-request-id": [
          "CENTRALUS:20160628T202538Z:b17ad5bc-7215-4c73-89ea-38cb536d1bc0"
        ],
        "Strict-Transport-Security": [
          "max-age=31536000; includeSubDomains"
        ],
        "Cache-Control": [
          "no-cache"
        ],
        "Date": [
          "Tue, 28 Jun 2016 20:25:38 GMT"
        ],
        "Location": [
          "https://management.azure.com/subscriptions/53d9063d-87ae-4ea8-be90-3686c3b8669f/operationresults/eyJqb2JJZCI6IlJFU09VUkNFR1JPVVBERUxFVElPTkpPQi1PTkVTREsxMTkwLUVBU1RVUzIiLCJqb2JMb2NhdGlvbiI6ImVhc3R1czIifQ?api-version=2016-02-01"
        ]
      },
      "StatusCode": 202
    },
    {
      "RequestUri": "/subscriptions/53d9063d-87ae-4ea8-be90-3686c3b8669f/operationresults/eyJqb2JJZCI6IlJFU09VUkNFR1JPVVBERUxFVElPTkpPQi1PTkVTREsxMTkwLUVBU1RVUzIiLCJqb2JMb2NhdGlvbiI6ImVhc3R1czIifQ?api-version=2016-02-01",
      "EncodedRequestUri": "L3N1YnNjcmlwdGlvbnMvNTNkOTA2M2QtODdhZS00ZWE4LWJlOTAtMzY4NmMzYjg2NjlmL29wZXJhdGlvbnJlc3VsdHMvZXlKcWIySkpaQ0k2SWxKRlUwOVZVa05GUjFKUFZWQkVSVXhGVkVsUFRrcFBRaTFQVGtWVFJFc3hNVGt3TFVWQlUxUlZVeklpTENKcWIySk1iMk5oZEdsdmJpSTZJbVZoYzNSMWN6SWlmUT9hcGktdmVyc2lvbj0yMDE2LTAyLTAx",
      "RequestMethod": "GET",
      "RequestBody": "",
      "RequestHeaders": {
        "x-ms-version": [
          "2016-02-01"
        ],
        "User-Agent": [
          "Microsoft.Azure.Management.Resources.ResourceManagementClient/2.0.0.0"
        ]
      },
      "ResponseBody": "",
      "ResponseHeaders": {
        "Content-Length": [
          "0"
        ],
        "Expires": [
          "-1"
        ],
        "Pragma": [
          "no-cache"
        ],
        "x-ms-ratelimit-remaining-subscription-reads": [
          "14986"
        ],
        "x-ms-request-id": [
          "29d0a179-5534-4cab-878b-652fa9228fd1"
        ],
        "x-ms-correlation-request-id": [
          "29d0a179-5534-4cab-878b-652fa9228fd1"
        ],
        "x-ms-routing-request-id": [
          "CENTRALUS:20160628T202554Z:29d0a179-5534-4cab-878b-652fa9228fd1"
        ],
        "Strict-Transport-Security": [
          "max-age=31536000; includeSubDomains"
        ],
        "Cache-Control": [
          "no-cache"
        ],
        "Date": [
          "Tue, 28 Jun 2016 20:25:53 GMT"
        ]
      },
      "StatusCode": 200
    }
  ],
  "Names": {
    "Test-DataLakeStoreFileSystemPermissions": [
      "onesdk1190",
      "onesdk9854"
    ]
  },
  "Variables": {
    "SubscriptionId": "53d9063d-87ae-4ea8-be90-3686c3b8669f"
  }
}