{
  "Entries": [
    {
      "RequestUri": "/subscriptions/53d9063d-87ae-4ea8-be90-3686c3b8669f/providers/Microsoft.DataLakeStore/register?api-version=2016-02-01",
      "EncodedRequestUri": "L3N1YnNjcmlwdGlvbnMvNTNkOTA2M2QtODdhZS00ZWE4LWJlOTAtMzY4NmMzYjg2NjlmL3Byb3ZpZGVycy9NaWNyb3NvZnQuRGF0YUxha2VTdG9yZS9yZWdpc3Rlcj9hcGktdmVyc2lvbj0yMDE2LTAyLTAx",
      "RequestMethod": "POST",
      "RequestBody": "",
      "RequestHeaders": {
        "User-Agent": [
          "Microsoft.Azure.Management.Resources.ResourceManagementClient/2.0.0.0"
        ]
      },
      "ResponseBody": "{\r\n  \"id\": \"/subscriptions/53d9063d-87ae-4ea8-be90-3686c3b8669f/providers/Microsoft.DataLakeStore\",\r\n  \"namespace\": \"Microsoft.DataLakeStore\",\r\n  \"resourceTypes\": [\r\n    {\r\n      \"resourceType\": \"operations\",\r\n      \"locations\": [],\r\n      \"apiVersions\": [\r\n        \"2015-10-01-preview\"\r\n      ]\r\n    },\r\n    {\r\n      \"resourceType\": \"accounts\",\r\n      \"locations\": [\r\n        \"East US 2\"\r\n      ],\r\n      \"apiVersions\": [\r\n        \"2015-10-01-preview\"\r\n      ],\r\n      \"capabilities\": \"CrossResourceGroupResourceMove, CrossSubscriptionResourceMove\"\r\n    },\r\n    {\r\n      \"resourceType\": \"accounts/firewallRules\",\r\n      \"locations\": [\r\n        \"East US 2\"\r\n      ],\r\n      \"apiVersions\": [\r\n        \"2015-10-01-preview\"\r\n      ]\r\n    },\r\n    {\r\n      \"resourceType\": \"locations\",\r\n      \"locations\": [],\r\n      \"apiVersions\": [\r\n        \"2015-10-01-preview\"\r\n      ]\r\n    },\r\n    {\r\n      \"resourceType\": \"locations/operationresults\",\r\n      \"locations\": [],\r\n      \"apiVersions\": [\r\n        \"2015-10-01-preview\"\r\n      ]\r\n    },\r\n    {\r\n      \"resourceType\": \"locations/checkNameAvailability\",\r\n      \"locations\": [],\r\n      \"apiVersions\": [\r\n        \"2015-10-01-preview\"\r\n      ]\r\n    },\r\n    {\r\n      \"resourceType\": \"locations/capability\",\r\n      \"locations\": [],\r\n      \"apiVersions\": [\r\n        \"2015-10-01-preview\"\r\n      ]\r\n    }\r\n  ],\r\n  \"registrationState\": \"Registered\"\r\n}",
      "ResponseHeaders": {
        "Content-Length": [
          "914"
        ],
        "Content-Type": [
          "application/json; charset=utf-8"
        ],
        "Expires": [
          "-1"
        ],
        "Pragma": [
          "no-cache"
        ],
        "x-ms-ratelimit-remaining-subscription-writes": [
          "1198"
        ],
        "x-ms-request-id": [
          "31b5cd85-3d77-4b60-be5c-56ef4464ab51"
        ],
        "x-ms-correlation-request-id": [
          "31b5cd85-3d77-4b60-be5c-56ef4464ab51"
        ],
        "x-ms-routing-request-id": [
          "CENTRALUS:20160630T171632Z:31b5cd85-3d77-4b60-be5c-56ef4464ab51"
        ],
        "Strict-Transport-Security": [
          "max-age=31536000; includeSubDomains"
        ],
        "Cache-Control": [
          "no-cache"
        ],
        "Date": [
          "Thu, 30 Jun 2016 17:16:31 GMT"
        ]
      },
      "StatusCode": 200
    },
    {
      "RequestUri": "/subscriptions/53d9063d-87ae-4ea8-be90-3686c3b8669f/providers/Microsoft.DataLakeStore?api-version=2016-02-01",
      "EncodedRequestUri": "L3N1YnNjcmlwdGlvbnMvNTNkOTA2M2QtODdhZS00ZWE4LWJlOTAtMzY4NmMzYjg2NjlmL3Byb3ZpZGVycy9NaWNyb3NvZnQuRGF0YUxha2VTdG9yZT9hcGktdmVyc2lvbj0yMDE2LTAyLTAx",
      "RequestMethod": "GET",
      "RequestBody": "",
      "RequestHeaders": {
        "User-Agent": [
          "Microsoft.Azure.Management.Resources.ResourceManagementClient/2.0.0.0"
        ]
      },
      "ResponseBody": "{\r\n  \"id\": \"/subscriptions/53d9063d-87ae-4ea8-be90-3686c3b8669f/providers/Microsoft.DataLakeStore\",\r\n  \"namespace\": \"Microsoft.DataLakeStore\",\r\n  \"resourceTypes\": [\r\n    {\r\n      \"resourceType\": \"operations\",\r\n      \"locations\": [],\r\n      \"apiVersions\": [\r\n        \"2015-10-01-preview\"\r\n      ]\r\n    },\r\n    {\r\n      \"resourceType\": \"accounts\",\r\n      \"locations\": [\r\n        \"East US 2\"\r\n      ],\r\n      \"apiVersions\": [\r\n        \"2015-10-01-preview\"\r\n      ],\r\n      \"capabilities\": \"CrossResourceGroupResourceMove, CrossSubscriptionResourceMove\"\r\n    },\r\n    {\r\n      \"resourceType\": \"accounts/firewallRules\",\r\n      \"locations\": [\r\n        \"East US 2\"\r\n      ],\r\n      \"apiVersions\": [\r\n        \"2015-10-01-preview\"\r\n      ]\r\n    },\r\n    {\r\n      \"resourceType\": \"locations\",\r\n      \"locations\": [],\r\n      \"apiVersions\": [\r\n        \"2015-10-01-preview\"\r\n      ]\r\n    },\r\n    {\r\n      \"resourceType\": \"locations/operationresults\",\r\n      \"locations\": [],\r\n      \"apiVersions\": [\r\n        \"2015-10-01-preview\"\r\n      ]\r\n    },\r\n    {\r\n      \"resourceType\": \"locations/checkNameAvailability\",\r\n      \"locations\": [],\r\n      \"apiVersions\": [\r\n        \"2015-10-01-preview\"\r\n      ]\r\n    },\r\n    {\r\n      \"resourceType\": \"locations/capability\",\r\n      \"locations\": [],\r\n      \"apiVersions\": [\r\n        \"2015-10-01-preview\"\r\n      ]\r\n    }\r\n  ],\r\n  \"registrationState\": \"Registered\"\r\n}",
      "ResponseHeaders": {
        "Content-Length": [
          "914"
        ],
        "Content-Type": [
          "application/json; charset=utf-8"
        ],
        "Expires": [
          "-1"
        ],
        "Pragma": [
          "no-cache"
        ],
        "x-ms-ratelimit-remaining-subscription-reads": [
          "14999"
        ],
        "x-ms-request-id": [
          "b77e81f6-0c8b-4a9d-bd9e-1290c2c67380"
        ],
        "x-ms-correlation-request-id": [
          "b77e81f6-0c8b-4a9d-bd9e-1290c2c67380"
        ],
        "x-ms-routing-request-id": [
          "CENTRALUS:20160630T171632Z:b77e81f6-0c8b-4a9d-bd9e-1290c2c67380"
        ],
        "Strict-Transport-Security": [
          "max-age=31536000; includeSubDomains"
        ],
        "Cache-Control": [
          "no-cache"
        ],
        "Date": [
          "Thu, 30 Jun 2016 17:16:31 GMT"
        ]
      },
      "StatusCode": 200
    },
    {
      "RequestUri": "/subscriptions/53d9063d-87ae-4ea8-be90-3686c3b8669f/resourcegroups/onesdk9464?api-version=2016-02-01",
      "EncodedRequestUri": "L3N1YnNjcmlwdGlvbnMvNTNkOTA2M2QtODdhZS00ZWE4LWJlOTAtMzY4NmMzYjg2NjlmL3Jlc291cmNlZ3JvdXBzL29uZXNkazk0NjQ/YXBpLXZlcnNpb249MjAxNi0wMi0wMQ==",
      "RequestMethod": "PUT",
      "RequestBody": "{\r\n  \"location\": \"East US 2\"\r\n}",
      "RequestHeaders": {
        "Content-Type": [
          "application/json; charset=utf-8"
        ],
        "Content-Length": [
          "31"
        ],
        "User-Agent": [
          "Microsoft.Azure.Management.Resources.ResourceManagementClient/2.0.0.0"
        ]
      },
      "ResponseBody": "{\r\n  \"id\": \"/subscriptions/53d9063d-87ae-4ea8-be90-3686c3b8669f/resourceGroups/onesdk9464\",\r\n  \"name\": \"onesdk9464\",\r\n  \"location\": \"eastus2\",\r\n  \"properties\": {\r\n    \"provisioningState\": \"Succeeded\"\r\n  }\r\n}",
      "ResponseHeaders": {
        "Content-Length": [
          "174"
        ],
        "Content-Type": [
          "application/json; charset=utf-8"
        ],
        "Expires": [
          "-1"
        ],
        "Pragma": [
          "no-cache"
        ],
        "x-ms-ratelimit-remaining-subscription-writes": [
          "1197"
        ],
        "x-ms-request-id": [
          "dacc9267-b8d9-479f-bbb3-e43993c7c1e9"
        ],
        "x-ms-correlation-request-id": [
          "dacc9267-b8d9-479f-bbb3-e43993c7c1e9"
        ],
        "x-ms-routing-request-id": [
          "CENTRALUS:20160630T171634Z:dacc9267-b8d9-479f-bbb3-e43993c7c1e9"
        ],
        "Strict-Transport-Security": [
          "max-age=31536000; includeSubDomains"
        ],
        "Cache-Control": [
          "no-cache"
        ],
        "Date": [
          "Thu, 30 Jun 2016 17:16:33 GMT"
        ]
      },
      "StatusCode": 201
    },
    {
      "RequestUri": "/subscriptions/53d9063d-87ae-4ea8-be90-3686c3b8669f/resourceGroups/onesdk9464/providers/Microsoft.DataLakeStore/accounts/onesdk974?api-version=2015-10-01-preview",
      "EncodedRequestUri": "L3N1YnNjcmlwdGlvbnMvNTNkOTA2M2QtODdhZS00ZWE4LWJlOTAtMzY4NmMzYjg2NjlmL3Jlc291cmNlR3JvdXBzL29uZXNkazk0NjQvcHJvdmlkZXJzL01pY3Jvc29mdC5EYXRhTGFrZVN0b3JlL2FjY291bnRzL29uZXNkazk3ND9hcGktdmVyc2lvbj0yMDE1LTEwLTAxLXByZXZpZXc=",
      "RequestMethod": "GET",
      "RequestBody": "",
      "RequestHeaders": {
        "x-ms-client-request-id": [
          "76c256f6-99af-4089-83b1-e619e0332c69"
        ],
        "accept-language": [
          "en-US"
        ],
        "User-Agent": [
          "Microsoft.Azure.Management.DataLake.Store.DataLakeStoreAccountManagementClient/0.12.0.0"
        ]
      },
      "ResponseBody": "{\r\n  \"error\": {\r\n    \"code\": \"ResourceNotFound\",\r\n    \"message\": \"The Resource 'Microsoft.DataLakeStore/accounts/onesdk974' under resource group 'onesdk9464' was not found.\"\r\n  }\r\n}",
      "ResponseHeaders": {
        "Content-Length": [
          "156"
        ],
        "Content-Type": [
          "application/json; charset=utf-8"
        ],
        "Expires": [
          "-1"
        ],
        "Pragma": [
          "no-cache"
        ],
        "x-ms-failure-cause": [
          "gateway"
        ],
        "x-ms-request-id": [
          "972c9772-937d-43bc-8d13-2bed895b1d0f"
        ],
        "x-ms-correlation-request-id": [
          "972c9772-937d-43bc-8d13-2bed895b1d0f"
        ],
        "x-ms-routing-request-id": [
          "CENTRALUS:20160630T171634Z:972c9772-937d-43bc-8d13-2bed895b1d0f"
        ],
        "Strict-Transport-Security": [
          "max-age=31536000; includeSubDomains"
        ],
        "Cache-Control": [
          "no-cache"
        ],
        "Date": [
          "Thu, 30 Jun 2016 17:16:34 GMT"
        ]
      },
      "StatusCode": 404
    },
    {
      "RequestUri": "/subscriptions/53d9063d-87ae-4ea8-be90-3686c3b8669f/resourceGroups/onesdk9464/providers/Microsoft.DataLakeStore/accounts/onesdk974?api-version=2015-10-01-preview",
      "EncodedRequestUri": "L3N1YnNjcmlwdGlvbnMvNTNkOTA2M2QtODdhZS00ZWE4LWJlOTAtMzY4NmMzYjg2NjlmL3Jlc291cmNlR3JvdXBzL29uZXNkazk0NjQvcHJvdmlkZXJzL01pY3Jvc29mdC5EYXRhTGFrZVN0b3JlL2FjY291bnRzL29uZXNkazk3ND9hcGktdmVyc2lvbj0yMDE1LTEwLTAxLXByZXZpZXc=",
      "RequestMethod": "GET",
      "RequestBody": "",
      "RequestHeaders": {
        "x-ms-client-request-id": [
          "60029e08-c368-4ed3-a921-607b296b96c0"
        ],
        "accept-language": [
          "en-US"
        ],
        "User-Agent": [
          "Microsoft.Azure.Management.DataLake.Store.DataLakeStoreAccountManagementClient/0.12.0.0"
        ]
      },
      "ResponseBody": "{\r\n  \"error\": {\r\n    \"code\": \"ResourceNotFound\",\r\n    \"message\": \"The Resource 'Microsoft.DataLakeStore/accounts/onesdk974' under resource group 'onesdk9464' was not found.\"\r\n  }\r\n}",
      "ResponseHeaders": {
        "Content-Length": [
          "156"
        ],
        "Content-Type": [
          "application/json; charset=utf-8"
        ],
        "Expires": [
          "-1"
        ],
        "Pragma": [
          "no-cache"
        ],
        "x-ms-failure-cause": [
          "gateway"
        ],
        "x-ms-request-id": [
          "c4349e87-f64c-47b4-b359-1c1ae0c464b9"
        ],
        "x-ms-correlation-request-id": [
          "c4349e87-f64c-47b4-b359-1c1ae0c464b9"
        ],
        "x-ms-routing-request-id": [
          "CENTRALUS:20160630T171634Z:c4349e87-f64c-47b4-b359-1c1ae0c464b9"
        ],
        "Strict-Transport-Security": [
          "max-age=31536000; includeSubDomains"
        ],
        "Cache-Control": [
          "no-cache"
        ],
        "Date": [
          "Thu, 30 Jun 2016 17:16:34 GMT"
        ]
      },
      "StatusCode": 404
    },
    {
      "RequestUri": "/subscriptions/53d9063d-87ae-4ea8-be90-3686c3b8669f/resourceGroups/onesdk9464/providers/Microsoft.DataLakeStore/accounts/onesdk974?api-version=2015-10-01-preview",
      "EncodedRequestUri": "L3N1YnNjcmlwdGlvbnMvNTNkOTA2M2QtODdhZS00ZWE4LWJlOTAtMzY4NmMzYjg2NjlmL3Jlc291cmNlR3JvdXBzL29uZXNkazk0NjQvcHJvdmlkZXJzL01pY3Jvc29mdC5EYXRhTGFrZVN0b3JlL2FjY291bnRzL29uZXNkazk3ND9hcGktdmVyc2lvbj0yMDE1LTEwLTAxLXByZXZpZXc=",
      "RequestMethod": "GET",
      "RequestBody": "",
      "RequestHeaders": {
        "User-Agent": [
          "Microsoft.Azure.Management.DataLake.Store.DataLakeStoreAccountManagementClient/0.12.0.0"
        ]
      },
      "ResponseBody": "{\r\n  \"properties\": {\r\n    \"firewallState\": \"Disabled\",\r\n    \"firewallRules\": [],\r\n    \"trustedIdProviderState\": \"Disabled\",\r\n    \"trustedIdProviders\": [],\r\n    \"provisioningState\": \"Succeeded\",\r\n    \"state\": \"Active\",\r\n    \"endpoint\": \"onesdk974.azuredatalakestore.net\",\r\n    \"accountId\": \"4f785303-5a18-4234-b8a9-6e3bc4a7851d\",\r\n    \"creationTime\": \"2016-06-30T17:16:57.3300378Z\",\r\n    \"lastModifiedTime\": \"2016-06-30T17:16:57.3300378Z\"\r\n  },\r\n  \"location\": \"East US 2\",\r\n  \"tags\": {},\r\n  \"id\": \"/subscriptions/53d9063d-87ae-4ea8-be90-3686c3b8669f/resourceGroups/onesdk9464/providers/Microsoft.DataLakeStore/accounts/onesdk974\",\r\n  \"name\": \"onesdk974\",\r\n  \"type\": \"Microsoft.DataLakeStore/accounts\"\r\n}",
      "ResponseHeaders": {
        "Content-Length": [
          "596"
        ],
        "Content-Type": [
          "application/json"
        ],
        "Expires": [
          "-1"
        ],
        "Pragma": [
          "no-cache"
        ],
        "x-ms-request-id": [
          "78e525ad-1d83-4ebe-8a42-5c04e028a7f5"
        ],
        "x-ms-ratelimit-remaining-subscription-reads": [
          "14992"
        ],
        "x-ms-correlation-request-id": [
          "7d6d800f-71ca-4e4d-bc50-45fd0529d13c"
        ],
        "x-ms-routing-request-id": [
          "CENTRALUS:20160630T171706Z:7d6d800f-71ca-4e4d-bc50-45fd0529d13c"
        ],
        "Strict-Transport-Security": [
          "max-age=31536000; includeSubDomains"
        ],
        "Connection": [
          "close"
        ],
        "Cache-Control": [
          "no-cache"
        ],
        "Date": [
          "Thu, 30 Jun 2016 17:17:06 GMT"
        ],
        "Server": [
          "Microsoft-IIS/8.5"
        ],
        "X-AspNet-Version": [
          "4.0.30319"
        ],
        "X-Powered-By": [
          "ASP.NET"
        ]
      },
      "StatusCode": 200
    },
    {
      "RequestUri": "/subscriptions/53d9063d-87ae-4ea8-be90-3686c3b8669f/resourceGroups/onesdk9464/providers/Microsoft.DataLakeStore/accounts/onesdk974?api-version=2015-10-01-preview",
      "EncodedRequestUri": "L3N1YnNjcmlwdGlvbnMvNTNkOTA2M2QtODdhZS00ZWE4LWJlOTAtMzY4NmMzYjg2NjlmL3Jlc291cmNlR3JvdXBzL29uZXNkazk0NjQvcHJvdmlkZXJzL01pY3Jvc29mdC5EYXRhTGFrZVN0b3JlL2FjY291bnRzL29uZXNkazk3ND9hcGktdmVyc2lvbj0yMDE1LTEwLTAxLXByZXZpZXc=",
      "RequestMethod": "GET",
      "RequestBody": "",
      "RequestHeaders": {
        "x-ms-client-request-id": [
          "dba6d58c-4c56-4fae-ab17-31763b41bbc8"
        ],
        "accept-language": [
          "en-US"
        ],
        "User-Agent": [
          "Microsoft.Azure.Management.DataLake.Store.DataLakeStoreAccountManagementClient/0.12.0.0"
        ]
      },
      "ResponseBody": "{\r\n  \"properties\": {\r\n    \"firewallState\": \"Disabled\",\r\n    \"firewallRules\": [],\r\n    \"trustedIdProviderState\": \"Disabled\",\r\n    \"trustedIdProviders\": [],\r\n    \"provisioningState\": \"Succeeded\",\r\n    \"state\": \"Active\",\r\n    \"endpoint\": \"onesdk974.azuredatalakestore.net\",\r\n    \"accountId\": \"4f785303-5a18-4234-b8a9-6e3bc4a7851d\",\r\n    \"creationTime\": \"2016-06-30T17:16:57.3300378Z\",\r\n    \"lastModifiedTime\": \"2016-06-30T17:16:57.3300378Z\"\r\n  },\r\n  \"location\": \"East US 2\",\r\n  \"tags\": {},\r\n  \"id\": \"/subscriptions/53d9063d-87ae-4ea8-be90-3686c3b8669f/resourceGroups/onesdk9464/providers/Microsoft.DataLakeStore/accounts/onesdk974\",\r\n  \"name\": \"onesdk974\",\r\n  \"type\": \"Microsoft.DataLakeStore/accounts\"\r\n}",
      "ResponseHeaders": {
        "Content-Length": [
          "596"
        ],
        "Content-Type": [
          "application/json"
        ],
        "Expires": [
          "-1"
        ],
        "Pragma": [
          "no-cache"
        ],
        "x-ms-request-id": [
          "ebec7b6a-92b8-4121-abf4-faccaa144eed"
        ],
        "x-ms-ratelimit-remaining-subscription-reads": [
          "14998"
        ],
        "x-ms-correlation-request-id": [
          "0cd073fc-e73b-4314-b9ac-8022f551d536"
        ],
        "x-ms-routing-request-id": [
          "CENTRALUS:20160630T171707Z:0cd073fc-e73b-4314-b9ac-8022f551d536"
        ],
        "Strict-Transport-Security": [
          "max-age=31536000; includeSubDomains"
        ],
        "Connection": [
          "close"
        ],
        "Cache-Control": [
          "no-cache"
        ],
        "Date": [
          "Thu, 30 Jun 2016 17:17:06 GMT"
        ],
        "Server": [
          "Microsoft-IIS/8.5"
        ],
        "X-AspNet-Version": [
          "4.0.30319"
        ],
        "X-Powered-By": [
          "ASP.NET"
        ]
      },
      "StatusCode": 200
    },
    {
      "RequestUri": "/subscriptions/53d9063d-87ae-4ea8-be90-3686c3b8669f/resourceGroups/onesdk9464/providers/Microsoft.DataLakeStore/accounts/onesdk974?api-version=2015-10-01-preview",
      "EncodedRequestUri": "L3N1YnNjcmlwdGlvbnMvNTNkOTA2M2QtODdhZS00ZWE4LWJlOTAtMzY4NmMzYjg2NjlmL3Jlc291cmNlR3JvdXBzL29uZXNkazk0NjQvcHJvdmlkZXJzL01pY3Jvc29mdC5EYXRhTGFrZVN0b3JlL2FjY291bnRzL29uZXNkazk3ND9hcGktdmVyc2lvbj0yMDE1LTEwLTAxLXByZXZpZXc=",
      "RequestMethod": "GET",
      "RequestBody": "",
      "RequestHeaders": {
        "x-ms-client-request-id": [
          "72fbbf25-7744-4e75-8573-bedfd0f968ed"
        ],
        "accept-language": [
          "en-US"
        ],
        "User-Agent": [
          "Microsoft.Azure.Management.DataLake.Store.DataLakeStoreAccountManagementClient/0.12.0.0"
        ]
      },
      "ResponseBody": "{\r\n  \"properties\": {\r\n    \"firewallState\": \"Disabled\",\r\n    \"firewallRules\": [],\r\n    \"trustedIdProviderState\": \"Disabled\",\r\n    \"trustedIdProviders\": [],\r\n    \"provisioningState\": \"Succeeded\",\r\n    \"state\": \"Active\",\r\n    \"endpoint\": \"onesdk974.azuredatalakestore.net\",\r\n    \"accountId\": \"4f785303-5a18-4234-b8a9-6e3bc4a7851d\",\r\n    \"creationTime\": \"2016-06-30T17:16:57.3300378Z\",\r\n    \"lastModifiedTime\": \"2016-06-30T17:16:57.3300378Z\"\r\n  },\r\n  \"location\": \"East US 2\",\r\n  \"tags\": {},\r\n  \"id\": \"/subscriptions/53d9063d-87ae-4ea8-be90-3686c3b8669f/resourceGroups/onesdk9464/providers/Microsoft.DataLakeStore/accounts/onesdk974\",\r\n  \"name\": \"onesdk974\",\r\n  \"type\": \"Microsoft.DataLakeStore/accounts\"\r\n}",
      "ResponseHeaders": {
        "Content-Length": [
          "596"
        ],
        "Content-Type": [
          "application/json"
        ],
        "Expires": [
          "-1"
        ],
        "Pragma": [
          "no-cache"
        ],
        "x-ms-request-id": [
          "7510c22d-e45c-4660-bbf0-f371487fd98b"
        ],
        "x-ms-ratelimit-remaining-subscription-reads": [
          "14995"
        ],
        "x-ms-correlation-request-id": [
          "248bb067-c9b4-4617-ba45-2c0b9833e93a"
        ],
        "x-ms-routing-request-id": [
          "CENTRALUS:20160630T171714Z:248bb067-c9b4-4617-ba45-2c0b9833e93a"
        ],
        "Strict-Transport-Security": [
          "max-age=31536000; includeSubDomains"
        ],
        "Connection": [
          "close"
        ],
        "Cache-Control": [
          "no-cache"
        ],
        "Date": [
          "Thu, 30 Jun 2016 17:17:13 GMT"
        ],
        "Server": [
          "Microsoft-IIS/8.5"
        ],
        "X-AspNet-Version": [
          "4.0.30319"
        ],
        "X-Powered-By": [
          "ASP.NET"
        ]
      },
      "StatusCode": 200
    },
    {
      "RequestUri": "/subscriptions/53d9063d-87ae-4ea8-be90-3686c3b8669f/resourceGroups/onesdk9464/providers/Microsoft.DataLakeStore/accounts/onesdk974?api-version=2015-10-01-preview",
      "EncodedRequestUri": "L3N1YnNjcmlwdGlvbnMvNTNkOTA2M2QtODdhZS00ZWE4LWJlOTAtMzY4NmMzYjg2NjlmL3Jlc291cmNlR3JvdXBzL29uZXNkazk0NjQvcHJvdmlkZXJzL01pY3Jvc29mdC5EYXRhTGFrZVN0b3JlL2FjY291bnRzL29uZXNkazk3ND9hcGktdmVyc2lvbj0yMDE1LTEwLTAxLXByZXZpZXc=",
      "RequestMethod": "GET",
      "RequestBody": "",
      "RequestHeaders": {
        "x-ms-client-request-id": [
          "b6a3c45f-d496-42a0-acdf-03ed96177601"
        ],
        "accept-language": [
          "en-US"
        ],
        "User-Agent": [
          "Microsoft.Azure.Management.DataLake.Store.DataLakeStoreAccountManagementClient/0.12.0.0"
        ]
      },
      "ResponseBody": "{\r\n  \"error\": {\r\n    \"code\": \"ResourceNotFound\",\r\n    \"message\": \"The Resource 'Microsoft.DataLakeStore/accounts/onesdk974' under resource group 'onesdk9464' was not found.\"\r\n  }\r\n}",
      "ResponseHeaders": {
        "Content-Length": [
          "156"
        ],
        "Content-Type": [
          "application/json; charset=utf-8"
        ],
        "Expires": [
          "-1"
        ],
        "Pragma": [
          "no-cache"
        ],
        "x-ms-failure-cause": [
          "gateway"
        ],
        "x-ms-request-id": [
          "d54dbd92-07dd-47ff-99db-704711ec110c"
        ],
        "x-ms-correlation-request-id": [
          "d54dbd92-07dd-47ff-99db-704711ec110c"
        ],
        "x-ms-routing-request-id": [
          "CENTRALUS:20160630T171717Z:d54dbd92-07dd-47ff-99db-704711ec110c"
        ],
        "Strict-Transport-Security": [
          "max-age=31536000; includeSubDomains"
        ],
        "Cache-Control": [
          "no-cache"
        ],
        "Date": [
          "Thu, 30 Jun 2016 17:17:17 GMT"
        ]
      },
      "StatusCode": 404
    },
    {
      "RequestUri": "/subscriptions/53d9063d-87ae-4ea8-be90-3686c3b8669f/resourceGroups/onesdk9464/providers/Microsoft.DataLakeStore/accounts/onesdk974?api-version=2015-10-01-preview",
      "EncodedRequestUri": "L3N1YnNjcmlwdGlvbnMvNTNkOTA2M2QtODdhZS00ZWE4LWJlOTAtMzY4NmMzYjg2NjlmL3Jlc291cmNlR3JvdXBzL29uZXNkazk0NjQvcHJvdmlkZXJzL01pY3Jvc29mdC5EYXRhTGFrZVN0b3JlL2FjY291bnRzL29uZXNkazk3ND9hcGktdmVyc2lvbj0yMDE1LTEwLTAxLXByZXZpZXc=",
      "RequestMethod": "GET",
      "RequestBody": "",
      "RequestHeaders": {
        "x-ms-client-request-id": [
          "88720486-62e8-4bc4-b61f-7f57084b7d7a"
        ],
        "accept-language": [
          "en-US"
        ],
        "User-Agent": [
          "Microsoft.Azure.Management.DataLake.Store.DataLakeStoreAccountManagementClient/0.12.0.0"
        ]
      },
      "ResponseBody": "{\r\n  \"error\": {\r\n    \"code\": \"ResourceNotFound\",\r\n    \"message\": \"The Resource 'Microsoft.DataLakeStore/accounts/onesdk974' under resource group 'onesdk9464' was not found.\"\r\n  }\r\n}",
      "ResponseHeaders": {
        "Content-Length": [
          "156"
        ],
        "Content-Type": [
          "application/json; charset=utf-8"
        ],
        "Expires": [
          "-1"
        ],
        "Pragma": [
          "no-cache"
        ],
        "x-ms-failure-cause": [
          "gateway"
        ],
        "x-ms-request-id": [
          "95d44c5d-a3c7-4f5c-a579-3503fb7901de"
        ],
        "x-ms-correlation-request-id": [
          "95d44c5d-a3c7-4f5c-a579-3503fb7901de"
        ],
        "x-ms-routing-request-id": [
          "CENTRALUS:20160630T171717Z:95d44c5d-a3c7-4f5c-a579-3503fb7901de"
        ],
        "Strict-Transport-Security": [
          "max-age=31536000; includeSubDomains"
        ],
        "Cache-Control": [
          "no-cache"
        ],
        "Date": [
          "Thu, 30 Jun 2016 17:17:17 GMT"
        ]
      },
      "StatusCode": 404
    },
    {
      "RequestUri": "/subscriptions/53d9063d-87ae-4ea8-be90-3686c3b8669f/resourceGroups/onesdk9464/providers/Microsoft.DataLakeStore/accounts/onesdk974?api-version=2015-10-01-preview",
      "EncodedRequestUri": "L3N1YnNjcmlwdGlvbnMvNTNkOTA2M2QtODdhZS00ZWE4LWJlOTAtMzY4NmMzYjg2NjlmL3Jlc291cmNlR3JvdXBzL29uZXNkazk0NjQvcHJvdmlkZXJzL01pY3Jvc29mdC5EYXRhTGFrZVN0b3JlL2FjY291bnRzL29uZXNkazk3ND9hcGktdmVyc2lvbj0yMDE1LTEwLTAxLXByZXZpZXc=",
      "RequestMethod": "PUT",
      "RequestBody": "{\r\n  \"location\": \"East US 2\",\r\n  \"name\": \"onesdk974\",\r\n  \"tags\": {},\r\n  \"properties\": {}\r\n}",
      "RequestHeaders": {
        "Content-Type": [
          "application/json; charset=utf-8"
        ],
        "Content-Length": [
          "91"
        ],
        "x-ms-client-request-id": [
          "d5e785e6-f257-4fba-a81a-9929f592f81f"
        ],
        "accept-language": [
          "en-US"
        ],
        "User-Agent": [
          "Microsoft.Azure.Management.DataLake.Store.DataLakeStoreAccountManagementClient/0.12.0.0"
        ]
      },
      "ResponseBody": "{\r\n  \"properties\": {\r\n    \"provisioningState\": \"Creating\",\r\n    \"state\": null,\r\n    \"endpoint\": null,\r\n    \"accountId\": \"4f785303-5a18-4234-b8a9-6e3bc4a7851d\",\r\n    \"creationTime\": null,\r\n    \"lastModifiedTime\": null\r\n  },\r\n  \"location\": \"East US 2\",\r\n  \"tags\": {},\r\n  \"id\": \"/subscriptions/53d9063d-87ae-4ea8-be90-3686c3b8669f/resourceGroups/onesdk9464/providers/Microsoft.DataLakeStore/accounts/onesdk974\",\r\n  \"name\": \"onesdk974\",\r\n  \"type\": \"Microsoft.DataLakeStore/accounts\"\r\n}",
      "ResponseHeaders": {
        "Content-Length": [
          "403"
        ],
        "Content-Type": [
          "application/json"
        ],
        "Expires": [
          "-1"
        ],
        "Pragma": [
          "no-cache"
        ],
        "Retry-After": [
          "10"
        ],
        "Azure-AsyncOperation": [
          "https://management.azure.com/subscriptions/53d9063d-87ae-4ea8-be90-3686c3b8669f/providers/Microsoft.DataLakeStore/locations/EastUS2/operationResults/4f785303-5a18-4234-b8a9-6e3bc4a7851d0?api-version=2015-10-01-preview&expanded=true"
        ],
        "x-ms-request-id": [
          "b36f360d-bd49-4e9d-b772-7059d3da8256"
        ],
        "x-ms-ratelimit-remaining-subscription-writes": [
          "1199"
        ],
        "x-ms-correlation-request-id": [
          "03ef6aca-6247-4e53-b63d-ed4e1b1e59cb"
        ],
        "x-ms-routing-request-id": [
          "CENTRALUS:20160630T171636Z:03ef6aca-6247-4e53-b63d-ed4e1b1e59cb"
        ],
        "Strict-Transport-Security": [
          "max-age=31536000; includeSubDomains"
        ],
        "Connection": [
          "close"
        ],
        "Cache-Control": [
          "no-cache"
        ],
        "Date": [
          "Thu, 30 Jun 2016 17:16:35 GMT"
        ],
        "Location": [
          "https://management.azure.com/subscriptions/53d9063d-87ae-4ea8-be90-3686c3b8669f/resourcegroups/onesdk9464/providers/Microsoft.DataLakeStore/accounts/onesdk974/operationresults/0?api-version=2015-10-01-preview"
        ],
        "Server": [
          "Microsoft-IIS/8.5"
        ],
        "X-AspNet-Version": [
          "4.0.30319"
        ],
        "X-Powered-By": [
          "ASP.NET"
        ]
      },
      "StatusCode": 201
    },
    {
      "RequestUri": "/subscriptions/53d9063d-87ae-4ea8-be90-3686c3b8669f/providers/Microsoft.DataLakeStore/locations/EastUS2/operationResults/4f785303-5a18-4234-b8a9-6e3bc4a7851d0?api-version=2015-10-01-preview&expanded=true",
      "EncodedRequestUri": "L3N1YnNjcmlwdGlvbnMvNTNkOTA2M2QtODdhZS00ZWE4LWJlOTAtMzY4NmMzYjg2NjlmL3Byb3ZpZGVycy9NaWNyb3NvZnQuRGF0YUxha2VTdG9yZS9sb2NhdGlvbnMvRWFzdFVTMi9vcGVyYXRpb25SZXN1bHRzLzRmNzg1MzAzLTVhMTgtNDIzNC1iOGE5LTZlM2JjNGE3ODUxZDA/YXBpLXZlcnNpb249MjAxNS0xMC0wMS1wcmV2aWV3JmV4cGFuZGVkPXRydWU=",
      "RequestMethod": "GET",
      "RequestBody": "",
      "RequestHeaders": {
        "User-Agent": [
          "Microsoft.Azure.Management.DataLake.Store.DataLakeStoreAccountManagementClient/0.12.0.0"
        ]
      },
      "ResponseBody": "{\r\n  \"status\": \"Succeeded\"\r\n}",
      "ResponseHeaders": {
        "Content-Length": [
          "22"
        ],
        "Content-Type": [
          "application/json"
        ],
        "Expires": [
          "-1"
        ],
        "Pragma": [
          "no-cache"
        ],
        "x-ms-request-id": [
          "2bb0c3e8-0ba4-46e3-8e40-2b35f8e77c5c"
        ],
        "x-ms-ratelimit-remaining-subscription-reads": [
          "14994"
        ],
        "x-ms-correlation-request-id": [
          "316ec948-a71f-4465-ad2d-ac269eb156f2"
        ],
        "x-ms-routing-request-id": [
          "CENTRALUS:20160630T171706Z:316ec948-a71f-4465-ad2d-ac269eb156f2"
        ],
        "Strict-Transport-Security": [
          "max-age=31536000; includeSubDomains"
        ],
        "Connection": [
          "close"
        ],
        "Cache-Control": [
          "no-cache"
        ],
        "Date": [
          "Thu, 30 Jun 2016 17:17:05 GMT"
        ],
        "Server": [
          "Microsoft-IIS/8.5"
        ],
        "X-AspNet-Version": [
          "4.0.30319"
        ],
        "X-Powered-By": [
          "ASP.NET"
        ]
      },
      "StatusCode": 200
    },
    {
      "RequestUri": "/webhdfs/v1/?op=GETACLSTATUS&api-version=2015-10-01-preview",
      "EncodedRequestUri": "L3dlYmhkZnMvdjEvP29wPUdFVEFDTFNUQVRVUyZhcGktdmVyc2lvbj0yMDE1LTEwLTAxLXByZXZpZXc=",
      "RequestMethod": "GET",
      "RequestBody": "",
      "RequestHeaders": {
        "x-ms-client-request-id": [
          "edf75cd2-118f-4679-b751-565502952609"
        ],
        "accept-language": [
          "en-US"
        ],
        "User-Agent": [
          "Microsoft.Azure.Management.DataLake.Store.DataLakeStoreFileSystemManagementClient/0.12.0.0"
        ]
      },
      "ResponseBody": "{\r\n  \"AclStatus\": {\r\n    \"entries\": [\r\n      \"user::rwx\",\r\n      \"group::rwx\",\r\n      \"other::---\",\r\n      \"mask::rwx\",\r\n      \"default:user::rwx\",\r\n      \"default:group::rwx\",\r\n      \"default:other::---\",\r\n      \"default:mask::rwx\"\r\n    ],\r\n    \"owner\": \"2e6c02d2-a364-4530-9137-d17403996cbf\",\r\n    \"group\": \"2e6c02d2-a364-4530-9137-d17403996cbf\",\r\n    \"stickyBit\": false\r\n  }\r\n}",
      "ResponseHeaders": {
        "Content-Length": [
          "271"
        ],
        "Content-Type": [
          "application/json; charset=utf-8"
        ],
        "Expires": [
          "-1"
        ],
        "Pragma": [
          "no-cache"
        ],
        "x-ms-request-id": [
          "b317aac8-b8cb-4ca2-a865-f4c7b9b62ee7"
        ],
        "Server-Perf": [
          "[b317aac8-b8cb-4ca2-a865-f4c7b9b62ee7][ AuthTime::1607.27559515816::PostAuthTime::547.876540020649 ][S-HdfsGetAclStatus :: 00:00:145 ms]%0a[GETACLSTATUS :: 00:00:148 ms]%0a"
        ],
        "x-ms-webhdfs-version": [
          "16.05.18.00"
        ],
        "Status": [
          "0x0"
        ],
        "X-Content-Type-Options": [
          "nosniff"
        ],
        "Strict-Transport-Security": [
          "max-age=15724800; includeSubDomains"
        ],
        "Cache-Control": [
          "no-cache"
        ],
        "Date": [
          "Thu, 30 Jun 2016 17:17:08 GMT"
        ],
        "Set-Cookie": [
          "UserPrincipalSession=b54ef2db-ba8d-455b-8f88-46e099cda164; path=/; secure; HttpOnly"
        ]
      },
      "StatusCode": 200
    },
    {
      "RequestUri": "/webhdfs/v1/?op=GETACLSTATUS&api-version=2015-10-01-preview",
      "EncodedRequestUri": "L3dlYmhkZnMvdjEvP29wPUdFVEFDTFNUQVRVUyZhcGktdmVyc2lvbj0yMDE1LTEwLTAxLXByZXZpZXc=",
      "RequestMethod": "GET",
      "RequestBody": "",
      "RequestHeaders": {
        "x-ms-client-request-id": [
          "7a3ae2c8-7dc8-4c68-b4a9-a16b187c17f5"
        ],
        "accept-language": [
          "en-US"
        ],
        "User-Agent": [
          "Microsoft.Azure.Management.DataLake.Store.DataLakeStoreFileSystemManagementClient/0.12.0.0"
        ]
      },
      "ResponseBody": "{\r\n  \"AclStatus\": {\r\n    \"entries\": [\r\n      \"user::rwx\",\r\n      \"group::rwx\",\r\n      \"other::---\",\r\n      \"mask::rwx\",\r\n      \"default:user::rwx\",\r\n      \"default:group::rwx\",\r\n      \"default:other::---\",\r\n      \"default:mask::rwx\",\r\n      \"user:027c28d5-c91d-49f0-98c5-d10134b169b3:rwx\"\r\n    ],\r\n    \"owner\": \"2e6c02d2-a364-4530-9137-d17403996cbf\",\r\n    \"group\": \"2e6c02d2-a364-4530-9137-d17403996cbf\",\r\n    \"stickyBit\": false\r\n  }\r\n}",
      "ResponseHeaders": {
        "Content-Length": [
          "319"
        ],
        "Content-Type": [
          "application/json; charset=utf-8"
        ],
        "Expires": [
          "-1"
        ],
        "Pragma": [
          "no-cache"
        ],
        "x-ms-request-id": [
          "e094002f-7584-4963-a9b1-65cea5f59a80"
        ],
        "Server-Perf": [
          "[e094002f-7584-4963-a9b1-65cea5f59a80][ AuthTime::0::PostAuthTime::0 ][S-HdfsGetAclStatus :: 00:00:318 ms]%0a[GETACLSTATUS :: 00:00:319 ms]%0a"
        ],
        "x-ms-webhdfs-version": [
          "16.05.18.00"
        ],
        "Status": [
          "0x0"
        ],
        "X-Content-Type-Options": [
          "nosniff"
        ],
        "Strict-Transport-Security": [
          "max-age=15724800; includeSubDomains"
        ],
        "Cache-Control": [
          "no-cache"
        ],
        "Date": [
          "Thu, 30 Jun 2016 17:17:10 GMT"
        ]
      },
      "StatusCode": 200
    },
    {
      "RequestUri": "/webhdfs/v1/?op=GETACLSTATUS&api-version=2015-10-01-preview",
      "EncodedRequestUri": "L3dlYmhkZnMvdjEvP29wPUdFVEFDTFNUQVRVUyZhcGktdmVyc2lvbj0yMDE1LTEwLTAxLXByZXZpZXc=",
      "RequestMethod": "GET",
      "RequestBody": "",
      "RequestHeaders": {
        "x-ms-client-request-id": [
          "5283c251-ea15-4183-b2d2-d59145e28b69"
        ],
        "accept-language": [
          "en-US"
        ],
        "User-Agent": [
          "Microsoft.Azure.Management.DataLake.Store.DataLakeStoreFileSystemManagementClient/0.12.0.0"
        ]
      },
      "ResponseBody": "{\r\n  \"AclStatus\": {\r\n    \"entries\": [\r\n      \"user::rwx\",\r\n      \"group::rwx\",\r\n      \"other::---\",\r\n      \"mask::rwx\",\r\n      \"default:user::rwx\",\r\n      \"default:group::rwx\",\r\n      \"default:other::---\",\r\n      \"default:mask::rwx\"\r\n    ],\r\n    \"owner\": \"2e6c02d2-a364-4530-9137-d17403996cbf\",\r\n    \"group\": \"2e6c02d2-a364-4530-9137-d17403996cbf\",\r\n    \"stickyBit\": false\r\n  }\r\n}",
      "ResponseHeaders": {
        "Content-Length": [
          "271"
        ],
        "Content-Type": [
          "application/json; charset=utf-8"
        ],
        "Expires": [
          "-1"
        ],
        "Pragma": [
          "no-cache"
        ],
        "x-ms-request-id": [
          "f5859247-042c-41dd-9d84-24fefbd663c3"
        ],
        "Server-Perf": [
          "[f5859247-042c-41dd-9d84-24fefbd663c3][ AuthTime::0::PostAuthTime::0 ][S-HdfsGetAclStatus :: 00:00:181 ms]%0a[GETACLSTATUS :: 00:00:181 ms]%0a"
        ],
        "x-ms-webhdfs-version": [
          "16.05.18.00"
        ],
        "Status": [
          "0x0"
        ],
        "X-Content-Type-Options": [
          "nosniff"
        ],
        "Strict-Transport-Security": [
          "max-age=15724800; includeSubDomains"
        ],
        "Cache-Control": [
          "no-cache"
        ],
        "Date": [
          "Thu, 30 Jun 2016 17:17:11 GMT"
        ]
      },
      "StatusCode": 200
    },
    {
      "RequestUri": "/webhdfs/v1/?op=GETACLSTATUS&api-version=2015-10-01-preview",
      "EncodedRequestUri": "L3dlYmhkZnMvdjEvP29wPUdFVEFDTFNUQVRVUyZhcGktdmVyc2lvbj0yMDE1LTEwLTAxLXByZXZpZXc=",
      "RequestMethod": "GET",
      "RequestBody": "",
      "RequestHeaders": {
        "x-ms-client-request-id": [
          "280c29d2-f41e-4a36-85e0-188f845852d0"
        ],
        "accept-language": [
          "en-US"
        ],
        "User-Agent": [
          "Microsoft.Azure.Management.DataLake.Store.DataLakeStoreFileSystemManagementClient/0.12.0.0"
        ]
      },
      "ResponseBody": "{\r\n  \"AclStatus\": {\r\n    \"entries\": [\r\n      \"user::rwx\",\r\n      \"group::rwx\",\r\n      \"other::---\",\r\n      \"mask::rwx\",\r\n      \"default:user::rwx\",\r\n      \"default:group::rwx\",\r\n      \"default:other::---\",\r\n      \"default:mask::rwx\",\r\n      \"user:027c28d5-c91d-49f0-98c5-d10134b169b3:rwx\"\r\n    ],\r\n    \"owner\": \"2e6c02d2-a364-4530-9137-d17403996cbf\",\r\n    \"group\": \"2e6c02d2-a364-4530-9137-d17403996cbf\",\r\n    \"stickyBit\": false\r\n  }\r\n}",
      "ResponseHeaders": {
        "Content-Length": [
          "319"
        ],
        "Content-Type": [
          "application/json; charset=utf-8"
        ],
        "Expires": [
          "-1"
        ],
        "Pragma": [
          "no-cache"
        ],
        "x-ms-request-id": [
          "d59895ea-740d-4db9-b323-37ce1208c6f5"
        ],
        "Server-Perf": [
          "[d59895ea-740d-4db9-b323-37ce1208c6f5][ AuthTime::0::PostAuthTime::0 ][S-HdfsGetAclStatus :: 00:00:104 ms]%0a[GETACLSTATUS :: 00:00:104 ms]%0a"
        ],
        "x-ms-webhdfs-version": [
          "16.05.18.00"
        ],
        "Status": [
          "0x0"
        ],
        "X-Content-Type-Options": [
          "nosniff"
        ],
        "Strict-Transport-Security": [
          "max-age=15724800; includeSubDomains"
        ],
        "Cache-Control": [
          "no-cache"
        ],
        "Date": [
          "Thu, 30 Jun 2016 17:17:11 GMT"
        ]
      },
      "StatusCode": 200
    },
    {
      "RequestUri": "/webhdfs/v1/?op=GETACLSTATUS&api-version=2015-10-01-preview",
      "EncodedRequestUri": "L3dlYmhkZnMvdjEvP29wPUdFVEFDTFNUQVRVUyZhcGktdmVyc2lvbj0yMDE1LTEwLTAxLXByZXZpZXc=",
      "RequestMethod": "GET",
      "RequestBody": "",
      "RequestHeaders": {
        "x-ms-client-request-id": [
          "a0ef3764-9cbe-4db9-bb76-76702572bc5f"
        ],
        "accept-language": [
          "en-US"
        ],
        "User-Agent": [
          "Microsoft.Azure.Management.DataLake.Store.DataLakeStoreFileSystemManagementClient/0.12.0.0"
        ]
      },
      "ResponseBody": "{\r\n  \"AclStatus\": {\r\n    \"entries\": [\r\n      \"user::rwx\",\r\n      \"group::rwx\",\r\n      \"other::---\",\r\n      \"mask::rwx\",\r\n      \"default:user::rwx\",\r\n      \"default:group::rwx\",\r\n      \"default:other::---\",\r\n      \"default:mask::rwx\"\r\n    ],\r\n    \"owner\": \"2e6c02d2-a364-4530-9137-d17403996cbf\",\r\n    \"group\": \"2e6c02d2-a364-4530-9137-d17403996cbf\",\r\n    \"stickyBit\": false\r\n  }\r\n}",
      "ResponseHeaders": {
        "Content-Length": [
          "271"
        ],
        "Content-Type": [
          "application/json; charset=utf-8"
        ],
        "Expires": [
          "-1"
        ],
        "Pragma": [
          "no-cache"
        ],
        "x-ms-request-id": [
          "ddf57ec8-8cc5-4339-8419-b28f9a7e5ca4"
        ],
        "Server-Perf": [
          "[ddf57ec8-8cc5-4339-8419-b28f9a7e5ca4][ AuthTime::0::PostAuthTime::0 ][S-HdfsGetAclStatus :: 00:00:274 ms]%0a[GETACLSTATUS :: 00:00:275 ms]%0a"
        ],
        "x-ms-webhdfs-version": [
          "16.05.18.00"
        ],
        "Status": [
          "0x0"
        ],
        "X-Content-Type-Options": [
          "nosniff"
        ],
        "Strict-Transport-Security": [
          "max-age=15724800; includeSubDomains"
        ],
        "Cache-Control": [
          "no-cache"
        ],
        "Date": [
          "Thu, 30 Jun 2016 17:17:12 GMT"
        ]
      },
      "StatusCode": 200
    },
    {
      "RequestUri": "/webhdfs/v1/?op=GETACLSTATUS&api-version=2015-10-01-preview",
      "EncodedRequestUri": "L3dlYmhkZnMvdjEvP29wPUdFVEFDTFNUQVRVUyZhcGktdmVyc2lvbj0yMDE1LTEwLTAxLXByZXZpZXc=",
      "RequestMethod": "GET",
      "RequestBody": "",
      "RequestHeaders": {
        "x-ms-client-request-id": [
          "8ed3ef50-6447-4300-b110-3bef1be3faef"
        ],
        "accept-language": [
          "en-US"
        ],
        "User-Agent": [
          "Microsoft.Azure.Management.DataLake.Store.DataLakeStoreFileSystemManagementClient/0.12.0.0"
        ]
      },
      "ResponseBody": "{\r\n  \"AclStatus\": {\r\n    \"entries\": [\r\n      \"user::rwx\",\r\n      \"group::rwx\",\r\n      \"other::---\",\r\n      \"mask::rwx\",\r\n      \"default:user::rwx\",\r\n      \"default:group::rwx\",\r\n      \"default:other::---\",\r\n      \"default:mask::rwx\",\r\n      \"user:027c28d5-c91d-49f0-98c5-d10134b169b3:rwx\"\r\n    ],\r\n    \"owner\": \"2e6c02d2-a364-4530-9137-d17403996cbf\",\r\n    \"group\": \"2e6c02d2-a364-4530-9137-d17403996cbf\",\r\n    \"stickyBit\": false\r\n  }\r\n}",
      "ResponseHeaders": {
        "Content-Length": [
          "319"
        ],
        "Content-Type": [
          "application/json; charset=utf-8"
        ],
        "Expires": [
          "-1"
        ],
        "Pragma": [
          "no-cache"
        ],
        "x-ms-request-id": [
          "e5f26b06-0e4c-4d99-8887-23cb77b6e90b"
        ],
        "Server-Perf": [
          "[e5f26b06-0e4c-4d99-8887-23cb77b6e90b][ AuthTime::0::PostAuthTime::0 ][S-HdfsGetAclStatus :: 00:00:037 ms]%0a[GETACLSTATUS :: 00:00:037 ms]%0a"
        ],
        "x-ms-webhdfs-version": [
          "16.05.18.00"
        ],
        "Status": [
          "0x0"
        ],
        "X-Content-Type-Options": [
          "nosniff"
        ],
        "Strict-Transport-Security": [
          "max-age=15724800; includeSubDomains"
        ],
        "Cache-Control": [
          "no-cache"
        ],
        "Date": [
          "Thu, 30 Jun 2016 17:17:12 GMT"
        ]
      },
      "StatusCode": 200
    },
    {
      "RequestUri": "/webhdfs/v1/?op=GETACLSTATUS&api-version=2015-10-01-preview",
      "EncodedRequestUri": "L3dlYmhkZnMvdjEvP29wPUdFVEFDTFNUQVRVUyZhcGktdmVyc2lvbj0yMDE1LTEwLTAxLXByZXZpZXc=",
      "RequestMethod": "GET",
      "RequestBody": "",
      "RequestHeaders": {
        "x-ms-client-request-id": [
          "4a294a2f-4481-4342-b1d8-a5c229841baf"
        ],
        "accept-language": [
          "en-US"
        ],
        "User-Agent": [
          "Microsoft.Azure.Management.DataLake.Store.DataLakeStoreFileSystemManagementClient/0.12.0.0"
        ]
      },
      "ResponseBody": "{\r\n  \"AclStatus\": {\r\n    \"entries\": [\r\n      \"user::rwx\",\r\n      \"group::rwx\",\r\n      \"other::---\",\r\n      \"mask::rwx\",\r\n      \"default:user::rwx\",\r\n      \"default:group::rwx\",\r\n      \"default:other::---\",\r\n      \"default:mask::rwx\"\r\n    ],\r\n    \"owner\": \"2e6c02d2-a364-4530-9137-d17403996cbf\",\r\n    \"group\": \"2e6c02d2-a364-4530-9137-d17403996cbf\",\r\n    \"stickyBit\": false\r\n  }\r\n}",
      "ResponseHeaders": {
        "Content-Length": [
          "271"
        ],
        "Content-Type": [
          "application/json; charset=utf-8"
        ],
        "Expires": [
          "-1"
        ],
        "Pragma": [
          "no-cache"
        ],
        "x-ms-request-id": [
          "5cd2ddcd-573f-4ca2-b926-ceb13b6b46e5"
        ],
        "Server-Perf": [
          "[5cd2ddcd-573f-4ca2-b926-ceb13b6b46e5][ AuthTime::0::PostAuthTime::0 ][S-HdfsGetAclStatus :: 00:00:025 ms]%0a[GETACLSTATUS :: 00:00:025 ms]%0a"
        ],
        "x-ms-webhdfs-version": [
          "16.05.18.00"
        ],
        "Status": [
          "0x0"
        ],
        "X-Content-Type-Options": [
          "nosniff"
        ],
        "Strict-Transport-Security": [
          "max-age=15724800; includeSubDomains"
        ],
        "Cache-Control": [
          "no-cache"
        ],
        "Date": [
          "Thu, 30 Jun 2016 17:17:13 GMT"
        ]
      },
      "StatusCode": 200
    },
    {
      "RequestUri": "/webhdfs/v1/?aclspec=user:027c28d5-c91d-49f0-98c5-d10134b169b3:rwx%2Cmask::rwx%2Cother::---%2Cuser::rwx%2Cgroup::rwx%2Cdefault:user::rwx%2Cdefault:group::rwx&op=SETACL&api-version=2015-10-01-preview",
      "EncodedRequestUri": "L3dlYmhkZnMvdjEvP2FjbHNwZWM9dXNlciUzQTAyN2MyOGQ1LWM5MWQtNDlmMC05OGM1LWQxMDEzNGIxNjliMyUzQXJ3eCUyQ21hc2slM0ElM0Fyd3glMkNvdGhlciUzQSUzQS0tLSUyQ3VzZXIlM0ElM0Fyd3glMkNncm91cCUzQSUzQXJ3eCUyQ2RlZmF1bHQlM0F1c2VyJTNBJTNBcnd4JTJDZGVmYXVsdCUzQWdyb3VwJTNBJTNBcnd4Jm9wPVNFVEFDTCZhcGktdmVyc2lvbj0yMDE1LTEwLTAxLXByZXZpZXc=",
      "RequestMethod": "PUT",
      "RequestBody": "",
      "RequestHeaders": {
        "x-ms-client-request-id": [
          "a205f321-4286-480c-835f-f0172cc918e5"
        ],
        "accept-language": [
          "en-US"
        ],
        "User-Agent": [
          "Microsoft.Azure.Management.DataLake.Store.DataLakeStoreFileSystemManagementClient/0.12.0.0"
        ]
      },
      "ResponseBody": "",
      "ResponseHeaders": {
        "Content-Length": [
          "0"
        ],
        "Expires": [
          "-1"
        ],
        "Pragma": [
          "no-cache"
        ],
        "x-ms-request-id": [
          "a1c27af8-834f-45f5-b338-612f3c509092"
        ],
        "ContentLength": [
          "0"
        ],
        "Server-Perf": [
          "[a1c27af8-834f-45f5-b338-612f3c509092][ AuthTime::0::PostAuthTime::0 ][S-HdfsSetAcl :: 00:00:536 ms]%0a[SETACL :: 00:00:539 ms]%0a"
        ],
        "x-ms-webhdfs-version": [
          "16.05.18.00"
        ],
        "Status": [
          "0x0"
        ],
        "X-Content-Type-Options": [
          "nosniff"
        ],
        "Strict-Transport-Security": [
          "max-age=15724800; includeSubDomains"
        ],
        "Cache-Control": [
          "no-cache"
        ],
        "Date": [
          "Thu, 30 Jun 2016 17:17:08 GMT"
        ]
      },
      "StatusCode": 200
    },
    {
      "RequestUri": "/webhdfs/v1/?aclspec=mask::rwx%2Cother::---%2Cuser::rwx%2Cgroup::rwx%2Cdefault:user::rwx%2Cdefault:group::rwx&op=SETACL&api-version=2015-10-01-preview",
      "EncodedRequestUri": "L3dlYmhkZnMvdjEvP2FjbHNwZWM9bWFzayUzQSUzQXJ3eCUyQ290aGVyJTNBJTNBLS0tJTJDdXNlciUzQSUzQXJ3eCUyQ2dyb3VwJTNBJTNBcnd4JTJDZGVmYXVsdCUzQXVzZXIlM0ElM0Fyd3glMkNkZWZhdWx0JTNBZ3JvdXAlM0ElM0Fyd3gmb3A9U0VUQUNMJmFwaS12ZXJzaW9uPTIwMTUtMTAtMDEtcHJldmlldw==",
      "RequestMethod": "PUT",
      "RequestBody": "",
      "RequestHeaders": {
        "x-ms-client-request-id": [
          "cc781083-77d0-4ff2-87da-945744b10272"
        ],
        "accept-language": [
          "en-US"
        ],
        "User-Agent": [
          "Microsoft.Azure.Management.DataLake.Store.DataLakeStoreFileSystemManagementClient/0.12.0.0"
        ]
      },
      "ResponseBody": "",
      "ResponseHeaders": {
        "Content-Length": [
          "0"
        ],
        "Expires": [
          "-1"
        ],
        "Pragma": [
          "no-cache"
        ],
        "x-ms-request-id": [
          "49520236-cda7-41fd-ab1a-1eeb170311eb"
        ],
        "ContentLength": [
          "0"
        ],
        "Server-Perf": [
          "[49520236-cda7-41fd-ab1a-1eeb170311eb][ AuthTime::0::PostAuthTime::0 ][S-HdfsSetAcl :: 00:01:632 ms]%0a[SETACL :: 00:01:633 ms]%0a"
        ],
        "x-ms-webhdfs-version": [
          "16.05.18.00"
        ],
        "Status": [
          "0x0"
        ],
        "X-Content-Type-Options": [
          "nosniff"
        ],
        "Strict-Transport-Security": [
          "max-age=15724800; includeSubDomains"
        ],
        "Cache-Control": [
          "no-cache"
        ],
        "Date": [
          "Thu, 30 Jun 2016 17:17:11 GMT"
        ]
      },
      "StatusCode": 200
    },
    {
      "RequestUri": "/webhdfs/v1/?aclspec=user:027c28d5-c91d-49f0-98c5-d10134b169b3:rwx&op=MODIFYACLENTRIES&api-version=2015-10-01-preview",
      "EncodedRequestUri": "L3dlYmhkZnMvdjEvP2FjbHNwZWM9dXNlciUzQTAyN2MyOGQ1LWM5MWQtNDlmMC05OGM1LWQxMDEzNGIxNjliMyUzQXJ3eCZvcD1NT0RJRllBQ0xFTlRSSUVTJmFwaS12ZXJzaW9uPTIwMTUtMTAtMDEtcHJldmlldw==",
      "RequestMethod": "PUT",
      "RequestBody": "",
      "RequestHeaders": {
        "x-ms-client-request-id": [
          "211465c4-82f0-459c-bbec-c37dae010687"
        ],
        "accept-language": [
          "en-US"
        ],
        "User-Agent": [
          "Microsoft.Azure.Management.DataLake.Store.DataLakeStoreFileSystemManagementClient/0.12.0.0"
        ]
      },
      "ResponseBody": "",
      "ResponseHeaders": {
        "Content-Length": [
          "0"
        ],
        "Expires": [
          "-1"
        ],
        "Pragma": [
          "no-cache"
        ],
        "x-ms-request-id": [
          "358949b2-2d9f-4436-bc8a-fdbc3d6e7137"
        ],
        "ContentLength": [
          "0"
        ],
        "Server-Perf": [
          "[358949b2-2d9f-4436-bc8a-fdbc3d6e7137][ AuthTime::0::PostAuthTime::0 ][S-HdfsModifyAclEntries :: 00:00:029 ms]%0a[MODIFYACLENTRIES :: 00:00:031 ms]%0a"
        ],
        "x-ms-webhdfs-version": [
          "16.05.18.00"
        ],
        "Status": [
          "0x0"
        ],
        "X-Content-Type-Options": [
          "nosniff"
        ],
        "Strict-Transport-Security": [
          "max-age=15724800; includeSubDomains"
        ],
        "Cache-Control": [
          "no-cache"
        ],
        "Date": [
          "Thu, 30 Jun 2016 17:17:11 GMT"
        ]
      },
      "StatusCode": 200
    },
    {
      "RequestUri": "/webhdfs/v1/?aclspec=user:027c28d5-c91d-49f0-98c5-d10134b169b3:rwx&op=MODIFYACLENTRIES&api-version=2015-10-01-preview",
      "EncodedRequestUri": "L3dlYmhkZnMvdjEvP2FjbHNwZWM9dXNlciUzQTAyN2MyOGQ1LWM5MWQtNDlmMC05OGM1LWQxMDEzNGIxNjliMyUzQXJ3eCZvcD1NT0RJRllBQ0xFTlRSSUVTJmFwaS12ZXJzaW9uPTIwMTUtMTAtMDEtcHJldmlldw==",
      "RequestMethod": "PUT",
      "RequestBody": "",
      "RequestHeaders": {
        "x-ms-client-request-id": [
          "010efb10-91e5-4a4d-a33d-0b08192e5fd9"
        ],
        "accept-language": [
          "en-US"
        ],
        "User-Agent": [
          "Microsoft.Azure.Management.DataLake.Store.DataLakeStoreFileSystemManagementClient/0.12.0.0"
        ]
      },
      "ResponseBody": "",
      "ResponseHeaders": {
        "Content-Length": [
          "0"
        ],
        "Expires": [
          "-1"
        ],
        "Pragma": [
          "no-cache"
        ],
        "x-ms-request-id": [
          "caf9fcfa-715d-4a01-969a-5db12d54ca8d"
        ],
        "ContentLength": [
          "0"
        ],
        "Server-Perf": [
          "[caf9fcfa-715d-4a01-969a-5db12d54ca8d][ AuthTime::0::PostAuthTime::0 ][S-HdfsModifyAclEntries :: 00:00:208 ms]%0a[MODIFYACLENTRIES :: 00:00:208 ms]%0a"
        ],
        "x-ms-webhdfs-version": [
          "16.05.18.00"
        ],
        "Status": [
          "0x0"
        ],
        "X-Content-Type-Options": [
          "nosniff"
        ],
        "Strict-Transport-Security": [
          "max-age=15724800; includeSubDomains"
        ],
        "Cache-Control": [
          "no-cache"
        ],
        "Date": [
          "Thu, 30 Jun 2016 17:17:12 GMT"
        ]
      },
      "StatusCode": 200
    },
    {
      "RequestUri": "/webhdfs/v1/?aclspec=user:027c28d5-c91d-49f0-98c5-d10134b169b3&op=REMOVEACLENTRIES&api-version=2015-10-01-preview",
      "EncodedRequestUri": "L3dlYmhkZnMvdjEvP2FjbHNwZWM9dXNlciUzQTAyN2MyOGQ1LWM5MWQtNDlmMC05OGM1LWQxMDEzNGIxNjliMyZvcD1SRU1PVkVBQ0xFTlRSSUVTJmFwaS12ZXJzaW9uPTIwMTUtMTAtMDEtcHJldmlldw==",
      "RequestMethod": "PUT",
      "RequestBody": "",
      "RequestHeaders": {
        "x-ms-client-request-id": [
          "bbf836db-7779-4f55-85ff-ec609b1d215d"
        ],
        "accept-language": [
          "en-US"
        ],
        "User-Agent": [
          "Microsoft.Azure.Management.DataLake.Store.DataLakeStoreFileSystemManagementClient/0.12.0.0"
        ]
      },
      "ResponseBody": "",
      "ResponseHeaders": {
        "Content-Length": [
          "0"
        ],
        "Expires": [
          "-1"
        ],
        "Pragma": [
          "no-cache"
        ],
        "x-ms-request-id": [
          "91058bc7-fb60-47c3-9565-420cb54f7dd3"
        ],
        "ContentLength": [
          "0"
        ],
        "Server-Perf": [
          "[91058bc7-fb60-47c3-9565-420cb54f7dd3][ AuthTime::0::PostAuthTime::0 ][S-HdfsRemoveAclEntries :: 00:00:264 ms]%0a[REMOVEACLENTRIES :: 00:00:266 ms]%0a"
        ],
        "x-ms-webhdfs-version": [
          "16.05.18.00"
        ],
        "Status": [
          "0x0"
        ],
        "X-Content-Type-Options": [
          "nosniff"
        ],
        "Strict-Transport-Security": [
          "max-age=15724800; includeSubDomains"
        ],
        "Cache-Control": [
          "no-cache"
        ],
        "Date": [
          "Thu, 30 Jun 2016 17:17:12 GMT"
        ]
      },
      "StatusCode": 200
    },
    {
      "RequestUri": "/webhdfs/v1/?aclspec=user:027c28d5-c91d-49f0-98c5-d10134b169b3&op=REMOVEACLENTRIES&api-version=2015-10-01-preview",
      "EncodedRequestUri": "L3dlYmhkZnMvdjEvP2FjbHNwZWM9dXNlciUzQTAyN2MyOGQ1LWM5MWQtNDlmMC05OGM1LWQxMDEzNGIxNjliMyZvcD1SRU1PVkVBQ0xFTlRSSUVTJmFwaS12ZXJzaW9uPTIwMTUtMTAtMDEtcHJldmlldw==",
      "RequestMethod": "PUT",
      "RequestBody": "",
      "RequestHeaders": {
        "x-ms-client-request-id": [
          "54fe527f-febd-4de0-b1f5-ba1eff113d0c"
        ],
        "accept-language": [
          "en-US"
        ],
        "User-Agent": [
          "Microsoft.Azure.Management.DataLake.Store.DataLakeStoreFileSystemManagementClient/0.12.0.0"
        ]
      },
      "ResponseBody": "",
      "ResponseHeaders": {
        "Content-Length": [
          "0"
        ],
        "Expires": [
          "-1"
        ],
        "Pragma": [
          "no-cache"
        ],
        "x-ms-request-id": [
          "d29a5ff9-6246-467f-b914-31aaf179d782"
        ],
        "ContentLength": [
          "0"
        ],
        "Server-Perf": [
          "[d29a5ff9-6246-467f-b914-31aaf179d782][ AuthTime::0::PostAuthTime::0 ][S-HdfsRemoveAclEntries :: 00:00:453 ms]%0a[REMOVEACLENTRIES :: 00:00:453 ms]%0a"
        ],
        "x-ms-webhdfs-version": [
          "16.05.18.00"
        ],
        "Status": [
          "0x0"
        ],
        "X-Content-Type-Options": [
          "nosniff"
        ],
        "Strict-Transport-Security": [
          "max-age=15724800; includeSubDomains"
        ],
        "Cache-Control": [
          "no-cache"
        ],
        "Date": [
          "Thu, 30 Jun 2016 17:17:13 GMT"
        ]
      },
      "StatusCode": 200
    },
    {
      "RequestUri": "/subscriptions/53d9063d-87ae-4ea8-be90-3686c3b8669f/resourceGroups/onesdk9464/providers/Microsoft.DataLakeStore/accounts/onesdk974?api-version=2015-10-01-preview",
      "EncodedRequestUri": "L3N1YnNjcmlwdGlvbnMvNTNkOTA2M2QtODdhZS00ZWE4LWJlOTAtMzY4NmMzYjg2NjlmL3Jlc291cmNlR3JvdXBzL29uZXNkazk0NjQvcHJvdmlkZXJzL01pY3Jvc29mdC5EYXRhTGFrZVN0b3JlL2FjY291bnRzL29uZXNkazk3ND9hcGktdmVyc2lvbj0yMDE1LTEwLTAxLXByZXZpZXc=",
      "RequestMethod": "DELETE",
      "RequestBody": "",
      "RequestHeaders": {
        "x-ms-client-request-id": [
          "9f9ad6a6-05d9-4274-b7be-f29942379496"
        ],
        "accept-language": [
          "en-US"
        ],
        "User-Agent": [
          "Microsoft.Azure.Management.DataLake.Store.DataLakeStoreAccountManagementClient/0.12.0.0"
        ]
      },
      "ResponseBody": "",
      "ResponseHeaders": {
        "Content-Length": [
          "0"
        ],
        "Expires": [
          "-1"
        ],
        "Pragma": [
          "no-cache"
        ],
        "x-ms-request-id": [
          "8ff36a3c-62ab-4c7a-b65b-fdc04f1a1b70"
        ],
        "x-ms-ratelimit-remaining-subscription-writes": [
          "1198"
        ],
        "x-ms-correlation-request-id": [
          "f5e009c4-8848-4b00-98d6-bedb7046257d"
        ],
        "x-ms-routing-request-id": [
          "CENTRALUS:20160630T171717Z:f5e009c4-8848-4b00-98d6-bedb7046257d"
        ],
        "Strict-Transport-Security": [
          "max-age=31536000; includeSubDomains"
        ],
        "Connection": [
          "close"
        ],
        "Cache-Control": [
          "no-cache"
        ],
        "Date": [
          "Thu, 30 Jun 2016 17:17:16 GMT"
        ],
        "Server": [
          "Microsoft-IIS/8.5"
        ],
        "X-AspNet-Version": [
          "4.0.30319"
        ],
        "X-Powered-By": [
          "ASP.NET"
        ]
      },
      "StatusCode": 200
    },
    {
      "RequestUri": "/subscriptions/53d9063d-87ae-4ea8-be90-3686c3b8669f/resourcegroups/onesdk9464?api-version=2016-02-01",
      "EncodedRequestUri": "L3N1YnNjcmlwdGlvbnMvNTNkOTA2M2QtODdhZS00ZWE4LWJlOTAtMzY4NmMzYjg2NjlmL3Jlc291cmNlZ3JvdXBzL29uZXNkazk0NjQ/YXBpLXZlcnNpb249MjAxNi0wMi0wMQ==",
      "RequestMethod": "DELETE",
      "RequestBody": "",
      "RequestHeaders": {
        "User-Agent": [
          "Microsoft.Azure.Management.Resources.ResourceManagementClient/2.0.0.0"
        ]
      },
      "ResponseBody": "",
      "ResponseHeaders": {
        "Content-Length": [
          "0"
        ],
        "Expires": [
          "-1"
        ],
        "Pragma": [
          "no-cache"
        ],
        "Retry-After": [
          "15"
        ],
        "x-ms-ratelimit-remaining-subscription-writes": [
          "1195"
        ],
        "x-ms-request-id": [
          "6b430f6d-d2d8-419e-9535-860725ab2748"
        ],
        "x-ms-correlation-request-id": [
          "6b430f6d-d2d8-419e-9535-860725ab2748"
        ],
        "x-ms-routing-request-id": [
          "CENTRALUS:20160630T171718Z:6b430f6d-d2d8-419e-9535-860725ab2748"
        ],
        "Strict-Transport-Security": [
          "max-age=31536000; includeSubDomains"
        ],
        "Cache-Control": [
          "no-cache"
        ],
        "Date": [
          "Thu, 30 Jun 2016 17:17:17 GMT"
        ],
        "Location": [
          "https://management.azure.com/subscriptions/53d9063d-87ae-4ea8-be90-3686c3b8669f/operationresults/eyJqb2JJZCI6IlJFU09VUkNFR1JPVVBERUxFVElPTkpPQi1PTkVTREs5NDY0LUVBU1RVUzIiLCJqb2JMb2NhdGlvbiI6ImVhc3R1czIifQ?api-version=2016-02-01"
        ]
      },
      "StatusCode": 202
    },
    {
      "RequestUri": "/subscriptions/53d9063d-87ae-4ea8-be90-3686c3b8669f/operationresults/eyJqb2JJZCI6IlJFU09VUkNFR1JPVVBERUxFVElPTkpPQi1PTkVTREs5NDY0LUVBU1RVUzIiLCJqb2JMb2NhdGlvbiI6ImVhc3R1czIifQ?api-version=2016-02-01",
      "EncodedRequestUri": "L3N1YnNjcmlwdGlvbnMvNTNkOTA2M2QtODdhZS00ZWE4LWJlOTAtMzY4NmMzYjg2NjlmL29wZXJhdGlvbnJlc3VsdHMvZXlKcWIySkpaQ0k2SWxKRlUwOVZVa05GUjFKUFZWQkVSVXhGVkVsUFRrcFBRaTFQVGtWVFJFczVORFkwTFVWQlUxUlZVeklpTENKcWIySk1iMk5oZEdsdmJpSTZJbVZoYzNSMWN6SWlmUT9hcGktdmVyc2lvbj0yMDE2LTAyLTAx",
      "RequestMethod": "GET",
      "RequestBody": "",
      "RequestHeaders": {
        "x-ms-version": [
          "2016-02-01"
        ],
        "User-Agent": [
          "Microsoft.Azure.Management.Resources.ResourceManagementClient/2.0.0.0"
        ]
      },
      "ResponseBody": "",
      "ResponseHeaders": {
        "Content-Length": [
          "0"
        ],
        "Expires": [
          "-1"
        ],
        "Pragma": [
          "no-cache"
        ],
        "Retry-After": [
          "15"
        ],
        "x-ms-ratelimit-remaining-subscription-reads": [
          "14996"
        ],
        "x-ms-request-id": [
          "6bcd8c9d-2dac-46f2-a1d9-eb985d8417dc"
        ],
        "x-ms-correlation-request-id": [
          "6bcd8c9d-2dac-46f2-a1d9-eb985d8417dc"
        ],
        "x-ms-routing-request-id": [
          "CENTRALUS:20160630T171718Z:6bcd8c9d-2dac-46f2-a1d9-eb985d8417dc"
        ],
        "Strict-Transport-Security": [
          "max-age=31536000; includeSubDomains"
        ],
        "Cache-Control": [
          "no-cache"
        ],
        "Date": [
          "Thu, 30 Jun 2016 17:17:17 GMT"
        ],
        "Location": [
          "https://management.azure.com/subscriptions/53d9063d-87ae-4ea8-be90-3686c3b8669f/operationresults/eyJqb2JJZCI6IlJFU09VUkNFR1JPVVBERUxFVElPTkpPQi1PTkVTREs5NDY0LUVBU1RVUzIiLCJqb2JMb2NhdGlvbiI6ImVhc3R1czIifQ?api-version=2016-02-01"
        ]
      },
      "StatusCode": 202
    },
    {
      "RequestUri": "/subscriptions/53d9063d-87ae-4ea8-be90-3686c3b8669f/operationresults/eyJqb2JJZCI6IlJFU09VUkNFR1JPVVBERUxFVElPTkpPQi1PTkVTREs5NDY0LUVBU1RVUzIiLCJqb2JMb2NhdGlvbiI6ImVhc3R1czIifQ?api-version=2016-02-01",
      "EncodedRequestUri": "L3N1YnNjcmlwdGlvbnMvNTNkOTA2M2QtODdhZS00ZWE4LWJlOTAtMzY4NmMzYjg2NjlmL29wZXJhdGlvbnJlc3VsdHMvZXlKcWIySkpaQ0k2SWxKRlUwOVZVa05GUjFKUFZWQkVSVXhGVkVsUFRrcFBRaTFQVGtWVFJFczVORFkwTFVWQlUxUlZVeklpTENKcWIySk1iMk5oZEdsdmJpSTZJbVZoYzNSMWN6SWlmUT9hcGktdmVyc2lvbj0yMDE2LTAyLTAx",
      "RequestMethod": "GET",
      "RequestBody": "",
      "RequestHeaders": {
        "x-ms-version": [
          "2016-02-01"
        ],
        "User-Agent": [
          "Microsoft.Azure.Management.Resources.ResourceManagementClient/2.0.0.0"
        ]
      },
      "ResponseBody": "",
      "ResponseHeaders": {
        "Content-Length": [
          "0"
        ],
        "Expires": [
          "-1"
        ],
        "Pragma": [
          "no-cache"
        ],
        "Retry-After": [
          "15"
        ],
        "x-ms-ratelimit-remaining-subscription-reads": [
          "14995"
        ],
        "x-ms-request-id": [
          "c6945ca3-6642-45d1-afb8-11eecf01e04c"
        ],
        "x-ms-correlation-request-id": [
          "c6945ca3-6642-45d1-afb8-11eecf01e04c"
        ],
        "x-ms-routing-request-id": [
          "CENTRALUS:20160630T171733Z:c6945ca3-6642-45d1-afb8-11eecf01e04c"
        ],
        "Strict-Transport-Security": [
          "max-age=31536000; includeSubDomains"
        ],
        "Cache-Control": [
          "no-cache"
        ],
        "Date": [
          "Thu, 30 Jun 2016 17:17:33 GMT"
        ],
        "Location": [
          "https://management.azure.com/subscriptions/53d9063d-87ae-4ea8-be90-3686c3b8669f/operationresults/eyJqb2JJZCI6IlJFU09VUkNFR1JPVVBERUxFVElPTkpPQi1PTkVTREs5NDY0LUVBU1RVUzIiLCJqb2JMb2NhdGlvbiI6ImVhc3R1czIifQ?api-version=2016-02-01"
        ]
      },
      "StatusCode": 202
    },
    {
      "RequestUri": "/subscriptions/53d9063d-87ae-4ea8-be90-3686c3b8669f/operationresults/eyJqb2JJZCI6IlJFU09VUkNFR1JPVVBERUxFVElPTkpPQi1PTkVTREs5NDY0LUVBU1RVUzIiLCJqb2JMb2NhdGlvbiI6ImVhc3R1czIifQ?api-version=2016-02-01",
      "EncodedRequestUri": "L3N1YnNjcmlwdGlvbnMvNTNkOTA2M2QtODdhZS00ZWE4LWJlOTAtMzY4NmMzYjg2NjlmL29wZXJhdGlvbnJlc3VsdHMvZXlKcWIySkpaQ0k2SWxKRlUwOVZVa05GUjFKUFZWQkVSVXhGVkVsUFRrcFBRaTFQVGtWVFJFczVORFkwTFVWQlUxUlZVeklpTENKcWIySk1iMk5oZEdsdmJpSTZJbVZoYzNSMWN6SWlmUT9hcGktdmVyc2lvbj0yMDE2LTAyLTAx",
      "RequestMethod": "GET",
      "RequestBody": "",
      "RequestHeaders": {
        "x-ms-version": [
          "2016-02-01"
        ],
        "User-Agent": [
          "Microsoft.Azure.Management.Resources.ResourceManagementClient/2.0.0.0"
        ]
      },
      "ResponseBody": "",
      "ResponseHeaders": {
        "Content-Length": [
          "0"
        ],
        "Expires": [
          "-1"
        ],
        "Pragma": [
          "no-cache"
        ],
        "Retry-After": [
          "15"
        ],
        "x-ms-ratelimit-remaining-subscription-reads": [
          "14994"
        ],
        "x-ms-request-id": [
          "43a5b0e5-2778-45cc-a07d-7f6c4570e5d9"
        ],
        "x-ms-correlation-request-id": [
          "43a5b0e5-2778-45cc-a07d-7f6c4570e5d9"
        ],
        "x-ms-routing-request-id": [
          "CENTRALUS:20160630T171749Z:43a5b0e5-2778-45cc-a07d-7f6c4570e5d9"
        ],
        "Strict-Transport-Security": [
          "max-age=31536000; includeSubDomains"
        ],
        "Cache-Control": [
          "no-cache"
        ],
        "Date": [
          "Thu, 30 Jun 2016 17:17:48 GMT"
        ],
        "Location": [
          "https://management.azure.com/subscriptions/53d9063d-87ae-4ea8-be90-3686c3b8669f/operationresults/eyJqb2JJZCI6IlJFU09VUkNFR1JPVVBERUxFVElPTkpPQi1PTkVTREs5NDY0LUVBU1RVUzIiLCJqb2JMb2NhdGlvbiI6ImVhc3R1czIifQ?api-version=2016-02-01"
        ]
      },
      "StatusCode": 202
    },
    {
      "RequestUri": "/subscriptions/53d9063d-87ae-4ea8-be90-3686c3b8669f/operationresults/eyJqb2JJZCI6IlJFU09VUkNFR1JPVVBERUxFVElPTkpPQi1PTkVTREs5NDY0LUVBU1RVUzIiLCJqb2JMb2NhdGlvbiI6ImVhc3R1czIifQ?api-version=2016-02-01",
      "EncodedRequestUri": "L3N1YnNjcmlwdGlvbnMvNTNkOTA2M2QtODdhZS00ZWE4LWJlOTAtMzY4NmMzYjg2NjlmL29wZXJhdGlvbnJlc3VsdHMvZXlKcWIySkpaQ0k2SWxKRlUwOVZVa05GUjFKUFZWQkVSVXhGVkVsUFRrcFBRaTFQVGtWVFJFczVORFkwTFVWQlUxUlZVeklpTENKcWIySk1iMk5oZEdsdmJpSTZJbVZoYzNSMWN6SWlmUT9hcGktdmVyc2lvbj0yMDE2LTAyLTAx",
      "RequestMethod": "GET",
      "RequestBody": "",
      "RequestHeaders": {
        "x-ms-version": [
          "2016-02-01"
        ],
        "User-Agent": [
          "Microsoft.Azure.Management.Resources.ResourceManagementClient/2.0.0.0"
        ]
      },
      "ResponseBody": "",
      "ResponseHeaders": {
        "Content-Length": [
          "0"
        ],
        "Expires": [
          "-1"
        ],
        "Pragma": [
          "no-cache"
        ],
        "x-ms-ratelimit-remaining-subscription-reads": [
          "14993"
        ],
        "x-ms-request-id": [
          "9abb95f5-5712-40cd-9a44-61ceff297e48"
        ],
        "x-ms-correlation-request-id": [
          "9abb95f5-5712-40cd-9a44-61ceff297e48"
        ],
        "x-ms-routing-request-id": [
          "CENTRALUS:20160630T171804Z:9abb95f5-5712-40cd-9a44-61ceff297e48"
        ],
        "Strict-Transport-Security": [
          "max-age=31536000; includeSubDomains"
        ],
        "Cache-Control": [
          "no-cache"
        ],
        "Date": [
          "Thu, 30 Jun 2016 17:18:03 GMT"
        ]
      },
      "StatusCode": 200
    }
  ],
  "Names": {
    "Test-DataLakeStoreFileSystemPermissions": [
      "onesdk9464",
      "onesdk974"
    ]
  },
  "Variables": {
    "SubscriptionId": "53d9063d-87ae-4ea8-be90-3686c3b8669f"
  }
}