{
  "Stop-AzCloudService+[NoContext]+PowerOff/Stop cloud service+$POST+https://management.azure.com/subscriptions/5833e0eb-b53c-4156-b478-2eac8f04aec6/resourceGroups/cscmdlettestdk2fgatb/providers/Microsoft.Compute/cloudServices/cscmdlettestank38pzb/poweroff?api-version=2020-10-01-preview+1": {
    "Request": {
      "Method": "POST",
      "RequestUri": "https://management.azure.com/subscriptions/5833e0eb-b53c-4156-b478-2eac8f04aec6/resourceGroups/cscmdlettestdk2fgatb/providers/Microsoft.Compute/cloudServices/cscmdlettestank38pzb/poweroff?api-version=2020-10-01-preview",
      "Content": null,
      "Headers": {
        "x-ms-unique-id": [ "121" ],
        "x-ms-client-request-id": [ "b5577304-a7d8-411c-84e1-b369a0290460" ],
        "CommandName": [ "Stop-AzCloudService" ],
        "FullCommandName": [ "Stop-AzCloudService_PowerOff" ],
        "ParameterSetName": [ "__AllParameterSets" ],
        "User-Agent": [ "AzurePowershell/Az4.0.0-preview" ],
        "Authorization": [ "[Filtered]" ]
      },
      "ContentHeaders": {
      }
    },
    "Response": {
      "StatusCode": 202,
      "Headers": {
        "Cache-Control": [ "no-cache" ],
        "Pragma": [ "no-cache" ],
        "Location": [ "https://management.azure.com/subscriptions/5833e0eb-b53c-4156-b478-2eac8f04aec6/providers/Microsoft.Compute/locations/eastus2euap/CsOperations/9730c58c-5e67-49d6-af67-623b4aebbd17?monitor=true\u0026api-version=2020-10-01-preview" ],
        "Azure-AsyncOperation": [ "https://management.azure.com/subscriptions/5833e0eb-b53c-4156-b478-2eac8f04aec6/providers/Microsoft.Compute/locations/eastus2euap/CsOperations/9730c58c-5e67-49d6-af67-623b4aebbd17?api-version=2020-10-01-preview" ],
        "Strict-Transport-Security": [ "max-age=31536000; includeSubDomains" ],
        "x-ms-request-id": [ "9730c58c-5e67-49d6-af67-623b4aebbd17" ],
        "Server": [ "Microsoft-HTTPAPI/2.0,Microsoft-HTTPAPI/2.0 Microsoft-HTTPAPI/2.0 Microsoft-HTTPAPI/2.0" ],
        "x-ms-ratelimit-remaining-subscription-writes": [ "1185" ],
        "x-ms-correlation-request-id": [ "b7ccda6a-ea60-418e-b12f-a34d297534d0" ],
        "x-ms-routing-request-id": [ "SOUTHEASTASIA:20201124T065959Z:b7ccda6a-ea60-418e-b12f-a34d297534d0" ],
        "X-Content-Type-Options": [ "nosniff" ],
        "Date": [ "Tue, 24 Nov 2020 06:59:58 GMT" ]
      },
      "ContentHeaders": {
        "Expires": [ "-1" ],
        "Content-Length": [ "0" ]
      },
      "Content": null
    }
  },
  "Stop-AzCloudService+[NoContext]+PowerOff/Stop cloud service+$GET+https://management.azure.com/subscriptions/5833e0eb-b53c-4156-b478-2eac8f04aec6/providers/Microsoft.Compute/locations/eastus2euap/CsOperations/9730c58c-5e67-49d6-af67-623b4aebbd17?api-version=2020-10-01-preview+2": {
    "Request": {
      "Method": "GET",
      "RequestUri": "https://management.azure.com/subscriptions/5833e0eb-b53c-4156-b478-2eac8f04aec6/providers/Microsoft.Compute/locations/eastus2euap/CsOperations/9730c58c-5e67-49d6-af67-623b4aebbd17?api-version=2020-10-01-preview",
      "Content": null,
      "Headers": {
        "Authorization": [ "[Filtered]" ],
        "x-ms-unique-id": [ "122" ],
        "x-ms-client-request-id": [ "b5577304-a7d8-411c-84e1-b369a0290460" ],
        "CommandName": [ "Stop-AzCloudService" ],
        "FullCommandName": [ "Stop-AzCloudService_PowerOff" ],
        "ParameterSetName": [ "__AllParameterSets" ],
        "User-Agent": [ "AzurePowershell/Az4.0.0-preview" ]
      },
      "ContentHeaders": {
      }
    },
    "Response": {
      "StatusCode": 200,
      "Headers": {
        "Cache-Control": [ "no-cache" ],
        "Pragma": [ "no-cache" ],
        "Strict-Transport-Security": [ "max-age=31536000; includeSubDomains" ],
        "x-ms-served-by": [ "098921c7-dcff-4e3e-92ca-e5ee8428f28f_132490945230866604" ],
        "x-ms-request-id": [ "0d3591b3-8f1f-475a-b507-1c590e147af0" ],
        "Server": [ "Microsoft-HTTPAPI/2.0", "Microsoft-HTTPAPI/2.0" ],
        "x-ms-ratelimit-remaining-subscription-reads": [ "11892" ],
        "x-ms-correlation-request-id": [ "c63174c2-f0d1-4d63-ac05-769263e6b7a8" ],
        "x-ms-routing-request-id": [ "SOUTHEASTASIA:20201124T070029Z:c63174c2-f0d1-4d63-ac05-769263e6b7a8" ],
        "X-Content-Type-Options": [ "nosniff" ],
        "Date": [ "Tue, 24 Nov 2020 07:00:29 GMT" ]
      },
      "ContentHeaders": {
        "Content-Length": [ "134" ],
        "Content-Type": [ "application/json; charset=utf-8" ],
        "Expires": [ "-1" ]
      },
      "Content": "{\r\n  \"startTime\": \"2020-11-24T06:59:59.1797971+00:00\",\r\n  \"status\": \"InProgress\",\r\n  \"name\": \"9730c58c-5e67-49d6-af67-623b4aebbd17\"\r\n}"
    }
  },
  "Stop-AzCloudService+[NoContext]+PowerOff/Stop cloud service+$GET+https://management.azure.com/subscriptions/5833e0eb-b53c-4156-b478-2eac8f04aec6/providers/Microsoft.Compute/locations/eastus2euap/CsOperations/9730c58c-5e67-49d6-af67-623b4aebbd17?api-version=2020-10-01-preview+3": {
    "Request": {
      "Method": "GET",
      "RequestUri": "https://management.azure.com/subscriptions/5833e0eb-b53c-4156-b478-2eac8f04aec6/providers/Microsoft.Compute/locations/eastus2euap/CsOperations/9730c58c-5e67-49d6-af67-623b4aebbd17?api-version=2020-10-01-preview",
      "Content": null,
      "Headers": {
        "Authorization": [ "[Filtered]" ],
        "x-ms-unique-id": [ "123" ],
        "x-ms-client-request-id": [ "b5577304-a7d8-411c-84e1-b369a0290460" ],
        "CommandName": [ "Stop-AzCloudService" ],
        "FullCommandName": [ "Stop-AzCloudService_PowerOff" ],
        "ParameterSetName": [ "__AllParameterSets" ],
        "User-Agent": [ "AzurePowershell/Az4.0.0-preview" ]
      },
      "ContentHeaders": {
      }
    },
    "Response": {
      "StatusCode": 200,
      "Headers": {
        "Cache-Control": [ "no-cache" ],
        "Pragma": [ "no-cache" ],
        "Strict-Transport-Security": [ "max-age=31536000; includeSubDomains" ],
        "x-ms-served-by": [ "098921c7-dcff-4e3e-92ca-e5ee8428f28f_132490945230866604" ],
        "x-ms-request-id": [ "f14f6d5a-c1b9-4a27-8588-7fb7f80cc9dd" ],
        "Server": [ "Microsoft-HTTPAPI/2.0", "Microsoft-HTTPAPI/2.0" ],
        "x-ms-ratelimit-remaining-subscription-reads": [ "11891" ],
        "x-ms-correlation-request-id": [ "317ef546-9471-4489-a9ee-a8132176cea1" ],
        "x-ms-routing-request-id": [ "SOUTHEASTASIA:20201124T070100Z:317ef546-9471-4489-a9ee-a8132176cea1" ],
        "X-Content-Type-Options": [ "nosniff" ],
        "Date": [ "Tue, 24 Nov 2020 07:00:59 GMT" ]
      },
      "ContentHeaders": {
        "Content-Length": [ "184" ],
        "Content-Type": [ "application/json; charset=utf-8" ],
        "Expires": [ "-1" ]
      },
      "Content": "{\r\n  \"startTime\": \"2020-11-24T06:59:59.1797971+00:00\",\r\n  \"endTime\": \"2020-11-24T07:00:54.9604174+00:00\",\r\n  \"status\": \"Succeeded\",\r\n  \"name\": \"9730c58c-5e67-49d6-af67-623b4aebbd17\"\r\n}"
    }
  },
  "Stop-AzCloudService+[NoContext]+PowerOff/Stop cloud service+$GET+https://management.azure.com/subscriptions/5833e0eb-b53c-4156-b478-2eac8f04aec6/providers/Microsoft.Compute/locations/eastus2euap/CsOperations/9730c58c-5e67-49d6-af67-623b4aebbd17?monitor=true\u0026api-version=2020-10-01-preview+4": {
    "Request": {
      "Method": "GET",
      "RequestUri": "https://management.azure.com/subscriptions/5833e0eb-b53c-4156-b478-2eac8f04aec6/providers/Microsoft.Compute/locations/eastus2euap/CsOperations/9730c58c-5e67-49d6-af67-623b4aebbd17?monitor=true\u0026api-version=2020-10-01-preview",
      "Content": null,
      "Headers": {
        "Authorization": [ "[Filtered]" ],
        "x-ms-unique-id": [ "124" ],
        "x-ms-client-request-id": [ "b5577304-a7d8-411c-84e1-b369a0290460" ],
        "CommandName": [ "Stop-AzCloudService" ],
        "FullCommandName": [ "Stop-AzCloudService_PowerOff" ],
        "ParameterSetName": [ "__AllParameterSets" ],
        "User-Agent": [ "AzurePowershell/Az4.0.0-preview" ]
      },
      "ContentHeaders": {
      }
    },
    "Response": {
      "StatusCode": 200,
      "Headers": {
        "Cache-Control": [ "no-cache" ],
        "Pragma": [ "no-cache" ],
        "Strict-Transport-Security": [ "max-age=31536000; includeSubDomains" ],
        "x-ms-served-by": [ "098921c7-dcff-4e3e-92ca-e5ee8428f28f_132490945230866604" ],
        "x-ms-request-id": [ "29e99fb4-6cb7-4e65-8487-47d2be58eace" ],
        "Server": [ "Microsoft-HTTPAPI/2.0", "Microsoft-HTTPAPI/2.0" ],
        "x-ms-ratelimit-remaining-subscription-reads": [ "11890" ],
        "x-ms-correlation-request-id": [ "be139399-f898-4bf3-878b-1e65682a5894" ],
        "x-ms-routing-request-id": [ "SOUTHEASTASIA:20201124T070100Z:be139399-f898-4bf3-878b-1e65682a5894" ],
        "X-Content-Type-Options": [ "nosniff" ],
        "Date": [ "Tue, 24 Nov 2020 07:01:00 GMT" ]
      },
      "ContentHeaders": {
        "Expires": [ "-1" ],
        "Content-Length": [ "0" ]
      },
      "Content": null
    }
  },
  "Stop-AzCloudService+[NoContext]+PowerOff/Stop cloud service via identity+$GET+https://management.azure.com/subscriptions/5833e0eb-b53c-4156-b478-2eac8f04aec6/resourceGroups/cscmdlettestdk2fgatb/providers/Microsoft.Compute/cloudServices/cscmdlettestank38pzb?api-version=2020-10-01-preview+1": {
    "Request": {
      "Method": "GET",
      "RequestUri": "https://management.azure.com/subscriptions/5833e0eb-b53c-4156-b478-2eac8f04aec6/resourceGroups/cscmdlettestdk2fgatb/providers/Microsoft.Compute/cloudServices/cscmdlettestank38pzb?api-version=2020-10-01-preview",
      "Content": null,
      "Headers": {
        "x-ms-unique-id": [ "125" ],
        "x-ms-client-request-id": [ "ffd97285-cf54-4665-96fc-b06cf453bf71" ],
        "CommandName": [ "Get-AzCloudService" ],
        "FullCommandName": [ "Get-AzCloudService_Get" ],
        "ParameterSetName": [ "__AllParameterSets" ],
        "User-Agent": [ "AzurePowershell/Az4.0.0-preview" ],
        "Authorization": [ "[Filtered]" ]
      },
      "ContentHeaders": {
      }
    },
    "Response": {
      "StatusCode": 200,
      "Headers": {
        "Cache-Control": [ "no-cache" ],
        "Pragma": [ "no-cache" ],
        "Strict-Transport-Security": [ "max-age=31536000; includeSubDomains" ],
        "x-ms-request-id": [ "90cd95b7-7f1a-4104-81f9-3b1bbe6a7eba" ],
        "Server": [ "Microsoft-HTTPAPI/2.0,Microsoft-HTTPAPI/2.0 Microsoft-HTTPAPI/2.0 Microsoft-HTTPAPI/2.0" ],
        "x-ms-ratelimit-remaining-subscription-reads": [ "11889" ],
        "x-ms-correlation-request-id": [ "cb707770-1ad1-45ad-ac81-752413d47e79" ],
        "x-ms-routing-request-id": [ "SOUTHEASTASIA:20201124T070100Z:cb707770-1ad1-45ad-ac81-752413d47e79" ],
        "X-Content-Type-Options": [ "nosniff" ],
        "Date": [ "Tue, 24 Nov 2020 07:01:00 GMT" ]
      },
      "ContentHeaders": {
        "Content-Length": [ "3522" ],
        "Content-Type": [ "application/json; charset=utf-8" ],
        "Expires": [ "-1" ]
      },
      "Content": "{\r\n  \"name\": \"cscmdlettestank38pzb\",\r\n  \"id\": \"/subscriptions/5833e0eb-b53c-4156-b478-2eac8f04aec6/resourceGroups/CSCMDLETTESTDK2FGATB/providers/Microsoft.Compute/cloudServices/cscmdlettestank38pzb\",\r\n  \"type\": \"Microsoft.Compute/cloudServices\",\r\n  \"location\": \"eastus2euap\",\r\n  \"properties\": {\r\n    \"configuration\": \"\u003c?xml version=\\\"1.0\\\" encoding=\\\"utf-8\\\"?\u003e\\r\\n\u003c!--\\r\\n  **********************************************************************************************\\r\\n\\r\\n  This file was generated by a tool from the project file: ServiceConfiguration.Cloud.cscfg\\r\\n\\r\\n  Changes to this file may cause incorrect behavior and will be lost if the file is regenerated.\\r\\n\\r\\n  **********************************************************************************************\\r\\n--\u003e\\r\\n\u003cServiceConfiguration serviceName=\\\"AzureCloudServicePowerShellCmdletTest\\\" xmlns=\\\"http://schemas.microsoft.com/ServiceHosting/2008/10/ServiceConfiguration\\\" osFamily=\\\"6\\\" osVersion=\\\"*\\\" schemaVersion=\\\"2015-04.2.6\\\"\u003e\\r\\n  \u003cRole name=\\\"WebRole\\\"\u003e\\r\\n    \u003cInstances count=\\\"2\\\" /\u003e\\r\\n    \u003cConfigurationSettings\u003e\\r\\n      \u003cSetting name=\\\"Microsoft.WindowsAzure.Plugins.Diagnostics.ConnectionString\\\" value=\\\"UseDevelopmentStorage=true\\\" /\u003e\\r\\n    \u003c/ConfigurationSettings\u003e\\r\\n  \u003c/Role\u003e\\r\\n  \u003cRole name=\\\"WorkerRole\\\"\u003e\\r\\n    \u003cInstances count=\\\"2\\\" /\u003e\\r\\n    \u003cConfigurationSettings\u003e\\r\\n      \u003cSetting name=\\\"Microsoft.WindowsAzure.Plugins.Diagnostics.ConnectionString\\\" value=\\\"UseDevelopmentStorage=true\\\" /\u003e\\r\\n    \u003c/ConfigurationSettings\u003e\\r\\n  \u003c/Role\u003e\\r\\n  \u003cNetworkConfiguration\u003e\\r\\n    \u003cVirtualNetworkSite name=\\\"CsCmdletTestVnet\\\" /\u003e\\r\\n    \u003cAddressAssignments\u003e\\r\\n      \u003cInstanceAddress roleName=\\\"WebRole\\\"\u003e\\r\\n        \u003cSubnets\u003e\\r\\n          \u003cSubnet name=\\\"WebTier\\\" /\u003e\\r\\n        \u003c/Subnets\u003e\\r\\n      \u003c/InstanceAddress\u003e\\r\\n      \u003cInstanceAddress roleName=\\\"WorkerRole\\\"\u003e\\r\\n        \u003cSubnets\u003e\\r\\n          \u003cSubnet name=\\\"WebTier\\\" /\u003e\\r\\n        \u003c/Subnets\u003e\\r\\n      \u003c/InstanceAddress\u003e\\r\\n    \u003c/AddressAssignments\u003e\\r\\n  \u003c/NetworkConfiguration\u003e\\r\\n\u003c/ServiceConfiguration\u003e\",\r\n    \"upgradeMode\": \"Auto\",\r\n    \"roleProfile\": {\r\n      \"roles\": [\r\n        {\r\n          \"name\": \"WebRole\",\r\n          \"sku\": {\r\n            \"name\": \"Standard_D1_v2\",\r\n            \"tier\": \"Standard\",\r\n            \"capacity\": 2\r\n          }\r\n        },\r\n        {\r\n          \"name\": \"WorkerRole\",\r\n          \"sku\": {\r\n            \"name\": \"Standard_D1_v2\",\r\n            \"tier\": \"Standard\",\r\n            \"capacity\": 2\r\n          }\r\n        }\r\n      ]\r\n    },\r\n    \"osProfile\": {\r\n      \"secrets\": []\r\n    },\r\n    \"networkProfile\": {\"loadBalancerConfigurations\":[{\"name\":\"cscmdlettestLB\",\"properties\":{\"frontendIpConfigurations\":[{\"name\":\"cscmdlettestLBFE\",\"properties\":{\"publicIPAddress\":{\"id\":\"/subscriptions/5833e0eb-b53c-4156-b478-2eac8f04aec6/resourceGroups/cscmdlettestdk2fgatb/providers/Microsoft.Network/publicIPAddresses/cscmdlettestnewcsip\"}}}]}}]},\r\n    \"extensionProfile\": {\r\n      \"extensions\": [\r\n        {\r\n          \"name\": \"GenevaExtension\",\r\n          \"properties\": {\r\n            \"autoUpgradeMinorVersion\": false,\r\n            \"provisioningState\": \"Succeeded\",\r\n            \"rolesAppliedTo\": [\r\n              \"*\"\r\n            ],\r\n            \"publisher\": \"Microsoft.Azure.Geneva\",\r\n            \"type\": \"GenevaMonitoringPaaS\",\r\n            \"typeHandlerVersion\": \"2.14.0.2\",\r\n            \"settings\": \"\"\r\n          }\r\n        }\r\n      ]\r\n    },\r\n    \"provisioningState\": \"Succeeded\",\r\n    \"uniqueId\": \"8eeab8c3-d2fd-40f2-8ab5-73f279681e3e\"\r\n  }\r\n}"
    }
  },
  "Stop-AzCloudService+[NoContext]+PowerOff/Stop cloud service via identity+$POST+https://management.azure.com/subscriptions/5833e0eb-b53c-4156-b478-2eac8f04aec6/resourceGroups/CSCMDLETTESTDK2FGATB/providers/Microsoft.Compute/cloudServices/cscmdlettestank38pzb/poweroff?api-version=2020-10-01-preview+2": {
    "Request": {
      "Method": "POST",
      "RequestUri": "https://management.azure.com/subscriptions/5833e0eb-b53c-4156-b478-2eac8f04aec6/resourceGroups/CSCMDLETTESTDK2FGATB/providers/Microsoft.Compute/cloudServices/cscmdlettestank38pzb/poweroff?api-version=2020-10-01-preview",
      "Content": null,
      "Headers": {
        "x-ms-unique-id": [ "126" ],
        "x-ms-client-request-id": [ "53022ea5-534c-4456-86cd-9b786a400e0a" ],
        "CommandName": [ "Stop-AzCloudService" ],
        "FullCommandName": [ "Stop-AzCloudService_PowerOffViaIdentity" ],
        "ParameterSetName": [ "__AllParameterSets" ],
        "User-Agent": [ "AzurePowershell/Az4.0.0-preview" ],
        "Authorization": [ "[Filtered]" ]
      },
      "ContentHeaders": {
      }
    },
    "Response": {
      "StatusCode": 202,
      "Headers": {
        "Cache-Control": [ "no-cache" ],
        "Pragma": [ "no-cache" ],
        "Location": [ "https://management.azure.com/subscriptions/5833e0eb-b53c-4156-b478-2eac8f04aec6/providers/Microsoft.Compute/locations/eastus2euap/CsOperations/68b10716-93c9-492c-8ee4-9bbca52e1b50?monitor=true\u0026api-version=2020-10-01-preview" ],
        "Azure-AsyncOperation": [ "https://management.azure.com/subscriptions/5833e0eb-b53c-4156-b478-2eac8f04aec6/providers/Microsoft.Compute/locations/eastus2euap/CsOperations/68b10716-93c9-492c-8ee4-9bbca52e1b50?api-version=2020-10-01-preview" ],
        "Strict-Transport-Security": [ "max-age=31536000; includeSubDomains" ],
        "x-ms-request-id": [ "68b10716-93c9-492c-8ee4-9bbca52e1b50" ],
        "Server": [ "Microsoft-HTTPAPI/2.0,Microsoft-HTTPAPI/2.0 Microsoft-HTTPAPI/2.0 Microsoft-HTTPAPI/2.0" ],
        "x-ms-ratelimit-remaining-subscription-writes": [ "1184" ],
        "x-ms-correlation-request-id": [ "b60f5604-3dac-43c4-bf50-e9ab31071200" ],
        "x-ms-routing-request-id": [ "SOUTHEASTASIA:20201124T070101Z:b60f5604-3dac-43c4-bf50-e9ab31071200" ],
        "X-Content-Type-Options": [ "nosniff" ],
        "Date": [ "Tue, 24 Nov 2020 07:01:01 GMT" ]
      },
      "ContentHeaders": {
        "Expires": [ "-1" ],
        "Content-Length": [ "0" ]
      },
      "Content": null
    }
  },
  "Stop-AzCloudService+[NoContext]+PowerOff/Stop cloud service via identity+$GET+https://management.azure.com/subscriptions/5833e0eb-b53c-4156-b478-2eac8f04aec6/providers/Microsoft.Compute/locations/eastus2euap/CsOperations/68b10716-93c9-492c-8ee4-9bbca52e1b50?api-version=2020-10-01-preview+3": {
    "Request": {
      "Method": "GET",
      "RequestUri": "https://management.azure.com/subscriptions/5833e0eb-b53c-4156-b478-2eac8f04aec6/providers/Microsoft.Compute/locations/eastus2euap/CsOperations/68b10716-93c9-492c-8ee4-9bbca52e1b50?api-version=2020-10-01-preview",
      "Content": null,
      "Headers": {
        "Authorization": [ "[Filtered]" ],
        "x-ms-unique-id": [ "127" ],
        "x-ms-client-request-id": [ "53022ea5-534c-4456-86cd-9b786a400e0a" ],
        "CommandName": [ "Stop-AzCloudService" ],
        "FullCommandName": [ "Stop-AzCloudService_PowerOffViaIdentity" ],
        "ParameterSetName": [ "__AllParameterSets" ],
        "User-Agent": [ "AzurePowershell/Az4.0.0-preview" ]
      },
      "ContentHeaders": {
      }
    },
    "Response": {
      "StatusCode": 200,
      "Headers": {
        "Cache-Control": [ "no-cache" ],
        "Pragma": [ "no-cache" ],
        "Strict-Transport-Security": [ "max-age=31536000; includeSubDomains" ],
        "x-ms-served-by": [ "098921c7-dcff-4e3e-92ca-e5ee8428f28f_132490945230866604" ],
        "x-ms-request-id": [ "2bc7f24d-f9a6-48ed-b0ed-6feaada6c81d" ],
        "Server": [ "Microsoft-HTTPAPI/2.0", "Microsoft-HTTPAPI/2.0" ],
        "x-ms-ratelimit-remaining-subscription-reads": [ "11888" ],
        "x-ms-correlation-request-id": [ "9fd15dcc-8513-4783-a75f-7e93ccd84124" ],
        "x-ms-routing-request-id": [ "SOUTHEASTASIA:20201124T070131Z:9fd15dcc-8513-4783-a75f-7e93ccd84124" ],
        "X-Content-Type-Options": [ "nosniff" ],
        "Date": [ "Tue, 24 Nov 2020 07:01:31 GMT" ]
      },
      "ContentHeaders": {
        "Content-Length": [ "184" ],
        "Content-Type": [ "application/json; charset=utf-8" ],
        "Expires": [ "-1" ]
      },
      "Content": "{\r\n  \"startTime\": \"2020-11-24T07:01:01.3319436+00:00\",\r\n  \"endTime\": \"2020-11-24T07:01:16.7432001+00:00\",\r\n  \"status\": \"Succeeded\",\r\n  \"name\": \"68b10716-93c9-492c-8ee4-9bbca52e1b50\"\r\n}"
    }
  },
  "Stop-AzCloudService+[NoContext]+PowerOff/Stop cloud service via identity+$GET+https://management.azure.com/subscriptions/5833e0eb-b53c-4156-b478-2eac8f04aec6/providers/Microsoft.Compute/locations/eastus2euap/CsOperations/68b10716-93c9-492c-8ee4-9bbca52e1b50?monitor=true\u0026api-version=2020-10-01-preview+4": {
    "Request": {
      "Method": "GET",
      "RequestUri": "https://management.azure.com/subscriptions/5833e0eb-b53c-4156-b478-2eac8f04aec6/providers/Microsoft.Compute/locations/eastus2euap/CsOperations/68b10716-93c9-492c-8ee4-9bbca52e1b50?monitor=true\u0026api-version=2020-10-01-preview",
      "Content": null,
      "Headers": {
        "Authorization": [ "[Filtered]" ],
        "x-ms-unique-id": [ "128" ],
        "x-ms-client-request-id": [ "53022ea5-534c-4456-86cd-9b786a400e0a" ],
        "CommandName": [ "Stop-AzCloudService" ],
        "FullCommandName": [ "Stop-AzCloudService_PowerOffViaIdentity" ],
        "ParameterSetName": [ "__AllParameterSets" ],
        "User-Agent": [ "AzurePowershell/Az4.0.0-preview" ]
      },
      "ContentHeaders": {
      }
    },
    "Response": {
      "StatusCode": 200,
      "Headers": {
        "Cache-Control": [ "no-cache" ],
        "Pragma": [ "no-cache" ],
        "Strict-Transport-Security": [ "max-age=31536000; includeSubDomains" ],
        "x-ms-served-by": [ "098921c7-dcff-4e3e-92ca-e5ee8428f28f_132490945230866604" ],
        "x-ms-request-id": [ "3b663e30-3522-4808-bf56-43419e69722d" ],
        "Server": [ "Microsoft-HTTPAPI/2.0", "Microsoft-HTTPAPI/2.0" ],
        "x-ms-ratelimit-remaining-subscription-reads": [ "11887" ],
        "x-ms-correlation-request-id": [ "74b935c8-e876-4265-8431-23ff961ee618" ],
        "x-ms-routing-request-id": [ "SOUTHEASTASIA:20201124T070132Z:74b935c8-e876-4265-8431-23ff961ee618" ],
        "X-Content-Type-Options": [ "nosniff" ],
        "Date": [ "Tue, 24 Nov 2020 07:01:31 GMT" ]
      },
      "ContentHeaders": {
        "Expires": [ "-1" ],
        "Content-Length": [ "0" ]
      },
      "Content": null
    }
  }
}