{
  "Entries": [
    {
      "RequestUri": "/subscriptions/5250dd92-b580-46be-b327-e6596c8de196/resourcegroups/onesdk3316?api-version=2016-02-01",
      "EncodedRequestUri": "L3N1YnNjcmlwdGlvbnMvNTI1MGRkOTItYjU4MC00NmJlLWIzMjctZTY1OTZjOGRlMTk2L3Jlc291cmNlZ3JvdXBzL29uZXNkazMzMTY/YXBpLXZlcnNpb249MjAxNi0wMi0wMQ==",
      "RequestMethod": "PUT",
      "RequestBody": "{\r\n  \"location\": \"West US\"\r\n}",
      "RequestHeaders": {
        "Content-Type": [
          "application/json; charset=utf-8"
        ],
        "Content-Length": [
          "29"
        ],
        "User-Agent": [
          "Microsoft.Azure.Management.Resources.ResourceManagementClient/2.0.0.0"
        ]
      },
      "ResponseBody": "{\r\n  \"id\": \"/subscriptions/5250dd92-b580-46be-b327-e6596c8de196/resourceGroups/onesdk3316\",\r\n  \"name\": \"onesdk3316\",\r\n  \"location\": \"westus\",\r\n  \"properties\": {\r\n    \"provisioningState\": \"Succeeded\"\r\n  }\r\n}",
      "ResponseHeaders": {
        "Content-Length": [
          "173"
        ],
        "Content-Type": [
          "application/json; charset=utf-8"
        ],
        "Expires": [
          "-1"
        ],
        "Pragma": [
          "no-cache"
        ],
        "x-ms-ratelimit-remaining-subscription-writes": [
          "1195"
        ],
        "x-ms-request-id": [
          "d621e582-822e-4034-bbc7-436a1ac0f016"
        ],
        "x-ms-correlation-request-id": [
          "d621e582-822e-4034-bbc7-436a1ac0f016"
        ],
        "x-ms-routing-request-id": [
          "CENTRALUS:20160726T001617Z:d621e582-822e-4034-bbc7-436a1ac0f016"
        ],
        "Strict-Transport-Security": [
          "max-age=31536000; includeSubDomains"
        ],
        "Cache-Control": [
          "no-cache"
        ],
        "Date": [
          "Tue, 26 Jul 2016 00:16:17 GMT"
        ]
      },
      "StatusCode": 201
    },
    {
      "RequestUri": "/subscriptions/5250dd92-b580-46be-b327-e6596c8de196/resourceGroups/onesdk3316/providers/Microsoft.Logic/workflows/onesdk6434?api-version=2016-06-01",
      "EncodedRequestUri": "L3N1YnNjcmlwdGlvbnMvNTI1MGRkOTItYjU4MC00NmJlLWIzMjctZTY1OTZjOGRlMTk2L3Jlc291cmNlR3JvdXBzL29uZXNkazMzMTYvcHJvdmlkZXJzL01pY3Jvc29mdC5Mb2dpYy93b3JrZmxvd3Mvb25lc2RrNjQzND9hcGktdmVyc2lvbj0yMDE2LTA2LTAx",
      "RequestMethod": "GET",
      "RequestBody": "",
      "RequestHeaders": {
        "x-ms-client-request-id": [
          "beb3f2fe-ff70-4acf-a7c5-210c15b43a40"
        ],
        "accept-language": [
          "en-US"
        ],
        "User-Agent": [
          "Microsoft.Azure.Management.Logic.LogicManagementClient/0.2.2.0"
        ]
      },
      "ResponseBody": "{\r\n  \"error\": {\r\n    \"code\": \"ResourceNotFound\",\r\n    \"message\": \"The Resource 'Microsoft.Logic/workflows/onesdk6434' under resource group 'onesdk3316' was not found.\"\r\n  }\r\n}",
      "ResponseHeaders": {
        "Content-Length": [
          "150"
        ],
        "Content-Type": [
          "application/json; charset=utf-8"
        ],
        "Expires": [
          "-1"
        ],
        "Pragma": [
          "no-cache"
        ],
        "x-ms-failure-cause": [
          "gateway"
        ],
        "x-ms-request-id": [
          "cbc2fd0f-89fd-4386-80d6-ce88c6584f07"
        ],
        "x-ms-correlation-request-id": [
          "cbc2fd0f-89fd-4386-80d6-ce88c6584f07"
        ],
        "x-ms-routing-request-id": [
          "CENTRALUS:20160726T001623Z:cbc2fd0f-89fd-4386-80d6-ce88c6584f07"
        ],
        "Strict-Transport-Security": [
          "max-age=31536000; includeSubDomains"
        ],
        "Cache-Control": [
          "no-cache"
        ],
        "Date": [
          "Tue, 26 Jul 2016 00:16:23 GMT"
        ]
      },
      "StatusCode": 404
    },
    {
      "RequestUri": "/subscriptions/5250dd92-b580-46be-b327-e6596c8de196/resourceGroups/onesdk3316/providers/Microsoft.Logic/workflows/onesdk6434?api-version=2016-06-01",
      "EncodedRequestUri": "L3N1YnNjcmlwdGlvbnMvNTI1MGRkOTItYjU4MC00NmJlLWIzMjctZTY1OTZjOGRlMTk2L3Jlc291cmNlR3JvdXBzL29uZXNkazMzMTYvcHJvdmlkZXJzL01pY3Jvc29mdC5Mb2dpYy93b3JrZmxvd3Mvb25lc2RrNjQzND9hcGktdmVyc2lvbj0yMDE2LTA2LTAx",
      "RequestMethod": "GET",
      "RequestBody": "",
      "RequestHeaders": {
        "x-ms-client-request-id": [
          "1769e848-ec61-444b-90e9-dae5c1ec06df"
        ],
        "accept-language": [
          "en-US"
        ],
        "User-Agent": [
          "Microsoft.Azure.Management.Logic.LogicManagementClient/0.2.2.0"
        ]
      },
      "ResponseBody": "{\r\n  \"properties\": {\r\n    \"provisioningState\": \"Succeeded\",\r\n    \"createdTime\": \"2016-07-26T00:16:24.5758415Z\",\r\n    \"changedTime\": \"2016-07-26T00:16:24.5761119Z\",\r\n    \"state\": \"Enabled\",\r\n    \"version\": \"08587321147010145825\",\r\n    \"accessEndpoint\": \"https://prod-08.westus.logic.azure.com:443/workflows/399225bc260849e5873b06024646b3fd\",\r\n    \"definition\": {\r\n      \"$schema\": \"http://schema.management.azure.com/providers/Microsoft.Logic/schemas/2015-08-01-preview/workflowdefinition.json#\",\r\n      \"contentVersion\": \"1.0.0.0\",\r\n      \"parameters\": {\r\n        \"runworkflowmanually\": {\r\n          \"defaultValue\": false,\r\n          \"type\": \"Bool\"\r\n        }\r\n      },\r\n      \"triggers\": {\r\n        \"httpTrigger\": {\r\n          \"recurrence\": {\r\n            \"frequency\": \"Hour\",\r\n            \"interval\": 1\r\n          },\r\n          \"type\": \"Http\",\r\n          \"inputs\": {\r\n            \"method\": \"GET\",\r\n            \"uri\": \"http://www.bing.com\"\r\n          },\r\n          \"conditions\": [\r\n            {\r\n              \"expression\": \"@bool('true')\"\r\n            }\r\n          ]\r\n        },\r\n        \"manualTrigger\": {\r\n          \"type\": \"Manual\"\r\n        }\r\n      },\r\n      \"actions\": {\r\n        \"http\": {\r\n          \"type\": \"Http\",\r\n          \"inputs\": {\r\n            \"method\": \"GET\",\r\n            \"uri\": \"http://www.bing.com\"\r\n          },\r\n          \"conditions\": [\r\n            {\r\n              \"expression\": \"@bool('true')\"\r\n            }\r\n          ]\r\n        },\r\n        \"http1\": {\r\n          \"type\": \"Http\",\r\n          \"inputs\": {\r\n            \"method\": \"GET\",\r\n            \"uri\": \"http://www.bing.com\"\r\n          },\r\n          \"conditions\": [\r\n            {\r\n              \"expression\": \"@bool('true')\"\r\n            }\r\n          ]\r\n        }\r\n      },\r\n      \"outputs\": {\r\n        \"output1\": {\r\n          \"type\": \"String\",\r\n          \"value\": \"true\"\r\n        }\r\n      }\r\n    },\r\n    \"parameters\": {}\r\n  },\r\n  \"id\": \"/subscriptions/5250dd92-b580-46be-b327-e6596c8de196/resourceGroups/onesdk3316/providers/Microsoft.Logic/workflows/onesdk6434\",\r\n  \"name\": \"onesdk6434\",\r\n  \"type\": \"Microsoft.Logic/workflows\",\r\n  \"location\": \"westus\"\r\n}",
      "ResponseHeaders": {
        "Content-Length": [
          "1296"
        ],
        "Content-Type": [
          "application/json; charset=utf-8"
        ],
        "Expires": [
          "-1"
        ],
        "Pragma": [
          "no-cache"
        ],
        "Vary": [
          "Accept-Encoding"
        ],
        "x-ms-request-id": [
          "westus:a8436032-793d-468c-934b-b8cc98044a85"
        ],
        "Strict-Transport-Security": [
          "max-age=31536000; includeSubDomains"
        ],
        "x-ms-ratelimit-remaining-subscription-reads": [
          "14884"
        ],
        "x-ms-correlation-request-id": [
          "a973cce9-c8f4-4b9a-bd55-19d4c46e4314"
        ],
        "x-ms-routing-request-id": [
          "CENTRALUS:20160726T001627Z:a973cce9-c8f4-4b9a-bd55-19d4c46e4314"
        ],
        "Cache-Control": [
          "no-cache"
        ],
        "Date": [
          "Tue, 26 Jul 2016 00:16:26 GMT"
        ]
      },
      "StatusCode": 200
    },
    {
      "RequestUri": "/subscriptions/5250dd92-b580-46be-b327-e6596c8de196/resourceGroups/onesdk3316/providers/Microsoft.Logic/workflows/onesdk6434?api-version=2016-06-01",
      "EncodedRequestUri": "L3N1YnNjcmlwdGlvbnMvNTI1MGRkOTItYjU4MC00NmJlLWIzMjctZTY1OTZjOGRlMTk2L3Jlc291cmNlR3JvdXBzL29uZXNkazMzMTYvcHJvdmlkZXJzL01pY3Jvc29mdC5Mb2dpYy93b3JrZmxvd3Mvb25lc2RrNjQzND9hcGktdmVyc2lvbj0yMDE2LTA2LTAx",
      "RequestMethod": "PUT",
      "RequestBody": "{\r\n  \"properties\": {\r\n    \"state\": \"Enabled\",\r\n    \"definition\": {\r\n      \"$schema\": \"http://schema.management.azure.com/providers/Microsoft.Logic/schemas/2015-08-01-preview/workflowdefinition.json#\",\r\n      \"contentVersion\": \"1.0.0.0\",\r\n      \"parameters\": {\r\n        \"runworkflowmanually\": {\r\n          \"defaultValue\": false,\r\n          \"type\": \"bool\"\r\n        }\r\n      },\r\n      \"triggers\": {\r\n        \"httpTrigger\": {\r\n          \"type\": \"Http\",\r\n          \"inputs\": {\r\n            \"method\": \"GET\",\r\n            \"uri\": \"http://www.bing.com\"\r\n          },\r\n          \"recurrence\": {\r\n            \"frequency\": \"Hour\",\r\n            \"interval\": 1\r\n          },\r\n          \"conditions\": [\r\n            {\r\n              \"expression\": \"@bool('true')\"\r\n            }\r\n          ]\r\n        },\r\n        \"manualTrigger\": {\r\n          \"type\": \"Manual\"\r\n        }\r\n      },\r\n      \"actions\": {\r\n        \"http\": {\r\n          \"type\": \"Http\",\r\n          \"inputs\": {\r\n            \"method\": \"GET\",\r\n            \"uri\": \"http://www.bing.com\"\r\n          },\r\n          \"conditions\": [\r\n            {\r\n              \"expression\": \"@bool('true')\"\r\n            }\r\n          ]\r\n        },\r\n        \"http1\": {\r\n          \"type\": \"Http\",\r\n          \"inputs\": {\r\n            \"method\": \"GET\",\r\n            \"uri\": \"http://www.bing.com\"\r\n          },\r\n          \"conditions\": [\r\n            {\r\n              \"expression\": \"@bool('true')\"\r\n            }\r\n          ]\r\n        }\r\n      },\r\n      \"outputs\": {\r\n        \"output1\": {\r\n          \"type\": \"string\",\r\n          \"value\": \"true\"\r\n        }\r\n      }\r\n    }\r\n  },\r\n  \"location\": \"westus\"\r\n}",
      "RequestHeaders": {
        "Content-Type": [
          "application/json; charset=utf-8"
        ],
        "Content-Length": [
          "1615"
        ],
        "x-ms-client-request-id": [
          "564e0ea2-2007-4ff6-b5d1-56c175986b82"
        ],
        "accept-language": [
          "en-US"
        ],
        "User-Agent": [
          "Microsoft.Azure.Management.Logic.LogicManagementClient/0.2.2.0"
        ]
      },
      "ResponseBody": "{\r\n  \"properties\": {\r\n    \"provisioningState\": \"Succeeded\",\r\n    \"createdTime\": \"2016-07-26T00:16:24.5758415Z\",\r\n    \"changedTime\": \"2016-07-26T00:16:24.5758415Z\",\r\n    \"state\": \"Enabled\",\r\n    \"version\": \"08587321147010145825\",\r\n    \"accessEndpoint\": \"https://prod-08.westus.logic.azure.com:443/workflows/399225bc260849e5873b06024646b3fd\",\r\n    \"definition\": {\r\n      \"$schema\": \"http://schema.management.azure.com/providers/Microsoft.Logic/schemas/2015-08-01-preview/workflowdefinition.json#\",\r\n      \"contentVersion\": \"1.0.0.0\",\r\n      \"parameters\": {\r\n        \"runworkflowmanually\": {\r\n          \"defaultValue\": false,\r\n          \"type\": \"Bool\"\r\n        }\r\n      },\r\n      \"triggers\": {\r\n        \"httpTrigger\": {\r\n          \"recurrence\": {\r\n            \"frequency\": \"Hour\",\r\n            \"interval\": 1\r\n          },\r\n          \"type\": \"Http\",\r\n          \"inputs\": {\r\n            \"method\": \"GET\",\r\n            \"uri\": \"http://www.bing.com\"\r\n          },\r\n          \"conditions\": [\r\n            {\r\n              \"expression\": \"@bool('true')\"\r\n            }\r\n          ]\r\n        },\r\n        \"manualTrigger\": {\r\n          \"type\": \"Manual\"\r\n        }\r\n      },\r\n      \"actions\": {\r\n        \"http\": {\r\n          \"type\": \"Http\",\r\n          \"inputs\": {\r\n            \"method\": \"GET\",\r\n            \"uri\": \"http://www.bing.com\"\r\n          },\r\n          \"conditions\": [\r\n            {\r\n              \"expression\": \"@bool('true')\"\r\n            }\r\n          ]\r\n        },\r\n        \"http1\": {\r\n          \"type\": \"Http\",\r\n          \"inputs\": {\r\n            \"method\": \"GET\",\r\n            \"uri\": \"http://www.bing.com\"\r\n          },\r\n          \"conditions\": [\r\n            {\r\n              \"expression\": \"@bool('true')\"\r\n            }\r\n          ]\r\n        }\r\n      },\r\n      \"outputs\": {\r\n        \"output1\": {\r\n          \"type\": \"String\",\r\n          \"value\": \"true\"\r\n        }\r\n      }\r\n    },\r\n    \"parameters\": {}\r\n  },\r\n  \"id\": \"/subscriptions/5250dd92-b580-46be-b327-e6596c8de196/resourceGroups/onesdk3316/providers/Microsoft.Logic/workflows/onesdk6434\",\r\n  \"name\": \"onesdk6434\",\r\n  \"type\": \"Microsoft.Logic/workflows\",\r\n  \"location\": \"westus\"\r\n}",
      "ResponseHeaders": {
        "Content-Length": [
          "1296"
        ],
        "Content-Type": [
          "application/json; charset=utf-8"
        ],
        "Expires": [
          "-1"
        ],
        "Pragma": [
          "no-cache"
        ],
        "x-ms-request-id": [
          "westus:c0c455c8-6d07-4870-93a5-588da0e90805"
        ],
        "Strict-Transport-Security": [
          "max-age=31536000; includeSubDomains"
        ],
        "x-ms-ratelimit-remaining-subscription-writes": [
          "1194"
        ],
        "x-ms-correlation-request-id": [
          "ed47890b-5303-4b72-8525-07156150217e"
        ],
        "x-ms-routing-request-id": [
          "CENTRALUS:20160726T001625Z:ed47890b-5303-4b72-8525-07156150217e"
        ],
        "Cache-Control": [
          "no-cache"
        ],
        "Date": [
          "Tue, 26 Jul 2016 00:16:24 GMT"
        ]
      },
      "StatusCode": 201
    },
    {
      "RequestUri": "/subscriptions/5250dd92-b580-46be-b327-e6596c8de196/resourceGroups/onesdk3316/providers/Microsoft.Logic/workflows/onesdk6434/triggers/manualTrigger?api-version=2016-06-01",
      "EncodedRequestUri": "L3N1YnNjcmlwdGlvbnMvNTI1MGRkOTItYjU4MC00NmJlLWIzMjctZTY1OTZjOGRlMTk2L3Jlc291cmNlR3JvdXBzL29uZXNkazMzMTYvcHJvdmlkZXJzL01pY3Jvc29mdC5Mb2dpYy93b3JrZmxvd3Mvb25lc2RrNjQzNC90cmlnZ2Vycy9tYW51YWxUcmlnZ2VyP2FwaS12ZXJzaW9uPTIwMTYtMDYtMDE=",
      "RequestMethod": "GET",
      "RequestBody": "",
      "RequestHeaders": {
        "x-ms-client-request-id": [
          "be2ea999-dbf1-4440-b9e4-13cefe4788d4"
        ],
        "accept-language": [
          "en-US"
        ],
        "User-Agent": [
          "Microsoft.Azure.Management.Logic.LogicManagementClient/0.2.2.0"
        ]
      },
      "ResponseBody": "{\r\n  \"properties\": {\r\n    \"provisioningState\": \"Succeeded\",\r\n    \"createdTime\": \"2016-07-26T00:16:24.5758415Z\",\r\n    \"changedTime\": \"2016-07-26T00:16:24.5761119Z\",\r\n    \"state\": \"Enabled\",\r\n    \"workflow\": {\r\n      \"name\": \"onesdk6434/08587321147010145825\",\r\n      \"id\": \"/subscriptions/5250dd92-b580-46be-b327-e6596c8de196/resourceGroups/onesdk3316/providers/Microsoft.Logic/workflows/onesdk6434/versions/08587321147010145825\",\r\n      \"type\": \"Microsoft.Logic/workflows/versions\"\r\n    }\r\n  },\r\n  \"id\": \"/subscriptions/5250dd92-b580-46be-b327-e6596c8de196/resourceGroups/onesdk3316/providers/Microsoft.Logic/workflows/onesdk6434/triggers/manualTrigger\",\r\n  \"name\": \"manualTrigger\",\r\n  \"type\": \"Microsoft.Logic/workflows/triggers\"\r\n}",
      "ResponseHeaders": {
        "Content-Length": [
          "638"
        ],
        "Content-Type": [
          "application/json; charset=utf-8"
        ],
        "Expires": [
          "-1"
        ],
        "Pragma": [
          "no-cache"
        ],
        "Vary": [
          "Accept-Encoding"
        ],
        "x-ms-request-id": [
          "westus:26786ae5-073e-4e71-b22a-592fc48abff9"
        ],
        "Strict-Transport-Security": [
          "max-age=31536000; includeSubDomains"
        ],
        "x-ms-ratelimit-remaining-subscription-reads": [
          "14883"
        ],
        "x-ms-correlation-request-id": [
          "c5ae4e18-062f-4020-9db5-8a553aec8fac"
        ],
        "x-ms-routing-request-id": [
          "CENTRALUS:20160726T001627Z:c5ae4e18-062f-4020-9db5-8a553aec8fac"
        ],
        "Cache-Control": [
          "no-cache"
        ],
        "Date": [
          "Tue, 26 Jul 2016 00:16:27 GMT"
        ]
      },
      "StatusCode": 200
    }
  ],
  "Names": {
    "Test-GetAzureLogicAppTriggerCallbackUrl": [
      "onesdk3316",
      "onesdk6434"
    ]
  },
  "Variables": {
    "SubscriptionId": "5250dd92-b580-46be-b327-e6596c8de196"
  }
}