{
  "Entries": [
    {
      "RequestUri": "/subscriptions/f34b22a3-2202-4fb1-b040-1332bd928c84/resourcegroups/ps7953?api-version=2016-09-01",
      "EncodedRequestUri": "L3N1YnNjcmlwdGlvbnMvZjM0YjIyYTMtMjIwMi00ZmIxLWIwNDAtMTMzMmJkOTI4Yzg0L3Jlc291cmNlZ3JvdXBzL3BzNzk1Mz9hcGktdmVyc2lvbj0yMDE2LTA5LTAx",
      "RequestMethod": "PUT",
      "RequestBody": "{\r\n  \"location\": \"West US\"\r\n}",
      "RequestHeaders": {
        "Content-Type": [
          "application/json; charset=utf-8"
        ],
        "Content-Length": [
          "29"
        ],
        "x-ms-client-request-id": [
          "aa6728f4-d76a-47e8-976a-4eef7887fa95"
        ],
        "accept-language": [
          "en-US"
        ],
        "User-Agent": [
          "FxVersion/4.7.3190.0",
          "OSName/Windows10Enterprise",
          "OSVersion/6.3.17763",
          "Microsoft.Azure.Management.Internal.Resources.ResourceManagementClient/4.1.0"
        ]
      },
      "ResponseBody": "{\r\n  \"id\": \"/subscriptions/f34b22a3-2202-4fb1-b040-1332bd928c84/resourceGroups/ps7953\",\r\n  \"name\": \"ps7953\",\r\n  \"location\": \"westus\",\r\n  \"properties\": {\r\n    \"provisioningState\": \"Succeeded\"\r\n  }\r\n}",
      "ResponseHeaders": {
        "Content-Length": [
          "165"
        ],
        "Content-Type": [
          "application/json; charset=utf-8"
        ],
        "Expires": [
          "-1"
        ],
        "Pragma": [
          "no-cache"
        ],
        "x-ms-ratelimit-remaining-subscription-writes": [
          "1196"
        ],
        "x-ms-request-id": [
          "e61b4ac3-4600-4896-b95d-4c36f8c84df4"
        ],
        "x-ms-correlation-request-id": [
          "e61b4ac3-4600-4896-b95d-4c36f8c84df4"
        ],
        "x-ms-routing-request-id": [
          "WESTUS2:20181030T211258Z:e61b4ac3-4600-4896-b95d-4c36f8c84df4"
        ],
        "Strict-Transport-Security": [
          "max-age=31536000; includeSubDomains"
        ],
        "X-Content-Type-Options": [
          "nosniff"
        ],
        "Cache-Control": [
          "no-cache"
        ],
        "Date": [
          "Tue, 30 Oct 2018 21:12:58 GMT"
        ]
      },
      "StatusCode": 201
    },
    {
      "RequestUri": "/subscriptions/f34b22a3-2202-4fb1-b040-1332bd928c84/resourceGroups/ps7953/providers/Microsoft.Logic/workflows/ps532?api-version=2018-07-01-preview",
      "EncodedRequestUri": "L3N1YnNjcmlwdGlvbnMvZjM0YjIyYTMtMjIwMi00ZmIxLWIwNDAtMTMzMmJkOTI4Yzg0L3Jlc291cmNlR3JvdXBzL3BzNzk1My9wcm92aWRlcnMvTWljcm9zb2Z0LkxvZ2ljL3dvcmtmbG93cy9wczUzMj9hcGktdmVyc2lvbj0yMDE4LTA3LTAxLXByZXZpZXc=",
      "RequestMethod": "GET",
      "RequestBody": "",
      "RequestHeaders": {
        "x-ms-client-request-id": [
          "44214196-6512-4db9-8b6a-427cdec9e233"
        ],
        "accept-language": [
          "en-US"
        ],
        "User-Agent": [
          "FxVersion/4.7.3190.0",
          "OSName/Windows10Enterprise",
          "OSVersion/6.3.17763",
          "Microsoft.Azure.Management.Logic.LogicManagementClient/4.0.0.0"
        ]
      },
      "ResponseBody": "{\r\n  \"error\": {\r\n    \"code\": \"ResourceNotFound\",\r\n    \"message\": \"The Resource 'Microsoft.Logic/workflows/ps532' under resource group 'ps7953' was not found.\"\r\n  }\r\n}",
      "ResponseHeaders": {
        "Content-Length": [
          "141"
        ],
        "Content-Type": [
          "application/json; charset=utf-8"
        ],
        "Expires": [
          "-1"
        ],
        "Pragma": [
          "no-cache"
        ],
        "x-ms-failure-cause": [
          "gateway"
        ],
        "x-ms-request-id": [
          "c4154516-600d-4f92-9dfe-904a42714635"
        ],
        "x-ms-correlation-request-id": [
          "c4154516-600d-4f92-9dfe-904a42714635"
        ],
        "x-ms-routing-request-id": [
          "WESTUS2:20181030T211321Z:c4154516-600d-4f92-9dfe-904a42714635"
        ],
        "Strict-Transport-Security": [
          "max-age=31536000; includeSubDomains"
        ],
        "X-Content-Type-Options": [
          "nosniff"
        ],
        "Cache-Control": [
          "no-cache"
        ],
        "Date": [
          "Tue, 30 Oct 2018 21:13:20 GMT"
        ]
      },
      "StatusCode": 404
    },
    {
      "RequestUri": "/subscriptions/f34b22a3-2202-4fb1-b040-1332bd928c84/resourceGroups/ps7953/providers/Microsoft.Logic/workflows/ps532?api-version=2018-07-01-preview",
      "EncodedRequestUri": "L3N1YnNjcmlwdGlvbnMvZjM0YjIyYTMtMjIwMi00ZmIxLWIwNDAtMTMzMmJkOTI4Yzg0L3Jlc291cmNlR3JvdXBzL3BzNzk1My9wcm92aWRlcnMvTWljcm9zb2Z0LkxvZ2ljL3dvcmtmbG93cy9wczUzMj9hcGktdmVyc2lvbj0yMDE4LTA3LTAxLXByZXZpZXc=",
      "RequestMethod": "GET",
      "RequestBody": "",
      "RequestHeaders": {
        "x-ms-client-request-id": [
          "4e73a809-005b-4397-ad4b-5c24ece72bf9"
        ],
        "accept-language": [
          "en-US"
        ],
        "User-Agent": [
          "FxVersion/4.7.3190.0",
          "OSName/Windows10Enterprise",
          "OSVersion/6.3.17763",
          "Microsoft.Azure.Management.Logic.LogicManagementClient/4.0.0.0"
        ]
      },
      "ResponseBody": "{\r\n  \"properties\": {\r\n    \"provisioningState\": \"Succeeded\",\r\n    \"createdTime\": \"2018-10-30T21:13:21.5535274Z\",\r\n    \"changedTime\": \"2018-10-30T21:13:21.5458158Z\",\r\n    \"state\": \"Enabled\",\r\n    \"version\": \"08586606728840250905\",\r\n    \"accessEndpoint\": \"https://prod-55.westus.logic.azure.com:443/workflows/0ff860e0e0064e85b7c8dde8cbc7bbb9\",\r\n    \"definition\": {\r\n      \"$schema\": \"http://schema.management.azure.com/providers/Microsoft.Logic/schemas/2015-08-01-preview/workflowdefinition.json#\",\r\n      \"contentVersion\": \"1.0.0.0\",\r\n      \"parameters\": {\r\n        \"runworkflowmanually\": {\r\n          \"defaultValue\": false,\r\n          \"type\": \"Bool\"\r\n        }\r\n      },\r\n      \"triggers\": {\r\n        \"httpTrigger\": {\r\n          \"recurrence\": {\r\n            \"frequency\": \"Hour\",\r\n            \"interval\": 1\r\n          },\r\n          \"type\": \"Http\",\r\n          \"inputs\": {\r\n            \"method\": \"GET\",\r\n            \"uri\": \"http://www.bing.com\"\r\n          },\r\n          \"conditions\": [\r\n            {\r\n              \"expression\": \"@bool('true')\"\r\n            }\r\n          ]\r\n        },\r\n        \"manualTrigger\": {\r\n          \"type\": \"Manual\"\r\n        }\r\n      },\r\n      \"actions\": {\r\n        \"http\": {\r\n          \"type\": \"Http\",\r\n          \"inputs\": {\r\n            \"method\": \"GET\",\r\n            \"uri\": \"http://www.bing.com\"\r\n          },\r\n          \"conditions\": [\r\n            {\r\n              \"expression\": \"@bool('true')\"\r\n            }\r\n          ]\r\n        },\r\n        \"http1\": {\r\n          \"type\": \"Http\",\r\n          \"inputs\": {\r\n            \"method\": \"GET\",\r\n            \"uri\": \"http://www.bing.com\"\r\n          },\r\n          \"conditions\": [\r\n            {\r\n              \"expression\": \"@bool('true')\"\r\n            }\r\n          ]\r\n        }\r\n      },\r\n      \"outputs\": {\r\n        \"output1\": {\r\n          \"type\": \"String\",\r\n          \"value\": \"true\"\r\n        }\r\n      }\r\n    },\r\n    \"parameters\": {},\r\n    \"endpointsConfiguration\": {\r\n      \"workflow\": {\r\n        \"outgoingIpAddresses\": [\r\n          {\r\n            \"address\": \"52.160.92.112\"\r\n          },\r\n          {\r\n            \"address\": \"40.118.244.241\"\r\n          },\r\n          {\r\n            \"address\": \"40.118.241.243\"\r\n          },\r\n          {\r\n            \"address\": \"157.56.162.53\"\r\n          },\r\n          {\r\n            \"address\": \"157.56.167.147\"\r\n          },\r\n          {\r\n            \"address\": \"104.42.49.145\"\r\n          },\r\n          {\r\n            \"address\": \"40.83.164.80\"\r\n          },\r\n          {\r\n            \"address\": \"104.42.38.32\"\r\n          }\r\n        ],\r\n        \"accessEndpointIpAddresses\": [\r\n          {\r\n            \"address\": \"52.160.90.237\"\r\n          },\r\n          {\r\n            \"address\": \"138.91.188.137\"\r\n          },\r\n          {\r\n            \"address\": \"13.91.252.184\"\r\n          },\r\n          {\r\n            \"address\": \"157.56.160.212 \"\r\n          }\r\n        ]\r\n      },\r\n      \"connector\": {\r\n        \"outgoingIpAddresses\": [\r\n          {\r\n            \"address\": \"104.40.51.248\"\r\n          }\r\n        ]\r\n      }\r\n    }\r\n  },\r\n  \"id\": \"/subscriptions/f34b22a3-2202-4fb1-b040-1332bd928c84/resourceGroups/ps7953/providers/Microsoft.Logic/workflows/ps532\",\r\n  \"name\": \"ps532\",\r\n  \"type\": \"Microsoft.Logic/workflows\",\r\n  \"location\": \"westus\"\r\n}",
      "ResponseHeaders": {
        "Content-Length": [
          "1782"
        ],
        "Content-Type": [
          "application/json; charset=utf-8"
        ],
        "Expires": [
          "-1"
        ],
        "Pragma": [
          "no-cache"
        ],
        "Vary": [
          "Accept-Encoding"
        ],
        "x-ms-request-id": [
          "westus:a834e180-67d1-4718-aa87-d7cd915ea14b"
        ],
        "Strict-Transport-Security": [
          "max-age=31536000; includeSubDomains"
        ],
        "x-ms-ratelimit-remaining-subscription-resource-requests": [
          "19998"
        ],
        "x-ms-correlation-request-id": [
          "e1a365d5-0016-43a9-9483-d23ac89350c6"
        ],
        "x-ms-routing-request-id": [
          "WESTUS2:20181030T211323Z:e1a365d5-0016-43a9-9483-d23ac89350c6"
        ],
        "X-Content-Type-Options": [
          "nosniff"
        ],
        "Cache-Control": [
          "no-cache"
        ],
        "Date": [
          "Tue, 30 Oct 2018 21:13:23 GMT"
        ]
      },
      "StatusCode": 200
    },
    {
      "RequestUri": "/subscriptions/f34b22a3-2202-4fb1-b040-1332bd928c84/resourceGroups/ps7953/providers/Microsoft.Logic/workflows/ps532?api-version=2018-07-01-preview",
      "EncodedRequestUri": "L3N1YnNjcmlwdGlvbnMvZjM0YjIyYTMtMjIwMi00ZmIxLWIwNDAtMTMzMmJkOTI4Yzg0L3Jlc291cmNlR3JvdXBzL3BzNzk1My9wcm92aWRlcnMvTWljcm9zb2Z0LkxvZ2ljL3dvcmtmbG93cy9wczUzMj9hcGktdmVyc2lvbj0yMDE4LTA3LTAxLXByZXZpZXc=",
      "RequestMethod": "PUT",
      "RequestBody": "{\r\n  \"properties\": {\r\n    \"state\": \"Enabled\",\r\n    \"definition\": {\r\n      \"$schema\": \"http://schema.management.azure.com/providers/Microsoft.Logic/schemas/2015-08-01-preview/workflowdefinition.json#\",\r\n      \"contentVersion\": \"1.0.0.0\",\r\n      \"parameters\": {\r\n        \"runworkflowmanually\": {\r\n          \"defaultValue\": false,\r\n          \"type\": \"bool\"\r\n        }\r\n      },\r\n      \"triggers\": {\r\n        \"httpTrigger\": {\r\n          \"type\": \"Http\",\r\n          \"inputs\": {\r\n            \"method\": \"GET\",\r\n            \"uri\": \"http://www.bing.com\"\r\n          },\r\n          \"recurrence\": {\r\n            \"frequency\": \"Hour\",\r\n            \"interval\": 1\r\n          },\r\n          \"conditions\": [\r\n            {\r\n              \"expression\": \"@bool('true')\"\r\n            }\r\n          ]\r\n        },\r\n        \"manualTrigger\": {\r\n          \"type\": \"Manual\"\r\n        }\r\n      },\r\n      \"actions\": {\r\n        \"http\": {\r\n          \"type\": \"Http\",\r\n          \"inputs\": {\r\n            \"method\": \"GET\",\r\n            \"uri\": \"http://www.bing.com\"\r\n          },\r\n          \"conditions\": [\r\n            {\r\n              \"expression\": \"@bool('true')\"\r\n            }\r\n          ]\r\n        },\r\n        \"http1\": {\r\n          \"type\": \"Http\",\r\n          \"inputs\": {\r\n            \"method\": \"GET\",\r\n            \"uri\": \"http://www.bing.com\"\r\n          },\r\n          \"conditions\": [\r\n            {\r\n              \"expression\": \"@bool('true')\"\r\n            }\r\n          ]\r\n        }\r\n      },\r\n      \"outputs\": {\r\n        \"output1\": {\r\n          \"type\": \"string\",\r\n          \"value\": \"true\"\r\n        }\r\n      }\r\n    }\r\n  },\r\n  \"location\": \"westus\"\r\n}",
      "RequestHeaders": {
        "Content-Type": [
          "application/json; charset=utf-8"
        ],
        "Content-Length": [
          "1615"
        ],
        "x-ms-client-request-id": [
          "e842bbc9-9c78-494b-af46-15e6431c8b2c"
        ],
        "accept-language": [
          "en-US"
        ],
        "User-Agent": [
          "FxVersion/4.7.3190.0",
          "OSName/Windows10Enterprise",
          "OSVersion/6.3.17763",
          "Microsoft.Azure.Management.Logic.LogicManagementClient/4.0.0.0"
        ]
      },
      "ResponseBody": "{\r\n  \"properties\": {\r\n    \"provisioningState\": \"Succeeded\",\r\n    \"createdTime\": \"2018-10-30T21:13:21.5535274Z\",\r\n    \"changedTime\": \"2018-10-30T21:13:21.5458158Z\",\r\n    \"state\": \"Enabled\",\r\n    \"version\": \"08586606728840250905\",\r\n    \"accessEndpoint\": \"https://prod-55.westus.logic.azure.com:443/workflows/0ff860e0e0064e85b7c8dde8cbc7bbb9\",\r\n    \"definition\": {\r\n      \"$schema\": \"http://schema.management.azure.com/providers/Microsoft.Logic/schemas/2015-08-01-preview/workflowdefinition.json#\",\r\n      \"contentVersion\": \"1.0.0.0\",\r\n      \"parameters\": {\r\n        \"runworkflowmanually\": {\r\n          \"defaultValue\": false,\r\n          \"type\": \"Bool\"\r\n        }\r\n      },\r\n      \"triggers\": {\r\n        \"httpTrigger\": {\r\n          \"recurrence\": {\r\n            \"frequency\": \"Hour\",\r\n            \"interval\": 1\r\n          },\r\n          \"type\": \"Http\",\r\n          \"inputs\": {\r\n            \"method\": \"GET\",\r\n            \"uri\": \"http://www.bing.com\"\r\n          },\r\n          \"conditions\": [\r\n            {\r\n              \"expression\": \"@bool('true')\"\r\n            }\r\n          ]\r\n        },\r\n        \"manualTrigger\": {\r\n          \"type\": \"Manual\"\r\n        }\r\n      },\r\n      \"actions\": {\r\n        \"http\": {\r\n          \"type\": \"Http\",\r\n          \"inputs\": {\r\n            \"method\": \"GET\",\r\n            \"uri\": \"http://www.bing.com\"\r\n          },\r\n          \"conditions\": [\r\n            {\r\n              \"expression\": \"@bool('true')\"\r\n            }\r\n          ]\r\n        },\r\n        \"http1\": {\r\n          \"type\": \"Http\",\r\n          \"inputs\": {\r\n            \"method\": \"GET\",\r\n            \"uri\": \"http://www.bing.com\"\r\n          },\r\n          \"conditions\": [\r\n            {\r\n              \"expression\": \"@bool('true')\"\r\n            }\r\n          ]\r\n        }\r\n      },\r\n      \"outputs\": {\r\n        \"output1\": {\r\n          \"type\": \"String\",\r\n          \"value\": \"true\"\r\n        }\r\n      }\r\n    },\r\n    \"parameters\": {},\r\n    \"endpointsConfiguration\": {\r\n      \"workflow\": {\r\n        \"outgoingIpAddresses\": [\r\n          {\r\n            \"address\": \"52.160.92.112\"\r\n          },\r\n          {\r\n            \"address\": \"40.118.244.241\"\r\n          },\r\n          {\r\n            \"address\": \"40.118.241.243\"\r\n          },\r\n          {\r\n            \"address\": \"157.56.162.53\"\r\n          },\r\n          {\r\n            \"address\": \"157.56.167.147\"\r\n          },\r\n          {\r\n            \"address\": \"104.42.49.145\"\r\n          },\r\n          {\r\n            \"address\": \"40.83.164.80\"\r\n          },\r\n          {\r\n            \"address\": \"104.42.38.32\"\r\n          }\r\n        ],\r\n        \"accessEndpointIpAddresses\": [\r\n          {\r\n            \"address\": \"52.160.90.237\"\r\n          },\r\n          {\r\n            \"address\": \"138.91.188.137\"\r\n          },\r\n          {\r\n            \"address\": \"13.91.252.184\"\r\n          },\r\n          {\r\n            \"address\": \"157.56.160.212 \"\r\n          }\r\n        ]\r\n      },\r\n      \"connector\": {\r\n        \"outgoingIpAddresses\": [\r\n          {\r\n            \"address\": \"104.40.51.248\"\r\n          }\r\n        ]\r\n      }\r\n    }\r\n  },\r\n  \"id\": \"/subscriptions/f34b22a3-2202-4fb1-b040-1332bd928c84/resourceGroups/ps7953/providers/Microsoft.Logic/workflows/ps532\",\r\n  \"name\": \"ps532\",\r\n  \"type\": \"Microsoft.Logic/workflows\",\r\n  \"location\": \"westus\"\r\n}",
      "ResponseHeaders": {
        "Content-Length": [
          "1782"
        ],
        "Content-Type": [
          "application/json; charset=utf-8"
        ],
        "Expires": [
          "-1"
        ],
        "Pragma": [
          "no-cache"
        ],
        "x-ms-request-id": [
          "westus:986524b5-144d-4657-ac7d-1e16439ba94e"
        ],
        "Strict-Transport-Security": [
          "max-age=31536000; includeSubDomains"
        ],
        "x-ms-ratelimit-remaining-subscription-writes": [
          "1194"
        ],
        "x-ms-correlation-request-id": [
          "2fdccac7-890f-4174-a6b7-057da630403e"
        ],
        "x-ms-routing-request-id": [
          "WESTUS2:20181030T211321Z:2fdccac7-890f-4174-a6b7-057da630403e"
        ],
        "X-Content-Type-Options": [
          "nosniff"
        ],
        "Cache-Control": [
          "no-cache"
        ],
        "Date": [
          "Tue, 30 Oct 2018 21:13:21 GMT"
        ]
      },
      "StatusCode": 201
    },
    {
      "RequestUri": "/subscriptions/f34b22a3-2202-4fb1-b040-1332bd928c84/resourceGroups/ps7953/providers/Microsoft.Logic/workflows/ps532/triggers/httpTrigger/run?api-version=2018-07-01-preview",
      "EncodedRequestUri": "L3N1YnNjcmlwdGlvbnMvZjM0YjIyYTMtMjIwMi00ZmIxLWIwNDAtMTMzMmJkOTI4Yzg0L3Jlc291cmNlR3JvdXBzL3BzNzk1My9wcm92aWRlcnMvTWljcm9zb2Z0LkxvZ2ljL3dvcmtmbG93cy9wczUzMi90cmlnZ2Vycy9odHRwVHJpZ2dlci9ydW4/YXBpLXZlcnNpb249MjAxOC0wNy0wMS1wcmV2aWV3",
      "RequestMethod": "POST",
      "RequestBody": "",
      "RequestHeaders": {
        "x-ms-client-request-id": [
          "1f9dd54e-0855-4099-81bc-86babff888db"
        ],
        "accept-language": [
          "en-US"
        ],
        "User-Agent": [
          "FxVersion/4.7.3190.0",
          "OSName/Windows10Enterprise",
          "OSVersion/6.3.17763",
          "Microsoft.Azure.Management.Logic.LogicManagementClient/4.0.0.0"
        ]
      },
      "ResponseBody": "",
      "ResponseHeaders": {
        "Content-Length": [
          "0"
        ],
        "Expires": [
          "-1"
        ],
        "Pragma": [
          "no-cache"
        ],
        "x-ms-request-id": [
          "westus:38998570-4706-47c0-93c4-ff08ac347766"
        ],
        "Strict-Transport-Security": [
          "max-age=31536000; includeSubDomains"
        ],
        "x-ms-ratelimit-remaining-subscription-resource-requests": [
          "4999"
        ],
        "x-ms-correlation-request-id": [
          "f086881a-3e54-420b-89f5-a7d66c5706f8"
        ],
        "x-ms-routing-request-id": [
          "WESTUS2:20181030T211324Z:f086881a-3e54-420b-89f5-a7d66c5706f8"
        ],
        "X-Content-Type-Options": [
          "nosniff"
        ],
        "Cache-Control": [
          "no-cache"
        ],
        "Date": [
          "Tue, 30 Oct 2018 21:13:23 GMT"
        ]
      },
      "StatusCode": 200
    },
    {
      "RequestUri": "/subscriptions/f34b22a3-2202-4fb1-b040-1332bd928c84/resourceGroups/ps7953/providers/Microsoft.Logic/workflows/ps532/triggers/httpTrigger/histories?api-version=2018-07-01-preview",
      "EncodedRequestUri": "L3N1YnNjcmlwdGlvbnMvZjM0YjIyYTMtMjIwMi00ZmIxLWIwNDAtMTMzMmJkOTI4Yzg0L3Jlc291cmNlR3JvdXBzL3BzNzk1My9wcm92aWRlcnMvTWljcm9zb2Z0LkxvZ2ljL3dvcmtmbG93cy9wczUzMi90cmlnZ2Vycy9odHRwVHJpZ2dlci9oaXN0b3JpZXM/YXBpLXZlcnNpb249MjAxOC0wNy0wMS1wcmV2aWV3",
      "RequestMethod": "GET",
      "RequestBody": "",
      "RequestHeaders": {
        "x-ms-client-request-id": [
          "3516bb48-5911-4f43-9a4a-be35db981f01"
        ],
        "accept-language": [
          "en-US"
        ],
        "User-Agent": [
          "FxVersion/4.7.3190.0",
          "OSName/Windows10Enterprise",
          "OSVersion/6.3.17763",
          "Microsoft.Azure.Management.Logic.LogicManagementClient/4.0.0.0"
        ]
      },
      "ResponseBody": "{\r\n  \"value\": [\r\n    {\r\n      \"properties\": {\r\n        \"startTime\": \"2018-10-30T21:13:21.9056237Z\",\r\n        \"endTime\": \"2018-10-30T21:13:22.1386168Z\",\r\n        \"scheduledTime\": \"2018-10-30T21:13:21.7649867Z\",\r\n        \"status\": \"Succeeded\",\r\n        \"code\": \"OK\",\r\n        \"correlation\": {\r\n          \"clientTrackingId\": \"08586606728835594461274395825CU80\"\r\n        },\r\n        \"inputsLink\": {\r\n          \"uri\": \"https://prod-55.westus.logic.azure.com:443/workflows/0ff860e0e0064e85b7c8dde8cbc7bbb9/triggers/httpTrigger/histories/08586606728835594461274395825CU80/contents/TriggerInputs?api-version=2018-07-01-preview&se=2018-10-31T01%3A00%3A00.0000000Z&sp=%2Ftriggers%2FhttpTrigger%2Fhistories%2F08586606728835594461274395825CU80%2Fcontents%2FTriggerInputs%2Fread&sv=1.0&sig=V3RpDVL-RLSZIHtW9vYY7yIAwctyUg3Emh0ETljjPIg\",\r\n          \"contentSize\": 44\r\n        },\r\n        \"outputsLink\": {\r\n          \"uri\": \"https://prod-55.westus.logic.azure.com:443/workflows/0ff860e0e0064e85b7c8dde8cbc7bbb9/triggers/httpTrigger/histories/08586606728835594461274395825CU80/contents/TriggerOutputs?api-version=2018-07-01-preview&se=2018-10-31T01%3A00%3A00.0000000Z&sp=%2Ftriggers%2FhttpTrigger%2Fhistories%2F08586606728835594461274395825CU80%2Fcontents%2FTriggerOutputs%2Fread&sv=1.0&sig=1IxLcvK85TFKl_GBKy39kXACHH_2dGTbG9ILHY5Go0k\",\r\n          \"contentSize\": 125139\r\n        },\r\n        \"fired\": true,\r\n        \"run\": {\r\n          \"name\": \"08586606728835594461274395825CU80\",\r\n          \"id\": \"/subscriptions/f34b22a3-2202-4fb1-b040-1332bd928c84/resourceGroups/ps7953/providers/Microsoft.Logic/workflows/ps532/runs/08586606728835594461274395825CU80\",\r\n          \"type\": \"Microsoft.Logic/workflows/runs\"\r\n        },\r\n        \"workflow\": {\r\n          \"id\": \"/subscriptions/f34b22a3-2202-4fb1-b040-1332bd928c84/resourceGroups/ps7953/providers/Microsoft.Logic/workflows/ps532/versions/08586606728840250905\",\r\n          \"name\": \"08586606728840250905\",\r\n          \"type\": \"Microsoft.Logic/workflows/versions\"\r\n        }\r\n      },\r\n      \"id\": \"/subscriptions/f34b22a3-2202-4fb1-b040-1332bd928c84/resourceGroups/ps7953/providers/Microsoft.Logic/workflows/ps532/triggers/httpTrigger/histories/08586606728835594461274395825CU80\",\r\n      \"name\": \"08586606728835594461274395825CU80\",\r\n      \"type\": \"Microsoft.Logic/workflows/triggers/histories\"\r\n    }\r\n  ]\r\n}",
      "ResponseHeaders": {
        "Content-Length": [
          "1955"
        ],
        "Content-Type": [
          "application/json; charset=utf-8"
        ],
        "Expires": [
          "-1"
        ],
        "Pragma": [
          "no-cache"
        ],
        "Vary": [
          "Accept-Encoding"
        ],
        "x-ms-request-id": [
          "westus:9dc01c07-146b-499d-8e03-0c64c3a373a0"
        ],
        "Strict-Transport-Security": [
          "max-age=31536000; includeSubDomains"
        ],
        "x-ms-ratelimit-remaining-subscription-resource-requests": [
          "19999"
        ],
        "x-ms-correlation-request-id": [
          "37c95036-9e51-4d30-9acc-90ba05de213b"
        ],
        "x-ms-routing-request-id": [
          "WESTUS2:20181030T211324Z:37c95036-9e51-4d30-9acc-90ba05de213b"
        ],
        "X-Content-Type-Options": [
          "nosniff"
        ],
        "Cache-Control": [
          "no-cache"
        ],
        "Date": [
          "Tue, 30 Oct 2018 21:13:23 GMT"
        ]
      },
      "StatusCode": 200
    },
    {
      "RequestUri": "/subscriptions/f34b22a3-2202-4fb1-b040-1332bd928c84/resourceGroups/ps7953/providers/Microsoft.Logic/workflows/ps532/triggers/httpTrigger/histories/08586606728835594461274395825CU80?api-version=2018-07-01-preview",
      "EncodedRequestUri": "L3N1YnNjcmlwdGlvbnMvZjM0YjIyYTMtMjIwMi00ZmIxLWIwNDAtMTMzMmJkOTI4Yzg0L3Jlc291cmNlR3JvdXBzL3BzNzk1My9wcm92aWRlcnMvTWljcm9zb2Z0LkxvZ2ljL3dvcmtmbG93cy9wczUzMi90cmlnZ2Vycy9odHRwVHJpZ2dlci9oaXN0b3JpZXMvMDg1ODY2MDY3Mjg4MzU1OTQ0NjEyNzQzOTU4MjVDVTgwP2FwaS12ZXJzaW9uPTIwMTgtMDctMDEtcHJldmlldw==",
      "RequestMethod": "GET",
      "RequestBody": "",
      "RequestHeaders": {
        "x-ms-client-request-id": [
          "b78dffde-07cd-4dd5-af33-b573d7f4a957"
        ],
        "accept-language": [
          "en-US"
        ],
        "User-Agent": [
          "FxVersion/4.7.3190.0",
          "OSName/Windows10Enterprise",
          "OSVersion/6.3.17763",
          "Microsoft.Azure.Management.Logic.LogicManagementClient/4.0.0.0"
        ]
      },
      "ResponseBody": "{\r\n  \"properties\": {\r\n    \"startTime\": \"2018-10-30T21:13:21.9056237Z\",\r\n    \"endTime\": \"2018-10-30T21:13:22.1386168Z\",\r\n    \"scheduledTime\": \"2018-10-30T21:13:21.7649867Z\",\r\n    \"status\": \"Succeeded\",\r\n    \"code\": \"OK\",\r\n    \"correlation\": {\r\n      \"clientTrackingId\": \"08586606728835594461274395825CU80\"\r\n    },\r\n    \"inputsLink\": {\r\n      \"uri\": \"https://prod-55.westus.logic.azure.com:443/workflows/0ff860e0e0064e85b7c8dde8cbc7bbb9/triggers/httpTrigger/histories/08586606728835594461274395825CU80/contents/TriggerInputs?api-version=2018-07-01-preview&se=2018-10-31T01%3A00%3A00.0000000Z&sp=%2Ftriggers%2FhttpTrigger%2Fhistories%2F08586606728835594461274395825CU80%2Fcontents%2FTriggerInputs%2Fread&sv=1.0&sig=V3RpDVL-RLSZIHtW9vYY7yIAwctyUg3Emh0ETljjPIg\",\r\n      \"contentSize\": 44\r\n    },\r\n    \"outputsLink\": {\r\n      \"uri\": \"https://prod-55.westus.logic.azure.com:443/workflows/0ff860e0e0064e85b7c8dde8cbc7bbb9/triggers/httpTrigger/histories/08586606728835594461274395825CU80/contents/TriggerOutputs?api-version=2018-07-01-preview&se=2018-10-31T01%3A00%3A00.0000000Z&sp=%2Ftriggers%2FhttpTrigger%2Fhistories%2F08586606728835594461274395825CU80%2Fcontents%2FTriggerOutputs%2Fread&sv=1.0&sig=1IxLcvK85TFKl_GBKy39kXACHH_2dGTbG9ILHY5Go0k\",\r\n      \"contentSize\": 125139\r\n    },\r\n    \"fired\": true,\r\n    \"run\": {\r\n      \"name\": \"08586606728835594461274395825CU80\",\r\n      \"id\": \"/subscriptions/f34b22a3-2202-4fb1-b040-1332bd928c84/resourceGroups/ps7953/providers/Microsoft.Logic/workflows/ps532/runs/08586606728835594461274395825CU80\",\r\n      \"type\": \"Microsoft.Logic/workflows/runs\"\r\n    },\r\n    \"workflow\": {\r\n      \"id\": \"/subscriptions/f34b22a3-2202-4fb1-b040-1332bd928c84/resourceGroups/ps7953/providers/Microsoft.Logic/workflows/ps532/versions/08586606728840250905\",\r\n      \"name\": \"08586606728840250905\",\r\n      \"type\": \"Microsoft.Logic/workflows/versions\"\r\n    }\r\n  },\r\n  \"id\": \"/subscriptions/f34b22a3-2202-4fb1-b040-1332bd928c84/resourceGroups/ps7953/providers/Microsoft.Logic/workflows/ps532/triggers/httpTrigger/histories/08586606728835594461274395825CU80\",\r\n  \"name\": \"08586606728835594461274395825CU80\",\r\n  \"type\": \"Microsoft.Logic/workflows/triggers/histories\"\r\n}",
      "ResponseHeaders": {
        "Content-Length": [
          "1943"
        ],
        "Content-Type": [
          "application/json; charset=utf-8"
        ],
        "Expires": [
          "-1"
        ],
        "Pragma": [
          "no-cache"
        ],
        "Vary": [
          "Accept-Encoding"
        ],
        "x-ms-request-id": [
          "westus:8478a7d8-761d-4e3b-ad52-092299f01ae4"
        ],
        "Strict-Transport-Security": [
          "max-age=31536000; includeSubDomains"
        ],
        "x-ms-ratelimit-remaining-subscription-resource-requests": [
          "19998"
        ],
        "x-ms-correlation-request-id": [
          "f0eccfcb-d035-40df-baa7-0d7b9b5742c6"
        ],
        "x-ms-routing-request-id": [
          "WESTUS2:20181030T211324Z:f0eccfcb-d035-40df-baa7-0d7b9b5742c6"
        ],
        "X-Content-Type-Options": [
          "nosniff"
        ],
        "Cache-Control": [
          "no-cache"
        ],
        "Date": [
          "Tue, 30 Oct 2018 21:13:23 GMT"
        ]
      },
      "StatusCode": 200
    }
  ],
  "Names": {
    "Test-GetAzureLogicAppTriggerHistory": [
      "ps7953",
      "ps532"
    ]
  },
  "Variables": {
    "SubscriptionId": "f34b22a3-2202-4fb1-b040-1332bd928c84"
  }
}