{
  "Entries": [
    {
      "RequestUri": "/subscriptions/5250dd92-b580-46be-b327-e6596c8de196/resourcegroups/onesdk5223?api-version=2016-02-01",
      "EncodedRequestUri": "L3N1YnNjcmlwdGlvbnMvNTI1MGRkOTItYjU4MC00NmJlLWIzMjctZTY1OTZjOGRlMTk2L3Jlc291cmNlZ3JvdXBzL29uZXNkazUyMjM/YXBpLXZlcnNpb249MjAxNi0wMi0wMQ==",
      "RequestMethod": "PUT",
      "RequestBody": "{\r\n  \"location\": \"West US\"\r\n}",
      "RequestHeaders": {
        "Content-Type": [
          "application/json; charset=utf-8"
        ],
        "Content-Length": [
          "29"
        ],
        "User-Agent": [
          "Microsoft.Azure.Management.Resources.ResourceManagementClient/2.0.0.0"
        ]
      },
      "ResponseBody": "{\r\n  \"id\": \"/subscriptions/5250dd92-b580-46be-b327-e6596c8de196/resourceGroups/onesdk5223\",\r\n  \"name\": \"onesdk5223\",\r\n  \"location\": \"westus\",\r\n  \"properties\": {\r\n    \"provisioningState\": \"Succeeded\"\r\n  }\r\n}",
      "ResponseHeaders": {
        "Content-Length": [
          "173"
        ],
        "Content-Type": [
          "application/json; charset=utf-8"
        ],
        "Expires": [
          "-1"
        ],
        "Pragma": [
          "no-cache"
        ],
        "x-ms-ratelimit-remaining-subscription-writes": [
          "1195"
        ],
        "x-ms-request-id": [
          "61a6ac3f-ddf5-4b43-8f2a-08c99511745d"
        ],
        "x-ms-correlation-request-id": [
          "61a6ac3f-ddf5-4b43-8f2a-08c99511745d"
        ],
        "x-ms-routing-request-id": [
          "WESTUS2:20160726T001404Z:61a6ac3f-ddf5-4b43-8f2a-08c99511745d"
        ],
        "Strict-Transport-Security": [
          "max-age=31536000; includeSubDomains"
        ],
        "Cache-Control": [
          "no-cache"
        ],
        "Date": [
          "Tue, 26 Jul 2016 00:14:03 GMT"
        ]
      },
      "StatusCode": 201
    },
    {
      "RequestUri": "/subscriptions/5250dd92-b580-46be-b327-e6596c8de196/resourceGroups/onesdk5223/providers/Microsoft.Logic/workflows/onesdk500?api-version=2016-06-01",
      "EncodedRequestUri": "L3N1YnNjcmlwdGlvbnMvNTI1MGRkOTItYjU4MC00NmJlLWIzMjctZTY1OTZjOGRlMTk2L3Jlc291cmNlR3JvdXBzL29uZXNkazUyMjMvcHJvdmlkZXJzL01pY3Jvc29mdC5Mb2dpYy93b3JrZmxvd3Mvb25lc2RrNTAwP2FwaS12ZXJzaW9uPTIwMTYtMDYtMDE=",
      "RequestMethod": "GET",
      "RequestBody": "",
      "RequestHeaders": {
        "x-ms-client-request-id": [
          "2a60b2da-879c-417a-90d9-03ffec2f638d"
        ],
        "accept-language": [
          "en-US"
        ],
        "User-Agent": [
          "Microsoft.Azure.Management.Logic.LogicManagementClient/0.2.2.0"
        ]
      },
      "ResponseBody": "{\r\n  \"error\": {\r\n    \"code\": \"ResourceNotFound\",\r\n    \"message\": \"The Resource 'Microsoft.Logic/workflows/onesdk500' under resource group 'onesdk5223' was not found.\"\r\n  }\r\n}",
      "ResponseHeaders": {
        "Content-Length": [
          "149"
        ],
        "Content-Type": [
          "application/json; charset=utf-8"
        ],
        "Expires": [
          "-1"
        ],
        "Pragma": [
          "no-cache"
        ],
        "x-ms-failure-cause": [
          "gateway"
        ],
        "x-ms-request-id": [
          "d0dc018b-c438-4774-a963-9155fa1e7cf6"
        ],
        "x-ms-correlation-request-id": [
          "d0dc018b-c438-4774-a963-9155fa1e7cf6"
        ],
        "x-ms-routing-request-id": [
          "WESTUS2:20160726T001411Z:d0dc018b-c438-4774-a963-9155fa1e7cf6"
        ],
        "Strict-Transport-Security": [
          "max-age=31536000; includeSubDomains"
        ],
        "Cache-Control": [
          "no-cache"
        ],
        "Date": [
          "Tue, 26 Jul 2016 00:14:11 GMT"
        ]
      },
      "StatusCode": 404
    },
    {
      "RequestUri": "/subscriptions/5250dd92-b580-46be-b327-e6596c8de196/resourceGroups/onesdk5223/providers/Microsoft.Logic/workflows/onesdk500?api-version=2016-06-01",
      "EncodedRequestUri": "L3N1YnNjcmlwdGlvbnMvNTI1MGRkOTItYjU4MC00NmJlLWIzMjctZTY1OTZjOGRlMTk2L3Jlc291cmNlR3JvdXBzL29uZXNkazUyMjMvcHJvdmlkZXJzL01pY3Jvc29mdC5Mb2dpYy93b3JrZmxvd3Mvb25lc2RrNTAwP2FwaS12ZXJzaW9uPTIwMTYtMDYtMDE=",
      "RequestMethod": "PUT",
      "RequestBody": "{\r\n  \"properties\": {\r\n    \"state\": \"Enabled\",\r\n    \"definition\": {\r\n      \"$schema\": \"http://schema.management.azure.com/providers/Microsoft.Logic/schemas/2015-08-01-preview/workflowdefinition.json#\",\r\n      \"contentVersion\": \"1.0.0.0\",\r\n      \"parameters\": {\r\n        \"runworkflowmanually\": {\r\n          \"defaultValue\": false,\r\n          \"type\": \"bool\"\r\n        }\r\n      },\r\n      \"triggers\": {\r\n        \"httpTrigger\": {\r\n          \"type\": \"Http\",\r\n          \"inputs\": {\r\n            \"method\": \"GET\",\r\n            \"uri\": \"http://www.bing.com\"\r\n          },\r\n          \"recurrence\": {\r\n            \"frequency\": \"Hour\",\r\n            \"interval\": 1\r\n          },\r\n          \"conditions\": [\r\n            {\r\n              \"expression\": \"@bool('true')\"\r\n            }\r\n          ]\r\n        },\r\n        \"manualTrigger\": {\r\n          \"type\": \"Manual\"\r\n        }\r\n      },\r\n      \"actions\": {\r\n        \"http\": {\r\n          \"type\": \"Http\",\r\n          \"inputs\": {\r\n            \"method\": \"GET\",\r\n            \"uri\": \"http://www.bing.com\"\r\n          },\r\n          \"conditions\": [\r\n            {\r\n              \"expression\": \"@bool('true')\"\r\n            }\r\n          ]\r\n        },\r\n        \"http1\": {\r\n          \"type\": \"Http\",\r\n          \"inputs\": {\r\n            \"method\": \"GET\",\r\n            \"uri\": \"http://www.bing.com\"\r\n          },\r\n          \"conditions\": [\r\n            {\r\n              \"expression\": \"@bool('true')\"\r\n            }\r\n          ]\r\n        }\r\n      },\r\n      \"outputs\": {\r\n        \"output1\": {\r\n          \"type\": \"string\",\r\n          \"value\": \"true\"\r\n        }\r\n      }\r\n    }\r\n  },\r\n  \"location\": \"westus\"\r\n}",
      "RequestHeaders": {
        "Content-Type": [
          "application/json; charset=utf-8"
        ],
        "Content-Length": [
          "1615"
        ],
        "x-ms-client-request-id": [
          "0d284599-f0c0-46e3-a953-d44e69f35400"
        ],
        "accept-language": [
          "en-US"
        ],
        "User-Agent": [
          "Microsoft.Azure.Management.Logic.LogicManagementClient/0.2.2.0"
        ]
      },
      "ResponseBody": "{\r\n  \"properties\": {\r\n    \"provisioningState\": \"Succeeded\",\r\n    \"createdTime\": \"2016-07-26T00:14:11.8125277Z\",\r\n    \"changedTime\": \"2016-07-26T00:14:11.8125277Z\",\r\n    \"state\": \"Enabled\",\r\n    \"version\": \"08587321148337283585\",\r\n    \"accessEndpoint\": \"https://prod-13.westus.logic.azure.com:443/workflows/c855c338d4274a839bd4a1ba2d11c58c\",\r\n    \"definition\": {\r\n      \"$schema\": \"http://schema.management.azure.com/providers/Microsoft.Logic/schemas/2015-08-01-preview/workflowdefinition.json#\",\r\n      \"contentVersion\": \"1.0.0.0\",\r\n      \"parameters\": {\r\n        \"runworkflowmanually\": {\r\n          \"defaultValue\": false,\r\n          \"type\": \"Bool\"\r\n        }\r\n      },\r\n      \"triggers\": {\r\n        \"httpTrigger\": {\r\n          \"recurrence\": {\r\n            \"frequency\": \"Hour\",\r\n            \"interval\": 1\r\n          },\r\n          \"type\": \"Http\",\r\n          \"inputs\": {\r\n            \"method\": \"GET\",\r\n            \"uri\": \"http://www.bing.com\"\r\n          },\r\n          \"conditions\": [\r\n            {\r\n              \"expression\": \"@bool('true')\"\r\n            }\r\n          ]\r\n        },\r\n        \"manualTrigger\": {\r\n          \"type\": \"Manual\"\r\n        }\r\n      },\r\n      \"actions\": {\r\n        \"http\": {\r\n          \"type\": \"Http\",\r\n          \"inputs\": {\r\n            \"method\": \"GET\",\r\n            \"uri\": \"http://www.bing.com\"\r\n          },\r\n          \"conditions\": [\r\n            {\r\n              \"expression\": \"@bool('true')\"\r\n            }\r\n          ]\r\n        },\r\n        \"http1\": {\r\n          \"type\": \"Http\",\r\n          \"inputs\": {\r\n            \"method\": \"GET\",\r\n            \"uri\": \"http://www.bing.com\"\r\n          },\r\n          \"conditions\": [\r\n            {\r\n              \"expression\": \"@bool('true')\"\r\n            }\r\n          ]\r\n        }\r\n      },\r\n      \"outputs\": {\r\n        \"output1\": {\r\n          \"type\": \"String\",\r\n          \"value\": \"true\"\r\n        }\r\n      }\r\n    },\r\n    \"parameters\": {}\r\n  },\r\n  \"id\": \"/subscriptions/5250dd92-b580-46be-b327-e6596c8de196/resourceGroups/onesdk5223/providers/Microsoft.Logic/workflows/onesdk500\",\r\n  \"name\": \"onesdk500\",\r\n  \"type\": \"Microsoft.Logic/workflows\",\r\n  \"location\": \"westus\"\r\n}",
      "ResponseHeaders": {
        "Content-Length": [
          "1294"
        ],
        "Content-Type": [
          "application/json; charset=utf-8"
        ],
        "Expires": [
          "-1"
        ],
        "Pragma": [
          "no-cache"
        ],
        "x-ms-request-id": [
          "westus:73e56091-5c61-4bca-b59a-7ae6d708353e"
        ],
        "Strict-Transport-Security": [
          "max-age=31536000; includeSubDomains"
        ],
        "x-ms-ratelimit-remaining-subscription-writes": [
          "1193"
        ],
        "x-ms-correlation-request-id": [
          "8fffdecf-843b-4bd1-b68f-de9874de4c6d"
        ],
        "x-ms-routing-request-id": [
          "WESTUS2:20160726T001412Z:8fffdecf-843b-4bd1-b68f-de9874de4c6d"
        ],
        "Cache-Control": [
          "no-cache"
        ],
        "Date": [
          "Tue, 26 Jul 2016 00:14:12 GMT"
        ]
      },
      "StatusCode": 201
    },
    {
      "RequestUri": "/subscriptions/5250dd92-b580-46be-b327-e6596c8de196/resourceGroups/onesdk5223/providers/Microsoft.Logic/workflows/onesdk500/triggers/?api-version=2016-06-01",
      "EncodedRequestUri": "L3N1YnNjcmlwdGlvbnMvNTI1MGRkOTItYjU4MC00NmJlLWIzMjctZTY1OTZjOGRlMTk2L3Jlc291cmNlR3JvdXBzL29uZXNkazUyMjMvcHJvdmlkZXJzL01pY3Jvc29mdC5Mb2dpYy93b3JrZmxvd3Mvb25lc2RrNTAwL3RyaWdnZXJzLz9hcGktdmVyc2lvbj0yMDE2LTA2LTAx",
      "RequestMethod": "GET",
      "RequestBody": "",
      "RequestHeaders": {
        "x-ms-client-request-id": [
          "3726929e-12b6-4d9b-9392-24119306c4d0"
        ],
        "accept-language": [
          "en-US"
        ],
        "User-Agent": [
          "Microsoft.Azure.Management.Logic.LogicManagementClient/0.2.2.0"
        ]
      },
      "ResponseBody": "{\r\n  \"value\": [\r\n    {\r\n      \"properties\": {\r\n        \"provisioningState\": \"Succeeded\",\r\n        \"createdTime\": \"2016-07-26T00:14:12.5071933Z\",\r\n        \"changedTime\": \"2016-07-26T00:14:12.5483628Z\",\r\n        \"state\": \"Enabled\",\r\n        \"status\": \"Running\",\r\n        \"nextExecutionTime\": \"2016-07-26T00:14:12.496552Z\",\r\n        \"recurrence\": {\r\n          \"frequency\": \"Hour\",\r\n          \"interval\": 1\r\n        },\r\n        \"workflow\": {\r\n          \"name\": \"onesdk500/08587321148337283585\",\r\n          \"id\": \"/subscriptions/5250dd92-b580-46be-b327-e6596c8de196/resourceGroups/onesdk5223/providers/Microsoft.Logic/workflows/onesdk500/versions/08587321148337283585\",\r\n          \"type\": \"Microsoft.Logic/workflows/versions\"\r\n        }\r\n      },\r\n      \"id\": \"/subscriptions/5250dd92-b580-46be-b327-e6596c8de196/resourceGroups/onesdk5223/providers/Microsoft.Logic/workflows/onesdk500/triggers/httpTrigger\",\r\n      \"name\": \"httpTrigger\",\r\n      \"type\": \"Microsoft.Logic/workflows/triggers\"\r\n    },\r\n    {\r\n      \"properties\": {\r\n        \"provisioningState\": \"Succeeded\",\r\n        \"createdTime\": \"2016-07-26T00:14:11.8125277Z\",\r\n        \"changedTime\": \"2016-07-26T00:14:11.8130001Z\",\r\n        \"state\": \"Enabled\",\r\n        \"workflow\": {\r\n          \"name\": \"onesdk500/08587321148337283585\",\r\n          \"id\": \"/subscriptions/5250dd92-b580-46be-b327-e6596c8de196/resourceGroups/onesdk5223/providers/Microsoft.Logic/workflows/onesdk500/versions/08587321148337283585\",\r\n          \"type\": \"Microsoft.Logic/workflows/versions\"\r\n        }\r\n      },\r\n      \"id\": \"/subscriptions/5250dd92-b580-46be-b327-e6596c8de196/resourceGroups/onesdk5223/providers/Microsoft.Logic/workflows/onesdk500/triggers/manualTrigger\",\r\n      \"name\": \"manualTrigger\",\r\n      \"type\": \"Microsoft.Logic/workflows/triggers\"\r\n    }\r\n  ]\r\n}",
      "ResponseHeaders": {
        "Content-Length": [
          "1395"
        ],
        "Content-Type": [
          "application/json; charset=utf-8"
        ],
        "Expires": [
          "-1"
        ],
        "Pragma": [
          "no-cache"
        ],
        "Vary": [
          "Accept-Encoding"
        ],
        "x-ms-request-id": [
          "westus:9f5bea71-75cb-439f-a767-5d2c3d788044"
        ],
        "Strict-Transport-Security": [
          "max-age=31536000; includeSubDomains"
        ],
        "x-ms-ratelimit-remaining-subscription-reads": [
          "14958"
        ],
        "x-ms-correlation-request-id": [
          "631cf0ea-70a2-4eef-95f1-fb0c8379b21d"
        ],
        "x-ms-routing-request-id": [
          "WESTUS2:20160726T001412Z:631cf0ea-70a2-4eef-95f1-fb0c8379b21d"
        ],
        "Cache-Control": [
          "no-cache"
        ],
        "Date": [
          "Tue, 26 Jul 2016 00:14:12 GMT"
        ]
      },
      "StatusCode": 200
    },
    {
      "RequestUri": "/subscriptions/5250dd92-b580-46be-b327-e6596c8de196/resourceGroups/onesdk5223/providers/Microsoft.Logic/workflows/onesdk500/triggers/httpTrigger?api-version=2016-06-01",
      "EncodedRequestUri": "L3N1YnNjcmlwdGlvbnMvNTI1MGRkOTItYjU4MC00NmJlLWIzMjctZTY1OTZjOGRlMTk2L3Jlc291cmNlR3JvdXBzL29uZXNkazUyMjMvcHJvdmlkZXJzL01pY3Jvc29mdC5Mb2dpYy93b3JrZmxvd3Mvb25lc2RrNTAwL3RyaWdnZXJzL2h0dHBUcmlnZ2VyP2FwaS12ZXJzaW9uPTIwMTYtMDYtMDE=",
      "RequestMethod": "GET",
      "RequestBody": "",
      "RequestHeaders": {
        "x-ms-client-request-id": [
          "da23e38e-9564-4f2c-9160-2ac0b051bd69"
        ],
        "accept-language": [
          "en-US"
        ],
        "User-Agent": [
          "Microsoft.Azure.Management.Logic.LogicManagementClient/0.2.2.0"
        ]
      },
      "ResponseBody": "{\r\n  \"properties\": {\r\n    \"provisioningState\": \"Succeeded\",\r\n    \"createdTime\": \"2016-07-26T00:14:12.5071933Z\",\r\n    \"changedTime\": \"2016-07-26T00:14:12.5483628Z\",\r\n    \"state\": \"Enabled\",\r\n    \"status\": \"Running\",\r\n    \"nextExecutionTime\": \"2016-07-26T00:14:12.496552Z\",\r\n    \"recurrence\": {\r\n      \"frequency\": \"Hour\",\r\n      \"interval\": 1\r\n    },\r\n    \"workflow\": {\r\n      \"name\": \"onesdk500/08587321148337283585\",\r\n      \"id\": \"/subscriptions/5250dd92-b580-46be-b327-e6596c8de196/resourceGroups/onesdk5223/providers/Microsoft.Logic/workflows/onesdk500/versions/08587321148337283585\",\r\n      \"type\": \"Microsoft.Logic/workflows/versions\"\r\n    }\r\n  },\r\n  \"id\": \"/subscriptions/5250dd92-b580-46be-b327-e6596c8de196/resourceGroups/onesdk5223/providers/Microsoft.Logic/workflows/onesdk500/triggers/httpTrigger\",\r\n  \"name\": \"httpTrigger\",\r\n  \"type\": \"Microsoft.Logic/workflows/triggers\"\r\n}",
      "ResponseHeaders": {
        "Content-Length": [
          "747"
        ],
        "Content-Type": [
          "application/json; charset=utf-8"
        ],
        "Expires": [
          "-1"
        ],
        "Pragma": [
          "no-cache"
        ],
        "Vary": [
          "Accept-Encoding"
        ],
        "x-ms-request-id": [
          "westus:0ba76962-b25d-4b38-ae6e-f7873261b5bb"
        ],
        "Strict-Transport-Security": [
          "max-age=31536000; includeSubDomains"
        ],
        "x-ms-ratelimit-remaining-subscription-reads": [
          "14957"
        ],
        "x-ms-correlation-request-id": [
          "07d158b8-18a7-4cc8-9f3e-a357fe6d2006"
        ],
        "x-ms-routing-request-id": [
          "WESTUS2:20160726T001412Z:07d158b8-18a7-4cc8-9f3e-a357fe6d2006"
        ],
        "Cache-Control": [
          "no-cache"
        ],
        "Date": [
          "Tue, 26 Jul 2016 00:14:12 GMT"
        ]
      },
      "StatusCode": 200
    }
  ],
  "Names": {
    "Test-GetAzureLogicAppTrigger": [
      "onesdk5223",
      "onesdk500"
    ]
  },
  "Variables": {
    "SubscriptionId": "5250dd92-b580-46be-b327-e6596c8de196"
  }
}