{
  "Entries": [
    {
      "RequestUri": "/subscriptions/f34b22a3-2202-4fb1-b040-1332bd928c84/resourcegroups/ps7270?api-version=2016-09-01",
      "EncodedRequestUri": "L3N1YnNjcmlwdGlvbnMvZjM0YjIyYTMtMjIwMi00ZmIxLWIwNDAtMTMzMmJkOTI4Yzg0L3Jlc291cmNlZ3JvdXBzL3BzNzI3MD9hcGktdmVyc2lvbj0yMDE2LTA5LTAx",
      "RequestMethod": "PUT",
      "RequestBody": "{\r\n  \"location\": \"West US\"\r\n}",
      "RequestHeaders": {
        "Content-Type": [
          "application/json; charset=utf-8"
        ],
        "Content-Length": [
          "29"
        ],
        "x-ms-client-request-id": [
          "18df2cd6-cf1b-4df2-9c51-8f62fe6ee4e3"
        ],
        "accept-language": [
          "en-US"
        ],
        "User-Agent": [
          "FxVersion/4.7.3190.0",
          "OSName/Windows10Enterprise",
          "OSVersion/6.3.17763",
          "Microsoft.Azure.Management.Internal.Resources.ResourceManagementClient/4.1.0"
        ]
      },
      "ResponseBody": "{\r\n  \"id\": \"/subscriptions/f34b22a3-2202-4fb1-b040-1332bd928c84/resourceGroups/ps7270\",\r\n  \"name\": \"ps7270\",\r\n  \"location\": \"westus\",\r\n  \"properties\": {\r\n    \"provisioningState\": \"Succeeded\"\r\n  }\r\n}",
      "ResponseHeaders": {
        "Content-Length": [
          "165"
        ],
        "Content-Type": [
          "application/json; charset=utf-8"
        ],
        "Expires": [
          "-1"
        ],
        "Pragma": [
          "no-cache"
        ],
        "x-ms-ratelimit-remaining-subscription-writes": [
          "1199"
        ],
        "x-ms-request-id": [
          "2b28b568-5f49-4ca1-bee2-b4d99ef09165"
        ],
        "x-ms-correlation-request-id": [
          "2b28b568-5f49-4ca1-bee2-b4d99ef09165"
        ],
        "x-ms-routing-request-id": [
          "WESTUS2:20181030T211344Z:2b28b568-5f49-4ca1-bee2-b4d99ef09165"
        ],
        "Strict-Transport-Security": [
          "max-age=31536000; includeSubDomains"
        ],
        "X-Content-Type-Options": [
          "nosniff"
        ],
        "Cache-Control": [
          "no-cache"
        ],
        "Date": [
          "Tue, 30 Oct 2018 21:13:43 GMT"
        ]
      },
      "StatusCode": 201
    },
    {
      "RequestUri": "/subscriptions/f34b22a3-2202-4fb1-b040-1332bd928c84/resourceGroups/ps7270/providers/Microsoft.Logic/workflows/ps6818?api-version=2018-07-01-preview",
      "EncodedRequestUri": "L3N1YnNjcmlwdGlvbnMvZjM0YjIyYTMtMjIwMi00ZmIxLWIwNDAtMTMzMmJkOTI4Yzg0L3Jlc291cmNlR3JvdXBzL3BzNzI3MC9wcm92aWRlcnMvTWljcm9zb2Z0LkxvZ2ljL3dvcmtmbG93cy9wczY4MTg/YXBpLXZlcnNpb249MjAxOC0wNy0wMS1wcmV2aWV3",
      "RequestMethod": "GET",
      "RequestBody": "",
      "RequestHeaders": {
        "x-ms-client-request-id": [
          "35d4c041-f9b7-4d2a-9e03-cd100a19d73c"
        ],
        "accept-language": [
          "en-US"
        ],
        "User-Agent": [
          "FxVersion/4.7.3190.0",
          "OSName/Windows10Enterprise",
          "OSVersion/6.3.17763",
          "Microsoft.Azure.Management.Logic.LogicManagementClient/4.0.0.0"
        ]
      },
      "ResponseBody": "{\r\n  \"error\": {\r\n    \"code\": \"ResourceNotFound\",\r\n    \"message\": \"The Resource 'Microsoft.Logic/workflows/ps6818' under resource group 'ps7270' was not found.\"\r\n  }\r\n}",
      "ResponseHeaders": {
        "Content-Length": [
          "142"
        ],
        "Content-Type": [
          "application/json; charset=utf-8"
        ],
        "Expires": [
          "-1"
        ],
        "Pragma": [
          "no-cache"
        ],
        "x-ms-failure-cause": [
          "gateway"
        ],
        "x-ms-request-id": [
          "304e73ab-1ef5-42bc-b0d3-4c83bd0823e6"
        ],
        "x-ms-correlation-request-id": [
          "304e73ab-1ef5-42bc-b0d3-4c83bd0823e6"
        ],
        "x-ms-routing-request-id": [
          "WESTUS2:20181030T211406Z:304e73ab-1ef5-42bc-b0d3-4c83bd0823e6"
        ],
        "Strict-Transport-Security": [
          "max-age=31536000; includeSubDomains"
        ],
        "X-Content-Type-Options": [
          "nosniff"
        ],
        "Cache-Control": [
          "no-cache"
        ],
        "Date": [
          "Tue, 30 Oct 2018 21:14:05 GMT"
        ]
      },
      "StatusCode": 404
    },
    {
      "RequestUri": "/subscriptions/f34b22a3-2202-4fb1-b040-1332bd928c84/resourceGroups/ps7270/providers/Microsoft.Logic/workflows/ps6818?api-version=2018-07-01-preview",
      "EncodedRequestUri": "L3N1YnNjcmlwdGlvbnMvZjM0YjIyYTMtMjIwMi00ZmIxLWIwNDAtMTMzMmJkOTI4Yzg0L3Jlc291cmNlR3JvdXBzL3BzNzI3MC9wcm92aWRlcnMvTWljcm9zb2Z0LkxvZ2ljL3dvcmtmbG93cy9wczY4MTg/YXBpLXZlcnNpb249MjAxOC0wNy0wMS1wcmV2aWV3",
      "RequestMethod": "PUT",
      "RequestBody": "{\r\n  \"properties\": {\r\n    \"state\": \"Enabled\",\r\n    \"definition\": {\r\n      \"$schema\": \"http://schema.management.azure.com/providers/Microsoft.Logic/schemas/2015-08-01-preview/workflowdefinition.json#\",\r\n      \"contentVersion\": \"1.0.0.0\",\r\n      \"parameters\": {\r\n        \"runworkflowmanually\": {\r\n          \"defaultValue\": false,\r\n          \"type\": \"bool\"\r\n        }\r\n      },\r\n      \"triggers\": {\r\n        \"httpTrigger\": {\r\n          \"type\": \"Http\",\r\n          \"inputs\": {\r\n            \"method\": \"GET\",\r\n            \"uri\": \"http://www.bing.com\"\r\n          },\r\n          \"recurrence\": {\r\n            \"frequency\": \"Hour\",\r\n            \"interval\": 1\r\n          },\r\n          \"conditions\": [\r\n            {\r\n              \"expression\": \"@bool('true')\"\r\n            }\r\n          ]\r\n        },\r\n        \"manualTrigger\": {\r\n          \"type\": \"Manual\"\r\n        }\r\n      },\r\n      \"actions\": {\r\n        \"http\": {\r\n          \"type\": \"Http\",\r\n          \"inputs\": {\r\n            \"method\": \"GET\",\r\n            \"uri\": \"http://www.bing.com\"\r\n          },\r\n          \"conditions\": [\r\n            {\r\n              \"expression\": \"@bool('true')\"\r\n            }\r\n          ]\r\n        },\r\n        \"http1\": {\r\n          \"type\": \"Http\",\r\n          \"inputs\": {\r\n            \"method\": \"GET\",\r\n            \"uri\": \"http://www.bing.com\"\r\n          },\r\n          \"conditions\": [\r\n            {\r\n              \"expression\": \"@bool('true')\"\r\n            }\r\n          ]\r\n        }\r\n      },\r\n      \"outputs\": {\r\n        \"output1\": {\r\n          \"type\": \"string\",\r\n          \"value\": \"true\"\r\n        }\r\n      }\r\n    }\r\n  },\r\n  \"location\": \"westus\"\r\n}",
      "RequestHeaders": {
        "Content-Type": [
          "application/json; charset=utf-8"
        ],
        "Content-Length": [
          "1615"
        ],
        "x-ms-client-request-id": [
          "a3b6f0e4-9a14-4c07-a801-87f9def26a9f"
        ],
        "accept-language": [
          "en-US"
        ],
        "User-Agent": [
          "FxVersion/4.7.3190.0",
          "OSName/Windows10Enterprise",
          "OSVersion/6.3.17763",
          "Microsoft.Azure.Management.Logic.LogicManagementClient/4.0.0.0"
        ]
      },
      "ResponseBody": "{\r\n  \"properties\": {\r\n    \"provisioningState\": \"Succeeded\",\r\n    \"createdTime\": \"2018-10-30T21:14:07.2745233Z\",\r\n    \"changedTime\": \"2018-10-30T21:14:07.2723047Z\",\r\n    \"state\": \"Enabled\",\r\n    \"version\": \"08586606728383179867\",\r\n    \"accessEndpoint\": \"https://prod-87.westus.logic.azure.com:443/workflows/ded2be1cbe4b497480d306cc98af752f\",\r\n    \"definition\": {\r\n      \"$schema\": \"http://schema.management.azure.com/providers/Microsoft.Logic/schemas/2015-08-01-preview/workflowdefinition.json#\",\r\n      \"contentVersion\": \"1.0.0.0\",\r\n      \"parameters\": {\r\n        \"runworkflowmanually\": {\r\n          \"defaultValue\": false,\r\n          \"type\": \"Bool\"\r\n        }\r\n      },\r\n      \"triggers\": {\r\n        \"httpTrigger\": {\r\n          \"recurrence\": {\r\n            \"frequency\": \"Hour\",\r\n            \"interval\": 1\r\n          },\r\n          \"type\": \"Http\",\r\n          \"inputs\": {\r\n            \"method\": \"GET\",\r\n            \"uri\": \"http://www.bing.com\"\r\n          },\r\n          \"conditions\": [\r\n            {\r\n              \"expression\": \"@bool('true')\"\r\n            }\r\n          ]\r\n        },\r\n        \"manualTrigger\": {\r\n          \"type\": \"Manual\"\r\n        }\r\n      },\r\n      \"actions\": {\r\n        \"http\": {\r\n          \"type\": \"Http\",\r\n          \"inputs\": {\r\n            \"method\": \"GET\",\r\n            \"uri\": \"http://www.bing.com\"\r\n          },\r\n          \"conditions\": [\r\n            {\r\n              \"expression\": \"@bool('true')\"\r\n            }\r\n          ]\r\n        },\r\n        \"http1\": {\r\n          \"type\": \"Http\",\r\n          \"inputs\": {\r\n            \"method\": \"GET\",\r\n            \"uri\": \"http://www.bing.com\"\r\n          },\r\n          \"conditions\": [\r\n            {\r\n              \"expression\": \"@bool('true')\"\r\n            }\r\n          ]\r\n        }\r\n      },\r\n      \"outputs\": {\r\n        \"output1\": {\r\n          \"type\": \"String\",\r\n          \"value\": \"true\"\r\n        }\r\n      }\r\n    },\r\n    \"parameters\": {},\r\n    \"endpointsConfiguration\": {\r\n      \"workflow\": {\r\n        \"outgoingIpAddresses\": [\r\n          {\r\n            \"address\": \"52.160.92.112\"\r\n          },\r\n          {\r\n            \"address\": \"40.118.244.241\"\r\n          },\r\n          {\r\n            \"address\": \"40.118.241.243\"\r\n          },\r\n          {\r\n            \"address\": \"157.56.162.53\"\r\n          },\r\n          {\r\n            \"address\": \"157.56.167.147\"\r\n          },\r\n          {\r\n            \"address\": \"104.42.49.145\"\r\n          },\r\n          {\r\n            \"address\": \"40.83.164.80\"\r\n          },\r\n          {\r\n            \"address\": \"104.42.38.32\"\r\n          }\r\n        ],\r\n        \"accessEndpointIpAddresses\": [\r\n          {\r\n            \"address\": \"52.160.90.237\"\r\n          },\r\n          {\r\n            \"address\": \"138.91.188.137\"\r\n          },\r\n          {\r\n            \"address\": \"13.91.252.184\"\r\n          },\r\n          {\r\n            \"address\": \"157.56.160.212 \"\r\n          }\r\n        ]\r\n      },\r\n      \"connector\": {\r\n        \"outgoingIpAddresses\": [\r\n          {\r\n            \"address\": \"104.40.51.248\"\r\n          }\r\n        ]\r\n      }\r\n    }\r\n  },\r\n  \"id\": \"/subscriptions/f34b22a3-2202-4fb1-b040-1332bd928c84/resourceGroups/ps7270/providers/Microsoft.Logic/workflows/ps6818\",\r\n  \"name\": \"ps6818\",\r\n  \"type\": \"Microsoft.Logic/workflows\",\r\n  \"location\": \"westus\"\r\n}",
      "ResponseHeaders": {
        "Content-Length": [
          "1784"
        ],
        "Content-Type": [
          "application/json; charset=utf-8"
        ],
        "Expires": [
          "-1"
        ],
        "Pragma": [
          "no-cache"
        ],
        "x-ms-request-id": [
          "westus:8c6ab1ad-2756-422b-a6a7-db630ad2f340"
        ],
        "Strict-Transport-Security": [
          "max-age=31536000; includeSubDomains"
        ],
        "x-ms-ratelimit-remaining-subscription-writes": [
          "1199"
        ],
        "x-ms-correlation-request-id": [
          "85b5838e-3be8-45dc-8047-51ea747f1d7e"
        ],
        "x-ms-routing-request-id": [
          "WESTUS2:20181030T211407Z:85b5838e-3be8-45dc-8047-51ea747f1d7e"
        ],
        "X-Content-Type-Options": [
          "nosniff"
        ],
        "Cache-Control": [
          "no-cache"
        ],
        "Date": [
          "Tue, 30 Oct 2018 21:14:06 GMT"
        ]
      },
      "StatusCode": 201
    },
    {
      "RequestUri": "/subscriptions/f34b22a3-2202-4fb1-b040-1332bd928c84/resourceGroups/ps7270/providers/Microsoft.Logic/workflows/ps6818/triggers?api-version=2018-07-01-preview",
      "EncodedRequestUri": "L3N1YnNjcmlwdGlvbnMvZjM0YjIyYTMtMjIwMi00ZmIxLWIwNDAtMTMzMmJkOTI4Yzg0L3Jlc291cmNlR3JvdXBzL3BzNzI3MC9wcm92aWRlcnMvTWljcm9zb2Z0LkxvZ2ljL3dvcmtmbG93cy9wczY4MTgvdHJpZ2dlcnM/YXBpLXZlcnNpb249MjAxOC0wNy0wMS1wcmV2aWV3",
      "RequestMethod": "GET",
      "RequestBody": "",
      "RequestHeaders": {
        "x-ms-client-request-id": [
          "c4d8f121-669c-467b-865e-458515fdb13d"
        ],
        "accept-language": [
          "en-US"
        ],
        "User-Agent": [
          "FxVersion/4.7.3190.0",
          "OSName/Windows10Enterprise",
          "OSVersion/6.3.17763",
          "Microsoft.Azure.Management.Logic.LogicManagementClient/4.0.0.0"
        ]
      },
      "ResponseBody": "{\r\n  \"value\": [\r\n    {\r\n      \"properties\": {\r\n        \"provisioningState\": \"Succeeded\",\r\n        \"createdTime\": \"2018-10-30T21:14:07.7018871Z\",\r\n        \"changedTime\": \"2018-10-30T21:14:07.7193636Z\",\r\n        \"state\": \"Enabled\",\r\n        \"status\": \"Running\",\r\n        \"nextExecutionTime\": \"2018-10-30T21:14:07.6889015Z\",\r\n        \"recurrence\": {\r\n          \"frequency\": \"Hour\",\r\n          \"interval\": 1\r\n        },\r\n        \"workflow\": {\r\n          \"id\": \"/subscriptions/f34b22a3-2202-4fb1-b040-1332bd928c84/resourceGroups/ps7270/providers/Microsoft.Logic/workflows/ps6818/versions/08586606728383179867\",\r\n          \"name\": \"08586606728383179867\",\r\n          \"type\": \"Microsoft.Logic/workflows/versions\"\r\n        }\r\n      },\r\n      \"id\": \"/subscriptions/f34b22a3-2202-4fb1-b040-1332bd928c84/resourceGroups/ps7270/providers/Microsoft.Logic/workflows/ps6818/triggers/httpTrigger\",\r\n      \"name\": \"httpTrigger\",\r\n      \"type\": \"Microsoft.Logic/workflows/triggers\"\r\n    },\r\n    {\r\n      \"properties\": {\r\n        \"provisioningState\": \"Succeeded\",\r\n        \"createdTime\": \"2018-10-30T21:14:07.2745233Z\",\r\n        \"changedTime\": \"2018-10-30T21:14:07.2754539Z\",\r\n        \"state\": \"Enabled\",\r\n        \"workflow\": {\r\n          \"id\": \"/subscriptions/f34b22a3-2202-4fb1-b040-1332bd928c84/resourceGroups/ps7270/providers/Microsoft.Logic/workflows/ps6818/versions/08586606728383179867\",\r\n          \"name\": \"08586606728383179867\",\r\n          \"type\": \"Microsoft.Logic/workflows/versions\"\r\n        }\r\n      },\r\n      \"id\": \"/subscriptions/f34b22a3-2202-4fb1-b040-1332bd928c84/resourceGroups/ps7270/providers/Microsoft.Logic/workflows/ps6818/triggers/manualTrigger\",\r\n      \"name\": \"manualTrigger\",\r\n      \"type\": \"Microsoft.Logic/workflows/triggers\"\r\n    }\r\n  ]\r\n}",
      "ResponseHeaders": {
        "Content-Length": [
          "1348"
        ],
        "Content-Type": [
          "application/json; charset=utf-8"
        ],
        "Expires": [
          "-1"
        ],
        "Pragma": [
          "no-cache"
        ],
        "Vary": [
          "Accept-Encoding"
        ],
        "x-ms-request-id": [
          "westus:3b724b68-808a-4d23-a64a-9da986a0ae9f"
        ],
        "Strict-Transport-Security": [
          "max-age=31536000; includeSubDomains"
        ],
        "x-ms-ratelimit-remaining-subscription-reads": [
          "11999"
        ],
        "x-ms-correlation-request-id": [
          "be7fbf00-836d-4587-928f-b52e0a4f176a"
        ],
        "x-ms-routing-request-id": [
          "WESTUS2:20181030T211407Z:be7fbf00-836d-4587-928f-b52e0a4f176a"
        ],
        "X-Content-Type-Options": [
          "nosniff"
        ],
        "Cache-Control": [
          "no-cache"
        ],
        "Date": [
          "Tue, 30 Oct 2018 21:14:07 GMT"
        ]
      },
      "StatusCode": 200
    },
    {
      "RequestUri": "/subscriptions/f34b22a3-2202-4fb1-b040-1332bd928c84/resourceGroups/ps7270/providers/Microsoft.Logic/workflows/ps6818/triggers/httpTrigger?api-version=2018-07-01-preview",
      "EncodedRequestUri": "L3N1YnNjcmlwdGlvbnMvZjM0YjIyYTMtMjIwMi00ZmIxLWIwNDAtMTMzMmJkOTI4Yzg0L3Jlc291cmNlR3JvdXBzL3BzNzI3MC9wcm92aWRlcnMvTWljcm9zb2Z0LkxvZ2ljL3dvcmtmbG93cy9wczY4MTgvdHJpZ2dlcnMvaHR0cFRyaWdnZXI/YXBpLXZlcnNpb249MjAxOC0wNy0wMS1wcmV2aWV3",
      "RequestMethod": "GET",
      "RequestBody": "",
      "RequestHeaders": {
        "x-ms-client-request-id": [
          "aa72c74c-0d04-4496-b294-d377cc85046f"
        ],
        "accept-language": [
          "en-US"
        ],
        "User-Agent": [
          "FxVersion/4.7.3190.0",
          "OSName/Windows10Enterprise",
          "OSVersion/6.3.17763",
          "Microsoft.Azure.Management.Logic.LogicManagementClient/4.0.0.0"
        ]
      },
      "ResponseBody": "{\r\n  \"properties\": {\r\n    \"provisioningState\": \"Succeeded\",\r\n    \"createdTime\": \"2018-10-30T21:14:07.7018871Z\",\r\n    \"changedTime\": \"2018-10-30T21:14:07.7193636Z\",\r\n    \"state\": \"Enabled\",\r\n    \"status\": \"Running\",\r\n    \"nextExecutionTime\": \"2018-10-30T21:14:07.6889015Z\",\r\n    \"recurrence\": {\r\n      \"frequency\": \"Hour\",\r\n      \"interval\": 1\r\n    },\r\n    \"workflow\": {\r\n      \"id\": \"/subscriptions/f34b22a3-2202-4fb1-b040-1332bd928c84/resourceGroups/ps7270/providers/Microsoft.Logic/workflows/ps6818/versions/08586606728383179867\",\r\n      \"name\": \"08586606728383179867\",\r\n      \"type\": \"Microsoft.Logic/workflows/versions\"\r\n    }\r\n  },\r\n  \"id\": \"/subscriptions/f34b22a3-2202-4fb1-b040-1332bd928c84/resourceGroups/ps7270/providers/Microsoft.Logic/workflows/ps6818/triggers/httpTrigger\",\r\n  \"name\": \"httpTrigger\",\r\n  \"type\": \"Microsoft.Logic/workflows/triggers\"\r\n}",
      "ResponseHeaders": {
        "Content-Length": [
          "724"
        ],
        "Content-Type": [
          "application/json; charset=utf-8"
        ],
        "Expires": [
          "-1"
        ],
        "Pragma": [
          "no-cache"
        ],
        "Vary": [
          "Accept-Encoding"
        ],
        "x-ms-request-id": [
          "westus:7dbb59ad-ed9e-4528-9a8e-78370ea2c713"
        ],
        "Strict-Transport-Security": [
          "max-age=31536000; includeSubDomains"
        ],
        "x-ms-ratelimit-remaining-subscription-reads": [
          "11998"
        ],
        "x-ms-correlation-request-id": [
          "e6192a44-ff21-49b8-b984-75424989e4d9"
        ],
        "x-ms-routing-request-id": [
          "WESTUS2:20181030T211408Z:e6192a44-ff21-49b8-b984-75424989e4d9"
        ],
        "X-Content-Type-Options": [
          "nosniff"
        ],
        "Cache-Control": [
          "no-cache"
        ],
        "Date": [
          "Tue, 30 Oct 2018 21:14:07 GMT"
        ]
      },
      "StatusCode": 200
    }
  ],
  "Names": {
    "Test-GetAzureLogicAppTrigger": [
      "ps7270",
      "ps6818"
    ]
  },
  "Variables": {
    "SubscriptionId": "f34b22a3-2202-4fb1-b040-1332bd928c84"
  }
}