{
  "Get-AzServiceLinkerForWebApp+[NoContext]+List+$GET+https://management.azure.com//subscriptions/937bc588-a144-4083-8612-5f9ffbbddb14/resourceGroups/servicelinker-test-linux-group/providers/Microsoft.Web/sites/servicelinker-test-app/providers/Microsoft.ServiceLinker/linkers?api-version=2022-11-01-preview+1": {
    "Request": {
      "Method": "GET",
      "RequestUri": "https://management.azure.com//subscriptions/937bc588-a144-4083-8612-5f9ffbbddb14/resourceGroups/servicelinker-test-linux-group/providers/Microsoft.Web/sites/servicelinker-test-app/providers/Microsoft.ServiceLinker/linkers?api-version=2022-11-01-preview",
      "Content": null,
      "Headers": {
        "x-ms-unique-id": [ "11" ],
        "x-ms-client-request-id": [ "4253f0c8-9293-41bd-80b1-a5d0edb5b062" ],
        "CommandName": [ "Az.ServiceLinker.internal\\Get-AzServiceLinker" ],
        "FullCommandName": [ "Get-AzServiceLinker_List" ],
        "ParameterSetName": [ "__AllParameterSets" ],
        "User-Agent": [ "AzurePowershell/Az4.0.0-preview" ],
        "Authorization": [ "[Filtered]" ]
      },
      "ContentHeaders": {
      }
    },
    "Response": {
      "StatusCode": 200,
      "Headers": {
        "Cache-Control": [ "no-cache" ],
        "Pragma": [ "no-cache" ],
        "x-ms-ratelimit-remaining-subscription-reads": [ "11993" ],
        "x-ms-providerhub-traffic": [ "True" ],
        "mise-correlation-id": [ "b1ca5359-9dd5-4451-8fe3-8b438a8cb858" ],
        "Strict-Transport-Security": [ "max-age=31536000; includeSubDomains" ],
        "x-ms-request-id": [ "d0175638-db1e-4b50-bedd-53d9b4a6b435" ],
        "x-ms-correlation-request-id": [ "18ad5d2d-0deb-4c2f-b278-d3e3b18b86f7" ],
        "x-ms-routing-request-id": [ "SOUTHEASTASIA:20230130T074223Z:18ad5d2d-0deb-4c2f-b278-d3e3b18b86f7" ],
        "X-Content-Type-Options": [ "nosniff" ],
        "Date": [ "Mon, 30 Jan 2023 07:42:23 GMT" ]
      },
      "ContentHeaders": {
        "Content-Length": [ "8714" ],
        "Content-Type": [ "application/json; charset=utf-8" ],
        "Expires": [ "-1" ]
      },
      "Content": "{\"value\":[{\"id\":\"/subscriptions/937bc588-a144-4083-8612-5f9ffbbddb14/resourceGroups/servicelinker-test-linux-group/providers/Microsoft.Web/sites/servicelinker-test-app/providers/Microsoft.ServiceLinker/linkers/preparedLinker\",\"name\":\"preparedLinker\",\"type\":\"microsoft.servicelinker/linkers\",\"systemData\":{\"createdBy\":\"naji@microsoft.com\",\"createdByType\":\"User\",\"createdAt\":\"2021-10-20T02:10:21.6542229Z\",\"lastModifiedBy\":\"xiaofanzhou@microsoft.com\",\"lastModifiedByType\":\"User\",\"lastModifiedAt\":\"2023-01-30T05:25:55.6334752Z\"},\"properties\":{\"publicNetworkSolution\":null,\"configurationInfo\":null,\"provisioningState\":\"Succeeded\",\"targetService\":{\"id\":\"/subscriptions/937bc588-a144-4083-8612-5f9ffbbddb14/resourceGroups/servicelinker-test-linux-group/providers/Microsoft.DBforPostgreSQL/servers/servicelinker-postgresql/databases/pollsdb\",\"resourceProperties\":{\"connectAsKubernetesCsiDriver\":false,\"type\":\"KeyVault\"},\"type\":\"AzureResource\"},\"authInfo\":{\"name\":\"xichen\",\"secretInfo\":{\"secretType\":\"rawValue\"},\"authType\":\"secret\"},\"clientType\":\"dotnet\",\"scope\":null,\"vNetSolution\":null,\"secretStore\":null}},{\"id\":\"/subscriptions/937bc588-a144-4083-8612-5f9ffbbddb14/resourceGroups/servicelinker-test-linux-group/providers/Microsoft.Web/sites/servicelinker-test-app/providers/Microsoft.ServiceLinker/linkers/webapp_mysql_47a91\",\"name\":\"webapp_mysql_47a91\",\"type\":\"microsoft.servicelinker/linkers\",\"systemData\":{\"createdBy\":\"xiaofanzhou@microsoft.com\",\"createdByType\":\"User\",\"createdAt\":\"2021-10-20T02:10:44.4860581Z\",\"lastModifiedBy\":\"c4288165-6698-45ba-98a5-48ea7791fed3\",\"lastModifiedByType\":\"Application\",\"lastModifiedAt\":\"2021-10-20T02:10:47.7850193Z\"},\"properties\":{\"publicNetworkSolution\":null,\"configurationInfo\":null,\"provisioningState\":\"Succeeded\",\"targetService\":{\"id\":\"/subscriptions/937bc588-a144-4083-8612-5f9ffbbddb14/resourceGroups/servicelinker-test-linux-group/providers/Microsoft.DBforMySQL/servers/servicelinker-mysql/databases/demo\",\"resourceProperties\":null,\"type\":\"AzureResource\"},\"authInfo\":{\"name\":\"servicelinker\",\"secretInfo\":{\"secretType\":\"rawValue\"},\"authType\":\"secret\"},\"clientType\":\"python\",\"scope\":null,\"vNetSolution\":null,\"secretStore\":null}},{\"id\":\"/subscriptions/937bc588-a144-4083-8612-5f9ffbbddb14/resourceGroups/servicelinker-test-linux-group/providers/Microsoft.Web/sites/servicelinker-test-app/providers/Microsoft.ServiceLinker/linkers/ct132791830883225198\",\"name\":\"ct132791830883225198\",\"type\":\"microsoft.servicelinker/linkers\",\"systemData\":{\"createdBy\":\"d0489f1b-17fd-4924-95a9-9054374b6eff\",\"createdByType\":\"Application\",\"createdAt\":\"2021-10-20T05:58:14.1703052Z\",\"lastModifiedBy\":\"c4288165-6698-45ba-98a5-48ea7791fed3\",\"lastModifiedByType\":\"Application\",\"lastModifiedAt\":\"2021-10-20T05:58:21.9116826Z\"},\"properties\":{\"publicNetworkSolution\":null,\"configurationInfo\":null,\"provisioningState\":\"Succeeded\",\"targetService\":{\"id\":\"/subscriptions/937bc588-a144-4083-8612-5f9ffbbddb14/resourceGroups/servicelinker-test-linux-group/providers/Microsoft.DBforPostgreSQL/servers/servicelinker-postgresql-canary-test/databases/postgres\",\"resourceProperties\":null,\"type\":\"AzureResource\"},\"authInfo\":{\"name\":\"servicelinker\",\"secretInfo\":{\"secretType\":\"rawValue\"},\"authType\":\"secret\"},\"clientType\":\"django\",\"scope\":null,\"vNetSolution\":null,\"secretStore\":null}},{\"id\":\"/subscriptions/937bc588-a144-4083-8612-5f9ffbbddb14/resourceGroups/servicelinker-test-linux-group/providers/Microsoft.Web/sites/servicelinker-test-app/providers/Microsoft.ServiceLinker/linkers/ct132791833166638462\",\"name\":\"ct132791833166638462\",\"type\":\"microsoft.servicelinker/linkers\",\"systemData\":{\"createdBy\":\"d0489f1b-17fd-4924-95a9-9054374b6eff\",\"createdByType\":\"Application\",\"createdAt\":\"2021-10-20T06:02:11.57185Z\",\"lastModifiedBy\":\"c4288165-6698-45ba-98a5-48ea7791fed3\",\"lastModifiedByType\":\"Application\",\"lastModifiedAt\":\"2021-10-20T06:02:19.9209961Z\"},\"properties\":{\"publicNetworkSolution\":null,\"configurationInfo\":null,\"provisioningState\":\"Succeeded\",\"targetService\":{\"id\":\"/subscriptions/937bc588-a144-4083-8612-5f9ffbbddb14/resourceGroups/servicelinker-test-linux-group/providers/Microsoft.DBforPostgreSQL/servers/servicelinker-postgresql-canary-test/databases/postgres\",\"resourceProperties\":null,\"type\":\"AzureResource\"},\"authInfo\":{\"name\":\"servicelinker\",\"secretInfo\":{\"secretType\":\"rawValue\"},\"authType\":\"secret\"},\"clientType\":\"django\",\"scope\":null,\"vNetSolution\":null,\"secretStore\":null}},{\"id\":\"/subscriptions/937bc588-a144-4083-8612-5f9ffbbddb14/resourceGroups/servicelinker-test-linux-group/providers/Microsoft.Web/sites/servicelinker-test-app/providers/Microsoft.ServiceLinker/linkers/ct132792584341667637\",\"name\":\"ct132792584341667637\",\"type\":\"microsoft.servicelinker/linkers\",\"systemData\":{\"createdBy\":\"d0489f1b-17fd-4924-95a9-9054374b6eff\",\"createdByType\":\"Application\",\"createdAt\":\"2021-10-21T02:54:10.6450409Z\",\"lastModifiedBy\":\"c4288165-6698-45ba-98a5-48ea7791fed3\",\"lastModifiedByType\":\"Application\",\"lastModifiedAt\":\"2021-10-21T02:54:19.2804674Z\"},\"properties\":{\"publicNetworkSolution\":null,\"configurationInfo\":null,\"provisioningState\":\"Succeeded\",\"targetService\":{\"id\":\"/subscriptions/937bc588-a144-4083-8612-5f9ffbbddb14/resourceGroups/servicelinker-test-linux-group/providers/Microsoft.DBforPostgreSQL/servers/servicelinker-postgresql-canary-test/databases/postgres\",\"resourceProperties\":null,\"type\":\"AzureResource\"},\"authInfo\":{\"name\":\"servicelinker\",\"secretInfo\":{\"secretType\":\"rawValue\"},\"authType\":\"secret\"},\"clientType\":\"django\",\"scope\":null,\"vNetSolution\":null,\"secretStore\":null}},{\"id\":\"/subscriptions/937bc588-a144-4083-8612-5f9ffbbddb14/resourceGroups/servicelinker-test-linux-group/providers/Microsoft.Web/sites/servicelinker-test-app/providers/Microsoft.ServiceLinker/linkers/linker2\",\"name\":\"linker2\",\"type\":\"microsoft.servicelinker/linkers\",\"systemData\":{\"createdBy\":\"d0489f1b-17fd-4924-95a9-9054374b6eff\",\"createdByType\":\"Application\",\"createdAt\":\"2022-05-07T02:22:26.974156Z\",\"lastModifiedBy\":\"c4288165-6698-45ba-98a5-48ea7791fed3\",\"lastModifiedByType\":\"Application\",\"lastModifiedAt\":\"2023-01-29T21:32:14.1994995Z\"},\"properties\":{\"publicNetworkSolution\":null,\"configurationInfo\":null,\"provisioningState\":\"Succeeded\",\"targetService\":{\"id\":\"/subscriptions/937bc588-a144-4083-8612-5f9ffbbddb14/resourceGroups/servicelinker-test-linux-group/providers/Microsoft.DBforPostgreSQL/servers/servicelinker-postgresql-canary-test/databases/postgres\",\"resourceProperties\":null,\"type\":\"AzureResource\"},\"authInfo\":{\"name\":\"servicelinker\",\"secretInfo\":{\"secretType\":\"rawValue\"},\"authType\":\"secret\"},\"clientType\":\"django\",\"scope\":null,\"vNetSolution\":null,\"secretStore\":null}},{\"id\":\"/subscriptions/937bc588-a144-4083-8612-5f9ffbbddb14/resourceGroups/servicelinker-test-linux-group/providers/Microsoft.Web/sites/servicelinker-test-app/providers/Microsoft.ServiceLinker/linkers/linker\",\"name\":\"linker\",\"type\":\"microsoft.servicelinker/linkers\",\"systemData\":{\"createdBy\":\"naji@microsoft.com\",\"createdByType\":\"User\",\"createdAt\":\"2021-10-26T02:42:14.0108535Z\",\"lastModifiedBy\":\"c4288165-6698-45ba-98a5-48ea7791fed3\",\"lastModifiedByType\":\"Application\",\"lastModifiedAt\":\"2023-01-29T21:32:25.5617996Z\"},\"properties\":{\"publicNetworkSolution\":null,\"configurationInfo\":null,\"provisioningState\":\"Succeeded\",\"targetService\":{\"id\":\"/subscriptions/937bc588-a144-4083-8612-5f9ffbbddb14/resourceGroups/servicelinker-test-linux-group/providers/Microsoft.Storage/storageAccounts/servicelinkerlocktaske2e/blobServices/default\",\"resourceProperties\":null,\"type\":\"AzureResource\"},\"authInfo\":{\"name\":null,\"secretInfo\":{\"secretType\":\"rawValue\"},\"authType\":\"secret\"},\"clientType\":\"none\",\"scope\":null,\"vNetSolution\":null,\"secretStore\":null}},{\"id\":\"/subscriptions/937bc588-a144-4083-8612-5f9ffbbddb14/resourceGroups/servicelinker-test-linux-group/providers/Microsoft.Web/sites/servicelinker-test-app/providers/Microsoft.ServiceLinker/linkers/appconfig_ef162\",\"name\":\"appconfig_ef162\",\"type\":\"microsoft.servicelinker/linkers\",\"systemData\":{\"createdBy\":\"xiaofanzhou@microsoft.com\",\"createdByType\":\"User\",\"createdAt\":\"2022-02-10T02:03:40.2591718Z\",\"lastModifiedBy\":\"c4288165-6698-45ba-98a5-48ea7791fed3\",\"lastModifiedByType\":\"Application\",\"lastModifiedAt\":\"2022-02-10T02:03:53.6206433Z\"},\"properties\":{\"publicNetworkSolution\":null,\"configurationInfo\":null,\"provisioningState\":\"Succeeded\",\"targetService\":{\"id\":\"/subscriptions/937bc588-a144-4083-8612-5f9ffbbddb14/resourceGroups/servicelinker-test-linux-group/providers/Microsoft.AppConfiguration/configurationStores/app-config-servicelinker\",\"resourceProperties\":null,\"type\":\"AzureResource\"},\"authInfo\":{\"roles\":null,\"userName\":null,\"authType\":\"systemAssignedIdentity\",\"deleteOrUpdateBehavior\":null},\"clientType\":\"python\",\"scope\":null,\"vNetSolution\":null,\"secretStore\":null}}]}"
    }
  },
  "Get-AzServiceLinkerForWebApp+[NoContext]+Get+$GET+https://management.azure.com//subscriptions/937bc588-a144-4083-8612-5f9ffbbddb14/resourceGroups/servicelinker-test-linux-group/providers/Microsoft.Web/sites/servicelinker-test-app/providers/Microsoft.ServiceLinker/linkers/preparedLinker?api-version=2022-11-01-preview+1": {
    "Request": {
      "Method": "GET",
      "RequestUri": "https://management.azure.com//subscriptions/937bc588-a144-4083-8612-5f9ffbbddb14/resourceGroups/servicelinker-test-linux-group/providers/Microsoft.Web/sites/servicelinker-test-app/providers/Microsoft.ServiceLinker/linkers/preparedLinker?api-version=2022-11-01-preview",
      "Content": null,
      "Headers": {
        "x-ms-unique-id": [ "12" ],
        "x-ms-client-request-id": [ "3f23bfb6-31c2-4da3-8c1d-cd071cbb48fc" ],
        "CommandName": [ "Az.ServiceLinker.internal\\Get-AzServiceLinker" ],
        "FullCommandName": [ "Get-AzServiceLinker_Get" ],
        "ParameterSetName": [ "__AllParameterSets" ],
        "User-Agent": [ "AzurePowershell/Az4.0.0-preview" ],
        "Authorization": [ "[Filtered]" ]
      },
      "ContentHeaders": {
      }
    },
    "Response": {
      "StatusCode": 200,
      "Headers": {
        "Cache-Control": [ "no-cache" ],
        "Pragma": [ "no-cache" ],
        "ETag": [ "\"ea0035d4-0000-0100-0000-63d754ea0000\"" ],
        "x-ms-ratelimit-remaining-subscription-reads": [ "11992" ],
        "x-ms-providerhub-traffic": [ "True" ],
        "mise-correlation-id": [ "9e45ab0c-d164-4fd2-b4e1-bed083fb2b51" ],
        "Strict-Transport-Security": [ "max-age=31536000; includeSubDomains" ],
        "x-ms-request-id": [ "a6bd207c-e07d-45db-a3c7-d2947066a440" ],
        "x-ms-correlation-request-id": [ "9ebea682-6e37-491c-a47e-cea97cafe4e4" ],
        "x-ms-routing-request-id": [ "SOUTHEASTASIA:20230130T074224Z:9ebea682-6e37-491c-a47e-cea97cafe4e4" ],
        "X-Content-Type-Options": [ "nosniff" ],
        "Date": [ "Mon, 30 Jan 2023 07:42:24 GMT" ]
      },
      "ContentHeaders": {
        "Content-Length": [ "1090" ],
        "Content-Type": [ "application/json; charset=utf-8" ],
        "Expires": [ "-1" ]
      },
      "Content": "{\"id\":\"/subscriptions/937bc588-a144-4083-8612-5f9ffbbddb14/resourceGroups/servicelinker-test-linux-group/providers/Microsoft.Web/sites/servicelinker-test-app/providers/Microsoft.ServiceLinker/linkers/preparedLinker\",\"name\":\"preparedLinker\",\"type\":\"microsoft.servicelinker/linkers\",\"systemData\":{\"createdBy\":\"naji@microsoft.com\",\"createdByType\":\"User\",\"createdAt\":\"2021-10-20T02:10:21.6542229Z\",\"lastModifiedBy\":\"xiaofanzhou@microsoft.com\",\"lastModifiedByType\":\"User\",\"lastModifiedAt\":\"2023-01-30T05:25:55.6334752Z\"},\"properties\":{\"publicNetworkSolution\":null,\"configurationInfo\":null,\"provisioningState\":\"Succeeded\",\"targetService\":{\"id\":\"/subscriptions/937bc588-a144-4083-8612-5f9ffbbddb14/resourceGroups/servicelinker-test-linux-group/providers/Microsoft.DBforPostgreSQL/servers/servicelinker-postgresql/databases/pollsdb\",\"resourceProperties\":{\"connectAsKubernetesCsiDriver\":false,\"type\":\"KeyVault\"},\"type\":\"AzureResource\"},\"authInfo\":{\"name\":\"xichen\",\"secretInfo\":{\"secretType\":\"rawValue\"},\"authType\":\"secret\"},\"clientType\":\"dotnet\",\"scope\":null,\"vNetSolution\":null,\"secretStore\":null}}"
    }
  },
  "Get-AzServiceLinkerForWebApp+[NoContext]+GetViaIdentity+$GET+https://management.azure.com//subscriptions/937bc588-a144-4083-8612-5f9ffbbddb14/resourceGroups/servicelinker-test-linux-group/providers/Microsoft.Web/sites/servicelinker-test-app/providers/Microsoft.ServiceLinker/linkers/preparedLinker?api-version=2022-11-01-preview+1": {
    "Request": {
      "Method": "GET",
      "RequestUri": "https://management.azure.com//subscriptions/937bc588-a144-4083-8612-5f9ffbbddb14/resourceGroups/servicelinker-test-linux-group/providers/Microsoft.Web/sites/servicelinker-test-app/providers/Microsoft.ServiceLinker/linkers/preparedLinker?api-version=2022-11-01-preview",
      "Content": null,
      "Headers": {
        "x-ms-unique-id": [ "13" ],
        "x-ms-client-request-id": [ "a2e4ea01-5659-4842-b47c-f29d2876fded" ],
        "CommandName": [ "Az.ServiceLinker.internal\\Get-AzServiceLinker" ],
        "FullCommandName": [ "Get-AzServiceLinker_GetViaIdentity" ],
        "ParameterSetName": [ "__AllParameterSets" ],
        "User-Agent": [ "AzurePowershell/Az4.0.0-preview" ],
        "Authorization": [ "[Filtered]" ]
      },
      "ContentHeaders": {
      }
    },
    "Response": {
      "StatusCode": 200,
      "Headers": {
        "Cache-Control": [ "no-cache" ],
        "Pragma": [ "no-cache" ],
        "ETag": [ "\"ea0035d4-0000-0100-0000-63d754ea0000\"" ],
        "x-ms-ratelimit-remaining-subscription-reads": [ "11991" ],
        "x-ms-providerhub-traffic": [ "True" ],
        "mise-correlation-id": [ "348cee33-1dfe-4dc4-a0e3-e9f9cb2a27f7" ],
        "Strict-Transport-Security": [ "max-age=31536000; includeSubDomains" ],
        "x-ms-request-id": [ "c2ec160b-b970-459e-9106-80daffc3924a" ],
        "x-ms-correlation-request-id": [ "178089f3-2b58-4902-85ca-91c0343a34de" ],
        "x-ms-routing-request-id": [ "SOUTHEASTASIA:20230130T074225Z:178089f3-2b58-4902-85ca-91c0343a34de" ],
        "X-Content-Type-Options": [ "nosniff" ],
        "Date": [ "Mon, 30 Jan 2023 07:42:24 GMT" ]
      },
      "ContentHeaders": {
        "Content-Length": [ "1090" ],
        "Content-Type": [ "application/json; charset=utf-8" ],
        "Expires": [ "-1" ]
      },
      "Content": "{\"id\":\"/subscriptions/937bc588-a144-4083-8612-5f9ffbbddb14/resourceGroups/servicelinker-test-linux-group/providers/Microsoft.Web/sites/servicelinker-test-app/providers/Microsoft.ServiceLinker/linkers/preparedLinker\",\"name\":\"preparedLinker\",\"type\":\"microsoft.servicelinker/linkers\",\"systemData\":{\"createdBy\":\"naji@microsoft.com\",\"createdByType\":\"User\",\"createdAt\":\"2021-10-20T02:10:21.6542229Z\",\"lastModifiedBy\":\"xiaofanzhou@microsoft.com\",\"lastModifiedByType\":\"User\",\"lastModifiedAt\":\"2023-01-30T05:25:55.6334752Z\"},\"properties\":{\"publicNetworkSolution\":null,\"configurationInfo\":null,\"provisioningState\":\"Succeeded\",\"targetService\":{\"id\":\"/subscriptions/937bc588-a144-4083-8612-5f9ffbbddb14/resourceGroups/servicelinker-test-linux-group/providers/Microsoft.DBforPostgreSQL/servers/servicelinker-postgresql/databases/pollsdb\",\"resourceProperties\":{\"connectAsKubernetesCsiDriver\":false,\"type\":\"KeyVault\"},\"type\":\"AzureResource\"},\"authInfo\":{\"name\":\"xichen\",\"secretInfo\":{\"secretType\":\"rawValue\"},\"authType\":\"secret\"},\"clientType\":\"dotnet\",\"scope\":null,\"vNetSolution\":null,\"secretStore\":null}}"
    }
  }
}