{
  "Entries": [
    {
      "RequestUri": "/Subscriptions/f5303a0b-fae4-4cdb-b44d-0e4c032dde26/resources?$filter=resourceType%20eq%20'Microsoft.Backup/BackupVault'&$top=100&api-version=2013-03-01",
      "EncodedRequestUri": "L1N1YnNjcmlwdGlvbnMvZjUzMDNhMGItZmFlNC00Y2RiLWI0NGQtMGU0YzAzMmRkZTI2L3Jlc291cmNlcz8kZmlsdGVyPXJlc291cmNlVHlwZSUyMGVxJTIwJ01pY3Jvc29mdC5CYWNrdXAvQmFja3VwVmF1bHQnJiR0b3A9MTAwJmFwaS12ZXJzaW9uPTIwMTMtMDMtMDE=",
      "RequestMethod": "GET",
      "RequestBody": "",
      "RequestHeaders": {
        "Accept-Language": [
          "en-us"
        ],
        "x-ms-client-request-id": [
          "d6126626-ae80-4967-9667-e56034264b11-2015-08-14 09:22:24Z-PS"
        ],
        "User-Agent": [
          "Microsoft.Azure.Management.BackupServices.BackupVaultServicesManagementClient/0.0.0.0"
        ]
      },
      "ResponseBody": "{\r\n  \"value\": [\r\n    {\r\n      \"id\": \"/subscriptions/f5303a0b-fae4-4cdb-b44d-0e4c032dde26/resourceGroups/backuprg/providers/Microsoft.Backup/BackupVault/backuprn\",\r\n      \"name\": \"backuprn\",\r\n      \"type\": \"Microsoft.Backup/BackupVault\",\r\n      \"location\": \"southeastasia\",\r\n      \"tags\": {}\r\n    },\r\n    {\r\n      \"id\": \"/subscriptions/f5303a0b-fae4-4cdb-b44d-0e4c032dde26/resourceGroups/hydrarecording/providers/Microsoft.Backup/BackupVault/hydrarecordingrn\",\r\n      \"name\": \"hydrarecordingrn\",\r\n      \"type\": \"Microsoft.Backup/BackupVault\",\r\n      \"location\": \"westus\",\r\n      \"tags\": {}\r\n    },\r\n    {\r\n      \"id\": \"/subscriptions/f5303a0b-fae4-4cdb-b44d-0e4c032dde26/resourceGroups/pragrawa-rg/providers/Microsoft.Backup/BackupVault/pragrawa-rg01\",\r\n      \"name\": \"pragrawa-rg01\",\r\n      \"type\": \"Microsoft.Backup/BackupVault\",\r\n      \"location\": \"westus\",\r\n      \"tags\": {}\r\n    }\r\n  ]\r\n}",
      "ResponseHeaders": {
        "Content-Length": [
          "710"
        ],
        "Content-Type": [
          "application/json; charset=utf-8"
        ],
        "Expires": [
          "-1"
        ],
        "Pragma": [
          "no-cache"
        ],
        "x-ms-ratelimit-remaining-subscription-reads": [
          "14989"
        ],
        "x-ms-request-id": [
          "1baadc8d-0712-4111-aa87-8561e3721555"
        ],
        "x-ms-correlation-request-id": [
          "1baadc8d-0712-4111-aa87-8561e3721555"
        ],
        "x-ms-routing-request-id": [
          "CENTRALUS:20150814T092225Z:1baadc8d-0712-4111-aa87-8561e3721555"
        ],
        "Strict-Transport-Security": [
          "max-age=31536000; includeSubDomains"
        ],
        "Cache-Control": [
          "no-cache"
        ],
        "Date": [
          "Fri, 14 Aug 2015 09:22:25 GMT"
        ]
      },
      "StatusCode": 200
    },
    {
      "RequestUri": "/Subscriptions/f5303a0b-fae4-4cdb-b44d-0e4c032dde26/resourceGroups/backuprg/providers/Microsoft.Backup/BackupVault/backuprn/storageconfig/vaultstorageconfig?api-version=2015-03-15",
      "EncodedRequestUri": "L1N1YnNjcmlwdGlvbnMvZjUzMDNhMGItZmFlNC00Y2RiLWI0NGQtMGU0YzAzMmRkZTI2L3Jlc291cmNlR3JvdXBzL2JhY2t1cHJnL3Byb3ZpZGVycy9NaWNyb3NvZnQuQmFja3VwL0JhY2t1cFZhdWx0L2JhY2t1cHJuL3N0b3JhZ2Vjb25maWcvdmF1bHRzdG9yYWdlY29uZmlnP2FwaS12ZXJzaW9uPTIwMTUtMDMtMTU=",
      "RequestMethod": "GET",
      "RequestBody": "",
      "RequestHeaders": {
        "Accept-Language": [
          "en-us"
        ],
        "x-ms-client-request-id": [
          "d6126626-ae80-4967-9667-e56034264b11-2015-08-14 09:22:24Z-PS"
        ],
        "User-Agent": [
          "Microsoft.Azure.Management.BackupServices.BackupVaultServicesManagementClient/0.0.0.0"
        ]
      },
      "ResponseBody": "{\r\n  \"resourceId\": 1774108198771083879,\r\n  \"properties\": {\r\n    \"storageType\": \"LocallyRedundant\",\r\n    \"storageTypeState\": \"Locked\"\r\n  }\r\n}",
      "ResponseHeaders": {
        "Content-Length": [
          "110"
        ],
        "Content-Type": [
          "application/json"
        ],
        "Expires": [
          "-1"
        ],
        "Pragma": [
          "no-cache"
        ],
        "x-ms-request-id": [
          "2488786c-dd78-4e0f-8d7e-0e828aa7b811"
        ],
        "x-ms-client-request-id": [
          "d6126626-ae80-4967-9667-e56034264b11-2015-08-14 09:22:24Z-PS",
          "d6126626-ae80-4967-9667-e56034264b11-2015-08-14 09:22:24Z-PS"
        ],
        "Strict-Transport-Security": [
          "max-age=31536000; includeSubDomains"
        ],
        "x-ms-ratelimit-remaining-subscription-reads": [
          "14988"
        ],
        "x-ms-correlation-request-id": [
          "2488786c-dd78-4e0f-8d7e-0e828aa7b811"
        ],
        "x-ms-routing-request-id": [
          "CENTRALUS:20150814T092227Z:2488786c-dd78-4e0f-8d7e-0e828aa7b811"
        ],
        "Cache-Control": [
          "no-cache"
        ],
        "Date": [
          "Fri, 14 Aug 2015 09:22:27 GMT"
        ],
        "Server": [
          "Microsoft-IIS/8.0"
        ]
      },
      "StatusCode": 200
    },
    {
      "RequestUri": "/Subscriptions/f5303a0b-fae4-4cdb-b44d-0e4c032dde26/resourceGroups/backuprg/providers/Microsoft.Backup/BackupVault/backuprn/protectionPolicies?api-version=2014-09-01",
      "EncodedRequestUri": "L1N1YnNjcmlwdGlvbnMvZjUzMDNhMGItZmFlNC00Y2RiLWI0NGQtMGU0YzAzMmRkZTI2L3Jlc291cmNlR3JvdXBzL2JhY2t1cHJnL3Byb3ZpZGVycy9NaWNyb3NvZnQuQmFja3VwL0JhY2t1cFZhdWx0L2JhY2t1cHJuL3Byb3RlY3Rpb25Qb2xpY2llcz9hcGktdmVyc2lvbj0yMDE0LTA5LTAx",
      "RequestMethod": "GET",
      "RequestBody": "",
      "RequestHeaders": {
        "Accept-Language": [
          "en-us"
        ],
        "x-ms-client-request-id": [
          "2f6af140-972f-436f-9fdb-9a810ecc9c1f-2015-08-14 09:22:28Z-PS"
        ],
        "User-Agent": [
          "Microsoft.Azure.Management.BackupServices.BackupServicesManagementClient/0.0.0.0"
        ]
      },
      "ResponseBody": "{\r\n  \"value\": [\r\n    {\r\n      \"properties\": {\r\n        \"workloadType\": \"IaasVM\",\r\n        \"policyName\": \"DefaultPolicy\",\r\n        \"backupSchedule\": {\r\n          \"backupType\": \"Full\",\r\n          \"scheduleRun\": \"Daily\",\r\n          \"scheduleRunDays\": null,\r\n          \"scheduleRunTimes\": [\r\n            \"2015-08-14T00:00:00\"\r\n          ]\r\n        },\r\n        \"ltrRetentionPolicy\": {\r\n          \"DailySchedule\": {\r\n            \"RetentionTimes\": [\r\n              \"2015-08-14T00:00:00\"\r\n            ],\r\n            \"CSMRetentionDuration\": {\r\n              \"Count\": 30,\r\n              \"DurationType\": 1\r\n            }\r\n          },\r\n          \"WeeklySchedule\": null,\r\n          \"MonthlySchedule\": null,\r\n          \"YearlySchedule\": null\r\n        }\r\n      },\r\n      \"id\": \"/subscriptions/f5303a0b-fae4-4cdb-b44d-0e4c032dde26/resourceGroups/backuprg/providers/Microsoft.Backup/BackupVault/backuprn/protectionPolicies/DefaultPolicy\",\r\n      \"name\": \"DefaultPolicy\",\r\n      \"type\": \"Microsoft.Backup/BackupVault/protectionPolicies\"\r\n    },\r\n    {\r\n      \"properties\": {\r\n        \"workloadType\": \"IaasVM\",\r\n        \"policyName\": \"Policy10\",\r\n        \"backupSchedule\": {\r\n          \"backupType\": \"Full\",\r\n          \"scheduleRun\": \"Daily\",\r\n          \"scheduleRunDays\": null,\r\n          \"scheduleRunTimes\": [\r\n            \"2015-06-13T20:30:00\"\r\n          ]\r\n        },\r\n        \"ltrRetentionPolicy\": {\r\n          \"DailySchedule\": {\r\n            \"RetentionTimes\": [\r\n              \"2015-06-13T20:30:00\"\r\n            ],\r\n            \"CSMRetentionDuration\": {\r\n              \"Count\": 20,\r\n              \"DurationType\": 1\r\n            }\r\n          },\r\n          \"WeeklySchedule\": {\r\n            \"DaysOfTheWeek\": [\r\n              1\r\n            ],\r\n            \"RetentionTimes\": [\r\n              \"2015-06-13T20:30:00\"\r\n            ],\r\n            \"CSMRetentionDuration\": {\r\n              \"Count\": 10,\r\n              \"DurationType\": 2\r\n            }\r\n          },\r\n          \"MonthlySchedule\": null,\r\n          \"YearlySchedule\": null\r\n        }\r\n      },\r\n      \"id\": \"/subscriptions/f5303a0b-fae4-4cdb-b44d-0e4c032dde26/resourceGroups/backuprg/providers/Microsoft.Backup/BackupVault/backuprn/protectionPolicies/Policy10\",\r\n      \"name\": \"Policy10\",\r\n      \"type\": \"Microsoft.Backup/BackupVault/protectionPolicies\"\r\n    },\r\n    {\r\n      \"properties\": {\r\n        \"workloadType\": \"IaasVM\",\r\n        \"policyName\": \"ProtPolicy01\",\r\n        \"backupSchedule\": {\r\n          \"backupType\": \"Full\",\r\n          \"scheduleRun\": \"Daily\",\r\n          \"scheduleRunDays\": null,\r\n          \"scheduleRunTimes\": [\r\n            \"2015-12-06T19:30:00\"\r\n          ]\r\n        },\r\n        \"ltrRetentionPolicy\": {\r\n          \"DailySchedule\": {\r\n            \"RetentionTimes\": [\r\n              \"2015-12-06T19:30:00\"\r\n            ],\r\n            \"CSMRetentionDuration\": {\r\n              \"Count\": 20,\r\n              \"DurationType\": 1\r\n            }\r\n          },\r\n          \"WeeklySchedule\": {\r\n            \"DaysOfTheWeek\": [\r\n              1\r\n            ],\r\n            \"RetentionTimes\": [\r\n              \"2015-12-06T19:30:00\"\r\n            ],\r\n            \"CSMRetentionDuration\": {\r\n              \"Count\": 4,\r\n              \"DurationType\": 2\r\n            }\r\n          },\r\n          \"MonthlySchedule\": null,\r\n          \"YearlySchedule\": null\r\n        }\r\n      },\r\n      \"id\": \"/subscriptions/f5303a0b-fae4-4cdb-b44d-0e4c032dde26/resourceGroups/backuprg/providers/Microsoft.Backup/BackupVault/backuprn/protectionPolicies/ProtPolicy01\",\r\n      \"name\": \"ProtPolicy01\",\r\n      \"type\": \"Microsoft.Backup/BackupVault/protectionPolicies\"\r\n    }\r\n  ],\r\n  \"nextLink\": null\r\n}",
      "ResponseHeaders": {
        "Content-Length": [
          "2159"
        ],
        "Content-Type": [
          "application/json"
        ],
        "Expires": [
          "-1"
        ],
        "Pragma": [
          "no-cache"
        ],
        "x-ms-request-id": [
          "5ba47ea2-3a39-4b15-b281-af12901c20f3"
        ],
        "x-ms-client-request-id": [
          "2f6af140-972f-436f-9fdb-9a810ecc9c1f-2015-08-14 09:22:28Z-PS",
          "2f6af140-972f-436f-9fdb-9a810ecc9c1f-2015-08-14 09:22:28Z-PS"
        ],
        "Strict-Transport-Security": [
          "max-age=31536000; includeSubDomains"
        ],
        "x-ms-ratelimit-remaining-subscription-reads": [
          "14991"
        ],
        "x-ms-correlation-request-id": [
          "5ba47ea2-3a39-4b15-b281-af12901c20f3"
        ],
        "x-ms-routing-request-id": [
          "CENTRALUS:20150814T092230Z:5ba47ea2-3a39-4b15-b281-af12901c20f3"
        ],
        "Cache-Control": [
          "no-cache"
        ],
        "Date": [
          "Fri, 14 Aug 2015 09:22:29 GMT"
        ],
        "Server": [
          "Microsoft-IIS/8.0"
        ],
        "X-Powered-By": [
          "ASP.NET"
        ]
      },
      "StatusCode": 200
    }
  ],
  "Names": {},
  "Variables": {
    "SubscriptionId": "f5303a0b-fae4-4cdb-b44d-0e4c032dde26"
  }
}