{
  "Entries": [
    {
      "RequestUri": "/subscriptions/a1bfa635-f2bf-42f1-86b5-848c674fc321/resourcegroups/ps996?api-version=2020-10-01",
      "EncodedRequestUri": "L3N1YnNjcmlwdGlvbnMvYTFiZmE2MzUtZjJiZi00MmYxLTg2YjUtODQ4YzY3NGZjMzIxL3Jlc291cmNlZ3JvdXBzL3BzOTk2P2FwaS12ZXJzaW9uPTIwMjAtMTAtMDE=",
      "RequestMethod": "HEAD",
      "RequestBody": "",
      "RequestHeaders": {
        "x-ms-client-request-id": [
          "56415d72-9e96-42ca-8c69-7a472c1ddda8"
        ],
        "Accept-Language": [
          "en-US"
        ],
        "User-Agent": [
          "FxVersion/4.6.29321.03",
          "OSName/Windows",
          "OSVersion/Microsoft.Windows.10.0.19042.",
          "Microsoft.Azure.Management.ResourceManager.ResourceManagementClient/3.11.0.0"
        ]
      },
      "ResponseHeaders": {
        "Cache-Control": [
          "no-cache"
        ],
        "Pragma": [
          "no-cache"
        ],
        "x-ms-failure-cause": [
          "gateway"
        ],
        "x-ms-ratelimit-remaining-subscription-reads": [
          "11998"
        ],
        "x-ms-request-id": [
          "1c2ac729-0c46-47e1-985c-98513c5cc30f"
        ],
        "x-ms-correlation-request-id": [
          "1c2ac729-0c46-47e1-985c-98513c5cc30f"
        ],
        "x-ms-routing-request-id": [
          "WESTCENTRALUS:20201215T221631Z:1c2ac729-0c46-47e1-985c-98513c5cc30f"
        ],
        "Strict-Transport-Security": [
          "max-age=31536000; includeSubDomains"
        ],
        "X-Content-Type-Options": [
          "nosniff"
        ],
        "Date": [
          "Tue, 15 Dec 2020 22:16:30 GMT"
        ],
        "Content-Length": [
          "97"
        ],
        "Content-Type": [
          "application/json; charset=utf-8"
        ],
        "Expires": [
          "-1"
        ],
        "Retry-After": [
          "0"
        ]
      },
      "ResponseBody": "",
      "StatusCode": 404
    },
    {
      "RequestUri": "/subscriptions/a1bfa635-f2bf-42f1-86b5-848c674fc321/resourcegroups/ps996?api-version=2020-10-01",
      "EncodedRequestUri": "L3N1YnNjcmlwdGlvbnMvYTFiZmE2MzUtZjJiZi00MmYxLTg2YjUtODQ4YzY3NGZjMzIxL3Jlc291cmNlZ3JvdXBzL3BzOTk2P2FwaS12ZXJzaW9uPTIwMjAtMTAtMDE=",
      "RequestMethod": "HEAD",
      "RequestBody": "",
      "RequestHeaders": {
        "x-ms-client-request-id": [
          "5d284a42-abfe-401c-b403-63d8fb4efd6a"
        ],
        "Accept-Language": [
          "en-US"
        ],
        "User-Agent": [
          "FxVersion/4.6.29321.03",
          "OSName/Windows",
          "OSVersion/Microsoft.Windows.10.0.19042.",
          "Microsoft.Azure.Management.ResourceManager.ResourceManagementClient/3.11.0.0"
        ]
      },
      "ResponseHeaders": {
        "Cache-Control": [
          "no-cache"
        ],
        "Pragma": [
          "no-cache"
        ],
        "x-ms-ratelimit-remaining-subscription-reads": [
          "11989"
        ],
        "x-ms-request-id": [
          "ba699884-5c9d-44f1-a3f2-9f97aff33399"
        ],
        "x-ms-correlation-request-id": [
          "ba699884-5c9d-44f1-a3f2-9f97aff33399"
        ],
        "x-ms-routing-request-id": [
          "WESTCENTRALUS:20201215T221639Z:ba699884-5c9d-44f1-a3f2-9f97aff33399"
        ],
        "Strict-Transport-Security": [
          "max-age=31536000; includeSubDomains"
        ],
        "X-Content-Type-Options": [
          "nosniff"
        ],
        "Date": [
          "Tue, 15 Dec 2020 22:16:39 GMT"
        ],
        "Content-Length": [
          "0"
        ],
        "Expires": [
          "-1"
        ],
        "Retry-After": [
          "0"
        ]
      },
      "ResponseBody": "",
      "StatusCode": 204
    },
    {
      "RequestUri": "/subscriptions/a1bfa635-f2bf-42f1-86b5-848c674fc321/resourcegroups/ps996?api-version=2020-10-01",
      "EncodedRequestUri": "L3N1YnNjcmlwdGlvbnMvYTFiZmE2MzUtZjJiZi00MmYxLTg2YjUtODQ4YzY3NGZjMzIxL3Jlc291cmNlZ3JvdXBzL3BzOTk2P2FwaS12ZXJzaW9uPTIwMjAtMTAtMDE=",
      "RequestMethod": "PUT",
      "RequestBody": "{\r\n  \"location\": \"West US 2\"\r\n}",
      "RequestHeaders": {
        "x-ms-client-request-id": [
          "256886aa-53d2-44ce-85bd-2f808e8e6a4a"
        ],
        "Accept-Language": [
          "en-US"
        ],
        "User-Agent": [
          "FxVersion/4.6.29321.03",
          "OSName/Windows",
          "OSVersion/Microsoft.Windows.10.0.19042.",
          "Microsoft.Azure.Management.ResourceManager.ResourceManagementClient/3.11.0.0"
        ],
        "Content-Type": [
          "application/json; charset=utf-8"
        ],
        "Content-Length": [
          "31"
        ]
      },
      "ResponseHeaders": {
        "Cache-Control": [
          "no-cache"
        ],
        "Pragma": [
          "no-cache"
        ],
        "x-ms-ratelimit-remaining-subscription-writes": [
          "1198"
        ],
        "x-ms-request-id": [
          "ed57a077-080d-4c48-bbdb-1c36dcaa7b5d"
        ],
        "x-ms-correlation-request-id": [
          "ed57a077-080d-4c48-bbdb-1c36dcaa7b5d"
        ],
        "x-ms-routing-request-id": [
          "WESTCENTRALUS:20201215T221632Z:ed57a077-080d-4c48-bbdb-1c36dcaa7b5d"
        ],
        "Strict-Transport-Security": [
          "max-age=31536000; includeSubDomains"
        ],
        "X-Content-Type-Options": [
          "nosniff"
        ],
        "Date": [
          "Tue, 15 Dec 2020 22:16:31 GMT"
        ],
        "Content-Length": [
          "208"
        ],
        "Content-Type": [
          "application/json; charset=utf-8"
        ],
        "Expires": [
          "-1"
        ],
        "Retry-After": [
          "0"
        ]
      },
      "ResponseBody": "{\r\n  \"id\": \"/subscriptions/a1bfa635-f2bf-42f1-86b5-848c674fc321/resourceGroups/ps996\",\r\n  \"name\": \"ps996\",\r\n  \"type\": \"Microsoft.Resources/resourceGroups\",\r\n  \"location\": \"westus2\",\r\n  \"properties\": {\r\n    \"provisioningState\": \"Succeeded\"\r\n  }\r\n}",
      "StatusCode": 201
    },
    {
      "RequestUri": "/subscriptions/a1bfa635-f2bf-42f1-86b5-848c674fc321/resourceGroups/ps996/providers/Microsoft.Resources/templateSpecs/ps9866?api-version=2019-06-01-preview",
      "EncodedRequestUri": "L3N1YnNjcmlwdGlvbnMvYTFiZmE2MzUtZjJiZi00MmYxLTg2YjUtODQ4YzY3NGZjMzIxL3Jlc291cmNlR3JvdXBzL3BzOTk2L3Byb3ZpZGVycy9NaWNyb3NvZnQuUmVzb3VyY2VzL3RlbXBsYXRlU3BlY3MvcHM5ODY2P2FwaS12ZXJzaW9uPTIwMTktMDYtMDEtcHJldmlldw==",
      "RequestMethod": "GET",
      "RequestBody": "",
      "RequestHeaders": {
        "x-ms-client-request-id": [
          "05f683f4-ef84-44af-8284-bc7d283f2d23"
        ],
        "Accept-Language": [
          "en-US"
        ],
        "User-Agent": [
          "FxVersion/4.6.29321.03",
          "OSName/Windows",
          "OSVersion/Microsoft.Windows.10.0.19042.",
          "Microsoft.Azure.Management.ResourceManager.TemplateSpecsClient/3.11.0.0"
        ]
      },
      "ResponseHeaders": {
        "Cache-Control": [
          "no-cache"
        ],
        "Pragma": [
          "no-cache"
        ],
        "x-ms-failure-cause": [
          "gateway"
        ],
        "x-ms-request-id": [
          "4c1a2945-a2d2-4c3a-a162-1de376b4607a"
        ],
        "x-ms-correlation-request-id": [
          "4c1a2945-a2d2-4c3a-a162-1de376b4607a"
        ],
        "x-ms-routing-request-id": [
          "WESTCENTRALUS:20201215T221632Z:4c1a2945-a2d2-4c3a-a162-1de376b4607a"
        ],
        "Strict-Transport-Security": [
          "max-age=31536000; includeSubDomains"
        ],
        "X-Content-Type-Options": [
          "nosniff"
        ],
        "Date": [
          "Tue, 15 Dec 2020 22:16:32 GMT"
        ],
        "Content-Type": [
          "application/json; charset=utf-8"
        ],
        "Expires": [
          "-1"
        ],
        "Content-Length": [
          "217"
        ],
        "Retry-After": [
          "0"
        ]
      },
      "ResponseBody": "{\r\n  \"error\": {\r\n    \"code\": \"ResourceNotFound\",\r\n    \"message\": \"The Resource 'Microsoft.Resources/templateSpecs/ps9866' under resource group 'ps996' was not found. For more details please go to https://aka.ms/ARMResourceNotFoundFix\"\r\n  }\r\n}",
      "StatusCode": 404
    },
    {
      "RequestUri": "/subscriptions/a1bfa635-f2bf-42f1-86b5-848c674fc321/resourceGroups/ps996/providers/Microsoft.Resources/templateSpecs/ps9866?api-version=2019-06-01-preview",
      "EncodedRequestUri": "L3N1YnNjcmlwdGlvbnMvYTFiZmE2MzUtZjJiZi00MmYxLTg2YjUtODQ4YzY3NGZjMzIxL3Jlc291cmNlR3JvdXBzL3BzOTk2L3Byb3ZpZGVycy9NaWNyb3NvZnQuUmVzb3VyY2VzL3RlbXBsYXRlU3BlY3MvcHM5ODY2P2FwaS12ZXJzaW9uPTIwMTktMDYtMDEtcHJldmlldw==",
      "RequestMethod": "GET",
      "RequestBody": "",
      "RequestHeaders": {
        "x-ms-client-request-id": [
          "e00a77c9-8d9d-4984-b3e2-f1a885e71073"
        ],
        "Accept-Language": [
          "en-US"
        ],
        "User-Agent": [
          "FxVersion/4.6.29321.03",
          "OSName/Windows",
          "OSVersion/Microsoft.Windows.10.0.19042.",
          "Microsoft.Azure.Management.ResourceManager.TemplateSpecsClient/3.11.0.0"
        ]
      },
      "ResponseHeaders": {
        "Cache-Control": [
          "no-cache"
        ],
        "Pragma": [
          "no-cache"
        ],
        "x-ms-request-id": [
          "935186d7-8211-424d-b128-d95195eaa288"
        ],
        "Server": [
          "Microsoft-HTTPAPI/2.0"
        ],
        "x-ms-ratelimit-remaining-subscription-reads": [
          "11994"
        ],
        "x-ms-correlation-request-id": [
          "5edf3e3b-86d8-4d15-b63b-6d5a12f664f9"
        ],
        "x-ms-routing-request-id": [
          "WESTCENTRALUS:20201215T221634Z:5edf3e3b-86d8-4d15-b63b-6d5a12f664f9"
        ],
        "Strict-Transport-Security": [
          "max-age=31536000; includeSubDomains"
        ],
        "X-Content-Type-Options": [
          "nosniff"
        ],
        "Date": [
          "Tue, 15 Dec 2020 22:16:34 GMT"
        ],
        "Content-Length": [
          "586"
        ],
        "Content-Type": [
          "application/json; charset=utf-8"
        ],
        "Expires": [
          "-1"
        ],
        "Retry-After": [
          "0"
        ]
      },
      "ResponseBody": "{\r\n  \"location\": \"West US 2\",\r\n  \"systemData\": {\r\n    \"createdBy\": \"546094f3-32fa-493c-824c-bd9575b0d2fe\",\r\n    \"createdByType\": \"Application\",\r\n    \"createdAt\": \"2020-12-15T22:16:33.8218161Z\",\r\n    \"lastModifiedBy\": \"546094f3-32fa-493c-824c-bd9575b0d2fe\",\r\n    \"lastModifiedByType\": \"Application\",\r\n    \"lastModifiedAt\": \"2020-12-15T22:16:33.8218161Z\"\r\n  },\r\n  \"properties\": {},\r\n  \"id\": \"/subscriptions/a1bfa635-f2bf-42f1-86b5-848c674fc321/resourceGroups/ps996/providers/Microsoft.Resources/templateSpecs/ps9866\",\r\n  \"type\": \"Microsoft.Resources/templateSpecs\",\r\n  \"name\": \"ps9866\"\r\n}",
      "StatusCode": 200
    },
    {
      "RequestUri": "/subscriptions/a1bfa635-f2bf-42f1-86b5-848c674fc321/resourceGroups/ps996/providers/Microsoft.Resources/templateSpecs/ps9866?api-version=2019-06-01-preview",
      "EncodedRequestUri": "L3N1YnNjcmlwdGlvbnMvYTFiZmE2MzUtZjJiZi00MmYxLTg2YjUtODQ4YzY3NGZjMzIxL3Jlc291cmNlR3JvdXBzL3BzOTk2L3Byb3ZpZGVycy9NaWNyb3NvZnQuUmVzb3VyY2VzL3RlbXBsYXRlU3BlY3MvcHM5ODY2P2FwaS12ZXJzaW9uPTIwMTktMDYtMDEtcHJldmlldw==",
      "RequestMethod": "GET",
      "RequestBody": "",
      "RequestHeaders": {
        "x-ms-client-request-id": [
          "d61ddf66-dd40-4665-a961-00eb13209115"
        ],
        "Accept-Language": [
          "en-US"
        ],
        "User-Agent": [
          "FxVersion/4.6.29321.03",
          "OSName/Windows",
          "OSVersion/Microsoft.Windows.10.0.19042.",
          "Microsoft.Azure.Management.ResourceManager.TemplateSpecsClient/3.11.0.0"
        ]
      },
      "ResponseHeaders": {
        "Cache-Control": [
          "no-cache"
        ],
        "Pragma": [
          "no-cache"
        ],
        "x-ms-request-id": [
          "42575b13-97e9-4f41-a26d-afa93133f862"
        ],
        "Server": [
          "Microsoft-HTTPAPI/2.0"
        ],
        "x-ms-ratelimit-remaining-subscription-reads": [
          "11993"
        ],
        "x-ms-correlation-request-id": [
          "c66fc1bb-6f34-4afa-838c-9076bd3b56ad"
        ],
        "x-ms-routing-request-id": [
          "WESTCENTRALUS:20201215T221635Z:c66fc1bb-6f34-4afa-838c-9076bd3b56ad"
        ],
        "Strict-Transport-Security": [
          "max-age=31536000; includeSubDomains"
        ],
        "X-Content-Type-Options": [
          "nosniff"
        ],
        "Date": [
          "Tue, 15 Dec 2020 22:16:34 GMT"
        ],
        "Content-Length": [
          "586"
        ],
        "Content-Type": [
          "application/json; charset=utf-8"
        ],
        "Expires": [
          "-1"
        ],
        "Retry-After": [
          "0"
        ]
      },
      "ResponseBody": "{\r\n  \"location\": \"West US 2\",\r\n  \"systemData\": {\r\n    \"createdBy\": \"546094f3-32fa-493c-824c-bd9575b0d2fe\",\r\n    \"createdByType\": \"Application\",\r\n    \"createdAt\": \"2020-12-15T22:16:33.8218161Z\",\r\n    \"lastModifiedBy\": \"546094f3-32fa-493c-824c-bd9575b0d2fe\",\r\n    \"lastModifiedByType\": \"Application\",\r\n    \"lastModifiedAt\": \"2020-12-15T22:16:33.8218161Z\"\r\n  },\r\n  \"properties\": {},\r\n  \"id\": \"/subscriptions/a1bfa635-f2bf-42f1-86b5-848c674fc321/resourceGroups/ps996/providers/Microsoft.Resources/templateSpecs/ps9866\",\r\n  \"type\": \"Microsoft.Resources/templateSpecs\",\r\n  \"name\": \"ps9866\"\r\n}",
      "StatusCode": 200
    },
    {
      "RequestUri": "/subscriptions/a1bfa635-f2bf-42f1-86b5-848c674fc321/resourceGroups/ps996/providers/Microsoft.Resources/templateSpecs/ps9866?api-version=2019-06-01-preview",
      "EncodedRequestUri": "L3N1YnNjcmlwdGlvbnMvYTFiZmE2MzUtZjJiZi00MmYxLTg2YjUtODQ4YzY3NGZjMzIxL3Jlc291cmNlR3JvdXBzL3BzOTk2L3Byb3ZpZGVycy9NaWNyb3NvZnQuUmVzb3VyY2VzL3RlbXBsYXRlU3BlY3MvcHM5ODY2P2FwaS12ZXJzaW9uPTIwMTktMDYtMDEtcHJldmlldw==",
      "RequestMethod": "GET",
      "RequestBody": "",
      "RequestHeaders": {
        "x-ms-client-request-id": [
          "43880391-ba48-483b-9376-d9dcdfacd4cb"
        ],
        "Accept-Language": [
          "en-US"
        ],
        "User-Agent": [
          "FxVersion/4.6.29321.03",
          "OSName/Windows",
          "OSVersion/Microsoft.Windows.10.0.19042.",
          "Microsoft.Azure.Management.ResourceManager.TemplateSpecsClient/3.11.0.0"
        ]
      },
      "ResponseHeaders": {
        "Cache-Control": [
          "no-cache"
        ],
        "Pragma": [
          "no-cache"
        ],
        "x-ms-request-id": [
          "8cb34d8f-072c-44e1-a4ec-229174ae88e7"
        ],
        "Server": [
          "Microsoft-HTTPAPI/2.0"
        ],
        "x-ms-ratelimit-remaining-subscription-reads": [
          "11996"
        ],
        "x-ms-correlation-request-id": [
          "f3acd185-cd77-4a65-8408-169b4d5cff70"
        ],
        "x-ms-routing-request-id": [
          "WESTCENTRALUS:20201215T221637Z:f3acd185-cd77-4a65-8408-169b4d5cff70"
        ],
        "Strict-Transport-Security": [
          "max-age=31536000; includeSubDomains"
        ],
        "X-Content-Type-Options": [
          "nosniff"
        ],
        "Date": [
          "Tue, 15 Dec 2020 22:16:37 GMT"
        ],
        "Content-Length": [
          "586"
        ],
        "Content-Type": [
          "application/json; charset=utf-8"
        ],
        "Expires": [
          "-1"
        ],
        "Retry-After": [
          "0"
        ]
      },
      "ResponseBody": "{\r\n  \"location\": \"West US 2\",\r\n  \"systemData\": {\r\n    \"createdBy\": \"546094f3-32fa-493c-824c-bd9575b0d2fe\",\r\n    \"createdByType\": \"Application\",\r\n    \"createdAt\": \"2020-12-15T22:16:33.8218161Z\",\r\n    \"lastModifiedBy\": \"546094f3-32fa-493c-824c-bd9575b0d2fe\",\r\n    \"lastModifiedByType\": \"Application\",\r\n    \"lastModifiedAt\": \"2020-12-15T22:16:36.7516177Z\"\r\n  },\r\n  \"properties\": {},\r\n  \"id\": \"/subscriptions/a1bfa635-f2bf-42f1-86b5-848c674fc321/resourceGroups/ps996/providers/Microsoft.Resources/templateSpecs/ps9866\",\r\n  \"type\": \"Microsoft.Resources/templateSpecs\",\r\n  \"name\": \"ps9866\"\r\n}",
      "StatusCode": 200
    },
    {
      "RequestUri": "/subscriptions/a1bfa635-f2bf-42f1-86b5-848c674fc321/resourceGroups/ps996/providers/Microsoft.Resources/templateSpecs/ps9866?api-version=2019-06-01-preview",
      "EncodedRequestUri": "L3N1YnNjcmlwdGlvbnMvYTFiZmE2MzUtZjJiZi00MmYxLTg2YjUtODQ4YzY3NGZjMzIxL3Jlc291cmNlR3JvdXBzL3BzOTk2L3Byb3ZpZGVycy9NaWNyb3NvZnQuUmVzb3VyY2VzL3RlbXBsYXRlU3BlY3MvcHM5ODY2P2FwaS12ZXJzaW9uPTIwMTktMDYtMDEtcHJldmlldw==",
      "RequestMethod": "GET",
      "RequestBody": "",
      "RequestHeaders": {
        "x-ms-client-request-id": [
          "e14a3e43-496e-42c1-9ba1-973a57bbe794"
        ],
        "Accept-Language": [
          "en-US"
        ],
        "User-Agent": [
          "FxVersion/4.6.29321.03",
          "OSName/Windows",
          "OSVersion/Microsoft.Windows.10.0.19042.",
          "Microsoft.Azure.Management.ResourceManager.TemplateSpecsClient/3.11.0.0"
        ]
      },
      "ResponseHeaders": {
        "Cache-Control": [
          "no-cache"
        ],
        "Pragma": [
          "no-cache"
        ],
        "x-ms-request-id": [
          "762a5b48-110b-42c7-b02e-181bb24de252"
        ],
        "Server": [
          "Microsoft-HTTPAPI/2.0"
        ],
        "x-ms-ratelimit-remaining-subscription-reads": [
          "11995"
        ],
        "x-ms-correlation-request-id": [
          "acb3ed6f-f222-4143-b92c-4b4d846ccb33"
        ],
        "x-ms-routing-request-id": [
          "WESTCENTRALUS:20201215T221638Z:acb3ed6f-f222-4143-b92c-4b4d846ccb33"
        ],
        "Strict-Transport-Security": [
          "max-age=31536000; includeSubDomains"
        ],
        "X-Content-Type-Options": [
          "nosniff"
        ],
        "Date": [
          "Tue, 15 Dec 2020 22:16:38 GMT"
        ],
        "Content-Length": [
          "665"
        ],
        "Content-Type": [
          "application/json; charset=utf-8"
        ],
        "Expires": [
          "-1"
        ],
        "Retry-After": [
          "0"
        ]
      },
      "ResponseBody": "{\r\n  \"location\": \"West US 2\",\r\n  \"tags\": {\r\n    \"RootTag1\": \"RootValue1\",\r\n    \"RootTag2\": \"RootValue2\"\r\n  },\r\n  \"systemData\": {\r\n    \"createdBy\": \"546094f3-32fa-493c-824c-bd9575b0d2fe\",\r\n    \"createdByType\": \"Application\",\r\n    \"createdAt\": \"2020-12-15T22:16:33.8218161Z\",\r\n    \"lastModifiedBy\": \"546094f3-32fa-493c-824c-bd9575b0d2fe\",\r\n    \"lastModifiedByType\": \"Application\",\r\n    \"lastModifiedAt\": \"2020-12-15T22:16:37.949375Z\"\r\n  },\r\n  \"properties\": {},\r\n  \"id\": \"/subscriptions/a1bfa635-f2bf-42f1-86b5-848c674fc321/resourceGroups/ps996/providers/Microsoft.Resources/templateSpecs/ps9866\",\r\n  \"type\": \"Microsoft.Resources/templateSpecs\",\r\n  \"name\": \"ps9866\"\r\n}",
      "StatusCode": 200
    },
    {
      "RequestUri": "/subscriptions/a1bfa635-f2bf-42f1-86b5-848c674fc321/resourceGroups/ps996/providers/Microsoft.Resources/templateSpecs/ps9866?api-version=2019-06-01-preview",
      "EncodedRequestUri": "L3N1YnNjcmlwdGlvbnMvYTFiZmE2MzUtZjJiZi00MmYxLTg2YjUtODQ4YzY3NGZjMzIxL3Jlc291cmNlR3JvdXBzL3BzOTk2L3Byb3ZpZGVycy9NaWNyb3NvZnQuUmVzb3VyY2VzL3RlbXBsYXRlU3BlY3MvcHM5ODY2P2FwaS12ZXJzaW9uPTIwMTktMDYtMDEtcHJldmlldw==",
      "RequestMethod": "PUT",
      "RequestBody": "{\r\n  \"location\": \"West US 2\"\r\n}",
      "RequestHeaders": {
        "x-ms-client-request-id": [
          "c356df25-ff1a-4285-a744-658e95d78224"
        ],
        "Accept-Language": [
          "en-US"
        ],
        "User-Agent": [
          "FxVersion/4.6.29321.03",
          "OSName/Windows",
          "OSVersion/Microsoft.Windows.10.0.19042.",
          "Microsoft.Azure.Management.ResourceManager.TemplateSpecsClient/3.11.0.0"
        ],
        "Content-Type": [
          "application/json; charset=utf-8"
        ],
        "Content-Length": [
          "31"
        ]
      },
      "ResponseHeaders": {
        "Cache-Control": [
          "no-cache"
        ],
        "Pragma": [
          "no-cache"
        ],
        "x-ms-request-id": [
          "ba01e0a4-8a95-4ff7-88da-f63900b242c6"
        ],
        "Server": [
          "Microsoft-HTTPAPI/2.0"
        ],
        "x-ms-ratelimit-remaining-subscription-writes": [
          "1197"
        ],
        "x-ms-correlation-request-id": [
          "3c95b848-cbb3-4da6-82cc-5d8e999873f8"
        ],
        "x-ms-routing-request-id": [
          "WESTCENTRALUS:20201215T221634Z:3c95b848-cbb3-4da6-82cc-5d8e999873f8"
        ],
        "Strict-Transport-Security": [
          "max-age=31536000; includeSubDomains"
        ],
        "X-Content-Type-Options": [
          "nosniff"
        ],
        "Date": [
          "Tue, 15 Dec 2020 22:16:33 GMT"
        ],
        "Content-Length": [
          "586"
        ],
        "Content-Type": [
          "application/json; charset=utf-8"
        ],
        "Expires": [
          "-1"
        ],
        "Retry-After": [
          "0"
        ]
      },
      "ResponseBody": "{\r\n  \"location\": \"West US 2\",\r\n  \"systemData\": {\r\n    \"createdBy\": \"546094f3-32fa-493c-824c-bd9575b0d2fe\",\r\n    \"createdByType\": \"Application\",\r\n    \"createdAt\": \"2020-12-15T22:16:33.8218161Z\",\r\n    \"lastModifiedBy\": \"546094f3-32fa-493c-824c-bd9575b0d2fe\",\r\n    \"lastModifiedByType\": \"Application\",\r\n    \"lastModifiedAt\": \"2020-12-15T22:16:33.8218161Z\"\r\n  },\r\n  \"properties\": {},\r\n  \"id\": \"/subscriptions/a1bfa635-f2bf-42f1-86b5-848c674fc321/resourceGroups/ps996/providers/Microsoft.Resources/templateSpecs/ps9866\",\r\n  \"type\": \"Microsoft.Resources/templateSpecs\",\r\n  \"name\": \"ps9866\"\r\n}",
      "StatusCode": 201
    },
    {
      "RequestUri": "/subscriptions/a1bfa635-f2bf-42f1-86b5-848c674fc321/resourceGroups/ps996/providers/Microsoft.Resources/templateSpecs/ps9866?api-version=2019-06-01-preview",
      "EncodedRequestUri": "L3N1YnNjcmlwdGlvbnMvYTFiZmE2MzUtZjJiZi00MmYxLTg2YjUtODQ4YzY3NGZjMzIxL3Jlc291cmNlR3JvdXBzL3BzOTk2L3Byb3ZpZGVycy9NaWNyb3NvZnQuUmVzb3VyY2VzL3RlbXBsYXRlU3BlY3MvcHM5ODY2P2FwaS12ZXJzaW9uPTIwMTktMDYtMDEtcHJldmlldw==",
      "RequestMethod": "PUT",
      "RequestBody": "{\r\n  \"location\": \"West US 2\"\r\n}",
      "RequestHeaders": {
        "x-ms-client-request-id": [
          "de37063d-c6da-425c-993f-0371babf750e"
        ],
        "Accept-Language": [
          "en-US"
        ],
        "User-Agent": [
          "FxVersion/4.6.29321.03",
          "OSName/Windows",
          "OSVersion/Microsoft.Windows.10.0.19042.",
          "Microsoft.Azure.Management.ResourceManager.TemplateSpecsClient/3.11.0.0"
        ],
        "Content-Type": [
          "application/json; charset=utf-8"
        ],
        "Content-Length": [
          "31"
        ]
      },
      "ResponseHeaders": {
        "Cache-Control": [
          "no-cache"
        ],
        "Pragma": [
          "no-cache"
        ],
        "x-ms-request-id": [
          "6c5643ab-5240-49f6-871e-a92b025578b2"
        ],
        "Server": [
          "Microsoft-HTTPAPI/2.0"
        ],
        "x-ms-ratelimit-remaining-subscription-writes": [
          "1198"
        ],
        "x-ms-correlation-request-id": [
          "3325857a-a7d1-459c-952f-c0172c10a969"
        ],
        "x-ms-routing-request-id": [
          "WESTCENTRALUS:20201215T221635Z:3325857a-a7d1-459c-952f-c0172c10a969"
        ],
        "Strict-Transport-Security": [
          "max-age=31536000; includeSubDomains"
        ],
        "X-Content-Type-Options": [
          "nosniff"
        ],
        "Date": [
          "Tue, 15 Dec 2020 22:16:34 GMT"
        ],
        "Content-Length": [
          "586"
        ],
        "Content-Type": [
          "application/json; charset=utf-8"
        ],
        "Expires": [
          "-1"
        ],
        "Retry-After": [
          "0"
        ]
      },
      "ResponseBody": "{\r\n  \"location\": \"West US 2\",\r\n  \"systemData\": {\r\n    \"createdBy\": \"546094f3-32fa-493c-824c-bd9575b0d2fe\",\r\n    \"createdByType\": \"Application\",\r\n    \"createdAt\": \"2020-12-15T22:16:33.8218161Z\",\r\n    \"lastModifiedBy\": \"546094f3-32fa-493c-824c-bd9575b0d2fe\",\r\n    \"lastModifiedByType\": \"Application\",\r\n    \"lastModifiedAt\": \"2020-12-15T22:16:35.3715984Z\"\r\n  },\r\n  \"properties\": {},\r\n  \"id\": \"/subscriptions/a1bfa635-f2bf-42f1-86b5-848c674fc321/resourceGroups/ps996/providers/Microsoft.Resources/templateSpecs/ps9866\",\r\n  \"type\": \"Microsoft.Resources/templateSpecs\",\r\n  \"name\": \"ps9866\"\r\n}",
      "StatusCode": 201
    },
    {
      "RequestUri": "/subscriptions/a1bfa635-f2bf-42f1-86b5-848c674fc321/resourceGroups/ps996/providers/Microsoft.Resources/templateSpecs/ps9866?api-version=2019-06-01-preview",
      "EncodedRequestUri": "L3N1YnNjcmlwdGlvbnMvYTFiZmE2MzUtZjJiZi00MmYxLTg2YjUtODQ4YzY3NGZjMzIxL3Jlc291cmNlR3JvdXBzL3BzOTk2L3Byb3ZpZGVycy9NaWNyb3NvZnQuUmVzb3VyY2VzL3RlbXBsYXRlU3BlY3MvcHM5ODY2P2FwaS12ZXJzaW9uPTIwMTktMDYtMDEtcHJldmlldw==",
      "RequestMethod": "PUT",
      "RequestBody": "{\r\n  \"location\": \"West US 2\",\r\n  \"tags\": {\r\n    \"RootTag1\": \"RootValue1\",\r\n    \"RootTag2\": \"RootValue2\"\r\n  }\r\n}",
      "RequestHeaders": {
        "x-ms-client-request-id": [
          "b4041004-22f8-4946-8e0d-30c632d80745"
        ],
        "Accept-Language": [
          "en-US"
        ],
        "User-Agent": [
          "FxVersion/4.6.29321.03",
          "OSName/Windows",
          "OSVersion/Microsoft.Windows.10.0.19042.",
          "Microsoft.Azure.Management.ResourceManager.TemplateSpecsClient/3.11.0.0"
        ],
        "Content-Type": [
          "application/json; charset=utf-8"
        ],
        "Content-Length": [
          "111"
        ]
      },
      "ResponseHeaders": {
        "Cache-Control": [
          "no-cache"
        ],
        "Pragma": [
          "no-cache"
        ],
        "x-ms-request-id": [
          "c2ec65ae-a2a8-49c0-b1eb-c3c422c91a72"
        ],
        "Server": [
          "Microsoft-HTTPAPI/2.0"
        ],
        "x-ms-ratelimit-remaining-subscription-writes": [
          "1197"
        ],
        "x-ms-correlation-request-id": [
          "bc7b7274-5369-44b8-b89f-912a602f508a"
        ],
        "x-ms-routing-request-id": [
          "WESTCENTRALUS:20201215T221638Z:bc7b7274-5369-44b8-b89f-912a602f508a"
        ],
        "Strict-Transport-Security": [
          "max-age=31536000; includeSubDomains"
        ],
        "X-Content-Type-Options": [
          "nosniff"
        ],
        "Date": [
          "Tue, 15 Dec 2020 22:16:38 GMT"
        ],
        "Content-Length": [
          "665"
        ],
        "Content-Type": [
          "application/json; charset=utf-8"
        ],
        "Expires": [
          "-1"
        ],
        "Retry-After": [
          "0"
        ]
      },
      "ResponseBody": "{\r\n  \"location\": \"West US 2\",\r\n  \"tags\": {\r\n    \"RootTag1\": \"RootValue1\",\r\n    \"RootTag2\": \"RootValue2\"\r\n  },\r\n  \"systemData\": {\r\n    \"createdBy\": \"546094f3-32fa-493c-824c-bd9575b0d2fe\",\r\n    \"createdByType\": \"Application\",\r\n    \"createdAt\": \"2020-12-15T22:16:33.8218161Z\",\r\n    \"lastModifiedBy\": \"546094f3-32fa-493c-824c-bd9575b0d2fe\",\r\n    \"lastModifiedByType\": \"Application\",\r\n    \"lastModifiedAt\": \"2020-12-15T22:16:37.949375Z\"\r\n  },\r\n  \"properties\": {},\r\n  \"id\": \"/subscriptions/a1bfa635-f2bf-42f1-86b5-848c674fc321/resourceGroups/ps996/providers/Microsoft.Resources/templateSpecs/ps9866\",\r\n  \"type\": \"Microsoft.Resources/templateSpecs\",\r\n  \"name\": \"ps9866\"\r\n}",
      "StatusCode": 201
    },
    {
      "RequestUri": "/subscriptions/a1bfa635-f2bf-42f1-86b5-848c674fc321/resourceGroups/ps996/providers/Microsoft.Resources/templateSpecs/ps9866/versions?api-version=2019-06-01-preview",
      "EncodedRequestUri": "L3N1YnNjcmlwdGlvbnMvYTFiZmE2MzUtZjJiZi00MmYxLTg2YjUtODQ4YzY3NGZjMzIxL3Jlc291cmNlR3JvdXBzL3BzOTk2L3Byb3ZpZGVycy9NaWNyb3NvZnQuUmVzb3VyY2VzL3RlbXBsYXRlU3BlY3MvcHM5ODY2L3ZlcnNpb25zP2FwaS12ZXJzaW9uPTIwMTktMDYtMDEtcHJldmlldw==",
      "RequestMethod": "GET",
      "RequestBody": "",
      "RequestHeaders": {
        "x-ms-client-request-id": [
          "015bd256-0829-4427-a5f5-ab7bab1f40da"
        ],
        "Accept-Language": [
          "en-US"
        ],
        "User-Agent": [
          "FxVersion/4.6.29321.03",
          "OSName/Windows",
          "OSVersion/Microsoft.Windows.10.0.19042.",
          "Microsoft.Azure.Management.ResourceManager.TemplateSpecsClient/3.11.0.0"
        ]
      },
      "ResponseHeaders": {
        "Cache-Control": [
          "no-cache"
        ],
        "Pragma": [
          "no-cache"
        ],
        "x-ms-request-id": [
          "e50c1045-7ab0-41eb-867e-9428e7087d59"
        ],
        "Server": [
          "Microsoft-HTTPAPI/2.0"
        ],
        "x-ms-ratelimit-remaining-subscription-reads": [
          "11993"
        ],
        "x-ms-correlation-request-id": [
          "d299e48a-1c28-45ba-b0eb-a27dc7e1d9a0"
        ],
        "x-ms-routing-request-id": [
          "WESTCENTRALUS:20201215T221634Z:d299e48a-1c28-45ba-b0eb-a27dc7e1d9a0"
        ],
        "Strict-Transport-Security": [
          "max-age=31536000; includeSubDomains"
        ],
        "X-Content-Type-Options": [
          "nosniff"
        ],
        "Date": [
          "Tue, 15 Dec 2020 22:16:34 GMT"
        ],
        "Content-Length": [
          "19"
        ],
        "Content-Type": [
          "application/json; charset=utf-8"
        ],
        "Expires": [
          "-1"
        ],
        "Retry-After": [
          "0"
        ]
      },
      "ResponseBody": "{\r\n  \"value\": []\r\n}",
      "StatusCode": 200
    },
    {
      "RequestUri": "/subscriptions/a1bfa635-f2bf-42f1-86b5-848c674fc321/resourceGroups/ps996/providers/Microsoft.Resources/templateSpecs/ps9866/versions?api-version=2019-06-01-preview",
      "EncodedRequestUri": "L3N1YnNjcmlwdGlvbnMvYTFiZmE2MzUtZjJiZi00MmYxLTg2YjUtODQ4YzY3NGZjMzIxL3Jlc291cmNlR3JvdXBzL3BzOTk2L3Byb3ZpZGVycy9NaWNyb3NvZnQuUmVzb3VyY2VzL3RlbXBsYXRlU3BlY3MvcHM5ODY2L3ZlcnNpb25zP2FwaS12ZXJzaW9uPTIwMTktMDYtMDEtcHJldmlldw==",
      "RequestMethod": "GET",
      "RequestBody": "",
      "RequestHeaders": {
        "x-ms-client-request-id": [
          "27426c2c-bb28-4d8f-838a-85905db956bb"
        ],
        "Accept-Language": [
          "en-US"
        ],
        "User-Agent": [
          "FxVersion/4.6.29321.03",
          "OSName/Windows",
          "OSVersion/Microsoft.Windows.10.0.19042.",
          "Microsoft.Azure.Management.ResourceManager.TemplateSpecsClient/3.11.0.0"
        ]
      },
      "ResponseHeaders": {
        "Cache-Control": [
          "no-cache"
        ],
        "Pragma": [
          "no-cache"
        ],
        "x-ms-request-id": [
          "db91eca2-5ffe-4a67-bf55-e5b3465a8e95"
        ],
        "Server": [
          "Microsoft-HTTPAPI/2.0"
        ],
        "x-ms-ratelimit-remaining-subscription-reads": [
          "11994"
        ],
        "x-ms-correlation-request-id": [
          "6d57a25e-69a2-4fa9-98bb-72d0cf366830"
        ],
        "x-ms-routing-request-id": [
          "WESTCENTRALUS:20201215T221638Z:6d57a25e-69a2-4fa9-98bb-72d0cf366830"
        ],
        "Strict-Transport-Security": [
          "max-age=31536000; includeSubDomains"
        ],
        "X-Content-Type-Options": [
          "nosniff"
        ],
        "Date": [
          "Tue, 15 Dec 2020 22:16:38 GMT"
        ],
        "Content-Length": [
          "2210"
        ],
        "Content-Type": [
          "application/json; charset=utf-8"
        ],
        "Expires": [
          "-1"
        ],
        "Retry-After": [
          "0"
        ]
      },
      "ResponseBody": "{\r\n  \"value\": [\r\n    {\r\n      \"location\": \"West US 2\",\r\n      \"tags\": {\r\n        \"Tag1\": \"Value1\",\r\n        \"Tag2\": \"Value2\"\r\n      },\r\n      \"systemData\": {\r\n        \"createdBy\": \"546094f3-32fa-493c-824c-bd9575b0d2fe\",\r\n        \"createdByType\": \"Application\",\r\n        \"createdAt\": \"2020-12-15T22:16:36.7516177Z\",\r\n        \"lastModifiedBy\": \"546094f3-32fa-493c-824c-bd9575b0d2fe\",\r\n        \"lastModifiedByType\": \"Application\",\r\n        \"lastModifiedAt\": \"2020-12-15T22:16:36.7516177Z\"\r\n      },\r\n      \"properties\": {\r\n        \"artifacts\": [],\r\n        \"template\": {\r\n          \"$schema\": \"http://schema.management.azure.com/schemas/2014-04-01-preview/deploymentTemplate.json#\",\r\n          \"contentVersion\": \"1.0.0.0\",\r\n          \"parameters\": {\r\n            \"hostingPlanName\": {\r\n              \"type\": \"string\"\r\n            },\r\n            \"siteLocation\": {\r\n              \"type\": \"string\"\r\n            },\r\n            \"sku\": {\r\n              \"type\": \"string\",\r\n              \"allowedValues\": [\r\n                \"Free\",\r\n                \"Shared\",\r\n                \"Basic\",\r\n                \"Standard\"\r\n              ],\r\n              \"defaultValue\": \"Free\"\r\n            },\r\n            \"workerSize\": {\r\n              \"type\": \"int\",\r\n              \"allowedValues\": [\r\n                0,\r\n                1,\r\n                2\r\n              ],\r\n              \"defaultValue\": 0\r\n            }\r\n          },\r\n          \"resources\": [\r\n            {\r\n              \"apiVersion\": \"2014-04-01\",\r\n              \"name\": \"[parameters('hostingPlanName')]\",\r\n              \"type\": \"Microsoft.Web/serverfarms\",\r\n              \"location\": \"[parameters('siteLocation')]\",\r\n              \"properties\": {\r\n                \"name\": \"[parameters('hostingPlanName')]\",\r\n                \"sku\": \"[parameters('sku')]\",\r\n                \"workerSize\": \"[parameters('workerSize')]\",\r\n                \"numberOfWorkers\": 1\r\n              }\r\n            }\r\n          ]\r\n        }\r\n      },\r\n      \"id\": \"/subscriptions/a1bfa635-f2bf-42f1-86b5-848c674fc321/resourceGroups/ps996/providers/Microsoft.Resources/templateSpecs/ps9866/versions/v1\",\r\n      \"type\": \"Microsoft.Resources/templateSpecs/versions\",\r\n      \"name\": \"v1\"\r\n    }\r\n  ]\r\n}",
      "StatusCode": 200
    },
    {
      "RequestUri": "/subscriptions/a1bfa635-f2bf-42f1-86b5-848c674fc321/resourceGroups/ps996/providers/Microsoft.Resources/templateSpecs/ps9866/versions/v1?api-version=2019-06-01-preview",
      "EncodedRequestUri": "L3N1YnNjcmlwdGlvbnMvYTFiZmE2MzUtZjJiZi00MmYxLTg2YjUtODQ4YzY3NGZjMzIxL3Jlc291cmNlR3JvdXBzL3BzOTk2L3Byb3ZpZGVycy9NaWNyb3NvZnQuUmVzb3VyY2VzL3RlbXBsYXRlU3BlY3MvcHM5ODY2L3ZlcnNpb25zL3YxP2FwaS12ZXJzaW9uPTIwMTktMDYtMDEtcHJldmlldw==",
      "RequestMethod": "GET",
      "RequestBody": "",
      "RequestHeaders": {
        "x-ms-client-request-id": [
          "e5eb53a8-ec82-4da7-bcb4-2b9915bbfe8d"
        ],
        "Accept-Language": [
          "en-US"
        ],
        "User-Agent": [
          "FxVersion/4.6.29321.03",
          "OSName/Windows",
          "OSVersion/Microsoft.Windows.10.0.19042.",
          "Microsoft.Azure.Management.ResourceManager.TemplateSpecsClient/3.11.0.0"
        ]
      },
      "ResponseHeaders": {
        "Cache-Control": [
          "no-cache"
        ],
        "Pragma": [
          "no-cache"
        ],
        "x-ms-failure-cause": [
          "gateway"
        ],
        "x-ms-request-id": [
          "d262fef8-ac2a-4a2c-aac0-2f0354ffc25f"
        ],
        "x-ms-correlation-request-id": [
          "d262fef8-ac2a-4a2c-aac0-2f0354ffc25f"
        ],
        "x-ms-routing-request-id": [
          "WESTCENTRALUS:20201215T221635Z:d262fef8-ac2a-4a2c-aac0-2f0354ffc25f"
        ],
        "Strict-Transport-Security": [
          "max-age=31536000; includeSubDomains"
        ],
        "X-Content-Type-Options": [
          "nosniff"
        ],
        "Date": [
          "Tue, 15 Dec 2020 22:16:35 GMT"
        ],
        "Content-Type": [
          "application/json; charset=utf-8"
        ],
        "Expires": [
          "-1"
        ],
        "Content-Length": [
          "229"
        ],
        "Retry-After": [
          "0"
        ]
      },
      "ResponseBody": "{\r\n  \"error\": {\r\n    \"code\": \"ResourceNotFound\",\r\n    \"message\": \"The Resource 'Microsoft.Resources/templateSpecs/ps9866/versions/v1' under resource group 'ps996' was not found. For more details please go to https://aka.ms/ARMResourceNotFoundFix\"\r\n  }\r\n}",
      "StatusCode": 404
    },
    {
      "RequestUri": "/subscriptions/a1bfa635-f2bf-42f1-86b5-848c674fc321/resourceGroups/ps996/providers/Microsoft.Resources/templateSpecs/ps9866/versions/v1?api-version=2019-06-01-preview",
      "EncodedRequestUri": "L3N1YnNjcmlwdGlvbnMvYTFiZmE2MzUtZjJiZi00MmYxLTg2YjUtODQ4YzY3NGZjMzIxL3Jlc291cmNlR3JvdXBzL3BzOTk2L3Byb3ZpZGVycy9NaWNyb3NvZnQuUmVzb3VyY2VzL3RlbXBsYXRlU3BlY3MvcHM5ODY2L3ZlcnNpb25zL3YxP2FwaS12ZXJzaW9uPTIwMTktMDYtMDEtcHJldmlldw==",
      "RequestMethod": "PUT",
      "RequestBody": "{\r\n  \"location\": \"West US 2\",\r\n  \"properties\": {\r\n    \"artifacts\": [],\r\n    \"template\": {\r\n      \"$schema\": \"http://schema.management.azure.com/schemas/2014-04-01-preview/deploymentTemplate.json#\",\r\n      \"contentVersion\": \"1.0.0.0\",\r\n      \"parameters\": {\r\n        \"hostingPlanName\": {\r\n          \"type\": \"string\"\r\n        },\r\n        \"siteLocation\": {\r\n          \"type\": \"string\"\r\n        },\r\n        \"sku\": {\r\n          \"type\": \"string\",\r\n          \"allowedValues\": [\r\n            \"Free\",\r\n            \"Shared\",\r\n            \"Basic\",\r\n            \"Standard\"\r\n          ],\r\n          \"defaultValue\": \"Free\"\r\n        },\r\n        \"workerSize\": {\r\n          \"type\": \"int\",\r\n          \"allowedValues\": [\r\n            0,\r\n            1,\r\n            2\r\n          ],\r\n          \"defaultValue\": 0\r\n        }\r\n      },\r\n      \"resources\": [\r\n        {\r\n          \"apiVersion\": \"2014-04-01\",\r\n          \"name\": \"[parameters('hostingPlanName')]\",\r\n          \"type\": \"Microsoft.Web/serverfarms\",\r\n          \"location\": \"[parameters('siteLocation')]\",\r\n          \"properties\": {\r\n            \"name\": \"[parameters('hostingPlanName')]\",\r\n            \"sku\": \"[parameters('sku')]\",\r\n            \"workerSize\": \"[parameters('workerSize')]\",\r\n            \"numberOfWorkers\": 1\r\n          }\r\n        }\r\n      ]\r\n    }\r\n  },\r\n  \"tags\": {\r\n    \"Tag1\": \"Value1\",\r\n    \"Tag2\": \"Value2\"\r\n  }\r\n}",
      "RequestHeaders": {
        "x-ms-client-request-id": [
          "f20213c1-bdb5-4a60-b222-df7421e48ac7"
        ],
        "Accept-Language": [
          "en-US"
        ],
        "User-Agent": [
          "FxVersion/4.6.29321.03",
          "OSName/Windows",
          "OSVersion/Microsoft.Windows.10.0.19042.",
          "Microsoft.Azure.Management.ResourceManager.TemplateSpecsClient/3.11.0.0"
        ],
        "Content-Type": [
          "application/json; charset=utf-8"
        ],
        "Content-Length": [
          "1370"
        ]
      },
      "ResponseHeaders": {
        "Cache-Control": [
          "no-cache"
        ],
        "Pragma": [
          "no-cache"
        ],
        "x-ms-request-id": [
          "cb55c450-8d3c-4c7b-a85c-5d286a091aa4"
        ],
        "Server": [
          "Microsoft-HTTPAPI/2.0"
        ],
        "x-ms-ratelimit-remaining-subscription-writes": [
          "1197"
        ],
        "x-ms-correlation-request-id": [
          "c29efeac-febd-4221-9def-e9dc908dc223"
        ],
        "x-ms-routing-request-id": [
          "WESTCENTRALUS:20201215T221637Z:c29efeac-febd-4221-9def-e9dc908dc223"
        ],
        "Strict-Transport-Security": [
          "max-age=31536000; includeSubDomains"
        ],
        "X-Content-Type-Options": [
          "nosniff"
        ],
        "Date": [
          "Tue, 15 Dec 2020 22:16:36 GMT"
        ],
        "Content-Length": [
          "1921"
        ],
        "Content-Type": [
          "application/json; charset=utf-8"
        ],
        "Expires": [
          "-1"
        ],
        "Retry-After": [
          "0"
        ]
      },
      "ResponseBody": "{\r\n  \"location\": \"West US 2\",\r\n  \"tags\": {\r\n    \"Tag1\": \"Value1\",\r\n    \"Tag2\": \"Value2\"\r\n  },\r\n  \"systemData\": {\r\n    \"createdBy\": \"546094f3-32fa-493c-824c-bd9575b0d2fe\",\r\n    \"createdByType\": \"Application\",\r\n    \"createdAt\": \"2020-12-15T22:16:36.7516177Z\",\r\n    \"lastModifiedBy\": \"546094f3-32fa-493c-824c-bd9575b0d2fe\",\r\n    \"lastModifiedByType\": \"Application\",\r\n    \"lastModifiedAt\": \"2020-12-15T22:16:36.7516177Z\"\r\n  },\r\n  \"properties\": {\r\n    \"artifacts\": [],\r\n    \"template\": {\r\n      \"$schema\": \"http://schema.management.azure.com/schemas/2014-04-01-preview/deploymentTemplate.json#\",\r\n      \"contentVersion\": \"1.0.0.0\",\r\n      \"parameters\": {\r\n        \"hostingPlanName\": {\r\n          \"type\": \"string\"\r\n        },\r\n        \"siteLocation\": {\r\n          \"type\": \"string\"\r\n        },\r\n        \"sku\": {\r\n          \"type\": \"string\",\r\n          \"allowedValues\": [\r\n            \"Free\",\r\n            \"Shared\",\r\n            \"Basic\",\r\n            \"Standard\"\r\n          ],\r\n          \"defaultValue\": \"Free\"\r\n        },\r\n        \"workerSize\": {\r\n          \"type\": \"int\",\r\n          \"allowedValues\": [\r\n            0,\r\n            1,\r\n            2\r\n          ],\r\n          \"defaultValue\": 0\r\n        }\r\n      },\r\n      \"resources\": [\r\n        {\r\n          \"apiVersion\": \"2014-04-01\",\r\n          \"name\": \"[parameters('hostingPlanName')]\",\r\n          \"type\": \"Microsoft.Web/serverfarms\",\r\n          \"location\": \"[parameters('siteLocation')]\",\r\n          \"properties\": {\r\n            \"name\": \"[parameters('hostingPlanName')]\",\r\n            \"sku\": \"[parameters('sku')]\",\r\n            \"workerSize\": \"[parameters('workerSize')]\",\r\n            \"numberOfWorkers\": 1\r\n          }\r\n        }\r\n      ]\r\n    }\r\n  },\r\n  \"id\": \"/subscriptions/a1bfa635-f2bf-42f1-86b5-848c674fc321/resourceGroups/ps996/providers/Microsoft.Resources/templateSpecs/ps9866/versions/v1\",\r\n  \"type\": \"Microsoft.Resources/templateSpecs/versions\",\r\n  \"name\": \"v1\"\r\n}",
      "StatusCode": 201
    },
    {
      "RequestUri": "/subscriptions/a1bfa635-f2bf-42f1-86b5-848c674fc321/resourcegroups/ps996?api-version=2020-10-01",
      "EncodedRequestUri": "L3N1YnNjcmlwdGlvbnMvYTFiZmE2MzUtZjJiZi00MmYxLTg2YjUtODQ4YzY3NGZjMzIxL3Jlc291cmNlZ3JvdXBzL3BzOTk2P2FwaS12ZXJzaW9uPTIwMjAtMTAtMDE=",
      "RequestMethod": "DELETE",
      "RequestBody": "",
      "RequestHeaders": {
        "x-ms-client-request-id": [
          "8d3d4497-5bd3-4268-9d3c-a169c4fa8f8d"
        ],
        "Accept-Language": [
          "en-US"
        ],
        "User-Agent": [
          "FxVersion/4.6.29321.03",
          "OSName/Windows",
          "OSVersion/Microsoft.Windows.10.0.19042.",
          "Microsoft.Azure.Management.ResourceManager.ResourceManagementClient/3.11.0.0"
        ]
      },
      "ResponseHeaders": {
        "Cache-Control": [
          "no-cache"
        ],
        "Pragma": [
          "no-cache"
        ],
        "Location": [
          "https://management.azure.com/subscriptions/a1bfa635-f2bf-42f1-86b5-848c674fc321/operationresults/eyJqb2JJZCI6IlJFU09VUkNFR1JPVVBERUxFVElPTkpPQi1QUzk5Ni1XRVNUVVMyIiwiam9iTG9jYXRpb24iOiJ3ZXN0dXMyIn0?api-version=2020-10-01"
        ],
        "Retry-After": [
          "0"
        ],
        "x-ms-ratelimit-remaining-subscription-deletes": [
          "14998"
        ],
        "x-ms-request-id": [
          "9f502530-d16b-4737-b5f8-3456b0896535"
        ],
        "x-ms-correlation-request-id": [
          "9f502530-d16b-4737-b5f8-3456b0896535"
        ],
        "x-ms-routing-request-id": [
          "WESTCENTRALUS:20201215T221639Z:9f502530-d16b-4737-b5f8-3456b0896535"
        ],
        "Strict-Transport-Security": [
          "max-age=31536000; includeSubDomains"
        ],
        "X-Content-Type-Options": [
          "nosniff"
        ],
        "Date": [
          "Tue, 15 Dec 2020 22:16:39 GMT"
        ],
        "Expires": [
          "-1"
        ],
        "Content-Length": [
          "0"
        ]
      },
      "ResponseBody": "",
      "StatusCode": 202
    },
    {
      "RequestUri": "/subscriptions/a1bfa635-f2bf-42f1-86b5-848c674fc321/operationresults/eyJqb2JJZCI6IlJFU09VUkNFR1JPVVBERUxFVElPTkpPQi1QUzk5Ni1XRVNUVVMyIiwiam9iTG9jYXRpb24iOiJ3ZXN0dXMyIn0?api-version=2020-10-01",
      "EncodedRequestUri": "L3N1YnNjcmlwdGlvbnMvYTFiZmE2MzUtZjJiZi00MmYxLTg2YjUtODQ4YzY3NGZjMzIxL29wZXJhdGlvbnJlc3VsdHMvZXlKcWIySkpaQ0k2SWxKRlUwOVZVa05GUjFKUFZWQkVSVXhGVkVsUFRrcFBRaTFRVXprNU5pMVhSVk5VVlZNeUlpd2lhbTlpVEc5allYUnBiMjRpT2lKM1pYTjBkWE15SW4wP2FwaS12ZXJzaW9uPTIwMjAtMTAtMDE=",
      "RequestMethod": "GET",
      "RequestBody": "",
      "RequestHeaders": {
        "User-Agent": [
          "FxVersion/4.6.29321.03",
          "OSName/Windows",
          "OSVersion/Microsoft.Windows.10.0.19042.",
          "Microsoft.Azure.Management.ResourceManager.ResourceManagementClient/3.11.0.0"
        ]
      },
      "ResponseHeaders": {
        "Cache-Control": [
          "no-cache"
        ],
        "Pragma": [
          "no-cache"
        ],
        "Location": [
          "https://management.azure.com/subscriptions/a1bfa635-f2bf-42f1-86b5-848c674fc321/operationresults/eyJqb2JJZCI6IlJFU09VUkNFR1JPVVBERUxFVElPTkpPQi1QUzk5Ni1XRVNUVVMyIiwiam9iTG9jYXRpb24iOiJ3ZXN0dXMyIn0?api-version=2020-10-01"
        ],
        "Retry-After": [
          "0"
        ],
        "x-ms-ratelimit-remaining-subscription-reads": [
          "11988"
        ],
        "x-ms-request-id": [
          "a6f3b797-9a51-4053-aba1-195d14c8b5bf"
        ],
        "x-ms-correlation-request-id": [
          "a6f3b797-9a51-4053-aba1-195d14c8b5bf"
        ],
        "x-ms-routing-request-id": [
          "WESTCENTRALUS:20201215T221655Z:a6f3b797-9a51-4053-aba1-195d14c8b5bf"
        ],
        "Strict-Transport-Security": [
          "max-age=31536000; includeSubDomains"
        ],
        "X-Content-Type-Options": [
          "nosniff"
        ],
        "Date": [
          "Tue, 15 Dec 2020 22:16:54 GMT"
        ],
        "Expires": [
          "-1"
        ],
        "Content-Length": [
          "0"
        ]
      },
      "ResponseBody": "",
      "StatusCode": 202
    },
    {
      "RequestUri": "/subscriptions/a1bfa635-f2bf-42f1-86b5-848c674fc321/operationresults/eyJqb2JJZCI6IlJFU09VUkNFR1JPVVBERUxFVElPTkpPQi1QUzk5Ni1XRVNUVVMyIiwiam9iTG9jYXRpb24iOiJ3ZXN0dXMyIn0?api-version=2020-10-01",
      "EncodedRequestUri": "L3N1YnNjcmlwdGlvbnMvYTFiZmE2MzUtZjJiZi00MmYxLTg2YjUtODQ4YzY3NGZjMzIxL29wZXJhdGlvbnJlc3VsdHMvZXlKcWIySkpaQ0k2SWxKRlUwOVZVa05GUjFKUFZWQkVSVXhGVkVsUFRrcFBRaTFRVXprNU5pMVhSVk5VVlZNeUlpd2lhbTlpVEc5allYUnBiMjRpT2lKM1pYTjBkWE15SW4wP2FwaS12ZXJzaW9uPTIwMjAtMTAtMDE=",
      "RequestMethod": "GET",
      "RequestBody": "",
      "RequestHeaders": {
        "User-Agent": [
          "FxVersion/4.6.29321.03",
          "OSName/Windows",
          "OSVersion/Microsoft.Windows.10.0.19042.",
          "Microsoft.Azure.Management.ResourceManager.ResourceManagementClient/3.11.0.0"
        ]
      },
      "ResponseHeaders": {
        "Cache-Control": [
          "no-cache"
        ],
        "Pragma": [
          "no-cache"
        ],
        "Location": [
          "https://management.azure.com/subscriptions/a1bfa635-f2bf-42f1-86b5-848c674fc321/operationresults/eyJqb2JJZCI6IlJFU09VUkNFR1JPVVBERUxFVElPTkpPQi1QUzk5Ni1XRVNUVVMyIiwiam9iTG9jYXRpb24iOiJ3ZXN0dXMyIn0?api-version=2020-10-01"
        ],
        "Retry-After": [
          "0"
        ],
        "x-ms-ratelimit-remaining-subscription-reads": [
          "11987"
        ],
        "x-ms-request-id": [
          "4f78a1a4-db5e-484f-a200-0bd26997f9fa"
        ],
        "x-ms-correlation-request-id": [
          "4f78a1a4-db5e-484f-a200-0bd26997f9fa"
        ],
        "x-ms-routing-request-id": [
          "WESTCENTRALUS:20201215T221710Z:4f78a1a4-db5e-484f-a200-0bd26997f9fa"
        ],
        "Strict-Transport-Security": [
          "max-age=31536000; includeSubDomains"
        ],
        "X-Content-Type-Options": [
          "nosniff"
        ],
        "Date": [
          "Tue, 15 Dec 2020 22:17:09 GMT"
        ],
        "Expires": [
          "-1"
        ],
        "Content-Length": [
          "0"
        ]
      },
      "ResponseBody": "",
      "StatusCode": 202
    },
    {
      "RequestUri": "/subscriptions/a1bfa635-f2bf-42f1-86b5-848c674fc321/operationresults/eyJqb2JJZCI6IlJFU09VUkNFR1JPVVBERUxFVElPTkpPQi1QUzk5Ni1XRVNUVVMyIiwiam9iTG9jYXRpb24iOiJ3ZXN0dXMyIn0?api-version=2020-10-01",
      "EncodedRequestUri": "L3N1YnNjcmlwdGlvbnMvYTFiZmE2MzUtZjJiZi00MmYxLTg2YjUtODQ4YzY3NGZjMzIxL29wZXJhdGlvbnJlc3VsdHMvZXlKcWIySkpaQ0k2SWxKRlUwOVZVa05GUjFKUFZWQkVSVXhGVkVsUFRrcFBRaTFRVXprNU5pMVhSVk5VVlZNeUlpd2lhbTlpVEc5allYUnBiMjRpT2lKM1pYTjBkWE15SW4wP2FwaS12ZXJzaW9uPTIwMjAtMTAtMDE=",
      "RequestMethod": "GET",
      "RequestBody": "",
      "RequestHeaders": {
        "User-Agent": [
          "FxVersion/4.6.29321.03",
          "OSName/Windows",
          "OSVersion/Microsoft.Windows.10.0.19042.",
          "Microsoft.Azure.Management.ResourceManager.ResourceManagementClient/3.11.0.0"
        ]
      },
      "ResponseHeaders": {
        "Cache-Control": [
          "no-cache"
        ],
        "Pragma": [
          "no-cache"
        ],
        "Location": [
          "https://management.azure.com/subscriptions/a1bfa635-f2bf-42f1-86b5-848c674fc321/operationresults/eyJqb2JJZCI6IlJFU09VUkNFR1JPVVBERUxFVElPTkpPQi1QUzk5Ni1XRVNUVVMyIiwiam9iTG9jYXRpb24iOiJ3ZXN0dXMyIn0?api-version=2020-10-01"
        ],
        "Retry-After": [
          "0"
        ],
        "x-ms-ratelimit-remaining-subscription-reads": [
          "11986"
        ],
        "x-ms-request-id": [
          "1b3a185a-589e-45c5-84b8-1344d91dd0f6"
        ],
        "x-ms-correlation-request-id": [
          "1b3a185a-589e-45c5-84b8-1344d91dd0f6"
        ],
        "x-ms-routing-request-id": [
          "WESTCENTRALUS:20201215T221725Z:1b3a185a-589e-45c5-84b8-1344d91dd0f6"
        ],
        "Strict-Transport-Security": [
          "max-age=31536000; includeSubDomains"
        ],
        "X-Content-Type-Options": [
          "nosniff"
        ],
        "Date": [
          "Tue, 15 Dec 2020 22:17:25 GMT"
        ],
        "Expires": [
          "-1"
        ],
        "Content-Length": [
          "0"
        ]
      },
      "ResponseBody": "",
      "StatusCode": 202
    },
    {
      "RequestUri": "/subscriptions/a1bfa635-f2bf-42f1-86b5-848c674fc321/operationresults/eyJqb2JJZCI6IlJFU09VUkNFR1JPVVBERUxFVElPTkpPQi1QUzk5Ni1XRVNUVVMyIiwiam9iTG9jYXRpb24iOiJ3ZXN0dXMyIn0?api-version=2020-10-01",
      "EncodedRequestUri": "L3N1YnNjcmlwdGlvbnMvYTFiZmE2MzUtZjJiZi00MmYxLTg2YjUtODQ4YzY3NGZjMzIxL29wZXJhdGlvbnJlc3VsdHMvZXlKcWIySkpaQ0k2SWxKRlUwOVZVa05GUjFKUFZWQkVSVXhGVkVsUFRrcFBRaTFRVXprNU5pMVhSVk5VVlZNeUlpd2lhbTlpVEc5allYUnBiMjRpT2lKM1pYTjBkWE15SW4wP2FwaS12ZXJzaW9uPTIwMjAtMTAtMDE=",
      "RequestMethod": "GET",
      "RequestBody": "",
      "RequestHeaders": {
        "User-Agent": [
          "FxVersion/4.6.29321.03",
          "OSName/Windows",
          "OSVersion/Microsoft.Windows.10.0.19042.",
          "Microsoft.Azure.Management.ResourceManager.ResourceManagementClient/3.11.0.0"
        ]
      },
      "ResponseHeaders": {
        "Cache-Control": [
          "no-cache"
        ],
        "Pragma": [
          "no-cache"
        ],
        "Location": [
          "https://management.azure.com/subscriptions/a1bfa635-f2bf-42f1-86b5-848c674fc321/operationresults/eyJqb2JJZCI6IlJFU09VUkNFR1JPVVBERUxFVElPTkpPQi1QUzk5Ni1XRVNUVVMyIiwiam9iTG9jYXRpb24iOiJ3ZXN0dXMyIn0?api-version=2020-10-01"
        ],
        "Retry-After": [
          "0"
        ],
        "x-ms-ratelimit-remaining-subscription-reads": [
          "11985"
        ],
        "x-ms-request-id": [
          "9ecfe3fe-dd6d-4497-bca4-dafec32a349c"
        ],
        "x-ms-correlation-request-id": [
          "9ecfe3fe-dd6d-4497-bca4-dafec32a349c"
        ],
        "x-ms-routing-request-id": [
          "WESTCENTRALUS:20201215T221740Z:9ecfe3fe-dd6d-4497-bca4-dafec32a349c"
        ],
        "Strict-Transport-Security": [
          "max-age=31536000; includeSubDomains"
        ],
        "X-Content-Type-Options": [
          "nosniff"
        ],
        "Date": [
          "Tue, 15 Dec 2020 22:17:40 GMT"
        ],
        "Expires": [
          "-1"
        ],
        "Content-Length": [
          "0"
        ]
      },
      "ResponseBody": "",
      "StatusCode": 202
    },
    {
      "RequestUri": "/subscriptions/a1bfa635-f2bf-42f1-86b5-848c674fc321/operationresults/eyJqb2JJZCI6IlJFU09VUkNFR1JPVVBERUxFVElPTkpPQi1QUzk5Ni1XRVNUVVMyIiwiam9iTG9jYXRpb24iOiJ3ZXN0dXMyIn0?api-version=2020-10-01",
      "EncodedRequestUri": "L3N1YnNjcmlwdGlvbnMvYTFiZmE2MzUtZjJiZi00MmYxLTg2YjUtODQ4YzY3NGZjMzIxL29wZXJhdGlvbnJlc3VsdHMvZXlKcWIySkpaQ0k2SWxKRlUwOVZVa05GUjFKUFZWQkVSVXhGVkVsUFRrcFBRaTFRVXprNU5pMVhSVk5VVlZNeUlpd2lhbTlpVEc5allYUnBiMjRpT2lKM1pYTjBkWE15SW4wP2FwaS12ZXJzaW9uPTIwMjAtMTAtMDE=",
      "RequestMethod": "GET",
      "RequestBody": "",
      "RequestHeaders": {
        "User-Agent": [
          "FxVersion/4.6.29321.03",
          "OSName/Windows",
          "OSVersion/Microsoft.Windows.10.0.19042.",
          "Microsoft.Azure.Management.ResourceManager.ResourceManagementClient/3.11.0.0"
        ]
      },
      "ResponseHeaders": {
        "Cache-Control": [
          "no-cache"
        ],
        "Pragma": [
          "no-cache"
        ],
        "Location": [
          "https://management.azure.com/subscriptions/a1bfa635-f2bf-42f1-86b5-848c674fc321/operationresults/eyJqb2JJZCI6IlJFU09VUkNFR1JPVVBERUxFVElPTkpPQi1QUzk5Ni1XRVNUVVMyIiwiam9iTG9jYXRpb24iOiJ3ZXN0dXMyIn0?api-version=2020-10-01"
        ],
        "Retry-After": [
          "0"
        ],
        "x-ms-ratelimit-remaining-subscription-reads": [
          "11984"
        ],
        "x-ms-request-id": [
          "68a98026-16d3-488e-ad46-933e57405f65"
        ],
        "x-ms-correlation-request-id": [
          "68a98026-16d3-488e-ad46-933e57405f65"
        ],
        "x-ms-routing-request-id": [
          "WESTCENTRALUS:20201215T221755Z:68a98026-16d3-488e-ad46-933e57405f65"
        ],
        "Strict-Transport-Security": [
          "max-age=31536000; includeSubDomains"
        ],
        "X-Content-Type-Options": [
          "nosniff"
        ],
        "Date": [
          "Tue, 15 Dec 2020 22:17:54 GMT"
        ],
        "Expires": [
          "-1"
        ],
        "Content-Length": [
          "0"
        ]
      },
      "ResponseBody": "",
      "StatusCode": 202
    },
    {
      "RequestUri": "/subscriptions/a1bfa635-f2bf-42f1-86b5-848c674fc321/operationresults/eyJqb2JJZCI6IlJFU09VUkNFR1JPVVBERUxFVElPTkpPQi1QUzk5Ni1XRVNUVVMyIiwiam9iTG9jYXRpb24iOiJ3ZXN0dXMyIn0?api-version=2020-10-01",
      "EncodedRequestUri": "L3N1YnNjcmlwdGlvbnMvYTFiZmE2MzUtZjJiZi00MmYxLTg2YjUtODQ4YzY3NGZjMzIxL29wZXJhdGlvbnJlc3VsdHMvZXlKcWIySkpaQ0k2SWxKRlUwOVZVa05GUjFKUFZWQkVSVXhGVkVsUFRrcFBRaTFRVXprNU5pMVhSVk5VVlZNeUlpd2lhbTlpVEc5allYUnBiMjRpT2lKM1pYTjBkWE15SW4wP2FwaS12ZXJzaW9uPTIwMjAtMTAtMDE=",
      "RequestMethod": "GET",
      "RequestBody": "",
      "RequestHeaders": {
        "User-Agent": [
          "FxVersion/4.6.29321.03",
          "OSName/Windows",
          "OSVersion/Microsoft.Windows.10.0.19042.",
          "Microsoft.Azure.Management.ResourceManager.ResourceManagementClient/3.11.0.0"
        ]
      },
      "ResponseHeaders": {
        "Cache-Control": [
          "no-cache"
        ],
        "Pragma": [
          "no-cache"
        ],
        "Location": [
          "https://management.azure.com/subscriptions/a1bfa635-f2bf-42f1-86b5-848c674fc321/operationresults/eyJqb2JJZCI6IlJFU09VUkNFR1JPVVBERUxFVElPTkpPQi1QUzk5Ni1XRVNUVVMyIiwiam9iTG9jYXRpb24iOiJ3ZXN0dXMyIn0?api-version=2020-10-01"
        ],
        "Retry-After": [
          "0"
        ],
        "x-ms-ratelimit-remaining-subscription-reads": [
          "11983"
        ],
        "x-ms-request-id": [
          "2e76d6fa-f642-4c0c-a6e8-40fa01031a7f"
        ],
        "x-ms-correlation-request-id": [
          "2e76d6fa-f642-4c0c-a6e8-40fa01031a7f"
        ],
        "x-ms-routing-request-id": [
          "WESTCENTRALUS:20201215T221810Z:2e76d6fa-f642-4c0c-a6e8-40fa01031a7f"
        ],
        "Strict-Transport-Security": [
          "max-age=31536000; includeSubDomains"
        ],
        "X-Content-Type-Options": [
          "nosniff"
        ],
        "Date": [
          "Tue, 15 Dec 2020 22:18:10 GMT"
        ],
        "Expires": [
          "-1"
        ],
        "Content-Length": [
          "0"
        ]
      },
      "ResponseBody": "",
      "StatusCode": 202
    },
    {
      "RequestUri": "/subscriptions/a1bfa635-f2bf-42f1-86b5-848c674fc321/operationresults/eyJqb2JJZCI6IlJFU09VUkNFR1JPVVBERUxFVElPTkpPQi1QUzk5Ni1XRVNUVVMyIiwiam9iTG9jYXRpb24iOiJ3ZXN0dXMyIn0?api-version=2020-10-01",
      "EncodedRequestUri": "L3N1YnNjcmlwdGlvbnMvYTFiZmE2MzUtZjJiZi00MmYxLTg2YjUtODQ4YzY3NGZjMzIxL29wZXJhdGlvbnJlc3VsdHMvZXlKcWIySkpaQ0k2SWxKRlUwOVZVa05GUjFKUFZWQkVSVXhGVkVsUFRrcFBRaTFRVXprNU5pMVhSVk5VVlZNeUlpd2lhbTlpVEc5allYUnBiMjRpT2lKM1pYTjBkWE15SW4wP2FwaS12ZXJzaW9uPTIwMjAtMTAtMDE=",
      "RequestMethod": "GET",
      "RequestBody": "",
      "RequestHeaders": {
        "User-Agent": [
          "FxVersion/4.6.29321.03",
          "OSName/Windows",
          "OSVersion/Microsoft.Windows.10.0.19042.",
          "Microsoft.Azure.Management.ResourceManager.ResourceManagementClient/3.11.0.0"
        ]
      },
      "ResponseHeaders": {
        "Cache-Control": [
          "no-cache"
        ],
        "Pragma": [
          "no-cache"
        ],
        "x-ms-ratelimit-remaining-subscription-reads": [
          "11982"
        ],
        "x-ms-request-id": [
          "54dae63c-e3ce-4b4a-81ac-00ee19d2ebc8"
        ],
        "x-ms-correlation-request-id": [
          "54dae63c-e3ce-4b4a-81ac-00ee19d2ebc8"
        ],
        "x-ms-routing-request-id": [
          "WESTCENTRALUS:20201215T221826Z:54dae63c-e3ce-4b4a-81ac-00ee19d2ebc8"
        ],
        "Strict-Transport-Security": [
          "max-age=31536000; includeSubDomains"
        ],
        "X-Content-Type-Options": [
          "nosniff"
        ],
        "Date": [
          "Tue, 15 Dec 2020 22:18:25 GMT"
        ],
        "Expires": [
          "-1"
        ],
        "Content-Length": [
          "0"
        ],
        "Retry-After": [
          "0"
        ]
      },
      "ResponseBody": "",
      "StatusCode": 200
    },
    {
      "RequestUri": "/subscriptions/a1bfa635-f2bf-42f1-86b5-848c674fc321/operationresults/eyJqb2JJZCI6IlJFU09VUkNFR1JPVVBERUxFVElPTkpPQi1QUzk5Ni1XRVNUVVMyIiwiam9iTG9jYXRpb24iOiJ3ZXN0dXMyIn0?api-version=2020-10-01",
      "EncodedRequestUri": "L3N1YnNjcmlwdGlvbnMvYTFiZmE2MzUtZjJiZi00MmYxLTg2YjUtODQ4YzY3NGZjMzIxL29wZXJhdGlvbnJlc3VsdHMvZXlKcWIySkpaQ0k2SWxKRlUwOVZVa05GUjFKUFZWQkVSVXhGVkVsUFRrcFBRaTFRVXprNU5pMVhSVk5VVlZNeUlpd2lhbTlpVEc5allYUnBiMjRpT2lKM1pYTjBkWE15SW4wP2FwaS12ZXJzaW9uPTIwMjAtMTAtMDE=",
      "RequestMethod": "GET",
      "RequestBody": "",
      "RequestHeaders": {
        "User-Agent": [
          "FxVersion/4.6.29321.03",
          "OSName/Windows",
          "OSVersion/Microsoft.Windows.10.0.19042.",
          "Microsoft.Azure.Management.ResourceManager.ResourceManagementClient/3.11.0.0"
        ]
      },
      "ResponseHeaders": {
        "Cache-Control": [
          "no-cache"
        ],
        "Pragma": [
          "no-cache"
        ],
        "x-ms-ratelimit-remaining-subscription-reads": [
          "11981"
        ],
        "x-ms-request-id": [
          "c639ceb0-9e2d-4500-a8ef-206daf12a9ab"
        ],
        "x-ms-correlation-request-id": [
          "c639ceb0-9e2d-4500-a8ef-206daf12a9ab"
        ],
        "x-ms-routing-request-id": [
          "WESTCENTRALUS:20201215T221826Z:c639ceb0-9e2d-4500-a8ef-206daf12a9ab"
        ],
        "Strict-Transport-Security": [
          "max-age=31536000; includeSubDomains"
        ],
        "X-Content-Type-Options": [
          "nosniff"
        ],
        "Date": [
          "Tue, 15 Dec 2020 22:18:25 GMT"
        ],
        "Expires": [
          "-1"
        ],
        "Content-Length": [
          "0"
        ],
        "Retry-After": [
          "0"
        ]
      },
      "ResponseBody": "",
      "StatusCode": 200
    }
  ],
  "Names": {
    "Test-SetAppliesTagsToTemplateSpecIfNoVersionSpecified": [
      "ps996",
      "ps9866"
    ]
  },
  "Variables": {
    "SubscriptionId": "a1bfa635-f2bf-42f1-86b5-848c674fc321"
  }
}