{
  "Entries": [
    {
      "RequestUri": "/subscriptions/a1bfa635-f2bf-42f1-86b5-848c674fc321/resourcegroups/ps6992?api-version=2020-10-01",
      "EncodedRequestUri": "L3N1YnNjcmlwdGlvbnMvYTFiZmE2MzUtZjJiZi00MmYxLTg2YjUtODQ4YzY3NGZjMzIxL3Jlc291cmNlZ3JvdXBzL3BzNjk5Mj9hcGktdmVyc2lvbj0yMDIwLTEwLTAx",
      "RequestMethod": "HEAD",
      "RequestBody": "",
      "RequestHeaders": {
        "x-ms-client-request-id": [
          "d95c1f6a-66c3-4053-a74c-5646c070cf12"
        ],
        "Accept-Language": [
          "en-US"
        ],
        "User-Agent": [
          "FxVersion/4.6.29321.03",
          "OSName/Windows",
          "OSVersion/Microsoft.Windows.10.0.19042.",
          "Microsoft.Azure.Management.ResourceManager.ResourceManagementClient/3.11.0.0"
        ]
      },
      "ResponseHeaders": {
        "Cache-Control": [
          "no-cache"
        ],
        "Pragma": [
          "no-cache"
        ],
        "x-ms-failure-cause": [
          "gateway"
        ],
        "x-ms-ratelimit-remaining-subscription-reads": [
          "11996"
        ],
        "x-ms-request-id": [
          "f658e762-dfb2-45b3-b81b-9cddb5ab35dd"
        ],
        "x-ms-correlation-request-id": [
          "f658e762-dfb2-45b3-b81b-9cddb5ab35dd"
        ],
        "x-ms-routing-request-id": [
          "WESTCENTRALUS:20201215T221146Z:f658e762-dfb2-45b3-b81b-9cddb5ab35dd"
        ],
        "Strict-Transport-Security": [
          "max-age=31536000; includeSubDomains"
        ],
        "X-Content-Type-Options": [
          "nosniff"
        ],
        "Date": [
          "Tue, 15 Dec 2020 22:11:46 GMT"
        ],
        "Content-Length": [
          "98"
        ],
        "Content-Type": [
          "application/json; charset=utf-8"
        ],
        "Expires": [
          "-1"
        ],
        "Retry-After": [
          "0"
        ]
      },
      "ResponseBody": "",
      "StatusCode": 404
    },
    {
      "RequestUri": "/subscriptions/a1bfa635-f2bf-42f1-86b5-848c674fc321/resourcegroups/ps6992?api-version=2020-10-01",
      "EncodedRequestUri": "L3N1YnNjcmlwdGlvbnMvYTFiZmE2MzUtZjJiZi00MmYxLTg2YjUtODQ4YzY3NGZjMzIxL3Jlc291cmNlZ3JvdXBzL3BzNjk5Mj9hcGktdmVyc2lvbj0yMDIwLTEwLTAx",
      "RequestMethod": "HEAD",
      "RequestBody": "",
      "RequestHeaders": {
        "x-ms-client-request-id": [
          "5e1ca832-3d9d-4cb1-a6b9-cf52a7a40a44"
        ],
        "Accept-Language": [
          "en-US"
        ],
        "User-Agent": [
          "FxVersion/4.6.29321.03",
          "OSName/Windows",
          "OSVersion/Microsoft.Windows.10.0.19042.",
          "Microsoft.Azure.Management.ResourceManager.ResourceManagementClient/3.11.0.0"
        ]
      },
      "ResponseHeaders": {
        "Cache-Control": [
          "no-cache"
        ],
        "Pragma": [
          "no-cache"
        ],
        "x-ms-ratelimit-remaining-subscription-reads": [
          "11959"
        ],
        "x-ms-request-id": [
          "8caaf5dd-a0d8-4498-aaeb-e2812f89a5ce"
        ],
        "x-ms-correlation-request-id": [
          "8caaf5dd-a0d8-4498-aaeb-e2812f89a5ce"
        ],
        "x-ms-routing-request-id": [
          "WESTCENTRALUS:20201215T221154Z:8caaf5dd-a0d8-4498-aaeb-e2812f89a5ce"
        ],
        "Strict-Transport-Security": [
          "max-age=31536000; includeSubDomains"
        ],
        "X-Content-Type-Options": [
          "nosniff"
        ],
        "Date": [
          "Tue, 15 Dec 2020 22:11:54 GMT"
        ],
        "Content-Length": [
          "0"
        ],
        "Expires": [
          "-1"
        ],
        "Retry-After": [
          "0"
        ]
      },
      "ResponseBody": "",
      "StatusCode": 204
    },
    {
      "RequestUri": "/subscriptions/a1bfa635-f2bf-42f1-86b5-848c674fc321/resourcegroups/ps6992?api-version=2020-10-01",
      "EncodedRequestUri": "L3N1YnNjcmlwdGlvbnMvYTFiZmE2MzUtZjJiZi00MmYxLTg2YjUtODQ4YzY3NGZjMzIxL3Jlc291cmNlZ3JvdXBzL3BzNjk5Mj9hcGktdmVyc2lvbj0yMDIwLTEwLTAx",
      "RequestMethod": "PUT",
      "RequestBody": "{\r\n  \"location\": \"West US 2\"\r\n}",
      "RequestHeaders": {
        "x-ms-client-request-id": [
          "f53f8631-fc30-4006-b508-ec1ea62da18f"
        ],
        "Accept-Language": [
          "en-US"
        ],
        "User-Agent": [
          "FxVersion/4.6.29321.03",
          "OSName/Windows",
          "OSVersion/Microsoft.Windows.10.0.19042.",
          "Microsoft.Azure.Management.ResourceManager.ResourceManagementClient/3.11.0.0"
        ],
        "Content-Type": [
          "application/json; charset=utf-8"
        ],
        "Content-Length": [
          "31"
        ]
      },
      "ResponseHeaders": {
        "Cache-Control": [
          "no-cache"
        ],
        "Pragma": [
          "no-cache"
        ],
        "x-ms-ratelimit-remaining-subscription-writes": [
          "1197"
        ],
        "x-ms-request-id": [
          "896f3824-b21a-4819-8d5c-2b022fa2b030"
        ],
        "x-ms-correlation-request-id": [
          "896f3824-b21a-4819-8d5c-2b022fa2b030"
        ],
        "x-ms-routing-request-id": [
          "WESTCENTRALUS:20201215T221147Z:896f3824-b21a-4819-8d5c-2b022fa2b030"
        ],
        "Strict-Transport-Security": [
          "max-age=31536000; includeSubDomains"
        ],
        "X-Content-Type-Options": [
          "nosniff"
        ],
        "Date": [
          "Tue, 15 Dec 2020 22:11:46 GMT"
        ],
        "Content-Length": [
          "210"
        ],
        "Content-Type": [
          "application/json; charset=utf-8"
        ],
        "Expires": [
          "-1"
        ],
        "Retry-After": [
          "0"
        ]
      },
      "ResponseBody": "{\r\n  \"id\": \"/subscriptions/a1bfa635-f2bf-42f1-86b5-848c674fc321/resourceGroups/ps6992\",\r\n  \"name\": \"ps6992\",\r\n  \"type\": \"Microsoft.Resources/resourceGroups\",\r\n  \"location\": \"westus2\",\r\n  \"properties\": {\r\n    \"provisioningState\": \"Succeeded\"\r\n  }\r\n}",
      "StatusCode": 201
    },
    {
      "RequestUri": "/subscriptions/a1bfa635-f2bf-42f1-86b5-848c674fc321/resourceGroups/ps6992/providers/Microsoft.Resources/templateSpecs/ps6640?api-version=2019-06-01-preview",
      "EncodedRequestUri": "L3N1YnNjcmlwdGlvbnMvYTFiZmE2MzUtZjJiZi00MmYxLTg2YjUtODQ4YzY3NGZjMzIxL3Jlc291cmNlR3JvdXBzL3BzNjk5Mi9wcm92aWRlcnMvTWljcm9zb2Z0LlJlc291cmNlcy90ZW1wbGF0ZVNwZWNzL3BzNjY0MD9hcGktdmVyc2lvbj0yMDE5LTA2LTAxLXByZXZpZXc=",
      "RequestMethod": "GET",
      "RequestBody": "",
      "RequestHeaders": {
        "x-ms-client-request-id": [
          "6756a481-4f43-46a3-84e3-da24a2d1ca7f"
        ],
        "Accept-Language": [
          "en-US"
        ],
        "User-Agent": [
          "FxVersion/4.6.29321.03",
          "OSName/Windows",
          "OSVersion/Microsoft.Windows.10.0.19042.",
          "Microsoft.Azure.Management.ResourceManager.TemplateSpecsClient/3.11.0.0"
        ]
      },
      "ResponseHeaders": {
        "Cache-Control": [
          "no-cache"
        ],
        "Pragma": [
          "no-cache"
        ],
        "x-ms-failure-cause": [
          "gateway"
        ],
        "x-ms-request-id": [
          "04e8e3f2-1587-449a-be8e-e7c7684342dc"
        ],
        "x-ms-correlation-request-id": [
          "04e8e3f2-1587-449a-be8e-e7c7684342dc"
        ],
        "x-ms-routing-request-id": [
          "WESTCENTRALUS:20201215T221147Z:04e8e3f2-1587-449a-be8e-e7c7684342dc"
        ],
        "Strict-Transport-Security": [
          "max-age=31536000; includeSubDomains"
        ],
        "X-Content-Type-Options": [
          "nosniff"
        ],
        "Date": [
          "Tue, 15 Dec 2020 22:11:46 GMT"
        ],
        "Content-Type": [
          "application/json; charset=utf-8"
        ],
        "Expires": [
          "-1"
        ],
        "Content-Length": [
          "218"
        ],
        "Retry-After": [
          "0"
        ]
      },
      "ResponseBody": "{\r\n  \"error\": {\r\n    \"code\": \"ResourceNotFound\",\r\n    \"message\": \"The Resource 'Microsoft.Resources/templateSpecs/ps6640' under resource group 'ps6992' was not found. For more details please go to https://aka.ms/ARMResourceNotFoundFix\"\r\n  }\r\n}",
      "StatusCode": 404
    },
    {
      "RequestUri": "/subscriptions/a1bfa635-f2bf-42f1-86b5-848c674fc321/resourceGroups/ps6992/providers/Microsoft.Resources/templateSpecs/ps6640?api-version=2019-06-01-preview",
      "EncodedRequestUri": "L3N1YnNjcmlwdGlvbnMvYTFiZmE2MzUtZjJiZi00MmYxLTg2YjUtODQ4YzY3NGZjMzIxL3Jlc291cmNlR3JvdXBzL3BzNjk5Mi9wcm92aWRlcnMvTWljcm9zb2Z0LlJlc291cmNlcy90ZW1wbGF0ZVNwZWNzL3BzNjY0MD9hcGktdmVyc2lvbj0yMDE5LTA2LTAxLXByZXZpZXc=",
      "RequestMethod": "GET",
      "RequestBody": "",
      "RequestHeaders": {
        "x-ms-client-request-id": [
          "acfd1b96-263a-40f4-ae5b-d056de924b1c"
        ],
        "Accept-Language": [
          "en-US"
        ],
        "User-Agent": [
          "FxVersion/4.6.29321.03",
          "OSName/Windows",
          "OSVersion/Microsoft.Windows.10.0.19042.",
          "Microsoft.Azure.Management.ResourceManager.TemplateSpecsClient/3.11.0.0"
        ]
      },
      "ResponseHeaders": {
        "Cache-Control": [
          "no-cache"
        ],
        "Pragma": [
          "no-cache"
        ],
        "x-ms-request-id": [
          "b2a9a997-bab6-41ee-864d-e53c99ebf3bb"
        ],
        "Server": [
          "Microsoft-HTTPAPI/2.0"
        ],
        "x-ms-ratelimit-remaining-subscription-reads": [
          "11999"
        ],
        "x-ms-correlation-request-id": [
          "234d34c2-71c0-4109-bce0-959452e12e51"
        ],
        "x-ms-routing-request-id": [
          "WESTCENTRALUS:20201215T221150Z:234d34c2-71c0-4109-bce0-959452e12e51"
        ],
        "Strict-Transport-Security": [
          "max-age=31536000; includeSubDomains"
        ],
        "X-Content-Type-Options": [
          "nosniff"
        ],
        "Date": [
          "Tue, 15 Dec 2020 22:11:50 GMT"
        ],
        "Content-Length": [
          "659"
        ],
        "Content-Type": [
          "application/json; charset=utf-8"
        ],
        "Expires": [
          "-1"
        ],
        "Retry-After": [
          "0"
        ]
      },
      "ResponseBody": "{\r\n  \"location\": \"West US 2\",\r\n  \"tags\": {\r\n    \"RootTag1\": \"Value1\",\r\n    \"RootTag2\": \"Value2\"\r\n  },\r\n  \"systemData\": {\r\n    \"createdBy\": \"546094f3-32fa-493c-824c-bd9575b0d2fe\",\r\n    \"createdByType\": \"Application\",\r\n    \"createdAt\": \"2020-12-15T22:11:48.6692719Z\",\r\n    \"lastModifiedBy\": \"546094f3-32fa-493c-824c-bd9575b0d2fe\",\r\n    \"lastModifiedByType\": \"Application\",\r\n    \"lastModifiedAt\": \"2020-12-15T22:11:49.9092773Z\"\r\n  },\r\n  \"properties\": {},\r\n  \"id\": \"/subscriptions/a1bfa635-f2bf-42f1-86b5-848c674fc321/resourceGroups/ps6992/providers/Microsoft.Resources/templateSpecs/ps6640\",\r\n  \"type\": \"Microsoft.Resources/templateSpecs\",\r\n  \"name\": \"ps6640\"\r\n}",
      "StatusCode": 200
    },
    {
      "RequestUri": "/subscriptions/a1bfa635-f2bf-42f1-86b5-848c674fc321/resourceGroups/ps6992/providers/Microsoft.Resources/templateSpecs/ps6640?api-version=2019-06-01-preview",
      "EncodedRequestUri": "L3N1YnNjcmlwdGlvbnMvYTFiZmE2MzUtZjJiZi00MmYxLTg2YjUtODQ4YzY3NGZjMzIxL3Jlc291cmNlR3JvdXBzL3BzNjk5Mi9wcm92aWRlcnMvTWljcm9zb2Z0LlJlc291cmNlcy90ZW1wbGF0ZVNwZWNzL3BzNjY0MD9hcGktdmVyc2lvbj0yMDE5LTA2LTAxLXByZXZpZXc=",
      "RequestMethod": "GET",
      "RequestBody": "",
      "RequestHeaders": {
        "x-ms-client-request-id": [
          "8f0bb359-10e9-4ff2-9bc0-8c37546354ef"
        ],
        "Accept-Language": [
          "en-US"
        ],
        "User-Agent": [
          "FxVersion/4.6.29321.03",
          "OSName/Windows",
          "OSVersion/Microsoft.Windows.10.0.19042.",
          "Microsoft.Azure.Management.ResourceManager.TemplateSpecsClient/3.11.0.0"
        ]
      },
      "ResponseHeaders": {
        "Cache-Control": [
          "no-cache"
        ],
        "Pragma": [
          "no-cache"
        ],
        "x-ms-request-id": [
          "c3db507e-b819-499c-bcbb-a4d401a74036"
        ],
        "Server": [
          "Microsoft-HTTPAPI/2.0"
        ],
        "x-ms-ratelimit-remaining-subscription-reads": [
          "11999"
        ],
        "x-ms-correlation-request-id": [
          "bb92735b-ec45-47fe-98e1-93fdbf757af2"
        ],
        "x-ms-routing-request-id": [
          "WESTCENTRALUS:20201215T221152Z:bb92735b-ec45-47fe-98e1-93fdbf757af2"
        ],
        "Strict-Transport-Security": [
          "max-age=31536000; includeSubDomains"
        ],
        "X-Content-Type-Options": [
          "nosniff"
        ],
        "Date": [
          "Tue, 15 Dec 2020 22:11:52 GMT"
        ],
        "Content-Length": [
          "659"
        ],
        "Content-Type": [
          "application/json; charset=utf-8"
        ],
        "Expires": [
          "-1"
        ],
        "Retry-After": [
          "0"
        ]
      },
      "ResponseBody": "{\r\n  \"location\": \"West US 2\",\r\n  \"tags\": {\r\n    \"RootTag1\": \"Value1\",\r\n    \"RootTag2\": \"Value2\"\r\n  },\r\n  \"systemData\": {\r\n    \"createdBy\": \"546094f3-32fa-493c-824c-bd9575b0d2fe\",\r\n    \"createdByType\": \"Application\",\r\n    \"createdAt\": \"2020-12-15T22:11:48.6692719Z\",\r\n    \"lastModifiedBy\": \"546094f3-32fa-493c-824c-bd9575b0d2fe\",\r\n    \"lastModifiedByType\": \"Application\",\r\n    \"lastModifiedAt\": \"2020-12-15T22:11:52.1421345Z\"\r\n  },\r\n  \"properties\": {},\r\n  \"id\": \"/subscriptions/a1bfa635-f2bf-42f1-86b5-848c674fc321/resourceGroups/ps6992/providers/Microsoft.Resources/templateSpecs/ps6640\",\r\n  \"type\": \"Microsoft.Resources/templateSpecs\",\r\n  \"name\": \"ps6640\"\r\n}",
      "StatusCode": 200
    },
    {
      "RequestUri": "/subscriptions/a1bfa635-f2bf-42f1-86b5-848c674fc321/resourceGroups/ps6992/providers/Microsoft.Resources/templateSpecs/ps6640?api-version=2019-06-01-preview",
      "EncodedRequestUri": "L3N1YnNjcmlwdGlvbnMvYTFiZmE2MzUtZjJiZi00MmYxLTg2YjUtODQ4YzY3NGZjMzIxL3Jlc291cmNlR3JvdXBzL3BzNjk5Mi9wcm92aWRlcnMvTWljcm9zb2Z0LlJlc291cmNlcy90ZW1wbGF0ZVNwZWNzL3BzNjY0MD9hcGktdmVyc2lvbj0yMDE5LTA2LTAxLXByZXZpZXc=",
      "RequestMethod": "PUT",
      "RequestBody": "{\r\n  \"location\": \"West US 2\",\r\n  \"tags\": {\r\n    \"RootTag1\": \"Value1\",\r\n    \"RootTag2\": \"Value2\"\r\n  }\r\n}",
      "RequestHeaders": {
        "x-ms-client-request-id": [
          "70e5b8b0-585e-4139-9648-7663e1dab806"
        ],
        "Accept-Language": [
          "en-US"
        ],
        "User-Agent": [
          "FxVersion/4.6.29321.03",
          "OSName/Windows",
          "OSVersion/Microsoft.Windows.10.0.19042.",
          "Microsoft.Azure.Management.ResourceManager.TemplateSpecsClient/3.11.0.0"
        ],
        "Content-Type": [
          "application/json; charset=utf-8"
        ],
        "Content-Length": [
          "103"
        ]
      },
      "ResponseHeaders": {
        "Cache-Control": [
          "no-cache"
        ],
        "Pragma": [
          "no-cache"
        ],
        "x-ms-request-id": [
          "5bd326f6-def3-4559-879e-70808bf6bdac"
        ],
        "Server": [
          "Microsoft-HTTPAPI/2.0"
        ],
        "x-ms-ratelimit-remaining-subscription-writes": [
          "1199"
        ],
        "x-ms-correlation-request-id": [
          "f884c727-a708-460c-bb94-7434c3737283"
        ],
        "x-ms-routing-request-id": [
          "WESTCENTRALUS:20201215T221149Z:f884c727-a708-460c-bb94-7434c3737283"
        ],
        "Strict-Transport-Security": [
          "max-age=31536000; includeSubDomains"
        ],
        "X-Content-Type-Options": [
          "nosniff"
        ],
        "Date": [
          "Tue, 15 Dec 2020 22:11:48 GMT"
        ],
        "Content-Length": [
          "659"
        ],
        "Content-Type": [
          "application/json; charset=utf-8"
        ],
        "Expires": [
          "-1"
        ],
        "Retry-After": [
          "0"
        ]
      },
      "ResponseBody": "{\r\n  \"location\": \"West US 2\",\r\n  \"tags\": {\r\n    \"RootTag1\": \"Value1\",\r\n    \"RootTag2\": \"Value2\"\r\n  },\r\n  \"systemData\": {\r\n    \"createdBy\": \"546094f3-32fa-493c-824c-bd9575b0d2fe\",\r\n    \"createdByType\": \"Application\",\r\n    \"createdAt\": \"2020-12-15T22:11:48.6692719Z\",\r\n    \"lastModifiedBy\": \"546094f3-32fa-493c-824c-bd9575b0d2fe\",\r\n    \"lastModifiedByType\": \"Application\",\r\n    \"lastModifiedAt\": \"2020-12-15T22:11:48.6692719Z\"\r\n  },\r\n  \"properties\": {},\r\n  \"id\": \"/subscriptions/a1bfa635-f2bf-42f1-86b5-848c674fc321/resourceGroups/ps6992/providers/Microsoft.Resources/templateSpecs/ps6640\",\r\n  \"type\": \"Microsoft.Resources/templateSpecs\",\r\n  \"name\": \"ps6640\"\r\n}",
      "StatusCode": 201
    },
    {
      "RequestUri": "/subscriptions/a1bfa635-f2bf-42f1-86b5-848c674fc321/resourceGroups/ps6992/providers/Microsoft.Resources/templateSpecs/ps6640?api-version=2019-06-01-preview",
      "EncodedRequestUri": "L3N1YnNjcmlwdGlvbnMvYTFiZmE2MzUtZjJiZi00MmYxLTg2YjUtODQ4YzY3NGZjMzIxL3Jlc291cmNlR3JvdXBzL3BzNjk5Mi9wcm92aWRlcnMvTWljcm9zb2Z0LlJlc291cmNlcy90ZW1wbGF0ZVNwZWNzL3BzNjY0MD9hcGktdmVyc2lvbj0yMDE5LTA2LTAxLXByZXZpZXc=",
      "RequestMethod": "PUT",
      "RequestBody": "{\r\n  \"location\": \"West US 2\",\r\n  \"tags\": {\r\n    \"RootTag1\": \"Value1\",\r\n    \"RootTag2\": \"Value2\"\r\n  }\r\n}",
      "RequestHeaders": {
        "x-ms-client-request-id": [
          "38b0e2db-59ff-4ec1-9c86-ec41b804a4a5"
        ],
        "Accept-Language": [
          "en-US"
        ],
        "User-Agent": [
          "FxVersion/4.6.29321.03",
          "OSName/Windows",
          "OSVersion/Microsoft.Windows.10.0.19042.",
          "Microsoft.Azure.Management.ResourceManager.TemplateSpecsClient/3.11.0.0"
        ],
        "Content-Type": [
          "application/json; charset=utf-8"
        ],
        "Content-Length": [
          "103"
        ]
      },
      "ResponseHeaders": {
        "Cache-Control": [
          "no-cache"
        ],
        "Pragma": [
          "no-cache"
        ],
        "x-ms-request-id": [
          "ab29f161-c390-4e36-bb97-c71fa8ce1706"
        ],
        "Server": [
          "Microsoft-HTTPAPI/2.0"
        ],
        "x-ms-ratelimit-remaining-subscription-writes": [
          "1199"
        ],
        "x-ms-correlation-request-id": [
          "7fbe6590-12fa-4ff9-b1f9-0611621a3afc"
        ],
        "x-ms-routing-request-id": [
          "WESTCENTRALUS:20201215T221151Z:7fbe6590-12fa-4ff9-b1f9-0611621a3afc"
        ],
        "Strict-Transport-Security": [
          "max-age=31536000; includeSubDomains"
        ],
        "X-Content-Type-Options": [
          "nosniff"
        ],
        "Date": [
          "Tue, 15 Dec 2020 22:11:50 GMT"
        ],
        "Content-Length": [
          "659"
        ],
        "Content-Type": [
          "application/json; charset=utf-8"
        ],
        "Expires": [
          "-1"
        ],
        "Retry-After": [
          "0"
        ]
      },
      "ResponseBody": "{\r\n  \"location\": \"West US 2\",\r\n  \"tags\": {\r\n    \"RootTag1\": \"Value1\",\r\n    \"RootTag2\": \"Value2\"\r\n  },\r\n  \"systemData\": {\r\n    \"createdBy\": \"546094f3-32fa-493c-824c-bd9575b0d2fe\",\r\n    \"createdByType\": \"Application\",\r\n    \"createdAt\": \"2020-12-15T22:11:48.6692719Z\",\r\n    \"lastModifiedBy\": \"546094f3-32fa-493c-824c-bd9575b0d2fe\",\r\n    \"lastModifiedByType\": \"Application\",\r\n    \"lastModifiedAt\": \"2020-12-15T22:11:51.0171573Z\"\r\n  },\r\n  \"properties\": {},\r\n  \"id\": \"/subscriptions/a1bfa635-f2bf-42f1-86b5-848c674fc321/resourceGroups/ps6992/providers/Microsoft.Resources/templateSpecs/ps6640\",\r\n  \"type\": \"Microsoft.Resources/templateSpecs\",\r\n  \"name\": \"ps6640\"\r\n}",
      "StatusCode": 201
    },
    {
      "RequestUri": "/subscriptions/a1bfa635-f2bf-42f1-86b5-848c674fc321/resourceGroups/ps6992/providers/Microsoft.Resources/templateSpecs/ps6640?api-version=2019-06-01-preview",
      "EncodedRequestUri": "L3N1YnNjcmlwdGlvbnMvYTFiZmE2MzUtZjJiZi00MmYxLTg2YjUtODQ4YzY3NGZjMzIxL3Jlc291cmNlR3JvdXBzL3BzNjk5Mi9wcm92aWRlcnMvTWljcm9zb2Z0LlJlc291cmNlcy90ZW1wbGF0ZVNwZWNzL3BzNjY0MD9hcGktdmVyc2lvbj0yMDE5LTA2LTAxLXByZXZpZXc=",
      "RequestMethod": "PUT",
      "RequestBody": "{\r\n  \"location\": \"West US 2\",\r\n  \"tags\": {\r\n    \"RootTag1\": \"Value1\",\r\n    \"RootTag2\": \"Value2\"\r\n  }\r\n}",
      "RequestHeaders": {
        "x-ms-client-request-id": [
          "df4688ad-9f79-49f5-8d3b-90ed14f64426"
        ],
        "Accept-Language": [
          "en-US"
        ],
        "User-Agent": [
          "FxVersion/4.6.29321.03",
          "OSName/Windows",
          "OSVersion/Microsoft.Windows.10.0.19042.",
          "Microsoft.Azure.Management.ResourceManager.TemplateSpecsClient/3.11.0.0"
        ],
        "Content-Type": [
          "application/json; charset=utf-8"
        ],
        "Content-Length": [
          "103"
        ]
      },
      "ResponseHeaders": {
        "Cache-Control": [
          "no-cache"
        ],
        "Pragma": [
          "no-cache"
        ],
        "x-ms-request-id": [
          "5b45c42a-c757-4761-80ee-b467afd1da7d"
        ],
        "Server": [
          "Microsoft-HTTPAPI/2.0"
        ],
        "x-ms-ratelimit-remaining-subscription-writes": [
          "1199"
        ],
        "x-ms-correlation-request-id": [
          "5116221d-7aea-4d23-b500-3cc655973317"
        ],
        "x-ms-routing-request-id": [
          "WESTCENTRALUS:20201215T221153Z:5116221d-7aea-4d23-b500-3cc655973317"
        ],
        "Strict-Transport-Security": [
          "max-age=31536000; includeSubDomains"
        ],
        "X-Content-Type-Options": [
          "nosniff"
        ],
        "Date": [
          "Tue, 15 Dec 2020 22:11:53 GMT"
        ],
        "Content-Length": [
          "659"
        ],
        "Content-Type": [
          "application/json; charset=utf-8"
        ],
        "Expires": [
          "-1"
        ],
        "Retry-After": [
          "0"
        ]
      },
      "ResponseBody": "{\r\n  \"location\": \"West US 2\",\r\n  \"tags\": {\r\n    \"RootTag1\": \"Value1\",\r\n    \"RootTag2\": \"Value2\"\r\n  },\r\n  \"systemData\": {\r\n    \"createdBy\": \"546094f3-32fa-493c-824c-bd9575b0d2fe\",\r\n    \"createdByType\": \"Application\",\r\n    \"createdAt\": \"2020-12-15T22:11:48.6692719Z\",\r\n    \"lastModifiedBy\": \"546094f3-32fa-493c-824c-bd9575b0d2fe\",\r\n    \"lastModifiedByType\": \"Application\",\r\n    \"lastModifiedAt\": \"2020-12-15T22:11:53.1083168Z\"\r\n  },\r\n  \"properties\": {},\r\n  \"id\": \"/subscriptions/a1bfa635-f2bf-42f1-86b5-848c674fc321/resourceGroups/ps6992/providers/Microsoft.Resources/templateSpecs/ps6640\",\r\n  \"type\": \"Microsoft.Resources/templateSpecs\",\r\n  \"name\": \"ps6640\"\r\n}",
      "StatusCode": 201
    },
    {
      "RequestUri": "/subscriptions/a1bfa635-f2bf-42f1-86b5-848c674fc321/resourceGroups/ps6992/providers/Microsoft.Resources/templateSpecs/ps6640/versions/v1?api-version=2019-06-01-preview",
      "EncodedRequestUri": "L3N1YnNjcmlwdGlvbnMvYTFiZmE2MzUtZjJiZi00MmYxLTg2YjUtODQ4YzY3NGZjMzIxL3Jlc291cmNlR3JvdXBzL3BzNjk5Mi9wcm92aWRlcnMvTWljcm9zb2Z0LlJlc291cmNlcy90ZW1wbGF0ZVNwZWNzL3BzNjY0MC92ZXJzaW9ucy92MT9hcGktdmVyc2lvbj0yMDE5LTA2LTAxLXByZXZpZXc=",
      "RequestMethod": "GET",
      "RequestBody": "",
      "RequestHeaders": {
        "x-ms-client-request-id": [
          "9091c9eb-cee0-496a-abb2-56d1ee451e09"
        ],
        "Accept-Language": [
          "en-US"
        ],
        "User-Agent": [
          "FxVersion/4.6.29321.03",
          "OSName/Windows",
          "OSVersion/Microsoft.Windows.10.0.19042.",
          "Microsoft.Azure.Management.ResourceManager.TemplateSpecsClient/3.11.0.0"
        ]
      },
      "ResponseHeaders": {
        "Cache-Control": [
          "no-cache"
        ],
        "Pragma": [
          "no-cache"
        ],
        "x-ms-failure-cause": [
          "gateway"
        ],
        "x-ms-request-id": [
          "b19b5a55-1dc9-4666-857f-29ba461cf058"
        ],
        "x-ms-correlation-request-id": [
          "b19b5a55-1dc9-4666-857f-29ba461cf058"
        ],
        "x-ms-routing-request-id": [
          "WESTCENTRALUS:20201215T221149Z:b19b5a55-1dc9-4666-857f-29ba461cf058"
        ],
        "Strict-Transport-Security": [
          "max-age=31536000; includeSubDomains"
        ],
        "X-Content-Type-Options": [
          "nosniff"
        ],
        "Date": [
          "Tue, 15 Dec 2020 22:11:48 GMT"
        ],
        "Content-Type": [
          "application/json; charset=utf-8"
        ],
        "Expires": [
          "-1"
        ],
        "Content-Length": [
          "230"
        ],
        "Retry-After": [
          "0"
        ]
      },
      "ResponseBody": "{\r\n  \"error\": {\r\n    \"code\": \"ResourceNotFound\",\r\n    \"message\": \"The Resource 'Microsoft.Resources/templateSpecs/ps6640/versions/v1' under resource group 'ps6992' was not found. For more details please go to https://aka.ms/ARMResourceNotFoundFix\"\r\n  }\r\n}",
      "StatusCode": 404
    },
    {
      "RequestUri": "/subscriptions/a1bfa635-f2bf-42f1-86b5-848c674fc321/resourceGroups/ps6992/providers/Microsoft.Resources/templateSpecs/ps6640/versions/v1?api-version=2019-06-01-preview",
      "EncodedRequestUri": "L3N1YnNjcmlwdGlvbnMvYTFiZmE2MzUtZjJiZi00MmYxLTg2YjUtODQ4YzY3NGZjMzIxL3Jlc291cmNlR3JvdXBzL3BzNjk5Mi9wcm92aWRlcnMvTWljcm9zb2Z0LlJlc291cmNlcy90ZW1wbGF0ZVNwZWNzL3BzNjY0MC92ZXJzaW9ucy92MT9hcGktdmVyc2lvbj0yMDE5LTA2LTAxLXByZXZpZXc=",
      "RequestMethod": "PUT",
      "RequestBody": "{\r\n  \"location\": \"West US 2\",\r\n  \"properties\": {\r\n    \"artifacts\": [],\r\n    \"template\": {\r\n      \"$schema\": \"http://schema.management.azure.com/schemas/2014-04-01-preview/deploymentTemplate.json#\",\r\n      \"contentVersion\": \"1.0.0.0\",\r\n      \"parameters\": {\r\n        \"hostingPlanName\": {\r\n          \"type\": \"string\"\r\n        },\r\n        \"siteLocation\": {\r\n          \"type\": \"string\"\r\n        },\r\n        \"sku\": {\r\n          \"type\": \"string\",\r\n          \"allowedValues\": [\r\n            \"Free\",\r\n            \"Shared\",\r\n            \"Basic\",\r\n            \"Standard\"\r\n          ],\r\n          \"defaultValue\": \"Free\"\r\n        },\r\n        \"workerSize\": {\r\n          \"type\": \"int\",\r\n          \"allowedValues\": [\r\n            0,\r\n            1,\r\n            2\r\n          ],\r\n          \"defaultValue\": 0\r\n        }\r\n      },\r\n      \"resources\": [\r\n        {\r\n          \"apiVersion\": \"2014-04-01\",\r\n          \"name\": \"[parameters('hostingPlanName')]\",\r\n          \"type\": \"Microsoft.Web/serverfarms\",\r\n          \"location\": \"[parameters('siteLocation')]\",\r\n          \"properties\": {\r\n            \"name\": \"[parameters('hostingPlanName')]\",\r\n            \"sku\": \"[parameters('sku')]\",\r\n            \"workerSize\": \"[parameters('workerSize')]\",\r\n            \"numberOfWorkers\": 1\r\n          }\r\n        }\r\n      ]\r\n    }\r\n  },\r\n  \"tags\": {\r\n    \"RootTag1\": \"Value1\",\r\n    \"RootTag2\": \"Value2\"\r\n  }\r\n}",
      "RequestHeaders": {
        "x-ms-client-request-id": [
          "7441332b-26dc-41b2-bd2e-4be4096aeab7"
        ],
        "Accept-Language": [
          "en-US"
        ],
        "User-Agent": [
          "FxVersion/4.6.29321.03",
          "OSName/Windows",
          "OSVersion/Microsoft.Windows.10.0.19042.",
          "Microsoft.Azure.Management.ResourceManager.TemplateSpecsClient/3.11.0.0"
        ],
        "Content-Type": [
          "application/json; charset=utf-8"
        ],
        "Content-Length": [
          "1378"
        ]
      },
      "ResponseHeaders": {
        "Cache-Control": [
          "no-cache"
        ],
        "Pragma": [
          "no-cache"
        ],
        "x-ms-request-id": [
          "ae4092f4-c44f-4247-9d3a-9411dfaedb1b"
        ],
        "Server": [
          "Microsoft-HTTPAPI/2.0"
        ],
        "x-ms-ratelimit-remaining-subscription-writes": [
          "1198"
        ],
        "x-ms-correlation-request-id": [
          "942ef7fc-bbd2-4d32-8ab0-54016ca9eb97"
        ],
        "x-ms-routing-request-id": [
          "WESTCENTRALUS:20201215T221150Z:942ef7fc-bbd2-4d32-8ab0-54016ca9eb97"
        ],
        "Strict-Transport-Security": [
          "max-age=31536000; includeSubDomains"
        ],
        "X-Content-Type-Options": [
          "nosniff"
        ],
        "Date": [
          "Tue, 15 Dec 2020 22:11:49 GMT"
        ],
        "Content-Length": [
          "1930"
        ],
        "Content-Type": [
          "application/json; charset=utf-8"
        ],
        "Expires": [
          "-1"
        ],
        "Retry-After": [
          "0"
        ]
      },
      "ResponseBody": "{\r\n  \"location\": \"West US 2\",\r\n  \"tags\": {\r\n    \"RootTag1\": \"Value1\",\r\n    \"RootTag2\": \"Value2\"\r\n  },\r\n  \"systemData\": {\r\n    \"createdBy\": \"546094f3-32fa-493c-824c-bd9575b0d2fe\",\r\n    \"createdByType\": \"Application\",\r\n    \"createdAt\": \"2020-12-15T22:11:49.9092773Z\",\r\n    \"lastModifiedBy\": \"546094f3-32fa-493c-824c-bd9575b0d2fe\",\r\n    \"lastModifiedByType\": \"Application\",\r\n    \"lastModifiedAt\": \"2020-12-15T22:11:49.9092773Z\"\r\n  },\r\n  \"properties\": {\r\n    \"artifacts\": [],\r\n    \"template\": {\r\n      \"$schema\": \"http://schema.management.azure.com/schemas/2014-04-01-preview/deploymentTemplate.json#\",\r\n      \"contentVersion\": \"1.0.0.0\",\r\n      \"parameters\": {\r\n        \"hostingPlanName\": {\r\n          \"type\": \"string\"\r\n        },\r\n        \"siteLocation\": {\r\n          \"type\": \"string\"\r\n        },\r\n        \"sku\": {\r\n          \"type\": \"string\",\r\n          \"allowedValues\": [\r\n            \"Free\",\r\n            \"Shared\",\r\n            \"Basic\",\r\n            \"Standard\"\r\n          ],\r\n          \"defaultValue\": \"Free\"\r\n        },\r\n        \"workerSize\": {\r\n          \"type\": \"int\",\r\n          \"allowedValues\": [\r\n            0,\r\n            1,\r\n            2\r\n          ],\r\n          \"defaultValue\": 0\r\n        }\r\n      },\r\n      \"resources\": [\r\n        {\r\n          \"apiVersion\": \"2014-04-01\",\r\n          \"name\": \"[parameters('hostingPlanName')]\",\r\n          \"type\": \"Microsoft.Web/serverfarms\",\r\n          \"location\": \"[parameters('siteLocation')]\",\r\n          \"properties\": {\r\n            \"name\": \"[parameters('hostingPlanName')]\",\r\n            \"sku\": \"[parameters('sku')]\",\r\n            \"workerSize\": \"[parameters('workerSize')]\",\r\n            \"numberOfWorkers\": 1\r\n          }\r\n        }\r\n      ]\r\n    }\r\n  },\r\n  \"id\": \"/subscriptions/a1bfa635-f2bf-42f1-86b5-848c674fc321/resourceGroups/ps6992/providers/Microsoft.Resources/templateSpecs/ps6640/versions/v1\",\r\n  \"type\": \"Microsoft.Resources/templateSpecs/versions\",\r\n  \"name\": \"v1\"\r\n}",
      "StatusCode": 201
    },
    {
      "RequestUri": "/subscriptions/a1bfa635-f2bf-42f1-86b5-848c674fc321/resourceGroups/ps6992/providers/Microsoft.Resources/templateSpecs/ps6640/versions/v2?api-version=2019-06-01-preview",
      "EncodedRequestUri": "L3N1YnNjcmlwdGlvbnMvYTFiZmE2MzUtZjJiZi00MmYxLTg2YjUtODQ4YzY3NGZjMzIxL3Jlc291cmNlR3JvdXBzL3BzNjk5Mi9wcm92aWRlcnMvTWljcm9zb2Z0LlJlc291cmNlcy90ZW1wbGF0ZVNwZWNzL3BzNjY0MC92ZXJzaW9ucy92Mj9hcGktdmVyc2lvbj0yMDE5LTA2LTAxLXByZXZpZXc=",
      "RequestMethod": "GET",
      "RequestBody": "",
      "RequestHeaders": {
        "x-ms-client-request-id": [
          "c594ead2-685c-4bb6-85f8-70ca1b6f0198"
        ],
        "Accept-Language": [
          "en-US"
        ],
        "User-Agent": [
          "FxVersion/4.6.29321.03",
          "OSName/Windows",
          "OSVersion/Microsoft.Windows.10.0.19042.",
          "Microsoft.Azure.Management.ResourceManager.TemplateSpecsClient/3.11.0.0"
        ]
      },
      "ResponseHeaders": {
        "Cache-Control": [
          "no-cache"
        ],
        "Pragma": [
          "no-cache"
        ],
        "x-ms-failure-cause": [
          "gateway"
        ],
        "x-ms-request-id": [
          "7784fcdf-7813-4b6c-99d0-92f3985a7c00"
        ],
        "x-ms-correlation-request-id": [
          "7784fcdf-7813-4b6c-99d0-92f3985a7c00"
        ],
        "x-ms-routing-request-id": [
          "WESTCENTRALUS:20201215T221151Z:7784fcdf-7813-4b6c-99d0-92f3985a7c00"
        ],
        "Strict-Transport-Security": [
          "max-age=31536000; includeSubDomains"
        ],
        "X-Content-Type-Options": [
          "nosniff"
        ],
        "Date": [
          "Tue, 15 Dec 2020 22:11:51 GMT"
        ],
        "Content-Type": [
          "application/json; charset=utf-8"
        ],
        "Expires": [
          "-1"
        ],
        "Content-Length": [
          "230"
        ],
        "Retry-After": [
          "0"
        ]
      },
      "ResponseBody": "{\r\n  \"error\": {\r\n    \"code\": \"ResourceNotFound\",\r\n    \"message\": \"The Resource 'Microsoft.Resources/templateSpecs/ps6640/versions/v2' under resource group 'ps6992' was not found. For more details please go to https://aka.ms/ARMResourceNotFoundFix\"\r\n  }\r\n}",
      "StatusCode": 404
    },
    {
      "RequestUri": "/subscriptions/a1bfa635-f2bf-42f1-86b5-848c674fc321/resourceGroups/ps6992/providers/Microsoft.Resources/templateSpecs/ps6640/versions/v2?api-version=2019-06-01-preview",
      "EncodedRequestUri": "L3N1YnNjcmlwdGlvbnMvYTFiZmE2MzUtZjJiZi00MmYxLTg2YjUtODQ4YzY3NGZjMzIxL3Jlc291cmNlR3JvdXBzL3BzNjk5Mi9wcm92aWRlcnMvTWljcm9zb2Z0LlJlc291cmNlcy90ZW1wbGF0ZVNwZWNzL3BzNjY0MC92ZXJzaW9ucy92Mj9hcGktdmVyc2lvbj0yMDE5LTA2LTAxLXByZXZpZXc=",
      "RequestMethod": "PUT",
      "RequestBody": "{\r\n  \"location\": \"West US 2\",\r\n  \"properties\": {\r\n    \"artifacts\": [],\r\n    \"template\": {\r\n      \"$schema\": \"http://schema.management.azure.com/schemas/2014-04-01-preview/deploymentTemplate.json#\",\r\n      \"contentVersion\": \"1.0.0.0\",\r\n      \"parameters\": {\r\n        \"hostingPlanName\": {\r\n          \"type\": \"string\"\r\n        },\r\n        \"siteLocation\": {\r\n          \"type\": \"string\"\r\n        },\r\n        \"sku\": {\r\n          \"type\": \"string\",\r\n          \"allowedValues\": [\r\n            \"Free\",\r\n            \"Shared\",\r\n            \"Basic\",\r\n            \"Standard\"\r\n          ],\r\n          \"defaultValue\": \"Free\"\r\n        },\r\n        \"workerSize\": {\r\n          \"type\": \"int\",\r\n          \"allowedValues\": [\r\n            0,\r\n            1,\r\n            2\r\n          ],\r\n          \"defaultValue\": 0\r\n        }\r\n      },\r\n      \"resources\": [\r\n        {\r\n          \"apiVersion\": \"2014-04-01\",\r\n          \"name\": \"[parameters('hostingPlanName')]\",\r\n          \"type\": \"Microsoft.Web/serverfarms\",\r\n          \"location\": \"[parameters('siteLocation')]\",\r\n          \"properties\": {\r\n            \"name\": \"[parameters('hostingPlanName')]\",\r\n            \"sku\": \"[parameters('sku')]\",\r\n            \"workerSize\": \"[parameters('workerSize')]\",\r\n            \"numberOfWorkers\": 1\r\n          }\r\n        }\r\n      ]\r\n    }\r\n  },\r\n  \"tags\": {\r\n    \"RootTag1\": \"Value1\",\r\n    \"RootTag2\": \"Value2\"\r\n  }\r\n}",
      "RequestHeaders": {
        "x-ms-client-request-id": [
          "57889bf2-dafd-4af0-af71-682a47eb8437"
        ],
        "Accept-Language": [
          "en-US"
        ],
        "User-Agent": [
          "FxVersion/4.6.29321.03",
          "OSName/Windows",
          "OSVersion/Microsoft.Windows.10.0.19042.",
          "Microsoft.Azure.Management.ResourceManager.TemplateSpecsClient/3.11.0.0"
        ],
        "Content-Type": [
          "application/json; charset=utf-8"
        ],
        "Content-Length": [
          "1378"
        ]
      },
      "ResponseHeaders": {
        "Cache-Control": [
          "no-cache"
        ],
        "Pragma": [
          "no-cache"
        ],
        "x-ms-request-id": [
          "db9d57c6-7945-455b-970f-46c79dcf3742"
        ],
        "Server": [
          "Microsoft-HTTPAPI/2.0"
        ],
        "x-ms-ratelimit-remaining-subscription-writes": [
          "1198"
        ],
        "x-ms-correlation-request-id": [
          "036a1967-b617-435d-a742-f594d7c0d333"
        ],
        "x-ms-routing-request-id": [
          "WESTCENTRALUS:20201215T221152Z:036a1967-b617-435d-a742-f594d7c0d333"
        ],
        "Strict-Transport-Security": [
          "max-age=31536000; includeSubDomains"
        ],
        "X-Content-Type-Options": [
          "nosniff"
        ],
        "Date": [
          "Tue, 15 Dec 2020 22:11:52 GMT"
        ],
        "Content-Length": [
          "1930"
        ],
        "Content-Type": [
          "application/json; charset=utf-8"
        ],
        "Expires": [
          "-1"
        ],
        "Retry-After": [
          "0"
        ]
      },
      "ResponseBody": "{\r\n  \"location\": \"West US 2\",\r\n  \"tags\": {\r\n    \"RootTag1\": \"Value1\",\r\n    \"RootTag2\": \"Value2\"\r\n  },\r\n  \"systemData\": {\r\n    \"createdBy\": \"546094f3-32fa-493c-824c-bd9575b0d2fe\",\r\n    \"createdByType\": \"Application\",\r\n    \"createdAt\": \"2020-12-15T22:11:52.1421345Z\",\r\n    \"lastModifiedBy\": \"546094f3-32fa-493c-824c-bd9575b0d2fe\",\r\n    \"lastModifiedByType\": \"Application\",\r\n    \"lastModifiedAt\": \"2020-12-15T22:11:52.1421345Z\"\r\n  },\r\n  \"properties\": {\r\n    \"artifacts\": [],\r\n    \"template\": {\r\n      \"$schema\": \"http://schema.management.azure.com/schemas/2014-04-01-preview/deploymentTemplate.json#\",\r\n      \"contentVersion\": \"1.0.0.0\",\r\n      \"parameters\": {\r\n        \"hostingPlanName\": {\r\n          \"type\": \"string\"\r\n        },\r\n        \"siteLocation\": {\r\n          \"type\": \"string\"\r\n        },\r\n        \"sku\": {\r\n          \"type\": \"string\",\r\n          \"allowedValues\": [\r\n            \"Free\",\r\n            \"Shared\",\r\n            \"Basic\",\r\n            \"Standard\"\r\n          ],\r\n          \"defaultValue\": \"Free\"\r\n        },\r\n        \"workerSize\": {\r\n          \"type\": \"int\",\r\n          \"allowedValues\": [\r\n            0,\r\n            1,\r\n            2\r\n          ],\r\n          \"defaultValue\": 0\r\n        }\r\n      },\r\n      \"resources\": [\r\n        {\r\n          \"apiVersion\": \"2014-04-01\",\r\n          \"name\": \"[parameters('hostingPlanName')]\",\r\n          \"type\": \"Microsoft.Web/serverfarms\",\r\n          \"location\": \"[parameters('siteLocation')]\",\r\n          \"properties\": {\r\n            \"name\": \"[parameters('hostingPlanName')]\",\r\n            \"sku\": \"[parameters('sku')]\",\r\n            \"workerSize\": \"[parameters('workerSize')]\",\r\n            \"numberOfWorkers\": 1\r\n          }\r\n        }\r\n      ]\r\n    }\r\n  },\r\n  \"id\": \"/subscriptions/a1bfa635-f2bf-42f1-86b5-848c674fc321/resourceGroups/ps6992/providers/Microsoft.Resources/templateSpecs/ps6640/versions/v2\",\r\n  \"type\": \"Microsoft.Resources/templateSpecs/versions\",\r\n  \"name\": \"v2\"\r\n}",
      "StatusCode": 201
    },
    {
      "RequestUri": "/subscriptions/a1bfa635-f2bf-42f1-86b5-848c674fc321/resourceGroups/ps6992/providers/Microsoft.Resources/templateSpecs/ps6640/versions/v3?api-version=2019-06-01-preview",
      "EncodedRequestUri": "L3N1YnNjcmlwdGlvbnMvYTFiZmE2MzUtZjJiZi00MmYxLTg2YjUtODQ4YzY3NGZjMzIxL3Jlc291cmNlR3JvdXBzL3BzNjk5Mi9wcm92aWRlcnMvTWljcm9zb2Z0LlJlc291cmNlcy90ZW1wbGF0ZVNwZWNzL3BzNjY0MC92ZXJzaW9ucy92Mz9hcGktdmVyc2lvbj0yMDE5LTA2LTAxLXByZXZpZXc=",
      "RequestMethod": "GET",
      "RequestBody": "",
      "RequestHeaders": {
        "x-ms-client-request-id": [
          "b1d57d50-d384-42e8-902f-f40ccea08bec"
        ],
        "Accept-Language": [
          "en-US"
        ],
        "User-Agent": [
          "FxVersion/4.6.29321.03",
          "OSName/Windows",
          "OSVersion/Microsoft.Windows.10.0.19042.",
          "Microsoft.Azure.Management.ResourceManager.TemplateSpecsClient/3.11.0.0"
        ]
      },
      "ResponseHeaders": {
        "Cache-Control": [
          "no-cache"
        ],
        "Pragma": [
          "no-cache"
        ],
        "x-ms-failure-cause": [
          "gateway"
        ],
        "x-ms-request-id": [
          "c9382159-b87e-4266-8e67-add94267dae4"
        ],
        "x-ms-correlation-request-id": [
          "c9382159-b87e-4266-8e67-add94267dae4"
        ],
        "x-ms-routing-request-id": [
          "WESTCENTRALUS:20201215T221153Z:c9382159-b87e-4266-8e67-add94267dae4"
        ],
        "Strict-Transport-Security": [
          "max-age=31536000; includeSubDomains"
        ],
        "X-Content-Type-Options": [
          "nosniff"
        ],
        "Date": [
          "Tue, 15 Dec 2020 22:11:53 GMT"
        ],
        "Content-Type": [
          "application/json; charset=utf-8"
        ],
        "Expires": [
          "-1"
        ],
        "Content-Length": [
          "230"
        ],
        "Retry-After": [
          "0"
        ]
      },
      "ResponseBody": "{\r\n  \"error\": {\r\n    \"code\": \"ResourceNotFound\",\r\n    \"message\": \"The Resource 'Microsoft.Resources/templateSpecs/ps6640/versions/v3' under resource group 'ps6992' was not found. For more details please go to https://aka.ms/ARMResourceNotFoundFix\"\r\n  }\r\n}",
      "StatusCode": 404
    },
    {
      "RequestUri": "/subscriptions/a1bfa635-f2bf-42f1-86b5-848c674fc321/resourceGroups/ps6992/providers/Microsoft.Resources/templateSpecs/ps6640/versions/v3?api-version=2019-06-01-preview",
      "EncodedRequestUri": "L3N1YnNjcmlwdGlvbnMvYTFiZmE2MzUtZjJiZi00MmYxLTg2YjUtODQ4YzY3NGZjMzIxL3Jlc291cmNlR3JvdXBzL3BzNjk5Mi9wcm92aWRlcnMvTWljcm9zb2Z0LlJlc291cmNlcy90ZW1wbGF0ZVNwZWNzL3BzNjY0MC92ZXJzaW9ucy92Mz9hcGktdmVyc2lvbj0yMDE5LTA2LTAxLXByZXZpZXc=",
      "RequestMethod": "PUT",
      "RequestBody": "{\r\n  \"location\": \"West US 2\",\r\n  \"properties\": {\r\n    \"artifacts\": [],\r\n    \"template\": {\r\n      \"$schema\": \"http://schema.management.azure.com/schemas/2014-04-01-preview/deploymentTemplate.json#\",\r\n      \"contentVersion\": \"1.0.0.0\",\r\n      \"parameters\": {\r\n        \"hostingPlanName\": {\r\n          \"type\": \"string\"\r\n        },\r\n        \"siteLocation\": {\r\n          \"type\": \"string\"\r\n        },\r\n        \"sku\": {\r\n          \"type\": \"string\",\r\n          \"allowedValues\": [\r\n            \"Free\",\r\n            \"Shared\",\r\n            \"Basic\",\r\n            \"Standard\"\r\n          ],\r\n          \"defaultValue\": \"Free\"\r\n        },\r\n        \"workerSize\": {\r\n          \"type\": \"int\",\r\n          \"allowedValues\": [\r\n            0,\r\n            1,\r\n            2\r\n          ],\r\n          \"defaultValue\": 0\r\n        }\r\n      },\r\n      \"resources\": [\r\n        {\r\n          \"apiVersion\": \"2014-04-01\",\r\n          \"name\": \"[parameters('hostingPlanName')]\",\r\n          \"type\": \"Microsoft.Web/serverfarms\",\r\n          \"location\": \"[parameters('siteLocation')]\",\r\n          \"properties\": {\r\n            \"name\": \"[parameters('hostingPlanName')]\",\r\n            \"sku\": \"[parameters('sku')]\",\r\n            \"workerSize\": \"[parameters('workerSize')]\",\r\n            \"numberOfWorkers\": 1\r\n          }\r\n        }\r\n      ]\r\n    }\r\n  },\r\n  \"tags\": {}\r\n}",
      "RequestHeaders": {
        "x-ms-client-request-id": [
          "17c6ecb4-bcb7-4767-a1f2-cbc00031959b"
        ],
        "Accept-Language": [
          "en-US"
        ],
        "User-Agent": [
          "FxVersion/4.6.29321.03",
          "OSName/Windows",
          "OSVersion/Microsoft.Windows.10.0.19042.",
          "Microsoft.Azure.Management.ResourceManager.TemplateSpecsClient/3.11.0.0"
        ],
        "Content-Type": [
          "application/json; charset=utf-8"
        ],
        "Content-Length": [
          "1321"
        ]
      },
      "ResponseHeaders": {
        "Cache-Control": [
          "no-cache"
        ],
        "Pragma": [
          "no-cache"
        ],
        "x-ms-request-id": [
          "4a56e92b-2e8c-4945-a67b-bd3ac26663f5"
        ],
        "Server": [
          "Microsoft-HTTPAPI/2.0"
        ],
        "x-ms-ratelimit-remaining-subscription-writes": [
          "1198"
        ],
        "x-ms-correlation-request-id": [
          "4727f4f7-d8c6-4886-902c-21d90fa280db"
        ],
        "x-ms-routing-request-id": [
          "WESTCENTRALUS:20201215T221154Z:4727f4f7-d8c6-4886-902c-21d90fa280db"
        ],
        "Strict-Transport-Security": [
          "max-age=31536000; includeSubDomains"
        ],
        "X-Content-Type-Options": [
          "nosniff"
        ],
        "Date": [
          "Tue, 15 Dec 2020 22:11:54 GMT"
        ],
        "Content-Length": [
          "1873"
        ],
        "Content-Type": [
          "application/json; charset=utf-8"
        ],
        "Expires": [
          "-1"
        ],
        "Retry-After": [
          "0"
        ]
      },
      "ResponseBody": "{\r\n  \"location\": \"West US 2\",\r\n  \"tags\": {},\r\n  \"systemData\": {\r\n    \"createdBy\": \"546094f3-32fa-493c-824c-bd9575b0d2fe\",\r\n    \"createdByType\": \"Application\",\r\n    \"createdAt\": \"2020-12-15T22:11:54.1433089Z\",\r\n    \"lastModifiedBy\": \"546094f3-32fa-493c-824c-bd9575b0d2fe\",\r\n    \"lastModifiedByType\": \"Application\",\r\n    \"lastModifiedAt\": \"2020-12-15T22:11:54.1433089Z\"\r\n  },\r\n  \"properties\": {\r\n    \"artifacts\": [],\r\n    \"template\": {\r\n      \"$schema\": \"http://schema.management.azure.com/schemas/2014-04-01-preview/deploymentTemplate.json#\",\r\n      \"contentVersion\": \"1.0.0.0\",\r\n      \"parameters\": {\r\n        \"hostingPlanName\": {\r\n          \"type\": \"string\"\r\n        },\r\n        \"siteLocation\": {\r\n          \"type\": \"string\"\r\n        },\r\n        \"sku\": {\r\n          \"type\": \"string\",\r\n          \"allowedValues\": [\r\n            \"Free\",\r\n            \"Shared\",\r\n            \"Basic\",\r\n            \"Standard\"\r\n          ],\r\n          \"defaultValue\": \"Free\"\r\n        },\r\n        \"workerSize\": {\r\n          \"type\": \"int\",\r\n          \"allowedValues\": [\r\n            0,\r\n            1,\r\n            2\r\n          ],\r\n          \"defaultValue\": 0\r\n        }\r\n      },\r\n      \"resources\": [\r\n        {\r\n          \"apiVersion\": \"2014-04-01\",\r\n          \"name\": \"[parameters('hostingPlanName')]\",\r\n          \"type\": \"Microsoft.Web/serverfarms\",\r\n          \"location\": \"[parameters('siteLocation')]\",\r\n          \"properties\": {\r\n            \"name\": \"[parameters('hostingPlanName')]\",\r\n            \"sku\": \"[parameters('sku')]\",\r\n            \"workerSize\": \"[parameters('workerSize')]\",\r\n            \"numberOfWorkers\": 1\r\n          }\r\n        }\r\n      ]\r\n    }\r\n  },\r\n  \"id\": \"/subscriptions/a1bfa635-f2bf-42f1-86b5-848c674fc321/resourceGroups/ps6992/providers/Microsoft.Resources/templateSpecs/ps6640/versions/v3\",\r\n  \"type\": \"Microsoft.Resources/templateSpecs/versions\",\r\n  \"name\": \"v3\"\r\n}",
      "StatusCode": 201
    },
    {
      "RequestUri": "/subscriptions/a1bfa635-f2bf-42f1-86b5-848c674fc321/resourcegroups/ps6992?api-version=2020-10-01",
      "EncodedRequestUri": "L3N1YnNjcmlwdGlvbnMvYTFiZmE2MzUtZjJiZi00MmYxLTg2YjUtODQ4YzY3NGZjMzIxL3Jlc291cmNlZ3JvdXBzL3BzNjk5Mj9hcGktdmVyc2lvbj0yMDIwLTEwLTAx",
      "RequestMethod": "DELETE",
      "RequestBody": "",
      "RequestHeaders": {
        "x-ms-client-request-id": [
          "c9eda5ab-dc91-41c2-a209-705c070c53de"
        ],
        "Accept-Language": [
          "en-US"
        ],
        "User-Agent": [
          "FxVersion/4.6.29321.03",
          "OSName/Windows",
          "OSVersion/Microsoft.Windows.10.0.19042.",
          "Microsoft.Azure.Management.ResourceManager.ResourceManagementClient/3.11.0.0"
        ]
      },
      "ResponseHeaders": {
        "Cache-Control": [
          "no-cache"
        ],
        "Pragma": [
          "no-cache"
        ],
        "Location": [
          "https://management.azure.com/subscriptions/a1bfa635-f2bf-42f1-86b5-848c674fc321/operationresults/eyJqb2JJZCI6IlJFU09VUkNFR1JPVVBERUxFVElPTkpPQi1QUzY5OTItV0VTVFVTMiIsImpvYkxvY2F0aW9uIjoid2VzdHVzMiJ9?api-version=2020-10-01"
        ],
        "Retry-After": [
          "0"
        ],
        "x-ms-ratelimit-remaining-subscription-deletes": [
          "14999"
        ],
        "x-ms-request-id": [
          "86f8d3bb-e509-429a-b873-ef985cabe18a"
        ],
        "x-ms-correlation-request-id": [
          "86f8d3bb-e509-429a-b873-ef985cabe18a"
        ],
        "x-ms-routing-request-id": [
          "WESTCENTRALUS:20201215T221155Z:86f8d3bb-e509-429a-b873-ef985cabe18a"
        ],
        "Strict-Transport-Security": [
          "max-age=31536000; includeSubDomains"
        ],
        "X-Content-Type-Options": [
          "nosniff"
        ],
        "Date": [
          "Tue, 15 Dec 2020 22:11:55 GMT"
        ],
        "Expires": [
          "-1"
        ],
        "Content-Length": [
          "0"
        ]
      },
      "ResponseBody": "",
      "StatusCode": 202
    },
    {
      "RequestUri": "/subscriptions/a1bfa635-f2bf-42f1-86b5-848c674fc321/operationresults/eyJqb2JJZCI6IlJFU09VUkNFR1JPVVBERUxFVElPTkpPQi1QUzY5OTItV0VTVFVTMiIsImpvYkxvY2F0aW9uIjoid2VzdHVzMiJ9?api-version=2020-10-01",
      "EncodedRequestUri": "L3N1YnNjcmlwdGlvbnMvYTFiZmE2MzUtZjJiZi00MmYxLTg2YjUtODQ4YzY3NGZjMzIxL29wZXJhdGlvbnJlc3VsdHMvZXlKcWIySkpaQ0k2SWxKRlUwOVZVa05GUjFKUFZWQkVSVXhGVkVsUFRrcFBRaTFRVXpZNU9USXRWMFZUVkZWVE1pSXNJbXB2WWt4dlkyRjBhVzl1SWpvaWQyVnpkSFZ6TWlKOT9hcGktdmVyc2lvbj0yMDIwLTEwLTAx",
      "RequestMethod": "GET",
      "RequestBody": "",
      "RequestHeaders": {
        "User-Agent": [
          "FxVersion/4.6.29321.03",
          "OSName/Windows",
          "OSVersion/Microsoft.Windows.10.0.19042.",
          "Microsoft.Azure.Management.ResourceManager.ResourceManagementClient/3.11.0.0"
        ]
      },
      "ResponseHeaders": {
        "Cache-Control": [
          "no-cache"
        ],
        "Pragma": [
          "no-cache"
        ],
        "Location": [
          "https://management.azure.com/subscriptions/a1bfa635-f2bf-42f1-86b5-848c674fc321/operationresults/eyJqb2JJZCI6IlJFU09VUkNFR1JPVVBERUxFVElPTkpPQi1QUzY5OTItV0VTVFVTMiIsImpvYkxvY2F0aW9uIjoid2VzdHVzMiJ9?api-version=2020-10-01"
        ],
        "Retry-After": [
          "0"
        ],
        "x-ms-ratelimit-remaining-subscription-reads": [
          "11958"
        ],
        "x-ms-request-id": [
          "72af2f43-0c1f-4e44-9af9-21adb7ed8664"
        ],
        "x-ms-correlation-request-id": [
          "72af2f43-0c1f-4e44-9af9-21adb7ed8664"
        ],
        "x-ms-routing-request-id": [
          "WESTCENTRALUS:20201215T221210Z:72af2f43-0c1f-4e44-9af9-21adb7ed8664"
        ],
        "Strict-Transport-Security": [
          "max-age=31536000; includeSubDomains"
        ],
        "X-Content-Type-Options": [
          "nosniff"
        ],
        "Date": [
          "Tue, 15 Dec 2020 22:12:10 GMT"
        ],
        "Expires": [
          "-1"
        ],
        "Content-Length": [
          "0"
        ]
      },
      "ResponseBody": "",
      "StatusCode": 202
    },
    {
      "RequestUri": "/subscriptions/a1bfa635-f2bf-42f1-86b5-848c674fc321/operationresults/eyJqb2JJZCI6IlJFU09VUkNFR1JPVVBERUxFVElPTkpPQi1QUzY5OTItV0VTVFVTMiIsImpvYkxvY2F0aW9uIjoid2VzdHVzMiJ9?api-version=2020-10-01",
      "EncodedRequestUri": "L3N1YnNjcmlwdGlvbnMvYTFiZmE2MzUtZjJiZi00MmYxLTg2YjUtODQ4YzY3NGZjMzIxL29wZXJhdGlvbnJlc3VsdHMvZXlKcWIySkpaQ0k2SWxKRlUwOVZVa05GUjFKUFZWQkVSVXhGVkVsUFRrcFBRaTFRVXpZNU9USXRWMFZUVkZWVE1pSXNJbXB2WWt4dlkyRjBhVzl1SWpvaWQyVnpkSFZ6TWlKOT9hcGktdmVyc2lvbj0yMDIwLTEwLTAx",
      "RequestMethod": "GET",
      "RequestBody": "",
      "RequestHeaders": {
        "User-Agent": [
          "FxVersion/4.6.29321.03",
          "OSName/Windows",
          "OSVersion/Microsoft.Windows.10.0.19042.",
          "Microsoft.Azure.Management.ResourceManager.ResourceManagementClient/3.11.0.0"
        ]
      },
      "ResponseHeaders": {
        "Cache-Control": [
          "no-cache"
        ],
        "Pragma": [
          "no-cache"
        ],
        "Location": [
          "https://management.azure.com/subscriptions/a1bfa635-f2bf-42f1-86b5-848c674fc321/operationresults/eyJqb2JJZCI6IlJFU09VUkNFR1JPVVBERUxFVElPTkpPQi1QUzY5OTItV0VTVFVTMiIsImpvYkxvY2F0aW9uIjoid2VzdHVzMiJ9?api-version=2020-10-01"
        ],
        "Retry-After": [
          "0"
        ],
        "x-ms-ratelimit-remaining-subscription-reads": [
          "11957"
        ],
        "x-ms-request-id": [
          "2574ea5c-7203-4690-a2cd-54d6d6d2c3ed"
        ],
        "x-ms-correlation-request-id": [
          "2574ea5c-7203-4690-a2cd-54d6d6d2c3ed"
        ],
        "x-ms-routing-request-id": [
          "WESTCENTRALUS:20201215T221226Z:2574ea5c-7203-4690-a2cd-54d6d6d2c3ed"
        ],
        "Strict-Transport-Security": [
          "max-age=31536000; includeSubDomains"
        ],
        "X-Content-Type-Options": [
          "nosniff"
        ],
        "Date": [
          "Tue, 15 Dec 2020 22:12:25 GMT"
        ],
        "Expires": [
          "-1"
        ],
        "Content-Length": [
          "0"
        ]
      },
      "ResponseBody": "",
      "StatusCode": 202
    },
    {
      "RequestUri": "/subscriptions/a1bfa635-f2bf-42f1-86b5-848c674fc321/operationresults/eyJqb2JJZCI6IlJFU09VUkNFR1JPVVBERUxFVElPTkpPQi1QUzY5OTItV0VTVFVTMiIsImpvYkxvY2F0aW9uIjoid2VzdHVzMiJ9?api-version=2020-10-01",
      "EncodedRequestUri": "L3N1YnNjcmlwdGlvbnMvYTFiZmE2MzUtZjJiZi00MmYxLTg2YjUtODQ4YzY3NGZjMzIxL29wZXJhdGlvbnJlc3VsdHMvZXlKcWIySkpaQ0k2SWxKRlUwOVZVa05GUjFKUFZWQkVSVXhGVkVsUFRrcFBRaTFRVXpZNU9USXRWMFZUVkZWVE1pSXNJbXB2WWt4dlkyRjBhVzl1SWpvaWQyVnpkSFZ6TWlKOT9hcGktdmVyc2lvbj0yMDIwLTEwLTAx",
      "RequestMethod": "GET",
      "RequestBody": "",
      "RequestHeaders": {
        "User-Agent": [
          "FxVersion/4.6.29321.03",
          "OSName/Windows",
          "OSVersion/Microsoft.Windows.10.0.19042.",
          "Microsoft.Azure.Management.ResourceManager.ResourceManagementClient/3.11.0.0"
        ]
      },
      "ResponseHeaders": {
        "Cache-Control": [
          "no-cache"
        ],
        "Pragma": [
          "no-cache"
        ],
        "Location": [
          "https://management.azure.com/subscriptions/a1bfa635-f2bf-42f1-86b5-848c674fc321/operationresults/eyJqb2JJZCI6IlJFU09VUkNFR1JPVVBERUxFVElPTkpPQi1QUzY5OTItV0VTVFVTMiIsImpvYkxvY2F0aW9uIjoid2VzdHVzMiJ9?api-version=2020-10-01"
        ],
        "Retry-After": [
          "0"
        ],
        "x-ms-ratelimit-remaining-subscription-reads": [
          "11956"
        ],
        "x-ms-request-id": [
          "c4eb2d61-5d23-4739-bc16-028d5e476b46"
        ],
        "x-ms-correlation-request-id": [
          "c4eb2d61-5d23-4739-bc16-028d5e476b46"
        ],
        "x-ms-routing-request-id": [
          "WESTCENTRALUS:20201215T221241Z:c4eb2d61-5d23-4739-bc16-028d5e476b46"
        ],
        "Strict-Transport-Security": [
          "max-age=31536000; includeSubDomains"
        ],
        "X-Content-Type-Options": [
          "nosniff"
        ],
        "Date": [
          "Tue, 15 Dec 2020 22:12:40 GMT"
        ],
        "Expires": [
          "-1"
        ],
        "Content-Length": [
          "0"
        ]
      },
      "ResponseBody": "",
      "StatusCode": 202
    },
    {
      "RequestUri": "/subscriptions/a1bfa635-f2bf-42f1-86b5-848c674fc321/operationresults/eyJqb2JJZCI6IlJFU09VUkNFR1JPVVBERUxFVElPTkpPQi1QUzY5OTItV0VTVFVTMiIsImpvYkxvY2F0aW9uIjoid2VzdHVzMiJ9?api-version=2020-10-01",
      "EncodedRequestUri": "L3N1YnNjcmlwdGlvbnMvYTFiZmE2MzUtZjJiZi00MmYxLTg2YjUtODQ4YzY3NGZjMzIxL29wZXJhdGlvbnJlc3VsdHMvZXlKcWIySkpaQ0k2SWxKRlUwOVZVa05GUjFKUFZWQkVSVXhGVkVsUFRrcFBRaTFRVXpZNU9USXRWMFZUVkZWVE1pSXNJbXB2WWt4dlkyRjBhVzl1SWpvaWQyVnpkSFZ6TWlKOT9hcGktdmVyc2lvbj0yMDIwLTEwLTAx",
      "RequestMethod": "GET",
      "RequestBody": "",
      "RequestHeaders": {
        "User-Agent": [
          "FxVersion/4.6.29321.03",
          "OSName/Windows",
          "OSVersion/Microsoft.Windows.10.0.19042.",
          "Microsoft.Azure.Management.ResourceManager.ResourceManagementClient/3.11.0.0"
        ]
      },
      "ResponseHeaders": {
        "Cache-Control": [
          "no-cache"
        ],
        "Pragma": [
          "no-cache"
        ],
        "Location": [
          "https://management.azure.com/subscriptions/a1bfa635-f2bf-42f1-86b5-848c674fc321/operationresults/eyJqb2JJZCI6IlJFU09VUkNFR1JPVVBERUxFVElPTkpPQi1QUzY5OTItV0VTVFVTMiIsImpvYkxvY2F0aW9uIjoid2VzdHVzMiJ9?api-version=2020-10-01"
        ],
        "Retry-After": [
          "0"
        ],
        "x-ms-ratelimit-remaining-subscription-reads": [
          "11955"
        ],
        "x-ms-request-id": [
          "50ac37e3-e755-4bb5-8014-9e6788015acf"
        ],
        "x-ms-correlation-request-id": [
          "50ac37e3-e755-4bb5-8014-9e6788015acf"
        ],
        "x-ms-routing-request-id": [
          "WESTCENTRALUS:20201215T221256Z:50ac37e3-e755-4bb5-8014-9e6788015acf"
        ],
        "Strict-Transport-Security": [
          "max-age=31536000; includeSubDomains"
        ],
        "X-Content-Type-Options": [
          "nosniff"
        ],
        "Date": [
          "Tue, 15 Dec 2020 22:12:55 GMT"
        ],
        "Expires": [
          "-1"
        ],
        "Content-Length": [
          "0"
        ]
      },
      "ResponseBody": "",
      "StatusCode": 202
    },
    {
      "RequestUri": "/subscriptions/a1bfa635-f2bf-42f1-86b5-848c674fc321/operationresults/eyJqb2JJZCI6IlJFU09VUkNFR1JPVVBERUxFVElPTkpPQi1QUzY5OTItV0VTVFVTMiIsImpvYkxvY2F0aW9uIjoid2VzdHVzMiJ9?api-version=2020-10-01",
      "EncodedRequestUri": "L3N1YnNjcmlwdGlvbnMvYTFiZmE2MzUtZjJiZi00MmYxLTg2YjUtODQ4YzY3NGZjMzIxL29wZXJhdGlvbnJlc3VsdHMvZXlKcWIySkpaQ0k2SWxKRlUwOVZVa05GUjFKUFZWQkVSVXhGVkVsUFRrcFBRaTFRVXpZNU9USXRWMFZUVkZWVE1pSXNJbXB2WWt4dlkyRjBhVzl1SWpvaWQyVnpkSFZ6TWlKOT9hcGktdmVyc2lvbj0yMDIwLTEwLTAx",
      "RequestMethod": "GET",
      "RequestBody": "",
      "RequestHeaders": {
        "User-Agent": [
          "FxVersion/4.6.29321.03",
          "OSName/Windows",
          "OSVersion/Microsoft.Windows.10.0.19042.",
          "Microsoft.Azure.Management.ResourceManager.ResourceManagementClient/3.11.0.0"
        ]
      },
      "ResponseHeaders": {
        "Cache-Control": [
          "no-cache"
        ],
        "Pragma": [
          "no-cache"
        ],
        "Location": [
          "https://management.azure.com/subscriptions/a1bfa635-f2bf-42f1-86b5-848c674fc321/operationresults/eyJqb2JJZCI6IlJFU09VUkNFR1JPVVBERUxFVElPTkpPQi1QUzY5OTItV0VTVFVTMiIsImpvYkxvY2F0aW9uIjoid2VzdHVzMiJ9?api-version=2020-10-01"
        ],
        "Retry-After": [
          "0"
        ],
        "x-ms-ratelimit-remaining-subscription-reads": [
          "11954"
        ],
        "x-ms-request-id": [
          "69fa24f6-66db-4c30-bfe2-663fedaf0b95"
        ],
        "x-ms-correlation-request-id": [
          "69fa24f6-66db-4c30-bfe2-663fedaf0b95"
        ],
        "x-ms-routing-request-id": [
          "WESTCENTRALUS:20201215T221311Z:69fa24f6-66db-4c30-bfe2-663fedaf0b95"
        ],
        "Strict-Transport-Security": [
          "max-age=31536000; includeSubDomains"
        ],
        "X-Content-Type-Options": [
          "nosniff"
        ],
        "Date": [
          "Tue, 15 Dec 2020 22:13:10 GMT"
        ],
        "Expires": [
          "-1"
        ],
        "Content-Length": [
          "0"
        ]
      },
      "ResponseBody": "",
      "StatusCode": 202
    },
    {
      "RequestUri": "/subscriptions/a1bfa635-f2bf-42f1-86b5-848c674fc321/operationresults/eyJqb2JJZCI6IlJFU09VUkNFR1JPVVBERUxFVElPTkpPQi1QUzY5OTItV0VTVFVTMiIsImpvYkxvY2F0aW9uIjoid2VzdHVzMiJ9?api-version=2020-10-01",
      "EncodedRequestUri": "L3N1YnNjcmlwdGlvbnMvYTFiZmE2MzUtZjJiZi00MmYxLTg2YjUtODQ4YzY3NGZjMzIxL29wZXJhdGlvbnJlc3VsdHMvZXlKcWIySkpaQ0k2SWxKRlUwOVZVa05GUjFKUFZWQkVSVXhGVkVsUFRrcFBRaTFRVXpZNU9USXRWMFZUVkZWVE1pSXNJbXB2WWt4dlkyRjBhVzl1SWpvaWQyVnpkSFZ6TWlKOT9hcGktdmVyc2lvbj0yMDIwLTEwLTAx",
      "RequestMethod": "GET",
      "RequestBody": "",
      "RequestHeaders": {
        "User-Agent": [
          "FxVersion/4.6.29321.03",
          "OSName/Windows",
          "OSVersion/Microsoft.Windows.10.0.19042.",
          "Microsoft.Azure.Management.ResourceManager.ResourceManagementClient/3.11.0.0"
        ]
      },
      "ResponseHeaders": {
        "Cache-Control": [
          "no-cache"
        ],
        "Pragma": [
          "no-cache"
        ],
        "Location": [
          "https://management.azure.com/subscriptions/a1bfa635-f2bf-42f1-86b5-848c674fc321/operationresults/eyJqb2JJZCI6IlJFU09VUkNFR1JPVVBERUxFVElPTkpPQi1QUzY5OTItV0VTVFVTMiIsImpvYkxvY2F0aW9uIjoid2VzdHVzMiJ9?api-version=2020-10-01"
        ],
        "Retry-After": [
          "0"
        ],
        "x-ms-ratelimit-remaining-subscription-reads": [
          "11953"
        ],
        "x-ms-request-id": [
          "cfdf54b9-efa5-4f4d-941c-3247c50851c0"
        ],
        "x-ms-correlation-request-id": [
          "cfdf54b9-efa5-4f4d-941c-3247c50851c0"
        ],
        "x-ms-routing-request-id": [
          "WESTCENTRALUS:20201215T221326Z:cfdf54b9-efa5-4f4d-941c-3247c50851c0"
        ],
        "Strict-Transport-Security": [
          "max-age=31536000; includeSubDomains"
        ],
        "X-Content-Type-Options": [
          "nosniff"
        ],
        "Date": [
          "Tue, 15 Dec 2020 22:13:25 GMT"
        ],
        "Expires": [
          "-1"
        ],
        "Content-Length": [
          "0"
        ]
      },
      "ResponseBody": "",
      "StatusCode": 202
    },
    {
      "RequestUri": "/subscriptions/a1bfa635-f2bf-42f1-86b5-848c674fc321/operationresults/eyJqb2JJZCI6IlJFU09VUkNFR1JPVVBERUxFVElPTkpPQi1QUzY5OTItV0VTVFVTMiIsImpvYkxvY2F0aW9uIjoid2VzdHVzMiJ9?api-version=2020-10-01",
      "EncodedRequestUri": "L3N1YnNjcmlwdGlvbnMvYTFiZmE2MzUtZjJiZi00MmYxLTg2YjUtODQ4YzY3NGZjMzIxL29wZXJhdGlvbnJlc3VsdHMvZXlKcWIySkpaQ0k2SWxKRlUwOVZVa05GUjFKUFZWQkVSVXhGVkVsUFRrcFBRaTFRVXpZNU9USXRWMFZUVkZWVE1pSXNJbXB2WWt4dlkyRjBhVzl1SWpvaWQyVnpkSFZ6TWlKOT9hcGktdmVyc2lvbj0yMDIwLTEwLTAx",
      "RequestMethod": "GET",
      "RequestBody": "",
      "RequestHeaders": {
        "User-Agent": [
          "FxVersion/4.6.29321.03",
          "OSName/Windows",
          "OSVersion/Microsoft.Windows.10.0.19042.",
          "Microsoft.Azure.Management.ResourceManager.ResourceManagementClient/3.11.0.0"
        ]
      },
      "ResponseHeaders": {
        "Cache-Control": [
          "no-cache"
        ],
        "Pragma": [
          "no-cache"
        ],
        "x-ms-ratelimit-remaining-subscription-reads": [
          "11952"
        ],
        "x-ms-request-id": [
          "2900d2d0-a56d-4bd3-aff8-b6631b9dacec"
        ],
        "x-ms-correlation-request-id": [
          "2900d2d0-a56d-4bd3-aff8-b6631b9dacec"
        ],
        "x-ms-routing-request-id": [
          "WESTCENTRALUS:20201215T221341Z:2900d2d0-a56d-4bd3-aff8-b6631b9dacec"
        ],
        "Strict-Transport-Security": [
          "max-age=31536000; includeSubDomains"
        ],
        "X-Content-Type-Options": [
          "nosniff"
        ],
        "Date": [
          "Tue, 15 Dec 2020 22:13:40 GMT"
        ],
        "Expires": [
          "-1"
        ],
        "Content-Length": [
          "0"
        ],
        "Retry-After": [
          "0"
        ]
      },
      "ResponseBody": "",
      "StatusCode": 200
    },
    {
      "RequestUri": "/subscriptions/a1bfa635-f2bf-42f1-86b5-848c674fc321/operationresults/eyJqb2JJZCI6IlJFU09VUkNFR1JPVVBERUxFVElPTkpPQi1QUzY5OTItV0VTVFVTMiIsImpvYkxvY2F0aW9uIjoid2VzdHVzMiJ9?api-version=2020-10-01",
      "EncodedRequestUri": "L3N1YnNjcmlwdGlvbnMvYTFiZmE2MzUtZjJiZi00MmYxLTg2YjUtODQ4YzY3NGZjMzIxL29wZXJhdGlvbnJlc3VsdHMvZXlKcWIySkpaQ0k2SWxKRlUwOVZVa05GUjFKUFZWQkVSVXhGVkVsUFRrcFBRaTFRVXpZNU9USXRWMFZUVkZWVE1pSXNJbXB2WWt4dlkyRjBhVzl1SWpvaWQyVnpkSFZ6TWlKOT9hcGktdmVyc2lvbj0yMDIwLTEwLTAx",
      "RequestMethod": "GET",
      "RequestBody": "",
      "RequestHeaders": {
        "User-Agent": [
          "FxVersion/4.6.29321.03",
          "OSName/Windows",
          "OSVersion/Microsoft.Windows.10.0.19042.",
          "Microsoft.Azure.Management.ResourceManager.ResourceManagementClient/3.11.0.0"
        ]
      },
      "ResponseHeaders": {
        "Cache-Control": [
          "no-cache"
        ],
        "Pragma": [
          "no-cache"
        ],
        "x-ms-ratelimit-remaining-subscription-reads": [
          "11951"
        ],
        "x-ms-request-id": [
          "bfcb03dd-40f6-4c97-b8ac-202454f52258"
        ],
        "x-ms-correlation-request-id": [
          "bfcb03dd-40f6-4c97-b8ac-202454f52258"
        ],
        "x-ms-routing-request-id": [
          "WESTCENTRALUS:20201215T221341Z:bfcb03dd-40f6-4c97-b8ac-202454f52258"
        ],
        "Strict-Transport-Security": [
          "max-age=31536000; includeSubDomains"
        ],
        "X-Content-Type-Options": [
          "nosniff"
        ],
        "Date": [
          "Tue, 15 Dec 2020 22:13:40 GMT"
        ],
        "Expires": [
          "-1"
        ],
        "Content-Length": [
          "0"
        ],
        "Retry-After": [
          "0"
        ]
      },
      "ResponseBody": "",
      "StatusCode": 200
    }
  ],
  "Names": {
    "Test-SetAppliesInheritedTagsIfNewVersionAndNoTagsProvidedAndSpecExists": [
      "ps6992",
      "ps6640"
    ]
  },
  "Variables": {
    "SubscriptionId": "a1bfa635-f2bf-42f1-86b5-848c674fc321"
  }
}