{
  "Invoke-AzNetworkFabricL2DomainUpdateAdminState+[NoContext]+Enable+$POST+https://management.azure.com/subscriptions/9531faa8-8c39-4165-b033-48697fe943db/resourceGroups/nfa-tool-ts-powershell-rg092123/providers/Microsoft.ManagedNetworkFabric/l2IsolationDomains/l2DomainName/updateAdministrativeState?api-version=2023-06-15+1": {
    "Request": {
      "Method": "POST",
      "RequestUri": "https://management.azure.com/subscriptions/9531faa8-8c39-4165-b033-48697fe943db/resourceGroups/nfa-tool-ts-powershell-rg092123/providers/Microsoft.ManagedNetworkFabric/l2IsolationDomains/l2DomainName/updateAdministrativeState?api-version=2023-06-15",
      "Content": "{\n  \"state\": \"Enable\"\n}",
      "isContentBase64": false,
      "Headers": {
      },
      "ContentHeaders": {
        "Content-Type": [ "application/json" ],
        "Content-Length": [ "23" ]
      }
    },
    "Response": {
      "StatusCode": 202,
      "Headers": {
        "Cache-Control": [ "no-cache" ],
        "Pragma": [ "no-cache" ],
        "Location": [ "https://management.azure.com/subscriptions/9531faa8-8c39-4165-b033-48697fe943db/providers/Microsoft.ManagedNetworkFabric/locations/EASTUS/operationStatuses/e55b638c-dcc2-4757-a6b4-c8ed8ff90050*B92458FC39A5205262EC27F84D5A3F591FEBF955838F1C29D86E675713E38CB5?api-version=2023-06-15" ],
        "x-ms-ratelimit-remaining-subscription-writes": [ "1199" ],
        "x-ms-providerhub-traffic": [ "True" ],
        "mise-correlation-id": [ "1b270f2c-0163-4335-b2ed-6b477ebdc7f7" ],
        "x-ms-request-id": [ "cd4f46c7-2eba-4553-baf8-295723f3fa3e" ],
        "x-ms-correlation-request-id": [ "b9cbcaa6-cfb9-4bbd-9623-15747ed18d2a" ],
        "Azure-AsyncOperation": [ "https://management.azure.com/subscriptions/9531faa8-8c39-4165-b033-48697fe943db/providers/Microsoft.ManagedNetworkFabric/locations/EASTUS/operationStatuses/e55b638c-dcc2-4757-a6b4-c8ed8ff90050*B92458FC39A5205262EC27F84D5A3F591FEBF955838F1C29D86E675713E38CB5?api-version=2023-06-15" ],
        "x-ms-routing-request-id": [ "SOUTHINDIA:20230922T105043Z:b9cbcaa6-cfb9-4bbd-9623-15747ed18d2a" ],
        "Strict-Transport-Security": [ "max-age=31536000; includeSubDomains" ],
        "X-Content-Type-Options": [ "nosniff" ],
        "Date": [ "Fri, 22 Sep 2023 10:50:43 GMT" ]
      },
      "ContentHeaders": {
        "Content-Length": [ "4" ],
        "Content-Type": [ "application/json; charset=utf-8" ],
        "Expires": [ "-1" ]
      },
      "Content": "bnVsbA==",
      "isContentBase64": false
    }
  },
  "Invoke-AzNetworkFabricL2DomainUpdateAdminState+[NoContext]+Enable+$GET+https://management.azure.com/subscriptions/9531faa8-8c39-4165-b033-48697fe943db/providers/Microsoft.ManagedNetworkFabric/locations/EASTUS/operationStatuses/e55b638c-dcc2-4757-a6b4-c8ed8ff90050*B92458FC39A5205262EC27F84D5A3F591FEBF955838F1C29D86E675713E38CB5?api-version=2023-06-15+2": {
    "Request": {
      "Method": "GET",
      "RequestUri": "https://management.azure.com/subscriptions/9531faa8-8c39-4165-b033-48697fe943db/providers/Microsoft.ManagedNetworkFabric/locations/EASTUS/operationStatuses/e55b638c-dcc2-4757-a6b4-c8ed8ff90050*B92458FC39A5205262EC27F84D5A3F591FEBF955838F1C29D86E675713E38CB5?api-version=2023-06-15",
      "Content": null,
      "isContentBase64": false,
      "Headers": {
        "Authorization": [ "[Filtered]" ],
        "x-ms-unique-id": [ "2" ],
        "x-ms-client-request-id": [ "e9c05411-e905-4f55-aa08-438ef62b59fa" ],
        "CommandName": [ "Invoke-AzNetworkFabricL2DomainUpdateAdminState" ],
        "FullCommandName": [ "Invoke-AzNetworkFabricL2DomainUpdateAdminState_UpdateExpanded" ],
        "ParameterSetName": [ "__AllParameterSets" ],
        "User-Agent": [ "AzurePowershell/v0.0.0", "PSVersion/v7.3.6", "Az.ManagedNetworkFabric/0.1.0" ]
      },
      "ContentHeaders": {
      }
    },
    "Response": {
      "StatusCode": 202,
      "Headers": {
        "Cache-Control": [ "no-cache" ],
        "Pragma": [ "no-cache" ],
        "ETag": [ "\"a9017afa-0000-0100-0000-650d71820000\"" ],
        "Location": [ "https://management.azure.com/subscriptions/9531faa8-8c39-4165-b033-48697fe943db/providers/Microsoft.ManagedNetworkFabric/locations/eastus/operationStatuses/e55b638c-dcc2-4757-a6b4-c8ed8ff90050*B92458FC39A5205262EC27F84D5A3F591FEBF955838F1C29D86E675713E38CB5?api-version=2023-06-15" ],
        "x-ms-ratelimit-remaining-subscription-reads": [ "11997" ],
        "Azure-AsyncOperation": [ "https://management.azure.com/subscriptions/9531faa8-8c39-4165-b033-48697fe943db/providers/Microsoft.ManagedNetworkFabric/locations/eastus/operationStatuses/e55b638c-dcc2-4757-a6b4-c8ed8ff90050*B92458FC39A5205262EC27F84D5A3F591FEBF955838F1C29D86E675713E38CB5?api-version=2023-06-15" ],
        "x-ms-request-id": [ "745e5760-a5ba-4775-8737-83e44abb2097" ],
        "x-ms-correlation-request-id": [ "84aefb91-8e6d-4109-a1ac-e1fa413ba779" ],
        "x-ms-routing-request-id": [ "SOUTHINDIA:20230922T105114Z:84aefb91-8e6d-4109-a1ac-e1fa413ba779" ],
        "Strict-Transport-Security": [ "max-age=31536000; includeSubDomains" ],
        "X-Content-Type-Options": [ "nosniff" ],
        "Date": [ "Fri, 22 Sep 2023 10:51:13 GMT" ]
      },
      "ContentHeaders": {
        "Content-Length": [ "599" ],
        "Content-Type": [ "application/json; charset=utf-8" ],
        "Expires": [ "-1" ]
      },
      "Content": "{\"id\":\"/subscriptions/9531faa8-8c39-4165-b033-48697fe943db/providers/Microsoft.ManagedNetworkFabric/locations/EASTUS/operationStatuses/e55b638c-dcc2-4757-a6b4-c8ed8ff90050*B92458FC39A5205262EC27F84D5A3F591FEBF955838F1C29D86E675713E38CB5\",\"name\":\"e55b638c-dcc2-4757-a6b4-c8ed8ff90050*B92458FC39A5205262EC27F84D5A3F591FEBF955838F1C29D86E675713E38CB5\",\"resourceId\":\"/subscriptions/9531faa8-8c39-4165-b033-48697fe943db/resourceGroups/nfa-tool-ts-powershell-rg092123/providers/Microsoft.ManagedNetworkFabric/l2IsolationDomains/l2DomainName\",\"status\":\"Updating\",\"startTime\":\"2023-09-22T10:50:42.5832104Z\"}",
      "isContentBase64": false
    }
  },
  "Invoke-AzNetworkFabricL2DomainUpdateAdminState+[NoContext]+Enable+$GET+https://management.azure.com/subscriptions/9531faa8-8c39-4165-b033-48697fe943db/providers/Microsoft.ManagedNetworkFabric/locations/eastus/operationStatuses/e55b638c-dcc2-4757-a6b4-c8ed8ff90050*B92458FC39A5205262EC27F84D5A3F591FEBF955838F1C29D86E675713E38CB5?api-version=2023-06-15+3": {
    "Request": {
      "Method": "GET",
      "RequestUri": "https://management.azure.com/subscriptions/9531faa8-8c39-4165-b033-48697fe943db/providers/Microsoft.ManagedNetworkFabric/locations/eastus/operationStatuses/e55b638c-dcc2-4757-a6b4-c8ed8ff90050*B92458FC39A5205262EC27F84D5A3F591FEBF955838F1C29D86E675713E38CB5?api-version=2023-06-15",
      "Content": null,
      "isContentBase64": false,
      "Headers": {
        "Authorization": [ "[Filtered]" ],
        "x-ms-unique-id": [ "3" ],
        "x-ms-client-request-id": [ "e9c05411-e905-4f55-aa08-438ef62b59fa" ],
        "CommandName": [ "Invoke-AzNetworkFabricL2DomainUpdateAdminState" ],
        "FullCommandName": [ "Invoke-AzNetworkFabricL2DomainUpdateAdminState_UpdateExpanded" ],
        "ParameterSetName": [ "__AllParameterSets" ],
        "User-Agent": [ "AzurePowershell/v0.0.0", "PSVersion/v7.3.6", "Az.ManagedNetworkFabric/0.1.0" ]
      },
      "ContentHeaders": {
      }
    },
    "Response": {
      "StatusCode": 200,
      "Headers": {
        "Cache-Control": [ "no-cache" ],
        "Pragma": [ "no-cache" ],
        "ETag": [ "\"a9011bff-0000-0100-0000-650d71a80000\"" ],
        "x-ms-ratelimit-remaining-subscription-reads": [ "11996" ],
        "x-ms-request-id": [ "328c4d39-ba28-4231-8921-20cee11c7da1" ],
        "x-ms-correlation-request-id": [ "d7b1b723-11b9-48af-b6ee-6139aea4ace6" ],
        "x-ms-routing-request-id": [ "SOUTHINDIA:20230922T105144Z:d7b1b723-11b9-48af-b6ee-6139aea4ace6" ],
        "Strict-Transport-Security": [ "max-age=31536000; includeSubDomains" ],
        "X-Content-Type-Options": [ "nosniff" ],
        "Date": [ "Fri, 22 Sep 2023 10:51:44 GMT" ]
      },
      "ContentHeaders": {
        "Content-Length": [ "659" ],
        "Content-Type": [ "application/json; charset=utf-8" ],
        "Expires": [ "-1" ]
      },
      "Content": "{\"id\":\"/subscriptions/9531faa8-8c39-4165-b033-48697fe943db/providers/Microsoft.ManagedNetworkFabric/locations/eastus/operationStatuses/e55b638c-dcc2-4757-a6b4-c8ed8ff90050*B92458FC39A5205262EC27F84D5A3F591FEBF955838F1C29D86E675713E38CB5\",\"name\":\"e55b638c-dcc2-4757-a6b4-c8ed8ff90050*B92458FC39A5205262EC27F84D5A3F591FEBF955838F1C29D86E675713E38CB5\",\"resourceId\":\"/subscriptions/9531faa8-8c39-4165-b033-48697fe943db/resourceGroups/nfa-tool-ts-powershell-rg092123/providers/Microsoft.ManagedNetworkFabric/l2IsolationDomains/l2DomainName\",\"status\":\"Succeeded\",\"startTime\":\"2023-09-22T10:50:42.5832104Z\",\"endTime\":\"2023-09-22T10:51:20.7709538Z\",\"properties\":null}",
      "isContentBase64": false
    }
  },
  "Invoke-AzNetworkFabricL2DomainUpdateAdminState+[NoContext]+Enable+$GET+https://management.azure.com/subscriptions/9531faa8-8c39-4165-b033-48697fe943db/providers/Microsoft.ManagedNetworkFabric/locations/EASTUS/operationStatuses/e55b638c-dcc2-4757-a6b4-c8ed8ff90050*B92458FC39A5205262EC27F84D5A3F591FEBF955838F1C29D86E675713E38CB5?api-version=2023-06-15+4": {
    "Request": {
      "Method": "GET",
      "RequestUri": "https://management.azure.com/subscriptions/9531faa8-8c39-4165-b033-48697fe943db/providers/Microsoft.ManagedNetworkFabric/locations/EASTUS/operationStatuses/e55b638c-dcc2-4757-a6b4-c8ed8ff90050*B92458FC39A5205262EC27F84D5A3F591FEBF955838F1C29D86E675713E38CB5?api-version=2023-06-15",
      "Content": null,
      "isContentBase64": false,
      "Headers": {
        "Authorization": [ "[Filtered]" ],
        "x-ms-unique-id": [ "4" ],
        "x-ms-client-request-id": [ "e9c05411-e905-4f55-aa08-438ef62b59fa" ],
        "CommandName": [ "Invoke-AzNetworkFabricL2DomainUpdateAdminState" ],
        "FullCommandName": [ "Invoke-AzNetworkFabricL2DomainUpdateAdminState_UpdateExpanded" ],
        "ParameterSetName": [ "__AllParameterSets" ],
        "User-Agent": [ "AzurePowershell/v0.0.0", "PSVersion/v7.3.6", "Az.ManagedNetworkFabric/0.1.0" ]
      },
      "ContentHeaders": {
      }
    },
    "Response": {
      "StatusCode": 200,
      "Headers": {
        "Cache-Control": [ "no-cache" ],
        "Pragma": [ "no-cache" ],
        "ETag": [ "\"a9011bff-0000-0100-0000-650d71a80000\"" ],
        "x-ms-ratelimit-remaining-subscription-reads": [ "11995" ],
        "x-ms-request-id": [ "66cb360d-422a-42cb-9989-c581c2d8796c" ],
        "x-ms-correlation-request-id": [ "1e08013c-ae39-45b6-8d89-fae3c5c02c4e" ],
        "x-ms-routing-request-id": [ "SOUTHINDIA:20230922T105144Z:1e08013c-ae39-45b6-8d89-fae3c5c02c4e" ],
        "Strict-Transport-Security": [ "max-age=31536000; includeSubDomains" ],
        "X-Content-Type-Options": [ "nosniff" ],
        "Date": [ "Fri, 22 Sep 2023 10:51:44 GMT" ]
      },
      "ContentHeaders": {
        "Content-Length": [ "659" ],
        "Content-Type": [ "application/json; charset=utf-8" ],
        "Expires": [ "-1" ]
      },
      "Content": "{\"id\":\"/subscriptions/9531faa8-8c39-4165-b033-48697fe943db/providers/Microsoft.ManagedNetworkFabric/locations/EASTUS/operationStatuses/e55b638c-dcc2-4757-a6b4-c8ed8ff90050*B92458FC39A5205262EC27F84D5A3F591FEBF955838F1C29D86E675713E38CB5\",\"name\":\"e55b638c-dcc2-4757-a6b4-c8ed8ff90050*B92458FC39A5205262EC27F84D5A3F591FEBF955838F1C29D86E675713E38CB5\",\"resourceId\":\"/subscriptions/9531faa8-8c39-4165-b033-48697fe943db/resourceGroups/nfa-tool-ts-powershell-rg092123/providers/Microsoft.ManagedNetworkFabric/l2IsolationDomains/l2DomainName\",\"status\":\"Succeeded\",\"startTime\":\"2023-09-22T10:50:42.5832104Z\",\"endTime\":\"2023-09-22T10:51:20.7709538Z\",\"properties\":null}",
      "isContentBase64": false
    }
  },
  "Invoke-AzNetworkFabricL2DomainUpdateAdminState+[NoContext]+Disable+$POST+https://management.azure.com/subscriptions/9531faa8-8c39-4165-b033-48697fe943db/resourceGroups/nfa-tool-ts-powershell-rg092123/providers/Microsoft.ManagedNetworkFabric/l2IsolationDomains/l2DomainName/updateAdministrativeState?api-version=2023-06-15+1": {
    "Request": {
      "Method": "POST",
      "RequestUri": "https://management.azure.com/subscriptions/9531faa8-8c39-4165-b033-48697fe943db/resourceGroups/nfa-tool-ts-powershell-rg092123/providers/Microsoft.ManagedNetworkFabric/l2IsolationDomains/l2DomainName/updateAdministrativeState?api-version=2023-06-15",
      "Content": "{\n  \"state\": \"Disable\"\n}",
      "isContentBase64": false,
      "Headers": {
      },
      "ContentHeaders": {
        "Content-Type": [ "application/json" ],
        "Content-Length": [ "24" ]
      }
    },
    "Response": {
      "StatusCode": 202,
      "Headers": {
        "Cache-Control": [ "no-cache" ],
        "Pragma": [ "no-cache" ],
        "Location": [ "https://management.azure.com/subscriptions/9531faa8-8c39-4165-b033-48697fe943db/providers/Microsoft.ManagedNetworkFabric/locations/EASTUS/operationStatuses/7b681782-a5e2-4210-b1dd-386ff84c32fe*B92458FC39A5205262EC27F84D5A3F591FEBF955838F1C29D86E675713E38CB5?api-version=2023-06-15" ],
        "x-ms-ratelimit-remaining-subscription-writes": [ "1198" ],
        "x-ms-providerhub-traffic": [ "True" ],
        "mise-correlation-id": [ "5cee23e2-faa4-4b4d-b5af-c09fe18eaf8a" ],
        "x-ms-request-id": [ "c6630745-341e-4279-98d9-ff6e4c80aa5a" ],
        "x-ms-correlation-request-id": [ "afb6db38-5c91-4ca6-b695-e6eb68a64ec2" ],
        "Azure-AsyncOperation": [ "https://management.azure.com/subscriptions/9531faa8-8c39-4165-b033-48697fe943db/providers/Microsoft.ManagedNetworkFabric/locations/EASTUS/operationStatuses/7b681782-a5e2-4210-b1dd-386ff84c32fe*B92458FC39A5205262EC27F84D5A3F591FEBF955838F1C29D86E675713E38CB5?api-version=2023-06-15" ],
        "x-ms-routing-request-id": [ "SOUTHINDIA:20230922T105146Z:afb6db38-5c91-4ca6-b695-e6eb68a64ec2" ],
        "Strict-Transport-Security": [ "max-age=31536000; includeSubDomains" ],
        "X-Content-Type-Options": [ "nosniff" ],
        "Date": [ "Fri, 22 Sep 2023 10:51:46 GMT" ]
      },
      "ContentHeaders": {
        "Content-Length": [ "4" ],
        "Content-Type": [ "application/json; charset=utf-8" ],
        "Expires": [ "-1" ]
      },
      "Content": "bnVsbA==",
      "isContentBase64": false
    }
  },
  "Invoke-AzNetworkFabricL2DomainUpdateAdminState+[NoContext]+Disable+$GET+https://management.azure.com/subscriptions/9531faa8-8c39-4165-b033-48697fe943db/providers/Microsoft.ManagedNetworkFabric/locations/EASTUS/operationStatuses/7b681782-a5e2-4210-b1dd-386ff84c32fe*B92458FC39A5205262EC27F84D5A3F591FEBF955838F1C29D86E675713E38CB5?api-version=2023-06-15+2": {
    "Request": {
      "Method": "GET",
      "RequestUri": "https://management.azure.com/subscriptions/9531faa8-8c39-4165-b033-48697fe943db/providers/Microsoft.ManagedNetworkFabric/locations/EASTUS/operationStatuses/7b681782-a5e2-4210-b1dd-386ff84c32fe*B92458FC39A5205262EC27F84D5A3F591FEBF955838F1C29D86E675713E38CB5?api-version=2023-06-15",
      "Content": null,
      "isContentBase64": false,
      "Headers": {
        "Authorization": [ "[Filtered]" ],
        "x-ms-unique-id": [ "6" ],
        "x-ms-client-request-id": [ "5ecd438f-8168-4617-8827-af0a943958f8" ],
        "CommandName": [ "Invoke-AzNetworkFabricL2DomainUpdateAdminState" ],
        "FullCommandName": [ "Invoke-AzNetworkFabricL2DomainUpdateAdminState_UpdateExpanded" ],
        "ParameterSetName": [ "__AllParameterSets" ],
        "User-Agent": [ "AzurePowershell/v0.0.0", "PSVersion/v7.3.6", "Az.ManagedNetworkFabric/0.1.0" ]
      },
      "ContentHeaders": {
      }
    },
    "Response": {
      "StatusCode": 202,
      "Headers": {
        "Cache-Control": [ "no-cache" ],
        "Pragma": [ "no-cache" ],
        "ETag": [ "\"aa01d601-0000-0100-0000-650d71c20000\"" ],
        "Location": [ "https://management.azure.com/subscriptions/9531faa8-8c39-4165-b033-48697fe943db/providers/Microsoft.ManagedNetworkFabric/locations/eastus/operationStatuses/7b681782-a5e2-4210-b1dd-386ff84c32fe*B92458FC39A5205262EC27F84D5A3F591FEBF955838F1C29D86E675713E38CB5?api-version=2023-06-15" ],
        "x-ms-ratelimit-remaining-subscription-reads": [ "11994" ],
        "Azure-AsyncOperation": [ "https://management.azure.com/subscriptions/9531faa8-8c39-4165-b033-48697fe943db/providers/Microsoft.ManagedNetworkFabric/locations/eastus/operationStatuses/7b681782-a5e2-4210-b1dd-386ff84c32fe*B92458FC39A5205262EC27F84D5A3F591FEBF955838F1C29D86E675713E38CB5?api-version=2023-06-15" ],
        "x-ms-request-id": [ "e54a3bad-73e6-4a12-8e94-1a2c2fc44948" ],
        "x-ms-correlation-request-id": [ "8555bdd1-110e-4a5e-8f9c-13bcb091a5a5" ],
        "x-ms-routing-request-id": [ "SOUTHINDIA:20230922T105217Z:8555bdd1-110e-4a5e-8f9c-13bcb091a5a5" ],
        "Strict-Transport-Security": [ "max-age=31536000; includeSubDomains" ],
        "X-Content-Type-Options": [ "nosniff" ],
        "Date": [ "Fri, 22 Sep 2023 10:52:17 GMT" ]
      },
      "ContentHeaders": {
        "Content-Length": [ "599" ],
        "Content-Type": [ "application/json; charset=utf-8" ],
        "Expires": [ "-1" ]
      },
      "Content": "{\"id\":\"/subscriptions/9531faa8-8c39-4165-b033-48697fe943db/providers/Microsoft.ManagedNetworkFabric/locations/EASTUS/operationStatuses/7b681782-a5e2-4210-b1dd-386ff84c32fe*B92458FC39A5205262EC27F84D5A3F591FEBF955838F1C29D86E675713E38CB5\",\"name\":\"7b681782-a5e2-4210-b1dd-386ff84c32fe*B92458FC39A5205262EC27F84D5A3F591FEBF955838F1C29D86E675713E38CB5\",\"resourceId\":\"/subscriptions/9531faa8-8c39-4165-b033-48697fe943db/resourceGroups/nfa-tool-ts-powershell-rg092123/providers/Microsoft.ManagedNetworkFabric/l2IsolationDomains/l2DomainName\",\"status\":\"Updating\",\"startTime\":\"2023-09-22T10:51:46.1563019Z\"}",
      "isContentBase64": false
    }
  },
  "Invoke-AzNetworkFabricL2DomainUpdateAdminState+[NoContext]+Disable+$GET+https://management.azure.com/subscriptions/9531faa8-8c39-4165-b033-48697fe943db/providers/Microsoft.ManagedNetworkFabric/locations/eastus/operationStatuses/7b681782-a5e2-4210-b1dd-386ff84c32fe*B92458FC39A5205262EC27F84D5A3F591FEBF955838F1C29D86E675713E38CB5?api-version=2023-06-15+3": {
    "Request": {
      "Method": "GET",
      "RequestUri": "https://management.azure.com/subscriptions/9531faa8-8c39-4165-b033-48697fe943db/providers/Microsoft.ManagedNetworkFabric/locations/eastus/operationStatuses/7b681782-a5e2-4210-b1dd-386ff84c32fe*B92458FC39A5205262EC27F84D5A3F591FEBF955838F1C29D86E675713E38CB5?api-version=2023-06-15",
      "Content": null,
      "isContentBase64": false,
      "Headers": {
        "Authorization": [ "[Filtered]" ],
        "x-ms-unique-id": [ "7" ],
        "x-ms-client-request-id": [ "5ecd438f-8168-4617-8827-af0a943958f8" ],
        "CommandName": [ "Invoke-AzNetworkFabricL2DomainUpdateAdminState" ],
        "FullCommandName": [ "Invoke-AzNetworkFabricL2DomainUpdateAdminState_UpdateExpanded" ],
        "ParameterSetName": [ "__AllParameterSets" ],
        "User-Agent": [ "AzurePowershell/v0.0.0", "PSVersion/v7.3.6", "Az.ManagedNetworkFabric/0.1.0" ]
      },
      "ContentHeaders": {
      }
    },
    "Response": {
      "StatusCode": 200,
      "Headers": {
        "Cache-Control": [ "no-cache" ],
        "Pragma": [ "no-cache" ],
        "ETag": [ "\"aa013f09-0000-0100-0000-650d71fd0000\"" ],
        "x-ms-ratelimit-remaining-subscription-reads": [ "11993" ],
        "x-ms-request-id": [ "05823dfc-a8be-4496-9534-0441752ad499" ],
        "x-ms-correlation-request-id": [ "eb379de4-8c8b-454f-a0aa-a59bb549f953" ],
        "x-ms-routing-request-id": [ "SOUTHINDIA:20230922T105248Z:eb379de4-8c8b-454f-a0aa-a59bb549f953" ],
        "Strict-Transport-Security": [ "max-age=31536000; includeSubDomains" ],
        "X-Content-Type-Options": [ "nosniff" ],
        "Date": [ "Fri, 22 Sep 2023 10:52:47 GMT" ]
      },
      "ContentHeaders": {
        "Content-Length": [ "659" ],
        "Content-Type": [ "application/json; charset=utf-8" ],
        "Expires": [ "-1" ]
      },
      "Content": "{\"id\":\"/subscriptions/9531faa8-8c39-4165-b033-48697fe943db/providers/Microsoft.ManagedNetworkFabric/locations/eastus/operationStatuses/7b681782-a5e2-4210-b1dd-386ff84c32fe*B92458FC39A5205262EC27F84D5A3F591FEBF955838F1C29D86E675713E38CB5\",\"name\":\"7b681782-a5e2-4210-b1dd-386ff84c32fe*B92458FC39A5205262EC27F84D5A3F591FEBF955838F1C29D86E675713E38CB5\",\"resourceId\":\"/subscriptions/9531faa8-8c39-4165-b033-48697fe943db/resourceGroups/nfa-tool-ts-powershell-rg092123/providers/Microsoft.ManagedNetworkFabric/l2IsolationDomains/l2DomainName\",\"status\":\"Succeeded\",\"startTime\":\"2023-09-22T10:51:46.1563019Z\",\"endTime\":\"2023-09-22T10:52:45.6553321Z\",\"properties\":null}",
      "isContentBase64": false
    }
  },
  "Invoke-AzNetworkFabricL2DomainUpdateAdminState+[NoContext]+Disable+$GET+https://management.azure.com/subscriptions/9531faa8-8c39-4165-b033-48697fe943db/providers/Microsoft.ManagedNetworkFabric/locations/EASTUS/operationStatuses/7b681782-a5e2-4210-b1dd-386ff84c32fe*B92458FC39A5205262EC27F84D5A3F591FEBF955838F1C29D86E675713E38CB5?api-version=2023-06-15+4": {
    "Request": {
      "Method": "GET",
      "RequestUri": "https://management.azure.com/subscriptions/9531faa8-8c39-4165-b033-48697fe943db/providers/Microsoft.ManagedNetworkFabric/locations/EASTUS/operationStatuses/7b681782-a5e2-4210-b1dd-386ff84c32fe*B92458FC39A5205262EC27F84D5A3F591FEBF955838F1C29D86E675713E38CB5?api-version=2023-06-15",
      "Content": null,
      "isContentBase64": false,
      "Headers": {
        "Authorization": [ "[Filtered]" ],
        "x-ms-unique-id": [ "8" ],
        "x-ms-client-request-id": [ "5ecd438f-8168-4617-8827-af0a943958f8" ],
        "CommandName": [ "Invoke-AzNetworkFabricL2DomainUpdateAdminState" ],
        "FullCommandName": [ "Invoke-AzNetworkFabricL2DomainUpdateAdminState_UpdateExpanded" ],
        "ParameterSetName": [ "__AllParameterSets" ],
        "User-Agent": [ "AzurePowershell/v0.0.0", "PSVersion/v7.3.6", "Az.ManagedNetworkFabric/0.1.0" ]
      },
      "ContentHeaders": {
      }
    },
    "Response": {
      "StatusCode": 200,
      "Headers": {
        "Cache-Control": [ "no-cache" ],
        "Pragma": [ "no-cache" ],
        "ETag": [ "\"aa013f09-0000-0100-0000-650d71fd0000\"" ],
        "x-ms-ratelimit-remaining-subscription-reads": [ "11992" ],
        "x-ms-request-id": [ "6479872d-5f66-4254-9e48-6210b461cd77" ],
        "x-ms-correlation-request-id": [ "89eb0803-1102-46c3-9e8f-371fbf2ac478" ],
        "x-ms-routing-request-id": [ "SOUTHINDIA:20230922T105249Z:89eb0803-1102-46c3-9e8f-371fbf2ac478" ],
        "Strict-Transport-Security": [ "max-age=31536000; includeSubDomains" ],
        "X-Content-Type-Options": [ "nosniff" ],
        "Date": [ "Fri, 22 Sep 2023 10:52:49 GMT" ]
      },
      "ContentHeaders": {
        "Content-Length": [ "659" ],
        "Content-Type": [ "application/json; charset=utf-8" ],
        "Expires": [ "-1" ]
      },
      "Content": "{\"id\":\"/subscriptions/9531faa8-8c39-4165-b033-48697fe943db/providers/Microsoft.ManagedNetworkFabric/locations/EASTUS/operationStatuses/7b681782-a5e2-4210-b1dd-386ff84c32fe*B92458FC39A5205262EC27F84D5A3F591FEBF955838F1C29D86E675713E38CB5\",\"name\":\"7b681782-a5e2-4210-b1dd-386ff84c32fe*B92458FC39A5205262EC27F84D5A3F591FEBF955838F1C29D86E675713E38CB5\",\"resourceId\":\"/subscriptions/9531faa8-8c39-4165-b033-48697fe943db/resourceGroups/nfa-tool-ts-powershell-rg092123/providers/Microsoft.ManagedNetworkFabric/l2IsolationDomains/l2DomainName\",\"status\":\"Succeeded\",\"startTime\":\"2023-09-22T10:51:46.1563019Z\",\"endTime\":\"2023-09-22T10:52:45.6553321Z\",\"properties\":null}",
      "isContentBase64": false
    }
  }
}