{
  "Entries": [
    {
      "RequestUri": "/subscriptions/0661b131-4a11-479b-96bf-2f95acca2f73/resourcegroups/ps9791?api-version=2016-09-01",
      "EncodedRequestUri": "L3N1YnNjcmlwdGlvbnMvMDY2MWIxMzEtNGExMS00NzliLTk2YmYtMmY5NWFjY2EyZjczL3Jlc291cmNlZ3JvdXBzL3BzOTc5MT9hcGktdmVyc2lvbj0yMDE2LTA5LTAx",
      "RequestMethod": "PUT",
      "RequestHeaders": {
        "x-ms-client-request-id": [
          "044c7309-67fd-4190-b5b3-45819fba2d86"
        ],
        "Accept-Language": [
          "en-US"
        ],
        "User-Agent": [
          "FxVersion/4.700.22.55902",
          "OSName/Windows",
          "OSVersion/Microsoft.Windows.10.0.22000",
          "Microsoft.Azure.Management.Internal.Resources.ResourceManagementClient/1.3.71"
        ],
        "Content-Type": [
          "application/json; charset=utf-8"
        ],
        "Content-Length": [
          "72"
        ]
      },
      "RequestBody": "{\r\n  \"location\": \"eastus\",\r\n  \"tags\": {\r\n    \"Owner\": \"b-aubald\"\r\n  }\r\n}",
      "ResponseHeaders": {
        "Cache-Control": [
          "no-cache"
        ],
        "Pragma": [
          "no-cache"
        ],
        "x-ms-ratelimit-remaining-subscription-writes": [
          "1197"
        ],
        "x-ms-request-id": [
          "3d1227be-fefa-4230-8927-ebbd655f5bc6"
        ],
        "x-ms-correlation-request-id": [
          "3d1227be-fefa-4230-8927-ebbd655f5bc6"
        ],
        "x-ms-routing-request-id": [
          "FRANCESOUTH:20230315T235320Z:3d1227be-fefa-4230-8927-ebbd655f5bc6"
        ],
        "Strict-Transport-Security": [
          "max-age=31536000; includeSubDomains"
        ],
        "X-Content-Type-Options": [
          "nosniff"
        ],
        "Date": [
          "Wed, 15 Mar 2023 23:53:20 GMT"
        ],
        "Content-Length": [
          "261"
        ],
        "Content-Type": [
          "application/json; charset=utf-8"
        ],
        "Expires": [
          "-1"
        ]
      },
      "ResponseBody": "{\r\n  \"id\": \"/subscriptions/0661b131-4a11-479b-96bf-2f95acca2f73/resourceGroups/ps9791\",\r\n  \"name\": \"ps9791\",\r\n  \"location\": \"eastus\",\r\n  \"tags\": {\r\n    \"Owner\": \"b-aubald\",\r\n    \"CreatedOnDate\": \"2023-03-15T23:53:18.97479Z\",\r\n    \"SkipNRMSNSG\": \"true\"\r\n  },\r\n  \"properties\": {\r\n    \"provisioningState\": \"Succeeded\"\r\n  }\r\n}",
      "StatusCode": 201
    },
    {
      "RequestUri": "/subscriptions/0661b131-4a11-479b-96bf-2f95acca2f73/resourceGroups/ps9791/providers/Microsoft.NetApp/netAppAccounts/ps9262?api-version=2022-09-01",
      "EncodedRequestUri": "L3N1YnNjcmlwdGlvbnMvMDY2MWIxMzEtNGExMS00NzliLTk2YmYtMmY5NWFjY2EyZjczL3Jlc291cmNlR3JvdXBzL3BzOTc5MS9wcm92aWRlcnMvTWljcm9zb2Z0Lk5ldEFwcC9uZXRBcHBBY2NvdW50cy9wczkyNjI/YXBpLXZlcnNpb249MjAyMi0wOS0wMQ==",
      "RequestMethod": "GET",
      "RequestHeaders": {
        "x-ms-client-request-id": [
          "a64fbe9c-8d92-4516-b9d5-b7de404170b0"
        ],
        "Accept-Language": [
          "en-US"
        ],
        "User-Agent": [
          "FxVersion/4.700.22.55902",
          "OSName/Windows",
          "OSVersion/Microsoft.Windows.10.0.22000",
          "Microsoft.Azure.Management.NetApp.AzureNetAppFilesManagementClient/0.0.0.0"
        ]
      },
      "RequestBody": "",
      "ResponseHeaders": {
        "Cache-Control": [
          "no-cache"
        ],
        "Pragma": [
          "no-cache"
        ],
        "x-ms-failure-cause": [
          "gateway"
        ],
        "x-ms-request-id": [
          "ed7a3f9a-10fc-4a34-ba31-46ead6c22407"
        ],
        "x-ms-correlation-request-id": [
          "ed7a3f9a-10fc-4a34-ba31-46ead6c22407"
        ],
        "x-ms-routing-request-id": [
          "FRANCESOUTH:20230315T235321Z:ed7a3f9a-10fc-4a34-ba31-46ead6c22407"
        ],
        "Strict-Transport-Security": [
          "max-age=31536000; includeSubDomains"
        ],
        "X-Content-Type-Options": [
          "nosniff"
        ],
        "Date": [
          "Wed, 15 Mar 2023 23:53:20 GMT"
        ],
        "Content-Type": [
          "application/json; charset=utf-8"
        ],
        "Expires": [
          "-1"
        ],
        "Content-Length": [
          "216"
        ]
      },
      "ResponseBody": "{\r\n  \"error\": {\r\n    \"code\": \"ResourceNotFound\",\r\n    \"message\": \"The Resource 'Microsoft.NetApp/netAppAccounts/ps9262' under resource group 'ps9791' was not found. For more details please go to https://aka.ms/ARMResourceNotFoundFix\"\r\n  }\r\n}",
      "StatusCode": 404
    },
    {
      "RequestUri": "/subscriptions/0661b131-4a11-479b-96bf-2f95acca2f73/resourceGroups/ps9791/providers/Microsoft.NetApp/netAppAccounts/ps9262?api-version=2022-09-01",
      "EncodedRequestUri": "L3N1YnNjcmlwdGlvbnMvMDY2MWIxMzEtNGExMS00NzliLTk2YmYtMmY5NWFjY2EyZjczL3Jlc291cmNlR3JvdXBzL3BzOTc5MS9wcm92aWRlcnMvTWljcm9zb2Z0Lk5ldEFwcC9uZXRBcHBBY2NvdW50cy9wczkyNjI/YXBpLXZlcnNpb249MjAyMi0wOS0wMQ==",
      "RequestMethod": "GET",
      "RequestHeaders": {
        "x-ms-client-request-id": [
          "a64fbe9c-8d92-4516-b9d5-b7de404170b0"
        ],
        "User-Agent": [
          "FxVersion/4.700.22.55902",
          "OSName/Windows",
          "OSVersion/Microsoft.Windows.10.0.22000",
          "Microsoft.Azure.Management.NetApp.AzureNetAppFilesManagementClient/0.0.0.0"
        ]
      },
      "RequestBody": "",
      "ResponseHeaders": {
        "Cache-Control": [
          "no-cache"
        ],
        "Pragma": [
          "no-cache"
        ],
        "ETag": [
          "W/\"datetime'2023-03-15T23%3A53%3A23.9961715Z'\""
        ],
        "x-ms-request-id": [
          "ab402c43-c3a6-4a88-b284-623474bb5c96"
        ],
        "Strict-Transport-Security": [
          "max-age=31536000; includeSubDomains"
        ],
        "Server": [
          "Microsoft-IIS/10.0"
        ],
        "X-Powered-By": [
          "ASP.NET"
        ],
        "x-ms-ratelimit-remaining-subscription-reads": [
          "11996"
        ],
        "x-ms-correlation-request-id": [
          "d0a97543-f7de-4abc-a92c-f98907429ff4"
        ],
        "x-ms-routing-request-id": [
          "FRANCESOUTH:20230315T235355Z:d0a97543-f7de-4abc-a92c-f98907429ff4"
        ],
        "X-Content-Type-Options": [
          "nosniff"
        ],
        "Date": [
          "Wed, 15 Mar 2023 23:53:55 GMT"
        ],
        "Content-Length": [
          "712"
        ],
        "Content-Type": [
          "application/json; charset=utf-8"
        ],
        "Expires": [
          "-1"
        ]
      },
      "ResponseBody": "{\r\n  \"id\": \"/subscriptions/0661b131-4a11-479b-96bf-2f95acca2f73/resourceGroups/ps9791/providers/Microsoft.NetApp/netAppAccounts/ps9262\",\r\n  \"name\": \"ps9262\",\r\n  \"type\": \"Microsoft.NetApp/netAppAccounts\",\r\n  \"etag\": \"W/\\\"datetime'2023-03-15T23%3A53%3A23.9961715Z'\\\"\",\r\n  \"location\": \"eastus\",\r\n  \"tags\": {\r\n    \"tag1\": \"tagValue1\",\r\n    \"CreatedOnDate\": \"2023-03-15T23:53:21.6840608Z\"\r\n  },\r\n  \"properties\": {\r\n    \"encryption\": {\r\n      \"keySource\": \"Microsoft.NetApp\"\r\n    },\r\n    \"provisioningState\": \"Succeeded\"\r\n  },\r\n  \"systemData\": {\r\n    \"createdBy\": \"c6c4faba-2b22-44d9-80a4-71ff5b71f811\",\r\n    \"createdByType\": \"Application\",\r\n    \"createdAt\": \"2023-03-15T23:53:23.3590909Z\",\r\n    \"lastModifiedBy\": \"c6c4faba-2b22-44d9-80a4-71ff5b71f811\",\r\n    \"lastModifiedByType\": \"Application\",\r\n    \"lastModifiedAt\": \"2023-03-15T23:53:23.3590909Z\"\r\n  }\r\n}",
      "StatusCode": 200
    },
    {
      "RequestUri": "/subscriptions/0661b131-4a11-479b-96bf-2f95acca2f73/resourceGroups/ps9791/providers/Microsoft.NetApp/netAppAccounts/ps9262?api-version=2022-09-01",
      "EncodedRequestUri": "L3N1YnNjcmlwdGlvbnMvMDY2MWIxMzEtNGExMS00NzliLTk2YmYtMmY5NWFjY2EyZjczL3Jlc291cmNlR3JvdXBzL3BzOTc5MS9wcm92aWRlcnMvTWljcm9zb2Z0Lk5ldEFwcC9uZXRBcHBBY2NvdW50cy9wczkyNjI/YXBpLXZlcnNpb249MjAyMi0wOS0wMQ==",
      "RequestMethod": "PUT",
      "RequestHeaders": {
        "x-ms-client-request-id": [
          "a64fbe9c-8d92-4516-b9d5-b7de404170b0"
        ],
        "Accept-Language": [
          "en-US"
        ],
        "User-Agent": [
          "FxVersion/4.700.22.55902",
          "OSName/Windows",
          "OSVersion/Microsoft.Windows.10.0.22000",
          "Microsoft.Azure.Management.NetApp.AzureNetAppFilesManagementClient/0.0.0.0"
        ],
        "Content-Type": [
          "application/json; charset=utf-8"
        ],
        "Content-Length": [
          "72"
        ]
      },
      "RequestBody": "{\r\n  \"tags\": {\r\n    \"tag1\": \"tagValue1\"\r\n  },\r\n  \"location\": \"eastus\"\r\n}",
      "ResponseHeaders": {
        "Cache-Control": [
          "no-cache"
        ],
        "Pragma": [
          "no-cache"
        ],
        "ETag": [
          "W/\"datetime'2023-03-15T23%3A53%3A23.9650789Z'\""
        ],
        "x-ms-request-id": [
          "fab26318-54db-48a7-a017-23b083597c5a"
        ],
        "Azure-AsyncOperation": [
          "https://management.azure.com/subscriptions/0661b131-4a11-479b-96bf-2f95acca2f73/providers/Microsoft.NetApp/locations/eastus/operationResults/d605c5b4-952f-41c3-ab84-4ae28e02e2d6?api-version=2022-09-01"
        ],
        "Strict-Transport-Security": [
          "max-age=31536000; includeSubDomains"
        ],
        "Server": [
          "Microsoft-IIS/10.0"
        ],
        "X-Powered-By": [
          "ASP.NET"
        ],
        "x-ms-ratelimit-remaining-subscription-writes": [
          "1199"
        ],
        "x-ms-correlation-request-id": [
          "99726692-b432-472a-8cab-100e87437cc6"
        ],
        "x-ms-routing-request-id": [
          "FRANCESOUTH:20230315T235325Z:99726692-b432-472a-8cab-100e87437cc6"
        ],
        "X-Content-Type-Options": [
          "nosniff"
        ],
        "Date": [
          "Wed, 15 Mar 2023 23:53:24 GMT"
        ],
        "Content-Length": [
          "665"
        ],
        "Content-Type": [
          "application/json; charset=utf-8"
        ],
        "Expires": [
          "-1"
        ]
      },
      "ResponseBody": "{\r\n  \"id\": \"/subscriptions/0661b131-4a11-479b-96bf-2f95acca2f73/resourceGroups/ps9791/providers/Microsoft.NetApp/netAppAccounts/ps9262\",\r\n  \"name\": \"ps9262\",\r\n  \"type\": \"Microsoft.NetApp/netAppAccounts\",\r\n  \"etag\": \"W/\\\"datetime'2023-03-15T23%3A53%3A23.9650789Z'\\\"\",\r\n  \"location\": \"eastus\",\r\n  \"tags\": {\r\n    \"tag1\": \"tagValue1\",\r\n    \"CreatedOnDate\": \"2023-03-15T23:53:21.6840608Z\"\r\n  },\r\n  \"properties\": {\r\n    \"provisioningState\": \"Creating\"\r\n  },\r\n  \"systemData\": {\r\n    \"createdBy\": \"c6c4faba-2b22-44d9-80a4-71ff5b71f811\",\r\n    \"createdByType\": \"Application\",\r\n    \"createdAt\": \"2023-03-15T23:53:23.3590909Z\",\r\n    \"lastModifiedBy\": \"c6c4faba-2b22-44d9-80a4-71ff5b71f811\",\r\n    \"lastModifiedByType\": \"Application\",\r\n    \"lastModifiedAt\": \"2023-03-15T23:53:23.3590909Z\"\r\n  }\r\n}",
      "StatusCode": 201
    },
    {
      "RequestUri": "/subscriptions/0661b131-4a11-479b-96bf-2f95acca2f73/providers/Microsoft.NetApp/locations/eastus/operationResults/d605c5b4-952f-41c3-ab84-4ae28e02e2d6?api-version=2022-09-01",
      "EncodedRequestUri": "L3N1YnNjcmlwdGlvbnMvMDY2MWIxMzEtNGExMS00NzliLTk2YmYtMmY5NWFjY2EyZjczL3Byb3ZpZGVycy9NaWNyb3NvZnQuTmV0QXBwL2xvY2F0aW9ucy9lYXN0dXMvb3BlcmF0aW9uUmVzdWx0cy9kNjA1YzViNC05NTJmLTQxYzMtYWI4NC00YWUyOGUwMmUyZDY/YXBpLXZlcnNpb249MjAyMi0wOS0wMQ==",
      "RequestMethod": "GET",
      "RequestHeaders": {
        "x-ms-client-request-id": [
          "a64fbe9c-8d92-4516-b9d5-b7de404170b0"
        ],
        "User-Agent": [
          "FxVersion/4.700.22.55902",
          "OSName/Windows",
          "OSVersion/Microsoft.Windows.10.0.22000",
          "Microsoft.Azure.Management.NetApp.AzureNetAppFilesManagementClient/0.0.0.0"
        ]
      },
      "RequestBody": "",
      "ResponseHeaders": {
        "Cache-Control": [
          "no-cache"
        ],
        "Pragma": [
          "no-cache"
        ],
        "x-ms-request-id": [
          "833fdb1d-5bee-4ffb-8eed-ee5e940a5f7d"
        ],
        "Strict-Transport-Security": [
          "max-age=31536000; includeSubDomains"
        ],
        "Server": [
          "Microsoft-IIS/10.0"
        ],
        "X-Powered-By": [
          "ASP.NET"
        ],
        "x-ms-ratelimit-remaining-subscription-reads": [
          "11997"
        ],
        "x-ms-correlation-request-id": [
          "01cec098-e37c-4ea6-9cfd-4b4765d42ea3"
        ],
        "x-ms-routing-request-id": [
          "FRANCESOUTH:20230315T235355Z:01cec098-e37c-4ea6-9cfd-4b4765d42ea3"
        ],
        "X-Content-Type-Options": [
          "nosniff"
        ],
        "Date": [
          "Wed, 15 Mar 2023 23:53:55 GMT"
        ],
        "Content-Length": [
          "506"
        ],
        "Content-Type": [
          "application/json; charset=utf-8"
        ],
        "Expires": [
          "-1"
        ]
      },
      "ResponseBody": "{\r\n  \"id\": \"/subscriptions/0661b131-4a11-479b-96bf-2f95acca2f73/providers/Microsoft.NetApp/locations/eastus/operationResults/d605c5b4-952f-41c3-ab84-4ae28e02e2d6\",\r\n  \"name\": \"d605c5b4-952f-41c3-ab84-4ae28e02e2d6\",\r\n  \"status\": \"Succeeded\",\r\n  \"startTime\": \"2023-03-15T23:53:23.9491477Z\",\r\n  \"endTime\": \"2023-03-15T23:53:23.9747079Z\",\r\n  \"percentComplete\": 100.0,\r\n  \"properties\": {\r\n    \"resourceName\": \"/subscriptions/0661b131-4a11-479b-96bf-2f95acca2f73/resourceGroups/ps9791/providers/Microsoft.NetApp/netAppAccounts/ps9262\",\r\n    \"action\": \"CREATE\"\r\n  }\r\n}",
      "StatusCode": 200
    },
    {
      "RequestUri": "/subscriptions/0661b131-4a11-479b-96bf-2f95acca2f73/resourceGroups/ps9791/providers/Microsoft.NetApp/netAppAccounts/ps9262/snapshotPolicies/ps6926?api-version=2022-09-01",
      "EncodedRequestUri": "L3N1YnNjcmlwdGlvbnMvMDY2MWIxMzEtNGExMS00NzliLTk2YmYtMmY5NWFjY2EyZjczL3Jlc291cmNlR3JvdXBzL3BzOTc5MS9wcm92aWRlcnMvTWljcm9zb2Z0Lk5ldEFwcC9uZXRBcHBBY2NvdW50cy9wczkyNjIvc25hcHNob3RQb2xpY2llcy9wczY5MjY/YXBpLXZlcnNpb249MjAyMi0wOS0wMQ==",
      "RequestMethod": "GET",
      "RequestHeaders": {
        "x-ms-client-request-id": [
          "12fed448-a3a8-4c28-ba29-230d610ebb5c"
        ],
        "Accept-Language": [
          "en-US"
        ],
        "User-Agent": [
          "FxVersion/4.700.22.55902",
          "OSName/Windows",
          "OSVersion/Microsoft.Windows.10.0.22000",
          "Microsoft.Azure.Management.NetApp.AzureNetAppFilesManagementClient/0.0.0.0"
        ]
      },
      "RequestBody": "",
      "ResponseHeaders": {
        "Cache-Control": [
          "no-cache"
        ],
        "Pragma": [
          "no-cache"
        ],
        "x-ms-failure-cause": [
          "gateway"
        ],
        "x-ms-request-id": [
          "0c7e53c9-d4ae-4783-b4cf-22288de3a571"
        ],
        "x-ms-correlation-request-id": [
          "0c7e53c9-d4ae-4783-b4cf-22288de3a571"
        ],
        "x-ms-routing-request-id": [
          "SWEDENSOUTH:20230315T235356Z:0c7e53c9-d4ae-4783-b4cf-22288de3a571"
        ],
        "Strict-Transport-Security": [
          "max-age=31536000; includeSubDomains"
        ],
        "X-Content-Type-Options": [
          "nosniff"
        ],
        "Date": [
          "Wed, 15 Mar 2023 23:53:56 GMT"
        ],
        "Content-Type": [
          "application/json; charset=utf-8"
        ],
        "Expires": [
          "-1"
        ],
        "Content-Length": [
          "240"
        ]
      },
      "ResponseBody": "{\r\n  \"error\": {\r\n    \"code\": \"ResourceNotFound\",\r\n    \"message\": \"The Resource 'Microsoft.NetApp/netAppAccounts/ps9262/snapshotPolicies/ps6926' under resource group 'ps9791' was not found. For more details please go to https://aka.ms/ARMResourceNotFoundFix\"\r\n  }\r\n}",
      "StatusCode": 404
    },
    {
      "RequestUri": "/subscriptions/0661b131-4a11-479b-96bf-2f95acca2f73/resourceGroups/ps9791/providers/Microsoft.NetApp/netAppAccounts/ps9262/snapshotPolicies/ps6926?api-version=2022-09-01",
      "EncodedRequestUri": "L3N1YnNjcmlwdGlvbnMvMDY2MWIxMzEtNGExMS00NzliLTk2YmYtMmY5NWFjY2EyZjczL3Jlc291cmNlR3JvdXBzL3BzOTc5MS9wcm92aWRlcnMvTWljcm9zb2Z0Lk5ldEFwcC9uZXRBcHBBY2NvdW50cy9wczkyNjIvc25hcHNob3RQb2xpY2llcy9wczY5MjY/YXBpLXZlcnNpb249MjAyMi0wOS0wMQ==",
      "RequestMethod": "GET",
      "RequestHeaders": {
        "x-ms-client-request-id": [
          "e73d6138-100c-4ef5-8f5e-6f61efe43ad9"
        ],
        "Accept-Language": [
          "en-US"
        ],
        "User-Agent": [
          "FxVersion/4.700.22.55902",
          "OSName/Windows",
          "OSVersion/Microsoft.Windows.10.0.22000",
          "Microsoft.Azure.Management.NetApp.AzureNetAppFilesManagementClient/0.0.0.0"
        ]
      },
      "RequestBody": "",
      "ResponseHeaders": {
        "Cache-Control": [
          "no-cache"
        ],
        "Pragma": [
          "no-cache"
        ],
        "ETag": [
          "W/\"datetime'2023-03-15T23%3A54%3A00.4001493Z'\""
        ],
        "x-ms-request-id": [
          "083afece-f904-4111-8fd6-527dc225589c"
        ],
        "Strict-Transport-Security": [
          "max-age=31536000; includeSubDomains"
        ],
        "Server": [
          "Microsoft-IIS/10.0"
        ],
        "X-Powered-By": [
          "ASP.NET"
        ],
        "x-ms-ratelimit-remaining-subscription-reads": [
          "11987"
        ],
        "x-ms-correlation-request-id": [
          "0b740e8c-abd4-4950-b6e8-e31ec497205b"
        ],
        "x-ms-routing-request-id": [
          "SWEDENSOUTH:20230315T235403Z:0b740e8c-abd4-4950-b6e8-e31ec497205b"
        ],
        "X-Content-Type-Options": [
          "nosniff"
        ],
        "Date": [
          "Wed, 15 Mar 2023 23:54:03 GMT"
        ],
        "Content-Length": [
          "983"
        ],
        "Content-Type": [
          "application/json; charset=utf-8"
        ],
        "Expires": [
          "-1"
        ]
      },
      "ResponseBody": "{\r\n  \"id\": \"/subscriptions/0661b131-4a11-479b-96bf-2f95acca2f73/resourceGroups/ps9791/providers/Microsoft.NetApp/netAppAccounts/ps9262/snapshotPolicies/ps6926\",\r\n  \"name\": \"ps9262/ps6926\",\r\n  \"type\": \"Microsoft.NetApp/netAppAccounts/snapshotPolicies\",\r\n  \"etag\": \"W/\\\"datetime'2023-03-15T23%3A54%3A00.4001493Z'\\\"\",\r\n  \"location\": \"eastus\",\r\n  \"tags\": {\r\n    \"CreatedOnDate\": \"2023-03-15T23:53:57.6157404Z\"\r\n  },\r\n  \"properties\": {\r\n    \"enabled\": true,\r\n    \"hourlySchedule\": {\r\n      \"snapshotsToKeep\": 6,\r\n      \"minute\": 2\r\n    },\r\n    \"dailySchedule\": {\r\n      \"snapshotsToKeep\": 6,\r\n      \"hour\": 1,\r\n      \"minute\": 2\r\n    },\r\n    \"weeklySchedule\": {\r\n      \"snapshotsToKeep\": 6,\r\n      \"day\": \"Sunday,Monday\",\r\n      \"hour\": 1,\r\n      \"minute\": 2\r\n    },\r\n    \"monthlySchedule\": {\r\n      \"snapshotsToKeep\": 6,\r\n      \"daysOfMonth\": \"2,11,21\",\r\n      \"hour\": 1,\r\n      \"minute\": 2\r\n    },\r\n    \"provisioningState\": \"Succeeded\"\r\n  },\r\n  \"systemData\": {\r\n    \"createdBy\": \"c6c4faba-2b22-44d9-80a4-71ff5b71f811\",\r\n    \"createdByType\": \"Application\",\r\n    \"createdAt\": \"2023-03-15T23:53:59.2170724Z\",\r\n    \"lastModifiedBy\": \"c6c4faba-2b22-44d9-80a4-71ff5b71f811\",\r\n    \"lastModifiedByType\": \"Application\",\r\n    \"lastModifiedAt\": \"2023-03-15T23:53:59.2170724Z\"\r\n  }\r\n}",
      "StatusCode": 200
    },
    {
      "RequestUri": "/subscriptions/0661b131-4a11-479b-96bf-2f95acca2f73/resourceGroups/ps9791/providers/Microsoft.NetApp/netAppAccounts/ps9262/snapshotPolicies/ps6926?api-version=2022-09-01",
      "EncodedRequestUri": "L3N1YnNjcmlwdGlvbnMvMDY2MWIxMzEtNGExMS00NzliLTk2YmYtMmY5NWFjY2EyZjczL3Jlc291cmNlR3JvdXBzL3BzOTc5MS9wcm92aWRlcnMvTWljcm9zb2Z0Lk5ldEFwcC9uZXRBcHBBY2NvdW50cy9wczkyNjIvc25hcHNob3RQb2xpY2llcy9wczY5MjY/YXBpLXZlcnNpb249MjAyMi0wOS0wMQ==",
      "RequestMethod": "GET",
      "RequestHeaders": {
        "x-ms-client-request-id": [
          "7bd89065-d23c-4c57-b00d-797b2b5c655f"
        ],
        "Accept-Language": [
          "en-US"
        ],
        "User-Agent": [
          "FxVersion/4.700.22.55902",
          "OSName/Windows",
          "OSVersion/Microsoft.Windows.10.0.22000",
          "Microsoft.Azure.Management.NetApp.AzureNetAppFilesManagementClient/0.0.0.0"
        ]
      },
      "RequestBody": "",
      "ResponseHeaders": {
        "Cache-Control": [
          "no-cache"
        ],
        "Pragma": [
          "no-cache"
        ],
        "ETag": [
          "W/\"datetime'2023-03-15T23%3A54%3A00.4001493Z'\""
        ],
        "x-ms-request-id": [
          "2b299f00-c80c-4c94-9bb5-2144fe4f4988"
        ],
        "Strict-Transport-Security": [
          "max-age=31536000; includeSubDomains"
        ],
        "Server": [
          "Microsoft-IIS/10.0"
        ],
        "X-Powered-By": [
          "ASP.NET"
        ],
        "x-ms-ratelimit-remaining-subscription-reads": [
          "11980"
        ],
        "x-ms-correlation-request-id": [
          "f61d3d41-f32d-44bd-a284-16309705feb2"
        ],
        "x-ms-routing-request-id": [
          "SWEDENSOUTH:20230315T235405Z:f61d3d41-f32d-44bd-a284-16309705feb2"
        ],
        "X-Content-Type-Options": [
          "nosniff"
        ],
        "Date": [
          "Wed, 15 Mar 2023 23:54:04 GMT"
        ],
        "Content-Length": [
          "983"
        ],
        "Content-Type": [
          "application/json; charset=utf-8"
        ],
        "Expires": [
          "-1"
        ]
      },
      "ResponseBody": "{\r\n  \"id\": \"/subscriptions/0661b131-4a11-479b-96bf-2f95acca2f73/resourceGroups/ps9791/providers/Microsoft.NetApp/netAppAccounts/ps9262/snapshotPolicies/ps6926\",\r\n  \"name\": \"ps9262/ps6926\",\r\n  \"type\": \"Microsoft.NetApp/netAppAccounts/snapshotPolicies\",\r\n  \"etag\": \"W/\\\"datetime'2023-03-15T23%3A54%3A00.4001493Z'\\\"\",\r\n  \"location\": \"eastus\",\r\n  \"tags\": {\r\n    \"CreatedOnDate\": \"2023-03-15T23:53:57.6157404Z\"\r\n  },\r\n  \"properties\": {\r\n    \"enabled\": true,\r\n    \"hourlySchedule\": {\r\n      \"snapshotsToKeep\": 6,\r\n      \"minute\": 2\r\n    },\r\n    \"dailySchedule\": {\r\n      \"snapshotsToKeep\": 6,\r\n      \"hour\": 1,\r\n      \"minute\": 2\r\n    },\r\n    \"weeklySchedule\": {\r\n      \"snapshotsToKeep\": 6,\r\n      \"day\": \"Sunday,Monday\",\r\n      \"hour\": 1,\r\n      \"minute\": 2\r\n    },\r\n    \"monthlySchedule\": {\r\n      \"snapshotsToKeep\": 6,\r\n      \"daysOfMonth\": \"2,11,21\",\r\n      \"hour\": 1,\r\n      \"minute\": 2\r\n    },\r\n    \"provisioningState\": \"Succeeded\"\r\n  },\r\n  \"systemData\": {\r\n    \"createdBy\": \"c6c4faba-2b22-44d9-80a4-71ff5b71f811\",\r\n    \"createdByType\": \"Application\",\r\n    \"createdAt\": \"2023-03-15T23:53:59.2170724Z\",\r\n    \"lastModifiedBy\": \"c6c4faba-2b22-44d9-80a4-71ff5b71f811\",\r\n    \"lastModifiedByType\": \"Application\",\r\n    \"lastModifiedAt\": \"2023-03-15T23:53:59.2170724Z\"\r\n  }\r\n}",
      "StatusCode": 200
    },
    {
      "RequestUri": "/subscriptions/0661b131-4a11-479b-96bf-2f95acca2f73/resourceGroups/ps9791/providers/Microsoft.NetApp/netAppAccounts/ps9262/snapshotPolicies/ps6926?api-version=2022-09-01",
      "EncodedRequestUri": "L3N1YnNjcmlwdGlvbnMvMDY2MWIxMzEtNGExMS00NzliLTk2YmYtMmY5NWFjY2EyZjczL3Jlc291cmNlR3JvdXBzL3BzOTc5MS9wcm92aWRlcnMvTWljcm9zb2Z0Lk5ldEFwcC9uZXRBcHBBY2NvdW50cy9wczkyNjIvc25hcHNob3RQb2xpY2llcy9wczY5MjY/YXBpLXZlcnNpb249MjAyMi0wOS0wMQ==",
      "RequestMethod": "GET",
      "RequestHeaders": {
        "x-ms-client-request-id": [
          "7cfe0b9e-698c-4f96-be92-9ab1dbc81623"
        ],
        "User-Agent": [
          "FxVersion/4.700.22.55902",
          "OSName/Windows",
          "OSVersion/Microsoft.Windows.10.0.22000",
          "Microsoft.Azure.Management.NetApp.AzureNetAppFilesManagementClient/0.0.0.0"
        ]
      },
      "RequestBody": "",
      "ResponseHeaders": {
        "Cache-Control": [
          "no-cache"
        ],
        "Pragma": [
          "no-cache"
        ],
        "ETag": [
          "W/\"datetime'2023-03-15T23%3A54%3A09.3979553Z'\""
        ],
        "x-ms-request-id": [
          "706d7403-9909-467f-95bf-6f0b67c8caed"
        ],
        "Strict-Transport-Security": [
          "max-age=31536000; includeSubDomains"
        ],
        "Server": [
          "Microsoft-IIS/10.0"
        ],
        "X-Powered-By": [
          "ASP.NET"
        ],
        "x-ms-ratelimit-remaining-subscription-reads": [
          "11998"
        ],
        "x-ms-correlation-request-id": [
          "ee3b453f-927d-400e-b61e-22be65ab6edd"
        ],
        "x-ms-routing-request-id": [
          "FRANCESOUTH:20230315T235439Z:ee3b453f-927d-400e-b61e-22be65ab6edd"
        ],
        "X-Content-Type-Options": [
          "nosniff"
        ],
        "Date": [
          "Wed, 15 Mar 2023 23:54:39 GMT"
        ],
        "Content-Length": [
          "927"
        ],
        "Content-Type": [
          "application/json; charset=utf-8"
        ],
        "Expires": [
          "-1"
        ]
      },
      "ResponseBody": "{\r\n  \"id\": \"/subscriptions/0661b131-4a11-479b-96bf-2f95acca2f73/resourceGroups/ps9791/providers/Microsoft.NetApp/netAppAccounts/ps9262/snapshotPolicies/ps6926\",\r\n  \"name\": \"ps9262/ps6926\",\r\n  \"type\": \"Microsoft.NetApp/netAppAccounts/snapshotPolicies\",\r\n  \"etag\": \"W/\\\"datetime'2023-03-15T23%3A54%3A09.3979553Z'\\\"\",\r\n  \"location\": \"eastus\",\r\n  \"properties\": {\r\n    \"provisioningState\": \"Succeeded\",\r\n    \"enabled\": true,\r\n    \"hourlySchedule\": {\r\n      \"snapshotsToKeep\": 3,\r\n      \"minute\": 1\r\n    },\r\n    \"dailySchedule\": {\r\n      \"snapshotsToKeep\": 6,\r\n      \"hour\": 1,\r\n      \"minute\": 2\r\n    },\r\n    \"weeklySchedule\": {\r\n      \"snapshotsToKeep\": 6,\r\n      \"day\": \"Sunday,Monday\",\r\n      \"hour\": 1,\r\n      \"minute\": 2\r\n    },\r\n    \"monthlySchedule\": {\r\n      \"snapshotsToKeep\": 6,\r\n      \"daysOfMonth\": \"2,11,21\",\r\n      \"hour\": 1,\r\n      \"minute\": 2\r\n    }\r\n  },\r\n  \"systemData\": {\r\n    \"createdBy\": \"c6c4faba-2b22-44d9-80a4-71ff5b71f811\",\r\n    \"createdByType\": \"Application\",\r\n    \"createdAt\": \"2023-03-15T23:53:59.2170724Z\",\r\n    \"lastModifiedBy\": \"c6c4faba-2b22-44d9-80a4-71ff5b71f811\",\r\n    \"lastModifiedByType\": \"Application\",\r\n    \"lastModifiedAt\": \"2023-03-15T23:54:08.6703665Z\"\r\n  }\r\n}",
      "StatusCode": 200
    },
    {
      "RequestUri": "/subscriptions/0661b131-4a11-479b-96bf-2f95acca2f73/resourceGroups/ps9791/providers/Microsoft.NetApp/netAppAccounts/ps9262/snapshotPolicies/ps6926?api-version=2022-09-01",
      "EncodedRequestUri": "L3N1YnNjcmlwdGlvbnMvMDY2MWIxMzEtNGExMS00NzliLTk2YmYtMmY5NWFjY2EyZjczL3Jlc291cmNlR3JvdXBzL3BzOTc5MS9wcm92aWRlcnMvTWljcm9zb2Z0Lk5ldEFwcC9uZXRBcHBBY2NvdW50cy9wczkyNjIvc25hcHNob3RQb2xpY2llcy9wczY5MjY/YXBpLXZlcnNpb249MjAyMi0wOS0wMQ==",
      "RequestMethod": "GET",
      "RequestHeaders": {
        "x-ms-client-request-id": [
          "68f328e6-7d0b-4c98-9c35-27d2da8c503d"
        ],
        "Accept-Language": [
          "en-US"
        ],
        "User-Agent": [
          "FxVersion/4.700.22.55902",
          "OSName/Windows",
          "OSVersion/Microsoft.Windows.10.0.22000",
          "Microsoft.Azure.Management.NetApp.AzureNetAppFilesManagementClient/0.0.0.0"
        ]
      },
      "RequestBody": "",
      "ResponseHeaders": {
        "Cache-Control": [
          "no-cache"
        ],
        "Pragma": [
          "no-cache"
        ],
        "ETag": [
          "W/\"datetime'2023-03-15T23%3A54%3A09.3979553Z'\""
        ],
        "x-ms-request-id": [
          "08b17c08-a4ef-4612-b31d-b52fd68919d9"
        ],
        "Strict-Transport-Security": [
          "max-age=31536000; includeSubDomains"
        ],
        "Server": [
          "Microsoft-IIS/10.0"
        ],
        "X-Powered-By": [
          "ASP.NET"
        ],
        "x-ms-ratelimit-remaining-subscription-reads": [
          "11981"
        ],
        "x-ms-correlation-request-id": [
          "a2368807-e936-46ce-b807-8e8757a14e22"
        ],
        "x-ms-routing-request-id": [
          "SWEDENSOUTH:20230315T235446Z:a2368807-e936-46ce-b807-8e8757a14e22"
        ],
        "X-Content-Type-Options": [
          "nosniff"
        ],
        "Date": [
          "Wed, 15 Mar 2023 23:54:45 GMT"
        ],
        "Content-Length": [
          "927"
        ],
        "Content-Type": [
          "application/json; charset=utf-8"
        ],
        "Expires": [
          "-1"
        ]
      },
      "ResponseBody": "{\r\n  \"id\": \"/subscriptions/0661b131-4a11-479b-96bf-2f95acca2f73/resourceGroups/ps9791/providers/Microsoft.NetApp/netAppAccounts/ps9262/snapshotPolicies/ps6926\",\r\n  \"name\": \"ps9262/ps6926\",\r\n  \"type\": \"Microsoft.NetApp/netAppAccounts/snapshotPolicies\",\r\n  \"etag\": \"W/\\\"datetime'2023-03-15T23%3A54%3A09.3979553Z'\\\"\",\r\n  \"location\": \"eastus\",\r\n  \"properties\": {\r\n    \"provisioningState\": \"Succeeded\",\r\n    \"enabled\": true,\r\n    \"hourlySchedule\": {\r\n      \"snapshotsToKeep\": 3,\r\n      \"minute\": 1\r\n    },\r\n    \"dailySchedule\": {\r\n      \"snapshotsToKeep\": 6,\r\n      \"hour\": 1,\r\n      \"minute\": 2\r\n    },\r\n    \"weeklySchedule\": {\r\n      \"snapshotsToKeep\": 6,\r\n      \"day\": \"Sunday,Monday\",\r\n      \"hour\": 1,\r\n      \"minute\": 2\r\n    },\r\n    \"monthlySchedule\": {\r\n      \"snapshotsToKeep\": 6,\r\n      \"daysOfMonth\": \"2,11,21\",\r\n      \"hour\": 1,\r\n      \"minute\": 2\r\n    }\r\n  },\r\n  \"systemData\": {\r\n    \"createdBy\": \"c6c4faba-2b22-44d9-80a4-71ff5b71f811\",\r\n    \"createdByType\": \"Application\",\r\n    \"createdAt\": \"2023-03-15T23:53:59.2170724Z\",\r\n    \"lastModifiedBy\": \"c6c4faba-2b22-44d9-80a4-71ff5b71f811\",\r\n    \"lastModifiedByType\": \"Application\",\r\n    \"lastModifiedAt\": \"2023-03-15T23:54:08.6703665Z\"\r\n  }\r\n}",
      "StatusCode": 200
    },
    {
      "RequestUri": "/subscriptions/0661b131-4a11-479b-96bf-2f95acca2f73/resourceGroups/ps9791/providers/Microsoft.NetApp/netAppAccounts/ps9262/snapshotPolicies/ps6926?api-version=2022-09-01",
      "EncodedRequestUri": "L3N1YnNjcmlwdGlvbnMvMDY2MWIxMzEtNGExMS00NzliLTk2YmYtMmY5NWFjY2EyZjczL3Jlc291cmNlR3JvdXBzL3BzOTc5MS9wcm92aWRlcnMvTWljcm9zb2Z0Lk5ldEFwcC9uZXRBcHBBY2NvdW50cy9wczkyNjIvc25hcHNob3RQb2xpY2llcy9wczY5MjY/YXBpLXZlcnNpb249MjAyMi0wOS0wMQ==",
      "RequestMethod": "GET",
      "RequestHeaders": {
        "x-ms-client-request-id": [
          "981734f5-c20d-4640-b7dc-0ddaabf973df"
        ],
        "Accept-Language": [
          "en-US"
        ],
        "User-Agent": [
          "FxVersion/4.700.22.55902",
          "OSName/Windows",
          "OSVersion/Microsoft.Windows.10.0.22000",
          "Microsoft.Azure.Management.NetApp.AzureNetAppFilesManagementClient/0.0.0.0"
        ]
      },
      "RequestBody": "",
      "ResponseHeaders": {
        "Cache-Control": [
          "no-cache"
        ],
        "Pragma": [
          "no-cache"
        ],
        "ETag": [
          "W/\"datetime'2023-03-15T23%3A54%3A09.3979553Z'\""
        ],
        "x-ms-request-id": [
          "8432a8c6-5ba1-4c54-af78-20e795c77cb9"
        ],
        "Strict-Transport-Security": [
          "max-age=31536000; includeSubDomains"
        ],
        "Server": [
          "Microsoft-IIS/10.0"
        ],
        "X-Powered-By": [
          "ASP.NET"
        ],
        "x-ms-ratelimit-remaining-subscription-reads": [
          "11985"
        ],
        "x-ms-correlation-request-id": [
          "14a38ddc-230e-4e6f-a796-2355b26869c3"
        ],
        "x-ms-routing-request-id": [
          "SWEDENSOUTH:20230315T235447Z:14a38ddc-230e-4e6f-a796-2355b26869c3"
        ],
        "X-Content-Type-Options": [
          "nosniff"
        ],
        "Date": [
          "Wed, 15 Mar 2023 23:54:46 GMT"
        ],
        "Content-Length": [
          "927"
        ],
        "Content-Type": [
          "application/json; charset=utf-8"
        ],
        "Expires": [
          "-1"
        ]
      },
      "ResponseBody": "{\r\n  \"id\": \"/subscriptions/0661b131-4a11-479b-96bf-2f95acca2f73/resourceGroups/ps9791/providers/Microsoft.NetApp/netAppAccounts/ps9262/snapshotPolicies/ps6926\",\r\n  \"name\": \"ps9262/ps6926\",\r\n  \"type\": \"Microsoft.NetApp/netAppAccounts/snapshotPolicies\",\r\n  \"etag\": \"W/\\\"datetime'2023-03-15T23%3A54%3A09.3979553Z'\\\"\",\r\n  \"location\": \"eastus\",\r\n  \"properties\": {\r\n    \"provisioningState\": \"Succeeded\",\r\n    \"enabled\": true,\r\n    \"hourlySchedule\": {\r\n      \"snapshotsToKeep\": 3,\r\n      \"minute\": 1\r\n    },\r\n    \"dailySchedule\": {\r\n      \"snapshotsToKeep\": 6,\r\n      \"hour\": 1,\r\n      \"minute\": 2\r\n    },\r\n    \"weeklySchedule\": {\r\n      \"snapshotsToKeep\": 6,\r\n      \"day\": \"Sunday,Monday\",\r\n      \"hour\": 1,\r\n      \"minute\": 2\r\n    },\r\n    \"monthlySchedule\": {\r\n      \"snapshotsToKeep\": 6,\r\n      \"daysOfMonth\": \"2,11,21\",\r\n      \"hour\": 1,\r\n      \"minute\": 2\r\n    }\r\n  },\r\n  \"systemData\": {\r\n    \"createdBy\": \"c6c4faba-2b22-44d9-80a4-71ff5b71f811\",\r\n    \"createdByType\": \"Application\",\r\n    \"createdAt\": \"2023-03-15T23:53:59.2170724Z\",\r\n    \"lastModifiedBy\": \"c6c4faba-2b22-44d9-80a4-71ff5b71f811\",\r\n    \"lastModifiedByType\": \"Application\",\r\n    \"lastModifiedAt\": \"2023-03-15T23:54:08.6703665Z\"\r\n  }\r\n}",
      "StatusCode": 200
    },
    {
      "RequestUri": "/subscriptions/0661b131-4a11-479b-96bf-2f95acca2f73/resourceGroups/ps9791/providers/Microsoft.NetApp/netAppAccounts/ps9262/snapshotPolicies/ps6926?api-version=2022-09-01",
      "EncodedRequestUri": "L3N1YnNjcmlwdGlvbnMvMDY2MWIxMzEtNGExMS00NzliLTk2YmYtMmY5NWFjY2EyZjczL3Jlc291cmNlR3JvdXBzL3BzOTc5MS9wcm92aWRlcnMvTWljcm9zb2Z0Lk5ldEFwcC9uZXRBcHBBY2NvdW50cy9wczkyNjIvc25hcHNob3RQb2xpY2llcy9wczY5MjY/YXBpLXZlcnNpb249MjAyMi0wOS0wMQ==",
      "RequestMethod": "PUT",
      "RequestHeaders": {
        "x-ms-client-request-id": [
          "12fed448-a3a8-4c28-ba29-230d610ebb5c"
        ],
        "Accept-Language": [
          "en-US"
        ],
        "User-Agent": [
          "FxVersion/4.700.22.55902",
          "OSName/Windows",
          "OSVersion/Microsoft.Windows.10.0.22000",
          "Microsoft.Azure.Management.NetApp.AzureNetAppFilesManagementClient/0.0.0.0"
        ],
        "Content-Type": [
          "application/json; charset=utf-8"
        ],
        "Content-Length": [
          "516"
        ]
      },
      "RequestBody": "{\r\n  \"properties\": {\r\n    \"hourlySchedule\": {\r\n      \"snapshotsToKeep\": 6,\r\n      \"minute\": 2\r\n    },\r\n    \"dailySchedule\": {\r\n      \"snapshotsToKeep\": 6,\r\n      \"hour\": 1,\r\n      \"minute\": 2\r\n    },\r\n    \"weeklySchedule\": {\r\n      \"snapshotsToKeep\": 6,\r\n      \"day\": \"Sunday,Monday\",\r\n      \"hour\": 1,\r\n      \"minute\": 2\r\n    },\r\n    \"monthlySchedule\": {\r\n      \"snapshotsToKeep\": 6,\r\n      \"daysOfMonth\": \"2,11,21\",\r\n      \"hour\": 1,\r\n      \"minute\": 2\r\n    },\r\n    \"enabled\": true\r\n  },\r\n  \"location\": \"eastus\"\r\n}",
      "ResponseHeaders": {
        "Cache-Control": [
          "no-cache"
        ],
        "Pragma": [
          "no-cache"
        ],
        "ETag": [
          "W/\"datetime'2023-03-15T23%3A54%3A00.3055108Z'\""
        ],
        "x-ms-request-id": [
          "f522bb0a-c83f-4981-8ed0-3379cb786047"
        ],
        "Azure-AsyncOperation": [
          "https://management.azure.com/subscriptions/0661b131-4a11-479b-96bf-2f95acca2f73/providers/Microsoft.NetApp/locations/eastus/operationResults/df27f4a6-dd20-4f58-af29-bef324c8b7fa?api-version=2022-09-01"
        ],
        "Strict-Transport-Security": [
          "max-age=31536000; includeSubDomains"
        ],
        "Server": [
          "Microsoft-IIS/10.0"
        ],
        "X-Powered-By": [
          "ASP.NET"
        ],
        "x-ms-ratelimit-remaining-subscription-writes": [
          "1197"
        ],
        "x-ms-correlation-request-id": [
          "71431364-7822-4b51-a6c7-c93713f026da"
        ],
        "x-ms-routing-request-id": [
          "SWEDENSOUTH:20230315T235401Z:71431364-7822-4b51-a6c7-c93713f026da"
        ],
        "X-Content-Type-Options": [
          "nosniff"
        ],
        "Date": [
          "Wed, 15 Mar 2023 23:54:01 GMT"
        ],
        "Content-Length": [
          "982"
        ],
        "Content-Type": [
          "application/json; charset=utf-8"
        ],
        "Expires": [
          "-1"
        ]
      },
      "ResponseBody": "{\r\n  \"id\": \"/subscriptions/0661b131-4a11-479b-96bf-2f95acca2f73/resourceGroups/ps9791/providers/Microsoft.NetApp/netAppAccounts/ps9262/snapshotPolicies/ps6926\",\r\n  \"name\": \"ps9262/ps6926\",\r\n  \"type\": \"Microsoft.NetApp/netAppAccounts/snapshotPolicies\",\r\n  \"etag\": \"W/\\\"datetime'2023-03-15T23%3A54%3A00.3055108Z'\\\"\",\r\n  \"location\": \"eastus\",\r\n  \"tags\": {\r\n    \"CreatedOnDate\": \"2023-03-15T23:53:57.6157404Z\"\r\n  },\r\n  \"properties\": {\r\n    \"enabled\": true,\r\n    \"hourlySchedule\": {\r\n      \"snapshotsToKeep\": 6,\r\n      \"minute\": 2\r\n    },\r\n    \"dailySchedule\": {\r\n      \"snapshotsToKeep\": 6,\r\n      \"hour\": 1,\r\n      \"minute\": 2\r\n    },\r\n    \"weeklySchedule\": {\r\n      \"snapshotsToKeep\": 6,\r\n      \"day\": \"Sunday,Monday\",\r\n      \"hour\": 1,\r\n      \"minute\": 2\r\n    },\r\n    \"monthlySchedule\": {\r\n      \"snapshotsToKeep\": 6,\r\n      \"daysOfMonth\": \"2,11,21\",\r\n      \"hour\": 1,\r\n      \"minute\": 2\r\n    },\r\n    \"provisioningState\": \"Creating\"\r\n  },\r\n  \"systemData\": {\r\n    \"createdBy\": \"c6c4faba-2b22-44d9-80a4-71ff5b71f811\",\r\n    \"createdByType\": \"Application\",\r\n    \"createdAt\": \"2023-03-15T23:53:59.2170724Z\",\r\n    \"lastModifiedBy\": \"c6c4faba-2b22-44d9-80a4-71ff5b71f811\",\r\n    \"lastModifiedByType\": \"Application\",\r\n    \"lastModifiedAt\": \"2023-03-15T23:53:59.2170724Z\"\r\n  }\r\n}",
      "StatusCode": 201
    },
    {
      "RequestUri": "/subscriptions/0661b131-4a11-479b-96bf-2f95acca2f73/resourceGroups/ps9791/providers/Microsoft.NetApp/netAppAccounts/ps9262/snapshotPolicies/ps6926?api-version=2022-09-01",
      "EncodedRequestUri": "L3N1YnNjcmlwdGlvbnMvMDY2MWIxMzEtNGExMS00NzliLTk2YmYtMmY5NWFjY2EyZjczL3Jlc291cmNlR3JvdXBzL3BzOTc5MS9wcm92aWRlcnMvTWljcm9zb2Z0Lk5ldEFwcC9uZXRBcHBBY2NvdW50cy9wczkyNjIvc25hcHNob3RQb2xpY2llcy9wczY5MjY/YXBpLXZlcnNpb249MjAyMi0wOS0wMQ==",
      "RequestMethod": "PUT",
      "RequestHeaders": {
        "x-ms-client-request-id": [
          "7bd89065-d23c-4c57-b00d-797b2b5c655f"
        ],
        "Accept-Language": [
          "en-US"
        ],
        "User-Agent": [
          "FxVersion/4.700.22.55902",
          "OSName/Windows",
          "OSVersion/Microsoft.Windows.10.0.22000",
          "Microsoft.Azure.Management.NetApp.AzureNetAppFilesManagementClient/0.0.0.0"
        ],
        "Content-Type": [
          "application/json; charset=utf-8"
        ],
        "Content-Length": [
          "516"
        ]
      },
      "RequestBody": "{\r\n  \"properties\": {\r\n    \"hourlySchedule\": {\r\n      \"snapshotsToKeep\": 6,\r\n      \"minute\": 2\r\n    },\r\n    \"dailySchedule\": {\r\n      \"snapshotsToKeep\": 6,\r\n      \"hour\": 1,\r\n      \"minute\": 2\r\n    },\r\n    \"weeklySchedule\": {\r\n      \"snapshotsToKeep\": 6,\r\n      \"day\": \"Sunday,Monday\",\r\n      \"hour\": 1,\r\n      \"minute\": 2\r\n    },\r\n    \"monthlySchedule\": {\r\n      \"snapshotsToKeep\": 6,\r\n      \"daysOfMonth\": \"2,11,21\",\r\n      \"hour\": 1,\r\n      \"minute\": 2\r\n    },\r\n    \"enabled\": true\r\n  },\r\n  \"location\": \"eastus\"\r\n}",
      "ResponseHeaders": {
        "Cache-Control": [
          "no-cache"
        ],
        "Pragma": [
          "no-cache"
        ],
        "ETag": [
          "W/\"datetime'2023-03-15T23%3A54%3A05.9459477Z'\""
        ],
        "x-ms-request-id": [
          "7fe1bdf9-3538-432d-8daf-d116bf12dde8"
        ],
        "Azure-AsyncOperation": [
          "https://management.azure.com/subscriptions/0661b131-4a11-479b-96bf-2f95acca2f73/providers/Microsoft.NetApp/locations/eastus/operationResults/1b9673a8-a156-435f-930a-b1c211cbad26?api-version=2022-09-01"
        ],
        "Strict-Transport-Security": [
          "max-age=31536000; includeSubDomains"
        ],
        "Server": [
          "Microsoft-IIS/10.0"
        ],
        "X-Powered-By": [
          "ASP.NET"
        ],
        "x-ms-ratelimit-remaining-subscription-writes": [
          "1198"
        ],
        "x-ms-correlation-request-id": [
          "952f7b80-51b9-4da7-9bc4-af85d380ec4d"
        ],
        "x-ms-routing-request-id": [
          "SWEDENSOUTH:20230315T235407Z:952f7b80-51b9-4da7-9bc4-af85d380ec4d"
        ],
        "X-Content-Type-Options": [
          "nosniff"
        ],
        "Date": [
          "Wed, 15 Mar 2023 23:54:06 GMT"
        ],
        "Content-Length": [
          "982"
        ],
        "Content-Type": [
          "application/json; charset=utf-8"
        ],
        "Expires": [
          "-1"
        ]
      },
      "ResponseBody": "{\r\n  \"id\": \"/subscriptions/0661b131-4a11-479b-96bf-2f95acca2f73/resourceGroups/ps9791/providers/Microsoft.NetApp/netAppAccounts/ps9262/snapshotPolicies/ps6926\",\r\n  \"name\": \"ps9262/ps6926\",\r\n  \"type\": \"Microsoft.NetApp/netAppAccounts/snapshotPolicies\",\r\n  \"etag\": \"W/\\\"datetime'2023-03-15T23%3A54%3A05.9459477Z'\\\"\",\r\n  \"location\": \"eastus\",\r\n  \"tags\": {\r\n    \"CreatedOnDate\": \"2023-03-15T23:53:57.6157404Z\"\r\n  },\r\n  \"properties\": {\r\n    \"provisioningState\": \"Updating\",\r\n    \"enabled\": true,\r\n    \"hourlySchedule\": {\r\n      \"snapshotsToKeep\": 6,\r\n      \"minute\": 2\r\n    },\r\n    \"dailySchedule\": {\r\n      \"snapshotsToKeep\": 6,\r\n      \"hour\": 1,\r\n      \"minute\": 2\r\n    },\r\n    \"weeklySchedule\": {\r\n      \"snapshotsToKeep\": 6,\r\n      \"day\": \"Sunday,Monday\",\r\n      \"hour\": 1,\r\n      \"minute\": 2\r\n    },\r\n    \"monthlySchedule\": {\r\n      \"snapshotsToKeep\": 6,\r\n      \"daysOfMonth\": \"2,11,21\",\r\n      \"hour\": 1,\r\n      \"minute\": 2\r\n    }\r\n  },\r\n  \"systemData\": {\r\n    \"createdBy\": \"c6c4faba-2b22-44d9-80a4-71ff5b71f811\",\r\n    \"createdByType\": \"Application\",\r\n    \"createdAt\": \"2023-03-15T23:53:59.2170724Z\",\r\n    \"lastModifiedBy\": \"c6c4faba-2b22-44d9-80a4-71ff5b71f811\",\r\n    \"lastModifiedByType\": \"Application\",\r\n    \"lastModifiedAt\": \"2023-03-15T23:53:59.2170724Z\"\r\n  }\r\n}",
      "StatusCode": 200
    },
    {
      "RequestUri": "/subscriptions/0661b131-4a11-479b-96bf-2f95acca2f73/resourceGroups/ps9791/providers/Microsoft.NetApp/netAppAccounts/ps9262/snapshotPolicies/ps6926?api-version=2022-09-01",
      "EncodedRequestUri": "L3N1YnNjcmlwdGlvbnMvMDY2MWIxMzEtNGExMS00NzliLTk2YmYtMmY5NWFjY2EyZjczL3Jlc291cmNlR3JvdXBzL3BzOTc5MS9wcm92aWRlcnMvTWljcm9zb2Z0Lk5ldEFwcC9uZXRBcHBBY2NvdW50cy9wczkyNjIvc25hcHNob3RQb2xpY2llcy9wczY5MjY/YXBpLXZlcnNpb249MjAyMi0wOS0wMQ==",
      "RequestMethod": "PATCH",
      "RequestHeaders": {
        "x-ms-client-request-id": [
          "7cfe0b9e-698c-4f96-be92-9ab1dbc81623"
        ],
        "Accept-Language": [
          "en-US"
        ],
        "User-Agent": [
          "FxVersion/4.700.22.55902",
          "OSName/Windows",
          "OSVersion/Microsoft.Windows.10.0.22000",
          "Microsoft.Azure.Management.NetApp.AzureNetAppFilesManagementClient/0.0.0.0"
        ],
        "Content-Type": [
          "application/json; charset=utf-8"
        ],
        "Content-Length": [
          "133"
        ]
      },
      "RequestBody": "{\r\n  \"location\": \"eastus\",\r\n  \"properties\": {\r\n    \"hourlySchedule\": {\r\n      \"snapshotsToKeep\": 3,\r\n      \"minute\": 1\r\n    }\r\n  }\r\n}",
      "ResponseHeaders": {
        "Cache-Control": [
          "no-cache"
        ],
        "Pragma": [
          "no-cache"
        ],
        "ETag": [
          "W/\"datetime'2023-03-15T23%3A54%3A09.2300523Z'\""
        ],
        "Location": [
          "https://management.azure.com/subscriptions/0661b131-4a11-479b-96bf-2f95acca2f73/providers/Microsoft.NetApp/locations/eastus/operationResults/9d629e7d-9e87-45e7-8cd9-418e98667340?api-version=2022-09-01&operationResultResponseType=Location"
        ],
        "x-ms-request-id": [
          "68c13a9f-f08c-4494-8ab5-27f5374ced54"
        ],
        "Azure-AsyncOperation": [
          "https://management.azure.com/subscriptions/0661b131-4a11-479b-96bf-2f95acca2f73/providers/Microsoft.NetApp/locations/eastus/operationResults/9d629e7d-9e87-45e7-8cd9-418e98667340?api-version=2022-09-01"
        ],
        "Strict-Transport-Security": [
          "max-age=31536000; includeSubDomains"
        ],
        "Server": [
          "Microsoft-IIS/10.0"
        ],
        "X-Powered-By": [
          "ASP.NET"
        ],
        "x-ms-ratelimit-remaining-subscription-writes": [
          "1199"
        ],
        "x-ms-correlation-request-id": [
          "022abbb6-3b8e-4390-815b-aec97535081d"
        ],
        "x-ms-routing-request-id": [
          "FRANCESOUTH:20230315T235409Z:022abbb6-3b8e-4390-815b-aec97535081d"
        ],
        "X-Content-Type-Options": [
          "nosniff"
        ],
        "Date": [
          "Wed, 15 Mar 2023 23:54:08 GMT"
        ],
        "Content-Length": [
          "925"
        ],
        "Content-Type": [
          "application/json; charset=utf-8"
        ],
        "Expires": [
          "-1"
        ]
      },
      "ResponseBody": "{\r\n  \"id\": \"/subscriptions/0661b131-4a11-479b-96bf-2f95acca2f73/resourceGroups/ps9791/providers/Microsoft.NetApp/netAppAccounts/ps9262/snapshotPolicies/ps6926\",\r\n  \"name\": \"ps9262/ps6926\",\r\n  \"type\": \"Microsoft.NetApp/netAppAccounts/snapshotPolicies\",\r\n  \"etag\": \"W/\\\"datetime'2023-03-15T23%3A54%3A09.2300523Z'\\\"\",\r\n  \"location\": \"eastus\",\r\n  \"properties\": {\r\n    \"provisioningState\": \"Patching\",\r\n    \"enabled\": true,\r\n    \"hourlySchedule\": {\r\n      \"snapshotsToKeep\": 6,\r\n      \"minute\": 2\r\n    },\r\n    \"dailySchedule\": {\r\n      \"snapshotsToKeep\": 6,\r\n      \"hour\": 1,\r\n      \"minute\": 2\r\n    },\r\n    \"weeklySchedule\": {\r\n      \"snapshotsToKeep\": 6,\r\n      \"day\": \"Sunday,Monday\",\r\n      \"hour\": 1,\r\n      \"minute\": 2\r\n    },\r\n    \"monthlySchedule\": {\r\n      \"snapshotsToKeep\": 6,\r\n      \"daysOfMonth\": \"2,11,21\",\r\n      \"hour\": 1,\r\n      \"minute\": 2\r\n    }\r\n  },\r\n  \"systemData\": {\r\n    \"createdBy\": \"c6c4faba-2b22-44d9-80a4-71ff5b71f811\",\r\n    \"createdByType\": \"Application\",\r\n    \"createdAt\": \"2023-03-15T23:53:59.2170724Z\",\r\n    \"lastModifiedBy\": \"c6c4faba-2b22-44d9-80a4-71ff5b71f811\",\r\n    \"lastModifiedByType\": \"Application\",\r\n    \"lastModifiedAt\": \"2023-03-15T23:54:05.847485Z\"\r\n  }\r\n}",
      "StatusCode": 202
    },
    {
      "RequestUri": "/subscriptions/0661b131-4a11-479b-96bf-2f95acca2f73/providers/Microsoft.NetApp/locations/eastus/operationResults/9d629e7d-9e87-45e7-8cd9-418e98667340?api-version=2022-09-01",
      "EncodedRequestUri": "L3N1YnNjcmlwdGlvbnMvMDY2MWIxMzEtNGExMS00NzliLTk2YmYtMmY5NWFjY2EyZjczL3Byb3ZpZGVycy9NaWNyb3NvZnQuTmV0QXBwL2xvY2F0aW9ucy9lYXN0dXMvb3BlcmF0aW9uUmVzdWx0cy85ZDYyOWU3ZC05ZTg3LTQ1ZTctOGNkOS00MThlOTg2NjczNDA/YXBpLXZlcnNpb249MjAyMi0wOS0wMQ==",
      "RequestMethod": "GET",
      "RequestHeaders": {
        "x-ms-client-request-id": [
          "7cfe0b9e-698c-4f96-be92-9ab1dbc81623"
        ],
        "User-Agent": [
          "FxVersion/4.700.22.55902",
          "OSName/Windows",
          "OSVersion/Microsoft.Windows.10.0.22000",
          "Microsoft.Azure.Management.NetApp.AzureNetAppFilesManagementClient/0.0.0.0"
        ]
      },
      "RequestBody": "",
      "ResponseHeaders": {
        "Cache-Control": [
          "no-cache"
        ],
        "Pragma": [
          "no-cache"
        ],
        "x-ms-request-id": [
          "3debee95-e687-44a7-833a-525a4c47b474"
        ],
        "Strict-Transport-Security": [
          "max-age=31536000; includeSubDomains"
        ],
        "Server": [
          "Microsoft-IIS/10.0"
        ],
        "X-Powered-By": [
          "ASP.NET"
        ],
        "x-ms-ratelimit-remaining-subscription-reads": [
          "11999"
        ],
        "x-ms-correlation-request-id": [
          "767694a8-f461-4804-bc5a-1b81f770c0ba"
        ],
        "x-ms-routing-request-id": [
          "FRANCESOUTH:20230315T235439Z:767694a8-f461-4804-bc5a-1b81f770c0ba"
        ],
        "X-Content-Type-Options": [
          "nosniff"
        ],
        "Date": [
          "Wed, 15 Mar 2023 23:54:39 GMT"
        ],
        "Content-Length": [
          "529"
        ],
        "Content-Type": [
          "application/json; charset=utf-8"
        ],
        "Expires": [
          "-1"
        ]
      },
      "ResponseBody": "{\r\n  \"id\": \"/subscriptions/0661b131-4a11-479b-96bf-2f95acca2f73/providers/Microsoft.NetApp/locations/eastus/operationResults/9d629e7d-9e87-45e7-8cd9-418e98667340\",\r\n  \"name\": \"9d629e7d-9e87-45e7-8cd9-418e98667340\",\r\n  \"status\": \"Succeeded\",\r\n  \"startTime\": \"2023-03-15T23:54:09.2329817Z\",\r\n  \"endTime\": \"2023-03-15T23:54:09.4077257Z\",\r\n  \"percentComplete\": 100.0,\r\n  \"properties\": {\r\n    \"resourceName\": \"/subscriptions/0661b131-4a11-479b-96bf-2f95acca2f73/resourceGroups/ps9791/providers/Microsoft.NetApp/netAppAccounts/ps9262/snapshotPolicies/ps6926\",\r\n    \"action\": \"PATCH\"\r\n  }\r\n}",
      "StatusCode": 200
    },
    {
      "RequestUri": "/subscriptions/0661b131-4a11-479b-96bf-2f95acca2f73/resourceGroups/ps9791/providers/Microsoft.NetApp/netAppAccounts/ps9262/snapshotPolicies/ps8275?api-version=2022-09-01",
      "EncodedRequestUri": "L3N1YnNjcmlwdGlvbnMvMDY2MWIxMzEtNGExMS00NzliLTk2YmYtMmY5NWFjY2EyZjczL3Jlc291cmNlR3JvdXBzL3BzOTc5MS9wcm92aWRlcnMvTWljcm9zb2Z0Lk5ldEFwcC9uZXRBcHBBY2NvdW50cy9wczkyNjIvc25hcHNob3RQb2xpY2llcy9wczgyNzU/YXBpLXZlcnNpb249MjAyMi0wOS0wMQ==",
      "RequestMethod": "GET",
      "RequestHeaders": {
        "x-ms-client-request-id": [
          "41a17c84-9bb3-448b-9787-3ff924bb290c"
        ],
        "Accept-Language": [
          "en-US"
        ],
        "User-Agent": [
          "FxVersion/4.700.22.55902",
          "OSName/Windows",
          "OSVersion/Microsoft.Windows.10.0.22000",
          "Microsoft.Azure.Management.NetApp.AzureNetAppFilesManagementClient/0.0.0.0"
        ]
      },
      "RequestBody": "",
      "ResponseHeaders": {
        "Cache-Control": [
          "no-cache"
        ],
        "Pragma": [
          "no-cache"
        ],
        "x-ms-failure-cause": [
          "gateway"
        ],
        "x-ms-request-id": [
          "86a7b9a7-5679-40ab-a3f0-e8ef32bdd5f4"
        ],
        "x-ms-correlation-request-id": [
          "86a7b9a7-5679-40ab-a3f0-e8ef32bdd5f4"
        ],
        "x-ms-routing-request-id": [
          "SWEDENSOUTH:20230315T235440Z:86a7b9a7-5679-40ab-a3f0-e8ef32bdd5f4"
        ],
        "Strict-Transport-Security": [
          "max-age=31536000; includeSubDomains"
        ],
        "X-Content-Type-Options": [
          "nosniff"
        ],
        "Date": [
          "Wed, 15 Mar 2023 23:54:39 GMT"
        ],
        "Content-Type": [
          "application/json; charset=utf-8"
        ],
        "Expires": [
          "-1"
        ],
        "Content-Length": [
          "240"
        ]
      },
      "ResponseBody": "{\r\n  \"error\": {\r\n    \"code\": \"ResourceNotFound\",\r\n    \"message\": \"The Resource 'Microsoft.NetApp/netAppAccounts/ps9262/snapshotPolicies/ps8275' under resource group 'ps9791' was not found. For more details please go to https://aka.ms/ARMResourceNotFoundFix\"\r\n  }\r\n}",
      "StatusCode": 404
    },
    {
      "RequestUri": "/subscriptions/0661b131-4a11-479b-96bf-2f95acca2f73/resourceGroups/ps9791/providers/Microsoft.NetApp/netAppAccounts/ps9262/snapshotPolicies/ps8275?api-version=2022-09-01",
      "EncodedRequestUri": "L3N1YnNjcmlwdGlvbnMvMDY2MWIxMzEtNGExMS00NzliLTk2YmYtMmY5NWFjY2EyZjczL3Jlc291cmNlR3JvdXBzL3BzOTc5MS9wcm92aWRlcnMvTWljcm9zb2Z0Lk5ldEFwcC9uZXRBcHBBY2NvdW50cy9wczkyNjIvc25hcHNob3RQb2xpY2llcy9wczgyNzU/YXBpLXZlcnNpb249MjAyMi0wOS0wMQ==",
      "RequestMethod": "PUT",
      "RequestHeaders": {
        "x-ms-client-request-id": [
          "41a17c84-9bb3-448b-9787-3ff924bb290c"
        ],
        "Accept-Language": [
          "en-US"
        ],
        "User-Agent": [
          "FxVersion/4.700.22.55902",
          "OSName/Windows",
          "OSVersion/Microsoft.Windows.10.0.22000",
          "Microsoft.Azure.Management.NetApp.AzureNetAppFilesManagementClient/0.0.0.0"
        ],
        "Content-Type": [
          "application/json; charset=utf-8"
        ],
        "Content-Length": [
          "516"
        ]
      },
      "RequestBody": "{\r\n  \"properties\": {\r\n    \"hourlySchedule\": {\r\n      \"snapshotsToKeep\": 6,\r\n      \"minute\": 2\r\n    },\r\n    \"dailySchedule\": {\r\n      \"snapshotsToKeep\": 6,\r\n      \"hour\": 1,\r\n      \"minute\": 2\r\n    },\r\n    \"weeklySchedule\": {\r\n      \"snapshotsToKeep\": 6,\r\n      \"day\": \"Sunday,Monday\",\r\n      \"hour\": 1,\r\n      \"minute\": 2\r\n    },\r\n    \"monthlySchedule\": {\r\n      \"snapshotsToKeep\": 6,\r\n      \"daysOfMonth\": \"2,11,21\",\r\n      \"hour\": 1,\r\n      \"minute\": 2\r\n    },\r\n    \"enabled\": true\r\n  },\r\n  \"location\": \"eastus\"\r\n}",
      "ResponseHeaders": {
        "Cache-Control": [
          "no-cache"
        ],
        "Pragma": [
          "no-cache"
        ],
        "ETag": [
          "W/\"datetime'2023-03-15T23%3A54%3A43.460458Z'\""
        ],
        "x-ms-request-id": [
          "2e5fd394-895c-4232-bdb7-ae7523932ef4"
        ],
        "Azure-AsyncOperation": [
          "https://management.azure.com/subscriptions/0661b131-4a11-479b-96bf-2f95acca2f73/providers/Microsoft.NetApp/locations/eastus/operationResults/dcf9947d-fa05-4042-9075-e1fa81bcfc66?api-version=2022-09-01"
        ],
        "Strict-Transport-Security": [
          "max-age=31536000; includeSubDomains"
        ],
        "Server": [
          "Microsoft-IIS/10.0"
        ],
        "X-Powered-By": [
          "ASP.NET"
        ],
        "x-ms-ratelimit-remaining-subscription-writes": [
          "1199"
        ],
        "x-ms-correlation-request-id": [
          "a66e7de3-1068-4b2c-a522-f3a6c2de30dd"
        ],
        "x-ms-routing-request-id": [
          "SWEDENSOUTH:20230315T235444Z:a66e7de3-1068-4b2c-a522-f3a6c2de30dd"
        ],
        "X-Content-Type-Options": [
          "nosniff"
        ],
        "Date": [
          "Wed, 15 Mar 2023 23:54:43 GMT"
        ],
        "Content-Length": [
          "981"
        ],
        "Content-Type": [
          "application/json; charset=utf-8"
        ],
        "Expires": [
          "-1"
        ]
      },
      "ResponseBody": "{\r\n  \"id\": \"/subscriptions/0661b131-4a11-479b-96bf-2f95acca2f73/resourceGroups/ps9791/providers/Microsoft.NetApp/netAppAccounts/ps9262/snapshotPolicies/ps8275\",\r\n  \"name\": \"ps9262/ps8275\",\r\n  \"type\": \"Microsoft.NetApp/netAppAccounts/snapshotPolicies\",\r\n  \"etag\": \"W/\\\"datetime'2023-03-15T23%3A54%3A43.460458Z'\\\"\",\r\n  \"location\": \"eastus\",\r\n  \"tags\": {\r\n    \"CreatedOnDate\": \"2023-03-15T23:54:40.8524621Z\"\r\n  },\r\n  \"properties\": {\r\n    \"enabled\": true,\r\n    \"hourlySchedule\": {\r\n      \"snapshotsToKeep\": 6,\r\n      \"minute\": 2\r\n    },\r\n    \"dailySchedule\": {\r\n      \"snapshotsToKeep\": 6,\r\n      \"hour\": 1,\r\n      \"minute\": 2\r\n    },\r\n    \"weeklySchedule\": {\r\n      \"snapshotsToKeep\": 6,\r\n      \"day\": \"Sunday,Monday\",\r\n      \"hour\": 1,\r\n      \"minute\": 2\r\n    },\r\n    \"monthlySchedule\": {\r\n      \"snapshotsToKeep\": 6,\r\n      \"daysOfMonth\": \"2,11,21\",\r\n      \"hour\": 1,\r\n      \"minute\": 2\r\n    },\r\n    \"provisioningState\": \"Creating\"\r\n  },\r\n  \"systemData\": {\r\n    \"createdBy\": \"c6c4faba-2b22-44d9-80a4-71ff5b71f811\",\r\n    \"createdByType\": \"Application\",\r\n    \"createdAt\": \"2023-03-15T23:54:42.8005828Z\",\r\n    \"lastModifiedBy\": \"c6c4faba-2b22-44d9-80a4-71ff5b71f811\",\r\n    \"lastModifiedByType\": \"Application\",\r\n    \"lastModifiedAt\": \"2023-03-15T23:54:42.8005828Z\"\r\n  }\r\n}",
      "StatusCode": 201
    },
    {
      "RequestUri": "/subscriptions/0661b131-4a11-479b-96bf-2f95acca2f73/resourceGroups/ps9791/providers/Microsoft.NetApp/netAppAccounts/ps9262/snapshotPolicies?api-version=2022-09-01",
      "EncodedRequestUri": "L3N1YnNjcmlwdGlvbnMvMDY2MWIxMzEtNGExMS00NzliLTk2YmYtMmY5NWFjY2EyZjczL3Jlc291cmNlR3JvdXBzL3BzOTc5MS9wcm92aWRlcnMvTWljcm9zb2Z0Lk5ldEFwcC9uZXRBcHBBY2NvdW50cy9wczkyNjIvc25hcHNob3RQb2xpY2llcz9hcGktdmVyc2lvbj0yMDIyLTA5LTAx",
      "RequestMethod": "GET",
      "RequestHeaders": {
        "x-ms-client-request-id": [
          "73bb8e2b-d79e-4b71-96c5-7f86f1d6acb7"
        ],
        "Accept-Language": [
          "en-US"
        ],
        "User-Agent": [
          "FxVersion/4.700.22.55902",
          "OSName/Windows",
          "OSVersion/Microsoft.Windows.10.0.22000",
          "Microsoft.Azure.Management.NetApp.AzureNetAppFilesManagementClient/0.0.0.0"
        ]
      },
      "RequestBody": "",
      "ResponseHeaders": {
        "Cache-Control": [
          "no-cache"
        ],
        "Pragma": [
          "no-cache"
        ],
        "x-ms-request-id": [
          "74c8e618-e3a1-4c1e-90a3-ace9c27e0723"
        ],
        "Strict-Transport-Security": [
          "max-age=31536000; includeSubDomains"
        ],
        "Server": [
          "Microsoft-IIS/10.0"
        ],
        "X-Powered-By": [
          "ASP.NET"
        ],
        "x-ms-ratelimit-remaining-subscription-reads": [
          "11987"
        ],
        "x-ms-correlation-request-id": [
          "83b040f6-9dbe-4338-b494-4bb9defca783"
        ],
        "x-ms-routing-request-id": [
          "SWEDENSOUTH:20230315T235445Z:83b040f6-9dbe-4338-b494-4bb9defca783"
        ],
        "X-Content-Type-Options": [
          "nosniff"
        ],
        "Date": [
          "Wed, 15 Mar 2023 23:54:45 GMT"
        ],
        "Content-Length": [
          "1923"
        ],
        "Content-Type": [
          "application/json; charset=utf-8"
        ],
        "Expires": [
          "-1"
        ]
      },
      "ResponseBody": "{\r\n  \"value\": [\r\n    {\r\n      \"id\": \"/subscriptions/0661b131-4a11-479b-96bf-2f95acca2f73/resourceGroups/ps9791/providers/Microsoft.NetApp/netAppAccounts/ps9262/snapshotPolicies/ps6926\",\r\n      \"name\": \"ps9262/ps6926\",\r\n      \"type\": \"Microsoft.NetApp/netAppAccounts/snapshotPolicies\",\r\n      \"etag\": \"W/\\\"datetime'2023-03-15T23%3A54%3A09.3979553Z'\\\"\",\r\n      \"location\": \"eastus\",\r\n      \"properties\": {\r\n        \"provisioningState\": \"Succeeded\",\r\n        \"enabled\": true,\r\n        \"hourlySchedule\": {\r\n          \"snapshotsToKeep\": 3,\r\n          \"minute\": 1\r\n        },\r\n        \"dailySchedule\": {\r\n          \"snapshotsToKeep\": 6,\r\n          \"hour\": 1,\r\n          \"minute\": 2\r\n        },\r\n        \"weeklySchedule\": {\r\n          \"snapshotsToKeep\": 6,\r\n          \"day\": \"Sunday,Monday\",\r\n          \"hour\": 1,\r\n          \"minute\": 2\r\n        },\r\n        \"monthlySchedule\": {\r\n          \"snapshotsToKeep\": 6,\r\n          \"daysOfMonth\": \"2,11,21\",\r\n          \"hour\": 1,\r\n          \"minute\": 2\r\n        }\r\n      },\r\n      \"systemData\": {\r\n        \"createdBy\": \"c6c4faba-2b22-44d9-80a4-71ff5b71f811\",\r\n        \"createdByType\": \"Application\",\r\n        \"createdAt\": \"2023-03-15T23:53:59.2170724Z\",\r\n        \"lastModifiedBy\": \"c6c4faba-2b22-44d9-80a4-71ff5b71f811\",\r\n        \"lastModifiedByType\": \"Application\",\r\n        \"lastModifiedAt\": \"2023-03-15T23:54:08.6703665Z\"\r\n      }\r\n    },\r\n    {\r\n      \"id\": \"/subscriptions/0661b131-4a11-479b-96bf-2f95acca2f73/resourceGroups/ps9791/providers/Microsoft.NetApp/netAppAccounts/ps9262/snapshotPolicies/ps8275\",\r\n      \"name\": \"ps9262/ps8275\",\r\n      \"type\": \"Microsoft.NetApp/netAppAccounts/snapshotPolicies\",\r\n      \"etag\": \"W/\\\"datetime'2023-03-15T23%3A54%3A43.5222635Z'\\\"\",\r\n      \"location\": \"eastus\",\r\n      \"tags\": {\r\n        \"CreatedOnDate\": \"2023-03-15T23:54:40.8524621Z\"\r\n      },\r\n      \"properties\": {\r\n        \"enabled\": true,\r\n        \"hourlySchedule\": {\r\n          \"snapshotsToKeep\": 6,\r\n          \"minute\": 2\r\n        },\r\n        \"dailySchedule\": {\r\n          \"snapshotsToKeep\": 6,\r\n          \"hour\": 1,\r\n          \"minute\": 2\r\n        },\r\n        \"weeklySchedule\": {\r\n          \"snapshotsToKeep\": 6,\r\n          \"day\": \"Sunday,Monday\",\r\n          \"hour\": 1,\r\n          \"minute\": 2\r\n        },\r\n        \"monthlySchedule\": {\r\n          \"snapshotsToKeep\": 6,\r\n          \"daysOfMonth\": \"2,11,21\",\r\n          \"hour\": 1,\r\n          \"minute\": 2\r\n        },\r\n        \"provisioningState\": \"Succeeded\"\r\n      },\r\n      \"systemData\": {\r\n        \"createdBy\": \"c6c4faba-2b22-44d9-80a4-71ff5b71f811\",\r\n        \"createdByType\": \"Application\",\r\n        \"createdAt\": \"2023-03-15T23:54:42.8005828Z\",\r\n        \"lastModifiedBy\": \"c6c4faba-2b22-44d9-80a4-71ff5b71f811\",\r\n        \"lastModifiedByType\": \"Application\",\r\n        \"lastModifiedAt\": \"2023-03-15T23:54:42.8005828Z\"\r\n      }\r\n    }\r\n  ]\r\n}",
      "StatusCode": 200
    },
    {
      "RequestUri": "/subscriptions/0661b131-4a11-479b-96bf-2f95acca2f73/resourceGroups/ps9791/providers/Microsoft.NetApp/netAppAccounts/ps9262/snapshotPolicies?api-version=2022-09-01",
      "EncodedRequestUri": "L3N1YnNjcmlwdGlvbnMvMDY2MWIxMzEtNGExMS00NzliLTk2YmYtMmY5NWFjY2EyZjczL3Jlc291cmNlR3JvdXBzL3BzOTc5MS9wcm92aWRlcnMvTWljcm9zb2Z0Lk5ldEFwcC9uZXRBcHBBY2NvdW50cy9wczkyNjIvc25hcHNob3RQb2xpY2llcz9hcGktdmVyc2lvbj0yMDIyLTA5LTAx",
      "RequestMethod": "GET",
      "RequestHeaders": {
        "x-ms-client-request-id": [
          "748213d3-fc2d-4132-b9cb-941a42e6aef7"
        ],
        "Accept-Language": [
          "en-US"
        ],
        "User-Agent": [
          "FxVersion/4.700.22.55902",
          "OSName/Windows",
          "OSVersion/Microsoft.Windows.10.0.22000",
          "Microsoft.Azure.Management.NetApp.AzureNetAppFilesManagementClient/0.0.0.0"
        ]
      },
      "RequestBody": "",
      "ResponseHeaders": {
        "Cache-Control": [
          "no-cache"
        ],
        "Pragma": [
          "no-cache"
        ],
        "x-ms-request-id": [
          "b0dbf350-9a67-42e1-973d-a1f61f8fe665"
        ],
        "Strict-Transport-Security": [
          "max-age=31536000; includeSubDomains"
        ],
        "Server": [
          "Microsoft-IIS/10.0"
        ],
        "X-Powered-By": [
          "ASP.NET"
        ],
        "x-ms-ratelimit-remaining-subscription-reads": [
          "11998"
        ],
        "x-ms-correlation-request-id": [
          "551eb4d8-5a69-4135-bdd4-cd751135b251"
        ],
        "x-ms-routing-request-id": [
          "FRANCESOUTH:20230315T235520Z:551eb4d8-5a69-4135-bdd4-cd751135b251"
        ],
        "X-Content-Type-Options": [
          "nosniff"
        ],
        "Date": [
          "Wed, 15 Mar 2023 23:55:19 GMT"
        ],
        "Content-Length": [
          "995"
        ],
        "Content-Type": [
          "application/json; charset=utf-8"
        ],
        "Expires": [
          "-1"
        ]
      },
      "ResponseBody": "{\r\n  \"value\": [\r\n    {\r\n      \"id\": \"/subscriptions/0661b131-4a11-479b-96bf-2f95acca2f73/resourceGroups/ps9791/providers/Microsoft.NetApp/netAppAccounts/ps9262/snapshotPolicies/ps8275\",\r\n      \"name\": \"ps9262/ps8275\",\r\n      \"type\": \"Microsoft.NetApp/netAppAccounts/snapshotPolicies\",\r\n      \"etag\": \"W/\\\"datetime'2023-03-15T23%3A54%3A43.5222635Z'\\\"\",\r\n      \"location\": \"eastus\",\r\n      \"tags\": {\r\n        \"CreatedOnDate\": \"2023-03-15T23:54:40.8524621Z\"\r\n      },\r\n      \"properties\": {\r\n        \"enabled\": true,\r\n        \"hourlySchedule\": {\r\n          \"snapshotsToKeep\": 6,\r\n          \"minute\": 2\r\n        },\r\n        \"dailySchedule\": {\r\n          \"snapshotsToKeep\": 6,\r\n          \"hour\": 1,\r\n          \"minute\": 2\r\n        },\r\n        \"weeklySchedule\": {\r\n          \"snapshotsToKeep\": 6,\r\n          \"day\": \"Sunday,Monday\",\r\n          \"hour\": 1,\r\n          \"minute\": 2\r\n        },\r\n        \"monthlySchedule\": {\r\n          \"snapshotsToKeep\": 6,\r\n          \"daysOfMonth\": \"2,11,21\",\r\n          \"hour\": 1,\r\n          \"minute\": 2\r\n        },\r\n        \"provisioningState\": \"Succeeded\"\r\n      },\r\n      \"systemData\": {\r\n        \"createdBy\": \"c6c4faba-2b22-44d9-80a4-71ff5b71f811\",\r\n        \"createdByType\": \"Application\",\r\n        \"createdAt\": \"2023-03-15T23:54:42.8005828Z\",\r\n        \"lastModifiedBy\": \"c6c4faba-2b22-44d9-80a4-71ff5b71f811\",\r\n        \"lastModifiedByType\": \"Application\",\r\n        \"lastModifiedAt\": \"2023-03-15T23:54:42.8005828Z\"\r\n      }\r\n    }\r\n  ]\r\n}",
      "StatusCode": 200
    },
    {
      "RequestUri": "/subscriptions/0661b131-4a11-479b-96bf-2f95acca2f73/resourceGroups/ps9791/providers/Microsoft.NetApp/netAppAccounts/ps9262/snapshotPolicies?api-version=2022-09-01",
      "EncodedRequestUri": "L3N1YnNjcmlwdGlvbnMvMDY2MWIxMzEtNGExMS00NzliLTk2YmYtMmY5NWFjY2EyZjczL3Jlc291cmNlR3JvdXBzL3BzOTc5MS9wcm92aWRlcnMvTWljcm9zb2Z0Lk5ldEFwcC9uZXRBcHBBY2NvdW50cy9wczkyNjIvc25hcHNob3RQb2xpY2llcz9hcGktdmVyc2lvbj0yMDIyLTA5LTAx",
      "RequestMethod": "GET",
      "RequestHeaders": {
        "x-ms-client-request-id": [
          "e00702cc-28e1-4742-a6e3-4c241ab660f4"
        ],
        "Accept-Language": [
          "en-US"
        ],
        "User-Agent": [
          "FxVersion/4.700.22.55902",
          "OSName/Windows",
          "OSVersion/Microsoft.Windows.10.0.22000",
          "Microsoft.Azure.Management.NetApp.AzureNetAppFilesManagementClient/0.0.0.0"
        ]
      },
      "RequestBody": "",
      "ResponseHeaders": {
        "Cache-Control": [
          "no-cache"
        ],
        "Pragma": [
          "no-cache"
        ],
        "x-ms-request-id": [
          "412e3a96-11d0-4b06-8b06-29093946a6dc"
        ],
        "Strict-Transport-Security": [
          "max-age=31536000; includeSubDomains"
        ],
        "Server": [
          "Microsoft-IIS/10.0"
        ],
        "X-Powered-By": [
          "ASP.NET"
        ],
        "x-ms-ratelimit-remaining-subscription-reads": [
          "11999"
        ],
        "x-ms-correlation-request-id": [
          "53695f55-6100-4e02-8a28-a39b0d430c90"
        ],
        "x-ms-routing-request-id": [
          "FRANCESOUTH:20230315T235522Z:53695f55-6100-4e02-8a28-a39b0d430c90"
        ],
        "X-Content-Type-Options": [
          "nosniff"
        ],
        "Date": [
          "Wed, 15 Mar 2023 23:55:21 GMT"
        ],
        "Content-Length": [
          "995"
        ],
        "Content-Type": [
          "application/json; charset=utf-8"
        ],
        "Expires": [
          "-1"
        ]
      },
      "ResponseBody": "{\r\n  \"value\": [\r\n    {\r\n      \"id\": \"/subscriptions/0661b131-4a11-479b-96bf-2f95acca2f73/resourceGroups/ps9791/providers/Microsoft.NetApp/netAppAccounts/ps9262/snapshotPolicies/ps8275\",\r\n      \"name\": \"ps9262/ps8275\",\r\n      \"type\": \"Microsoft.NetApp/netAppAccounts/snapshotPolicies\",\r\n      \"etag\": \"W/\\\"datetime'2023-03-15T23%3A54%3A43.5222635Z'\\\"\",\r\n      \"location\": \"eastus\",\r\n      \"tags\": {\r\n        \"CreatedOnDate\": \"2023-03-15T23:54:40.8524621Z\"\r\n      },\r\n      \"properties\": {\r\n        \"enabled\": true,\r\n        \"hourlySchedule\": {\r\n          \"snapshotsToKeep\": 6,\r\n          \"minute\": 2\r\n        },\r\n        \"dailySchedule\": {\r\n          \"snapshotsToKeep\": 6,\r\n          \"hour\": 1,\r\n          \"minute\": 2\r\n        },\r\n        \"weeklySchedule\": {\r\n          \"snapshotsToKeep\": 6,\r\n          \"day\": \"Sunday,Monday\",\r\n          \"hour\": 1,\r\n          \"minute\": 2\r\n        },\r\n        \"monthlySchedule\": {\r\n          \"snapshotsToKeep\": 6,\r\n          \"daysOfMonth\": \"2,11,21\",\r\n          \"hour\": 1,\r\n          \"minute\": 2\r\n        },\r\n        \"provisioningState\": \"Succeeded\"\r\n      },\r\n      \"systemData\": {\r\n        \"createdBy\": \"c6c4faba-2b22-44d9-80a4-71ff5b71f811\",\r\n        \"createdByType\": \"Application\",\r\n        \"createdAt\": \"2023-03-15T23:54:42.8005828Z\",\r\n        \"lastModifiedBy\": \"c6c4faba-2b22-44d9-80a4-71ff5b71f811\",\r\n        \"lastModifiedByType\": \"Application\",\r\n        \"lastModifiedAt\": \"2023-03-15T23:54:42.8005828Z\"\r\n      }\r\n    }\r\n  ]\r\n}",
      "StatusCode": 200
    },
    {
      "RequestUri": "/subscriptions/0661b131-4a11-479b-96bf-2f95acca2f73/resourceGroups/ps9791/providers/Microsoft.NetApp/netAppAccounts/ps9262/snapshotPolicies/ps6926?api-version=2022-09-01",
      "EncodedRequestUri": "L3N1YnNjcmlwdGlvbnMvMDY2MWIxMzEtNGExMS00NzliLTk2YmYtMmY5NWFjY2EyZjczL3Jlc291cmNlR3JvdXBzL3BzOTc5MS9wcm92aWRlcnMvTWljcm9zb2Z0Lk5ldEFwcC9uZXRBcHBBY2NvdW50cy9wczkyNjIvc25hcHNob3RQb2xpY2llcy9wczY5MjY/YXBpLXZlcnNpb249MjAyMi0wOS0wMQ==",
      "RequestMethod": "DELETE",
      "RequestHeaders": {
        "x-ms-client-request-id": [
          "40a49f44-81b5-4803-80e4-f417906d1b94"
        ],
        "Accept-Language": [
          "en-US"
        ],
        "User-Agent": [
          "FxVersion/4.700.22.55902",
          "OSName/Windows",
          "OSVersion/Microsoft.Windows.10.0.22000",
          "Microsoft.Azure.Management.NetApp.AzureNetAppFilesManagementClient/0.0.0.0"
        ]
      },
      "RequestBody": "",
      "ResponseHeaders": {
        "Cache-Control": [
          "no-cache"
        ],
        "Pragma": [
          "no-cache"
        ],
        "Location": [
          "https://management.azure.com/subscriptions/0661b131-4a11-479b-96bf-2f95acca2f73/providers/Microsoft.NetApp/locations/eastus/operationResults/fb2f50f5-5d68-43d2-9556-963579bfed96?api-version=2022-09-01&operationResultResponseType=Location"
        ],
        "Azure-AsyncOperation": [
          "https://management.azure.com/subscriptions/0661b131-4a11-479b-96bf-2f95acca2f73/providers/Microsoft.NetApp/locations/eastus/operationResults/fb2f50f5-5d68-43d2-9556-963579bfed96?api-version=2022-09-01"
        ],
        "Strict-Transport-Security": [
          "max-age=31536000; includeSubDomains"
        ],
        "Server": [
          "Microsoft-IIS/10.0"
        ],
        "X-Powered-By": [
          "ASP.NET"
        ],
        "x-ms-ratelimit-remaining-subscription-deletes": [
          "14999"
        ],
        "x-ms-request-id": [
          "19bf2aeb-1c7f-46bc-bc26-3128afef9e04"
        ],
        "x-ms-correlation-request-id": [
          "19bf2aeb-1c7f-46bc-bc26-3128afef9e04"
        ],
        "x-ms-routing-request-id": [
          "SWEDENSOUTH:20230315T235448Z:19bf2aeb-1c7f-46bc-bc26-3128afef9e04"
        ],
        "X-Content-Type-Options": [
          "nosniff"
        ],
        "Date": [
          "Wed, 15 Mar 2023 23:54:48 GMT"
        ],
        "Expires": [
          "-1"
        ],
        "Content-Length": [
          "0"
        ]
      },
      "ResponseBody": "",
      "StatusCode": 202
    },
    {
      "RequestUri": "/subscriptions/0661b131-4a11-479b-96bf-2f95acca2f73/resourceGroups/ps9791/providers/Microsoft.NetApp/netAppAccounts/ps9262/snapshotPolicies/ps6926?api-version=2022-09-01",
      "EncodedRequestUri": "L3N1YnNjcmlwdGlvbnMvMDY2MWIxMzEtNGExMS00NzliLTk2YmYtMmY5NWFjY2EyZjczL3Jlc291cmNlR3JvdXBzL3BzOTc5MS9wcm92aWRlcnMvTWljcm9zb2Z0Lk5ldEFwcC9uZXRBcHBBY2NvdW50cy9wczkyNjIvc25hcHNob3RQb2xpY2llcy9wczY5MjY/YXBpLXZlcnNpb249MjAyMi0wOS0wMQ==",
      "RequestMethod": "DELETE",
      "RequestHeaders": {
        "x-ms-client-request-id": [
          "71661f83-6a4c-443b-8e89-2443c97c1e87"
        ],
        "Accept-Language": [
          "en-US"
        ],
        "User-Agent": [
          "FxVersion/4.700.22.55902",
          "OSName/Windows",
          "OSVersion/Microsoft.Windows.10.0.22000",
          "Microsoft.Azure.Management.NetApp.AzureNetAppFilesManagementClient/0.0.0.0"
        ]
      },
      "RequestBody": "",
      "ResponseHeaders": {
        "Cache-Control": [
          "no-cache"
        ],
        "Pragma": [
          "no-cache"
        ],
        "x-ms-ratelimit-remaining-subscription-deletes": [
          "14998"
        ],
        "x-ms-request-id": [
          "bca00e39-8ae0-457a-beab-d295c163db90"
        ],
        "x-ms-correlation-request-id": [
          "bca00e39-8ae0-457a-beab-d295c163db90"
        ],
        "x-ms-routing-request-id": [
          "FRANCESOUTH:20230315T235520Z:bca00e39-8ae0-457a-beab-d295c163db90"
        ],
        "Strict-Transport-Security": [
          "max-age=31536000; includeSubDomains"
        ],
        "X-Content-Type-Options": [
          "nosniff"
        ],
        "Date": [
          "Wed, 15 Mar 2023 23:55:20 GMT"
        ],
        "Expires": [
          "-1"
        ]
      },
      "ResponseBody": "",
      "StatusCode": 204
    },
    {
      "RequestUri": "/subscriptions/0661b131-4a11-479b-96bf-2f95acca2f73/providers/Microsoft.NetApp/locations/eastus/operationResults/fb2f50f5-5d68-43d2-9556-963579bfed96?api-version=2022-09-01",
      "EncodedRequestUri": "L3N1YnNjcmlwdGlvbnMvMDY2MWIxMzEtNGExMS00NzliLTk2YmYtMmY5NWFjY2EyZjczL3Byb3ZpZGVycy9NaWNyb3NvZnQuTmV0QXBwL2xvY2F0aW9ucy9lYXN0dXMvb3BlcmF0aW9uUmVzdWx0cy9mYjJmNTBmNS01ZDY4LTQzZDItOTU1Ni05NjM1NzliZmVkOTY/YXBpLXZlcnNpb249MjAyMi0wOS0wMQ==",
      "RequestMethod": "GET",
      "RequestHeaders": {
        "x-ms-client-request-id": [
          "40a49f44-81b5-4803-80e4-f417906d1b94"
        ],
        "User-Agent": [
          "FxVersion/4.700.22.55902",
          "OSName/Windows",
          "OSVersion/Microsoft.Windows.10.0.22000",
          "Microsoft.Azure.Management.NetApp.AzureNetAppFilesManagementClient/0.0.0.0"
        ]
      },
      "RequestBody": "",
      "ResponseHeaders": {
        "Cache-Control": [
          "no-cache"
        ],
        "Pragma": [
          "no-cache"
        ],
        "x-ms-request-id": [
          "935532c2-14d7-41e5-be08-934f43dbac65"
        ],
        "Strict-Transport-Security": [
          "max-age=31536000; includeSubDomains"
        ],
        "Server": [
          "Microsoft-IIS/10.0"
        ],
        "X-Powered-By": [
          "ASP.NET"
        ],
        "x-ms-ratelimit-remaining-subscription-reads": [
          "11995"
        ],
        "x-ms-correlation-request-id": [
          "c022323b-1936-4778-9b16-861fe346a898"
        ],
        "x-ms-routing-request-id": [
          "SWEDENSOUTH:20230315T235518Z:c022323b-1936-4778-9b16-861fe346a898"
        ],
        "X-Content-Type-Options": [
          "nosniff"
        ],
        "Date": [
          "Wed, 15 Mar 2023 23:55:18 GMT"
        ],
        "Content-Length": [
          "528"
        ],
        "Content-Type": [
          "application/json; charset=utf-8"
        ],
        "Expires": [
          "-1"
        ]
      },
      "ResponseBody": "{\r\n  \"id\": \"/subscriptions/0661b131-4a11-479b-96bf-2f95acca2f73/providers/Microsoft.NetApp/locations/eastus/operationResults/fb2f50f5-5d68-43d2-9556-963579bfed96\",\r\n  \"name\": \"fb2f50f5-5d68-43d2-9556-963579bfed96\",\r\n  \"status\": \"Succeeded\",\r\n  \"startTime\": \"2023-03-15T23:54:48.6938231Z\",\r\n  \"endTime\": \"2023-03-15T23:54:48.71216Z\",\r\n  \"percentComplete\": 100.0,\r\n  \"properties\": {\r\n    \"resourceName\": \"/subscriptions/0661b131-4a11-479b-96bf-2f95acca2f73/resourceGroups/ps9791/providers/Microsoft.NetApp/netAppAccounts/ps9262/snapshotPolicies/ps6926\",\r\n    \"action\": \"DELETE\"\r\n  }\r\n}",
      "StatusCode": 200
    },
    {
      "RequestUri": "/subscriptions/0661b131-4a11-479b-96bf-2f95acca2f73/providers/Microsoft.NetApp/locations/eastus/operationResults/fb2f50f5-5d68-43d2-9556-963579bfed96?api-version=2022-09-01&operationResultResponseType=Location",
      "EncodedRequestUri": "L3N1YnNjcmlwdGlvbnMvMDY2MWIxMzEtNGExMS00NzliLTk2YmYtMmY5NWFjY2EyZjczL3Byb3ZpZGVycy9NaWNyb3NvZnQuTmV0QXBwL2xvY2F0aW9ucy9lYXN0dXMvb3BlcmF0aW9uUmVzdWx0cy9mYjJmNTBmNS01ZDY4LTQzZDItOTU1Ni05NjM1NzliZmVkOTY/YXBpLXZlcnNpb249MjAyMi0wOS0wMSZvcGVyYXRpb25SZXN1bHRSZXNwb25zZVR5cGU9TG9jYXRpb24=",
      "RequestMethod": "GET",
      "RequestHeaders": {
        "x-ms-client-request-id": [
          "40a49f44-81b5-4803-80e4-f417906d1b94"
        ],
        "User-Agent": [
          "FxVersion/4.700.22.55902",
          "OSName/Windows",
          "OSVersion/Microsoft.Windows.10.0.22000",
          "Microsoft.Azure.Management.NetApp.AzureNetAppFilesManagementClient/0.0.0.0"
        ]
      },
      "RequestBody": "",
      "ResponseHeaders": {
        "Cache-Control": [
          "no-cache"
        ],
        "Pragma": [
          "no-cache"
        ],
        "x-ms-request-id": [
          "7886a58d-95a3-4dc2-9668-b419e2c00e92"
        ],
        "Strict-Transport-Security": [
          "max-age=31536000; includeSubDomains"
        ],
        "Server": [
          "Microsoft-IIS/10.0"
        ],
        "X-Powered-By": [
          "ASP.NET"
        ],
        "x-ms-ratelimit-remaining-subscription-reads": [
          "11994"
        ],
        "x-ms-correlation-request-id": [
          "6f7cad3c-6982-4e77-9452-8fccd4b54cad"
        ],
        "x-ms-routing-request-id": [
          "SWEDENSOUTH:20230315T235519Z:6f7cad3c-6982-4e77-9452-8fccd4b54cad"
        ],
        "X-Content-Type-Options": [
          "nosniff"
        ],
        "Date": [
          "Wed, 15 Mar 2023 23:55:18 GMT"
        ],
        "Content-Length": [
          "926"
        ],
        "Content-Type": [
          "application/json; charset=utf-8"
        ],
        "Expires": [
          "-1"
        ]
      },
      "ResponseBody": "{\r\n  \"id\": \"/subscriptions/0661b131-4a11-479b-96bf-2f95acca2f73/resourceGroups/ps9791/providers/Microsoft.NetApp/netAppAccounts/ps9262/snapshotPolicies/ps6926\",\r\n  \"name\": \"ps9262/ps6926\",\r\n  \"type\": \"Microsoft.NetApp/netAppAccounts/snapshotPolicies\",\r\n  \"etag\": \"W/\\\"datetime'2023-03-15T23%3A54%3A48.6722926Z'\\\"\",\r\n  \"location\": \"eastus\",\r\n  \"properties\": {\r\n    \"enabled\": true,\r\n    \"hourlySchedule\": {\r\n      \"snapshotsToKeep\": 3,\r\n      \"minute\": 1\r\n    },\r\n    \"dailySchedule\": {\r\n      \"snapshotsToKeep\": 6,\r\n      \"hour\": 1,\r\n      \"minute\": 2\r\n    },\r\n    \"weeklySchedule\": {\r\n      \"snapshotsToKeep\": 6,\r\n      \"day\": \"Sunday,Monday\",\r\n      \"hour\": 1,\r\n      \"minute\": 2\r\n    },\r\n    \"monthlySchedule\": {\r\n      \"snapshotsToKeep\": 6,\r\n      \"daysOfMonth\": \"2,11,21\",\r\n      \"hour\": 1,\r\n      \"minute\": 2\r\n    },\r\n    \"provisioningState\": \"Deleting\"\r\n  },\r\n  \"systemData\": {\r\n    \"createdBy\": \"c6c4faba-2b22-44d9-80a4-71ff5b71f811\",\r\n    \"createdByType\": \"Application\",\r\n    \"createdAt\": \"2023-03-15T23:53:59.2170724Z\",\r\n    \"lastModifiedBy\": \"c6c4faba-2b22-44d9-80a4-71ff5b71f811\",\r\n    \"lastModifiedByType\": \"Application\",\r\n    \"lastModifiedAt\": \"2023-03-15T23:54:08.6703665Z\"\r\n  }\r\n}",
      "StatusCode": 200
    },
    {
      "RequestUri": "/subscriptions/0661b131-4a11-479b-96bf-2f95acca2f73/resourcegroups/ps9791?api-version=2016-09-01",
      "EncodedRequestUri": "L3N1YnNjcmlwdGlvbnMvMDY2MWIxMzEtNGExMS00NzliLTk2YmYtMmY5NWFjY2EyZjczL3Jlc291cmNlZ3JvdXBzL3BzOTc5MT9hcGktdmVyc2lvbj0yMDE2LTA5LTAx",
      "RequestMethod": "DELETE",
      "RequestHeaders": {
        "x-ms-client-request-id": [
          "c24b3f5b-a36a-41a5-aae6-824df18dc203"
        ],
        "Accept-Language": [
          "en-US"
        ],
        "User-Agent": [
          "FxVersion/4.700.22.55902",
          "OSName/Windows",
          "OSVersion/Microsoft.Windows.10.0.22000",
          "Microsoft.Azure.Management.Internal.Resources.ResourceManagementClient/1.3.71"
        ]
      },
      "RequestBody": "",
      "ResponseHeaders": {
        "Cache-Control": [
          "no-cache"
        ],
        "Pragma": [
          "no-cache"
        ],
        "Location": [
          "https://management.azure.com/subscriptions/0661b131-4a11-479b-96bf-2f95acca2f73/operationresults/eyJqb2JJZCI6IlJFU09VUkNFR1JPVVBERUxFVElPTkpPQi1QUzk3OTEtRUFTVFVTIiwiam9iTG9jYXRpb24iOiJlYXN0dXMifQ?api-version=2016-09-01"
        ],
        "Retry-After": [
          "15"
        ],
        "x-ms-ratelimit-remaining-subscription-deletes": [
          "14999"
        ],
        "x-ms-request-id": [
          "15187a2b-d247-4553-90e5-c440c2af1017"
        ],
        "x-ms-correlation-request-id": [
          "15187a2b-d247-4553-90e5-c440c2af1017"
        ],
        "x-ms-routing-request-id": [
          "FRANCESOUTH:20230315T235525Z:15187a2b-d247-4553-90e5-c440c2af1017"
        ],
        "Strict-Transport-Security": [
          "max-age=31536000; includeSubDomains"
        ],
        "X-Content-Type-Options": [
          "nosniff"
        ],
        "Date": [
          "Wed, 15 Mar 2023 23:55:24 GMT"
        ],
        "Expires": [
          "-1"
        ],
        "Content-Length": [
          "0"
        ]
      },
      "ResponseBody": "",
      "StatusCode": 202
    },
    {
      "RequestUri": "/subscriptions/0661b131-4a11-479b-96bf-2f95acca2f73/operationresults/eyJqb2JJZCI6IlJFU09VUkNFR1JPVVBERUxFVElPTkpPQi1QUzk3OTEtRUFTVFVTIiwiam9iTG9jYXRpb24iOiJlYXN0dXMifQ?api-version=2016-09-01",
      "EncodedRequestUri": "L3N1YnNjcmlwdGlvbnMvMDY2MWIxMzEtNGExMS00NzliLTk2YmYtMmY5NWFjY2EyZjczL29wZXJhdGlvbnJlc3VsdHMvZXlKcWIySkpaQ0k2SWxKRlUwOVZVa05GUjFKUFZWQkVSVXhGVkVsUFRrcFBRaTFRVXprM09URXRSVUZUVkZWVElpd2lhbTlpVEc5allYUnBiMjRpT2lKbFlYTjBkWE1pZlE/YXBpLXZlcnNpb249MjAxNi0wOS0wMQ==",
      "RequestMethod": "GET",
      "RequestHeaders": {
        "User-Agent": [
          "FxVersion/4.700.22.55902",
          "OSName/Windows",
          "OSVersion/Microsoft.Windows.10.0.22000",
          "Microsoft.Azure.Management.Internal.Resources.ResourceManagementClient/1.3.71"
        ]
      },
      "RequestBody": "",
      "ResponseHeaders": {
        "Cache-Control": [
          "no-cache"
        ],
        "Pragma": [
          "no-cache"
        ],
        "Location": [
          "https://management.azure.com/subscriptions/0661b131-4a11-479b-96bf-2f95acca2f73/operationresults/eyJqb2JJZCI6IlJFU09VUkNFR1JPVVBERUxFVElPTkpPQi1QUzk3OTEtRUFTVFVTIiwiam9iTG9jYXRpb24iOiJlYXN0dXMifQ?api-version=2016-09-01"
        ],
        "Retry-After": [
          "15"
        ],
        "x-ms-ratelimit-remaining-subscription-reads": [
          "11998"
        ],
        "x-ms-request-id": [
          "d0bb477f-74a9-4851-af13-06bd0ad81e7e"
        ],
        "x-ms-correlation-request-id": [
          "d0bb477f-74a9-4851-af13-06bd0ad81e7e"
        ],
        "x-ms-routing-request-id": [
          "FRANCESOUTH:20230315T235541Z:d0bb477f-74a9-4851-af13-06bd0ad81e7e"
        ],
        "Strict-Transport-Security": [
          "max-age=31536000; includeSubDomains"
        ],
        "X-Content-Type-Options": [
          "nosniff"
        ],
        "Date": [
          "Wed, 15 Mar 2023 23:55:40 GMT"
        ],
        "Expires": [
          "-1"
        ],
        "Content-Length": [
          "0"
        ]
      },
      "ResponseBody": "",
      "StatusCode": 202
    },
    {
      "RequestUri": "/subscriptions/0661b131-4a11-479b-96bf-2f95acca2f73/operationresults/eyJqb2JJZCI6IlJFU09VUkNFR1JPVVBERUxFVElPTkpPQi1QUzk3OTEtRUFTVFVTIiwiam9iTG9jYXRpb24iOiJlYXN0dXMifQ?api-version=2016-09-01",
      "EncodedRequestUri": "L3N1YnNjcmlwdGlvbnMvMDY2MWIxMzEtNGExMS00NzliLTk2YmYtMmY5NWFjY2EyZjczL29wZXJhdGlvbnJlc3VsdHMvZXlKcWIySkpaQ0k2SWxKRlUwOVZVa05GUjFKUFZWQkVSVXhGVkVsUFRrcFBRaTFRVXprM09URXRSVUZUVkZWVElpd2lhbTlpVEc5allYUnBiMjRpT2lKbFlYTjBkWE1pZlE/YXBpLXZlcnNpb249MjAxNi0wOS0wMQ==",
      "RequestMethod": "GET",
      "RequestHeaders": {
        "User-Agent": [
          "FxVersion/4.700.22.55902",
          "OSName/Windows",
          "OSVersion/Microsoft.Windows.10.0.22000",
          "Microsoft.Azure.Management.Internal.Resources.ResourceManagementClient/1.3.71"
        ]
      },
      "RequestBody": "",
      "ResponseHeaders": {
        "Cache-Control": [
          "no-cache"
        ],
        "Pragma": [
          "no-cache"
        ],
        "Location": [
          "https://management.azure.com/subscriptions/0661b131-4a11-479b-96bf-2f95acca2f73/operationresults/eyJqb2JJZCI6IlJFU09VUkNFR1JPVVBERUxFVElPTkpPQi1QUzk3OTEtRUFTVFVTIiwiam9iTG9jYXRpb24iOiJlYXN0dXMifQ?api-version=2016-09-01"
        ],
        "Retry-After": [
          "15"
        ],
        "x-ms-ratelimit-remaining-subscription-reads": [
          "11997"
        ],
        "x-ms-request-id": [
          "598c919b-9842-499c-bc38-affc4c6a3460"
        ],
        "x-ms-correlation-request-id": [
          "598c919b-9842-499c-bc38-affc4c6a3460"
        ],
        "x-ms-routing-request-id": [
          "FRANCESOUTH:20230315T235556Z:598c919b-9842-499c-bc38-affc4c6a3460"
        ],
        "Strict-Transport-Security": [
          "max-age=31536000; includeSubDomains"
        ],
        "X-Content-Type-Options": [
          "nosniff"
        ],
        "Date": [
          "Wed, 15 Mar 2023 23:55:55 GMT"
        ],
        "Expires": [
          "-1"
        ],
        "Content-Length": [
          "0"
        ]
      },
      "ResponseBody": "",
      "StatusCode": 202
    },
    {
      "RequestUri": "/subscriptions/0661b131-4a11-479b-96bf-2f95acca2f73/operationresults/eyJqb2JJZCI6IlJFU09VUkNFR1JPVVBERUxFVElPTkpPQi1QUzk3OTEtRUFTVFVTIiwiam9iTG9jYXRpb24iOiJlYXN0dXMifQ?api-version=2016-09-01",
      "EncodedRequestUri": "L3N1YnNjcmlwdGlvbnMvMDY2MWIxMzEtNGExMS00NzliLTk2YmYtMmY5NWFjY2EyZjczL29wZXJhdGlvbnJlc3VsdHMvZXlKcWIySkpaQ0k2SWxKRlUwOVZVa05GUjFKUFZWQkVSVXhGVkVsUFRrcFBRaTFRVXprM09URXRSVUZUVkZWVElpd2lhbTlpVEc5allYUnBiMjRpT2lKbFlYTjBkWE1pZlE/YXBpLXZlcnNpb249MjAxNi0wOS0wMQ==",
      "RequestMethod": "GET",
      "RequestHeaders": {
        "User-Agent": [
          "FxVersion/4.700.22.55902",
          "OSName/Windows",
          "OSVersion/Microsoft.Windows.10.0.22000",
          "Microsoft.Azure.Management.Internal.Resources.ResourceManagementClient/1.3.71"
        ]
      },
      "RequestBody": "",
      "ResponseHeaders": {
        "Cache-Control": [
          "no-cache"
        ],
        "Pragma": [
          "no-cache"
        ],
        "Location": [
          "https://management.azure.com/subscriptions/0661b131-4a11-479b-96bf-2f95acca2f73/operationresults/eyJqb2JJZCI6IlJFU09VUkNFR1JPVVBERUxFVElPTkpPQi1QUzk3OTEtRUFTVFVTIiwiam9iTG9jYXRpb24iOiJlYXN0dXMifQ?api-version=2016-09-01"
        ],
        "Retry-After": [
          "15"
        ],
        "x-ms-ratelimit-remaining-subscription-reads": [
          "11996"
        ],
        "x-ms-request-id": [
          "c4709a71-e896-4deb-bb98-198a99b9da61"
        ],
        "x-ms-correlation-request-id": [
          "c4709a71-e896-4deb-bb98-198a99b9da61"
        ],
        "x-ms-routing-request-id": [
          "FRANCESOUTH:20230315T235611Z:c4709a71-e896-4deb-bb98-198a99b9da61"
        ],
        "Strict-Transport-Security": [
          "max-age=31536000; includeSubDomains"
        ],
        "X-Content-Type-Options": [
          "nosniff"
        ],
        "Date": [
          "Wed, 15 Mar 2023 23:56:10 GMT"
        ],
        "Expires": [
          "-1"
        ],
        "Content-Length": [
          "0"
        ]
      },
      "ResponseBody": "",
      "StatusCode": 202
    },
    {
      "RequestUri": "/subscriptions/0661b131-4a11-479b-96bf-2f95acca2f73/operationresults/eyJqb2JJZCI6IlJFU09VUkNFR1JPVVBERUxFVElPTkpPQi1QUzk3OTEtRUFTVFVTIiwiam9iTG9jYXRpb24iOiJlYXN0dXMifQ?api-version=2016-09-01",
      "EncodedRequestUri": "L3N1YnNjcmlwdGlvbnMvMDY2MWIxMzEtNGExMS00NzliLTk2YmYtMmY5NWFjY2EyZjczL29wZXJhdGlvbnJlc3VsdHMvZXlKcWIySkpaQ0k2SWxKRlUwOVZVa05GUjFKUFZWQkVSVXhGVkVsUFRrcFBRaTFRVXprM09URXRSVUZUVkZWVElpd2lhbTlpVEc5allYUnBiMjRpT2lKbFlYTjBkWE1pZlE/YXBpLXZlcnNpb249MjAxNi0wOS0wMQ==",
      "RequestMethod": "GET",
      "RequestHeaders": {
        "User-Agent": [
          "FxVersion/4.700.22.55902",
          "OSName/Windows",
          "OSVersion/Microsoft.Windows.10.0.22000",
          "Microsoft.Azure.Management.Internal.Resources.ResourceManagementClient/1.3.71"
        ]
      },
      "RequestBody": "",
      "ResponseHeaders": {
        "Cache-Control": [
          "no-cache"
        ],
        "Pragma": [
          "no-cache"
        ],
        "Location": [
          "https://management.azure.com/subscriptions/0661b131-4a11-479b-96bf-2f95acca2f73/operationresults/eyJqb2JJZCI6IlJFU09VUkNFR1JPVVBERUxFVElPTkpPQi1QUzk3OTEtRUFTVFVTIiwiam9iTG9jYXRpb24iOiJlYXN0dXMifQ?api-version=2016-09-01"
        ],
        "Retry-After": [
          "15"
        ],
        "x-ms-ratelimit-remaining-subscription-reads": [
          "11995"
        ],
        "x-ms-request-id": [
          "831f4b15-8f05-4266-86e6-5c7084f56f33"
        ],
        "x-ms-correlation-request-id": [
          "831f4b15-8f05-4266-86e6-5c7084f56f33"
        ],
        "x-ms-routing-request-id": [
          "FRANCESOUTH:20230315T235626Z:831f4b15-8f05-4266-86e6-5c7084f56f33"
        ],
        "Strict-Transport-Security": [
          "max-age=31536000; includeSubDomains"
        ],
        "X-Content-Type-Options": [
          "nosniff"
        ],
        "Date": [
          "Wed, 15 Mar 2023 23:56:26 GMT"
        ],
        "Expires": [
          "-1"
        ],
        "Content-Length": [
          "0"
        ]
      },
      "ResponseBody": "",
      "StatusCode": 202
    },
    {
      "RequestUri": "/subscriptions/0661b131-4a11-479b-96bf-2f95acca2f73/operationresults/eyJqb2JJZCI6IlJFU09VUkNFR1JPVVBERUxFVElPTkpPQi1QUzk3OTEtRUFTVFVTIiwiam9iTG9jYXRpb24iOiJlYXN0dXMifQ?api-version=2016-09-01",
      "EncodedRequestUri": "L3N1YnNjcmlwdGlvbnMvMDY2MWIxMzEtNGExMS00NzliLTk2YmYtMmY5NWFjY2EyZjczL29wZXJhdGlvbnJlc3VsdHMvZXlKcWIySkpaQ0k2SWxKRlUwOVZVa05GUjFKUFZWQkVSVXhGVkVsUFRrcFBRaTFRVXprM09URXRSVUZUVkZWVElpd2lhbTlpVEc5allYUnBiMjRpT2lKbFlYTjBkWE1pZlE/YXBpLXZlcnNpb249MjAxNi0wOS0wMQ==",
      "RequestMethod": "GET",
      "RequestHeaders": {
        "User-Agent": [
          "FxVersion/4.700.22.55902",
          "OSName/Windows",
          "OSVersion/Microsoft.Windows.10.0.22000",
          "Microsoft.Azure.Management.Internal.Resources.ResourceManagementClient/1.3.71"
        ]
      },
      "RequestBody": "",
      "ResponseHeaders": {
        "Cache-Control": [
          "no-cache"
        ],
        "Pragma": [
          "no-cache"
        ],
        "Location": [
          "https://management.azure.com/subscriptions/0661b131-4a11-479b-96bf-2f95acca2f73/operationresults/eyJqb2JJZCI6IlJFU09VUkNFR1JPVVBERUxFVElPTkpPQi1QUzk3OTEtRUFTVFVTIiwiam9iTG9jYXRpb24iOiJlYXN0dXMifQ?api-version=2016-09-01"
        ],
        "Retry-After": [
          "15"
        ],
        "x-ms-ratelimit-remaining-subscription-reads": [
          "11994"
        ],
        "x-ms-request-id": [
          "664980b8-8c49-4445-b355-ccc7b1a6029d"
        ],
        "x-ms-correlation-request-id": [
          "664980b8-8c49-4445-b355-ccc7b1a6029d"
        ],
        "x-ms-routing-request-id": [
          "FRANCESOUTH:20230315T235642Z:664980b8-8c49-4445-b355-ccc7b1a6029d"
        ],
        "Strict-Transport-Security": [
          "max-age=31536000; includeSubDomains"
        ],
        "X-Content-Type-Options": [
          "nosniff"
        ],
        "Date": [
          "Wed, 15 Mar 2023 23:56:41 GMT"
        ],
        "Expires": [
          "-1"
        ],
        "Content-Length": [
          "0"
        ]
      },
      "ResponseBody": "",
      "StatusCode": 202
    },
    {
      "RequestUri": "/subscriptions/0661b131-4a11-479b-96bf-2f95acca2f73/operationresults/eyJqb2JJZCI6IlJFU09VUkNFR1JPVVBERUxFVElPTkpPQi1QUzk3OTEtRUFTVFVTIiwiam9iTG9jYXRpb24iOiJlYXN0dXMifQ?api-version=2016-09-01",
      "EncodedRequestUri": "L3N1YnNjcmlwdGlvbnMvMDY2MWIxMzEtNGExMS00NzliLTk2YmYtMmY5NWFjY2EyZjczL29wZXJhdGlvbnJlc3VsdHMvZXlKcWIySkpaQ0k2SWxKRlUwOVZVa05GUjFKUFZWQkVSVXhGVkVsUFRrcFBRaTFRVXprM09URXRSVUZUVkZWVElpd2lhbTlpVEc5allYUnBiMjRpT2lKbFlYTjBkWE1pZlE/YXBpLXZlcnNpb249MjAxNi0wOS0wMQ==",
      "RequestMethod": "GET",
      "RequestHeaders": {
        "User-Agent": [
          "FxVersion/4.700.22.55902",
          "OSName/Windows",
          "OSVersion/Microsoft.Windows.10.0.22000",
          "Microsoft.Azure.Management.Internal.Resources.ResourceManagementClient/1.3.71"
        ]
      },
      "RequestBody": "",
      "ResponseHeaders": {
        "Cache-Control": [
          "no-cache"
        ],
        "Pragma": [
          "no-cache"
        ],
        "Location": [
          "https://management.azure.com/subscriptions/0661b131-4a11-479b-96bf-2f95acca2f73/operationresults/eyJqb2JJZCI6IlJFU09VUkNFR1JPVVBERUxFVElPTkpPQi1QUzk3OTEtRUFTVFVTIiwiam9iTG9jYXRpb24iOiJlYXN0dXMifQ?api-version=2016-09-01"
        ],
        "Retry-After": [
          "15"
        ],
        "x-ms-ratelimit-remaining-subscription-reads": [
          "11993"
        ],
        "x-ms-request-id": [
          "77ad89eb-a43e-4311-b2de-9ee19caace64"
        ],
        "x-ms-correlation-request-id": [
          "77ad89eb-a43e-4311-b2de-9ee19caace64"
        ],
        "x-ms-routing-request-id": [
          "FRANCESOUTH:20230315T235657Z:77ad89eb-a43e-4311-b2de-9ee19caace64"
        ],
        "Strict-Transport-Security": [
          "max-age=31536000; includeSubDomains"
        ],
        "X-Content-Type-Options": [
          "nosniff"
        ],
        "Date": [
          "Wed, 15 Mar 2023 23:56:56 GMT"
        ],
        "Expires": [
          "-1"
        ],
        "Content-Length": [
          "0"
        ]
      },
      "ResponseBody": "",
      "StatusCode": 202
    },
    {
      "RequestUri": "/subscriptions/0661b131-4a11-479b-96bf-2f95acca2f73/operationresults/eyJqb2JJZCI6IlJFU09VUkNFR1JPVVBERUxFVElPTkpPQi1QUzk3OTEtRUFTVFVTIiwiam9iTG9jYXRpb24iOiJlYXN0dXMifQ?api-version=2016-09-01",
      "EncodedRequestUri": "L3N1YnNjcmlwdGlvbnMvMDY2MWIxMzEtNGExMS00NzliLTk2YmYtMmY5NWFjY2EyZjczL29wZXJhdGlvbnJlc3VsdHMvZXlKcWIySkpaQ0k2SWxKRlUwOVZVa05GUjFKUFZWQkVSVXhGVkVsUFRrcFBRaTFRVXprM09URXRSVUZUVkZWVElpd2lhbTlpVEc5allYUnBiMjRpT2lKbFlYTjBkWE1pZlE/YXBpLXZlcnNpb249MjAxNi0wOS0wMQ==",
      "RequestMethod": "GET",
      "RequestHeaders": {
        "User-Agent": [
          "FxVersion/4.700.22.55902",
          "OSName/Windows",
          "OSVersion/Microsoft.Windows.10.0.22000",
          "Microsoft.Azure.Management.Internal.Resources.ResourceManagementClient/1.3.71"
        ]
      },
      "RequestBody": "",
      "ResponseHeaders": {
        "Cache-Control": [
          "no-cache"
        ],
        "Pragma": [
          "no-cache"
        ],
        "Location": [
          "https://management.azure.com/subscriptions/0661b131-4a11-479b-96bf-2f95acca2f73/operationresults/eyJqb2JJZCI6IlJFU09VUkNFR1JPVVBERUxFVElPTkpPQi1QUzk3OTEtRUFTVFVTIiwiam9iTG9jYXRpb24iOiJlYXN0dXMifQ?api-version=2016-09-01"
        ],
        "Retry-After": [
          "15"
        ],
        "x-ms-ratelimit-remaining-subscription-reads": [
          "11992"
        ],
        "x-ms-request-id": [
          "45238fac-0b10-4595-bfc4-7a81f31827b3"
        ],
        "x-ms-correlation-request-id": [
          "45238fac-0b10-4595-bfc4-7a81f31827b3"
        ],
        "x-ms-routing-request-id": [
          "FRANCESOUTH:20230315T235712Z:45238fac-0b10-4595-bfc4-7a81f31827b3"
        ],
        "Strict-Transport-Security": [
          "max-age=31536000; includeSubDomains"
        ],
        "X-Content-Type-Options": [
          "nosniff"
        ],
        "Date": [
          "Wed, 15 Mar 2023 23:57:12 GMT"
        ],
        "Expires": [
          "-1"
        ],
        "Content-Length": [
          "0"
        ]
      },
      "ResponseBody": "",
      "StatusCode": 202
    },
    {
      "RequestUri": "/subscriptions/0661b131-4a11-479b-96bf-2f95acca2f73/operationresults/eyJqb2JJZCI6IlJFU09VUkNFR1JPVVBERUxFVElPTkpPQi1QUzk3OTEtRUFTVFVTIiwiam9iTG9jYXRpb24iOiJlYXN0dXMifQ?api-version=2016-09-01",
      "EncodedRequestUri": "L3N1YnNjcmlwdGlvbnMvMDY2MWIxMzEtNGExMS00NzliLTk2YmYtMmY5NWFjY2EyZjczL29wZXJhdGlvbnJlc3VsdHMvZXlKcWIySkpaQ0k2SWxKRlUwOVZVa05GUjFKUFZWQkVSVXhGVkVsUFRrcFBRaTFRVXprM09URXRSVUZUVkZWVElpd2lhbTlpVEc5allYUnBiMjRpT2lKbFlYTjBkWE1pZlE/YXBpLXZlcnNpb249MjAxNi0wOS0wMQ==",
      "RequestMethod": "GET",
      "RequestHeaders": {
        "User-Agent": [
          "FxVersion/4.700.22.55902",
          "OSName/Windows",
          "OSVersion/Microsoft.Windows.10.0.22000",
          "Microsoft.Azure.Management.Internal.Resources.ResourceManagementClient/1.3.71"
        ]
      },
      "RequestBody": "",
      "ResponseHeaders": {
        "Cache-Control": [
          "no-cache"
        ],
        "Pragma": [
          "no-cache"
        ],
        "Location": [
          "https://management.azure.com/subscriptions/0661b131-4a11-479b-96bf-2f95acca2f73/operationresults/eyJqb2JJZCI6IlJFU09VUkNFR1JPVVBERUxFVElPTkpPQi1QUzk3OTEtRUFTVFVTIiwiam9iTG9jYXRpb24iOiJlYXN0dXMifQ?api-version=2016-09-01"
        ],
        "Retry-After": [
          "15"
        ],
        "x-ms-ratelimit-remaining-subscription-reads": [
          "11991"
        ],
        "x-ms-request-id": [
          "0395c279-8551-45e2-82f3-7c8d8ac88429"
        ],
        "x-ms-correlation-request-id": [
          "0395c279-8551-45e2-82f3-7c8d8ac88429"
        ],
        "x-ms-routing-request-id": [
          "FRANCESOUTH:20230315T235728Z:0395c279-8551-45e2-82f3-7c8d8ac88429"
        ],
        "Strict-Transport-Security": [
          "max-age=31536000; includeSubDomains"
        ],
        "X-Content-Type-Options": [
          "nosniff"
        ],
        "Date": [
          "Wed, 15 Mar 2023 23:57:27 GMT"
        ],
        "Expires": [
          "-1"
        ],
        "Content-Length": [
          "0"
        ]
      },
      "ResponseBody": "",
      "StatusCode": 202
    },
    {
      "RequestUri": "/subscriptions/0661b131-4a11-479b-96bf-2f95acca2f73/operationresults/eyJqb2JJZCI6IlJFU09VUkNFR1JPVVBERUxFVElPTkpPQi1QUzk3OTEtRUFTVFVTIiwiam9iTG9jYXRpb24iOiJlYXN0dXMifQ?api-version=2016-09-01",
      "EncodedRequestUri": "L3N1YnNjcmlwdGlvbnMvMDY2MWIxMzEtNGExMS00NzliLTk2YmYtMmY5NWFjY2EyZjczL29wZXJhdGlvbnJlc3VsdHMvZXlKcWIySkpaQ0k2SWxKRlUwOVZVa05GUjFKUFZWQkVSVXhGVkVsUFRrcFBRaTFRVXprM09URXRSVUZUVkZWVElpd2lhbTlpVEc5allYUnBiMjRpT2lKbFlYTjBkWE1pZlE/YXBpLXZlcnNpb249MjAxNi0wOS0wMQ==",
      "RequestMethod": "GET",
      "RequestHeaders": {
        "User-Agent": [
          "FxVersion/4.700.22.55902",
          "OSName/Windows",
          "OSVersion/Microsoft.Windows.10.0.22000",
          "Microsoft.Azure.Management.Internal.Resources.ResourceManagementClient/1.3.71"
        ]
      },
      "RequestBody": "",
      "ResponseHeaders": {
        "Cache-Control": [
          "no-cache"
        ],
        "Pragma": [
          "no-cache"
        ],
        "Location": [
          "https://management.azure.com/subscriptions/0661b131-4a11-479b-96bf-2f95acca2f73/operationresults/eyJqb2JJZCI6IlJFU09VUkNFR1JPVVBERUxFVElPTkpPQi1QUzk3OTEtRUFTVFVTIiwiam9iTG9jYXRpb24iOiJlYXN0dXMifQ?api-version=2016-09-01"
        ],
        "Retry-After": [
          "15"
        ],
        "x-ms-ratelimit-remaining-subscription-reads": [
          "11990"
        ],
        "x-ms-request-id": [
          "9f0aadd9-8be7-4d2d-9b8f-4fabd2ebfe25"
        ],
        "x-ms-correlation-request-id": [
          "9f0aadd9-8be7-4d2d-9b8f-4fabd2ebfe25"
        ],
        "x-ms-routing-request-id": [
          "FRANCESOUTH:20230315T235743Z:9f0aadd9-8be7-4d2d-9b8f-4fabd2ebfe25"
        ],
        "Strict-Transport-Security": [
          "max-age=31536000; includeSubDomains"
        ],
        "X-Content-Type-Options": [
          "nosniff"
        ],
        "Date": [
          "Wed, 15 Mar 2023 23:57:42 GMT"
        ],
        "Expires": [
          "-1"
        ],
        "Content-Length": [
          "0"
        ]
      },
      "ResponseBody": "",
      "StatusCode": 202
    },
    {
      "RequestUri": "/subscriptions/0661b131-4a11-479b-96bf-2f95acca2f73/operationresults/eyJqb2JJZCI6IlJFU09VUkNFR1JPVVBERUxFVElPTkpPQi1QUzk3OTEtRUFTVFVTIiwiam9iTG9jYXRpb24iOiJlYXN0dXMifQ?api-version=2016-09-01",
      "EncodedRequestUri": "L3N1YnNjcmlwdGlvbnMvMDY2MWIxMzEtNGExMS00NzliLTk2YmYtMmY5NWFjY2EyZjczL29wZXJhdGlvbnJlc3VsdHMvZXlKcWIySkpaQ0k2SWxKRlUwOVZVa05GUjFKUFZWQkVSVXhGVkVsUFRrcFBRaTFRVXprM09URXRSVUZUVkZWVElpd2lhbTlpVEc5allYUnBiMjRpT2lKbFlYTjBkWE1pZlE/YXBpLXZlcnNpb249MjAxNi0wOS0wMQ==",
      "RequestMethod": "GET",
      "RequestHeaders": {
        "User-Agent": [
          "FxVersion/4.700.22.55902",
          "OSName/Windows",
          "OSVersion/Microsoft.Windows.10.0.22000",
          "Microsoft.Azure.Management.Internal.Resources.ResourceManagementClient/1.3.71"
        ]
      },
      "RequestBody": "",
      "ResponseHeaders": {
        "Cache-Control": [
          "no-cache"
        ],
        "Pragma": [
          "no-cache"
        ],
        "Location": [
          "https://management.azure.com/subscriptions/0661b131-4a11-479b-96bf-2f95acca2f73/operationresults/eyJqb2JJZCI6IlJFU09VUkNFR1JPVVBERUxFVElPTkpPQi1QUzk3OTEtRUFTVFVTIiwiam9iTG9jYXRpb24iOiJlYXN0dXMifQ?api-version=2016-09-01"
        ],
        "Retry-After": [
          "15"
        ],
        "x-ms-ratelimit-remaining-subscription-reads": [
          "11989"
        ],
        "x-ms-request-id": [
          "861b0cf9-187b-41aa-9b64-70229513b44e"
        ],
        "x-ms-correlation-request-id": [
          "861b0cf9-187b-41aa-9b64-70229513b44e"
        ],
        "x-ms-routing-request-id": [
          "FRANCESOUTH:20230315T235758Z:861b0cf9-187b-41aa-9b64-70229513b44e"
        ],
        "Strict-Transport-Security": [
          "max-age=31536000; includeSubDomains"
        ],
        "X-Content-Type-Options": [
          "nosniff"
        ],
        "Date": [
          "Wed, 15 Mar 2023 23:57:58 GMT"
        ],
        "Expires": [
          "-1"
        ],
        "Content-Length": [
          "0"
        ]
      },
      "ResponseBody": "",
      "StatusCode": 202
    },
    {
      "RequestUri": "/subscriptions/0661b131-4a11-479b-96bf-2f95acca2f73/operationresults/eyJqb2JJZCI6IlJFU09VUkNFR1JPVVBERUxFVElPTkpPQi1QUzk3OTEtRUFTVFVTIiwiam9iTG9jYXRpb24iOiJlYXN0dXMifQ?api-version=2016-09-01",
      "EncodedRequestUri": "L3N1YnNjcmlwdGlvbnMvMDY2MWIxMzEtNGExMS00NzliLTk2YmYtMmY5NWFjY2EyZjczL29wZXJhdGlvbnJlc3VsdHMvZXlKcWIySkpaQ0k2SWxKRlUwOVZVa05GUjFKUFZWQkVSVXhGVkVsUFRrcFBRaTFRVXprM09URXRSVUZUVkZWVElpd2lhbTlpVEc5allYUnBiMjRpT2lKbFlYTjBkWE1pZlE/YXBpLXZlcnNpb249MjAxNi0wOS0wMQ==",
      "RequestMethod": "GET",
      "RequestHeaders": {
        "User-Agent": [
          "FxVersion/4.700.22.55902",
          "OSName/Windows",
          "OSVersion/Microsoft.Windows.10.0.22000",
          "Microsoft.Azure.Management.Internal.Resources.ResourceManagementClient/1.3.71"
        ]
      },
      "RequestBody": "",
      "ResponseHeaders": {
        "Cache-Control": [
          "no-cache"
        ],
        "Pragma": [
          "no-cache"
        ],
        "Location": [
          "https://management.azure.com/subscriptions/0661b131-4a11-479b-96bf-2f95acca2f73/operationresults/eyJqb2JJZCI6IlJFU09VUkNFR1JPVVBERUxFVElPTkpPQi1QUzk3OTEtRUFTVFVTIiwiam9iTG9jYXRpb24iOiJlYXN0dXMifQ?api-version=2016-09-01"
        ],
        "Retry-After": [
          "15"
        ],
        "x-ms-ratelimit-remaining-subscription-reads": [
          "11988"
        ],
        "x-ms-request-id": [
          "1192ab47-1694-4110-bdc9-c2f4c35c1c66"
        ],
        "x-ms-correlation-request-id": [
          "1192ab47-1694-4110-bdc9-c2f4c35c1c66"
        ],
        "x-ms-routing-request-id": [
          "FRANCESOUTH:20230315T235813Z:1192ab47-1694-4110-bdc9-c2f4c35c1c66"
        ],
        "Strict-Transport-Security": [
          "max-age=31536000; includeSubDomains"
        ],
        "X-Content-Type-Options": [
          "nosniff"
        ],
        "Date": [
          "Wed, 15 Mar 2023 23:58:13 GMT"
        ],
        "Expires": [
          "-1"
        ],
        "Content-Length": [
          "0"
        ]
      },
      "ResponseBody": "",
      "StatusCode": 202
    },
    {
      "RequestUri": "/subscriptions/0661b131-4a11-479b-96bf-2f95acca2f73/operationresults/eyJqb2JJZCI6IlJFU09VUkNFR1JPVVBERUxFVElPTkpPQi1QUzk3OTEtRUFTVFVTIiwiam9iTG9jYXRpb24iOiJlYXN0dXMifQ?api-version=2016-09-01",
      "EncodedRequestUri": "L3N1YnNjcmlwdGlvbnMvMDY2MWIxMzEtNGExMS00NzliLTk2YmYtMmY5NWFjY2EyZjczL29wZXJhdGlvbnJlc3VsdHMvZXlKcWIySkpaQ0k2SWxKRlUwOVZVa05GUjFKUFZWQkVSVXhGVkVsUFRrcFBRaTFRVXprM09URXRSVUZUVkZWVElpd2lhbTlpVEc5allYUnBiMjRpT2lKbFlYTjBkWE1pZlE/YXBpLXZlcnNpb249MjAxNi0wOS0wMQ==",
      "RequestMethod": "GET",
      "RequestHeaders": {
        "User-Agent": [
          "FxVersion/4.700.22.55902",
          "OSName/Windows",
          "OSVersion/Microsoft.Windows.10.0.22000",
          "Microsoft.Azure.Management.Internal.Resources.ResourceManagementClient/1.3.71"
        ]
      },
      "RequestBody": "",
      "ResponseHeaders": {
        "Cache-Control": [
          "no-cache"
        ],
        "Pragma": [
          "no-cache"
        ],
        "x-ms-ratelimit-remaining-subscription-reads": [
          "11987"
        ],
        "x-ms-request-id": [
          "23846052-4145-45ab-b7a4-2106a77f44ed"
        ],
        "x-ms-correlation-request-id": [
          "23846052-4145-45ab-b7a4-2106a77f44ed"
        ],
        "x-ms-routing-request-id": [
          "FRANCESOUTH:20230315T235829Z:23846052-4145-45ab-b7a4-2106a77f44ed"
        ],
        "Strict-Transport-Security": [
          "max-age=31536000; includeSubDomains"
        ],
        "X-Content-Type-Options": [
          "nosniff"
        ],
        "Date": [
          "Wed, 15 Mar 2023 23:58:28 GMT"
        ],
        "Expires": [
          "-1"
        ],
        "Content-Length": [
          "0"
        ]
      },
      "ResponseBody": "",
      "StatusCode": 200
    },
    {
      "RequestUri": "/subscriptions/0661b131-4a11-479b-96bf-2f95acca2f73/operationresults/eyJqb2JJZCI6IlJFU09VUkNFR1JPVVBERUxFVElPTkpPQi1QUzk3OTEtRUFTVFVTIiwiam9iTG9jYXRpb24iOiJlYXN0dXMifQ?api-version=2016-09-01",
      "EncodedRequestUri": "L3N1YnNjcmlwdGlvbnMvMDY2MWIxMzEtNGExMS00NzliLTk2YmYtMmY5NWFjY2EyZjczL29wZXJhdGlvbnJlc3VsdHMvZXlKcWIySkpaQ0k2SWxKRlUwOVZVa05GUjFKUFZWQkVSVXhGVkVsUFRrcFBRaTFRVXprM09URXRSVUZUVkZWVElpd2lhbTlpVEc5allYUnBiMjRpT2lKbFlYTjBkWE1pZlE/YXBpLXZlcnNpb249MjAxNi0wOS0wMQ==",
      "RequestMethod": "GET",
      "RequestHeaders": {
        "User-Agent": [
          "FxVersion/4.700.22.55902",
          "OSName/Windows",
          "OSVersion/Microsoft.Windows.10.0.22000",
          "Microsoft.Azure.Management.Internal.Resources.ResourceManagementClient/1.3.71"
        ]
      },
      "RequestBody": "",
      "ResponseHeaders": {
        "Cache-Control": [
          "no-cache"
        ],
        "Pragma": [
          "no-cache"
        ],
        "x-ms-ratelimit-remaining-subscription-reads": [
          "11986"
        ],
        "x-ms-request-id": [
          "6a128084-24cf-408d-96c9-930732cfc8af"
        ],
        "x-ms-correlation-request-id": [
          "6a128084-24cf-408d-96c9-930732cfc8af"
        ],
        "x-ms-routing-request-id": [
          "FRANCESOUTH:20230315T235829Z:6a128084-24cf-408d-96c9-930732cfc8af"
        ],
        "Strict-Transport-Security": [
          "max-age=31536000; includeSubDomains"
        ],
        "X-Content-Type-Options": [
          "nosniff"
        ],
        "Date": [
          "Wed, 15 Mar 2023 23:58:28 GMT"
        ],
        "Expires": [
          "-1"
        ],
        "Content-Length": [
          "0"
        ]
      },
      "ResponseBody": "",
      "StatusCode": 200
    }
  ],
  "Names": {
    "Test-SnapshotPolicyCrud": [
      "ps9791",
      "ps9262",
      "ps6926",
      "ps8275"
    ]
  },
  "Variables": {
    "SubscriptionId": "0661b131-4a11-479b-96bf-2f95acca2f73"
  }
}