{
  "Entries": [
    {
      "RequestUri": "/subscriptions/5b4b650e-28b9-4790-b3ab-ddbd88d727c4/resourcegroups/RGName-ps3800?api-version=2016-09-01",
      "EncodedRequestUri": "L3N1YnNjcmlwdGlvbnMvNWI0YjY1MGUtMjhiOS00NzkwLWIzYWItZGRiZDg4ZDcyN2M0L3Jlc291cmNlZ3JvdXBzL1JHTmFtZS1wczM4MDA/YXBpLXZlcnNpb249MjAxNi0wOS0wMQ==",
      "RequestMethod": "PUT",
      "RequestHeaders": {
        "x-ms-client-request-id": [
          "003c9477-01cf-403c-8340-178e7a566b89"
        ],
        "Accept-Language": [
          "en-US"
        ],
        "User-Agent": [
          "FxVersion/4.700.22.41602",
          "OSName/Windows",
          "OSVersion/Microsoft.Windows.10.0.22621",
          "Microsoft.Azure.Management.Internal.Resources.ResourceManagementClient/1.3.62"
        ],
        "Content-Type": [
          "application/json; charset=utf-8"
        ],
        "Content-Length": [
          "35"
        ]
      },
      "RequestBody": "{\r\n  \"location\": \"westcentralus\"\r\n}",
      "ResponseHeaders": {
        "Cache-Control": [
          "no-cache"
        ],
        "Pragma": [
          "no-cache"
        ],
        "x-ms-ratelimit-remaining-subscription-writes": [
          "1199"
        ],
        "x-ms-request-id": [
          "2b878eaa-b2f2-435c-b37f-446fb2875b48"
        ],
        "x-ms-correlation-request-id": [
          "2b878eaa-b2f2-435c-b37f-446fb2875b48"
        ],
        "x-ms-routing-request-id": [
          "WESTUS2:20221006T015723Z:2b878eaa-b2f2-435c-b37f-446fb2875b48"
        ],
        "Strict-Transport-Security": [
          "max-age=31536000; includeSubDomains"
        ],
        "X-Content-Type-Options": [
          "nosniff"
        ],
        "Date": [
          "Thu, 06 Oct 2022 01:57:22 GMT"
        ],
        "Content-Length": [
          "186"
        ],
        "Content-Type": [
          "application/json; charset=utf-8"
        ],
        "Expires": [
          "-1"
        ]
      },
      "ResponseBody": "{\r\n  \"id\": \"/subscriptions/5b4b650e-28b9-4790-b3ab-ddbd88d727c4/resourceGroups/RGName-ps3800\",\r\n  \"name\": \"RGName-ps3800\",\r\n  \"location\": \"westcentralus\",\r\n  \"properties\": {\r\n    \"provisioningState\": \"Succeeded\"\r\n  }\r\n}",
      "StatusCode": 201
    },
    {
      "RequestUri": "/subscriptions/5b4b650e-28b9-4790-b3ab-ddbd88d727c4/resourcegroups/RGName-ps8972?api-version=2016-09-01",
      "EncodedRequestUri": "L3N1YnNjcmlwdGlvbnMvNWI0YjY1MGUtMjhiOS00NzkwLWIzYWItZGRiZDg4ZDcyN2M0L3Jlc291cmNlZ3JvdXBzL1JHTmFtZS1wczg5NzI/YXBpLXZlcnNpb249MjAxNi0wOS0wMQ==",
      "RequestMethod": "PUT",
      "RequestHeaders": {
        "x-ms-client-request-id": [
          "365bce7c-e944-45e2-9c7d-eac5a432a4e2"
        ],
        "Accept-Language": [
          "en-US"
        ],
        "User-Agent": [
          "FxVersion/4.700.22.41602",
          "OSName/Windows",
          "OSVersion/Microsoft.Windows.10.0.22621",
          "Microsoft.Azure.Management.Internal.Resources.ResourceManagementClient/1.3.62"
        ],
        "Content-Type": [
          "application/json; charset=utf-8"
        ],
        "Content-Length": [
          "35"
        ]
      },
      "RequestBody": "{\r\n  \"location\": \"westcentralus\"\r\n}",
      "ResponseHeaders": {
        "Cache-Control": [
          "no-cache"
        ],
        "Pragma": [
          "no-cache"
        ],
        "x-ms-ratelimit-remaining-subscription-writes": [
          "1199"
        ],
        "x-ms-request-id": [
          "587da5a7-02cb-440c-a39b-fe72b5c3619b"
        ],
        "x-ms-correlation-request-id": [
          "587da5a7-02cb-440c-a39b-fe72b5c3619b"
        ],
        "x-ms-routing-request-id": [
          "WESTUS2:20221006T015724Z:587da5a7-02cb-440c-a39b-fe72b5c3619b"
        ],
        "Strict-Transport-Security": [
          "max-age=31536000; includeSubDomains"
        ],
        "X-Content-Type-Options": [
          "nosniff"
        ],
        "Date": [
          "Thu, 06 Oct 2022 01:57:24 GMT"
        ],
        "Content-Length": [
          "186"
        ],
        "Content-Type": [
          "application/json; charset=utf-8"
        ],
        "Expires": [
          "-1"
        ]
      },
      "ResponseBody": "{\r\n  \"id\": \"/subscriptions/5b4b650e-28b9-4790-b3ab-ddbd88d727c4/resourceGroups/RGName-ps8972\",\r\n  \"name\": \"RGName-ps8972\",\r\n  \"location\": \"westcentralus\",\r\n  \"properties\": {\r\n    \"provisioningState\": \"Succeeded\"\r\n  }\r\n}",
      "StatusCode": 201
    },
    {
      "RequestUri": "/subscriptions/5b4b650e-28b9-4790-b3ab-ddbd88d727c4/providers/Microsoft.Storage/checkNameAvailability?api-version=2022-05-01",
      "EncodedRequestUri": "L3N1YnNjcmlwdGlvbnMvNWI0YjY1MGUtMjhiOS00NzkwLWIzYWItZGRiZDg4ZDcyN2M0L3Byb3ZpZGVycy9NaWNyb3NvZnQuU3RvcmFnZS9jaGVja05hbWVBdmFpbGFiaWxpdHk/YXBpLXZlcnNpb249MjAyMi0wNS0wMQ==",
      "RequestMethod": "POST",
      "RequestHeaders": {
        "x-ms-client-request-id": [
          "9db9c9e7-3f41-4d32-9437-6795652d3a5c"
        ],
        "Accept-Language": [
          "en-US"
        ],
        "User-Agent": [
          "FxVersion/4.700.22.41602",
          "OSName/Windows",
          "OSVersion/Microsoft.Windows.10.0.22621",
          "Microsoft.Azure.Management.Storage.StorageManagementClient/4.9.0"
        ],
        "Content-Type": [
          "application/json; charset=utf-8"
        ],
        "Content-Length": [
          "83"
        ]
      },
      "RequestBody": "{\r\n  \"name\": \"storagenameps9368\",\r\n  \"type\": \"Microsoft.Storage/storageAccounts\"\r\n}",
      "ResponseHeaders": {
        "Cache-Control": [
          "no-cache"
        ],
        "Pragma": [
          "no-cache"
        ],
        "x-ms-request-id": [
          "7074d0d4-f131-4f3c-aa8b-1b4b8c986f43"
        ],
        "Strict-Transport-Security": [
          "max-age=31536000; includeSubDomains"
        ],
        "Server": [
          "Microsoft-Azure-Storage-Resource-Provider/1.0,Microsoft-HTTPAPI/2.0 Microsoft-HTTPAPI/2.0"
        ],
        "x-ms-ratelimit-remaining-subscription-reads": [
          "11999"
        ],
        "x-ms-correlation-request-id": [
          "396053da-54d4-4d58-a502-0922ca456a9a"
        ],
        "x-ms-routing-request-id": [
          "WESTUS2:20221006T015725Z:396053da-54d4-4d58-a502-0922ca456a9a"
        ],
        "X-Content-Type-Options": [
          "nosniff"
        ],
        "Date": [
          "Thu, 06 Oct 2022 01:57:25 GMT"
        ],
        "Content-Length": [
          "22"
        ],
        "Content-Type": [
          "application/json"
        ],
        "Expires": [
          "-1"
        ]
      },
      "ResponseBody": "{\r\n  \"nameAvailable\": true\r\n}",
      "StatusCode": 200
    },
    {
      "RequestUri": "/subscriptions/5b4b650e-28b9-4790-b3ab-ddbd88d727c4/resourceGroups/RGName-ps3800/providers/Microsoft.Storage/storageAccounts/storagenameps9368?api-version=2022-05-01",
      "EncodedRequestUri": "L3N1YnNjcmlwdGlvbnMvNWI0YjY1MGUtMjhiOS00NzkwLWIzYWItZGRiZDg4ZDcyN2M0L3Jlc291cmNlR3JvdXBzL1JHTmFtZS1wczM4MDAvcHJvdmlkZXJzL01pY3Jvc29mdC5TdG9yYWdlL3N0b3JhZ2VBY2NvdW50cy9zdG9yYWdlbmFtZXBzOTM2OD9hcGktdmVyc2lvbj0yMDIyLTA1LTAx",
      "RequestMethod": "PUT",
      "RequestHeaders": {
        "x-ms-client-request-id": [
          "9db9c9e7-3f41-4d32-9437-6795652d3a5c"
        ],
        "Accept-Language": [
          "en-US"
        ],
        "User-Agent": [
          "FxVersion/4.700.22.41602",
          "OSName/Windows",
          "OSVersion/Microsoft.Windows.10.0.22621",
          "Microsoft.Azure.Management.Storage.StorageManagementClient/4.9.0"
        ],
        "Content-Type": [
          "application/json; charset=utf-8"
        ],
        "Content-Length": [
          "105"
        ]
      },
      "RequestBody": "{\r\n  \"sku\": {\r\n    \"name\": \"Standard_LRS\"\r\n  },\r\n  \"kind\": \"StorageV2\",\r\n  \"location\": \"westcentralus\"\r\n}",
      "ResponseHeaders": {
        "Cache-Control": [
          "no-cache"
        ],
        "Pragma": [
          "no-cache"
        ],
        "Location": [
          "https://management.azure.com/subscriptions/5b4b650e-28b9-4790-b3ab-ddbd88d727c4/providers/Microsoft.Storage/locations/westcentralus/asyncoperations/946ccbd7-8c6c-4d62-82f1-81fbde95538e?monitor=true&api-version=2022-05-01"
        ],
        "Retry-After": [
          "17"
        ],
        "x-ms-request-id": [
          "946ccbd7-8c6c-4d62-82f1-81fbde95538e"
        ],
        "Strict-Transport-Security": [
          "max-age=31536000; includeSubDomains"
        ],
        "Server": [
          "Microsoft-Azure-Storage-Resource-Provider/1.0,Microsoft-HTTPAPI/2.0 Microsoft-HTTPAPI/2.0"
        ],
        "x-ms-ratelimit-remaining-subscription-writes": [
          "1199"
        ],
        "x-ms-correlation-request-id": [
          "4aca88c3-4238-423c-9b95-aad3ec3a3bb2"
        ],
        "x-ms-routing-request-id": [
          "WESTUS2:20221006T015729Z:4aca88c3-4238-423c-9b95-aad3ec3a3bb2"
        ],
        "X-Content-Type-Options": [
          "nosniff"
        ],
        "Date": [
          "Thu, 06 Oct 2022 01:57:29 GMT"
        ],
        "Content-Type": [
          "text/plain; charset=utf-8"
        ],
        "Expires": [
          "-1"
        ],
        "Content-Length": [
          "0"
        ]
      },
      "ResponseBody": "",
      "StatusCode": 202
    },
    {
      "RequestUri": "/subscriptions/5b4b650e-28b9-4790-b3ab-ddbd88d727c4/providers/Microsoft.Storage/locations/westcentralus/asyncoperations/946ccbd7-8c6c-4d62-82f1-81fbde95538e?monitor=true&api-version=2022-05-01",
      "EncodedRequestUri": "L3N1YnNjcmlwdGlvbnMvNWI0YjY1MGUtMjhiOS00NzkwLWIzYWItZGRiZDg4ZDcyN2M0L3Byb3ZpZGVycy9NaWNyb3NvZnQuU3RvcmFnZS9sb2NhdGlvbnMvd2VzdGNlbnRyYWx1cy9hc3luY29wZXJhdGlvbnMvOTQ2Y2NiZDctOGM2Yy00ZDYyLTgyZjEtODFmYmRlOTU1MzhlP21vbml0b3I9dHJ1ZSZhcGktdmVyc2lvbj0yMDIyLTA1LTAx",
      "RequestMethod": "GET",
      "RequestHeaders": {
        "x-ms-client-request-id": [
          "9db9c9e7-3f41-4d32-9437-6795652d3a5c"
        ],
        "User-Agent": [
          "FxVersion/4.700.22.41602",
          "OSName/Windows",
          "OSVersion/Microsoft.Windows.10.0.22621",
          "Microsoft.Azure.Management.Storage.StorageManagementClient/4.9.0"
        ]
      },
      "RequestBody": "",
      "ResponseHeaders": {
        "Cache-Control": [
          "no-cache"
        ],
        "Pragma": [
          "no-cache"
        ],
        "x-ms-request-id": [
          "ce537b46-965e-4d27-973d-1463e9cea89d"
        ],
        "Strict-Transport-Security": [
          "max-age=31536000; includeSubDomains"
        ],
        "Server": [
          "Microsoft-Azure-Storage-Resource-Provider/1.0,Microsoft-HTTPAPI/2.0 Microsoft-HTTPAPI/2.0"
        ],
        "x-ms-ratelimit-remaining-subscription-reads": [
          "11998"
        ],
        "x-ms-correlation-request-id": [
          "72ab82d5-af03-48db-9208-fd15d35ddf8b"
        ],
        "x-ms-routing-request-id": [
          "WESTUS2:20221006T015747Z:72ab82d5-af03-48db-9208-fd15d35ddf8b"
        ],
        "X-Content-Type-Options": [
          "nosniff"
        ],
        "Date": [
          "Thu, 06 Oct 2022 01:57:46 GMT"
        ],
        "Content-Length": [
          "1440"
        ],
        "Content-Type": [
          "application/json"
        ],
        "Expires": [
          "-1"
        ]
      },
      "ResponseBody": "{\r\n  \"sku\": {\r\n    \"name\": \"Standard_LRS\",\r\n    \"tier\": \"Standard\"\r\n  },\r\n  \"kind\": \"StorageV2\",\r\n  \"id\": \"/subscriptions/5b4b650e-28b9-4790-b3ab-ddbd88d727c4/resourceGroups/RGName-ps3800/providers/Microsoft.Storage/storageAccounts/storagenameps9368\",\r\n  \"name\": \"storagenameps9368\",\r\n  \"type\": \"Microsoft.Storage/storageAccounts\",\r\n  \"location\": \"westcentralus\",\r\n  \"tags\": {},\r\n  \"properties\": {\r\n    \"keyCreationTime\": {\r\n      \"key1\": \"2022-10-06T01:57:27.6473809Z\",\r\n      \"key2\": \"2022-10-06T01:57:27.6473809Z\"\r\n    },\r\n    \"privateEndpointConnections\": [],\r\n    \"minimumTlsVersion\": \"TLS1_0\",\r\n    \"allowBlobPublicAccess\": true,\r\n    \"networkAcls\": {\r\n      \"bypass\": \"AzureServices\",\r\n      \"virtualNetworkRules\": [],\r\n      \"ipRules\": [],\r\n      \"defaultAction\": \"Allow\"\r\n    },\r\n    \"supportsHttpsTrafficOnly\": true,\r\n    \"encryption\": {\r\n      \"services\": {\r\n        \"file\": {\r\n          \"keyType\": \"Account\",\r\n          \"enabled\": true,\r\n          \"lastEnabledTime\": \"2022-10-06T01:57:27.6473809Z\"\r\n        },\r\n        \"blob\": {\r\n          \"keyType\": \"Account\",\r\n          \"enabled\": true,\r\n          \"lastEnabledTime\": \"2022-10-06T01:57:27.6473809Z\"\r\n        }\r\n      },\r\n      \"keySource\": \"Microsoft.Storage\"\r\n    },\r\n    \"accessTier\": \"Hot\",\r\n    \"provisioningState\": \"Succeeded\",\r\n    \"creationTime\": \"2022-10-06T01:57:27.5692728Z\",\r\n    \"primaryEndpoints\": {\r\n      \"dfs\": \"https://storagenameps9368.dfs.core.windows.net/\",\r\n      \"web\": \"https://storagenameps9368.z4.web.core.windows.net/\",\r\n      \"blob\": \"https://storagenameps9368.blob.core.windows.net/\",\r\n      \"queue\": \"https://storagenameps9368.queue.core.windows.net/\",\r\n      \"table\": \"https://storagenameps9368.table.core.windows.net/\",\r\n      \"file\": \"https://storagenameps9368.file.core.windows.net/\"\r\n    },\r\n    \"primaryLocation\": \"westcentralus\",\r\n    \"statusOfPrimary\": \"available\"\r\n  }\r\n}",
      "StatusCode": 200
    },
    {
      "RequestUri": "/subscriptions/5b4b650e-28b9-4790-b3ab-ddbd88d727c4/resourceGroups/RGName-ps3800/providers/Microsoft.Storage/storageAccounts/storagenameps9368?api-version=2022-05-01",
      "EncodedRequestUri": "L3N1YnNjcmlwdGlvbnMvNWI0YjY1MGUtMjhiOS00NzkwLWIzYWItZGRiZDg4ZDcyN2M0L3Jlc291cmNlR3JvdXBzL1JHTmFtZS1wczM4MDAvcHJvdmlkZXJzL01pY3Jvc29mdC5TdG9yYWdlL3N0b3JhZ2VBY2NvdW50cy9zdG9yYWdlbmFtZXBzOTM2OD9hcGktdmVyc2lvbj0yMDIyLTA1LTAx",
      "RequestMethod": "GET",
      "RequestHeaders": {
        "x-ms-client-request-id": [
          "9db9c9e7-3f41-4d32-9437-6795652d3a5c"
        ],
        "Accept-Language": [
          "en-US"
        ],
        "User-Agent": [
          "FxVersion/4.700.22.41602",
          "OSName/Windows",
          "OSVersion/Microsoft.Windows.10.0.22621",
          "Microsoft.Azure.Management.Storage.StorageManagementClient/4.9.0"
        ]
      },
      "RequestBody": "",
      "ResponseHeaders": {
        "Cache-Control": [
          "no-cache"
        ],
        "Pragma": [
          "no-cache"
        ],
        "x-ms-request-id": [
          "c47aeafb-02d7-4ed0-b82a-46af3007cf6b"
        ],
        "Strict-Transport-Security": [
          "max-age=31536000; includeSubDomains"
        ],
        "Server": [
          "Microsoft-Azure-Storage-Resource-Provider/1.0,Microsoft-HTTPAPI/2.0 Microsoft-HTTPAPI/2.0"
        ],
        "x-ms-ratelimit-remaining-subscription-reads": [
          "11997"
        ],
        "x-ms-correlation-request-id": [
          "d4cd31ed-0e9b-493a-82f7-2b63fb1caa01"
        ],
        "x-ms-routing-request-id": [
          "WESTUS2:20221006T015747Z:d4cd31ed-0e9b-493a-82f7-2b63fb1caa01"
        ],
        "X-Content-Type-Options": [
          "nosniff"
        ],
        "Date": [
          "Thu, 06 Oct 2022 01:57:46 GMT"
        ],
        "Content-Length": [
          "1440"
        ],
        "Content-Type": [
          "application/json"
        ],
        "Expires": [
          "-1"
        ]
      },
      "ResponseBody": "{\r\n  \"sku\": {\r\n    \"name\": \"Standard_LRS\",\r\n    \"tier\": \"Standard\"\r\n  },\r\n  \"kind\": \"StorageV2\",\r\n  \"id\": \"/subscriptions/5b4b650e-28b9-4790-b3ab-ddbd88d727c4/resourceGroups/RGName-ps3800/providers/Microsoft.Storage/storageAccounts/storagenameps9368\",\r\n  \"name\": \"storagenameps9368\",\r\n  \"type\": \"Microsoft.Storage/storageAccounts\",\r\n  \"location\": \"westcentralus\",\r\n  \"tags\": {},\r\n  \"properties\": {\r\n    \"keyCreationTime\": {\r\n      \"key1\": \"2022-10-06T01:57:27.6473809Z\",\r\n      \"key2\": \"2022-10-06T01:57:27.6473809Z\"\r\n    },\r\n    \"privateEndpointConnections\": [],\r\n    \"minimumTlsVersion\": \"TLS1_0\",\r\n    \"allowBlobPublicAccess\": true,\r\n    \"networkAcls\": {\r\n      \"bypass\": \"AzureServices\",\r\n      \"virtualNetworkRules\": [],\r\n      \"ipRules\": [],\r\n      \"defaultAction\": \"Allow\"\r\n    },\r\n    \"supportsHttpsTrafficOnly\": true,\r\n    \"encryption\": {\r\n      \"services\": {\r\n        \"file\": {\r\n          \"keyType\": \"Account\",\r\n          \"enabled\": true,\r\n          \"lastEnabledTime\": \"2022-10-06T01:57:27.6473809Z\"\r\n        },\r\n        \"blob\": {\r\n          \"keyType\": \"Account\",\r\n          \"enabled\": true,\r\n          \"lastEnabledTime\": \"2022-10-06T01:57:27.6473809Z\"\r\n        }\r\n      },\r\n      \"keySource\": \"Microsoft.Storage\"\r\n    },\r\n    \"accessTier\": \"Hot\",\r\n    \"provisioningState\": \"Succeeded\",\r\n    \"creationTime\": \"2022-10-06T01:57:27.5692728Z\",\r\n    \"primaryEndpoints\": {\r\n      \"dfs\": \"https://storagenameps9368.dfs.core.windows.net/\",\r\n      \"web\": \"https://storagenameps9368.z4.web.core.windows.net/\",\r\n      \"blob\": \"https://storagenameps9368.blob.core.windows.net/\",\r\n      \"queue\": \"https://storagenameps9368.queue.core.windows.net/\",\r\n      \"table\": \"https://storagenameps9368.table.core.windows.net/\",\r\n      \"file\": \"https://storagenameps9368.file.core.windows.net/\"\r\n    },\r\n    \"primaryLocation\": \"westcentralus\",\r\n    \"statusOfPrimary\": \"available\"\r\n  }\r\n}",
      "StatusCode": 200
    },
    {
      "RequestUri": "/subscriptions/5b4b650e-28b9-4790-b3ab-ddbd88d727c4/resourceGroups/RGName-ps3800/providers/Microsoft.Storage/storageAccounts/storagenameps9368?api-version=2022-05-01",
      "EncodedRequestUri": "L3N1YnNjcmlwdGlvbnMvNWI0YjY1MGUtMjhiOS00NzkwLWIzYWItZGRiZDg4ZDcyN2M0L3Jlc291cmNlR3JvdXBzL1JHTmFtZS1wczM4MDAvcHJvdmlkZXJzL01pY3Jvc29mdC5TdG9yYWdlL3N0b3JhZ2VBY2NvdW50cy9zdG9yYWdlbmFtZXBzOTM2OD9hcGktdmVyc2lvbj0yMDIyLTA1LTAx",
      "RequestMethod": "GET",
      "RequestHeaders": {
        "x-ms-client-request-id": [
          "8c218bb4-d74f-4b0f-b4ea-59d745cb1662"
        ],
        "Accept-Language": [
          "en-US"
        ],
        "User-Agent": [
          "FxVersion/4.700.22.41602",
          "OSName/Windows",
          "OSVersion/Microsoft.Windows.10.0.22621",
          "Microsoft.Azure.Management.Storage.StorageManagementClient/4.9.0"
        ]
      },
      "RequestBody": "",
      "ResponseHeaders": {
        "Cache-Control": [
          "no-cache"
        ],
        "Pragma": [
          "no-cache"
        ],
        "x-ms-request-id": [
          "93c889b6-ee08-43c1-8efe-b6f1fd8516e3"
        ],
        "Strict-Transport-Security": [
          "max-age=31536000; includeSubDomains"
        ],
        "Server": [
          "Microsoft-Azure-Storage-Resource-Provider/1.0,Microsoft-HTTPAPI/2.0 Microsoft-HTTPAPI/2.0"
        ],
        "x-ms-ratelimit-remaining-subscription-reads": [
          "11999"
        ],
        "x-ms-correlation-request-id": [
          "06105508-28a9-4dec-9260-4bcd56883756"
        ],
        "x-ms-routing-request-id": [
          "WESTUS2:20221006T015902Z:06105508-28a9-4dec-9260-4bcd56883756"
        ],
        "X-Content-Type-Options": [
          "nosniff"
        ],
        "Date": [
          "Thu, 06 Oct 2022 01:59:02 GMT"
        ],
        "Content-Length": [
          "1440"
        ],
        "Content-Type": [
          "application/json"
        ],
        "Expires": [
          "-1"
        ]
      },
      "ResponseBody": "{\r\n  \"sku\": {\r\n    \"name\": \"Standard_LRS\",\r\n    \"tier\": \"Standard\"\r\n  },\r\n  \"kind\": \"StorageV2\",\r\n  \"id\": \"/subscriptions/5b4b650e-28b9-4790-b3ab-ddbd88d727c4/resourceGroups/RGName-ps3800/providers/Microsoft.Storage/storageAccounts/storagenameps9368\",\r\n  \"name\": \"storagenameps9368\",\r\n  \"type\": \"Microsoft.Storage/storageAccounts\",\r\n  \"location\": \"westcentralus\",\r\n  \"tags\": {},\r\n  \"properties\": {\r\n    \"keyCreationTime\": {\r\n      \"key1\": \"2022-10-06T01:57:27.6473809Z\",\r\n      \"key2\": \"2022-10-06T01:57:27.6473809Z\"\r\n    },\r\n    \"privateEndpointConnections\": [],\r\n    \"minimumTlsVersion\": \"TLS1_0\",\r\n    \"allowBlobPublicAccess\": true,\r\n    \"networkAcls\": {\r\n      \"bypass\": \"AzureServices\",\r\n      \"virtualNetworkRules\": [],\r\n      \"ipRules\": [],\r\n      \"defaultAction\": \"Allow\"\r\n    },\r\n    \"supportsHttpsTrafficOnly\": true,\r\n    \"encryption\": {\r\n      \"services\": {\r\n        \"file\": {\r\n          \"keyType\": \"Account\",\r\n          \"enabled\": true,\r\n          \"lastEnabledTime\": \"2022-10-06T01:57:27.6473809Z\"\r\n        },\r\n        \"blob\": {\r\n          \"keyType\": \"Account\",\r\n          \"enabled\": true,\r\n          \"lastEnabledTime\": \"2022-10-06T01:57:27.6473809Z\"\r\n        }\r\n      },\r\n      \"keySource\": \"Microsoft.Storage\"\r\n    },\r\n    \"accessTier\": \"Hot\",\r\n    \"provisioningState\": \"Succeeded\",\r\n    \"creationTime\": \"2022-10-06T01:57:27.5692728Z\",\r\n    \"primaryEndpoints\": {\r\n      \"dfs\": \"https://storagenameps9368.dfs.core.windows.net/\",\r\n      \"web\": \"https://storagenameps9368.z4.web.core.windows.net/\",\r\n      \"blob\": \"https://storagenameps9368.blob.core.windows.net/\",\r\n      \"queue\": \"https://storagenameps9368.queue.core.windows.net/\",\r\n      \"table\": \"https://storagenameps9368.table.core.windows.net/\",\r\n      \"file\": \"https://storagenameps9368.file.core.windows.net/\"\r\n    },\r\n    \"primaryLocation\": \"westcentralus\",\r\n    \"statusOfPrimary\": \"available\"\r\n  }\r\n}",
      "StatusCode": 200
    },
    {
      "RequestUri": "/subscriptions/5b4b650e-28b9-4790-b3ab-ddbd88d727c4/resourceGroups/RGName-ps3800/providers/Microsoft.Storage/storageAccounts/storagenameps9368/listKeys?api-version=2022-05-01",
      "EncodedRequestUri": "L3N1YnNjcmlwdGlvbnMvNWI0YjY1MGUtMjhiOS00NzkwLWIzYWItZGRiZDg4ZDcyN2M0L3Jlc291cmNlR3JvdXBzL1JHTmFtZS1wczM4MDAvcHJvdmlkZXJzL01pY3Jvc29mdC5TdG9yYWdlL3N0b3JhZ2VBY2NvdW50cy9zdG9yYWdlbmFtZXBzOTM2OC9saXN0S2V5cz9hcGktdmVyc2lvbj0yMDIyLTA1LTAx",
      "RequestMethod": "POST",
      "RequestHeaders": {
        "x-ms-client-request-id": [
          "0ab85192-2a32-4796-b78d-3e0f3e6ecdbe"
        ],
        "Accept-Language": [
          "en-US"
        ],
        "User-Agent": [
          "FxVersion/4.700.22.41602",
          "OSName/Windows",
          "OSVersion/Microsoft.Windows.10.0.22621",
          "Microsoft.Azure.Management.Storage.StorageManagementClient/4.9.0"
        ]
      },
      "RequestBody": "",
      "ResponseHeaders": {
        "Cache-Control": [
          "no-cache"
        ],
        "Pragma": [
          "no-cache"
        ],
        "x-ms-request-id": [
          "b0dcbc07-1d3d-4d3a-b7e3-8f155cd98dbb"
        ],
        "Strict-Transport-Security": [
          "max-age=31536000; includeSubDomains"
        ],
        "Server": [
          "Microsoft-Azure-Storage-Resource-Provider/1.0,Microsoft-HTTPAPI/2.0 Microsoft-HTTPAPI/2.0"
        ],
        "x-ms-ratelimit-remaining-subscription-resource-requests": [
          "11999"
        ],
        "x-ms-correlation-request-id": [
          "aa561b96-cc99-4f23-aeb5-cd0206ef22f3"
        ],
        "x-ms-routing-request-id": [
          "WESTUS2:20221006T015747Z:aa561b96-cc99-4f23-aeb5-cd0206ef22f3"
        ],
        "X-Content-Type-Options": [
          "nosniff"
        ],
        "Date": [
          "Thu, 06 Oct 2022 01:57:47 GMT"
        ],
        "Content-Length": [
          "380"
        ],
        "Content-Type": [
          "application/json"
        ],
        "Expires": [
          "-1"
        ]
      },
      "ResponseBody": "{\r\n  \"keys\": [\r\n    {\r\n      \"creationTime\": \"2022-10-06T01:57:27.6473809Z\",\r\n      \"keyName\": \"key1\",\r\n      \"value\": \"Gfv7bExBZ450C0kFmot/wdozBTmKD8AeDm4qj4IWC7Vkf+Jl858vxz7twEy5v+l8T6GH8Nf+hgH1+ASttduTGw==\",\r\n      \"permissions\": \"FULL\"\r\n    },\r\n    {\r\n      \"creationTime\": \"2022-10-06T01:57:27.6473809Z\",\r\n      \"keyName\": \"key2\",\r\n      \"value\": \"5zWx4Wy1QdsXUYkQ39XBt4/HQeCc7yEJP+19W2GiOuXcjy+z8sBKjRLkrjwT1rdqmAjMa6eZIM/n+AStwjRfsQ==\",\r\n      \"permissions\": \"FULL\"\r\n    }\r\n  ]\r\n}",
      "StatusCode": 200
    },
    {
      "RequestUri": "/subscriptions/5b4b650e-28b9-4790-b3ab-ddbd88d727c4/resourceGroups/RGName-ps3800/providers/Microsoft.Storage/storageAccounts/storagenameps9368/listKeys?api-version=2022-05-01",
      "EncodedRequestUri": "L3N1YnNjcmlwdGlvbnMvNWI0YjY1MGUtMjhiOS00NzkwLWIzYWItZGRiZDg4ZDcyN2M0L3Jlc291cmNlR3JvdXBzL1JHTmFtZS1wczM4MDAvcHJvdmlkZXJzL01pY3Jvc29mdC5TdG9yYWdlL3N0b3JhZ2VBY2NvdW50cy9zdG9yYWdlbmFtZXBzOTM2OC9saXN0S2V5cz9hcGktdmVyc2lvbj0yMDIyLTA1LTAx",
      "RequestMethod": "POST",
      "RequestHeaders": {
        "x-ms-client-request-id": [
          "1c633f08-b5bd-4266-9208-de435238c318"
        ],
        "Accept-Language": [
          "en-US"
        ],
        "User-Agent": [
          "FxVersion/4.700.22.41602",
          "OSName/Windows",
          "OSVersion/Microsoft.Windows.10.0.22621",
          "Microsoft.Azure.Management.Storage.StorageManagementClient/4.9.0"
        ]
      },
      "RequestBody": "",
      "ResponseHeaders": {
        "Cache-Control": [
          "no-cache"
        ],
        "Pragma": [
          "no-cache"
        ],
        "x-ms-request-id": [
          "3065ce7e-4207-4ffb-8be8-83ce598deebb"
        ],
        "Strict-Transport-Security": [
          "max-age=31536000; includeSubDomains"
        ],
        "Server": [
          "Microsoft-Azure-Storage-Resource-Provider/1.0,Microsoft-HTTPAPI/2.0 Microsoft-HTTPAPI/2.0"
        ],
        "x-ms-ratelimit-remaining-subscription-resource-requests": [
          "11999"
        ],
        "x-ms-correlation-request-id": [
          "736643de-837c-4406-a015-af1b00e59c9b"
        ],
        "x-ms-routing-request-id": [
          "WESTUS2:20221006T015902Z:736643de-837c-4406-a015-af1b00e59c9b"
        ],
        "X-Content-Type-Options": [
          "nosniff"
        ],
        "Date": [
          "Thu, 06 Oct 2022 01:59:01 GMT"
        ],
        "Content-Length": [
          "380"
        ],
        "Content-Type": [
          "application/json"
        ],
        "Expires": [
          "-1"
        ]
      },
      "ResponseBody": "{\r\n  \"keys\": [\r\n    {\r\n      \"creationTime\": \"2022-10-06T01:57:27.6473809Z\",\r\n      \"keyName\": \"key1\",\r\n      \"value\": \"Gfv7bExBZ450C0kFmot/wdozBTmKD8AeDm4qj4IWC7Vkf+Jl858vxz7twEy5v+l8T6GH8Nf+hgH1+ASttduTGw==\",\r\n      \"permissions\": \"FULL\"\r\n    },\r\n    {\r\n      \"creationTime\": \"2022-10-06T01:57:27.6473809Z\",\r\n      \"keyName\": \"key2\",\r\n      \"value\": \"5zWx4Wy1QdsXUYkQ39XBt4/HQeCc7yEJP+19W2GiOuXcjy+z8sBKjRLkrjwT1rdqmAjMa6eZIM/n+AStwjRfsQ==\",\r\n      \"permissions\": \"FULL\"\r\n    }\r\n  ]\r\n}",
      "StatusCode": 200
    },
    {
      "RequestUri": "/subscriptions/5b4b650e-28b9-4790-b3ab-ddbd88d727c4/resourceGroups/RGName-ps3800/providers/Microsoft.EventGrid/systemTopics/PSTestTopic-ps6987?api-version=2022-06-15",
      "EncodedRequestUri": "L3N1YnNjcmlwdGlvbnMvNWI0YjY1MGUtMjhiOS00NzkwLWIzYWItZGRiZDg4ZDcyN2M0L3Jlc291cmNlR3JvdXBzL1JHTmFtZS1wczM4MDAvcHJvdmlkZXJzL01pY3Jvc29mdC5FdmVudEdyaWQvc3lzdGVtVG9waWNzL1BTVGVzdFRvcGljLXBzNjk4Nz9hcGktdmVyc2lvbj0yMDIyLTA2LTE1",
      "RequestMethod": "PUT",
      "RequestHeaders": {
        "x-ms-client-request-id": [
          "1765f10a-d888-47f9-811e-d3deb7dd4b10"
        ],
        "Accept-Language": [
          "en-US"
        ],
        "User-Agent": [
          "FxVersion/4.700.22.41602",
          "OSName/Windows",
          "OSVersion/Microsoft.Windows.10.0.22621",
          "Microsoft.Azure.Management.EventGrid.EventGridManagementClient/8.0.0.0"
        ],
        "Content-Type": [
          "application/json; charset=utf-8"
        ],
        "Content-Length": [
          "275"
        ]
      },
      "RequestBody": "{\r\n  \"properties\": {\r\n    \"source\": \"/subscriptions/5b4b650e-28b9-4790-b3ab-ddbd88d727c4/resourceGroups/RGName-ps3800/providers/Microsoft.Storage/storageAccounts/storagenameps9368\",\r\n    \"topicType\": \"microsoft.storage.storageaccounts\"\r\n  },\r\n  \"location\": \"westcentralus\"\r\n}",
      "ResponseHeaders": {
        "Cache-Control": [
          "no-cache"
        ],
        "Pragma": [
          "no-cache"
        ],
        "Strict-Transport-Security": [
          "max-age=31536000; includeSubDomains"
        ],
        "x-ms-request-id": [
          "65b0b7b3-6543-436a-ac24-aa00022539d0"
        ],
        "Server": [
          "Microsoft-HTTPAPI/2.0"
        ],
        "x-ms-ratelimit-remaining-subscription-writes": [
          "1199"
        ],
        "x-ms-correlation-request-id": [
          "e6d42e7e-6d54-48df-aa48-d8545e147f89"
        ],
        "x-ms-routing-request-id": [
          "WESTUS2:20221006T015750Z:e6d42e7e-6d54-48df-aa48-d8545e147f89"
        ],
        "X-Content-Type-Options": [
          "nosniff"
        ],
        "Date": [
          "Thu, 06 Oct 2022 01:57:49 GMT"
        ],
        "Content-Length": [
          "585"
        ],
        "Content-Type": [
          "application/json; charset=utf-8"
        ],
        "Expires": [
          "-1"
        ]
      },
      "ResponseBody": "{\r\n  \"properties\": {\r\n    \"provisioningState\": \"Succeeded\",\r\n    \"source\": \"/subscriptions/5b4b650e-28b9-4790-b3ab-ddbd88d727c4/resourceGroups/RGName-ps3800/providers/Microsoft.Storage/storageAccounts/storagenameps9368\",\r\n    \"topicType\": \"microsoft.storage.storageaccounts\",\r\n    \"metricResourceId\": \"e0993092-f82c-4fa4-b707-b180248eebd0\"\r\n  },\r\n  \"systemData\": null,\r\n  \"location\": \"westcentralus\",\r\n  \"tags\": null,\r\n  \"id\": \"/subscriptions/5b4b650e-28b9-4790-b3ab-ddbd88d727c4/resourceGroups/RGName-ps3800/providers/Microsoft.EventGrid/systemTopics/PSTestTopic-ps6987\",\r\n  \"name\": \"PSTestTopic-ps6987\",\r\n  \"type\": \"Microsoft.EventGrid/systemTopics\"\r\n}",
      "StatusCode": 200
    },
    {
      "RequestUri": "/subscriptions/5b4b650e-28b9-4790-b3ab-ddbd88d727c4/resourceGroups/RGName-ps3800/providers/Microsoft.EventGrid/systemTopics/PSTestTopic-ps6987?api-version=2022-06-15",
      "EncodedRequestUri": "L3N1YnNjcmlwdGlvbnMvNWI0YjY1MGUtMjhiOS00NzkwLWIzYWItZGRiZDg4ZDcyN2M0L3Jlc291cmNlR3JvdXBzL1JHTmFtZS1wczM4MDAvcHJvdmlkZXJzL01pY3Jvc29mdC5FdmVudEdyaWQvc3lzdGVtVG9waWNzL1BTVGVzdFRvcGljLXBzNjk4Nz9hcGktdmVyc2lvbj0yMDIyLTA2LTE1",
      "RequestMethod": "GET",
      "RequestHeaders": {
        "x-ms-client-request-id": [
          "11ecd211-d3f9-4c40-8957-72eedefe728b"
        ],
        "Accept-Language": [
          "en-US"
        ],
        "User-Agent": [
          "FxVersion/4.700.22.41602",
          "OSName/Windows",
          "OSVersion/Microsoft.Windows.10.0.22621",
          "Microsoft.Azure.Management.EventGrid.EventGridManagementClient/8.0.0.0"
        ]
      },
      "RequestBody": "",
      "ResponseHeaders": {
        "Cache-Control": [
          "no-cache"
        ],
        "Pragma": [
          "no-cache"
        ],
        "Strict-Transport-Security": [
          "max-age=31536000; includeSubDomains"
        ],
        "x-ms-request-id": [
          "73140e63-b3e8-41cd-a332-3eed01e655a3"
        ],
        "Server": [
          "Microsoft-HTTPAPI/2.0"
        ],
        "x-ms-ratelimit-remaining-subscription-reads": [
          "11999"
        ],
        "x-ms-correlation-request-id": [
          "0a11e22b-7033-4408-b5dd-96aea2bb0b3b"
        ],
        "x-ms-routing-request-id": [
          "WESTUS2:20221006T015750Z:0a11e22b-7033-4408-b5dd-96aea2bb0b3b"
        ],
        "X-Content-Type-Options": [
          "nosniff"
        ],
        "Date": [
          "Thu, 06 Oct 2022 01:57:50 GMT"
        ],
        "Content-Length": [
          "585"
        ],
        "Content-Type": [
          "application/json; charset=utf-8"
        ],
        "Expires": [
          "-1"
        ]
      },
      "ResponseBody": "{\r\n  \"properties\": {\r\n    \"provisioningState\": \"Succeeded\",\r\n    \"source\": \"/subscriptions/5b4b650e-28b9-4790-b3ab-ddbd88d727c4/resourceGroups/RGName-ps3800/providers/Microsoft.Storage/storageAccounts/storagenameps9368\",\r\n    \"topicType\": \"microsoft.storage.storageaccounts\",\r\n    \"metricResourceId\": \"e0993092-f82c-4fa4-b707-b180248eebd0\"\r\n  },\r\n  \"systemData\": null,\r\n  \"location\": \"westcentralus\",\r\n  \"tags\": null,\r\n  \"id\": \"/subscriptions/5b4b650e-28b9-4790-b3ab-ddbd88d727c4/resourceGroups/RGName-ps3800/providers/Microsoft.EventGrid/systemTopics/PSTestTopic-ps6987\",\r\n  \"name\": \"PSTestTopic-ps6987\",\r\n  \"type\": \"Microsoft.EventGrid/systemTopics\"\r\n}",
      "StatusCode": 200
    },
    {
      "RequestUri": "/subscriptions/5b4b650e-28b9-4790-b3ab-ddbd88d727c4/resourceGroups/RGName-ps3800/providers/Microsoft.EventGrid/systemTopics/PSTestTopic-ps6987/eventSubscriptions/EventSubscription-ps7781?api-version=2022-06-15",
      "EncodedRequestUri": "L3N1YnNjcmlwdGlvbnMvNWI0YjY1MGUtMjhiOS00NzkwLWIzYWItZGRiZDg4ZDcyN2M0L3Jlc291cmNlR3JvdXBzL1JHTmFtZS1wczM4MDAvcHJvdmlkZXJzL01pY3Jvc29mdC5FdmVudEdyaWQvc3lzdGVtVG9waWNzL1BTVGVzdFRvcGljLXBzNjk4Ny9ldmVudFN1YnNjcmlwdGlvbnMvRXZlbnRTdWJzY3JpcHRpb24tcHM3NzgxP2FwaS12ZXJzaW9uPTIwMjItMDYtMTU=",
      "RequestMethod": "PUT",
      "RequestHeaders": {
        "x-ms-client-request-id": [
          "2345dc58-8396-4420-8f48-264691069223"
        ],
        "Accept-Language": [
          "en-US"
        ],
        "User-Agent": [
          "FxVersion/4.700.22.41602",
          "OSName/Windows",
          "OSVersion/Microsoft.Windows.10.0.22621",
          "Microsoft.Azure.Management.EventGrid.EventGridManagementClient/8.0.0.0"
        ],
        "Content-Type": [
          "application/json; charset=utf-8"
        ],
        "Content-Length": [
          "433"
        ]
      },
      "RequestBody": "{\r\n  \"properties\": {\r\n    \"destination\": {\r\n      \"endpointType\": \"WebHook\",\r\n      \"properties\": {\r\n        \"endpointUrl\": \"https://devexpfuncappdestination.azurewebsites.net/runtime/webhooks/EventGrid?functionName=EventGridTrigger1&code=<HIDDEN>\"\r\n      }\r\n    },\r\n    \"filter\": {\r\n      \"isSubjectCaseSensitive\": false,\r\n      \"enableAdvancedFilteringOnArrays\": false\r\n    }\r\n  }\r\n}",
      "ResponseHeaders": {
        "Cache-Control": [
          "no-cache"
        ],
        "Pragma": [
          "no-cache"
        ],
        "Retry-After": [
          "10"
        ],
        "Strict-Transport-Security": [
          "max-age=31536000; includeSubDomains"
        ],
        "Azure-AsyncOperation": [
          "https://management.azure.com:443/subscriptions/5B4B650E-28B9-4790-B3AB-DDBD88D727C4/providers/Microsoft.EventGrid/locations/westcentralus/operationsStatus/AD91F72A-BE5D-47E5-87AB-C34A4AC04F82?api-version=2022-06-15"
        ],
        "x-ms-request-id": [
          "22c6914e-4cb2-4594-a8cf-01de97a7be14"
        ],
        "Server": [
          "Microsoft-HTTPAPI/2.0"
        ],
        "x-ms-ratelimit-remaining-subscription-writes": [
          "1199"
        ],
        "x-ms-correlation-request-id": [
          "604bb187-2023-4778-80bd-b2d433254b69"
        ],
        "x-ms-routing-request-id": [
          "WESTUS2:20221006T015751Z:604bb187-2023-4778-80bd-b2d433254b69"
        ],
        "X-Content-Type-Options": [
          "nosniff"
        ],
        "Date": [
          "Thu, 06 Oct 2022 01:57:51 GMT"
        ],
        "Content-Length": [
          "905"
        ],
        "Content-Type": [
          "application/json; charset=utf-8"
        ],
        "Expires": [
          "-1"
        ]
      },
      "ResponseBody": "{\r\n  \"properties\": {\r\n    \"topic\": \"/subscriptions/5b4b650e-28b9-4790-b3ab-ddbd88d727c4/resourceGroups/RGName-ps3800/providers/Microsoft.EventGrid/systemTopics/PSTestTopic-ps6987\",\r\n    \"provisioningState\": \"Creating\",\r\n    \"destination\": {\r\n      \"properties\": {\r\n        \"endpointUrl\": null,\r\n        \"endpointBaseUrl\": \"https://devexpfuncappdestination.azurewebsites.net/runtime/webhooks/EventGrid\"\r\n      },\r\n      \"endpointType\": \"WebHook\"\r\n    },\r\n    \"filter\": {\r\n      \"includedEventTypes\": [\r\n        \"Microsoft.Storage.BlobCreated\",\r\n        \"Microsoft.Storage.BlobDeleted\"\r\n      ],\r\n      \"enableAdvancedFilteringOnArrays\": false\r\n    },\r\n    \"labels\": null,\r\n    \"retryPolicy\": {\r\n      \"maxDeliveryAttempts\": 30,\r\n      \"eventTimeToLiveInMinutes\": 1440\r\n    }\r\n  },\r\n  \"systemData\": null,\r\n  \"id\": \"/subscriptions/5b4b650e-28b9-4790-b3ab-ddbd88d727c4/resourceGroups/RGName-ps3800/providers/Microsoft.EventGrid/systemTopics/PSTestTopic-ps6987/eventSubscriptions/EventSubscription-ps7781\",\r\n  \"name\": \"EventSubscription-ps7781\",\r\n  \"type\": \"Microsoft.EventGrid/systemTopics/eventSubscriptions\"\r\n}",
      "StatusCode": 201
    },
    {
      "RequestUri": "/subscriptions/5B4B650E-28B9-4790-B3AB-DDBD88D727C4/providers/Microsoft.EventGrid/locations/westcentralus/operationsStatus/AD91F72A-BE5D-47E5-87AB-C34A4AC04F82?api-version=2022-06-15",
      "EncodedRequestUri": "L3N1YnNjcmlwdGlvbnMvNUI0QjY1MEUtMjhCOS00NzkwLUIzQUItRERCRDg4RDcyN0M0L3Byb3ZpZGVycy9NaWNyb3NvZnQuRXZlbnRHcmlkL2xvY2F0aW9ucy93ZXN0Y2VudHJhbHVzL29wZXJhdGlvbnNTdGF0dXMvQUQ5MUY3MkEtQkU1RC00N0U1LTg3QUItQzM0QTRBQzA0RjgyP2FwaS12ZXJzaW9uPTIwMjItMDYtMTU=",
      "RequestMethod": "GET",
      "RequestHeaders": {
        "x-ms-client-request-id": [
          "2345dc58-8396-4420-8f48-264691069223"
        ],
        "User-Agent": [
          "FxVersion/4.700.22.41602",
          "OSName/Windows",
          "OSVersion/Microsoft.Windows.10.0.22621",
          "Microsoft.Azure.Management.EventGrid.EventGridManagementClient/8.0.0.0"
        ]
      },
      "RequestBody": "",
      "ResponseHeaders": {
        "Cache-Control": [
          "no-cache"
        ],
        "Pragma": [
          "no-cache"
        ],
        "Strict-Transport-Security": [
          "max-age=31536000; includeSubDomains"
        ],
        "x-ms-request-id": [
          "828e54fd-e186-451c-a775-322190f9af01"
        ],
        "Server": [
          "Microsoft-HTTPAPI/2.0"
        ],
        "x-ms-ratelimit-remaining-subscription-reads": [
          "11999"
        ],
        "x-ms-correlation-request-id": [
          "1fda10e4-21de-4821-9c33-c02cbc995e0a"
        ],
        "x-ms-routing-request-id": [
          "WESTUS2:20221006T015801Z:1fda10e4-21de-4821-9c33-c02cbc995e0a"
        ],
        "X-Content-Type-Options": [
          "nosniff"
        ],
        "Date": [
          "Thu, 06 Oct 2022 01:58:01 GMT"
        ],
        "Content-Length": [
          "286"
        ],
        "Content-Type": [
          "application/json; charset=utf-8"
        ],
        "Expires": [
          "-1"
        ]
      },
      "ResponseBody": "{\r\n  \"id\": \"https://management.azure.com/subscriptions/5B4B650E-28B9-4790-B3AB-DDBD88D727C4/providers/Microsoft.EventGrid/locations/westcentralus/operationsStatus/AD91F72A-BE5D-47E5-87AB-C34A4AC04F82?api-version=2022-06-15\",\r\n  \"name\": \"ad91f72a-be5d-47e5-87ab-c34a4ac04f82\",\r\n  \"status\": \"Succeeded\"\r\n}",
      "StatusCode": 200
    },
    {
      "RequestUri": "/subscriptions/5b4b650e-28b9-4790-b3ab-ddbd88d727c4/resourceGroups/RGName-ps3800/providers/Microsoft.EventGrid/systemTopics/PSTestTopic-ps6987/eventSubscriptions/EventSubscription-ps7781?api-version=2022-06-15",
      "EncodedRequestUri": "L3N1YnNjcmlwdGlvbnMvNWI0YjY1MGUtMjhiOS00NzkwLWIzYWItZGRiZDg4ZDcyN2M0L3Jlc291cmNlR3JvdXBzL1JHTmFtZS1wczM4MDAvcHJvdmlkZXJzL01pY3Jvc29mdC5FdmVudEdyaWQvc3lzdGVtVG9waWNzL1BTVGVzdFRvcGljLXBzNjk4Ny9ldmVudFN1YnNjcmlwdGlvbnMvRXZlbnRTdWJzY3JpcHRpb24tcHM3NzgxP2FwaS12ZXJzaW9uPTIwMjItMDYtMTU=",
      "RequestMethod": "GET",
      "RequestHeaders": {
        "x-ms-client-request-id": [
          "2345dc58-8396-4420-8f48-264691069223"
        ],
        "User-Agent": [
          "FxVersion/4.700.22.41602",
          "OSName/Windows",
          "OSVersion/Microsoft.Windows.10.0.22621",
          "Microsoft.Azure.Management.EventGrid.EventGridManagementClient/8.0.0.0"
        ]
      },
      "RequestBody": "",
      "ResponseHeaders": {
        "Cache-Control": [
          "no-cache"
        ],
        "Pragma": [
          "no-cache"
        ],
        "Strict-Transport-Security": [
          "max-age=31536000; includeSubDomains"
        ],
        "x-ms-request-id": [
          "e9e2ba2c-6a10-494d-986b-0ecc86290404"
        ],
        "Server": [
          "Microsoft-HTTPAPI/2.0"
        ],
        "x-ms-ratelimit-remaining-subscription-reads": [
          "11998"
        ],
        "x-ms-correlation-request-id": [
          "8c7883b1-50fc-4d63-8ae0-b194b171d367"
        ],
        "x-ms-routing-request-id": [
          "WESTUS2:20221006T015801Z:8c7883b1-50fc-4d63-8ae0-b194b171d367"
        ],
        "X-Content-Type-Options": [
          "nosniff"
        ],
        "Date": [
          "Thu, 06 Oct 2022 01:58:01 GMT"
        ],
        "Content-Length": [
          "1047"
        ],
        "Content-Type": [
          "application/json; charset=utf-8"
        ],
        "Expires": [
          "-1"
        ]
      },
      "ResponseBody": "{\r\n  \"properties\": {\r\n    \"topic\": \"/subscriptions/5b4b650e-28b9-4790-b3ab-ddbd88d727c4/resourceGroups/RGName-ps3800/providers/Microsoft.EventGrid/systemTopics/PSTestTopic-ps6987\",\r\n    \"provisioningState\": \"Succeeded\",\r\n    \"destination\": {\r\n      \"properties\": {\r\n        \"endpointUrl\": null,\r\n        \"endpointBaseUrl\": \"https://devexpfuncappdestination.azurewebsites.net/runtime/webhooks/EventGrid\",\r\n        \"maxEventsPerBatch\": 1,\r\n        \"preferredBatchSizeInKilobytes\": 64\r\n      },\r\n      \"endpointType\": \"WebHook\"\r\n    },\r\n    \"filter\": {\r\n      \"subjectBeginsWith\": \"\",\r\n      \"subjectEndsWith\": \"\",\r\n      \"includedEventTypes\": [\r\n        \"Microsoft.Storage.BlobCreated\",\r\n        \"Microsoft.Storage.BlobDeleted\"\r\n      ],\r\n      \"enableAdvancedFilteringOnArrays\": false\r\n    },\r\n    \"labels\": null,\r\n    \"eventDeliverySchema\": \"EventGridSchema\",\r\n    \"retryPolicy\": {\r\n      \"maxDeliveryAttempts\": 30,\r\n      \"eventTimeToLiveInMinutes\": 1440\r\n    }\r\n  },\r\n  \"systemData\": null,\r\n  \"id\": \"/subscriptions/5b4b650e-28b9-4790-b3ab-ddbd88d727c4/resourceGroups/RGName-ps3800/providers/Microsoft.EventGrid/systemTopics/PSTestTopic-ps6987/eventSubscriptions/EventSubscription-ps7781\",\r\n  \"name\": \"EventSubscription-ps7781\",\r\n  \"type\": \"Microsoft.EventGrid/systemTopics/eventSubscriptions\"\r\n}",
      "StatusCode": 200
    },
    {
      "RequestUri": "/subscriptions/5b4b650e-28b9-4790-b3ab-ddbd88d727c4/resourceGroups/RGName-ps3800/providers/Microsoft.EventGrid/systemTopics/PSTestTopic-ps6987/eventSubscriptions/EventSubscription-ps7781?api-version=2022-06-15",
      "EncodedRequestUri": "L3N1YnNjcmlwdGlvbnMvNWI0YjY1MGUtMjhiOS00NzkwLWIzYWItZGRiZDg4ZDcyN2M0L3Jlc291cmNlR3JvdXBzL1JHTmFtZS1wczM4MDAvcHJvdmlkZXJzL01pY3Jvc29mdC5FdmVudEdyaWQvc3lzdGVtVG9waWNzL1BTVGVzdFRvcGljLXBzNjk4Ny9ldmVudFN1YnNjcmlwdGlvbnMvRXZlbnRTdWJzY3JpcHRpb24tcHM3NzgxP2FwaS12ZXJzaW9uPTIwMjItMDYtMTU=",
      "RequestMethod": "GET",
      "RequestHeaders": {
        "x-ms-client-request-id": [
          "08561786-12b7-4c72-a213-295582359468"
        ],
        "Accept-Language": [
          "en-US"
        ],
        "User-Agent": [
          "FxVersion/4.700.22.41602",
          "OSName/Windows",
          "OSVersion/Microsoft.Windows.10.0.22621",
          "Microsoft.Azure.Management.EventGrid.EventGridManagementClient/8.0.0.0"
        ]
      },
      "RequestBody": "",
      "ResponseHeaders": {
        "Cache-Control": [
          "no-cache"
        ],
        "Pragma": [
          "no-cache"
        ],
        "Strict-Transport-Security": [
          "max-age=31536000; includeSubDomains"
        ],
        "x-ms-request-id": [
          "d903250e-5af4-4437-8072-1f7c670a46a0"
        ],
        "Server": [
          "Microsoft-HTTPAPI/2.0"
        ],
        "x-ms-ratelimit-remaining-subscription-reads": [
          "11999"
        ],
        "x-ms-correlation-request-id": [
          "8e0906b3-adf4-4cf7-92cf-f2a39674872b"
        ],
        "x-ms-routing-request-id": [
          "WESTUS2:20221006T015802Z:8e0906b3-adf4-4cf7-92cf-f2a39674872b"
        ],
        "X-Content-Type-Options": [
          "nosniff"
        ],
        "Date": [
          "Thu, 06 Oct 2022 01:58:01 GMT"
        ],
        "Content-Length": [
          "1047"
        ],
        "Content-Type": [
          "application/json; charset=utf-8"
        ],
        "Expires": [
          "-1"
        ]
      },
      "ResponseBody": "{\r\n  \"properties\": {\r\n    \"topic\": \"/subscriptions/5b4b650e-28b9-4790-b3ab-ddbd88d727c4/resourceGroups/RGName-ps3800/providers/Microsoft.EventGrid/systemTopics/PSTestTopic-ps6987\",\r\n    \"provisioningState\": \"Succeeded\",\r\n    \"destination\": {\r\n      \"properties\": {\r\n        \"endpointUrl\": null,\r\n        \"endpointBaseUrl\": \"https://devexpfuncappdestination.azurewebsites.net/runtime/webhooks/EventGrid\",\r\n        \"maxEventsPerBatch\": 1,\r\n        \"preferredBatchSizeInKilobytes\": 64\r\n      },\r\n      \"endpointType\": \"WebHook\"\r\n    },\r\n    \"filter\": {\r\n      \"subjectBeginsWith\": \"\",\r\n      \"subjectEndsWith\": \"\",\r\n      \"includedEventTypes\": [\r\n        \"Microsoft.Storage.BlobCreated\",\r\n        \"Microsoft.Storage.BlobDeleted\"\r\n      ],\r\n      \"enableAdvancedFilteringOnArrays\": false\r\n    },\r\n    \"labels\": null,\r\n    \"eventDeliverySchema\": \"EventGridSchema\",\r\n    \"retryPolicy\": {\r\n      \"maxDeliveryAttempts\": 30,\r\n      \"eventTimeToLiveInMinutes\": 1440\r\n    }\r\n  },\r\n  \"systemData\": null,\r\n  \"id\": \"/subscriptions/5b4b650e-28b9-4790-b3ab-ddbd88d727c4/resourceGroups/RGName-ps3800/providers/Microsoft.EventGrid/systemTopics/PSTestTopic-ps6987/eventSubscriptions/EventSubscription-ps7781\",\r\n  \"name\": \"EventSubscription-ps7781\",\r\n  \"type\": \"Microsoft.EventGrid/systemTopics/eventSubscriptions\"\r\n}",
      "StatusCode": 200
    },
    {
      "RequestUri": "/subscriptions/5b4b650e-28b9-4790-b3ab-ddbd88d727c4/resourceGroups/RGName-ps3800/providers/Microsoft.EventGrid/systemTopics/PSTestTopic-ps6987/eventSubscriptions/EventSubscription-ps7781?api-version=2022-06-15",
      "EncodedRequestUri": "L3N1YnNjcmlwdGlvbnMvNWI0YjY1MGUtMjhiOS00NzkwLWIzYWItZGRiZDg4ZDcyN2M0L3Jlc291cmNlR3JvdXBzL1JHTmFtZS1wczM4MDAvcHJvdmlkZXJzL01pY3Jvc29mdC5FdmVudEdyaWQvc3lzdGVtVG9waWNzL1BTVGVzdFRvcGljLXBzNjk4Ny9ldmVudFN1YnNjcmlwdGlvbnMvRXZlbnRTdWJzY3JpcHRpb24tcHM3NzgxP2FwaS12ZXJzaW9uPTIwMjItMDYtMTU=",
      "RequestMethod": "GET",
      "RequestHeaders": {
        "x-ms-client-request-id": [
          "3ecf29b7-c5d2-4fea-bb1d-04f26976b320"
        ],
        "User-Agent": [
          "FxVersion/4.700.22.41602",
          "OSName/Windows",
          "OSVersion/Microsoft.Windows.10.0.22621",
          "Microsoft.Azure.Management.EventGrid.EventGridManagementClient/8.0.0.0"
        ]
      },
      "RequestBody": "",
      "ResponseHeaders": {
        "Cache-Control": [
          "no-cache"
        ],
        "Pragma": [
          "no-cache"
        ],
        "Strict-Transport-Security": [
          "max-age=31536000; includeSubDomains"
        ],
        "x-ms-request-id": [
          "1eaa81a6-040c-40fd-8626-4c830190cbc2"
        ],
        "Server": [
          "Microsoft-HTTPAPI/2.0"
        ],
        "x-ms-ratelimit-remaining-subscription-reads": [
          "11998"
        ],
        "x-ms-correlation-request-id": [
          "8ac0c1a6-140a-4fa5-a874-cfc16b411415"
        ],
        "x-ms-routing-request-id": [
          "WESTUS2:20221006T015826Z:8ac0c1a6-140a-4fa5-a874-cfc16b411415"
        ],
        "X-Content-Type-Options": [
          "nosniff"
        ],
        "Date": [
          "Thu, 06 Oct 2022 01:58:25 GMT"
        ],
        "Content-Length": [
          "1059"
        ],
        "Content-Type": [
          "application/json; charset=utf-8"
        ],
        "Expires": [
          "-1"
        ]
      },
      "ResponseBody": "{\r\n  \"properties\": {\r\n    \"topic\": \"/subscriptions/5b4b650e-28b9-4790-b3ab-ddbd88d727c4/resourceGroups/RGName-ps3800/providers/Microsoft.EventGrid/systemTopics/PSTestTopic-ps6987\",\r\n    \"provisioningState\": \"Succeeded\",\r\n    \"destination\": {\r\n      \"properties\": {\r\n        \"endpointUrl\": null,\r\n        \"endpointBaseUrl\": \"https://devexpfuncappdestination.azurewebsites.net/runtime/webhooks/EventGrid\",\r\n        \"maxEventsPerBatch\": 1,\r\n        \"preferredBatchSizeInKilobytes\": 64\r\n      },\r\n      \"endpointType\": \"WebHook\"\r\n    },\r\n    \"filter\": {\r\n      \"subjectBeginsWith\": \"\",\r\n      \"subjectEndsWith\": \"\",\r\n      \"includedEventTypes\": [\r\n        \"Microsoft.Storage.BlobCreated\",\r\n        \"Microsoft.Storage.BlobDeleted\"\r\n      ],\r\n      \"enableAdvancedFilteringOnArrays\": false\r\n    },\r\n    \"labels\": [\r\n      \"Finance\",\r\n      \"HR\"\r\n    ],\r\n    \"eventDeliverySchema\": \"EventGridSchema\",\r\n    \"retryPolicy\": {\r\n      \"maxDeliveryAttempts\": 30,\r\n      \"eventTimeToLiveInMinutes\": 1440\r\n    }\r\n  },\r\n  \"systemData\": null,\r\n  \"id\": \"/subscriptions/5b4b650e-28b9-4790-b3ab-ddbd88d727c4/resourceGroups/RGName-ps3800/providers/Microsoft.EventGrid/systemTopics/PSTestTopic-ps6987/eventSubscriptions/EventSubscription-ps7781\",\r\n  \"name\": \"EventSubscription-ps7781\",\r\n  \"type\": \"Microsoft.EventGrid/systemTopics/eventSubscriptions\"\r\n}",
      "StatusCode": 200
    },
    {
      "RequestUri": "/subscriptions/5b4b650e-28b9-4790-b3ab-ddbd88d727c4/resourceGroups/RGName-ps3800/providers/Microsoft.EventGrid/systemTopics/PSTestTopic-ps6987/eventSubscriptions/EventSubscription-ps8752?api-version=2022-06-15",
      "EncodedRequestUri": "L3N1YnNjcmlwdGlvbnMvNWI0YjY1MGUtMjhiOS00NzkwLWIzYWItZGRiZDg4ZDcyN2M0L3Jlc291cmNlR3JvdXBzL1JHTmFtZS1wczM4MDAvcHJvdmlkZXJzL01pY3Jvc29mdC5FdmVudEdyaWQvc3lzdGVtVG9waWNzL1BTVGVzdFRvcGljLXBzNjk4Ny9ldmVudFN1YnNjcmlwdGlvbnMvRXZlbnRTdWJzY3JpcHRpb24tcHM4NzUyP2FwaS12ZXJzaW9uPTIwMjItMDYtMTU=",
      "RequestMethod": "PUT",
      "RequestHeaders": {
        "x-ms-client-request-id": [
          "12978e1b-e938-4467-97ec-9b8159871ea8"
        ],
        "Accept-Language": [
          "en-US"
        ],
        "User-Agent": [
          "FxVersion/4.700.22.41602",
          "OSName/Windows",
          "OSVersion/Microsoft.Windows.10.0.22621",
          "Microsoft.Azure.Management.EventGrid.EventGridManagementClient/8.0.0.0"
        ],
        "Content-Type": [
          "application/json; charset=utf-8"
        ],
        "Content-Length": [
          "433"
        ]
      },
      "RequestBody": "{\r\n  \"properties\": {\r\n    \"destination\": {\r\n      \"endpointType\": \"WebHook\",\r\n      \"properties\": {\r\n        \"endpointUrl\": \"https://devexpfuncappdestination.azurewebsites.net/runtime/webhooks/EventGrid?functionName=EventGridTrigger1&code=<HIDDEN>\"\r\n      }\r\n    },\r\n    \"filter\": {\r\n      \"isSubjectCaseSensitive\": false,\r\n      \"enableAdvancedFilteringOnArrays\": false\r\n    }\r\n  }\r\n}",
      "ResponseHeaders": {
        "Cache-Control": [
          "no-cache"
        ],
        "Pragma": [
          "no-cache"
        ],
        "Retry-After": [
          "10"
        ],
        "Strict-Transport-Security": [
          "max-age=31536000; includeSubDomains"
        ],
        "Azure-AsyncOperation": [
          "https://management.azure.com:443/subscriptions/5B4B650E-28B9-4790-B3AB-DDBD88D727C4/providers/Microsoft.EventGrid/locations/westcentralus/operationsStatus/9A6A8961-EE01-46EE-BD63-A4549CC6CA55?api-version=2022-06-15"
        ],
        "x-ms-request-id": [
          "2ca7ec5e-186d-4355-ac1d-2eb771078e2d"
        ],
        "Server": [
          "Microsoft-HTTPAPI/2.0"
        ],
        "x-ms-ratelimit-remaining-subscription-writes": [
          "1199"
        ],
        "x-ms-correlation-request-id": [
          "4b49a58c-0159-4886-838d-39a9f7a86e9d"
        ],
        "x-ms-routing-request-id": [
          "WESTUS2:20221006T015803Z:4b49a58c-0159-4886-838d-39a9f7a86e9d"
        ],
        "X-Content-Type-Options": [
          "nosniff"
        ],
        "Date": [
          "Thu, 06 Oct 2022 01:58:03 GMT"
        ],
        "Content-Length": [
          "905"
        ],
        "Content-Type": [
          "application/json; charset=utf-8"
        ],
        "Expires": [
          "-1"
        ]
      },
      "ResponseBody": "{\r\n  \"properties\": {\r\n    \"topic\": \"/subscriptions/5b4b650e-28b9-4790-b3ab-ddbd88d727c4/resourceGroups/RGName-ps3800/providers/Microsoft.EventGrid/systemTopics/PSTestTopic-ps6987\",\r\n    \"provisioningState\": \"Creating\",\r\n    \"destination\": {\r\n      \"properties\": {\r\n        \"endpointUrl\": null,\r\n        \"endpointBaseUrl\": \"https://devexpfuncappdestination.azurewebsites.net/runtime/webhooks/EventGrid\"\r\n      },\r\n      \"endpointType\": \"WebHook\"\r\n    },\r\n    \"filter\": {\r\n      \"includedEventTypes\": [\r\n        \"Microsoft.Storage.BlobCreated\",\r\n        \"Microsoft.Storage.BlobDeleted\"\r\n      ],\r\n      \"enableAdvancedFilteringOnArrays\": false\r\n    },\r\n    \"labels\": null,\r\n    \"retryPolicy\": {\r\n      \"maxDeliveryAttempts\": 30,\r\n      \"eventTimeToLiveInMinutes\": 1440\r\n    }\r\n  },\r\n  \"systemData\": null,\r\n  \"id\": \"/subscriptions/5b4b650e-28b9-4790-b3ab-ddbd88d727c4/resourceGroups/RGName-ps3800/providers/Microsoft.EventGrid/systemTopics/PSTestTopic-ps6987/eventSubscriptions/EventSubscription-ps8752\",\r\n  \"name\": \"EventSubscription-ps8752\",\r\n  \"type\": \"Microsoft.EventGrid/systemTopics/eventSubscriptions\"\r\n}",
      "StatusCode": 201
    },
    {
      "RequestUri": "/subscriptions/5B4B650E-28B9-4790-B3AB-DDBD88D727C4/providers/Microsoft.EventGrid/locations/westcentralus/operationsStatus/9A6A8961-EE01-46EE-BD63-A4549CC6CA55?api-version=2022-06-15",
      "EncodedRequestUri": "L3N1YnNjcmlwdGlvbnMvNUI0QjY1MEUtMjhCOS00NzkwLUIzQUItRERCRDg4RDcyN0M0L3Byb3ZpZGVycy9NaWNyb3NvZnQuRXZlbnRHcmlkL2xvY2F0aW9ucy93ZXN0Y2VudHJhbHVzL29wZXJhdGlvbnNTdGF0dXMvOUE2QTg5NjEtRUUwMS00NkVFLUJENjMtQTQ1NDlDQzZDQTU1P2FwaS12ZXJzaW9uPTIwMjItMDYtMTU=",
      "RequestMethod": "GET",
      "RequestHeaders": {
        "x-ms-client-request-id": [
          "12978e1b-e938-4467-97ec-9b8159871ea8"
        ],
        "User-Agent": [
          "FxVersion/4.700.22.41602",
          "OSName/Windows",
          "OSVersion/Microsoft.Windows.10.0.22621",
          "Microsoft.Azure.Management.EventGrid.EventGridManagementClient/8.0.0.0"
        ]
      },
      "RequestBody": "",
      "ResponseHeaders": {
        "Cache-Control": [
          "no-cache"
        ],
        "Pragma": [
          "no-cache"
        ],
        "Strict-Transport-Security": [
          "max-age=31536000; includeSubDomains"
        ],
        "x-ms-request-id": [
          "334e47fd-40cf-4965-b893-ee2625693b12"
        ],
        "Server": [
          "Microsoft-HTTPAPI/2.0"
        ],
        "x-ms-ratelimit-remaining-subscription-reads": [
          "11999"
        ],
        "x-ms-correlation-request-id": [
          "0b6796b0-b3b2-4ff6-a8a2-40db8f8d58cc"
        ],
        "x-ms-routing-request-id": [
          "WESTUS2:20221006T015813Z:0b6796b0-b3b2-4ff6-a8a2-40db8f8d58cc"
        ],
        "X-Content-Type-Options": [
          "nosniff"
        ],
        "Date": [
          "Thu, 06 Oct 2022 01:58:13 GMT"
        ],
        "Content-Length": [
          "286"
        ],
        "Content-Type": [
          "application/json; charset=utf-8"
        ],
        "Expires": [
          "-1"
        ]
      },
      "ResponseBody": "{\r\n  \"id\": \"https://management.azure.com/subscriptions/5B4B650E-28B9-4790-B3AB-DDBD88D727C4/providers/Microsoft.EventGrid/locations/westcentralus/operationsStatus/9A6A8961-EE01-46EE-BD63-A4549CC6CA55?api-version=2022-06-15\",\r\n  \"name\": \"9a6a8961-ee01-46ee-bd63-a4549cc6ca55\",\r\n  \"status\": \"Succeeded\"\r\n}",
      "StatusCode": 200
    },
    {
      "RequestUri": "/subscriptions/5b4b650e-28b9-4790-b3ab-ddbd88d727c4/resourceGroups/RGName-ps3800/providers/Microsoft.EventGrid/systemTopics/PSTestTopic-ps6987/eventSubscriptions/EventSubscription-ps8752?api-version=2022-06-15",
      "EncodedRequestUri": "L3N1YnNjcmlwdGlvbnMvNWI0YjY1MGUtMjhiOS00NzkwLWIzYWItZGRiZDg4ZDcyN2M0L3Jlc291cmNlR3JvdXBzL1JHTmFtZS1wczM4MDAvcHJvdmlkZXJzL01pY3Jvc29mdC5FdmVudEdyaWQvc3lzdGVtVG9waWNzL1BTVGVzdFRvcGljLXBzNjk4Ny9ldmVudFN1YnNjcmlwdGlvbnMvRXZlbnRTdWJzY3JpcHRpb24tcHM4NzUyP2FwaS12ZXJzaW9uPTIwMjItMDYtMTU=",
      "RequestMethod": "GET",
      "RequestHeaders": {
        "x-ms-client-request-id": [
          "12978e1b-e938-4467-97ec-9b8159871ea8"
        ],
        "User-Agent": [
          "FxVersion/4.700.22.41602",
          "OSName/Windows",
          "OSVersion/Microsoft.Windows.10.0.22621",
          "Microsoft.Azure.Management.EventGrid.EventGridManagementClient/8.0.0.0"
        ]
      },
      "RequestBody": "",
      "ResponseHeaders": {
        "Cache-Control": [
          "no-cache"
        ],
        "Pragma": [
          "no-cache"
        ],
        "Strict-Transport-Security": [
          "max-age=31536000; includeSubDomains"
        ],
        "x-ms-request-id": [
          "ae51668b-60ce-486e-9301-0558ff3c540c"
        ],
        "Server": [
          "Microsoft-HTTPAPI/2.0"
        ],
        "x-ms-ratelimit-remaining-subscription-reads": [
          "11998"
        ],
        "x-ms-correlation-request-id": [
          "115a73f9-8f5e-48c4-80d7-5cc5fe09acc4"
        ],
        "x-ms-routing-request-id": [
          "WESTUS2:20221006T015813Z:115a73f9-8f5e-48c4-80d7-5cc5fe09acc4"
        ],
        "X-Content-Type-Options": [
          "nosniff"
        ],
        "Date": [
          "Thu, 06 Oct 2022 01:58:13 GMT"
        ],
        "Content-Length": [
          "1047"
        ],
        "Content-Type": [
          "application/json; charset=utf-8"
        ],
        "Expires": [
          "-1"
        ]
      },
      "ResponseBody": "{\r\n  \"properties\": {\r\n    \"topic\": \"/subscriptions/5b4b650e-28b9-4790-b3ab-ddbd88d727c4/resourceGroups/RGName-ps3800/providers/Microsoft.EventGrid/systemTopics/PSTestTopic-ps6987\",\r\n    \"provisioningState\": \"Succeeded\",\r\n    \"destination\": {\r\n      \"properties\": {\r\n        \"endpointUrl\": null,\r\n        \"endpointBaseUrl\": \"https://devexpfuncappdestination.azurewebsites.net/runtime/webhooks/EventGrid\",\r\n        \"maxEventsPerBatch\": 1,\r\n        \"preferredBatchSizeInKilobytes\": 64\r\n      },\r\n      \"endpointType\": \"WebHook\"\r\n    },\r\n    \"filter\": {\r\n      \"subjectBeginsWith\": \"\",\r\n      \"subjectEndsWith\": \"\",\r\n      \"includedEventTypes\": [\r\n        \"Microsoft.Storage.BlobCreated\",\r\n        \"Microsoft.Storage.BlobDeleted\"\r\n      ],\r\n      \"enableAdvancedFilteringOnArrays\": false\r\n    },\r\n    \"labels\": null,\r\n    \"eventDeliverySchema\": \"EventGridSchema\",\r\n    \"retryPolicy\": {\r\n      \"maxDeliveryAttempts\": 30,\r\n      \"eventTimeToLiveInMinutes\": 1440\r\n    }\r\n  },\r\n  \"systemData\": null,\r\n  \"id\": \"/subscriptions/5b4b650e-28b9-4790-b3ab-ddbd88d727c4/resourceGroups/RGName-ps3800/providers/Microsoft.EventGrid/systemTopics/PSTestTopic-ps6987/eventSubscriptions/EventSubscription-ps8752\",\r\n  \"name\": \"EventSubscription-ps8752\",\r\n  \"type\": \"Microsoft.EventGrid/systemTopics/eventSubscriptions\"\r\n}",
      "StatusCode": 200
    },
    {
      "RequestUri": "/subscriptions/5b4b650e-28b9-4790-b3ab-ddbd88d727c4/resourceGroups/RGName-ps3800/providers/Microsoft.EventGrid/systemTopics/PSTestTopic-ps6987/eventSubscriptions?api-version=2022-06-15",
      "EncodedRequestUri": "L3N1YnNjcmlwdGlvbnMvNWI0YjY1MGUtMjhiOS00NzkwLWIzYWItZGRiZDg4ZDcyN2M0L3Jlc291cmNlR3JvdXBzL1JHTmFtZS1wczM4MDAvcHJvdmlkZXJzL01pY3Jvc29mdC5FdmVudEdyaWQvc3lzdGVtVG9waWNzL1BTVGVzdFRvcGljLXBzNjk4Ny9ldmVudFN1YnNjcmlwdGlvbnM/YXBpLXZlcnNpb249MjAyMi0wNi0xNQ==",
      "RequestMethod": "GET",
      "RequestHeaders": {
        "x-ms-client-request-id": [
          "991eeeb9-0144-4e83-b11e-16e99bf70ce9"
        ],
        "Accept-Language": [
          "en-US"
        ],
        "User-Agent": [
          "FxVersion/4.700.22.41602",
          "OSName/Windows",
          "OSVersion/Microsoft.Windows.10.0.22621",
          "Microsoft.Azure.Management.EventGrid.EventGridManagementClient/8.0.0.0"
        ]
      },
      "RequestBody": "",
      "ResponseHeaders": {
        "Cache-Control": [
          "no-cache"
        ],
        "Pragma": [
          "no-cache"
        ],
        "Strict-Transport-Security": [
          "max-age=31536000; includeSubDomains"
        ],
        "x-ms-request-id": [
          "fa70d9b5-d8fe-4bf8-af61-00833f00da82"
        ],
        "Server": [
          "Microsoft-HTTPAPI/2.0"
        ],
        "x-ms-ratelimit-remaining-subscription-reads": [
          "11999"
        ],
        "x-ms-correlation-request-id": [
          "bc5d2b25-ecb2-4944-b0b1-7b684b885689"
        ],
        "x-ms-routing-request-id": [
          "WESTUS2:20221006T015814Z:bc5d2b25-ecb2-4944-b0b1-7b684b885689"
        ],
        "X-Content-Type-Options": [
          "nosniff"
        ],
        "Date": [
          "Thu, 06 Oct 2022 01:58:13 GMT"
        ],
        "Content-Length": [
          "2107"
        ],
        "Content-Type": [
          "application/json; charset=utf-8"
        ],
        "Expires": [
          "-1"
        ]
      },
      "ResponseBody": "{\r\n  \"value\": [\r\n    {\r\n      \"properties\": {\r\n        \"topic\": \"/subscriptions/5b4b650e-28b9-4790-b3ab-ddbd88d727c4/resourceGroups/RGName-ps3800/providers/Microsoft.EventGrid/systemTopics/PSTestTopic-ps6987\",\r\n        \"provisioningState\": \"Succeeded\",\r\n        \"destination\": {\r\n          \"properties\": {\r\n            \"endpointUrl\": null,\r\n            \"endpointBaseUrl\": \"https://devexpfuncappdestination.azurewebsites.net/runtime/webhooks/EventGrid\",\r\n            \"maxEventsPerBatch\": 1,\r\n            \"preferredBatchSizeInKilobytes\": 64\r\n          },\r\n          \"endpointType\": \"WebHook\"\r\n        },\r\n        \"filter\": {\r\n          \"subjectBeginsWith\": \"\",\r\n          \"subjectEndsWith\": \"\",\r\n          \"includedEventTypes\": [\r\n            \"Microsoft.Storage.BlobCreated\",\r\n            \"Microsoft.Storage.BlobDeleted\"\r\n          ],\r\n          \"enableAdvancedFilteringOnArrays\": false\r\n        },\r\n        \"labels\": null,\r\n        \"eventDeliverySchema\": \"EventGridSchema\",\r\n        \"retryPolicy\": {\r\n          \"maxDeliveryAttempts\": 30,\r\n          \"eventTimeToLiveInMinutes\": 1440\r\n        }\r\n      },\r\n      \"systemData\": null,\r\n      \"id\": \"/subscriptions/5b4b650e-28b9-4790-b3ab-ddbd88d727c4/resourceGroups/RGName-ps3800/providers/Microsoft.EventGrid/systemTopics/PSTestTopic-ps6987/eventSubscriptions/EventSubscription-ps7781\",\r\n      \"name\": \"EventSubscription-ps7781\",\r\n      \"type\": \"Microsoft.EventGrid/systemTopics/eventSubscriptions\"\r\n    },\r\n    {\r\n      \"properties\": {\r\n        \"topic\": \"/subscriptions/5b4b650e-28b9-4790-b3ab-ddbd88d727c4/resourceGroups/RGName-ps3800/providers/Microsoft.EventGrid/systemTopics/PSTestTopic-ps6987\",\r\n        \"provisioningState\": \"Succeeded\",\r\n        \"destination\": {\r\n          \"properties\": {\r\n            \"endpointUrl\": null,\r\n            \"endpointBaseUrl\": \"https://devexpfuncappdestination.azurewebsites.net/runtime/webhooks/EventGrid\",\r\n            \"maxEventsPerBatch\": 1,\r\n            \"preferredBatchSizeInKilobytes\": 64\r\n          },\r\n          \"endpointType\": \"WebHook\"\r\n        },\r\n        \"filter\": {\r\n          \"subjectBeginsWith\": \"\",\r\n          \"subjectEndsWith\": \"\",\r\n          \"includedEventTypes\": [\r\n            \"Microsoft.Storage.BlobCreated\",\r\n            \"Microsoft.Storage.BlobDeleted\"\r\n          ],\r\n          \"enableAdvancedFilteringOnArrays\": false\r\n        },\r\n        \"labels\": null,\r\n        \"eventDeliverySchema\": \"EventGridSchema\",\r\n        \"retryPolicy\": {\r\n          \"maxDeliveryAttempts\": 30,\r\n          \"eventTimeToLiveInMinutes\": 1440\r\n        }\r\n      },\r\n      \"systemData\": null,\r\n      \"id\": \"/subscriptions/5b4b650e-28b9-4790-b3ab-ddbd88d727c4/resourceGroups/RGName-ps3800/providers/Microsoft.EventGrid/systemTopics/PSTestTopic-ps6987/eventSubscriptions/EventSubscription-ps8752\",\r\n      \"name\": \"EventSubscription-ps8752\",\r\n      \"type\": \"Microsoft.EventGrid/systemTopics/eventSubscriptions\"\r\n    }\r\n  ]\r\n}",
      "StatusCode": 200
    },
    {
      "RequestUri": "/subscriptions/5b4b650e-28b9-4790-b3ab-ddbd88d727c4/resourceGroups/RGName-ps3800/providers/Microsoft.EventGrid/systemTopics/PSTestTopic-ps6987/eventSubscriptions?api-version=2022-06-15&$top=1",
      "EncodedRequestUri": "L3N1YnNjcmlwdGlvbnMvNWI0YjY1MGUtMjhiOS00NzkwLWIzYWItZGRiZDg4ZDcyN2M0L3Jlc291cmNlR3JvdXBzL1JHTmFtZS1wczM4MDAvcHJvdmlkZXJzL01pY3Jvc29mdC5FdmVudEdyaWQvc3lzdGVtVG9waWNzL1BTVGVzdFRvcGljLXBzNjk4Ny9ldmVudFN1YnNjcmlwdGlvbnM/YXBpLXZlcnNpb249MjAyMi0wNi0xNSYkdG9wPTE=",
      "RequestMethod": "GET",
      "RequestHeaders": {
        "x-ms-client-request-id": [
          "760c4c5d-0e1c-4741-8a7d-b5746a372140"
        ],
        "Accept-Language": [
          "en-US"
        ],
        "User-Agent": [
          "FxVersion/4.700.22.41602",
          "OSName/Windows",
          "OSVersion/Microsoft.Windows.10.0.22621",
          "Microsoft.Azure.Management.EventGrid.EventGridManagementClient/8.0.0.0"
        ]
      },
      "RequestBody": "",
      "ResponseHeaders": {
        "Cache-Control": [
          "no-cache"
        ],
        "Pragma": [
          "no-cache"
        ],
        "Strict-Transport-Security": [
          "max-age=31536000; includeSubDomains"
        ],
        "x-ms-request-id": [
          "6f5b866a-9a71-4201-aa52-a4f937ec6e8a"
        ],
        "Server": [
          "Microsoft-HTTPAPI/2.0"
        ],
        "x-ms-ratelimit-remaining-subscription-reads": [
          "11999"
        ],
        "x-ms-correlation-request-id": [
          "db1dbfa1-d9e3-4e8b-aa8d-feef9940f309"
        ],
        "x-ms-routing-request-id": [
          "WESTUS2:20221006T015814Z:db1dbfa1-d9e3-4e8b-aa8d-feef9940f309"
        ],
        "X-Content-Type-Options": [
          "nosniff"
        ],
        "Date": [
          "Thu, 06 Oct 2022 01:58:14 GMT"
        ],
        "Content-Length": [
          "1528"
        ],
        "Content-Type": [
          "application/json; charset=utf-8"
        ],
        "Expires": [
          "-1"
        ]
      },
      "ResponseBody": "{\r\n  \"value\": [\r\n    {\r\n      \"properties\": {\r\n        \"topic\": \"/subscriptions/5b4b650e-28b9-4790-b3ab-ddbd88d727c4/resourceGroups/RGName-ps3800/providers/Microsoft.EventGrid/systemTopics/PSTestTopic-ps6987\",\r\n        \"provisioningState\": \"Succeeded\",\r\n        \"destination\": {\r\n          \"properties\": {\r\n            \"endpointUrl\": null,\r\n            \"endpointBaseUrl\": \"https://devexpfuncappdestination.azurewebsites.net/runtime/webhooks/EventGrid\",\r\n            \"maxEventsPerBatch\": 1,\r\n            \"preferredBatchSizeInKilobytes\": 64\r\n          },\r\n          \"endpointType\": \"WebHook\"\r\n        },\r\n        \"filter\": {\r\n          \"subjectBeginsWith\": \"\",\r\n          \"subjectEndsWith\": \"\",\r\n          \"includedEventTypes\": [\r\n            \"Microsoft.Storage.BlobCreated\",\r\n            \"Microsoft.Storage.BlobDeleted\"\r\n          ],\r\n          \"enableAdvancedFilteringOnArrays\": false\r\n        },\r\n        \"labels\": null,\r\n        \"eventDeliverySchema\": \"EventGridSchema\",\r\n        \"retryPolicy\": {\r\n          \"maxDeliveryAttempts\": 30,\r\n          \"eventTimeToLiveInMinutes\": 1440\r\n        }\r\n      },\r\n      \"systemData\": null,\r\n      \"id\": \"/subscriptions/5b4b650e-28b9-4790-b3ab-ddbd88d727c4/resourceGroups/RGName-ps3800/providers/Microsoft.EventGrid/systemTopics/PSTestTopic-ps6987/eventSubscriptions/EventSubscription-ps7781\",\r\n      \"name\": \"EventSubscription-ps7781\",\r\n      \"type\": \"Microsoft.EventGrid/systemTopics/eventSubscriptions\"\r\n    }\r\n  ],\r\n  \"nextLink\": \"https://management.azure.com/subscriptions/5b4b650e-28b9-4790-b3ab-ddbd88d727c4/resourceGroups/RGName-ps3800/providers/Microsoft.EventGrid/systemTopics/PSTestTopic-ps6987/eventSubscriptions?api-version=2022-06-15&$skiptoken=%5b%7b%22token%22%3a%22%2bRID%3a%7egx8DAIT06wAgJ0sAAAAAAA%3d%3d%23RT%3a1%23TRC%3a1%23ISV%3a2%23IEO%3a65551%23QCF%3a8%23FPC%3aASAnSwAAAAAAISdLAAAAAAA%3d%22%2c%22range%22%3a%7b%22min%22%3a%22%22%2c%22max%22%3a%22FF%22%7d%7d%5d&$top=1\"\r\n}",
      "StatusCode": 200
    },
    {
      "RequestUri": "/subscriptions/5b4b650e-28b9-4790-b3ab-ddbd88d727c4/resourceGroups/RGName-ps3800/providers/Microsoft.EventGrid/systemTopics/PSTestTopic-ps6987/eventSubscriptions?api-version=2022-06-15&$skiptoken=%5b%7B%22token%22%3a%22%2bRID%3a~gx8DAIT06wAgJ0sAAAAAAA%3d%3d%23RT%3a1%23TRC%3a1%23ISV%3a2%23IEO%3a65551%23QCF%3a8%23FPC%3aASAnSwAAAAAAISdLAAAAAAA%3d%22%2c%22range%22%3a%7B%22min%22%3a%22%22%2c%22max%22%3a%22FF%22%7D%7D%5d&$top=1",
      "EncodedRequestUri": "L3N1YnNjcmlwdGlvbnMvNWI0YjY1MGUtMjhiOS00NzkwLWIzYWItZGRiZDg4ZDcyN2M0L3Jlc291cmNlR3JvdXBzL1JHTmFtZS1wczM4MDAvcHJvdmlkZXJzL01pY3Jvc29mdC5FdmVudEdyaWQvc3lzdGVtVG9waWNzL1BTVGVzdFRvcGljLXBzNjk4Ny9ldmVudFN1YnNjcmlwdGlvbnM/YXBpLXZlcnNpb249MjAyMi0wNi0xNSYkc2tpcHRva2VuPSU1YiU3QiUyMnRva2VuJTIyJTNhJTIyJTJiUklEJTNhfmd4OERBSVQwNndBZ0owc0FBQUFBQUElM2QlM2QlMjNSVCUzYTElMjNUUkMlM2ExJTIzSVNWJTNhMiUyM0lFTyUzYTY1NTUxJTIzUUNGJTNhOCUyM0ZQQyUzYUFTQW5Td0FBQUFBQUlTZExBQUFBQUFBJTNkJTIyJTJjJTIycmFuZ2UlMjIlM2ElN0IlMjJtaW4lMjIlM2ElMjIlMjIlMmMlMjJtYXglMjIlM2ElMjJGRiUyMiU3RCU3RCU1ZCYkdG9wPTE=",
      "RequestMethod": "GET",
      "RequestHeaders": {
        "x-ms-client-request-id": [
          "7f17a270-eb26-42e2-a744-a5623e3b84d0"
        ],
        "Accept-Language": [
          "en-US"
        ],
        "User-Agent": [
          "FxVersion/4.700.22.41602",
          "OSName/Windows",
          "OSVersion/Microsoft.Windows.10.0.22621",
          "Microsoft.Azure.Management.EventGrid.EventGridManagementClient/8.0.0.0"
        ]
      },
      "RequestBody": "",
      "ResponseHeaders": {
        "Cache-Control": [
          "no-cache"
        ],
        "Pragma": [
          "no-cache"
        ],
        "Strict-Transport-Security": [
          "max-age=31536000; includeSubDomains"
        ],
        "x-ms-request-id": [
          "c1a4efd1-2f56-4a23-a2da-61343f95f0e8"
        ],
        "Server": [
          "Microsoft-HTTPAPI/2.0"
        ],
        "x-ms-ratelimit-remaining-subscription-reads": [
          "11999"
        ],
        "x-ms-correlation-request-id": [
          "14aa0b27-8daf-48ef-88e3-910b152c197d"
        ],
        "x-ms-routing-request-id": [
          "WESTUS2:20221006T015815Z:14aa0b27-8daf-48ef-88e3-910b152c197d"
        ],
        "X-Content-Type-Options": [
          "nosniff"
        ],
        "Date": [
          "Thu, 06 Oct 2022 01:58:15 GMT"
        ],
        "Content-Length": [
          "1059"
        ],
        "Content-Type": [
          "application/json; charset=utf-8"
        ],
        "Expires": [
          "-1"
        ]
      },
      "ResponseBody": "{\r\n  \"value\": [\r\n    {\r\n      \"properties\": {\r\n        \"topic\": \"/subscriptions/5b4b650e-28b9-4790-b3ab-ddbd88d727c4/resourceGroups/RGName-ps3800/providers/Microsoft.EventGrid/systemTopics/PSTestTopic-ps6987\",\r\n        \"provisioningState\": \"Succeeded\",\r\n        \"destination\": {\r\n          \"properties\": {\r\n            \"endpointUrl\": null,\r\n            \"endpointBaseUrl\": \"https://devexpfuncappdestination.azurewebsites.net/runtime/webhooks/EventGrid\",\r\n            \"maxEventsPerBatch\": 1,\r\n            \"preferredBatchSizeInKilobytes\": 64\r\n          },\r\n          \"endpointType\": \"WebHook\"\r\n        },\r\n        \"filter\": {\r\n          \"subjectBeginsWith\": \"\",\r\n          \"subjectEndsWith\": \"\",\r\n          \"includedEventTypes\": [\r\n            \"Microsoft.Storage.BlobCreated\",\r\n            \"Microsoft.Storage.BlobDeleted\"\r\n          ],\r\n          \"enableAdvancedFilteringOnArrays\": false\r\n        },\r\n        \"labels\": null,\r\n        \"eventDeliverySchema\": \"EventGridSchema\",\r\n        \"retryPolicy\": {\r\n          \"maxDeliveryAttempts\": 30,\r\n          \"eventTimeToLiveInMinutes\": 1440\r\n        }\r\n      },\r\n      \"systemData\": null,\r\n      \"id\": \"/subscriptions/5b4b650e-28b9-4790-b3ab-ddbd88d727c4/resourceGroups/RGName-ps3800/providers/Microsoft.EventGrid/systemTopics/PSTestTopic-ps6987/eventSubscriptions/EventSubscription-ps8752\",\r\n      \"name\": \"EventSubscription-ps8752\",\r\n      \"type\": \"Microsoft.EventGrid/systemTopics/eventSubscriptions\"\r\n    }\r\n  ]\r\n}",
      "StatusCode": 200
    },
    {
      "RequestUri": "/subscriptions/5b4b650e-28b9-4790-b3ab-ddbd88d727c4/resourceGroups/RGName-ps3800/providers/Microsoft.EventGrid/systemTopics/PSTestTopic-ps6987/eventSubscriptions/EventSubscription-ps7781?api-version=2022-06-15",
      "EncodedRequestUri": "L3N1YnNjcmlwdGlvbnMvNWI0YjY1MGUtMjhiOS00NzkwLWIzYWItZGRiZDg4ZDcyN2M0L3Jlc291cmNlR3JvdXBzL1JHTmFtZS1wczM4MDAvcHJvdmlkZXJzL01pY3Jvc29mdC5FdmVudEdyaWQvc3lzdGVtVG9waWNzL1BTVGVzdFRvcGljLXBzNjk4Ny9ldmVudFN1YnNjcmlwdGlvbnMvRXZlbnRTdWJzY3JpcHRpb24tcHM3NzgxP2FwaS12ZXJzaW9uPTIwMjItMDYtMTU=",
      "RequestMethod": "PATCH",
      "RequestHeaders": {
        "x-ms-client-request-id": [
          "3ecf29b7-c5d2-4fea-bb1d-04f26976b320"
        ],
        "Accept-Language": [
          "en-US"
        ],
        "User-Agent": [
          "FxVersion/4.700.22.41602",
          "OSName/Windows",
          "OSVersion/Microsoft.Windows.10.0.22621",
          "Microsoft.Azure.Management.EventGrid.EventGridManagementClient/8.0.0.0"
        ],
        "Content-Type": [
          "application/json; charset=utf-8"
        ],
        "Content-Length": [
          "155"
        ]
      },
      "RequestBody": "{\r\n  \"filter\": {\r\n    \"isSubjectCaseSensitive\": false,\r\n    \"enableAdvancedFilteringOnArrays\": false\r\n  },\r\n  \"labels\": [\r\n    \"Finance\",\r\n    \"HR\"\r\n  ]\r\n}",
      "ResponseHeaders": {
        "Cache-Control": [
          "no-cache"
        ],
        "Pragma": [
          "no-cache"
        ],
        "Retry-After": [
          "10"
        ],
        "Strict-Transport-Security": [
          "max-age=31536000; includeSubDomains"
        ],
        "Azure-AsyncOperation": [
          "https://management.azure.com:443/subscriptions/5B4B650E-28B9-4790-B3AB-DDBD88D727C4/providers/Microsoft.EventGrid/locations/westcentralus/operationsStatus/08D427E3-6440-4B7F-845C-44F9CAAD1614?api-version=2022-06-15"
        ],
        "x-ms-request-id": [
          "91778f3b-56ba-4c37-a792-e0a82a6093d0"
        ],
        "Server": [
          "Microsoft-HTTPAPI/2.0"
        ],
        "x-ms-ratelimit-remaining-subscription-writes": [
          "1199"
        ],
        "x-ms-correlation-request-id": [
          "1d89f42c-6efc-453f-8863-21252525e6c1"
        ],
        "x-ms-routing-request-id": [
          "WESTUS2:20221006T015816Z:1d89f42c-6efc-453f-8863-21252525e6c1"
        ],
        "X-Content-Type-Options": [
          "nosniff"
        ],
        "Date": [
          "Thu, 06 Oct 2022 01:58:15 GMT"
        ],
        "Content-Length": [
          "1058"
        ],
        "Content-Type": [
          "application/json; charset=utf-8"
        ],
        "Expires": [
          "-1"
        ]
      },
      "ResponseBody": "{\r\n  \"properties\": {\r\n    \"topic\": \"/subscriptions/5b4b650e-28b9-4790-b3ab-ddbd88d727c4/resourceGroups/RGName-ps3800/providers/Microsoft.EventGrid/systemTopics/PSTestTopic-ps6987\",\r\n    \"provisioningState\": \"Updating\",\r\n    \"destination\": {\r\n      \"properties\": {\r\n        \"endpointUrl\": null,\r\n        \"endpointBaseUrl\": \"https://devexpfuncappdestination.azurewebsites.net/runtime/webhooks/EventGrid\",\r\n        \"maxEventsPerBatch\": 1,\r\n        \"preferredBatchSizeInKilobytes\": 64\r\n      },\r\n      \"endpointType\": \"WebHook\"\r\n    },\r\n    \"filter\": {\r\n      \"subjectBeginsWith\": \"\",\r\n      \"subjectEndsWith\": \"\",\r\n      \"includedEventTypes\": [\r\n        \"Microsoft.Storage.BlobCreated\",\r\n        \"Microsoft.Storage.BlobDeleted\"\r\n      ],\r\n      \"enableAdvancedFilteringOnArrays\": false\r\n    },\r\n    \"labels\": [\r\n      \"Finance\",\r\n      \"HR\"\r\n    ],\r\n    \"eventDeliverySchema\": \"EventGridSchema\",\r\n    \"retryPolicy\": {\r\n      \"maxDeliveryAttempts\": 30,\r\n      \"eventTimeToLiveInMinutes\": 1440\r\n    }\r\n  },\r\n  \"systemData\": null,\r\n  \"id\": \"/subscriptions/5b4b650e-28b9-4790-b3ab-ddbd88d727c4/resourceGroups/RGName-ps3800/providers/Microsoft.EventGrid/systemTopics/PSTestTopic-ps6987/eventSubscriptions/EventSubscription-ps7781\",\r\n  \"name\": \"EventSubscription-ps7781\",\r\n  \"type\": \"Microsoft.EventGrid/systemTopics/eventSubscriptions\"\r\n}",
      "StatusCode": 201
    },
    {
      "RequestUri": "/subscriptions/5B4B650E-28B9-4790-B3AB-DDBD88D727C4/providers/Microsoft.EventGrid/locations/westcentralus/operationsStatus/08D427E3-6440-4B7F-845C-44F9CAAD1614?api-version=2022-06-15",
      "EncodedRequestUri": "L3N1YnNjcmlwdGlvbnMvNUI0QjY1MEUtMjhCOS00NzkwLUIzQUItRERCRDg4RDcyN0M0L3Byb3ZpZGVycy9NaWNyb3NvZnQuRXZlbnRHcmlkL2xvY2F0aW9ucy93ZXN0Y2VudHJhbHVzL29wZXJhdGlvbnNTdGF0dXMvMDhENDI3RTMtNjQ0MC00QjdGLTg0NUMtNDRGOUNBQUQxNjE0P2FwaS12ZXJzaW9uPTIwMjItMDYtMTU=",
      "RequestMethod": "GET",
      "RequestHeaders": {
        "x-ms-client-request-id": [
          "3ecf29b7-c5d2-4fea-bb1d-04f26976b320"
        ],
        "User-Agent": [
          "FxVersion/4.700.22.41602",
          "OSName/Windows",
          "OSVersion/Microsoft.Windows.10.0.22621",
          "Microsoft.Azure.Management.EventGrid.EventGridManagementClient/8.0.0.0"
        ]
      },
      "RequestBody": "",
      "ResponseHeaders": {
        "Cache-Control": [
          "no-cache"
        ],
        "Pragma": [
          "no-cache"
        ],
        "Strict-Transport-Security": [
          "max-age=31536000; includeSubDomains"
        ],
        "x-ms-request-id": [
          "c9b290a5-965d-42af-a7ba-471d9b4c4c27"
        ],
        "Server": [
          "Microsoft-HTTPAPI/2.0"
        ],
        "x-ms-ratelimit-remaining-subscription-reads": [
          "11999"
        ],
        "x-ms-correlation-request-id": [
          "e0092892-6b5e-4336-8fcd-c43aba97b8a6"
        ],
        "x-ms-routing-request-id": [
          "WESTUS2:20221006T015826Z:e0092892-6b5e-4336-8fcd-c43aba97b8a6"
        ],
        "X-Content-Type-Options": [
          "nosniff"
        ],
        "Date": [
          "Thu, 06 Oct 2022 01:58:25 GMT"
        ],
        "Content-Length": [
          "286"
        ],
        "Content-Type": [
          "application/json; charset=utf-8"
        ],
        "Expires": [
          "-1"
        ]
      },
      "ResponseBody": "{\r\n  \"id\": \"https://management.azure.com/subscriptions/5B4B650E-28B9-4790-B3AB-DDBD88D727C4/providers/Microsoft.EventGrid/locations/westcentralus/operationsStatus/08D427E3-6440-4B7F-845C-44F9CAAD1614?api-version=2022-06-15\",\r\n  \"name\": \"08d427e3-6440-4b7f-845c-44f9caad1614\",\r\n  \"status\": \"Succeeded\"\r\n}",
      "StatusCode": 200
    },
    {
      "RequestUri": "/subscriptions/5b4b650e-28b9-4790-b3ab-ddbd88d727c4/resourceGroups/RGName-ps3800/providers/Microsoft.EventGrid/systemTopics/PSTestTopic-ps6987/eventSubscriptions/EventSubscription-ps7781/getDeliveryAttributes?api-version=2022-06-15",
      "EncodedRequestUri": "L3N1YnNjcmlwdGlvbnMvNWI0YjY1MGUtMjhiOS00NzkwLWIzYWItZGRiZDg4ZDcyN2M0L3Jlc291cmNlR3JvdXBzL1JHTmFtZS1wczM4MDAvcHJvdmlkZXJzL01pY3Jvc29mdC5FdmVudEdyaWQvc3lzdGVtVG9waWNzL1BTVGVzdFRvcGljLXBzNjk4Ny9ldmVudFN1YnNjcmlwdGlvbnMvRXZlbnRTdWJzY3JpcHRpb24tcHM3NzgxL2dldERlbGl2ZXJ5QXR0cmlidXRlcz9hcGktdmVyc2lvbj0yMDIyLTA2LTE1",
      "RequestMethod": "POST",
      "RequestHeaders": {
        "x-ms-client-request-id": [
          "f6a5feed-2c5c-4835-bfa4-4bc3c50457a4"
        ],
        "Accept-Language": [
          "en-US"
        ],
        "User-Agent": [
          "FxVersion/4.700.22.41602",
          "OSName/Windows",
          "OSVersion/Microsoft.Windows.10.0.22621",
          "Microsoft.Azure.Management.EventGrid.EventGridManagementClient/8.0.0.0"
        ]
      },
      "RequestBody": "",
      "ResponseHeaders": {
        "Cache-Control": [
          "no-cache"
        ],
        "Pragma": [
          "no-cache"
        ],
        "Strict-Transport-Security": [
          "max-age=31536000; includeSubDomains"
        ],
        "x-ms-request-id": [
          "79d6efa5-5705-4b83-97e8-ecadaaee9f25"
        ],
        "Server": [
          "Microsoft-HTTPAPI/2.0"
        ],
        "x-ms-ratelimit-remaining-subscription-writes": [
          "1197"
        ],
        "x-ms-correlation-request-id": [
          "d7ed3209-adb4-41ec-9dcf-d62b708a493d"
        ],
        "x-ms-routing-request-id": [
          "WESTUS2:20221006T015827Z:d7ed3209-adb4-41ec-9dcf-d62b708a493d"
        ],
        "X-Content-Type-Options": [
          "nosniff"
        ],
        "Date": [
          "Thu, 06 Oct 2022 01:58:27 GMT"
        ],
        "Content-Length": [
          "14"
        ],
        "Content-Type": [
          "application/json; charset=utf-8"
        ],
        "Expires": [
          "-1"
        ]
      },
      "ResponseBody": "{\r\n  \"value\": null\r\n}",
      "StatusCode": 200
    },
    {
      "RequestUri": "/subscriptions/5b4b650e-28b9-4790-b3ab-ddbd88d727c4/resourceGroups/RGName-ps3800/providers/Microsoft.EventGrid/systemTopics/PSTestTopic-ps6987/eventSubscriptions/EventSubscription-ps7781/getFullUrl?api-version=2022-06-15",
      "EncodedRequestUri": "L3N1YnNjcmlwdGlvbnMvNWI0YjY1MGUtMjhiOS00NzkwLWIzYWItZGRiZDg4ZDcyN2M0L3Jlc291cmNlR3JvdXBzL1JHTmFtZS1wczM4MDAvcHJvdmlkZXJzL01pY3Jvc29mdC5FdmVudEdyaWQvc3lzdGVtVG9waWNzL1BTVGVzdFRvcGljLXBzNjk4Ny9ldmVudFN1YnNjcmlwdGlvbnMvRXZlbnRTdWJzY3JpcHRpb24tcHM3NzgxL2dldEZ1bGxVcmw/YXBpLXZlcnNpb249MjAyMi0wNi0xNQ==",
      "RequestMethod": "POST",
      "RequestHeaders": {
        "x-ms-client-request-id": [
          "36dfe645-2953-4a81-858c-f44f15a38cb9"
        ],
        "Accept-Language": [
          "en-US"
        ],
        "User-Agent": [
          "FxVersion/4.700.22.41602",
          "OSName/Windows",
          "OSVersion/Microsoft.Windows.10.0.22621",
          "Microsoft.Azure.Management.EventGrid.EventGridManagementClient/8.0.0.0"
        ]
      },
      "RequestBody": "",
      "ResponseHeaders": {
        "Cache-Control": [
          "no-cache"
        ],
        "Pragma": [
          "no-cache"
        ],
        "Strict-Transport-Security": [
          "max-age=31536000; includeSubDomains"
        ],
        "x-ms-request-id": [
          "0bcf5dab-c766-4466-a8d3-82da036bfe82"
        ],
        "Server": [
          "Microsoft-HTTPAPI/2.0"
        ],
        "x-ms-ratelimit-remaining-subscription-writes": [
          "1198"
        ],
        "x-ms-correlation-request-id": [
          "264da73e-c5f5-49de-a51f-3da795c23e1c"
        ],
        "x-ms-routing-request-id": [
          "WESTUS2:20221006T015828Z:264da73e-c5f5-49de-a51f-3da795c23e1c"
        ],
        "X-Content-Type-Options": [
          "nosniff"
        ],
        "Date": [
          "Thu, 06 Oct 2022 01:58:27 GMT"
        ],
        "Content-Length": [
          "188"
        ],
        "Content-Type": [
          "application/json; charset=utf-8"
        ],
        "Expires": [
          "-1"
        ]
      },
      "ResponseBody": "{\r\n  \"endpointUrl\": \"https://devexpfuncappdestination.azurewebsites.net/runtime/webhooks/EventGrid?functionName=EventGridTrigger1&code=<HIDDEN>\"\r\n}",
      "StatusCode": 200
    },
    {
      "RequestUri": "/subscriptions/5b4b650e-28b9-4790-b3ab-ddbd88d727c4/resourceGroups/RGName-ps3800/providers/Microsoft.EventGrid/systemTopics/PSTestTopic-ps6987/eventSubscriptions/EventSubscription-ps7781?api-version=2022-06-15",
      "EncodedRequestUri": "L3N1YnNjcmlwdGlvbnMvNWI0YjY1MGUtMjhiOS00NzkwLWIzYWItZGRiZDg4ZDcyN2M0L3Jlc291cmNlR3JvdXBzL1JHTmFtZS1wczM4MDAvcHJvdmlkZXJzL01pY3Jvc29mdC5FdmVudEdyaWQvc3lzdGVtVG9waWNzL1BTVGVzdFRvcGljLXBzNjk4Ny9ldmVudFN1YnNjcmlwdGlvbnMvRXZlbnRTdWJzY3JpcHRpb24tcHM3NzgxP2FwaS12ZXJzaW9uPTIwMjItMDYtMTU=",
      "RequestMethod": "DELETE",
      "RequestHeaders": {
        "x-ms-client-request-id": [
          "8369b498-35b6-482b-8c92-c0a801aee130"
        ],
        "Accept-Language": [
          "en-US"
        ],
        "User-Agent": [
          "FxVersion/4.700.22.41602",
          "OSName/Windows",
          "OSVersion/Microsoft.Windows.10.0.22621",
          "Microsoft.Azure.Management.EventGrid.EventGridManagementClient/8.0.0.0"
        ]
      },
      "RequestBody": "",
      "ResponseHeaders": {
        "Cache-Control": [
          "no-cache"
        ],
        "Pragma": [
          "no-cache"
        ],
        "Location": [
          "https://management.azure.com/subscriptions/5B4B650E-28B9-4790-B3AB-DDBD88D727C4/providers/Microsoft.EventGrid/locations/westcentralus/operationResults/13C7C898-7973-4F92-96FF-BE2BEB0E8A1B?api-version=2022-06-15"
        ],
        "Retry-After": [
          "10"
        ],
        "Strict-Transport-Security": [
          "max-age=31536000; includeSubDomains"
        ],
        "Azure-AsyncOperation": [
          "https://management.azure.com:443/subscriptions/5B4B650E-28B9-4790-B3AB-DDBD88D727C4/providers/Microsoft.EventGrid/locations/westcentralus/operationsStatus/13C7C898-7973-4F92-96FF-BE2BEB0E8A1B?api-version=2022-06-15"
        ],
        "x-ms-request-id": [
          "0f7e6fe8-7c13-4d5b-85a5-a752938a1a94"
        ],
        "Server": [
          "Microsoft-HTTPAPI/2.0"
        ],
        "x-ms-ratelimit-remaining-subscription-deletes": [
          "14999"
        ],
        "x-ms-correlation-request-id": [
          "edb4c4b2-eb78-471b-8ace-cd91cdc50330"
        ],
        "x-ms-routing-request-id": [
          "WESTUS2:20221006T015829Z:edb4c4b2-eb78-471b-8ace-cd91cdc50330"
        ],
        "X-Content-Type-Options": [
          "nosniff"
        ],
        "Date": [
          "Thu, 06 Oct 2022 01:58:28 GMT"
        ],
        "Expires": [
          "-1"
        ],
        "Content-Length": [
          "0"
        ]
      },
      "ResponseBody": "",
      "StatusCode": 202
    },
    {
      "RequestUri": "/subscriptions/5B4B650E-28B9-4790-B3AB-DDBD88D727C4/providers/Microsoft.EventGrid/locations/westcentralus/operationsStatus/13C7C898-7973-4F92-96FF-BE2BEB0E8A1B?api-version=2022-06-15",
      "EncodedRequestUri": "L3N1YnNjcmlwdGlvbnMvNUI0QjY1MEUtMjhCOS00NzkwLUIzQUItRERCRDg4RDcyN0M0L3Byb3ZpZGVycy9NaWNyb3NvZnQuRXZlbnRHcmlkL2xvY2F0aW9ucy93ZXN0Y2VudHJhbHVzL29wZXJhdGlvbnNTdGF0dXMvMTNDN0M4OTgtNzk3My00RjkyLTk2RkYtQkUyQkVCMEU4QTFCP2FwaS12ZXJzaW9uPTIwMjItMDYtMTU=",
      "RequestMethod": "GET",
      "RequestHeaders": {
        "x-ms-client-request-id": [
          "8369b498-35b6-482b-8c92-c0a801aee130"
        ],
        "User-Agent": [
          "FxVersion/4.700.22.41602",
          "OSName/Windows",
          "OSVersion/Microsoft.Windows.10.0.22621",
          "Microsoft.Azure.Management.EventGrid.EventGridManagementClient/8.0.0.0"
        ]
      },
      "RequestBody": "",
      "ResponseHeaders": {
        "Cache-Control": [
          "no-cache"
        ],
        "Pragma": [
          "no-cache"
        ],
        "Strict-Transport-Security": [
          "max-age=31536000; includeSubDomains"
        ],
        "x-ms-request-id": [
          "2ba91ff5-9eee-46a7-b7dd-13b5f7c8dfee"
        ],
        "Server": [
          "Microsoft-HTTPAPI/2.0"
        ],
        "x-ms-ratelimit-remaining-subscription-reads": [
          "11999"
        ],
        "x-ms-correlation-request-id": [
          "8594c08e-f5bb-4a43-8629-fa5728196b11"
        ],
        "x-ms-routing-request-id": [
          "WESTUS2:20221006T015839Z:8594c08e-f5bb-4a43-8629-fa5728196b11"
        ],
        "X-Content-Type-Options": [
          "nosniff"
        ],
        "Date": [
          "Thu, 06 Oct 2022 01:58:38 GMT"
        ],
        "Content-Length": [
          "286"
        ],
        "Content-Type": [
          "application/json; charset=utf-8"
        ],
        "Expires": [
          "-1"
        ]
      },
      "ResponseBody": "{\r\n  \"id\": \"https://management.azure.com/subscriptions/5B4B650E-28B9-4790-B3AB-DDBD88D727C4/providers/Microsoft.EventGrid/locations/westcentralus/operationsStatus/13C7C898-7973-4F92-96FF-BE2BEB0E8A1B?api-version=2022-06-15\",\r\n  \"name\": \"13c7c898-7973-4f92-96ff-be2beb0e8a1b\",\r\n  \"status\": \"Succeeded\"\r\n}",
      "StatusCode": 200
    },
    {
      "RequestUri": "/subscriptions/5B4B650E-28B9-4790-B3AB-DDBD88D727C4/providers/Microsoft.EventGrid/locations/westcentralus/operationResults/13C7C898-7973-4F92-96FF-BE2BEB0E8A1B?api-version=2022-06-15",
      "EncodedRequestUri": "L3N1YnNjcmlwdGlvbnMvNUI0QjY1MEUtMjhCOS00NzkwLUIzQUItRERCRDg4RDcyN0M0L3Byb3ZpZGVycy9NaWNyb3NvZnQuRXZlbnRHcmlkL2xvY2F0aW9ucy93ZXN0Y2VudHJhbHVzL29wZXJhdGlvblJlc3VsdHMvMTNDN0M4OTgtNzk3My00RjkyLTk2RkYtQkUyQkVCMEU4QTFCP2FwaS12ZXJzaW9uPTIwMjItMDYtMTU=",
      "RequestMethod": "GET",
      "RequestHeaders": {
        "x-ms-client-request-id": [
          "8369b498-35b6-482b-8c92-c0a801aee130"
        ],
        "User-Agent": [
          "FxVersion/4.700.22.41602",
          "OSName/Windows",
          "OSVersion/Microsoft.Windows.10.0.22621",
          "Microsoft.Azure.Management.EventGrid.EventGridManagementClient/8.0.0.0"
        ]
      },
      "RequestBody": "",
      "ResponseHeaders": {
        "Cache-Control": [
          "no-cache"
        ],
        "Pragma": [
          "no-cache"
        ],
        "Strict-Transport-Security": [
          "max-age=31536000; includeSubDomains"
        ],
        "x-ms-request-id": [
          "eb395f09-c7e8-4e9a-8609-e34ab81f2091"
        ],
        "Server": [
          "Microsoft-HTTPAPI/2.0"
        ],
        "x-ms-ratelimit-remaining-subscription-reads": [
          "11998"
        ],
        "x-ms-correlation-request-id": [
          "6c773688-a576-4c77-8e9a-4f05c0cf4b4f"
        ],
        "x-ms-routing-request-id": [
          "WESTUS2:20221006T015839Z:6c773688-a576-4c77-8e9a-4f05c0cf4b4f"
        ],
        "X-Content-Type-Options": [
          "nosniff"
        ],
        "Date": [
          "Thu, 06 Oct 2022 01:58:38 GMT"
        ],
        "Expires": [
          "-1"
        ],
        "Content-Length": [
          "0"
        ]
      },
      "ResponseBody": "",
      "StatusCode": 200
    },
    {
      "RequestUri": "/subscriptions/5b4b650e-28b9-4790-b3ab-ddbd88d727c4/resourceGroups/RGName-ps3800/providers/Microsoft.EventGrid/systemTopics/PSTestTopic-ps6987/eventSubscriptions/EventSubscription-ps8752?api-version=2022-06-15",
      "EncodedRequestUri": "L3N1YnNjcmlwdGlvbnMvNWI0YjY1MGUtMjhiOS00NzkwLWIzYWItZGRiZDg4ZDcyN2M0L3Jlc291cmNlR3JvdXBzL1JHTmFtZS1wczM4MDAvcHJvdmlkZXJzL01pY3Jvc29mdC5FdmVudEdyaWQvc3lzdGVtVG9waWNzL1BTVGVzdFRvcGljLXBzNjk4Ny9ldmVudFN1YnNjcmlwdGlvbnMvRXZlbnRTdWJzY3JpcHRpb24tcHM4NzUyP2FwaS12ZXJzaW9uPTIwMjItMDYtMTU=",
      "RequestMethod": "DELETE",
      "RequestHeaders": {
        "x-ms-client-request-id": [
          "40248007-2a6f-42da-8c14-2203e08fdb31"
        ],
        "Accept-Language": [
          "en-US"
        ],
        "User-Agent": [
          "FxVersion/4.700.22.41602",
          "OSName/Windows",
          "OSVersion/Microsoft.Windows.10.0.22621",
          "Microsoft.Azure.Management.EventGrid.EventGridManagementClient/8.0.0.0"
        ]
      },
      "RequestBody": "",
      "ResponseHeaders": {
        "Cache-Control": [
          "no-cache"
        ],
        "Pragma": [
          "no-cache"
        ],
        "Location": [
          "https://management.azure.com/subscriptions/5B4B650E-28B9-4790-B3AB-DDBD88D727C4/providers/Microsoft.EventGrid/locations/westcentralus/operationResults/40A19D59-93B3-4E8F-90B0-9D423A9106C3?api-version=2022-06-15"
        ],
        "Retry-After": [
          "10"
        ],
        "Strict-Transport-Security": [
          "max-age=31536000; includeSubDomains"
        ],
        "Azure-AsyncOperation": [
          "https://management.azure.com:443/subscriptions/5B4B650E-28B9-4790-B3AB-DDBD88D727C4/providers/Microsoft.EventGrid/locations/westcentralus/operationsStatus/40A19D59-93B3-4E8F-90B0-9D423A9106C3?api-version=2022-06-15"
        ],
        "x-ms-request-id": [
          "04fda012-ac0b-4e24-8139-b05e5c7a1e2d"
        ],
        "Server": [
          "Microsoft-HTTPAPI/2.0"
        ],
        "x-ms-ratelimit-remaining-subscription-deletes": [
          "14999"
        ],
        "x-ms-correlation-request-id": [
          "6f1b28d8-7491-46ca-8c93-d20b736bee74"
        ],
        "x-ms-routing-request-id": [
          "WESTUS2:20221006T015840Z:6f1b28d8-7491-46ca-8c93-d20b736bee74"
        ],
        "X-Content-Type-Options": [
          "nosniff"
        ],
        "Date": [
          "Thu, 06 Oct 2022 01:58:40 GMT"
        ],
        "Expires": [
          "-1"
        ],
        "Content-Length": [
          "0"
        ]
      },
      "ResponseBody": "",
      "StatusCode": 202
    },
    {
      "RequestUri": "/subscriptions/5B4B650E-28B9-4790-B3AB-DDBD88D727C4/providers/Microsoft.EventGrid/locations/westcentralus/operationsStatus/40A19D59-93B3-4E8F-90B0-9D423A9106C3?api-version=2022-06-15",
      "EncodedRequestUri": "L3N1YnNjcmlwdGlvbnMvNUI0QjY1MEUtMjhCOS00NzkwLUIzQUItRERCRDg4RDcyN0M0L3Byb3ZpZGVycy9NaWNyb3NvZnQuRXZlbnRHcmlkL2xvY2F0aW9ucy93ZXN0Y2VudHJhbHVzL29wZXJhdGlvbnNTdGF0dXMvNDBBMTlENTktOTNCMy00RThGLTkwQjAtOUQ0MjNBOTEwNkMzP2FwaS12ZXJzaW9uPTIwMjItMDYtMTU=",
      "RequestMethod": "GET",
      "RequestHeaders": {
        "x-ms-client-request-id": [
          "40248007-2a6f-42da-8c14-2203e08fdb31"
        ],
        "User-Agent": [
          "FxVersion/4.700.22.41602",
          "OSName/Windows",
          "OSVersion/Microsoft.Windows.10.0.22621",
          "Microsoft.Azure.Management.EventGrid.EventGridManagementClient/8.0.0.0"
        ]
      },
      "RequestBody": "",
      "ResponseHeaders": {
        "Cache-Control": [
          "no-cache"
        ],
        "Pragma": [
          "no-cache"
        ],
        "Strict-Transport-Security": [
          "max-age=31536000; includeSubDomains"
        ],
        "x-ms-request-id": [
          "be4f27ff-e230-4730-b12e-ed7974bdc536"
        ],
        "Server": [
          "Microsoft-HTTPAPI/2.0"
        ],
        "x-ms-ratelimit-remaining-subscription-reads": [
          "11998"
        ],
        "x-ms-correlation-request-id": [
          "0090ce5e-3abb-46a6-89bf-a11e4405cf16"
        ],
        "x-ms-routing-request-id": [
          "WESTUS2:20221006T015850Z:0090ce5e-3abb-46a6-89bf-a11e4405cf16"
        ],
        "X-Content-Type-Options": [
          "nosniff"
        ],
        "Date": [
          "Thu, 06 Oct 2022 01:58:50 GMT"
        ],
        "Content-Length": [
          "286"
        ],
        "Content-Type": [
          "application/json; charset=utf-8"
        ],
        "Expires": [
          "-1"
        ]
      },
      "ResponseBody": "{\r\n  \"id\": \"https://management.azure.com/subscriptions/5B4B650E-28B9-4790-B3AB-DDBD88D727C4/providers/Microsoft.EventGrid/locations/westcentralus/operationsStatus/40A19D59-93B3-4E8F-90B0-9D423A9106C3?api-version=2022-06-15\",\r\n  \"name\": \"40a19d59-93b3-4e8f-90b0-9d423a9106c3\",\r\n  \"status\": \"Succeeded\"\r\n}",
      "StatusCode": 200
    },
    {
      "RequestUri": "/subscriptions/5B4B650E-28B9-4790-B3AB-DDBD88D727C4/providers/Microsoft.EventGrid/locations/westcentralus/operationResults/40A19D59-93B3-4E8F-90B0-9D423A9106C3?api-version=2022-06-15",
      "EncodedRequestUri": "L3N1YnNjcmlwdGlvbnMvNUI0QjY1MEUtMjhCOS00NzkwLUIzQUItRERCRDg4RDcyN0M0L3Byb3ZpZGVycy9NaWNyb3NvZnQuRXZlbnRHcmlkL2xvY2F0aW9ucy93ZXN0Y2VudHJhbHVzL29wZXJhdGlvblJlc3VsdHMvNDBBMTlENTktOTNCMy00RThGLTkwQjAtOUQ0MjNBOTEwNkMzP2FwaS12ZXJzaW9uPTIwMjItMDYtMTU=",
      "RequestMethod": "GET",
      "RequestHeaders": {
        "x-ms-client-request-id": [
          "40248007-2a6f-42da-8c14-2203e08fdb31"
        ],
        "User-Agent": [
          "FxVersion/4.700.22.41602",
          "OSName/Windows",
          "OSVersion/Microsoft.Windows.10.0.22621",
          "Microsoft.Azure.Management.EventGrid.EventGridManagementClient/8.0.0.0"
        ]
      },
      "RequestBody": "",
      "ResponseHeaders": {
        "Cache-Control": [
          "no-cache"
        ],
        "Pragma": [
          "no-cache"
        ],
        "Strict-Transport-Security": [
          "max-age=31536000; includeSubDomains"
        ],
        "x-ms-request-id": [
          "2fbc427f-a3bc-41a0-ae1d-214ce3b6f3e3"
        ],
        "Server": [
          "Microsoft-HTTPAPI/2.0"
        ],
        "x-ms-ratelimit-remaining-subscription-reads": [
          "11997"
        ],
        "x-ms-correlation-request-id": [
          "29107bb9-153a-43ff-be29-2531cabd42ac"
        ],
        "x-ms-routing-request-id": [
          "WESTUS2:20221006T015850Z:29107bb9-153a-43ff-be29-2531cabd42ac"
        ],
        "X-Content-Type-Options": [
          "nosniff"
        ],
        "Date": [
          "Thu, 06 Oct 2022 01:58:50 GMT"
        ],
        "Expires": [
          "-1"
        ],
        "Content-Length": [
          "0"
        ]
      },
      "ResponseBody": "",
      "StatusCode": 200
    },
    {
      "RequestUri": "/subscriptions/5b4b650e-28b9-4790-b3ab-ddbd88d727c4/resourceGroups/RGName-ps3800/providers/Microsoft.EventGrid/systemTopics/PSTestTopic-ps6987?api-version=2022-06-15",
      "EncodedRequestUri": "L3N1YnNjcmlwdGlvbnMvNWI0YjY1MGUtMjhiOS00NzkwLWIzYWItZGRiZDg4ZDcyN2M0L3Jlc291cmNlR3JvdXBzL1JHTmFtZS1wczM4MDAvcHJvdmlkZXJzL01pY3Jvc29mdC5FdmVudEdyaWQvc3lzdGVtVG9waWNzL1BTVGVzdFRvcGljLXBzNjk4Nz9hcGktdmVyc2lvbj0yMDIyLTA2LTE1",
      "RequestMethod": "DELETE",
      "RequestHeaders": {
        "x-ms-client-request-id": [
          "422f79ff-6b82-4955-8b66-455f30a530c8"
        ],
        "Accept-Language": [
          "en-US"
        ],
        "User-Agent": [
          "FxVersion/4.700.22.41602",
          "OSName/Windows",
          "OSVersion/Microsoft.Windows.10.0.22621",
          "Microsoft.Azure.Management.EventGrid.EventGridManagementClient/8.0.0.0"
        ]
      },
      "RequestBody": "",
      "ResponseHeaders": {
        "Cache-Control": [
          "no-cache"
        ],
        "Pragma": [
          "no-cache"
        ],
        "Location": [
          "https://management.azure.com/subscriptions/5b4b650e-28b9-4790-b3ab-ddbd88d727c4/providers/Microsoft.EventGrid/locations/westcentralus/operationResults/F6FE2D14-0BCC-4BF7-8518-E31B7A4305B1?api-version=2022-06-15"
        ],
        "Retry-After": [
          "10"
        ],
        "Strict-Transport-Security": [
          "max-age=31536000; includeSubDomains"
        ],
        "Azure-AsyncOperation": [
          "https://management.azure.com:443/subscriptions/5b4b650e-28b9-4790-b3ab-ddbd88d727c4/providers/Microsoft.EventGrid/locations/westcentralus/operationsStatus/F6FE2D14-0BCC-4BF7-8518-E31B7A4305B1?api-version=2022-06-15"
        ],
        "Server": [
          "Microsoft-HTTPAPI/2.0"
        ],
        "x-ms-ratelimit-remaining-subscription-deletes": [
          "14999"
        ],
        "x-ms-request-id": [
          "60000734-110e-4ff2-93e4-f5ac9c3002d9"
        ],
        "x-ms-correlation-request-id": [
          "60000734-110e-4ff2-93e4-f5ac9c3002d9"
        ],
        "x-ms-routing-request-id": [
          "WESTUS2:20221006T015851Z:60000734-110e-4ff2-93e4-f5ac9c3002d9"
        ],
        "X-Content-Type-Options": [
          "nosniff"
        ],
        "Date": [
          "Thu, 06 Oct 2022 01:58:51 GMT"
        ],
        "Expires": [
          "-1"
        ],
        "Content-Length": [
          "0"
        ]
      },
      "ResponseBody": "",
      "StatusCode": 202
    },
    {
      "RequestUri": "/subscriptions/5b4b650e-28b9-4790-b3ab-ddbd88d727c4/providers/Microsoft.EventGrid/locations/westcentralus/operationsStatus/F6FE2D14-0BCC-4BF7-8518-E31B7A4305B1?api-version=2022-06-15",
      "EncodedRequestUri": "L3N1YnNjcmlwdGlvbnMvNWI0YjY1MGUtMjhiOS00NzkwLWIzYWItZGRiZDg4ZDcyN2M0L3Byb3ZpZGVycy9NaWNyb3NvZnQuRXZlbnRHcmlkL2xvY2F0aW9ucy93ZXN0Y2VudHJhbHVzL29wZXJhdGlvbnNTdGF0dXMvRjZGRTJEMTQtMEJDQy00QkY3LTg1MTgtRTMxQjdBNDMwNUIxP2FwaS12ZXJzaW9uPTIwMjItMDYtMTU=",
      "RequestMethod": "GET",
      "RequestHeaders": {
        "x-ms-client-request-id": [
          "422f79ff-6b82-4955-8b66-455f30a530c8"
        ],
        "User-Agent": [
          "FxVersion/4.700.22.41602",
          "OSName/Windows",
          "OSVersion/Microsoft.Windows.10.0.22621",
          "Microsoft.Azure.Management.EventGrid.EventGridManagementClient/8.0.0.0"
        ]
      },
      "RequestBody": "",
      "ResponseHeaders": {
        "Cache-Control": [
          "no-cache"
        ],
        "Pragma": [
          "no-cache"
        ],
        "Strict-Transport-Security": [
          "max-age=31536000; includeSubDomains"
        ],
        "x-ms-request-id": [
          "99195e97-97c0-45fc-b6ad-8a29e60ba189"
        ],
        "Server": [
          "Microsoft-HTTPAPI/2.0"
        ],
        "x-ms-ratelimit-remaining-subscription-reads": [
          "11998"
        ],
        "x-ms-correlation-request-id": [
          "0cdd2c4a-3cee-44d9-9e53-4d11d7058ec1"
        ],
        "x-ms-routing-request-id": [
          "WESTUS2:20221006T015901Z:0cdd2c4a-3cee-44d9-9e53-4d11d7058ec1"
        ],
        "X-Content-Type-Options": [
          "nosniff"
        ],
        "Date": [
          "Thu, 06 Oct 2022 01:59:01 GMT"
        ],
        "Content-Length": [
          "286"
        ],
        "Content-Type": [
          "application/json; charset=utf-8"
        ],
        "Expires": [
          "-1"
        ]
      },
      "ResponseBody": "{\r\n  \"id\": \"https://management.azure.com/subscriptions/5b4b650e-28b9-4790-b3ab-ddbd88d727c4/providers/Microsoft.EventGrid/locations/westcentralus/operationsStatus/F6FE2D14-0BCC-4BF7-8518-E31B7A4305B1?api-version=2022-06-15\",\r\n  \"name\": \"f6fe2d14-0bcc-4bf7-8518-e31b7a4305b1\",\r\n  \"status\": \"Succeeded\"\r\n}",
      "StatusCode": 200
    },
    {
      "RequestUri": "/subscriptions/5b4b650e-28b9-4790-b3ab-ddbd88d727c4/providers/Microsoft.EventGrid/locations/westcentralus/operationResults/F6FE2D14-0BCC-4BF7-8518-E31B7A4305B1?api-version=2022-06-15",
      "EncodedRequestUri": "L3N1YnNjcmlwdGlvbnMvNWI0YjY1MGUtMjhiOS00NzkwLWIzYWItZGRiZDg4ZDcyN2M0L3Byb3ZpZGVycy9NaWNyb3NvZnQuRXZlbnRHcmlkL2xvY2F0aW9ucy93ZXN0Y2VudHJhbHVzL29wZXJhdGlvblJlc3VsdHMvRjZGRTJEMTQtMEJDQy00QkY3LTg1MTgtRTMxQjdBNDMwNUIxP2FwaS12ZXJzaW9uPTIwMjItMDYtMTU=",
      "RequestMethod": "GET",
      "RequestHeaders": {
        "x-ms-client-request-id": [
          "422f79ff-6b82-4955-8b66-455f30a530c8"
        ],
        "User-Agent": [
          "FxVersion/4.700.22.41602",
          "OSName/Windows",
          "OSVersion/Microsoft.Windows.10.0.22621",
          "Microsoft.Azure.Management.EventGrid.EventGridManagementClient/8.0.0.0"
        ]
      },
      "RequestBody": "",
      "ResponseHeaders": {
        "Cache-Control": [
          "no-cache"
        ],
        "Pragma": [
          "no-cache"
        ],
        "Strict-Transport-Security": [
          "max-age=31536000; includeSubDomains"
        ],
        "x-ms-request-id": [
          "dafe72f9-8004-426e-9d7e-c2e1995fd762"
        ],
        "Server": [
          "Microsoft-HTTPAPI/2.0"
        ],
        "x-ms-ratelimit-remaining-subscription-reads": [
          "11997"
        ],
        "x-ms-correlation-request-id": [
          "5900fbf0-ec9d-4330-8470-db1758805d26"
        ],
        "x-ms-routing-request-id": [
          "WESTUS2:20221006T015901Z:5900fbf0-ec9d-4330-8470-db1758805d26"
        ],
        "X-Content-Type-Options": [
          "nosniff"
        ],
        "Date": [
          "Thu, 06 Oct 2022 01:59:01 GMT"
        ],
        "Expires": [
          "-1"
        ],
        "Content-Length": [
          "0"
        ]
      },
      "ResponseBody": "",
      "StatusCode": 200
    },
    {
      "RequestUri": "/subscriptions/5b4b650e-28b9-4790-b3ab-ddbd88d727c4/resourceGroups/RGName-ps3800/providers/Microsoft.Storage/storageAccounts/storagenameps9368?api-version=2022-05-01",
      "EncodedRequestUri": "L3N1YnNjcmlwdGlvbnMvNWI0YjY1MGUtMjhiOS00NzkwLWIzYWItZGRiZDg4ZDcyN2M0L3Jlc291cmNlR3JvdXBzL1JHTmFtZS1wczM4MDAvcHJvdmlkZXJzL01pY3Jvc29mdC5TdG9yYWdlL3N0b3JhZ2VBY2NvdW50cy9zdG9yYWdlbmFtZXBzOTM2OD9hcGktdmVyc2lvbj0yMDIyLTA1LTAx",
      "RequestMethod": "DELETE",
      "RequestHeaders": {
        "x-ms-client-request-id": [
          "388af6f4-b4d1-4926-bc0b-26675191edab"
        ],
        "Accept-Language": [
          "en-US"
        ],
        "User-Agent": [
          "FxVersion/4.700.22.41602",
          "OSName/Windows",
          "OSVersion/Microsoft.Windows.10.0.22621",
          "Microsoft.Azure.Management.Storage.StorageManagementClient/4.9.0"
        ]
      },
      "RequestBody": "",
      "ResponseHeaders": {
        "Cache-Control": [
          "no-cache"
        ],
        "Pragma": [
          "no-cache"
        ],
        "x-ms-request-id": [
          "4f868894-f5b2-4717-a51a-4dd585cfb698"
        ],
        "Strict-Transport-Security": [
          "max-age=31536000; includeSubDomains"
        ],
        "Server": [
          "Microsoft-Azure-Storage-Resource-Provider/1.0,Microsoft-HTTPAPI/2.0 Microsoft-HTTPAPI/2.0"
        ],
        "x-ms-ratelimit-remaining-subscription-deletes": [
          "14999"
        ],
        "x-ms-correlation-request-id": [
          "759778f9-dad3-4b6c-93e6-e2b7bafe89b7"
        ],
        "x-ms-routing-request-id": [
          "WESTUS2:20221006T015907Z:759778f9-dad3-4b6c-93e6-e2b7bafe89b7"
        ],
        "X-Content-Type-Options": [
          "nosniff"
        ],
        "Date": [
          "Thu, 06 Oct 2022 01:59:06 GMT"
        ],
        "Content-Type": [
          "text/plain; charset=utf-8"
        ],
        "Expires": [
          "-1"
        ],
        "Content-Length": [
          "0"
        ]
      },
      "ResponseBody": "",
      "StatusCode": 200
    },
    {
      "RequestUri": "/subscriptions/5b4b650e-28b9-4790-b3ab-ddbd88d727c4/resourcegroups/RGName-ps3800?api-version=2016-09-01",
      "EncodedRequestUri": "L3N1YnNjcmlwdGlvbnMvNWI0YjY1MGUtMjhiOS00NzkwLWIzYWItZGRiZDg4ZDcyN2M0L3Jlc291cmNlZ3JvdXBzL1JHTmFtZS1wczM4MDA/YXBpLXZlcnNpb249MjAxNi0wOS0wMQ==",
      "RequestMethod": "DELETE",
      "RequestHeaders": {
        "x-ms-client-request-id": [
          "1b3574bf-59e8-40c5-b9ee-5e4151128dce"
        ],
        "Accept-Language": [
          "en-US"
        ],
        "User-Agent": [
          "FxVersion/4.700.22.41602",
          "OSName/Windows",
          "OSVersion/Microsoft.Windows.10.0.22621",
          "Microsoft.Azure.Management.Internal.Resources.ResourceManagementClient/1.3.62"
        ]
      },
      "RequestBody": "",
      "ResponseHeaders": {
        "Cache-Control": [
          "no-cache"
        ],
        "Pragma": [
          "no-cache"
        ],
        "Location": [
          "https://management.azure.com/subscriptions/5b4b650e-28b9-4790-b3ab-ddbd88d727c4/operationresults/eyJqb2JJZCI6IlJFU09VUkNFR1JPVVBERUxFVElPTkpPQi1SR05BTUU6MkRQUzM4MDAtV0VTVENFTlRSQUxVUyIsImpvYkxvY2F0aW9uIjoid2VzdGNlbnRyYWx1cyJ9?api-version=2016-09-01"
        ],
        "Retry-After": [
          "15"
        ],
        "x-ms-ratelimit-remaining-subscription-deletes": [
          "14999"
        ],
        "x-ms-request-id": [
          "5c2739b1-fb5e-466f-b8bc-08af38ea4b96"
        ],
        "x-ms-correlation-request-id": [
          "5c2739b1-fb5e-466f-b8bc-08af38ea4b96"
        ],
        "x-ms-routing-request-id": [
          "WESTUS2:20221006T015908Z:5c2739b1-fb5e-466f-b8bc-08af38ea4b96"
        ],
        "Strict-Transport-Security": [
          "max-age=31536000; includeSubDomains"
        ],
        "X-Content-Type-Options": [
          "nosniff"
        ],
        "Date": [
          "Thu, 06 Oct 2022 01:59:08 GMT"
        ],
        "Expires": [
          "-1"
        ],
        "Content-Length": [
          "0"
        ]
      },
      "ResponseBody": "",
      "StatusCode": 202
    },
    {
      "RequestUri": "/subscriptions/5b4b650e-28b9-4790-b3ab-ddbd88d727c4/operationresults/eyJqb2JJZCI6IlJFU09VUkNFR1JPVVBERUxFVElPTkpPQi1SR05BTUU6MkRQUzM4MDAtV0VTVENFTlRSQUxVUyIsImpvYkxvY2F0aW9uIjoid2VzdGNlbnRyYWx1cyJ9?api-version=2016-09-01",
      "EncodedRequestUri": "L3N1YnNjcmlwdGlvbnMvNWI0YjY1MGUtMjhiOS00NzkwLWIzYWItZGRiZDg4ZDcyN2M0L29wZXJhdGlvbnJlc3VsdHMvZXlKcWIySkpaQ0k2SWxKRlUwOVZVa05GUjFKUFZWQkVSVXhGVkVsUFRrcFBRaTFTUjA1QlRVVTZNa1JRVXpNNE1EQXRWMFZUVkVORlRsUlNRVXhWVXlJc0ltcHZZa3h2WTJGMGFXOXVJam9pZDJWemRHTmxiblJ5WVd4MWN5Sjk/YXBpLXZlcnNpb249MjAxNi0wOS0wMQ==",
      "RequestMethod": "GET",
      "RequestHeaders": {
        "User-Agent": [
          "FxVersion/4.700.22.41602",
          "OSName/Windows",
          "OSVersion/Microsoft.Windows.10.0.22621",
          "Microsoft.Azure.Management.Internal.Resources.ResourceManagementClient/1.3.62"
        ]
      },
      "RequestBody": "",
      "ResponseHeaders": {
        "Cache-Control": [
          "no-cache"
        ],
        "Pragma": [
          "no-cache"
        ],
        "x-ms-ratelimit-remaining-subscription-reads": [
          "11999"
        ],
        "x-ms-request-id": [
          "ddfcb706-135f-4181-9dab-f3ce5a42a7d2"
        ],
        "x-ms-correlation-request-id": [
          "ddfcb706-135f-4181-9dab-f3ce5a42a7d2"
        ],
        "x-ms-routing-request-id": [
          "WESTUS2:20221006T015923Z:ddfcb706-135f-4181-9dab-f3ce5a42a7d2"
        ],
        "Strict-Transport-Security": [
          "max-age=31536000; includeSubDomains"
        ],
        "X-Content-Type-Options": [
          "nosniff"
        ],
        "Date": [
          "Thu, 06 Oct 2022 01:59:23 GMT"
        ],
        "Expires": [
          "-1"
        ],
        "Content-Length": [
          "0"
        ]
      },
      "ResponseBody": "",
      "StatusCode": 200
    },
    {
      "RequestUri": "/subscriptions/5b4b650e-28b9-4790-b3ab-ddbd88d727c4/operationresults/eyJqb2JJZCI6IlJFU09VUkNFR1JPVVBERUxFVElPTkpPQi1SR05BTUU6MkRQUzM4MDAtV0VTVENFTlRSQUxVUyIsImpvYkxvY2F0aW9uIjoid2VzdGNlbnRyYWx1cyJ9?api-version=2016-09-01",
      "EncodedRequestUri": "L3N1YnNjcmlwdGlvbnMvNWI0YjY1MGUtMjhiOS00NzkwLWIzYWItZGRiZDg4ZDcyN2M0L29wZXJhdGlvbnJlc3VsdHMvZXlKcWIySkpaQ0k2SWxKRlUwOVZVa05GUjFKUFZWQkVSVXhGVkVsUFRrcFBRaTFTUjA1QlRVVTZNa1JRVXpNNE1EQXRWMFZUVkVORlRsUlNRVXhWVXlJc0ltcHZZa3h2WTJGMGFXOXVJam9pZDJWemRHTmxiblJ5WVd4MWN5Sjk/YXBpLXZlcnNpb249MjAxNi0wOS0wMQ==",
      "RequestMethod": "GET",
      "RequestHeaders": {
        "User-Agent": [
          "FxVersion/4.700.22.41602",
          "OSName/Windows",
          "OSVersion/Microsoft.Windows.10.0.22621",
          "Microsoft.Azure.Management.Internal.Resources.ResourceManagementClient/1.3.62"
        ]
      },
      "RequestBody": "",
      "ResponseHeaders": {
        "Cache-Control": [
          "no-cache"
        ],
        "Pragma": [
          "no-cache"
        ],
        "x-ms-ratelimit-remaining-subscription-reads": [
          "11998"
        ],
        "x-ms-request-id": [
          "3ddc7057-527b-4c3e-b904-4f20bc02b480"
        ],
        "x-ms-correlation-request-id": [
          "3ddc7057-527b-4c3e-b904-4f20bc02b480"
        ],
        "x-ms-routing-request-id": [
          "WESTUS2:20221006T015923Z:3ddc7057-527b-4c3e-b904-4f20bc02b480"
        ],
        "Strict-Transport-Security": [
          "max-age=31536000; includeSubDomains"
        ],
        "X-Content-Type-Options": [
          "nosniff"
        ],
        "Date": [
          "Thu, 06 Oct 2022 01:59:23 GMT"
        ],
        "Expires": [
          "-1"
        ],
        "Content-Length": [
          "0"
        ]
      },
      "ResponseBody": "",
      "StatusCode": 200
    },
    {
      "RequestUri": "/subscriptions/5b4b650e-28b9-4790-b3ab-ddbd88d727c4/resourcegroups/RGName-ps8972?api-version=2016-09-01",
      "EncodedRequestUri": "L3N1YnNjcmlwdGlvbnMvNWI0YjY1MGUtMjhiOS00NzkwLWIzYWItZGRiZDg4ZDcyN2M0L3Jlc291cmNlZ3JvdXBzL1JHTmFtZS1wczg5NzI/YXBpLXZlcnNpb249MjAxNi0wOS0wMQ==",
      "RequestMethod": "DELETE",
      "RequestHeaders": {
        "x-ms-client-request-id": [
          "6f740997-6a04-4413-91e0-b68328bbb879"
        ],
        "Accept-Language": [
          "en-US"
        ],
        "User-Agent": [
          "FxVersion/4.700.22.41602",
          "OSName/Windows",
          "OSVersion/Microsoft.Windows.10.0.22621",
          "Microsoft.Azure.Management.Internal.Resources.ResourceManagementClient/1.3.62"
        ]
      },
      "RequestBody": "",
      "ResponseHeaders": {
        "Cache-Control": [
          "no-cache"
        ],
        "Pragma": [
          "no-cache"
        ],
        "Location": [
          "https://management.azure.com/subscriptions/5b4b650e-28b9-4790-b3ab-ddbd88d727c4/operationresults/eyJqb2JJZCI6IlJFU09VUkNFR1JPVVBERUxFVElPTkpPQi1SR05BTUU6MkRQUzg5NzItV0VTVENFTlRSQUxVUyIsImpvYkxvY2F0aW9uIjoid2VzdGNlbnRyYWx1cyJ9?api-version=2016-09-01"
        ],
        "Retry-After": [
          "15"
        ],
        "x-ms-ratelimit-remaining-subscription-deletes": [
          "14999"
        ],
        "x-ms-request-id": [
          "8569cd4c-4c42-4992-952a-4cf3d4ea1ded"
        ],
        "x-ms-correlation-request-id": [
          "8569cd4c-4c42-4992-952a-4cf3d4ea1ded"
        ],
        "x-ms-routing-request-id": [
          "WESTUS2:20221006T015925Z:8569cd4c-4c42-4992-952a-4cf3d4ea1ded"
        ],
        "Strict-Transport-Security": [
          "max-age=31536000; includeSubDomains"
        ],
        "X-Content-Type-Options": [
          "nosniff"
        ],
        "Date": [
          "Thu, 06 Oct 2022 01:59:24 GMT"
        ],
        "Expires": [
          "-1"
        ],
        "Content-Length": [
          "0"
        ]
      },
      "ResponseBody": "",
      "StatusCode": 202
    },
    {
      "RequestUri": "/subscriptions/5b4b650e-28b9-4790-b3ab-ddbd88d727c4/operationresults/eyJqb2JJZCI6IlJFU09VUkNFR1JPVVBERUxFVElPTkpPQi1SR05BTUU6MkRQUzg5NzItV0VTVENFTlRSQUxVUyIsImpvYkxvY2F0aW9uIjoid2VzdGNlbnRyYWx1cyJ9?api-version=2016-09-01",
      "EncodedRequestUri": "L3N1YnNjcmlwdGlvbnMvNWI0YjY1MGUtMjhiOS00NzkwLWIzYWItZGRiZDg4ZDcyN2M0L29wZXJhdGlvbnJlc3VsdHMvZXlKcWIySkpaQ0k2SWxKRlUwOVZVa05GUjFKUFZWQkVSVXhGVkVsUFRrcFBRaTFTUjA1QlRVVTZNa1JRVXpnNU56SXRWMFZUVkVORlRsUlNRVXhWVXlJc0ltcHZZa3h2WTJGMGFXOXVJam9pZDJWemRHTmxiblJ5WVd4MWN5Sjk/YXBpLXZlcnNpb249MjAxNi0wOS0wMQ==",
      "RequestMethod": "GET",
      "RequestHeaders": {
        "User-Agent": [
          "FxVersion/4.700.22.41602",
          "OSName/Windows",
          "OSVersion/Microsoft.Windows.10.0.22621",
          "Microsoft.Azure.Management.Internal.Resources.ResourceManagementClient/1.3.62"
        ]
      },
      "RequestBody": "",
      "ResponseHeaders": {
        "Cache-Control": [
          "no-cache"
        ],
        "Pragma": [
          "no-cache"
        ],
        "x-ms-ratelimit-remaining-subscription-reads": [
          "11998"
        ],
        "x-ms-request-id": [
          "f4cbee94-eefc-4bf4-86dc-e39897cb2411"
        ],
        "x-ms-correlation-request-id": [
          "f4cbee94-eefc-4bf4-86dc-e39897cb2411"
        ],
        "x-ms-routing-request-id": [
          "WESTUS2:20221006T015940Z:f4cbee94-eefc-4bf4-86dc-e39897cb2411"
        ],
        "Strict-Transport-Security": [
          "max-age=31536000; includeSubDomains"
        ],
        "X-Content-Type-Options": [
          "nosniff"
        ],
        "Date": [
          "Thu, 06 Oct 2022 01:59:39 GMT"
        ],
        "Expires": [
          "-1"
        ],
        "Content-Length": [
          "0"
        ]
      },
      "ResponseBody": "",
      "StatusCode": 200
    },
    {
      "RequestUri": "/subscriptions/5b4b650e-28b9-4790-b3ab-ddbd88d727c4/operationresults/eyJqb2JJZCI6IlJFU09VUkNFR1JPVVBERUxFVElPTkpPQi1SR05BTUU6MkRQUzg5NzItV0VTVENFTlRSQUxVUyIsImpvYkxvY2F0aW9uIjoid2VzdGNlbnRyYWx1cyJ9?api-version=2016-09-01",
      "EncodedRequestUri": "L3N1YnNjcmlwdGlvbnMvNWI0YjY1MGUtMjhiOS00NzkwLWIzYWItZGRiZDg4ZDcyN2M0L29wZXJhdGlvbnJlc3VsdHMvZXlKcWIySkpaQ0k2SWxKRlUwOVZVa05GUjFKUFZWQkVSVXhGVkVsUFRrcFBRaTFTUjA1QlRVVTZNa1JRVXpnNU56SXRWMFZUVkVORlRsUlNRVXhWVXlJc0ltcHZZa3h2WTJGMGFXOXVJam9pZDJWemRHTmxiblJ5WVd4MWN5Sjk/YXBpLXZlcnNpb249MjAxNi0wOS0wMQ==",
      "RequestMethod": "GET",
      "RequestHeaders": {
        "User-Agent": [
          "FxVersion/4.700.22.41602",
          "OSName/Windows",
          "OSVersion/Microsoft.Windows.10.0.22621",
          "Microsoft.Azure.Management.Internal.Resources.ResourceManagementClient/1.3.62"
        ]
      },
      "RequestBody": "",
      "ResponseHeaders": {
        "Cache-Control": [
          "no-cache"
        ],
        "Pragma": [
          "no-cache"
        ],
        "x-ms-ratelimit-remaining-subscription-reads": [
          "11997"
        ],
        "x-ms-request-id": [
          "f9b663b3-f138-4c7f-9d3b-6d8a314bf585"
        ],
        "x-ms-correlation-request-id": [
          "f9b663b3-f138-4c7f-9d3b-6d8a314bf585"
        ],
        "x-ms-routing-request-id": [
          "WESTUS2:20221006T015940Z:f9b663b3-f138-4c7f-9d3b-6d8a314bf585"
        ],
        "Strict-Transport-Security": [
          "max-age=31536000; includeSubDomains"
        ],
        "X-Content-Type-Options": [
          "nosniff"
        ],
        "Date": [
          "Thu, 06 Oct 2022 01:59:39 GMT"
        ],
        "Expires": [
          "-1"
        ],
        "Content-Length": [
          "0"
        ]
      },
      "ResponseBody": "",
      "StatusCode": 200
    }
  ],
  "Names": {
    "": [
      "ps6987",
      "ps9561",
      "ps2410",
      "ps2439",
      "ps7781",
      "ps8752",
      "ps6454",
      "ps3800",
      "ps8972",
      "ps9368",
      "ps2852"
    ]
  },
  "Variables": {
    "SubscriptionId": "5b4b650e-28b9-4790-b3ab-ddbd88d727c4"
  }
}