{
  "AzDatabricksAccessConnector+[NoContext]+CreateExpanded+$PUT+https://management.azure.com/subscriptions/9e223dbe-3399-4e19-88eb-0975f02ac87f/resourceGroups/auto-test-databricks-61/providers/Microsoft.Databricks/accessConnectors/rxniy3?api-version=2022-10-01-preview+1": {
    "Request": {
      "Method": "PUT",
      "RequestUri": "https://management.azure.com/subscriptions/9e223dbe-3399-4e19-88eb-0975f02ac87f/resourceGroups/auto-test-databricks-61/providers/Microsoft.Databricks/accessConnectors/rxniy3?api-version=2022-10-01-preview",
      "Content": "{\r\n  \"location\": \"eastus\",\r\n  \"identity\": {\r\n    \"type\": \"SystemAssigned\"\r\n  }\r\n}",
      "isContentBase64": false,
      "Headers": {
      },
      "ContentHeaders": {
        "Content-Type": [ "application/json" ],
        "Content-Length": [ "81" ]
      }
    },
    "Response": {
      "StatusCode": 201,
      "Headers": {
        "Cache-Control": [ "no-cache" ],
        "Pragma": [ "no-cache" ],
        "x-ms-request-id": [ "eastus:5b482658-efcb-4d69-b5b2-a9192e6c730c" ],
        "Server": [ "Microsoft-HTTPAPI/2.0" ],
        "x-ms-ratelimit-remaining-subscription-resource-requests": [ "149" ],
        "x-ms-correlation-request-id": [ "a176ed1c-db17-4e1b-89f7-2ee4cf75aa9f" ],
        "x-ms-routing-request-id": [ "JAPANEAST:20230517T034137Z:a176ed1c-db17-4e1b-89f7-2ee4cf75aa9f" ],
        "Strict-Transport-Security": [ "max-age=31536000; includeSubDomains" ],
        "X-Content-Type-Options": [ "nosniff" ],
        "Date": [ "Wed, 17 May 2023 03:41:37 GMT" ]
      },
      "ContentHeaders": {
        "Content-Length": [ "670" ],
        "Content-Type": [ "application/json; charset=utf-8" ],
        "Expires": [ "-1" ]
      },
      "Content": "{\"id\":\"/subscriptions/9e223dbe-3399-4e19-88eb-0975f02ac87f/resourceGroups/auto-test-databricks-61/providers/Microsoft.Databricks/accessConnectors/rxniy3\",\"name\":\"rxniy3\",\"type\":\"Microsoft.Databricks/accessConnectors\",\"location\":\"eastus\",\"identity\":{\"principalId\":\"9d3bc992-667a-4754-9391-438e97f55063\",\"tenantId\":\"72f988bf-86f1-41af-91ab-2d7cd011db47\",\"type\":\"SystemAssigned\"},\"properties\":{\"provisioningState\":\"Succeeded\"},\"systemData\":{\"createdBy\":\"v-jinpel@microsoft.com\",\"createdByType\":\"User\",\"createdAt\":\"2023-05-17T03:41:35.1210373+00:00\",\"lastModifiedBy\":\"v-jinpel@microsoft.com\",\"lastModifiedByType\":\"User\",\"lastModifiedAt\":\"2023-05-17T03:41:35.1210373+00:00\"}}",
      "isContentBase64": false
    }
  },
  "AzDatabricksAccessConnector+[NoContext]+CreateExpanded+$GET+https://management.azure.com/subscriptions/9e223dbe-3399-4e19-88eb-0975f02ac87f/resourceGroups/auto-test-databricks-61/providers/Microsoft.Databricks/accessConnectors/rxniy3?api-version=2022-10-01-preview+2": {
    "Request": {
      "Method": "GET",
      "RequestUri": "https://management.azure.com/subscriptions/9e223dbe-3399-4e19-88eb-0975f02ac87f/resourceGroups/auto-test-databricks-61/providers/Microsoft.Databricks/accessConnectors/rxniy3?api-version=2022-10-01-preview",
      "Content": null,
      "isContentBase64": false,
      "Headers": {
        "Authorization": [ "[Filtered]" ],
        "x-ms-unique-id": [ "26" ],
        "x-ms-client-request-id": [ "626513a1-ac8f-4fdd-9d22-b248a785380b" ],
        "CommandName": [ "New-AzDatabricksAccessConnector" ],
        "FullCommandName": [ "New-AzDatabricksAccessConnector_CreateExpanded" ],
        "ParameterSetName": [ "__AllParameterSets" ],
        "User-Agent": [ "AzurePowershell/v0.0.0", "PSVersion/v7.3.4", "Az.Databricks/1.2.0" ]
      },
      "ContentHeaders": {
      }
    },
    "Response": {
      "StatusCode": 200,
      "Headers": {
        "Cache-Control": [ "no-cache" ],
        "Pragma": [ "no-cache" ],
        "x-ms-request-id": [ "eastus:179a7c48-a46d-4758-944a-394218e329d4" ],
        "Server": [ "Microsoft-HTTPAPI/2.0" ],
        "x-ms-ratelimit-remaining-subscription-resource-requests": [ "1799" ],
        "x-ms-correlation-request-id": [ "27562555-675d-4c0a-aaac-d019f3f790d8" ],
        "x-ms-routing-request-id": [ "JAPANEAST:20230517T034208Z:27562555-675d-4c0a-aaac-d019f3f790d8" ],
        "Strict-Transport-Security": [ "max-age=31536000; includeSubDomains" ],
        "X-Content-Type-Options": [ "nosniff" ],
        "Date": [ "Wed, 17 May 2023 03:42:07 GMT" ]
      },
      "ContentHeaders": {
        "Content-Length": [ "670" ],
        "Content-Type": [ "application/json; charset=utf-8" ],
        "Expires": [ "-1" ]
      },
      "Content": "{\"id\":\"/subscriptions/9e223dbe-3399-4e19-88eb-0975f02ac87f/resourceGroups/auto-test-databricks-61/providers/Microsoft.Databricks/accessConnectors/rxniy3\",\"name\":\"rxniy3\",\"type\":\"Microsoft.Databricks/accessConnectors\",\"location\":\"eastus\",\"identity\":{\"principalId\":\"9d3bc992-667a-4754-9391-438e97f55063\",\"tenantId\":\"72f988bf-86f1-41af-91ab-2d7cd011db47\",\"type\":\"SystemAssigned\"},\"properties\":{\"provisioningState\":\"Succeeded\"},\"systemData\":{\"createdBy\":\"v-jinpel@microsoft.com\",\"createdByType\":\"User\",\"createdAt\":\"2023-05-17T03:41:35.1210373+00:00\",\"lastModifiedBy\":\"v-jinpel@microsoft.com\",\"lastModifiedByType\":\"User\",\"lastModifiedAt\":\"2023-05-17T03:41:35.1210373+00:00\"}}",
      "isContentBase64": false
    }
  },
  "AzDatabricksAccessConnector+[NoContext]+CreateExpanded+$GET+https://management.azure.com/subscriptions/9e223dbe-3399-4e19-88eb-0975f02ac87f/resourceGroups/auto-test-databricks-61/providers/Microsoft.Databricks/accessConnectors/rxniy3?api-version=2022-10-01-preview+3": {
    "Request": {
      "Method": "GET",
      "RequestUri": "https://management.azure.com/subscriptions/9e223dbe-3399-4e19-88eb-0975f02ac87f/resourceGroups/auto-test-databricks-61/providers/Microsoft.Databricks/accessConnectors/rxniy3?api-version=2022-10-01-preview",
      "Content": null,
      "isContentBase64": false,
      "Headers": {
        "Authorization": [ "[Filtered]" ],
        "x-ms-unique-id": [ "27" ],
        "x-ms-client-request-id": [ "626513a1-ac8f-4fdd-9d22-b248a785380b" ],
        "CommandName": [ "New-AzDatabricksAccessConnector" ],
        "FullCommandName": [ "New-AzDatabricksAccessConnector_CreateExpanded" ],
        "ParameterSetName": [ "__AllParameterSets" ],
        "User-Agent": [ "AzurePowershell/v0.0.0", "PSVersion/v7.3.4", "Az.Databricks/1.2.0" ]
      },
      "ContentHeaders": {
      }
    },
    "Response": {
      "StatusCode": 200,
      "Headers": {
        "Cache-Control": [ "no-cache" ],
        "Pragma": [ "no-cache" ],
        "x-ms-request-id": [ "eastus:4bed8f9b-db85-4ff6-aa7e-33385ce9f614" ],
        "Server": [ "Microsoft-HTTPAPI/2.0" ],
        "x-ms-ratelimit-remaining-subscription-resource-requests": [ "1798" ],
        "x-ms-correlation-request-id": [ "f36081ea-f475-4eac-9330-745e562ca242" ],
        "x-ms-routing-request-id": [ "JAPANEAST:20230517T034209Z:f36081ea-f475-4eac-9330-745e562ca242" ],
        "Strict-Transport-Security": [ "max-age=31536000; includeSubDomains" ],
        "X-Content-Type-Options": [ "nosniff" ],
        "Date": [ "Wed, 17 May 2023 03:42:08 GMT" ]
      },
      "ContentHeaders": {
        "Content-Length": [ "670" ],
        "Content-Type": [ "application/json; charset=utf-8" ],
        "Expires": [ "-1" ]
      },
      "Content": "{\"id\":\"/subscriptions/9e223dbe-3399-4e19-88eb-0975f02ac87f/resourceGroups/auto-test-databricks-61/providers/Microsoft.Databricks/accessConnectors/rxniy3\",\"name\":\"rxniy3\",\"type\":\"Microsoft.Databricks/accessConnectors\",\"location\":\"eastus\",\"identity\":{\"principalId\":\"9d3bc992-667a-4754-9391-438e97f55063\",\"tenantId\":\"72f988bf-86f1-41af-91ab-2d7cd011db47\",\"type\":\"SystemAssigned\"},\"properties\":{\"provisioningState\":\"Succeeded\"},\"systemData\":{\"createdBy\":\"v-jinpel@microsoft.com\",\"createdByType\":\"User\",\"createdAt\":\"2023-05-17T03:41:35.1210373+00:00\",\"lastModifiedBy\":\"v-jinpel@microsoft.com\",\"lastModifiedByType\":\"User\",\"lastModifiedAt\":\"2023-05-17T03:41:35.1210373+00:00\"}}",
      "isContentBase64": false
    }
  },
  "AzDatabricksAccessConnector+[NoContext]+List1+$GET+https://management.azure.com/subscriptions/9e223dbe-3399-4e19-88eb-0975f02ac87f/resourceGroups/auto-test-databricks-61/providers/Microsoft.Databricks/accessConnectors?api-version=2022-10-01-preview+1": {
    "Request": {
      "Method": "GET",
      "RequestUri": "https://management.azure.com/subscriptions/9e223dbe-3399-4e19-88eb-0975f02ac87f/resourceGroups/auto-test-databricks-61/providers/Microsoft.Databricks/accessConnectors?api-version=2022-10-01-preview",
      "Content": null,
      "isContentBase64": false,
      "Headers": {
        "x-ms-unique-id": [ "28" ],
        "x-ms-client-request-id": [ "deda6496-e7ba-4ee3-9d75-2063cd3c306b" ],
        "CommandName": [ "Get-AzDatabricksAccessConnector" ],
        "FullCommandName": [ "Get-AzDatabricksAccessConnector_List" ],
        "ParameterSetName": [ "__AllParameterSets" ],
        "User-Agent": [ "AzurePowershell/v0.0.0", "PSVersion/v7.3.4", "Az.Databricks/1.2.0" ],
        "Authorization": [ "[Filtered]" ]
      },
      "ContentHeaders": {
      }
    },
    "Response": {
      "StatusCode": 200,
      "Headers": {
        "Cache-Control": [ "no-cache" ],
        "Pragma": [ "no-cache" ],
        "x-ms-request-id": [ "eastus:c2fff493-9319-4c81-8bc0-91d6205f9304" ],
        "Server": [ "Microsoft-HTTPAPI/2.0" ],
        "x-ms-ratelimit-remaining-subscription-resource-requests": [ "1797" ],
        "x-ms-correlation-request-id": [ "ff850501-c231-422d-9245-e220ddf2ef04" ],
        "x-ms-routing-request-id": [ "JAPANEAST:20230517T034209Z:ff850501-c231-422d-9245-e220ddf2ef04" ],
        "Strict-Transport-Security": [ "max-age=31536000; includeSubDomains" ],
        "X-Content-Type-Options": [ "nosniff" ],
        "Date": [ "Wed, 17 May 2023 03:42:09 GMT" ]
      },
      "ContentHeaders": {
        "Content-Length": [ "682" ],
        "Content-Type": [ "application/json; charset=utf-8" ],
        "Expires": [ "-1" ]
      },
      "Content": "{\"value\":[{\"id\":\"/subscriptions/9e223dbe-3399-4e19-88eb-0975f02ac87f/resourceGroups/auto-test-databricks-61/providers/Microsoft.Databricks/accessConnectors/rxniy3\",\"name\":\"rxniy3\",\"type\":\"Microsoft.Databricks/accessConnectors\",\"location\":\"eastus\",\"identity\":{\"principalId\":\"9d3bc992-667a-4754-9391-438e97f55063\",\"tenantId\":\"72f988bf-86f1-41af-91ab-2d7cd011db47\",\"type\":\"SystemAssigned\"},\"properties\":{\"provisioningState\":\"Succeeded\"},\"systemData\":{\"createdBy\":\"v-jinpel@microsoft.com\",\"createdByType\":\"User\",\"createdAt\":\"2023-05-17T03:41:35.1210373+00:00\",\"lastModifiedBy\":\"v-jinpel@microsoft.com\",\"lastModifiedByType\":\"User\",\"lastModifiedAt\":\"2023-05-17T03:41:35.1210373+00:00\"}}]}",
      "isContentBase64": false
    }
  },
  "AzDatabricksAccessConnector+[NoContext]+Get+$GET+https://management.azure.com/subscriptions/9e223dbe-3399-4e19-88eb-0975f02ac87f/resourceGroups/auto-test-databricks-61/providers/Microsoft.Databricks/accessConnectors/rxniy3?api-version=2022-10-01-preview+1": {
    "Request": {
      "Method": "GET",
      "RequestUri": "https://management.azure.com/subscriptions/9e223dbe-3399-4e19-88eb-0975f02ac87f/resourceGroups/auto-test-databricks-61/providers/Microsoft.Databricks/accessConnectors/rxniy3?api-version=2022-10-01-preview",
      "Content": null,
      "isContentBase64": false,
      "Headers": {
        "x-ms-unique-id": [ "29" ],
        "x-ms-client-request-id": [ "79498fe8-19f4-42eb-b3bf-921294360e0d" ],
        "CommandName": [ "Get-AzDatabricksAccessConnector" ],
        "FullCommandName": [ "Get-AzDatabricksAccessConnector_Get" ],
        "ParameterSetName": [ "__AllParameterSets" ],
        "User-Agent": [ "AzurePowershell/v0.0.0", "PSVersion/v7.3.4", "Az.Databricks/1.2.0" ],
        "Authorization": [ "[Filtered]" ]
      },
      "ContentHeaders": {
      }
    },
    "Response": {
      "StatusCode": 200,
      "Headers": {
        "Cache-Control": [ "no-cache" ],
        "Pragma": [ "no-cache" ],
        "x-ms-request-id": [ "eastus:555dd235-0777-426b-95e3-2c1959174007" ],
        "Server": [ "Microsoft-HTTPAPI/2.0" ],
        "x-ms-ratelimit-remaining-subscription-resource-requests": [ "1796" ],
        "x-ms-correlation-request-id": [ "91faa03f-09f3-470c-bb4d-264f12529c92" ],
        "x-ms-routing-request-id": [ "JAPANEAST:20230517T034210Z:91faa03f-09f3-470c-bb4d-264f12529c92" ],
        "Strict-Transport-Security": [ "max-age=31536000; includeSubDomains" ],
        "X-Content-Type-Options": [ "nosniff" ],
        "Date": [ "Wed, 17 May 2023 03:42:09 GMT" ]
      },
      "ContentHeaders": {
        "Content-Length": [ "670" ],
        "Content-Type": [ "application/json; charset=utf-8" ],
        "Expires": [ "-1" ]
      },
      "Content": "{\"id\":\"/subscriptions/9e223dbe-3399-4e19-88eb-0975f02ac87f/resourceGroups/auto-test-databricks-61/providers/Microsoft.Databricks/accessConnectors/rxniy3\",\"name\":\"rxniy3\",\"type\":\"Microsoft.Databricks/accessConnectors\",\"location\":\"eastus\",\"identity\":{\"principalId\":\"9d3bc992-667a-4754-9391-438e97f55063\",\"tenantId\":\"72f988bf-86f1-41af-91ab-2d7cd011db47\",\"type\":\"SystemAssigned\"},\"properties\":{\"provisioningState\":\"Succeeded\"},\"systemData\":{\"createdBy\":\"v-jinpel@microsoft.com\",\"createdByType\":\"User\",\"createdAt\":\"2023-05-17T03:41:35.1210373+00:00\",\"lastModifiedBy\":\"v-jinpel@microsoft.com\",\"lastModifiedByType\":\"User\",\"lastModifiedAt\":\"2023-05-17T03:41:35.1210373+00:00\"}}",
      "isContentBase64": false
    }
  },
  "AzDatabricksAccessConnector+[NoContext]+List+$GET+https://management.azure.com/subscriptions/9e223dbe-3399-4e19-88eb-0975f02ac87f/providers/Microsoft.Databricks/accessConnectors?api-version=2022-10-01-preview+1": {
    "Request": {
      "Method": "GET",
      "RequestUri": "https://management.azure.com/subscriptions/9e223dbe-3399-4e19-88eb-0975f02ac87f/providers/Microsoft.Databricks/accessConnectors?api-version=2022-10-01-preview",
      "Content": null,
      "isContentBase64": false,
      "Headers": {
        "x-ms-unique-id": [ "30" ],
        "x-ms-client-request-id": [ "30d96c8a-f670-4916-9bdd-34cba7ef3a4d" ],
        "CommandName": [ "Get-AzDatabricksAccessConnector" ],
        "FullCommandName": [ "Get-AzDatabricksAccessConnector_List1" ],
        "ParameterSetName": [ "__AllParameterSets" ],
        "User-Agent": [ "AzurePowershell/v0.0.0", "PSVersion/v7.3.4", "Az.Databricks/1.2.0" ],
        "Authorization": [ "[Filtered]" ]
      },
      "ContentHeaders": {
      }
    },
    "Response": {
      "StatusCode": 200,
      "Headers": {
        "Cache-Control": [ "no-cache" ],
        "Pragma": [ "no-cache" ],
        "x-ms-original-request-ids": [ "westus:9baa23c9-14c0-4d48-adc9-9db8e528f09c", "eastus:f3d34bed-81e6-4fdf-a31c-f041e1388b3c" ],
        "x-ms-ratelimit-remaining-subscription-resource-requests": [ "1795" ],
        "x-ms-request-id": [ "dc50294f-570f-4cfd-ba5e-fcb32857c81e" ],
        "x-ms-correlation-request-id": [ "dc50294f-570f-4cfd-ba5e-fcb32857c81e" ],
        "x-ms-routing-request-id": [ "JAPANEAST:20230517T034211Z:dc50294f-570f-4cfd-ba5e-fcb32857c81e" ],
        "Strict-Transport-Security": [ "max-age=31536000; includeSubDomains" ],
        "X-Content-Type-Options": [ "nosniff" ],
        "Date": [ "Wed, 17 May 2023 03:42:10 GMT" ]
      },
      "ContentHeaders": {
        "Content-Type": [ "application/json; charset=utf-8" ],
        "Expires": [ "-1" ],
        "Content-Length": [ "1343" ]
      },
      "Content": "{\"value\":[{\"id\":\"/subscriptions/9e223dbe-3399-4e19-88eb-0975f02ac87f/resourceGroups/vidai-rg/providers/Microsoft.Databricks/accessConnectors/vidai-db-ac-1\",\"name\":\"vidai-db-ac-1\",\"type\":\"Microsoft.Databricks/accessConnectors\",\"location\":\"westus\",\"identity\":{\"principalId\":\"4903598b-9976-4459-8653-be12cab3b978\",\"tenantId\":\"72f988bf-86f1-41af-91ab-2d7cd011db47\",\"type\":\"SystemAssigned\"},\"properties\":{\"provisioningState\":\"Failed\"},\"systemData\":{\"createdBy\":\"vidai@microsoft.com\",\"createdByType\":\"User\",\"createdAt\":\"2023-02-22T09:13:40.9500223+00:00\",\"lastModifiedBy\":\"vidai@microsoft.com\",\"lastModifiedByType\":\"User\",\"lastModifiedAt\":\"2023-02-22T09:13:40.9500223+00:00\"}},{\"id\":\"/subscriptions/9e223dbe-3399-4e19-88eb-0975f02ac87f/resourceGroups/auto-test-databricks-61/providers/Microsoft.Databricks/accessConnectors/rxniy3\",\"name\":\"rxniy3\",\"type\":\"Microsoft.Databricks/accessConnectors\",\"location\":\"eastus\",\"identity\":{\"principalId\":\"9d3bc992-667a-4754-9391-438e97f55063\",\"tenantId\":\"72f988bf-86f1-41af-91ab-2d7cd011db47\",\"type\":\"SystemAssigned\"},\"properties\":{\"provisioningState\":\"Succeeded\"},\"systemData\":{\"createdBy\":\"v-jinpel@microsoft.com\",\"createdByType\":\"User\",\"createdAt\":\"2023-05-17T03:41:35.1210373+00:00\",\"lastModifiedBy\":\"v-jinpel@microsoft.com\",\"lastModifiedByType\":\"User\",\"lastModifiedAt\":\"2023-05-17T03:41:35.1210373+00:00\"}}]}",
      "isContentBase64": false
    }
  },
  "AzDatabricksAccessConnector+[NoContext]+UpdateExpanded+$PATCH+https://management.azure.com/subscriptions/9e223dbe-3399-4e19-88eb-0975f02ac87f/resourceGroups/auto-test-databricks-61/providers/Microsoft.Databricks/accessConnectors/rxniy3?api-version=2022-10-01-preview+1": {
    "Request": {
      "Method": "PATCH",
      "RequestUri": "https://management.azure.com/subscriptions/9e223dbe-3399-4e19-88eb-0975f02ac87f/resourceGroups/auto-test-databricks-61/providers/Microsoft.Databricks/accessConnectors/rxniy3?api-version=2022-10-01-preview",
      "Content": "{\r\n  \"tags\": {\r\n    \"key\": \"value\"\r\n  }\r\n}",
      "isContentBase64": false,
      "Headers": {
      },
      "ContentHeaders": {
        "Content-Type": [ "application/json" ],
        "Content-Length": [ "42" ]
      }
    },
    "Response": {
      "StatusCode": 200,
      "Headers": {
        "Cache-Control": [ "no-cache" ],
        "Pragma": [ "no-cache" ],
        "x-ms-request-id": [ "eastus:89d0b97d-5b62-4363-ab29-3d4db3998b44" ],
        "Server": [ "Microsoft-HTTPAPI/2.0" ],
        "x-ms-ratelimit-remaining-subscription-resource-requests": [ "148" ],
        "x-ms-correlation-request-id": [ "ef5747a1-920f-4e1b-8411-50ef4479ef85" ],
        "x-ms-routing-request-id": [ "JAPANEAST:20230517T034213Z:ef5747a1-920f-4e1b-8411-50ef4479ef85" ],
        "Strict-Transport-Security": [ "max-age=31536000; includeSubDomains" ],
        "X-Content-Type-Options": [ "nosniff" ],
        "Date": [ "Wed, 17 May 2023 03:42:12 GMT" ]
      },
      "ContentHeaders": {
        "Content-Length": [ "693" ],
        "Content-Type": [ "application/json; charset=utf-8" ],
        "Expires": [ "-1" ]
      },
      "Content": "{\"id\":\"/subscriptions/9e223dbe-3399-4e19-88eb-0975f02ac87f/resourceGroups/auto-test-databricks-61/providers/Microsoft.Databricks/accessConnectors/rxniy3\",\"name\":\"rxniy3\",\"type\":\"Microsoft.Databricks/accessConnectors\",\"location\":\"eastus\",\"identity\":{\"principalId\":\"9d3bc992-667a-4754-9391-438e97f55063\",\"tenantId\":\"72f988bf-86f1-41af-91ab-2d7cd011db47\",\"type\":\"SystemAssigned\"},\"tags\":{\"key\":\"value\"},\"properties\":{\"provisioningState\":\"Succeeded\"},\"systemData\":{\"createdBy\":\"v-jinpel@microsoft.com\",\"createdByType\":\"User\",\"createdAt\":\"2023-05-17T03:41:35.1210373+00:00\",\"lastModifiedBy\":\"v-jinpel@microsoft.com\",\"lastModifiedByType\":\"User\",\"lastModifiedAt\":\"2023-05-17T03:42:12.0766378+00:00\"}}",
      "isContentBase64": false
    }
  },
  "AzDatabricksAccessConnector+[NoContext]+UpdateViaIdentityExpanded+$GET+https://management.azure.com/subscriptions/9e223dbe-3399-4e19-88eb-0975f02ac87f/resourceGroups/auto-test-databricks-61/providers/Microsoft.Databricks/accessConnectors/rxniy3?api-version=2022-10-01-preview+1": {
    "Request": {
      "Method": "GET",
      "RequestUri": "https://management.azure.com/subscriptions/9e223dbe-3399-4e19-88eb-0975f02ac87f/resourceGroups/auto-test-databricks-61/providers/Microsoft.Databricks/accessConnectors/rxniy3?api-version=2022-10-01-preview",
      "Content": null,
      "isContentBase64": false,
      "Headers": {
        "x-ms-unique-id": [ "32" ],
        "x-ms-client-request-id": [ "5ffd9293-2ab4-4598-b1bb-a30d7948c233" ],
        "CommandName": [ "Get-AzDatabricksAccessConnector" ],
        "FullCommandName": [ "Get-AzDatabricksAccessConnector_Get" ],
        "ParameterSetName": [ "__AllParameterSets" ],
        "User-Agent": [ "AzurePowershell/v0.0.0", "PSVersion/v7.3.4", "Az.Databricks/1.2.0" ],
        "Authorization": [ "[Filtered]" ]
      },
      "ContentHeaders": {
      }
    },
    "Response": {
      "StatusCode": 200,
      "Headers": {
        "Cache-Control": [ "no-cache" ],
        "Pragma": [ "no-cache" ],
        "x-ms-request-id": [ "eastus:70468e8b-de10-496c-b4cc-dbe9e6a435cb" ],
        "Server": [ "Microsoft-HTTPAPI/2.0" ],
        "x-ms-ratelimit-remaining-subscription-resource-requests": [ "1794" ],
        "x-ms-correlation-request-id": [ "b4f2b802-7f2e-440f-85a6-7c3fb9e88d21" ],
        "x-ms-routing-request-id": [ "JAPANEAST:20230517T034214Z:b4f2b802-7f2e-440f-85a6-7c3fb9e88d21" ],
        "Strict-Transport-Security": [ "max-age=31536000; includeSubDomains" ],
        "X-Content-Type-Options": [ "nosniff" ],
        "Date": [ "Wed, 17 May 2023 03:42:13 GMT" ]
      },
      "ContentHeaders": {
        "Content-Length": [ "693" ],
        "Content-Type": [ "application/json; charset=utf-8" ],
        "Expires": [ "-1" ]
      },
      "Content": "{\"id\":\"/subscriptions/9e223dbe-3399-4e19-88eb-0975f02ac87f/resourceGroups/auto-test-databricks-61/providers/Microsoft.Databricks/accessConnectors/rxniy3\",\"name\":\"rxniy3\",\"type\":\"Microsoft.Databricks/accessConnectors\",\"location\":\"eastus\",\"identity\":{\"principalId\":\"9d3bc992-667a-4754-9391-438e97f55063\",\"tenantId\":\"72f988bf-86f1-41af-91ab-2d7cd011db47\",\"type\":\"SystemAssigned\"},\"tags\":{\"key\":\"value\"},\"properties\":{\"provisioningState\":\"Succeeded\"},\"systemData\":{\"createdBy\":\"v-jinpel@microsoft.com\",\"createdByType\":\"User\",\"createdAt\":\"2023-05-17T03:41:35.1210373+00:00\",\"lastModifiedBy\":\"v-jinpel@microsoft.com\",\"lastModifiedByType\":\"User\",\"lastModifiedAt\":\"2023-05-17T03:42:12.0766378+00:00\"}}",
      "isContentBase64": false
    }
  },
  "AzDatabricksAccessConnector+[NoContext]+UpdateViaIdentityExpanded+$PATCH+https://management.azure.com/subscriptions/9e223dbe-3399-4e19-88eb-0975f02ac87f/resourceGroups/auto-test-databricks-61/providers/Microsoft.Databricks/accessConnectors/rxniy3?api-version=2022-10-01-preview+2": {
    "Request": {
      "Method": "PATCH",
      "RequestUri": "https://management.azure.com/subscriptions/9e223dbe-3399-4e19-88eb-0975f02ac87f/resourceGroups/auto-test-databricks-61/providers/Microsoft.Databricks/accessConnectors/rxniy3?api-version=2022-10-01-preview",
      "Content": "{\r\n  \"tags\": {\r\n    \"key\": \"value\"\r\n  }\r\n}",
      "isContentBase64": false,
      "Headers": {
      },
      "ContentHeaders": {
        "Content-Type": [ "application/json" ],
        "Content-Length": [ "42" ]
      }
    },
    "Response": {
      "StatusCode": 200,
      "Headers": {
        "Cache-Control": [ "no-cache" ],
        "Pragma": [ "no-cache" ],
        "x-ms-request-id": [ "eastus:5197087d-daf4-4de6-a4ad-0ca08418db4d" ],
        "Server": [ "Microsoft-HTTPAPI/2.0" ],
        "x-ms-ratelimit-remaining-subscription-resource-requests": [ "147" ],
        "x-ms-correlation-request-id": [ "699d17e2-5a6a-4dfa-8ebf-bf2bbdc4cd90" ],
        "x-ms-routing-request-id": [ "JAPANEAST:20230517T034215Z:699d17e2-5a6a-4dfa-8ebf-bf2bbdc4cd90" ],
        "Strict-Transport-Security": [ "max-age=31536000; includeSubDomains" ],
        "X-Content-Type-Options": [ "nosniff" ],
        "Date": [ "Wed, 17 May 2023 03:42:14 GMT" ]
      },
      "ContentHeaders": {
        "Content-Length": [ "693" ],
        "Content-Type": [ "application/json; charset=utf-8" ],
        "Expires": [ "-1" ]
      },
      "Content": "{\"id\":\"/subscriptions/9e223dbe-3399-4e19-88eb-0975f02ac87f/resourceGroups/auto-test-databricks-61/providers/Microsoft.Databricks/accessConnectors/rxniy3\",\"name\":\"rxniy3\",\"type\":\"Microsoft.Databricks/accessConnectors\",\"location\":\"eastus\",\"identity\":{\"principalId\":\"9d3bc992-667a-4754-9391-438e97f55063\",\"tenantId\":\"72f988bf-86f1-41af-91ab-2d7cd011db47\",\"type\":\"SystemAssigned\"},\"tags\":{\"key\":\"value\"},\"properties\":{\"provisioningState\":\"Succeeded\"},\"systemData\":{\"createdBy\":\"v-jinpel@microsoft.com\",\"createdByType\":\"User\",\"createdAt\":\"2023-05-17T03:41:35.1210373+00:00\",\"lastModifiedBy\":\"v-jinpel@microsoft.com\",\"lastModifiedByType\":\"User\",\"lastModifiedAt\":\"2023-05-17T03:42:14.7643703+00:00\"}}",
      "isContentBase64": false
    }
  },
  "AzDatabricksAccessConnector+[NoContext]+Delete+$DELETE+https://management.azure.com/subscriptions/9e223dbe-3399-4e19-88eb-0975f02ac87f/resourceGroups/auto-test-databricks-61/providers/Microsoft.Databricks/accessConnectors/rxniy3?api-version=2022-10-01-preview+1": {
    "Request": {
      "Method": "DELETE",
      "RequestUri": "https://management.azure.com/subscriptions/9e223dbe-3399-4e19-88eb-0975f02ac87f/resourceGroups/auto-test-databricks-61/providers/Microsoft.Databricks/accessConnectors/rxniy3?api-version=2022-10-01-preview",
      "Content": null,
      "isContentBase64": false,
      "Headers": {
        "x-ms-unique-id": [ "34" ],
        "x-ms-client-request-id": [ "dfa3cba6-2374-46e4-82ab-0737ae047a8b" ],
        "CommandName": [ "Remove-AzDatabricksAccessConnector" ],
        "FullCommandName": [ "Remove-AzDatabricksAccessConnector_Delete" ],
        "ParameterSetName": [ "__AllParameterSets" ],
        "User-Agent": [ "AzurePowershell/v0.0.0", "PSVersion/v7.3.4", "Az.Databricks/1.2.0" ],
        "Authorization": [ "[Filtered]" ]
      },
      "ContentHeaders": {
      }
    },
    "Response": {
      "StatusCode": 200,
      "Headers": {
        "Cache-Control": [ "no-cache" ],
        "Pragma": [ "no-cache" ],
        "x-ms-request-id": [ "eastus:3b11ef10-3cdb-421c-911e-86c324cce9a4" ],
        "Server": [ "Microsoft-HTTPAPI/2.0" ],
        "x-ms-ratelimit-remaining-subscription-deletes": [ "14999" ],
        "x-ms-correlation-request-id": [ "00f144e0-ac40-4089-8151-a844e30f937d" ],
        "x-ms-routing-request-id": [ "JAPANEAST:20230517T034218Z:00f144e0-ac40-4089-8151-a844e30f937d" ],
        "Strict-Transport-Security": [ "max-age=31536000; includeSubDomains" ],
        "X-Content-Type-Options": [ "nosniff" ],
        "Date": [ "Wed, 17 May 2023 03:42:17 GMT" ]
      },
      "ContentHeaders": {
        "Expires": [ "-1" ],
        "Content-Length": [ "0" ]
      },
      "Content": null,
      "isContentBase64": false
    }
  }
}