{
  "New-AzDatabricksVNetPeering+[NoContext]+CreateExpanded+$PUT+https://management.azure.com/subscriptions/9e223dbe-3399-4e19-88eb-0975f02ac87f/resourceGroups/databricks-rg-xyv4k5/providers/Microsoft.Databricks/workspaces/workspaceg953hc/virtualNetworkPeerings/vnetpeering-fc16au?api-version=2023-02-01+1": {
    "Request": {
      "Method": "PUT",
      "RequestUri": "https://management.azure.com/subscriptions/9e223dbe-3399-4e19-88eb-0975f02ac87f/resourceGroups/databricks-rg-xyv4k5/providers/Microsoft.Databricks/workspaces/workspaceg953hc/virtualNetworkPeerings/vnetpeering-fc16au?api-version=2023-02-01",
      "Content": "{\r\n  \"properties\": {\r\n    \"remoteVirtualNetwork\": {\r\n      \"id\": \"/subscriptions/9e223dbe-3399-4e19-88eb-0975f02ac87f/resourceGroups/databricks-rg-xyv4k5/providers/Microsoft.Network/virtualNetworks/databricks-vnet-wbktoi\"\r\n    }\r\n  }\r\n}",
      "isContentBase64": false,
      "Headers": {
      },
      "ContentHeaders": {
        "Content-Type": [ "application/json" ],
        "Content-Length": [ "236" ]
      }
    },
    "Response": {
      "StatusCode": 200,
      "Headers": {
        "Cache-Control": [ "no-cache" ],
        "Pragma": [ "no-cache" ],
        "X-Frame-Options": [ "SAMEORIGIN" ],
        "X-XSS-Protection": [ "1; mode=block" ],
        "X-Content-Type-Options": [ "nosniff" ],
        "Strict-Transport-Security": [ "max-age=31536000; includeSubDomains" ],
        "x-ms-request-id": [ "" ],
        "x-ms-ratelimit-remaining-subscription-writes": [ "1199" ],
        "x-ms-correlation-request-id": [ "ab0fb510-c0fa-4bb3-b535-e923acf02483" ],
        "x-ms-routing-request-id": [ "SOUTHEASTASIA:20220221T060306Z:ab0fb510-c0fa-4bb3-b535-e923acf02483" ],
        "Date": [ "Mon, 21 Feb 2022 06:03:05 GMT" ]
      },
      "ContentHeaders": {
        "Content-Length": [ "942" ],
        "Content-Type": [ "application/json" ],
        "Expires": [ "-1" ]
      },
      "Content": "{\"id\":\"/subscriptions/9e223dbe-3399-4e19-88eb-0975f02ac87f/resourceGroups/databricks-rg-xyv4k5/providers/Microsoft.Databricks/workspaces/workspaceg953hc/virtualNetworkPeerings/vnetpeering-fc16au\",\"name\":\"vnetpeering-fc16au\",\"properties\":{\"allowVirtualNetworkAccess\":true,\"allowForwardedTraffic\":false,\"allowGatewayTransit\":false,\"useRemoteGateways\":false,\"remoteVirtualNetwork\":{\"id\":\"/subscriptions/9e223dbe-3399-4e19-88eb-0975f02ac87f/resourceGroups/databricks-rg-xyv4k5/providers/Microsoft.Network/virtualNetworks/databricks-vnet-wbktoi\"},\"remoteAddressSpace\":{\"addressPrefixes\":[\"10.0.0.0/16\",\"10.179.0.0/16\"]},\"databricksVirtualNetwork\":{\"id\":\"/subscriptions/9e223dbe-3399-4e19-88eb-0975f02ac87f/resourceGroups/databricks-rg-workspaceg953hc-0oc1t2bx9miuz/providers/Microsoft.Network/virtualNetworks/workers-vnet\"},\"databricksAddressSpace\":{\"addressPrefixes\":[\"10.139.0.0/16\"]},\"peeringState\":\"Initiated\",\"provisioningState\":\"Updating\"}}\n",
      "isContentBase64": false
    }
  },
  "New-AzDatabricksVNetPeering+[NoContext]+CreateExpanded+$GET+https://management.azure.com/subscriptions/9e223dbe-3399-4e19-88eb-0975f02ac87f/resourceGroups/databricks-rg-xyv4k5/providers/Microsoft.Databricks/workspaces/workspaceg953hc/virtualNetworkPeerings/vnetpeering-fc16au?api-version=2023-02-01+2": {
    "Request": {
      "Method": "GET",
      "RequestUri": "https://management.azure.com/subscriptions/9e223dbe-3399-4e19-88eb-0975f02ac87f/resourceGroups/databricks-rg-xyv4k5/providers/Microsoft.Databricks/workspaces/workspaceg953hc/virtualNetworkPeerings/vnetpeering-fc16au?api-version=2023-02-01",
      "Content": null,
      "isContentBase64": false,
      "Headers": {
        "Authorization": [ "[Filtered]" ],
        "x-ms-unique-id": [ "2" ],
        "x-ms-client-request-id": [ "206618fc-c5cd-451a-8799-9bcf730c3830" ],
        "CommandName": [ "New-AzDatabricksVNetPeering" ],
        "FullCommandName": [ "New-AzDatabricksVNetPeering_CreateExpanded" ],
        "ParameterSetName": [ "__AllParameterSets" ],
        "User-Agent": [ "AzurePowershell/v0.0.0", "Az.Databricks/1.1.0" ]
      },
      "ContentHeaders": {
      }
    },
    "Response": {
      "StatusCode": 200,
      "Headers": {
        "Cache-Control": [ "no-cache" ],
        "Pragma": [ "no-cache" ],
        "X-Frame-Options": [ "SAMEORIGIN" ],
        "X-XSS-Protection": [ "1; mode=block" ],
        "X-Content-Type-Options": [ "nosniff" ],
        "Strict-Transport-Security": [ "max-age=31536000; includeSubDomains" ],
        "x-ms-request-id": [ "" ],
        "x-ms-ratelimit-remaining-subscription-reads": [ "11999" ],
        "x-ms-correlation-request-id": [ "0f944fb5-9618-478b-bdac-e630c12288be" ],
        "x-ms-routing-request-id": [ "SOUTHEASTASIA:20220221T060337Z:0f944fb5-9618-478b-bdac-e630c12288be" ],
        "Date": [ "Mon, 21 Feb 2022 06:03:36 GMT" ]
      },
      "ContentHeaders": {
        "Content-Length": [ "943" ],
        "Content-Type": [ "application/json" ],
        "Expires": [ "-1" ]
      },
      "Content": "{\"id\":\"/subscriptions/9e223dbe-3399-4e19-88eb-0975f02ac87f/resourceGroups/databricks-rg-xyv4k5/providers/Microsoft.Databricks/workspaces/workspaceg953hc/virtualNetworkPeerings/vnetpeering-fc16au\",\"name\":\"vnetpeering-fc16au\",\"properties\":{\"allowVirtualNetworkAccess\":true,\"allowForwardedTraffic\":false,\"allowGatewayTransit\":false,\"useRemoteGateways\":false,\"remoteVirtualNetwork\":{\"id\":\"/subscriptions/9e223dbe-3399-4e19-88eb-0975f02ac87f/resourceGroups/databricks-rg-xyv4k5/providers/Microsoft.Network/virtualNetworks/databricks-vnet-wbktoi\"},\"remoteAddressSpace\":{\"addressPrefixes\":[\"10.0.0.0/16\",\"10.179.0.0/16\"]},\"databricksVirtualNetwork\":{\"id\":\"/subscriptions/9e223dbe-3399-4e19-88eb-0975f02ac87f/resourceGroups/databricks-rg-workspaceg953hc-0oc1t2bx9miuz/providers/Microsoft.Network/virtualNetworks/workers-vnet\"},\"databricksAddressSpace\":{\"addressPrefixes\":[\"10.139.0.0/16\"]},\"peeringState\":\"Initiated\",\"provisioningState\":\"Succeeded\"}}\n",
      "isContentBase64": false
    }
  },
  "New-AzDatabricksVNetPeering+[NoContext]+CreateExpanded+$GET+https://management.azure.com/subscriptions/9e223dbe-3399-4e19-88eb-0975f02ac87f/resourceGroups/databricks-rg-xyv4k5/providers/Microsoft.Databricks/workspaces/workspaceg953hc/virtualNetworkPeerings/vnetpeering-fc16au?api-version=2023-02-01+3": {
    "Request": {
      "Method": "GET",
      "RequestUri": "https://management.azure.com/subscriptions/9e223dbe-3399-4e19-88eb-0975f02ac87f/resourceGroups/databricks-rg-xyv4k5/providers/Microsoft.Databricks/workspaces/workspaceg953hc/virtualNetworkPeerings/vnetpeering-fc16au?api-version=2023-02-01",
      "Content": null,
      "isContentBase64": false,
      "Headers": {
        "Authorization": [ "[Filtered]" ],
        "x-ms-unique-id": [ "3" ],
        "x-ms-client-request-id": [ "206618fc-c5cd-451a-8799-9bcf730c3830" ],
        "CommandName": [ "New-AzDatabricksVNetPeering" ],
        "FullCommandName": [ "New-AzDatabricksVNetPeering_CreateExpanded" ],
        "ParameterSetName": [ "__AllParameterSets" ],
        "User-Agent": [ "AzurePowershell/v0.0.0", "Az.Databricks/1.1.0" ]
      },
      "ContentHeaders": {
      }
    },
    "Response": {
      "StatusCode": 200,
      "Headers": {
        "Cache-Control": [ "no-cache" ],
        "Pragma": [ "no-cache" ],
        "X-Frame-Options": [ "SAMEORIGIN" ],
        "X-XSS-Protection": [ "1; mode=block" ],
        "X-Content-Type-Options": [ "nosniff" ],
        "Strict-Transport-Security": [ "max-age=31536000; includeSubDomains" ],
        "x-ms-request-id": [ "" ],
        "x-ms-ratelimit-remaining-subscription-reads": [ "11998" ],
        "x-ms-correlation-request-id": [ "946166eb-60ac-41e1-857d-f01bd2ffd7e1" ],
        "x-ms-routing-request-id": [ "SOUTHEASTASIA:20220221T060337Z:946166eb-60ac-41e1-857d-f01bd2ffd7e1" ],
        "Date": [ "Mon, 21 Feb 2022 06:03:36 GMT" ]
      },
      "ContentHeaders": {
        "Content-Length": [ "943" ],
        "Content-Type": [ "application/json" ],
        "Expires": [ "-1" ]
      },
      "Content": "{\"id\":\"/subscriptions/9e223dbe-3399-4e19-88eb-0975f02ac87f/resourceGroups/databricks-rg-xyv4k5/providers/Microsoft.Databricks/workspaces/workspaceg953hc/virtualNetworkPeerings/vnetpeering-fc16au\",\"name\":\"vnetpeering-fc16au\",\"properties\":{\"allowVirtualNetworkAccess\":true,\"allowForwardedTraffic\":false,\"allowGatewayTransit\":false,\"useRemoteGateways\":false,\"remoteVirtualNetwork\":{\"id\":\"/subscriptions/9e223dbe-3399-4e19-88eb-0975f02ac87f/resourceGroups/databricks-rg-xyv4k5/providers/Microsoft.Network/virtualNetworks/databricks-vnet-wbktoi\"},\"remoteAddressSpace\":{\"addressPrefixes\":[\"10.0.0.0/16\",\"10.179.0.0/16\"]},\"databricksVirtualNetwork\":{\"id\":\"/subscriptions/9e223dbe-3399-4e19-88eb-0975f02ac87f/resourceGroups/databricks-rg-workspaceg953hc-0oc1t2bx9miuz/providers/Microsoft.Network/virtualNetworks/workers-vnet\"},\"databricksAddressSpace\":{\"addressPrefixes\":[\"10.139.0.0/16\"]},\"peeringState\":\"Initiated\",\"provisioningState\":\"Succeeded\"}}\n",
      "isContentBase64": false
    }
  }
}