{
  "Entries": [
    {
      "RequestUri": "/subscriptions/0b35c512-e1ea-4c38-bd26-41d0e9d5b54f/resourceGroups/to-delete-01/providers/Microsoft.Automation/automationAccounts/fbs-aa-01/powerShell72Modules/GitHub?api-version=2023-11-01",
      "EncodedRequestUri": "L3N1YnNjcmlwdGlvbnMvMGIzNWM1MTItZTFlYS00YzM4LWJkMjYtNDFkMGU5ZDViNTRmL3Jlc291cmNlR3JvdXBzL3RvLWRlbGV0ZS0wMS9wcm92aWRlcnMvTWljcm9zb2Z0LkF1dG9tYXRpb24vYXV0b21hdGlvbkFjY291bnRzL2Zicy1hYS0wMS9wb3dlclNoZWxsNzJNb2R1bGVzL0dpdEh1Yj9hcGktdmVyc2lvbj0yMDIzLTExLTAx",
      "RequestMethod": "GET",
      "RequestHeaders": {
        "x-ms-client-request-id": [
          "b22148d6-2806-4fe0-97d5-c5678ebb8341"
        ],
        "Accept-Language": [
          "en-US"
        ],
        "User-Agent": [
          "FxVersion/6.0.2523.51912",
          "OSName/Windows",
          "OSVersion/Microsoft.Windows.10.0.22631",
          "Microsoft.Azure.Management.Automation.AutomationClient/1.9.1"
        ]
      },
      "RequestBody": "",
      "ResponseHeaders": {
        "Cache-Control": [
          "no-cache"
        ],
        "Pragma": [
          "no-cache"
        ],
        "x-ms-request-id": [
          "b22148d6-2806-4fe0-97d5-c5678ebb8341"
        ],
        "Server": [
          "Microsoft-HTTPAPI/2.0"
        ],
        "x-ms-ratelimit-remaining-subscription-reads": [
          "11998"
        ],
        "x-ms-correlation-request-id": [
          "835d36b4-6693-4c2a-8d65-ab73f2e0cd03"
        ],
        "x-ms-routing-request-id": [
          "WESTINDIA:20231124T110539Z:835d36b4-6693-4c2a-8d65-ab73f2e0cd03"
        ],
        "Strict-Transport-Security": [
          "max-age=31536000; includeSubDomains"
        ],
        "X-Content-Type-Options": [
          "nosniff"
        ],
        "Date": [
          "Fri, 24 Nov 2023 11:05:39 GMT"
        ],
        "Content-Length": [
          "1431"
        ],
        "Content-Type": [
          "application/json; charset=utf-8"
        ],
        "Expires": [
          "-1"
        ]
      },
      "ResponseBody": "{\r\n  \"id\": \"/subscriptions/0b35c512-e1ea-4c38-bd26-41d0e9d5b54f/resourceGroups/to-delete-01/providers/Microsoft.Automation/automationAccounts/fbs-aa-01/powerShell72Modules/GitHub\",\r\n  \"name\": \"GitHub\",\r\n  \"type\": \"Microsoft.Automation/AutomationAccounts/PowerShell72Modules\",\r\n  \"location\": \"eastus\",\r\n  \"tags\": {},\r\n  \"etag\": null,\r\n  \"properties\": {\r\n    \"isGlobal\": false,\r\n    \"version\": null,\r\n    \"sizeInBytes\": 0,\r\n    \"activityCount\": 0,\r\n    \"creationTime\": \"2023-11-24T14:46:55.8166667+05:30\",\r\n    \"lastModifiedTime\": \"2023-11-24T14:50:14.9333333+05:30\",\r\n    \"error\": {\r\n      \"code\": null,\r\n      \"message\": \"Orchestrator.Shared.AsyncModuleImport.ModuleImportException: No content was read from the supplied ContentLink. [ContentLink.Uri=https://www.powershellgallery.com/api/v2/package/GitHub/0.0.72.nupkg]\\r\\n   at Orchestrator.Activities.GetModuleContentActivity.ExecuteInternal(CodeActivityContext context, String contentUri, String contentHashAlgorithm, String contentHashValue, String contentVersion, String moduleName, ModuleLanguage moduleLanguage)\\r\\n   at Orchestrator.Activities.GetModuleContentActivity.Execute(CodeActivityContext context)\\r\\n   at System.Activities.CodeActivity.InternalExecute(ActivityInstance instance, ActivityExecutor executor, BookmarkManager bookmarkManager)\\r\\n   at System.Activities.Runtime.ActivityExecutor.ExecuteActivityWorkItem.ExecuteBody(ActivityExecutor executor, BookmarkManager bookmarkManager, Location resultLocation)\"\r\n    },\r\n    \"provisioningState\": \"Failed\",\r\n    \"isComposite\": false\r\n  }\r\n}",
      "StatusCode": 200
    },
    {
      "RequestUri": "/subscriptions/0b35c512-e1ea-4c38-bd26-41d0e9d5b54f/resourceGroups/to-delete-01/providers/Microsoft.Automation/automationAccounts/fbs-aa-01/powerShell72Modules/GitHub?api-version=2023-11-01",
      "EncodedRequestUri": "L3N1YnNjcmlwdGlvbnMvMGIzNWM1MTItZTFlYS00YzM4LWJkMjYtNDFkMGU5ZDViNTRmL3Jlc291cmNlR3JvdXBzL3RvLWRlbGV0ZS0wMS9wcm92aWRlcnMvTWljcm9zb2Z0LkF1dG9tYXRpb24vYXV0b21hdGlvbkFjY291bnRzL2Zicy1hYS0wMS9wb3dlclNoZWxsNzJNb2R1bGVzL0dpdEh1Yj9hcGktdmVyc2lvbj0yMDIzLTExLTAx",
      "RequestMethod": "GET",
      "RequestHeaders": {
        "x-ms-client-request-id": [
          "abf23abb-c14f-4630-8bdd-694f14ca26df"
        ],
        "Accept-Language": [
          "en-US"
        ],
        "User-Agent": [
          "FxVersion/6.0.2523.51912",
          "OSName/Windows",
          "OSVersion/Microsoft.Windows.10.0.22631",
          "Microsoft.Azure.Management.Automation.AutomationClient/1.9.1"
        ]
      },
      "RequestBody": "",
      "ResponseHeaders": {
        "Cache-Control": [
          "no-cache"
        ],
        "Pragma": [
          "no-cache"
        ],
        "x-ms-request-id": [
          "abf23abb-c14f-4630-8bdd-694f14ca26df"
        ],
        "Server": [
          "Microsoft-HTTPAPI/2.0"
        ],
        "x-ms-ratelimit-remaining-subscription-reads": [
          "11999"
        ],
        "x-ms-correlation-request-id": [
          "69d6d4ca-b342-45f1-ab52-56cb36b8f8bf"
        ],
        "x-ms-routing-request-id": [
          "WESTINDIA:20231124T110542Z:69d6d4ca-b342-45f1-ab52-56cb36b8f8bf"
        ],
        "Strict-Transport-Security": [
          "max-age=31536000; includeSubDomains"
        ],
        "X-Content-Type-Options": [
          "nosniff"
        ],
        "Date": [
          "Fri, 24 Nov 2023 11:05:41 GMT"
        ],
        "Content-Length": [
          "570"
        ],
        "Content-Type": [
          "application/json; charset=utf-8"
        ],
        "Expires": [
          "-1"
        ]
      },
      "ResponseBody": "{\r\n  \"id\": \"/subscriptions/0b35c512-e1ea-4c38-bd26-41d0e9d5b54f/resourceGroups/to-delete-01/providers/Microsoft.Automation/automationAccounts/fbs-aa-01/powerShell72Modules/GitHub\",\r\n  \"name\": \"GitHub\",\r\n  \"type\": \"Microsoft.Automation/AutomationAccounts/PowerShell72Modules\",\r\n  \"location\": \"eastus\",\r\n  \"tags\": {},\r\n  \"etag\": null,\r\n  \"properties\": {\r\n    \"isGlobal\": false,\r\n    \"version\": null,\r\n    \"sizeInBytes\": 0,\r\n    \"activityCount\": 0,\r\n    \"creationTime\": \"2023-11-24T16:35:41.39+05:30\",\r\n    \"lastModifiedTime\": \"2023-11-24T16:35:41.4433333+05:30\",\r\n    \"error\": {\r\n      \"code\": null,\r\n      \"message\": \"\"\r\n    },\r\n    \"provisioningState\": \"Creating\",\r\n    \"isComposite\": false\r\n  }\r\n}",
      "StatusCode": 200
    },
    {
      "RequestUri": "/subscriptions/0b35c512-e1ea-4c38-bd26-41d0e9d5b54f/resourceGroups/to-delete-01/providers/Microsoft.Automation/automationAccounts/fbs-aa-01/powerShell72Modules/GitHub?api-version=2023-11-01",
      "EncodedRequestUri": "L3N1YnNjcmlwdGlvbnMvMGIzNWM1MTItZTFlYS00YzM4LWJkMjYtNDFkMGU5ZDViNTRmL3Jlc291cmNlR3JvdXBzL3RvLWRlbGV0ZS0wMS9wcm92aWRlcnMvTWljcm9zb2Z0LkF1dG9tYXRpb24vYXV0b21hdGlvbkFjY291bnRzL2Zicy1hYS0wMS9wb3dlclNoZWxsNzJNb2R1bGVzL0dpdEh1Yj9hcGktdmVyc2lvbj0yMDIzLTExLTAx",
      "RequestMethod": "GET",
      "RequestHeaders": {
        "x-ms-client-request-id": [
          "8a9655e5-15b6-4147-8ec7-c6f78a3ebd78"
        ],
        "Accept-Language": [
          "en-US"
        ],
        "User-Agent": [
          "FxVersion/6.0.2523.51912",
          "OSName/Windows",
          "OSVersion/Microsoft.Windows.10.0.22631",
          "Microsoft.Azure.Management.Automation.AutomationClient/1.9.1"
        ]
      },
      "RequestBody": "",
      "ResponseHeaders": {
        "Cache-Control": [
          "no-cache"
        ],
        "Pragma": [
          "no-cache"
        ],
        "x-ms-request-id": [
          "8a9655e5-15b6-4147-8ec7-c6f78a3ebd78"
        ],
        "Server": [
          "Microsoft-HTTPAPI/2.0"
        ],
        "x-ms-ratelimit-remaining-subscription-reads": [
          "11999"
        ],
        "x-ms-correlation-request-id": [
          "73b1822f-deb1-4f2b-b2ed-3972e401bcc3"
        ],
        "x-ms-routing-request-id": [
          "WESTINDIA:20231124T110553Z:73b1822f-deb1-4f2b-b2ed-3972e401bcc3"
        ],
        "Strict-Transport-Security": [
          "max-age=31536000; includeSubDomains"
        ],
        "X-Content-Type-Options": [
          "nosniff"
        ],
        "Date": [
          "Fri, 24 Nov 2023 11:05:53 GMT"
        ],
        "Content-Length": [
          "570"
        ],
        "Content-Type": [
          "application/json; charset=utf-8"
        ],
        "Expires": [
          "-1"
        ]
      },
      "ResponseBody": "{\r\n  \"id\": \"/subscriptions/0b35c512-e1ea-4c38-bd26-41d0e9d5b54f/resourceGroups/to-delete-01/providers/Microsoft.Automation/automationAccounts/fbs-aa-01/powerShell72Modules/GitHub\",\r\n  \"name\": \"GitHub\",\r\n  \"type\": \"Microsoft.Automation/AutomationAccounts/PowerShell72Modules\",\r\n  \"location\": \"eastus\",\r\n  \"tags\": {},\r\n  \"etag\": null,\r\n  \"properties\": {\r\n    \"isGlobal\": false,\r\n    \"version\": null,\r\n    \"sizeInBytes\": 0,\r\n    \"activityCount\": 0,\r\n    \"creationTime\": \"2023-11-24T16:35:41.39+05:30\",\r\n    \"lastModifiedTime\": \"2023-11-24T16:35:41.4433333+05:30\",\r\n    \"error\": {\r\n      \"code\": null,\r\n      \"message\": \"\"\r\n    },\r\n    \"provisioningState\": \"Creating\",\r\n    \"isComposite\": false\r\n  }\r\n}",
      "StatusCode": 200
    },
    {
      "RequestUri": "/subscriptions/0b35c512-e1ea-4c38-bd26-41d0e9d5b54f/resourceGroups/to-delete-01/providers/Microsoft.Automation/automationAccounts/fbs-aa-01/powerShell72Modules/GitHub?api-version=2023-11-01",
      "EncodedRequestUri": "L3N1YnNjcmlwdGlvbnMvMGIzNWM1MTItZTFlYS00YzM4LWJkMjYtNDFkMGU5ZDViNTRmL3Jlc291cmNlR3JvdXBzL3RvLWRlbGV0ZS0wMS9wcm92aWRlcnMvTWljcm9zb2Z0LkF1dG9tYXRpb24vYXV0b21hdGlvbkFjY291bnRzL2Zicy1hYS0wMS9wb3dlclNoZWxsNzJNb2R1bGVzL0dpdEh1Yj9hcGktdmVyc2lvbj0yMDIzLTExLTAx",
      "RequestMethod": "GET",
      "RequestHeaders": {
        "x-ms-client-request-id": [
          "255b6b83-9f37-47ed-8dac-631f93708f59"
        ],
        "Accept-Language": [
          "en-US"
        ],
        "User-Agent": [
          "FxVersion/6.0.2523.51912",
          "OSName/Windows",
          "OSVersion/Microsoft.Windows.10.0.22631",
          "Microsoft.Azure.Management.Automation.AutomationClient/1.9.1"
        ]
      },
      "RequestBody": "",
      "ResponseHeaders": {
        "Cache-Control": [
          "no-cache"
        ],
        "Pragma": [
          "no-cache"
        ],
        "x-ms-request-id": [
          "255b6b83-9f37-47ed-8dac-631f93708f59"
        ],
        "Server": [
          "Microsoft-HTTPAPI/2.0"
        ],
        "x-ms-ratelimit-remaining-subscription-reads": [
          "11999"
        ],
        "x-ms-correlation-request-id": [
          "a772277e-72d9-482e-8305-1bcbcf6ab4d2"
        ],
        "x-ms-routing-request-id": [
          "JIOINDIAWEST:20231124T110606Z:a772277e-72d9-482e-8305-1bcbcf6ab4d2"
        ],
        "Strict-Transport-Security": [
          "max-age=31536000; includeSubDomains"
        ],
        "X-Content-Type-Options": [
          "nosniff"
        ],
        "Date": [
          "Fri, 24 Nov 2023 11:06:06 GMT"
        ],
        "Content-Length": [
          "570"
        ],
        "Content-Type": [
          "application/json; charset=utf-8"
        ],
        "Expires": [
          "-1"
        ]
      },
      "ResponseBody": "{\r\n  \"id\": \"/subscriptions/0b35c512-e1ea-4c38-bd26-41d0e9d5b54f/resourceGroups/to-delete-01/providers/Microsoft.Automation/automationAccounts/fbs-aa-01/powerShell72Modules/GitHub\",\r\n  \"name\": \"GitHub\",\r\n  \"type\": \"Microsoft.Automation/AutomationAccounts/PowerShell72Modules\",\r\n  \"location\": \"eastus\",\r\n  \"tags\": {},\r\n  \"etag\": null,\r\n  \"properties\": {\r\n    \"isGlobal\": false,\r\n    \"version\": null,\r\n    \"sizeInBytes\": 0,\r\n    \"activityCount\": 0,\r\n    \"creationTime\": \"2023-11-24T16:35:41.39+05:30\",\r\n    \"lastModifiedTime\": \"2023-11-24T16:35:41.4433333+05:30\",\r\n    \"error\": {\r\n      \"code\": null,\r\n      \"message\": \"\"\r\n    },\r\n    \"provisioningState\": \"Creating\",\r\n    \"isComposite\": false\r\n  }\r\n}",
      "StatusCode": 200
    },
    {
      "RequestUri": "/subscriptions/0b35c512-e1ea-4c38-bd26-41d0e9d5b54f/resourceGroups/to-delete-01/providers/Microsoft.Automation/automationAccounts/fbs-aa-01/powerShell72Modules/GitHub?api-version=2023-11-01",
      "EncodedRequestUri": "L3N1YnNjcmlwdGlvbnMvMGIzNWM1MTItZTFlYS00YzM4LWJkMjYtNDFkMGU5ZDViNTRmL3Jlc291cmNlR3JvdXBzL3RvLWRlbGV0ZS0wMS9wcm92aWRlcnMvTWljcm9zb2Z0LkF1dG9tYXRpb24vYXV0b21hdGlvbkFjY291bnRzL2Zicy1hYS0wMS9wb3dlclNoZWxsNzJNb2R1bGVzL0dpdEh1Yj9hcGktdmVyc2lvbj0yMDIzLTExLTAx",
      "RequestMethod": "GET",
      "RequestHeaders": {
        "x-ms-client-request-id": [
          "782f5165-8e8c-4b84-8db0-1555c1858bc2"
        ],
        "Accept-Language": [
          "en-US"
        ],
        "User-Agent": [
          "FxVersion/6.0.2523.51912",
          "OSName/Windows",
          "OSVersion/Microsoft.Windows.10.0.22631",
          "Microsoft.Azure.Management.Automation.AutomationClient/1.9.1"
        ]
      },
      "RequestBody": "",
      "ResponseHeaders": {
        "Cache-Control": [
          "no-cache"
        ],
        "Pragma": [
          "no-cache"
        ],
        "x-ms-request-id": [
          "782f5165-8e8c-4b84-8db0-1555c1858bc2"
        ],
        "Server": [
          "Microsoft-HTTPAPI/2.0"
        ],
        "x-ms-ratelimit-remaining-subscription-reads": [
          "11999"
        ],
        "x-ms-correlation-request-id": [
          "85ac0824-00e9-48a1-a3cb-06fd3714a891"
        ],
        "x-ms-routing-request-id": [
          "WESTINDIA:20231124T110617Z:85ac0824-00e9-48a1-a3cb-06fd3714a891"
        ],
        "Strict-Transport-Security": [
          "max-age=31536000; includeSubDomains"
        ],
        "X-Content-Type-Options": [
          "nosniff"
        ],
        "Date": [
          "Fri, 24 Nov 2023 11:06:17 GMT"
        ],
        "Content-Length": [
          "570"
        ],
        "Content-Type": [
          "application/json; charset=utf-8"
        ],
        "Expires": [
          "-1"
        ]
      },
      "ResponseBody": "{\r\n  \"id\": \"/subscriptions/0b35c512-e1ea-4c38-bd26-41d0e9d5b54f/resourceGroups/to-delete-01/providers/Microsoft.Automation/automationAccounts/fbs-aa-01/powerShell72Modules/GitHub\",\r\n  \"name\": \"GitHub\",\r\n  \"type\": \"Microsoft.Automation/AutomationAccounts/PowerShell72Modules\",\r\n  \"location\": \"eastus\",\r\n  \"tags\": {},\r\n  \"etag\": null,\r\n  \"properties\": {\r\n    \"isGlobal\": false,\r\n    \"version\": null,\r\n    \"sizeInBytes\": 0,\r\n    \"activityCount\": 0,\r\n    \"creationTime\": \"2023-11-24T16:35:41.39+05:30\",\r\n    \"lastModifiedTime\": \"2023-11-24T16:35:41.4433333+05:30\",\r\n    \"error\": {\r\n      \"code\": null,\r\n      \"message\": \"\"\r\n    },\r\n    \"provisioningState\": \"Creating\",\r\n    \"isComposite\": false\r\n  }\r\n}",
      "StatusCode": 200
    },
    {
      "RequestUri": "/subscriptions/0b35c512-e1ea-4c38-bd26-41d0e9d5b54f/resourceGroups/to-delete-01/providers/Microsoft.Automation/automationAccounts/fbs-aa-01/powerShell72Modules/GitHub?api-version=2023-11-01",
      "EncodedRequestUri": "L3N1YnNjcmlwdGlvbnMvMGIzNWM1MTItZTFlYS00YzM4LWJkMjYtNDFkMGU5ZDViNTRmL3Jlc291cmNlR3JvdXBzL3RvLWRlbGV0ZS0wMS9wcm92aWRlcnMvTWljcm9zb2Z0LkF1dG9tYXRpb24vYXV0b21hdGlvbkFjY291bnRzL2Zicy1hYS0wMS9wb3dlclNoZWxsNzJNb2R1bGVzL0dpdEh1Yj9hcGktdmVyc2lvbj0yMDIzLTExLTAx",
      "RequestMethod": "GET",
      "RequestHeaders": {
        "x-ms-client-request-id": [
          "2f8ba874-18f9-46fd-9fbb-83e6e9b67291"
        ],
        "Accept-Language": [
          "en-US"
        ],
        "User-Agent": [
          "FxVersion/6.0.2523.51912",
          "OSName/Windows",
          "OSVersion/Microsoft.Windows.10.0.22631",
          "Microsoft.Azure.Management.Automation.AutomationClient/1.9.1"
        ]
      },
      "RequestBody": "",
      "ResponseHeaders": {
        "Cache-Control": [
          "no-cache"
        ],
        "Pragma": [
          "no-cache"
        ],
        "x-ms-request-id": [
          "2f8ba874-18f9-46fd-9fbb-83e6e9b67291"
        ],
        "Server": [
          "Microsoft-HTTPAPI/2.0"
        ],
        "x-ms-ratelimit-remaining-subscription-reads": [
          "11999"
        ],
        "x-ms-correlation-request-id": [
          "dc033b2f-2b1e-476a-a417-c0e1902c0e8c"
        ],
        "x-ms-routing-request-id": [
          "JIOINDIAWEST:20231124T110629Z:dc033b2f-2b1e-476a-a417-c0e1902c0e8c"
        ],
        "Strict-Transport-Security": [
          "max-age=31536000; includeSubDomains"
        ],
        "X-Content-Type-Options": [
          "nosniff"
        ],
        "Date": [
          "Fri, 24 Nov 2023 11:06:29 GMT"
        ],
        "Content-Length": [
          "570"
        ],
        "Content-Type": [
          "application/json; charset=utf-8"
        ],
        "Expires": [
          "-1"
        ]
      },
      "ResponseBody": "{\r\n  \"id\": \"/subscriptions/0b35c512-e1ea-4c38-bd26-41d0e9d5b54f/resourceGroups/to-delete-01/providers/Microsoft.Automation/automationAccounts/fbs-aa-01/powerShell72Modules/GitHub\",\r\n  \"name\": \"GitHub\",\r\n  \"type\": \"Microsoft.Automation/AutomationAccounts/PowerShell72Modules\",\r\n  \"location\": \"eastus\",\r\n  \"tags\": {},\r\n  \"etag\": null,\r\n  \"properties\": {\r\n    \"isGlobal\": false,\r\n    \"version\": null,\r\n    \"sizeInBytes\": 0,\r\n    \"activityCount\": 0,\r\n    \"creationTime\": \"2023-11-24T16:35:41.39+05:30\",\r\n    \"lastModifiedTime\": \"2023-11-24T16:35:41.4433333+05:30\",\r\n    \"error\": {\r\n      \"code\": null,\r\n      \"message\": \"\"\r\n    },\r\n    \"provisioningState\": \"Creating\",\r\n    \"isComposite\": false\r\n  }\r\n}",
      "StatusCode": 200
    },
    {
      "RequestUri": "/subscriptions/0b35c512-e1ea-4c38-bd26-41d0e9d5b54f/resourceGroups/to-delete-01/providers/Microsoft.Automation/automationAccounts/fbs-aa-01/powerShell72Modules/GitHub?api-version=2023-11-01",
      "EncodedRequestUri": "L3N1YnNjcmlwdGlvbnMvMGIzNWM1MTItZTFlYS00YzM4LWJkMjYtNDFkMGU5ZDViNTRmL3Jlc291cmNlR3JvdXBzL3RvLWRlbGV0ZS0wMS9wcm92aWRlcnMvTWljcm9zb2Z0LkF1dG9tYXRpb24vYXV0b21hdGlvbkFjY291bnRzL2Zicy1hYS0wMS9wb3dlclNoZWxsNzJNb2R1bGVzL0dpdEh1Yj9hcGktdmVyc2lvbj0yMDIzLTExLTAx",
      "RequestMethod": "GET",
      "RequestHeaders": {
        "x-ms-client-request-id": [
          "b499951d-61af-49df-91e1-8b25e8f34aae"
        ],
        "Accept-Language": [
          "en-US"
        ],
        "User-Agent": [
          "FxVersion/6.0.2523.51912",
          "OSName/Windows",
          "OSVersion/Microsoft.Windows.10.0.22631",
          "Microsoft.Azure.Management.Automation.AutomationClient/1.9.1"
        ]
      },
      "RequestBody": "",
      "ResponseHeaders": {
        "Cache-Control": [
          "no-cache"
        ],
        "Pragma": [
          "no-cache"
        ],
        "x-ms-request-id": [
          "b499951d-61af-49df-91e1-8b25e8f34aae"
        ],
        "Server": [
          "Microsoft-HTTPAPI/2.0"
        ],
        "x-ms-ratelimit-remaining-subscription-reads": [
          "11999"
        ],
        "x-ms-correlation-request-id": [
          "16a7cb51-d97e-48e9-b0c0-f142ef995e37"
        ],
        "x-ms-routing-request-id": [
          "JIOINDIAWEST:20231124T110640Z:16a7cb51-d97e-48e9-b0c0-f142ef995e37"
        ],
        "Strict-Transport-Security": [
          "max-age=31536000; includeSubDomains"
        ],
        "X-Content-Type-Options": [
          "nosniff"
        ],
        "Date": [
          "Fri, 24 Nov 2023 11:06:39 GMT"
        ],
        "Content-Length": [
          "570"
        ],
        "Content-Type": [
          "application/json; charset=utf-8"
        ],
        "Expires": [
          "-1"
        ]
      },
      "ResponseBody": "{\r\n  \"id\": \"/subscriptions/0b35c512-e1ea-4c38-bd26-41d0e9d5b54f/resourceGroups/to-delete-01/providers/Microsoft.Automation/automationAccounts/fbs-aa-01/powerShell72Modules/GitHub\",\r\n  \"name\": \"GitHub\",\r\n  \"type\": \"Microsoft.Automation/AutomationAccounts/PowerShell72Modules\",\r\n  \"location\": \"eastus\",\r\n  \"tags\": {},\r\n  \"etag\": null,\r\n  \"properties\": {\r\n    \"isGlobal\": false,\r\n    \"version\": null,\r\n    \"sizeInBytes\": 0,\r\n    \"activityCount\": 0,\r\n    \"creationTime\": \"2023-11-24T16:35:41.39+05:30\",\r\n    \"lastModifiedTime\": \"2023-11-24T16:35:41.4433333+05:30\",\r\n    \"error\": {\r\n      \"code\": null,\r\n      \"message\": \"\"\r\n    },\r\n    \"provisioningState\": \"Creating\",\r\n    \"isComposite\": false\r\n  }\r\n}",
      "StatusCode": 200
    },
    {
      "RequestUri": "/subscriptions/0b35c512-e1ea-4c38-bd26-41d0e9d5b54f/resourceGroups/to-delete-01/providers/Microsoft.Automation/automationAccounts/fbs-aa-01/powerShell72Modules/GitHub?api-version=2023-11-01",
      "EncodedRequestUri": "L3N1YnNjcmlwdGlvbnMvMGIzNWM1MTItZTFlYS00YzM4LWJkMjYtNDFkMGU5ZDViNTRmL3Jlc291cmNlR3JvdXBzL3RvLWRlbGV0ZS0wMS9wcm92aWRlcnMvTWljcm9zb2Z0LkF1dG9tYXRpb24vYXV0b21hdGlvbkFjY291bnRzL2Zicy1hYS0wMS9wb3dlclNoZWxsNzJNb2R1bGVzL0dpdEh1Yj9hcGktdmVyc2lvbj0yMDIzLTExLTAx",
      "RequestMethod": "GET",
      "RequestHeaders": {
        "x-ms-client-request-id": [
          "c4af0149-6dad-4b05-bcbe-7d9ed091b33f"
        ],
        "Accept-Language": [
          "en-US"
        ],
        "User-Agent": [
          "FxVersion/6.0.2523.51912",
          "OSName/Windows",
          "OSVersion/Microsoft.Windows.10.0.22631",
          "Microsoft.Azure.Management.Automation.AutomationClient/1.9.1"
        ]
      },
      "RequestBody": "",
      "ResponseHeaders": {
        "Cache-Control": [
          "no-cache"
        ],
        "Pragma": [
          "no-cache"
        ],
        "x-ms-request-id": [
          "c4af0149-6dad-4b05-bcbe-7d9ed091b33f"
        ],
        "Server": [
          "Microsoft-HTTPAPI/2.0"
        ],
        "x-ms-ratelimit-remaining-subscription-reads": [
          "11999"
        ],
        "x-ms-correlation-request-id": [
          "b64d7ba2-27c1-49e7-83c5-8845a67dc04b"
        ],
        "x-ms-routing-request-id": [
          "JIOINDIAWEST:20231124T110651Z:b64d7ba2-27c1-49e7-83c5-8845a67dc04b"
        ],
        "Strict-Transport-Security": [
          "max-age=31536000; includeSubDomains"
        ],
        "X-Content-Type-Options": [
          "nosniff"
        ],
        "Date": [
          "Fri, 24 Nov 2023 11:06:50 GMT"
        ],
        "Content-Length": [
          "570"
        ],
        "Content-Type": [
          "application/json; charset=utf-8"
        ],
        "Expires": [
          "-1"
        ]
      },
      "ResponseBody": "{\r\n  \"id\": \"/subscriptions/0b35c512-e1ea-4c38-bd26-41d0e9d5b54f/resourceGroups/to-delete-01/providers/Microsoft.Automation/automationAccounts/fbs-aa-01/powerShell72Modules/GitHub\",\r\n  \"name\": \"GitHub\",\r\n  \"type\": \"Microsoft.Automation/AutomationAccounts/PowerShell72Modules\",\r\n  \"location\": \"eastus\",\r\n  \"tags\": {},\r\n  \"etag\": null,\r\n  \"properties\": {\r\n    \"isGlobal\": false,\r\n    \"version\": null,\r\n    \"sizeInBytes\": 0,\r\n    \"activityCount\": 0,\r\n    \"creationTime\": \"2023-11-24T16:35:41.39+05:30\",\r\n    \"lastModifiedTime\": \"2023-11-24T16:35:41.4433333+05:30\",\r\n    \"error\": {\r\n      \"code\": null,\r\n      \"message\": \"\"\r\n    },\r\n    \"provisioningState\": \"Creating\",\r\n    \"isComposite\": false\r\n  }\r\n}",
      "StatusCode": 200
    },
    {
      "RequestUri": "/subscriptions/0b35c512-e1ea-4c38-bd26-41d0e9d5b54f/resourceGroups/to-delete-01/providers/Microsoft.Automation/automationAccounts/fbs-aa-01/powerShell72Modules/GitHub?api-version=2023-11-01",
      "EncodedRequestUri": "L3N1YnNjcmlwdGlvbnMvMGIzNWM1MTItZTFlYS00YzM4LWJkMjYtNDFkMGU5ZDViNTRmL3Jlc291cmNlR3JvdXBzL3RvLWRlbGV0ZS0wMS9wcm92aWRlcnMvTWljcm9zb2Z0LkF1dG9tYXRpb24vYXV0b21hdGlvbkFjY291bnRzL2Zicy1hYS0wMS9wb3dlclNoZWxsNzJNb2R1bGVzL0dpdEh1Yj9hcGktdmVyc2lvbj0yMDIzLTExLTAx",
      "RequestMethod": "GET",
      "RequestHeaders": {
        "x-ms-client-request-id": [
          "4cd8263c-6ac1-412b-bb12-e25c9010ed1d"
        ],
        "Accept-Language": [
          "en-US"
        ],
        "User-Agent": [
          "FxVersion/6.0.2523.51912",
          "OSName/Windows",
          "OSVersion/Microsoft.Windows.10.0.22631",
          "Microsoft.Azure.Management.Automation.AutomationClient/1.9.1"
        ]
      },
      "RequestBody": "",
      "ResponseHeaders": {
        "Cache-Control": [
          "no-cache"
        ],
        "Pragma": [
          "no-cache"
        ],
        "x-ms-request-id": [
          "4cd8263c-6ac1-412b-bb12-e25c9010ed1d"
        ],
        "Server": [
          "Microsoft-HTTPAPI/2.0"
        ],
        "x-ms-ratelimit-remaining-subscription-reads": [
          "11999"
        ],
        "x-ms-correlation-request-id": [
          "3e5f0022-7ca8-4af7-bc9e-97d59a83179f"
        ],
        "x-ms-routing-request-id": [
          "WESTINDIA:20231124T110702Z:3e5f0022-7ca8-4af7-bc9e-97d59a83179f"
        ],
        "Strict-Transport-Security": [
          "max-age=31536000; includeSubDomains"
        ],
        "X-Content-Type-Options": [
          "nosniff"
        ],
        "Date": [
          "Fri, 24 Nov 2023 11:07:02 GMT"
        ],
        "Content-Length": [
          "570"
        ],
        "Content-Type": [
          "application/json; charset=utf-8"
        ],
        "Expires": [
          "-1"
        ]
      },
      "ResponseBody": "{\r\n  \"id\": \"/subscriptions/0b35c512-e1ea-4c38-bd26-41d0e9d5b54f/resourceGroups/to-delete-01/providers/Microsoft.Automation/automationAccounts/fbs-aa-01/powerShell72Modules/GitHub\",\r\n  \"name\": \"GitHub\",\r\n  \"type\": \"Microsoft.Automation/AutomationAccounts/PowerShell72Modules\",\r\n  \"location\": \"eastus\",\r\n  \"tags\": {},\r\n  \"etag\": null,\r\n  \"properties\": {\r\n    \"isGlobal\": false,\r\n    \"version\": null,\r\n    \"sizeInBytes\": 0,\r\n    \"activityCount\": 0,\r\n    \"creationTime\": \"2023-11-24T16:35:41.39+05:30\",\r\n    \"lastModifiedTime\": \"2023-11-24T16:35:41.4433333+05:30\",\r\n    \"error\": {\r\n      \"code\": null,\r\n      \"message\": \"\"\r\n    },\r\n    \"provisioningState\": \"Creating\",\r\n    \"isComposite\": false\r\n  }\r\n}",
      "StatusCode": 200
    },
    {
      "RequestUri": "/subscriptions/0b35c512-e1ea-4c38-bd26-41d0e9d5b54f/resourceGroups/to-delete-01/providers/Microsoft.Automation/automationAccounts/fbs-aa-01/powerShell72Modules/GitHub?api-version=2023-11-01",
      "EncodedRequestUri": "L3N1YnNjcmlwdGlvbnMvMGIzNWM1MTItZTFlYS00YzM4LWJkMjYtNDFkMGU5ZDViNTRmL3Jlc291cmNlR3JvdXBzL3RvLWRlbGV0ZS0wMS9wcm92aWRlcnMvTWljcm9zb2Z0LkF1dG9tYXRpb24vYXV0b21hdGlvbkFjY291bnRzL2Zicy1hYS0wMS9wb3dlclNoZWxsNzJNb2R1bGVzL0dpdEh1Yj9hcGktdmVyc2lvbj0yMDIzLTExLTAx",
      "RequestMethod": "GET",
      "RequestHeaders": {
        "x-ms-client-request-id": [
          "707efcdf-a0a0-4f23-b7e1-6c339117ac5e"
        ],
        "Accept-Language": [
          "en-US"
        ],
        "User-Agent": [
          "FxVersion/6.0.2523.51912",
          "OSName/Windows",
          "OSVersion/Microsoft.Windows.10.0.22631",
          "Microsoft.Azure.Management.Automation.AutomationClient/1.9.1"
        ]
      },
      "RequestBody": "",
      "ResponseHeaders": {
        "Cache-Control": [
          "no-cache"
        ],
        "Pragma": [
          "no-cache"
        ],
        "x-ms-request-id": [
          "707efcdf-a0a0-4f23-b7e1-6c339117ac5e"
        ],
        "Server": [
          "Microsoft-HTTPAPI/2.0"
        ],
        "x-ms-ratelimit-remaining-subscription-reads": [
          "11999"
        ],
        "x-ms-correlation-request-id": [
          "7b6f795d-7445-4a69-9beb-b7f31bebfbd8"
        ],
        "x-ms-routing-request-id": [
          "WESTINDIA:20231124T110714Z:7b6f795d-7445-4a69-9beb-b7f31bebfbd8"
        ],
        "Strict-Transport-Security": [
          "max-age=31536000; includeSubDomains"
        ],
        "X-Content-Type-Options": [
          "nosniff"
        ],
        "Date": [
          "Fri, 24 Nov 2023 11:07:14 GMT"
        ],
        "Content-Length": [
          "570"
        ],
        "Content-Type": [
          "application/json; charset=utf-8"
        ],
        "Expires": [
          "-1"
        ]
      },
      "ResponseBody": "{\r\n  \"id\": \"/subscriptions/0b35c512-e1ea-4c38-bd26-41d0e9d5b54f/resourceGroups/to-delete-01/providers/Microsoft.Automation/automationAccounts/fbs-aa-01/powerShell72Modules/GitHub\",\r\n  \"name\": \"GitHub\",\r\n  \"type\": \"Microsoft.Automation/AutomationAccounts/PowerShell72Modules\",\r\n  \"location\": \"eastus\",\r\n  \"tags\": {},\r\n  \"etag\": null,\r\n  \"properties\": {\r\n    \"isGlobal\": false,\r\n    \"version\": null,\r\n    \"sizeInBytes\": 0,\r\n    \"activityCount\": 0,\r\n    \"creationTime\": \"2023-11-24T16:35:41.39+05:30\",\r\n    \"lastModifiedTime\": \"2023-11-24T16:35:41.4433333+05:30\",\r\n    \"error\": {\r\n      \"code\": null,\r\n      \"message\": \"\"\r\n    },\r\n    \"provisioningState\": \"Creating\",\r\n    \"isComposite\": false\r\n  }\r\n}",
      "StatusCode": 200
    },
    {
      "RequestUri": "/subscriptions/0b35c512-e1ea-4c38-bd26-41d0e9d5b54f/resourceGroups/to-delete-01/providers/Microsoft.Automation/automationAccounts/fbs-aa-01/powerShell72Modules/GitHub?api-version=2023-11-01",
      "EncodedRequestUri": "L3N1YnNjcmlwdGlvbnMvMGIzNWM1MTItZTFlYS00YzM4LWJkMjYtNDFkMGU5ZDViNTRmL3Jlc291cmNlR3JvdXBzL3RvLWRlbGV0ZS0wMS9wcm92aWRlcnMvTWljcm9zb2Z0LkF1dG9tYXRpb24vYXV0b21hdGlvbkFjY291bnRzL2Zicy1hYS0wMS9wb3dlclNoZWxsNzJNb2R1bGVzL0dpdEh1Yj9hcGktdmVyc2lvbj0yMDIzLTExLTAx",
      "RequestMethod": "GET",
      "RequestHeaders": {
        "x-ms-client-request-id": [
          "680c2ce9-2540-42c8-9900-22100bc723d6"
        ],
        "Accept-Language": [
          "en-US"
        ],
        "User-Agent": [
          "FxVersion/6.0.2523.51912",
          "OSName/Windows",
          "OSVersion/Microsoft.Windows.10.0.22631",
          "Microsoft.Azure.Management.Automation.AutomationClient/1.9.1"
        ]
      },
      "RequestBody": "",
      "ResponseHeaders": {
        "Cache-Control": [
          "no-cache"
        ],
        "Pragma": [
          "no-cache"
        ],
        "x-ms-request-id": [
          "680c2ce9-2540-42c8-9900-22100bc723d6"
        ],
        "Server": [
          "Microsoft-HTTPAPI/2.0"
        ],
        "x-ms-ratelimit-remaining-subscription-reads": [
          "11999"
        ],
        "x-ms-correlation-request-id": [
          "056fdd4a-d8b7-48a7-9557-a2e32aae4ecf"
        ],
        "x-ms-routing-request-id": [
          "WESTINDIA:20231124T110725Z:056fdd4a-d8b7-48a7-9557-a2e32aae4ecf"
        ],
        "Strict-Transport-Security": [
          "max-age=31536000; includeSubDomains"
        ],
        "X-Content-Type-Options": [
          "nosniff"
        ],
        "Date": [
          "Fri, 24 Nov 2023 11:07:24 GMT"
        ],
        "Content-Length": [
          "570"
        ],
        "Content-Type": [
          "application/json; charset=utf-8"
        ],
        "Expires": [
          "-1"
        ]
      },
      "ResponseBody": "{\r\n  \"id\": \"/subscriptions/0b35c512-e1ea-4c38-bd26-41d0e9d5b54f/resourceGroups/to-delete-01/providers/Microsoft.Automation/automationAccounts/fbs-aa-01/powerShell72Modules/GitHub\",\r\n  \"name\": \"GitHub\",\r\n  \"type\": \"Microsoft.Automation/AutomationAccounts/PowerShell72Modules\",\r\n  \"location\": \"eastus\",\r\n  \"tags\": {},\r\n  \"etag\": null,\r\n  \"properties\": {\r\n    \"isGlobal\": false,\r\n    \"version\": null,\r\n    \"sizeInBytes\": 0,\r\n    \"activityCount\": 0,\r\n    \"creationTime\": \"2023-11-24T16:35:41.39+05:30\",\r\n    \"lastModifiedTime\": \"2023-11-24T16:35:41.4433333+05:30\",\r\n    \"error\": {\r\n      \"code\": null,\r\n      \"message\": \"\"\r\n    },\r\n    \"provisioningState\": \"Creating\",\r\n    \"isComposite\": false\r\n  }\r\n}",
      "StatusCode": 200
    },
    {
      "RequestUri": "/subscriptions/0b35c512-e1ea-4c38-bd26-41d0e9d5b54f/resourceGroups/to-delete-01/providers/Microsoft.Automation/automationAccounts/fbs-aa-01/powerShell72Modules/GitHub?api-version=2023-11-01",
      "EncodedRequestUri": "L3N1YnNjcmlwdGlvbnMvMGIzNWM1MTItZTFlYS00YzM4LWJkMjYtNDFkMGU5ZDViNTRmL3Jlc291cmNlR3JvdXBzL3RvLWRlbGV0ZS0wMS9wcm92aWRlcnMvTWljcm9zb2Z0LkF1dG9tYXRpb24vYXV0b21hdGlvbkFjY291bnRzL2Zicy1hYS0wMS9wb3dlclNoZWxsNzJNb2R1bGVzL0dpdEh1Yj9hcGktdmVyc2lvbj0yMDIzLTExLTAx",
      "RequestMethod": "GET",
      "RequestHeaders": {
        "x-ms-client-request-id": [
          "5ac703aa-5a41-4fbb-885e-030713e39c1f"
        ],
        "Accept-Language": [
          "en-US"
        ],
        "User-Agent": [
          "FxVersion/6.0.2523.51912",
          "OSName/Windows",
          "OSVersion/Microsoft.Windows.10.0.22631",
          "Microsoft.Azure.Management.Automation.AutomationClient/1.9.1"
        ]
      },
      "RequestBody": "",
      "ResponseHeaders": {
        "Cache-Control": [
          "no-cache"
        ],
        "Pragma": [
          "no-cache"
        ],
        "x-ms-request-id": [
          "5ac703aa-5a41-4fbb-885e-030713e39c1f"
        ],
        "Server": [
          "Microsoft-HTTPAPI/2.0"
        ],
        "x-ms-ratelimit-remaining-subscription-reads": [
          "11999"
        ],
        "x-ms-correlation-request-id": [
          "a3043c83-3c58-4131-bee3-289b418c8ad4"
        ],
        "x-ms-routing-request-id": [
          "WESTINDIA:20231124T110737Z:a3043c83-3c58-4131-bee3-289b418c8ad4"
        ],
        "Strict-Transport-Security": [
          "max-age=31536000; includeSubDomains"
        ],
        "X-Content-Type-Options": [
          "nosniff"
        ],
        "Date": [
          "Fri, 24 Nov 2023 11:07:36 GMT"
        ],
        "Content-Length": [
          "570"
        ],
        "Content-Type": [
          "application/json; charset=utf-8"
        ],
        "Expires": [
          "-1"
        ]
      },
      "ResponseBody": "{\r\n  \"id\": \"/subscriptions/0b35c512-e1ea-4c38-bd26-41d0e9d5b54f/resourceGroups/to-delete-01/providers/Microsoft.Automation/automationAccounts/fbs-aa-01/powerShell72Modules/GitHub\",\r\n  \"name\": \"GitHub\",\r\n  \"type\": \"Microsoft.Automation/AutomationAccounts/PowerShell72Modules\",\r\n  \"location\": \"eastus\",\r\n  \"tags\": {},\r\n  \"etag\": null,\r\n  \"properties\": {\r\n    \"isGlobal\": false,\r\n    \"version\": null,\r\n    \"sizeInBytes\": 0,\r\n    \"activityCount\": 0,\r\n    \"creationTime\": \"2023-11-24T16:35:41.39+05:30\",\r\n    \"lastModifiedTime\": \"2023-11-24T16:35:41.4433333+05:30\",\r\n    \"error\": {\r\n      \"code\": null,\r\n      \"message\": \"\"\r\n    },\r\n    \"provisioningState\": \"Creating\",\r\n    \"isComposite\": false\r\n  }\r\n}",
      "StatusCode": 200
    },
    {
      "RequestUri": "/subscriptions/0b35c512-e1ea-4c38-bd26-41d0e9d5b54f/resourceGroups/to-delete-01/providers/Microsoft.Automation/automationAccounts/fbs-aa-01/powerShell72Modules/GitHub?api-version=2023-11-01",
      "EncodedRequestUri": "L3N1YnNjcmlwdGlvbnMvMGIzNWM1MTItZTFlYS00YzM4LWJkMjYtNDFkMGU5ZDViNTRmL3Jlc291cmNlR3JvdXBzL3RvLWRlbGV0ZS0wMS9wcm92aWRlcnMvTWljcm9zb2Z0LkF1dG9tYXRpb24vYXV0b21hdGlvbkFjY291bnRzL2Zicy1hYS0wMS9wb3dlclNoZWxsNzJNb2R1bGVzL0dpdEh1Yj9hcGktdmVyc2lvbj0yMDIzLTExLTAx",
      "RequestMethod": "GET",
      "RequestHeaders": {
        "x-ms-client-request-id": [
          "085f5334-7ec5-46a9-804f-6ed0b32f1437"
        ],
        "Accept-Language": [
          "en-US"
        ],
        "User-Agent": [
          "FxVersion/6.0.2523.51912",
          "OSName/Windows",
          "OSVersion/Microsoft.Windows.10.0.22631",
          "Microsoft.Azure.Management.Automation.AutomationClient/1.9.1"
        ]
      },
      "RequestBody": "",
      "ResponseHeaders": {
        "Cache-Control": [
          "no-cache"
        ],
        "Pragma": [
          "no-cache"
        ],
        "x-ms-request-id": [
          "085f5334-7ec5-46a9-804f-6ed0b32f1437"
        ],
        "Server": [
          "Microsoft-HTTPAPI/2.0"
        ],
        "x-ms-ratelimit-remaining-subscription-reads": [
          "11999"
        ],
        "x-ms-correlation-request-id": [
          "f541bddd-0c89-4b50-8145-0826e3e1a5f1"
        ],
        "x-ms-routing-request-id": [
          "WESTINDIA:20231124T110747Z:f541bddd-0c89-4b50-8145-0826e3e1a5f1"
        ],
        "Strict-Transport-Security": [
          "max-age=31536000; includeSubDomains"
        ],
        "X-Content-Type-Options": [
          "nosniff"
        ],
        "Date": [
          "Fri, 24 Nov 2023 11:07:47 GMT"
        ],
        "Content-Length": [
          "1426"
        ],
        "Content-Type": [
          "application/json; charset=utf-8"
        ],
        "Expires": [
          "-1"
        ]
      },
      "ResponseBody": "{\r\n  \"id\": \"/subscriptions/0b35c512-e1ea-4c38-bd26-41d0e9d5b54f/resourceGroups/to-delete-01/providers/Microsoft.Automation/automationAccounts/fbs-aa-01/powerShell72Modules/GitHub\",\r\n  \"name\": \"GitHub\",\r\n  \"type\": \"Microsoft.Automation/AutomationAccounts/PowerShell72Modules\",\r\n  \"location\": \"eastus\",\r\n  \"tags\": {},\r\n  \"etag\": null,\r\n  \"properties\": {\r\n    \"isGlobal\": false,\r\n    \"version\": null,\r\n    \"sizeInBytes\": 0,\r\n    \"activityCount\": 0,\r\n    \"creationTime\": \"2023-11-24T16:35:41.39+05:30\",\r\n    \"lastModifiedTime\": \"2023-11-24T16:37:42.7466667+05:30\",\r\n    \"error\": {\r\n      \"code\": null,\r\n      \"message\": \"Orchestrator.Shared.AsyncModuleImport.ModuleImportException: No content was read from the supplied ContentLink. [ContentLink.Uri=https://www.powershellgallery.com/api/v2/package/GitHub/0.0.72.nupkg]\\r\\n   at Orchestrator.Activities.GetModuleContentActivity.ExecuteInternal(CodeActivityContext context, String contentUri, String contentHashAlgorithm, String contentHashValue, String contentVersion, String moduleName, ModuleLanguage moduleLanguage)\\r\\n   at Orchestrator.Activities.GetModuleContentActivity.Execute(CodeActivityContext context)\\r\\n   at System.Activities.CodeActivity.InternalExecute(ActivityInstance instance, ActivityExecutor executor, BookmarkManager bookmarkManager)\\r\\n   at System.Activities.Runtime.ActivityExecutor.ExecuteActivityWorkItem.ExecuteBody(ActivityExecutor executor, BookmarkManager bookmarkManager, Location resultLocation)\"\r\n    },\r\n    \"provisioningState\": \"Failed\",\r\n    \"isComposite\": false\r\n  }\r\n}",
      "StatusCode": 200
    },
    {
      "RequestUri": "/subscriptions/0b35c512-e1ea-4c38-bd26-41d0e9d5b54f/resourceGroups/to-delete-01/providers/Microsoft.Automation/automationAccounts/fbs-aa-01/powerShell72Modules/GitHub?api-version=2023-11-01",
      "EncodedRequestUri": "L3N1YnNjcmlwdGlvbnMvMGIzNWM1MTItZTFlYS00YzM4LWJkMjYtNDFkMGU5ZDViNTRmL3Jlc291cmNlR3JvdXBzL3RvLWRlbGV0ZS0wMS9wcm92aWRlcnMvTWljcm9zb2Z0LkF1dG9tYXRpb24vYXV0b21hdGlvbkFjY291bnRzL2Zicy1hYS0wMS9wb3dlclNoZWxsNzJNb2R1bGVzL0dpdEh1Yj9hcGktdmVyc2lvbj0yMDIzLTExLTAx",
      "RequestMethod": "GET",
      "RequestHeaders": {
        "x-ms-client-request-id": [
          "dd571dc7-6e00-4481-a174-2ef228879caf"
        ],
        "Accept-Language": [
          "en-US"
        ],
        "User-Agent": [
          "FxVersion/6.0.2523.51912",
          "OSName/Windows",
          "OSVersion/Microsoft.Windows.10.0.22631",
          "Microsoft.Azure.Management.Automation.AutomationClient/1.9.1"
        ]
      },
      "RequestBody": "",
      "ResponseHeaders": {
        "Cache-Control": [
          "no-cache"
        ],
        "Pragma": [
          "no-cache"
        ],
        "x-ms-request-id": [
          "dd571dc7-6e00-4481-a174-2ef228879caf"
        ],
        "Server": [
          "Microsoft-HTTPAPI/2.0"
        ],
        "x-ms-ratelimit-remaining-subscription-reads": [
          "11999"
        ],
        "x-ms-correlation-request-id": [
          "107c3a67-fd3f-4b07-92f2-668dd5632675"
        ],
        "x-ms-routing-request-id": [
          "WESTINDIA:20231124T110749Z:107c3a67-fd3f-4b07-92f2-668dd5632675"
        ],
        "Strict-Transport-Security": [
          "max-age=31536000; includeSubDomains"
        ],
        "X-Content-Type-Options": [
          "nosniff"
        ],
        "Date": [
          "Fri, 24 Nov 2023 11:07:48 GMT"
        ],
        "Content-Length": [
          "32"
        ],
        "Content-Type": [
          "application/json; charset=utf-8"
        ],
        "Expires": [
          "-1"
        ]
      },
      "ResponseBody": "{\r\n  \"code\": \"NotFound\",\r\n  \"message\": \"\"\r\n}",
      "StatusCode": 404
    },
    {
      "RequestUri": "/subscriptions/0b35c512-e1ea-4c38-bd26-41d0e9d5b54f/resourceGroups/to-delete-01/providers/Microsoft.Automation/automationAccounts/fbs-aa-01/powerShell72Modules/GitHub?api-version=2023-11-01",
      "EncodedRequestUri": "L3N1YnNjcmlwdGlvbnMvMGIzNWM1MTItZTFlYS00YzM4LWJkMjYtNDFkMGU5ZDViNTRmL3Jlc291cmNlR3JvdXBzL3RvLWRlbGV0ZS0wMS9wcm92aWRlcnMvTWljcm9zb2Z0LkF1dG9tYXRpb24vYXV0b21hdGlvbkFjY291bnRzL2Zicy1hYS0wMS9wb3dlclNoZWxsNzJNb2R1bGVzL0dpdEh1Yj9hcGktdmVyc2lvbj0yMDIzLTExLTAx",
      "RequestMethod": "DELETE",
      "RequestHeaders": {
        "x-ms-client-request-id": [
          "3d5e88f5-d39a-4466-81d0-2510a0abdd2f"
        ],
        "Accept-Language": [
          "en-US"
        ],
        "User-Agent": [
          "FxVersion/6.0.2523.51912",
          "OSName/Windows",
          "OSVersion/Microsoft.Windows.10.0.22631",
          "Microsoft.Azure.Management.Automation.AutomationClient/1.9.1"
        ]
      },
      "RequestBody": "",
      "ResponseHeaders": {
        "Cache-Control": [
          "no-cache"
        ],
        "Pragma": [
          "no-cache"
        ],
        "x-ms-request-id": [
          "3d5e88f5-d39a-4466-81d0-2510a0abdd2f"
        ],
        "Server": [
          "Microsoft-HTTPAPI/2.0"
        ],
        "x-ms-ratelimit-remaining-subscription-deletes": [
          "14999"
        ],
        "x-ms-correlation-request-id": [
          "e49be2de-0a41-4e3a-8ce8-0690fd87b2b4"
        ],
        "x-ms-routing-request-id": [
          "WESTINDIA:20231124T110540Z:e49be2de-0a41-4e3a-8ce8-0690fd87b2b4"
        ],
        "Strict-Transport-Security": [
          "max-age=31536000; includeSubDomains"
        ],
        "X-Content-Type-Options": [
          "nosniff"
        ],
        "Date": [
          "Fri, 24 Nov 2023 11:05:39 GMT"
        ],
        "Expires": [
          "-1"
        ],
        "Content-Length": [
          "0"
        ]
      },
      "ResponseBody": "",
      "StatusCode": 200
    },
    {
      "RequestUri": "/subscriptions/0b35c512-e1ea-4c38-bd26-41d0e9d5b54f/resourceGroups/to-delete-01/providers/Microsoft.Automation/automationAccounts/fbs-aa-01/powerShell72Modules/GitHub?api-version=2023-11-01",
      "EncodedRequestUri": "L3N1YnNjcmlwdGlvbnMvMGIzNWM1MTItZTFlYS00YzM4LWJkMjYtNDFkMGU5ZDViNTRmL3Jlc291cmNlR3JvdXBzL3RvLWRlbGV0ZS0wMS9wcm92aWRlcnMvTWljcm9zb2Z0LkF1dG9tYXRpb24vYXV0b21hdGlvbkFjY291bnRzL2Zicy1hYS0wMS9wb3dlclNoZWxsNzJNb2R1bGVzL0dpdEh1Yj9hcGktdmVyc2lvbj0yMDIzLTExLTAx",
      "RequestMethod": "DELETE",
      "RequestHeaders": {
        "x-ms-client-request-id": [
          "53888756-2866-447d-a2a9-dd19d086c494"
        ],
        "Accept-Language": [
          "en-US"
        ],
        "User-Agent": [
          "FxVersion/6.0.2523.51912",
          "OSName/Windows",
          "OSVersion/Microsoft.Windows.10.0.22631",
          "Microsoft.Azure.Management.Automation.AutomationClient/1.9.1"
        ]
      },
      "RequestBody": "",
      "ResponseHeaders": {
        "Cache-Control": [
          "no-cache"
        ],
        "Pragma": [
          "no-cache"
        ],
        "x-ms-request-id": [
          "53888756-2866-447d-a2a9-dd19d086c494"
        ],
        "Server": [
          "Microsoft-HTTPAPI/2.0"
        ],
        "x-ms-ratelimit-remaining-subscription-deletes": [
          "14999"
        ],
        "x-ms-correlation-request-id": [
          "0f21222c-b802-4ed4-833e-68d4d42b084e"
        ],
        "x-ms-routing-request-id": [
          "WESTINDIA:20231124T110748Z:0f21222c-b802-4ed4-833e-68d4d42b084e"
        ],
        "Strict-Transport-Security": [
          "max-age=31536000; includeSubDomains"
        ],
        "X-Content-Type-Options": [
          "nosniff"
        ],
        "Date": [
          "Fri, 24 Nov 2023 11:07:48 GMT"
        ],
        "Expires": [
          "-1"
        ],
        "Content-Length": [
          "0"
        ]
      },
      "ResponseBody": "",
      "StatusCode": 200
    },
    {
      "RequestUri": "/subscriptions/0b35c512-e1ea-4c38-bd26-41d0e9d5b54f/resourceGroups/to-delete-01/providers/Microsoft.Automation/automationAccounts/fbs-aa-01/powerShell72Modules/GitHub?api-version=2023-11-01",
      "EncodedRequestUri": "L3N1YnNjcmlwdGlvbnMvMGIzNWM1MTItZTFlYS00YzM4LWJkMjYtNDFkMGU5ZDViNTRmL3Jlc291cmNlR3JvdXBzL3RvLWRlbGV0ZS0wMS9wcm92aWRlcnMvTWljcm9zb2Z0LkF1dG9tYXRpb24vYXV0b21hdGlvbkFjY291bnRzL2Zicy1hYS0wMS9wb3dlclNoZWxsNzJNb2R1bGVzL0dpdEh1Yj9hcGktdmVyc2lvbj0yMDIzLTExLTAx",
      "RequestMethod": "PUT",
      "RequestHeaders": {
        "x-ms-client-request-id": [
          "abf23abb-c14f-4630-8bdd-694f14ca26df"
        ],
        "Accept-Language": [
          "en-US"
        ],
        "User-Agent": [
          "FxVersion/6.0.2523.51912",
          "OSName/Windows",
          "OSVersion/Microsoft.Windows.10.0.22631",
          "Microsoft.Azure.Management.Automation.AutomationClient/1.9.1"
        ],
        "Content-Type": [
          "application/json; charset=utf-8"
        ],
        "Content-Length": [
          "163"
        ]
      },
      "RequestBody": "{\r\n  \"name\": \"GitHub\",\r\n  \"properties\": {\r\n    \"contentLink\": {\r\n      \"uri\": \"https://www.powershellgallery.com/api/v2/package/GitHub/0.0.72.nupkg\"\r\n    }\r\n  }\r\n}",
      "ResponseHeaders": {
        "Cache-Control": [
          "no-cache"
        ],
        "Pragma": [
          "no-cache"
        ],
        "Location": [
          "https://management.azure.com/subscriptions/0b35c512-e1ea-4c38-bd26-41d0e9d5b54f/resourceGroups/to-delete-01/providers/Microsoft.Automation/automationAccounts/fbs-aa-01/powerShell72Modules/GitHub?api-version=2023-11-01"
        ],
        "x-ms-request-id": [
          "abf23abb-c14f-4630-8bdd-694f14ca26df"
        ],
        "Server": [
          "Microsoft-HTTPAPI/2.0"
        ],
        "x-ms-ratelimit-remaining-subscription-writes": [
          "1199"
        ],
        "x-ms-correlation-request-id": [
          "1946e597-bdb5-4794-ad8c-2fbe81c3ad81"
        ],
        "x-ms-routing-request-id": [
          "WESTINDIA:20231124T110541Z:1946e597-bdb5-4794-ad8c-2fbe81c3ad81"
        ],
        "Strict-Transport-Security": [
          "max-age=31536000; includeSubDomains"
        ],
        "X-Content-Type-Options": [
          "nosniff"
        ],
        "Date": [
          "Fri, 24 Nov 2023 11:05:41 GMT"
        ],
        "Content-Length": [
          "572"
        ],
        "Content-Type": [
          "application/json; charset=utf-8"
        ],
        "Expires": [
          "-1"
        ]
      },
      "ResponseBody": "{\r\n  \"id\": \"/subscriptions/0b35c512-e1ea-4c38-bd26-41d0e9d5b54f/resourceGroups/to-delete-01/providers/Microsoft.Automation/automationAccounts/fbs-aa-01/powerShell72Modules/GitHub\",\r\n  \"name\": \"GitHub\",\r\n  \"type\": \"Microsoft.Automation/AutomationAccounts/PowerShell72Modules\",\r\n  \"location\": \"eastus\",\r\n  \"tags\": {},\r\n  \"etag\": null,\r\n  \"properties\": {\r\n    \"isGlobal\": false,\r\n    \"version\": null,\r\n    \"sizeInBytes\": 0,\r\n    \"activityCount\": 0,\r\n    \"creationTime\": \"2023-11-24T16:35:41.39+05:30\",\r\n    \"lastModifiedTime\": \"2023-11-24T16:35:41.4433333+05:30\",\r\n    \"error\": {\r\n      \"code\": null,\r\n      \"message\": null\r\n    },\r\n    \"provisioningState\": \"Creating\",\r\n    \"isComposite\": false\r\n  }\r\n}",
      "StatusCode": 201
    }
  ],
  "Names": {},
  "Variables": {
    "SubscriptionId": "0b35c512-e1ea-4c38-bd26-41d0e9d5b54f"
  }
}