{
  "Entries": [
    {
      "RequestUri": "/subscriptions/0b35c512-e1ea-4c38-bd26-41d0e9d5b54f/resourceGroups/to-delete-01/providers/Microsoft.Automation/automationAccounts/fbs-aa-01/modules/Pester?api-version=2023-11-01",
      "EncodedRequestUri": "L3N1YnNjcmlwdGlvbnMvMGIzNWM1MTItZTFlYS00YzM4LWJkMjYtNDFkMGU5ZDViNTRmL3Jlc291cmNlR3JvdXBzL3RvLWRlbGV0ZS0wMS9wcm92aWRlcnMvTWljcm9zb2Z0LkF1dG9tYXRpb24vYXV0b21hdGlvbkFjY291bnRzL2Zicy1hYS0wMS9tb2R1bGVzL1Blc3Rlcj9hcGktdmVyc2lvbj0yMDIzLTExLTAx",
      "RequestMethod": "GET",
      "RequestHeaders": {
        "x-ms-client-request-id": [
          "44b966db-45ab-4123-8a8d-60f06d19e850"
        ],
        "Accept-Language": [
          "en-US"
        ],
        "User-Agent": [
          "FxVersion/6.0.2523.51912",
          "OSName/Windows",
          "OSVersion/Microsoft.Windows.10.0.22631",
          "Microsoft.Azure.Management.Automation.AutomationClient/1.9.1"
        ]
      },
      "RequestBody": "",
      "ResponseHeaders": {
        "Cache-Control": [
          "no-cache"
        ],
        "Pragma": [
          "no-cache"
        ],
        "x-ms-request-id": [
          "44b966db-45ab-4123-8a8d-60f06d19e850"
        ],
        "Server": [
          "Microsoft-HTTPAPI/2.0"
        ],
        "x-ms-ratelimit-remaining-subscription-reads": [
          "11998"
        ],
        "x-ms-correlation-request-id": [
          "7cf072ea-57d8-40c2-ad4c-1c72b23f4fdd"
        ],
        "x-ms-routing-request-id": [
          "WESTINDIA:20231122T105111Z:7cf072ea-57d8-40c2-ad4c-1c72b23f4fdd"
        ],
        "Strict-Transport-Security": [
          "max-age=31536000; includeSubDomains"
        ],
        "X-Content-Type-Options": [
          "nosniff"
        ],
        "Date": [
          "Wed, 22 Nov 2023 10:51:10 GMT"
        ],
        "Content-Length": [
          "32"
        ],
        "Content-Type": [
          "application/json; charset=utf-8"
        ],
        "Expires": [
          "-1"
        ]
      },
      "ResponseBody": "{\r\n  \"code\": \"NotFound\",\r\n  \"message\": \"\"\r\n}",
      "StatusCode": 404
    },
    {
      "RequestUri": "/subscriptions/0b35c512-e1ea-4c38-bd26-41d0e9d5b54f/resourceGroups/to-delete-01/providers/Microsoft.Automation/automationAccounts/fbs-aa-01/modules/Pester?api-version=2023-11-01",
      "EncodedRequestUri": "L3N1YnNjcmlwdGlvbnMvMGIzNWM1MTItZTFlYS00YzM4LWJkMjYtNDFkMGU5ZDViNTRmL3Jlc291cmNlR3JvdXBzL3RvLWRlbGV0ZS0wMS9wcm92aWRlcnMvTWljcm9zb2Z0LkF1dG9tYXRpb24vYXV0b21hdGlvbkFjY291bnRzL2Zicy1hYS0wMS9tb2R1bGVzL1Blc3Rlcj9hcGktdmVyc2lvbj0yMDIzLTExLTAx",
      "RequestMethod": "GET",
      "RequestHeaders": {
        "x-ms-client-request-id": [
          "fef0993e-cff0-48bb-a983-d33c968c8020"
        ],
        "Accept-Language": [
          "en-US"
        ],
        "User-Agent": [
          "FxVersion/6.0.2523.51912",
          "OSName/Windows",
          "OSVersion/Microsoft.Windows.10.0.22631",
          "Microsoft.Azure.Management.Automation.AutomationClient/1.9.1"
        ]
      },
      "RequestBody": "",
      "ResponseHeaders": {
        "Cache-Control": [
          "no-cache"
        ],
        "Pragma": [
          "no-cache"
        ],
        "x-ms-request-id": [
          "fef0993e-cff0-48bb-a983-d33c968c8020"
        ],
        "Server": [
          "Microsoft-HTTPAPI/2.0"
        ],
        "x-ms-ratelimit-remaining-subscription-reads": [
          "11997"
        ],
        "x-ms-correlation-request-id": [
          "7d269b4d-fb51-4cb8-b7c7-68f348217e96"
        ],
        "x-ms-routing-request-id": [
          "WESTINDIA:20231122T105113Z:7d269b4d-fb51-4cb8-b7c7-68f348217e96"
        ],
        "Strict-Transport-Security": [
          "max-age=31536000; includeSubDomains"
        ],
        "X-Content-Type-Options": [
          "nosniff"
        ],
        "Date": [
          "Wed, 22 Nov 2023 10:51:13 GMT"
        ],
        "Content-Length": [
          "546"
        ],
        "Content-Type": [
          "application/json; charset=utf-8"
        ],
        "Expires": [
          "-1"
        ]
      },
      "ResponseBody": "{\r\n  \"id\": \"/subscriptions/0b35c512-e1ea-4c38-bd26-41d0e9d5b54f/resourceGroups/to-delete-01/providers/Microsoft.Automation/automationAccounts/fbs-aa-01/modules/Pester\",\r\n  \"name\": \"Pester\",\r\n  \"type\": \"Microsoft.Automation/AutomationAccounts/Modules\",\r\n  \"location\": \"eastus\",\r\n  \"tags\": {},\r\n  \"etag\": null,\r\n  \"properties\": {\r\n    \"isGlobal\": false,\r\n    \"version\": null,\r\n    \"sizeInBytes\": 0,\r\n    \"activityCount\": 0,\r\n    \"creationTime\": \"2023-11-22T16:21:12.56+05:30\",\r\n    \"lastModifiedTime\": \"2023-11-22T16:21:12.6166667+05:30\",\r\n    \"error\": {\r\n      \"code\": null,\r\n      \"message\": \"\"\r\n    },\r\n    \"provisioningState\": \"Creating\",\r\n    \"isComposite\": false\r\n  }\r\n}",
      "StatusCode": 200
    },
    {
      "RequestUri": "/subscriptions/0b35c512-e1ea-4c38-bd26-41d0e9d5b54f/resourceGroups/to-delete-01/providers/Microsoft.Automation/automationAccounts/fbs-aa-01/modules/Pester?api-version=2023-11-01",
      "EncodedRequestUri": "L3N1YnNjcmlwdGlvbnMvMGIzNWM1MTItZTFlYS00YzM4LWJkMjYtNDFkMGU5ZDViNTRmL3Jlc291cmNlR3JvdXBzL3RvLWRlbGV0ZS0wMS9wcm92aWRlcnMvTWljcm9zb2Z0LkF1dG9tYXRpb24vYXV0b21hdGlvbkFjY291bnRzL2Zicy1hYS0wMS9tb2R1bGVzL1Blc3Rlcj9hcGktdmVyc2lvbj0yMDIzLTExLTAx",
      "RequestMethod": "GET",
      "RequestHeaders": {
        "x-ms-client-request-id": [
          "c4a3642d-59d5-4204-aaf4-232c5c698d20"
        ],
        "Accept-Language": [
          "en-US"
        ],
        "User-Agent": [
          "FxVersion/6.0.2523.51912",
          "OSName/Windows",
          "OSVersion/Microsoft.Windows.10.0.22631",
          "Microsoft.Azure.Management.Automation.AutomationClient/1.9.1"
        ]
      },
      "RequestBody": "",
      "ResponseHeaders": {
        "Cache-Control": [
          "no-cache"
        ],
        "Pragma": [
          "no-cache"
        ],
        "x-ms-request-id": [
          "c4a3642d-59d5-4204-aaf4-232c5c698d20"
        ],
        "Server": [
          "Microsoft-HTTPAPI/2.0"
        ],
        "x-ms-ratelimit-remaining-subscription-reads": [
          "11995"
        ],
        "x-ms-correlation-request-id": [
          "c26a335c-e7a3-4599-ab1b-2b69e7350cdd"
        ],
        "x-ms-routing-request-id": [
          "WESTINDIA:20231122T105125Z:c26a335c-e7a3-4599-ab1b-2b69e7350cdd"
        ],
        "Strict-Transport-Security": [
          "max-age=31536000; includeSubDomains"
        ],
        "X-Content-Type-Options": [
          "nosniff"
        ],
        "Date": [
          "Wed, 22 Nov 2023 10:51:24 GMT"
        ],
        "Content-Length": [
          "546"
        ],
        "Content-Type": [
          "application/json; charset=utf-8"
        ],
        "Expires": [
          "-1"
        ]
      },
      "ResponseBody": "{\r\n  \"id\": \"/subscriptions/0b35c512-e1ea-4c38-bd26-41d0e9d5b54f/resourceGroups/to-delete-01/providers/Microsoft.Automation/automationAccounts/fbs-aa-01/modules/Pester\",\r\n  \"name\": \"Pester\",\r\n  \"type\": \"Microsoft.Automation/AutomationAccounts/Modules\",\r\n  \"location\": \"eastus\",\r\n  \"tags\": {},\r\n  \"etag\": null,\r\n  \"properties\": {\r\n    \"isGlobal\": false,\r\n    \"version\": null,\r\n    \"sizeInBytes\": 0,\r\n    \"activityCount\": 0,\r\n    \"creationTime\": \"2023-11-22T16:21:12.56+05:30\",\r\n    \"lastModifiedTime\": \"2023-11-22T16:21:12.6166667+05:30\",\r\n    \"error\": {\r\n      \"code\": null,\r\n      \"message\": \"\"\r\n    },\r\n    \"provisioningState\": \"Creating\",\r\n    \"isComposite\": false\r\n  }\r\n}",
      "StatusCode": 200
    },
    {
      "RequestUri": "/subscriptions/0b35c512-e1ea-4c38-bd26-41d0e9d5b54f/resourceGroups/to-delete-01/providers/Microsoft.Automation/automationAccounts/fbs-aa-01/modules/Pester?api-version=2023-11-01",
      "EncodedRequestUri": "L3N1YnNjcmlwdGlvbnMvMGIzNWM1MTItZTFlYS00YzM4LWJkMjYtNDFkMGU5ZDViNTRmL3Jlc291cmNlR3JvdXBzL3RvLWRlbGV0ZS0wMS9wcm92aWRlcnMvTWljcm9zb2Z0LkF1dG9tYXRpb24vYXV0b21hdGlvbkFjY291bnRzL2Zicy1hYS0wMS9tb2R1bGVzL1Blc3Rlcj9hcGktdmVyc2lvbj0yMDIzLTExLTAx",
      "RequestMethod": "GET",
      "RequestHeaders": {
        "x-ms-client-request-id": [
          "e20eae6b-4f71-4d3e-9d57-bd63a1ba0f65"
        ],
        "Accept-Language": [
          "en-US"
        ],
        "User-Agent": [
          "FxVersion/6.0.2523.51912",
          "OSName/Windows",
          "OSVersion/Microsoft.Windows.10.0.22631",
          "Microsoft.Azure.Management.Automation.AutomationClient/1.9.1"
        ]
      },
      "RequestBody": "",
      "ResponseHeaders": {
        "Cache-Control": [
          "no-cache"
        ],
        "Pragma": [
          "no-cache"
        ],
        "x-ms-request-id": [
          "e20eae6b-4f71-4d3e-9d57-bd63a1ba0f65"
        ],
        "Server": [
          "Microsoft-HTTPAPI/2.0"
        ],
        "x-ms-ratelimit-remaining-subscription-reads": [
          "11995"
        ],
        "x-ms-correlation-request-id": [
          "d531a77e-adbc-400b-a5ed-803f5b931421"
        ],
        "x-ms-routing-request-id": [
          "JIOINDIAWEST:20231122T105136Z:d531a77e-adbc-400b-a5ed-803f5b931421"
        ],
        "Strict-Transport-Security": [
          "max-age=31536000; includeSubDomains"
        ],
        "X-Content-Type-Options": [
          "nosniff"
        ],
        "Date": [
          "Wed, 22 Nov 2023 10:51:36 GMT"
        ],
        "Content-Length": [
          "546"
        ],
        "Content-Type": [
          "application/json; charset=utf-8"
        ],
        "Expires": [
          "-1"
        ]
      },
      "ResponseBody": "{\r\n  \"id\": \"/subscriptions/0b35c512-e1ea-4c38-bd26-41d0e9d5b54f/resourceGroups/to-delete-01/providers/Microsoft.Automation/automationAccounts/fbs-aa-01/modules/Pester\",\r\n  \"name\": \"Pester\",\r\n  \"type\": \"Microsoft.Automation/AutomationAccounts/Modules\",\r\n  \"location\": \"eastus\",\r\n  \"tags\": {},\r\n  \"etag\": null,\r\n  \"properties\": {\r\n    \"isGlobal\": false,\r\n    \"version\": null,\r\n    \"sizeInBytes\": 0,\r\n    \"activityCount\": 0,\r\n    \"creationTime\": \"2023-11-22T16:21:12.56+05:30\",\r\n    \"lastModifiedTime\": \"2023-11-22T16:21:12.6166667+05:30\",\r\n    \"error\": {\r\n      \"code\": null,\r\n      \"message\": \"\"\r\n    },\r\n    \"provisioningState\": \"Creating\",\r\n    \"isComposite\": false\r\n  }\r\n}",
      "StatusCode": 200
    },
    {
      "RequestUri": "/subscriptions/0b35c512-e1ea-4c38-bd26-41d0e9d5b54f/resourceGroups/to-delete-01/providers/Microsoft.Automation/automationAccounts/fbs-aa-01/modules/Pester?api-version=2023-11-01",
      "EncodedRequestUri": "L3N1YnNjcmlwdGlvbnMvMGIzNWM1MTItZTFlYS00YzM4LWJkMjYtNDFkMGU5ZDViNTRmL3Jlc291cmNlR3JvdXBzL3RvLWRlbGV0ZS0wMS9wcm92aWRlcnMvTWljcm9zb2Z0LkF1dG9tYXRpb24vYXV0b21hdGlvbkFjY291bnRzL2Zicy1hYS0wMS9tb2R1bGVzL1Blc3Rlcj9hcGktdmVyc2lvbj0yMDIzLTExLTAx",
      "RequestMethod": "GET",
      "RequestHeaders": {
        "x-ms-client-request-id": [
          "5ca83165-81cd-4b2f-bcdb-7bd4d8687ba5"
        ],
        "Accept-Language": [
          "en-US"
        ],
        "User-Agent": [
          "FxVersion/6.0.2523.51912",
          "OSName/Windows",
          "OSVersion/Microsoft.Windows.10.0.22631",
          "Microsoft.Azure.Management.Automation.AutomationClient/1.9.1"
        ]
      },
      "RequestBody": "",
      "ResponseHeaders": {
        "Cache-Control": [
          "no-cache"
        ],
        "Pragma": [
          "no-cache"
        ],
        "x-ms-request-id": [
          "5ca83165-81cd-4b2f-bcdb-7bd4d8687ba5"
        ],
        "Server": [
          "Microsoft-HTTPAPI/2.0"
        ],
        "x-ms-ratelimit-remaining-subscription-reads": [
          "11998"
        ],
        "x-ms-correlation-request-id": [
          "19c1d528-c23c-4d39-8619-0b6e2e092bf0"
        ],
        "x-ms-routing-request-id": [
          "JIOINDIAWEST:20231122T105147Z:19c1d528-c23c-4d39-8619-0b6e2e092bf0"
        ],
        "Strict-Transport-Security": [
          "max-age=31536000; includeSubDomains"
        ],
        "X-Content-Type-Options": [
          "nosniff"
        ],
        "Date": [
          "Wed, 22 Nov 2023 10:51:47 GMT"
        ],
        "Content-Length": [
          "546"
        ],
        "Content-Type": [
          "application/json; charset=utf-8"
        ],
        "Expires": [
          "-1"
        ]
      },
      "ResponseBody": "{\r\n  \"id\": \"/subscriptions/0b35c512-e1ea-4c38-bd26-41d0e9d5b54f/resourceGroups/to-delete-01/providers/Microsoft.Automation/automationAccounts/fbs-aa-01/modules/Pester\",\r\n  \"name\": \"Pester\",\r\n  \"type\": \"Microsoft.Automation/AutomationAccounts/Modules\",\r\n  \"location\": \"eastus\",\r\n  \"tags\": {},\r\n  \"etag\": null,\r\n  \"properties\": {\r\n    \"isGlobal\": false,\r\n    \"version\": null,\r\n    \"sizeInBytes\": 0,\r\n    \"activityCount\": 0,\r\n    \"creationTime\": \"2023-11-22T16:21:12.56+05:30\",\r\n    \"lastModifiedTime\": \"2023-11-22T16:21:12.6166667+05:30\",\r\n    \"error\": {\r\n      \"code\": null,\r\n      \"message\": \"\"\r\n    },\r\n    \"provisioningState\": \"Creating\",\r\n    \"isComposite\": false\r\n  }\r\n}",
      "StatusCode": 200
    },
    {
      "RequestUri": "/subscriptions/0b35c512-e1ea-4c38-bd26-41d0e9d5b54f/resourceGroups/to-delete-01/providers/Microsoft.Automation/automationAccounts/fbs-aa-01/modules/Pester?api-version=2023-11-01",
      "EncodedRequestUri": "L3N1YnNjcmlwdGlvbnMvMGIzNWM1MTItZTFlYS00YzM4LWJkMjYtNDFkMGU5ZDViNTRmL3Jlc291cmNlR3JvdXBzL3RvLWRlbGV0ZS0wMS9wcm92aWRlcnMvTWljcm9zb2Z0LkF1dG9tYXRpb24vYXV0b21hdGlvbkFjY291bnRzL2Zicy1hYS0wMS9tb2R1bGVzL1Blc3Rlcj9hcGktdmVyc2lvbj0yMDIzLTExLTAx",
      "RequestMethod": "GET",
      "RequestHeaders": {
        "x-ms-client-request-id": [
          "fbb8faf0-d8be-4d28-9c05-a9d1048d4c17"
        ],
        "Accept-Language": [
          "en-US"
        ],
        "User-Agent": [
          "FxVersion/6.0.2523.51912",
          "OSName/Windows",
          "OSVersion/Microsoft.Windows.10.0.22631",
          "Microsoft.Azure.Management.Automation.AutomationClient/1.9.1"
        ]
      },
      "RequestBody": "",
      "ResponseHeaders": {
        "Cache-Control": [
          "no-cache"
        ],
        "Pragma": [
          "no-cache"
        ],
        "x-ms-request-id": [
          "fbb8faf0-d8be-4d28-9c05-a9d1048d4c17"
        ],
        "Server": [
          "Microsoft-HTTPAPI/2.0"
        ],
        "x-ms-ratelimit-remaining-subscription-reads": [
          "11990"
        ],
        "x-ms-correlation-request-id": [
          "6ceb69c6-f7d8-487a-af5c-623dbd75faa2"
        ],
        "x-ms-routing-request-id": [
          "JIOINDIAWEST:20231122T105158Z:6ceb69c6-f7d8-487a-af5c-623dbd75faa2"
        ],
        "Strict-Transport-Security": [
          "max-age=31536000; includeSubDomains"
        ],
        "X-Content-Type-Options": [
          "nosniff"
        ],
        "Date": [
          "Wed, 22 Nov 2023 10:51:58 GMT"
        ],
        "Content-Length": [
          "546"
        ],
        "Content-Type": [
          "application/json; charset=utf-8"
        ],
        "Expires": [
          "-1"
        ]
      },
      "ResponseBody": "{\r\n  \"id\": \"/subscriptions/0b35c512-e1ea-4c38-bd26-41d0e9d5b54f/resourceGroups/to-delete-01/providers/Microsoft.Automation/automationAccounts/fbs-aa-01/modules/Pester\",\r\n  \"name\": \"Pester\",\r\n  \"type\": \"Microsoft.Automation/AutomationAccounts/Modules\",\r\n  \"location\": \"eastus\",\r\n  \"tags\": {},\r\n  \"etag\": null,\r\n  \"properties\": {\r\n    \"isGlobal\": false,\r\n    \"version\": null,\r\n    \"sizeInBytes\": 0,\r\n    \"activityCount\": 0,\r\n    \"creationTime\": \"2023-11-22T16:21:12.56+05:30\",\r\n    \"lastModifiedTime\": \"2023-11-22T16:21:12.6166667+05:30\",\r\n    \"error\": {\r\n      \"code\": null,\r\n      \"message\": \"\"\r\n    },\r\n    \"provisioningState\": \"Creating\",\r\n    \"isComposite\": false\r\n  }\r\n}",
      "StatusCode": 200
    },
    {
      "RequestUri": "/subscriptions/0b35c512-e1ea-4c38-bd26-41d0e9d5b54f/resourceGroups/to-delete-01/providers/Microsoft.Automation/automationAccounts/fbs-aa-01/modules/Pester?api-version=2023-11-01",
      "EncodedRequestUri": "L3N1YnNjcmlwdGlvbnMvMGIzNWM1MTItZTFlYS00YzM4LWJkMjYtNDFkMGU5ZDViNTRmL3Jlc291cmNlR3JvdXBzL3RvLWRlbGV0ZS0wMS9wcm92aWRlcnMvTWljcm9zb2Z0LkF1dG9tYXRpb24vYXV0b21hdGlvbkFjY291bnRzL2Zicy1hYS0wMS9tb2R1bGVzL1Blc3Rlcj9hcGktdmVyc2lvbj0yMDIzLTExLTAx",
      "RequestMethod": "GET",
      "RequestHeaders": {
        "x-ms-client-request-id": [
          "9e3df4e2-6f54-4e06-873a-e5a8ff2699da"
        ],
        "Accept-Language": [
          "en-US"
        ],
        "User-Agent": [
          "FxVersion/6.0.2523.51912",
          "OSName/Windows",
          "OSVersion/Microsoft.Windows.10.0.22631",
          "Microsoft.Azure.Management.Automation.AutomationClient/1.9.1"
        ]
      },
      "RequestBody": "",
      "ResponseHeaders": {
        "Cache-Control": [
          "no-cache"
        ],
        "Pragma": [
          "no-cache"
        ],
        "x-ms-request-id": [
          "9e3df4e2-6f54-4e06-873a-e5a8ff2699da"
        ],
        "Server": [
          "Microsoft-HTTPAPI/2.0"
        ],
        "x-ms-ratelimit-remaining-subscription-reads": [
          "11991"
        ],
        "x-ms-correlation-request-id": [
          "6c75368c-0e9b-4382-b207-e8c64bcc7b58"
        ],
        "x-ms-routing-request-id": [
          "JIOINDIAWEST:20231122T105209Z:6c75368c-0e9b-4382-b207-e8c64bcc7b58"
        ],
        "Strict-Transport-Security": [
          "max-age=31536000; includeSubDomains"
        ],
        "X-Content-Type-Options": [
          "nosniff"
        ],
        "Date": [
          "Wed, 22 Nov 2023 10:52:09 GMT"
        ],
        "Content-Length": [
          "546"
        ],
        "Content-Type": [
          "application/json; charset=utf-8"
        ],
        "Expires": [
          "-1"
        ]
      },
      "ResponseBody": "{\r\n  \"id\": \"/subscriptions/0b35c512-e1ea-4c38-bd26-41d0e9d5b54f/resourceGroups/to-delete-01/providers/Microsoft.Automation/automationAccounts/fbs-aa-01/modules/Pester\",\r\n  \"name\": \"Pester\",\r\n  \"type\": \"Microsoft.Automation/AutomationAccounts/Modules\",\r\n  \"location\": \"eastus\",\r\n  \"tags\": {},\r\n  \"etag\": null,\r\n  \"properties\": {\r\n    \"isGlobal\": false,\r\n    \"version\": null,\r\n    \"sizeInBytes\": 0,\r\n    \"activityCount\": 0,\r\n    \"creationTime\": \"2023-11-22T16:21:12.56+05:30\",\r\n    \"lastModifiedTime\": \"2023-11-22T16:21:12.6166667+05:30\",\r\n    \"error\": {\r\n      \"code\": null,\r\n      \"message\": \"\"\r\n    },\r\n    \"provisioningState\": \"Creating\",\r\n    \"isComposite\": false\r\n  }\r\n}",
      "StatusCode": 200
    },
    {
      "RequestUri": "/subscriptions/0b35c512-e1ea-4c38-bd26-41d0e9d5b54f/resourceGroups/to-delete-01/providers/Microsoft.Automation/automationAccounts/fbs-aa-01/modules/Pester?api-version=2023-11-01",
      "EncodedRequestUri": "L3N1YnNjcmlwdGlvbnMvMGIzNWM1MTItZTFlYS00YzM4LWJkMjYtNDFkMGU5ZDViNTRmL3Jlc291cmNlR3JvdXBzL3RvLWRlbGV0ZS0wMS9wcm92aWRlcnMvTWljcm9zb2Z0LkF1dG9tYXRpb24vYXV0b21hdGlvbkFjY291bnRzL2Zicy1hYS0wMS9tb2R1bGVzL1Blc3Rlcj9hcGktdmVyc2lvbj0yMDIzLTExLTAx",
      "RequestMethod": "GET",
      "RequestHeaders": {
        "x-ms-client-request-id": [
          "c5a4cd33-1aa9-4ff4-b9bc-f3b68a4361e0"
        ],
        "Accept-Language": [
          "en-US"
        ],
        "User-Agent": [
          "FxVersion/6.0.2523.51912",
          "OSName/Windows",
          "OSVersion/Microsoft.Windows.10.0.22631",
          "Microsoft.Azure.Management.Automation.AutomationClient/1.9.1"
        ]
      },
      "RequestBody": "",
      "ResponseHeaders": {
        "Cache-Control": [
          "no-cache"
        ],
        "Pragma": [
          "no-cache"
        ],
        "x-ms-request-id": [
          "c5a4cd33-1aa9-4ff4-b9bc-f3b68a4361e0"
        ],
        "Server": [
          "Microsoft-HTTPAPI/2.0"
        ],
        "x-ms-ratelimit-remaining-subscription-reads": [
          "11996"
        ],
        "x-ms-correlation-request-id": [
          "ec652ad3-2ea0-43cf-bc54-8e216901d77e"
        ],
        "x-ms-routing-request-id": [
          "WESTINDIA:20231122T105221Z:ec652ad3-2ea0-43cf-bc54-8e216901d77e"
        ],
        "Strict-Transport-Security": [
          "max-age=31536000; includeSubDomains"
        ],
        "X-Content-Type-Options": [
          "nosniff"
        ],
        "Date": [
          "Wed, 22 Nov 2023 10:52:20 GMT"
        ],
        "Content-Length": [
          "546"
        ],
        "Content-Type": [
          "application/json; charset=utf-8"
        ],
        "Expires": [
          "-1"
        ]
      },
      "ResponseBody": "{\r\n  \"id\": \"/subscriptions/0b35c512-e1ea-4c38-bd26-41d0e9d5b54f/resourceGroups/to-delete-01/providers/Microsoft.Automation/automationAccounts/fbs-aa-01/modules/Pester\",\r\n  \"name\": \"Pester\",\r\n  \"type\": \"Microsoft.Automation/AutomationAccounts/Modules\",\r\n  \"location\": \"eastus\",\r\n  \"tags\": {},\r\n  \"etag\": null,\r\n  \"properties\": {\r\n    \"isGlobal\": false,\r\n    \"version\": null,\r\n    \"sizeInBytes\": 0,\r\n    \"activityCount\": 0,\r\n    \"creationTime\": \"2023-11-22T16:21:12.56+05:30\",\r\n    \"lastModifiedTime\": \"2023-11-22T16:21:12.6166667+05:30\",\r\n    \"error\": {\r\n      \"code\": null,\r\n      \"message\": \"\"\r\n    },\r\n    \"provisioningState\": \"Creating\",\r\n    \"isComposite\": false\r\n  }\r\n}",
      "StatusCode": 200
    },
    {
      "RequestUri": "/subscriptions/0b35c512-e1ea-4c38-bd26-41d0e9d5b54f/resourceGroups/to-delete-01/providers/Microsoft.Automation/automationAccounts/fbs-aa-01/modules/Pester?api-version=2023-11-01",
      "EncodedRequestUri": "L3N1YnNjcmlwdGlvbnMvMGIzNWM1MTItZTFlYS00YzM4LWJkMjYtNDFkMGU5ZDViNTRmL3Jlc291cmNlR3JvdXBzL3RvLWRlbGV0ZS0wMS9wcm92aWRlcnMvTWljcm9zb2Z0LkF1dG9tYXRpb24vYXV0b21hdGlvbkFjY291bnRzL2Zicy1hYS0wMS9tb2R1bGVzL1Blc3Rlcj9hcGktdmVyc2lvbj0yMDIzLTExLTAx",
      "RequestMethod": "GET",
      "RequestHeaders": {
        "x-ms-client-request-id": [
          "1dedbf1a-82f4-4051-81a6-35c47f557d69"
        ],
        "Accept-Language": [
          "en-US"
        ],
        "User-Agent": [
          "FxVersion/6.0.2523.51912",
          "OSName/Windows",
          "OSVersion/Microsoft.Windows.10.0.22631",
          "Microsoft.Azure.Management.Automation.AutomationClient/1.9.1"
        ]
      },
      "RequestBody": "",
      "ResponseHeaders": {
        "Cache-Control": [
          "no-cache"
        ],
        "Pragma": [
          "no-cache"
        ],
        "x-ms-request-id": [
          "1dedbf1a-82f4-4051-81a6-35c47f557d69"
        ],
        "Server": [
          "Microsoft-HTTPAPI/2.0"
        ],
        "x-ms-ratelimit-remaining-subscription-reads": [
          "11990"
        ],
        "x-ms-correlation-request-id": [
          "230ada29-fc5e-4101-b0b4-63f7439236b5"
        ],
        "x-ms-routing-request-id": [
          "JIOINDIAWEST:20231122T105232Z:230ada29-fc5e-4101-b0b4-63f7439236b5"
        ],
        "Strict-Transport-Security": [
          "max-age=31536000; includeSubDomains"
        ],
        "X-Content-Type-Options": [
          "nosniff"
        ],
        "Date": [
          "Wed, 22 Nov 2023 10:52:32 GMT"
        ],
        "Content-Length": [
          "546"
        ],
        "Content-Type": [
          "application/json; charset=utf-8"
        ],
        "Expires": [
          "-1"
        ]
      },
      "ResponseBody": "{\r\n  \"id\": \"/subscriptions/0b35c512-e1ea-4c38-bd26-41d0e9d5b54f/resourceGroups/to-delete-01/providers/Microsoft.Automation/automationAccounts/fbs-aa-01/modules/Pester\",\r\n  \"name\": \"Pester\",\r\n  \"type\": \"Microsoft.Automation/AutomationAccounts/Modules\",\r\n  \"location\": \"eastus\",\r\n  \"tags\": {},\r\n  \"etag\": null,\r\n  \"properties\": {\r\n    \"isGlobal\": false,\r\n    \"version\": null,\r\n    \"sizeInBytes\": 0,\r\n    \"activityCount\": 0,\r\n    \"creationTime\": \"2023-11-22T16:21:12.56+05:30\",\r\n    \"lastModifiedTime\": \"2023-11-22T16:21:12.6166667+05:30\",\r\n    \"error\": {\r\n      \"code\": null,\r\n      \"message\": \"\"\r\n    },\r\n    \"provisioningState\": \"Creating\",\r\n    \"isComposite\": false\r\n  }\r\n}",
      "StatusCode": 200
    },
    {
      "RequestUri": "/subscriptions/0b35c512-e1ea-4c38-bd26-41d0e9d5b54f/resourceGroups/to-delete-01/providers/Microsoft.Automation/automationAccounts/fbs-aa-01/modules/Pester?api-version=2023-11-01",
      "EncodedRequestUri": "L3N1YnNjcmlwdGlvbnMvMGIzNWM1MTItZTFlYS00YzM4LWJkMjYtNDFkMGU5ZDViNTRmL3Jlc291cmNlR3JvdXBzL3RvLWRlbGV0ZS0wMS9wcm92aWRlcnMvTWljcm9zb2Z0LkF1dG9tYXRpb24vYXV0b21hdGlvbkFjY291bnRzL2Zicy1hYS0wMS9tb2R1bGVzL1Blc3Rlcj9hcGktdmVyc2lvbj0yMDIzLTExLTAx",
      "RequestMethod": "GET",
      "RequestHeaders": {
        "x-ms-client-request-id": [
          "3e7b527e-4432-40bb-b1fb-273fd609cc82"
        ],
        "Accept-Language": [
          "en-US"
        ],
        "User-Agent": [
          "FxVersion/6.0.2523.51912",
          "OSName/Windows",
          "OSVersion/Microsoft.Windows.10.0.22631",
          "Microsoft.Azure.Management.Automation.AutomationClient/1.9.1"
        ]
      },
      "RequestBody": "",
      "ResponseHeaders": {
        "Cache-Control": [
          "no-cache"
        ],
        "Pragma": [
          "no-cache"
        ],
        "x-ms-request-id": [
          "3e7b527e-4432-40bb-b1fb-273fd609cc82"
        ],
        "Server": [
          "Microsoft-HTTPAPI/2.0"
        ],
        "x-ms-ratelimit-remaining-subscription-reads": [
          "11995"
        ],
        "x-ms-correlation-request-id": [
          "b4fa2a0b-eb36-4b69-873b-f5a2f97e1aef"
        ],
        "x-ms-routing-request-id": [
          "JIOINDIAWEST:20231122T105244Z:b4fa2a0b-eb36-4b69-873b-f5a2f97e1aef"
        ],
        "Strict-Transport-Security": [
          "max-age=31536000; includeSubDomains"
        ],
        "X-Content-Type-Options": [
          "nosniff"
        ],
        "Date": [
          "Wed, 22 Nov 2023 10:52:43 GMT"
        ],
        "Content-Length": [
          "554"
        ],
        "Content-Type": [
          "application/json; charset=utf-8"
        ],
        "Expires": [
          "-1"
        ]
      },
      "ResponseBody": "{\r\n  \"id\": \"/subscriptions/0b35c512-e1ea-4c38-bd26-41d0e9d5b54f/resourceGroups/to-delete-01/providers/Microsoft.Automation/automationAccounts/fbs-aa-01/modules/Pester\",\r\n  \"name\": \"Pester\",\r\n  \"type\": \"Microsoft.Automation/AutomationAccounts/Modules\",\r\n  \"location\": \"eastus\",\r\n  \"tags\": {},\r\n  \"etag\": null,\r\n  \"properties\": {\r\n    \"isGlobal\": false,\r\n    \"version\": null,\r\n    \"sizeInBytes\": 0,\r\n    \"activityCount\": 0,\r\n    \"creationTime\": \"2023-11-22T16:21:12.56+05:30\",\r\n    \"lastModifiedTime\": \"2023-11-22T16:22:43.2766667+05:30\",\r\n    \"error\": {\r\n      \"code\": null,\r\n      \"message\": \"\"\r\n    },\r\n    \"provisioningState\": \"ContentValidated\",\r\n    \"isComposite\": false\r\n  }\r\n}",
      "StatusCode": 200
    },
    {
      "RequestUri": "/subscriptions/0b35c512-e1ea-4c38-bd26-41d0e9d5b54f/resourceGroups/to-delete-01/providers/Microsoft.Automation/automationAccounts/fbs-aa-01/modules/Pester?api-version=2023-11-01",
      "EncodedRequestUri": "L3N1YnNjcmlwdGlvbnMvMGIzNWM1MTItZTFlYS00YzM4LWJkMjYtNDFkMGU5ZDViNTRmL3Jlc291cmNlR3JvdXBzL3RvLWRlbGV0ZS0wMS9wcm92aWRlcnMvTWljcm9zb2Z0LkF1dG9tYXRpb24vYXV0b21hdGlvbkFjY291bnRzL2Zicy1hYS0wMS9tb2R1bGVzL1Blc3Rlcj9hcGktdmVyc2lvbj0yMDIzLTExLTAx",
      "RequestMethod": "GET",
      "RequestHeaders": {
        "x-ms-client-request-id": [
          "b6f42d2e-b396-4216-a686-340ffcbfdfe3"
        ],
        "Accept-Language": [
          "en-US"
        ],
        "User-Agent": [
          "FxVersion/6.0.2523.51912",
          "OSName/Windows",
          "OSVersion/Microsoft.Windows.10.0.22631",
          "Microsoft.Azure.Management.Automation.AutomationClient/1.9.1"
        ]
      },
      "RequestBody": "",
      "ResponseHeaders": {
        "Cache-Control": [
          "no-cache"
        ],
        "Pragma": [
          "no-cache"
        ],
        "x-ms-request-id": [
          "b6f42d2e-b396-4216-a686-340ffcbfdfe3"
        ],
        "Server": [
          "Microsoft-HTTPAPI/2.0"
        ],
        "x-ms-ratelimit-remaining-subscription-reads": [
          "11991"
        ],
        "x-ms-correlation-request-id": [
          "5c6e6c85-d3d2-4ac7-8f8c-682ecba70131"
        ],
        "x-ms-routing-request-id": [
          "JIOINDIAWEST:20231122T105256Z:5c6e6c85-d3d2-4ac7-8f8c-682ecba70131"
        ],
        "Strict-Transport-Security": [
          "max-age=31536000; includeSubDomains"
        ],
        "X-Content-Type-Options": [
          "nosniff"
        ],
        "Date": [
          "Wed, 22 Nov 2023 10:52:55 GMT"
        ],
        "Content-Length": [
          "549"
        ],
        "Content-Type": [
          "application/json; charset=utf-8"
        ],
        "Expires": [
          "-1"
        ]
      },
      "ResponseBody": "{\r\n  \"id\": \"/subscriptions/0b35c512-e1ea-4c38-bd26-41d0e9d5b54f/resourceGroups/to-delete-01/providers/Microsoft.Automation/automationAccounts/fbs-aa-01/modules/Pester\",\r\n  \"name\": \"Pester\",\r\n  \"type\": \"Microsoft.Automation/AutomationAccounts/Modules\",\r\n  \"location\": \"eastus\",\r\n  \"tags\": {},\r\n  \"etag\": null,\r\n  \"properties\": {\r\n    \"isGlobal\": false,\r\n    \"version\": \"3.0.3\",\r\n    \"sizeInBytes\": 74921,\r\n    \"activityCount\": 0,\r\n    \"creationTime\": \"2023-11-22T16:21:12.56+05:30\",\r\n    \"lastModifiedTime\": \"2023-11-22T16:22:48.25+05:30\",\r\n    \"error\": {\r\n      \"code\": null,\r\n      \"message\": \"\"\r\n    },\r\n    \"provisioningState\": \"Succeeded\",\r\n    \"isComposite\": false\r\n  }\r\n}",
      "StatusCode": 200
    },
    {
      "RequestUri": "/subscriptions/0b35c512-e1ea-4c38-bd26-41d0e9d5b54f/resourceGroups/to-delete-01/providers/Microsoft.Automation/automationAccounts/fbs-aa-01/modules/Pester?api-version=2023-11-01",
      "EncodedRequestUri": "L3N1YnNjcmlwdGlvbnMvMGIzNWM1MTItZTFlYS00YzM4LWJkMjYtNDFkMGU5ZDViNTRmL3Jlc291cmNlR3JvdXBzL3RvLWRlbGV0ZS0wMS9wcm92aWRlcnMvTWljcm9zb2Z0LkF1dG9tYXRpb24vYXV0b21hdGlvbkFjY291bnRzL2Zicy1hYS0wMS9tb2R1bGVzL1Blc3Rlcj9hcGktdmVyc2lvbj0yMDIzLTExLTAx",
      "RequestMethod": "GET",
      "RequestHeaders": {
        "x-ms-client-request-id": [
          "eb017175-9203-474f-a6c2-19ebb4600311"
        ],
        "Accept-Language": [
          "en-US"
        ],
        "User-Agent": [
          "FxVersion/6.0.2523.51912",
          "OSName/Windows",
          "OSVersion/Microsoft.Windows.10.0.22631",
          "Microsoft.Azure.Management.Automation.AutomationClient/1.9.1"
        ]
      },
      "RequestBody": "",
      "ResponseHeaders": {
        "Cache-Control": [
          "no-cache"
        ],
        "Pragma": [
          "no-cache"
        ],
        "x-ms-request-id": [
          "eb017175-9203-474f-a6c2-19ebb4600311"
        ],
        "Server": [
          "Microsoft-HTTPAPI/2.0"
        ],
        "x-ms-ratelimit-remaining-subscription-reads": [
          "11983"
        ],
        "x-ms-correlation-request-id": [
          "324ba850-39ae-47a6-a700-c6e36ab60e80"
        ],
        "x-ms-routing-request-id": [
          "JIOINDIAWEST:20231122T105259Z:324ba850-39ae-47a6-a700-c6e36ab60e80"
        ],
        "Strict-Transport-Security": [
          "max-age=31536000; includeSubDomains"
        ],
        "X-Content-Type-Options": [
          "nosniff"
        ],
        "Date": [
          "Wed, 22 Nov 2023 10:52:58 GMT"
        ],
        "Content-Length": [
          "32"
        ],
        "Content-Type": [
          "application/json; charset=utf-8"
        ],
        "Expires": [
          "-1"
        ]
      },
      "ResponseBody": "{\r\n  \"code\": \"NotFound\",\r\n  \"message\": \"\"\r\n}",
      "StatusCode": 404
    },
    {
      "RequestUri": "/subscriptions/0b35c512-e1ea-4c38-bd26-41d0e9d5b54f/resourceGroups/to-delete-01/providers/Microsoft.Automation/automationAccounts/fbs-aa-01/modules/Pester?api-version=2023-11-01",
      "EncodedRequestUri": "L3N1YnNjcmlwdGlvbnMvMGIzNWM1MTItZTFlYS00YzM4LWJkMjYtNDFkMGU5ZDViNTRmL3Jlc291cmNlR3JvdXBzL3RvLWRlbGV0ZS0wMS9wcm92aWRlcnMvTWljcm9zb2Z0LkF1dG9tYXRpb24vYXV0b21hdGlvbkFjY291bnRzL2Zicy1hYS0wMS9tb2R1bGVzL1Blc3Rlcj9hcGktdmVyc2lvbj0yMDIzLTExLTAx",
      "RequestMethod": "PUT",
      "RequestHeaders": {
        "x-ms-client-request-id": [
          "fef0993e-cff0-48bb-a983-d33c968c8020"
        ],
        "Accept-Language": [
          "en-US"
        ],
        "User-Agent": [
          "FxVersion/6.0.2523.51912",
          "OSName/Windows",
          "OSVersion/Microsoft.Windows.10.0.22631",
          "Microsoft.Azure.Management.Automation.AutomationClient/1.9.1"
        ],
        "Content-Type": [
          "application/json; charset=utf-8"
        ],
        "Content-Length": [
          "173"
        ]
      },
      "RequestBody": "{\r\n  \"name\": \"Pester\",\r\n  \"properties\": {\r\n    \"contentLink\": {\r\n      \"uri\": \"https://devopsgallerystorage.blob.core.windows.net/packages/pester.3.0.3.nupkg\"\r\n    }\r\n  }\r\n}",
      "ResponseHeaders": {
        "Cache-Control": [
          "no-cache"
        ],
        "Pragma": [
          "no-cache"
        ],
        "Location": [
          "https://management.azure.com/subscriptions/0b35c512-e1ea-4c38-bd26-41d0e9d5b54f/resourceGroups/to-delete-01/providers/Microsoft.Automation/automationAccounts/fbs-aa-01/modules/Pester?api-version=2023-11-01"
        ],
        "x-ms-request-id": [
          "fef0993e-cff0-48bb-a983-d33c968c8020"
        ],
        "Server": [
          "Microsoft-HTTPAPI/2.0"
        ],
        "x-ms-ratelimit-remaining-subscription-writes": [
          "1199"
        ],
        "x-ms-correlation-request-id": [
          "e8b876ae-b7ba-4406-acc1-04870d719fd8"
        ],
        "x-ms-routing-request-id": [
          "WESTINDIA:20231122T105112Z:e8b876ae-b7ba-4406-acc1-04870d719fd8"
        ],
        "Strict-Transport-Security": [
          "max-age=31536000; includeSubDomains"
        ],
        "X-Content-Type-Options": [
          "nosniff"
        ],
        "Date": [
          "Wed, 22 Nov 2023 10:51:11 GMT"
        ],
        "Content-Length": [
          "548"
        ],
        "Content-Type": [
          "application/json; charset=utf-8"
        ],
        "Expires": [
          "-1"
        ]
      },
      "ResponseBody": "{\r\n  \"id\": \"/subscriptions/0b35c512-e1ea-4c38-bd26-41d0e9d5b54f/resourceGroups/to-delete-01/providers/Microsoft.Automation/automationAccounts/fbs-aa-01/modules/Pester\",\r\n  \"name\": \"Pester\",\r\n  \"type\": \"Microsoft.Automation/AutomationAccounts/Modules\",\r\n  \"location\": \"eastus\",\r\n  \"tags\": {},\r\n  \"etag\": null,\r\n  \"properties\": {\r\n    \"isGlobal\": false,\r\n    \"version\": null,\r\n    \"sizeInBytes\": 0,\r\n    \"activityCount\": 0,\r\n    \"creationTime\": \"2023-11-22T16:21:12.56+05:30\",\r\n    \"lastModifiedTime\": \"2023-11-22T16:21:12.6166667+05:30\",\r\n    \"error\": {\r\n      \"code\": null,\r\n      \"message\": null\r\n    },\r\n    \"provisioningState\": \"Creating\",\r\n    \"isComposite\": false\r\n  }\r\n}",
      "StatusCode": 201
    },
    {
      "RequestUri": "/subscriptions/0b35c512-e1ea-4c38-bd26-41d0e9d5b54f/resourceGroups/to-delete-01/providers/Microsoft.Automation/automationAccounts/fbs-aa-01/modules/Pester?api-version=2023-11-01",
      "EncodedRequestUri": "L3N1YnNjcmlwdGlvbnMvMGIzNWM1MTItZTFlYS00YzM4LWJkMjYtNDFkMGU5ZDViNTRmL3Jlc291cmNlR3JvdXBzL3RvLWRlbGV0ZS0wMS9wcm92aWRlcnMvTWljcm9zb2Z0LkF1dG9tYXRpb24vYXV0b21hdGlvbkFjY291bnRzL2Zicy1hYS0wMS9tb2R1bGVzL1Blc3Rlcj9hcGktdmVyc2lvbj0yMDIzLTExLTAx",
      "RequestMethod": "DELETE",
      "RequestHeaders": {
        "x-ms-client-request-id": [
          "d775b1a6-3111-4b36-b84c-6972866ec9b7"
        ],
        "Accept-Language": [
          "en-US"
        ],
        "User-Agent": [
          "FxVersion/6.0.2523.51912",
          "OSName/Windows",
          "OSVersion/Microsoft.Windows.10.0.22631",
          "Microsoft.Azure.Management.Automation.AutomationClient/1.9.1"
        ]
      },
      "RequestBody": "",
      "ResponseHeaders": {
        "Cache-Control": [
          "no-cache"
        ],
        "Pragma": [
          "no-cache"
        ],
        "x-ms-request-id": [
          "d775b1a6-3111-4b36-b84c-6972866ec9b7"
        ],
        "Server": [
          "Microsoft-HTTPAPI/2.0"
        ],
        "x-ms-ratelimit-remaining-subscription-deletes": [
          "14999"
        ],
        "x-ms-correlation-request-id": [
          "946cde00-2d0c-4833-b112-9df1136995c2"
        ],
        "x-ms-routing-request-id": [
          "JIOINDIAWEST:20231122T105257Z:946cde00-2d0c-4833-b112-9df1136995c2"
        ],
        "Strict-Transport-Security": [
          "max-age=31536000; includeSubDomains"
        ],
        "X-Content-Type-Options": [
          "nosniff"
        ],
        "Date": [
          "Wed, 22 Nov 2023 10:52:56 GMT"
        ],
        "Expires": [
          "-1"
        ],
        "Content-Length": [
          "0"
        ]
      },
      "ResponseBody": "",
      "StatusCode": 200
    }
  ],
  "Names": {},
  "Variables": {
    "SubscriptionId": "0b35c512-e1ea-4c38-bd26-41d0e9d5b54f"
  }
}