{
  "Entries": [
    {
      "RequestUri": "/subscriptions/dec9ed54-2b7f-4476-9bd0-875544af59df/resourcegroups/CosmosDBResourceGroup50?api-version=2016-09-01",
      "EncodedRequestUri": "L3N1YnNjcmlwdGlvbnMvZGVjOWVkNTQtMmI3Zi00NDc2LTliZDAtODc1NTQ0YWY1OWRmL3Jlc291cmNlZ3JvdXBzL0Nvc21vc0RCUmVzb3VyY2VHcm91cDUwP2FwaS12ZXJzaW9uPTIwMTYtMDktMDE=",
      "RequestMethod": "PUT",
      "RequestHeaders": {
        "x-ms-client-request-id": [
          "10f996a7-bc01-4ae0-bca2-79d2a3289c20"
        ],
        "Accept-Language": [
          "en-US"
        ],
        "User-Agent": [
          "FxVersion/4.700.22.36202",
          "OSName/Windows",
          "OSVersion/Microsoft.Windows.10.0.22000",
          "Microsoft.Azure.Management.Internal.Resources.ResourceManagementClient/1.3.59"
        ],
        "Content-Type": [
          "application/json; charset=utf-8"
        ],
        "Content-Length": [
          "29"
        ]
      },
      "RequestBody": "{\r\n  \"location\": \"East US\"\r\n}",
      "ResponseHeaders": {
        "Cache-Control": [
          "no-cache"
        ],
        "Pragma": [
          "no-cache"
        ],
        "x-ms-ratelimit-remaining-subscription-writes": [
          "1192"
        ],
        "x-ms-request-id": [
          "74b16371-36a0-4428-a69c-cc56c9f45aa4"
        ],
        "x-ms-correlation-request-id": [
          "74b16371-36a0-4428-a69c-cc56c9f45aa4"
        ],
        "x-ms-routing-request-id": [
          "BRAZILUS:20220908T234333Z:74b16371-36a0-4428-a69c-cc56c9f45aa4"
        ],
        "Strict-Transport-Security": [
          "max-age=31536000; includeSubDomains"
        ],
        "X-Content-Type-Options": [
          "nosniff"
        ],
        "Date": [
          "Thu, 08 Sep 2022 23:43:32 GMT"
        ],
        "Connection": [
          "close"
        ],
        "Content-Length": [
          "199"
        ],
        "Content-Type": [
          "application/json; charset=utf-8"
        ],
        "Expires": [
          "-1"
        ]
      },
      "ResponseBody": "{\r\n  \"id\": \"/subscriptions/dec9ed54-2b7f-4476-9bd0-875544af59df/resourceGroups/CosmosDBResourceGroup50\",\r\n  \"name\": \"CosmosDBResourceGroup50\",\r\n  \"location\": \"eastus\",\r\n  \"properties\": {\r\n    \"provisioningState\": \"Succeeded\"\r\n  }\r\n}",
      "StatusCode": 201
    },
    {
      "RequestUri": "/subscriptions/dec9ed54-2b7f-4476-9bd0-875544af59df/resourceGroups/CosmosDBResourceGroup50/providers/Microsoft.DocumentDB/databaseAccounts/gremlin-db1050?api-version=2022-05-15-preview",
      "EncodedRequestUri": "L3N1YnNjcmlwdGlvbnMvZGVjOWVkNTQtMmI3Zi00NDc2LTliZDAtODc1NTQ0YWY1OWRmL3Jlc291cmNlR3JvdXBzL0Nvc21vc0RCUmVzb3VyY2VHcm91cDUwL3Byb3ZpZGVycy9NaWNyb3NvZnQuRG9jdW1lbnREQi9kYXRhYmFzZUFjY291bnRzL2dyZW1saW4tZGIxMDUwP2FwaS12ZXJzaW9uPTIwMjItMDUtMTUtcHJldmlldw==",
      "RequestMethod": "GET",
      "RequestHeaders": {
        "x-ms-client-request-id": [
          "8c1b5ab5-42ee-4076-bed5-cecf805b6ca2"
        ],
        "Accept-Language": [
          "en-US"
        ],
        "User-Agent": [
          "FxVersion/4.700.22.36202",
          "OSName/Windows",
          "OSVersion/Microsoft.Windows.10.0.22000",
          "Microsoft.Azure.Management.CosmosDB.CosmosDBManagementClient/1.8.2"
        ]
      },
      "RequestBody": "",
      "ResponseHeaders": {
        "Cache-Control": [
          "no-cache"
        ],
        "Pragma": [
          "no-cache"
        ],
        "x-ms-failure-cause": [
          "gateway"
        ],
        "x-ms-request-id": [
          "9be5f759-a2ef-433a-a830-9f5e2f4b0b48"
        ],
        "x-ms-correlation-request-id": [
          "9be5f759-a2ef-433a-a830-9f5e2f4b0b48"
        ],
        "x-ms-routing-request-id": [
          "BRAZILUS:20220908T234334Z:9be5f759-a2ef-433a-a830-9f5e2f4b0b48"
        ],
        "Strict-Transport-Security": [
          "max-age=31536000; includeSubDomains"
        ],
        "X-Content-Type-Options": [
          "nosniff"
        ],
        "Date": [
          "Thu, 08 Sep 2022 23:43:33 GMT"
        ],
        "Content-Type": [
          "application/json; charset=utf-8"
        ],
        "Expires": [
          "-1"
        ],
        "Content-Length": [
          "247"
        ]
      },
      "ResponseBody": "{\r\n  \"error\": {\r\n    \"code\": \"ResourceNotFound\",\r\n    \"message\": \"The Resource 'Microsoft.DocumentDB/databaseAccounts/gremlin-db1050' under resource group 'CosmosDBResourceGroup50' was not found. For more details please go to https://aka.ms/ARMResourceNotFoundFix\"\r\n  }\r\n}",
      "StatusCode": 404
    },
    {
      "RequestUri": "/subscriptions/dec9ed54-2b7f-4476-9bd0-875544af59df/resourceGroups/CosmosDBResourceGroup50/providers/Microsoft.DocumentDB/databaseAccounts/gremlin-db1050?api-version=2022-05-15-preview",
      "EncodedRequestUri": "L3N1YnNjcmlwdGlvbnMvZGVjOWVkNTQtMmI3Zi00NDc2LTliZDAtODc1NTQ0YWY1OWRmL3Jlc291cmNlR3JvdXBzL0Nvc21vc0RCUmVzb3VyY2VHcm91cDUwL3Byb3ZpZGVycy9NaWNyb3NvZnQuRG9jdW1lbnREQi9kYXRhYmFzZUFjY291bnRzL2dyZW1saW4tZGIxMDUwP2FwaS12ZXJzaW9uPTIwMjItMDUtMTUtcHJldmlldw==",
      "RequestMethod": "GET",
      "RequestHeaders": {
        "x-ms-client-request-id": [
          "8c1b5ab5-42ee-4076-bed5-cecf805b6ca2"
        ],
        "User-Agent": [
          "FxVersion/4.700.22.36202",
          "OSName/Windows",
          "OSVersion/Microsoft.Windows.10.0.22000",
          "Microsoft.Azure.Management.CosmosDB.CosmosDBManagementClient/1.8.2"
        ]
      },
      "RequestBody": "",
      "ResponseHeaders": {
        "Cache-Control": [
          "no-store, no-cache"
        ],
        "Pragma": [
          "no-cache"
        ],
        "Strict-Transport-Security": [
          "max-age=31536000; includeSubDomains"
        ],
        "x-ms-gatewayversion": [
          "version=2.14.0"
        ],
        "Server": [
          "Microsoft-HTTPAPI/2.0"
        ],
        "x-ms-ratelimit-remaining-subscription-reads": [
          "11959"
        ],
        "x-ms-request-id": [
          "30b0c939-1710-45be-885a-c22c5c1941e5"
        ],
        "x-ms-correlation-request-id": [
          "30b0c939-1710-45be-885a-c22c5c1941e5"
        ],
        "x-ms-routing-request-id": [
          "BRAZILUS:20220908T234709Z:30b0c939-1710-45be-885a-c22c5c1941e5"
        ],
        "X-Content-Type-Options": [
          "nosniff"
        ],
        "Date": [
          "Thu, 08 Sep 2022 23:47:08 GMT"
        ],
        "Content-Length": [
          "2704"
        ],
        "Content-Type": [
          "application/json"
        ]
      },
      "ResponseBody": "{\r\n  \"id\": \"/subscriptions/dec9ed54-2b7f-4476-9bd0-875544af59df/resourceGroups/CosmosDBResourceGroup50/providers/Microsoft.DocumentDB/databaseAccounts/gremlin-db1050\",\r\n  \"name\": \"gremlin-db1050\",\r\n  \"location\": \"East US\",\r\n  \"type\": \"Microsoft.DocumentDB/databaseAccounts\",\r\n  \"kind\": \"GlobalDocumentDB\",\r\n  \"tags\": {},\r\n  \"systemData\": {\r\n    \"createdAt\": \"2022-09-08T23:46:07.5975893Z\"\r\n  },\r\n  \"properties\": {\r\n    \"provisioningState\": \"Succeeded\",\r\n    \"documentEndpoint\": \"https://gremlin-db1050.documents.azure.com:443/\",\r\n    \"gremlinEndpoint\": \"https://gremlin-db1050.gremlin.cosmos.azure.com:443/\",\r\n    \"publicNetworkAccess\": \"Enabled\",\r\n    \"enableAutomaticFailover\": false,\r\n    \"enableMultipleWriteLocations\": false,\r\n    \"enablePartitionKeyMonitor\": false,\r\n    \"isVirtualNetworkFilterEnabled\": false,\r\n    \"virtualNetworkRules\": [],\r\n    \"EnabledApiTypes\": \"Gremlin, Sql\",\r\n    \"disableKeyBasedMetadataWriteAccess\": false,\r\n    \"enableFreeTier\": false,\r\n    \"enableAnalyticalStorage\": false,\r\n    \"analyticalStorageConfiguration\": {\r\n      \"schemaType\": \"WellDefined\"\r\n    },\r\n    \"instanceId\": \"cd6d1d14-9c33-4173-9a3a-ee53ee8c4e1e\",\r\n    \"databaseAccountOfferType\": \"Standard\",\r\n    \"enableMaterializedViews\": false,\r\n    \"defaultIdentity\": \"FirstPartyIdentity\",\r\n    \"networkAclBypass\": \"None\",\r\n    \"disableLocalAuth\": false,\r\n    \"consistencyPolicy\": {\r\n      \"defaultConsistencyLevel\": \"Session\",\r\n      \"maxIntervalInSeconds\": 5,\r\n      \"maxStalenessPrefix\": 100\r\n    },\r\n    \"configurationOverrides\": {},\r\n    \"writeLocations\": [\r\n      {\r\n        \"id\": \"gremlin-db1050-eastus\",\r\n        \"locationName\": \"East US\",\r\n        \"documentEndpoint\": \"https://gremlin-db1050-eastus.documents.azure.com:443/\",\r\n        \"provisioningState\": \"Succeeded\",\r\n        \"failoverPriority\": 0,\r\n        \"isZoneRedundant\": false\r\n      }\r\n    ],\r\n    \"readLocations\": [\r\n      {\r\n        \"id\": \"gremlin-db1050-eastus\",\r\n        \"locationName\": \"East US\",\r\n        \"documentEndpoint\": \"https://gremlin-db1050-eastus.documents.azure.com:443/\",\r\n        \"provisioningState\": \"Succeeded\",\r\n        \"failoverPriority\": 0,\r\n        \"isZoneRedundant\": false\r\n      }\r\n    ],\r\n    \"locations\": [\r\n      {\r\n        \"id\": \"gremlin-db1050-eastus\",\r\n        \"locationName\": \"East US\",\r\n        \"documentEndpoint\": \"https://gremlin-db1050-eastus.documents.azure.com:443/\",\r\n        \"provisioningState\": \"Succeeded\",\r\n        \"failoverPriority\": 0,\r\n        \"isZoneRedundant\": false\r\n      }\r\n    ],\r\n    \"failoverPolicies\": [\r\n      {\r\n        \"id\": \"gremlin-db1050-eastus\",\r\n        \"locationName\": \"East US\",\r\n        \"failoverPriority\": 0\r\n      }\r\n    ],\r\n    \"cors\": [],\r\n    \"capabilities\": [\r\n      {\r\n        \"name\": \"EnableGremlin\"\r\n      }\r\n    ],\r\n    \"ipRules\": [],\r\n    \"backupPolicy\": {\r\n      \"type\": \"Periodic\",\r\n      \"periodicModeProperties\": {\r\n        \"backupIntervalInMinutes\": 240,\r\n        \"backupRetentionIntervalInHours\": 8,\r\n        \"backupStorageRedundancy\": \"Geo\"\r\n      }\r\n    },\r\n    \"networkAclBypassResourceIds\": [],\r\n    \"diagnosticLogSettings\": {\r\n      \"enableFullTextQuery\": \"None\"\r\n    },\r\n    \"keysMetadata\": {\r\n      \"primaryMasterKey\": {\r\n        \"generationTime\": \"2022-09-08T23:46:07.5975893Z\"\r\n      },\r\n      \"secondaryMasterKey\": {\r\n        \"generationTime\": \"2022-09-08T23:46:07.5975893Z\"\r\n      },\r\n      \"primaryReadonlyMasterKey\": {\r\n        \"generationTime\": \"2022-09-08T23:46:07.5975893Z\"\r\n      },\r\n      \"secondaryReadonlyMasterKey\": {\r\n        \"generationTime\": \"2022-09-08T23:46:07.5975893Z\"\r\n      }\r\n    }\r\n  },\r\n  \"identity\": {\r\n    \"type\": \"None\"\r\n  }\r\n}",
      "StatusCode": 200
    },
    {
      "RequestUri": "/subscriptions/dec9ed54-2b7f-4476-9bd0-875544af59df/resourceGroups/CosmosDBResourceGroup50/providers/Microsoft.DocumentDB/databaseAccounts/gremlin-db1050?api-version=2022-05-15-preview",
      "EncodedRequestUri": "L3N1YnNjcmlwdGlvbnMvZGVjOWVkNTQtMmI3Zi00NDc2LTliZDAtODc1NTQ0YWY1OWRmL3Jlc291cmNlR3JvdXBzL0Nvc21vc0RCUmVzb3VyY2VHcm91cDUwL3Byb3ZpZGVycy9NaWNyb3NvZnQuRG9jdW1lbnREQi9kYXRhYmFzZUFjY291bnRzL2dyZW1saW4tZGIxMDUwP2FwaS12ZXJzaW9uPTIwMjItMDUtMTUtcHJldmlldw==",
      "RequestMethod": "PUT",
      "RequestHeaders": {
        "x-ms-client-request-id": [
          "8c1b5ab5-42ee-4076-bed5-cecf805b6ca2"
        ],
        "Accept-Language": [
          "en-US"
        ],
        "User-Agent": [
          "FxVersion/4.700.22.36202",
          "OSName/Windows",
          "OSVersion/Microsoft.Windows.10.0.22000",
          "Microsoft.Azure.Management.CosmosDB.CosmosDBManagementClient/1.8.2"
        ],
        "Content-Type": [
          "application/json; charset=utf-8"
        ],
        "Content-Length": [
          "673"
        ]
      },
      "RequestBody": "{\r\n  \"properties\": {\r\n    \"consistencyPolicy\": {\r\n      \"defaultConsistencyLevel\": \"Session\"\r\n    },\r\n    \"locations\": [\r\n      {\r\n        \"locationName\": \"East Us\",\r\n        \"failoverPriority\": 0,\r\n        \"isZoneRedundant\": false\r\n      }\r\n    ],\r\n    \"isVirtualNetworkFilterEnabled\": false,\r\n    \"enableAutomaticFailover\": false,\r\n    \"capabilities\": [\r\n      {\r\n        \"name\": \"EnableGremlin\"\r\n      }\r\n    ],\r\n    \"virtualNetworkRules\": [],\r\n    \"enableMultipleWriteLocations\": false,\r\n    \"disableKeyBasedMetadataWriteAccess\": false,\r\n    \"networkAclBypassResourceIds\": [],\r\n    \"databaseAccountOfferType\": \"Standard\"\r\n  },\r\n  \"location\": \"East Us\",\r\n  \"tags\": {}\r\n}",
      "ResponseHeaders": {
        "Cache-Control": [
          "no-store, no-cache"
        ],
        "Pragma": [
          "no-cache"
        ],
        "Location": [
          "https://management.azure.com/subscriptions/dec9ed54-2b7f-4476-9bd0-875544af59df/resourceGroups/CosmosDBResourceGroup50/providers/Microsoft.DocumentDB/databaseAccounts/gremlin-db1050/operationResults/27b08c5a-2640-44f7-90a3-192460819cd7?api-version=2022-05-15-preview"
        ],
        "x-ms-request-id": [
          "27b08c5a-2640-44f7-90a3-192460819cd7"
        ],
        "Azure-AsyncOperation": [
          "https://management.azure.com/subscriptions/dec9ed54-2b7f-4476-9bd0-875544af59df/providers/Microsoft.DocumentDB/locations/eastus/operationsStatus/27b08c5a-2640-44f7-90a3-192460819cd7?api-version=2022-05-15-preview"
        ],
        "Strict-Transport-Security": [
          "max-age=31536000; includeSubDomains"
        ],
        "x-ms-gatewayversion": [
          "version=2.14.0"
        ],
        "Server": [
          "Microsoft-HTTPAPI/2.0"
        ],
        "x-ms-ratelimit-remaining-subscription-writes": [
          "1191"
        ],
        "x-ms-correlation-request-id": [
          "540bbc7b-3979-4c02-925e-619f8fae308a"
        ],
        "x-ms-routing-request-id": [
          "BRAZILUS:20220908T234337Z:540bbc7b-3979-4c02-925e-619f8fae308a"
        ],
        "X-Content-Type-Options": [
          "nosniff"
        ],
        "Date": [
          "Thu, 08 Sep 2022 23:43:37 GMT"
        ],
        "Content-Length": [
          "2316"
        ],
        "Content-Type": [
          "application/json"
        ]
      },
      "ResponseBody": "{\r\n  \"id\": \"/subscriptions/dec9ed54-2b7f-4476-9bd0-875544af59df/resourceGroups/CosmosDBResourceGroup50/providers/Microsoft.DocumentDB/databaseAccounts/gremlin-db1050\",\r\n  \"name\": \"gremlin-db1050\",\r\n  \"location\": \"East US\",\r\n  \"type\": \"Microsoft.DocumentDB/databaseAccounts\",\r\n  \"kind\": \"GlobalDocumentDB\",\r\n  \"tags\": {},\r\n  \"systemData\": {\r\n    \"createdAt\": \"2022-09-08T23:43:36.2855361Z\"\r\n  },\r\n  \"properties\": {\r\n    \"provisioningState\": \"Creating\",\r\n    \"publicNetworkAccess\": \"Enabled\",\r\n    \"enableAutomaticFailover\": false,\r\n    \"enableMultipleWriteLocations\": false,\r\n    \"enablePartitionKeyMonitor\": false,\r\n    \"isVirtualNetworkFilterEnabled\": false,\r\n    \"virtualNetworkRules\": [],\r\n    \"EnabledApiTypes\": \"Gremlin, Sql\",\r\n    \"disableKeyBasedMetadataWriteAccess\": false,\r\n    \"enableFreeTier\": false,\r\n    \"enableAnalyticalStorage\": false,\r\n    \"analyticalStorageConfiguration\": {\r\n      \"schemaType\": \"WellDefined\"\r\n    },\r\n    \"instanceId\": \"cd6d1d14-9c33-4173-9a3a-ee53ee8c4e1e\",\r\n    \"databaseAccountOfferType\": \"Standard\",\r\n    \"enableMaterializedViews\": false,\r\n    \"defaultIdentity\": \"\",\r\n    \"networkAclBypass\": \"None\",\r\n    \"disableLocalAuth\": false,\r\n    \"consistencyPolicy\": {\r\n      \"defaultConsistencyLevel\": \"Session\",\r\n      \"maxIntervalInSeconds\": 5,\r\n      \"maxStalenessPrefix\": 100\r\n    },\r\n    \"configurationOverrides\": {},\r\n    \"writeLocations\": [\r\n      {\r\n        \"id\": \"gremlin-db1050-eastus\",\r\n        \"locationName\": \"East US\",\r\n        \"provisioningState\": \"Creating\",\r\n        \"failoverPriority\": 0,\r\n        \"isZoneRedundant\": false\r\n      }\r\n    ],\r\n    \"readLocations\": [\r\n      {\r\n        \"id\": \"gremlin-db1050-eastus\",\r\n        \"locationName\": \"East US\",\r\n        \"provisioningState\": \"Creating\",\r\n        \"failoverPriority\": 0,\r\n        \"isZoneRedundant\": false\r\n      }\r\n    ],\r\n    \"locations\": [\r\n      {\r\n        \"id\": \"gremlin-db1050-eastus\",\r\n        \"locationName\": \"East US\",\r\n        \"provisioningState\": \"Creating\",\r\n        \"failoverPriority\": 0,\r\n        \"isZoneRedundant\": false\r\n      }\r\n    ],\r\n    \"failoverPolicies\": [\r\n      {\r\n        \"id\": \"gremlin-db1050-eastus\",\r\n        \"locationName\": \"East US\",\r\n        \"failoverPriority\": 0\r\n      }\r\n    ],\r\n    \"cors\": [],\r\n    \"capabilities\": [\r\n      {\r\n        \"name\": \"EnableGremlin\"\r\n      }\r\n    ],\r\n    \"ipRules\": [],\r\n    \"backupPolicy\": {\r\n      \"type\": \"Periodic\",\r\n      \"periodicModeProperties\": {\r\n        \"backupIntervalInMinutes\": 240,\r\n        \"backupRetentionIntervalInHours\": 8,\r\n        \"backupStorageRedundancy\": \"Invalid\"\r\n      }\r\n    },\r\n    \"networkAclBypassResourceIds\": [],\r\n    \"diagnosticLogSettings\": {\r\n      \"enableFullTextQuery\": \"None\"\r\n    },\r\n    \"keysMetadata\": {\r\n      \"primaryMasterKey\": {\r\n        \"generationTime\": \"2022-09-08T23:43:36.2855361Z\"\r\n      },\r\n      \"secondaryMasterKey\": {\r\n        \"generationTime\": \"2022-09-08T23:43:36.2855361Z\"\r\n      },\r\n      \"primaryReadonlyMasterKey\": {\r\n        \"generationTime\": \"2022-09-08T23:43:36.2855361Z\"\r\n      },\r\n      \"secondaryReadonlyMasterKey\": {\r\n        \"generationTime\": \"2022-09-08T23:43:36.2855361Z\"\r\n      }\r\n    }\r\n  },\r\n  \"identity\": {\r\n    \"type\": \"None\"\r\n  }\r\n}",
      "StatusCode": 200
    },
    {
      "RequestUri": "/subscriptions/dec9ed54-2b7f-4476-9bd0-875544af59df/providers/Microsoft.DocumentDB/locations/eastus/operationsStatus/27b08c5a-2640-44f7-90a3-192460819cd7?api-version=2022-05-15-preview",
      "EncodedRequestUri": "L3N1YnNjcmlwdGlvbnMvZGVjOWVkNTQtMmI3Zi00NDc2LTliZDAtODc1NTQ0YWY1OWRmL3Byb3ZpZGVycy9NaWNyb3NvZnQuRG9jdW1lbnREQi9sb2NhdGlvbnMvZWFzdHVzL29wZXJhdGlvbnNTdGF0dXMvMjdiMDhjNWEtMjY0MC00NGY3LTkwYTMtMTkyNDYwODE5Y2Q3P2FwaS12ZXJzaW9uPTIwMjItMDUtMTUtcHJldmlldw==",
      "RequestMethod": "GET",
      "RequestHeaders": {
        "x-ms-client-request-id": [
          "8c1b5ab5-42ee-4076-bed5-cecf805b6ca2"
        ],
        "User-Agent": [
          "FxVersion/4.700.22.36202",
          "OSName/Windows",
          "OSVersion/Microsoft.Windows.10.0.22000",
          "Microsoft.Azure.Management.CosmosDB.CosmosDBManagementClient/1.8.2"
        ]
      },
      "RequestBody": "",
      "ResponseHeaders": {
        "Cache-Control": [
          "no-store, no-cache"
        ],
        "Pragma": [
          "no-cache"
        ],
        "Strict-Transport-Security": [
          "max-age=31536000; includeSubDomains"
        ],
        "x-ms-gatewayversion": [
          "version=2.14.0"
        ],
        "Server": [
          "Microsoft-HTTPAPI/2.0"
        ],
        "x-ms-ratelimit-remaining-subscription-reads": [
          "11966"
        ],
        "x-ms-request-id": [
          "c1a9387d-c8c1-45fb-a0c0-e592883b4386"
        ],
        "x-ms-correlation-request-id": [
          "c1a9387d-c8c1-45fb-a0c0-e592883b4386"
        ],
        "x-ms-routing-request-id": [
          "BRAZILUS:20220908T234408Z:c1a9387d-c8c1-45fb-a0c0-e592883b4386"
        ],
        "X-Content-Type-Options": [
          "nosniff"
        ],
        "Date": [
          "Thu, 08 Sep 2022 23:44:08 GMT"
        ],
        "Content-Length": [
          "21"
        ],
        "Content-Type": [
          "application/json"
        ]
      },
      "ResponseBody": "{\r\n  \"status\": \"Dequeued\"\r\n}",
      "StatusCode": 200
    },
    {
      "RequestUri": "/subscriptions/dec9ed54-2b7f-4476-9bd0-875544af59df/providers/Microsoft.DocumentDB/locations/eastus/operationsStatus/27b08c5a-2640-44f7-90a3-192460819cd7?api-version=2022-05-15-preview",
      "EncodedRequestUri": "L3N1YnNjcmlwdGlvbnMvZGVjOWVkNTQtMmI3Zi00NDc2LTliZDAtODc1NTQ0YWY1OWRmL3Byb3ZpZGVycy9NaWNyb3NvZnQuRG9jdW1lbnREQi9sb2NhdGlvbnMvZWFzdHVzL29wZXJhdGlvbnNTdGF0dXMvMjdiMDhjNWEtMjY0MC00NGY3LTkwYTMtMTkyNDYwODE5Y2Q3P2FwaS12ZXJzaW9uPTIwMjItMDUtMTUtcHJldmlldw==",
      "RequestMethod": "GET",
      "RequestHeaders": {
        "x-ms-client-request-id": [
          "8c1b5ab5-42ee-4076-bed5-cecf805b6ca2"
        ],
        "User-Agent": [
          "FxVersion/4.700.22.36202",
          "OSName/Windows",
          "OSVersion/Microsoft.Windows.10.0.22000",
          "Microsoft.Azure.Management.CosmosDB.CosmosDBManagementClient/1.8.2"
        ]
      },
      "RequestBody": "",
      "ResponseHeaders": {
        "Cache-Control": [
          "no-store, no-cache"
        ],
        "Pragma": [
          "no-cache"
        ],
        "Strict-Transport-Security": [
          "max-age=31536000; includeSubDomains"
        ],
        "x-ms-gatewayversion": [
          "version=2.14.0"
        ],
        "Server": [
          "Microsoft-HTTPAPI/2.0"
        ],
        "x-ms-ratelimit-remaining-subscription-reads": [
          "11965"
        ],
        "x-ms-request-id": [
          "87c76430-a6fa-4011-b4c2-69522f97661f"
        ],
        "x-ms-correlation-request-id": [
          "87c76430-a6fa-4011-b4c2-69522f97661f"
        ],
        "x-ms-routing-request-id": [
          "BRAZILUS:20220908T234438Z:87c76430-a6fa-4011-b4c2-69522f97661f"
        ],
        "X-Content-Type-Options": [
          "nosniff"
        ],
        "Date": [
          "Thu, 08 Sep 2022 23:44:38 GMT"
        ],
        "Content-Length": [
          "21"
        ],
        "Content-Type": [
          "application/json"
        ]
      },
      "ResponseBody": "{\r\n  \"status\": \"Dequeued\"\r\n}",
      "StatusCode": 200
    },
    {
      "RequestUri": "/subscriptions/dec9ed54-2b7f-4476-9bd0-875544af59df/providers/Microsoft.DocumentDB/locations/eastus/operationsStatus/27b08c5a-2640-44f7-90a3-192460819cd7?api-version=2022-05-15-preview",
      "EncodedRequestUri": "L3N1YnNjcmlwdGlvbnMvZGVjOWVkNTQtMmI3Zi00NDc2LTliZDAtODc1NTQ0YWY1OWRmL3Byb3ZpZGVycy9NaWNyb3NvZnQuRG9jdW1lbnREQi9sb2NhdGlvbnMvZWFzdHVzL29wZXJhdGlvbnNTdGF0dXMvMjdiMDhjNWEtMjY0MC00NGY3LTkwYTMtMTkyNDYwODE5Y2Q3P2FwaS12ZXJzaW9uPTIwMjItMDUtMTUtcHJldmlldw==",
      "RequestMethod": "GET",
      "RequestHeaders": {
        "x-ms-client-request-id": [
          "8c1b5ab5-42ee-4076-bed5-cecf805b6ca2"
        ],
        "User-Agent": [
          "FxVersion/4.700.22.36202",
          "OSName/Windows",
          "OSVersion/Microsoft.Windows.10.0.22000",
          "Microsoft.Azure.Management.CosmosDB.CosmosDBManagementClient/1.8.2"
        ]
      },
      "RequestBody": "",
      "ResponseHeaders": {
        "Cache-Control": [
          "no-store, no-cache"
        ],
        "Pragma": [
          "no-cache"
        ],
        "Strict-Transport-Security": [
          "max-age=31536000; includeSubDomains"
        ],
        "x-ms-gatewayversion": [
          "version=2.14.0"
        ],
        "Server": [
          "Microsoft-HTTPAPI/2.0"
        ],
        "x-ms-ratelimit-remaining-subscription-reads": [
          "11964"
        ],
        "x-ms-request-id": [
          "e3e5ee96-6544-43a5-a7ec-2b031deca2fa"
        ],
        "x-ms-correlation-request-id": [
          "e3e5ee96-6544-43a5-a7ec-2b031deca2fa"
        ],
        "x-ms-routing-request-id": [
          "BRAZILUS:20220908T234508Z:e3e5ee96-6544-43a5-a7ec-2b031deca2fa"
        ],
        "X-Content-Type-Options": [
          "nosniff"
        ],
        "Date": [
          "Thu, 08 Sep 2022 23:45:08 GMT"
        ],
        "Content-Length": [
          "21"
        ],
        "Content-Type": [
          "application/json"
        ]
      },
      "ResponseBody": "{\r\n  \"status\": \"Dequeued\"\r\n}",
      "StatusCode": 200
    },
    {
      "RequestUri": "/subscriptions/dec9ed54-2b7f-4476-9bd0-875544af59df/providers/Microsoft.DocumentDB/locations/eastus/operationsStatus/27b08c5a-2640-44f7-90a3-192460819cd7?api-version=2022-05-15-preview",
      "EncodedRequestUri": "L3N1YnNjcmlwdGlvbnMvZGVjOWVkNTQtMmI3Zi00NDc2LTliZDAtODc1NTQ0YWY1OWRmL3Byb3ZpZGVycy9NaWNyb3NvZnQuRG9jdW1lbnREQi9sb2NhdGlvbnMvZWFzdHVzL29wZXJhdGlvbnNTdGF0dXMvMjdiMDhjNWEtMjY0MC00NGY3LTkwYTMtMTkyNDYwODE5Y2Q3P2FwaS12ZXJzaW9uPTIwMjItMDUtMTUtcHJldmlldw==",
      "RequestMethod": "GET",
      "RequestHeaders": {
        "x-ms-client-request-id": [
          "8c1b5ab5-42ee-4076-bed5-cecf805b6ca2"
        ],
        "User-Agent": [
          "FxVersion/4.700.22.36202",
          "OSName/Windows",
          "OSVersion/Microsoft.Windows.10.0.22000",
          "Microsoft.Azure.Management.CosmosDB.CosmosDBManagementClient/1.8.2"
        ]
      },
      "RequestBody": "",
      "ResponseHeaders": {
        "Cache-Control": [
          "no-store, no-cache"
        ],
        "Pragma": [
          "no-cache"
        ],
        "Strict-Transport-Security": [
          "max-age=31536000; includeSubDomains"
        ],
        "x-ms-gatewayversion": [
          "version=2.14.0"
        ],
        "Server": [
          "Microsoft-HTTPAPI/2.0"
        ],
        "x-ms-ratelimit-remaining-subscription-reads": [
          "11963"
        ],
        "x-ms-request-id": [
          "4b403e85-74d4-421d-9657-c12ba599a49b"
        ],
        "x-ms-correlation-request-id": [
          "4b403e85-74d4-421d-9657-c12ba599a49b"
        ],
        "x-ms-routing-request-id": [
          "BRAZILUS:20220908T234538Z:4b403e85-74d4-421d-9657-c12ba599a49b"
        ],
        "X-Content-Type-Options": [
          "nosniff"
        ],
        "Date": [
          "Thu, 08 Sep 2022 23:45:38 GMT"
        ],
        "Content-Length": [
          "21"
        ],
        "Content-Type": [
          "application/json"
        ]
      },
      "ResponseBody": "{\r\n  \"status\": \"Dequeued\"\r\n}",
      "StatusCode": 200
    },
    {
      "RequestUri": "/subscriptions/dec9ed54-2b7f-4476-9bd0-875544af59df/providers/Microsoft.DocumentDB/locations/eastus/operationsStatus/27b08c5a-2640-44f7-90a3-192460819cd7?api-version=2022-05-15-preview",
      "EncodedRequestUri": "L3N1YnNjcmlwdGlvbnMvZGVjOWVkNTQtMmI3Zi00NDc2LTliZDAtODc1NTQ0YWY1OWRmL3Byb3ZpZGVycy9NaWNyb3NvZnQuRG9jdW1lbnREQi9sb2NhdGlvbnMvZWFzdHVzL29wZXJhdGlvbnNTdGF0dXMvMjdiMDhjNWEtMjY0MC00NGY3LTkwYTMtMTkyNDYwODE5Y2Q3P2FwaS12ZXJzaW9uPTIwMjItMDUtMTUtcHJldmlldw==",
      "RequestMethod": "GET",
      "RequestHeaders": {
        "x-ms-client-request-id": [
          "8c1b5ab5-42ee-4076-bed5-cecf805b6ca2"
        ],
        "User-Agent": [
          "FxVersion/4.700.22.36202",
          "OSName/Windows",
          "OSVersion/Microsoft.Windows.10.0.22000",
          "Microsoft.Azure.Management.CosmosDB.CosmosDBManagementClient/1.8.2"
        ]
      },
      "RequestBody": "",
      "ResponseHeaders": {
        "Cache-Control": [
          "no-store, no-cache"
        ],
        "Pragma": [
          "no-cache"
        ],
        "Strict-Transport-Security": [
          "max-age=31536000; includeSubDomains"
        ],
        "x-ms-gatewayversion": [
          "version=2.14.0"
        ],
        "Server": [
          "Microsoft-HTTPAPI/2.0"
        ],
        "x-ms-ratelimit-remaining-subscription-reads": [
          "11962"
        ],
        "x-ms-request-id": [
          "4f21e25c-2c31-4cf9-a2b1-67ee4b035920"
        ],
        "x-ms-correlation-request-id": [
          "4f21e25c-2c31-4cf9-a2b1-67ee4b035920"
        ],
        "x-ms-routing-request-id": [
          "BRAZILUS:20220908T234608Z:4f21e25c-2c31-4cf9-a2b1-67ee4b035920"
        ],
        "X-Content-Type-Options": [
          "nosniff"
        ],
        "Date": [
          "Thu, 08 Sep 2022 23:46:08 GMT"
        ],
        "Content-Length": [
          "21"
        ],
        "Content-Type": [
          "application/json"
        ]
      },
      "ResponseBody": "{\r\n  \"status\": \"Dequeued\"\r\n}",
      "StatusCode": 200
    },
    {
      "RequestUri": "/subscriptions/dec9ed54-2b7f-4476-9bd0-875544af59df/providers/Microsoft.DocumentDB/locations/eastus/operationsStatus/27b08c5a-2640-44f7-90a3-192460819cd7?api-version=2022-05-15-preview",
      "EncodedRequestUri": "L3N1YnNjcmlwdGlvbnMvZGVjOWVkNTQtMmI3Zi00NDc2LTliZDAtODc1NTQ0YWY1OWRmL3Byb3ZpZGVycy9NaWNyb3NvZnQuRG9jdW1lbnREQi9sb2NhdGlvbnMvZWFzdHVzL29wZXJhdGlvbnNTdGF0dXMvMjdiMDhjNWEtMjY0MC00NGY3LTkwYTMtMTkyNDYwODE5Y2Q3P2FwaS12ZXJzaW9uPTIwMjItMDUtMTUtcHJldmlldw==",
      "RequestMethod": "GET",
      "RequestHeaders": {
        "x-ms-client-request-id": [
          "8c1b5ab5-42ee-4076-bed5-cecf805b6ca2"
        ],
        "User-Agent": [
          "FxVersion/4.700.22.36202",
          "OSName/Windows",
          "OSVersion/Microsoft.Windows.10.0.22000",
          "Microsoft.Azure.Management.CosmosDB.CosmosDBManagementClient/1.8.2"
        ]
      },
      "RequestBody": "",
      "ResponseHeaders": {
        "Cache-Control": [
          "no-store, no-cache"
        ],
        "Pragma": [
          "no-cache"
        ],
        "Strict-Transport-Security": [
          "max-age=31536000; includeSubDomains"
        ],
        "x-ms-gatewayversion": [
          "version=2.14.0"
        ],
        "Server": [
          "Microsoft-HTTPAPI/2.0"
        ],
        "x-ms-ratelimit-remaining-subscription-reads": [
          "11961"
        ],
        "x-ms-request-id": [
          "944bb48a-51f2-44ae-8f2b-bf4e9a1716a0"
        ],
        "x-ms-correlation-request-id": [
          "944bb48a-51f2-44ae-8f2b-bf4e9a1716a0"
        ],
        "x-ms-routing-request-id": [
          "BRAZILUS:20220908T234638Z:944bb48a-51f2-44ae-8f2b-bf4e9a1716a0"
        ],
        "X-Content-Type-Options": [
          "nosniff"
        ],
        "Date": [
          "Thu, 08 Sep 2022 23:46:38 GMT"
        ],
        "Content-Length": [
          "21"
        ],
        "Content-Type": [
          "application/json"
        ]
      },
      "ResponseBody": "{\r\n  \"status\": \"Dequeued\"\r\n}",
      "StatusCode": 200
    },
    {
      "RequestUri": "/subscriptions/dec9ed54-2b7f-4476-9bd0-875544af59df/providers/Microsoft.DocumentDB/locations/eastus/operationsStatus/27b08c5a-2640-44f7-90a3-192460819cd7?api-version=2022-05-15-preview",
      "EncodedRequestUri": "L3N1YnNjcmlwdGlvbnMvZGVjOWVkNTQtMmI3Zi00NDc2LTliZDAtODc1NTQ0YWY1OWRmL3Byb3ZpZGVycy9NaWNyb3NvZnQuRG9jdW1lbnREQi9sb2NhdGlvbnMvZWFzdHVzL29wZXJhdGlvbnNTdGF0dXMvMjdiMDhjNWEtMjY0MC00NGY3LTkwYTMtMTkyNDYwODE5Y2Q3P2FwaS12ZXJzaW9uPTIwMjItMDUtMTUtcHJldmlldw==",
      "RequestMethod": "GET",
      "RequestHeaders": {
        "x-ms-client-request-id": [
          "8c1b5ab5-42ee-4076-bed5-cecf805b6ca2"
        ],
        "User-Agent": [
          "FxVersion/4.700.22.36202",
          "OSName/Windows",
          "OSVersion/Microsoft.Windows.10.0.22000",
          "Microsoft.Azure.Management.CosmosDB.CosmosDBManagementClient/1.8.2"
        ]
      },
      "RequestBody": "",
      "ResponseHeaders": {
        "Cache-Control": [
          "no-store, no-cache"
        ],
        "Pragma": [
          "no-cache"
        ],
        "Strict-Transport-Security": [
          "max-age=31536000; includeSubDomains"
        ],
        "x-ms-gatewayversion": [
          "version=2.14.0"
        ],
        "Server": [
          "Microsoft-HTTPAPI/2.0"
        ],
        "x-ms-ratelimit-remaining-subscription-reads": [
          "11960"
        ],
        "x-ms-request-id": [
          "449b54f5-a8cc-40e4-8801-5048fcade557"
        ],
        "x-ms-correlation-request-id": [
          "449b54f5-a8cc-40e4-8801-5048fcade557"
        ],
        "x-ms-routing-request-id": [
          "BRAZILUS:20220908T234708Z:449b54f5-a8cc-40e4-8801-5048fcade557"
        ],
        "X-Content-Type-Options": [
          "nosniff"
        ],
        "Date": [
          "Thu, 08 Sep 2022 23:47:08 GMT"
        ],
        "Content-Length": [
          "22"
        ],
        "Content-Type": [
          "application/json"
        ]
      },
      "ResponseBody": "{\r\n  \"status\": \"Succeeded\"\r\n}",
      "StatusCode": 200
    },
    {
      "RequestUri": "/subscriptions/dec9ed54-2b7f-4476-9bd0-875544af59df/resourceGroups/CosmosDBResourceGroup50/providers/Microsoft.DocumentDB/databaseAccounts/gremlin-db1050/gremlinDatabases/dbName?api-version=2022-05-15-preview",
      "EncodedRequestUri": "L3N1YnNjcmlwdGlvbnMvZGVjOWVkNTQtMmI3Zi00NDc2LTliZDAtODc1NTQ0YWY1OWRmL3Jlc291cmNlR3JvdXBzL0Nvc21vc0RCUmVzb3VyY2VHcm91cDUwL3Byb3ZpZGVycy9NaWNyb3NvZnQuRG9jdW1lbnREQi9kYXRhYmFzZUFjY291bnRzL2dyZW1saW4tZGIxMDUwL2dyZW1saW5EYXRhYmFzZXMvZGJOYW1lP2FwaS12ZXJzaW9uPTIwMjItMDUtMTUtcHJldmlldw==",
      "RequestMethod": "GET",
      "RequestHeaders": {
        "x-ms-client-request-id": [
          "3c7216af-d7d0-400a-8a14-aa21985281b7"
        ],
        "Accept-Language": [
          "en-US"
        ],
        "User-Agent": [
          "FxVersion/4.700.22.36202",
          "OSName/Windows",
          "OSVersion/Microsoft.Windows.10.0.22000",
          "Microsoft.Azure.Management.CosmosDB.CosmosDBManagementClient/1.8.2"
        ]
      },
      "RequestBody": "",
      "ResponseHeaders": {
        "Cache-Control": [
          "no-store, no-cache"
        ],
        "Pragma": [
          "no-cache"
        ],
        "Strict-Transport-Security": [
          "max-age=31536000; includeSubDomains"
        ],
        "x-ms-gatewayversion": [
          "version=2.14.0"
        ],
        "Server": [
          "Microsoft-HTTPAPI/2.0"
        ],
        "x-ms-ratelimit-remaining-subscription-reads": [
          "11940"
        ],
        "x-ms-request-id": [
          "3d53ae71-906f-4438-8c65-dd11ca29a321"
        ],
        "x-ms-correlation-request-id": [
          "3d53ae71-906f-4438-8c65-dd11ca29a321"
        ],
        "x-ms-routing-request-id": [
          "BRAZILUS:20220908T234710Z:3d53ae71-906f-4438-8c65-dd11ca29a321"
        ],
        "X-Content-Type-Options": [
          "nosniff"
        ],
        "Date": [
          "Thu, 08 Sep 2022 23:47:09 GMT"
        ],
        "Content-Length": [
          "6516"
        ],
        "Content-Type": [
          "application/json"
        ]
      },
      "ResponseBody": "{\r\n  \"code\": \"NotFound\",\r\n  \"message\": \"Message: {\\\"code\\\":\\\"NotFound\\\",\\\"message\\\":\\\"Message: {\\\\\\\"Errors\\\\\\\":[\\\\\\\"Resource Not Found. Learn more: https:\\\\\\\\/\\\\\\\\/aka.ms\\\\\\\\/cosmosdb-tsg-not-found\\\\\\\"]}\\\\r\\\\nActivityId: 3c7216af-d7d0-400a-8a14-aa21985281b7, Request URI: /apps/870293cc-9400-480c-b9ed-7cd5039ce1fe/services/0e7490d2-6458-4253-9d93-f3b069d363dd/partitions/751ac1cb-aa22-44fb-ac07-358eade93289/replicas/133069869108735551s, RequestStats: \\\\r\\\\nRequestStartTime: 2022-09-08T23:47:10.5337486Z, RequestEndTime: 2022-09-08T23:47:10.5337486Z,  Number of regions attempted:1\\\\r\\\\n{\\\\\\\"systemHistory\\\\\\\":[{\\\\\\\"dateUtc\\\\\\\":\\\\\\\"2022-09-08T23:46:19.8637280Z\\\\\\\",\\\\\\\"cpu\\\\\\\":0.170,\\\\\\\"memory\\\\\\\":631553896.000,\\\\\\\"threadInfo\\\\\\\":{\\\\\\\"isThreadStarving\\\\\\\":\\\\\\\"False\\\\\\\",\\\\\\\"threadWaitIntervalInMs\\\\\\\":0.0202,\\\\\\\"availableThreads\\\\\\\":32762,\\\\\\\"minThreads\\\\\\\":64,\\\\\\\"maxThreads\\\\\\\":32767},\\\\\\\"numberOfOpenTcpConnection\\\\\\\":229},{\\\\\\\"dateUtc\\\\\\\":\\\\\\\"2022-09-08T23:46:29.8737319Z\\\\\\\",\\\\\\\"cpu\\\\\\\":0.364,\\\\\\\"memory\\\\\\\":631207916.000,\\\\\\\"threadInfo\\\\\\\":{\\\\\\\"isThreadStarving\\\\\\\":\\\\\\\"False\\\\\\\",\\\\\\\"threadWaitIntervalInMs\\\\\\\":0.0172,\\\\\\\"availableThreads\\\\\\\":32764,\\\\\\\"minThreads\\\\\\\":64,\\\\\\\"maxThreads\\\\\\\":32767},\\\\\\\"numberOfOpenTcpConnection\\\\\\\":229},{\\\\\\\"dateUtc\\\\\\\":\\\\\\\"2022-09-08T23:46:39.8837522Z\\\\\\\",\\\\\\\"cpu\\\\\\\":0.517,\\\\\\\"memory\\\\\\\":630967248.000,\\\\\\\"threadInfo\\\\\\\":{\\\\\\\"isThreadStarving\\\\\\\":\\\\\\\"False\\\\\\\",\\\\\\\"threadWaitIntervalInMs\\\\\\\":0.0248,\\\\\\\"availableThreads\\\\\\\":32765,\\\\\\\"minThreads\\\\\\\":64,\\\\\\\"maxThreads\\\\\\\":32767},\\\\\\\"numberOfOpenTcpConnection\\\\\\\":229},{\\\\\\\"dateUtc\\\\\\\":\\\\\\\"2022-09-08T23:46:49.8937450Z\\\\\\\",\\\\\\\"cpu\\\\\\\":1.234,\\\\\\\"memory\\\\\\\":630742068.000,\\\\\\\"threadInfo\\\\\\\":{\\\\\\\"isThreadStarving\\\\\\\":\\\\\\\"False\\\\\\\",\\\\\\\"threadWaitIntervalInMs\\\\\\\":0.0188,\\\\\\\"availableThreads\\\\\\\":32763,\\\\\\\"minThreads\\\\\\\":64,\\\\\\\"maxThreads\\\\\\\":32767},\\\\\\\"numberOfOpenTcpConnection\\\\\\\":229},{\\\\\\\"dateUtc\\\\\\\":\\\\\\\"2022-09-08T23:46:59.9037464Z\\\\\\\",\\\\\\\"cpu\\\\\\\":0.393,\\\\\\\"memory\\\\\\\":630670160.000,\\\\\\\"threadInfo\\\\\\\":{\\\\\\\"isThreadStarving\\\\\\\":\\\\\\\"False\\\\\\\",\\\\\\\"threadWaitIntervalInMs\\\\\\\":0.0517,\\\\\\\"availableThreads\\\\\\\":32764,\\\\\\\"minThreads\\\\\\\":64,\\\\\\\"maxThreads\\\\\\\":32767},\\\\\\\"numberOfOpenTcpConnection\\\\\\\":229},{\\\\\\\"dateUtc\\\\\\\":\\\\\\\"2022-09-08T23:47:09.9137497Z\\\\\\\",\\\\\\\"cpu\\\\\\\":0.229,\\\\\\\"memory\\\\\\\":630667460.000,\\\\\\\"threadInfo\\\\\\\":{\\\\\\\"isThreadStarving\\\\\\\":\\\\\\\"False\\\\\\\",\\\\\\\"threadWaitIntervalInMs\\\\\\\":0.0252,\\\\\\\"availableThreads\\\\\\\":32764,\\\\\\\"minThreads\\\\\\\":64,\\\\\\\"maxThreads\\\\\\\":32767},\\\\\\\"numberOfOpenTcpConnection\\\\\\\":227}]}\\\\r\\\\nRequestStart: 2022-09-08T23:47:10.5337486Z; ResponseTime: 2022-09-08T23:47:10.5337486Z; StoreResult: StorePhysicalAddress: rntbd://10.0.1.8:11000/apps/870293cc-9400-480c-b9ed-7cd5039ce1fe/services/0e7490d2-6458-4253-9d93-f3b069d363dd/partitions/751ac1cb-aa22-44fb-ac07-358eade93289/replicas/133069869108735551s, LSN: 7, GlobalCommittedLsn: 7, PartitionKeyRangeId: , IsValid: True, StatusCode: 404, SubStatusCode: 0, RequestCharge: 1, ItemLSN: -1, SessionToken: -1#7, UsingLocalLSN: False, TransportException: null, BELatencyMs: 0.703, ActivityId: 3c7216af-d7d0-400a-8a14-aa21985281b7, RetryAfterInMs: , TransportRequestTimeline: {\\\\\\\"requestTimeline\\\\\\\":[{\\\\\\\"event\\\\\\\": \\\\\\\"Created\\\\\\\", \\\\\\\"startTimeUtc\\\\\\\": \\\\\\\"2022-09-08T23:47:10.5337486Z\\\\\\\", \\\\\\\"durationInMs\\\\\\\": 0.0088},{\\\\\\\"event\\\\\\\": \\\\\\\"ChannelAcquisitionStarted\\\\\\\", \\\\\\\"startTimeUtc\\\\\\\": \\\\\\\"2022-09-08T23:47:10.5337574Z\\\\\\\", \\\\\\\"durationInMs\\\\\\\": 0.0104},{\\\\\\\"event\\\\\\\": \\\\\\\"Pipelined\\\\\\\", \\\\\\\"startTimeUtc\\\\\\\": \\\\\\\"2022-09-08T23:47:10.5337678Z\\\\\\\", \\\\\\\"durationInMs\\\\\\\": 0.0991},{\\\\\\\"event\\\\\\\": \\\\\\\"Transit Time\\\\\\\", \\\\\\\"startTimeUtc\\\\\\\": \\\\\\\"2022-09-08T23:47:10.5338669Z\\\\\\\", \\\\\\\"durationInMs\\\\\\\": 1.0281},{\\\\\\\"event\\\\\\\": \\\\\\\"Received\\\\\\\", \\\\\\\"startTimeUtc\\\\\\\": \\\\\\\"2022-09-08T23:47:10.5348950Z\\\\\\\", \\\\\\\"durationInMs\\\\\\\": 0.0813},{\\\\\\\"event\\\\\\\": \\\\\\\"Completed\\\\\\\", \\\\\\\"startTimeUtc\\\\\\\": \\\\\\\"2022-09-08T23:47:10.5349763Z\\\\\\\", \\\\\\\"durationInMs\\\\\\\": 0}],\\\\\\\"serviceEndpointStats\\\\\\\":{\\\\\\\"inflightRequests\\\\\\\":1,\\\\\\\"openConnections\\\\\\\":1},\\\\\\\"connectionStats\\\\\\\":{\\\\\\\"waitforConnectionInit\\\\\\\":\\\\\\\"False\\\\\\\",\\\\\\\"callsPendingReceive\\\\\\\":0,\\\\\\\"lastSendAttempt\\\\\\\":\\\\\\\"2022-09-08T23:47:04.8837467Z\\\\\\\",\\\\\\\"lastSend\\\\\\\":\\\\\\\"2022-09-08T23:47:04.8837467Z\\\\\\\",\\\\\\\"lastReceive\\\\\\\":\\\\\\\"2022-09-08T23:47:04.8937499Z\\\\\\\"},\\\\\\\"requestSizeInBytes\\\\\\\":459,\\\\\\\"responseMetadataSizeInBytes\\\\\\\":134,\\\\\\\"responseBodySizeInBytes\\\\\\\":87};\\\\r\\\\n ResourceType: Database, OperationType: Read\\\\r\\\\nRequestStart: 2022-09-08T23:47:10.5337486Z; ResponseTime: 2022-09-08T23:47:10.5337486Z; StoreResult: StorePhysicalAddress: rntbd://10.0.1.9:11000/apps/870293cc-9400-480c-b9ed-7cd5039ce1fe/services/0e7490d2-6458-4253-9d93-f3b069d363dd/partitions/751ac1cb-aa22-44fb-ac07-358eade93289/replicas/133069869108735550s, LSN: 7, GlobalCommittedLsn: 7, PartitionKeyRangeId: , IsValid: True, StatusCode: 404, SubStatusCode: 0, RequestCharge: 1, ItemLSN: -1, SessionToken: -1#7, UsingLocalLSN: False, TransportException: null, BELatencyMs: 0.677, ActivityId: 3c7216af-d7d0-400a-8a14-aa21985281b7, RetryAfterInMs: , TransportRequestTimeline: {\\\\\\\"requestTimeline\\\\\\\":[{\\\\\\\"event\\\\\\\": \\\\\\\"Created\\\\\\\", \\\\\\\"startTimeUtc\\\\\\\": \\\\\\\"2022-09-08T23:47:10.5337486Z\\\\\\\", \\\\\\\"durationInMs\\\\\\\": 0.0036},{\\\\\\\"event\\\\\\\": \\\\\\\"ChannelAcquisitionStarted\\\\\\\", \\\\\\\"startTimeUtc\\\\\\\": \\\\\\\"2022-09-08T23:47:10.5337522Z\\\\\\\", \\\\\\\"durationInMs\\\\\\\": 0.001},{\\\\\\\"event\\\\\\\": \\\\\\\"Pipelined\\\\\\\", \\\\\\\"startTimeUtc\\\\\\\": \\\\\\\"2022-09-08T23:47:10.5337532Z\\\\\\\", \\\\\\\"durationInMs\\\\\\\": 0.0621},{\\\\\\\"event\\\\\\\": \\\\\\\"Transit Time\\\\\\\", \\\\\\\"startTimeUtc\\\\\\\": \\\\\\\"2022-09-08T23:47:10.5338153Z\\\\\\\", \\\\\\\"durationInMs\\\\\\\": 0.9627},{\\\\\\\"event\\\\\\\": \\\\\\\"Received\\\\\\\", \\\\\\\"startTimeUtc\\\\\\\": \\\\\\\"2022-09-08T23:47:10.5347780Z\\\\\\\", \\\\\\\"durationInMs\\\\\\\": 0.0705},{\\\\\\\"event\\\\\\\": \\\\\\\"Completed\\\\\\\", \\\\\\\"startTimeUtc\\\\\\\": \\\\\\\"2022-09-08T23:47:10.5348485Z\\\\\\\", \\\\\\\"durationInMs\\\\\\\": 0}],\\\\\\\"serviceEndpointStats\\\\\\\":{\\\\\\\"inflightRequests\\\\\\\":1,\\\\\\\"openConnections\\\\\\\":1},\\\\\\\"connectionStats\\\\\\\":{\\\\\\\"waitforConnectionInit\\\\\\\":\\\\\\\"False\\\\\\\",\\\\\\\"callsPendingReceive\\\\\\\":0,\\\\\\\"lastSendAttempt\\\\\\\":\\\\\\\"2022-09-08T23:47:10.4937504Z\\\\\\\",\\\\\\\"lastSend\\\\\\\":\\\\\\\"2022-09-08T23:47:10.4937504Z\\\\\\\",\\\\\\\"lastReceive\\\\\\\":\\\\\\\"2022-09-08T23:47:10.4937504Z\\\\\\\"},\\\\\\\"requestSizeInBytes\\\\\\\":459,\\\\\\\"responseMetadataSizeInBytes\\\\\\\":134,\\\\\\\"responseBodySizeInBytes\\\\\\\":87};\\\\r\\\\n ResourceType: Database, OperationType: Read\\\\r\\\\n, SDK: Microsoft.Azure.Documents.Common/2.14.0\\\"}, Request URI: /dbs/dbName, RequestStats: , SDK: Microsoft.Azure.Documents.Common/2.14.0\"\r\n}",
      "StatusCode": 404
    },
    {
      "RequestUri": "/subscriptions/dec9ed54-2b7f-4476-9bd0-875544af59df/resourceGroups/CosmosDBResourceGroup50/providers/Microsoft.DocumentDB/databaseAccounts/gremlin-db1050/gremlinDatabases/dbName?api-version=2022-05-15-preview",
      "EncodedRequestUri": "L3N1YnNjcmlwdGlvbnMvZGVjOWVkNTQtMmI3Zi00NDc2LTliZDAtODc1NTQ0YWY1OWRmL3Jlc291cmNlR3JvdXBzL0Nvc21vc0RCUmVzb3VyY2VHcm91cDUwL3Byb3ZpZGVycy9NaWNyb3NvZnQuRG9jdW1lbnREQi9kYXRhYmFzZUFjY291bnRzL2dyZW1saW4tZGIxMDUwL2dyZW1saW5EYXRhYmFzZXMvZGJOYW1lP2FwaS12ZXJzaW9uPTIwMjItMDUtMTUtcHJldmlldw==",
      "RequestMethod": "GET",
      "RequestHeaders": {
        "x-ms-client-request-id": [
          "3c7216af-d7d0-400a-8a14-aa21985281b7"
        ],
        "User-Agent": [
          "FxVersion/4.700.22.36202",
          "OSName/Windows",
          "OSVersion/Microsoft.Windows.10.0.22000",
          "Microsoft.Azure.Management.CosmosDB.CosmosDBManagementClient/1.8.2"
        ]
      },
      "RequestBody": "",
      "ResponseHeaders": {
        "Cache-Control": [
          "no-store, no-cache"
        ],
        "Pragma": [
          "no-cache"
        ],
        "Strict-Transport-Security": [
          "max-age=31536000; includeSubDomains"
        ],
        "x-ms-gatewayversion": [
          "version=2.14.0"
        ],
        "Server": [
          "Microsoft-HTTPAPI/2.0"
        ],
        "x-ms-ratelimit-remaining-subscription-reads": [
          "11938"
        ],
        "x-ms-request-id": [
          "d3b26786-87b8-4698-9ecf-dce39a6691c3"
        ],
        "x-ms-correlation-request-id": [
          "d3b26786-87b8-4698-9ecf-dce39a6691c3"
        ],
        "x-ms-routing-request-id": [
          "BRAZILUS:20220908T234741Z:d3b26786-87b8-4698-9ecf-dce39a6691c3"
        ],
        "X-Content-Type-Options": [
          "nosniff"
        ],
        "Date": [
          "Thu, 08 Sep 2022 23:47:41 GMT"
        ],
        "Content-Length": [
          "454"
        ],
        "Content-Type": [
          "application/json"
        ]
      },
      "ResponseBody": "{\r\n  \"id\": \"/subscriptions/dec9ed54-2b7f-4476-9bd0-875544af59df/resourceGroups/CosmosDBResourceGroup50/providers/Microsoft.DocumentDB/databaseAccounts/gremlin-db1050/gremlinDatabases/dbName\",\r\n  \"type\": \"Microsoft.DocumentDB/databaseAccounts/gremlinDatabases\",\r\n  \"name\": \"dbName\",\r\n  \"properties\": {\r\n    \"resource\": {\r\n      \"id\": \"dbName\",\r\n      \"_rid\": \"M3tvAA==\",\r\n      \"_self\": \"dbs/M3tvAA==/\",\r\n      \"_etag\": \"\\\"0000050c-0000-0100-0000-631a7f030000\\\"\",\r\n      \"_colls\": \"colls/\",\r\n      \"_users\": \"users/\",\r\n      \"_ts\": 1662680835\r\n    }\r\n  }\r\n}",
      "StatusCode": 200
    },
    {
      "RequestUri": "/subscriptions/dec9ed54-2b7f-4476-9bd0-875544af59df/resourceGroups/CosmosDBResourceGroup50/providers/Microsoft.DocumentDB/databaseAccounts/gremlin-db1050/gremlinDatabases/dbName?api-version=2022-05-15-preview",
      "EncodedRequestUri": "L3N1YnNjcmlwdGlvbnMvZGVjOWVkNTQtMmI3Zi00NDc2LTliZDAtODc1NTQ0YWY1OWRmL3Jlc291cmNlR3JvdXBzL0Nvc21vc0RCUmVzb3VyY2VHcm91cDUwL3Byb3ZpZGVycy9NaWNyb3NvZnQuRG9jdW1lbnREQi9kYXRhYmFzZUFjY291bnRzL2dyZW1saW4tZGIxMDUwL2dyZW1saW5EYXRhYmFzZXMvZGJOYW1lP2FwaS12ZXJzaW9uPTIwMjItMDUtMTUtcHJldmlldw==",
      "RequestMethod": "GET",
      "RequestHeaders": {
        "x-ms-client-request-id": [
          "abe77ba6-e7b9-4ccb-b966-2aa2489c3fc0"
        ],
        "Accept-Language": [
          "en-US"
        ],
        "User-Agent": [
          "FxVersion/4.700.22.36202",
          "OSName/Windows",
          "OSVersion/Microsoft.Windows.10.0.22000",
          "Microsoft.Azure.Management.CosmosDB.CosmosDBManagementClient/1.8.2"
        ]
      },
      "RequestBody": "",
      "ResponseHeaders": {
        "Cache-Control": [
          "no-store, no-cache"
        ],
        "Pragma": [
          "no-cache"
        ],
        "Strict-Transport-Security": [
          "max-age=31536000; includeSubDomains"
        ],
        "x-ms-gatewayversion": [
          "version=2.14.0"
        ],
        "Server": [
          "Microsoft-HTTPAPI/2.0"
        ],
        "x-ms-ratelimit-remaining-subscription-reads": [
          "11927"
        ],
        "x-ms-request-id": [
          "c2675a83-c8e2-492b-bb01-6d02ca9be8aa"
        ],
        "x-ms-correlation-request-id": [
          "c2675a83-c8e2-492b-bb01-6d02ca9be8aa"
        ],
        "x-ms-routing-request-id": [
          "BRAZILUS:20220908T234743Z:c2675a83-c8e2-492b-bb01-6d02ca9be8aa"
        ],
        "X-Content-Type-Options": [
          "nosniff"
        ],
        "Date": [
          "Thu, 08 Sep 2022 23:47:43 GMT"
        ],
        "Content-Length": [
          "454"
        ],
        "Content-Type": [
          "application/json"
        ]
      },
      "ResponseBody": "{\r\n  \"id\": \"/subscriptions/dec9ed54-2b7f-4476-9bd0-875544af59df/resourceGroups/CosmosDBResourceGroup50/providers/Microsoft.DocumentDB/databaseAccounts/gremlin-db1050/gremlinDatabases/dbName\",\r\n  \"type\": \"Microsoft.DocumentDB/databaseAccounts/gremlinDatabases\",\r\n  \"name\": \"dbName\",\r\n  \"properties\": {\r\n    \"resource\": {\r\n      \"id\": \"dbName\",\r\n      \"_rid\": \"M3tvAA==\",\r\n      \"_self\": \"dbs/M3tvAA==/\",\r\n      \"_etag\": \"\\\"0000050c-0000-0100-0000-631a7f030000\\\"\",\r\n      \"_colls\": \"colls/\",\r\n      \"_users\": \"users/\",\r\n      \"_ts\": 1662680835\r\n    }\r\n  }\r\n}",
      "StatusCode": 200
    },
    {
      "RequestUri": "/subscriptions/dec9ed54-2b7f-4476-9bd0-875544af59df/resourceGroups/CosmosDBResourceGroup50/providers/Microsoft.DocumentDB/databaseAccounts/gremlin-db1050/gremlinDatabases/dbName?api-version=2022-05-15-preview",
      "EncodedRequestUri": "L3N1YnNjcmlwdGlvbnMvZGVjOWVkNTQtMmI3Zi00NDc2LTliZDAtODc1NTQ0YWY1OWRmL3Jlc291cmNlR3JvdXBzL0Nvc21vc0RCUmVzb3VyY2VHcm91cDUwL3Byb3ZpZGVycy9NaWNyb3NvZnQuRG9jdW1lbnREQi9kYXRhYmFzZUFjY291bnRzL2dyZW1saW4tZGIxMDUwL2dyZW1saW5EYXRhYmFzZXMvZGJOYW1lP2FwaS12ZXJzaW9uPTIwMjItMDUtMTUtcHJldmlldw==",
      "RequestMethod": "GET",
      "RequestHeaders": {
        "x-ms-client-request-id": [
          "d86b7c1b-9acd-4237-89e1-f68940bd4ebc"
        ],
        "Accept-Language": [
          "en-US"
        ],
        "User-Agent": [
          "FxVersion/4.700.22.36202",
          "OSName/Windows",
          "OSVersion/Microsoft.Windows.10.0.22000",
          "Microsoft.Azure.Management.CosmosDB.CosmosDBManagementClient/1.8.2"
        ]
      },
      "RequestBody": "",
      "ResponseHeaders": {
        "Cache-Control": [
          "no-store, no-cache"
        ],
        "Pragma": [
          "no-cache"
        ],
        "Strict-Transport-Security": [
          "max-age=31536000; includeSubDomains"
        ],
        "x-ms-gatewayversion": [
          "version=2.14.0"
        ],
        "Server": [
          "Microsoft-HTTPAPI/2.0"
        ],
        "x-ms-ratelimit-remaining-subscription-reads": [
          "11924"
        ],
        "x-ms-request-id": [
          "24734831-4979-4460-b176-a6aa932030fe"
        ],
        "x-ms-correlation-request-id": [
          "24734831-4979-4460-b176-a6aa932030fe"
        ],
        "x-ms-routing-request-id": [
          "BRAZILUS:20220908T234851Z:24734831-4979-4460-b176-a6aa932030fe"
        ],
        "X-Content-Type-Options": [
          "nosniff"
        ],
        "Date": [
          "Thu, 08 Sep 2022 23:48:51 GMT"
        ],
        "Content-Length": [
          "454"
        ],
        "Content-Type": [
          "application/json"
        ]
      },
      "ResponseBody": "{\r\n  \"id\": \"/subscriptions/dec9ed54-2b7f-4476-9bd0-875544af59df/resourceGroups/CosmosDBResourceGroup50/providers/Microsoft.DocumentDB/databaseAccounts/gremlin-db1050/gremlinDatabases/dbName\",\r\n  \"type\": \"Microsoft.DocumentDB/databaseAccounts/gremlinDatabases\",\r\n  \"name\": \"dbName\",\r\n  \"properties\": {\r\n    \"resource\": {\r\n      \"id\": \"dbName\",\r\n      \"_rid\": \"M3tvAA==\",\r\n      \"_self\": \"dbs/M3tvAA==/\",\r\n      \"_etag\": \"\\\"0000050c-0000-0100-0000-631a7f030000\\\"\",\r\n      \"_colls\": \"colls/\",\r\n      \"_users\": \"users/\",\r\n      \"_ts\": 1662680835\r\n    }\r\n  }\r\n}",
      "StatusCode": 200
    },
    {
      "RequestUri": "/subscriptions/dec9ed54-2b7f-4476-9bd0-875544af59df/resourceGroups/CosmosDBResourceGroup50/providers/Microsoft.DocumentDB/databaseAccounts/gremlin-db1050/gremlinDatabases/dbName?api-version=2022-05-15-preview",
      "EncodedRequestUri": "L3N1YnNjcmlwdGlvbnMvZGVjOWVkNTQtMmI3Zi00NDc2LTliZDAtODc1NTQ0YWY1OWRmL3Jlc291cmNlR3JvdXBzL0Nvc21vc0RCUmVzb3VyY2VHcm91cDUwL3Byb3ZpZGVycy9NaWNyb3NvZnQuRG9jdW1lbnREQi9kYXRhYmFzZUFjY291bnRzL2dyZW1saW4tZGIxMDUwL2dyZW1saW5EYXRhYmFzZXMvZGJOYW1lP2FwaS12ZXJzaW9uPTIwMjItMDUtMTUtcHJldmlldw==",
      "RequestMethod": "GET",
      "RequestHeaders": {
        "x-ms-client-request-id": [
          "54fb1bee-e6d4-4bc7-80ac-88134d779533"
        ],
        "User-Agent": [
          "FxVersion/4.700.22.36202",
          "OSName/Windows",
          "OSVersion/Microsoft.Windows.10.0.22000",
          "Microsoft.Azure.Management.CosmosDB.CosmosDBManagementClient/1.8.2"
        ]
      },
      "RequestBody": "",
      "ResponseHeaders": {
        "Cache-Control": [
          "no-store, no-cache"
        ],
        "Pragma": [
          "no-cache"
        ],
        "Strict-Transport-Security": [
          "max-age=31536000; includeSubDomains"
        ],
        "x-ms-gatewayversion": [
          "version=2.14.0"
        ],
        "Server": [
          "Microsoft-HTTPAPI/2.0"
        ],
        "x-ms-ratelimit-remaining-subscription-reads": [
          "11960"
        ],
        "x-ms-request-id": [
          "e407133d-139e-4392-b350-5807ec53f66c"
        ],
        "x-ms-correlation-request-id": [
          "e407133d-139e-4392-b350-5807ec53f66c"
        ],
        "x-ms-routing-request-id": [
          "BRAZILUS:20220908T234923Z:e407133d-139e-4392-b350-5807ec53f66c"
        ],
        "X-Content-Type-Options": [
          "nosniff"
        ],
        "Date": [
          "Thu, 08 Sep 2022 23:49:23 GMT"
        ],
        "Content-Length": [
          "454"
        ],
        "Content-Type": [
          "application/json"
        ]
      },
      "ResponseBody": "{\r\n  \"id\": \"/subscriptions/dec9ed54-2b7f-4476-9bd0-875544af59df/resourceGroups/CosmosDBResourceGroup50/providers/Microsoft.DocumentDB/databaseAccounts/gremlin-db1050/gremlinDatabases/dbName\",\r\n  \"type\": \"Microsoft.DocumentDB/databaseAccounts/gremlinDatabases\",\r\n  \"name\": \"dbName\",\r\n  \"properties\": {\r\n    \"resource\": {\r\n      \"id\": \"dbName\",\r\n      \"_rid\": \"M3tvAA==\",\r\n      \"_self\": \"dbs/M3tvAA==/\",\r\n      \"_etag\": \"\\\"0000050c-0000-0100-0000-631a7f030000\\\"\",\r\n      \"_colls\": \"colls/\",\r\n      \"_users\": \"users/\",\r\n      \"_ts\": 1662680835\r\n    }\r\n  }\r\n}",
      "StatusCode": 200
    },
    {
      "RequestUri": "/subscriptions/dec9ed54-2b7f-4476-9bd0-875544af59df/resourceGroups/CosmosDBResourceGroup50/providers/Microsoft.DocumentDB/databaseAccounts/gremlin-db1050/gremlinDatabases/dbName?api-version=2022-05-15-preview",
      "EncodedRequestUri": "L3N1YnNjcmlwdGlvbnMvZGVjOWVkNTQtMmI3Zi00NDc2LTliZDAtODc1NTQ0YWY1OWRmL3Jlc291cmNlR3JvdXBzL0Nvc21vc0RCUmVzb3VyY2VHcm91cDUwL3Byb3ZpZGVycy9NaWNyb3NvZnQuRG9jdW1lbnREQi9kYXRhYmFzZUFjY291bnRzL2dyZW1saW4tZGIxMDUwL2dyZW1saW5EYXRhYmFzZXMvZGJOYW1lP2FwaS12ZXJzaW9uPTIwMjItMDUtMTUtcHJldmlldw==",
      "RequestMethod": "PUT",
      "RequestHeaders": {
        "x-ms-client-request-id": [
          "3c7216af-d7d0-400a-8a14-aa21985281b7"
        ],
        "Accept-Language": [
          "en-US"
        ],
        "User-Agent": [
          "FxVersion/4.700.22.36202",
          "OSName/Windows",
          "OSVersion/Microsoft.Windows.10.0.22000",
          "Microsoft.Azure.Management.CosmosDB.CosmosDBManagementClient/1.8.2"
        ],
        "Content-Type": [
          "application/json; charset=utf-8"
        ],
        "Content-Length": [
          "96"
        ]
      },
      "RequestBody": "{\r\n  \"properties\": {\r\n    \"resource\": {\r\n      \"id\": \"dbName\"\r\n    },\r\n    \"options\": {}\r\n  }\r\n}",
      "ResponseHeaders": {
        "Cache-Control": [
          "no-store, no-cache"
        ],
        "Pragma": [
          "no-cache"
        ],
        "Location": [
          "https://management.azure.com/subscriptions/dec9ed54-2b7f-4476-9bd0-875544af59df/resourceGroups/CosmosDBResourceGroup50/providers/Microsoft.DocumentDB/databaseAccounts/gremlin-db1050/gremlinDatabases/dbName/operationResults/add8b4b2-cf64-4b7e-8197-ea2b11922ae2?api-version=2022-05-15-preview"
        ],
        "Azure-AsyncOperation": [
          "https://management.azure.com/subscriptions/dec9ed54-2b7f-4476-9bd0-875544af59df/providers/Microsoft.DocumentDB/locations/eastus/operationsStatus/add8b4b2-cf64-4b7e-8197-ea2b11922ae2?api-version=2022-05-15-preview"
        ],
        "x-ms-request-id": [
          "add8b4b2-cf64-4b7e-8197-ea2b11922ae2"
        ],
        "Strict-Transport-Security": [
          "max-age=31536000; includeSubDomains"
        ],
        "x-ms-gatewayversion": [
          "version=2.14.0"
        ],
        "Server": [
          "Microsoft-HTTPAPI/2.0"
        ],
        "x-ms-ratelimit-remaining-subscription-writes": [
          "1191"
        ],
        "x-ms-correlation-request-id": [
          "24d1f38e-745f-415a-bc13-31d290c1030b"
        ],
        "x-ms-routing-request-id": [
          "BRAZILUS:20220908T234711Z:24d1f38e-745f-415a-bc13-31d290c1030b"
        ],
        "X-Content-Type-Options": [
          "nosniff"
        ],
        "Date": [
          "Thu, 08 Sep 2022 23:47:10 GMT"
        ],
        "Content-Length": [
          "21"
        ],
        "Content-Type": [
          "application/json"
        ]
      },
      "ResponseBody": "{\r\n  \"status\": \"Enqueued\"\r\n}",
      "StatusCode": 202
    },
    {
      "RequestUri": "/subscriptions/dec9ed54-2b7f-4476-9bd0-875544af59df/resourceGroups/CosmosDBResourceGroup50/providers/Microsoft.DocumentDB/databaseAccounts/gremlin-db1050/gremlinDatabases/dbName?api-version=2022-05-15-preview",
      "EncodedRequestUri": "L3N1YnNjcmlwdGlvbnMvZGVjOWVkNTQtMmI3Zi00NDc2LTliZDAtODc1NTQ0YWY1OWRmL3Jlc291cmNlR3JvdXBzL0Nvc21vc0RCUmVzb3VyY2VHcm91cDUwL3Byb3ZpZGVycy9NaWNyb3NvZnQuRG9jdW1lbnREQi9kYXRhYmFzZUFjY291bnRzL2dyZW1saW4tZGIxMDUwL2dyZW1saW5EYXRhYmFzZXMvZGJOYW1lP2FwaS12ZXJzaW9uPTIwMjItMDUtMTUtcHJldmlldw==",
      "RequestMethod": "PUT",
      "RequestHeaders": {
        "x-ms-client-request-id": [
          "54fb1bee-e6d4-4bc7-80ac-88134d779533"
        ],
        "Accept-Language": [
          "en-US"
        ],
        "User-Agent": [
          "FxVersion/4.700.22.36202",
          "OSName/Windows",
          "OSVersion/Microsoft.Windows.10.0.22000",
          "Microsoft.Azure.Management.CosmosDB.CosmosDBManagementClient/1.8.2"
        ],
        "Content-Type": [
          "application/json; charset=utf-8"
        ],
        "Content-Length": [
          "96"
        ]
      },
      "RequestBody": "{\r\n  \"properties\": {\r\n    \"resource\": {\r\n      \"id\": \"dbName\"\r\n    },\r\n    \"options\": {}\r\n  }\r\n}",
      "ResponseHeaders": {
        "Cache-Control": [
          "no-store, no-cache"
        ],
        "Pragma": [
          "no-cache"
        ],
        "Location": [
          "https://management.azure.com/subscriptions/dec9ed54-2b7f-4476-9bd0-875544af59df/resourceGroups/CosmosDBResourceGroup50/providers/Microsoft.DocumentDB/databaseAccounts/gremlin-db1050/gremlinDatabases/dbName/operationResults/d4b16a08-075e-446b-b9c9-3e808fabd02a?api-version=2022-05-15-preview"
        ],
        "Azure-AsyncOperation": [
          "https://management.azure.com/subscriptions/dec9ed54-2b7f-4476-9bd0-875544af59df/providers/Microsoft.DocumentDB/locations/eastus/operationsStatus/d4b16a08-075e-446b-b9c9-3e808fabd02a?api-version=2022-05-15-preview"
        ],
        "x-ms-request-id": [
          "d4b16a08-075e-446b-b9c9-3e808fabd02a"
        ],
        "Strict-Transport-Security": [
          "max-age=31536000; includeSubDomains"
        ],
        "x-ms-gatewayversion": [
          "version=2.14.0"
        ],
        "Server": [
          "Microsoft-HTTPAPI/2.0"
        ],
        "x-ms-ratelimit-remaining-subscription-writes": [
          "1189"
        ],
        "x-ms-correlation-request-id": [
          "ffdad0e9-620b-45b1-bbbc-c288ff78e786"
        ],
        "x-ms-routing-request-id": [
          "BRAZILUS:20220908T234853Z:ffdad0e9-620b-45b1-bbbc-c288ff78e786"
        ],
        "X-Content-Type-Options": [
          "nosniff"
        ],
        "Date": [
          "Thu, 08 Sep 2022 23:48:53 GMT"
        ],
        "Content-Length": [
          "21"
        ],
        "Content-Type": [
          "application/json"
        ]
      },
      "ResponseBody": "{\r\n  \"status\": \"Enqueued\"\r\n}",
      "StatusCode": 202
    },
    {
      "RequestUri": "/subscriptions/dec9ed54-2b7f-4476-9bd0-875544af59df/providers/Microsoft.DocumentDB/locations/eastus/operationsStatus/add8b4b2-cf64-4b7e-8197-ea2b11922ae2?api-version=2022-05-15-preview",
      "EncodedRequestUri": "L3N1YnNjcmlwdGlvbnMvZGVjOWVkNTQtMmI3Zi00NDc2LTliZDAtODc1NTQ0YWY1OWRmL3Byb3ZpZGVycy9NaWNyb3NvZnQuRG9jdW1lbnREQi9sb2NhdGlvbnMvZWFzdHVzL29wZXJhdGlvbnNTdGF0dXMvYWRkOGI0YjItY2Y2NC00YjdlLTgxOTctZWEyYjExOTIyYWUyP2FwaS12ZXJzaW9uPTIwMjItMDUtMTUtcHJldmlldw==",
      "RequestMethod": "GET",
      "RequestHeaders": {
        "x-ms-client-request-id": [
          "3c7216af-d7d0-400a-8a14-aa21985281b7"
        ],
        "User-Agent": [
          "FxVersion/4.700.22.36202",
          "OSName/Windows",
          "OSVersion/Microsoft.Windows.10.0.22000",
          "Microsoft.Azure.Management.CosmosDB.CosmosDBManagementClient/1.8.2"
        ]
      },
      "RequestBody": "",
      "ResponseHeaders": {
        "Cache-Control": [
          "no-store, no-cache"
        ],
        "Pragma": [
          "no-cache"
        ],
        "Strict-Transport-Security": [
          "max-age=31536000; includeSubDomains"
        ],
        "x-ms-gatewayversion": [
          "version=2.14.0"
        ],
        "Server": [
          "Microsoft-HTTPAPI/2.0"
        ],
        "x-ms-ratelimit-remaining-subscription-reads": [
          "11939"
        ],
        "x-ms-request-id": [
          "0c09cce5-1318-4a5d-bc11-99fce5b5988f"
        ],
        "x-ms-correlation-request-id": [
          "0c09cce5-1318-4a5d-bc11-99fce5b5988f"
        ],
        "x-ms-routing-request-id": [
          "BRAZILUS:20220908T234741Z:0c09cce5-1318-4a5d-bc11-99fce5b5988f"
        ],
        "X-Content-Type-Options": [
          "nosniff"
        ],
        "Date": [
          "Thu, 08 Sep 2022 23:47:41 GMT"
        ],
        "Content-Length": [
          "22"
        ],
        "Content-Type": [
          "application/json"
        ]
      },
      "ResponseBody": "{\r\n  \"status\": \"Succeeded\"\r\n}",
      "StatusCode": 200
    },
    {
      "RequestUri": "/subscriptions/dec9ed54-2b7f-4476-9bd0-875544af59df/resourceGroups/CosmosDBResourceGroup50/providers/Microsoft.DocumentDB/databaseAccounts/gremlin-db1050/gremlinDatabases/dbName/graphs/graph1?api-version=2022-05-15-preview",
      "EncodedRequestUri": "L3N1YnNjcmlwdGlvbnMvZGVjOWVkNTQtMmI3Zi00NDc2LTliZDAtODc1NTQ0YWY1OWRmL3Jlc291cmNlR3JvdXBzL0Nvc21vc0RCUmVzb3VyY2VHcm91cDUwL3Byb3ZpZGVycy9NaWNyb3NvZnQuRG9jdW1lbnREQi9kYXRhYmFzZUFjY291bnRzL2dyZW1saW4tZGIxMDUwL2dyZW1saW5EYXRhYmFzZXMvZGJOYW1lL2dyYXBocy9ncmFwaDE/YXBpLXZlcnNpb249MjAyMi0wNS0xNS1wcmV2aWV3",
      "RequestMethod": "GET",
      "RequestHeaders": {
        "x-ms-client-request-id": [
          "8d3b32c4-7f00-4f80-a9cd-a29c7e8a253b"
        ],
        "Accept-Language": [
          "en-US"
        ],
        "User-Agent": [
          "FxVersion/4.700.22.36202",
          "OSName/Windows",
          "OSVersion/Microsoft.Windows.10.0.22000",
          "Microsoft.Azure.Management.CosmosDB.CosmosDBManagementClient/1.8.2"
        ]
      },
      "RequestBody": "",
      "ResponseHeaders": {
        "Cache-Control": [
          "no-store, no-cache"
        ],
        "Pragma": [
          "no-cache"
        ],
        "Strict-Transport-Security": [
          "max-age=31536000; includeSubDomains"
        ],
        "x-ms-gatewayversion": [
          "version=2.14.0"
        ],
        "Server": [
          "Microsoft-HTTPAPI/2.0"
        ],
        "x-ms-ratelimit-remaining-subscription-reads": [
          "11965"
        ],
        "x-ms-request-id": [
          "6b2b7cba-e91c-42e6-8e64-9382e9ccffbf"
        ],
        "x-ms-correlation-request-id": [
          "6b2b7cba-e91c-42e6-8e64-9382e9ccffbf"
        ],
        "x-ms-routing-request-id": [
          "BRAZILUS:20220908T234744Z:6b2b7cba-e91c-42e6-8e64-9382e9ccffbf"
        ],
        "X-Content-Type-Options": [
          "nosniff"
        ],
        "Date": [
          "Thu, 08 Sep 2022 23:47:44 GMT"
        ],
        "Content-Length": [
          "6533"
        ],
        "Content-Type": [
          "application/json"
        ]
      },
      "ResponseBody": "{\r\n  \"code\": \"NotFound\",\r\n  \"message\": \"Message: {\\\"code\\\":\\\"NotFound\\\",\\\"message\\\":\\\"Message: {\\\\\\\"Errors\\\\\\\":[\\\\\\\"Resource Not Found. Learn more: https:\\\\\\\\/\\\\\\\\/aka.ms\\\\\\\\/cosmosdb-tsg-not-found\\\\\\\"]}\\\\r\\\\nActivityId: 8d3b32c4-7f00-4f80-a9cd-a29c7e8a253b, Request URI: /apps/870293cc-9400-480c-b9ed-7cd5039ce1fe/services/0e7490d2-6458-4253-9d93-f3b069d363dd/partitions/751ac1cb-aa22-44fb-ac07-358eade93289/replicas/133069869108735552s, RequestStats: \\\\r\\\\nRequestStartTime: 2022-09-08T23:47:44.4830978Z, RequestEndTime: 2022-09-08T23:47:44.4830978Z,  Number of regions attempted:1\\\\r\\\\n{\\\\\\\"systemHistory\\\\\\\":[{\\\\\\\"dateUtc\\\\\\\":\\\\\\\"2022-09-08T23:46:44.8833661Z\\\\\\\",\\\\\\\"cpu\\\\\\\":0.535,\\\\\\\"memory\\\\\\\":632431536.000,\\\\\\\"threadInfo\\\\\\\":{\\\\\\\"isThreadStarving\\\\\\\":\\\\\\\"False\\\\\\\",\\\\\\\"threadWaitIntervalInMs\\\\\\\":0.014,\\\\\\\"availableThreads\\\\\\\":32764,\\\\\\\"minThreads\\\\\\\":64,\\\\\\\"maxThreads\\\\\\\":32767},\\\\\\\"numberOfOpenTcpConnection\\\\\\\":259},{\\\\\\\"dateUtc\\\\\\\":\\\\\\\"2022-09-08T23:46:54.8933389Z\\\\\\\",\\\\\\\"cpu\\\\\\\":0.546,\\\\\\\"memory\\\\\\\":632195972.000,\\\\\\\"threadInfo\\\\\\\":{\\\\\\\"isThreadStarving\\\\\\\":\\\\\\\"False\\\\\\\",\\\\\\\"threadWaitIntervalInMs\\\\\\\":0.0166,\\\\\\\"availableThreads\\\\\\\":32762,\\\\\\\"minThreads\\\\\\\":64,\\\\\\\"maxThreads\\\\\\\":32767},\\\\\\\"numberOfOpenTcpConnection\\\\\\\":258},{\\\\\\\"dateUtc\\\\\\\":\\\\\\\"2022-09-08T23:47:04.9032915Z\\\\\\\",\\\\\\\"cpu\\\\\\\":1.820,\\\\\\\"memory\\\\\\\":632129304.000,\\\\\\\"threadInfo\\\\\\\":{\\\\\\\"isThreadStarving\\\\\\\":\\\\\\\"False\\\\\\\",\\\\\\\"threadWaitIntervalInMs\\\\\\\":0.0308,\\\\\\\"availableThreads\\\\\\\":32764,\\\\\\\"minThreads\\\\\\\":64,\\\\\\\"maxThreads\\\\\\\":32767},\\\\\\\"numberOfOpenTcpConnection\\\\\\\":259},{\\\\\\\"dateUtc\\\\\\\":\\\\\\\"2022-09-08T23:47:14.9132506Z\\\\\\\",\\\\\\\"cpu\\\\\\\":0.553,\\\\\\\"memory\\\\\\\":632136452.000,\\\\\\\"threadInfo\\\\\\\":{\\\\\\\"isThreadStarving\\\\\\\":\\\\\\\"False\\\\\\\",\\\\\\\"threadWaitIntervalInMs\\\\\\\":0.0162,\\\\\\\"availableThreads\\\\\\\":32762,\\\\\\\"minThreads\\\\\\\":64,\\\\\\\"maxThreads\\\\\\\":32767},\\\\\\\"numberOfOpenTcpConnection\\\\\\\":259},{\\\\\\\"dateUtc\\\\\\\":\\\\\\\"2022-09-08T23:47:24.9232057Z\\\\\\\",\\\\\\\"cpu\\\\\\\":0.559,\\\\\\\"memory\\\\\\\":632058056.000,\\\\\\\"threadInfo\\\\\\\":{\\\\\\\"isThreadStarving\\\\\\\":\\\\\\\"False\\\\\\\",\\\\\\\"threadWaitIntervalInMs\\\\\\\":0.0189,\\\\\\\"availableThreads\\\\\\\":32764,\\\\\\\"minThreads\\\\\\\":64,\\\\\\\"maxThreads\\\\\\\":32767},\\\\\\\"numberOfOpenTcpConnection\\\\\\\":259},{\\\\\\\"dateUtc\\\\\\\":\\\\\\\"2022-09-08T23:47:34.9331573Z\\\\\\\",\\\\\\\"cpu\\\\\\\":0.425,\\\\\\\"memory\\\\\\\":632089448.000,\\\\\\\"threadInfo\\\\\\\":{\\\\\\\"isThreadStarving\\\\\\\":\\\\\\\"False\\\\\\\",\\\\\\\"threadWaitIntervalInMs\\\\\\\":0.0238,\\\\\\\"availableThreads\\\\\\\":32762,\\\\\\\"minThreads\\\\\\\":64,\\\\\\\"maxThreads\\\\\\\":32767},\\\\\\\"numberOfOpenTcpConnection\\\\\\\":259}]}\\\\r\\\\nRequestStart: 2022-09-08T23:47:44.4830978Z; ResponseTime: 2022-09-08T23:47:44.4830978Z; StoreResult: StorePhysicalAddress: rntbd://10.0.1.5:11000/apps/870293cc-9400-480c-b9ed-7cd5039ce1fe/services/0e7490d2-6458-4253-9d93-f3b069d363dd/partitions/751ac1cb-aa22-44fb-ac07-358eade93289/replicas/133069869108735552s, LSN: 8, GlobalCommittedLsn: 8, PartitionKeyRangeId: , IsValid: True, StatusCode: 404, SubStatusCode: 0, RequestCharge: 1, ItemLSN: -1, SessionToken: -1#8, UsingLocalLSN: False, TransportException: null, BELatencyMs: 0.888, ActivityId: 8d3b32c4-7f00-4f80-a9cd-a29c7e8a253b, RetryAfterInMs: , TransportRequestTimeline: {\\\\\\\"requestTimeline\\\\\\\":[{\\\\\\\"event\\\\\\\": \\\\\\\"Created\\\\\\\", \\\\\\\"startTimeUtc\\\\\\\": \\\\\\\"2022-09-08T23:47:44.4830978Z\\\\\\\", \\\\\\\"durationInMs\\\\\\\": 0.0163},{\\\\\\\"event\\\\\\\": \\\\\\\"ChannelAcquisitionStarted\\\\\\\", \\\\\\\"startTimeUtc\\\\\\\": \\\\\\\"2022-09-08T23:47:44.4831141Z\\\\\\\", \\\\\\\"durationInMs\\\\\\\": 0.0118},{\\\\\\\"event\\\\\\\": \\\\\\\"Pipelined\\\\\\\", \\\\\\\"startTimeUtc\\\\\\\": \\\\\\\"2022-09-08T23:47:44.4831259Z\\\\\\\", \\\\\\\"durationInMs\\\\\\\": 0.1041},{\\\\\\\"event\\\\\\\": \\\\\\\"Transit Time\\\\\\\", \\\\\\\"startTimeUtc\\\\\\\": \\\\\\\"2022-09-08T23:47:44.4832300Z\\\\\\\", \\\\\\\"durationInMs\\\\\\\": 1.1974},{\\\\\\\"event\\\\\\\": \\\\\\\"Received\\\\\\\", \\\\\\\"startTimeUtc\\\\\\\": \\\\\\\"2022-09-08T23:47:44.4844274Z\\\\\\\", \\\\\\\"durationInMs\\\\\\\": 0.0625},{\\\\\\\"event\\\\\\\": \\\\\\\"Completed\\\\\\\", \\\\\\\"startTimeUtc\\\\\\\": \\\\\\\"2022-09-08T23:47:44.4844899Z\\\\\\\", \\\\\\\"durationInMs\\\\\\\": 0}],\\\\\\\"serviceEndpointStats\\\\\\\":{\\\\\\\"inflightRequests\\\\\\\":1,\\\\\\\"openConnections\\\\\\\":1},\\\\\\\"connectionStats\\\\\\\":{\\\\\\\"waitforConnectionInit\\\\\\\":\\\\\\\"False\\\\\\\",\\\\\\\"callsPendingReceive\\\\\\\":0,\\\\\\\"lastSendAttempt\\\\\\\":\\\\\\\"2022-09-08T23:47:43.4731010Z\\\\\\\",\\\\\\\"lastSend\\\\\\\":\\\\\\\"2022-09-08T23:47:43.4731010Z\\\\\\\",\\\\\\\"lastReceive\\\\\\\":\\\\\\\"2022-09-08T23:47:43.4731010Z\\\\\\\"},\\\\\\\"requestSizeInBytes\\\\\\\":480,\\\\\\\"responseMetadataSizeInBytes\\\\\\\":134,\\\\\\\"responseBodySizeInBytes\\\\\\\":87};\\\\r\\\\n ResourceType: Collection, OperationType: Read\\\\r\\\\nRequestStart: 2022-09-08T23:47:44.4830978Z; ResponseTime: 2022-09-08T23:47:44.4830978Z; StoreResult: StorePhysicalAddress: rntbd://10.0.1.8:11000/apps/870293cc-9400-480c-b9ed-7cd5039ce1fe/services/0e7490d2-6458-4253-9d93-f3b069d363dd/partitions/751ac1cb-aa22-44fb-ac07-358eade93289/replicas/133069869108735551s, LSN: 8, GlobalCommittedLsn: 8, PartitionKeyRangeId: , IsValid: True, StatusCode: 404, SubStatusCode: 0, RequestCharge: 1, ItemLSN: -1, SessionToken: -1#8, UsingLocalLSN: False, TransportException: null, BELatencyMs: 0.799, ActivityId: 8d3b32c4-7f00-4f80-a9cd-a29c7e8a253b, RetryAfterInMs: , TransportRequestTimeline: {\\\\\\\"requestTimeline\\\\\\\":[{\\\\\\\"event\\\\\\\": \\\\\\\"Created\\\\\\\", \\\\\\\"startTimeUtc\\\\\\\": \\\\\\\"2022-09-08T23:47:44.4830978Z\\\\\\\", \\\\\\\"durationInMs\\\\\\\": 0.0051},{\\\\\\\"event\\\\\\\": \\\\\\\"ChannelAcquisitionStarted\\\\\\\", \\\\\\\"startTimeUtc\\\\\\\": \\\\\\\"2022-09-08T23:47:44.4831029Z\\\\\\\", \\\\\\\"durationInMs\\\\\\\": 0.0015},{\\\\\\\"event\\\\\\\": \\\\\\\"Pipelined\\\\\\\", \\\\\\\"startTimeUtc\\\\\\\": \\\\\\\"2022-09-08T23:47:44.4831044Z\\\\\\\", \\\\\\\"durationInMs\\\\\\\": 0.0722},{\\\\\\\"event\\\\\\\": \\\\\\\"Transit Time\\\\\\\", \\\\\\\"startTimeUtc\\\\\\\": \\\\\\\"2022-09-08T23:47:44.4831766Z\\\\\\\", \\\\\\\"durationInMs\\\\\\\": 1.0531},{\\\\\\\"event\\\\\\\": \\\\\\\"Received\\\\\\\", \\\\\\\"startTimeUtc\\\\\\\": \\\\\\\"2022-09-08T23:47:44.4842297Z\\\\\\\", \\\\\\\"durationInMs\\\\\\\": 0.0887},{\\\\\\\"event\\\\\\\": \\\\\\\"Completed\\\\\\\", \\\\\\\"startTimeUtc\\\\\\\": \\\\\\\"2022-09-08T23:47:44.4843184Z\\\\\\\", \\\\\\\"durationInMs\\\\\\\": 0}],\\\\\\\"serviceEndpointStats\\\\\\\":{\\\\\\\"inflightRequests\\\\\\\":1,\\\\\\\"openConnections\\\\\\\":1},\\\\\\\"connectionStats\\\\\\\":{\\\\\\\"waitforConnectionInit\\\\\\\":\\\\\\\"False\\\\\\\",\\\\\\\"callsPendingReceive\\\\\\\":0,\\\\\\\"lastSendAttempt\\\\\\\":\\\\\\\"2022-09-08T23:47:43.9931000Z\\\\\\\",\\\\\\\"lastSend\\\\\\\":\\\\\\\"2022-09-08T23:47:43.9931000Z\\\\\\\",\\\\\\\"lastReceive\\\\\\\":\\\\\\\"2022-09-08T23:47:43.9931000Z\\\\\\\"},\\\\\\\"requestSizeInBytes\\\\\\\":480,\\\\\\\"responseMetadataSizeInBytes\\\\\\\":134,\\\\\\\"responseBodySizeInBytes\\\\\\\":87};\\\\r\\\\n ResourceType: Collection, OperationType: Read\\\\r\\\\n, SDK: Microsoft.Azure.Documents.Common/2.14.0\\\"}, Request URI: /dbs/dbName/colls/graph1, RequestStats: , SDK: Microsoft.Azure.Documents.Common/2.14.0\"\r\n}",
      "StatusCode": 404
    },
    {
      "RequestUri": "/subscriptions/dec9ed54-2b7f-4476-9bd0-875544af59df/resourceGroups/CosmosDBResourceGroup50/providers/Microsoft.DocumentDB/databaseAccounts/gremlin-db1050/gremlinDatabases/dbName/graphs/graph1?api-version=2022-05-15-preview",
      "EncodedRequestUri": "L3N1YnNjcmlwdGlvbnMvZGVjOWVkNTQtMmI3Zi00NDc2LTliZDAtODc1NTQ0YWY1OWRmL3Jlc291cmNlR3JvdXBzL0Nvc21vc0RCUmVzb3VyY2VHcm91cDUwL3Byb3ZpZGVycy9NaWNyb3NvZnQuRG9jdW1lbnREQi9kYXRhYmFzZUFjY291bnRzL2dyZW1saW4tZGIxMDUwL2dyZW1saW5EYXRhYmFzZXMvZGJOYW1lL2dyYXBocy9ncmFwaDE/YXBpLXZlcnNpb249MjAyMi0wNS0xNS1wcmV2aWV3",
      "RequestMethod": "GET",
      "RequestHeaders": {
        "x-ms-client-request-id": [
          "8d3b32c4-7f00-4f80-a9cd-a29c7e8a253b"
        ],
        "User-Agent": [
          "FxVersion/4.700.22.36202",
          "OSName/Windows",
          "OSVersion/Microsoft.Windows.10.0.22000",
          "Microsoft.Azure.Management.CosmosDB.CosmosDBManagementClient/1.8.2"
        ]
      },
      "RequestBody": "",
      "ResponseHeaders": {
        "Cache-Control": [
          "no-store, no-cache"
        ],
        "Pragma": [
          "no-cache"
        ],
        "Strict-Transport-Security": [
          "max-age=31536000; includeSubDomains"
        ],
        "x-ms-gatewayversion": [
          "version=2.14.0"
        ],
        "Server": [
          "Microsoft-HTTPAPI/2.0"
        ],
        "x-ms-ratelimit-remaining-subscription-reads": [
          "11963"
        ],
        "x-ms-request-id": [
          "29ea5652-96b1-433a-b5de-68406e0998a6"
        ],
        "x-ms-correlation-request-id": [
          "29ea5652-96b1-433a-b5de-68406e0998a6"
        ],
        "x-ms-routing-request-id": [
          "BRAZILUS:20220908T234815Z:29ea5652-96b1-433a-b5de-68406e0998a6"
        ],
        "X-Content-Type-Options": [
          "nosniff"
        ],
        "Date": [
          "Thu, 08 Sep 2022 23:48:15 GMT"
        ],
        "Content-Length": [
          "1477"
        ],
        "Content-Type": [
          "application/json"
        ]
      },
      "ResponseBody": "{\r\n  \"id\": \"/subscriptions/dec9ed54-2b7f-4476-9bd0-875544af59df/resourceGroups/CosmosDBResourceGroup50/providers/Microsoft.DocumentDB/databaseAccounts/gremlin-db1050/gremlinDatabases/dbName/graphs/graph1\",\r\n  \"type\": \"Microsoft.DocumentDB/databaseAccounts/gremlinDatabases/graphs\",\r\n  \"name\": \"graph1\",\r\n  \"properties\": {\r\n    \"resource\": {\r\n      \"id\": \"graph1\",\r\n      \"indexingPolicy\": {\r\n        \"indexingMode\": \"consistent\",\r\n        \"automatic\": true,\r\n        \"includedPaths\": [\r\n          {\r\n            \"path\": \"/*\"\r\n          }\r\n        ],\r\n        \"excludedPaths\": [\r\n          {\r\n            \"path\": \"/myPathToNotIndex/*\"\r\n          },\r\n          {\r\n            \"path\": \"/\\\"_etag\\\"/?\"\r\n          }\r\n        ],\r\n        \"spatialIndexes\": [\r\n          {\r\n            \"path\": \"/mySpatialPath/*\",\r\n            \"types\": [\r\n              \"Point\",\r\n              \"LineString\",\r\n              \"Polygon\",\r\n              \"MultiPolygon\"\r\n            ]\r\n          }\r\n        ],\r\n        \"compositeIndexes\": [\r\n          [\r\n            {\r\n              \"path\": \"/abc\",\r\n              \"order\": \"ascending\"\r\n            },\r\n            {\r\n              \"path\": \"/aberc\",\r\n              \"order\": \"descending\"\r\n            }\r\n          ],\r\n          [\r\n            {\r\n              \"path\": \"/aberc\",\r\n              \"order\": \"descending\"\r\n            },\r\n            {\r\n              \"path\": \"/abc\",\r\n              \"order\": \"ascending\"\r\n            }\r\n          ]\r\n        ]\r\n      },\r\n      \"partitionKey\": {\r\n        \"paths\": [\r\n          \"/foo\"\r\n        ],\r\n        \"kind\": \"Hash\"\r\n      },\r\n      \"uniqueKeyPolicy\": {\r\n        \"uniqueKeys\": [\r\n          {\r\n            \"paths\": [\r\n              \"/myUniqueKey3\"\r\n            ]\r\n          },\r\n          {\r\n            \"paths\": [\r\n              \"/myUniqueKey4\"\r\n            ]\r\n          },\r\n          {\r\n            \"paths\": [\r\n              \"/myUniqueKey2\"\r\n            ]\r\n          },\r\n          {\r\n            \"paths\": [\r\n              \"/myUniqueKey1\"\r\n            ]\r\n          }\r\n        ]\r\n      },\r\n      \"conflictResolutionPolicy\": {\r\n        \"mode\": \"LastWriterWins\",\r\n        \"conflictResolutionPath\": \"/_ts\",\r\n        \"conflictResolutionProcedure\": \"\"\r\n      },\r\n      \"geospatialConfig\": {\r\n        \"type\": \"Geography\"\r\n      },\r\n      \"_rid\": \"M3tvALMT3V4=\",\r\n      \"_ts\": 1662680871,\r\n      \"_self\": \"dbs/M3tvAA==/colls/M3tvALMT3V4=/\",\r\n      \"_etag\": \"\\\"0000070c-0000-0100-0000-631a7f270000\\\"\",\r\n      \"_docs\": \"docs/\",\r\n      \"_sprocs\": \"sprocs/\",\r\n      \"_triggers\": \"triggers/\",\r\n      \"_udfs\": \"udfs/\",\r\n      \"_conflicts\": \"conflicts/\",\r\n      \"statistics\": [\r\n        {\r\n          \"id\": \"0\",\r\n          \"sizeInKB\": 0,\r\n          \"documentCount\": 0,\r\n          \"sampledDistinctPartitionKeyCount\": 0,\r\n          \"partitionKeys\": []\r\n        }\r\n      ]\r\n    }\r\n  }\r\n}",
      "StatusCode": 200
    },
    {
      "RequestUri": "/subscriptions/dec9ed54-2b7f-4476-9bd0-875544af59df/resourceGroups/CosmosDBResourceGroup50/providers/Microsoft.DocumentDB/databaseAccounts/gremlin-db1050/gremlinDatabases/dbName/graphs/graph1?api-version=2022-05-15-preview",
      "EncodedRequestUri": "L3N1YnNjcmlwdGlvbnMvZGVjOWVkNTQtMmI3Zi00NDc2LTliZDAtODc1NTQ0YWY1OWRmL3Jlc291cmNlR3JvdXBzL0Nvc21vc0RCUmVzb3VyY2VHcm91cDUwL3Byb3ZpZGVycy9NaWNyb3NvZnQuRG9jdW1lbnREQi9kYXRhYmFzZUFjY291bnRzL2dyZW1saW4tZGIxMDUwL2dyZW1saW5EYXRhYmFzZXMvZGJOYW1lL2dyYXBocy9ncmFwaDE/YXBpLXZlcnNpb249MjAyMi0wNS0xNS1wcmV2aWV3",
      "RequestMethod": "GET",
      "RequestHeaders": {
        "x-ms-client-request-id": [
          "51d4ac02-39d2-425e-a59e-3e07e1cb2aea"
        ],
        "Accept-Language": [
          "en-US"
        ],
        "User-Agent": [
          "FxVersion/4.700.22.36202",
          "OSName/Windows",
          "OSVersion/Microsoft.Windows.10.0.22000",
          "Microsoft.Azure.Management.CosmosDB.CosmosDBManagementClient/1.8.2"
        ]
      },
      "RequestBody": "",
      "ResponseHeaders": {
        "Cache-Control": [
          "no-store, no-cache"
        ],
        "Pragma": [
          "no-cache"
        ],
        "Strict-Transport-Security": [
          "max-age=31536000; includeSubDomains"
        ],
        "x-ms-gatewayversion": [
          "version=2.14.0"
        ],
        "Server": [
          "Microsoft-HTTPAPI/2.0"
        ],
        "x-ms-ratelimit-remaining-subscription-reads": [
          "11937"
        ],
        "x-ms-request-id": [
          "38f68b54-96b4-47f6-aa8f-7dc18d1b0fcb"
        ],
        "x-ms-correlation-request-id": [
          "38f68b54-96b4-47f6-aa8f-7dc18d1b0fcb"
        ],
        "x-ms-routing-request-id": [
          "BRAZILUS:20220908T234816Z:38f68b54-96b4-47f6-aa8f-7dc18d1b0fcb"
        ],
        "X-Content-Type-Options": [
          "nosniff"
        ],
        "Date": [
          "Thu, 08 Sep 2022 23:48:16 GMT"
        ],
        "Content-Length": [
          "1477"
        ],
        "Content-Type": [
          "application/json"
        ]
      },
      "ResponseBody": "{\r\n  \"id\": \"/subscriptions/dec9ed54-2b7f-4476-9bd0-875544af59df/resourceGroups/CosmosDBResourceGroup50/providers/Microsoft.DocumentDB/databaseAccounts/gremlin-db1050/gremlinDatabases/dbName/graphs/graph1\",\r\n  \"type\": \"Microsoft.DocumentDB/databaseAccounts/gremlinDatabases/graphs\",\r\n  \"name\": \"graph1\",\r\n  \"properties\": {\r\n    \"resource\": {\r\n      \"id\": \"graph1\",\r\n      \"indexingPolicy\": {\r\n        \"indexingMode\": \"consistent\",\r\n        \"automatic\": true,\r\n        \"includedPaths\": [\r\n          {\r\n            \"path\": \"/*\"\r\n          }\r\n        ],\r\n        \"excludedPaths\": [\r\n          {\r\n            \"path\": \"/myPathToNotIndex/*\"\r\n          },\r\n          {\r\n            \"path\": \"/\\\"_etag\\\"/?\"\r\n          }\r\n        ],\r\n        \"spatialIndexes\": [\r\n          {\r\n            \"path\": \"/mySpatialPath/*\",\r\n            \"types\": [\r\n              \"Point\",\r\n              \"LineString\",\r\n              \"Polygon\",\r\n              \"MultiPolygon\"\r\n            ]\r\n          }\r\n        ],\r\n        \"compositeIndexes\": [\r\n          [\r\n            {\r\n              \"path\": \"/abc\",\r\n              \"order\": \"ascending\"\r\n            },\r\n            {\r\n              \"path\": \"/aberc\",\r\n              \"order\": \"descending\"\r\n            }\r\n          ],\r\n          [\r\n            {\r\n              \"path\": \"/aberc\",\r\n              \"order\": \"descending\"\r\n            },\r\n            {\r\n              \"path\": \"/abc\",\r\n              \"order\": \"ascending\"\r\n            }\r\n          ]\r\n        ]\r\n      },\r\n      \"partitionKey\": {\r\n        \"paths\": [\r\n          \"/foo\"\r\n        ],\r\n        \"kind\": \"Hash\"\r\n      },\r\n      \"uniqueKeyPolicy\": {\r\n        \"uniqueKeys\": [\r\n          {\r\n            \"paths\": [\r\n              \"/myUniqueKey3\"\r\n            ]\r\n          },\r\n          {\r\n            \"paths\": [\r\n              \"/myUniqueKey4\"\r\n            ]\r\n          },\r\n          {\r\n            \"paths\": [\r\n              \"/myUniqueKey2\"\r\n            ]\r\n          },\r\n          {\r\n            \"paths\": [\r\n              \"/myUniqueKey1\"\r\n            ]\r\n          }\r\n        ]\r\n      },\r\n      \"conflictResolutionPolicy\": {\r\n        \"mode\": \"LastWriterWins\",\r\n        \"conflictResolutionPath\": \"/_ts\",\r\n        \"conflictResolutionProcedure\": \"\"\r\n      },\r\n      \"geospatialConfig\": {\r\n        \"type\": \"Geography\"\r\n      },\r\n      \"_rid\": \"M3tvALMT3V4=\",\r\n      \"_ts\": 1662680871,\r\n      \"_self\": \"dbs/M3tvAA==/colls/M3tvALMT3V4=/\",\r\n      \"_etag\": \"\\\"0000070c-0000-0100-0000-631a7f270000\\\"\",\r\n      \"_docs\": \"docs/\",\r\n      \"_sprocs\": \"sprocs/\",\r\n      \"_triggers\": \"triggers/\",\r\n      \"_udfs\": \"udfs/\",\r\n      \"_conflicts\": \"conflicts/\",\r\n      \"statistics\": [\r\n        {\r\n          \"id\": \"0\",\r\n          \"sizeInKB\": 0,\r\n          \"documentCount\": 0,\r\n          \"sampledDistinctPartitionKeyCount\": 0,\r\n          \"partitionKeys\": []\r\n        }\r\n      ]\r\n    }\r\n  }\r\n}",
      "StatusCode": 200
    },
    {
      "RequestUri": "/subscriptions/dec9ed54-2b7f-4476-9bd0-875544af59df/resourceGroups/CosmosDBResourceGroup50/providers/Microsoft.DocumentDB/databaseAccounts/gremlin-db1050/gremlinDatabases/dbName/graphs/graph1?api-version=2022-05-15-preview",
      "EncodedRequestUri": "L3N1YnNjcmlwdGlvbnMvZGVjOWVkNTQtMmI3Zi00NDc2LTliZDAtODc1NTQ0YWY1OWRmL3Jlc291cmNlR3JvdXBzL0Nvc21vc0RCUmVzb3VyY2VHcm91cDUwL3Byb3ZpZGVycy9NaWNyb3NvZnQuRG9jdW1lbnREQi9kYXRhYmFzZUFjY291bnRzL2dyZW1saW4tZGIxMDUwL2dyZW1saW5EYXRhYmFzZXMvZGJOYW1lL2dyYXBocy9ncmFwaDE/YXBpLXZlcnNpb249MjAyMi0wNS0xNS1wcmV2aWV3",
      "RequestMethod": "GET",
      "RequestHeaders": {
        "x-ms-client-request-id": [
          "c3c869ee-31ac-42c0-8fd1-0e27d37a4203"
        ],
        "Accept-Language": [
          "en-US"
        ],
        "User-Agent": [
          "FxVersion/4.700.22.36202",
          "OSName/Windows",
          "OSVersion/Microsoft.Windows.10.0.22000",
          "Microsoft.Azure.Management.CosmosDB.CosmosDBManagementClient/1.8.2"
        ]
      },
      "RequestBody": "",
      "ResponseHeaders": {
        "Cache-Control": [
          "no-store, no-cache"
        ],
        "Pragma": [
          "no-cache"
        ],
        "Strict-Transport-Security": [
          "max-age=31536000; includeSubDomains"
        ],
        "x-ms-gatewayversion": [
          "version=2.14.0"
        ],
        "Server": [
          "Microsoft-HTTPAPI/2.0"
        ],
        "x-ms-ratelimit-remaining-subscription-reads": [
          "11962"
        ],
        "x-ms-request-id": [
          "010fc012-e8ec-4dd7-94f4-edc26e8a192e"
        ],
        "x-ms-correlation-request-id": [
          "010fc012-e8ec-4dd7-94f4-edc26e8a192e"
        ],
        "x-ms-routing-request-id": [
          "BRAZILUS:20220908T234851Z:010fc012-e8ec-4dd7-94f4-edc26e8a192e"
        ],
        "X-Content-Type-Options": [
          "nosniff"
        ],
        "Date": [
          "Thu, 08 Sep 2022 23:48:51 GMT"
        ],
        "Content-Length": [
          "1477"
        ],
        "Content-Type": [
          "application/json"
        ]
      },
      "ResponseBody": "{\r\n  \"id\": \"/subscriptions/dec9ed54-2b7f-4476-9bd0-875544af59df/resourceGroups/CosmosDBResourceGroup50/providers/Microsoft.DocumentDB/databaseAccounts/gremlin-db1050/gremlinDatabases/dbName/graphs/graph1\",\r\n  \"type\": \"Microsoft.DocumentDB/databaseAccounts/gremlinDatabases/graphs\",\r\n  \"name\": \"graph1\",\r\n  \"properties\": {\r\n    \"resource\": {\r\n      \"id\": \"graph1\",\r\n      \"indexingPolicy\": {\r\n        \"indexingMode\": \"consistent\",\r\n        \"automatic\": true,\r\n        \"includedPaths\": [\r\n          {\r\n            \"path\": \"/*\"\r\n          }\r\n        ],\r\n        \"excludedPaths\": [\r\n          {\r\n            \"path\": \"/myPathToNotIndex/*\"\r\n          },\r\n          {\r\n            \"path\": \"/\\\"_etag\\\"/?\"\r\n          }\r\n        ],\r\n        \"spatialIndexes\": [\r\n          {\r\n            \"path\": \"/mySpatialPath/*\",\r\n            \"types\": [\r\n              \"Point\",\r\n              \"LineString\",\r\n              \"Polygon\",\r\n              \"MultiPolygon\"\r\n            ]\r\n          }\r\n        ],\r\n        \"compositeIndexes\": [\r\n          [\r\n            {\r\n              \"path\": \"/abc\",\r\n              \"order\": \"ascending\"\r\n            },\r\n            {\r\n              \"path\": \"/aberc\",\r\n              \"order\": \"descending\"\r\n            }\r\n          ],\r\n          [\r\n            {\r\n              \"path\": \"/aberc\",\r\n              \"order\": \"descending\"\r\n            },\r\n            {\r\n              \"path\": \"/abc\",\r\n              \"order\": \"ascending\"\r\n            }\r\n          ]\r\n        ]\r\n      },\r\n      \"partitionKey\": {\r\n        \"paths\": [\r\n          \"/foo\"\r\n        ],\r\n        \"kind\": \"Hash\"\r\n      },\r\n      \"uniqueKeyPolicy\": {\r\n        \"uniqueKeys\": [\r\n          {\r\n            \"paths\": [\r\n              \"/myUniqueKey3\"\r\n            ]\r\n          },\r\n          {\r\n            \"paths\": [\r\n              \"/myUniqueKey4\"\r\n            ]\r\n          },\r\n          {\r\n            \"paths\": [\r\n              \"/myUniqueKey2\"\r\n            ]\r\n          },\r\n          {\r\n            \"paths\": [\r\n              \"/myUniqueKey1\"\r\n            ]\r\n          }\r\n        ]\r\n      },\r\n      \"conflictResolutionPolicy\": {\r\n        \"mode\": \"LastWriterWins\",\r\n        \"conflictResolutionPath\": \"/_ts\",\r\n        \"conflictResolutionProcedure\": \"\"\r\n      },\r\n      \"geospatialConfig\": {\r\n        \"type\": \"Geography\"\r\n      },\r\n      \"_rid\": \"M3tvALMT3V4=\",\r\n      \"_ts\": 1662680871,\r\n      \"_self\": \"dbs/M3tvAA==/colls/M3tvALMT3V4=/\",\r\n      \"_etag\": \"\\\"0000070c-0000-0100-0000-631a7f270000\\\"\",\r\n      \"_docs\": \"docs/\",\r\n      \"_sprocs\": \"sprocs/\",\r\n      \"_triggers\": \"triggers/\",\r\n      \"_udfs\": \"udfs/\",\r\n      \"_conflicts\": \"conflicts/\",\r\n      \"statistics\": [\r\n        {\r\n          \"id\": \"0\",\r\n          \"sizeInKB\": 0,\r\n          \"documentCount\": 0,\r\n          \"sampledDistinctPartitionKeyCount\": 0,\r\n          \"partitionKeys\": []\r\n        }\r\n      ]\r\n    }\r\n  }\r\n}",
      "StatusCode": 200
    },
    {
      "RequestUri": "/subscriptions/dec9ed54-2b7f-4476-9bd0-875544af59df/resourceGroups/CosmosDBResourceGroup50/providers/Microsoft.DocumentDB/databaseAccounts/gremlin-db1050/gremlinDatabases/dbName/graphs/graph1?api-version=2022-05-15-preview",
      "EncodedRequestUri": "L3N1YnNjcmlwdGlvbnMvZGVjOWVkNTQtMmI3Zi00NDc2LTliZDAtODc1NTQ0YWY1OWRmL3Jlc291cmNlR3JvdXBzL0Nvc21vc0RCUmVzb3VyY2VHcm91cDUwL3Byb3ZpZGVycy9NaWNyb3NvZnQuRG9jdW1lbnREQi9kYXRhYmFzZUFjY291bnRzL2dyZW1saW4tZGIxMDUwL2dyZW1saW5EYXRhYmFzZXMvZGJOYW1lL2dyYXBocy9ncmFwaDE/YXBpLXZlcnNpb249MjAyMi0wNS0xNS1wcmV2aWV3",
      "RequestMethod": "GET",
      "RequestHeaders": {
        "x-ms-client-request-id": [
          "fa6e4d12-0d89-4691-9880-8cb00e3fee59"
        ],
        "Accept-Language": [
          "en-US"
        ],
        "User-Agent": [
          "FxVersion/4.700.22.36202",
          "OSName/Windows",
          "OSVersion/Microsoft.Windows.10.0.22000",
          "Microsoft.Azure.Management.CosmosDB.CosmosDBManagementClient/1.8.2"
        ]
      },
      "RequestBody": "",
      "ResponseHeaders": {
        "Cache-Control": [
          "no-store, no-cache"
        ],
        "Pragma": [
          "no-cache"
        ],
        "Strict-Transport-Security": [
          "max-age=31536000; includeSubDomains"
        ],
        "x-ms-gatewayversion": [
          "version=2.14.0"
        ],
        "Server": [
          "Microsoft-HTTPAPI/2.0"
        ],
        "x-ms-ratelimit-remaining-subscription-reads": [
          "11936"
        ],
        "x-ms-request-id": [
          "1b8c231d-7ad9-4c56-bebc-b5088eefb784"
        ],
        "x-ms-correlation-request-id": [
          "1b8c231d-7ad9-4c56-bebc-b5088eefb784"
        ],
        "x-ms-routing-request-id": [
          "BRAZILUS:20220908T234924Z:1b8c231d-7ad9-4c56-bebc-b5088eefb784"
        ],
        "X-Content-Type-Options": [
          "nosniff"
        ],
        "Date": [
          "Thu, 08 Sep 2022 23:49:24 GMT"
        ],
        "Content-Length": [
          "1477"
        ],
        "Content-Type": [
          "application/json"
        ]
      },
      "ResponseBody": "{\r\n  \"id\": \"/subscriptions/dec9ed54-2b7f-4476-9bd0-875544af59df/resourceGroups/CosmosDBResourceGroup50/providers/Microsoft.DocumentDB/databaseAccounts/gremlin-db1050/gremlinDatabases/dbName/graphs/graph1\",\r\n  \"type\": \"Microsoft.DocumentDB/databaseAccounts/gremlinDatabases/graphs\",\r\n  \"name\": \"graph1\",\r\n  \"properties\": {\r\n    \"resource\": {\r\n      \"id\": \"graph1\",\r\n      \"indexingPolicy\": {\r\n        \"indexingMode\": \"consistent\",\r\n        \"automatic\": true,\r\n        \"includedPaths\": [\r\n          {\r\n            \"path\": \"/*\"\r\n          }\r\n        ],\r\n        \"excludedPaths\": [\r\n          {\r\n            \"path\": \"/myPathToNotIndex/*\"\r\n          },\r\n          {\r\n            \"path\": \"/\\\"_etag\\\"/?\"\r\n          }\r\n        ],\r\n        \"spatialIndexes\": [\r\n          {\r\n            \"path\": \"/mySpatialPath/*\",\r\n            \"types\": [\r\n              \"Point\",\r\n              \"LineString\",\r\n              \"Polygon\",\r\n              \"MultiPolygon\"\r\n            ]\r\n          }\r\n        ],\r\n        \"compositeIndexes\": [\r\n          [\r\n            {\r\n              \"path\": \"/abc\",\r\n              \"order\": \"ascending\"\r\n            },\r\n            {\r\n              \"path\": \"/aberc\",\r\n              \"order\": \"descending\"\r\n            }\r\n          ],\r\n          [\r\n            {\r\n              \"path\": \"/aberc\",\r\n              \"order\": \"descending\"\r\n            },\r\n            {\r\n              \"path\": \"/abc\",\r\n              \"order\": \"ascending\"\r\n            }\r\n          ]\r\n        ]\r\n      },\r\n      \"partitionKey\": {\r\n        \"paths\": [\r\n          \"/foo\"\r\n        ],\r\n        \"kind\": \"Hash\"\r\n      },\r\n      \"uniqueKeyPolicy\": {\r\n        \"uniqueKeys\": [\r\n          {\r\n            \"paths\": [\r\n              \"/myUniqueKey3\"\r\n            ]\r\n          },\r\n          {\r\n            \"paths\": [\r\n              \"/myUniqueKey4\"\r\n            ]\r\n          },\r\n          {\r\n            \"paths\": [\r\n              \"/myUniqueKey2\"\r\n            ]\r\n          },\r\n          {\r\n            \"paths\": [\r\n              \"/myUniqueKey1\"\r\n            ]\r\n          }\r\n        ]\r\n      },\r\n      \"conflictResolutionPolicy\": {\r\n        \"mode\": \"LastWriterWins\",\r\n        \"conflictResolutionPath\": \"/_ts\",\r\n        \"conflictResolutionProcedure\": \"\"\r\n      },\r\n      \"geospatialConfig\": {\r\n        \"type\": \"Geography\"\r\n      },\r\n      \"_rid\": \"M3tvALMT3V4=\",\r\n      \"_ts\": 1662680871,\r\n      \"_self\": \"dbs/M3tvAA==/colls/M3tvALMT3V4=/\",\r\n      \"_etag\": \"\\\"0000070c-0000-0100-0000-631a7f270000\\\"\",\r\n      \"_docs\": \"docs/\",\r\n      \"_sprocs\": \"sprocs/\",\r\n      \"_triggers\": \"triggers/\",\r\n      \"_udfs\": \"udfs/\",\r\n      \"_conflicts\": \"conflicts/\",\r\n      \"statistics\": [\r\n        {\r\n          \"id\": \"0\",\r\n          \"sizeInKB\": 0,\r\n          \"documentCount\": 0,\r\n          \"sampledDistinctPartitionKeyCount\": 0,\r\n          \"partitionKeys\": []\r\n        }\r\n      ]\r\n    }\r\n  }\r\n}",
      "StatusCode": 200
    },
    {
      "RequestUri": "/subscriptions/dec9ed54-2b7f-4476-9bd0-875544af59df/resourceGroups/CosmosDBResourceGroup50/providers/Microsoft.DocumentDB/databaseAccounts/gremlin-db1050/gremlinDatabases/dbName/graphs/graph1?api-version=2022-05-15-preview",
      "EncodedRequestUri": "L3N1YnNjcmlwdGlvbnMvZGVjOWVkNTQtMmI3Zi00NDc2LTliZDAtODc1NTQ0YWY1OWRmL3Jlc291cmNlR3JvdXBzL0Nvc21vc0RCUmVzb3VyY2VHcm91cDUwL3Byb3ZpZGVycy9NaWNyb3NvZnQuRG9jdW1lbnREQi9kYXRhYmFzZUFjY291bnRzL2dyZW1saW4tZGIxMDUwL2dyZW1saW5EYXRhYmFzZXMvZGJOYW1lL2dyYXBocy9ncmFwaDE/YXBpLXZlcnNpb249MjAyMi0wNS0xNS1wcmV2aWV3",
      "RequestMethod": "GET",
      "RequestHeaders": {
        "x-ms-client-request-id": [
          "fa6e4d12-0d89-4691-9880-8cb00e3fee59"
        ],
        "User-Agent": [
          "FxVersion/4.700.22.36202",
          "OSName/Windows",
          "OSVersion/Microsoft.Windows.10.0.22000",
          "Microsoft.Azure.Management.CosmosDB.CosmosDBManagementClient/1.8.2"
        ]
      },
      "RequestBody": "",
      "ResponseHeaders": {
        "Cache-Control": [
          "no-store, no-cache"
        ],
        "Pragma": [
          "no-cache"
        ],
        "Strict-Transport-Security": [
          "max-age=31536000; includeSubDomains"
        ],
        "x-ms-gatewayversion": [
          "version=2.14.0"
        ],
        "Server": [
          "Microsoft-HTTPAPI/2.0"
        ],
        "x-ms-ratelimit-remaining-subscription-reads": [
          "11935"
        ],
        "x-ms-request-id": [
          "191e6c92-befa-4a49-bddc-5fe0bbf74e27"
        ],
        "x-ms-correlation-request-id": [
          "191e6c92-befa-4a49-bddc-5fe0bbf74e27"
        ],
        "x-ms-routing-request-id": [
          "BRAZILUS:20220908T235004Z:191e6c92-befa-4a49-bddc-5fe0bbf74e27"
        ],
        "X-Content-Type-Options": [
          "nosniff"
        ],
        "Date": [
          "Thu, 08 Sep 2022 23:50:04 GMT"
        ],
        "Content-Length": [
          "1477"
        ],
        "Content-Type": [
          "application/json"
        ]
      },
      "ResponseBody": "{\r\n  \"id\": \"/subscriptions/dec9ed54-2b7f-4476-9bd0-875544af59df/resourceGroups/CosmosDBResourceGroup50/providers/Microsoft.DocumentDB/databaseAccounts/gremlin-db1050/gremlinDatabases/dbName/graphs/graph1\",\r\n  \"type\": \"Microsoft.DocumentDB/databaseAccounts/gremlinDatabases/graphs\",\r\n  \"name\": \"graph1\",\r\n  \"properties\": {\r\n    \"resource\": {\r\n      \"id\": \"graph1\",\r\n      \"indexingPolicy\": {\r\n        \"indexingMode\": \"consistent\",\r\n        \"automatic\": true,\r\n        \"includedPaths\": [\r\n          {\r\n            \"path\": \"/*\"\r\n          }\r\n        ],\r\n        \"excludedPaths\": [\r\n          {\r\n            \"path\": \"/myPathToNotIndex/*\"\r\n          },\r\n          {\r\n            \"path\": \"/\\\"_etag\\\"/?\"\r\n          }\r\n        ],\r\n        \"spatialIndexes\": [\r\n          {\r\n            \"path\": \"/mySpatialPath/*\",\r\n            \"types\": [\r\n              \"Point\",\r\n              \"LineString\",\r\n              \"Polygon\",\r\n              \"MultiPolygon\"\r\n            ]\r\n          }\r\n        ],\r\n        \"compositeIndexes\": [\r\n          [\r\n            {\r\n              \"path\": \"/abc\",\r\n              \"order\": \"ascending\"\r\n            },\r\n            {\r\n              \"path\": \"/aberc\",\r\n              \"order\": \"descending\"\r\n            }\r\n          ],\r\n          [\r\n            {\r\n              \"path\": \"/aberc\",\r\n              \"order\": \"descending\"\r\n            },\r\n            {\r\n              \"path\": \"/abc\",\r\n              \"order\": \"ascending\"\r\n            }\r\n          ]\r\n        ]\r\n      },\r\n      \"partitionKey\": {\r\n        \"paths\": [\r\n          \"/foo\"\r\n        ],\r\n        \"kind\": \"Hash\"\r\n      },\r\n      \"uniqueKeyPolicy\": {\r\n        \"uniqueKeys\": [\r\n          {\r\n            \"paths\": [\r\n              \"/myUniqueKey3\"\r\n            ]\r\n          },\r\n          {\r\n            \"paths\": [\r\n              \"/myUniqueKey4\"\r\n            ]\r\n          },\r\n          {\r\n            \"paths\": [\r\n              \"/myUniqueKey2\"\r\n            ]\r\n          },\r\n          {\r\n            \"paths\": [\r\n              \"/myUniqueKey1\"\r\n            ]\r\n          }\r\n        ]\r\n      },\r\n      \"conflictResolutionPolicy\": {\r\n        \"mode\": \"LastWriterWins\",\r\n        \"conflictResolutionPath\": \"/_ts\",\r\n        \"conflictResolutionProcedure\": \"\"\r\n      },\r\n      \"geospatialConfig\": {\r\n        \"type\": \"Geography\"\r\n      },\r\n      \"_rid\": \"M3tvALMT3V4=\",\r\n      \"_ts\": 1662680871,\r\n      \"_self\": \"dbs/M3tvAA==/colls/M3tvALMT3V4=/\",\r\n      \"_etag\": \"\\\"0000070c-0000-0100-0000-631a7f270000\\\"\",\r\n      \"_docs\": \"docs/\",\r\n      \"_sprocs\": \"sprocs/\",\r\n      \"_triggers\": \"triggers/\",\r\n      \"_udfs\": \"udfs/\",\r\n      \"_conflicts\": \"conflicts/\",\r\n      \"statistics\": [\r\n        {\r\n          \"id\": \"0\",\r\n          \"sizeInKB\": 0,\r\n          \"documentCount\": 0,\r\n          \"sampledDistinctPartitionKeyCount\": 0,\r\n          \"partitionKeys\": []\r\n        }\r\n      ]\r\n    }\r\n  }\r\n}",
      "StatusCode": 200
    },
    {
      "RequestUri": "/subscriptions/dec9ed54-2b7f-4476-9bd0-875544af59df/resourceGroups/CosmosDBResourceGroup50/providers/Microsoft.DocumentDB/databaseAccounts/gremlin-db1050/gremlinDatabases/dbName/graphs/graph1?api-version=2022-05-15-preview",
      "EncodedRequestUri": "L3N1YnNjcmlwdGlvbnMvZGVjOWVkNTQtMmI3Zi00NDc2LTliZDAtODc1NTQ0YWY1OWRmL3Jlc291cmNlR3JvdXBzL0Nvc21vc0RCUmVzb3VyY2VHcm91cDUwL3Byb3ZpZGVycy9NaWNyb3NvZnQuRG9jdW1lbnREQi9kYXRhYmFzZUFjY291bnRzL2dyZW1saW4tZGIxMDUwL2dyZW1saW5EYXRhYmFzZXMvZGJOYW1lL2dyYXBocy9ncmFwaDE/YXBpLXZlcnNpb249MjAyMi0wNS0xNS1wcmV2aWV3",
      "RequestMethod": "PUT",
      "RequestHeaders": {
        "x-ms-client-request-id": [
          "8d3b32c4-7f00-4f80-a9cd-a29c7e8a253b"
        ],
        "Accept-Language": [
          "en-US"
        ],
        "User-Agent": [
          "FxVersion/4.700.22.36202",
          "OSName/Windows",
          "OSVersion/Microsoft.Windows.10.0.22000",
          "Microsoft.Azure.Management.CosmosDB.CosmosDBManagementClient/1.8.2"
        ],
        "Content-Type": [
          "application/json; charset=utf-8"
        ],
        "Content-Length": [
          "2070"
        ]
      },
      "RequestBody": "{\r\n  \"properties\": {\r\n    \"resource\": {\r\n      \"id\": \"graph1\",\r\n      \"indexingPolicy\": {\r\n        \"automatic\": true,\r\n        \"indexingMode\": \"Consistent\",\r\n        \"includedPaths\": [\r\n          {\r\n            \"path\": \"/*\",\r\n            \"indexes\": [\r\n              {\r\n                \"dataType\": \"String\",\r\n                \"precision\": -1,\r\n                \"kind\": \"Hash\"\r\n              },\r\n              {\r\n                \"dataType\": \"String\",\r\n                \"precision\": -1,\r\n                \"kind\": \"Hash\"\r\n              }\r\n            ]\r\n          }\r\n        ],\r\n        \"excludedPaths\": [\r\n          {\r\n            \"path\": \"/myPathToNotIndex/*\"\r\n          }\r\n        ],\r\n        \"compositeIndexes\": [\r\n          [\r\n            {\r\n              \"path\": \"/abc\",\r\n              \"order\": \"Ascending\"\r\n            },\r\n            {\r\n              \"path\": \"/aberc\",\r\n              \"order\": \"Descending\"\r\n            }\r\n          ],\r\n          [\r\n            {\r\n              \"path\": \"/aberc\",\r\n              \"order\": \"Descending\"\r\n            },\r\n            {\r\n              \"path\": \"/abc\",\r\n              \"order\": \"Ascending\"\r\n            }\r\n          ]\r\n        ],\r\n        \"spatialIndexes\": [\r\n          {\r\n            \"path\": \"/mySpatialPath/*\",\r\n            \"types\": [\r\n              \"Point\",\r\n              \"LineString\",\r\n              \"Polygon\",\r\n              \"MultiPolygon\"\r\n            ]\r\n          }\r\n        ]\r\n      },\r\n      \"partitionKey\": {\r\n        \"paths\": [\r\n          \"/foo\"\r\n        ],\r\n        \"kind\": \"Hash\"\r\n      },\r\n      \"uniqueKeyPolicy\": {\r\n        \"uniqueKeys\": [\r\n          {\r\n            \"paths\": [\r\n              \"/myUniqueKey3\"\r\n            ]\r\n          },\r\n          {\r\n            \"paths\": [\r\n              \"/myUniqueKey4\"\r\n            ]\r\n          },\r\n          {\r\n            \"paths\": [\r\n              \"/myUniqueKey2\"\r\n            ]\r\n          },\r\n          {\r\n            \"paths\": [\r\n              \"/myUniqueKey1\"\r\n            ]\r\n          }\r\n        ]\r\n      }\r\n    },\r\n    \"options\": {\r\n      \"throughput\": 600\r\n    }\r\n  }\r\n}",
      "ResponseHeaders": {
        "Cache-Control": [
          "no-store, no-cache"
        ],
        "Pragma": [
          "no-cache"
        ],
        "Location": [
          "https://management.azure.com/subscriptions/dec9ed54-2b7f-4476-9bd0-875544af59df/resourceGroups/CosmosDBResourceGroup50/providers/Microsoft.DocumentDB/databaseAccounts/gremlin-db1050/gremlinDatabases/dbName/graphs/graph1/operationResults/cff92c2c-e86d-4572-8cf9-a6f1b76d6927?api-version=2022-05-15-preview"
        ],
        "Azure-AsyncOperation": [
          "https://management.azure.com/subscriptions/dec9ed54-2b7f-4476-9bd0-875544af59df/providers/Microsoft.DocumentDB/locations/eastus/operationsStatus/cff92c2c-e86d-4572-8cf9-a6f1b76d6927?api-version=2022-05-15-preview"
        ],
        "x-ms-request-id": [
          "cff92c2c-e86d-4572-8cf9-a6f1b76d6927"
        ],
        "Strict-Transport-Security": [
          "max-age=31536000; includeSubDomains"
        ],
        "x-ms-gatewayversion": [
          "version=2.14.0"
        ],
        "Server": [
          "Microsoft-HTTPAPI/2.0"
        ],
        "x-ms-ratelimit-remaining-subscription-writes": [
          "1190"
        ],
        "x-ms-correlation-request-id": [
          "eebd3ceb-93c0-4987-8794-20f0e9928630"
        ],
        "x-ms-routing-request-id": [
          "BRAZILUS:20220908T234745Z:eebd3ceb-93c0-4987-8794-20f0e9928630"
        ],
        "X-Content-Type-Options": [
          "nosniff"
        ],
        "Date": [
          "Thu, 08 Sep 2022 23:47:44 GMT"
        ],
        "Content-Length": [
          "21"
        ],
        "Content-Type": [
          "application/json"
        ]
      },
      "ResponseBody": "{\r\n  \"status\": \"Enqueued\"\r\n}",
      "StatusCode": 202
    },
    {
      "RequestUri": "/subscriptions/dec9ed54-2b7f-4476-9bd0-875544af59df/resourceGroups/CosmosDBResourceGroup50/providers/Microsoft.DocumentDB/databaseAccounts/gremlin-db1050/gremlinDatabases/dbName/graphs/graph1?api-version=2022-05-15-preview",
      "EncodedRequestUri": "L3N1YnNjcmlwdGlvbnMvZGVjOWVkNTQtMmI3Zi00NDc2LTliZDAtODc1NTQ0YWY1OWRmL3Jlc291cmNlR3JvdXBzL0Nvc21vc0RCUmVzb3VyY2VHcm91cDUwL3Byb3ZpZGVycy9NaWNyb3NvZnQuRG9jdW1lbnREQi9kYXRhYmFzZUFjY291bnRzL2dyZW1saW4tZGIxMDUwL2dyZW1saW5EYXRhYmFzZXMvZGJOYW1lL2dyYXBocy9ncmFwaDE/YXBpLXZlcnNpb249MjAyMi0wNS0xNS1wcmV2aWV3",
      "RequestMethod": "PUT",
      "RequestHeaders": {
        "x-ms-client-request-id": [
          "fa6e4d12-0d89-4691-9880-8cb00e3fee59"
        ],
        "Accept-Language": [
          "en-US"
        ],
        "User-Agent": [
          "FxVersion/4.700.22.36202",
          "OSName/Windows",
          "OSVersion/Microsoft.Windows.10.0.22000",
          "Microsoft.Azure.Management.CosmosDB.CosmosDBManagementClient/1.8.2"
        ],
        "Content-Type": [
          "application/json; charset=utf-8"
        ],
        "Content-Length": [
          "1949"
        ]
      },
      "RequestBody": "{\r\n  \"properties\": {\r\n    \"resource\": {\r\n      \"id\": \"graph1\",\r\n      \"indexingPolicy\": {\r\n        \"automatic\": true,\r\n        \"indexingMode\": \"consistent\",\r\n        \"includedPaths\": [\r\n          {\r\n            \"path\": \"/*\"\r\n          }\r\n        ],\r\n        \"excludedPaths\": [\r\n          {\r\n            \"path\": \"/myPathToNotIndex/*\"\r\n          },\r\n          {\r\n            \"path\": \"/\\\"_etag\\\"/?\"\r\n          }\r\n        ],\r\n        \"compositeIndexes\": [\r\n          [\r\n            {\r\n              \"path\": \"/abc\",\r\n              \"order\": \"ascending\"\r\n            },\r\n            {\r\n              \"path\": \"/aberc\",\r\n              \"order\": \"descending\"\r\n            }\r\n          ],\r\n          [\r\n            {\r\n              \"path\": \"/aberc\",\r\n              \"order\": \"descending\"\r\n            },\r\n            {\r\n              \"path\": \"/abc\",\r\n              \"order\": \"ascending\"\r\n            }\r\n          ]\r\n        ],\r\n        \"spatialIndexes\": [\r\n          {\r\n            \"path\": \"/mySpatialPath/*\",\r\n            \"types\": [\r\n              \"Point\",\r\n              \"LineString\",\r\n              \"Polygon\",\r\n              \"MultiPolygon\"\r\n            ]\r\n          }\r\n        ]\r\n      },\r\n      \"partitionKey\": {\r\n        \"paths\": [\r\n          \"/foo\"\r\n        ],\r\n        \"kind\": \"Hash\"\r\n      },\r\n      \"uniqueKeyPolicy\": {\r\n        \"uniqueKeys\": [\r\n          {\r\n            \"paths\": [\r\n              \"/myUniqueKey3\"\r\n            ]\r\n          },\r\n          {\r\n            \"paths\": [\r\n              \"/myUniqueKey4\"\r\n            ]\r\n          },\r\n          {\r\n            \"paths\": [\r\n              \"/myUniqueKey2\"\r\n            ]\r\n          },\r\n          {\r\n            \"paths\": [\r\n              \"/myUniqueKey1\"\r\n            ]\r\n          }\r\n        ]\r\n      },\r\n      \"conflictResolutionPolicy\": {\r\n        \"mode\": \"LastWriterWins\",\r\n        \"conflictResolutionPath\": \"/_ts\",\r\n        \"conflictResolutionProcedure\": \"\"\r\n      }\r\n    },\r\n    \"options\": {}\r\n  }\r\n}",
      "ResponseHeaders": {
        "Cache-Control": [
          "no-store, no-cache"
        ],
        "Pragma": [
          "no-cache"
        ],
        "Location": [
          "https://management.azure.com/subscriptions/dec9ed54-2b7f-4476-9bd0-875544af59df/resourceGroups/CosmosDBResourceGroup50/providers/Microsoft.DocumentDB/databaseAccounts/gremlin-db1050/gremlinDatabases/dbName/graphs/graph1/operationResults/550774f5-3822-4c0a-804e-c7f4229b1bf9?api-version=2022-05-15-preview"
        ],
        "Azure-AsyncOperation": [
          "https://management.azure.com/subscriptions/dec9ed54-2b7f-4476-9bd0-875544af59df/providers/Microsoft.DocumentDB/locations/eastus/operationsStatus/550774f5-3822-4c0a-804e-c7f4229b1bf9?api-version=2022-05-15-preview"
        ],
        "x-ms-request-id": [
          "550774f5-3822-4c0a-804e-c7f4229b1bf9"
        ],
        "Strict-Transport-Security": [
          "max-age=31536000; includeSubDomains"
        ],
        "x-ms-gatewayversion": [
          "version=2.14.0"
        ],
        "Server": [
          "Microsoft-HTTPAPI/2.0"
        ],
        "x-ms-ratelimit-remaining-subscription-writes": [
          "1190"
        ],
        "x-ms-correlation-request-id": [
          "5710e7d9-f132-4b56-a431-9da461b2daf6"
        ],
        "x-ms-routing-request-id": [
          "BRAZILUS:20220908T234925Z:5710e7d9-f132-4b56-a431-9da461b2daf6"
        ],
        "X-Content-Type-Options": [
          "nosniff"
        ],
        "Date": [
          "Thu, 08 Sep 2022 23:49:24 GMT"
        ],
        "Content-Length": [
          "21"
        ],
        "Content-Type": [
          "application/json"
        ]
      },
      "ResponseBody": "{\r\n  \"status\": \"Enqueued\"\r\n}",
      "StatusCode": 202
    },
    {
      "RequestUri": "/subscriptions/dec9ed54-2b7f-4476-9bd0-875544af59df/providers/Microsoft.DocumentDB/locations/eastus/operationsStatus/cff92c2c-e86d-4572-8cf9-a6f1b76d6927?api-version=2022-05-15-preview",
      "EncodedRequestUri": "L3N1YnNjcmlwdGlvbnMvZGVjOWVkNTQtMmI3Zi00NDc2LTliZDAtODc1NTQ0YWY1OWRmL3Byb3ZpZGVycy9NaWNyb3NvZnQuRG9jdW1lbnREQi9sb2NhdGlvbnMvZWFzdHVzL29wZXJhdGlvbnNTdGF0dXMvY2ZmOTJjMmMtZTg2ZC00NTcyLThjZjktYTZmMWI3NmQ2OTI3P2FwaS12ZXJzaW9uPTIwMjItMDUtMTUtcHJldmlldw==",
      "RequestMethod": "GET",
      "RequestHeaders": {
        "x-ms-client-request-id": [
          "8d3b32c4-7f00-4f80-a9cd-a29c7e8a253b"
        ],
        "User-Agent": [
          "FxVersion/4.700.22.36202",
          "OSName/Windows",
          "OSVersion/Microsoft.Windows.10.0.22000",
          "Microsoft.Azure.Management.CosmosDB.CosmosDBManagementClient/1.8.2"
        ]
      },
      "RequestBody": "",
      "ResponseHeaders": {
        "Cache-Control": [
          "no-store, no-cache"
        ],
        "Pragma": [
          "no-cache"
        ],
        "Strict-Transport-Security": [
          "max-age=31536000; includeSubDomains"
        ],
        "x-ms-gatewayversion": [
          "version=2.14.0"
        ],
        "Server": [
          "Microsoft-HTTPAPI/2.0"
        ],
        "x-ms-ratelimit-remaining-subscription-reads": [
          "11964"
        ],
        "x-ms-request-id": [
          "5ce0061f-bde8-41a2-b5b8-d80e675e34f6"
        ],
        "x-ms-correlation-request-id": [
          "5ce0061f-bde8-41a2-b5b8-d80e675e34f6"
        ],
        "x-ms-routing-request-id": [
          "BRAZILUS:20220908T234815Z:5ce0061f-bde8-41a2-b5b8-d80e675e34f6"
        ],
        "X-Content-Type-Options": [
          "nosniff"
        ],
        "Date": [
          "Thu, 08 Sep 2022 23:48:15 GMT"
        ],
        "Content-Length": [
          "22"
        ],
        "Content-Type": [
          "application/json"
        ]
      },
      "ResponseBody": "{\r\n  \"status\": \"Succeeded\"\r\n}",
      "StatusCode": 200
    },
    {
      "RequestUri": "/subscriptions/dec9ed54-2b7f-4476-9bd0-875544af59df/resourceGroups/CosmosDBResourceGroup50/providers/Microsoft.DocumentDB/databaseAccounts/gremlin-db1050/gremlinDatabases/dbName29?api-version=2022-05-15-preview",
      "EncodedRequestUri": "L3N1YnNjcmlwdGlvbnMvZGVjOWVkNTQtMmI3Zi00NDc2LTliZDAtODc1NTQ0YWY1OWRmL3Jlc291cmNlR3JvdXBzL0Nvc21vc0RCUmVzb3VyY2VHcm91cDUwL3Byb3ZpZGVycy9NaWNyb3NvZnQuRG9jdW1lbnREQi9kYXRhYmFzZUFjY291bnRzL2dyZW1saW4tZGIxMDUwL2dyZW1saW5EYXRhYmFzZXMvZGJOYW1lMjk/YXBpLXZlcnNpb249MjAyMi0wNS0xNS1wcmV2aWV3",
      "RequestMethod": "PUT",
      "RequestHeaders": {
        "x-ms-client-request-id": [
          "57aee80a-d004-4a6f-82bd-4b09059362a3"
        ],
        "Accept-Language": [
          "en-US"
        ],
        "User-Agent": [
          "FxVersion/4.700.22.36202",
          "OSName/Windows",
          "OSVersion/Microsoft.Windows.10.0.22000",
          "Microsoft.Azure.Management.CosmosDB.CosmosDBManagementClient/1.8.2"
        ],
        "Content-Type": [
          "application/json; charset=utf-8"
        ],
        "Content-Length": [
          "98"
        ]
      },
      "RequestBody": "{\r\n  \"properties\": {\r\n    \"resource\": {\r\n      \"id\": \"dbName29\"\r\n    },\r\n    \"options\": {}\r\n  }\r\n}",
      "ResponseHeaders": {
        "Cache-Control": [
          "no-store, no-cache"
        ],
        "Pragma": [
          "no-cache"
        ],
        "Location": [
          "https://management.azure.com/subscriptions/dec9ed54-2b7f-4476-9bd0-875544af59df/resourceGroups/CosmosDBResourceGroup50/providers/Microsoft.DocumentDB/databaseAccounts/gremlin-db1050/gremlinDatabases/dbName29/operationResults/965906d5-04ff-4ce5-b9f0-036bc1475513?api-version=2022-05-15-preview"
        ],
        "Azure-AsyncOperation": [
          "https://management.azure.com/subscriptions/dec9ed54-2b7f-4476-9bd0-875544af59df/providers/Microsoft.DocumentDB/locations/eastus/operationsStatus/965906d5-04ff-4ce5-b9f0-036bc1475513?api-version=2022-05-15-preview"
        ],
        "x-ms-request-id": [
          "965906d5-04ff-4ce5-b9f0-036bc1475513"
        ],
        "Strict-Transport-Security": [
          "max-age=31536000; includeSubDomains"
        ],
        "x-ms-gatewayversion": [
          "version=2.14.0"
        ],
        "Server": [
          "Microsoft-HTTPAPI/2.0"
        ],
        "x-ms-ratelimit-remaining-subscription-writes": [
          "1188"
        ],
        "x-ms-correlation-request-id": [
          "1e53f8c9-2af6-4afa-9f84-16ca1342dfff"
        ],
        "x-ms-routing-request-id": [
          "BRAZILUS:20220908T234818Z:1e53f8c9-2af6-4afa-9f84-16ca1342dfff"
        ],
        "X-Content-Type-Options": [
          "nosniff"
        ],
        "Date": [
          "Thu, 08 Sep 2022 23:48:17 GMT"
        ],
        "Content-Length": [
          "21"
        ],
        "Content-Type": [
          "application/json"
        ]
      },
      "ResponseBody": "{\r\n  \"status\": \"Enqueued\"\r\n}",
      "StatusCode": 202
    },
    {
      "RequestUri": "/subscriptions/dec9ed54-2b7f-4476-9bd0-875544af59df/providers/Microsoft.DocumentDB/locations/eastus/operationsStatus/965906d5-04ff-4ce5-b9f0-036bc1475513?api-version=2022-05-15-preview",
      "EncodedRequestUri": "L3N1YnNjcmlwdGlvbnMvZGVjOWVkNTQtMmI3Zi00NDc2LTliZDAtODc1NTQ0YWY1OWRmL3Byb3ZpZGVycy9NaWNyb3NvZnQuRG9jdW1lbnREQi9sb2NhdGlvbnMvZWFzdHVzL29wZXJhdGlvbnNTdGF0dXMvOTY1OTA2ZDUtMDRmZi00Y2U1LWI5ZjAtMDM2YmMxNDc1NTEzP2FwaS12ZXJzaW9uPTIwMjItMDUtMTUtcHJldmlldw==",
      "RequestMethod": "GET",
      "RequestHeaders": {
        "x-ms-client-request-id": [
          "57aee80a-d004-4a6f-82bd-4b09059362a3"
        ],
        "User-Agent": [
          "FxVersion/4.700.22.36202",
          "OSName/Windows",
          "OSVersion/Microsoft.Windows.10.0.22000",
          "Microsoft.Azure.Management.CosmosDB.CosmosDBManagementClient/1.8.2"
        ]
      },
      "RequestBody": "",
      "ResponseHeaders": {
        "Cache-Control": [
          "no-store, no-cache"
        ],
        "Pragma": [
          "no-cache"
        ],
        "Strict-Transport-Security": [
          "max-age=31536000; includeSubDomains"
        ],
        "x-ms-gatewayversion": [
          "version=2.14.0"
        ],
        "Server": [
          "Microsoft-HTTPAPI/2.0"
        ],
        "x-ms-ratelimit-remaining-subscription-reads": [
          "11926"
        ],
        "x-ms-request-id": [
          "18abf7b5-37b7-4f3c-96dc-7e10a9f3061c"
        ],
        "x-ms-correlation-request-id": [
          "18abf7b5-37b7-4f3c-96dc-7e10a9f3061c"
        ],
        "x-ms-routing-request-id": [
          "BRAZILUS:20220908T234848Z:18abf7b5-37b7-4f3c-96dc-7e10a9f3061c"
        ],
        "X-Content-Type-Options": [
          "nosniff"
        ],
        "Date": [
          "Thu, 08 Sep 2022 23:48:47 GMT"
        ],
        "Content-Length": [
          "22"
        ],
        "Content-Type": [
          "application/json"
        ]
      },
      "ResponseBody": "{\r\n  \"status\": \"Succeeded\"\r\n}",
      "StatusCode": 200
    },
    {
      "RequestUri": "/subscriptions/dec9ed54-2b7f-4476-9bd0-875544af59df/resourceGroups/CosmosDBResourceGroup50/providers/Microsoft.DocumentDB/databaseAccounts/gremlin-db1050/gremlinDatabases/dbName29?api-version=2022-05-15-preview",
      "EncodedRequestUri": "L3N1YnNjcmlwdGlvbnMvZGVjOWVkNTQtMmI3Zi00NDc2LTliZDAtODc1NTQ0YWY1OWRmL3Jlc291cmNlR3JvdXBzL0Nvc21vc0RCUmVzb3VyY2VHcm91cDUwL3Byb3ZpZGVycy9NaWNyb3NvZnQuRG9jdW1lbnREQi9kYXRhYmFzZUFjY291bnRzL2dyZW1saW4tZGIxMDUwL2dyZW1saW5EYXRhYmFzZXMvZGJOYW1lMjk/YXBpLXZlcnNpb249MjAyMi0wNS0xNS1wcmV2aWV3",
      "RequestMethod": "GET",
      "RequestHeaders": {
        "x-ms-client-request-id": [
          "57aee80a-d004-4a6f-82bd-4b09059362a3"
        ],
        "User-Agent": [
          "FxVersion/4.700.22.36202",
          "OSName/Windows",
          "OSVersion/Microsoft.Windows.10.0.22000",
          "Microsoft.Azure.Management.CosmosDB.CosmosDBManagementClient/1.8.2"
        ]
      },
      "RequestBody": "",
      "ResponseHeaders": {
        "Cache-Control": [
          "no-store, no-cache"
        ],
        "Pragma": [
          "no-cache"
        ],
        "Strict-Transport-Security": [
          "max-age=31536000; includeSubDomains"
        ],
        "x-ms-gatewayversion": [
          "version=2.14.0"
        ],
        "Server": [
          "Microsoft-HTTPAPI/2.0"
        ],
        "x-ms-ratelimit-remaining-subscription-reads": [
          "11925"
        ],
        "x-ms-request-id": [
          "3e2fa4f8-e94c-4460-ba6a-3e903eeec880"
        ],
        "x-ms-correlation-request-id": [
          "3e2fa4f8-e94c-4460-ba6a-3e903eeec880"
        ],
        "x-ms-routing-request-id": [
          "BRAZILUS:20220908T234848Z:3e2fa4f8-e94c-4460-ba6a-3e903eeec880"
        ],
        "X-Content-Type-Options": [
          "nosniff"
        ],
        "Date": [
          "Thu, 08 Sep 2022 23:48:47 GMT"
        ],
        "Content-Length": [
          "460"
        ],
        "Content-Type": [
          "application/json"
        ]
      },
      "ResponseBody": "{\r\n  \"id\": \"/subscriptions/dec9ed54-2b7f-4476-9bd0-875544af59df/resourceGroups/CosmosDBResourceGroup50/providers/Microsoft.DocumentDB/databaseAccounts/gremlin-db1050/gremlinDatabases/dbName29\",\r\n  \"type\": \"Microsoft.DocumentDB/databaseAccounts/gremlinDatabases\",\r\n  \"name\": \"dbName29\",\r\n  \"properties\": {\r\n    \"resource\": {\r\n      \"id\": \"dbName29\",\r\n      \"_rid\": \"TvEzAA==\",\r\n      \"_self\": \"dbs/TvEzAA==/\",\r\n      \"_etag\": \"\\\"00000b0c-0000-0100-0000-631a7f480000\\\"\",\r\n      \"_colls\": \"colls/\",\r\n      \"_users\": \"users/\",\r\n      \"_ts\": 1662680904\r\n    }\r\n  }\r\n}",
      "StatusCode": 200
    },
    {
      "RequestUri": "/subscriptions/dec9ed54-2b7f-4476-9bd0-875544af59df/resourceGroups/CosmosDBResourceGroup50/providers/Microsoft.DocumentDB/databaseAccounts/gremlin-db1050/gremlinDatabases/dbName/graphs/graph2?api-version=2022-05-15-preview",
      "EncodedRequestUri": "L3N1YnNjcmlwdGlvbnMvZGVjOWVkNTQtMmI3Zi00NDc2LTliZDAtODc1NTQ0YWY1OWRmL3Jlc291cmNlR3JvdXBzL0Nvc21vc0RCUmVzb3VyY2VHcm91cDUwL3Byb3ZpZGVycy9NaWNyb3NvZnQuRG9jdW1lbnREQi9kYXRhYmFzZUFjY291bnRzL2dyZW1saW4tZGIxMDUwL2dyZW1saW5EYXRhYmFzZXMvZGJOYW1lL2dyYXBocy9ncmFwaDI/YXBpLXZlcnNpb249MjAyMi0wNS0xNS1wcmV2aWV3",
      "RequestMethod": "GET",
      "RequestHeaders": {
        "x-ms-client-request-id": [
          "468241f7-93c3-4d72-8eec-9d3dbce63f9d"
        ],
        "Accept-Language": [
          "en-US"
        ],
        "User-Agent": [
          "FxVersion/4.700.22.36202",
          "OSName/Windows",
          "OSVersion/Microsoft.Windows.10.0.22000",
          "Microsoft.Azure.Management.CosmosDB.CosmosDBManagementClient/1.8.2"
        ]
      },
      "RequestBody": "",
      "ResponseHeaders": {
        "Cache-Control": [
          "no-store, no-cache"
        ],
        "Pragma": [
          "no-cache"
        ],
        "Strict-Transport-Security": [
          "max-age=31536000; includeSubDomains"
        ],
        "x-ms-gatewayversion": [
          "version=2.14.0"
        ],
        "Server": [
          "Microsoft-HTTPAPI/2.0"
        ],
        "x-ms-ratelimit-remaining-subscription-reads": [
          "11958"
        ],
        "x-ms-request-id": [
          "42b6a25d-c3c6-4476-945d-e59f7e7c29e9"
        ],
        "x-ms-correlation-request-id": [
          "42b6a25d-c3c6-4476-945d-e59f7e7c29e9"
        ],
        "x-ms-routing-request-id": [
          "BRAZILUS:20220908T234849Z:42b6a25d-c3c6-4476-945d-e59f7e7c29e9"
        ],
        "X-Content-Type-Options": [
          "nosniff"
        ],
        "Date": [
          "Thu, 08 Sep 2022 23:48:49 GMT"
        ],
        "Content-Length": [
          "6538"
        ],
        "Content-Type": [
          "application/json"
        ]
      },
      "ResponseBody": "{\r\n  \"code\": \"NotFound\",\r\n  \"message\": \"Message: {\\\"code\\\":\\\"NotFound\\\",\\\"message\\\":\\\"Message: {\\\\\\\"Errors\\\\\\\":[\\\\\\\"Resource Not Found. Learn more: https:\\\\\\\\/\\\\\\\\/aka.ms\\\\\\\\/cosmosdb-tsg-not-found\\\\\\\"]}\\\\r\\\\nActivityId: 468241f7-93c3-4d72-8eec-9d3dbce63f9d, Request URI: /apps/870293cc-9400-480c-b9ed-7cd5039ce1fe/services/0e7490d2-6458-4253-9d93-f3b069d363dd/partitions/751ac1cb-aa22-44fb-ac07-358eade93289/replicas/133069869108735551s, RequestStats: \\\\r\\\\nRequestStartTime: 2022-09-08T23:48:49.7690906Z, RequestEndTime: 2022-09-08T23:48:49.7790916Z,  Number of regions attempted:1\\\\r\\\\n{\\\\\\\"systemHistory\\\\\\\":[{\\\\\\\"dateUtc\\\\\\\":\\\\\\\"2022-09-08T23:47:34.5088809Z\\\\\\\",\\\\\\\"cpu\\\\\\\":0.112,\\\\\\\"memory\\\\\\\":630839024.000,\\\\\\\"threadInfo\\\\\\\":{\\\\\\\"isThreadStarving\\\\\\\":\\\\\\\"False\\\\\\\",\\\\\\\"threadWaitIntervalInMs\\\\\\\":0.0336,\\\\\\\"availableThreads\\\\\\\":32764,\\\\\\\"minThreads\\\\\\\":64,\\\\\\\"maxThreads\\\\\\\":32767},\\\\\\\"numberOfOpenTcpConnection\\\\\\\":229},{\\\\\\\"dateUtc\\\\\\\":\\\\\\\"2022-09-08T23:47:44.5189084Z\\\\\\\",\\\\\\\"cpu\\\\\\\":0.122,\\\\\\\"memory\\\\\\\":630735968.000,\\\\\\\"threadInfo\\\\\\\":{\\\\\\\"isThreadStarving\\\\\\\":\\\\\\\"False\\\\\\\",\\\\\\\"threadWaitIntervalInMs\\\\\\\":0.0288,\\\\\\\"availableThreads\\\\\\\":32764,\\\\\\\"minThreads\\\\\\\":64,\\\\\\\"maxThreads\\\\\\\":32767},\\\\\\\"numberOfOpenTcpConnection\\\\\\\":229},{\\\\\\\"dateUtc\\\\\\\":\\\\\\\"2022-09-08T23:47:54.5289334Z\\\\\\\",\\\\\\\"cpu\\\\\\\":0.170,\\\\\\\"memory\\\\\\\":630517540.000,\\\\\\\"threadInfo\\\\\\\":{\\\\\\\"isThreadStarving\\\\\\\":\\\\\\\"False\\\\\\\",\\\\\\\"threadWaitIntervalInMs\\\\\\\":0.0242,\\\\\\\"availableThreads\\\\\\\":32764,\\\\\\\"minThreads\\\\\\\":64,\\\\\\\"maxThreads\\\\\\\":32767},\\\\\\\"numberOfOpenTcpConnection\\\\\\\":229},{\\\\\\\"dateUtc\\\\\\\":\\\\\\\"2022-09-08T23:48:04.5489616Z\\\\\\\",\\\\\\\"cpu\\\\\\\":0.213,\\\\\\\"memory\\\\\\\":630284476.000,\\\\\\\"threadInfo\\\\\\\":{\\\\\\\"isThreadStarving\\\\\\\":\\\\\\\"False\\\\\\\",\\\\\\\"threadWaitIntervalInMs\\\\\\\":0.0192,\\\\\\\"availableThreads\\\\\\\":32764,\\\\\\\"minThreads\\\\\\\":64,\\\\\\\"maxThreads\\\\\\\":32767},\\\\\\\"numberOfOpenTcpConnection\\\\\\\":229},{\\\\\\\"dateUtc\\\\\\\":\\\\\\\"2022-09-08T23:48:14.5590092Z\\\\\\\",\\\\\\\"cpu\\\\\\\":0.651,\\\\\\\"memory\\\\\\\":629708748.000,\\\\\\\"threadInfo\\\\\\\":{\\\\\\\"isThreadStarving\\\\\\\":\\\\\\\"False\\\\\\\",\\\\\\\"threadWaitIntervalInMs\\\\\\\":0.0219,\\\\\\\"availableThreads\\\\\\\":32763,\\\\\\\"minThreads\\\\\\\":64,\\\\\\\"maxThreads\\\\\\\":32767},\\\\\\\"numberOfOpenTcpConnection\\\\\\\":229},{\\\\\\\"dateUtc\\\\\\\":\\\\\\\"2022-09-08T23:48:34.5690671Z\\\\\\\",\\\\\\\"cpu\\\\\\\":1.557,\\\\\\\"memory\\\\\\\":629178928.000,\\\\\\\"threadInfo\\\\\\\":{\\\\\\\"isThreadStarving\\\\\\\":\\\\\\\"False\\\\\\\",\\\\\\\"threadWaitIntervalInMs\\\\\\\":0.0187,\\\\\\\"availableThreads\\\\\\\":32764,\\\\\\\"minThreads\\\\\\\":64,\\\\\\\"maxThreads\\\\\\\":32767},\\\\\\\"numberOfOpenTcpConnection\\\\\\\":229}]}\\\\r\\\\nRequestStart: 2022-09-08T23:48:49.7690906Z; ResponseTime: 2022-09-08T23:48:49.7790916Z; StoreResult: StorePhysicalAddress: rntbd://10.0.1.8:11000/apps/870293cc-9400-480c-b9ed-7cd5039ce1fe/services/0e7490d2-6458-4253-9d93-f3b069d363dd/partitions/751ac1cb-aa22-44fb-ac07-358eade93289/replicas/133069869108735551s, LSN: 10, GlobalCommittedLsn: 10, PartitionKeyRangeId: , IsValid: True, StatusCode: 404, SubStatusCode: 0, RequestCharge: 1, ItemLSN: -1, SessionToken: -1#10, UsingLocalLSN: False, TransportException: null, BELatencyMs: 0.154, ActivityId: 468241f7-93c3-4d72-8eec-9d3dbce63f9d, RetryAfterInMs: , TransportRequestTimeline: {\\\\\\\"requestTimeline\\\\\\\":[{\\\\\\\"event\\\\\\\": \\\\\\\"Created\\\\\\\", \\\\\\\"startTimeUtc\\\\\\\": \\\\\\\"2022-09-08T23:48:49.7690906Z\\\\\\\", \\\\\\\"durationInMs\\\\\\\": 0.007},{\\\\\\\"event\\\\\\\": \\\\\\\"ChannelAcquisitionStarted\\\\\\\", \\\\\\\"startTimeUtc\\\\\\\": \\\\\\\"2022-09-08T23:48:49.7690976Z\\\\\\\", \\\\\\\"durationInMs\\\\\\\": 0.0021},{\\\\\\\"event\\\\\\\": \\\\\\\"Pipelined\\\\\\\", \\\\\\\"startTimeUtc\\\\\\\": \\\\\\\"2022-09-08T23:48:49.7690997Z\\\\\\\", \\\\\\\"durationInMs\\\\\\\": 0.0859},{\\\\\\\"event\\\\\\\": \\\\\\\"Transit Time\\\\\\\", \\\\\\\"startTimeUtc\\\\\\\": \\\\\\\"2022-09-08T23:48:49.7691856Z\\\\\\\", \\\\\\\"durationInMs\\\\\\\": 0.3103},{\\\\\\\"event\\\\\\\": \\\\\\\"Received\\\\\\\", \\\\\\\"startTimeUtc\\\\\\\": \\\\\\\"2022-09-08T23:48:49.7694959Z\\\\\\\", \\\\\\\"durationInMs\\\\\\\": 0.0285},{\\\\\\\"event\\\\\\\": \\\\\\\"Completed\\\\\\\", \\\\\\\"startTimeUtc\\\\\\\": \\\\\\\"2022-09-08T23:48:49.7695244Z\\\\\\\", \\\\\\\"durationInMs\\\\\\\": 0}],\\\\\\\"serviceEndpointStats\\\\\\\":{\\\\\\\"inflightRequests\\\\\\\":1,\\\\\\\"openConnections\\\\\\\":1},\\\\\\\"connectionStats\\\\\\\":{\\\\\\\"waitforConnectionInit\\\\\\\":\\\\\\\"False\\\\\\\",\\\\\\\"callsPendingReceive\\\\\\\":0,\\\\\\\"lastSendAttempt\\\\\\\":\\\\\\\"2022-09-08T23:48:49.7690906Z\\\\\\\",\\\\\\\"lastSend\\\\\\\":\\\\\\\"2022-09-08T23:48:49.7690906Z\\\\\\\",\\\\\\\"lastReceive\\\\\\\":\\\\\\\"2022-09-08T23:48:49.7690906Z\\\\\\\"},\\\\\\\"requestSizeInBytes\\\\\\\":478,\\\\\\\"responseMetadataSizeInBytes\\\\\\\":135,\\\\\\\"responseBodySizeInBytes\\\\\\\":87};\\\\r\\\\n ResourceType: Collection, OperationType: Read\\\\r\\\\nRequestStart: 2022-09-08T23:48:49.7690906Z; ResponseTime: 2022-09-08T23:48:49.7790916Z; StoreResult: StorePhysicalAddress: rntbd://10.0.1.9:11000/apps/870293cc-9400-480c-b9ed-7cd5039ce1fe/services/0e7490d2-6458-4253-9d93-f3b069d363dd/partitions/751ac1cb-aa22-44fb-ac07-358eade93289/replicas/133069869108735550s, LSN: 10, GlobalCommittedLsn: 10, PartitionKeyRangeId: , IsValid: True, StatusCode: 404, SubStatusCode: 0, RequestCharge: 1, ItemLSN: -1, SessionToken: -1#10, UsingLocalLSN: False, TransportException: null, BELatencyMs: 0.196, ActivityId: 468241f7-93c3-4d72-8eec-9d3dbce63f9d, RetryAfterInMs: , TransportRequestTimeline: {\\\\\\\"requestTimeline\\\\\\\":[{\\\\\\\"event\\\\\\\": \\\\\\\"Created\\\\\\\", \\\\\\\"startTimeUtc\\\\\\\": \\\\\\\"2022-09-08T23:48:49.7690906Z\\\\\\\", \\\\\\\"durationInMs\\\\\\\": 0.0035},{\\\\\\\"event\\\\\\\": \\\\\\\"ChannelAcquisitionStarted\\\\\\\", \\\\\\\"startTimeUtc\\\\\\\": \\\\\\\"2022-09-08T23:48:49.7690941Z\\\\\\\", \\\\\\\"durationInMs\\\\\\\": 0.0012},{\\\\\\\"event\\\\\\\": \\\\\\\"Pipelined\\\\\\\", \\\\\\\"startTimeUtc\\\\\\\": \\\\\\\"2022-09-08T23:48:49.7690953Z\\\\\\\", \\\\\\\"durationInMs\\\\\\\": 0.058},{\\\\\\\"event\\\\\\\": \\\\\\\"Transit Time\\\\\\\", \\\\\\\"startTimeUtc\\\\\\\": \\\\\\\"2022-09-08T23:48:49.7691533Z\\\\\\\", \\\\\\\"durationInMs\\\\\\\": 0.4379},{\\\\\\\"event\\\\\\\": \\\\\\\"Received\\\\\\\", \\\\\\\"startTimeUtc\\\\\\\": \\\\\\\"2022-09-08T23:48:49.7695912Z\\\\\\\", \\\\\\\"durationInMs\\\\\\\": 0.0187},{\\\\\\\"event\\\\\\\": \\\\\\\"Completed\\\\\\\", \\\\\\\"startTimeUtc\\\\\\\": \\\\\\\"2022-09-08T23:48:49.7696099Z\\\\\\\", \\\\\\\"durationInMs\\\\\\\": 0}],\\\\\\\"serviceEndpointStats\\\\\\\":{\\\\\\\"inflightRequests\\\\\\\":1,\\\\\\\"openConnections\\\\\\\":1},\\\\\\\"connectionStats\\\\\\\":{\\\\\\\"waitforConnectionInit\\\\\\\":\\\\\\\"False\\\\\\\",\\\\\\\"callsPendingReceive\\\\\\\":0,\\\\\\\"lastSendAttempt\\\\\\\":\\\\\\\"2022-09-08T23:48:49.7690906Z\\\\\\\",\\\\\\\"lastSend\\\\\\\":\\\\\\\"2022-09-08T23:48:49.7690906Z\\\\\\\",\\\\\\\"lastReceive\\\\\\\":\\\\\\\"2022-09-08T23:48:49.7690906Z\\\\\\\"},\\\\\\\"requestSizeInBytes\\\\\\\":478,\\\\\\\"responseMetadataSizeInBytes\\\\\\\":135,\\\\\\\"responseBodySizeInBytes\\\\\\\":87};\\\\r\\\\n ResourceType: Collection, OperationType: Read\\\\r\\\\n, SDK: Microsoft.Azure.Documents.Common/2.14.0\\\"}, Request URI: /dbs/dbName/colls/graph2, RequestStats: , SDK: Microsoft.Azure.Documents.Common/2.14.0\"\r\n}",
      "StatusCode": 404
    },
    {
      "RequestUri": "/subscriptions/dec9ed54-2b7f-4476-9bd0-875544af59df/providers/Microsoft.DocumentDB/locations/eastus/operationsStatus/d4b16a08-075e-446b-b9c9-3e808fabd02a?api-version=2022-05-15-preview",
      "EncodedRequestUri": "L3N1YnNjcmlwdGlvbnMvZGVjOWVkNTQtMmI3Zi00NDc2LTliZDAtODc1NTQ0YWY1OWRmL3Byb3ZpZGVycy9NaWNyb3NvZnQuRG9jdW1lbnREQi9sb2NhdGlvbnMvZWFzdHVzL29wZXJhdGlvbnNTdGF0dXMvZDRiMTZhMDgtMDc1ZS00NDZiLWI5YzktM2U4MDhmYWJkMDJhP2FwaS12ZXJzaW9uPTIwMjItMDUtMTUtcHJldmlldw==",
      "RequestMethod": "GET",
      "RequestHeaders": {
        "x-ms-client-request-id": [
          "54fb1bee-e6d4-4bc7-80ac-88134d779533"
        ],
        "User-Agent": [
          "FxVersion/4.700.22.36202",
          "OSName/Windows",
          "OSVersion/Microsoft.Windows.10.0.22000",
          "Microsoft.Azure.Management.CosmosDB.CosmosDBManagementClient/1.8.2"
        ]
      },
      "RequestBody": "",
      "ResponseHeaders": {
        "Cache-Control": [
          "no-store, no-cache"
        ],
        "Pragma": [
          "no-cache"
        ],
        "Strict-Transport-Security": [
          "max-age=31536000; includeSubDomains"
        ],
        "x-ms-gatewayversion": [
          "version=2.14.0"
        ],
        "Server": [
          "Microsoft-HTTPAPI/2.0"
        ],
        "x-ms-ratelimit-remaining-subscription-reads": [
          "11961"
        ],
        "x-ms-request-id": [
          "8dbb930e-ab53-459d-a847-2b1125ef9275"
        ],
        "x-ms-correlation-request-id": [
          "8dbb930e-ab53-459d-a847-2b1125ef9275"
        ],
        "x-ms-routing-request-id": [
          "BRAZILUS:20220908T234923Z:8dbb930e-ab53-459d-a847-2b1125ef9275"
        ],
        "X-Content-Type-Options": [
          "nosniff"
        ],
        "Date": [
          "Thu, 08 Sep 2022 23:49:22 GMT"
        ],
        "Content-Length": [
          "22"
        ],
        "Content-Type": [
          "application/json"
        ]
      },
      "ResponseBody": "{\r\n  \"status\": \"Succeeded\"\r\n}",
      "StatusCode": 200
    },
    {
      "RequestUri": "/subscriptions/dec9ed54-2b7f-4476-9bd0-875544af59df/providers/Microsoft.DocumentDB/locations/eastus/operationsStatus/550774f5-3822-4c0a-804e-c7f4229b1bf9?api-version=2022-05-15-preview",
      "EncodedRequestUri": "L3N1YnNjcmlwdGlvbnMvZGVjOWVkNTQtMmI3Zi00NDc2LTliZDAtODc1NTQ0YWY1OWRmL3Byb3ZpZGVycy9NaWNyb3NvZnQuRG9jdW1lbnREQi9sb2NhdGlvbnMvZWFzdHVzL29wZXJhdGlvbnNTdGF0dXMvNTUwNzc0ZjUtMzgyMi00YzBhLTgwNGUtYzdmNDIyOWIxYmY5P2FwaS12ZXJzaW9uPTIwMjItMDUtMTUtcHJldmlldw==",
      "RequestMethod": "GET",
      "RequestHeaders": {
        "x-ms-client-request-id": [
          "fa6e4d12-0d89-4691-9880-8cb00e3fee59"
        ],
        "User-Agent": [
          "FxVersion/4.700.22.36202",
          "OSName/Windows",
          "OSVersion/Microsoft.Windows.10.0.22000",
          "Microsoft.Azure.Management.CosmosDB.CosmosDBManagementClient/1.8.2"
        ]
      },
      "RequestBody": "",
      "ResponseHeaders": {
        "Cache-Control": [
          "no-store, no-cache"
        ],
        "Pragma": [
          "no-cache"
        ],
        "Strict-Transport-Security": [
          "max-age=31536000; includeSubDomains"
        ],
        "x-ms-gatewayversion": [
          "version=2.14.0"
        ],
        "Server": [
          "Microsoft-HTTPAPI/2.0"
        ],
        "x-ms-ratelimit-remaining-subscription-reads": [
          "11935"
        ],
        "x-ms-request-id": [
          "b2b60139-a513-41d1-864b-db59a638ae46"
        ],
        "x-ms-correlation-request-id": [
          "b2b60139-a513-41d1-864b-db59a638ae46"
        ],
        "x-ms-routing-request-id": [
          "BRAZILUS:20220908T234955Z:b2b60139-a513-41d1-864b-db59a638ae46"
        ],
        "X-Content-Type-Options": [
          "nosniff"
        ],
        "Date": [
          "Thu, 08 Sep 2022 23:49:55 GMT"
        ],
        "Content-Length": [
          "22"
        ],
        "Content-Type": [
          "application/json"
        ]
      },
      "ResponseBody": "{\r\n  \"status\": \"Succeeded\"\r\n}",
      "StatusCode": 200
    },
    {
      "RequestUri": "/subscriptions/dec9ed54-2b7f-4476-9bd0-875544af59df/resourceGroups/CosmosDBResourceGroup50/providers/Microsoft.DocumentDB/databaseAccounts/gremlin-db1050/gremlinDatabases/dbName/graphs?api-version=2022-05-15-preview",
      "EncodedRequestUri": "L3N1YnNjcmlwdGlvbnMvZGVjOWVkNTQtMmI3Zi00NDc2LTliZDAtODc1NTQ0YWY1OWRmL3Jlc291cmNlR3JvdXBzL0Nvc21vc0RCUmVzb3VyY2VHcm91cDUwL3Byb3ZpZGVycy9NaWNyb3NvZnQuRG9jdW1lbnREQi9kYXRhYmFzZUFjY291bnRzL2dyZW1saW4tZGIxMDUwL2dyZW1saW5EYXRhYmFzZXMvZGJOYW1lL2dyYXBocz9hcGktdmVyc2lvbj0yMDIyLTA1LTE1LXByZXZpZXc=",
      "RequestMethod": "GET",
      "RequestHeaders": {
        "x-ms-client-request-id": [
          "30aa8c3e-8345-4d87-9d35-ccb71e397bad"
        ],
        "Accept-Language": [
          "en-US"
        ],
        "User-Agent": [
          "FxVersion/4.700.22.36202",
          "OSName/Windows",
          "OSVersion/Microsoft.Windows.10.0.22000",
          "Microsoft.Azure.Management.CosmosDB.CosmosDBManagementClient/1.8.2"
        ]
      },
      "RequestBody": "",
      "ResponseHeaders": {
        "Cache-Control": [
          "no-store, no-cache"
        ],
        "Pragma": [
          "no-cache"
        ],
        "Strict-Transport-Security": [
          "max-age=31536000; includeSubDomains"
        ],
        "x-ms-gatewayversion": [
          "version=2.14.0"
        ],
        "Server": [
          "Microsoft-HTTPAPI/2.0"
        ],
        "x-ms-ratelimit-remaining-subscription-reads": [
          "11963"
        ],
        "x-ms-request-id": [
          "bad1297a-3905-48cd-b216-619230268303"
        ],
        "x-ms-correlation-request-id": [
          "bad1297a-3905-48cd-b216-619230268303"
        ],
        "x-ms-routing-request-id": [
          "BRAZILUS:20220908T235005Z:bad1297a-3905-48cd-b216-619230268303"
        ],
        "X-Content-Type-Options": [
          "nosniff"
        ],
        "Date": [
          "Thu, 08 Sep 2022 23:50:05 GMT"
        ],
        "Content-Length": [
          "1376"
        ],
        "Content-Type": [
          "application/json"
        ]
      },
      "ResponseBody": "{\r\n  \"value\": [\r\n    {\r\n      \"id\": \"/subscriptions/dec9ed54-2b7f-4476-9bd0-875544af59df/resourceGroups/CosmosDBResourceGroup50/providers/Microsoft.DocumentDB/databaseAccounts/gremlin-db1050/gremlinDatabases/dbName/graphs/graph1\",\r\n      \"type\": \"Microsoft.DocumentDB/databaseAccounts/gremlinDatabases/graphs\",\r\n      \"name\": \"graph1\",\r\n      \"properties\": {\r\n        \"resource\": {\r\n          \"id\": \"graph1\",\r\n          \"indexingPolicy\": {\r\n            \"indexingMode\": \"consistent\",\r\n            \"automatic\": true,\r\n            \"includedPaths\": [\r\n              {\r\n                \"path\": \"/*\"\r\n              }\r\n            ],\r\n            \"excludedPaths\": [\r\n              {\r\n                \"path\": \"/myPathToNotIndex/*\"\r\n              },\r\n              {\r\n                \"path\": \"/\\\"_etag\\\"/?\"\r\n              }\r\n            ],\r\n            \"spatialIndexes\": [\r\n              {\r\n                \"path\": \"/mySpatialPath/*\",\r\n                \"types\": [\r\n                  \"Point\",\r\n                  \"LineString\",\r\n                  \"Polygon\",\r\n                  \"MultiPolygon\"\r\n                ]\r\n              }\r\n            ],\r\n            \"compositeIndexes\": [\r\n              [\r\n                {\r\n                  \"path\": \"/abc\",\r\n                  \"order\": \"ascending\"\r\n                },\r\n                {\r\n                  \"path\": \"/aberc\",\r\n                  \"order\": \"descending\"\r\n                }\r\n              ],\r\n              [\r\n                {\r\n                  \"path\": \"/aberc\",\r\n                  \"order\": \"descending\"\r\n                },\r\n                {\r\n                  \"path\": \"/abc\",\r\n                  \"order\": \"ascending\"\r\n                }\r\n              ]\r\n            ]\r\n          },\r\n          \"partitionKey\": {\r\n            \"paths\": [\r\n              \"/foo\"\r\n            ],\r\n            \"kind\": \"Hash\"\r\n          },\r\n          \"uniqueKeyPolicy\": {\r\n            \"uniqueKeys\": [\r\n              {\r\n                \"paths\": [\r\n                  \"/myUniqueKey3\"\r\n                ]\r\n              },\r\n              {\r\n                \"paths\": [\r\n                  \"/myUniqueKey4\"\r\n                ]\r\n              },\r\n              {\r\n                \"paths\": [\r\n                  \"/myUniqueKey2\"\r\n                ]\r\n              },\r\n              {\r\n                \"paths\": [\r\n                  \"/myUniqueKey1\"\r\n                ]\r\n              }\r\n            ]\r\n          },\r\n          \"conflictResolutionPolicy\": {\r\n            \"mode\": \"LastWriterWins\",\r\n            \"conflictResolutionPath\": \"/_ts\",\r\n            \"conflictResolutionProcedure\": \"\"\r\n          },\r\n          \"geospatialConfig\": {\r\n            \"type\": \"Geography\"\r\n          },\r\n          \"_rid\": \"M3tvALMT3V4=\",\r\n          \"_ts\": 1662680871,\r\n          \"_self\": \"dbs/M3tvAA==/colls/M3tvALMT3V4=/\",\r\n          \"_etag\": \"\\\"0000070c-0000-0100-0000-631a7f270000\\\"\",\r\n          \"_docs\": \"docs/\",\r\n          \"_sprocs\": \"sprocs/\",\r\n          \"_triggers\": \"triggers/\",\r\n          \"_udfs\": \"udfs/\",\r\n          \"_conflicts\": \"conflicts/\"\r\n        }\r\n      }\r\n    }\r\n  ]\r\n}",
      "StatusCode": 200
    },
    {
      "RequestUri": "/subscriptions/dec9ed54-2b7f-4476-9bd0-875544af59df/resourceGroups/CosmosDBResourceGroup50/providers/Microsoft.DocumentDB/databaseAccounts/gremlin-db1050/gremlinDatabases?api-version=2022-05-15-preview",
      "EncodedRequestUri": "L3N1YnNjcmlwdGlvbnMvZGVjOWVkNTQtMmI3Zi00NDc2LTliZDAtODc1NTQ0YWY1OWRmL3Jlc291cmNlR3JvdXBzL0Nvc21vc0RCUmVzb3VyY2VHcm91cDUwL3Byb3ZpZGVycy9NaWNyb3NvZnQuRG9jdW1lbnREQi9kYXRhYmFzZUFjY291bnRzL2dyZW1saW4tZGIxMDUwL2dyZW1saW5EYXRhYmFzZXM/YXBpLXZlcnNpb249MjAyMi0wNS0xNS1wcmV2aWV3",
      "RequestMethod": "GET",
      "RequestHeaders": {
        "x-ms-client-request-id": [
          "7a2d1923-5cb8-4d3c-ab4a-fce2e8486003"
        ],
        "Accept-Language": [
          "en-US"
        ],
        "User-Agent": [
          "FxVersion/4.700.22.36202",
          "OSName/Windows",
          "OSVersion/Microsoft.Windows.10.0.22000",
          "Microsoft.Azure.Management.CosmosDB.CosmosDBManagementClient/1.8.2"
        ]
      },
      "RequestBody": "",
      "ResponseHeaders": {
        "Cache-Control": [
          "no-store, no-cache"
        ],
        "Pragma": [
          "no-cache"
        ],
        "Strict-Transport-Security": [
          "max-age=31536000; includeSubDomains"
        ],
        "x-ms-gatewayversion": [
          "version=2.14.0"
        ],
        "Server": [
          "Microsoft-HTTPAPI/2.0"
        ],
        "x-ms-ratelimit-remaining-subscription-reads": [
          "11971"
        ],
        "x-ms-request-id": [
          "0a484134-f661-4f51-b139-e5e5c2002c03"
        ],
        "x-ms-correlation-request-id": [
          "0a484134-f661-4f51-b139-e5e5c2002c03"
        ],
        "x-ms-routing-request-id": [
          "BRAZILUS:20220908T235006Z:0a484134-f661-4f51-b139-e5e5c2002c03"
        ],
        "X-Content-Type-Options": [
          "nosniff"
        ],
        "Date": [
          "Thu, 08 Sep 2022 23:50:06 GMT"
        ],
        "Content-Length": [
          "927"
        ],
        "Content-Type": [
          "application/json"
        ]
      },
      "ResponseBody": "{\r\n  \"value\": [\r\n    {\r\n      \"id\": \"/subscriptions/dec9ed54-2b7f-4476-9bd0-875544af59df/resourceGroups/CosmosDBResourceGroup50/providers/Microsoft.DocumentDB/databaseAccounts/gremlin-db1050/gremlinDatabases/dbName29\",\r\n      \"type\": \"Microsoft.DocumentDB/databaseAccounts/gremlinDatabases\",\r\n      \"name\": \"dbName29\",\r\n      \"properties\": {\r\n        \"resource\": {\r\n          \"id\": \"dbName29\",\r\n          \"_rid\": \"TvEzAA==\",\r\n          \"_self\": \"dbs/TvEzAA==/\",\r\n          \"_etag\": \"\\\"00000b0c-0000-0100-0000-631a7f480000\\\"\",\r\n          \"_colls\": \"colls/\",\r\n          \"_users\": \"users/\",\r\n          \"_ts\": 1662680904\r\n        }\r\n      }\r\n    },\r\n    {\r\n      \"id\": \"/subscriptions/dec9ed54-2b7f-4476-9bd0-875544af59df/resourceGroups/CosmosDBResourceGroup50/providers/Microsoft.DocumentDB/databaseAccounts/gremlin-db1050/gremlinDatabases/dbName\",\r\n      \"type\": \"Microsoft.DocumentDB/databaseAccounts/gremlinDatabases\",\r\n      \"name\": \"dbName\",\r\n      \"properties\": {\r\n        \"resource\": {\r\n          \"id\": \"dbName\",\r\n          \"_rid\": \"M3tvAA==\",\r\n          \"_self\": \"dbs/M3tvAA==/\",\r\n          \"_etag\": \"\\\"0000050c-0000-0100-0000-631a7f030000\\\"\",\r\n          \"_colls\": \"colls/\",\r\n          \"_users\": \"users/\",\r\n          \"_ts\": 1662680835\r\n        }\r\n      }\r\n    }\r\n  ]\r\n}",
      "StatusCode": 200
    },
    {
      "RequestUri": "/subscriptions/dec9ed54-2b7f-4476-9bd0-875544af59df/resourceGroups/CosmosDBResourceGroup50/providers/Microsoft.DocumentDB/databaseAccounts/gremlin-db1050/gremlinDatabases/dbName/graphs/graph1?api-version=2022-05-15-preview",
      "EncodedRequestUri": "L3N1YnNjcmlwdGlvbnMvZGVjOWVkNTQtMmI3Zi00NDc2LTliZDAtODc1NTQ0YWY1OWRmL3Jlc291cmNlR3JvdXBzL0Nvc21vc0RCUmVzb3VyY2VHcm91cDUwL3Byb3ZpZGVycy9NaWNyb3NvZnQuRG9jdW1lbnREQi9kYXRhYmFzZUFjY291bnRzL2dyZW1saW4tZGIxMDUwL2dyZW1saW5EYXRhYmFzZXMvZGJOYW1lL2dyYXBocy9ncmFwaDE/YXBpLXZlcnNpb249MjAyMi0wNS0xNS1wcmV2aWV3",
      "RequestMethod": "DELETE",
      "RequestHeaders": {
        "x-ms-client-request-id": [
          "f866a186-1812-4955-b9a2-3c60ce75d354"
        ],
        "Accept-Language": [
          "en-US"
        ],
        "User-Agent": [
          "FxVersion/4.700.22.36202",
          "OSName/Windows",
          "OSVersion/Microsoft.Windows.10.0.22000",
          "Microsoft.Azure.Management.CosmosDB.CosmosDBManagementClient/1.8.2"
        ]
      },
      "RequestBody": "",
      "ResponseHeaders": {
        "Cache-Control": [
          "no-store, no-cache"
        ],
        "Pragma": [
          "no-cache"
        ],
        "Location": [
          "https://management.azure.com/subscriptions/dec9ed54-2b7f-4476-9bd0-875544af59df/resourceGroups/CosmosDBResourceGroup50/providers/Microsoft.DocumentDB/databaseAccounts/gremlin-db1050/gremlinDatabases/dbName/graphs/graph1/operationResults/8ef26871-6d69-4371-82e3-d14a9e28c93c?api-version=2022-05-15-preview"
        ],
        "Azure-AsyncOperation": [
          "https://management.azure.com/subscriptions/dec9ed54-2b7f-4476-9bd0-875544af59df/providers/Microsoft.DocumentDB/locations/eastus/operationsStatus/8ef26871-6d69-4371-82e3-d14a9e28c93c?api-version=2022-05-15-preview"
        ],
        "x-ms-request-id": [
          "8ef26871-6d69-4371-82e3-d14a9e28c93c"
        ],
        "Strict-Transport-Security": [
          "max-age=31536000; includeSubDomains"
        ],
        "x-ms-gatewayversion": [
          "version=2.14.0"
        ],
        "Server": [
          "Microsoft-HTTPAPI/2.0"
        ],
        "x-ms-ratelimit-remaining-subscription-deletes": [
          "14995"
        ],
        "x-ms-correlation-request-id": [
          "463bcf63-d15e-489e-80a0-57afffcd8673"
        ],
        "x-ms-routing-request-id": [
          "BRAZILUS:20220908T235008Z:463bcf63-d15e-489e-80a0-57afffcd8673"
        ],
        "X-Content-Type-Options": [
          "nosniff"
        ],
        "Date": [
          "Thu, 08 Sep 2022 23:50:07 GMT"
        ],
        "Content-Length": [
          "21"
        ],
        "Content-Type": [
          "application/json"
        ]
      },
      "ResponseBody": "{\r\n  \"status\": \"Enqueued\"\r\n}",
      "StatusCode": 202
    },
    {
      "RequestUri": "/subscriptions/dec9ed54-2b7f-4476-9bd0-875544af59df/resourceGroups/CosmosDBResourceGroup50/providers/Microsoft.DocumentDB/databaseAccounts/gremlin-db1050/gremlinDatabases/dbName/graphs/graph1?api-version=2022-05-15-preview",
      "EncodedRequestUri": "L3N1YnNjcmlwdGlvbnMvZGVjOWVkNTQtMmI3Zi00NDc2LTliZDAtODc1NTQ0YWY1OWRmL3Jlc291cmNlR3JvdXBzL0Nvc21vc0RCUmVzb3VyY2VHcm91cDUwL3Byb3ZpZGVycy9NaWNyb3NvZnQuRG9jdW1lbnREQi9kYXRhYmFzZUFjY291bnRzL2dyZW1saW4tZGIxMDUwL2dyZW1saW5EYXRhYmFzZXMvZGJOYW1lL2dyYXBocy9ncmFwaDE/YXBpLXZlcnNpb249MjAyMi0wNS0xNS1wcmV2aWV3",
      "RequestMethod": "DELETE",
      "RequestHeaders": {
        "x-ms-client-request-id": [
          "f6338c26-c024-4457-aeff-3884b610b906"
        ],
        "Accept-Language": [
          "en-US"
        ],
        "User-Agent": [
          "FxVersion/4.700.22.36202",
          "OSName/Windows",
          "OSVersion/Microsoft.Windows.10.0.22000",
          "Microsoft.Azure.Management.CosmosDB.CosmosDBManagementClient/1.8.2"
        ]
      },
      "RequestBody": "",
      "ResponseHeaders": {
        "Cache-Control": [
          "no-store, no-cache"
        ],
        "Pragma": [
          "no-cache"
        ],
        "Location": [
          "https://management.azure.com/subscriptions/dec9ed54-2b7f-4476-9bd0-875544af59df/resourceGroups/CosmosDBResourceGroup50/providers/Microsoft.DocumentDB/databaseAccounts/gremlin-db1050/gremlinDatabases/dbName/graphs/graph1/operationResults/de720ad9-50a5-4727-8881-7f8d58379027?api-version=2022-05-15-preview"
        ],
        "Azure-AsyncOperation": [
          "https://management.azure.com/subscriptions/dec9ed54-2b7f-4476-9bd0-875544af59df/providers/Microsoft.DocumentDB/locations/eastus/operationsStatus/de720ad9-50a5-4727-8881-7f8d58379027?api-version=2022-05-15-preview"
        ],
        "x-ms-request-id": [
          "de720ad9-50a5-4727-8881-7f8d58379027"
        ],
        "Strict-Transport-Security": [
          "max-age=31536000; includeSubDomains"
        ],
        "x-ms-gatewayversion": [
          "version=2.14.0"
        ],
        "Server": [
          "Microsoft-HTTPAPI/2.0"
        ],
        "x-ms-ratelimit-remaining-subscription-deletes": [
          "14995"
        ],
        "x-ms-correlation-request-id": [
          "be1b8640-c9fb-4aa6-a23b-7f20e4ac5ff8"
        ],
        "x-ms-routing-request-id": [
          "BRAZILUS:20220908T235112Z:be1b8640-c9fb-4aa6-a23b-7f20e4ac5ff8"
        ],
        "X-Content-Type-Options": [
          "nosniff"
        ],
        "Date": [
          "Thu, 08 Sep 2022 23:51:11 GMT"
        ],
        "Content-Length": [
          "21"
        ],
        "Content-Type": [
          "application/json"
        ]
      },
      "ResponseBody": "{\r\n  \"status\": \"Enqueued\"\r\n}",
      "StatusCode": 202
    },
    {
      "RequestUri": "/subscriptions/dec9ed54-2b7f-4476-9bd0-875544af59df/providers/Microsoft.DocumentDB/locations/eastus/operationsStatus/8ef26871-6d69-4371-82e3-d14a9e28c93c?api-version=2022-05-15-preview",
      "EncodedRequestUri": "L3N1YnNjcmlwdGlvbnMvZGVjOWVkNTQtMmI3Zi00NDc2LTliZDAtODc1NTQ0YWY1OWRmL3Byb3ZpZGVycy9NaWNyb3NvZnQuRG9jdW1lbnREQi9sb2NhdGlvbnMvZWFzdHVzL29wZXJhdGlvbnNTdGF0dXMvOGVmMjY4NzEtNmQ2OS00MzcxLTgyZTMtZDE0YTllMjhjOTNjP2FwaS12ZXJzaW9uPTIwMjItMDUtMTUtcHJldmlldw==",
      "RequestMethod": "GET",
      "RequestHeaders": {
        "x-ms-client-request-id": [
          "f866a186-1812-4955-b9a2-3c60ce75d354"
        ],
        "User-Agent": [
          "FxVersion/4.700.22.36202",
          "OSName/Windows",
          "OSVersion/Microsoft.Windows.10.0.22000",
          "Microsoft.Azure.Management.CosmosDB.CosmosDBManagementClient/1.8.2"
        ]
      },
      "RequestBody": "",
      "ResponseHeaders": {
        "Cache-Control": [
          "no-store, no-cache"
        ],
        "Pragma": [
          "no-cache"
        ],
        "Strict-Transport-Security": [
          "max-age=31536000; includeSubDomains"
        ],
        "x-ms-gatewayversion": [
          "version=2.14.0"
        ],
        "Server": [
          "Microsoft-HTTPAPI/2.0"
        ],
        "x-ms-ratelimit-remaining-subscription-reads": [
          "11970"
        ],
        "x-ms-request-id": [
          "f73c63f1-339e-40d0-ac27-ec900e2ac740"
        ],
        "x-ms-correlation-request-id": [
          "f73c63f1-339e-40d0-ac27-ec900e2ac740"
        ],
        "x-ms-routing-request-id": [
          "BRAZILUS:20220908T235038Z:f73c63f1-339e-40d0-ac27-ec900e2ac740"
        ],
        "X-Content-Type-Options": [
          "nosniff"
        ],
        "Date": [
          "Thu, 08 Sep 2022 23:50:38 GMT"
        ],
        "Content-Length": [
          "22"
        ],
        "Content-Type": [
          "application/json"
        ]
      },
      "ResponseBody": "{\r\n  \"status\": \"Succeeded\"\r\n}",
      "StatusCode": 200
    },
    {
      "RequestUri": "/subscriptions/dec9ed54-2b7f-4476-9bd0-875544af59df/resourceGroups/CosmosDBResourceGroup50/providers/Microsoft.DocumentDB/databaseAccounts/gremlin-db1050/gremlinDatabases/dbName/graphs/graph1/operationResults/8ef26871-6d69-4371-82e3-d14a9e28c93c?api-version=2022-05-15-preview",
      "EncodedRequestUri": "L3N1YnNjcmlwdGlvbnMvZGVjOWVkNTQtMmI3Zi00NDc2LTliZDAtODc1NTQ0YWY1OWRmL3Jlc291cmNlR3JvdXBzL0Nvc21vc0RCUmVzb3VyY2VHcm91cDUwL3Byb3ZpZGVycy9NaWNyb3NvZnQuRG9jdW1lbnREQi9kYXRhYmFzZUFjY291bnRzL2dyZW1saW4tZGIxMDUwL2dyZW1saW5EYXRhYmFzZXMvZGJOYW1lL2dyYXBocy9ncmFwaDEvb3BlcmF0aW9uUmVzdWx0cy84ZWYyNjg3MS02ZDY5LTQzNzEtODJlMy1kMTRhOWUyOGM5M2M/YXBpLXZlcnNpb249MjAyMi0wNS0xNS1wcmV2aWV3",
      "RequestMethod": "GET",
      "RequestHeaders": {
        "x-ms-client-request-id": [
          "f866a186-1812-4955-b9a2-3c60ce75d354"
        ],
        "User-Agent": [
          "FxVersion/4.700.22.36202",
          "OSName/Windows",
          "OSVersion/Microsoft.Windows.10.0.22000",
          "Microsoft.Azure.Management.CosmosDB.CosmosDBManagementClient/1.8.2"
        ]
      },
      "RequestBody": "",
      "ResponseHeaders": {
        "Cache-Control": [
          "no-store, no-cache"
        ],
        "Pragma": [
          "no-cache"
        ],
        "Strict-Transport-Security": [
          "max-age=31536000; includeSubDomains"
        ],
        "x-ms-gatewayversion": [
          "version=2.14.0"
        ],
        "Server": [
          "Microsoft-HTTPAPI/2.0"
        ],
        "x-ms-ratelimit-remaining-subscription-reads": [
          "11969"
        ],
        "x-ms-request-id": [
          "639ef5e5-d3d9-4a62-953f-d16f40d4b307"
        ],
        "x-ms-correlation-request-id": [
          "639ef5e5-d3d9-4a62-953f-d16f40d4b307"
        ],
        "x-ms-routing-request-id": [
          "BRAZILUS:20220908T235038Z:639ef5e5-d3d9-4a62-953f-d16f40d4b307"
        ],
        "X-Content-Type-Options": [
          "nosniff"
        ],
        "Date": [
          "Thu, 08 Sep 2022 23:50:38 GMT"
        ],
        "Content-Type": [
          "application/json"
        ]
      },
      "ResponseBody": "",
      "StatusCode": 204
    },
    {
      "RequestUri": "/subscriptions/dec9ed54-2b7f-4476-9bd0-875544af59df/resourceGroups/CosmosDBResourceGroup50/providers/Microsoft.DocumentDB/databaseAccounts/gremlin-db1050/gremlinDatabases/dbName?api-version=2022-05-15-preview",
      "EncodedRequestUri": "L3N1YnNjcmlwdGlvbnMvZGVjOWVkNTQtMmI3Zi00NDc2LTliZDAtODc1NTQ0YWY1OWRmL3Jlc291cmNlR3JvdXBzL0Nvc21vc0RCUmVzb3VyY2VHcm91cDUwL3Byb3ZpZGVycy9NaWNyb3NvZnQuRG9jdW1lbnREQi9kYXRhYmFzZUFjY291bnRzL2dyZW1saW4tZGIxMDUwL2dyZW1saW5EYXRhYmFzZXMvZGJOYW1lP2FwaS12ZXJzaW9uPTIwMjItMDUtMTUtcHJldmlldw==",
      "RequestMethod": "DELETE",
      "RequestHeaders": {
        "x-ms-client-request-id": [
          "fb3ce86c-7f63-4f58-a7dc-081ef9ea1555"
        ],
        "Accept-Language": [
          "en-US"
        ],
        "User-Agent": [
          "FxVersion/4.700.22.36202",
          "OSName/Windows",
          "OSVersion/Microsoft.Windows.10.0.22000",
          "Microsoft.Azure.Management.CosmosDB.CosmosDBManagementClient/1.8.2"
        ]
      },
      "RequestBody": "",
      "ResponseHeaders": {
        "Cache-Control": [
          "no-store, no-cache"
        ],
        "Pragma": [
          "no-cache"
        ],
        "Location": [
          "https://management.azure.com/subscriptions/dec9ed54-2b7f-4476-9bd0-875544af59df/resourceGroups/CosmosDBResourceGroup50/providers/Microsoft.DocumentDB/databaseAccounts/gremlin-db1050/gremlinDatabases/dbName/operationResults/bd1abeb6-3dfa-4934-b00b-4302236f4683?api-version=2022-05-15-preview"
        ],
        "Azure-AsyncOperation": [
          "https://management.azure.com/subscriptions/dec9ed54-2b7f-4476-9bd0-875544af59df/providers/Microsoft.DocumentDB/locations/eastus/operationsStatus/bd1abeb6-3dfa-4934-b00b-4302236f4683?api-version=2022-05-15-preview"
        ],
        "x-ms-request-id": [
          "bd1abeb6-3dfa-4934-b00b-4302236f4683"
        ],
        "Strict-Transport-Security": [
          "max-age=31536000; includeSubDomains"
        ],
        "x-ms-gatewayversion": [
          "version=2.14.0"
        ],
        "Server": [
          "Microsoft-HTTPAPI/2.0"
        ],
        "x-ms-ratelimit-remaining-subscription-deletes": [
          "14992"
        ],
        "x-ms-correlation-request-id": [
          "961d93cd-ddff-4f0e-9d98-3c8cf9af9c64"
        ],
        "x-ms-routing-request-id": [
          "BRAZILUS:20220908T235040Z:961d93cd-ddff-4f0e-9d98-3c8cf9af9c64"
        ],
        "X-Content-Type-Options": [
          "nosniff"
        ],
        "Date": [
          "Thu, 08 Sep 2022 23:50:40 GMT"
        ],
        "Content-Length": [
          "21"
        ],
        "Content-Type": [
          "application/json"
        ]
      },
      "ResponseBody": "{\r\n  \"status\": \"Enqueued\"\r\n}",
      "StatusCode": 202
    },
    {
      "RequestUri": "/subscriptions/dec9ed54-2b7f-4476-9bd0-875544af59df/resourceGroups/CosmosDBResourceGroup50/providers/Microsoft.DocumentDB/databaseAccounts/gremlin-db1050/gremlinDatabases/dbName?api-version=2022-05-15-preview",
      "EncodedRequestUri": "L3N1YnNjcmlwdGlvbnMvZGVjOWVkNTQtMmI3Zi00NDc2LTliZDAtODc1NTQ0YWY1OWRmL3Jlc291cmNlR3JvdXBzL0Nvc21vc0RCUmVzb3VyY2VHcm91cDUwL3Byb3ZpZGVycy9NaWNyb3NvZnQuRG9jdW1lbnREQi9kYXRhYmFzZUFjY291bnRzL2dyZW1saW4tZGIxMDUwL2dyZW1saW5EYXRhYmFzZXMvZGJOYW1lP2FwaS12ZXJzaW9uPTIwMjItMDUtMTUtcHJldmlldw==",
      "RequestMethod": "DELETE",
      "RequestHeaders": {
        "x-ms-client-request-id": [
          "25bda2b4-eac5-40fa-8fc9-243034823dd2"
        ],
        "Accept-Language": [
          "en-US"
        ],
        "User-Agent": [
          "FxVersion/4.700.22.36202",
          "OSName/Windows",
          "OSVersion/Microsoft.Windows.10.0.22000",
          "Microsoft.Azure.Management.CosmosDB.CosmosDBManagementClient/1.8.2"
        ]
      },
      "RequestBody": "",
      "ResponseHeaders": {
        "Cache-Control": [
          "no-store, no-cache"
        ],
        "Pragma": [
          "no-cache"
        ],
        "Location": [
          "https://management.azure.com/subscriptions/dec9ed54-2b7f-4476-9bd0-875544af59df/resourceGroups/CosmosDBResourceGroup50/providers/Microsoft.DocumentDB/databaseAccounts/gremlin-db1050/gremlinDatabases/dbName/operationResults/ccec7c3a-63c9-4108-89d5-0ca3ac62d9fd?api-version=2022-05-15-preview"
        ],
        "Azure-AsyncOperation": [
          "https://management.azure.com/subscriptions/dec9ed54-2b7f-4476-9bd0-875544af59df/providers/Microsoft.DocumentDB/locations/eastus/operationsStatus/ccec7c3a-63c9-4108-89d5-0ca3ac62d9fd?api-version=2022-05-15-preview"
        ],
        "x-ms-request-id": [
          "ccec7c3a-63c9-4108-89d5-0ca3ac62d9fd"
        ],
        "Strict-Transport-Security": [
          "max-age=31536000; includeSubDomains"
        ],
        "x-ms-gatewayversion": [
          "version=2.14.0"
        ],
        "Server": [
          "Microsoft-HTTPAPI/2.0"
        ],
        "x-ms-ratelimit-remaining-subscription-deletes": [
          "14994"
        ],
        "x-ms-correlation-request-id": [
          "a677cf07-8757-4d4c-9dfc-53cfbd8c2016"
        ],
        "x-ms-routing-request-id": [
          "BRAZILUS:20220908T235144Z:a677cf07-8757-4d4c-9dfc-53cfbd8c2016"
        ],
        "X-Content-Type-Options": [
          "nosniff"
        ],
        "Date": [
          "Thu, 08 Sep 2022 23:51:43 GMT"
        ],
        "Content-Length": [
          "21"
        ],
        "Content-Type": [
          "application/json"
        ]
      },
      "ResponseBody": "{\r\n  \"status\": \"Enqueued\"\r\n}",
      "StatusCode": 202
    },
    {
      "RequestUri": "/subscriptions/dec9ed54-2b7f-4476-9bd0-875544af59df/providers/Microsoft.DocumentDB/locations/eastus/operationsStatus/bd1abeb6-3dfa-4934-b00b-4302236f4683?api-version=2022-05-15-preview",
      "EncodedRequestUri": "L3N1YnNjcmlwdGlvbnMvZGVjOWVkNTQtMmI3Zi00NDc2LTliZDAtODc1NTQ0YWY1OWRmL3Byb3ZpZGVycy9NaWNyb3NvZnQuRG9jdW1lbnREQi9sb2NhdGlvbnMvZWFzdHVzL29wZXJhdGlvbnNTdGF0dXMvYmQxYWJlYjYtM2RmYS00OTM0LWIwMGItNDMwMjIzNmY0NjgzP2FwaS12ZXJzaW9uPTIwMjItMDUtMTUtcHJldmlldw==",
      "RequestMethod": "GET",
      "RequestHeaders": {
        "x-ms-client-request-id": [
          "fb3ce86c-7f63-4f58-a7dc-081ef9ea1555"
        ],
        "User-Agent": [
          "FxVersion/4.700.22.36202",
          "OSName/Windows",
          "OSVersion/Microsoft.Windows.10.0.22000",
          "Microsoft.Azure.Management.CosmosDB.CosmosDBManagementClient/1.8.2"
        ]
      },
      "RequestBody": "",
      "ResponseHeaders": {
        "Cache-Control": [
          "no-store, no-cache"
        ],
        "Pragma": [
          "no-cache"
        ],
        "Strict-Transport-Security": [
          "max-age=31536000; includeSubDomains"
        ],
        "x-ms-gatewayversion": [
          "version=2.14.0"
        ],
        "Server": [
          "Microsoft-HTTPAPI/2.0"
        ],
        "x-ms-ratelimit-remaining-subscription-reads": [
          "11927"
        ],
        "x-ms-request-id": [
          "7b51d20a-a192-4405-99bc-b7d0ad755ca3"
        ],
        "x-ms-correlation-request-id": [
          "7b51d20a-a192-4405-99bc-b7d0ad755ca3"
        ],
        "x-ms-routing-request-id": [
          "BRAZILUS:20220908T235110Z:7b51d20a-a192-4405-99bc-b7d0ad755ca3"
        ],
        "X-Content-Type-Options": [
          "nosniff"
        ],
        "Date": [
          "Thu, 08 Sep 2022 23:51:10 GMT"
        ],
        "Content-Length": [
          "22"
        ],
        "Content-Type": [
          "application/json"
        ]
      },
      "ResponseBody": "{\r\n  \"status\": \"Succeeded\"\r\n}",
      "StatusCode": 200
    },
    {
      "RequestUri": "/subscriptions/dec9ed54-2b7f-4476-9bd0-875544af59df/resourceGroups/CosmosDBResourceGroup50/providers/Microsoft.DocumentDB/databaseAccounts/gremlin-db1050/gremlinDatabases/dbName/operationResults/bd1abeb6-3dfa-4934-b00b-4302236f4683?api-version=2022-05-15-preview",
      "EncodedRequestUri": "L3N1YnNjcmlwdGlvbnMvZGVjOWVkNTQtMmI3Zi00NDc2LTliZDAtODc1NTQ0YWY1OWRmL3Jlc291cmNlR3JvdXBzL0Nvc21vc0RCUmVzb3VyY2VHcm91cDUwL3Byb3ZpZGVycy9NaWNyb3NvZnQuRG9jdW1lbnREQi9kYXRhYmFzZUFjY291bnRzL2dyZW1saW4tZGIxMDUwL2dyZW1saW5EYXRhYmFzZXMvZGJOYW1lL29wZXJhdGlvblJlc3VsdHMvYmQxYWJlYjYtM2RmYS00OTM0LWIwMGItNDMwMjIzNmY0NjgzP2FwaS12ZXJzaW9uPTIwMjItMDUtMTUtcHJldmlldw==",
      "RequestMethod": "GET",
      "RequestHeaders": {
        "x-ms-client-request-id": [
          "fb3ce86c-7f63-4f58-a7dc-081ef9ea1555"
        ],
        "User-Agent": [
          "FxVersion/4.700.22.36202",
          "OSName/Windows",
          "OSVersion/Microsoft.Windows.10.0.22000",
          "Microsoft.Azure.Management.CosmosDB.CosmosDBManagementClient/1.8.2"
        ]
      },
      "RequestBody": "",
      "ResponseHeaders": {
        "Cache-Control": [
          "no-store, no-cache"
        ],
        "Pragma": [
          "no-cache"
        ],
        "Strict-Transport-Security": [
          "max-age=31536000; includeSubDomains"
        ],
        "x-ms-gatewayversion": [
          "version=2.14.0"
        ],
        "Server": [
          "Microsoft-HTTPAPI/2.0"
        ],
        "x-ms-ratelimit-remaining-subscription-reads": [
          "11926"
        ],
        "x-ms-request-id": [
          "92562bd0-d5ca-42e0-b070-ed1ac6db267c"
        ],
        "x-ms-correlation-request-id": [
          "92562bd0-d5ca-42e0-b070-ed1ac6db267c"
        ],
        "x-ms-routing-request-id": [
          "BRAZILUS:20220908T235110Z:92562bd0-d5ca-42e0-b070-ed1ac6db267c"
        ],
        "X-Content-Type-Options": [
          "nosniff"
        ],
        "Date": [
          "Thu, 08 Sep 2022 23:51:10 GMT"
        ],
        "Content-Type": [
          "application/json"
        ]
      },
      "ResponseBody": "",
      "StatusCode": 204
    },
    {
      "RequestUri": "/subscriptions/dec9ed54-2b7f-4476-9bd0-875544af59df/providers/Microsoft.DocumentDB/locations/eastus/operationsStatus/de720ad9-50a5-4727-8881-7f8d58379027?api-version=2022-05-15-preview",
      "EncodedRequestUri": "L3N1YnNjcmlwdGlvbnMvZGVjOWVkNTQtMmI3Zi00NDc2LTliZDAtODc1NTQ0YWY1OWRmL3Byb3ZpZGVycy9NaWNyb3NvZnQuRG9jdW1lbnREQi9sb2NhdGlvbnMvZWFzdHVzL29wZXJhdGlvbnNTdGF0dXMvZGU3MjBhZDktNTBhNS00NzI3LTg4ODEtN2Y4ZDU4Mzc5MDI3P2FwaS12ZXJzaW9uPTIwMjItMDUtMTUtcHJldmlldw==",
      "RequestMethod": "GET",
      "RequestHeaders": {
        "x-ms-client-request-id": [
          "f6338c26-c024-4457-aeff-3884b610b906"
        ],
        "User-Agent": [
          "FxVersion/4.700.22.36202",
          "OSName/Windows",
          "OSVersion/Microsoft.Windows.10.0.22000",
          "Microsoft.Azure.Management.CosmosDB.CosmosDBManagementClient/1.8.2"
        ]
      },
      "RequestBody": "",
      "ResponseHeaders": {
        "Cache-Control": [
          "no-store, no-cache"
        ],
        "Pragma": [
          "no-cache"
        ],
        "Strict-Transport-Security": [
          "max-age=31536000; includeSubDomains"
        ],
        "x-ms-gatewayversion": [
          "version=2.14.0"
        ],
        "Server": [
          "Microsoft-HTTPAPI/2.0"
        ],
        "x-ms-ratelimit-remaining-subscription-reads": [
          "11934"
        ],
        "x-ms-request-id": [
          "12eeec32-de72-46cc-a349-264e7d2d794c"
        ],
        "x-ms-correlation-request-id": [
          "12eeec32-de72-46cc-a349-264e7d2d794c"
        ],
        "x-ms-routing-request-id": [
          "BRAZILUS:20220908T235142Z:12eeec32-de72-46cc-a349-264e7d2d794c"
        ],
        "X-Content-Type-Options": [
          "nosniff"
        ],
        "Date": [
          "Thu, 08 Sep 2022 23:51:42 GMT"
        ],
        "Content-Length": [
          "22"
        ],
        "Content-Type": [
          "application/json"
        ]
      },
      "ResponseBody": "{\r\n  \"status\": \"Succeeded\"\r\n}",
      "StatusCode": 200
    },
    {
      "RequestUri": "/subscriptions/dec9ed54-2b7f-4476-9bd0-875544af59df/resourceGroups/CosmosDBResourceGroup50/providers/Microsoft.DocumentDB/databaseAccounts/gremlin-db1050/gremlinDatabases/dbName/graphs/graph1/operationResults/de720ad9-50a5-4727-8881-7f8d58379027?api-version=2022-05-15-preview",
      "EncodedRequestUri": "L3N1YnNjcmlwdGlvbnMvZGVjOWVkNTQtMmI3Zi00NDc2LTliZDAtODc1NTQ0YWY1OWRmL3Jlc291cmNlR3JvdXBzL0Nvc21vc0RCUmVzb3VyY2VHcm91cDUwL3Byb3ZpZGVycy9NaWNyb3NvZnQuRG9jdW1lbnREQi9kYXRhYmFzZUFjY291bnRzL2dyZW1saW4tZGIxMDUwL2dyZW1saW5EYXRhYmFzZXMvZGJOYW1lL2dyYXBocy9ncmFwaDEvb3BlcmF0aW9uUmVzdWx0cy9kZTcyMGFkOS01MGE1LTQ3MjctODg4MS03ZjhkNTgzNzkwMjc/YXBpLXZlcnNpb249MjAyMi0wNS0xNS1wcmV2aWV3",
      "RequestMethod": "GET",
      "RequestHeaders": {
        "x-ms-client-request-id": [
          "f6338c26-c024-4457-aeff-3884b610b906"
        ],
        "User-Agent": [
          "FxVersion/4.700.22.36202",
          "OSName/Windows",
          "OSVersion/Microsoft.Windows.10.0.22000",
          "Microsoft.Azure.Management.CosmosDB.CosmosDBManagementClient/1.8.2"
        ]
      },
      "RequestBody": "",
      "ResponseHeaders": {
        "Cache-Control": [
          "no-store, no-cache"
        ],
        "Pragma": [
          "no-cache"
        ],
        "Strict-Transport-Security": [
          "max-age=31536000; includeSubDomains"
        ],
        "x-ms-gatewayversion": [
          "version=2.14.0"
        ],
        "Server": [
          "Microsoft-HTTPAPI/2.0"
        ],
        "x-ms-ratelimit-remaining-subscription-reads": [
          "11933"
        ],
        "x-ms-request-id": [
          "32ccd74a-f520-4d97-ad2c-2d914022d002"
        ],
        "x-ms-correlation-request-id": [
          "32ccd74a-f520-4d97-ad2c-2d914022d002"
        ],
        "x-ms-routing-request-id": [
          "BRAZILUS:20220908T235142Z:32ccd74a-f520-4d97-ad2c-2d914022d002"
        ],
        "X-Content-Type-Options": [
          "nosniff"
        ],
        "Date": [
          "Thu, 08 Sep 2022 23:51:42 GMT"
        ],
        "Content-Type": [
          "application/json"
        ]
      },
      "ResponseBody": "",
      "StatusCode": 204
    },
    {
      "RequestUri": "/subscriptions/dec9ed54-2b7f-4476-9bd0-875544af59df/providers/Microsoft.DocumentDB/locations/eastus/operationsStatus/ccec7c3a-63c9-4108-89d5-0ca3ac62d9fd?api-version=2022-05-15-preview",
      "EncodedRequestUri": "L3N1YnNjcmlwdGlvbnMvZGVjOWVkNTQtMmI3Zi00NDc2LTliZDAtODc1NTQ0YWY1OWRmL3Byb3ZpZGVycy9NaWNyb3NvZnQuRG9jdW1lbnREQi9sb2NhdGlvbnMvZWFzdHVzL29wZXJhdGlvbnNTdGF0dXMvY2NlYzdjM2EtNjNjOS00MTA4LTg5ZDUtMGNhM2FjNjJkOWZkP2FwaS12ZXJzaW9uPTIwMjItMDUtMTUtcHJldmlldw==",
      "RequestMethod": "GET",
      "RequestHeaders": {
        "x-ms-client-request-id": [
          "25bda2b4-eac5-40fa-8fc9-243034823dd2"
        ],
        "User-Agent": [
          "FxVersion/4.700.22.36202",
          "OSName/Windows",
          "OSVersion/Microsoft.Windows.10.0.22000",
          "Microsoft.Azure.Management.CosmosDB.CosmosDBManagementClient/1.8.2"
        ]
      },
      "RequestBody": "",
      "ResponseHeaders": {
        "Cache-Control": [
          "no-store, no-cache"
        ],
        "Pragma": [
          "no-cache"
        ],
        "Strict-Transport-Security": [
          "max-age=31536000; includeSubDomains"
        ],
        "x-ms-gatewayversion": [
          "version=2.14.0"
        ],
        "Server": [
          "Microsoft-HTTPAPI/2.0"
        ],
        "x-ms-ratelimit-remaining-subscription-reads": [
          "11968"
        ],
        "x-ms-request-id": [
          "c97cea88-a073-419c-a084-c9c8fe6c8c52"
        ],
        "x-ms-correlation-request-id": [
          "c97cea88-a073-419c-a084-c9c8fe6c8c52"
        ],
        "x-ms-routing-request-id": [
          "BRAZILUS:20220908T235214Z:c97cea88-a073-419c-a084-c9c8fe6c8c52"
        ],
        "X-Content-Type-Options": [
          "nosniff"
        ],
        "Date": [
          "Thu, 08 Sep 2022 23:52:13 GMT"
        ],
        "Content-Length": [
          "22"
        ],
        "Content-Type": [
          "application/json"
        ]
      },
      "ResponseBody": "{\r\n  \"status\": \"Succeeded\"\r\n}",
      "StatusCode": 200
    },
    {
      "RequestUri": "/subscriptions/dec9ed54-2b7f-4476-9bd0-875544af59df/resourceGroups/CosmosDBResourceGroup50/providers/Microsoft.DocumentDB/databaseAccounts/gremlin-db1050/gremlinDatabases/dbName/operationResults/ccec7c3a-63c9-4108-89d5-0ca3ac62d9fd?api-version=2022-05-15-preview",
      "EncodedRequestUri": "L3N1YnNjcmlwdGlvbnMvZGVjOWVkNTQtMmI3Zi00NDc2LTliZDAtODc1NTQ0YWY1OWRmL3Jlc291cmNlR3JvdXBzL0Nvc21vc0RCUmVzb3VyY2VHcm91cDUwL3Byb3ZpZGVycy9NaWNyb3NvZnQuRG9jdW1lbnREQi9kYXRhYmFzZUFjY291bnRzL2dyZW1saW4tZGIxMDUwL2dyZW1saW5EYXRhYmFzZXMvZGJOYW1lL29wZXJhdGlvblJlc3VsdHMvY2NlYzdjM2EtNjNjOS00MTA4LTg5ZDUtMGNhM2FjNjJkOWZkP2FwaS12ZXJzaW9uPTIwMjItMDUtMTUtcHJldmlldw==",
      "RequestMethod": "GET",
      "RequestHeaders": {
        "x-ms-client-request-id": [
          "25bda2b4-eac5-40fa-8fc9-243034823dd2"
        ],
        "User-Agent": [
          "FxVersion/4.700.22.36202",
          "OSName/Windows",
          "OSVersion/Microsoft.Windows.10.0.22000",
          "Microsoft.Azure.Management.CosmosDB.CosmosDBManagementClient/1.8.2"
        ]
      },
      "RequestBody": "",
      "ResponseHeaders": {
        "Cache-Control": [
          "no-store, no-cache"
        ],
        "Pragma": [
          "no-cache"
        ],
        "Strict-Transport-Security": [
          "max-age=31536000; includeSubDomains"
        ],
        "x-ms-gatewayversion": [
          "version=2.14.0"
        ],
        "Server": [
          "Microsoft-HTTPAPI/2.0"
        ],
        "x-ms-ratelimit-remaining-subscription-reads": [
          "11967"
        ],
        "x-ms-request-id": [
          "abfdb71b-dca2-47de-821b-17a3105035c8"
        ],
        "x-ms-correlation-request-id": [
          "abfdb71b-dca2-47de-821b-17a3105035c8"
        ],
        "x-ms-routing-request-id": [
          "BRAZILUS:20220908T235214Z:abfdb71b-dca2-47de-821b-17a3105035c8"
        ],
        "X-Content-Type-Options": [
          "nosniff"
        ],
        "Date": [
          "Thu, 08 Sep 2022 23:52:14 GMT"
        ],
        "Content-Type": [
          "application/json"
        ]
      },
      "ResponseBody": "",
      "StatusCode": 204
    }
  ],
  "Names": {},
  "Variables": {
    "SubscriptionId": "dec9ed54-2b7f-4476-9bd0-875544af59df"
  }
}