{
  "Entries": [
    {
      "RequestUri": "/subscriptions/dec9ed54-2b7f-4476-9bd0-875544af59df/resourcegroups/CosmosDBResourceGroup53?api-version=2016-09-01",
      "EncodedRequestUri": "L3N1YnNjcmlwdGlvbnMvZGVjOWVkNTQtMmI3Zi00NDc2LTliZDAtODc1NTQ0YWY1OWRmL3Jlc291cmNlZ3JvdXBzL0Nvc21vc0RCUmVzb3VyY2VHcm91cDUzP2FwaS12ZXJzaW9uPTIwMTYtMDktMDE=",
      "RequestMethod": "PUT",
      "RequestHeaders": {
        "x-ms-client-request-id": [
          "45ad4c89-10df-4aa6-a2dc-b29a5c7088b3"
        ],
        "Accept-Language": [
          "en-US"
        ],
        "User-Agent": [
          "FxVersion/4.700.22.41602",
          "OSName/Windows",
          "OSVersion/Microsoft.Windows.10.0.22000",
          "Microsoft.Azure.Management.Internal.Resources.ResourceManagementClient/1.3.59"
        ],
        "Content-Type": [
          "application/json; charset=utf-8"
        ],
        "Content-Length": [
          "29"
        ]
      },
      "RequestBody": "{\r\n  \"location\": \"East US\"\r\n}",
      "ResponseHeaders": {
        "Cache-Control": [
          "no-cache"
        ],
        "Pragma": [
          "no-cache"
        ],
        "x-ms-ratelimit-remaining-subscription-writes": [
          "1195"
        ],
        "x-ms-request-id": [
          "949f81ec-cebb-4944-bfb3-22dd44227958"
        ],
        "x-ms-correlation-request-id": [
          "949f81ec-cebb-4944-bfb3-22dd44227958"
        ],
        "x-ms-routing-request-id": [
          "BRAZILUS:20220916T000648Z:949f81ec-cebb-4944-bfb3-22dd44227958"
        ],
        "Strict-Transport-Security": [
          "max-age=31536000; includeSubDomains"
        ],
        "X-Content-Type-Options": [
          "nosniff"
        ],
        "Date": [
          "Fri, 16 Sep 2022 00:06:48 GMT"
        ],
        "Content-Length": [
          "199"
        ],
        "Content-Type": [
          "application/json; charset=utf-8"
        ],
        "Expires": [
          "-1"
        ]
      },
      "ResponseBody": "{\r\n  \"id\": \"/subscriptions/dec9ed54-2b7f-4476-9bd0-875544af59df/resourceGroups/CosmosDBResourceGroup53\",\r\n  \"name\": \"CosmosDBResourceGroup53\",\r\n  \"location\": \"eastus\",\r\n  \"properties\": {\r\n    \"provisioningState\": \"Succeeded\"\r\n  }\r\n}",
      "StatusCode": 201
    },
    {
      "RequestUri": "/subscriptions/dec9ed54-2b7f-4476-9bd0-875544af59df/resourceGroups/CosmosDBResourceGroup53/providers/Microsoft.DocumentDB/databaseAccounts/gremlin-db1053?api-version=2022-05-15-preview",
      "EncodedRequestUri": "L3N1YnNjcmlwdGlvbnMvZGVjOWVkNTQtMmI3Zi00NDc2LTliZDAtODc1NTQ0YWY1OWRmL3Jlc291cmNlR3JvdXBzL0Nvc21vc0RCUmVzb3VyY2VHcm91cDUzL3Byb3ZpZGVycy9NaWNyb3NvZnQuRG9jdW1lbnREQi9kYXRhYmFzZUFjY291bnRzL2dyZW1saW4tZGIxMDUzP2FwaS12ZXJzaW9uPTIwMjItMDUtMTUtcHJldmlldw==",
      "RequestMethod": "GET",
      "RequestHeaders": {
        "x-ms-client-request-id": [
          "322633d8-ca3c-4d30-a4fb-dd68559772d0"
        ],
        "Accept-Language": [
          "en-US"
        ],
        "User-Agent": [
          "FxVersion/4.700.22.41602",
          "OSName/Windows",
          "OSVersion/Microsoft.Windows.10.0.22000",
          "Microsoft.Azure.Management.CosmosDB.CosmosDBManagementClient/1.8.2"
        ]
      },
      "RequestBody": "",
      "ResponseHeaders": {
        "Cache-Control": [
          "no-cache"
        ],
        "Pragma": [
          "no-cache"
        ],
        "x-ms-failure-cause": [
          "gateway"
        ],
        "x-ms-request-id": [
          "d54cf7d0-7c03-4fa2-9d26-ee7eedd1d06e"
        ],
        "x-ms-correlation-request-id": [
          "d54cf7d0-7c03-4fa2-9d26-ee7eedd1d06e"
        ],
        "x-ms-routing-request-id": [
          "BRAZILUS:20220916T000649Z:d54cf7d0-7c03-4fa2-9d26-ee7eedd1d06e"
        ],
        "Strict-Transport-Security": [
          "max-age=31536000; includeSubDomains"
        ],
        "X-Content-Type-Options": [
          "nosniff"
        ],
        "Date": [
          "Fri, 16 Sep 2022 00:06:49 GMT"
        ],
        "Content-Type": [
          "application/json; charset=utf-8"
        ],
        "Expires": [
          "-1"
        ],
        "Content-Length": [
          "247"
        ]
      },
      "ResponseBody": "{\r\n  \"error\": {\r\n    \"code\": \"ResourceNotFound\",\r\n    \"message\": \"The Resource 'Microsoft.DocumentDB/databaseAccounts/gremlin-db1053' under resource group 'CosmosDBResourceGroup53' was not found. For more details please go to https://aka.ms/ARMResourceNotFoundFix\"\r\n  }\r\n}",
      "StatusCode": 404
    },
    {
      "RequestUri": "/subscriptions/dec9ed54-2b7f-4476-9bd0-875544af59df/resourceGroups/CosmosDBResourceGroup53/providers/Microsoft.DocumentDB/databaseAccounts/gremlin-db1053?api-version=2022-05-15-preview",
      "EncodedRequestUri": "L3N1YnNjcmlwdGlvbnMvZGVjOWVkNTQtMmI3Zi00NDc2LTliZDAtODc1NTQ0YWY1OWRmL3Jlc291cmNlR3JvdXBzL0Nvc21vc0RCUmVzb3VyY2VHcm91cDUzL3Byb3ZpZGVycy9NaWNyb3NvZnQuRG9jdW1lbnREQi9kYXRhYmFzZUFjY291bnRzL2dyZW1saW4tZGIxMDUzP2FwaS12ZXJzaW9uPTIwMjItMDUtMTUtcHJldmlldw==",
      "RequestMethod": "GET",
      "RequestHeaders": {
        "x-ms-client-request-id": [
          "322633d8-ca3c-4d30-a4fb-dd68559772d0"
        ],
        "User-Agent": [
          "FxVersion/4.700.22.41602",
          "OSName/Windows",
          "OSVersion/Microsoft.Windows.10.0.22000",
          "Microsoft.Azure.Management.CosmosDB.CosmosDBManagementClient/1.8.2"
        ]
      },
      "RequestBody": "",
      "ResponseHeaders": {
        "Cache-Control": [
          "no-store, no-cache"
        ],
        "Pragma": [
          "no-cache"
        ],
        "Strict-Transport-Security": [
          "max-age=31536000; includeSubDomains"
        ],
        "x-ms-gatewayversion": [
          "version=2.14.0"
        ],
        "Server": [
          "Microsoft-HTTPAPI/2.0"
        ],
        "x-ms-ratelimit-remaining-subscription-reads": [
          "11966"
        ],
        "x-ms-request-id": [
          "4f0fe5de-bb6e-4bed-b688-df02b4e6da09"
        ],
        "x-ms-correlation-request-id": [
          "4f0fe5de-bb6e-4bed-b688-df02b4e6da09"
        ],
        "x-ms-routing-request-id": [
          "BRAZILUS:20220916T000955Z:4f0fe5de-bb6e-4bed-b688-df02b4e6da09"
        ],
        "X-Content-Type-Options": [
          "nosniff"
        ],
        "Date": [
          "Fri, 16 Sep 2022 00:09:55 GMT"
        ],
        "Content-Length": [
          "2704"
        ],
        "Content-Type": [
          "application/json"
        ]
      },
      "ResponseBody": "{\r\n  \"id\": \"/subscriptions/dec9ed54-2b7f-4476-9bd0-875544af59df/resourceGroups/CosmosDBResourceGroup53/providers/Microsoft.DocumentDB/databaseAccounts/gremlin-db1053\",\r\n  \"name\": \"gremlin-db1053\",\r\n  \"location\": \"East US\",\r\n  \"type\": \"Microsoft.DocumentDB/databaseAccounts\",\r\n  \"kind\": \"GlobalDocumentDB\",\r\n  \"tags\": {},\r\n  \"systemData\": {\r\n    \"createdAt\": \"2022-09-16T00:09:02.9968289Z\"\r\n  },\r\n  \"properties\": {\r\n    \"provisioningState\": \"Succeeded\",\r\n    \"documentEndpoint\": \"https://gremlin-db1053.documents.azure.com:443/\",\r\n    \"gremlinEndpoint\": \"https://gremlin-db1053.gremlin.cosmos.azure.com:443/\",\r\n    \"publicNetworkAccess\": \"Enabled\",\r\n    \"enableAutomaticFailover\": false,\r\n    \"enableMultipleWriteLocations\": false,\r\n    \"enablePartitionKeyMonitor\": false,\r\n    \"isVirtualNetworkFilterEnabled\": false,\r\n    \"virtualNetworkRules\": [],\r\n    \"EnabledApiTypes\": \"Gremlin, Sql\",\r\n    \"disableKeyBasedMetadataWriteAccess\": false,\r\n    \"enableFreeTier\": false,\r\n    \"enableAnalyticalStorage\": false,\r\n    \"analyticalStorageConfiguration\": {\r\n      \"schemaType\": \"WellDefined\"\r\n    },\r\n    \"instanceId\": \"919775c9-b1a2-45df-989a-d4bc8ea3977d\",\r\n    \"databaseAccountOfferType\": \"Standard\",\r\n    \"enableMaterializedViews\": false,\r\n    \"defaultIdentity\": \"FirstPartyIdentity\",\r\n    \"networkAclBypass\": \"None\",\r\n    \"disableLocalAuth\": false,\r\n    \"consistencyPolicy\": {\r\n      \"defaultConsistencyLevel\": \"Session\",\r\n      \"maxIntervalInSeconds\": 5,\r\n      \"maxStalenessPrefix\": 100\r\n    },\r\n    \"configurationOverrides\": {},\r\n    \"writeLocations\": [\r\n      {\r\n        \"id\": \"gremlin-db1053-eastus\",\r\n        \"locationName\": \"East US\",\r\n        \"documentEndpoint\": \"https://gremlin-db1053-eastus.documents.azure.com:443/\",\r\n        \"provisioningState\": \"Succeeded\",\r\n        \"failoverPriority\": 0,\r\n        \"isZoneRedundant\": false\r\n      }\r\n    ],\r\n    \"readLocations\": [\r\n      {\r\n        \"id\": \"gremlin-db1053-eastus\",\r\n        \"locationName\": \"East US\",\r\n        \"documentEndpoint\": \"https://gremlin-db1053-eastus.documents.azure.com:443/\",\r\n        \"provisioningState\": \"Succeeded\",\r\n        \"failoverPriority\": 0,\r\n        \"isZoneRedundant\": false\r\n      }\r\n    ],\r\n    \"locations\": [\r\n      {\r\n        \"id\": \"gremlin-db1053-eastus\",\r\n        \"locationName\": \"East US\",\r\n        \"documentEndpoint\": \"https://gremlin-db1053-eastus.documents.azure.com:443/\",\r\n        \"provisioningState\": \"Succeeded\",\r\n        \"failoverPriority\": 0,\r\n        \"isZoneRedundant\": false\r\n      }\r\n    ],\r\n    \"failoverPolicies\": [\r\n      {\r\n        \"id\": \"gremlin-db1053-eastus\",\r\n        \"locationName\": \"East US\",\r\n        \"failoverPriority\": 0\r\n      }\r\n    ],\r\n    \"cors\": [],\r\n    \"capabilities\": [\r\n      {\r\n        \"name\": \"EnableGremlin\"\r\n      }\r\n    ],\r\n    \"ipRules\": [],\r\n    \"backupPolicy\": {\r\n      \"type\": \"Periodic\",\r\n      \"periodicModeProperties\": {\r\n        \"backupIntervalInMinutes\": 240,\r\n        \"backupRetentionIntervalInHours\": 8,\r\n        \"backupStorageRedundancy\": \"Geo\"\r\n      }\r\n    },\r\n    \"networkAclBypassResourceIds\": [],\r\n    \"diagnosticLogSettings\": {\r\n      \"enableFullTextQuery\": \"None\"\r\n    },\r\n    \"keysMetadata\": {\r\n      \"primaryMasterKey\": {\r\n        \"generationTime\": \"2022-09-16T00:09:02.9968289Z\"\r\n      },\r\n      \"secondaryMasterKey\": {\r\n        \"generationTime\": \"2022-09-16T00:09:02.9968289Z\"\r\n      },\r\n      \"primaryReadonlyMasterKey\": {\r\n        \"generationTime\": \"2022-09-16T00:09:02.9968289Z\"\r\n      },\r\n      \"secondaryReadonlyMasterKey\": {\r\n        \"generationTime\": \"2022-09-16T00:09:02.9968289Z\"\r\n      }\r\n    }\r\n  },\r\n  \"identity\": {\r\n    \"type\": \"None\"\r\n  }\r\n}",
      "StatusCode": 200
    },
    {
      "RequestUri": "/subscriptions/dec9ed54-2b7f-4476-9bd0-875544af59df/resourceGroups/CosmosDBResourceGroup53/providers/Microsoft.DocumentDB/databaseAccounts/gremlin-db1053?api-version=2022-05-15-preview",
      "EncodedRequestUri": "L3N1YnNjcmlwdGlvbnMvZGVjOWVkNTQtMmI3Zi00NDc2LTliZDAtODc1NTQ0YWY1OWRmL3Jlc291cmNlR3JvdXBzL0Nvc21vc0RCUmVzb3VyY2VHcm91cDUzL3Byb3ZpZGVycy9NaWNyb3NvZnQuRG9jdW1lbnREQi9kYXRhYmFzZUFjY291bnRzL2dyZW1saW4tZGIxMDUzP2FwaS12ZXJzaW9uPTIwMjItMDUtMTUtcHJldmlldw==",
      "RequestMethod": "GET",
      "RequestHeaders": {
        "x-ms-client-request-id": [
          "bbc5b83f-b7dc-4383-a0a6-339d39a9810d"
        ],
        "Accept-Language": [
          "en-US"
        ],
        "User-Agent": [
          "FxVersion/4.700.22.41602",
          "OSName/Windows",
          "OSVersion/Microsoft.Windows.10.0.22000",
          "Microsoft.Azure.Management.CosmosDB.CosmosDBManagementClient/1.8.2"
        ]
      },
      "RequestBody": "",
      "ResponseHeaders": {
        "Cache-Control": [
          "no-store, no-cache"
        ],
        "Pragma": [
          "no-cache"
        ],
        "Strict-Transport-Security": [
          "max-age=31536000; includeSubDomains"
        ],
        "x-ms-gatewayversion": [
          "version=2.14.0"
        ],
        "Server": [
          "Microsoft-HTTPAPI/2.0"
        ],
        "x-ms-ratelimit-remaining-subscription-reads": [
          "11954"
        ],
        "x-ms-request-id": [
          "96af1df7-427b-405a-83d6-05914d9cff1c"
        ],
        "x-ms-correlation-request-id": [
          "96af1df7-427b-405a-83d6-05914d9cff1c"
        ],
        "x-ms-routing-request-id": [
          "BRAZILUS:20220916T001134Z:96af1df7-427b-405a-83d6-05914d9cff1c"
        ],
        "X-Content-Type-Options": [
          "nosniff"
        ],
        "Date": [
          "Fri, 16 Sep 2022 00:11:34 GMT"
        ],
        "Content-Length": [
          "2704"
        ],
        "Content-Type": [
          "application/json"
        ]
      },
      "ResponseBody": "{\r\n  \"id\": \"/subscriptions/dec9ed54-2b7f-4476-9bd0-875544af59df/resourceGroups/CosmosDBResourceGroup53/providers/Microsoft.DocumentDB/databaseAccounts/gremlin-db1053\",\r\n  \"name\": \"gremlin-db1053\",\r\n  \"location\": \"East US\",\r\n  \"type\": \"Microsoft.DocumentDB/databaseAccounts\",\r\n  \"kind\": \"GlobalDocumentDB\",\r\n  \"tags\": {},\r\n  \"systemData\": {\r\n    \"createdAt\": \"2022-09-16T00:09:02.9968289Z\"\r\n  },\r\n  \"properties\": {\r\n    \"provisioningState\": \"Succeeded\",\r\n    \"documentEndpoint\": \"https://gremlin-db1053.documents.azure.com:443/\",\r\n    \"gremlinEndpoint\": \"https://gremlin-db1053.gremlin.cosmos.azure.com:443/\",\r\n    \"publicNetworkAccess\": \"Enabled\",\r\n    \"enableAutomaticFailover\": false,\r\n    \"enableMultipleWriteLocations\": false,\r\n    \"enablePartitionKeyMonitor\": false,\r\n    \"isVirtualNetworkFilterEnabled\": false,\r\n    \"virtualNetworkRules\": [],\r\n    \"EnabledApiTypes\": \"Gremlin, Sql\",\r\n    \"disableKeyBasedMetadataWriteAccess\": false,\r\n    \"enableFreeTier\": false,\r\n    \"enableAnalyticalStorage\": false,\r\n    \"analyticalStorageConfiguration\": {\r\n      \"schemaType\": \"WellDefined\"\r\n    },\r\n    \"instanceId\": \"919775c9-b1a2-45df-989a-d4bc8ea3977d\",\r\n    \"databaseAccountOfferType\": \"Standard\",\r\n    \"enableMaterializedViews\": false,\r\n    \"defaultIdentity\": \"FirstPartyIdentity\",\r\n    \"networkAclBypass\": \"None\",\r\n    \"disableLocalAuth\": false,\r\n    \"consistencyPolicy\": {\r\n      \"defaultConsistencyLevel\": \"Session\",\r\n      \"maxIntervalInSeconds\": 5,\r\n      \"maxStalenessPrefix\": 100\r\n    },\r\n    \"configurationOverrides\": {},\r\n    \"writeLocations\": [\r\n      {\r\n        \"id\": \"gremlin-db1053-eastus\",\r\n        \"locationName\": \"East US\",\r\n        \"documentEndpoint\": \"https://gremlin-db1053-eastus.documents.azure.com:443/\",\r\n        \"provisioningState\": \"Succeeded\",\r\n        \"failoverPriority\": 0,\r\n        \"isZoneRedundant\": false\r\n      }\r\n    ],\r\n    \"readLocations\": [\r\n      {\r\n        \"id\": \"gremlin-db1053-eastus\",\r\n        \"locationName\": \"East US\",\r\n        \"documentEndpoint\": \"https://gremlin-db1053-eastus.documents.azure.com:443/\",\r\n        \"provisioningState\": \"Succeeded\",\r\n        \"failoverPriority\": 0,\r\n        \"isZoneRedundant\": false\r\n      }\r\n    ],\r\n    \"locations\": [\r\n      {\r\n        \"id\": \"gremlin-db1053-eastus\",\r\n        \"locationName\": \"East US\",\r\n        \"documentEndpoint\": \"https://gremlin-db1053-eastus.documents.azure.com:443/\",\r\n        \"provisioningState\": \"Succeeded\",\r\n        \"failoverPriority\": 0,\r\n        \"isZoneRedundant\": false\r\n      }\r\n    ],\r\n    \"failoverPolicies\": [\r\n      {\r\n        \"id\": \"gremlin-db1053-eastus\",\r\n        \"locationName\": \"East US\",\r\n        \"failoverPriority\": 0\r\n      }\r\n    ],\r\n    \"cors\": [],\r\n    \"capabilities\": [\r\n      {\r\n        \"name\": \"EnableGremlin\"\r\n      }\r\n    ],\r\n    \"ipRules\": [],\r\n    \"backupPolicy\": {\r\n      \"type\": \"Periodic\",\r\n      \"periodicModeProperties\": {\r\n        \"backupIntervalInMinutes\": 240,\r\n        \"backupRetentionIntervalInHours\": 8,\r\n        \"backupStorageRedundancy\": \"Geo\"\r\n      }\r\n    },\r\n    \"networkAclBypassResourceIds\": [],\r\n    \"diagnosticLogSettings\": {\r\n      \"enableFullTextQuery\": \"None\"\r\n    },\r\n    \"keysMetadata\": {\r\n      \"primaryMasterKey\": {\r\n        \"generationTime\": \"2022-09-16T00:09:02.9968289Z\"\r\n      },\r\n      \"secondaryMasterKey\": {\r\n        \"generationTime\": \"2022-09-16T00:09:02.9968289Z\"\r\n      },\r\n      \"primaryReadonlyMasterKey\": {\r\n        \"generationTime\": \"2022-09-16T00:09:02.9968289Z\"\r\n      },\r\n      \"secondaryReadonlyMasterKey\": {\r\n        \"generationTime\": \"2022-09-16T00:09:02.9968289Z\"\r\n      }\r\n    }\r\n  },\r\n  \"identity\": {\r\n    \"type\": \"None\"\r\n  }\r\n}",
      "StatusCode": 200
    },
    {
      "RequestUri": "/subscriptions/dec9ed54-2b7f-4476-9bd0-875544af59df/resourceGroups/CosmosDBResourceGroup53/providers/Microsoft.DocumentDB/databaseAccounts/gremlin-db1053?api-version=2022-05-15-preview",
      "EncodedRequestUri": "L3N1YnNjcmlwdGlvbnMvZGVjOWVkNTQtMmI3Zi00NDc2LTliZDAtODc1NTQ0YWY1OWRmL3Jlc291cmNlR3JvdXBzL0Nvc21vc0RCUmVzb3VyY2VHcm91cDUzL3Byb3ZpZGVycy9NaWNyb3NvZnQuRG9jdW1lbnREQi9kYXRhYmFzZUFjY291bnRzL2dyZW1saW4tZGIxMDUzP2FwaS12ZXJzaW9uPTIwMjItMDUtMTUtcHJldmlldw==",
      "RequestMethod": "PUT",
      "RequestHeaders": {
        "x-ms-client-request-id": [
          "322633d8-ca3c-4d30-a4fb-dd68559772d0"
        ],
        "Accept-Language": [
          "en-US"
        ],
        "User-Agent": [
          "FxVersion/4.700.22.41602",
          "OSName/Windows",
          "OSVersion/Microsoft.Windows.10.0.22000",
          "Microsoft.Azure.Management.CosmosDB.CosmosDBManagementClient/1.8.2"
        ],
        "Content-Type": [
          "application/json; charset=utf-8"
        ],
        "Content-Length": [
          "673"
        ]
      },
      "RequestBody": "{\r\n  \"properties\": {\r\n    \"consistencyPolicy\": {\r\n      \"defaultConsistencyLevel\": \"Session\"\r\n    },\r\n    \"locations\": [\r\n      {\r\n        \"locationName\": \"East Us\",\r\n        \"failoverPriority\": 0,\r\n        \"isZoneRedundant\": false\r\n      }\r\n    ],\r\n    \"isVirtualNetworkFilterEnabled\": false,\r\n    \"enableAutomaticFailover\": false,\r\n    \"capabilities\": [\r\n      {\r\n        \"name\": \"EnableGremlin\"\r\n      }\r\n    ],\r\n    \"virtualNetworkRules\": [],\r\n    \"enableMultipleWriteLocations\": false,\r\n    \"disableKeyBasedMetadataWriteAccess\": false,\r\n    \"networkAclBypassResourceIds\": [],\r\n    \"databaseAccountOfferType\": \"Standard\"\r\n  },\r\n  \"location\": \"East Us\",\r\n  \"tags\": {}\r\n}",
      "ResponseHeaders": {
        "Cache-Control": [
          "no-store, no-cache"
        ],
        "Pragma": [
          "no-cache"
        ],
        "Location": [
          "https://management.azure.com/subscriptions/dec9ed54-2b7f-4476-9bd0-875544af59df/resourceGroups/CosmosDBResourceGroup53/providers/Microsoft.DocumentDB/databaseAccounts/gremlin-db1053/operationResults/d359c739-1edd-4c30-9372-fb4495fa1088?api-version=2022-05-15-preview"
        ],
        "x-ms-request-id": [
          "d359c739-1edd-4c30-9372-fb4495fa1088"
        ],
        "Azure-AsyncOperation": [
          "https://management.azure.com/subscriptions/dec9ed54-2b7f-4476-9bd0-875544af59df/providers/Microsoft.DocumentDB/locations/eastus/operationsStatus/d359c739-1edd-4c30-9372-fb4495fa1088?api-version=2022-05-15-preview"
        ],
        "Strict-Transport-Security": [
          "max-age=31536000; includeSubDomains"
        ],
        "x-ms-gatewayversion": [
          "version=2.14.0"
        ],
        "Server": [
          "Microsoft-HTTPAPI/2.0"
        ],
        "x-ms-ratelimit-remaining-subscription-writes": [
          "1194"
        ],
        "x-ms-correlation-request-id": [
          "2970dfff-11fb-4a30-866f-56bf6ad9a659"
        ],
        "x-ms-routing-request-id": [
          "BRAZILUS:20220916T000653Z:2970dfff-11fb-4a30-866f-56bf6ad9a659"
        ],
        "X-Content-Type-Options": [
          "nosniff"
        ],
        "Date": [
          "Fri, 16 Sep 2022 00:06:53 GMT"
        ],
        "Content-Length": [
          "2316"
        ],
        "Content-Type": [
          "application/json"
        ]
      },
      "ResponseBody": "{\r\n  \"id\": \"/subscriptions/dec9ed54-2b7f-4476-9bd0-875544af59df/resourceGroups/CosmosDBResourceGroup53/providers/Microsoft.DocumentDB/databaseAccounts/gremlin-db1053\",\r\n  \"name\": \"gremlin-db1053\",\r\n  \"location\": \"East US\",\r\n  \"type\": \"Microsoft.DocumentDB/databaseAccounts\",\r\n  \"kind\": \"GlobalDocumentDB\",\r\n  \"tags\": {},\r\n  \"systemData\": {\r\n    \"createdAt\": \"2022-09-16T00:06:52.1471588Z\"\r\n  },\r\n  \"properties\": {\r\n    \"provisioningState\": \"Creating\",\r\n    \"publicNetworkAccess\": \"Enabled\",\r\n    \"enableAutomaticFailover\": false,\r\n    \"enableMultipleWriteLocations\": false,\r\n    \"enablePartitionKeyMonitor\": false,\r\n    \"isVirtualNetworkFilterEnabled\": false,\r\n    \"virtualNetworkRules\": [],\r\n    \"EnabledApiTypes\": \"Gremlin, Sql\",\r\n    \"disableKeyBasedMetadataWriteAccess\": false,\r\n    \"enableFreeTier\": false,\r\n    \"enableAnalyticalStorage\": false,\r\n    \"analyticalStorageConfiguration\": {\r\n      \"schemaType\": \"WellDefined\"\r\n    },\r\n    \"instanceId\": \"919775c9-b1a2-45df-989a-d4bc8ea3977d\",\r\n    \"databaseAccountOfferType\": \"Standard\",\r\n    \"enableMaterializedViews\": false,\r\n    \"defaultIdentity\": \"\",\r\n    \"networkAclBypass\": \"None\",\r\n    \"disableLocalAuth\": false,\r\n    \"consistencyPolicy\": {\r\n      \"defaultConsistencyLevel\": \"Session\",\r\n      \"maxIntervalInSeconds\": 5,\r\n      \"maxStalenessPrefix\": 100\r\n    },\r\n    \"configurationOverrides\": {},\r\n    \"writeLocations\": [\r\n      {\r\n        \"id\": \"gremlin-db1053-eastus\",\r\n        \"locationName\": \"East US\",\r\n        \"provisioningState\": \"Creating\",\r\n        \"failoverPriority\": 0,\r\n        \"isZoneRedundant\": false\r\n      }\r\n    ],\r\n    \"readLocations\": [\r\n      {\r\n        \"id\": \"gremlin-db1053-eastus\",\r\n        \"locationName\": \"East US\",\r\n        \"provisioningState\": \"Creating\",\r\n        \"failoverPriority\": 0,\r\n        \"isZoneRedundant\": false\r\n      }\r\n    ],\r\n    \"locations\": [\r\n      {\r\n        \"id\": \"gremlin-db1053-eastus\",\r\n        \"locationName\": \"East US\",\r\n        \"provisioningState\": \"Creating\",\r\n        \"failoverPriority\": 0,\r\n        \"isZoneRedundant\": false\r\n      }\r\n    ],\r\n    \"failoverPolicies\": [\r\n      {\r\n        \"id\": \"gremlin-db1053-eastus\",\r\n        \"locationName\": \"East US\",\r\n        \"failoverPriority\": 0\r\n      }\r\n    ],\r\n    \"cors\": [],\r\n    \"capabilities\": [\r\n      {\r\n        \"name\": \"EnableGremlin\"\r\n      }\r\n    ],\r\n    \"ipRules\": [],\r\n    \"backupPolicy\": {\r\n      \"type\": \"Periodic\",\r\n      \"periodicModeProperties\": {\r\n        \"backupIntervalInMinutes\": 240,\r\n        \"backupRetentionIntervalInHours\": 8,\r\n        \"backupStorageRedundancy\": \"Invalid\"\r\n      }\r\n    },\r\n    \"networkAclBypassResourceIds\": [],\r\n    \"diagnosticLogSettings\": {\r\n      \"enableFullTextQuery\": \"None\"\r\n    },\r\n    \"keysMetadata\": {\r\n      \"primaryMasterKey\": {\r\n        \"generationTime\": \"2022-09-16T00:06:52.1471588Z\"\r\n      },\r\n      \"secondaryMasterKey\": {\r\n        \"generationTime\": \"2022-09-16T00:06:52.1471588Z\"\r\n      },\r\n      \"primaryReadonlyMasterKey\": {\r\n        \"generationTime\": \"2022-09-16T00:06:52.1471588Z\"\r\n      },\r\n      \"secondaryReadonlyMasterKey\": {\r\n        \"generationTime\": \"2022-09-16T00:06:52.1471588Z\"\r\n      }\r\n    }\r\n  },\r\n  \"identity\": {\r\n    \"type\": \"None\"\r\n  }\r\n}",
      "StatusCode": 200
    },
    {
      "RequestUri": "/subscriptions/dec9ed54-2b7f-4476-9bd0-875544af59df/providers/Microsoft.DocumentDB/locations/eastus/operationsStatus/d359c739-1edd-4c30-9372-fb4495fa1088?api-version=2022-05-15-preview",
      "EncodedRequestUri": "L3N1YnNjcmlwdGlvbnMvZGVjOWVkNTQtMmI3Zi00NDc2LTliZDAtODc1NTQ0YWY1OWRmL3Byb3ZpZGVycy9NaWNyb3NvZnQuRG9jdW1lbnREQi9sb2NhdGlvbnMvZWFzdHVzL29wZXJhdGlvbnNTdGF0dXMvZDM1OWM3MzktMWVkZC00YzMwLTkzNzItZmI0NDk1ZmExMDg4P2FwaS12ZXJzaW9uPTIwMjItMDUtMTUtcHJldmlldw==",
      "RequestMethod": "GET",
      "RequestHeaders": {
        "x-ms-client-request-id": [
          "322633d8-ca3c-4d30-a4fb-dd68559772d0"
        ],
        "User-Agent": [
          "FxVersion/4.700.22.41602",
          "OSName/Windows",
          "OSVersion/Microsoft.Windows.10.0.22000",
          "Microsoft.Azure.Management.CosmosDB.CosmosDBManagementClient/1.8.2"
        ]
      },
      "RequestBody": "",
      "ResponseHeaders": {
        "Cache-Control": [
          "no-store, no-cache"
        ],
        "Pragma": [
          "no-cache"
        ],
        "Strict-Transport-Security": [
          "max-age=31536000; includeSubDomains"
        ],
        "x-ms-gatewayversion": [
          "version=2.14.0"
        ],
        "Server": [
          "Microsoft-HTTPAPI/2.0"
        ],
        "x-ms-ratelimit-remaining-subscription-reads": [
          "11972"
        ],
        "x-ms-request-id": [
          "4e9ebf27-5236-440a-8718-9e2060b21553"
        ],
        "x-ms-correlation-request-id": [
          "4e9ebf27-5236-440a-8718-9e2060b21553"
        ],
        "x-ms-routing-request-id": [
          "BRAZILUS:20220916T000724Z:4e9ebf27-5236-440a-8718-9e2060b21553"
        ],
        "X-Content-Type-Options": [
          "nosniff"
        ],
        "Date": [
          "Fri, 16 Sep 2022 00:07:23 GMT"
        ],
        "Content-Length": [
          "21"
        ],
        "Content-Type": [
          "application/json"
        ]
      },
      "ResponseBody": "{\r\n  \"status\": \"Dequeued\"\r\n}",
      "StatusCode": 200
    },
    {
      "RequestUri": "/subscriptions/dec9ed54-2b7f-4476-9bd0-875544af59df/providers/Microsoft.DocumentDB/locations/eastus/operationsStatus/d359c739-1edd-4c30-9372-fb4495fa1088?api-version=2022-05-15-preview",
      "EncodedRequestUri": "L3N1YnNjcmlwdGlvbnMvZGVjOWVkNTQtMmI3Zi00NDc2LTliZDAtODc1NTQ0YWY1OWRmL3Byb3ZpZGVycy9NaWNyb3NvZnQuRG9jdW1lbnREQi9sb2NhdGlvbnMvZWFzdHVzL29wZXJhdGlvbnNTdGF0dXMvZDM1OWM3MzktMWVkZC00YzMwLTkzNzItZmI0NDk1ZmExMDg4P2FwaS12ZXJzaW9uPTIwMjItMDUtMTUtcHJldmlldw==",
      "RequestMethod": "GET",
      "RequestHeaders": {
        "x-ms-client-request-id": [
          "322633d8-ca3c-4d30-a4fb-dd68559772d0"
        ],
        "User-Agent": [
          "FxVersion/4.700.22.41602",
          "OSName/Windows",
          "OSVersion/Microsoft.Windows.10.0.22000",
          "Microsoft.Azure.Management.CosmosDB.CosmosDBManagementClient/1.8.2"
        ]
      },
      "RequestBody": "",
      "ResponseHeaders": {
        "Cache-Control": [
          "no-store, no-cache"
        ],
        "Pragma": [
          "no-cache"
        ],
        "Strict-Transport-Security": [
          "max-age=31536000; includeSubDomains"
        ],
        "x-ms-gatewayversion": [
          "version=2.14.0"
        ],
        "Server": [
          "Microsoft-HTTPAPI/2.0"
        ],
        "x-ms-ratelimit-remaining-subscription-reads": [
          "11971"
        ],
        "x-ms-request-id": [
          "c55abcf1-7ada-4c85-b977-3a2bfc27ea20"
        ],
        "x-ms-correlation-request-id": [
          "c55abcf1-7ada-4c85-b977-3a2bfc27ea20"
        ],
        "x-ms-routing-request-id": [
          "BRAZILUS:20220916T000754Z:c55abcf1-7ada-4c85-b977-3a2bfc27ea20"
        ],
        "X-Content-Type-Options": [
          "nosniff"
        ],
        "Date": [
          "Fri, 16 Sep 2022 00:07:53 GMT"
        ],
        "Content-Length": [
          "21"
        ],
        "Content-Type": [
          "application/json"
        ]
      },
      "ResponseBody": "{\r\n  \"status\": \"Dequeued\"\r\n}",
      "StatusCode": 200
    },
    {
      "RequestUri": "/subscriptions/dec9ed54-2b7f-4476-9bd0-875544af59df/providers/Microsoft.DocumentDB/locations/eastus/operationsStatus/d359c739-1edd-4c30-9372-fb4495fa1088?api-version=2022-05-15-preview",
      "EncodedRequestUri": "L3N1YnNjcmlwdGlvbnMvZGVjOWVkNTQtMmI3Zi00NDc2LTliZDAtODc1NTQ0YWY1OWRmL3Byb3ZpZGVycy9NaWNyb3NvZnQuRG9jdW1lbnREQi9sb2NhdGlvbnMvZWFzdHVzL29wZXJhdGlvbnNTdGF0dXMvZDM1OWM3MzktMWVkZC00YzMwLTkzNzItZmI0NDk1ZmExMDg4P2FwaS12ZXJzaW9uPTIwMjItMDUtMTUtcHJldmlldw==",
      "RequestMethod": "GET",
      "RequestHeaders": {
        "x-ms-client-request-id": [
          "322633d8-ca3c-4d30-a4fb-dd68559772d0"
        ],
        "User-Agent": [
          "FxVersion/4.700.22.41602",
          "OSName/Windows",
          "OSVersion/Microsoft.Windows.10.0.22000",
          "Microsoft.Azure.Management.CosmosDB.CosmosDBManagementClient/1.8.2"
        ]
      },
      "RequestBody": "",
      "ResponseHeaders": {
        "Cache-Control": [
          "no-store, no-cache"
        ],
        "Pragma": [
          "no-cache"
        ],
        "Strict-Transport-Security": [
          "max-age=31536000; includeSubDomains"
        ],
        "x-ms-gatewayversion": [
          "version=2.14.0"
        ],
        "Server": [
          "Microsoft-HTTPAPI/2.0"
        ],
        "x-ms-ratelimit-remaining-subscription-reads": [
          "11970"
        ],
        "x-ms-request-id": [
          "f60de629-a235-4387-917e-08dfbd3d8bc9"
        ],
        "x-ms-correlation-request-id": [
          "f60de629-a235-4387-917e-08dfbd3d8bc9"
        ],
        "x-ms-routing-request-id": [
          "BRAZILUS:20220916T000824Z:f60de629-a235-4387-917e-08dfbd3d8bc9"
        ],
        "X-Content-Type-Options": [
          "nosniff"
        ],
        "Date": [
          "Fri, 16 Sep 2022 00:08:23 GMT"
        ],
        "Content-Length": [
          "21"
        ],
        "Content-Type": [
          "application/json"
        ]
      },
      "ResponseBody": "{\r\n  \"status\": \"Dequeued\"\r\n}",
      "StatusCode": 200
    },
    {
      "RequestUri": "/subscriptions/dec9ed54-2b7f-4476-9bd0-875544af59df/providers/Microsoft.DocumentDB/locations/eastus/operationsStatus/d359c739-1edd-4c30-9372-fb4495fa1088?api-version=2022-05-15-preview",
      "EncodedRequestUri": "L3N1YnNjcmlwdGlvbnMvZGVjOWVkNTQtMmI3Zi00NDc2LTliZDAtODc1NTQ0YWY1OWRmL3Byb3ZpZGVycy9NaWNyb3NvZnQuRG9jdW1lbnREQi9sb2NhdGlvbnMvZWFzdHVzL29wZXJhdGlvbnNTdGF0dXMvZDM1OWM3MzktMWVkZC00YzMwLTkzNzItZmI0NDk1ZmExMDg4P2FwaS12ZXJzaW9uPTIwMjItMDUtMTUtcHJldmlldw==",
      "RequestMethod": "GET",
      "RequestHeaders": {
        "x-ms-client-request-id": [
          "322633d8-ca3c-4d30-a4fb-dd68559772d0"
        ],
        "User-Agent": [
          "FxVersion/4.700.22.41602",
          "OSName/Windows",
          "OSVersion/Microsoft.Windows.10.0.22000",
          "Microsoft.Azure.Management.CosmosDB.CosmosDBManagementClient/1.8.2"
        ]
      },
      "RequestBody": "",
      "ResponseHeaders": {
        "Cache-Control": [
          "no-store, no-cache"
        ],
        "Pragma": [
          "no-cache"
        ],
        "Strict-Transport-Security": [
          "max-age=31536000; includeSubDomains"
        ],
        "x-ms-gatewayversion": [
          "version=2.14.0"
        ],
        "Server": [
          "Microsoft-HTTPAPI/2.0"
        ],
        "x-ms-ratelimit-remaining-subscription-reads": [
          "11969"
        ],
        "x-ms-request-id": [
          "14f7e382-3e86-401b-b401-085f1e2c17e0"
        ],
        "x-ms-correlation-request-id": [
          "14f7e382-3e86-401b-b401-085f1e2c17e0"
        ],
        "x-ms-routing-request-id": [
          "BRAZILUS:20220916T000854Z:14f7e382-3e86-401b-b401-085f1e2c17e0"
        ],
        "X-Content-Type-Options": [
          "nosniff"
        ],
        "Date": [
          "Fri, 16 Sep 2022 00:08:53 GMT"
        ],
        "Content-Length": [
          "21"
        ],
        "Content-Type": [
          "application/json"
        ]
      },
      "ResponseBody": "{\r\n  \"status\": \"Dequeued\"\r\n}",
      "StatusCode": 200
    },
    {
      "RequestUri": "/subscriptions/dec9ed54-2b7f-4476-9bd0-875544af59df/providers/Microsoft.DocumentDB/locations/eastus/operationsStatus/d359c739-1edd-4c30-9372-fb4495fa1088?api-version=2022-05-15-preview",
      "EncodedRequestUri": "L3N1YnNjcmlwdGlvbnMvZGVjOWVkNTQtMmI3Zi00NDc2LTliZDAtODc1NTQ0YWY1OWRmL3Byb3ZpZGVycy9NaWNyb3NvZnQuRG9jdW1lbnREQi9sb2NhdGlvbnMvZWFzdHVzL29wZXJhdGlvbnNTdGF0dXMvZDM1OWM3MzktMWVkZC00YzMwLTkzNzItZmI0NDk1ZmExMDg4P2FwaS12ZXJzaW9uPTIwMjItMDUtMTUtcHJldmlldw==",
      "RequestMethod": "GET",
      "RequestHeaders": {
        "x-ms-client-request-id": [
          "322633d8-ca3c-4d30-a4fb-dd68559772d0"
        ],
        "User-Agent": [
          "FxVersion/4.700.22.41602",
          "OSName/Windows",
          "OSVersion/Microsoft.Windows.10.0.22000",
          "Microsoft.Azure.Management.CosmosDB.CosmosDBManagementClient/1.8.2"
        ]
      },
      "RequestBody": "",
      "ResponseHeaders": {
        "Cache-Control": [
          "no-store, no-cache"
        ],
        "Pragma": [
          "no-cache"
        ],
        "Strict-Transport-Security": [
          "max-age=31536000; includeSubDomains"
        ],
        "x-ms-gatewayversion": [
          "version=2.14.0"
        ],
        "Server": [
          "Microsoft-HTTPAPI/2.0"
        ],
        "x-ms-ratelimit-remaining-subscription-reads": [
          "11968"
        ],
        "x-ms-request-id": [
          "d36f0de1-482e-41e8-8f1e-6d3132911b9a"
        ],
        "x-ms-correlation-request-id": [
          "d36f0de1-482e-41e8-8f1e-6d3132911b9a"
        ],
        "x-ms-routing-request-id": [
          "BRAZILUS:20220916T000924Z:d36f0de1-482e-41e8-8f1e-6d3132911b9a"
        ],
        "X-Content-Type-Options": [
          "nosniff"
        ],
        "Date": [
          "Fri, 16 Sep 2022 00:09:23 GMT"
        ],
        "Content-Length": [
          "21"
        ],
        "Content-Type": [
          "application/json"
        ]
      },
      "ResponseBody": "{\r\n  \"status\": \"Dequeued\"\r\n}",
      "StatusCode": 200
    },
    {
      "RequestUri": "/subscriptions/dec9ed54-2b7f-4476-9bd0-875544af59df/providers/Microsoft.DocumentDB/locations/eastus/operationsStatus/d359c739-1edd-4c30-9372-fb4495fa1088?api-version=2022-05-15-preview",
      "EncodedRequestUri": "L3N1YnNjcmlwdGlvbnMvZGVjOWVkNTQtMmI3Zi00NDc2LTliZDAtODc1NTQ0YWY1OWRmL3Byb3ZpZGVycy9NaWNyb3NvZnQuRG9jdW1lbnREQi9sb2NhdGlvbnMvZWFzdHVzL29wZXJhdGlvbnNTdGF0dXMvZDM1OWM3MzktMWVkZC00YzMwLTkzNzItZmI0NDk1ZmExMDg4P2FwaS12ZXJzaW9uPTIwMjItMDUtMTUtcHJldmlldw==",
      "RequestMethod": "GET",
      "RequestHeaders": {
        "x-ms-client-request-id": [
          "322633d8-ca3c-4d30-a4fb-dd68559772d0"
        ],
        "User-Agent": [
          "FxVersion/4.700.22.41602",
          "OSName/Windows",
          "OSVersion/Microsoft.Windows.10.0.22000",
          "Microsoft.Azure.Management.CosmosDB.CosmosDBManagementClient/1.8.2"
        ]
      },
      "RequestBody": "",
      "ResponseHeaders": {
        "Cache-Control": [
          "no-store, no-cache"
        ],
        "Pragma": [
          "no-cache"
        ],
        "Strict-Transport-Security": [
          "max-age=31536000; includeSubDomains"
        ],
        "x-ms-gatewayversion": [
          "version=2.14.0"
        ],
        "Server": [
          "Microsoft-HTTPAPI/2.0"
        ],
        "x-ms-ratelimit-remaining-subscription-reads": [
          "11967"
        ],
        "x-ms-request-id": [
          "16313cbe-56d4-4e75-8c76-b6f54b7b814e"
        ],
        "x-ms-correlation-request-id": [
          "16313cbe-56d4-4e75-8c76-b6f54b7b814e"
        ],
        "x-ms-routing-request-id": [
          "BRAZILUS:20220916T000954Z:16313cbe-56d4-4e75-8c76-b6f54b7b814e"
        ],
        "X-Content-Type-Options": [
          "nosniff"
        ],
        "Date": [
          "Fri, 16 Sep 2022 00:09:53 GMT"
        ],
        "Content-Length": [
          "22"
        ],
        "Content-Type": [
          "application/json"
        ]
      },
      "ResponseBody": "{\r\n  \"status\": \"Succeeded\"\r\n}",
      "StatusCode": 200
    },
    {
      "RequestUri": "/subscriptions/dec9ed54-2b7f-4476-9bd0-875544af59df/resourceGroups/CosmosDBResourceGroup53/providers/Microsoft.DocumentDB/databaseAccounts/gremlin-db1053/gremlinDatabases/dbName3?api-version=2022-05-15-preview",
      "EncodedRequestUri": "L3N1YnNjcmlwdGlvbnMvZGVjOWVkNTQtMmI3Zi00NDc2LTliZDAtODc1NTQ0YWY1OWRmL3Jlc291cmNlR3JvdXBzL0Nvc21vc0RCUmVzb3VyY2VHcm91cDUzL3Byb3ZpZGVycy9NaWNyb3NvZnQuRG9jdW1lbnREQi9kYXRhYmFzZUFjY291bnRzL2dyZW1saW4tZGIxMDUzL2dyZW1saW5EYXRhYmFzZXMvZGJOYW1lMz9hcGktdmVyc2lvbj0yMDIyLTA1LTE1LXByZXZpZXc=",
      "RequestMethod": "GET",
      "RequestHeaders": {
        "x-ms-client-request-id": [
          "131b4fee-0333-4b6b-8cd3-152afcb693cf"
        ],
        "Accept-Language": [
          "en-US"
        ],
        "User-Agent": [
          "FxVersion/4.700.22.41602",
          "OSName/Windows",
          "OSVersion/Microsoft.Windows.10.0.22000",
          "Microsoft.Azure.Management.CosmosDB.CosmosDBManagementClient/1.8.2"
        ]
      },
      "RequestBody": "",
      "ResponseHeaders": {
        "Cache-Control": [
          "no-store, no-cache"
        ],
        "Pragma": [
          "no-cache"
        ],
        "Strict-Transport-Security": [
          "max-age=31536000; includeSubDomains"
        ],
        "x-ms-gatewayversion": [
          "version=2.14.0"
        ],
        "Server": [
          "Microsoft-HTTPAPI/2.0"
        ],
        "x-ms-ratelimit-remaining-subscription-reads": [
          "11948"
        ],
        "x-ms-request-id": [
          "9abe9203-a9c5-42c2-a710-d2daf80a75e1"
        ],
        "x-ms-correlation-request-id": [
          "9abe9203-a9c5-42c2-a710-d2daf80a75e1"
        ],
        "x-ms-routing-request-id": [
          "BRAZILUS:20220916T000956Z:9abe9203-a9c5-42c2-a710-d2daf80a75e1"
        ],
        "X-Content-Type-Options": [
          "nosniff"
        ],
        "Date": [
          "Fri, 16 Sep 2022 00:09:56 GMT"
        ],
        "Content-Length": [
          "6518"
        ],
        "Content-Type": [
          "application/json"
        ]
      },
      "ResponseBody": "{\r\n  \"code\": \"NotFound\",\r\n  \"message\": \"Message: {\\\"code\\\":\\\"NotFound\\\",\\\"message\\\":\\\"Message: {\\\\\\\"Errors\\\\\\\":[\\\\\\\"Resource Not Found. Learn more: https:\\\\\\\\/\\\\\\\\/aka.ms\\\\\\\\/cosmosdb-tsg-not-found\\\\\\\"]}\\\\r\\\\nActivityId: 131b4fee-0333-4b6b-8cd3-152afcb693cf, Request URI: /apps/fbca2fc9-d702-4182-b791-1269083fc36e/services/535f4534-b9a5-4660-a32f-cd20f8787246/partitions/9c1caad2-39c6-4083-9d43-618951cbf89d/replicas/133075959052794433s, RequestStats: \\\\r\\\\nRequestStartTime: 2022-09-16T00:09:56.6501355Z, RequestEndTime: 2022-09-16T00:09:56.6501355Z,  Number of regions attempted:1\\\\r\\\\n{\\\\\\\"systemHistory\\\\\\\":[{\\\\\\\"dateUtc\\\\\\\":\\\\\\\"2022-09-16T00:08:59.7195657Z\\\\\\\",\\\\\\\"cpu\\\\\\\":1.853,\\\\\\\"memory\\\\\\\":642281176.000,\\\\\\\"threadInfo\\\\\\\":{\\\\\\\"isThreadStarving\\\\\\\":\\\\\\\"False\\\\\\\",\\\\\\\"threadWaitIntervalInMs\\\\\\\":0.0296,\\\\\\\"availableThreads\\\\\\\":32761,\\\\\\\"minThreads\\\\\\\":64,\\\\\\\"maxThreads\\\\\\\":32767},\\\\\\\"numberOfOpenTcpConnection\\\\\\\":188},{\\\\\\\"dateUtc\\\\\\\":\\\\\\\"2022-09-16T00:09:09.7296601Z\\\\\\\",\\\\\\\"cpu\\\\\\\":0.727,\\\\\\\"memory\\\\\\\":645711976.000,\\\\\\\"threadInfo\\\\\\\":{\\\\\\\"isThreadStarving\\\\\\\":\\\\\\\"False\\\\\\\",\\\\\\\"threadWaitIntervalInMs\\\\\\\":0.0332,\\\\\\\"availableThreads\\\\\\\":32763,\\\\\\\"minThreads\\\\\\\":64,\\\\\\\"maxThreads\\\\\\\":32767},\\\\\\\"numberOfOpenTcpConnection\\\\\\\":188},{\\\\\\\"dateUtc\\\\\\\":\\\\\\\"2022-09-16T00:09:19.7397567Z\\\\\\\",\\\\\\\"cpu\\\\\\\":0.424,\\\\\\\"memory\\\\\\\":645577432.000,\\\\\\\"threadInfo\\\\\\\":{\\\\\\\"isThreadStarving\\\\\\\":\\\\\\\"False\\\\\\\",\\\\\\\"threadWaitIntervalInMs\\\\\\\":0.0545,\\\\\\\"availableThreads\\\\\\\":32759,\\\\\\\"minThreads\\\\\\\":64,\\\\\\\"maxThreads\\\\\\\":32767},\\\\\\\"numberOfOpenTcpConnection\\\\\\\":188},{\\\\\\\"dateUtc\\\\\\\":\\\\\\\"2022-09-16T00:09:29.7498573Z\\\\\\\",\\\\\\\"cpu\\\\\\\":0.303,\\\\\\\"memory\\\\\\\":645522300.000,\\\\\\\"threadInfo\\\\\\\":{\\\\\\\"isThreadStarving\\\\\\\":\\\\\\\"False\\\\\\\",\\\\\\\"threadWaitIntervalInMs\\\\\\\":0.0211,\\\\\\\"availableThreads\\\\\\\":32764,\\\\\\\"minThreads\\\\\\\":64,\\\\\\\"maxThreads\\\\\\\":32767},\\\\\\\"numberOfOpenTcpConnection\\\\\\\":188},{\\\\\\\"dateUtc\\\\\\\":\\\\\\\"2022-09-16T00:09:39.7599746Z\\\\\\\",\\\\\\\"cpu\\\\\\\":0.293,\\\\\\\"memory\\\\\\\":645310492.000,\\\\\\\"threadInfo\\\\\\\":{\\\\\\\"isThreadStarving\\\\\\\":\\\\\\\"False\\\\\\\",\\\\\\\"threadWaitIntervalInMs\\\\\\\":0.0176,\\\\\\\"availableThreads\\\\\\\":32764,\\\\\\\"minThreads\\\\\\\":64,\\\\\\\"maxThreads\\\\\\\":32767},\\\\\\\"numberOfOpenTcpConnection\\\\\\\":190},{\\\\\\\"dateUtc\\\\\\\":\\\\\\\"2022-09-16T00:09:49.7700717Z\\\\\\\",\\\\\\\"cpu\\\\\\\":0.232,\\\\\\\"memory\\\\\\\":645095592.000,\\\\\\\"threadInfo\\\\\\\":{\\\\\\\"isThreadStarving\\\\\\\":\\\\\\\"False\\\\\\\",\\\\\\\"threadWaitIntervalInMs\\\\\\\":0.0164,\\\\\\\"availableThreads\\\\\\\":32761,\\\\\\\"minThreads\\\\\\\":64,\\\\\\\"maxThreads\\\\\\\":32767},\\\\\\\"numberOfOpenTcpConnection\\\\\\\":189}]}\\\\r\\\\nRequestStart: 2022-09-16T00:09:56.6501355Z; ResponseTime: 2022-09-16T00:09:56.6501355Z; StoreResult: StorePhysicalAddress: rntbd://10.0.1.6:11300/apps/fbca2fc9-d702-4182-b791-1269083fc36e/services/535f4534-b9a5-4660-a32f-cd20f8787246/partitions/9c1caad2-39c6-4083-9d43-618951cbf89d/replicas/133075959052794433s, LSN: 7, GlobalCommittedLsn: 7, PartitionKeyRangeId: , IsValid: True, StatusCode: 404, SubStatusCode: 0, RequestCharge: 1, ItemLSN: -1, SessionToken: -1#7, UsingLocalLSN: False, TransportException: null, BELatencyMs: 0.679, ActivityId: 131b4fee-0333-4b6b-8cd3-152afcb693cf, RetryAfterInMs: , TransportRequestTimeline: {\\\\\\\"requestTimeline\\\\\\\":[{\\\\\\\"event\\\\\\\": \\\\\\\"Created\\\\\\\", \\\\\\\"startTimeUtc\\\\\\\": \\\\\\\"2022-09-16T00:09:56.6501355Z\\\\\\\", \\\\\\\"durationInMs\\\\\\\": 0.0084},{\\\\\\\"event\\\\\\\": \\\\\\\"ChannelAcquisitionStarted\\\\\\\", \\\\\\\"startTimeUtc\\\\\\\": \\\\\\\"2022-09-16T00:09:56.6501439Z\\\\\\\", \\\\\\\"durationInMs\\\\\\\": 0.0023},{\\\\\\\"event\\\\\\\": \\\\\\\"Pipelined\\\\\\\", \\\\\\\"startTimeUtc\\\\\\\": \\\\\\\"2022-09-16T00:09:56.6501462Z\\\\\\\", \\\\\\\"durationInMs\\\\\\\": 0.1106},{\\\\\\\"event\\\\\\\": \\\\\\\"Transit Time\\\\\\\", \\\\\\\"startTimeUtc\\\\\\\": \\\\\\\"2022-09-16T00:09:56.6502568Z\\\\\\\", \\\\\\\"durationInMs\\\\\\\": 0.9307},{\\\\\\\"event\\\\\\\": \\\\\\\"Received\\\\\\\", \\\\\\\"startTimeUtc\\\\\\\": \\\\\\\"2022-09-16T00:09:56.6511875Z\\\\\\\", \\\\\\\"durationInMs\\\\\\\": 0.0783},{\\\\\\\"event\\\\\\\": \\\\\\\"Completed\\\\\\\", \\\\\\\"startTimeUtc\\\\\\\": \\\\\\\"2022-09-16T00:09:56.6512658Z\\\\\\\", \\\\\\\"durationInMs\\\\\\\": 0}],\\\\\\\"serviceEndpointStats\\\\\\\":{\\\\\\\"inflightRequests\\\\\\\":1,\\\\\\\"openConnections\\\\\\\":1},\\\\\\\"connectionStats\\\\\\\":{\\\\\\\"waitforConnectionInit\\\\\\\":\\\\\\\"False\\\\\\\",\\\\\\\"callsPendingReceive\\\\\\\":0,\\\\\\\"lastSendAttempt\\\\\\\":\\\\\\\"2022-09-16T00:09:56.6101388Z\\\\\\\",\\\\\\\"lastSend\\\\\\\":\\\\\\\"2022-09-16T00:09:56.6101388Z\\\\\\\",\\\\\\\"lastReceive\\\\\\\":\\\\\\\"2022-09-16T00:09:56.6101388Z\\\\\\\"},\\\\\\\"requestSizeInBytes\\\\\\\":462,\\\\\\\"responseMetadataSizeInBytes\\\\\\\":134,\\\\\\\"responseBodySizeInBytes\\\\\\\":87};\\\\r\\\\n ResourceType: Database, OperationType: Read\\\\r\\\\nRequestStart: 2022-09-16T00:09:56.6501355Z; ResponseTime: 2022-09-16T00:09:56.6501355Z; StoreResult: StorePhysicalAddress: rntbd://10.0.1.4:11000/apps/fbca2fc9-d702-4182-b791-1269083fc36e/services/535f4534-b9a5-4660-a32f-cd20f8787246/partitions/9c1caad2-39c6-4083-9d43-618951cbf89d/replicas/133075959008575567s, LSN: 7, GlobalCommittedLsn: 7, PartitionKeyRangeId: , IsValid: True, StatusCode: 404, SubStatusCode: 0, RequestCharge: 1, ItemLSN: -1, SessionToken: -1#7, UsingLocalLSN: False, TransportException: null, BELatencyMs: 0.721, ActivityId: 131b4fee-0333-4b6b-8cd3-152afcb693cf, RetryAfterInMs: , TransportRequestTimeline: {\\\\\\\"requestTimeline\\\\\\\":[{\\\\\\\"event\\\\\\\": \\\\\\\"Created\\\\\\\", \\\\\\\"startTimeUtc\\\\\\\": \\\\\\\"2022-09-16T00:09:56.6501355Z\\\\\\\", \\\\\\\"durationInMs\\\\\\\": 0.0038},{\\\\\\\"event\\\\\\\": \\\\\\\"ChannelAcquisitionStarted\\\\\\\", \\\\\\\"startTimeUtc\\\\\\\": \\\\\\\"2022-09-16T00:09:56.6501393Z\\\\\\\", \\\\\\\"durationInMs\\\\\\\": 0.0012},{\\\\\\\"event\\\\\\\": \\\\\\\"Pipelined\\\\\\\", \\\\\\\"startTimeUtc\\\\\\\": \\\\\\\"2022-09-16T00:09:56.6501405Z\\\\\\\", \\\\\\\"durationInMs\\\\\\\": 0.0642},{\\\\\\\"event\\\\\\\": \\\\\\\"Transit Time\\\\\\\", \\\\\\\"startTimeUtc\\\\\\\": \\\\\\\"2022-09-16T00:09:56.6502047Z\\\\\\\", \\\\\\\"durationInMs\\\\\\\": 1.0336},{\\\\\\\"event\\\\\\\": \\\\\\\"Received\\\\\\\", \\\\\\\"startTimeUtc\\\\\\\": \\\\\\\"2022-09-16T00:09:56.6512383Z\\\\\\\", \\\\\\\"durationInMs\\\\\\\": 0.0453},{\\\\\\\"event\\\\\\\": \\\\\\\"Completed\\\\\\\", \\\\\\\"startTimeUtc\\\\\\\": \\\\\\\"2022-09-16T00:09:56.6512836Z\\\\\\\", \\\\\\\"durationInMs\\\\\\\": 0}],\\\\\\\"serviceEndpointStats\\\\\\\":{\\\\\\\"inflightRequests\\\\\\\":1,\\\\\\\"openConnections\\\\\\\":1},\\\\\\\"connectionStats\\\\\\\":{\\\\\\\"waitforConnectionInit\\\\\\\":\\\\\\\"False\\\\\\\",\\\\\\\"callsPendingReceive\\\\\\\":0,\\\\\\\"lastSendAttempt\\\\\\\":\\\\\\\"2022-09-16T00:09:56.5601349Z\\\\\\\",\\\\\\\"lastSend\\\\\\\":\\\\\\\"2022-09-16T00:09:56.5601349Z\\\\\\\",\\\\\\\"lastReceive\\\\\\\":\\\\\\\"2022-09-16T00:09:56.5601349Z\\\\\\\"},\\\\\\\"requestSizeInBytes\\\\\\\":462,\\\\\\\"responseMetadataSizeInBytes\\\\\\\":134,\\\\\\\"responseBodySizeInBytes\\\\\\\":87};\\\\r\\\\n ResourceType: Database, OperationType: Read\\\\r\\\\n, SDK: Microsoft.Azure.Documents.Common/2.14.0\\\"}, Request URI: /dbs/dbName3, RequestStats: , SDK: Microsoft.Azure.Documents.Common/2.14.0\"\r\n}",
      "StatusCode": 404
    },
    {
      "RequestUri": "/subscriptions/dec9ed54-2b7f-4476-9bd0-875544af59df/resourceGroups/CosmosDBResourceGroup53/providers/Microsoft.DocumentDB/databaseAccounts/gremlin-db1053/gremlinDatabases/dbName3?api-version=2022-05-15-preview",
      "EncodedRequestUri": "L3N1YnNjcmlwdGlvbnMvZGVjOWVkNTQtMmI3Zi00NDc2LTliZDAtODc1NTQ0YWY1OWRmL3Jlc291cmNlR3JvdXBzL0Nvc21vc0RCUmVzb3VyY2VHcm91cDUzL3Byb3ZpZGVycy9NaWNyb3NvZnQuRG9jdW1lbnREQi9kYXRhYmFzZUFjY291bnRzL2dyZW1saW4tZGIxMDUzL2dyZW1saW5EYXRhYmFzZXMvZGJOYW1lMz9hcGktdmVyc2lvbj0yMDIyLTA1LTE1LXByZXZpZXc=",
      "RequestMethod": "GET",
      "RequestHeaders": {
        "x-ms-client-request-id": [
          "131b4fee-0333-4b6b-8cd3-152afcb693cf"
        ],
        "User-Agent": [
          "FxVersion/4.700.22.41602",
          "OSName/Windows",
          "OSVersion/Microsoft.Windows.10.0.22000",
          "Microsoft.Azure.Management.CosmosDB.CosmosDBManagementClient/1.8.2"
        ]
      },
      "RequestBody": "",
      "ResponseHeaders": {
        "Cache-Control": [
          "no-store, no-cache"
        ],
        "Pragma": [
          "no-cache"
        ],
        "Strict-Transport-Security": [
          "max-age=31536000; includeSubDomains"
        ],
        "x-ms-gatewayversion": [
          "version=2.14.0"
        ],
        "Server": [
          "Microsoft-HTTPAPI/2.0"
        ],
        "x-ms-ratelimit-remaining-subscription-reads": [
          "11956"
        ],
        "x-ms-request-id": [
          "cfd0a3c5-5479-4eb1-b817-6da6eedbc24e"
        ],
        "x-ms-correlation-request-id": [
          "cfd0a3c5-5479-4eb1-b817-6da6eedbc24e"
        ],
        "x-ms-routing-request-id": [
          "BRAZILUS:20220916T001027Z:cfd0a3c5-5479-4eb1-b817-6da6eedbc24e"
        ],
        "X-Content-Type-Options": [
          "nosniff"
        ],
        "Date": [
          "Fri, 16 Sep 2022 00:10:27 GMT"
        ],
        "Content-Length": [
          "457"
        ],
        "Content-Type": [
          "application/json"
        ]
      },
      "ResponseBody": "{\r\n  \"id\": \"/subscriptions/dec9ed54-2b7f-4476-9bd0-875544af59df/resourceGroups/CosmosDBResourceGroup53/providers/Microsoft.DocumentDB/databaseAccounts/gremlin-db1053/gremlinDatabases/dbName3\",\r\n  \"type\": \"Microsoft.DocumentDB/databaseAccounts/gremlinDatabases\",\r\n  \"name\": \"dbName3\",\r\n  \"properties\": {\r\n    \"resource\": {\r\n      \"id\": \"dbName3\",\r\n      \"_rid\": \"uZkbAA==\",\r\n      \"_self\": \"dbs/uZkbAA==/\",\r\n      \"_etag\": \"\\\"00000d01-0000-0100-0000-6323bedc0000\\\"\",\r\n      \"_colls\": \"colls/\",\r\n      \"_users\": \"users/\",\r\n      \"_ts\": 1663287004\r\n    }\r\n  }\r\n}",
      "StatusCode": 200
    },
    {
      "RequestUri": "/subscriptions/dec9ed54-2b7f-4476-9bd0-875544af59df/resourceGroups/CosmosDBResourceGroup53/providers/Microsoft.DocumentDB/databaseAccounts/gremlin-db1053/gremlinDatabases/dbName3?api-version=2022-05-15-preview",
      "EncodedRequestUri": "L3N1YnNjcmlwdGlvbnMvZGVjOWVkNTQtMmI3Zi00NDc2LTliZDAtODc1NTQ0YWY1OWRmL3Jlc291cmNlR3JvdXBzL0Nvc21vc0RCUmVzb3VyY2VHcm91cDUzL3Byb3ZpZGVycy9NaWNyb3NvZnQuRG9jdW1lbnREQi9kYXRhYmFzZUFjY291bnRzL2dyZW1saW4tZGIxMDUzL2dyZW1saW5EYXRhYmFzZXMvZGJOYW1lMz9hcGktdmVyc2lvbj0yMDIyLTA1LTE1LXByZXZpZXc=",
      "RequestMethod": "PUT",
      "RequestHeaders": {
        "x-ms-client-request-id": [
          "131b4fee-0333-4b6b-8cd3-152afcb693cf"
        ],
        "Accept-Language": [
          "en-US"
        ],
        "User-Agent": [
          "FxVersion/4.700.22.41602",
          "OSName/Windows",
          "OSVersion/Microsoft.Windows.10.0.22000",
          "Microsoft.Azure.Management.CosmosDB.CosmosDBManagementClient/1.8.2"
        ],
        "Content-Type": [
          "application/json; charset=utf-8"
        ],
        "Content-Length": [
          "129"
        ]
      },
      "RequestBody": "{\r\n  \"properties\": {\r\n    \"resource\": {\r\n      \"id\": \"dbName3\"\r\n    },\r\n    \"options\": {\r\n      \"throughput\": 1200\r\n    }\r\n  }\r\n}",
      "ResponseHeaders": {
        "Cache-Control": [
          "no-store, no-cache"
        ],
        "Pragma": [
          "no-cache"
        ],
        "Location": [
          "https://management.azure.com/subscriptions/dec9ed54-2b7f-4476-9bd0-875544af59df/resourceGroups/CosmosDBResourceGroup53/providers/Microsoft.DocumentDB/databaseAccounts/gremlin-db1053/gremlinDatabases/dbName3/operationResults/169b948c-8077-4923-bf08-315e2f587843?api-version=2022-05-15-preview"
        ],
        "Azure-AsyncOperation": [
          "https://management.azure.com/subscriptions/dec9ed54-2b7f-4476-9bd0-875544af59df/providers/Microsoft.DocumentDB/locations/eastus/operationsStatus/169b948c-8077-4923-bf08-315e2f587843?api-version=2022-05-15-preview"
        ],
        "x-ms-request-id": [
          "169b948c-8077-4923-bf08-315e2f587843"
        ],
        "Strict-Transport-Security": [
          "max-age=31536000; includeSubDomains"
        ],
        "x-ms-gatewayversion": [
          "version=2.14.0"
        ],
        "Server": [
          "Microsoft-HTTPAPI/2.0"
        ],
        "x-ms-ratelimit-remaining-subscription-writes": [
          "1194"
        ],
        "x-ms-correlation-request-id": [
          "3f68e36f-eeca-4f50-8773-dbf75e628f98"
        ],
        "x-ms-routing-request-id": [
          "BRAZILUS:20220916T000957Z:3f68e36f-eeca-4f50-8773-dbf75e628f98"
        ],
        "X-Content-Type-Options": [
          "nosniff"
        ],
        "Date": [
          "Fri, 16 Sep 2022 00:09:56 GMT"
        ],
        "Content-Length": [
          "21"
        ],
        "Content-Type": [
          "application/json"
        ]
      },
      "ResponseBody": "{\r\n  \"status\": \"Enqueued\"\r\n}",
      "StatusCode": 202
    },
    {
      "RequestUri": "/subscriptions/dec9ed54-2b7f-4476-9bd0-875544af59df/providers/Microsoft.DocumentDB/locations/eastus/operationsStatus/169b948c-8077-4923-bf08-315e2f587843?api-version=2022-05-15-preview",
      "EncodedRequestUri": "L3N1YnNjcmlwdGlvbnMvZGVjOWVkNTQtMmI3Zi00NDc2LTliZDAtODc1NTQ0YWY1OWRmL3Byb3ZpZGVycy9NaWNyb3NvZnQuRG9jdW1lbnREQi9sb2NhdGlvbnMvZWFzdHVzL29wZXJhdGlvbnNTdGF0dXMvMTY5Yjk0OGMtODA3Ny00OTIzLWJmMDgtMzE1ZTJmNTg3ODQzP2FwaS12ZXJzaW9uPTIwMjItMDUtMTUtcHJldmlldw==",
      "RequestMethod": "GET",
      "RequestHeaders": {
        "x-ms-client-request-id": [
          "131b4fee-0333-4b6b-8cd3-152afcb693cf"
        ],
        "User-Agent": [
          "FxVersion/4.700.22.41602",
          "OSName/Windows",
          "OSVersion/Microsoft.Windows.10.0.22000",
          "Microsoft.Azure.Management.CosmosDB.CosmosDBManagementClient/1.8.2"
        ]
      },
      "RequestBody": "",
      "ResponseHeaders": {
        "Cache-Control": [
          "no-store, no-cache"
        ],
        "Pragma": [
          "no-cache"
        ],
        "Strict-Transport-Security": [
          "max-age=31536000; includeSubDomains"
        ],
        "x-ms-gatewayversion": [
          "version=2.14.0"
        ],
        "Server": [
          "Microsoft-HTTPAPI/2.0"
        ],
        "x-ms-ratelimit-remaining-subscription-reads": [
          "11957"
        ],
        "x-ms-request-id": [
          "45ec9f5b-07b4-4302-bb35-b6b059cf9290"
        ],
        "x-ms-correlation-request-id": [
          "45ec9f5b-07b4-4302-bb35-b6b059cf9290"
        ],
        "x-ms-routing-request-id": [
          "BRAZILUS:20220916T001027Z:45ec9f5b-07b4-4302-bb35-b6b059cf9290"
        ],
        "X-Content-Type-Options": [
          "nosniff"
        ],
        "Date": [
          "Fri, 16 Sep 2022 00:10:27 GMT"
        ],
        "Content-Length": [
          "22"
        ],
        "Content-Type": [
          "application/json"
        ]
      },
      "ResponseBody": "{\r\n  \"status\": \"Succeeded\"\r\n}",
      "StatusCode": 200
    },
    {
      "RequestUri": "/subscriptions/dec9ed54-2b7f-4476-9bd0-875544af59df/resourceGroups/CosmosDBResourceGroup53/providers/Microsoft.DocumentDB/databaseAccounts/gremlin-db1053/gremlinDatabases/dbName3/throughputSettings/default?api-version=2022-05-15-preview",
      "EncodedRequestUri": "L3N1YnNjcmlwdGlvbnMvZGVjOWVkNTQtMmI3Zi00NDc2LTliZDAtODc1NTQ0YWY1OWRmL3Jlc291cmNlR3JvdXBzL0Nvc21vc0RCUmVzb3VyY2VHcm91cDUzL3Byb3ZpZGVycy9NaWNyb3NvZnQuRG9jdW1lbnREQi9kYXRhYmFzZUFjY291bnRzL2dyZW1saW4tZGIxMDUzL2dyZW1saW5EYXRhYmFzZXMvZGJOYW1lMy90aHJvdWdocHV0U2V0dGluZ3MvZGVmYXVsdD9hcGktdmVyc2lvbj0yMDIyLTA1LTE1LXByZXZpZXc=",
      "RequestMethod": "GET",
      "RequestHeaders": {
        "x-ms-client-request-id": [
          "180f0a32-ae6b-49ce-8ff4-2ca86300e5a8"
        ],
        "Accept-Language": [
          "en-US"
        ],
        "User-Agent": [
          "FxVersion/4.700.22.41602",
          "OSName/Windows",
          "OSVersion/Microsoft.Windows.10.0.22000",
          "Microsoft.Azure.Management.CosmosDB.CosmosDBManagementClient/1.8.2"
        ]
      },
      "RequestBody": "",
      "ResponseHeaders": {
        "Cache-Control": [
          "no-store, no-cache"
        ],
        "Pragma": [
          "no-cache"
        ],
        "Strict-Transport-Security": [
          "max-age=31536000; includeSubDomains"
        ],
        "x-ms-gatewayversion": [
          "version=2.14.0"
        ],
        "Server": [
          "Microsoft-HTTPAPI/2.0"
        ],
        "x-ms-ratelimit-remaining-subscription-reads": [
          "11955"
        ],
        "x-ms-request-id": [
          "709df1a0-5070-432b-9a4b-e36a635cbd1e"
        ],
        "x-ms-correlation-request-id": [
          "709df1a0-5070-432b-9a4b-e36a635cbd1e"
        ],
        "x-ms-routing-request-id": [
          "BRAZILUS:20220916T001028Z:709df1a0-5070-432b-9a4b-e36a635cbd1e"
        ],
        "X-Content-Type-Options": [
          "nosniff"
        ],
        "Date": [
          "Fri, 16 Sep 2022 00:10:28 GMT"
        ],
        "Content-Length": [
          "383"
        ],
        "Content-Type": [
          "application/json"
        ]
      },
      "ResponseBody": "{\r\n  \"id\": \"/subscriptions/dec9ed54-2b7f-4476-9bd0-875544af59df/resourceGroups/CosmosDBResourceGroup53/providers/Microsoft.DocumentDB/databaseAccounts/gremlin-db1053/gremlinDatabases/dbName3/throughputSettings/default\",\r\n  \"type\": \"Microsoft.DocumentDB/databaseAccounts/gremlinDatabases/throughputSettings\",\r\n  \"name\": \"j6r9\",\r\n  \"properties\": {\r\n    \"resource\": {\r\n      \"throughput\": 1200,\r\n      \"minimumThroughput\": \"400\"\r\n    }\r\n  }\r\n}",
      "StatusCode": 200
    },
    {
      "RequestUri": "/subscriptions/dec9ed54-2b7f-4476-9bd0-875544af59df/resourceGroups/CosmosDBResourceGroup53/providers/Microsoft.DocumentDB/databaseAccounts/gremlin-db1053/gremlinDatabases/dbName3/throughputSettings/default?api-version=2022-05-15-preview",
      "EncodedRequestUri": "L3N1YnNjcmlwdGlvbnMvZGVjOWVkNTQtMmI3Zi00NDc2LTliZDAtODc1NTQ0YWY1OWRmL3Jlc291cmNlR3JvdXBzL0Nvc21vc0RCUmVzb3VyY2VHcm91cDUzL3Byb3ZpZGVycy9NaWNyb3NvZnQuRG9jdW1lbnREQi9kYXRhYmFzZUFjY291bnRzL2dyZW1saW4tZGIxMDUzL2dyZW1saW5EYXRhYmFzZXMvZGJOYW1lMy90aHJvdWdocHV0U2V0dGluZ3MvZGVmYXVsdD9hcGktdmVyc2lvbj0yMDIyLTA1LTE1LXByZXZpZXc=",
      "RequestMethod": "GET",
      "RequestHeaders": {
        "x-ms-client-request-id": [
          "084fa17a-be59-4d2a-8efe-631e54b6fb67"
        ],
        "User-Agent": [
          "FxVersion/4.700.22.41602",
          "OSName/Windows",
          "OSVersion/Microsoft.Windows.10.0.22000",
          "Microsoft.Azure.Management.CosmosDB.CosmosDBManagementClient/1.8.2"
        ]
      },
      "RequestBody": "",
      "ResponseHeaders": {
        "Cache-Control": [
          "no-store, no-cache"
        ],
        "Pragma": [
          "no-cache"
        ],
        "Strict-Transport-Security": [
          "max-age=31536000; includeSubDomains"
        ],
        "x-ms-gatewayversion": [
          "version=2.14.0"
        ],
        "Server": [
          "Microsoft-HTTPAPI/2.0"
        ],
        "x-ms-ratelimit-remaining-subscription-reads": [
          "11964"
        ],
        "x-ms-request-id": [
          "1fd83ccd-4157-48d7-81be-08d12ed46a81"
        ],
        "x-ms-correlation-request-id": [
          "1fd83ccd-4157-48d7-81be-08d12ed46a81"
        ],
        "x-ms-routing-request-id": [
          "BRAZILUS:20220916T001100Z:1fd83ccd-4157-48d7-81be-08d12ed46a81"
        ],
        "X-Content-Type-Options": [
          "nosniff"
        ],
        "Date": [
          "Fri, 16 Sep 2022 00:11:00 GMT"
        ],
        "Content-Length": [
          "383"
        ],
        "Content-Type": [
          "application/json"
        ]
      },
      "ResponseBody": "{\r\n  \"id\": \"/subscriptions/dec9ed54-2b7f-4476-9bd0-875544af59df/resourceGroups/CosmosDBResourceGroup53/providers/Microsoft.DocumentDB/databaseAccounts/gremlin-db1053/gremlinDatabases/dbName3/throughputSettings/default\",\r\n  \"type\": \"Microsoft.DocumentDB/databaseAccounts/gremlinDatabases/throughputSettings\",\r\n  \"name\": \"j6r9\",\r\n  \"properties\": {\r\n    \"resource\": {\r\n      \"throughput\": 1100,\r\n      \"minimumThroughput\": \"400\"\r\n    }\r\n  }\r\n}",
      "StatusCode": 200
    },
    {
      "RequestUri": "/subscriptions/dec9ed54-2b7f-4476-9bd0-875544af59df/resourceGroups/CosmosDBResourceGroup53/providers/Microsoft.DocumentDB/databaseAccounts/gremlin-db1053/gremlinDatabases/dbName3/throughputSettings/default?api-version=2022-05-15-preview",
      "EncodedRequestUri": "L3N1YnNjcmlwdGlvbnMvZGVjOWVkNTQtMmI3Zi00NDc2LTliZDAtODc1NTQ0YWY1OWRmL3Jlc291cmNlR3JvdXBzL0Nvc21vc0RCUmVzb3VyY2VHcm91cDUzL3Byb3ZpZGVycy9NaWNyb3NvZnQuRG9jdW1lbnREQi9kYXRhYmFzZUFjY291bnRzL2dyZW1saW4tZGIxMDUzL2dyZW1saW5EYXRhYmFzZXMvZGJOYW1lMy90aHJvdWdocHV0U2V0dGluZ3MvZGVmYXVsdD9hcGktdmVyc2lvbj0yMDIyLTA1LTE1LXByZXZpZXc=",
      "RequestMethod": "GET",
      "RequestHeaders": {
        "x-ms-client-request-id": [
          "6bc7dcab-822e-460d-b4bf-b129a0adfa58"
        ],
        "User-Agent": [
          "FxVersion/4.700.22.41602",
          "OSName/Windows",
          "OSVersion/Microsoft.Windows.10.0.22000",
          "Microsoft.Azure.Management.CosmosDB.CosmosDBManagementClient/1.8.2"
        ]
      },
      "RequestBody": "",
      "ResponseHeaders": {
        "Cache-Control": [
          "no-store, no-cache"
        ],
        "Pragma": [
          "no-cache"
        ],
        "Strict-Transport-Security": [
          "max-age=31536000; includeSubDomains"
        ],
        "x-ms-gatewayversion": [
          "version=2.14.0"
        ],
        "Server": [
          "Microsoft-HTTPAPI/2.0"
        ],
        "x-ms-ratelimit-remaining-subscription-reads": [
          "11931"
        ],
        "x-ms-request-id": [
          "4290a969-0114-4536-b72f-2c4f4608b5b5"
        ],
        "x-ms-correlation-request-id": [
          "4290a969-0114-4536-b72f-2c4f4608b5b5"
        ],
        "x-ms-routing-request-id": [
          "BRAZILUS:20220916T001132Z:4290a969-0114-4536-b72f-2c4f4608b5b5"
        ],
        "X-Content-Type-Options": [
          "nosniff"
        ],
        "Date": [
          "Fri, 16 Sep 2022 00:11:32 GMT"
        ],
        "Content-Length": [
          "383"
        ],
        "Content-Type": [
          "application/json"
        ]
      },
      "ResponseBody": "{\r\n  \"id\": \"/subscriptions/dec9ed54-2b7f-4476-9bd0-875544af59df/resourceGroups/CosmosDBResourceGroup53/providers/Microsoft.DocumentDB/databaseAccounts/gremlin-db1053/gremlinDatabases/dbName3/throughputSettings/default\",\r\n  \"type\": \"Microsoft.DocumentDB/databaseAccounts/gremlinDatabases/throughputSettings\",\r\n  \"name\": \"j6r9\",\r\n  \"properties\": {\r\n    \"resource\": {\r\n      \"throughput\": 1000,\r\n      \"minimumThroughput\": \"400\"\r\n    }\r\n  }\r\n}",
      "StatusCode": 200
    },
    {
      "RequestUri": "/subscriptions/dec9ed54-2b7f-4476-9bd0-875544af59df/resourceGroups/CosmosDBResourceGroup53/providers/Microsoft.DocumentDB/databaseAccounts/gremlin-db1053/gremlinDatabases/dbName3/throughputSettings/default?api-version=2022-05-15-preview",
      "EncodedRequestUri": "L3N1YnNjcmlwdGlvbnMvZGVjOWVkNTQtMmI3Zi00NDc2LTliZDAtODc1NTQ0YWY1OWRmL3Jlc291cmNlR3JvdXBzL0Nvc21vc0RCUmVzb3VyY2VHcm91cDUzL3Byb3ZpZGVycy9NaWNyb3NvZnQuRG9jdW1lbnREQi9kYXRhYmFzZUFjY291bnRzL2dyZW1saW4tZGIxMDUzL2dyZW1saW5EYXRhYmFzZXMvZGJOYW1lMy90aHJvdWdocHV0U2V0dGluZ3MvZGVmYXVsdD9hcGktdmVyc2lvbj0yMDIyLTA1LTE1LXByZXZpZXc=",
      "RequestMethod": "GET",
      "RequestHeaders": {
        "x-ms-client-request-id": [
          "3af89b91-87ce-4dea-b360-48f0936d10d8"
        ],
        "User-Agent": [
          "FxVersion/4.700.22.41602",
          "OSName/Windows",
          "OSVersion/Microsoft.Windows.10.0.22000",
          "Microsoft.Azure.Management.CosmosDB.CosmosDBManagementClient/1.8.2"
        ]
      },
      "RequestBody": "",
      "ResponseHeaders": {
        "Cache-Control": [
          "no-store, no-cache"
        ],
        "Pragma": [
          "no-cache"
        ],
        "Strict-Transport-Security": [
          "max-age=31536000; includeSubDomains"
        ],
        "x-ms-gatewayversion": [
          "version=2.14.0"
        ],
        "Server": [
          "Microsoft-HTTPAPI/2.0"
        ],
        "x-ms-ratelimit-remaining-subscription-reads": [
          "11952"
        ],
        "x-ms-request-id": [
          "110a4009-f281-454a-baba-be53b3c89220"
        ],
        "x-ms-correlation-request-id": [
          "110a4009-f281-454a-baba-be53b3c89220"
        ],
        "x-ms-routing-request-id": [
          "BRAZILUS:20220916T001206Z:110a4009-f281-454a-baba-be53b3c89220"
        ],
        "X-Content-Type-Options": [
          "nosniff"
        ],
        "Date": [
          "Fri, 16 Sep 2022 00:12:05 GMT"
        ],
        "Content-Length": [
          "382"
        ],
        "Content-Type": [
          "application/json"
        ]
      },
      "ResponseBody": "{\r\n  \"id\": \"/subscriptions/dec9ed54-2b7f-4476-9bd0-875544af59df/resourceGroups/CosmosDBResourceGroup53/providers/Microsoft.DocumentDB/databaseAccounts/gremlin-db1053/gremlinDatabases/dbName3/throughputSettings/default\",\r\n  \"type\": \"Microsoft.DocumentDB/databaseAccounts/gremlinDatabases/throughputSettings\",\r\n  \"name\": \"j6r9\",\r\n  \"properties\": {\r\n    \"resource\": {\r\n      \"throughput\": 900,\r\n      \"minimumThroughput\": \"400\"\r\n    }\r\n  }\r\n}",
      "StatusCode": 200
    },
    {
      "RequestUri": "/subscriptions/dec9ed54-2b7f-4476-9bd0-875544af59df/resourceGroups/CosmosDBResourceGroup53/providers/Microsoft.DocumentDB/databaseAccounts/gremlin-db1053/gremlinDatabases/dbName3/throughputSettings/default?api-version=2022-05-15-preview",
      "EncodedRequestUri": "L3N1YnNjcmlwdGlvbnMvZGVjOWVkNTQtMmI3Zi00NDc2LTliZDAtODc1NTQ0YWY1OWRmL3Jlc291cmNlR3JvdXBzL0Nvc21vc0RCUmVzb3VyY2VHcm91cDUzL3Byb3ZpZGVycy9NaWNyb3NvZnQuRG9jdW1lbnREQi9kYXRhYmFzZUFjY291bnRzL2dyZW1saW4tZGIxMDUzL2dyZW1saW5EYXRhYmFzZXMvZGJOYW1lMy90aHJvdWdocHV0U2V0dGluZ3MvZGVmYXVsdD9hcGktdmVyc2lvbj0yMDIyLTA1LTE1LXByZXZpZXc=",
      "RequestMethod": "PUT",
      "RequestHeaders": {
        "x-ms-client-request-id": [
          "084fa17a-be59-4d2a-8efe-631e54b6fb67"
        ],
        "Accept-Language": [
          "en-US"
        ],
        "User-Agent": [
          "FxVersion/4.700.22.41602",
          "OSName/Windows",
          "OSVersion/Microsoft.Windows.10.0.22000",
          "Microsoft.Azure.Management.CosmosDB.CosmosDBManagementClient/1.8.2"
        ],
        "Content-Type": [
          "application/json; charset=utf-8"
        ],
        "Content-Length": [
          "80"
        ]
      },
      "RequestBody": "{\r\n  \"properties\": {\r\n    \"resource\": {\r\n      \"throughput\": 1100\r\n    }\r\n  }\r\n}",
      "ResponseHeaders": {
        "Cache-Control": [
          "no-store, no-cache"
        ],
        "Pragma": [
          "no-cache"
        ],
        "Location": [
          "https://management.azure.com/subscriptions/dec9ed54-2b7f-4476-9bd0-875544af59df/resourceGroups/CosmosDBResourceGroup53/providers/Microsoft.DocumentDB/databaseAccounts/gremlin-db1053/gremlinDatabases/dbName3/throughputSettings/default/operationResults/a98a536b-e0da-4b0d-81c3-701d93952737?api-version=2022-05-15-preview"
        ],
        "Azure-AsyncOperation": [
          "https://management.azure.com/subscriptions/dec9ed54-2b7f-4476-9bd0-875544af59df/providers/Microsoft.DocumentDB/locations/eastus/operationsStatus/a98a536b-e0da-4b0d-81c3-701d93952737?api-version=2022-05-15-preview"
        ],
        "x-ms-request-id": [
          "a98a536b-e0da-4b0d-81c3-701d93952737"
        ],
        "Strict-Transport-Security": [
          "max-age=31536000; includeSubDomains"
        ],
        "x-ms-gatewayversion": [
          "version=2.14.0"
        ],
        "Server": [
          "Microsoft-HTTPAPI/2.0"
        ],
        "x-ms-ratelimit-remaining-subscription-writes": [
          "1193"
        ],
        "x-ms-correlation-request-id": [
          "bb931f34-5044-4c29-ac49-db1f7f1d2b25"
        ],
        "x-ms-routing-request-id": [
          "BRAZILUS:20220916T001030Z:bb931f34-5044-4c29-ac49-db1f7f1d2b25"
        ],
        "X-Content-Type-Options": [
          "nosniff"
        ],
        "Date": [
          "Fri, 16 Sep 2022 00:10:29 GMT"
        ],
        "Content-Length": [
          "21"
        ],
        "Content-Type": [
          "application/json"
        ]
      },
      "ResponseBody": "{\r\n  \"status\": \"Enqueued\"\r\n}",
      "StatusCode": 202
    },
    {
      "RequestUri": "/subscriptions/dec9ed54-2b7f-4476-9bd0-875544af59df/resourceGroups/CosmosDBResourceGroup53/providers/Microsoft.DocumentDB/databaseAccounts/gremlin-db1053/gremlinDatabases/dbName3/throughputSettings/default?api-version=2022-05-15-preview",
      "EncodedRequestUri": "L3N1YnNjcmlwdGlvbnMvZGVjOWVkNTQtMmI3Zi00NDc2LTliZDAtODc1NTQ0YWY1OWRmL3Jlc291cmNlR3JvdXBzL0Nvc21vc0RCUmVzb3VyY2VHcm91cDUzL3Byb3ZpZGVycy9NaWNyb3NvZnQuRG9jdW1lbnREQi9kYXRhYmFzZUFjY291bnRzL2dyZW1saW4tZGIxMDUzL2dyZW1saW5EYXRhYmFzZXMvZGJOYW1lMy90aHJvdWdocHV0U2V0dGluZ3MvZGVmYXVsdD9hcGktdmVyc2lvbj0yMDIyLTA1LTE1LXByZXZpZXc=",
      "RequestMethod": "PUT",
      "RequestHeaders": {
        "x-ms-client-request-id": [
          "6bc7dcab-822e-460d-b4bf-b129a0adfa58"
        ],
        "Accept-Language": [
          "en-US"
        ],
        "User-Agent": [
          "FxVersion/4.700.22.41602",
          "OSName/Windows",
          "OSVersion/Microsoft.Windows.10.0.22000",
          "Microsoft.Azure.Management.CosmosDB.CosmosDBManagementClient/1.8.2"
        ],
        "Content-Type": [
          "application/json; charset=utf-8"
        ],
        "Content-Length": [
          "80"
        ]
      },
      "RequestBody": "{\r\n  \"properties\": {\r\n    \"resource\": {\r\n      \"throughput\": 1000\r\n    }\r\n  }\r\n}",
      "ResponseHeaders": {
        "Cache-Control": [
          "no-store, no-cache"
        ],
        "Pragma": [
          "no-cache"
        ],
        "Location": [
          "https://management.azure.com/subscriptions/dec9ed54-2b7f-4476-9bd0-875544af59df/resourceGroups/CosmosDBResourceGroup53/providers/Microsoft.DocumentDB/databaseAccounts/gremlin-db1053/gremlinDatabases/dbName3/throughputSettings/default/operationResults/469adf6b-e66d-434e-a67a-cb09dbc7c45c?api-version=2022-05-15-preview"
        ],
        "Azure-AsyncOperation": [
          "https://management.azure.com/subscriptions/dec9ed54-2b7f-4476-9bd0-875544af59df/providers/Microsoft.DocumentDB/locations/eastus/operationsStatus/469adf6b-e66d-434e-a67a-cb09dbc7c45c?api-version=2022-05-15-preview"
        ],
        "x-ms-request-id": [
          "469adf6b-e66d-434e-a67a-cb09dbc7c45c"
        ],
        "Strict-Transport-Security": [
          "max-age=31536000; includeSubDomains"
        ],
        "x-ms-gatewayversion": [
          "version=2.14.0"
        ],
        "Server": [
          "Microsoft-HTTPAPI/2.0"
        ],
        "x-ms-ratelimit-remaining-subscription-writes": [
          "1192"
        ],
        "x-ms-correlation-request-id": [
          "74518f1c-d6cc-4e32-a347-90db10ce5a89"
        ],
        "x-ms-routing-request-id": [
          "BRAZILUS:20220916T001102Z:74518f1c-d6cc-4e32-a347-90db10ce5a89"
        ],
        "X-Content-Type-Options": [
          "nosniff"
        ],
        "Date": [
          "Fri, 16 Sep 2022 00:11:01 GMT"
        ],
        "Content-Length": [
          "21"
        ],
        "Content-Type": [
          "application/json"
        ]
      },
      "ResponseBody": "{\r\n  \"status\": \"Enqueued\"\r\n}",
      "StatusCode": 202
    },
    {
      "RequestUri": "/subscriptions/dec9ed54-2b7f-4476-9bd0-875544af59df/resourceGroups/CosmosDBResourceGroup53/providers/Microsoft.DocumentDB/databaseAccounts/gremlin-db1053/gremlinDatabases/dbName3/throughputSettings/default?api-version=2022-05-15-preview",
      "EncodedRequestUri": "L3N1YnNjcmlwdGlvbnMvZGVjOWVkNTQtMmI3Zi00NDc2LTliZDAtODc1NTQ0YWY1OWRmL3Jlc291cmNlR3JvdXBzL0Nvc21vc0RCUmVzb3VyY2VHcm91cDUzL3Byb3ZpZGVycy9NaWNyb3NvZnQuRG9jdW1lbnREQi9kYXRhYmFzZUFjY291bnRzL2dyZW1saW4tZGIxMDUzL2dyZW1saW5EYXRhYmFzZXMvZGJOYW1lMy90aHJvdWdocHV0U2V0dGluZ3MvZGVmYXVsdD9hcGktdmVyc2lvbj0yMDIyLTA1LTE1LXByZXZpZXc=",
      "RequestMethod": "PUT",
      "RequestHeaders": {
        "x-ms-client-request-id": [
          "3af89b91-87ce-4dea-b360-48f0936d10d8"
        ],
        "Accept-Language": [
          "en-US"
        ],
        "User-Agent": [
          "FxVersion/4.700.22.41602",
          "OSName/Windows",
          "OSVersion/Microsoft.Windows.10.0.22000",
          "Microsoft.Azure.Management.CosmosDB.CosmosDBManagementClient/1.8.2"
        ],
        "Content-Type": [
          "application/json; charset=utf-8"
        ],
        "Content-Length": [
          "79"
        ]
      },
      "RequestBody": "{\r\n  \"properties\": {\r\n    \"resource\": {\r\n      \"throughput\": 900\r\n    }\r\n  }\r\n}",
      "ResponseHeaders": {
        "Cache-Control": [
          "no-store, no-cache"
        ],
        "Pragma": [
          "no-cache"
        ],
        "Location": [
          "https://management.azure.com/subscriptions/dec9ed54-2b7f-4476-9bd0-875544af59df/resourceGroups/CosmosDBResourceGroup53/providers/Microsoft.DocumentDB/databaseAccounts/gremlin-db1053/gremlinDatabases/dbName3/throughputSettings/default/operationResults/fb71bd06-5bbf-4b1b-a403-4fa1cb296da8?api-version=2022-05-15-preview"
        ],
        "Azure-AsyncOperation": [
          "https://management.azure.com/subscriptions/dec9ed54-2b7f-4476-9bd0-875544af59df/providers/Microsoft.DocumentDB/locations/eastus/operationsStatus/fb71bd06-5bbf-4b1b-a403-4fa1cb296da8?api-version=2022-05-15-preview"
        ],
        "x-ms-request-id": [
          "fb71bd06-5bbf-4b1b-a403-4fa1cb296da8"
        ],
        "Strict-Transport-Security": [
          "max-age=31536000; includeSubDomains"
        ],
        "x-ms-gatewayversion": [
          "version=2.14.0"
        ],
        "Server": [
          "Microsoft-HTTPAPI/2.0"
        ],
        "x-ms-ratelimit-remaining-subscription-writes": [
          "1193"
        ],
        "x-ms-correlation-request-id": [
          "b32e1f72-2de6-4383-af29-40ac184bb31f"
        ],
        "x-ms-routing-request-id": [
          "BRAZILUS:20220916T001135Z:b32e1f72-2de6-4383-af29-40ac184bb31f"
        ],
        "X-Content-Type-Options": [
          "nosniff"
        ],
        "Date": [
          "Fri, 16 Sep 2022 00:11:35 GMT"
        ],
        "Content-Length": [
          "21"
        ],
        "Content-Type": [
          "application/json"
        ]
      },
      "ResponseBody": "{\r\n  \"status\": \"Enqueued\"\r\n}",
      "StatusCode": 202
    },
    {
      "RequestUri": "/subscriptions/dec9ed54-2b7f-4476-9bd0-875544af59df/providers/Microsoft.DocumentDB/locations/eastus/operationsStatus/a98a536b-e0da-4b0d-81c3-701d93952737?api-version=2022-05-15-preview",
      "EncodedRequestUri": "L3N1YnNjcmlwdGlvbnMvZGVjOWVkNTQtMmI3Zi00NDc2LTliZDAtODc1NTQ0YWY1OWRmL3Byb3ZpZGVycy9NaWNyb3NvZnQuRG9jdW1lbnREQi9sb2NhdGlvbnMvZWFzdHVzL29wZXJhdGlvbnNTdGF0dXMvYTk4YTUzNmItZTBkYS00YjBkLTgxYzMtNzAxZDkzOTUyNzM3P2FwaS12ZXJzaW9uPTIwMjItMDUtMTUtcHJldmlldw==",
      "RequestMethod": "GET",
      "RequestHeaders": {
        "x-ms-client-request-id": [
          "084fa17a-be59-4d2a-8efe-631e54b6fb67"
        ],
        "User-Agent": [
          "FxVersion/4.700.22.41602",
          "OSName/Windows",
          "OSVersion/Microsoft.Windows.10.0.22000",
          "Microsoft.Azure.Management.CosmosDB.CosmosDBManagementClient/1.8.2"
        ]
      },
      "RequestBody": "",
      "ResponseHeaders": {
        "Cache-Control": [
          "no-store, no-cache"
        ],
        "Pragma": [
          "no-cache"
        ],
        "Strict-Transport-Security": [
          "max-age=31536000; includeSubDomains"
        ],
        "x-ms-gatewayversion": [
          "version=2.14.0"
        ],
        "Server": [
          "Microsoft-HTTPAPI/2.0"
        ],
        "x-ms-ratelimit-remaining-subscription-reads": [
          "11965"
        ],
        "x-ms-request-id": [
          "8d83daf5-d935-4a19-a954-b80dfa54d862"
        ],
        "x-ms-correlation-request-id": [
          "8d83daf5-d935-4a19-a954-b80dfa54d862"
        ],
        "x-ms-routing-request-id": [
          "BRAZILUS:20220916T001100Z:8d83daf5-d935-4a19-a954-b80dfa54d862"
        ],
        "X-Content-Type-Options": [
          "nosniff"
        ],
        "Date": [
          "Fri, 16 Sep 2022 00:11:00 GMT"
        ],
        "Content-Length": [
          "22"
        ],
        "Content-Type": [
          "application/json"
        ]
      },
      "ResponseBody": "{\r\n  \"status\": \"Succeeded\"\r\n}",
      "StatusCode": 200
    },
    {
      "RequestUri": "/subscriptions/dec9ed54-2b7f-4476-9bd0-875544af59df/providers/Microsoft.DocumentDB/locations/eastus/operationsStatus/469adf6b-e66d-434e-a67a-cb09dbc7c45c?api-version=2022-05-15-preview",
      "EncodedRequestUri": "L3N1YnNjcmlwdGlvbnMvZGVjOWVkNTQtMmI3Zi00NDc2LTliZDAtODc1NTQ0YWY1OWRmL3Byb3ZpZGVycy9NaWNyb3NvZnQuRG9jdW1lbnREQi9sb2NhdGlvbnMvZWFzdHVzL29wZXJhdGlvbnNTdGF0dXMvNDY5YWRmNmItZTY2ZC00MzRlLWE2N2EtY2IwOWRiYzdjNDVjP2FwaS12ZXJzaW9uPTIwMjItMDUtMTUtcHJldmlldw==",
      "RequestMethod": "GET",
      "RequestHeaders": {
        "x-ms-client-request-id": [
          "6bc7dcab-822e-460d-b4bf-b129a0adfa58"
        ],
        "User-Agent": [
          "FxVersion/4.700.22.41602",
          "OSName/Windows",
          "OSVersion/Microsoft.Windows.10.0.22000",
          "Microsoft.Azure.Management.CosmosDB.CosmosDBManagementClient/1.8.2"
        ]
      },
      "RequestBody": "",
      "ResponseHeaders": {
        "Cache-Control": [
          "no-store, no-cache"
        ],
        "Pragma": [
          "no-cache"
        ],
        "Strict-Transport-Security": [
          "max-age=31536000; includeSubDomains"
        ],
        "x-ms-gatewayversion": [
          "version=2.14.0"
        ],
        "Server": [
          "Microsoft-HTTPAPI/2.0"
        ],
        "x-ms-ratelimit-remaining-subscription-reads": [
          "11932"
        ],
        "x-ms-request-id": [
          "2e2be874-3005-4a14-b787-260e857ae179"
        ],
        "x-ms-correlation-request-id": [
          "2e2be874-3005-4a14-b787-260e857ae179"
        ],
        "x-ms-routing-request-id": [
          "BRAZILUS:20220916T001132Z:2e2be874-3005-4a14-b787-260e857ae179"
        ],
        "X-Content-Type-Options": [
          "nosniff"
        ],
        "Date": [
          "Fri, 16 Sep 2022 00:11:32 GMT"
        ],
        "Content-Length": [
          "22"
        ],
        "Content-Type": [
          "application/json"
        ]
      },
      "ResponseBody": "{\r\n  \"status\": \"Succeeded\"\r\n}",
      "StatusCode": 200
    },
    {
      "RequestUri": "/subscriptions/dec9ed54-2b7f-4476-9bd0-875544af59df/providers/Microsoft.DocumentDB/locations/eastus/operationsStatus/fb71bd06-5bbf-4b1b-a403-4fa1cb296da8?api-version=2022-05-15-preview",
      "EncodedRequestUri": "L3N1YnNjcmlwdGlvbnMvZGVjOWVkNTQtMmI3Zi00NDc2LTliZDAtODc1NTQ0YWY1OWRmL3Byb3ZpZGVycy9NaWNyb3NvZnQuRG9jdW1lbnREQi9sb2NhdGlvbnMvZWFzdHVzL29wZXJhdGlvbnNTdGF0dXMvZmI3MWJkMDYtNWJiZi00YjFiLWE0MDMtNGZhMWNiMjk2ZGE4P2FwaS12ZXJzaW9uPTIwMjItMDUtMTUtcHJldmlldw==",
      "RequestMethod": "GET",
      "RequestHeaders": {
        "x-ms-client-request-id": [
          "3af89b91-87ce-4dea-b360-48f0936d10d8"
        ],
        "User-Agent": [
          "FxVersion/4.700.22.41602",
          "OSName/Windows",
          "OSVersion/Microsoft.Windows.10.0.22000",
          "Microsoft.Azure.Management.CosmosDB.CosmosDBManagementClient/1.8.2"
        ]
      },
      "RequestBody": "",
      "ResponseHeaders": {
        "Cache-Control": [
          "no-store, no-cache"
        ],
        "Pragma": [
          "no-cache"
        ],
        "Strict-Transport-Security": [
          "max-age=31536000; includeSubDomains"
        ],
        "x-ms-gatewayversion": [
          "version=2.14.0"
        ],
        "Server": [
          "Microsoft-HTTPAPI/2.0"
        ],
        "x-ms-ratelimit-remaining-subscription-reads": [
          "11953"
        ],
        "x-ms-request-id": [
          "4c04a785-3a46-45a9-bddd-cc6c4fc1b1f8"
        ],
        "x-ms-correlation-request-id": [
          "4c04a785-3a46-45a9-bddd-cc6c4fc1b1f8"
        ],
        "x-ms-routing-request-id": [
          "BRAZILUS:20220916T001205Z:4c04a785-3a46-45a9-bddd-cc6c4fc1b1f8"
        ],
        "X-Content-Type-Options": [
          "nosniff"
        ],
        "Date": [
          "Fri, 16 Sep 2022 00:12:05 GMT"
        ],
        "Content-Length": [
          "22"
        ],
        "Content-Type": [
          "application/json"
        ]
      },
      "ResponseBody": "{\r\n  \"status\": \"Succeeded\"\r\n}",
      "StatusCode": 200
    },
    {
      "RequestUri": "/subscriptions/dec9ed54-2b7f-4476-9bd0-875544af59df/resourceGroups/CosmosDBResourceGroup53/providers/Microsoft.DocumentDB/databaseAccounts/gremlin-db1053/gremlinDatabases/dbName3/graphs/graphName?api-version=2022-05-15-preview",
      "EncodedRequestUri": "L3N1YnNjcmlwdGlvbnMvZGVjOWVkNTQtMmI3Zi00NDc2LTliZDAtODc1NTQ0YWY1OWRmL3Jlc291cmNlR3JvdXBzL0Nvc21vc0RCUmVzb3VyY2VHcm91cDUzL3Byb3ZpZGVycy9NaWNyb3NvZnQuRG9jdW1lbnREQi9kYXRhYmFzZUFjY291bnRzL2dyZW1saW4tZGIxMDUzL2dyZW1saW5EYXRhYmFzZXMvZGJOYW1lMy9ncmFwaHMvZ3JhcGhOYW1lP2FwaS12ZXJzaW9uPTIwMjItMDUtMTUtcHJldmlldw==",
      "RequestMethod": "GET",
      "RequestHeaders": {
        "x-ms-client-request-id": [
          "cca3286d-2913-40d4-855c-7bd29b18a65e"
        ],
        "Accept-Language": [
          "en-US"
        ],
        "User-Agent": [
          "FxVersion/4.700.22.41602",
          "OSName/Windows",
          "OSVersion/Microsoft.Windows.10.0.22000",
          "Microsoft.Azure.Management.CosmosDB.CosmosDBManagementClient/1.8.2"
        ]
      },
      "RequestBody": "",
      "ResponseHeaders": {
        "Cache-Control": [
          "no-store, no-cache"
        ],
        "Pragma": [
          "no-cache"
        ],
        "Strict-Transport-Security": [
          "max-age=31536000; includeSubDomains"
        ],
        "x-ms-gatewayversion": [
          "version=2.14.0"
        ],
        "Server": [
          "Microsoft-HTTPAPI/2.0"
        ],
        "x-ms-ratelimit-remaining-subscription-reads": [
          "11951"
        ],
        "x-ms-request-id": [
          "09aa9103-59c8-42c3-b6e6-be20ad277182"
        ],
        "x-ms-correlation-request-id": [
          "09aa9103-59c8-42c3-b6e6-be20ad277182"
        ],
        "x-ms-routing-request-id": [
          "BRAZILUS:20220916T001207Z:09aa9103-59c8-42c3-b6e6-be20ad277182"
        ],
        "X-Content-Type-Options": [
          "nosniff"
        ],
        "Date": [
          "Fri, 16 Sep 2022 00:12:07 GMT"
        ],
        "Content-Length": [
          "6541"
        ],
        "Content-Type": [
          "application/json"
        ]
      },
      "ResponseBody": "{\r\n  \"code\": \"NotFound\",\r\n  \"message\": \"Message: {\\\"code\\\":\\\"NotFound\\\",\\\"message\\\":\\\"Message: {\\\\\\\"Errors\\\\\\\":[\\\\\\\"Resource Not Found. Learn more: https:\\\\\\\\/\\\\\\\\/aka.ms\\\\\\\\/cosmosdb-tsg-not-found\\\\\\\"]}\\\\r\\\\nActivityId: cca3286d-2913-40d4-855c-7bd29b18a65e, Request URI: /apps/fbca2fc9-d702-4182-b791-1269083fc36e/services/535f4534-b9a5-4660-a32f-cd20f8787246/partitions/9c1caad2-39c6-4083-9d43-618951cbf89d/replicas/133075959052794433s, RequestStats: \\\\r\\\\nRequestStartTime: 2022-09-16T00:12:07.1814247Z, RequestEndTime: 2022-09-16T00:12:07.1814247Z,  Number of regions attempted:1\\\\r\\\\n{\\\\\\\"systemHistory\\\\\\\":[{\\\\\\\"dateUtc\\\\\\\":\\\\\\\"2022-09-16T00:11:09.8508392Z\\\\\\\",\\\\\\\"cpu\\\\\\\":0.244,\\\\\\\"memory\\\\\\\":643546916.000,\\\\\\\"threadInfo\\\\\\\":{\\\\\\\"isThreadStarving\\\\\\\":\\\\\\\"False\\\\\\\",\\\\\\\"threadWaitIntervalInMs\\\\\\\":0.0156,\\\\\\\"availableThreads\\\\\\\":32761,\\\\\\\"minThreads\\\\\\\":64,\\\\\\\"maxThreads\\\\\\\":32767},\\\\\\\"numberOfOpenTcpConnection\\\\\\\":218},{\\\\\\\"dateUtc\\\\\\\":\\\\\\\"2022-09-16T00:11:19.8609407Z\\\\\\\",\\\\\\\"cpu\\\\\\\":1.258,\\\\\\\"memory\\\\\\\":642832428.000,\\\\\\\"threadInfo\\\\\\\":{\\\\\\\"isThreadStarving\\\\\\\":\\\\\\\"False\\\\\\\",\\\\\\\"threadWaitIntervalInMs\\\\\\\":0.0255,\\\\\\\"availableThreads\\\\\\\":32764,\\\\\\\"minThreads\\\\\\\":64,\\\\\\\"maxThreads\\\\\\\":32767},\\\\\\\"numberOfOpenTcpConnection\\\\\\\":218},{\\\\\\\"dateUtc\\\\\\\":\\\\\\\"2022-09-16T00:11:29.8710392Z\\\\\\\",\\\\\\\"cpu\\\\\\\":2.979,\\\\\\\"memory\\\\\\\":642531196.000,\\\\\\\"threadInfo\\\\\\\":{\\\\\\\"isThreadStarving\\\\\\\":\\\\\\\"False\\\\\\\",\\\\\\\"threadWaitIntervalInMs\\\\\\\":0.0159,\\\\\\\"availableThreads\\\\\\\":32761,\\\\\\\"minThreads\\\\\\\":64,\\\\\\\"maxThreads\\\\\\\":32767},\\\\\\\"numberOfOpenTcpConnection\\\\\\\":218},{\\\\\\\"dateUtc\\\\\\\":\\\\\\\"2022-09-16T00:11:39.8811428Z\\\\\\\",\\\\\\\"cpu\\\\\\\":2.853,\\\\\\\"memory\\\\\\\":642390172.000,\\\\\\\"threadInfo\\\\\\\":{\\\\\\\"isThreadStarving\\\\\\\":\\\\\\\"False\\\\\\\",\\\\\\\"threadWaitIntervalInMs\\\\\\\":0.0101,\\\\\\\"availableThreads\\\\\\\":32763,\\\\\\\"minThreads\\\\\\\":64,\\\\\\\"maxThreads\\\\\\\":32767},\\\\\\\"numberOfOpenTcpConnection\\\\\\\":218},{\\\\\\\"dateUtc\\\\\\\":\\\\\\\"2022-09-16T00:11:49.8912658Z\\\\\\\",\\\\\\\"cpu\\\\\\\":3.140,\\\\\\\"memory\\\\\\\":641267188.000,\\\\\\\"threadInfo\\\\\\\":{\\\\\\\"isThreadStarving\\\\\\\":\\\\\\\"False\\\\\\\",\\\\\\\"threadWaitIntervalInMs\\\\\\\":0.0147,\\\\\\\"availableThreads\\\\\\\":32763,\\\\\\\"minThreads\\\\\\\":64,\\\\\\\"maxThreads\\\\\\\":32767},\\\\\\\"numberOfOpenTcpConnection\\\\\\\":216},{\\\\\\\"dateUtc\\\\\\\":\\\\\\\"2022-09-16T00:11:59.9013529Z\\\\\\\",\\\\\\\"cpu\\\\\\\":1.029,\\\\\\\"memory\\\\\\\":639814200.000,\\\\\\\"threadInfo\\\\\\\":{\\\\\\\"isThreadStarving\\\\\\\":\\\\\\\"False\\\\\\\",\\\\\\\"threadWaitIntervalInMs\\\\\\\":0.0198,\\\\\\\"availableThreads\\\\\\\":32764,\\\\\\\"minThreads\\\\\\\":64,\\\\\\\"maxThreads\\\\\\\":32767},\\\\\\\"numberOfOpenTcpConnection\\\\\\\":217}]}\\\\r\\\\nRequestStart: 2022-09-16T00:12:07.1814247Z; ResponseTime: 2022-09-16T00:12:07.1814247Z; StoreResult: StorePhysicalAddress: rntbd://10.0.1.6:11300/apps/fbca2fc9-d702-4182-b791-1269083fc36e/services/535f4534-b9a5-4660-a32f-cd20f8787246/partitions/9c1caad2-39c6-4083-9d43-618951cbf89d/replicas/133075959052794433s, LSN: 11, GlobalCommittedLsn: 11, PartitionKeyRangeId: , IsValid: True, StatusCode: 404, SubStatusCode: 0, RequestCharge: 1, ItemLSN: -1, SessionToken: -1#11, UsingLocalLSN: False, TransportException: null, BELatencyMs: 0.752, ActivityId: cca3286d-2913-40d4-855c-7bd29b18a65e, RetryAfterInMs: , TransportRequestTimeline: {\\\\\\\"requestTimeline\\\\\\\":[{\\\\\\\"event\\\\\\\": \\\\\\\"Created\\\\\\\", \\\\\\\"startTimeUtc\\\\\\\": \\\\\\\"2022-09-16T00:12:07.1814247Z\\\\\\\", \\\\\\\"durationInMs\\\\\\\": 0.0139},{\\\\\\\"event\\\\\\\": \\\\\\\"ChannelAcquisitionStarted\\\\\\\", \\\\\\\"startTimeUtc\\\\\\\": \\\\\\\"2022-09-16T00:12:07.1814386Z\\\\\\\", \\\\\\\"durationInMs\\\\\\\": 0.0032},{\\\\\\\"event\\\\\\\": \\\\\\\"Pipelined\\\\\\\", \\\\\\\"startTimeUtc\\\\\\\": \\\\\\\"2022-09-16T00:12:07.1814418Z\\\\\\\", \\\\\\\"durationInMs\\\\\\\": 0.1139},{\\\\\\\"event\\\\\\\": \\\\\\\"Transit Time\\\\\\\", \\\\\\\"startTimeUtc\\\\\\\": \\\\\\\"2022-09-16T00:12:07.1815557Z\\\\\\\", \\\\\\\"durationInMs\\\\\\\": 1.0785},{\\\\\\\"event\\\\\\\": \\\\\\\"Received\\\\\\\", \\\\\\\"startTimeUtc\\\\\\\": \\\\\\\"2022-09-16T00:12:07.1826342Z\\\\\\\", \\\\\\\"durationInMs\\\\\\\": 0.0883},{\\\\\\\"event\\\\\\\": \\\\\\\"Completed\\\\\\\", \\\\\\\"startTimeUtc\\\\\\\": \\\\\\\"2022-09-16T00:12:07.1827225Z\\\\\\\", \\\\\\\"durationInMs\\\\\\\": 0}],\\\\\\\"serviceEndpointStats\\\\\\\":{\\\\\\\"inflightRequests\\\\\\\":1,\\\\\\\"openConnections\\\\\\\":1},\\\\\\\"connectionStats\\\\\\\":{\\\\\\\"waitforConnectionInit\\\\\\\":\\\\\\\"False\\\\\\\",\\\\\\\"callsPendingReceive\\\\\\\":0,\\\\\\\"lastSendAttempt\\\\\\\":\\\\\\\"2022-09-16T00:12:07.0714231Z\\\\\\\",\\\\\\\"lastSend\\\\\\\":\\\\\\\"2022-09-16T00:12:07.0714231Z\\\\\\\",\\\\\\\"lastReceive\\\\\\\":\\\\\\\"2022-09-16T00:12:07.0714231Z\\\\\\\"},\\\\\\\"requestSizeInBytes\\\\\\\":476,\\\\\\\"responseMetadataSizeInBytes\\\\\\\":135,\\\\\\\"responseBodySizeInBytes\\\\\\\":87};\\\\r\\\\n ResourceType: Collection, OperationType: Read\\\\r\\\\nRequestStart: 2022-09-16T00:12:07.1814247Z; ResponseTime: 2022-09-16T00:12:07.1814247Z; StoreResult: StorePhysicalAddress: rntbd://10.0.1.8:11000/apps/fbca2fc9-d702-4182-b791-1269083fc36e/services/535f4534-b9a5-4660-a32f-cd20f8787246/partitions/9c1caad2-39c6-4083-9d43-618951cbf89d/replicas/133075959052794432s, LSN: 11, GlobalCommittedLsn: 11, PartitionKeyRangeId: , IsValid: True, StatusCode: 404, SubStatusCode: 0, RequestCharge: 1, ItemLSN: -1, SessionToken: -1#11, UsingLocalLSN: False, TransportException: null, BELatencyMs: 0.8, ActivityId: cca3286d-2913-40d4-855c-7bd29b18a65e, RetryAfterInMs: , TransportRequestTimeline: {\\\\\\\"requestTimeline\\\\\\\":[{\\\\\\\"event\\\\\\\": \\\\\\\"Created\\\\\\\", \\\\\\\"startTimeUtc\\\\\\\": \\\\\\\"2022-09-16T00:12:07.1814247Z\\\\\\\", \\\\\\\"durationInMs\\\\\\\": 0.0046},{\\\\\\\"event\\\\\\\": \\\\\\\"ChannelAcquisitionStarted\\\\\\\", \\\\\\\"startTimeUtc\\\\\\\": \\\\\\\"2022-09-16T00:12:07.1814293Z\\\\\\\", \\\\\\\"durationInMs\\\\\\\": 0.0015},{\\\\\\\"event\\\\\\\": \\\\\\\"Pipelined\\\\\\\", \\\\\\\"startTimeUtc\\\\\\\": \\\\\\\"2022-09-16T00:12:07.1814308Z\\\\\\\", \\\\\\\"durationInMs\\\\\\\": 0.072},{\\\\\\\"event\\\\\\\": \\\\\\\"Transit Time\\\\\\\", \\\\\\\"startTimeUtc\\\\\\\": \\\\\\\"2022-09-16T00:12:07.1815028Z\\\\\\\", \\\\\\\"durationInMs\\\\\\\": 1.0752},{\\\\\\\"event\\\\\\\": \\\\\\\"Received\\\\\\\", \\\\\\\"startTimeUtc\\\\\\\": \\\\\\\"2022-09-16T00:12:07.1825780Z\\\\\\\", \\\\\\\"durationInMs\\\\\\\": 0.0456},{\\\\\\\"event\\\\\\\": \\\\\\\"Completed\\\\\\\", \\\\\\\"startTimeUtc\\\\\\\": \\\\\\\"2022-09-16T00:12:07.1826236Z\\\\\\\", \\\\\\\"durationInMs\\\\\\\": 0}],\\\\\\\"serviceEndpointStats\\\\\\\":{\\\\\\\"inflightRequests\\\\\\\":1,\\\\\\\"openConnections\\\\\\\":1},\\\\\\\"connectionStats\\\\\\\":{\\\\\\\"waitforConnectionInit\\\\\\\":\\\\\\\"False\\\\\\\",\\\\\\\"callsPendingReceive\\\\\\\":0,\\\\\\\"lastSendAttempt\\\\\\\":\\\\\\\"2022-09-16T00:12:07.1114908Z\\\\\\\",\\\\\\\"lastSend\\\\\\\":\\\\\\\"2022-09-16T00:12:07.1114908Z\\\\\\\",\\\\\\\"lastReceive\\\\\\\":\\\\\\\"2022-09-16T00:12:07.1114908Z\\\\\\\"},\\\\\\\"requestSizeInBytes\\\\\\\":476,\\\\\\\"responseMetadataSizeInBytes\\\\\\\":135,\\\\\\\"responseBodySizeInBytes\\\\\\\":87};\\\\r\\\\n ResourceType: Collection, OperationType: Read\\\\r\\\\n, SDK: Microsoft.Azure.Documents.Common/2.14.0\\\"}, Request URI: /dbs/dbName3/colls/graphName, RequestStats: , SDK: Microsoft.Azure.Documents.Common/2.14.0\"\r\n}",
      "StatusCode": 404
    },
    {
      "RequestUri": "/subscriptions/dec9ed54-2b7f-4476-9bd0-875544af59df/resourceGroups/CosmosDBResourceGroup53/providers/Microsoft.DocumentDB/databaseAccounts/gremlin-db1053/gremlinDatabases/dbName3/graphs/graphName?api-version=2022-05-15-preview",
      "EncodedRequestUri": "L3N1YnNjcmlwdGlvbnMvZGVjOWVkNTQtMmI3Zi00NDc2LTliZDAtODc1NTQ0YWY1OWRmL3Jlc291cmNlR3JvdXBzL0Nvc21vc0RCUmVzb3VyY2VHcm91cDUzL3Byb3ZpZGVycy9NaWNyb3NvZnQuRG9jdW1lbnREQi9kYXRhYmFzZUFjY291bnRzL2dyZW1saW4tZGIxMDUzL2dyZW1saW5EYXRhYmFzZXMvZGJOYW1lMy9ncmFwaHMvZ3JhcGhOYW1lP2FwaS12ZXJzaW9uPTIwMjItMDUtMTUtcHJldmlldw==",
      "RequestMethod": "GET",
      "RequestHeaders": {
        "x-ms-client-request-id": [
          "cca3286d-2913-40d4-855c-7bd29b18a65e"
        ],
        "User-Agent": [
          "FxVersion/4.700.22.41602",
          "OSName/Windows",
          "OSVersion/Microsoft.Windows.10.0.22000",
          "Microsoft.Azure.Management.CosmosDB.CosmosDBManagementClient/1.8.2"
        ]
      },
      "RequestBody": "",
      "ResponseHeaders": {
        "Cache-Control": [
          "no-store, no-cache"
        ],
        "Pragma": [
          "no-cache"
        ],
        "Strict-Transport-Security": [
          "max-age=31536000; includeSubDomains"
        ],
        "x-ms-gatewayversion": [
          "version=2.14.0"
        ],
        "Server": [
          "Microsoft-HTTPAPI/2.0"
        ],
        "x-ms-ratelimit-remaining-subscription-reads": [
          "11949"
        ],
        "x-ms-request-id": [
          "553c9472-103e-4db0-b7ab-3b3ac233e61e"
        ],
        "x-ms-correlation-request-id": [
          "553c9472-103e-4db0-b7ab-3b3ac233e61e"
        ],
        "x-ms-routing-request-id": [
          "BRAZILUS:20220916T001238Z:553c9472-103e-4db0-b7ab-3b3ac233e61e"
        ],
        "X-Content-Type-Options": [
          "nosniff"
        ],
        "Date": [
          "Fri, 16 Sep 2022 00:12:37 GMT"
        ],
        "Content-Length": [
          "1067"
        ],
        "Content-Type": [
          "application/json"
        ]
      },
      "ResponseBody": "{\r\n  \"id\": \"/subscriptions/dec9ed54-2b7f-4476-9bd0-875544af59df/resourceGroups/CosmosDBResourceGroup53/providers/Microsoft.DocumentDB/databaseAccounts/gremlin-db1053/gremlinDatabases/dbName3/graphs/graphName\",\r\n  \"type\": \"Microsoft.DocumentDB/databaseAccounts/gremlinDatabases/graphs\",\r\n  \"name\": \"graphName\",\r\n  \"properties\": {\r\n    \"resource\": {\r\n      \"id\": \"graphName\",\r\n      \"indexingPolicy\": {\r\n        \"indexingMode\": \"consistent\",\r\n        \"automatic\": true,\r\n        \"includedPaths\": [\r\n          {\r\n            \"path\": \"/*\"\r\n          }\r\n        ],\r\n        \"excludedPaths\": [\r\n          {\r\n            \"path\": \"/\\\"_etag\\\"/?\"\r\n          }\r\n        ]\r\n      },\r\n      \"partitionKey\": {\r\n        \"paths\": [\r\n          \"/foo\"\r\n        ],\r\n        \"kind\": \"Hash\"\r\n      },\r\n      \"uniqueKeyPolicy\": {\r\n        \"uniqueKeys\": []\r\n      },\r\n      \"conflictResolutionPolicy\": {\r\n        \"mode\": \"LastWriterWins\",\r\n        \"conflictResolutionPath\": \"/_ts\",\r\n        \"conflictResolutionProcedure\": \"\"\r\n      },\r\n      \"geospatialConfig\": {\r\n        \"type\": \"Geography\"\r\n      },\r\n      \"_rid\": \"uZkbAJivw+U=\",\r\n      \"_ts\": 1663287134,\r\n      \"_self\": \"dbs/uZkbAA==/colls/uZkbAJivw+U=/\",\r\n      \"_etag\": \"\\\"00001701-0000-0100-0000-6323bf5e0000\\\"\",\r\n      \"_docs\": \"docs/\",\r\n      \"_sprocs\": \"sprocs/\",\r\n      \"_triggers\": \"triggers/\",\r\n      \"_udfs\": \"udfs/\",\r\n      \"_conflicts\": \"conflicts/\",\r\n      \"statistics\": [\r\n        {\r\n          \"id\": \"0\",\r\n          \"sizeInKB\": 0,\r\n          \"documentCount\": 0,\r\n          \"sampledDistinctPartitionKeyCount\": 0,\r\n          \"partitionKeys\": []\r\n        }\r\n      ]\r\n    }\r\n  }\r\n}",
      "StatusCode": 200
    },
    {
      "RequestUri": "/subscriptions/dec9ed54-2b7f-4476-9bd0-875544af59df/resourceGroups/CosmosDBResourceGroup53/providers/Microsoft.DocumentDB/databaseAccounts/gremlin-db1053/gremlinDatabases/dbName3/graphs/graphName?api-version=2022-05-15-preview",
      "EncodedRequestUri": "L3N1YnNjcmlwdGlvbnMvZGVjOWVkNTQtMmI3Zi00NDc2LTliZDAtODc1NTQ0YWY1OWRmL3Jlc291cmNlR3JvdXBzL0Nvc21vc0RCUmVzb3VyY2VHcm91cDUzL3Byb3ZpZGVycy9NaWNyb3NvZnQuRG9jdW1lbnREQi9kYXRhYmFzZUFjY291bnRzL2dyZW1saW4tZGIxMDUzL2dyZW1saW5EYXRhYmFzZXMvZGJOYW1lMy9ncmFwaHMvZ3JhcGhOYW1lP2FwaS12ZXJzaW9uPTIwMjItMDUtMTUtcHJldmlldw==",
      "RequestMethod": "PUT",
      "RequestHeaders": {
        "x-ms-client-request-id": [
          "cca3286d-2913-40d4-855c-7bd29b18a65e"
        ],
        "Accept-Language": [
          "en-US"
        ],
        "User-Agent": [
          "FxVersion/4.700.22.41602",
          "OSName/Windows",
          "OSVersion/Microsoft.Windows.10.0.22000",
          "Microsoft.Azure.Management.CosmosDB.CosmosDBManagementClient/1.8.2"
        ],
        "Content-Type": [
          "application/json; charset=utf-8"
        ],
        "Content-Length": [
          "239"
        ]
      },
      "RequestBody": "{\r\n  \"properties\": {\r\n    \"resource\": {\r\n      \"id\": \"graphName\",\r\n      \"partitionKey\": {\r\n        \"paths\": [\r\n          \"/foo\"\r\n        ],\r\n        \"kind\": \"Hash\"\r\n      }\r\n    },\r\n    \"options\": {\r\n      \"throughput\": 800\r\n    }\r\n  }\r\n}",
      "ResponseHeaders": {
        "Cache-Control": [
          "no-store, no-cache"
        ],
        "Pragma": [
          "no-cache"
        ],
        "Location": [
          "https://management.azure.com/subscriptions/dec9ed54-2b7f-4476-9bd0-875544af59df/resourceGroups/CosmosDBResourceGroup53/providers/Microsoft.DocumentDB/databaseAccounts/gremlin-db1053/gremlinDatabases/dbName3/graphs/graphName/operationResults/629af31f-af9d-4831-9af5-6c64c64f93ee?api-version=2022-05-15-preview"
        ],
        "Azure-AsyncOperation": [
          "https://management.azure.com/subscriptions/dec9ed54-2b7f-4476-9bd0-875544af59df/providers/Microsoft.DocumentDB/locations/eastus/operationsStatus/629af31f-af9d-4831-9af5-6c64c64f93ee?api-version=2022-05-15-preview"
        ],
        "x-ms-request-id": [
          "629af31f-af9d-4831-9af5-6c64c64f93ee"
        ],
        "Strict-Transport-Security": [
          "max-age=31536000; includeSubDomains"
        ],
        "x-ms-gatewayversion": [
          "version=2.14.0"
        ],
        "Server": [
          "Microsoft-HTTPAPI/2.0"
        ],
        "x-ms-ratelimit-remaining-subscription-writes": [
          "1192"
        ],
        "x-ms-correlation-request-id": [
          "966d4276-2252-4f2e-92f6-2ccb2a86c840"
        ],
        "x-ms-routing-request-id": [
          "BRAZILUS:20220916T001207Z:966d4276-2252-4f2e-92f6-2ccb2a86c840"
        ],
        "X-Content-Type-Options": [
          "nosniff"
        ],
        "Date": [
          "Fri, 16 Sep 2022 00:12:07 GMT"
        ],
        "Content-Length": [
          "21"
        ],
        "Content-Type": [
          "application/json"
        ]
      },
      "ResponseBody": "{\r\n  \"status\": \"Enqueued\"\r\n}",
      "StatusCode": 202
    },
    {
      "RequestUri": "/subscriptions/dec9ed54-2b7f-4476-9bd0-875544af59df/providers/Microsoft.DocumentDB/locations/eastus/operationsStatus/629af31f-af9d-4831-9af5-6c64c64f93ee?api-version=2022-05-15-preview",
      "EncodedRequestUri": "L3N1YnNjcmlwdGlvbnMvZGVjOWVkNTQtMmI3Zi00NDc2LTliZDAtODc1NTQ0YWY1OWRmL3Byb3ZpZGVycy9NaWNyb3NvZnQuRG9jdW1lbnREQi9sb2NhdGlvbnMvZWFzdHVzL29wZXJhdGlvbnNTdGF0dXMvNjI5YWYzMWYtYWY5ZC00ODMxLTlhZjUtNmM2NGM2NGY5M2VlP2FwaS12ZXJzaW9uPTIwMjItMDUtMTUtcHJldmlldw==",
      "RequestMethod": "GET",
      "RequestHeaders": {
        "x-ms-client-request-id": [
          "cca3286d-2913-40d4-855c-7bd29b18a65e"
        ],
        "User-Agent": [
          "FxVersion/4.700.22.41602",
          "OSName/Windows",
          "OSVersion/Microsoft.Windows.10.0.22000",
          "Microsoft.Azure.Management.CosmosDB.CosmosDBManagementClient/1.8.2"
        ]
      },
      "RequestBody": "",
      "ResponseHeaders": {
        "Cache-Control": [
          "no-store, no-cache"
        ],
        "Pragma": [
          "no-cache"
        ],
        "Strict-Transport-Security": [
          "max-age=31536000; includeSubDomains"
        ],
        "x-ms-gatewayversion": [
          "version=2.14.0"
        ],
        "Server": [
          "Microsoft-HTTPAPI/2.0"
        ],
        "x-ms-ratelimit-remaining-subscription-reads": [
          "11950"
        ],
        "x-ms-request-id": [
          "8b35eb27-c27e-4862-b5dc-16bf40a0ad26"
        ],
        "x-ms-correlation-request-id": [
          "8b35eb27-c27e-4862-b5dc-16bf40a0ad26"
        ],
        "x-ms-routing-request-id": [
          "BRAZILUS:20220916T001237Z:8b35eb27-c27e-4862-b5dc-16bf40a0ad26"
        ],
        "X-Content-Type-Options": [
          "nosniff"
        ],
        "Date": [
          "Fri, 16 Sep 2022 00:12:37 GMT"
        ],
        "Content-Length": [
          "22"
        ],
        "Content-Type": [
          "application/json"
        ]
      },
      "ResponseBody": "{\r\n  \"status\": \"Succeeded\"\r\n}",
      "StatusCode": 200
    },
    {
      "RequestUri": "/subscriptions/dec9ed54-2b7f-4476-9bd0-875544af59df/resourceGroups/CosmosDBResourceGroup53/providers/Microsoft.DocumentDB/databaseAccounts/gremlin-db1053/gremlinDatabases/dbName3/graphs/graphName/throughputSettings/default?api-version=2022-05-15-preview",
      "EncodedRequestUri": "L3N1YnNjcmlwdGlvbnMvZGVjOWVkNTQtMmI3Zi00NDc2LTliZDAtODc1NTQ0YWY1OWRmL3Jlc291cmNlR3JvdXBzL0Nvc21vc0RCUmVzb3VyY2VHcm91cDUzL3Byb3ZpZGVycy9NaWNyb3NvZnQuRG9jdW1lbnREQi9kYXRhYmFzZUFjY291bnRzL2dyZW1saW4tZGIxMDUzL2dyZW1saW5EYXRhYmFzZXMvZGJOYW1lMy9ncmFwaHMvZ3JhcGhOYW1lL3Rocm91Z2hwdXRTZXR0aW5ncy9kZWZhdWx0P2FwaS12ZXJzaW9uPTIwMjItMDUtMTUtcHJldmlldw==",
      "RequestMethod": "GET",
      "RequestHeaders": {
        "x-ms-client-request-id": [
          "d3686d72-fc1e-48c2-b370-0002e03dada4"
        ],
        "Accept-Language": [
          "en-US"
        ],
        "User-Agent": [
          "FxVersion/4.700.22.41602",
          "OSName/Windows",
          "OSVersion/Microsoft.Windows.10.0.22000",
          "Microsoft.Azure.Management.CosmosDB.CosmosDBManagementClient/1.8.2"
        ]
      },
      "RequestBody": "",
      "ResponseHeaders": {
        "Cache-Control": [
          "no-store, no-cache"
        ],
        "Pragma": [
          "no-cache"
        ],
        "Strict-Transport-Security": [
          "max-age=31536000; includeSubDomains"
        ],
        "x-ms-gatewayversion": [
          "version=2.14.0"
        ],
        "Server": [
          "Microsoft-HTTPAPI/2.0"
        ],
        "x-ms-ratelimit-remaining-subscription-reads": [
          "11948"
        ],
        "x-ms-request-id": [
          "b2bb7e87-0331-4122-89ad-c4d366c3b4d3"
        ],
        "x-ms-correlation-request-id": [
          "b2bb7e87-0331-4122-89ad-c4d366c3b4d3"
        ],
        "x-ms-routing-request-id": [
          "BRAZILUS:20220916T001239Z:b2bb7e87-0331-4122-89ad-c4d366c3b4d3"
        ],
        "X-Content-Type-Options": [
          "nosniff"
        ],
        "Date": [
          "Fri, 16 Sep 2022 00:12:39 GMT"
        ],
        "Content-Length": [
          "406"
        ],
        "Content-Type": [
          "application/json"
        ]
      },
      "ResponseBody": "{\r\n  \"id\": \"/subscriptions/dec9ed54-2b7f-4476-9bd0-875544af59df/resourceGroups/CosmosDBResourceGroup53/providers/Microsoft.DocumentDB/databaseAccounts/gremlin-db1053/gremlinDatabases/dbName3/graphs/graphName/throughputSettings/default\",\r\n  \"type\": \"Microsoft.DocumentDB/databaseAccounts/gremlinDatabases/graphs/throughputSettings\",\r\n  \"name\": \"-sfl\",\r\n  \"properties\": {\r\n    \"resource\": {\r\n      \"throughput\": 800,\r\n      \"minimumThroughput\": \"400\"\r\n    }\r\n  }\r\n}",
      "StatusCode": 200
    },
    {
      "RequestUri": "/subscriptions/dec9ed54-2b7f-4476-9bd0-875544af59df/resourceGroups/CosmosDBResourceGroup53/providers/Microsoft.DocumentDB/databaseAccounts/gremlin-db1053/gremlinDatabases/dbName3/graphs/graphName/throughputSettings/default?api-version=2022-05-15-preview",
      "EncodedRequestUri": "L3N1YnNjcmlwdGlvbnMvZGVjOWVkNTQtMmI3Zi00NDc2LTliZDAtODc1NTQ0YWY1OWRmL3Jlc291cmNlR3JvdXBzL0Nvc21vc0RCUmVzb3VyY2VHcm91cDUzL3Byb3ZpZGVycy9NaWNyb3NvZnQuRG9jdW1lbnREQi9kYXRhYmFzZUFjY291bnRzL2dyZW1saW4tZGIxMDUzL2dyZW1saW5EYXRhYmFzZXMvZGJOYW1lMy9ncmFwaHMvZ3JhcGhOYW1lL3Rocm91Z2hwdXRTZXR0aW5ncy9kZWZhdWx0P2FwaS12ZXJzaW9uPTIwMjItMDUtMTUtcHJldmlldw==",
      "RequestMethod": "GET",
      "RequestHeaders": {
        "x-ms-client-request-id": [
          "5f744583-bea4-4672-8dba-2aa7cfc31506"
        ],
        "User-Agent": [
          "FxVersion/4.700.22.41602",
          "OSName/Windows",
          "OSVersion/Microsoft.Windows.10.0.22000",
          "Microsoft.Azure.Management.CosmosDB.CosmosDBManagementClient/1.8.2"
        ]
      },
      "RequestBody": "",
      "ResponseHeaders": {
        "Cache-Control": [
          "no-store, no-cache"
        ],
        "Pragma": [
          "no-cache"
        ],
        "Strict-Transport-Security": [
          "max-age=31536000; includeSubDomains"
        ],
        "x-ms-gatewayversion": [
          "version=2.14.0"
        ],
        "Server": [
          "Microsoft-HTTPAPI/2.0"
        ],
        "x-ms-ratelimit-remaining-subscription-reads": [
          "11962"
        ],
        "x-ms-request-id": [
          "c820cbac-f6b2-47d0-b618-a41ebd8c50f1"
        ],
        "x-ms-correlation-request-id": [
          "c820cbac-f6b2-47d0-b618-a41ebd8c50f1"
        ],
        "x-ms-routing-request-id": [
          "BRAZILUS:20220916T001311Z:c820cbac-f6b2-47d0-b618-a41ebd8c50f1"
        ],
        "X-Content-Type-Options": [
          "nosniff"
        ],
        "Date": [
          "Fri, 16 Sep 2022 00:13:11 GMT"
        ],
        "Content-Length": [
          "406"
        ],
        "Content-Type": [
          "application/json"
        ]
      },
      "ResponseBody": "{\r\n  \"id\": \"/subscriptions/dec9ed54-2b7f-4476-9bd0-875544af59df/resourceGroups/CosmosDBResourceGroup53/providers/Microsoft.DocumentDB/databaseAccounts/gremlin-db1053/gremlinDatabases/dbName3/graphs/graphName/throughputSettings/default\",\r\n  \"type\": \"Microsoft.DocumentDB/databaseAccounts/gremlinDatabases/graphs/throughputSettings\",\r\n  \"name\": \"-sfl\",\r\n  \"properties\": {\r\n    \"resource\": {\r\n      \"throughput\": 700,\r\n      \"minimumThroughput\": \"400\"\r\n    }\r\n  }\r\n}",
      "StatusCode": 200
    },
    {
      "RequestUri": "/subscriptions/dec9ed54-2b7f-4476-9bd0-875544af59df/resourceGroups/CosmosDBResourceGroup53/providers/Microsoft.DocumentDB/databaseAccounts/gremlin-db1053/gremlinDatabases/dbName3/graphs/graphName/throughputSettings/default?api-version=2022-05-15-preview",
      "EncodedRequestUri": "L3N1YnNjcmlwdGlvbnMvZGVjOWVkNTQtMmI3Zi00NDc2LTliZDAtODc1NTQ0YWY1OWRmL3Jlc291cmNlR3JvdXBzL0Nvc21vc0RCUmVzb3VyY2VHcm91cDUzL3Byb3ZpZGVycy9NaWNyb3NvZnQuRG9jdW1lbnREQi9kYXRhYmFzZUFjY291bnRzL2dyZW1saW4tZGIxMDUzL2dyZW1saW5EYXRhYmFzZXMvZGJOYW1lMy9ncmFwaHMvZ3JhcGhOYW1lL3Rocm91Z2hwdXRTZXR0aW5ncy9kZWZhdWx0P2FwaS12ZXJzaW9uPTIwMjItMDUtMTUtcHJldmlldw==",
      "RequestMethod": "GET",
      "RequestHeaders": {
        "x-ms-client-request-id": [
          "86764444-7d79-4d9a-b705-2f4a7b7a7dd0"
        ],
        "User-Agent": [
          "FxVersion/4.700.22.41602",
          "OSName/Windows",
          "OSVersion/Microsoft.Windows.10.0.22000",
          "Microsoft.Azure.Management.CosmosDB.CosmosDBManagementClient/1.8.2"
        ]
      },
      "RequestBody": "",
      "ResponseHeaders": {
        "Cache-Control": [
          "no-store, no-cache"
        ],
        "Pragma": [
          "no-cache"
        ],
        "Strict-Transport-Security": [
          "max-age=31536000; includeSubDomains"
        ],
        "x-ms-gatewayversion": [
          "version=2.14.0"
        ],
        "Server": [
          "Microsoft-HTTPAPI/2.0"
        ],
        "x-ms-ratelimit-remaining-subscription-reads": [
          "11929"
        ],
        "x-ms-request-id": [
          "25af4664-8167-4918-88a1-b6442cbe6481"
        ],
        "x-ms-correlation-request-id": [
          "25af4664-8167-4918-88a1-b6442cbe6481"
        ],
        "x-ms-routing-request-id": [
          "BRAZILUS:20220916T001343Z:25af4664-8167-4918-88a1-b6442cbe6481"
        ],
        "X-Content-Type-Options": [
          "nosniff"
        ],
        "Date": [
          "Fri, 16 Sep 2022 00:13:43 GMT"
        ],
        "Content-Length": [
          "406"
        ],
        "Content-Type": [
          "application/json"
        ]
      },
      "ResponseBody": "{\r\n  \"id\": \"/subscriptions/dec9ed54-2b7f-4476-9bd0-875544af59df/resourceGroups/CosmosDBResourceGroup53/providers/Microsoft.DocumentDB/databaseAccounts/gremlin-db1053/gremlinDatabases/dbName3/graphs/graphName/throughputSettings/default\",\r\n  \"type\": \"Microsoft.DocumentDB/databaseAccounts/gremlinDatabases/graphs/throughputSettings\",\r\n  \"name\": \"-sfl\",\r\n  \"properties\": {\r\n    \"resource\": {\r\n      \"throughput\": 600,\r\n      \"minimumThroughput\": \"400\"\r\n    }\r\n  }\r\n}",
      "StatusCode": 200
    },
    {
      "RequestUri": "/subscriptions/dec9ed54-2b7f-4476-9bd0-875544af59df/resourceGroups/CosmosDBResourceGroup53/providers/Microsoft.DocumentDB/databaseAccounts/gremlin-db1053/gremlinDatabases/dbName3/graphs/graphName/throughputSettings/default?api-version=2022-05-15-preview",
      "EncodedRequestUri": "L3N1YnNjcmlwdGlvbnMvZGVjOWVkNTQtMmI3Zi00NDc2LTliZDAtODc1NTQ0YWY1OWRmL3Jlc291cmNlR3JvdXBzL0Nvc21vc0RCUmVzb3VyY2VHcm91cDUzL3Byb3ZpZGVycy9NaWNyb3NvZnQuRG9jdW1lbnREQi9kYXRhYmFzZUFjY291bnRzL2dyZW1saW4tZGIxMDUzL2dyZW1saW5EYXRhYmFzZXMvZGJOYW1lMy9ncmFwaHMvZ3JhcGhOYW1lL3Rocm91Z2hwdXRTZXR0aW5ncy9kZWZhdWx0P2FwaS12ZXJzaW9uPTIwMjItMDUtMTUtcHJldmlldw==",
      "RequestMethod": "GET",
      "RequestHeaders": {
        "x-ms-client-request-id": [
          "cd6382ce-a762-44d2-a39b-05e77ead8ab8"
        ],
        "User-Agent": [
          "FxVersion/4.700.22.41602",
          "OSName/Windows",
          "OSVersion/Microsoft.Windows.10.0.22000",
          "Microsoft.Azure.Management.CosmosDB.CosmosDBManagementClient/1.8.2"
        ]
      },
      "RequestBody": "",
      "ResponseHeaders": {
        "Cache-Control": [
          "no-store, no-cache"
        ],
        "Pragma": [
          "no-cache"
        ],
        "Strict-Transport-Security": [
          "max-age=31536000; includeSubDomains"
        ],
        "x-ms-gatewayversion": [
          "version=2.14.0"
        ],
        "Server": [
          "Microsoft-HTTPAPI/2.0"
        ],
        "x-ms-ratelimit-remaining-subscription-reads": [
          "11927"
        ],
        "x-ms-request-id": [
          "2a095e41-84a9-4c9d-b83a-ccf12e4ecfb0"
        ],
        "x-ms-correlation-request-id": [
          "2a095e41-84a9-4c9d-b83a-ccf12e4ecfb0"
        ],
        "x-ms-routing-request-id": [
          "BRAZILUS:20220916T001415Z:2a095e41-84a9-4c9d-b83a-ccf12e4ecfb0"
        ],
        "X-Content-Type-Options": [
          "nosniff"
        ],
        "Date": [
          "Fri, 16 Sep 2022 00:14:15 GMT"
        ],
        "Content-Length": [
          "406"
        ],
        "Content-Type": [
          "application/json"
        ]
      },
      "ResponseBody": "{\r\n  \"id\": \"/subscriptions/dec9ed54-2b7f-4476-9bd0-875544af59df/resourceGroups/CosmosDBResourceGroup53/providers/Microsoft.DocumentDB/databaseAccounts/gremlin-db1053/gremlinDatabases/dbName3/graphs/graphName/throughputSettings/default\",\r\n  \"type\": \"Microsoft.DocumentDB/databaseAccounts/gremlinDatabases/graphs/throughputSettings\",\r\n  \"name\": \"-sfl\",\r\n  \"properties\": {\r\n    \"resource\": {\r\n      \"throughput\": 500,\r\n      \"minimumThroughput\": \"400\"\r\n    }\r\n  }\r\n}",
      "StatusCode": 200
    },
    {
      "RequestUri": "/subscriptions/dec9ed54-2b7f-4476-9bd0-875544af59df/resourceGroups/CosmosDBResourceGroup53/providers/Microsoft.DocumentDB/databaseAccounts/gremlin-db1053/gremlinDatabases/dbName3/graphs/graphName/throughputSettings/default?api-version=2022-05-15-preview",
      "EncodedRequestUri": "L3N1YnNjcmlwdGlvbnMvZGVjOWVkNTQtMmI3Zi00NDc2LTliZDAtODc1NTQ0YWY1OWRmL3Jlc291cmNlR3JvdXBzL0Nvc21vc0RCUmVzb3VyY2VHcm91cDUzL3Byb3ZpZGVycy9NaWNyb3NvZnQuRG9jdW1lbnREQi9kYXRhYmFzZUFjY291bnRzL2dyZW1saW4tZGIxMDUzL2dyZW1saW5EYXRhYmFzZXMvZGJOYW1lMy9ncmFwaHMvZ3JhcGhOYW1lL3Rocm91Z2hwdXRTZXR0aW5ncy9kZWZhdWx0P2FwaS12ZXJzaW9uPTIwMjItMDUtMTUtcHJldmlldw==",
      "RequestMethod": "PUT",
      "RequestHeaders": {
        "x-ms-client-request-id": [
          "5f744583-bea4-4672-8dba-2aa7cfc31506"
        ],
        "Accept-Language": [
          "en-US"
        ],
        "User-Agent": [
          "FxVersion/4.700.22.41602",
          "OSName/Windows",
          "OSVersion/Microsoft.Windows.10.0.22000",
          "Microsoft.Azure.Management.CosmosDB.CosmosDBManagementClient/1.8.2"
        ],
        "Content-Type": [
          "application/json; charset=utf-8"
        ],
        "Content-Length": [
          "79"
        ]
      },
      "RequestBody": "{\r\n  \"properties\": {\r\n    \"resource\": {\r\n      \"throughput\": 700\r\n    }\r\n  }\r\n}",
      "ResponseHeaders": {
        "Cache-Control": [
          "no-store, no-cache"
        ],
        "Pragma": [
          "no-cache"
        ],
        "Location": [
          "https://management.azure.com/subscriptions/dec9ed54-2b7f-4476-9bd0-875544af59df/resourceGroups/CosmosDBResourceGroup53/providers/Microsoft.DocumentDB/databaseAccounts/gremlin-db1053/gremlinDatabases/dbName3/graphs/graphName/throughputSettings/default/operationResults/0382bad7-9ca8-4685-9822-b3a6e60c3a70?api-version=2022-05-15-preview"
        ],
        "Azure-AsyncOperation": [
          "https://management.azure.com/subscriptions/dec9ed54-2b7f-4476-9bd0-875544af59df/providers/Microsoft.DocumentDB/locations/eastus/operationsStatus/0382bad7-9ca8-4685-9822-b3a6e60c3a70?api-version=2022-05-15-preview"
        ],
        "x-ms-request-id": [
          "0382bad7-9ca8-4685-9822-b3a6e60c3a70"
        ],
        "Strict-Transport-Security": [
          "max-age=31536000; includeSubDomains"
        ],
        "x-ms-gatewayversion": [
          "version=2.14.0"
        ],
        "Server": [
          "Microsoft-HTTPAPI/2.0"
        ],
        "x-ms-ratelimit-remaining-subscription-writes": [
          "1192"
        ],
        "x-ms-correlation-request-id": [
          "65318b6a-e488-4842-b991-bb6b7e77053a"
        ],
        "x-ms-routing-request-id": [
          "BRAZILUS:20220916T001241Z:65318b6a-e488-4842-b991-bb6b7e77053a"
        ],
        "X-Content-Type-Options": [
          "nosniff"
        ],
        "Date": [
          "Fri, 16 Sep 2022 00:12:41 GMT"
        ],
        "Content-Length": [
          "21"
        ],
        "Content-Type": [
          "application/json"
        ]
      },
      "ResponseBody": "{\r\n  \"status\": \"Enqueued\"\r\n}",
      "StatusCode": 202
    },
    {
      "RequestUri": "/subscriptions/dec9ed54-2b7f-4476-9bd0-875544af59df/resourceGroups/CosmosDBResourceGroup53/providers/Microsoft.DocumentDB/databaseAccounts/gremlin-db1053/gremlinDatabases/dbName3/graphs/graphName/throughputSettings/default?api-version=2022-05-15-preview",
      "EncodedRequestUri": "L3N1YnNjcmlwdGlvbnMvZGVjOWVkNTQtMmI3Zi00NDc2LTliZDAtODc1NTQ0YWY1OWRmL3Jlc291cmNlR3JvdXBzL0Nvc21vc0RCUmVzb3VyY2VHcm91cDUzL3Byb3ZpZGVycy9NaWNyb3NvZnQuRG9jdW1lbnREQi9kYXRhYmFzZUFjY291bnRzL2dyZW1saW4tZGIxMDUzL2dyZW1saW5EYXRhYmFzZXMvZGJOYW1lMy9ncmFwaHMvZ3JhcGhOYW1lL3Rocm91Z2hwdXRTZXR0aW5ncy9kZWZhdWx0P2FwaS12ZXJzaW9uPTIwMjItMDUtMTUtcHJldmlldw==",
      "RequestMethod": "PUT",
      "RequestHeaders": {
        "x-ms-client-request-id": [
          "86764444-7d79-4d9a-b705-2f4a7b7a7dd0"
        ],
        "Accept-Language": [
          "en-US"
        ],
        "User-Agent": [
          "FxVersion/4.700.22.41602",
          "OSName/Windows",
          "OSVersion/Microsoft.Windows.10.0.22000",
          "Microsoft.Azure.Management.CosmosDB.CosmosDBManagementClient/1.8.2"
        ],
        "Content-Type": [
          "application/json; charset=utf-8"
        ],
        "Content-Length": [
          "79"
        ]
      },
      "RequestBody": "{\r\n  \"properties\": {\r\n    \"resource\": {\r\n      \"throughput\": 600\r\n    }\r\n  }\r\n}",
      "ResponseHeaders": {
        "Cache-Control": [
          "no-store, no-cache"
        ],
        "Pragma": [
          "no-cache"
        ],
        "Location": [
          "https://management.azure.com/subscriptions/dec9ed54-2b7f-4476-9bd0-875544af59df/resourceGroups/CosmosDBResourceGroup53/providers/Microsoft.DocumentDB/databaseAccounts/gremlin-db1053/gremlinDatabases/dbName3/graphs/graphName/throughputSettings/default/operationResults/db7a6db6-f8c2-41f4-b69a-f77dafab65ac?api-version=2022-05-15-preview"
        ],
        "Azure-AsyncOperation": [
          "https://management.azure.com/subscriptions/dec9ed54-2b7f-4476-9bd0-875544af59df/providers/Microsoft.DocumentDB/locations/eastus/operationsStatus/db7a6db6-f8c2-41f4-b69a-f77dafab65ac?api-version=2022-05-15-preview"
        ],
        "x-ms-request-id": [
          "db7a6db6-f8c2-41f4-b69a-f77dafab65ac"
        ],
        "Strict-Transport-Security": [
          "max-age=31536000; includeSubDomains"
        ],
        "x-ms-gatewayversion": [
          "version=2.14.0"
        ],
        "Server": [
          "Microsoft-HTTPAPI/2.0"
        ],
        "x-ms-ratelimit-remaining-subscription-writes": [
          "1191"
        ],
        "x-ms-correlation-request-id": [
          "6817d7ac-7ae8-4585-a4c9-1fbd423c6e83"
        ],
        "x-ms-routing-request-id": [
          "BRAZILUS:20220916T001313Z:6817d7ac-7ae8-4585-a4c9-1fbd423c6e83"
        ],
        "X-Content-Type-Options": [
          "nosniff"
        ],
        "Date": [
          "Fri, 16 Sep 2022 00:13:13 GMT"
        ],
        "Content-Length": [
          "21"
        ],
        "Content-Type": [
          "application/json"
        ]
      },
      "ResponseBody": "{\r\n  \"status\": \"Enqueued\"\r\n}",
      "StatusCode": 202
    },
    {
      "RequestUri": "/subscriptions/dec9ed54-2b7f-4476-9bd0-875544af59df/resourceGroups/CosmosDBResourceGroup53/providers/Microsoft.DocumentDB/databaseAccounts/gremlin-db1053/gremlinDatabases/dbName3/graphs/graphName/throughputSettings/default?api-version=2022-05-15-preview",
      "EncodedRequestUri": "L3N1YnNjcmlwdGlvbnMvZGVjOWVkNTQtMmI3Zi00NDc2LTliZDAtODc1NTQ0YWY1OWRmL3Jlc291cmNlR3JvdXBzL0Nvc21vc0RCUmVzb3VyY2VHcm91cDUzL3Byb3ZpZGVycy9NaWNyb3NvZnQuRG9jdW1lbnREQi9kYXRhYmFzZUFjY291bnRzL2dyZW1saW4tZGIxMDUzL2dyZW1saW5EYXRhYmFzZXMvZGJOYW1lMy9ncmFwaHMvZ3JhcGhOYW1lL3Rocm91Z2hwdXRTZXR0aW5ncy9kZWZhdWx0P2FwaS12ZXJzaW9uPTIwMjItMDUtMTUtcHJldmlldw==",
      "RequestMethod": "PUT",
      "RequestHeaders": {
        "x-ms-client-request-id": [
          "cd6382ce-a762-44d2-a39b-05e77ead8ab8"
        ],
        "Accept-Language": [
          "en-US"
        ],
        "User-Agent": [
          "FxVersion/4.700.22.41602",
          "OSName/Windows",
          "OSVersion/Microsoft.Windows.10.0.22000",
          "Microsoft.Azure.Management.CosmosDB.CosmosDBManagementClient/1.8.2"
        ],
        "Content-Type": [
          "application/json; charset=utf-8"
        ],
        "Content-Length": [
          "79"
        ]
      },
      "RequestBody": "{\r\n  \"properties\": {\r\n    \"resource\": {\r\n      \"throughput\": 500\r\n    }\r\n  }\r\n}",
      "ResponseHeaders": {
        "Cache-Control": [
          "no-store, no-cache"
        ],
        "Pragma": [
          "no-cache"
        ],
        "Location": [
          "https://management.azure.com/subscriptions/dec9ed54-2b7f-4476-9bd0-875544af59df/resourceGroups/CosmosDBResourceGroup53/providers/Microsoft.DocumentDB/databaseAccounts/gremlin-db1053/gremlinDatabases/dbName3/graphs/graphName/throughputSettings/default/operationResults/c392af70-982e-49e8-96db-269fc87a015f?api-version=2022-05-15-preview"
        ],
        "Azure-AsyncOperation": [
          "https://management.azure.com/subscriptions/dec9ed54-2b7f-4476-9bd0-875544af59df/providers/Microsoft.DocumentDB/locations/eastus/operationsStatus/c392af70-982e-49e8-96db-269fc87a015f?api-version=2022-05-15-preview"
        ],
        "x-ms-request-id": [
          "c392af70-982e-49e8-96db-269fc87a015f"
        ],
        "Strict-Transport-Security": [
          "max-age=31536000; includeSubDomains"
        ],
        "x-ms-gatewayversion": [
          "version=2.14.0"
        ],
        "Server": [
          "Microsoft-HTTPAPI/2.0"
        ],
        "x-ms-ratelimit-remaining-subscription-writes": [
          "1190"
        ],
        "x-ms-correlation-request-id": [
          "8ed8cfb7-946d-44e6-ba27-92f4a3bdb2da"
        ],
        "x-ms-routing-request-id": [
          "BRAZILUS:20220916T001345Z:8ed8cfb7-946d-44e6-ba27-92f4a3bdb2da"
        ],
        "X-Content-Type-Options": [
          "nosniff"
        ],
        "Date": [
          "Fri, 16 Sep 2022 00:13:45 GMT"
        ],
        "Content-Length": [
          "21"
        ],
        "Content-Type": [
          "application/json"
        ]
      },
      "ResponseBody": "{\r\n  \"status\": \"Enqueued\"\r\n}",
      "StatusCode": 202
    },
    {
      "RequestUri": "/subscriptions/dec9ed54-2b7f-4476-9bd0-875544af59df/providers/Microsoft.DocumentDB/locations/eastus/operationsStatus/0382bad7-9ca8-4685-9822-b3a6e60c3a70?api-version=2022-05-15-preview",
      "EncodedRequestUri": "L3N1YnNjcmlwdGlvbnMvZGVjOWVkNTQtMmI3Zi00NDc2LTliZDAtODc1NTQ0YWY1OWRmL3Byb3ZpZGVycy9NaWNyb3NvZnQuRG9jdW1lbnREQi9sb2NhdGlvbnMvZWFzdHVzL29wZXJhdGlvbnNTdGF0dXMvMDM4MmJhZDctOWNhOC00Njg1LTk4MjItYjNhNmU2MGMzYTcwP2FwaS12ZXJzaW9uPTIwMjItMDUtMTUtcHJldmlldw==",
      "RequestMethod": "GET",
      "RequestHeaders": {
        "x-ms-client-request-id": [
          "5f744583-bea4-4672-8dba-2aa7cfc31506"
        ],
        "User-Agent": [
          "FxVersion/4.700.22.41602",
          "OSName/Windows",
          "OSVersion/Microsoft.Windows.10.0.22000",
          "Microsoft.Azure.Management.CosmosDB.CosmosDBManagementClient/1.8.2"
        ]
      },
      "RequestBody": "",
      "ResponseHeaders": {
        "Cache-Control": [
          "no-store, no-cache"
        ],
        "Pragma": [
          "no-cache"
        ],
        "Strict-Transport-Security": [
          "max-age=31536000; includeSubDomains"
        ],
        "x-ms-gatewayversion": [
          "version=2.14.0"
        ],
        "Server": [
          "Microsoft-HTTPAPI/2.0"
        ],
        "x-ms-ratelimit-remaining-subscription-reads": [
          "11963"
        ],
        "x-ms-request-id": [
          "3f629a9e-3057-4e86-b13f-96357cfefcaf"
        ],
        "x-ms-correlation-request-id": [
          "3f629a9e-3057-4e86-b13f-96357cfefcaf"
        ],
        "x-ms-routing-request-id": [
          "BRAZILUS:20220916T001311Z:3f629a9e-3057-4e86-b13f-96357cfefcaf"
        ],
        "X-Content-Type-Options": [
          "nosniff"
        ],
        "Date": [
          "Fri, 16 Sep 2022 00:13:11 GMT"
        ],
        "Content-Length": [
          "22"
        ],
        "Content-Type": [
          "application/json"
        ]
      },
      "ResponseBody": "{\r\n  \"status\": \"Succeeded\"\r\n}",
      "StatusCode": 200
    },
    {
      "RequestUri": "/subscriptions/dec9ed54-2b7f-4476-9bd0-875544af59df/providers/Microsoft.DocumentDB/locations/eastus/operationsStatus/db7a6db6-f8c2-41f4-b69a-f77dafab65ac?api-version=2022-05-15-preview",
      "EncodedRequestUri": "L3N1YnNjcmlwdGlvbnMvZGVjOWVkNTQtMmI3Zi00NDc2LTliZDAtODc1NTQ0YWY1OWRmL3Byb3ZpZGVycy9NaWNyb3NvZnQuRG9jdW1lbnREQi9sb2NhdGlvbnMvZWFzdHVzL29wZXJhdGlvbnNTdGF0dXMvZGI3YTZkYjYtZjhjMi00MWY0LWI2OWEtZjc3ZGFmYWI2NWFjP2FwaS12ZXJzaW9uPTIwMjItMDUtMTUtcHJldmlldw==",
      "RequestMethod": "GET",
      "RequestHeaders": {
        "x-ms-client-request-id": [
          "86764444-7d79-4d9a-b705-2f4a7b7a7dd0"
        ],
        "User-Agent": [
          "FxVersion/4.700.22.41602",
          "OSName/Windows",
          "OSVersion/Microsoft.Windows.10.0.22000",
          "Microsoft.Azure.Management.CosmosDB.CosmosDBManagementClient/1.8.2"
        ]
      },
      "RequestBody": "",
      "ResponseHeaders": {
        "Cache-Control": [
          "no-store, no-cache"
        ],
        "Pragma": [
          "no-cache"
        ],
        "Strict-Transport-Security": [
          "max-age=31536000; includeSubDomains"
        ],
        "x-ms-gatewayversion": [
          "version=2.14.0"
        ],
        "Server": [
          "Microsoft-HTTPAPI/2.0"
        ],
        "x-ms-ratelimit-remaining-subscription-reads": [
          "11930"
        ],
        "x-ms-request-id": [
          "261e76a6-24d0-4e10-92bb-c0910120ebbd"
        ],
        "x-ms-correlation-request-id": [
          "261e76a6-24d0-4e10-92bb-c0910120ebbd"
        ],
        "x-ms-routing-request-id": [
          "BRAZILUS:20220916T001343Z:261e76a6-24d0-4e10-92bb-c0910120ebbd"
        ],
        "X-Content-Type-Options": [
          "nosniff"
        ],
        "Date": [
          "Fri, 16 Sep 2022 00:13:43 GMT"
        ],
        "Content-Length": [
          "22"
        ],
        "Content-Type": [
          "application/json"
        ]
      },
      "ResponseBody": "{\r\n  \"status\": \"Succeeded\"\r\n}",
      "StatusCode": 200
    },
    {
      "RequestUri": "/subscriptions/dec9ed54-2b7f-4476-9bd0-875544af59df/providers/Microsoft.DocumentDB/locations/eastus/operationsStatus/c392af70-982e-49e8-96db-269fc87a015f?api-version=2022-05-15-preview",
      "EncodedRequestUri": "L3N1YnNjcmlwdGlvbnMvZGVjOWVkNTQtMmI3Zi00NDc2LTliZDAtODc1NTQ0YWY1OWRmL3Byb3ZpZGVycy9NaWNyb3NvZnQuRG9jdW1lbnREQi9sb2NhdGlvbnMvZWFzdHVzL29wZXJhdGlvbnNTdGF0dXMvYzM5MmFmNzAtOTgyZS00OWU4LTk2ZGItMjY5ZmM4N2EwMTVmP2FwaS12ZXJzaW9uPTIwMjItMDUtMTUtcHJldmlldw==",
      "RequestMethod": "GET",
      "RequestHeaders": {
        "x-ms-client-request-id": [
          "cd6382ce-a762-44d2-a39b-05e77ead8ab8"
        ],
        "User-Agent": [
          "FxVersion/4.700.22.41602",
          "OSName/Windows",
          "OSVersion/Microsoft.Windows.10.0.22000",
          "Microsoft.Azure.Management.CosmosDB.CosmosDBManagementClient/1.8.2"
        ]
      },
      "RequestBody": "",
      "ResponseHeaders": {
        "Cache-Control": [
          "no-store, no-cache"
        ],
        "Pragma": [
          "no-cache"
        ],
        "Strict-Transport-Security": [
          "max-age=31536000; includeSubDomains"
        ],
        "x-ms-gatewayversion": [
          "version=2.14.0"
        ],
        "Server": [
          "Microsoft-HTTPAPI/2.0"
        ],
        "x-ms-ratelimit-remaining-subscription-reads": [
          "11928"
        ],
        "x-ms-request-id": [
          "c9b05f78-6853-4dc7-92d9-0423f1831a87"
        ],
        "x-ms-correlation-request-id": [
          "c9b05f78-6853-4dc7-92d9-0423f1831a87"
        ],
        "x-ms-routing-request-id": [
          "BRAZILUS:20220916T001415Z:c9b05f78-6853-4dc7-92d9-0423f1831a87"
        ],
        "X-Content-Type-Options": [
          "nosniff"
        ],
        "Date": [
          "Fri, 16 Sep 2022 00:14:15 GMT"
        ],
        "Content-Length": [
          "22"
        ],
        "Content-Type": [
          "application/json"
        ]
      },
      "ResponseBody": "{\r\n  \"status\": \"Succeeded\"\r\n}",
      "StatusCode": 200
    },
    {
      "RequestUri": "/subscriptions/dec9ed54-2b7f-4476-9bd0-875544af59df/resourceGroups/CosmosDBResourceGroup53/providers/Microsoft.DocumentDB/databaseAccounts/gremlin-db1053/gremlinDatabases/dbName3/graphs/graphName?api-version=2022-05-15-preview",
      "EncodedRequestUri": "L3N1YnNjcmlwdGlvbnMvZGVjOWVkNTQtMmI3Zi00NDc2LTliZDAtODc1NTQ0YWY1OWRmL3Jlc291cmNlR3JvdXBzL0Nvc21vc0RCUmVzb3VyY2VHcm91cDUzL3Byb3ZpZGVycy9NaWNyb3NvZnQuRG9jdW1lbnREQi9kYXRhYmFzZUFjY291bnRzL2dyZW1saW4tZGIxMDUzL2dyZW1saW5EYXRhYmFzZXMvZGJOYW1lMy9ncmFwaHMvZ3JhcGhOYW1lP2FwaS12ZXJzaW9uPTIwMjItMDUtMTUtcHJldmlldw==",
      "RequestMethod": "DELETE",
      "RequestHeaders": {
        "x-ms-client-request-id": [
          "f8f67828-6dc6-4855-a216-9c78f4e7296b"
        ],
        "Accept-Language": [
          "en-US"
        ],
        "User-Agent": [
          "FxVersion/4.700.22.41602",
          "OSName/Windows",
          "OSVersion/Microsoft.Windows.10.0.22000",
          "Microsoft.Azure.Management.CosmosDB.CosmosDBManagementClient/1.8.2"
        ]
      },
      "RequestBody": "",
      "ResponseHeaders": {
        "Cache-Control": [
          "no-store, no-cache"
        ],
        "Pragma": [
          "no-cache"
        ],
        "Location": [
          "https://management.azure.com/subscriptions/dec9ed54-2b7f-4476-9bd0-875544af59df/resourceGroups/CosmosDBResourceGroup53/providers/Microsoft.DocumentDB/databaseAccounts/gremlin-db1053/gremlinDatabases/dbName3/graphs/graphName/operationResults/b6ef6a46-57e8-415d-af38-58b31041edfe?api-version=2022-05-15-preview"
        ],
        "Azure-AsyncOperation": [
          "https://management.azure.com/subscriptions/dec9ed54-2b7f-4476-9bd0-875544af59df/providers/Microsoft.DocumentDB/locations/eastus/operationsStatus/b6ef6a46-57e8-415d-af38-58b31041edfe?api-version=2022-05-15-preview"
        ],
        "x-ms-request-id": [
          "b6ef6a46-57e8-415d-af38-58b31041edfe"
        ],
        "Strict-Transport-Security": [
          "max-age=31536000; includeSubDomains"
        ],
        "x-ms-gatewayversion": [
          "version=2.14.0"
        ],
        "Server": [
          "Microsoft-HTTPAPI/2.0"
        ],
        "x-ms-ratelimit-remaining-subscription-deletes": [
          "14995"
        ],
        "x-ms-correlation-request-id": [
          "a1d284d0-9cbd-4ddd-ba5c-c72da4f0fe36"
        ],
        "x-ms-routing-request-id": [
          "BRAZILUS:20220916T001417Z:a1d284d0-9cbd-4ddd-ba5c-c72da4f0fe36"
        ],
        "X-Content-Type-Options": [
          "nosniff"
        ],
        "Date": [
          "Fri, 16 Sep 2022 00:14:17 GMT"
        ],
        "Content-Length": [
          "21"
        ],
        "Content-Type": [
          "application/json"
        ]
      },
      "ResponseBody": "{\r\n  \"status\": \"Enqueued\"\r\n}",
      "StatusCode": 202
    },
    {
      "RequestUri": "/subscriptions/dec9ed54-2b7f-4476-9bd0-875544af59df/resourceGroups/CosmosDBResourceGroup53/providers/Microsoft.DocumentDB/databaseAccounts/gremlin-db1053/gremlinDatabases/dbName3/graphs/graphName?api-version=2022-05-15-preview",
      "EncodedRequestUri": "L3N1YnNjcmlwdGlvbnMvZGVjOWVkNTQtMmI3Zi00NDc2LTliZDAtODc1NTQ0YWY1OWRmL3Jlc291cmNlR3JvdXBzL0Nvc21vc0RCUmVzb3VyY2VHcm91cDUzL3Byb3ZpZGVycy9NaWNyb3NvZnQuRG9jdW1lbnREQi9kYXRhYmFzZUFjY291bnRzL2dyZW1saW4tZGIxMDUzL2dyZW1saW5EYXRhYmFzZXMvZGJOYW1lMy9ncmFwaHMvZ3JhcGhOYW1lP2FwaS12ZXJzaW9uPTIwMjItMDUtMTUtcHJldmlldw==",
      "RequestMethod": "DELETE",
      "RequestHeaders": {
        "x-ms-client-request-id": [
          "62613159-1423-447f-a63d-3bc9eb943541"
        ],
        "Accept-Language": [
          "en-US"
        ],
        "User-Agent": [
          "FxVersion/4.700.22.41602",
          "OSName/Windows",
          "OSVersion/Microsoft.Windows.10.0.22000",
          "Microsoft.Azure.Management.CosmosDB.CosmosDBManagementClient/1.8.2"
        ]
      },
      "RequestBody": "",
      "ResponseHeaders": {
        "Cache-Control": [
          "no-store, no-cache"
        ],
        "Pragma": [
          "no-cache"
        ],
        "Location": [
          "https://management.azure.com/subscriptions/dec9ed54-2b7f-4476-9bd0-875544af59df/resourceGroups/CosmosDBResourceGroup53/providers/Microsoft.DocumentDB/databaseAccounts/gremlin-db1053/gremlinDatabases/dbName3/graphs/graphName/operationResults/d2a8101d-44ac-4246-ae29-1186e194a2a0?api-version=2022-05-15-preview"
        ],
        "Azure-AsyncOperation": [
          "https://management.azure.com/subscriptions/dec9ed54-2b7f-4476-9bd0-875544af59df/providers/Microsoft.DocumentDB/locations/eastus/operationsStatus/d2a8101d-44ac-4246-ae29-1186e194a2a0?api-version=2022-05-15-preview"
        ],
        "x-ms-request-id": [
          "d2a8101d-44ac-4246-ae29-1186e194a2a0"
        ],
        "Strict-Transport-Security": [
          "max-age=31536000; includeSubDomains"
        ],
        "x-ms-gatewayversion": [
          "version=2.14.0"
        ],
        "Server": [
          "Microsoft-HTTPAPI/2.0"
        ],
        "x-ms-ratelimit-remaining-subscription-deletes": [
          "14994"
        ],
        "x-ms-correlation-request-id": [
          "a10f466d-4728-4682-b360-95885a320a73"
        ],
        "x-ms-routing-request-id": [
          "BRAZILUS:20220916T001521Z:a10f466d-4728-4682-b360-95885a320a73"
        ],
        "X-Content-Type-Options": [
          "nosniff"
        ],
        "Date": [
          "Fri, 16 Sep 2022 00:15:20 GMT"
        ],
        "Content-Length": [
          "21"
        ],
        "Content-Type": [
          "application/json"
        ]
      },
      "ResponseBody": "{\r\n  \"status\": \"Enqueued\"\r\n}",
      "StatusCode": 202
    },
    {
      "RequestUri": "/subscriptions/dec9ed54-2b7f-4476-9bd0-875544af59df/providers/Microsoft.DocumentDB/locations/eastus/operationsStatus/b6ef6a46-57e8-415d-af38-58b31041edfe?api-version=2022-05-15-preview",
      "EncodedRequestUri": "L3N1YnNjcmlwdGlvbnMvZGVjOWVkNTQtMmI3Zi00NDc2LTliZDAtODc1NTQ0YWY1OWRmL3Byb3ZpZGVycy9NaWNyb3NvZnQuRG9jdW1lbnREQi9sb2NhdGlvbnMvZWFzdHVzL29wZXJhdGlvbnNTdGF0dXMvYjZlZjZhNDYtNTdlOC00MTVkLWFmMzgtNThiMzEwNDFlZGZlP2FwaS12ZXJzaW9uPTIwMjItMDUtMTUtcHJldmlldw==",
      "RequestMethod": "GET",
      "RequestHeaders": {
        "x-ms-client-request-id": [
          "f8f67828-6dc6-4855-a216-9c78f4e7296b"
        ],
        "User-Agent": [
          "FxVersion/4.700.22.41602",
          "OSName/Windows",
          "OSVersion/Microsoft.Windows.10.0.22000",
          "Microsoft.Azure.Management.CosmosDB.CosmosDBManagementClient/1.8.2"
        ]
      },
      "RequestBody": "",
      "ResponseHeaders": {
        "Cache-Control": [
          "no-store, no-cache"
        ],
        "Pragma": [
          "no-cache"
        ],
        "Strict-Transport-Security": [
          "max-age=31536000; includeSubDomains"
        ],
        "x-ms-gatewayversion": [
          "version=2.14.0"
        ],
        "Server": [
          "Microsoft-HTTPAPI/2.0"
        ],
        "x-ms-ratelimit-remaining-subscription-reads": [
          "11926"
        ],
        "x-ms-request-id": [
          "9a945ff0-df40-43f1-9198-ab74d5567a67"
        ],
        "x-ms-correlation-request-id": [
          "9a945ff0-df40-43f1-9198-ab74d5567a67"
        ],
        "x-ms-routing-request-id": [
          "BRAZILUS:20220916T001447Z:9a945ff0-df40-43f1-9198-ab74d5567a67"
        ],
        "X-Content-Type-Options": [
          "nosniff"
        ],
        "Date": [
          "Fri, 16 Sep 2022 00:14:47 GMT"
        ],
        "Content-Length": [
          "22"
        ],
        "Content-Type": [
          "application/json"
        ]
      },
      "ResponseBody": "{\r\n  \"status\": \"Succeeded\"\r\n}",
      "StatusCode": 200
    },
    {
      "RequestUri": "/subscriptions/dec9ed54-2b7f-4476-9bd0-875544af59df/resourceGroups/CosmosDBResourceGroup53/providers/Microsoft.DocumentDB/databaseAccounts/gremlin-db1053/gremlinDatabases/dbName3/graphs/graphName/operationResults/b6ef6a46-57e8-415d-af38-58b31041edfe?api-version=2022-05-15-preview",
      "EncodedRequestUri": "L3N1YnNjcmlwdGlvbnMvZGVjOWVkNTQtMmI3Zi00NDc2LTliZDAtODc1NTQ0YWY1OWRmL3Jlc291cmNlR3JvdXBzL0Nvc21vc0RCUmVzb3VyY2VHcm91cDUzL3Byb3ZpZGVycy9NaWNyb3NvZnQuRG9jdW1lbnREQi9kYXRhYmFzZUFjY291bnRzL2dyZW1saW4tZGIxMDUzL2dyZW1saW5EYXRhYmFzZXMvZGJOYW1lMy9ncmFwaHMvZ3JhcGhOYW1lL29wZXJhdGlvblJlc3VsdHMvYjZlZjZhNDYtNTdlOC00MTVkLWFmMzgtNThiMzEwNDFlZGZlP2FwaS12ZXJzaW9uPTIwMjItMDUtMTUtcHJldmlldw==",
      "RequestMethod": "GET",
      "RequestHeaders": {
        "x-ms-client-request-id": [
          "f8f67828-6dc6-4855-a216-9c78f4e7296b"
        ],
        "User-Agent": [
          "FxVersion/4.700.22.41602",
          "OSName/Windows",
          "OSVersion/Microsoft.Windows.10.0.22000",
          "Microsoft.Azure.Management.CosmosDB.CosmosDBManagementClient/1.8.2"
        ]
      },
      "RequestBody": "",
      "ResponseHeaders": {
        "Cache-Control": [
          "no-store, no-cache"
        ],
        "Pragma": [
          "no-cache"
        ],
        "Strict-Transport-Security": [
          "max-age=31536000; includeSubDomains"
        ],
        "x-ms-gatewayversion": [
          "version=2.14.0"
        ],
        "Server": [
          "Microsoft-HTTPAPI/2.0"
        ],
        "x-ms-ratelimit-remaining-subscription-reads": [
          "11925"
        ],
        "x-ms-request-id": [
          "2321bb52-c2ac-48c0-abca-6f5b02e13313"
        ],
        "x-ms-correlation-request-id": [
          "2321bb52-c2ac-48c0-abca-6f5b02e13313"
        ],
        "x-ms-routing-request-id": [
          "BRAZILUS:20220916T001447Z:2321bb52-c2ac-48c0-abca-6f5b02e13313"
        ],
        "X-Content-Type-Options": [
          "nosniff"
        ],
        "Date": [
          "Fri, 16 Sep 2022 00:14:47 GMT"
        ],
        "Content-Type": [
          "application/json"
        ]
      },
      "ResponseBody": "",
      "StatusCode": 204
    },
    {
      "RequestUri": "/subscriptions/dec9ed54-2b7f-4476-9bd0-875544af59df/resourceGroups/CosmosDBResourceGroup53/providers/Microsoft.DocumentDB/databaseAccounts/gremlin-db1053/gremlinDatabases/dbName3?api-version=2022-05-15-preview",
      "EncodedRequestUri": "L3N1YnNjcmlwdGlvbnMvZGVjOWVkNTQtMmI3Zi00NDc2LTliZDAtODc1NTQ0YWY1OWRmL3Jlc291cmNlR3JvdXBzL0Nvc21vc0RCUmVzb3VyY2VHcm91cDUzL3Byb3ZpZGVycy9NaWNyb3NvZnQuRG9jdW1lbnREQi9kYXRhYmFzZUFjY291bnRzL2dyZW1saW4tZGIxMDUzL2dyZW1saW5EYXRhYmFzZXMvZGJOYW1lMz9hcGktdmVyc2lvbj0yMDIyLTA1LTE1LXByZXZpZXc=",
      "RequestMethod": "DELETE",
      "RequestHeaders": {
        "x-ms-client-request-id": [
          "f2a6010d-5d58-45fc-85ed-f026f8d0cff2"
        ],
        "Accept-Language": [
          "en-US"
        ],
        "User-Agent": [
          "FxVersion/4.700.22.41602",
          "OSName/Windows",
          "OSVersion/Microsoft.Windows.10.0.22000",
          "Microsoft.Azure.Management.CosmosDB.CosmosDBManagementClient/1.8.2"
        ]
      },
      "RequestBody": "",
      "ResponseHeaders": {
        "Cache-Control": [
          "no-store, no-cache"
        ],
        "Pragma": [
          "no-cache"
        ],
        "Location": [
          "https://management.azure.com/subscriptions/dec9ed54-2b7f-4476-9bd0-875544af59df/resourceGroups/CosmosDBResourceGroup53/providers/Microsoft.DocumentDB/databaseAccounts/gremlin-db1053/gremlinDatabases/dbName3/operationResults/5cb05824-d7b8-418b-b6fc-6020863b6e22?api-version=2022-05-15-preview"
        ],
        "Azure-AsyncOperation": [
          "https://management.azure.com/subscriptions/dec9ed54-2b7f-4476-9bd0-875544af59df/providers/Microsoft.DocumentDB/locations/eastus/operationsStatus/5cb05824-d7b8-418b-b6fc-6020863b6e22?api-version=2022-05-15-preview"
        ],
        "x-ms-request-id": [
          "5cb05824-d7b8-418b-b6fc-6020863b6e22"
        ],
        "Strict-Transport-Security": [
          "max-age=31536000; includeSubDomains"
        ],
        "x-ms-gatewayversion": [
          "version=2.14.0"
        ],
        "Server": [
          "Microsoft-HTTPAPI/2.0"
        ],
        "x-ms-ratelimit-remaining-subscription-deletes": [
          "14994"
        ],
        "x-ms-correlation-request-id": [
          "80710443-7adb-4dea-abeb-166d68da429e"
        ],
        "x-ms-routing-request-id": [
          "BRAZILUS:20220916T001448Z:80710443-7adb-4dea-abeb-166d68da429e"
        ],
        "X-Content-Type-Options": [
          "nosniff"
        ],
        "Date": [
          "Fri, 16 Sep 2022 00:14:48 GMT"
        ],
        "Content-Length": [
          "21"
        ],
        "Content-Type": [
          "application/json"
        ]
      },
      "ResponseBody": "{\r\n  \"status\": \"Enqueued\"\r\n}",
      "StatusCode": 202
    },
    {
      "RequestUri": "/subscriptions/dec9ed54-2b7f-4476-9bd0-875544af59df/resourceGroups/CosmosDBResourceGroup53/providers/Microsoft.DocumentDB/databaseAccounts/gremlin-db1053/gremlinDatabases/dbName3?api-version=2022-05-15-preview",
      "EncodedRequestUri": "L3N1YnNjcmlwdGlvbnMvZGVjOWVkNTQtMmI3Zi00NDc2LTliZDAtODc1NTQ0YWY1OWRmL3Jlc291cmNlR3JvdXBzL0Nvc21vc0RCUmVzb3VyY2VHcm91cDUzL3Byb3ZpZGVycy9NaWNyb3NvZnQuRG9jdW1lbnREQi9kYXRhYmFzZUFjY291bnRzL2dyZW1saW4tZGIxMDUzL2dyZW1saW5EYXRhYmFzZXMvZGJOYW1lMz9hcGktdmVyc2lvbj0yMDIyLTA1LTE1LXByZXZpZXc=",
      "RequestMethod": "DELETE",
      "RequestHeaders": {
        "x-ms-client-request-id": [
          "f4b116a7-e5a7-43bd-8f1c-4d5d60966e8d"
        ],
        "Accept-Language": [
          "en-US"
        ],
        "User-Agent": [
          "FxVersion/4.700.22.41602",
          "OSName/Windows",
          "OSVersion/Microsoft.Windows.10.0.22000",
          "Microsoft.Azure.Management.CosmosDB.CosmosDBManagementClient/1.8.2"
        ]
      },
      "RequestBody": "",
      "ResponseHeaders": {
        "Cache-Control": [
          "no-store, no-cache"
        ],
        "Pragma": [
          "no-cache"
        ],
        "Location": [
          "https://management.azure.com/subscriptions/dec9ed54-2b7f-4476-9bd0-875544af59df/resourceGroups/CosmosDBResourceGroup53/providers/Microsoft.DocumentDB/databaseAccounts/gremlin-db1053/gremlinDatabases/dbName3/operationResults/171616d3-8bb2-4017-b450-89baa1e6a50d?api-version=2022-05-15-preview"
        ],
        "Azure-AsyncOperation": [
          "https://management.azure.com/subscriptions/dec9ed54-2b7f-4476-9bd0-875544af59df/providers/Microsoft.DocumentDB/locations/eastus/operationsStatus/171616d3-8bb2-4017-b450-89baa1e6a50d?api-version=2022-05-15-preview"
        ],
        "x-ms-request-id": [
          "171616d3-8bb2-4017-b450-89baa1e6a50d"
        ],
        "Strict-Transport-Security": [
          "max-age=31536000; includeSubDomains"
        ],
        "x-ms-gatewayversion": [
          "version=2.14.0"
        ],
        "Server": [
          "Microsoft-HTTPAPI/2.0"
        ],
        "x-ms-ratelimit-remaining-subscription-deletes": [
          "14997"
        ],
        "x-ms-correlation-request-id": [
          "de88ee79-7140-4a97-a442-a8bb39430de8"
        ],
        "x-ms-routing-request-id": [
          "BRAZILUS:20220916T001553Z:de88ee79-7140-4a97-a442-a8bb39430de8"
        ],
        "X-Content-Type-Options": [
          "nosniff"
        ],
        "Date": [
          "Fri, 16 Sep 2022 00:15:53 GMT"
        ],
        "Content-Length": [
          "21"
        ],
        "Content-Type": [
          "application/json"
        ]
      },
      "ResponseBody": "{\r\n  \"status\": \"Enqueued\"\r\n}",
      "StatusCode": 202
    },
    {
      "RequestUri": "/subscriptions/dec9ed54-2b7f-4476-9bd0-875544af59df/providers/Microsoft.DocumentDB/locations/eastus/operationsStatus/5cb05824-d7b8-418b-b6fc-6020863b6e22?api-version=2022-05-15-preview",
      "EncodedRequestUri": "L3N1YnNjcmlwdGlvbnMvZGVjOWVkNTQtMmI3Zi00NDc2LTliZDAtODc1NTQ0YWY1OWRmL3Byb3ZpZGVycy9NaWNyb3NvZnQuRG9jdW1lbnREQi9sb2NhdGlvbnMvZWFzdHVzL29wZXJhdGlvbnNTdGF0dXMvNWNiMDU4MjQtZDdiOC00MThiLWI2ZmMtNjAyMDg2M2I2ZTIyP2FwaS12ZXJzaW9uPTIwMjItMDUtMTUtcHJldmlldw==",
      "RequestMethod": "GET",
      "RequestHeaders": {
        "x-ms-client-request-id": [
          "f2a6010d-5d58-45fc-85ed-f026f8d0cff2"
        ],
        "User-Agent": [
          "FxVersion/4.700.22.41602",
          "OSName/Windows",
          "OSVersion/Microsoft.Windows.10.0.22000",
          "Microsoft.Azure.Management.CosmosDB.CosmosDBManagementClient/1.8.2"
        ]
      },
      "RequestBody": "",
      "ResponseHeaders": {
        "Cache-Control": [
          "no-store, no-cache"
        ],
        "Pragma": [
          "no-cache"
        ],
        "Strict-Transport-Security": [
          "max-age=31536000; includeSubDomains"
        ],
        "x-ms-gatewayversion": [
          "version=2.14.0"
        ],
        "Server": [
          "Microsoft-HTTPAPI/2.0"
        ],
        "x-ms-ratelimit-remaining-subscription-reads": [
          "11961"
        ],
        "x-ms-request-id": [
          "ec8c6fde-a28e-4e46-b912-6f3081309ebd"
        ],
        "x-ms-correlation-request-id": [
          "ec8c6fde-a28e-4e46-b912-6f3081309ebd"
        ],
        "x-ms-routing-request-id": [
          "BRAZILUS:20220916T001519Z:ec8c6fde-a28e-4e46-b912-6f3081309ebd"
        ],
        "X-Content-Type-Options": [
          "nosniff"
        ],
        "Date": [
          "Fri, 16 Sep 2022 00:15:19 GMT"
        ],
        "Content-Length": [
          "22"
        ],
        "Content-Type": [
          "application/json"
        ]
      },
      "ResponseBody": "{\r\n  \"status\": \"Succeeded\"\r\n}",
      "StatusCode": 200
    },
    {
      "RequestUri": "/subscriptions/dec9ed54-2b7f-4476-9bd0-875544af59df/resourceGroups/CosmosDBResourceGroup53/providers/Microsoft.DocumentDB/databaseAccounts/gremlin-db1053/gremlinDatabases/dbName3/operationResults/5cb05824-d7b8-418b-b6fc-6020863b6e22?api-version=2022-05-15-preview",
      "EncodedRequestUri": "L3N1YnNjcmlwdGlvbnMvZGVjOWVkNTQtMmI3Zi00NDc2LTliZDAtODc1NTQ0YWY1OWRmL3Jlc291cmNlR3JvdXBzL0Nvc21vc0RCUmVzb3VyY2VHcm91cDUzL3Byb3ZpZGVycy9NaWNyb3NvZnQuRG9jdW1lbnREQi9kYXRhYmFzZUFjY291bnRzL2dyZW1saW4tZGIxMDUzL2dyZW1saW5EYXRhYmFzZXMvZGJOYW1lMy9vcGVyYXRpb25SZXN1bHRzLzVjYjA1ODI0LWQ3YjgtNDE4Yi1iNmZjLTYwMjA4NjNiNmUyMj9hcGktdmVyc2lvbj0yMDIyLTA1LTE1LXByZXZpZXc=",
      "RequestMethod": "GET",
      "RequestHeaders": {
        "x-ms-client-request-id": [
          "f2a6010d-5d58-45fc-85ed-f026f8d0cff2"
        ],
        "User-Agent": [
          "FxVersion/4.700.22.41602",
          "OSName/Windows",
          "OSVersion/Microsoft.Windows.10.0.22000",
          "Microsoft.Azure.Management.CosmosDB.CosmosDBManagementClient/1.8.2"
        ]
      },
      "RequestBody": "",
      "ResponseHeaders": {
        "Cache-Control": [
          "no-store, no-cache"
        ],
        "Pragma": [
          "no-cache"
        ],
        "Strict-Transport-Security": [
          "max-age=31536000; includeSubDomains"
        ],
        "x-ms-gatewayversion": [
          "version=2.14.0"
        ],
        "Server": [
          "Microsoft-HTTPAPI/2.0"
        ],
        "x-ms-ratelimit-remaining-subscription-reads": [
          "11960"
        ],
        "x-ms-request-id": [
          "d47d6f2c-9986-4a0d-84ce-42fd1e7b8a91"
        ],
        "x-ms-correlation-request-id": [
          "d47d6f2c-9986-4a0d-84ce-42fd1e7b8a91"
        ],
        "x-ms-routing-request-id": [
          "BRAZILUS:20220916T001519Z:d47d6f2c-9986-4a0d-84ce-42fd1e7b8a91"
        ],
        "X-Content-Type-Options": [
          "nosniff"
        ],
        "Date": [
          "Fri, 16 Sep 2022 00:15:19 GMT"
        ],
        "Content-Type": [
          "application/json"
        ]
      },
      "ResponseBody": "",
      "StatusCode": 204
    },
    {
      "RequestUri": "/subscriptions/dec9ed54-2b7f-4476-9bd0-875544af59df/providers/Microsoft.DocumentDB/locations/eastus/operationsStatus/d2a8101d-44ac-4246-ae29-1186e194a2a0?api-version=2022-05-15-preview",
      "EncodedRequestUri": "L3N1YnNjcmlwdGlvbnMvZGVjOWVkNTQtMmI3Zi00NDc2LTliZDAtODc1NTQ0YWY1OWRmL3Byb3ZpZGVycy9NaWNyb3NvZnQuRG9jdW1lbnREQi9sb2NhdGlvbnMvZWFzdHVzL29wZXJhdGlvbnNTdGF0dXMvZDJhODEwMWQtNDRhYy00MjQ2LWFlMjktMTE4NmUxOTRhMmEwP2FwaS12ZXJzaW9uPTIwMjItMDUtMTUtcHJldmlldw==",
      "RequestMethod": "GET",
      "RequestHeaders": {
        "x-ms-client-request-id": [
          "62613159-1423-447f-a63d-3bc9eb943541"
        ],
        "User-Agent": [
          "FxVersion/4.700.22.41602",
          "OSName/Windows",
          "OSVersion/Microsoft.Windows.10.0.22000",
          "Microsoft.Azure.Management.CosmosDB.CosmosDBManagementClient/1.8.2"
        ]
      },
      "RequestBody": "",
      "ResponseHeaders": {
        "Cache-Control": [
          "no-store, no-cache"
        ],
        "Pragma": [
          "no-cache"
        ],
        "Strict-Transport-Security": [
          "max-age=31536000; includeSubDomains"
        ],
        "x-ms-gatewayversion": [
          "version=2.14.0"
        ],
        "Server": [
          "Microsoft-HTTPAPI/2.0"
        ],
        "x-ms-ratelimit-remaining-subscription-reads": [
          "11959"
        ],
        "x-ms-request-id": [
          "72ec729d-88b7-40d6-95f1-c391caf8e2da"
        ],
        "x-ms-correlation-request-id": [
          "72ec729d-88b7-40d6-95f1-c391caf8e2da"
        ],
        "x-ms-routing-request-id": [
          "BRAZILUS:20220916T001551Z:72ec729d-88b7-40d6-95f1-c391caf8e2da"
        ],
        "X-Content-Type-Options": [
          "nosniff"
        ],
        "Date": [
          "Fri, 16 Sep 2022 00:15:50 GMT"
        ],
        "Content-Length": [
          "22"
        ],
        "Content-Type": [
          "application/json"
        ]
      },
      "ResponseBody": "{\r\n  \"status\": \"Succeeded\"\r\n}",
      "StatusCode": 200
    },
    {
      "RequestUri": "/subscriptions/dec9ed54-2b7f-4476-9bd0-875544af59df/resourceGroups/CosmosDBResourceGroup53/providers/Microsoft.DocumentDB/databaseAccounts/gremlin-db1053/gremlinDatabases/dbName3/graphs/graphName/operationResults/d2a8101d-44ac-4246-ae29-1186e194a2a0?api-version=2022-05-15-preview",
      "EncodedRequestUri": "L3N1YnNjcmlwdGlvbnMvZGVjOWVkNTQtMmI3Zi00NDc2LTliZDAtODc1NTQ0YWY1OWRmL3Jlc291cmNlR3JvdXBzL0Nvc21vc0RCUmVzb3VyY2VHcm91cDUzL3Byb3ZpZGVycy9NaWNyb3NvZnQuRG9jdW1lbnREQi9kYXRhYmFzZUFjY291bnRzL2dyZW1saW4tZGIxMDUzL2dyZW1saW5EYXRhYmFzZXMvZGJOYW1lMy9ncmFwaHMvZ3JhcGhOYW1lL29wZXJhdGlvblJlc3VsdHMvZDJhODEwMWQtNDRhYy00MjQ2LWFlMjktMTE4NmUxOTRhMmEwP2FwaS12ZXJzaW9uPTIwMjItMDUtMTUtcHJldmlldw==",
      "RequestMethod": "GET",
      "RequestHeaders": {
        "x-ms-client-request-id": [
          "62613159-1423-447f-a63d-3bc9eb943541"
        ],
        "User-Agent": [
          "FxVersion/4.700.22.41602",
          "OSName/Windows",
          "OSVersion/Microsoft.Windows.10.0.22000",
          "Microsoft.Azure.Management.CosmosDB.CosmosDBManagementClient/1.8.2"
        ]
      },
      "RequestBody": "",
      "ResponseHeaders": {
        "Cache-Control": [
          "no-store, no-cache"
        ],
        "Pragma": [
          "no-cache"
        ],
        "Strict-Transport-Security": [
          "max-age=31536000; includeSubDomains"
        ],
        "x-ms-gatewayversion": [
          "version=2.14.0"
        ],
        "Server": [
          "Microsoft-HTTPAPI/2.0"
        ],
        "x-ms-ratelimit-remaining-subscription-reads": [
          "11958"
        ],
        "x-ms-request-id": [
          "5f5d5135-482b-4328-902a-9e2b1fbf75bf"
        ],
        "x-ms-correlation-request-id": [
          "5f5d5135-482b-4328-902a-9e2b1fbf75bf"
        ],
        "x-ms-routing-request-id": [
          "BRAZILUS:20220916T001551Z:5f5d5135-482b-4328-902a-9e2b1fbf75bf"
        ],
        "X-Content-Type-Options": [
          "nosniff"
        ],
        "Date": [
          "Fri, 16 Sep 2022 00:15:50 GMT"
        ],
        "Content-Type": [
          "application/json"
        ]
      },
      "ResponseBody": "",
      "StatusCode": 204
    },
    {
      "RequestUri": "/subscriptions/dec9ed54-2b7f-4476-9bd0-875544af59df/providers/Microsoft.DocumentDB/locations/eastus/operationsStatus/171616d3-8bb2-4017-b450-89baa1e6a50d?api-version=2022-05-15-preview",
      "EncodedRequestUri": "L3N1YnNjcmlwdGlvbnMvZGVjOWVkNTQtMmI3Zi00NDc2LTliZDAtODc1NTQ0YWY1OWRmL3Byb3ZpZGVycy9NaWNyb3NvZnQuRG9jdW1lbnREQi9sb2NhdGlvbnMvZWFzdHVzL29wZXJhdGlvbnNTdGF0dXMvMTcxNjE2ZDMtOGJiMi00MDE3LWI0NTAtODliYWExZTZhNTBkP2FwaS12ZXJzaW9uPTIwMjItMDUtMTUtcHJldmlldw==",
      "RequestMethod": "GET",
      "RequestHeaders": {
        "x-ms-client-request-id": [
          "f4b116a7-e5a7-43bd-8f1c-4d5d60966e8d"
        ],
        "User-Agent": [
          "FxVersion/4.700.22.41602",
          "OSName/Windows",
          "OSVersion/Microsoft.Windows.10.0.22000",
          "Microsoft.Azure.Management.CosmosDB.CosmosDBManagementClient/1.8.2"
        ]
      },
      "RequestBody": "",
      "ResponseHeaders": {
        "Cache-Control": [
          "no-store, no-cache"
        ],
        "Pragma": [
          "no-cache"
        ],
        "Strict-Transport-Security": [
          "max-age=31536000; includeSubDomains"
        ],
        "x-ms-gatewayversion": [
          "version=2.14.0"
        ],
        "Server": [
          "Microsoft-HTTPAPI/2.0"
        ],
        "x-ms-ratelimit-remaining-subscription-reads": [
          "11978"
        ],
        "x-ms-request-id": [
          "1726089f-c395-4d7c-9825-1c5a0eabdb8c"
        ],
        "x-ms-correlation-request-id": [
          "1726089f-c395-4d7c-9825-1c5a0eabdb8c"
        ],
        "x-ms-routing-request-id": [
          "BRAZILUS:20220916T001623Z:1726089f-c395-4d7c-9825-1c5a0eabdb8c"
        ],
        "X-Content-Type-Options": [
          "nosniff"
        ],
        "Date": [
          "Fri, 16 Sep 2022 00:16:23 GMT"
        ],
        "Content-Length": [
          "22"
        ],
        "Content-Type": [
          "application/json"
        ]
      },
      "ResponseBody": "{\r\n  \"status\": \"Succeeded\"\r\n}",
      "StatusCode": 200
    },
    {
      "RequestUri": "/subscriptions/dec9ed54-2b7f-4476-9bd0-875544af59df/resourceGroups/CosmosDBResourceGroup53/providers/Microsoft.DocumentDB/databaseAccounts/gremlin-db1053/gremlinDatabases/dbName3/operationResults/171616d3-8bb2-4017-b450-89baa1e6a50d?api-version=2022-05-15-preview",
      "EncodedRequestUri": "L3N1YnNjcmlwdGlvbnMvZGVjOWVkNTQtMmI3Zi00NDc2LTliZDAtODc1NTQ0YWY1OWRmL3Jlc291cmNlR3JvdXBzL0Nvc21vc0RCUmVzb3VyY2VHcm91cDUzL3Byb3ZpZGVycy9NaWNyb3NvZnQuRG9jdW1lbnREQi9kYXRhYmFzZUFjY291bnRzL2dyZW1saW4tZGIxMDUzL2dyZW1saW5EYXRhYmFzZXMvZGJOYW1lMy9vcGVyYXRpb25SZXN1bHRzLzE3MTYxNmQzLThiYjItNDAxNy1iNDUwLTg5YmFhMWU2YTUwZD9hcGktdmVyc2lvbj0yMDIyLTA1LTE1LXByZXZpZXc=",
      "RequestMethod": "GET",
      "RequestHeaders": {
        "x-ms-client-request-id": [
          "f4b116a7-e5a7-43bd-8f1c-4d5d60966e8d"
        ],
        "User-Agent": [
          "FxVersion/4.700.22.41602",
          "OSName/Windows",
          "OSVersion/Microsoft.Windows.10.0.22000",
          "Microsoft.Azure.Management.CosmosDB.CosmosDBManagementClient/1.8.2"
        ]
      },
      "RequestBody": "",
      "ResponseHeaders": {
        "Cache-Control": [
          "no-store, no-cache"
        ],
        "Pragma": [
          "no-cache"
        ],
        "Strict-Transport-Security": [
          "max-age=31536000; includeSubDomains"
        ],
        "x-ms-gatewayversion": [
          "version=2.14.0"
        ],
        "Server": [
          "Microsoft-HTTPAPI/2.0"
        ],
        "x-ms-ratelimit-remaining-subscription-reads": [
          "11977"
        ],
        "x-ms-request-id": [
          "42da2047-2e4e-49b1-a848-c86f4265d337"
        ],
        "x-ms-correlation-request-id": [
          "42da2047-2e4e-49b1-a848-c86f4265d337"
        ],
        "x-ms-routing-request-id": [
          "BRAZILUS:20220916T001623Z:42da2047-2e4e-49b1-a848-c86f4265d337"
        ],
        "X-Content-Type-Options": [
          "nosniff"
        ],
        "Date": [
          "Fri, 16 Sep 2022 00:16:23 GMT"
        ],
        "Content-Type": [
          "application/json"
        ]
      },
      "ResponseBody": "",
      "StatusCode": 204
    }
  ],
  "Names": {},
  "Variables": {
    "SubscriptionId": "dec9ed54-2b7f-4476-9bd0-875544af59df"
  }
}