{
  "Entries": [
    {
      "RequestUri": "/subscriptions/259fbb24-9bcd-4cfc-865c-fc33b22fe38a/resourcegroups/CosmosDBResourceGroup50?api-version=2016-09-01",
      "EncodedRequestUri": "L3N1YnNjcmlwdGlvbnMvMjU5ZmJiMjQtOWJjZC00Y2ZjLTg2NWMtZmMzM2IyMmZlMzhhL3Jlc291cmNlZ3JvdXBzL0Nvc21vc0RCUmVzb3VyY2VHcm91cDUwP2FwaS12ZXJzaW9uPTIwMTYtMDktMDE=",
      "RequestMethod": "PUT",
      "RequestBody": "{\r\n  \"location\": \"East US\"\r\n}",
      "RequestHeaders": {
        "x-ms-client-request-id": [
          "56c5ae37-601b-4979-be88-e2c5815a8dd0"
        ],
        "Accept-Language": [
          "en-US"
        ],
        "User-Agent": [
          "FxVersion/4.6.28207.03",
          "OSName/Windows",
          "OSVersion/Microsoft.Windows.10.0.19043.",
          "Microsoft.Azure.Management.Internal.Resources.ResourceManagementClient/1.3.51"
        ],
        "Content-Type": [
          "application/json; charset=utf-8"
        ],
        "Content-Length": [
          "29"
        ]
      },
      "ResponseHeaders": {
        "Cache-Control": [
          "no-cache"
        ],
        "Pragma": [
          "no-cache"
        ],
        "x-ms-ratelimit-remaining-subscription-writes": [
          "1199"
        ],
        "x-ms-request-id": [
          "94fc0881-e561-4e01-968f-917da55297e5"
        ],
        "x-ms-correlation-request-id": [
          "94fc0881-e561-4e01-968f-917da55297e5"
        ],
        "x-ms-routing-request-id": [
          "WESTUS2:20211027T022859Z:94fc0881-e561-4e01-968f-917da55297e5"
        ],
        "Strict-Transport-Security": [
          "max-age=31536000; includeSubDomains"
        ],
        "X-Content-Type-Options": [
          "nosniff"
        ],
        "Date": [
          "Wed, 27 Oct 2021 02:28:58 GMT"
        ],
        "Content-Length": [
          "199"
        ],
        "Content-Type": [
          "application/json; charset=utf-8"
        ],
        "Expires": [
          "-1"
        ]
      },
      "ResponseBody": "{\r\n  \"id\": \"/subscriptions/259fbb24-9bcd-4cfc-865c-fc33b22fe38a/resourceGroups/CosmosDBResourceGroup50\",\r\n  \"name\": \"CosmosDBResourceGroup50\",\r\n  \"location\": \"eastus\",\r\n  \"properties\": {\r\n    \"provisioningState\": \"Succeeded\"\r\n  }\r\n}",
      "StatusCode": 201
    },
    {
      "RequestUri": "/subscriptions/259fbb24-9bcd-4cfc-865c-fc33b22fe38a/resourceGroups/CosmosDBResourceGroup50/providers/Microsoft.DocumentDB/databaseAccounts/gremlin-db1050?api-version=2021-10-15",
      "EncodedRequestUri": "L3N1YnNjcmlwdGlvbnMvMjU5ZmJiMjQtOWJjZC00Y2ZjLTg2NWMtZmMzM2IyMmZlMzhhL3Jlc291cmNlR3JvdXBzL0Nvc21vc0RCUmVzb3VyY2VHcm91cDUwL3Byb3ZpZGVycy9NaWNyb3NvZnQuRG9jdW1lbnREQi9kYXRhYmFzZUFjY291bnRzL2dyZW1saW4tZGIxMDUwP2FwaS12ZXJzaW9uPTIwMjEtMTAtMTU=",
      "RequestMethod": "GET",
      "RequestBody": "",
      "RequestHeaders": {
        "x-ms-client-request-id": [
          "06ac1eb1-84fd-4f62-b7a8-80e415093eaa"
        ],
        "Accept-Language": [
          "en-US"
        ],
        "User-Agent": [
          "FxVersion/4.6.28207.03",
          "OSName/Windows",
          "OSVersion/Microsoft.Windows.10.0.19043.",
          "Microsoft.Azure.Management.CosmosDB.CosmosDBManagementClient/3.2.0.0"
        ]
      },
      "ResponseHeaders": {
        "Cache-Control": [
          "no-cache"
        ],
        "Pragma": [
          "no-cache"
        ],
        "x-ms-failure-cause": [
          "gateway"
        ],
        "x-ms-request-id": [
          "b159bc7e-141f-4b51-a30b-2111c3c4e41b"
        ],
        "x-ms-correlation-request-id": [
          "b159bc7e-141f-4b51-a30b-2111c3c4e41b"
        ],
        "x-ms-routing-request-id": [
          "WESTUS2:20211027T022900Z:b159bc7e-141f-4b51-a30b-2111c3c4e41b"
        ],
        "Strict-Transport-Security": [
          "max-age=31536000; includeSubDomains"
        ],
        "X-Content-Type-Options": [
          "nosniff"
        ],
        "Date": [
          "Wed, 27 Oct 2021 02:29:00 GMT"
        ],
        "Content-Type": [
          "application/json; charset=utf-8"
        ],
        "Expires": [
          "-1"
        ],
        "Content-Length": [
          "247"
        ]
      },
      "ResponseBody": "{\r\n  \"error\": {\r\n    \"code\": \"ResourceNotFound\",\r\n    \"message\": \"The Resource 'Microsoft.DocumentDB/databaseAccounts/gremlin-db1050' under resource group 'CosmosDBResourceGroup50' was not found. For more details please go to https://aka.ms/ARMResourceNotFoundFix\"\r\n  }\r\n}",
      "StatusCode": 404
    },
    {
      "RequestUri": "/subscriptions/259fbb24-9bcd-4cfc-865c-fc33b22fe38a/resourceGroups/CosmosDBResourceGroup50/providers/Microsoft.DocumentDB/databaseAccounts/gremlin-db1050?api-version=2021-10-15",
      "EncodedRequestUri": "L3N1YnNjcmlwdGlvbnMvMjU5ZmJiMjQtOWJjZC00Y2ZjLTg2NWMtZmMzM2IyMmZlMzhhL3Jlc291cmNlR3JvdXBzL0Nvc21vc0RCUmVzb3VyY2VHcm91cDUwL3Byb3ZpZGVycy9NaWNyb3NvZnQuRG9jdW1lbnREQi9kYXRhYmFzZUFjY291bnRzL2dyZW1saW4tZGIxMDUwP2FwaS12ZXJzaW9uPTIwMjEtMTAtMTU=",
      "RequestMethod": "GET",
      "RequestBody": "",
      "RequestHeaders": {
        "x-ms-client-request-id": [
          "06ac1eb1-84fd-4f62-b7a8-80e415093eaa"
        ],
        "User-Agent": [
          "FxVersion/4.6.28207.03",
          "OSName/Windows",
          "OSVersion/Microsoft.Windows.10.0.19043.",
          "Microsoft.Azure.Management.CosmosDB.CosmosDBManagementClient/3.2.0.0"
        ]
      },
      "ResponseHeaders": {
        "Cache-Control": [
          "no-store, no-cache"
        ],
        "Pragma": [
          "no-cache"
        ],
        "Strict-Transport-Security": [
          "max-age=31536000; includeSubDomains"
        ],
        "x-ms-gatewayversion": [
          "version=2.14.0"
        ],
        "Server": [
          "Microsoft-HTTPAPI/2.0"
        ],
        "x-ms-ratelimit-remaining-subscription-reads": [
          "11991"
        ],
        "x-ms-request-id": [
          "482b3f2b-4ed2-4d36-9f4e-1fb4c4ee86c9"
        ],
        "x-ms-correlation-request-id": [
          "482b3f2b-4ed2-4d36-9f4e-1fb4c4ee86c9"
        ],
        "x-ms-routing-request-id": [
          "WESTUS2:20211027T023206Z:482b3f2b-4ed2-4d36-9f4e-1fb4c4ee86c9"
        ],
        "X-Content-Type-Options": [
          "nosniff"
        ],
        "Date": [
          "Wed, 27 Oct 2021 02:32:06 GMT"
        ],
        "Content-Length": [
          "2304"
        ],
        "Content-Type": [
          "application/json"
        ]
      },
      "ResponseBody": "{\r\n  \"id\": \"/subscriptions/259fbb24-9bcd-4cfc-865c-fc33b22fe38a/resourceGroups/CosmosDBResourceGroup50/providers/Microsoft.DocumentDB/databaseAccounts/gremlin-db1050\",\r\n  \"name\": \"gremlin-db1050\",\r\n  \"location\": \"East US\",\r\n  \"type\": \"Microsoft.DocumentDB/databaseAccounts\",\r\n  \"kind\": \"GlobalDocumentDB\",\r\n  \"tags\": {},\r\n  \"systemData\": {\r\n    \"createdAt\": \"2021-10-27T02:31:16.1574692Z\"\r\n  },\r\n  \"properties\": {\r\n    \"provisioningState\": \"Succeeded\",\r\n    \"documentEndpoint\": \"https://gremlin-db1050.documents.azure.com:443/\",\r\n    \"gremlinEndpoint\": \"https://gremlin-db1050.gremlin.cosmos.azure.com:443/\",\r\n    \"publicNetworkAccess\": \"Enabled\",\r\n    \"enableAutomaticFailover\": false,\r\n    \"enableMultipleWriteLocations\": false,\r\n    \"enablePartitionKeyMonitor\": false,\r\n    \"isVirtualNetworkFilterEnabled\": false,\r\n    \"virtualNetworkRules\": [],\r\n    \"EnabledApiTypes\": \"Gremlin, Sql\",\r\n    \"disableKeyBasedMetadataWriteAccess\": false,\r\n    \"enableFreeTier\": false,\r\n    \"enableAnalyticalStorage\": false,\r\n    \"analyticalStorageConfiguration\": {\r\n      \"schemaType\": \"WellDefined\"\r\n    },\r\n    \"instanceId\": \"462aef4e-627b-402e-8b1c-427d7d386407\",\r\n    \"databaseAccountOfferType\": \"Standard\",\r\n    \"defaultIdentity\": \"FirstPartyIdentity\",\r\n    \"networkAclBypass\": \"None\",\r\n    \"disableLocalAuth\": false,\r\n    \"consistencyPolicy\": {\r\n      \"defaultConsistencyLevel\": \"Session\",\r\n      \"maxIntervalInSeconds\": 5,\r\n      \"maxStalenessPrefix\": 100\r\n    },\r\n    \"configurationOverrides\": {},\r\n    \"writeLocations\": [\r\n      {\r\n        \"id\": \"gremlin-db1050-eastus\",\r\n        \"locationName\": \"East US\",\r\n        \"documentEndpoint\": \"https://gremlin-db1050-eastus.documents.azure.com:443/\",\r\n        \"provisioningState\": \"Succeeded\",\r\n        \"failoverPriority\": 0,\r\n        \"isZoneRedundant\": false\r\n      }\r\n    ],\r\n    \"readLocations\": [\r\n      {\r\n        \"id\": \"gremlin-db1050-eastus\",\r\n        \"locationName\": \"East US\",\r\n        \"documentEndpoint\": \"https://gremlin-db1050-eastus.documents.azure.com:443/\",\r\n        \"provisioningState\": \"Succeeded\",\r\n        \"failoverPriority\": 0,\r\n        \"isZoneRedundant\": false\r\n      }\r\n    ],\r\n    \"locations\": [\r\n      {\r\n        \"id\": \"gremlin-db1050-eastus\",\r\n        \"locationName\": \"East US\",\r\n        \"documentEndpoint\": \"https://gremlin-db1050-eastus.documents.azure.com:443/\",\r\n        \"provisioningState\": \"Succeeded\",\r\n        \"failoverPriority\": 0,\r\n        \"isZoneRedundant\": false\r\n      }\r\n    ],\r\n    \"failoverPolicies\": [\r\n      {\r\n        \"id\": \"gremlin-db1050-eastus\",\r\n        \"locationName\": \"East US\",\r\n        \"failoverPriority\": 0\r\n      }\r\n    ],\r\n    \"cors\": [],\r\n    \"capabilities\": [\r\n      {\r\n        \"name\": \"EnableGremlin\"\r\n      }\r\n    ],\r\n    \"ipRules\": [],\r\n    \"backupPolicy\": {\r\n      \"type\": \"Periodic\",\r\n      \"periodicModeProperties\": {\r\n        \"backupIntervalInMinutes\": 240,\r\n        \"backupRetentionIntervalInHours\": 8,\r\n        \"backupStorageRedundancy\": \"Geo\"\r\n      }\r\n    },\r\n    \"networkAclBypassResourceIds\": []\r\n  },\r\n  \"identity\": {\r\n    \"type\": \"None\"\r\n  }\r\n}",
      "StatusCode": 200
    },
    {
      "RequestUri": "/subscriptions/259fbb24-9bcd-4cfc-865c-fc33b22fe38a/resourceGroups/CosmosDBResourceGroup50/providers/Microsoft.DocumentDB/databaseAccounts/gremlin-db1050?api-version=2021-10-15",
      "EncodedRequestUri": "L3N1YnNjcmlwdGlvbnMvMjU5ZmJiMjQtOWJjZC00Y2ZjLTg2NWMtZmMzM2IyMmZlMzhhL3Jlc291cmNlR3JvdXBzL0Nvc21vc0RCUmVzb3VyY2VHcm91cDUwL3Byb3ZpZGVycy9NaWNyb3NvZnQuRG9jdW1lbnREQi9kYXRhYmFzZUFjY291bnRzL2dyZW1saW4tZGIxMDUwP2FwaS12ZXJzaW9uPTIwMjEtMTAtMTU=",
      "RequestMethod": "PUT",
      "RequestBody": "{\r\n  \"properties\": {\r\n    \"consistencyPolicy\": {\r\n      \"defaultConsistencyLevel\": \"Session\"\r\n    },\r\n    \"locations\": [\r\n      {\r\n        \"locationName\": \"East Us\",\r\n        \"failoverPriority\": 0,\r\n        \"isZoneRedundant\": false\r\n      }\r\n    ],\r\n    \"isVirtualNetworkFilterEnabled\": false,\r\n    \"enableAutomaticFailover\": false,\r\n    \"capabilities\": [\r\n      {\r\n        \"name\": \"EnableGremlin\"\r\n      }\r\n    ],\r\n    \"virtualNetworkRules\": [],\r\n    \"enableMultipleWriteLocations\": false,\r\n    \"disableKeyBasedMetadataWriteAccess\": false,\r\n    \"networkAclBypassResourceIds\": [],\r\n    \"databaseAccountOfferType\": \"Standard\"\r\n  },\r\n  \"location\": \"East Us\",\r\n  \"tags\": {}\r\n}",
      "RequestHeaders": {
        "x-ms-client-request-id": [
          "06ac1eb1-84fd-4f62-b7a8-80e415093eaa"
        ],
        "Accept-Language": [
          "en-US"
        ],
        "User-Agent": [
          "FxVersion/4.6.28207.03",
          "OSName/Windows",
          "OSVersion/Microsoft.Windows.10.0.19043.",
          "Microsoft.Azure.Management.CosmosDB.CosmosDBManagementClient/3.2.0.0"
        ],
        "Content-Type": [
          "application/json; charset=utf-8"
        ],
        "Content-Length": [
          "673"
        ]
      },
      "ResponseHeaders": {
        "Cache-Control": [
          "no-store, no-cache"
        ],
        "Pragma": [
          "no-cache"
        ],
        "Location": [
          "https://management.azure.com/subscriptions/259fbb24-9bcd-4cfc-865c-fc33b22fe38a/resourceGroups/CosmosDBResourceGroup50/providers/Microsoft.DocumentDB/databaseAccounts/gremlin-db1050/operationResults/228a7aa3-16ea-4087-a177-d36f70f8f98d?api-version=2021-10-15"
        ],
        "x-ms-request-id": [
          "228a7aa3-16ea-4087-a177-d36f70f8f98d"
        ],
        "Azure-AsyncOperation": [
          "https://management.azure.com/subscriptions/259fbb24-9bcd-4cfc-865c-fc33b22fe38a/providers/Microsoft.DocumentDB/locations/eastus/operationsStatus/228a7aa3-16ea-4087-a177-d36f70f8f98d?api-version=2021-10-15"
        ],
        "Strict-Transport-Security": [
          "max-age=31536000; includeSubDomains"
        ],
        "x-ms-gatewayversion": [
          "version=2.14.0"
        ],
        "Server": [
          "Microsoft-HTTPAPI/2.0"
        ],
        "x-ms-ratelimit-remaining-subscription-writes": [
          "1199"
        ],
        "x-ms-correlation-request-id": [
          "47353739-2bc1-4ee0-9f63-a1a411df5e89"
        ],
        "x-ms-routing-request-id": [
          "WESTUS2:20211027T022905Z:47353739-2bc1-4ee0-9f63-a1a411df5e89"
        ],
        "X-Content-Type-Options": [
          "nosniff"
        ],
        "Date": [
          "Wed, 27 Oct 2021 02:29:05 GMT"
        ],
        "Content-Length": [
          "1915"
        ],
        "Content-Type": [
          "application/json"
        ]
      },
      "ResponseBody": "{\r\n  \"id\": \"/subscriptions/259fbb24-9bcd-4cfc-865c-fc33b22fe38a/resourceGroups/CosmosDBResourceGroup50/providers/Microsoft.DocumentDB/databaseAccounts/gremlin-db1050\",\r\n  \"name\": \"gremlin-db1050\",\r\n  \"location\": \"East US\",\r\n  \"type\": \"Microsoft.DocumentDB/databaseAccounts\",\r\n  \"kind\": \"GlobalDocumentDB\",\r\n  \"tags\": {},\r\n  \"systemData\": {\r\n    \"createdAt\": \"2021-10-27T02:29:03.662804Z\"\r\n  },\r\n  \"properties\": {\r\n    \"provisioningState\": \"Creating\",\r\n    \"publicNetworkAccess\": \"Enabled\",\r\n    \"enableAutomaticFailover\": false,\r\n    \"enableMultipleWriteLocations\": false,\r\n    \"enablePartitionKeyMonitor\": false,\r\n    \"isVirtualNetworkFilterEnabled\": false,\r\n    \"virtualNetworkRules\": [],\r\n    \"EnabledApiTypes\": \"Gremlin, Sql\",\r\n    \"disableKeyBasedMetadataWriteAccess\": false,\r\n    \"enableFreeTier\": false,\r\n    \"enableAnalyticalStorage\": false,\r\n    \"analyticalStorageConfiguration\": {\r\n      \"schemaType\": \"WellDefined\"\r\n    },\r\n    \"instanceId\": \"462aef4e-627b-402e-8b1c-427d7d386407\",\r\n    \"databaseAccountOfferType\": \"Standard\",\r\n    \"defaultIdentity\": \"\",\r\n    \"networkAclBypass\": \"None\",\r\n    \"disableLocalAuth\": false,\r\n    \"consistencyPolicy\": {\r\n      \"defaultConsistencyLevel\": \"Session\",\r\n      \"maxIntervalInSeconds\": 5,\r\n      \"maxStalenessPrefix\": 100\r\n    },\r\n    \"configurationOverrides\": {},\r\n    \"writeLocations\": [\r\n      {\r\n        \"id\": \"gremlin-db1050-eastus\",\r\n        \"locationName\": \"East US\",\r\n        \"provisioningState\": \"Creating\",\r\n        \"failoverPriority\": 0,\r\n        \"isZoneRedundant\": false\r\n      }\r\n    ],\r\n    \"readLocations\": [\r\n      {\r\n        \"id\": \"gremlin-db1050-eastus\",\r\n        \"locationName\": \"East US\",\r\n        \"provisioningState\": \"Creating\",\r\n        \"failoverPriority\": 0,\r\n        \"isZoneRedundant\": false\r\n      }\r\n    ],\r\n    \"locations\": [\r\n      {\r\n        \"id\": \"gremlin-db1050-eastus\",\r\n        \"locationName\": \"East US\",\r\n        \"provisioningState\": \"Creating\",\r\n        \"failoverPriority\": 0,\r\n        \"isZoneRedundant\": false\r\n      }\r\n    ],\r\n    \"failoverPolicies\": [\r\n      {\r\n        \"id\": \"gremlin-db1050-eastus\",\r\n        \"locationName\": \"East US\",\r\n        \"failoverPriority\": 0\r\n      }\r\n    ],\r\n    \"cors\": [],\r\n    \"capabilities\": [\r\n      {\r\n        \"name\": \"EnableGremlin\"\r\n      }\r\n    ],\r\n    \"ipRules\": [],\r\n    \"backupPolicy\": {\r\n      \"type\": \"Periodic\",\r\n      \"periodicModeProperties\": {\r\n        \"backupIntervalInMinutes\": 240,\r\n        \"backupRetentionIntervalInHours\": 8,\r\n        \"backupStorageRedundancy\": \"Invalid\"\r\n      }\r\n    },\r\n    \"networkAclBypassResourceIds\": []\r\n  },\r\n  \"identity\": {\r\n    \"type\": \"None\"\r\n  }\r\n}",
      "StatusCode": 200
    },
    {
      "RequestUri": "/subscriptions/259fbb24-9bcd-4cfc-865c-fc33b22fe38a/providers/Microsoft.DocumentDB/locations/eastus/operationsStatus/228a7aa3-16ea-4087-a177-d36f70f8f98d?api-version=2021-10-15",
      "EncodedRequestUri": "L3N1YnNjcmlwdGlvbnMvMjU5ZmJiMjQtOWJjZC00Y2ZjLTg2NWMtZmMzM2IyMmZlMzhhL3Byb3ZpZGVycy9NaWNyb3NvZnQuRG9jdW1lbnREQi9sb2NhdGlvbnMvZWFzdHVzL29wZXJhdGlvbnNTdGF0dXMvMjI4YTdhYTMtMTZlYS00MDg3LWExNzctZDM2ZjcwZjhmOThkP2FwaS12ZXJzaW9uPTIwMjEtMTAtMTU=",
      "RequestMethod": "GET",
      "RequestBody": "",
      "RequestHeaders": {
        "x-ms-client-request-id": [
          "06ac1eb1-84fd-4f62-b7a8-80e415093eaa"
        ],
        "User-Agent": [
          "FxVersion/4.6.28207.03",
          "OSName/Windows",
          "OSVersion/Microsoft.Windows.10.0.19043.",
          "Microsoft.Azure.Management.CosmosDB.CosmosDBManagementClient/3.2.0.0"
        ]
      },
      "ResponseHeaders": {
        "Cache-Control": [
          "no-store, no-cache"
        ],
        "Pragma": [
          "no-cache"
        ],
        "Strict-Transport-Security": [
          "max-age=31536000; includeSubDomains"
        ],
        "x-ms-gatewayversion": [
          "version=2.14.0"
        ],
        "Server": [
          "Microsoft-HTTPAPI/2.0"
        ],
        "x-ms-ratelimit-remaining-subscription-reads": [
          "11997"
        ],
        "x-ms-request-id": [
          "bca87aa4-4942-438c-bec1-303d3d9731f8"
        ],
        "x-ms-correlation-request-id": [
          "bca87aa4-4942-438c-bec1-303d3d9731f8"
        ],
        "x-ms-routing-request-id": [
          "WESTUS2:20211027T022935Z:bca87aa4-4942-438c-bec1-303d3d9731f8"
        ],
        "X-Content-Type-Options": [
          "nosniff"
        ],
        "Date": [
          "Wed, 27 Oct 2021 02:29:35 GMT"
        ],
        "Content-Length": [
          "21"
        ],
        "Content-Type": [
          "application/json"
        ]
      },
      "ResponseBody": "{\r\n  \"status\": \"Dequeued\"\r\n}",
      "StatusCode": 200
    },
    {
      "RequestUri": "/subscriptions/259fbb24-9bcd-4cfc-865c-fc33b22fe38a/providers/Microsoft.DocumentDB/locations/eastus/operationsStatus/228a7aa3-16ea-4087-a177-d36f70f8f98d?api-version=2021-10-15",
      "EncodedRequestUri": "L3N1YnNjcmlwdGlvbnMvMjU5ZmJiMjQtOWJjZC00Y2ZjLTg2NWMtZmMzM2IyMmZlMzhhL3Byb3ZpZGVycy9NaWNyb3NvZnQuRG9jdW1lbnREQi9sb2NhdGlvbnMvZWFzdHVzL29wZXJhdGlvbnNTdGF0dXMvMjI4YTdhYTMtMTZlYS00MDg3LWExNzctZDM2ZjcwZjhmOThkP2FwaS12ZXJzaW9uPTIwMjEtMTAtMTU=",
      "RequestMethod": "GET",
      "RequestBody": "",
      "RequestHeaders": {
        "x-ms-client-request-id": [
          "06ac1eb1-84fd-4f62-b7a8-80e415093eaa"
        ],
        "User-Agent": [
          "FxVersion/4.6.28207.03",
          "OSName/Windows",
          "OSVersion/Microsoft.Windows.10.0.19043.",
          "Microsoft.Azure.Management.CosmosDB.CosmosDBManagementClient/3.2.0.0"
        ]
      },
      "ResponseHeaders": {
        "Cache-Control": [
          "no-store, no-cache"
        ],
        "Pragma": [
          "no-cache"
        ],
        "Strict-Transport-Security": [
          "max-age=31536000; includeSubDomains"
        ],
        "x-ms-gatewayversion": [
          "version=2.14.0"
        ],
        "Server": [
          "Microsoft-HTTPAPI/2.0"
        ],
        "x-ms-ratelimit-remaining-subscription-reads": [
          "11996"
        ],
        "x-ms-request-id": [
          "8d1b973c-c50f-4c20-a1b4-149b93ebd764"
        ],
        "x-ms-correlation-request-id": [
          "8d1b973c-c50f-4c20-a1b4-149b93ebd764"
        ],
        "x-ms-routing-request-id": [
          "WESTUS2:20211027T023006Z:8d1b973c-c50f-4c20-a1b4-149b93ebd764"
        ],
        "X-Content-Type-Options": [
          "nosniff"
        ],
        "Date": [
          "Wed, 27 Oct 2021 02:30:05 GMT"
        ],
        "Content-Length": [
          "21"
        ],
        "Content-Type": [
          "application/json"
        ]
      },
      "ResponseBody": "{\r\n  \"status\": \"Dequeued\"\r\n}",
      "StatusCode": 200
    },
    {
      "RequestUri": "/subscriptions/259fbb24-9bcd-4cfc-865c-fc33b22fe38a/providers/Microsoft.DocumentDB/locations/eastus/operationsStatus/228a7aa3-16ea-4087-a177-d36f70f8f98d?api-version=2021-10-15",
      "EncodedRequestUri": "L3N1YnNjcmlwdGlvbnMvMjU5ZmJiMjQtOWJjZC00Y2ZjLTg2NWMtZmMzM2IyMmZlMzhhL3Byb3ZpZGVycy9NaWNyb3NvZnQuRG9jdW1lbnREQi9sb2NhdGlvbnMvZWFzdHVzL29wZXJhdGlvbnNTdGF0dXMvMjI4YTdhYTMtMTZlYS00MDg3LWExNzctZDM2ZjcwZjhmOThkP2FwaS12ZXJzaW9uPTIwMjEtMTAtMTU=",
      "RequestMethod": "GET",
      "RequestBody": "",
      "RequestHeaders": {
        "x-ms-client-request-id": [
          "06ac1eb1-84fd-4f62-b7a8-80e415093eaa"
        ],
        "User-Agent": [
          "FxVersion/4.6.28207.03",
          "OSName/Windows",
          "OSVersion/Microsoft.Windows.10.0.19043.",
          "Microsoft.Azure.Management.CosmosDB.CosmosDBManagementClient/3.2.0.0"
        ]
      },
      "ResponseHeaders": {
        "Cache-Control": [
          "no-store, no-cache"
        ],
        "Pragma": [
          "no-cache"
        ],
        "Strict-Transport-Security": [
          "max-age=31536000; includeSubDomains"
        ],
        "x-ms-gatewayversion": [
          "version=2.14.0"
        ],
        "Server": [
          "Microsoft-HTTPAPI/2.0"
        ],
        "x-ms-ratelimit-remaining-subscription-reads": [
          "11995"
        ],
        "x-ms-request-id": [
          "639367b5-8795-4ae7-a74d-a92ed6c5bfe2"
        ],
        "x-ms-correlation-request-id": [
          "639367b5-8795-4ae7-a74d-a92ed6c5bfe2"
        ],
        "x-ms-routing-request-id": [
          "WESTUS2:20211027T023036Z:639367b5-8795-4ae7-a74d-a92ed6c5bfe2"
        ],
        "X-Content-Type-Options": [
          "nosniff"
        ],
        "Date": [
          "Wed, 27 Oct 2021 02:30:35 GMT"
        ],
        "Content-Length": [
          "21"
        ],
        "Content-Type": [
          "application/json"
        ]
      },
      "ResponseBody": "{\r\n  \"status\": \"Dequeued\"\r\n}",
      "StatusCode": 200
    },
    {
      "RequestUri": "/subscriptions/259fbb24-9bcd-4cfc-865c-fc33b22fe38a/providers/Microsoft.DocumentDB/locations/eastus/operationsStatus/228a7aa3-16ea-4087-a177-d36f70f8f98d?api-version=2021-10-15",
      "EncodedRequestUri": "L3N1YnNjcmlwdGlvbnMvMjU5ZmJiMjQtOWJjZC00Y2ZjLTg2NWMtZmMzM2IyMmZlMzhhL3Byb3ZpZGVycy9NaWNyb3NvZnQuRG9jdW1lbnREQi9sb2NhdGlvbnMvZWFzdHVzL29wZXJhdGlvbnNTdGF0dXMvMjI4YTdhYTMtMTZlYS00MDg3LWExNzctZDM2ZjcwZjhmOThkP2FwaS12ZXJzaW9uPTIwMjEtMTAtMTU=",
      "RequestMethod": "GET",
      "RequestBody": "",
      "RequestHeaders": {
        "x-ms-client-request-id": [
          "06ac1eb1-84fd-4f62-b7a8-80e415093eaa"
        ],
        "User-Agent": [
          "FxVersion/4.6.28207.03",
          "OSName/Windows",
          "OSVersion/Microsoft.Windows.10.0.19043.",
          "Microsoft.Azure.Management.CosmosDB.CosmosDBManagementClient/3.2.0.0"
        ]
      },
      "ResponseHeaders": {
        "Cache-Control": [
          "no-store, no-cache"
        ],
        "Pragma": [
          "no-cache"
        ],
        "Strict-Transport-Security": [
          "max-age=31536000; includeSubDomains"
        ],
        "x-ms-gatewayversion": [
          "version=2.14.0"
        ],
        "Server": [
          "Microsoft-HTTPAPI/2.0"
        ],
        "x-ms-ratelimit-remaining-subscription-reads": [
          "11994"
        ],
        "x-ms-request-id": [
          "14fb3b2b-5550-43ee-b7ec-e7c3c51e1502"
        ],
        "x-ms-correlation-request-id": [
          "14fb3b2b-5550-43ee-b7ec-e7c3c51e1502"
        ],
        "x-ms-routing-request-id": [
          "WESTUS2:20211027T023106Z:14fb3b2b-5550-43ee-b7ec-e7c3c51e1502"
        ],
        "X-Content-Type-Options": [
          "nosniff"
        ],
        "Date": [
          "Wed, 27 Oct 2021 02:31:05 GMT"
        ],
        "Content-Length": [
          "21"
        ],
        "Content-Type": [
          "application/json"
        ]
      },
      "ResponseBody": "{\r\n  \"status\": \"Dequeued\"\r\n}",
      "StatusCode": 200
    },
    {
      "RequestUri": "/subscriptions/259fbb24-9bcd-4cfc-865c-fc33b22fe38a/providers/Microsoft.DocumentDB/locations/eastus/operationsStatus/228a7aa3-16ea-4087-a177-d36f70f8f98d?api-version=2021-10-15",
      "EncodedRequestUri": "L3N1YnNjcmlwdGlvbnMvMjU5ZmJiMjQtOWJjZC00Y2ZjLTg2NWMtZmMzM2IyMmZlMzhhL3Byb3ZpZGVycy9NaWNyb3NvZnQuRG9jdW1lbnREQi9sb2NhdGlvbnMvZWFzdHVzL29wZXJhdGlvbnNTdGF0dXMvMjI4YTdhYTMtMTZlYS00MDg3LWExNzctZDM2ZjcwZjhmOThkP2FwaS12ZXJzaW9uPTIwMjEtMTAtMTU=",
      "RequestMethod": "GET",
      "RequestBody": "",
      "RequestHeaders": {
        "x-ms-client-request-id": [
          "06ac1eb1-84fd-4f62-b7a8-80e415093eaa"
        ],
        "User-Agent": [
          "FxVersion/4.6.28207.03",
          "OSName/Windows",
          "OSVersion/Microsoft.Windows.10.0.19043.",
          "Microsoft.Azure.Management.CosmosDB.CosmosDBManagementClient/3.2.0.0"
        ]
      },
      "ResponseHeaders": {
        "Cache-Control": [
          "no-store, no-cache"
        ],
        "Pragma": [
          "no-cache"
        ],
        "Strict-Transport-Security": [
          "max-age=31536000; includeSubDomains"
        ],
        "x-ms-gatewayversion": [
          "version=2.14.0"
        ],
        "Server": [
          "Microsoft-HTTPAPI/2.0"
        ],
        "x-ms-ratelimit-remaining-subscription-reads": [
          "11993"
        ],
        "x-ms-request-id": [
          "34071df2-a19e-4f7d-9500-b2e5d5882250"
        ],
        "x-ms-correlation-request-id": [
          "34071df2-a19e-4f7d-9500-b2e5d5882250"
        ],
        "x-ms-routing-request-id": [
          "WESTUS2:20211027T023136Z:34071df2-a19e-4f7d-9500-b2e5d5882250"
        ],
        "X-Content-Type-Options": [
          "nosniff"
        ],
        "Date": [
          "Wed, 27 Oct 2021 02:31:36 GMT"
        ],
        "Content-Length": [
          "21"
        ],
        "Content-Type": [
          "application/json"
        ]
      },
      "ResponseBody": "{\r\n  \"status\": \"Dequeued\"\r\n}",
      "StatusCode": 200
    },
    {
      "RequestUri": "/subscriptions/259fbb24-9bcd-4cfc-865c-fc33b22fe38a/providers/Microsoft.DocumentDB/locations/eastus/operationsStatus/228a7aa3-16ea-4087-a177-d36f70f8f98d?api-version=2021-10-15",
      "EncodedRequestUri": "L3N1YnNjcmlwdGlvbnMvMjU5ZmJiMjQtOWJjZC00Y2ZjLTg2NWMtZmMzM2IyMmZlMzhhL3Byb3ZpZGVycy9NaWNyb3NvZnQuRG9jdW1lbnREQi9sb2NhdGlvbnMvZWFzdHVzL29wZXJhdGlvbnNTdGF0dXMvMjI4YTdhYTMtMTZlYS00MDg3LWExNzctZDM2ZjcwZjhmOThkP2FwaS12ZXJzaW9uPTIwMjEtMTAtMTU=",
      "RequestMethod": "GET",
      "RequestBody": "",
      "RequestHeaders": {
        "x-ms-client-request-id": [
          "06ac1eb1-84fd-4f62-b7a8-80e415093eaa"
        ],
        "User-Agent": [
          "FxVersion/4.6.28207.03",
          "OSName/Windows",
          "OSVersion/Microsoft.Windows.10.0.19043.",
          "Microsoft.Azure.Management.CosmosDB.CosmosDBManagementClient/3.2.0.0"
        ]
      },
      "ResponseHeaders": {
        "Cache-Control": [
          "no-store, no-cache"
        ],
        "Pragma": [
          "no-cache"
        ],
        "Strict-Transport-Security": [
          "max-age=31536000; includeSubDomains"
        ],
        "x-ms-gatewayversion": [
          "version=2.14.0"
        ],
        "Server": [
          "Microsoft-HTTPAPI/2.0"
        ],
        "x-ms-ratelimit-remaining-subscription-reads": [
          "11992"
        ],
        "x-ms-request-id": [
          "d74b448c-d38f-4d2f-9462-5bb7ffc6646f"
        ],
        "x-ms-correlation-request-id": [
          "d74b448c-d38f-4d2f-9462-5bb7ffc6646f"
        ],
        "x-ms-routing-request-id": [
          "WESTUS2:20211027T023206Z:d74b448c-d38f-4d2f-9462-5bb7ffc6646f"
        ],
        "X-Content-Type-Options": [
          "nosniff"
        ],
        "Date": [
          "Wed, 27 Oct 2021 02:32:06 GMT"
        ],
        "Content-Length": [
          "22"
        ],
        "Content-Type": [
          "application/json"
        ]
      },
      "ResponseBody": "{\r\n  \"status\": \"Succeeded\"\r\n}",
      "StatusCode": 200
    },
    {
      "RequestUri": "/subscriptions/259fbb24-9bcd-4cfc-865c-fc33b22fe38a/resourceGroups/CosmosDBResourceGroup50/providers/Microsoft.DocumentDB/databaseAccounts/gremlin-db1050/gremlinDatabases/dbName?api-version=2021-10-15",
      "EncodedRequestUri": "L3N1YnNjcmlwdGlvbnMvMjU5ZmJiMjQtOWJjZC00Y2ZjLTg2NWMtZmMzM2IyMmZlMzhhL3Jlc291cmNlR3JvdXBzL0Nvc21vc0RCUmVzb3VyY2VHcm91cDUwL3Byb3ZpZGVycy9NaWNyb3NvZnQuRG9jdW1lbnREQi9kYXRhYmFzZUFjY291bnRzL2dyZW1saW4tZGIxMDUwL2dyZW1saW5EYXRhYmFzZXMvZGJOYW1lP2FwaS12ZXJzaW9uPTIwMjEtMTAtMTU=",
      "RequestMethod": "GET",
      "RequestBody": "",
      "RequestHeaders": {
        "x-ms-client-request-id": [
          "0071b709-7861-4702-8e3a-74449d5fe6da"
        ],
        "Accept-Language": [
          "en-US"
        ],
        "User-Agent": [
          "FxVersion/4.6.28207.03",
          "OSName/Windows",
          "OSVersion/Microsoft.Windows.10.0.19043.",
          "Microsoft.Azure.Management.CosmosDB.CosmosDBManagementClient/3.2.0.0"
        ]
      },
      "ResponseHeaders": {
        "Cache-Control": [
          "no-store, no-cache"
        ],
        "Pragma": [
          "no-cache"
        ],
        "Strict-Transport-Security": [
          "max-age=31536000; includeSubDomains"
        ],
        "x-ms-gatewayversion": [
          "version=2.14.0"
        ],
        "Server": [
          "Microsoft-HTTPAPI/2.0"
        ],
        "x-ms-ratelimit-remaining-subscription-reads": [
          "11990"
        ],
        "x-ms-request-id": [
          "8cd58285-189a-42b4-8425-5f3430a30520"
        ],
        "x-ms-correlation-request-id": [
          "8cd58285-189a-42b4-8425-5f3430a30520"
        ],
        "x-ms-routing-request-id": [
          "WESTUS2:20211027T023206Z:8cd58285-189a-42b4-8425-5f3430a30520"
        ],
        "X-Content-Type-Options": [
          "nosniff"
        ],
        "Date": [
          "Wed, 27 Oct 2021 02:32:06 GMT"
        ],
        "Content-Length": [
          "5561"
        ],
        "Content-Type": [
          "application/json"
        ]
      },
      "ResponseBody": "{\r\n  \"code\": \"NotFound\",\r\n  \"message\": \"Message: {\\\"code\\\":\\\"NotFound\\\",\\\"message\\\":\\\"Message: {\\\\\\\"Errors\\\\\\\":[\\\\\\\"Resource Not Found. Learn more: https:\\\\\\\\/\\\\\\\\/aka.ms\\\\\\\\/cosmosdb-tsg-not-found\\\\\\\"]}\\\\r\\\\nActivityId: 0071b709-7861-4702-8e3a-74449d5fe6da, Request URI: /apps/f8df5f5e-1390-436b-93aa-40cf51489daa/services/494deaeb-8a78-4591-adb1-029bd26ed7eb/partitions/a6af21ac-5ecd-42c8-b488-4301ff48eaf7/replicas/132791511088368308s, RequestStats: \\\\r\\\\nRequestStartTime: 2021-10-27T02:32:06.8837167Z, RequestEndTime: 2021-10-27T02:32:06.8837167Z,  Number of regions attempted:1\\\\r\\\\n{\\\\\\\"systemHistory\\\\\\\":[{\\\\\\\"dateUtc\\\\\\\":\\\\\\\"2021-10-27T02:31:11.6624817Z\\\\\\\",\\\\\\\"cpu\\\\\\\":13.667,\\\\\\\"memory\\\\\\\":44860321792.000,\\\\\\\"threadInfo\\\\\\\":{\\\\\\\"isThreadStarving\\\\\\\":\\\\\\\"False\\\\\\\",\\\\\\\"threadWaitIntervalInMs\\\\\\\":0.0118,\\\\\\\"availableThreads\\\\\\\":32763,\\\\\\\"minThreads\\\\\\\":52,\\\\\\\"maxThreads\\\\\\\":32767}},{\\\\\\\"dateUtc\\\\\\\":\\\\\\\"2021-10-27T02:31:21.6726804Z\\\\\\\",\\\\\\\"cpu\\\\\\\":14.340,\\\\\\\"memory\\\\\\\":47635550208.000,\\\\\\\"threadInfo\\\\\\\":{\\\\\\\"isThreadStarving\\\\\\\":\\\\\\\"False\\\\\\\",\\\\\\\"threadWaitIntervalInMs\\\\\\\":0.0135,\\\\\\\"availableThreads\\\\\\\":32765,\\\\\\\"minThreads\\\\\\\":52,\\\\\\\"maxThreads\\\\\\\":32767}},{\\\\\\\"dateUtc\\\\\\\":\\\\\\\"2021-10-27T02:31:31.6929202Z\\\\\\\",\\\\\\\"cpu\\\\\\\":16.274,\\\\\\\"memory\\\\\\\":46649270272.000,\\\\\\\"threadInfo\\\\\\\":{\\\\\\\"isThreadStarving\\\\\\\":\\\\\\\"False\\\\\\\",\\\\\\\"threadWaitIntervalInMs\\\\\\\":0.0136,\\\\\\\"availableThreads\\\\\\\":32762,\\\\\\\"minThreads\\\\\\\":52,\\\\\\\"maxThreads\\\\\\\":32767}},{\\\\\\\"dateUtc\\\\\\\":\\\\\\\"2021-10-27T02:31:41.7030667Z\\\\\\\",\\\\\\\"cpu\\\\\\\":13.615,\\\\\\\"memory\\\\\\\":44347772928.000,\\\\\\\"threadInfo\\\\\\\":{\\\\\\\"isThreadStarving\\\\\\\":\\\\\\\"False\\\\\\\",\\\\\\\"threadWaitIntervalInMs\\\\\\\":0.0147,\\\\\\\"availableThreads\\\\\\\":32764,\\\\\\\"minThreads\\\\\\\":52,\\\\\\\"maxThreads\\\\\\\":32767}},{\\\\\\\"dateUtc\\\\\\\":\\\\\\\"2021-10-27T02:31:51.7232811Z\\\\\\\",\\\\\\\"cpu\\\\\\\":11.213,\\\\\\\"memory\\\\\\\":44671098880.000,\\\\\\\"threadInfo\\\\\\\":{\\\\\\\"isThreadStarving\\\\\\\":\\\\\\\"False\\\\\\\",\\\\\\\"threadWaitIntervalInMs\\\\\\\":0.0155,\\\\\\\"availableThreads\\\\\\\":32764,\\\\\\\"minThreads\\\\\\\":52,\\\\\\\"maxThreads\\\\\\\":32767}},{\\\\\\\"dateUtc\\\\\\\":\\\\\\\"2021-10-27T02:32:01.7335364Z\\\\\\\",\\\\\\\"cpu\\\\\\\":11.084,\\\\\\\"memory\\\\\\\":45219631104.000,\\\\\\\"threadInfo\\\\\\\":{\\\\\\\"isThreadStarving\\\\\\\":\\\\\\\"False\\\\\\\",\\\\\\\"threadWaitIntervalInMs\\\\\\\":0.0156,\\\\\\\"availableThreads\\\\\\\":32764,\\\\\\\"minThreads\\\\\\\":52,\\\\\\\"maxThreads\\\\\\\":32767}}]}\\\\r\\\\nRequestStart: 2021-10-27T02:32:06.8837167Z; ResponseTime: 2021-10-27T02:32:06.8837167Z; StoreResult: StorePhysicalAddress: rntbd://10.0.0.23:11000/apps/f8df5f5e-1390-436b-93aa-40cf51489daa/services/494deaeb-8a78-4591-adb1-029bd26ed7eb/partitions/a6af21ac-5ecd-42c8-b488-4301ff48eaf7/replicas/132791511088368308s, LSN: 7, GlobalCommittedLsn: 7, PartitionKeyRangeId: , IsValid: True, StatusCode: 404, SubStatusCode: 0, RequestCharge: 1, ItemLSN: -1, SessionToken: -1#7, UsingLocalLSN: False, TransportException: null, BELatencyMs: 1.033, ActivityId: 0071b709-7861-4702-8e3a-74449d5fe6da, TransportRequestTimeline: {\\\\\\\"requestTimeline\\\\\\\":[{\\\\\\\"event\\\\\\\": \\\\\\\"Created\\\\\\\", \\\\\\\"startTimeUtc\\\\\\\": \\\\\\\"2021-10-27T02:32:06.8837167Z\\\\\\\", \\\\\\\"durationInMs\\\\\\\": 0.0261},{\\\\\\\"event\\\\\\\": \\\\\\\"ChannelAcquisitionStarted\\\\\\\", \\\\\\\"startTimeUtc\\\\\\\": \\\\\\\"2021-10-27T02:32:06.8837428Z\\\\\\\", \\\\\\\"durationInMs\\\\\\\": 0.0107},{\\\\\\\"event\\\\\\\": \\\\\\\"Pipelined\\\\\\\", \\\\\\\"startTimeUtc\\\\\\\": \\\\\\\"2021-10-27T02:32:06.8837535Z\\\\\\\", \\\\\\\"durationInMs\\\\\\\": 0.0871},{\\\\\\\"event\\\\\\\": \\\\\\\"Transit Time\\\\\\\", \\\\\\\"startTimeUtc\\\\\\\": \\\\\\\"2021-10-27T02:32:06.8838406Z\\\\\\\", \\\\\\\"durationInMs\\\\\\\": 1.4171},{\\\\\\\"event\\\\\\\": \\\\\\\"Received\\\\\\\", \\\\\\\"startTimeUtc\\\\\\\": \\\\\\\"2021-10-27T02:32:06.8852577Z\\\\\\\", \\\\\\\"durationInMs\\\\\\\": 0.0604},{\\\\\\\"event\\\\\\\": \\\\\\\"Completed\\\\\\\", \\\\\\\"startTimeUtc\\\\\\\": \\\\\\\"2021-10-27T02:32:06.8853181Z\\\\\\\", \\\\\\\"durationInMs\\\\\\\": 0}],\\\\\\\"requestSizeInBytes\\\\\\\":461,\\\\\\\"responseMetadataSizeInBytes\\\\\\\":134,\\\\\\\"responseBodySizeInBytes\\\\\\\":87};\\\\r\\\\n ResourceType: Database, OperationType: Read\\\\r\\\\nRequestStart: 2021-10-27T02:32:06.8837167Z; ResponseTime: 2021-10-27T02:32:06.8837167Z; StoreResult: StorePhysicalAddress: rntbd://10.0.0.28:11000/apps/f8df5f5e-1390-436b-93aa-40cf51489daa/services/494deaeb-8a78-4591-adb1-029bd26ed7eb/partitions/a6af21ac-5ecd-42c8-b488-4301ff48eaf7/replicas/132791511014773131s, LSN: 7, GlobalCommittedLsn: 7, PartitionKeyRangeId: , IsValid: True, StatusCode: 404, SubStatusCode: 0, RequestCharge: 1, ItemLSN: -1, SessionToken: -1#7, UsingLocalLSN: False, TransportException: null, BELatencyMs: 0.806, ActivityId: 0071b709-7861-4702-8e3a-74449d5fe6da, TransportRequestTimeline: {\\\\\\\"requestTimeline\\\\\\\":[{\\\\\\\"event\\\\\\\": \\\\\\\"Created\\\\\\\", \\\\\\\"startTimeUtc\\\\\\\": \\\\\\\"2021-10-27T02:32:06.8837167Z\\\\\\\", \\\\\\\"durationInMs\\\\\\\": 0.0051},{\\\\\\\"event\\\\\\\": \\\\\\\"ChannelAcquisitionStarted\\\\\\\", \\\\\\\"startTimeUtc\\\\\\\": \\\\\\\"2021-10-27T02:32:06.8837218Z\\\\\\\", \\\\\\\"durationInMs\\\\\\\": 0.0012},{\\\\\\\"event\\\\\\\": \\\\\\\"Pipelined\\\\\\\", \\\\\\\"startTimeUtc\\\\\\\": \\\\\\\"2021-10-27T02:32:06.8837230Z\\\\\\\", \\\\\\\"durationInMs\\\\\\\": 0.0648},{\\\\\\\"event\\\\\\\": \\\\\\\"Transit Time\\\\\\\", \\\\\\\"startTimeUtc\\\\\\\": \\\\\\\"2021-10-27T02:32:06.8837878Z\\\\\\\", \\\\\\\"durationInMs\\\\\\\": 1.1662},{\\\\\\\"event\\\\\\\": \\\\\\\"Received\\\\\\\", \\\\\\\"startTimeUtc\\\\\\\": \\\\\\\"2021-10-27T02:32:06.8849540Z\\\\\\\", \\\\\\\"durationInMs\\\\\\\": 0.0559},{\\\\\\\"event\\\\\\\": \\\\\\\"Completed\\\\\\\", \\\\\\\"startTimeUtc\\\\\\\": \\\\\\\"2021-10-27T02:32:06.8850099Z\\\\\\\", \\\\\\\"durationInMs\\\\\\\": 0}],\\\\\\\"requestSizeInBytes\\\\\\\":461,\\\\\\\"responseMetadataSizeInBytes\\\\\\\":134,\\\\\\\"responseBodySizeInBytes\\\\\\\":87};\\\\r\\\\n ResourceType: Database, OperationType: Read\\\\r\\\\n, SDK: Microsoft.Azure.Documents.Common/2.14.0\\\"}, Request URI: /dbs/dbName, RequestStats: , SDK: Microsoft.Azure.Documents.Common/2.14.0\"\r\n}",
      "StatusCode": 404
    },
    {
      "RequestUri": "/subscriptions/259fbb24-9bcd-4cfc-865c-fc33b22fe38a/resourceGroups/CosmosDBResourceGroup50/providers/Microsoft.DocumentDB/databaseAccounts/gremlin-db1050/gremlinDatabases/dbName?api-version=2021-10-15",
      "EncodedRequestUri": "L3N1YnNjcmlwdGlvbnMvMjU5ZmJiMjQtOWJjZC00Y2ZjLTg2NWMtZmMzM2IyMmZlMzhhL3Jlc291cmNlR3JvdXBzL0Nvc21vc0RCUmVzb3VyY2VHcm91cDUwL3Byb3ZpZGVycy9NaWNyb3NvZnQuRG9jdW1lbnREQi9kYXRhYmFzZUFjY291bnRzL2dyZW1saW4tZGIxMDUwL2dyZW1saW5EYXRhYmFzZXMvZGJOYW1lP2FwaS12ZXJzaW9uPTIwMjEtMTAtMTU=",
      "RequestMethod": "GET",
      "RequestBody": "",
      "RequestHeaders": {
        "x-ms-client-request-id": [
          "0071b709-7861-4702-8e3a-74449d5fe6da"
        ],
        "User-Agent": [
          "FxVersion/4.6.28207.03",
          "OSName/Windows",
          "OSVersion/Microsoft.Windows.10.0.19043.",
          "Microsoft.Azure.Management.CosmosDB.CosmosDBManagementClient/3.2.0.0"
        ]
      },
      "ResponseHeaders": {
        "Cache-Control": [
          "no-store, no-cache"
        ],
        "Pragma": [
          "no-cache"
        ],
        "Strict-Transport-Security": [
          "max-age=31536000; includeSubDomains"
        ],
        "x-ms-gatewayversion": [
          "version=2.14.0"
        ],
        "Server": [
          "Microsoft-HTTPAPI/2.0"
        ],
        "x-ms-ratelimit-remaining-subscription-reads": [
          "11988"
        ],
        "x-ms-request-id": [
          "65c20ada-35a5-41ad-a201-22dadfde1bfb"
        ],
        "x-ms-correlation-request-id": [
          "65c20ada-35a5-41ad-a201-22dadfde1bfb"
        ],
        "x-ms-routing-request-id": [
          "WESTUS2:20211027T023237Z:65c20ada-35a5-41ad-a201-22dadfde1bfb"
        ],
        "X-Content-Type-Options": [
          "nosniff"
        ],
        "Date": [
          "Wed, 27 Oct 2021 02:32:37 GMT"
        ],
        "Content-Length": [
          "454"
        ],
        "Content-Type": [
          "application/json"
        ]
      },
      "ResponseBody": "{\r\n  \"id\": \"/subscriptions/259fbb24-9bcd-4cfc-865c-fc33b22fe38a/resourceGroups/CosmosDBResourceGroup50/providers/Microsoft.DocumentDB/databaseAccounts/gremlin-db1050/gremlinDatabases/dbName\",\r\n  \"type\": \"Microsoft.DocumentDB/databaseAccounts/gremlinDatabases\",\r\n  \"name\": \"dbName\",\r\n  \"properties\": {\r\n    \"resource\": {\r\n      \"id\": \"dbName\",\r\n      \"_rid\": \"Bk0ZAA==\",\r\n      \"_self\": \"dbs/Bk0ZAA==/\",\r\n      \"_etag\": \"\\\"00002f00-0000-0100-0000-6178ba2b0000\\\"\",\r\n      \"_colls\": \"colls/\",\r\n      \"_users\": \"users/\",\r\n      \"_ts\": 1635301931\r\n    }\r\n  }\r\n}",
      "StatusCode": 200
    },
    {
      "RequestUri": "/subscriptions/259fbb24-9bcd-4cfc-865c-fc33b22fe38a/resourceGroups/CosmosDBResourceGroup50/providers/Microsoft.DocumentDB/databaseAccounts/gremlin-db1050/gremlinDatabases/dbName?api-version=2021-10-15",
      "EncodedRequestUri": "L3N1YnNjcmlwdGlvbnMvMjU5ZmJiMjQtOWJjZC00Y2ZjLTg2NWMtZmMzM2IyMmZlMzhhL3Jlc291cmNlR3JvdXBzL0Nvc21vc0RCUmVzb3VyY2VHcm91cDUwL3Byb3ZpZGVycy9NaWNyb3NvZnQuRG9jdW1lbnREQi9kYXRhYmFzZUFjY291bnRzL2dyZW1saW4tZGIxMDUwL2dyZW1saW5EYXRhYmFzZXMvZGJOYW1lP2FwaS12ZXJzaW9uPTIwMjEtMTAtMTU=",
      "RequestMethod": "GET",
      "RequestBody": "",
      "RequestHeaders": {
        "x-ms-client-request-id": [
          "86af04ed-9e80-4a5f-b685-3f2182adfcfc"
        ],
        "Accept-Language": [
          "en-US"
        ],
        "User-Agent": [
          "FxVersion/4.6.28207.03",
          "OSName/Windows",
          "OSVersion/Microsoft.Windows.10.0.19043.",
          "Microsoft.Azure.Management.CosmosDB.CosmosDBManagementClient/3.2.0.0"
        ]
      },
      "ResponseHeaders": {
        "Cache-Control": [
          "no-store, no-cache"
        ],
        "Pragma": [
          "no-cache"
        ],
        "Strict-Transport-Security": [
          "max-age=31536000; includeSubDomains"
        ],
        "x-ms-gatewayversion": [
          "version=2.14.0"
        ],
        "Server": [
          "Microsoft-HTTPAPI/2.0"
        ],
        "x-ms-ratelimit-remaining-subscription-reads": [
          "11987"
        ],
        "x-ms-request-id": [
          "220e5e79-cf8e-47a4-8589-b931bd1dd83c"
        ],
        "x-ms-correlation-request-id": [
          "220e5e79-cf8e-47a4-8589-b931bd1dd83c"
        ],
        "x-ms-routing-request-id": [
          "WESTUS2:20211027T023237Z:220e5e79-cf8e-47a4-8589-b931bd1dd83c"
        ],
        "X-Content-Type-Options": [
          "nosniff"
        ],
        "Date": [
          "Wed, 27 Oct 2021 02:32:37 GMT"
        ],
        "Content-Length": [
          "454"
        ],
        "Content-Type": [
          "application/json"
        ]
      },
      "ResponseBody": "{\r\n  \"id\": \"/subscriptions/259fbb24-9bcd-4cfc-865c-fc33b22fe38a/resourceGroups/CosmosDBResourceGroup50/providers/Microsoft.DocumentDB/databaseAccounts/gremlin-db1050/gremlinDatabases/dbName\",\r\n  \"type\": \"Microsoft.DocumentDB/databaseAccounts/gremlinDatabases\",\r\n  \"name\": \"dbName\",\r\n  \"properties\": {\r\n    \"resource\": {\r\n      \"id\": \"dbName\",\r\n      \"_rid\": \"Bk0ZAA==\",\r\n      \"_self\": \"dbs/Bk0ZAA==/\",\r\n      \"_etag\": \"\\\"00002f00-0000-0100-0000-6178ba2b0000\\\"\",\r\n      \"_colls\": \"colls/\",\r\n      \"_users\": \"users/\",\r\n      \"_ts\": 1635301931\r\n    }\r\n  }\r\n}",
      "StatusCode": 200
    },
    {
      "RequestUri": "/subscriptions/259fbb24-9bcd-4cfc-865c-fc33b22fe38a/resourceGroups/CosmosDBResourceGroup50/providers/Microsoft.DocumentDB/databaseAccounts/gremlin-db1050/gremlinDatabases/dbName?api-version=2021-10-15",
      "EncodedRequestUri": "L3N1YnNjcmlwdGlvbnMvMjU5ZmJiMjQtOWJjZC00Y2ZjLTg2NWMtZmMzM2IyMmZlMzhhL3Jlc291cmNlR3JvdXBzL0Nvc21vc0RCUmVzb3VyY2VHcm91cDUwL3Byb3ZpZGVycy9NaWNyb3NvZnQuRG9jdW1lbnREQi9kYXRhYmFzZUFjY291bnRzL2dyZW1saW4tZGIxMDUwL2dyZW1saW5EYXRhYmFzZXMvZGJOYW1lP2FwaS12ZXJzaW9uPTIwMjEtMTAtMTU=",
      "RequestMethod": "GET",
      "RequestBody": "",
      "RequestHeaders": {
        "x-ms-client-request-id": [
          "2e6d5d89-6ec6-44f1-813c-9d54ab620ec8"
        ],
        "Accept-Language": [
          "en-US"
        ],
        "User-Agent": [
          "FxVersion/4.6.28207.03",
          "OSName/Windows",
          "OSVersion/Microsoft.Windows.10.0.19043.",
          "Microsoft.Azure.Management.CosmosDB.CosmosDBManagementClient/3.2.0.0"
        ]
      },
      "ResponseHeaders": {
        "Cache-Control": [
          "no-store, no-cache"
        ],
        "Pragma": [
          "no-cache"
        ],
        "Strict-Transport-Security": [
          "max-age=31536000; includeSubDomains"
        ],
        "x-ms-gatewayversion": [
          "version=2.14.0"
        ],
        "Server": [
          "Microsoft-HTTPAPI/2.0"
        ],
        "x-ms-ratelimit-remaining-subscription-reads": [
          "11979"
        ],
        "x-ms-request-id": [
          "9faed03f-3717-4ff8-b7f6-d57d3ca9c187"
        ],
        "x-ms-correlation-request-id": [
          "9faed03f-3717-4ff8-b7f6-d57d3ca9c187"
        ],
        "x-ms-routing-request-id": [
          "WESTUS2:20211027T023340Z:9faed03f-3717-4ff8-b7f6-d57d3ca9c187"
        ],
        "X-Content-Type-Options": [
          "nosniff"
        ],
        "Date": [
          "Wed, 27 Oct 2021 02:33:39 GMT"
        ],
        "Content-Length": [
          "454"
        ],
        "Content-Type": [
          "application/json"
        ]
      },
      "ResponseBody": "{\r\n  \"id\": \"/subscriptions/259fbb24-9bcd-4cfc-865c-fc33b22fe38a/resourceGroups/CosmosDBResourceGroup50/providers/Microsoft.DocumentDB/databaseAccounts/gremlin-db1050/gremlinDatabases/dbName\",\r\n  \"type\": \"Microsoft.DocumentDB/databaseAccounts/gremlinDatabases\",\r\n  \"name\": \"dbName\",\r\n  \"properties\": {\r\n    \"resource\": {\r\n      \"id\": \"dbName\",\r\n      \"_rid\": \"Bk0ZAA==\",\r\n      \"_self\": \"dbs/Bk0ZAA==/\",\r\n      \"_etag\": \"\\\"00002f00-0000-0100-0000-6178ba2b0000\\\"\",\r\n      \"_colls\": \"colls/\",\r\n      \"_users\": \"users/\",\r\n      \"_ts\": 1635301931\r\n    }\r\n  }\r\n}",
      "StatusCode": 200
    },
    {
      "RequestUri": "/subscriptions/259fbb24-9bcd-4cfc-865c-fc33b22fe38a/resourceGroups/CosmosDBResourceGroup50/providers/Microsoft.DocumentDB/databaseAccounts/gremlin-db1050/gremlinDatabases/dbName?api-version=2021-10-15",
      "EncodedRequestUri": "L3N1YnNjcmlwdGlvbnMvMjU5ZmJiMjQtOWJjZC00Y2ZjLTg2NWMtZmMzM2IyMmZlMzhhL3Jlc291cmNlR3JvdXBzL0Nvc21vc0RCUmVzb3VyY2VHcm91cDUwL3Byb3ZpZGVycy9NaWNyb3NvZnQuRG9jdW1lbnREQi9kYXRhYmFzZUFjY291bnRzL2dyZW1saW4tZGIxMDUwL2dyZW1saW5EYXRhYmFzZXMvZGJOYW1lP2FwaS12ZXJzaW9uPTIwMjEtMTAtMTU=",
      "RequestMethod": "GET",
      "RequestBody": "",
      "RequestHeaders": {
        "x-ms-client-request-id": [
          "59a66231-9ea0-48c5-b456-340425f02a9c"
        ],
        "User-Agent": [
          "FxVersion/4.6.28207.03",
          "OSName/Windows",
          "OSVersion/Microsoft.Windows.10.0.19043.",
          "Microsoft.Azure.Management.CosmosDB.CosmosDBManagementClient/3.2.0.0"
        ]
      },
      "ResponseHeaders": {
        "Cache-Control": [
          "no-store, no-cache"
        ],
        "Pragma": [
          "no-cache"
        ],
        "Strict-Transport-Security": [
          "max-age=31536000; includeSubDomains"
        ],
        "x-ms-gatewayversion": [
          "version=2.14.0"
        ],
        "Server": [
          "Microsoft-HTTPAPI/2.0"
        ],
        "x-ms-ratelimit-remaining-subscription-reads": [
          "11976"
        ],
        "x-ms-request-id": [
          "1ac660d9-32c3-4831-a6bd-af974d375ddd"
        ],
        "x-ms-correlation-request-id": [
          "1ac660d9-32c3-4831-a6bd-af974d375ddd"
        ],
        "x-ms-routing-request-id": [
          "WESTUS2:20211027T023411Z:1ac660d9-32c3-4831-a6bd-af974d375ddd"
        ],
        "X-Content-Type-Options": [
          "nosniff"
        ],
        "Date": [
          "Wed, 27 Oct 2021 02:34:11 GMT"
        ],
        "Content-Length": [
          "454"
        ],
        "Content-Type": [
          "application/json"
        ]
      },
      "ResponseBody": "{\r\n  \"id\": \"/subscriptions/259fbb24-9bcd-4cfc-865c-fc33b22fe38a/resourceGroups/CosmosDBResourceGroup50/providers/Microsoft.DocumentDB/databaseAccounts/gremlin-db1050/gremlinDatabases/dbName\",\r\n  \"type\": \"Microsoft.DocumentDB/databaseAccounts/gremlinDatabases\",\r\n  \"name\": \"dbName\",\r\n  \"properties\": {\r\n    \"resource\": {\r\n      \"id\": \"dbName\",\r\n      \"_rid\": \"Bk0ZAA==\",\r\n      \"_self\": \"dbs/Bk0ZAA==/\",\r\n      \"_etag\": \"\\\"00002f00-0000-0100-0000-6178ba2b0000\\\"\",\r\n      \"_colls\": \"colls/\",\r\n      \"_users\": \"users/\",\r\n      \"_ts\": 1635301931\r\n    }\r\n  }\r\n}",
      "StatusCode": 200
    },
    {
      "RequestUri": "/subscriptions/259fbb24-9bcd-4cfc-865c-fc33b22fe38a/resourceGroups/CosmosDBResourceGroup50/providers/Microsoft.DocumentDB/databaseAccounts/gremlin-db1050/gremlinDatabases/dbName?api-version=2021-10-15",
      "EncodedRequestUri": "L3N1YnNjcmlwdGlvbnMvMjU5ZmJiMjQtOWJjZC00Y2ZjLTg2NWMtZmMzM2IyMmZlMzhhL3Jlc291cmNlR3JvdXBzL0Nvc21vc0RCUmVzb3VyY2VHcm91cDUwL3Byb3ZpZGVycy9NaWNyb3NvZnQuRG9jdW1lbnREQi9kYXRhYmFzZUFjY291bnRzL2dyZW1saW4tZGIxMDUwL2dyZW1saW5EYXRhYmFzZXMvZGJOYW1lP2FwaS12ZXJzaW9uPTIwMjEtMTAtMTU=",
      "RequestMethod": "PUT",
      "RequestBody": "{\r\n  \"properties\": {\r\n    \"resource\": {\r\n      \"id\": \"dbName\"\r\n    },\r\n    \"options\": {}\r\n  }\r\n}",
      "RequestHeaders": {
        "x-ms-client-request-id": [
          "0071b709-7861-4702-8e3a-74449d5fe6da"
        ],
        "Accept-Language": [
          "en-US"
        ],
        "User-Agent": [
          "FxVersion/4.6.28207.03",
          "OSName/Windows",
          "OSVersion/Microsoft.Windows.10.0.19043.",
          "Microsoft.Azure.Management.CosmosDB.CosmosDBManagementClient/3.2.0.0"
        ],
        "Content-Type": [
          "application/json; charset=utf-8"
        ],
        "Content-Length": [
          "96"
        ]
      },
      "ResponseHeaders": {
        "Cache-Control": [
          "no-store, no-cache"
        ],
        "Pragma": [
          "no-cache"
        ],
        "Location": [
          "https://management.azure.com/subscriptions/259fbb24-9bcd-4cfc-865c-fc33b22fe38a/resourceGroups/CosmosDBResourceGroup50/providers/Microsoft.DocumentDB/databaseAccounts/gremlin-db1050/gremlinDatabases/dbName/operationResults/e1ef054a-da30-485a-810c-b50539d9b507?api-version=2021-10-15"
        ],
        "Azure-AsyncOperation": [
          "https://management.azure.com/subscriptions/259fbb24-9bcd-4cfc-865c-fc33b22fe38a/providers/Microsoft.DocumentDB/locations/eastus/operationsStatus/e1ef054a-da30-485a-810c-b50539d9b507?api-version=2021-10-15"
        ],
        "x-ms-request-id": [
          "e1ef054a-da30-485a-810c-b50539d9b507"
        ],
        "Strict-Transport-Security": [
          "max-age=31536000; includeSubDomains"
        ],
        "x-ms-gatewayversion": [
          "version=2.14.0"
        ],
        "Server": [
          "Microsoft-HTTPAPI/2.0"
        ],
        "x-ms-ratelimit-remaining-subscription-writes": [
          "1198"
        ],
        "x-ms-correlation-request-id": [
          "155198fb-82f3-42f2-9570-22a14fbe3df0"
        ],
        "x-ms-routing-request-id": [
          "WESTUS2:20211027T023207Z:155198fb-82f3-42f2-9570-22a14fbe3df0"
        ],
        "X-Content-Type-Options": [
          "nosniff"
        ],
        "Date": [
          "Wed, 27 Oct 2021 02:32:07 GMT"
        ],
        "Content-Length": [
          "21"
        ],
        "Content-Type": [
          "application/json"
        ]
      },
      "ResponseBody": "{\r\n  \"status\": \"Enqueued\"\r\n}",
      "StatusCode": 202
    },
    {
      "RequestUri": "/subscriptions/259fbb24-9bcd-4cfc-865c-fc33b22fe38a/resourceGroups/CosmosDBResourceGroup50/providers/Microsoft.DocumentDB/databaseAccounts/gremlin-db1050/gremlinDatabases/dbName?api-version=2021-10-15",
      "EncodedRequestUri": "L3N1YnNjcmlwdGlvbnMvMjU5ZmJiMjQtOWJjZC00Y2ZjLTg2NWMtZmMzM2IyMmZlMzhhL3Jlc291cmNlR3JvdXBzL0Nvc21vc0RCUmVzb3VyY2VHcm91cDUwL3Byb3ZpZGVycy9NaWNyb3NvZnQuRG9jdW1lbnREQi9kYXRhYmFzZUFjY291bnRzL2dyZW1saW4tZGIxMDUwL2dyZW1saW5EYXRhYmFzZXMvZGJOYW1lP2FwaS12ZXJzaW9uPTIwMjEtMTAtMTU=",
      "RequestMethod": "PUT",
      "RequestBody": "{\r\n  \"properties\": {\r\n    \"resource\": {\r\n      \"id\": \"dbName\"\r\n    },\r\n    \"options\": {}\r\n  }\r\n}",
      "RequestHeaders": {
        "x-ms-client-request-id": [
          "59a66231-9ea0-48c5-b456-340425f02a9c"
        ],
        "Accept-Language": [
          "en-US"
        ],
        "User-Agent": [
          "FxVersion/4.6.28207.03",
          "OSName/Windows",
          "OSVersion/Microsoft.Windows.10.0.19043.",
          "Microsoft.Azure.Management.CosmosDB.CosmosDBManagementClient/3.2.0.0"
        ],
        "Content-Type": [
          "application/json; charset=utf-8"
        ],
        "Content-Length": [
          "96"
        ]
      },
      "ResponseHeaders": {
        "Cache-Control": [
          "no-store, no-cache"
        ],
        "Pragma": [
          "no-cache"
        ],
        "Location": [
          "https://management.azure.com/subscriptions/259fbb24-9bcd-4cfc-865c-fc33b22fe38a/resourceGroups/CosmosDBResourceGroup50/providers/Microsoft.DocumentDB/databaseAccounts/gremlin-db1050/gremlinDatabases/dbName/operationResults/bd4f04ac-eafc-412b-bf8d-5d3c82dd2383?api-version=2021-10-15"
        ],
        "Azure-AsyncOperation": [
          "https://management.azure.com/subscriptions/259fbb24-9bcd-4cfc-865c-fc33b22fe38a/providers/Microsoft.DocumentDB/locations/eastus/operationsStatus/bd4f04ac-eafc-412b-bf8d-5d3c82dd2383?api-version=2021-10-15"
        ],
        "x-ms-request-id": [
          "bd4f04ac-eafc-412b-bf8d-5d3c82dd2383"
        ],
        "Strict-Transport-Security": [
          "max-age=31536000; includeSubDomains"
        ],
        "x-ms-gatewayversion": [
          "version=2.14.0"
        ],
        "Server": [
          "Microsoft-HTTPAPI/2.0"
        ],
        "x-ms-ratelimit-remaining-subscription-writes": [
          "1195"
        ],
        "x-ms-correlation-request-id": [
          "2048199a-ec99-4aec-84c8-b4527a4d73cc"
        ],
        "x-ms-routing-request-id": [
          "WESTUS2:20211027T023340Z:2048199a-ec99-4aec-84c8-b4527a4d73cc"
        ],
        "X-Content-Type-Options": [
          "nosniff"
        ],
        "Date": [
          "Wed, 27 Oct 2021 02:33:40 GMT"
        ],
        "Content-Length": [
          "21"
        ],
        "Content-Type": [
          "application/json"
        ]
      },
      "ResponseBody": "{\r\n  \"status\": \"Enqueued\"\r\n}",
      "StatusCode": 202
    },
    {
      "RequestUri": "/subscriptions/259fbb24-9bcd-4cfc-865c-fc33b22fe38a/providers/Microsoft.DocumentDB/locations/eastus/operationsStatus/e1ef054a-da30-485a-810c-b50539d9b507?api-version=2021-10-15",
      "EncodedRequestUri": "L3N1YnNjcmlwdGlvbnMvMjU5ZmJiMjQtOWJjZC00Y2ZjLTg2NWMtZmMzM2IyMmZlMzhhL3Byb3ZpZGVycy9NaWNyb3NvZnQuRG9jdW1lbnREQi9sb2NhdGlvbnMvZWFzdHVzL29wZXJhdGlvbnNTdGF0dXMvZTFlZjA1NGEtZGEzMC00ODVhLTgxMGMtYjUwNTM5ZDliNTA3P2FwaS12ZXJzaW9uPTIwMjEtMTAtMTU=",
      "RequestMethod": "GET",
      "RequestBody": "",
      "RequestHeaders": {
        "x-ms-client-request-id": [
          "0071b709-7861-4702-8e3a-74449d5fe6da"
        ],
        "User-Agent": [
          "FxVersion/4.6.28207.03",
          "OSName/Windows",
          "OSVersion/Microsoft.Windows.10.0.19043.",
          "Microsoft.Azure.Management.CosmosDB.CosmosDBManagementClient/3.2.0.0"
        ]
      },
      "ResponseHeaders": {
        "Cache-Control": [
          "no-store, no-cache"
        ],
        "Pragma": [
          "no-cache"
        ],
        "Strict-Transport-Security": [
          "max-age=31536000; includeSubDomains"
        ],
        "x-ms-gatewayversion": [
          "version=2.14.0"
        ],
        "Server": [
          "Microsoft-HTTPAPI/2.0"
        ],
        "x-ms-ratelimit-remaining-subscription-reads": [
          "11989"
        ],
        "x-ms-request-id": [
          "335038c4-5e3c-4aca-ad67-e5624a22fc12"
        ],
        "x-ms-correlation-request-id": [
          "335038c4-5e3c-4aca-ad67-e5624a22fc12"
        ],
        "x-ms-routing-request-id": [
          "WESTUS2:20211027T023237Z:335038c4-5e3c-4aca-ad67-e5624a22fc12"
        ],
        "X-Content-Type-Options": [
          "nosniff"
        ],
        "Date": [
          "Wed, 27 Oct 2021 02:32:37 GMT"
        ],
        "Content-Length": [
          "22"
        ],
        "Content-Type": [
          "application/json"
        ]
      },
      "ResponseBody": "{\r\n  \"status\": \"Succeeded\"\r\n}",
      "StatusCode": 200
    },
    {
      "RequestUri": "/subscriptions/259fbb24-9bcd-4cfc-865c-fc33b22fe38a/resourceGroups/CosmosDBResourceGroup50/providers/Microsoft.DocumentDB/databaseAccounts/gremlin-db1050/gremlinDatabases/dbName/graphs/graph1?api-version=2021-10-15",
      "EncodedRequestUri": "L3N1YnNjcmlwdGlvbnMvMjU5ZmJiMjQtOWJjZC00Y2ZjLTg2NWMtZmMzM2IyMmZlMzhhL3Jlc291cmNlR3JvdXBzL0Nvc21vc0RCUmVzb3VyY2VHcm91cDUwL3Byb3ZpZGVycy9NaWNyb3NvZnQuRG9jdW1lbnREQi9kYXRhYmFzZUFjY291bnRzL2dyZW1saW4tZGIxMDUwL2dyZW1saW5EYXRhYmFzZXMvZGJOYW1lL2dyYXBocy9ncmFwaDE/YXBpLXZlcnNpb249MjAyMS0xMC0xNQ==",
      "RequestMethod": "GET",
      "RequestBody": "",
      "RequestHeaders": {
        "x-ms-client-request-id": [
          "bc08f5e5-e0b8-4031-abf8-0e5272b4dee6"
        ],
        "Accept-Language": [
          "en-US"
        ],
        "User-Agent": [
          "FxVersion/4.6.28207.03",
          "OSName/Windows",
          "OSVersion/Microsoft.Windows.10.0.19043.",
          "Microsoft.Azure.Management.CosmosDB.CosmosDBManagementClient/3.2.0.0"
        ]
      },
      "ResponseHeaders": {
        "Cache-Control": [
          "no-store, no-cache"
        ],
        "Pragma": [
          "no-cache"
        ],
        "Strict-Transport-Security": [
          "max-age=31536000; includeSubDomains"
        ],
        "x-ms-gatewayversion": [
          "version=2.14.0"
        ],
        "Server": [
          "Microsoft-HTTPAPI/2.0"
        ],
        "x-ms-ratelimit-remaining-subscription-reads": [
          "11986"
        ],
        "x-ms-request-id": [
          "3c3302e0-150c-4d27-a8fc-fe45d90208be"
        ],
        "x-ms-correlation-request-id": [
          "3c3302e0-150c-4d27-a8fc-fe45d90208be"
        ],
        "x-ms-routing-request-id": [
          "WESTUS2:20211027T023238Z:3c3302e0-150c-4d27-a8fc-fe45d90208be"
        ],
        "X-Content-Type-Options": [
          "nosniff"
        ],
        "Date": [
          "Wed, 27 Oct 2021 02:32:37 GMT"
        ],
        "Content-Length": [
          "5578"
        ],
        "Content-Type": [
          "application/json"
        ]
      },
      "ResponseBody": "{\r\n  \"code\": \"NotFound\",\r\n  \"message\": \"Message: {\\\"code\\\":\\\"NotFound\\\",\\\"message\\\":\\\"Message: {\\\\\\\"Errors\\\\\\\":[\\\\\\\"Resource Not Found. Learn more: https:\\\\\\\\/\\\\\\\\/aka.ms\\\\\\\\/cosmosdb-tsg-not-found\\\\\\\"]}\\\\r\\\\nActivityId: bc08f5e5-e0b8-4031-abf8-0e5272b4dee6, Request URI: /apps/f8df5f5e-1390-436b-93aa-40cf51489daa/services/494deaeb-8a78-4591-adb1-029bd26ed7eb/partitions/a6af21ac-5ecd-42c8-b488-4301ff48eaf7/replicas/132791511088368309s, RequestStats: \\\\r\\\\nRequestStartTime: 2021-10-27T02:32:38.0443003Z, RequestEndTime: 2021-10-27T02:32:38.0443003Z,  Number of regions attempted:1\\\\r\\\\n{\\\\\\\"systemHistory\\\\\\\":[{\\\\\\\"dateUtc\\\\\\\":\\\\\\\"2021-10-27T02:31:41.7030667Z\\\\\\\",\\\\\\\"cpu\\\\\\\":13.615,\\\\\\\"memory\\\\\\\":44347772928.000,\\\\\\\"threadInfo\\\\\\\":{\\\\\\\"isThreadStarving\\\\\\\":\\\\\\\"False\\\\\\\",\\\\\\\"threadWaitIntervalInMs\\\\\\\":0.0147,\\\\\\\"availableThreads\\\\\\\":32764,\\\\\\\"minThreads\\\\\\\":52,\\\\\\\"maxThreads\\\\\\\":32767}},{\\\\\\\"dateUtc\\\\\\\":\\\\\\\"2021-10-27T02:31:51.7232811Z\\\\\\\",\\\\\\\"cpu\\\\\\\":11.213,\\\\\\\"memory\\\\\\\":44671098880.000,\\\\\\\"threadInfo\\\\\\\":{\\\\\\\"isThreadStarving\\\\\\\":\\\\\\\"False\\\\\\\",\\\\\\\"threadWaitIntervalInMs\\\\\\\":0.0155,\\\\\\\"availableThreads\\\\\\\":32764,\\\\\\\"minThreads\\\\\\\":52,\\\\\\\"maxThreads\\\\\\\":32767}},{\\\\\\\"dateUtc\\\\\\\":\\\\\\\"2021-10-27T02:32:01.7335364Z\\\\\\\",\\\\\\\"cpu\\\\\\\":11.084,\\\\\\\"memory\\\\\\\":45219631104.000,\\\\\\\"threadInfo\\\\\\\":{\\\\\\\"isThreadStarving\\\\\\\":\\\\\\\"False\\\\\\\",\\\\\\\"threadWaitIntervalInMs\\\\\\\":0.0156,\\\\\\\"availableThreads\\\\\\\":32764,\\\\\\\"minThreads\\\\\\\":52,\\\\\\\"maxThreads\\\\\\\":32767}},{\\\\\\\"dateUtc\\\\\\\":\\\\\\\"2021-10-27T02:32:11.7437646Z\\\\\\\",\\\\\\\"cpu\\\\\\\":13.215,\\\\\\\"memory\\\\\\\":43962204160.000,\\\\\\\"threadInfo\\\\\\\":{\\\\\\\"isThreadStarving\\\\\\\":\\\\\\\"False\\\\\\\",\\\\\\\"threadWaitIntervalInMs\\\\\\\":0.0165,\\\\\\\"availableThreads\\\\\\\":32763,\\\\\\\"minThreads\\\\\\\":52,\\\\\\\"maxThreads\\\\\\\":32767}},{\\\\\\\"dateUtc\\\\\\\":\\\\\\\"2021-10-27T02:32:21.7539708Z\\\\\\\",\\\\\\\"cpu\\\\\\\":12.223,\\\\\\\"memory\\\\\\\":44721000448.000,\\\\\\\"threadInfo\\\\\\\":{\\\\\\\"isThreadStarving\\\\\\\":\\\\\\\"False\\\\\\\",\\\\\\\"threadWaitIntervalInMs\\\\\\\":0.0145,\\\\\\\"availableThreads\\\\\\\":32765,\\\\\\\"minThreads\\\\\\\":52,\\\\\\\"maxThreads\\\\\\\":32767}},{\\\\\\\"dateUtc\\\\\\\":\\\\\\\"2021-10-27T02:32:31.7641762Z\\\\\\\",\\\\\\\"cpu\\\\\\\":12.740,\\\\\\\"memory\\\\\\\":44977025024.000,\\\\\\\"threadInfo\\\\\\\":{\\\\\\\"isThreadStarving\\\\\\\":\\\\\\\"False\\\\\\\",\\\\\\\"threadWaitIntervalInMs\\\\\\\":0.0202,\\\\\\\"availableThreads\\\\\\\":32764,\\\\\\\"minThreads\\\\\\\":52,\\\\\\\"maxThreads\\\\\\\":32767}}]}\\\\r\\\\nRequestStart: 2021-10-27T02:32:38.0443003Z; ResponseTime: 2021-10-27T02:32:38.0443003Z; StoreResult: StorePhysicalAddress: rntbd://10.0.0.21:11000/apps/f8df5f5e-1390-436b-93aa-40cf51489daa/services/494deaeb-8a78-4591-adb1-029bd26ed7eb/partitions/a6af21ac-5ecd-42c8-b488-4301ff48eaf7/replicas/132791511088368309s, LSN: 8, GlobalCommittedLsn: 8, PartitionKeyRangeId: , IsValid: True, StatusCode: 404, SubStatusCode: 0, RequestCharge: 1, ItemLSN: -1, SessionToken: -1#8, UsingLocalLSN: False, TransportException: null, BELatencyMs: 1.013, ActivityId: bc08f5e5-e0b8-4031-abf8-0e5272b4dee6, TransportRequestTimeline: {\\\\\\\"requestTimeline\\\\\\\":[{\\\\\\\"event\\\\\\\": \\\\\\\"Created\\\\\\\", \\\\\\\"startTimeUtc\\\\\\\": \\\\\\\"2021-10-27T02:32:38.0443003Z\\\\\\\", \\\\\\\"durationInMs\\\\\\\": 0.0132},{\\\\\\\"event\\\\\\\": \\\\\\\"ChannelAcquisitionStarted\\\\\\\", \\\\\\\"startTimeUtc\\\\\\\": \\\\\\\"2021-10-27T02:32:38.0443135Z\\\\\\\", \\\\\\\"durationInMs\\\\\\\": 0.0045},{\\\\\\\"event\\\\\\\": \\\\\\\"Pipelined\\\\\\\", \\\\\\\"startTimeUtc\\\\\\\": \\\\\\\"2021-10-27T02:32:38.0443180Z\\\\\\\", \\\\\\\"durationInMs\\\\\\\": 0.1892},{\\\\\\\"event\\\\\\\": \\\\\\\"Transit Time\\\\\\\", \\\\\\\"startTimeUtc\\\\\\\": \\\\\\\"2021-10-27T02:32:38.0445072Z\\\\\\\", \\\\\\\"durationInMs\\\\\\\": 1.3165},{\\\\\\\"event\\\\\\\": \\\\\\\"Received\\\\\\\", \\\\\\\"startTimeUtc\\\\\\\": \\\\\\\"2021-10-27T02:32:38.0458237Z\\\\\\\", \\\\\\\"durationInMs\\\\\\\": 0.0364},{\\\\\\\"event\\\\\\\": \\\\\\\"Completed\\\\\\\", \\\\\\\"startTimeUtc\\\\\\\": \\\\\\\"2021-10-27T02:32:38.0458601Z\\\\\\\", \\\\\\\"durationInMs\\\\\\\": 0}],\\\\\\\"requestSizeInBytes\\\\\\\":474,\\\\\\\"responseMetadataSizeInBytes\\\\\\\":134,\\\\\\\"responseBodySizeInBytes\\\\\\\":87};\\\\r\\\\n ResourceType: Collection, OperationType: Read\\\\r\\\\nRequestStart: 2021-10-27T02:32:38.0443003Z; ResponseTime: 2021-10-27T02:32:38.0443003Z; StoreResult: StorePhysicalAddress: rntbd://10.0.0.23:11000/apps/f8df5f5e-1390-436b-93aa-40cf51489daa/services/494deaeb-8a78-4591-adb1-029bd26ed7eb/partitions/a6af21ac-5ecd-42c8-b488-4301ff48eaf7/replicas/132791511088368308s, LSN: 8, GlobalCommittedLsn: 8, PartitionKeyRangeId: , IsValid: True, StatusCode: 404, SubStatusCode: 0, RequestCharge: 1, ItemLSN: -1, SessionToken: -1#8, UsingLocalLSN: False, TransportException: null, BELatencyMs: 0.919, ActivityId: bc08f5e5-e0b8-4031-abf8-0e5272b4dee6, TransportRequestTimeline: {\\\\\\\"requestTimeline\\\\\\\":[{\\\\\\\"event\\\\\\\": \\\\\\\"Created\\\\\\\", \\\\\\\"startTimeUtc\\\\\\\": \\\\\\\"2021-10-27T02:32:38.0443003Z\\\\\\\", \\\\\\\"durationInMs\\\\\\\": 0.0058},{\\\\\\\"event\\\\\\\": \\\\\\\"ChannelAcquisitionStarted\\\\\\\", \\\\\\\"startTimeUtc\\\\\\\": \\\\\\\"2021-10-27T02:32:38.0443061Z\\\\\\\", \\\\\\\"durationInMs\\\\\\\": 0.0024},{\\\\\\\"event\\\\\\\": \\\\\\\"Pipelined\\\\\\\", \\\\\\\"startTimeUtc\\\\\\\": \\\\\\\"2021-10-27T02:32:38.0443085Z\\\\\\\", \\\\\\\"durationInMs\\\\\\\": 0.1631},{\\\\\\\"event\\\\\\\": \\\\\\\"Transit Time\\\\\\\", \\\\\\\"startTimeUtc\\\\\\\": \\\\\\\"2021-10-27T02:32:38.0444716Z\\\\\\\", \\\\\\\"durationInMs\\\\\\\": 1.2256},{\\\\\\\"event\\\\\\\": \\\\\\\"Received\\\\\\\", \\\\\\\"startTimeUtc\\\\\\\": \\\\\\\"2021-10-27T02:32:38.0456972Z\\\\\\\", \\\\\\\"durationInMs\\\\\\\": 0.0321},{\\\\\\\"event\\\\\\\": \\\\\\\"Completed\\\\\\\", \\\\\\\"startTimeUtc\\\\\\\": \\\\\\\"2021-10-27T02:32:38.0457293Z\\\\\\\", \\\\\\\"durationInMs\\\\\\\": 0}],\\\\\\\"requestSizeInBytes\\\\\\\":474,\\\\\\\"responseMetadataSizeInBytes\\\\\\\":134,\\\\\\\"responseBodySizeInBytes\\\\\\\":87};\\\\r\\\\n ResourceType: Collection, OperationType: Read\\\\r\\\\n, SDK: Microsoft.Azure.Documents.Common/2.14.0\\\"}, Request URI: /dbs/dbName/colls/graph1, RequestStats: , SDK: Microsoft.Azure.Documents.Common/2.14.0\"\r\n}",
      "StatusCode": 404
    },
    {
      "RequestUri": "/subscriptions/259fbb24-9bcd-4cfc-865c-fc33b22fe38a/resourceGroups/CosmosDBResourceGroup50/providers/Microsoft.DocumentDB/databaseAccounts/gremlin-db1050/gremlinDatabases/dbName/graphs/graph1?api-version=2021-10-15",
      "EncodedRequestUri": "L3N1YnNjcmlwdGlvbnMvMjU5ZmJiMjQtOWJjZC00Y2ZjLTg2NWMtZmMzM2IyMmZlMzhhL3Jlc291cmNlR3JvdXBzL0Nvc21vc0RCUmVzb3VyY2VHcm91cDUwL3Byb3ZpZGVycy9NaWNyb3NvZnQuRG9jdW1lbnREQi9kYXRhYmFzZUFjY291bnRzL2dyZW1saW4tZGIxMDUwL2dyZW1saW5EYXRhYmFzZXMvZGJOYW1lL2dyYXBocy9ncmFwaDE/YXBpLXZlcnNpb249MjAyMS0xMC0xNQ==",
      "RequestMethod": "GET",
      "RequestBody": "",
      "RequestHeaders": {
        "x-ms-client-request-id": [
          "bc08f5e5-e0b8-4031-abf8-0e5272b4dee6"
        ],
        "User-Agent": [
          "FxVersion/4.6.28207.03",
          "OSName/Windows",
          "OSVersion/Microsoft.Windows.10.0.19043.",
          "Microsoft.Azure.Management.CosmosDB.CosmosDBManagementClient/3.2.0.0"
        ]
      },
      "ResponseHeaders": {
        "Cache-Control": [
          "no-store, no-cache"
        ],
        "Pragma": [
          "no-cache"
        ],
        "Strict-Transport-Security": [
          "max-age=31536000; includeSubDomains"
        ],
        "x-ms-gatewayversion": [
          "version=2.14.0"
        ],
        "Server": [
          "Microsoft-HTTPAPI/2.0"
        ],
        "x-ms-ratelimit-remaining-subscription-reads": [
          "11984"
        ],
        "x-ms-request-id": [
          "ae6e0365-0543-4fc8-a15e-d53eab6c0287"
        ],
        "x-ms-correlation-request-id": [
          "ae6e0365-0543-4fc8-a15e-d53eab6c0287"
        ],
        "x-ms-routing-request-id": [
          "WESTUS2:20211027T023308Z:ae6e0365-0543-4fc8-a15e-d53eab6c0287"
        ],
        "X-Content-Type-Options": [
          "nosniff"
        ],
        "Date": [
          "Wed, 27 Oct 2021 02:33:08 GMT"
        ],
        "Content-Length": [
          "1440"
        ],
        "Content-Type": [
          "application/json"
        ]
      },
      "ResponseBody": "{\r\n  \"id\": \"/subscriptions/259fbb24-9bcd-4cfc-865c-fc33b22fe38a/resourceGroups/CosmosDBResourceGroup50/providers/Microsoft.DocumentDB/databaseAccounts/gremlin-db1050/gremlinDatabases/dbName/graphs/graph1\",\r\n  \"type\": \"Microsoft.DocumentDB/databaseAccounts/gremlinDatabases/graphs\",\r\n  \"name\": \"graph1\",\r\n  \"properties\": {\r\n    \"resource\": {\r\n      \"id\": \"graph1\",\r\n      \"indexingPolicy\": {\r\n        \"indexingMode\": \"consistent\",\r\n        \"automatic\": true,\r\n        \"includedPaths\": [\r\n          {\r\n            \"path\": \"/*\"\r\n          }\r\n        ],\r\n        \"excludedPaths\": [\r\n          {\r\n            \"path\": \"/myPathToNotIndex/*\"\r\n          },\r\n          {\r\n            \"path\": \"/\\\"_etag\\\"/?\"\r\n          }\r\n        ],\r\n        \"spatialIndexes\": [\r\n          {\r\n            \"path\": \"/mySpatialPath/*\",\r\n            \"types\": [\r\n              \"Point\",\r\n              \"LineString\",\r\n              \"Polygon\",\r\n              \"MultiPolygon\"\r\n            ]\r\n          }\r\n        ],\r\n        \"compositeIndexes\": [\r\n          [\r\n            {\r\n              \"path\": \"/abc\",\r\n              \"order\": \"ascending\"\r\n            },\r\n            {\r\n              \"path\": \"/aberc\",\r\n              \"order\": \"descending\"\r\n            }\r\n          ],\r\n          [\r\n            {\r\n              \"path\": \"/aberc\",\r\n              \"order\": \"descending\"\r\n            },\r\n            {\r\n              \"path\": \"/abc\",\r\n              \"order\": \"ascending\"\r\n            }\r\n          ]\r\n        ]\r\n      },\r\n      \"partitionKey\": {\r\n        \"paths\": [\r\n          \"/foo\"\r\n        ],\r\n        \"kind\": \"Hash\"\r\n      },\r\n      \"uniqueKeyPolicy\": {\r\n        \"uniqueKeys\": [\r\n          {\r\n            \"paths\": [\r\n              \"/myUniqueKey3\"\r\n            ]\r\n          },\r\n          {\r\n            \"paths\": [\r\n              \"/myUniqueKey4\"\r\n            ]\r\n          },\r\n          {\r\n            \"paths\": [\r\n              \"/myUniqueKey2\"\r\n            ]\r\n          },\r\n          {\r\n            \"paths\": [\r\n              \"/myUniqueKey1\"\r\n            ]\r\n          }\r\n        ]\r\n      },\r\n      \"conflictResolutionPolicy\": {\r\n        \"mode\": \"LastWriterWins\",\r\n        \"conflictResolutionPath\": \"/_ts\",\r\n        \"conflictResolutionProcedure\": \"\"\r\n      },\r\n      \"geospatialConfig\": {\r\n        \"type\": \"Geography\"\r\n      },\r\n      \"_rid\": \"Bk0ZAJjGKdg=\",\r\n      \"_ts\": 1635301966,\r\n      \"_self\": \"dbs/Bk0ZAA==/colls/Bk0ZAJjGKdg=/\",\r\n      \"_etag\": \"\\\"00003400-0000-0100-0000-6178ba4e0000\\\"\",\r\n      \"_docs\": \"docs/\",\r\n      \"_sprocs\": \"sprocs/\",\r\n      \"_triggers\": \"triggers/\",\r\n      \"_udfs\": \"udfs/\",\r\n      \"_conflicts\": \"conflicts/\",\r\n      \"statistics\": [\r\n        {\r\n          \"id\": \"0\",\r\n          \"sizeInKB\": 0,\r\n          \"documentCount\": 0,\r\n          \"partitionKeys\": []\r\n        }\r\n      ]\r\n    }\r\n  }\r\n}",
      "StatusCode": 200
    },
    {
      "RequestUri": "/subscriptions/259fbb24-9bcd-4cfc-865c-fc33b22fe38a/resourceGroups/CosmosDBResourceGroup50/providers/Microsoft.DocumentDB/databaseAccounts/gremlin-db1050/gremlinDatabases/dbName/graphs/graph1?api-version=2021-10-15",
      "EncodedRequestUri": "L3N1YnNjcmlwdGlvbnMvMjU5ZmJiMjQtOWJjZC00Y2ZjLTg2NWMtZmMzM2IyMmZlMzhhL3Jlc291cmNlR3JvdXBzL0Nvc21vc0RCUmVzb3VyY2VHcm91cDUwL3Byb3ZpZGVycy9NaWNyb3NvZnQuRG9jdW1lbnREQi9kYXRhYmFzZUFjY291bnRzL2dyZW1saW4tZGIxMDUwL2dyZW1saW5EYXRhYmFzZXMvZGJOYW1lL2dyYXBocy9ncmFwaDE/YXBpLXZlcnNpb249MjAyMS0xMC0xNQ==",
      "RequestMethod": "GET",
      "RequestBody": "",
      "RequestHeaders": {
        "x-ms-client-request-id": [
          "832092fa-d4a9-4058-925d-7e4efaa6f903"
        ],
        "Accept-Language": [
          "en-US"
        ],
        "User-Agent": [
          "FxVersion/4.6.28207.03",
          "OSName/Windows",
          "OSVersion/Microsoft.Windows.10.0.19043.",
          "Microsoft.Azure.Management.CosmosDB.CosmosDBManagementClient/3.2.0.0"
        ]
      },
      "ResponseHeaders": {
        "Cache-Control": [
          "no-store, no-cache"
        ],
        "Pragma": [
          "no-cache"
        ],
        "Strict-Transport-Security": [
          "max-age=31536000; includeSubDomains"
        ],
        "x-ms-gatewayversion": [
          "version=2.14.0"
        ],
        "Server": [
          "Microsoft-HTTPAPI/2.0"
        ],
        "x-ms-ratelimit-remaining-subscription-reads": [
          "11983"
        ],
        "x-ms-request-id": [
          "7202b8eb-95f0-46d0-9b3f-470a10a95445"
        ],
        "x-ms-correlation-request-id": [
          "7202b8eb-95f0-46d0-9b3f-470a10a95445"
        ],
        "x-ms-routing-request-id": [
          "WESTUS2:20211027T023309Z:7202b8eb-95f0-46d0-9b3f-470a10a95445"
        ],
        "X-Content-Type-Options": [
          "nosniff"
        ],
        "Date": [
          "Wed, 27 Oct 2021 02:33:08 GMT"
        ],
        "Content-Length": [
          "1440"
        ],
        "Content-Type": [
          "application/json"
        ]
      },
      "ResponseBody": "{\r\n  \"id\": \"/subscriptions/259fbb24-9bcd-4cfc-865c-fc33b22fe38a/resourceGroups/CosmosDBResourceGroup50/providers/Microsoft.DocumentDB/databaseAccounts/gremlin-db1050/gremlinDatabases/dbName/graphs/graph1\",\r\n  \"type\": \"Microsoft.DocumentDB/databaseAccounts/gremlinDatabases/graphs\",\r\n  \"name\": \"graph1\",\r\n  \"properties\": {\r\n    \"resource\": {\r\n      \"id\": \"graph1\",\r\n      \"indexingPolicy\": {\r\n        \"indexingMode\": \"consistent\",\r\n        \"automatic\": true,\r\n        \"includedPaths\": [\r\n          {\r\n            \"path\": \"/*\"\r\n          }\r\n        ],\r\n        \"excludedPaths\": [\r\n          {\r\n            \"path\": \"/myPathToNotIndex/*\"\r\n          },\r\n          {\r\n            \"path\": \"/\\\"_etag\\\"/?\"\r\n          }\r\n        ],\r\n        \"spatialIndexes\": [\r\n          {\r\n            \"path\": \"/mySpatialPath/*\",\r\n            \"types\": [\r\n              \"Point\",\r\n              \"LineString\",\r\n              \"Polygon\",\r\n              \"MultiPolygon\"\r\n            ]\r\n          }\r\n        ],\r\n        \"compositeIndexes\": [\r\n          [\r\n            {\r\n              \"path\": \"/abc\",\r\n              \"order\": \"ascending\"\r\n            },\r\n            {\r\n              \"path\": \"/aberc\",\r\n              \"order\": \"descending\"\r\n            }\r\n          ],\r\n          [\r\n            {\r\n              \"path\": \"/aberc\",\r\n              \"order\": \"descending\"\r\n            },\r\n            {\r\n              \"path\": \"/abc\",\r\n              \"order\": \"ascending\"\r\n            }\r\n          ]\r\n        ]\r\n      },\r\n      \"partitionKey\": {\r\n        \"paths\": [\r\n          \"/foo\"\r\n        ],\r\n        \"kind\": \"Hash\"\r\n      },\r\n      \"uniqueKeyPolicy\": {\r\n        \"uniqueKeys\": [\r\n          {\r\n            \"paths\": [\r\n              \"/myUniqueKey3\"\r\n            ]\r\n          },\r\n          {\r\n            \"paths\": [\r\n              \"/myUniqueKey4\"\r\n            ]\r\n          },\r\n          {\r\n            \"paths\": [\r\n              \"/myUniqueKey2\"\r\n            ]\r\n          },\r\n          {\r\n            \"paths\": [\r\n              \"/myUniqueKey1\"\r\n            ]\r\n          }\r\n        ]\r\n      },\r\n      \"conflictResolutionPolicy\": {\r\n        \"mode\": \"LastWriterWins\",\r\n        \"conflictResolutionPath\": \"/_ts\",\r\n        \"conflictResolutionProcedure\": \"\"\r\n      },\r\n      \"geospatialConfig\": {\r\n        \"type\": \"Geography\"\r\n      },\r\n      \"_rid\": \"Bk0ZAJjGKdg=\",\r\n      \"_ts\": 1635301966,\r\n      \"_self\": \"dbs/Bk0ZAA==/colls/Bk0ZAJjGKdg=/\",\r\n      \"_etag\": \"\\\"00003400-0000-0100-0000-6178ba4e0000\\\"\",\r\n      \"_docs\": \"docs/\",\r\n      \"_sprocs\": \"sprocs/\",\r\n      \"_triggers\": \"triggers/\",\r\n      \"_udfs\": \"udfs/\",\r\n      \"_conflicts\": \"conflicts/\",\r\n      \"statistics\": [\r\n        {\r\n          \"id\": \"0\",\r\n          \"sizeInKB\": 0,\r\n          \"documentCount\": 0,\r\n          \"partitionKeys\": []\r\n        }\r\n      ]\r\n    }\r\n  }\r\n}",
      "StatusCode": 200
    },
    {
      "RequestUri": "/subscriptions/259fbb24-9bcd-4cfc-865c-fc33b22fe38a/resourceGroups/CosmosDBResourceGroup50/providers/Microsoft.DocumentDB/databaseAccounts/gremlin-db1050/gremlinDatabases/dbName/graphs/graph1?api-version=2021-10-15",
      "EncodedRequestUri": "L3N1YnNjcmlwdGlvbnMvMjU5ZmJiMjQtOWJjZC00Y2ZjLTg2NWMtZmMzM2IyMmZlMzhhL3Jlc291cmNlR3JvdXBzL0Nvc21vc0RCUmVzb3VyY2VHcm91cDUwL3Byb3ZpZGVycy9NaWNyb3NvZnQuRG9jdW1lbnREQi9kYXRhYmFzZUFjY291bnRzL2dyZW1saW4tZGIxMDUwL2dyZW1saW5EYXRhYmFzZXMvZGJOYW1lL2dyYXBocy9ncmFwaDE/YXBpLXZlcnNpb249MjAyMS0xMC0xNQ==",
      "RequestMethod": "GET",
      "RequestBody": "",
      "RequestHeaders": {
        "x-ms-client-request-id": [
          "47843bec-7527-4691-8573-8a705f86259c"
        ],
        "Accept-Language": [
          "en-US"
        ],
        "User-Agent": [
          "FxVersion/4.6.28207.03",
          "OSName/Windows",
          "OSVersion/Microsoft.Windows.10.0.19043.",
          "Microsoft.Azure.Management.CosmosDB.CosmosDBManagementClient/3.2.0.0"
        ]
      },
      "ResponseHeaders": {
        "Cache-Control": [
          "no-store, no-cache"
        ],
        "Pragma": [
          "no-cache"
        ],
        "Strict-Transport-Security": [
          "max-age=31536000; includeSubDomains"
        ],
        "x-ms-gatewayversion": [
          "version=2.14.0"
        ],
        "Server": [
          "Microsoft-HTTPAPI/2.0"
        ],
        "x-ms-ratelimit-remaining-subscription-reads": [
          "11978"
        ],
        "x-ms-request-id": [
          "86c03d5a-3922-4db4-bc72-7a171507aded"
        ],
        "x-ms-correlation-request-id": [
          "86c03d5a-3922-4db4-bc72-7a171507aded"
        ],
        "x-ms-routing-request-id": [
          "WESTUS2:20211027T023340Z:86c03d5a-3922-4db4-bc72-7a171507aded"
        ],
        "X-Content-Type-Options": [
          "nosniff"
        ],
        "Date": [
          "Wed, 27 Oct 2021 02:33:39 GMT"
        ],
        "Content-Length": [
          "1440"
        ],
        "Content-Type": [
          "application/json"
        ]
      },
      "ResponseBody": "{\r\n  \"id\": \"/subscriptions/259fbb24-9bcd-4cfc-865c-fc33b22fe38a/resourceGroups/CosmosDBResourceGroup50/providers/Microsoft.DocumentDB/databaseAccounts/gremlin-db1050/gremlinDatabases/dbName/graphs/graph1\",\r\n  \"type\": \"Microsoft.DocumentDB/databaseAccounts/gremlinDatabases/graphs\",\r\n  \"name\": \"graph1\",\r\n  \"properties\": {\r\n    \"resource\": {\r\n      \"id\": \"graph1\",\r\n      \"indexingPolicy\": {\r\n        \"indexingMode\": \"consistent\",\r\n        \"automatic\": true,\r\n        \"includedPaths\": [\r\n          {\r\n            \"path\": \"/*\"\r\n          }\r\n        ],\r\n        \"excludedPaths\": [\r\n          {\r\n            \"path\": \"/myPathToNotIndex/*\"\r\n          },\r\n          {\r\n            \"path\": \"/\\\"_etag\\\"/?\"\r\n          }\r\n        ],\r\n        \"spatialIndexes\": [\r\n          {\r\n            \"path\": \"/mySpatialPath/*\",\r\n            \"types\": [\r\n              \"Point\",\r\n              \"LineString\",\r\n              \"Polygon\",\r\n              \"MultiPolygon\"\r\n            ]\r\n          }\r\n        ],\r\n        \"compositeIndexes\": [\r\n          [\r\n            {\r\n              \"path\": \"/abc\",\r\n              \"order\": \"ascending\"\r\n            },\r\n            {\r\n              \"path\": \"/aberc\",\r\n              \"order\": \"descending\"\r\n            }\r\n          ],\r\n          [\r\n            {\r\n              \"path\": \"/aberc\",\r\n              \"order\": \"descending\"\r\n            },\r\n            {\r\n              \"path\": \"/abc\",\r\n              \"order\": \"ascending\"\r\n            }\r\n          ]\r\n        ]\r\n      },\r\n      \"partitionKey\": {\r\n        \"paths\": [\r\n          \"/foo\"\r\n        ],\r\n        \"kind\": \"Hash\"\r\n      },\r\n      \"uniqueKeyPolicy\": {\r\n        \"uniqueKeys\": [\r\n          {\r\n            \"paths\": [\r\n              \"/myUniqueKey3\"\r\n            ]\r\n          },\r\n          {\r\n            \"paths\": [\r\n              \"/myUniqueKey4\"\r\n            ]\r\n          },\r\n          {\r\n            \"paths\": [\r\n              \"/myUniqueKey2\"\r\n            ]\r\n          },\r\n          {\r\n            \"paths\": [\r\n              \"/myUniqueKey1\"\r\n            ]\r\n          }\r\n        ]\r\n      },\r\n      \"conflictResolutionPolicy\": {\r\n        \"mode\": \"LastWriterWins\",\r\n        \"conflictResolutionPath\": \"/_ts\",\r\n        \"conflictResolutionProcedure\": \"\"\r\n      },\r\n      \"geospatialConfig\": {\r\n        \"type\": \"Geography\"\r\n      },\r\n      \"_rid\": \"Bk0ZAJjGKdg=\",\r\n      \"_ts\": 1635301966,\r\n      \"_self\": \"dbs/Bk0ZAA==/colls/Bk0ZAJjGKdg=/\",\r\n      \"_etag\": \"\\\"00003400-0000-0100-0000-6178ba4e0000\\\"\",\r\n      \"_docs\": \"docs/\",\r\n      \"_sprocs\": \"sprocs/\",\r\n      \"_triggers\": \"triggers/\",\r\n      \"_udfs\": \"udfs/\",\r\n      \"_conflicts\": \"conflicts/\",\r\n      \"statistics\": [\r\n        {\r\n          \"id\": \"0\",\r\n          \"sizeInKB\": 0,\r\n          \"documentCount\": 0,\r\n          \"partitionKeys\": []\r\n        }\r\n      ]\r\n    }\r\n  }\r\n}",
      "StatusCode": 200
    },
    {
      "RequestUri": "/subscriptions/259fbb24-9bcd-4cfc-865c-fc33b22fe38a/resourceGroups/CosmosDBResourceGroup50/providers/Microsoft.DocumentDB/databaseAccounts/gremlin-db1050/gremlinDatabases/dbName/graphs/graph1?api-version=2021-10-15",
      "EncodedRequestUri": "L3N1YnNjcmlwdGlvbnMvMjU5ZmJiMjQtOWJjZC00Y2ZjLTg2NWMtZmMzM2IyMmZlMzhhL3Jlc291cmNlR3JvdXBzL0Nvc21vc0RCUmVzb3VyY2VHcm91cDUwL3Byb3ZpZGVycy9NaWNyb3NvZnQuRG9jdW1lbnREQi9kYXRhYmFzZUFjY291bnRzL2dyZW1saW4tZGIxMDUwL2dyZW1saW5EYXRhYmFzZXMvZGJOYW1lL2dyYXBocy9ncmFwaDE/YXBpLXZlcnNpb249MjAyMS0xMC0xNQ==",
      "RequestMethod": "GET",
      "RequestBody": "",
      "RequestHeaders": {
        "x-ms-client-request-id": [
          "37c73a8e-cf91-48eb-9240-fa8a398cee59"
        ],
        "Accept-Language": [
          "en-US"
        ],
        "User-Agent": [
          "FxVersion/4.6.28207.03",
          "OSName/Windows",
          "OSVersion/Microsoft.Windows.10.0.19043.",
          "Microsoft.Azure.Management.CosmosDB.CosmosDBManagementClient/3.2.0.0"
        ]
      },
      "ResponseHeaders": {
        "Cache-Control": [
          "no-store, no-cache"
        ],
        "Pragma": [
          "no-cache"
        ],
        "Strict-Transport-Security": [
          "max-age=31536000; includeSubDomains"
        ],
        "x-ms-gatewayversion": [
          "version=2.14.0"
        ],
        "Server": [
          "Microsoft-HTTPAPI/2.0"
        ],
        "x-ms-ratelimit-remaining-subscription-reads": [
          "11975"
        ],
        "x-ms-request-id": [
          "b05e1486-eb69-474a-9ad3-02726f4f6ffe"
        ],
        "x-ms-correlation-request-id": [
          "b05e1486-eb69-474a-9ad3-02726f4f6ffe"
        ],
        "x-ms-routing-request-id": [
          "WESTUS2:20211027T023411Z:b05e1486-eb69-474a-9ad3-02726f4f6ffe"
        ],
        "X-Content-Type-Options": [
          "nosniff"
        ],
        "Date": [
          "Wed, 27 Oct 2021 02:34:11 GMT"
        ],
        "Content-Length": [
          "1440"
        ],
        "Content-Type": [
          "application/json"
        ]
      },
      "ResponseBody": "{\r\n  \"id\": \"/subscriptions/259fbb24-9bcd-4cfc-865c-fc33b22fe38a/resourceGroups/CosmosDBResourceGroup50/providers/Microsoft.DocumentDB/databaseAccounts/gremlin-db1050/gremlinDatabases/dbName/graphs/graph1\",\r\n  \"type\": \"Microsoft.DocumentDB/databaseAccounts/gremlinDatabases/graphs\",\r\n  \"name\": \"graph1\",\r\n  \"properties\": {\r\n    \"resource\": {\r\n      \"id\": \"graph1\",\r\n      \"indexingPolicy\": {\r\n        \"indexingMode\": \"consistent\",\r\n        \"automatic\": true,\r\n        \"includedPaths\": [\r\n          {\r\n            \"path\": \"/*\"\r\n          }\r\n        ],\r\n        \"excludedPaths\": [\r\n          {\r\n            \"path\": \"/myPathToNotIndex/*\"\r\n          },\r\n          {\r\n            \"path\": \"/\\\"_etag\\\"/?\"\r\n          }\r\n        ],\r\n        \"spatialIndexes\": [\r\n          {\r\n            \"path\": \"/mySpatialPath/*\",\r\n            \"types\": [\r\n              \"Point\",\r\n              \"LineString\",\r\n              \"Polygon\",\r\n              \"MultiPolygon\"\r\n            ]\r\n          }\r\n        ],\r\n        \"compositeIndexes\": [\r\n          [\r\n            {\r\n              \"path\": \"/abc\",\r\n              \"order\": \"ascending\"\r\n            },\r\n            {\r\n              \"path\": \"/aberc\",\r\n              \"order\": \"descending\"\r\n            }\r\n          ],\r\n          [\r\n            {\r\n              \"path\": \"/aberc\",\r\n              \"order\": \"descending\"\r\n            },\r\n            {\r\n              \"path\": \"/abc\",\r\n              \"order\": \"ascending\"\r\n            }\r\n          ]\r\n        ]\r\n      },\r\n      \"partitionKey\": {\r\n        \"paths\": [\r\n          \"/foo\"\r\n        ],\r\n        \"kind\": \"Hash\"\r\n      },\r\n      \"uniqueKeyPolicy\": {\r\n        \"uniqueKeys\": [\r\n          {\r\n            \"paths\": [\r\n              \"/myUniqueKey3\"\r\n            ]\r\n          },\r\n          {\r\n            \"paths\": [\r\n              \"/myUniqueKey4\"\r\n            ]\r\n          },\r\n          {\r\n            \"paths\": [\r\n              \"/myUniqueKey2\"\r\n            ]\r\n          },\r\n          {\r\n            \"paths\": [\r\n              \"/myUniqueKey1\"\r\n            ]\r\n          }\r\n        ]\r\n      },\r\n      \"conflictResolutionPolicy\": {\r\n        \"mode\": \"LastWriterWins\",\r\n        \"conflictResolutionPath\": \"/_ts\",\r\n        \"conflictResolutionProcedure\": \"\"\r\n      },\r\n      \"geospatialConfig\": {\r\n        \"type\": \"Geography\"\r\n      },\r\n      \"_rid\": \"Bk0ZAJjGKdg=\",\r\n      \"_ts\": 1635301966,\r\n      \"_self\": \"dbs/Bk0ZAA==/colls/Bk0ZAJjGKdg=/\",\r\n      \"_etag\": \"\\\"00003400-0000-0100-0000-6178ba4e0000\\\"\",\r\n      \"_docs\": \"docs/\",\r\n      \"_sprocs\": \"sprocs/\",\r\n      \"_triggers\": \"triggers/\",\r\n      \"_udfs\": \"udfs/\",\r\n      \"_conflicts\": \"conflicts/\",\r\n      \"statistics\": [\r\n        {\r\n          \"id\": \"0\",\r\n          \"sizeInKB\": 0,\r\n          \"documentCount\": 0,\r\n          \"partitionKeys\": []\r\n        }\r\n      ]\r\n    }\r\n  }\r\n}",
      "StatusCode": 200
    },
    {
      "RequestUri": "/subscriptions/259fbb24-9bcd-4cfc-865c-fc33b22fe38a/resourceGroups/CosmosDBResourceGroup50/providers/Microsoft.DocumentDB/databaseAccounts/gremlin-db1050/gremlinDatabases/dbName/graphs/graph1?api-version=2021-10-15",
      "EncodedRequestUri": "L3N1YnNjcmlwdGlvbnMvMjU5ZmJiMjQtOWJjZC00Y2ZjLTg2NWMtZmMzM2IyMmZlMzhhL3Jlc291cmNlR3JvdXBzL0Nvc21vc0RCUmVzb3VyY2VHcm91cDUwL3Byb3ZpZGVycy9NaWNyb3NvZnQuRG9jdW1lbnREQi9kYXRhYmFzZUFjY291bnRzL2dyZW1saW4tZGIxMDUwL2dyZW1saW5EYXRhYmFzZXMvZGJOYW1lL2dyYXBocy9ncmFwaDE/YXBpLXZlcnNpb249MjAyMS0xMC0xNQ==",
      "RequestMethod": "GET",
      "RequestBody": "",
      "RequestHeaders": {
        "x-ms-client-request-id": [
          "37c73a8e-cf91-48eb-9240-fa8a398cee59"
        ],
        "User-Agent": [
          "FxVersion/4.6.28207.03",
          "OSName/Windows",
          "OSVersion/Microsoft.Windows.10.0.19043.",
          "Microsoft.Azure.Management.CosmosDB.CosmosDBManagementClient/3.2.0.0"
        ]
      },
      "ResponseHeaders": {
        "Cache-Control": [
          "no-store, no-cache"
        ],
        "Pragma": [
          "no-cache"
        ],
        "Strict-Transport-Security": [
          "max-age=31536000; includeSubDomains"
        ],
        "x-ms-gatewayversion": [
          "version=2.14.0"
        ],
        "Server": [
          "Microsoft-HTTPAPI/2.0"
        ],
        "x-ms-ratelimit-remaining-subscription-reads": [
          "11973"
        ],
        "x-ms-request-id": [
          "79106892-cc7b-4308-b39b-9d6c80d71b72"
        ],
        "x-ms-correlation-request-id": [
          "79106892-cc7b-4308-b39b-9d6c80d71b72"
        ],
        "x-ms-routing-request-id": [
          "WESTUS2:20211027T023442Z:79106892-cc7b-4308-b39b-9d6c80d71b72"
        ],
        "X-Content-Type-Options": [
          "nosniff"
        ],
        "Date": [
          "Wed, 27 Oct 2021 02:34:41 GMT"
        ],
        "Content-Length": [
          "1440"
        ],
        "Content-Type": [
          "application/json"
        ]
      },
      "ResponseBody": "{\r\n  \"id\": \"/subscriptions/259fbb24-9bcd-4cfc-865c-fc33b22fe38a/resourceGroups/CosmosDBResourceGroup50/providers/Microsoft.DocumentDB/databaseAccounts/gremlin-db1050/gremlinDatabases/dbName/graphs/graph1\",\r\n  \"type\": \"Microsoft.DocumentDB/databaseAccounts/gremlinDatabases/graphs\",\r\n  \"name\": \"graph1\",\r\n  \"properties\": {\r\n    \"resource\": {\r\n      \"id\": \"graph1\",\r\n      \"indexingPolicy\": {\r\n        \"indexingMode\": \"consistent\",\r\n        \"automatic\": true,\r\n        \"includedPaths\": [\r\n          {\r\n            \"path\": \"/*\"\r\n          }\r\n        ],\r\n        \"excludedPaths\": [\r\n          {\r\n            \"path\": \"/myPathToNotIndex/*\"\r\n          },\r\n          {\r\n            \"path\": \"/\\\"_etag\\\"/?\"\r\n          }\r\n        ],\r\n        \"spatialIndexes\": [\r\n          {\r\n            \"path\": \"/mySpatialPath/*\",\r\n            \"types\": [\r\n              \"Point\",\r\n              \"LineString\",\r\n              \"Polygon\",\r\n              \"MultiPolygon\"\r\n            ]\r\n          }\r\n        ],\r\n        \"compositeIndexes\": [\r\n          [\r\n            {\r\n              \"path\": \"/abc\",\r\n              \"order\": \"ascending\"\r\n            },\r\n            {\r\n              \"path\": \"/aberc\",\r\n              \"order\": \"descending\"\r\n            }\r\n          ],\r\n          [\r\n            {\r\n              \"path\": \"/aberc\",\r\n              \"order\": \"descending\"\r\n            },\r\n            {\r\n              \"path\": \"/abc\",\r\n              \"order\": \"ascending\"\r\n            }\r\n          ]\r\n        ]\r\n      },\r\n      \"partitionKey\": {\r\n        \"paths\": [\r\n          \"/foo\"\r\n        ],\r\n        \"kind\": \"Hash\"\r\n      },\r\n      \"uniqueKeyPolicy\": {\r\n        \"uniqueKeys\": [\r\n          {\r\n            \"paths\": [\r\n              \"/myUniqueKey3\"\r\n            ]\r\n          },\r\n          {\r\n            \"paths\": [\r\n              \"/myUniqueKey4\"\r\n            ]\r\n          },\r\n          {\r\n            \"paths\": [\r\n              \"/myUniqueKey2\"\r\n            ]\r\n          },\r\n          {\r\n            \"paths\": [\r\n              \"/myUniqueKey1\"\r\n            ]\r\n          }\r\n        ]\r\n      },\r\n      \"conflictResolutionPolicy\": {\r\n        \"mode\": \"LastWriterWins\",\r\n        \"conflictResolutionPath\": \"/_ts\",\r\n        \"conflictResolutionProcedure\": \"\"\r\n      },\r\n      \"geospatialConfig\": {\r\n        \"type\": \"Geography\"\r\n      },\r\n      \"_rid\": \"Bk0ZAJjGKdg=\",\r\n      \"_ts\": 1635301966,\r\n      \"_self\": \"dbs/Bk0ZAA==/colls/Bk0ZAJjGKdg=/\",\r\n      \"_etag\": \"\\\"00003400-0000-0100-0000-6178ba4e0000\\\"\",\r\n      \"_docs\": \"docs/\",\r\n      \"_sprocs\": \"sprocs/\",\r\n      \"_triggers\": \"triggers/\",\r\n      \"_udfs\": \"udfs/\",\r\n      \"_conflicts\": \"conflicts/\",\r\n      \"statistics\": [\r\n        {\r\n          \"id\": \"0\",\r\n          \"sizeInKB\": 0,\r\n          \"documentCount\": 0,\r\n          \"partitionKeys\": []\r\n        }\r\n      ]\r\n    }\r\n  }\r\n}",
      "StatusCode": 200
    },
    {
      "RequestUri": "/subscriptions/259fbb24-9bcd-4cfc-865c-fc33b22fe38a/resourceGroups/CosmosDBResourceGroup50/providers/Microsoft.DocumentDB/databaseAccounts/gremlin-db1050/gremlinDatabases/dbName/graphs/graph1?api-version=2021-10-15",
      "EncodedRequestUri": "L3N1YnNjcmlwdGlvbnMvMjU5ZmJiMjQtOWJjZC00Y2ZjLTg2NWMtZmMzM2IyMmZlMzhhL3Jlc291cmNlR3JvdXBzL0Nvc21vc0RCUmVzb3VyY2VHcm91cDUwL3Byb3ZpZGVycy9NaWNyb3NvZnQuRG9jdW1lbnREQi9kYXRhYmFzZUFjY291bnRzL2dyZW1saW4tZGIxMDUwL2dyZW1saW5EYXRhYmFzZXMvZGJOYW1lL2dyYXBocy9ncmFwaDE/YXBpLXZlcnNpb249MjAyMS0xMC0xNQ==",
      "RequestMethod": "PUT",
      "RequestBody": "{\r\n  \"properties\": {\r\n    \"resource\": {\r\n      \"id\": \"graph1\",\r\n      \"indexingPolicy\": {\r\n        \"automatic\": true,\r\n        \"indexingMode\": \"Consistent\",\r\n        \"includedPaths\": [\r\n          {\r\n            \"path\": \"/*\",\r\n            \"indexes\": [\r\n              {\r\n                \"dataType\": \"String\",\r\n                \"precision\": -1,\r\n                \"kind\": \"Hash\"\r\n              },\r\n              {\r\n                \"dataType\": \"String\",\r\n                \"precision\": -1,\r\n                \"kind\": \"Hash\"\r\n              }\r\n            ]\r\n          }\r\n        ],\r\n        \"excludedPaths\": [\r\n          {\r\n            \"path\": \"/myPathToNotIndex/*\"\r\n          }\r\n        ],\r\n        \"compositeIndexes\": [\r\n          [\r\n            {\r\n              \"path\": \"/abc\",\r\n              \"order\": \"Ascending\"\r\n            },\r\n            {\r\n              \"path\": \"/aberc\",\r\n              \"order\": \"Descending\"\r\n            }\r\n          ],\r\n          [\r\n            {\r\n              \"path\": \"/aberc\",\r\n              \"order\": \"Descending\"\r\n            },\r\n            {\r\n              \"path\": \"/abc\",\r\n              \"order\": \"Ascending\"\r\n            }\r\n          ]\r\n        ],\r\n        \"spatialIndexes\": [\r\n          {\r\n            \"path\": \"/mySpatialPath/*\",\r\n            \"types\": [\r\n              \"Point\",\r\n              \"LineString\",\r\n              \"Polygon\",\r\n              \"MultiPolygon\"\r\n            ]\r\n          }\r\n        ]\r\n      },\r\n      \"partitionKey\": {\r\n        \"paths\": [\r\n          \"/foo\"\r\n        ],\r\n        \"kind\": \"Hash\"\r\n      },\r\n      \"uniqueKeyPolicy\": {\r\n        \"uniqueKeys\": [\r\n          {\r\n            \"paths\": [\r\n              \"/myUniqueKey3\"\r\n            ]\r\n          },\r\n          {\r\n            \"paths\": [\r\n              \"/myUniqueKey4\"\r\n            ]\r\n          },\r\n          {\r\n            \"paths\": [\r\n              \"/myUniqueKey2\"\r\n            ]\r\n          },\r\n          {\r\n            \"paths\": [\r\n              \"/myUniqueKey1\"\r\n            ]\r\n          }\r\n        ]\r\n      }\r\n    },\r\n    \"options\": {\r\n      \"throughput\": 600\r\n    }\r\n  }\r\n}",
      "RequestHeaders": {
        "x-ms-client-request-id": [
          "bc08f5e5-e0b8-4031-abf8-0e5272b4dee6"
        ],
        "Accept-Language": [
          "en-US"
        ],
        "User-Agent": [
          "FxVersion/4.6.28207.03",
          "OSName/Windows",
          "OSVersion/Microsoft.Windows.10.0.19043.",
          "Microsoft.Azure.Management.CosmosDB.CosmosDBManagementClient/3.2.0.0"
        ],
        "Content-Type": [
          "application/json; charset=utf-8"
        ],
        "Content-Length": [
          "2070"
        ]
      },
      "ResponseHeaders": {
        "Cache-Control": [
          "no-store, no-cache"
        ],
        "Pragma": [
          "no-cache"
        ],
        "Location": [
          "https://management.azure.com/subscriptions/259fbb24-9bcd-4cfc-865c-fc33b22fe38a/resourceGroups/CosmosDBResourceGroup50/providers/Microsoft.DocumentDB/databaseAccounts/gremlin-db1050/gremlinDatabases/dbName/graphs/graph1/operationResults/2e9ccc22-56b2-4bbf-9f80-77eb3d0626cf?api-version=2021-10-15"
        ],
        "Azure-AsyncOperation": [
          "https://management.azure.com/subscriptions/259fbb24-9bcd-4cfc-865c-fc33b22fe38a/providers/Microsoft.DocumentDB/locations/eastus/operationsStatus/2e9ccc22-56b2-4bbf-9f80-77eb3d0626cf?api-version=2021-10-15"
        ],
        "x-ms-request-id": [
          "2e9ccc22-56b2-4bbf-9f80-77eb3d0626cf"
        ],
        "Strict-Transport-Security": [
          "max-age=31536000; includeSubDomains"
        ],
        "x-ms-gatewayversion": [
          "version=2.14.0"
        ],
        "Server": [
          "Microsoft-HTTPAPI/2.0"
        ],
        "x-ms-ratelimit-remaining-subscription-writes": [
          "1197"
        ],
        "x-ms-correlation-request-id": [
          "8fdb0a88-b882-4f14-b03a-f5b456ca0f2b"
        ],
        "x-ms-routing-request-id": [
          "WESTUS2:20211027T023238Z:8fdb0a88-b882-4f14-b03a-f5b456ca0f2b"
        ],
        "X-Content-Type-Options": [
          "nosniff"
        ],
        "Date": [
          "Wed, 27 Oct 2021 02:32:38 GMT"
        ],
        "Content-Length": [
          "21"
        ],
        "Content-Type": [
          "application/json"
        ]
      },
      "ResponseBody": "{\r\n  \"status\": \"Enqueued\"\r\n}",
      "StatusCode": 202
    },
    {
      "RequestUri": "/subscriptions/259fbb24-9bcd-4cfc-865c-fc33b22fe38a/resourceGroups/CosmosDBResourceGroup50/providers/Microsoft.DocumentDB/databaseAccounts/gremlin-db1050/gremlinDatabases/dbName/graphs/graph1?api-version=2021-10-15",
      "EncodedRequestUri": "L3N1YnNjcmlwdGlvbnMvMjU5ZmJiMjQtOWJjZC00Y2ZjLTg2NWMtZmMzM2IyMmZlMzhhL3Jlc291cmNlR3JvdXBzL0Nvc21vc0RCUmVzb3VyY2VHcm91cDUwL3Byb3ZpZGVycy9NaWNyb3NvZnQuRG9jdW1lbnREQi9kYXRhYmFzZUFjY291bnRzL2dyZW1saW4tZGIxMDUwL2dyZW1saW5EYXRhYmFzZXMvZGJOYW1lL2dyYXBocy9ncmFwaDE/YXBpLXZlcnNpb249MjAyMS0xMC0xNQ==",
      "RequestMethod": "PUT",
      "RequestBody": "{\r\n  \"properties\": {\r\n    \"resource\": {\r\n      \"id\": \"graph1\",\r\n      \"indexingPolicy\": {\r\n        \"automatic\": true,\r\n        \"indexingMode\": \"consistent\",\r\n        \"includedPaths\": [\r\n          {\r\n            \"path\": \"/*\"\r\n          }\r\n        ],\r\n        \"excludedPaths\": [\r\n          {\r\n            \"path\": \"/myPathToNotIndex/*\"\r\n          },\r\n          {\r\n            \"path\": \"/\\\"_etag\\\"/?\"\r\n          }\r\n        ],\r\n        \"compositeIndexes\": [\r\n          [\r\n            {\r\n              \"path\": \"/abc\",\r\n              \"order\": \"ascending\"\r\n            },\r\n            {\r\n              \"path\": \"/aberc\",\r\n              \"order\": \"descending\"\r\n            }\r\n          ],\r\n          [\r\n            {\r\n              \"path\": \"/aberc\",\r\n              \"order\": \"descending\"\r\n            },\r\n            {\r\n              \"path\": \"/abc\",\r\n              \"order\": \"ascending\"\r\n            }\r\n          ]\r\n        ],\r\n        \"spatialIndexes\": [\r\n          {\r\n            \"path\": \"/mySpatialPath/*\",\r\n            \"types\": [\r\n              \"Point\",\r\n              \"LineString\",\r\n              \"Polygon\",\r\n              \"MultiPolygon\"\r\n            ]\r\n          }\r\n        ]\r\n      },\r\n      \"partitionKey\": {\r\n        \"paths\": [\r\n          \"/foo\"\r\n        ],\r\n        \"kind\": \"Hash\"\r\n      },\r\n      \"uniqueKeyPolicy\": {\r\n        \"uniqueKeys\": [\r\n          {\r\n            \"paths\": [\r\n              \"/myUniqueKey3\"\r\n            ]\r\n          },\r\n          {\r\n            \"paths\": [\r\n              \"/myUniqueKey4\"\r\n            ]\r\n          },\r\n          {\r\n            \"paths\": [\r\n              \"/myUniqueKey2\"\r\n            ]\r\n          },\r\n          {\r\n            \"paths\": [\r\n              \"/myUniqueKey1\"\r\n            ]\r\n          }\r\n        ]\r\n      },\r\n      \"conflictResolutionPolicy\": {\r\n        \"mode\": \"LastWriterWins\",\r\n        \"conflictResolutionPath\": \"/_ts\",\r\n        \"conflictResolutionProcedure\": \"\"\r\n      }\r\n    },\r\n    \"options\": {}\r\n  }\r\n}",
      "RequestHeaders": {
        "x-ms-client-request-id": [
          "37c73a8e-cf91-48eb-9240-fa8a398cee59"
        ],
        "Accept-Language": [
          "en-US"
        ],
        "User-Agent": [
          "FxVersion/4.6.28207.03",
          "OSName/Windows",
          "OSVersion/Microsoft.Windows.10.0.19043.",
          "Microsoft.Azure.Management.CosmosDB.CosmosDBManagementClient/3.2.0.0"
        ],
        "Content-Type": [
          "application/json; charset=utf-8"
        ],
        "Content-Length": [
          "1949"
        ]
      },
      "ResponseHeaders": {
        "Cache-Control": [
          "no-store, no-cache"
        ],
        "Pragma": [
          "no-cache"
        ],
        "Location": [
          "https://management.azure.com/subscriptions/259fbb24-9bcd-4cfc-865c-fc33b22fe38a/resourceGroups/CosmosDBResourceGroup50/providers/Microsoft.DocumentDB/databaseAccounts/gremlin-db1050/gremlinDatabases/dbName/graphs/graph1/operationResults/7df2eb86-26bb-459d-b1ed-dd12a6decd88?api-version=2021-10-15"
        ],
        "Azure-AsyncOperation": [
          "https://management.azure.com/subscriptions/259fbb24-9bcd-4cfc-865c-fc33b22fe38a/providers/Microsoft.DocumentDB/locations/eastus/operationsStatus/7df2eb86-26bb-459d-b1ed-dd12a6decd88?api-version=2021-10-15"
        ],
        "x-ms-request-id": [
          "7df2eb86-26bb-459d-b1ed-dd12a6decd88"
        ],
        "Strict-Transport-Security": [
          "max-age=31536000; includeSubDomains"
        ],
        "x-ms-gatewayversion": [
          "version=2.14.0"
        ],
        "Server": [
          "Microsoft-HTTPAPI/2.0"
        ],
        "x-ms-ratelimit-remaining-subscription-writes": [
          "1194"
        ],
        "x-ms-correlation-request-id": [
          "b89956c9-c137-4e08-b239-75da99f8da30"
        ],
        "x-ms-routing-request-id": [
          "WESTUS2:20211027T023411Z:b89956c9-c137-4e08-b239-75da99f8da30"
        ],
        "X-Content-Type-Options": [
          "nosniff"
        ],
        "Date": [
          "Wed, 27 Oct 2021 02:34:11 GMT"
        ],
        "Content-Length": [
          "21"
        ],
        "Content-Type": [
          "application/json"
        ]
      },
      "ResponseBody": "{\r\n  \"status\": \"Enqueued\"\r\n}",
      "StatusCode": 202
    },
    {
      "RequestUri": "/subscriptions/259fbb24-9bcd-4cfc-865c-fc33b22fe38a/providers/Microsoft.DocumentDB/locations/eastus/operationsStatus/2e9ccc22-56b2-4bbf-9f80-77eb3d0626cf?api-version=2021-10-15",
      "EncodedRequestUri": "L3N1YnNjcmlwdGlvbnMvMjU5ZmJiMjQtOWJjZC00Y2ZjLTg2NWMtZmMzM2IyMmZlMzhhL3Byb3ZpZGVycy9NaWNyb3NvZnQuRG9jdW1lbnREQi9sb2NhdGlvbnMvZWFzdHVzL29wZXJhdGlvbnNTdGF0dXMvMmU5Y2NjMjItNTZiMi00YmJmLTlmODAtNzdlYjNkMDYyNmNmP2FwaS12ZXJzaW9uPTIwMjEtMTAtMTU=",
      "RequestMethod": "GET",
      "RequestBody": "",
      "RequestHeaders": {
        "x-ms-client-request-id": [
          "bc08f5e5-e0b8-4031-abf8-0e5272b4dee6"
        ],
        "User-Agent": [
          "FxVersion/4.6.28207.03",
          "OSName/Windows",
          "OSVersion/Microsoft.Windows.10.0.19043.",
          "Microsoft.Azure.Management.CosmosDB.CosmosDBManagementClient/3.2.0.0"
        ]
      },
      "ResponseHeaders": {
        "Cache-Control": [
          "no-store, no-cache"
        ],
        "Pragma": [
          "no-cache"
        ],
        "Strict-Transport-Security": [
          "max-age=31536000; includeSubDomains"
        ],
        "x-ms-gatewayversion": [
          "version=2.14.0"
        ],
        "Server": [
          "Microsoft-HTTPAPI/2.0"
        ],
        "x-ms-ratelimit-remaining-subscription-reads": [
          "11985"
        ],
        "x-ms-request-id": [
          "9a1e4d6a-ba13-4b7d-8174-959e790fcd96"
        ],
        "x-ms-correlation-request-id": [
          "9a1e4d6a-ba13-4b7d-8174-959e790fcd96"
        ],
        "x-ms-routing-request-id": [
          "WESTUS2:20211027T023308Z:9a1e4d6a-ba13-4b7d-8174-959e790fcd96"
        ],
        "X-Content-Type-Options": [
          "nosniff"
        ],
        "Date": [
          "Wed, 27 Oct 2021 02:33:08 GMT"
        ],
        "Content-Length": [
          "22"
        ],
        "Content-Type": [
          "application/json"
        ]
      },
      "ResponseBody": "{\r\n  \"status\": \"Succeeded\"\r\n}",
      "StatusCode": 200
    },
    {
      "RequestUri": "/subscriptions/259fbb24-9bcd-4cfc-865c-fc33b22fe38a/resourceGroups/CosmosDBResourceGroup50/providers/Microsoft.DocumentDB/databaseAccounts/gremlin-db1050/gremlinDatabases/dbName29?api-version=2021-10-15",
      "EncodedRequestUri": "L3N1YnNjcmlwdGlvbnMvMjU5ZmJiMjQtOWJjZC00Y2ZjLTg2NWMtZmMzM2IyMmZlMzhhL3Jlc291cmNlR3JvdXBzL0Nvc21vc0RCUmVzb3VyY2VHcm91cDUwL3Byb3ZpZGVycy9NaWNyb3NvZnQuRG9jdW1lbnREQi9kYXRhYmFzZUFjY291bnRzL2dyZW1saW4tZGIxMDUwL2dyZW1saW5EYXRhYmFzZXMvZGJOYW1lMjk/YXBpLXZlcnNpb249MjAyMS0xMC0xNQ==",
      "RequestMethod": "PUT",
      "RequestBody": "{\r\n  \"properties\": {\r\n    \"resource\": {\r\n      \"id\": \"dbName29\"\r\n    },\r\n    \"options\": {}\r\n  }\r\n}",
      "RequestHeaders": {
        "x-ms-client-request-id": [
          "04eeba27-0256-49b1-8440-c7c472155fb0"
        ],
        "Accept-Language": [
          "en-US"
        ],
        "User-Agent": [
          "FxVersion/4.6.28207.03",
          "OSName/Windows",
          "OSVersion/Microsoft.Windows.10.0.19043.",
          "Microsoft.Azure.Management.CosmosDB.CosmosDBManagementClient/3.2.0.0"
        ],
        "Content-Type": [
          "application/json; charset=utf-8"
        ],
        "Content-Length": [
          "98"
        ]
      },
      "ResponseHeaders": {
        "Cache-Control": [
          "no-store, no-cache"
        ],
        "Pragma": [
          "no-cache"
        ],
        "Location": [
          "https://management.azure.com/subscriptions/259fbb24-9bcd-4cfc-865c-fc33b22fe38a/resourceGroups/CosmosDBResourceGroup50/providers/Microsoft.DocumentDB/databaseAccounts/gremlin-db1050/gremlinDatabases/dbName29/operationResults/91653c42-6783-43e5-9f94-ab4ba575bc67?api-version=2021-10-15"
        ],
        "Azure-AsyncOperation": [
          "https://management.azure.com/subscriptions/259fbb24-9bcd-4cfc-865c-fc33b22fe38a/providers/Microsoft.DocumentDB/locations/eastus/operationsStatus/91653c42-6783-43e5-9f94-ab4ba575bc67?api-version=2021-10-15"
        ],
        "x-ms-request-id": [
          "91653c42-6783-43e5-9f94-ab4ba575bc67"
        ],
        "Strict-Transport-Security": [
          "max-age=31536000; includeSubDomains"
        ],
        "x-ms-gatewayversion": [
          "version=2.14.0"
        ],
        "Server": [
          "Microsoft-HTTPAPI/2.0"
        ],
        "x-ms-ratelimit-remaining-subscription-writes": [
          "1196"
        ],
        "x-ms-correlation-request-id": [
          "fca75c3b-cbe6-41b7-97ea-3ab1d07c3132"
        ],
        "x-ms-routing-request-id": [
          "WESTUS2:20211027T023309Z:fca75c3b-cbe6-41b7-97ea-3ab1d07c3132"
        ],
        "X-Content-Type-Options": [
          "nosniff"
        ],
        "Date": [
          "Wed, 27 Oct 2021 02:33:08 GMT"
        ],
        "Content-Length": [
          "21"
        ],
        "Content-Type": [
          "application/json"
        ]
      },
      "ResponseBody": "{\r\n  \"status\": \"Enqueued\"\r\n}",
      "StatusCode": 202
    },
    {
      "RequestUri": "/subscriptions/259fbb24-9bcd-4cfc-865c-fc33b22fe38a/providers/Microsoft.DocumentDB/locations/eastus/operationsStatus/91653c42-6783-43e5-9f94-ab4ba575bc67?api-version=2021-10-15",
      "EncodedRequestUri": "L3N1YnNjcmlwdGlvbnMvMjU5ZmJiMjQtOWJjZC00Y2ZjLTg2NWMtZmMzM2IyMmZlMzhhL3Byb3ZpZGVycy9NaWNyb3NvZnQuRG9jdW1lbnREQi9sb2NhdGlvbnMvZWFzdHVzL29wZXJhdGlvbnNTdGF0dXMvOTE2NTNjNDItNjc4My00M2U1LTlmOTQtYWI0YmE1NzViYzY3P2FwaS12ZXJzaW9uPTIwMjEtMTAtMTU=",
      "RequestMethod": "GET",
      "RequestBody": "",
      "RequestHeaders": {
        "x-ms-client-request-id": [
          "04eeba27-0256-49b1-8440-c7c472155fb0"
        ],
        "User-Agent": [
          "FxVersion/4.6.28207.03",
          "OSName/Windows",
          "OSVersion/Microsoft.Windows.10.0.19043.",
          "Microsoft.Azure.Management.CosmosDB.CosmosDBManagementClient/3.2.0.0"
        ]
      },
      "ResponseHeaders": {
        "Cache-Control": [
          "no-store, no-cache"
        ],
        "Pragma": [
          "no-cache"
        ],
        "Strict-Transport-Security": [
          "max-age=31536000; includeSubDomains"
        ],
        "x-ms-gatewayversion": [
          "version=2.14.0"
        ],
        "Server": [
          "Microsoft-HTTPAPI/2.0"
        ],
        "x-ms-ratelimit-remaining-subscription-reads": [
          "11982"
        ],
        "x-ms-request-id": [
          "e4c12af5-3df5-4abc-b6c2-ebedd6f8c5c3"
        ],
        "x-ms-correlation-request-id": [
          "e4c12af5-3df5-4abc-b6c2-ebedd6f8c5c3"
        ],
        "x-ms-routing-request-id": [
          "WESTUS2:20211027T023339Z:e4c12af5-3df5-4abc-b6c2-ebedd6f8c5c3"
        ],
        "X-Content-Type-Options": [
          "nosniff"
        ],
        "Date": [
          "Wed, 27 Oct 2021 02:33:38 GMT"
        ],
        "Content-Length": [
          "22"
        ],
        "Content-Type": [
          "application/json"
        ]
      },
      "ResponseBody": "{\r\n  \"status\": \"Succeeded\"\r\n}",
      "StatusCode": 200
    },
    {
      "RequestUri": "/subscriptions/259fbb24-9bcd-4cfc-865c-fc33b22fe38a/resourceGroups/CosmosDBResourceGroup50/providers/Microsoft.DocumentDB/databaseAccounts/gremlin-db1050/gremlinDatabases/dbName29?api-version=2021-10-15",
      "EncodedRequestUri": "L3N1YnNjcmlwdGlvbnMvMjU5ZmJiMjQtOWJjZC00Y2ZjLTg2NWMtZmMzM2IyMmZlMzhhL3Jlc291cmNlR3JvdXBzL0Nvc21vc0RCUmVzb3VyY2VHcm91cDUwL3Byb3ZpZGVycy9NaWNyb3NvZnQuRG9jdW1lbnREQi9kYXRhYmFzZUFjY291bnRzL2dyZW1saW4tZGIxMDUwL2dyZW1saW5EYXRhYmFzZXMvZGJOYW1lMjk/YXBpLXZlcnNpb249MjAyMS0xMC0xNQ==",
      "RequestMethod": "GET",
      "RequestBody": "",
      "RequestHeaders": {
        "x-ms-client-request-id": [
          "04eeba27-0256-49b1-8440-c7c472155fb0"
        ],
        "User-Agent": [
          "FxVersion/4.6.28207.03",
          "OSName/Windows",
          "OSVersion/Microsoft.Windows.10.0.19043.",
          "Microsoft.Azure.Management.CosmosDB.CosmosDBManagementClient/3.2.0.0"
        ]
      },
      "ResponseHeaders": {
        "Cache-Control": [
          "no-store, no-cache"
        ],
        "Pragma": [
          "no-cache"
        ],
        "Strict-Transport-Security": [
          "max-age=31536000; includeSubDomains"
        ],
        "x-ms-gatewayversion": [
          "version=2.14.0"
        ],
        "Server": [
          "Microsoft-HTTPAPI/2.0"
        ],
        "x-ms-ratelimit-remaining-subscription-reads": [
          "11981"
        ],
        "x-ms-request-id": [
          "b582b5b6-4214-4c00-82a0-e90995ae4d91"
        ],
        "x-ms-correlation-request-id": [
          "b582b5b6-4214-4c00-82a0-e90995ae4d91"
        ],
        "x-ms-routing-request-id": [
          "WESTUS2:20211027T023339Z:b582b5b6-4214-4c00-82a0-e90995ae4d91"
        ],
        "X-Content-Type-Options": [
          "nosniff"
        ],
        "Date": [
          "Wed, 27 Oct 2021 02:33:39 GMT"
        ],
        "Content-Length": [
          "460"
        ],
        "Content-Type": [
          "application/json"
        ]
      },
      "ResponseBody": "{\r\n  \"id\": \"/subscriptions/259fbb24-9bcd-4cfc-865c-fc33b22fe38a/resourceGroups/CosmosDBResourceGroup50/providers/Microsoft.DocumentDB/databaseAccounts/gremlin-db1050/gremlinDatabases/dbName29\",\r\n  \"type\": \"Microsoft.DocumentDB/databaseAccounts/gremlinDatabases\",\r\n  \"name\": \"dbName29\",\r\n  \"properties\": {\r\n    \"resource\": {\r\n      \"id\": \"dbName29\",\r\n      \"_rid\": \"BlttAA==\",\r\n      \"_self\": \"dbs/BlttAA==/\",\r\n      \"_etag\": \"\\\"00003c00-0000-0100-0000-6178ba6a0000\\\"\",\r\n      \"_colls\": \"colls/\",\r\n      \"_users\": \"users/\",\r\n      \"_ts\": 1635301994\r\n    }\r\n  }\r\n}",
      "StatusCode": 200
    },
    {
      "RequestUri": "/subscriptions/259fbb24-9bcd-4cfc-865c-fc33b22fe38a/resourceGroups/CosmosDBResourceGroup50/providers/Microsoft.DocumentDB/databaseAccounts/gremlin-db1050/gremlinDatabases/dbName/graphs/graph2?api-version=2021-10-15",
      "EncodedRequestUri": "L3N1YnNjcmlwdGlvbnMvMjU5ZmJiMjQtOWJjZC00Y2ZjLTg2NWMtZmMzM2IyMmZlMzhhL3Jlc291cmNlR3JvdXBzL0Nvc21vc0RCUmVzb3VyY2VHcm91cDUwL3Byb3ZpZGVycy9NaWNyb3NvZnQuRG9jdW1lbnREQi9kYXRhYmFzZUFjY291bnRzL2dyZW1saW4tZGIxMDUwL2dyZW1saW5EYXRhYmFzZXMvZGJOYW1lL2dyYXBocy9ncmFwaDI/YXBpLXZlcnNpb249MjAyMS0xMC0xNQ==",
      "RequestMethod": "GET",
      "RequestBody": "",
      "RequestHeaders": {
        "x-ms-client-request-id": [
          "1da185c7-581b-4f69-bff9-52e8030ad422"
        ],
        "Accept-Language": [
          "en-US"
        ],
        "User-Agent": [
          "FxVersion/4.6.28207.03",
          "OSName/Windows",
          "OSVersion/Microsoft.Windows.10.0.19043.",
          "Microsoft.Azure.Management.CosmosDB.CosmosDBManagementClient/3.2.0.0"
        ]
      },
      "ResponseHeaders": {
        "Cache-Control": [
          "no-store, no-cache"
        ],
        "Pragma": [
          "no-cache"
        ],
        "Strict-Transport-Security": [
          "max-age=31536000; includeSubDomains"
        ],
        "x-ms-gatewayversion": [
          "version=2.14.0"
        ],
        "Server": [
          "Microsoft-HTTPAPI/2.0"
        ],
        "x-ms-ratelimit-remaining-subscription-reads": [
          "11980"
        ],
        "x-ms-request-id": [
          "6833b2f3-6910-4274-a1bc-e658450c6960"
        ],
        "x-ms-correlation-request-id": [
          "6833b2f3-6910-4274-a1bc-e658450c6960"
        ],
        "x-ms-routing-request-id": [
          "WESTUS2:20211027T023340Z:6833b2f3-6910-4274-a1bc-e658450c6960"
        ],
        "X-Content-Type-Options": [
          "nosniff"
        ],
        "Date": [
          "Wed, 27 Oct 2021 02:33:39 GMT"
        ],
        "Content-Length": [
          "5583"
        ],
        "Content-Type": [
          "application/json"
        ]
      },
      "ResponseBody": "{\r\n  \"code\": \"NotFound\",\r\n  \"message\": \"Message: {\\\"code\\\":\\\"NotFound\\\",\\\"message\\\":\\\"Message: {\\\\\\\"Errors\\\\\\\":[\\\\\\\"Resource Not Found. Learn more: https:\\\\\\\\/\\\\\\\\/aka.ms\\\\\\\\/cosmosdb-tsg-not-found\\\\\\\"]}\\\\r\\\\nActivityId: 1da185c7-581b-4f69-bff9-52e8030ad422, Request URI: /apps/f8df5f5e-1390-436b-93aa-40cf51489daa/services/494deaeb-8a78-4591-adb1-029bd26ed7eb/partitions/a6af21ac-5ecd-42c8-b488-4301ff48eaf7/replicas/132791511014773131s, RequestStats: \\\\r\\\\nRequestStartTime: 2021-10-27T02:33:40.0753961Z, RequestEndTime: 2021-10-27T02:33:40.0753961Z,  Number of regions attempted:1\\\\r\\\\n{\\\\\\\"systemHistory\\\\\\\":[{\\\\\\\"dateUtc\\\\\\\":\\\\\\\"2021-10-27T02:32:41.7743765Z\\\\\\\",\\\\\\\"cpu\\\\\\\":11.897,\\\\\\\"memory\\\\\\\":43757621248.000,\\\\\\\"threadInfo\\\\\\\":{\\\\\\\"isThreadStarving\\\\\\\":\\\\\\\"False\\\\\\\",\\\\\\\"threadWaitIntervalInMs\\\\\\\":0.0151,\\\\\\\"availableThreads\\\\\\\":32763,\\\\\\\"minThreads\\\\\\\":52,\\\\\\\"maxThreads\\\\\\\":32767}},{\\\\\\\"dateUtc\\\\\\\":\\\\\\\"2021-10-27T02:32:51.7847558Z\\\\\\\",\\\\\\\"cpu\\\\\\\":11.750,\\\\\\\"memory\\\\\\\":43851845632.000,\\\\\\\"threadInfo\\\\\\\":{\\\\\\\"isThreadStarving\\\\\\\":\\\\\\\"False\\\\\\\",\\\\\\\"threadWaitIntervalInMs\\\\\\\":0.018,\\\\\\\"availableThreads\\\\\\\":32764,\\\\\\\"minThreads\\\\\\\":52,\\\\\\\"maxThreads\\\\\\\":32767}},{\\\\\\\"dateUtc\\\\\\\":\\\\\\\"2021-10-27T02:33:01.7947662Z\\\\\\\",\\\\\\\"cpu\\\\\\\":16.132,\\\\\\\"memory\\\\\\\":44354035712.000,\\\\\\\"threadInfo\\\\\\\":{\\\\\\\"isThreadStarving\\\\\\\":\\\\\\\"False\\\\\\\",\\\\\\\"threadWaitIntervalInMs\\\\\\\":0.0171,\\\\\\\"availableThreads\\\\\\\":32764,\\\\\\\"minThreads\\\\\\\":52,\\\\\\\"maxThreads\\\\\\\":32767}},{\\\\\\\"dateUtc\\\\\\\":\\\\\\\"2021-10-27T02:33:11.8149362Z\\\\\\\",\\\\\\\"cpu\\\\\\\":11.342,\\\\\\\"memory\\\\\\\":44787052544.000,\\\\\\\"threadInfo\\\\\\\":{\\\\\\\"isThreadStarving\\\\\\\":\\\\\\\"False\\\\\\\",\\\\\\\"threadWaitIntervalInMs\\\\\\\":0.0141,\\\\\\\"availableThreads\\\\\\\":32764,\\\\\\\"minThreads\\\\\\\":52,\\\\\\\"maxThreads\\\\\\\":32767}},{\\\\\\\"dateUtc\\\\\\\":\\\\\\\"2021-10-27T02:33:21.8251305Z\\\\\\\",\\\\\\\"cpu\\\\\\\":11.324,\\\\\\\"memory\\\\\\\":45096280064.000,\\\\\\\"threadInfo\\\\\\\":{\\\\\\\"isThreadStarving\\\\\\\":\\\\\\\"False\\\\\\\",\\\\\\\"threadWaitIntervalInMs\\\\\\\":0.0115,\\\\\\\"availableThreads\\\\\\\":32764,\\\\\\\"minThreads\\\\\\\":52,\\\\\\\"maxThreads\\\\\\\":32767}},{\\\\\\\"dateUtc\\\\\\\":\\\\\\\"2021-10-27T02:33:31.8353010Z\\\\\\\",\\\\\\\"cpu\\\\\\\":12.919,\\\\\\\"memory\\\\\\\":45712113664.000,\\\\\\\"threadInfo\\\\\\\":{\\\\\\\"isThreadStarving\\\\\\\":\\\\\\\"False\\\\\\\",\\\\\\\"threadWaitIntervalInMs\\\\\\\":0.0129,\\\\\\\"availableThreads\\\\\\\":32761,\\\\\\\"minThreads\\\\\\\":52,\\\\\\\"maxThreads\\\\\\\":32767}}]}\\\\r\\\\nRequestStart: 2021-10-27T02:33:40.0753961Z; ResponseTime: 2021-10-27T02:33:40.0753961Z; StoreResult: StorePhysicalAddress: rntbd://10.0.0.28:11000/apps/f8df5f5e-1390-436b-93aa-40cf51489daa/services/494deaeb-8a78-4591-adb1-029bd26ed7eb/partitions/a6af21ac-5ecd-42c8-b488-4301ff48eaf7/replicas/132791511014773131s, LSN: 10, GlobalCommittedLsn: 10, PartitionKeyRangeId: , IsValid: True, StatusCode: 404, SubStatusCode: 0, RequestCharge: 1, ItemLSN: -1, SessionToken: -1#10, UsingLocalLSN: False, TransportException: null, BELatencyMs: 0.478, ActivityId: 1da185c7-581b-4f69-bff9-52e8030ad422, TransportRequestTimeline: {\\\\\\\"requestTimeline\\\\\\\":[{\\\\\\\"event\\\\\\\": \\\\\\\"Created\\\\\\\", \\\\\\\"startTimeUtc\\\\\\\": \\\\\\\"2021-10-27T02:33:40.0753961Z\\\\\\\", \\\\\\\"durationInMs\\\\\\\": 0.0088},{\\\\\\\"event\\\\\\\": \\\\\\\"ChannelAcquisitionStarted\\\\\\\", \\\\\\\"startTimeUtc\\\\\\\": \\\\\\\"2021-10-27T02:33:40.0754049Z\\\\\\\", \\\\\\\"durationInMs\\\\\\\": 0.0031},{\\\\\\\"event\\\\\\\": \\\\\\\"Pipelined\\\\\\\", \\\\\\\"startTimeUtc\\\\\\\": \\\\\\\"2021-10-27T02:33:40.0754080Z\\\\\\\", \\\\\\\"durationInMs\\\\\\\": 0.1856},{\\\\\\\"event\\\\\\\": \\\\\\\"Transit Time\\\\\\\", \\\\\\\"startTimeUtc\\\\\\\": \\\\\\\"2021-10-27T02:33:40.0755936Z\\\\\\\", \\\\\\\"durationInMs\\\\\\\": 0.9694},{\\\\\\\"event\\\\\\\": \\\\\\\"Received\\\\\\\", \\\\\\\"startTimeUtc\\\\\\\": \\\\\\\"2021-10-27T02:33:40.0765630Z\\\\\\\", \\\\\\\"durationInMs\\\\\\\": 0.0276},{\\\\\\\"event\\\\\\\": \\\\\\\"Completed\\\\\\\", \\\\\\\"startTimeUtc\\\\\\\": \\\\\\\"2021-10-27T02:33:40.0765906Z\\\\\\\", \\\\\\\"durationInMs\\\\\\\": 0}],\\\\\\\"requestSizeInBytes\\\\\\\":478,\\\\\\\"responseMetadataSizeInBytes\\\\\\\":135,\\\\\\\"responseBodySizeInBytes\\\\\\\":87};\\\\r\\\\n ResourceType: Collection, OperationType: Read\\\\r\\\\nRequestStart: 2021-10-27T02:33:40.0753961Z; ResponseTime: 2021-10-27T02:33:40.0753961Z; StoreResult: StorePhysicalAddress: rntbd://10.0.0.23:11000/apps/f8df5f5e-1390-436b-93aa-40cf51489daa/services/494deaeb-8a78-4591-adb1-029bd26ed7eb/partitions/a6af21ac-5ecd-42c8-b488-4301ff48eaf7/replicas/132791511088368308s, LSN: 10, GlobalCommittedLsn: 10, PartitionKeyRangeId: , IsValid: True, StatusCode: 404, SubStatusCode: 0, RequestCharge: 1, ItemLSN: -1, SessionToken: -1#10, UsingLocalLSN: False, TransportException: null, BELatencyMs: 0.321, ActivityId: 1da185c7-581b-4f69-bff9-52e8030ad422, TransportRequestTimeline: {\\\\\\\"requestTimeline\\\\\\\":[{\\\\\\\"event\\\\\\\": \\\\\\\"Created\\\\\\\", \\\\\\\"startTimeUtc\\\\\\\": \\\\\\\"2021-10-27T02:33:40.0753961Z\\\\\\\", \\\\\\\"durationInMs\\\\\\\": 0.0051},{\\\\\\\"event\\\\\\\": \\\\\\\"ChannelAcquisitionStarted\\\\\\\", \\\\\\\"startTimeUtc\\\\\\\": \\\\\\\"2021-10-27T02:33:40.0754012Z\\\\\\\", \\\\\\\"durationInMs\\\\\\\": 0.0015},{\\\\\\\"event\\\\\\\": \\\\\\\"Pipelined\\\\\\\", \\\\\\\"startTimeUtc\\\\\\\": \\\\\\\"2021-10-27T02:33:40.0754027Z\\\\\\\", \\\\\\\"durationInMs\\\\\\\": 0.1691},{\\\\\\\"event\\\\\\\": \\\\\\\"Transit Time\\\\\\\", \\\\\\\"startTimeUtc\\\\\\\": \\\\\\\"2021-10-27T02:33:40.0755718Z\\\\\\\", \\\\\\\"durationInMs\\\\\\\": 0.6971},{\\\\\\\"event\\\\\\\": \\\\\\\"Received\\\\\\\", \\\\\\\"startTimeUtc\\\\\\\": \\\\\\\"2021-10-27T02:33:40.0762689Z\\\\\\\", \\\\\\\"durationInMs\\\\\\\": 0.0237},{\\\\\\\"event\\\\\\\": \\\\\\\"Completed\\\\\\\", \\\\\\\"startTimeUtc\\\\\\\": \\\\\\\"2021-10-27T02:33:40.0762926Z\\\\\\\", \\\\\\\"durationInMs\\\\\\\": 0}],\\\\\\\"requestSizeInBytes\\\\\\\":478,\\\\\\\"responseMetadataSizeInBytes\\\\\\\":135,\\\\\\\"responseBodySizeInBytes\\\\\\\":87};\\\\r\\\\n ResourceType: Collection, OperationType: Read\\\\r\\\\n, SDK: Microsoft.Azure.Documents.Common/2.14.0\\\"}, Request URI: /dbs/dbName/colls/graph2, RequestStats: , SDK: Microsoft.Azure.Documents.Common/2.14.0\"\r\n}",
      "StatusCode": 404
    },
    {
      "RequestUri": "/subscriptions/259fbb24-9bcd-4cfc-865c-fc33b22fe38a/providers/Microsoft.DocumentDB/locations/eastus/operationsStatus/bd4f04ac-eafc-412b-bf8d-5d3c82dd2383?api-version=2021-10-15",
      "EncodedRequestUri": "L3N1YnNjcmlwdGlvbnMvMjU5ZmJiMjQtOWJjZC00Y2ZjLTg2NWMtZmMzM2IyMmZlMzhhL3Byb3ZpZGVycy9NaWNyb3NvZnQuRG9jdW1lbnREQi9sb2NhdGlvbnMvZWFzdHVzL29wZXJhdGlvbnNTdGF0dXMvYmQ0ZjA0YWMtZWFmYy00MTJiLWJmOGQtNWQzYzgyZGQyMzgzP2FwaS12ZXJzaW9uPTIwMjEtMTAtMTU=",
      "RequestMethod": "GET",
      "RequestBody": "",
      "RequestHeaders": {
        "x-ms-client-request-id": [
          "59a66231-9ea0-48c5-b456-340425f02a9c"
        ],
        "User-Agent": [
          "FxVersion/4.6.28207.03",
          "OSName/Windows",
          "OSVersion/Microsoft.Windows.10.0.19043.",
          "Microsoft.Azure.Management.CosmosDB.CosmosDBManagementClient/3.2.0.0"
        ]
      },
      "ResponseHeaders": {
        "Cache-Control": [
          "no-store, no-cache"
        ],
        "Pragma": [
          "no-cache"
        ],
        "Strict-Transport-Security": [
          "max-age=31536000; includeSubDomains"
        ],
        "x-ms-gatewayversion": [
          "version=2.14.0"
        ],
        "Server": [
          "Microsoft-HTTPAPI/2.0"
        ],
        "x-ms-ratelimit-remaining-subscription-reads": [
          "11977"
        ],
        "x-ms-request-id": [
          "0e8b85b0-3285-4547-a9b1-3836942458f2"
        ],
        "x-ms-correlation-request-id": [
          "0e8b85b0-3285-4547-a9b1-3836942458f2"
        ],
        "x-ms-routing-request-id": [
          "WESTUS2:20211027T023411Z:0e8b85b0-3285-4547-a9b1-3836942458f2"
        ],
        "X-Content-Type-Options": [
          "nosniff"
        ],
        "Date": [
          "Wed, 27 Oct 2021 02:34:10 GMT"
        ],
        "Content-Length": [
          "22"
        ],
        "Content-Type": [
          "application/json"
        ]
      },
      "ResponseBody": "{\r\n  \"status\": \"Succeeded\"\r\n}",
      "StatusCode": 200
    },
    {
      "RequestUri": "/subscriptions/259fbb24-9bcd-4cfc-865c-fc33b22fe38a/providers/Microsoft.DocumentDB/locations/eastus/operationsStatus/7df2eb86-26bb-459d-b1ed-dd12a6decd88?api-version=2021-10-15",
      "EncodedRequestUri": "L3N1YnNjcmlwdGlvbnMvMjU5ZmJiMjQtOWJjZC00Y2ZjLTg2NWMtZmMzM2IyMmZlMzhhL3Byb3ZpZGVycy9NaWNyb3NvZnQuRG9jdW1lbnREQi9sb2NhdGlvbnMvZWFzdHVzL29wZXJhdGlvbnNTdGF0dXMvN2RmMmViODYtMjZiYi00NTlkLWIxZWQtZGQxMmE2ZGVjZDg4P2FwaS12ZXJzaW9uPTIwMjEtMTAtMTU=",
      "RequestMethod": "GET",
      "RequestBody": "",
      "RequestHeaders": {
        "x-ms-client-request-id": [
          "37c73a8e-cf91-48eb-9240-fa8a398cee59"
        ],
        "User-Agent": [
          "FxVersion/4.6.28207.03",
          "OSName/Windows",
          "OSVersion/Microsoft.Windows.10.0.19043.",
          "Microsoft.Azure.Management.CosmosDB.CosmosDBManagementClient/3.2.0.0"
        ]
      },
      "ResponseHeaders": {
        "Cache-Control": [
          "no-store, no-cache"
        ],
        "Pragma": [
          "no-cache"
        ],
        "Strict-Transport-Security": [
          "max-age=31536000; includeSubDomains"
        ],
        "x-ms-gatewayversion": [
          "version=2.14.0"
        ],
        "Server": [
          "Microsoft-HTTPAPI/2.0"
        ],
        "x-ms-ratelimit-remaining-subscription-reads": [
          "11974"
        ],
        "x-ms-request-id": [
          "4b654245-0d91-4765-ae38-4345d8ce3120"
        ],
        "x-ms-correlation-request-id": [
          "4b654245-0d91-4765-ae38-4345d8ce3120"
        ],
        "x-ms-routing-request-id": [
          "WESTUS2:20211027T023441Z:4b654245-0d91-4765-ae38-4345d8ce3120"
        ],
        "X-Content-Type-Options": [
          "nosniff"
        ],
        "Date": [
          "Wed, 27 Oct 2021 02:34:41 GMT"
        ],
        "Content-Length": [
          "22"
        ],
        "Content-Type": [
          "application/json"
        ]
      },
      "ResponseBody": "{\r\n  \"status\": \"Succeeded\"\r\n}",
      "StatusCode": 200
    },
    {
      "RequestUri": "/subscriptions/259fbb24-9bcd-4cfc-865c-fc33b22fe38a/resourceGroups/CosmosDBResourceGroup50/providers/Microsoft.DocumentDB/databaseAccounts/gremlin-db1050/gremlinDatabases/dbName/graphs?api-version=2021-10-15",
      "EncodedRequestUri": "L3N1YnNjcmlwdGlvbnMvMjU5ZmJiMjQtOWJjZC00Y2ZjLTg2NWMtZmMzM2IyMmZlMzhhL3Jlc291cmNlR3JvdXBzL0Nvc21vc0RCUmVzb3VyY2VHcm91cDUwL3Byb3ZpZGVycy9NaWNyb3NvZnQuRG9jdW1lbnREQi9kYXRhYmFzZUFjY291bnRzL2dyZW1saW4tZGIxMDUwL2dyZW1saW5EYXRhYmFzZXMvZGJOYW1lL2dyYXBocz9hcGktdmVyc2lvbj0yMDIxLTEwLTE1",
      "RequestMethod": "GET",
      "RequestBody": "",
      "RequestHeaders": {
        "x-ms-client-request-id": [
          "eb2b58ff-c102-4ee1-b659-0173e449bceb"
        ],
        "Accept-Language": [
          "en-US"
        ],
        "User-Agent": [
          "FxVersion/4.6.28207.03",
          "OSName/Windows",
          "OSVersion/Microsoft.Windows.10.0.19043.",
          "Microsoft.Azure.Management.CosmosDB.CosmosDBManagementClient/3.2.0.0"
        ]
      },
      "ResponseHeaders": {
        "Cache-Control": [
          "no-store, no-cache"
        ],
        "Pragma": [
          "no-cache"
        ],
        "Strict-Transport-Security": [
          "max-age=31536000; includeSubDomains"
        ],
        "x-ms-gatewayversion": [
          "version=2.14.0"
        ],
        "Server": [
          "Microsoft-HTTPAPI/2.0"
        ],
        "x-ms-ratelimit-remaining-subscription-reads": [
          "11972"
        ],
        "x-ms-request-id": [
          "5e93d993-a91f-46b9-b468-c988f3e8669e"
        ],
        "x-ms-correlation-request-id": [
          "5e93d993-a91f-46b9-b468-c988f3e8669e"
        ],
        "x-ms-routing-request-id": [
          "WESTUS2:20211027T023442Z:5e93d993-a91f-46b9-b468-c988f3e8669e"
        ],
        "X-Content-Type-Options": [
          "nosniff"
        ],
        "Date": [
          "Wed, 27 Oct 2021 02:34:42 GMT"
        ],
        "Content-Length": [
          "1376"
        ],
        "Content-Type": [
          "application/json"
        ]
      },
      "ResponseBody": "{\r\n  \"value\": [\r\n    {\r\n      \"id\": \"/subscriptions/259fbb24-9bcd-4cfc-865c-fc33b22fe38a/resourceGroups/CosmosDBResourceGroup50/providers/Microsoft.DocumentDB/databaseAccounts/gremlin-db1050/gremlinDatabases/dbName/graphs/graph1\",\r\n      \"type\": \"Microsoft.DocumentDB/databaseAccounts/gremlinDatabases/graphs\",\r\n      \"name\": \"graph1\",\r\n      \"properties\": {\r\n        \"resource\": {\r\n          \"id\": \"graph1\",\r\n          \"indexingPolicy\": {\r\n            \"indexingMode\": \"consistent\",\r\n            \"automatic\": true,\r\n            \"includedPaths\": [\r\n              {\r\n                \"path\": \"/*\"\r\n              }\r\n            ],\r\n            \"excludedPaths\": [\r\n              {\r\n                \"path\": \"/myPathToNotIndex/*\"\r\n              },\r\n              {\r\n                \"path\": \"/\\\"_etag\\\"/?\"\r\n              }\r\n            ],\r\n            \"spatialIndexes\": [\r\n              {\r\n                \"path\": \"/mySpatialPath/*\",\r\n                \"types\": [\r\n                  \"Point\",\r\n                  \"LineString\",\r\n                  \"Polygon\",\r\n                  \"MultiPolygon\"\r\n                ]\r\n              }\r\n            ],\r\n            \"compositeIndexes\": [\r\n              [\r\n                {\r\n                  \"path\": \"/abc\",\r\n                  \"order\": \"ascending\"\r\n                },\r\n                {\r\n                  \"path\": \"/aberc\",\r\n                  \"order\": \"descending\"\r\n                }\r\n              ],\r\n              [\r\n                {\r\n                  \"path\": \"/aberc\",\r\n                  \"order\": \"descending\"\r\n                },\r\n                {\r\n                  \"path\": \"/abc\",\r\n                  \"order\": \"ascending\"\r\n                }\r\n              ]\r\n            ]\r\n          },\r\n          \"partitionKey\": {\r\n            \"paths\": [\r\n              \"/foo\"\r\n            ],\r\n            \"kind\": \"Hash\"\r\n          },\r\n          \"uniqueKeyPolicy\": {\r\n            \"uniqueKeys\": [\r\n              {\r\n                \"paths\": [\r\n                  \"/myUniqueKey3\"\r\n                ]\r\n              },\r\n              {\r\n                \"paths\": [\r\n                  \"/myUniqueKey4\"\r\n                ]\r\n              },\r\n              {\r\n                \"paths\": [\r\n                  \"/myUniqueKey2\"\r\n                ]\r\n              },\r\n              {\r\n                \"paths\": [\r\n                  \"/myUniqueKey1\"\r\n                ]\r\n              }\r\n            ]\r\n          },\r\n          \"conflictResolutionPolicy\": {\r\n            \"mode\": \"LastWriterWins\",\r\n            \"conflictResolutionPath\": \"/_ts\",\r\n            \"conflictResolutionProcedure\": \"\"\r\n          },\r\n          \"geospatialConfig\": {\r\n            \"type\": \"Geography\"\r\n          },\r\n          \"_rid\": \"Bk0ZAJjGKdg=\",\r\n          \"_ts\": 1635301966,\r\n          \"_self\": \"dbs/Bk0ZAA==/colls/Bk0ZAJjGKdg=/\",\r\n          \"_etag\": \"\\\"00003400-0000-0100-0000-6178ba4e0000\\\"\",\r\n          \"_docs\": \"docs/\",\r\n          \"_sprocs\": \"sprocs/\",\r\n          \"_triggers\": \"triggers/\",\r\n          \"_udfs\": \"udfs/\",\r\n          \"_conflicts\": \"conflicts/\"\r\n        }\r\n      }\r\n    }\r\n  ]\r\n}",
      "StatusCode": 200
    },
    {
      "RequestUri": "/subscriptions/259fbb24-9bcd-4cfc-865c-fc33b22fe38a/resourceGroups/CosmosDBResourceGroup50/providers/Microsoft.DocumentDB/databaseAccounts/gremlin-db1050/gremlinDatabases?api-version=2021-10-15",
      "EncodedRequestUri": "L3N1YnNjcmlwdGlvbnMvMjU5ZmJiMjQtOWJjZC00Y2ZjLTg2NWMtZmMzM2IyMmZlMzhhL3Jlc291cmNlR3JvdXBzL0Nvc21vc0RCUmVzb3VyY2VHcm91cDUwL3Byb3ZpZGVycy9NaWNyb3NvZnQuRG9jdW1lbnREQi9kYXRhYmFzZUFjY291bnRzL2dyZW1saW4tZGIxMDUwL2dyZW1saW5EYXRhYmFzZXM/YXBpLXZlcnNpb249MjAyMS0xMC0xNQ==",
      "RequestMethod": "GET",
      "RequestBody": "",
      "RequestHeaders": {
        "x-ms-client-request-id": [
          "37322201-fa45-440a-9806-c17112878059"
        ],
        "Accept-Language": [
          "en-US"
        ],
        "User-Agent": [
          "FxVersion/4.6.28207.03",
          "OSName/Windows",
          "OSVersion/Microsoft.Windows.10.0.19043.",
          "Microsoft.Azure.Management.CosmosDB.CosmosDBManagementClient/3.2.0.0"
        ]
      },
      "ResponseHeaders": {
        "Cache-Control": [
          "no-store, no-cache"
        ],
        "Pragma": [
          "no-cache"
        ],
        "Strict-Transport-Security": [
          "max-age=31536000; includeSubDomains"
        ],
        "x-ms-gatewayversion": [
          "version=2.14.0"
        ],
        "Server": [
          "Microsoft-HTTPAPI/2.0"
        ],
        "x-ms-ratelimit-remaining-subscription-reads": [
          "11971"
        ],
        "x-ms-request-id": [
          "34024caa-90b7-46f2-8687-37f925d7e3f9"
        ],
        "x-ms-correlation-request-id": [
          "34024caa-90b7-46f2-8687-37f925d7e3f9"
        ],
        "x-ms-routing-request-id": [
          "WESTUS2:20211027T023442Z:34024caa-90b7-46f2-8687-37f925d7e3f9"
        ],
        "X-Content-Type-Options": [
          "nosniff"
        ],
        "Date": [
          "Wed, 27 Oct 2021 02:34:42 GMT"
        ],
        "Content-Length": [
          "927"
        ],
        "Content-Type": [
          "application/json"
        ]
      },
      "ResponseBody": "{\r\n  \"value\": [\r\n    {\r\n      \"id\": \"/subscriptions/259fbb24-9bcd-4cfc-865c-fc33b22fe38a/resourceGroups/CosmosDBResourceGroup50/providers/Microsoft.DocumentDB/databaseAccounts/gremlin-db1050/gremlinDatabases/dbName\",\r\n      \"type\": \"Microsoft.DocumentDB/databaseAccounts/gremlinDatabases\",\r\n      \"name\": \"dbName\",\r\n      \"properties\": {\r\n        \"resource\": {\r\n          \"id\": \"dbName\",\r\n          \"_rid\": \"Bk0ZAA==\",\r\n          \"_self\": \"dbs/Bk0ZAA==/\",\r\n          \"_etag\": \"\\\"00002f00-0000-0100-0000-6178ba2b0000\\\"\",\r\n          \"_colls\": \"colls/\",\r\n          \"_users\": \"users/\",\r\n          \"_ts\": 1635301931\r\n        }\r\n      }\r\n    },\r\n    {\r\n      \"id\": \"/subscriptions/259fbb24-9bcd-4cfc-865c-fc33b22fe38a/resourceGroups/CosmosDBResourceGroup50/providers/Microsoft.DocumentDB/databaseAccounts/gremlin-db1050/gremlinDatabases/dbName29\",\r\n      \"type\": \"Microsoft.DocumentDB/databaseAccounts/gremlinDatabases\",\r\n      \"name\": \"dbName29\",\r\n      \"properties\": {\r\n        \"resource\": {\r\n          \"id\": \"dbName29\",\r\n          \"_rid\": \"BlttAA==\",\r\n          \"_self\": \"dbs/BlttAA==/\",\r\n          \"_etag\": \"\\\"00003c00-0000-0100-0000-6178ba6a0000\\\"\",\r\n          \"_colls\": \"colls/\",\r\n          \"_users\": \"users/\",\r\n          \"_ts\": 1635301994\r\n        }\r\n      }\r\n    }\r\n  ]\r\n}",
      "StatusCode": 200
    },
    {
      "RequestUri": "/subscriptions/259fbb24-9bcd-4cfc-865c-fc33b22fe38a/resourceGroups/CosmosDBResourceGroup50/providers/Microsoft.DocumentDB/databaseAccounts/gremlin-db1050/gremlinDatabases/dbName/graphs/graph1?api-version=2021-10-15",
      "EncodedRequestUri": "L3N1YnNjcmlwdGlvbnMvMjU5ZmJiMjQtOWJjZC00Y2ZjLTg2NWMtZmMzM2IyMmZlMzhhL3Jlc291cmNlR3JvdXBzL0Nvc21vc0RCUmVzb3VyY2VHcm91cDUwL3Byb3ZpZGVycy9NaWNyb3NvZnQuRG9jdW1lbnREQi9kYXRhYmFzZUFjY291bnRzL2dyZW1saW4tZGIxMDUwL2dyZW1saW5EYXRhYmFzZXMvZGJOYW1lL2dyYXBocy9ncmFwaDE/YXBpLXZlcnNpb249MjAyMS0xMC0xNQ==",
      "RequestMethod": "DELETE",
      "RequestBody": "",
      "RequestHeaders": {
        "x-ms-client-request-id": [
          "ae7974e2-3e76-409d-aae7-f92c88a21a46"
        ],
        "Accept-Language": [
          "en-US"
        ],
        "User-Agent": [
          "FxVersion/4.6.28207.03",
          "OSName/Windows",
          "OSVersion/Microsoft.Windows.10.0.19043.",
          "Microsoft.Azure.Management.CosmosDB.CosmosDBManagementClient/3.2.0.0"
        ]
      },
      "ResponseHeaders": {
        "Cache-Control": [
          "no-store, no-cache"
        ],
        "Pragma": [
          "no-cache"
        ],
        "Location": [
          "https://management.azure.com/subscriptions/259fbb24-9bcd-4cfc-865c-fc33b22fe38a/resourceGroups/CosmosDBResourceGroup50/providers/Microsoft.DocumentDB/databaseAccounts/gremlin-db1050/gremlinDatabases/dbName/graphs/graph1/operationResults/70184a91-c32b-4054-b7b1-32def4d3b5ac?api-version=2021-10-15"
        ],
        "Azure-AsyncOperation": [
          "https://management.azure.com/subscriptions/259fbb24-9bcd-4cfc-865c-fc33b22fe38a/providers/Microsoft.DocumentDB/locations/eastus/operationsStatus/70184a91-c32b-4054-b7b1-32def4d3b5ac?api-version=2021-10-15"
        ],
        "x-ms-request-id": [
          "70184a91-c32b-4054-b7b1-32def4d3b5ac"
        ],
        "Strict-Transport-Security": [
          "max-age=31536000; includeSubDomains"
        ],
        "x-ms-gatewayversion": [
          "version=2.14.0"
        ],
        "Server": [
          "Microsoft-HTTPAPI/2.0"
        ],
        "x-ms-ratelimit-remaining-subscription-deletes": [
          "14999"
        ],
        "x-ms-correlation-request-id": [
          "36db3e31-ad9e-4a5d-b849-d195f8cffe3b"
        ],
        "x-ms-routing-request-id": [
          "WESTUS2:20211027T023443Z:36db3e31-ad9e-4a5d-b849-d195f8cffe3b"
        ],
        "X-Content-Type-Options": [
          "nosniff"
        ],
        "Date": [
          "Wed, 27 Oct 2021 02:34:43 GMT"
        ],
        "Content-Length": [
          "21"
        ],
        "Content-Type": [
          "application/json"
        ]
      },
      "ResponseBody": "{\r\n  \"status\": \"Enqueued\"\r\n}",
      "StatusCode": 202
    },
    {
      "RequestUri": "/subscriptions/259fbb24-9bcd-4cfc-865c-fc33b22fe38a/resourceGroups/CosmosDBResourceGroup50/providers/Microsoft.DocumentDB/databaseAccounts/gremlin-db1050/gremlinDatabases/dbName/graphs/graph1?api-version=2021-10-15",
      "EncodedRequestUri": "L3N1YnNjcmlwdGlvbnMvMjU5ZmJiMjQtOWJjZC00Y2ZjLTg2NWMtZmMzM2IyMmZlMzhhL3Jlc291cmNlR3JvdXBzL0Nvc21vc0RCUmVzb3VyY2VHcm91cDUwL3Byb3ZpZGVycy9NaWNyb3NvZnQuRG9jdW1lbnREQi9kYXRhYmFzZUFjY291bnRzL2dyZW1saW4tZGIxMDUwL2dyZW1saW5EYXRhYmFzZXMvZGJOYW1lL2dyYXBocy9ncmFwaDE/YXBpLXZlcnNpb249MjAyMS0xMC0xNQ==",
      "RequestMethod": "DELETE",
      "RequestBody": "",
      "RequestHeaders": {
        "x-ms-client-request-id": [
          "8ea32369-7fbd-465e-8ba6-34a47464b011"
        ],
        "Accept-Language": [
          "en-US"
        ],
        "User-Agent": [
          "FxVersion/4.6.28207.03",
          "OSName/Windows",
          "OSVersion/Microsoft.Windows.10.0.19043.",
          "Microsoft.Azure.Management.CosmosDB.CosmosDBManagementClient/3.2.0.0"
        ]
      },
      "ResponseHeaders": {
        "Cache-Control": [
          "no-store, no-cache"
        ],
        "Pragma": [
          "no-cache"
        ],
        "Location": [
          "https://management.azure.com/subscriptions/259fbb24-9bcd-4cfc-865c-fc33b22fe38a/resourceGroups/CosmosDBResourceGroup50/providers/Microsoft.DocumentDB/databaseAccounts/gremlin-db1050/gremlinDatabases/dbName/graphs/graph1/operationResults/99b83a0f-d7bb-4993-bd85-ab0a1cd0b037?api-version=2021-10-15"
        ],
        "Azure-AsyncOperation": [
          "https://management.azure.com/subscriptions/259fbb24-9bcd-4cfc-865c-fc33b22fe38a/providers/Microsoft.DocumentDB/locations/eastus/operationsStatus/99b83a0f-d7bb-4993-bd85-ab0a1cd0b037?api-version=2021-10-15"
        ],
        "x-ms-request-id": [
          "99b83a0f-d7bb-4993-bd85-ab0a1cd0b037"
        ],
        "Strict-Transport-Security": [
          "max-age=31536000; includeSubDomains"
        ],
        "x-ms-gatewayversion": [
          "version=2.14.0"
        ],
        "Server": [
          "Microsoft-HTTPAPI/2.0"
        ],
        "x-ms-ratelimit-remaining-subscription-deletes": [
          "14999"
        ],
        "x-ms-correlation-request-id": [
          "7e40e89f-611d-4a3d-8808-4596aab7e9f9"
        ],
        "x-ms-routing-request-id": [
          "WESTUS2:20211027T023547Z:7e40e89f-611d-4a3d-8808-4596aab7e9f9"
        ],
        "X-Content-Type-Options": [
          "nosniff"
        ],
        "Date": [
          "Wed, 27 Oct 2021 02:35:46 GMT"
        ],
        "Content-Length": [
          "21"
        ],
        "Content-Type": [
          "application/json"
        ]
      },
      "ResponseBody": "{\r\n  \"status\": \"Enqueued\"\r\n}",
      "StatusCode": 202
    },
    {
      "RequestUri": "/subscriptions/259fbb24-9bcd-4cfc-865c-fc33b22fe38a/providers/Microsoft.DocumentDB/locations/eastus/operationsStatus/70184a91-c32b-4054-b7b1-32def4d3b5ac?api-version=2021-10-15",
      "EncodedRequestUri": "L3N1YnNjcmlwdGlvbnMvMjU5ZmJiMjQtOWJjZC00Y2ZjLTg2NWMtZmMzM2IyMmZlMzhhL3Byb3ZpZGVycy9NaWNyb3NvZnQuRG9jdW1lbnREQi9sb2NhdGlvbnMvZWFzdHVzL29wZXJhdGlvbnNTdGF0dXMvNzAxODRhOTEtYzMyYi00MDU0LWI3YjEtMzJkZWY0ZDNiNWFjP2FwaS12ZXJzaW9uPTIwMjEtMTAtMTU=",
      "RequestMethod": "GET",
      "RequestBody": "",
      "RequestHeaders": {
        "x-ms-client-request-id": [
          "ae7974e2-3e76-409d-aae7-f92c88a21a46"
        ],
        "User-Agent": [
          "FxVersion/4.6.28207.03",
          "OSName/Windows",
          "OSVersion/Microsoft.Windows.10.0.19043.",
          "Microsoft.Azure.Management.CosmosDB.CosmosDBManagementClient/3.2.0.0"
        ]
      },
      "ResponseHeaders": {
        "Cache-Control": [
          "no-store, no-cache"
        ],
        "Pragma": [
          "no-cache"
        ],
        "Strict-Transport-Security": [
          "max-age=31536000; includeSubDomains"
        ],
        "x-ms-gatewayversion": [
          "version=2.14.0"
        ],
        "Server": [
          "Microsoft-HTTPAPI/2.0"
        ],
        "x-ms-ratelimit-remaining-subscription-reads": [
          "11970"
        ],
        "x-ms-request-id": [
          "214dcdc1-1e0b-4a60-b089-7107da8ac66f"
        ],
        "x-ms-correlation-request-id": [
          "214dcdc1-1e0b-4a60-b089-7107da8ac66f"
        ],
        "x-ms-routing-request-id": [
          "WESTUS2:20211027T023513Z:214dcdc1-1e0b-4a60-b089-7107da8ac66f"
        ],
        "X-Content-Type-Options": [
          "nosniff"
        ],
        "Date": [
          "Wed, 27 Oct 2021 02:35:13 GMT"
        ],
        "Content-Length": [
          "22"
        ],
        "Content-Type": [
          "application/json"
        ]
      },
      "ResponseBody": "{\r\n  \"status\": \"Succeeded\"\r\n}",
      "StatusCode": 200
    },
    {
      "RequestUri": "/subscriptions/259fbb24-9bcd-4cfc-865c-fc33b22fe38a/resourceGroups/CosmosDBResourceGroup50/providers/Microsoft.DocumentDB/databaseAccounts/gremlin-db1050/gremlinDatabases/dbName/graphs/graph1/operationResults/70184a91-c32b-4054-b7b1-32def4d3b5ac?api-version=2021-10-15",
      "EncodedRequestUri": "L3N1YnNjcmlwdGlvbnMvMjU5ZmJiMjQtOWJjZC00Y2ZjLTg2NWMtZmMzM2IyMmZlMzhhL3Jlc291cmNlR3JvdXBzL0Nvc21vc0RCUmVzb3VyY2VHcm91cDUwL3Byb3ZpZGVycy9NaWNyb3NvZnQuRG9jdW1lbnREQi9kYXRhYmFzZUFjY291bnRzL2dyZW1saW4tZGIxMDUwL2dyZW1saW5EYXRhYmFzZXMvZGJOYW1lL2dyYXBocy9ncmFwaDEvb3BlcmF0aW9uUmVzdWx0cy83MDE4NGE5MS1jMzJiLTQwNTQtYjdiMS0zMmRlZjRkM2I1YWM/YXBpLXZlcnNpb249MjAyMS0xMC0xNQ==",
      "RequestMethod": "GET",
      "RequestBody": "",
      "RequestHeaders": {
        "x-ms-client-request-id": [
          "ae7974e2-3e76-409d-aae7-f92c88a21a46"
        ],
        "User-Agent": [
          "FxVersion/4.6.28207.03",
          "OSName/Windows",
          "OSVersion/Microsoft.Windows.10.0.19043.",
          "Microsoft.Azure.Management.CosmosDB.CosmosDBManagementClient/3.2.0.0"
        ]
      },
      "ResponseHeaders": {
        "Cache-Control": [
          "no-store, no-cache"
        ],
        "Pragma": [
          "no-cache"
        ],
        "Strict-Transport-Security": [
          "max-age=31536000; includeSubDomains"
        ],
        "x-ms-gatewayversion": [
          "version=2.14.0"
        ],
        "Server": [
          "Microsoft-HTTPAPI/2.0"
        ],
        "x-ms-ratelimit-remaining-subscription-reads": [
          "11969"
        ],
        "x-ms-request-id": [
          "8800be35-5a41-4b3e-81d2-9a977ec25bd9"
        ],
        "x-ms-correlation-request-id": [
          "8800be35-5a41-4b3e-81d2-9a977ec25bd9"
        ],
        "x-ms-routing-request-id": [
          "WESTUS2:20211027T023513Z:8800be35-5a41-4b3e-81d2-9a977ec25bd9"
        ],
        "X-Content-Type-Options": [
          "nosniff"
        ],
        "Date": [
          "Wed, 27 Oct 2021 02:35:13 GMT"
        ],
        "Content-Type": [
          "application/json"
        ]
      },
      "ResponseBody": "",
      "StatusCode": 204
    },
    {
      "RequestUri": "/subscriptions/259fbb24-9bcd-4cfc-865c-fc33b22fe38a/resourceGroups/CosmosDBResourceGroup50/providers/Microsoft.DocumentDB/databaseAccounts/gremlin-db1050/gremlinDatabases/dbName?api-version=2021-10-15",
      "EncodedRequestUri": "L3N1YnNjcmlwdGlvbnMvMjU5ZmJiMjQtOWJjZC00Y2ZjLTg2NWMtZmMzM2IyMmZlMzhhL3Jlc291cmNlR3JvdXBzL0Nvc21vc0RCUmVzb3VyY2VHcm91cDUwL3Byb3ZpZGVycy9NaWNyb3NvZnQuRG9jdW1lbnREQi9kYXRhYmFzZUFjY291bnRzL2dyZW1saW4tZGIxMDUwL2dyZW1saW5EYXRhYmFzZXMvZGJOYW1lP2FwaS12ZXJzaW9uPTIwMjEtMTAtMTU=",
      "RequestMethod": "DELETE",
      "RequestBody": "",
      "RequestHeaders": {
        "x-ms-client-request-id": [
          "f970e396-c96a-4c3d-b5e9-0bbedc699a41"
        ],
        "Accept-Language": [
          "en-US"
        ],
        "User-Agent": [
          "FxVersion/4.6.28207.03",
          "OSName/Windows",
          "OSVersion/Microsoft.Windows.10.0.19043.",
          "Microsoft.Azure.Management.CosmosDB.CosmosDBManagementClient/3.2.0.0"
        ]
      },
      "ResponseHeaders": {
        "Cache-Control": [
          "no-store, no-cache"
        ],
        "Pragma": [
          "no-cache"
        ],
        "Location": [
          "https://management.azure.com/subscriptions/259fbb24-9bcd-4cfc-865c-fc33b22fe38a/resourceGroups/CosmosDBResourceGroup50/providers/Microsoft.DocumentDB/databaseAccounts/gremlin-db1050/gremlinDatabases/dbName/operationResults/f876dbe3-bbff-4f0f-b4a1-dc3fb42a24ee?api-version=2021-10-15"
        ],
        "Azure-AsyncOperation": [
          "https://management.azure.com/subscriptions/259fbb24-9bcd-4cfc-865c-fc33b22fe38a/providers/Microsoft.DocumentDB/locations/eastus/operationsStatus/f876dbe3-bbff-4f0f-b4a1-dc3fb42a24ee?api-version=2021-10-15"
        ],
        "x-ms-request-id": [
          "f876dbe3-bbff-4f0f-b4a1-dc3fb42a24ee"
        ],
        "Strict-Transport-Security": [
          "max-age=31536000; includeSubDomains"
        ],
        "x-ms-gatewayversion": [
          "version=2.14.0"
        ],
        "Server": [
          "Microsoft-HTTPAPI/2.0"
        ],
        "x-ms-ratelimit-remaining-subscription-deletes": [
          "14999"
        ],
        "x-ms-correlation-request-id": [
          "30c13028-ad32-4d97-b689-9113d1ad7b81"
        ],
        "x-ms-routing-request-id": [
          "WESTUS2:20211027T023515Z:30c13028-ad32-4d97-b689-9113d1ad7b81"
        ],
        "X-Content-Type-Options": [
          "nosniff"
        ],
        "Date": [
          "Wed, 27 Oct 2021 02:35:14 GMT"
        ],
        "Content-Length": [
          "21"
        ],
        "Content-Type": [
          "application/json"
        ]
      },
      "ResponseBody": "{\r\n  \"status\": \"Enqueued\"\r\n}",
      "StatusCode": 202
    },
    {
      "RequestUri": "/subscriptions/259fbb24-9bcd-4cfc-865c-fc33b22fe38a/resourceGroups/CosmosDBResourceGroup50/providers/Microsoft.DocumentDB/databaseAccounts/gremlin-db1050/gremlinDatabases/dbName?api-version=2021-10-15",
      "EncodedRequestUri": "L3N1YnNjcmlwdGlvbnMvMjU5ZmJiMjQtOWJjZC00Y2ZjLTg2NWMtZmMzM2IyMmZlMzhhL3Jlc291cmNlR3JvdXBzL0Nvc21vc0RCUmVzb3VyY2VHcm91cDUwL3Byb3ZpZGVycy9NaWNyb3NvZnQuRG9jdW1lbnREQi9kYXRhYmFzZUFjY291bnRzL2dyZW1saW4tZGIxMDUwL2dyZW1saW5EYXRhYmFzZXMvZGJOYW1lP2FwaS12ZXJzaW9uPTIwMjEtMTAtMTU=",
      "RequestMethod": "DELETE",
      "RequestBody": "",
      "RequestHeaders": {
        "x-ms-client-request-id": [
          "8927f0a2-f91b-43ae-905d-cc50cea8f519"
        ],
        "Accept-Language": [
          "en-US"
        ],
        "User-Agent": [
          "FxVersion/4.6.28207.03",
          "OSName/Windows",
          "OSVersion/Microsoft.Windows.10.0.19043.",
          "Microsoft.Azure.Management.CosmosDB.CosmosDBManagementClient/3.2.0.0"
        ]
      },
      "ResponseHeaders": {
        "Cache-Control": [
          "no-store, no-cache"
        ],
        "Pragma": [
          "no-cache"
        ],
        "Location": [
          "https://management.azure.com/subscriptions/259fbb24-9bcd-4cfc-865c-fc33b22fe38a/resourceGroups/CosmosDBResourceGroup50/providers/Microsoft.DocumentDB/databaseAccounts/gremlin-db1050/gremlinDatabases/dbName/operationResults/d026ec5f-8e9c-460e-b15a-9a9e397bea43?api-version=2021-10-15"
        ],
        "Azure-AsyncOperation": [
          "https://management.azure.com/subscriptions/259fbb24-9bcd-4cfc-865c-fc33b22fe38a/providers/Microsoft.DocumentDB/locations/eastus/operationsStatus/d026ec5f-8e9c-460e-b15a-9a9e397bea43?api-version=2021-10-15"
        ],
        "x-ms-request-id": [
          "d026ec5f-8e9c-460e-b15a-9a9e397bea43"
        ],
        "Strict-Transport-Security": [
          "max-age=31536000; includeSubDomains"
        ],
        "x-ms-gatewayversion": [
          "version=2.14.0"
        ],
        "Server": [
          "Microsoft-HTTPAPI/2.0"
        ],
        "x-ms-ratelimit-remaining-subscription-deletes": [
          "14999"
        ],
        "x-ms-correlation-request-id": [
          "4c690cd7-ad4a-4c29-ac39-45742562eb86"
        ],
        "x-ms-routing-request-id": [
          "WESTUS2:20211027T023618Z:4c690cd7-ad4a-4c29-ac39-45742562eb86"
        ],
        "X-Content-Type-Options": [
          "nosniff"
        ],
        "Date": [
          "Wed, 27 Oct 2021 02:36:18 GMT"
        ],
        "Content-Length": [
          "21"
        ],
        "Content-Type": [
          "application/json"
        ]
      },
      "ResponseBody": "{\r\n  \"status\": \"Enqueued\"\r\n}",
      "StatusCode": 202
    },
    {
      "RequestUri": "/subscriptions/259fbb24-9bcd-4cfc-865c-fc33b22fe38a/providers/Microsoft.DocumentDB/locations/eastus/operationsStatus/f876dbe3-bbff-4f0f-b4a1-dc3fb42a24ee?api-version=2021-10-15",
      "EncodedRequestUri": "L3N1YnNjcmlwdGlvbnMvMjU5ZmJiMjQtOWJjZC00Y2ZjLTg2NWMtZmMzM2IyMmZlMzhhL3Byb3ZpZGVycy9NaWNyb3NvZnQuRG9jdW1lbnREQi9sb2NhdGlvbnMvZWFzdHVzL29wZXJhdGlvbnNTdGF0dXMvZjg3NmRiZTMtYmJmZi00ZjBmLWI0YTEtZGMzZmI0MmEyNGVlP2FwaS12ZXJzaW9uPTIwMjEtMTAtMTU=",
      "RequestMethod": "GET",
      "RequestBody": "",
      "RequestHeaders": {
        "x-ms-client-request-id": [
          "f970e396-c96a-4c3d-b5e9-0bbedc699a41"
        ],
        "User-Agent": [
          "FxVersion/4.6.28207.03",
          "OSName/Windows",
          "OSVersion/Microsoft.Windows.10.0.19043.",
          "Microsoft.Azure.Management.CosmosDB.CosmosDBManagementClient/3.2.0.0"
        ]
      },
      "ResponseHeaders": {
        "Cache-Control": [
          "no-store, no-cache"
        ],
        "Pragma": [
          "no-cache"
        ],
        "Strict-Transport-Security": [
          "max-age=31536000; includeSubDomains"
        ],
        "x-ms-gatewayversion": [
          "version=2.14.0"
        ],
        "Server": [
          "Microsoft-HTTPAPI/2.0"
        ],
        "x-ms-ratelimit-remaining-subscription-reads": [
          "11999"
        ],
        "x-ms-request-id": [
          "dd1337cb-8cd6-4dab-a092-45b28ab8aea0"
        ],
        "x-ms-correlation-request-id": [
          "dd1337cb-8cd6-4dab-a092-45b28ab8aea0"
        ],
        "x-ms-routing-request-id": [
          "WESTUS2:20211027T023545Z:dd1337cb-8cd6-4dab-a092-45b28ab8aea0"
        ],
        "X-Content-Type-Options": [
          "nosniff"
        ],
        "Date": [
          "Wed, 27 Oct 2021 02:35:44 GMT"
        ],
        "Content-Length": [
          "22"
        ],
        "Content-Type": [
          "application/json"
        ]
      },
      "ResponseBody": "{\r\n  \"status\": \"Succeeded\"\r\n}",
      "StatusCode": 200
    },
    {
      "RequestUri": "/subscriptions/259fbb24-9bcd-4cfc-865c-fc33b22fe38a/resourceGroups/CosmosDBResourceGroup50/providers/Microsoft.DocumentDB/databaseAccounts/gremlin-db1050/gremlinDatabases/dbName/operationResults/f876dbe3-bbff-4f0f-b4a1-dc3fb42a24ee?api-version=2021-10-15",
      "EncodedRequestUri": "L3N1YnNjcmlwdGlvbnMvMjU5ZmJiMjQtOWJjZC00Y2ZjLTg2NWMtZmMzM2IyMmZlMzhhL3Jlc291cmNlR3JvdXBzL0Nvc21vc0RCUmVzb3VyY2VHcm91cDUwL3Byb3ZpZGVycy9NaWNyb3NvZnQuRG9jdW1lbnREQi9kYXRhYmFzZUFjY291bnRzL2dyZW1saW4tZGIxMDUwL2dyZW1saW5EYXRhYmFzZXMvZGJOYW1lL29wZXJhdGlvblJlc3VsdHMvZjg3NmRiZTMtYmJmZi00ZjBmLWI0YTEtZGMzZmI0MmEyNGVlP2FwaS12ZXJzaW9uPTIwMjEtMTAtMTU=",
      "RequestMethod": "GET",
      "RequestBody": "",
      "RequestHeaders": {
        "x-ms-client-request-id": [
          "f970e396-c96a-4c3d-b5e9-0bbedc699a41"
        ],
        "User-Agent": [
          "FxVersion/4.6.28207.03",
          "OSName/Windows",
          "OSVersion/Microsoft.Windows.10.0.19043.",
          "Microsoft.Azure.Management.CosmosDB.CosmosDBManagementClient/3.2.0.0"
        ]
      },
      "ResponseHeaders": {
        "Cache-Control": [
          "no-store, no-cache"
        ],
        "Pragma": [
          "no-cache"
        ],
        "Strict-Transport-Security": [
          "max-age=31536000; includeSubDomains"
        ],
        "x-ms-gatewayversion": [
          "version=2.14.0"
        ],
        "Server": [
          "Microsoft-HTTPAPI/2.0"
        ],
        "x-ms-ratelimit-remaining-subscription-reads": [
          "11998"
        ],
        "x-ms-request-id": [
          "fc6edaa7-b998-4c47-952a-5dc76078a532"
        ],
        "x-ms-correlation-request-id": [
          "fc6edaa7-b998-4c47-952a-5dc76078a532"
        ],
        "x-ms-routing-request-id": [
          "WESTUS2:20211027T023545Z:fc6edaa7-b998-4c47-952a-5dc76078a532"
        ],
        "X-Content-Type-Options": [
          "nosniff"
        ],
        "Date": [
          "Wed, 27 Oct 2021 02:35:44 GMT"
        ],
        "Content-Type": [
          "application/json"
        ]
      },
      "ResponseBody": "",
      "StatusCode": 204
    },
    {
      "RequestUri": "/subscriptions/259fbb24-9bcd-4cfc-865c-fc33b22fe38a/providers/Microsoft.DocumentDB/locations/eastus/operationsStatus/99b83a0f-d7bb-4993-bd85-ab0a1cd0b037?api-version=2021-10-15",
      "EncodedRequestUri": "L3N1YnNjcmlwdGlvbnMvMjU5ZmJiMjQtOWJjZC00Y2ZjLTg2NWMtZmMzM2IyMmZlMzhhL3Byb3ZpZGVycy9NaWNyb3NvZnQuRG9jdW1lbnREQi9sb2NhdGlvbnMvZWFzdHVzL29wZXJhdGlvbnNTdGF0dXMvOTliODNhMGYtZDdiYi00OTkzLWJkODUtYWIwYTFjZDBiMDM3P2FwaS12ZXJzaW9uPTIwMjEtMTAtMTU=",
      "RequestMethod": "GET",
      "RequestBody": "",
      "RequestHeaders": {
        "x-ms-client-request-id": [
          "8ea32369-7fbd-465e-8ba6-34a47464b011"
        ],
        "User-Agent": [
          "FxVersion/4.6.28207.03",
          "OSName/Windows",
          "OSVersion/Microsoft.Windows.10.0.19043.",
          "Microsoft.Azure.Management.CosmosDB.CosmosDBManagementClient/3.2.0.0"
        ]
      },
      "ResponseHeaders": {
        "Cache-Control": [
          "no-store, no-cache"
        ],
        "Pragma": [
          "no-cache"
        ],
        "Strict-Transport-Security": [
          "max-age=31536000; includeSubDomains"
        ],
        "x-ms-gatewayversion": [
          "version=2.14.0"
        ],
        "Server": [
          "Microsoft-HTTPAPI/2.0"
        ],
        "x-ms-ratelimit-remaining-subscription-reads": [
          "11999"
        ],
        "x-ms-request-id": [
          "de651924-57cc-44f1-9ceb-e43925d083b7"
        ],
        "x-ms-correlation-request-id": [
          "de651924-57cc-44f1-9ceb-e43925d083b7"
        ],
        "x-ms-routing-request-id": [
          "WESTUS2:20211027T023617Z:de651924-57cc-44f1-9ceb-e43925d083b7"
        ],
        "X-Content-Type-Options": [
          "nosniff"
        ],
        "Date": [
          "Wed, 27 Oct 2021 02:36:17 GMT"
        ],
        "Content-Length": [
          "22"
        ],
        "Content-Type": [
          "application/json"
        ]
      },
      "ResponseBody": "{\r\n  \"status\": \"Succeeded\"\r\n}",
      "StatusCode": 200
    },
    {
      "RequestUri": "/subscriptions/259fbb24-9bcd-4cfc-865c-fc33b22fe38a/resourceGroups/CosmosDBResourceGroup50/providers/Microsoft.DocumentDB/databaseAccounts/gremlin-db1050/gremlinDatabases/dbName/graphs/graph1/operationResults/99b83a0f-d7bb-4993-bd85-ab0a1cd0b037?api-version=2021-10-15",
      "EncodedRequestUri": "L3N1YnNjcmlwdGlvbnMvMjU5ZmJiMjQtOWJjZC00Y2ZjLTg2NWMtZmMzM2IyMmZlMzhhL3Jlc291cmNlR3JvdXBzL0Nvc21vc0RCUmVzb3VyY2VHcm91cDUwL3Byb3ZpZGVycy9NaWNyb3NvZnQuRG9jdW1lbnREQi9kYXRhYmFzZUFjY291bnRzL2dyZW1saW4tZGIxMDUwL2dyZW1saW5EYXRhYmFzZXMvZGJOYW1lL2dyYXBocy9ncmFwaDEvb3BlcmF0aW9uUmVzdWx0cy85OWI4M2EwZi1kN2JiLTQ5OTMtYmQ4NS1hYjBhMWNkMGIwMzc/YXBpLXZlcnNpb249MjAyMS0xMC0xNQ==",
      "RequestMethod": "GET",
      "RequestBody": "",
      "RequestHeaders": {
        "x-ms-client-request-id": [
          "8ea32369-7fbd-465e-8ba6-34a47464b011"
        ],
        "User-Agent": [
          "FxVersion/4.6.28207.03",
          "OSName/Windows",
          "OSVersion/Microsoft.Windows.10.0.19043.",
          "Microsoft.Azure.Management.CosmosDB.CosmosDBManagementClient/3.2.0.0"
        ]
      },
      "ResponseHeaders": {
        "Cache-Control": [
          "no-store, no-cache"
        ],
        "Pragma": [
          "no-cache"
        ],
        "Strict-Transport-Security": [
          "max-age=31536000; includeSubDomains"
        ],
        "x-ms-gatewayversion": [
          "version=2.14.0"
        ],
        "Server": [
          "Microsoft-HTTPAPI/2.0"
        ],
        "x-ms-ratelimit-remaining-subscription-reads": [
          "11998"
        ],
        "x-ms-request-id": [
          "a302467e-83d1-4ef3-b775-01ff609886e4"
        ],
        "x-ms-correlation-request-id": [
          "a302467e-83d1-4ef3-b775-01ff609886e4"
        ],
        "x-ms-routing-request-id": [
          "WESTUS2:20211027T023618Z:a302467e-83d1-4ef3-b775-01ff609886e4"
        ],
        "X-Content-Type-Options": [
          "nosniff"
        ],
        "Date": [
          "Wed, 27 Oct 2021 02:36:18 GMT"
        ],
        "Content-Type": [
          "application/json"
        ]
      },
      "ResponseBody": "",
      "StatusCode": 204
    },
    {
      "RequestUri": "/subscriptions/259fbb24-9bcd-4cfc-865c-fc33b22fe38a/providers/Microsoft.DocumentDB/locations/eastus/operationsStatus/d026ec5f-8e9c-460e-b15a-9a9e397bea43?api-version=2021-10-15",
      "EncodedRequestUri": "L3N1YnNjcmlwdGlvbnMvMjU5ZmJiMjQtOWJjZC00Y2ZjLTg2NWMtZmMzM2IyMmZlMzhhL3Byb3ZpZGVycy9NaWNyb3NvZnQuRG9jdW1lbnREQi9sb2NhdGlvbnMvZWFzdHVzL29wZXJhdGlvbnNTdGF0dXMvZDAyNmVjNWYtOGU5Yy00NjBlLWIxNWEtOWE5ZTM5N2JlYTQzP2FwaS12ZXJzaW9uPTIwMjEtMTAtMTU=",
      "RequestMethod": "GET",
      "RequestBody": "",
      "RequestHeaders": {
        "x-ms-client-request-id": [
          "8927f0a2-f91b-43ae-905d-cc50cea8f519"
        ],
        "User-Agent": [
          "FxVersion/4.6.28207.03",
          "OSName/Windows",
          "OSVersion/Microsoft.Windows.10.0.19043.",
          "Microsoft.Azure.Management.CosmosDB.CosmosDBManagementClient/3.2.0.0"
        ]
      },
      "ResponseHeaders": {
        "Cache-Control": [
          "no-store, no-cache"
        ],
        "Pragma": [
          "no-cache"
        ],
        "Strict-Transport-Security": [
          "max-age=31536000; includeSubDomains"
        ],
        "x-ms-gatewayversion": [
          "version=2.14.0"
        ],
        "Server": [
          "Microsoft-HTTPAPI/2.0"
        ],
        "x-ms-ratelimit-remaining-subscription-reads": [
          "11998"
        ],
        "x-ms-request-id": [
          "9e045783-f3a6-41da-98e0-e0c8a0ff2bd3"
        ],
        "x-ms-correlation-request-id": [
          "9e045783-f3a6-41da-98e0-e0c8a0ff2bd3"
        ],
        "x-ms-routing-request-id": [
          "WESTUS2:20211027T023649Z:9e045783-f3a6-41da-98e0-e0c8a0ff2bd3"
        ],
        "X-Content-Type-Options": [
          "nosniff"
        ],
        "Date": [
          "Wed, 27 Oct 2021 02:36:48 GMT"
        ],
        "Content-Length": [
          "22"
        ],
        "Content-Type": [
          "application/json"
        ]
      },
      "ResponseBody": "{\r\n  \"status\": \"Succeeded\"\r\n}",
      "StatusCode": 200
    },
    {
      "RequestUri": "/subscriptions/259fbb24-9bcd-4cfc-865c-fc33b22fe38a/resourceGroups/CosmosDBResourceGroup50/providers/Microsoft.DocumentDB/databaseAccounts/gremlin-db1050/gremlinDatabases/dbName/operationResults/d026ec5f-8e9c-460e-b15a-9a9e397bea43?api-version=2021-10-15",
      "EncodedRequestUri": "L3N1YnNjcmlwdGlvbnMvMjU5ZmJiMjQtOWJjZC00Y2ZjLTg2NWMtZmMzM2IyMmZlMzhhL3Jlc291cmNlR3JvdXBzL0Nvc21vc0RCUmVzb3VyY2VHcm91cDUwL3Byb3ZpZGVycy9NaWNyb3NvZnQuRG9jdW1lbnREQi9kYXRhYmFzZUFjY291bnRzL2dyZW1saW4tZGIxMDUwL2dyZW1saW5EYXRhYmFzZXMvZGJOYW1lL29wZXJhdGlvblJlc3VsdHMvZDAyNmVjNWYtOGU5Yy00NjBlLWIxNWEtOWE5ZTM5N2JlYTQzP2FwaS12ZXJzaW9uPTIwMjEtMTAtMTU=",
      "RequestMethod": "GET",
      "RequestBody": "",
      "RequestHeaders": {
        "x-ms-client-request-id": [
          "8927f0a2-f91b-43ae-905d-cc50cea8f519"
        ],
        "User-Agent": [
          "FxVersion/4.6.28207.03",
          "OSName/Windows",
          "OSVersion/Microsoft.Windows.10.0.19043.",
          "Microsoft.Azure.Management.CosmosDB.CosmosDBManagementClient/3.2.0.0"
        ]
      },
      "ResponseHeaders": {
        "Cache-Control": [
          "no-store, no-cache"
        ],
        "Pragma": [
          "no-cache"
        ],
        "Strict-Transport-Security": [
          "max-age=31536000; includeSubDomains"
        ],
        "x-ms-gatewayversion": [
          "version=2.14.0"
        ],
        "Server": [
          "Microsoft-HTTPAPI/2.0"
        ],
        "x-ms-ratelimit-remaining-subscription-reads": [
          "11997"
        ],
        "x-ms-request-id": [
          "608a7827-e079-4528-8371-267ae3f17626"
        ],
        "x-ms-correlation-request-id": [
          "608a7827-e079-4528-8371-267ae3f17626"
        ],
        "x-ms-routing-request-id": [
          "WESTUS2:20211027T023649Z:608a7827-e079-4528-8371-267ae3f17626"
        ],
        "X-Content-Type-Options": [
          "nosniff"
        ],
        "Date": [
          "Wed, 27 Oct 2021 02:36:48 GMT"
        ],
        "Content-Type": [
          "application/json"
        ]
      },
      "ResponseBody": "",
      "StatusCode": 204
    }
  ],
  "Names": {},
  "Variables": {
    "SubscriptionId": "259fbb24-9bcd-4cfc-865c-fc33b22fe38a"
  }
}