{
  "Entries": [
    {
      "RequestUri": "/subscriptions/947d47b4-7883-4bb9-9d85-c5e8e2f572ce/resourcegroups/ps221?api-version=2016-09-01",
      "EncodedRequestUri": "L3N1YnNjcmlwdGlvbnMvOTQ3ZDQ3YjQtNzg4My00YmI5LTlkODUtYzVlOGUyZjU3MmNlL3Jlc291cmNlZ3JvdXBzL3BzMjIxP2FwaS12ZXJzaW9uPTIwMTYtMDktMDE=",
      "RequestMethod": "PUT",
      "RequestHeaders": {
        "x-ms-client-request-id": [
          "1e24561e-ae8f-4435-b43c-7231c234ca30"
        ],
        "Accept-Language": [
          "en-US"
        ],
        "User-Agent": [
          "FxVersion/4.700.22.55902",
          "OSName/Windows",
          "OSVersion/Microsoft.Windows.10.0.17763",
          "Microsoft.Azure.Management.Internal.Resources.ResourceManagementClient/1.3.75"
        ],
        "Content-Type": [
          "application/json; charset=utf-8"
        ],
        "Content-Length": [
          "78"
        ]
      },
      "RequestBody": "{\r\n  \"location\": \"eastus2euap\",\r\n  \"tags\": {\r\n    \"testtag\": \"testval\"\r\n  }\r\n}",
      "ResponseHeaders": {
        "Cache-Control": [
          "no-cache"
        ],
        "Pragma": [
          "no-cache"
        ],
        "x-ms-ratelimit-remaining-subscription-writes": [
          "1194"
        ],
        "x-ms-request-id": [
          "6453d395-8b6c-41bf-8726-45e5cef3d8e6"
        ],
        "x-ms-correlation-request-id": [
          "6453d395-8b6c-41bf-8726-45e5cef3d8e6"
        ],
        "x-ms-routing-request-id": [
          "CENTRALUS:20230511T200653Z:6453d395-8b6c-41bf-8726-45e5cef3d8e6"
        ],
        "Strict-Transport-Security": [
          "max-age=31536000; includeSubDomains"
        ],
        "X-Content-Type-Options": [
          "nosniff"
        ],
        "Date": [
          "Thu, 11 May 2023 20:06:52 GMT"
        ],
        "Content-Length": [
          "238"
        ],
        "Content-Type": [
          "application/json; charset=utf-8"
        ],
        "Expires": [
          "-1"
        ]
      },
      "ResponseBody": "{\r\n  \"id\": \"/subscriptions/947d47b4-7883-4bb9-9d85-c5e8e2f572ce/resourceGroups/ps221\",\r\n  \"name\": \"ps221\",\r\n  \"location\": \"eastus2euap\",\r\n  \"tags\": {\r\n    \"testtag\": \"testval\",\r\n    \"Created\": \"2023-05-11T20:06:53.0600041Z\"\r\n  },\r\n  \"properties\": {\r\n    \"provisioningState\": \"Succeeded\"\r\n  }\r\n}",
      "StatusCode": 201
    },
    {
      "RequestUri": "/subscriptions/947d47b4-7883-4bb9-9d85-c5e8e2f572ce/resourceGroups/ps221/providers/Microsoft.Network/virtualNetworks/ps152?api-version=2022-11-01",
      "EncodedRequestUri": "L3N1YnNjcmlwdGlvbnMvOTQ3ZDQ3YjQtNzg4My00YmI5LTlkODUtYzVlOGUyZjU3MmNlL3Jlc291cmNlR3JvdXBzL3BzMjIxL3Byb3ZpZGVycy9NaWNyb3NvZnQuTmV0d29yay92aXJ0dWFsTmV0d29ya3MvcHMxNTI/YXBpLXZlcnNpb249MjAyMi0xMS0wMQ==",
      "RequestMethod": "GET",
      "RequestHeaders": {
        "x-ms-client-request-id": [
          "8b058de9-6a02-496c-bbfa-0b0bf0b8efe5"
        ],
        "Accept-Language": [
          "en-US"
        ],
        "User-Agent": [
          "FxVersion/4.700.22.55902",
          "OSName/Windows",
          "OSVersion/Microsoft.Windows.10.0.17763",
          "Microsoft.Azure.Management.Network.NetworkManagementClient/27.0.0.0"
        ]
      },
      "RequestBody": "",
      "ResponseHeaders": {
        "Cache-Control": [
          "no-cache"
        ],
        "Pragma": [
          "no-cache"
        ],
        "x-ms-failure-cause": [
          "gateway"
        ],
        "x-ms-request-id": [
          "d25806fa-a52f-4b9d-ba3b-501b260d2b45"
        ],
        "x-ms-correlation-request-id": [
          "d25806fa-a52f-4b9d-ba3b-501b260d2b45"
        ],
        "x-ms-routing-request-id": [
          "CENTRALUS:20230511T200653Z:d25806fa-a52f-4b9d-ba3b-501b260d2b45"
        ],
        "Strict-Transport-Security": [
          "max-age=31536000; includeSubDomains"
        ],
        "X-Content-Type-Options": [
          "nosniff"
        ],
        "Date": [
          "Thu, 11 May 2023 20:06:52 GMT"
        ],
        "Content-Type": [
          "application/json; charset=utf-8"
        ],
        "Expires": [
          "-1"
        ],
        "Content-Length": [
          "216"
        ]
      },
      "ResponseBody": "{\r\n  \"error\": {\r\n    \"code\": \"ResourceNotFound\",\r\n    \"message\": \"The Resource 'Microsoft.Network/virtualNetworks/ps152' under resource group 'ps221' was not found. For more details please go to https://aka.ms/ARMResourceNotFoundFix\"\r\n  }\r\n}",
      "StatusCode": 404
    },
    {
      "RequestUri": "/subscriptions/947d47b4-7883-4bb9-9d85-c5e8e2f572ce/resourceGroups/ps221/providers/Microsoft.Network/virtualNetworks/ps152?api-version=2022-11-01",
      "EncodedRequestUri": "L3N1YnNjcmlwdGlvbnMvOTQ3ZDQ3YjQtNzg4My00YmI5LTlkODUtYzVlOGUyZjU3MmNlL3Jlc291cmNlR3JvdXBzL3BzMjIxL3Byb3ZpZGVycy9NaWNyb3NvZnQuTmV0d29yay92aXJ0dWFsTmV0d29ya3MvcHMxNTI/YXBpLXZlcnNpb249MjAyMi0xMS0wMQ==",
      "RequestMethod": "GET",
      "RequestHeaders": {
        "x-ms-client-request-id": [
          "8b058de9-6a02-496c-bbfa-0b0bf0b8efe5"
        ],
        "User-Agent": [
          "FxVersion/4.700.22.55902",
          "OSName/Windows",
          "OSVersion/Microsoft.Windows.10.0.17763",
          "Microsoft.Azure.Management.Network.NetworkManagementClient/27.0.0.0"
        ]
      },
      "RequestBody": "",
      "ResponseHeaders": {
        "Cache-Control": [
          "no-cache"
        ],
        "Pragma": [
          "no-cache"
        ],
        "ETag": [
          "W/\"8f0e873f-2647-4e99-a61c-097fd433b99d\""
        ],
        "x-ms-request-id": [
          "c2ca711e-0a67-48ec-a479-6373561f2cf9"
        ],
        "x-ms-correlation-request-id": [
          "054f1175-687d-4f24-a8b6-c5c3e76ccc55"
        ],
        "x-ms-arm-service-request-id": [
          "d8e84555-7fcd-4038-89a5-429b53e9c2d5"
        ],
        "Strict-Transport-Security": [
          "max-age=31536000; includeSubDomains"
        ],
        "Server": [
          "Microsoft-HTTPAPI/2.0",
          "Microsoft-HTTPAPI/2.0"
        ],
        "x-ms-ratelimit-remaining-subscription-reads": [
          "11956"
        ],
        "x-ms-routing-request-id": [
          "CENTRALUS:20230511T200658Z:054f1175-687d-4f24-a8b6-c5c3e76ccc55"
        ],
        "X-Content-Type-Options": [
          "nosniff"
        ],
        "Date": [
          "Thu, 11 May 2023 20:06:57 GMT"
        ],
        "Content-Length": [
          "959"
        ],
        "Content-Type": [
          "application/json; charset=utf-8"
        ],
        "Expires": [
          "-1"
        ]
      },
      "ResponseBody": "{\r\n  \"name\": \"ps152\",\r\n  \"id\": \"/subscriptions/947d47b4-7883-4bb9-9d85-c5e8e2f572ce/resourceGroups/ps221/providers/Microsoft.Network/virtualNetworks/ps152\",\r\n  \"etag\": \"W/\\\"8f0e873f-2647-4e99-a61c-097fd433b99d\\\"\",\r\n  \"type\": \"Microsoft.Network/virtualNetworks\",\r\n  \"location\": \"eastus2euap\",\r\n  \"properties\": {\r\n    \"provisioningState\": \"Succeeded\",\r\n    \"resourceGuid\": \"b66f6bbf-6498-4a02-9021-af5a10f11bef\",\r\n    \"addressSpace\": {\r\n      \"addressPrefixes\": [\r\n        \"10.0.0.0/16\"\r\n      ]\r\n    },\r\n    \"subnets\": [\r\n      {\r\n        \"name\": \"ps8444\",\r\n        \"id\": \"/subscriptions/947d47b4-7883-4bb9-9d85-c5e8e2f572ce/resourceGroups/ps221/providers/Microsoft.Network/virtualNetworks/ps152/subnets/ps8444\",\r\n        \"etag\": \"W/\\\"8f0e873f-2647-4e99-a61c-097fd433b99d\\\"\",\r\n        \"properties\": {\r\n          \"provisioningState\": \"Succeeded\",\r\n          \"addressPrefix\": \"10.0.1.0/24\",\r\n          \"serviceEndpoints\": [],\r\n          \"delegations\": [],\r\n          \"privateEndpointNetworkPolicies\": \"Disabled\",\r\n          \"privateLinkServiceNetworkPolicies\": \"Enabled\"\r\n        },\r\n        \"type\": \"Microsoft.Network/virtualNetworks/subnets\"\r\n      }\r\n    ],\r\n    \"virtualNetworkPeerings\": [],\r\n    \"enableDdosProtection\": false\r\n  }\r\n}",
      "StatusCode": 200
    },
    {
      "RequestUri": "/subscriptions/947d47b4-7883-4bb9-9d85-c5e8e2f572ce/resourceGroups/ps221/providers/Microsoft.Network/virtualNetworks/ps152?api-version=2022-11-01",
      "EncodedRequestUri": "L3N1YnNjcmlwdGlvbnMvOTQ3ZDQ3YjQtNzg4My00YmI5LTlkODUtYzVlOGUyZjU3MmNlL3Jlc291cmNlR3JvdXBzL3BzMjIxL3Byb3ZpZGVycy9NaWNyb3NvZnQuTmV0d29yay92aXJ0dWFsTmV0d29ya3MvcHMxNTI/YXBpLXZlcnNpb249MjAyMi0xMS0wMQ==",
      "RequestMethod": "GET",
      "RequestHeaders": {
        "x-ms-client-request-id": [
          "8b058de9-6a02-496c-bbfa-0b0bf0b8efe5"
        ],
        "Accept-Language": [
          "en-US"
        ],
        "User-Agent": [
          "FxVersion/4.700.22.55902",
          "OSName/Windows",
          "OSVersion/Microsoft.Windows.10.0.17763",
          "Microsoft.Azure.Management.Network.NetworkManagementClient/27.0.0.0"
        ]
      },
      "RequestBody": "",
      "ResponseHeaders": {
        "Cache-Control": [
          "no-cache"
        ],
        "Pragma": [
          "no-cache"
        ],
        "ETag": [
          "W/\"8f0e873f-2647-4e99-a61c-097fd433b99d\""
        ],
        "x-ms-request-id": [
          "4e348880-939f-4ad3-ae61-740d3e3ece86"
        ],
        "x-ms-correlation-request-id": [
          "55ea87b0-a1ed-4e1c-a82d-017ab4edc851"
        ],
        "x-ms-arm-service-request-id": [
          "8d92386a-2bda-42ea-b45d-13aa842a7e7d"
        ],
        "Strict-Transport-Security": [
          "max-age=31536000; includeSubDomains"
        ],
        "Server": [
          "Microsoft-HTTPAPI/2.0",
          "Microsoft-HTTPAPI/2.0"
        ],
        "x-ms-ratelimit-remaining-subscription-reads": [
          "11955"
        ],
        "x-ms-routing-request-id": [
          "CENTRALUS:20230511T200658Z:55ea87b0-a1ed-4e1c-a82d-017ab4edc851"
        ],
        "X-Content-Type-Options": [
          "nosniff"
        ],
        "Date": [
          "Thu, 11 May 2023 20:06:57 GMT"
        ],
        "Content-Length": [
          "959"
        ],
        "Content-Type": [
          "application/json; charset=utf-8"
        ],
        "Expires": [
          "-1"
        ]
      },
      "ResponseBody": "{\r\n  \"name\": \"ps152\",\r\n  \"id\": \"/subscriptions/947d47b4-7883-4bb9-9d85-c5e8e2f572ce/resourceGroups/ps221/providers/Microsoft.Network/virtualNetworks/ps152\",\r\n  \"etag\": \"W/\\\"8f0e873f-2647-4e99-a61c-097fd433b99d\\\"\",\r\n  \"type\": \"Microsoft.Network/virtualNetworks\",\r\n  \"location\": \"eastus2euap\",\r\n  \"properties\": {\r\n    \"provisioningState\": \"Succeeded\",\r\n    \"resourceGuid\": \"b66f6bbf-6498-4a02-9021-af5a10f11bef\",\r\n    \"addressSpace\": {\r\n      \"addressPrefixes\": [\r\n        \"10.0.0.0/16\"\r\n      ]\r\n    },\r\n    \"subnets\": [\r\n      {\r\n        \"name\": \"ps8444\",\r\n        \"id\": \"/subscriptions/947d47b4-7883-4bb9-9d85-c5e8e2f572ce/resourceGroups/ps221/providers/Microsoft.Network/virtualNetworks/ps152/subnets/ps8444\",\r\n        \"etag\": \"W/\\\"8f0e873f-2647-4e99-a61c-097fd433b99d\\\"\",\r\n        \"properties\": {\r\n          \"provisioningState\": \"Succeeded\",\r\n          \"addressPrefix\": \"10.0.1.0/24\",\r\n          \"serviceEndpoints\": [],\r\n          \"delegations\": [],\r\n          \"privateEndpointNetworkPolicies\": \"Disabled\",\r\n          \"privateLinkServiceNetworkPolicies\": \"Enabled\"\r\n        },\r\n        \"type\": \"Microsoft.Network/virtualNetworks/subnets\"\r\n      }\r\n    ],\r\n    \"virtualNetworkPeerings\": [],\r\n    \"enableDdosProtection\": false\r\n  }\r\n}",
      "StatusCode": 200
    },
    {
      "RequestUri": "/subscriptions/947d47b4-7883-4bb9-9d85-c5e8e2f572ce/resourceGroups/ps221/providers/Microsoft.Network/virtualNetworks/ps152?api-version=2022-11-01",
      "EncodedRequestUri": "L3N1YnNjcmlwdGlvbnMvOTQ3ZDQ3YjQtNzg4My00YmI5LTlkODUtYzVlOGUyZjU3MmNlL3Jlc291cmNlR3JvdXBzL3BzMjIxL3Byb3ZpZGVycy9NaWNyb3NvZnQuTmV0d29yay92aXJ0dWFsTmV0d29ya3MvcHMxNTI/YXBpLXZlcnNpb249MjAyMi0xMS0wMQ==",
      "RequestMethod": "GET",
      "RequestHeaders": {
        "x-ms-client-request-id": [
          "f3b2c194-f4ce-48a4-9146-964cd47df676"
        ],
        "Accept-Language": [
          "en-US"
        ],
        "User-Agent": [
          "FxVersion/4.700.22.55902",
          "OSName/Windows",
          "OSVersion/Microsoft.Windows.10.0.17763",
          "Microsoft.Azure.Management.Network.NetworkManagementClient/27.0.0.0"
        ]
      },
      "RequestBody": "",
      "ResponseHeaders": {
        "Cache-Control": [
          "no-cache"
        ],
        "Pragma": [
          "no-cache"
        ],
        "ETag": [
          "W/\"8f0e873f-2647-4e99-a61c-097fd433b99d\""
        ],
        "x-ms-request-id": [
          "b10b34c3-ef1d-478f-8d7b-520e51c08680"
        ],
        "x-ms-correlation-request-id": [
          "b4d3d779-6ed2-4a5e-9055-df0753e7a12c"
        ],
        "x-ms-arm-service-request-id": [
          "0bf439b8-5826-4881-9c9a-2d86cabe32e4"
        ],
        "Strict-Transport-Security": [
          "max-age=31536000; includeSubDomains"
        ],
        "Server": [
          "Microsoft-HTTPAPI/2.0",
          "Microsoft-HTTPAPI/2.0"
        ],
        "x-ms-ratelimit-remaining-subscription-reads": [
          "11964"
        ],
        "x-ms-routing-request-id": [
          "CENTRALUS:20230511T200706Z:b4d3d779-6ed2-4a5e-9055-df0753e7a12c"
        ],
        "X-Content-Type-Options": [
          "nosniff"
        ],
        "Date": [
          "Thu, 11 May 2023 20:07:05 GMT"
        ],
        "Content-Length": [
          "1296"
        ],
        "Content-Type": [
          "application/json; charset=utf-8"
        ],
        "Expires": [
          "-1"
        ]
      },
      "ResponseBody": "{\r\n  \"name\": \"ps152\",\r\n  \"id\": \"/subscriptions/947d47b4-7883-4bb9-9d85-c5e8e2f572ce/resourceGroups/ps221/providers/Microsoft.Network/virtualNetworks/ps152\",\r\n  \"etag\": \"W/\\\"8f0e873f-2647-4e99-a61c-097fd433b99d\\\"\",\r\n  \"type\": \"Microsoft.Network/virtualNetworks\",\r\n  \"location\": \"eastus2euap\",\r\n  \"properties\": {\r\n    \"provisioningState\": \"Succeeded\",\r\n    \"resourceGuid\": \"b66f6bbf-6498-4a02-9021-af5a10f11bef\",\r\n    \"addressSpace\": {\r\n      \"addressPrefixes\": [\r\n        \"10.0.0.0/16\"\r\n      ]\r\n    },\r\n    \"subnets\": [\r\n      {\r\n        \"name\": \"ps8444\",\r\n        \"id\": \"/subscriptions/947d47b4-7883-4bb9-9d85-c5e8e2f572ce/resourceGroups/ps221/providers/Microsoft.Network/virtualNetworks/ps152/subnets/ps8444\",\r\n        \"etag\": \"W/\\\"8f0e873f-2647-4e99-a61c-097fd433b99d\\\"\",\r\n        \"properties\": {\r\n          \"provisioningState\": \"Succeeded\",\r\n          \"addressPrefix\": \"10.0.1.0/24\",\r\n          \"ipConfigurations\": [\r\n            {\r\n              \"id\": \"/subscriptions/947d47b4-7883-4bb9-9d85-c5e8e2f572ce/resourceGroups/PS221/providers/Microsoft.Network/networkInterfaces/PS518/ipConfigurations/PS2985\"\r\n            },\r\n            {\r\n              \"id\": \"/subscriptions/947d47b4-7883-4bb9-9d85-c5e8e2f572ce/resourceGroups/PS221/providers/Microsoft.Network/networkInterfaces/PS518/ipConfigurations/PS6546\"\r\n            }\r\n          ],\r\n          \"serviceEndpoints\": [],\r\n          \"delegations\": [],\r\n          \"privateEndpointNetworkPolicies\": \"Disabled\",\r\n          \"privateLinkServiceNetworkPolicies\": \"Enabled\"\r\n        },\r\n        \"type\": \"Microsoft.Network/virtualNetworks/subnets\"\r\n      }\r\n    ],\r\n    \"virtualNetworkPeerings\": [],\r\n    \"enableDdosProtection\": false\r\n  }\r\n}",
      "StatusCode": 200
    },
    {
      "RequestUri": "/subscriptions/947d47b4-7883-4bb9-9d85-c5e8e2f572ce/resourceGroups/ps221/providers/Microsoft.Network/virtualNetworks/ps152?api-version=2022-11-01",
      "EncodedRequestUri": "L3N1YnNjcmlwdGlvbnMvOTQ3ZDQ3YjQtNzg4My00YmI5LTlkODUtYzVlOGUyZjU3MmNlL3Jlc291cmNlR3JvdXBzL3BzMjIxL3Byb3ZpZGVycy9NaWNyb3NvZnQuTmV0d29yay92aXJ0dWFsTmV0d29ya3MvcHMxNTI/YXBpLXZlcnNpb249MjAyMi0xMS0wMQ==",
      "RequestMethod": "PUT",
      "RequestHeaders": {
        "x-ms-client-request-id": [
          "8b058de9-6a02-496c-bbfa-0b0bf0b8efe5"
        ],
        "Accept-Language": [
          "en-US"
        ],
        "User-Agent": [
          "FxVersion/4.700.22.55902",
          "OSName/Windows",
          "OSVersion/Microsoft.Windows.10.0.17763",
          "Microsoft.Azure.Management.Network.NetworkManagementClient/27.0.0.0"
        ],
        "Content-Type": [
          "application/json; charset=utf-8"
        ],
        "Content-Length": [
          "736"
        ]
      },
      "RequestBody": "{\r\n  \"properties\": {\r\n    \"addressSpace\": {\r\n      \"addressPrefixes\": [\r\n        \"10.0.0.0/16\"\r\n      ]\r\n    },\r\n    \"subnets\": [\r\n      {\r\n        \"properties\": {\r\n          \"addressPrefix\": \"10.0.1.0/24\",\r\n          \"addressPrefixes\": [],\r\n          \"serviceEndpoints\": [],\r\n          \"serviceEndpointPolicies\": [],\r\n          \"ipAllocations\": [],\r\n          \"delegations\": [],\r\n          \"privateEndpointNetworkPolicies\": \"Disabled\",\r\n          \"privateLinkServiceNetworkPolicies\": \"Enabled\",\r\n          \"applicationGatewayIPConfigurations\": []\r\n        },\r\n        \"name\": \"ps8444\"\r\n      }\r\n    ],\r\n    \"virtualNetworkPeerings\": [],\r\n    \"enableDdosProtection\": false,\r\n    \"ipAllocations\": []\r\n  },\r\n  \"location\": \"eastus2euap\"\r\n}",
      "ResponseHeaders": {
        "Cache-Control": [
          "no-cache"
        ],
        "Pragma": [
          "no-cache"
        ],
        "Retry-After": [
          "3"
        ],
        "x-ms-request-id": [
          "46a8ad8f-0f72-4696-a5ac-1e396d8e068f"
        ],
        "Azure-AsyncOperation": [
          "https://management.azure.com/subscriptions/947d47b4-7883-4bb9-9d85-c5e8e2f572ce/providers/Microsoft.Network/locations/eastus2euap/operations/46a8ad8f-0f72-4696-a5ac-1e396d8e068f?api-version=2022-11-01"
        ],
        "x-ms-correlation-request-id": [
          "c488b45f-96af-4edf-8534-9caf786e84d1"
        ],
        "Azure-AsyncNotification": [
          "Enabled"
        ],
        "x-ms-arm-service-request-id": [
          "fda27501-6de3-42a0-81d0-1bd516e008ed"
        ],
        "Strict-Transport-Security": [
          "max-age=31536000; includeSubDomains"
        ],
        "Server": [
          "Microsoft-HTTPAPI/2.0",
          "Microsoft-HTTPAPI/2.0"
        ],
        "x-ms-ratelimit-remaining-subscription-writes": [
          "1195"
        ],
        "x-ms-routing-request-id": [
          "CENTRALUS:20230511T200655Z:c488b45f-96af-4edf-8534-9caf786e84d1"
        ],
        "X-Content-Type-Options": [
          "nosniff"
        ],
        "Date": [
          "Thu, 11 May 2023 20:06:54 GMT"
        ],
        "Content-Length": [
          "957"
        ],
        "Content-Type": [
          "application/json; charset=utf-8"
        ],
        "Expires": [
          "-1"
        ]
      },
      "ResponseBody": "{\r\n  \"name\": \"ps152\",\r\n  \"id\": \"/subscriptions/947d47b4-7883-4bb9-9d85-c5e8e2f572ce/resourceGroups/ps221/providers/Microsoft.Network/virtualNetworks/ps152\",\r\n  \"etag\": \"W/\\\"2ec18932-769b-4db0-8375-22db68b3f7b8\\\"\",\r\n  \"type\": \"Microsoft.Network/virtualNetworks\",\r\n  \"location\": \"eastus2euap\",\r\n  \"properties\": {\r\n    \"provisioningState\": \"Updating\",\r\n    \"resourceGuid\": \"b66f6bbf-6498-4a02-9021-af5a10f11bef\",\r\n    \"addressSpace\": {\r\n      \"addressPrefixes\": [\r\n        \"10.0.0.0/16\"\r\n      ]\r\n    },\r\n    \"subnets\": [\r\n      {\r\n        \"name\": \"ps8444\",\r\n        \"id\": \"/subscriptions/947d47b4-7883-4bb9-9d85-c5e8e2f572ce/resourceGroups/ps221/providers/Microsoft.Network/virtualNetworks/ps152/subnets/ps8444\",\r\n        \"etag\": \"W/\\\"2ec18932-769b-4db0-8375-22db68b3f7b8\\\"\",\r\n        \"properties\": {\r\n          \"provisioningState\": \"Updating\",\r\n          \"addressPrefix\": \"10.0.1.0/24\",\r\n          \"serviceEndpoints\": [],\r\n          \"delegations\": [],\r\n          \"privateEndpointNetworkPolicies\": \"Disabled\",\r\n          \"privateLinkServiceNetworkPolicies\": \"Enabled\"\r\n        },\r\n        \"type\": \"Microsoft.Network/virtualNetworks/subnets\"\r\n      }\r\n    ],\r\n    \"virtualNetworkPeerings\": [],\r\n    \"enableDdosProtection\": false\r\n  }\r\n}",
      "StatusCode": 201
    },
    {
      "RequestUri": "/subscriptions/947d47b4-7883-4bb9-9d85-c5e8e2f572ce/providers/Microsoft.Network/locations/eastus2euap/operations/46a8ad8f-0f72-4696-a5ac-1e396d8e068f?api-version=2022-11-01",
      "EncodedRequestUri": "L3N1YnNjcmlwdGlvbnMvOTQ3ZDQ3YjQtNzg4My00YmI5LTlkODUtYzVlOGUyZjU3MmNlL3Byb3ZpZGVycy9NaWNyb3NvZnQuTmV0d29yay9sb2NhdGlvbnMvZWFzdHVzMmV1YXAvb3BlcmF0aW9ucy80NmE4YWQ4Zi0wZjcyLTQ2OTYtYTVhYy0xZTM5NmQ4ZTA2OGY/YXBpLXZlcnNpb249MjAyMi0xMS0wMQ==",
      "RequestMethod": "GET",
      "RequestHeaders": {
        "x-ms-client-request-id": [
          "8b058de9-6a02-496c-bbfa-0b0bf0b8efe5"
        ],
        "User-Agent": [
          "FxVersion/4.700.22.55902",
          "OSName/Windows",
          "OSVersion/Microsoft.Windows.10.0.17763",
          "Microsoft.Azure.Management.Network.NetworkManagementClient/27.0.0.0"
        ]
      },
      "RequestBody": "",
      "ResponseHeaders": {
        "Cache-Control": [
          "no-cache"
        ],
        "Pragma": [
          "no-cache"
        ],
        "x-ms-request-id": [
          "623528d3-fdff-4939-bbe3-4b17cc008208"
        ],
        "x-ms-correlation-request-id": [
          "480e3192-5e99-4556-9f3e-78c6bfe09d0e"
        ],
        "x-ms-arm-service-request-id": [
          "8c5572e9-1890-4f0d-a88b-9152c632aff2"
        ],
        "Strict-Transport-Security": [
          "max-age=31536000; includeSubDomains"
        ],
        "Server": [
          "Microsoft-HTTPAPI/2.0",
          "Microsoft-HTTPAPI/2.0"
        ],
        "x-ms-ratelimit-remaining-subscription-reads": [
          "11957"
        ],
        "x-ms-routing-request-id": [
          "CENTRALUS:20230511T200658Z:480e3192-5e99-4556-9f3e-78c6bfe09d0e"
        ],
        "X-Content-Type-Options": [
          "nosniff"
        ],
        "Date": [
          "Thu, 11 May 2023 20:06:57 GMT"
        ],
        "Content-Length": [
          "22"
        ],
        "Content-Type": [
          "application/json; charset=utf-8"
        ],
        "Expires": [
          "-1"
        ]
      },
      "ResponseBody": "{\r\n  \"status\": \"Succeeded\"\r\n}",
      "StatusCode": 200
    },
    {
      "RequestUri": "/subscriptions/947d47b4-7883-4bb9-9d85-c5e8e2f572ce/resourceGroups/ps221/providers/Microsoft.Network/publicIPAddresses/ps119?api-version=2022-11-01",
      "EncodedRequestUri": "L3N1YnNjcmlwdGlvbnMvOTQ3ZDQ3YjQtNzg4My00YmI5LTlkODUtYzVlOGUyZjU3MmNlL3Jlc291cmNlR3JvdXBzL3BzMjIxL3Byb3ZpZGVycy9NaWNyb3NvZnQuTmV0d29yay9wdWJsaWNJUEFkZHJlc3Nlcy9wczExOT9hcGktdmVyc2lvbj0yMDIyLTExLTAx",
      "RequestMethod": "GET",
      "RequestHeaders": {
        "x-ms-client-request-id": [
          "5e5f34cf-6f88-4529-a04e-b6cdad3b1cf8"
        ],
        "Accept-Language": [
          "en-US"
        ],
        "User-Agent": [
          "FxVersion/4.700.22.55902",
          "OSName/Windows",
          "OSVersion/Microsoft.Windows.10.0.17763",
          "Microsoft.Azure.Management.Network.NetworkManagementClient/27.0.0.0"
        ]
      },
      "RequestBody": "",
      "ResponseHeaders": {
        "Cache-Control": [
          "no-cache"
        ],
        "Pragma": [
          "no-cache"
        ],
        "x-ms-failure-cause": [
          "gateway"
        ],
        "x-ms-request-id": [
          "663b7e05-2fb5-417e-904f-24e9d03fbc5f"
        ],
        "x-ms-correlation-request-id": [
          "663b7e05-2fb5-417e-904f-24e9d03fbc5f"
        ],
        "x-ms-routing-request-id": [
          "CENTRALUS:20230511T200658Z:663b7e05-2fb5-417e-904f-24e9d03fbc5f"
        ],
        "Strict-Transport-Security": [
          "max-age=31536000; includeSubDomains"
        ],
        "X-Content-Type-Options": [
          "nosniff"
        ],
        "Date": [
          "Thu, 11 May 2023 20:06:58 GMT"
        ],
        "Content-Type": [
          "application/json; charset=utf-8"
        ],
        "Expires": [
          "-1"
        ],
        "Content-Length": [
          "218"
        ]
      },
      "ResponseBody": "{\r\n  \"error\": {\r\n    \"code\": \"ResourceNotFound\",\r\n    \"message\": \"The Resource 'Microsoft.Network/publicIPAddresses/ps119' under resource group 'ps221' was not found. For more details please go to https://aka.ms/ARMResourceNotFoundFix\"\r\n  }\r\n}",
      "StatusCode": 404
    },
    {
      "RequestUri": "/subscriptions/947d47b4-7883-4bb9-9d85-c5e8e2f572ce/resourceGroups/ps221/providers/Microsoft.Network/publicIPAddresses/ps119?api-version=2022-11-01",
      "EncodedRequestUri": "L3N1YnNjcmlwdGlvbnMvOTQ3ZDQ3YjQtNzg4My00YmI5LTlkODUtYzVlOGUyZjU3MmNlL3Jlc291cmNlR3JvdXBzL3BzMjIxL3Byb3ZpZGVycy9NaWNyb3NvZnQuTmV0d29yay9wdWJsaWNJUEFkZHJlc3Nlcy9wczExOT9hcGktdmVyc2lvbj0yMDIyLTExLTAx",
      "RequestMethod": "GET",
      "RequestHeaders": {
        "x-ms-client-request-id": [
          "5e5f34cf-6f88-4529-a04e-b6cdad3b1cf8"
        ],
        "User-Agent": [
          "FxVersion/4.700.22.55902",
          "OSName/Windows",
          "OSVersion/Microsoft.Windows.10.0.17763",
          "Microsoft.Azure.Management.Network.NetworkManagementClient/27.0.0.0"
        ]
      },
      "RequestBody": "",
      "ResponseHeaders": {
        "Cache-Control": [
          "no-cache"
        ],
        "Pragma": [
          "no-cache"
        ],
        "ETag": [
          "W/\"80a9c8e2-0435-42e5-a61c-245d597d41bd\""
        ],
        "x-ms-request-id": [
          "e7b47d8c-6498-478e-bd6b-444d6f985c3a"
        ],
        "x-ms-correlation-request-id": [
          "1cd4dea3-6ccd-4570-b4dd-1b270985940f"
        ],
        "x-ms-arm-service-request-id": [
          "c60e0efe-974d-4d42-9910-f6bfd327893c"
        ],
        "Strict-Transport-Security": [
          "max-age=31536000; includeSubDomains"
        ],
        "Server": [
          "Microsoft-HTTPAPI/2.0",
          "Microsoft-HTTPAPI/2.0"
        ],
        "x-ms-ratelimit-remaining-subscription-reads": [
          "11909"
        ],
        "x-ms-routing-request-id": [
          "CENTRALUS:20230511T200700Z:1cd4dea3-6ccd-4570-b4dd-1b270985940f"
        ],
        "X-Content-Type-Options": [
          "nosniff"
        ],
        "Date": [
          "Thu, 11 May 2023 20:07:00 GMT"
        ],
        "Content-Length": [
          "605"
        ],
        "Content-Type": [
          "application/json; charset=utf-8"
        ],
        "Expires": [
          "-1"
        ]
      },
      "ResponseBody": "{\r\n  \"name\": \"ps119\",\r\n  \"id\": \"/subscriptions/947d47b4-7883-4bb9-9d85-c5e8e2f572ce/resourceGroups/ps221/providers/Microsoft.Network/publicIPAddresses/ps119\",\r\n  \"etag\": \"W/\\\"80a9c8e2-0435-42e5-a61c-245d597d41bd\\\"\",\r\n  \"location\": \"eastus2euap\",\r\n  \"properties\": {\r\n    \"provisioningState\": \"Succeeded\",\r\n    \"resourceGuid\": \"98b20b87-53f0-42ea-8a9e-31a8d5b7d11c\",\r\n    \"ipAddress\": \"20.1.48.92\",\r\n    \"publicIPAddressVersion\": \"IPv4\",\r\n    \"publicIPAllocationMethod\": \"Static\",\r\n    \"idleTimeoutInMinutes\": 4,\r\n    \"ipTags\": [],\r\n    \"ddosSettings\": {\r\n      \"protectionMode\": \"VirtualNetworkInherited\"\r\n    }\r\n  },\r\n  \"type\": \"Microsoft.Network/publicIPAddresses\",\r\n  \"sku\": {\r\n    \"name\": \"Standard\",\r\n    \"tier\": \"Regional\"\r\n  }\r\n}",
      "StatusCode": 200
    },
    {
      "RequestUri": "/subscriptions/947d47b4-7883-4bb9-9d85-c5e8e2f572ce/resourceGroups/ps221/providers/Microsoft.Network/publicIPAddresses/ps119?api-version=2022-11-01",
      "EncodedRequestUri": "L3N1YnNjcmlwdGlvbnMvOTQ3ZDQ3YjQtNzg4My00YmI5LTlkODUtYzVlOGUyZjU3MmNlL3Jlc291cmNlR3JvdXBzL3BzMjIxL3Byb3ZpZGVycy9NaWNyb3NvZnQuTmV0d29yay9wdWJsaWNJUEFkZHJlc3Nlcy9wczExOT9hcGktdmVyc2lvbj0yMDIyLTExLTAx",
      "RequestMethod": "GET",
      "RequestHeaders": {
        "x-ms-client-request-id": [
          "5e5f34cf-6f88-4529-a04e-b6cdad3b1cf8"
        ],
        "Accept-Language": [
          "en-US"
        ],
        "User-Agent": [
          "FxVersion/4.700.22.55902",
          "OSName/Windows",
          "OSVersion/Microsoft.Windows.10.0.17763",
          "Microsoft.Azure.Management.Network.NetworkManagementClient/27.0.0.0"
        ]
      },
      "RequestBody": "",
      "ResponseHeaders": {
        "Cache-Control": [
          "no-cache"
        ],
        "Pragma": [
          "no-cache"
        ],
        "ETag": [
          "W/\"80a9c8e2-0435-42e5-a61c-245d597d41bd\""
        ],
        "x-ms-request-id": [
          "ab3d5123-7ef6-42e4-91f6-ca383154334b"
        ],
        "x-ms-correlation-request-id": [
          "8ffb377f-a548-4bab-a12b-6e17e028defd"
        ],
        "x-ms-arm-service-request-id": [
          "1b1d2e05-4bde-43fc-b559-020e1cc15135"
        ],
        "Strict-Transport-Security": [
          "max-age=31536000; includeSubDomains"
        ],
        "Server": [
          "Microsoft-HTTPAPI/2.0",
          "Microsoft-HTTPAPI/2.0"
        ],
        "x-ms-ratelimit-remaining-subscription-reads": [
          "11908"
        ],
        "x-ms-routing-request-id": [
          "CENTRALUS:20230511T200700Z:8ffb377f-a548-4bab-a12b-6e17e028defd"
        ],
        "X-Content-Type-Options": [
          "nosniff"
        ],
        "Date": [
          "Thu, 11 May 2023 20:07:00 GMT"
        ],
        "Content-Length": [
          "605"
        ],
        "Content-Type": [
          "application/json; charset=utf-8"
        ],
        "Expires": [
          "-1"
        ]
      },
      "ResponseBody": "{\r\n  \"name\": \"ps119\",\r\n  \"id\": \"/subscriptions/947d47b4-7883-4bb9-9d85-c5e8e2f572ce/resourceGroups/ps221/providers/Microsoft.Network/publicIPAddresses/ps119\",\r\n  \"etag\": \"W/\\\"80a9c8e2-0435-42e5-a61c-245d597d41bd\\\"\",\r\n  \"location\": \"eastus2euap\",\r\n  \"properties\": {\r\n    \"provisioningState\": \"Succeeded\",\r\n    \"resourceGuid\": \"98b20b87-53f0-42ea-8a9e-31a8d5b7d11c\",\r\n    \"ipAddress\": \"20.1.48.92\",\r\n    \"publicIPAddressVersion\": \"IPv4\",\r\n    \"publicIPAllocationMethod\": \"Static\",\r\n    \"idleTimeoutInMinutes\": 4,\r\n    \"ipTags\": [],\r\n    \"ddosSettings\": {\r\n      \"protectionMode\": \"VirtualNetworkInherited\"\r\n    }\r\n  },\r\n  \"type\": \"Microsoft.Network/publicIPAddresses\",\r\n  \"sku\": {\r\n    \"name\": \"Standard\",\r\n    \"tier\": \"Regional\"\r\n  }\r\n}",
      "StatusCode": 200
    },
    {
      "RequestUri": "/subscriptions/947d47b4-7883-4bb9-9d85-c5e8e2f572ce/resourceGroups/ps221/providers/Microsoft.Network/publicIPAddresses/ps119?api-version=2022-11-01",
      "EncodedRequestUri": "L3N1YnNjcmlwdGlvbnMvOTQ3ZDQ3YjQtNzg4My00YmI5LTlkODUtYzVlOGUyZjU3MmNlL3Jlc291cmNlR3JvdXBzL3BzMjIxL3Byb3ZpZGVycy9NaWNyb3NvZnQuTmV0d29yay9wdWJsaWNJUEFkZHJlc3Nlcy9wczExOT9hcGktdmVyc2lvbj0yMDIyLTExLTAx",
      "RequestMethod": "GET",
      "RequestHeaders": {
        "x-ms-client-request-id": [
          "60ac1856-d356-4681-894d-e7350e5ef5b2"
        ],
        "Accept-Language": [
          "en-US"
        ],
        "User-Agent": [
          "FxVersion/4.700.22.55902",
          "OSName/Windows",
          "OSVersion/Microsoft.Windows.10.0.17763",
          "Microsoft.Azure.Management.Network.NetworkManagementClient/27.0.0.0"
        ]
      },
      "RequestBody": "",
      "ResponseHeaders": {
        "Cache-Control": [
          "no-cache"
        ],
        "Pragma": [
          "no-cache"
        ],
        "ETag": [
          "W/\"4e889f20-c6c4-42b3-8550-2186f354ef39\""
        ],
        "x-ms-request-id": [
          "f84c063d-f684-400a-b9ed-a2f102eedbe1"
        ],
        "x-ms-correlation-request-id": [
          "ce0a7d15-6903-433c-a6ea-676e98a5f394"
        ],
        "x-ms-arm-service-request-id": [
          "89bab7bf-b2ba-4df7-b3d9-bb3e5d2da543"
        ],
        "Strict-Transport-Security": [
          "max-age=31536000; includeSubDomains"
        ],
        "Server": [
          "Microsoft-HTTPAPI/2.0",
          "Microsoft-HTTPAPI/2.0"
        ],
        "x-ms-ratelimit-remaining-subscription-reads": [
          "11953"
        ],
        "x-ms-routing-request-id": [
          "CENTRALUS:20230511T200705Z:ce0a7d15-6903-433c-a6ea-676e98a5f394"
        ],
        "X-Content-Type-Options": [
          "nosniff"
        ],
        "Date": [
          "Thu, 11 May 2023 20:07:04 GMT"
        ],
        "Content-Length": [
          "781"
        ],
        "Content-Type": [
          "application/json; charset=utf-8"
        ],
        "Expires": [
          "-1"
        ]
      },
      "ResponseBody": "{\r\n  \"name\": \"ps119\",\r\n  \"id\": \"/subscriptions/947d47b4-7883-4bb9-9d85-c5e8e2f572ce/resourceGroups/ps221/providers/Microsoft.Network/publicIPAddresses/ps119\",\r\n  \"etag\": \"W/\\\"4e889f20-c6c4-42b3-8550-2186f354ef39\\\"\",\r\n  \"location\": \"eastus2euap\",\r\n  \"properties\": {\r\n    \"provisioningState\": \"Succeeded\",\r\n    \"resourceGuid\": \"98b20b87-53f0-42ea-8a9e-31a8d5b7d11c\",\r\n    \"ipAddress\": \"20.1.48.92\",\r\n    \"publicIPAddressVersion\": \"IPv4\",\r\n    \"publicIPAllocationMethod\": \"Static\",\r\n    \"idleTimeoutInMinutes\": 4,\r\n    \"ipTags\": [],\r\n    \"ipConfiguration\": {\r\n      \"id\": \"/subscriptions/947d47b4-7883-4bb9-9d85-c5e8e2f572ce/resourceGroups/ps221/providers/Microsoft.Network/networkInterfaces/ps518/ipConfigurations/ps2985\"\r\n    },\r\n    \"ddosSettings\": {\r\n      \"protectionMode\": \"VirtualNetworkInherited\"\r\n    }\r\n  },\r\n  \"type\": \"Microsoft.Network/publicIPAddresses\",\r\n  \"sku\": {\r\n    \"name\": \"Standard\",\r\n    \"tier\": \"Regional\"\r\n  }\r\n}",
      "StatusCode": 200
    },
    {
      "RequestUri": "/subscriptions/947d47b4-7883-4bb9-9d85-c5e8e2f572ce/resourceGroups/ps221/providers/Microsoft.Network/publicIPAddresses/ps119?api-version=2022-11-01",
      "EncodedRequestUri": "L3N1YnNjcmlwdGlvbnMvOTQ3ZDQ3YjQtNzg4My00YmI5LTlkODUtYzVlOGUyZjU3MmNlL3Jlc291cmNlR3JvdXBzL3BzMjIxL3Byb3ZpZGVycy9NaWNyb3NvZnQuTmV0d29yay9wdWJsaWNJUEFkZHJlc3Nlcy9wczExOT9hcGktdmVyc2lvbj0yMDIyLTExLTAx",
      "RequestMethod": "PUT",
      "RequestHeaders": {
        "x-ms-client-request-id": [
          "5e5f34cf-6f88-4529-a04e-b6cdad3b1cf8"
        ],
        "Accept-Language": [
          "en-US"
        ],
        "User-Agent": [
          "FxVersion/4.700.22.55902",
          "OSName/Windows",
          "OSVersion/Microsoft.Windows.10.0.17763",
          "Microsoft.Azure.Management.Network.NetworkManagementClient/27.0.0.0"
        ],
        "Content-Type": [
          "application/json; charset=utf-8"
        ],
        "Content-Length": [
          "177"
        ]
      },
      "RequestBody": "{\r\n  \"sku\": {\r\n    \"name\": \"Standard\"\r\n  },\r\n  \"properties\": {\r\n    \"publicIPAllocationMethod\": \"Static\",\r\n    \"ipTags\": []\r\n  },\r\n  \"zones\": [],\r\n  \"location\": \"eastus2euap\"\r\n}",
      "ResponseHeaders": {
        "Cache-Control": [
          "no-cache"
        ],
        "Pragma": [
          "no-cache"
        ],
        "Retry-After": [
          "1"
        ],
        "x-ms-request-id": [
          "4b1dba13-4849-4d25-a3ac-5e85f01fa922"
        ],
        "Azure-AsyncOperation": [
          "https://management.azure.com/subscriptions/947d47b4-7883-4bb9-9d85-c5e8e2f572ce/providers/Microsoft.Network/locations/eastus2euap/operations/4b1dba13-4849-4d25-a3ac-5e85f01fa922?api-version=2022-11-01"
        ],
        "x-ms-correlation-request-id": [
          "8a17b78d-40f0-4300-ab19-d0f07d531f5d"
        ],
        "Azure-AsyncNotification": [
          "Enabled"
        ],
        "x-ms-arm-service-request-id": [
          "60ee36df-e9ce-450d-8bd5-93a30ee71594"
        ],
        "Strict-Transport-Security": [
          "max-age=31536000; includeSubDomains"
        ],
        "Server": [
          "Microsoft-HTTPAPI/2.0",
          "Microsoft-HTTPAPI/2.0"
        ],
        "x-ms-ratelimit-remaining-subscription-writes": [
          "1182"
        ],
        "x-ms-routing-request-id": [
          "CENTRALUS:20230511T200659Z:8a17b78d-40f0-4300-ab19-d0f07d531f5d"
        ],
        "X-Content-Type-Options": [
          "nosniff"
        ],
        "Date": [
          "Thu, 11 May 2023 20:06:59 GMT"
        ],
        "Content-Length": [
          "579"
        ],
        "Content-Type": [
          "application/json; charset=utf-8"
        ],
        "Expires": [
          "-1"
        ]
      },
      "ResponseBody": "{\r\n  \"name\": \"ps119\",\r\n  \"id\": \"/subscriptions/947d47b4-7883-4bb9-9d85-c5e8e2f572ce/resourceGroups/ps221/providers/Microsoft.Network/publicIPAddresses/ps119\",\r\n  \"etag\": \"W/\\\"e6a4f14d-8ce3-4f1e-be55-43e652d3fdd0\\\"\",\r\n  \"location\": \"eastus2euap\",\r\n  \"properties\": {\r\n    \"provisioningState\": \"Updating\",\r\n    \"resourceGuid\": \"98b20b87-53f0-42ea-8a9e-31a8d5b7d11c\",\r\n    \"publicIPAddressVersion\": \"IPv4\",\r\n    \"publicIPAllocationMethod\": \"Static\",\r\n    \"idleTimeoutInMinutes\": 4,\r\n    \"ipTags\": [],\r\n    \"ddosSettings\": {\r\n      \"protectionMode\": \"VirtualNetworkInherited\"\r\n    }\r\n  },\r\n  \"type\": \"Microsoft.Network/publicIPAddresses\",\r\n  \"sku\": {\r\n    \"name\": \"Standard\",\r\n    \"tier\": \"Regional\"\r\n  }\r\n}",
      "StatusCode": 201
    },
    {
      "RequestUri": "/subscriptions/947d47b4-7883-4bb9-9d85-c5e8e2f572ce/providers/Microsoft.Network/locations/eastus2euap/operations/4b1dba13-4849-4d25-a3ac-5e85f01fa922?api-version=2022-11-01",
      "EncodedRequestUri": "L3N1YnNjcmlwdGlvbnMvOTQ3ZDQ3YjQtNzg4My00YmI5LTlkODUtYzVlOGUyZjU3MmNlL3Byb3ZpZGVycy9NaWNyb3NvZnQuTmV0d29yay9sb2NhdGlvbnMvZWFzdHVzMmV1YXAvb3BlcmF0aW9ucy80YjFkYmExMy00ODQ5LTRkMjUtYTNhYy01ZTg1ZjAxZmE5MjI/YXBpLXZlcnNpb249MjAyMi0xMS0wMQ==",
      "RequestMethod": "GET",
      "RequestHeaders": {
        "x-ms-client-request-id": [
          "5e5f34cf-6f88-4529-a04e-b6cdad3b1cf8"
        ],
        "User-Agent": [
          "FxVersion/4.700.22.55902",
          "OSName/Windows",
          "OSVersion/Microsoft.Windows.10.0.17763",
          "Microsoft.Azure.Management.Network.NetworkManagementClient/27.0.0.0"
        ]
      },
      "RequestBody": "",
      "ResponseHeaders": {
        "Cache-Control": [
          "no-cache"
        ],
        "Pragma": [
          "no-cache"
        ],
        "x-ms-request-id": [
          "e9dde2de-f498-4934-99ea-a1bdf4eff4d6"
        ],
        "x-ms-correlation-request-id": [
          "b82a2a58-5d18-4ab8-be56-b17aedcba3c7"
        ],
        "x-ms-arm-service-request-id": [
          "efbba9e5-e2cb-4ba5-a99a-09adee6b4b10"
        ],
        "Strict-Transport-Security": [
          "max-age=31536000; includeSubDomains"
        ],
        "Server": [
          "Microsoft-HTTPAPI/2.0",
          "Microsoft-HTTPAPI/2.0"
        ],
        "x-ms-ratelimit-remaining-subscription-reads": [
          "11910"
        ],
        "x-ms-routing-request-id": [
          "CENTRALUS:20230511T200700Z:b82a2a58-5d18-4ab8-be56-b17aedcba3c7"
        ],
        "X-Content-Type-Options": [
          "nosniff"
        ],
        "Date": [
          "Thu, 11 May 2023 20:07:00 GMT"
        ],
        "Content-Length": [
          "22"
        ],
        "Content-Type": [
          "application/json; charset=utf-8"
        ],
        "Expires": [
          "-1"
        ]
      },
      "ResponseBody": "{\r\n  \"status\": \"Succeeded\"\r\n}",
      "StatusCode": 200
    },
    {
      "RequestUri": "/subscriptions/947d47b4-7883-4bb9-9d85-c5e8e2f572ce/resourceGroups/ps221/providers/Microsoft.Network/publicIPAddresses/ps5778?api-version=2022-11-01",
      "EncodedRequestUri": "L3N1YnNjcmlwdGlvbnMvOTQ3ZDQ3YjQtNzg4My00YmI5LTlkODUtYzVlOGUyZjU3MmNlL3Jlc291cmNlR3JvdXBzL3BzMjIxL3Byb3ZpZGVycy9NaWNyb3NvZnQuTmV0d29yay9wdWJsaWNJUEFkZHJlc3Nlcy9wczU3Nzg/YXBpLXZlcnNpb249MjAyMi0xMS0wMQ==",
      "RequestMethod": "GET",
      "RequestHeaders": {
        "x-ms-client-request-id": [
          "0b930071-b319-43e0-b511-821d470e2a58"
        ],
        "Accept-Language": [
          "en-US"
        ],
        "User-Agent": [
          "FxVersion/4.700.22.55902",
          "OSName/Windows",
          "OSVersion/Microsoft.Windows.10.0.17763",
          "Microsoft.Azure.Management.Network.NetworkManagementClient/27.0.0.0"
        ]
      },
      "RequestBody": "",
      "ResponseHeaders": {
        "Cache-Control": [
          "no-cache"
        ],
        "Pragma": [
          "no-cache"
        ],
        "x-ms-failure-cause": [
          "gateway"
        ],
        "x-ms-request-id": [
          "66b00139-95f2-43cc-bc88-63c7d27d9793"
        ],
        "x-ms-correlation-request-id": [
          "66b00139-95f2-43cc-bc88-63c7d27d9793"
        ],
        "x-ms-routing-request-id": [
          "CENTRALUS:20230511T200701Z:66b00139-95f2-43cc-bc88-63c7d27d9793"
        ],
        "Strict-Transport-Security": [
          "max-age=31536000; includeSubDomains"
        ],
        "X-Content-Type-Options": [
          "nosniff"
        ],
        "Date": [
          "Thu, 11 May 2023 20:07:00 GMT"
        ],
        "Content-Type": [
          "application/json; charset=utf-8"
        ],
        "Expires": [
          "-1"
        ],
        "Content-Length": [
          "219"
        ]
      },
      "ResponseBody": "{\r\n  \"error\": {\r\n    \"code\": \"ResourceNotFound\",\r\n    \"message\": \"The Resource 'Microsoft.Network/publicIPAddresses/ps5778' under resource group 'ps221' was not found. For more details please go to https://aka.ms/ARMResourceNotFoundFix\"\r\n  }\r\n}",
      "StatusCode": 404
    },
    {
      "RequestUri": "/subscriptions/947d47b4-7883-4bb9-9d85-c5e8e2f572ce/resourceGroups/ps221/providers/Microsoft.Network/publicIPAddresses/ps5778?api-version=2022-11-01",
      "EncodedRequestUri": "L3N1YnNjcmlwdGlvbnMvOTQ3ZDQ3YjQtNzg4My00YmI5LTlkODUtYzVlOGUyZjU3MmNlL3Jlc291cmNlR3JvdXBzL3BzMjIxL3Byb3ZpZGVycy9NaWNyb3NvZnQuTmV0d29yay9wdWJsaWNJUEFkZHJlc3Nlcy9wczU3Nzg/YXBpLXZlcnNpb249MjAyMi0xMS0wMQ==",
      "RequestMethod": "GET",
      "RequestHeaders": {
        "x-ms-client-request-id": [
          "0b930071-b319-43e0-b511-821d470e2a58"
        ],
        "User-Agent": [
          "FxVersion/4.700.22.55902",
          "OSName/Windows",
          "OSVersion/Microsoft.Windows.10.0.17763",
          "Microsoft.Azure.Management.Network.NetworkManagementClient/27.0.0.0"
        ]
      },
      "RequestBody": "",
      "ResponseHeaders": {
        "Cache-Control": [
          "no-cache"
        ],
        "Pragma": [
          "no-cache"
        ],
        "ETag": [
          "W/\"f819d3e5-ce6c-4493-b8f3-5d4bcdab39ba\""
        ],
        "x-ms-request-id": [
          "57ee1caa-fe26-4353-8e38-28d4208454f8"
        ],
        "x-ms-correlation-request-id": [
          "745d9bb3-01e8-4199-a713-414fe5f90acc"
        ],
        "x-ms-arm-service-request-id": [
          "91324a7f-cdc0-4ea2-9e4a-b50a08b5ff2e"
        ],
        "Strict-Transport-Security": [
          "max-age=31536000; includeSubDomains"
        ],
        "Server": [
          "Microsoft-HTTPAPI/2.0",
          "Microsoft-HTTPAPI/2.0"
        ],
        "x-ms-ratelimit-remaining-subscription-reads": [
          "11903"
        ],
        "x-ms-routing-request-id": [
          "CENTRALUS:20230511T200703Z:745d9bb3-01e8-4199-a713-414fe5f90acc"
        ],
        "X-Content-Type-Options": [
          "nosniff"
        ],
        "Date": [
          "Thu, 11 May 2023 20:07:02 GMT"
        ],
        "Content-Length": [
          "608"
        ],
        "Content-Type": [
          "application/json; charset=utf-8"
        ],
        "Expires": [
          "-1"
        ]
      },
      "ResponseBody": "{\r\n  \"name\": \"ps5778\",\r\n  \"id\": \"/subscriptions/947d47b4-7883-4bb9-9d85-c5e8e2f572ce/resourceGroups/ps221/providers/Microsoft.Network/publicIPAddresses/ps5778\",\r\n  \"etag\": \"W/\\\"f819d3e5-ce6c-4493-b8f3-5d4bcdab39ba\\\"\",\r\n  \"location\": \"eastus2euap\",\r\n  \"properties\": {\r\n    \"provisioningState\": \"Succeeded\",\r\n    \"resourceGuid\": \"45654cd3-59e0-42d7-a386-5cf71ca9eef5\",\r\n    \"ipAddress\": \"20.1.48.114\",\r\n    \"publicIPAddressVersion\": \"IPv4\",\r\n    \"publicIPAllocationMethod\": \"Static\",\r\n    \"idleTimeoutInMinutes\": 4,\r\n    \"ipTags\": [],\r\n    \"ddosSettings\": {\r\n      \"protectionMode\": \"VirtualNetworkInherited\"\r\n    }\r\n  },\r\n  \"type\": \"Microsoft.Network/publicIPAddresses\",\r\n  \"sku\": {\r\n    \"name\": \"Standard\",\r\n    \"tier\": \"Regional\"\r\n  }\r\n}",
      "StatusCode": 200
    },
    {
      "RequestUri": "/subscriptions/947d47b4-7883-4bb9-9d85-c5e8e2f572ce/resourceGroups/ps221/providers/Microsoft.Network/publicIPAddresses/ps5778?api-version=2022-11-01",
      "EncodedRequestUri": "L3N1YnNjcmlwdGlvbnMvOTQ3ZDQ3YjQtNzg4My00YmI5LTlkODUtYzVlOGUyZjU3MmNlL3Jlc291cmNlR3JvdXBzL3BzMjIxL3Byb3ZpZGVycy9NaWNyb3NvZnQuTmV0d29yay9wdWJsaWNJUEFkZHJlc3Nlcy9wczU3Nzg/YXBpLXZlcnNpb249MjAyMi0xMS0wMQ==",
      "RequestMethod": "GET",
      "RequestHeaders": {
        "x-ms-client-request-id": [
          "0b930071-b319-43e0-b511-821d470e2a58"
        ],
        "Accept-Language": [
          "en-US"
        ],
        "User-Agent": [
          "FxVersion/4.700.22.55902",
          "OSName/Windows",
          "OSVersion/Microsoft.Windows.10.0.17763",
          "Microsoft.Azure.Management.Network.NetworkManagementClient/27.0.0.0"
        ]
      },
      "RequestBody": "",
      "ResponseHeaders": {
        "Cache-Control": [
          "no-cache"
        ],
        "Pragma": [
          "no-cache"
        ],
        "ETag": [
          "W/\"f819d3e5-ce6c-4493-b8f3-5d4bcdab39ba\""
        ],
        "x-ms-request-id": [
          "78c42517-20c5-4271-8d3b-9c8e2d70b63b"
        ],
        "x-ms-correlation-request-id": [
          "181a5a83-31e5-4e15-9f5b-8712d97a5654"
        ],
        "x-ms-arm-service-request-id": [
          "7f20d489-b26e-42a3-b41c-85a1e993b31f"
        ],
        "Strict-Transport-Security": [
          "max-age=31536000; includeSubDomains"
        ],
        "Server": [
          "Microsoft-HTTPAPI/2.0",
          "Microsoft-HTTPAPI/2.0"
        ],
        "x-ms-ratelimit-remaining-subscription-reads": [
          "11902"
        ],
        "x-ms-routing-request-id": [
          "CENTRALUS:20230511T200703Z:181a5a83-31e5-4e15-9f5b-8712d97a5654"
        ],
        "X-Content-Type-Options": [
          "nosniff"
        ],
        "Date": [
          "Thu, 11 May 2023 20:07:03 GMT"
        ],
        "Content-Length": [
          "608"
        ],
        "Content-Type": [
          "application/json; charset=utf-8"
        ],
        "Expires": [
          "-1"
        ]
      },
      "ResponseBody": "{\r\n  \"name\": \"ps5778\",\r\n  \"id\": \"/subscriptions/947d47b4-7883-4bb9-9d85-c5e8e2f572ce/resourceGroups/ps221/providers/Microsoft.Network/publicIPAddresses/ps5778\",\r\n  \"etag\": \"W/\\\"f819d3e5-ce6c-4493-b8f3-5d4bcdab39ba\\\"\",\r\n  \"location\": \"eastus2euap\",\r\n  \"properties\": {\r\n    \"provisioningState\": \"Succeeded\",\r\n    \"resourceGuid\": \"45654cd3-59e0-42d7-a386-5cf71ca9eef5\",\r\n    \"ipAddress\": \"20.1.48.114\",\r\n    \"publicIPAddressVersion\": \"IPv4\",\r\n    \"publicIPAllocationMethod\": \"Static\",\r\n    \"idleTimeoutInMinutes\": 4,\r\n    \"ipTags\": [],\r\n    \"ddosSettings\": {\r\n      \"protectionMode\": \"VirtualNetworkInherited\"\r\n    }\r\n  },\r\n  \"type\": \"Microsoft.Network/publicIPAddresses\",\r\n  \"sku\": {\r\n    \"name\": \"Standard\",\r\n    \"tier\": \"Regional\"\r\n  }\r\n}",
      "StatusCode": 200
    },
    {
      "RequestUri": "/subscriptions/947d47b4-7883-4bb9-9d85-c5e8e2f572ce/resourceGroups/ps221/providers/Microsoft.Network/publicIPAddresses/ps5778?api-version=2022-11-01",
      "EncodedRequestUri": "L3N1YnNjcmlwdGlvbnMvOTQ3ZDQ3YjQtNzg4My00YmI5LTlkODUtYzVlOGUyZjU3MmNlL3Jlc291cmNlR3JvdXBzL3BzMjIxL3Byb3ZpZGVycy9NaWNyb3NvZnQuTmV0d29yay9wdWJsaWNJUEFkZHJlc3Nlcy9wczU3Nzg/YXBpLXZlcnNpb249MjAyMi0xMS0wMQ==",
      "RequestMethod": "GET",
      "RequestHeaders": {
        "x-ms-client-request-id": [
          "2b733a75-5a2c-421c-8a30-9d2228849541"
        ],
        "Accept-Language": [
          "en-US"
        ],
        "User-Agent": [
          "FxVersion/4.700.22.55902",
          "OSName/Windows",
          "OSVersion/Microsoft.Windows.10.0.17763",
          "Microsoft.Azure.Management.Network.NetworkManagementClient/27.0.0.0"
        ]
      },
      "RequestBody": "",
      "ResponseHeaders": {
        "Cache-Control": [
          "no-cache"
        ],
        "Pragma": [
          "no-cache"
        ],
        "ETag": [
          "W/\"fcf5d6a1-5d67-4c3a-a33a-5c2f1b269024\""
        ],
        "x-ms-request-id": [
          "3ef58c4d-d456-4cb0-a4cc-6949b325f8a4"
        ],
        "x-ms-correlation-request-id": [
          "2b35aa71-7bb5-4a89-81de-adb681a77985"
        ],
        "x-ms-arm-service-request-id": [
          "128b1fdf-a2bb-49fb-80a8-ec929a9366c9"
        ],
        "Strict-Transport-Security": [
          "max-age=31536000; includeSubDomains"
        ],
        "Server": [
          "Microsoft-HTTPAPI/2.0",
          "Microsoft-HTTPAPI/2.0"
        ],
        "x-ms-ratelimit-remaining-subscription-reads": [
          "11957"
        ],
        "x-ms-routing-request-id": [
          "CENTRALUS:20230511T200706Z:2b35aa71-7bb5-4a89-81de-adb681a77985"
        ],
        "X-Content-Type-Options": [
          "nosniff"
        ],
        "Date": [
          "Thu, 11 May 2023 20:07:05 GMT"
        ],
        "Content-Length": [
          "784"
        ],
        "Content-Type": [
          "application/json; charset=utf-8"
        ],
        "Expires": [
          "-1"
        ]
      },
      "ResponseBody": "{\r\n  \"name\": \"ps5778\",\r\n  \"id\": \"/subscriptions/947d47b4-7883-4bb9-9d85-c5e8e2f572ce/resourceGroups/ps221/providers/Microsoft.Network/publicIPAddresses/ps5778\",\r\n  \"etag\": \"W/\\\"fcf5d6a1-5d67-4c3a-a33a-5c2f1b269024\\\"\",\r\n  \"location\": \"eastus2euap\",\r\n  \"properties\": {\r\n    \"provisioningState\": \"Succeeded\",\r\n    \"resourceGuid\": \"45654cd3-59e0-42d7-a386-5cf71ca9eef5\",\r\n    \"ipAddress\": \"20.1.48.114\",\r\n    \"publicIPAddressVersion\": \"IPv4\",\r\n    \"publicIPAllocationMethod\": \"Static\",\r\n    \"idleTimeoutInMinutes\": 4,\r\n    \"ipTags\": [],\r\n    \"ipConfiguration\": {\r\n      \"id\": \"/subscriptions/947d47b4-7883-4bb9-9d85-c5e8e2f572ce/resourceGroups/ps221/providers/Microsoft.Network/networkInterfaces/ps518/ipConfigurations/ps6546\"\r\n    },\r\n    \"ddosSettings\": {\r\n      \"protectionMode\": \"VirtualNetworkInherited\"\r\n    }\r\n  },\r\n  \"type\": \"Microsoft.Network/publicIPAddresses\",\r\n  \"sku\": {\r\n    \"name\": \"Standard\",\r\n    \"tier\": \"Regional\"\r\n  }\r\n}",
      "StatusCode": 200
    },
    {
      "RequestUri": "/subscriptions/947d47b4-7883-4bb9-9d85-c5e8e2f572ce/resourceGroups/ps221/providers/Microsoft.Network/publicIPAddresses/ps5778?api-version=2022-11-01",
      "EncodedRequestUri": "L3N1YnNjcmlwdGlvbnMvOTQ3ZDQ3YjQtNzg4My00YmI5LTlkODUtYzVlOGUyZjU3MmNlL3Jlc291cmNlR3JvdXBzL3BzMjIxL3Byb3ZpZGVycy9NaWNyb3NvZnQuTmV0d29yay9wdWJsaWNJUEFkZHJlc3Nlcy9wczU3Nzg/YXBpLXZlcnNpb249MjAyMi0xMS0wMQ==",
      "RequestMethod": "PUT",
      "RequestHeaders": {
        "x-ms-client-request-id": [
          "0b930071-b319-43e0-b511-821d470e2a58"
        ],
        "Accept-Language": [
          "en-US"
        ],
        "User-Agent": [
          "FxVersion/4.700.22.55902",
          "OSName/Windows",
          "OSVersion/Microsoft.Windows.10.0.17763",
          "Microsoft.Azure.Management.Network.NetworkManagementClient/27.0.0.0"
        ],
        "Content-Type": [
          "application/json; charset=utf-8"
        ],
        "Content-Length": [
          "177"
        ]
      },
      "RequestBody": "{\r\n  \"sku\": {\r\n    \"name\": \"Standard\"\r\n  },\r\n  \"properties\": {\r\n    \"publicIPAllocationMethod\": \"Static\",\r\n    \"ipTags\": []\r\n  },\r\n  \"zones\": [],\r\n  \"location\": \"eastus2euap\"\r\n}",
      "ResponseHeaders": {
        "Cache-Control": [
          "no-cache"
        ],
        "Pragma": [
          "no-cache"
        ],
        "Retry-After": [
          "1"
        ],
        "x-ms-request-id": [
          "e2a4ffe5-0e8c-4e29-8067-673fe8174fd7"
        ],
        "Azure-AsyncOperation": [
          "https://management.azure.com/subscriptions/947d47b4-7883-4bb9-9d85-c5e8e2f572ce/providers/Microsoft.Network/locations/eastus2euap/operations/e2a4ffe5-0e8c-4e29-8067-673fe8174fd7?api-version=2022-11-01"
        ],
        "x-ms-correlation-request-id": [
          "381a8bc3-8041-4ac3-8139-c071d1c84f7f"
        ],
        "Azure-AsyncNotification": [
          "Enabled"
        ],
        "x-ms-arm-service-request-id": [
          "e0a9826d-4483-4109-85c3-3ad1e8b19080"
        ],
        "Strict-Transport-Security": [
          "max-age=31536000; includeSubDomains"
        ],
        "Server": [
          "Microsoft-HTTPAPI/2.0",
          "Microsoft-HTTPAPI/2.0"
        ],
        "x-ms-ratelimit-remaining-subscription-writes": [
          "1183"
        ],
        "x-ms-routing-request-id": [
          "CENTRALUS:20230511T200702Z:381a8bc3-8041-4ac3-8139-c071d1c84f7f"
        ],
        "X-Content-Type-Options": [
          "nosniff"
        ],
        "Date": [
          "Thu, 11 May 2023 20:07:01 GMT"
        ],
        "Content-Length": [
          "581"
        ],
        "Content-Type": [
          "application/json; charset=utf-8"
        ],
        "Expires": [
          "-1"
        ]
      },
      "ResponseBody": "{\r\n  \"name\": \"ps5778\",\r\n  \"id\": \"/subscriptions/947d47b4-7883-4bb9-9d85-c5e8e2f572ce/resourceGroups/ps221/providers/Microsoft.Network/publicIPAddresses/ps5778\",\r\n  \"etag\": \"W/\\\"bf32d82c-a779-4562-bc92-edfa59a850c0\\\"\",\r\n  \"location\": \"eastus2euap\",\r\n  \"properties\": {\r\n    \"provisioningState\": \"Updating\",\r\n    \"resourceGuid\": \"45654cd3-59e0-42d7-a386-5cf71ca9eef5\",\r\n    \"publicIPAddressVersion\": \"IPv4\",\r\n    \"publicIPAllocationMethod\": \"Static\",\r\n    \"idleTimeoutInMinutes\": 4,\r\n    \"ipTags\": [],\r\n    \"ddosSettings\": {\r\n      \"protectionMode\": \"VirtualNetworkInherited\"\r\n    }\r\n  },\r\n  \"type\": \"Microsoft.Network/publicIPAddresses\",\r\n  \"sku\": {\r\n    \"name\": \"Standard\",\r\n    \"tier\": \"Regional\"\r\n  }\r\n}",
      "StatusCode": 201
    },
    {
      "RequestUri": "/subscriptions/947d47b4-7883-4bb9-9d85-c5e8e2f572ce/providers/Microsoft.Network/locations/eastus2euap/operations/e2a4ffe5-0e8c-4e29-8067-673fe8174fd7?api-version=2022-11-01",
      "EncodedRequestUri": "L3N1YnNjcmlwdGlvbnMvOTQ3ZDQ3YjQtNzg4My00YmI5LTlkODUtYzVlOGUyZjU3MmNlL3Byb3ZpZGVycy9NaWNyb3NvZnQuTmV0d29yay9sb2NhdGlvbnMvZWFzdHVzMmV1YXAvb3BlcmF0aW9ucy9lMmE0ZmZlNS0wZThjLTRlMjktODA2Ny02NzNmZTgxNzRmZDc/YXBpLXZlcnNpb249MjAyMi0xMS0wMQ==",
      "RequestMethod": "GET",
      "RequestHeaders": {
        "x-ms-client-request-id": [
          "0b930071-b319-43e0-b511-821d470e2a58"
        ],
        "User-Agent": [
          "FxVersion/4.700.22.55902",
          "OSName/Windows",
          "OSVersion/Microsoft.Windows.10.0.17763",
          "Microsoft.Azure.Management.Network.NetworkManagementClient/27.0.0.0"
        ]
      },
      "RequestBody": "",
      "ResponseHeaders": {
        "Cache-Control": [
          "no-cache"
        ],
        "Pragma": [
          "no-cache"
        ],
        "x-ms-request-id": [
          "d25155a9-ab45-45ee-9f8f-132052c4d146"
        ],
        "x-ms-correlation-request-id": [
          "b6be9ef9-f5e4-41a3-b037-e1d92e1c77de"
        ],
        "x-ms-arm-service-request-id": [
          "429ec667-1278-4a64-8a38-7a3944e3059a"
        ],
        "Strict-Transport-Security": [
          "max-age=31536000; includeSubDomains"
        ],
        "Server": [
          "Microsoft-HTTPAPI/2.0",
          "Microsoft-HTTPAPI/2.0"
        ],
        "x-ms-ratelimit-remaining-subscription-reads": [
          "11904"
        ],
        "x-ms-routing-request-id": [
          "CENTRALUS:20230511T200703Z:b6be9ef9-f5e4-41a3-b037-e1d92e1c77de"
        ],
        "X-Content-Type-Options": [
          "nosniff"
        ],
        "Date": [
          "Thu, 11 May 2023 20:07:02 GMT"
        ],
        "Content-Length": [
          "22"
        ],
        "Content-Type": [
          "application/json; charset=utf-8"
        ],
        "Expires": [
          "-1"
        ]
      },
      "ResponseBody": "{\r\n  \"status\": \"Succeeded\"\r\n}",
      "StatusCode": 200
    },
    {
      "RequestUri": "/subscriptions/947d47b4-7883-4bb9-9d85-c5e8e2f572ce/resourceGroups/ps221/providers/Microsoft.Network/networkInterfaces/ps518?api-version=2022-11-01",
      "EncodedRequestUri": "L3N1YnNjcmlwdGlvbnMvOTQ3ZDQ3YjQtNzg4My00YmI5LTlkODUtYzVlOGUyZjU3MmNlL3Jlc291cmNlR3JvdXBzL3BzMjIxL3Byb3ZpZGVycy9NaWNyb3NvZnQuTmV0d29yay9uZXR3b3JrSW50ZXJmYWNlcy9wczUxOD9hcGktdmVyc2lvbj0yMDIyLTExLTAx",
      "RequestMethod": "GET",
      "RequestHeaders": {
        "x-ms-client-request-id": [
          "331a38a3-9a07-4c0e-a41f-05f8272ad5c2"
        ],
        "Accept-Language": [
          "en-US"
        ],
        "User-Agent": [
          "FxVersion/4.700.22.55902",
          "OSName/Windows",
          "OSVersion/Microsoft.Windows.10.0.17763",
          "Microsoft.Azure.Management.Network.NetworkManagementClient/27.0.0.0"
        ]
      },
      "RequestBody": "",
      "ResponseHeaders": {
        "Cache-Control": [
          "no-cache"
        ],
        "Pragma": [
          "no-cache"
        ],
        "x-ms-failure-cause": [
          "gateway"
        ],
        "x-ms-request-id": [
          "8c582902-8cc6-41e8-a84b-2ebd57448de6"
        ],
        "x-ms-correlation-request-id": [
          "8c582902-8cc6-41e8-a84b-2ebd57448de6"
        ],
        "x-ms-routing-request-id": [
          "CENTRALUS:20230511T200703Z:8c582902-8cc6-41e8-a84b-2ebd57448de6"
        ],
        "Strict-Transport-Security": [
          "max-age=31536000; includeSubDomains"
        ],
        "X-Content-Type-Options": [
          "nosniff"
        ],
        "Date": [
          "Thu, 11 May 2023 20:07:02 GMT"
        ],
        "Content-Type": [
          "application/json; charset=utf-8"
        ],
        "Expires": [
          "-1"
        ],
        "Content-Length": [
          "218"
        ]
      },
      "ResponseBody": "{\r\n  \"error\": {\r\n    \"code\": \"ResourceNotFound\",\r\n    \"message\": \"The Resource 'Microsoft.Network/networkInterfaces/ps518' under resource group 'ps221' was not found. For more details please go to https://aka.ms/ARMResourceNotFoundFix\"\r\n  }\r\n}",
      "StatusCode": 404
    },
    {
      "RequestUri": "/subscriptions/947d47b4-7883-4bb9-9d85-c5e8e2f572ce/resourceGroups/ps221/providers/Microsoft.Network/networkInterfaces/ps518?api-version=2022-11-01",
      "EncodedRequestUri": "L3N1YnNjcmlwdGlvbnMvOTQ3ZDQ3YjQtNzg4My00YmI5LTlkODUtYzVlOGUyZjU3MmNlL3Jlc291cmNlR3JvdXBzL3BzMjIxL3Byb3ZpZGVycy9NaWNyb3NvZnQuTmV0d29yay9uZXR3b3JrSW50ZXJmYWNlcy9wczUxOD9hcGktdmVyc2lvbj0yMDIyLTExLTAx",
      "RequestMethod": "GET",
      "RequestHeaders": {
        "x-ms-client-request-id": [
          "331a38a3-9a07-4c0e-a41f-05f8272ad5c2"
        ],
        "User-Agent": [
          "FxVersion/4.700.22.55902",
          "OSName/Windows",
          "OSVersion/Microsoft.Windows.10.0.17763",
          "Microsoft.Azure.Management.Network.NetworkManagementClient/27.0.0.0"
        ]
      },
      "RequestBody": "",
      "ResponseHeaders": {
        "Cache-Control": [
          "no-cache"
        ],
        "Pragma": [
          "no-cache"
        ],
        "ETag": [
          "W/\"7053d397-c0c1-4415-973e-477aa88a43db\""
        ],
        "x-ms-request-id": [
          "ea6ed167-89b4-4923-90b3-43a63bc70733"
        ],
        "x-ms-correlation-request-id": [
          "765d1c6d-a0a7-4c21-8a8e-2f3db1ae7437"
        ],
        "x-ms-arm-service-request-id": [
          "7f4df919-bc41-4a58-b316-eeb049799b4a"
        ],
        "Strict-Transport-Security": [
          "max-age=31536000; includeSubDomains"
        ],
        "Server": [
          "Microsoft-HTTPAPI/2.0",
          "Microsoft-HTTPAPI/2.0"
        ],
        "x-ms-ratelimit-remaining-subscription-reads": [
          "11942"
        ],
        "x-ms-routing-request-id": [
          "CENTRALUS:20230511T200705Z:765d1c6d-a0a7-4c21-8a8e-2f3db1ae7437"
        ],
        "X-Content-Type-Options": [
          "nosniff"
        ],
        "Date": [
          "Thu, 11 May 2023 20:07:04 GMT"
        ],
        "Content-Length": [
          "2310"
        ],
        "Content-Type": [
          "application/json; charset=utf-8"
        ],
        "Expires": [
          "-1"
        ]
      },
      "ResponseBody": "{\r\n  \"name\": \"ps518\",\r\n  \"id\": \"/subscriptions/947d47b4-7883-4bb9-9d85-c5e8e2f572ce/resourceGroups/ps221/providers/Microsoft.Network/networkInterfaces/ps518\",\r\n  \"etag\": \"W/\\\"7053d397-c0c1-4415-973e-477aa88a43db\\\"\",\r\n  \"tags\": {\r\n    \"testtag\": \"testval\"\r\n  },\r\n  \"properties\": {\r\n    \"provisioningState\": \"Succeeded\",\r\n    \"resourceGuid\": \"60a49029-9f96-41d3-bfbd-85080d85852e\",\r\n    \"ipConfigurations\": [\r\n      {\r\n        \"name\": \"ps2985\",\r\n        \"id\": \"/subscriptions/947d47b4-7883-4bb9-9d85-c5e8e2f572ce/resourceGroups/ps221/providers/Microsoft.Network/networkInterfaces/ps518/ipConfigurations/ps2985\",\r\n        \"etag\": \"W/\\\"7053d397-c0c1-4415-973e-477aa88a43db\\\"\",\r\n        \"type\": \"Microsoft.Network/networkInterfaces/ipConfigurations\",\r\n        \"properties\": {\r\n          \"provisioningState\": \"Succeeded\",\r\n          \"privateIPAddress\": \"10.0.1.4\",\r\n          \"privateIPAllocationMethod\": \"Dynamic\",\r\n          \"publicIPAddress\": {\r\n            \"id\": \"/subscriptions/947d47b4-7883-4bb9-9d85-c5e8e2f572ce/resourceGroups/ps221/providers/Microsoft.Network/publicIPAddresses/ps119\"\r\n          },\r\n          \"subnet\": {\r\n            \"id\": \"/subscriptions/947d47b4-7883-4bb9-9d85-c5e8e2f572ce/resourceGroups/ps221/providers/Microsoft.Network/virtualNetworks/ps152/subnets/ps8444\"\r\n          },\r\n          \"primary\": true,\r\n          \"privateIPAddressVersion\": \"IPv4\"\r\n        }\r\n      },\r\n      {\r\n        \"name\": \"ps6546\",\r\n        \"id\": \"/subscriptions/947d47b4-7883-4bb9-9d85-c5e8e2f572ce/resourceGroups/ps221/providers/Microsoft.Network/networkInterfaces/ps518/ipConfigurations/ps6546\",\r\n        \"etag\": \"W/\\\"7053d397-c0c1-4415-973e-477aa88a43db\\\"\",\r\n        \"type\": \"Microsoft.Network/networkInterfaces/ipConfigurations\",\r\n        \"properties\": {\r\n          \"provisioningState\": \"Succeeded\",\r\n          \"privateIPAddress\": \"10.0.1.5\",\r\n          \"privateIPAllocationMethod\": \"Dynamic\",\r\n          \"publicIPAddress\": {\r\n            \"id\": \"/subscriptions/947d47b4-7883-4bb9-9d85-c5e8e2f572ce/resourceGroups/ps221/providers/Microsoft.Network/publicIPAddresses/ps5778\"\r\n          },\r\n          \"subnet\": {\r\n            \"id\": \"/subscriptions/947d47b4-7883-4bb9-9d85-c5e8e2f572ce/resourceGroups/ps221/providers/Microsoft.Network/virtualNetworks/ps152/subnets/ps8444\"\r\n          },\r\n          \"primary\": false,\r\n          \"privateIPAddressVersion\": \"IPv4\"\r\n        }\r\n      }\r\n    ],\r\n    \"dnsSettings\": {\r\n      \"dnsServers\": [],\r\n      \"appliedDnsServers\": [],\r\n      \"internalDomainNameSuffix\": \"x3vw5nuymqbevebbv3nbb2i13h.cbnx.internal.cloudapp.net\"\r\n    },\r\n    \"enableAcceleratedNetworking\": false,\r\n    \"vnetEncryptionSupported\": false,\r\n    \"enableIPForwarding\": false,\r\n    \"disableTcpStateTracking\": false,\r\n    \"hostedWorkloads\": [],\r\n    \"tapConfigurations\": [],\r\n    \"nicType\": \"Standard\",\r\n    \"allowPort25Out\": true\r\n  },\r\n  \"type\": \"Microsoft.Network/networkInterfaces\",\r\n  \"location\": \"eastus2euap\",\r\n  \"kind\": \"Regular\"\r\n}",
      "StatusCode": 200
    },
    {
      "RequestUri": "/subscriptions/947d47b4-7883-4bb9-9d85-c5e8e2f572ce/resourceGroups/ps221/providers/Microsoft.Network/networkInterfaces/ps518?api-version=2022-11-01",
      "EncodedRequestUri": "L3N1YnNjcmlwdGlvbnMvOTQ3ZDQ3YjQtNzg4My00YmI5LTlkODUtYzVlOGUyZjU3MmNlL3Jlc291cmNlR3JvdXBzL3BzMjIxL3Byb3ZpZGVycy9NaWNyb3NvZnQuTmV0d29yay9uZXR3b3JrSW50ZXJmYWNlcy9wczUxOD9hcGktdmVyc2lvbj0yMDIyLTExLTAx",
      "RequestMethod": "GET",
      "RequestHeaders": {
        "x-ms-client-request-id": [
          "331a38a3-9a07-4c0e-a41f-05f8272ad5c2"
        ],
        "Accept-Language": [
          "en-US"
        ],
        "User-Agent": [
          "FxVersion/4.700.22.55902",
          "OSName/Windows",
          "OSVersion/Microsoft.Windows.10.0.17763",
          "Microsoft.Azure.Management.Network.NetworkManagementClient/27.0.0.0"
        ]
      },
      "RequestBody": "",
      "ResponseHeaders": {
        "Cache-Control": [
          "no-cache"
        ],
        "Pragma": [
          "no-cache"
        ],
        "ETag": [
          "W/\"7053d397-c0c1-4415-973e-477aa88a43db\""
        ],
        "x-ms-request-id": [
          "7826f1fb-fae5-4249-aa32-d00d82b58f58"
        ],
        "x-ms-correlation-request-id": [
          "8bc1aaec-94f2-4586-926d-9ae59dbb505e"
        ],
        "x-ms-arm-service-request-id": [
          "09c6de2b-53f3-40a5-ac03-d86663147824"
        ],
        "Strict-Transport-Security": [
          "max-age=31536000; includeSubDomains"
        ],
        "Server": [
          "Microsoft-HTTPAPI/2.0",
          "Microsoft-HTTPAPI/2.0"
        ],
        "x-ms-ratelimit-remaining-subscription-reads": [
          "11941"
        ],
        "x-ms-routing-request-id": [
          "CENTRALUS:20230511T200705Z:8bc1aaec-94f2-4586-926d-9ae59dbb505e"
        ],
        "X-Content-Type-Options": [
          "nosniff"
        ],
        "Date": [
          "Thu, 11 May 2023 20:07:04 GMT"
        ],
        "Content-Length": [
          "2310"
        ],
        "Content-Type": [
          "application/json; charset=utf-8"
        ],
        "Expires": [
          "-1"
        ]
      },
      "ResponseBody": "{\r\n  \"name\": \"ps518\",\r\n  \"id\": \"/subscriptions/947d47b4-7883-4bb9-9d85-c5e8e2f572ce/resourceGroups/ps221/providers/Microsoft.Network/networkInterfaces/ps518\",\r\n  \"etag\": \"W/\\\"7053d397-c0c1-4415-973e-477aa88a43db\\\"\",\r\n  \"tags\": {\r\n    \"testtag\": \"testval\"\r\n  },\r\n  \"properties\": {\r\n    \"provisioningState\": \"Succeeded\",\r\n    \"resourceGuid\": \"60a49029-9f96-41d3-bfbd-85080d85852e\",\r\n    \"ipConfigurations\": [\r\n      {\r\n        \"name\": \"ps2985\",\r\n        \"id\": \"/subscriptions/947d47b4-7883-4bb9-9d85-c5e8e2f572ce/resourceGroups/ps221/providers/Microsoft.Network/networkInterfaces/ps518/ipConfigurations/ps2985\",\r\n        \"etag\": \"W/\\\"7053d397-c0c1-4415-973e-477aa88a43db\\\"\",\r\n        \"type\": \"Microsoft.Network/networkInterfaces/ipConfigurations\",\r\n        \"properties\": {\r\n          \"provisioningState\": \"Succeeded\",\r\n          \"privateIPAddress\": \"10.0.1.4\",\r\n          \"privateIPAllocationMethod\": \"Dynamic\",\r\n          \"publicIPAddress\": {\r\n            \"id\": \"/subscriptions/947d47b4-7883-4bb9-9d85-c5e8e2f572ce/resourceGroups/ps221/providers/Microsoft.Network/publicIPAddresses/ps119\"\r\n          },\r\n          \"subnet\": {\r\n            \"id\": \"/subscriptions/947d47b4-7883-4bb9-9d85-c5e8e2f572ce/resourceGroups/ps221/providers/Microsoft.Network/virtualNetworks/ps152/subnets/ps8444\"\r\n          },\r\n          \"primary\": true,\r\n          \"privateIPAddressVersion\": \"IPv4\"\r\n        }\r\n      },\r\n      {\r\n        \"name\": \"ps6546\",\r\n        \"id\": \"/subscriptions/947d47b4-7883-4bb9-9d85-c5e8e2f572ce/resourceGroups/ps221/providers/Microsoft.Network/networkInterfaces/ps518/ipConfigurations/ps6546\",\r\n        \"etag\": \"W/\\\"7053d397-c0c1-4415-973e-477aa88a43db\\\"\",\r\n        \"type\": \"Microsoft.Network/networkInterfaces/ipConfigurations\",\r\n        \"properties\": {\r\n          \"provisioningState\": \"Succeeded\",\r\n          \"privateIPAddress\": \"10.0.1.5\",\r\n          \"privateIPAllocationMethod\": \"Dynamic\",\r\n          \"publicIPAddress\": {\r\n            \"id\": \"/subscriptions/947d47b4-7883-4bb9-9d85-c5e8e2f572ce/resourceGroups/ps221/providers/Microsoft.Network/publicIPAddresses/ps5778\"\r\n          },\r\n          \"subnet\": {\r\n            \"id\": \"/subscriptions/947d47b4-7883-4bb9-9d85-c5e8e2f572ce/resourceGroups/ps221/providers/Microsoft.Network/virtualNetworks/ps152/subnets/ps8444\"\r\n          },\r\n          \"primary\": false,\r\n          \"privateIPAddressVersion\": \"IPv4\"\r\n        }\r\n      }\r\n    ],\r\n    \"dnsSettings\": {\r\n      \"dnsServers\": [],\r\n      \"appliedDnsServers\": [],\r\n      \"internalDomainNameSuffix\": \"x3vw5nuymqbevebbv3nbb2i13h.cbnx.internal.cloudapp.net\"\r\n    },\r\n    \"enableAcceleratedNetworking\": false,\r\n    \"vnetEncryptionSupported\": false,\r\n    \"enableIPForwarding\": false,\r\n    \"disableTcpStateTracking\": false,\r\n    \"hostedWorkloads\": [],\r\n    \"tapConfigurations\": [],\r\n    \"nicType\": \"Standard\",\r\n    \"allowPort25Out\": true\r\n  },\r\n  \"type\": \"Microsoft.Network/networkInterfaces\",\r\n  \"location\": \"eastus2euap\",\r\n  \"kind\": \"Regular\"\r\n}",
      "StatusCode": 200
    },
    {
      "RequestUri": "/subscriptions/947d47b4-7883-4bb9-9d85-c5e8e2f572ce/resourceGroups/ps221/providers/Microsoft.Network/networkInterfaces/ps518?api-version=2022-11-01",
      "EncodedRequestUri": "L3N1YnNjcmlwdGlvbnMvOTQ3ZDQ3YjQtNzg4My00YmI5LTlkODUtYzVlOGUyZjU3MmNlL3Jlc291cmNlR3JvdXBzL3BzMjIxL3Byb3ZpZGVycy9NaWNyb3NvZnQuTmV0d29yay9uZXR3b3JrSW50ZXJmYWNlcy9wczUxOD9hcGktdmVyc2lvbj0yMDIyLTExLTAx",
      "RequestMethod": "PUT",
      "RequestHeaders": {
        "x-ms-client-request-id": [
          "331a38a3-9a07-4c0e-a41f-05f8272ad5c2"
        ],
        "Accept-Language": [
          "en-US"
        ],
        "User-Agent": [
          "FxVersion/4.700.22.55902",
          "OSName/Windows",
          "OSVersion/Microsoft.Windows.10.0.17763",
          "Microsoft.Azure.Management.Network.NetworkManagementClient/27.0.0.0"
        ],
        "Content-Type": [
          "application/json; charset=utf-8"
        ],
        "Content-Length": [
          "2525"
        ]
      },
      "RequestBody": "{\r\n  \"properties\": {\r\n    \"ipConfigurations\": [\r\n      {\r\n        \"properties\": {\r\n          \"virtualNetworkTaps\": [],\r\n          \"applicationGatewayBackendAddressPools\": [],\r\n          \"loadBalancerBackendAddressPools\": [],\r\n          \"loadBalancerInboundNatRules\": [],\r\n          \"privateIPAllocationMethod\": \"Dynamic\",\r\n          \"subnet\": {\r\n            \"properties\": {\r\n              \"addressPrefixes\": [],\r\n              \"serviceEndpoints\": [],\r\n              \"serviceEndpointPolicies\": [],\r\n              \"ipAllocations\": [],\r\n              \"delegations\": [],\r\n              \"applicationGatewayIPConfigurations\": []\r\n            },\r\n            \"id\": \"/subscriptions/947d47b4-7883-4bb9-9d85-c5e8e2f572ce/resourceGroups/ps221/providers/Microsoft.Network/virtualNetworks/ps152/subnets/ps8444\"\r\n          },\r\n          \"primary\": true,\r\n          \"publicIPAddress\": {\r\n            \"properties\": {\r\n              \"ipTags\": []\r\n            },\r\n            \"zones\": [],\r\n            \"id\": \"/subscriptions/947d47b4-7883-4bb9-9d85-c5e8e2f572ce/resourceGroups/ps221/providers/Microsoft.Network/publicIPAddresses/ps119\",\r\n            \"tags\": {}\r\n          }\r\n        },\r\n        \"name\": \"ps2985\"\r\n      },\r\n      {\r\n        \"properties\": {\r\n          \"virtualNetworkTaps\": [],\r\n          \"applicationGatewayBackendAddressPools\": [],\r\n          \"loadBalancerBackendAddressPools\": [],\r\n          \"loadBalancerInboundNatRules\": [],\r\n          \"privateIPAllocationMethod\": \"Dynamic\",\r\n          \"subnet\": {\r\n            \"properties\": {\r\n              \"addressPrefixes\": [],\r\n              \"serviceEndpoints\": [],\r\n              \"serviceEndpointPolicies\": [],\r\n              \"ipAllocations\": [],\r\n              \"delegations\": [],\r\n              \"applicationGatewayIPConfigurations\": []\r\n            },\r\n            \"id\": \"/subscriptions/947d47b4-7883-4bb9-9d85-c5e8e2f572ce/resourceGroups/ps221/providers/Microsoft.Network/virtualNetworks/ps152/subnets/ps8444\"\r\n          },\r\n          \"primary\": false,\r\n          \"publicIPAddress\": {\r\n            \"properties\": {\r\n              \"ipTags\": []\r\n            },\r\n            \"zones\": [],\r\n            \"id\": \"/subscriptions/947d47b4-7883-4bb9-9d85-c5e8e2f572ce/resourceGroups/ps221/providers/Microsoft.Network/publicIPAddresses/ps5778\",\r\n            \"tags\": {}\r\n          }\r\n        },\r\n        \"name\": \"ps6546\"\r\n      }\r\n    ],\r\n    \"enableAcceleratedNetworking\": false,\r\n    \"enableIPForwarding\": false\r\n  },\r\n  \"location\": \"eastus2euap\",\r\n  \"tags\": {\r\n    \"testtag\": \"testval\"\r\n  }\r\n}",
      "ResponseHeaders": {
        "Cache-Control": [
          "no-cache"
        ],
        "Pragma": [
          "no-cache"
        ],
        "x-ms-request-id": [
          "8bd43406-692b-4411-8cf0-61d4a42ef588"
        ],
        "azure-asyncoperation": [
          "https://management.azure.com/subscriptions/947d47b4-7883-4bb9-9d85-c5e8e2f572ce/providers/Microsoft.Network/locations/eastus2euap/operations/8bd43406-692b-4411-8cf0-61d4a42ef588?api-version=2022-11-01"
        ],
        "x-ms-correlation-request-id": [
          "4cf3f3b9-b11d-42dc-b6fd-f51e5d8146e2"
        ],
        "azure-asyncnotification": [
          "Enabled"
        ],
        "x-ms-arm-service-request-id": [
          "3571a1f1-511a-4923-ae2f-476fe7ea52c8"
        ],
        "Strict-Transport-Security": [
          "max-age=31536000; includeSubDomains"
        ],
        "Server": [
          "Microsoft-HTTPAPI/2.0",
          "Microsoft-HTTPAPI/2.0"
        ],
        "x-ms-ratelimit-remaining-subscription-writes": [
          "1195"
        ],
        "x-ms-routing-request-id": [
          "CENTRALUS:20230511T200705Z:4cf3f3b9-b11d-42dc-b6fd-f51e5d8146e2"
        ],
        "X-Content-Type-Options": [
          "nosniff"
        ],
        "Date": [
          "Thu, 11 May 2023 20:07:04 GMT"
        ],
        "Content-Length": [
          "2310"
        ],
        "Content-Type": [
          "application/json; charset=utf-8"
        ],
        "Expires": [
          "-1"
        ]
      },
      "ResponseBody": "{\r\n  \"name\": \"ps518\",\r\n  \"id\": \"/subscriptions/947d47b4-7883-4bb9-9d85-c5e8e2f572ce/resourceGroups/ps221/providers/Microsoft.Network/networkInterfaces/ps518\",\r\n  \"etag\": \"W/\\\"7053d397-c0c1-4415-973e-477aa88a43db\\\"\",\r\n  \"tags\": {\r\n    \"testtag\": \"testval\"\r\n  },\r\n  \"properties\": {\r\n    \"provisioningState\": \"Succeeded\",\r\n    \"resourceGuid\": \"60a49029-9f96-41d3-bfbd-85080d85852e\",\r\n    \"ipConfigurations\": [\r\n      {\r\n        \"name\": \"ps2985\",\r\n        \"id\": \"/subscriptions/947d47b4-7883-4bb9-9d85-c5e8e2f572ce/resourceGroups/ps221/providers/Microsoft.Network/networkInterfaces/ps518/ipConfigurations/ps2985\",\r\n        \"etag\": \"W/\\\"7053d397-c0c1-4415-973e-477aa88a43db\\\"\",\r\n        \"type\": \"Microsoft.Network/networkInterfaces/ipConfigurations\",\r\n        \"properties\": {\r\n          \"provisioningState\": \"Succeeded\",\r\n          \"privateIPAddress\": \"10.0.1.4\",\r\n          \"privateIPAllocationMethod\": \"Dynamic\",\r\n          \"publicIPAddress\": {\r\n            \"id\": \"/subscriptions/947d47b4-7883-4bb9-9d85-c5e8e2f572ce/resourceGroups/ps221/providers/Microsoft.Network/publicIPAddresses/ps119\"\r\n          },\r\n          \"subnet\": {\r\n            \"id\": \"/subscriptions/947d47b4-7883-4bb9-9d85-c5e8e2f572ce/resourceGroups/ps221/providers/Microsoft.Network/virtualNetworks/ps152/subnets/ps8444\"\r\n          },\r\n          \"primary\": true,\r\n          \"privateIPAddressVersion\": \"IPv4\"\r\n        }\r\n      },\r\n      {\r\n        \"name\": \"ps6546\",\r\n        \"id\": \"/subscriptions/947d47b4-7883-4bb9-9d85-c5e8e2f572ce/resourceGroups/ps221/providers/Microsoft.Network/networkInterfaces/ps518/ipConfigurations/ps6546\",\r\n        \"etag\": \"W/\\\"7053d397-c0c1-4415-973e-477aa88a43db\\\"\",\r\n        \"type\": \"Microsoft.Network/networkInterfaces/ipConfigurations\",\r\n        \"properties\": {\r\n          \"provisioningState\": \"Succeeded\",\r\n          \"privateIPAddress\": \"10.0.1.5\",\r\n          \"privateIPAllocationMethod\": \"Dynamic\",\r\n          \"publicIPAddress\": {\r\n            \"id\": \"/subscriptions/947d47b4-7883-4bb9-9d85-c5e8e2f572ce/resourceGroups/ps221/providers/Microsoft.Network/publicIPAddresses/ps5778\"\r\n          },\r\n          \"subnet\": {\r\n            \"id\": \"/subscriptions/947d47b4-7883-4bb9-9d85-c5e8e2f572ce/resourceGroups/ps221/providers/Microsoft.Network/virtualNetworks/ps152/subnets/ps8444\"\r\n          },\r\n          \"primary\": false,\r\n          \"privateIPAddressVersion\": \"IPv4\"\r\n        }\r\n      }\r\n    ],\r\n    \"dnsSettings\": {\r\n      \"dnsServers\": [],\r\n      \"appliedDnsServers\": [],\r\n      \"internalDomainNameSuffix\": \"x3vw5nuymqbevebbv3nbb2i13h.cbnx.internal.cloudapp.net\"\r\n    },\r\n    \"enableAcceleratedNetworking\": false,\r\n    \"vnetEncryptionSupported\": false,\r\n    \"enableIPForwarding\": false,\r\n    \"disableTcpStateTracking\": false,\r\n    \"hostedWorkloads\": [],\r\n    \"tapConfigurations\": [],\r\n    \"nicType\": \"Standard\",\r\n    \"allowPort25Out\": true\r\n  },\r\n  \"type\": \"Microsoft.Network/networkInterfaces\",\r\n  \"location\": \"eastus2euap\",\r\n  \"kind\": \"Regular\"\r\n}",
      "StatusCode": 201
    },
    {
      "RequestUri": "/subscriptions/947d47b4-7883-4bb9-9d85-c5e8e2f572ce/resourceGroups/ps221/providers/Microsoft.Network/networkInterfaces/ps518?api-version=2022-11-01",
      "EncodedRequestUri": "L3N1YnNjcmlwdGlvbnMvOTQ3ZDQ3YjQtNzg4My00YmI5LTlkODUtYzVlOGUyZjU3MmNlL3Jlc291cmNlR3JvdXBzL3BzMjIxL3Byb3ZpZGVycy9NaWNyb3NvZnQuTmV0d29yay9uZXR3b3JrSW50ZXJmYWNlcy9wczUxOD9hcGktdmVyc2lvbj0yMDIyLTExLTAx",
      "RequestMethod": "DELETE",
      "RequestHeaders": {
        "x-ms-client-request-id": [
          "ac09fb67-9c0e-403a-90db-9b140ce828a9"
        ],
        "Accept-Language": [
          "en-US"
        ],
        "User-Agent": [
          "FxVersion/4.700.22.55902",
          "OSName/Windows",
          "OSVersion/Microsoft.Windows.10.0.17763",
          "Microsoft.Azure.Management.Network.NetworkManagementClient/27.0.0.0"
        ]
      },
      "RequestBody": "",
      "ResponseHeaders": {
        "Cache-Control": [
          "no-cache"
        ],
        "Pragma": [
          "no-cache"
        ],
        "Location": [
          "https://management.azure.com/subscriptions/947d47b4-7883-4bb9-9d85-c5e8e2f572ce/providers/Microsoft.Network/locations/eastus2euap/operationResults/fe172027-258f-408e-a948-25fc14124c2e?api-version=2022-11-01"
        ],
        "Retry-After": [
          "4"
        ],
        "x-ms-request-id": [
          "fe172027-258f-408e-a948-25fc14124c2e"
        ],
        "Azure-AsyncOperation": [
          "https://management.azure.com/subscriptions/947d47b4-7883-4bb9-9d85-c5e8e2f572ce/providers/Microsoft.Network/locations/eastus2euap/operations/fe172027-258f-408e-a948-25fc14124c2e?api-version=2022-11-01"
        ],
        "x-ms-correlation-request-id": [
          "e725853c-32d5-4619-9804-06c6311d4ef5"
        ],
        "Azure-AsyncNotification": [
          "Enabled"
        ],
        "x-ms-arm-service-request-id": [
          "b5200c93-7da9-4c9a-93c2-7aecbaa880d2"
        ],
        "Strict-Transport-Security": [
          "max-age=31536000; includeSubDomains"
        ],
        "Server": [
          "Microsoft-HTTPAPI/2.0",
          "Microsoft-HTTPAPI/2.0"
        ],
        "x-ms-ratelimit-remaining-subscription-deletes": [
          "14992"
        ],
        "x-ms-routing-request-id": [
          "CENTRALUS:20230511T200706Z:e725853c-32d5-4619-9804-06c6311d4ef5"
        ],
        "X-Content-Type-Options": [
          "nosniff"
        ],
        "Date": [
          "Thu, 11 May 2023 20:07:06 GMT"
        ],
        "Expires": [
          "-1"
        ],
        "Content-Length": [
          "0"
        ]
      },
      "ResponseBody": "",
      "StatusCode": 202
    },
    {
      "RequestUri": "/subscriptions/947d47b4-7883-4bb9-9d85-c5e8e2f572ce/providers/Microsoft.Network/locations/eastus2euap/operations/fe172027-258f-408e-a948-25fc14124c2e?api-version=2022-11-01",
      "EncodedRequestUri": "L3N1YnNjcmlwdGlvbnMvOTQ3ZDQ3YjQtNzg4My00YmI5LTlkODUtYzVlOGUyZjU3MmNlL3Byb3ZpZGVycy9NaWNyb3NvZnQuTmV0d29yay9sb2NhdGlvbnMvZWFzdHVzMmV1YXAvb3BlcmF0aW9ucy9mZTE3MjAyNy0yNThmLTQwOGUtYTk0OC0yNWZjMTQxMjRjMmU/YXBpLXZlcnNpb249MjAyMi0xMS0wMQ==",
      "RequestMethod": "GET",
      "RequestHeaders": {
        "x-ms-client-request-id": [
          "ac09fb67-9c0e-403a-90db-9b140ce828a9"
        ],
        "User-Agent": [
          "FxVersion/4.700.22.55902",
          "OSName/Windows",
          "OSVersion/Microsoft.Windows.10.0.17763",
          "Microsoft.Azure.Management.Network.NetworkManagementClient/27.0.0.0"
        ]
      },
      "RequestBody": "",
      "ResponseHeaders": {
        "Cache-Control": [
          "no-cache"
        ],
        "Pragma": [
          "no-cache"
        ],
        "x-ms-request-id": [
          "58ced2b7-cbce-4ed1-b483-f3e4b666a2d3"
        ],
        "x-ms-correlation-request-id": [
          "1fe975cf-bf5b-404d-9ffc-e50e6a76b382"
        ],
        "x-ms-arm-service-request-id": [
          "019fb8b4-fd59-41bd-a8ca-69b12be1f422"
        ],
        "Strict-Transport-Security": [
          "max-age=31536000; includeSubDomains"
        ],
        "Server": [
          "Microsoft-HTTPAPI/2.0",
          "Microsoft-HTTPAPI/2.0"
        ],
        "x-ms-ratelimit-remaining-subscription-reads": [
          "11973"
        ],
        "x-ms-routing-request-id": [
          "CENTRALUS:20230511T200710Z:1fe975cf-bf5b-404d-9ffc-e50e6a76b382"
        ],
        "X-Content-Type-Options": [
          "nosniff"
        ],
        "Date": [
          "Thu, 11 May 2023 20:07:10 GMT"
        ],
        "Content-Length": [
          "22"
        ],
        "Content-Type": [
          "application/json; charset=utf-8"
        ],
        "Expires": [
          "-1"
        ]
      },
      "ResponseBody": "{\r\n  \"status\": \"Succeeded\"\r\n}",
      "StatusCode": 200
    },
    {
      "RequestUri": "/subscriptions/947d47b4-7883-4bb9-9d85-c5e8e2f572ce/providers/Microsoft.Network/locations/eastus2euap/operationResults/fe172027-258f-408e-a948-25fc14124c2e?api-version=2022-11-01",
      "EncodedRequestUri": "L3N1YnNjcmlwdGlvbnMvOTQ3ZDQ3YjQtNzg4My00YmI5LTlkODUtYzVlOGUyZjU3MmNlL3Byb3ZpZGVycy9NaWNyb3NvZnQuTmV0d29yay9sb2NhdGlvbnMvZWFzdHVzMmV1YXAvb3BlcmF0aW9uUmVzdWx0cy9mZTE3MjAyNy0yNThmLTQwOGUtYTk0OC0yNWZjMTQxMjRjMmU/YXBpLXZlcnNpb249MjAyMi0xMS0wMQ==",
      "RequestMethod": "GET",
      "RequestHeaders": {
        "x-ms-client-request-id": [
          "ac09fb67-9c0e-403a-90db-9b140ce828a9"
        ],
        "User-Agent": [
          "FxVersion/4.700.22.55902",
          "OSName/Windows",
          "OSVersion/Microsoft.Windows.10.0.17763",
          "Microsoft.Azure.Management.Network.NetworkManagementClient/27.0.0.0"
        ]
      },
      "RequestBody": "",
      "ResponseHeaders": {
        "Cache-Control": [
          "no-cache"
        ],
        "Pragma": [
          "no-cache"
        ],
        "Location": [
          "https://management.azure.com/subscriptions/947d47b4-7883-4bb9-9d85-c5e8e2f572ce/providers/Microsoft.Network/locations/eastus2euap/operationResults/fe172027-258f-408e-a948-25fc14124c2e?api-version=2022-11-01"
        ],
        "x-ms-request-id": [
          "fe172027-258f-408e-a948-25fc14124c2e"
        ],
        "Azure-AsyncOperation": [
          "https://management.azure.com/subscriptions/947d47b4-7883-4bb9-9d85-c5e8e2f572ce/providers/Microsoft.Network/locations/eastus2euap/operations/fe172027-258f-408e-a948-25fc14124c2e?api-version=2022-11-01"
        ],
        "x-ms-correlation-request-id": [
          "e725853c-32d5-4619-9804-06c6311d4ef5"
        ],
        "Azure-AsyncNotification": [
          "Enabled"
        ],
        "x-ms-arm-service-request-id": [
          "b5200c93-7da9-4c9a-93c2-7aecbaa880d2"
        ],
        "Strict-Transport-Security": [
          "max-age=31536000; includeSubDomains"
        ],
        "Server": [
          "Microsoft-HTTPAPI/2.0",
          "Microsoft-HTTPAPI/2.0"
        ],
        "x-ms-ratelimit-remaining-subscription-reads": [
          "11972"
        ],
        "x-ms-routing-request-id": [
          "CENTRALUS:20230511T200711Z:96d09df3-006b-419d-95e5-0b5ad38684eb"
        ],
        "X-Content-Type-Options": [
          "nosniff"
        ],
        "Date": [
          "Thu, 11 May 2023 20:07:10 GMT"
        ],
        "Content-Type": [
          "application/json; charset=utf-8"
        ],
        "Expires": [
          "-1"
        ]
      },
      "ResponseBody": "",
      "StatusCode": 204
    },
    {
      "RequestUri": "/subscriptions/947d47b4-7883-4bb9-9d85-c5e8e2f572ce/resourceGroups/ps221/providers/Microsoft.Network/networkInterfaces?api-version=2022-11-01",
      "EncodedRequestUri": "L3N1YnNjcmlwdGlvbnMvOTQ3ZDQ3YjQtNzg4My00YmI5LTlkODUtYzVlOGUyZjU3MmNlL3Jlc291cmNlR3JvdXBzL3BzMjIxL3Byb3ZpZGVycy9NaWNyb3NvZnQuTmV0d29yay9uZXR3b3JrSW50ZXJmYWNlcz9hcGktdmVyc2lvbj0yMDIyLTExLTAx",
      "RequestMethod": "GET",
      "RequestHeaders": {
        "x-ms-client-request-id": [
          "d5fce939-c833-475d-8406-237557721d9e"
        ],
        "Accept-Language": [
          "en-US"
        ],
        "User-Agent": [
          "FxVersion/4.700.22.55902",
          "OSName/Windows",
          "OSVersion/Microsoft.Windows.10.0.17763",
          "Microsoft.Azure.Management.Network.NetworkManagementClient/27.0.0.0"
        ]
      },
      "RequestBody": "",
      "ResponseHeaders": {
        "Cache-Control": [
          "no-cache"
        ],
        "Pragma": [
          "no-cache"
        ],
        "x-ms-ratelimit-remaining-subscription-reads": [
          "11973"
        ],
        "x-ms-request-id": [
          "d190da14-7ffa-422d-8fc4-20f0054f2e44"
        ],
        "x-ms-correlation-request-id": [
          "d190da14-7ffa-422d-8fc4-20f0054f2e44"
        ],
        "x-ms-routing-request-id": [
          "CENTRALUS:20230511T200711Z:d190da14-7ffa-422d-8fc4-20f0054f2e44"
        ],
        "Strict-Transport-Security": [
          "max-age=31536000; includeSubDomains"
        ],
        "X-Content-Type-Options": [
          "nosniff"
        ],
        "Date": [
          "Thu, 11 May 2023 20:07:10 GMT"
        ],
        "Content-Type": [
          "application/json; charset=utf-8"
        ],
        "Expires": [
          "-1"
        ],
        "Content-Length": [
          "12"
        ]
      },
      "ResponseBody": "{\r\n  \"value\": []\r\n}",
      "StatusCode": 200
    },
    {
      "RequestUri": "/subscriptions/947d47b4-7883-4bb9-9d85-c5e8e2f572ce/resourcegroups/ps221?api-version=2016-09-01",
      "EncodedRequestUri": "L3N1YnNjcmlwdGlvbnMvOTQ3ZDQ3YjQtNzg4My00YmI5LTlkODUtYzVlOGUyZjU3MmNlL3Jlc291cmNlZ3JvdXBzL3BzMjIxP2FwaS12ZXJzaW9uPTIwMTYtMDktMDE=",
      "RequestMethod": "DELETE",
      "RequestHeaders": {
        "x-ms-client-request-id": [
          "d032dd3e-719c-4be9-9a86-bcd3a0cb717d"
        ],
        "Accept-Language": [
          "en-US"
        ],
        "User-Agent": [
          "FxVersion/4.700.22.55902",
          "OSName/Windows",
          "OSVersion/Microsoft.Windows.10.0.17763",
          "Microsoft.Azure.Management.Internal.Resources.ResourceManagementClient/1.3.75"
        ]
      },
      "RequestBody": "",
      "ResponseHeaders": {
        "Cache-Control": [
          "no-cache"
        ],
        "Pragma": [
          "no-cache"
        ],
        "Location": [
          "https://management.azure.com/subscriptions/947d47b4-7883-4bb9-9d85-c5e8e2f572ce/operationresults/eyJqb2JJZCI6IlJFU09VUkNFR1JPVVBERUxFVElPTkpPQi1QUzIyMS1FQVNUVVMyRVVBUCIsImpvYkxvY2F0aW9uIjoiZWFzdHVzMmV1YXAifQ?api-version=2016-09-01"
        ],
        "Retry-After": [
          "15"
        ],
        "x-ms-ratelimit-remaining-subscription-deletes": [
          "14997"
        ],
        "x-ms-request-id": [
          "2d28f86a-77ae-4576-b51a-69162f2ce81f"
        ],
        "x-ms-correlation-request-id": [
          "2d28f86a-77ae-4576-b51a-69162f2ce81f"
        ],
        "x-ms-routing-request-id": [
          "CENTRALUS:20230511T200711Z:2d28f86a-77ae-4576-b51a-69162f2ce81f"
        ],
        "Strict-Transport-Security": [
          "max-age=31536000; includeSubDomains"
        ],
        "X-Content-Type-Options": [
          "nosniff"
        ],
        "Date": [
          "Thu, 11 May 2023 20:07:10 GMT"
        ],
        "Expires": [
          "-1"
        ],
        "Content-Length": [
          "0"
        ]
      },
      "ResponseBody": "",
      "StatusCode": 202
    },
    {
      "RequestUri": "/subscriptions/947d47b4-7883-4bb9-9d85-c5e8e2f572ce/operationresults/eyJqb2JJZCI6IlJFU09VUkNFR1JPVVBERUxFVElPTkpPQi1QUzIyMS1FQVNUVVMyRVVBUCIsImpvYkxvY2F0aW9uIjoiZWFzdHVzMmV1YXAifQ?api-version=2016-09-01",
      "EncodedRequestUri": "L3N1YnNjcmlwdGlvbnMvOTQ3ZDQ3YjQtNzg4My00YmI5LTlkODUtYzVlOGUyZjU3MmNlL29wZXJhdGlvbnJlc3VsdHMvZXlKcWIySkpaQ0k2SWxKRlUwOVZVa05GUjFKUFZWQkVSVXhGVkVsUFRrcFBRaTFRVXpJeU1TMUZRVk5VVlZNeVJWVkJVQ0lzSW1wdllreHZZMkYwYVc5dUlqb2laV0Z6ZEhWek1tVjFZWEFpZlE/YXBpLXZlcnNpb249MjAxNi0wOS0wMQ==",
      "RequestMethod": "GET",
      "RequestHeaders": {
        "User-Agent": [
          "FxVersion/4.700.22.55902",
          "OSName/Windows",
          "OSVersion/Microsoft.Windows.10.0.17763",
          "Microsoft.Azure.Management.Internal.Resources.ResourceManagementClient/1.3.75"
        ]
      },
      "RequestBody": "",
      "ResponseHeaders": {
        "Cache-Control": [
          "no-cache"
        ],
        "Pragma": [
          "no-cache"
        ],
        "Location": [
          "https://management.azure.com/subscriptions/947d47b4-7883-4bb9-9d85-c5e8e2f572ce/operationresults/eyJqb2JJZCI6IlJFU09VUkNFR1JPVVBERUxFVElPTkpPQi1QUzIyMS1FQVNUVVMyRVVBUCIsImpvYkxvY2F0aW9uIjoiZWFzdHVzMmV1YXAifQ?api-version=2016-09-01"
        ],
        "Retry-After": [
          "15"
        ],
        "x-ms-ratelimit-remaining-subscription-reads": [
          "11966"
        ],
        "x-ms-request-id": [
          "00826b27-02f4-49e8-9c27-56d4d3af5c32"
        ],
        "x-ms-correlation-request-id": [
          "00826b27-02f4-49e8-9c27-56d4d3af5c32"
        ],
        "x-ms-routing-request-id": [
          "CENTRALUS:20230511T200727Z:00826b27-02f4-49e8-9c27-56d4d3af5c32"
        ],
        "Strict-Transport-Security": [
          "max-age=31536000; includeSubDomains"
        ],
        "X-Content-Type-Options": [
          "nosniff"
        ],
        "Date": [
          "Thu, 11 May 2023 20:07:26 GMT"
        ],
        "Expires": [
          "-1"
        ],
        "Content-Length": [
          "0"
        ]
      },
      "ResponseBody": "",
      "StatusCode": 202
    },
    {
      "RequestUri": "/subscriptions/947d47b4-7883-4bb9-9d85-c5e8e2f572ce/operationresults/eyJqb2JJZCI6IlJFU09VUkNFR1JPVVBERUxFVElPTkpPQi1QUzIyMS1FQVNUVVMyRVVBUCIsImpvYkxvY2F0aW9uIjoiZWFzdHVzMmV1YXAifQ?api-version=2016-09-01",
      "EncodedRequestUri": "L3N1YnNjcmlwdGlvbnMvOTQ3ZDQ3YjQtNzg4My00YmI5LTlkODUtYzVlOGUyZjU3MmNlL29wZXJhdGlvbnJlc3VsdHMvZXlKcWIySkpaQ0k2SWxKRlUwOVZVa05GUjFKUFZWQkVSVXhGVkVsUFRrcFBRaTFRVXpJeU1TMUZRVk5VVlZNeVJWVkJVQ0lzSW1wdllreHZZMkYwYVc5dUlqb2laV0Z6ZEhWek1tVjFZWEFpZlE/YXBpLXZlcnNpb249MjAxNi0wOS0wMQ==",
      "RequestMethod": "GET",
      "RequestHeaders": {
        "User-Agent": [
          "FxVersion/4.700.22.55902",
          "OSName/Windows",
          "OSVersion/Microsoft.Windows.10.0.17763",
          "Microsoft.Azure.Management.Internal.Resources.ResourceManagementClient/1.3.75"
        ]
      },
      "RequestBody": "",
      "ResponseHeaders": {
        "Cache-Control": [
          "no-cache"
        ],
        "Pragma": [
          "no-cache"
        ],
        "Location": [
          "https://management.azure.com/subscriptions/947d47b4-7883-4bb9-9d85-c5e8e2f572ce/operationresults/eyJqb2JJZCI6IlJFU09VUkNFR1JPVVBERUxFVElPTkpPQi1QUzIyMS1FQVNUVVMyRVVBUCIsImpvYkxvY2F0aW9uIjoiZWFzdHVzMmV1YXAifQ?api-version=2016-09-01"
        ],
        "Retry-After": [
          "15"
        ],
        "x-ms-ratelimit-remaining-subscription-reads": [
          "11965"
        ],
        "x-ms-request-id": [
          "e3ddff97-b6f1-49b8-9296-5c9efc8ffdd4"
        ],
        "x-ms-correlation-request-id": [
          "e3ddff97-b6f1-49b8-9296-5c9efc8ffdd4"
        ],
        "x-ms-routing-request-id": [
          "CENTRALUS:20230511T200742Z:e3ddff97-b6f1-49b8-9296-5c9efc8ffdd4"
        ],
        "Strict-Transport-Security": [
          "max-age=31536000; includeSubDomains"
        ],
        "X-Content-Type-Options": [
          "nosniff"
        ],
        "Date": [
          "Thu, 11 May 2023 20:07:42 GMT"
        ],
        "Expires": [
          "-1"
        ],
        "Content-Length": [
          "0"
        ]
      },
      "ResponseBody": "",
      "StatusCode": 202
    },
    {
      "RequestUri": "/subscriptions/947d47b4-7883-4bb9-9d85-c5e8e2f572ce/operationresults/eyJqb2JJZCI6IlJFU09VUkNFR1JPVVBERUxFVElPTkpPQi1QUzIyMS1FQVNUVVMyRVVBUCIsImpvYkxvY2F0aW9uIjoiZWFzdHVzMmV1YXAifQ?api-version=2016-09-01",
      "EncodedRequestUri": "L3N1YnNjcmlwdGlvbnMvOTQ3ZDQ3YjQtNzg4My00YmI5LTlkODUtYzVlOGUyZjU3MmNlL29wZXJhdGlvbnJlc3VsdHMvZXlKcWIySkpaQ0k2SWxKRlUwOVZVa05GUjFKUFZWQkVSVXhGVkVsUFRrcFBRaTFRVXpJeU1TMUZRVk5VVlZNeVJWVkJVQ0lzSW1wdllreHZZMkYwYVc5dUlqb2laV0Z6ZEhWek1tVjFZWEFpZlE/YXBpLXZlcnNpb249MjAxNi0wOS0wMQ==",
      "RequestMethod": "GET",
      "RequestHeaders": {
        "User-Agent": [
          "FxVersion/4.700.22.55902",
          "OSName/Windows",
          "OSVersion/Microsoft.Windows.10.0.17763",
          "Microsoft.Azure.Management.Internal.Resources.ResourceManagementClient/1.3.75"
        ]
      },
      "RequestBody": "",
      "ResponseHeaders": {
        "Cache-Control": [
          "no-cache"
        ],
        "Pragma": [
          "no-cache"
        ],
        "Location": [
          "https://management.azure.com/subscriptions/947d47b4-7883-4bb9-9d85-c5e8e2f572ce/operationresults/eyJqb2JJZCI6IlJFU09VUkNFR1JPVVBERUxFVElPTkpPQi1QUzIyMS1FQVNUVVMyRVVBUCIsImpvYkxvY2F0aW9uIjoiZWFzdHVzMmV1YXAifQ?api-version=2016-09-01"
        ],
        "Retry-After": [
          "15"
        ],
        "x-ms-ratelimit-remaining-subscription-reads": [
          "11964"
        ],
        "x-ms-request-id": [
          "0467368b-6e75-4d8a-bf1b-be3a1b54a967"
        ],
        "x-ms-correlation-request-id": [
          "0467368b-6e75-4d8a-bf1b-be3a1b54a967"
        ],
        "x-ms-routing-request-id": [
          "CENTRALUS:20230511T200757Z:0467368b-6e75-4d8a-bf1b-be3a1b54a967"
        ],
        "Strict-Transport-Security": [
          "max-age=31536000; includeSubDomains"
        ],
        "X-Content-Type-Options": [
          "nosniff"
        ],
        "Date": [
          "Thu, 11 May 2023 20:07:57 GMT"
        ],
        "Connection": [
          "close"
        ],
        "Expires": [
          "-1"
        ],
        "Content-Length": [
          "0"
        ]
      },
      "ResponseBody": "",
      "StatusCode": 202
    },
    {
      "RequestUri": "/subscriptions/947d47b4-7883-4bb9-9d85-c5e8e2f572ce/operationresults/eyJqb2JJZCI6IlJFU09VUkNFR1JPVVBERUxFVElPTkpPQi1QUzIyMS1FQVNUVVMyRVVBUCIsImpvYkxvY2F0aW9uIjoiZWFzdHVzMmV1YXAifQ?api-version=2016-09-01",
      "EncodedRequestUri": "L3N1YnNjcmlwdGlvbnMvOTQ3ZDQ3YjQtNzg4My00YmI5LTlkODUtYzVlOGUyZjU3MmNlL29wZXJhdGlvbnJlc3VsdHMvZXlKcWIySkpaQ0k2SWxKRlUwOVZVa05GUjFKUFZWQkVSVXhGVkVsUFRrcFBRaTFRVXpJeU1TMUZRVk5VVlZNeVJWVkJVQ0lzSW1wdllreHZZMkYwYVc5dUlqb2laV0Z6ZEhWek1tVjFZWEFpZlE/YXBpLXZlcnNpb249MjAxNi0wOS0wMQ==",
      "RequestMethod": "GET",
      "RequestHeaders": {
        "User-Agent": [
          "FxVersion/4.700.22.55902",
          "OSName/Windows",
          "OSVersion/Microsoft.Windows.10.0.17763",
          "Microsoft.Azure.Management.Internal.Resources.ResourceManagementClient/1.3.75"
        ]
      },
      "RequestBody": "",
      "ResponseHeaders": {
        "Cache-Control": [
          "no-cache"
        ],
        "Pragma": [
          "no-cache"
        ],
        "Location": [
          "https://management.azure.com/subscriptions/947d47b4-7883-4bb9-9d85-c5e8e2f572ce/operationresults/eyJqb2JJZCI6IlJFU09VUkNFR1JPVVBERUxFVElPTkpPQi1QUzIyMS1FQVNUVVMyRVVBUCIsImpvYkxvY2F0aW9uIjoiZWFzdHVzMmV1YXAifQ?api-version=2016-09-01"
        ],
        "Retry-After": [
          "15"
        ],
        "x-ms-ratelimit-remaining-subscription-reads": [
          "11957"
        ],
        "x-ms-request-id": [
          "ccbcb2f2-7603-4bed-b327-c9c77a4b597d"
        ],
        "x-ms-correlation-request-id": [
          "ccbcb2f2-7603-4bed-b327-c9c77a4b597d"
        ],
        "x-ms-routing-request-id": [
          "CENTRALUS:20230511T200812Z:ccbcb2f2-7603-4bed-b327-c9c77a4b597d"
        ],
        "Strict-Transport-Security": [
          "max-age=31536000; includeSubDomains"
        ],
        "X-Content-Type-Options": [
          "nosniff"
        ],
        "Date": [
          "Thu, 11 May 2023 20:08:11 GMT"
        ],
        "Expires": [
          "-1"
        ],
        "Content-Length": [
          "0"
        ]
      },
      "ResponseBody": "",
      "StatusCode": 202
    },
    {
      "RequestUri": "/subscriptions/947d47b4-7883-4bb9-9d85-c5e8e2f572ce/operationresults/eyJqb2JJZCI6IlJFU09VUkNFR1JPVVBERUxFVElPTkpPQi1QUzIyMS1FQVNUVVMyRVVBUCIsImpvYkxvY2F0aW9uIjoiZWFzdHVzMmV1YXAifQ?api-version=2016-09-01",
      "EncodedRequestUri": "L3N1YnNjcmlwdGlvbnMvOTQ3ZDQ3YjQtNzg4My00YmI5LTlkODUtYzVlOGUyZjU3MmNlL29wZXJhdGlvbnJlc3VsdHMvZXlKcWIySkpaQ0k2SWxKRlUwOVZVa05GUjFKUFZWQkVSVXhGVkVsUFRrcFBRaTFRVXpJeU1TMUZRVk5VVlZNeVJWVkJVQ0lzSW1wdllreHZZMkYwYVc5dUlqb2laV0Z6ZEhWek1tVjFZWEFpZlE/YXBpLXZlcnNpb249MjAxNi0wOS0wMQ==",
      "RequestMethod": "GET",
      "RequestHeaders": {
        "User-Agent": [
          "FxVersion/4.700.22.55902",
          "OSName/Windows",
          "OSVersion/Microsoft.Windows.10.0.17763",
          "Microsoft.Azure.Management.Internal.Resources.ResourceManagementClient/1.3.75"
        ]
      },
      "RequestBody": "",
      "ResponseHeaders": {
        "Cache-Control": [
          "no-cache"
        ],
        "Pragma": [
          "no-cache"
        ],
        "Location": [
          "https://management.azure.com/subscriptions/947d47b4-7883-4bb9-9d85-c5e8e2f572ce/operationresults/eyJqb2JJZCI6IlJFU09VUkNFR1JPVVBERUxFVElPTkpPQi1QUzIyMS1FQVNUVVMyRVVBUCIsImpvYkxvY2F0aW9uIjoiZWFzdHVzMmV1YXAifQ?api-version=2016-09-01"
        ],
        "Retry-After": [
          "15"
        ],
        "x-ms-ratelimit-remaining-subscription-reads": [
          "11956"
        ],
        "x-ms-request-id": [
          "24b41036-d22c-44f2-905a-e9b699c3bfa1"
        ],
        "x-ms-correlation-request-id": [
          "24b41036-d22c-44f2-905a-e9b699c3bfa1"
        ],
        "x-ms-routing-request-id": [
          "CENTRALUS:20230511T200827Z:24b41036-d22c-44f2-905a-e9b699c3bfa1"
        ],
        "Strict-Transport-Security": [
          "max-age=31536000; includeSubDomains"
        ],
        "X-Content-Type-Options": [
          "nosniff"
        ],
        "Date": [
          "Thu, 11 May 2023 20:08:26 GMT"
        ],
        "Expires": [
          "-1"
        ],
        "Content-Length": [
          "0"
        ]
      },
      "ResponseBody": "",
      "StatusCode": 202
    },
    {
      "RequestUri": "/subscriptions/947d47b4-7883-4bb9-9d85-c5e8e2f572ce/operationresults/eyJqb2JJZCI6IlJFU09VUkNFR1JPVVBERUxFVElPTkpPQi1QUzIyMS1FQVNUVVMyRVVBUCIsImpvYkxvY2F0aW9uIjoiZWFzdHVzMmV1YXAifQ?api-version=2016-09-01",
      "EncodedRequestUri": "L3N1YnNjcmlwdGlvbnMvOTQ3ZDQ3YjQtNzg4My00YmI5LTlkODUtYzVlOGUyZjU3MmNlL29wZXJhdGlvbnJlc3VsdHMvZXlKcWIySkpaQ0k2SWxKRlUwOVZVa05GUjFKUFZWQkVSVXhGVkVsUFRrcFBRaTFRVXpJeU1TMUZRVk5VVlZNeVJWVkJVQ0lzSW1wdllreHZZMkYwYVc5dUlqb2laV0Z6ZEhWek1tVjFZWEFpZlE/YXBpLXZlcnNpb249MjAxNi0wOS0wMQ==",
      "RequestMethod": "GET",
      "RequestHeaders": {
        "User-Agent": [
          "FxVersion/4.700.22.55902",
          "OSName/Windows",
          "OSVersion/Microsoft.Windows.10.0.17763",
          "Microsoft.Azure.Management.Internal.Resources.ResourceManagementClient/1.3.75"
        ]
      },
      "RequestBody": "",
      "ResponseHeaders": {
        "Cache-Control": [
          "no-cache"
        ],
        "Pragma": [
          "no-cache"
        ],
        "Location": [
          "https://management.azure.com/subscriptions/947d47b4-7883-4bb9-9d85-c5e8e2f572ce/operationresults/eyJqb2JJZCI6IlJFU09VUkNFR1JPVVBERUxFVElPTkpPQi1QUzIyMS1FQVNUVVMyRVVBUCIsImpvYkxvY2F0aW9uIjoiZWFzdHVzMmV1YXAifQ?api-version=2016-09-01"
        ],
        "Retry-After": [
          "15"
        ],
        "x-ms-ratelimit-remaining-subscription-reads": [
          "11955"
        ],
        "x-ms-request-id": [
          "ea3f012c-257c-469b-bce3-651989e4afef"
        ],
        "x-ms-correlation-request-id": [
          "ea3f012c-257c-469b-bce3-651989e4afef"
        ],
        "x-ms-routing-request-id": [
          "CENTRALUS:20230511T200842Z:ea3f012c-257c-469b-bce3-651989e4afef"
        ],
        "Strict-Transport-Security": [
          "max-age=31536000; includeSubDomains"
        ],
        "X-Content-Type-Options": [
          "nosniff"
        ],
        "Date": [
          "Thu, 11 May 2023 20:08:41 GMT"
        ],
        "Expires": [
          "-1"
        ],
        "Content-Length": [
          "0"
        ]
      },
      "ResponseBody": "",
      "StatusCode": 202
    },
    {
      "RequestUri": "/subscriptions/947d47b4-7883-4bb9-9d85-c5e8e2f572ce/operationresults/eyJqb2JJZCI6IlJFU09VUkNFR1JPVVBERUxFVElPTkpPQi1QUzIyMS1FQVNUVVMyRVVBUCIsImpvYkxvY2F0aW9uIjoiZWFzdHVzMmV1YXAifQ?api-version=2016-09-01",
      "EncodedRequestUri": "L3N1YnNjcmlwdGlvbnMvOTQ3ZDQ3YjQtNzg4My00YmI5LTlkODUtYzVlOGUyZjU3MmNlL29wZXJhdGlvbnJlc3VsdHMvZXlKcWIySkpaQ0k2SWxKRlUwOVZVa05GUjFKUFZWQkVSVXhGVkVsUFRrcFBRaTFRVXpJeU1TMUZRVk5VVlZNeVJWVkJVQ0lzSW1wdllreHZZMkYwYVc5dUlqb2laV0Z6ZEhWek1tVjFZWEFpZlE/YXBpLXZlcnNpb249MjAxNi0wOS0wMQ==",
      "RequestMethod": "GET",
      "RequestHeaders": {
        "User-Agent": [
          "FxVersion/4.700.22.55902",
          "OSName/Windows",
          "OSVersion/Microsoft.Windows.10.0.17763",
          "Microsoft.Azure.Management.Internal.Resources.ResourceManagementClient/1.3.75"
        ]
      },
      "RequestBody": "",
      "ResponseHeaders": {
        "Cache-Control": [
          "no-cache"
        ],
        "Pragma": [
          "no-cache"
        ],
        "Location": [
          "https://management.azure.com/subscriptions/947d47b4-7883-4bb9-9d85-c5e8e2f572ce/operationresults/eyJqb2JJZCI6IlJFU09VUkNFR1JPVVBERUxFVElPTkpPQi1QUzIyMS1FQVNUVVMyRVVBUCIsImpvYkxvY2F0aW9uIjoiZWFzdHVzMmV1YXAifQ?api-version=2016-09-01"
        ],
        "Retry-After": [
          "15"
        ],
        "x-ms-ratelimit-remaining-subscription-reads": [
          "11954"
        ],
        "x-ms-request-id": [
          "265e890b-7a74-4a8b-ac90-931bae9fe01e"
        ],
        "x-ms-correlation-request-id": [
          "265e890b-7a74-4a8b-ac90-931bae9fe01e"
        ],
        "x-ms-routing-request-id": [
          "CENTRALUS:20230511T200857Z:265e890b-7a74-4a8b-ac90-931bae9fe01e"
        ],
        "Strict-Transport-Security": [
          "max-age=31536000; includeSubDomains"
        ],
        "X-Content-Type-Options": [
          "nosniff"
        ],
        "Date": [
          "Thu, 11 May 2023 20:08:56 GMT"
        ],
        "Expires": [
          "-1"
        ],
        "Content-Length": [
          "0"
        ]
      },
      "ResponseBody": "",
      "StatusCode": 202
    },
    {
      "RequestUri": "/subscriptions/947d47b4-7883-4bb9-9d85-c5e8e2f572ce/operationresults/eyJqb2JJZCI6IlJFU09VUkNFR1JPVVBERUxFVElPTkpPQi1QUzIyMS1FQVNUVVMyRVVBUCIsImpvYkxvY2F0aW9uIjoiZWFzdHVzMmV1YXAifQ?api-version=2016-09-01",
      "EncodedRequestUri": "L3N1YnNjcmlwdGlvbnMvOTQ3ZDQ3YjQtNzg4My00YmI5LTlkODUtYzVlOGUyZjU3MmNlL29wZXJhdGlvbnJlc3VsdHMvZXlKcWIySkpaQ0k2SWxKRlUwOVZVa05GUjFKUFZWQkVSVXhGVkVsUFRrcFBRaTFRVXpJeU1TMUZRVk5VVlZNeVJWVkJVQ0lzSW1wdllreHZZMkYwYVc5dUlqb2laV0Z6ZEhWek1tVjFZWEFpZlE/YXBpLXZlcnNpb249MjAxNi0wOS0wMQ==",
      "RequestMethod": "GET",
      "RequestHeaders": {
        "User-Agent": [
          "FxVersion/4.700.22.55902",
          "OSName/Windows",
          "OSVersion/Microsoft.Windows.10.0.17763",
          "Microsoft.Azure.Management.Internal.Resources.ResourceManagementClient/1.3.75"
        ]
      },
      "RequestBody": "",
      "ResponseHeaders": {
        "Cache-Control": [
          "no-cache"
        ],
        "Pragma": [
          "no-cache"
        ],
        "Location": [
          "https://management.azure.com/subscriptions/947d47b4-7883-4bb9-9d85-c5e8e2f572ce/operationresults/eyJqb2JJZCI6IlJFU09VUkNFR1JPVVBERUxFVElPTkpPQi1QUzIyMS1FQVNUVVMyRVVBUCIsImpvYkxvY2F0aW9uIjoiZWFzdHVzMmV1YXAifQ?api-version=2016-09-01"
        ],
        "Retry-After": [
          "15"
        ],
        "x-ms-ratelimit-remaining-subscription-reads": [
          "11953"
        ],
        "x-ms-request-id": [
          "3a4c7dae-c837-4327-b75b-c527ae8ca989"
        ],
        "x-ms-correlation-request-id": [
          "3a4c7dae-c837-4327-b75b-c527ae8ca989"
        ],
        "x-ms-routing-request-id": [
          "CENTRALUS:20230511T200912Z:3a4c7dae-c837-4327-b75b-c527ae8ca989"
        ],
        "Strict-Transport-Security": [
          "max-age=31536000; includeSubDomains"
        ],
        "X-Content-Type-Options": [
          "nosniff"
        ],
        "Date": [
          "Thu, 11 May 2023 20:09:12 GMT"
        ],
        "Expires": [
          "-1"
        ],
        "Content-Length": [
          "0"
        ]
      },
      "ResponseBody": "",
      "StatusCode": 202
    },
    {
      "RequestUri": "/subscriptions/947d47b4-7883-4bb9-9d85-c5e8e2f572ce/operationresults/eyJqb2JJZCI6IlJFU09VUkNFR1JPVVBERUxFVElPTkpPQi1QUzIyMS1FQVNUVVMyRVVBUCIsImpvYkxvY2F0aW9uIjoiZWFzdHVzMmV1YXAifQ?api-version=2016-09-01",
      "EncodedRequestUri": "L3N1YnNjcmlwdGlvbnMvOTQ3ZDQ3YjQtNzg4My00YmI5LTlkODUtYzVlOGUyZjU3MmNlL29wZXJhdGlvbnJlc3VsdHMvZXlKcWIySkpaQ0k2SWxKRlUwOVZVa05GUjFKUFZWQkVSVXhGVkVsUFRrcFBRaTFRVXpJeU1TMUZRVk5VVlZNeVJWVkJVQ0lzSW1wdllreHZZMkYwYVc5dUlqb2laV0Z6ZEhWek1tVjFZWEFpZlE/YXBpLXZlcnNpb249MjAxNi0wOS0wMQ==",
      "RequestMethod": "GET",
      "RequestHeaders": {
        "User-Agent": [
          "FxVersion/4.700.22.55902",
          "OSName/Windows",
          "OSVersion/Microsoft.Windows.10.0.17763",
          "Microsoft.Azure.Management.Internal.Resources.ResourceManagementClient/1.3.75"
        ]
      },
      "RequestBody": "",
      "ResponseHeaders": {
        "Cache-Control": [
          "no-cache"
        ],
        "Pragma": [
          "no-cache"
        ],
        "x-ms-ratelimit-remaining-subscription-reads": [
          "11952"
        ],
        "x-ms-request-id": [
          "6659eba2-620d-48ef-a7b3-302a052d479d"
        ],
        "x-ms-correlation-request-id": [
          "6659eba2-620d-48ef-a7b3-302a052d479d"
        ],
        "x-ms-routing-request-id": [
          "CENTRALUS:20230511T200927Z:6659eba2-620d-48ef-a7b3-302a052d479d"
        ],
        "Strict-Transport-Security": [
          "max-age=31536000; includeSubDomains"
        ],
        "X-Content-Type-Options": [
          "nosniff"
        ],
        "Date": [
          "Thu, 11 May 2023 20:09:27 GMT"
        ],
        "Expires": [
          "-1"
        ],
        "Content-Length": [
          "0"
        ]
      },
      "ResponseBody": "",
      "StatusCode": 200
    },
    {
      "RequestUri": "/subscriptions/947d47b4-7883-4bb9-9d85-c5e8e2f572ce/operationresults/eyJqb2JJZCI6IlJFU09VUkNFR1JPVVBERUxFVElPTkpPQi1QUzIyMS1FQVNUVVMyRVVBUCIsImpvYkxvY2F0aW9uIjoiZWFzdHVzMmV1YXAifQ?api-version=2016-09-01",
      "EncodedRequestUri": "L3N1YnNjcmlwdGlvbnMvOTQ3ZDQ3YjQtNzg4My00YmI5LTlkODUtYzVlOGUyZjU3MmNlL29wZXJhdGlvbnJlc3VsdHMvZXlKcWIySkpaQ0k2SWxKRlUwOVZVa05GUjFKUFZWQkVSVXhGVkVsUFRrcFBRaTFRVXpJeU1TMUZRVk5VVlZNeVJWVkJVQ0lzSW1wdllreHZZMkYwYVc5dUlqb2laV0Z6ZEhWek1tVjFZWEFpZlE/YXBpLXZlcnNpb249MjAxNi0wOS0wMQ==",
      "RequestMethod": "GET",
      "RequestHeaders": {
        "User-Agent": [
          "FxVersion/4.700.22.55902",
          "OSName/Windows",
          "OSVersion/Microsoft.Windows.10.0.17763",
          "Microsoft.Azure.Management.Internal.Resources.ResourceManagementClient/1.3.75"
        ]
      },
      "RequestBody": "",
      "ResponseHeaders": {
        "Cache-Control": [
          "no-cache"
        ],
        "Pragma": [
          "no-cache"
        ],
        "x-ms-ratelimit-remaining-subscription-reads": [
          "11951"
        ],
        "x-ms-request-id": [
          "d388532f-0a46-4d64-9425-c453f5158d68"
        ],
        "x-ms-correlation-request-id": [
          "d388532f-0a46-4d64-9425-c453f5158d68"
        ],
        "x-ms-routing-request-id": [
          "CENTRALUS:20230511T200927Z:d388532f-0a46-4d64-9425-c453f5158d68"
        ],
        "Strict-Transport-Security": [
          "max-age=31536000; includeSubDomains"
        ],
        "X-Content-Type-Options": [
          "nosniff"
        ],
        "Date": [
          "Thu, 11 May 2023 20:09:27 GMT"
        ],
        "Expires": [
          "-1"
        ],
        "Content-Length": [
          "0"
        ]
      },
      "ResponseBody": "",
      "StatusCode": 200
    }
  ],
  "Names": {
    "Test-LBWithMultiIpConfigMultiNIC": [
      "ps221",
      "ps152",
      "ps8444",
      "ps119",
      "ps5778",
      "ps518",
      "ps2985",
      "ps6546",
      "ps4240",
      "ps8178"
    ]
  },
  "Variables": {
    "SubscriptionId": "947d47b4-7883-4bb9-9d85-c5e8e2f572ce"
  }
}