{
  "Entries": [
    {
      "RequestUri": "/subscriptions/326100e2-f69d-4268-8503-075374f62b6e/resourcegroups/RSG-Cluster2041?api-version=2016-09-01",
      "EncodedRequestUri": "L3N1YnNjcmlwdGlvbnMvMzI2MTAwZTItZjY5ZC00MjY4LTg1MDMtMDc1Mzc0ZjYyYjZlL3Jlc291cmNlZ3JvdXBzL1JTRy1DbHVzdGVyMjA0MT9hcGktdmVyc2lvbj0yMDE2LTA5LTAx",
      "RequestMethod": "PUT",
      "RequestBody": "{\r\n  \"location\": \"southcentralus\"\r\n}",
      "RequestHeaders": {
        "x-ms-client-request-id": [
          "2a0baa8b-faad-4a19-b9e1-d6f1e2c4dc6e"
        ],
        "Accept-Language": [
          "en-US"
        ],
        "User-Agent": [
          "FxVersion/4.6.29130.01",
          "OSName/Windows",
          "OSVersion/Microsoft.Windows.10.0.19041.",
          "Microsoft.Azure.Management.Internal.Resources.ResourceManagementClient/1.3.23"
        ],
        "Content-Type": [
          "application/json; charset=utf-8"
        ],
        "Content-Length": [
          "36"
        ]
      },
      "ResponseHeaders": {
        "Cache-Control": [
          "no-cache"
        ],
        "Pragma": [
          "no-cache"
        ],
        "x-ms-ratelimit-remaining-subscription-writes": [
          "1199"
        ],
        "x-ms-request-id": [
          "f60c15d7-7110-4ca4-8080-3fffdd67a4ec"
        ],
        "x-ms-correlation-request-id": [
          "f60c15d7-7110-4ca4-8080-3fffdd67a4ec"
        ],
        "x-ms-routing-request-id": [
          "WESTUS:20200911T075025Z:f60c15d7-7110-4ca4-8080-3fffdd67a4ec"
        ],
        "Strict-Transport-Security": [
          "max-age=31536000; includeSubDomains"
        ],
        "X-Content-Type-Options": [
          "nosniff"
        ],
        "Date": [
          "Fri, 11 Sep 2020 07:50:25 GMT"
        ],
        "Content-Length": [
          "191"
        ],
        "Content-Type": [
          "application/json; charset=utf-8"
        ],
        "Expires": [
          "-1"
        ]
      },
      "ResponseBody": "{\r\n  \"id\": \"/subscriptions/326100e2-f69d-4268-8503-075374f62b6e/resourceGroups/RSG-Cluster2041\",\r\n  \"name\": \"RSG-Cluster2041\",\r\n  \"location\": \"southcentralus\",\r\n  \"properties\": {\r\n    \"provisioningState\": \"Succeeded\"\r\n  }\r\n}",
      "StatusCode": 201
    },
    {
      "RequestUri": "/subscriptions/326100e2-f69d-4268-8503-075374f62b6e/providers/Microsoft.EventHub/availableClusterRegions?api-version=2018-01-01-preview",
      "EncodedRequestUri": "L3N1YnNjcmlwdGlvbnMvMzI2MTAwZTItZjY5ZC00MjY4LTg1MDMtMDc1Mzc0ZjYyYjZlL3Byb3ZpZGVycy9NaWNyb3NvZnQuRXZlbnRIdWIvYXZhaWxhYmxlQ2x1c3RlclJlZ2lvbnM/YXBpLXZlcnNpb249MjAxOC0wMS0wMS1wcmV2aWV3",
      "RequestMethod": "GET",
      "RequestBody": "",
      "RequestHeaders": {
        "x-ms-client-request-id": [
          "ce4491b2-dd1c-4c8c-8b7f-11bbfdfa0f22"
        ],
        "Accept-Language": [
          "en-US"
        ],
        "User-Agent": [
          "FxVersion/4.6.29130.01",
          "OSName/Windows",
          "OSVersion/Microsoft.Windows.10.0.19041.",
          "Microsoft.Azure.Management.EventHub.EventHubManagementClient/2.7.2.0"
        ]
      },
      "ResponseHeaders": {
        "Cache-Control": [
          "no-cache"
        ],
        "Pragma": [
          "no-cache"
        ],
        "x-ms-request-id": [
          "10d34f82-0fc9-46e9-9c3a-03f99f9cda7c_M6SN1_M6SN1"
        ],
        "Server-SB": [
          "Service-Bus-Resource-Provider/SN1"
        ],
        "Server": [
          "Service-Bus-Resource-Provider/SN1",
          "Microsoft-HTTPAPI/2.0"
        ],
        "x-ms-ratelimit-remaining-subscription-reads": [
          "11998"
        ],
        "x-ms-correlation-request-id": [
          "290acd79-99ea-4709-bb32-70d4f49408e2"
        ],
        "x-ms-routing-request-id": [
          "WESTUS:20200911T075026Z:290acd79-99ea-4709-bb32-70d4f49408e2"
        ],
        "Strict-Transport-Security": [
          "max-age=31536000; includeSubDomains"
        ],
        "X-Content-Type-Options": [
          "nosniff"
        ],
        "Date": [
          "Fri, 11 Sep 2020 07:50:26 GMT"
        ],
        "Content-Length": [
          "481"
        ],
        "Content-Type": [
          "application/json; charset=utf-8"
        ],
        "Expires": [
          "-1"
        ]
      },
      "ResponseBody": "{\r\n  \"value\": [\r\n    {\r\n      \"location\": \"northcentralus\"\r\n    },\r\n    {\r\n      \"location\": \"westeurope\"\r\n    },\r\n    {\r\n      \"location\": \"uksouth\"\r\n    },\r\n    {\r\n      \"location\": \"westcentralus\"\r\n    },\r\n    {\r\n      \"location\": \"australiasoutheast\"\r\n    },\r\n    {\r\n      \"location\": \"ukwest\"\r\n    },\r\n    {\r\n      \"location\": \"brazilsouth\"\r\n    },\r\n    {\r\n      \"location\": \"centralus\"\r\n    },\r\n    {\r\n      \"location\": \"australiaeast\"\r\n    },\r\n    {\r\n      \"location\": \"eastus\"\r\n    },\r\n    {\r\n      \"location\": \"southcentralus\"\r\n    },\r\n    {\r\n      \"location\": \"japaneast\"\r\n    },\r\n    {\r\n      \"location\": \"northeurope\"\r\n    },\r\n    {\r\n      \"location\": \"eastus2\"\r\n    },\r\n    {\r\n      \"location\": \"southeastasia\"\r\n    },\r\n    {\r\n      \"location\": \"eastasia\"\r\n    },\r\n    {\r\n      \"location\": \"westus\"\r\n    },\r\n    {\r\n      \"location\": \"westus2\"\r\n    }\r\n  ]\r\n}",
      "StatusCode": 200
    },
    {
      "RequestUri": "/subscriptions/326100e2-f69d-4268-8503-075374f62b6e/resourceGroups/RSG-Cluster2041/providers/Microsoft.EventHub/clusters/Eventhub-Cluster-2820?api-version=2018-01-01-preview",
      "EncodedRequestUri": "L3N1YnNjcmlwdGlvbnMvMzI2MTAwZTItZjY5ZC00MjY4LTg1MDMtMDc1Mzc0ZjYyYjZlL3Jlc291cmNlR3JvdXBzL1JTRy1DbHVzdGVyMjA0MS9wcm92aWRlcnMvTWljcm9zb2Z0LkV2ZW50SHViL2NsdXN0ZXJzL0V2ZW50aHViLUNsdXN0ZXItMjgyMD9hcGktdmVyc2lvbj0yMDE4LTAxLTAxLXByZXZpZXc=",
      "RequestMethod": "PUT",
      "RequestBody": "{\r\n  \"sku\": {\r\n    \"capacity\": 1,\r\n    \"name\": \"Dedicated\"\r\n  },\r\n  \"location\": \"southcentralus\",\r\n  \"tags\": {}\r\n}",
      "RequestHeaders": {
        "x-ms-client-request-id": [
          "5129e2c8-eb1d-4f5d-a36b-15388bad929d"
        ],
        "Accept-Language": [
          "en-US"
        ],
        "User-Agent": [
          "FxVersion/4.6.29130.01",
          "OSName/Windows",
          "OSVersion/Microsoft.Windows.10.0.19041.",
          "Microsoft.Azure.Management.EventHub.EventHubManagementClient/2.7.2.0"
        ],
        "Content-Type": [
          "application/json; charset=utf-8"
        ],
        "Content-Length": [
          "114"
        ]
      },
      "ResponseHeaders": {
        "Cache-Control": [
          "no-cache"
        ],
        "Pragma": [
          "no-cache"
        ],
        "x-ms-request-id": [
          "f1507842-96e2-4729-9a97-15a9f0b81ec8_M2SN1_M2SN1"
        ],
        "Server-SB": [
          "Service-Bus-Resource-Provider/SN1"
        ],
        "Server": [
          "Service-Bus-Resource-Provider/SN1",
          "Microsoft-HTTPAPI/2.0"
        ],
        "x-ms-ratelimit-remaining-subscription-writes": [
          "1199"
        ],
        "x-ms-correlation-request-id": [
          "fb2cdfb7-c88a-4cae-80ba-e89a1d37640a"
        ],
        "x-ms-routing-request-id": [
          "WESTUS:20200911T075029Z:fb2cdfb7-c88a-4cae-80ba-e89a1d37640a"
        ],
        "Strict-Transport-Security": [
          "max-age=31536000; includeSubDomains"
        ],
        "X-Content-Type-Options": [
          "nosniff"
        ],
        "Date": [
          "Fri, 11 Sep 2020 07:50:28 GMT"
        ],
        "Content-Length": [
          "416"
        ],
        "Content-Type": [
          "application/json; charset=utf-8"
        ],
        "Expires": [
          "-1"
        ]
      },
      "ResponseBody": "{\r\n  \"sku\": {\r\n    \"name\": \"Dedicated\",\r\n    \"capacity\": 1\r\n  },\r\n  \"id\": \"/subscriptions/326100e2-f69d-4268-8503-075374f62b6e/resourceGroups/RSG-Cluster2041/providers/Microsoft.EventHub/clusters/Eventhub-Cluster-2820\",\r\n  \"name\": \"Eventhub-Cluster-2820\",\r\n  \"type\": \"Microsoft.EventHub/clusters\",\r\n  \"location\": \"southcentralus\",\r\n  \"tags\": {},\r\n  \"properties\": {\r\n    \"createdAt\": \"2020-09-11T07:50:28.237Z\",\r\n    \"updatedAt\": \"2020-09-11T07:50:28.237Z\",\r\n    \"metricId\": \"PROD-SN3-522\"\r\n  }\r\n}",
      "StatusCode": 200
    },
    {
      "RequestUri": "/subscriptions/326100e2-f69d-4268-8503-075374f62b6e/resourceGroups/RSG-Cluster2041/providers/Microsoft.EventHub/clusters/Eventhub-Cluster-2820?api-version=2018-01-01-preview",
      "EncodedRequestUri": "L3N1YnNjcmlwdGlvbnMvMzI2MTAwZTItZjY5ZC00MjY4LTg1MDMtMDc1Mzc0ZjYyYjZlL3Jlc291cmNlR3JvdXBzL1JTRy1DbHVzdGVyMjA0MS9wcm92aWRlcnMvTWljcm9zb2Z0LkV2ZW50SHViL2NsdXN0ZXJzL0V2ZW50aHViLUNsdXN0ZXItMjgyMD9hcGktdmVyc2lvbj0yMDE4LTAxLTAxLXByZXZpZXc=",
      "RequestMethod": "GET",
      "RequestBody": "",
      "RequestHeaders": {
        "x-ms-client-request-id": [
          "28bf492f-4779-437d-9704-aad32336b9dc"
        ],
        "Accept-Language": [
          "en-US"
        ],
        "User-Agent": [
          "FxVersion/4.6.29130.01",
          "OSName/Windows",
          "OSVersion/Microsoft.Windows.10.0.19041.",
          "Microsoft.Azure.Management.EventHub.EventHubManagementClient/2.7.2.0"
        ]
      },
      "ResponseHeaders": {
        "Cache-Control": [
          "no-cache"
        ],
        "Pragma": [
          "no-cache"
        ],
        "x-ms-request-id": [
          "cd5aaad1-2f8d-4ba7-b4b5-7fb395bc2e26_M1SN1_M1SN1"
        ],
        "Server-SB": [
          "Service-Bus-Resource-Provider/SN1"
        ],
        "Server": [
          "Service-Bus-Resource-Provider/SN1",
          "Microsoft-HTTPAPI/2.0"
        ],
        "x-ms-ratelimit-remaining-subscription-reads": [
          "11999"
        ],
        "x-ms-correlation-request-id": [
          "5af9d60b-cc1b-4ad1-9c0f-136ef22f4397"
        ],
        "x-ms-routing-request-id": [
          "WESTUS:20200911T075029Z:5af9d60b-cc1b-4ad1-9c0f-136ef22f4397"
        ],
        "Strict-Transport-Security": [
          "max-age=31536000; includeSubDomains"
        ],
        "X-Content-Type-Options": [
          "nosniff"
        ],
        "Date": [
          "Fri, 11 Sep 2020 07:50:28 GMT"
        ],
        "Content-Length": [
          "416"
        ],
        "Content-Type": [
          "application/json; charset=utf-8"
        ],
        "Expires": [
          "-1"
        ]
      },
      "ResponseBody": "{\r\n  \"sku\": {\r\n    \"name\": \"Dedicated\",\r\n    \"capacity\": 1\r\n  },\r\n  \"id\": \"/subscriptions/326100e2-f69d-4268-8503-075374f62b6e/resourceGroups/RSG-Cluster2041/providers/Microsoft.EventHub/clusters/Eventhub-Cluster-2820\",\r\n  \"name\": \"Eventhub-Cluster-2820\",\r\n  \"type\": \"Microsoft.EventHub/clusters\",\r\n  \"location\": \"southcentralus\",\r\n  \"tags\": {},\r\n  \"properties\": {\r\n    \"createdAt\": \"2020-09-11T07:50:28.237Z\",\r\n    \"updatedAt\": \"2020-09-11T07:50:28.237Z\",\r\n    \"metricId\": \"PROD-SN3-522\"\r\n  }\r\n}",
      "StatusCode": 200
    },
    {
      "RequestUri": "/subscriptions/326100e2-f69d-4268-8503-075374f62b6e/resourceGroups/RSG-Cluster2041/providers/Microsoft.EventHub/clusters/Eventhub-Cluster-2820?api-version=2018-01-01-preview",
      "EncodedRequestUri": "L3N1YnNjcmlwdGlvbnMvMzI2MTAwZTItZjY5ZC00MjY4LTg1MDMtMDc1Mzc0ZjYyYjZlL3Jlc291cmNlR3JvdXBzL1JTRy1DbHVzdGVyMjA0MS9wcm92aWRlcnMvTWljcm9zb2Z0LkV2ZW50SHViL2NsdXN0ZXJzL0V2ZW50aHViLUNsdXN0ZXItMjgyMD9hcGktdmVyc2lvbj0yMDE4LTAxLTAxLXByZXZpZXc=",
      "RequestMethod": "PATCH",
      "RequestBody": "{\r\n  \"sku\": {\r\n    \"capacity\": 1,\r\n    \"name\": \"Dedicated\"\r\n  },\r\n  \"location\": \"southcentralus\",\r\n  \"tags\": {\r\n    \"ClusterTag2\": \"Tag4\",\r\n    \"ClusterTag1\": \"Tag3\"\r\n  }\r\n}",
      "RequestHeaders": {
        "x-ms-client-request-id": [
          "73bf39b3-4c39-44ec-a05f-55ae9e3aaa90"
        ],
        "Accept-Language": [
          "en-US"
        ],
        "User-Agent": [
          "FxVersion/4.6.29130.01",
          "OSName/Windows",
          "OSVersion/Microsoft.Windows.10.0.19041.",
          "Microsoft.Azure.Management.EventHub.EventHubManagementClient/2.7.2.0"
        ],
        "Content-Type": [
          "application/json; charset=utf-8"
        ],
        "Content-Length": [
          "173"
        ]
      },
      "ResponseHeaders": {
        "Cache-Control": [
          "no-cache"
        ],
        "Pragma": [
          "no-cache"
        ],
        "x-ms-request-id": [
          "e41838c8-7e1a-4953-b0f4-88f1897df07f_M1SN1_M1SN1"
        ],
        "Server-SB": [
          "Service-Bus-Resource-Provider/SN1"
        ],
        "Server": [
          "Service-Bus-Resource-Provider/SN1",
          "Microsoft-HTTPAPI/2.0"
        ],
        "x-ms-ratelimit-remaining-subscription-writes": [
          "1199"
        ],
        "x-ms-correlation-request-id": [
          "1cfa37d3-d17d-4f18-9d44-6bd717e617bb"
        ],
        "x-ms-routing-request-id": [
          "WESTUS:20200911T075030Z:1cfa37d3-d17d-4f18-9d44-6bd717e617bb"
        ],
        "Strict-Transport-Security": [
          "max-age=31536000; includeSubDomains"
        ],
        "X-Content-Type-Options": [
          "nosniff"
        ],
        "Date": [
          "Fri, 11 Sep 2020 07:50:30 GMT"
        ],
        "Content-Length": [
          "457"
        ],
        "Content-Type": [
          "application/json; charset=utf-8"
        ],
        "Expires": [
          "-1"
        ]
      },
      "ResponseBody": "{\r\n  \"sku\": {\r\n    \"name\": \"Dedicated\",\r\n    \"capacity\": 1\r\n  },\r\n  \"id\": \"/subscriptions/326100e2-f69d-4268-8503-075374f62b6e/resourceGroups/RSG-Cluster2041/providers/Microsoft.EventHub/clusters/Eventhub-Cluster-2820\",\r\n  \"name\": \"Eventhub-Cluster-2820\",\r\n  \"type\": \"Microsoft.EventHub/clusters\",\r\n  \"location\": \"southcentralus\",\r\n  \"tags\": {\r\n    \"ClusterTag2\": \"Tag4\",\r\n    \"ClusterTag1\": \"Tag3\"\r\n  },\r\n  \"properties\": {\r\n    \"createdAt\": \"2020-09-11T07:50:28.237Z\",\r\n    \"updatedAt\": \"2020-09-11T07:50:29.963Z\",\r\n    \"metricId\": \"PROD-SN3-522\"\r\n  }\r\n}",
      "StatusCode": 200
    }
  ],
  "Names": {
    "": [
      "Eventhub-Cluster-2820",
      "RSG-Cluster2041"
    ]
  },
  "Variables": {
    "SubscriptionId": "326100e2-f69d-4268-8503-075374f62b6e"
  }
}