{
  "Entries": [
    {
      "RequestUri": "/subscriptions/f34b22a3-2202-4fb1-b040-1332bd928c84/resourcegroups/IntegrationAccountPsCmdletTest?api-version=2016-02-01",
      "EncodedRequestUri": "L3N1YnNjcmlwdGlvbnMvZjM0YjIyYTMtMjIwMi00ZmIxLWIwNDAtMTMzMmJkOTI4Yzg0L3Jlc291cmNlZ3JvdXBzL0ludGVncmF0aW9uQWNjb3VudFBzQ21kbGV0VGVzdD9hcGktdmVyc2lvbj0yMDE2LTAyLTAx",
      "RequestMethod": "PUT",
      "RequestBody": "{\r\n  \"location\": \"brazilsouth\"\r\n}",
      "RequestHeaders": {
        "Content-Type": [
          "application/json; charset=utf-8"
        ],
        "Content-Length": [
          "33"
        ],
        "User-Agent": [
          "Microsoft.Azure.Management.Resources.ResourceManagementClient/2.0.0.0"
        ]
      },
      "ResponseBody": "{\r\n  \"id\": \"/subscriptions/f34b22a3-2202-4fb1-b040-1332bd928c84/resourceGroups/IntegrationAccountPsCmdletTest\",\r\n  \"name\": \"IntegrationAccountPsCmdletTest\",\r\n  \"location\": \"brazilsouth\",\r\n  \"properties\": {\r\n    \"provisioningState\": \"Succeeded\"\r\n  }\r\n}",
      "ResponseHeaders": {
        "Content-Length": [
          "218"
        ],
        "Content-Type": [
          "application/json; charset=utf-8"
        ],
        "Expires": [
          "-1"
        ],
        "Pragma": [
          "no-cache"
        ],
        "x-ms-ratelimit-remaining-subscription-writes": [
          "1187"
        ],
        "x-ms-request-id": [
          "d3088a94-3a10-44c9-90a2-635b0bcc3b5e"
        ],
        "x-ms-correlation-request-id": [
          "d3088a94-3a10-44c9-90a2-635b0bcc3b5e"
        ],
        "x-ms-routing-request-id": [
          "WESTUS2:20170215T223442Z:d3088a94-3a10-44c9-90a2-635b0bcc3b5e"
        ],
        "Strict-Transport-Security": [
          "max-age=31536000; includeSubDomains"
        ],
        "Cache-Control": [
          "no-cache"
        ],
        "Date": [
          "Wed, 15 Feb 2017 22:34:41 GMT"
        ]
      },
      "StatusCode": 200
    },
    {
      "RequestUri": "/subscriptions/f34b22a3-2202-4fb1-b040-1332bd928c84/resourceGroups/IntegrationAccountPsCmdletTest/providers/Microsoft.Logic/integrationAccounts/onesdk3635?api-version=2016-06-01",
      "EncodedRequestUri": "L3N1YnNjcmlwdGlvbnMvZjM0YjIyYTMtMjIwMi00ZmIxLWIwNDAtMTMzMmJkOTI4Yzg0L3Jlc291cmNlR3JvdXBzL0ludGVncmF0aW9uQWNjb3VudFBzQ21kbGV0VGVzdC9wcm92aWRlcnMvTWljcm9zb2Z0LkxvZ2ljL2ludGVncmF0aW9uQWNjb3VudHMvb25lc2RrMzYzNT9hcGktdmVyc2lvbj0yMDE2LTA2LTAx",
      "RequestMethod": "GET",
      "RequestBody": "",
      "RequestHeaders": {
        "x-ms-client-request-id": [
          "b4224ab5-833c-4e88-8e1c-c897b1dfad55"
        ],
        "accept-language": [
          "en-US"
        ],
        "User-Agent": [
          "FxVersion/4.6.1586.0",
          "OSName/Windows_10_Enterprise",
          "OSVersion/6.3.14393",
          "Microsoft.Azure.Management.Logic.LogicManagementClient/2.0.0"
        ]
      },
      "ResponseBody": "{\r\n  \"error\": {\r\n    \"code\": \"ResourceNotFound\",\r\n    \"message\": \"The Resource 'Microsoft.Logic/integrationAccounts/onesdk3635' under resource group 'IntegrationAccountPsCmdletTest' was not found.\"\r\n  }\r\n}",
      "ResponseHeaders": {
        "Content-Length": [
          "180"
        ],
        "Content-Type": [
          "application/json; charset=utf-8"
        ],
        "Expires": [
          "-1"
        ],
        "Pragma": [
          "no-cache"
        ],
        "x-ms-failure-cause": [
          "gateway"
        ],
        "x-ms-request-id": [
          "48641133-16f0-4896-b14b-1021efaa02ca"
        ],
        "x-ms-correlation-request-id": [
          "48641133-16f0-4896-b14b-1021efaa02ca"
        ],
        "x-ms-routing-request-id": [
          "WESTUS2:20170215T223442Z:48641133-16f0-4896-b14b-1021efaa02ca"
        ],
        "Strict-Transport-Security": [
          "max-age=31536000; includeSubDomains"
        ],
        "Cache-Control": [
          "no-cache"
        ],
        "Date": [
          "Wed, 15 Feb 2017 22:34:41 GMT"
        ]
      },
      "StatusCode": 404
    },
    {
      "RequestUri": "/subscriptions/f34b22a3-2202-4fb1-b040-1332bd928c84/resourceGroups/IntegrationAccountPsCmdletTest/providers/Microsoft.Logic/integrationAccounts/onesdk3635?api-version=2016-06-01",
      "EncodedRequestUri": "L3N1YnNjcmlwdGlvbnMvZjM0YjIyYTMtMjIwMi00ZmIxLWIwNDAtMTMzMmJkOTI4Yzg0L3Jlc291cmNlR3JvdXBzL0ludGVncmF0aW9uQWNjb3VudFBzQ21kbGV0VGVzdC9wcm92aWRlcnMvTWljcm9zb2Z0LkxvZ2ljL2ludGVncmF0aW9uQWNjb3VudHMvb25lc2RrMzYzNT9hcGktdmVyc2lvbj0yMDE2LTA2LTAx",
      "RequestMethod": "GET",
      "RequestBody": "",
      "RequestHeaders": {
        "x-ms-client-request-id": [
          "edc32194-067f-4738-b35b-366142a96e96"
        ],
        "accept-language": [
          "en-US"
        ],
        "User-Agent": [
          "FxVersion/4.6.1586.0",
          "OSName/Windows_10_Enterprise",
          "OSVersion/6.3.14393",
          "Microsoft.Azure.Management.Logic.LogicManagementClient/2.0.0"
        ]
      },
      "ResponseBody": "{\r\n  \"properties\": {},\r\n  \"sku\": {\r\n    \"name\": \"Standard\"\r\n  },\r\n  \"id\": \"/subscriptions/f34b22a3-2202-4fb1-b040-1332bd928c84/resourceGroups/IntegrationAccountPsCmdletTest/providers/Microsoft.Logic/integrationAccounts/onesdk3635\",\r\n  \"name\": \"onesdk3635\",\r\n  \"type\": \"Microsoft.Logic/integrationAccounts\",\r\n  \"location\": \"brazilsouth\"\r\n}",
      "ResponseHeaders": {
        "Content-Length": [
          "295"
        ],
        "Content-Type": [
          "application/json; charset=utf-8"
        ],
        "Expires": [
          "-1"
        ],
        "Pragma": [
          "no-cache"
        ],
        "Vary": [
          "Accept-Encoding"
        ],
        "x-ms-request-id": [
          "brazilsouth:186d5e88-444f-4b5d-b372-c7c5d2d84412"
        ],
        "Strict-Transport-Security": [
          "max-age=31536000; includeSubDomains"
        ],
        "x-ms-ratelimit-remaining-subscription-reads": [
          "14445"
        ],
        "x-ms-correlation-request-id": [
          "5a851946-5c1b-43a5-9d46-8ec2926e8508"
        ],
        "x-ms-routing-request-id": [
          "WESTUS2:20170215T223445Z:5a851946-5c1b-43a5-9d46-8ec2926e8508"
        ],
        "Cache-Control": [
          "no-cache"
        ],
        "Date": [
          "Wed, 15 Feb 2017 22:34:44 GMT"
        ]
      },
      "StatusCode": 200
    },
    {
      "RequestUri": "/subscriptions/f34b22a3-2202-4fb1-b040-1332bd928c84/resourceGroups/IntegrationAccountPsCmdletTest/providers/Microsoft.Logic/integrationAccounts/onesdk3635?api-version=2016-06-01",
      "EncodedRequestUri": "L3N1YnNjcmlwdGlvbnMvZjM0YjIyYTMtMjIwMi00ZmIxLWIwNDAtMTMzMmJkOTI4Yzg0L3Jlc291cmNlR3JvdXBzL0ludGVncmF0aW9uQWNjb3VudFBzQ21kbGV0VGVzdC9wcm92aWRlcnMvTWljcm9zb2Z0LkxvZ2ljL2ludGVncmF0aW9uQWNjb3VudHMvb25lc2RrMzYzNT9hcGktdmVyc2lvbj0yMDE2LTA2LTAx",
      "RequestMethod": "PUT",
      "RequestBody": "{\r\n  \"properties\": {},\r\n  \"sku\": {\r\n    \"name\": \"Standard\"\r\n  },\r\n  \"location\": \"brazilsouth\"\r\n}",
      "RequestHeaders": {
        "Content-Type": [
          "application/json; charset=utf-8"
        ],
        "Content-Length": [
          "96"
        ],
        "x-ms-client-request-id": [
          "adf4e940-7f92-4267-8637-a3bc4041238d"
        ],
        "accept-language": [
          "en-US"
        ],
        "User-Agent": [
          "FxVersion/4.6.1586.0",
          "OSName/Windows_10_Enterprise",
          "OSVersion/6.3.14393",
          "Microsoft.Azure.Management.Logic.LogicManagementClient/2.0.0"
        ]
      },
      "ResponseBody": "{\r\n  \"properties\": {},\r\n  \"sku\": {\r\n    \"name\": \"Standard\"\r\n  },\r\n  \"id\": \"/subscriptions/f34b22a3-2202-4fb1-b040-1332bd928c84/resourceGroups/IntegrationAccountPsCmdletTest/providers/Microsoft.Logic/integrationAccounts/onesdk3635\",\r\n  \"name\": \"onesdk3635\",\r\n  \"type\": \"Microsoft.Logic/integrationAccounts\",\r\n  \"location\": \"brazilsouth\"\r\n}",
      "ResponseHeaders": {
        "Content-Length": [
          "295"
        ],
        "Content-Type": [
          "application/json; charset=utf-8"
        ],
        "Expires": [
          "-1"
        ],
        "Pragma": [
          "no-cache"
        ],
        "x-ms-request-id": [
          "brazilsouth:2bf3006d-e819-43be-83f1-edf2f00869cd"
        ],
        "Strict-Transport-Security": [
          "max-age=31536000; includeSubDomains"
        ],
        "x-ms-ratelimit-remaining-subscription-writes": [
          "1193"
        ],
        "x-ms-correlation-request-id": [
          "bf4de232-97ae-4e4b-a4f3-c9e2a690b7a7"
        ],
        "x-ms-routing-request-id": [
          "WESTUS2:20170215T223445Z:bf4de232-97ae-4e4b-a4f3-c9e2a690b7a7"
        ],
        "Cache-Control": [
          "no-cache"
        ],
        "Date": [
          "Wed, 15 Feb 2017 22:34:44 GMT"
        ]
      },
      "StatusCode": 201
    },
    {
      "RequestUri": "/subscriptions/f34b22a3-2202-4fb1-b040-1332bd928c84/resourceGroups/IntegrationAccountPsCmdletTest/providers/Microsoft.Logic/integrationAccounts/onesdk3635/maps/onesdk6869?api-version=2016-06-01",
      "EncodedRequestUri": "L3N1YnNjcmlwdGlvbnMvZjM0YjIyYTMtMjIwMi00ZmIxLWIwNDAtMTMzMmJkOTI4Yzg0L3Jlc291cmNlR3JvdXBzL0ludGVncmF0aW9uQWNjb3VudFBzQ21kbGV0VGVzdC9wcm92aWRlcnMvTWljcm9zb2Z0LkxvZ2ljL2ludGVncmF0aW9uQWNjb3VudHMvb25lc2RrMzYzNS9tYXBzL29uZXNkazY4Njk/YXBpLXZlcnNpb249MjAxNi0wNi0wMQ==",
      "RequestMethod": "GET",
      "RequestBody": "",
      "RequestHeaders": {
        "x-ms-client-request-id": [
          "49fff30f-d6af-4666-859b-709eb8486b9b"
        ],
        "accept-language": [
          "en-US"
        ],
        "User-Agent": [
          "FxVersion/4.6.1586.0",
          "OSName/Windows_10_Enterprise",
          "OSVersion/6.3.14393",
          "Microsoft.Azure.Management.Logic.LogicManagementClient/2.0.0"
        ]
      },
      "ResponseBody": "{\r\n  \"error\": {\r\n    \"code\": \"MapNotFound\",\r\n    \"message\": \"The map 'onesdk6869' could not be found in the integration account 'onesdk3635'.\"\r\n  }\r\n}",
      "ResponseHeaders": {
        "Content-Length": [
          "125"
        ],
        "Content-Type": [
          "application/json; charset=utf-8"
        ],
        "Expires": [
          "-1"
        ],
        "Pragma": [
          "no-cache"
        ],
        "x-ms-request-id": [
          "brazilsouth:28686ae2-310d-44ba-be3b-307cf406931b"
        ],
        "Strict-Transport-Security": [
          "max-age=31536000; includeSubDomains"
        ],
        "x-ms-ratelimit-remaining-subscription-reads": [
          "14444"
        ],
        "x-ms-correlation-request-id": [
          "6c95a72e-94e3-437a-af66-f0dc4fbdf84b"
        ],
        "x-ms-routing-request-id": [
          "WESTUS2:20170215T223445Z:6c95a72e-94e3-437a-af66-f0dc4fbdf84b"
        ],
        "Cache-Control": [
          "no-cache"
        ],
        "Date": [
          "Wed, 15 Feb 2017 22:34:44 GMT"
        ]
      },
      "StatusCode": 404
    },
    {
      "RequestUri": "/subscriptions/f34b22a3-2202-4fb1-b040-1332bd928c84/resourceGroups/IntegrationAccountPsCmdletTest/providers/Microsoft.Logic/integrationAccounts/onesdk3635/maps/onesdk6869?api-version=2016-06-01",
      "EncodedRequestUri": "L3N1YnNjcmlwdGlvbnMvZjM0YjIyYTMtMjIwMi00ZmIxLWIwNDAtMTMzMmJkOTI4Yzg0L3Jlc291cmNlR3JvdXBzL0ludGVncmF0aW9uQWNjb3VudFBzQ21kbGV0VGVzdC9wcm92aWRlcnMvTWljcm9zb2Z0LkxvZ2ljL2ludGVncmF0aW9uQWNjb3VudHMvb25lc2RrMzYzNS9tYXBzL29uZXNkazY4Njk/YXBpLXZlcnNpb249MjAxNi0wNi0wMQ==",
      "RequestMethod": "GET",
      "RequestBody": "",
      "RequestHeaders": {
        "x-ms-client-request-id": [
          "18676974-fc0b-41bd-9d19-c5dab740e105"
        ],
        "accept-language": [
          "en-US"
        ],
        "User-Agent": [
          "FxVersion/4.6.1586.0",
          "OSName/Windows_10_Enterprise",
          "OSVersion/6.3.14393",
          "Microsoft.Azure.Management.Logic.LogicManagementClient/2.0.0"
        ]
      },
      "ResponseBody": "{\r\n  \"properties\": {\r\n    \"mapType\": \"Xslt\",\r\n    \"contentLink\": {\r\n      \"uri\": \"https://flowprodcu29cqsn01.blob.core.windows.net/integrationaccountseeee64172cf146128ae58130ff667244/99D1E_XSLT_ONESDK6869-1CE8D62C61D24D06A342C8EC3B16E689?sv=2016-05-31&sr=b&sig=cwHe1Zi5vvJIv%2Fd0oOcT951a2AIP9Fn8yWVTJb%2F3hRs%3D&se=2017-02-16T02%3A34%3A46Z&sp=r\",\r\n      \"contentVersion\": \"\\\"0x8D455F2D7E9351B\\\"\",\r\n      \"contentSize\": 3056,\r\n      \"contentHash\": {\r\n        \"algorithm\": \"md5\",\r\n        \"value\": \"A2avz/M0ov2FPI3+Je8vDw==\"\r\n      }\r\n    },\r\n    \"createdTime\": \"2017-02-15T22:34:46.075707Z\",\r\n    \"changedTime\": \"2017-02-15T22:34:46.0760997Z\"\r\n  },\r\n  \"id\": \"/subscriptions/f34b22a3-2202-4fb1-b040-1332bd928c84/resourceGroups/IntegrationAccountPsCmdletTest/providers/Microsoft.Logic/integrationAccounts/onesdk3635/maps/onesdk6869\",\r\n  \"name\": \"onesdk6869\",\r\n  \"type\": \"Microsoft.Logic/integrationAccounts/maps\"\r\n}",
      "ResponseHeaders": {
        "Content-Length": [
          "786"
        ],
        "Content-Type": [
          "application/json; charset=utf-8"
        ],
        "Expires": [
          "-1"
        ],
        "Pragma": [
          "no-cache"
        ],
        "Vary": [
          "Accept-Encoding"
        ],
        "x-ms-request-id": [
          "brazilsouth:7947194e-7855-4fd9-9081-7c67a470133a"
        ],
        "Strict-Transport-Security": [
          "max-age=31536000; includeSubDomains"
        ],
        "x-ms-ratelimit-remaining-subscription-reads": [
          "14442"
        ],
        "x-ms-correlation-request-id": [
          "164cc36a-c5a1-478c-ac72-187b12bf0287"
        ],
        "x-ms-routing-request-id": [
          "WESTUS2:20170215T223446Z:164cc36a-c5a1-478c-ac72-187b12bf0287"
        ],
        "Cache-Control": [
          "no-cache"
        ],
        "Date": [
          "Wed, 15 Feb 2017 22:34:45 GMT"
        ]
      },
      "StatusCode": 200
    },
    {
      "RequestUri": "/subscriptions/f34b22a3-2202-4fb1-b040-1332bd928c84/resourceGroups/IntegrationAccountPsCmdletTest/providers/Microsoft.Logic/integrationAccounts/onesdk3635/maps/onesdk6869?api-version=2016-06-01",
      "EncodedRequestUri": "L3N1YnNjcmlwdGlvbnMvZjM0YjIyYTMtMjIwMi00ZmIxLWIwNDAtMTMzMmJkOTI4Yzg0L3Jlc291cmNlR3JvdXBzL0ludGVncmF0aW9uQWNjb3VudFBzQ21kbGV0VGVzdC9wcm92aWRlcnMvTWljcm9zb2Z0LkxvZ2ljL2ludGVncmF0aW9uQWNjb3VudHMvb25lc2RrMzYzNS9tYXBzL29uZXNkazY4Njk/YXBpLXZlcnNpb249MjAxNi0wNi0wMQ==",
      "RequestMethod": "PUT",
      "RequestBody": "{\r\n  \"properties\": {\r\n    \"mapType\": \"Xslt\",\r\n    \"content\": \"<?xml version=\\\"1.0\\\" encoding=\\\"UTF-16\\\"?>\\r\\n<xsl:stylesheet xmlns:xsl=\\\"http://www.w3.org/1999/XSL/Transform\\\" xmlns:msxsl=\\\"urn:schemas-microsoft-com:xslt\\\" xmlns:var=\\\"http://schemas.microsoft.com/BizTalk/2003/var\\\" exclude-result-prefixes=\\\"msxsl var s0 userCSharp\\\" version=\\\"1.0\\\" xmlns:ns0=\\\"http://BizTalk_Server_Project4.StringFunctoidsDestinationSchema\\\" xmlns:s0=\\\"http://BizTalk_Server_Project4.StringFunctoidsSourceSchema\\\" xmlns:userCSharp=\\\"http://schemas.microsoft.com/BizTalk/2003/userCSharp\\\">\\r\\n  <xsl:import href=\\\"http://btsfunctoids.blob.core.windows.net/functoids/functoids.xslt\\\" />\\r\\n  <xsl:output omit-xml-declaration=\\\"yes\\\" method=\\\"xml\\\" version=\\\"1.0\\\" />\\r\\n  <xsl:template match=\\\"/\\\">\\r\\n    <xsl:apply-templates select=\\\"/s0:Root\\\" />\\r\\n  </xsl:template>\\r\\n  <xsl:template match=\\\"/s0:Root\\\">\\r\\n    <xsl:variable name=\\\"var:v1\\\" select=\\\"userCSharp:StringFind(string(StringFindSource/text()) , &quot;SearchString&quot;)\\\" />\\r\\n    <xsl:variable name=\\\"var:v2\\\" select=\\\"userCSharp:StringLeft(string(StringLeftSource/text()) , &quot;2&quot;)\\\" />\\r\\n    <xsl:variable name=\\\"var:v3\\\" select=\\\"userCSharp:StringRight(string(StringRightSource/text()) , &quot;2&quot;)\\\" />\\r\\n    <xsl:variable name=\\\"var:v4\\\" select=\\\"userCSharp:StringUpperCase(string(UppercaseSource/text()))\\\" />\\r\\n    <xsl:variable name=\\\"var:v5\\\" select=\\\"userCSharp:StringLowerCase(string(LowercaseSource/text()))\\\" />\\r\\n    <xsl:variable name=\\\"var:v6\\\" select=\\\"userCSharp:StringSize(string(SizeSource/text()))\\\" />\\r\\n    <xsl:variable name=\\\"var:v7\\\" select=\\\"userCSharp:StringSubstring(string(StringExtractSource/text()) , &quot;0&quot; , &quot;2&quot;)\\\" />\\r\\n    <xsl:variable name=\\\"var:v8\\\" select=\\\"userCSharp:StringConcat(string(StringConcatSource/text()))\\\" />\\r\\n    <xsl:variable name=\\\"var:v9\\\" select=\\\"userCSharp:StringTrimLeft(string(StringLeftTrimSource/text()))\\\" />\\r\\n    <xsl:variable name=\\\"var:v10\\\" select=\\\"userCSharp:StringTrimRight(string(StringRightTrimSource/text()))\\\" />\\r\\n    <ns0:Root>\\r\\n      <StringFindDestination>\\r\\n        <xsl:value-of select=\\\"$var:v1\\\" />\\r\\n      </StringFindDestination>\\r\\n      <StringLeftDestination>\\r\\n        <xsl:value-of select=\\\"$var:v2\\\" />\\r\\n      </StringLeftDestination>\\r\\n      <StringRightDestination>\\r\\n        <xsl:value-of select=\\\"$var:v3\\\" />\\r\\n      </StringRightDestination>\\r\\n      <UppercaseDestination>\\r\\n        <xsl:value-of select=\\\"$var:v4\\\" />\\r\\n      </UppercaseDestination>\\r\\n      <LowercaseDestination>\\r\\n        <xsl:value-of select=\\\"$var:v5\\\" />\\r\\n      </LowercaseDestination>\\r\\n      <SizeDestination>\\r\\n        <xsl:value-of select=\\\"$var:v6\\\" />\\r\\n      </SizeDestination>\\r\\n      <StringExtractDestination>\\r\\n        <xsl:value-of select=\\\"$var:v7\\\" />\\r\\n      </StringExtractDestination>\\r\\n      <StringConcatDestination>\\r\\n        <xsl:value-of select=\\\"$var:v8\\\" />\\r\\n      </StringConcatDestination>\\r\\n      <StringLeftTrimDestination>\\r\\n        <xsl:value-of select=\\\"$var:v9\\\" />\\r\\n      </StringLeftTrimDestination>\\r\\n      <StringRightTrimDestination>\\r\\n        <xsl:value-of select=\\\"$var:v10\\\" />\\r\\n      </StringRightTrimDestination>\\r\\n    </ns0:Root>\\r\\n  </xsl:template>\\r\\n</xsl:stylesheet>\",\r\n    \"contentType\": \"application/xml\"\r\n  }\r\n}",
      "RequestHeaders": {
        "Content-Type": [
          "application/json; charset=utf-8"
        ],
        "Content-Length": [
          "3362"
        ],
        "x-ms-client-request-id": [
          "a8c68788-195e-4286-b3e5-50f871cb8880"
        ],
        "accept-language": [
          "en-US"
        ],
        "User-Agent": [
          "FxVersion/4.6.1586.0",
          "OSName/Windows_10_Enterprise",
          "OSVersion/6.3.14393",
          "Microsoft.Azure.Management.Logic.LogicManagementClient/2.0.0"
        ]
      },
      "ResponseBody": "{\r\n  \"properties\": {\r\n    \"mapType\": \"Xslt\",\r\n    \"contentLink\": {\r\n      \"uri\": \"https://flowprodcu29cqsn01.blob.core.windows.net/integrationaccountseeee64172cf146128ae58130ff667244/99D1E_XSLT_ONESDK6869-1CE8D62C61D24D06A342C8EC3B16E689?sv=2016-05-31&sr=b&sig=cwHe1Zi5vvJIv%2Fd0oOcT951a2AIP9Fn8yWVTJb%2F3hRs%3D&se=2017-02-16T02%3A34%3A46Z&sp=r\",\r\n      \"contentVersion\": \"\\\"0x8D455F2D7E9351B\\\"\",\r\n      \"contentSize\": 3056,\r\n      \"contentHash\": {\r\n        \"algorithm\": \"md5\",\r\n        \"value\": \"A2avz/M0ov2FPI3+Je8vDw==\"\r\n      }\r\n    },\r\n    \"createdTime\": \"2017-02-15T22:34:46.075707Z\",\r\n    \"changedTime\": \"2017-02-15T22:34:46.0760997Z\"\r\n  },\r\n  \"id\": \"/subscriptions/f34b22a3-2202-4fb1-b040-1332bd928c84/resourceGroups/IntegrationAccountPsCmdletTest/providers/Microsoft.Logic/integrationAccounts/onesdk3635/maps/onesdk6869\",\r\n  \"name\": \"onesdk6869\",\r\n  \"type\": \"Microsoft.Logic/integrationAccounts/maps\"\r\n}",
      "ResponseHeaders": {
        "Content-Length": [
          "786"
        ],
        "Content-Type": [
          "application/json; charset=utf-8"
        ],
        "Expires": [
          "-1"
        ],
        "Pragma": [
          "no-cache"
        ],
        "x-ms-request-id": [
          "brazilsouth:64de614d-ec2e-462a-8c8a-593636f84261"
        ],
        "Strict-Transport-Security": [
          "max-age=31536000; includeSubDomains"
        ],
        "x-ms-ratelimit-remaining-subscription-writes": [
          "1192"
        ],
        "x-ms-correlation-request-id": [
          "50534a08-f4de-4d87-afff-db3d0900c557"
        ],
        "x-ms-routing-request-id": [
          "WESTUS2:20170215T223446Z:50534a08-f4de-4d87-afff-db3d0900c557"
        ],
        "Cache-Control": [
          "no-cache"
        ],
        "Date": [
          "Wed, 15 Feb 2017 22:34:45 GMT"
        ]
      },
      "StatusCode": 201
    },
    {
      "RequestUri": "/subscriptions/f34b22a3-2202-4fb1-b040-1332bd928c84/resourceGroups/IntegrationAccountPsCmdletTest/providers/Microsoft.Logic/integrationAccounts/onesdk3635/maps?$filter=mapType%20eq%20'Xslt'&$top=1000&api-version=2016-06-01",
      "EncodedRequestUri": "L3N1YnNjcmlwdGlvbnMvZjM0YjIyYTMtMjIwMi00ZmIxLWIwNDAtMTMzMmJkOTI4Yzg0L3Jlc291cmNlR3JvdXBzL0ludGVncmF0aW9uQWNjb3VudFBzQ21kbGV0VGVzdC9wcm92aWRlcnMvTWljcm9zb2Z0LkxvZ2ljL2ludGVncmF0aW9uQWNjb3VudHMvb25lc2RrMzYzNS9tYXBzPyRmaWx0ZXI9bWFwVHlwZSUyMGVxJTIwJ1hzbHQnJiR0b3A9MTAwMCZhcGktdmVyc2lvbj0yMDE2LTA2LTAx",
      "RequestMethod": "GET",
      "RequestBody": "",
      "RequestHeaders": {
        "x-ms-client-request-id": [
          "05c2eacb-c882-4665-b255-65d5caa88e72"
        ],
        "accept-language": [
          "en-US"
        ],
        "User-Agent": [
          "FxVersion/4.6.1586.0",
          "OSName/Windows_10_Enterprise",
          "OSVersion/6.3.14393",
          "Microsoft.Azure.Management.Logic.LogicManagementClient/2.0.0"
        ]
      },
      "ResponseBody": "{\r\n  \"value\": [\r\n    {\r\n      \"properties\": {\r\n        \"mapType\": \"Xslt\",\r\n        \"contentLink\": {\r\n          \"uri\": \"https://flowprodcu29cqsn01.blob.core.windows.net/integrationaccountseeee64172cf146128ae58130ff667244/99D1E_XSLT_ONESDK6869-1CE8D62C61D24D06A342C8EC3B16E689?sv=2016-05-31&sr=b&sig=cwHe1Zi5vvJIv%2Fd0oOcT951a2AIP9Fn8yWVTJb%2F3hRs%3D&se=2017-02-16T02%3A34%3A46Z&sp=r\",\r\n          \"contentVersion\": \"\\\"0x8D455F2D7E9351B\\\"\",\r\n          \"contentSize\": 3056,\r\n          \"contentHash\": {\r\n            \"algorithm\": \"md5\",\r\n            \"value\": \"A2avz/M0ov2FPI3+Je8vDw==\"\r\n          }\r\n        },\r\n        \"createdTime\": \"2017-02-15T22:34:46.075707Z\",\r\n        \"changedTime\": \"2017-02-15T22:34:46.0760997Z\"\r\n      },\r\n      \"id\": \"/subscriptions/f34b22a3-2202-4fb1-b040-1332bd928c84/resourceGroups/IntegrationAccountPsCmdletTest/providers/Microsoft.Logic/integrationAccounts/onesdk3635/maps/onesdk6869\",\r\n      \"name\": \"onesdk6869\",\r\n      \"type\": \"Microsoft.Logic/integrationAccounts/maps\"\r\n    }\r\n  ]\r\n}",
      "ResponseHeaders": {
        "Content-Length": [
          "798"
        ],
        "Content-Type": [
          "application/json; charset=utf-8"
        ],
        "Expires": [
          "-1"
        ],
        "Pragma": [
          "no-cache"
        ],
        "Vary": [
          "Accept-Encoding"
        ],
        "x-ms-request-id": [
          "brazilsouth:d03ffdee-2b4f-4d30-8755-47776e383812"
        ],
        "Strict-Transport-Security": [
          "max-age=31536000; includeSubDomains"
        ],
        "x-ms-ratelimit-remaining-subscription-reads": [
          "14441"
        ],
        "x-ms-correlation-request-id": [
          "b778f608-a06e-4916-997c-1c26b842a888"
        ],
        "x-ms-routing-request-id": [
          "WESTUS2:20170215T223446Z:b778f608-a06e-4916-997c-1c26b842a888"
        ],
        "Cache-Control": [
          "no-cache"
        ],
        "Date": [
          "Wed, 15 Feb 2017 22:34:45 GMT"
        ]
      },
      "StatusCode": 200
    },
    {
      "RequestUri": "/subscriptions/f34b22a3-2202-4fb1-b040-1332bd928c84/resourceGroups/IntegrationAccountPsCmdletTest/providers/Microsoft.Logic/integrationAccounts/onesdk3635?api-version=2016-06-01",
      "EncodedRequestUri": "L3N1YnNjcmlwdGlvbnMvZjM0YjIyYTMtMjIwMi00ZmIxLWIwNDAtMTMzMmJkOTI4Yzg0L3Jlc291cmNlR3JvdXBzL0ludGVncmF0aW9uQWNjb3VudFBzQ21kbGV0VGVzdC9wcm92aWRlcnMvTWljcm9zb2Z0LkxvZ2ljL2ludGVncmF0aW9uQWNjb3VudHMvb25lc2RrMzYzNT9hcGktdmVyc2lvbj0yMDE2LTA2LTAx",
      "RequestMethod": "DELETE",
      "RequestBody": "",
      "RequestHeaders": {
        "x-ms-client-request-id": [
          "3d6085fd-c629-41ec-b09f-fa36d4fdaa6e"
        ],
        "accept-language": [
          "en-US"
        ],
        "User-Agent": [
          "FxVersion/4.6.1586.0",
          "OSName/Windows_10_Enterprise",
          "OSVersion/6.3.14393",
          "Microsoft.Azure.Management.Logic.LogicManagementClient/2.0.0"
        ]
      },
      "ResponseBody": "",
      "ResponseHeaders": {
        "Content-Length": [
          "0"
        ],
        "Expires": [
          "-1"
        ],
        "Pragma": [
          "no-cache"
        ],
        "x-ms-request-id": [
          "brazilsouth:456f7b54-d6de-48e9-891a-59939616ccb0"
        ],
        "Strict-Transport-Security": [
          "max-age=31536000; includeSubDomains"
        ],
        "x-ms-ratelimit-remaining-subscription-writes": [
          "1191"
        ],
        "x-ms-correlation-request-id": [
          "6539a90b-827e-4e03-9d82-1df64d22a597"
        ],
        "x-ms-routing-request-id": [
          "WESTUS2:20170215T223448Z:6539a90b-827e-4e03-9d82-1df64d22a597"
        ],
        "Cache-Control": [
          "no-cache"
        ],
        "Date": [
          "Wed, 15 Feb 2017 22:34:47 GMT"
        ]
      },
      "StatusCode": 200
    }
  ],
  "Names": {
    "Test-GetIntegrationAccountMap": [
      "onesdk3635",
      "onesdk6869"
    ]
  },
  "Variables": {
    "SubscriptionId": "f34b22a3-2202-4fb1-b040-1332bd928c84"
  }
}