{
  "Entries": [
    {
      "RequestUri": "/subscriptions/cca24ec8-99b5-4aa7-9ff6-486e886f304c/resourcegroups/sql-audit-cmdlet-test-rg6004?api-version=2016-02-01",
      "EncodedRequestUri": "L3N1YnNjcmlwdGlvbnMvY2NhMjRlYzgtOTliNS00YWE3LTlmZjYtNDg2ZTg4NmYzMDRjL3Jlc291cmNlZ3JvdXBzL3NxbC1hdWRpdC1jbWRsZXQtdGVzdC1yZzYwMDQ/YXBpLXZlcnNpb249MjAxNi0wMi0wMQ==",
      "RequestMethod": "PUT",
      "RequestBody": "{\r\n  \"location\": \"Japan East\"\r\n}",
      "RequestHeaders": {
        "Content-Type": [
          "application/json; charset=utf-8"
        ],
        "Content-Length": [
          "32"
        ],
        "User-Agent": [
          "Microsoft.Azure.Management.Resources.ResourceManagementClient/2.0.0.0"
        ]
      },
      "ResponseBody": "{\r\n  \"id\": \"/subscriptions/cca24ec8-99b5-4aa7-9ff6-486e886f304c/resourceGroups/sql-audit-cmdlet-test-rg6004\",\r\n  \"name\": \"sql-audit-cmdlet-test-rg6004\",\r\n  \"location\": \"japaneast\",\r\n  \"properties\": {\r\n    \"provisioningState\": \"Succeeded\"\r\n  }\r\n}",
      "ResponseHeaders": {
        "Content-Length": [
          "212"
        ],
        "Content-Type": [
          "application/json; charset=utf-8"
        ],
        "Expires": [
          "-1"
        ],
        "Pragma": [
          "no-cache"
        ],
        "x-ms-ratelimit-remaining-subscription-writes": [
          "1197"
        ],
        "x-ms-request-id": [
          "cf5e7a04-964e-48c1-997a-f6c0e7dd4626"
        ],
        "x-ms-correlation-request-id": [
          "cf5e7a04-964e-48c1-997a-f6c0e7dd4626"
        ],
        "x-ms-routing-request-id": [
          "WESTEUROPE:20160823T131009Z:cf5e7a04-964e-48c1-997a-f6c0e7dd4626"
        ],
        "Strict-Transport-Security": [
          "max-age=31536000; includeSubDomains"
        ],
        "Cache-Control": [
          "no-cache"
        ],
        "Date": [
          "Tue, 23 Aug 2016 13:10:08 GMT"
        ]
      },
      "StatusCode": 200
    },
    {
      "RequestUri": "/subscriptions/cca24ec8-99b5-4aa7-9ff6-486e886f304c/resourceGroups/sql-audit-cmdlet-test-rg6004/providers/Microsoft.Storage/storageAccounts/auditcmdlets6004?api-version=2015-05-01-preview",
      "EncodedRequestUri": "L3N1YnNjcmlwdGlvbnMvY2NhMjRlYzgtOTliNS00YWE3LTlmZjYtNDg2ZTg4NmYzMDRjL3Jlc291cmNlR3JvdXBzL3NxbC1hdWRpdC1jbWRsZXQtdGVzdC1yZzYwMDQvcHJvdmlkZXJzL01pY3Jvc29mdC5TdG9yYWdlL3N0b3JhZ2VBY2NvdW50cy9hdWRpdGNtZGxldHM2MDA0P2FwaS12ZXJzaW9uPTIwMTUtMDUtMDEtcHJldmlldw==",
      "RequestMethod": "PUT",
      "RequestBody": "{\r\n  \"location\": \"Japan East\",\r\n  \"properties\": {\r\n    \"accountType\": \"Standard_GRS\"\r\n  }\r\n}",
      "RequestHeaders": {
        "Content-Type": [
          "application/json"
        ],
        "Content-Length": [
          "92"
        ],
        "x-ms-client-request-id": [
          "df3cb6f7-bb0b-4d03-84f5-183624e26c2e"
        ],
        "User-Agent": [
          "Microsoft.Azure.Management.Storage.StorageManagementClient/2.0.0.0"
        ]
      },
      "ResponseBody": "",
      "ResponseHeaders": {
        "Content-Length": [
          "0"
        ],
        "Expires": [
          "-1"
        ],
        "Pragma": [
          "no-cache"
        ],
        "Retry-After": [
          "25"
        ],
        "x-ms-ratelimit-remaining-subscription-writes": [
          "1195"
        ],
        "x-ms-request-id": [
          "09bdb4c0-7d1c-4431-b857-8722d80ab690"
        ],
        "x-ms-correlation-request-id": [
          "09bdb4c0-7d1c-4431-b857-8722d80ab690"
        ],
        "x-ms-routing-request-id": [
          "WESTEUROPE:20160823T131014Z:09bdb4c0-7d1c-4431-b857-8722d80ab690"
        ],
        "Strict-Transport-Security": [
          "max-age=31536000; includeSubDomains"
        ],
        "Cache-Control": [
          "no-cache"
        ],
        "Date": [
          "Tue, 23 Aug 2016 13:10:13 GMT"
        ],
        "Location": [
          "https://management.azure.com/subscriptions/cca24ec8-99b5-4aa7-9ff6-486e886f304c/providers/Microsoft.Storage/operations/5bc32f8b-2c0d-40c9-a2bb-8830b05dd32d?monitor=true&api-version=2015-05-01-preview"
        ],
        "Server": [
          "Microsoft-HTTPAPI/2.0"
        ]
      },
      "StatusCode": 202
    },
    {
      "RequestUri": "/subscriptions/cca24ec8-99b5-4aa7-9ff6-486e886f304c/providers/Microsoft.Storage/operations/5bc32f8b-2c0d-40c9-a2bb-8830b05dd32d?monitor=true&api-version=2015-05-01-preview",
      "EncodedRequestUri": "L3N1YnNjcmlwdGlvbnMvY2NhMjRlYzgtOTliNS00YWE3LTlmZjYtNDg2ZTg4NmYzMDRjL3Byb3ZpZGVycy9NaWNyb3NvZnQuU3RvcmFnZS9vcGVyYXRpb25zLzViYzMyZjhiLTJjMGQtNDBjOS1hMmJiLTg4MzBiMDVkZDMyZD9tb25pdG9yPXRydWUmYXBpLXZlcnNpb249MjAxNS0wNS0wMS1wcmV2aWV3",
      "RequestMethod": "GET",
      "RequestBody": "",
      "RequestHeaders": {
        "x-ms-client-request-id": [
          "67cabf07-3b5c-4387-b7b8-146cee3a0c90"
        ],
        "User-Agent": [
          "Microsoft.Azure.Management.Storage.StorageManagementClient/2.0.0.0"
        ]
      },
      "ResponseBody": "",
      "ResponseHeaders": {
        "Content-Length": [
          "0"
        ],
        "Expires": [
          "-1"
        ],
        "Pragma": [
          "no-cache"
        ],
        "Retry-After": [
          "25"
        ],
        "x-ms-ratelimit-remaining-subscription-reads": [
          "14307"
        ],
        "x-ms-request-id": [
          "02767c43-a6eb-43bc-8112-ba5fc2bd35da"
        ],
        "x-ms-correlation-request-id": [
          "02767c43-a6eb-43bc-8112-ba5fc2bd35da"
        ],
        "x-ms-routing-request-id": [
          "WESTEUROPE:20160823T131015Z:02767c43-a6eb-43bc-8112-ba5fc2bd35da"
        ],
        "Strict-Transport-Security": [
          "max-age=31536000; includeSubDomains"
        ],
        "Cache-Control": [
          "no-cache"
        ],
        "Date": [
          "Tue, 23 Aug 2016 13:10:14 GMT"
        ],
        "Location": [
          "https://management.azure.com/subscriptions/cca24ec8-99b5-4aa7-9ff6-486e886f304c/providers/Microsoft.Storage/operations/5bc32f8b-2c0d-40c9-a2bb-8830b05dd32d?monitor=true&api-version=2015-05-01-preview"
        ],
        "Server": [
          "Microsoft-HTTPAPI/2.0"
        ]
      },
      "StatusCode": 202
    },
    {
      "RequestUri": "/subscriptions/cca24ec8-99b5-4aa7-9ff6-486e886f304c/providers/Microsoft.Storage/operations/5bc32f8b-2c0d-40c9-a2bb-8830b05dd32d?monitor=true&api-version=2015-05-01-preview",
      "EncodedRequestUri": "L3N1YnNjcmlwdGlvbnMvY2NhMjRlYzgtOTliNS00YWE3LTlmZjYtNDg2ZTg4NmYzMDRjL3Byb3ZpZGVycy9NaWNyb3NvZnQuU3RvcmFnZS9vcGVyYXRpb25zLzViYzMyZjhiLTJjMGQtNDBjOS1hMmJiLTg4MzBiMDVkZDMyZD9tb25pdG9yPXRydWUmYXBpLXZlcnNpb249MjAxNS0wNS0wMS1wcmV2aWV3",
      "RequestMethod": "GET",
      "RequestBody": "",
      "RequestHeaders": {
        "x-ms-client-request-id": [
          "44c22b31-d9f1-4cab-a78f-7ed3bbfe468e"
        ],
        "User-Agent": [
          "Microsoft.Azure.Management.Storage.StorageManagementClient/2.0.0.0"
        ]
      },
      "ResponseBody": "{\r\n  \"location\": \"Japan East\",\r\n  \"properties\": {\r\n    \"accountType\": \"Standard_GRS\"\r\n  }\r\n}",
      "ResponseHeaders": {
        "Content-Length": [
          "69"
        ],
        "Content-Type": [
          "application/json"
        ],
        "Expires": [
          "-1"
        ],
        "Pragma": [
          "no-cache"
        ],
        "x-ms-request-id": [
          "feb6b310-f0ab-4794-9d87-407e305f264f"
        ],
        "x-ms-ratelimit-remaining-subscription-reads": [
          "14288"
        ],
        "x-ms-correlation-request-id": [
          "feb6b310-f0ab-4794-9d87-407e305f264f"
        ],
        "x-ms-routing-request-id": [
          "WESTEUROPE:20160823T131040Z:feb6b310-f0ab-4794-9d87-407e305f264f"
        ],
        "Strict-Transport-Security": [
          "max-age=31536000; includeSubDomains"
        ],
        "Cache-Control": [
          "no-cache"
        ],
        "Date": [
          "Tue, 23 Aug 2016 13:10:40 GMT"
        ],
        "Server": [
          "Microsoft-HTTPAPI/2.0"
        ]
      },
      "StatusCode": 200
    },
    {
      "RequestUri": "/subscriptions/cca24ec8-99b5-4aa7-9ff6-486e886f304c/resourceGroups/sql-audit-cmdlet-test-rg6004/providers/Microsoft.Sql/servers/sql-audit-cmdlet-server6004?api-version=2014-04-01",
      "EncodedRequestUri": "L3N1YnNjcmlwdGlvbnMvY2NhMjRlYzgtOTliNS00YWE3LTlmZjYtNDg2ZTg4NmYzMDRjL3Jlc291cmNlR3JvdXBzL3NxbC1hdWRpdC1jbWRsZXQtdGVzdC1yZzYwMDQvcHJvdmlkZXJzL01pY3Jvc29mdC5TcWwvc2VydmVycy9zcWwtYXVkaXQtY21kbGV0LXNlcnZlcjYwMDQ/YXBpLXZlcnNpb249MjAxNC0wNC0wMQ==",
      "RequestMethod": "GET",
      "RequestBody": "",
      "RequestHeaders": {
        "User-Agent": [
          "Microsoft.Azure.Management.Sql.SqlManagementClient/0.9.0.0"
        ],
        "x-ms-client-request-id": [
          "13664a7a-73d0-4789-b555-c99c43a6873d"
        ]
      },
      "ResponseBody": "{\r\n  \"error\": {\r\n    \"code\": \"ResourceNotFound\",\r\n    \"message\": \"The Resource 'Microsoft.Sql/servers/sql-audit-cmdlet-server6004' under resource group 'sql-audit-cmdlet-test-rg6004' was not found.\"\r\n  }\r\n}",
      "ResponseHeaders": {
        "Content-Length": [
          "181"
        ],
        "Content-Type": [
          "application/json; charset=utf-8"
        ],
        "Expires": [
          "-1"
        ],
        "Pragma": [
          "no-cache"
        ],
        "x-ms-failure-cause": [
          "gateway"
        ],
        "x-ms-request-id": [
          "1dccdf2f-d951-46c3-a523-306f1b399663"
        ],
        "x-ms-correlation-request-id": [
          "1dccdf2f-d951-46c3-a523-306f1b399663"
        ],
        "x-ms-routing-request-id": [
          "WESTEUROPE:20160823T131042Z:1dccdf2f-d951-46c3-a523-306f1b399663"
        ],
        "Strict-Transport-Security": [
          "max-age=31536000; includeSubDomains"
        ],
        "Cache-Control": [
          "no-cache"
        ],
        "Date": [
          "Tue, 23 Aug 2016 13:10:42 GMT"
        ]
      },
      "StatusCode": 404
    },
    {
      "RequestUri": "/subscriptions/cca24ec8-99b5-4aa7-9ff6-486e886f304c/resourceGroups/sql-audit-cmdlet-test-rg6004/providers/Microsoft.Sql/servers/sql-audit-cmdlet-server6004?api-version=2014-04-01",
      "EncodedRequestUri": "L3N1YnNjcmlwdGlvbnMvY2NhMjRlYzgtOTliNS00YWE3LTlmZjYtNDg2ZTg4NmYzMDRjL3Jlc291cmNlR3JvdXBzL3NxbC1hdWRpdC1jbWRsZXQtdGVzdC1yZzYwMDQvcHJvdmlkZXJzL01pY3Jvc29mdC5TcWwvc2VydmVycy9zcWwtYXVkaXQtY21kbGV0LXNlcnZlcjYwMDQ/YXBpLXZlcnNpb249MjAxNC0wNC0wMQ==",
      "RequestMethod": "GET",
      "RequestBody": "",
      "RequestHeaders": {
        "User-Agent": [
          "Microsoft.Azure.Management.Sql.SqlManagementClient/0.9.0.0"
        ],
        "x-ms-client-request-id": [
          "fd1b7b7f-8879-4d86-b088-31b72164139c"
        ]
      },
      "ResponseBody": "{\r\n  \"id\": \"/subscriptions/cca24ec8-99b5-4aa7-9ff6-486e886f304c/resourceGroups/sql-audit-cmdlet-test-rg6004/providers/Microsoft.Sql/servers/sql-audit-cmdlet-server6004\",\r\n  \"name\": \"sql-audit-cmdlet-server6004\",\r\n  \"type\": \"Microsoft.Sql/servers\",\r\n  \"location\": \"Japan East\",\r\n  \"kind\": \"v12.0\",\r\n  \"properties\": {\r\n    \"fullyQualifiedDomainName\": \"sql-audit-cmdlet-server6004.database.windows.net\",\r\n    \"administratorLogin\": \"audittestusername\",\r\n    \"administratorLoginPassword\": null,\r\n    \"externalAdministratorLogin\": null,\r\n    \"externalAdministratorSid\": null,\r\n    \"version\": \"12.0\",\r\n    \"state\": \"Ready\"\r\n  }\r\n}",
      "ResponseHeaders": {
        "Content-Length": [
          "538"
        ],
        "Content-Type": [
          "application/json; odata=minimalmetadata; streaming=true; charset=utf-8"
        ],
        "x-ms-request-id": [
          "93da24d1-67d6-4e2e-99b8-4dad030bca9c"
        ],
        "X-Content-Type-Options": [
          "nosniff"
        ],
        "DataServiceVersion": [
          "3.0;"
        ],
        "x-ms-ratelimit-remaining-subscription-reads": [
          "12070"
        ],
        "x-ms-correlation-request-id": [
          "63943f5d-112d-4306-804e-3da0cbf58cd4"
        ],
        "x-ms-routing-request-id": [
          "WESTEUROPE:20160823T131119Z:63943f5d-112d-4306-804e-3da0cbf58cd4"
        ],
        "Strict-Transport-Security": [
          "max-age=31536000; includeSubDomains"
        ],
        "Cache-Control": [
          "no-store, no-cache"
        ],
        "Date": [
          "Tue, 23 Aug 2016 13:11:19 GMT"
        ],
        "Server": [
          "Microsoft-HTTPAPI/2.0"
        ]
      },
      "StatusCode": 200
    },
    {
      "RequestUri": "/subscriptions/cca24ec8-99b5-4aa7-9ff6-486e886f304c/resourceGroups/sql-audit-cmdlet-test-rg6004/providers/Microsoft.Sql/servers/sql-audit-cmdlet-server6004?api-version=2014-04-01",
      "EncodedRequestUri": "L3N1YnNjcmlwdGlvbnMvY2NhMjRlYzgtOTliNS00YWE3LTlmZjYtNDg2ZTg4NmYzMDRjL3Jlc291cmNlR3JvdXBzL3NxbC1hdWRpdC1jbWRsZXQtdGVzdC1yZzYwMDQvcHJvdmlkZXJzL01pY3Jvc29mdC5TcWwvc2VydmVycy9zcWwtYXVkaXQtY21kbGV0LXNlcnZlcjYwMDQ/YXBpLXZlcnNpb249MjAxNC0wNC0wMQ==",
      "RequestMethod": "GET",
      "RequestBody": "",
      "RequestHeaders": {
        "User-Agent": [
          "Microsoft.Azure.Management.Sql.SqlManagementClient/0.9.0.0"
        ],
        "x-ms-client-request-id": [
          "1b6f12b9-e99c-4258-a12e-a89f9248f537"
        ]
      },
      "ResponseBody": "{\r\n  \"id\": \"/subscriptions/cca24ec8-99b5-4aa7-9ff6-486e886f304c/resourceGroups/sql-audit-cmdlet-test-rg6004/providers/Microsoft.Sql/servers/sql-audit-cmdlet-server6004\",\r\n  \"name\": \"sql-audit-cmdlet-server6004\",\r\n  \"type\": \"Microsoft.Sql/servers\",\r\n  \"location\": \"Japan East\",\r\n  \"kind\": \"v12.0\",\r\n  \"properties\": {\r\n    \"fullyQualifiedDomainName\": \"sql-audit-cmdlet-server6004.database.windows.net\",\r\n    \"administratorLogin\": \"audittestusername\",\r\n    \"administratorLoginPassword\": null,\r\n    \"externalAdministratorLogin\": null,\r\n    \"externalAdministratorSid\": null,\r\n    \"version\": \"12.0\",\r\n    \"state\": \"Ready\"\r\n  }\r\n}",
      "ResponseHeaders": {
        "Content-Length": [
          "538"
        ],
        "Content-Type": [
          "application/json; odata=minimalmetadata; streaming=true; charset=utf-8"
        ],
        "x-ms-request-id": [
          "29f08f9a-3f43-4319-8eb9-ba847b3dd858"
        ],
        "X-Content-Type-Options": [
          "nosniff"
        ],
        "DataServiceVersion": [
          "3.0;"
        ],
        "x-ms-ratelimit-remaining-subscription-reads": [
          "12020"
        ],
        "x-ms-correlation-request-id": [
          "de59ab15-bb3f-4e7e-893c-ce634f998cb5"
        ],
        "x-ms-routing-request-id": [
          "WESTEUROPE:20160823T131204Z:de59ab15-bb3f-4e7e-893c-ce634f998cb5"
        ],
        "Strict-Transport-Security": [
          "max-age=31536000; includeSubDomains"
        ],
        "Cache-Control": [
          "no-store, no-cache"
        ],
        "Date": [
          "Tue, 23 Aug 2016 13:12:03 GMT"
        ],
        "Server": [
          "Microsoft-HTTPAPI/2.0"
        ]
      },
      "StatusCode": 200
    },
    {
      "RequestUri": "/subscriptions/cca24ec8-99b5-4aa7-9ff6-486e886f304c/resourceGroups/sql-audit-cmdlet-test-rg6004/providers/Microsoft.Sql/servers/sql-audit-cmdlet-server6004?api-version=2014-04-01",
      "EncodedRequestUri": "L3N1YnNjcmlwdGlvbnMvY2NhMjRlYzgtOTliNS00YWE3LTlmZjYtNDg2ZTg4NmYzMDRjL3Jlc291cmNlR3JvdXBzL3NxbC1hdWRpdC1jbWRsZXQtdGVzdC1yZzYwMDQvcHJvdmlkZXJzL01pY3Jvc29mdC5TcWwvc2VydmVycy9zcWwtYXVkaXQtY21kbGV0LXNlcnZlcjYwMDQ/YXBpLXZlcnNpb249MjAxNC0wNC0wMQ==",
      "RequestMethod": "GET",
      "RequestBody": "",
      "RequestHeaders": {
        "User-Agent": [
          "Microsoft.Azure.Management.Sql.SqlManagementClient/0.9.0.0"
        ],
        "x-ms-client-request-id": [
          "1b6f12b9-e99c-4258-a12e-a89f9248f537"
        ]
      },
      "ResponseBody": "{\r\n  \"id\": \"/subscriptions/cca24ec8-99b5-4aa7-9ff6-486e886f304c/resourceGroups/sql-audit-cmdlet-test-rg6004/providers/Microsoft.Sql/servers/sql-audit-cmdlet-server6004\",\r\n  \"name\": \"sql-audit-cmdlet-server6004\",\r\n  \"type\": \"Microsoft.Sql/servers\",\r\n  \"location\": \"Japan East\",\r\n  \"kind\": \"v12.0\",\r\n  \"properties\": {\r\n    \"fullyQualifiedDomainName\": \"sql-audit-cmdlet-server6004.database.windows.net\",\r\n    \"administratorLogin\": \"audittestusername\",\r\n    \"administratorLoginPassword\": null,\r\n    \"externalAdministratorLogin\": null,\r\n    \"externalAdministratorSid\": null,\r\n    \"version\": \"12.0\",\r\n    \"state\": \"Ready\"\r\n  }\r\n}",
      "ResponseHeaders": {
        "Content-Length": [
          "538"
        ],
        "Content-Type": [
          "application/json; odata=minimalmetadata; streaming=true; charset=utf-8"
        ],
        "x-ms-request-id": [
          "5d4eea5a-0e4a-4806-b219-09f94f2cbcf8"
        ],
        "X-Content-Type-Options": [
          "nosniff"
        ],
        "DataServiceVersion": [
          "3.0;"
        ],
        "x-ms-ratelimit-remaining-subscription-reads": [
          "12018"
        ],
        "x-ms-correlation-request-id": [
          "32aeb468-a817-48d3-b04d-8121748fd08d"
        ],
        "x-ms-routing-request-id": [
          "WESTEUROPE:20160823T131206Z:32aeb468-a817-48d3-b04d-8121748fd08d"
        ],
        "Strict-Transport-Security": [
          "max-age=31536000; includeSubDomains"
        ],
        "Cache-Control": [
          "no-store, no-cache"
        ],
        "Date": [
          "Tue, 23 Aug 2016 13:12:05 GMT"
        ],
        "Server": [
          "Microsoft-HTTPAPI/2.0"
        ]
      },
      "StatusCode": 200
    },
    {
      "RequestUri": "/subscriptions/cca24ec8-99b5-4aa7-9ff6-486e886f304c/resourceGroups/sql-audit-cmdlet-test-rg6004/providers/Microsoft.Sql/servers/sql-audit-cmdlet-server6004?api-version=2014-04-01",
      "EncodedRequestUri": "L3N1YnNjcmlwdGlvbnMvY2NhMjRlYzgtOTliNS00YWE3LTlmZjYtNDg2ZTg4NmYzMDRjL3Jlc291cmNlR3JvdXBzL3NxbC1hdWRpdC1jbWRsZXQtdGVzdC1yZzYwMDQvcHJvdmlkZXJzL01pY3Jvc29mdC5TcWwvc2VydmVycy9zcWwtYXVkaXQtY21kbGV0LXNlcnZlcjYwMDQ/YXBpLXZlcnNpb249MjAxNC0wNC0wMQ==",
      "RequestMethod": "GET",
      "RequestBody": "",
      "RequestHeaders": {
        "User-Agent": [
          "Microsoft.Azure.Management.Sql.SqlManagementClient/0.9.0.0"
        ],
        "x-ms-client-request-id": [
          "e8b868ab-4093-4ce2-8601-bad770a233b5"
        ]
      },
      "ResponseBody": "{\r\n  \"id\": \"/subscriptions/cca24ec8-99b5-4aa7-9ff6-486e886f304c/resourceGroups/sql-audit-cmdlet-test-rg6004/providers/Microsoft.Sql/servers/sql-audit-cmdlet-server6004\",\r\n  \"name\": \"sql-audit-cmdlet-server6004\",\r\n  \"type\": \"Microsoft.Sql/servers\",\r\n  \"location\": \"Japan East\",\r\n  \"kind\": \"v12.0\",\r\n  \"properties\": {\r\n    \"fullyQualifiedDomainName\": \"sql-audit-cmdlet-server6004.database.windows.net\",\r\n    \"administratorLogin\": \"audittestusername\",\r\n    \"administratorLoginPassword\": null,\r\n    \"externalAdministratorLogin\": null,\r\n    \"externalAdministratorSid\": null,\r\n    \"version\": \"12.0\",\r\n    \"state\": \"Ready\"\r\n  }\r\n}",
      "ResponseHeaders": {
        "Content-Length": [
          "538"
        ],
        "Content-Type": [
          "application/json; odata=minimalmetadata; streaming=true; charset=utf-8"
        ],
        "x-ms-request-id": [
          "41fff540-9662-4244-a87d-55c7b81b89d7"
        ],
        "X-Content-Type-Options": [
          "nosniff"
        ],
        "DataServiceVersion": [
          "3.0;"
        ],
        "x-ms-ratelimit-remaining-subscription-reads": [
          "12012"
        ],
        "x-ms-correlation-request-id": [
          "2f9de83c-2893-4278-819b-43479fbdc29b"
        ],
        "x-ms-routing-request-id": [
          "WESTEUROPE:20160823T131210Z:2f9de83c-2893-4278-819b-43479fbdc29b"
        ],
        "Strict-Transport-Security": [
          "max-age=31536000; includeSubDomains"
        ],
        "Cache-Control": [
          "no-store, no-cache"
        ],
        "Date": [
          "Tue, 23 Aug 2016 13:12:09 GMT"
        ],
        "Server": [
          "Microsoft-HTTPAPI/2.0"
        ]
      },
      "StatusCode": 200
    },
    {
      "RequestUri": "/subscriptions/cca24ec8-99b5-4aa7-9ff6-486e886f304c/resourceGroups/sql-audit-cmdlet-test-rg6004/providers/Microsoft.Sql/servers/sql-audit-cmdlet-server6004?api-version=2014-04-01",
      "EncodedRequestUri": "L3N1YnNjcmlwdGlvbnMvY2NhMjRlYzgtOTliNS00YWE3LTlmZjYtNDg2ZTg4NmYzMDRjL3Jlc291cmNlR3JvdXBzL3NxbC1hdWRpdC1jbWRsZXQtdGVzdC1yZzYwMDQvcHJvdmlkZXJzL01pY3Jvc29mdC5TcWwvc2VydmVycy9zcWwtYXVkaXQtY21kbGV0LXNlcnZlcjYwMDQ/YXBpLXZlcnNpb249MjAxNC0wNC0wMQ==",
      "RequestMethod": "GET",
      "RequestBody": "",
      "RequestHeaders": {
        "User-Agent": [
          "Microsoft.Azure.Management.Sql.SqlManagementClient/0.9.0.0"
        ],
        "x-ms-client-request-id": [
          "b8e69d82-cfc7-4bc2-b225-3ea9481019aa"
        ]
      },
      "ResponseBody": "{\r\n  \"id\": \"/subscriptions/cca24ec8-99b5-4aa7-9ff6-486e886f304c/resourceGroups/sql-audit-cmdlet-test-rg6004/providers/Microsoft.Sql/servers/sql-audit-cmdlet-server6004\",\r\n  \"name\": \"sql-audit-cmdlet-server6004\",\r\n  \"type\": \"Microsoft.Sql/servers\",\r\n  \"location\": \"Japan East\",\r\n  \"kind\": \"v12.0\",\r\n  \"properties\": {\r\n    \"fullyQualifiedDomainName\": \"sql-audit-cmdlet-server6004.database.windows.net\",\r\n    \"administratorLogin\": \"audittestusername\",\r\n    \"administratorLoginPassword\": null,\r\n    \"externalAdministratorLogin\": null,\r\n    \"externalAdministratorSid\": null,\r\n    \"version\": \"12.0\",\r\n    \"state\": \"Ready\"\r\n  }\r\n}",
      "ResponseHeaders": {
        "Content-Length": [
          "538"
        ],
        "Content-Type": [
          "application/json; odata=minimalmetadata; streaming=true; charset=utf-8"
        ],
        "x-ms-request-id": [
          "c4d80831-602c-44bd-b4be-0aaceb22f06b"
        ],
        "X-Content-Type-Options": [
          "nosniff"
        ],
        "DataServiceVersion": [
          "3.0;"
        ],
        "x-ms-ratelimit-remaining-subscription-reads": [
          "12010"
        ],
        "x-ms-correlation-request-id": [
          "a4407d90-9fcd-4568-97ee-940cf3e32824"
        ],
        "x-ms-routing-request-id": [
          "WESTEUROPE:20160823T131212Z:a4407d90-9fcd-4568-97ee-940cf3e32824"
        ],
        "Strict-Transport-Security": [
          "max-age=31536000; includeSubDomains"
        ],
        "Cache-Control": [
          "no-store, no-cache"
        ],
        "Date": [
          "Tue, 23 Aug 2016 13:12:11 GMT"
        ],
        "Server": [
          "Microsoft-HTTPAPI/2.0"
        ]
      },
      "StatusCode": 200
    },
    {
      "RequestUri": "/subscriptions/cca24ec8-99b5-4aa7-9ff6-486e886f304c/resourceGroups/sql-audit-cmdlet-test-rg6004/providers/Microsoft.Sql/servers/sql-audit-cmdlet-server6004?api-version=2014-04-01",
      "EncodedRequestUri": "L3N1YnNjcmlwdGlvbnMvY2NhMjRlYzgtOTliNS00YWE3LTlmZjYtNDg2ZTg4NmYzMDRjL3Jlc291cmNlR3JvdXBzL3NxbC1hdWRpdC1jbWRsZXQtdGVzdC1yZzYwMDQvcHJvdmlkZXJzL01pY3Jvc29mdC5TcWwvc2VydmVycy9zcWwtYXVkaXQtY21kbGV0LXNlcnZlcjYwMDQ/YXBpLXZlcnNpb249MjAxNC0wNC0wMQ==",
      "RequestMethod": "GET",
      "RequestBody": "",
      "RequestHeaders": {
        "User-Agent": [
          "Microsoft.Azure.Management.Sql.SqlManagementClient/0.9.0.0"
        ],
        "x-ms-client-request-id": [
          "b8e69d82-cfc7-4bc2-b225-3ea9481019aa"
        ]
      },
      "ResponseBody": "{\r\n  \"id\": \"/subscriptions/cca24ec8-99b5-4aa7-9ff6-486e886f304c/resourceGroups/sql-audit-cmdlet-test-rg6004/providers/Microsoft.Sql/servers/sql-audit-cmdlet-server6004\",\r\n  \"name\": \"sql-audit-cmdlet-server6004\",\r\n  \"type\": \"Microsoft.Sql/servers\",\r\n  \"location\": \"Japan East\",\r\n  \"kind\": \"v12.0\",\r\n  \"properties\": {\r\n    \"fullyQualifiedDomainName\": \"sql-audit-cmdlet-server6004.database.windows.net\",\r\n    \"administratorLogin\": \"audittestusername\",\r\n    \"administratorLoginPassword\": null,\r\n    \"externalAdministratorLogin\": null,\r\n    \"externalAdministratorSid\": null,\r\n    \"version\": \"12.0\",\r\n    \"state\": \"Ready\"\r\n  }\r\n}",
      "ResponseHeaders": {
        "Content-Length": [
          "538"
        ],
        "Content-Type": [
          "application/json; odata=minimalmetadata; streaming=true; charset=utf-8"
        ],
        "x-ms-request-id": [
          "86e7163e-27fd-47b2-8662-88542a659dc7"
        ],
        "X-Content-Type-Options": [
          "nosniff"
        ],
        "DataServiceVersion": [
          "3.0;"
        ],
        "x-ms-ratelimit-remaining-subscription-reads": [
          "12005"
        ],
        "x-ms-correlation-request-id": [
          "5bb1fcde-b6c2-42f4-98bb-6acbe9f229a4"
        ],
        "x-ms-routing-request-id": [
          "WESTEUROPE:20160823T131214Z:5bb1fcde-b6c2-42f4-98bb-6acbe9f229a4"
        ],
        "Strict-Transport-Security": [
          "max-age=31536000; includeSubDomains"
        ],
        "Cache-Control": [
          "no-store, no-cache"
        ],
        "Date": [
          "Tue, 23 Aug 2016 13:12:13 GMT"
        ],
        "Server": [
          "Microsoft-HTTPAPI/2.0"
        ]
      },
      "StatusCode": 200
    },
    {
      "RequestUri": "/subscriptions/cca24ec8-99b5-4aa7-9ff6-486e886f304c/resourceGroups/sql-audit-cmdlet-test-rg6004/providers/Microsoft.Sql/servers/sql-audit-cmdlet-server6004?api-version=2014-04-01",
      "EncodedRequestUri": "L3N1YnNjcmlwdGlvbnMvY2NhMjRlYzgtOTliNS00YWE3LTlmZjYtNDg2ZTg4NmYzMDRjL3Jlc291cmNlR3JvdXBzL3NxbC1hdWRpdC1jbWRsZXQtdGVzdC1yZzYwMDQvcHJvdmlkZXJzL01pY3Jvc29mdC5TcWwvc2VydmVycy9zcWwtYXVkaXQtY21kbGV0LXNlcnZlcjYwMDQ/YXBpLXZlcnNpb249MjAxNC0wNC0wMQ==",
      "RequestMethod": "GET",
      "RequestBody": "",
      "RequestHeaders": {
        "User-Agent": [
          "Microsoft.Azure.Management.Sql.SqlManagementClient/0.9.0.0"
        ],
        "x-ms-client-request-id": [
          "04a5dfdb-9480-4ff7-8fc5-f6edadc8547c"
        ]
      },
      "ResponseBody": "{\r\n  \"id\": \"/subscriptions/cca24ec8-99b5-4aa7-9ff6-486e886f304c/resourceGroups/sql-audit-cmdlet-test-rg6004/providers/Microsoft.Sql/servers/sql-audit-cmdlet-server6004\",\r\n  \"name\": \"sql-audit-cmdlet-server6004\",\r\n  \"type\": \"Microsoft.Sql/servers\",\r\n  \"location\": \"Japan East\",\r\n  \"kind\": \"v12.0\",\r\n  \"properties\": {\r\n    \"fullyQualifiedDomainName\": \"sql-audit-cmdlet-server6004.database.windows.net\",\r\n    \"administratorLogin\": \"audittestusername\",\r\n    \"administratorLoginPassword\": null,\r\n    \"externalAdministratorLogin\": null,\r\n    \"externalAdministratorSid\": null,\r\n    \"version\": \"12.0\",\r\n    \"state\": \"Ready\"\r\n  }\r\n}",
      "ResponseHeaders": {
        "Content-Length": [
          "538"
        ],
        "Content-Type": [
          "application/json; odata=minimalmetadata; streaming=true; charset=utf-8"
        ],
        "x-ms-request-id": [
          "3b1b9693-3fa5-442d-9809-77b71f5c23c7"
        ],
        "X-Content-Type-Options": [
          "nosniff"
        ],
        "DataServiceVersion": [
          "3.0;"
        ],
        "x-ms-ratelimit-remaining-subscription-reads": [
          "11999"
        ],
        "x-ms-correlation-request-id": [
          "e3e66239-ed22-4a96-8a8e-736bad8cc22c"
        ],
        "x-ms-routing-request-id": [
          "WESTEUROPE:20160823T131218Z:e3e66239-ed22-4a96-8a8e-736bad8cc22c"
        ],
        "Strict-Transport-Security": [
          "max-age=31536000; includeSubDomains"
        ],
        "Cache-Control": [
          "no-store, no-cache"
        ],
        "Date": [
          "Tue, 23 Aug 2016 13:12:18 GMT"
        ],
        "Server": [
          "Microsoft-HTTPAPI/2.0"
        ]
      },
      "StatusCode": 200
    },
    {
      "RequestUri": "/subscriptions/cca24ec8-99b5-4aa7-9ff6-486e886f304c/resourceGroups/sql-audit-cmdlet-test-rg6004/providers/Microsoft.Sql/servers/sql-audit-cmdlet-server6004?api-version=2014-04-01",
      "EncodedRequestUri": "L3N1YnNjcmlwdGlvbnMvY2NhMjRlYzgtOTliNS00YWE3LTlmZjYtNDg2ZTg4NmYzMDRjL3Jlc291cmNlR3JvdXBzL3NxbC1hdWRpdC1jbWRsZXQtdGVzdC1yZzYwMDQvcHJvdmlkZXJzL01pY3Jvc29mdC5TcWwvc2VydmVycy9zcWwtYXVkaXQtY21kbGV0LXNlcnZlcjYwMDQ/YXBpLXZlcnNpb249MjAxNC0wNC0wMQ==",
      "RequestMethod": "GET",
      "RequestBody": "",
      "RequestHeaders": {
        "User-Agent": [
          "Microsoft.Azure.Management.Sql.SqlManagementClient/0.9.0.0"
        ],
        "x-ms-client-request-id": [
          "d01d3af7-38e1-46ce-9815-5bd9aca530a4"
        ]
      },
      "ResponseBody": "{\r\n  \"id\": \"/subscriptions/cca24ec8-99b5-4aa7-9ff6-486e886f304c/resourceGroups/sql-audit-cmdlet-test-rg6004/providers/Microsoft.Sql/servers/sql-audit-cmdlet-server6004\",\r\n  \"name\": \"sql-audit-cmdlet-server6004\",\r\n  \"type\": \"Microsoft.Sql/servers\",\r\n  \"location\": \"Japan East\",\r\n  \"kind\": \"v12.0\",\r\n  \"properties\": {\r\n    \"fullyQualifiedDomainName\": \"sql-audit-cmdlet-server6004.database.windows.net\",\r\n    \"administratorLogin\": \"audittestusername\",\r\n    \"administratorLoginPassword\": null,\r\n    \"externalAdministratorLogin\": null,\r\n    \"externalAdministratorSid\": null,\r\n    \"version\": \"12.0\",\r\n    \"state\": \"Ready\"\r\n  }\r\n}",
      "ResponseHeaders": {
        "Content-Length": [
          "538"
        ],
        "Content-Type": [
          "application/json; odata=minimalmetadata; streaming=true; charset=utf-8"
        ],
        "x-ms-request-id": [
          "ad8e83b1-c0e2-4c3e-a7c2-fd28c55b5c6d"
        ],
        "X-Content-Type-Options": [
          "nosniff"
        ],
        "DataServiceVersion": [
          "3.0;"
        ],
        "x-ms-ratelimit-remaining-subscription-reads": [
          "11993"
        ],
        "x-ms-correlation-request-id": [
          "40dce1d0-8752-4218-bda6-e653011a5f97"
        ],
        "x-ms-routing-request-id": [
          "WESTEUROPE:20160823T131219Z:40dce1d0-8752-4218-bda6-e653011a5f97"
        ],
        "Strict-Transport-Security": [
          "max-age=31536000; includeSubDomains"
        ],
        "Cache-Control": [
          "no-store, no-cache"
        ],
        "Date": [
          "Tue, 23 Aug 2016 13:12:19 GMT"
        ],
        "Server": [
          "Microsoft-HTTPAPI/2.0"
        ]
      },
      "StatusCode": 200
    },
    {
      "RequestUri": "/subscriptions/cca24ec8-99b5-4aa7-9ff6-486e886f304c/resourceGroups/sql-audit-cmdlet-test-rg6004/providers/Microsoft.Sql/servers/sql-audit-cmdlet-server6004?api-version=2014-04-01",
      "EncodedRequestUri": "L3N1YnNjcmlwdGlvbnMvY2NhMjRlYzgtOTliNS00YWE3LTlmZjYtNDg2ZTg4NmYzMDRjL3Jlc291cmNlR3JvdXBzL3NxbC1hdWRpdC1jbWRsZXQtdGVzdC1yZzYwMDQvcHJvdmlkZXJzL01pY3Jvc29mdC5TcWwvc2VydmVycy9zcWwtYXVkaXQtY21kbGV0LXNlcnZlcjYwMDQ/YXBpLXZlcnNpb249MjAxNC0wNC0wMQ==",
      "RequestMethod": "GET",
      "RequestBody": "",
      "RequestHeaders": {
        "User-Agent": [
          "Microsoft.Azure.Management.Sql.SqlManagementClient/0.9.0.0"
        ],
        "x-ms-client-request-id": [
          "5a3e8f06-6168-45bc-96ac-cb5b420c9669"
        ]
      },
      "ResponseBody": "{\r\n  \"id\": \"/subscriptions/cca24ec8-99b5-4aa7-9ff6-486e886f304c/resourceGroups/sql-audit-cmdlet-test-rg6004/providers/Microsoft.Sql/servers/sql-audit-cmdlet-server6004\",\r\n  \"name\": \"sql-audit-cmdlet-server6004\",\r\n  \"type\": \"Microsoft.Sql/servers\",\r\n  \"location\": \"Japan East\",\r\n  \"kind\": \"v12.0\",\r\n  \"properties\": {\r\n    \"fullyQualifiedDomainName\": \"sql-audit-cmdlet-server6004.database.windows.net\",\r\n    \"administratorLogin\": \"audittestusername\",\r\n    \"administratorLoginPassword\": null,\r\n    \"externalAdministratorLogin\": null,\r\n    \"externalAdministratorSid\": null,\r\n    \"version\": \"12.0\",\r\n    \"state\": \"Ready\"\r\n  }\r\n}",
      "ResponseHeaders": {
        "Content-Length": [
          "538"
        ],
        "Content-Type": [
          "application/json; odata=minimalmetadata; streaming=true; charset=utf-8"
        ],
        "x-ms-request-id": [
          "62bb5c3c-91bb-4f32-a949-c2fb3907136f"
        ],
        "X-Content-Type-Options": [
          "nosniff"
        ],
        "DataServiceVersion": [
          "3.0;"
        ],
        "x-ms-ratelimit-remaining-subscription-reads": [
          "11987"
        ],
        "x-ms-correlation-request-id": [
          "2241c26c-41ff-484c-a860-ec9d8c35e0cf"
        ],
        "x-ms-routing-request-id": [
          "WESTEUROPE:20160823T131224Z:2241c26c-41ff-484c-a860-ec9d8c35e0cf"
        ],
        "Strict-Transport-Security": [
          "max-age=31536000; includeSubDomains"
        ],
        "Cache-Control": [
          "no-store, no-cache"
        ],
        "Date": [
          "Tue, 23 Aug 2016 13:12:24 GMT"
        ],
        "Server": [
          "Microsoft-HTTPAPI/2.0"
        ]
      },
      "StatusCode": 200
    },
    {
      "RequestUri": "/subscriptions/cca24ec8-99b5-4aa7-9ff6-486e886f304c/resourceGroups/sql-audit-cmdlet-test-rg6004/providers/Microsoft.Sql/servers/sql-audit-cmdlet-server6004?api-version=2014-04-01",
      "EncodedRequestUri": "L3N1YnNjcmlwdGlvbnMvY2NhMjRlYzgtOTliNS00YWE3LTlmZjYtNDg2ZTg4NmYzMDRjL3Jlc291cmNlR3JvdXBzL3NxbC1hdWRpdC1jbWRsZXQtdGVzdC1yZzYwMDQvcHJvdmlkZXJzL01pY3Jvc29mdC5TcWwvc2VydmVycy9zcWwtYXVkaXQtY21kbGV0LXNlcnZlcjYwMDQ/YXBpLXZlcnNpb249MjAxNC0wNC0wMQ==",
      "RequestMethod": "GET",
      "RequestBody": "",
      "RequestHeaders": {
        "User-Agent": [
          "Microsoft.Azure.Management.Sql.SqlManagementClient/0.9.0.0"
        ],
        "x-ms-client-request-id": [
          "95172a91-461c-4447-9721-e767c921e8ca"
        ]
      },
      "ResponseBody": "{\r\n  \"id\": \"/subscriptions/cca24ec8-99b5-4aa7-9ff6-486e886f304c/resourceGroups/sql-audit-cmdlet-test-rg6004/providers/Microsoft.Sql/servers/sql-audit-cmdlet-server6004\",\r\n  \"name\": \"sql-audit-cmdlet-server6004\",\r\n  \"type\": \"Microsoft.Sql/servers\",\r\n  \"location\": \"Japan East\",\r\n  \"kind\": \"v12.0\",\r\n  \"properties\": {\r\n    \"fullyQualifiedDomainName\": \"sql-audit-cmdlet-server6004.database.windows.net\",\r\n    \"administratorLogin\": \"audittestusername\",\r\n    \"administratorLoginPassword\": null,\r\n    \"externalAdministratorLogin\": null,\r\n    \"externalAdministratorSid\": null,\r\n    \"version\": \"12.0\",\r\n    \"state\": \"Ready\"\r\n  }\r\n}",
      "ResponseHeaders": {
        "Content-Length": [
          "538"
        ],
        "Content-Type": [
          "application/json; odata=minimalmetadata; streaming=true; charset=utf-8"
        ],
        "x-ms-request-id": [
          "719db2c4-4c69-4aa4-8130-cb0176d34834"
        ],
        "X-Content-Type-Options": [
          "nosniff"
        ],
        "DataServiceVersion": [
          "3.0;"
        ],
        "x-ms-ratelimit-remaining-subscription-reads": [
          "11983"
        ],
        "x-ms-correlation-request-id": [
          "20aea1e9-826d-4ff1-8055-3756dbd77241"
        ],
        "x-ms-routing-request-id": [
          "WESTEUROPE:20160823T131226Z:20aea1e9-826d-4ff1-8055-3756dbd77241"
        ],
        "Strict-Transport-Security": [
          "max-age=31536000; includeSubDomains"
        ],
        "Cache-Control": [
          "no-store, no-cache"
        ],
        "Date": [
          "Tue, 23 Aug 2016 13:12:26 GMT"
        ],
        "Server": [
          "Microsoft-HTTPAPI/2.0"
        ]
      },
      "StatusCode": 200
    },
    {
      "RequestUri": "/subscriptions/cca24ec8-99b5-4aa7-9ff6-486e886f304c/resourceGroups/sql-audit-cmdlet-test-rg6004/providers/Microsoft.Sql/servers/sql-audit-cmdlet-server6004?api-version=2014-04-01",
      "EncodedRequestUri": "L3N1YnNjcmlwdGlvbnMvY2NhMjRlYzgtOTliNS00YWE3LTlmZjYtNDg2ZTg4NmYzMDRjL3Jlc291cmNlR3JvdXBzL3NxbC1hdWRpdC1jbWRsZXQtdGVzdC1yZzYwMDQvcHJvdmlkZXJzL01pY3Jvc29mdC5TcWwvc2VydmVycy9zcWwtYXVkaXQtY21kbGV0LXNlcnZlcjYwMDQ/YXBpLXZlcnNpb249MjAxNC0wNC0wMQ==",
      "RequestMethod": "GET",
      "RequestBody": "",
      "RequestHeaders": {
        "User-Agent": [
          "Microsoft.Azure.Management.Sql.SqlManagementClient/0.9.0.0"
        ],
        "x-ms-client-request-id": [
          "95172a91-461c-4447-9721-e767c921e8ca"
        ]
      },
      "ResponseBody": "{\r\n  \"id\": \"/subscriptions/cca24ec8-99b5-4aa7-9ff6-486e886f304c/resourceGroups/sql-audit-cmdlet-test-rg6004/providers/Microsoft.Sql/servers/sql-audit-cmdlet-server6004\",\r\n  \"name\": \"sql-audit-cmdlet-server6004\",\r\n  \"type\": \"Microsoft.Sql/servers\",\r\n  \"location\": \"Japan East\",\r\n  \"kind\": \"v12.0\",\r\n  \"properties\": {\r\n    \"fullyQualifiedDomainName\": \"sql-audit-cmdlet-server6004.database.windows.net\",\r\n    \"administratorLogin\": \"audittestusername\",\r\n    \"administratorLoginPassword\": null,\r\n    \"externalAdministratorLogin\": null,\r\n    \"externalAdministratorSid\": null,\r\n    \"version\": \"12.0\",\r\n    \"state\": \"Ready\"\r\n  }\r\n}",
      "ResponseHeaders": {
        "Content-Length": [
          "538"
        ],
        "Content-Type": [
          "application/json; odata=minimalmetadata; streaming=true; charset=utf-8"
        ],
        "x-ms-request-id": [
          "25bf3bef-d09c-4746-9851-1bbc1655dc46"
        ],
        "X-Content-Type-Options": [
          "nosniff"
        ],
        "DataServiceVersion": [
          "3.0;"
        ],
        "x-ms-ratelimit-remaining-subscription-reads": [
          "11978"
        ],
        "x-ms-correlation-request-id": [
          "7d51414d-ea52-4e05-9932-e1ea512d3400"
        ],
        "x-ms-routing-request-id": [
          "WESTEUROPE:20160823T131228Z:7d51414d-ea52-4e05-9932-e1ea512d3400"
        ],
        "Strict-Transport-Security": [
          "max-age=31536000; includeSubDomains"
        ],
        "Cache-Control": [
          "no-store, no-cache"
        ],
        "Date": [
          "Tue, 23 Aug 2016 13:12:28 GMT"
        ],
        "Server": [
          "Microsoft-HTTPAPI/2.0"
        ]
      },
      "StatusCode": 200
    },
    {
      "RequestUri": "/subscriptions/cca24ec8-99b5-4aa7-9ff6-486e886f304c/resourceGroups/sql-audit-cmdlet-test-rg6004/providers/Microsoft.Sql/servers/sql-audit-cmdlet-server6004?api-version=2014-04-01",
      "EncodedRequestUri": "L3N1YnNjcmlwdGlvbnMvY2NhMjRlYzgtOTliNS00YWE3LTlmZjYtNDg2ZTg4NmYzMDRjL3Jlc291cmNlR3JvdXBzL3NxbC1hdWRpdC1jbWRsZXQtdGVzdC1yZzYwMDQvcHJvdmlkZXJzL01pY3Jvc29mdC5TcWwvc2VydmVycy9zcWwtYXVkaXQtY21kbGV0LXNlcnZlcjYwMDQ/YXBpLXZlcnNpb249MjAxNC0wNC0wMQ==",
      "RequestMethod": "GET",
      "RequestBody": "",
      "RequestHeaders": {
        "User-Agent": [
          "Microsoft.Azure.Management.Sql.SqlManagementClient/0.9.0.0"
        ],
        "x-ms-client-request-id": [
          "1df820f0-5522-4759-ba64-84752e607d65"
        ]
      },
      "ResponseBody": "{\r\n  \"id\": \"/subscriptions/cca24ec8-99b5-4aa7-9ff6-486e886f304c/resourceGroups/sql-audit-cmdlet-test-rg6004/providers/Microsoft.Sql/servers/sql-audit-cmdlet-server6004\",\r\n  \"name\": \"sql-audit-cmdlet-server6004\",\r\n  \"type\": \"Microsoft.Sql/servers\",\r\n  \"location\": \"Japan East\",\r\n  \"kind\": \"v12.0\",\r\n  \"properties\": {\r\n    \"fullyQualifiedDomainName\": \"sql-audit-cmdlet-server6004.database.windows.net\",\r\n    \"administratorLogin\": \"audittestusername\",\r\n    \"administratorLoginPassword\": null,\r\n    \"externalAdministratorLogin\": null,\r\n    \"externalAdministratorSid\": null,\r\n    \"version\": \"12.0\",\r\n    \"state\": \"Ready\"\r\n  }\r\n}",
      "ResponseHeaders": {
        "Content-Length": [
          "538"
        ],
        "Content-Type": [
          "application/json; odata=minimalmetadata; streaming=true; charset=utf-8"
        ],
        "x-ms-request-id": [
          "e6005dcc-a61b-4d97-83f2-a35804467a14"
        ],
        "X-Content-Type-Options": [
          "nosniff"
        ],
        "DataServiceVersion": [
          "3.0;"
        ],
        "x-ms-ratelimit-remaining-subscription-reads": [
          "11975"
        ],
        "x-ms-correlation-request-id": [
          "e76e4892-bc3f-4ae8-95a4-82262d6bba4b"
        ],
        "x-ms-routing-request-id": [
          "WESTEUROPE:20160823T131232Z:e76e4892-bc3f-4ae8-95a4-82262d6bba4b"
        ],
        "Strict-Transport-Security": [
          "max-age=31536000; includeSubDomains"
        ],
        "Cache-Control": [
          "no-store, no-cache"
        ],
        "Date": [
          "Tue, 23 Aug 2016 13:12:32 GMT"
        ],
        "Server": [
          "Microsoft-HTTPAPI/2.0"
        ]
      },
      "StatusCode": 200
    },
    {
      "RequestUri": "/subscriptions/cca24ec8-99b5-4aa7-9ff6-486e886f304c/resourceGroups/sql-audit-cmdlet-test-rg6004/providers/Microsoft.Sql/servers/sql-audit-cmdlet-server6004?api-version=2014-04-01",
      "EncodedRequestUri": "L3N1YnNjcmlwdGlvbnMvY2NhMjRlYzgtOTliNS00YWE3LTlmZjYtNDg2ZTg4NmYzMDRjL3Jlc291cmNlR3JvdXBzL3NxbC1hdWRpdC1jbWRsZXQtdGVzdC1yZzYwMDQvcHJvdmlkZXJzL01pY3Jvc29mdC5TcWwvc2VydmVycy9zcWwtYXVkaXQtY21kbGV0LXNlcnZlcjYwMDQ/YXBpLXZlcnNpb249MjAxNC0wNC0wMQ==",
      "RequestMethod": "PUT",
      "RequestBody": "{\r\n  \"properties\": {\r\n    \"version\": \"12.0\",\r\n    \"administratorLogin\": \"audittestusername\",\r\n    \"administratorLoginPassword\": \"t357ingP@s5w0rd!Audit\"\r\n  },\r\n  \"location\": \"Japan East\"\r\n}",
      "RequestHeaders": {
        "Content-Type": [
          "application/json; charset=utf-8"
        ],
        "Content-Length": [
          "188"
        ],
        "User-Agent": [
          "Microsoft.Azure.Management.Sql.SqlManagementClient/0.9.0.0"
        ],
        "x-ms-client-request-id": [
          "fb67eb0f-20b1-4ad3-9b5e-b87ad2dea424"
        ]
      },
      "ResponseBody": "{\r\n  \"id\": \"/subscriptions/cca24ec8-99b5-4aa7-9ff6-486e886f304c/resourceGroups/sql-audit-cmdlet-test-rg6004/providers/Microsoft.Sql/servers/sql-audit-cmdlet-server6004\",\r\n  \"name\": \"sql-audit-cmdlet-server6004\",\r\n  \"type\": \"Microsoft.Sql/servers\",\r\n  \"location\": \"Japan East\",\r\n  \"kind\": \"v12.0\",\r\n  \"properties\": {\r\n    \"fullyQualifiedDomainName\": \"sql-audit-cmdlet-server6004.database.windows.net\",\r\n    \"administratorLogin\": \"audittestusername\",\r\n    \"administratorLoginPassword\": \"t357ingP@s5w0rd!Audit\",\r\n    \"externalAdministratorLogin\": null,\r\n    \"externalAdministratorSid\": null,\r\n    \"version\": \"12.0\",\r\n    \"state\": \"Ready\"\r\n  }\r\n}",
      "ResponseHeaders": {
        "Content-Length": [
          "557"
        ],
        "Content-Type": [
          "application/json; odata=minimalmetadata; streaming=true; charset=utf-8"
        ],
        "x-ms-request-id": [
          "76528bab-1fa3-4c3b-b7e2-6b08908c95d2"
        ],
        "X-Content-Type-Options": [
          "nosniff"
        ],
        "Preference-Applied": [
          "return-content"
        ],
        "DataServiceVersion": [
          "3.0;"
        ],
        "x-ms-ratelimit-remaining-subscription-writes": [
          "1197"
        ],
        "x-ms-correlation-request-id": [
          "be3eebf6-9465-47c0-96bb-27796fddb576"
        ],
        "x-ms-routing-request-id": [
          "WESTEUROPE:20160823T131119Z:be3eebf6-9465-47c0-96bb-27796fddb576"
        ],
        "Strict-Transport-Security": [
          "max-age=31536000; includeSubDomains"
        ],
        "Cache-Control": [
          "no-store, no-cache"
        ],
        "Date": [
          "Tue, 23 Aug 2016 13:11:18 GMT"
        ],
        "Server": [
          "Microsoft-HTTPAPI/2.0"
        ]
      },
      "StatusCode": 201
    },
    {
      "RequestUri": "/subscriptions/cca24ec8-99b5-4aa7-9ff6-486e886f304c/resourceGroups/sql-audit-cmdlet-test-rg6004/providers/Microsoft.Sql/servers/sql-audit-cmdlet-server6004/databases/sql-audit-cmdlet-db6004?api-version=2014-04-01",
      "EncodedRequestUri": "L3N1YnNjcmlwdGlvbnMvY2NhMjRlYzgtOTliNS00YWE3LTlmZjYtNDg2ZTg4NmYzMDRjL3Jlc291cmNlR3JvdXBzL3NxbC1hdWRpdC1jbWRsZXQtdGVzdC1yZzYwMDQvcHJvdmlkZXJzL01pY3Jvc29mdC5TcWwvc2VydmVycy9zcWwtYXVkaXQtY21kbGV0LXNlcnZlcjYwMDQvZGF0YWJhc2VzL3NxbC1hdWRpdC1jbWRsZXQtZGI2MDA0P2FwaS12ZXJzaW9uPTIwMTQtMDQtMDE=",
      "RequestMethod": "GET",
      "RequestBody": "",
      "RequestHeaders": {
        "User-Agent": [
          "Microsoft.Azure.Management.Sql.SqlManagementClient/0.9.0.0"
        ],
        "x-ms-client-request-id": [
          "cf280b2b-ce03-447d-a70a-537e3413e417"
        ]
      },
      "ResponseBody": "{\r\n  \"error\": {\r\n    \"code\": \"ResourceNotFound\",\r\n    \"message\": \"The Resource 'Microsoft.Sql/servers/sql-audit-cmdlet-server6004/databases/sql-audit-cmdlet-db6004' under resource group 'sql-audit-cmdlet-test-rg6004' was not found.\"\r\n  }\r\n}",
      "ResponseHeaders": {
        "Content-Length": [
          "215"
        ],
        "Content-Type": [
          "application/json; charset=utf-8"
        ],
        "Expires": [
          "-1"
        ],
        "Pragma": [
          "no-cache"
        ],
        "x-ms-failure-cause": [
          "gateway"
        ],
        "x-ms-request-id": [
          "791e4141-8257-49e0-b9c2-62657f433813"
        ],
        "x-ms-correlation-request-id": [
          "791e4141-8257-49e0-b9c2-62657f433813"
        ],
        "x-ms-routing-request-id": [
          "WESTEUROPE:20160823T131119Z:791e4141-8257-49e0-b9c2-62657f433813"
        ],
        "Strict-Transport-Security": [
          "max-age=31536000; includeSubDomains"
        ],
        "Cache-Control": [
          "no-cache"
        ],
        "Date": [
          "Tue, 23 Aug 2016 13:11:19 GMT"
        ]
      },
      "StatusCode": 404
    },
    {
      "RequestUri": "/subscriptions/cca24ec8-99b5-4aa7-9ff6-486e886f304c/resourceGroups/sql-audit-cmdlet-test-rg6004/providers/Microsoft.Sql/servers/sql-audit-cmdlet-server6004/databases/sql-audit-cmdlet-db6004?api-version=2014-04-01",
      "EncodedRequestUri": "L3N1YnNjcmlwdGlvbnMvY2NhMjRlYzgtOTliNS00YWE3LTlmZjYtNDg2ZTg4NmYzMDRjL3Jlc291cmNlR3JvdXBzL3NxbC1hdWRpdC1jbWRsZXQtdGVzdC1yZzYwMDQvcHJvdmlkZXJzL01pY3Jvc29mdC5TcWwvc2VydmVycy9zcWwtYXVkaXQtY21kbGV0LXNlcnZlcjYwMDQvZGF0YWJhc2VzL3NxbC1hdWRpdC1jbWRsZXQtZGI2MDA0P2FwaS12ZXJzaW9uPTIwMTQtMDQtMDE=",
      "RequestMethod": "GET",
      "RequestBody": "",
      "RequestHeaders": {
        "User-Agent": [
          "Microsoft.Azure.Management.Sql.SqlManagementClient/0.9.0.0"
        ],
        "x-ms-client-request-id": [
          "79f67442-6503-4f73-b392-c23f39c29397"
        ]
      },
      "ResponseBody": "{\r\n  \"tags\": {},\r\n  \"id\": \"/subscriptions/cca24ec8-99b5-4aa7-9ff6-486e886f304c/resourceGroups/sql-audit-cmdlet-test-rg6004/providers/Microsoft.Sql/servers/sql-audit-cmdlet-server6004/databases/sql-audit-cmdlet-db6004\",\r\n  \"name\": \"sql-audit-cmdlet-db6004\",\r\n  \"type\": \"Microsoft.Sql/servers/databases\",\r\n  \"location\": \"Japan East\",\r\n  \"kind\": \"v12.0,user\",\r\n  \"properties\": {\r\n    \"databaseId\": \"501110e5-c8b9-4e51-90dc-5954e123c9c1\",\r\n    \"edition\": \"Basic\",\r\n    \"status\": \"Online\",\r\n    \"serviceLevelObjective\": \"Basic\",\r\n    \"collation\": \"SQL_Latin1_General_CP1_CI_AS\",\r\n    \"maxSizeBytes\": \"2147483648\",\r\n    \"creationDate\": \"2016-08-23T13:11:21.51Z\",\r\n    \"currentServiceObjectiveId\": \"dd6d99bb-f193-4ec1-86f2-43d3bccbc49c\",\r\n    \"requestedServiceObjectiveId\": \"dd6d99bb-f193-4ec1-86f2-43d3bccbc49c\",\r\n    \"requestedServiceObjectiveName\": \"Basic\",\r\n    \"defaultSecondaryLocation\": \"Japan West\",\r\n    \"earliestRestoreDate\": \"2016-08-23T13:21:50.137Z\",\r\n    \"elasticPoolName\": null,\r\n    \"containmentState\": 2\r\n  }\r\n}",
      "ResponseHeaders": {
        "Content-Length": [
          "882"
        ],
        "Content-Type": [
          "application/json; odata=minimalmetadata; streaming=true; charset=utf-8"
        ],
        "x-ms-request-id": [
          "c292f797-7e4e-43bb-84b7-356d7d2208f0"
        ],
        "X-Content-Type-Options": [
          "nosniff"
        ],
        "DataServiceVersion": [
          "3.0;"
        ],
        "Strict-Transport-Security": [
          "max-age=31536000; includeSubDomains"
        ],
        "x-ms-ratelimit-remaining-subscription-reads": [
          "12028"
        ],
        "x-ms-correlation-request-id": [
          "aed38f9f-ef8f-4c77-8020-9c30534db6a9"
        ],
        "x-ms-routing-request-id": [
          "WESTEUROPE:20160823T131159Z:aed38f9f-ef8f-4c77-8020-9c30534db6a9"
        ],
        "Cache-Control": [
          "no-store, no-cache"
        ],
        "Date": [
          "Tue, 23 Aug 2016 13:11:58 GMT"
        ],
        "Server": [
          "Microsoft-HTTPAPI/2.0"
        ]
      },
      "StatusCode": 200
    },
    {
      "RequestUri": "/subscriptions/cca24ec8-99b5-4aa7-9ff6-486e886f304c/resourceGroups/sql-audit-cmdlet-test-rg6004/providers/Microsoft.Sql/servers/sql-audit-cmdlet-server6004/databases/sql-audit-cmdlet-db6004?api-version=2014-04-01",
      "EncodedRequestUri": "L3N1YnNjcmlwdGlvbnMvY2NhMjRlYzgtOTliNS00YWE3LTlmZjYtNDg2ZTg4NmYzMDRjL3Jlc291cmNlR3JvdXBzL3NxbC1hdWRpdC1jbWRsZXQtdGVzdC1yZzYwMDQvcHJvdmlkZXJzL01pY3Jvc29mdC5TcWwvc2VydmVycy9zcWwtYXVkaXQtY21kbGV0LXNlcnZlcjYwMDQvZGF0YWJhc2VzL3NxbC1hdWRpdC1jbWRsZXQtZGI2MDA0P2FwaS12ZXJzaW9uPTIwMTQtMDQtMDE=",
      "RequestMethod": "PUT",
      "RequestBody": "{\r\n  \"properties\": {\r\n    \"edition\": \"Basic\",\r\n    \"maxSizeBytes\": \"0\"\r\n  },\r\n  \"location\": \"Japan East\",\r\n  \"tags\": {}\r\n}",
      "RequestHeaders": {
        "Content-Type": [
          "application/json; charset=utf-8"
        ],
        "Content-Length": [
          "122"
        ],
        "User-Agent": [
          "Microsoft.Azure.Management.Sql.SqlManagementClient/0.9.0.0"
        ],
        "x-ms-client-request-id": [
          "affb3af5-6bfa-48c0-9e12-cff7a9939815"
        ]
      },
      "ResponseBody": "{\r\n  \"operation\": \"CreateLogicalDatabase\",\r\n  \"startTime\": \"2016-08-23T16:11:21.229+03:00\"\r\n}",
      "ResponseHeaders": {
        "Content-Length": [
          "80"
        ],
        "Content-Type": [
          "application/json; odata=minimalmetadata; streaming=true; charset=utf-8"
        ],
        "Retry-After": [
          "30"
        ],
        "x-ms-request-id": [
          "fb8f0e07-f501-4859-b561-16cc080298f8"
        ],
        "X-Content-Type-Options": [
          "nosniff"
        ],
        "Preference-Applied": [
          "return-content"
        ],
        "DataServiceVersion": [
          "3.0;"
        ],
        "Strict-Transport-Security": [
          "max-age=31536000; includeSubDomains"
        ],
        "Azure-AsyncOperation": [
          "https://management.azure.com/subscriptions/cca24ec8-99b5-4aa7-9ff6-486e886f304c/resourceGroups/sql-audit-cmdlet-test-rg6004/providers/Microsoft.Sql/servers/sql-audit-cmdlet-server6004/databases/sql-audit-cmdlet-db6004/azureAsyncOperation/fb8f0e07-f501-4859-b561-16cc080298f8?api-version=2014-04-01-Preview"
        ],
        "x-ms-ratelimit-remaining-subscription-writes": [
          "1196"
        ],
        "x-ms-correlation-request-id": [
          "b51b7f05-72fa-42e4-96ad-091a58b3b346"
        ],
        "x-ms-routing-request-id": [
          "WESTEUROPE:20160823T131122Z:b51b7f05-72fa-42e4-96ad-091a58b3b346"
        ],
        "Cache-Control": [
          "no-store, no-cache"
        ],
        "Date": [
          "Tue, 23 Aug 2016 13:11:22 GMT"
        ],
        "Location": [
          "https://management.azure.com/subscriptions/cca24ec8-99b5-4aa7-9ff6-486e886f304c/resourceGroups/sql-audit-cmdlet-test-rg6004/providers/Microsoft.Sql/servers/sql-audit-cmdlet-server6004/databases/sql-audit-cmdlet-db6004/operationResults/fb8f0e07-f501-4859-b561-16cc080298f8?api-version=2014-04-01-Preview"
        ],
        "Server": [
          "Microsoft-HTTPAPI/2.0"
        ]
      },
      "StatusCode": 202
    },
    {
      "RequestUri": "/subscriptions/cca24ec8-99b5-4aa7-9ff6-486e886f304c/resourceGroups/sql-audit-cmdlet-test-rg6004/providers/Microsoft.Sql/servers/sql-audit-cmdlet-server6004/databases/sql-audit-cmdlet-db6004/operationResults/fb8f0e07-f501-4859-b561-16cc080298f8?api-version=2014-04-01-Preview",
      "EncodedRequestUri": "L3N1YnNjcmlwdGlvbnMvY2NhMjRlYzgtOTliNS00YWE3LTlmZjYtNDg2ZTg4NmYzMDRjL3Jlc291cmNlR3JvdXBzL3NxbC1hdWRpdC1jbWRsZXQtdGVzdC1yZzYwMDQvcHJvdmlkZXJzL01pY3Jvc29mdC5TcWwvc2VydmVycy9zcWwtYXVkaXQtY21kbGV0LXNlcnZlcjYwMDQvZGF0YWJhc2VzL3NxbC1hdWRpdC1jbWRsZXQtZGI2MDA0L29wZXJhdGlvblJlc3VsdHMvZmI4ZjBlMDctZjUwMS00ODU5LWI1NjEtMTZjYzA4MDI5OGY4P2FwaS12ZXJzaW9uPTIwMTQtMDQtMDEtUHJldmlldw==",
      "RequestMethod": "GET",
      "RequestBody": "",
      "RequestHeaders": {
        "User-Agent": [
          "Microsoft.Azure.Management.Sql.SqlManagementClient/0.9.0.0"
        ],
        "x-ms-client-request-id": [
          "affb3af5-6bfa-48c0-9e12-cff7a9939815"
        ]
      },
      "ResponseBody": "{\r\n  \"operation\": \"CreateLogicalDatabase\",\r\n  \"startTime\": \"2016-08-23T13:11:21.213Z\"\r\n}",
      "ResponseHeaders": {
        "Content-Length": [
          "75"
        ],
        "Content-Type": [
          "application/json"
        ],
        "Retry-After": [
          "30"
        ],
        "x-ms-request-id": [
          "b7eb5c5d-2e47-47b9-932b-add27c7b5c0b"
        ],
        "X-Content-Type-Options": [
          "nosniff"
        ],
        "DataServiceVersion": [
          "3.0;"
        ],
        "Strict-Transport-Security": [
          "max-age=31536000; includeSubDomains"
        ],
        "Azure-AsyncOperation": [
          "https://management.azure.com/subscriptions/cca24ec8-99b5-4aa7-9ff6-486e886f304c/resourceGroups/sql-audit-cmdlet-test-rg6004/providers/Microsoft.Sql/servers/sql-audit-cmdlet-server6004/databases/sql-audit-cmdlet-db6004/azureAsyncOperation/fb8f0e07-f501-4859-b561-16cc080298f8?api-version=2014-04-01-Preview"
        ],
        "x-ms-ratelimit-remaining-subscription-reads": [
          "12064"
        ],
        "x-ms-correlation-request-id": [
          "b00e12ce-08b0-4ba4-90da-b776f7616969"
        ],
        "x-ms-routing-request-id": [
          "WESTEUROPE:20160823T131124Z:b00e12ce-08b0-4ba4-90da-b776f7616969"
        ],
        "Cache-Control": [
          "no-store, no-cache"
        ],
        "Date": [
          "Tue, 23 Aug 2016 13:11:24 GMT"
        ],
        "Location": [
          "https://management.azure.com/subscriptions/cca24ec8-99b5-4aa7-9ff6-486e886f304c/resourceGroups/sql-audit-cmdlet-test-rg6004/providers/Microsoft.Sql/servers/sql-audit-cmdlet-server6004/databases/sql-audit-cmdlet-db6004/operationResults/fb8f0e07-f501-4859-b561-16cc080298f8?api-version=2014-04-01-Preview"
        ],
        "Server": [
          "Microsoft-HTTPAPI/2.0"
        ]
      },
      "StatusCode": 202
    },
    {
      "RequestUri": "/subscriptions/cca24ec8-99b5-4aa7-9ff6-486e886f304c/resourceGroups/sql-audit-cmdlet-test-rg6004/providers/Microsoft.Sql/servers/sql-audit-cmdlet-server6004/databases/sql-audit-cmdlet-db6004/operationResults/fb8f0e07-f501-4859-b561-16cc080298f8?api-version=2014-04-01-Preview",
      "EncodedRequestUri": "L3N1YnNjcmlwdGlvbnMvY2NhMjRlYzgtOTliNS00YWE3LTlmZjYtNDg2ZTg4NmYzMDRjL3Jlc291cmNlR3JvdXBzL3NxbC1hdWRpdC1jbWRsZXQtdGVzdC1yZzYwMDQvcHJvdmlkZXJzL01pY3Jvc29mdC5TcWwvc2VydmVycy9zcWwtYXVkaXQtY21kbGV0LXNlcnZlcjYwMDQvZGF0YWJhc2VzL3NxbC1hdWRpdC1jbWRsZXQtZGI2MDA0L29wZXJhdGlvblJlc3VsdHMvZmI4ZjBlMDctZjUwMS00ODU5LWI1NjEtMTZjYzA4MDI5OGY4P2FwaS12ZXJzaW9uPTIwMTQtMDQtMDEtUHJldmlldw==",
      "RequestMethod": "GET",
      "RequestBody": "",
      "RequestHeaders": {
        "User-Agent": [
          "Microsoft.Azure.Management.Sql.SqlManagementClient/0.9.0.0"
        ],
        "x-ms-client-request-id": [
          "affb3af5-6bfa-48c0-9e12-cff7a9939815"
        ]
      },
      "ResponseBody": "{\r\n  \"tags\": {},\r\n  \"id\": \"/subscriptions/cca24ec8-99b5-4aa7-9ff6-486e886f304c/resourceGroups/sql-audit-cmdlet-test-rg6004/providers/Microsoft.Sql/servers/sql-audit-cmdlet-server6004/databases/sql-audit-cmdlet-db6004\",\r\n  \"name\": \"sql-audit-cmdlet-db6004\",\r\n  \"type\": \"Microsoft.Sql/servers/databases\",\r\n  \"location\": \"Japan East\",\r\n  \"kind\": \"v12.0,user\",\r\n  \"properties\": {\r\n    \"databaseId\": \"501110e5-c8b9-4e51-90dc-5954e123c9c1\",\r\n    \"edition\": \"Basic\",\r\n    \"status\": \"Online\",\r\n    \"serviceLevelObjective\": \"Basic\",\r\n    \"collation\": \"SQL_Latin1_General_CP1_CI_AS\",\r\n    \"maxSizeBytes\": \"2147483648\",\r\n    \"creationDate\": \"2016-08-23T13:11:21.51Z\",\r\n    \"currentServiceObjectiveId\": \"dd6d99bb-f193-4ec1-86f2-43d3bccbc49c\",\r\n    \"requestedServiceObjectiveId\": \"dd6d99bb-f193-4ec1-86f2-43d3bccbc49c\",\r\n    \"requestedServiceObjectiveName\": \"Basic\",\r\n    \"defaultSecondaryLocation\": \"Japan West\",\r\n    \"earliestRestoreDate\": \"2016-08-23T13:21:50.137Z\",\r\n    \"elasticPoolName\": null,\r\n    \"containmentState\": 2\r\n  }\r\n}",
      "ResponseHeaders": {
        "Content-Length": [
          "882"
        ],
        "Content-Type": [
          "application/json; odata=minimalmetadata; streaming=true; charset=utf-8"
        ],
        "x-ms-request-id": [
          "98b9f4c3-8a30-45d3-ae6a-6e98e89adfc7"
        ],
        "X-Content-Type-Options": [
          "nosniff"
        ],
        "DataServiceVersion": [
          "3.0;"
        ],
        "Strict-Transport-Security": [
          "max-age=31536000; includeSubDomains"
        ],
        "x-ms-ratelimit-remaining-subscription-reads": [
          "12036"
        ],
        "x-ms-correlation-request-id": [
          "94b4d0a6-377d-4d47-a249-0b82d479c7ed"
        ],
        "x-ms-routing-request-id": [
          "WESTEUROPE:20160823T131156Z:94b4d0a6-377d-4d47-a249-0b82d479c7ed"
        ],
        "Cache-Control": [
          "no-store, no-cache"
        ],
        "Date": [
          "Tue, 23 Aug 2016 13:11:55 GMT"
        ],
        "Server": [
          "Microsoft-HTTPAPI/2.0"
        ]
      },
      "StatusCode": 201
    },
    {
      "RequestUri": "/subscriptions/cca24ec8-99b5-4aa7-9ff6-486e886f304c/resourceGroups/sql-audit-cmdlet-test-rg6004/providers/Microsoft.Sql/servers/sql-audit-cmdlet-server6004/databases/sql-audit-cmdlet-db6004/auditingPolicies/Default?api-version=2014-04-01",
      "EncodedRequestUri": "L3N1YnNjcmlwdGlvbnMvY2NhMjRlYzgtOTliNS00YWE3LTlmZjYtNDg2ZTg4NmYzMDRjL3Jlc291cmNlR3JvdXBzL3NxbC1hdWRpdC1jbWRsZXQtdGVzdC1yZzYwMDQvcHJvdmlkZXJzL01pY3Jvc29mdC5TcWwvc2VydmVycy9zcWwtYXVkaXQtY21kbGV0LXNlcnZlcjYwMDQvZGF0YWJhc2VzL3NxbC1hdWRpdC1jbWRsZXQtZGI2MDA0L2F1ZGl0aW5nUG9saWNpZXMvRGVmYXVsdD9hcGktdmVyc2lvbj0yMDE0LTA0LTAx",
      "RequestMethod": "GET",
      "RequestBody": "",
      "RequestHeaders": {
        "User-Agent": [
          "Microsoft.Azure.Management.Sql.SqlManagementClient/0.9.0.0"
        ],
        "x-ms-client-request-id": [
          "79f67442-6503-4f73-b392-c23f39c29397"
        ]
      },
      "ResponseBody": "{\r\n  \"id\": \"/subscriptions/cca24ec8-99b5-4aa7-9ff6-486e886f304c/resourceGroups/sql-audit-cmdlet-test-rg6004/providers/Microsoft.Sql/servers/sql-audit-cmdlet-server6004/databases/sql-audit-cmdlet-db6004/auditingPolicies/Default\",\r\n  \"name\": \"Default\",\r\n  \"type\": \"Microsoft.Sql/servers/databases/auditingPolicies\",\r\n  \"location\": \"Japan East\",\r\n  \"kind\": null,\r\n  \"properties\": {\r\n    \"auditingState\": \"New\",\r\n    \"eventTypesToAudit\": \"PlainSQL_Success,PlainSQL_Failure,ParameterizedSQL_Success,ParameterizedSQL_Failure,StoredProcedure_Success,StoredProcedure_Failure,Login_Success,Login_Failure,TransactionManagement_Success,TransactionManagement_Failure\",\r\n    \"storageAccountName\": null,\r\n    \"storageAccountKey\": null,\r\n    \"storageAccountSecondaryKey\": null,\r\n    \"storageTableEndpoint\": null,\r\n    \"storageAccountResourceGroupName\": null,\r\n    \"storageAccountSubscriptionId\": null,\r\n    \"useServerDefault\": \"Enabled\",\r\n    \"fullAuditLogsTableName\": \"SQLDBAuditLogsSqlauditcmdletserver6Sqlauditcmdletdb6004\",\r\n    \"auditLogsTableName\": \"Sqlauditcmdletserver6Sqlauditcmdletdb6004\",\r\n    \"retentionDays\": \"0\"\r\n  }\r\n}",
      "ResponseHeaders": {
        "Content-Length": [
          "998"
        ],
        "Content-Type": [
          "application/json; odata=minimalmetadata; streaming=true; charset=utf-8"
        ],
        "x-ms-request-id": [
          "3462ff9b-8010-494d-a34b-cf08515eb750"
        ],
        "X-Content-Type-Options": [
          "nosniff"
        ],
        "DataServiceVersion": [
          "3.0;"
        ],
        "Strict-Transport-Security": [
          "max-age=31536000; includeSubDomains"
        ],
        "x-ms-ratelimit-remaining-subscription-reads": [
          "12034"
        ],
        "x-ms-correlation-request-id": [
          "47d6340c-e3d5-456e-9427-bcdf6184d963"
        ],
        "x-ms-routing-request-id": [
          "WESTEUROPE:20160823T131158Z:47d6340c-e3d5-456e-9427-bcdf6184d963"
        ],
        "Cache-Control": [
          "no-store, no-cache"
        ],
        "Date": [
          "Tue, 23 Aug 2016 13:11:57 GMT"
        ],
        "Server": [
          "Microsoft-HTTPAPI/2.0"
        ]
      },
      "StatusCode": 200
    },
    {
      "RequestUri": "/subscriptions/cca24ec8-99b5-4aa7-9ff6-486e886f304c/resourceGroups/sql-audit-cmdlet-test-rg6004/providers/Microsoft.Sql/servers/sql-audit-cmdlet-server6004/databases/sql-audit-cmdlet-db6004/auditingPolicies/Default?api-version=2014-04-01",
      "EncodedRequestUri": "L3N1YnNjcmlwdGlvbnMvY2NhMjRlYzgtOTliNS00YWE3LTlmZjYtNDg2ZTg4NmYzMDRjL3Jlc291cmNlR3JvdXBzL3NxbC1hdWRpdC1jbWRsZXQtdGVzdC1yZzYwMDQvcHJvdmlkZXJzL01pY3Jvc29mdC5TcWwvc2VydmVycy9zcWwtYXVkaXQtY21kbGV0LXNlcnZlcjYwMDQvZGF0YWJhc2VzL3NxbC1hdWRpdC1jbWRsZXQtZGI2MDA0L2F1ZGl0aW5nUG9saWNpZXMvRGVmYXVsdD9hcGktdmVyc2lvbj0yMDE0LTA0LTAx",
      "RequestMethod": "GET",
      "RequestBody": "",
      "RequestHeaders": {
        "User-Agent": [
          "Microsoft.Azure.Management.Sql.SqlManagementClient/0.9.0.0"
        ],
        "x-ms-client-request-id": [
          "1b6f12b9-e99c-4258-a12e-a89f9248f537"
        ]
      },
      "ResponseBody": "{\r\n  \"id\": \"/subscriptions/cca24ec8-99b5-4aa7-9ff6-486e886f304c/resourceGroups/sql-audit-cmdlet-test-rg6004/providers/Microsoft.Sql/servers/sql-audit-cmdlet-server6004/databases/sql-audit-cmdlet-db6004/auditingPolicies/Default\",\r\n  \"name\": \"Default\",\r\n  \"type\": \"Microsoft.Sql/servers/databases/auditingPolicies\",\r\n  \"location\": \"Japan East\",\r\n  \"kind\": null,\r\n  \"properties\": {\r\n    \"auditingState\": \"Enabled\",\r\n    \"eventTypesToAudit\": \"PlainSQL_Success;PlainSQL_Failure;ParameterizedSQL_Success;ParameterizedSQL_Failure;StoredProcedure_Success;StoredProcedure_Failure;Login_Success;Login_Failure;TransactionManagement_Success;TransactionManagement_Failure\",\r\n    \"storageAccountName\": \"auditcmdlets6004\",\r\n    \"storageAccountKey\": \"********\",\r\n    \"storageAccountSecondaryKey\": null,\r\n    \"storageTableEndpoint\": \"https://auditcmdlets6004.table.core.windows.net\",\r\n    \"storageAccountResourceGroupName\": \"sql-audit-cmdlet-test-rg6004\",\r\n    \"storageAccountSubscriptionId\": \"cca24ec8-99b5-4aa7-9ff6-486e886f304c\",\r\n    \"useServerDefault\": \"Disabled\",\r\n    \"fullAuditLogsTableName\": \"SQLDBAuditLogsSqlauditcmdletserver6Sqlauditcmdletdb6004\",\r\n    \"auditLogsTableName\": \"Sqlauditcmdletserver6Sqlauditcmdletdb6004\",\r\n    \"retentionDays\": \"0\"\r\n  }\r\n}",
      "ResponseHeaders": {
        "Content-Length": [
          "1128"
        ],
        "Content-Type": [
          "application/json; odata=minimalmetadata; streaming=true; charset=utf-8"
        ],
        "x-ms-request-id": [
          "c9f7f6cc-6295-496c-b639-b983a6a8d338"
        ],
        "X-Content-Type-Options": [
          "nosniff"
        ],
        "DataServiceVersion": [
          "3.0;"
        ],
        "Strict-Transport-Security": [
          "max-age=31536000; includeSubDomains"
        ],
        "x-ms-ratelimit-remaining-subscription-reads": [
          "12017"
        ],
        "x-ms-correlation-request-id": [
          "68b403d9-7090-47f0-940e-7e1c07465940"
        ],
        "x-ms-routing-request-id": [
          "WESTEUROPE:20160823T131207Z:68b403d9-7090-47f0-940e-7e1c07465940"
        ],
        "Cache-Control": [
          "no-store, no-cache"
        ],
        "Date": [
          "Tue, 23 Aug 2016 13:12:07 GMT"
        ],
        "Server": [
          "Microsoft-HTTPAPI/2.0"
        ]
      },
      "StatusCode": 200
    },
    {
      "RequestUri": "/subscriptions/cca24ec8-99b5-4aa7-9ff6-486e886f304c/resourceGroups/sql-audit-cmdlet-test-rg6004/providers/Microsoft.Sql/servers/sql-audit-cmdlet-server6004/databases/sql-audit-cmdlet-db6004/auditingPolicies/Default?api-version=2014-04-01",
      "EncodedRequestUri": "L3N1YnNjcmlwdGlvbnMvY2NhMjRlYzgtOTliNS00YWE3LTlmZjYtNDg2ZTg4NmYzMDRjL3Jlc291cmNlR3JvdXBzL3NxbC1hdWRpdC1jbWRsZXQtdGVzdC1yZzYwMDQvcHJvdmlkZXJzL01pY3Jvc29mdC5TcWwvc2VydmVycy9zcWwtYXVkaXQtY21kbGV0LXNlcnZlcjYwMDQvZGF0YWJhc2VzL3NxbC1hdWRpdC1jbWRsZXQtZGI2MDA0L2F1ZGl0aW5nUG9saWNpZXMvRGVmYXVsdD9hcGktdmVyc2lvbj0yMDE0LTA0LTAx",
      "RequestMethod": "GET",
      "RequestBody": "",
      "RequestHeaders": {
        "User-Agent": [
          "Microsoft.Azure.Management.Sql.SqlManagementClient/0.9.0.0"
        ],
        "x-ms-client-request-id": [
          "b8e69d82-cfc7-4bc2-b225-3ea9481019aa"
        ]
      },
      "ResponseBody": "{\r\n  \"id\": \"/subscriptions/cca24ec8-99b5-4aa7-9ff6-486e886f304c/resourceGroups/sql-audit-cmdlet-test-rg6004/providers/Microsoft.Sql/servers/sql-audit-cmdlet-server6004/databases/sql-audit-cmdlet-db6004/auditingPolicies/Default\",\r\n  \"name\": \"Default\",\r\n  \"type\": \"Microsoft.Sql/servers/databases/auditingPolicies\",\r\n  \"location\": \"Japan East\",\r\n  \"kind\": null,\r\n  \"properties\": {\r\n    \"auditingState\": \"Enabled\",\r\n    \"eventTypesToAudit\": \"PlainSQL_Success;PlainSQL_Failure;ParameterizedSQL_Success;ParameterizedSQL_Failure;StoredProcedure_Success;StoredProcedure_Failure;Login_Success;Login_Failure;TransactionManagement_Success;TransactionManagement_Failure\",\r\n    \"storageAccountName\": \"auditcmdlets6004\",\r\n    \"storageAccountKey\": \"********\",\r\n    \"storageAccountSecondaryKey\": null,\r\n    \"storageTableEndpoint\": \"https://auditcmdlets6004.table.core.windows.net\",\r\n    \"storageAccountResourceGroupName\": \"sql-audit-cmdlet-test-rg6004\",\r\n    \"storageAccountSubscriptionId\": \"cca24ec8-99b5-4aa7-9ff6-486e886f304c\",\r\n    \"useServerDefault\": \"Disabled\",\r\n    \"fullAuditLogsTableName\": \"SQLDBAuditLogsSqlauditcmdletserver6Sqlauditcmdletdb6004\",\r\n    \"auditLogsTableName\": \"Sqlauditcmdletserver6Sqlauditcmdletdb6004\",\r\n    \"retentionDays\": \"0\"\r\n  }\r\n}",
      "ResponseHeaders": {
        "Content-Length": [
          "1128"
        ],
        "Content-Type": [
          "application/json; odata=minimalmetadata; streaming=true; charset=utf-8"
        ],
        "x-ms-request-id": [
          "40037190-7d05-43d6-9415-9b331390a481"
        ],
        "X-Content-Type-Options": [
          "nosniff"
        ],
        "DataServiceVersion": [
          "3.0;"
        ],
        "Strict-Transport-Security": [
          "max-age=31536000; includeSubDomains"
        ],
        "x-ms-ratelimit-remaining-subscription-reads": [
          "12004"
        ],
        "x-ms-correlation-request-id": [
          "0837eb8e-4ae1-4d6f-b7af-1e9b6ef8525c"
        ],
        "x-ms-routing-request-id": [
          "WESTEUROPE:20160823T131215Z:0837eb8e-4ae1-4d6f-b7af-1e9b6ef8525c"
        ],
        "Cache-Control": [
          "no-store, no-cache"
        ],
        "Date": [
          "Tue, 23 Aug 2016 13:12:14 GMT"
        ],
        "Server": [
          "Microsoft-HTTPAPI/2.0"
        ]
      },
      "StatusCode": 200
    },
    {
      "RequestUri": "/subscriptions/cca24ec8-99b5-4aa7-9ff6-486e886f304c/resourceGroups/sql-audit-cmdlet-test-rg6004/providers/Microsoft.Sql/servers/sql-audit-cmdlet-server6004/databases/sql-audit-cmdlet-db6004/auditingPolicies/Default?api-version=2014-04-01",
      "EncodedRequestUri": "L3N1YnNjcmlwdGlvbnMvY2NhMjRlYzgtOTliNS00YWE3LTlmZjYtNDg2ZTg4NmYzMDRjL3Jlc291cmNlR3JvdXBzL3NxbC1hdWRpdC1jbWRsZXQtdGVzdC1yZzYwMDQvcHJvdmlkZXJzL01pY3Jvc29mdC5TcWwvc2VydmVycy9zcWwtYXVkaXQtY21kbGV0LXNlcnZlcjYwMDQvZGF0YWJhc2VzL3NxbC1hdWRpdC1jbWRsZXQtZGI2MDA0L2F1ZGl0aW5nUG9saWNpZXMvRGVmYXVsdD9hcGktdmVyc2lvbj0yMDE0LTA0LTAx",
      "RequestMethod": "GET",
      "RequestBody": "",
      "RequestHeaders": {
        "User-Agent": [
          "Microsoft.Azure.Management.Sql.SqlManagementClient/0.9.0.0"
        ],
        "x-ms-client-request-id": [
          "95172a91-461c-4447-9721-e767c921e8ca"
        ]
      },
      "ResponseBody": "{\r\n  \"id\": \"/subscriptions/cca24ec8-99b5-4aa7-9ff6-486e886f304c/resourceGroups/sql-audit-cmdlet-test-rg6004/providers/Microsoft.Sql/servers/sql-audit-cmdlet-server6004/databases/sql-audit-cmdlet-db6004/auditingPolicies/Default\",\r\n  \"name\": \"Default\",\r\n  \"type\": \"Microsoft.Sql/servers/databases/auditingPolicies\",\r\n  \"location\": \"Japan East\",\r\n  \"kind\": null,\r\n  \"properties\": {\r\n    \"auditingState\": \"Enabled\",\r\n    \"eventTypesToAudit\": \"PlainSQL_Success;PlainSQL_Failure;ParameterizedSQL_Success;ParameterizedSQL_Failure;StoredProcedure_Success;StoredProcedure_Failure;Login_Success;Login_Failure;TransactionManagement_Success;TransactionManagement_Failure\",\r\n    \"storageAccountName\": \"auditcmdlets6004\",\r\n    \"storageAccountKey\": \"********\",\r\n    \"storageAccountSecondaryKey\": null,\r\n    \"storageTableEndpoint\": \"https://auditcmdlets6004.table.core.windows.net\",\r\n    \"storageAccountResourceGroupName\": \"sql-audit-cmdlet-test-rg6004\",\r\n    \"storageAccountSubscriptionId\": \"cca24ec8-99b5-4aa7-9ff6-486e886f304c\",\r\n    \"useServerDefault\": \"Disabled\",\r\n    \"fullAuditLogsTableName\": \"SQLDBAuditLogsSqlauditcmdletserver6Sqlauditcmdletdb6004\",\r\n    \"auditLogsTableName\": \"Sqlauditcmdletserver6Sqlauditcmdletdb6004\",\r\n    \"retentionDays\": \"0\"\r\n  }\r\n}",
      "ResponseHeaders": {
        "Content-Length": [
          "1128"
        ],
        "Content-Type": [
          "application/json; odata=minimalmetadata; streaming=true; charset=utf-8"
        ],
        "x-ms-request-id": [
          "e941c404-2d4a-4525-a936-dc8ae2ffa7bf"
        ],
        "X-Content-Type-Options": [
          "nosniff"
        ],
        "DataServiceVersion": [
          "3.0;"
        ],
        "Strict-Transport-Security": [
          "max-age=31536000; includeSubDomains"
        ],
        "x-ms-ratelimit-remaining-subscription-reads": [
          "11977"
        ],
        "x-ms-correlation-request-id": [
          "874e8e86-1bd8-40e7-aaa5-46025749aaf2"
        ],
        "x-ms-routing-request-id": [
          "WESTEUROPE:20160823T131229Z:874e8e86-1bd8-40e7-aaa5-46025749aaf2"
        ],
        "Cache-Control": [
          "no-store, no-cache"
        ],
        "Date": [
          "Tue, 23 Aug 2016 13:12:29 GMT"
        ],
        "Server": [
          "Microsoft-HTTPAPI/2.0"
        ]
      },
      "StatusCode": 200
    },
    {
      "RequestUri": "/subscriptions/cca24ec8-99b5-4aa7-9ff6-486e886f304c/resources?$filter=resourceType%20eq%20'Microsoft.ClassicStorage%2FstorageAccounts'&api-version=2016-02-01",
      "EncodedRequestUri": "L3N1YnNjcmlwdGlvbnMvY2NhMjRlYzgtOTliNS00YWE3LTlmZjYtNDg2ZTg4NmYzMDRjL3Jlc291cmNlcz8kZmlsdGVyPXJlc291cmNlVHlwZSUyMGVxJTIwJ01pY3Jvc29mdC5DbGFzc2ljU3RvcmFnZSUyRnN0b3JhZ2VBY2NvdW50cycmYXBpLXZlcnNpb249MjAxNi0wMi0wMQ==",
      "RequestMethod": "GET",
      "RequestBody": "",
      "RequestHeaders": {
        "User-Agent": [
          "Microsoft.Azure.Management.Resources.ResourceManagementClient/2.0.0.0"
        ]
      },
      "ResponseBody": "{\r\n  \"value\": [\r\n    {\r\n      \"id\": \"/subscriptions/cca24ec8-99b5-4aa7-9ff6-486e886f304c/resourceGroups/__ElasticDatabaseJob/providers/Microsoft.ClassicStorage/storageAccounts/edj15b904a0c70144178c151\",\r\n      \"name\": \"edj15b904a0c70144178c151\",\r\n      \"type\": \"Microsoft.ClassicStorage/storageAccounts\",\r\n      \"location\": \"westus\"\r\n    },\r\n    {\r\n      \"id\": \"/subscriptions/cca24ec8-99b5-4aa7-9ff6-486e886f304c/resourceGroups/Default-SQL-AustraliaEast/providers/Microsoft.ClassicStorage/storageAccounts/inherittest\",\r\n      \"name\": \"inherittest\",\r\n      \"type\": \"Microsoft.ClassicStorage/storageAccounts\",\r\n      \"location\": \"southeastasia\"\r\n    },\r\n    {\r\n      \"id\": \"/subscriptions/cca24ec8-99b5-4aa7-9ff6-486e886f304c/resourceGroups/Default-SQL-EastAsia/providers/Microsoft.ClassicStorage/storageAccounts/alexumauditlogsstorage2\",\r\n      \"name\": \"alexumauditlogsstorage2\",\r\n      \"type\": \"Microsoft.ClassicStorage/storageAccounts\",\r\n      \"location\": \"eastasia\"\r\n    },\r\n    {\r\n      \"id\": \"/subscriptions/cca24ec8-99b5-4aa7-9ff6-486e886f304c/resourceGroups/Default-Storage-CentralUS/providers/Microsoft.ClassicStorage/storageAccounts/tomerl10\",\r\n      \"name\": \"tomerl10\",\r\n      \"type\": \"Microsoft.ClassicStorage/storageAccounts\",\r\n      \"location\": \"centralus\"\r\n    },\r\n    {\r\n      \"id\": \"/subscriptions/cca24ec8-99b5-4aa7-9ff6-486e886f304c/resourceGroups/Default-Storage-CentralUS/providers/Microsoft.ClassicStorage/storageAccounts/yoavf\",\r\n      \"name\": \"yoavf\",\r\n      \"type\": \"Microsoft.ClassicStorage/storageAccounts\",\r\n      \"location\": \"centralus\"\r\n    },\r\n    {\r\n      \"id\": \"/subscriptions/cca24ec8-99b5-4aa7-9ff6-486e886f304c/resourceGroups/Default-Storage-EastAsia/providers/Microsoft.ClassicStorage/storageAccounts/portalvhdsq8lmr4qtzkxb5\",\r\n      \"name\": \"portalvhdsq8lmr4qtzkxb5\",\r\n      \"type\": \"Microsoft.ClassicStorage/storageAccounts\",\r\n      \"location\": \"eastasia\"\r\n    },\r\n    {\r\n      \"id\": \"/subscriptions/cca24ec8-99b5-4aa7-9ff6-486e886f304c/resourceGroups/Default-Storage-EastUS/providers/Microsoft.ClassicStorage/storageAccounts/esamstorage\",\r\n      \"name\": \"esamstorage\",\r\n      \"type\": \"Microsoft.ClassicStorage/storageAccounts\",\r\n      \"location\": \"eastus\"\r\n    },\r\n    {\r\n      \"id\": \"/subscriptions/cca24ec8-99b5-4aa7-9ff6-486e886f304c/resourceGroups/Default-Storage-EastUS/providers/Microsoft.ClassicStorage/storageAccounts/lianastorage2\",\r\n      \"name\": \"lianastorage2\",\r\n      \"type\": \"Microsoft.ClassicStorage/storageAccounts\",\r\n      \"location\": \"eastus\"\r\n    },\r\n    {\r\n      \"id\": \"/subscriptions/cca24ec8-99b5-4aa7-9ff6-486e886f304c/resourceGroups/Default-Storage-EastUS/providers/Microsoft.ClassicStorage/storageAccounts/portalvhdsb85hb194sjzz\",\r\n      \"name\": \"portalvhdsb85hb194sjzz\",\r\n      \"type\": \"Microsoft.ClassicStorage/storageAccounts\",\r\n      \"location\": \"eastus\"\r\n    },\r\n    {\r\n      \"id\": \"/subscriptions/cca24ec8-99b5-4aa7-9ff6-486e886f304c/resourceGroups/Default-Storage-EastUS/providers/Microsoft.ClassicStorage/storageAccounts/yoavfpowerbi2\",\r\n      \"name\": \"yoavfpowerbi2\",\r\n      \"type\": \"Microsoft.ClassicStorage/storageAccounts\",\r\n      \"location\": \"eastus\"\r\n    },\r\n    {\r\n      \"id\": \"/subscriptions/cca24ec8-99b5-4aa7-9ff6-486e886f304c/resourceGroups/Default-Storage-EastUS/providers/Microsoft.ClassicStorage/storageAccounts/yoavfpowerbismall\",\r\n      \"name\": \"yoavfpowerbismall\",\r\n      \"type\": \"Microsoft.ClassicStorage/storageAccounts\",\r\n      \"location\": \"eastus\"\r\n    },\r\n    {\r\n      \"id\": \"/subscriptions/cca24ec8-99b5-4aa7-9ff6-486e886f304c/resourceGroups/Default-Storage-EastUS2/providers/Microsoft.ClassicStorage/storageAccounts/portalvhdsv934j7szk9sg7\",\r\n      \"name\": \"portalvhdsv934j7szk9sg7\",\r\n      \"type\": \"Microsoft.ClassicStorage/storageAccounts\",\r\n      \"location\": \"eastus2\"\r\n    },\r\n    {\r\n      \"id\": \"/subscriptions/cca24ec8-99b5-4aa7-9ff6-486e886f304c/resourceGroups/Default-Storage-NorthEurope/providers/Microsoft.ClassicStorage/storageAccounts/alexumperfteststorage1\",\r\n      \"name\": \"alexumperfteststorage1\",\r\n      \"type\": \"Microsoft.ClassicStorage/storageAccounts\",\r\n      \"location\": \"northeurope\"\r\n    },\r\n    {\r\n      \"id\": \"/subscriptions/cca24ec8-99b5-4aa7-9ff6-486e886f304c/resourceGroups/Default-Storage-NorthEurope/providers/Microsoft.ClassicStorage/storageAccounts/db5kalistorage\",\r\n      \"name\": \"db5kalistorage\",\r\n      \"type\": \"Microsoft.ClassicStorage/storageAccounts\",\r\n      \"location\": \"northeurope\"\r\n    },\r\n    {\r\n      \"id\": \"/subscriptions/cca24ec8-99b5-4aa7-9ff6-486e886f304c/resourceGroups/Default-Storage-NorthEurope/providers/Microsoft.ClassicStorage/storageAccounts/tomerrstorage\",\r\n      \"name\": \"tomerrstorage\",\r\n      \"type\": \"Microsoft.ClassicStorage/storageAccounts\",\r\n      \"location\": \"northeurope\"\r\n    },\r\n    {\r\n      \"id\": \"/subscriptions/cca24ec8-99b5-4aa7-9ff6-486e886f304c/resourceGroups/Default-Storage-SouthCentralUS/providers/Microsoft.ClassicStorage/storageAccounts/mlstr\",\r\n      \"name\": \"mlstr\",\r\n      \"type\": \"Microsoft.ClassicStorage/storageAccounts\",\r\n      \"location\": \"southcentralus\"\r\n    },\r\n    {\r\n      \"id\": \"/subscriptions/cca24ec8-99b5-4aa7-9ff6-486e886f304c/resourceGroups/Default-Storage-WestEurope/providers/Microsoft.ClassicStorage/storageAccounts/alexumauditlogsstorage\",\r\n      \"name\": \"alexumauditlogsstorage\",\r\n      \"type\": \"Microsoft.ClassicStorage/storageAccounts\",\r\n      \"location\": \"westeurope\"\r\n    },\r\n    {\r\n      \"id\": \"/subscriptions/cca24ec8-99b5-4aa7-9ff6-486e886f304c/resourceGroups/Default-Storage-WestEurope/providers/Microsoft.ClassicStorage/storageAccounts/nadavhauditlogsstorage\",\r\n      \"name\": \"nadavhauditlogsstorage\",\r\n      \"type\": \"Microsoft.ClassicStorage/storageAccounts\",\r\n      \"location\": \"westeurope\"\r\n    },\r\n    {\r\n      \"id\": \"/subscriptions/cca24ec8-99b5-4aa7-9ff6-486e886f304c/resourceGroups/Default-Storage-WestEurope/providers/Microsoft.ClassicStorage/storageAccounts/ofirtest\",\r\n      \"name\": \"ofirtest\",\r\n      \"type\": \"Microsoft.ClassicStorage/storageAccounts\",\r\n      \"location\": \"westeurope\"\r\n    },\r\n    {\r\n      \"id\": \"/subscriptions/cca24ec8-99b5-4aa7-9ff6-486e886f304c/resourceGroups/Default-Storage-WestEurope/providers/Microsoft.ClassicStorage/storageAccounts/portalvhdsy8wcm73x2bh2j\",\r\n      \"name\": \"portalvhdsy8wcm73x2bh2j\",\r\n      \"type\": \"Microsoft.ClassicStorage/storageAccounts\",\r\n      \"location\": \"westeurope\"\r\n    },\r\n    {\r\n      \"id\": \"/subscriptions/cca24ec8-99b5-4aa7-9ff6-486e886f304c/resourceGroups/Default-Storage-WestEurope/providers/Microsoft.ClassicStorage/storageAccounts/rambrachteststorage\",\r\n      \"name\": \"rambrachteststorage\",\r\n      \"type\": \"Microsoft.ClassicStorage/storageAccounts\",\r\n      \"location\": \"westeurope\"\r\n    },\r\n    {\r\n      \"id\": \"/subscriptions/cca24ec8-99b5-4aa7-9ff6-486e886f304c/resourceGroups/Default-Storage-WestEurope/providers/Microsoft.ClassicStorage/storageAccounts/tdml\",\r\n      \"name\": \"tdml\",\r\n      \"type\": \"Microsoft.ClassicStorage/storageAccounts\",\r\n      \"location\": \"westeurope\"\r\n    },\r\n    {\r\n      \"id\": \"/subscriptions/cca24ec8-99b5-4aa7-9ff6-486e886f304c/resourceGroups/Default-Storage-WestEurope/providers/Microsoft.ClassicStorage/storageAccounts/tomerlschema1\",\r\n      \"name\": \"tomerlschema1\",\r\n      \"type\": \"Microsoft.ClassicStorage/storageAccounts\",\r\n      \"location\": \"westeurope\"\r\n    },\r\n    {\r\n      \"id\": \"/subscriptions/cca24ec8-99b5-4aa7-9ff6-486e886f304c/resourceGroups/Default-Storage-WestEurope/providers/Microsoft.ClassicStorage/storageAccounts/tomerlschema2\",\r\n      \"name\": \"tomerlschema2\",\r\n      \"type\": \"Microsoft.ClassicStorage/storageAccounts\",\r\n      \"location\": \"westeurope\"\r\n    },\r\n    {\r\n      \"id\": \"/subscriptions/cca24ec8-99b5-4aa7-9ff6-486e886f304c/resourceGroups/Default-Storage-WestUS/providers/Microsoft.ClassicStorage/storageAccounts/galmtest\",\r\n      \"name\": \"galmtest\",\r\n      \"type\": \"Microsoft.ClassicStorage/storageAccounts\",\r\n      \"location\": \"westus\"\r\n    },\r\n    {\r\n      \"id\": \"/subscriptions/cca24ec8-99b5-4aa7-9ff6-486e886f304c/resourceGroups/Default-Storage-WestUS/providers/Microsoft.ClassicStorage/storageAccounts/portalvhdsf7kj9rfzv9wn7\",\r\n      \"name\": \"portalvhdsf7kj9rfzv9wn7\",\r\n      \"type\": \"Microsoft.ClassicStorage/storageAccounts\",\r\n      \"location\": \"westus\"\r\n    },\r\n    {\r\n      \"id\": \"/subscriptions/cca24ec8-99b5-4aa7-9ff6-486e886f304c/resourceGroups/Default-Storage-WestUS/providers/Microsoft.ClassicStorage/storageAccounts/yrubincmdletstest\",\r\n      \"name\": \"yrubincmdletstest\",\r\n      \"type\": \"Microsoft.ClassicStorage/storageAccounts\",\r\n      \"location\": \"westus\"\r\n    },\r\n    {\r\n      \"id\": \"/subscriptions/cca24ec8-99b5-4aa7-9ff6-486e886f304c/resourceGroups/Group-1/providers/Microsoft.ClassicStorage/storageAccounts/tgagrinctp23\",\r\n      \"name\": \"tgagrinctp23\",\r\n      \"type\": \"Microsoft.ClassicStorage/storageAccounts\",\r\n      \"location\": \"northeurope\"\r\n    },\r\n    {\r\n      \"id\": \"/subscriptions/cca24ec8-99b5-4aa7-9ff6-486e886f304c/resourceGroups/Group-10/providers/Microsoft.ClassicStorage/storageAccounts/ofirhavidumps\",\r\n      \"name\": \"ofirhavidumps\",\r\n      \"type\": \"Microsoft.ClassicStorage/storageAccounts\",\r\n      \"location\": \"northeurope\"\r\n    },\r\n    {\r\n      \"id\": \"/subscriptions/cca24ec8-99b5-4aa7-9ff6-486e886f304c/resourceGroups/Group-7/providers/Microsoft.ClassicStorage/storageAccounts/alexumtestvmcdb\",\r\n      \"name\": \"alexumtestvmcdb\",\r\n      \"type\": \"Microsoft.ClassicStorage/storageAccounts\",\r\n      \"location\": \"northeurope\"\r\n    },\r\n    {\r\n      \"id\": \"/subscriptions/cca24ec8-99b5-4aa7-9ff6-486e886f304c/resourceGroups/MemoryInvestigations/providers/Microsoft.ClassicStorage/storageAccounts/assafakmemdump\",\r\n      \"name\": \"assafakmemdump\",\r\n      \"type\": \"Microsoft.ClassicStorage/storageAccounts\",\r\n      \"location\": \"westeurope\"\r\n    },\r\n    {\r\n      \"id\": \"/subscriptions/cca24ec8-99b5-4aa7-9ff6-486e886f304c/resourceGroups/ResourceGroup/providers/Microsoft.ClassicStorage/storageAccounts/ranishateststorage22\",\r\n      \"name\": \"ranishateststorage22\",\r\n      \"type\": \"Microsoft.ClassicStorage/storageAccounts\",\r\n      \"location\": \"eastasia\"\r\n    },\r\n    {\r\n      \"id\": \"/subscriptions/cca24ec8-99b5-4aa7-9ff6-486e886f304c/resourceGroups/t-dadror/providers/Microsoft.ClassicStorage/storageAccounts/danielstorageaccount\",\r\n      \"name\": \"danielstorageaccount\",\r\n      \"type\": \"Microsoft.ClassicStorage/storageAccounts\",\r\n      \"location\": \"westeurope\"\r\n    }\r\n  ]\r\n}",
      "ResponseHeaders": {
        "Content-Length": [
          "8752"
        ],
        "Content-Type": [
          "application/json; charset=utf-8"
        ],
        "Expires": [
          "-1"
        ],
        "Pragma": [
          "no-cache"
        ],
        "x-ms-ratelimit-remaining-subscription-reads": [
          "14252"
        ],
        "x-ms-request-id": [
          "2708bb34-4e34-4df9-bdd5-1bdba552f6b0"
        ],
        "x-ms-correlation-request-id": [
          "2708bb34-4e34-4df9-bdd5-1bdba552f6b0"
        ],
        "x-ms-routing-request-id": [
          "WESTEUROPE:20160823T131200Z:2708bb34-4e34-4df9-bdd5-1bdba552f6b0"
        ],
        "Strict-Transport-Security": [
          "max-age=31536000; includeSubDomains"
        ],
        "Cache-Control": [
          "no-cache"
        ],
        "Date": [
          "Tue, 23 Aug 2016 13:11:59 GMT"
        ]
      },
      "StatusCode": 200
    },
    {
      "RequestUri": "/subscriptions/cca24ec8-99b5-4aa7-9ff6-486e886f304c/resources?$filter=resourceType%20eq%20'Microsoft.Storage%2FstorageAccounts'&api-version=2016-02-01",
      "EncodedRequestUri": "L3N1YnNjcmlwdGlvbnMvY2NhMjRlYzgtOTliNS00YWE3LTlmZjYtNDg2ZTg4NmYzMDRjL3Jlc291cmNlcz8kZmlsdGVyPXJlc291cmNlVHlwZSUyMGVxJTIwJ01pY3Jvc29mdC5TdG9yYWdlJTJGc3RvcmFnZUFjY291bnRzJyZhcGktdmVyc2lvbj0yMDE2LTAyLTAx",
      "RequestMethod": "GET",
      "RequestBody": "",
      "RequestHeaders": {
        "User-Agent": [
          "Microsoft.Azure.Management.Resources.ResourceManagementClient/2.0.0.0"
        ]
      },
      "ResponseBody": "{\r\n  \"value\": [\r\n    {\r\n      \"id\": \"/subscriptions/cca24ec8-99b5-4aa7-9ff6-486e886f304c/resourceGroups/andml/providers/Microsoft.Storage/storageAccounts/alexumgeoredundant\",\r\n      \"name\": \"alexumgeoredundant\",\r\n      \"type\": \"Microsoft.Storage/storageAccounts\",\r\n      \"sku\": {\r\n        \"name\": \"Standard_RAGRS\",\r\n        \"tier\": \"Standard\"\r\n      },\r\n      \"kind\": \"Storage\",\r\n      \"location\": \"eastasia\",\r\n      \"tags\": {}\r\n    },\r\n    {\r\n      \"id\": \"/subscriptions/cca24ec8-99b5-4aa7-9ff6-486e886f304c/resourceGroups/assafaktest/providers/Microsoft.Storage/storageAccounts/assafaktest5593\",\r\n      \"name\": \"assafaktest5593\",\r\n      \"type\": \"Microsoft.Storage/storageAccounts\",\r\n      \"location\": \"eastus2\",\r\n      \"tags\": {}\r\n    },\r\n    {\r\n      \"id\": \"/subscriptions/cca24ec8-99b5-4aa7-9ff6-486e886f304c/resourceGroups/assafaktest/providers/Microsoft.Storage/storageAccounts/assafaktest6245\",\r\n      \"name\": \"assafaktest6245\",\r\n      \"type\": \"Microsoft.Storage/storageAccounts\",\r\n      \"sku\": {\r\n        \"name\": \"Premium_LRS\",\r\n        \"tier\": \"Premium\"\r\n      },\r\n      \"kind\": \"Storage\",\r\n      \"location\": \"japaneast\",\r\n      \"tags\": {}\r\n    },\r\n    {\r\n      \"id\": \"/subscriptions/cca24ec8-99b5-4aa7-9ff6-486e886f304c/resourceGroups/assafaktest/providers/Microsoft.Storage/storageAccounts/assafakteststorage\",\r\n      \"name\": \"assafakteststorage\",\r\n      \"type\": \"Microsoft.Storage/storageAccounts\",\r\n      \"sku\": {\r\n        \"name\": \"Standard_LRS\",\r\n        \"tier\": \"Standard\"\r\n      },\r\n      \"kind\": \"Storage\",\r\n      \"location\": \"japaneast\",\r\n      \"tags\": {}\r\n    },\r\n    {\r\n      \"id\": \"/subscriptions/cca24ec8-99b5-4aa7-9ff6-486e886f304c/resourceGroups/assafaktest/providers/Microsoft.Storage/storageAccounts/db5drfiredrill\",\r\n      \"name\": \"db5drfiredrill\",\r\n      \"type\": \"Microsoft.Storage/storageAccounts\",\r\n      \"sku\": {\r\n        \"name\": \"Standard_RAGRS\",\r\n        \"tier\": \"Standard\"\r\n      },\r\n      \"kind\": \"Storage\",\r\n      \"location\": \"westeurope\",\r\n      \"tags\": {}\r\n    },\r\n    {\r\n      \"id\": \"/subscriptions/cca24ec8-99b5-4aa7-9ff6-486e886f304c/resourceGroups/assafaktest/providers/Microsoft.Storage/storageAccounts/japaneaststorage1\",\r\n      \"name\": \"japaneaststorage1\",\r\n      \"type\": \"Microsoft.Storage/storageAccounts\",\r\n      \"sku\": {\r\n        \"name\": \"Standard_LRS\",\r\n        \"tier\": \"Standard\"\r\n      },\r\n      \"kind\": \"Storage\",\r\n      \"location\": \"japaneast\",\r\n      \"tags\": {}\r\n    },\r\n    {\r\n      \"id\": \"/subscriptions/cca24ec8-99b5-4aa7-9ff6-486e886f304c/resourceGroups/assafaktest/providers/Microsoft.Storage/storageAccounts/yaiyunne1\",\r\n      \"name\": \"yaiyunne1\",\r\n      \"type\": \"Microsoft.Storage/storageAccounts\",\r\n      \"sku\": {\r\n        \"name\": \"Standard_LRS\",\r\n        \"tier\": \"Standard\"\r\n      },\r\n      \"kind\": \"Storage\",\r\n      \"location\": \"japaneast\",\r\n      \"tags\": {}\r\n    },\r\n    {\r\n      \"id\": \"/subscriptions/cca24ec8-99b5-4aa7-9ff6-486e886f304c/resourceGroups/assafaktest/providers/Microsoft.Storage/storageAccounts/yaiyunzr\",\r\n      \"name\": \"yaiyunzr\",\r\n      \"type\": \"Microsoft.Storage/storageAccounts\",\r\n      \"sku\": {\r\n        \"name\": \"Standard_ZRS\",\r\n        \"tier\": \"Standard\"\r\n      },\r\n      \"kind\": \"Storage\",\r\n      \"location\": \"australiaeast\",\r\n      \"tags\": {}\r\n    },\r\n    {\r\n      \"id\": \"/subscriptions/cca24ec8-99b5-4aa7-9ff6-486e886f304c/resourceGroups/australiaeast/providers/Microsoft.Storage/storageAccounts/yaiyunblobstorage\",\r\n      \"name\": \"yaiyunblobstorage\",\r\n      \"type\": \"Microsoft.Storage/storageAccounts\",\r\n      \"sku\": {\r\n        \"name\": \"Standard_RAGRS\",\r\n        \"tier\": \"Standard\"\r\n      },\r\n      \"kind\": \"BlobStorage\",\r\n      \"location\": \"japaneast\",\r\n      \"tags\": {}\r\n    },\r\n    {\r\n      \"id\": \"/subscriptions/cca24ec8-99b5-4aa7-9ff6-486e886f304c/resourceGroups/AzureFunctions-WestEurope/providers/Microsoft.Storage/storageAccounts/azurefunctionsc8631628\",\r\n      \"name\": \"azurefunctionsc8631628\",\r\n      \"type\": \"Microsoft.Storage/storageAccounts\",\r\n      \"sku\": {\r\n        \"name\": \"Standard_GRS\",\r\n        \"tier\": \"Standard\"\r\n      },\r\n      \"kind\": \"Storage\",\r\n      \"location\": \"westeurope\",\r\n      \"tags\": {}\r\n    },\r\n    {\r\n      \"id\": \"/subscriptions/cca24ec8-99b5-4aa7-9ff6-486e886f304c/resourceGroups/cmdletssignoffgroup1/providers/Microsoft.Storage/storageAccounts/raniblobstoragetest\",\r\n      \"name\": \"raniblobstoragetest\",\r\n      \"type\": \"Microsoft.Storage/storageAccounts\",\r\n      \"sku\": {\r\n        \"name\": \"Standard_RAGRS\",\r\n        \"tier\": \"Standard\"\r\n      },\r\n      \"kind\": \"BlobStorage\",\r\n      \"location\": \"westeurope\",\r\n      \"tags\": {}\r\n    },\r\n    {\r\n      \"id\": \"/subscriptions/cca24ec8-99b5-4aa7-9ff6-486e886f304c/resourceGroups/Default-SQL-AustraliaEast/providers/Microsoft.Storage/storageAccounts/canarystorgae\",\r\n      \"name\": \"canarystorgae\",\r\n      \"type\": \"Microsoft.Storage/storageAccounts\",\r\n      \"sku\": {\r\n        \"name\": \"Standard_GRS\",\r\n        \"tier\": \"Standard\"\r\n      },\r\n      \"kind\": \"Storage\",\r\n      \"location\": \"australiaeast\",\r\n      \"tags\": {}\r\n    },\r\n    {\r\n      \"id\": \"/subscriptions/cca24ec8-99b5-4aa7-9ff6-486e886f304c/resourceGroups/Default-SQL-AustraliaEast/providers/Microsoft.Storage/storageAccounts/newyaiyun\",\r\n      \"name\": \"newyaiyun\",\r\n      \"type\": \"Microsoft.Storage/storageAccounts\",\r\n      \"sku\": {\r\n        \"name\": \"Standard_LRS\",\r\n        \"tier\": \"Standard\"\r\n      },\r\n      \"kind\": \"Storage\",\r\n      \"location\": \"australiaeast\",\r\n      \"tags\": {}\r\n    },\r\n    {\r\n      \"id\": \"/subscriptions/cca24ec8-99b5-4aa7-9ff6-486e886f304c/resourceGroups/Default-SQL-AustraliaEast/providers/Microsoft.Storage/storageAccounts/yaiyunstorage1s\",\r\n      \"name\": \"yaiyunstorage1s\",\r\n      \"type\": \"Microsoft.Storage/storageAccounts\",\r\n      \"sku\": {\r\n        \"name\": \"Standard_LRS\",\r\n        \"tier\": \"Standard\"\r\n      },\r\n      \"kind\": \"Storage\",\r\n      \"location\": \"australiaeast\",\r\n      \"tags\": {}\r\n    },\r\n    {\r\n      \"id\": \"/subscriptions/cca24ec8-99b5-4aa7-9ff6-486e886f304c/resourceGroups/Default-SQL-CentralUS/providers/Microsoft.Storage/storageAccounts/testesam\",\r\n      \"name\": \"testesam\",\r\n      \"type\": \"Microsoft.Storage/storageAccounts\",\r\n      \"location\": \"westeurope\",\r\n      \"tags\": {}\r\n    },\r\n    {\r\n      \"id\": \"/subscriptions/cca24ec8-99b5-4aa7-9ff6-486e886f304c/resourceGroups/Default-SQL-EastUS/providers/Microsoft.Storage/storageAccounts/deleteme12\",\r\n      \"name\": \"deleteme12\",\r\n      \"type\": \"Microsoft.Storage/storageAccounts\",\r\n      \"sku\": {\r\n        \"name\": \"Standard_LRS\",\r\n        \"tier\": \"Standard\"\r\n      },\r\n      \"kind\": \"Storage\",\r\n      \"location\": \"japanwest\",\r\n      \"tags\": {}\r\n    },\r\n    {\r\n      \"id\": \"/subscriptions/cca24ec8-99b5-4aa7-9ff6-486e886f304c/resourceGroups/Default-SQL-NorthEurope/providers/Microsoft.Storage/storageAccounts/yrubinv2storage\",\r\n      \"name\": \"yrubinv2storage\",\r\n      \"type\": \"Microsoft.Storage/storageAccounts\",\r\n      \"sku\": {\r\n        \"name\": \"Standard_LRS\",\r\n        \"tier\": \"Standard\"\r\n      },\r\n      \"kind\": \"Storage\",\r\n      \"location\": \"northeurope\",\r\n      \"tags\": {}\r\n    },\r\n    {\r\n      \"id\": \"/subscriptions/cca24ec8-99b5-4aa7-9ff6-486e886f304c/resourceGroups/EsamTest/providers/Microsoft.Storage/storageAccounts/eswatadstorage\",\r\n      \"name\": \"eswatadstorage\",\r\n      \"type\": \"Microsoft.Storage/storageAccounts\",\r\n      \"sku\": {\r\n        \"name\": \"Standard_LRS\",\r\n        \"tier\": \"Standard\"\r\n      },\r\n      \"kind\": \"Storage\",\r\n      \"location\": \"japaneast\",\r\n      \"tags\": {}\r\n    },\r\n    {\r\n      \"id\": \"/subscriptions/cca24ec8-99b5-4aa7-9ff6-486e886f304c/resourceGroups/galm/providers/Microsoft.Storage/storageAccounts/galmdiag667\",\r\n      \"name\": \"galmdiag667\",\r\n      \"type\": \"Microsoft.Storage/storageAccounts\",\r\n      \"sku\": {\r\n        \"name\": \"Standard_LRS\",\r\n        \"tier\": \"Standard\"\r\n      },\r\n      \"kind\": \"Storage\",\r\n      \"location\": \"westeurope\",\r\n      \"tags\": {}\r\n    },\r\n    {\r\n      \"id\": \"/subscriptions/cca24ec8-99b5-4aa7-9ff6-486e886f304c/resourceGroups/galm/providers/Microsoft.Storage/storageAccounts/galmdisks908\",\r\n      \"name\": \"galmdisks908\",\r\n      \"type\": \"Microsoft.Storage/storageAccounts\",\r\n      \"sku\": {\r\n        \"name\": \"Premium_LRS\",\r\n        \"tier\": \"Premium\"\r\n      },\r\n      \"kind\": \"Storage\",\r\n      \"location\": \"westeurope\",\r\n      \"tags\": {}\r\n    },\r\n    {\r\n      \"id\": \"/subscriptions/cca24ec8-99b5-4aa7-9ff6-486e886f304c/resourceGroups/GiladRG/providers/Microsoft.Storage/storageAccounts/contosostorqoo22mtmenhau\",\r\n      \"name\": \"contosostorqoo22mtmenhau\",\r\n      \"type\": \"Microsoft.Storage/storageAccounts\",\r\n      \"sku\": {\r\n        \"name\": \"Standard_LRS\",\r\n        \"tier\": \"Standard\"\r\n      },\r\n      \"kind\": \"Storage\",\r\n      \"location\": \"eastus\",\r\n      \"tags\": {}\r\n    },\r\n    {\r\n      \"id\": \"/subscriptions/cca24ec8-99b5-4aa7-9ff6-486e886f304c/resourceGroups/GiladRG/providers/Microsoft.Storage/storageAccounts/giladrg4448\",\r\n      \"name\": \"giladrg4448\",\r\n      \"type\": \"Microsoft.Storage/storageAccounts\",\r\n      \"sku\": {\r\n        \"name\": \"Standard_LRS\",\r\n        \"tier\": \"Standard\"\r\n      },\r\n      \"kind\": \"Storage\",\r\n      \"location\": \"westeurope\",\r\n      \"tags\": {}\r\n    },\r\n    {\r\n      \"id\": \"/subscriptions/cca24ec8-99b5-4aa7-9ff6-486e886f304c/resourceGroups/Group-1/providers/Microsoft.Storage/storageAccounts/raniteststorage1122\",\r\n      \"name\": \"raniteststorage1122\",\r\n      \"type\": \"Microsoft.Storage/storageAccounts\",\r\n      \"sku\": {\r\n        \"name\": \"Standard_GRS\",\r\n        \"tier\": \"Standard\"\r\n      },\r\n      \"kind\": \"Storage\",\r\n      \"location\": \"westus\",\r\n      \"tags\": {}\r\n    },\r\n    {\r\n      \"id\": \"/subscriptions/cca24ec8-99b5-4aa7-9ff6-486e886f304c/resourceGroups/Group-12345/providers/Microsoft.Storage/storageAccounts/group123459057\",\r\n      \"name\": \"group123459057\",\r\n      \"type\": \"Microsoft.Storage/storageAccounts\",\r\n      \"sku\": {\r\n        \"name\": \"Premium_LRS\",\r\n        \"tier\": \"Premium\"\r\n      },\r\n      \"kind\": \"Storage\",\r\n      \"location\": \"northeurope\",\r\n      \"tags\": {}\r\n    },\r\n    {\r\n      \"id\": \"/subscriptions/cca24ec8-99b5-4aa7-9ff6-486e886f304c/resourceGroups/Group-166/providers/Microsoft.Storage/storageAccounts/tomerwstorage\",\r\n      \"name\": \"tomerwstorage\",\r\n      \"type\": \"Microsoft.Storage/storageAccounts\",\r\n      \"sku\": {\r\n        \"name\": \"Standard_LRS\",\r\n        \"tier\": \"Standard\"\r\n      },\r\n      \"kind\": \"Storage\",\r\n      \"location\": \"westeurope\",\r\n      \"tags\": {}\r\n    },\r\n    {\r\n      \"id\": \"/subscriptions/cca24ec8-99b5-4aa7-9ff6-486e886f304c/resourceGroups/Group-189/providers/Microsoft.Storage/storageAccounts/esamteststorage\",\r\n      \"name\": \"esamteststorage\",\r\n      \"type\": \"Microsoft.Storage/storageAccounts\",\r\n      \"sku\": {\r\n        \"name\": \"Standard_LRS\",\r\n        \"tier\": \"Standard\"\r\n      },\r\n      \"kind\": \"Storage\",\r\n      \"location\": \"australiaeast\",\r\n      \"tags\": {}\r\n    },\r\n    {\r\n      \"id\": \"/subscriptions/cca24ec8-99b5-4aa7-9ff6-486e886f304c/resourceGroups/Group-189/providers/Microsoft.Storage/storageAccounts/group1897419\",\r\n      \"name\": \"group1897419\",\r\n      \"type\": \"Microsoft.Storage/storageAccounts\",\r\n      \"sku\": {\r\n        \"name\": \"Standard_LRS\",\r\n        \"tier\": \"Standard\"\r\n      },\r\n      \"kind\": \"Storage\",\r\n      \"location\": \"australiaeast\",\r\n      \"tags\": {}\r\n    },\r\n    {\r\n      \"id\": \"/subscriptions/cca24ec8-99b5-4aa7-9ff6-486e886f304c/resourceGroups/Group-189/providers/Microsoft.Storage/storageAccounts/storageesam1\",\r\n      \"name\": \"storageesam1\",\r\n      \"type\": \"Microsoft.Storage/storageAccounts\",\r\n      \"sku\": {\r\n        \"name\": \"Standard_LRS\",\r\n        \"tier\": \"Standard\"\r\n      },\r\n      \"kind\": \"Storage\",\r\n      \"location\": \"australiaeast\",\r\n      \"tags\": {}\r\n    },\r\n    {\r\n      \"id\": \"/subscriptions/cca24ec8-99b5-4aa7-9ff6-486e886f304c/resourceGroups/Group-250/providers/Microsoft.Storage/storageAccounts/teststoragerani2\",\r\n      \"name\": \"teststoragerani2\",\r\n      \"type\": \"Microsoft.Storage/storageAccounts\",\r\n      \"sku\": {\r\n        \"name\": \"Standard_LRS\",\r\n        \"tier\": \"Standard\"\r\n      },\r\n      \"kind\": \"Storage\",\r\n      \"location\": \"eastus\",\r\n      \"tags\": {}\r\n    },\r\n    {\r\n      \"id\": \"/subscriptions/cca24ec8-99b5-4aa7-9ff6-486e886f304c/resourceGroups/Group-250/providers/Microsoft.Storage/storageAccounts/tomerlstorage\",\r\n      \"name\": \"tomerlstorage\",\r\n      \"type\": \"Microsoft.Storage/storageAccounts\",\r\n      \"sku\": {\r\n        \"name\": \"Standard_LRS\",\r\n        \"tier\": \"Standard\"\r\n      },\r\n      \"kind\": \"Storage\",\r\n      \"location\": \"westcentralus\",\r\n      \"tags\": {}\r\n    },\r\n    {\r\n      \"id\": \"/subscriptions/cca24ec8-99b5-4aa7-9ff6-486e886f304c/resourceGroups/Group-251/providers/Microsoft.Storage/storageAccounts/daamarstorageeus\",\r\n      \"name\": \"daamarstorageeus\",\r\n      \"type\": \"Microsoft.Storage/storageAccounts\",\r\n      \"sku\": {\r\n        \"name\": \"Standard_LRS\",\r\n        \"tier\": \"Standard\"\r\n      },\r\n      \"kind\": \"Storage\",\r\n      \"location\": \"eastus\",\r\n      \"tags\": {}\r\n    },\r\n    {\r\n      \"id\": \"/subscriptions/cca24ec8-99b5-4aa7-9ff6-486e886f304c/resourceGroups/Group-63/providers/Microsoft.Storage/storageAccounts/esamstoragetest02\",\r\n      \"name\": \"esamstoragetest02\",\r\n      \"type\": \"Microsoft.Storage/storageAccounts\",\r\n      \"sku\": {\r\n        \"name\": \"Standard_LRS\",\r\n        \"tier\": \"Standard\"\r\n      },\r\n      \"kind\": \"Storage\",\r\n      \"location\": \"eastasia\",\r\n      \"tags\": {}\r\n    },\r\n    {\r\n      \"id\": \"/subscriptions/cca24ec8-99b5-4aa7-9ff6-486e886f304c/resourceGroups/rambrachtestgroup/providers/Microsoft.Storage/storageAccounts/yoavfperftest\",\r\n      \"name\": \"yoavfperftest\",\r\n      \"type\": \"Microsoft.Storage/storageAccounts\",\r\n      \"sku\": {\r\n        \"name\": \"Standard_LRS\",\r\n        \"tier\": \"Standard\"\r\n      },\r\n      \"kind\": \"Storage\",\r\n      \"location\": \"westeurope\",\r\n      \"tags\": {}\r\n    },\r\n    {\r\n      \"id\": \"/subscriptions/cca24ec8-99b5-4aa7-9ff6-486e886f304c/resourceGroups/securitydata/providers/Microsoft.Storage/storageAccounts/cc2177australiaeast\",\r\n      \"name\": \"cc2177australiaeast\",\r\n      \"type\": \"Microsoft.Storage/storageAccounts\",\r\n      \"sku\": {\r\n        \"name\": \"Standard_LRS\",\r\n        \"tier\": \"Standard\"\r\n      },\r\n      \"kind\": \"Storage\",\r\n      \"location\": \"australiaeast\",\r\n      \"tags\": {}\r\n    },\r\n    {\r\n      \"id\": \"/subscriptions/cca24ec8-99b5-4aa7-9ff6-486e886f304c/resourceGroups/securitydata/providers/Microsoft.Storage/storageAccounts/cc2177eastasia\",\r\n      \"name\": \"cc2177eastasia\",\r\n      \"type\": \"Microsoft.Storage/storageAccounts\",\r\n      \"sku\": {\r\n        \"name\": \"Standard_LRS\",\r\n        \"tier\": \"Standard\"\r\n      },\r\n      \"kind\": \"Storage\",\r\n      \"location\": \"eastasia\",\r\n      \"tags\": {}\r\n    },\r\n    {\r\n      \"id\": \"/subscriptions/cca24ec8-99b5-4aa7-9ff6-486e886f304c/resourceGroups/securitydata/providers/Microsoft.Storage/storageAccounts/cc2177eastus2\",\r\n      \"name\": \"cc2177eastus2\",\r\n      \"type\": \"Microsoft.Storage/storageAccounts\",\r\n      \"location\": \"eastus2\",\r\n      \"tags\": {}\r\n    },\r\n    {\r\n      \"id\": \"/subscriptions/cca24ec8-99b5-4aa7-9ff6-486e886f304c/resourceGroups/securitydata/providers/Microsoft.Storage/storageAccounts/cc2177japaneast\",\r\n      \"name\": \"cc2177japaneast\",\r\n      \"type\": \"Microsoft.Storage/storageAccounts\",\r\n      \"sku\": {\r\n        \"name\": \"Standard_LRS\",\r\n        \"tier\": \"Standard\"\r\n      },\r\n      \"kind\": \"Storage\",\r\n      \"location\": \"japaneast\",\r\n      \"tags\": {}\r\n    },\r\n    {\r\n      \"id\": \"/subscriptions/cca24ec8-99b5-4aa7-9ff6-486e886f304c/resourceGroups/securitydata/providers/Microsoft.Storage/storageAccounts/cc2177japanwest\",\r\n      \"name\": \"cc2177japanwest\",\r\n      \"type\": \"Microsoft.Storage/storageAccounts\",\r\n      \"sku\": {\r\n        \"name\": \"Standard_LRS\",\r\n        \"tier\": \"Standard\"\r\n      },\r\n      \"kind\": \"Storage\",\r\n      \"location\": \"japanwest\",\r\n      \"tags\": {}\r\n    },\r\n    {\r\n      \"id\": \"/subscriptions/cca24ec8-99b5-4aa7-9ff6-486e886f304c/resourceGroups/securitydata/providers/Microsoft.Storage/storageAccounts/cc2177northeurope\",\r\n      \"name\": \"cc2177northeurope\",\r\n      \"type\": \"Microsoft.Storage/storageAccounts\",\r\n      \"sku\": {\r\n        \"name\": \"Standard_LRS\",\r\n        \"tier\": \"Standard\"\r\n      },\r\n      \"kind\": \"Storage\",\r\n      \"location\": \"northeurope\",\r\n      \"tags\": {}\r\n    },\r\n    {\r\n      \"id\": \"/subscriptions/cca24ec8-99b5-4aa7-9ff6-486e886f304c/resourceGroups/securitydata/providers/Microsoft.Storage/storageAccounts/cc2177westeurope\",\r\n      \"name\": \"cc2177westeurope\",\r\n      \"type\": \"Microsoft.Storage/storageAccounts\",\r\n      \"sku\": {\r\n        \"name\": \"Standard_LRS\",\r\n        \"tier\": \"Standard\"\r\n      },\r\n      \"kind\": \"Storage\",\r\n      \"location\": \"westeurope\",\r\n      \"tags\": {}\r\n    },\r\n    {\r\n      \"id\": \"/subscriptions/cca24ec8-99b5-4aa7-9ff6-486e886f304c/resourceGroups/sql-audit-cmdlet-test-rg6004/providers/Microsoft.Storage/storageAccounts/auditcmdlets6004\",\r\n      \"name\": \"auditcmdlets6004\",\r\n      \"type\": \"Microsoft.Storage/storageAccounts\",\r\n      \"location\": \"japaneast\",\r\n      \"tags\": {}\r\n    },\r\n    {\r\n      \"id\": \"/subscriptions/cca24ec8-99b5-4aa7-9ff6-486e886f304c/resourceGroups/squtest/providers/Microsoft.Storage/storageAccounts/gagrinsquentrtmstorage\",\r\n      \"name\": \"gagrinsquentrtmstorage\",\r\n      \"type\": \"Microsoft.Storage/storageAccounts\",\r\n      \"sku\": {\r\n        \"name\": \"Standard_LRS\",\r\n        \"tier\": \"Standard\"\r\n      },\r\n      \"kind\": \"Storage\",\r\n      \"location\": \"westeurope\",\r\n      \"tags\": {}\r\n    },\r\n    {\r\n      \"id\": \"/subscriptions/cca24ec8-99b5-4aa7-9ff6-486e886f304c/resourceGroups/squtest/providers/Microsoft.Storage/storageAccounts/gagrinsquentstorage\",\r\n      \"name\": \"gagrinsquentstorage\",\r\n      \"type\": \"Microsoft.Storage/storageAccounts\",\r\n      \"sku\": {\r\n        \"name\": \"Standard_LRS\",\r\n        \"tier\": \"Standard\"\r\n      },\r\n      \"kind\": \"Storage\",\r\n      \"location\": \"westeurope\",\r\n      \"tags\": {}\r\n    },\r\n    {\r\n      \"id\": \"/subscriptions/cca24ec8-99b5-4aa7-9ff6-486e886f304c/resourceGroups/squtest/providers/Microsoft.Storage/storageAccounts/gagrinsquexprtmstorage\",\r\n      \"name\": \"gagrinsquexprtmstorage\",\r\n      \"type\": \"Microsoft.Storage/storageAccounts\",\r\n      \"sku\": {\r\n        \"name\": \"Standard_LRS\",\r\n        \"tier\": \"Standard\"\r\n      },\r\n      \"kind\": \"Storage\",\r\n      \"location\": \"westeurope\",\r\n      \"tags\": {}\r\n    },\r\n    {\r\n      \"id\": \"/subscriptions/cca24ec8-99b5-4aa7-9ff6-486e886f304c/resourceGroups/squtest/providers/Microsoft.Storage/storageAccounts/gagrinsquexpstorage\",\r\n      \"name\": \"gagrinsquexpstorage\",\r\n      \"type\": \"Microsoft.Storage/storageAccounts\",\r\n      \"sku\": {\r\n        \"name\": \"Standard_LRS\",\r\n        \"tier\": \"Standard\"\r\n      },\r\n      \"kind\": \"Storage\",\r\n      \"location\": \"westeurope\",\r\n      \"tags\": {}\r\n    },\r\n    {\r\n      \"id\": \"/subscriptions/cca24ec8-99b5-4aa7-9ff6-486e886f304c/resourceGroups/squtest/providers/Microsoft.Storage/storageAccounts/gagrinsqustdrtmstorage\",\r\n      \"name\": \"gagrinsqustdrtmstorage\",\r\n      \"type\": \"Microsoft.Storage/storageAccounts\",\r\n      \"sku\": {\r\n        \"name\": \"Standard_LRS\",\r\n        \"tier\": \"Standard\"\r\n      },\r\n      \"kind\": \"Storage\",\r\n      \"location\": \"westeurope\",\r\n      \"tags\": {}\r\n    },\r\n    {\r\n      \"id\": \"/subscriptions/cca24ec8-99b5-4aa7-9ff6-486e886f304c/resourceGroups/squtest/providers/Microsoft.Storage/storageAccounts/gagrinsqustdstorage\",\r\n      \"name\": \"gagrinsqustdstorage\",\r\n      \"type\": \"Microsoft.Storage/storageAccounts\",\r\n      \"sku\": {\r\n        \"name\": \"Standard_LRS\",\r\n        \"tier\": \"Standard\"\r\n      },\r\n      \"kind\": \"Storage\",\r\n      \"location\": \"westeurope\",\r\n      \"tags\": {}\r\n    },\r\n    {\r\n      \"id\": \"/subscriptions/cca24ec8-99b5-4aa7-9ff6-486e886f304c/resourceGroups/squtest/providers/Microsoft.Storage/storageAccounts/gagrinsquwebrtmstorage\",\r\n      \"name\": \"gagrinsquwebrtmstorage\",\r\n      \"type\": \"Microsoft.Storage/storageAccounts\",\r\n      \"sku\": {\r\n        \"name\": \"Standard_LRS\",\r\n        \"tier\": \"Standard\"\r\n      },\r\n      \"kind\": \"Storage\",\r\n      \"location\": \"westeurope\",\r\n      \"tags\": {}\r\n    },\r\n    {\r\n      \"id\": \"/subscriptions/cca24ec8-99b5-4aa7-9ff6-486e886f304c/resourceGroups/squtest/providers/Microsoft.Storage/storageAccounts/gagrinsquwebsp1storage\",\r\n      \"name\": \"gagrinsquwebsp1storage\",\r\n      \"type\": \"Microsoft.Storage/storageAccounts\",\r\n      \"sku\": {\r\n        \"name\": \"Standard_LRS\",\r\n        \"tier\": \"Standard\"\r\n      },\r\n      \"kind\": \"Storage\",\r\n      \"location\": \"westeurope\",\r\n      \"tags\": {}\r\n    },\r\n    {\r\n      \"id\": \"/subscriptions/cca24ec8-99b5-4aa7-9ff6-486e886f304c/resourceGroups/t-gagrin/providers/Microsoft.Storage/storageAccounts/gagrinteststorage\",\r\n      \"name\": \"gagrinteststorage\",\r\n      \"type\": \"Microsoft.Storage/storageAccounts\",\r\n      \"sku\": {\r\n        \"name\": \"Standard_LRS\",\r\n        \"tier\": \"Standard\"\r\n      },\r\n      \"kind\": \"Storage\",\r\n      \"location\": \"westeurope\",\r\n      \"tags\": {}\r\n    },\r\n    {\r\n      \"id\": \"/subscriptions/cca24ec8-99b5-4aa7-9ff6-486e886f304c/resourceGroups/tomerlgroup1234/providers/Microsoft.Storage/storageAccounts/tomerlgroup1234diag353\",\r\n      \"name\": \"tomerlgroup1234diag353\",\r\n      \"type\": \"Microsoft.Storage/storageAccounts\",\r\n      \"sku\": {\r\n        \"name\": \"Standard_LRS\",\r\n        \"tier\": \"Standard\"\r\n      },\r\n      \"kind\": \"Storage\",\r\n      \"location\": \"northeurope\",\r\n      \"tags\": {}\r\n    },\r\n    {\r\n      \"id\": \"/subscriptions/cca24ec8-99b5-4aa7-9ff6-486e886f304c/resourceGroups/tomerlgroup1234/providers/Microsoft.Storage/storageAccounts/tomerlgroup1234disks821\",\r\n      \"name\": \"tomerlgroup1234disks821\",\r\n      \"type\": \"Microsoft.Storage/storageAccounts\",\r\n      \"sku\": {\r\n        \"name\": \"Premium_LRS\",\r\n        \"tier\": \"Premium\"\r\n      },\r\n      \"kind\": \"Storage\",\r\n      \"location\": \"northeurope\",\r\n      \"tags\": {}\r\n    },\r\n    {\r\n      \"id\": \"/subscriptions/cca24ec8-99b5-4aa7-9ff6-486e886f304c/resourceGroups/tomerweis/providers/Microsoft.Storage/storageAccounts/contosostor2r7hgi7r4qvtw\",\r\n      \"name\": \"contosostor2r7hgi7r4qvtw\",\r\n      \"type\": \"Microsoft.Storage/storageAccounts\",\r\n      \"sku\": {\r\n        \"name\": \"Standard_LRS\",\r\n        \"tier\": \"Standard\"\r\n      },\r\n      \"kind\": \"Storage\",\r\n      \"location\": \"westus\",\r\n      \"tags\": {}\r\n    },\r\n    {\r\n      \"id\": \"/subscriptions/cca24ec8-99b5-4aa7-9ff6-486e886f304c/resourceGroups/TomerWSQLi/providers/Microsoft.Storage/storageAccounts/sqlidemoapp\",\r\n      \"name\": \"sqlidemoapp\",\r\n      \"type\": \"Microsoft.Storage/storageAccounts\",\r\n      \"sku\": {\r\n        \"name\": \"Standard_LRS\",\r\n        \"tier\": \"Standard\"\r\n      },\r\n      \"kind\": \"Storage\",\r\n      \"location\": \"westeurope\",\r\n      \"tags\": {}\r\n    },\r\n    {\r\n      \"id\": \"/subscriptions/cca24ec8-99b5-4aa7-9ff6-486e886f304c/resourceGroups/yosefdrg1/providers/Microsoft.Storage/storageAccounts/yosefdrg14349\",\r\n      \"name\": \"yosefdrg14349\",\r\n      \"type\": \"Microsoft.Storage/storageAccounts\",\r\n      \"sku\": {\r\n        \"name\": \"Standard_LRS\",\r\n        \"tier\": \"Standard\"\r\n      },\r\n      \"kind\": \"Storage\",\r\n      \"location\": \"japanwest\",\r\n      \"tags\": {}\r\n    }\r\n  ]\r\n}",
      "ResponseHeaders": {
        "Content-Length": [
          "17217"
        ],
        "Content-Type": [
          "application/json; charset=utf-8"
        ],
        "Expires": [
          "-1"
        ],
        "Pragma": [
          "no-cache"
        ],
        "x-ms-ratelimit-remaining-subscription-reads": [
          "14251"
        ],
        "x-ms-request-id": [
          "5cc918b9-d055-426a-82da-0a3b17d27b69"
        ],
        "x-ms-correlation-request-id": [
          "5cc918b9-d055-426a-82da-0a3b17d27b69"
        ],
        "x-ms-routing-request-id": [
          "WESTEUROPE:20160823T131200Z:5cc918b9-d055-426a-82da-0a3b17d27b69"
        ],
        "Strict-Transport-Security": [
          "max-age=31536000; includeSubDomains"
        ],
        "Cache-Control": [
          "no-cache"
        ],
        "Date": [
          "Tue, 23 Aug 2016 13:11:59 GMT"
        ]
      },
      "StatusCode": 200
    },
    {
      "RequestUri": "/subscriptions/cca24ec8-99b5-4aa7-9ff6-486e886f304c/resourceGroups/sql-audit-cmdlet-test-rg6004/providers/Microsoft.ClassicStorage/storageAccounts/auditcmdlets6004/listKeys?api-version=2014-06-01",
      "EncodedRequestUri": "L3N1YnNjcmlwdGlvbnMvY2NhMjRlYzgtOTliNS00YWE3LTlmZjYtNDg2ZTg4NmYzMDRjL3Jlc291cmNlR3JvdXBzL3NxbC1hdWRpdC1jbWRsZXQtdGVzdC1yZzYwMDQvcHJvdmlkZXJzL01pY3Jvc29mdC5DbGFzc2ljU3RvcmFnZS9zdG9yYWdlQWNjb3VudHMvYXVkaXRjbWRsZXRzNjAwNC9saXN0S2V5cz9hcGktdmVyc2lvbj0yMDE0LTA2LTAx",
      "RequestMethod": "POST",
      "RequestBody": "",
      "RequestHeaders": {
        "User-Agent": [
          "Microsoft.Azure.Management.Sql.SqlManagementClient/0.9.0.0"
        ],
        "x-ms-client-request-id": [
          "none"
        ]
      },
      "ResponseBody": "{\r\n  \"error\": {\r\n    \"code\": \"ResourceNotFound\",\r\n    \"message\": \"The Resource 'Microsoft.ClassicStorage/storageAccounts/auditcmdlets6004' under resource group 'sql-audit-cmdlet-test-rg6004' was not found.\"\r\n  }\r\n}",
      "ResponseHeaders": {
        "Content-Length": [
          "189"
        ],
        "Content-Type": [
          "application/json; charset=utf-8"
        ],
        "Expires": [
          "-1"
        ],
        "Pragma": [
          "no-cache"
        ],
        "x-ms-failure-cause": [
          "gateway"
        ],
        "x-ms-request-id": [
          "4ef5f81e-c514-4daa-9dd9-7dfc7355d0ef"
        ],
        "x-ms-correlation-request-id": [
          "4ef5f81e-c514-4daa-9dd9-7dfc7355d0ef"
        ],
        "x-ms-routing-request-id": [
          "WESTEUROPE:20160823T131200Z:4ef5f81e-c514-4daa-9dd9-7dfc7355d0ef"
        ],
        "Strict-Transport-Security": [
          "max-age=31536000; includeSubDomains"
        ],
        "Cache-Control": [
          "no-cache"
        ],
        "Date": [
          "Tue, 23 Aug 2016 13:11:59 GMT"
        ]
      },
      "StatusCode": 404
    },
    {
      "RequestUri": "/subscriptions/cca24ec8-99b5-4aa7-9ff6-486e886f304c/resourceGroups/sql-audit-cmdlet-test-rg6004/providers/Microsoft.Storage/storageAccounts/auditcmdlets6004/listKeys?api-version=2015-05-01-preview",
      "EncodedRequestUri": "L3N1YnNjcmlwdGlvbnMvY2NhMjRlYzgtOTliNS00YWE3LTlmZjYtNDg2ZTg4NmYzMDRjL3Jlc291cmNlR3JvdXBzL3NxbC1hdWRpdC1jbWRsZXQtdGVzdC1yZzYwMDQvcHJvdmlkZXJzL01pY3Jvc29mdC5TdG9yYWdlL3N0b3JhZ2VBY2NvdW50cy9hdWRpdGNtZGxldHM2MDA0L2xpc3RLZXlzP2FwaS12ZXJzaW9uPTIwMTUtMDUtMDEtcHJldmlldw==",
      "RequestMethod": "POST",
      "RequestBody": "",
      "RequestHeaders": {
        "x-ms-client-request-id": [
          "9c9422a4-e73f-4a62-9591-6bfde6101e68"
        ],
        "User-Agent": [
          "Microsoft.Azure.Management.Storage.StorageManagementClient/2.0.0.0"
        ]
      },
      "ResponseBody": "{\r\n  \"key1\": \"BtIBv07ixqFo+1anlplnBbINgjrkrGCZLThmX53a33f3+ZM3foQKEOBeMJNAgW/b8/IAVOiwDMeN3ZqcNSoq7Q==\",\r\n  \"key2\": \"zAVJ50hCngyx9jCN8trujvYMQPP2/7foPCZjCFk56hf/twQvqYa4jGoGdjVrnEXe+5D4UYc7gsd0pUVGivmYyw==\"\r\n}",
      "ResponseHeaders": {
        "Content-Length": [
          "198"
        ],
        "Content-Type": [
          "application/json"
        ],
        "Expires": [
          "-1"
        ],
        "Pragma": [
          "no-cache"
        ],
        "x-ms-request-id": [
          "4a9d99f6-ad15-426e-b780-93221ef4d30d"
        ],
        "x-ms-ratelimit-remaining-subscription-writes": [
          "1194"
        ],
        "x-ms-correlation-request-id": [
          "4a9d99f6-ad15-426e-b780-93221ef4d30d"
        ],
        "x-ms-routing-request-id": [
          "WESTEUROPE:20160823T131201Z:4a9d99f6-ad15-426e-b780-93221ef4d30d"
        ],
        "Strict-Transport-Security": [
          "max-age=31536000; includeSubDomains"
        ],
        "Cache-Control": [
          "no-cache"
        ],
        "Date": [
          "Tue, 23 Aug 2016 13:12:00 GMT"
        ],
        "Server": [
          "Microsoft-HTTPAPI/2.0"
        ]
      },
      "StatusCode": 200
    },
    {
      "RequestUri": "/subscriptions/cca24ec8-99b5-4aa7-9ff6-486e886f304c/resourceGroups/sql-audit-cmdlet-test-rg6004/providers/Microsoft.Sql/servers/sql-audit-cmdlet-server6004/databases/sql-audit-cmdlet-db6004/auditingPolicies/Default?api-version=2014-04-01",
      "EncodedRequestUri": "L3N1YnNjcmlwdGlvbnMvY2NhMjRlYzgtOTliNS00YWE3LTlmZjYtNDg2ZTg4NmYzMDRjL3Jlc291cmNlR3JvdXBzL3NxbC1hdWRpdC1jbWRsZXQtdGVzdC1yZzYwMDQvcHJvdmlkZXJzL01pY3Jvc29mdC5TcWwvc2VydmVycy9zcWwtYXVkaXQtY21kbGV0LXNlcnZlcjYwMDQvZGF0YWJhc2VzL3NxbC1hdWRpdC1jbWRsZXQtZGI2MDA0L2F1ZGl0aW5nUG9saWNpZXMvRGVmYXVsdD9hcGktdmVyc2lvbj0yMDE0LTA0LTAx",
      "RequestMethod": "PUT",
      "RequestBody": "{\r\n  \"properties\": {\r\n    \"useServerDefault\": \"Disabled\",\r\n    \"auditingState\": \"Enabled\",\r\n    \"eventTypesToAudit\": \"PlainSQL_Success;PlainSQL_Failure;ParameterizedSQL_Success;ParameterizedSQL_Failure;StoredProcedure_Success;StoredProcedure_Failure;Login_Success;Login_Failure;TransactionManagement_Success;TransactionManagement_Failure\",\r\n    \"storageAccountName\": \"auditcmdlets6004\",\r\n    \"storageAccountKey\": \"BtIBv07ixqFo+1anlplnBbINgjrkrGCZLThmX53a33f3+ZM3foQKEOBeMJNAgW/b8/IAVOiwDMeN3ZqcNSoq7Q==\",\r\n    \"storageTableEndpoint\": \"https://auditcmdlets6004.table.core.windows.net\",\r\n    \"storageAccountResourceGroupName\": \"sql-audit-cmdlet-test-rg6004\",\r\n    \"storageAccountSubscriptionId\": \"cca24ec8-99b5-4aa7-9ff6-486e886f304c\",\r\n    \"retentionDays\": \"0\",\r\n    \"auditLogsTableName\": \"Sqlauditcmdletserver6Sqlauditcmdletdb6004\"\r\n  }\r\n}",
      "RequestHeaders": {
        "Content-Type": [
          "application/json; charset=utf-8"
        ],
        "Content-Length": [
          "839"
        ],
        "User-Agent": [
          "Microsoft.Azure.Management.Sql.SqlManagementClient/0.9.0.0"
        ],
        "x-ms-client-request-id": [
          "79f67442-6503-4f73-b392-c23f39c29397"
        ]
      },
      "ResponseBody": "{\r\n  \"id\": \"/subscriptions/cca24ec8-99b5-4aa7-9ff6-486e886f304c/resourceGroups/sql-audit-cmdlet-test-rg6004/providers/Microsoft.Sql/servers/sql-audit-cmdlet-server6004/databases/sql-audit-cmdlet-db6004/auditingPolicies/Default\",\r\n  \"name\": \"Default\",\r\n  \"type\": \"Microsoft.Sql/servers/databases/auditingPolicies\",\r\n  \"location\": null,\r\n  \"kind\": null,\r\n  \"properties\": {\r\n    \"auditingState\": \"Enabled\",\r\n    \"eventTypesToAudit\": \"PlainSQL_Success;PlainSQL_Failure;ParameterizedSQL_Success;ParameterizedSQL_Failure;StoredProcedure_Success;StoredProcedure_Failure;Login_Success;Login_Failure;TransactionManagement_Success;TransactionManagement_Failure\",\r\n    \"storageAccountName\": \"auditcmdlets6004\",\r\n    \"storageAccountKey\": \"BtIBv07ixqFo+1anlplnBbINgjrkrGCZLThmX53a33f3+ZM3foQKEOBeMJNAgW/b8/IAVOiwDMeN3ZqcNSoq7Q==\",\r\n    \"storageAccountSecondaryKey\": null,\r\n    \"storageTableEndpoint\": \"https://auditcmdlets6004.table.core.windows.net\",\r\n    \"storageAccountResourceGroupName\": \"sql-audit-cmdlet-test-rg6004\",\r\n    \"storageAccountSubscriptionId\": \"cca24ec8-99b5-4aa7-9ff6-486e886f304c\",\r\n    \"useServerDefault\": \"Disabled\",\r\n    \"fullAuditLogsTableName\": null,\r\n    \"auditLogsTableName\": \"Sqlauditcmdletserver6Sqlauditcmdletdb6004\",\r\n    \"retentionDays\": \"0\"\r\n  }\r\n}",
      "ResponseHeaders": {
        "Content-Length": [
          "1147"
        ],
        "Content-Type": [
          "application/json; odata=minimalmetadata; streaming=true; charset=utf-8"
        ],
        "x-ms-request-id": [
          "a8fd08cc-728b-4d07-adfb-29cbbc98c2f9"
        ],
        "X-Content-Type-Options": [
          "nosniff"
        ],
        "Preference-Applied": [
          "return-content"
        ],
        "DataServiceVersion": [
          "3.0;"
        ],
        "Strict-Transport-Security": [
          "max-age=31536000; includeSubDomains"
        ],
        "x-ms-ratelimit-remaining-subscription-writes": [
          "1194"
        ],
        "x-ms-correlation-request-id": [
          "094dffac-3e33-4174-9ea9-a0ce5b59a168"
        ],
        "x-ms-routing-request-id": [
          "WESTEUROPE:20160823T131204Z:094dffac-3e33-4174-9ea9-a0ce5b59a168"
        ],
        "Cache-Control": [
          "no-store, no-cache"
        ],
        "Date": [
          "Tue, 23 Aug 2016 13:12:03 GMT"
        ],
        "Server": [
          "Microsoft-HTTPAPI/2.0"
        ]
      },
      "StatusCode": 200
    },
    {
      "RequestUri": "/subscriptions/cca24ec8-99b5-4aa7-9ff6-486e886f304c/resourceGroups/sql-audit-cmdlet-test-rg6004/providers/Microsoft.Sql/servers/sql-audit-cmdlet-server6004/databases/sql-audit-cmdlet-db6004/securityAlertPolicies/Default?api-version=2014-04-01",
      "EncodedRequestUri": "L3N1YnNjcmlwdGlvbnMvY2NhMjRlYzgtOTliNS00YWE3LTlmZjYtNDg2ZTg4NmYzMDRjL3Jlc291cmNlR3JvdXBzL3NxbC1hdWRpdC1jbWRsZXQtdGVzdC1yZzYwMDQvcHJvdmlkZXJzL01pY3Jvc29mdC5TcWwvc2VydmVycy9zcWwtYXVkaXQtY21kbGV0LXNlcnZlcjYwMDQvZGF0YWJhc2VzL3NxbC1hdWRpdC1jbWRsZXQtZGI2MDA0L3NlY3VyaXR5QWxlcnRQb2xpY2llcy9EZWZhdWx0P2FwaS12ZXJzaW9uPTIwMTQtMDQtMDE=",
      "RequestMethod": "GET",
      "RequestBody": "",
      "RequestHeaders": {
        "User-Agent": [
          "Microsoft.Azure.Management.Sql.SqlManagementClient/0.9.0.0"
        ],
        "x-ms-client-request-id": [
          "1b6f12b9-e99c-4258-a12e-a89f9248f537"
        ]
      },
      "ResponseBody": "{\r\n  \"id\": \"/subscriptions/cca24ec8-99b5-4aa7-9ff6-486e886f304c/resourceGroups/sql-audit-cmdlet-test-rg6004/providers/Microsoft.Sql/servers/sql-audit-cmdlet-server6004/databases/sql-audit-cmdlet-db6004/securityAlertPolicies/Default\",\r\n  \"name\": \"Default\",\r\n  \"type\": \"Microsoft.Sql/servers/databases/securityAlertPolicies\",\r\n  \"location\": \"Japan East\",\r\n  \"kind\": null,\r\n  \"properties\": {\r\n    \"useServerDefault\": \"Enabled\",\r\n    \"state\": \"New\",\r\n    \"disabledAlerts\": \"Preview\",\r\n    \"emailAddresses\": \"\",\r\n    \"emailAccountAdmins\": \"Enabled\",\r\n    \"storageEndpoint\": null,\r\n    \"storageAccountAccessKey\": null,\r\n    \"retentionDays\": 0\r\n  }\r\n}",
      "ResponseHeaders": {
        "Content-Length": [
          "552"
        ],
        "Content-Type": [
          "application/json; odata=minimalmetadata; streaming=true; charset=utf-8"
        ],
        "x-ms-request-id": [
          "481a0945-c966-4688-a6aa-62ab0f0fed9d"
        ],
        "X-Content-Type-Options": [
          "nosniff"
        ],
        "DataServiceVersion": [
          "3.0;"
        ],
        "Strict-Transport-Security": [
          "max-age=31536000; includeSubDomains"
        ],
        "x-ms-ratelimit-remaining-subscription-reads": [
          "12019"
        ],
        "x-ms-correlation-request-id": [
          "eb878c5b-aa19-42b2-a911-6bfd53a4214a"
        ],
        "x-ms-routing-request-id": [
          "WESTEUROPE:20160823T131206Z:eb878c5b-aa19-42b2-a911-6bfd53a4214a"
        ],
        "Cache-Control": [
          "no-store, no-cache"
        ],
        "Date": [
          "Tue, 23 Aug 2016 13:12:05 GMT"
        ],
        "Server": [
          "Microsoft-HTTPAPI/2.0"
        ]
      },
      "StatusCode": 200
    },
    {
      "RequestUri": "/subscriptions/cca24ec8-99b5-4aa7-9ff6-486e886f304c/resourceGroups/sql-audit-cmdlet-test-rg6004/providers/Microsoft.Sql/servers/sql-audit-cmdlet-server6004/databases/sql-audit-cmdlet-db6004/securityAlertPolicies/Default?api-version=2014-04-01",
      "EncodedRequestUri": "L3N1YnNjcmlwdGlvbnMvY2NhMjRlYzgtOTliNS00YWE3LTlmZjYtNDg2ZTg4NmYzMDRjL3Jlc291cmNlR3JvdXBzL3NxbC1hdWRpdC1jbWRsZXQtdGVzdC1yZzYwMDQvcHJvdmlkZXJzL01pY3Jvc29mdC5TcWwvc2VydmVycy9zcWwtYXVkaXQtY21kbGV0LXNlcnZlcjYwMDQvZGF0YWJhc2VzL3NxbC1hdWRpdC1jbWRsZXQtZGI2MDA0L3NlY3VyaXR5QWxlcnRQb2xpY2llcy9EZWZhdWx0P2FwaS12ZXJzaW9uPTIwMTQtMDQtMDE=",
      "RequestMethod": "GET",
      "RequestBody": "",
      "RequestHeaders": {
        "User-Agent": [
          "Microsoft.Azure.Management.Sql.SqlManagementClient/0.9.0.0"
        ],
        "x-ms-client-request-id": [
          "e8b868ab-4093-4ce2-8601-bad770a233b5"
        ]
      },
      "ResponseBody": "{\r\n  \"id\": \"/subscriptions/cca24ec8-99b5-4aa7-9ff6-486e886f304c/resourceGroups/sql-audit-cmdlet-test-rg6004/providers/Microsoft.Sql/servers/sql-audit-cmdlet-server6004/databases/sql-audit-cmdlet-db6004/securityAlertPolicies/Default\",\r\n  \"name\": \"Default\",\r\n  \"type\": \"Microsoft.Sql/servers/databases/securityAlertPolicies\",\r\n  \"location\": \"Japan East\",\r\n  \"kind\": null,\r\n  \"properties\": {\r\n    \"useServerDefault\": \"Disabled\",\r\n    \"state\": \"Enabled\",\r\n    \"disabledAlerts\": \"Sql_Injection_Vulnerability\",\r\n    \"emailAddresses\": \"koko@mailTest.com;koko1@mailTest.com\",\r\n    \"emailAccountAdmins\": \"Disabled\",\r\n    \"storageEndpoint\": null,\r\n    \"storageAccountAccessKey\": null,\r\n    \"retentionDays\": 0\r\n  }\r\n}",
      "ResponseHeaders": {
        "Content-Length": [
          "614"
        ],
        "Content-Type": [
          "application/json; odata=minimalmetadata; streaming=true; charset=utf-8"
        ],
        "x-ms-request-id": [
          "23b45721-8c22-414f-a5be-c1b2b929831f"
        ],
        "X-Content-Type-Options": [
          "nosniff"
        ],
        "DataServiceVersion": [
          "3.0;"
        ],
        "Strict-Transport-Security": [
          "max-age=31536000; includeSubDomains"
        ],
        "x-ms-ratelimit-remaining-subscription-reads": [
          "12011"
        ],
        "x-ms-correlation-request-id": [
          "9068e604-db20-4aac-b131-3d3497e6358c"
        ],
        "x-ms-routing-request-id": [
          "WESTEUROPE:20160823T131212Z:9068e604-db20-4aac-b131-3d3497e6358c"
        ],
        "Cache-Control": [
          "no-store, no-cache"
        ],
        "Date": [
          "Tue, 23 Aug 2016 13:12:11 GMT"
        ],
        "Server": [
          "Microsoft-HTTPAPI/2.0"
        ]
      },
      "StatusCode": 200
    },
    {
      "RequestUri": "/subscriptions/cca24ec8-99b5-4aa7-9ff6-486e886f304c/resourceGroups/sql-audit-cmdlet-test-rg6004/providers/Microsoft.Sql/servers/sql-audit-cmdlet-server6004/databases/sql-audit-cmdlet-db6004/securityAlertPolicies/Default?api-version=2014-04-01",
      "EncodedRequestUri": "L3N1YnNjcmlwdGlvbnMvY2NhMjRlYzgtOTliNS00YWE3LTlmZjYtNDg2ZTg4NmYzMDRjL3Jlc291cmNlR3JvdXBzL3NxbC1hdWRpdC1jbWRsZXQtdGVzdC1yZzYwMDQvcHJvdmlkZXJzL01pY3Jvc29mdC5TcWwvc2VydmVycy9zcWwtYXVkaXQtY21kbGV0LXNlcnZlcjYwMDQvZGF0YWJhc2VzL3NxbC1hdWRpdC1jbWRsZXQtZGI2MDA0L3NlY3VyaXR5QWxlcnRQb2xpY2llcy9EZWZhdWx0P2FwaS12ZXJzaW9uPTIwMTQtMDQtMDE=",
      "RequestMethod": "GET",
      "RequestBody": "",
      "RequestHeaders": {
        "User-Agent": [
          "Microsoft.Azure.Management.Sql.SqlManagementClient/0.9.0.0"
        ],
        "x-ms-client-request-id": [
          "b8e69d82-cfc7-4bc2-b225-3ea9481019aa"
        ]
      },
      "ResponseBody": "{\r\n  \"id\": \"/subscriptions/cca24ec8-99b5-4aa7-9ff6-486e886f304c/resourceGroups/sql-audit-cmdlet-test-rg6004/providers/Microsoft.Sql/servers/sql-audit-cmdlet-server6004/databases/sql-audit-cmdlet-db6004/securityAlertPolicies/Default\",\r\n  \"name\": \"Default\",\r\n  \"type\": \"Microsoft.Sql/servers/databases/securityAlertPolicies\",\r\n  \"location\": \"Japan East\",\r\n  \"kind\": null,\r\n  \"properties\": {\r\n    \"useServerDefault\": \"Disabled\",\r\n    \"state\": \"Enabled\",\r\n    \"disabledAlerts\": \"Sql_Injection_Vulnerability\",\r\n    \"emailAddresses\": \"koko@mailTest.com;koko1@mailTest.com\",\r\n    \"emailAccountAdmins\": \"Disabled\",\r\n    \"storageEndpoint\": null,\r\n    \"storageAccountAccessKey\": null,\r\n    \"retentionDays\": 0\r\n  }\r\n}",
      "ResponseHeaders": {
        "Content-Length": [
          "614"
        ],
        "Content-Type": [
          "application/json; odata=minimalmetadata; streaming=true; charset=utf-8"
        ],
        "x-ms-request-id": [
          "a9f4b4ac-c544-452f-85fa-8673290ae3bb"
        ],
        "X-Content-Type-Options": [
          "nosniff"
        ],
        "DataServiceVersion": [
          "3.0;"
        ],
        "Strict-Transport-Security": [
          "max-age=31536000; includeSubDomains"
        ],
        "x-ms-ratelimit-remaining-subscription-reads": [
          "12008"
        ],
        "x-ms-correlation-request-id": [
          "54c9c294-04b4-487b-8f8c-71cd802055fb"
        ],
        "x-ms-routing-request-id": [
          "WESTEUROPE:20160823T131214Z:54c9c294-04b4-487b-8f8c-71cd802055fb"
        ],
        "Cache-Control": [
          "no-store, no-cache"
        ],
        "Date": [
          "Tue, 23 Aug 2016 13:12:13 GMT"
        ],
        "Server": [
          "Microsoft-HTTPAPI/2.0"
        ]
      },
      "StatusCode": 200
    },
    {
      "RequestUri": "/subscriptions/cca24ec8-99b5-4aa7-9ff6-486e886f304c/resourceGroups/sql-audit-cmdlet-test-rg6004/providers/Microsoft.Sql/servers/sql-audit-cmdlet-server6004/databases/sql-audit-cmdlet-db6004/securityAlertPolicies/Default?api-version=2014-04-01",
      "EncodedRequestUri": "L3N1YnNjcmlwdGlvbnMvY2NhMjRlYzgtOTliNS00YWE3LTlmZjYtNDg2ZTg4NmYzMDRjL3Jlc291cmNlR3JvdXBzL3NxbC1hdWRpdC1jbWRsZXQtdGVzdC1yZzYwMDQvcHJvdmlkZXJzL01pY3Jvc29mdC5TcWwvc2VydmVycy9zcWwtYXVkaXQtY21kbGV0LXNlcnZlcjYwMDQvZGF0YWJhc2VzL3NxbC1hdWRpdC1jbWRsZXQtZGI2MDA0L3NlY3VyaXR5QWxlcnRQb2xpY2llcy9EZWZhdWx0P2FwaS12ZXJzaW9uPTIwMTQtMDQtMDE=",
      "RequestMethod": "GET",
      "RequestBody": "",
      "RequestHeaders": {
        "User-Agent": [
          "Microsoft.Azure.Management.Sql.SqlManagementClient/0.9.0.0"
        ],
        "x-ms-client-request-id": [
          "04a5dfdb-9480-4ff7-8fc5-f6edadc8547c"
        ]
      },
      "ResponseBody": "{\r\n  \"id\": \"/subscriptions/cca24ec8-99b5-4aa7-9ff6-486e886f304c/resourceGroups/sql-audit-cmdlet-test-rg6004/providers/Microsoft.Sql/servers/sql-audit-cmdlet-server6004/databases/sql-audit-cmdlet-db6004/securityAlertPolicies/Default\",\r\n  \"name\": \"Default\",\r\n  \"type\": \"Microsoft.Sql/servers/databases/securityAlertPolicies\",\r\n  \"location\": \"Japan East\",\r\n  \"kind\": null,\r\n  \"properties\": {\r\n    \"useServerDefault\": \"Disabled\",\r\n    \"state\": \"Enabled\",\r\n    \"disabledAlerts\": \"Sql_Injection;Sql_Injection_Vulnerability;Access_Anomaly;Usage_Anomaly\",\r\n    \"emailAddresses\": \"koko@mailTest.com;koko1@mailTest.com\",\r\n    \"emailAccountAdmins\": \"Disabled\",\r\n    \"storageEndpoint\": null,\r\n    \"storageAccountAccessKey\": null,\r\n    \"retentionDays\": 0\r\n  }\r\n}",
      "ResponseHeaders": {
        "Content-Length": [
          "657"
        ],
        "Content-Type": [
          "application/json; odata=minimalmetadata; streaming=true; charset=utf-8"
        ],
        "x-ms-request-id": [
          "aa51e777-dd2b-4f58-82b6-bb29f571552b"
        ],
        "X-Content-Type-Options": [
          "nosniff"
        ],
        "DataServiceVersion": [
          "3.0;"
        ],
        "Strict-Transport-Security": [
          "max-age=31536000; includeSubDomains"
        ],
        "x-ms-ratelimit-remaining-subscription-reads": [
          "11998"
        ],
        "x-ms-correlation-request-id": [
          "9d0adf18-369c-425b-a501-d5246dadf266"
        ],
        "x-ms-routing-request-id": [
          "WESTEUROPE:20160823T131219Z:9d0adf18-369c-425b-a501-d5246dadf266"
        ],
        "Cache-Control": [
          "no-store, no-cache"
        ],
        "Date": [
          "Tue, 23 Aug 2016 13:12:19 GMT"
        ],
        "Server": [
          "Microsoft-HTTPAPI/2.0"
        ]
      },
      "StatusCode": 200
    },
    {
      "RequestUri": "/subscriptions/cca24ec8-99b5-4aa7-9ff6-486e886f304c/resourceGroups/sql-audit-cmdlet-test-rg6004/providers/Microsoft.Sql/servers/sql-audit-cmdlet-server6004/databases/sql-audit-cmdlet-db6004/securityAlertPolicies/Default?api-version=2014-04-01",
      "EncodedRequestUri": "L3N1YnNjcmlwdGlvbnMvY2NhMjRlYzgtOTliNS00YWE3LTlmZjYtNDg2ZTg4NmYzMDRjL3Jlc291cmNlR3JvdXBzL3NxbC1hdWRpdC1jbWRsZXQtdGVzdC1yZzYwMDQvcHJvdmlkZXJzL01pY3Jvc29mdC5TcWwvc2VydmVycy9zcWwtYXVkaXQtY21kbGV0LXNlcnZlcjYwMDQvZGF0YWJhc2VzL3NxbC1hdWRpdC1jbWRsZXQtZGI2MDA0L3NlY3VyaXR5QWxlcnRQb2xpY2llcy9EZWZhdWx0P2FwaS12ZXJzaW9uPTIwMTQtMDQtMDE=",
      "RequestMethod": "GET",
      "RequestBody": "",
      "RequestHeaders": {
        "User-Agent": [
          "Microsoft.Azure.Management.Sql.SqlManagementClient/0.9.0.0"
        ],
        "x-ms-client-request-id": [
          "d01d3af7-38e1-46ce-9815-5bd9aca530a4"
        ]
      },
      "ResponseBody": "{\r\n  \"id\": \"/subscriptions/cca24ec8-99b5-4aa7-9ff6-486e886f304c/resourceGroups/sql-audit-cmdlet-test-rg6004/providers/Microsoft.Sql/servers/sql-audit-cmdlet-server6004/databases/sql-audit-cmdlet-db6004/securityAlertPolicies/Default\",\r\n  \"name\": \"Default\",\r\n  \"type\": \"Microsoft.Sql/servers/databases/securityAlertPolicies\",\r\n  \"location\": \"Japan East\",\r\n  \"kind\": null,\r\n  \"properties\": {\r\n    \"useServerDefault\": \"Disabled\",\r\n    \"state\": \"Enabled\",\r\n    \"disabledAlerts\": \"Sql_Injection;Sql_Injection_Vulnerability;Access_Anomaly;Usage_Anomaly\",\r\n    \"emailAddresses\": \"koko@mailTest.com;koko1@mailTest.com\",\r\n    \"emailAccountAdmins\": \"Disabled\",\r\n    \"storageEndpoint\": null,\r\n    \"storageAccountAccessKey\": null,\r\n    \"retentionDays\": 0\r\n  }\r\n}",
      "ResponseHeaders": {
        "Content-Length": [
          "657"
        ],
        "Content-Type": [
          "application/json; odata=minimalmetadata; streaming=true; charset=utf-8"
        ],
        "x-ms-request-id": [
          "9bdea82b-71a9-47e8-a14b-62c223241e1a"
        ],
        "X-Content-Type-Options": [
          "nosniff"
        ],
        "DataServiceVersion": [
          "3.0;"
        ],
        "Strict-Transport-Security": [
          "max-age=31536000; includeSubDomains"
        ],
        "x-ms-ratelimit-remaining-subscription-reads": [
          "11992"
        ],
        "x-ms-correlation-request-id": [
          "2339d1a0-3455-46f1-b7df-c12a2ceb6764"
        ],
        "x-ms-routing-request-id": [
          "WESTEUROPE:20160823T131221Z:2339d1a0-3455-46f1-b7df-c12a2ceb6764"
        ],
        "Cache-Control": [
          "no-store, no-cache"
        ],
        "Date": [
          "Tue, 23 Aug 2016 13:12:21 GMT"
        ],
        "Server": [
          "Microsoft-HTTPAPI/2.0"
        ]
      },
      "StatusCode": 200
    },
    {
      "RequestUri": "/subscriptions/cca24ec8-99b5-4aa7-9ff6-486e886f304c/resourceGroups/sql-audit-cmdlet-test-rg6004/providers/Microsoft.Sql/servers/sql-audit-cmdlet-server6004/databases/sql-audit-cmdlet-db6004/securityAlertPolicies/Default?api-version=2014-04-01",
      "EncodedRequestUri": "L3N1YnNjcmlwdGlvbnMvY2NhMjRlYzgtOTliNS00YWE3LTlmZjYtNDg2ZTg4NmYzMDRjL3Jlc291cmNlR3JvdXBzL3NxbC1hdWRpdC1jbWRsZXQtdGVzdC1yZzYwMDQvcHJvdmlkZXJzL01pY3Jvc29mdC5TcWwvc2VydmVycy9zcWwtYXVkaXQtY21kbGV0LXNlcnZlcjYwMDQvZGF0YWJhc2VzL3NxbC1hdWRpdC1jbWRsZXQtZGI2MDA0L3NlY3VyaXR5QWxlcnRQb2xpY2llcy9EZWZhdWx0P2FwaS12ZXJzaW9uPTIwMTQtMDQtMDE=",
      "RequestMethod": "GET",
      "RequestBody": "",
      "RequestHeaders": {
        "User-Agent": [
          "Microsoft.Azure.Management.Sql.SqlManagementClient/0.9.0.0"
        ],
        "x-ms-client-request-id": [
          "5a3e8f06-6168-45bc-96ac-cb5b420c9669"
        ]
      },
      "ResponseBody": "{\r\n  \"id\": \"/subscriptions/cca24ec8-99b5-4aa7-9ff6-486e886f304c/resourceGroups/sql-audit-cmdlet-test-rg6004/providers/Microsoft.Sql/servers/sql-audit-cmdlet-server6004/databases/sql-audit-cmdlet-db6004/securityAlertPolicies/Default\",\r\n  \"name\": \"Default\",\r\n  \"type\": \"Microsoft.Sql/servers/databases/securityAlertPolicies\",\r\n  \"location\": \"Japan East\",\r\n  \"kind\": null,\r\n  \"properties\": {\r\n    \"useServerDefault\": \"Disabled\",\r\n    \"state\": \"Disabled\",\r\n    \"disabledAlerts\": \"Sql_Injection;Sql_Injection_Vulnerability;Access_Anomaly;Usage_Anomaly\",\r\n    \"emailAddresses\": \"koko@mailTest.com;koko1@mailTest.com\",\r\n    \"emailAccountAdmins\": \"Disabled\",\r\n    \"storageEndpoint\": null,\r\n    \"storageAccountAccessKey\": null,\r\n    \"retentionDays\": 0\r\n  }\r\n}",
      "ResponseHeaders": {
        "Content-Length": [
          "658"
        ],
        "Content-Type": [
          "application/json; odata=minimalmetadata; streaming=true; charset=utf-8"
        ],
        "x-ms-request-id": [
          "796f93ee-084f-424a-ac06-8f2de3cd482a"
        ],
        "X-Content-Type-Options": [
          "nosniff"
        ],
        "DataServiceVersion": [
          "3.0;"
        ],
        "Strict-Transport-Security": [
          "max-age=31536000; includeSubDomains"
        ],
        "x-ms-ratelimit-remaining-subscription-reads": [
          "11984"
        ],
        "x-ms-correlation-request-id": [
          "b8a123c4-ad9a-4240-a01e-3d60347fb5ca"
        ],
        "x-ms-routing-request-id": [
          "WESTEUROPE:20160823T131226Z:b8a123c4-ad9a-4240-a01e-3d60347fb5ca"
        ],
        "Cache-Control": [
          "no-store, no-cache"
        ],
        "Date": [
          "Tue, 23 Aug 2016 13:12:26 GMT"
        ],
        "Server": [
          "Microsoft-HTTPAPI/2.0"
        ]
      },
      "StatusCode": 200
    },
    {
      "RequestUri": "/subscriptions/cca24ec8-99b5-4aa7-9ff6-486e886f304c/resourceGroups/sql-audit-cmdlet-test-rg6004/providers/Microsoft.Sql/servers/sql-audit-cmdlet-server6004/databases/sql-audit-cmdlet-db6004/securityAlertPolicies/Default?api-version=2014-04-01",
      "EncodedRequestUri": "L3N1YnNjcmlwdGlvbnMvY2NhMjRlYzgtOTliNS00YWE3LTlmZjYtNDg2ZTg4NmYzMDRjL3Jlc291cmNlR3JvdXBzL3NxbC1hdWRpdC1jbWRsZXQtdGVzdC1yZzYwMDQvcHJvdmlkZXJzL01pY3Jvc29mdC5TcWwvc2VydmVycy9zcWwtYXVkaXQtY21kbGV0LXNlcnZlcjYwMDQvZGF0YWJhc2VzL3NxbC1hdWRpdC1jbWRsZXQtZGI2MDA0L3NlY3VyaXR5QWxlcnRQb2xpY2llcy9EZWZhdWx0P2FwaS12ZXJzaW9uPTIwMTQtMDQtMDE=",
      "RequestMethod": "GET",
      "RequestBody": "",
      "RequestHeaders": {
        "User-Agent": [
          "Microsoft.Azure.Management.Sql.SqlManagementClient/0.9.0.0"
        ],
        "x-ms-client-request-id": [
          "95172a91-461c-4447-9721-e767c921e8ca"
        ]
      },
      "ResponseBody": "{\r\n  \"id\": \"/subscriptions/cca24ec8-99b5-4aa7-9ff6-486e886f304c/resourceGroups/sql-audit-cmdlet-test-rg6004/providers/Microsoft.Sql/servers/sql-audit-cmdlet-server6004/databases/sql-audit-cmdlet-db6004/securityAlertPolicies/Default\",\r\n  \"name\": \"Default\",\r\n  \"type\": \"Microsoft.Sql/servers/databases/securityAlertPolicies\",\r\n  \"location\": \"Japan East\",\r\n  \"kind\": null,\r\n  \"properties\": {\r\n    \"useServerDefault\": \"Disabled\",\r\n    \"state\": \"Disabled\",\r\n    \"disabledAlerts\": \"Sql_Injection;Sql_Injection_Vulnerability;Access_Anomaly;Usage_Anomaly\",\r\n    \"emailAddresses\": \"koko@mailTest.com;koko1@mailTest.com\",\r\n    \"emailAccountAdmins\": \"Disabled\",\r\n    \"storageEndpoint\": null,\r\n    \"storageAccountAccessKey\": null,\r\n    \"retentionDays\": 0\r\n  }\r\n}",
      "ResponseHeaders": {
        "Content-Length": [
          "658"
        ],
        "Content-Type": [
          "application/json; odata=minimalmetadata; streaming=true; charset=utf-8"
        ],
        "x-ms-request-id": [
          "4c02eb10-8953-4cb0-9db3-e01a8466a8d2"
        ],
        "X-Content-Type-Options": [
          "nosniff"
        ],
        "DataServiceVersion": [
          "3.0;"
        ],
        "Strict-Transport-Security": [
          "max-age=31536000; includeSubDomains"
        ],
        "x-ms-ratelimit-remaining-subscription-reads": [
          "11982"
        ],
        "x-ms-correlation-request-id": [
          "361a454c-f0f5-46ba-934f-52930eb27fcb"
        ],
        "x-ms-routing-request-id": [
          "WESTEUROPE:20160823T131228Z:361a454c-f0f5-46ba-934f-52930eb27fcb"
        ],
        "Cache-Control": [
          "no-store, no-cache"
        ],
        "Date": [
          "Tue, 23 Aug 2016 13:12:27 GMT"
        ],
        "Server": [
          "Microsoft-HTTPAPI/2.0"
        ]
      },
      "StatusCode": 200
    },
    {
      "RequestUri": "/subscriptions/cca24ec8-99b5-4aa7-9ff6-486e886f304c/resourceGroups/sql-audit-cmdlet-test-rg6004/providers/Microsoft.Sql/servers/sql-audit-cmdlet-server6004/databases/sql-audit-cmdlet-db6004/securityAlertPolicies/Default?api-version=2014-04-01",
      "EncodedRequestUri": "L3N1YnNjcmlwdGlvbnMvY2NhMjRlYzgtOTliNS00YWE3LTlmZjYtNDg2ZTg4NmYzMDRjL3Jlc291cmNlR3JvdXBzL3NxbC1hdWRpdC1jbWRsZXQtdGVzdC1yZzYwMDQvcHJvdmlkZXJzL01pY3Jvc29mdC5TcWwvc2VydmVycy9zcWwtYXVkaXQtY21kbGV0LXNlcnZlcjYwMDQvZGF0YWJhc2VzL3NxbC1hdWRpdC1jbWRsZXQtZGI2MDA0L3NlY3VyaXR5QWxlcnRQb2xpY2llcy9EZWZhdWx0P2FwaS12ZXJzaW9uPTIwMTQtMDQtMDE=",
      "RequestMethod": "GET",
      "RequestBody": "",
      "RequestHeaders": {
        "User-Agent": [
          "Microsoft.Azure.Management.Sql.SqlManagementClient/0.9.0.0"
        ],
        "x-ms-client-request-id": [
          "1df820f0-5522-4759-ba64-84752e607d65"
        ]
      },
      "ResponseBody": "{\r\n  \"id\": \"/subscriptions/cca24ec8-99b5-4aa7-9ff6-486e886f304c/resourceGroups/sql-audit-cmdlet-test-rg6004/providers/Microsoft.Sql/servers/sql-audit-cmdlet-server6004/databases/sql-audit-cmdlet-db6004/securityAlertPolicies/Default\",\r\n  \"name\": \"Default\",\r\n  \"type\": \"Microsoft.Sql/servers/databases/securityAlertPolicies\",\r\n  \"location\": \"Japan East\",\r\n  \"kind\": null,\r\n  \"properties\": {\r\n    \"useServerDefault\": \"Disabled\",\r\n    \"state\": \"Enabled\",\r\n    \"disabledAlerts\": \"\",\r\n    \"emailAddresses\": \"koko@mailTest.com;koko1@mailTest.com\",\r\n    \"emailAccountAdmins\": \"Disabled\",\r\n    \"storageEndpoint\": null,\r\n    \"storageAccountAccessKey\": null,\r\n    \"retentionDays\": 0\r\n  }\r\n}",
      "ResponseHeaders": {
        "Content-Length": [
          "587"
        ],
        "Content-Type": [
          "application/json; odata=minimalmetadata; streaming=true; charset=utf-8"
        ],
        "x-ms-request-id": [
          "11b076b0-d86e-44fb-b874-f8aefeb25b5c"
        ],
        "X-Content-Type-Options": [
          "nosniff"
        ],
        "DataServiceVersion": [
          "3.0;"
        ],
        "Strict-Transport-Security": [
          "max-age=31536000; includeSubDomains"
        ],
        "x-ms-ratelimit-remaining-subscription-reads": [
          "11973"
        ],
        "x-ms-correlation-request-id": [
          "0440e405-4d69-4d5e-b820-8fb993478fef"
        ],
        "x-ms-routing-request-id": [
          "WESTEUROPE:20160823T131233Z:0440e405-4d69-4d5e-b820-8fb993478fef"
        ],
        "Cache-Control": [
          "no-store, no-cache"
        ],
        "Date": [
          "Tue, 23 Aug 2016 13:12:33 GMT"
        ],
        "Server": [
          "Microsoft-HTTPAPI/2.0"
        ]
      },
      "StatusCode": 200
    },
    {
      "RequestUri": "/subscriptions/cca24ec8-99b5-4aa7-9ff6-486e886f304c/resourceGroups/sql-audit-cmdlet-test-rg6004/providers/Microsoft.Sql/servers/sql-audit-cmdlet-server6004/databases/sql-audit-cmdlet-db6004/securityAlertPolicies/Default?api-version=2014-04-01",
      "EncodedRequestUri": "L3N1YnNjcmlwdGlvbnMvY2NhMjRlYzgtOTliNS00YWE3LTlmZjYtNDg2ZTg4NmYzMDRjL3Jlc291cmNlR3JvdXBzL3NxbC1hdWRpdC1jbWRsZXQtdGVzdC1yZzYwMDQvcHJvdmlkZXJzL01pY3Jvc29mdC5TcWwvc2VydmVycy9zcWwtYXVkaXQtY21kbGV0LXNlcnZlcjYwMDQvZGF0YWJhc2VzL3NxbC1hdWRpdC1jbWRsZXQtZGI2MDA0L3NlY3VyaXR5QWxlcnRQb2xpY2llcy9EZWZhdWx0P2FwaS12ZXJzaW9uPTIwMTQtMDQtMDE=",
      "RequestMethod": "PUT",
      "RequestBody": "{\r\n  \"properties\": {\r\n    \"state\": \"Enabled\",\r\n    \"disabledAlerts\": \"Sql_Injection_Vulnerability\",\r\n    \"emailAddresses\": \"koko@mailTest.com;koko1@mailTest.com\",\r\n    \"emailAccountAdmins\": \"Disabled\",\r\n    \"retentionDays\": 0\r\n  }\r\n}",
      "RequestHeaders": {
        "Content-Type": [
          "application/json; charset=utf-8"
        ],
        "Content-Length": [
          "233"
        ],
        "User-Agent": [
          "Microsoft.Azure.Management.Sql.SqlManagementClient/0.9.0.0"
        ],
        "x-ms-client-request-id": [
          "1b6f12b9-e99c-4258-a12e-a89f9248f537"
        ]
      },
      "ResponseBody": "{\r\n  \"id\": \"/subscriptions/cca24ec8-99b5-4aa7-9ff6-486e886f304c/resourceGroups/sql-audit-cmdlet-test-rg6004/providers/Microsoft.Sql/servers/sql-audit-cmdlet-server6004/databases/sql-audit-cmdlet-db6004/securityAlertPolicies/Default\",\r\n  \"name\": \"Default\",\r\n  \"type\": \"Microsoft.Sql/servers/databases/securityAlertPolicies\",\r\n  \"location\": null,\r\n  \"kind\": null,\r\n  \"properties\": {\r\n    \"useServerDefault\": null,\r\n    \"state\": \"Enabled\",\r\n    \"disabledAlerts\": \"Sql_Injection_Vulnerability\",\r\n    \"emailAddresses\": \"koko@mailTest.com;koko1@mailTest.com\",\r\n    \"emailAccountAdmins\": \"Disabled\",\r\n    \"storageEndpoint\": null,\r\n    \"storageAccountAccessKey\": null,\r\n    \"retentionDays\": 0\r\n  }\r\n}",
      "ResponseHeaders": {
        "Content-Length": [
          "600"
        ],
        "Content-Type": [
          "application/json; odata=minimalmetadata; streaming=true; charset=utf-8"
        ],
        "x-ms-request-id": [
          "94fdddad-e39a-4af2-b8fe-762e26f7b9f2"
        ],
        "X-Content-Type-Options": [
          "nosniff"
        ],
        "Preference-Applied": [
          "return-content"
        ],
        "DataServiceVersion": [
          "3.0;"
        ],
        "Strict-Transport-Security": [
          "max-age=31536000; includeSubDomains"
        ],
        "x-ms-ratelimit-remaining-subscription-writes": [
          "1193"
        ],
        "x-ms-correlation-request-id": [
          "647f37f4-30ed-4309-93f9-b159db9766ec"
        ],
        "x-ms-routing-request-id": [
          "WESTEUROPE:20160823T131210Z:647f37f4-30ed-4309-93f9-b159db9766ec"
        ],
        "Cache-Control": [
          "no-store, no-cache"
        ],
        "Date": [
          "Tue, 23 Aug 2016 13:12:09 GMT"
        ],
        "Server": [
          "Microsoft-HTTPAPI/2.0"
        ]
      },
      "StatusCode": 200
    },
    {
      "RequestUri": "/subscriptions/cca24ec8-99b5-4aa7-9ff6-486e886f304c/resourceGroups/sql-audit-cmdlet-test-rg6004/providers/Microsoft.Sql/servers/sql-audit-cmdlet-server6004/databases/sql-audit-cmdlet-db6004/securityAlertPolicies/Default?api-version=2014-04-01",
      "EncodedRequestUri": "L3N1YnNjcmlwdGlvbnMvY2NhMjRlYzgtOTliNS00YWE3LTlmZjYtNDg2ZTg4NmYzMDRjL3Jlc291cmNlR3JvdXBzL3NxbC1hdWRpdC1jbWRsZXQtdGVzdC1yZzYwMDQvcHJvdmlkZXJzL01pY3Jvc29mdC5TcWwvc2VydmVycy9zcWwtYXVkaXQtY21kbGV0LXNlcnZlcjYwMDQvZGF0YWJhc2VzL3NxbC1hdWRpdC1jbWRsZXQtZGI2MDA0L3NlY3VyaXR5QWxlcnRQb2xpY2llcy9EZWZhdWx0P2FwaS12ZXJzaW9uPTIwMTQtMDQtMDE=",
      "RequestMethod": "PUT",
      "RequestBody": "{\r\n  \"properties\": {\r\n    \"state\": \"Enabled\",\r\n    \"disabledAlerts\": \"Sql_Injection;Sql_Injection_Vulnerability;Access_Anomaly;Usage_Anomaly\",\r\n    \"emailAddresses\": \"koko@mailTest.com;koko1@mailTest.com\",\r\n    \"emailAccountAdmins\": \"Disabled\",\r\n    \"retentionDays\": 0\r\n  }\r\n}",
      "RequestHeaders": {
        "Content-Type": [
          "application/json; charset=utf-8"
        ],
        "Content-Length": [
          "276"
        ],
        "User-Agent": [
          "Microsoft.Azure.Management.Sql.SqlManagementClient/0.9.0.0"
        ],
        "x-ms-client-request-id": [
          "b8e69d82-cfc7-4bc2-b225-3ea9481019aa"
        ]
      },
      "ResponseBody": "{\r\n  \"id\": \"/subscriptions/cca24ec8-99b5-4aa7-9ff6-486e886f304c/resourceGroups/sql-audit-cmdlet-test-rg6004/providers/Microsoft.Sql/servers/sql-audit-cmdlet-server6004/databases/sql-audit-cmdlet-db6004/securityAlertPolicies/Default\",\r\n  \"name\": \"Default\",\r\n  \"type\": \"Microsoft.Sql/servers/databases/securityAlertPolicies\",\r\n  \"location\": null,\r\n  \"kind\": null,\r\n  \"properties\": {\r\n    \"useServerDefault\": null,\r\n    \"state\": \"Enabled\",\r\n    \"disabledAlerts\": \"Sql_Injection;Sql_Injection_Vulnerability;Access_Anomaly;Usage_Anomaly\",\r\n    \"emailAddresses\": \"koko@mailTest.com;koko1@mailTest.com\",\r\n    \"emailAccountAdmins\": \"Disabled\",\r\n    \"storageEndpoint\": null,\r\n    \"storageAccountAccessKey\": null,\r\n    \"retentionDays\": 0\r\n  }\r\n}",
      "ResponseHeaders": {
        "Content-Length": [
          "643"
        ],
        "Content-Type": [
          "application/json; odata=minimalmetadata; streaming=true; charset=utf-8"
        ],
        "x-ms-request-id": [
          "34a91d79-ef8e-4017-b77d-e6c5851bd3c6"
        ],
        "X-Content-Type-Options": [
          "nosniff"
        ],
        "Preference-Applied": [
          "return-content"
        ],
        "DataServiceVersion": [
          "3.0;"
        ],
        "Strict-Transport-Security": [
          "max-age=31536000; includeSubDomains"
        ],
        "x-ms-ratelimit-remaining-subscription-writes": [
          "1192"
        ],
        "x-ms-correlation-request-id": [
          "b749a161-d34d-488f-892a-26c6bb8beb5a"
        ],
        "x-ms-routing-request-id": [
          "WESTEUROPE:20160823T131217Z:b749a161-d34d-488f-892a-26c6bb8beb5a"
        ],
        "Cache-Control": [
          "no-store, no-cache"
        ],
        "Date": [
          "Tue, 23 Aug 2016 13:12:16 GMT"
        ],
        "Server": [
          "Microsoft-HTTPAPI/2.0"
        ]
      },
      "StatusCode": 200
    },
    {
      "RequestUri": "/subscriptions/cca24ec8-99b5-4aa7-9ff6-486e886f304c/resourceGroups/sql-audit-cmdlet-test-rg6004/providers/Microsoft.Sql/servers/sql-audit-cmdlet-server6004/databases/sql-audit-cmdlet-db6004/securityAlertPolicies/Default?api-version=2014-04-01",
      "EncodedRequestUri": "L3N1YnNjcmlwdGlvbnMvY2NhMjRlYzgtOTliNS00YWE3LTlmZjYtNDg2ZTg4NmYzMDRjL3Jlc291cmNlR3JvdXBzL3NxbC1hdWRpdC1jbWRsZXQtdGVzdC1yZzYwMDQvcHJvdmlkZXJzL01pY3Jvc29mdC5TcWwvc2VydmVycy9zcWwtYXVkaXQtY21kbGV0LXNlcnZlcjYwMDQvZGF0YWJhc2VzL3NxbC1hdWRpdC1jbWRsZXQtZGI2MDA0L3NlY3VyaXR5QWxlcnRQb2xpY2llcy9EZWZhdWx0P2FwaS12ZXJzaW9uPTIwMTQtMDQtMDE=",
      "RequestMethod": "PUT",
      "RequestBody": "{\r\n  \"properties\": {\r\n    \"state\": \"Disabled\",\r\n    \"disabledAlerts\": \"Sql_Injection;Sql_Injection_Vulnerability;Access_Anomaly;Usage_Anomaly\",\r\n    \"emailAddresses\": \"koko@mailTest.com;koko1@mailTest.com\",\r\n    \"emailAccountAdmins\": \"Disabled\",\r\n    \"retentionDays\": 0\r\n  }\r\n}",
      "RequestHeaders": {
        "Content-Type": [
          "application/json; charset=utf-8"
        ],
        "Content-Length": [
          "277"
        ],
        "User-Agent": [
          "Microsoft.Azure.Management.Sql.SqlManagementClient/0.9.0.0"
        ],
        "x-ms-client-request-id": [
          "d01d3af7-38e1-46ce-9815-5bd9aca530a4"
        ]
      },
      "ResponseBody": "{\r\n  \"id\": \"/subscriptions/cca24ec8-99b5-4aa7-9ff6-486e886f304c/resourceGroups/sql-audit-cmdlet-test-rg6004/providers/Microsoft.Sql/servers/sql-audit-cmdlet-server6004/databases/sql-audit-cmdlet-db6004/securityAlertPolicies/Default\",\r\n  \"name\": \"Default\",\r\n  \"type\": \"Microsoft.Sql/servers/databases/securityAlertPolicies\",\r\n  \"location\": null,\r\n  \"kind\": null,\r\n  \"properties\": {\r\n    \"useServerDefault\": null,\r\n    \"state\": \"Disabled\",\r\n    \"disabledAlerts\": \"Sql_Injection;Sql_Injection_Vulnerability;Access_Anomaly;Usage_Anomaly\",\r\n    \"emailAddresses\": \"koko@mailTest.com;koko1@mailTest.com\",\r\n    \"emailAccountAdmins\": \"Disabled\",\r\n    \"storageEndpoint\": null,\r\n    \"storageAccountAccessKey\": null,\r\n    \"retentionDays\": 0\r\n  }\r\n}",
      "ResponseHeaders": {
        "Content-Length": [
          "644"
        ],
        "Content-Type": [
          "application/json; odata=minimalmetadata; streaming=true; charset=utf-8"
        ],
        "x-ms-request-id": [
          "dbf86fdd-1a64-4597-9dee-a23aeb7824f9"
        ],
        "X-Content-Type-Options": [
          "nosniff"
        ],
        "Preference-Applied": [
          "return-content"
        ],
        "DataServiceVersion": [
          "3.0;"
        ],
        "Strict-Transport-Security": [
          "max-age=31536000; includeSubDomains"
        ],
        "x-ms-ratelimit-remaining-subscription-writes": [
          "1191"
        ],
        "x-ms-correlation-request-id": [
          "0244debd-9eaf-4df3-82ad-7ea1282f23bd"
        ],
        "x-ms-routing-request-id": [
          "WESTEUROPE:20160823T131224Z:0244debd-9eaf-4df3-82ad-7ea1282f23bd"
        ],
        "Cache-Control": [
          "no-store, no-cache"
        ],
        "Date": [
          "Tue, 23 Aug 2016 13:12:24 GMT"
        ],
        "Server": [
          "Microsoft-HTTPAPI/2.0"
        ]
      },
      "StatusCode": 200
    },
    {
      "RequestUri": "/subscriptions/cca24ec8-99b5-4aa7-9ff6-486e886f304c/resourceGroups/sql-audit-cmdlet-test-rg6004/providers/Microsoft.Sql/servers/sql-audit-cmdlet-server6004/databases/sql-audit-cmdlet-db6004/securityAlertPolicies/Default?api-version=2014-04-01",
      "EncodedRequestUri": "L3N1YnNjcmlwdGlvbnMvY2NhMjRlYzgtOTliNS00YWE3LTlmZjYtNDg2ZTg4NmYzMDRjL3Jlc291cmNlR3JvdXBzL3NxbC1hdWRpdC1jbWRsZXQtdGVzdC1yZzYwMDQvcHJvdmlkZXJzL01pY3Jvc29mdC5TcWwvc2VydmVycy9zcWwtYXVkaXQtY21kbGV0LXNlcnZlcjYwMDQvZGF0YWJhc2VzL3NxbC1hdWRpdC1jbWRsZXQtZGI2MDA0L3NlY3VyaXR5QWxlcnRQb2xpY2llcy9EZWZhdWx0P2FwaS12ZXJzaW9uPTIwMTQtMDQtMDE=",
      "RequestMethod": "PUT",
      "RequestBody": "{\r\n  \"properties\": {\r\n    \"state\": \"Enabled\",\r\n    \"disabledAlerts\": \"\",\r\n    \"emailAddresses\": \"koko@mailTest.com;koko1@mailTest.com\",\r\n    \"emailAccountAdmins\": \"Disabled\",\r\n    \"retentionDays\": 0\r\n  }\r\n}",
      "RequestHeaders": {
        "Content-Type": [
          "application/json; charset=utf-8"
        ],
        "Content-Length": [
          "206"
        ],
        "User-Agent": [
          "Microsoft.Azure.Management.Sql.SqlManagementClient/0.9.0.0"
        ],
        "x-ms-client-request-id": [
          "95172a91-461c-4447-9721-e767c921e8ca"
        ]
      },
      "ResponseBody": "{\r\n  \"id\": \"/subscriptions/cca24ec8-99b5-4aa7-9ff6-486e886f304c/resourceGroups/sql-audit-cmdlet-test-rg6004/providers/Microsoft.Sql/servers/sql-audit-cmdlet-server6004/databases/sql-audit-cmdlet-db6004/securityAlertPolicies/Default\",\r\n  \"name\": \"Default\",\r\n  \"type\": \"Microsoft.Sql/servers/databases/securityAlertPolicies\",\r\n  \"location\": null,\r\n  \"kind\": null,\r\n  \"properties\": {\r\n    \"useServerDefault\": null,\r\n    \"state\": \"Enabled\",\r\n    \"disabledAlerts\": \"\",\r\n    \"emailAddresses\": \"koko@mailTest.com;koko1@mailTest.com\",\r\n    \"emailAccountAdmins\": \"Disabled\",\r\n    \"storageEndpoint\": null,\r\n    \"storageAccountAccessKey\": null,\r\n    \"retentionDays\": 0\r\n  }\r\n}",
      "ResponseHeaders": {
        "Content-Length": [
          "573"
        ],
        "Content-Type": [
          "application/json; odata=minimalmetadata; streaming=true; charset=utf-8"
        ],
        "x-ms-request-id": [
          "460a19aa-d906-4be0-bbb6-c7f6fcc6db24"
        ],
        "X-Content-Type-Options": [
          "nosniff"
        ],
        "Preference-Applied": [
          "return-content"
        ],
        "DataServiceVersion": [
          "3.0;"
        ],
        "Strict-Transport-Security": [
          "max-age=31536000; includeSubDomains"
        ],
        "x-ms-ratelimit-remaining-subscription-writes": [
          "1190"
        ],
        "x-ms-correlation-request-id": [
          "a5d88356-9579-4c65-a8c8-23187dfb73da"
        ],
        "x-ms-routing-request-id": [
          "WESTEUROPE:20160823T131231Z:a5d88356-9579-4c65-a8c8-23187dfb73da"
        ],
        "Cache-Control": [
          "no-store, no-cache"
        ],
        "Date": [
          "Tue, 23 Aug 2016 13:12:31 GMT"
        ],
        "Server": [
          "Microsoft-HTTPAPI/2.0"
        ]
      },
      "StatusCode": 200
    }
  ],
  "Names": {},
  "Variables": {
    "SubscriptionId": "cca24ec8-99b5-4aa7-9ff6-486e886f304c",
    "User": "yrubin@microsoft.com",
    "TenantId": "72f988bf-86f1-41af-91ab-2d7cd011db47"
  }
}