{
  "Entries": [
    {
      "RequestUri": "/subscriptions/7c943c1b-5122-4097-90c8-861411bdd574/resourceGroups/E2ERg/providers/Microsoft.RecoveryServices/vaults?api-version=2016-06-01",
      "EncodedRequestUri": "L3N1YnNjcmlwdGlvbnMvN2M5NDNjMWItNTEyMi00MDk3LTkwYzgtODYxNDExYmRkNTc0L3Jlc291cmNlR3JvdXBzL0UyRVJnL3Byb3ZpZGVycy9NaWNyb3NvZnQuUmVjb3ZlcnlTZXJ2aWNlcy92YXVsdHM/YXBpLXZlcnNpb249MjAxNi0wNi0wMQ==",
      "RequestMethod": "GET",
      "RequestBody": "",
      "RequestHeaders": {
        "x-ms-client-request-id": [
          "b150b8c2-6365-4cd6-920c-a03148e5415a"
        ],
        "accept-language": [
          "en-US"
        ],
        "User-Agent": [
          "FxVersion/4.6.1590.0",
          "OSName/Windows10Enterprise",
          "OSVersion/6.3.10586",
          "Microsoft.Azure.Management.RecoveryServices.RecoveryServicesClient/4.2.0.0"
        ]
      },
      "ResponseBody": "{\r\n  \"value\": [\r\n    {\r\n      \"location\": \"eastus\",\r\n      \"name\": \"E2ETest\",\r\n      \"etag\": \"W/\\\"datetime'2017-09-18T12%3A02%3A17.7839455Z'\\\"\",\r\n      \"properties\": {\r\n        \"provisioningState\": \"Succeeded\"\r\n      },\r\n      \"id\": \"/subscriptions/7c943c1b-5122-4097-90c8-861411bdd574/resourceGroups/E2ERg/providers/Microsoft.RecoveryServices/vaults/E2ETest\",\r\n      \"type\": \"Microsoft.RecoveryServices/vaults\",\r\n      \"sku\": {\r\n        \"name\": \"RS0\",\r\n        \"tier\": \"Standard\"\r\n      }\r\n    }\r\n  ]\r\n}",
      "ResponseHeaders": {
        "Content-Length": [
          "369"
        ],
        "Content-Type": [
          "application/json"
        ],
        "Expires": [
          "-1"
        ],
        "Pragma": [
          "no-cache"
        ],
        "x-ms-request-id": [
          "a2e27984-5987-4a06-ad5f-e2d8ddb5d576"
        ],
        "x-ms-client-request-id": [
          "b150b8c2-6365-4cd6-920c-a03148e5415a"
        ],
        "Strict-Transport-Security": [
          "max-age=31536000; includeSubDomains"
        ],
        "x-ms-ratelimit-remaining-subscription-reads": [
          "12380"
        ],
        "x-ms-correlation-request-id": [
          "a2e27984-5987-4a06-ad5f-e2d8ddb5d576"
        ],
        "x-ms-routing-request-id": [
          "CENTRALINDIA:20170920T125403Z:a2e27984-5987-4a06-ad5f-e2d8ddb5d576"
        ],
        "Cache-Control": [
          "no-cache"
        ],
        "Date": [
          "Wed, 20 Sep 2017 12:54:03 GMT"
        ],
        "Server": [
          "Microsoft-IIS/8.0"
        ]
      },
      "StatusCode": 200
    },
    {
      "RequestUri": "/Subscriptions/7c943c1b-5122-4097-90c8-861411bdd574/resourceGroups/E2ERg/providers/Microsoft.RecoveryServices/vaults/E2ETest/replicationPolicies/B2APolicyTest1?api-version=2018-07-10",
      "EncodedRequestUri": "L1N1YnNjcmlwdGlvbnMvN2M5NDNjMWItNTEyMi00MDk3LTkwYzgtODYxNDExYmRkNTc0L3Jlc291cmNlR3JvdXBzL0UyRVJnL3Byb3ZpZGVycy9NaWNyb3NvZnQuUmVjb3ZlcnlTZXJ2aWNlcy92YXVsdHMvRTJFVGVzdC9yZXBsaWNhdGlvblBvbGljaWVzL0IyQVBvbGljeVRlc3QxP2FwaS12ZXJzaW9uPTIwMTgtMDctMTA=",
      "RequestMethod": "PUT",
      "RequestBody": "{\r\n  \"properties\": {\r\n    \"providerSpecificInput\": {\r\n      \"instanceType\": \"HyperVReplicaAzure\",\r\n      \"recoveryPointHistoryDuration\": 1,\r\n      \"applicationConsistentSnapshotFrequencyInHours\": 0,\r\n      \"replicationInterval\": 30,\r\n      \"encryption\": \"Disable\",\r\n      \"storageAccounts\": [\r\n        \"/subscriptions/7c943c1b-5122-4097-90c8-861411bdd574/resourceGroups/canaryexproute/providers/Microsoft.Storage/storageAccounts/ev2teststorage\"\r\n      ]\r\n    }\r\n  }\r\n}",
      "RequestHeaders": {
        "Content-Type": [
          "application/json; charset=utf-8"
        ],
        "Content-Length": [
          "468"
        ],
        "x-ms-client-request-id": [
          "88ecd140-e73d-4603-8a46-e3c979f8af3b-2017-09-20 12:54:03Z-P"
        ],
        "accept-language": [
          "en-US"
        ],
        "Agent-Authentication": [
          "{\"NotBeforeTimestamp\":\"\\/Date(1505908443890)\\/\",\"NotAfterTimestamp\":\"\\/Date(1506513243890)\\/\",\"ClientRequestId\":\"88ecd140-e73d-4603-8a46-e3c979f8af3b-2017-09-20 12:54:03Z-P\",\"HashFunction\":\"HMACSHA256\",\"Hmac\":\"4xxqypXUqQ6Oe3bxiYwFR9Clli7iBmXFVVyA+5RNjcQ=\",\"Version\":{\"Major\":1,\"Minor\":2,\"Build\":-1,\"Revision\":-1,\"MajorRevision\":-1,\"MinorRevision\":-1},\"PropertyBag\":{}}"
        ],
        "User-Agent": [
          "FxVersion/4.6.1590.0",
          "OSName/Windows10Enterprise",
          "OSVersion/6.3.10586",
          "Microsoft.Azure.Management.RecoveryServices.SiteRecovery.SiteRecoveryManagementClient/1.0.2.0"
        ]
      },
      "ResponseBody": "",
      "ResponseHeaders": {
        "Content-Length": [
          "0"
        ],
        "Expires": [
          "-1"
        ],
        "Pragma": [
          "no-cache"
        ],
        "Retry-After": [
          "30"
        ],
        "Azure-AsyncOperation": [
          "https://management.azure.com/Subscriptions/7c943c1b-5122-4097-90c8-861411bdd574/resourceGroups/E2ERg/providers/Microsoft.RecoveryServices/vaults/E2ETest/replicationJobs/a6ba7e79-78b1-4126-be6f-dc6387952f4c?api-version=2018-07-10"
        ],
        "x-ms-request-id": [
          "88ecd140-e73d-4603-8a46-e3c979f8af3b-2017-09-20 12:54:03Z-P 9/20/2017 12:54:05 PM"
        ],
        "Strict-Transport-Security": [
          "max-age=31536000; includeSubDomains"
        ],
        "x-ms-client-request-id": [
          "88ecd140-e73d-4603-8a46-e3c979f8af3b-2017-09-20 12:54:03Z-P"
        ],
        "x-ms-ratelimit-remaining-subscription-writes": [
          "1197"
        ],
        "x-ms-correlation-request-id": [
          "469bc54e-efad-4504-93e8-ca78bbedb6f7"
        ],
        "x-ms-routing-request-id": [
          "CENTRALINDIA:20170920T125405Z:469bc54e-efad-4504-93e8-ca78bbedb6f7"
        ],
        "Cache-Control": [
          "no-cache"
        ],
        "Date": [
          "Wed, 20 Sep 2017 12:54:05 GMT"
        ],
        "Location": [
          "https://management.azure.com/Subscriptions/7c943c1b-5122-4097-90c8-861411bdd574/resourceGroups/E2ERg/providers/Microsoft.RecoveryServices/vaults/E2ETest/replicationPolicies/B2APolicyTest1/operationresults/a6ba7e79-78b1-4126-be6f-dc6387952f4c?api-version=2018-07-10"
        ],
        "X-Powered-By": [
          "ASP.NET"
        ]
      },
      "StatusCode": 202
    },
    {
      "RequestUri": "/Subscriptions/7c943c1b-5122-4097-90c8-861411bdd574/resourceGroups/E2ERg/providers/Microsoft.RecoveryServices/vaults/E2ETest/replicationJobs/a6ba7e79-78b1-4126-be6f-dc6387952f4c?api-version=2018-07-10",
      "EncodedRequestUri": "L1N1YnNjcmlwdGlvbnMvN2M5NDNjMWItNTEyMi00MDk3LTkwYzgtODYxNDExYmRkNTc0L3Jlc291cmNlR3JvdXBzL0UyRVJnL3Byb3ZpZGVycy9NaWNyb3NvZnQuUmVjb3ZlcnlTZXJ2aWNlcy92YXVsdHMvRTJFVGVzdC9yZXBsaWNhdGlvbkpvYnMvYTZiYTdlNzktNzhiMS00MTI2LWJlNmYtZGM2Mzg3OTUyZjRjP2FwaS12ZXJzaW9uPTIwMTgtMDctMTA=",
      "RequestMethod": "GET",
      "RequestBody": "",
      "RequestHeaders": {
        "x-ms-client-request-id": [
          "566a9276-a6ea-4e93-9814-2b46adf63927-2017-09-20 12:54:05Z-P"
        ],
        "accept-language": [
          "en-US"
        ],
        "Agent-Authentication": [
          "{\"NotBeforeTimestamp\":\"\\/Date(1505908445460)\\/\",\"NotAfterTimestamp\":\"\\/Date(1506513245460)\\/\",\"ClientRequestId\":\"566a9276-a6ea-4e93-9814-2b46adf63927-2017-09-20 12:54:05Z-P\",\"HashFunction\":\"HMACSHA256\",\"Hmac\":\"cB1in5JODc0tFYLwOhZT6JKcIb9NTxPL0JQpT62vl48=\",\"Version\":{\"Major\":1,\"Minor\":2,\"Build\":-1,\"Revision\":-1,\"MajorRevision\":-1,\"MinorRevision\":-1},\"PropertyBag\":{}}"
        ],
        "User-Agent": [
          "FxVersion/4.6.1590.0",
          "OSName/Windows10Enterprise",
          "OSVersion/6.3.10586",
          "Microsoft.Azure.Management.RecoveryServices.SiteRecovery.SiteRecoveryManagementClient/1.0.2.0"
        ]
      },
      "ResponseBody": "{\r\n  \"id\": \"/Subscriptions/7c943c1b-5122-4097-90c8-861411bdd574/resourceGroups/E2ERg/providers/Microsoft.RecoveryServices/vaults/E2ETest/replicationJobs/a6ba7e79-78b1-4126-be6f-dc6387952f4c\",\r\n  \"name\": \"a6ba7e79-78b1-4126-be6f-dc6387952f4c\",\r\n  \"properties\": {\r\n    \"activityId\": \"88ecd140-e73d-4603-8a46-e3c979f8af3b-2017-09-20 12:54:03Z-P ActivityId: 469bc54e-efad-4504-93e8-ca78bbedb6f7\",\r\n    \"scenarioName\": \"AddProtectionProfile\",\r\n    \"friendlyName\": \"Create replication policy\",\r\n    \"state\": \"InProgress\",\r\n    \"stateDescription\": \"InProgress\",\r\n    \"tasks\": [\r\n      {\r\n        \"taskId\": \"AddProtectionProfilePreflightsCheckTask\",\r\n        \"name\": \"AddProtectionProfilePreflightsCheckTask\",\r\n        \"startTime\": \"2017-09-20T12:54:05.3886598Z\",\r\n        \"endTime\": \"0001-01-01T00:00:00\",\r\n        \"allowedActions\": [],\r\n        \"friendlyName\": \"Prerequisites check for creating the replication policy\",\r\n        \"state\": \"InProgress\",\r\n        \"stateDescription\": \"InProgress\",\r\n        \"taskType\": \"TaskDetails\",\r\n        \"customDetails\": {\r\n          \"instanceType\": \"TaskDetails\"\r\n        },\r\n        \"groupTaskCustomDetails\": null,\r\n        \"errors\": []\r\n      },\r\n      {\r\n        \"taskId\": \"AddProtectionProfileTask\",\r\n        \"name\": \"AddProtectionProfileTask\",\r\n        \"startTime\": \"0001-01-01T00:00:00\",\r\n        \"endTime\": \"0001-01-01T00:00:00\",\r\n        \"allowedActions\": [],\r\n        \"friendlyName\": \"Creating the replication policy\",\r\n        \"state\": \"NotStarted\",\r\n        \"stateDescription\": \"NotStarted\",\r\n        \"taskType\": \"TaskDetails\",\r\n        \"customDetails\": {\r\n          \"instanceType\": \"TaskDetails\"\r\n        },\r\n        \"groupTaskCustomDetails\": null,\r\n        \"errors\": []\r\n      }\r\n    ],\r\n    \"errors\": [],\r\n    \"startTime\": \"2017-09-20T12:54:05.5647756Z\",\r\n    \"allowedActions\": [\r\n      \"Cancel\"\r\n    ],\r\n    \"targetObjectId\": \"30c5a2de-2bbc-5306-9c7f-0df16be5c5e2\",\r\n    \"targetObjectName\": \"B2APolicyTest1\",\r\n    \"targetInstanceType\": \"ProtectionProfile\",\r\n    \"customDetails\": {\r\n      \"instanceType\": \"AsrJobDetails\",\r\n      \"affectedObjectDetails\": {}\r\n    }\r\n  },\r\n  \"status\": \"InProgress\",\r\n  \"error\": null,\r\n  \"startTime\": \"2017-09-20T12:54:05.5647756Z\",\r\n  \"endTime\": null\r\n}",
      "ResponseHeaders": {
        "Content-Length": [
          "1711"
        ],
        "Content-Type": [
          "application/json"
        ],
        "Expires": [
          "-1"
        ],
        "Pragma": [
          "no-cache"
        ],
        "x-ms-request-id": [
          "/Subscriptions/7c943c1b-5122-4097-90c8-861411bdd574/resourceGroups/E2ERg/providers/Microsoft.RecoveryServices/vaults/E2ETest/replicationJobs/a6ba7e79-78b1-4126-be6f-dc6387952f4c"
        ],
        "Strict-Transport-Security": [
          "max-age=31536000; includeSubDomains"
        ],
        "Cache-Control": [
          "no-cache"
        ],
        "Server": [
          "Microsoft-IIS/8.0",
          "Microsoft-IIS/8.5"
        ],
        "X-AspNet-Version": [
          "4.0.30319"
        ],
        "X-Powered-By": [
          "ASP.NET"
        ],
        "x-ms-client-request-id": [
          "566a9276-a6ea-4e93-9814-2b46adf63927-2017-09-20 12:54:05Z-P"
        ],
        "x-ms-ratelimit-remaining-subscription-reads": [
          "12967"
        ],
        "x-ms-correlation-request-id": [
          "e12f6879-ee52-4624-bafa-fdb75fede923"
        ],
        "x-ms-routing-request-id": [
          "CENTRALINDIA:20170920T125405Z:e12f6879-ee52-4624-bafa-fdb75fede923"
        ],
        "Date": [
          "Wed, 20 Sep 2017 12:54:05 GMT"
        ]
      },
      "StatusCode": 200
    },
    {
      "RequestUri": "/Subscriptions/7c943c1b-5122-4097-90c8-861411bdd574/resourceGroups/E2ERg/providers/Microsoft.RecoveryServices/vaults/E2ETest/replicationJobs/a6ba7e79-78b1-4126-be6f-dc6387952f4c?api-version=2018-07-10",
      "EncodedRequestUri": "L1N1YnNjcmlwdGlvbnMvN2M5NDNjMWItNTEyMi00MDk3LTkwYzgtODYxNDExYmRkNTc0L3Jlc291cmNlR3JvdXBzL0UyRVJnL3Byb3ZpZGVycy9NaWNyb3NvZnQuUmVjb3ZlcnlTZXJ2aWNlcy92YXVsdHMvRTJFVGVzdC9yZXBsaWNhdGlvbkpvYnMvYTZiYTdlNzktNzhiMS00MTI2LWJlNmYtZGM2Mzg3OTUyZjRjP2FwaS12ZXJzaW9uPTIwMTgtMDctMTA=",
      "RequestMethod": "GET",
      "RequestBody": "",
      "RequestHeaders": {
        "x-ms-client-request-id": [
          "d52185e3-8346-4ed0-8418-201dd74b8915-2017-09-20 12:54:06Z-P"
        ],
        "accept-language": [
          "en-US"
        ],
        "Agent-Authentication": [
          "{\"NotBeforeTimestamp\":\"\\/Date(1505908446083)\\/\",\"NotAfterTimestamp\":\"\\/Date(1506513246083)\\/\",\"ClientRequestId\":\"d52185e3-8346-4ed0-8418-201dd74b8915-2017-09-20 12:54:06Z-P\",\"HashFunction\":\"HMACSHA256\",\"Hmac\":\"HLU9g9icmzZvXEq1eDyZKVFAdCK0pJ4CpBY8Vj4TeS4=\",\"Version\":{\"Major\":1,\"Minor\":2,\"Build\":-1,\"Revision\":-1,\"MajorRevision\":-1,\"MinorRevision\":-1},\"PropertyBag\":{}}"
        ],
        "User-Agent": [
          "FxVersion/4.6.1590.0",
          "OSName/Windows10Enterprise",
          "OSVersion/6.3.10586",
          "Microsoft.Azure.Management.RecoveryServices.SiteRecovery.SiteRecoveryManagementClient/1.0.2.0"
        ]
      },
      "ResponseBody": "{\r\n  \"id\": \"/Subscriptions/7c943c1b-5122-4097-90c8-861411bdd574/resourceGroups/E2ERg/providers/Microsoft.RecoveryServices/vaults/E2ETest/replicationJobs/a6ba7e79-78b1-4126-be6f-dc6387952f4c\",\r\n  \"name\": \"a6ba7e79-78b1-4126-be6f-dc6387952f4c\",\r\n  \"properties\": {\r\n    \"activityId\": \"88ecd140-e73d-4603-8a46-e3c979f8af3b-2017-09-20 12:54:03Z-P ActivityId: 469bc54e-efad-4504-93e8-ca78bbedb6f7\",\r\n    \"scenarioName\": \"AddProtectionProfile\",\r\n    \"friendlyName\": \"Create replication policy\",\r\n    \"state\": \"InProgress\",\r\n    \"stateDescription\": \"InProgress\",\r\n    \"tasks\": [\r\n      {\r\n        \"taskId\": \"AddProtectionProfilePreflightsCheckTask\",\r\n        \"name\": \"AddProtectionProfilePreflightsCheckTask\",\r\n        \"startTime\": \"2017-09-20T12:54:05.3886598Z\",\r\n        \"endTime\": \"0001-01-01T00:00:00\",\r\n        \"allowedActions\": [],\r\n        \"friendlyName\": \"Prerequisites check for creating the replication policy\",\r\n        \"state\": \"InProgress\",\r\n        \"stateDescription\": \"InProgress\",\r\n        \"taskType\": \"TaskDetails\",\r\n        \"customDetails\": {\r\n          \"instanceType\": \"TaskDetails\"\r\n        },\r\n        \"groupTaskCustomDetails\": null,\r\n        \"errors\": []\r\n      },\r\n      {\r\n        \"taskId\": \"AddProtectionProfileTask\",\r\n        \"name\": \"AddProtectionProfileTask\",\r\n        \"startTime\": \"0001-01-01T00:00:00\",\r\n        \"endTime\": \"0001-01-01T00:00:00\",\r\n        \"allowedActions\": [],\r\n        \"friendlyName\": \"Creating the replication policy\",\r\n        \"state\": \"NotStarted\",\r\n        \"stateDescription\": \"NotStarted\",\r\n        \"taskType\": \"TaskDetails\",\r\n        \"customDetails\": {\r\n          \"instanceType\": \"TaskDetails\"\r\n        },\r\n        \"groupTaskCustomDetails\": null,\r\n        \"errors\": []\r\n      }\r\n    ],\r\n    \"errors\": [],\r\n    \"startTime\": \"2017-09-20T12:54:05.5647756Z\",\r\n    \"allowedActions\": [\r\n      \"Cancel\"\r\n    ],\r\n    \"targetObjectId\": \"30c5a2de-2bbc-5306-9c7f-0df16be5c5e2\",\r\n    \"targetObjectName\": \"B2APolicyTest1\",\r\n    \"targetInstanceType\": \"ProtectionProfile\",\r\n    \"customDetails\": {\r\n      \"instanceType\": \"AsrJobDetails\",\r\n      \"affectedObjectDetails\": {}\r\n    }\r\n  },\r\n  \"status\": \"InProgress\",\r\n  \"error\": null,\r\n  \"startTime\": \"2017-09-20T12:54:05.5647756Z\",\r\n  \"endTime\": null\r\n}",
      "ResponseHeaders": {
        "Content-Length": [
          "1711"
        ],
        "Content-Type": [
          "application/json"
        ],
        "Expires": [
          "-1"
        ],
        "Pragma": [
          "no-cache"
        ],
        "x-ms-request-id": [
          "/Subscriptions/7c943c1b-5122-4097-90c8-861411bdd574/resourceGroups/E2ERg/providers/Microsoft.RecoveryServices/vaults/E2ETest/replicationJobs/a6ba7e79-78b1-4126-be6f-dc6387952f4c"
        ],
        "Strict-Transport-Security": [
          "max-age=31536000; includeSubDomains"
        ],
        "Cache-Control": [
          "no-cache"
        ],
        "Server": [
          "Microsoft-IIS/8.0",
          "Microsoft-IIS/8.5"
        ],
        "X-AspNet-Version": [
          "4.0.30319"
        ],
        "X-Powered-By": [
          "ASP.NET"
        ],
        "x-ms-client-request-id": [
          "d52185e3-8346-4ed0-8418-201dd74b8915-2017-09-20 12:54:06Z-P"
        ],
        "x-ms-ratelimit-remaining-subscription-reads": [
          "12966"
        ],
        "x-ms-correlation-request-id": [
          "00eb25fe-81ac-4c5c-965c-10fbfe88fbde"
        ],
        "x-ms-routing-request-id": [
          "CENTRALINDIA:20170920T125406Z:00eb25fe-81ac-4c5c-965c-10fbfe88fbde"
        ],
        "Date": [
          "Wed, 20 Sep 2017 12:54:06 GMT"
        ]
      },
      "StatusCode": 200
    },
    {
      "RequestUri": "/Subscriptions/7c943c1b-5122-4097-90c8-861411bdd574/resourceGroups/E2ERg/providers/Microsoft.RecoveryServices/vaults/E2ETest/replicationJobs/a6ba7e79-78b1-4126-be6f-dc6387952f4c?api-version=2018-07-10",
      "EncodedRequestUri": "L1N1YnNjcmlwdGlvbnMvN2M5NDNjMWItNTEyMi00MDk3LTkwYzgtODYxNDExYmRkNTc0L3Jlc291cmNlR3JvdXBzL0UyRVJnL3Byb3ZpZGVycy9NaWNyb3NvZnQuUmVjb3ZlcnlTZXJ2aWNlcy92YXVsdHMvRTJFVGVzdC9yZXBsaWNhdGlvbkpvYnMvYTZiYTdlNzktNzhiMS00MTI2LWJlNmYtZGM2Mzg3OTUyZjRjP2FwaS12ZXJzaW9uPTIwMTgtMDctMTA=",
      "RequestMethod": "GET",
      "RequestBody": "",
      "RequestHeaders": {
        "x-ms-client-request-id": [
          "1ff96a4d-1559-4404-8c71-88c472330147-2017-09-20 12:55:06Z-P"
        ],
        "accept-language": [
          "en-US"
        ],
        "Agent-Authentication": [
          "{\"NotBeforeTimestamp\":\"\\/Date(1505908506458)\\/\",\"NotAfterTimestamp\":\"\\/Date(1506513306458)\\/\",\"ClientRequestId\":\"1ff96a4d-1559-4404-8c71-88c472330147-2017-09-20 12:55:06Z-P\",\"HashFunction\":\"HMACSHA256\",\"Hmac\":\"5KMhzj8Tl6jQIwoz+2fdcSmesXGiSl+F4h9LXeofQGM=\",\"Version\":{\"Major\":1,\"Minor\":2,\"Build\":-1,\"Revision\":-1,\"MajorRevision\":-1,\"MinorRevision\":-1},\"PropertyBag\":{}}"
        ],
        "User-Agent": [
          "FxVersion/4.6.1590.0",
          "OSName/Windows10Enterprise",
          "OSVersion/6.3.10586",
          "Microsoft.Azure.Management.RecoveryServices.SiteRecovery.SiteRecoveryManagementClient/1.0.2.0"
        ]
      },
      "ResponseBody": "{\r\n  \"id\": \"/Subscriptions/7c943c1b-5122-4097-90c8-861411bdd574/resourceGroups/E2ERg/providers/Microsoft.RecoveryServices/vaults/E2ETest/replicationJobs/a6ba7e79-78b1-4126-be6f-dc6387952f4c\",\r\n  \"name\": \"a6ba7e79-78b1-4126-be6f-dc6387952f4c\",\r\n  \"properties\": {\r\n    \"activityId\": \"88ecd140-e73d-4603-8a46-e3c979f8af3b-2017-09-20 12:54:03Z-P ActivityId: 469bc54e-efad-4504-93e8-ca78bbedb6f7\",\r\n    \"scenarioName\": \"AddProtectionProfile\",\r\n    \"friendlyName\": \"Create replication policy\",\r\n    \"state\": \"Succeeded\",\r\n    \"stateDescription\": \"Completed\",\r\n    \"tasks\": [\r\n      {\r\n        \"taskId\": \"AddProtectionProfilePreflightsCheckTask\",\r\n        \"name\": \"AddProtectionProfilePreflightsCheckTask\",\r\n        \"startTime\": \"2017-09-20T12:54:08.1889234Z\",\r\n        \"endTime\": \"2017-09-20T12:54:08.7325641Z\",\r\n        \"allowedActions\": [],\r\n        \"friendlyName\": \"Prerequisites check for creating the replication policy\",\r\n        \"state\": \"Succeeded\",\r\n        \"stateDescription\": \"Completed\",\r\n        \"taskType\": \"TaskDetails\",\r\n        \"customDetails\": {\r\n          \"instanceType\": \"TaskDetails\"\r\n        },\r\n        \"groupTaskCustomDetails\": null,\r\n        \"errors\": []\r\n      },\r\n      {\r\n        \"taskId\": \"AddProtectionProfileTask\",\r\n        \"name\": \"AddProtectionProfileTask\",\r\n        \"startTime\": \"2017-09-20T12:54:08.7325641Z\",\r\n        \"endTime\": \"2017-09-20T12:54:08.7325641Z\",\r\n        \"allowedActions\": [],\r\n        \"friendlyName\": \"Creating the replication policy\",\r\n        \"state\": \"Succeeded\",\r\n        \"stateDescription\": \"Completed\",\r\n        \"taskType\": \"TaskDetails\",\r\n        \"customDetails\": {\r\n          \"instanceType\": \"TaskDetails\"\r\n        },\r\n        \"groupTaskCustomDetails\": null,\r\n        \"errors\": []\r\n      }\r\n    ],\r\n    \"errors\": [],\r\n    \"startTime\": \"2017-09-20T12:54:05.5647756Z\",\r\n    \"endTime\": \"2017-09-20T12:54:08Z\",\r\n    \"allowedActions\": [],\r\n    \"targetObjectId\": \"30c5a2de-2bbc-5306-9c7f-0df16be5c5e2\",\r\n    \"targetObjectName\": \"B2APolicyTest1\",\r\n    \"targetInstanceType\": \"ProtectionProfile\",\r\n    \"customDetails\": {\r\n      \"instanceType\": \"AsrJobDetails\",\r\n      \"affectedObjectDetails\": {}\r\n    }\r\n  },\r\n  \"status\": \"Succeeded\",\r\n  \"error\": null,\r\n  \"startTime\": \"2017-09-20T12:54:05.5647756Z\",\r\n  \"endTime\": \"2017-09-20T12:54:08Z\"\r\n}",
      "ResponseHeaders": {
        "Content-Length": [
          "1782"
        ],
        "Content-Type": [
          "application/json"
        ],
        "Expires": [
          "-1"
        ],
        "Pragma": [
          "no-cache"
        ],
        "x-ms-request-id": [
          "/Subscriptions/7c943c1b-5122-4097-90c8-861411bdd574/resourceGroups/E2ERg/providers/Microsoft.RecoveryServices/vaults/E2ETest/replicationJobs/a6ba7e79-78b1-4126-be6f-dc6387952f4c"
        ],
        "Strict-Transport-Security": [
          "max-age=31536000; includeSubDomains"
        ],
        "Cache-Control": [
          "no-cache"
        ],
        "Server": [
          "Microsoft-IIS/8.0",
          "Microsoft-IIS/8.5"
        ],
        "X-AspNet-Version": [
          "4.0.30319"
        ],
        "X-Powered-By": [
          "ASP.NET"
        ],
        "x-ms-client-request-id": [
          "1ff96a4d-1559-4404-8c71-88c472330147-2017-09-20 12:55:06Z-P"
        ],
        "x-ms-ratelimit-remaining-subscription-reads": [
          "13086"
        ],
        "x-ms-correlation-request-id": [
          "b87049e5-0ab9-4ff6-9e0d-f05f4eb31a23"
        ],
        "x-ms-routing-request-id": [
          "CENTRALINDIA:20170920T125507Z:b87049e5-0ab9-4ff6-9e0d-f05f4eb31a23"
        ],
        "Date": [
          "Wed, 20 Sep 2017 12:55:07 GMT"
        ]
      },
      "StatusCode": 200
    },
    {
      "RequestUri": "/Subscriptions/7c943c1b-5122-4097-90c8-861411bdd574/resourceGroups/E2ERg/providers/Microsoft.RecoveryServices/vaults/E2ETest/replicationPolicies/B2APolicyTest1?api-version=2018-07-10",
      "EncodedRequestUri": "L1N1YnNjcmlwdGlvbnMvN2M5NDNjMWItNTEyMi00MDk3LTkwYzgtODYxNDExYmRkNTc0L3Jlc291cmNlR3JvdXBzL0UyRVJnL3Byb3ZpZGVycy9NaWNyb3NvZnQuUmVjb3ZlcnlTZXJ2aWNlcy92YXVsdHMvRTJFVGVzdC9yZXBsaWNhdGlvblBvbGljaWVzL0IyQVBvbGljeVRlc3QxP2FwaS12ZXJzaW9uPTIwMTgtMDctMTA=",
      "RequestMethod": "GET",
      "RequestBody": "",
      "RequestHeaders": {
        "x-ms-client-request-id": [
          "f071be48-d83d-4c57-bcb4-24de237d97a4-2017-09-20 12:55:07Z-P"
        ],
        "accept-language": [
          "en-US"
        ],
        "Agent-Authentication": [
          "{\"NotBeforeTimestamp\":\"\\/Date(1505908507899)\\/\",\"NotAfterTimestamp\":\"\\/Date(1506513307899)\\/\",\"ClientRequestId\":\"f071be48-d83d-4c57-bcb4-24de237d97a4-2017-09-20 12:55:07Z-P\",\"HashFunction\":\"HMACSHA256\",\"Hmac\":\"8eL83BgyZXwnk0pN8A51Wp4SyRPeEcYKXKi+pUzmJQo=\",\"Version\":{\"Major\":1,\"Minor\":2,\"Build\":-1,\"Revision\":-1,\"MajorRevision\":-1,\"MinorRevision\":-1},\"PropertyBag\":{}}"
        ],
        "User-Agent": [
          "FxVersion/4.6.1590.0",
          "OSName/Windows10Enterprise",
          "OSVersion/6.3.10586",
          "Microsoft.Azure.Management.RecoveryServices.SiteRecovery.SiteRecoveryManagementClient/1.0.2.0"
        ]
      },
      "ResponseBody": "{\r\n  \"id\": \"/Subscriptions/7c943c1b-5122-4097-90c8-861411bdd574/resourceGroups/E2ERg/providers/Microsoft.RecoveryServices/vaults/E2ETest/replicationPolicies/B2APolicyTest1\",\r\n  \"name\": \"B2APolicyTest1\",\r\n  \"type\": \"Microsoft.RecoveryServices/vaults/replicationPolicies\",\r\n  \"properties\": {\r\n    \"friendlyName\": \"B2APolicyTest1\",\r\n    \"providerSpecificDetails\": {\r\n      \"instanceType\": \"HyperVReplicaAzure\",\r\n      \"recoveryPointHistoryDurationInHours\": 1,\r\n      \"applicationConsistentSnapshotFrequencyInHours\": 0,\r\n      \"replicationInterval\": 30,\r\n      \"encryption\": \"Disabled\",\r\n      \"activeStorageAccountId\": \"/subscriptions/7c943c1b-5122-4097-90c8-861411bdd574/resourceGroups/canaryexproute/providers/Microsoft.Storage/storageAccounts/ev2teststorage\"\r\n    }\r\n  }\r\n}",
      "ResponseHeaders": {
        "Content-Length": [
          "673"
        ],
        "Content-Type": [
          "application/json"
        ],
        "Expires": [
          "-1"
        ],
        "Pragma": [
          "no-cache"
        ],
        "x-ms-request-id": [
          "f071be48-d83d-4c57-bcb4-24de237d97a4-2017-09-20 12:55:07Z-P 9/20/2017 12:55:08 PM"
        ],
        "Strict-Transport-Security": [
          "max-age=31536000; includeSubDomains"
        ],
        "Cache-Control": [
          "no-cache"
        ],
        "Server": [
          "Microsoft-IIS/8.0",
          "Microsoft-IIS/8.5"
        ],
        "X-AspNet-Version": [
          "4.0.30319"
        ],
        "X-Powered-By": [
          "ASP.NET"
        ],
        "x-ms-client-request-id": [
          "f071be48-d83d-4c57-bcb4-24de237d97a4-2017-09-20 12:55:07Z-P"
        ],
        "x-ms-ratelimit-remaining-subscription-reads": [
          "13085"
        ],
        "x-ms-correlation-request-id": [
          "ad0a3372-ae27-459d-b476-8ae19238eab8"
        ],
        "x-ms-routing-request-id": [
          "CENTRALINDIA:20170920T125508Z:ad0a3372-ae27-459d-b476-8ae19238eab8"
        ],
        "Date": [
          "Wed, 20 Sep 2017 12:55:07 GMT"
        ]
      },
      "StatusCode": 200
    },
    {
      "RequestUri": "/Subscriptions/7c943c1b-5122-4097-90c8-861411bdd574/resourceGroups/E2ERg/providers/Microsoft.RecoveryServices/vaults/E2ETest/replicationPolicies/B2APolicyTest1?api-version=2018-07-10",
      "EncodedRequestUri": "L1N1YnNjcmlwdGlvbnMvN2M5NDNjMWItNTEyMi00MDk3LTkwYzgtODYxNDExYmRkNTc0L3Jlc291cmNlR3JvdXBzL0UyRVJnL3Byb3ZpZGVycy9NaWNyb3NvZnQuUmVjb3ZlcnlTZXJ2aWNlcy92YXVsdHMvRTJFVGVzdC9yZXBsaWNhdGlvblBvbGljaWVzL0IyQVBvbGljeVRlc3QxP2FwaS12ZXJzaW9uPTIwMTgtMDctMTA=",
      "RequestMethod": "GET",
      "RequestBody": "",
      "RequestHeaders": {
        "x-ms-client-request-id": [
          "1bcea2e8-da5c-47e6-bd87-e64ccae58b2b-2017-09-20 12:55:08Z-P"
        ],
        "accept-language": [
          "en-US"
        ],
        "Agent-Authentication": [
          "{\"NotBeforeTimestamp\":\"\\/Date(1505908508292)\\/\",\"NotAfterTimestamp\":\"\\/Date(1506513308292)\\/\",\"ClientRequestId\":\"1bcea2e8-da5c-47e6-bd87-e64ccae58b2b-2017-09-20 12:55:08Z-P\",\"HashFunction\":\"HMACSHA256\",\"Hmac\":\"F0wT1CdWiH40B3xw+Tc3zoN0m6iSaOSDZxkhV5rI9wI=\",\"Version\":{\"Major\":1,\"Minor\":2,\"Build\":-1,\"Revision\":-1,\"MajorRevision\":-1,\"MinorRevision\":-1},\"PropertyBag\":{}}"
        ],
        "User-Agent": [
          "FxVersion/4.6.1590.0",
          "OSName/Windows10Enterprise",
          "OSVersion/6.3.10586",
          "Microsoft.Azure.Management.RecoveryServices.SiteRecovery.SiteRecoveryManagementClient/1.0.2.0"
        ]
      },
      "ResponseBody": "{\r\n  \"id\": \"/Subscriptions/7c943c1b-5122-4097-90c8-861411bdd574/resourceGroups/E2ERg/providers/Microsoft.RecoveryServices/vaults/E2ETest/replicationPolicies/B2APolicyTest1\",\r\n  \"name\": \"B2APolicyTest1\",\r\n  \"type\": \"Microsoft.RecoveryServices/vaults/replicationPolicies\",\r\n  \"properties\": {\r\n    \"friendlyName\": \"B2APolicyTest1\",\r\n    \"providerSpecificDetails\": {\r\n      \"instanceType\": \"HyperVReplicaAzure\",\r\n      \"recoveryPointHistoryDurationInHours\": 1,\r\n      \"applicationConsistentSnapshotFrequencyInHours\": 0,\r\n      \"replicationInterval\": 30,\r\n      \"encryption\": \"Disabled\",\r\n      \"activeStorageAccountId\": \"/subscriptions/7c943c1b-5122-4097-90c8-861411bdd574/resourceGroups/canaryexproute/providers/Microsoft.Storage/storageAccounts/ev2teststorage\"\r\n    }\r\n  }\r\n}",
      "ResponseHeaders": {
        "Content-Length": [
          "673"
        ],
        "Content-Type": [
          "application/json"
        ],
        "Expires": [
          "-1"
        ],
        "Pragma": [
          "no-cache"
        ],
        "x-ms-request-id": [
          "1bcea2e8-da5c-47e6-bd87-e64ccae58b2b-2017-09-20 12:55:08Z-P 9/20/2017 12:55:08 PM"
        ],
        "Strict-Transport-Security": [
          "max-age=31536000; includeSubDomains"
        ],
        "Cache-Control": [
          "no-cache"
        ],
        "Server": [
          "Microsoft-IIS/8.0",
          "Microsoft-IIS/8.5"
        ],
        "X-AspNet-Version": [
          "4.0.30319"
        ],
        "X-Powered-By": [
          "ASP.NET"
        ],
        "x-ms-client-request-id": [
          "1bcea2e8-da5c-47e6-bd87-e64ccae58b2b-2017-09-20 12:55:08Z-P"
        ],
        "x-ms-ratelimit-remaining-subscription-reads": [
          "13084"
        ],
        "x-ms-correlation-request-id": [
          "c19c917e-c2ca-412c-9364-f41a1c67c546"
        ],
        "x-ms-routing-request-id": [
          "CENTRALINDIA:20170920T125508Z:c19c917e-c2ca-412c-9364-f41a1c67c546"
        ],
        "Date": [
          "Wed, 20 Sep 2017 12:55:07 GMT"
        ]
      },
      "StatusCode": 200
    }
  ],
  "Names": {},
  "Variables": {
    "SubscriptionId": "7c943c1b-5122-4097-90c8-861411bdd574"
  }
}
