{
  "Entries": [
    {
      "RequestUri": "/subscriptions/0b35c512-e1ea-4c38-bd26-41d0e9d5b54f/resourceGroups/to-delete-01/providers/Microsoft.Automation/automationAccounts/fbs-aa-01?api-version=2023-11-01",
      "EncodedRequestUri": "L3N1YnNjcmlwdGlvbnMvMGIzNWM1MTItZTFlYS00YzM4LWJkMjYtNDFkMGU5ZDViNTRmL3Jlc291cmNlR3JvdXBzL3RvLWRlbGV0ZS0wMS9wcm92aWRlcnMvTWljcm9zb2Z0LkF1dG9tYXRpb24vYXV0b21hdGlvbkFjY291bnRzL2Zicy1hYS0wMT9hcGktdmVyc2lvbj0yMDIzLTExLTAx",
      "RequestMethod": "GET",
      "RequestHeaders": {
        "x-ms-client-request-id": [
          "f74ff499-8d14-4c03-9b04-f12be02befb1"
        ],
        "Accept-Language": [
          "en-US"
        ],
        "User-Agent": [
          "FxVersion/6.0.2523.51912",
          "OSName/Windows",
          "OSVersion/Microsoft.Windows.10.0.22631",
          "Microsoft.Azure.Management.Automation.AutomationClient/1.9.1"
        ]
      },
      "RequestBody": "",
      "ResponseHeaders": {
        "Cache-Control": [
          "no-cache"
        ],
        "Pragma": [
          "no-cache"
        ],
        "ocp-automation-accountid": [
          "83913890-dddc-4f93-b69e-d27173b8f399"
        ],
        "x-ms-request-id": [
          "f74ff499-8d14-4c03-9b04-f12be02befb1"
        ],
        "Server": [
          "Microsoft-HTTPAPI/2.0"
        ],
        "x-ms-ratelimit-remaining-subscription-reads": [
          "11997"
        ],
        "x-ms-correlation-request-id": [
          "ac9af661-063f-439c-a03f-5068e8161e71"
        ],
        "x-ms-routing-request-id": [
          "WESTINDIA:20231122T104715Z:ac9af661-063f-439c-a03f-5068e8161e71"
        ],
        "Strict-Transport-Security": [
          "max-age=31536000; includeSubDomains"
        ],
        "X-Content-Type-Options": [
          "nosniff"
        ],
        "Date": [
          "Wed, 22 Nov 2023 10:47:15 GMT"
        ],
        "Content-Length": [
          "1354"
        ],
        "Content-Type": [
          "application/json; charset=utf-8"
        ],
        "Expires": [
          "-1"
        ]
      },
      "ResponseBody": "{\r\n  \"name\": \"fbs-aa-01\",\r\n  \"systemData\": {\r\n    \"createdAt\": \"2023-11-21T10:24:36.41+05:30\",\r\n    \"lastModifiedAt\": \"2023-11-21T10:24:36.41+05:30\"\r\n  },\r\n  \"id\": \"/subscriptions/0b35c512-e1ea-4c38-bd26-41d0e9d5b54f/resourceGroups/to-delete-01/providers/Microsoft.Automation/automationAccounts/fbs-aa-01\",\r\n  \"type\": \"Microsoft.Automation/AutomationAccounts\",\r\n  \"location\": \"eastus\",\r\n  \"identity\": {\r\n    \"type\": \"SystemAssigned\",\r\n    \"principalId\": \"75094e1e-e2ee-4ffd-a7ba-870f1b4e2232\",\r\n    \"tenantId\": \"72f988bf-86f1-41af-91ab-2d7cd011db47\"\r\n  },\r\n  \"tags\": {},\r\n  \"etag\": null,\r\n  \"properties\": {\r\n    \"publicNetworkAccess\": true,\r\n    \"disableLocalAuth\": false,\r\n    \"sku\": {\r\n      \"name\": \"Basic\",\r\n      \"family\": null,\r\n      \"capacity\": null\r\n    },\r\n    \"state\": \"Ok\",\r\n    \"RegistrationUrl\": \"https://83913890-dddc-4f93-b69e-d27173b8f399.agentsvc.eus.azure-automation.net/accounts/83913890-dddc-4f93-b69e-d27173b8f399\",\r\n    \"encryption\": {\r\n      \"keySource\": \"Microsoft.Automation\",\r\n      \"identity\": {\r\n        \"userAssignedIdentity\": null\r\n      }\r\n    },\r\n    \"privateEndpointConnections\": [],\r\n    \"automationHybridServiceUrl\": \"https://83913890-dddc-4f93-b69e-d27173b8f399.jrds.eus.azure-automation.net/automationAccounts/83913890-dddc-4f93-b69e-d27173b8f399\",\r\n    \"RuntimeConfiguration\": {\r\n      \"powershell\": {\r\n        \"builtinModules\": {\r\n          \"Az\": \"8.0.0\"\r\n        }\r\n      },\r\n      \"powershell7\": {\r\n        \"builtinModules\": {\r\n          \"Az\": \"8.0.0\"\r\n        }\r\n      },\r\n      \"powershell72\": {\r\n        \"builtinModules\": {\r\n          \"Az\": \"8.3.0\"\r\n        }\r\n      }\r\n    },\r\n    \"creationTime\": \"2023-11-21T10:24:36.41+05:30\",\r\n    \"lastModifiedBy\": null,\r\n    \"lastModifiedTime\": \"2023-11-21T10:24:36.41+05:30\"\r\n  }\r\n}",
      "StatusCode": 200
    },
    {
      "RequestUri": "/subscriptions/0b35c512-e1ea-4c38-bd26-41d0e9d5b54f/resourceGroups/to-delete-01/providers/Microsoft.Automation/automationAccounts/fbs-aa-01/credentials/ContosoCredential2?api-version=2023-11-01",
      "EncodedRequestUri": "L3N1YnNjcmlwdGlvbnMvMGIzNWM1MTItZTFlYS00YzM4LWJkMjYtNDFkMGU5ZDViNTRmL3Jlc291cmNlR3JvdXBzL3RvLWRlbGV0ZS0wMS9wcm92aWRlcnMvTWljcm9zb2Z0LkF1dG9tYXRpb24vYXV0b21hdGlvbkFjY291bnRzL2Zicy1hYS0wMS9jcmVkZW50aWFscy9Db250b3NvQ3JlZGVudGlhbDI/YXBpLXZlcnNpb249MjAyMy0xMS0wMQ==",
      "RequestMethod": "PUT",
      "RequestHeaders": {
        "x-ms-client-request-id": [
          "58ab303b-457a-41a2-866e-2afa30e680af"
        ],
        "Accept-Language": [
          "en-US"
        ],
        "User-Agent": [
          "FxVersion/6.0.2523.51912",
          "OSName/Windows",
          "OSVersion/Microsoft.Windows.10.0.22631",
          "Microsoft.Azure.Management.Automation.AutomationClient/1.9.1"
        ],
        "Content-Type": [
          "application/json; charset=utf-8"
        ],
        "Content-Length": [
          "155"
        ]
      },
      "RequestBody": "{\r\n  \"name\": \"ContosoCredential2\",\r\n  \"properties\": {\r\n    \"userName\": \"Contoso\\\\Test\",\r\n    \"password\": \"�12345�\",\r\n    \"description\": \"Hello\"\r\n  }\r\n}",
      "ResponseHeaders": {
        "Cache-Control": [
          "no-cache"
        ],
        "Pragma": [
          "no-cache"
        ],
        "Location": [
          "https://management.azure.com/subscriptions/0b35c512-e1ea-4c38-bd26-41d0e9d5b54f/resourceGroups/to-delete-01/providers/Microsoft.Automation/automationAccounts/fbs-aa-01/credentials/ContosoCredential2?api-version=2023-11-01"
        ],
        "x-ms-request-id": [
          "58ab303b-457a-41a2-866e-2afa30e680af"
        ],
        "Server": [
          "Microsoft-HTTPAPI/2.0"
        ],
        "x-ms-ratelimit-remaining-subscription-writes": [
          "1199"
        ],
        "x-ms-correlation-request-id": [
          "57906a0e-7d86-42fd-bbf0-4072ba69c218"
        ],
        "x-ms-routing-request-id": [
          "WESTINDIA:20231122T104717Z:57906a0e-7d86-42fd-bbf0-4072ba69c218"
        ],
        "Strict-Transport-Security": [
          "max-age=31536000; includeSubDomains"
        ],
        "X-Content-Type-Options": [
          "nosniff"
        ],
        "Date": [
          "Wed, 22 Nov 2023 10:47:16 GMT"
        ],
        "Content-Length": [
          "438"
        ],
        "Content-Type": [
          "application/json; charset=utf-8"
        ],
        "Expires": [
          "-1"
        ]
      },
      "ResponseBody": "{\r\n  \"id\": \"/subscriptions/0b35c512-e1ea-4c38-bd26-41d0e9d5b54f/resourceGroups/to-delete-01/providers/Microsoft.Automation/automationAccounts/fbs-aa-01/credentials/ContosoCredential2\",\r\n  \"name\": \"ContosoCredential2\",\r\n  \"type\": \"Microsoft.Automation/AutomationAccounts/Credentials\",\r\n  \"properties\": {\r\n    \"userName\": \"Contoso\\\\Test\",\r\n    \"description\": \"Hello\",\r\n    \"creationTime\": \"2023-11-22T16:17:16.8933333+05:30\",\r\n    \"lastModifiedTime\": \"2023-11-22T16:17:16.8933333+05:30\"\r\n  }\r\n}",
      "StatusCode": 201
    },
    {
      "RequestUri": "/subscriptions/0b35c512-e1ea-4c38-bd26-41d0e9d5b54f/resourceGroups/to-delete-01/providers/Microsoft.Automation/automationAccounts/fbs-aa-01/credentials/ContosoCredential2?api-version=2023-11-01",
      "EncodedRequestUri": "L3N1YnNjcmlwdGlvbnMvMGIzNWM1MTItZTFlYS00YzM4LWJkMjYtNDFkMGU5ZDViNTRmL3Jlc291cmNlR3JvdXBzL3RvLWRlbGV0ZS0wMS9wcm92aWRlcnMvTWljcm9zb2Z0LkF1dG9tYXRpb24vYXV0b21hdGlvbkFjY291bnRzL2Zicy1hYS0wMS9jcmVkZW50aWFscy9Db250b3NvQ3JlZGVudGlhbDI/YXBpLXZlcnNpb249MjAyMy0xMS0wMQ==",
      "RequestMethod": "GET",
      "RequestHeaders": {
        "x-ms-client-request-id": [
          "e02bdd79-4019-45a4-85e8-1c0c73d77b3c"
        ],
        "Accept-Language": [
          "en-US"
        ],
        "User-Agent": [
          "FxVersion/6.0.2523.51912",
          "OSName/Windows",
          "OSVersion/Microsoft.Windows.10.0.22631",
          "Microsoft.Azure.Management.Automation.AutomationClient/1.9.1"
        ]
      },
      "RequestBody": "",
      "ResponseHeaders": {
        "Cache-Control": [
          "no-cache"
        ],
        "Pragma": [
          "no-cache"
        ],
        "x-ms-request-id": [
          "e02bdd79-4019-45a4-85e8-1c0c73d77b3c"
        ],
        "Server": [
          "Microsoft-HTTPAPI/2.0"
        ],
        "x-ms-ratelimit-remaining-subscription-reads": [
          "11998"
        ],
        "x-ms-correlation-request-id": [
          "9e11dbae-1945-409e-b684-1520d5f3aff9"
        ],
        "x-ms-routing-request-id": [
          "WESTINDIA:20231122T104717Z:9e11dbae-1945-409e-b684-1520d5f3aff9"
        ],
        "Strict-Transport-Security": [
          "max-age=31536000; includeSubDomains"
        ],
        "X-Content-Type-Options": [
          "nosniff"
        ],
        "Date": [
          "Wed, 22 Nov 2023 10:47:16 GMT"
        ],
        "Content-Length": [
          "438"
        ],
        "Content-Type": [
          "application/json; charset=utf-8"
        ],
        "Expires": [
          "-1"
        ]
      },
      "ResponseBody": "{\r\n  \"id\": \"/subscriptions/0b35c512-e1ea-4c38-bd26-41d0e9d5b54f/resourceGroups/to-delete-01/providers/Microsoft.Automation/automationAccounts/fbs-aa-01/credentials/ContosoCredential2\",\r\n  \"name\": \"ContosoCredential2\",\r\n  \"type\": \"Microsoft.Automation/AutomationAccounts/Credentials\",\r\n  \"properties\": {\r\n    \"userName\": \"Contoso\\\\Test\",\r\n    \"description\": \"Hello\",\r\n    \"creationTime\": \"2023-11-22T16:17:16.8933333+05:30\",\r\n    \"lastModifiedTime\": \"2023-11-22T16:17:16.8933333+05:30\"\r\n  }\r\n}",
      "StatusCode": 200
    },
    {
      "RequestUri": "/subscriptions/0b35c512-e1ea-4c38-bd26-41d0e9d5b54f/resourceGroups/to-delete-01/providers/Microsoft.Automation/automationAccounts/fbs-aa-01/credentials/ContosoCredential2?api-version=2023-11-01",
      "EncodedRequestUri": "L3N1YnNjcmlwdGlvbnMvMGIzNWM1MTItZTFlYS00YzM4LWJkMjYtNDFkMGU5ZDViNTRmL3Jlc291cmNlR3JvdXBzL3RvLWRlbGV0ZS0wMS9wcm92aWRlcnMvTWljcm9zb2Z0LkF1dG9tYXRpb24vYXV0b21hdGlvbkFjY291bnRzL2Zicy1hYS0wMS9jcmVkZW50aWFscy9Db250b3NvQ3JlZGVudGlhbDI/YXBpLXZlcnNpb249MjAyMy0xMS0wMQ==",
      "RequestMethod": "GET",
      "RequestHeaders": {
        "x-ms-client-request-id": [
          "1af41f38-63af-4013-95f4-dc8fc7c44da7"
        ],
        "Accept-Language": [
          "en-US"
        ],
        "User-Agent": [
          "FxVersion/6.0.2523.51912",
          "OSName/Windows",
          "OSVersion/Microsoft.Windows.10.0.22631",
          "Microsoft.Azure.Management.Automation.AutomationClient/1.9.1"
        ]
      },
      "RequestBody": "",
      "ResponseHeaders": {
        "Cache-Control": [
          "no-cache"
        ],
        "Pragma": [
          "no-cache"
        ],
        "x-ms-request-id": [
          "1af41f38-63af-4013-95f4-dc8fc7c44da7"
        ],
        "Server": [
          "Microsoft-HTTPAPI/2.0"
        ],
        "x-ms-ratelimit-remaining-subscription-reads": [
          "11998"
        ],
        "x-ms-correlation-request-id": [
          "70ae0bc1-edca-47f6-ae4a-330e70335190"
        ],
        "x-ms-routing-request-id": [
          "WESTINDIA:20231122T104718Z:70ae0bc1-edca-47f6-ae4a-330e70335190"
        ],
        "Strict-Transport-Security": [
          "max-age=31536000; includeSubDomains"
        ],
        "X-Content-Type-Options": [
          "nosniff"
        ],
        "Date": [
          "Wed, 22 Nov 2023 10:47:18 GMT"
        ],
        "Content-Length": [
          "438"
        ],
        "Content-Type": [
          "application/json; charset=utf-8"
        ],
        "Expires": [
          "-1"
        ]
      },
      "ResponseBody": "{\r\n  \"id\": \"/subscriptions/0b35c512-e1ea-4c38-bd26-41d0e9d5b54f/resourceGroups/to-delete-01/providers/Microsoft.Automation/automationAccounts/fbs-aa-01/credentials/ContosoCredential2\",\r\n  \"name\": \"ContosoCredential2\",\r\n  \"type\": \"Microsoft.Automation/AutomationAccounts/Credentials\",\r\n  \"properties\": {\r\n    \"userName\": \"Contoso\\\\Test\",\r\n    \"description\": \"Hello\",\r\n    \"creationTime\": \"2023-11-22T16:17:16.8933333+05:30\",\r\n    \"lastModifiedTime\": \"2023-11-22T16:17:16.8933333+05:30\"\r\n  }\r\n}",
      "StatusCode": 200
    },
    {
      "RequestUri": "/subscriptions/0b35c512-e1ea-4c38-bd26-41d0e9d5b54f/resourceGroups/to-delete-01/providers/Microsoft.Automation/automationAccounts/fbs-aa-01/credentials/ContosoCredential2?api-version=2023-11-01",
      "EncodedRequestUri": "L3N1YnNjcmlwdGlvbnMvMGIzNWM1MTItZTFlYS00YzM4LWJkMjYtNDFkMGU5ZDViNTRmL3Jlc291cmNlR3JvdXBzL3RvLWRlbGV0ZS0wMS9wcm92aWRlcnMvTWljcm9zb2Z0LkF1dG9tYXRpb24vYXV0b21hdGlvbkFjY291bnRzL2Zicy1hYS0wMS9jcmVkZW50aWFscy9Db250b3NvQ3JlZGVudGlhbDI/YXBpLXZlcnNpb249MjAyMy0xMS0wMQ==",
      "RequestMethod": "GET",
      "RequestHeaders": {
        "x-ms-client-request-id": [
          "1af41f38-63af-4013-95f4-dc8fc7c44da7"
        ],
        "Accept-Language": [
          "en-US"
        ],
        "User-Agent": [
          "FxVersion/6.0.2523.51912",
          "OSName/Windows",
          "OSVersion/Microsoft.Windows.10.0.22631",
          "Microsoft.Azure.Management.Automation.AutomationClient/1.9.1"
        ]
      },
      "RequestBody": "",
      "ResponseHeaders": {
        "Cache-Control": [
          "no-cache"
        ],
        "Pragma": [
          "no-cache"
        ],
        "x-ms-request-id": [
          "1af41f38-63af-4013-95f4-dc8fc7c44da7"
        ],
        "Server": [
          "Microsoft-HTTPAPI/2.0"
        ],
        "x-ms-ratelimit-remaining-subscription-reads": [
          "11997"
        ],
        "x-ms-correlation-request-id": [
          "28e7f7cb-8bd9-4c0c-8733-c6811fdce248"
        ],
        "x-ms-routing-request-id": [
          "WESTINDIA:20231122T104720Z:28e7f7cb-8bd9-4c0c-8733-c6811fdce248"
        ],
        "Strict-Transport-Security": [
          "max-age=31536000; includeSubDomains"
        ],
        "X-Content-Type-Options": [
          "nosniff"
        ],
        "Date": [
          "Wed, 22 Nov 2023 10:47:19 GMT"
        ],
        "Content-Length": [
          "435"
        ],
        "Content-Type": [
          "application/json; charset=utf-8"
        ],
        "Expires": [
          "-1"
        ]
      },
      "ResponseBody": "{\r\n  \"id\": \"/subscriptions/0b35c512-e1ea-4c38-bd26-41d0e9d5b54f/resourceGroups/to-delete-01/providers/Microsoft.Automation/automationAccounts/fbs-aa-01/credentials/ContosoCredential2\",\r\n  \"name\": \"ContosoCredential2\",\r\n  \"type\": \"Microsoft.Automation/AutomationAccounts/Credentials\",\r\n  \"properties\": {\r\n    \"userName\": \"Contoso\\\\Test\",\r\n    \"description\": \"Goodbye\",\r\n    \"creationTime\": \"2023-11-22T16:17:16.8933333+05:30\",\r\n    \"lastModifiedTime\": \"2023-11-22T16:17:19.47+05:30\"\r\n  }\r\n}",
      "StatusCode": 200
    },
    {
      "RequestUri": "/subscriptions/0b35c512-e1ea-4c38-bd26-41d0e9d5b54f/resourceGroups/to-delete-01/providers/Microsoft.Automation/automationAccounts/fbs-aa-01/credentials/ContosoCredential2?api-version=2023-11-01",
      "EncodedRequestUri": "L3N1YnNjcmlwdGlvbnMvMGIzNWM1MTItZTFlYS00YzM4LWJkMjYtNDFkMGU5ZDViNTRmL3Jlc291cmNlR3JvdXBzL3RvLWRlbGV0ZS0wMS9wcm92aWRlcnMvTWljcm9zb2Z0LkF1dG9tYXRpb24vYXV0b21hdGlvbkFjY291bnRzL2Zicy1hYS0wMS9jcmVkZW50aWFscy9Db250b3NvQ3JlZGVudGlhbDI/YXBpLXZlcnNpb249MjAyMy0xMS0wMQ==",
      "RequestMethod": "GET",
      "RequestHeaders": {
        "x-ms-client-request-id": [
          "799600cb-10ee-486b-bd31-27c0cde8a2af"
        ],
        "Accept-Language": [
          "en-US"
        ],
        "User-Agent": [
          "FxVersion/6.0.2523.51912",
          "OSName/Windows",
          "OSVersion/Microsoft.Windows.10.0.22631",
          "Microsoft.Azure.Management.Automation.AutomationClient/1.9.1"
        ]
      },
      "RequestBody": "",
      "ResponseHeaders": {
        "Cache-Control": [
          "no-cache"
        ],
        "Pragma": [
          "no-cache"
        ],
        "x-ms-request-id": [
          "799600cb-10ee-486b-bd31-27c0cde8a2af"
        ],
        "Server": [
          "Microsoft-HTTPAPI/2.0"
        ],
        "x-ms-ratelimit-remaining-subscription-reads": [
          "11999"
        ],
        "x-ms-correlation-request-id": [
          "61dd7d3c-8fe6-4464-8ea7-86edb5c9343c"
        ],
        "x-ms-routing-request-id": [
          "WESTINDIA:20231122T104721Z:61dd7d3c-8fe6-4464-8ea7-86edb5c9343c"
        ],
        "Strict-Transport-Security": [
          "max-age=31536000; includeSubDomains"
        ],
        "X-Content-Type-Options": [
          "nosniff"
        ],
        "Date": [
          "Wed, 22 Nov 2023 10:47:21 GMT"
        ],
        "Content-Length": [
          "435"
        ],
        "Content-Type": [
          "application/json; charset=utf-8"
        ],
        "Expires": [
          "-1"
        ]
      },
      "ResponseBody": "{\r\n  \"id\": \"/subscriptions/0b35c512-e1ea-4c38-bd26-41d0e9d5b54f/resourceGroups/to-delete-01/providers/Microsoft.Automation/automationAccounts/fbs-aa-01/credentials/ContosoCredential2\",\r\n  \"name\": \"ContosoCredential2\",\r\n  \"type\": \"Microsoft.Automation/AutomationAccounts/Credentials\",\r\n  \"properties\": {\r\n    \"userName\": \"Contoso\\\\Test\",\r\n    \"description\": \"Goodbye\",\r\n    \"creationTime\": \"2023-11-22T16:17:16.8933333+05:30\",\r\n    \"lastModifiedTime\": \"2023-11-22T16:17:19.47+05:30\"\r\n  }\r\n}",
      "StatusCode": 200
    },
    {
      "RequestUri": "/subscriptions/0b35c512-e1ea-4c38-bd26-41d0e9d5b54f/resourceGroups/to-delete-01/providers/Microsoft.Automation/automationAccounts/fbs-aa-01/credentials/ContosoCredential2?api-version=2023-11-01",
      "EncodedRequestUri": "L3N1YnNjcmlwdGlvbnMvMGIzNWM1MTItZTFlYS00YzM4LWJkMjYtNDFkMGU5ZDViNTRmL3Jlc291cmNlR3JvdXBzL3RvLWRlbGV0ZS0wMS9wcm92aWRlcnMvTWljcm9zb2Z0LkF1dG9tYXRpb24vYXV0b21hdGlvbkFjY291bnRzL2Zicy1hYS0wMS9jcmVkZW50aWFscy9Db250b3NvQ3JlZGVudGlhbDI/YXBpLXZlcnNpb249MjAyMy0xMS0wMQ==",
      "RequestMethod": "GET",
      "RequestHeaders": {
        "x-ms-client-request-id": [
          "4fc61b30-49dd-4f9f-aae1-9a8c43a4810c"
        ],
        "Accept-Language": [
          "en-US"
        ],
        "User-Agent": [
          "FxVersion/6.0.2523.51912",
          "OSName/Windows",
          "OSVersion/Microsoft.Windows.10.0.22631",
          "Microsoft.Azure.Management.Automation.AutomationClient/1.9.1"
        ]
      },
      "RequestBody": "",
      "ResponseHeaders": {
        "Cache-Control": [
          "no-cache"
        ],
        "Pragma": [
          "no-cache"
        ],
        "x-ms-request-id": [
          "4fc61b30-49dd-4f9f-aae1-9a8c43a4810c"
        ],
        "Server": [
          "Microsoft-HTTPAPI/2.0"
        ],
        "x-ms-ratelimit-remaining-subscription-reads": [
          "11998"
        ],
        "x-ms-correlation-request-id": [
          "dc681500-c84f-422a-97e8-783b7bf36f9b"
        ],
        "x-ms-routing-request-id": [
          "WESTINDIA:20231122T104723Z:dc681500-c84f-422a-97e8-783b7bf36f9b"
        ],
        "Strict-Transport-Security": [
          "max-age=31536000; includeSubDomains"
        ],
        "X-Content-Type-Options": [
          "nosniff"
        ],
        "Date": [
          "Wed, 22 Nov 2023 10:47:22 GMT"
        ],
        "Content-Length": [
          "53"
        ],
        "Content-Type": [
          "application/json; charset=utf-8"
        ],
        "Expires": [
          "-1"
        ]
      },
      "ResponseBody": "{\r\n  \"code\": \"NotFound\",\r\n  \"message\": \"Credential not found.\"\r\n}",
      "StatusCode": 404
    },
    {
      "RequestUri": "/subscriptions/0b35c512-e1ea-4c38-bd26-41d0e9d5b54f/resourceGroups/to-delete-01/providers/Microsoft.Automation/automationAccounts/fbs-aa-01/credentials/ContosoCredential2?api-version=2023-11-01",
      "EncodedRequestUri": "L3N1YnNjcmlwdGlvbnMvMGIzNWM1MTItZTFlYS00YzM4LWJkMjYtNDFkMGU5ZDViNTRmL3Jlc291cmNlR3JvdXBzL3RvLWRlbGV0ZS0wMS9wcm92aWRlcnMvTWljcm9zb2Z0LkF1dG9tYXRpb24vYXV0b21hdGlvbkFjY291bnRzL2Zicy1hYS0wMS9jcmVkZW50aWFscy9Db250b3NvQ3JlZGVudGlhbDI/YXBpLXZlcnNpb249MjAyMy0xMS0wMQ==",
      "RequestMethod": "PATCH",
      "RequestHeaders": {
        "x-ms-client-request-id": [
          "1af41f38-63af-4013-95f4-dc8fc7c44da7"
        ],
        "Accept-Language": [
          "en-US"
        ],
        "User-Agent": [
          "FxVersion/6.0.2523.51912",
          "OSName/Windows",
          "OSVersion/Microsoft.Windows.10.0.22631",
          "Microsoft.Azure.Management.Automation.AutomationClient/1.9.1"
        ],
        "Content-Type": [
          "application/json; charset=utf-8"
        ],
        "Content-Length": [
          "157"
        ]
      },
      "RequestBody": "{\r\n  \"name\": \"ContosoCredential2\",\r\n  \"properties\": {\r\n    \"userName\": \"Contoso\\\\Test\",\r\n    \"password\": \"�12345�\",\r\n    \"description\": \"Goodbye\"\r\n  }\r\n}",
      "ResponseHeaders": {
        "Cache-Control": [
          "no-cache"
        ],
        "Pragma": [
          "no-cache"
        ],
        "x-ms-request-id": [
          "1af41f38-63af-4013-95f4-dc8fc7c44da7"
        ],
        "Server": [
          "Microsoft-HTTPAPI/2.0"
        ],
        "x-ms-ratelimit-remaining-subscription-writes": [
          "1199"
        ],
        "x-ms-correlation-request-id": [
          "4c8d7728-8878-4210-bac6-565674e3723e"
        ],
        "x-ms-routing-request-id": [
          "WESTINDIA:20231122T104719Z:4c8d7728-8878-4210-bac6-565674e3723e"
        ],
        "Strict-Transport-Security": [
          "max-age=31536000; includeSubDomains"
        ],
        "X-Content-Type-Options": [
          "nosniff"
        ],
        "Date": [
          "Wed, 22 Nov 2023 10:47:18 GMT"
        ],
        "Content-Length": [
          "440"
        ],
        "Content-Type": [
          "application/json; charset=utf-8"
        ],
        "Expires": [
          "-1"
        ]
      },
      "ResponseBody": "{\r\n  \"id\": \"/subscriptions/0b35c512-e1ea-4c38-bd26-41d0e9d5b54f/resourceGroups/to-delete-01/providers/Microsoft.Automation/automationAccounts/fbs-aa-01/credentials/ContosoCredential2\",\r\n  \"name\": \"ContosoCredential2\",\r\n  \"type\": \"Microsoft.Automation/AutomationAccounts/Credentials\",\r\n  \"properties\": {\r\n    \"userName\": \"Contoso\\\\Test\",\r\n    \"description\": \"Goodbye\",\r\n    \"creationTime\": \"2023-11-22T16:17:16.8933333+05:30\",\r\n    \"lastModifiedTime\": \"2023-11-22T16:17:16.8933333+05:30\"\r\n  }\r\n}",
      "StatusCode": 200
    },
    {
      "RequestUri": "/subscriptions/0b35c512-e1ea-4c38-bd26-41d0e9d5b54f/resourceGroups/to-delete-01/providers/Microsoft.Automation/automationAccounts/fbs-aa-01/credentials/ContosoCredential2?api-version=2023-11-01",
      "EncodedRequestUri": "L3N1YnNjcmlwdGlvbnMvMGIzNWM1MTItZTFlYS00YzM4LWJkMjYtNDFkMGU5ZDViNTRmL3Jlc291cmNlR3JvdXBzL3RvLWRlbGV0ZS0wMS9wcm92aWRlcnMvTWljcm9zb2Z0LkF1dG9tYXRpb24vYXV0b21hdGlvbkFjY291bnRzL2Zicy1hYS0wMS9jcmVkZW50aWFscy9Db250b3NvQ3JlZGVudGlhbDI/YXBpLXZlcnNpb249MjAyMy0xMS0wMQ==",
      "RequestMethod": "DELETE",
      "RequestHeaders": {
        "x-ms-client-request-id": [
          "31020b2f-faa8-46d5-b92e-99509c2dfdf5"
        ],
        "Accept-Language": [
          "en-US"
        ],
        "User-Agent": [
          "FxVersion/6.0.2523.51912",
          "OSName/Windows",
          "OSVersion/Microsoft.Windows.10.0.22631",
          "Microsoft.Azure.Management.Automation.AutomationClient/1.9.1"
        ]
      },
      "RequestBody": "",
      "ResponseHeaders": {
        "Cache-Control": [
          "no-cache"
        ],
        "Pragma": [
          "no-cache"
        ],
        "x-ms-request-id": [
          "31020b2f-faa8-46d5-b92e-99509c2dfdf5"
        ],
        "Server": [
          "Microsoft-HTTPAPI/2.0"
        ],
        "x-ms-ratelimit-remaining-subscription-deletes": [
          "14999"
        ],
        "x-ms-correlation-request-id": [
          "e34f4357-46b9-4b6d-96e7-aadf65595141"
        ],
        "x-ms-routing-request-id": [
          "WESTINDIA:20231122T104722Z:e34f4357-46b9-4b6d-96e7-aadf65595141"
        ],
        "Strict-Transport-Security": [
          "max-age=31536000; includeSubDomains"
        ],
        "X-Content-Type-Options": [
          "nosniff"
        ],
        "Date": [
          "Wed, 22 Nov 2023 10:47:22 GMT"
        ],
        "Expires": [
          "-1"
        ],
        "Content-Length": [
          "0"
        ]
      },
      "ResponseBody": "",
      "StatusCode": 200
    }
  ],
  "Names": {},
  "Variables": {
    "SubscriptionId": "0b35c512-e1ea-4c38-bd26-41d0e9d5b54f"
  }
}