{
  "Entries": [
    {
      "RequestUri": "/subscriptions/6602ac9a-5dad-41bd-a792-592c704b6a31/resourceGroups/automation/providers/Microsoft.Batch/batchAccounts/billstestba24326/applications/newApplicationPackage/versions/foo?api-version=2022-10-01",
      "EncodedRequestUri": "L3N1YnNjcmlwdGlvbnMvNjYwMmFjOWEtNWRhZC00MWJkLWE3OTItNTkyYzcwNGI2YTMxL3Jlc291cmNlR3JvdXBzL2F1dG9tYXRpb24vcHJvdmlkZXJzL01pY3Jvc29mdC5CYXRjaC9iYXRjaEFjY291bnRzL2JpbGxzdGVzdGJhMjQzMjYvYXBwbGljYXRpb25zL25ld0FwcGxpY2F0aW9uUGFja2FnZS92ZXJzaW9ucy9mb28/YXBpLXZlcnNpb249MjAyMi0xMC0wMQ==",
      "RequestMethod": "PUT",
      "RequestHeaders": {
        "x-ms-client-request-id": [
          "27156b57-ffe1-4aba-8816-dfbcfabe23af"
        ],
        "Accept-Language": [
          "en-US"
        ],
        "User-Agent": [
          "FxVersion/6.0.2824.12007",
          "OSName/Windows",
          "OSVersion/Microsoft.Windows.10.0.22631",
          "Microsoft.Azure.Management.Batch.BatchManagementClient/14.2.0.0"
        ]
      },
      "RequestBody": "",
      "ResponseHeaders": {
        "Cache-Control": [
          "no-cache"
        ],
        "Pragma": [
          "no-cache"
        ],
        "ETag": [
          "W/\"0x8DC49FBB6868165\""
        ],
        "x-ms-request-id": [
          "06d6fb61-9c01-4158-8800-93bf17dffb3d"
        ],
        "Strict-Transport-Security": [
          "max-age=31536000; includeSubDomains"
        ],
        "X-Content-Type-Options": [
          "nosniff"
        ],
        "x-ms-ratelimit-remaining-subscription-writes": [
          "1199"
        ],
        "x-ms-correlation-request-id": [
          "f5507f5e-b99f-4388-8a59-b37c95b93411"
        ],
        "x-ms-routing-request-id": [
          "WESTUS2:20240321T230742Z:f5507f5e-b99f-4388-8a59-b37c95b93411"
        ],
        "X-Cache": [
          "CONFIG_NOCACHE"
        ],
        "X-MSEdge-Ref": [
          "Ref A: 72F0604066254976B35C589DB091C7F0 Ref B: CO6AA3150218021 Ref C: 2024-03-21T23:07:41Z"
        ],
        "Date": [
          "Thu, 21 Mar 2024 23:07:42 GMT"
        ],
        "Content-Length": [
          "639"
        ],
        "Content-Type": [
          "application/json; charset=utf-8"
        ],
        "Expires": [
          "-1"
        ],
        "Last-Modified": [
          "Thu, 21 Mar 2024 23:07:42 GMT"
        ]
      },
      "ResponseBody": "{\r\n  \"type\": \"Microsoft.Batch/batchAccounts/applications/versions\",\r\n  \"id\": \"/subscriptions/6602ac9a-5dad-41bd-a792-592c704b6a31/resourceGroups/automation/providers/Microsoft.Batch/batchAccounts/billstestba24326/applications/newApplicationPackage/versions/foo\",\r\n  \"name\": \"foo\",\r\n  \"etag\": \"W/\\\"0x8DC49FBB6868165\\\"\",\r\n  \"properties\": {\r\n    \"storageUrl\": \"https://billsstorage24326.blob.core.windows.net/app-newapplicationpackage-7b64ca4997c142418bea46e5fc424265/foo?sv=2018-03-28&sr=b&sig=NlE2lRbK4SCUtKwaVjxo4W6DbQdzPr5ng220dlGSY2E%3D&st=2024-03-21T23%3A02%3A42Z&se=2024-03-22T03%3A07%3A42Z&sp=rw\",\r\n    \"storageUrlExpiry\": \"2024-03-22T03:07:42.7823494Z\",\r\n    \"state\": \"Pending\"\r\n  }\r\n}",
      "StatusCode": 200
    },
    {
      "RequestUri": "/subscriptions/6602ac9a-5dad-41bd-a792-592c704b6a31/resourceGroups/automation/providers/Microsoft.Batch/batchAccounts/billstestba24326/applications/newApplicationPackage/versions/foo/activate?api-version=2022-10-01",
      "EncodedRequestUri": "L3N1YnNjcmlwdGlvbnMvNjYwMmFjOWEtNWRhZC00MWJkLWE3OTItNTkyYzcwNGI2YTMxL3Jlc291cmNlR3JvdXBzL2F1dG9tYXRpb24vcHJvdmlkZXJzL01pY3Jvc29mdC5CYXRjaC9iYXRjaEFjY291bnRzL2JpbGxzdGVzdGJhMjQzMjYvYXBwbGljYXRpb25zL25ld0FwcGxpY2F0aW9uUGFja2FnZS92ZXJzaW9ucy9mb28vYWN0aXZhdGU/YXBpLXZlcnNpb249MjAyMi0xMC0wMQ==",
      "RequestMethod": "POST",
      "RequestHeaders": {
        "x-ms-client-request-id": [
          "611a1509-128c-425e-abef-6bced231e672"
        ],
        "Accept-Language": [
          "en-US"
        ],
        "User-Agent": [
          "FxVersion/6.0.2824.12007",
          "OSName/Windows",
          "OSVersion/Microsoft.Windows.10.0.22631",
          "Microsoft.Azure.Management.Batch.BatchManagementClient/14.2.0.0"
        ],
        "Content-Type": [
          "application/json; charset=utf-8"
        ],
        "Content-Length": [
          "23"
        ]
      },
      "RequestBody": "{\r\n  \"format\": \"zip\"\r\n}",
      "ResponseHeaders": {
        "Cache-Control": [
          "no-cache"
        ],
        "Pragma": [
          "no-cache"
        ],
        "ETag": [
          "W/\"0x8DC49FBB722393E\""
        ],
        "x-ms-request-id": [
          "1874711d-aaaf-4379-9db9-2834720cc969"
        ],
        "Strict-Transport-Security": [
          "max-age=31536000; includeSubDomains"
        ],
        "X-Content-Type-Options": [
          "nosniff"
        ],
        "x-ms-ratelimit-remaining-subscription-writes": [
          "1199"
        ],
        "x-ms-correlation-request-id": [
          "3e64e1e7-e189-411c-941e-4f7e47073716"
        ],
        "x-ms-routing-request-id": [
          "WESTUS2:20240321T230743Z:3e64e1e7-e189-411c-941e-4f7e47073716"
        ],
        "X-Cache": [
          "CONFIG_NOCACHE"
        ],
        "X-MSEdge-Ref": [
          "Ref A: 4AB57D9AC4184E67A7802FB249761E42 Ref B: CO6AA3150218021 Ref C: 2024-03-21T23:07:43Z"
        ],
        "Date": [
          "Thu, 21 Mar 2024 23:07:43 GMT"
        ],
        "Content-Length": [
          "705"
        ],
        "Content-Type": [
          "application/json; charset=utf-8"
        ],
        "Expires": [
          "-1"
        ],
        "Last-Modified": [
          "Thu, 21 Mar 2024 23:07:43 GMT"
        ]
      },
      "ResponseBody": "{\r\n  \"type\": \"Microsoft.Batch/batchAccounts/applications/versions\",\r\n  \"id\": \"/subscriptions/6602ac9a-5dad-41bd-a792-592c704b6a31/resourceGroups/automation/providers/Microsoft.Batch/batchAccounts/billstestba24326/applications/newApplicationPackage/versions/foo\",\r\n  \"name\": \"foo\",\r\n  \"etag\": \"W/\\\"0x8DC49FBB722393E\\\"\",\r\n  \"properties\": {\r\n    \"storageUrl\": \"https://billsstorage24326.blob.core.windows.net/app-newapplicationpackage-7b64ca4997c142418bea46e5fc424265/foo?sv=2018-03-28&sr=b&sig=YnhhZj6P1lyhzxEFWRPSBfgGTbA3VkJlUH8gOVBHvO0%3D&st=2024-03-21T23%3A02%3A43Z&se=2024-03-22T03%3A07%3A43Z&sp=rw\",\r\n    \"storageUrlExpiry\": \"2024-03-22T03:07:43.8103238Z\",\r\n    \"state\": \"Active\",\r\n    \"format\": \"zip\",\r\n    \"lastActivationTime\": \"2024-03-21T23:07:43.7733382Z\"\r\n  }\r\n}",
      "StatusCode": 200
    },
    {
      "RequestUri": "/subscriptions/6602ac9a-5dad-41bd-a792-592c704b6a31/resourceGroups/automation/providers/Microsoft.Batch/batchAccounts/billstestba24326/applications/newApplicationPackage/versions/foo?api-version=2022-10-01",
      "EncodedRequestUri": "L3N1YnNjcmlwdGlvbnMvNjYwMmFjOWEtNWRhZC00MWJkLWE3OTItNTkyYzcwNGI2YTMxL3Jlc291cmNlR3JvdXBzL2F1dG9tYXRpb24vcHJvdmlkZXJzL01pY3Jvc29mdC5CYXRjaC9iYXRjaEFjY291bnRzL2JpbGxzdGVzdGJhMjQzMjYvYXBwbGljYXRpb25zL25ld0FwcGxpY2F0aW9uUGFja2FnZS92ZXJzaW9ucy9mb28/YXBpLXZlcnNpb249MjAyMi0xMC0wMQ==",
      "RequestMethod": "GET",
      "RequestHeaders": {
        "x-ms-client-request-id": [
          "611a1509-128c-425e-abef-6bced231e672"
        ],
        "Accept-Language": [
          "en-US"
        ],
        "User-Agent": [
          "FxVersion/6.0.2824.12007",
          "OSName/Windows",
          "OSVersion/Microsoft.Windows.10.0.22631",
          "Microsoft.Azure.Management.Batch.BatchManagementClient/14.2.0.0"
        ]
      },
      "RequestBody": "",
      "ResponseHeaders": {
        "Cache-Control": [
          "no-cache"
        ],
        "Pragma": [
          "no-cache"
        ],
        "ETag": [
          "W/\"0x8DC49FBB722393E\""
        ],
        "x-ms-request-id": [
          "0d0968e0-226d-419b-9088-bfcfa0291f45"
        ],
        "Strict-Transport-Security": [
          "max-age=31536000; includeSubDomains"
        ],
        "X-Content-Type-Options": [
          "nosniff"
        ],
        "x-ms-ratelimit-remaining-subscription-reads": [
          "11998"
        ],
        "x-ms-correlation-request-id": [
          "3a840f28-8ae3-4e86-9e8c-68b7dbe2e1af"
        ],
        "x-ms-routing-request-id": [
          "WESTUS2:20240321T230744Z:3a840f28-8ae3-4e86-9e8c-68b7dbe2e1af"
        ],
        "X-Cache": [
          "CONFIG_NOCACHE"
        ],
        "X-MSEdge-Ref": [
          "Ref A: 16D04250C442460DB4DF050DDB6CCBA0 Ref B: CO6AA3150218021 Ref C: 2024-03-21T23:07:44Z"
        ],
        "Date": [
          "Thu, 21 Mar 2024 23:07:44 GMT"
        ],
        "Content-Length": [
          "707"
        ],
        "Content-Type": [
          "application/json; charset=utf-8"
        ],
        "Expires": [
          "-1"
        ],
        "Last-Modified": [
          "Thu, 21 Mar 2024 23:07:43 GMT"
        ]
      },
      "ResponseBody": "{\r\n  \"type\": \"Microsoft.Batch/batchAccounts/applications/versions\",\r\n  \"id\": \"/subscriptions/6602ac9a-5dad-41bd-a792-592c704b6a31/resourceGroups/automation/providers/Microsoft.Batch/batchAccounts/billstestba24326/applications/newApplicationPackage/versions/foo\",\r\n  \"name\": \"foo\",\r\n  \"etag\": \"W/\\\"0x8DC49FBB722393E\\\"\",\r\n  \"properties\": {\r\n    \"storageUrl\": \"https://billsstorage24326.blob.core.windows.net/app-newapplicationpackage-7b64ca4997c142418bea46e5fc424265/foo?sv=2018-03-28&sr=b&sig=ISDV4cELlwBQg1ThFjbX9BCJciT%2Fmfk9hyDJYZ1G81o%3D&st=2024-03-21T23%3A02%3A44Z&se=2024-03-22T03%3A07%3A44Z&sp=rw\",\r\n    \"storageUrlExpiry\": \"2024-03-22T03:07:44.7334056Z\",\r\n    \"state\": \"Active\",\r\n    \"format\": \"zip\",\r\n    \"lastActivationTime\": \"2024-03-21T23:07:43.7733382Z\"\r\n  }\r\n}",
      "StatusCode": 200
    },
    {
      "RequestUri": "/subscriptions/6602ac9a-5dad-41bd-a792-592c704b6a31/resourceGroups/automation/providers/Microsoft.Batch/batchAccounts/billstestba24326/applications/newApplicationPackage/versions/foo?api-version=2022-10-01",
      "EncodedRequestUri": "L3N1YnNjcmlwdGlvbnMvNjYwMmFjOWEtNWRhZC00MWJkLWE3OTItNTkyYzcwNGI2YTMxL3Jlc291cmNlR3JvdXBzL2F1dG9tYXRpb24vcHJvdmlkZXJzL01pY3Jvc29mdC5CYXRjaC9iYXRjaEFjY291bnRzL2JpbGxzdGVzdGJhMjQzMjYvYXBwbGljYXRpb25zL25ld0FwcGxpY2F0aW9uUGFja2FnZS92ZXJzaW9ucy9mb28/YXBpLXZlcnNpb249MjAyMi0xMC0wMQ==",
      "RequestMethod": "DELETE",
      "RequestHeaders": {
        "x-ms-client-request-id": [
          "260169c4-245d-4336-b51b-d6a96103efaf"
        ],
        "Accept-Language": [
          "en-US"
        ],
        "User-Agent": [
          "FxVersion/6.0.2824.12007",
          "OSName/Windows",
          "OSVersion/Microsoft.Windows.10.0.22631",
          "Microsoft.Azure.Management.Batch.BatchManagementClient/14.2.0.0"
        ]
      },
      "RequestBody": "",
      "ResponseHeaders": {
        "Cache-Control": [
          "no-cache"
        ],
        "Pragma": [
          "no-cache"
        ],
        "x-ms-request-id": [
          "cbde9566-058c-4806-985b-181712a1080c"
        ],
        "Strict-Transport-Security": [
          "max-age=31536000; includeSubDomains"
        ],
        "X-Content-Type-Options": [
          "nosniff"
        ],
        "x-ms-ratelimit-remaining-subscription-deletes": [
          "14999"
        ],
        "x-ms-correlation-request-id": [
          "1c112644-68aa-46f6-a3d6-434844984b0b"
        ],
        "x-ms-routing-request-id": [
          "WESTUS2:20240321T230745Z:1c112644-68aa-46f6-a3d6-434844984b0b"
        ],
        "X-Cache": [
          "CONFIG_NOCACHE"
        ],
        "X-MSEdge-Ref": [
          "Ref A: D0A83C72D2654211B4E1597137D1F28C Ref B: CO6AA3150218021 Ref C: 2024-03-21T23:07:44Z"
        ],
        "Date": [
          "Thu, 21 Mar 2024 23:07:44 GMT"
        ],
        "Expires": [
          "-1"
        ],
        "Content-Length": [
          "0"
        ]
      },
      "ResponseBody": "",
      "StatusCode": 200
    },
    {
      "RequestUri": "/subscriptions/6602ac9a-5dad-41bd-a792-592c704b6a31/resourceGroups/automation/providers/Microsoft.Batch/batchAccounts/billstestba24326/applications/newApplicationPackage?api-version=2022-10-01",
      "EncodedRequestUri": "L3N1YnNjcmlwdGlvbnMvNjYwMmFjOWEtNWRhZC00MWJkLWE3OTItNTkyYzcwNGI2YTMxL3Jlc291cmNlR3JvdXBzL2F1dG9tYXRpb24vcHJvdmlkZXJzL01pY3Jvc29mdC5CYXRjaC9iYXRjaEFjY291bnRzL2JpbGxzdGVzdGJhMjQzMjYvYXBwbGljYXRpb25zL25ld0FwcGxpY2F0aW9uUGFja2FnZT9hcGktdmVyc2lvbj0yMDIyLTEwLTAx",
      "RequestMethod": "DELETE",
      "RequestHeaders": {
        "x-ms-client-request-id": [
          "5bf1ada6-7092-4567-8a55-6c413f399dcd"
        ],
        "Accept-Language": [
          "en-US"
        ],
        "User-Agent": [
          "FxVersion/6.0.2824.12007",
          "OSName/Windows",
          "OSVersion/Microsoft.Windows.10.0.22631",
          "Microsoft.Azure.Management.Batch.BatchManagementClient/14.2.0.0"
        ]
      },
      "RequestBody": "",
      "ResponseHeaders": {
        "Cache-Control": [
          "no-cache"
        ],
        "Pragma": [
          "no-cache"
        ],
        "x-ms-request-id": [
          "2aa33973-bd33-433e-9a4e-525a2768110c"
        ],
        "Strict-Transport-Security": [
          "max-age=31536000; includeSubDomains"
        ],
        "X-Content-Type-Options": [
          "nosniff"
        ],
        "x-ms-ratelimit-remaining-subscription-deletes": [
          "14999"
        ],
        "x-ms-correlation-request-id": [
          "024b7229-42c3-4b08-a317-4fd63e0c9976"
        ],
        "x-ms-routing-request-id": [
          "WESTUS2:20240321T230746Z:024b7229-42c3-4b08-a317-4fd63e0c9976"
        ],
        "X-Cache": [
          "CONFIG_NOCACHE"
        ],
        "X-MSEdge-Ref": [
          "Ref A: B0BBDA7796B747929A00AF7EF9005038 Ref B: CO6AA3150218021 Ref C: 2024-03-21T23:07:45Z"
        ],
        "Date": [
          "Thu, 21 Mar 2024 23:07:45 GMT"
        ],
        "Expires": [
          "-1"
        ],
        "Content-Length": [
          "0"
        ]
      },
      "ResponseBody": "",
      "StatusCode": 200
    }
  ],
  "Names": {},
  "Variables": {
    "SubscriptionId": "6602ac9a-5dad-41bd-a792-592c704b6a31",
    "AZURE_BATCH_ACCOUNT": "billstestba24326",
    "AZURE_BATCH_ENDPOINT": "https://billstestba24326.uksouth.batch.azure.com",
    "AZURE_BATCH_RESOURCE_GROUP": "automation"
  }
}