{
  "Entries": [
    {
      "RequestUri": "/subscriptions/947d47b4-7883-4bb9-9d85-c5e8e2f572ce/resourcegroups/ps6775?api-version=2016-09-01",
      "EncodedRequestUri": "L3N1YnNjcmlwdGlvbnMvOTQ3ZDQ3YjQtNzg4My00YmI5LTlkODUtYzVlOGUyZjU3MmNlL3Jlc291cmNlZ3JvdXBzL3BzNjc3NT9hcGktdmVyc2lvbj0yMDE2LTA5LTAx",
      "RequestMethod": "PUT",
      "RequestBody": "{\r\n  \"location\": \"EAST US 2 EUAP\"\r\n}",
      "RequestHeaders": {
        "x-ms-client-request-id": [
          "2c30db23-d2d9-498a-88dc-8058fb757ff0"
        ],
        "Accept-Language": [
          "en-US"
        ],
        "User-Agent": [
          "FxVersion/4.6.27414.06",
          "OSName/Windows",
          "OSVersion/Microsoft.Windows.10.0.17763.",
          "Microsoft.Azure.Management.Internal.Resources.ResourceManagementClient/1.1.18"
        ],
        "Content-Type": [
          "application/json; charset=utf-8"
        ],
        "Content-Length": [
          "36"
        ]
      },
      "ResponseHeaders": {
        "Cache-Control": [
          "no-cache"
        ],
        "Pragma": [
          "no-cache"
        ],
        "x-ms-ratelimit-remaining-subscription-writes": [
          "1152"
        ],
        "x-ms-request-id": [
          "a20d1945-7ec1-4e7b-8735-f38f75597c9c"
        ],
        "x-ms-correlation-request-id": [
          "a20d1945-7ec1-4e7b-8735-f38f75597c9c"
        ],
        "x-ms-routing-request-id": [
          "BRAZILUS:20190408T105155Z:a20d1945-7ec1-4e7b-8735-f38f75597c9c"
        ],
        "Strict-Transport-Security": [
          "max-age=31536000; includeSubDomains"
        ],
        "X-Content-Type-Options": [
          "nosniff"
        ],
        "Date": [
          "Mon, 08 Apr 2019 10:51:55 GMT"
        ],
        "Content-Length": [
          "170"
        ],
        "Content-Type": [
          "application/json; charset=utf-8"
        ],
        "Expires": [
          "-1"
        ]
      },
      "ResponseBody": "{\r\n  \"id\": \"/subscriptions/947d47b4-7883-4bb9-9d85-c5e8e2f572ce/resourceGroups/ps6775\",\r\n  \"name\": \"ps6775\",\r\n  \"location\": \"eastus2euap\",\r\n  \"properties\": {\r\n    \"provisioningState\": \"Succeeded\"\r\n  }\r\n}",
      "StatusCode": 201
    },
    {
      "RequestUri": "/subscriptions/947d47b4-7883-4bb9-9d85-c5e8e2f572ce/resourceGroups/ps6775/providers/Microsoft.Network/virtualNetworks/ps5972?api-version=2019-02-01",
      "EncodedRequestUri": "L3N1YnNjcmlwdGlvbnMvOTQ3ZDQ3YjQtNzg4My00YmI5LTlkODUtYzVlOGUyZjU3MmNlL3Jlc291cmNlR3JvdXBzL3BzNjc3NS9wcm92aWRlcnMvTWljcm9zb2Z0Lk5ldHdvcmsvdmlydHVhbE5ldHdvcmtzL3BzNTk3Mj9hcGktdmVyc2lvbj0yMDE5LTAyLTAx",
      "RequestMethod": "GET",
      "RequestBody": "",
      "RequestHeaders": {
        "x-ms-client-request-id": [
          "21fb0017-08b1-4569-8143-59b7f0230e8b"
        ],
        "Accept-Language": [
          "en-US"
        ],
        "User-Agent": [
          "FxVersion/4.6.27414.06",
          "OSName/Windows",
          "OSVersion/Microsoft.Windows.10.0.17763.",
          "Microsoft.Azure.Management.Network.NetworkManagementClient/20.0.0.0"
        ]
      },
      "ResponseHeaders": {
        "Cache-Control": [
          "no-cache"
        ],
        "Pragma": [
          "no-cache"
        ],
        "x-ms-failure-cause": [
          "gateway"
        ],
        "x-ms-request-id": [
          "3bc1ca98-4dcd-4b74-a637-fc689004eedd"
        ],
        "x-ms-correlation-request-id": [
          "3bc1ca98-4dcd-4b74-a637-fc689004eedd"
        ],
        "x-ms-routing-request-id": [
          "BRAZILUS:20190408T105156Z:3bc1ca98-4dcd-4b74-a637-fc689004eedd"
        ],
        "Strict-Transport-Security": [
          "max-age=31536000; includeSubDomains"
        ],
        "X-Content-Type-Options": [
          "nosniff"
        ],
        "Date": [
          "Mon, 08 Apr 2019 10:51:56 GMT"
        ],
        "Content-Type": [
          "application/json; charset=utf-8"
        ],
        "Expires": [
          "-1"
        ],
        "Content-Length": [
          "150"
        ]
      },
      "ResponseBody": "{\r\n  \"error\": {\r\n    \"code\": \"ResourceNotFound\",\r\n    \"message\": \"The Resource 'Microsoft.Network/virtualNetworks/ps5972' under resource group 'ps6775' was not found.\"\r\n  }\r\n}",
      "StatusCode": 404
    },
    {
      "RequestUri": "/subscriptions/947d47b4-7883-4bb9-9d85-c5e8e2f572ce/resourceGroups/ps6775/providers/Microsoft.Network/virtualNetworks/ps5972?api-version=2019-02-01",
      "EncodedRequestUri": "L3N1YnNjcmlwdGlvbnMvOTQ3ZDQ3YjQtNzg4My00YmI5LTlkODUtYzVlOGUyZjU3MmNlL3Jlc291cmNlR3JvdXBzL3BzNjc3NS9wcm92aWRlcnMvTWljcm9zb2Z0Lk5ldHdvcmsvdmlydHVhbE5ldHdvcmtzL3BzNTk3Mj9hcGktdmVyc2lvbj0yMDE5LTAyLTAx",
      "RequestMethod": "GET",
      "RequestBody": "",
      "RequestHeaders": {
        "User-Agent": [
          "FxVersion/4.6.27414.06",
          "OSName/Windows",
          "OSVersion/Microsoft.Windows.10.0.17763.",
          "Microsoft.Azure.Management.Network.NetworkManagementClient/20.0.0.0"
        ]
      },
      "ResponseHeaders": {
        "Cache-Control": [
          "no-cache"
        ],
        "Pragma": [
          "no-cache"
        ],
        "ETag": [
          "W/\"cd534710-3f0a-4931-8a07-e6c435d8bda8\""
        ],
        "x-ms-request-id": [
          "aa97bf4b-1496-44d4-8bcb-90da2b2c6979"
        ],
        "x-ms-correlation-request-id": [
          "9b9ef419-b731-47af-9ffb-abb69e176e11"
        ],
        "Strict-Transport-Security": [
          "max-age=31536000; includeSubDomains"
        ],
        "Server": [
          "Microsoft-HTTPAPI/2.0",
          "Microsoft-HTTPAPI/2.0"
        ],
        "x-ms-ratelimit-remaining-subscription-reads": [
          "11780"
        ],
        "x-ms-routing-request-id": [
          "BRAZILUS:20190408T105200Z:9b9ef419-b731-47af-9ffb-abb69e176e11"
        ],
        "X-Content-Type-Options": [
          "nosniff"
        ],
        "Date": [
          "Mon, 08 Apr 2019 10:52:00 GMT"
        ],
        "Content-Length": [
          "1157"
        ],
        "Content-Type": [
          "application/json; charset=utf-8"
        ],
        "Expires": [
          "-1"
        ]
      },
      "ResponseBody": "{\r\n  \"name\": \"ps5972\",\r\n  \"id\": \"/subscriptions/947d47b4-7883-4bb9-9d85-c5e8e2f572ce/resourceGroups/ps6775/providers/Microsoft.Network/virtualNetworks/ps5972\",\r\n  \"etag\": \"W/\\\"cd534710-3f0a-4931-8a07-e6c435d8bda8\\\"\",\r\n  \"type\": \"Microsoft.Network/virtualNetworks\",\r\n  \"location\": \"eastus2euap\",\r\n  \"properties\": {\r\n    \"provisioningState\": \"Succeeded\",\r\n    \"resourceGuid\": \"d36dd66d-b2a1-49d6-83f0-25c6fe8f2f2f\",\r\n    \"addressSpace\": {\r\n      \"addressPrefixes\": [\r\n        \"10.0.0.0/8\"\r\n      ]\r\n    },\r\n    \"subnets\": [\r\n      {\r\n        \"name\": \"ps1774\",\r\n        \"id\": \"/subscriptions/947d47b4-7883-4bb9-9d85-c5e8e2f572ce/resourceGroups/ps6775/providers/Microsoft.Network/virtualNetworks/ps5972/subnets/ps1774\",\r\n        \"etag\": \"W/\\\"cd534710-3f0a-4931-8a07-e6c435d8bda8\\\"\",\r\n        \"properties\": {\r\n          \"provisioningState\": \"Succeeded\",\r\n          \"addressPrefix\": \"10.0.1.0/24\",\r\n          \"serviceEndpoints\": [],\r\n          \"delegations\": []\r\n        },\r\n        \"type\": \"Microsoft.Network/virtualNetworks/subnets\"\r\n      }\r\n    ],\r\n    \"virtualNetworkPeerings\": [],\r\n    \"enableDdosProtection\": false,\r\n    \"enableVmProtection\": false\r\n  }\r\n}",
      "StatusCode": 200
    },
    {
      "RequestUri": "/subscriptions/947d47b4-7883-4bb9-9d85-c5e8e2f572ce/resourceGroups/ps6775/providers/Microsoft.Network/virtualNetworks/ps5972?api-version=2019-02-01",
      "EncodedRequestUri": "L3N1YnNjcmlwdGlvbnMvOTQ3ZDQ3YjQtNzg4My00YmI5LTlkODUtYzVlOGUyZjU3MmNlL3Jlc291cmNlR3JvdXBzL3BzNjc3NS9wcm92aWRlcnMvTWljcm9zb2Z0Lk5ldHdvcmsvdmlydHVhbE5ldHdvcmtzL3BzNTk3Mj9hcGktdmVyc2lvbj0yMDE5LTAyLTAx",
      "RequestMethod": "GET",
      "RequestBody": "",
      "RequestHeaders": {
        "x-ms-client-request-id": [
          "f62fbaaa-315d-4c96-8f4f-27222c79b7fa"
        ],
        "Accept-Language": [
          "en-US"
        ],
        "User-Agent": [
          "FxVersion/4.6.27414.06",
          "OSName/Windows",
          "OSVersion/Microsoft.Windows.10.0.17763.",
          "Microsoft.Azure.Management.Network.NetworkManagementClient/20.0.0.0"
        ]
      },
      "ResponseHeaders": {
        "Cache-Control": [
          "no-cache"
        ],
        "Pragma": [
          "no-cache"
        ],
        "ETag": [
          "W/\"cd534710-3f0a-4931-8a07-e6c435d8bda8\""
        ],
        "x-ms-request-id": [
          "27936ff5-58f6-47d6-a585-60ea30d9fc05"
        ],
        "x-ms-correlation-request-id": [
          "584ada87-60c4-4575-8c8e-4a7a47d1355b"
        ],
        "Strict-Transport-Security": [
          "max-age=31536000; includeSubDomains"
        ],
        "Server": [
          "Microsoft-HTTPAPI/2.0",
          "Microsoft-HTTPAPI/2.0"
        ],
        "x-ms-ratelimit-remaining-subscription-reads": [
          "11779"
        ],
        "x-ms-routing-request-id": [
          "BRAZILUS:20190408T105201Z:584ada87-60c4-4575-8c8e-4a7a47d1355b"
        ],
        "X-Content-Type-Options": [
          "nosniff"
        ],
        "Date": [
          "Mon, 08 Apr 2019 10:52:00 GMT"
        ],
        "Content-Length": [
          "1157"
        ],
        "Content-Type": [
          "application/json; charset=utf-8"
        ],
        "Expires": [
          "-1"
        ]
      },
      "ResponseBody": "{\r\n  \"name\": \"ps5972\",\r\n  \"id\": \"/subscriptions/947d47b4-7883-4bb9-9d85-c5e8e2f572ce/resourceGroups/ps6775/providers/Microsoft.Network/virtualNetworks/ps5972\",\r\n  \"etag\": \"W/\\\"cd534710-3f0a-4931-8a07-e6c435d8bda8\\\"\",\r\n  \"type\": \"Microsoft.Network/virtualNetworks\",\r\n  \"location\": \"eastus2euap\",\r\n  \"properties\": {\r\n    \"provisioningState\": \"Succeeded\",\r\n    \"resourceGuid\": \"d36dd66d-b2a1-49d6-83f0-25c6fe8f2f2f\",\r\n    \"addressSpace\": {\r\n      \"addressPrefixes\": [\r\n        \"10.0.0.0/8\"\r\n      ]\r\n    },\r\n    \"subnets\": [\r\n      {\r\n        \"name\": \"ps1774\",\r\n        \"id\": \"/subscriptions/947d47b4-7883-4bb9-9d85-c5e8e2f572ce/resourceGroups/ps6775/providers/Microsoft.Network/virtualNetworks/ps5972/subnets/ps1774\",\r\n        \"etag\": \"W/\\\"cd534710-3f0a-4931-8a07-e6c435d8bda8\\\"\",\r\n        \"properties\": {\r\n          \"provisioningState\": \"Succeeded\",\r\n          \"addressPrefix\": \"10.0.1.0/24\",\r\n          \"serviceEndpoints\": [],\r\n          \"delegations\": []\r\n        },\r\n        \"type\": \"Microsoft.Network/virtualNetworks/subnets\"\r\n      }\r\n    ],\r\n    \"virtualNetworkPeerings\": [],\r\n    \"enableDdosProtection\": false,\r\n    \"enableVmProtection\": false\r\n  }\r\n}",
      "StatusCode": 200
    },
    {
      "RequestUri": "/subscriptions/947d47b4-7883-4bb9-9d85-c5e8e2f572ce/resourceGroups/ps6775/providers/Microsoft.Network/virtualNetworks/ps5972?api-version=2019-02-01",
      "EncodedRequestUri": "L3N1YnNjcmlwdGlvbnMvOTQ3ZDQ3YjQtNzg4My00YmI5LTlkODUtYzVlOGUyZjU3MmNlL3Jlc291cmNlR3JvdXBzL3BzNjc3NS9wcm92aWRlcnMvTWljcm9zb2Z0Lk5ldHdvcmsvdmlydHVhbE5ldHdvcmtzL3BzNTk3Mj9hcGktdmVyc2lvbj0yMDE5LTAyLTAx",
      "RequestMethod": "PUT",
      "RequestBody": "{\r\n  \"properties\": {\r\n    \"addressSpace\": {\r\n      \"addressPrefixes\": [\r\n        \"10.0.0.0/8\"\r\n      ]\r\n    },\r\n    \"subnets\": [\r\n      {\r\n        \"properties\": {\r\n          \"addressPrefix\": \"10.0.1.0/24\",\r\n          \"addressPrefixes\": [],\r\n          \"serviceEndpoints\": [],\r\n          \"serviceEndpointPolicies\": [],\r\n          \"resourceNavigationLinks\": [],\r\n          \"serviceAssociationLinks\": [],\r\n          \"delegations\": []\r\n        },\r\n        \"name\": \"ps1774\"\r\n      }\r\n    ],\r\n    \"virtualNetworkPeerings\": [],\r\n    \"enableDdosProtection\": false\r\n  },\r\n  \"location\": \"EAST US 2 EUAP\"\r\n}",
      "RequestHeaders": {
        "x-ms-client-request-id": [
          "a4056bb8-25d0-4d2e-8c84-e1de13d47f56"
        ],
        "Accept-Language": [
          "en-US"
        ],
        "User-Agent": [
          "FxVersion/4.6.27414.06",
          "OSName/Windows",
          "OSVersion/Microsoft.Windows.10.0.17763.",
          "Microsoft.Azure.Management.Network.NetworkManagementClient/20.0.0.0"
        ],
        "Content-Type": [
          "application/json; charset=utf-8"
        ],
        "Content-Length": [
          "595"
        ]
      },
      "ResponseHeaders": {
        "Cache-Control": [
          "no-cache"
        ],
        "Pragma": [
          "no-cache"
        ],
        "Retry-After": [
          "3"
        ],
        "x-ms-request-id": [
          "99f63009-a4b8-471a-8d4a-a5ad361eb650"
        ],
        "Azure-AsyncOperation": [
          "https://brazilus.management.azure.com/subscriptions/947d47b4-7883-4bb9-9d85-c5e8e2f572ce/providers/Microsoft.Network/locations/eastus2euap/operations/99f63009-a4b8-471a-8d4a-a5ad361eb650?api-version=2019-02-01"
        ],
        "x-ms-correlation-request-id": [
          "922380fa-8574-4150-a7c9-2bf45936342b"
        ],
        "Strict-Transport-Security": [
          "max-age=31536000; includeSubDomains"
        ],
        "Server": [
          "Microsoft-HTTPAPI/2.0",
          "Microsoft-HTTPAPI/2.0"
        ],
        "x-ms-ratelimit-remaining-subscription-writes": [
          "1164"
        ],
        "x-ms-routing-request-id": [
          "BRAZILUS:20190408T105157Z:922380fa-8574-4150-a7c9-2bf45936342b"
        ],
        "X-Content-Type-Options": [
          "nosniff"
        ],
        "Date": [
          "Mon, 08 Apr 2019 10:51:56 GMT"
        ],
        "Content-Length": [
          "1155"
        ],
        "Content-Type": [
          "application/json; charset=utf-8"
        ],
        "Expires": [
          "-1"
        ]
      },
      "ResponseBody": "{\r\n  \"name\": \"ps5972\",\r\n  \"id\": \"/subscriptions/947d47b4-7883-4bb9-9d85-c5e8e2f572ce/resourceGroups/ps6775/providers/Microsoft.Network/virtualNetworks/ps5972\",\r\n  \"etag\": \"W/\\\"111afb41-1833-4c62-a197-48235be63155\\\"\",\r\n  \"type\": \"Microsoft.Network/virtualNetworks\",\r\n  \"location\": \"eastus2euap\",\r\n  \"properties\": {\r\n    \"provisioningState\": \"Updating\",\r\n    \"resourceGuid\": \"d36dd66d-b2a1-49d6-83f0-25c6fe8f2f2f\",\r\n    \"addressSpace\": {\r\n      \"addressPrefixes\": [\r\n        \"10.0.0.0/8\"\r\n      ]\r\n    },\r\n    \"subnets\": [\r\n      {\r\n        \"name\": \"ps1774\",\r\n        \"id\": \"/subscriptions/947d47b4-7883-4bb9-9d85-c5e8e2f572ce/resourceGroups/ps6775/providers/Microsoft.Network/virtualNetworks/ps5972/subnets/ps1774\",\r\n        \"etag\": \"W/\\\"111afb41-1833-4c62-a197-48235be63155\\\"\",\r\n        \"properties\": {\r\n          \"provisioningState\": \"Updating\",\r\n          \"addressPrefix\": \"10.0.1.0/24\",\r\n          \"serviceEndpoints\": [],\r\n          \"delegations\": []\r\n        },\r\n        \"type\": \"Microsoft.Network/virtualNetworks/subnets\"\r\n      }\r\n    ],\r\n    \"virtualNetworkPeerings\": [],\r\n    \"enableDdosProtection\": false,\r\n    \"enableVmProtection\": false\r\n  }\r\n}",
      "StatusCode": 201
    },
    {
      "RequestUri": "/subscriptions/947d47b4-7883-4bb9-9d85-c5e8e2f572ce/providers/Microsoft.Network/locations/eastus2euap/operations/99f63009-a4b8-471a-8d4a-a5ad361eb650?api-version=2019-02-01",
      "EncodedRequestUri": "L3N1YnNjcmlwdGlvbnMvOTQ3ZDQ3YjQtNzg4My00YmI5LTlkODUtYzVlOGUyZjU3MmNlL3Byb3ZpZGVycy9NaWNyb3NvZnQuTmV0d29yay9sb2NhdGlvbnMvZWFzdHVzMmV1YXAvb3BlcmF0aW9ucy85OWY2MzAwOS1hNGI4LTQ3MWEtOGQ0YS1hNWFkMzYxZWI2NTA/YXBpLXZlcnNpb249MjAxOS0wMi0wMQ==",
      "RequestMethod": "GET",
      "RequestBody": "",
      "RequestHeaders": {
        "User-Agent": [
          "FxVersion/4.6.27414.06",
          "OSName/Windows",
          "OSVersion/Microsoft.Windows.10.0.17763.",
          "Microsoft.Azure.Management.Network.NetworkManagementClient/20.0.0.0"
        ]
      },
      "ResponseHeaders": {
        "Cache-Control": [
          "no-cache"
        ],
        "Pragma": [
          "no-cache"
        ],
        "x-ms-request-id": [
          "0f94de4e-4a9b-422c-8f78-d8136a1a7d5c"
        ],
        "x-ms-correlation-request-id": [
          "8458907e-7b2c-40e3-8a82-73db938654c1"
        ],
        "Strict-Transport-Security": [
          "max-age=31536000; includeSubDomains"
        ],
        "Server": [
          "Microsoft-HTTPAPI/2.0",
          "Microsoft-HTTPAPI/2.0"
        ],
        "x-ms-ratelimit-remaining-subscription-reads": [
          "11781"
        ],
        "x-ms-routing-request-id": [
          "BRAZILUS:20190408T105200Z:8458907e-7b2c-40e3-8a82-73db938654c1"
        ],
        "X-Content-Type-Options": [
          "nosniff"
        ],
        "Date": [
          "Mon, 08 Apr 2019 10:52:00 GMT"
        ],
        "Content-Length": [
          "29"
        ],
        "Content-Type": [
          "application/json; charset=utf-8"
        ],
        "Expires": [
          "-1"
        ]
      },
      "ResponseBody": "{\r\n  \"status\": \"Succeeded\"\r\n}",
      "StatusCode": 200
    },
    {
      "RequestUri": "/subscriptions/947d47b4-7883-4bb9-9d85-c5e8e2f572ce/resourceGroups/ps6775/providers/Microsoft.Network/loadBalancers/ps4054?api-version=2019-02-01",
      "EncodedRequestUri": "L3N1YnNjcmlwdGlvbnMvOTQ3ZDQ3YjQtNzg4My00YmI5LTlkODUtYzVlOGUyZjU3MmNlL3Jlc291cmNlR3JvdXBzL3BzNjc3NS9wcm92aWRlcnMvTWljcm9zb2Z0Lk5ldHdvcmsvbG9hZEJhbGFuY2Vycy9wczQwNTQ/YXBpLXZlcnNpb249MjAxOS0wMi0wMQ==",
      "RequestMethod": "GET",
      "RequestBody": "",
      "RequestHeaders": {
        "x-ms-client-request-id": [
          "315d8b0a-7b89-461a-80d8-7e82118af410"
        ],
        "Accept-Language": [
          "en-US"
        ],
        "User-Agent": [
          "FxVersion/4.6.27414.06",
          "OSName/Windows",
          "OSVersion/Microsoft.Windows.10.0.17763.",
          "Microsoft.Azure.Management.Network.NetworkManagementClient/20.0.0.0"
        ]
      },
      "ResponseHeaders": {
        "Cache-Control": [
          "no-cache"
        ],
        "Pragma": [
          "no-cache"
        ],
        "x-ms-failure-cause": [
          "gateway"
        ],
        "x-ms-request-id": [
          "eb86cb8b-5cd2-41a0-97c0-43bc00302bfb"
        ],
        "x-ms-correlation-request-id": [
          "eb86cb8b-5cd2-41a0-97c0-43bc00302bfb"
        ],
        "x-ms-routing-request-id": [
          "BRAZILUS:20190408T105201Z:eb86cb8b-5cd2-41a0-97c0-43bc00302bfb"
        ],
        "Strict-Transport-Security": [
          "max-age=31536000; includeSubDomains"
        ],
        "X-Content-Type-Options": [
          "nosniff"
        ],
        "Date": [
          "Mon, 08 Apr 2019 10:52:01 GMT"
        ],
        "Content-Type": [
          "application/json; charset=utf-8"
        ],
        "Expires": [
          "-1"
        ],
        "Content-Length": [
          "148"
        ]
      },
      "ResponseBody": "{\r\n  \"error\": {\r\n    \"code\": \"ResourceNotFound\",\r\n    \"message\": \"The Resource 'Microsoft.Network/loadBalancers/ps4054' under resource group 'ps6775' was not found.\"\r\n  }\r\n}",
      "StatusCode": 404
    },
    {
      "RequestUri": "/subscriptions/947d47b4-7883-4bb9-9d85-c5e8e2f572ce/resourceGroups/ps6775/providers/Microsoft.Network/loadBalancers/ps4054?api-version=2019-02-01",
      "EncodedRequestUri": "L3N1YnNjcmlwdGlvbnMvOTQ3ZDQ3YjQtNzg4My00YmI5LTlkODUtYzVlOGUyZjU3MmNlL3Jlc291cmNlR3JvdXBzL3BzNjc3NS9wcm92aWRlcnMvTWljcm9zb2Z0Lk5ldHdvcmsvbG9hZEJhbGFuY2Vycy9wczQwNTQ/YXBpLXZlcnNpb249MjAxOS0wMi0wMQ==",
      "RequestMethod": "GET",
      "RequestBody": "",
      "RequestHeaders": {
        "User-Agent": [
          "FxVersion/4.6.27414.06",
          "OSName/Windows",
          "OSVersion/Microsoft.Windows.10.0.17763.",
          "Microsoft.Azure.Management.Network.NetworkManagementClient/20.0.0.0"
        ]
      },
      "ResponseHeaders": {
        "Cache-Control": [
          "no-cache"
        ],
        "Pragma": [
          "no-cache"
        ],
        "ETag": [
          "W/\"1a4acddb-af8d-40e0-bc59-4b199d12aec5\""
        ],
        "x-ms-request-id": [
          "add7e17b-5835-4513-a2e1-7096db4e01e4"
        ],
        "x-ms-correlation-request-id": [
          "4ed3f294-9e9b-4c1e-b092-a43bca5929e6"
        ],
        "Strict-Transport-Security": [
          "max-age=31536000; includeSubDomains"
        ],
        "Server": [
          "Microsoft-HTTPAPI/2.0",
          "Microsoft-HTTPAPI/2.0"
        ],
        "x-ms-ratelimit-remaining-subscription-reads": [
          "11777"
        ],
        "x-ms-routing-request-id": [
          "BRAZILUS:20190408T105202Z:4ed3f294-9e9b-4c1e-b092-a43bca5929e6"
        ],
        "X-Content-Type-Options": [
          "nosniff"
        ],
        "Date": [
          "Mon, 08 Apr 2019 10:52:01 GMT"
        ],
        "Content-Length": [
          "655"
        ],
        "Content-Type": [
          "application/json; charset=utf-8"
        ],
        "Expires": [
          "-1"
        ]
      },
      "ResponseBody": "{\r\n  \"name\": \"ps4054\",\r\n  \"id\": \"/subscriptions/947d47b4-7883-4bb9-9d85-c5e8e2f572ce/resourceGroups/ps6775/providers/Microsoft.Network/loadBalancers/ps4054\",\r\n  \"etag\": \"W/\\\"1a4acddb-af8d-40e0-bc59-4b199d12aec5\\\"\",\r\n  \"type\": \"Microsoft.Network/loadBalancers\",\r\n  \"location\": \"eastus2euap\",\r\n  \"properties\": {\r\n    \"provisioningState\": \"Succeeded\",\r\n    \"resourceGuid\": \"92529e52-d78e-4b23-b4c3-9ec3b7bde964\",\r\n    \"frontendIPConfigurations\": [],\r\n    \"backendAddressPools\": [],\r\n    \"loadBalancingRules\": [],\r\n    \"probes\": [],\r\n    \"inboundNatRules\": [],\r\n    \"inboundNatPools\": []\r\n  },\r\n  \"sku\": {\r\n    \"name\": \"Basic\",\r\n    \"tier\": \"Regional\"\r\n  }\r\n}",
      "StatusCode": 200
    },
    {
      "RequestUri": "/subscriptions/947d47b4-7883-4bb9-9d85-c5e8e2f572ce/resourceGroups/ps6775/providers/Microsoft.Network/loadBalancers/ps4054?api-version=2019-02-01",
      "EncodedRequestUri": "L3N1YnNjcmlwdGlvbnMvOTQ3ZDQ3YjQtNzg4My00YmI5LTlkODUtYzVlOGUyZjU3MmNlL3Jlc291cmNlR3JvdXBzL3BzNjc3NS9wcm92aWRlcnMvTWljcm9zb2Z0Lk5ldHdvcmsvbG9hZEJhbGFuY2Vycy9wczQwNTQ/YXBpLXZlcnNpb249MjAxOS0wMi0wMQ==",
      "RequestMethod": "GET",
      "RequestBody": "",
      "RequestHeaders": {
        "x-ms-client-request-id": [
          "e3597e8d-497f-4e69-9aec-7c2456a4d9cc"
        ],
        "Accept-Language": [
          "en-US"
        ],
        "User-Agent": [
          "FxVersion/4.6.27414.06",
          "OSName/Windows",
          "OSVersion/Microsoft.Windows.10.0.17763.",
          "Microsoft.Azure.Management.Network.NetworkManagementClient/20.0.0.0"
        ]
      },
      "ResponseHeaders": {
        "Cache-Control": [
          "no-cache"
        ],
        "Pragma": [
          "no-cache"
        ],
        "ETag": [
          "W/\"1a4acddb-af8d-40e0-bc59-4b199d12aec5\""
        ],
        "x-ms-request-id": [
          "046d8c28-2b0a-4943-a081-5821cdb8dacf"
        ],
        "x-ms-correlation-request-id": [
          "cd140ddf-6c93-4cb2-b181-aae4ad69fe03"
        ],
        "Strict-Transport-Security": [
          "max-age=31536000; includeSubDomains"
        ],
        "Server": [
          "Microsoft-HTTPAPI/2.0",
          "Microsoft-HTTPAPI/2.0"
        ],
        "x-ms-ratelimit-remaining-subscription-reads": [
          "11776"
        ],
        "x-ms-routing-request-id": [
          "BRAZILUS:20190408T105203Z:cd140ddf-6c93-4cb2-b181-aae4ad69fe03"
        ],
        "X-Content-Type-Options": [
          "nosniff"
        ],
        "Date": [
          "Mon, 08 Apr 2019 10:52:03 GMT"
        ],
        "Content-Length": [
          "655"
        ],
        "Content-Type": [
          "application/json; charset=utf-8"
        ],
        "Expires": [
          "-1"
        ]
      },
      "ResponseBody": "{\r\n  \"name\": \"ps4054\",\r\n  \"id\": \"/subscriptions/947d47b4-7883-4bb9-9d85-c5e8e2f572ce/resourceGroups/ps6775/providers/Microsoft.Network/loadBalancers/ps4054\",\r\n  \"etag\": \"W/\\\"1a4acddb-af8d-40e0-bc59-4b199d12aec5\\\"\",\r\n  \"type\": \"Microsoft.Network/loadBalancers\",\r\n  \"location\": \"eastus2euap\",\r\n  \"properties\": {\r\n    \"provisioningState\": \"Succeeded\",\r\n    \"resourceGuid\": \"92529e52-d78e-4b23-b4c3-9ec3b7bde964\",\r\n    \"frontendIPConfigurations\": [],\r\n    \"backendAddressPools\": [],\r\n    \"loadBalancingRules\": [],\r\n    \"probes\": [],\r\n    \"inboundNatRules\": [],\r\n    \"inboundNatPools\": []\r\n  },\r\n  \"sku\": {\r\n    \"name\": \"Basic\",\r\n    \"tier\": \"Regional\"\r\n  }\r\n}",
      "StatusCode": 200
    },
    {
      "RequestUri": "/subscriptions/947d47b4-7883-4bb9-9d85-c5e8e2f572ce/resourceGroups/ps6775/providers/Microsoft.Network/loadBalancers/ps4054?api-version=2019-02-01",
      "EncodedRequestUri": "L3N1YnNjcmlwdGlvbnMvOTQ3ZDQ3YjQtNzg4My00YmI5LTlkODUtYzVlOGUyZjU3MmNlL3Jlc291cmNlR3JvdXBzL3BzNjc3NS9wcm92aWRlcnMvTWljcm9zb2Z0Lk5ldHdvcmsvbG9hZEJhbGFuY2Vycy9wczQwNTQ/YXBpLXZlcnNpb249MjAxOS0wMi0wMQ==",
      "RequestMethod": "GET",
      "RequestBody": "",
      "RequestHeaders": {
        "x-ms-client-request-id": [
          "0e47f877-eb7f-422a-b4e8-35101304321c"
        ],
        "Accept-Language": [
          "en-US"
        ],
        "User-Agent": [
          "FxVersion/4.6.27414.06",
          "OSName/Windows",
          "OSVersion/Microsoft.Windows.10.0.17763.",
          "Microsoft.Azure.Management.Network.NetworkManagementClient/20.0.0.0"
        ]
      },
      "ResponseHeaders": {
        "Cache-Control": [
          "no-cache"
        ],
        "Pragma": [
          "no-cache"
        ],
        "ETag": [
          "W/\"1a4acddb-af8d-40e0-bc59-4b199d12aec5\""
        ],
        "x-ms-request-id": [
          "0096a735-1527-46ff-9050-8ae38c1ea934"
        ],
        "x-ms-correlation-request-id": [
          "a9800b8e-61be-4f6f-8f81-8a0c926a533f"
        ],
        "Strict-Transport-Security": [
          "max-age=31536000; includeSubDomains"
        ],
        "Server": [
          "Microsoft-HTTPAPI/2.0",
          "Microsoft-HTTPAPI/2.0"
        ],
        "x-ms-ratelimit-remaining-subscription-reads": [
          "11831"
        ],
        "x-ms-routing-request-id": [
          "BRAZILUS:20190408T105204Z:a9800b8e-61be-4f6f-8f81-8a0c926a533f"
        ],
        "X-Content-Type-Options": [
          "nosniff"
        ],
        "Date": [
          "Mon, 08 Apr 2019 10:52:03 GMT"
        ],
        "Content-Length": [
          "655"
        ],
        "Content-Type": [
          "application/json; charset=utf-8"
        ],
        "Expires": [
          "-1"
        ]
      },
      "ResponseBody": "{\r\n  \"name\": \"ps4054\",\r\n  \"id\": \"/subscriptions/947d47b4-7883-4bb9-9d85-c5e8e2f572ce/resourceGroups/ps6775/providers/Microsoft.Network/loadBalancers/ps4054\",\r\n  \"etag\": \"W/\\\"1a4acddb-af8d-40e0-bc59-4b199d12aec5\\\"\",\r\n  \"type\": \"Microsoft.Network/loadBalancers\",\r\n  \"location\": \"eastus2euap\",\r\n  \"properties\": {\r\n    \"provisioningState\": \"Succeeded\",\r\n    \"resourceGuid\": \"92529e52-d78e-4b23-b4c3-9ec3b7bde964\",\r\n    \"frontendIPConfigurations\": [],\r\n    \"backendAddressPools\": [],\r\n    \"loadBalancingRules\": [],\r\n    \"probes\": [],\r\n    \"inboundNatRules\": [],\r\n    \"inboundNatPools\": []\r\n  },\r\n  \"sku\": {\r\n    \"name\": \"Basic\",\r\n    \"tier\": \"Regional\"\r\n  }\r\n}",
      "StatusCode": 200
    },
    {
      "RequestUri": "/subscriptions/947d47b4-7883-4bb9-9d85-c5e8e2f572ce/resourceGroups/ps6775/providers/Microsoft.Network/loadBalancers/ps4054?api-version=2019-02-01",
      "EncodedRequestUri": "L3N1YnNjcmlwdGlvbnMvOTQ3ZDQ3YjQtNzg4My00YmI5LTlkODUtYzVlOGUyZjU3MmNlL3Jlc291cmNlR3JvdXBzL3BzNjc3NS9wcm92aWRlcnMvTWljcm9zb2Z0Lk5ldHdvcmsvbG9hZEJhbGFuY2Vycy9wczQwNTQ/YXBpLXZlcnNpb249MjAxOS0wMi0wMQ==",
      "RequestMethod": "GET",
      "RequestBody": "",
      "RequestHeaders": {
        "x-ms-client-request-id": [
          "d296c465-c87e-4720-8589-613afbba31c1"
        ],
        "Accept-Language": [
          "en-US"
        ],
        "User-Agent": [
          "FxVersion/4.6.27414.06",
          "OSName/Windows",
          "OSVersion/Microsoft.Windows.10.0.17763.",
          "Microsoft.Azure.Management.Network.NetworkManagementClient/20.0.0.0"
        ]
      },
      "ResponseHeaders": {
        "Cache-Control": [
          "no-cache"
        ],
        "Pragma": [
          "no-cache"
        ],
        "ETag": [
          "W/\"1a4acddb-af8d-40e0-bc59-4b199d12aec5\""
        ],
        "x-ms-request-id": [
          "b005edb0-4484-4f59-b6c0-93469d00eec7"
        ],
        "x-ms-correlation-request-id": [
          "858990af-253f-462e-8d9b-7ecbd4101836"
        ],
        "Strict-Transport-Security": [
          "max-age=31536000; includeSubDomains"
        ],
        "Server": [
          "Microsoft-HTTPAPI/2.0",
          "Microsoft-HTTPAPI/2.0"
        ],
        "x-ms-ratelimit-remaining-subscription-reads": [
          "11722"
        ],
        "x-ms-routing-request-id": [
          "BRAZILUS:20190408T105205Z:858990af-253f-462e-8d9b-7ecbd4101836"
        ],
        "X-Content-Type-Options": [
          "nosniff"
        ],
        "Date": [
          "Mon, 08 Apr 2019 10:52:05 GMT"
        ],
        "Content-Length": [
          "655"
        ],
        "Content-Type": [
          "application/json; charset=utf-8"
        ],
        "Expires": [
          "-1"
        ]
      },
      "ResponseBody": "{\r\n  \"name\": \"ps4054\",\r\n  \"id\": \"/subscriptions/947d47b4-7883-4bb9-9d85-c5e8e2f572ce/resourceGroups/ps6775/providers/Microsoft.Network/loadBalancers/ps4054\",\r\n  \"etag\": \"W/\\\"1a4acddb-af8d-40e0-bc59-4b199d12aec5\\\"\",\r\n  \"type\": \"Microsoft.Network/loadBalancers\",\r\n  \"location\": \"eastus2euap\",\r\n  \"properties\": {\r\n    \"provisioningState\": \"Succeeded\",\r\n    \"resourceGuid\": \"92529e52-d78e-4b23-b4c3-9ec3b7bde964\",\r\n    \"frontendIPConfigurations\": [],\r\n    \"backendAddressPools\": [],\r\n    \"loadBalancingRules\": [],\r\n    \"probes\": [],\r\n    \"inboundNatRules\": [],\r\n    \"inboundNatPools\": []\r\n  },\r\n  \"sku\": {\r\n    \"name\": \"Basic\",\r\n    \"tier\": \"Regional\"\r\n  }\r\n}",
      "StatusCode": 200
    },
    {
      "RequestUri": "/subscriptions/947d47b4-7883-4bb9-9d85-c5e8e2f572ce/resourceGroups/ps6775/providers/Microsoft.Network/loadBalancers/ps4054?api-version=2019-02-01",
      "EncodedRequestUri": "L3N1YnNjcmlwdGlvbnMvOTQ3ZDQ3YjQtNzg4My00YmI5LTlkODUtYzVlOGUyZjU3MmNlL3Jlc291cmNlR3JvdXBzL3BzNjc3NS9wcm92aWRlcnMvTWljcm9zb2Z0Lk5ldHdvcmsvbG9hZEJhbGFuY2Vycy9wczQwNTQ/YXBpLXZlcnNpb249MjAxOS0wMi0wMQ==",
      "RequestMethod": "GET",
      "RequestBody": "",
      "RequestHeaders": {
        "User-Agent": [
          "FxVersion/4.6.27414.06",
          "OSName/Windows",
          "OSVersion/Microsoft.Windows.10.0.17763.",
          "Microsoft.Azure.Management.Network.NetworkManagementClient/20.0.0.0"
        ]
      },
      "ResponseHeaders": {
        "Cache-Control": [
          "no-cache"
        ],
        "Pragma": [
          "no-cache"
        ],
        "ETag": [
          "W/\"fb8c3f34-c7ed-4d91-a003-dd4d1000ea35\""
        ],
        "x-ms-request-id": [
          "90b386ec-30e2-461e-a80c-1182b9ab5571"
        ],
        "x-ms-correlation-request-id": [
          "0b629e3d-9763-48e1-8469-0e93846c8163"
        ],
        "Strict-Transport-Security": [
          "max-age=31536000; includeSubDomains"
        ],
        "Server": [
          "Microsoft-HTTPAPI/2.0",
          "Microsoft-HTTPAPI/2.0"
        ],
        "x-ms-ratelimit-remaining-subscription-reads": [
          "11721"
        ],
        "x-ms-routing-request-id": [
          "BRAZILUS:20190408T105205Z:0b629e3d-9763-48e1-8469-0e93846c8163"
        ],
        "X-Content-Type-Options": [
          "nosniff"
        ],
        "Date": [
          "Mon, 08 Apr 2019 10:52:05 GMT"
        ],
        "Content-Length": [
          "4824"
        ],
        "Content-Type": [
          "application/json; charset=utf-8"
        ],
        "Expires": [
          "-1"
        ]
      },
      "ResponseBody": "{\r\n  \"name\": \"ps4054\",\r\n  \"id\": \"/subscriptions/947d47b4-7883-4bb9-9d85-c5e8e2f572ce/resourceGroups/ps6775/providers/Microsoft.Network/loadBalancers/ps4054\",\r\n  \"etag\": \"W/\\\"fb8c3f34-c7ed-4d91-a003-dd4d1000ea35\\\"\",\r\n  \"type\": \"Microsoft.Network/loadBalancers\",\r\n  \"location\": \"eastus2euap\",\r\n  \"properties\": {\r\n    \"provisioningState\": \"Succeeded\",\r\n    \"resourceGuid\": \"92529e52-d78e-4b23-b4c3-9ec3b7bde964\",\r\n    \"frontendIPConfigurations\": [\r\n      {\r\n        \"name\": \"ps7775\",\r\n        \"id\": \"/subscriptions/947d47b4-7883-4bb9-9d85-c5e8e2f572ce/resourceGroups/ps6775/providers/Microsoft.Network/loadBalancers/ps4054/frontendIPConfigurations/ps7775\",\r\n        \"etag\": \"W/\\\"fb8c3f34-c7ed-4d91-a003-dd4d1000ea35\\\"\",\r\n        \"type\": \"Microsoft.Network/loadBalancers/frontendIPConfigurations\",\r\n        \"properties\": {\r\n          \"provisioningState\": \"Succeeded\",\r\n          \"privateIPAddress\": \"10.0.1.4\",\r\n          \"privateIPAllocationMethod\": \"Dynamic\",\r\n          \"subnet\": {\r\n            \"id\": \"/subscriptions/947d47b4-7883-4bb9-9d85-c5e8e2f572ce/resourceGroups/ps6775/providers/Microsoft.Network/virtualNetworks/ps5972/subnets/ps1774\"\r\n          },\r\n          \"loadBalancingRules\": [\r\n            {\r\n              \"id\": \"/subscriptions/947d47b4-7883-4bb9-9d85-c5e8e2f572ce/resourceGroups/ps6775/providers/Microsoft.Network/loadBalancers/ps4054/loadBalancingRules/ps2897\"\r\n            }\r\n          ],\r\n          \"inboundNatRules\": [\r\n            {\r\n              \"id\": \"/subscriptions/947d47b4-7883-4bb9-9d85-c5e8e2f572ce/resourceGroups/ps6775/providers/Microsoft.Network/loadBalancers/ps4054/inboundNatRules/ps6626\"\r\n            }\r\n          ]\r\n        }\r\n      }\r\n    ],\r\n    \"backendAddressPools\": [\r\n      {\r\n        \"name\": \"ps4239\",\r\n        \"id\": \"/subscriptions/947d47b4-7883-4bb9-9d85-c5e8e2f572ce/resourceGroups/ps6775/providers/Microsoft.Network/loadBalancers/ps4054/backendAddressPools/ps4239\",\r\n        \"etag\": \"W/\\\"fb8c3f34-c7ed-4d91-a003-dd4d1000ea35\\\"\",\r\n        \"properties\": {\r\n          \"provisioningState\": \"Succeeded\"\r\n        },\r\n        \"type\": \"Microsoft.Network/loadBalancers/backendAddressPools\"\r\n      }\r\n    ],\r\n    \"loadBalancingRules\": [\r\n      {\r\n        \"name\": \"ps2897\",\r\n        \"id\": \"/subscriptions/947d47b4-7883-4bb9-9d85-c5e8e2f572ce/resourceGroups/ps6775/providers/Microsoft.Network/loadBalancers/ps4054/loadBalancingRules/ps2897\",\r\n        \"etag\": \"W/\\\"fb8c3f34-c7ed-4d91-a003-dd4d1000ea35\\\"\",\r\n        \"type\": \"Microsoft.Network/loadBalancers/loadBalancingRules\",\r\n        \"properties\": {\r\n          \"provisioningState\": \"Succeeded\",\r\n          \"frontendIPConfiguration\": {\r\n            \"id\": \"/subscriptions/947d47b4-7883-4bb9-9d85-c5e8e2f572ce/resourceGroups/ps6775/providers/Microsoft.Network/loadBalancers/ps4054/frontendIPConfigurations/ps7775\"\r\n          },\r\n          \"frontendPort\": 1024,\r\n          \"backendPort\": 2048,\r\n          \"enableFloatingIP\": false,\r\n          \"idleTimeoutInMinutes\": 4,\r\n          \"protocol\": \"Tcp\",\r\n          \"enableDestinationServiceEndpoint\": false,\r\n          \"enableTcpReset\": false,\r\n          \"allowBackendPortConflict\": false,\r\n          \"loadDistribution\": \"Default\"\r\n        }\r\n      }\r\n    ],\r\n    \"probes\": [\r\n      {\r\n        \"name\": \"ps3262\",\r\n        \"id\": \"/subscriptions/947d47b4-7883-4bb9-9d85-c5e8e2f572ce/resourceGroups/ps6775/providers/Microsoft.Network/loadBalancers/ps4054/probes/ps3262\",\r\n        \"etag\": \"W/\\\"fb8c3f34-c7ed-4d91-a003-dd4d1000ea35\\\"\",\r\n        \"properties\": {\r\n          \"provisioningState\": \"Succeeded\",\r\n          \"protocol\": \"Tcp\",\r\n          \"port\": 2000,\r\n          \"intervalInSeconds\": 60,\r\n          \"numberOfProbes\": 3\r\n        },\r\n        \"type\": \"Microsoft.Network/loadBalancers/probes\"\r\n      }\r\n    ],\r\n    \"inboundNatRules\": [\r\n      {\r\n        \"name\": \"ps6626\",\r\n        \"id\": \"/subscriptions/947d47b4-7883-4bb9-9d85-c5e8e2f572ce/resourceGroups/ps6775/providers/Microsoft.Network/loadBalancers/ps4054/inboundNatRules/ps6626\",\r\n        \"etag\": \"W/\\\"fb8c3f34-c7ed-4d91-a003-dd4d1000ea35\\\"\",\r\n        \"type\": \"Microsoft.Network/loadBalancers/inboundNatRules\",\r\n        \"properties\": {\r\n          \"provisioningState\": \"Succeeded\",\r\n          \"frontendIPConfiguration\": {\r\n            \"id\": \"/subscriptions/947d47b4-7883-4bb9-9d85-c5e8e2f572ce/resourceGroups/ps6775/providers/Microsoft.Network/loadBalancers/ps4054/frontendIPConfigurations/ps7775\"\r\n          },\r\n          \"frontendPort\": 128,\r\n          \"backendPort\": 256,\r\n          \"enableFloatingIP\": false,\r\n          \"idleTimeoutInMinutes\": 4,\r\n          \"protocol\": \"Tcp\",\r\n          \"enableDestinationServiceEndpoint\": false,\r\n          \"enableTcpReset\": false,\r\n          \"allowBackendPortConflict\": false\r\n        }\r\n      }\r\n    ],\r\n    \"inboundNatPools\": []\r\n  },\r\n  \"sku\": {\r\n    \"name\": \"Basic\",\r\n    \"tier\": \"Regional\"\r\n  }\r\n}",
      "StatusCode": 200
    },
    {
      "RequestUri": "/subscriptions/947d47b4-7883-4bb9-9d85-c5e8e2f572ce/resourceGroups/ps6775/providers/Microsoft.Network/loadBalancers/ps4054?api-version=2019-02-01",
      "EncodedRequestUri": "L3N1YnNjcmlwdGlvbnMvOTQ3ZDQ3YjQtNzg4My00YmI5LTlkODUtYzVlOGUyZjU3MmNlL3Jlc291cmNlR3JvdXBzL3BzNjc3NS9wcm92aWRlcnMvTWljcm9zb2Z0Lk5ldHdvcmsvbG9hZEJhbGFuY2Vycy9wczQwNTQ/YXBpLXZlcnNpb249MjAxOS0wMi0wMQ==",
      "RequestMethod": "GET",
      "RequestBody": "",
      "RequestHeaders": {
        "x-ms-client-request-id": [
          "d626b4d4-56d1-4b21-b5cc-f64b64487ecf"
        ],
        "Accept-Language": [
          "en-US"
        ],
        "User-Agent": [
          "FxVersion/4.6.27414.06",
          "OSName/Windows",
          "OSVersion/Microsoft.Windows.10.0.17763.",
          "Microsoft.Azure.Management.Network.NetworkManagementClient/20.0.0.0"
        ]
      },
      "ResponseHeaders": {
        "Cache-Control": [
          "no-cache"
        ],
        "Pragma": [
          "no-cache"
        ],
        "ETag": [
          "W/\"fb8c3f34-c7ed-4d91-a003-dd4d1000ea35\""
        ],
        "x-ms-request-id": [
          "c81491dc-70b2-4f1c-b3ac-c93d84d577c1"
        ],
        "x-ms-correlation-request-id": [
          "0e336d05-5628-471f-888f-9cc1ad4a5028"
        ],
        "Strict-Transport-Security": [
          "max-age=31536000; includeSubDomains"
        ],
        "Server": [
          "Microsoft-HTTPAPI/2.0",
          "Microsoft-HTTPAPI/2.0"
        ],
        "x-ms-ratelimit-remaining-subscription-reads": [
          "11720"
        ],
        "x-ms-routing-request-id": [
          "BRAZILUS:20190408T105206Z:0e336d05-5628-471f-888f-9cc1ad4a5028"
        ],
        "X-Content-Type-Options": [
          "nosniff"
        ],
        "Date": [
          "Mon, 08 Apr 2019 10:52:06 GMT"
        ],
        "Content-Length": [
          "4824"
        ],
        "Content-Type": [
          "application/json; charset=utf-8"
        ],
        "Expires": [
          "-1"
        ]
      },
      "ResponseBody": "{\r\n  \"name\": \"ps4054\",\r\n  \"id\": \"/subscriptions/947d47b4-7883-4bb9-9d85-c5e8e2f572ce/resourceGroups/ps6775/providers/Microsoft.Network/loadBalancers/ps4054\",\r\n  \"etag\": \"W/\\\"fb8c3f34-c7ed-4d91-a003-dd4d1000ea35\\\"\",\r\n  \"type\": \"Microsoft.Network/loadBalancers\",\r\n  \"location\": \"eastus2euap\",\r\n  \"properties\": {\r\n    \"provisioningState\": \"Succeeded\",\r\n    \"resourceGuid\": \"92529e52-d78e-4b23-b4c3-9ec3b7bde964\",\r\n    \"frontendIPConfigurations\": [\r\n      {\r\n        \"name\": \"ps7775\",\r\n        \"id\": \"/subscriptions/947d47b4-7883-4bb9-9d85-c5e8e2f572ce/resourceGroups/ps6775/providers/Microsoft.Network/loadBalancers/ps4054/frontendIPConfigurations/ps7775\",\r\n        \"etag\": \"W/\\\"fb8c3f34-c7ed-4d91-a003-dd4d1000ea35\\\"\",\r\n        \"type\": \"Microsoft.Network/loadBalancers/frontendIPConfigurations\",\r\n        \"properties\": {\r\n          \"provisioningState\": \"Succeeded\",\r\n          \"privateIPAddress\": \"10.0.1.4\",\r\n          \"privateIPAllocationMethod\": \"Dynamic\",\r\n          \"subnet\": {\r\n            \"id\": \"/subscriptions/947d47b4-7883-4bb9-9d85-c5e8e2f572ce/resourceGroups/ps6775/providers/Microsoft.Network/virtualNetworks/ps5972/subnets/ps1774\"\r\n          },\r\n          \"loadBalancingRules\": [\r\n            {\r\n              \"id\": \"/subscriptions/947d47b4-7883-4bb9-9d85-c5e8e2f572ce/resourceGroups/ps6775/providers/Microsoft.Network/loadBalancers/ps4054/loadBalancingRules/ps2897\"\r\n            }\r\n          ],\r\n          \"inboundNatRules\": [\r\n            {\r\n              \"id\": \"/subscriptions/947d47b4-7883-4bb9-9d85-c5e8e2f572ce/resourceGroups/ps6775/providers/Microsoft.Network/loadBalancers/ps4054/inboundNatRules/ps6626\"\r\n            }\r\n          ]\r\n        }\r\n      }\r\n    ],\r\n    \"backendAddressPools\": [\r\n      {\r\n        \"name\": \"ps4239\",\r\n        \"id\": \"/subscriptions/947d47b4-7883-4bb9-9d85-c5e8e2f572ce/resourceGroups/ps6775/providers/Microsoft.Network/loadBalancers/ps4054/backendAddressPools/ps4239\",\r\n        \"etag\": \"W/\\\"fb8c3f34-c7ed-4d91-a003-dd4d1000ea35\\\"\",\r\n        \"properties\": {\r\n          \"provisioningState\": \"Succeeded\"\r\n        },\r\n        \"type\": \"Microsoft.Network/loadBalancers/backendAddressPools\"\r\n      }\r\n    ],\r\n    \"loadBalancingRules\": [\r\n      {\r\n        \"name\": \"ps2897\",\r\n        \"id\": \"/subscriptions/947d47b4-7883-4bb9-9d85-c5e8e2f572ce/resourceGroups/ps6775/providers/Microsoft.Network/loadBalancers/ps4054/loadBalancingRules/ps2897\",\r\n        \"etag\": \"W/\\\"fb8c3f34-c7ed-4d91-a003-dd4d1000ea35\\\"\",\r\n        \"type\": \"Microsoft.Network/loadBalancers/loadBalancingRules\",\r\n        \"properties\": {\r\n          \"provisioningState\": \"Succeeded\",\r\n          \"frontendIPConfiguration\": {\r\n            \"id\": \"/subscriptions/947d47b4-7883-4bb9-9d85-c5e8e2f572ce/resourceGroups/ps6775/providers/Microsoft.Network/loadBalancers/ps4054/frontendIPConfigurations/ps7775\"\r\n          },\r\n          \"frontendPort\": 1024,\r\n          \"backendPort\": 2048,\r\n          \"enableFloatingIP\": false,\r\n          \"idleTimeoutInMinutes\": 4,\r\n          \"protocol\": \"Tcp\",\r\n          \"enableDestinationServiceEndpoint\": false,\r\n          \"enableTcpReset\": false,\r\n          \"allowBackendPortConflict\": false,\r\n          \"loadDistribution\": \"Default\"\r\n        }\r\n      }\r\n    ],\r\n    \"probes\": [\r\n      {\r\n        \"name\": \"ps3262\",\r\n        \"id\": \"/subscriptions/947d47b4-7883-4bb9-9d85-c5e8e2f572ce/resourceGroups/ps6775/providers/Microsoft.Network/loadBalancers/ps4054/probes/ps3262\",\r\n        \"etag\": \"W/\\\"fb8c3f34-c7ed-4d91-a003-dd4d1000ea35\\\"\",\r\n        \"properties\": {\r\n          \"provisioningState\": \"Succeeded\",\r\n          \"protocol\": \"Tcp\",\r\n          \"port\": 2000,\r\n          \"intervalInSeconds\": 60,\r\n          \"numberOfProbes\": 3\r\n        },\r\n        \"type\": \"Microsoft.Network/loadBalancers/probes\"\r\n      }\r\n    ],\r\n    \"inboundNatRules\": [\r\n      {\r\n        \"name\": \"ps6626\",\r\n        \"id\": \"/subscriptions/947d47b4-7883-4bb9-9d85-c5e8e2f572ce/resourceGroups/ps6775/providers/Microsoft.Network/loadBalancers/ps4054/inboundNatRules/ps6626\",\r\n        \"etag\": \"W/\\\"fb8c3f34-c7ed-4d91-a003-dd4d1000ea35\\\"\",\r\n        \"type\": \"Microsoft.Network/loadBalancers/inboundNatRules\",\r\n        \"properties\": {\r\n          \"provisioningState\": \"Succeeded\",\r\n          \"frontendIPConfiguration\": {\r\n            \"id\": \"/subscriptions/947d47b4-7883-4bb9-9d85-c5e8e2f572ce/resourceGroups/ps6775/providers/Microsoft.Network/loadBalancers/ps4054/frontendIPConfigurations/ps7775\"\r\n          },\r\n          \"frontendPort\": 128,\r\n          \"backendPort\": 256,\r\n          \"enableFloatingIP\": false,\r\n          \"idleTimeoutInMinutes\": 4,\r\n          \"protocol\": \"Tcp\",\r\n          \"enableDestinationServiceEndpoint\": false,\r\n          \"enableTcpReset\": false,\r\n          \"allowBackendPortConflict\": false\r\n        }\r\n      }\r\n    ],\r\n    \"inboundNatPools\": []\r\n  },\r\n  \"sku\": {\r\n    \"name\": \"Basic\",\r\n    \"tier\": \"Regional\"\r\n  }\r\n}",
      "StatusCode": 200
    },
    {
      "RequestUri": "/subscriptions/947d47b4-7883-4bb9-9d85-c5e8e2f572ce/resourceGroups/ps6775/providers/Microsoft.Network/loadBalancers/ps4054?api-version=2019-02-01",
      "EncodedRequestUri": "L3N1YnNjcmlwdGlvbnMvOTQ3ZDQ3YjQtNzg4My00YmI5LTlkODUtYzVlOGUyZjU3MmNlL3Jlc291cmNlR3JvdXBzL3BzNjc3NS9wcm92aWRlcnMvTWljcm9zb2Z0Lk5ldHdvcmsvbG9hZEJhbGFuY2Vycy9wczQwNTQ/YXBpLXZlcnNpb249MjAxOS0wMi0wMQ==",
      "RequestMethod": "GET",
      "RequestBody": "",
      "RequestHeaders": {
        "x-ms-client-request-id": [
          "c8c87de9-fc93-41f7-a21a-f564d07ae8c1"
        ],
        "Accept-Language": [
          "en-US"
        ],
        "User-Agent": [
          "FxVersion/4.6.27414.06",
          "OSName/Windows",
          "OSVersion/Microsoft.Windows.10.0.17763.",
          "Microsoft.Azure.Management.Network.NetworkManagementClient/20.0.0.0"
        ]
      },
      "ResponseHeaders": {
        "Cache-Control": [
          "no-cache"
        ],
        "Pragma": [
          "no-cache"
        ],
        "ETag": [
          "W/\"fb8c3f34-c7ed-4d91-a003-dd4d1000ea35\""
        ],
        "x-ms-request-id": [
          "f4567c48-6590-4120-bda5-97e0a9bbcb97"
        ],
        "x-ms-correlation-request-id": [
          "68f2d296-f0f4-412b-9671-f27ebec4f8ce"
        ],
        "Strict-Transport-Security": [
          "max-age=31536000; includeSubDomains"
        ],
        "Server": [
          "Microsoft-HTTPAPI/2.0",
          "Microsoft-HTTPAPI/2.0"
        ],
        "x-ms-ratelimit-remaining-subscription-reads": [
          "11775"
        ],
        "x-ms-routing-request-id": [
          "BRAZILUS:20190408T105207Z:68f2d296-f0f4-412b-9671-f27ebec4f8ce"
        ],
        "X-Content-Type-Options": [
          "nosniff"
        ],
        "Date": [
          "Mon, 08 Apr 2019 10:52:07 GMT"
        ],
        "Content-Length": [
          "4824"
        ],
        "Content-Type": [
          "application/json; charset=utf-8"
        ],
        "Expires": [
          "-1"
        ]
      },
      "ResponseBody": "{\r\n  \"name\": \"ps4054\",\r\n  \"id\": \"/subscriptions/947d47b4-7883-4bb9-9d85-c5e8e2f572ce/resourceGroups/ps6775/providers/Microsoft.Network/loadBalancers/ps4054\",\r\n  \"etag\": \"W/\\\"fb8c3f34-c7ed-4d91-a003-dd4d1000ea35\\\"\",\r\n  \"type\": \"Microsoft.Network/loadBalancers\",\r\n  \"location\": \"eastus2euap\",\r\n  \"properties\": {\r\n    \"provisioningState\": \"Succeeded\",\r\n    \"resourceGuid\": \"92529e52-d78e-4b23-b4c3-9ec3b7bde964\",\r\n    \"frontendIPConfigurations\": [\r\n      {\r\n        \"name\": \"ps7775\",\r\n        \"id\": \"/subscriptions/947d47b4-7883-4bb9-9d85-c5e8e2f572ce/resourceGroups/ps6775/providers/Microsoft.Network/loadBalancers/ps4054/frontendIPConfigurations/ps7775\",\r\n        \"etag\": \"W/\\\"fb8c3f34-c7ed-4d91-a003-dd4d1000ea35\\\"\",\r\n        \"type\": \"Microsoft.Network/loadBalancers/frontendIPConfigurations\",\r\n        \"properties\": {\r\n          \"provisioningState\": \"Succeeded\",\r\n          \"privateIPAddress\": \"10.0.1.4\",\r\n          \"privateIPAllocationMethod\": \"Dynamic\",\r\n          \"subnet\": {\r\n            \"id\": \"/subscriptions/947d47b4-7883-4bb9-9d85-c5e8e2f572ce/resourceGroups/ps6775/providers/Microsoft.Network/virtualNetworks/ps5972/subnets/ps1774\"\r\n          },\r\n          \"loadBalancingRules\": [\r\n            {\r\n              \"id\": \"/subscriptions/947d47b4-7883-4bb9-9d85-c5e8e2f572ce/resourceGroups/ps6775/providers/Microsoft.Network/loadBalancers/ps4054/loadBalancingRules/ps2897\"\r\n            }\r\n          ],\r\n          \"inboundNatRules\": [\r\n            {\r\n              \"id\": \"/subscriptions/947d47b4-7883-4bb9-9d85-c5e8e2f572ce/resourceGroups/ps6775/providers/Microsoft.Network/loadBalancers/ps4054/inboundNatRules/ps6626\"\r\n            }\r\n          ]\r\n        }\r\n      }\r\n    ],\r\n    \"backendAddressPools\": [\r\n      {\r\n        \"name\": \"ps4239\",\r\n        \"id\": \"/subscriptions/947d47b4-7883-4bb9-9d85-c5e8e2f572ce/resourceGroups/ps6775/providers/Microsoft.Network/loadBalancers/ps4054/backendAddressPools/ps4239\",\r\n        \"etag\": \"W/\\\"fb8c3f34-c7ed-4d91-a003-dd4d1000ea35\\\"\",\r\n        \"properties\": {\r\n          \"provisioningState\": \"Succeeded\"\r\n        },\r\n        \"type\": \"Microsoft.Network/loadBalancers/backendAddressPools\"\r\n      }\r\n    ],\r\n    \"loadBalancingRules\": [\r\n      {\r\n        \"name\": \"ps2897\",\r\n        \"id\": \"/subscriptions/947d47b4-7883-4bb9-9d85-c5e8e2f572ce/resourceGroups/ps6775/providers/Microsoft.Network/loadBalancers/ps4054/loadBalancingRules/ps2897\",\r\n        \"etag\": \"W/\\\"fb8c3f34-c7ed-4d91-a003-dd4d1000ea35\\\"\",\r\n        \"type\": \"Microsoft.Network/loadBalancers/loadBalancingRules\",\r\n        \"properties\": {\r\n          \"provisioningState\": \"Succeeded\",\r\n          \"frontendIPConfiguration\": {\r\n            \"id\": \"/subscriptions/947d47b4-7883-4bb9-9d85-c5e8e2f572ce/resourceGroups/ps6775/providers/Microsoft.Network/loadBalancers/ps4054/frontendIPConfigurations/ps7775\"\r\n          },\r\n          \"frontendPort\": 1024,\r\n          \"backendPort\": 2048,\r\n          \"enableFloatingIP\": false,\r\n          \"idleTimeoutInMinutes\": 4,\r\n          \"protocol\": \"Tcp\",\r\n          \"enableDestinationServiceEndpoint\": false,\r\n          \"enableTcpReset\": false,\r\n          \"allowBackendPortConflict\": false,\r\n          \"loadDistribution\": \"Default\"\r\n        }\r\n      }\r\n    ],\r\n    \"probes\": [\r\n      {\r\n        \"name\": \"ps3262\",\r\n        \"id\": \"/subscriptions/947d47b4-7883-4bb9-9d85-c5e8e2f572ce/resourceGroups/ps6775/providers/Microsoft.Network/loadBalancers/ps4054/probes/ps3262\",\r\n        \"etag\": \"W/\\\"fb8c3f34-c7ed-4d91-a003-dd4d1000ea35\\\"\",\r\n        \"properties\": {\r\n          \"provisioningState\": \"Succeeded\",\r\n          \"protocol\": \"Tcp\",\r\n          \"port\": 2000,\r\n          \"intervalInSeconds\": 60,\r\n          \"numberOfProbes\": 3\r\n        },\r\n        \"type\": \"Microsoft.Network/loadBalancers/probes\"\r\n      }\r\n    ],\r\n    \"inboundNatRules\": [\r\n      {\r\n        \"name\": \"ps6626\",\r\n        \"id\": \"/subscriptions/947d47b4-7883-4bb9-9d85-c5e8e2f572ce/resourceGroups/ps6775/providers/Microsoft.Network/loadBalancers/ps4054/inboundNatRules/ps6626\",\r\n        \"etag\": \"W/\\\"fb8c3f34-c7ed-4d91-a003-dd4d1000ea35\\\"\",\r\n        \"type\": \"Microsoft.Network/loadBalancers/inboundNatRules\",\r\n        \"properties\": {\r\n          \"provisioningState\": \"Succeeded\",\r\n          \"frontendIPConfiguration\": {\r\n            \"id\": \"/subscriptions/947d47b4-7883-4bb9-9d85-c5e8e2f572ce/resourceGroups/ps6775/providers/Microsoft.Network/loadBalancers/ps4054/frontendIPConfigurations/ps7775\"\r\n          },\r\n          \"frontendPort\": 128,\r\n          \"backendPort\": 256,\r\n          \"enableFloatingIP\": false,\r\n          \"idleTimeoutInMinutes\": 4,\r\n          \"protocol\": \"Tcp\",\r\n          \"enableDestinationServiceEndpoint\": false,\r\n          \"enableTcpReset\": false,\r\n          \"allowBackendPortConflict\": false\r\n        }\r\n      }\r\n    ],\r\n    \"inboundNatPools\": []\r\n  },\r\n  \"sku\": {\r\n    \"name\": \"Basic\",\r\n    \"tier\": \"Regional\"\r\n  }\r\n}",
      "StatusCode": 200
    },
    {
      "RequestUri": "/subscriptions/947d47b4-7883-4bb9-9d85-c5e8e2f572ce/resourceGroups/ps6775/providers/Microsoft.Network/loadBalancers/ps4054?api-version=2019-02-01",
      "EncodedRequestUri": "L3N1YnNjcmlwdGlvbnMvOTQ3ZDQ3YjQtNzg4My00YmI5LTlkODUtYzVlOGUyZjU3MmNlL3Jlc291cmNlR3JvdXBzL3BzNjc3NS9wcm92aWRlcnMvTWljcm9zb2Z0Lk5ldHdvcmsvbG9hZEJhbGFuY2Vycy9wczQwNTQ/YXBpLXZlcnNpb249MjAxOS0wMi0wMQ==",
      "RequestMethod": "GET",
      "RequestBody": "",
      "RequestHeaders": {
        "x-ms-client-request-id": [
          "1466f167-4df6-4186-bca1-4d66e85acad4"
        ],
        "Accept-Language": [
          "en-US"
        ],
        "User-Agent": [
          "FxVersion/4.6.27414.06",
          "OSName/Windows",
          "OSVersion/Microsoft.Windows.10.0.17763.",
          "Microsoft.Azure.Management.Network.NetworkManagementClient/20.0.0.0"
        ]
      },
      "ResponseHeaders": {
        "Cache-Control": [
          "no-cache"
        ],
        "Pragma": [
          "no-cache"
        ],
        "ETag": [
          "W/\"fb8c3f34-c7ed-4d91-a003-dd4d1000ea35\""
        ],
        "x-ms-request-id": [
          "6f038125-7a64-4679-bd4f-3fc0ab73a89b"
        ],
        "x-ms-correlation-request-id": [
          "4879e512-052b-4383-b837-d3bc48c696f6"
        ],
        "Strict-Transport-Security": [
          "max-age=31536000; includeSubDomains"
        ],
        "Server": [
          "Microsoft-HTTPAPI/2.0",
          "Microsoft-HTTPAPI/2.0"
        ],
        "x-ms-ratelimit-remaining-subscription-reads": [
          "11774"
        ],
        "x-ms-routing-request-id": [
          "BRAZILUS:20190408T105207Z:4879e512-052b-4383-b837-d3bc48c696f6"
        ],
        "X-Content-Type-Options": [
          "nosniff"
        ],
        "Date": [
          "Mon, 08 Apr 2019 10:52:07 GMT"
        ],
        "Content-Length": [
          "4824"
        ],
        "Content-Type": [
          "application/json; charset=utf-8"
        ],
        "Expires": [
          "-1"
        ]
      },
      "ResponseBody": "{\r\n  \"name\": \"ps4054\",\r\n  \"id\": \"/subscriptions/947d47b4-7883-4bb9-9d85-c5e8e2f572ce/resourceGroups/ps6775/providers/Microsoft.Network/loadBalancers/ps4054\",\r\n  \"etag\": \"W/\\\"fb8c3f34-c7ed-4d91-a003-dd4d1000ea35\\\"\",\r\n  \"type\": \"Microsoft.Network/loadBalancers\",\r\n  \"location\": \"eastus2euap\",\r\n  \"properties\": {\r\n    \"provisioningState\": \"Succeeded\",\r\n    \"resourceGuid\": \"92529e52-d78e-4b23-b4c3-9ec3b7bde964\",\r\n    \"frontendIPConfigurations\": [\r\n      {\r\n        \"name\": \"ps7775\",\r\n        \"id\": \"/subscriptions/947d47b4-7883-4bb9-9d85-c5e8e2f572ce/resourceGroups/ps6775/providers/Microsoft.Network/loadBalancers/ps4054/frontendIPConfigurations/ps7775\",\r\n        \"etag\": \"W/\\\"fb8c3f34-c7ed-4d91-a003-dd4d1000ea35\\\"\",\r\n        \"type\": \"Microsoft.Network/loadBalancers/frontendIPConfigurations\",\r\n        \"properties\": {\r\n          \"provisioningState\": \"Succeeded\",\r\n          \"privateIPAddress\": \"10.0.1.4\",\r\n          \"privateIPAllocationMethod\": \"Dynamic\",\r\n          \"subnet\": {\r\n            \"id\": \"/subscriptions/947d47b4-7883-4bb9-9d85-c5e8e2f572ce/resourceGroups/ps6775/providers/Microsoft.Network/virtualNetworks/ps5972/subnets/ps1774\"\r\n          },\r\n          \"loadBalancingRules\": [\r\n            {\r\n              \"id\": \"/subscriptions/947d47b4-7883-4bb9-9d85-c5e8e2f572ce/resourceGroups/ps6775/providers/Microsoft.Network/loadBalancers/ps4054/loadBalancingRules/ps2897\"\r\n            }\r\n          ],\r\n          \"inboundNatRules\": [\r\n            {\r\n              \"id\": \"/subscriptions/947d47b4-7883-4bb9-9d85-c5e8e2f572ce/resourceGroups/ps6775/providers/Microsoft.Network/loadBalancers/ps4054/inboundNatRules/ps6626\"\r\n            }\r\n          ]\r\n        }\r\n      }\r\n    ],\r\n    \"backendAddressPools\": [\r\n      {\r\n        \"name\": \"ps4239\",\r\n        \"id\": \"/subscriptions/947d47b4-7883-4bb9-9d85-c5e8e2f572ce/resourceGroups/ps6775/providers/Microsoft.Network/loadBalancers/ps4054/backendAddressPools/ps4239\",\r\n        \"etag\": \"W/\\\"fb8c3f34-c7ed-4d91-a003-dd4d1000ea35\\\"\",\r\n        \"properties\": {\r\n          \"provisioningState\": \"Succeeded\"\r\n        },\r\n        \"type\": \"Microsoft.Network/loadBalancers/backendAddressPools\"\r\n      }\r\n    ],\r\n    \"loadBalancingRules\": [\r\n      {\r\n        \"name\": \"ps2897\",\r\n        \"id\": \"/subscriptions/947d47b4-7883-4bb9-9d85-c5e8e2f572ce/resourceGroups/ps6775/providers/Microsoft.Network/loadBalancers/ps4054/loadBalancingRules/ps2897\",\r\n        \"etag\": \"W/\\\"fb8c3f34-c7ed-4d91-a003-dd4d1000ea35\\\"\",\r\n        \"type\": \"Microsoft.Network/loadBalancers/loadBalancingRules\",\r\n        \"properties\": {\r\n          \"provisioningState\": \"Succeeded\",\r\n          \"frontendIPConfiguration\": {\r\n            \"id\": \"/subscriptions/947d47b4-7883-4bb9-9d85-c5e8e2f572ce/resourceGroups/ps6775/providers/Microsoft.Network/loadBalancers/ps4054/frontendIPConfigurations/ps7775\"\r\n          },\r\n          \"frontendPort\": 1024,\r\n          \"backendPort\": 2048,\r\n          \"enableFloatingIP\": false,\r\n          \"idleTimeoutInMinutes\": 4,\r\n          \"protocol\": \"Tcp\",\r\n          \"enableDestinationServiceEndpoint\": false,\r\n          \"enableTcpReset\": false,\r\n          \"allowBackendPortConflict\": false,\r\n          \"loadDistribution\": \"Default\"\r\n        }\r\n      }\r\n    ],\r\n    \"probes\": [\r\n      {\r\n        \"name\": \"ps3262\",\r\n        \"id\": \"/subscriptions/947d47b4-7883-4bb9-9d85-c5e8e2f572ce/resourceGroups/ps6775/providers/Microsoft.Network/loadBalancers/ps4054/probes/ps3262\",\r\n        \"etag\": \"W/\\\"fb8c3f34-c7ed-4d91-a003-dd4d1000ea35\\\"\",\r\n        \"properties\": {\r\n          \"provisioningState\": \"Succeeded\",\r\n          \"protocol\": \"Tcp\",\r\n          \"port\": 2000,\r\n          \"intervalInSeconds\": 60,\r\n          \"numberOfProbes\": 3\r\n        },\r\n        \"type\": \"Microsoft.Network/loadBalancers/probes\"\r\n      }\r\n    ],\r\n    \"inboundNatRules\": [\r\n      {\r\n        \"name\": \"ps6626\",\r\n        \"id\": \"/subscriptions/947d47b4-7883-4bb9-9d85-c5e8e2f572ce/resourceGroups/ps6775/providers/Microsoft.Network/loadBalancers/ps4054/inboundNatRules/ps6626\",\r\n        \"etag\": \"W/\\\"fb8c3f34-c7ed-4d91-a003-dd4d1000ea35\\\"\",\r\n        \"type\": \"Microsoft.Network/loadBalancers/inboundNatRules\",\r\n        \"properties\": {\r\n          \"provisioningState\": \"Succeeded\",\r\n          \"frontendIPConfiguration\": {\r\n            \"id\": \"/subscriptions/947d47b4-7883-4bb9-9d85-c5e8e2f572ce/resourceGroups/ps6775/providers/Microsoft.Network/loadBalancers/ps4054/frontendIPConfigurations/ps7775\"\r\n          },\r\n          \"frontendPort\": 128,\r\n          \"backendPort\": 256,\r\n          \"enableFloatingIP\": false,\r\n          \"idleTimeoutInMinutes\": 4,\r\n          \"protocol\": \"Tcp\",\r\n          \"enableDestinationServiceEndpoint\": false,\r\n          \"enableTcpReset\": false,\r\n          \"allowBackendPortConflict\": false\r\n        }\r\n      }\r\n    ],\r\n    \"inboundNatPools\": []\r\n  },\r\n  \"sku\": {\r\n    \"name\": \"Basic\",\r\n    \"tier\": \"Regional\"\r\n  }\r\n}",
      "StatusCode": 200
    },
    {
      "RequestUri": "/subscriptions/947d47b4-7883-4bb9-9d85-c5e8e2f572ce/resourceGroups/ps6775/providers/Microsoft.Network/loadBalancers/ps4054?api-version=2019-02-01",
      "EncodedRequestUri": "L3N1YnNjcmlwdGlvbnMvOTQ3ZDQ3YjQtNzg4My00YmI5LTlkODUtYzVlOGUyZjU3MmNlL3Jlc291cmNlR3JvdXBzL3BzNjc3NS9wcm92aWRlcnMvTWljcm9zb2Z0Lk5ldHdvcmsvbG9hZEJhbGFuY2Vycy9wczQwNTQ/YXBpLXZlcnNpb249MjAxOS0wMi0wMQ==",
      "RequestMethod": "GET",
      "RequestBody": "",
      "RequestHeaders": {
        "User-Agent": [
          "FxVersion/4.6.27414.06",
          "OSName/Windows",
          "OSVersion/Microsoft.Windows.10.0.17763.",
          "Microsoft.Azure.Management.Network.NetworkManagementClient/20.0.0.0"
        ]
      },
      "ResponseHeaders": {
        "Cache-Control": [
          "no-cache"
        ],
        "Pragma": [
          "no-cache"
        ],
        "ETag": [
          "W/\"3f13aca6-a694-4b6c-b42f-5d84beda5f9c\""
        ],
        "x-ms-request-id": [
          "cb20d22b-a662-4c27-85d5-b3bfa6e88d17"
        ],
        "x-ms-correlation-request-id": [
          "4715037f-addb-47fd-a074-09dccc69ed80"
        ],
        "Strict-Transport-Security": [
          "max-age=31536000; includeSubDomains"
        ],
        "Server": [
          "Microsoft-HTTPAPI/2.0",
          "Microsoft-HTTPAPI/2.0"
        ],
        "x-ms-ratelimit-remaining-subscription-reads": [
          "11773"
        ],
        "x-ms-routing-request-id": [
          "BRAZILUS:20190408T105208Z:4715037f-addb-47fd-a074-09dccc69ed80"
        ],
        "X-Content-Type-Options": [
          "nosniff"
        ],
        "Date": [
          "Mon, 08 Apr 2019 10:52:08 GMT"
        ],
        "Content-Length": [
          "4875"
        ],
        "Content-Type": [
          "application/json; charset=utf-8"
        ],
        "Expires": [
          "-1"
        ]
      },
      "ResponseBody": "{\r\n  \"name\": \"ps4054\",\r\n  \"id\": \"/subscriptions/947d47b4-7883-4bb9-9d85-c5e8e2f572ce/resourceGroups/ps6775/providers/Microsoft.Network/loadBalancers/ps4054\",\r\n  \"etag\": \"W/\\\"3f13aca6-a694-4b6c-b42f-5d84beda5f9c\\\"\",\r\n  \"type\": \"Microsoft.Network/loadBalancers\",\r\n  \"location\": \"eastus2euap\",\r\n  \"properties\": {\r\n    \"provisioningState\": \"Succeeded\",\r\n    \"resourceGuid\": \"92529e52-d78e-4b23-b4c3-9ec3b7bde964\",\r\n    \"frontendIPConfigurations\": [\r\n      {\r\n        \"name\": \"ps7775\",\r\n        \"id\": \"/subscriptions/947d47b4-7883-4bb9-9d85-c5e8e2f572ce/resourceGroups/ps6775/providers/Microsoft.Network/loadBalancers/ps4054/frontendIPConfigurations/ps7775\",\r\n        \"etag\": \"W/\\\"3f13aca6-a694-4b6c-b42f-5d84beda5f9c\\\"\",\r\n        \"type\": \"Microsoft.Network/loadBalancers/frontendIPConfigurations\",\r\n        \"properties\": {\r\n          \"provisioningState\": \"Succeeded\",\r\n          \"privateIPAddress\": \"10.0.1.4\",\r\n          \"privateIPAllocationMethod\": \"Dynamic\",\r\n          \"subnet\": {\r\n            \"id\": \"/subscriptions/947d47b4-7883-4bb9-9d85-c5e8e2f572ce/resourceGroups/ps6775/providers/Microsoft.Network/virtualNetworks/ps5972/subnets/ps1774\"\r\n          },\r\n          \"loadBalancingRules\": [\r\n            {\r\n              \"id\": \"/subscriptions/947d47b4-7883-4bb9-9d85-c5e8e2f572ce/resourceGroups/ps6775/providers/Microsoft.Network/loadBalancers/ps4054/loadBalancingRules/ps2897\"\r\n            }\r\n          ],\r\n          \"inboundNatPools\": [\r\n            {\r\n              \"id\": \"/subscriptions/947d47b4-7883-4bb9-9d85-c5e8e2f572ce/resourceGroups/ps6775/providers/Microsoft.Network/loadBalancers/ps4054/inboundNatPools/ps4651\"\r\n            }\r\n          ]\r\n        }\r\n      }\r\n    ],\r\n    \"backendAddressPools\": [\r\n      {\r\n        \"name\": \"ps4239\",\r\n        \"id\": \"/subscriptions/947d47b4-7883-4bb9-9d85-c5e8e2f572ce/resourceGroups/ps6775/providers/Microsoft.Network/loadBalancers/ps4054/backendAddressPools/ps4239\",\r\n        \"etag\": \"W/\\\"3f13aca6-a694-4b6c-b42f-5d84beda5f9c\\\"\",\r\n        \"properties\": {\r\n          \"provisioningState\": \"Succeeded\"\r\n        },\r\n        \"type\": \"Microsoft.Network/loadBalancers/backendAddressPools\"\r\n      }\r\n    ],\r\n    \"loadBalancingRules\": [\r\n      {\r\n        \"name\": \"ps2897\",\r\n        \"id\": \"/subscriptions/947d47b4-7883-4bb9-9d85-c5e8e2f572ce/resourceGroups/ps6775/providers/Microsoft.Network/loadBalancers/ps4054/loadBalancingRules/ps2897\",\r\n        \"etag\": \"W/\\\"3f13aca6-a694-4b6c-b42f-5d84beda5f9c\\\"\",\r\n        \"type\": \"Microsoft.Network/loadBalancers/loadBalancingRules\",\r\n        \"properties\": {\r\n          \"provisioningState\": \"Succeeded\",\r\n          \"frontendIPConfiguration\": {\r\n            \"id\": \"/subscriptions/947d47b4-7883-4bb9-9d85-c5e8e2f572ce/resourceGroups/ps6775/providers/Microsoft.Network/loadBalancers/ps4054/frontendIPConfigurations/ps7775\"\r\n          },\r\n          \"frontendPort\": 1024,\r\n          \"backendPort\": 2048,\r\n          \"enableFloatingIP\": false,\r\n          \"idleTimeoutInMinutes\": 4,\r\n          \"protocol\": \"Tcp\",\r\n          \"enableDestinationServiceEndpoint\": false,\r\n          \"enableTcpReset\": false,\r\n          \"allowBackendPortConflict\": false,\r\n          \"loadDistribution\": \"Default\"\r\n        }\r\n      }\r\n    ],\r\n    \"probes\": [\r\n      {\r\n        \"name\": \"ps3262\",\r\n        \"id\": \"/subscriptions/947d47b4-7883-4bb9-9d85-c5e8e2f572ce/resourceGroups/ps6775/providers/Microsoft.Network/loadBalancers/ps4054/probes/ps3262\",\r\n        \"etag\": \"W/\\\"3f13aca6-a694-4b6c-b42f-5d84beda5f9c\\\"\",\r\n        \"properties\": {\r\n          \"provisioningState\": \"Succeeded\",\r\n          \"protocol\": \"Tcp\",\r\n          \"port\": 2000,\r\n          \"intervalInSeconds\": 60,\r\n          \"numberOfProbes\": 3\r\n        },\r\n        \"type\": \"Microsoft.Network/loadBalancers/probes\"\r\n      }\r\n    ],\r\n    \"inboundNatRules\": [],\r\n    \"inboundNatPools\": [\r\n      {\r\n        \"name\": \"ps4651\",\r\n        \"id\": \"/subscriptions/947d47b4-7883-4bb9-9d85-c5e8e2f572ce/resourceGroups/ps6775/providers/Microsoft.Network/loadBalancers/ps4054/inboundNatPools/ps4651\",\r\n        \"etag\": \"W/\\\"3f13aca6-a694-4b6c-b42f-5d84beda5f9c\\\"\",\r\n        \"properties\": {\r\n          \"provisioningState\": \"Succeeded\",\r\n          \"frontendPortRangeStart\": 444,\r\n          \"frontendPortRangeEnd\": 445,\r\n          \"backendPort\": 8080,\r\n          \"protocol\": \"Tcp\",\r\n          \"idleTimeoutInMinutes\": 4,\r\n          \"enableFloatingIP\": false,\r\n          \"enableDestinationServiceEndpoint\": false,\r\n          \"enableTcpReset\": false,\r\n          \"allowBackendPortConflict\": false,\r\n          \"frontendIPConfiguration\": {\r\n            \"id\": \"/subscriptions/947d47b4-7883-4bb9-9d85-c5e8e2f572ce/resourceGroups/ps6775/providers/Microsoft.Network/loadBalancers/ps4054/frontendIPConfigurations/ps7775\"\r\n          }\r\n        },\r\n        \"type\": \"Microsoft.Network/loadBalancers/inboundNatPools\"\r\n      }\r\n    ]\r\n  },\r\n  \"sku\": {\r\n    \"name\": \"Basic\",\r\n    \"tier\": \"Regional\"\r\n  }\r\n}",
      "StatusCode": 200
    },
    {
      "RequestUri": "/subscriptions/947d47b4-7883-4bb9-9d85-c5e8e2f572ce/resourceGroups/ps6775/providers/Microsoft.Network/loadBalancers/ps4054?api-version=2019-02-01",
      "EncodedRequestUri": "L3N1YnNjcmlwdGlvbnMvOTQ3ZDQ3YjQtNzg4My00YmI5LTlkODUtYzVlOGUyZjU3MmNlL3Jlc291cmNlR3JvdXBzL3BzNjc3NS9wcm92aWRlcnMvTWljcm9zb2Z0Lk5ldHdvcmsvbG9hZEJhbGFuY2Vycy9wczQwNTQ/YXBpLXZlcnNpb249MjAxOS0wMi0wMQ==",
      "RequestMethod": "GET",
      "RequestBody": "",
      "RequestHeaders": {
        "x-ms-client-request-id": [
          "39f181fb-6ed7-4c70-9773-7f91ec12ede1"
        ],
        "Accept-Language": [
          "en-US"
        ],
        "User-Agent": [
          "FxVersion/4.6.27414.06",
          "OSName/Windows",
          "OSVersion/Microsoft.Windows.10.0.17763.",
          "Microsoft.Azure.Management.Network.NetworkManagementClient/20.0.0.0"
        ]
      },
      "ResponseHeaders": {
        "Cache-Control": [
          "no-cache"
        ],
        "Pragma": [
          "no-cache"
        ],
        "ETag": [
          "W/\"3f13aca6-a694-4b6c-b42f-5d84beda5f9c\""
        ],
        "x-ms-request-id": [
          "038dde83-d11b-4b0f-a63a-b898c02e9b4e"
        ],
        "x-ms-correlation-request-id": [
          "5b3b65d4-6a28-499f-8148-1b0da376b241"
        ],
        "Strict-Transport-Security": [
          "max-age=31536000; includeSubDomains"
        ],
        "Server": [
          "Microsoft-HTTPAPI/2.0",
          "Microsoft-HTTPAPI/2.0"
        ],
        "x-ms-ratelimit-remaining-subscription-reads": [
          "11772"
        ],
        "x-ms-routing-request-id": [
          "BRAZILUS:20190408T105208Z:5b3b65d4-6a28-499f-8148-1b0da376b241"
        ],
        "X-Content-Type-Options": [
          "nosniff"
        ],
        "Date": [
          "Mon, 08 Apr 2019 10:52:08 GMT"
        ],
        "Content-Length": [
          "4875"
        ],
        "Content-Type": [
          "application/json; charset=utf-8"
        ],
        "Expires": [
          "-1"
        ]
      },
      "ResponseBody": "{\r\n  \"name\": \"ps4054\",\r\n  \"id\": \"/subscriptions/947d47b4-7883-4bb9-9d85-c5e8e2f572ce/resourceGroups/ps6775/providers/Microsoft.Network/loadBalancers/ps4054\",\r\n  \"etag\": \"W/\\\"3f13aca6-a694-4b6c-b42f-5d84beda5f9c\\\"\",\r\n  \"type\": \"Microsoft.Network/loadBalancers\",\r\n  \"location\": \"eastus2euap\",\r\n  \"properties\": {\r\n    \"provisioningState\": \"Succeeded\",\r\n    \"resourceGuid\": \"92529e52-d78e-4b23-b4c3-9ec3b7bde964\",\r\n    \"frontendIPConfigurations\": [\r\n      {\r\n        \"name\": \"ps7775\",\r\n        \"id\": \"/subscriptions/947d47b4-7883-4bb9-9d85-c5e8e2f572ce/resourceGroups/ps6775/providers/Microsoft.Network/loadBalancers/ps4054/frontendIPConfigurations/ps7775\",\r\n        \"etag\": \"W/\\\"3f13aca6-a694-4b6c-b42f-5d84beda5f9c\\\"\",\r\n        \"type\": \"Microsoft.Network/loadBalancers/frontendIPConfigurations\",\r\n        \"properties\": {\r\n          \"provisioningState\": \"Succeeded\",\r\n          \"privateIPAddress\": \"10.0.1.4\",\r\n          \"privateIPAllocationMethod\": \"Dynamic\",\r\n          \"subnet\": {\r\n            \"id\": \"/subscriptions/947d47b4-7883-4bb9-9d85-c5e8e2f572ce/resourceGroups/ps6775/providers/Microsoft.Network/virtualNetworks/ps5972/subnets/ps1774\"\r\n          },\r\n          \"loadBalancingRules\": [\r\n            {\r\n              \"id\": \"/subscriptions/947d47b4-7883-4bb9-9d85-c5e8e2f572ce/resourceGroups/ps6775/providers/Microsoft.Network/loadBalancers/ps4054/loadBalancingRules/ps2897\"\r\n            }\r\n          ],\r\n          \"inboundNatPools\": [\r\n            {\r\n              \"id\": \"/subscriptions/947d47b4-7883-4bb9-9d85-c5e8e2f572ce/resourceGroups/ps6775/providers/Microsoft.Network/loadBalancers/ps4054/inboundNatPools/ps4651\"\r\n            }\r\n          ]\r\n        }\r\n      }\r\n    ],\r\n    \"backendAddressPools\": [\r\n      {\r\n        \"name\": \"ps4239\",\r\n        \"id\": \"/subscriptions/947d47b4-7883-4bb9-9d85-c5e8e2f572ce/resourceGroups/ps6775/providers/Microsoft.Network/loadBalancers/ps4054/backendAddressPools/ps4239\",\r\n        \"etag\": \"W/\\\"3f13aca6-a694-4b6c-b42f-5d84beda5f9c\\\"\",\r\n        \"properties\": {\r\n          \"provisioningState\": \"Succeeded\"\r\n        },\r\n        \"type\": \"Microsoft.Network/loadBalancers/backendAddressPools\"\r\n      }\r\n    ],\r\n    \"loadBalancingRules\": [\r\n      {\r\n        \"name\": \"ps2897\",\r\n        \"id\": \"/subscriptions/947d47b4-7883-4bb9-9d85-c5e8e2f572ce/resourceGroups/ps6775/providers/Microsoft.Network/loadBalancers/ps4054/loadBalancingRules/ps2897\",\r\n        \"etag\": \"W/\\\"3f13aca6-a694-4b6c-b42f-5d84beda5f9c\\\"\",\r\n        \"type\": \"Microsoft.Network/loadBalancers/loadBalancingRules\",\r\n        \"properties\": {\r\n          \"provisioningState\": \"Succeeded\",\r\n          \"frontendIPConfiguration\": {\r\n            \"id\": \"/subscriptions/947d47b4-7883-4bb9-9d85-c5e8e2f572ce/resourceGroups/ps6775/providers/Microsoft.Network/loadBalancers/ps4054/frontendIPConfigurations/ps7775\"\r\n          },\r\n          \"frontendPort\": 1024,\r\n          \"backendPort\": 2048,\r\n          \"enableFloatingIP\": false,\r\n          \"idleTimeoutInMinutes\": 4,\r\n          \"protocol\": \"Tcp\",\r\n          \"enableDestinationServiceEndpoint\": false,\r\n          \"enableTcpReset\": false,\r\n          \"allowBackendPortConflict\": false,\r\n          \"loadDistribution\": \"Default\"\r\n        }\r\n      }\r\n    ],\r\n    \"probes\": [\r\n      {\r\n        \"name\": \"ps3262\",\r\n        \"id\": \"/subscriptions/947d47b4-7883-4bb9-9d85-c5e8e2f572ce/resourceGroups/ps6775/providers/Microsoft.Network/loadBalancers/ps4054/probes/ps3262\",\r\n        \"etag\": \"W/\\\"3f13aca6-a694-4b6c-b42f-5d84beda5f9c\\\"\",\r\n        \"properties\": {\r\n          \"provisioningState\": \"Succeeded\",\r\n          \"protocol\": \"Tcp\",\r\n          \"port\": 2000,\r\n          \"intervalInSeconds\": 60,\r\n          \"numberOfProbes\": 3\r\n        },\r\n        \"type\": \"Microsoft.Network/loadBalancers/probes\"\r\n      }\r\n    ],\r\n    \"inboundNatRules\": [],\r\n    \"inboundNatPools\": [\r\n      {\r\n        \"name\": \"ps4651\",\r\n        \"id\": \"/subscriptions/947d47b4-7883-4bb9-9d85-c5e8e2f572ce/resourceGroups/ps6775/providers/Microsoft.Network/loadBalancers/ps4054/inboundNatPools/ps4651\",\r\n        \"etag\": \"W/\\\"3f13aca6-a694-4b6c-b42f-5d84beda5f9c\\\"\",\r\n        \"properties\": {\r\n          \"provisioningState\": \"Succeeded\",\r\n          \"frontendPortRangeStart\": 444,\r\n          \"frontendPortRangeEnd\": 445,\r\n          \"backendPort\": 8080,\r\n          \"protocol\": \"Tcp\",\r\n          \"idleTimeoutInMinutes\": 4,\r\n          \"enableFloatingIP\": false,\r\n          \"enableDestinationServiceEndpoint\": false,\r\n          \"enableTcpReset\": false,\r\n          \"allowBackendPortConflict\": false,\r\n          \"frontendIPConfiguration\": {\r\n            \"id\": \"/subscriptions/947d47b4-7883-4bb9-9d85-c5e8e2f572ce/resourceGroups/ps6775/providers/Microsoft.Network/loadBalancers/ps4054/frontendIPConfigurations/ps7775\"\r\n          }\r\n        },\r\n        \"type\": \"Microsoft.Network/loadBalancers/inboundNatPools\"\r\n      }\r\n    ]\r\n  },\r\n  \"sku\": {\r\n    \"name\": \"Basic\",\r\n    \"tier\": \"Regional\"\r\n  }\r\n}",
      "StatusCode": 200
    },
    {
      "RequestUri": "/subscriptions/947d47b4-7883-4bb9-9d85-c5e8e2f572ce/resourceGroups/ps6775/providers/Microsoft.Network/loadBalancers/ps4054?api-version=2019-02-01",
      "EncodedRequestUri": "L3N1YnNjcmlwdGlvbnMvOTQ3ZDQ3YjQtNzg4My00YmI5LTlkODUtYzVlOGUyZjU3MmNlL3Jlc291cmNlR3JvdXBzL3BzNjc3NS9wcm92aWRlcnMvTWljcm9zb2Z0Lk5ldHdvcmsvbG9hZEJhbGFuY2Vycy9wczQwNTQ/YXBpLXZlcnNpb249MjAxOS0wMi0wMQ==",
      "RequestMethod": "GET",
      "RequestBody": "",
      "RequestHeaders": {
        "x-ms-client-request-id": [
          "507077ca-5ff1-4ad6-acb0-43eec38afebd"
        ],
        "Accept-Language": [
          "en-US"
        ],
        "User-Agent": [
          "FxVersion/4.6.27414.06",
          "OSName/Windows",
          "OSVersion/Microsoft.Windows.10.0.17763.",
          "Microsoft.Azure.Management.Network.NetworkManagementClient/20.0.0.0"
        ]
      },
      "ResponseHeaders": {
        "Cache-Control": [
          "no-cache"
        ],
        "Pragma": [
          "no-cache"
        ],
        "ETag": [
          "W/\"3f13aca6-a694-4b6c-b42f-5d84beda5f9c\""
        ],
        "x-ms-request-id": [
          "43ed57ec-5260-41b5-b6e2-d172dd64257d"
        ],
        "x-ms-correlation-request-id": [
          "c82b1508-37ca-4648-8a6d-9e1a583abed5"
        ],
        "Strict-Transport-Security": [
          "max-age=31536000; includeSubDomains"
        ],
        "Server": [
          "Microsoft-HTTPAPI/2.0",
          "Microsoft-HTTPAPI/2.0"
        ],
        "x-ms-ratelimit-remaining-subscription-reads": [
          "11771"
        ],
        "x-ms-routing-request-id": [
          "BRAZILUS:20190408T105209Z:c82b1508-37ca-4648-8a6d-9e1a583abed5"
        ],
        "X-Content-Type-Options": [
          "nosniff"
        ],
        "Date": [
          "Mon, 08 Apr 2019 10:52:09 GMT"
        ],
        "Content-Length": [
          "4875"
        ],
        "Content-Type": [
          "application/json; charset=utf-8"
        ],
        "Expires": [
          "-1"
        ]
      },
      "ResponseBody": "{\r\n  \"name\": \"ps4054\",\r\n  \"id\": \"/subscriptions/947d47b4-7883-4bb9-9d85-c5e8e2f572ce/resourceGroups/ps6775/providers/Microsoft.Network/loadBalancers/ps4054\",\r\n  \"etag\": \"W/\\\"3f13aca6-a694-4b6c-b42f-5d84beda5f9c\\\"\",\r\n  \"type\": \"Microsoft.Network/loadBalancers\",\r\n  \"location\": \"eastus2euap\",\r\n  \"properties\": {\r\n    \"provisioningState\": \"Succeeded\",\r\n    \"resourceGuid\": \"92529e52-d78e-4b23-b4c3-9ec3b7bde964\",\r\n    \"frontendIPConfigurations\": [\r\n      {\r\n        \"name\": \"ps7775\",\r\n        \"id\": \"/subscriptions/947d47b4-7883-4bb9-9d85-c5e8e2f572ce/resourceGroups/ps6775/providers/Microsoft.Network/loadBalancers/ps4054/frontendIPConfigurations/ps7775\",\r\n        \"etag\": \"W/\\\"3f13aca6-a694-4b6c-b42f-5d84beda5f9c\\\"\",\r\n        \"type\": \"Microsoft.Network/loadBalancers/frontendIPConfigurations\",\r\n        \"properties\": {\r\n          \"provisioningState\": \"Succeeded\",\r\n          \"privateIPAddress\": \"10.0.1.4\",\r\n          \"privateIPAllocationMethod\": \"Dynamic\",\r\n          \"subnet\": {\r\n            \"id\": \"/subscriptions/947d47b4-7883-4bb9-9d85-c5e8e2f572ce/resourceGroups/ps6775/providers/Microsoft.Network/virtualNetworks/ps5972/subnets/ps1774\"\r\n          },\r\n          \"loadBalancingRules\": [\r\n            {\r\n              \"id\": \"/subscriptions/947d47b4-7883-4bb9-9d85-c5e8e2f572ce/resourceGroups/ps6775/providers/Microsoft.Network/loadBalancers/ps4054/loadBalancingRules/ps2897\"\r\n            }\r\n          ],\r\n          \"inboundNatPools\": [\r\n            {\r\n              \"id\": \"/subscriptions/947d47b4-7883-4bb9-9d85-c5e8e2f572ce/resourceGroups/ps6775/providers/Microsoft.Network/loadBalancers/ps4054/inboundNatPools/ps4651\"\r\n            }\r\n          ]\r\n        }\r\n      }\r\n    ],\r\n    \"backendAddressPools\": [\r\n      {\r\n        \"name\": \"ps4239\",\r\n        \"id\": \"/subscriptions/947d47b4-7883-4bb9-9d85-c5e8e2f572ce/resourceGroups/ps6775/providers/Microsoft.Network/loadBalancers/ps4054/backendAddressPools/ps4239\",\r\n        \"etag\": \"W/\\\"3f13aca6-a694-4b6c-b42f-5d84beda5f9c\\\"\",\r\n        \"properties\": {\r\n          \"provisioningState\": \"Succeeded\"\r\n        },\r\n        \"type\": \"Microsoft.Network/loadBalancers/backendAddressPools\"\r\n      }\r\n    ],\r\n    \"loadBalancingRules\": [\r\n      {\r\n        \"name\": \"ps2897\",\r\n        \"id\": \"/subscriptions/947d47b4-7883-4bb9-9d85-c5e8e2f572ce/resourceGroups/ps6775/providers/Microsoft.Network/loadBalancers/ps4054/loadBalancingRules/ps2897\",\r\n        \"etag\": \"W/\\\"3f13aca6-a694-4b6c-b42f-5d84beda5f9c\\\"\",\r\n        \"type\": \"Microsoft.Network/loadBalancers/loadBalancingRules\",\r\n        \"properties\": {\r\n          \"provisioningState\": \"Succeeded\",\r\n          \"frontendIPConfiguration\": {\r\n            \"id\": \"/subscriptions/947d47b4-7883-4bb9-9d85-c5e8e2f572ce/resourceGroups/ps6775/providers/Microsoft.Network/loadBalancers/ps4054/frontendIPConfigurations/ps7775\"\r\n          },\r\n          \"frontendPort\": 1024,\r\n          \"backendPort\": 2048,\r\n          \"enableFloatingIP\": false,\r\n          \"idleTimeoutInMinutes\": 4,\r\n          \"protocol\": \"Tcp\",\r\n          \"enableDestinationServiceEndpoint\": false,\r\n          \"enableTcpReset\": false,\r\n          \"allowBackendPortConflict\": false,\r\n          \"loadDistribution\": \"Default\"\r\n        }\r\n      }\r\n    ],\r\n    \"probes\": [\r\n      {\r\n        \"name\": \"ps3262\",\r\n        \"id\": \"/subscriptions/947d47b4-7883-4bb9-9d85-c5e8e2f572ce/resourceGroups/ps6775/providers/Microsoft.Network/loadBalancers/ps4054/probes/ps3262\",\r\n        \"etag\": \"W/\\\"3f13aca6-a694-4b6c-b42f-5d84beda5f9c\\\"\",\r\n        \"properties\": {\r\n          \"provisioningState\": \"Succeeded\",\r\n          \"protocol\": \"Tcp\",\r\n          \"port\": 2000,\r\n          \"intervalInSeconds\": 60,\r\n          \"numberOfProbes\": 3\r\n        },\r\n        \"type\": \"Microsoft.Network/loadBalancers/probes\"\r\n      }\r\n    ],\r\n    \"inboundNatRules\": [],\r\n    \"inboundNatPools\": [\r\n      {\r\n        \"name\": \"ps4651\",\r\n        \"id\": \"/subscriptions/947d47b4-7883-4bb9-9d85-c5e8e2f572ce/resourceGroups/ps6775/providers/Microsoft.Network/loadBalancers/ps4054/inboundNatPools/ps4651\",\r\n        \"etag\": \"W/\\\"3f13aca6-a694-4b6c-b42f-5d84beda5f9c\\\"\",\r\n        \"properties\": {\r\n          \"provisioningState\": \"Succeeded\",\r\n          \"frontendPortRangeStart\": 444,\r\n          \"frontendPortRangeEnd\": 445,\r\n          \"backendPort\": 8080,\r\n          \"protocol\": \"Tcp\",\r\n          \"idleTimeoutInMinutes\": 4,\r\n          \"enableFloatingIP\": false,\r\n          \"enableDestinationServiceEndpoint\": false,\r\n          \"enableTcpReset\": false,\r\n          \"allowBackendPortConflict\": false,\r\n          \"frontendIPConfiguration\": {\r\n            \"id\": \"/subscriptions/947d47b4-7883-4bb9-9d85-c5e8e2f572ce/resourceGroups/ps6775/providers/Microsoft.Network/loadBalancers/ps4054/frontendIPConfigurations/ps7775\"\r\n          }\r\n        },\r\n        \"type\": \"Microsoft.Network/loadBalancers/inboundNatPools\"\r\n      }\r\n    ]\r\n  },\r\n  \"sku\": {\r\n    \"name\": \"Basic\",\r\n    \"tier\": \"Regional\"\r\n  }\r\n}",
      "StatusCode": 200
    },
    {
      "RequestUri": "/subscriptions/947d47b4-7883-4bb9-9d85-c5e8e2f572ce/resourceGroups/ps6775/providers/Microsoft.Network/loadBalancers/ps4054?api-version=2019-02-01",
      "EncodedRequestUri": "L3N1YnNjcmlwdGlvbnMvOTQ3ZDQ3YjQtNzg4My00YmI5LTlkODUtYzVlOGUyZjU3MmNlL3Jlc291cmNlR3JvdXBzL3BzNjc3NS9wcm92aWRlcnMvTWljcm9zb2Z0Lk5ldHdvcmsvbG9hZEJhbGFuY2Vycy9wczQwNTQ/YXBpLXZlcnNpb249MjAxOS0wMi0wMQ==",
      "RequestMethod": "GET",
      "RequestBody": "",
      "RequestHeaders": {
        "x-ms-client-request-id": [
          "2e2a69c2-38f7-4e96-a543-486516b6977e"
        ],
        "Accept-Language": [
          "en-US"
        ],
        "User-Agent": [
          "FxVersion/4.6.27414.06",
          "OSName/Windows",
          "OSVersion/Microsoft.Windows.10.0.17763.",
          "Microsoft.Azure.Management.Network.NetworkManagementClient/20.0.0.0"
        ]
      },
      "ResponseHeaders": {
        "Cache-Control": [
          "no-cache"
        ],
        "Pragma": [
          "no-cache"
        ],
        "ETag": [
          "W/\"3f13aca6-a694-4b6c-b42f-5d84beda5f9c\""
        ],
        "x-ms-request-id": [
          "3c4761a9-1a61-4ddb-b99e-aa0c00c98779"
        ],
        "x-ms-correlation-request-id": [
          "c4b5357e-e61e-4675-8e64-2a0576bd8189"
        ],
        "Strict-Transport-Security": [
          "max-age=31536000; includeSubDomains"
        ],
        "Server": [
          "Microsoft-HTTPAPI/2.0",
          "Microsoft-HTTPAPI/2.0"
        ],
        "x-ms-ratelimit-remaining-subscription-reads": [
          "11778"
        ],
        "x-ms-routing-request-id": [
          "BRAZILUS:20190408T105210Z:c4b5357e-e61e-4675-8e64-2a0576bd8189"
        ],
        "X-Content-Type-Options": [
          "nosniff"
        ],
        "Date": [
          "Mon, 08 Apr 2019 10:52:10 GMT"
        ],
        "Content-Length": [
          "4875"
        ],
        "Content-Type": [
          "application/json; charset=utf-8"
        ],
        "Expires": [
          "-1"
        ]
      },
      "ResponseBody": "{\r\n  \"name\": \"ps4054\",\r\n  \"id\": \"/subscriptions/947d47b4-7883-4bb9-9d85-c5e8e2f572ce/resourceGroups/ps6775/providers/Microsoft.Network/loadBalancers/ps4054\",\r\n  \"etag\": \"W/\\\"3f13aca6-a694-4b6c-b42f-5d84beda5f9c\\\"\",\r\n  \"type\": \"Microsoft.Network/loadBalancers\",\r\n  \"location\": \"eastus2euap\",\r\n  \"properties\": {\r\n    \"provisioningState\": \"Succeeded\",\r\n    \"resourceGuid\": \"92529e52-d78e-4b23-b4c3-9ec3b7bde964\",\r\n    \"frontendIPConfigurations\": [\r\n      {\r\n        \"name\": \"ps7775\",\r\n        \"id\": \"/subscriptions/947d47b4-7883-4bb9-9d85-c5e8e2f572ce/resourceGroups/ps6775/providers/Microsoft.Network/loadBalancers/ps4054/frontendIPConfigurations/ps7775\",\r\n        \"etag\": \"W/\\\"3f13aca6-a694-4b6c-b42f-5d84beda5f9c\\\"\",\r\n        \"type\": \"Microsoft.Network/loadBalancers/frontendIPConfigurations\",\r\n        \"properties\": {\r\n          \"provisioningState\": \"Succeeded\",\r\n          \"privateIPAddress\": \"10.0.1.4\",\r\n          \"privateIPAllocationMethod\": \"Dynamic\",\r\n          \"subnet\": {\r\n            \"id\": \"/subscriptions/947d47b4-7883-4bb9-9d85-c5e8e2f572ce/resourceGroups/ps6775/providers/Microsoft.Network/virtualNetworks/ps5972/subnets/ps1774\"\r\n          },\r\n          \"loadBalancingRules\": [\r\n            {\r\n              \"id\": \"/subscriptions/947d47b4-7883-4bb9-9d85-c5e8e2f572ce/resourceGroups/ps6775/providers/Microsoft.Network/loadBalancers/ps4054/loadBalancingRules/ps2897\"\r\n            }\r\n          ],\r\n          \"inboundNatPools\": [\r\n            {\r\n              \"id\": \"/subscriptions/947d47b4-7883-4bb9-9d85-c5e8e2f572ce/resourceGroups/ps6775/providers/Microsoft.Network/loadBalancers/ps4054/inboundNatPools/ps4651\"\r\n            }\r\n          ]\r\n        }\r\n      }\r\n    ],\r\n    \"backendAddressPools\": [\r\n      {\r\n        \"name\": \"ps4239\",\r\n        \"id\": \"/subscriptions/947d47b4-7883-4bb9-9d85-c5e8e2f572ce/resourceGroups/ps6775/providers/Microsoft.Network/loadBalancers/ps4054/backendAddressPools/ps4239\",\r\n        \"etag\": \"W/\\\"3f13aca6-a694-4b6c-b42f-5d84beda5f9c\\\"\",\r\n        \"properties\": {\r\n          \"provisioningState\": \"Succeeded\"\r\n        },\r\n        \"type\": \"Microsoft.Network/loadBalancers/backendAddressPools\"\r\n      }\r\n    ],\r\n    \"loadBalancingRules\": [\r\n      {\r\n        \"name\": \"ps2897\",\r\n        \"id\": \"/subscriptions/947d47b4-7883-4bb9-9d85-c5e8e2f572ce/resourceGroups/ps6775/providers/Microsoft.Network/loadBalancers/ps4054/loadBalancingRules/ps2897\",\r\n        \"etag\": \"W/\\\"3f13aca6-a694-4b6c-b42f-5d84beda5f9c\\\"\",\r\n        \"type\": \"Microsoft.Network/loadBalancers/loadBalancingRules\",\r\n        \"properties\": {\r\n          \"provisioningState\": \"Succeeded\",\r\n          \"frontendIPConfiguration\": {\r\n            \"id\": \"/subscriptions/947d47b4-7883-4bb9-9d85-c5e8e2f572ce/resourceGroups/ps6775/providers/Microsoft.Network/loadBalancers/ps4054/frontendIPConfigurations/ps7775\"\r\n          },\r\n          \"frontendPort\": 1024,\r\n          \"backendPort\": 2048,\r\n          \"enableFloatingIP\": false,\r\n          \"idleTimeoutInMinutes\": 4,\r\n          \"protocol\": \"Tcp\",\r\n          \"enableDestinationServiceEndpoint\": false,\r\n          \"enableTcpReset\": false,\r\n          \"allowBackendPortConflict\": false,\r\n          \"loadDistribution\": \"Default\"\r\n        }\r\n      }\r\n    ],\r\n    \"probes\": [\r\n      {\r\n        \"name\": \"ps3262\",\r\n        \"id\": \"/subscriptions/947d47b4-7883-4bb9-9d85-c5e8e2f572ce/resourceGroups/ps6775/providers/Microsoft.Network/loadBalancers/ps4054/probes/ps3262\",\r\n        \"etag\": \"W/\\\"3f13aca6-a694-4b6c-b42f-5d84beda5f9c\\\"\",\r\n        \"properties\": {\r\n          \"provisioningState\": \"Succeeded\",\r\n          \"protocol\": \"Tcp\",\r\n          \"port\": 2000,\r\n          \"intervalInSeconds\": 60,\r\n          \"numberOfProbes\": 3\r\n        },\r\n        \"type\": \"Microsoft.Network/loadBalancers/probes\"\r\n      }\r\n    ],\r\n    \"inboundNatRules\": [],\r\n    \"inboundNatPools\": [\r\n      {\r\n        \"name\": \"ps4651\",\r\n        \"id\": \"/subscriptions/947d47b4-7883-4bb9-9d85-c5e8e2f572ce/resourceGroups/ps6775/providers/Microsoft.Network/loadBalancers/ps4054/inboundNatPools/ps4651\",\r\n        \"etag\": \"W/\\\"3f13aca6-a694-4b6c-b42f-5d84beda5f9c\\\"\",\r\n        \"properties\": {\r\n          \"provisioningState\": \"Succeeded\",\r\n          \"frontendPortRangeStart\": 444,\r\n          \"frontendPortRangeEnd\": 445,\r\n          \"backendPort\": 8080,\r\n          \"protocol\": \"Tcp\",\r\n          \"idleTimeoutInMinutes\": 4,\r\n          \"enableFloatingIP\": false,\r\n          \"enableDestinationServiceEndpoint\": false,\r\n          \"enableTcpReset\": false,\r\n          \"allowBackendPortConflict\": false,\r\n          \"frontendIPConfiguration\": {\r\n            \"id\": \"/subscriptions/947d47b4-7883-4bb9-9d85-c5e8e2f572ce/resourceGroups/ps6775/providers/Microsoft.Network/loadBalancers/ps4054/frontendIPConfigurations/ps7775\"\r\n          }\r\n        },\r\n        \"type\": \"Microsoft.Network/loadBalancers/inboundNatPools\"\r\n      }\r\n    ]\r\n  },\r\n  \"sku\": {\r\n    \"name\": \"Basic\",\r\n    \"tier\": \"Regional\"\r\n  }\r\n}",
      "StatusCode": 200
    },
    {
      "RequestUri": "/subscriptions/947d47b4-7883-4bb9-9d85-c5e8e2f572ce/resourceGroups/ps6775/providers/Microsoft.Network/loadBalancers/ps4054?api-version=2019-02-01",
      "EncodedRequestUri": "L3N1YnNjcmlwdGlvbnMvOTQ3ZDQ3YjQtNzg4My00YmI5LTlkODUtYzVlOGUyZjU3MmNlL3Jlc291cmNlR3JvdXBzL3BzNjc3NS9wcm92aWRlcnMvTWljcm9zb2Z0Lk5ldHdvcmsvbG9hZEJhbGFuY2Vycy9wczQwNTQ/YXBpLXZlcnNpb249MjAxOS0wMi0wMQ==",
      "RequestMethod": "GET",
      "RequestBody": "",
      "RequestHeaders": {
        "User-Agent": [
          "FxVersion/4.6.27414.06",
          "OSName/Windows",
          "OSVersion/Microsoft.Windows.10.0.17763.",
          "Microsoft.Azure.Management.Network.NetworkManagementClient/20.0.0.0"
        ]
      },
      "ResponseHeaders": {
        "Cache-Control": [
          "no-cache"
        ],
        "Pragma": [
          "no-cache"
        ],
        "ETag": [
          "W/\"15437863-cfbb-489b-8f7f-dedb0baff4ce\""
        ],
        "x-ms-request-id": [
          "e67072a0-9520-4f34-9a40-11c676cf19e3"
        ],
        "x-ms-correlation-request-id": [
          "bf5b8ef3-5d1a-4c49-aa7f-7896c3c696a0"
        ],
        "Strict-Transport-Security": [
          "max-age=31536000; includeSubDomains"
        ],
        "Server": [
          "Microsoft-HTTPAPI/2.0",
          "Microsoft-HTTPAPI/2.0"
        ],
        "x-ms-ratelimit-remaining-subscription-reads": [
          "11777"
        ],
        "x-ms-routing-request-id": [
          "BRAZILUS:20190408T105211Z:bf5b8ef3-5d1a-4c49-aa7f-7896c3c696a0"
        ],
        "X-Content-Type-Options": [
          "nosniff"
        ],
        "Date": [
          "Mon, 08 Apr 2019 10:52:11 GMT"
        ],
        "Content-Length": [
          "1391"
        ],
        "Content-Type": [
          "application/json; charset=utf-8"
        ],
        "Expires": [
          "-1"
        ]
      },
      "ResponseBody": "{\r\n  \"name\": \"ps4054\",\r\n  \"id\": \"/subscriptions/947d47b4-7883-4bb9-9d85-c5e8e2f572ce/resourceGroups/ps6775/providers/Microsoft.Network/loadBalancers/ps4054\",\r\n  \"etag\": \"W/\\\"15437863-cfbb-489b-8f7f-dedb0baff4ce\\\"\",\r\n  \"type\": \"Microsoft.Network/loadBalancers\",\r\n  \"location\": \"eastus2euap\",\r\n  \"properties\": {\r\n    \"provisioningState\": \"Succeeded\",\r\n    \"resourceGuid\": \"92529e52-d78e-4b23-b4c3-9ec3b7bde964\",\r\n    \"frontendIPConfigurations\": [\r\n      {\r\n        \"name\": \"ps7775\",\r\n        \"id\": \"/subscriptions/947d47b4-7883-4bb9-9d85-c5e8e2f572ce/resourceGroups/ps6775/providers/Microsoft.Network/loadBalancers/ps4054/frontendIPConfigurations/ps7775\",\r\n        \"etag\": \"W/\\\"15437863-cfbb-489b-8f7f-dedb0baff4ce\\\"\",\r\n        \"type\": \"Microsoft.Network/loadBalancers/frontendIPConfigurations\",\r\n        \"properties\": {\r\n          \"provisioningState\": \"Succeeded\",\r\n          \"privateIPAddress\": \"10.0.1.4\",\r\n          \"privateIPAllocationMethod\": \"Dynamic\",\r\n          \"subnet\": {\r\n            \"id\": \"/subscriptions/947d47b4-7883-4bb9-9d85-c5e8e2f572ce/resourceGroups/ps6775/providers/Microsoft.Network/virtualNetworks/ps5972/subnets/ps1774\"\r\n          }\r\n        }\r\n      }\r\n    ],\r\n    \"backendAddressPools\": [],\r\n    \"loadBalancingRules\": [],\r\n    \"probes\": [],\r\n    \"inboundNatRules\": [],\r\n    \"inboundNatPools\": []\r\n  },\r\n  \"sku\": {\r\n    \"name\": \"Basic\",\r\n    \"tier\": \"Regional\"\r\n  }\r\n}",
      "StatusCode": 200
    },
    {
      "RequestUri": "/subscriptions/947d47b4-7883-4bb9-9d85-c5e8e2f572ce/resourceGroups/ps6775/providers/Microsoft.Network/loadBalancers/ps4054?api-version=2019-02-01",
      "EncodedRequestUri": "L3N1YnNjcmlwdGlvbnMvOTQ3ZDQ3YjQtNzg4My00YmI5LTlkODUtYzVlOGUyZjU3MmNlL3Jlc291cmNlR3JvdXBzL3BzNjc3NS9wcm92aWRlcnMvTWljcm9zb2Z0Lk5ldHdvcmsvbG9hZEJhbGFuY2Vycy9wczQwNTQ/YXBpLXZlcnNpb249MjAxOS0wMi0wMQ==",
      "RequestMethod": "GET",
      "RequestBody": "",
      "RequestHeaders": {
        "x-ms-client-request-id": [
          "0e39aef6-a7d8-4d18-9c9c-2ff19c161728"
        ],
        "Accept-Language": [
          "en-US"
        ],
        "User-Agent": [
          "FxVersion/4.6.27414.06",
          "OSName/Windows",
          "OSVersion/Microsoft.Windows.10.0.17763.",
          "Microsoft.Azure.Management.Network.NetworkManagementClient/20.0.0.0"
        ]
      },
      "ResponseHeaders": {
        "Cache-Control": [
          "no-cache"
        ],
        "Pragma": [
          "no-cache"
        ],
        "ETag": [
          "W/\"15437863-cfbb-489b-8f7f-dedb0baff4ce\""
        ],
        "x-ms-request-id": [
          "e93f26dc-6bb9-4956-9265-f66aff4805c1"
        ],
        "x-ms-correlation-request-id": [
          "5502f473-b8f5-4e69-b362-35b5a8ddf3b1"
        ],
        "Strict-Transport-Security": [
          "max-age=31536000; includeSubDomains"
        ],
        "Server": [
          "Microsoft-HTTPAPI/2.0",
          "Microsoft-HTTPAPI/2.0"
        ],
        "x-ms-ratelimit-remaining-subscription-reads": [
          "11776"
        ],
        "x-ms-routing-request-id": [
          "BRAZILUS:20190408T105212Z:5502f473-b8f5-4e69-b362-35b5a8ddf3b1"
        ],
        "X-Content-Type-Options": [
          "nosniff"
        ],
        "Date": [
          "Mon, 08 Apr 2019 10:52:11 GMT"
        ],
        "Content-Length": [
          "1391"
        ],
        "Content-Type": [
          "application/json; charset=utf-8"
        ],
        "Expires": [
          "-1"
        ]
      },
      "ResponseBody": "{\r\n  \"name\": \"ps4054\",\r\n  \"id\": \"/subscriptions/947d47b4-7883-4bb9-9d85-c5e8e2f572ce/resourceGroups/ps6775/providers/Microsoft.Network/loadBalancers/ps4054\",\r\n  \"etag\": \"W/\\\"15437863-cfbb-489b-8f7f-dedb0baff4ce\\\"\",\r\n  \"type\": \"Microsoft.Network/loadBalancers\",\r\n  \"location\": \"eastus2euap\",\r\n  \"properties\": {\r\n    \"provisioningState\": \"Succeeded\",\r\n    \"resourceGuid\": \"92529e52-d78e-4b23-b4c3-9ec3b7bde964\",\r\n    \"frontendIPConfigurations\": [\r\n      {\r\n        \"name\": \"ps7775\",\r\n        \"id\": \"/subscriptions/947d47b4-7883-4bb9-9d85-c5e8e2f572ce/resourceGroups/ps6775/providers/Microsoft.Network/loadBalancers/ps4054/frontendIPConfigurations/ps7775\",\r\n        \"etag\": \"W/\\\"15437863-cfbb-489b-8f7f-dedb0baff4ce\\\"\",\r\n        \"type\": \"Microsoft.Network/loadBalancers/frontendIPConfigurations\",\r\n        \"properties\": {\r\n          \"provisioningState\": \"Succeeded\",\r\n          \"privateIPAddress\": \"10.0.1.4\",\r\n          \"privateIPAllocationMethod\": \"Dynamic\",\r\n          \"subnet\": {\r\n            \"id\": \"/subscriptions/947d47b4-7883-4bb9-9d85-c5e8e2f572ce/resourceGroups/ps6775/providers/Microsoft.Network/virtualNetworks/ps5972/subnets/ps1774\"\r\n          }\r\n        }\r\n      }\r\n    ],\r\n    \"backendAddressPools\": [],\r\n    \"loadBalancingRules\": [],\r\n    \"probes\": [],\r\n    \"inboundNatRules\": [],\r\n    \"inboundNatPools\": []\r\n  },\r\n  \"sku\": {\r\n    \"name\": \"Basic\",\r\n    \"tier\": \"Regional\"\r\n  }\r\n}",
      "StatusCode": 200
    },
    {
      "RequestUri": "/subscriptions/947d47b4-7883-4bb9-9d85-c5e8e2f572ce/resourceGroups/ps6775/providers/Microsoft.Network/loadBalancers/ps4054?api-version=2019-02-01",
      "EncodedRequestUri": "L3N1YnNjcmlwdGlvbnMvOTQ3ZDQ3YjQtNzg4My00YmI5LTlkODUtYzVlOGUyZjU3MmNlL3Jlc291cmNlR3JvdXBzL3BzNjc3NS9wcm92aWRlcnMvTWljcm9zb2Z0Lk5ldHdvcmsvbG9hZEJhbGFuY2Vycy9wczQwNTQ/YXBpLXZlcnNpb249MjAxOS0wMi0wMQ==",
      "RequestMethod": "GET",
      "RequestBody": "",
      "RequestHeaders": {
        "x-ms-client-request-id": [
          "566c0a64-60cc-4afa-980c-45d4f7957dd6"
        ],
        "Accept-Language": [
          "en-US"
        ],
        "User-Agent": [
          "FxVersion/4.6.27414.06",
          "OSName/Windows",
          "OSVersion/Microsoft.Windows.10.0.17763.",
          "Microsoft.Azure.Management.Network.NetworkManagementClient/20.0.0.0"
        ]
      },
      "ResponseHeaders": {
        "Cache-Control": [
          "no-cache"
        ],
        "Pragma": [
          "no-cache"
        ],
        "ETag": [
          "W/\"15437863-cfbb-489b-8f7f-dedb0baff4ce\""
        ],
        "x-ms-request-id": [
          "d4074fde-0bbf-4637-b3fc-1811bd43b4e8"
        ],
        "x-ms-correlation-request-id": [
          "ba654b09-09f9-41b6-a144-b0f4e9797cb7"
        ],
        "Strict-Transport-Security": [
          "max-age=31536000; includeSubDomains"
        ],
        "Server": [
          "Microsoft-HTTPAPI/2.0",
          "Microsoft-HTTPAPI/2.0"
        ],
        "x-ms-ratelimit-remaining-subscription-reads": [
          "11770"
        ],
        "x-ms-routing-request-id": [
          "BRAZILUS:20190408T105213Z:ba654b09-09f9-41b6-a144-b0f4e9797cb7"
        ],
        "X-Content-Type-Options": [
          "nosniff"
        ],
        "Date": [
          "Mon, 08 Apr 2019 10:52:13 GMT"
        ],
        "Content-Length": [
          "1391"
        ],
        "Content-Type": [
          "application/json; charset=utf-8"
        ],
        "Expires": [
          "-1"
        ]
      },
      "ResponseBody": "{\r\n  \"name\": \"ps4054\",\r\n  \"id\": \"/subscriptions/947d47b4-7883-4bb9-9d85-c5e8e2f572ce/resourceGroups/ps6775/providers/Microsoft.Network/loadBalancers/ps4054\",\r\n  \"etag\": \"W/\\\"15437863-cfbb-489b-8f7f-dedb0baff4ce\\\"\",\r\n  \"type\": \"Microsoft.Network/loadBalancers\",\r\n  \"location\": \"eastus2euap\",\r\n  \"properties\": {\r\n    \"provisioningState\": \"Succeeded\",\r\n    \"resourceGuid\": \"92529e52-d78e-4b23-b4c3-9ec3b7bde964\",\r\n    \"frontendIPConfigurations\": [\r\n      {\r\n        \"name\": \"ps7775\",\r\n        \"id\": \"/subscriptions/947d47b4-7883-4bb9-9d85-c5e8e2f572ce/resourceGroups/ps6775/providers/Microsoft.Network/loadBalancers/ps4054/frontendIPConfigurations/ps7775\",\r\n        \"etag\": \"W/\\\"15437863-cfbb-489b-8f7f-dedb0baff4ce\\\"\",\r\n        \"type\": \"Microsoft.Network/loadBalancers/frontendIPConfigurations\",\r\n        \"properties\": {\r\n          \"provisioningState\": \"Succeeded\",\r\n          \"privateIPAddress\": \"10.0.1.4\",\r\n          \"privateIPAllocationMethod\": \"Dynamic\",\r\n          \"subnet\": {\r\n            \"id\": \"/subscriptions/947d47b4-7883-4bb9-9d85-c5e8e2f572ce/resourceGroups/ps6775/providers/Microsoft.Network/virtualNetworks/ps5972/subnets/ps1774\"\r\n          }\r\n        }\r\n      }\r\n    ],\r\n    \"backendAddressPools\": [],\r\n    \"loadBalancingRules\": [],\r\n    \"probes\": [],\r\n    \"inboundNatRules\": [],\r\n    \"inboundNatPools\": []\r\n  },\r\n  \"sku\": {\r\n    \"name\": \"Basic\",\r\n    \"tier\": \"Regional\"\r\n  }\r\n}",
      "StatusCode": 200
    },
    {
      "RequestUri": "/subscriptions/947d47b4-7883-4bb9-9d85-c5e8e2f572ce/resourceGroups/ps6775/providers/Microsoft.Network/loadBalancers/ps4054?api-version=2019-02-01",
      "EncodedRequestUri": "L3N1YnNjcmlwdGlvbnMvOTQ3ZDQ3YjQtNzg4My00YmI5LTlkODUtYzVlOGUyZjU3MmNlL3Jlc291cmNlR3JvdXBzL3BzNjc3NS9wcm92aWRlcnMvTWljcm9zb2Z0Lk5ldHdvcmsvbG9hZEJhbGFuY2Vycy9wczQwNTQ/YXBpLXZlcnNpb249MjAxOS0wMi0wMQ==",
      "RequestMethod": "GET",
      "RequestBody": "",
      "RequestHeaders": {
        "x-ms-client-request-id": [
          "aef207f7-e80a-426c-a816-93d344dccf35"
        ],
        "Accept-Language": [
          "en-US"
        ],
        "User-Agent": [
          "FxVersion/4.6.27414.06",
          "OSName/Windows",
          "OSVersion/Microsoft.Windows.10.0.17763.",
          "Microsoft.Azure.Management.Network.NetworkManagementClient/20.0.0.0"
        ]
      },
      "ResponseHeaders": {
        "Cache-Control": [
          "no-cache"
        ],
        "Pragma": [
          "no-cache"
        ],
        "ETag": [
          "W/\"15437863-cfbb-489b-8f7f-dedb0baff4ce\""
        ],
        "x-ms-request-id": [
          "61eb634e-6902-492e-91c6-661f7a59d616"
        ],
        "x-ms-correlation-request-id": [
          "26081956-f249-4a8b-9a00-4ea319200a61"
        ],
        "Strict-Transport-Security": [
          "max-age=31536000; includeSubDomains"
        ],
        "Server": [
          "Microsoft-HTTPAPI/2.0",
          "Microsoft-HTTPAPI/2.0"
        ],
        "x-ms-ratelimit-remaining-subscription-reads": [
          "11775"
        ],
        "x-ms-routing-request-id": [
          "BRAZILUS:20190408T105213Z:26081956-f249-4a8b-9a00-4ea319200a61"
        ],
        "X-Content-Type-Options": [
          "nosniff"
        ],
        "Date": [
          "Mon, 08 Apr 2019 10:52:13 GMT"
        ],
        "Content-Length": [
          "1391"
        ],
        "Content-Type": [
          "application/json; charset=utf-8"
        ],
        "Expires": [
          "-1"
        ]
      },
      "ResponseBody": "{\r\n  \"name\": \"ps4054\",\r\n  \"id\": \"/subscriptions/947d47b4-7883-4bb9-9d85-c5e8e2f572ce/resourceGroups/ps6775/providers/Microsoft.Network/loadBalancers/ps4054\",\r\n  \"etag\": \"W/\\\"15437863-cfbb-489b-8f7f-dedb0baff4ce\\\"\",\r\n  \"type\": \"Microsoft.Network/loadBalancers\",\r\n  \"location\": \"eastus2euap\",\r\n  \"properties\": {\r\n    \"provisioningState\": \"Succeeded\",\r\n    \"resourceGuid\": \"92529e52-d78e-4b23-b4c3-9ec3b7bde964\",\r\n    \"frontendIPConfigurations\": [\r\n      {\r\n        \"name\": \"ps7775\",\r\n        \"id\": \"/subscriptions/947d47b4-7883-4bb9-9d85-c5e8e2f572ce/resourceGroups/ps6775/providers/Microsoft.Network/loadBalancers/ps4054/frontendIPConfigurations/ps7775\",\r\n        \"etag\": \"W/\\\"15437863-cfbb-489b-8f7f-dedb0baff4ce\\\"\",\r\n        \"type\": \"Microsoft.Network/loadBalancers/frontendIPConfigurations\",\r\n        \"properties\": {\r\n          \"provisioningState\": \"Succeeded\",\r\n          \"privateIPAddress\": \"10.0.1.4\",\r\n          \"privateIPAllocationMethod\": \"Dynamic\",\r\n          \"subnet\": {\r\n            \"id\": \"/subscriptions/947d47b4-7883-4bb9-9d85-c5e8e2f572ce/resourceGroups/ps6775/providers/Microsoft.Network/virtualNetworks/ps5972/subnets/ps1774\"\r\n          }\r\n        }\r\n      }\r\n    ],\r\n    \"backendAddressPools\": [],\r\n    \"loadBalancingRules\": [],\r\n    \"probes\": [],\r\n    \"inboundNatRules\": [],\r\n    \"inboundNatPools\": []\r\n  },\r\n  \"sku\": {\r\n    \"name\": \"Basic\",\r\n    \"tier\": \"Regional\"\r\n  }\r\n}",
      "StatusCode": 200
    },
    {
      "RequestUri": "/subscriptions/947d47b4-7883-4bb9-9d85-c5e8e2f572ce/resourceGroups/ps6775/providers/Microsoft.Network/loadBalancers/ps4054?api-version=2019-02-01",
      "EncodedRequestUri": "L3N1YnNjcmlwdGlvbnMvOTQ3ZDQ3YjQtNzg4My00YmI5LTlkODUtYzVlOGUyZjU3MmNlL3Jlc291cmNlR3JvdXBzL3BzNjc3NS9wcm92aWRlcnMvTWljcm9zb2Z0Lk5ldHdvcmsvbG9hZEJhbGFuY2Vycy9wczQwNTQ/YXBpLXZlcnNpb249MjAxOS0wMi0wMQ==",
      "RequestMethod": "PUT",
      "RequestBody": "{\r\n  \"properties\": {\r\n    \"frontendIPConfigurations\": [],\r\n    \"backendAddressPools\": [],\r\n    \"loadBalancingRules\": [],\r\n    \"probes\": [],\r\n    \"inboundNatRules\": [],\r\n    \"inboundNatPools\": [],\r\n    \"outboundRules\": []\r\n  },\r\n  \"location\": \"EAST US 2 EUAP\"\r\n}",
      "RequestHeaders": {
        "x-ms-client-request-id": [
          "65f88cb8-6eec-488c-8ff4-622c50b7d01e"
        ],
        "Accept-Language": [
          "en-US"
        ],
        "User-Agent": [
          "FxVersion/4.6.27414.06",
          "OSName/Windows",
          "OSVersion/Microsoft.Windows.10.0.17763.",
          "Microsoft.Azure.Management.Network.NetworkManagementClient/20.0.0.0"
        ],
        "Content-Type": [
          "application/json; charset=utf-8"
        ],
        "Content-Length": [
          "261"
        ]
      },
      "ResponseHeaders": {
        "Cache-Control": [
          "no-cache"
        ],
        "Pragma": [
          "no-cache"
        ],
        "x-ms-request-id": [
          "8f71df24-0e39-4a38-b7cf-b7dcc7bc4f66"
        ],
        "Azure-AsyncOperation": [
          "https://brazilus.management.azure.com/subscriptions/947d47b4-7883-4bb9-9d85-c5e8e2f572ce/providers/Microsoft.Network/locations/eastus2euap/operations/8f71df24-0e39-4a38-b7cf-b7dcc7bc4f66?api-version=2019-02-01"
        ],
        "x-ms-correlation-request-id": [
          "94f4018b-50e6-4253-aac5-3a46eb5ac8b5"
        ],
        "Strict-Transport-Security": [
          "max-age=31536000; includeSubDomains"
        ],
        "Server": [
          "Microsoft-HTTPAPI/2.0",
          "Microsoft-HTTPAPI/2.0"
        ],
        "x-ms-ratelimit-remaining-subscription-writes": [
          "1163"
        ],
        "x-ms-routing-request-id": [
          "BRAZILUS:20190408T105202Z:94f4018b-50e6-4253-aac5-3a46eb5ac8b5"
        ],
        "X-Content-Type-Options": [
          "nosniff"
        ],
        "Date": [
          "Mon, 08 Apr 2019 10:52:01 GMT"
        ],
        "Content-Length": [
          "655"
        ],
        "Content-Type": [
          "application/json; charset=utf-8"
        ],
        "Expires": [
          "-1"
        ]
      },
      "ResponseBody": "{\r\n  \"name\": \"ps4054\",\r\n  \"id\": \"/subscriptions/947d47b4-7883-4bb9-9d85-c5e8e2f572ce/resourceGroups/ps6775/providers/Microsoft.Network/loadBalancers/ps4054\",\r\n  \"etag\": \"W/\\\"1a4acddb-af8d-40e0-bc59-4b199d12aec5\\\"\",\r\n  \"type\": \"Microsoft.Network/loadBalancers\",\r\n  \"location\": \"eastus2euap\",\r\n  \"properties\": {\r\n    \"provisioningState\": \"Succeeded\",\r\n    \"resourceGuid\": \"92529e52-d78e-4b23-b4c3-9ec3b7bde964\",\r\n    \"frontendIPConfigurations\": [],\r\n    \"backendAddressPools\": [],\r\n    \"loadBalancingRules\": [],\r\n    \"probes\": [],\r\n    \"inboundNatRules\": [],\r\n    \"inboundNatPools\": []\r\n  },\r\n  \"sku\": {\r\n    \"name\": \"Basic\",\r\n    \"tier\": \"Regional\"\r\n  }\r\n}",
      "StatusCode": 201
    },
    {
      "RequestUri": "/subscriptions/947d47b4-7883-4bb9-9d85-c5e8e2f572ce/resourceGroups/ps6775/providers/Microsoft.Network/loadBalancers/ps4054?api-version=2019-02-01",
      "EncodedRequestUri": "L3N1YnNjcmlwdGlvbnMvOTQ3ZDQ3YjQtNzg4My00YmI5LTlkODUtYzVlOGUyZjU3MmNlL3Jlc291cmNlR3JvdXBzL3BzNjc3NS9wcm92aWRlcnMvTWljcm9zb2Z0Lk5ldHdvcmsvbG9hZEJhbGFuY2Vycy9wczQwNTQ/YXBpLXZlcnNpb249MjAxOS0wMi0wMQ==",
      "RequestMethod": "PUT",
      "RequestBody": "{\r\n  \"sku\": {\r\n    \"name\": \"Basic\"\r\n  },\r\n  \"properties\": {\r\n    \"frontendIPConfigurations\": [\r\n      {\r\n        \"properties\": {\r\n          \"privateIPAllocationMethod\": \"Dynamic\",\r\n          \"subnet\": {\r\n            \"properties\": {\r\n              \"addressPrefixes\": [],\r\n              \"serviceEndpoints\": [],\r\n              \"serviceEndpointPolicies\": [],\r\n              \"resourceNavigationLinks\": [],\r\n              \"serviceAssociationLinks\": [],\r\n              \"delegations\": []\r\n            },\r\n            \"id\": \"/subscriptions/947d47b4-7883-4bb9-9d85-c5e8e2f572ce/resourceGroups/ps6775/providers/Microsoft.Network/virtualNetworks/ps5972/subnets/ps1774\"\r\n          }\r\n        },\r\n        \"name\": \"ps7775\",\r\n        \"zones\": [],\r\n        \"id\": \"/subscriptions/947d47b4-7883-4bb9-9d85-c5e8e2f572ce/resourceGroups/ps6775/providers/Microsoft.Network/loadBalancers/ps4054/FrontendIpConfigurations/ps7775\"\r\n      }\r\n    ],\r\n    \"backendAddressPools\": [\r\n      {\r\n        \"name\": \"ps4239\",\r\n        \"id\": \"/subscriptions/947d47b4-7883-4bb9-9d85-c5e8e2f572ce/resourceGroups/ps6775/providers/Microsoft.Network/loadBalancers/ps4054/BackendAddressPools/ps4239\"\r\n      }\r\n    ],\r\n    \"loadBalancingRules\": [\r\n      {\r\n        \"properties\": {\r\n          \"frontendIPConfiguration\": {\r\n            \"id\": \"/subscriptions/947d47b4-7883-4bb9-9d85-c5e8e2f572ce/resourceGroups/ps6775/providers/Microsoft.Network/loadBalancers/ps4054/FrontendIpConfigurations/ps7775\"\r\n          },\r\n          \"protocol\": \"Tcp\",\r\n          \"frontendPort\": 1024,\r\n          \"backendPort\": 2048,\r\n          \"idleTimeoutInMinutes\": 4,\r\n          \"enableFloatingIP\": false,\r\n          \"enableTcpReset\": false,\r\n          \"disableOutboundSnat\": false\r\n        },\r\n        \"name\": \"ps2897\",\r\n        \"id\": \"/subscriptions/947d47b4-7883-4bb9-9d85-c5e8e2f572ce/resourceGroups/ps6775/providers/Microsoft.Network/loadBalancers/ps4054/LoadBalancingRules/ps2897\"\r\n      }\r\n    ],\r\n    \"probes\": [\r\n      {\r\n        \"properties\": {\r\n          \"port\": 2000,\r\n          \"intervalInSeconds\": 60,\r\n          \"numberOfProbes\": 3\r\n        },\r\n        \"name\": \"ps3262\",\r\n        \"id\": \"/subscriptions/947d47b4-7883-4bb9-9d85-c5e8e2f572ce/resourceGroups/ps6775/providers/Microsoft.Network/loadBalancers/ps4054/Probes/ps3262\"\r\n      }\r\n    ],\r\n    \"inboundNatRules\": [\r\n      {\r\n        \"properties\": {\r\n          \"frontendIPConfiguration\": {\r\n            \"id\": \"/subscriptions/947d47b4-7883-4bb9-9d85-c5e8e2f572ce/resourceGroups/ps6775/providers/Microsoft.Network/loadBalancers/ps4054/FrontendIpConfigurations/ps7775\"\r\n          },\r\n          \"frontendPort\": 128,\r\n          \"backendPort\": 256,\r\n          \"idleTimeoutInMinutes\": 4,\r\n          \"enableFloatingIP\": false,\r\n          \"enableTcpReset\": false\r\n        },\r\n        \"name\": \"ps6626\",\r\n        \"id\": \"/subscriptions/947d47b4-7883-4bb9-9d85-c5e8e2f572ce/resourceGroups/ps6775/providers/Microsoft.Network/loadBalancers/ps4054/InboundNatRules/ps6626\"\r\n      }\r\n    ],\r\n    \"inboundNatPools\": [],\r\n    \"outboundRules\": [],\r\n    \"resourceGuid\": \"92529e52-d78e-4b23-b4c3-9ec3b7bde964\",\r\n    \"provisioningState\": \"Succeeded\"\r\n  },\r\n  \"etag\": \"W/\\\"1a4acddb-af8d-40e0-bc59-4b199d12aec5\\\"\",\r\n  \"id\": \"/subscriptions/947d47b4-7883-4bb9-9d85-c5e8e2f572ce/resourceGroups/ps6775/providers/Microsoft.Network/loadBalancers/ps4054\",\r\n  \"location\": \"eastus2euap\"\r\n}",
      "RequestHeaders": {
        "x-ms-client-request-id": [
          "ecfd8133-38b3-41c3-bf6a-db63a8dab609"
        ],
        "Accept-Language": [
          "en-US"
        ],
        "User-Agent": [
          "FxVersion/4.6.27414.06",
          "OSName/Windows",
          "OSVersion/Microsoft.Windows.10.0.17763.",
          "Microsoft.Azure.Management.Network.NetworkManagementClient/20.0.0.0"
        ],
        "Content-Type": [
          "application/json; charset=utf-8"
        ],
        "Content-Length": [
          "3350"
        ]
      },
      "ResponseHeaders": {
        "Cache-Control": [
          "no-cache"
        ],
        "Pragma": [
          "no-cache"
        ],
        "x-ms-request-id": [
          "4befc35c-1e2a-4cc3-9b81-8c652a080884"
        ],
        "Azure-AsyncOperation": [
          "https://brazilus.management.azure.com/subscriptions/947d47b4-7883-4bb9-9d85-c5e8e2f572ce/providers/Microsoft.Network/locations/eastus2euap/operations/4befc35c-1e2a-4cc3-9b81-8c652a080884?api-version=2019-02-01"
        ],
        "x-ms-correlation-request-id": [
          "99d62051-1b5b-4050-b9e9-6a28a58902cd"
        ],
        "Strict-Transport-Security": [
          "max-age=31536000; includeSubDomains"
        ],
        "Server": [
          "Microsoft-HTTPAPI/2.0",
          "Microsoft-HTTPAPI/2.0"
        ],
        "x-ms-ratelimit-remaining-subscription-writes": [
          "1150"
        ],
        "x-ms-routing-request-id": [
          "BRAZILUS:20190408T105205Z:99d62051-1b5b-4050-b9e9-6a28a58902cd"
        ],
        "X-Content-Type-Options": [
          "nosniff"
        ],
        "Date": [
          "Mon, 08 Apr 2019 10:52:05 GMT"
        ],
        "Content-Length": [
          "4824"
        ],
        "Content-Type": [
          "application/json; charset=utf-8"
        ],
        "Expires": [
          "-1"
        ]
      },
      "ResponseBody": "{\r\n  \"name\": \"ps4054\",\r\n  \"id\": \"/subscriptions/947d47b4-7883-4bb9-9d85-c5e8e2f572ce/resourceGroups/ps6775/providers/Microsoft.Network/loadBalancers/ps4054\",\r\n  \"etag\": \"W/\\\"fb8c3f34-c7ed-4d91-a003-dd4d1000ea35\\\"\",\r\n  \"type\": \"Microsoft.Network/loadBalancers\",\r\n  \"location\": \"eastus2euap\",\r\n  \"properties\": {\r\n    \"provisioningState\": \"Succeeded\",\r\n    \"resourceGuid\": \"92529e52-d78e-4b23-b4c3-9ec3b7bde964\",\r\n    \"frontendIPConfigurations\": [\r\n      {\r\n        \"name\": \"ps7775\",\r\n        \"id\": \"/subscriptions/947d47b4-7883-4bb9-9d85-c5e8e2f572ce/resourceGroups/ps6775/providers/Microsoft.Network/loadBalancers/ps4054/frontendIPConfigurations/ps7775\",\r\n        \"etag\": \"W/\\\"fb8c3f34-c7ed-4d91-a003-dd4d1000ea35\\\"\",\r\n        \"type\": \"Microsoft.Network/loadBalancers/frontendIPConfigurations\",\r\n        \"properties\": {\r\n          \"provisioningState\": \"Succeeded\",\r\n          \"privateIPAddress\": \"10.0.1.4\",\r\n          \"privateIPAllocationMethod\": \"Dynamic\",\r\n          \"subnet\": {\r\n            \"id\": \"/subscriptions/947d47b4-7883-4bb9-9d85-c5e8e2f572ce/resourceGroups/ps6775/providers/Microsoft.Network/virtualNetworks/ps5972/subnets/ps1774\"\r\n          },\r\n          \"loadBalancingRules\": [\r\n            {\r\n              \"id\": \"/subscriptions/947d47b4-7883-4bb9-9d85-c5e8e2f572ce/resourceGroups/ps6775/providers/Microsoft.Network/loadBalancers/ps4054/loadBalancingRules/ps2897\"\r\n            }\r\n          ],\r\n          \"inboundNatRules\": [\r\n            {\r\n              \"id\": \"/subscriptions/947d47b4-7883-4bb9-9d85-c5e8e2f572ce/resourceGroups/ps6775/providers/Microsoft.Network/loadBalancers/ps4054/inboundNatRules/ps6626\"\r\n            }\r\n          ]\r\n        }\r\n      }\r\n    ],\r\n    \"backendAddressPools\": [\r\n      {\r\n        \"name\": \"ps4239\",\r\n        \"id\": \"/subscriptions/947d47b4-7883-4bb9-9d85-c5e8e2f572ce/resourceGroups/ps6775/providers/Microsoft.Network/loadBalancers/ps4054/backendAddressPools/ps4239\",\r\n        \"etag\": \"W/\\\"fb8c3f34-c7ed-4d91-a003-dd4d1000ea35\\\"\",\r\n        \"properties\": {\r\n          \"provisioningState\": \"Succeeded\"\r\n        },\r\n        \"type\": \"Microsoft.Network/loadBalancers/backendAddressPools\"\r\n      }\r\n    ],\r\n    \"loadBalancingRules\": [\r\n      {\r\n        \"name\": \"ps2897\",\r\n        \"id\": \"/subscriptions/947d47b4-7883-4bb9-9d85-c5e8e2f572ce/resourceGroups/ps6775/providers/Microsoft.Network/loadBalancers/ps4054/loadBalancingRules/ps2897\",\r\n        \"etag\": \"W/\\\"fb8c3f34-c7ed-4d91-a003-dd4d1000ea35\\\"\",\r\n        \"type\": \"Microsoft.Network/loadBalancers/loadBalancingRules\",\r\n        \"properties\": {\r\n          \"provisioningState\": \"Succeeded\",\r\n          \"frontendIPConfiguration\": {\r\n            \"id\": \"/subscriptions/947d47b4-7883-4bb9-9d85-c5e8e2f572ce/resourceGroups/ps6775/providers/Microsoft.Network/loadBalancers/ps4054/frontendIPConfigurations/ps7775\"\r\n          },\r\n          \"frontendPort\": 1024,\r\n          \"backendPort\": 2048,\r\n          \"enableFloatingIP\": false,\r\n          \"idleTimeoutInMinutes\": 4,\r\n          \"protocol\": \"Tcp\",\r\n          \"enableDestinationServiceEndpoint\": false,\r\n          \"enableTcpReset\": false,\r\n          \"allowBackendPortConflict\": false,\r\n          \"loadDistribution\": \"Default\"\r\n        }\r\n      }\r\n    ],\r\n    \"probes\": [\r\n      {\r\n        \"name\": \"ps3262\",\r\n        \"id\": \"/subscriptions/947d47b4-7883-4bb9-9d85-c5e8e2f572ce/resourceGroups/ps6775/providers/Microsoft.Network/loadBalancers/ps4054/probes/ps3262\",\r\n        \"etag\": \"W/\\\"fb8c3f34-c7ed-4d91-a003-dd4d1000ea35\\\"\",\r\n        \"properties\": {\r\n          \"provisioningState\": \"Succeeded\",\r\n          \"protocol\": \"Tcp\",\r\n          \"port\": 2000,\r\n          \"intervalInSeconds\": 60,\r\n          \"numberOfProbes\": 3\r\n        },\r\n        \"type\": \"Microsoft.Network/loadBalancers/probes\"\r\n      }\r\n    ],\r\n    \"inboundNatRules\": [\r\n      {\r\n        \"name\": \"ps6626\",\r\n        \"id\": \"/subscriptions/947d47b4-7883-4bb9-9d85-c5e8e2f572ce/resourceGroups/ps6775/providers/Microsoft.Network/loadBalancers/ps4054/inboundNatRules/ps6626\",\r\n        \"etag\": \"W/\\\"fb8c3f34-c7ed-4d91-a003-dd4d1000ea35\\\"\",\r\n        \"type\": \"Microsoft.Network/loadBalancers/inboundNatRules\",\r\n        \"properties\": {\r\n          \"provisioningState\": \"Succeeded\",\r\n          \"frontendIPConfiguration\": {\r\n            \"id\": \"/subscriptions/947d47b4-7883-4bb9-9d85-c5e8e2f572ce/resourceGroups/ps6775/providers/Microsoft.Network/loadBalancers/ps4054/frontendIPConfigurations/ps7775\"\r\n          },\r\n          \"frontendPort\": 128,\r\n          \"backendPort\": 256,\r\n          \"enableFloatingIP\": false,\r\n          \"idleTimeoutInMinutes\": 4,\r\n          \"protocol\": \"Tcp\",\r\n          \"enableDestinationServiceEndpoint\": false,\r\n          \"enableTcpReset\": false,\r\n          \"allowBackendPortConflict\": false\r\n        }\r\n      }\r\n    ],\r\n    \"inboundNatPools\": []\r\n  },\r\n  \"sku\": {\r\n    \"name\": \"Basic\",\r\n    \"tier\": \"Regional\"\r\n  }\r\n}",
      "StatusCode": 200
    },
    {
      "RequestUri": "/subscriptions/947d47b4-7883-4bb9-9d85-c5e8e2f572ce/resourceGroups/ps6775/providers/Microsoft.Network/loadBalancers/ps4054?api-version=2019-02-01",
      "EncodedRequestUri": "L3N1YnNjcmlwdGlvbnMvOTQ3ZDQ3YjQtNzg4My00YmI5LTlkODUtYzVlOGUyZjU3MmNlL3Jlc291cmNlR3JvdXBzL3BzNjc3NS9wcm92aWRlcnMvTWljcm9zb2Z0Lk5ldHdvcmsvbG9hZEJhbGFuY2Vycy9wczQwNTQ/YXBpLXZlcnNpb249MjAxOS0wMi0wMQ==",
      "RequestMethod": "PUT",
      "RequestBody": "{\r\n  \"sku\": {\r\n    \"name\": \"Basic\"\r\n  },\r\n  \"properties\": {\r\n    \"frontendIPConfigurations\": [\r\n      {\r\n        \"properties\": {\r\n          \"privateIPAddress\": \"10.0.1.4\",\r\n          \"privateIPAllocationMethod\": \"Dynamic\",\r\n          \"subnet\": {\r\n            \"properties\": {\r\n              \"addressPrefixes\": [],\r\n              \"serviceEndpoints\": [],\r\n              \"serviceEndpointPolicies\": [],\r\n              \"resourceNavigationLinks\": [],\r\n              \"serviceAssociationLinks\": [],\r\n              \"delegations\": []\r\n            },\r\n            \"id\": \"/subscriptions/947d47b4-7883-4bb9-9d85-c5e8e2f572ce/resourceGroups/ps6775/providers/Microsoft.Network/virtualNetworks/ps5972/subnets/ps1774\"\r\n          },\r\n          \"provisioningState\": \"Succeeded\"\r\n        },\r\n        \"name\": \"ps7775\",\r\n        \"etag\": \"W/\\\"fb8c3f34-c7ed-4d91-a003-dd4d1000ea35\\\"\",\r\n        \"zones\": [],\r\n        \"id\": \"/subscriptions/947d47b4-7883-4bb9-9d85-c5e8e2f572ce/resourceGroups/ps6775/providers/Microsoft.Network/loadBalancers/ps4054/frontendIPConfigurations/ps7775\"\r\n      }\r\n    ],\r\n    \"backendAddressPools\": [\r\n      {\r\n        \"properties\": {\r\n          \"provisioningState\": \"Succeeded\"\r\n        },\r\n        \"name\": \"ps4239\",\r\n        \"etag\": \"W/\\\"fb8c3f34-c7ed-4d91-a003-dd4d1000ea35\\\"\",\r\n        \"id\": \"/subscriptions/947d47b4-7883-4bb9-9d85-c5e8e2f572ce/resourceGroups/ps6775/providers/Microsoft.Network/loadBalancers/ps4054/backendAddressPools/ps4239\"\r\n      }\r\n    ],\r\n    \"loadBalancingRules\": [\r\n      {\r\n        \"properties\": {\r\n          \"frontendIPConfiguration\": {\r\n            \"id\": \"/subscriptions/947d47b4-7883-4bb9-9d85-c5e8e2f572ce/resourceGroups/ps6775/providers/Microsoft.Network/loadBalancers/ps4054/frontendIPConfigurations/ps7775\"\r\n          },\r\n          \"protocol\": \"Tcp\",\r\n          \"loadDistribution\": \"Default\",\r\n          \"frontendPort\": 1024,\r\n          \"backendPort\": 2048,\r\n          \"idleTimeoutInMinutes\": 4,\r\n          \"enableFloatingIP\": false,\r\n          \"enableTcpReset\": false,\r\n          \"provisioningState\": \"Succeeded\"\r\n        },\r\n        \"name\": \"ps2897\",\r\n        \"etag\": \"W/\\\"fb8c3f34-c7ed-4d91-a003-dd4d1000ea35\\\"\",\r\n        \"id\": \"/subscriptions/947d47b4-7883-4bb9-9d85-c5e8e2f572ce/resourceGroups/ps6775/providers/Microsoft.Network/loadBalancers/ps4054/loadBalancingRules/ps2897\"\r\n      }\r\n    ],\r\n    \"probes\": [\r\n      {\r\n        \"properties\": {\r\n          \"protocol\": \"Tcp\",\r\n          \"port\": 2000,\r\n          \"intervalInSeconds\": 60,\r\n          \"numberOfProbes\": 3,\r\n          \"provisioningState\": \"Succeeded\"\r\n        },\r\n        \"name\": \"ps3262\",\r\n        \"etag\": \"W/\\\"fb8c3f34-c7ed-4d91-a003-dd4d1000ea35\\\"\",\r\n        \"id\": \"/subscriptions/947d47b4-7883-4bb9-9d85-c5e8e2f572ce/resourceGroups/ps6775/providers/Microsoft.Network/loadBalancers/ps4054/probes/ps3262\"\r\n      }\r\n    ],\r\n    \"inboundNatRules\": [],\r\n    \"inboundNatPools\": [\r\n      {\r\n        \"properties\": {\r\n          \"frontendIPConfiguration\": {\r\n            \"id\": \"/subscriptions/947d47b4-7883-4bb9-9d85-c5e8e2f572ce/resourceGroups/ps6775/providers/Microsoft.Network/loadBalancers/ps4054/FrontendIpConfigurations/ps7775\"\r\n          },\r\n          \"protocol\": \"Tcp\",\r\n          \"frontendPortRangeStart\": 444,\r\n          \"frontendPortRangeEnd\": 445,\r\n          \"backendPort\": 8080,\r\n          \"idleTimeoutInMinutes\": 4,\r\n          \"enableFloatingIP\": false,\r\n          \"enableTcpReset\": false\r\n        },\r\n        \"name\": \"ps4651\",\r\n        \"id\": \"/subscriptions/947d47b4-7883-4bb9-9d85-c5e8e2f572ce/resourceGroups/ps6775/providers/Microsoft.Network/loadBalancers/ps4054/InboundNatPools/ps4651\"\r\n      }\r\n    ],\r\n    \"outboundRules\": [],\r\n    \"resourceGuid\": \"92529e52-d78e-4b23-b4c3-9ec3b7bde964\",\r\n    \"provisioningState\": \"Succeeded\"\r\n  },\r\n  \"etag\": \"W/\\\"fb8c3f34-c7ed-4d91-a003-dd4d1000ea35\\\"\",\r\n  \"id\": \"/subscriptions/947d47b4-7883-4bb9-9d85-c5e8e2f572ce/resourceGroups/ps6775/providers/Microsoft.Network/loadBalancers/ps4054\",\r\n  \"location\": \"eastus2euap\"\r\n}",
      "RequestHeaders": {
        "x-ms-client-request-id": [
          "c22d2de9-a12f-4766-bb17-7c431defb23d"
        ],
        "Accept-Language": [
          "en-US"
        ],
        "User-Agent": [
          "FxVersion/4.6.27414.06",
          "OSName/Windows",
          "OSVersion/Microsoft.Windows.10.0.17763.",
          "Microsoft.Azure.Management.Network.NetworkManagementClient/20.0.0.0"
        ],
        "Content-Type": [
          "application/json; charset=utf-8"
        ],
        "Content-Length": [
          "3973"
        ]
      },
      "ResponseHeaders": {
        "Cache-Control": [
          "no-cache"
        ],
        "Pragma": [
          "no-cache"
        ],
        "x-ms-request-id": [
          "2bb5f6ce-ab0f-490a-bb92-19dd4b5a5484"
        ],
        "Azure-AsyncOperation": [
          "https://brazilus.management.azure.com/subscriptions/947d47b4-7883-4bb9-9d85-c5e8e2f572ce/providers/Microsoft.Network/locations/eastus2euap/operations/2bb5f6ce-ab0f-490a-bb92-19dd4b5a5484?api-version=2019-02-01"
        ],
        "x-ms-correlation-request-id": [
          "9a872df3-0ecf-4958-8671-1b6e238cec1f"
        ],
        "Strict-Transport-Security": [
          "max-age=31536000; includeSubDomains"
        ],
        "Server": [
          "Microsoft-HTTPAPI/2.0",
          "Microsoft-HTTPAPI/2.0"
        ],
        "x-ms-ratelimit-remaining-subscription-writes": [
          "1162"
        ],
        "x-ms-routing-request-id": [
          "BRAZILUS:20190408T105208Z:9a872df3-0ecf-4958-8671-1b6e238cec1f"
        ],
        "X-Content-Type-Options": [
          "nosniff"
        ],
        "Date": [
          "Mon, 08 Apr 2019 10:52:08 GMT"
        ],
        "Content-Length": [
          "4875"
        ],
        "Content-Type": [
          "application/json; charset=utf-8"
        ],
        "Expires": [
          "-1"
        ]
      },
      "ResponseBody": "{\r\n  \"name\": \"ps4054\",\r\n  \"id\": \"/subscriptions/947d47b4-7883-4bb9-9d85-c5e8e2f572ce/resourceGroups/ps6775/providers/Microsoft.Network/loadBalancers/ps4054\",\r\n  \"etag\": \"W/\\\"3f13aca6-a694-4b6c-b42f-5d84beda5f9c\\\"\",\r\n  \"type\": \"Microsoft.Network/loadBalancers\",\r\n  \"location\": \"eastus2euap\",\r\n  \"properties\": {\r\n    \"provisioningState\": \"Succeeded\",\r\n    \"resourceGuid\": \"92529e52-d78e-4b23-b4c3-9ec3b7bde964\",\r\n    \"frontendIPConfigurations\": [\r\n      {\r\n        \"name\": \"ps7775\",\r\n        \"id\": \"/subscriptions/947d47b4-7883-4bb9-9d85-c5e8e2f572ce/resourceGroups/ps6775/providers/Microsoft.Network/loadBalancers/ps4054/frontendIPConfigurations/ps7775\",\r\n        \"etag\": \"W/\\\"3f13aca6-a694-4b6c-b42f-5d84beda5f9c\\\"\",\r\n        \"type\": \"Microsoft.Network/loadBalancers/frontendIPConfigurations\",\r\n        \"properties\": {\r\n          \"provisioningState\": \"Succeeded\",\r\n          \"privateIPAddress\": \"10.0.1.4\",\r\n          \"privateIPAllocationMethod\": \"Dynamic\",\r\n          \"subnet\": {\r\n            \"id\": \"/subscriptions/947d47b4-7883-4bb9-9d85-c5e8e2f572ce/resourceGroups/ps6775/providers/Microsoft.Network/virtualNetworks/ps5972/subnets/ps1774\"\r\n          },\r\n          \"loadBalancingRules\": [\r\n            {\r\n              \"id\": \"/subscriptions/947d47b4-7883-4bb9-9d85-c5e8e2f572ce/resourceGroups/ps6775/providers/Microsoft.Network/loadBalancers/ps4054/loadBalancingRules/ps2897\"\r\n            }\r\n          ],\r\n          \"inboundNatPools\": [\r\n            {\r\n              \"id\": \"/subscriptions/947d47b4-7883-4bb9-9d85-c5e8e2f572ce/resourceGroups/ps6775/providers/Microsoft.Network/loadBalancers/ps4054/inboundNatPools/ps4651\"\r\n            }\r\n          ]\r\n        }\r\n      }\r\n    ],\r\n    \"backendAddressPools\": [\r\n      {\r\n        \"name\": \"ps4239\",\r\n        \"id\": \"/subscriptions/947d47b4-7883-4bb9-9d85-c5e8e2f572ce/resourceGroups/ps6775/providers/Microsoft.Network/loadBalancers/ps4054/backendAddressPools/ps4239\",\r\n        \"etag\": \"W/\\\"3f13aca6-a694-4b6c-b42f-5d84beda5f9c\\\"\",\r\n        \"properties\": {\r\n          \"provisioningState\": \"Succeeded\"\r\n        },\r\n        \"type\": \"Microsoft.Network/loadBalancers/backendAddressPools\"\r\n      }\r\n    ],\r\n    \"loadBalancingRules\": [\r\n      {\r\n        \"name\": \"ps2897\",\r\n        \"id\": \"/subscriptions/947d47b4-7883-4bb9-9d85-c5e8e2f572ce/resourceGroups/ps6775/providers/Microsoft.Network/loadBalancers/ps4054/loadBalancingRules/ps2897\",\r\n        \"etag\": \"W/\\\"3f13aca6-a694-4b6c-b42f-5d84beda5f9c\\\"\",\r\n        \"type\": \"Microsoft.Network/loadBalancers/loadBalancingRules\",\r\n        \"properties\": {\r\n          \"provisioningState\": \"Succeeded\",\r\n          \"frontendIPConfiguration\": {\r\n            \"id\": \"/subscriptions/947d47b4-7883-4bb9-9d85-c5e8e2f572ce/resourceGroups/ps6775/providers/Microsoft.Network/loadBalancers/ps4054/frontendIPConfigurations/ps7775\"\r\n          },\r\n          \"frontendPort\": 1024,\r\n          \"backendPort\": 2048,\r\n          \"enableFloatingIP\": false,\r\n          \"idleTimeoutInMinutes\": 4,\r\n          \"protocol\": \"Tcp\",\r\n          \"enableDestinationServiceEndpoint\": false,\r\n          \"enableTcpReset\": false,\r\n          \"allowBackendPortConflict\": false,\r\n          \"loadDistribution\": \"Default\"\r\n        }\r\n      }\r\n    ],\r\n    \"probes\": [\r\n      {\r\n        \"name\": \"ps3262\",\r\n        \"id\": \"/subscriptions/947d47b4-7883-4bb9-9d85-c5e8e2f572ce/resourceGroups/ps6775/providers/Microsoft.Network/loadBalancers/ps4054/probes/ps3262\",\r\n        \"etag\": \"W/\\\"3f13aca6-a694-4b6c-b42f-5d84beda5f9c\\\"\",\r\n        \"properties\": {\r\n          \"provisioningState\": \"Succeeded\",\r\n          \"protocol\": \"Tcp\",\r\n          \"port\": 2000,\r\n          \"intervalInSeconds\": 60,\r\n          \"numberOfProbes\": 3\r\n        },\r\n        \"type\": \"Microsoft.Network/loadBalancers/probes\"\r\n      }\r\n    ],\r\n    \"inboundNatRules\": [],\r\n    \"inboundNatPools\": [\r\n      {\r\n        \"name\": \"ps4651\",\r\n        \"id\": \"/subscriptions/947d47b4-7883-4bb9-9d85-c5e8e2f572ce/resourceGroups/ps6775/providers/Microsoft.Network/loadBalancers/ps4054/inboundNatPools/ps4651\",\r\n        \"etag\": \"W/\\\"3f13aca6-a694-4b6c-b42f-5d84beda5f9c\\\"\",\r\n        \"properties\": {\r\n          \"provisioningState\": \"Succeeded\",\r\n          \"frontendPortRangeStart\": 444,\r\n          \"frontendPortRangeEnd\": 445,\r\n          \"backendPort\": 8080,\r\n          \"protocol\": \"Tcp\",\r\n          \"idleTimeoutInMinutes\": 4,\r\n          \"enableFloatingIP\": false,\r\n          \"enableDestinationServiceEndpoint\": false,\r\n          \"enableTcpReset\": false,\r\n          \"allowBackendPortConflict\": false,\r\n          \"frontendIPConfiguration\": {\r\n            \"id\": \"/subscriptions/947d47b4-7883-4bb9-9d85-c5e8e2f572ce/resourceGroups/ps6775/providers/Microsoft.Network/loadBalancers/ps4054/frontendIPConfigurations/ps7775\"\r\n          }\r\n        },\r\n        \"type\": \"Microsoft.Network/loadBalancers/inboundNatPools\"\r\n      }\r\n    ]\r\n  },\r\n  \"sku\": {\r\n    \"name\": \"Basic\",\r\n    \"tier\": \"Regional\"\r\n  }\r\n}",
      "StatusCode": 200
    },
    {
      "RequestUri": "/subscriptions/947d47b4-7883-4bb9-9d85-c5e8e2f572ce/resourceGroups/ps6775/providers/Microsoft.Network/loadBalancers/ps4054?api-version=2019-02-01",
      "EncodedRequestUri": "L3N1YnNjcmlwdGlvbnMvOTQ3ZDQ3YjQtNzg4My00YmI5LTlkODUtYzVlOGUyZjU3MmNlL3Jlc291cmNlR3JvdXBzL3BzNjc3NS9wcm92aWRlcnMvTWljcm9zb2Z0Lk5ldHdvcmsvbG9hZEJhbGFuY2Vycy9wczQwNTQ/YXBpLXZlcnNpb249MjAxOS0wMi0wMQ==",
      "RequestMethod": "PUT",
      "RequestBody": "{\r\n  \"sku\": {\r\n    \"name\": \"Basic\"\r\n  },\r\n  \"properties\": {\r\n    \"frontendIPConfigurations\": [\r\n      {\r\n        \"properties\": {\r\n          \"privateIPAddress\": \"10.0.1.4\",\r\n          \"privateIPAllocationMethod\": \"Dynamic\",\r\n          \"subnet\": {\r\n            \"properties\": {\r\n              \"addressPrefixes\": [],\r\n              \"serviceEndpoints\": [],\r\n              \"serviceEndpointPolicies\": [],\r\n              \"resourceNavigationLinks\": [],\r\n              \"serviceAssociationLinks\": [],\r\n              \"delegations\": []\r\n            },\r\n            \"id\": \"/subscriptions/947d47b4-7883-4bb9-9d85-c5e8e2f572ce/resourceGroups/ps6775/providers/Microsoft.Network/virtualNetworks/ps5972/subnets/ps1774\"\r\n          },\r\n          \"provisioningState\": \"Succeeded\"\r\n        },\r\n        \"name\": \"ps7775\",\r\n        \"etag\": \"W/\\\"3f13aca6-a694-4b6c-b42f-5d84beda5f9c\\\"\",\r\n        \"zones\": [],\r\n        \"id\": \"/subscriptions/947d47b4-7883-4bb9-9d85-c5e8e2f572ce/resourceGroups/ps6775/providers/Microsoft.Network/loadBalancers/ps4054/frontendIPConfigurations/ps7775\"\r\n      }\r\n    ],\r\n    \"backendAddressPools\": [],\r\n    \"loadBalancingRules\": [],\r\n    \"probes\": [],\r\n    \"inboundNatRules\": [],\r\n    \"inboundNatPools\": [],\r\n    \"outboundRules\": [],\r\n    \"resourceGuid\": \"92529e52-d78e-4b23-b4c3-9ec3b7bde964\",\r\n    \"provisioningState\": \"Succeeded\"\r\n  },\r\n  \"etag\": \"W/\\\"3f13aca6-a694-4b6c-b42f-5d84beda5f9c\\\"\",\r\n  \"id\": \"/subscriptions/947d47b4-7883-4bb9-9d85-c5e8e2f572ce/resourceGroups/ps6775/providers/Microsoft.Network/loadBalancers/ps4054\",\r\n  \"location\": \"eastus2euap\"\r\n}",
      "RequestHeaders": {
        "x-ms-client-request-id": [
          "fc217ce0-dbbb-4cb2-a14d-6fca156b6296"
        ],
        "Accept-Language": [
          "en-US"
        ],
        "User-Agent": [
          "FxVersion/4.6.27414.06",
          "OSName/Windows",
          "OSVersion/Microsoft.Windows.10.0.17763.",
          "Microsoft.Azure.Management.Network.NetworkManagementClient/20.0.0.0"
        ],
        "Content-Type": [
          "application/json; charset=utf-8"
        ],
        "Content-Length": [
          "1563"
        ]
      },
      "ResponseHeaders": {
        "Cache-Control": [
          "no-cache"
        ],
        "Pragma": [
          "no-cache"
        ],
        "x-ms-request-id": [
          "79653550-4a7f-40dc-860c-0120ce971ffc"
        ],
        "Azure-AsyncOperation": [
          "https://brazilus.management.azure.com/subscriptions/947d47b4-7883-4bb9-9d85-c5e8e2f572ce/providers/Microsoft.Network/locations/eastus2euap/operations/79653550-4a7f-40dc-860c-0120ce971ffc?api-version=2019-02-01"
        ],
        "x-ms-correlation-request-id": [
          "0440e84c-2532-40c9-8936-037f6ffd05ba"
        ],
        "Strict-Transport-Security": [
          "max-age=31536000; includeSubDomains"
        ],
        "Server": [
          "Microsoft-HTTPAPI/2.0",
          "Microsoft-HTTPAPI/2.0"
        ],
        "x-ms-ratelimit-remaining-subscription-writes": [
          "1161"
        ],
        "x-ms-routing-request-id": [
          "BRAZILUS:20190408T105211Z:0440e84c-2532-40c9-8936-037f6ffd05ba"
        ],
        "X-Content-Type-Options": [
          "nosniff"
        ],
        "Date": [
          "Mon, 08 Apr 2019 10:52:10 GMT"
        ],
        "Content-Length": [
          "1391"
        ],
        "Content-Type": [
          "application/json; charset=utf-8"
        ],
        "Expires": [
          "-1"
        ]
      },
      "ResponseBody": "{\r\n  \"name\": \"ps4054\",\r\n  \"id\": \"/subscriptions/947d47b4-7883-4bb9-9d85-c5e8e2f572ce/resourceGroups/ps6775/providers/Microsoft.Network/loadBalancers/ps4054\",\r\n  \"etag\": \"W/\\\"15437863-cfbb-489b-8f7f-dedb0baff4ce\\\"\",\r\n  \"type\": \"Microsoft.Network/loadBalancers\",\r\n  \"location\": \"eastus2euap\",\r\n  \"properties\": {\r\n    \"provisioningState\": \"Succeeded\",\r\n    \"resourceGuid\": \"92529e52-d78e-4b23-b4c3-9ec3b7bde964\",\r\n    \"frontendIPConfigurations\": [\r\n      {\r\n        \"name\": \"ps7775\",\r\n        \"id\": \"/subscriptions/947d47b4-7883-4bb9-9d85-c5e8e2f572ce/resourceGroups/ps6775/providers/Microsoft.Network/loadBalancers/ps4054/frontendIPConfigurations/ps7775\",\r\n        \"etag\": \"W/\\\"15437863-cfbb-489b-8f7f-dedb0baff4ce\\\"\",\r\n        \"type\": \"Microsoft.Network/loadBalancers/frontendIPConfigurations\",\r\n        \"properties\": {\r\n          \"provisioningState\": \"Succeeded\",\r\n          \"privateIPAddress\": \"10.0.1.4\",\r\n          \"privateIPAllocationMethod\": \"Dynamic\",\r\n          \"subnet\": {\r\n            \"id\": \"/subscriptions/947d47b4-7883-4bb9-9d85-c5e8e2f572ce/resourceGroups/ps6775/providers/Microsoft.Network/virtualNetworks/ps5972/subnets/ps1774\"\r\n          }\r\n        }\r\n      }\r\n    ],\r\n    \"backendAddressPools\": [],\r\n    \"loadBalancingRules\": [],\r\n    \"probes\": [],\r\n    \"inboundNatRules\": [],\r\n    \"inboundNatPools\": []\r\n  },\r\n  \"sku\": {\r\n    \"name\": \"Basic\",\r\n    \"tier\": \"Regional\"\r\n  }\r\n}",
      "StatusCode": 200
    },
    {
      "RequestUri": "/subscriptions/947d47b4-7883-4bb9-9d85-c5e8e2f572ce/resourceGroups/ps6775/providers/Microsoft.Network/loadBalancers/ps4054?api-version=2019-02-01",
      "EncodedRequestUri": "L3N1YnNjcmlwdGlvbnMvOTQ3ZDQ3YjQtNzg4My00YmI5LTlkODUtYzVlOGUyZjU3MmNlL3Jlc291cmNlR3JvdXBzL3BzNjc3NS9wcm92aWRlcnMvTWljcm9zb2Z0Lk5ldHdvcmsvbG9hZEJhbGFuY2Vycy9wczQwNTQ/YXBpLXZlcnNpb249MjAxOS0wMi0wMQ==",
      "RequestMethod": "PUT",
      "RequestBody": "{\r\n  \"sku\": {\r\n    \"name\": \"Basic\"\r\n  },\r\n  \"properties\": {\r\n    \"frontendIPConfigurations\": [],\r\n    \"backendAddressPools\": [],\r\n    \"loadBalancingRules\": [],\r\n    \"probes\": [],\r\n    \"inboundNatRules\": [],\r\n    \"inboundNatPools\": [],\r\n    \"outboundRules\": [],\r\n    \"resourceGuid\": \"92529e52-d78e-4b23-b4c3-9ec3b7bde964\",\r\n    \"provisioningState\": \"Succeeded\"\r\n  },\r\n  \"etag\": \"W/\\\"15437863-cfbb-489b-8f7f-dedb0baff4ce\\\"\",\r\n  \"id\": \"/subscriptions/947d47b4-7883-4bb9-9d85-c5e8e2f572ce/resourceGroups/ps6775/providers/Microsoft.Network/loadBalancers/ps4054\",\r\n  \"location\": \"eastus2euap\"\r\n}",
      "RequestHeaders": {
        "x-ms-client-request-id": [
          "27081d2f-a99b-41eb-bd90-47eee0a00344"
        ],
        "Accept-Language": [
          "en-US"
        ],
        "User-Agent": [
          "FxVersion/4.6.27414.06",
          "OSName/Windows",
          "OSVersion/Microsoft.Windows.10.0.17763.",
          "Microsoft.Azure.Management.Network.NetworkManagementClient/20.0.0.0"
        ],
        "Content-Type": [
          "application/json; charset=utf-8"
        ],
        "Content-Length": [
          "589"
        ]
      },
      "ResponseHeaders": {
        "Cache-Control": [
          "no-cache"
        ],
        "Pragma": [
          "no-cache"
        ],
        "x-ms-request-id": [
          "40a9288c-3f28-45e8-b4a8-3d39757d0951"
        ],
        "x-ms-correlation-request-id": [
          "9d836d44-8d99-4b38-8d51-8e13c6b2d2b4"
        ],
        "Strict-Transport-Security": [
          "max-age=31536000; includeSubDomains"
        ],
        "Server": [
          "Microsoft-HTTPAPI/2.0",
          "Microsoft-HTTPAPI/2.0"
        ],
        "x-ms-ratelimit-remaining-subscription-writes": [
          "1160"
        ],
        "x-ms-routing-request-id": [
          "BRAZILUS:20190408T105214Z:9d836d44-8d99-4b38-8d51-8e13c6b2d2b4"
        ],
        "X-Content-Type-Options": [
          "nosniff"
        ],
        "Date": [
          "Mon, 08 Apr 2019 10:52:13 GMT"
        ],
        "Content-Length": [
          "315"
        ],
        "Content-Type": [
          "application/json; charset=utf-8"
        ],
        "Expires": [
          "-1"
        ]
      },
      "ResponseBody": "{\r\n  \"error\": {\r\n    \"code\": \"DeletingAllIpConfigsInLoadbalancerNotSupported\",\r\n    \"message\": \"Deleting all frontendIPConfigs from load balancer /subscriptions/947d47b4-7883-4bb9-9d85-c5e8e2f572ce/resourceGroups/ps6775/providers/Microsoft.Network/loadBalancers/ps4054 is not supported.\",\r\n    \"details\": []\r\n  }\r\n}",
      "StatusCode": 400
    },
    {
      "RequestUri": "/subscriptions/947d47b4-7883-4bb9-9d85-c5e8e2f572ce/resourceGroups/ps6775/providers/Microsoft.Network/loadBalancers/ps4054?api-version=2019-02-01",
      "EncodedRequestUri": "L3N1YnNjcmlwdGlvbnMvOTQ3ZDQ3YjQtNzg4My00YmI5LTlkODUtYzVlOGUyZjU3MmNlL3Jlc291cmNlR3JvdXBzL3BzNjc3NS9wcm92aWRlcnMvTWljcm9zb2Z0Lk5ldHdvcmsvbG9hZEJhbGFuY2Vycy9wczQwNTQ/YXBpLXZlcnNpb249MjAxOS0wMi0wMQ==",
      "RequestMethod": "DELETE",
      "RequestBody": "",
      "RequestHeaders": {
        "x-ms-client-request-id": [
          "15c18697-7edc-4159-a71b-0136d22806df"
        ],
        "Accept-Language": [
          "en-US"
        ],
        "User-Agent": [
          "FxVersion/4.6.27414.06",
          "OSName/Windows",
          "OSVersion/Microsoft.Windows.10.0.17763.",
          "Microsoft.Azure.Management.Network.NetworkManagementClient/20.0.0.0"
        ]
      },
      "ResponseHeaders": {
        "Cache-Control": [
          "no-cache"
        ],
        "Pragma": [
          "no-cache"
        ],
        "Location": [
          "https://brazilus.management.azure.com/subscriptions/947d47b4-7883-4bb9-9d85-c5e8e2f572ce/providers/Microsoft.Network/locations/eastus2euap/operationResults/4db0f792-9c75-4f1c-9d21-cd867d221238?api-version=2019-02-01"
        ],
        "Retry-After": [
          "10"
        ],
        "x-ms-request-id": [
          "4db0f792-9c75-4f1c-9d21-cd867d221238"
        ],
        "Azure-AsyncOperation": [
          "https://brazilus.management.azure.com/subscriptions/947d47b4-7883-4bb9-9d85-c5e8e2f572ce/providers/Microsoft.Network/locations/eastus2euap/operations/4db0f792-9c75-4f1c-9d21-cd867d221238?api-version=2019-02-01"
        ],
        "x-ms-correlation-request-id": [
          "5575f1b7-b384-4a8c-b859-894f98b01ed5"
        ],
        "Strict-Transport-Security": [
          "max-age=31536000; includeSubDomains"
        ],
        "Server": [
          "Microsoft-HTTPAPI/2.0",
          "Microsoft-HTTPAPI/2.0"
        ],
        "x-ms-ratelimit-remaining-subscription-deletes": [
          "14979"
        ],
        "x-ms-routing-request-id": [
          "BRAZILUS:20190408T105215Z:5575f1b7-b384-4a8c-b859-894f98b01ed5"
        ],
        "X-Content-Type-Options": [
          "nosniff"
        ],
        "Date": [
          "Mon, 08 Apr 2019 10:52:15 GMT"
        ],
        "Expires": [
          "-1"
        ],
        "Content-Length": [
          "0"
        ]
      },
      "ResponseBody": "",
      "StatusCode": 202
    },
    {
      "RequestUri": "/subscriptions/947d47b4-7883-4bb9-9d85-c5e8e2f572ce/providers/Microsoft.Network/locations/eastus2euap/operations/4db0f792-9c75-4f1c-9d21-cd867d221238?api-version=2019-02-01",
      "EncodedRequestUri": "L3N1YnNjcmlwdGlvbnMvOTQ3ZDQ3YjQtNzg4My00YmI5LTlkODUtYzVlOGUyZjU3MmNlL3Byb3ZpZGVycy9NaWNyb3NvZnQuTmV0d29yay9sb2NhdGlvbnMvZWFzdHVzMmV1YXAvb3BlcmF0aW9ucy80ZGIwZjc5Mi05Yzc1LTRmMWMtOWQyMS1jZDg2N2QyMjEyMzg/YXBpLXZlcnNpb249MjAxOS0wMi0wMQ==",
      "RequestMethod": "GET",
      "RequestBody": "",
      "RequestHeaders": {
        "User-Agent": [
          "FxVersion/4.6.27414.06",
          "OSName/Windows",
          "OSVersion/Microsoft.Windows.10.0.17763.",
          "Microsoft.Azure.Management.Network.NetworkManagementClient/20.0.0.0"
        ]
      },
      "ResponseHeaders": {
        "Cache-Control": [
          "no-cache"
        ],
        "Pragma": [
          "no-cache"
        ],
        "x-ms-request-id": [
          "48c27709-c1c3-4307-82da-0ca7fec57409"
        ],
        "x-ms-correlation-request-id": [
          "3ae85541-24e9-4aab-a220-854342742836"
        ],
        "Strict-Transport-Security": [
          "max-age=31536000; includeSubDomains"
        ],
        "Server": [
          "Microsoft-HTTPAPI/2.0",
          "Microsoft-HTTPAPI/2.0"
        ],
        "x-ms-ratelimit-remaining-subscription-reads": [
          "11769"
        ],
        "x-ms-routing-request-id": [
          "BRAZILUS:20190408T105225Z:3ae85541-24e9-4aab-a220-854342742836"
        ],
        "X-Content-Type-Options": [
          "nosniff"
        ],
        "Date": [
          "Mon, 08 Apr 2019 10:52:25 GMT"
        ],
        "Content-Length": [
          "29"
        ],
        "Content-Type": [
          "application/json; charset=utf-8"
        ],
        "Expires": [
          "-1"
        ]
      },
      "ResponseBody": "{\r\n  \"status\": \"Succeeded\"\r\n}",
      "StatusCode": 200
    },
    {
      "RequestUri": "/subscriptions/947d47b4-7883-4bb9-9d85-c5e8e2f572ce/providers/Microsoft.Network/locations/eastus2euap/operationResults/4db0f792-9c75-4f1c-9d21-cd867d221238?api-version=2019-02-01",
      "EncodedRequestUri": "L3N1YnNjcmlwdGlvbnMvOTQ3ZDQ3YjQtNzg4My00YmI5LTlkODUtYzVlOGUyZjU3MmNlL3Byb3ZpZGVycy9NaWNyb3NvZnQuTmV0d29yay9sb2NhdGlvbnMvZWFzdHVzMmV1YXAvb3BlcmF0aW9uUmVzdWx0cy80ZGIwZjc5Mi05Yzc1LTRmMWMtOWQyMS1jZDg2N2QyMjEyMzg/YXBpLXZlcnNpb249MjAxOS0wMi0wMQ==",
      "RequestMethod": "GET",
      "RequestBody": "",
      "RequestHeaders": {
        "User-Agent": [
          "FxVersion/4.6.27414.06",
          "OSName/Windows",
          "OSVersion/Microsoft.Windows.10.0.17763.",
          "Microsoft.Azure.Management.Network.NetworkManagementClient/20.0.0.0"
        ]
      },
      "ResponseHeaders": {
        "Cache-Control": [
          "no-cache"
        ],
        "Pragma": [
          "no-cache"
        ],
        "Location": [
          "https://brazilus.management.azure.com/subscriptions/947d47b4-7883-4bb9-9d85-c5e8e2f572ce/providers/Microsoft.Network/locations/eastus2euap/operationResults/4db0f792-9c75-4f1c-9d21-cd867d221238?api-version=2019-02-01"
        ],
        "x-ms-request-id": [
          "4db0f792-9c75-4f1c-9d21-cd867d221238"
        ],
        "Azure-AsyncOperation": [
          "https://brazilus.management.azure.com/subscriptions/947d47b4-7883-4bb9-9d85-c5e8e2f572ce/providers/Microsoft.Network/locations/eastus2euap/operations/4db0f792-9c75-4f1c-9d21-cd867d221238?api-version=2019-02-01"
        ],
        "x-ms-correlation-request-id": [
          "5575f1b7-b384-4a8c-b859-894f98b01ed5"
        ],
        "Strict-Transport-Security": [
          "max-age=31536000; includeSubDomains"
        ],
        "Server": [
          "Microsoft-HTTPAPI/2.0",
          "Microsoft-HTTPAPI/2.0"
        ],
        "x-ms-ratelimit-remaining-subscription-reads": [
          "11768"
        ],
        "x-ms-routing-request-id": [
          "BRAZILUS:20190408T105226Z:18c442f7-6767-4c32-a5ad-8091608fae7d"
        ],
        "X-Content-Type-Options": [
          "nosniff"
        ],
        "Date": [
          "Mon, 08 Apr 2019 10:52:25 GMT"
        ],
        "Content-Type": [
          "application/json; charset=utf-8"
        ],
        "Expires": [
          "-1"
        ]
      },
      "ResponseBody": "",
      "StatusCode": 204
    },
    {
      "RequestUri": "/subscriptions/947d47b4-7883-4bb9-9d85-c5e8e2f572ce/providers/Microsoft.Network/loadBalancers?api-version=2019-02-01",
      "EncodedRequestUri": "L3N1YnNjcmlwdGlvbnMvOTQ3ZDQ3YjQtNzg4My00YmI5LTlkODUtYzVlOGUyZjU3MmNlL3Byb3ZpZGVycy9NaWNyb3NvZnQuTmV0d29yay9sb2FkQmFsYW5jZXJzP2FwaS12ZXJzaW9uPTIwMTktMDItMDE=",
      "RequestMethod": "GET",
      "RequestBody": "",
      "RequestHeaders": {
        "x-ms-client-request-id": [
          "6c330357-4bb6-4aca-9df3-5bd951fa2a03"
        ],
        "Accept-Language": [
          "en-US"
        ],
        "User-Agent": [
          "FxVersion/4.6.27414.06",
          "OSName/Windows",
          "OSVersion/Microsoft.Windows.10.0.17763.",
          "Microsoft.Azure.Management.Network.NetworkManagementClient/20.0.0.0"
        ]
      },
      "ResponseHeaders": {
        "Cache-Control": [
          "no-cache"
        ],
        "Pragma": [
          "no-cache"
        ],
        "x-ms-original-request-ids": [
          "ac77a849-487f-427f-9cee-eb75eee9ba15",
          "c305116e-dc8a-4daf-8348-e2fa7345a95d"
        ],
        "x-ms-ratelimit-remaining-subscription-reads": [
          "11767"
        ],
        "x-ms-request-id": [
          "063ff640-0d4c-42be-b905-a05c576d9b7d"
        ],
        "x-ms-correlation-request-id": [
          "063ff640-0d4c-42be-b905-a05c576d9b7d"
        ],
        "x-ms-routing-request-id": [
          "BRAZILUS:20190408T105227Z:063ff640-0d4c-42be-b905-a05c576d9b7d"
        ],
        "Strict-Transport-Security": [
          "max-age=31536000; includeSubDomains"
        ],
        "X-Content-Type-Options": [
          "nosniff"
        ],
        "Date": [
          "Mon, 08 Apr 2019 10:52:27 GMT"
        ],
        "Content-Type": [
          "application/json; charset=utf-8"
        ],
        "Expires": [
          "-1"
        ],
        "Content-Length": [
          "10716"
        ]
      },
      "ResponseBody": "{\r\n  \"value\": [\r\n    {\r\n      \"name\": \"newLoadBalancer\",\r\n      \"id\": \"/subscriptions/947d47b4-7883-4bb9-9d85-c5e8e2f572ce/resourceGroups/myResourceGroupScaleSet/providers/Microsoft.Network/loadBalancers/newLoadBalancer\",\r\n      \"etag\": \"W/\\\"4a8d4da7-c5f7-4bff-8662-fd44eb0776f5\\\"\",\r\n      \"type\": \"Microsoft.Network/loadBalancers\",\r\n      \"location\": \"westcentralus\",\r\n      \"properties\": {\r\n        \"provisioningState\": \"Succeeded\",\r\n        \"resourceGuid\": \"a1da2451-9060-4c4d-8e05-ff5a6ab33bb2\",\r\n        \"frontendIPConfigurations\": [\r\n          {\r\n            \"name\": \"newScaleSet\",\r\n            \"id\": \"/subscriptions/947d47b4-7883-4bb9-9d85-c5e8e2f572ce/resourceGroups/myResourceGroupScaleSet/providers/Microsoft.Network/loadBalancers/newLoadBalancer/frontendIPConfigurations/newScaleSet\",\r\n            \"etag\": \"W/\\\"4a8d4da7-c5f7-4bff-8662-fd44eb0776f5\\\"\",\r\n            \"type\": \"Microsoft.Network/loadBalancers/frontendIPConfigurations\",\r\n            \"properties\": {\r\n              \"provisioningState\": \"Succeeded\",\r\n              \"privateIPAllocationMethod\": \"Dynamic\",\r\n              \"publicIPAddress\": {\r\n                \"id\": \"/subscriptions/947d47b4-7883-4bb9-9d85-c5e8e2f572ce/resourceGroups/myResourceGroupScaleSet/providers/Microsoft.Network/publicIPAddresses/newPublicIPAddress\"\r\n              },\r\n              \"loadBalancingRules\": [\r\n                {\r\n                  \"id\": \"/subscriptions/947d47b4-7883-4bb9-9d85-c5e8e2f572ce/resourceGroups/myResourceGroupScaleSet/providers/Microsoft.Network/loadBalancers/newLoadBalancer/loadBalancingRules/newLoadBalancer80\"\r\n                }\r\n              ],\r\n              \"inboundNatRules\": [\r\n                {\r\n                  \"id\": \"/subscriptions/947d47b4-7883-4bb9-9d85-c5e8e2f572ce/resourceGroups/myResourceGroupScaleSet/providers/Microsoft.Network/loadBalancers/newLoadBalancer/inboundNatRules/newScaleSet3389.1\"\r\n                },\r\n                {\r\n                  \"id\": \"/subscriptions/947d47b4-7883-4bb9-9d85-c5e8e2f572ce/resourceGroups/myResourceGroupScaleSet/providers/Microsoft.Network/loadBalancers/newLoadBalancer/inboundNatRules/newScaleSet5985.1\"\r\n                },\r\n                {\r\n                  \"id\": \"/subscriptions/947d47b4-7883-4bb9-9d85-c5e8e2f572ce/resourceGroups/myResourceGroupScaleSet/providers/Microsoft.Network/loadBalancers/newLoadBalancer/inboundNatRules/newScaleSet3389.3\"\r\n                },\r\n                {\r\n                  \"id\": \"/subscriptions/947d47b4-7883-4bb9-9d85-c5e8e2f572ce/resourceGroups/myResourceGroupScaleSet/providers/Microsoft.Network/loadBalancers/newLoadBalancer/inboundNatRules/newScaleSet5985.3\"\r\n                }\r\n              ],\r\n              \"inboundNatPools\": [\r\n                {\r\n                  \"id\": \"/subscriptions/947d47b4-7883-4bb9-9d85-c5e8e2f572ce/resourceGroups/myResourceGroupScaleSet/providers/Microsoft.Network/loadBalancers/newLoadBalancer/inboundNatPools/newScaleSet3389\"\r\n                },\r\n                {\r\n                  \"id\": \"/subscriptions/947d47b4-7883-4bb9-9d85-c5e8e2f572ce/resourceGroups/myResourceGroupScaleSet/providers/Microsoft.Network/loadBalancers/newLoadBalancer/inboundNatPools/newScaleSet5985\"\r\n                }\r\n              ]\r\n            }\r\n          }\r\n        ],\r\n        \"backendAddressPools\": [\r\n          {\r\n            \"name\": \"newScaleSet\",\r\n            \"id\": \"/subscriptions/947d47b4-7883-4bb9-9d85-c5e8e2f572ce/resourceGroups/myResourceGroupScaleSet/providers/Microsoft.Network/loadBalancers/newLoadBalancer/backendAddressPools/newScaleSet\",\r\n            \"etag\": \"W/\\\"4a8d4da7-c5f7-4bff-8662-fd44eb0776f5\\\"\",\r\n            \"properties\": {\r\n              \"provisioningState\": \"Succeeded\",\r\n              \"backendIPConfigurations\": [\r\n                {\r\n                  \"id\": \"/subscriptions/947d47b4-7883-4bb9-9d85-c5e8e2f572ce/resourceGroups/myResourceGroupScaleSet/providers/Microsoft.Compute/virtualMachineScaleSets/newScaleSet/virtualMachines/1/networkInterfaces/newScaleSet/ipConfigurations/newScaleSet\"\r\n                },\r\n                {\r\n                  \"id\": \"/subscriptions/947d47b4-7883-4bb9-9d85-c5e8e2f572ce/resourceGroups/myResourceGroupScaleSet/providers/Microsoft.Compute/virtualMachineScaleSets/newScaleSet/virtualMachines/3/networkInterfaces/newScaleSet/ipConfigurations/newScaleSet\"\r\n                }\r\n              ],\r\n              \"loadBalancingRules\": [\r\n                {\r\n                  \"id\": \"/subscriptions/947d47b4-7883-4bb9-9d85-c5e8e2f572ce/resourceGroups/myResourceGroupScaleSet/providers/Microsoft.Network/loadBalancers/newLoadBalancer/loadBalancingRules/newLoadBalancer80\"\r\n                }\r\n              ]\r\n            },\r\n            \"type\": \"Microsoft.Network/loadBalancers/backendAddressPools\"\r\n          }\r\n        ],\r\n        \"loadBalancingRules\": [\r\n          {\r\n            \"name\": \"newLoadBalancer80\",\r\n            \"id\": \"/subscriptions/947d47b4-7883-4bb9-9d85-c5e8e2f572ce/resourceGroups/myResourceGroupScaleSet/providers/Microsoft.Network/loadBalancers/newLoadBalancer/loadBalancingRules/newLoadBalancer80\",\r\n            \"etag\": \"W/\\\"4a8d4da7-c5f7-4bff-8662-fd44eb0776f5\\\"\",\r\n            \"type\": \"Microsoft.Network/loadBalancers/loadBalancingRules\",\r\n            \"properties\": {\r\n              \"provisioningState\": \"Succeeded\",\r\n              \"frontendIPConfiguration\": {\r\n                \"id\": \"/subscriptions/947d47b4-7883-4bb9-9d85-c5e8e2f572ce/resourceGroups/myResourceGroupScaleSet/providers/Microsoft.Network/loadBalancers/newLoadBalancer/frontendIPConfigurations/newScaleSet\"\r\n              },\r\n              \"frontendPort\": 80,\r\n              \"backendPort\": 80,\r\n              \"enableFloatingIP\": false,\r\n              \"idleTimeoutInMinutes\": 4,\r\n              \"protocol\": \"Tcp\",\r\n              \"enableDestinationServiceEndpoint\": false,\r\n              \"enableTcpReset\": false,\r\n              \"allowBackendPortConflict\": false,\r\n              \"loadDistribution\": \"Default\",\r\n              \"disableOutboundSnat\": false,\r\n              \"backendAddressPool\": {\r\n                \"id\": \"/subscriptions/947d47b4-7883-4bb9-9d85-c5e8e2f572ce/resourceGroups/myResourceGroupScaleSet/providers/Microsoft.Network/loadBalancers/newLoadBalancer/backendAddressPools/newScaleSet\"\r\n              }\r\n            }\r\n          }\r\n        ],\r\n        \"probes\": [],\r\n        \"inboundNatRules\": [\r\n          {\r\n            \"name\": \"newScaleSet3389.1\",\r\n            \"id\": \"/subscriptions/947d47b4-7883-4bb9-9d85-c5e8e2f572ce/resourceGroups/myResourceGroupScaleSet/providers/Microsoft.Network/loadBalancers/newLoadBalancer/inboundNatRules/newScaleSet3389.1\",\r\n            \"etag\": \"W/\\\"4a8d4da7-c5f7-4bff-8662-fd44eb0776f5\\\"\",\r\n            \"type\": \"Microsoft.Network/loadBalancers/inboundNatRules\",\r\n            \"properties\": {\r\n              \"provisioningState\": \"Succeeded\",\r\n              \"frontendIPConfiguration\": {\r\n                \"id\": \"/subscriptions/947d47b4-7883-4bb9-9d85-c5e8e2f572ce/resourceGroups/myResourceGroupScaleSet/providers/Microsoft.Network/loadBalancers/newLoadBalancer/frontendIPConfigurations/newScaleSet\"\r\n              },\r\n              \"frontendPort\": 50001,\r\n              \"backendPort\": 3389,\r\n              \"enableFloatingIP\": false,\r\n              \"idleTimeoutInMinutes\": 4,\r\n              \"protocol\": \"Tcp\",\r\n              \"enableDestinationServiceEndpoint\": false,\r\n              \"enableTcpReset\": false,\r\n              \"allowBackendPortConflict\": false,\r\n              \"backendIPConfiguration\": {\r\n                \"id\": \"/subscriptions/947d47b4-7883-4bb9-9d85-c5e8e2f572ce/resourceGroups/myResourceGroupScaleSet/providers/Microsoft.Compute/virtualMachineScaleSets/newScaleSet/virtualMachines/1/networkInterfaces/newScaleSet/ipConfigurations/newScaleSet\"\r\n              }\r\n            }\r\n          },\r\n          {\r\n            \"name\": \"newScaleSet5985.1\",\r\n            \"id\": \"/subscriptions/947d47b4-7883-4bb9-9d85-c5e8e2f572ce/resourceGroups/myResourceGroupScaleSet/providers/Microsoft.Network/loadBalancers/newLoadBalancer/inboundNatRules/newScaleSet5985.1\",\r\n            \"etag\": \"W/\\\"4a8d4da7-c5f7-4bff-8662-fd44eb0776f5\\\"\",\r\n            \"type\": \"Microsoft.Network/loadBalancers/inboundNatRules\",\r\n            \"properties\": {\r\n              \"provisioningState\": \"Succeeded\",\r\n              \"frontendIPConfiguration\": {\r\n                \"id\": \"/subscriptions/947d47b4-7883-4bb9-9d85-c5e8e2f572ce/resourceGroups/myResourceGroupScaleSet/providers/Microsoft.Network/loadBalancers/newLoadBalancer/frontendIPConfigurations/newScaleSet\"\r\n              },\r\n              \"frontendPort\": 52001,\r\n              \"backendPort\": 5985,\r\n              \"enableFloatingIP\": false,\r\n              \"idleTimeoutInMinutes\": 4,\r\n              \"protocol\": \"Tcp\",\r\n              \"enableDestinationServiceEndpoint\": false,\r\n              \"enableTcpReset\": false,\r\n              \"allowBackendPortConflict\": false,\r\n              \"backendIPConfiguration\": {\r\n                \"id\": \"/subscriptions/947d47b4-7883-4bb9-9d85-c5e8e2f572ce/resourceGroups/myResourceGroupScaleSet/providers/Microsoft.Compute/virtualMachineScaleSets/newScaleSet/virtualMachines/1/networkInterfaces/newScaleSet/ipConfigurations/newScaleSet\"\r\n              }\r\n            }\r\n          },\r\n          {\r\n            \"name\": \"newScaleSet3389.3\",\r\n            \"id\": \"/subscriptions/947d47b4-7883-4bb9-9d85-c5e8e2f572ce/resourceGroups/myResourceGroupScaleSet/providers/Microsoft.Network/loadBalancers/newLoadBalancer/inboundNatRules/newScaleSet3389.3\",\r\n            \"etag\": \"W/\\\"4a8d4da7-c5f7-4bff-8662-fd44eb0776f5\\\"\",\r\n            \"type\": \"Microsoft.Network/loadBalancers/inboundNatRules\",\r\n            \"properties\": {\r\n              \"provisioningState\": \"Succeeded\",\r\n              \"frontendIPConfiguration\": {\r\n                \"id\": \"/subscriptions/947d47b4-7883-4bb9-9d85-c5e8e2f572ce/resourceGroups/myResourceGroupScaleSet/providers/Microsoft.Network/loadBalancers/newLoadBalancer/frontendIPConfigurations/newScaleSet\"\r\n              },\r\n              \"frontendPort\": 50003,\r\n              \"backendPort\": 3389,\r\n              \"enableFloatingIP\": false,\r\n              \"idleTimeoutInMinutes\": 4,\r\n              \"protocol\": \"Tcp\",\r\n              \"enableDestinationServiceEndpoint\": false,\r\n              \"enableTcpReset\": false,\r\n              \"allowBackendPortConflict\": false,\r\n              \"backendIPConfiguration\": {\r\n                \"id\": \"/subscriptions/947d47b4-7883-4bb9-9d85-c5e8e2f572ce/resourceGroups/myResourceGroupScaleSet/providers/Microsoft.Compute/virtualMachineScaleSets/newScaleSet/virtualMachines/3/networkInterfaces/newScaleSet/ipConfigurations/newScaleSet\"\r\n              }\r\n            }\r\n          },\r\n          {\r\n            \"name\": \"newScaleSet5985.3\",\r\n            \"id\": \"/subscriptions/947d47b4-7883-4bb9-9d85-c5e8e2f572ce/resourceGroups/myResourceGroupScaleSet/providers/Microsoft.Network/loadBalancers/newLoadBalancer/inboundNatRules/newScaleSet5985.3\",\r\n            \"etag\": \"W/\\\"4a8d4da7-c5f7-4bff-8662-fd44eb0776f5\\\"\",\r\n            \"type\": \"Microsoft.Network/loadBalancers/inboundNatRules\",\r\n            \"properties\": {\r\n              \"provisioningState\": \"Succeeded\",\r\n              \"frontendIPConfiguration\": {\r\n                \"id\": \"/subscriptions/947d47b4-7883-4bb9-9d85-c5e8e2f572ce/resourceGroups/myResourceGroupScaleSet/providers/Microsoft.Network/loadBalancers/newLoadBalancer/frontendIPConfigurations/newScaleSet\"\r\n              },\r\n              \"frontendPort\": 52003,\r\n              \"backendPort\": 5985,\r\n              \"enableFloatingIP\": false,\r\n              \"idleTimeoutInMinutes\": 4,\r\n              \"protocol\": \"Tcp\",\r\n              \"enableDestinationServiceEndpoint\": false,\r\n              \"enableTcpReset\": false,\r\n              \"allowBackendPortConflict\": false,\r\n              \"backendIPConfiguration\": {\r\n                \"id\": \"/subscriptions/947d47b4-7883-4bb9-9d85-c5e8e2f572ce/resourceGroups/myResourceGroupScaleSet/providers/Microsoft.Compute/virtualMachineScaleSets/newScaleSet/virtualMachines/3/networkInterfaces/newScaleSet/ipConfigurations/newScaleSet\"\r\n              }\r\n            }\r\n          }\r\n        ],\r\n        \"outboundRules\": [],\r\n        \"inboundNatPools\": [\r\n          {\r\n            \"name\": \"newScaleSet3389\",\r\n            \"id\": \"/subscriptions/947d47b4-7883-4bb9-9d85-c5e8e2f572ce/resourceGroups/myResourceGroupScaleSet/providers/Microsoft.Network/loadBalancers/newLoadBalancer/inboundNatPools/newScaleSet3389\",\r\n            \"etag\": \"W/\\\"4a8d4da7-c5f7-4bff-8662-fd44eb0776f5\\\"\",\r\n            \"properties\": {\r\n              \"provisioningState\": \"Succeeded\",\r\n              \"frontendPortRangeStart\": 50000,\r\n              \"frontendPortRangeEnd\": 50004,\r\n              \"backendPort\": 3389,\r\n              \"protocol\": \"Tcp\",\r\n              \"idleTimeoutInMinutes\": 4,\r\n              \"enableFloatingIP\": false,\r\n              \"enableDestinationServiceEndpoint\": false,\r\n              \"enableTcpReset\": false,\r\n              \"allowBackendPortConflict\": false,\r\n              \"frontendIPConfiguration\": {\r\n                \"id\": \"/subscriptions/947d47b4-7883-4bb9-9d85-c5e8e2f572ce/resourceGroups/myResourceGroupScaleSet/providers/Microsoft.Network/loadBalancers/newLoadBalancer/frontendIPConfigurations/newScaleSet\"\r\n              }\r\n            },\r\n            \"type\": \"Microsoft.Network/loadBalancers/inboundNatPools\"\r\n          },\r\n          {\r\n            \"name\": \"newScaleSet5985\",\r\n            \"id\": \"/subscriptions/947d47b4-7883-4bb9-9d85-c5e8e2f572ce/resourceGroups/myResourceGroupScaleSet/providers/Microsoft.Network/loadBalancers/newLoadBalancer/inboundNatPools/newScaleSet5985\",\r\n            \"etag\": \"W/\\\"4a8d4da7-c5f7-4bff-8662-fd44eb0776f5\\\"\",\r\n            \"properties\": {\r\n              \"provisioningState\": \"Succeeded\",\r\n              \"frontendPortRangeStart\": 52000,\r\n              \"frontendPortRangeEnd\": 52004,\r\n              \"backendPort\": 5985,\r\n              \"protocol\": \"Tcp\",\r\n              \"idleTimeoutInMinutes\": 4,\r\n              \"enableFloatingIP\": false,\r\n              \"enableDestinationServiceEndpoint\": false,\r\n              \"enableTcpReset\": false,\r\n              \"allowBackendPortConflict\": false,\r\n              \"frontendIPConfiguration\": {\r\n                \"id\": \"/subscriptions/947d47b4-7883-4bb9-9d85-c5e8e2f572ce/resourceGroups/myResourceGroupScaleSet/providers/Microsoft.Network/loadBalancers/newLoadBalancer/frontendIPConfigurations/newScaleSet\"\r\n              }\r\n            },\r\n            \"type\": \"Microsoft.Network/loadBalancers/inboundNatPools\"\r\n          }\r\n        ]\r\n      },\r\n      \"sku\": {\r\n        \"name\": \"Standard\",\r\n        \"tier\": \"Regional\"\r\n      }\r\n    }\r\n  ]\r\n}",
      "StatusCode": 200
    },
    {
      "RequestUri": "/subscriptions/947d47b4-7883-4bb9-9d85-c5e8e2f572ce/resourcegroups/ps6775?api-version=2016-09-01",
      "EncodedRequestUri": "L3N1YnNjcmlwdGlvbnMvOTQ3ZDQ3YjQtNzg4My00YmI5LTlkODUtYzVlOGUyZjU3MmNlL3Jlc291cmNlZ3JvdXBzL3BzNjc3NT9hcGktdmVyc2lvbj0yMDE2LTA5LTAx",
      "RequestMethod": "DELETE",
      "RequestBody": "",
      "RequestHeaders": {
        "x-ms-client-request-id": [
          "63dd090b-929e-4797-94c1-3c0afbe54817"
        ],
        "Accept-Language": [
          "en-US"
        ],
        "User-Agent": [
          "FxVersion/4.6.27414.06",
          "OSName/Windows",
          "OSVersion/Microsoft.Windows.10.0.17763.",
          "Microsoft.Azure.Management.Internal.Resources.ResourceManagementClient/1.1.18"
        ]
      },
      "ResponseHeaders": {
        "Cache-Control": [
          "no-cache"
        ],
        "Pragma": [
          "no-cache"
        ],
        "Location": [
          "https://brazilus.management.azure.com/subscriptions/947d47b4-7883-4bb9-9d85-c5e8e2f572ce/operationresults/eyJqb2JJZCI6IlJFU09VUkNFR1JPVVBERUxFVElPTkpPQi1QUzY3NzUtRUFTVFVTMkVVQVAiLCJqb2JMb2NhdGlvbiI6ImVhc3R1czJldWFwIn0?api-version=2016-09-01"
        ],
        "Retry-After": [
          "15"
        ],
        "x-ms-ratelimit-remaining-subscription-deletes": [
          "14969"
        ],
        "x-ms-request-id": [
          "c1ec17b1-0e94-476b-8cc7-9b83431dfe28"
        ],
        "x-ms-correlation-request-id": [
          "c1ec17b1-0e94-476b-8cc7-9b83431dfe28"
        ],
        "x-ms-routing-request-id": [
          "BRAZILUS:20190408T105228Z:c1ec17b1-0e94-476b-8cc7-9b83431dfe28"
        ],
        "Strict-Transport-Security": [
          "max-age=31536000; includeSubDomains"
        ],
        "X-Content-Type-Options": [
          "nosniff"
        ],
        "Date": [
          "Mon, 08 Apr 2019 10:52:28 GMT"
        ],
        "Expires": [
          "-1"
        ],
        "Content-Length": [
          "0"
        ]
      },
      "ResponseBody": "",
      "StatusCode": 202
    },
    {
      "RequestUri": "/subscriptions/947d47b4-7883-4bb9-9d85-c5e8e2f572ce/operationresults/eyJqb2JJZCI6IlJFU09VUkNFR1JPVVBERUxFVElPTkpPQi1QUzY3NzUtRUFTVFVTMkVVQVAiLCJqb2JMb2NhdGlvbiI6ImVhc3R1czJldWFwIn0?api-version=2016-09-01",
      "EncodedRequestUri": "L3N1YnNjcmlwdGlvbnMvOTQ3ZDQ3YjQtNzg4My00YmI5LTlkODUtYzVlOGUyZjU3MmNlL29wZXJhdGlvbnJlc3VsdHMvZXlKcWIySkpaQ0k2SWxKRlUwOVZVa05GUjFKUFZWQkVSVXhGVkVsUFRrcFBRaTFRVXpZM056VXRSVUZUVkZWVE1rVlZRVkFpTENKcWIySk1iMk5oZEdsdmJpSTZJbVZoYzNSMWN6SmxkV0Z3SW4wP2FwaS12ZXJzaW9uPTIwMTYtMDktMDE=",
      "RequestMethod": "GET",
      "RequestBody": "",
      "RequestHeaders": {
        "User-Agent": [
          "FxVersion/4.6.27414.06",
          "OSName/Windows",
          "OSVersion/Microsoft.Windows.10.0.17763.",
          "Microsoft.Azure.Management.Internal.Resources.ResourceManagementClient/1.1.18"
        ]
      },
      "ResponseHeaders": {
        "Cache-Control": [
          "no-cache"
        ],
        "Pragma": [
          "no-cache"
        ],
        "Location": [
          "https://brazilus.management.azure.com/subscriptions/947d47b4-7883-4bb9-9d85-c5e8e2f572ce/operationresults/eyJqb2JJZCI6IlJFU09VUkNFR1JPVVBERUxFVElPTkpPQi1QUzY3NzUtRUFTVFVTMkVVQVAiLCJqb2JMb2NhdGlvbiI6ImVhc3R1czJldWFwIn0?api-version=2016-09-01"
        ],
        "Retry-After": [
          "15"
        ],
        "x-ms-ratelimit-remaining-subscription-reads": [
          "11716"
        ],
        "x-ms-request-id": [
          "5fa7e277-6f57-4eb3-9ed8-149261a49e13"
        ],
        "x-ms-correlation-request-id": [
          "5fa7e277-6f57-4eb3-9ed8-149261a49e13"
        ],
        "x-ms-routing-request-id": [
          "BRAZILUS:20190408T105243Z:5fa7e277-6f57-4eb3-9ed8-149261a49e13"
        ],
        "Strict-Transport-Security": [
          "max-age=31536000; includeSubDomains"
        ],
        "X-Content-Type-Options": [
          "nosniff"
        ],
        "Date": [
          "Mon, 08 Apr 2019 10:52:43 GMT"
        ],
        "Expires": [
          "-1"
        ],
        "Content-Length": [
          "0"
        ]
      },
      "ResponseBody": "",
      "StatusCode": 202
    },
    {
      "RequestUri": "/subscriptions/947d47b4-7883-4bb9-9d85-c5e8e2f572ce/operationresults/eyJqb2JJZCI6IlJFU09VUkNFR1JPVVBERUxFVElPTkpPQi1QUzY3NzUtRUFTVFVTMkVVQVAiLCJqb2JMb2NhdGlvbiI6ImVhc3R1czJldWFwIn0?api-version=2016-09-01",
      "EncodedRequestUri": "L3N1YnNjcmlwdGlvbnMvOTQ3ZDQ3YjQtNzg4My00YmI5LTlkODUtYzVlOGUyZjU3MmNlL29wZXJhdGlvbnJlc3VsdHMvZXlKcWIySkpaQ0k2SWxKRlUwOVZVa05GUjFKUFZWQkVSVXhGVkVsUFRrcFBRaTFRVXpZM056VXRSVUZUVkZWVE1rVlZRVkFpTENKcWIySk1iMk5oZEdsdmJpSTZJbVZoYzNSMWN6SmxkV0Z3SW4wP2FwaS12ZXJzaW9uPTIwMTYtMDktMDE=",
      "RequestMethod": "GET",
      "RequestBody": "",
      "RequestHeaders": {
        "User-Agent": [
          "FxVersion/4.6.27414.06",
          "OSName/Windows",
          "OSVersion/Microsoft.Windows.10.0.17763.",
          "Microsoft.Azure.Management.Internal.Resources.ResourceManagementClient/1.1.18"
        ]
      },
      "ResponseHeaders": {
        "Cache-Control": [
          "no-cache"
        ],
        "Pragma": [
          "no-cache"
        ],
        "Location": [
          "https://brazilus.management.azure.com/subscriptions/947d47b4-7883-4bb9-9d85-c5e8e2f572ce/operationresults/eyJqb2JJZCI6IlJFU09VUkNFR1JPVVBERUxFVElPTkpPQi1QUzY3NzUtRUFTVFVTMkVVQVAiLCJqb2JMb2NhdGlvbiI6ImVhc3R1czJldWFwIn0?api-version=2016-09-01"
        ],
        "Retry-After": [
          "15"
        ],
        "x-ms-ratelimit-remaining-subscription-reads": [
          "11714"
        ],
        "x-ms-request-id": [
          "7b42427e-2e99-448f-bacf-9975365c37ae"
        ],
        "x-ms-correlation-request-id": [
          "7b42427e-2e99-448f-bacf-9975365c37ae"
        ],
        "x-ms-routing-request-id": [
          "BRAZILUS:20190408T105259Z:7b42427e-2e99-448f-bacf-9975365c37ae"
        ],
        "Strict-Transport-Security": [
          "max-age=31536000; includeSubDomains"
        ],
        "X-Content-Type-Options": [
          "nosniff"
        ],
        "Date": [
          "Mon, 08 Apr 2019 10:52:58 GMT"
        ],
        "Expires": [
          "-1"
        ],
        "Content-Length": [
          "0"
        ]
      },
      "ResponseBody": "",
      "StatusCode": 202
    },
    {
      "RequestUri": "/subscriptions/947d47b4-7883-4bb9-9d85-c5e8e2f572ce/operationresults/eyJqb2JJZCI6IlJFU09VUkNFR1JPVVBERUxFVElPTkpPQi1QUzY3NzUtRUFTVFVTMkVVQVAiLCJqb2JMb2NhdGlvbiI6ImVhc3R1czJldWFwIn0?api-version=2016-09-01",
      "EncodedRequestUri": "L3N1YnNjcmlwdGlvbnMvOTQ3ZDQ3YjQtNzg4My00YmI5LTlkODUtYzVlOGUyZjU3MmNlL29wZXJhdGlvbnJlc3VsdHMvZXlKcWIySkpaQ0k2SWxKRlUwOVZVa05GUjFKUFZWQkVSVXhGVkVsUFRrcFBRaTFRVXpZM056VXRSVUZUVkZWVE1rVlZRVkFpTENKcWIySk1iMk5oZEdsdmJpSTZJbVZoYzNSMWN6SmxkV0Z3SW4wP2FwaS12ZXJzaW9uPTIwMTYtMDktMDE=",
      "RequestMethod": "GET",
      "RequestBody": "",
      "RequestHeaders": {
        "User-Agent": [
          "FxVersion/4.6.27414.06",
          "OSName/Windows",
          "OSVersion/Microsoft.Windows.10.0.17763.",
          "Microsoft.Azure.Management.Internal.Resources.ResourceManagementClient/1.1.18"
        ]
      },
      "ResponseHeaders": {
        "Cache-Control": [
          "no-cache"
        ],
        "Pragma": [
          "no-cache"
        ],
        "Location": [
          "https://brazilus.management.azure.com/subscriptions/947d47b4-7883-4bb9-9d85-c5e8e2f572ce/operationresults/eyJqb2JJZCI6IlJFU09VUkNFR1JPVVBERUxFVElPTkpPQi1QUzY3NzUtRUFTVFVTMkVVQVAiLCJqb2JMb2NhdGlvbiI6ImVhc3R1czJldWFwIn0?api-version=2016-09-01"
        ],
        "Retry-After": [
          "15"
        ],
        "x-ms-ratelimit-remaining-subscription-reads": [
          "11712"
        ],
        "x-ms-request-id": [
          "9c62c944-296b-4edd-b101-e21bf287c7ac"
        ],
        "x-ms-correlation-request-id": [
          "9c62c944-296b-4edd-b101-e21bf287c7ac"
        ],
        "x-ms-routing-request-id": [
          "BRAZILUS:20190408T105314Z:9c62c944-296b-4edd-b101-e21bf287c7ac"
        ],
        "Strict-Transport-Security": [
          "max-age=31536000; includeSubDomains"
        ],
        "X-Content-Type-Options": [
          "nosniff"
        ],
        "Date": [
          "Mon, 08 Apr 2019 10:53:13 GMT"
        ],
        "Expires": [
          "-1"
        ],
        "Content-Length": [
          "0"
        ]
      },
      "ResponseBody": "",
      "StatusCode": 202
    },
    {
      "RequestUri": "/subscriptions/947d47b4-7883-4bb9-9d85-c5e8e2f572ce/operationresults/eyJqb2JJZCI6IlJFU09VUkNFR1JPVVBERUxFVElPTkpPQi1QUzY3NzUtRUFTVFVTMkVVQVAiLCJqb2JMb2NhdGlvbiI6ImVhc3R1czJldWFwIn0?api-version=2016-09-01",
      "EncodedRequestUri": "L3N1YnNjcmlwdGlvbnMvOTQ3ZDQ3YjQtNzg4My00YmI5LTlkODUtYzVlOGUyZjU3MmNlL29wZXJhdGlvbnJlc3VsdHMvZXlKcWIySkpaQ0k2SWxKRlUwOVZVa05GUjFKUFZWQkVSVXhGVkVsUFRrcFBRaTFRVXpZM056VXRSVUZUVkZWVE1rVlZRVkFpTENKcWIySk1iMk5oZEdsdmJpSTZJbVZoYzNSMWN6SmxkV0Z3SW4wP2FwaS12ZXJzaW9uPTIwMTYtMDktMDE=",
      "RequestMethod": "GET",
      "RequestBody": "",
      "RequestHeaders": {
        "User-Agent": [
          "FxVersion/4.6.27414.06",
          "OSName/Windows",
          "OSVersion/Microsoft.Windows.10.0.17763.",
          "Microsoft.Azure.Management.Internal.Resources.ResourceManagementClient/1.1.18"
        ]
      },
      "ResponseHeaders": {
        "Cache-Control": [
          "no-cache"
        ],
        "Pragma": [
          "no-cache"
        ],
        "Location": [
          "https://brazilus.management.azure.com/subscriptions/947d47b4-7883-4bb9-9d85-c5e8e2f572ce/operationresults/eyJqb2JJZCI6IlJFU09VUkNFR1JPVVBERUxFVElPTkpPQi1QUzY3NzUtRUFTVFVTMkVVQVAiLCJqb2JMb2NhdGlvbiI6ImVhc3R1czJldWFwIn0?api-version=2016-09-01"
        ],
        "Retry-After": [
          "15"
        ],
        "x-ms-ratelimit-remaining-subscription-reads": [
          "11710"
        ],
        "x-ms-request-id": [
          "77fc7150-8cb7-486d-8aaf-12d3b667989b"
        ],
        "x-ms-correlation-request-id": [
          "77fc7150-8cb7-486d-8aaf-12d3b667989b"
        ],
        "x-ms-routing-request-id": [
          "BRAZILUS:20190408T105329Z:77fc7150-8cb7-486d-8aaf-12d3b667989b"
        ],
        "Strict-Transport-Security": [
          "max-age=31536000; includeSubDomains"
        ],
        "X-Content-Type-Options": [
          "nosniff"
        ],
        "Date": [
          "Mon, 08 Apr 2019 10:53:29 GMT"
        ],
        "Expires": [
          "-1"
        ],
        "Content-Length": [
          "0"
        ]
      },
      "ResponseBody": "",
      "StatusCode": 202
    },
    {
      "RequestUri": "/subscriptions/947d47b4-7883-4bb9-9d85-c5e8e2f572ce/operationresults/eyJqb2JJZCI6IlJFU09VUkNFR1JPVVBERUxFVElPTkpPQi1QUzY3NzUtRUFTVFVTMkVVQVAiLCJqb2JMb2NhdGlvbiI6ImVhc3R1czJldWFwIn0?api-version=2016-09-01",
      "EncodedRequestUri": "L3N1YnNjcmlwdGlvbnMvOTQ3ZDQ3YjQtNzg4My00YmI5LTlkODUtYzVlOGUyZjU3MmNlL29wZXJhdGlvbnJlc3VsdHMvZXlKcWIySkpaQ0k2SWxKRlUwOVZVa05GUjFKUFZWQkVSVXhGVkVsUFRrcFBRaTFRVXpZM056VXRSVUZUVkZWVE1rVlZRVkFpTENKcWIySk1iMk5oZEdsdmJpSTZJbVZoYzNSMWN6SmxkV0Z3SW4wP2FwaS12ZXJzaW9uPTIwMTYtMDktMDE=",
      "RequestMethod": "GET",
      "RequestBody": "",
      "RequestHeaders": {
        "User-Agent": [
          "FxVersion/4.6.27414.06",
          "OSName/Windows",
          "OSVersion/Microsoft.Windows.10.0.17763.",
          "Microsoft.Azure.Management.Internal.Resources.ResourceManagementClient/1.1.18"
        ]
      },
      "ResponseHeaders": {
        "Cache-Control": [
          "no-cache"
        ],
        "Pragma": [
          "no-cache"
        ],
        "Location": [
          "https://brazilus.management.azure.com/subscriptions/947d47b4-7883-4bb9-9d85-c5e8e2f572ce/operationresults/eyJqb2JJZCI6IlJFU09VUkNFR1JPVVBERUxFVElPTkpPQi1QUzY3NzUtRUFTVFVTMkVVQVAiLCJqb2JMb2NhdGlvbiI6ImVhc3R1czJldWFwIn0?api-version=2016-09-01"
        ],
        "Retry-After": [
          "15"
        ],
        "x-ms-ratelimit-remaining-subscription-reads": [
          "11708"
        ],
        "x-ms-request-id": [
          "b31d09a4-e724-4569-a1e7-6edf21e18719"
        ],
        "x-ms-correlation-request-id": [
          "b31d09a4-e724-4569-a1e7-6edf21e18719"
        ],
        "x-ms-routing-request-id": [
          "BRAZILUS:20190408T105344Z:b31d09a4-e724-4569-a1e7-6edf21e18719"
        ],
        "Strict-Transport-Security": [
          "max-age=31536000; includeSubDomains"
        ],
        "X-Content-Type-Options": [
          "nosniff"
        ],
        "Date": [
          "Mon, 08 Apr 2019 10:53:44 GMT"
        ],
        "Expires": [
          "-1"
        ],
        "Content-Length": [
          "0"
        ]
      },
      "ResponseBody": "",
      "StatusCode": 202
    },
    {
      "RequestUri": "/subscriptions/947d47b4-7883-4bb9-9d85-c5e8e2f572ce/operationresults/eyJqb2JJZCI6IlJFU09VUkNFR1JPVVBERUxFVElPTkpPQi1QUzY3NzUtRUFTVFVTMkVVQVAiLCJqb2JMb2NhdGlvbiI6ImVhc3R1czJldWFwIn0?api-version=2016-09-01",
      "EncodedRequestUri": "L3N1YnNjcmlwdGlvbnMvOTQ3ZDQ3YjQtNzg4My00YmI5LTlkODUtYzVlOGUyZjU3MmNlL29wZXJhdGlvbnJlc3VsdHMvZXlKcWIySkpaQ0k2SWxKRlUwOVZVa05GUjFKUFZWQkVSVXhGVkVsUFRrcFBRaTFRVXpZM056VXRSVUZUVkZWVE1rVlZRVkFpTENKcWIySk1iMk5oZEdsdmJpSTZJbVZoYzNSMWN6SmxkV0Z3SW4wP2FwaS12ZXJzaW9uPTIwMTYtMDktMDE=",
      "RequestMethod": "GET",
      "RequestBody": "",
      "RequestHeaders": {
        "User-Agent": [
          "FxVersion/4.6.27414.06",
          "OSName/Windows",
          "OSVersion/Microsoft.Windows.10.0.17763.",
          "Microsoft.Azure.Management.Internal.Resources.ResourceManagementClient/1.1.18"
        ]
      },
      "ResponseHeaders": {
        "Cache-Control": [
          "no-cache"
        ],
        "Pragma": [
          "no-cache"
        ],
        "Location": [
          "https://brazilus.management.azure.com/subscriptions/947d47b4-7883-4bb9-9d85-c5e8e2f572ce/operationresults/eyJqb2JJZCI6IlJFU09VUkNFR1JPVVBERUxFVElPTkpPQi1QUzY3NzUtRUFTVFVTMkVVQVAiLCJqb2JMb2NhdGlvbiI6ImVhc3R1czJldWFwIn0?api-version=2016-09-01"
        ],
        "Retry-After": [
          "15"
        ],
        "x-ms-ratelimit-remaining-subscription-reads": [
          "11706"
        ],
        "x-ms-request-id": [
          "a5a80cf8-0a50-4ada-9897-b1ff0d8f728b"
        ],
        "x-ms-correlation-request-id": [
          "a5a80cf8-0a50-4ada-9897-b1ff0d8f728b"
        ],
        "x-ms-routing-request-id": [
          "BRAZILUS:20190408T105400Z:a5a80cf8-0a50-4ada-9897-b1ff0d8f728b"
        ],
        "Strict-Transport-Security": [
          "max-age=31536000; includeSubDomains"
        ],
        "X-Content-Type-Options": [
          "nosniff"
        ],
        "Date": [
          "Mon, 08 Apr 2019 10:53:59 GMT"
        ],
        "Expires": [
          "-1"
        ],
        "Content-Length": [
          "0"
        ]
      },
      "ResponseBody": "",
      "StatusCode": 202
    },
    {
      "RequestUri": "/subscriptions/947d47b4-7883-4bb9-9d85-c5e8e2f572ce/operationresults/eyJqb2JJZCI6IlJFU09VUkNFR1JPVVBERUxFVElPTkpPQi1QUzY3NzUtRUFTVFVTMkVVQVAiLCJqb2JMb2NhdGlvbiI6ImVhc3R1czJldWFwIn0?api-version=2016-09-01",
      "EncodedRequestUri": "L3N1YnNjcmlwdGlvbnMvOTQ3ZDQ3YjQtNzg4My00YmI5LTlkODUtYzVlOGUyZjU3MmNlL29wZXJhdGlvbnJlc3VsdHMvZXlKcWIySkpaQ0k2SWxKRlUwOVZVa05GUjFKUFZWQkVSVXhGVkVsUFRrcFBRaTFRVXpZM056VXRSVUZUVkZWVE1rVlZRVkFpTENKcWIySk1iMk5oZEdsdmJpSTZJbVZoYzNSMWN6SmxkV0Z3SW4wP2FwaS12ZXJzaW9uPTIwMTYtMDktMDE=",
      "RequestMethod": "GET",
      "RequestBody": "",
      "RequestHeaders": {
        "User-Agent": [
          "FxVersion/4.6.27414.06",
          "OSName/Windows",
          "OSVersion/Microsoft.Windows.10.0.17763.",
          "Microsoft.Azure.Management.Internal.Resources.ResourceManagementClient/1.1.18"
        ]
      },
      "ResponseHeaders": {
        "Cache-Control": [
          "no-cache"
        ],
        "Pragma": [
          "no-cache"
        ],
        "x-ms-ratelimit-remaining-subscription-reads": [
          "11704"
        ],
        "x-ms-request-id": [
          "3f3341dc-7da0-4b87-a90d-1d59c56ee5a8"
        ],
        "x-ms-correlation-request-id": [
          "3f3341dc-7da0-4b87-a90d-1d59c56ee5a8"
        ],
        "x-ms-routing-request-id": [
          "BRAZILUS:20190408T105415Z:3f3341dc-7da0-4b87-a90d-1d59c56ee5a8"
        ],
        "Strict-Transport-Security": [
          "max-age=31536000; includeSubDomains"
        ],
        "X-Content-Type-Options": [
          "nosniff"
        ],
        "Date": [
          "Mon, 08 Apr 2019 10:54:15 GMT"
        ],
        "Expires": [
          "-1"
        ],
        "Content-Length": [
          "0"
        ]
      },
      "ResponseBody": "",
      "StatusCode": 200
    },
    {
      "RequestUri": "/subscriptions/947d47b4-7883-4bb9-9d85-c5e8e2f572ce/operationresults/eyJqb2JJZCI6IlJFU09VUkNFR1JPVVBERUxFVElPTkpPQi1QUzY3NzUtRUFTVFVTMkVVQVAiLCJqb2JMb2NhdGlvbiI6ImVhc3R1czJldWFwIn0?api-version=2016-09-01",
      "EncodedRequestUri": "L3N1YnNjcmlwdGlvbnMvOTQ3ZDQ3YjQtNzg4My00YmI5LTlkODUtYzVlOGUyZjU3MmNlL29wZXJhdGlvbnJlc3VsdHMvZXlKcWIySkpaQ0k2SWxKRlUwOVZVa05GUjFKUFZWQkVSVXhGVkVsUFRrcFBRaTFRVXpZM056VXRSVUZUVkZWVE1rVlZRVkFpTENKcWIySk1iMk5oZEdsdmJpSTZJbVZoYzNSMWN6SmxkV0Z3SW4wP2FwaS12ZXJzaW9uPTIwMTYtMDktMDE=",
      "RequestMethod": "GET",
      "RequestBody": "",
      "RequestHeaders": {
        "User-Agent": [
          "FxVersion/4.6.27414.06",
          "OSName/Windows",
          "OSVersion/Microsoft.Windows.10.0.17763.",
          "Microsoft.Azure.Management.Internal.Resources.ResourceManagementClient/1.1.18"
        ]
      },
      "ResponseHeaders": {
        "Cache-Control": [
          "no-cache"
        ],
        "Pragma": [
          "no-cache"
        ],
        "x-ms-ratelimit-remaining-subscription-reads": [
          "11703"
        ],
        "x-ms-request-id": [
          "c7598df6-fc4d-47fa-91bc-dae3d276fa0e"
        ],
        "x-ms-correlation-request-id": [
          "c7598df6-fc4d-47fa-91bc-dae3d276fa0e"
        ],
        "x-ms-routing-request-id": [
          "BRAZILUS:20190408T105415Z:c7598df6-fc4d-47fa-91bc-dae3d276fa0e"
        ],
        "Strict-Transport-Security": [
          "max-age=31536000; includeSubDomains"
        ],
        "X-Content-Type-Options": [
          "nosniff"
        ],
        "Date": [
          "Mon, 08 Apr 2019 10:54:15 GMT"
        ],
        "Expires": [
          "-1"
        ],
        "Content-Length": [
          "0"
        ]
      },
      "ResponseBody": "",
      "StatusCode": 200
    }
  ],
  "Names": {
    "Test-CreateSubresourcesOnEmptyLoadBalancer": [
      "ps6775",
      "ps4054",
      "ps4239",
      "ps7775",
      "ps4651",
      "ps6626",
      "ps3262",
      "ps2897",
      "ps1774",
      "ps5972"
    ]
  },
  "Variables": {
    "SubscriptionId": "947d47b4-7883-4bb9-9d85-c5e8e2f572ce"
  }
}