{
  "Entries": [
    {
      "RequestUri": "/subscriptions/3dc13b6d-6896-40ac-98f7-f18cbce2a405/resourcegroups/ps9515?api-version=2016-09-01",
      "EncodedRequestUri": "L3N1YnNjcmlwdGlvbnMvM2RjMTNiNmQtNjg5Ni00MGFjLTk4ZjctZjE4Y2JjZTJhNDA1L3Jlc291cmNlZ3JvdXBzL3BzOTUxNT9hcGktdmVyc2lvbj0yMDE2LTA5LTAx",
      "RequestMethod": "PUT",
      "RequestBody": "{\r\n  \"location\": \"westcentralus\"\r\n}",
      "RequestHeaders": {
        "x-ms-client-request-id": [
          "3f925636-96a6-4820-a0e2-ac1766bd15d0"
        ],
        "accept-language": [
          "en-US"
        ],
        "User-Agent": [
          "FxVersion/4.6.26614.01",
          "OSName/Windows",
          "OSVersion/Microsoft.Windows.10.0.14393.",
          "Microsoft.Azure.Management.Internal.Resources.ResourceManagementClient/1.3.2"
        ],
        "Content-Type": [
          "application/json; charset=utf-8"
        ],
        "Content-Length": [
          "35"
        ]
      },
      "ResponseHeaders": {
        "Cache-Control": [
          "no-cache"
        ],
        "Date": [
          "Wed, 18 Sep 2019 22:14:51 GMT"
        ],
        "Pragma": [
          "no-cache"
        ],
        "x-ms-ratelimit-remaining-subscription-writes": [
          "1197"
        ],
        "x-ms-request-id": [
          "e58a938b-b4b4-493f-8c61-327def42bdf4"
        ],
        "x-ms-correlation-request-id": [
          "e58a938b-b4b4-493f-8c61-327def42bdf4"
        ],
        "x-ms-routing-request-id": [
          "WESTUS2:20190918T221452Z:e58a938b-b4b4-493f-8c61-327def42bdf4"
        ],
        "Strict-Transport-Security": [
          "max-age=31536000; includeSubDomains"
        ],
        "X-Content-Type-Options": [
          "nosniff"
        ],
        "Content-Length": [
          "172"
        ],
        "Content-Type": [
          "application/json; charset=utf-8"
        ],
        "Expires": [
          "-1"
        ]
      },
      "ResponseBody": "{\r\n  \"id\": \"/subscriptions/3dc13b6d-6896-40ac-98f7-f18cbce2a405/resourceGroups/ps9515\",\r\n  \"name\": \"ps9515\",\r\n  \"location\": \"westcentralus\",\r\n  \"properties\": {\r\n    \"provisioningState\": \"Succeeded\"\r\n  }\r\n}",
      "StatusCode": 201
    },
    {
      "RequestUri": "/subscriptions/3dc13b6d-6896-40ac-98f7-f18cbce2a405/resourceGroups/ps9515/providers/Microsoft.Network/virtualNetworks/ps2845?api-version=2019-08-01",
      "EncodedRequestUri": "L3N1YnNjcmlwdGlvbnMvM2RjMTNiNmQtNjg5Ni00MGFjLTk4ZjctZjE4Y2JjZTJhNDA1L3Jlc291cmNlR3JvdXBzL3BzOTUxNS9wcm92aWRlcnMvTWljcm9zb2Z0Lk5ldHdvcmsvdmlydHVhbE5ldHdvcmtzL3BzMjg0NT9hcGktdmVyc2lvbj0yMDE5LTA4LTAx",
      "RequestMethod": "GET",
      "RequestBody": "",
      "RequestHeaders": {
        "x-ms-client-request-id": [
          "31b8b93d-244d-473d-a1c0-1f8e1f2ddd7d"
        ],
        "accept-language": [
          "en-US"
        ],
        "User-Agent": [
          "FxVersion/4.6.26614.01",
          "OSName/Windows",
          "OSVersion/Microsoft.Windows.10.0.14393.",
          "Microsoft.Azure.Management.Network.NetworkManagementClient/20.0.0.0"
        ]
      },
      "ResponseHeaders": {
        "Cache-Control": [
          "no-cache"
        ],
        "Date": [
          "Wed, 18 Sep 2019 22:14:51 GMT"
        ],
        "Pragma": [
          "no-cache"
        ],
        "x-ms-failure-cause": [
          "gateway"
        ],
        "x-ms-request-id": [
          "b614901d-7679-42ee-9da1-50c940a7c3ae"
        ],
        "x-ms-correlation-request-id": [
          "b614901d-7679-42ee-9da1-50c940a7c3ae"
        ],
        "x-ms-routing-request-id": [
          "WESTUS2:20190918T221452Z:b614901d-7679-42ee-9da1-50c940a7c3ae"
        ],
        "Strict-Transport-Security": [
          "max-age=31536000; includeSubDomains"
        ],
        "X-Content-Type-Options": [
          "nosniff"
        ],
        "Content-Length": [
          "150"
        ],
        "Content-Type": [
          "application/json; charset=utf-8"
        ],
        "Expires": [
          "-1"
        ]
      },
      "ResponseBody": "{\r\n  \"error\": {\r\n    \"code\": \"ResourceNotFound\",\r\n    \"message\": \"The Resource 'Microsoft.Network/virtualNetworks/ps2845' under resource group 'ps9515' was not found.\"\r\n  }\r\n}",
      "StatusCode": 404
    },
    {
      "RequestUri": "/subscriptions/3dc13b6d-6896-40ac-98f7-f18cbce2a405/resourceGroups/ps9515/providers/Microsoft.Network/virtualNetworks/ps2845?api-version=2019-08-01",
      "EncodedRequestUri": "L3N1YnNjcmlwdGlvbnMvM2RjMTNiNmQtNjg5Ni00MGFjLTk4ZjctZjE4Y2JjZTJhNDA1L3Jlc291cmNlR3JvdXBzL3BzOTUxNS9wcm92aWRlcnMvTWljcm9zb2Z0Lk5ldHdvcmsvdmlydHVhbE5ldHdvcmtzL3BzMjg0NT9hcGktdmVyc2lvbj0yMDE5LTA4LTAx",
      "RequestMethod": "GET",
      "RequestBody": "",
      "RequestHeaders": {
        "User-Agent": [
          "FxVersion/4.6.26614.01",
          "OSName/Windows",
          "OSVersion/Microsoft.Windows.10.0.14393.",
          "Microsoft.Azure.Management.Network.NetworkManagementClient/20.0.0.0"
        ]
      },
      "ResponseHeaders": {
        "Cache-Control": [
          "no-cache"
        ],
        "Date": [
          "Wed, 18 Sep 2019 22:14:55 GMT"
        ],
        "Pragma": [
          "no-cache"
        ],
        "ETag": [
          "W/\"180d6911-3824-4154-80a2-ae36e20e0545\""
        ],
        "Server": [
          "Microsoft-HTTPAPI/2.0",
          "Microsoft-HTTPAPI/2.0"
        ],
        "x-ms-request-id": [
          "a6c62401-c428-4022-8b99-eaf0ba5aff60"
        ],
        "x-ms-correlation-request-id": [
          "dbb1c114-d5ea-449c-880a-d3c049899699"
        ],
        "x-ms-arm-service-request-id": [
          "d7502e71-af0f-4c23-a4d1-78e08f62f3ed"
        ],
        "Strict-Transport-Security": [
          "max-age=31536000; includeSubDomains"
        ],
        "x-ms-ratelimit-remaining-subscription-reads": [
          "11991"
        ],
        "x-ms-routing-request-id": [
          "WESTUS2:20190918T221456Z:dbb1c114-d5ea-449c-880a-d3c049899699"
        ],
        "X-Content-Type-Options": [
          "nosniff"
        ],
        "Content-Length": [
          "1273"
        ],
        "Content-Type": [
          "application/json; charset=utf-8"
        ],
        "Expires": [
          "-1"
        ]
      },
      "ResponseBody": "{\r\n  \"name\": \"ps2845\",\r\n  \"id\": \"/subscriptions/3dc13b6d-6896-40ac-98f7-f18cbce2a405/resourceGroups/ps9515/providers/Microsoft.Network/virtualNetworks/ps2845\",\r\n  \"etag\": \"W/\\\"180d6911-3824-4154-80a2-ae36e20e0545\\\"\",\r\n  \"type\": \"Microsoft.Network/virtualNetworks\",\r\n  \"location\": \"westcentralus\",\r\n  \"properties\": {\r\n    \"provisioningState\": \"Succeeded\",\r\n    \"resourceGuid\": \"36f4a298-3b58-475c-a4a9-21f2c63d0250\",\r\n    \"addressSpace\": {\r\n      \"addressPrefixes\": [\r\n        \"10.0.0.0/16\"\r\n      ]\r\n    },\r\n    \"subnets\": [\r\n      {\r\n        \"name\": \"ps912\",\r\n        \"id\": \"/subscriptions/3dc13b6d-6896-40ac-98f7-f18cbce2a405/resourceGroups/ps9515/providers/Microsoft.Network/virtualNetworks/ps2845/subnets/ps912\",\r\n        \"etag\": \"W/\\\"180d6911-3824-4154-80a2-ae36e20e0545\\\"\",\r\n        \"properties\": {\r\n          \"provisioningState\": \"Succeeded\",\r\n          \"addressPrefix\": \"10.0.1.0/24\",\r\n          \"serviceEndpoints\": [],\r\n          \"delegations\": [],\r\n          \"privateEndpointNetworkPolicies\": \"Enabled\",\r\n          \"privateLinkServiceNetworkPolicies\": \"Enabled\"\r\n        },\r\n        \"type\": \"Microsoft.Network/virtualNetworks/subnets\"\r\n      }\r\n    ],\r\n    \"virtualNetworkPeerings\": [],\r\n    \"enableDdosProtection\": false,\r\n    \"enableVmProtection\": false\r\n  }\r\n}",
      "StatusCode": 200
    },
    {
      "RequestUri": "/subscriptions/3dc13b6d-6896-40ac-98f7-f18cbce2a405/resourceGroups/ps9515/providers/Microsoft.Network/virtualNetworks/ps2845?api-version=2019-08-01",
      "EncodedRequestUri": "L3N1YnNjcmlwdGlvbnMvM2RjMTNiNmQtNjg5Ni00MGFjLTk4ZjctZjE4Y2JjZTJhNDA1L3Jlc291cmNlR3JvdXBzL3BzOTUxNS9wcm92aWRlcnMvTWljcm9zb2Z0Lk5ldHdvcmsvdmlydHVhbE5ldHdvcmtzL3BzMjg0NT9hcGktdmVyc2lvbj0yMDE5LTA4LTAx",
      "RequestMethod": "GET",
      "RequestBody": "",
      "RequestHeaders": {
        "x-ms-client-request-id": [
          "a317a09f-db1c-4485-9663-cdb67be13c69"
        ],
        "accept-language": [
          "en-US"
        ],
        "User-Agent": [
          "FxVersion/4.6.26614.01",
          "OSName/Windows",
          "OSVersion/Microsoft.Windows.10.0.14393.",
          "Microsoft.Azure.Management.Network.NetworkManagementClient/20.0.0.0"
        ]
      },
      "ResponseHeaders": {
        "Cache-Control": [
          "no-cache"
        ],
        "Date": [
          "Wed, 18 Sep 2019 22:14:55 GMT"
        ],
        "Pragma": [
          "no-cache"
        ],
        "ETag": [
          "W/\"180d6911-3824-4154-80a2-ae36e20e0545\""
        ],
        "Server": [
          "Microsoft-HTTPAPI/2.0",
          "Microsoft-HTTPAPI/2.0"
        ],
        "x-ms-request-id": [
          "95652242-0e89-492c-aeec-c0e286765f2a"
        ],
        "x-ms-correlation-request-id": [
          "4a69912f-d68c-4f91-b619-26d52e9e264e"
        ],
        "x-ms-arm-service-request-id": [
          "cc8758df-a72e-4c2c-bf36-b69fc2e2f473"
        ],
        "Strict-Transport-Security": [
          "max-age=31536000; includeSubDomains"
        ],
        "x-ms-ratelimit-remaining-subscription-reads": [
          "11990"
        ],
        "x-ms-routing-request-id": [
          "WESTUS2:20190918T221456Z:4a69912f-d68c-4f91-b619-26d52e9e264e"
        ],
        "X-Content-Type-Options": [
          "nosniff"
        ],
        "Content-Length": [
          "1273"
        ],
        "Content-Type": [
          "application/json; charset=utf-8"
        ],
        "Expires": [
          "-1"
        ]
      },
      "ResponseBody": "{\r\n  \"name\": \"ps2845\",\r\n  \"id\": \"/subscriptions/3dc13b6d-6896-40ac-98f7-f18cbce2a405/resourceGroups/ps9515/providers/Microsoft.Network/virtualNetworks/ps2845\",\r\n  \"etag\": \"W/\\\"180d6911-3824-4154-80a2-ae36e20e0545\\\"\",\r\n  \"type\": \"Microsoft.Network/virtualNetworks\",\r\n  \"location\": \"westcentralus\",\r\n  \"properties\": {\r\n    \"provisioningState\": \"Succeeded\",\r\n    \"resourceGuid\": \"36f4a298-3b58-475c-a4a9-21f2c63d0250\",\r\n    \"addressSpace\": {\r\n      \"addressPrefixes\": [\r\n        \"10.0.0.0/16\"\r\n      ]\r\n    },\r\n    \"subnets\": [\r\n      {\r\n        \"name\": \"ps912\",\r\n        \"id\": \"/subscriptions/3dc13b6d-6896-40ac-98f7-f18cbce2a405/resourceGroups/ps9515/providers/Microsoft.Network/virtualNetworks/ps2845/subnets/ps912\",\r\n        \"etag\": \"W/\\\"180d6911-3824-4154-80a2-ae36e20e0545\\\"\",\r\n        \"properties\": {\r\n          \"provisioningState\": \"Succeeded\",\r\n          \"addressPrefix\": \"10.0.1.0/24\",\r\n          \"serviceEndpoints\": [],\r\n          \"delegations\": [],\r\n          \"privateEndpointNetworkPolicies\": \"Enabled\",\r\n          \"privateLinkServiceNetworkPolicies\": \"Enabled\"\r\n        },\r\n        \"type\": \"Microsoft.Network/virtualNetworks/subnets\"\r\n      }\r\n    ],\r\n    \"virtualNetworkPeerings\": [],\r\n    \"enableDdosProtection\": false,\r\n    \"enableVmProtection\": false\r\n  }\r\n}",
      "StatusCode": 200
    },
    {
      "RequestUri": "/subscriptions/3dc13b6d-6896-40ac-98f7-f18cbce2a405/resourceGroups/ps9515/providers/Microsoft.Network/virtualNetworks/ps2845?api-version=2019-08-01",
      "EncodedRequestUri": "L3N1YnNjcmlwdGlvbnMvM2RjMTNiNmQtNjg5Ni00MGFjLTk4ZjctZjE4Y2JjZTJhNDA1L3Jlc291cmNlR3JvdXBzL3BzOTUxNS9wcm92aWRlcnMvTWljcm9zb2Z0Lk5ldHdvcmsvdmlydHVhbE5ldHdvcmtzL3BzMjg0NT9hcGktdmVyc2lvbj0yMDE5LTA4LTAx",
      "RequestMethod": "PUT",
      "RequestBody": "{\r\n  \"properties\": {\r\n    \"addressSpace\": {\r\n      \"addressPrefixes\": [\r\n        \"10.0.0.0/16\"\r\n      ]\r\n    },\r\n    \"subnets\": [\r\n      {\r\n        \"properties\": {\r\n          \"addressPrefix\": \"10.0.1.0/24\",\r\n          \"addressPrefixes\": [],\r\n          \"serviceEndpoints\": [],\r\n          \"serviceEndpointPolicies\": [],\r\n          \"resourceNavigationLinks\": [],\r\n          \"serviceAssociationLinks\": [],\r\n          \"delegations\": [],\r\n          \"privateEndpointNetworkPolicies\": \"Enabled\",\r\n          \"privateLinkServiceNetworkPolicies\": \"Enabled\"\r\n        },\r\n        \"name\": \"ps912\"\r\n      }\r\n    ],\r\n    \"virtualNetworkPeerings\": [],\r\n    \"enableDdosProtection\": false\r\n  },\r\n  \"location\": \"westcentralus\"\r\n}",
      "RequestHeaders": {
        "x-ms-client-request-id": [
          "220a3e09-6bcf-4d8d-bda4-fa04f82457a1"
        ],
        "accept-language": [
          "en-US"
        ],
        "User-Agent": [
          "FxVersion/4.6.26614.01",
          "OSName/Windows",
          "OSVersion/Microsoft.Windows.10.0.14393.",
          "Microsoft.Azure.Management.Network.NetworkManagementClient/20.0.0.0"
        ],
        "Content-Type": [
          "application/json; charset=utf-8"
        ],
        "Content-Length": [
          "709"
        ]
      },
      "ResponseHeaders": {
        "Cache-Control": [
          "no-cache"
        ],
        "Date": [
          "Wed, 18 Sep 2019 22:14:52 GMT"
        ],
        "Pragma": [
          "no-cache"
        ],
        "Retry-After": [
          "3"
        ],
        "Server": [
          "Microsoft-HTTPAPI/2.0",
          "Microsoft-HTTPAPI/2.0"
        ],
        "x-ms-request-id": [
          "929eb9c5-df62-4350-ad93-7aca9d0e9e95"
        ],
        "Azure-AsyncOperation": [
          "https://management.azure.com/subscriptions/3dc13b6d-6896-40ac-98f7-f18cbce2a405/providers/Microsoft.Network/locations/westcentralus/operations/929eb9c5-df62-4350-ad93-7aca9d0e9e95?api-version=2019-08-01"
        ],
        "x-ms-correlation-request-id": [
          "1b56cdca-41db-4d28-9778-af6b4774fe35"
        ],
        "Azure-AsyncNotification": [
          "Enabled"
        ],
        "x-ms-arm-service-request-id": [
          "dbea033d-4fe7-41eb-856f-da331646294c"
        ],
        "Strict-Transport-Security": [
          "max-age=31536000; includeSubDomains"
        ],
        "x-ms-ratelimit-remaining-subscription-writes": [
          "1198"
        ],
        "x-ms-routing-request-id": [
          "WESTUS2:20190918T221452Z:1b56cdca-41db-4d28-9778-af6b4774fe35"
        ],
        "X-Content-Type-Options": [
          "nosniff"
        ],
        "Content-Length": [
          "1271"
        ],
        "Content-Type": [
          "application/json; charset=utf-8"
        ],
        "Expires": [
          "-1"
        ]
      },
      "ResponseBody": "{\r\n  \"name\": \"ps2845\",\r\n  \"id\": \"/subscriptions/3dc13b6d-6896-40ac-98f7-f18cbce2a405/resourceGroups/ps9515/providers/Microsoft.Network/virtualNetworks/ps2845\",\r\n  \"etag\": \"W/\\\"b5df172f-ad2a-4150-9e54-3a29612fc520\\\"\",\r\n  \"type\": \"Microsoft.Network/virtualNetworks\",\r\n  \"location\": \"westcentralus\",\r\n  \"properties\": {\r\n    \"provisioningState\": \"Updating\",\r\n    \"resourceGuid\": \"36f4a298-3b58-475c-a4a9-21f2c63d0250\",\r\n    \"addressSpace\": {\r\n      \"addressPrefixes\": [\r\n        \"10.0.0.0/16\"\r\n      ]\r\n    },\r\n    \"subnets\": [\r\n      {\r\n        \"name\": \"ps912\",\r\n        \"id\": \"/subscriptions/3dc13b6d-6896-40ac-98f7-f18cbce2a405/resourceGroups/ps9515/providers/Microsoft.Network/virtualNetworks/ps2845/subnets/ps912\",\r\n        \"etag\": \"W/\\\"b5df172f-ad2a-4150-9e54-3a29612fc520\\\"\",\r\n        \"properties\": {\r\n          \"provisioningState\": \"Updating\",\r\n          \"addressPrefix\": \"10.0.1.0/24\",\r\n          \"serviceEndpoints\": [],\r\n          \"delegations\": [],\r\n          \"privateEndpointNetworkPolicies\": \"Enabled\",\r\n          \"privateLinkServiceNetworkPolicies\": \"Enabled\"\r\n        },\r\n        \"type\": \"Microsoft.Network/virtualNetworks/subnets\"\r\n      }\r\n    ],\r\n    \"virtualNetworkPeerings\": [],\r\n    \"enableDdosProtection\": false,\r\n    \"enableVmProtection\": false\r\n  }\r\n}",
      "StatusCode": 201
    },
    {
      "RequestUri": "/subscriptions/3dc13b6d-6896-40ac-98f7-f18cbce2a405/providers/Microsoft.Network/locations/westcentralus/operations/929eb9c5-df62-4350-ad93-7aca9d0e9e95?api-version=2019-08-01",
      "EncodedRequestUri": "L3N1YnNjcmlwdGlvbnMvM2RjMTNiNmQtNjg5Ni00MGFjLTk4ZjctZjE4Y2JjZTJhNDA1L3Byb3ZpZGVycy9NaWNyb3NvZnQuTmV0d29yay9sb2NhdGlvbnMvd2VzdGNlbnRyYWx1cy9vcGVyYXRpb25zLzkyOWViOWM1LWRmNjItNDM1MC1hZDkzLTdhY2E5ZDBlOWU5NT9hcGktdmVyc2lvbj0yMDE5LTA4LTAx",
      "RequestMethod": "GET",
      "RequestBody": "",
      "RequestHeaders": {
        "User-Agent": [
          "FxVersion/4.6.26614.01",
          "OSName/Windows",
          "OSVersion/Microsoft.Windows.10.0.14393.",
          "Microsoft.Azure.Management.Network.NetworkManagementClient/20.0.0.0"
        ]
      },
      "ResponseHeaders": {
        "Cache-Control": [
          "no-cache"
        ],
        "Date": [
          "Wed, 18 Sep 2019 22:14:55 GMT"
        ],
        "Pragma": [
          "no-cache"
        ],
        "Server": [
          "Microsoft-HTTPAPI/2.0",
          "Microsoft-HTTPAPI/2.0"
        ],
        "x-ms-request-id": [
          "24c68ac2-43a3-4434-a855-928573c940a5"
        ],
        "x-ms-correlation-request-id": [
          "be932e3a-74f0-4fe9-b1e1-846b7e8a6ff8"
        ],
        "x-ms-arm-service-request-id": [
          "f1367923-968a-4257-bc99-50936f67407b"
        ],
        "Strict-Transport-Security": [
          "max-age=31536000; includeSubDomains"
        ],
        "x-ms-ratelimit-remaining-subscription-reads": [
          "11992"
        ],
        "x-ms-routing-request-id": [
          "WESTUS2:20190918T221456Z:be932e3a-74f0-4fe9-b1e1-846b7e8a6ff8"
        ],
        "X-Content-Type-Options": [
          "nosniff"
        ],
        "Content-Length": [
          "29"
        ],
        "Content-Type": [
          "application/json; charset=utf-8"
        ],
        "Expires": [
          "-1"
        ]
      },
      "ResponseBody": "{\r\n  \"status\": \"Succeeded\"\r\n}",
      "StatusCode": 200
    },
    {
      "RequestUri": "/subscriptions/3dc13b6d-6896-40ac-98f7-f18cbce2a405/resourceGroups/ps9515/providers/Microsoft.Network/publicIPAddresses/ps2801?api-version=2019-08-01",
      "EncodedRequestUri": "L3N1YnNjcmlwdGlvbnMvM2RjMTNiNmQtNjg5Ni00MGFjLTk4ZjctZjE4Y2JjZTJhNDA1L3Jlc291cmNlR3JvdXBzL3BzOTUxNS9wcm92aWRlcnMvTWljcm9zb2Z0Lk5ldHdvcmsvcHVibGljSVBBZGRyZXNzZXMvcHMyODAxP2FwaS12ZXJzaW9uPTIwMTktMDgtMDE=",
      "RequestMethod": "GET",
      "RequestBody": "",
      "RequestHeaders": {
        "x-ms-client-request-id": [
          "4c8f472b-d525-45b6-974a-00262b319241"
        ],
        "accept-language": [
          "en-US"
        ],
        "User-Agent": [
          "FxVersion/4.6.26614.01",
          "OSName/Windows",
          "OSVersion/Microsoft.Windows.10.0.14393.",
          "Microsoft.Azure.Management.Network.NetworkManagementClient/20.0.0.0"
        ]
      },
      "ResponseHeaders": {
        "Cache-Control": [
          "no-cache"
        ],
        "Date": [
          "Wed, 18 Sep 2019 22:14:55 GMT"
        ],
        "Pragma": [
          "no-cache"
        ],
        "x-ms-failure-cause": [
          "gateway"
        ],
        "x-ms-request-id": [
          "a00dc742-9e67-447a-ab39-20d7b7127a7e"
        ],
        "x-ms-correlation-request-id": [
          "a00dc742-9e67-447a-ab39-20d7b7127a7e"
        ],
        "x-ms-routing-request-id": [
          "WESTUS2:20190918T221456Z:a00dc742-9e67-447a-ab39-20d7b7127a7e"
        ],
        "Strict-Transport-Security": [
          "max-age=31536000; includeSubDomains"
        ],
        "X-Content-Type-Options": [
          "nosniff"
        ],
        "Content-Length": [
          "152"
        ],
        "Content-Type": [
          "application/json; charset=utf-8"
        ],
        "Expires": [
          "-1"
        ]
      },
      "ResponseBody": "{\r\n  \"error\": {\r\n    \"code\": \"ResourceNotFound\",\r\n    \"message\": \"The Resource 'Microsoft.Network/publicIPAddresses/ps2801' under resource group 'ps9515' was not found.\"\r\n  }\r\n}",
      "StatusCode": 404
    },
    {
      "RequestUri": "/subscriptions/3dc13b6d-6896-40ac-98f7-f18cbce2a405/resourceGroups/ps9515/providers/Microsoft.Network/publicIPAddresses/ps2801?api-version=2019-08-01",
      "EncodedRequestUri": "L3N1YnNjcmlwdGlvbnMvM2RjMTNiNmQtNjg5Ni00MGFjLTk4ZjctZjE4Y2JjZTJhNDA1L3Jlc291cmNlR3JvdXBzL3BzOTUxNS9wcm92aWRlcnMvTWljcm9zb2Z0Lk5ldHdvcmsvcHVibGljSVBBZGRyZXNzZXMvcHMyODAxP2FwaS12ZXJzaW9uPTIwMTktMDgtMDE=",
      "RequestMethod": "GET",
      "RequestBody": "",
      "RequestHeaders": {
        "User-Agent": [
          "FxVersion/4.6.26614.01",
          "OSName/Windows",
          "OSVersion/Microsoft.Windows.10.0.14393.",
          "Microsoft.Azure.Management.Network.NetworkManagementClient/20.0.0.0"
        ]
      },
      "ResponseHeaders": {
        "Cache-Control": [
          "no-cache"
        ],
        "Date": [
          "Wed, 18 Sep 2019 22:14:57 GMT"
        ],
        "Pragma": [
          "no-cache"
        ],
        "ETag": [
          "W/\"f1319028-de3f-449f-b711-4b0d4df9d15d\""
        ],
        "Server": [
          "Microsoft-HTTPAPI/2.0",
          "Microsoft-HTTPAPI/2.0"
        ],
        "x-ms-request-id": [
          "635da425-1d6e-4adc-9e02-d9d4370dc8f9"
        ],
        "x-ms-correlation-request-id": [
          "eda97e41-4370-4bdf-a8aa-c4bc512131bf"
        ],
        "x-ms-arm-service-request-id": [
          "f0fd4124-85f1-41f0-8f3c-0b3b6257eebf"
        ],
        "Strict-Transport-Security": [
          "max-age=31536000; includeSubDomains"
        ],
        "x-ms-ratelimit-remaining-subscription-reads": [
          "11988"
        ],
        "x-ms-routing-request-id": [
          "WESTUS2:20190918T221458Z:eda97e41-4370-4bdf-a8aa-c4bc512131bf"
        ],
        "X-Content-Type-Options": [
          "nosniff"
        ],
        "Content-Length": [
          "747"
        ],
        "Content-Type": [
          "application/json; charset=utf-8"
        ],
        "Expires": [
          "-1"
        ]
      },
      "ResponseBody": "{\r\n  \"name\": \"ps2801\",\r\n  \"id\": \"/subscriptions/3dc13b6d-6896-40ac-98f7-f18cbce2a405/resourceGroups/ps9515/providers/Microsoft.Network/publicIPAddresses/ps2801\",\r\n  \"etag\": \"W/\\\"f1319028-de3f-449f-b711-4b0d4df9d15d\\\"\",\r\n  \"location\": \"westcentralus\",\r\n  \"properties\": {\r\n    \"provisioningState\": \"Succeeded\",\r\n    \"resourceGuid\": \"bf7c5d1a-d872-4b36-b781-b142796be30e\",\r\n    \"publicIPAddressVersion\": \"IPv4\",\r\n    \"publicIPAllocationMethod\": \"Dynamic\",\r\n    \"idleTimeoutInMinutes\": 4,\r\n    \"dnsSettings\": {\r\n      \"domainNameLabel\": \"ps9772\",\r\n      \"fqdn\": \"ps9772.westcentralus.cloudapp.azure.com\"\r\n    },\r\n    \"ipTags\": []\r\n  },\r\n  \"type\": \"Microsoft.Network/publicIPAddresses\",\r\n  \"sku\": {\r\n    \"name\": \"Basic\",\r\n    \"tier\": \"Regional\"\r\n  }\r\n}",
      "StatusCode": 200
    },
    {
      "RequestUri": "/subscriptions/3dc13b6d-6896-40ac-98f7-f18cbce2a405/resourceGroups/ps9515/providers/Microsoft.Network/publicIPAddresses/ps2801?api-version=2019-08-01",
      "EncodedRequestUri": "L3N1YnNjcmlwdGlvbnMvM2RjMTNiNmQtNjg5Ni00MGFjLTk4ZjctZjE4Y2JjZTJhNDA1L3Jlc291cmNlR3JvdXBzL3BzOTUxNS9wcm92aWRlcnMvTWljcm9zb2Z0Lk5ldHdvcmsvcHVibGljSVBBZGRyZXNzZXMvcHMyODAxP2FwaS12ZXJzaW9uPTIwMTktMDgtMDE=",
      "RequestMethod": "GET",
      "RequestBody": "",
      "RequestHeaders": {
        "x-ms-client-request-id": [
          "39bd5357-5fe8-4851-b545-5048b530805f"
        ],
        "accept-language": [
          "en-US"
        ],
        "User-Agent": [
          "FxVersion/4.6.26614.01",
          "OSName/Windows",
          "OSVersion/Microsoft.Windows.10.0.14393.",
          "Microsoft.Azure.Management.Network.NetworkManagementClient/20.0.0.0"
        ]
      },
      "ResponseHeaders": {
        "Cache-Control": [
          "no-cache"
        ],
        "Date": [
          "Wed, 18 Sep 2019 22:14:57 GMT"
        ],
        "Pragma": [
          "no-cache"
        ],
        "ETag": [
          "W/\"f1319028-de3f-449f-b711-4b0d4df9d15d\""
        ],
        "Server": [
          "Microsoft-HTTPAPI/2.0",
          "Microsoft-HTTPAPI/2.0"
        ],
        "x-ms-request-id": [
          "043555c8-ac16-4419-aec6-c091774790af"
        ],
        "x-ms-correlation-request-id": [
          "dcc5c834-cdf3-4ae2-8104-9ae8dac8fb94"
        ],
        "x-ms-arm-service-request-id": [
          "8604293b-602e-44bc-ad26-86a427792e6b"
        ],
        "Strict-Transport-Security": [
          "max-age=31536000; includeSubDomains"
        ],
        "x-ms-ratelimit-remaining-subscription-reads": [
          "11987"
        ],
        "x-ms-routing-request-id": [
          "WESTUS2:20190918T221458Z:dcc5c834-cdf3-4ae2-8104-9ae8dac8fb94"
        ],
        "X-Content-Type-Options": [
          "nosniff"
        ],
        "Content-Length": [
          "747"
        ],
        "Content-Type": [
          "application/json; charset=utf-8"
        ],
        "Expires": [
          "-1"
        ]
      },
      "ResponseBody": "{\r\n  \"name\": \"ps2801\",\r\n  \"id\": \"/subscriptions/3dc13b6d-6896-40ac-98f7-f18cbce2a405/resourceGroups/ps9515/providers/Microsoft.Network/publicIPAddresses/ps2801\",\r\n  \"etag\": \"W/\\\"f1319028-de3f-449f-b711-4b0d4df9d15d\\\"\",\r\n  \"location\": \"westcentralus\",\r\n  \"properties\": {\r\n    \"provisioningState\": \"Succeeded\",\r\n    \"resourceGuid\": \"bf7c5d1a-d872-4b36-b781-b142796be30e\",\r\n    \"publicIPAddressVersion\": \"IPv4\",\r\n    \"publicIPAllocationMethod\": \"Dynamic\",\r\n    \"idleTimeoutInMinutes\": 4,\r\n    \"dnsSettings\": {\r\n      \"domainNameLabel\": \"ps9772\",\r\n      \"fqdn\": \"ps9772.westcentralus.cloudapp.azure.com\"\r\n    },\r\n    \"ipTags\": []\r\n  },\r\n  \"type\": \"Microsoft.Network/publicIPAddresses\",\r\n  \"sku\": {\r\n    \"name\": \"Basic\",\r\n    \"tier\": \"Regional\"\r\n  }\r\n}",
      "StatusCode": 200
    },
    {
      "RequestUri": "/subscriptions/3dc13b6d-6896-40ac-98f7-f18cbce2a405/resourceGroups/ps9515/providers/Microsoft.Network/publicIPAddresses/ps2801?api-version=2019-08-01",
      "EncodedRequestUri": "L3N1YnNjcmlwdGlvbnMvM2RjMTNiNmQtNjg5Ni00MGFjLTk4ZjctZjE4Y2JjZTJhNDA1L3Jlc291cmNlR3JvdXBzL3BzOTUxNS9wcm92aWRlcnMvTWljcm9zb2Z0Lk5ldHdvcmsvcHVibGljSVBBZGRyZXNzZXMvcHMyODAxP2FwaS12ZXJzaW9uPTIwMTktMDgtMDE=",
      "RequestMethod": "PUT",
      "RequestBody": "{\r\n  \"properties\": {\r\n    \"publicIPAllocationMethod\": \"Dynamic\",\r\n    \"dnsSettings\": {\r\n      \"domainNameLabel\": \"ps9772\"\r\n    },\r\n    \"ipTags\": []\r\n  },\r\n  \"zones\": [],\r\n  \"location\": \"westcentralus\"\r\n}",
      "RequestHeaders": {
        "x-ms-client-request-id": [
          "52ac02b0-d3ed-47d8-86de-7187734c7d80"
        ],
        "accept-language": [
          "en-US"
        ],
        "User-Agent": [
          "FxVersion/4.6.26614.01",
          "OSName/Windows",
          "OSVersion/Microsoft.Windows.10.0.14393.",
          "Microsoft.Azure.Management.Network.NetworkManagementClient/20.0.0.0"
        ],
        "Content-Type": [
          "application/json; charset=utf-8"
        ],
        "Content-Length": [
          "203"
        ]
      },
      "ResponseHeaders": {
        "Cache-Control": [
          "no-cache"
        ],
        "Date": [
          "Wed, 18 Sep 2019 22:14:56 GMT"
        ],
        "Pragma": [
          "no-cache"
        ],
        "Retry-After": [
          "1"
        ],
        "Server": [
          "Microsoft-HTTPAPI/2.0",
          "Microsoft-HTTPAPI/2.0"
        ],
        "x-ms-request-id": [
          "86914be1-c9c3-454c-9d0f-d9890b708858"
        ],
        "Azure-AsyncOperation": [
          "https://management.azure.com/subscriptions/3dc13b6d-6896-40ac-98f7-f18cbce2a405/providers/Microsoft.Network/locations/westcentralus/operations/86914be1-c9c3-454c-9d0f-d9890b708858?api-version=2019-08-01"
        ],
        "x-ms-correlation-request-id": [
          "ba68808c-2c57-4317-bca1-95e36428234c"
        ],
        "Azure-AsyncNotification": [
          "Enabled"
        ],
        "x-ms-arm-service-request-id": [
          "d42094ba-c0a3-4d2f-87e2-f6a44982294e"
        ],
        "Strict-Transport-Security": [
          "max-age=31536000; includeSubDomains"
        ],
        "x-ms-ratelimit-remaining-subscription-writes": [
          "1198"
        ],
        "x-ms-routing-request-id": [
          "WESTUS2:20190918T221457Z:ba68808c-2c57-4317-bca1-95e36428234c"
        ],
        "X-Content-Type-Options": [
          "nosniff"
        ],
        "Content-Length": [
          "746"
        ],
        "Content-Type": [
          "application/json; charset=utf-8"
        ],
        "Expires": [
          "-1"
        ]
      },
      "ResponseBody": "{\r\n  \"name\": \"ps2801\",\r\n  \"id\": \"/subscriptions/3dc13b6d-6896-40ac-98f7-f18cbce2a405/resourceGroups/ps9515/providers/Microsoft.Network/publicIPAddresses/ps2801\",\r\n  \"etag\": \"W/\\\"b9db2ea2-369a-4092-91fb-f638735adf1f\\\"\",\r\n  \"location\": \"westcentralus\",\r\n  \"properties\": {\r\n    \"provisioningState\": \"Updating\",\r\n    \"resourceGuid\": \"bf7c5d1a-d872-4b36-b781-b142796be30e\",\r\n    \"publicIPAddressVersion\": \"IPv4\",\r\n    \"publicIPAllocationMethod\": \"Dynamic\",\r\n    \"idleTimeoutInMinutes\": 4,\r\n    \"dnsSettings\": {\r\n      \"domainNameLabel\": \"ps9772\",\r\n      \"fqdn\": \"ps9772.westcentralus.cloudapp.azure.com\"\r\n    },\r\n    \"ipTags\": []\r\n  },\r\n  \"type\": \"Microsoft.Network/publicIPAddresses\",\r\n  \"sku\": {\r\n    \"name\": \"Basic\",\r\n    \"tier\": \"Regional\"\r\n  }\r\n}",
      "StatusCode": 201
    },
    {
      "RequestUri": "/subscriptions/3dc13b6d-6896-40ac-98f7-f18cbce2a405/providers/Microsoft.Network/locations/westcentralus/operations/86914be1-c9c3-454c-9d0f-d9890b708858?api-version=2019-08-01",
      "EncodedRequestUri": "L3N1YnNjcmlwdGlvbnMvM2RjMTNiNmQtNjg5Ni00MGFjLTk4ZjctZjE4Y2JjZTJhNDA1L3Byb3ZpZGVycy9NaWNyb3NvZnQuTmV0d29yay9sb2NhdGlvbnMvd2VzdGNlbnRyYWx1cy9vcGVyYXRpb25zLzg2OTE0YmUxLWM5YzMtNDU0Yy05ZDBmLWQ5ODkwYjcwODg1OD9hcGktdmVyc2lvbj0yMDE5LTA4LTAx",
      "RequestMethod": "GET",
      "RequestBody": "",
      "RequestHeaders": {
        "User-Agent": [
          "FxVersion/4.6.26614.01",
          "OSName/Windows",
          "OSVersion/Microsoft.Windows.10.0.14393.",
          "Microsoft.Azure.Management.Network.NetworkManagementClient/20.0.0.0"
        ]
      },
      "ResponseHeaders": {
        "Cache-Control": [
          "no-cache"
        ],
        "Date": [
          "Wed, 18 Sep 2019 22:14:57 GMT"
        ],
        "Pragma": [
          "no-cache"
        ],
        "Server": [
          "Microsoft-HTTPAPI/2.0",
          "Microsoft-HTTPAPI/2.0"
        ],
        "x-ms-request-id": [
          "9946310b-9e79-4008-9668-8724b3dc1634"
        ],
        "x-ms-correlation-request-id": [
          "c189d844-62a1-4454-92c4-23938da6e3b5"
        ],
        "x-ms-arm-service-request-id": [
          "f16cd8f6-29a9-4dbb-897a-9a48f808084f"
        ],
        "Strict-Transport-Security": [
          "max-age=31536000; includeSubDomains"
        ],
        "x-ms-ratelimit-remaining-subscription-reads": [
          "11989"
        ],
        "x-ms-routing-request-id": [
          "WESTUS2:20190918T221458Z:c189d844-62a1-4454-92c4-23938da6e3b5"
        ],
        "X-Content-Type-Options": [
          "nosniff"
        ],
        "Content-Length": [
          "29"
        ],
        "Content-Type": [
          "application/json; charset=utf-8"
        ],
        "Expires": [
          "-1"
        ]
      },
      "ResponseBody": "{\r\n  \"status\": \"Succeeded\"\r\n}",
      "StatusCode": 200
    },
    {
      "RequestUri": "/subscriptions/3dc13b6d-6896-40ac-98f7-f18cbce2a405/resourceGroups/ps9515/providers/Microsoft.Network/loadBalancers/ps2122?api-version=2019-08-01",
      "EncodedRequestUri": "L3N1YnNjcmlwdGlvbnMvM2RjMTNiNmQtNjg5Ni00MGFjLTk4ZjctZjE4Y2JjZTJhNDA1L3Jlc291cmNlR3JvdXBzL3BzOTUxNS9wcm92aWRlcnMvTWljcm9zb2Z0Lk5ldHdvcmsvbG9hZEJhbGFuY2Vycy9wczIxMjI/YXBpLXZlcnNpb249MjAxOS0wOC0wMQ==",
      "RequestMethod": "GET",
      "RequestBody": "",
      "RequestHeaders": {
        "x-ms-client-request-id": [
          "b9d8146c-e9ea-4ca7-857f-ea47eb500308"
        ],
        "accept-language": [
          "en-US"
        ],
        "User-Agent": [
          "FxVersion/4.6.26614.01",
          "OSName/Windows",
          "OSVersion/Microsoft.Windows.10.0.14393.",
          "Microsoft.Azure.Management.Network.NetworkManagementClient/20.0.0.0"
        ]
      },
      "ResponseHeaders": {
        "Cache-Control": [
          "no-cache"
        ],
        "Date": [
          "Wed, 18 Sep 2019 22:14:57 GMT"
        ],
        "Pragma": [
          "no-cache"
        ],
        "x-ms-failure-cause": [
          "gateway"
        ],
        "x-ms-request-id": [
          "8f98332b-cf25-4903-a1ed-9a71e80034f3"
        ],
        "x-ms-correlation-request-id": [
          "8f98332b-cf25-4903-a1ed-9a71e80034f3"
        ],
        "x-ms-routing-request-id": [
          "WESTUS2:20190918T221458Z:8f98332b-cf25-4903-a1ed-9a71e80034f3"
        ],
        "Strict-Transport-Security": [
          "max-age=31536000; includeSubDomains"
        ],
        "X-Content-Type-Options": [
          "nosniff"
        ],
        "Content-Length": [
          "148"
        ],
        "Content-Type": [
          "application/json; charset=utf-8"
        ],
        "Expires": [
          "-1"
        ]
      },
      "ResponseBody": "{\r\n  \"error\": {\r\n    \"code\": \"ResourceNotFound\",\r\n    \"message\": \"The Resource 'Microsoft.Network/loadBalancers/ps2122' under resource group 'ps9515' was not found.\"\r\n  }\r\n}",
      "StatusCode": 404
    },
    {
      "RequestUri": "/subscriptions/3dc13b6d-6896-40ac-98f7-f18cbce2a405/resourceGroups/ps9515/providers/Microsoft.Network/loadBalancers/ps2122?api-version=2019-08-01",
      "EncodedRequestUri": "L3N1YnNjcmlwdGlvbnMvM2RjMTNiNmQtNjg5Ni00MGFjLTk4ZjctZjE4Y2JjZTJhNDA1L3Jlc291cmNlR3JvdXBzL3BzOTUxNS9wcm92aWRlcnMvTWljcm9zb2Z0Lk5ldHdvcmsvbG9hZEJhbGFuY2Vycy9wczIxMjI/YXBpLXZlcnNpb249MjAxOS0wOC0wMQ==",
      "RequestMethod": "GET",
      "RequestBody": "",
      "RequestHeaders": {
        "User-Agent": [
          "FxVersion/4.6.26614.01",
          "OSName/Windows",
          "OSVersion/Microsoft.Windows.10.0.14393.",
          "Microsoft.Azure.Management.Network.NetworkManagementClient/20.0.0.0"
        ]
      },
      "ResponseHeaders": {
        "Cache-Control": [
          "no-cache"
        ],
        "Date": [
          "Wed, 18 Sep 2019 22:14:58 GMT"
        ],
        "Pragma": [
          "no-cache"
        ],
        "ETag": [
          "W/\"609990ba-4746-4544-800b-d09b1135b5b2\""
        ],
        "Server": [
          "Microsoft-HTTPAPI/2.0",
          "Microsoft-HTTPAPI/2.0"
        ],
        "x-ms-request-id": [
          "57f00caa-8f7e-4699-97f8-4bc3a60de1ac"
        ],
        "x-ms-correlation-request-id": [
          "8db04f8f-24f3-4bcd-9098-0650f8940bb7"
        ],
        "x-ms-arm-service-request-id": [
          "13010f90-865f-4d49-94ed-b1ba14a2e0a4"
        ],
        "Strict-Transport-Security": [
          "max-age=31536000; includeSubDomains"
        ],
        "x-ms-ratelimit-remaining-subscription-reads": [
          "11986"
        ],
        "x-ms-routing-request-id": [
          "WESTUS2:20190918T221459Z:8db04f8f-24f3-4bcd-9098-0650f8940bb7"
        ],
        "X-Content-Type-Options": [
          "nosniff"
        ],
        "Content-Length": [
          "5785"
        ],
        "Content-Type": [
          "application/json; charset=utf-8"
        ],
        "Expires": [
          "-1"
        ]
      },
      "ResponseBody": "{\r\n  \"name\": \"ps2122\",\r\n  \"id\": \"/subscriptions/3dc13b6d-6896-40ac-98f7-f18cbce2a405/resourceGroups/ps9515/providers/Microsoft.Network/loadBalancers/ps2122\",\r\n  \"etag\": \"W/\\\"609990ba-4746-4544-800b-d09b1135b5b2\\\"\",\r\n  \"type\": \"Microsoft.Network/loadBalancers\",\r\n  \"location\": \"westcentralus\",\r\n  \"properties\": {\r\n    \"provisioningState\": \"Succeeded\",\r\n    \"resourceGuid\": \"cd92a604-d729-4114-8968-744080d5b7b5\",\r\n    \"frontendIPConfigurations\": [\r\n      {\r\n        \"name\": \"ps3171\",\r\n        \"id\": \"/subscriptions/3dc13b6d-6896-40ac-98f7-f18cbce2a405/resourceGroups/ps9515/providers/Microsoft.Network/loadBalancers/ps2122/frontendIPConfigurations/ps3171\",\r\n        \"etag\": \"W/\\\"609990ba-4746-4544-800b-d09b1135b5b2\\\"\",\r\n        \"type\": \"Microsoft.Network/loadBalancers/frontendIPConfigurations\",\r\n        \"properties\": {\r\n          \"provisioningState\": \"Succeeded\",\r\n          \"privateIPAllocationMethod\": \"Dynamic\",\r\n          \"publicIPAddress\": {\r\n            \"id\": \"/subscriptions/3dc13b6d-6896-40ac-98f7-f18cbce2a405/resourceGroups/ps9515/providers/Microsoft.Network/publicIPAddresses/ps2801\"\r\n          },\r\n          \"loadBalancingRules\": [\r\n            {\r\n              \"id\": \"/subscriptions/3dc13b6d-6896-40ac-98f7-f18cbce2a405/resourceGroups/ps9515/providers/Microsoft.Network/loadBalancers/ps2122/loadBalancingRules/ps7664\"\r\n            }\r\n          ],\r\n          \"inboundNatRules\": [\r\n            {\r\n              \"id\": \"/subscriptions/3dc13b6d-6896-40ac-98f7-f18cbce2a405/resourceGroups/ps9515/providers/Microsoft.Network/loadBalancers/ps2122/inboundNatRules/ps5853\"\r\n            }\r\n          ],\r\n          \"privateIPAddressVersion\": \"IPv4\"\r\n        }\r\n      }\r\n    ],\r\n    \"backendAddressPools\": [\r\n      {\r\n        \"name\": \"ps3188\",\r\n        \"id\": \"/subscriptions/3dc13b6d-6896-40ac-98f7-f18cbce2a405/resourceGroups/ps9515/providers/Microsoft.Network/loadBalancers/ps2122/backendAddressPools/ps3188\",\r\n        \"etag\": \"W/\\\"609990ba-4746-4544-800b-d09b1135b5b2\\\"\",\r\n        \"properties\": {\r\n          \"provisioningState\": \"Succeeded\",\r\n          \"loadBalancingRules\": [\r\n            {\r\n              \"id\": \"/subscriptions/3dc13b6d-6896-40ac-98f7-f18cbce2a405/resourceGroups/ps9515/providers/Microsoft.Network/loadBalancers/ps2122/loadBalancingRules/ps7664\"\r\n            }\r\n          ]\r\n        },\r\n        \"type\": \"Microsoft.Network/loadBalancers/backendAddressPools\"\r\n      }\r\n    ],\r\n    \"loadBalancingRules\": [\r\n      {\r\n        \"name\": \"ps7664\",\r\n        \"id\": \"/subscriptions/3dc13b6d-6896-40ac-98f7-f18cbce2a405/resourceGroups/ps9515/providers/Microsoft.Network/loadBalancers/ps2122/loadBalancingRules/ps7664\",\r\n        \"etag\": \"W/\\\"609990ba-4746-4544-800b-d09b1135b5b2\\\"\",\r\n        \"type\": \"Microsoft.Network/loadBalancers/loadBalancingRules\",\r\n        \"properties\": {\r\n          \"provisioningState\": \"Succeeded\",\r\n          \"frontendIPConfiguration\": {\r\n            \"id\": \"/subscriptions/3dc13b6d-6896-40ac-98f7-f18cbce2a405/resourceGroups/ps9515/providers/Microsoft.Network/loadBalancers/ps2122/frontendIPConfigurations/ps3171\"\r\n          },\r\n          \"frontendPort\": 80,\r\n          \"backendPort\": 80,\r\n          \"enableFloatingIP\": true,\r\n          \"idleTimeoutInMinutes\": 15,\r\n          \"protocol\": \"Tcp\",\r\n          \"enableDestinationServiceEndpoint\": false,\r\n          \"enableTcpReset\": false,\r\n          \"allowBackendPortConflict\": false,\r\n          \"loadDistribution\": \"SourceIP\",\r\n          \"backendAddressPool\": {\r\n            \"id\": \"/subscriptions/3dc13b6d-6896-40ac-98f7-f18cbce2a405/resourceGroups/ps9515/providers/Microsoft.Network/loadBalancers/ps2122/backendAddressPools/ps3188\"\r\n          },\r\n          \"probe\": {\r\n            \"id\": \"/subscriptions/3dc13b6d-6896-40ac-98f7-f18cbce2a405/resourceGroups/ps9515/providers/Microsoft.Network/loadBalancers/ps2122/probes/ps6663\"\r\n          }\r\n        }\r\n      }\r\n    ],\r\n    \"probes\": [\r\n      {\r\n        \"name\": \"ps6663\",\r\n        \"id\": \"/subscriptions/3dc13b6d-6896-40ac-98f7-f18cbce2a405/resourceGroups/ps9515/providers/Microsoft.Network/loadBalancers/ps2122/probes/ps6663\",\r\n        \"etag\": \"W/\\\"609990ba-4746-4544-800b-d09b1135b5b2\\\"\",\r\n        \"properties\": {\r\n          \"provisioningState\": \"Succeeded\",\r\n          \"protocol\": \"Http\",\r\n          \"port\": 80,\r\n          \"requestPath\": \"healthcheck.aspx\",\r\n          \"intervalInSeconds\": 15,\r\n          \"numberOfProbes\": 2,\r\n          \"loadBalancingRules\": [\r\n            {\r\n              \"id\": \"/subscriptions/3dc13b6d-6896-40ac-98f7-f18cbce2a405/resourceGroups/ps9515/providers/Microsoft.Network/loadBalancers/ps2122/loadBalancingRules/ps7664\"\r\n            }\r\n          ]\r\n        },\r\n        \"type\": \"Microsoft.Network/loadBalancers/probes\"\r\n      }\r\n    ],\r\n    \"inboundNatRules\": [\r\n      {\r\n        \"name\": \"ps5853\",\r\n        \"id\": \"/subscriptions/3dc13b6d-6896-40ac-98f7-f18cbce2a405/resourceGroups/ps9515/providers/Microsoft.Network/loadBalancers/ps2122/inboundNatRules/ps5853\",\r\n        \"etag\": \"W/\\\"609990ba-4746-4544-800b-d09b1135b5b2\\\"\",\r\n        \"type\": \"Microsoft.Network/loadBalancers/inboundNatRules\",\r\n        \"properties\": {\r\n          \"provisioningState\": \"Succeeded\",\r\n          \"frontendIPConfiguration\": {\r\n            \"id\": \"/subscriptions/3dc13b6d-6896-40ac-98f7-f18cbce2a405/resourceGroups/ps9515/providers/Microsoft.Network/loadBalancers/ps2122/frontendIPConfigurations/ps3171\"\r\n          },\r\n          \"frontendPort\": 3389,\r\n          \"backendPort\": 3389,\r\n          \"enableFloatingIP\": true,\r\n          \"idleTimeoutInMinutes\": 15,\r\n          \"protocol\": \"Tcp\",\r\n          \"enableDestinationServiceEndpoint\": false,\r\n          \"enableTcpReset\": false,\r\n          \"allowBackendPortConflict\": false\r\n        }\r\n      }\r\n    ],\r\n    \"inboundNatPools\": []\r\n  },\r\n  \"sku\": {\r\n    \"name\": \"Basic\",\r\n    \"tier\": \"Regional\"\r\n  }\r\n}",
      "StatusCode": 200
    },
    {
      "RequestUri": "/subscriptions/3dc13b6d-6896-40ac-98f7-f18cbce2a405/resourceGroups/ps9515/providers/Microsoft.Network/loadBalancers/ps2122?api-version=2019-08-01",
      "EncodedRequestUri": "L3N1YnNjcmlwdGlvbnMvM2RjMTNiNmQtNjg5Ni00MGFjLTk4ZjctZjE4Y2JjZTJhNDA1L3Jlc291cmNlR3JvdXBzL3BzOTUxNS9wcm92aWRlcnMvTWljcm9zb2Z0Lk5ldHdvcmsvbG9hZEJhbGFuY2Vycy9wczIxMjI/YXBpLXZlcnNpb249MjAxOS0wOC0wMQ==",
      "RequestMethod": "GET",
      "RequestBody": "",
      "RequestHeaders": {
        "x-ms-client-request-id": [
          "1d98ff01-201b-4095-8273-41f45bd34b56"
        ],
        "accept-language": [
          "en-US"
        ],
        "User-Agent": [
          "FxVersion/4.6.26614.01",
          "OSName/Windows",
          "OSVersion/Microsoft.Windows.10.0.14393.",
          "Microsoft.Azure.Management.Network.NetworkManagementClient/20.0.0.0"
        ]
      },
      "ResponseHeaders": {
        "Cache-Control": [
          "no-cache"
        ],
        "Date": [
          "Wed, 18 Sep 2019 22:14:58 GMT"
        ],
        "Pragma": [
          "no-cache"
        ],
        "ETag": [
          "W/\"609990ba-4746-4544-800b-d09b1135b5b2\""
        ],
        "Server": [
          "Microsoft-HTTPAPI/2.0",
          "Microsoft-HTTPAPI/2.0"
        ],
        "x-ms-request-id": [
          "5dd1a629-442d-4062-8c43-0d082361e260"
        ],
        "x-ms-correlation-request-id": [
          "5161e4d3-533d-41b8-9344-ecd912d34398"
        ],
        "x-ms-arm-service-request-id": [
          "2daff067-17f4-4ac1-8d98-99c95d403f31"
        ],
        "Strict-Transport-Security": [
          "max-age=31536000; includeSubDomains"
        ],
        "x-ms-ratelimit-remaining-subscription-reads": [
          "11985"
        ],
        "x-ms-routing-request-id": [
          "WESTUS2:20190918T221459Z:5161e4d3-533d-41b8-9344-ecd912d34398"
        ],
        "X-Content-Type-Options": [
          "nosniff"
        ],
        "Content-Length": [
          "5785"
        ],
        "Content-Type": [
          "application/json; charset=utf-8"
        ],
        "Expires": [
          "-1"
        ]
      },
      "ResponseBody": "{\r\n  \"name\": \"ps2122\",\r\n  \"id\": \"/subscriptions/3dc13b6d-6896-40ac-98f7-f18cbce2a405/resourceGroups/ps9515/providers/Microsoft.Network/loadBalancers/ps2122\",\r\n  \"etag\": \"W/\\\"609990ba-4746-4544-800b-d09b1135b5b2\\\"\",\r\n  \"type\": \"Microsoft.Network/loadBalancers\",\r\n  \"location\": \"westcentralus\",\r\n  \"properties\": {\r\n    \"provisioningState\": \"Succeeded\",\r\n    \"resourceGuid\": \"cd92a604-d729-4114-8968-744080d5b7b5\",\r\n    \"frontendIPConfigurations\": [\r\n      {\r\n        \"name\": \"ps3171\",\r\n        \"id\": \"/subscriptions/3dc13b6d-6896-40ac-98f7-f18cbce2a405/resourceGroups/ps9515/providers/Microsoft.Network/loadBalancers/ps2122/frontendIPConfigurations/ps3171\",\r\n        \"etag\": \"W/\\\"609990ba-4746-4544-800b-d09b1135b5b2\\\"\",\r\n        \"type\": \"Microsoft.Network/loadBalancers/frontendIPConfigurations\",\r\n        \"properties\": {\r\n          \"provisioningState\": \"Succeeded\",\r\n          \"privateIPAllocationMethod\": \"Dynamic\",\r\n          \"publicIPAddress\": {\r\n            \"id\": \"/subscriptions/3dc13b6d-6896-40ac-98f7-f18cbce2a405/resourceGroups/ps9515/providers/Microsoft.Network/publicIPAddresses/ps2801\"\r\n          },\r\n          \"loadBalancingRules\": [\r\n            {\r\n              \"id\": \"/subscriptions/3dc13b6d-6896-40ac-98f7-f18cbce2a405/resourceGroups/ps9515/providers/Microsoft.Network/loadBalancers/ps2122/loadBalancingRules/ps7664\"\r\n            }\r\n          ],\r\n          \"inboundNatRules\": [\r\n            {\r\n              \"id\": \"/subscriptions/3dc13b6d-6896-40ac-98f7-f18cbce2a405/resourceGroups/ps9515/providers/Microsoft.Network/loadBalancers/ps2122/inboundNatRules/ps5853\"\r\n            }\r\n          ],\r\n          \"privateIPAddressVersion\": \"IPv4\"\r\n        }\r\n      }\r\n    ],\r\n    \"backendAddressPools\": [\r\n      {\r\n        \"name\": \"ps3188\",\r\n        \"id\": \"/subscriptions/3dc13b6d-6896-40ac-98f7-f18cbce2a405/resourceGroups/ps9515/providers/Microsoft.Network/loadBalancers/ps2122/backendAddressPools/ps3188\",\r\n        \"etag\": \"W/\\\"609990ba-4746-4544-800b-d09b1135b5b2\\\"\",\r\n        \"properties\": {\r\n          \"provisioningState\": \"Succeeded\",\r\n          \"loadBalancingRules\": [\r\n            {\r\n              \"id\": \"/subscriptions/3dc13b6d-6896-40ac-98f7-f18cbce2a405/resourceGroups/ps9515/providers/Microsoft.Network/loadBalancers/ps2122/loadBalancingRules/ps7664\"\r\n            }\r\n          ]\r\n        },\r\n        \"type\": \"Microsoft.Network/loadBalancers/backendAddressPools\"\r\n      }\r\n    ],\r\n    \"loadBalancingRules\": [\r\n      {\r\n        \"name\": \"ps7664\",\r\n        \"id\": \"/subscriptions/3dc13b6d-6896-40ac-98f7-f18cbce2a405/resourceGroups/ps9515/providers/Microsoft.Network/loadBalancers/ps2122/loadBalancingRules/ps7664\",\r\n        \"etag\": \"W/\\\"609990ba-4746-4544-800b-d09b1135b5b2\\\"\",\r\n        \"type\": \"Microsoft.Network/loadBalancers/loadBalancingRules\",\r\n        \"properties\": {\r\n          \"provisioningState\": \"Succeeded\",\r\n          \"frontendIPConfiguration\": {\r\n            \"id\": \"/subscriptions/3dc13b6d-6896-40ac-98f7-f18cbce2a405/resourceGroups/ps9515/providers/Microsoft.Network/loadBalancers/ps2122/frontendIPConfigurations/ps3171\"\r\n          },\r\n          \"frontendPort\": 80,\r\n          \"backendPort\": 80,\r\n          \"enableFloatingIP\": true,\r\n          \"idleTimeoutInMinutes\": 15,\r\n          \"protocol\": \"Tcp\",\r\n          \"enableDestinationServiceEndpoint\": false,\r\n          \"enableTcpReset\": false,\r\n          \"allowBackendPortConflict\": false,\r\n          \"loadDistribution\": \"SourceIP\",\r\n          \"backendAddressPool\": {\r\n            \"id\": \"/subscriptions/3dc13b6d-6896-40ac-98f7-f18cbce2a405/resourceGroups/ps9515/providers/Microsoft.Network/loadBalancers/ps2122/backendAddressPools/ps3188\"\r\n          },\r\n          \"probe\": {\r\n            \"id\": \"/subscriptions/3dc13b6d-6896-40ac-98f7-f18cbce2a405/resourceGroups/ps9515/providers/Microsoft.Network/loadBalancers/ps2122/probes/ps6663\"\r\n          }\r\n        }\r\n      }\r\n    ],\r\n    \"probes\": [\r\n      {\r\n        \"name\": \"ps6663\",\r\n        \"id\": \"/subscriptions/3dc13b6d-6896-40ac-98f7-f18cbce2a405/resourceGroups/ps9515/providers/Microsoft.Network/loadBalancers/ps2122/probes/ps6663\",\r\n        \"etag\": \"W/\\\"609990ba-4746-4544-800b-d09b1135b5b2\\\"\",\r\n        \"properties\": {\r\n          \"provisioningState\": \"Succeeded\",\r\n          \"protocol\": \"Http\",\r\n          \"port\": 80,\r\n          \"requestPath\": \"healthcheck.aspx\",\r\n          \"intervalInSeconds\": 15,\r\n          \"numberOfProbes\": 2,\r\n          \"loadBalancingRules\": [\r\n            {\r\n              \"id\": \"/subscriptions/3dc13b6d-6896-40ac-98f7-f18cbce2a405/resourceGroups/ps9515/providers/Microsoft.Network/loadBalancers/ps2122/loadBalancingRules/ps7664\"\r\n            }\r\n          ]\r\n        },\r\n        \"type\": \"Microsoft.Network/loadBalancers/probes\"\r\n      }\r\n    ],\r\n    \"inboundNatRules\": [\r\n      {\r\n        \"name\": \"ps5853\",\r\n        \"id\": \"/subscriptions/3dc13b6d-6896-40ac-98f7-f18cbce2a405/resourceGroups/ps9515/providers/Microsoft.Network/loadBalancers/ps2122/inboundNatRules/ps5853\",\r\n        \"etag\": \"W/\\\"609990ba-4746-4544-800b-d09b1135b5b2\\\"\",\r\n        \"type\": \"Microsoft.Network/loadBalancers/inboundNatRules\",\r\n        \"properties\": {\r\n          \"provisioningState\": \"Succeeded\",\r\n          \"frontendIPConfiguration\": {\r\n            \"id\": \"/subscriptions/3dc13b6d-6896-40ac-98f7-f18cbce2a405/resourceGroups/ps9515/providers/Microsoft.Network/loadBalancers/ps2122/frontendIPConfigurations/ps3171\"\r\n          },\r\n          \"frontendPort\": 3389,\r\n          \"backendPort\": 3389,\r\n          \"enableFloatingIP\": true,\r\n          \"idleTimeoutInMinutes\": 15,\r\n          \"protocol\": \"Tcp\",\r\n          \"enableDestinationServiceEndpoint\": false,\r\n          \"enableTcpReset\": false,\r\n          \"allowBackendPortConflict\": false\r\n        }\r\n      }\r\n    ],\r\n    \"inboundNatPools\": []\r\n  },\r\n  \"sku\": {\r\n    \"name\": \"Basic\",\r\n    \"tier\": \"Regional\"\r\n  }\r\n}",
      "StatusCode": 200
    },
    {
      "RequestUri": "/subscriptions/3dc13b6d-6896-40ac-98f7-f18cbce2a405/resourceGroups/ps9515/providers/Microsoft.Network/loadBalancers/ps2122?api-version=2019-08-01",
      "EncodedRequestUri": "L3N1YnNjcmlwdGlvbnMvM2RjMTNiNmQtNjg5Ni00MGFjLTk4ZjctZjE4Y2JjZTJhNDA1L3Jlc291cmNlR3JvdXBzL3BzOTUxNS9wcm92aWRlcnMvTWljcm9zb2Z0Lk5ldHdvcmsvbG9hZEJhbGFuY2Vycy9wczIxMjI/YXBpLXZlcnNpb249MjAxOS0wOC0wMQ==",
      "RequestMethod": "GET",
      "RequestBody": "",
      "RequestHeaders": {
        "x-ms-client-request-id": [
          "e211e7d6-09f0-48a9-9221-7ff30e704fa8"
        ],
        "accept-language": [
          "en-US"
        ],
        "User-Agent": [
          "FxVersion/4.6.26614.01",
          "OSName/Windows",
          "OSVersion/Microsoft.Windows.10.0.14393.",
          "Microsoft.Azure.Management.Network.NetworkManagementClient/20.0.0.0"
        ]
      },
      "ResponseHeaders": {
        "Cache-Control": [
          "no-cache"
        ],
        "Date": [
          "Wed, 18 Sep 2019 22:14:59 GMT"
        ],
        "Pragma": [
          "no-cache"
        ],
        "ETag": [
          "W/\"609990ba-4746-4544-800b-d09b1135b5b2\""
        ],
        "Server": [
          "Microsoft-HTTPAPI/2.0",
          "Microsoft-HTTPAPI/2.0"
        ],
        "x-ms-request-id": [
          "59104660-a5c3-4647-b397-623b4189c4d0"
        ],
        "x-ms-correlation-request-id": [
          "e8f11569-72b8-4235-945b-cb812af8618a"
        ],
        "x-ms-arm-service-request-id": [
          "bd0928b3-8f1b-42bd-87fa-029dcd52459e"
        ],
        "Strict-Transport-Security": [
          "max-age=31536000; includeSubDomains"
        ],
        "x-ms-ratelimit-remaining-subscription-reads": [
          "11991"
        ],
        "x-ms-routing-request-id": [
          "WESTUS2:20190918T221459Z:e8f11569-72b8-4235-945b-cb812af8618a"
        ],
        "X-Content-Type-Options": [
          "nosniff"
        ],
        "Content-Length": [
          "5785"
        ],
        "Content-Type": [
          "application/json; charset=utf-8"
        ],
        "Expires": [
          "-1"
        ]
      },
      "ResponseBody": "{\r\n  \"name\": \"ps2122\",\r\n  \"id\": \"/subscriptions/3dc13b6d-6896-40ac-98f7-f18cbce2a405/resourceGroups/ps9515/providers/Microsoft.Network/loadBalancers/ps2122\",\r\n  \"etag\": \"W/\\\"609990ba-4746-4544-800b-d09b1135b5b2\\\"\",\r\n  \"type\": \"Microsoft.Network/loadBalancers\",\r\n  \"location\": \"westcentralus\",\r\n  \"properties\": {\r\n    \"provisioningState\": \"Succeeded\",\r\n    \"resourceGuid\": \"cd92a604-d729-4114-8968-744080d5b7b5\",\r\n    \"frontendIPConfigurations\": [\r\n      {\r\n        \"name\": \"ps3171\",\r\n        \"id\": \"/subscriptions/3dc13b6d-6896-40ac-98f7-f18cbce2a405/resourceGroups/ps9515/providers/Microsoft.Network/loadBalancers/ps2122/frontendIPConfigurations/ps3171\",\r\n        \"etag\": \"W/\\\"609990ba-4746-4544-800b-d09b1135b5b2\\\"\",\r\n        \"type\": \"Microsoft.Network/loadBalancers/frontendIPConfigurations\",\r\n        \"properties\": {\r\n          \"provisioningState\": \"Succeeded\",\r\n          \"privateIPAllocationMethod\": \"Dynamic\",\r\n          \"publicIPAddress\": {\r\n            \"id\": \"/subscriptions/3dc13b6d-6896-40ac-98f7-f18cbce2a405/resourceGroups/ps9515/providers/Microsoft.Network/publicIPAddresses/ps2801\"\r\n          },\r\n          \"loadBalancingRules\": [\r\n            {\r\n              \"id\": \"/subscriptions/3dc13b6d-6896-40ac-98f7-f18cbce2a405/resourceGroups/ps9515/providers/Microsoft.Network/loadBalancers/ps2122/loadBalancingRules/ps7664\"\r\n            }\r\n          ],\r\n          \"inboundNatRules\": [\r\n            {\r\n              \"id\": \"/subscriptions/3dc13b6d-6896-40ac-98f7-f18cbce2a405/resourceGroups/ps9515/providers/Microsoft.Network/loadBalancers/ps2122/inboundNatRules/ps5853\"\r\n            }\r\n          ],\r\n          \"privateIPAddressVersion\": \"IPv4\"\r\n        }\r\n      }\r\n    ],\r\n    \"backendAddressPools\": [\r\n      {\r\n        \"name\": \"ps3188\",\r\n        \"id\": \"/subscriptions/3dc13b6d-6896-40ac-98f7-f18cbce2a405/resourceGroups/ps9515/providers/Microsoft.Network/loadBalancers/ps2122/backendAddressPools/ps3188\",\r\n        \"etag\": \"W/\\\"609990ba-4746-4544-800b-d09b1135b5b2\\\"\",\r\n        \"properties\": {\r\n          \"provisioningState\": \"Succeeded\",\r\n          \"loadBalancingRules\": [\r\n            {\r\n              \"id\": \"/subscriptions/3dc13b6d-6896-40ac-98f7-f18cbce2a405/resourceGroups/ps9515/providers/Microsoft.Network/loadBalancers/ps2122/loadBalancingRules/ps7664\"\r\n            }\r\n          ]\r\n        },\r\n        \"type\": \"Microsoft.Network/loadBalancers/backendAddressPools\"\r\n      }\r\n    ],\r\n    \"loadBalancingRules\": [\r\n      {\r\n        \"name\": \"ps7664\",\r\n        \"id\": \"/subscriptions/3dc13b6d-6896-40ac-98f7-f18cbce2a405/resourceGroups/ps9515/providers/Microsoft.Network/loadBalancers/ps2122/loadBalancingRules/ps7664\",\r\n        \"etag\": \"W/\\\"609990ba-4746-4544-800b-d09b1135b5b2\\\"\",\r\n        \"type\": \"Microsoft.Network/loadBalancers/loadBalancingRules\",\r\n        \"properties\": {\r\n          \"provisioningState\": \"Succeeded\",\r\n          \"frontendIPConfiguration\": {\r\n            \"id\": \"/subscriptions/3dc13b6d-6896-40ac-98f7-f18cbce2a405/resourceGroups/ps9515/providers/Microsoft.Network/loadBalancers/ps2122/frontendIPConfigurations/ps3171\"\r\n          },\r\n          \"frontendPort\": 80,\r\n          \"backendPort\": 80,\r\n          \"enableFloatingIP\": true,\r\n          \"idleTimeoutInMinutes\": 15,\r\n          \"protocol\": \"Tcp\",\r\n          \"enableDestinationServiceEndpoint\": false,\r\n          \"enableTcpReset\": false,\r\n          \"allowBackendPortConflict\": false,\r\n          \"loadDistribution\": \"SourceIP\",\r\n          \"backendAddressPool\": {\r\n            \"id\": \"/subscriptions/3dc13b6d-6896-40ac-98f7-f18cbce2a405/resourceGroups/ps9515/providers/Microsoft.Network/loadBalancers/ps2122/backendAddressPools/ps3188\"\r\n          },\r\n          \"probe\": {\r\n            \"id\": \"/subscriptions/3dc13b6d-6896-40ac-98f7-f18cbce2a405/resourceGroups/ps9515/providers/Microsoft.Network/loadBalancers/ps2122/probes/ps6663\"\r\n          }\r\n        }\r\n      }\r\n    ],\r\n    \"probes\": [\r\n      {\r\n        \"name\": \"ps6663\",\r\n        \"id\": \"/subscriptions/3dc13b6d-6896-40ac-98f7-f18cbce2a405/resourceGroups/ps9515/providers/Microsoft.Network/loadBalancers/ps2122/probes/ps6663\",\r\n        \"etag\": \"W/\\\"609990ba-4746-4544-800b-d09b1135b5b2\\\"\",\r\n        \"properties\": {\r\n          \"provisioningState\": \"Succeeded\",\r\n          \"protocol\": \"Http\",\r\n          \"port\": 80,\r\n          \"requestPath\": \"healthcheck.aspx\",\r\n          \"intervalInSeconds\": 15,\r\n          \"numberOfProbes\": 2,\r\n          \"loadBalancingRules\": [\r\n            {\r\n              \"id\": \"/subscriptions/3dc13b6d-6896-40ac-98f7-f18cbce2a405/resourceGroups/ps9515/providers/Microsoft.Network/loadBalancers/ps2122/loadBalancingRules/ps7664\"\r\n            }\r\n          ]\r\n        },\r\n        \"type\": \"Microsoft.Network/loadBalancers/probes\"\r\n      }\r\n    ],\r\n    \"inboundNatRules\": [\r\n      {\r\n        \"name\": \"ps5853\",\r\n        \"id\": \"/subscriptions/3dc13b6d-6896-40ac-98f7-f18cbce2a405/resourceGroups/ps9515/providers/Microsoft.Network/loadBalancers/ps2122/inboundNatRules/ps5853\",\r\n        \"etag\": \"W/\\\"609990ba-4746-4544-800b-d09b1135b5b2\\\"\",\r\n        \"type\": \"Microsoft.Network/loadBalancers/inboundNatRules\",\r\n        \"properties\": {\r\n          \"provisioningState\": \"Succeeded\",\r\n          \"frontendIPConfiguration\": {\r\n            \"id\": \"/subscriptions/3dc13b6d-6896-40ac-98f7-f18cbce2a405/resourceGroups/ps9515/providers/Microsoft.Network/loadBalancers/ps2122/frontendIPConfigurations/ps3171\"\r\n          },\r\n          \"frontendPort\": 3389,\r\n          \"backendPort\": 3389,\r\n          \"enableFloatingIP\": true,\r\n          \"idleTimeoutInMinutes\": 15,\r\n          \"protocol\": \"Tcp\",\r\n          \"enableDestinationServiceEndpoint\": false,\r\n          \"enableTcpReset\": false,\r\n          \"allowBackendPortConflict\": false\r\n        }\r\n      }\r\n    ],\r\n    \"inboundNatPools\": []\r\n  },\r\n  \"sku\": {\r\n    \"name\": \"Basic\",\r\n    \"tier\": \"Regional\"\r\n  }\r\n}",
      "StatusCode": 200
    },
    {
      "RequestUri": "/subscriptions/3dc13b6d-6896-40ac-98f7-f18cbce2a405/resourceGroups/ps9515/providers/Microsoft.Network/loadBalancers/ps2122?api-version=2019-08-01",
      "EncodedRequestUri": "L3N1YnNjcmlwdGlvbnMvM2RjMTNiNmQtNjg5Ni00MGFjLTk4ZjctZjE4Y2JjZTJhNDA1L3Jlc291cmNlR3JvdXBzL3BzOTUxNS9wcm92aWRlcnMvTWljcm9zb2Z0Lk5ldHdvcmsvbG9hZEJhbGFuY2Vycy9wczIxMjI/YXBpLXZlcnNpb249MjAxOS0wOC0wMQ==",
      "RequestMethod": "PUT",
      "RequestBody": "{\r\n  \"sku\": {\r\n    \"name\": \"Basic\"\r\n  },\r\n  \"properties\": {\r\n    \"frontendIPConfigurations\": [\r\n      {\r\n        \"properties\": {\r\n          \"privateIPAllocationMethod\": \"Dynamic\",\r\n          \"publicIPAddress\": {\r\n            \"properties\": {\r\n              \"ipTags\": []\r\n            },\r\n            \"zones\": [],\r\n            \"id\": \"/subscriptions/3dc13b6d-6896-40ac-98f7-f18cbce2a405/resourceGroups/ps9515/providers/Microsoft.Network/publicIPAddresses/ps2801\",\r\n            \"tags\": {}\r\n          }\r\n        },\r\n        \"name\": \"ps3171\",\r\n        \"zones\": [],\r\n        \"id\": \"/subscriptions/3dc13b6d-6896-40ac-98f7-f18cbce2a405/resourceGroups/ps9515/providers/Microsoft.Network/loadBalancers/ps2122/FrontendIpConfigurations/ps3171\"\r\n      }\r\n    ],\r\n    \"backendAddressPools\": [\r\n      {\r\n        \"name\": \"ps3188\",\r\n        \"id\": \"/subscriptions/3dc13b6d-6896-40ac-98f7-f18cbce2a405/resourceGroups/ps9515/providers/Microsoft.Network/loadBalancers/ps2122/BackendAddressPools/ps3188\"\r\n      }\r\n    ],\r\n    \"loadBalancingRules\": [\r\n      {\r\n        \"properties\": {\r\n          \"frontendIPConfiguration\": {\r\n            \"id\": \"/subscriptions/3dc13b6d-6896-40ac-98f7-f18cbce2a405/resourceGroups/ps9515/providers/Microsoft.Network/loadBalancers/ps2122/FrontendIpConfigurations/ps3171\"\r\n          },\r\n          \"backendAddressPool\": {\r\n            \"id\": \"/subscriptions/3dc13b6d-6896-40ac-98f7-f18cbce2a405/resourceGroups/ps9515/providers/Microsoft.Network/loadBalancers/ps2122/BackendAddressPools/ps3188\"\r\n          },\r\n          \"probe\": {\r\n            \"id\": \"/subscriptions/3dc13b6d-6896-40ac-98f7-f18cbce2a405/resourceGroups/ps9515/providers/Microsoft.Network/loadBalancers/ps2122/Probes/ps6663\"\r\n          },\r\n          \"protocol\": \"Tcp\",\r\n          \"loadDistribution\": \"SourceIP\",\r\n          \"frontendPort\": 80,\r\n          \"backendPort\": 80,\r\n          \"idleTimeoutInMinutes\": 15,\r\n          \"enableFloatingIP\": true,\r\n          \"enableTcpReset\": false,\r\n          \"disableOutboundSnat\": false\r\n        },\r\n        \"name\": \"ps7664\",\r\n        \"id\": \"/subscriptions/3dc13b6d-6896-40ac-98f7-f18cbce2a405/resourceGroups/ps9515/providers/Microsoft.Network/loadBalancers/ps2122/LoadBalancingRules/ps7664\"\r\n      }\r\n    ],\r\n    \"probes\": [\r\n      {\r\n        \"properties\": {\r\n          \"protocol\": \"http\",\r\n          \"port\": 80,\r\n          \"intervalInSeconds\": 15,\r\n          \"numberOfProbes\": 2,\r\n          \"requestPath\": \"healthcheck.aspx\"\r\n        },\r\n        \"name\": \"ps6663\",\r\n        \"id\": \"/subscriptions/3dc13b6d-6896-40ac-98f7-f18cbce2a405/resourceGroups/ps9515/providers/Microsoft.Network/loadBalancers/ps2122/Probes/ps6663\"\r\n      }\r\n    ],\r\n    \"inboundNatRules\": [\r\n      {\r\n        \"properties\": {\r\n          \"frontendIPConfiguration\": {\r\n            \"id\": \"/subscriptions/3dc13b6d-6896-40ac-98f7-f18cbce2a405/resourceGroups/ps9515/providers/Microsoft.Network/loadBalancers/ps2122/FrontendIpConfigurations/ps3171\"\r\n          },\r\n          \"protocol\": \"Tcp\",\r\n          \"frontendPort\": 3389,\r\n          \"backendPort\": 3389,\r\n          \"idleTimeoutInMinutes\": 15,\r\n          \"enableFloatingIP\": true,\r\n          \"enableTcpReset\": false\r\n        },\r\n        \"name\": \"ps5853\",\r\n        \"id\": \"/subscriptions/3dc13b6d-6896-40ac-98f7-f18cbce2a405/resourceGroups/ps9515/providers/Microsoft.Network/loadBalancers/ps2122/InboundNatRules/ps5853\"\r\n      }\r\n    ],\r\n    \"inboundNatPools\": [],\r\n    \"outboundRules\": []\r\n  },\r\n  \"location\": \"westcentralus\"\r\n}",
      "RequestHeaders": {
        "x-ms-client-request-id": [
          "8a916479-2c0e-4521-98c3-4c7d74d9ecf9"
        ],
        "accept-language": [
          "en-US"
        ],
        "User-Agent": [
          "FxVersion/4.6.26614.01",
          "OSName/Windows",
          "OSVersion/Microsoft.Windows.10.0.14393.",
          "Microsoft.Azure.Management.Network.NetworkManagementClient/20.0.0.0"
        ],
        "Content-Type": [
          "application/json; charset=utf-8"
        ],
        "Content-Length": [
          "3447"
        ]
      },
      "ResponseHeaders": {
        "Cache-Control": [
          "no-cache"
        ],
        "Date": [
          "Wed, 18 Sep 2019 22:14:58 GMT"
        ],
        "Pragma": [
          "no-cache"
        ],
        "Server": [
          "Microsoft-HTTPAPI/2.0",
          "Microsoft-HTTPAPI/2.0"
        ],
        "x-ms-request-id": [
          "44664564-dce4-4285-8222-c0ac1d7d390a"
        ],
        "Azure-AsyncOperation": [
          "https://management.azure.com/subscriptions/3dc13b6d-6896-40ac-98f7-f18cbce2a405/providers/Microsoft.Network/locations/westcentralus/operations/44664564-dce4-4285-8222-c0ac1d7d390a?api-version=2019-08-01"
        ],
        "x-ms-correlation-request-id": [
          "1f65779f-fe5e-478a-9948-c108b4ae9eac"
        ],
        "Azure-AsyncNotification": [
          "Enabled"
        ],
        "x-ms-arm-service-request-id": [
          "e2e46adf-52b8-4bd8-b4d7-e3ed0264e328"
        ],
        "Strict-Transport-Security": [
          "max-age=31536000; includeSubDomains"
        ],
        "x-ms-ratelimit-remaining-subscription-writes": [
          "1199"
        ],
        "x-ms-routing-request-id": [
          "WESTUS2:20190918T221459Z:1f65779f-fe5e-478a-9948-c108b4ae9eac"
        ],
        "X-Content-Type-Options": [
          "nosniff"
        ],
        "Content-Length": [
          "5785"
        ],
        "Content-Type": [
          "application/json; charset=utf-8"
        ],
        "Expires": [
          "-1"
        ]
      },
      "ResponseBody": "{\r\n  \"name\": \"ps2122\",\r\n  \"id\": \"/subscriptions/3dc13b6d-6896-40ac-98f7-f18cbce2a405/resourceGroups/ps9515/providers/Microsoft.Network/loadBalancers/ps2122\",\r\n  \"etag\": \"W/\\\"609990ba-4746-4544-800b-d09b1135b5b2\\\"\",\r\n  \"type\": \"Microsoft.Network/loadBalancers\",\r\n  \"location\": \"westcentralus\",\r\n  \"properties\": {\r\n    \"provisioningState\": \"Succeeded\",\r\n    \"resourceGuid\": \"cd92a604-d729-4114-8968-744080d5b7b5\",\r\n    \"frontendIPConfigurations\": [\r\n      {\r\n        \"name\": \"ps3171\",\r\n        \"id\": \"/subscriptions/3dc13b6d-6896-40ac-98f7-f18cbce2a405/resourceGroups/ps9515/providers/Microsoft.Network/loadBalancers/ps2122/frontendIPConfigurations/ps3171\",\r\n        \"etag\": \"W/\\\"609990ba-4746-4544-800b-d09b1135b5b2\\\"\",\r\n        \"type\": \"Microsoft.Network/loadBalancers/frontendIPConfigurations\",\r\n        \"properties\": {\r\n          \"provisioningState\": \"Succeeded\",\r\n          \"privateIPAllocationMethod\": \"Dynamic\",\r\n          \"publicIPAddress\": {\r\n            \"id\": \"/subscriptions/3dc13b6d-6896-40ac-98f7-f18cbce2a405/resourceGroups/ps9515/providers/Microsoft.Network/publicIPAddresses/ps2801\"\r\n          },\r\n          \"loadBalancingRules\": [\r\n            {\r\n              \"id\": \"/subscriptions/3dc13b6d-6896-40ac-98f7-f18cbce2a405/resourceGroups/ps9515/providers/Microsoft.Network/loadBalancers/ps2122/loadBalancingRules/ps7664\"\r\n            }\r\n          ],\r\n          \"inboundNatRules\": [\r\n            {\r\n              \"id\": \"/subscriptions/3dc13b6d-6896-40ac-98f7-f18cbce2a405/resourceGroups/ps9515/providers/Microsoft.Network/loadBalancers/ps2122/inboundNatRules/ps5853\"\r\n            }\r\n          ],\r\n          \"privateIPAddressVersion\": \"IPv4\"\r\n        }\r\n      }\r\n    ],\r\n    \"backendAddressPools\": [\r\n      {\r\n        \"name\": \"ps3188\",\r\n        \"id\": \"/subscriptions/3dc13b6d-6896-40ac-98f7-f18cbce2a405/resourceGroups/ps9515/providers/Microsoft.Network/loadBalancers/ps2122/backendAddressPools/ps3188\",\r\n        \"etag\": \"W/\\\"609990ba-4746-4544-800b-d09b1135b5b2\\\"\",\r\n        \"properties\": {\r\n          \"provisioningState\": \"Succeeded\",\r\n          \"loadBalancingRules\": [\r\n            {\r\n              \"id\": \"/subscriptions/3dc13b6d-6896-40ac-98f7-f18cbce2a405/resourceGroups/ps9515/providers/Microsoft.Network/loadBalancers/ps2122/loadBalancingRules/ps7664\"\r\n            }\r\n          ]\r\n        },\r\n        \"type\": \"Microsoft.Network/loadBalancers/backendAddressPools\"\r\n      }\r\n    ],\r\n    \"loadBalancingRules\": [\r\n      {\r\n        \"name\": \"ps7664\",\r\n        \"id\": \"/subscriptions/3dc13b6d-6896-40ac-98f7-f18cbce2a405/resourceGroups/ps9515/providers/Microsoft.Network/loadBalancers/ps2122/loadBalancingRules/ps7664\",\r\n        \"etag\": \"W/\\\"609990ba-4746-4544-800b-d09b1135b5b2\\\"\",\r\n        \"type\": \"Microsoft.Network/loadBalancers/loadBalancingRules\",\r\n        \"properties\": {\r\n          \"provisioningState\": \"Succeeded\",\r\n          \"frontendIPConfiguration\": {\r\n            \"id\": \"/subscriptions/3dc13b6d-6896-40ac-98f7-f18cbce2a405/resourceGroups/ps9515/providers/Microsoft.Network/loadBalancers/ps2122/frontendIPConfigurations/ps3171\"\r\n          },\r\n          \"frontendPort\": 80,\r\n          \"backendPort\": 80,\r\n          \"enableFloatingIP\": true,\r\n          \"idleTimeoutInMinutes\": 15,\r\n          \"protocol\": \"Tcp\",\r\n          \"enableDestinationServiceEndpoint\": false,\r\n          \"enableTcpReset\": false,\r\n          \"allowBackendPortConflict\": false,\r\n          \"loadDistribution\": \"SourceIP\",\r\n          \"backendAddressPool\": {\r\n            \"id\": \"/subscriptions/3dc13b6d-6896-40ac-98f7-f18cbce2a405/resourceGroups/ps9515/providers/Microsoft.Network/loadBalancers/ps2122/backendAddressPools/ps3188\"\r\n          },\r\n          \"probe\": {\r\n            \"id\": \"/subscriptions/3dc13b6d-6896-40ac-98f7-f18cbce2a405/resourceGroups/ps9515/providers/Microsoft.Network/loadBalancers/ps2122/probes/ps6663\"\r\n          }\r\n        }\r\n      }\r\n    ],\r\n    \"probes\": [\r\n      {\r\n        \"name\": \"ps6663\",\r\n        \"id\": \"/subscriptions/3dc13b6d-6896-40ac-98f7-f18cbce2a405/resourceGroups/ps9515/providers/Microsoft.Network/loadBalancers/ps2122/probes/ps6663\",\r\n        \"etag\": \"W/\\\"609990ba-4746-4544-800b-d09b1135b5b2\\\"\",\r\n        \"properties\": {\r\n          \"provisioningState\": \"Succeeded\",\r\n          \"protocol\": \"Http\",\r\n          \"port\": 80,\r\n          \"requestPath\": \"healthcheck.aspx\",\r\n          \"intervalInSeconds\": 15,\r\n          \"numberOfProbes\": 2,\r\n          \"loadBalancingRules\": [\r\n            {\r\n              \"id\": \"/subscriptions/3dc13b6d-6896-40ac-98f7-f18cbce2a405/resourceGroups/ps9515/providers/Microsoft.Network/loadBalancers/ps2122/loadBalancingRules/ps7664\"\r\n            }\r\n          ]\r\n        },\r\n        \"type\": \"Microsoft.Network/loadBalancers/probes\"\r\n      }\r\n    ],\r\n    \"inboundNatRules\": [\r\n      {\r\n        \"name\": \"ps5853\",\r\n        \"id\": \"/subscriptions/3dc13b6d-6896-40ac-98f7-f18cbce2a405/resourceGroups/ps9515/providers/Microsoft.Network/loadBalancers/ps2122/inboundNatRules/ps5853\",\r\n        \"etag\": \"W/\\\"609990ba-4746-4544-800b-d09b1135b5b2\\\"\",\r\n        \"type\": \"Microsoft.Network/loadBalancers/inboundNatRules\",\r\n        \"properties\": {\r\n          \"provisioningState\": \"Succeeded\",\r\n          \"frontendIPConfiguration\": {\r\n            \"id\": \"/subscriptions/3dc13b6d-6896-40ac-98f7-f18cbce2a405/resourceGroups/ps9515/providers/Microsoft.Network/loadBalancers/ps2122/frontendIPConfigurations/ps3171\"\r\n          },\r\n          \"frontendPort\": 3389,\r\n          \"backendPort\": 3389,\r\n          \"enableFloatingIP\": true,\r\n          \"idleTimeoutInMinutes\": 15,\r\n          \"protocol\": \"Tcp\",\r\n          \"enableDestinationServiceEndpoint\": false,\r\n          \"enableTcpReset\": false,\r\n          \"allowBackendPortConflict\": false\r\n        }\r\n      }\r\n    ],\r\n    \"inboundNatPools\": []\r\n  },\r\n  \"sku\": {\r\n    \"name\": \"Basic\",\r\n    \"tier\": \"Regional\"\r\n  }\r\n}",
      "StatusCode": 201
    },
    {
      "RequestUri": "/subscriptions/3dc13b6d-6896-40ac-98f7-f18cbce2a405/resourceGroups/ps9515/providers/Microsoft.Network/loadBalancers?api-version=2019-08-01",
      "EncodedRequestUri": "L3N1YnNjcmlwdGlvbnMvM2RjMTNiNmQtNjg5Ni00MGFjLTk4ZjctZjE4Y2JjZTJhNDA1L3Jlc291cmNlR3JvdXBzL3BzOTUxNS9wcm92aWRlcnMvTWljcm9zb2Z0Lk5ldHdvcmsvbG9hZEJhbGFuY2Vycz9hcGktdmVyc2lvbj0yMDE5LTA4LTAx",
      "RequestMethod": "GET",
      "RequestBody": "",
      "RequestHeaders": {
        "x-ms-client-request-id": [
          "b8eec629-33e4-4a1c-9fbf-45d2aea34c1e"
        ],
        "accept-language": [
          "en-US"
        ],
        "User-Agent": [
          "FxVersion/4.6.26614.01",
          "OSName/Windows",
          "OSVersion/Microsoft.Windows.10.0.14393.",
          "Microsoft.Azure.Management.Network.NetworkManagementClient/20.0.0.0"
        ]
      },
      "ResponseHeaders": {
        "Cache-Control": [
          "no-cache"
        ],
        "Date": [
          "Wed, 18 Sep 2019 22:14:59 GMT"
        ],
        "Pragma": [
          "no-cache"
        ],
        "Server": [
          "Microsoft-HTTPAPI/2.0",
          "Microsoft-HTTPAPI/2.0"
        ],
        "x-ms-request-id": [
          "ef5afc2c-fa9b-4d09-9fb4-efa29ab90184"
        ],
        "x-ms-correlation-request-id": [
          "539af674-a53a-41b9-92ff-9e13aab697b0"
        ],
        "x-ms-arm-service-request-id": [
          "089a1ed1-9747-4649-8054-73abb90fd5ad"
        ],
        "Strict-Transport-Security": [
          "max-age=31536000; includeSubDomains"
        ],
        "x-ms-ratelimit-remaining-subscription-reads": [
          "11993"
        ],
        "x-ms-routing-request-id": [
          "WESTUS2:20190918T221459Z:539af674-a53a-41b9-92ff-9e13aab697b0"
        ],
        "X-Content-Type-Options": [
          "nosniff"
        ],
        "Content-Length": [
          "6330"
        ],
        "Content-Type": [
          "application/json; charset=utf-8"
        ],
        "Expires": [
          "-1"
        ]
      },
      "ResponseBody": "{\r\n  \"value\": [\r\n    {\r\n      \"name\": \"ps2122\",\r\n      \"id\": \"/subscriptions/3dc13b6d-6896-40ac-98f7-f18cbce2a405/resourceGroups/ps9515/providers/Microsoft.Network/loadBalancers/ps2122\",\r\n      \"etag\": \"W/\\\"609990ba-4746-4544-800b-d09b1135b5b2\\\"\",\r\n      \"type\": \"Microsoft.Network/loadBalancers\",\r\n      \"location\": \"westcentralus\",\r\n      \"properties\": {\r\n        \"provisioningState\": \"Succeeded\",\r\n        \"resourceGuid\": \"cd92a604-d729-4114-8968-744080d5b7b5\",\r\n        \"frontendIPConfigurations\": [\r\n          {\r\n            \"name\": \"ps3171\",\r\n            \"id\": \"/subscriptions/3dc13b6d-6896-40ac-98f7-f18cbce2a405/resourceGroups/ps9515/providers/Microsoft.Network/loadBalancers/ps2122/frontendIPConfigurations/ps3171\",\r\n            \"etag\": \"W/\\\"609990ba-4746-4544-800b-d09b1135b5b2\\\"\",\r\n            \"type\": \"Microsoft.Network/loadBalancers/frontendIPConfigurations\",\r\n            \"properties\": {\r\n              \"provisioningState\": \"Succeeded\",\r\n              \"privateIPAllocationMethod\": \"Dynamic\",\r\n              \"publicIPAddress\": {\r\n                \"id\": \"/subscriptions/3dc13b6d-6896-40ac-98f7-f18cbce2a405/resourceGroups/ps9515/providers/Microsoft.Network/publicIPAddresses/ps2801\"\r\n              },\r\n              \"loadBalancingRules\": [\r\n                {\r\n                  \"id\": \"/subscriptions/3dc13b6d-6896-40ac-98f7-f18cbce2a405/resourceGroups/ps9515/providers/Microsoft.Network/loadBalancers/ps2122/loadBalancingRules/ps7664\"\r\n                }\r\n              ],\r\n              \"inboundNatRules\": [\r\n                {\r\n                  \"id\": \"/subscriptions/3dc13b6d-6896-40ac-98f7-f18cbce2a405/resourceGroups/ps9515/providers/Microsoft.Network/loadBalancers/ps2122/inboundNatRules/ps5853\"\r\n                }\r\n              ],\r\n              \"privateIPAddressVersion\": \"IPv4\"\r\n            }\r\n          }\r\n        ],\r\n        \"backendAddressPools\": [\r\n          {\r\n            \"name\": \"ps3188\",\r\n            \"id\": \"/subscriptions/3dc13b6d-6896-40ac-98f7-f18cbce2a405/resourceGroups/ps9515/providers/Microsoft.Network/loadBalancers/ps2122/backendAddressPools/ps3188\",\r\n            \"etag\": \"W/\\\"609990ba-4746-4544-800b-d09b1135b5b2\\\"\",\r\n            \"properties\": {\r\n              \"provisioningState\": \"Succeeded\",\r\n              \"loadBalancingRules\": [\r\n                {\r\n                  \"id\": \"/subscriptions/3dc13b6d-6896-40ac-98f7-f18cbce2a405/resourceGroups/ps9515/providers/Microsoft.Network/loadBalancers/ps2122/loadBalancingRules/ps7664\"\r\n                }\r\n              ]\r\n            },\r\n            \"type\": \"Microsoft.Network/loadBalancers/backendAddressPools\"\r\n          }\r\n        ],\r\n        \"loadBalancingRules\": [\r\n          {\r\n            \"name\": \"ps7664\",\r\n            \"id\": \"/subscriptions/3dc13b6d-6896-40ac-98f7-f18cbce2a405/resourceGroups/ps9515/providers/Microsoft.Network/loadBalancers/ps2122/loadBalancingRules/ps7664\",\r\n            \"etag\": \"W/\\\"609990ba-4746-4544-800b-d09b1135b5b2\\\"\",\r\n            \"type\": \"Microsoft.Network/loadBalancers/loadBalancingRules\",\r\n            \"properties\": {\r\n              \"provisioningState\": \"Succeeded\",\r\n              \"frontendIPConfiguration\": {\r\n                \"id\": \"/subscriptions/3dc13b6d-6896-40ac-98f7-f18cbce2a405/resourceGroups/ps9515/providers/Microsoft.Network/loadBalancers/ps2122/frontendIPConfigurations/ps3171\"\r\n              },\r\n              \"frontendPort\": 80,\r\n              \"backendPort\": 80,\r\n              \"enableFloatingIP\": true,\r\n              \"idleTimeoutInMinutes\": 15,\r\n              \"protocol\": \"Tcp\",\r\n              \"enableDestinationServiceEndpoint\": false,\r\n              \"enableTcpReset\": false,\r\n              \"allowBackendPortConflict\": false,\r\n              \"loadDistribution\": \"SourceIP\",\r\n              \"backendAddressPool\": {\r\n                \"id\": \"/subscriptions/3dc13b6d-6896-40ac-98f7-f18cbce2a405/resourceGroups/ps9515/providers/Microsoft.Network/loadBalancers/ps2122/backendAddressPools/ps3188\"\r\n              },\r\n              \"probe\": {\r\n                \"id\": \"/subscriptions/3dc13b6d-6896-40ac-98f7-f18cbce2a405/resourceGroups/ps9515/providers/Microsoft.Network/loadBalancers/ps2122/probes/ps6663\"\r\n              }\r\n            }\r\n          }\r\n        ],\r\n        \"probes\": [\r\n          {\r\n            \"name\": \"ps6663\",\r\n            \"id\": \"/subscriptions/3dc13b6d-6896-40ac-98f7-f18cbce2a405/resourceGroups/ps9515/providers/Microsoft.Network/loadBalancers/ps2122/probes/ps6663\",\r\n            \"etag\": \"W/\\\"609990ba-4746-4544-800b-d09b1135b5b2\\\"\",\r\n            \"properties\": {\r\n              \"provisioningState\": \"Succeeded\",\r\n              \"protocol\": \"Http\",\r\n              \"port\": 80,\r\n              \"requestPath\": \"healthcheck.aspx\",\r\n              \"intervalInSeconds\": 15,\r\n              \"numberOfProbes\": 2,\r\n              \"loadBalancingRules\": [\r\n                {\r\n                  \"id\": \"/subscriptions/3dc13b6d-6896-40ac-98f7-f18cbce2a405/resourceGroups/ps9515/providers/Microsoft.Network/loadBalancers/ps2122/loadBalancingRules/ps7664\"\r\n                }\r\n              ]\r\n            },\r\n            \"type\": \"Microsoft.Network/loadBalancers/probes\"\r\n          }\r\n        ],\r\n        \"inboundNatRules\": [\r\n          {\r\n            \"name\": \"ps5853\",\r\n            \"id\": \"/subscriptions/3dc13b6d-6896-40ac-98f7-f18cbce2a405/resourceGroups/ps9515/providers/Microsoft.Network/loadBalancers/ps2122/inboundNatRules/ps5853\",\r\n            \"etag\": \"W/\\\"609990ba-4746-4544-800b-d09b1135b5b2\\\"\",\r\n            \"type\": \"Microsoft.Network/loadBalancers/inboundNatRules\",\r\n            \"properties\": {\r\n              \"provisioningState\": \"Succeeded\",\r\n              \"frontendIPConfiguration\": {\r\n                \"id\": \"/subscriptions/3dc13b6d-6896-40ac-98f7-f18cbce2a405/resourceGroups/ps9515/providers/Microsoft.Network/loadBalancers/ps2122/frontendIPConfigurations/ps3171\"\r\n              },\r\n              \"frontendPort\": 3389,\r\n              \"backendPort\": 3389,\r\n              \"enableFloatingIP\": true,\r\n              \"idleTimeoutInMinutes\": 15,\r\n              \"protocol\": \"Tcp\",\r\n              \"enableDestinationServiceEndpoint\": false,\r\n              \"enableTcpReset\": false,\r\n              \"allowBackendPortConflict\": false\r\n            }\r\n          }\r\n        ],\r\n        \"inboundNatPools\": []\r\n      },\r\n      \"sku\": {\r\n        \"name\": \"Basic\",\r\n        \"tier\": \"Regional\"\r\n      }\r\n    }\r\n  ]\r\n}",
      "StatusCode": 200
    },
    {
      "RequestUri": "/subscriptions/3dc13b6d-6896-40ac-98f7-f18cbce2a405/resourceGroups/ps9515/providers/Microsoft.Network/loadBalancers?api-version=2019-08-01",
      "EncodedRequestUri": "L3N1YnNjcmlwdGlvbnMvM2RjMTNiNmQtNjg5Ni00MGFjLTk4ZjctZjE4Y2JjZTJhNDA1L3Jlc291cmNlR3JvdXBzL3BzOTUxNS9wcm92aWRlcnMvTWljcm9zb2Z0Lk5ldHdvcmsvbG9hZEJhbGFuY2Vycz9hcGktdmVyc2lvbj0yMDE5LTA4LTAx",
      "RequestMethod": "GET",
      "RequestBody": "",
      "RequestHeaders": {
        "x-ms-client-request-id": [
          "e88fd331-c928-43d8-a579-93377415bf58"
        ],
        "accept-language": [
          "en-US"
        ],
        "User-Agent": [
          "FxVersion/4.6.26614.01",
          "OSName/Windows",
          "OSVersion/Microsoft.Windows.10.0.14393.",
          "Microsoft.Azure.Management.Network.NetworkManagementClient/20.0.0.0"
        ]
      },
      "ResponseHeaders": {
        "Cache-Control": [
          "no-cache"
        ],
        "Date": [
          "Wed, 18 Sep 2019 22:15:10 GMT"
        ],
        "Pragma": [
          "no-cache"
        ],
        "x-ms-ratelimit-remaining-subscription-reads": [
          "11997"
        ],
        "x-ms-request-id": [
          "23fa72ec-803a-44ef-a08c-616442a31ba2"
        ],
        "x-ms-correlation-request-id": [
          "23fa72ec-803a-44ef-a08c-616442a31ba2"
        ],
        "x-ms-routing-request-id": [
          "WESTUS2:20190918T221510Z:23fa72ec-803a-44ef-a08c-616442a31ba2"
        ],
        "Strict-Transport-Security": [
          "max-age=31536000; includeSubDomains"
        ],
        "X-Content-Type-Options": [
          "nosniff"
        ],
        "Content-Length": [
          "12"
        ],
        "Content-Type": [
          "application/json; charset=utf-8"
        ],
        "Expires": [
          "-1"
        ]
      },
      "ResponseBody": "{\r\n  \"value\": []\r\n}",
      "StatusCode": 200
    },
    {
      "RequestUri": "/subscriptions/3dc13b6d-6896-40ac-98f7-f18cbce2a405/resourceGroups/ps9515/providers/Microsoft.Network/loadBalancers/ps2122?api-version=2019-08-01",
      "EncodedRequestUri": "L3N1YnNjcmlwdGlvbnMvM2RjMTNiNmQtNjg5Ni00MGFjLTk4ZjctZjE4Y2JjZTJhNDA1L3Jlc291cmNlR3JvdXBzL3BzOTUxNS9wcm92aWRlcnMvTWljcm9zb2Z0Lk5ldHdvcmsvbG9hZEJhbGFuY2Vycy9wczIxMjI/YXBpLXZlcnNpb249MjAxOS0wOC0wMQ==",
      "RequestMethod": "DELETE",
      "RequestBody": "",
      "RequestHeaders": {
        "x-ms-client-request-id": [
          "59ea2d63-95c0-4599-915d-4f8d83a16b6b"
        ],
        "accept-language": [
          "en-US"
        ],
        "User-Agent": [
          "FxVersion/4.6.26614.01",
          "OSName/Windows",
          "OSVersion/Microsoft.Windows.10.0.14393.",
          "Microsoft.Azure.Management.Network.NetworkManagementClient/20.0.0.0"
        ]
      },
      "ResponseHeaders": {
        "Cache-Control": [
          "no-cache"
        ],
        "Date": [
          "Wed, 18 Sep 2019 22:14:59 GMT"
        ],
        "Pragma": [
          "no-cache"
        ],
        "Location": [
          "https://management.azure.com/subscriptions/3dc13b6d-6896-40ac-98f7-f18cbce2a405/providers/Microsoft.Network/locations/westcentralus/operationResults/d16ba741-1264-497d-a9da-288e4c4004b2?api-version=2019-08-01"
        ],
        "Retry-After": [
          "10"
        ],
        "Server": [
          "Microsoft-HTTPAPI/2.0",
          "Microsoft-HTTPAPI/2.0"
        ],
        "x-ms-request-id": [
          "d16ba741-1264-497d-a9da-288e4c4004b2"
        ],
        "Azure-AsyncOperation": [
          "https://management.azure.com/subscriptions/3dc13b6d-6896-40ac-98f7-f18cbce2a405/providers/Microsoft.Network/locations/westcentralus/operations/d16ba741-1264-497d-a9da-288e4c4004b2?api-version=2019-08-01"
        ],
        "x-ms-correlation-request-id": [
          "fe2dab96-6909-4db2-92de-5667cac1f77a"
        ],
        "Azure-AsyncNotification": [
          "Enabled"
        ],
        "x-ms-arm-service-request-id": [
          "fb6b0804-4b1d-4172-a209-7b981d6e8233"
        ],
        "Strict-Transport-Security": [
          "max-age=31536000; includeSubDomains"
        ],
        "x-ms-ratelimit-remaining-subscription-deletes": [
          "14999"
        ],
        "x-ms-routing-request-id": [
          "WESTUS2:20190918T221500Z:fe2dab96-6909-4db2-92de-5667cac1f77a"
        ],
        "X-Content-Type-Options": [
          "nosniff"
        ],
        "Content-Length": [
          "0"
        ],
        "Expires": [
          "-1"
        ]
      },
      "ResponseBody": "",
      "StatusCode": 202
    },
    {
      "RequestUri": "/subscriptions/3dc13b6d-6896-40ac-98f7-f18cbce2a405/providers/Microsoft.Network/locations/westcentralus/operations/d16ba741-1264-497d-a9da-288e4c4004b2?api-version=2019-08-01",
      "EncodedRequestUri": "L3N1YnNjcmlwdGlvbnMvM2RjMTNiNmQtNjg5Ni00MGFjLTk4ZjctZjE4Y2JjZTJhNDA1L3Byb3ZpZGVycy9NaWNyb3NvZnQuTmV0d29yay9sb2NhdGlvbnMvd2VzdGNlbnRyYWx1cy9vcGVyYXRpb25zL2QxNmJhNzQxLTEyNjQtNDk3ZC1hOWRhLTI4OGU0YzQwMDRiMj9hcGktdmVyc2lvbj0yMDE5LTA4LTAx",
      "RequestMethod": "GET",
      "RequestBody": "",
      "RequestHeaders": {
        "User-Agent": [
          "FxVersion/4.6.26614.01",
          "OSName/Windows",
          "OSVersion/Microsoft.Windows.10.0.14393.",
          "Microsoft.Azure.Management.Network.NetworkManagementClient/20.0.0.0"
        ]
      },
      "ResponseHeaders": {
        "Cache-Control": [
          "no-cache"
        ],
        "Date": [
          "Wed, 18 Sep 2019 22:15:10 GMT"
        ],
        "Pragma": [
          "no-cache"
        ],
        "Server": [
          "Microsoft-HTTPAPI/2.0",
          "Microsoft-HTTPAPI/2.0"
        ],
        "x-ms-request-id": [
          "cc35c9bb-57b7-4528-91c9-3b51d3576c7a"
        ],
        "x-ms-correlation-request-id": [
          "156b3503-aef5-4a65-acee-6185c9438737"
        ],
        "x-ms-arm-service-request-id": [
          "33fe0bfb-dd0f-4deb-a3f4-ec038b99ee3c"
        ],
        "Strict-Transport-Security": [
          "max-age=31536000; includeSubDomains"
        ],
        "x-ms-ratelimit-remaining-subscription-reads": [
          "11993"
        ],
        "x-ms-routing-request-id": [
          "WESTUS2:20190918T221510Z:156b3503-aef5-4a65-acee-6185c9438737"
        ],
        "X-Content-Type-Options": [
          "nosniff"
        ],
        "Content-Length": [
          "29"
        ],
        "Content-Type": [
          "application/json; charset=utf-8"
        ],
        "Expires": [
          "-1"
        ]
      },
      "ResponseBody": "{\r\n  \"status\": \"Succeeded\"\r\n}",
      "StatusCode": 200
    },
    {
      "RequestUri": "/subscriptions/3dc13b6d-6896-40ac-98f7-f18cbce2a405/providers/Microsoft.Network/locations/westcentralus/operationResults/d16ba741-1264-497d-a9da-288e4c4004b2?api-version=2019-08-01",
      "EncodedRequestUri": "L3N1YnNjcmlwdGlvbnMvM2RjMTNiNmQtNjg5Ni00MGFjLTk4ZjctZjE4Y2JjZTJhNDA1L3Byb3ZpZGVycy9NaWNyb3NvZnQuTmV0d29yay9sb2NhdGlvbnMvd2VzdGNlbnRyYWx1cy9vcGVyYXRpb25SZXN1bHRzL2QxNmJhNzQxLTEyNjQtNDk3ZC1hOWRhLTI4OGU0YzQwMDRiMj9hcGktdmVyc2lvbj0yMDE5LTA4LTAx",
      "RequestMethod": "GET",
      "RequestBody": "",
      "RequestHeaders": {
        "User-Agent": [
          "FxVersion/4.6.26614.01",
          "OSName/Windows",
          "OSVersion/Microsoft.Windows.10.0.14393.",
          "Microsoft.Azure.Management.Network.NetworkManagementClient/20.0.0.0"
        ]
      },
      "ResponseHeaders": {
        "Cache-Control": [
          "no-cache"
        ],
        "Date": [
          "Wed, 18 Sep 2019 22:15:10 GMT"
        ],
        "Pragma": [
          "no-cache"
        ],
        "Location": [
          "https://management.azure.com/subscriptions/3dc13b6d-6896-40ac-98f7-f18cbce2a405/providers/Microsoft.Network/locations/westcentralus/operationResults/d16ba741-1264-497d-a9da-288e4c4004b2?api-version=2019-08-01"
        ],
        "Server": [
          "Microsoft-HTTPAPI/2.0",
          "Microsoft-HTTPAPI/2.0"
        ],
        "x-ms-request-id": [
          "d16ba741-1264-497d-a9da-288e4c4004b2"
        ],
        "Azure-AsyncOperation": [
          "https://management.azure.com/subscriptions/3dc13b6d-6896-40ac-98f7-f18cbce2a405/providers/Microsoft.Network/locations/westcentralus/operations/d16ba741-1264-497d-a9da-288e4c4004b2?api-version=2019-08-01"
        ],
        "x-ms-correlation-request-id": [
          "fe2dab96-6909-4db2-92de-5667cac1f77a"
        ],
        "Azure-AsyncNotification": [
          "Enabled"
        ],
        "x-ms-arm-service-request-id": [
          "fb6b0804-4b1d-4172-a209-7b981d6e8233"
        ],
        "Strict-Transport-Security": [
          "max-age=31536000; includeSubDomains"
        ],
        "x-ms-ratelimit-remaining-subscription-reads": [
          "11992"
        ],
        "x-ms-routing-request-id": [
          "WESTUS2:20190918T221510Z:a2778340-9b8a-4e3e-a991-9ffaf616a771"
        ],
        "X-Content-Type-Options": [
          "nosniff"
        ],
        "Content-Type": [
          "application/json; charset=utf-8"
        ],
        "Expires": [
          "-1"
        ]
      },
      "ResponseBody": "",
      "StatusCode": 204
    },
    {
      "RequestUri": "/subscriptions/3dc13b6d-6896-40ac-98f7-f18cbce2a405/resourcegroups/ps9515?api-version=2016-09-01",
      "EncodedRequestUri": "L3N1YnNjcmlwdGlvbnMvM2RjMTNiNmQtNjg5Ni00MGFjLTk4ZjctZjE4Y2JjZTJhNDA1L3Jlc291cmNlZ3JvdXBzL3BzOTUxNT9hcGktdmVyc2lvbj0yMDE2LTA5LTAx",
      "RequestMethod": "DELETE",
      "RequestBody": "",
      "RequestHeaders": {
        "x-ms-client-request-id": [
          "5e00a11c-ffcf-4f1f-bc9a-89a722891a13"
        ],
        "accept-language": [
          "en-US"
        ],
        "User-Agent": [
          "FxVersion/4.6.26614.01",
          "OSName/Windows",
          "OSVersion/Microsoft.Windows.10.0.14393.",
          "Microsoft.Azure.Management.Internal.Resources.ResourceManagementClient/1.3.2"
        ]
      },
      "ResponseHeaders": {
        "Cache-Control": [
          "no-cache"
        ],
        "Date": [
          "Wed, 18 Sep 2019 22:15:12 GMT"
        ],
        "Pragma": [
          "no-cache"
        ],
        "Location": [
          "https://management.azure.com/subscriptions/3dc13b6d-6896-40ac-98f7-f18cbce2a405/operationresults/eyJqb2JJZCI6IlJFU09VUkNFR1JPVVBERUxFVElPTkpPQi1QUzk1MTUtV0VTVENFTlRSQUxVUyIsImpvYkxvY2F0aW9uIjoid2VzdGNlbnRyYWx1cyJ9?api-version=2016-09-01"
        ],
        "Retry-After": [
          "15"
        ],
        "x-ms-ratelimit-remaining-subscription-deletes": [
          "14999"
        ],
        "x-ms-request-id": [
          "0cff705b-ad82-4f4d-99f4-73882e7e22dd"
        ],
        "x-ms-correlation-request-id": [
          "0cff705b-ad82-4f4d-99f4-73882e7e22dd"
        ],
        "x-ms-routing-request-id": [
          "WESTUS2:20190918T221512Z:0cff705b-ad82-4f4d-99f4-73882e7e22dd"
        ],
        "Strict-Transport-Security": [
          "max-age=31536000; includeSubDomains"
        ],
        "X-Content-Type-Options": [
          "nosniff"
        ],
        "Content-Length": [
          "0"
        ],
        "Expires": [
          "-1"
        ]
      },
      "ResponseBody": "",
      "StatusCode": 202
    },
    {
      "RequestUri": "/subscriptions/3dc13b6d-6896-40ac-98f7-f18cbce2a405/operationresults/eyJqb2JJZCI6IlJFU09VUkNFR1JPVVBERUxFVElPTkpPQi1QUzk1MTUtV0VTVENFTlRSQUxVUyIsImpvYkxvY2F0aW9uIjoid2VzdGNlbnRyYWx1cyJ9?api-version=2016-09-01",
      "EncodedRequestUri": "L3N1YnNjcmlwdGlvbnMvM2RjMTNiNmQtNjg5Ni00MGFjLTk4ZjctZjE4Y2JjZTJhNDA1L29wZXJhdGlvbnJlc3VsdHMvZXlKcWIySkpaQ0k2SWxKRlUwOVZVa05GUjFKUFZWQkVSVXhGVkVsUFRrcFBRaTFRVXprMU1UVXRWMFZUVkVORlRsUlNRVXhWVXlJc0ltcHZZa3h2WTJGMGFXOXVJam9pZDJWemRHTmxiblJ5WVd4MWN5Sjk/YXBpLXZlcnNpb249MjAxNi0wOS0wMQ==",
      "RequestMethod": "GET",
      "RequestBody": "",
      "RequestHeaders": {
        "User-Agent": [
          "FxVersion/4.6.26614.01",
          "OSName/Windows",
          "OSVersion/Microsoft.Windows.10.0.14393.",
          "Microsoft.Azure.Management.Internal.Resources.ResourceManagementClient/1.3.2"
        ]
      },
      "ResponseHeaders": {
        "Cache-Control": [
          "no-cache"
        ],
        "Date": [
          "Wed, 18 Sep 2019 22:15:26 GMT"
        ],
        "Pragma": [
          "no-cache"
        ],
        "Location": [
          "https://management.azure.com/subscriptions/3dc13b6d-6896-40ac-98f7-f18cbce2a405/operationresults/eyJqb2JJZCI6IlJFU09VUkNFR1JPVVBERUxFVElPTkpPQi1QUzk1MTUtV0VTVENFTlRSQUxVUyIsImpvYkxvY2F0aW9uIjoid2VzdGNlbnRyYWx1cyJ9?api-version=2016-09-01"
        ],
        "Retry-After": [
          "15"
        ],
        "x-ms-ratelimit-remaining-subscription-reads": [
          "11997"
        ],
        "x-ms-request-id": [
          "d861fc27-d2e1-49ca-8c16-2a1471f7ccee"
        ],
        "x-ms-correlation-request-id": [
          "d861fc27-d2e1-49ca-8c16-2a1471f7ccee"
        ],
        "x-ms-routing-request-id": [
          "WESTUS2:20190918T221527Z:d861fc27-d2e1-49ca-8c16-2a1471f7ccee"
        ],
        "Strict-Transport-Security": [
          "max-age=31536000; includeSubDomains"
        ],
        "X-Content-Type-Options": [
          "nosniff"
        ],
        "Content-Length": [
          "0"
        ],
        "Expires": [
          "-1"
        ]
      },
      "ResponseBody": "",
      "StatusCode": 202
    },
    {
      "RequestUri": "/subscriptions/3dc13b6d-6896-40ac-98f7-f18cbce2a405/operationresults/eyJqb2JJZCI6IlJFU09VUkNFR1JPVVBERUxFVElPTkpPQi1QUzk1MTUtV0VTVENFTlRSQUxVUyIsImpvYkxvY2F0aW9uIjoid2VzdGNlbnRyYWx1cyJ9?api-version=2016-09-01",
      "EncodedRequestUri": "L3N1YnNjcmlwdGlvbnMvM2RjMTNiNmQtNjg5Ni00MGFjLTk4ZjctZjE4Y2JjZTJhNDA1L29wZXJhdGlvbnJlc3VsdHMvZXlKcWIySkpaQ0k2SWxKRlUwOVZVa05GUjFKUFZWQkVSVXhGVkVsUFRrcFBRaTFRVXprMU1UVXRWMFZUVkVORlRsUlNRVXhWVXlJc0ltcHZZa3h2WTJGMGFXOXVJam9pZDJWemRHTmxiblJ5WVd4MWN5Sjk/YXBpLXZlcnNpb249MjAxNi0wOS0wMQ==",
      "RequestMethod": "GET",
      "RequestBody": "",
      "RequestHeaders": {
        "User-Agent": [
          "FxVersion/4.6.26614.01",
          "OSName/Windows",
          "OSVersion/Microsoft.Windows.10.0.14393.",
          "Microsoft.Azure.Management.Internal.Resources.ResourceManagementClient/1.3.2"
        ]
      },
      "ResponseHeaders": {
        "Cache-Control": [
          "no-cache"
        ],
        "Date": [
          "Wed, 18 Sep 2019 22:15:41 GMT"
        ],
        "Pragma": [
          "no-cache"
        ],
        "Location": [
          "https://management.azure.com/subscriptions/3dc13b6d-6896-40ac-98f7-f18cbce2a405/operationresults/eyJqb2JJZCI6IlJFU09VUkNFR1JPVVBERUxFVElPTkpPQi1QUzk1MTUtV0VTVENFTlRSQUxVUyIsImpvYkxvY2F0aW9uIjoid2VzdGNlbnRyYWx1cyJ9?api-version=2016-09-01"
        ],
        "Retry-After": [
          "15"
        ],
        "x-ms-ratelimit-remaining-subscription-reads": [
          "11996"
        ],
        "x-ms-request-id": [
          "d5ae2ad2-4f41-43fc-8ad4-9cbf7ecb7231"
        ],
        "x-ms-correlation-request-id": [
          "d5ae2ad2-4f41-43fc-8ad4-9cbf7ecb7231"
        ],
        "x-ms-routing-request-id": [
          "WESTUS2:20190918T221542Z:d5ae2ad2-4f41-43fc-8ad4-9cbf7ecb7231"
        ],
        "Strict-Transport-Security": [
          "max-age=31536000; includeSubDomains"
        ],
        "X-Content-Type-Options": [
          "nosniff"
        ],
        "Content-Length": [
          "0"
        ],
        "Expires": [
          "-1"
        ]
      },
      "ResponseBody": "",
      "StatusCode": 202
    },
    {
      "RequestUri": "/subscriptions/3dc13b6d-6896-40ac-98f7-f18cbce2a405/operationresults/eyJqb2JJZCI6IlJFU09VUkNFR1JPVVBERUxFVElPTkpPQi1QUzk1MTUtV0VTVENFTlRSQUxVUyIsImpvYkxvY2F0aW9uIjoid2VzdGNlbnRyYWx1cyJ9?api-version=2016-09-01",
      "EncodedRequestUri": "L3N1YnNjcmlwdGlvbnMvM2RjMTNiNmQtNjg5Ni00MGFjLTk4ZjctZjE4Y2JjZTJhNDA1L29wZXJhdGlvbnJlc3VsdHMvZXlKcWIySkpaQ0k2SWxKRlUwOVZVa05GUjFKUFZWQkVSVXhGVkVsUFRrcFBRaTFRVXprMU1UVXRWMFZUVkVORlRsUlNRVXhWVXlJc0ltcHZZa3h2WTJGMGFXOXVJam9pZDJWemRHTmxiblJ5WVd4MWN5Sjk/YXBpLXZlcnNpb249MjAxNi0wOS0wMQ==",
      "RequestMethod": "GET",
      "RequestBody": "",
      "RequestHeaders": {
        "User-Agent": [
          "FxVersion/4.6.26614.01",
          "OSName/Windows",
          "OSVersion/Microsoft.Windows.10.0.14393.",
          "Microsoft.Azure.Management.Internal.Resources.ResourceManagementClient/1.3.2"
        ]
      },
      "ResponseHeaders": {
        "Cache-Control": [
          "no-cache"
        ],
        "Date": [
          "Wed, 18 Sep 2019 22:15:56 GMT"
        ],
        "Pragma": [
          "no-cache"
        ],
        "Location": [
          "https://management.azure.com/subscriptions/3dc13b6d-6896-40ac-98f7-f18cbce2a405/operationresults/eyJqb2JJZCI6IlJFU09VUkNFR1JPVVBERUxFVElPTkpPQi1QUzk1MTUtV0VTVENFTlRSQUxVUyIsImpvYkxvY2F0aW9uIjoid2VzdGNlbnRyYWx1cyJ9?api-version=2016-09-01"
        ],
        "Retry-After": [
          "15"
        ],
        "x-ms-ratelimit-remaining-subscription-reads": [
          "11995"
        ],
        "x-ms-request-id": [
          "93bec5a9-595e-4bb3-bb9f-436e4fbd66e1"
        ],
        "x-ms-correlation-request-id": [
          "93bec5a9-595e-4bb3-bb9f-436e4fbd66e1"
        ],
        "x-ms-routing-request-id": [
          "WESTUS2:20190918T221557Z:93bec5a9-595e-4bb3-bb9f-436e4fbd66e1"
        ],
        "Strict-Transport-Security": [
          "max-age=31536000; includeSubDomains"
        ],
        "X-Content-Type-Options": [
          "nosniff"
        ],
        "Content-Length": [
          "0"
        ],
        "Expires": [
          "-1"
        ]
      },
      "ResponseBody": "",
      "StatusCode": 202
    },
    {
      "RequestUri": "/subscriptions/3dc13b6d-6896-40ac-98f7-f18cbce2a405/operationresults/eyJqb2JJZCI6IlJFU09VUkNFR1JPVVBERUxFVElPTkpPQi1QUzk1MTUtV0VTVENFTlRSQUxVUyIsImpvYkxvY2F0aW9uIjoid2VzdGNlbnRyYWx1cyJ9?api-version=2016-09-01",
      "EncodedRequestUri": "L3N1YnNjcmlwdGlvbnMvM2RjMTNiNmQtNjg5Ni00MGFjLTk4ZjctZjE4Y2JjZTJhNDA1L29wZXJhdGlvbnJlc3VsdHMvZXlKcWIySkpaQ0k2SWxKRlUwOVZVa05GUjFKUFZWQkVSVXhGVkVsUFRrcFBRaTFRVXprMU1UVXRWMFZUVkVORlRsUlNRVXhWVXlJc0ltcHZZa3h2WTJGMGFXOXVJam9pZDJWemRHTmxiblJ5WVd4MWN5Sjk/YXBpLXZlcnNpb249MjAxNi0wOS0wMQ==",
      "RequestMethod": "GET",
      "RequestBody": "",
      "RequestHeaders": {
        "User-Agent": [
          "FxVersion/4.6.26614.01",
          "OSName/Windows",
          "OSVersion/Microsoft.Windows.10.0.14393.",
          "Microsoft.Azure.Management.Internal.Resources.ResourceManagementClient/1.3.2"
        ]
      },
      "ResponseHeaders": {
        "Cache-Control": [
          "no-cache"
        ],
        "Date": [
          "Wed, 18 Sep 2019 22:16:11 GMT"
        ],
        "Pragma": [
          "no-cache"
        ],
        "Location": [
          "https://management.azure.com/subscriptions/3dc13b6d-6896-40ac-98f7-f18cbce2a405/operationresults/eyJqb2JJZCI6IlJFU09VUkNFR1JPVVBERUxFVElPTkpPQi1QUzk1MTUtV0VTVENFTlRSQUxVUyIsImpvYkxvY2F0aW9uIjoid2VzdGNlbnRyYWx1cyJ9?api-version=2016-09-01"
        ],
        "Retry-After": [
          "15"
        ],
        "x-ms-ratelimit-remaining-subscription-reads": [
          "11994"
        ],
        "x-ms-request-id": [
          "d9139d34-5e02-4a33-b5bd-ac83997dfa42"
        ],
        "x-ms-correlation-request-id": [
          "d9139d34-5e02-4a33-b5bd-ac83997dfa42"
        ],
        "x-ms-routing-request-id": [
          "WESTUS2:20190918T221612Z:d9139d34-5e02-4a33-b5bd-ac83997dfa42"
        ],
        "Strict-Transport-Security": [
          "max-age=31536000; includeSubDomains"
        ],
        "X-Content-Type-Options": [
          "nosniff"
        ],
        "Content-Length": [
          "0"
        ],
        "Expires": [
          "-1"
        ]
      },
      "ResponseBody": "",
      "StatusCode": 202
    },
    {
      "RequestUri": "/subscriptions/3dc13b6d-6896-40ac-98f7-f18cbce2a405/operationresults/eyJqb2JJZCI6IlJFU09VUkNFR1JPVVBERUxFVElPTkpPQi1QUzk1MTUtV0VTVENFTlRSQUxVUyIsImpvYkxvY2F0aW9uIjoid2VzdGNlbnRyYWx1cyJ9?api-version=2016-09-01",
      "EncodedRequestUri": "L3N1YnNjcmlwdGlvbnMvM2RjMTNiNmQtNjg5Ni00MGFjLTk4ZjctZjE4Y2JjZTJhNDA1L29wZXJhdGlvbnJlc3VsdHMvZXlKcWIySkpaQ0k2SWxKRlUwOVZVa05GUjFKUFZWQkVSVXhGVkVsUFRrcFBRaTFRVXprMU1UVXRWMFZUVkVORlRsUlNRVXhWVXlJc0ltcHZZa3h2WTJGMGFXOXVJam9pZDJWemRHTmxiblJ5WVd4MWN5Sjk/YXBpLXZlcnNpb249MjAxNi0wOS0wMQ==",
      "RequestMethod": "GET",
      "RequestBody": "",
      "RequestHeaders": {
        "User-Agent": [
          "FxVersion/4.6.26614.01",
          "OSName/Windows",
          "OSVersion/Microsoft.Windows.10.0.14393.",
          "Microsoft.Azure.Management.Internal.Resources.ResourceManagementClient/1.3.2"
        ]
      },
      "ResponseHeaders": {
        "Cache-Control": [
          "no-cache"
        ],
        "Date": [
          "Wed, 18 Sep 2019 22:16:27 GMT"
        ],
        "Pragma": [
          "no-cache"
        ],
        "Location": [
          "https://management.azure.com/subscriptions/3dc13b6d-6896-40ac-98f7-f18cbce2a405/operationresults/eyJqb2JJZCI6IlJFU09VUkNFR1JPVVBERUxFVElPTkpPQi1QUzk1MTUtV0VTVENFTlRSQUxVUyIsImpvYkxvY2F0aW9uIjoid2VzdGNlbnRyYWx1cyJ9?api-version=2016-09-01"
        ],
        "Retry-After": [
          "15"
        ],
        "x-ms-ratelimit-remaining-subscription-reads": [
          "11993"
        ],
        "x-ms-request-id": [
          "5ac4ec42-a34c-4f81-a169-d4196f078634"
        ],
        "x-ms-correlation-request-id": [
          "5ac4ec42-a34c-4f81-a169-d4196f078634"
        ],
        "x-ms-routing-request-id": [
          "WESTUS2:20190918T221627Z:5ac4ec42-a34c-4f81-a169-d4196f078634"
        ],
        "Strict-Transport-Security": [
          "max-age=31536000; includeSubDomains"
        ],
        "X-Content-Type-Options": [
          "nosniff"
        ],
        "Content-Length": [
          "0"
        ],
        "Expires": [
          "-1"
        ]
      },
      "ResponseBody": "",
      "StatusCode": 202
    },
    {
      "RequestUri": "/subscriptions/3dc13b6d-6896-40ac-98f7-f18cbce2a405/operationresults/eyJqb2JJZCI6IlJFU09VUkNFR1JPVVBERUxFVElPTkpPQi1QUzk1MTUtV0VTVENFTlRSQUxVUyIsImpvYkxvY2F0aW9uIjoid2VzdGNlbnRyYWx1cyJ9?api-version=2016-09-01",
      "EncodedRequestUri": "L3N1YnNjcmlwdGlvbnMvM2RjMTNiNmQtNjg5Ni00MGFjLTk4ZjctZjE4Y2JjZTJhNDA1L29wZXJhdGlvbnJlc3VsdHMvZXlKcWIySkpaQ0k2SWxKRlUwOVZVa05GUjFKUFZWQkVSVXhGVkVsUFRrcFBRaTFRVXprMU1UVXRWMFZUVkVORlRsUlNRVXhWVXlJc0ltcHZZa3h2WTJGMGFXOXVJam9pZDJWemRHTmxiblJ5WVd4MWN5Sjk/YXBpLXZlcnNpb249MjAxNi0wOS0wMQ==",
      "RequestMethod": "GET",
      "RequestBody": "",
      "RequestHeaders": {
        "User-Agent": [
          "FxVersion/4.6.26614.01",
          "OSName/Windows",
          "OSVersion/Microsoft.Windows.10.0.14393.",
          "Microsoft.Azure.Management.Internal.Resources.ResourceManagementClient/1.3.2"
        ]
      },
      "ResponseHeaders": {
        "Cache-Control": [
          "no-cache"
        ],
        "Date": [
          "Wed, 18 Sep 2019 22:16:42 GMT"
        ],
        "Pragma": [
          "no-cache"
        ],
        "Location": [
          "https://management.azure.com/subscriptions/3dc13b6d-6896-40ac-98f7-f18cbce2a405/operationresults/eyJqb2JJZCI6IlJFU09VUkNFR1JPVVBERUxFVElPTkpPQi1QUzk1MTUtV0VTVENFTlRSQUxVUyIsImpvYkxvY2F0aW9uIjoid2VzdGNlbnRyYWx1cyJ9?api-version=2016-09-01"
        ],
        "Retry-After": [
          "15"
        ],
        "x-ms-ratelimit-remaining-subscription-reads": [
          "11992"
        ],
        "x-ms-request-id": [
          "1d35abe5-b1d1-4cd9-aebb-16aea45ea9ac"
        ],
        "x-ms-correlation-request-id": [
          "1d35abe5-b1d1-4cd9-aebb-16aea45ea9ac"
        ],
        "x-ms-routing-request-id": [
          "WESTUS2:20190918T221642Z:1d35abe5-b1d1-4cd9-aebb-16aea45ea9ac"
        ],
        "Strict-Transport-Security": [
          "max-age=31536000; includeSubDomains"
        ],
        "X-Content-Type-Options": [
          "nosniff"
        ],
        "Content-Length": [
          "0"
        ],
        "Expires": [
          "-1"
        ]
      },
      "ResponseBody": "",
      "StatusCode": 202
    },
    {
      "RequestUri": "/subscriptions/3dc13b6d-6896-40ac-98f7-f18cbce2a405/operationresults/eyJqb2JJZCI6IlJFU09VUkNFR1JPVVBERUxFVElPTkpPQi1QUzk1MTUtV0VTVENFTlRSQUxVUyIsImpvYkxvY2F0aW9uIjoid2VzdGNlbnRyYWx1cyJ9?api-version=2016-09-01",
      "EncodedRequestUri": "L3N1YnNjcmlwdGlvbnMvM2RjMTNiNmQtNjg5Ni00MGFjLTk4ZjctZjE4Y2JjZTJhNDA1L29wZXJhdGlvbnJlc3VsdHMvZXlKcWIySkpaQ0k2SWxKRlUwOVZVa05GUjFKUFZWQkVSVXhGVkVsUFRrcFBRaTFRVXprMU1UVXRWMFZUVkVORlRsUlNRVXhWVXlJc0ltcHZZa3h2WTJGMGFXOXVJam9pZDJWemRHTmxiblJ5WVd4MWN5Sjk/YXBpLXZlcnNpb249MjAxNi0wOS0wMQ==",
      "RequestMethod": "GET",
      "RequestBody": "",
      "RequestHeaders": {
        "User-Agent": [
          "FxVersion/4.6.26614.01",
          "OSName/Windows",
          "OSVersion/Microsoft.Windows.10.0.14393.",
          "Microsoft.Azure.Management.Internal.Resources.ResourceManagementClient/1.3.2"
        ]
      },
      "ResponseHeaders": {
        "Cache-Control": [
          "no-cache"
        ],
        "Date": [
          "Wed, 18 Sep 2019 22:16:57 GMT"
        ],
        "Pragma": [
          "no-cache"
        ],
        "x-ms-ratelimit-remaining-subscription-reads": [
          "11991"
        ],
        "x-ms-request-id": [
          "3f5b7210-e3aa-4e5b-b436-64f5f594366b"
        ],
        "x-ms-correlation-request-id": [
          "3f5b7210-e3aa-4e5b-b436-64f5f594366b"
        ],
        "x-ms-routing-request-id": [
          "WESTUS2:20190918T221657Z:3f5b7210-e3aa-4e5b-b436-64f5f594366b"
        ],
        "Strict-Transport-Security": [
          "max-age=31536000; includeSubDomains"
        ],
        "X-Content-Type-Options": [
          "nosniff"
        ],
        "Content-Length": [
          "0"
        ],
        "Expires": [
          "-1"
        ]
      },
      "ResponseBody": "",
      "StatusCode": 200
    },
    {
      "RequestUri": "/subscriptions/3dc13b6d-6896-40ac-98f7-f18cbce2a405/operationresults/eyJqb2JJZCI6IlJFU09VUkNFR1JPVVBERUxFVElPTkpPQi1QUzk1MTUtV0VTVENFTlRSQUxVUyIsImpvYkxvY2F0aW9uIjoid2VzdGNlbnRyYWx1cyJ9?api-version=2016-09-01",
      "EncodedRequestUri": "L3N1YnNjcmlwdGlvbnMvM2RjMTNiNmQtNjg5Ni00MGFjLTk4ZjctZjE4Y2JjZTJhNDA1L29wZXJhdGlvbnJlc3VsdHMvZXlKcWIySkpaQ0k2SWxKRlUwOVZVa05GUjFKUFZWQkVSVXhGVkVsUFRrcFBRaTFRVXprMU1UVXRWMFZUVkVORlRsUlNRVXhWVXlJc0ltcHZZa3h2WTJGMGFXOXVJam9pZDJWemRHTmxiblJ5WVd4MWN5Sjk/YXBpLXZlcnNpb249MjAxNi0wOS0wMQ==",
      "RequestMethod": "GET",
      "RequestBody": "",
      "RequestHeaders": {
        "User-Agent": [
          "FxVersion/4.6.26614.01",
          "OSName/Windows",
          "OSVersion/Microsoft.Windows.10.0.14393.",
          "Microsoft.Azure.Management.Internal.Resources.ResourceManagementClient/1.3.2"
        ]
      },
      "ResponseHeaders": {
        "Cache-Control": [
          "no-cache"
        ],
        "Date": [
          "Wed, 18 Sep 2019 22:16:57 GMT"
        ],
        "Pragma": [
          "no-cache"
        ],
        "x-ms-ratelimit-remaining-subscription-reads": [
          "11990"
        ],
        "x-ms-request-id": [
          "a4879047-2c41-4105-bea7-34528ddb0319"
        ],
        "x-ms-correlation-request-id": [
          "a4879047-2c41-4105-bea7-34528ddb0319"
        ],
        "x-ms-routing-request-id": [
          "WESTUS2:20190918T221657Z:a4879047-2c41-4105-bea7-34528ddb0319"
        ],
        "Strict-Transport-Security": [
          "max-age=31536000; includeSubDomains"
        ],
        "X-Content-Type-Options": [
          "nosniff"
        ],
        "Content-Length": [
          "0"
        ],
        "Expires": [
          "-1"
        ]
      },
      "ResponseBody": "",
      "StatusCode": 200
    }
  ],
  "Names": {
    "Test-LoadBalancerCRUD-PublicBasicSku": [
      "ps9515",
      "ps2845",
      "ps912",
      "ps2801",
      "ps9772",
      "ps2122",
      "ps3171",
      "ps3188",
      "ps6663",
      "ps5853",
      "ps7664"
    ]
  },
  "Variables": {
    "SubscriptionId": "3dc13b6d-6896-40ac-98f7-f18cbce2a405"
  }
}