{
  "Entries": [
    {
      "RequestUri": "/subscriptions/3dc13b6d-6896-40ac-98f7-f18cbce2a405/resourcegroups/ps9285?api-version=2016-09-01",
      "EncodedRequestUri": "L3N1YnNjcmlwdGlvbnMvM2RjMTNiNmQtNjg5Ni00MGFjLTk4ZjctZjE4Y2JjZTJhNDA1L3Jlc291cmNlZ3JvdXBzL3BzOTI4NT9hcGktdmVyc2lvbj0yMDE2LTA5LTAx",
      "RequestMethod": "PUT",
      "RequestBody": "{\r\n  \"location\": \"westcentralus\"\r\n}",
      "RequestHeaders": {
        "x-ms-client-request-id": [
          "7555c201-cca0-4ed8-8a3a-b02b81816302"
        ],
        "accept-language": [
          "en-US"
        ],
        "User-Agent": [
          "FxVersion/4.6.26614.01",
          "OSName/Windows",
          "OSVersion/Microsoft.Windows.10.0.14393.",
          "Microsoft.Azure.Management.Internal.Resources.ResourceManagementClient/1.3.2"
        ],
        "Content-Type": [
          "application/json; charset=utf-8"
        ],
        "Content-Length": [
          "35"
        ]
      },
      "ResponseHeaders": {
        "Cache-Control": [
          "no-cache"
        ],
        "Date": [
          "Wed, 18 Sep 2019 22:53:51 GMT"
        ],
        "Pragma": [
          "no-cache"
        ],
        "x-ms-ratelimit-remaining-subscription-writes": [
          "1193"
        ],
        "x-ms-request-id": [
          "274f5d0d-556a-4c57-bf04-68e5b01b360a"
        ],
        "x-ms-correlation-request-id": [
          "274f5d0d-556a-4c57-bf04-68e5b01b360a"
        ],
        "x-ms-routing-request-id": [
          "WESTUS2:20190918T225351Z:274f5d0d-556a-4c57-bf04-68e5b01b360a"
        ],
        "Strict-Transport-Security": [
          "max-age=31536000; includeSubDomains"
        ],
        "X-Content-Type-Options": [
          "nosniff"
        ],
        "Content-Length": [
          "172"
        ],
        "Content-Type": [
          "application/json; charset=utf-8"
        ],
        "Expires": [
          "-1"
        ]
      },
      "ResponseBody": "{\r\n  \"id\": \"/subscriptions/3dc13b6d-6896-40ac-98f7-f18cbce2a405/resourceGroups/ps9285\",\r\n  \"name\": \"ps9285\",\r\n  \"location\": \"westcentralus\",\r\n  \"properties\": {\r\n    \"provisioningState\": \"Succeeded\"\r\n  }\r\n}",
      "StatusCode": 201
    },
    {
      "RequestUri": "/subscriptions/3dc13b6d-6896-40ac-98f7-f18cbce2a405/resourceGroups/ps9285/providers/Microsoft.Network/virtualNetworks/ps6880?api-version=2019-08-01",
      "EncodedRequestUri": "L3N1YnNjcmlwdGlvbnMvM2RjMTNiNmQtNjg5Ni00MGFjLTk4ZjctZjE4Y2JjZTJhNDA1L3Jlc291cmNlR3JvdXBzL3BzOTI4NS9wcm92aWRlcnMvTWljcm9zb2Z0Lk5ldHdvcmsvdmlydHVhbE5ldHdvcmtzL3BzNjg4MD9hcGktdmVyc2lvbj0yMDE5LTA4LTAx",
      "RequestMethod": "GET",
      "RequestBody": "",
      "RequestHeaders": {
        "x-ms-client-request-id": [
          "64075cf2-26a7-4fba-b2c0-5f3f8179c5b1"
        ],
        "accept-language": [
          "en-US"
        ],
        "User-Agent": [
          "FxVersion/4.6.26614.01",
          "OSName/Windows",
          "OSVersion/Microsoft.Windows.10.0.14393.",
          "Microsoft.Azure.Management.Network.NetworkManagementClient/20.0.0.0"
        ]
      },
      "ResponseHeaders": {
        "Cache-Control": [
          "no-cache"
        ],
        "Date": [
          "Wed, 18 Sep 2019 22:53:51 GMT"
        ],
        "Pragma": [
          "no-cache"
        ],
        "x-ms-failure-cause": [
          "gateway"
        ],
        "x-ms-request-id": [
          "c20de653-7c6b-4bc2-b135-d3637a7e1793"
        ],
        "x-ms-correlation-request-id": [
          "c20de653-7c6b-4bc2-b135-d3637a7e1793"
        ],
        "x-ms-routing-request-id": [
          "WESTUS2:20190918T225351Z:c20de653-7c6b-4bc2-b135-d3637a7e1793"
        ],
        "Strict-Transport-Security": [
          "max-age=31536000; includeSubDomains"
        ],
        "X-Content-Type-Options": [
          "nosniff"
        ],
        "Content-Length": [
          "150"
        ],
        "Content-Type": [
          "application/json; charset=utf-8"
        ],
        "Expires": [
          "-1"
        ]
      },
      "ResponseBody": "{\r\n  \"error\": {\r\n    \"code\": \"ResourceNotFound\",\r\n    \"message\": \"The Resource 'Microsoft.Network/virtualNetworks/ps6880' under resource group 'ps9285' was not found.\"\r\n  }\r\n}",
      "StatusCode": 404
    },
    {
      "RequestUri": "/subscriptions/3dc13b6d-6896-40ac-98f7-f18cbce2a405/resourceGroups/ps9285/providers/Microsoft.Network/virtualNetworks/ps6880?api-version=2019-08-01",
      "EncodedRequestUri": "L3N1YnNjcmlwdGlvbnMvM2RjMTNiNmQtNjg5Ni00MGFjLTk4ZjctZjE4Y2JjZTJhNDA1L3Jlc291cmNlR3JvdXBzL3BzOTI4NS9wcm92aWRlcnMvTWljcm9zb2Z0Lk5ldHdvcmsvdmlydHVhbE5ldHdvcmtzL3BzNjg4MD9hcGktdmVyc2lvbj0yMDE5LTA4LTAx",
      "RequestMethod": "GET",
      "RequestBody": "",
      "RequestHeaders": {
        "User-Agent": [
          "FxVersion/4.6.26614.01",
          "OSName/Windows",
          "OSVersion/Microsoft.Windows.10.0.14393.",
          "Microsoft.Azure.Management.Network.NetworkManagementClient/20.0.0.0"
        ]
      },
      "ResponseHeaders": {
        "Cache-Control": [
          "no-cache"
        ],
        "Date": [
          "Wed, 18 Sep 2019 22:53:55 GMT"
        ],
        "Pragma": [
          "no-cache"
        ],
        "ETag": [
          "W/\"9dbef376-0de8-4800-a227-546d748f888d\""
        ],
        "Server": [
          "Microsoft-HTTPAPI/2.0",
          "Microsoft-HTTPAPI/2.0"
        ],
        "x-ms-request-id": [
          "90f85e61-3d45-4e94-ab03-11cd0d34c746"
        ],
        "x-ms-correlation-request-id": [
          "e693063a-5b28-4143-9c49-d0806c36eedf"
        ],
        "x-ms-arm-service-request-id": [
          "3556c67b-ce9d-47ab-a5d9-7116dbcdfa0a"
        ],
        "Strict-Transport-Security": [
          "max-age=31536000; includeSubDomains"
        ],
        "x-ms-ratelimit-remaining-subscription-reads": [
          "11978"
        ],
        "x-ms-routing-request-id": [
          "WESTUS2:20190918T225355Z:e693063a-5b28-4143-9c49-d0806c36eedf"
        ],
        "X-Content-Type-Options": [
          "nosniff"
        ],
        "Content-Length": [
          "1275"
        ],
        "Content-Type": [
          "application/json; charset=utf-8"
        ],
        "Expires": [
          "-1"
        ]
      },
      "ResponseBody": "{\r\n  \"name\": \"ps6880\",\r\n  \"id\": \"/subscriptions/3dc13b6d-6896-40ac-98f7-f18cbce2a405/resourceGroups/ps9285/providers/Microsoft.Network/virtualNetworks/ps6880\",\r\n  \"etag\": \"W/\\\"9dbef376-0de8-4800-a227-546d748f888d\\\"\",\r\n  \"type\": \"Microsoft.Network/virtualNetworks\",\r\n  \"location\": \"westcentralus\",\r\n  \"properties\": {\r\n    \"provisioningState\": \"Succeeded\",\r\n    \"resourceGuid\": \"4c5bf3db-70c2-463c-a57c-78bc2a1af094\",\r\n    \"addressSpace\": {\r\n      \"addressPrefixes\": [\r\n        \"10.0.0.0/16\"\r\n      ]\r\n    },\r\n    \"subnets\": [\r\n      {\r\n        \"name\": \"ps6254\",\r\n        \"id\": \"/subscriptions/3dc13b6d-6896-40ac-98f7-f18cbce2a405/resourceGroups/ps9285/providers/Microsoft.Network/virtualNetworks/ps6880/subnets/ps6254\",\r\n        \"etag\": \"W/\\\"9dbef376-0de8-4800-a227-546d748f888d\\\"\",\r\n        \"properties\": {\r\n          \"provisioningState\": \"Succeeded\",\r\n          \"addressPrefix\": \"10.0.1.0/24\",\r\n          \"serviceEndpoints\": [],\r\n          \"delegations\": [],\r\n          \"privateEndpointNetworkPolicies\": \"Enabled\",\r\n          \"privateLinkServiceNetworkPolicies\": \"Enabled\"\r\n        },\r\n        \"type\": \"Microsoft.Network/virtualNetworks/subnets\"\r\n      }\r\n    ],\r\n    \"virtualNetworkPeerings\": [],\r\n    \"enableDdosProtection\": false,\r\n    \"enableVmProtection\": false\r\n  }\r\n}",
      "StatusCode": 200
    },
    {
      "RequestUri": "/subscriptions/3dc13b6d-6896-40ac-98f7-f18cbce2a405/resourceGroups/ps9285/providers/Microsoft.Network/virtualNetworks/ps6880?api-version=2019-08-01",
      "EncodedRequestUri": "L3N1YnNjcmlwdGlvbnMvM2RjMTNiNmQtNjg5Ni00MGFjLTk4ZjctZjE4Y2JjZTJhNDA1L3Jlc291cmNlR3JvdXBzL3BzOTI4NS9wcm92aWRlcnMvTWljcm9zb2Z0Lk5ldHdvcmsvdmlydHVhbE5ldHdvcmtzL3BzNjg4MD9hcGktdmVyc2lvbj0yMDE5LTA4LTAx",
      "RequestMethod": "GET",
      "RequestBody": "",
      "RequestHeaders": {
        "x-ms-client-request-id": [
          "f855cf54-e8af-41b4-b2d7-15f8cba82e26"
        ],
        "accept-language": [
          "en-US"
        ],
        "User-Agent": [
          "FxVersion/4.6.26614.01",
          "OSName/Windows",
          "OSVersion/Microsoft.Windows.10.0.14393.",
          "Microsoft.Azure.Management.Network.NetworkManagementClient/20.0.0.0"
        ]
      },
      "ResponseHeaders": {
        "Cache-Control": [
          "no-cache"
        ],
        "Date": [
          "Wed, 18 Sep 2019 22:53:55 GMT"
        ],
        "Pragma": [
          "no-cache"
        ],
        "ETag": [
          "W/\"9dbef376-0de8-4800-a227-546d748f888d\""
        ],
        "Server": [
          "Microsoft-HTTPAPI/2.0",
          "Microsoft-HTTPAPI/2.0"
        ],
        "x-ms-request-id": [
          "2733d7d7-bd1e-45db-8917-cdbc3dedeab3"
        ],
        "x-ms-correlation-request-id": [
          "51bf517d-cb15-4c8c-b4d0-c35516df8857"
        ],
        "x-ms-arm-service-request-id": [
          "e41a763c-9082-441e-9f79-591f64ccd7f9"
        ],
        "Strict-Transport-Security": [
          "max-age=31536000; includeSubDomains"
        ],
        "x-ms-ratelimit-remaining-subscription-reads": [
          "11977"
        ],
        "x-ms-routing-request-id": [
          "WESTUS2:20190918T225355Z:51bf517d-cb15-4c8c-b4d0-c35516df8857"
        ],
        "X-Content-Type-Options": [
          "nosniff"
        ],
        "Content-Length": [
          "1275"
        ],
        "Content-Type": [
          "application/json; charset=utf-8"
        ],
        "Expires": [
          "-1"
        ]
      },
      "ResponseBody": "{\r\n  \"name\": \"ps6880\",\r\n  \"id\": \"/subscriptions/3dc13b6d-6896-40ac-98f7-f18cbce2a405/resourceGroups/ps9285/providers/Microsoft.Network/virtualNetworks/ps6880\",\r\n  \"etag\": \"W/\\\"9dbef376-0de8-4800-a227-546d748f888d\\\"\",\r\n  \"type\": \"Microsoft.Network/virtualNetworks\",\r\n  \"location\": \"westcentralus\",\r\n  \"properties\": {\r\n    \"provisioningState\": \"Succeeded\",\r\n    \"resourceGuid\": \"4c5bf3db-70c2-463c-a57c-78bc2a1af094\",\r\n    \"addressSpace\": {\r\n      \"addressPrefixes\": [\r\n        \"10.0.0.0/16\"\r\n      ]\r\n    },\r\n    \"subnets\": [\r\n      {\r\n        \"name\": \"ps6254\",\r\n        \"id\": \"/subscriptions/3dc13b6d-6896-40ac-98f7-f18cbce2a405/resourceGroups/ps9285/providers/Microsoft.Network/virtualNetworks/ps6880/subnets/ps6254\",\r\n        \"etag\": \"W/\\\"9dbef376-0de8-4800-a227-546d748f888d\\\"\",\r\n        \"properties\": {\r\n          \"provisioningState\": \"Succeeded\",\r\n          \"addressPrefix\": \"10.0.1.0/24\",\r\n          \"serviceEndpoints\": [],\r\n          \"delegations\": [],\r\n          \"privateEndpointNetworkPolicies\": \"Enabled\",\r\n          \"privateLinkServiceNetworkPolicies\": \"Enabled\"\r\n        },\r\n        \"type\": \"Microsoft.Network/virtualNetworks/subnets\"\r\n      }\r\n    ],\r\n    \"virtualNetworkPeerings\": [],\r\n    \"enableDdosProtection\": false,\r\n    \"enableVmProtection\": false\r\n  }\r\n}",
      "StatusCode": 200
    },
    {
      "RequestUri": "/subscriptions/3dc13b6d-6896-40ac-98f7-f18cbce2a405/resourceGroups/ps9285/providers/Microsoft.Network/virtualNetworks/ps6880?api-version=2019-08-01",
      "EncodedRequestUri": "L3N1YnNjcmlwdGlvbnMvM2RjMTNiNmQtNjg5Ni00MGFjLTk4ZjctZjE4Y2JjZTJhNDA1L3Jlc291cmNlR3JvdXBzL3BzOTI4NS9wcm92aWRlcnMvTWljcm9zb2Z0Lk5ldHdvcmsvdmlydHVhbE5ldHdvcmtzL3BzNjg4MD9hcGktdmVyc2lvbj0yMDE5LTA4LTAx",
      "RequestMethod": "PUT",
      "RequestBody": "{\r\n  \"properties\": {\r\n    \"addressSpace\": {\r\n      \"addressPrefixes\": [\r\n        \"10.0.0.0/16\"\r\n      ]\r\n    },\r\n    \"subnets\": [\r\n      {\r\n        \"properties\": {\r\n          \"addressPrefix\": \"10.0.1.0/24\",\r\n          \"addressPrefixes\": [],\r\n          \"serviceEndpoints\": [],\r\n          \"serviceEndpointPolicies\": [],\r\n          \"resourceNavigationLinks\": [],\r\n          \"serviceAssociationLinks\": [],\r\n          \"delegations\": [],\r\n          \"privateEndpointNetworkPolicies\": \"Enabled\",\r\n          \"privateLinkServiceNetworkPolicies\": \"Enabled\"\r\n        },\r\n        \"name\": \"ps6254\"\r\n      }\r\n    ],\r\n    \"virtualNetworkPeerings\": [],\r\n    \"enableDdosProtection\": false\r\n  },\r\n  \"location\": \"westcentralus\"\r\n}",
      "RequestHeaders": {
        "x-ms-client-request-id": [
          "b2b95b60-c98e-4371-bc22-9a48eb64e233"
        ],
        "accept-language": [
          "en-US"
        ],
        "User-Agent": [
          "FxVersion/4.6.26614.01",
          "OSName/Windows",
          "OSVersion/Microsoft.Windows.10.0.14393.",
          "Microsoft.Azure.Management.Network.NetworkManagementClient/20.0.0.0"
        ],
        "Content-Type": [
          "application/json; charset=utf-8"
        ],
        "Content-Length": [
          "710"
        ]
      },
      "ResponseHeaders": {
        "Cache-Control": [
          "no-cache"
        ],
        "Date": [
          "Wed, 18 Sep 2019 22:53:51 GMT"
        ],
        "Pragma": [
          "no-cache"
        ],
        "Retry-After": [
          "3"
        ],
        "Server": [
          "Microsoft-HTTPAPI/2.0",
          "Microsoft-HTTPAPI/2.0"
        ],
        "x-ms-request-id": [
          "c3a550b4-3e36-4503-85f9-57d7dc9a01f1"
        ],
        "Azure-AsyncOperation": [
          "https://management.azure.com/subscriptions/3dc13b6d-6896-40ac-98f7-f18cbce2a405/providers/Microsoft.Network/locations/westcentralus/operations/c3a550b4-3e36-4503-85f9-57d7dc9a01f1?api-version=2019-08-01"
        ],
        "x-ms-correlation-request-id": [
          "ef37ffe8-eb11-43cc-9e76-9979d8cf3005"
        ],
        "Azure-AsyncNotification": [
          "Enabled"
        ],
        "x-ms-arm-service-request-id": [
          "8ec8badb-d8bf-4ba0-8267-99dd430c2bc0"
        ],
        "Strict-Transport-Security": [
          "max-age=31536000; includeSubDomains"
        ],
        "x-ms-ratelimit-remaining-subscription-writes": [
          "1195"
        ],
        "x-ms-routing-request-id": [
          "WESTUS2:20190918T225352Z:ef37ffe8-eb11-43cc-9e76-9979d8cf3005"
        ],
        "X-Content-Type-Options": [
          "nosniff"
        ],
        "Content-Length": [
          "1273"
        ],
        "Content-Type": [
          "application/json; charset=utf-8"
        ],
        "Expires": [
          "-1"
        ]
      },
      "ResponseBody": "{\r\n  \"name\": \"ps6880\",\r\n  \"id\": \"/subscriptions/3dc13b6d-6896-40ac-98f7-f18cbce2a405/resourceGroups/ps9285/providers/Microsoft.Network/virtualNetworks/ps6880\",\r\n  \"etag\": \"W/\\\"37ca171e-ecd8-4fdf-88bd-e61f50a12f8a\\\"\",\r\n  \"type\": \"Microsoft.Network/virtualNetworks\",\r\n  \"location\": \"westcentralus\",\r\n  \"properties\": {\r\n    \"provisioningState\": \"Updating\",\r\n    \"resourceGuid\": \"4c5bf3db-70c2-463c-a57c-78bc2a1af094\",\r\n    \"addressSpace\": {\r\n      \"addressPrefixes\": [\r\n        \"10.0.0.0/16\"\r\n      ]\r\n    },\r\n    \"subnets\": [\r\n      {\r\n        \"name\": \"ps6254\",\r\n        \"id\": \"/subscriptions/3dc13b6d-6896-40ac-98f7-f18cbce2a405/resourceGroups/ps9285/providers/Microsoft.Network/virtualNetworks/ps6880/subnets/ps6254\",\r\n        \"etag\": \"W/\\\"37ca171e-ecd8-4fdf-88bd-e61f50a12f8a\\\"\",\r\n        \"properties\": {\r\n          \"provisioningState\": \"Updating\",\r\n          \"addressPrefix\": \"10.0.1.0/24\",\r\n          \"serviceEndpoints\": [],\r\n          \"delegations\": [],\r\n          \"privateEndpointNetworkPolicies\": \"Enabled\",\r\n          \"privateLinkServiceNetworkPolicies\": \"Enabled\"\r\n        },\r\n        \"type\": \"Microsoft.Network/virtualNetworks/subnets\"\r\n      }\r\n    ],\r\n    \"virtualNetworkPeerings\": [],\r\n    \"enableDdosProtection\": false,\r\n    \"enableVmProtection\": false\r\n  }\r\n}",
      "StatusCode": 201
    },
    {
      "RequestUri": "/subscriptions/3dc13b6d-6896-40ac-98f7-f18cbce2a405/providers/Microsoft.Network/locations/westcentralus/operations/c3a550b4-3e36-4503-85f9-57d7dc9a01f1?api-version=2019-08-01",
      "EncodedRequestUri": "L3N1YnNjcmlwdGlvbnMvM2RjMTNiNmQtNjg5Ni00MGFjLTk4ZjctZjE4Y2JjZTJhNDA1L3Byb3ZpZGVycy9NaWNyb3NvZnQuTmV0d29yay9sb2NhdGlvbnMvd2VzdGNlbnRyYWx1cy9vcGVyYXRpb25zL2MzYTU1MGI0LTNlMzYtNDUwMy04NWY5LTU3ZDdkYzlhMDFmMT9hcGktdmVyc2lvbj0yMDE5LTA4LTAx",
      "RequestMethod": "GET",
      "RequestBody": "",
      "RequestHeaders": {
        "User-Agent": [
          "FxVersion/4.6.26614.01",
          "OSName/Windows",
          "OSVersion/Microsoft.Windows.10.0.14393.",
          "Microsoft.Azure.Management.Network.NetworkManagementClient/20.0.0.0"
        ]
      },
      "ResponseHeaders": {
        "Cache-Control": [
          "no-cache"
        ],
        "Date": [
          "Wed, 18 Sep 2019 22:53:55 GMT"
        ],
        "Pragma": [
          "no-cache"
        ],
        "Server": [
          "Microsoft-HTTPAPI/2.0",
          "Microsoft-HTTPAPI/2.0"
        ],
        "x-ms-request-id": [
          "49be97f9-a075-410b-9d0f-e948fcdb5899"
        ],
        "x-ms-correlation-request-id": [
          "6e24c5e1-a16b-450e-ab28-4f9fed743c48"
        ],
        "x-ms-arm-service-request-id": [
          "7192a933-9d3a-4d02-aee7-a1354ede6e11"
        ],
        "Strict-Transport-Security": [
          "max-age=31536000; includeSubDomains"
        ],
        "x-ms-ratelimit-remaining-subscription-reads": [
          "11979"
        ],
        "x-ms-routing-request-id": [
          "WESTUS2:20190918T225355Z:6e24c5e1-a16b-450e-ab28-4f9fed743c48"
        ],
        "X-Content-Type-Options": [
          "nosniff"
        ],
        "Content-Length": [
          "29"
        ],
        "Content-Type": [
          "application/json; charset=utf-8"
        ],
        "Expires": [
          "-1"
        ]
      },
      "ResponseBody": "{\r\n  \"status\": \"Succeeded\"\r\n}",
      "StatusCode": 200
    },
    {
      "RequestUri": "/subscriptions/3dc13b6d-6896-40ac-98f7-f18cbce2a405/resourceGroups/ps9285/providers/Microsoft.Network/publicIPAddresses/ps783?api-version=2019-08-01",
      "EncodedRequestUri": "L3N1YnNjcmlwdGlvbnMvM2RjMTNiNmQtNjg5Ni00MGFjLTk4ZjctZjE4Y2JjZTJhNDA1L3Jlc291cmNlR3JvdXBzL3BzOTI4NS9wcm92aWRlcnMvTWljcm9zb2Z0Lk5ldHdvcmsvcHVibGljSVBBZGRyZXNzZXMvcHM3ODM/YXBpLXZlcnNpb249MjAxOS0wOC0wMQ==",
      "RequestMethod": "GET",
      "RequestBody": "",
      "RequestHeaders": {
        "x-ms-client-request-id": [
          "98f47ce0-71b9-4b4c-bcd4-fc354b30d7fc"
        ],
        "accept-language": [
          "en-US"
        ],
        "User-Agent": [
          "FxVersion/4.6.26614.01",
          "OSName/Windows",
          "OSVersion/Microsoft.Windows.10.0.14393.",
          "Microsoft.Azure.Management.Network.NetworkManagementClient/20.0.0.0"
        ]
      },
      "ResponseHeaders": {
        "Cache-Control": [
          "no-cache"
        ],
        "Date": [
          "Wed, 18 Sep 2019 22:53:54 GMT"
        ],
        "Pragma": [
          "no-cache"
        ],
        "x-ms-failure-cause": [
          "gateway"
        ],
        "x-ms-request-id": [
          "79d43b58-3d2a-4b55-93d0-9051a72fc40e"
        ],
        "x-ms-correlation-request-id": [
          "79d43b58-3d2a-4b55-93d0-9051a72fc40e"
        ],
        "x-ms-routing-request-id": [
          "WESTUS2:20190918T225355Z:79d43b58-3d2a-4b55-93d0-9051a72fc40e"
        ],
        "Strict-Transport-Security": [
          "max-age=31536000; includeSubDomains"
        ],
        "X-Content-Type-Options": [
          "nosniff"
        ],
        "Content-Length": [
          "151"
        ],
        "Content-Type": [
          "application/json; charset=utf-8"
        ],
        "Expires": [
          "-1"
        ]
      },
      "ResponseBody": "{\r\n  \"error\": {\r\n    \"code\": \"ResourceNotFound\",\r\n    \"message\": \"The Resource 'Microsoft.Network/publicIPAddresses/ps783' under resource group 'ps9285' was not found.\"\r\n  }\r\n}",
      "StatusCode": 404
    },
    {
      "RequestUri": "/subscriptions/3dc13b6d-6896-40ac-98f7-f18cbce2a405/resourceGroups/ps9285/providers/Microsoft.Network/publicIPAddresses/ps783?api-version=2019-08-01",
      "EncodedRequestUri": "L3N1YnNjcmlwdGlvbnMvM2RjMTNiNmQtNjg5Ni00MGFjLTk4ZjctZjE4Y2JjZTJhNDA1L3Jlc291cmNlR3JvdXBzL3BzOTI4NS9wcm92aWRlcnMvTWljcm9zb2Z0Lk5ldHdvcmsvcHVibGljSVBBZGRyZXNzZXMvcHM3ODM/YXBpLXZlcnNpb249MjAxOS0wOC0wMQ==",
      "RequestMethod": "GET",
      "RequestBody": "",
      "RequestHeaders": {
        "User-Agent": [
          "FxVersion/4.6.26614.01",
          "OSName/Windows",
          "OSVersion/Microsoft.Windows.10.0.14393.",
          "Microsoft.Azure.Management.Network.NetworkManagementClient/20.0.0.0"
        ]
      },
      "ResponseHeaders": {
        "Cache-Control": [
          "no-cache"
        ],
        "Date": [
          "Wed, 18 Sep 2019 22:53:56 GMT"
        ],
        "Pragma": [
          "no-cache"
        ],
        "ETag": [
          "W/\"40b8ce56-a1fb-42fc-9117-b2e90e42480c\""
        ],
        "Server": [
          "Microsoft-HTTPAPI/2.0",
          "Microsoft-HTTPAPI/2.0"
        ],
        "x-ms-request-id": [
          "4bb07e21-3d4b-4495-bf08-91a971bacda0"
        ],
        "x-ms-correlation-request-id": [
          "8eec8b51-b585-4209-84f0-6f5b002afd0f"
        ],
        "x-ms-arm-service-request-id": [
          "24c0178c-e3f0-474c-8dfc-41f0cc3b9c0b"
        ],
        "Strict-Transport-Security": [
          "max-age=31536000; includeSubDomains"
        ],
        "x-ms-ratelimit-remaining-subscription-reads": [
          "11950"
        ],
        "x-ms-routing-request-id": [
          "WESTUS2:20190918T225357Z:8eec8b51-b585-4209-84f0-6f5b002afd0f"
        ],
        "X-Content-Type-Options": [
          "nosniff"
        ],
        "Content-Length": [
          "745"
        ],
        "Content-Type": [
          "application/json; charset=utf-8"
        ],
        "Expires": [
          "-1"
        ]
      },
      "ResponseBody": "{\r\n  \"name\": \"ps783\",\r\n  \"id\": \"/subscriptions/3dc13b6d-6896-40ac-98f7-f18cbce2a405/resourceGroups/ps9285/providers/Microsoft.Network/publicIPAddresses/ps783\",\r\n  \"etag\": \"W/\\\"40b8ce56-a1fb-42fc-9117-b2e90e42480c\\\"\",\r\n  \"location\": \"westcentralus\",\r\n  \"properties\": {\r\n    \"provisioningState\": \"Succeeded\",\r\n    \"resourceGuid\": \"5028eb33-6a2f-444c-9696-214964740c32\",\r\n    \"publicIPAddressVersion\": \"IPv4\",\r\n    \"publicIPAllocationMethod\": \"Dynamic\",\r\n    \"idleTimeoutInMinutes\": 4,\r\n    \"dnsSettings\": {\r\n      \"domainNameLabel\": \"ps5734\",\r\n      \"fqdn\": \"ps5734.westcentralus.cloudapp.azure.com\"\r\n    },\r\n    \"ipTags\": []\r\n  },\r\n  \"type\": \"Microsoft.Network/publicIPAddresses\",\r\n  \"sku\": {\r\n    \"name\": \"Basic\",\r\n    \"tier\": \"Regional\"\r\n  }\r\n}",
      "StatusCode": 200
    },
    {
      "RequestUri": "/subscriptions/3dc13b6d-6896-40ac-98f7-f18cbce2a405/resourceGroups/ps9285/providers/Microsoft.Network/publicIPAddresses/ps783?api-version=2019-08-01",
      "EncodedRequestUri": "L3N1YnNjcmlwdGlvbnMvM2RjMTNiNmQtNjg5Ni00MGFjLTk4ZjctZjE4Y2JjZTJhNDA1L3Jlc291cmNlR3JvdXBzL3BzOTI4NS9wcm92aWRlcnMvTWljcm9zb2Z0Lk5ldHdvcmsvcHVibGljSVBBZGRyZXNzZXMvcHM3ODM/YXBpLXZlcnNpb249MjAxOS0wOC0wMQ==",
      "RequestMethod": "GET",
      "RequestBody": "",
      "RequestHeaders": {
        "x-ms-client-request-id": [
          "42723a02-e9ce-4701-9f2a-d804b949e9d6"
        ],
        "accept-language": [
          "en-US"
        ],
        "User-Agent": [
          "FxVersion/4.6.26614.01",
          "OSName/Windows",
          "OSVersion/Microsoft.Windows.10.0.14393.",
          "Microsoft.Azure.Management.Network.NetworkManagementClient/20.0.0.0"
        ]
      },
      "ResponseHeaders": {
        "Cache-Control": [
          "no-cache"
        ],
        "Date": [
          "Wed, 18 Sep 2019 22:53:56 GMT"
        ],
        "Pragma": [
          "no-cache"
        ],
        "ETag": [
          "W/\"40b8ce56-a1fb-42fc-9117-b2e90e42480c\""
        ],
        "Server": [
          "Microsoft-HTTPAPI/2.0",
          "Microsoft-HTTPAPI/2.0"
        ],
        "x-ms-request-id": [
          "e38b45e5-2717-4cdd-a16e-8f2ea8121338"
        ],
        "x-ms-correlation-request-id": [
          "64872bd8-55b7-4177-b8f3-91d61f561a34"
        ],
        "x-ms-arm-service-request-id": [
          "7a0bfcec-7b61-47b9-bc7d-0991a371abc7"
        ],
        "Strict-Transport-Security": [
          "max-age=31536000; includeSubDomains"
        ],
        "x-ms-ratelimit-remaining-subscription-reads": [
          "11949"
        ],
        "x-ms-routing-request-id": [
          "WESTUS2:20190918T225357Z:64872bd8-55b7-4177-b8f3-91d61f561a34"
        ],
        "X-Content-Type-Options": [
          "nosniff"
        ],
        "Content-Length": [
          "745"
        ],
        "Content-Type": [
          "application/json; charset=utf-8"
        ],
        "Expires": [
          "-1"
        ]
      },
      "ResponseBody": "{\r\n  \"name\": \"ps783\",\r\n  \"id\": \"/subscriptions/3dc13b6d-6896-40ac-98f7-f18cbce2a405/resourceGroups/ps9285/providers/Microsoft.Network/publicIPAddresses/ps783\",\r\n  \"etag\": \"W/\\\"40b8ce56-a1fb-42fc-9117-b2e90e42480c\\\"\",\r\n  \"location\": \"westcentralus\",\r\n  \"properties\": {\r\n    \"provisioningState\": \"Succeeded\",\r\n    \"resourceGuid\": \"5028eb33-6a2f-444c-9696-214964740c32\",\r\n    \"publicIPAddressVersion\": \"IPv4\",\r\n    \"publicIPAllocationMethod\": \"Dynamic\",\r\n    \"idleTimeoutInMinutes\": 4,\r\n    \"dnsSettings\": {\r\n      \"domainNameLabel\": \"ps5734\",\r\n      \"fqdn\": \"ps5734.westcentralus.cloudapp.azure.com\"\r\n    },\r\n    \"ipTags\": []\r\n  },\r\n  \"type\": \"Microsoft.Network/publicIPAddresses\",\r\n  \"sku\": {\r\n    \"name\": \"Basic\",\r\n    \"tier\": \"Regional\"\r\n  }\r\n}",
      "StatusCode": 200
    },
    {
      "RequestUri": "/subscriptions/3dc13b6d-6896-40ac-98f7-f18cbce2a405/resourceGroups/ps9285/providers/Microsoft.Network/publicIPAddresses/ps783?api-version=2019-08-01",
      "EncodedRequestUri": "L3N1YnNjcmlwdGlvbnMvM2RjMTNiNmQtNjg5Ni00MGFjLTk4ZjctZjE4Y2JjZTJhNDA1L3Jlc291cmNlR3JvdXBzL3BzOTI4NS9wcm92aWRlcnMvTWljcm9zb2Z0Lk5ldHdvcmsvcHVibGljSVBBZGRyZXNzZXMvcHM3ODM/YXBpLXZlcnNpb249MjAxOS0wOC0wMQ==",
      "RequestMethod": "PUT",
      "RequestBody": "{\r\n  \"properties\": {\r\n    \"publicIPAllocationMethod\": \"Dynamic\",\r\n    \"dnsSettings\": {\r\n      \"domainNameLabel\": \"ps5734\"\r\n    },\r\n    \"ipTags\": []\r\n  },\r\n  \"zones\": [],\r\n  \"location\": \"westcentralus\"\r\n}",
      "RequestHeaders": {
        "x-ms-client-request-id": [
          "003fa093-0efb-41e0-b4d2-028b685296a6"
        ],
        "accept-language": [
          "en-US"
        ],
        "User-Agent": [
          "FxVersion/4.6.26614.01",
          "OSName/Windows",
          "OSVersion/Microsoft.Windows.10.0.14393.",
          "Microsoft.Azure.Management.Network.NetworkManagementClient/20.0.0.0"
        ],
        "Content-Type": [
          "application/json; charset=utf-8"
        ],
        "Content-Length": [
          "203"
        ]
      },
      "ResponseHeaders": {
        "Cache-Control": [
          "no-cache"
        ],
        "Date": [
          "Wed, 18 Sep 2019 22:53:55 GMT"
        ],
        "Pragma": [
          "no-cache"
        ],
        "Retry-After": [
          "1"
        ],
        "Server": [
          "Microsoft-HTTPAPI/2.0",
          "Microsoft-HTTPAPI/2.0"
        ],
        "x-ms-request-id": [
          "6bd63c8e-af3a-47e6-8fd6-b8e51d8ba352"
        ],
        "Azure-AsyncOperation": [
          "https://management.azure.com/subscriptions/3dc13b6d-6896-40ac-98f7-f18cbce2a405/providers/Microsoft.Network/locations/westcentralus/operations/6bd63c8e-af3a-47e6-8fd6-b8e51d8ba352?api-version=2019-08-01"
        ],
        "x-ms-correlation-request-id": [
          "6e16ad4f-0104-4302-8273-b97f636c8854"
        ],
        "Azure-AsyncNotification": [
          "Enabled"
        ],
        "x-ms-arm-service-request-id": [
          "8861a7e4-fe1d-4007-a90a-8fea42595a28"
        ],
        "Strict-Transport-Security": [
          "max-age=31536000; includeSubDomains"
        ],
        "x-ms-ratelimit-remaining-subscription-writes": [
          "1190"
        ],
        "x-ms-routing-request-id": [
          "WESTUS2:20190918T225356Z:6e16ad4f-0104-4302-8273-b97f636c8854"
        ],
        "X-Content-Type-Options": [
          "nosniff"
        ],
        "Content-Length": [
          "744"
        ],
        "Content-Type": [
          "application/json; charset=utf-8"
        ],
        "Expires": [
          "-1"
        ]
      },
      "ResponseBody": "{\r\n  \"name\": \"ps783\",\r\n  \"id\": \"/subscriptions/3dc13b6d-6896-40ac-98f7-f18cbce2a405/resourceGroups/ps9285/providers/Microsoft.Network/publicIPAddresses/ps783\",\r\n  \"etag\": \"W/\\\"dbb05728-c0b4-499f-8d43-e129ba94b2f4\\\"\",\r\n  \"location\": \"westcentralus\",\r\n  \"properties\": {\r\n    \"provisioningState\": \"Updating\",\r\n    \"resourceGuid\": \"5028eb33-6a2f-444c-9696-214964740c32\",\r\n    \"publicIPAddressVersion\": \"IPv4\",\r\n    \"publicIPAllocationMethod\": \"Dynamic\",\r\n    \"idleTimeoutInMinutes\": 4,\r\n    \"dnsSettings\": {\r\n      \"domainNameLabel\": \"ps5734\",\r\n      \"fqdn\": \"ps5734.westcentralus.cloudapp.azure.com\"\r\n    },\r\n    \"ipTags\": []\r\n  },\r\n  \"type\": \"Microsoft.Network/publicIPAddresses\",\r\n  \"sku\": {\r\n    \"name\": \"Basic\",\r\n    \"tier\": \"Regional\"\r\n  }\r\n}",
      "StatusCode": 201
    },
    {
      "RequestUri": "/subscriptions/3dc13b6d-6896-40ac-98f7-f18cbce2a405/providers/Microsoft.Network/locations/westcentralus/operations/6bd63c8e-af3a-47e6-8fd6-b8e51d8ba352?api-version=2019-08-01",
      "EncodedRequestUri": "L3N1YnNjcmlwdGlvbnMvM2RjMTNiNmQtNjg5Ni00MGFjLTk4ZjctZjE4Y2JjZTJhNDA1L3Byb3ZpZGVycy9NaWNyb3NvZnQuTmV0d29yay9sb2NhdGlvbnMvd2VzdGNlbnRyYWx1cy9vcGVyYXRpb25zLzZiZDYzYzhlLWFmM2EtNDdlNi04ZmQ2LWI4ZTUxZDhiYTM1Mj9hcGktdmVyc2lvbj0yMDE5LTA4LTAx",
      "RequestMethod": "GET",
      "RequestBody": "",
      "RequestHeaders": {
        "User-Agent": [
          "FxVersion/4.6.26614.01",
          "OSName/Windows",
          "OSVersion/Microsoft.Windows.10.0.14393.",
          "Microsoft.Azure.Management.Network.NetworkManagementClient/20.0.0.0"
        ]
      },
      "ResponseHeaders": {
        "Cache-Control": [
          "no-cache"
        ],
        "Date": [
          "Wed, 18 Sep 2019 22:53:56 GMT"
        ],
        "Pragma": [
          "no-cache"
        ],
        "Server": [
          "Microsoft-HTTPAPI/2.0",
          "Microsoft-HTTPAPI/2.0"
        ],
        "x-ms-request-id": [
          "27fd7a17-461b-4901-a7a4-ff4dcfbab237"
        ],
        "x-ms-correlation-request-id": [
          "04ff1080-1cfc-4e43-9b9a-8c37a70e83ca"
        ],
        "x-ms-arm-service-request-id": [
          "0c95f88c-e3c6-4b34-be20-1e293110d268"
        ],
        "Strict-Transport-Security": [
          "max-age=31536000; includeSubDomains"
        ],
        "x-ms-ratelimit-remaining-subscription-reads": [
          "11951"
        ],
        "x-ms-routing-request-id": [
          "WESTUS2:20190918T225357Z:04ff1080-1cfc-4e43-9b9a-8c37a70e83ca"
        ],
        "X-Content-Type-Options": [
          "nosniff"
        ],
        "Content-Length": [
          "29"
        ],
        "Content-Type": [
          "application/json; charset=utf-8"
        ],
        "Expires": [
          "-1"
        ]
      },
      "ResponseBody": "{\r\n  \"status\": \"Succeeded\"\r\n}",
      "StatusCode": 200
    },
    {
      "RequestUri": "/subscriptions/3dc13b6d-6896-40ac-98f7-f18cbce2a405/resourceGroups/ps9285/providers/Microsoft.Network/loadBalancers/ps9631?api-version=2019-08-01",
      "EncodedRequestUri": "L3N1YnNjcmlwdGlvbnMvM2RjMTNiNmQtNjg5Ni00MGFjLTk4ZjctZjE4Y2JjZTJhNDA1L3Jlc291cmNlR3JvdXBzL3BzOTI4NS9wcm92aWRlcnMvTWljcm9zb2Z0Lk5ldHdvcmsvbG9hZEJhbGFuY2Vycy9wczk2MzE/YXBpLXZlcnNpb249MjAxOS0wOC0wMQ==",
      "RequestMethod": "GET",
      "RequestBody": "",
      "RequestHeaders": {
        "x-ms-client-request-id": [
          "b6862027-d799-49e5-a3e7-eac7b22af7b5"
        ],
        "accept-language": [
          "en-US"
        ],
        "User-Agent": [
          "FxVersion/4.6.26614.01",
          "OSName/Windows",
          "OSVersion/Microsoft.Windows.10.0.14393.",
          "Microsoft.Azure.Management.Network.NetworkManagementClient/20.0.0.0"
        ]
      },
      "ResponseHeaders": {
        "Cache-Control": [
          "no-cache"
        ],
        "Date": [
          "Wed, 18 Sep 2019 22:53:57 GMT"
        ],
        "Pragma": [
          "no-cache"
        ],
        "x-ms-failure-cause": [
          "gateway"
        ],
        "x-ms-request-id": [
          "3953998a-7c6e-414b-9edb-74f50276d535"
        ],
        "x-ms-correlation-request-id": [
          "3953998a-7c6e-414b-9edb-74f50276d535"
        ],
        "x-ms-routing-request-id": [
          "WESTUS2:20190918T225357Z:3953998a-7c6e-414b-9edb-74f50276d535"
        ],
        "Strict-Transport-Security": [
          "max-age=31536000; includeSubDomains"
        ],
        "X-Content-Type-Options": [
          "nosniff"
        ],
        "Content-Length": [
          "148"
        ],
        "Content-Type": [
          "application/json; charset=utf-8"
        ],
        "Expires": [
          "-1"
        ]
      },
      "ResponseBody": "{\r\n  \"error\": {\r\n    \"code\": \"ResourceNotFound\",\r\n    \"message\": \"The Resource 'Microsoft.Network/loadBalancers/ps9631' under resource group 'ps9285' was not found.\"\r\n  }\r\n}",
      "StatusCode": 404
    },
    {
      "RequestUri": "/subscriptions/3dc13b6d-6896-40ac-98f7-f18cbce2a405/resourceGroups/ps9285/providers/Microsoft.Network/loadBalancers/ps9631?api-version=2019-08-01",
      "EncodedRequestUri": "L3N1YnNjcmlwdGlvbnMvM2RjMTNiNmQtNjg5Ni00MGFjLTk4ZjctZjE4Y2JjZTJhNDA1L3Jlc291cmNlR3JvdXBzL3BzOTI4NS9wcm92aWRlcnMvTWljcm9zb2Z0Lk5ldHdvcmsvbG9hZEJhbGFuY2Vycy9wczk2MzE/YXBpLXZlcnNpb249MjAxOS0wOC0wMQ==",
      "RequestMethod": "GET",
      "RequestBody": "",
      "RequestHeaders": {
        "User-Agent": [
          "FxVersion/4.6.26614.01",
          "OSName/Windows",
          "OSVersion/Microsoft.Windows.10.0.14393.",
          "Microsoft.Azure.Management.Network.NetworkManagementClient/20.0.0.0"
        ]
      },
      "ResponseHeaders": {
        "Cache-Control": [
          "no-cache"
        ],
        "Date": [
          "Wed, 18 Sep 2019 22:53:57 GMT"
        ],
        "Pragma": [
          "no-cache"
        ],
        "ETag": [
          "W/\"caead785-4b0f-44b8-a021-b4efb1956e95\""
        ],
        "Server": [
          "Microsoft-HTTPAPI/2.0",
          "Microsoft-HTTPAPI/2.0"
        ],
        "x-ms-request-id": [
          "1255fa73-6b57-4ff3-b66a-6ce8709dba7a"
        ],
        "x-ms-correlation-request-id": [
          "5e37f9ec-4485-4ffa-8105-d5566ff8ec81"
        ],
        "x-ms-arm-service-request-id": [
          "f6c5876f-9765-457d-986e-57370745a52c"
        ],
        "Strict-Transport-Security": [
          "max-age=31536000; includeSubDomains"
        ],
        "x-ms-ratelimit-remaining-subscription-reads": [
          "11926"
        ],
        "x-ms-routing-request-id": [
          "WESTUS2:20190918T225358Z:5e37f9ec-4485-4ffa-8105-d5566ff8ec81"
        ],
        "X-Content-Type-Options": [
          "nosniff"
        ],
        "Content-Length": [
          "5783"
        ],
        "Content-Type": [
          "application/json; charset=utf-8"
        ],
        "Expires": [
          "-1"
        ]
      },
      "ResponseBody": "{\r\n  \"name\": \"ps9631\",\r\n  \"id\": \"/subscriptions/3dc13b6d-6896-40ac-98f7-f18cbce2a405/resourceGroups/ps9285/providers/Microsoft.Network/loadBalancers/ps9631\",\r\n  \"etag\": \"W/\\\"caead785-4b0f-44b8-a021-b4efb1956e95\\\"\",\r\n  \"type\": \"Microsoft.Network/loadBalancers\",\r\n  \"location\": \"westcentralus\",\r\n  \"properties\": {\r\n    \"provisioningState\": \"Succeeded\",\r\n    \"resourceGuid\": \"366a18fe-904d-4ea8-a630-d9a48e831139\",\r\n    \"frontendIPConfigurations\": [\r\n      {\r\n        \"name\": \"ps5900\",\r\n        \"id\": \"/subscriptions/3dc13b6d-6896-40ac-98f7-f18cbce2a405/resourceGroups/ps9285/providers/Microsoft.Network/loadBalancers/ps9631/frontendIPConfigurations/ps5900\",\r\n        \"etag\": \"W/\\\"caead785-4b0f-44b8-a021-b4efb1956e95\\\"\",\r\n        \"type\": \"Microsoft.Network/loadBalancers/frontendIPConfigurations\",\r\n        \"properties\": {\r\n          \"provisioningState\": \"Succeeded\",\r\n          \"privateIPAllocationMethod\": \"Dynamic\",\r\n          \"publicIPAddress\": {\r\n            \"id\": \"/subscriptions/3dc13b6d-6896-40ac-98f7-f18cbce2a405/resourceGroups/ps9285/providers/Microsoft.Network/publicIPAddresses/ps783\"\r\n          },\r\n          \"loadBalancingRules\": [\r\n            {\r\n              \"id\": \"/subscriptions/3dc13b6d-6896-40ac-98f7-f18cbce2a405/resourceGroups/ps9285/providers/Microsoft.Network/loadBalancers/ps9631/loadBalancingRules/ps6929\"\r\n            }\r\n          ],\r\n          \"inboundNatRules\": [\r\n            {\r\n              \"id\": \"/subscriptions/3dc13b6d-6896-40ac-98f7-f18cbce2a405/resourceGroups/ps9285/providers/Microsoft.Network/loadBalancers/ps9631/inboundNatRules/ps7016\"\r\n            }\r\n          ],\r\n          \"privateIPAddressVersion\": \"IPv4\"\r\n        }\r\n      }\r\n    ],\r\n    \"backendAddressPools\": [\r\n      {\r\n        \"name\": \"ps3901\",\r\n        \"id\": \"/subscriptions/3dc13b6d-6896-40ac-98f7-f18cbce2a405/resourceGroups/ps9285/providers/Microsoft.Network/loadBalancers/ps9631/backendAddressPools/ps3901\",\r\n        \"etag\": \"W/\\\"caead785-4b0f-44b8-a021-b4efb1956e95\\\"\",\r\n        \"properties\": {\r\n          \"provisioningState\": \"Succeeded\",\r\n          \"loadBalancingRules\": [\r\n            {\r\n              \"id\": \"/subscriptions/3dc13b6d-6896-40ac-98f7-f18cbce2a405/resourceGroups/ps9285/providers/Microsoft.Network/loadBalancers/ps9631/loadBalancingRules/ps6929\"\r\n            }\r\n          ]\r\n        },\r\n        \"type\": \"Microsoft.Network/loadBalancers/backendAddressPools\"\r\n      }\r\n    ],\r\n    \"loadBalancingRules\": [\r\n      {\r\n        \"name\": \"ps6929\",\r\n        \"id\": \"/subscriptions/3dc13b6d-6896-40ac-98f7-f18cbce2a405/resourceGroups/ps9285/providers/Microsoft.Network/loadBalancers/ps9631/loadBalancingRules/ps6929\",\r\n        \"etag\": \"W/\\\"caead785-4b0f-44b8-a021-b4efb1956e95\\\"\",\r\n        \"type\": \"Microsoft.Network/loadBalancers/loadBalancingRules\",\r\n        \"properties\": {\r\n          \"provisioningState\": \"Succeeded\",\r\n          \"frontendIPConfiguration\": {\r\n            \"id\": \"/subscriptions/3dc13b6d-6896-40ac-98f7-f18cbce2a405/resourceGroups/ps9285/providers/Microsoft.Network/loadBalancers/ps9631/frontendIPConfigurations/ps5900\"\r\n          },\r\n          \"frontendPort\": 80,\r\n          \"backendPort\": 80,\r\n          \"enableFloatingIP\": true,\r\n          \"idleTimeoutInMinutes\": 15,\r\n          \"protocol\": \"Tcp\",\r\n          \"enableDestinationServiceEndpoint\": false,\r\n          \"enableTcpReset\": false,\r\n          \"allowBackendPortConflict\": false,\r\n          \"loadDistribution\": \"Default\",\r\n          \"backendAddressPool\": {\r\n            \"id\": \"/subscriptions/3dc13b6d-6896-40ac-98f7-f18cbce2a405/resourceGroups/ps9285/providers/Microsoft.Network/loadBalancers/ps9631/backendAddressPools/ps3901\"\r\n          },\r\n          \"probe\": {\r\n            \"id\": \"/subscriptions/3dc13b6d-6896-40ac-98f7-f18cbce2a405/resourceGroups/ps9285/providers/Microsoft.Network/loadBalancers/ps9631/probes/ps1485\"\r\n          }\r\n        }\r\n      }\r\n    ],\r\n    \"probes\": [\r\n      {\r\n        \"name\": \"ps1485\",\r\n        \"id\": \"/subscriptions/3dc13b6d-6896-40ac-98f7-f18cbce2a405/resourceGroups/ps9285/providers/Microsoft.Network/loadBalancers/ps9631/probes/ps1485\",\r\n        \"etag\": \"W/\\\"caead785-4b0f-44b8-a021-b4efb1956e95\\\"\",\r\n        \"properties\": {\r\n          \"provisioningState\": \"Succeeded\",\r\n          \"protocol\": \"Http\",\r\n          \"port\": 80,\r\n          \"requestPath\": \"healthcheck.aspx\",\r\n          \"intervalInSeconds\": 15,\r\n          \"numberOfProbes\": 2,\r\n          \"loadBalancingRules\": [\r\n            {\r\n              \"id\": \"/subscriptions/3dc13b6d-6896-40ac-98f7-f18cbce2a405/resourceGroups/ps9285/providers/Microsoft.Network/loadBalancers/ps9631/loadBalancingRules/ps6929\"\r\n            }\r\n          ]\r\n        },\r\n        \"type\": \"Microsoft.Network/loadBalancers/probes\"\r\n      }\r\n    ],\r\n    \"inboundNatRules\": [\r\n      {\r\n        \"name\": \"ps7016\",\r\n        \"id\": \"/subscriptions/3dc13b6d-6896-40ac-98f7-f18cbce2a405/resourceGroups/ps9285/providers/Microsoft.Network/loadBalancers/ps9631/inboundNatRules/ps7016\",\r\n        \"etag\": \"W/\\\"caead785-4b0f-44b8-a021-b4efb1956e95\\\"\",\r\n        \"type\": \"Microsoft.Network/loadBalancers/inboundNatRules\",\r\n        \"properties\": {\r\n          \"provisioningState\": \"Succeeded\",\r\n          \"frontendIPConfiguration\": {\r\n            \"id\": \"/subscriptions/3dc13b6d-6896-40ac-98f7-f18cbce2a405/resourceGroups/ps9285/providers/Microsoft.Network/loadBalancers/ps9631/frontendIPConfigurations/ps5900\"\r\n          },\r\n          \"frontendPort\": 3389,\r\n          \"backendPort\": 3389,\r\n          \"enableFloatingIP\": true,\r\n          \"idleTimeoutInMinutes\": 15,\r\n          \"protocol\": \"Tcp\",\r\n          \"enableDestinationServiceEndpoint\": false,\r\n          \"enableTcpReset\": false,\r\n          \"allowBackendPortConflict\": false\r\n        }\r\n      }\r\n    ],\r\n    \"inboundNatPools\": []\r\n  },\r\n  \"sku\": {\r\n    \"name\": \"Basic\",\r\n    \"tier\": \"Regional\"\r\n  }\r\n}",
      "StatusCode": 200
    },
    {
      "RequestUri": "/subscriptions/3dc13b6d-6896-40ac-98f7-f18cbce2a405/resourceGroups/ps9285/providers/Microsoft.Network/loadBalancers/ps9631?api-version=2019-08-01",
      "EncodedRequestUri": "L3N1YnNjcmlwdGlvbnMvM2RjMTNiNmQtNjg5Ni00MGFjLTk4ZjctZjE4Y2JjZTJhNDA1L3Jlc291cmNlR3JvdXBzL3BzOTI4NS9wcm92aWRlcnMvTWljcm9zb2Z0Lk5ldHdvcmsvbG9hZEJhbGFuY2Vycy9wczk2MzE/YXBpLXZlcnNpb249MjAxOS0wOC0wMQ==",
      "RequestMethod": "GET",
      "RequestBody": "",
      "RequestHeaders": {
        "x-ms-client-request-id": [
          "25832dab-3667-4357-a552-c72e03ece7dd"
        ],
        "accept-language": [
          "en-US"
        ],
        "User-Agent": [
          "FxVersion/4.6.26614.01",
          "OSName/Windows",
          "OSVersion/Microsoft.Windows.10.0.14393.",
          "Microsoft.Azure.Management.Network.NetworkManagementClient/20.0.0.0"
        ]
      },
      "ResponseHeaders": {
        "Cache-Control": [
          "no-cache"
        ],
        "Date": [
          "Wed, 18 Sep 2019 22:53:57 GMT"
        ],
        "Pragma": [
          "no-cache"
        ],
        "ETag": [
          "W/\"caead785-4b0f-44b8-a021-b4efb1956e95\""
        ],
        "Server": [
          "Microsoft-HTTPAPI/2.0",
          "Microsoft-HTTPAPI/2.0"
        ],
        "x-ms-request-id": [
          "55df1c33-0b69-4105-9fcf-34fe7cd514b8"
        ],
        "x-ms-correlation-request-id": [
          "6b851e3d-54b6-4508-a058-657c31b75631"
        ],
        "x-ms-arm-service-request-id": [
          "2411b368-43d6-4562-b93d-10dfb9c14f55"
        ],
        "Strict-Transport-Security": [
          "max-age=31536000; includeSubDomains"
        ],
        "x-ms-ratelimit-remaining-subscription-reads": [
          "11925"
        ],
        "x-ms-routing-request-id": [
          "WESTUS2:20190918T225358Z:6b851e3d-54b6-4508-a058-657c31b75631"
        ],
        "X-Content-Type-Options": [
          "nosniff"
        ],
        "Content-Length": [
          "5783"
        ],
        "Content-Type": [
          "application/json; charset=utf-8"
        ],
        "Expires": [
          "-1"
        ]
      },
      "ResponseBody": "{\r\n  \"name\": \"ps9631\",\r\n  \"id\": \"/subscriptions/3dc13b6d-6896-40ac-98f7-f18cbce2a405/resourceGroups/ps9285/providers/Microsoft.Network/loadBalancers/ps9631\",\r\n  \"etag\": \"W/\\\"caead785-4b0f-44b8-a021-b4efb1956e95\\\"\",\r\n  \"type\": \"Microsoft.Network/loadBalancers\",\r\n  \"location\": \"westcentralus\",\r\n  \"properties\": {\r\n    \"provisioningState\": \"Succeeded\",\r\n    \"resourceGuid\": \"366a18fe-904d-4ea8-a630-d9a48e831139\",\r\n    \"frontendIPConfigurations\": [\r\n      {\r\n        \"name\": \"ps5900\",\r\n        \"id\": \"/subscriptions/3dc13b6d-6896-40ac-98f7-f18cbce2a405/resourceGroups/ps9285/providers/Microsoft.Network/loadBalancers/ps9631/frontendIPConfigurations/ps5900\",\r\n        \"etag\": \"W/\\\"caead785-4b0f-44b8-a021-b4efb1956e95\\\"\",\r\n        \"type\": \"Microsoft.Network/loadBalancers/frontendIPConfigurations\",\r\n        \"properties\": {\r\n          \"provisioningState\": \"Succeeded\",\r\n          \"privateIPAllocationMethod\": \"Dynamic\",\r\n          \"publicIPAddress\": {\r\n            \"id\": \"/subscriptions/3dc13b6d-6896-40ac-98f7-f18cbce2a405/resourceGroups/ps9285/providers/Microsoft.Network/publicIPAddresses/ps783\"\r\n          },\r\n          \"loadBalancingRules\": [\r\n            {\r\n              \"id\": \"/subscriptions/3dc13b6d-6896-40ac-98f7-f18cbce2a405/resourceGroups/ps9285/providers/Microsoft.Network/loadBalancers/ps9631/loadBalancingRules/ps6929\"\r\n            }\r\n          ],\r\n          \"inboundNatRules\": [\r\n            {\r\n              \"id\": \"/subscriptions/3dc13b6d-6896-40ac-98f7-f18cbce2a405/resourceGroups/ps9285/providers/Microsoft.Network/loadBalancers/ps9631/inboundNatRules/ps7016\"\r\n            }\r\n          ],\r\n          \"privateIPAddressVersion\": \"IPv4\"\r\n        }\r\n      }\r\n    ],\r\n    \"backendAddressPools\": [\r\n      {\r\n        \"name\": \"ps3901\",\r\n        \"id\": \"/subscriptions/3dc13b6d-6896-40ac-98f7-f18cbce2a405/resourceGroups/ps9285/providers/Microsoft.Network/loadBalancers/ps9631/backendAddressPools/ps3901\",\r\n        \"etag\": \"W/\\\"caead785-4b0f-44b8-a021-b4efb1956e95\\\"\",\r\n        \"properties\": {\r\n          \"provisioningState\": \"Succeeded\",\r\n          \"loadBalancingRules\": [\r\n            {\r\n              \"id\": \"/subscriptions/3dc13b6d-6896-40ac-98f7-f18cbce2a405/resourceGroups/ps9285/providers/Microsoft.Network/loadBalancers/ps9631/loadBalancingRules/ps6929\"\r\n            }\r\n          ]\r\n        },\r\n        \"type\": \"Microsoft.Network/loadBalancers/backendAddressPools\"\r\n      }\r\n    ],\r\n    \"loadBalancingRules\": [\r\n      {\r\n        \"name\": \"ps6929\",\r\n        \"id\": \"/subscriptions/3dc13b6d-6896-40ac-98f7-f18cbce2a405/resourceGroups/ps9285/providers/Microsoft.Network/loadBalancers/ps9631/loadBalancingRules/ps6929\",\r\n        \"etag\": \"W/\\\"caead785-4b0f-44b8-a021-b4efb1956e95\\\"\",\r\n        \"type\": \"Microsoft.Network/loadBalancers/loadBalancingRules\",\r\n        \"properties\": {\r\n          \"provisioningState\": \"Succeeded\",\r\n          \"frontendIPConfiguration\": {\r\n            \"id\": \"/subscriptions/3dc13b6d-6896-40ac-98f7-f18cbce2a405/resourceGroups/ps9285/providers/Microsoft.Network/loadBalancers/ps9631/frontendIPConfigurations/ps5900\"\r\n          },\r\n          \"frontendPort\": 80,\r\n          \"backendPort\": 80,\r\n          \"enableFloatingIP\": true,\r\n          \"idleTimeoutInMinutes\": 15,\r\n          \"protocol\": \"Tcp\",\r\n          \"enableDestinationServiceEndpoint\": false,\r\n          \"enableTcpReset\": false,\r\n          \"allowBackendPortConflict\": false,\r\n          \"loadDistribution\": \"Default\",\r\n          \"backendAddressPool\": {\r\n            \"id\": \"/subscriptions/3dc13b6d-6896-40ac-98f7-f18cbce2a405/resourceGroups/ps9285/providers/Microsoft.Network/loadBalancers/ps9631/backendAddressPools/ps3901\"\r\n          },\r\n          \"probe\": {\r\n            \"id\": \"/subscriptions/3dc13b6d-6896-40ac-98f7-f18cbce2a405/resourceGroups/ps9285/providers/Microsoft.Network/loadBalancers/ps9631/probes/ps1485\"\r\n          }\r\n        }\r\n      }\r\n    ],\r\n    \"probes\": [\r\n      {\r\n        \"name\": \"ps1485\",\r\n        \"id\": \"/subscriptions/3dc13b6d-6896-40ac-98f7-f18cbce2a405/resourceGroups/ps9285/providers/Microsoft.Network/loadBalancers/ps9631/probes/ps1485\",\r\n        \"etag\": \"W/\\\"caead785-4b0f-44b8-a021-b4efb1956e95\\\"\",\r\n        \"properties\": {\r\n          \"provisioningState\": \"Succeeded\",\r\n          \"protocol\": \"Http\",\r\n          \"port\": 80,\r\n          \"requestPath\": \"healthcheck.aspx\",\r\n          \"intervalInSeconds\": 15,\r\n          \"numberOfProbes\": 2,\r\n          \"loadBalancingRules\": [\r\n            {\r\n              \"id\": \"/subscriptions/3dc13b6d-6896-40ac-98f7-f18cbce2a405/resourceGroups/ps9285/providers/Microsoft.Network/loadBalancers/ps9631/loadBalancingRules/ps6929\"\r\n            }\r\n          ]\r\n        },\r\n        \"type\": \"Microsoft.Network/loadBalancers/probes\"\r\n      }\r\n    ],\r\n    \"inboundNatRules\": [\r\n      {\r\n        \"name\": \"ps7016\",\r\n        \"id\": \"/subscriptions/3dc13b6d-6896-40ac-98f7-f18cbce2a405/resourceGroups/ps9285/providers/Microsoft.Network/loadBalancers/ps9631/inboundNatRules/ps7016\",\r\n        \"etag\": \"W/\\\"caead785-4b0f-44b8-a021-b4efb1956e95\\\"\",\r\n        \"type\": \"Microsoft.Network/loadBalancers/inboundNatRules\",\r\n        \"properties\": {\r\n          \"provisioningState\": \"Succeeded\",\r\n          \"frontendIPConfiguration\": {\r\n            \"id\": \"/subscriptions/3dc13b6d-6896-40ac-98f7-f18cbce2a405/resourceGroups/ps9285/providers/Microsoft.Network/loadBalancers/ps9631/frontendIPConfigurations/ps5900\"\r\n          },\r\n          \"frontendPort\": 3389,\r\n          \"backendPort\": 3389,\r\n          \"enableFloatingIP\": true,\r\n          \"idleTimeoutInMinutes\": 15,\r\n          \"protocol\": \"Tcp\",\r\n          \"enableDestinationServiceEndpoint\": false,\r\n          \"enableTcpReset\": false,\r\n          \"allowBackendPortConflict\": false\r\n        }\r\n      }\r\n    ],\r\n    \"inboundNatPools\": []\r\n  },\r\n  \"sku\": {\r\n    \"name\": \"Basic\",\r\n    \"tier\": \"Regional\"\r\n  }\r\n}",
      "StatusCode": 200
    },
    {
      "RequestUri": "/subscriptions/3dc13b6d-6896-40ac-98f7-f18cbce2a405/resourceGroups/ps9285/providers/Microsoft.Network/loadBalancers/ps9631?api-version=2019-08-01",
      "EncodedRequestUri": "L3N1YnNjcmlwdGlvbnMvM2RjMTNiNmQtNjg5Ni00MGFjLTk4ZjctZjE4Y2JjZTJhNDA1L3Jlc291cmNlR3JvdXBzL3BzOTI4NS9wcm92aWRlcnMvTWljcm9zb2Z0Lk5ldHdvcmsvbG9hZEJhbGFuY2Vycy9wczk2MzE/YXBpLXZlcnNpb249MjAxOS0wOC0wMQ==",
      "RequestMethod": "GET",
      "RequestBody": "",
      "RequestHeaders": {
        "x-ms-client-request-id": [
          "ed5eccd9-679e-403c-b9d2-ed61af1b0337"
        ],
        "accept-language": [
          "en-US"
        ],
        "User-Agent": [
          "FxVersion/4.6.26614.01",
          "OSName/Windows",
          "OSVersion/Microsoft.Windows.10.0.14393.",
          "Microsoft.Azure.Management.Network.NetworkManagementClient/20.0.0.0"
        ]
      },
      "ResponseHeaders": {
        "Cache-Control": [
          "no-cache"
        ],
        "Date": [
          "Wed, 18 Sep 2019 22:53:57 GMT"
        ],
        "Pragma": [
          "no-cache"
        ],
        "ETag": [
          "W/\"caead785-4b0f-44b8-a021-b4efb1956e95\""
        ],
        "Server": [
          "Microsoft-HTTPAPI/2.0",
          "Microsoft-HTTPAPI/2.0"
        ],
        "x-ms-request-id": [
          "0156ece1-8cd8-4d0f-885f-feb438d1d352"
        ],
        "x-ms-correlation-request-id": [
          "2d99f1bd-9b26-48d6-a154-f8c70b8e9b67"
        ],
        "x-ms-arm-service-request-id": [
          "4a6613b8-5ede-457c-aa05-46eb2a39a72b"
        ],
        "Strict-Transport-Security": [
          "max-age=31536000; includeSubDomains"
        ],
        "x-ms-ratelimit-remaining-subscription-reads": [
          "11957"
        ],
        "x-ms-routing-request-id": [
          "WESTUS2:20190918T225358Z:2d99f1bd-9b26-48d6-a154-f8c70b8e9b67"
        ],
        "X-Content-Type-Options": [
          "nosniff"
        ],
        "Content-Length": [
          "5783"
        ],
        "Content-Type": [
          "application/json; charset=utf-8"
        ],
        "Expires": [
          "-1"
        ]
      },
      "ResponseBody": "{\r\n  \"name\": \"ps9631\",\r\n  \"id\": \"/subscriptions/3dc13b6d-6896-40ac-98f7-f18cbce2a405/resourceGroups/ps9285/providers/Microsoft.Network/loadBalancers/ps9631\",\r\n  \"etag\": \"W/\\\"caead785-4b0f-44b8-a021-b4efb1956e95\\\"\",\r\n  \"type\": \"Microsoft.Network/loadBalancers\",\r\n  \"location\": \"westcentralus\",\r\n  \"properties\": {\r\n    \"provisioningState\": \"Succeeded\",\r\n    \"resourceGuid\": \"366a18fe-904d-4ea8-a630-d9a48e831139\",\r\n    \"frontendIPConfigurations\": [\r\n      {\r\n        \"name\": \"ps5900\",\r\n        \"id\": \"/subscriptions/3dc13b6d-6896-40ac-98f7-f18cbce2a405/resourceGroups/ps9285/providers/Microsoft.Network/loadBalancers/ps9631/frontendIPConfigurations/ps5900\",\r\n        \"etag\": \"W/\\\"caead785-4b0f-44b8-a021-b4efb1956e95\\\"\",\r\n        \"type\": \"Microsoft.Network/loadBalancers/frontendIPConfigurations\",\r\n        \"properties\": {\r\n          \"provisioningState\": \"Succeeded\",\r\n          \"privateIPAllocationMethod\": \"Dynamic\",\r\n          \"publicIPAddress\": {\r\n            \"id\": \"/subscriptions/3dc13b6d-6896-40ac-98f7-f18cbce2a405/resourceGroups/ps9285/providers/Microsoft.Network/publicIPAddresses/ps783\"\r\n          },\r\n          \"loadBalancingRules\": [\r\n            {\r\n              \"id\": \"/subscriptions/3dc13b6d-6896-40ac-98f7-f18cbce2a405/resourceGroups/ps9285/providers/Microsoft.Network/loadBalancers/ps9631/loadBalancingRules/ps6929\"\r\n            }\r\n          ],\r\n          \"inboundNatRules\": [\r\n            {\r\n              \"id\": \"/subscriptions/3dc13b6d-6896-40ac-98f7-f18cbce2a405/resourceGroups/ps9285/providers/Microsoft.Network/loadBalancers/ps9631/inboundNatRules/ps7016\"\r\n            }\r\n          ],\r\n          \"privateIPAddressVersion\": \"IPv4\"\r\n        }\r\n      }\r\n    ],\r\n    \"backendAddressPools\": [\r\n      {\r\n        \"name\": \"ps3901\",\r\n        \"id\": \"/subscriptions/3dc13b6d-6896-40ac-98f7-f18cbce2a405/resourceGroups/ps9285/providers/Microsoft.Network/loadBalancers/ps9631/backendAddressPools/ps3901\",\r\n        \"etag\": \"W/\\\"caead785-4b0f-44b8-a021-b4efb1956e95\\\"\",\r\n        \"properties\": {\r\n          \"provisioningState\": \"Succeeded\",\r\n          \"loadBalancingRules\": [\r\n            {\r\n              \"id\": \"/subscriptions/3dc13b6d-6896-40ac-98f7-f18cbce2a405/resourceGroups/ps9285/providers/Microsoft.Network/loadBalancers/ps9631/loadBalancingRules/ps6929\"\r\n            }\r\n          ]\r\n        },\r\n        \"type\": \"Microsoft.Network/loadBalancers/backendAddressPools\"\r\n      }\r\n    ],\r\n    \"loadBalancingRules\": [\r\n      {\r\n        \"name\": \"ps6929\",\r\n        \"id\": \"/subscriptions/3dc13b6d-6896-40ac-98f7-f18cbce2a405/resourceGroups/ps9285/providers/Microsoft.Network/loadBalancers/ps9631/loadBalancingRules/ps6929\",\r\n        \"etag\": \"W/\\\"caead785-4b0f-44b8-a021-b4efb1956e95\\\"\",\r\n        \"type\": \"Microsoft.Network/loadBalancers/loadBalancingRules\",\r\n        \"properties\": {\r\n          \"provisioningState\": \"Succeeded\",\r\n          \"frontendIPConfiguration\": {\r\n            \"id\": \"/subscriptions/3dc13b6d-6896-40ac-98f7-f18cbce2a405/resourceGroups/ps9285/providers/Microsoft.Network/loadBalancers/ps9631/frontendIPConfigurations/ps5900\"\r\n          },\r\n          \"frontendPort\": 80,\r\n          \"backendPort\": 80,\r\n          \"enableFloatingIP\": true,\r\n          \"idleTimeoutInMinutes\": 15,\r\n          \"protocol\": \"Tcp\",\r\n          \"enableDestinationServiceEndpoint\": false,\r\n          \"enableTcpReset\": false,\r\n          \"allowBackendPortConflict\": false,\r\n          \"loadDistribution\": \"Default\",\r\n          \"backendAddressPool\": {\r\n            \"id\": \"/subscriptions/3dc13b6d-6896-40ac-98f7-f18cbce2a405/resourceGroups/ps9285/providers/Microsoft.Network/loadBalancers/ps9631/backendAddressPools/ps3901\"\r\n          },\r\n          \"probe\": {\r\n            \"id\": \"/subscriptions/3dc13b6d-6896-40ac-98f7-f18cbce2a405/resourceGroups/ps9285/providers/Microsoft.Network/loadBalancers/ps9631/probes/ps1485\"\r\n          }\r\n        }\r\n      }\r\n    ],\r\n    \"probes\": [\r\n      {\r\n        \"name\": \"ps1485\",\r\n        \"id\": \"/subscriptions/3dc13b6d-6896-40ac-98f7-f18cbce2a405/resourceGroups/ps9285/providers/Microsoft.Network/loadBalancers/ps9631/probes/ps1485\",\r\n        \"etag\": \"W/\\\"caead785-4b0f-44b8-a021-b4efb1956e95\\\"\",\r\n        \"properties\": {\r\n          \"provisioningState\": \"Succeeded\",\r\n          \"protocol\": \"Http\",\r\n          \"port\": 80,\r\n          \"requestPath\": \"healthcheck.aspx\",\r\n          \"intervalInSeconds\": 15,\r\n          \"numberOfProbes\": 2,\r\n          \"loadBalancingRules\": [\r\n            {\r\n              \"id\": \"/subscriptions/3dc13b6d-6896-40ac-98f7-f18cbce2a405/resourceGroups/ps9285/providers/Microsoft.Network/loadBalancers/ps9631/loadBalancingRules/ps6929\"\r\n            }\r\n          ]\r\n        },\r\n        \"type\": \"Microsoft.Network/loadBalancers/probes\"\r\n      }\r\n    ],\r\n    \"inboundNatRules\": [\r\n      {\r\n        \"name\": \"ps7016\",\r\n        \"id\": \"/subscriptions/3dc13b6d-6896-40ac-98f7-f18cbce2a405/resourceGroups/ps9285/providers/Microsoft.Network/loadBalancers/ps9631/inboundNatRules/ps7016\",\r\n        \"etag\": \"W/\\\"caead785-4b0f-44b8-a021-b4efb1956e95\\\"\",\r\n        \"type\": \"Microsoft.Network/loadBalancers/inboundNatRules\",\r\n        \"properties\": {\r\n          \"provisioningState\": \"Succeeded\",\r\n          \"frontendIPConfiguration\": {\r\n            \"id\": \"/subscriptions/3dc13b6d-6896-40ac-98f7-f18cbce2a405/resourceGroups/ps9285/providers/Microsoft.Network/loadBalancers/ps9631/frontendIPConfigurations/ps5900\"\r\n          },\r\n          \"frontendPort\": 3389,\r\n          \"backendPort\": 3389,\r\n          \"enableFloatingIP\": true,\r\n          \"idleTimeoutInMinutes\": 15,\r\n          \"protocol\": \"Tcp\",\r\n          \"enableDestinationServiceEndpoint\": false,\r\n          \"enableTcpReset\": false,\r\n          \"allowBackendPortConflict\": false\r\n        }\r\n      }\r\n    ],\r\n    \"inboundNatPools\": []\r\n  },\r\n  \"sku\": {\r\n    \"name\": \"Basic\",\r\n    \"tier\": \"Regional\"\r\n  }\r\n}",
      "StatusCode": 200
    },
    {
      "RequestUri": "/subscriptions/3dc13b6d-6896-40ac-98f7-f18cbce2a405/resourceGroups/ps9285/providers/Microsoft.Network/loadBalancers/ps9631?api-version=2019-08-01",
      "EncodedRequestUri": "L3N1YnNjcmlwdGlvbnMvM2RjMTNiNmQtNjg5Ni00MGFjLTk4ZjctZjE4Y2JjZTJhNDA1L3Jlc291cmNlR3JvdXBzL3BzOTI4NS9wcm92aWRlcnMvTWljcm9zb2Z0Lk5ldHdvcmsvbG9hZEJhbGFuY2Vycy9wczk2MzE/YXBpLXZlcnNpb249MjAxOS0wOC0wMQ==",
      "RequestMethod": "PUT",
      "RequestBody": "{\r\n  \"properties\": {\r\n    \"frontendIPConfigurations\": [\r\n      {\r\n        \"properties\": {\r\n          \"privateIPAllocationMethod\": \"Dynamic\",\r\n          \"publicIPAddress\": {\r\n            \"properties\": {\r\n              \"ipTags\": []\r\n            },\r\n            \"zones\": [],\r\n            \"id\": \"/subscriptions/3dc13b6d-6896-40ac-98f7-f18cbce2a405/resourceGroups/ps9285/providers/Microsoft.Network/publicIPAddresses/ps783\",\r\n            \"tags\": {}\r\n          }\r\n        },\r\n        \"name\": \"ps5900\",\r\n        \"zones\": [],\r\n        \"id\": \"/subscriptions/3dc13b6d-6896-40ac-98f7-f18cbce2a405/resourceGroups/ps9285/providers/Microsoft.Network/loadBalancers/ps9631/FrontendIpConfigurations/ps5900\"\r\n      }\r\n    ],\r\n    \"backendAddressPools\": [\r\n      {\r\n        \"name\": \"ps3901\",\r\n        \"id\": \"/subscriptions/3dc13b6d-6896-40ac-98f7-f18cbce2a405/resourceGroups/ps9285/providers/Microsoft.Network/loadBalancers/ps9631/BackendAddressPools/ps3901\"\r\n      }\r\n    ],\r\n    \"loadBalancingRules\": [\r\n      {\r\n        \"properties\": {\r\n          \"frontendIPConfiguration\": {\r\n            \"id\": \"/subscriptions/3dc13b6d-6896-40ac-98f7-f18cbce2a405/resourceGroups/ps9285/providers/Microsoft.Network/loadBalancers/ps9631/FrontendIpConfigurations/ps5900\"\r\n          },\r\n          \"backendAddressPool\": {\r\n            \"id\": \"/subscriptions/3dc13b6d-6896-40ac-98f7-f18cbce2a405/resourceGroups/ps9285/providers/Microsoft.Network/loadBalancers/ps9631/BackendAddressPools/ps3901\"\r\n          },\r\n          \"probe\": {\r\n            \"id\": \"/subscriptions/3dc13b6d-6896-40ac-98f7-f18cbce2a405/resourceGroups/ps9285/providers/Microsoft.Network/loadBalancers/ps9631/Probes/ps1485\"\r\n          },\r\n          \"protocol\": \"Tcp\",\r\n          \"frontendPort\": 80,\r\n          \"backendPort\": 80,\r\n          \"idleTimeoutInMinutes\": 15,\r\n          \"enableFloatingIP\": true,\r\n          \"enableTcpReset\": false,\r\n          \"disableOutboundSnat\": false\r\n        },\r\n        \"name\": \"ps6929\",\r\n        \"id\": \"/subscriptions/3dc13b6d-6896-40ac-98f7-f18cbce2a405/resourceGroups/ps9285/providers/Microsoft.Network/loadBalancers/ps9631/LoadBalancingRules/ps6929\"\r\n      }\r\n    ],\r\n    \"probes\": [\r\n      {\r\n        \"properties\": {\r\n          \"protocol\": \"http\",\r\n          \"port\": 80,\r\n          \"intervalInSeconds\": 15,\r\n          \"numberOfProbes\": 2,\r\n          \"requestPath\": \"healthcheck.aspx\"\r\n        },\r\n        \"name\": \"ps1485\",\r\n        \"id\": \"/subscriptions/3dc13b6d-6896-40ac-98f7-f18cbce2a405/resourceGroups/ps9285/providers/Microsoft.Network/loadBalancers/ps9631/Probes/ps1485\"\r\n      }\r\n    ],\r\n    \"inboundNatRules\": [\r\n      {\r\n        \"properties\": {\r\n          \"frontendIPConfiguration\": {\r\n            \"id\": \"/subscriptions/3dc13b6d-6896-40ac-98f7-f18cbce2a405/resourceGroups/ps9285/providers/Microsoft.Network/loadBalancers/ps9631/FrontendIpConfigurations/ps5900\"\r\n          },\r\n          \"protocol\": \"Tcp\",\r\n          \"frontendPort\": 3389,\r\n          \"backendPort\": 3389,\r\n          \"idleTimeoutInMinutes\": 15,\r\n          \"enableFloatingIP\": true,\r\n          \"enableTcpReset\": false\r\n        },\r\n        \"name\": \"ps7016\",\r\n        \"id\": \"/subscriptions/3dc13b6d-6896-40ac-98f7-f18cbce2a405/resourceGroups/ps9285/providers/Microsoft.Network/loadBalancers/ps9631/InboundNatRules/ps7016\"\r\n      }\r\n    ],\r\n    \"inboundNatPools\": [],\r\n    \"outboundRules\": []\r\n  },\r\n  \"location\": \"westcentralus\"\r\n}",
      "RequestHeaders": {
        "x-ms-client-request-id": [
          "b6d949ed-a33c-47ec-a77a-7c87e673d9aa"
        ],
        "accept-language": [
          "en-US"
        ],
        "User-Agent": [
          "FxVersion/4.6.26614.01",
          "OSName/Windows",
          "OSVersion/Microsoft.Windows.10.0.14393.",
          "Microsoft.Azure.Management.Network.NetworkManagementClient/20.0.0.0"
        ],
        "Content-Type": [
          "application/json; charset=utf-8"
        ],
        "Content-Length": [
          "3364"
        ]
      },
      "ResponseHeaders": {
        "Cache-Control": [
          "no-cache"
        ],
        "Date": [
          "Wed, 18 Sep 2019 22:53:57 GMT"
        ],
        "Pragma": [
          "no-cache"
        ],
        "Server": [
          "Microsoft-HTTPAPI/2.0",
          "Microsoft-HTTPAPI/2.0"
        ],
        "x-ms-request-id": [
          "c01a653a-7adf-453c-9920-4a7b9241380e"
        ],
        "Azure-AsyncOperation": [
          "https://management.azure.com/subscriptions/3dc13b6d-6896-40ac-98f7-f18cbce2a405/providers/Microsoft.Network/locations/westcentralus/operations/c01a653a-7adf-453c-9920-4a7b9241380e?api-version=2019-08-01"
        ],
        "x-ms-correlation-request-id": [
          "7cbe5a23-3876-4ccb-b3ac-528b71fa3573"
        ],
        "Azure-AsyncNotification": [
          "Enabled"
        ],
        "x-ms-arm-service-request-id": [
          "8b7484c7-c2fa-4a0c-8f55-1a81f9abd005"
        ],
        "Strict-Transport-Security": [
          "max-age=31536000; includeSubDomains"
        ],
        "x-ms-ratelimit-remaining-subscription-writes": [
          "1192"
        ],
        "x-ms-routing-request-id": [
          "WESTUS2:20190918T225358Z:7cbe5a23-3876-4ccb-b3ac-528b71fa3573"
        ],
        "X-Content-Type-Options": [
          "nosniff"
        ],
        "Content-Length": [
          "5783"
        ],
        "Content-Type": [
          "application/json; charset=utf-8"
        ],
        "Expires": [
          "-1"
        ]
      },
      "ResponseBody": "{\r\n  \"name\": \"ps9631\",\r\n  \"id\": \"/subscriptions/3dc13b6d-6896-40ac-98f7-f18cbce2a405/resourceGroups/ps9285/providers/Microsoft.Network/loadBalancers/ps9631\",\r\n  \"etag\": \"W/\\\"caead785-4b0f-44b8-a021-b4efb1956e95\\\"\",\r\n  \"type\": \"Microsoft.Network/loadBalancers\",\r\n  \"location\": \"westcentralus\",\r\n  \"properties\": {\r\n    \"provisioningState\": \"Succeeded\",\r\n    \"resourceGuid\": \"366a18fe-904d-4ea8-a630-d9a48e831139\",\r\n    \"frontendIPConfigurations\": [\r\n      {\r\n        \"name\": \"ps5900\",\r\n        \"id\": \"/subscriptions/3dc13b6d-6896-40ac-98f7-f18cbce2a405/resourceGroups/ps9285/providers/Microsoft.Network/loadBalancers/ps9631/frontendIPConfigurations/ps5900\",\r\n        \"etag\": \"W/\\\"caead785-4b0f-44b8-a021-b4efb1956e95\\\"\",\r\n        \"type\": \"Microsoft.Network/loadBalancers/frontendIPConfigurations\",\r\n        \"properties\": {\r\n          \"provisioningState\": \"Succeeded\",\r\n          \"privateIPAllocationMethod\": \"Dynamic\",\r\n          \"publicIPAddress\": {\r\n            \"id\": \"/subscriptions/3dc13b6d-6896-40ac-98f7-f18cbce2a405/resourceGroups/ps9285/providers/Microsoft.Network/publicIPAddresses/ps783\"\r\n          },\r\n          \"loadBalancingRules\": [\r\n            {\r\n              \"id\": \"/subscriptions/3dc13b6d-6896-40ac-98f7-f18cbce2a405/resourceGroups/ps9285/providers/Microsoft.Network/loadBalancers/ps9631/loadBalancingRules/ps6929\"\r\n            }\r\n          ],\r\n          \"inboundNatRules\": [\r\n            {\r\n              \"id\": \"/subscriptions/3dc13b6d-6896-40ac-98f7-f18cbce2a405/resourceGroups/ps9285/providers/Microsoft.Network/loadBalancers/ps9631/inboundNatRules/ps7016\"\r\n            }\r\n          ],\r\n          \"privateIPAddressVersion\": \"IPv4\"\r\n        }\r\n      }\r\n    ],\r\n    \"backendAddressPools\": [\r\n      {\r\n        \"name\": \"ps3901\",\r\n        \"id\": \"/subscriptions/3dc13b6d-6896-40ac-98f7-f18cbce2a405/resourceGroups/ps9285/providers/Microsoft.Network/loadBalancers/ps9631/backendAddressPools/ps3901\",\r\n        \"etag\": \"W/\\\"caead785-4b0f-44b8-a021-b4efb1956e95\\\"\",\r\n        \"properties\": {\r\n          \"provisioningState\": \"Succeeded\",\r\n          \"loadBalancingRules\": [\r\n            {\r\n              \"id\": \"/subscriptions/3dc13b6d-6896-40ac-98f7-f18cbce2a405/resourceGroups/ps9285/providers/Microsoft.Network/loadBalancers/ps9631/loadBalancingRules/ps6929\"\r\n            }\r\n          ]\r\n        },\r\n        \"type\": \"Microsoft.Network/loadBalancers/backendAddressPools\"\r\n      }\r\n    ],\r\n    \"loadBalancingRules\": [\r\n      {\r\n        \"name\": \"ps6929\",\r\n        \"id\": \"/subscriptions/3dc13b6d-6896-40ac-98f7-f18cbce2a405/resourceGroups/ps9285/providers/Microsoft.Network/loadBalancers/ps9631/loadBalancingRules/ps6929\",\r\n        \"etag\": \"W/\\\"caead785-4b0f-44b8-a021-b4efb1956e95\\\"\",\r\n        \"type\": \"Microsoft.Network/loadBalancers/loadBalancingRules\",\r\n        \"properties\": {\r\n          \"provisioningState\": \"Succeeded\",\r\n          \"frontendIPConfiguration\": {\r\n            \"id\": \"/subscriptions/3dc13b6d-6896-40ac-98f7-f18cbce2a405/resourceGroups/ps9285/providers/Microsoft.Network/loadBalancers/ps9631/frontendIPConfigurations/ps5900\"\r\n          },\r\n          \"frontendPort\": 80,\r\n          \"backendPort\": 80,\r\n          \"enableFloatingIP\": true,\r\n          \"idleTimeoutInMinutes\": 15,\r\n          \"protocol\": \"Tcp\",\r\n          \"enableDestinationServiceEndpoint\": false,\r\n          \"enableTcpReset\": false,\r\n          \"allowBackendPortConflict\": false,\r\n          \"loadDistribution\": \"Default\",\r\n          \"backendAddressPool\": {\r\n            \"id\": \"/subscriptions/3dc13b6d-6896-40ac-98f7-f18cbce2a405/resourceGroups/ps9285/providers/Microsoft.Network/loadBalancers/ps9631/backendAddressPools/ps3901\"\r\n          },\r\n          \"probe\": {\r\n            \"id\": \"/subscriptions/3dc13b6d-6896-40ac-98f7-f18cbce2a405/resourceGroups/ps9285/providers/Microsoft.Network/loadBalancers/ps9631/probes/ps1485\"\r\n          }\r\n        }\r\n      }\r\n    ],\r\n    \"probes\": [\r\n      {\r\n        \"name\": \"ps1485\",\r\n        \"id\": \"/subscriptions/3dc13b6d-6896-40ac-98f7-f18cbce2a405/resourceGroups/ps9285/providers/Microsoft.Network/loadBalancers/ps9631/probes/ps1485\",\r\n        \"etag\": \"W/\\\"caead785-4b0f-44b8-a021-b4efb1956e95\\\"\",\r\n        \"properties\": {\r\n          \"provisioningState\": \"Succeeded\",\r\n          \"protocol\": \"Http\",\r\n          \"port\": 80,\r\n          \"requestPath\": \"healthcheck.aspx\",\r\n          \"intervalInSeconds\": 15,\r\n          \"numberOfProbes\": 2,\r\n          \"loadBalancingRules\": [\r\n            {\r\n              \"id\": \"/subscriptions/3dc13b6d-6896-40ac-98f7-f18cbce2a405/resourceGroups/ps9285/providers/Microsoft.Network/loadBalancers/ps9631/loadBalancingRules/ps6929\"\r\n            }\r\n          ]\r\n        },\r\n        \"type\": \"Microsoft.Network/loadBalancers/probes\"\r\n      }\r\n    ],\r\n    \"inboundNatRules\": [\r\n      {\r\n        \"name\": \"ps7016\",\r\n        \"id\": \"/subscriptions/3dc13b6d-6896-40ac-98f7-f18cbce2a405/resourceGroups/ps9285/providers/Microsoft.Network/loadBalancers/ps9631/inboundNatRules/ps7016\",\r\n        \"etag\": \"W/\\\"caead785-4b0f-44b8-a021-b4efb1956e95\\\"\",\r\n        \"type\": \"Microsoft.Network/loadBalancers/inboundNatRules\",\r\n        \"properties\": {\r\n          \"provisioningState\": \"Succeeded\",\r\n          \"frontendIPConfiguration\": {\r\n            \"id\": \"/subscriptions/3dc13b6d-6896-40ac-98f7-f18cbce2a405/resourceGroups/ps9285/providers/Microsoft.Network/loadBalancers/ps9631/frontendIPConfigurations/ps5900\"\r\n          },\r\n          \"frontendPort\": 3389,\r\n          \"backendPort\": 3389,\r\n          \"enableFloatingIP\": true,\r\n          \"idleTimeoutInMinutes\": 15,\r\n          \"protocol\": \"Tcp\",\r\n          \"enableDestinationServiceEndpoint\": false,\r\n          \"enableTcpReset\": false,\r\n          \"allowBackendPortConflict\": false\r\n        }\r\n      }\r\n    ],\r\n    \"inboundNatPools\": []\r\n  },\r\n  \"sku\": {\r\n    \"name\": \"Basic\",\r\n    \"tier\": \"Regional\"\r\n  }\r\n}",
      "StatusCode": 201
    },
    {
      "RequestUri": "/subscriptions/3dc13b6d-6896-40ac-98f7-f18cbce2a405/resourceGroups/ps9285/providers/Microsoft.Network/loadBalancers?api-version=2019-08-01",
      "EncodedRequestUri": "L3N1YnNjcmlwdGlvbnMvM2RjMTNiNmQtNjg5Ni00MGFjLTk4ZjctZjE4Y2JjZTJhNDA1L3Jlc291cmNlR3JvdXBzL3BzOTI4NS9wcm92aWRlcnMvTWljcm9zb2Z0Lk5ldHdvcmsvbG9hZEJhbGFuY2Vycz9hcGktdmVyc2lvbj0yMDE5LTA4LTAx",
      "RequestMethod": "GET",
      "RequestBody": "",
      "RequestHeaders": {
        "x-ms-client-request-id": [
          "241ffeaa-6288-4545-9191-39e23b7012c4"
        ],
        "accept-language": [
          "en-US"
        ],
        "User-Agent": [
          "FxVersion/4.6.26614.01",
          "OSName/Windows",
          "OSVersion/Microsoft.Windows.10.0.14393.",
          "Microsoft.Azure.Management.Network.NetworkManagementClient/20.0.0.0"
        ]
      },
      "ResponseHeaders": {
        "Cache-Control": [
          "no-cache"
        ],
        "Date": [
          "Wed, 18 Sep 2019 22:53:57 GMT"
        ],
        "Pragma": [
          "no-cache"
        ],
        "Server": [
          "Microsoft-HTTPAPI/2.0",
          "Microsoft-HTTPAPI/2.0"
        ],
        "x-ms-request-id": [
          "485d17ac-6979-421b-9f2e-5e5864d73428"
        ],
        "x-ms-correlation-request-id": [
          "b8dd7232-543f-4014-a847-8a90dc82f876"
        ],
        "x-ms-arm-service-request-id": [
          "335c12bd-3677-4b2b-819e-1038ce58fa1d"
        ],
        "Strict-Transport-Security": [
          "max-age=31536000; includeSubDomains"
        ],
        "x-ms-ratelimit-remaining-subscription-reads": [
          "11943"
        ],
        "x-ms-routing-request-id": [
          "WESTUS2:20190918T225358Z:b8dd7232-543f-4014-a847-8a90dc82f876"
        ],
        "X-Content-Type-Options": [
          "nosniff"
        ],
        "Content-Length": [
          "6328"
        ],
        "Content-Type": [
          "application/json; charset=utf-8"
        ],
        "Expires": [
          "-1"
        ]
      },
      "ResponseBody": "{\r\n  \"value\": [\r\n    {\r\n      \"name\": \"ps9631\",\r\n      \"id\": \"/subscriptions/3dc13b6d-6896-40ac-98f7-f18cbce2a405/resourceGroups/ps9285/providers/Microsoft.Network/loadBalancers/ps9631\",\r\n      \"etag\": \"W/\\\"caead785-4b0f-44b8-a021-b4efb1956e95\\\"\",\r\n      \"type\": \"Microsoft.Network/loadBalancers\",\r\n      \"location\": \"westcentralus\",\r\n      \"properties\": {\r\n        \"provisioningState\": \"Succeeded\",\r\n        \"resourceGuid\": \"366a18fe-904d-4ea8-a630-d9a48e831139\",\r\n        \"frontendIPConfigurations\": [\r\n          {\r\n            \"name\": \"ps5900\",\r\n            \"id\": \"/subscriptions/3dc13b6d-6896-40ac-98f7-f18cbce2a405/resourceGroups/ps9285/providers/Microsoft.Network/loadBalancers/ps9631/frontendIPConfigurations/ps5900\",\r\n            \"etag\": \"W/\\\"caead785-4b0f-44b8-a021-b4efb1956e95\\\"\",\r\n            \"type\": \"Microsoft.Network/loadBalancers/frontendIPConfigurations\",\r\n            \"properties\": {\r\n              \"provisioningState\": \"Succeeded\",\r\n              \"privateIPAllocationMethod\": \"Dynamic\",\r\n              \"publicIPAddress\": {\r\n                \"id\": \"/subscriptions/3dc13b6d-6896-40ac-98f7-f18cbce2a405/resourceGroups/ps9285/providers/Microsoft.Network/publicIPAddresses/ps783\"\r\n              },\r\n              \"loadBalancingRules\": [\r\n                {\r\n                  \"id\": \"/subscriptions/3dc13b6d-6896-40ac-98f7-f18cbce2a405/resourceGroups/ps9285/providers/Microsoft.Network/loadBalancers/ps9631/loadBalancingRules/ps6929\"\r\n                }\r\n              ],\r\n              \"inboundNatRules\": [\r\n                {\r\n                  \"id\": \"/subscriptions/3dc13b6d-6896-40ac-98f7-f18cbce2a405/resourceGroups/ps9285/providers/Microsoft.Network/loadBalancers/ps9631/inboundNatRules/ps7016\"\r\n                }\r\n              ],\r\n              \"privateIPAddressVersion\": \"IPv4\"\r\n            }\r\n          }\r\n        ],\r\n        \"backendAddressPools\": [\r\n          {\r\n            \"name\": \"ps3901\",\r\n            \"id\": \"/subscriptions/3dc13b6d-6896-40ac-98f7-f18cbce2a405/resourceGroups/ps9285/providers/Microsoft.Network/loadBalancers/ps9631/backendAddressPools/ps3901\",\r\n            \"etag\": \"W/\\\"caead785-4b0f-44b8-a021-b4efb1956e95\\\"\",\r\n            \"properties\": {\r\n              \"provisioningState\": \"Succeeded\",\r\n              \"loadBalancingRules\": [\r\n                {\r\n                  \"id\": \"/subscriptions/3dc13b6d-6896-40ac-98f7-f18cbce2a405/resourceGroups/ps9285/providers/Microsoft.Network/loadBalancers/ps9631/loadBalancingRules/ps6929\"\r\n                }\r\n              ]\r\n            },\r\n            \"type\": \"Microsoft.Network/loadBalancers/backendAddressPools\"\r\n          }\r\n        ],\r\n        \"loadBalancingRules\": [\r\n          {\r\n            \"name\": \"ps6929\",\r\n            \"id\": \"/subscriptions/3dc13b6d-6896-40ac-98f7-f18cbce2a405/resourceGroups/ps9285/providers/Microsoft.Network/loadBalancers/ps9631/loadBalancingRules/ps6929\",\r\n            \"etag\": \"W/\\\"caead785-4b0f-44b8-a021-b4efb1956e95\\\"\",\r\n            \"type\": \"Microsoft.Network/loadBalancers/loadBalancingRules\",\r\n            \"properties\": {\r\n              \"provisioningState\": \"Succeeded\",\r\n              \"frontendIPConfiguration\": {\r\n                \"id\": \"/subscriptions/3dc13b6d-6896-40ac-98f7-f18cbce2a405/resourceGroups/ps9285/providers/Microsoft.Network/loadBalancers/ps9631/frontendIPConfigurations/ps5900\"\r\n              },\r\n              \"frontendPort\": 80,\r\n              \"backendPort\": 80,\r\n              \"enableFloatingIP\": true,\r\n              \"idleTimeoutInMinutes\": 15,\r\n              \"protocol\": \"Tcp\",\r\n              \"enableDestinationServiceEndpoint\": false,\r\n              \"enableTcpReset\": false,\r\n              \"allowBackendPortConflict\": false,\r\n              \"loadDistribution\": \"Default\",\r\n              \"backendAddressPool\": {\r\n                \"id\": \"/subscriptions/3dc13b6d-6896-40ac-98f7-f18cbce2a405/resourceGroups/ps9285/providers/Microsoft.Network/loadBalancers/ps9631/backendAddressPools/ps3901\"\r\n              },\r\n              \"probe\": {\r\n                \"id\": \"/subscriptions/3dc13b6d-6896-40ac-98f7-f18cbce2a405/resourceGroups/ps9285/providers/Microsoft.Network/loadBalancers/ps9631/probes/ps1485\"\r\n              }\r\n            }\r\n          }\r\n        ],\r\n        \"probes\": [\r\n          {\r\n            \"name\": \"ps1485\",\r\n            \"id\": \"/subscriptions/3dc13b6d-6896-40ac-98f7-f18cbce2a405/resourceGroups/ps9285/providers/Microsoft.Network/loadBalancers/ps9631/probes/ps1485\",\r\n            \"etag\": \"W/\\\"caead785-4b0f-44b8-a021-b4efb1956e95\\\"\",\r\n            \"properties\": {\r\n              \"provisioningState\": \"Succeeded\",\r\n              \"protocol\": \"Http\",\r\n              \"port\": 80,\r\n              \"requestPath\": \"healthcheck.aspx\",\r\n              \"intervalInSeconds\": 15,\r\n              \"numberOfProbes\": 2,\r\n              \"loadBalancingRules\": [\r\n                {\r\n                  \"id\": \"/subscriptions/3dc13b6d-6896-40ac-98f7-f18cbce2a405/resourceGroups/ps9285/providers/Microsoft.Network/loadBalancers/ps9631/loadBalancingRules/ps6929\"\r\n                }\r\n              ]\r\n            },\r\n            \"type\": \"Microsoft.Network/loadBalancers/probes\"\r\n          }\r\n        ],\r\n        \"inboundNatRules\": [\r\n          {\r\n            \"name\": \"ps7016\",\r\n            \"id\": \"/subscriptions/3dc13b6d-6896-40ac-98f7-f18cbce2a405/resourceGroups/ps9285/providers/Microsoft.Network/loadBalancers/ps9631/inboundNatRules/ps7016\",\r\n            \"etag\": \"W/\\\"caead785-4b0f-44b8-a021-b4efb1956e95\\\"\",\r\n            \"type\": \"Microsoft.Network/loadBalancers/inboundNatRules\",\r\n            \"properties\": {\r\n              \"provisioningState\": \"Succeeded\",\r\n              \"frontendIPConfiguration\": {\r\n                \"id\": \"/subscriptions/3dc13b6d-6896-40ac-98f7-f18cbce2a405/resourceGroups/ps9285/providers/Microsoft.Network/loadBalancers/ps9631/frontendIPConfigurations/ps5900\"\r\n              },\r\n              \"frontendPort\": 3389,\r\n              \"backendPort\": 3389,\r\n              \"enableFloatingIP\": true,\r\n              \"idleTimeoutInMinutes\": 15,\r\n              \"protocol\": \"Tcp\",\r\n              \"enableDestinationServiceEndpoint\": false,\r\n              \"enableTcpReset\": false,\r\n              \"allowBackendPortConflict\": false\r\n            }\r\n          }\r\n        ],\r\n        \"inboundNatPools\": []\r\n      },\r\n      \"sku\": {\r\n        \"name\": \"Basic\",\r\n        \"tier\": \"Regional\"\r\n      }\r\n    }\r\n  ]\r\n}",
      "StatusCode": 200
    },
    {
      "RequestUri": "/subscriptions/3dc13b6d-6896-40ac-98f7-f18cbce2a405/resourceGroups/ps9285/providers/Microsoft.Network/loadBalancers?api-version=2019-08-01",
      "EncodedRequestUri": "L3N1YnNjcmlwdGlvbnMvM2RjMTNiNmQtNjg5Ni00MGFjLTk4ZjctZjE4Y2JjZTJhNDA1L3Jlc291cmNlR3JvdXBzL3BzOTI4NS9wcm92aWRlcnMvTWljcm9zb2Z0Lk5ldHdvcmsvbG9hZEJhbGFuY2Vycz9hcGktdmVyc2lvbj0yMDE5LTA4LTAx",
      "RequestMethod": "GET",
      "RequestBody": "",
      "RequestHeaders": {
        "x-ms-client-request-id": [
          "6217bf08-2c56-4fa1-93f3-8ef1f283f519"
        ],
        "accept-language": [
          "en-US"
        ],
        "User-Agent": [
          "FxVersion/4.6.26614.01",
          "OSName/Windows",
          "OSVersion/Microsoft.Windows.10.0.14393.",
          "Microsoft.Azure.Management.Network.NetworkManagementClient/20.0.0.0"
        ]
      },
      "ResponseHeaders": {
        "Cache-Control": [
          "no-cache"
        ],
        "Date": [
          "Wed, 18 Sep 2019 22:54:09 GMT"
        ],
        "Pragma": [
          "no-cache"
        ],
        "x-ms-ratelimit-remaining-subscription-reads": [
          "11972"
        ],
        "x-ms-request-id": [
          "8565a5e4-c0bd-450f-8a4b-136005d16d10"
        ],
        "x-ms-correlation-request-id": [
          "8565a5e4-c0bd-450f-8a4b-136005d16d10"
        ],
        "x-ms-routing-request-id": [
          "WESTUS2:20190918T225409Z:8565a5e4-c0bd-450f-8a4b-136005d16d10"
        ],
        "Strict-Transport-Security": [
          "max-age=31536000; includeSubDomains"
        ],
        "X-Content-Type-Options": [
          "nosniff"
        ],
        "Content-Length": [
          "12"
        ],
        "Content-Type": [
          "application/json; charset=utf-8"
        ],
        "Expires": [
          "-1"
        ]
      },
      "ResponseBody": "{\r\n  \"value\": []\r\n}",
      "StatusCode": 200
    },
    {
      "RequestUri": "/subscriptions/3dc13b6d-6896-40ac-98f7-f18cbce2a405/resourceGroups/ps9285/providers/Microsoft.Network/loadBalancers/ps9631?api-version=2019-08-01",
      "EncodedRequestUri": "L3N1YnNjcmlwdGlvbnMvM2RjMTNiNmQtNjg5Ni00MGFjLTk4ZjctZjE4Y2JjZTJhNDA1L3Jlc291cmNlR3JvdXBzL3BzOTI4NS9wcm92aWRlcnMvTWljcm9zb2Z0Lk5ldHdvcmsvbG9hZEJhbGFuY2Vycy9wczk2MzE/YXBpLXZlcnNpb249MjAxOS0wOC0wMQ==",
      "RequestMethod": "DELETE",
      "RequestBody": "",
      "RequestHeaders": {
        "x-ms-client-request-id": [
          "9514baec-9e00-450f-91cd-c9fcc549186d"
        ],
        "accept-language": [
          "en-US"
        ],
        "User-Agent": [
          "FxVersion/4.6.26614.01",
          "OSName/Windows",
          "OSVersion/Microsoft.Windows.10.0.14393.",
          "Microsoft.Azure.Management.Network.NetworkManagementClient/20.0.0.0"
        ]
      },
      "ResponseHeaders": {
        "Cache-Control": [
          "no-cache"
        ],
        "Date": [
          "Wed, 18 Sep 2019 22:53:58 GMT"
        ],
        "Pragma": [
          "no-cache"
        ],
        "Location": [
          "https://management.azure.com/subscriptions/3dc13b6d-6896-40ac-98f7-f18cbce2a405/providers/Microsoft.Network/locations/westcentralus/operationResults/373c0747-738f-4f39-917b-60f5898583cd?api-version=2019-08-01"
        ],
        "Retry-After": [
          "10"
        ],
        "Server": [
          "Microsoft-HTTPAPI/2.0",
          "Microsoft-HTTPAPI/2.0"
        ],
        "x-ms-request-id": [
          "373c0747-738f-4f39-917b-60f5898583cd"
        ],
        "Azure-AsyncOperation": [
          "https://management.azure.com/subscriptions/3dc13b6d-6896-40ac-98f7-f18cbce2a405/providers/Microsoft.Network/locations/westcentralus/operations/373c0747-738f-4f39-917b-60f5898583cd?api-version=2019-08-01"
        ],
        "x-ms-correlation-request-id": [
          "1f898a05-41b1-4947-91ed-019e8fcc0bd5"
        ],
        "Azure-AsyncNotification": [
          "Enabled"
        ],
        "x-ms-arm-service-request-id": [
          "bc68babf-ab28-4a0e-8a02-e8add3d12618"
        ],
        "Strict-Transport-Security": [
          "max-age=31536000; includeSubDomains"
        ],
        "x-ms-ratelimit-remaining-subscription-deletes": [
          "14993"
        ],
        "x-ms-routing-request-id": [
          "WESTUS2:20190918T225359Z:1f898a05-41b1-4947-91ed-019e8fcc0bd5"
        ],
        "X-Content-Type-Options": [
          "nosniff"
        ],
        "Content-Length": [
          "0"
        ],
        "Expires": [
          "-1"
        ]
      },
      "ResponseBody": "",
      "StatusCode": 202
    },
    {
      "RequestUri": "/subscriptions/3dc13b6d-6896-40ac-98f7-f18cbce2a405/providers/Microsoft.Network/locations/westcentralus/operations/373c0747-738f-4f39-917b-60f5898583cd?api-version=2019-08-01",
      "EncodedRequestUri": "L3N1YnNjcmlwdGlvbnMvM2RjMTNiNmQtNjg5Ni00MGFjLTk4ZjctZjE4Y2JjZTJhNDA1L3Byb3ZpZGVycy9NaWNyb3NvZnQuTmV0d29yay9sb2NhdGlvbnMvd2VzdGNlbnRyYWx1cy9vcGVyYXRpb25zLzM3M2MwNzQ3LTczOGYtNGYzOS05MTdiLTYwZjU4OTg1ODNjZD9hcGktdmVyc2lvbj0yMDE5LTA4LTAx",
      "RequestMethod": "GET",
      "RequestBody": "",
      "RequestHeaders": {
        "User-Agent": [
          "FxVersion/4.6.26614.01",
          "OSName/Windows",
          "OSVersion/Microsoft.Windows.10.0.14393.",
          "Microsoft.Azure.Management.Network.NetworkManagementClient/20.0.0.0"
        ]
      },
      "ResponseHeaders": {
        "Cache-Control": [
          "no-cache"
        ],
        "Date": [
          "Wed, 18 Sep 2019 22:54:08 GMT"
        ],
        "Pragma": [
          "no-cache"
        ],
        "Server": [
          "Microsoft-HTTPAPI/2.0",
          "Microsoft-HTTPAPI/2.0"
        ],
        "x-ms-request-id": [
          "76729557-cd17-4952-a99e-8ba70f9acba5"
        ],
        "x-ms-correlation-request-id": [
          "c73ed146-bb00-4b06-a17e-3724c80fb4a4"
        ],
        "x-ms-arm-service-request-id": [
          "ddae205c-bad6-407c-91f4-ebcbc8a7c11a"
        ],
        "Strict-Transport-Security": [
          "max-age=31536000; includeSubDomains"
        ],
        "x-ms-ratelimit-remaining-subscription-reads": [
          "11980"
        ],
        "x-ms-routing-request-id": [
          "WESTUS2:20190918T225409Z:c73ed146-bb00-4b06-a17e-3724c80fb4a4"
        ],
        "X-Content-Type-Options": [
          "nosniff"
        ],
        "Content-Length": [
          "29"
        ],
        "Content-Type": [
          "application/json; charset=utf-8"
        ],
        "Expires": [
          "-1"
        ]
      },
      "ResponseBody": "{\r\n  \"status\": \"Succeeded\"\r\n}",
      "StatusCode": 200
    },
    {
      "RequestUri": "/subscriptions/3dc13b6d-6896-40ac-98f7-f18cbce2a405/providers/Microsoft.Network/locations/westcentralus/operationResults/373c0747-738f-4f39-917b-60f5898583cd?api-version=2019-08-01",
      "EncodedRequestUri": "L3N1YnNjcmlwdGlvbnMvM2RjMTNiNmQtNjg5Ni00MGFjLTk4ZjctZjE4Y2JjZTJhNDA1L3Byb3ZpZGVycy9NaWNyb3NvZnQuTmV0d29yay9sb2NhdGlvbnMvd2VzdGNlbnRyYWx1cy9vcGVyYXRpb25SZXN1bHRzLzM3M2MwNzQ3LTczOGYtNGYzOS05MTdiLTYwZjU4OTg1ODNjZD9hcGktdmVyc2lvbj0yMDE5LTA4LTAx",
      "RequestMethod": "GET",
      "RequestBody": "",
      "RequestHeaders": {
        "User-Agent": [
          "FxVersion/4.6.26614.01",
          "OSName/Windows",
          "OSVersion/Microsoft.Windows.10.0.14393.",
          "Microsoft.Azure.Management.Network.NetworkManagementClient/20.0.0.0"
        ]
      },
      "ResponseHeaders": {
        "Cache-Control": [
          "no-cache"
        ],
        "Date": [
          "Wed, 18 Sep 2019 22:54:08 GMT"
        ],
        "Pragma": [
          "no-cache"
        ],
        "Location": [
          "https://management.azure.com/subscriptions/3dc13b6d-6896-40ac-98f7-f18cbce2a405/providers/Microsoft.Network/locations/westcentralus/operationResults/373c0747-738f-4f39-917b-60f5898583cd?api-version=2019-08-01"
        ],
        "Server": [
          "Microsoft-HTTPAPI/2.0",
          "Microsoft-HTTPAPI/2.0"
        ],
        "x-ms-request-id": [
          "373c0747-738f-4f39-917b-60f5898583cd"
        ],
        "Azure-AsyncOperation": [
          "https://management.azure.com/subscriptions/3dc13b6d-6896-40ac-98f7-f18cbce2a405/providers/Microsoft.Network/locations/westcentralus/operations/373c0747-738f-4f39-917b-60f5898583cd?api-version=2019-08-01"
        ],
        "x-ms-correlation-request-id": [
          "1f898a05-41b1-4947-91ed-019e8fcc0bd5"
        ],
        "Azure-AsyncNotification": [
          "Enabled"
        ],
        "x-ms-arm-service-request-id": [
          "bc68babf-ab28-4a0e-8a02-e8add3d12618"
        ],
        "Strict-Transport-Security": [
          "max-age=31536000; includeSubDomains"
        ],
        "x-ms-ratelimit-remaining-subscription-reads": [
          "11979"
        ],
        "x-ms-routing-request-id": [
          "WESTUS2:20190918T225409Z:0d110bae-b294-4095-86a9-cb18f2794fcd"
        ],
        "X-Content-Type-Options": [
          "nosniff"
        ],
        "Content-Type": [
          "application/json; charset=utf-8"
        ],
        "Expires": [
          "-1"
        ]
      },
      "ResponseBody": "",
      "StatusCode": 204
    },
    {
      "RequestUri": "/subscriptions/3dc13b6d-6896-40ac-98f7-f18cbce2a405/resourcegroups/ps9285?api-version=2016-09-01",
      "EncodedRequestUri": "L3N1YnNjcmlwdGlvbnMvM2RjMTNiNmQtNjg5Ni00MGFjLTk4ZjctZjE4Y2JjZTJhNDA1L3Jlc291cmNlZ3JvdXBzL3BzOTI4NT9hcGktdmVyc2lvbj0yMDE2LTA5LTAx",
      "RequestMethod": "DELETE",
      "RequestBody": "",
      "RequestHeaders": {
        "x-ms-client-request-id": [
          "9a8de4b9-06ca-4f67-ae05-f7a0aef4c623"
        ],
        "accept-language": [
          "en-US"
        ],
        "User-Agent": [
          "FxVersion/4.6.26614.01",
          "OSName/Windows",
          "OSVersion/Microsoft.Windows.10.0.14393.",
          "Microsoft.Azure.Management.Internal.Resources.ResourceManagementClient/1.3.2"
        ]
      },
      "ResponseHeaders": {
        "Cache-Control": [
          "no-cache"
        ],
        "Date": [
          "Wed, 18 Sep 2019 22:54:10 GMT"
        ],
        "Pragma": [
          "no-cache"
        ],
        "Location": [
          "https://management.azure.com/subscriptions/3dc13b6d-6896-40ac-98f7-f18cbce2a405/operationresults/eyJqb2JJZCI6IlJFU09VUkNFR1JPVVBERUxFVElPTkpPQi1QUzkyODUtV0VTVENFTlRSQUxVUyIsImpvYkxvY2F0aW9uIjoid2VzdGNlbnRyYWx1cyJ9?api-version=2016-09-01"
        ],
        "Retry-After": [
          "15"
        ],
        "x-ms-ratelimit-remaining-subscription-deletes": [
          "14995"
        ],
        "x-ms-request-id": [
          "f39bb25e-b554-4aa1-a4d3-ccbbc55c21c2"
        ],
        "x-ms-correlation-request-id": [
          "f39bb25e-b554-4aa1-a4d3-ccbbc55c21c2"
        ],
        "x-ms-routing-request-id": [
          "WESTUS2:20190918T225411Z:f39bb25e-b554-4aa1-a4d3-ccbbc55c21c2"
        ],
        "Strict-Transport-Security": [
          "max-age=31536000; includeSubDomains"
        ],
        "X-Content-Type-Options": [
          "nosniff"
        ],
        "Content-Length": [
          "0"
        ],
        "Expires": [
          "-1"
        ]
      },
      "ResponseBody": "",
      "StatusCode": 202
    },
    {
      "RequestUri": "/subscriptions/3dc13b6d-6896-40ac-98f7-f18cbce2a405/operationresults/eyJqb2JJZCI6IlJFU09VUkNFR1JPVVBERUxFVElPTkpPQi1QUzkyODUtV0VTVENFTlRSQUxVUyIsImpvYkxvY2F0aW9uIjoid2VzdGNlbnRyYWx1cyJ9?api-version=2016-09-01",
      "EncodedRequestUri": "L3N1YnNjcmlwdGlvbnMvM2RjMTNiNmQtNjg5Ni00MGFjLTk4ZjctZjE4Y2JjZTJhNDA1L29wZXJhdGlvbnJlc3VsdHMvZXlKcWIySkpaQ0k2SWxKRlUwOVZVa05GUjFKUFZWQkVSVXhGVkVsUFRrcFBRaTFRVXpreU9EVXRWMFZUVkVORlRsUlNRVXhWVXlJc0ltcHZZa3h2WTJGMGFXOXVJam9pZDJWemRHTmxiblJ5WVd4MWN5Sjk/YXBpLXZlcnNpb249MjAxNi0wOS0wMQ==",
      "RequestMethod": "GET",
      "RequestBody": "",
      "RequestHeaders": {
        "User-Agent": [
          "FxVersion/4.6.26614.01",
          "OSName/Windows",
          "OSVersion/Microsoft.Windows.10.0.14393.",
          "Microsoft.Azure.Management.Internal.Resources.ResourceManagementClient/1.3.2"
        ]
      },
      "ResponseHeaders": {
        "Cache-Control": [
          "no-cache"
        ],
        "Date": [
          "Wed, 18 Sep 2019 22:54:25 GMT"
        ],
        "Pragma": [
          "no-cache"
        ],
        "Location": [
          "https://management.azure.com/subscriptions/3dc13b6d-6896-40ac-98f7-f18cbce2a405/operationresults/eyJqb2JJZCI6IlJFU09VUkNFR1JPVVBERUxFVElPTkpPQi1QUzkyODUtV0VTVENFTlRSQUxVUyIsImpvYkxvY2F0aW9uIjoid2VzdGNlbnRyYWx1cyJ9?api-version=2016-09-01"
        ],
        "Retry-After": [
          "15"
        ],
        "x-ms-ratelimit-remaining-subscription-reads": [
          "11951"
        ],
        "x-ms-request-id": [
          "6b0e6ae6-3ddd-465f-b848-05e3b13e0303"
        ],
        "x-ms-correlation-request-id": [
          "6b0e6ae6-3ddd-465f-b848-05e3b13e0303"
        ],
        "x-ms-routing-request-id": [
          "WESTUS2:20190918T225426Z:6b0e6ae6-3ddd-465f-b848-05e3b13e0303"
        ],
        "Strict-Transport-Security": [
          "max-age=31536000; includeSubDomains"
        ],
        "X-Content-Type-Options": [
          "nosniff"
        ],
        "Content-Length": [
          "0"
        ],
        "Expires": [
          "-1"
        ]
      },
      "ResponseBody": "",
      "StatusCode": 202
    },
    {
      "RequestUri": "/subscriptions/3dc13b6d-6896-40ac-98f7-f18cbce2a405/operationresults/eyJqb2JJZCI6IlJFU09VUkNFR1JPVVBERUxFVElPTkpPQi1QUzkyODUtV0VTVENFTlRSQUxVUyIsImpvYkxvY2F0aW9uIjoid2VzdGNlbnRyYWx1cyJ9?api-version=2016-09-01",
      "EncodedRequestUri": "L3N1YnNjcmlwdGlvbnMvM2RjMTNiNmQtNjg5Ni00MGFjLTk4ZjctZjE4Y2JjZTJhNDA1L29wZXJhdGlvbnJlc3VsdHMvZXlKcWIySkpaQ0k2SWxKRlUwOVZVa05GUjFKUFZWQkVSVXhGVkVsUFRrcFBRaTFRVXpreU9EVXRWMFZUVkVORlRsUlNRVXhWVXlJc0ltcHZZa3h2WTJGMGFXOXVJam9pZDJWemRHTmxiblJ5WVd4MWN5Sjk/YXBpLXZlcnNpb249MjAxNi0wOS0wMQ==",
      "RequestMethod": "GET",
      "RequestBody": "",
      "RequestHeaders": {
        "User-Agent": [
          "FxVersion/4.6.26614.01",
          "OSName/Windows",
          "OSVersion/Microsoft.Windows.10.0.14393.",
          "Microsoft.Azure.Management.Internal.Resources.ResourceManagementClient/1.3.2"
        ]
      },
      "ResponseHeaders": {
        "Cache-Control": [
          "no-cache"
        ],
        "Date": [
          "Wed, 18 Sep 2019 22:54:40 GMT"
        ],
        "Pragma": [
          "no-cache"
        ],
        "Location": [
          "https://management.azure.com/subscriptions/3dc13b6d-6896-40ac-98f7-f18cbce2a405/operationresults/eyJqb2JJZCI6IlJFU09VUkNFR1JPVVBERUxFVElPTkpPQi1QUzkyODUtV0VTVENFTlRSQUxVUyIsImpvYkxvY2F0aW9uIjoid2VzdGNlbnRyYWx1cyJ9?api-version=2016-09-01"
        ],
        "Retry-After": [
          "15"
        ],
        "x-ms-ratelimit-remaining-subscription-reads": [
          "11950"
        ],
        "x-ms-request-id": [
          "6656343b-2a3f-47f0-aaaa-34833d042c0a"
        ],
        "x-ms-correlation-request-id": [
          "6656343b-2a3f-47f0-aaaa-34833d042c0a"
        ],
        "x-ms-routing-request-id": [
          "WESTUS2:20190918T225441Z:6656343b-2a3f-47f0-aaaa-34833d042c0a"
        ],
        "Strict-Transport-Security": [
          "max-age=31536000; includeSubDomains"
        ],
        "X-Content-Type-Options": [
          "nosniff"
        ],
        "Content-Length": [
          "0"
        ],
        "Expires": [
          "-1"
        ]
      },
      "ResponseBody": "",
      "StatusCode": 202
    },
    {
      "RequestUri": "/subscriptions/3dc13b6d-6896-40ac-98f7-f18cbce2a405/operationresults/eyJqb2JJZCI6IlJFU09VUkNFR1JPVVBERUxFVElPTkpPQi1QUzkyODUtV0VTVENFTlRSQUxVUyIsImpvYkxvY2F0aW9uIjoid2VzdGNlbnRyYWx1cyJ9?api-version=2016-09-01",
      "EncodedRequestUri": "L3N1YnNjcmlwdGlvbnMvM2RjMTNiNmQtNjg5Ni00MGFjLTk4ZjctZjE4Y2JjZTJhNDA1L29wZXJhdGlvbnJlc3VsdHMvZXlKcWIySkpaQ0k2SWxKRlUwOVZVa05GUjFKUFZWQkVSVXhGVkVsUFRrcFBRaTFRVXpreU9EVXRWMFZUVkVORlRsUlNRVXhWVXlJc0ltcHZZa3h2WTJGMGFXOXVJam9pZDJWemRHTmxiblJ5WVd4MWN5Sjk/YXBpLXZlcnNpb249MjAxNi0wOS0wMQ==",
      "RequestMethod": "GET",
      "RequestBody": "",
      "RequestHeaders": {
        "User-Agent": [
          "FxVersion/4.6.26614.01",
          "OSName/Windows",
          "OSVersion/Microsoft.Windows.10.0.14393.",
          "Microsoft.Azure.Management.Internal.Resources.ResourceManagementClient/1.3.2"
        ]
      },
      "ResponseHeaders": {
        "Cache-Control": [
          "no-cache"
        ],
        "Date": [
          "Wed, 18 Sep 2019 22:54:56 GMT"
        ],
        "Pragma": [
          "no-cache"
        ],
        "Location": [
          "https://management.azure.com/subscriptions/3dc13b6d-6896-40ac-98f7-f18cbce2a405/operationresults/eyJqb2JJZCI6IlJFU09VUkNFR1JPVVBERUxFVElPTkpPQi1QUzkyODUtV0VTVENFTlRSQUxVUyIsImpvYkxvY2F0aW9uIjoid2VzdGNlbnRyYWx1cyJ9?api-version=2016-09-01"
        ],
        "Retry-After": [
          "15"
        ],
        "x-ms-ratelimit-remaining-subscription-reads": [
          "11949"
        ],
        "x-ms-request-id": [
          "e506edc5-4e6d-4c0c-b7a0-f007afa3a5b9"
        ],
        "x-ms-correlation-request-id": [
          "e506edc5-4e6d-4c0c-b7a0-f007afa3a5b9"
        ],
        "x-ms-routing-request-id": [
          "WESTUS2:20190918T225456Z:e506edc5-4e6d-4c0c-b7a0-f007afa3a5b9"
        ],
        "Strict-Transport-Security": [
          "max-age=31536000; includeSubDomains"
        ],
        "X-Content-Type-Options": [
          "nosniff"
        ],
        "Content-Length": [
          "0"
        ],
        "Expires": [
          "-1"
        ]
      },
      "ResponseBody": "",
      "StatusCode": 202
    },
    {
      "RequestUri": "/subscriptions/3dc13b6d-6896-40ac-98f7-f18cbce2a405/operationresults/eyJqb2JJZCI6IlJFU09VUkNFR1JPVVBERUxFVElPTkpPQi1QUzkyODUtV0VTVENFTlRSQUxVUyIsImpvYkxvY2F0aW9uIjoid2VzdGNlbnRyYWx1cyJ9?api-version=2016-09-01",
      "EncodedRequestUri": "L3N1YnNjcmlwdGlvbnMvM2RjMTNiNmQtNjg5Ni00MGFjLTk4ZjctZjE4Y2JjZTJhNDA1L29wZXJhdGlvbnJlc3VsdHMvZXlKcWIySkpaQ0k2SWxKRlUwOVZVa05GUjFKUFZWQkVSVXhGVkVsUFRrcFBRaTFRVXpreU9EVXRWMFZUVkVORlRsUlNRVXhWVXlJc0ltcHZZa3h2WTJGMGFXOXVJam9pZDJWemRHTmxiblJ5WVd4MWN5Sjk/YXBpLXZlcnNpb249MjAxNi0wOS0wMQ==",
      "RequestMethod": "GET",
      "RequestBody": "",
      "RequestHeaders": {
        "User-Agent": [
          "FxVersion/4.6.26614.01",
          "OSName/Windows",
          "OSVersion/Microsoft.Windows.10.0.14393.",
          "Microsoft.Azure.Management.Internal.Resources.ResourceManagementClient/1.3.2"
        ]
      },
      "ResponseHeaders": {
        "Cache-Control": [
          "no-cache"
        ],
        "Date": [
          "Wed, 18 Sep 2019 22:55:11 GMT"
        ],
        "Pragma": [
          "no-cache"
        ],
        "Location": [
          "https://management.azure.com/subscriptions/3dc13b6d-6896-40ac-98f7-f18cbce2a405/operationresults/eyJqb2JJZCI6IlJFU09VUkNFR1JPVVBERUxFVElPTkpPQi1QUzkyODUtV0VTVENFTlRSQUxVUyIsImpvYkxvY2F0aW9uIjoid2VzdGNlbnRyYWx1cyJ9?api-version=2016-09-01"
        ],
        "Retry-After": [
          "15"
        ],
        "x-ms-ratelimit-remaining-subscription-reads": [
          "11948"
        ],
        "x-ms-request-id": [
          "b00315d2-bc8c-4489-876d-208018fc2f4e"
        ],
        "x-ms-correlation-request-id": [
          "b00315d2-bc8c-4489-876d-208018fc2f4e"
        ],
        "x-ms-routing-request-id": [
          "WESTUS2:20190918T225511Z:b00315d2-bc8c-4489-876d-208018fc2f4e"
        ],
        "Strict-Transport-Security": [
          "max-age=31536000; includeSubDomains"
        ],
        "X-Content-Type-Options": [
          "nosniff"
        ],
        "Content-Length": [
          "0"
        ],
        "Expires": [
          "-1"
        ]
      },
      "ResponseBody": "",
      "StatusCode": 202
    },
    {
      "RequestUri": "/subscriptions/3dc13b6d-6896-40ac-98f7-f18cbce2a405/operationresults/eyJqb2JJZCI6IlJFU09VUkNFR1JPVVBERUxFVElPTkpPQi1QUzkyODUtV0VTVENFTlRSQUxVUyIsImpvYkxvY2F0aW9uIjoid2VzdGNlbnRyYWx1cyJ9?api-version=2016-09-01",
      "EncodedRequestUri": "L3N1YnNjcmlwdGlvbnMvM2RjMTNiNmQtNjg5Ni00MGFjLTk4ZjctZjE4Y2JjZTJhNDA1L29wZXJhdGlvbnJlc3VsdHMvZXlKcWIySkpaQ0k2SWxKRlUwOVZVa05GUjFKUFZWQkVSVXhGVkVsUFRrcFBRaTFRVXpreU9EVXRWMFZUVkVORlRsUlNRVXhWVXlJc0ltcHZZa3h2WTJGMGFXOXVJam9pZDJWemRHTmxiblJ5WVd4MWN5Sjk/YXBpLXZlcnNpb249MjAxNi0wOS0wMQ==",
      "RequestMethod": "GET",
      "RequestBody": "",
      "RequestHeaders": {
        "User-Agent": [
          "FxVersion/4.6.26614.01",
          "OSName/Windows",
          "OSVersion/Microsoft.Windows.10.0.14393.",
          "Microsoft.Azure.Management.Internal.Resources.ResourceManagementClient/1.3.2"
        ]
      },
      "ResponseHeaders": {
        "Cache-Control": [
          "no-cache"
        ],
        "Date": [
          "Wed, 18 Sep 2019 22:55:25 GMT"
        ],
        "Pragma": [
          "no-cache"
        ],
        "Location": [
          "https://management.azure.com/subscriptions/3dc13b6d-6896-40ac-98f7-f18cbce2a405/operationresults/eyJqb2JJZCI6IlJFU09VUkNFR1JPVVBERUxFVElPTkpPQi1QUzkyODUtV0VTVENFTlRSQUxVUyIsImpvYkxvY2F0aW9uIjoid2VzdGNlbnRyYWx1cyJ9?api-version=2016-09-01"
        ],
        "Retry-After": [
          "15"
        ],
        "x-ms-ratelimit-remaining-subscription-reads": [
          "11947"
        ],
        "x-ms-request-id": [
          "811c6397-93aa-482d-85e1-d1797daa2d61"
        ],
        "x-ms-correlation-request-id": [
          "811c6397-93aa-482d-85e1-d1797daa2d61"
        ],
        "x-ms-routing-request-id": [
          "WESTUS2:20190918T225526Z:811c6397-93aa-482d-85e1-d1797daa2d61"
        ],
        "Strict-Transport-Security": [
          "max-age=31536000; includeSubDomains"
        ],
        "X-Content-Type-Options": [
          "nosniff"
        ],
        "Content-Length": [
          "0"
        ],
        "Expires": [
          "-1"
        ]
      },
      "ResponseBody": "",
      "StatusCode": 202
    },
    {
      "RequestUri": "/subscriptions/3dc13b6d-6896-40ac-98f7-f18cbce2a405/operationresults/eyJqb2JJZCI6IlJFU09VUkNFR1JPVVBERUxFVElPTkpPQi1QUzkyODUtV0VTVENFTlRSQUxVUyIsImpvYkxvY2F0aW9uIjoid2VzdGNlbnRyYWx1cyJ9?api-version=2016-09-01",
      "EncodedRequestUri": "L3N1YnNjcmlwdGlvbnMvM2RjMTNiNmQtNjg5Ni00MGFjLTk4ZjctZjE4Y2JjZTJhNDA1L29wZXJhdGlvbnJlc3VsdHMvZXlKcWIySkpaQ0k2SWxKRlUwOVZVa05GUjFKUFZWQkVSVXhGVkVsUFRrcFBRaTFRVXpreU9EVXRWMFZUVkVORlRsUlNRVXhWVXlJc0ltcHZZa3h2WTJGMGFXOXVJam9pZDJWemRHTmxiblJ5WVd4MWN5Sjk/YXBpLXZlcnNpb249MjAxNi0wOS0wMQ==",
      "RequestMethod": "GET",
      "RequestBody": "",
      "RequestHeaders": {
        "User-Agent": [
          "FxVersion/4.6.26614.01",
          "OSName/Windows",
          "OSVersion/Microsoft.Windows.10.0.14393.",
          "Microsoft.Azure.Management.Internal.Resources.ResourceManagementClient/1.3.2"
        ]
      },
      "ResponseHeaders": {
        "Cache-Control": [
          "no-cache"
        ],
        "Date": [
          "Wed, 18 Sep 2019 22:55:40 GMT"
        ],
        "Pragma": [
          "no-cache"
        ],
        "Location": [
          "https://management.azure.com/subscriptions/3dc13b6d-6896-40ac-98f7-f18cbce2a405/operationresults/eyJqb2JJZCI6IlJFU09VUkNFR1JPVVBERUxFVElPTkpPQi1QUzkyODUtV0VTVENFTlRSQUxVUyIsImpvYkxvY2F0aW9uIjoid2VzdGNlbnRyYWx1cyJ9?api-version=2016-09-01"
        ],
        "Retry-After": [
          "15"
        ],
        "x-ms-ratelimit-remaining-subscription-reads": [
          "11946"
        ],
        "x-ms-request-id": [
          "3da87dfe-7542-4b3a-9cf2-c45121518bd9"
        ],
        "x-ms-correlation-request-id": [
          "3da87dfe-7542-4b3a-9cf2-c45121518bd9"
        ],
        "x-ms-routing-request-id": [
          "WESTUS2:20190918T225541Z:3da87dfe-7542-4b3a-9cf2-c45121518bd9"
        ],
        "Strict-Transport-Security": [
          "max-age=31536000; includeSubDomains"
        ],
        "X-Content-Type-Options": [
          "nosniff"
        ],
        "Content-Length": [
          "0"
        ],
        "Expires": [
          "-1"
        ]
      },
      "ResponseBody": "",
      "StatusCode": 202
    },
    {
      "RequestUri": "/subscriptions/3dc13b6d-6896-40ac-98f7-f18cbce2a405/operationresults/eyJqb2JJZCI6IlJFU09VUkNFR1JPVVBERUxFVElPTkpPQi1QUzkyODUtV0VTVENFTlRSQUxVUyIsImpvYkxvY2F0aW9uIjoid2VzdGNlbnRyYWx1cyJ9?api-version=2016-09-01",
      "EncodedRequestUri": "L3N1YnNjcmlwdGlvbnMvM2RjMTNiNmQtNjg5Ni00MGFjLTk4ZjctZjE4Y2JjZTJhNDA1L29wZXJhdGlvbnJlc3VsdHMvZXlKcWIySkpaQ0k2SWxKRlUwOVZVa05GUjFKUFZWQkVSVXhGVkVsUFRrcFBRaTFRVXpreU9EVXRWMFZUVkVORlRsUlNRVXhWVXlJc0ltcHZZa3h2WTJGMGFXOXVJam9pZDJWemRHTmxiblJ5WVd4MWN5Sjk/YXBpLXZlcnNpb249MjAxNi0wOS0wMQ==",
      "RequestMethod": "GET",
      "RequestBody": "",
      "RequestHeaders": {
        "User-Agent": [
          "FxVersion/4.6.26614.01",
          "OSName/Windows",
          "OSVersion/Microsoft.Windows.10.0.14393.",
          "Microsoft.Azure.Management.Internal.Resources.ResourceManagementClient/1.3.2"
        ]
      },
      "ResponseHeaders": {
        "Cache-Control": [
          "no-cache"
        ],
        "Date": [
          "Wed, 18 Sep 2019 22:56:08 GMT"
        ],
        "Pragma": [
          "no-cache"
        ],
        "x-ms-ratelimit-remaining-subscription-reads": [
          "11945"
        ],
        "x-ms-request-id": [
          "2c072806-ea34-4837-8044-8791b69580ea"
        ],
        "x-ms-correlation-request-id": [
          "2c072806-ea34-4837-8044-8791b69580ea"
        ],
        "x-ms-routing-request-id": [
          "WESTUS2:20190918T225608Z:2c072806-ea34-4837-8044-8791b69580ea"
        ],
        "Strict-Transport-Security": [
          "max-age=31536000; includeSubDomains"
        ],
        "X-Content-Type-Options": [
          "nosniff"
        ],
        "Content-Length": [
          "0"
        ],
        "Expires": [
          "-1"
        ]
      },
      "ResponseBody": "",
      "StatusCode": 200
    },
    {
      "RequestUri": "/subscriptions/3dc13b6d-6896-40ac-98f7-f18cbce2a405/operationresults/eyJqb2JJZCI6IlJFU09VUkNFR1JPVVBERUxFVElPTkpPQi1QUzkyODUtV0VTVENFTlRSQUxVUyIsImpvYkxvY2F0aW9uIjoid2VzdGNlbnRyYWx1cyJ9?api-version=2016-09-01",
      "EncodedRequestUri": "L3N1YnNjcmlwdGlvbnMvM2RjMTNiNmQtNjg5Ni00MGFjLTk4ZjctZjE4Y2JjZTJhNDA1L29wZXJhdGlvbnJlc3VsdHMvZXlKcWIySkpaQ0k2SWxKRlUwOVZVa05GUjFKUFZWQkVSVXhGVkVsUFRrcFBRaTFRVXpreU9EVXRWMFZUVkVORlRsUlNRVXhWVXlJc0ltcHZZa3h2WTJGMGFXOXVJam9pZDJWemRHTmxiblJ5WVd4MWN5Sjk/YXBpLXZlcnNpb249MjAxNi0wOS0wMQ==",
      "RequestMethod": "GET",
      "RequestBody": "",
      "RequestHeaders": {
        "User-Agent": [
          "FxVersion/4.6.26614.01",
          "OSName/Windows",
          "OSVersion/Microsoft.Windows.10.0.14393.",
          "Microsoft.Azure.Management.Internal.Resources.ResourceManagementClient/1.3.2"
        ]
      },
      "ResponseHeaders": {
        "Cache-Control": [
          "no-cache"
        ],
        "Date": [
          "Wed, 18 Sep 2019 22:56:08 GMT"
        ],
        "Pragma": [
          "no-cache"
        ],
        "x-ms-ratelimit-remaining-subscription-reads": [
          "11944"
        ],
        "x-ms-request-id": [
          "9f5b9a24-ca78-4c97-ae5c-28a7a6ffd086"
        ],
        "x-ms-correlation-request-id": [
          "9f5b9a24-ca78-4c97-ae5c-28a7a6ffd086"
        ],
        "x-ms-routing-request-id": [
          "WESTUS2:20190918T225608Z:9f5b9a24-ca78-4c97-ae5c-28a7a6ffd086"
        ],
        "Strict-Transport-Security": [
          "max-age=31536000; includeSubDomains"
        ],
        "X-Content-Type-Options": [
          "nosniff"
        ],
        "Content-Length": [
          "0"
        ],
        "Expires": [
          "-1"
        ]
      },
      "ResponseBody": "",
      "StatusCode": 200
    }
  ],
  "Names": {
    "Test-LoadBalancerCRUD-PublicUsingId": [
      "ps9285",
      "ps6880",
      "ps6254",
      "ps783",
      "ps5734",
      "ps9631",
      "ps5900",
      "ps3901",
      "ps1485",
      "ps7016",
      "ps6929"
    ]
  },
  "Variables": {
    "SubscriptionId": "3dc13b6d-6896-40ac-98f7-f18cbce2a405"
  }
}