{
  "Entries": [
    {
      "RequestUri": "/subscriptions%2F658c8950-e79d-4704-a903-1df66ba90258/providers/Microsoft.Advisor/recommendations/4fa2ff4f-dc90-9876-0723-1360fa9f4bd7?api-version=2017-04-19",
      "EncodedRequestUri": "L3N1YnNjcmlwdGlvbnMlMkY2NThjODk1MC1lNzlkLTQ3MDQtYTkwMy0xZGY2NmJhOTAyNTgvcHJvdmlkZXJzL01pY3Jvc29mdC5BZHZpc29yL3JlY29tbWVuZGF0aW9ucy80ZmEyZmY0Zi1kYzkwLTk4NzYtMDcyMy0xMzYwZmE5ZjRiZDc/YXBpLXZlcnNpb249MjAxNy0wNC0xOQ==",
      "RequestMethod": "GET",
      "RequestBody": "",
      "RequestHeaders": {
        "x-ms-client-request-id": [
          "08a65c83-566e-4bbc-be30-47a774005afc"
        ],
        "Accept-Language": [
          "en-US"
        ],
        "User-Agent": [
          "FxVersion/4.6.27129.04",
          "OSName/Windows",
          "OSVersion/Microsoft.Windows.10.0.17763.",
          "Microsoft.Azure.Management.Advisor.AdvisorManagementClient/0.9.5.0"
        ]
      },
      "ResponseHeaders": {
        "Cache-Control": [
          "no-cache"
        ],
        "Pragma": [
          "no-cache"
        ],
        "Strict-Transport-Security": [
          "max-age=31536000; includeSubDomains"
        ],
        "X-Content-Type-Options": [
          "nosniff"
        ],
        "Server": [
          "Microsoft-HTTPAPI/2.0"
        ],
        "x-ms-ratelimit-remaining-subscription-resource-requests": [
          "597"
        ],
        "x-ms-request-id": [
          "8070f6c5-fe01-490c-8e0e-66cef3e2ff56"
        ],
        "x-ms-correlation-request-id": [
          "8070f6c5-fe01-490c-8e0e-66cef3e2ff56"
        ],
        "x-ms-routing-request-id": [
          "WESTUS2:20190115T004545Z:8070f6c5-fe01-490c-8e0e-66cef3e2ff56"
        ],
        "Date": [
          "Tue, 15 Jan 2019 00:45:44 GMT"
        ],
        "Content-Length": [
          "1233"
        ],
        "Content-Type": [
          "application/json; charset=utf-8"
        ],
        "Expires": [
          "-1"
        ]
      },
      "ResponseBody": "{\r\n  \"id\": \"/subscriptions/658c8950-e79d-4704-a903-1df66ba90258/resourceGroups/testing/providers/Microsoft.Storage/storageAccounts/fontcjk/providers/Microsoft.Advisor/recommendations/4fa2ff4f-dc90-9876-0723-1360fa9f4bd7\",\r\n  \"name\": \"4fa2ff4f-dc90-9876-0723-1360fa9f4bd7\",\r\n  \"properties\": {\r\n    \"description\": \"After enabling Soft Delete, deleted data transitions to a soft deleted state instead of being permanently deleted. When data is overwritten, a soft deleted snapshot is generated to save the state of the overwritten data. You can configure the amount of time soft deleted data is recoverable before it permanently expires.\",\r\n    \"label\": \"Enable Soft Delete\",\r\n    \"learnMoreLink\": \"https://aka.ms/softdelete\",\r\n    \"potentialBenefits\": \"Save and recover your data when blobs or blob snapshots are accidentally overwritten or deleted\",\r\n    \"category\": \"HighAvailability\",\r\n    \"impact\": \"Medium\",\r\n    \"impactedField\": \"Microsoft.Storage/storageAccounts\",\r\n    \"impactedValue\": \"fontcjk\",\r\n    \"lastUpdated\": \"2019-01-14T22:34:47.0460981Z\",\r\n    \"recommendationTypeId\": \"42dbf883-9e4b-4f84-9da4-232b87c4b5e9\",\r\n    \"risk\": \"Error\",\r\n    \"shortDescription\": {\r\n      \"problem\": \"Enable Soft Delete to protect your blob data\",\r\n      \"solution\": \"Enable Soft Delete to protect your blob data\"\r\n    }\r\n  },\r\n  \"type\": \"Microsoft.Advisor/recommendations\"\r\n}",
      "StatusCode": 200
    },
    {
      "RequestUri": "/subscriptions%2F658c8950-e79d-4704-a903-1df66ba90258%2FresourceGroups%2Ftesting%2Fproviders%2FMicrosoft.Storage%2FstorageAccounts%2Ffontcjk/providers/Microsoft.Advisor/recommendations/4fa2ff4f-dc90-9876-0723-1360fa9f4bd7/suppressions/HardcodedSuppressionName?api-version=2017-04-19",
      "EncodedRequestUri": "L3N1YnNjcmlwdGlvbnMlMkY2NThjODk1MC1lNzlkLTQ3MDQtYTkwMy0xZGY2NmJhOTAyNTglMkZyZXNvdXJjZUdyb3VwcyUyRnRlc3RpbmclMkZwcm92aWRlcnMlMkZNaWNyb3NvZnQuU3RvcmFnZSUyRnN0b3JhZ2VBY2NvdW50cyUyRmZvbnRjamsvcHJvdmlkZXJzL01pY3Jvc29mdC5BZHZpc29yL3JlY29tbWVuZGF0aW9ucy80ZmEyZmY0Zi1kYzkwLTk4NzYtMDcyMy0xMzYwZmE5ZjRiZDcvc3VwcHJlc3Npb25zL0hhcmRjb2RlZFN1cHByZXNzaW9uTmFtZT9hcGktdmVyc2lvbj0yMDE3LTA0LTE5",
      "RequestMethod": "PUT",
      "RequestBody": "{\r\n  \"properties\": {\r\n    \"ttl\": \"30\"\r\n  }\r\n}",
      "RequestHeaders": {
        "x-ms-client-request-id": [
          "8955d1d0-8231-4d02-a65f-e73fe3029328"
        ],
        "Accept-Language": [
          "en-US"
        ],
        "User-Agent": [
          "FxVersion/4.6.27129.04",
          "OSName/Windows",
          "OSVersion/Microsoft.Windows.10.0.17763.",
          "Microsoft.Azure.Management.Advisor.AdvisorManagementClient/0.9.5.0"
        ],
        "Content-Type": [
          "application/json; charset=utf-8"
        ],
        "Content-Length": [
          "45"
        ]
      },
      "ResponseHeaders": {
        "Cache-Control": [
          "no-cache"
        ],
        "Pragma": [
          "no-cache"
        ],
        "Strict-Transport-Security": [
          "max-age=31536000; includeSubDomains"
        ],
        "X-Content-Type-Options": [
          "nosniff"
        ],
        "Server": [
          "Microsoft-HTTPAPI/2.0"
        ],
        "x-ms-ratelimit-remaining-subscription-writes": [
          "1197"
        ],
        "x-ms-request-id": [
          "a2b95206-a7f2-4f91-bbd6-bba3ba6d3bc8"
        ],
        "x-ms-correlation-request-id": [
          "a2b95206-a7f2-4f91-bbd6-bba3ba6d3bc8"
        ],
        "x-ms-routing-request-id": [
          "WESTUS2:20190115T004545Z:a2b95206-a7f2-4f91-bbd6-bba3ba6d3bc8"
        ],
        "Date": [
          "Tue, 15 Jan 2019 00:45:44 GMT"
        ],
        "Content-Length": [
          "135"
        ],
        "Content-Type": [
          "application/json; charset=utf-8"
        ],
        "Expires": [
          "-1"
        ]
      },
      "ResponseBody": "{\r\n  \"properties\": {\r\n    \"suppressionId\": \"23f2ae3d-f99a-6935-2cfb-1e8ffd82ede5\",\r\n    \"ttl\": \"30\",\r\n    \"expirationTimeStamp\": \"2019-02-14T00:45:45.2180413Z\"\r\n  }\r\n}",
      "StatusCode": 200
    },
    {
      "RequestUri": "/subscriptions/658c8950-e79d-4704-a903-1df66ba90258/providers/Microsoft.Advisor/suppressions?api-version=2017-04-19",
      "EncodedRequestUri": "L3N1YnNjcmlwdGlvbnMvNjU4Yzg5NTAtZTc5ZC00NzA0LWE5MDMtMWRmNjZiYTkwMjU4L3Byb3ZpZGVycy9NaWNyb3NvZnQuQWR2aXNvci9zdXBwcmVzc2lvbnM/YXBpLXZlcnNpb249MjAxNy0wNC0xOQ==",
      "RequestMethod": "GET",
      "RequestBody": "",
      "RequestHeaders": {
        "x-ms-client-request-id": [
          "e3ed8002-9ea7-4c76-9b72-900944b974e1"
        ],
        "Accept-Language": [
          "en-US"
        ],
        "User-Agent": [
          "FxVersion/4.6.27129.04",
          "OSName/Windows",
          "OSVersion/Microsoft.Windows.10.0.17763.",
          "Microsoft.Azure.Management.Advisor.AdvisorManagementClient/0.9.5.0"
        ]
      },
      "ResponseHeaders": {
        "Cache-Control": [
          "no-cache"
        ],
        "Pragma": [
          "no-cache"
        ],
        "Strict-Transport-Security": [
          "max-age=31536000; includeSubDomains"
        ],
        "X-Content-Type-Options": [
          "nosniff"
        ],
        "Server": [
          "Microsoft-HTTPAPI/2.0"
        ],
        "x-ms-ratelimit-remaining-subscription-resource-requests": [
          "597"
        ],
        "x-ms-request-id": [
          "394281a6-d97c-402a-b147-c97b84246e42"
        ],
        "x-ms-correlation-request-id": [
          "394281a6-d97c-402a-b147-c97b84246e42"
        ],
        "x-ms-routing-request-id": [
          "WESTUS2:20190115T004545Z:394281a6-d97c-402a-b147-c97b84246e42"
        ],
        "Date": [
          "Tue, 15 Jan 2019 00:45:44 GMT"
        ],
        "Content-Length": [
          "1876"
        ],
        "Content-Type": [
          "application/json; charset=utf-8"
        ],
        "Expires": [
          "-1"
        ]
      },
      "ResponseBody": "{\r\n  \"value\": [\r\n    {\r\n      \"id\": \"/subscriptions/658c8950-e79d-4704-a903-1df66ba90258/resourcegroups/testing/providers/microsoft.storage/storageaccounts/fontcjk/providers/Microsoft.Advisor/recommendations/b0569f30-0351-b3ee-cce6-7a49ae76a06b/suppressions/HardcodedSuppressionName\",\r\n      \"name\": \"HardcodedSuppressionName\",\r\n      \"type\": \"Microsoft.Advisor/suppressions\",\r\n      \"properties\": {\r\n        \"suppressionId\": \"d58d5271-8bc5-9709-20bf-b1b150c8193b\",\r\n        \"ttl\": \"-1\"\r\n      }\r\n    },\r\n    {\r\n      \"id\": \"/subscriptions/658c8950-e79d-4704-a903-1df66ba90258/resourcegroups/xiaoyuh-dev/providers/microsoft.classicstorage/storageaccounts/xiaoyuhdev9950/providers/Microsoft.Advisor/recommendations/19293a95-e22d-d64a-59da-144036374fa1/suppressions/HardcodedSuppressionName\",\r\n      \"name\": \"HardcodedSuppressionName\",\r\n      \"type\": \"Microsoft.Advisor/suppressions\",\r\n      \"properties\": {\r\n        \"suppressionId\": \"f1134e2b-0f52-bcb2-dee6-7a7ba692156f\",\r\n        \"ttl\": \"14.00:00:00\",\r\n        \"expirationTimeStamp\": \"2019-01-23T21:55:56.8138255Z\"\r\n      }\r\n    },\r\n    {\r\n      \"id\": \"/subscriptions/658c8950-e79d-4704-a903-1df66ba90258/resourceGroups/jebaez-dev/providers/Microsoft.Sql/servers/advisorsqltest/databases/AdvisorDBTest/providers/Microsoft.Advisor/recommendations/0d68b028-5c00-4f2c-36b2-b0bfd1c11423/suppressions/HardcodedSuppressionName\",\r\n      \"name\": \"HardcodedSuppressionName\",\r\n      \"type\": \"Microsoft.Advisor/suppressions\",\r\n      \"properties\": {\r\n        \"suppressionId\": \"d8b6b697-3ee5-1c30-dc30-674b157536fd\",\r\n        \"ttl\": \"7.00:00:00\",\r\n        \"expirationTimeStamp\": \"2019-01-17T21:25:35.5234323Z\"\r\n      }\r\n    },\r\n    {\r\n      \"id\": \"/subscriptions/658c8950-e79d-4704-a903-1df66ba90258/resourceGroups/testing/providers/Microsoft.Storage/storageAccounts/fontcjk/providers/Microsoft.Advisor/recommendations/4fa2ff4f-dc90-9876-0723-1360fa9f4bd7/suppressions/HardcodedSuppressionName\",\r\n      \"name\": \"HardcodedSuppressionName\",\r\n      \"type\": \"Microsoft.Advisor/suppressions\",\r\n      \"properties\": {\r\n        \"suppressionId\": \"23f2ae3d-f99a-6935-2cfb-1e8ffd82ede5\",\r\n        \"ttl\": \"30.00:00:00\",\r\n        \"expirationTimeStamp\": \"2019-02-14T00:45:45.2180413Z\"\r\n      }\r\n    }\r\n  ]\r\n}",
      "StatusCode": 200
    }
  ],
  "Names": {},
  "Variables": {
    "SubscriptionId": "658c8950-e79d-4704-a903-1df66ba90258"
  }
}