{
  "Update-AzNetworkSecurityPerimeterAssociation+[NoContext]+UpdateExpanded+$GET+https://management.azure.com/subscriptions/3846cb0f-4afa-47ee-8ea4-1c8449c8c8d9/resourceGroups/kumarkaushal-PS-RG-1/providers/Microsoft.Network/networkSecurityPerimeters/t1g03t-nsp1/resourceAssociations/psassociation1?api-version=2021-02-01-preview+1": {
    "Request": {
      "Method": "GET",
      "RequestUri": "https://management.azure.com/subscriptions/3846cb0f-4afa-47ee-8ea4-1c8449c8c8d9/resourceGroups/kumarkaushal-PS-RG-1/providers/Microsoft.Network/networkSecurityPerimeters/t1g03t-nsp1/resourceAssociations/psassociation1?api-version=2021-02-01-preview",
      "Content": null,
      "isContentBase64": false,
      "Headers": {
        "x-ms-unique-id": [ "42" ],
        "x-ms-client-request-id": [ "b05b5c0c-d9dd-4f79-9650-13dab85724e9" ],
        "CommandName": [ "Get-AzNetworkSecurityPerimeterAssociation" ],
        "FullCommandName": [ "Get-AzNetworkSecurityPerimeterAssociation_Get" ],
        "ParameterSetName": [ "__AllParameterSets" ],
        "User-Agent": [ "AzurePowershell/v8.0.0", "PSVersion/v7.2.5", "Az.NetworkSecurityPerimeter/0.1.0" ],
        "Authorization": [ "[Filtered]" ]
      },
      "ContentHeaders": {
      }
    },
    "Response": {
      "StatusCode": 200,
      "Headers": {
        "Cache-Control": [ "no-cache" ],
        "Pragma": [ "no-cache" ],
        "x-ms-ratelimit-remaining-subscription-reads": [ "11970" ],
        "Strict-Transport-Security": [ "max-age=31536000; includeSubDomains" ],
        "Server": [ "Kestrel" ],
        "x-ms-request-id": [ "c4fafcd1-944b-4b4b-b259-bc1fd801a838" ],
        "x-ms-correlation-request-id": [ "c4fafcd1-944b-4b4b-b259-bc1fd801a838" ],
        "x-ms-routing-request-id": [ "SOUTHINDIA:20220806T110125Z:c4fafcd1-944b-4b4b-b259-bc1fd801a838" ],
        "X-Content-Type-Options": [ "nosniff" ],
        "Date": [ "Sat, 06 Aug 2022 11:01:25 GMT" ]
      },
      "ContentHeaders": {
        "Content-Length": [ "759" ],
        "Content-Type": [ "application/json; charset=utf-8" ],
        "Expires": [ "-1" ]
      },
      "Content": "{\"name\":\"psassociation1\",\"id\":\"/subscriptions/3846cb0f-4afa-47ee-8ea4-1c8449c8c8d9/resourceGroups/kumarkaushal-PS-RG-1/providers/Microsoft.Network/networkSecurityPerimeters/t1g03t-nsp1/resourceAssociations/psassociation1\",\"type\":\"Microsoft.Network/networkSecurityPerimeters/resourceAssociations\",\"properties\":{\"privateLinkResource\":{\"id\":\"/subscriptions/3846cb0f-4afa-47ee-8ea4-1c8449c8c8d9/resourceGroups/kumarkaushal-PS-RG-1/providers/Microsoft.KeyVault/vaults/t1g03t-paas4Rp\"},\"profile\":{\"id\":\"/subscriptions/3846cb0f-4afa-47ee-8ea4-1c8449c8c8d9/resourceGroups/kumarkaushal-PS-RG-1/providers/Microsoft.Network/networkSecurityPerimeters/t1g03t-nsp1/profiles/t-profile2\"},\"accessMode\":\"Learning\",\"provisioningState\":\"Succeeded\",\"hasProvisioningIssues\":\"no\"}}",
      "isContentBase64": false
    }
  },
  "Update-AzNetworkSecurityPerimeterAssociation+[NoContext]+UpdateExpanded+$GET+https://management.azure.com/subscriptions/3846cb0f-4afa-47ee-8ea4-1c8449c8c8d9/resourceGroups/kumarkaushal-PS-RG-1/providers/Microsoft.Network/networkSecurityPerimeters/t1g03t-nsp1/resourceAssociations/psassociation1?api-version=2021-02-01-preview+2": {
    "Request": {
      "Method": "GET",
      "RequestUri": "https://management.azure.com/subscriptions/3846cb0f-4afa-47ee-8ea4-1c8449c8c8d9/resourceGroups/kumarkaushal-PS-RG-1/providers/Microsoft.Network/networkSecurityPerimeters/t1g03t-nsp1/resourceAssociations/psassociation1?api-version=2021-02-01-preview",
      "Content": null,
      "isContentBase64": false,
      "Headers": {
        "x-ms-unique-id": [ "43" ],
        "x-ms-client-request-id": [ "67704ad5-9253-4cdd-8107-23940378f286" ],
        "CommandName": [ "Get-AzNetworkSecurityPerimeterAssociation" ],
        "FullCommandName": [ "Get-AzNetworkSecurityPerimeterAssociation_Get" ],
        "ParameterSetName": [ "__AllParameterSets" ],
        "User-Agent": [ "AzurePowershell/v8.0.0", "PSVersion/v7.2.5", "Az.NetworkSecurityPerimeter/0.1.0" ],
        "Authorization": [ "[Filtered]" ]
      },
      "ContentHeaders": {
      }
    },
    "Response": {
      "StatusCode": 200,
      "Headers": {
        "Cache-Control": [ "no-cache" ],
        "Pragma": [ "no-cache" ],
        "x-ms-ratelimit-remaining-subscription-reads": [ "11969" ],
        "Strict-Transport-Security": [ "max-age=31536000; includeSubDomains" ],
        "Server": [ "Kestrel" ],
        "x-ms-request-id": [ "d2f60d7e-a931-43c6-9877-55d1a74e2fb8" ],
        "x-ms-correlation-request-id": [ "d2f60d7e-a931-43c6-9877-55d1a74e2fb8" ],
        "x-ms-routing-request-id": [ "SOUTHINDIA:20220806T110126Z:d2f60d7e-a931-43c6-9877-55d1a74e2fb8" ],
        "X-Content-Type-Options": [ "nosniff" ],
        "Date": [ "Sat, 06 Aug 2022 11:01:26 GMT" ]
      },
      "ContentHeaders": {
        "Content-Length": [ "759" ],
        "Content-Type": [ "application/json; charset=utf-8" ],
        "Expires": [ "-1" ]
      },
      "Content": "{\"name\":\"psassociation1\",\"id\":\"/subscriptions/3846cb0f-4afa-47ee-8ea4-1c8449c8c8d9/resourceGroups/kumarkaushal-PS-RG-1/providers/Microsoft.Network/networkSecurityPerimeters/t1g03t-nsp1/resourceAssociations/psassociation1\",\"type\":\"Microsoft.Network/networkSecurityPerimeters/resourceAssociations\",\"properties\":{\"privateLinkResource\":{\"id\":\"/subscriptions/3846cb0f-4afa-47ee-8ea4-1c8449c8c8d9/resourceGroups/kumarkaushal-PS-RG-1/providers/Microsoft.KeyVault/vaults/t1g03t-paas4Rp\"},\"profile\":{\"id\":\"/subscriptions/3846cb0f-4afa-47ee-8ea4-1c8449c8c8d9/resourceGroups/kumarkaushal-PS-RG-1/providers/Microsoft.Network/networkSecurityPerimeters/t1g03t-nsp1/profiles/t-profile2\"},\"accessMode\":\"Learning\",\"provisioningState\":\"Succeeded\",\"hasProvisioningIssues\":\"no\"}}",
      "isContentBase64": false
    }
  },
  "Update-AzNetworkSecurityPerimeterAssociation+[NoContext]+UpdateExpanded+$PUT+https://management.azure.com/subscriptions/3846cb0f-4afa-47ee-8ea4-1c8449c8c8d9/resourceGroups/kumarkaushal-PS-RG-1/providers/Microsoft.Network/networkSecurityPerimeters/t1g03t-nsp1/resourceAssociations/psassociation1?api-version=2021-02-01-preview+3": {
    "Request": {
      "Method": "PUT",
      "RequestUri": "https://management.azure.com/subscriptions/3846cb0f-4afa-47ee-8ea4-1c8449c8c8d9/resourceGroups/kumarkaushal-PS-RG-1/providers/Microsoft.Network/networkSecurityPerimeters/t1g03t-nsp1/resourceAssociations/psassociation1?api-version=2021-02-01-preview",
      "Content": "{\r\n  \"properties\": {\r\n    \"privateLinkResource\": {\r\n      \"id\": \"/subscriptions/3846cb0f-4afa-47ee-8ea4-1c8449c8c8d9/resourceGroups/kumarkaushal-PS-RG-1/providers/Microsoft.KeyVault/vaults/t1g03t-paas4Rp\"\r\n    },\r\n    \"profile\": {\r\n      \"id\": \"/subscriptions/3846cb0f-4afa-47ee-8ea4-1c8449c8c8d9/resourceGroups/kumarkaushal-PS-RG-1/providers/Microsoft.Network/networkSecurityPerimeters/t1g03t-nsp1/profiles/t-profile2\"\r\n    },\r\n    \"accessMode\": \"Enforced\"\r\n  }\r\n}",
      "isContentBase64": false,
      "Headers": {
      },
      "ContentHeaders": {
        "Content-Type": [ "application/json" ],
        "Content-Length": [ "465" ]
      }
    },
    "Response": {
      "StatusCode": 200,
      "Headers": {
        "Cache-Control": [ "no-cache" ],
        "Pragma": [ "no-cache" ],
        "x-ms-ratelimit-remaining-subscription-writes": [ "1192" ],
        "Strict-Transport-Security": [ "max-age=31536000; includeSubDomains" ],
        "Server": [ "Kestrel" ],
        "x-ms-request-id": [ "a5b0f5cf-4c39-4331-bd94-c3db2db4b026" ],
        "x-ms-correlation-request-id": [ "a5b0f5cf-4c39-4331-bd94-c3db2db4b026" ],
        "x-ms-routing-request-id": [ "SOUTHINDIA:20220806T110127Z:a5b0f5cf-4c39-4331-bd94-c3db2db4b026" ],
        "X-Content-Type-Options": [ "nosniff" ],
        "Date": [ "Sat, 06 Aug 2022 11:01:27 GMT" ]
      },
      "ContentHeaders": {
        "Content-Length": [ "758" ],
        "Content-Type": [ "application/json; charset=utf-8" ],
        "Expires": [ "-1" ]
      },
      "Content": "{\"name\":\"psassociation1\",\"id\":\"/subscriptions/3846cb0f-4afa-47ee-8ea4-1c8449c8c8d9/resourceGroups/kumarkaushal-PS-RG-1/providers/Microsoft.Network/networkSecurityPerimeters/t1g03t-nsp1/resourceAssociations/psassociation1\",\"type\":\"Microsoft.Network/networkSecurityPerimeters/resourceAssociations\",\"properties\":{\"privateLinkResource\":{\"id\":\"/subscriptions/3846cb0f-4afa-47ee-8ea4-1c8449c8c8d9/resourceGroups/kumarkaushal-PS-RG-1/providers/Microsoft.KeyVault/vaults/t1g03t-paas4Rp\"},\"profile\":{\"id\":\"/subscriptions/3846cb0f-4afa-47ee-8ea4-1c8449c8c8d9/resourceGroups/kumarkaushal-PS-RG-1/providers/Microsoft.Network/networkSecurityPerimeters/t1g03t-nsp1/profiles/t-profile2\"},\"accessMode\":\"Enforced\",\"provisioningState\":\"Accepted\",\"hasProvisioningIssues\":\"no\"}}",
      "isContentBase64": false
    }
  },
  "Update-AzNetworkSecurityPerimeterAssociation+[NoContext]+UpdateViaIdentityExpanded+$GET+https://management.azure.com/subscriptions/3846cb0f-4afa-47ee-8ea4-1c8449c8c8d9/resourceGroups/kumarkaushal-PS-RG-1/providers/Microsoft.Network/networkSecurityPerimeters/t1g03t-nsp1/resourceAssociations/psassociation1?api-version=2021-02-01-preview+1": {
    "Request": {
      "Method": "GET",
      "RequestUri": "https://management.azure.com/subscriptions/3846cb0f-4afa-47ee-8ea4-1c8449c8c8d9/resourceGroups/kumarkaushal-PS-RG-1/providers/Microsoft.Network/networkSecurityPerimeters/t1g03t-nsp1/resourceAssociations/psassociation1?api-version=2021-02-01-preview",
      "Content": null,
      "isContentBase64": false,
      "Headers": {
        "x-ms-unique-id": [ "45" ],
        "x-ms-client-request-id": [ "3ccbc5e8-bf9a-44b5-a256-04d5cec348dc" ],
        "CommandName": [ "Get-AzNetworkSecurityPerimeterAssociation" ],
        "FullCommandName": [ "Get-AzNetworkSecurityPerimeterAssociation_Get" ],
        "ParameterSetName": [ "__AllParameterSets" ],
        "User-Agent": [ "AzurePowershell/v8.0.0", "PSVersion/v7.2.5", "Az.NetworkSecurityPerimeter/0.1.0" ],
        "Authorization": [ "[Filtered]" ]
      },
      "ContentHeaders": {
      }
    },
    "Response": {
      "StatusCode": 200,
      "Headers": {
        "Cache-Control": [ "no-cache" ],
        "Pragma": [ "no-cache" ],
        "x-ms-ratelimit-remaining-subscription-reads": [ "11968" ],
        "Strict-Transport-Security": [ "max-age=31536000; includeSubDomains" ],
        "Server": [ "Kestrel" ],
        "x-ms-request-id": [ "81b9c1b2-c3a4-4efd-a242-8eac01e98c8f" ],
        "x-ms-correlation-request-id": [ "81b9c1b2-c3a4-4efd-a242-8eac01e98c8f" ],
        "x-ms-routing-request-id": [ "SOUTHINDIA:20220806T110128Z:81b9c1b2-c3a4-4efd-a242-8eac01e98c8f" ],
        "X-Content-Type-Options": [ "nosniff" ],
        "Date": [ "Sat, 06 Aug 2022 11:01:28 GMT" ]
      },
      "ContentHeaders": {
        "Content-Length": [ "759" ],
        "Content-Type": [ "application/json; charset=utf-8" ],
        "Expires": [ "-1" ]
      },
      "Content": "{\"name\":\"psassociation1\",\"id\":\"/subscriptions/3846cb0f-4afa-47ee-8ea4-1c8449c8c8d9/resourceGroups/kumarkaushal-PS-RG-1/providers/Microsoft.Network/networkSecurityPerimeters/t1g03t-nsp1/resourceAssociations/psassociation1\",\"type\":\"Microsoft.Network/networkSecurityPerimeters/resourceAssociations\",\"properties\":{\"privateLinkResource\":{\"id\":\"/subscriptions/3846cb0f-4afa-47ee-8ea4-1c8449c8c8d9/resourceGroups/kumarkaushal-PS-RG-1/providers/Microsoft.KeyVault/vaults/t1g03t-paas4Rp\"},\"profile\":{\"id\":\"/subscriptions/3846cb0f-4afa-47ee-8ea4-1c8449c8c8d9/resourceGroups/kumarkaushal-PS-RG-1/providers/Microsoft.Network/networkSecurityPerimeters/t1g03t-nsp1/profiles/t-profile2\"},\"accessMode\":\"Enforced\",\"provisioningState\":\"Succeeded\",\"hasProvisioningIssues\":\"no\"}}",
      "isContentBase64": false
    }
  },
  "Update-AzNetworkSecurityPerimeterAssociation+[NoContext]+UpdateViaIdentityExpanded+$GET+https://management.azure.com/subscriptions/3846cb0f-4afa-47ee-8ea4-1c8449c8c8d9/resourceGroups/kumarkaushal-PS-RG-1/providers/Microsoft.Network/networkSecurityPerimeters/t1g03t-nsp1/resourceAssociations/psassociation1?api-version=2021-02-01-preview+2": {
    "Request": {
      "Method": "GET",
      "RequestUri": "https://management.azure.com/subscriptions/3846cb0f-4afa-47ee-8ea4-1c8449c8c8d9/resourceGroups/kumarkaushal-PS-RG-1/providers/Microsoft.Network/networkSecurityPerimeters/t1g03t-nsp1/resourceAssociations/psassociation1?api-version=2021-02-01-preview",
      "Content": null,
      "isContentBase64": false,
      "Headers": {
        "x-ms-unique-id": [ "46" ],
        "x-ms-client-request-id": [ "3ac06f7a-78a9-41c9-8e5e-49b2937ad69f" ],
        "CommandName": [ "Get-AzNetworkSecurityPerimeterAssociation" ],
        "FullCommandName": [ "Get-AzNetworkSecurityPerimeterAssociation_GetViaIdentity" ],
        "ParameterSetName": [ "__AllParameterSets" ],
        "User-Agent": [ "AzurePowershell/v8.0.0", "PSVersion/v7.2.5", "Az.NetworkSecurityPerimeter/0.1.0" ],
        "Authorization": [ "[Filtered]" ]
      },
      "ContentHeaders": {
      }
    },
    "Response": {
      "StatusCode": 200,
      "Headers": {
        "Cache-Control": [ "no-cache" ],
        "Pragma": [ "no-cache" ],
        "x-ms-ratelimit-remaining-subscription-reads": [ "11967" ],
        "Strict-Transport-Security": [ "max-age=31536000; includeSubDomains" ],
        "Server": [ "Kestrel" ],
        "x-ms-request-id": [ "5def92d2-c5c1-4e37-b892-52c807ad4a81" ],
        "x-ms-correlation-request-id": [ "5def92d2-c5c1-4e37-b892-52c807ad4a81" ],
        "x-ms-routing-request-id": [ "SOUTHINDIA:20220806T110129Z:5def92d2-c5c1-4e37-b892-52c807ad4a81" ],
        "X-Content-Type-Options": [ "nosniff" ],
        "Date": [ "Sat, 06 Aug 2022 11:01:29 GMT" ]
      },
      "ContentHeaders": {
        "Content-Length": [ "759" ],
        "Content-Type": [ "application/json; charset=utf-8" ],
        "Expires": [ "-1" ]
      },
      "Content": "{\"name\":\"psassociation1\",\"id\":\"/subscriptions/3846cb0f-4afa-47ee-8ea4-1c8449c8c8d9/resourceGroups/kumarkaushal-PS-RG-1/providers/Microsoft.Network/networkSecurityPerimeters/t1g03t-nsp1/resourceAssociations/psassociation1\",\"type\":\"Microsoft.Network/networkSecurityPerimeters/resourceAssociations\",\"properties\":{\"privateLinkResource\":{\"id\":\"/subscriptions/3846cb0f-4afa-47ee-8ea4-1c8449c8c8d9/resourceGroups/kumarkaushal-PS-RG-1/providers/Microsoft.KeyVault/vaults/t1g03t-paas4Rp\"},\"profile\":{\"id\":\"/subscriptions/3846cb0f-4afa-47ee-8ea4-1c8449c8c8d9/resourceGroups/kumarkaushal-PS-RG-1/providers/Microsoft.Network/networkSecurityPerimeters/t1g03t-nsp1/profiles/t-profile2\"},\"accessMode\":\"Enforced\",\"provisioningState\":\"Succeeded\",\"hasProvisioningIssues\":\"no\"}}",
      "isContentBase64": false
    }
  },
  "Update-AzNetworkSecurityPerimeterAssociation+[NoContext]+UpdateViaIdentityExpanded+$PUT+https://management.azure.com/subscriptions/3846cb0f-4afa-47ee-8ea4-1c8449c8c8d9/resourceGroups/kumarkaushal-PS-RG-1/providers/Microsoft.Network/networkSecurityPerimeters/t1g03t-nsp1/resourceAssociations/psassociation1?api-version=2021-02-01-preview+3": {
    "Request": {
      "Method": "PUT",
      "RequestUri": "https://management.azure.com/subscriptions/3846cb0f-4afa-47ee-8ea4-1c8449c8c8d9/resourceGroups/kumarkaushal-PS-RG-1/providers/Microsoft.Network/networkSecurityPerimeters/t1g03t-nsp1/resourceAssociations/psassociation1?api-version=2021-02-01-preview",
      "Content": "{\r\n  \"properties\": {\r\n    \"privateLinkResource\": {\r\n      \"id\": \"/subscriptions/3846cb0f-4afa-47ee-8ea4-1c8449c8c8d9/resourceGroups/kumarkaushal-PS-RG-1/providers/Microsoft.KeyVault/vaults/t1g03t-paas4Rp\"\r\n    },\r\n    \"profile\": {\r\n      \"id\": \"/subscriptions/3846cb0f-4afa-47ee-8ea4-1c8449c8c8d9/resourceGroups/kumarkaushal-PS-RG-1/providers/Microsoft.Network/networkSecurityPerimeters/t1g03t-nsp1/profiles/t-profile2\"\r\n    },\r\n    \"accessMode\": \"Learning\"\r\n  }\r\n}",
      "isContentBase64": false,
      "Headers": {
      },
      "ContentHeaders": {
        "Content-Type": [ "application/json" ],
        "Content-Length": [ "465" ]
      }
    },
    "Response": {
      "StatusCode": 200,
      "Headers": {
        "Cache-Control": [ "no-cache" ],
        "Pragma": [ "no-cache" ],
        "x-ms-ratelimit-remaining-subscription-writes": [ "1191" ],
        "Strict-Transport-Security": [ "max-age=31536000; includeSubDomains" ],
        "Server": [ "Kestrel" ],
        "x-ms-request-id": [ "4f81d867-2921-4685-8629-802b128f9c11" ],
        "x-ms-correlation-request-id": [ "4f81d867-2921-4685-8629-802b128f9c11" ],
        "x-ms-routing-request-id": [ "SOUTHINDIA:20220806T110130Z:4f81d867-2921-4685-8629-802b128f9c11" ],
        "X-Content-Type-Options": [ "nosniff" ],
        "Date": [ "Sat, 06 Aug 2022 11:01:30 GMT" ]
      },
      "ContentHeaders": {
        "Content-Length": [ "758" ],
        "Content-Type": [ "application/json; charset=utf-8" ],
        "Expires": [ "-1" ]
      },
      "Content": "{\"name\":\"psassociation1\",\"id\":\"/subscriptions/3846cb0f-4afa-47ee-8ea4-1c8449c8c8d9/resourceGroups/kumarkaushal-PS-RG-1/providers/Microsoft.Network/networkSecurityPerimeters/t1g03t-nsp1/resourceAssociations/psassociation1\",\"type\":\"Microsoft.Network/networkSecurityPerimeters/resourceAssociations\",\"properties\":{\"privateLinkResource\":{\"id\":\"/subscriptions/3846cb0f-4afa-47ee-8ea4-1c8449c8c8d9/resourceGroups/kumarkaushal-PS-RG-1/providers/Microsoft.KeyVault/vaults/t1g03t-paas4Rp\"},\"profile\":{\"id\":\"/subscriptions/3846cb0f-4afa-47ee-8ea4-1c8449c8c8d9/resourceGroups/kumarkaushal-PS-RG-1/providers/Microsoft.Network/networkSecurityPerimeters/t1g03t-nsp1/profiles/t-profile2\"},\"accessMode\":\"Learning\",\"provisioningState\":\"Accepted\",\"hasProvisioningIssues\":\"no\"}}",
      "isContentBase64": false
    }
  }
}