{
  "Update-AzNetworkSecurityPerimeterAccessRule+[NoContext]+UpdateExpanded+$GET+https://management.azure.com/subscriptions/3846cb0f-4afa-47ee-8ea4-1c8449c8c8d9/resourceGroups/kumarkaushal-PS-RG-1/providers/Microsoft.Network/networkSecurityPerimeters/testt-nsp1/profiles/t-profile1/accessRules/t-ar1?api-version=2021-02-01-preview+1": {
    "Request": {
      "Method": "GET",
      "RequestUri": "https://management.azure.com/subscriptions/3846cb0f-4afa-47ee-8ea4-1c8449c8c8d9/resourceGroups/kumarkaushal-PS-RG-1/providers/Microsoft.Network/networkSecurityPerimeters/testt-nsp1/profiles/t-profile1/accessRules/t-ar1?api-version=2021-02-01-preview",
      "Content": null,
      "isContentBase64": false,
      "Headers": {
        "x-ms-unique-id": [ "34" ],
        "x-ms-client-request-id": [ "6fb64b74-d90c-484b-a1a4-375ef20dbe33" ],
        "CommandName": [ "Get-AzNetworkSecurityPerimeterAccessRule" ],
        "FullCommandName": [ "Get-AzNetworkSecurityPerimeterAccessRule_Get" ],
        "ParameterSetName": [ "__AllParameterSets" ],
        "User-Agent": [ "AzurePowershell/v8.0.0", "PSVersion/v7.2.5", "Az.NetworkSecurityPerimeter/0.1.0" ],
        "Authorization": [ "[Filtered]" ]
      },
      "ContentHeaders": {
      }
    },
    "Response": {
      "StatusCode": 200,
      "Headers": {
        "Cache-Control": [ "no-cache" ],
        "Pragma": [ "no-cache" ],
        "x-ms-ratelimit-remaining-subscription-reads": [ "11940" ],
        "Strict-Transport-Security": [ "max-age=31536000; includeSubDomains" ],
        "Server": [ "Kestrel" ],
        "x-ms-request-id": [ "bc78f646-b564-4f84-ae23-1d86488edfca" ],
        "x-ms-correlation-request-id": [ "bc78f646-b564-4f84-ae23-1d86488edfca" ],
        "x-ms-routing-request-id": [ "SOUTHINDIA:20220806T102405Z:bc78f646-b564-4f84-ae23-1d86488edfca" ],
        "X-Content-Type-Options": [ "nosniff" ],
        "Date": [ "Sat, 06 Aug 2022 10:24:05 GMT" ]
      },
      "ContentHeaders": {
        "Content-Length": [ "473" ],
        "Content-Type": [ "application/json; charset=utf-8" ],
        "Expires": [ "-1" ]
      },
      "Content": "{\"name\":\"t-ar1\",\"id\":\"/subscriptions/3846cb0f-4afa-47ee-8ea4-1c8449c8c8d9/resourceGroups/kumarkaushal-PS-RG-1/providers/Microsoft.Network/networkSecurityPerimeters/testt-nsp1/profiles/t-profile1/accessRules/t-ar1\",\"type\":\"Microsoft.Network/networkSecurityPerimeters/profiles/accessRules\",\"properties\":{\"provisioningState\":\"Succeeded\",\"direction\":\"Inbound\",\"addressPrefixes\":[\"10.10.0.0/16\"],\"fullyQualifiedDomainNames\":[],\"subscriptions\":[],\"networkSecurityPerimeters\":[]}}",
      "isContentBase64": false
    }
  },
  "Update-AzNetworkSecurityPerimeterAccessRule+[NoContext]+UpdateExpanded+$PUT+https://management.azure.com/subscriptions/3846cb0f-4afa-47ee-8ea4-1c8449c8c8d9/resourceGroups/kumarkaushal-PS-RG-1/providers/Microsoft.Network/networkSecurityPerimeters/testt-nsp1/profiles/t-profile1/accessRules/t-ar1?api-version=2021-02-01-preview+2": {
    "Request": {
      "Method": "PUT",
      "RequestUri": "https://management.azure.com/subscriptions/3846cb0f-4afa-47ee-8ea4-1c8449c8c8d9/resourceGroups/kumarkaushal-PS-RG-1/providers/Microsoft.Network/networkSecurityPerimeters/testt-nsp1/profiles/t-profile1/accessRules/t-ar1?api-version=2021-02-01-preview",
      "Content": "{\r\n  \"properties\": {\r\n    \"direction\": \"Inbound\",\r\n    \"addressPrefixes\": [ \"10.10.0.0/17\" ],\r\n    \"fullyQualifiedDomainNames\": [ ],\r\n    \"subscriptions\": [ ],\r\n    \"networkSecurityPerimeters\": [ ]\r\n  }\r\n}",
      "isContentBase64": false,
      "Headers": {
      },
      "ContentHeaders": {
        "Content-Type": [ "application/json" ],
        "Content-Length": [ "205" ]
      }
    },
    "Response": {
      "StatusCode": 200,
      "Headers": {
        "Cache-Control": [ "no-cache" ],
        "Pragma": [ "no-cache" ],
        "x-ms-ratelimit-remaining-subscription-writes": [ "1194" ],
        "Strict-Transport-Security": [ "max-age=31536000; includeSubDomains" ],
        "Server": [ "Kestrel" ],
        "x-ms-request-id": [ "6b5b4221-a963-499e-ad0b-46623723fe62" ],
        "x-ms-correlation-request-id": [ "6b5b4221-a963-499e-ad0b-46623723fe62" ],
        "x-ms-routing-request-id": [ "SOUTHINDIA:20220806T102406Z:6b5b4221-a963-499e-ad0b-46623723fe62" ],
        "X-Content-Type-Options": [ "nosniff" ],
        "Date": [ "Sat, 06 Aug 2022 10:24:06 GMT" ]
      },
      "ContentHeaders": {
        "Content-Length": [ "473" ],
        "Content-Type": [ "application/json; charset=utf-8" ],
        "Expires": [ "-1" ]
      },
      "Content": "{\"name\":\"t-ar1\",\"id\":\"/subscriptions/3846cb0f-4afa-47ee-8ea4-1c8449c8c8d9/resourceGroups/kumarkaushal-PS-RG-1/providers/Microsoft.Network/networkSecurityPerimeters/testt-nsp1/profiles/t-profile1/accessRules/t-ar1\",\"type\":\"Microsoft.Network/networkSecurityPerimeters/profiles/accessRules\",\"properties\":{\"provisioningState\":\"Succeeded\",\"direction\":\"Inbound\",\"addressPrefixes\":[\"10.10.0.0/17\"],\"fullyQualifiedDomainNames\":[],\"subscriptions\":[],\"networkSecurityPerimeters\":[]}}",
      "isContentBase64": false
    }
  },
  "Update-AzNetworkSecurityPerimeterAccessRule+[NoContext]+UpdateViaIdentityExpanded+$GET+https://management.azure.com/subscriptions/3846cb0f-4afa-47ee-8ea4-1c8449c8c8d9/resourceGroups/kumarkaushal-PS-RG-1/providers/Microsoft.Network/networkSecurityPerimeters/testt-nsp1/profiles/t-profile1/accessRules/t-ar1?api-version=2021-02-01-preview+1": {
    "Request": {
      "Method": "GET",
      "RequestUri": "https://management.azure.com/subscriptions/3846cb0f-4afa-47ee-8ea4-1c8449c8c8d9/resourceGroups/kumarkaushal-PS-RG-1/providers/Microsoft.Network/networkSecurityPerimeters/testt-nsp1/profiles/t-profile1/accessRules/t-ar1?api-version=2021-02-01-preview",
      "Content": null,
      "isContentBase64": false,
      "Headers": {
        "x-ms-unique-id": [ "36" ],
        "x-ms-client-request-id": [ "0e624c33-f1f8-412d-b704-b1c5d46216c0" ],
        "CommandName": [ "Get-AzNetworkSecurityPerimeterAccessRule" ],
        "FullCommandName": [ "Get-AzNetworkSecurityPerimeterAccessRule_Get" ],
        "ParameterSetName": [ "__AllParameterSets" ],
        "User-Agent": [ "AzurePowershell/v8.0.0", "PSVersion/v7.2.5", "Az.NetworkSecurityPerimeter/0.1.0" ],
        "Authorization": [ "[Filtered]" ]
      },
      "ContentHeaders": {
      }
    },
    "Response": {
      "StatusCode": 200,
      "Headers": {
        "Cache-Control": [ "no-cache" ],
        "Pragma": [ "no-cache" ],
        "x-ms-ratelimit-remaining-subscription-reads": [ "11939" ],
        "Strict-Transport-Security": [ "max-age=31536000; includeSubDomains" ],
        "Server": [ "Kestrel" ],
        "x-ms-request-id": [ "cee3dcbd-be8d-4a67-9715-da5457328824" ],
        "x-ms-correlation-request-id": [ "cee3dcbd-be8d-4a67-9715-da5457328824" ],
        "x-ms-routing-request-id": [ "SOUTHINDIA:20220806T102407Z:cee3dcbd-be8d-4a67-9715-da5457328824" ],
        "X-Content-Type-Options": [ "nosniff" ],
        "Date": [ "Sat, 06 Aug 2022 10:24:07 GMT" ]
      },
      "ContentHeaders": {
        "Content-Length": [ "473" ],
        "Content-Type": [ "application/json; charset=utf-8" ],
        "Expires": [ "-1" ]
      },
      "Content": "{\"name\":\"t-ar1\",\"id\":\"/subscriptions/3846cb0f-4afa-47ee-8ea4-1c8449c8c8d9/resourceGroups/kumarkaushal-PS-RG-1/providers/Microsoft.Network/networkSecurityPerimeters/testt-nsp1/profiles/t-profile1/accessRules/t-ar1\",\"type\":\"Microsoft.Network/networkSecurityPerimeters/profiles/accessRules\",\"properties\":{\"provisioningState\":\"Succeeded\",\"direction\":\"Inbound\",\"addressPrefixes\":[\"10.10.0.0/17\"],\"fullyQualifiedDomainNames\":[],\"subscriptions\":[],\"networkSecurityPerimeters\":[]}}",
      "isContentBase64": false
    }
  },
  "Update-AzNetworkSecurityPerimeterAccessRule+[NoContext]+UpdateViaIdentityExpanded+$GET+https://management.azure.com/subscriptions/3846cb0f-4afa-47ee-8ea4-1c8449c8c8d9/resourceGroups/kumarkaushal-PS-RG-1/providers/Microsoft.Network/networkSecurityPerimeters/testt-nsp1/profiles/t-profile1/accessRules/t-ar1?api-version=2021-02-01-preview+2": {
    "Request": {
      "Method": "GET",
      "RequestUri": "https://management.azure.com/subscriptions/3846cb0f-4afa-47ee-8ea4-1c8449c8c8d9/resourceGroups/kumarkaushal-PS-RG-1/providers/Microsoft.Network/networkSecurityPerimeters/testt-nsp1/profiles/t-profile1/accessRules/t-ar1?api-version=2021-02-01-preview",
      "Content": null,
      "isContentBase64": false,
      "Headers": {
        "x-ms-unique-id": [ "37" ],
        "x-ms-client-request-id": [ "00788603-39ca-4228-a58d-49ef911aaa04" ],
        "CommandName": [ "Get-AzNetworkSecurityPerimeterAccessRule" ],
        "FullCommandName": [ "Get-AzNetworkSecurityPerimeterAccessRule_GetViaIdentity" ],
        "ParameterSetName": [ "__AllParameterSets" ],
        "User-Agent": [ "AzurePowershell/v8.0.0", "PSVersion/v7.2.5", "Az.NetworkSecurityPerimeter/0.1.0" ],
        "Authorization": [ "[Filtered]" ]
      },
      "ContentHeaders": {
      }
    },
    "Response": {
      "StatusCode": 200,
      "Headers": {
        "Cache-Control": [ "no-cache" ],
        "Pragma": [ "no-cache" ],
        "x-ms-ratelimit-remaining-subscription-reads": [ "11938" ],
        "Strict-Transport-Security": [ "max-age=31536000; includeSubDomains" ],
        "Server": [ "Kestrel" ],
        "x-ms-request-id": [ "5e27d44e-85d2-48f4-bfa4-2c616e0b7ee2" ],
        "x-ms-correlation-request-id": [ "5e27d44e-85d2-48f4-bfa4-2c616e0b7ee2" ],
        "x-ms-routing-request-id": [ "SOUTHINDIA:20220806T102408Z:5e27d44e-85d2-48f4-bfa4-2c616e0b7ee2" ],
        "X-Content-Type-Options": [ "nosniff" ],
        "Date": [ "Sat, 06 Aug 2022 10:24:08 GMT" ]
      },
      "ContentHeaders": {
        "Content-Length": [ "473" ],
        "Content-Type": [ "application/json; charset=utf-8" ],
        "Expires": [ "-1" ]
      },
      "Content": "{\"name\":\"t-ar1\",\"id\":\"/subscriptions/3846cb0f-4afa-47ee-8ea4-1c8449c8c8d9/resourceGroups/kumarkaushal-PS-RG-1/providers/Microsoft.Network/networkSecurityPerimeters/testt-nsp1/profiles/t-profile1/accessRules/t-ar1\",\"type\":\"Microsoft.Network/networkSecurityPerimeters/profiles/accessRules\",\"properties\":{\"provisioningState\":\"Succeeded\",\"direction\":\"Inbound\",\"addressPrefixes\":[\"10.10.0.0/17\"],\"fullyQualifiedDomainNames\":[],\"subscriptions\":[],\"networkSecurityPerimeters\":[]}}",
      "isContentBase64": false
    }
  },
  "Update-AzNetworkSecurityPerimeterAccessRule+[NoContext]+UpdateViaIdentityExpanded+$PUT+https://management.azure.com/subscriptions/3846cb0f-4afa-47ee-8ea4-1c8449c8c8d9/resourceGroups/kumarkaushal-PS-RG-1/providers/Microsoft.Network/networkSecurityPerimeters/testt-nsp1/profiles/t-profile1/accessRules/t-ar1?api-version=2021-02-01-preview+3": {
    "Request": {
      "Method": "PUT",
      "RequestUri": "https://management.azure.com/subscriptions/3846cb0f-4afa-47ee-8ea4-1c8449c8c8d9/resourceGroups/kumarkaushal-PS-RG-1/providers/Microsoft.Network/networkSecurityPerimeters/testt-nsp1/profiles/t-profile1/accessRules/t-ar1?api-version=2021-02-01-preview",
      "Content": "{\r\n  \"properties\": {\r\n    \"direction\": \"Inbound\",\r\n    \"addressPrefixes\": [ \"10.0.0.0/16\" ],\r\n    \"fullyQualifiedDomainNames\": [ ],\r\n    \"subscriptions\": [ ],\r\n    \"networkSecurityPerimeters\": [ ]\r\n  }\r\n}",
      "isContentBase64": false,
      "Headers": {
      },
      "ContentHeaders": {
        "Content-Type": [ "application/json" ],
        "Content-Length": [ "204" ]
      }
    },
    "Response": {
      "StatusCode": 200,
      "Headers": {
        "Cache-Control": [ "no-cache" ],
        "Pragma": [ "no-cache" ],
        "x-ms-ratelimit-remaining-subscription-writes": [ "1193" ],
        "Strict-Transport-Security": [ "max-age=31536000; includeSubDomains" ],
        "Server": [ "Kestrel" ],
        "x-ms-request-id": [ "bc5d8473-0f93-43d0-9000-0182fef799d0" ],
        "x-ms-correlation-request-id": [ "bc5d8473-0f93-43d0-9000-0182fef799d0" ],
        "x-ms-routing-request-id": [ "SOUTHINDIA:20220806T102409Z:bc5d8473-0f93-43d0-9000-0182fef799d0" ],
        "X-Content-Type-Options": [ "nosniff" ],
        "Date": [ "Sat, 06 Aug 2022 10:24:08 GMT" ]
      },
      "ContentHeaders": {
        "Content-Length": [ "472" ],
        "Content-Type": [ "application/json; charset=utf-8" ],
        "Expires": [ "-1" ]
      },
      "Content": "{\"name\":\"t-ar1\",\"id\":\"/subscriptions/3846cb0f-4afa-47ee-8ea4-1c8449c8c8d9/resourceGroups/kumarkaushal-PS-RG-1/providers/Microsoft.Network/networkSecurityPerimeters/testt-nsp1/profiles/t-profile1/accessRules/t-ar1\",\"type\":\"Microsoft.Network/networkSecurityPerimeters/profiles/accessRules\",\"properties\":{\"provisioningState\":\"Succeeded\",\"direction\":\"Inbound\",\"addressPrefixes\":[\"10.0.0.0/16\"],\"fullyQualifiedDomainNames\":[],\"subscriptions\":[],\"networkSecurityPerimeters\":[]}}",
      "isContentBase64": false
    }
  },
  "Update-AzNetworkSecurityPerimeterAccessRule+[NoContext]+UpdateViaIdentityExpandedFQDN+$GET+https://management.azure.com/subscriptions/3846cb0f-4afa-47ee-8ea4-1c8449c8c8d9/resourceGroups/kumarkaushal-PS-RG-1/providers/Microsoft.Network/networkSecurityPerimeters/testt-nsp1/profiles/t-profile1/accessRules/t-ar2?api-version=2021-02-01-preview+1": {
    "Request": {
      "Method": "GET",
      "RequestUri": "https://management.azure.com/subscriptions/3846cb0f-4afa-47ee-8ea4-1c8449c8c8d9/resourceGroups/kumarkaushal-PS-RG-1/providers/Microsoft.Network/networkSecurityPerimeters/testt-nsp1/profiles/t-profile1/accessRules/t-ar2?api-version=2021-02-01-preview",
      "Content": null,
      "isContentBase64": false,
      "Headers": {
        "x-ms-unique-id": [ "39" ],
        "x-ms-client-request-id": [ "7e0e06cc-de27-49b5-84a4-75d47db253b4" ],
        "CommandName": [ "Get-AzNetworkSecurityPerimeterAccessRule" ],
        "FullCommandName": [ "Get-AzNetworkSecurityPerimeterAccessRule_Get" ],
        "ParameterSetName": [ "__AllParameterSets" ],
        "User-Agent": [ "AzurePowershell/v8.0.0", "PSVersion/v7.2.5", "Az.NetworkSecurityPerimeter/0.1.0" ],
        "Authorization": [ "[Filtered]" ]
      },
      "ContentHeaders": {
      }
    },
    "Response": {
      "StatusCode": 200,
      "Headers": {
        "Cache-Control": [ "no-cache" ],
        "Pragma": [ "no-cache" ],
        "x-ms-ratelimit-remaining-subscription-reads": [ "11937" ],
        "Strict-Transport-Security": [ "max-age=31536000; includeSubDomains" ],
        "Server": [ "Kestrel" ],
        "x-ms-request-id": [ "96775819-5758-40f2-b895-58aebbe9a948" ],
        "x-ms-correlation-request-id": [ "96775819-5758-40f2-b895-58aebbe9a948" ],
        "x-ms-routing-request-id": [ "SOUTHINDIA:20220806T102409Z:96775819-5758-40f2-b895-58aebbe9a948" ],
        "X-Content-Type-Options": [ "nosniff" ],
        "Date": [ "Sat, 06 Aug 2022 10:24:09 GMT" ]
      },
      "ContentHeaders": {
        "Content-Length": [ "463" ],
        "Content-Type": [ "application/json; charset=utf-8" ],
        "Expires": [ "-1" ]
      },
      "Content": "{\"name\":\"t-ar2\",\"id\":\"/subscriptions/3846cb0f-4afa-47ee-8ea4-1c8449c8c8d9/resourceGroups/kumarkaushal-PS-RG-1/providers/Microsoft.Network/networkSecurityPerimeters/testt-nsp1/profiles/t-profile1/accessRules/t-ar2\",\"type\":\"Microsoft.Network/networkSecurityPerimeters/profiles/accessRules\",\"properties\":{\"provisioningState\":\"Succeeded\",\"direction\":\"Outbound\",\"addressPrefixes\":[],\"fullyQualifiedDomainNames\":[\"*\"],\"subscriptions\":[],\"networkSecurityPerimeters\":[]}}",
      "isContentBase64": false
    }
  },
  "Update-AzNetworkSecurityPerimeterAccessRule+[NoContext]+UpdateViaIdentityExpandedFQDN+$GET+https://management.azure.com/subscriptions/3846cb0f-4afa-47ee-8ea4-1c8449c8c8d9/resourceGroups/kumarkaushal-PS-RG-1/providers/Microsoft.Network/networkSecurityPerimeters/testt-nsp1/profiles/t-profile1/accessRules/t-ar2?api-version=2021-02-01-preview+2": {
    "Request": {
      "Method": "GET",
      "RequestUri": "https://management.azure.com/subscriptions/3846cb0f-4afa-47ee-8ea4-1c8449c8c8d9/resourceGroups/kumarkaushal-PS-RG-1/providers/Microsoft.Network/networkSecurityPerimeters/testt-nsp1/profiles/t-profile1/accessRules/t-ar2?api-version=2021-02-01-preview",
      "Content": null,
      "isContentBase64": false,
      "Headers": {
        "x-ms-unique-id": [ "40" ],
        "x-ms-client-request-id": [ "e8e1c04d-2079-4189-8c62-706f4fbcca03" ],
        "CommandName": [ "Get-AzNetworkSecurityPerimeterAccessRule" ],
        "FullCommandName": [ "Get-AzNetworkSecurityPerimeterAccessRule_GetViaIdentity" ],
        "ParameterSetName": [ "__AllParameterSets" ],
        "User-Agent": [ "AzurePowershell/v8.0.0", "PSVersion/v7.2.5", "Az.NetworkSecurityPerimeter/0.1.0" ],
        "Authorization": [ "[Filtered]" ]
      },
      "ContentHeaders": {
      }
    },
    "Response": {
      "StatusCode": 200,
      "Headers": {
        "Cache-Control": [ "no-cache" ],
        "Pragma": [ "no-cache" ],
        "x-ms-ratelimit-remaining-subscription-reads": [ "11936" ],
        "Strict-Transport-Security": [ "max-age=31536000; includeSubDomains" ],
        "Server": [ "Kestrel" ],
        "x-ms-request-id": [ "737767f6-8676-4ae4-b8c1-df5dd004aaf0" ],
        "x-ms-correlation-request-id": [ "737767f6-8676-4ae4-b8c1-df5dd004aaf0" ],
        "x-ms-routing-request-id": [ "SOUTHINDIA:20220806T102410Z:737767f6-8676-4ae4-b8c1-df5dd004aaf0" ],
        "X-Content-Type-Options": [ "nosniff" ],
        "Date": [ "Sat, 06 Aug 2022 10:24:10 GMT" ]
      },
      "ContentHeaders": {
        "Content-Length": [ "463" ],
        "Content-Type": [ "application/json; charset=utf-8" ],
        "Expires": [ "-1" ]
      },
      "Content": "{\"name\":\"t-ar2\",\"id\":\"/subscriptions/3846cb0f-4afa-47ee-8ea4-1c8449c8c8d9/resourceGroups/kumarkaushal-PS-RG-1/providers/Microsoft.Network/networkSecurityPerimeters/testt-nsp1/profiles/t-profile1/accessRules/t-ar2\",\"type\":\"Microsoft.Network/networkSecurityPerimeters/profiles/accessRules\",\"properties\":{\"provisioningState\":\"Succeeded\",\"direction\":\"Outbound\",\"addressPrefixes\":[],\"fullyQualifiedDomainNames\":[\"*\"],\"subscriptions\":[],\"networkSecurityPerimeters\":[]}}",
      "isContentBase64": false
    }
  },
  "Update-AzNetworkSecurityPerimeterAccessRule+[NoContext]+UpdateViaIdentityExpandedFQDN+$PUT+https://management.azure.com/subscriptions/3846cb0f-4afa-47ee-8ea4-1c8449c8c8d9/resourceGroups/kumarkaushal-PS-RG-1/providers/Microsoft.Network/networkSecurityPerimeters/testt-nsp1/profiles/t-profile1/accessRules/t-ar2?api-version=2021-02-01-preview+3": {
    "Request": {
      "Method": "PUT",
      "RequestUri": "https://management.azure.com/subscriptions/3846cb0f-4afa-47ee-8ea4-1c8449c8c8d9/resourceGroups/kumarkaushal-PS-RG-1/providers/Microsoft.Network/networkSecurityPerimeters/testt-nsp1/profiles/t-profile1/accessRules/t-ar2?api-version=2021-02-01-preview",
      "Content": "{\r\n  \"properties\": {\r\n    \"direction\": \"Outbound\",\r\n    \"addressPrefixes\": [ ],\r\n    \"fullyQualifiedDomainNames\": [ \"microsoft.com\", \"nsp.microsoft.com\" ],\r\n    \"subscriptions\": [ ],\r\n    \"networkSecurityPerimeters\": [ ]\r\n  }\r\n}",
      "isContentBase64": false,
      "Headers": {
      },
      "ContentHeaders": {
        "Content-Type": [ "application/json" ],
        "Content-Length": [ "228" ]
      }
    },
    "Response": {
      "StatusCode": 200,
      "Headers": {
        "Cache-Control": [ "no-cache" ],
        "Pragma": [ "no-cache" ],
        "x-ms-ratelimit-remaining-subscription-writes": [ "1192" ],
        "Strict-Transport-Security": [ "max-age=31536000; includeSubDomains" ],
        "Server": [ "Kestrel" ],
        "x-ms-request-id": [ "ec2fbaf4-2f43-4e6a-9a43-38c9fbeb532e" ],
        "x-ms-correlation-request-id": [ "ec2fbaf4-2f43-4e6a-9a43-38c9fbeb532e" ],
        "x-ms-routing-request-id": [ "SOUTHINDIA:20220806T102411Z:ec2fbaf4-2f43-4e6a-9a43-38c9fbeb532e" ],
        "X-Content-Type-Options": [ "nosniff" ],
        "Date": [ "Sat, 06 Aug 2022 10:24:10 GMT" ]
      },
      "ContentHeaders": {
        "Content-Length": [ "495" ],
        "Content-Type": [ "application/json; charset=utf-8" ],
        "Expires": [ "-1" ]
      },
      "Content": "{\"name\":\"t-ar2\",\"id\":\"/subscriptions/3846cb0f-4afa-47ee-8ea4-1c8449c8c8d9/resourceGroups/kumarkaushal-PS-RG-1/providers/Microsoft.Network/networkSecurityPerimeters/testt-nsp1/profiles/t-profile1/accessRules/t-ar2\",\"type\":\"Microsoft.Network/networkSecurityPerimeters/profiles/accessRules\",\"properties\":{\"provisioningState\":\"Succeeded\",\"direction\":\"Outbound\",\"addressPrefixes\":[],\"fullyQualifiedDomainNames\":[\"microsoft.com\",\"nsp.microsoft.com\"],\"subscriptions\":[],\"networkSecurityPerimeters\":[]}}",
      "isContentBase64": false
    }
  }
}