{
  "Entries": [
    {
      "RequestUri": "/subscriptions/4c552dc7-a66c-4fb3-a3ee-0941f36833f6/providers/Microsoft.Media?api-version=2016-02-01",
      "EncodedRequestUri": "L3N1YnNjcmlwdGlvbnMvNGM1NTJkYzctYTY2Yy00ZmIzLWEzZWUtMDk0MWYzNjgzM2Y2L3Byb3ZpZGVycy9NaWNyb3NvZnQuTWVkaWE/YXBpLXZlcnNpb249MjAxNi0wMi0wMQ==",
      "RequestMethod": "GET",
      "RequestBody": "",
      "RequestHeaders": {
        "User-Agent": [
          "Microsoft.Azure.Management.Resources.ResourceManagementClient/2.0.0.0"
        ]
      },
      "ResponseBody": "{\r\n  \"id\": \"/subscriptions/4c552dc7-a66c-4fb3-a3ee-0941f36833f6/providers/Microsoft.Media\",\r\n  \"namespace\": \"Microsoft.Media\",\r\n  \"authorization\": {\r\n    \"applicationId\": \"374b2a64-3b6b-436b-934c-b820eacca870\",\r\n    \"roleDefinitionId\": \"aab70789-0cec-44b5-95d7-84b64c9487af\"\r\n  },\r\n  \"resourceTypes\": [\r\n    {\r\n      \"resourceType\": \"mediaservices\",\r\n      \"locations\": [\r\n        \"Japan West\",\r\n        \"Japan East\",\r\n        \"East Asia\",\r\n        \"Southeast Asia\",\r\n        \"West Europe\",\r\n        \"North Europe\",\r\n        \"East US\",\r\n        \"West US\",\r\n        \"Australia East\",\r\n        \"Australia Southeast\",\r\n        \"Central US\",\r\n        \"Brazil South\",\r\n        \"Central India\",\r\n        \"West India\",\r\n        \"South India\",\r\n        \"South Central US\",\r\n        \"Canada Central\",\r\n        \"Canada East\"\r\n      ],\r\n      \"apiVersions\": [\r\n        \"2015-10-01\",\r\n        \"2015-04-01\"\r\n      ],\r\n      \"capabilities\": \"CrossResourceGroupResourceMove, CrossSubscriptionResourceMove\"\r\n    },\r\n    {\r\n      \"resourceType\": \"operations\",\r\n      \"locations\": [],\r\n      \"apiVersions\": [\r\n        \"2015-10-01\",\r\n        \"2015-04-01\"\r\n      ]\r\n    },\r\n    {\r\n      \"resourceType\": \"checknameavailability\",\r\n      \"locations\": [],\r\n      \"apiVersions\": [\r\n        \"2015-10-01\",\r\n        \"2015-04-01\"\r\n      ]\r\n    }\r\n  ],\r\n  \"registrationState\": \"Registered\"\r\n}",
      "ResponseHeaders": {
        "Content-Length": [
          "915"
        ],
        "Content-Type": [
          "application/json; charset=utf-8"
        ],
        "Expires": [
          "-1"
        ],
        "Pragma": [
          "no-cache"
        ],
        "x-ms-ratelimit-remaining-subscription-reads": [
          "14994"
        ],
        "x-ms-request-id": [
          "423f6cf4-f98b-4f51-8032-b97e3029574d"
        ],
        "x-ms-correlation-request-id": [
          "423f6cf4-f98b-4f51-8032-b97e3029574d"
        ],
        "x-ms-routing-request-id": [
          "WESTUS2:20160729T012918Z:423f6cf4-f98b-4f51-8032-b97e3029574d"
        ],
        "Strict-Transport-Security": [
          "max-age=31536000; includeSubDomains"
        ],
        "Cache-Control": [
          "no-cache"
        ],
        "Date": [
          "Fri, 29 Jul 2016 01:29:18 GMT"
        ]
      },
      "StatusCode": 200
    },
    {
      "RequestUri": "/subscriptions/4c552dc7-a66c-4fb3-a3ee-0941f36833f6/resourcegroups/pstestrg1960?api-version=2016-02-01",
      "EncodedRequestUri": "L3N1YnNjcmlwdGlvbnMvNGM1NTJkYzctYTY2Yy00ZmIzLWEzZWUtMDk0MWYzNjgzM2Y2L3Jlc291cmNlZ3JvdXBzL3BzdGVzdHJnMTk2MD9hcGktdmVyc2lvbj0yMDE2LTAyLTAx",
      "RequestMethod": "PUT",
      "RequestBody": "{\r\n  \"location\": \"East US\"\r\n}",
      "RequestHeaders": {
        "Content-Type": [
          "application/json; charset=utf-8"
        ],
        "Content-Length": [
          "29"
        ],
        "User-Agent": [
          "Microsoft.Azure.Management.Resources.ResourceManagementClient/2.0.0.0"
        ]
      },
      "ResponseBody": "{\r\n  \"id\": \"/subscriptions/4c552dc7-a66c-4fb3-a3ee-0941f36833f6/resourceGroups/pstestrg1960\",\r\n  \"name\": \"pstestrg1960\",\r\n  \"location\": \"eastus\",\r\n  \"properties\": {\r\n    \"provisioningState\": \"Succeeded\"\r\n  }\r\n}",
      "ResponseHeaders": {
        "Content-Length": [
          "177"
        ],
        "Content-Type": [
          "application/json; charset=utf-8"
        ],
        "Expires": [
          "-1"
        ],
        "Pragma": [
          "no-cache"
        ],
        "x-ms-ratelimit-remaining-subscription-writes": [
          "1197"
        ],
        "x-ms-request-id": [
          "a11494e9-2f6d-4d84-bdac-a771b18af56f"
        ],
        "x-ms-correlation-request-id": [
          "a11494e9-2f6d-4d84-bdac-a771b18af56f"
        ],
        "x-ms-routing-request-id": [
          "WESTUS2:20160729T012920Z:a11494e9-2f6d-4d84-bdac-a771b18af56f"
        ],
        "Strict-Transport-Security": [
          "max-age=31536000; includeSubDomains"
        ],
        "Cache-Control": [
          "no-cache"
        ],
        "Date": [
          "Fri, 29 Jul 2016 01:29:20 GMT"
        ]
      },
      "StatusCode": 201
    },
    {
      "RequestUri": "/subscriptions/4c552dc7-a66c-4fb3-a3ee-0941f36833f6/resourceGroups/pstestrg1960/providers/Microsoft.Storage/storageAccounts/stopstestrg1960?api-version=2015-06-15",
      "EncodedRequestUri": "L3N1YnNjcmlwdGlvbnMvNGM1NTJkYzctYTY2Yy00ZmIzLWEzZWUtMDk0MWYzNjgzM2Y2L3Jlc291cmNlR3JvdXBzL3BzdGVzdHJnMTk2MC9wcm92aWRlcnMvTWljcm9zb2Z0LlN0b3JhZ2Uvc3RvcmFnZUFjY291bnRzL3N0b3BzdGVzdHJnMTk2MD9hcGktdmVyc2lvbj0yMDE1LTA2LTE1",
      "RequestMethod": "PUT",
      "RequestBody": "{\r\n  \"location\": \"East US\",\r\n  \"properties\": {\r\n    \"accountType\": \"Standard_GRS\"\r\n  }\r\n}",
      "RequestHeaders": {
        "Content-Type": [
          "application/json"
        ],
        "Content-Length": [
          "89"
        ],
        "x-ms-client-request-id": [
          "9788f96d-0830-4b68-9ce9-1b903ac8b71f"
        ],
        "User-Agent": [
          "Microsoft.Azure.Management.Storage.StorageManagementClient/3.0.0.0"
        ]
      },
      "ResponseBody": "",
      "ResponseHeaders": {
        "Content-Length": [
          "0"
        ],
        "Expires": [
          "-1"
        ],
        "Pragma": [
          "no-cache"
        ],
        "Retry-After": [
          "25"
        ],
        "x-ms-ratelimit-remaining-subscription-writes": [
          "1199"
        ],
        "x-ms-request-id": [
          "5208bbb0-cb82-4511-8177-9ad672250542"
        ],
        "Cache-Control": [
          "no-cache"
        ],
        "Location": [
          "https://management.azure.com/subscriptions/4c552dc7-a66c-4fb3-a3ee-0941f36833f6/providers/Microsoft.Storage/operations/ec18404e-b61d-4ddb-9efc-96430b7c3ba3?monitor=true&api-version=2015-06-15"
        ],
        "Server": [
          "Microsoft-Azure-Storage-Resource-Provider/1.0",
          "Microsoft-HTTPAPI/2.0"
        ],
        "x-ms-correlation-request-id": [
          "5208bbb0-cb82-4511-8177-9ad672250542"
        ],
        "x-ms-routing-request-id": [
          "WESTUS2:20160729T012922Z:5208bbb0-cb82-4511-8177-9ad672250542"
        ],
        "Strict-Transport-Security": [
          "max-age=31536000; includeSubDomains"
        ],
        "Date": [
          "Fri, 29 Jul 2016 01:29:22 GMT"
        ]
      },
      "StatusCode": 202
    },
    {
      "RequestUri": "/subscriptions/4c552dc7-a66c-4fb3-a3ee-0941f36833f6/providers/Microsoft.Storage/operations/ec18404e-b61d-4ddb-9efc-96430b7c3ba3?monitor=true&api-version=2015-06-15",
      "EncodedRequestUri": "L3N1YnNjcmlwdGlvbnMvNGM1NTJkYzctYTY2Yy00ZmIzLWEzZWUtMDk0MWYzNjgzM2Y2L3Byb3ZpZGVycy9NaWNyb3NvZnQuU3RvcmFnZS9vcGVyYXRpb25zL2VjMTg0MDRlLWI2MWQtNGRkYi05ZWZjLTk2NDMwYjdjM2JhMz9tb25pdG9yPXRydWUmYXBpLXZlcnNpb249MjAxNS0wNi0xNQ==",
      "RequestMethod": "GET",
      "RequestBody": "",
      "RequestHeaders": {
        "x-ms-client-request-id": [
          "0a8f3ac6-eaf3-42b9-86fc-2dbc2d7a33ad"
        ],
        "User-Agent": [
          "Microsoft.Azure.Management.Storage.StorageManagementClient/3.0.0.0"
        ]
      },
      "ResponseBody": "",
      "ResponseHeaders": {
        "Content-Length": [
          "0"
        ],
        "Expires": [
          "-1"
        ],
        "Pragma": [
          "no-cache"
        ],
        "Retry-After": [
          "25"
        ],
        "x-ms-ratelimit-remaining-subscription-reads": [
          "14999"
        ],
        "x-ms-request-id": [
          "b9ec05fe-ebb9-4482-957b-41f7a2d576cf"
        ],
        "Cache-Control": [
          "no-cache"
        ],
        "Location": [
          "https://management.azure.com/subscriptions/4c552dc7-a66c-4fb3-a3ee-0941f36833f6/providers/Microsoft.Storage/operations/ec18404e-b61d-4ddb-9efc-96430b7c3ba3?monitor=true&api-version=2015-06-15"
        ],
        "Server": [
          "Microsoft-Azure-Storage-Resource-Provider/1.0",
          "Microsoft-HTTPAPI/2.0"
        ],
        "x-ms-correlation-request-id": [
          "b9ec05fe-ebb9-4482-957b-41f7a2d576cf"
        ],
        "x-ms-routing-request-id": [
          "WESTUS2:20160729T012923Z:b9ec05fe-ebb9-4482-957b-41f7a2d576cf"
        ],
        "Strict-Transport-Security": [
          "max-age=31536000; includeSubDomains"
        ],
        "Date": [
          "Fri, 29 Jul 2016 01:29:22 GMT"
        ]
      },
      "StatusCode": 202
    },
    {
      "RequestUri": "/subscriptions/4c552dc7-a66c-4fb3-a3ee-0941f36833f6/providers/Microsoft.Storage/operations/ec18404e-b61d-4ddb-9efc-96430b7c3ba3?monitor=true&api-version=2015-06-15",
      "EncodedRequestUri": "L3N1YnNjcmlwdGlvbnMvNGM1NTJkYzctYTY2Yy00ZmIzLWEzZWUtMDk0MWYzNjgzM2Y2L3Byb3ZpZGVycy9NaWNyb3NvZnQuU3RvcmFnZS9vcGVyYXRpb25zL2VjMTg0MDRlLWI2MWQtNGRkYi05ZWZjLTk2NDMwYjdjM2JhMz9tb25pdG9yPXRydWUmYXBpLXZlcnNpb249MjAxNS0wNi0xNQ==",
      "RequestMethod": "GET",
      "RequestBody": "",
      "RequestHeaders": {
        "x-ms-client-request-id": [
          "11ab4310-da41-4c9f-96f0-742302c5e892"
        ],
        "User-Agent": [
          "Microsoft.Azure.Management.Storage.StorageManagementClient/3.0.0.0"
        ]
      },
      "ResponseBody": "{\r\n  \"location\": \"East US\",\r\n  \"properties\": {\r\n    \"accountType\": \"Standard_GRS\"\r\n  }\r\n}",
      "ResponseHeaders": {
        "Content-Length": [
          "66"
        ],
        "Content-Type": [
          "application/json"
        ],
        "Expires": [
          "-1"
        ],
        "Pragma": [
          "no-cache"
        ],
        "x-ms-request-id": [
          "7754f9e8-8089-4e5f-8b72-b822e132aa9e"
        ],
        "Cache-Control": [
          "no-cache"
        ],
        "Server": [
          "Microsoft-Azure-Storage-Resource-Provider/1.0",
          "Microsoft-HTTPAPI/2.0"
        ],
        "x-ms-ratelimit-remaining-subscription-reads": [
          "14997"
        ],
        "x-ms-correlation-request-id": [
          "7754f9e8-8089-4e5f-8b72-b822e132aa9e"
        ],
        "x-ms-routing-request-id": [
          "WESTUS2:20160729T012948Z:7754f9e8-8089-4e5f-8b72-b822e132aa9e"
        ],
        "Strict-Transport-Security": [
          "max-age=31536000; includeSubDomains"
        ],
        "Date": [
          "Fri, 29 Jul 2016 01:29:48 GMT"
        ]
      },
      "StatusCode": 200
    },
    {
      "RequestUri": "/subscriptions/4c552dc7-a66c-4fb3-a3ee-0941f36833f6/resourceGroups/pstestrg1960/providers/Microsoft.Storage/storageAccounts/stopstestrg1960?api-version=2015-06-15",
      "EncodedRequestUri": "L3N1YnNjcmlwdGlvbnMvNGM1NTJkYzctYTY2Yy00ZmIzLWEzZWUtMDk0MWYzNjgzM2Y2L3Jlc291cmNlR3JvdXBzL3BzdGVzdHJnMTk2MC9wcm92aWRlcnMvTWljcm9zb2Z0LlN0b3JhZ2Uvc3RvcmFnZUFjY291bnRzL3N0b3BzdGVzdHJnMTk2MD9hcGktdmVyc2lvbj0yMDE1LTA2LTE1",
      "RequestMethod": "GET",
      "RequestBody": "",
      "RequestHeaders": {
        "x-ms-client-request-id": [
          "d3be057c-f0b8-4322-a1df-17c62103017b"
        ],
        "User-Agent": [
          "Microsoft.Azure.Management.Storage.StorageManagementClient/3.0.0.0"
        ]
      },
      "ResponseBody": "{\r\n  \"id\": \"/subscriptions/4c552dc7-a66c-4fb3-a3ee-0941f36833f6/resourceGroups/pstestrg1960/providers/Microsoft.Storage/storageAccounts/stopstestrg1960\",\r\n  \"location\": \"eastus\",\r\n  \"name\": \"stopstestrg1960\",\r\n  \"properties\": {\r\n    \"accountType\": \"Standard_GRS\",\r\n    \"creationTime\": \"2016-07-29T01:29:20.9701566Z\",\r\n    \"primaryEndpoints\": {\r\n      \"blob\": \"https://stopstestrg1960.blob.core.windows.net/\",\r\n      \"file\": \"https://stopstestrg1960.file.core.windows.net/\",\r\n      \"queue\": \"https://stopstestrg1960.queue.core.windows.net/\",\r\n      \"table\": \"https://stopstestrg1960.table.core.windows.net/\"\r\n    },\r\n    \"primaryLocation\": \"eastus\",\r\n    \"provisioningState\": \"Succeeded\",\r\n    \"secondaryLocation\": \"westus\",\r\n    \"statusOfPrimary\": \"available\",\r\n    \"statusOfSecondary\": \"available\"\r\n  },\r\n  \"tags\": {},\r\n  \"type\": \"Microsoft.Storage/storageAccounts\"\r\n}",
      "ResponseHeaders": {
        "Content-Length": [
          "736"
        ],
        "Content-Type": [
          "application/json"
        ],
        "Expires": [
          "-1"
        ],
        "Pragma": [
          "no-cache"
        ],
        "x-ms-request-id": [
          "17cc64a8-5119-454b-902c-83198947ca84"
        ],
        "Cache-Control": [
          "no-cache"
        ],
        "Server": [
          "Microsoft-Azure-Storage-Resource-Provider/1.0",
          "Microsoft-HTTPAPI/2.0"
        ],
        "x-ms-ratelimit-remaining-subscription-reads": [
          "14996"
        ],
        "x-ms-correlation-request-id": [
          "17cc64a8-5119-454b-902c-83198947ca84"
        ],
        "x-ms-routing-request-id": [
          "WESTUS2:20160729T012948Z:17cc64a8-5119-454b-902c-83198947ca84"
        ],
        "Strict-Transport-Security": [
          "max-age=31536000; includeSubDomains"
        ],
        "Date": [
          "Fri, 29 Jul 2016 01:29:48 GMT"
        ]
      },
      "StatusCode": 200
    },
    {
      "RequestUri": "/subscriptions/4c552dc7-a66c-4fb3-a3ee-0941f36833f6/resourceGroups/pstestrg1960/providers/Microsoft.Storage/storageAccounts/stopstestrg1960?api-version=2015-06-15",
      "EncodedRequestUri": "L3N1YnNjcmlwdGlvbnMvNGM1NTJkYzctYTY2Yy00ZmIzLWEzZWUtMDk0MWYzNjgzM2Y2L3Jlc291cmNlR3JvdXBzL3BzdGVzdHJnMTk2MC9wcm92aWRlcnMvTWljcm9zb2Z0LlN0b3JhZ2Uvc3RvcmFnZUFjY291bnRzL3N0b3BzdGVzdHJnMTk2MD9hcGktdmVyc2lvbj0yMDE1LTA2LTE1",
      "RequestMethod": "GET",
      "RequestBody": "",
      "RequestHeaders": {
        "x-ms-client-request-id": [
          "4bcd65ee-3ee9-4cd0-b9ab-750f5190f964"
        ],
        "User-Agent": [
          "Microsoft.Azure.Management.Storage.StorageManagementClient/3.0.0.0"
        ]
      },
      "ResponseBody": "{\r\n  \"id\": \"/subscriptions/4c552dc7-a66c-4fb3-a3ee-0941f36833f6/resourceGroups/pstestrg1960/providers/Microsoft.Storage/storageAccounts/stopstestrg1960\",\r\n  \"location\": \"eastus\",\r\n  \"name\": \"stopstestrg1960\",\r\n  \"properties\": {\r\n    \"accountType\": \"Standard_GRS\",\r\n    \"creationTime\": \"2016-07-29T01:29:20.9701566Z\",\r\n    \"primaryEndpoints\": {\r\n      \"blob\": \"https://stopstestrg1960.blob.core.windows.net/\",\r\n      \"file\": \"https://stopstestrg1960.file.core.windows.net/\",\r\n      \"queue\": \"https://stopstestrg1960.queue.core.windows.net/\",\r\n      \"table\": \"https://stopstestrg1960.table.core.windows.net/\"\r\n    },\r\n    \"primaryLocation\": \"eastus\",\r\n    \"provisioningState\": \"Succeeded\",\r\n    \"secondaryLocation\": \"westus\",\r\n    \"statusOfPrimary\": \"available\",\r\n    \"statusOfSecondary\": \"available\"\r\n  },\r\n  \"tags\": {},\r\n  \"type\": \"Microsoft.Storage/storageAccounts\"\r\n}",
      "ResponseHeaders": {
        "Content-Length": [
          "736"
        ],
        "Content-Type": [
          "application/json"
        ],
        "Expires": [
          "-1"
        ],
        "Pragma": [
          "no-cache"
        ],
        "x-ms-request-id": [
          "380be1a2-2117-4b77-9e2c-f7f4c784d7d0"
        ],
        "Cache-Control": [
          "no-cache"
        ],
        "Server": [
          "Microsoft-Azure-Storage-Resource-Provider/1.0",
          "Microsoft-HTTPAPI/2.0"
        ],
        "x-ms-ratelimit-remaining-subscription-reads": [
          "14995"
        ],
        "x-ms-correlation-request-id": [
          "380be1a2-2117-4b77-9e2c-f7f4c784d7d0"
        ],
        "x-ms-routing-request-id": [
          "WESTUS2:20160729T012948Z:380be1a2-2117-4b77-9e2c-f7f4c784d7d0"
        ],
        "Strict-Transport-Security": [
          "max-age=31536000; includeSubDomains"
        ],
        "Date": [
          "Fri, 29 Jul 2016 01:29:48 GMT"
        ]
      },
      "StatusCode": 200
    },
    {
      "RequestUri": "/subscriptions/4c552dc7-a66c-4fb3-a3ee-0941f36833f6/resourceGroups/pstestrg1960/providers/Microsoft.Media/mediaservices/medpstestrg1960?api-version=2015-10-01",
      "EncodedRequestUri": "L3N1YnNjcmlwdGlvbnMvNGM1NTJkYzctYTY2Yy00ZmIzLWEzZWUtMDk0MWYzNjgzM2Y2L3Jlc291cmNlR3JvdXBzL3BzdGVzdHJnMTk2MC9wcm92aWRlcnMvTWljcm9zb2Z0Lk1lZGlhL21lZGlhc2VydmljZXMvbWVkcHN0ZXN0cmcxOTYwP2FwaS12ZXJzaW9uPTIwMTUtMTAtMDE=",
      "RequestMethod": "GET",
      "RequestBody": "",
      "RequestHeaders": {
        "x-ms-client-request-id": [
          "dedb8be2-0551-4be8-b4d4-d97bbf675408"
        ],
        "accept-language": [
          "en-US"
        ],
        "User-Agent": [
          "Microsoft.Azure.Management.Media.MediaServicesManagementClient/0.1.0"
        ]
      },
      "ResponseBody": "{\r\n  \"error\": {\r\n    \"code\": \"ResourceNotFound\",\r\n    \"message\": \"The Resource 'Microsoft.Media/mediaservices/medpstestrg1960' under resource group 'pstestrg1960' was not found.\"\r\n  }\r\n}",
      "ResponseHeaders": {
        "Content-Length": [
          "161"
        ],
        "Content-Type": [
          "application/json; charset=utf-8"
        ],
        "Expires": [
          "-1"
        ],
        "Pragma": [
          "no-cache"
        ],
        "x-ms-failure-cause": [
          "gateway"
        ],
        "x-ms-request-id": [
          "9c0d0d42-5123-41e7-afeb-dce9cc4469be"
        ],
        "x-ms-correlation-request-id": [
          "9c0d0d42-5123-41e7-afeb-dce9cc4469be"
        ],
        "x-ms-routing-request-id": [
          "WESTUS2:20160729T012949Z:9c0d0d42-5123-41e7-afeb-dce9cc4469be"
        ],
        "Strict-Transport-Security": [
          "max-age=31536000; includeSubDomains"
        ],
        "Cache-Control": [
          "no-cache"
        ],
        "Date": [
          "Fri, 29 Jul 2016 01:29:49 GMT"
        ]
      },
      "StatusCode": 404
    },
    {
      "RequestUri": "/subscriptions/4c552dc7-a66c-4fb3-a3ee-0941f36833f6/resourceGroups/pstestrg1960/providers/Microsoft.Media/mediaservices/medpstestrg1960?api-version=2015-10-01",
      "EncodedRequestUri": "L3N1YnNjcmlwdGlvbnMvNGM1NTJkYzctYTY2Yy00ZmIzLWEzZWUtMDk0MWYzNjgzM2Y2L3Jlc291cmNlR3JvdXBzL3BzdGVzdHJnMTk2MC9wcm92aWRlcnMvTWljcm9zb2Z0Lk1lZGlhL21lZGlhc2VydmljZXMvbWVkcHN0ZXN0cmcxOTYwP2FwaS12ZXJzaW9uPTIwMTUtMTAtMDE=",
      "RequestMethod": "GET",
      "RequestBody": "",
      "RequestHeaders": {
        "x-ms-client-request-id": [
          "1d2223e3-1e67-43b7-b121-c1980771fc7b"
        ],
        "accept-language": [
          "en-US"
        ],
        "User-Agent": [
          "Microsoft.Azure.Management.Media.MediaServicesManagementClient/0.1.0"
        ]
      },
      "ResponseBody": "{\r\n  \"name\": \"medpstestrg1960\",\r\n  \"id\": \"/subscriptions/4c552dc7-a66c-4fb3-a3ee-0941f36833f6/resourcegroups/pstestrg1960/providers/Microsoft.Media/mediaservices/medpstestrg1960\",\r\n  \"type\": \"Microsoft.Media/mediaservices\",\r\n  \"tags\": {\r\n    \"tag2\": \"value2\",\r\n    \"tag1\": \"value1\"\r\n  },\r\n  \"location\": \"East US\",\r\n  \"properties\": {\r\n    \"apiEndpoints\": [\r\n      {\r\n        \"endpoint\": \"https://wamsbluclus001rest-hs.cloudapp.net/api/\",\r\n        \"majorVersion\": \"2\"\r\n      }\r\n    ],\r\n    \"storageAccounts\": [\r\n      {\r\n        \"id\": \"/subscriptions/4c552dc7-a66c-4fb3-a3ee-0941f36833f6/resourceGroups/pstestrg1960/providers/Microsoft.Storage/storageAccounts/stopstestrg1960\",\r\n        \"isPrimary\": true\r\n      }\r\n    ]\r\n  }\r\n}",
      "ResponseHeaders": {
        "Content-Length": [
          "660"
        ],
        "Content-Type": [
          "application/json; odata.metadata=minimal; odata.streaming=true"
        ],
        "Expires": [
          "-1"
        ],
        "Pragma": [
          "no-cache"
        ],
        "x-ms-request-id": [
          "7240daba-ce04-4161-9857-1dd4c63e61fe"
        ],
        "x-ms-client-request-id": [
          "1d2223e3-1e67-43b7-b121-c1980771fc7b"
        ],
        "OData-Version": [
          "4.0"
        ],
        "Strict-Transport-Security": [
          "max-age=31536000; includeSubDomains"
        ],
        "x-ms-ratelimit-remaining-subscription-reads": [
          "14998"
        ],
        "x-ms-correlation-request-id": [
          "a579e501-5843-4f76-9cc6-c6a04f9b55cf"
        ],
        "x-ms-routing-request-id": [
          "WESTUS2:20160729T012957Z:a579e501-5843-4f76-9cc6-c6a04f9b55cf"
        ],
        "Cache-Control": [
          "no-cache"
        ],
        "Date": [
          "Fri, 29 Jul 2016 01:29:57 GMT"
        ],
        "Server": [
          "Microsoft-IIS/8.5"
        ],
        "X-AspNet-Version": [
          "4.0.30319"
        ],
        "X-Powered-By": [
          "ASP.NET"
        ]
      },
      "StatusCode": 200
    },
    {
      "RequestUri": "/subscriptions/4c552dc7-a66c-4fb3-a3ee-0941f36833f6/resourceGroups/pstestrg1960/providers/Microsoft.Media/mediaservices/medpstestrg1960?api-version=2015-10-01",
      "EncodedRequestUri": "L3N1YnNjcmlwdGlvbnMvNGM1NTJkYzctYTY2Yy00ZmIzLWEzZWUtMDk0MWYzNjgzM2Y2L3Jlc291cmNlR3JvdXBzL3BzdGVzdHJnMTk2MC9wcm92aWRlcnMvTWljcm9zb2Z0Lk1lZGlhL21lZGlhc2VydmljZXMvbWVkcHN0ZXN0cmcxOTYwP2FwaS12ZXJzaW9uPTIwMTUtMTAtMDE=",
      "RequestMethod": "GET",
      "RequestBody": "",
      "RequestHeaders": {
        "x-ms-client-request-id": [
          "6f076072-5e05-442a-810d-36d38d7e523f"
        ],
        "accept-language": [
          "en-US"
        ],
        "User-Agent": [
          "Microsoft.Azure.Management.Media.MediaServicesManagementClient/0.1.0"
        ]
      },
      "ResponseBody": "{\r\n  \"name\": \"medpstestrg1960\",\r\n  \"id\": \"/subscriptions/4c552dc7-a66c-4fb3-a3ee-0941f36833f6/resourcegroups/pstestrg1960/providers/Microsoft.Media/mediaservices/medpstestrg1960\",\r\n  \"type\": \"Microsoft.Media/mediaservices\",\r\n  \"tags\": {\r\n    \"tag2\": \"value2\",\r\n    \"tag1\": \"value1\"\r\n  },\r\n  \"location\": \"East US\",\r\n  \"properties\": {\r\n    \"apiEndpoints\": [\r\n      {\r\n        \"endpoint\": \"https://wamsbluclus001rest-hs.cloudapp.net/api/\",\r\n        \"majorVersion\": \"2\"\r\n      }\r\n    ],\r\n    \"storageAccounts\": [\r\n      {\r\n        \"id\": \"/subscriptions/4c552dc7-a66c-4fb3-a3ee-0941f36833f6/resourceGroups/pstestrg1960/providers/Microsoft.Storage/storageAccounts/stopstestrg1960\",\r\n        \"isPrimary\": true\r\n      }\r\n    ]\r\n  }\r\n}",
      "ResponseHeaders": {
        "Content-Length": [
          "660"
        ],
        "Content-Type": [
          "application/json; odata.metadata=minimal; odata.streaming=true"
        ],
        "Expires": [
          "-1"
        ],
        "Pragma": [
          "no-cache"
        ],
        "x-ms-request-id": [
          "ce87fa66-5285-42fd-a605-3ec959c34964"
        ],
        "x-ms-client-request-id": [
          "6f076072-5e05-442a-810d-36d38d7e523f"
        ],
        "OData-Version": [
          "4.0"
        ],
        "Strict-Transport-Security": [
          "max-age=31536000; includeSubDomains"
        ],
        "x-ms-ratelimit-remaining-subscription-reads": [
          "14997"
        ],
        "x-ms-correlation-request-id": [
          "deb2bc7e-62e5-4b05-b342-ffcf1009a791"
        ],
        "x-ms-routing-request-id": [
          "WESTUS2:20160729T012957Z:deb2bc7e-62e5-4b05-b342-ffcf1009a791"
        ],
        "Cache-Control": [
          "no-cache"
        ],
        "Date": [
          "Fri, 29 Jul 2016 01:29:57 GMT"
        ],
        "Server": [
          "Microsoft-IIS/8.5"
        ],
        "X-AspNet-Version": [
          "4.0.30319"
        ],
        "X-Powered-By": [
          "ASP.NET"
        ]
      },
      "StatusCode": 200
    },
    {
      "RequestUri": "/subscriptions/4c552dc7-a66c-4fb3-a3ee-0941f36833f6/resourceGroups/pstestrg1960/providers/Microsoft.Media/mediaservices/medpstestrg1960?api-version=2015-10-01",
      "EncodedRequestUri": "L3N1YnNjcmlwdGlvbnMvNGM1NTJkYzctYTY2Yy00ZmIzLWEzZWUtMDk0MWYzNjgzM2Y2L3Jlc291cmNlR3JvdXBzL3BzdGVzdHJnMTk2MC9wcm92aWRlcnMvTWljcm9zb2Z0Lk1lZGlhL21lZGlhc2VydmljZXMvbWVkcHN0ZXN0cmcxOTYwP2FwaS12ZXJzaW9uPTIwMTUtMTAtMDE=",
      "RequestMethod": "GET",
      "RequestBody": "",
      "RequestHeaders": {
        "x-ms-client-request-id": [
          "52199c7a-e5fb-446f-b4cf-970bb627d869"
        ],
        "accept-language": [
          "en-US"
        ],
        "User-Agent": [
          "Microsoft.Azure.Management.Media.MediaServicesManagementClient/0.1.0"
        ]
      },
      "ResponseBody": "{\r\n  \"name\": \"medpstestrg1960\",\r\n  \"id\": \"/subscriptions/4c552dc7-a66c-4fb3-a3ee-0941f36833f6/resourcegroups/pstestrg1960/providers/Microsoft.Media/mediaservices/medpstestrg1960\",\r\n  \"type\": \"Microsoft.Media/mediaservices\",\r\n  \"tags\": {\r\n    \"tag4\": \"value4\",\r\n    \"tag3\": \"value3\"\r\n  },\r\n  \"location\": \"East US\",\r\n  \"properties\": {\r\n    \"apiEndpoints\": [\r\n      {\r\n        \"endpoint\": \"https://wamsbluclus001rest-hs.cloudapp.net/api/\",\r\n        \"majorVersion\": \"2\"\r\n      }\r\n    ],\r\n    \"storageAccounts\": [\r\n      {\r\n        \"id\": \"/subscriptions/4c552dc7-a66c-4fb3-a3ee-0941f36833f6/resourceGroups/pstestrg1960/providers/Microsoft.Storage/storageAccounts/stopstestrg1960\",\r\n        \"isPrimary\": true\r\n      }\r\n    ]\r\n  }\r\n}",
      "ResponseHeaders": {
        "Content-Length": [
          "660"
        ],
        "Content-Type": [
          "application/json; odata.metadata=minimal; odata.streaming=true"
        ],
        "Expires": [
          "-1"
        ],
        "Pragma": [
          "no-cache"
        ],
        "x-ms-request-id": [
          "f5ef91c2-8ba8-4a1e-9bc9-796eff22bd0a"
        ],
        "x-ms-client-request-id": [
          "52199c7a-e5fb-446f-b4cf-970bb627d869"
        ],
        "OData-Version": [
          "4.0"
        ],
        "Strict-Transport-Security": [
          "max-age=31536000; includeSubDomains"
        ],
        "x-ms-ratelimit-remaining-subscription-reads": [
          "14996"
        ],
        "x-ms-correlation-request-id": [
          "b4882aac-df70-4e12-a3cd-b02fcc4555bc"
        ],
        "x-ms-routing-request-id": [
          "WESTUS2:20160729T013000Z:b4882aac-df70-4e12-a3cd-b02fcc4555bc"
        ],
        "Cache-Control": [
          "no-cache"
        ],
        "Date": [
          "Fri, 29 Jul 2016 01:30:00 GMT"
        ],
        "Server": [
          "Microsoft-IIS/8.5"
        ],
        "X-AspNet-Version": [
          "4.0.30319"
        ],
        "X-Powered-By": [
          "ASP.NET"
        ]
      },
      "StatusCode": 200
    },
    {
      "RequestUri": "/subscriptions/4c552dc7-a66c-4fb3-a3ee-0941f36833f6/resourceGroups/pstestrg1960/providers/Microsoft.Media/mediaservices/medpstestrg1960?api-version=2015-10-01",
      "EncodedRequestUri": "L3N1YnNjcmlwdGlvbnMvNGM1NTJkYzctYTY2Yy00ZmIzLWEzZWUtMDk0MWYzNjgzM2Y2L3Jlc291cmNlR3JvdXBzL3BzdGVzdHJnMTk2MC9wcm92aWRlcnMvTWljcm9zb2Z0Lk1lZGlhL21lZGlhc2VydmljZXMvbWVkcHN0ZXN0cmcxOTYwP2FwaS12ZXJzaW9uPTIwMTUtMTAtMDE=",
      "RequestMethod": "GET",
      "RequestBody": "",
      "RequestHeaders": {
        "x-ms-client-request-id": [
          "e34fb261-1efb-43f4-963f-3c62adf62103"
        ],
        "accept-language": [
          "en-US"
        ],
        "User-Agent": [
          "Microsoft.Azure.Management.Media.MediaServicesManagementClient/0.1.0"
        ]
      },
      "ResponseBody": "{\r\n  \"name\": \"medpstestrg1960\",\r\n  \"id\": \"/subscriptions/4c552dc7-a66c-4fb3-a3ee-0941f36833f6/resourcegroups/pstestrg1960/providers/Microsoft.Media/mediaservices/medpstestrg1960\",\r\n  \"type\": \"Microsoft.Media/mediaservices\",\r\n  \"tags\": {\r\n    \"tag4\": \"value4\",\r\n    \"tag3\": \"value3\"\r\n  },\r\n  \"location\": \"East US\",\r\n  \"properties\": {\r\n    \"apiEndpoints\": [\r\n      {\r\n        \"endpoint\": \"https://wamsbluclus001rest-hs.cloudapp.net/api/\",\r\n        \"majorVersion\": \"2\"\r\n      }\r\n    ],\r\n    \"storageAccounts\": [\r\n      {\r\n        \"id\": \"/subscriptions/4c552dc7-a66c-4fb3-a3ee-0941f36833f6/resourceGroups/pstestrg1960/providers/Microsoft.Storage/storageAccounts/stopstestrg1960\",\r\n        \"isPrimary\": true\r\n      }\r\n    ]\r\n  }\r\n}",
      "ResponseHeaders": {
        "Content-Length": [
          "660"
        ],
        "Content-Type": [
          "application/json; odata.metadata=minimal; odata.streaming=true"
        ],
        "Expires": [
          "-1"
        ],
        "Pragma": [
          "no-cache"
        ],
        "x-ms-request-id": [
          "1ca53308-1ad4-4ec6-b339-ba3d3de7c2cf"
        ],
        "x-ms-client-request-id": [
          "e34fb261-1efb-43f4-963f-3c62adf62103"
        ],
        "OData-Version": [
          "4.0"
        ],
        "Strict-Transport-Security": [
          "max-age=31536000; includeSubDomains"
        ],
        "x-ms-ratelimit-remaining-subscription-reads": [
          "14995"
        ],
        "x-ms-correlation-request-id": [
          "a204d624-30ab-4da2-bd85-c8b820eb2d77"
        ],
        "x-ms-routing-request-id": [
          "WESTUS2:20160729T013001Z:a204d624-30ab-4da2-bd85-c8b820eb2d77"
        ],
        "Cache-Control": [
          "no-cache"
        ],
        "Date": [
          "Fri, 29 Jul 2016 01:30:00 GMT"
        ],
        "Server": [
          "Microsoft-IIS/8.5"
        ],
        "X-AspNet-Version": [
          "4.0.30319"
        ],
        "X-Powered-By": [
          "ASP.NET"
        ]
      },
      "StatusCode": 200
    },
    {
      "RequestUri": "/subscriptions/4c552dc7-a66c-4fb3-a3ee-0941f36833f6/resourceGroups/pstestrg1960/providers/Microsoft.Media/mediaservices/medpstestrg1960?api-version=2015-10-01",
      "EncodedRequestUri": "L3N1YnNjcmlwdGlvbnMvNGM1NTJkYzctYTY2Yy00ZmIzLWEzZWUtMDk0MWYzNjgzM2Y2L3Jlc291cmNlR3JvdXBzL3BzdGVzdHJnMTk2MC9wcm92aWRlcnMvTWljcm9zb2Z0Lk1lZGlhL21lZGlhc2VydmljZXMvbWVkcHN0ZXN0cmcxOTYwP2FwaS12ZXJzaW9uPTIwMTUtMTAtMDE=",
      "RequestMethod": "GET",
      "RequestBody": "",
      "RequestHeaders": {
        "x-ms-client-request-id": [
          "92699d71-5755-48ad-a764-3fac26195bb0"
        ],
        "accept-language": [
          "en-US"
        ],
        "User-Agent": [
          "Microsoft.Azure.Management.Media.MediaServicesManagementClient/0.1.0"
        ]
      },
      "ResponseBody": "{\r\n  \"name\": \"medpstestrg1960\",\r\n  \"id\": \"/subscriptions/4c552dc7-a66c-4fb3-a3ee-0941f36833f6/resourcegroups/pstestrg1960/providers/Microsoft.Media/mediaservices/medpstestrg1960\",\r\n  \"type\": \"Microsoft.Media/mediaservices\",\r\n  \"tags\": {\r\n    \"tag4\": \"value4\",\r\n    \"tag3\": \"value3\"\r\n  },\r\n  \"location\": \"East US\",\r\n  \"properties\": {\r\n    \"apiEndpoints\": [\r\n      {\r\n        \"endpoint\": \"https://wamsbluclus001rest-hs.cloudapp.net/api/\",\r\n        \"majorVersion\": \"2\"\r\n      }\r\n    ],\r\n    \"storageAccounts\": [\r\n      {\r\n        \"id\": \"/subscriptions/4c552dc7-a66c-4fb3-a3ee-0941f36833f6/resourceGroups/pstestrg1960/providers/Microsoft.Storage/storageAccounts/stopstestrg1960\",\r\n        \"isPrimary\": true\r\n      }\r\n    ]\r\n  }\r\n}",
      "ResponseHeaders": {
        "Content-Length": [
          "660"
        ],
        "Content-Type": [
          "application/json; odata.metadata=minimal; odata.streaming=true"
        ],
        "Expires": [
          "-1"
        ],
        "Pragma": [
          "no-cache"
        ],
        "x-ms-request-id": [
          "3942bb41-4299-4d81-a1cb-36a6bdf7d014"
        ],
        "x-ms-client-request-id": [
          "92699d71-5755-48ad-a764-3fac26195bb0"
        ],
        "OData-Version": [
          "4.0"
        ],
        "Strict-Transport-Security": [
          "max-age=31536000; includeSubDomains"
        ],
        "x-ms-ratelimit-remaining-subscription-reads": [
          "14994"
        ],
        "x-ms-correlation-request-id": [
          "4bf47ee9-b6c9-4cc2-87c6-4a6da0c60f07"
        ],
        "x-ms-routing-request-id": [
          "WESTUS2:20160729T013001Z:4bf47ee9-b6c9-4cc2-87c6-4a6da0c60f07"
        ],
        "Cache-Control": [
          "no-cache"
        ],
        "Date": [
          "Fri, 29 Jul 2016 01:30:01 GMT"
        ],
        "Server": [
          "Microsoft-IIS/8.5"
        ],
        "X-AspNet-Version": [
          "4.0.30319"
        ],
        "X-Powered-By": [
          "ASP.NET"
        ]
      },
      "StatusCode": 200
    },
    {
      "RequestUri": "/subscriptions/4c552dc7-a66c-4fb3-a3ee-0941f36833f6/resourceGroups/pstestrg1960/providers/Microsoft.Media/mediaservices/medpstestrg1960?api-version=2015-10-01",
      "EncodedRequestUri": "L3N1YnNjcmlwdGlvbnMvNGM1NTJkYzctYTY2Yy00ZmIzLWEzZWUtMDk0MWYzNjgzM2Y2L3Jlc291cmNlR3JvdXBzL3BzdGVzdHJnMTk2MC9wcm92aWRlcnMvTWljcm9zb2Z0Lk1lZGlhL21lZGlhc2VydmljZXMvbWVkcHN0ZXN0cmcxOTYwP2FwaS12ZXJzaW9uPTIwMTUtMTAtMDE=",
      "RequestMethod": "PUT",
      "RequestBody": "{\r\n  \"properties\": {\r\n    \"storageAccounts\": [\r\n      {\r\n        \"id\": \"/subscriptions/4c552dc7-a66c-4fb3-a3ee-0941f36833f6/resourceGroups/pstestrg1960/providers/Microsoft.Storage/storageAccounts/stopstestrg1960\",\r\n        \"isPrimary\": true\r\n      }\r\n    ]\r\n  },\r\n  \"location\": \"East US\",\r\n  \"tags\": {\r\n    \"tag2\": \"value2\",\r\n    \"tag1\": \"value1\"\r\n  }\r\n}",
      "RequestHeaders": {
        "Content-Type": [
          "application/json; charset=utf-8"
        ],
        "Content-Length": [
          "354"
        ],
        "x-ms-client-request-id": [
          "2a9afb5f-b8c7-4a7e-876f-8af2c3587091"
        ],
        "accept-language": [
          "en-US"
        ],
        "User-Agent": [
          "Microsoft.Azure.Management.Media.MediaServicesManagementClient/0.1.0"
        ]
      },
      "ResponseBody": "{\r\n  \"name\": \"medpstestrg1960\",\r\n  \"id\": \"/subscriptions/4c552dc7-a66c-4fb3-a3ee-0941f36833f6/resourcegroups/pstestrg1960/providers/Microsoft.Media/mediaservices/medpstestrg1960\",\r\n  \"type\": \"Microsoft.Media/mediaservices\",\r\n  \"tags\": {\r\n    \"tag2\": \"value2\",\r\n    \"tag1\": \"value1\"\r\n  },\r\n  \"location\": \"East US\",\r\n  \"properties\": {\r\n    \"apiEndpoints\": [\r\n      {\r\n        \"endpoint\": \"https://wamsbluclus001rest-hs.cloudapp.net/api/\",\r\n        \"majorVersion\": \"2\"\r\n      }\r\n    ],\r\n    \"storageAccounts\": [\r\n      {\r\n        \"id\": \"/subscriptions/4c552dc7-a66c-4fb3-a3ee-0941f36833f6/resourceGroups/pstestrg1960/providers/Microsoft.Storage/storageAccounts/stopstestrg1960\",\r\n        \"isPrimary\": true\r\n      }\r\n    ]\r\n  }\r\n}",
      "ResponseHeaders": {
        "Content-Length": [
          "660"
        ],
        "Content-Type": [
          "application/json; odata.metadata=minimal"
        ],
        "Expires": [
          "-1"
        ],
        "Pragma": [
          "no-cache"
        ],
        "x-ms-request-id": [
          "fa8e8257-77e6-4f58-a205-ff8d60cd1992"
        ],
        "x-ms-client-request-id": [
          "2a9afb5f-b8c7-4a7e-876f-8af2c3587091"
        ],
        "OData-Version": [
          "4.0"
        ],
        "Strict-Transport-Security": [
          "max-age=31536000; includeSubDomains"
        ],
        "x-ms-ratelimit-remaining-subscription-writes": [
          "1199"
        ],
        "x-ms-correlation-request-id": [
          "723d2e94-3d3e-4786-b3ce-9d5f2799a888"
        ],
        "x-ms-routing-request-id": [
          "WESTUS2:20160729T012956Z:723d2e94-3d3e-4786-b3ce-9d5f2799a888"
        ],
        "Cache-Control": [
          "no-cache"
        ],
        "Date": [
          "Fri, 29 Jul 2016 01:29:56 GMT"
        ],
        "Server": [
          "Microsoft-IIS/8.5"
        ],
        "X-AspNet-Version": [
          "4.0.30319"
        ],
        "X-Powered-By": [
          "ASP.NET"
        ]
      },
      "StatusCode": 201
    },
    {
      "RequestUri": "/subscriptions/4c552dc7-a66c-4fb3-a3ee-0941f36833f6/resourceGroups/pstestrg1960/providers/Microsoft.Media/mediaservices/medpstestrg1960?api-version=2015-10-01",
      "EncodedRequestUri": "L3N1YnNjcmlwdGlvbnMvNGM1NTJkYzctYTY2Yy00ZmIzLWEzZWUtMDk0MWYzNjgzM2Y2L3Jlc291cmNlR3JvdXBzL3BzdGVzdHJnMTk2MC9wcm92aWRlcnMvTWljcm9zb2Z0Lk1lZGlhL21lZGlhc2VydmljZXMvbWVkcHN0ZXN0cmcxOTYwP2FwaS12ZXJzaW9uPTIwMTUtMTAtMDE=",
      "RequestMethod": "PATCH",
      "RequestBody": "{\r\n  \"properties\": {\r\n    \"storageAccounts\": [\r\n      {\r\n        \"id\": \"/subscriptions/4c552dc7-a66c-4fb3-a3ee-0941f36833f6/resourceGroups/pstestrg1960/providers/Microsoft.Storage/storageAccounts/stopstestrg1960\",\r\n        \"isPrimary\": true\r\n      }\r\n    ]\r\n  },\r\n  \"tags\": {\r\n    \"tag4\": \"value4\",\r\n    \"tag3\": \"value3\"\r\n  }\r\n}",
      "RequestHeaders": {
        "Content-Type": [
          "application/json; charset=utf-8"
        ],
        "Content-Length": [
          "328"
        ],
        "x-ms-client-request-id": [
          "c0783175-7091-48f0-9af5-5ffe049d54d7"
        ],
        "accept-language": [
          "en-US"
        ],
        "User-Agent": [
          "Microsoft.Azure.Management.Media.MediaServicesManagementClient/0.1.0"
        ]
      },
      "ResponseBody": "{\r\n  \"name\": \"medpstestrg1960\",\r\n  \"id\": \"/subscriptions/4c552dc7-a66c-4fb3-a3ee-0941f36833f6/resourcegroups/pstestrg1960/providers/Microsoft.Media/mediaservices/medpstestrg1960\",\r\n  \"type\": \"Microsoft.Media/mediaservices\",\r\n  \"tags\": {\r\n    \"tag4\": \"value4\",\r\n    \"tag3\": \"value3\"\r\n  },\r\n  \"location\": \"East US\",\r\n  \"properties\": {\r\n    \"apiEndpoints\": [\r\n      {\r\n        \"endpoint\": \"https://wamsbluclus001rest-hs.cloudapp.net/api/\",\r\n        \"majorVersion\": \"2\"\r\n      }\r\n    ],\r\n    \"storageAccounts\": [\r\n      {\r\n        \"id\": \"/subscriptions/4c552dc7-a66c-4fb3-a3ee-0941f36833f6/resourceGroups/pstestrg1960/providers/Microsoft.Storage/storageAccounts/stopstestrg1960\",\r\n        \"isPrimary\": true\r\n      }\r\n    ]\r\n  }\r\n}",
      "ResponseHeaders": {
        "Content-Length": [
          "660"
        ],
        "Content-Type": [
          "application/json; odata.metadata=minimal"
        ],
        "Expires": [
          "-1"
        ],
        "Pragma": [
          "no-cache"
        ],
        "x-ms-request-id": [
          "ed55c0e1-7bb9-4080-be73-d8fe812e3537"
        ],
        "x-ms-client-request-id": [
          "c0783175-7091-48f0-9af5-5ffe049d54d7"
        ],
        "OData-Version": [
          "4.0"
        ],
        "Strict-Transport-Security": [
          "max-age=31536000; includeSubDomains"
        ],
        "x-ms-ratelimit-remaining-subscription-writes": [
          "1198"
        ],
        "x-ms-correlation-request-id": [
          "2caa7fc4-edb4-46a9-ae8f-1e84c9fac0b6"
        ],
        "x-ms-routing-request-id": [
          "WESTUS2:20160729T012959Z:2caa7fc4-edb4-46a9-ae8f-1e84c9fac0b6"
        ],
        "Cache-Control": [
          "no-cache"
        ],
        "Date": [
          "Fri, 29 Jul 2016 01:29:59 GMT"
        ],
        "Server": [
          "Microsoft-IIS/8.5"
        ],
        "X-AspNet-Version": [
          "4.0.30319"
        ],
        "X-Powered-By": [
          "ASP.NET"
        ]
      },
      "StatusCode": 200
    },
    {
      "RequestUri": "/subscriptions/4c552dc7-a66c-4fb3-a3ee-0941f36833f6/resourceGroups/pstestrg1960/providers/Microsoft.Media/mediaservices/medpstestrg1960/listKeys?api-version=2015-10-01",
      "EncodedRequestUri": "L3N1YnNjcmlwdGlvbnMvNGM1NTJkYzctYTY2Yy00ZmIzLWEzZWUtMDk0MWYzNjgzM2Y2L3Jlc291cmNlR3JvdXBzL3BzdGVzdHJnMTk2MC9wcm92aWRlcnMvTWljcm9zb2Z0Lk1lZGlhL21lZGlhc2VydmljZXMvbWVkcHN0ZXN0cmcxOTYwL2xpc3RLZXlzP2FwaS12ZXJzaW9uPTIwMTUtMTAtMDE=",
      "RequestMethod": "POST",
      "RequestBody": "",
      "RequestHeaders": {
        "x-ms-client-request-id": [
          "fa42dbde-f85b-4f2f-95f2-5dc76703633e"
        ],
        "accept-language": [
          "en-US"
        ],
        "User-Agent": [
          "Microsoft.Azure.Management.Media.MediaServicesManagementClient/0.1.0"
        ]
      },
      "ResponseBody": "{\r\n  \"primaryAuthEndpoint\": \"https://wamsprodglobal001acs.accesscontrol.windows.net/\",\r\n  \"secondaryAuthEndpoint\": \"https://wamsprodglobal002acs.accesscontrol.windows.net/\",\r\n  \"primaryKey\": \"x9LvP85r1t3SH3hMI+3H4+A18MCdd9/JOr7B5/EUwTE=\",\r\n  \"secondaryKey\": \"AvQFye8WLxpNZSime/A3QKE7Wb/FoMRBigxwkOa87Ao=\",\r\n  \"scope\": \"urn:windowsazuremediaservices\"\r\n}",
      "ResponseHeaders": {
        "Content-Length": [
          "331"
        ],
        "Content-Type": [
          "application/json; odata.metadata=minimal; odata.streaming=true"
        ],
        "Expires": [
          "-1"
        ],
        "Pragma": [
          "no-cache"
        ],
        "x-ms-request-id": [
          "c26cdc27-5d16-4b3a-a5fd-67130b3185ad"
        ],
        "x-ms-client-request-id": [
          "fa42dbde-f85b-4f2f-95f2-5dc76703633e"
        ],
        "OData-Version": [
          "4.0"
        ],
        "Strict-Transport-Security": [
          "max-age=31536000; includeSubDomains"
        ],
        "x-ms-ratelimit-remaining-subscription-writes": [
          "1197"
        ],
        "x-ms-correlation-request-id": [
          "3862a9cd-bac8-46f7-9df4-db84cd4bae73"
        ],
        "x-ms-routing-request-id": [
          "WESTUS2:20160729T013000Z:3862a9cd-bac8-46f7-9df4-db84cd4bae73"
        ],
        "Cache-Control": [
          "no-cache"
        ],
        "Date": [
          "Fri, 29 Jul 2016 01:30:00 GMT"
        ],
        "Server": [
          "Microsoft-IIS/8.5"
        ],
        "X-AspNet-Version": [
          "4.0.30319"
        ],
        "X-Powered-By": [
          "ASP.NET"
        ]
      },
      "StatusCode": 200
    },
    {
      "RequestUri": "/subscriptions/4c552dc7-a66c-4fb3-a3ee-0941f36833f6/resourceGroups/pstestrg1960/providers/Microsoft.Media/mediaservices/medpstestrg1960/regenerateKey?api-version=2015-10-01",
      "EncodedRequestUri": "L3N1YnNjcmlwdGlvbnMvNGM1NTJkYzctYTY2Yy00ZmIzLWEzZWUtMDk0MWYzNjgzM2Y2L3Jlc291cmNlR3JvdXBzL3BzdGVzdHJnMTk2MC9wcm92aWRlcnMvTWljcm9zb2Z0Lk1lZGlhL21lZGlhc2VydmljZXMvbWVkcHN0ZXN0cmcxOTYwL3JlZ2VuZXJhdGVLZXk/YXBpLXZlcnNpb249MjAxNS0xMC0wMQ==",
      "RequestMethod": "POST",
      "RequestBody": "{\r\n  \"keyType\": \"Secondary\"\r\n}",
      "RequestHeaders": {
        "Content-Type": [
          "application/json; charset=utf-8"
        ],
        "Content-Length": [
          "30"
        ],
        "x-ms-client-request-id": [
          "89aa0772-2285-44bd-a740-8a1b6d275038"
        ],
        "accept-language": [
          "en-US"
        ],
        "User-Agent": [
          "Microsoft.Azure.Management.Media.MediaServicesManagementClient/0.1.0"
        ]
      },
      "ResponseBody": "{\r\n  \"key\": \"qscM2pWpI9WGyTzHqt6pUYt2CqnCVjMyiKUBf3gOuVE=\"\r\n}",
      "ResponseHeaders": {
        "Content-Length": [
          "60"
        ],
        "Content-Type": [
          "application/json; odata.metadata=minimal"
        ],
        "Expires": [
          "-1"
        ],
        "Pragma": [
          "no-cache"
        ],
        "x-ms-request-id": [
          "c9e13455-caf8-4e95-9b7e-6c4de3f5eae4"
        ],
        "x-ms-client-request-id": [
          "89aa0772-2285-44bd-a740-8a1b6d275038"
        ],
        "OData-Version": [
          "4.0"
        ],
        "Strict-Transport-Security": [
          "max-age=31536000; includeSubDomains"
        ],
        "x-ms-ratelimit-remaining-subscription-writes": [
          "1196"
        ],
        "x-ms-correlation-request-id": [
          "f2e95689-b8fd-434e-ba9a-73c81a13f5b1"
        ],
        "x-ms-routing-request-id": [
          "WESTUS2:20160729T013001Z:f2e95689-b8fd-434e-ba9a-73c81a13f5b1"
        ],
        "Cache-Control": [
          "no-cache"
        ],
        "Date": [
          "Fri, 29 Jul 2016 01:30:01 GMT"
        ],
        "Server": [
          "Microsoft-IIS/8.5"
        ],
        "X-AspNet-Version": [
          "4.0.30319"
        ],
        "X-Powered-By": [
          "ASP.NET"
        ]
      },
      "StatusCode": 200
    },
    {
      "RequestUri": "/subscriptions/4c552dc7-a66c-4fb3-a3ee-0941f36833f6/resourceGroups/pstestrg1960/providers/Microsoft.Media/mediaservices/medpstestrg1960?api-version=2015-10-01",
      "EncodedRequestUri": "L3N1YnNjcmlwdGlvbnMvNGM1NTJkYzctYTY2Yy00ZmIzLWEzZWUtMDk0MWYzNjgzM2Y2L3Jlc291cmNlR3JvdXBzL3BzdGVzdHJnMTk2MC9wcm92aWRlcnMvTWljcm9zb2Z0Lk1lZGlhL21lZGlhc2VydmljZXMvbWVkcHN0ZXN0cmcxOTYwP2FwaS12ZXJzaW9uPTIwMTUtMTAtMDE=",
      "RequestMethod": "DELETE",
      "RequestBody": "",
      "RequestHeaders": {
        "x-ms-client-request-id": [
          "9378955e-9fb9-4a81-bd47-ff05ebd981f3"
        ],
        "accept-language": [
          "en-US"
        ],
        "User-Agent": [
          "Microsoft.Azure.Management.Media.MediaServicesManagementClient/0.1.0"
        ]
      },
      "ResponseBody": "",
      "ResponseHeaders": {
        "Content-Length": [
          "0"
        ],
        "Expires": [
          "-1"
        ],
        "Pragma": [
          "no-cache"
        ],
        "x-ms-request-id": [
          "941d57c3-dde1-4519-8386-239edff84981"
        ],
        "x-ms-client-request-id": [
          "9378955e-9fb9-4a81-bd47-ff05ebd981f3"
        ],
        "Strict-Transport-Security": [
          "max-age=31536000; includeSubDomains"
        ],
        "x-ms-ratelimit-remaining-subscription-writes": [
          "1195"
        ],
        "x-ms-correlation-request-id": [
          "98f47c4d-461c-44c7-a51f-46576807911f"
        ],
        "x-ms-routing-request-id": [
          "WESTUS2:20160729T013004Z:98f47c4d-461c-44c7-a51f-46576807911f"
        ],
        "Cache-Control": [
          "no-cache"
        ],
        "Date": [
          "Fri, 29 Jul 2016 01:30:04 GMT"
        ],
        "Server": [
          "Microsoft-IIS/8.5"
        ],
        "X-AspNet-Version": [
          "4.0.30319"
        ],
        "X-Powered-By": [
          "ASP.NET"
        ]
      },
      "StatusCode": 200
    },
    {
      "RequestUri": "/subscriptions/4c552dc7-a66c-4fb3-a3ee-0941f36833f6/resourcegroups/pstestrg1960?api-version=2016-02-01",
      "EncodedRequestUri": "L3N1YnNjcmlwdGlvbnMvNGM1NTJkYzctYTY2Yy00ZmIzLWEzZWUtMDk0MWYzNjgzM2Y2L3Jlc291cmNlZ3JvdXBzL3BzdGVzdHJnMTk2MD9hcGktdmVyc2lvbj0yMDE2LTAyLTAx",
      "RequestMethod": "DELETE",
      "RequestBody": "",
      "RequestHeaders": {
        "User-Agent": [
          "Microsoft.Azure.Management.Resources.ResourceManagementClient/2.0.0.0"
        ]
      },
      "ResponseBody": "",
      "ResponseHeaders": {
        "Content-Length": [
          "0"
        ],
        "Expires": [
          "-1"
        ],
        "Pragma": [
          "no-cache"
        ],
        "Retry-After": [
          "15"
        ],
        "x-ms-ratelimit-remaining-subscription-writes": [
          "1194"
        ],
        "x-ms-request-id": [
          "83405564-c21d-4c38-8c31-51cd40c892d7"
        ],
        "x-ms-correlation-request-id": [
          "83405564-c21d-4c38-8c31-51cd40c892d7"
        ],
        "x-ms-routing-request-id": [
          "WESTUS2:20160729T013005Z:83405564-c21d-4c38-8c31-51cd40c892d7"
        ],
        "Strict-Transport-Security": [
          "max-age=31536000; includeSubDomains"
        ],
        "Cache-Control": [
          "no-cache"
        ],
        "Date": [
          "Fri, 29 Jul 2016 01:30:05 GMT"
        ],
        "Location": [
          "https://management.azure.com/subscriptions/4c552dc7-a66c-4fb3-a3ee-0941f36833f6/operationresults/eyJqb2JJZCI6IlJFU09VUkNFR1JPVVBERUxFVElPTkpPQi1QU1RFU1RSRzE5NjAtRUFTVFVTIiwiam9iTG9jYXRpb24iOiJlYXN0dXMifQ?api-version=2016-02-01"
        ]
      },
      "StatusCode": 202
    },
    {
      "RequestUri": "/subscriptions/4c552dc7-a66c-4fb3-a3ee-0941f36833f6/operationresults/eyJqb2JJZCI6IlJFU09VUkNFR1JPVVBERUxFVElPTkpPQi1QU1RFU1RSRzE5NjAtRUFTVFVTIiwiam9iTG9jYXRpb24iOiJlYXN0dXMifQ?api-version=2016-02-01",
      "EncodedRequestUri": "L3N1YnNjcmlwdGlvbnMvNGM1NTJkYzctYTY2Yy00ZmIzLWEzZWUtMDk0MWYzNjgzM2Y2L29wZXJhdGlvbnJlc3VsdHMvZXlKcWIySkpaQ0k2SWxKRlUwOVZVa05GUjFKUFZWQkVSVXhGVkVsUFRrcFBRaTFRVTFSRlUxUlNSekU1TmpBdFJVRlRWRlZUSWl3aWFtOWlURzlqWVhScGIyNGlPaUpsWVhOMGRYTWlmUT9hcGktdmVyc2lvbj0yMDE2LTAyLTAx",
      "RequestMethod": "GET",
      "RequestBody": "",
      "RequestHeaders": {
        "x-ms-version": [
          "2016-02-01"
        ],
        "User-Agent": [
          "Microsoft.Azure.Management.Resources.ResourceManagementClient/2.0.0.0"
        ]
      },
      "ResponseBody": "",
      "ResponseHeaders": {
        "Content-Length": [
          "0"
        ],
        "Expires": [
          "-1"
        ],
        "Pragma": [
          "no-cache"
        ],
        "Retry-After": [
          "15"
        ],
        "x-ms-ratelimit-remaining-subscription-reads": [
          "14993"
        ],
        "x-ms-request-id": [
          "41939450-7b45-4cc8-8b41-0331236cbcab"
        ],
        "x-ms-correlation-request-id": [
          "41939450-7b45-4cc8-8b41-0331236cbcab"
        ],
        "x-ms-routing-request-id": [
          "WESTUS2:20160729T013006Z:41939450-7b45-4cc8-8b41-0331236cbcab"
        ],
        "Strict-Transport-Security": [
          "max-age=31536000; includeSubDomains"
        ],
        "Cache-Control": [
          "no-cache"
        ],
        "Date": [
          "Fri, 29 Jul 2016 01:30:05 GMT"
        ],
        "Location": [
          "https://management.azure.com/subscriptions/4c552dc7-a66c-4fb3-a3ee-0941f36833f6/operationresults/eyJqb2JJZCI6IlJFU09VUkNFR1JPVVBERUxFVElPTkpPQi1QU1RFU1RSRzE5NjAtRUFTVFVTIiwiam9iTG9jYXRpb24iOiJlYXN0dXMifQ?api-version=2016-02-01"
        ]
      },
      "StatusCode": 202
    },
    {
      "RequestUri": "/subscriptions/4c552dc7-a66c-4fb3-a3ee-0941f36833f6/operationresults/eyJqb2JJZCI6IlJFU09VUkNFR1JPVVBERUxFVElPTkpPQi1QU1RFU1RSRzE5NjAtRUFTVFVTIiwiam9iTG9jYXRpb24iOiJlYXN0dXMifQ?api-version=2016-02-01",
      "EncodedRequestUri": "L3N1YnNjcmlwdGlvbnMvNGM1NTJkYzctYTY2Yy00ZmIzLWEzZWUtMDk0MWYzNjgzM2Y2L29wZXJhdGlvbnJlc3VsdHMvZXlKcWIySkpaQ0k2SWxKRlUwOVZVa05GUjFKUFZWQkVSVXhGVkVsUFRrcFBRaTFRVTFSRlUxUlNSekU1TmpBdFJVRlRWRlZUSWl3aWFtOWlURzlqWVhScGIyNGlPaUpsWVhOMGRYTWlmUT9hcGktdmVyc2lvbj0yMDE2LTAyLTAx",
      "RequestMethod": "GET",
      "RequestBody": "",
      "RequestHeaders": {
        "x-ms-version": [
          "2016-02-01"
        ],
        "User-Agent": [
          "Microsoft.Azure.Management.Resources.ResourceManagementClient/2.0.0.0"
        ]
      },
      "ResponseBody": "",
      "ResponseHeaders": {
        "Content-Length": [
          "0"
        ],
        "Expires": [
          "-1"
        ],
        "Pragma": [
          "no-cache"
        ],
        "Retry-After": [
          "15"
        ],
        "x-ms-ratelimit-remaining-subscription-reads": [
          "14992"
        ],
        "x-ms-request-id": [
          "f2f7085b-688a-4c4f-be29-3ea07fb119ce"
        ],
        "x-ms-correlation-request-id": [
          "f2f7085b-688a-4c4f-be29-3ea07fb119ce"
        ],
        "x-ms-routing-request-id": [
          "WESTUS2:20160729T013021Z:f2f7085b-688a-4c4f-be29-3ea07fb119ce"
        ],
        "Strict-Transport-Security": [
          "max-age=31536000; includeSubDomains"
        ],
        "Cache-Control": [
          "no-cache"
        ],
        "Date": [
          "Fri, 29 Jul 2016 01:30:20 GMT"
        ],
        "Location": [
          "https://management.azure.com/subscriptions/4c552dc7-a66c-4fb3-a3ee-0941f36833f6/operationresults/eyJqb2JJZCI6IlJFU09VUkNFR1JPVVBERUxFVElPTkpPQi1QU1RFU1RSRzE5NjAtRUFTVFVTIiwiam9iTG9jYXRpb24iOiJlYXN0dXMifQ?api-version=2016-02-01"
        ]
      },
      "StatusCode": 202
    },
    {
      "RequestUri": "/subscriptions/4c552dc7-a66c-4fb3-a3ee-0941f36833f6/operationresults/eyJqb2JJZCI6IlJFU09VUkNFR1JPVVBERUxFVElPTkpPQi1QU1RFU1RSRzE5NjAtRUFTVFVTIiwiam9iTG9jYXRpb24iOiJlYXN0dXMifQ?api-version=2016-02-01",
      "EncodedRequestUri": "L3N1YnNjcmlwdGlvbnMvNGM1NTJkYzctYTY2Yy00ZmIzLWEzZWUtMDk0MWYzNjgzM2Y2L29wZXJhdGlvbnJlc3VsdHMvZXlKcWIySkpaQ0k2SWxKRlUwOVZVa05GUjFKUFZWQkVSVXhGVkVsUFRrcFBRaTFRVTFSRlUxUlNSekU1TmpBdFJVRlRWRlZUSWl3aWFtOWlURzlqWVhScGIyNGlPaUpsWVhOMGRYTWlmUT9hcGktdmVyc2lvbj0yMDE2LTAyLTAx",
      "RequestMethod": "GET",
      "RequestBody": "",
      "RequestHeaders": {
        "x-ms-version": [
          "2016-02-01"
        ],
        "User-Agent": [
          "Microsoft.Azure.Management.Resources.ResourceManagementClient/2.0.0.0"
        ]
      },
      "ResponseBody": "",
      "ResponseHeaders": {
        "Content-Length": [
          "0"
        ],
        "Expires": [
          "-1"
        ],
        "Pragma": [
          "no-cache"
        ],
        "Retry-After": [
          "15"
        ],
        "x-ms-ratelimit-remaining-subscription-reads": [
          "14990"
        ],
        "x-ms-request-id": [
          "bfcfc3ea-e902-46ec-8b57-dfed3d3e2c0a"
        ],
        "x-ms-correlation-request-id": [
          "bfcfc3ea-e902-46ec-8b57-dfed3d3e2c0a"
        ],
        "x-ms-routing-request-id": [
          "WESTUS2:20160729T013036Z:bfcfc3ea-e902-46ec-8b57-dfed3d3e2c0a"
        ],
        "Strict-Transport-Security": [
          "max-age=31536000; includeSubDomains"
        ],
        "Cache-Control": [
          "no-cache"
        ],
        "Date": [
          "Fri, 29 Jul 2016 01:30:36 GMT"
        ],
        "Location": [
          "https://management.azure.com/subscriptions/4c552dc7-a66c-4fb3-a3ee-0941f36833f6/operationresults/eyJqb2JJZCI6IlJFU09VUkNFR1JPVVBERUxFVElPTkpPQi1QU1RFU1RSRzE5NjAtRUFTVFVTIiwiam9iTG9jYXRpb24iOiJlYXN0dXMifQ?api-version=2016-02-01"
        ]
      },
      "StatusCode": 202
    },
    {
      "RequestUri": "/subscriptions/4c552dc7-a66c-4fb3-a3ee-0941f36833f6/operationresults/eyJqb2JJZCI6IlJFU09VUkNFR1JPVVBERUxFVElPTkpPQi1QU1RFU1RSRzE5NjAtRUFTVFVTIiwiam9iTG9jYXRpb24iOiJlYXN0dXMifQ?api-version=2016-02-01",
      "EncodedRequestUri": "L3N1YnNjcmlwdGlvbnMvNGM1NTJkYzctYTY2Yy00ZmIzLWEzZWUtMDk0MWYzNjgzM2Y2L29wZXJhdGlvbnJlc3VsdHMvZXlKcWIySkpaQ0k2SWxKRlUwOVZVa05GUjFKUFZWQkVSVXhGVkVsUFRrcFBRaTFRVTFSRlUxUlNSekU1TmpBdFJVRlRWRlZUSWl3aWFtOWlURzlqWVhScGIyNGlPaUpsWVhOMGRYTWlmUT9hcGktdmVyc2lvbj0yMDE2LTAyLTAx",
      "RequestMethod": "GET",
      "RequestBody": "",
      "RequestHeaders": {
        "x-ms-version": [
          "2016-02-01"
        ],
        "User-Agent": [
          "Microsoft.Azure.Management.Resources.ResourceManagementClient/2.0.0.0"
        ]
      },
      "ResponseBody": "",
      "ResponseHeaders": {
        "Content-Length": [
          "0"
        ],
        "Expires": [
          "-1"
        ],
        "Pragma": [
          "no-cache"
        ],
        "Retry-After": [
          "15"
        ],
        "x-ms-ratelimit-remaining-subscription-reads": [
          "14989"
        ],
        "x-ms-request-id": [
          "fe226c5a-0dab-405b-ad26-269395e928e2"
        ],
        "x-ms-correlation-request-id": [
          "fe226c5a-0dab-405b-ad26-269395e928e2"
        ],
        "x-ms-routing-request-id": [
          "WESTUS2:20160729T013051Z:fe226c5a-0dab-405b-ad26-269395e928e2"
        ],
        "Strict-Transport-Security": [
          "max-age=31536000; includeSubDomains"
        ],
        "Cache-Control": [
          "no-cache"
        ],
        "Date": [
          "Fri, 29 Jul 2016 01:30:51 GMT"
        ],
        "Location": [
          "https://management.azure.com/subscriptions/4c552dc7-a66c-4fb3-a3ee-0941f36833f6/operationresults/eyJqb2JJZCI6IlJFU09VUkNFR1JPVVBERUxFVElPTkpPQi1QU1RFU1RSRzE5NjAtRUFTVFVTIiwiam9iTG9jYXRpb24iOiJlYXN0dXMifQ?api-version=2016-02-01"
        ]
      },
      "StatusCode": 202
    },
    {
      "RequestUri": "/subscriptions/4c552dc7-a66c-4fb3-a3ee-0941f36833f6/operationresults/eyJqb2JJZCI6IlJFU09VUkNFR1JPVVBERUxFVElPTkpPQi1QU1RFU1RSRzE5NjAtRUFTVFVTIiwiam9iTG9jYXRpb24iOiJlYXN0dXMifQ?api-version=2016-02-01",
      "EncodedRequestUri": "L3N1YnNjcmlwdGlvbnMvNGM1NTJkYzctYTY2Yy00ZmIzLWEzZWUtMDk0MWYzNjgzM2Y2L29wZXJhdGlvbnJlc3VsdHMvZXlKcWIySkpaQ0k2SWxKRlUwOVZVa05GUjFKUFZWQkVSVXhGVkVsUFRrcFBRaTFRVTFSRlUxUlNSekU1TmpBdFJVRlRWRlZUSWl3aWFtOWlURzlqWVhScGIyNGlPaUpsWVhOMGRYTWlmUT9hcGktdmVyc2lvbj0yMDE2LTAyLTAx",
      "RequestMethod": "GET",
      "RequestBody": "",
      "RequestHeaders": {
        "x-ms-version": [
          "2016-02-01"
        ],
        "User-Agent": [
          "Microsoft.Azure.Management.Resources.ResourceManagementClient/2.0.0.0"
        ]
      },
      "ResponseBody": "",
      "ResponseHeaders": {
        "Content-Length": [
          "0"
        ],
        "Expires": [
          "-1"
        ],
        "Pragma": [
          "no-cache"
        ],
        "Retry-After": [
          "15"
        ],
        "x-ms-ratelimit-remaining-subscription-reads": [
          "14988"
        ],
        "x-ms-request-id": [
          "35202aef-13ae-41b3-b38f-b91b3d3bc16d"
        ],
        "x-ms-correlation-request-id": [
          "35202aef-13ae-41b3-b38f-b91b3d3bc16d"
        ],
        "x-ms-routing-request-id": [
          "WESTUS2:20160729T013106Z:35202aef-13ae-41b3-b38f-b91b3d3bc16d"
        ],
        "Strict-Transport-Security": [
          "max-age=31536000; includeSubDomains"
        ],
        "Cache-Control": [
          "no-cache"
        ],
        "Date": [
          "Fri, 29 Jul 2016 01:31:05 GMT"
        ],
        "Location": [
          "https://management.azure.com/subscriptions/4c552dc7-a66c-4fb3-a3ee-0941f36833f6/operationresults/eyJqb2JJZCI6IlJFU09VUkNFR1JPVVBERUxFVElPTkpPQi1QU1RFU1RSRzE5NjAtRUFTVFVTIiwiam9iTG9jYXRpb24iOiJlYXN0dXMifQ?api-version=2016-02-01"
        ]
      },
      "StatusCode": 202
    },
    {
      "RequestUri": "/subscriptions/4c552dc7-a66c-4fb3-a3ee-0941f36833f6/operationresults/eyJqb2JJZCI6IlJFU09VUkNFR1JPVVBERUxFVElPTkpPQi1QU1RFU1RSRzE5NjAtRUFTVFVTIiwiam9iTG9jYXRpb24iOiJlYXN0dXMifQ?api-version=2016-02-01",
      "EncodedRequestUri": "L3N1YnNjcmlwdGlvbnMvNGM1NTJkYzctYTY2Yy00ZmIzLWEzZWUtMDk0MWYzNjgzM2Y2L29wZXJhdGlvbnJlc3VsdHMvZXlKcWIySkpaQ0k2SWxKRlUwOVZVa05GUjFKUFZWQkVSVXhGVkVsUFRrcFBRaTFRVTFSRlUxUlNSekU1TmpBdFJVRlRWRlZUSWl3aWFtOWlURzlqWVhScGIyNGlPaUpsWVhOMGRYTWlmUT9hcGktdmVyc2lvbj0yMDE2LTAyLTAx",
      "RequestMethod": "GET",
      "RequestBody": "",
      "RequestHeaders": {
        "x-ms-version": [
          "2016-02-01"
        ],
        "User-Agent": [
          "Microsoft.Azure.Management.Resources.ResourceManagementClient/2.0.0.0"
        ]
      },
      "ResponseBody": "",
      "ResponseHeaders": {
        "Content-Length": [
          "0"
        ],
        "Expires": [
          "-1"
        ],
        "Pragma": [
          "no-cache"
        ],
        "Retry-After": [
          "15"
        ],
        "x-ms-ratelimit-remaining-subscription-reads": [
          "14987"
        ],
        "x-ms-request-id": [
          "64549455-3aa2-4cdc-acc1-0e6d0a5c1ef5"
        ],
        "x-ms-correlation-request-id": [
          "64549455-3aa2-4cdc-acc1-0e6d0a5c1ef5"
        ],
        "x-ms-routing-request-id": [
          "WESTUS2:20160729T013123Z:64549455-3aa2-4cdc-acc1-0e6d0a5c1ef5"
        ],
        "Strict-Transport-Security": [
          "max-age=31536000; includeSubDomains"
        ],
        "Cache-Control": [
          "no-cache"
        ],
        "Date": [
          "Fri, 29 Jul 2016 01:31:23 GMT"
        ],
        "Location": [
          "https://management.azure.com/subscriptions/4c552dc7-a66c-4fb3-a3ee-0941f36833f6/operationresults/eyJqb2JJZCI6IlJFU09VUkNFR1JPVVBERUxFVElPTkpPQi1QU1RFU1RSRzE5NjAtRUFTVFVTIiwiam9iTG9jYXRpb24iOiJlYXN0dXMifQ?api-version=2016-02-01"
        ]
      },
      "StatusCode": 202
    },
    {
      "RequestUri": "/subscriptions/4c552dc7-a66c-4fb3-a3ee-0941f36833f6/operationresults/eyJqb2JJZCI6IlJFU09VUkNFR1JPVVBERUxFVElPTkpPQi1QU1RFU1RSRzE5NjAtRUFTVFVTIiwiam9iTG9jYXRpb24iOiJlYXN0dXMifQ?api-version=2016-02-01",
      "EncodedRequestUri": "L3N1YnNjcmlwdGlvbnMvNGM1NTJkYzctYTY2Yy00ZmIzLWEzZWUtMDk0MWYzNjgzM2Y2L29wZXJhdGlvbnJlc3VsdHMvZXlKcWIySkpaQ0k2SWxKRlUwOVZVa05GUjFKUFZWQkVSVXhGVkVsUFRrcFBRaTFRVTFSRlUxUlNSekU1TmpBdFJVRlRWRlZUSWl3aWFtOWlURzlqWVhScGIyNGlPaUpsWVhOMGRYTWlmUT9hcGktdmVyc2lvbj0yMDE2LTAyLTAx",
      "RequestMethod": "GET",
      "RequestBody": "",
      "RequestHeaders": {
        "x-ms-version": [
          "2016-02-01"
        ],
        "User-Agent": [
          "Microsoft.Azure.Management.Resources.ResourceManagementClient/2.0.0.0"
        ]
      },
      "ResponseBody": "",
      "ResponseHeaders": {
        "Content-Length": [
          "0"
        ],
        "Expires": [
          "-1"
        ],
        "Pragma": [
          "no-cache"
        ],
        "x-ms-ratelimit-remaining-subscription-reads": [
          "14985"
        ],
        "x-ms-request-id": [
          "c199fdd4-39c0-482f-bc67-0a973f95f80e"
        ],
        "x-ms-correlation-request-id": [
          "c199fdd4-39c0-482f-bc67-0a973f95f80e"
        ],
        "x-ms-routing-request-id": [
          "WESTUS2:20160729T013139Z:c199fdd4-39c0-482f-bc67-0a973f95f80e"
        ],
        "Strict-Transport-Security": [
          "max-age=31536000; includeSubDomains"
        ],
        "Cache-Control": [
          "no-cache"
        ],
        "Date": [
          "Fri, 29 Jul 2016 01:31:38 GMT"
        ]
      },
      "StatusCode": 200
    }
  ],
  "Names": {
    "Test-MediaWithPiping": [
      "pstestrg1960"
    ]
  },
  "Variables": {
    "SubscriptionId": "4c552dc7-a66c-4fb3-a3ee-0941f36833f6"
  }
}