{
  "Entries": [
    {
      "RequestUri": "/subscriptions/5250dd92-b580-46be-b327-e6596c8de196/resourcegroups/IntegrationAccountPsCmdletTest?api-version=2016-02-01",
      "EncodedRequestUri": "L3N1YnNjcmlwdGlvbnMvNTI1MGRkOTItYjU4MC00NmJlLWIzMjctZTY1OTZjOGRlMTk2L3Jlc291cmNlZ3JvdXBzL0ludGVncmF0aW9uQWNjb3VudFBzQ21kbGV0VGVzdD9hcGktdmVyc2lvbj0yMDE2LTAyLTAx",
      "RequestMethod": "PUT",
      "RequestBody": "{\r\n  \"location\": \"brazilsouth\"\r\n}",
      "RequestHeaders": {
        "Content-Type": [
          "application/json; charset=utf-8"
        ],
        "Content-Length": [
          "33"
        ],
        "User-Agent": [
          "Microsoft.Azure.Management.Resources.ResourceManagementClient/2.0.0.0"
        ]
      },
      "ResponseBody": "{\r\n  \"id\": \"/subscriptions/5250dd92-b580-46be-b327-e6596c8de196/resourceGroups/IntegrationAccountPsCmdletTest\",\r\n  \"name\": \"IntegrationAccountPsCmdletTest\",\r\n  \"location\": \"brazilsouth\",\r\n  \"properties\": {\r\n    \"provisioningState\": \"Succeeded\"\r\n  }\r\n}",
      "ResponseHeaders": {
        "Content-Length": [
          "218"
        ],
        "Content-Type": [
          "application/json; charset=utf-8"
        ],
        "Expires": [
          "-1"
        ],
        "Pragma": [
          "no-cache"
        ],
        "x-ms-ratelimit-remaining-subscription-writes": [
          "1197"
        ],
        "x-ms-request-id": [
          "66571e16-d564-4a67-bdea-f54b1ed69ee3"
        ],
        "x-ms-correlation-request-id": [
          "66571e16-d564-4a67-bdea-f54b1ed69ee3"
        ],
        "x-ms-routing-request-id": [
          "WESTUS2:20160722T173046Z:66571e16-d564-4a67-bdea-f54b1ed69ee3"
        ],
        "Strict-Transport-Security": [
          "max-age=31536000; includeSubDomains"
        ],
        "Cache-Control": [
          "no-cache"
        ],
        "Date": [
          "Fri, 22 Jul 2016 17:30:46 GMT"
        ]
      },
      "StatusCode": 200
    },
    {
      "RequestUri": "/subscriptions/5250dd92-b580-46be-b327-e6596c8de196/resourceGroups/IntegrationAccountPsCmdletTest/providers/Microsoft.Logic/integrationAccounts/onesdk3238?api-version=2015-08-01-preview",
      "EncodedRequestUri": "L3N1YnNjcmlwdGlvbnMvNTI1MGRkOTItYjU4MC00NmJlLWIzMjctZTY1OTZjOGRlMTk2L3Jlc291cmNlR3JvdXBzL0ludGVncmF0aW9uQWNjb3VudFBzQ21kbGV0VGVzdC9wcm92aWRlcnMvTWljcm9zb2Z0LkxvZ2ljL2ludGVncmF0aW9uQWNjb3VudHMvb25lc2RrMzIzOD9hcGktdmVyc2lvbj0yMDE1LTA4LTAxLXByZXZpZXc=",
      "RequestMethod": "GET",
      "RequestBody": "",
      "RequestHeaders": {
        "x-ms-client-request-id": [
          "0db328f2-6ada-4fa3-b708-753fd0b1a0ac"
        ],
        "accept-language": [
          "en-US"
        ],
        "User-Agent": [
          "Microsoft.Azure.Management.Logic.LogicManagementClient/0.1.0.0"
        ]
      },
      "ResponseBody": "{\r\n  \"error\": {\r\n    \"code\": \"ResourceNotFound\",\r\n    \"message\": \"The Resource 'Microsoft.Logic/integrationAccounts/onesdk3238' under resource group 'IntegrationAccountPsCmdletTest' was not found.\"\r\n  }\r\n}",
      "ResponseHeaders": {
        "Content-Length": [
          "180"
        ],
        "Content-Type": [
          "application/json; charset=utf-8"
        ],
        "Expires": [
          "-1"
        ],
        "Pragma": [
          "no-cache"
        ],
        "x-ms-failure-cause": [
          "gateway"
        ],
        "x-ms-request-id": [
          "84c1b741-4854-4dbe-b6f4-9506c5f27cea"
        ],
        "x-ms-correlation-request-id": [
          "84c1b741-4854-4dbe-b6f4-9506c5f27cea"
        ],
        "x-ms-routing-request-id": [
          "WESTUS2:20160722T173047Z:84c1b741-4854-4dbe-b6f4-9506c5f27cea"
        ],
        "Strict-Transport-Security": [
          "max-age=31536000; includeSubDomains"
        ],
        "Cache-Control": [
          "no-cache"
        ],
        "Date": [
          "Fri, 22 Jul 2016 17:30:46 GMT"
        ]
      },
      "StatusCode": 404
    },
    {
      "RequestUri": "/subscriptions/5250dd92-b580-46be-b327-e6596c8de196/resourceGroups/IntegrationAccountPsCmdletTest/providers/Microsoft.Logic/integrationAccounts/onesdk3238?api-version=2015-08-01-preview",
      "EncodedRequestUri": "L3N1YnNjcmlwdGlvbnMvNTI1MGRkOTItYjU4MC00NmJlLWIzMjctZTY1OTZjOGRlMTk2L3Jlc291cmNlR3JvdXBzL0ludGVncmF0aW9uQWNjb3VudFBzQ21kbGV0VGVzdC9wcm92aWRlcnMvTWljcm9zb2Z0LkxvZ2ljL2ludGVncmF0aW9uQWNjb3VudHMvb25lc2RrMzIzOD9hcGktdmVyc2lvbj0yMDE1LTA4LTAxLXByZXZpZXc=",
      "RequestMethod": "GET",
      "RequestBody": "",
      "RequestHeaders": {
        "x-ms-client-request-id": [
          "5aee0eb5-8db1-42e4-a665-14c50862b02c"
        ],
        "accept-language": [
          "en-US"
        ],
        "User-Agent": [
          "Microsoft.Azure.Management.Logic.LogicManagementClient/0.1.0.0"
        ]
      },
      "ResponseBody": "{\r\n  \"properties\": {},\r\n  \"sku\": {\r\n    \"name\": \"Standard\"\r\n  },\r\n  \"id\": \"/subscriptions/5250dd92-b580-46be-b327-e6596c8de196/resourceGroups/IntegrationAccountPsCmdletTest/providers/Microsoft.Logic/integrationAccounts/onesdk3238\",\r\n  \"name\": \"onesdk3238\",\r\n  \"type\": \"Microsoft.Logic/integrationAccounts\",\r\n  \"location\": \"brazilsouth\"\r\n}",
      "ResponseHeaders": {
        "Content-Length": [
          "295"
        ],
        "Content-Type": [
          "application/json; charset=utf-8"
        ],
        "Expires": [
          "-1"
        ],
        "Pragma": [
          "no-cache"
        ],
        "Vary": [
          "Accept-Encoding"
        ],
        "x-ms-request-id": [
          "brazilsouth:02eb1552-2209-432a-8937-bfa9a8693fe3"
        ],
        "Strict-Transport-Security": [
          "max-age=31536000; includeSubDomains"
        ],
        "x-ms-ratelimit-remaining-subscription-reads": [
          "14993"
        ],
        "x-ms-correlation-request-id": [
          "6b499d62-418a-49be-b63d-9bb05adf5f93"
        ],
        "x-ms-routing-request-id": [
          "WESTUS2:20160722T173051Z:6b499d62-418a-49be-b63d-9bb05adf5f93"
        ],
        "Cache-Control": [
          "no-cache"
        ],
        "Date": [
          "Fri, 22 Jul 2016 17:30:50 GMT"
        ]
      },
      "StatusCode": 200
    },
    {
      "RequestUri": "/subscriptions/5250dd92-b580-46be-b327-e6596c8de196/resourceGroups/IntegrationAccountPsCmdletTest/providers/Microsoft.Logic/integrationAccounts/onesdk3238?api-version=2015-08-01-preview",
      "EncodedRequestUri": "L3N1YnNjcmlwdGlvbnMvNTI1MGRkOTItYjU4MC00NmJlLWIzMjctZTY1OTZjOGRlMTk2L3Jlc291cmNlR3JvdXBzL0ludGVncmF0aW9uQWNjb3VudFBzQ21kbGV0VGVzdC9wcm92aWRlcnMvTWljcm9zb2Z0LkxvZ2ljL2ludGVncmF0aW9uQWNjb3VudHMvb25lc2RrMzIzOD9hcGktdmVyc2lvbj0yMDE1LTA4LTAxLXByZXZpZXc=",
      "RequestMethod": "GET",
      "RequestBody": "",
      "RequestHeaders": {
        "x-ms-client-request-id": [
          "820b859c-f43f-4f69-bc54-75fcf096a103"
        ],
        "accept-language": [
          "en-US"
        ],
        "User-Agent": [
          "Microsoft.Azure.Management.Logic.LogicManagementClient/0.1.0.0"
        ]
      },
      "ResponseBody": "{\r\n  \"properties\": {},\r\n  \"sku\": {\r\n    \"name\": \"Standard\"\r\n  },\r\n  \"id\": \"/subscriptions/5250dd92-b580-46be-b327-e6596c8de196/resourceGroups/IntegrationAccountPsCmdletTest/providers/Microsoft.Logic/integrationAccounts/onesdk3238\",\r\n  \"name\": \"onesdk3238\",\r\n  \"type\": \"Microsoft.Logic/integrationAccounts\",\r\n  \"location\": \"brazilsouth\"\r\n}",
      "ResponseHeaders": {
        "Content-Length": [
          "295"
        ],
        "Content-Type": [
          "application/json; charset=utf-8"
        ],
        "Expires": [
          "-1"
        ],
        "Pragma": [
          "no-cache"
        ],
        "Vary": [
          "Accept-Encoding"
        ],
        "x-ms-request-id": [
          "brazilsouth:47615c8b-6912-4845-b790-fb010348c70c"
        ],
        "Strict-Transport-Security": [
          "max-age=31536000; includeSubDomains"
        ],
        "x-ms-ratelimit-remaining-subscription-reads": [
          "14991"
        ],
        "x-ms-correlation-request-id": [
          "1e8eb8c3-6db4-4169-8e94-8ee0d8f96e13"
        ],
        "x-ms-routing-request-id": [
          "WESTUS2:20160722T173051Z:1e8eb8c3-6db4-4169-8e94-8ee0d8f96e13"
        ],
        "Cache-Control": [
          "no-cache"
        ],
        "Date": [
          "Fri, 22 Jul 2016 17:30:51 GMT"
        ]
      },
      "StatusCode": 200
    },
    {
      "RequestUri": "/subscriptions/5250dd92-b580-46be-b327-e6596c8de196/resourceGroups/IntegrationAccountPsCmdletTest/providers/Microsoft.Logic/integrationAccounts/onesdk3238?api-version=2015-08-01-preview",
      "EncodedRequestUri": "L3N1YnNjcmlwdGlvbnMvNTI1MGRkOTItYjU4MC00NmJlLWIzMjctZTY1OTZjOGRlMTk2L3Jlc291cmNlR3JvdXBzL0ludGVncmF0aW9uQWNjb3VudFBzQ21kbGV0VGVzdC9wcm92aWRlcnMvTWljcm9zb2Z0LkxvZ2ljL2ludGVncmF0aW9uQWNjb3VudHMvb25lc2RrMzIzOD9hcGktdmVyc2lvbj0yMDE1LTA4LTAxLXByZXZpZXc=",
      "RequestMethod": "GET",
      "RequestBody": "",
      "RequestHeaders": {
        "x-ms-client-request-id": [
          "04d23df4-9c45-428e-9f2d-2d43e79dff16"
        ],
        "accept-language": [
          "en-US"
        ],
        "User-Agent": [
          "Microsoft.Azure.Management.Logic.LogicManagementClient/0.1.0.0"
        ]
      },
      "ResponseBody": "{\r\n  \"properties\": {},\r\n  \"sku\": {\r\n    \"name\": \"Standard\"\r\n  },\r\n  \"id\": \"/subscriptions/5250dd92-b580-46be-b327-e6596c8de196/resourceGroups/IntegrationAccountPsCmdletTest/providers/Microsoft.Logic/integrationAccounts/onesdk3238\",\r\n  \"name\": \"onesdk3238\",\r\n  \"type\": \"Microsoft.Logic/integrationAccounts\",\r\n  \"location\": \"brazilsouth\"\r\n}",
      "ResponseHeaders": {
        "Content-Length": [
          "295"
        ],
        "Content-Type": [
          "application/json; charset=utf-8"
        ],
        "Expires": [
          "-1"
        ],
        "Pragma": [
          "no-cache"
        ],
        "Vary": [
          "Accept-Encoding"
        ],
        "x-ms-request-id": [
          "brazilsouth:ebe40163-149d-495f-98f4-2e11dc987491"
        ],
        "Strict-Transport-Security": [
          "max-age=31536000; includeSubDomains"
        ],
        "x-ms-ratelimit-remaining-subscription-reads": [
          "14989"
        ],
        "x-ms-correlation-request-id": [
          "9871e49a-102b-4abc-8f23-ecfee5a867f6"
        ],
        "x-ms-routing-request-id": [
          "WESTUS2:20160722T173052Z:9871e49a-102b-4abc-8f23-ecfee5a867f6"
        ],
        "Cache-Control": [
          "no-cache"
        ],
        "Date": [
          "Fri, 22 Jul 2016 17:30:51 GMT"
        ]
      },
      "StatusCode": 200
    },
    {
      "RequestUri": "/subscriptions/5250dd92-b580-46be-b327-e6596c8de196/resourceGroups/IntegrationAccountPsCmdletTest/providers/Microsoft.Logic/integrationAccounts/onesdk3238?api-version=2015-08-01-preview",
      "EncodedRequestUri": "L3N1YnNjcmlwdGlvbnMvNTI1MGRkOTItYjU4MC00NmJlLWIzMjctZTY1OTZjOGRlMTk2L3Jlc291cmNlR3JvdXBzL0ludGVncmF0aW9uQWNjb3VudFBzQ21kbGV0VGVzdC9wcm92aWRlcnMvTWljcm9zb2Z0LkxvZ2ljL2ludGVncmF0aW9uQWNjb3VudHMvb25lc2RrMzIzOD9hcGktdmVyc2lvbj0yMDE1LTA4LTAxLXByZXZpZXc=",
      "RequestMethod": "PUT",
      "RequestBody": "{\r\n  \"properties\": {},\r\n  \"sku\": {\r\n    \"name\": \"Standard\"\r\n  },\r\n  \"location\": \"brazilsouth\"\r\n}",
      "RequestHeaders": {
        "Content-Type": [
          "application/json; charset=utf-8"
        ],
        "Content-Length": [
          "96"
        ],
        "x-ms-client-request-id": [
          "a5cc9f36-d6f6-45da-b268-92f9e2c16648"
        ],
        "accept-language": [
          "en-US"
        ],
        "User-Agent": [
          "Microsoft.Azure.Management.Logic.LogicManagementClient/0.1.0.0"
        ]
      },
      "ResponseBody": "{\r\n  \"properties\": {},\r\n  \"sku\": {\r\n    \"name\": \"Standard\"\r\n  },\r\n  \"id\": \"/subscriptions/5250dd92-b580-46be-b327-e6596c8de196/resourceGroups/IntegrationAccountPsCmdletTest/providers/Microsoft.Logic/integrationAccounts/onesdk3238\",\r\n  \"name\": \"onesdk3238\",\r\n  \"type\": \"Microsoft.Logic/integrationAccounts\",\r\n  \"location\": \"brazilsouth\"\r\n}",
      "ResponseHeaders": {
        "Content-Length": [
          "295"
        ],
        "Content-Type": [
          "application/json; charset=utf-8"
        ],
        "Expires": [
          "-1"
        ],
        "Pragma": [
          "no-cache"
        ],
        "x-ms-request-id": [
          "brazilsouth:fe70ae07-a987-4ed7-acee-118a0ac49e0b"
        ],
        "Strict-Transport-Security": [
          "max-age=31536000; includeSubDomains"
        ],
        "x-ms-ratelimit-remaining-subscription-writes": [
          "1195"
        ],
        "x-ms-correlation-request-id": [
          "5d3d0248-df55-4bfb-b32c-dfca976b51a9"
        ],
        "x-ms-routing-request-id": [
          "WESTUS2:20160722T173051Z:5d3d0248-df55-4bfb-b32c-dfca976b51a9"
        ],
        "Cache-Control": [
          "no-cache"
        ],
        "Date": [
          "Fri, 22 Jul 2016 17:30:50 GMT"
        ]
      },
      "StatusCode": 201
    },
    {
      "RequestUri": "/subscriptions/5250dd92-b580-46be-b327-e6596c8de196/resourceGroups/IntegrationAccountPsCmdletTest/providers/Microsoft.Logic/integrationAccounts/onesdk3238/partners/onesdk8847?api-version=2015-08-01-preview",
      "EncodedRequestUri": "L3N1YnNjcmlwdGlvbnMvNTI1MGRkOTItYjU4MC00NmJlLWIzMjctZTY1OTZjOGRlMTk2L3Jlc291cmNlR3JvdXBzL0ludGVncmF0aW9uQWNjb3VudFBzQ21kbGV0VGVzdC9wcm92aWRlcnMvTWljcm9zb2Z0LkxvZ2ljL2ludGVncmF0aW9uQWNjb3VudHMvb25lc2RrMzIzOC9wYXJ0bmVycy9vbmVzZGs4ODQ3P2FwaS12ZXJzaW9uPTIwMTUtMDgtMDEtcHJldmlldw==",
      "RequestMethod": "GET",
      "RequestBody": "",
      "RequestHeaders": {
        "x-ms-client-request-id": [
          "b75336b4-01f7-4558-9d95-e449a3dfe781"
        ],
        "accept-language": [
          "en-US"
        ],
        "User-Agent": [
          "Microsoft.Azure.Management.Logic.LogicManagementClient/0.1.0.0"
        ]
      },
      "ResponseBody": "{\r\n  \"error\": {\r\n    \"code\": \"PartnerNotFound\",\r\n    \"message\": \"The partner 'onesdk8847' could not be found in integration account 'onesdk3238'.\"\r\n  }\r\n}",
      "ResponseHeaders": {
        "Content-Length": [
          "129"
        ],
        "Content-Type": [
          "application/json; charset=utf-8"
        ],
        "Expires": [
          "-1"
        ],
        "Pragma": [
          "no-cache"
        ],
        "x-ms-request-id": [
          "brazilsouth:bc23cf82-7190-43cc-87d3-82658dd057bb"
        ],
        "Strict-Transport-Security": [
          "max-age=31536000; includeSubDomains"
        ],
        "x-ms-ratelimit-remaining-subscription-reads": [
          "14992"
        ],
        "x-ms-correlation-request-id": [
          "6e908e00-6e31-4007-a36b-23783c97c689"
        ],
        "x-ms-routing-request-id": [
          "WESTUS2:20160722T173051Z:6e908e00-6e31-4007-a36b-23783c97c689"
        ],
        "Cache-Control": [
          "no-cache"
        ],
        "Date": [
          "Fri, 22 Jul 2016 17:30:51 GMT"
        ]
      },
      "StatusCode": 404
    },
    {
      "RequestUri": "/subscriptions/5250dd92-b580-46be-b327-e6596c8de196/resourceGroups/IntegrationAccountPsCmdletTest/providers/Microsoft.Logic/integrationAccounts/onesdk3238/partners/onesdk8847?api-version=2015-08-01-preview",
      "EncodedRequestUri": "L3N1YnNjcmlwdGlvbnMvNTI1MGRkOTItYjU4MC00NmJlLWIzMjctZTY1OTZjOGRlMTk2L3Jlc291cmNlR3JvdXBzL0ludGVncmF0aW9uQWNjb3VudFBzQ21kbGV0VGVzdC9wcm92aWRlcnMvTWljcm9zb2Z0LkxvZ2ljL2ludGVncmF0aW9uQWNjb3VudHMvb25lc2RrMzIzOC9wYXJ0bmVycy9vbmVzZGs4ODQ3P2FwaS12ZXJzaW9uPTIwMTUtMDgtMDEtcHJldmlldw==",
      "RequestMethod": "GET",
      "RequestBody": "",
      "RequestHeaders": {
        "x-ms-client-request-id": [
          "cf2067b8-429b-441f-8949-4f6e3bfc14d5"
        ],
        "accept-language": [
          "en-US"
        ],
        "User-Agent": [
          "Microsoft.Azure.Management.Logic.LogicManagementClient/0.1.0.0"
        ]
      },
      "ResponseBody": "{\r\n  \"properties\": {\r\n    \"partnerType\": \"B2B\",\r\n    \"content\": {\r\n      \"b2b\": {\r\n        \"businessIdentities\": [\r\n          {\r\n            \"qualifier\": \"BB\",\r\n            \"value\": \"BB\"\r\n          },\r\n          {\r\n            \"qualifier\": \"AA\",\r\n            \"value\": \"AA\"\r\n          }\r\n        ]\r\n      }\r\n    },\r\n    \"createdTime\": \"2016-07-22T17:30:51.9493219Z\",\r\n    \"changedTime\": \"2016-07-22T17:30:51.9502194Z\"\r\n  },\r\n  \"id\": \"/subscriptions/5250dd92-b580-46be-b327-e6596c8de196/resourceGroups/IntegrationAccountPsCmdletTest/providers/Microsoft.Logic/integrationAccounts/onesdk3238/partners/onesdk8847\",\r\n  \"name\": \"onesdk8847\",\r\n  \"type\": \"Microsoft.Logic/integrationAccounts/partners\"\r\n}",
      "ResponseHeaders": {
        "Content-Length": [
          "489"
        ],
        "Content-Type": [
          "application/json; charset=utf-8"
        ],
        "Expires": [
          "-1"
        ],
        "Pragma": [
          "no-cache"
        ],
        "Vary": [
          "Accept-Encoding"
        ],
        "x-ms-request-id": [
          "brazilsouth:b407cc40-885e-4ce4-a337-51dd3582fe5b"
        ],
        "Strict-Transport-Security": [
          "max-age=31536000; includeSubDomains"
        ],
        "x-ms-ratelimit-remaining-subscription-reads": [
          "14988"
        ],
        "x-ms-correlation-request-id": [
          "7f8cb317-b87c-454f-8409-f73f48ccf4bc"
        ],
        "x-ms-routing-request-id": [
          "WESTUS2:20160722T173052Z:7f8cb317-b87c-454f-8409-f73f48ccf4bc"
        ],
        "Cache-Control": [
          "no-cache"
        ],
        "Date": [
          "Fri, 22 Jul 2016 17:30:51 GMT"
        ]
      },
      "StatusCode": 200
    },
    {
      "RequestUri": "/subscriptions/5250dd92-b580-46be-b327-e6596c8de196/resourceGroups/IntegrationAccountPsCmdletTest/providers/Microsoft.Logic/integrationAccounts/onesdk3238/partners/onesdk8847?api-version=2015-08-01-preview",
      "EncodedRequestUri": "L3N1YnNjcmlwdGlvbnMvNTI1MGRkOTItYjU4MC00NmJlLWIzMjctZTY1OTZjOGRlMTk2L3Jlc291cmNlR3JvdXBzL0ludGVncmF0aW9uQWNjb3VudFBzQ21kbGV0VGVzdC9wcm92aWRlcnMvTWljcm9zb2Z0LkxvZ2ljL2ludGVncmF0aW9uQWNjb3VudHMvb25lc2RrMzIzOC9wYXJ0bmVycy9vbmVzZGs4ODQ3P2FwaS12ZXJzaW9uPTIwMTUtMDgtMDEtcHJldmlldw==",
      "RequestMethod": "PUT",
      "RequestBody": "{\r\n  \"properties\": {\r\n    \"partnerType\": \"B2B\",\r\n    \"content\": {\r\n      \"b2b\": {\r\n        \"businessIdentities\": [\r\n          {\r\n            \"Qualifier\": \"BB\",\r\n            \"Value\": \"BB\"\r\n          },\r\n          {\r\n            \"Qualifier\": \"AA\",\r\n            \"Value\": \"AA\"\r\n          }\r\n        ]\r\n      }\r\n    }\r\n  },\r\n  \"name\": \"onesdk8847\"\r\n}",
      "RequestHeaders": {
        "Content-Type": [
          "application/json; charset=utf-8"
        ],
        "Content-Length": [
          "345"
        ],
        "x-ms-client-request-id": [
          "31664b34-9942-4050-acec-a2cdfa3e5afc"
        ],
        "accept-language": [
          "en-US"
        ],
        "User-Agent": [
          "Microsoft.Azure.Management.Logic.LogicManagementClient/0.1.0.0"
        ]
      },
      "ResponseBody": "{\r\n  \"properties\": {\r\n    \"partnerType\": \"B2B\",\r\n    \"content\": {\r\n      \"b2b\": {\r\n        \"businessIdentities\": [\r\n          {\r\n            \"qualifier\": \"BB\",\r\n            \"value\": \"BB\"\r\n          },\r\n          {\r\n            \"qualifier\": \"AA\",\r\n            \"value\": \"AA\"\r\n          }\r\n        ]\r\n      }\r\n    },\r\n    \"createdTime\": \"2016-07-22T17:30:51.9493219Z\",\r\n    \"changedTime\": \"2016-07-22T17:30:51.9502194Z\"\r\n  },\r\n  \"id\": \"/subscriptions/5250dd92-b580-46be-b327-e6596c8de196/resourceGroups/IntegrationAccountPsCmdletTest/providers/Microsoft.Logic/integrationAccounts/onesdk3238/partners/onesdk8847\",\r\n  \"name\": \"onesdk8847\",\r\n  \"type\": \"Microsoft.Logic/integrationAccounts/partners\"\r\n}",
      "ResponseHeaders": {
        "Content-Length": [
          "489"
        ],
        "Content-Type": [
          "application/json; charset=utf-8"
        ],
        "Expires": [
          "-1"
        ],
        "Pragma": [
          "no-cache"
        ],
        "x-ms-request-id": [
          "brazilsouth:3a2cbe91-fd00-43b0-992d-4fd4c3e2434e"
        ],
        "Strict-Transport-Security": [
          "max-age=31536000; includeSubDomains"
        ],
        "x-ms-ratelimit-remaining-subscription-writes": [
          "1194"
        ],
        "x-ms-correlation-request-id": [
          "578cd304-42f1-4196-be94-0c45104d429f"
        ],
        "x-ms-routing-request-id": [
          "WESTUS2:20160722T173051Z:578cd304-42f1-4196-be94-0c45104d429f"
        ],
        "Cache-Control": [
          "no-cache"
        ],
        "Date": [
          "Fri, 22 Jul 2016 17:30:51 GMT"
        ]
      },
      "StatusCode": 201
    },
    {
      "RequestUri": "/subscriptions/5250dd92-b580-46be-b327-e6596c8de196/resourceGroups/IntegrationAccountPsCmdletTest/providers/Microsoft.Logic/integrationAccounts/onesdk3238/partners/onesdk221?api-version=2015-08-01-preview",
      "EncodedRequestUri": "L3N1YnNjcmlwdGlvbnMvNTI1MGRkOTItYjU4MC00NmJlLWIzMjctZTY1OTZjOGRlMTk2L3Jlc291cmNlR3JvdXBzL0ludGVncmF0aW9uQWNjb3VudFBzQ21kbGV0VGVzdC9wcm92aWRlcnMvTWljcm9zb2Z0LkxvZ2ljL2ludGVncmF0aW9uQWNjb3VudHMvb25lc2RrMzIzOC9wYXJ0bmVycy9vbmVzZGsyMjE/YXBpLXZlcnNpb249MjAxNS0wOC0wMS1wcmV2aWV3",
      "RequestMethod": "GET",
      "RequestBody": "",
      "RequestHeaders": {
        "x-ms-client-request-id": [
          "ddc56ca5-e598-4dcf-bc38-cba9c8c7eb9e"
        ],
        "accept-language": [
          "en-US"
        ],
        "User-Agent": [
          "Microsoft.Azure.Management.Logic.LogicManagementClient/0.1.0.0"
        ]
      },
      "ResponseBody": "{\r\n  \"error\": {\r\n    \"code\": \"PartnerNotFound\",\r\n    \"message\": \"The partner 'onesdk221' could not be found in integration account 'onesdk3238'.\"\r\n  }\r\n}",
      "ResponseHeaders": {
        "Content-Length": [
          "128"
        ],
        "Content-Type": [
          "application/json; charset=utf-8"
        ],
        "Expires": [
          "-1"
        ],
        "Pragma": [
          "no-cache"
        ],
        "x-ms-request-id": [
          "brazilsouth:73452aee-f098-4f01-a1da-e74f1f4fc2de"
        ],
        "Strict-Transport-Security": [
          "max-age=31536000; includeSubDomains"
        ],
        "x-ms-ratelimit-remaining-subscription-reads": [
          "14990"
        ],
        "x-ms-correlation-request-id": [
          "7d51be18-75e5-4010-858d-65208454764c"
        ],
        "x-ms-routing-request-id": [
          "WESTUS2:20160722T173052Z:7d51be18-75e5-4010-858d-65208454764c"
        ],
        "Cache-Control": [
          "no-cache"
        ],
        "Date": [
          "Fri, 22 Jul 2016 17:30:51 GMT"
        ]
      },
      "StatusCode": 404
    },
    {
      "RequestUri": "/subscriptions/5250dd92-b580-46be-b327-e6596c8de196/resourceGroups/IntegrationAccountPsCmdletTest/providers/Microsoft.Logic/integrationAccounts/onesdk3238/partners/onesdk221?api-version=2015-08-01-preview",
      "EncodedRequestUri": "L3N1YnNjcmlwdGlvbnMvNTI1MGRkOTItYjU4MC00NmJlLWIzMjctZTY1OTZjOGRlMTk2L3Jlc291cmNlR3JvdXBzL0ludGVncmF0aW9uQWNjb3VudFBzQ21kbGV0VGVzdC9wcm92aWRlcnMvTWljcm9zb2Z0LkxvZ2ljL2ludGVncmF0aW9uQWNjb3VudHMvb25lc2RrMzIzOC9wYXJ0bmVycy9vbmVzZGsyMjE/YXBpLXZlcnNpb249MjAxNS0wOC0wMS1wcmV2aWV3",
      "RequestMethod": "GET",
      "RequestBody": "",
      "RequestHeaders": {
        "x-ms-client-request-id": [
          "16485cbc-3648-4699-bbda-b964713fa413"
        ],
        "accept-language": [
          "en-US"
        ],
        "User-Agent": [
          "Microsoft.Azure.Management.Logic.LogicManagementClient/0.1.0.0"
        ]
      },
      "ResponseBody": "{\r\n  \"properties\": {\r\n    \"partnerType\": \"B2B\",\r\n    \"content\": {\r\n      \"b2b\": {\r\n        \"businessIdentities\": [\r\n          {\r\n            \"qualifier\": \"ZZ\",\r\n            \"value\": \"ZZ\"\r\n          },\r\n          {\r\n            \"qualifier\": \"XX\",\r\n            \"value\": \"XX\"\r\n          }\r\n        ]\r\n      }\r\n    },\r\n    \"createdTime\": \"2016-07-22T17:30:52.2972386Z\",\r\n    \"changedTime\": \"2016-07-22T17:30:52.2974665Z\"\r\n  },\r\n  \"id\": \"/subscriptions/5250dd92-b580-46be-b327-e6596c8de196/resourceGroups/IntegrationAccountPsCmdletTest/providers/Microsoft.Logic/integrationAccounts/onesdk3238/partners/onesdk221\",\r\n  \"name\": \"onesdk221\",\r\n  \"type\": \"Microsoft.Logic/integrationAccounts/partners\"\r\n}",
      "ResponseHeaders": {
        "Content-Length": [
          "487"
        ],
        "Content-Type": [
          "application/json; charset=utf-8"
        ],
        "Expires": [
          "-1"
        ],
        "Pragma": [
          "no-cache"
        ],
        "Vary": [
          "Accept-Encoding"
        ],
        "x-ms-request-id": [
          "brazilsouth:e14c2cda-0904-4c2e-94d5-fedbe0bec398"
        ],
        "Strict-Transport-Security": [
          "max-age=31536000; includeSubDomains"
        ],
        "x-ms-ratelimit-remaining-subscription-reads": [
          "14987"
        ],
        "x-ms-correlation-request-id": [
          "c32b14ec-c064-4f87-9260-1ab07a713db3"
        ],
        "x-ms-routing-request-id": [
          "WESTUS2:20160722T173052Z:c32b14ec-c064-4f87-9260-1ab07a713db3"
        ],
        "Cache-Control": [
          "no-cache"
        ],
        "Date": [
          "Fri, 22 Jul 2016 17:30:51 GMT"
        ]
      },
      "StatusCode": 200
    },
    {
      "RequestUri": "/subscriptions/5250dd92-b580-46be-b327-e6596c8de196/resourceGroups/IntegrationAccountPsCmdletTest/providers/Microsoft.Logic/integrationAccounts/onesdk3238/partners/onesdk221?api-version=2015-08-01-preview",
      "EncodedRequestUri": "L3N1YnNjcmlwdGlvbnMvNTI1MGRkOTItYjU4MC00NmJlLWIzMjctZTY1OTZjOGRlMTk2L3Jlc291cmNlR3JvdXBzL0ludGVncmF0aW9uQWNjb3VudFBzQ21kbGV0VGVzdC9wcm92aWRlcnMvTWljcm9zb2Z0LkxvZ2ljL2ludGVncmF0aW9uQWNjb3VudHMvb25lc2RrMzIzOC9wYXJ0bmVycy9vbmVzZGsyMjE/YXBpLXZlcnNpb249MjAxNS0wOC0wMS1wcmV2aWV3",
      "RequestMethod": "PUT",
      "RequestBody": "{\r\n  \"properties\": {\r\n    \"partnerType\": \"B2B\",\r\n    \"content\": {\r\n      \"b2b\": {\r\n        \"businessIdentities\": [\r\n          {\r\n            \"Qualifier\": \"ZZ\",\r\n            \"Value\": \"ZZ\"\r\n          },\r\n          {\r\n            \"Qualifier\": \"XX\",\r\n            \"Value\": \"XX\"\r\n          }\r\n        ]\r\n      }\r\n    }\r\n  },\r\n  \"name\": \"onesdk221\"\r\n}",
      "RequestHeaders": {
        "Content-Type": [
          "application/json; charset=utf-8"
        ],
        "Content-Length": [
          "344"
        ],
        "x-ms-client-request-id": [
          "5455d238-19f1-43cf-b53b-d959076358c9"
        ],
        "accept-language": [
          "en-US"
        ],
        "User-Agent": [
          "Microsoft.Azure.Management.Logic.LogicManagementClient/0.1.0.0"
        ]
      },
      "ResponseBody": "{\r\n  \"properties\": {\r\n    \"partnerType\": \"B2B\",\r\n    \"content\": {\r\n      \"b2b\": {\r\n        \"businessIdentities\": [\r\n          {\r\n            \"qualifier\": \"ZZ\",\r\n            \"value\": \"ZZ\"\r\n          },\r\n          {\r\n            \"qualifier\": \"XX\",\r\n            \"value\": \"XX\"\r\n          }\r\n        ]\r\n      }\r\n    },\r\n    \"createdTime\": \"2016-07-22T17:30:52.2972386Z\",\r\n    \"changedTime\": \"2016-07-22T17:30:52.2974665Z\"\r\n  },\r\n  \"id\": \"/subscriptions/5250dd92-b580-46be-b327-e6596c8de196/resourceGroups/IntegrationAccountPsCmdletTest/providers/Microsoft.Logic/integrationAccounts/onesdk3238/partners/onesdk221\",\r\n  \"name\": \"onesdk221\",\r\n  \"type\": \"Microsoft.Logic/integrationAccounts/partners\"\r\n}",
      "ResponseHeaders": {
        "Content-Length": [
          "487"
        ],
        "Content-Type": [
          "application/json; charset=utf-8"
        ],
        "Expires": [
          "-1"
        ],
        "Pragma": [
          "no-cache"
        ],
        "x-ms-request-id": [
          "brazilsouth:7f675103-836f-42fe-93dc-e14b7caaa4db"
        ],
        "Strict-Transport-Security": [
          "max-age=31536000; includeSubDomains"
        ],
        "x-ms-ratelimit-remaining-subscription-writes": [
          "1193"
        ],
        "x-ms-correlation-request-id": [
          "452ac40f-00a3-428d-823d-fc94b5bd9ac8"
        ],
        "x-ms-routing-request-id": [
          "WESTUS2:20160722T173052Z:452ac40f-00a3-428d-823d-fc94b5bd9ac8"
        ],
        "Cache-Control": [
          "no-cache"
        ],
        "Date": [
          "Fri, 22 Jul 2016 17:30:51 GMT"
        ]
      },
      "StatusCode": 201
    },
    {
      "RequestUri": "/subscriptions/5250dd92-b580-46be-b327-e6596c8de196/resourceGroups/IntegrationAccountPsCmdletTest/providers/Microsoft.Logic/integrationAccounts/onesdk3238/agreements/onesdk5610?api-version=2015-08-01-preview",
      "EncodedRequestUri": "L3N1YnNjcmlwdGlvbnMvNTI1MGRkOTItYjU4MC00NmJlLWIzMjctZTY1OTZjOGRlMTk2L3Jlc291cmNlR3JvdXBzL0ludGVncmF0aW9uQWNjb3VudFBzQ21kbGV0VGVzdC9wcm92aWRlcnMvTWljcm9zb2Z0LkxvZ2ljL2ludGVncmF0aW9uQWNjb3VudHMvb25lc2RrMzIzOC9hZ3JlZW1lbnRzL29uZXNkazU2MTA/YXBpLXZlcnNpb249MjAxNS0wOC0wMS1wcmV2aWV3",
      "RequestMethod": "GET",
      "RequestBody": "",
      "RequestHeaders": {
        "x-ms-client-request-id": [
          "934d4356-d534-4298-9915-e14f73299931"
        ],
        "accept-language": [
          "en-US"
        ],
        "User-Agent": [
          "Microsoft.Azure.Management.Logic.LogicManagementClient/0.1.0.0"
        ]
      },
      "ResponseBody": "{\r\n  \"error\": {\r\n    \"code\": \"AgreementNotFound\",\r\n    \"message\": \"The agreement 'onesdk5610' could not be found in integration account 'onesdk3238'.\"\r\n  }\r\n}",
      "ResponseHeaders": {
        "Content-Length": [
          "133"
        ],
        "Content-Type": [
          "application/json; charset=utf-8"
        ],
        "Expires": [
          "-1"
        ],
        "Pragma": [
          "no-cache"
        ],
        "x-ms-request-id": [
          "brazilsouth:183c091c-f401-43fc-b8f8-191b84d91f4f"
        ],
        "Strict-Transport-Security": [
          "max-age=31536000; includeSubDomains"
        ],
        "x-ms-ratelimit-remaining-subscription-reads": [
          "14986"
        ],
        "x-ms-correlation-request-id": [
          "52021233-79fb-455c-8525-183206019eb8"
        ],
        "x-ms-routing-request-id": [
          "WESTUS2:20160722T173052Z:52021233-79fb-455c-8525-183206019eb8"
        ],
        "Cache-Control": [
          "no-cache"
        ],
        "Date": [
          "Fri, 22 Jul 2016 17:30:51 GMT"
        ]
      },
      "StatusCode": 404
    },
    {
      "RequestUri": "/subscriptions/5250dd92-b580-46be-b327-e6596c8de196/resourceGroups/IntegrationAccountPsCmdletTest/providers/Microsoft.Logic/integrationAccounts/onesdk3238/agreements/onesdk5610?api-version=2015-08-01-preview",
      "EncodedRequestUri": "L3N1YnNjcmlwdGlvbnMvNTI1MGRkOTItYjU4MC00NmJlLWIzMjctZTY1OTZjOGRlMTk2L3Jlc291cmNlR3JvdXBzL0ludGVncmF0aW9uQWNjb3VudFBzQ21kbGV0VGVzdC9wcm92aWRlcnMvTWljcm9zb2Z0LkxvZ2ljL2ludGVncmF0aW9uQWNjb3VudHMvb25lc2RrMzIzOC9hZ3JlZW1lbnRzL29uZXNkazU2MTA/YXBpLXZlcnNpb249MjAxNS0wOC0wMS1wcmV2aWV3",
      "RequestMethod": "PUT",
      "RequestBody": "{\r\n  \"properties\": {\r\n    \"agreementType\": \"X12\",\r\n    \"hostPartner\": \"onesdk8847\",\r\n    \"guestPartner\": \"onesdk221\",\r\n    \"hostIdentity\": {\r\n      \"Qualifier\": \"AA\",\r\n      \"Value\": \"AA\"\r\n    },\r\n    \"guestIdentity\": {\r\n      \"Qualifier\": \"ZZ\",\r\n      \"Value\": \"ZZ\"\r\n    },\r\n    \"content\": {\r\n      \"X12\": {\r\n        \"receiveAgreement\": {\r\n          \"senderBusinessIdentity\": {\r\n            \"Qualifier\": \"AA\",\r\n            \"Value\": \"AA\"\r\n          },\r\n          \"receiverBusinessIdentity\": {\r\n            \"Qualifier\": \"ZZ\",\r\n            \"Value\": \"ZZ\"\r\n          },\r\n          \"protocolSettings\": {\r\n            \"validationSettings\": {\r\n              \"validateCharacterSet\": true,\r\n              \"checkDuplicateInterchangeControlNumber\": false,\r\n              \"interchangeControlNumberValidityDays\": 30,\r\n              \"checkDuplicateGroupControlNumber\": false,\r\n              \"checkDuplicateTransactionSetControlNumber\": false,\r\n              \"validateEDITypes\": true,\r\n              \"validateXSDTypes\": false,\r\n              \"allowLeadingAndTrailingSpacesAndZeroes\": false,\r\n              \"trimLeadingAndTrailingSpacesAndZeroes\": false,\r\n              \"trailingSeparatorPolicy\": \"NotAllowed\"\r\n            },\r\n            \"framingSettings\": {\r\n              \"dataElementSeparator\": 42,\r\n              \"componentSeparator\": 58,\r\n              \"replaceSeparatorsInPayload\": false,\r\n              \"replaceCharacter\": 36,\r\n              \"segmentTerminator\": 126,\r\n              \"characterSet\": \"UTF8\",\r\n              \"segmentTerminatorSuffix\": \"None\"\r\n            },\r\n            \"envelopeSettings\": {\r\n              \"controlStandardsId\": 85,\r\n              \"useControlStandardsIdAsRepetitionCharacter\": false,\r\n              \"senderApplicationId\": \"BTS-SENDER\",\r\n              \"receiverApplicationId\": \"RECEIVE-APP\",\r\n              \"controlVersionNumber\": \"00401\",\r\n              \"interchangeControlNumberLowerBound\": 1,\r\n              \"interchangeControlNumberUpperBound\": 999999999,\r\n              \"rolloverInterchangeControlNumber\": true,\r\n              \"enableDefaultGroupHeaders\": true,\r\n              \"groupControlNumberLowerBound\": 1,\r\n              \"groupControlNumberUpperBound\": 999999999,\r\n              \"rolloverGroupControlNumber\": true,\r\n              \"groupHeaderAgencyCode\": \"T\",\r\n              \"groupHeaderVersion\": \"00401\",\r\n              \"transactionSetControlNumberLowerBound\": 1,\r\n              \"transactionSetControlNumberUpperBound\": 999999999,\r\n              \"rolloverTransactionSetControlNumber\": true,\r\n              \"overwriteExistingTransactionSetControlNumber\": true,\r\n              \"groupHeaderDateFormat\": \"CCYYMMDD\",\r\n              \"groupHeaderTimeFormat\": \"HHMM\",\r\n              \"usageIndicator\": \"Test\"\r\n            },\r\n            \"acknowledgementSettings\": {\r\n              \"needTechnicalAcknowledgement\": false,\r\n              \"batchTechnicalAcknowledgements\": true,\r\n              \"needFunctionalAcknowledgement\": false,\r\n              \"batchFunctionalAcknowledgements\": true,\r\n              \"needImplementationAcknowledgement\": false,\r\n              \"batchImplementationAcknowledgements\": false,\r\n              \"needLoopForValidMessages\": false,\r\n              \"sendSynchronousAcknowledgement\": true,\r\n              \"acknowledgementControlNumberLowerBound\": 1,\r\n              \"acknowledgementControlNumberUpperBound\": 999999999,\r\n              \"rolloverAcknowledgementControlNumber\": true\r\n            },\r\n            \"messageFilter\": {\r\n              \"messageFilterType\": \"Exclude\"\r\n            },\r\n            \"securitySettings\": {\r\n              \"authorizationQualifier\": \"00\",\r\n              \"securityQualifier\": \"00\"\r\n            },\r\n            \"processingSettings\": {\r\n              \"maskSecurityInfo\": true,\r\n              \"convertImpliedDecimal\": true,\r\n              \"preserveInterchange\": true,\r\n              \"suspendInterchangeOnError\": true,\r\n              \"createEmptyXmlTagsForTrailingSeparators\": true,\r\n              \"useDotAsDecimalSeparator\": true\r\n            },\r\n            \"schemaReferences\": []\r\n          }\r\n        },\r\n        \"sendAgreement\": {\r\n          \"senderBusinessIdentity\": {\r\n            \"Qualifier\": \"ZZ\",\r\n            \"Value\": \"ZZ\"\r\n          },\r\n          \"receiverBusinessIdentity\": {\r\n            \"Qualifier\": \"AA\",\r\n            \"Value\": \"AA\"\r\n          },\r\n          \"protocolSettings\": {\r\n            \"validationSettings\": {\r\n              \"validateCharacterSet\": true,\r\n              \"checkDuplicateInterchangeControlNumber\": false,\r\n              \"interchangeControlNumberValidityDays\": 30,\r\n              \"checkDuplicateGroupControlNumber\": false,\r\n              \"checkDuplicateTransactionSetControlNumber\": false,\r\n              \"validateEDITypes\": true,\r\n              \"validateXSDTypes\": false,\r\n              \"allowLeadingAndTrailingSpacesAndZeroes\": false,\r\n              \"trimLeadingAndTrailingSpacesAndZeroes\": false,\r\n              \"trailingSeparatorPolicy\": \"NotAllowed\"\r\n            },\r\n            \"framingSettings\": {\r\n              \"dataElementSeparator\": 42,\r\n              \"componentSeparator\": 58,\r\n              \"replaceSeparatorsInPayload\": false,\r\n              \"replaceCharacter\": 36,\r\n              \"segmentTerminator\": 126,\r\n              \"characterSet\": \"UTF8\",\r\n              \"segmentTerminatorSuffix\": \"None\"\r\n            },\r\n            \"envelopeSettings\": {\r\n              \"controlStandardsId\": 100,\r\n              \"useControlStandardsIdAsRepetitionCharacter\": true,\r\n              \"senderApplicationId\": \"100\",\r\n              \"receiverApplicationId\": \"100\",\r\n              \"controlVersionNumber\": \"0.0\",\r\n              \"interchangeControlNumberLowerBound\": 1,\r\n              \"interchangeControlNumberUpperBound\": 999999999,\r\n              \"rolloverInterchangeControlNumber\": true,\r\n              \"enableDefaultGroupHeaders\": true,\r\n              \"functionalGroupId\": \"1\",\r\n              \"groupControlNumberLowerBound\": 1,\r\n              \"groupControlNumberUpperBound\": 999999999,\r\n              \"rolloverGroupControlNumber\": true,\r\n              \"groupHeaderAgencyCode\": \"T\",\r\n              \"groupHeaderVersion\": \"0.0\",\r\n              \"transactionSetControlNumberLowerBound\": 1,\r\n              \"transactionSetControlNumberUpperBound\": 999999999,\r\n              \"rolloverTransactionSetControlNumber\": true,\r\n              \"transactionSetControlNumberPrefix\": \"\",\r\n              \"transactionSetControlNumberSuffix\": \"\",\r\n              \"overwriteExistingTransactionSetControlNumber\": true,\r\n              \"groupHeaderDateFormat\": \"CCYYMMDD\",\r\n              \"groupHeaderTimeFormat\": \"HHMM\",\r\n              \"usageIndicator\": \"Information\"\r\n            },\r\n            \"acknowledgementSettings\": {\r\n              \"needTechnicalAcknowledgement\": false,\r\n              \"batchTechnicalAcknowledgements\": true,\r\n              \"needFunctionalAcknowledgement\": false,\r\n              \"batchFunctionalAcknowledgements\": true,\r\n              \"needImplementationAcknowledgement\": false,\r\n              \"batchImplementationAcknowledgements\": false,\r\n              \"needLoopForValidMessages\": false,\r\n              \"sendSynchronousAcknowledgement\": true,\r\n              \"acknowledgementControlNumberLowerBound\": 1,\r\n              \"acknowledgementControlNumberUpperBound\": 999999999,\r\n              \"rolloverAcknowledgementControlNumber\": true\r\n            },\r\n            \"messageFilter\": {\r\n              \"messageFilterType\": \"Exclude\"\r\n            },\r\n            \"securitySettings\": {\r\n              \"authorizationQualifier\": \"00\",\r\n              \"securityQualifier\": \"00\"\r\n            },\r\n            \"processingSettings\": {\r\n              \"maskSecurityInfo\": true,\r\n              \"convertImpliedDecimal\": true,\r\n              \"preserveInterchange\": true,\r\n              \"suspendInterchangeOnError\": true,\r\n              \"createEmptyXmlTagsForTrailingSeparators\": true,\r\n              \"useDotAsDecimalSeparator\": true\r\n            },\r\n            \"schemaReferences\": []\r\n          }\r\n        }\r\n      }\r\n    }\r\n  },\r\n  \"name\": \"onesdk5610\"\r\n}",
      "RequestHeaders": {
        "Content-Type": [
          "application/json; charset=utf-8"
        ],
        "Content-Length": [
          "8040"
        ],
        "x-ms-client-request-id": [
          "a46bf213-57fe-42e9-8607-06264d7f25fa"
        ],
        "accept-language": [
          "en-US"
        ],
        "User-Agent": [
          "Microsoft.Azure.Management.Logic.LogicManagementClient/0.1.0.0"
        ]
      },
      "ResponseBody": "{\r\n  \"properties\": {\r\n    \"hostPartner\": \"onesdk8847\",\r\n    \"guestPartner\": \"onesdk221\",\r\n    \"hostIdentity\": {\r\n      \"qualifier\": \"AA\",\r\n      \"value\": \"AA\"\r\n    },\r\n    \"guestIdentity\": {\r\n      \"qualifier\": \"ZZ\",\r\n      \"value\": \"ZZ\"\r\n    },\r\n    \"agreementType\": \"X12\",\r\n    \"content\": {\r\n      \"x12\": {\r\n        \"receiveAgreement\": {\r\n          \"protocolSettings\": {\r\n            \"validationSettings\": {\r\n              \"validateCharacterSet\": true,\r\n              \"checkDuplicateInterchangeControlNumber\": false,\r\n              \"interchangeControlNumberValidityDays\": 30,\r\n              \"checkDuplicateGroupControlNumber\": false,\r\n              \"checkDuplicateTransactionSetControlNumber\": false,\r\n              \"validateEDITypes\": true,\r\n              \"validateXSDTypes\": false,\r\n              \"allowLeadingAndTrailingSpacesAndZeroes\": false,\r\n              \"trimLeadingAndTrailingSpacesAndZeroes\": false,\r\n              \"trailingSeparatorPolicy\": \"NotAllowed\"\r\n            },\r\n            \"framingSettings\": {\r\n              \"dataElementSeparator\": 42,\r\n              \"componentSeparator\": 58,\r\n              \"replaceSeparatorsInPayload\": false,\r\n              \"replaceCharacter\": 36,\r\n              \"segmentTerminator\": 126,\r\n              \"characterSet\": \"UTF8\",\r\n              \"segmentTerminatorSuffix\": \"None\"\r\n            },\r\n            \"envelopeSettings\": {\r\n              \"controlStandardsId\": 85,\r\n              \"useControlStandardsIdAsRepetitionCharacter\": false,\r\n              \"senderApplicationId\": \"BTS-SENDER\",\r\n              \"receiverApplicationId\": \"RECEIVE-APP\",\r\n              \"controlVersionNumber\": \"00401\",\r\n              \"interchangeControlNumberLowerBound\": 1,\r\n              \"interchangeControlNumberUpperBound\": 999999999,\r\n              \"rolloverInterchangeControlNumber\": true,\r\n              \"enableDefaultGroupHeaders\": true,\r\n              \"groupControlNumberLowerBound\": 1,\r\n              \"groupControlNumberUpperBound\": 999999999,\r\n              \"rolloverGroupControlNumber\": true,\r\n              \"groupHeaderAgencyCode\": \"T\",\r\n              \"groupHeaderVersion\": \"00401\",\r\n              \"transactionSetControlNumberLowerBound\": 1,\r\n              \"transactionSetControlNumberUpperBound\": 999999999,\r\n              \"rolloverTransactionSetControlNumber\": true,\r\n              \"overwriteExistingTransactionSetControlNumber\": true,\r\n              \"groupHeaderDateFormat\": \"CCYYMMDD\",\r\n              \"groupHeaderTimeFormat\": \"HHMM\",\r\n              \"usageIndicator\": \"Test\"\r\n            },\r\n            \"acknowledgementSettings\": {\r\n              \"needTechnicalAcknowledgement\": false,\r\n              \"batchTechnicalAcknowledgements\": true,\r\n              \"needFunctionalAcknowledgement\": false,\r\n              \"batchFunctionalAcknowledgements\": true,\r\n              \"needImplementationAcknowledgement\": false,\r\n              \"batchImplementationAcknowledgements\": false,\r\n              \"needLoopForValidMessages\": false,\r\n              \"sendSynchronousAcknowledgement\": true,\r\n              \"acknowledgementControlNumberLowerBound\": 1,\r\n              \"acknowledgementControlNumberUpperBound\": 999999999,\r\n              \"rolloverAcknowledgementControlNumber\": true\r\n            },\r\n            \"messageFilter\": {\r\n              \"messageFilterType\": \"Exclude\"\r\n            },\r\n            \"securitySettings\": {\r\n              \"authorizationQualifier\": \"00\",\r\n              \"securityQualifier\": \"00\"\r\n            },\r\n            \"processingSettings\": {\r\n              \"maskSecurityInfo\": true,\r\n              \"convertImpliedDecimal\": true,\r\n              \"preserveInterchange\": true,\r\n              \"suspendInterchangeOnError\": true,\r\n              \"createEmptyXmlTagsForTrailingSeparators\": true,\r\n              \"useDotAsDecimalSeparator\": true\r\n            },\r\n            \"schemaReferences\": []\r\n          },\r\n          \"senderBusinessIdentity\": {\r\n            \"qualifier\": \"AA\",\r\n            \"value\": \"AA\"\r\n          },\r\n          \"receiverBusinessIdentity\": {\r\n            \"qualifier\": \"ZZ\",\r\n            \"value\": \"ZZ\"\r\n          }\r\n        },\r\n        \"sendAgreement\": {\r\n          \"protocolSettings\": {\r\n            \"validationSettings\": {\r\n              \"validateCharacterSet\": true,\r\n              \"checkDuplicateInterchangeControlNumber\": false,\r\n              \"interchangeControlNumberValidityDays\": 30,\r\n              \"checkDuplicateGroupControlNumber\": false,\r\n              \"checkDuplicateTransactionSetControlNumber\": false,\r\n              \"validateEDITypes\": true,\r\n              \"validateXSDTypes\": false,\r\n              \"allowLeadingAndTrailingSpacesAndZeroes\": false,\r\n              \"trimLeadingAndTrailingSpacesAndZeroes\": false,\r\n              \"trailingSeparatorPolicy\": \"NotAllowed\"\r\n            },\r\n            \"framingSettings\": {\r\n              \"dataElementSeparator\": 42,\r\n              \"componentSeparator\": 58,\r\n              \"replaceSeparatorsInPayload\": false,\r\n              \"replaceCharacter\": 36,\r\n              \"segmentTerminator\": 126,\r\n              \"characterSet\": \"UTF8\",\r\n              \"segmentTerminatorSuffix\": \"None\"\r\n            },\r\n            \"envelopeSettings\": {\r\n              \"controlStandardsId\": 100,\r\n              \"useControlStandardsIdAsRepetitionCharacter\": true,\r\n              \"senderApplicationId\": \"100\",\r\n              \"receiverApplicationId\": \"100\",\r\n              \"controlVersionNumber\": \"0.0\",\r\n              \"interchangeControlNumberLowerBound\": 1,\r\n              \"interchangeControlNumberUpperBound\": 999999999,\r\n              \"rolloverInterchangeControlNumber\": true,\r\n              \"enableDefaultGroupHeaders\": true,\r\n              \"functionalGroupId\": \"1\",\r\n              \"groupControlNumberLowerBound\": 1,\r\n              \"groupControlNumberUpperBound\": 999999999,\r\n              \"rolloverGroupControlNumber\": true,\r\n              \"groupHeaderAgencyCode\": \"T\",\r\n              \"groupHeaderVersion\": \"0.0\",\r\n              \"transactionSetControlNumberLowerBound\": 1,\r\n              \"transactionSetControlNumberUpperBound\": 999999999,\r\n              \"rolloverTransactionSetControlNumber\": true,\r\n              \"transactionSetControlNumberPrefix\": \"\",\r\n              \"transactionSetControlNumberSuffix\": \"\",\r\n              \"overwriteExistingTransactionSetControlNumber\": true,\r\n              \"groupHeaderDateFormat\": \"CCYYMMDD\",\r\n              \"groupHeaderTimeFormat\": \"HHMM\",\r\n              \"usageIndicator\": \"Information\"\r\n            },\r\n            \"acknowledgementSettings\": {\r\n              \"needTechnicalAcknowledgement\": false,\r\n              \"batchTechnicalAcknowledgements\": true,\r\n              \"needFunctionalAcknowledgement\": false,\r\n              \"batchFunctionalAcknowledgements\": true,\r\n              \"needImplementationAcknowledgement\": false,\r\n              \"batchImplementationAcknowledgements\": false,\r\n              \"needLoopForValidMessages\": false,\r\n              \"sendSynchronousAcknowledgement\": true,\r\n              \"acknowledgementControlNumberLowerBound\": 1,\r\n              \"acknowledgementControlNumberUpperBound\": 999999999,\r\n              \"rolloverAcknowledgementControlNumber\": true\r\n            },\r\n            \"messageFilter\": {\r\n              \"messageFilterType\": \"Exclude\"\r\n            },\r\n            \"securitySettings\": {\r\n              \"authorizationQualifier\": \"00\",\r\n              \"securityQualifier\": \"00\"\r\n            },\r\n            \"processingSettings\": {\r\n              \"maskSecurityInfo\": true,\r\n              \"convertImpliedDecimal\": true,\r\n              \"preserveInterchange\": true,\r\n              \"suspendInterchangeOnError\": true,\r\n              \"createEmptyXmlTagsForTrailingSeparators\": true,\r\n              \"useDotAsDecimalSeparator\": true\r\n            },\r\n            \"schemaReferences\": []\r\n          },\r\n          \"senderBusinessIdentity\": {\r\n            \"qualifier\": \"ZZ\",\r\n            \"value\": \"ZZ\"\r\n          },\r\n          \"receiverBusinessIdentity\": {\r\n            \"qualifier\": \"AA\",\r\n            \"value\": \"AA\"\r\n          }\r\n        }\r\n      }\r\n    },\r\n    \"createdTime\": \"2016-07-22T17:30:52.9099744Z\",\r\n    \"changedTime\": \"2016-07-22T17:30:52.9106007Z\"\r\n  },\r\n  \"id\": \"/subscriptions/5250dd92-b580-46be-b327-e6596c8de196/resourceGroups/IntegrationAccountPsCmdletTest/providers/Microsoft.Logic/integrationAccounts/onesdk3238/agreements/onesdk5610\",\r\n  \"name\": \"onesdk5610\",\r\n  \"type\": \"Microsoft.Logic/integrationAccounts/agreements\"\r\n}",
      "ResponseHeaders": {
        "Content-Length": [
          "5470"
        ],
        "Content-Type": [
          "application/json; charset=utf-8"
        ],
        "Expires": [
          "-1"
        ],
        "Pragma": [
          "no-cache"
        ],
        "x-ms-request-id": [
          "brazilsouth:559a4c9d-3356-4a0c-8d58-3203714b16b0"
        ],
        "Strict-Transport-Security": [
          "max-age=31536000; includeSubDomains"
        ],
        "x-ms-ratelimit-remaining-subscription-writes": [
          "1192"
        ],
        "x-ms-correlation-request-id": [
          "23707095-db5d-4adc-b2a1-ca7046978d04"
        ],
        "x-ms-routing-request-id": [
          "WESTUS2:20160722T173052Z:23707095-db5d-4adc-b2a1-ca7046978d04"
        ],
        "Cache-Control": [
          "no-cache"
        ],
        "Date": [
          "Fri, 22 Jul 2016 17:30:52 GMT"
        ]
      },
      "StatusCode": 201
    },
    {
      "RequestUri": "/subscriptions/5250dd92-b580-46be-b327-e6596c8de196/resourceGroups/IntegrationAccountPsCmdletTest/providers/Microsoft.Logic/integrationAccounts/onesdk3238/agreements/onesdk5610?api-version=2015-08-01-preview",
      "EncodedRequestUri": "L3N1YnNjcmlwdGlvbnMvNTI1MGRkOTItYjU4MC00NmJlLWIzMjctZTY1OTZjOGRlMTk2L3Jlc291cmNlR3JvdXBzL0ludGVncmF0aW9uQWNjb3VudFBzQ21kbGV0VGVzdC9wcm92aWRlcnMvTWljcm9zb2Z0LkxvZ2ljL2ludGVncmF0aW9uQWNjb3VudHMvb25lc2RrMzIzOC9hZ3JlZW1lbnRzL29uZXNkazU2MTA/YXBpLXZlcnNpb249MjAxNS0wOC0wMS1wcmV2aWV3",
      "RequestMethod": "DELETE",
      "RequestBody": "",
      "RequestHeaders": {
        "x-ms-client-request-id": [
          "539dfdb4-3764-4239-8ade-8324c1158a4e"
        ],
        "accept-language": [
          "en-US"
        ],
        "User-Agent": [
          "Microsoft.Azure.Management.Logic.LogicManagementClient/0.1.0.0"
        ]
      },
      "ResponseBody": "",
      "ResponseHeaders": {
        "Content-Length": [
          "0"
        ],
        "Expires": [
          "-1"
        ],
        "Pragma": [
          "no-cache"
        ],
        "x-ms-request-id": [
          "brazilsouth:a54b3a25-a2b2-47ad-a092-191d1b7f6705"
        ],
        "Strict-Transport-Security": [
          "max-age=31536000; includeSubDomains"
        ],
        "x-ms-ratelimit-remaining-subscription-writes": [
          "1191"
        ],
        "x-ms-correlation-request-id": [
          "88d38479-f50d-4c78-b126-f1b4dd97f751"
        ],
        "x-ms-routing-request-id": [
          "WESTUS2:20160722T173053Z:88d38479-f50d-4c78-b126-f1b4dd97f751"
        ],
        "Cache-Control": [
          "no-cache"
        ],
        "Date": [
          "Fri, 22 Jul 2016 17:30:52 GMT"
        ]
      },
      "StatusCode": 200
    },
    {
      "RequestUri": "/subscriptions/5250dd92-b580-46be-b327-e6596c8de196/resourceGroups/IntegrationAccountPsCmdletTest/providers/Microsoft.Logic/integrationAccounts/onesdk3238?api-version=2015-08-01-preview",
      "EncodedRequestUri": "L3N1YnNjcmlwdGlvbnMvNTI1MGRkOTItYjU4MC00NmJlLWIzMjctZTY1OTZjOGRlMTk2L3Jlc291cmNlR3JvdXBzL0ludGVncmF0aW9uQWNjb3VudFBzQ21kbGV0VGVzdC9wcm92aWRlcnMvTWljcm9zb2Z0LkxvZ2ljL2ludGVncmF0aW9uQWNjb3VudHMvb25lc2RrMzIzOD9hcGktdmVyc2lvbj0yMDE1LTA4LTAxLXByZXZpZXc=",
      "RequestMethod": "DELETE",
      "RequestBody": "",
      "RequestHeaders": {
        "x-ms-client-request-id": [
          "5cb3a1a9-a36c-4310-a3f6-96875862d771"
        ],
        "accept-language": [
          "en-US"
        ],
        "User-Agent": [
          "Microsoft.Azure.Management.Logic.LogicManagementClient/0.1.0.0"
        ]
      },
      "ResponseBody": "",
      "ResponseHeaders": {
        "Content-Length": [
          "0"
        ],
        "Expires": [
          "-1"
        ],
        "Pragma": [
          "no-cache"
        ],
        "x-ms-request-id": [
          "brazilsouth:b19fc0bd-5908-4f56-877e-d2be46400567"
        ],
        "Strict-Transport-Security": [
          "max-age=31536000; includeSubDomains"
        ],
        "x-ms-ratelimit-remaining-subscription-writes": [
          "1190"
        ],
        "x-ms-correlation-request-id": [
          "3ffa45b8-34ba-43ef-b60f-03c109f37fe6"
        ],
        "x-ms-routing-request-id": [
          "WESTUS2:20160722T173055Z:3ffa45b8-34ba-43ef-b60f-03c109f37fe6"
        ],
        "Cache-Control": [
          "no-cache"
        ],
        "Date": [
          "Fri, 22 Jul 2016 17:30:54 GMT"
        ]
      },
      "StatusCode": 200
    }
  ],
  "Names": {
    "Test-RemoveIntegrationAccountAgreement": [
      "onesdk3238",
      "onesdk5610",
      "onesdk8847",
      "onesdk221"
    ]
  },
  "Variables": {
    "SubscriptionId": "5250dd92-b580-46be-b327-e6596c8de196"
  }
}