{
  "Entries": [
    {
      "RequestUri": "/subscriptions/f34b22a3-2202-4fb1-b040-1332bd928c84/resourcegroups/ps3762?api-version=2016-09-01",
      "EncodedRequestUri": "L3N1YnNjcmlwdGlvbnMvZjM0YjIyYTMtMjIwMi00ZmIxLWIwNDAtMTMzMmJkOTI4Yzg0L3Jlc291cmNlZ3JvdXBzL3BzMzc2Mj9hcGktdmVyc2lvbj0yMDE2LTA5LTAx",
      "RequestMethod": "PUT",
      "RequestBody": "{\r\n  \"location\": \"West US\"\r\n}",
      "RequestHeaders": {
        "Content-Type": [
          "application/json; charset=utf-8"
        ],
        "Content-Length": [
          "29"
        ],
        "x-ms-client-request-id": [
          "fa661852-a2a1-41aa-b491-5d80a72d4774"
        ],
        "accept-language": [
          "en-US"
        ],
        "User-Agent": [
          "FxVersion/4.7.3190.0",
          "OSName/Windows10Enterprise",
          "OSVersion/6.3.17763",
          "Microsoft.Azure.Management.Internal.Resources.ResourceManagementClient/4.1.0"
        ]
      },
      "ResponseBody": "{\r\n  \"id\": \"/subscriptions/f34b22a3-2202-4fb1-b040-1332bd928c84/resourceGroups/ps3762\",\r\n  \"name\": \"ps3762\",\r\n  \"location\": \"westus\",\r\n  \"properties\": {\r\n    \"provisioningState\": \"Succeeded\"\r\n  }\r\n}",
      "ResponseHeaders": {
        "Content-Length": [
          "165"
        ],
        "Content-Type": [
          "application/json; charset=utf-8"
        ],
        "Expires": [
          "-1"
        ],
        "Pragma": [
          "no-cache"
        ],
        "x-ms-ratelimit-remaining-subscription-writes": [
          "1198"
        ],
        "x-ms-request-id": [
          "7f8a933b-2fc6-426e-a535-15c2d3d12ee9"
        ],
        "x-ms-correlation-request-id": [
          "7f8a933b-2fc6-426e-a535-15c2d3d12ee9"
        ],
        "x-ms-routing-request-id": [
          "WESTUS2:20181030T211808Z:7f8a933b-2fc6-426e-a535-15c2d3d12ee9"
        ],
        "Strict-Transport-Security": [
          "max-age=31536000; includeSubDomains"
        ],
        "X-Content-Type-Options": [
          "nosniff"
        ],
        "Cache-Control": [
          "no-cache"
        ],
        "Date": [
          "Tue, 30 Oct 2018 21:18:07 GMT"
        ]
      },
      "StatusCode": 201
    },
    {
      "RequestUri": "/subscriptions/f34b22a3-2202-4fb1-b040-1332bd928c84/resourceGroups/ps3762/providers/Microsoft.Logic/workflows/ps5303?api-version=2018-07-01-preview",
      "EncodedRequestUri": "L3N1YnNjcmlwdGlvbnMvZjM0YjIyYTMtMjIwMi00ZmIxLWIwNDAtMTMzMmJkOTI4Yzg0L3Jlc291cmNlR3JvdXBzL3BzMzc2Mi9wcm92aWRlcnMvTWljcm9zb2Z0LkxvZ2ljL3dvcmtmbG93cy9wczUzMDM/YXBpLXZlcnNpb249MjAxOC0wNy0wMS1wcmV2aWV3",
      "RequestMethod": "GET",
      "RequestBody": "",
      "RequestHeaders": {
        "x-ms-client-request-id": [
          "4093da8d-dbc6-476b-ad4b-a8c7369b8a7a"
        ],
        "accept-language": [
          "en-US"
        ],
        "User-Agent": [
          "FxVersion/4.7.3190.0",
          "OSName/Windows10Enterprise",
          "OSVersion/6.3.17763",
          "Microsoft.Azure.Management.Logic.LogicManagementClient/4.0.0.0"
        ]
      },
      "ResponseBody": "{\r\n  \"error\": {\r\n    \"code\": \"ResourceNotFound\",\r\n    \"message\": \"The Resource 'Microsoft.Logic/workflows/ps5303' under resource group 'ps3762' was not found.\"\r\n  }\r\n}",
      "ResponseHeaders": {
        "Content-Length": [
          "142"
        ],
        "Content-Type": [
          "application/json; charset=utf-8"
        ],
        "Expires": [
          "-1"
        ],
        "Pragma": [
          "no-cache"
        ],
        "x-ms-failure-cause": [
          "gateway"
        ],
        "x-ms-request-id": [
          "2bf505ed-48c7-404a-9291-eecb3193c1e6"
        ],
        "x-ms-correlation-request-id": [
          "2bf505ed-48c7-404a-9291-eecb3193c1e6"
        ],
        "x-ms-routing-request-id": [
          "WESTUS2:20181030T211831Z:2bf505ed-48c7-404a-9291-eecb3193c1e6"
        ],
        "Strict-Transport-Security": [
          "max-age=31536000; includeSubDomains"
        ],
        "X-Content-Type-Options": [
          "nosniff"
        ],
        "Cache-Control": [
          "no-cache"
        ],
        "Date": [
          "Tue, 30 Oct 2018 21:18:31 GMT"
        ]
      },
      "StatusCode": 404
    },
    {
      "RequestUri": "/subscriptions/f34b22a3-2202-4fb1-b040-1332bd928c84/resourceGroups/ps3762/providers/Microsoft.Logic/workflows/ps5303?api-version=2018-07-01-preview",
      "EncodedRequestUri": "L3N1YnNjcmlwdGlvbnMvZjM0YjIyYTMtMjIwMi00ZmIxLWIwNDAtMTMzMmJkOTI4Yzg0L3Jlc291cmNlR3JvdXBzL3BzMzc2Mi9wcm92aWRlcnMvTWljcm9zb2Z0LkxvZ2ljL3dvcmtmbG93cy9wczUzMDM/YXBpLXZlcnNpb249MjAxOC0wNy0wMS1wcmV2aWV3",
      "RequestMethod": "GET",
      "RequestBody": "",
      "RequestHeaders": {
        "x-ms-client-request-id": [
          "435c3953-f246-44f4-b2b5-d49dde80ec67"
        ],
        "accept-language": [
          "en-US"
        ],
        "User-Agent": [
          "FxVersion/4.7.3190.0",
          "OSName/Windows10Enterprise",
          "OSVersion/6.3.17763",
          "Microsoft.Azure.Management.Logic.LogicManagementClient/4.0.0.0"
        ]
      },
      "ResponseBody": "{\r\n  \"properties\": {\r\n    \"provisioningState\": \"Succeeded\",\r\n    \"createdTime\": \"2018-10-30T21:18:32.3230723Z\",\r\n    \"changedTime\": \"2018-10-30T21:18:32.3106551Z\",\r\n    \"state\": \"Enabled\",\r\n    \"version\": \"08586606725731908514\",\r\n    \"accessEndpoint\": \"https://prod-55.westus.logic.azure.com:443/workflows/c4e7d74ad5ed4fd3babde282f9a010e3\",\r\n    \"definition\": {\r\n      \"$schema\": \"http://schema.management.azure.com/providers/Microsoft.Logic/schemas/2014-12-01-preview/workflowdefinition.json#\",\r\n      \"contentVersion\": \"1.0.0.0\",\r\n      \"parameters\": {\r\n        \"runworkflowmanually\": {\r\n          \"defaultValue\": false,\r\n          \"type\": \"Bool\"\r\n        }\r\n      },\r\n      \"triggers\": {\r\n        \"httpTrigger\": {\r\n          \"recurrence\": {\r\n            \"frequency\": \"Hour\",\r\n            \"interval\": 1\r\n          },\r\n          \"type\": \"Http\",\r\n          \"inputs\": {\r\n            \"method\": \"GET\",\r\n            \"uri\": \"http://www.bing.com\"\r\n          },\r\n          \"conditions\": [\r\n            {\r\n              \"expression\": \"@bool('true')\"\r\n            }\r\n          ]\r\n        }\r\n      },\r\n      \"actions\": {\r\n        \"http\": {\r\n          \"until\": {\r\n            \"limit\": {\r\n              \"timeout\": \"PT1H\"\r\n            },\r\n            \"conditions\": [\r\n              {\r\n                \"expression\": \"@bool('false')\"\r\n              }\r\n            ]\r\n          },\r\n          \"type\": \"Http\",\r\n          \"inputs\": {\r\n            \"method\": \"GET\",\r\n            \"uri\": \"http://www.bing.com\"\r\n          },\r\n          \"conditions\": [\r\n            {\r\n              \"expression\": \"@bool('true')\"\r\n            }\r\n          ]\r\n        }\r\n      },\r\n      \"outputs\": {\r\n        \"output1\": {\r\n          \"type\": \"String\",\r\n          \"value\": \"true\"\r\n        }\r\n      }\r\n    },\r\n    \"parameters\": {},\r\n    \"endpointsConfiguration\": {\r\n      \"workflow\": {\r\n        \"outgoingIpAddresses\": [\r\n          {\r\n            \"address\": \"52.160.92.112\"\r\n          },\r\n          {\r\n            \"address\": \"40.118.244.241\"\r\n          },\r\n          {\r\n            \"address\": \"40.118.241.243\"\r\n          },\r\n          {\r\n            \"address\": \"157.56.162.53\"\r\n          },\r\n          {\r\n            \"address\": \"157.56.167.147\"\r\n          },\r\n          {\r\n            \"address\": \"104.42.49.145\"\r\n          },\r\n          {\r\n            \"address\": \"40.83.164.80\"\r\n          },\r\n          {\r\n            \"address\": \"104.42.38.32\"\r\n          }\r\n        ],\r\n        \"accessEndpointIpAddresses\": [\r\n          {\r\n            \"address\": \"52.160.90.237\"\r\n          },\r\n          {\r\n            \"address\": \"138.91.188.137\"\r\n          },\r\n          {\r\n            \"address\": \"13.91.252.184\"\r\n          },\r\n          {\r\n            \"address\": \"157.56.160.212 \"\r\n          }\r\n        ]\r\n      },\r\n      \"connector\": {\r\n        \"outgoingIpAddresses\": [\r\n          {\r\n            \"address\": \"104.40.51.248\"\r\n          }\r\n        ]\r\n      }\r\n    }\r\n  },\r\n  \"id\": \"/subscriptions/f34b22a3-2202-4fb1-b040-1332bd928c84/resourceGroups/ps3762/providers/Microsoft.Logic/workflows/ps5303\",\r\n  \"name\": \"ps5303\",\r\n  \"type\": \"Microsoft.Logic/workflows\",\r\n  \"location\": \"westus\"\r\n}",
      "ResponseHeaders": {
        "Content-Length": [
          "1710"
        ],
        "Content-Type": [
          "application/json; charset=utf-8"
        ],
        "Expires": [
          "-1"
        ],
        "Pragma": [
          "no-cache"
        ],
        "Vary": [
          "Accept-Encoding"
        ],
        "x-ms-request-id": [
          "westus:fb1ee4e2-561c-41a1-8464-75820b1fa3fa"
        ],
        "Strict-Transport-Security": [
          "max-age=31536000; includeSubDomains"
        ],
        "x-ms-ratelimit-remaining-subscription-resource-requests": [
          "19998"
        ],
        "x-ms-correlation-request-id": [
          "013c0ea7-0e4a-4342-81cb-46635d1b4052"
        ],
        "x-ms-routing-request-id": [
          "WESTUS2:20181030T211834Z:013c0ea7-0e4a-4342-81cb-46635d1b4052"
        ],
        "X-Content-Type-Options": [
          "nosniff"
        ],
        "Cache-Control": [
          "no-cache"
        ],
        "Date": [
          "Tue, 30 Oct 2018 21:18:34 GMT"
        ]
      },
      "StatusCode": 200
    },
    {
      "RequestUri": "/subscriptions/f34b22a3-2202-4fb1-b040-1332bd928c84/resourceGroups/ps3762/providers/Microsoft.Logic/workflows/ps5303?api-version=2018-07-01-preview",
      "EncodedRequestUri": "L3N1YnNjcmlwdGlvbnMvZjM0YjIyYTMtMjIwMi00ZmIxLWIwNDAtMTMzMmJkOTI4Yzg0L3Jlc291cmNlR3JvdXBzL3BzMzc2Mi9wcm92aWRlcnMvTWljcm9zb2Z0LkxvZ2ljL3dvcmtmbG93cy9wczUzMDM/YXBpLXZlcnNpb249MjAxOC0wNy0wMS1wcmV2aWV3",
      "RequestMethod": "PUT",
      "RequestBody": "{\r\n  \"properties\": {\r\n    \"state\": \"Enabled\",\r\n    \"definition\": {\r\n      \"$schema\": \"http://schema.management.azure.com/providers/Microsoft.Logic/schemas/2014-12-01-preview/workflowdefinition.json#\",\r\n      \"contentVersion\": \"1.0.0.0\",\r\n      \"parameters\": {\r\n        \"runworkflowmanually\": {\r\n          \"defaultValue\": false,\r\n          \"type\": \"bool\"\r\n        }\r\n      },\r\n      \"triggers\": {\r\n        \"httpTrigger\": {\r\n          \"type\": \"Http\",\r\n          \"inputs\": {\r\n            \"method\": \"GET\",\r\n            \"uri\": \"http://www.bing.com\"\r\n          },\r\n          \"recurrence\": {\r\n            \"frequency\": \"Hour\",\r\n            \"interval\": 1\r\n          },\r\n          \"conditions\": [\r\n            {\r\n              \"expression\": \"@bool('true')\"\r\n            }\r\n          ]\r\n        }\r\n      },\r\n      \"actions\": {\r\n        \"http\": {\r\n          \"until\": {\r\n            \"limit\": {\r\n              \"timeout\": \"PT1H\"\r\n            },\r\n            \"conditions\": [\r\n              {\r\n                \"expression\": \"@bool('false')\"\r\n              }\r\n            ]\r\n          },\r\n          \"type\": \"Http\",\r\n          \"inputs\": {\r\n            \"method\": \"GET\",\r\n            \"uri\": \"http://www.bing.com\"\r\n          },\r\n          \"conditions\": [\r\n            {\r\n              \"expression\": \"@bool('true')\"\r\n            }\r\n          ]\r\n        }\r\n      },\r\n      \"outputs\": {\r\n        \"output1\": {\r\n          \"type\": \"string\",\r\n          \"value\": \"true\"\r\n        }\r\n      }\r\n    }\r\n  },\r\n  \"location\": \"westus\"\r\n}",
      "RequestHeaders": {
        "Content-Type": [
          "application/json; charset=utf-8"
        ],
        "Content-Length": [
          "1499"
        ],
        "x-ms-client-request-id": [
          "5ea35d30-6792-4b45-88b1-443419e461cf"
        ],
        "accept-language": [
          "en-US"
        ],
        "User-Agent": [
          "FxVersion/4.7.3190.0",
          "OSName/Windows10Enterprise",
          "OSVersion/6.3.17763",
          "Microsoft.Azure.Management.Logic.LogicManagementClient/4.0.0.0"
        ]
      },
      "ResponseBody": "{\r\n  \"properties\": {\r\n    \"provisioningState\": \"Succeeded\",\r\n    \"createdTime\": \"2018-10-30T21:18:32.3230723Z\",\r\n    \"changedTime\": \"2018-10-30T21:18:32.3106551Z\",\r\n    \"state\": \"Enabled\",\r\n    \"version\": \"08586606725731908514\",\r\n    \"accessEndpoint\": \"https://prod-55.westus.logic.azure.com:443/workflows/c4e7d74ad5ed4fd3babde282f9a010e3\",\r\n    \"definition\": {\r\n      \"$schema\": \"http://schema.management.azure.com/providers/Microsoft.Logic/schemas/2014-12-01-preview/workflowdefinition.json#\",\r\n      \"contentVersion\": \"1.0.0.0\",\r\n      \"parameters\": {\r\n        \"runworkflowmanually\": {\r\n          \"defaultValue\": false,\r\n          \"type\": \"Bool\"\r\n        }\r\n      },\r\n      \"triggers\": {\r\n        \"httpTrigger\": {\r\n          \"recurrence\": {\r\n            \"frequency\": \"Hour\",\r\n            \"interval\": 1\r\n          },\r\n          \"type\": \"Http\",\r\n          \"inputs\": {\r\n            \"method\": \"GET\",\r\n            \"uri\": \"http://www.bing.com\"\r\n          },\r\n          \"conditions\": [\r\n            {\r\n              \"expression\": \"@bool('true')\"\r\n            }\r\n          ]\r\n        }\r\n      },\r\n      \"actions\": {\r\n        \"http\": {\r\n          \"until\": {\r\n            \"limit\": {\r\n              \"timeout\": \"PT1H\"\r\n            },\r\n            \"conditions\": [\r\n              {\r\n                \"expression\": \"@bool('false')\"\r\n              }\r\n            ]\r\n          },\r\n          \"type\": \"Http\",\r\n          \"inputs\": {\r\n            \"method\": \"GET\",\r\n            \"uri\": \"http://www.bing.com\"\r\n          },\r\n          \"conditions\": [\r\n            {\r\n              \"expression\": \"@bool('true')\"\r\n            }\r\n          ]\r\n        }\r\n      },\r\n      \"outputs\": {\r\n        \"output1\": {\r\n          \"type\": \"String\",\r\n          \"value\": \"true\"\r\n        }\r\n      }\r\n    },\r\n    \"parameters\": {},\r\n    \"endpointsConfiguration\": {\r\n      \"workflow\": {\r\n        \"outgoingIpAddresses\": [\r\n          {\r\n            \"address\": \"52.160.92.112\"\r\n          },\r\n          {\r\n            \"address\": \"40.118.244.241\"\r\n          },\r\n          {\r\n            \"address\": \"40.118.241.243\"\r\n          },\r\n          {\r\n            \"address\": \"157.56.162.53\"\r\n          },\r\n          {\r\n            \"address\": \"157.56.167.147\"\r\n          },\r\n          {\r\n            \"address\": \"104.42.49.145\"\r\n          },\r\n          {\r\n            \"address\": \"40.83.164.80\"\r\n          },\r\n          {\r\n            \"address\": \"104.42.38.32\"\r\n          }\r\n        ],\r\n        \"accessEndpointIpAddresses\": [\r\n          {\r\n            \"address\": \"52.160.90.237\"\r\n          },\r\n          {\r\n            \"address\": \"138.91.188.137\"\r\n          },\r\n          {\r\n            \"address\": \"13.91.252.184\"\r\n          },\r\n          {\r\n            \"address\": \"157.56.160.212 \"\r\n          }\r\n        ]\r\n      },\r\n      \"connector\": {\r\n        \"outgoingIpAddresses\": [\r\n          {\r\n            \"address\": \"104.40.51.248\"\r\n          }\r\n        ]\r\n      }\r\n    }\r\n  },\r\n  \"id\": \"/subscriptions/f34b22a3-2202-4fb1-b040-1332bd928c84/resourceGroups/ps3762/providers/Microsoft.Logic/workflows/ps5303\",\r\n  \"name\": \"ps5303\",\r\n  \"type\": \"Microsoft.Logic/workflows\",\r\n  \"location\": \"westus\"\r\n}",
      "ResponseHeaders": {
        "Content-Length": [
          "1710"
        ],
        "Content-Type": [
          "application/json; charset=utf-8"
        ],
        "Expires": [
          "-1"
        ],
        "Pragma": [
          "no-cache"
        ],
        "x-ms-request-id": [
          "westus:a3b42e08-0679-4ed7-83c0-ef6ccfa5fc7a"
        ],
        "Strict-Transport-Security": [
          "max-age=31536000; includeSubDomains"
        ],
        "x-ms-ratelimit-remaining-subscription-writes": [
          "1199"
        ],
        "x-ms-correlation-request-id": [
          "ac4f1a85-5ba7-47f6-9bd6-b6deef786549"
        ],
        "x-ms-routing-request-id": [
          "WESTUS2:20181030T211832Z:ac4f1a85-5ba7-47f6-9bd6-b6deef786549"
        ],
        "X-Content-Type-Options": [
          "nosniff"
        ],
        "Cache-Control": [
          "no-cache"
        ],
        "Date": [
          "Tue, 30 Oct 2018 21:18:32 GMT"
        ]
      },
      "StatusCode": 201
    },
    {
      "RequestUri": "/subscriptions/f34b22a3-2202-4fb1-b040-1332bd928c84/resourceGroups/ps3762/providers/Microsoft.Logic/workflows/ps5303/triggers/httpTrigger/run?api-version=2018-07-01-preview",
      "EncodedRequestUri": "L3N1YnNjcmlwdGlvbnMvZjM0YjIyYTMtMjIwMi00ZmIxLWIwNDAtMTMzMmJkOTI4Yzg0L3Jlc291cmNlR3JvdXBzL3BzMzc2Mi9wcm92aWRlcnMvTWljcm9zb2Z0LkxvZ2ljL3dvcmtmbG93cy9wczUzMDMvdHJpZ2dlcnMvaHR0cFRyaWdnZXIvcnVuP2FwaS12ZXJzaW9uPTIwMTgtMDctMDEtcHJldmlldw==",
      "RequestMethod": "POST",
      "RequestBody": "",
      "RequestHeaders": {
        "x-ms-client-request-id": [
          "270ca189-93a1-49b7-8665-6a9512656a6a"
        ],
        "accept-language": [
          "en-US"
        ],
        "User-Agent": [
          "FxVersion/4.7.3190.0",
          "OSName/Windows10Enterprise",
          "OSVersion/6.3.17763",
          "Microsoft.Azure.Management.Logic.LogicManagementClient/4.0.0.0"
        ]
      },
      "ResponseBody": "",
      "ResponseHeaders": {
        "Content-Length": [
          "0"
        ],
        "Expires": [
          "-1"
        ],
        "Pragma": [
          "no-cache"
        ],
        "x-ms-request-id": [
          "westus:b7cc9264-ec42-4c62-b749-55a3b28066e0"
        ],
        "Strict-Transport-Security": [
          "max-age=31536000; includeSubDomains"
        ],
        "x-ms-ratelimit-remaining-subscription-resource-requests": [
          "4999"
        ],
        "x-ms-correlation-request-id": [
          "cb06f3ea-e096-4cc6-a4fb-354a1eb855bf"
        ],
        "x-ms-routing-request-id": [
          "WESTUS2:20181030T211834Z:cb06f3ea-e096-4cc6-a4fb-354a1eb855bf"
        ],
        "X-Content-Type-Options": [
          "nosniff"
        ],
        "Cache-Control": [
          "no-cache"
        ],
        "Date": [
          "Tue, 30 Oct 2018 21:18:34 GMT"
        ]
      },
      "StatusCode": 200
    },
    {
      "RequestUri": "/subscriptions/f34b22a3-2202-4fb1-b040-1332bd928c84/resourceGroups/ps3762/providers/Microsoft.Logic/workflows/ps5303/runs?api-version=2018-07-01-preview",
      "EncodedRequestUri": "L3N1YnNjcmlwdGlvbnMvZjM0YjIyYTMtMjIwMi00ZmIxLWIwNDAtMTMzMmJkOTI4Yzg0L3Jlc291cmNlR3JvdXBzL3BzMzc2Mi9wcm92aWRlcnMvTWljcm9zb2Z0LkxvZ2ljL3dvcmtmbG93cy9wczUzMDMvcnVucz9hcGktdmVyc2lvbj0yMDE4LTA3LTAxLXByZXZpZXc=",
      "RequestMethod": "GET",
      "RequestBody": "",
      "RequestHeaders": {
        "x-ms-client-request-id": [
          "87bc9551-d361-4e3c-8e90-02d5b4b6d1a8"
        ],
        "accept-language": [
          "en-US"
        ],
        "User-Agent": [
          "FxVersion/4.7.3190.0",
          "OSName/Windows10Enterprise",
          "OSVersion/6.3.17763",
          "Microsoft.Azure.Management.Logic.LogicManagementClient/4.0.0.0"
        ]
      },
      "ResponseBody": "{\r\n  \"value\": [\r\n    {\r\n      \"properties\": {\r\n        \"waitEndTime\": \"2018-10-30T21:18:32.9522142Z\",\r\n        \"startTime\": \"2018-10-30T21:18:32.9522142Z\",\r\n        \"status\": \"Running\",\r\n        \"correlation\": {\r\n          \"clientTrackingId\": \"08586606725728181981537275417CU19\"\r\n        },\r\n        \"workflow\": {\r\n          \"id\": \"/subscriptions/f34b22a3-2202-4fb1-b040-1332bd928c84/resourceGroups/ps3762/providers/Microsoft.Logic/workflows/ps5303/versions/08586606725731908514\",\r\n          \"name\": \"08586606725731908514\",\r\n          \"type\": \"Microsoft.Logic/workflows/versions\"\r\n        },\r\n        \"trigger\": {\r\n          \"name\": \"httpTrigger\",\r\n          \"inputsLink\": {\r\n            \"uri\": \"https://prod-55.westus.logic.azure.com:443/workflows/c4e7d74ad5ed4fd3babde282f9a010e3/runs/08586606725728181981537275417CU19/contents/TriggerInputs?api-version=2018-07-01-preview&se=2018-10-31T01%3A00%3A00.0000000Z&sp=%2Fruns%2F08586606725728181981537275417CU19%2Fcontents%2FTriggerInputs%2Fread&sv=1.0&sig=jpWHujBj8eeFfbeWOlCkc06vVaX0ZAriSb46aUga8JY\",\r\n            \"contentSize\": 44\r\n          },\r\n          \"outputsLink\": {\r\n            \"uri\": \"https://prod-55.westus.logic.azure.com:443/workflows/c4e7d74ad5ed4fd3babde282f9a010e3/runs/08586606725728181981537275417CU19/contents/TriggerOutputs?api-version=2018-07-01-preview&se=2018-10-31T01%3A00%3A00.0000000Z&sp=%2Fruns%2F08586606725728181981537275417CU19%2Fcontents%2FTriggerOutputs%2Fread&sv=1.0&sig=23Zz6AxdJLiQ4kKBOuaTxjEPGosImOBJHj2NWAgMjG0\",\r\n            \"contentSize\": 125537\r\n          },\r\n          \"startTime\": \"2018-10-30T21:18:32.6460796Z\",\r\n          \"endTime\": \"2018-10-30T21:18:32.7398361Z\",\r\n          \"scheduledTime\": \"2018-10-30T21:18:32.6148294Z\",\r\n          \"correlation\": {\r\n            \"clientTrackingId\": \"08586606725728181981537275417CU19\"\r\n          },\r\n          \"code\": \"OK\",\r\n          \"status\": \"Succeeded\"\r\n        },\r\n        \"outputs\": {\r\n          \"output1\": {\r\n            \"type\": \"String\"\r\n          }\r\n        }\r\n      },\r\n      \"id\": \"/subscriptions/f34b22a3-2202-4fb1-b040-1332bd928c84/resourceGroups/ps3762/providers/Microsoft.Logic/workflows/ps5303/runs/08586606725728181981537275417CU19\",\r\n      \"name\": \"08586606725728181981537275417CU19\",\r\n      \"type\": \"Microsoft.Logic/workflows/runs\"\r\n    }\r\n  ]\r\n}",
      "ResponseHeaders": {
        "Content-Length": [
          "1790"
        ],
        "Content-Type": [
          "application/json; charset=utf-8"
        ],
        "Expires": [
          "-1"
        ],
        "Pragma": [
          "no-cache"
        ],
        "Vary": [
          "Accept-Encoding"
        ],
        "x-ms-request-id": [
          "westus:34274b52-a0cb-44bc-a563-0e8bc7af947c"
        ],
        "Strict-Transport-Security": [
          "max-age=31536000; includeSubDomains"
        ],
        "x-ms-ratelimit-remaining-subscription-resource-requests": [
          "19999"
        ],
        "x-ms-correlation-request-id": [
          "d67258df-7f88-4420-9c60-9f7622f76a4a"
        ],
        "x-ms-routing-request-id": [
          "WESTUS2:20181030T211835Z:d67258df-7f88-4420-9c60-9f7622f76a4a"
        ],
        "X-Content-Type-Options": [
          "nosniff"
        ],
        "Cache-Control": [
          "no-cache"
        ],
        "Date": [
          "Tue, 30 Oct 2018 21:18:34 GMT"
        ]
      },
      "StatusCode": 200
    },
    {
      "RequestUri": "/subscriptions/f34b22a3-2202-4fb1-b040-1332bd928c84/resourceGroups/ps3762/providers/Microsoft.Logic/workflows/ps5303/runs/08586606725728181981537275417CU19/cancel?api-version=2018-07-01-preview",
      "EncodedRequestUri": "L3N1YnNjcmlwdGlvbnMvZjM0YjIyYTMtMjIwMi00ZmIxLWIwNDAtMTMzMmJkOTI4Yzg0L3Jlc291cmNlR3JvdXBzL3BzMzc2Mi9wcm92aWRlcnMvTWljcm9zb2Z0LkxvZ2ljL3dvcmtmbG93cy9wczUzMDMvcnVucy8wODU4NjYwNjcyNTcyODE4MTk4MTUzNzI3NTQxN0NVMTkvY2FuY2VsP2FwaS12ZXJzaW9uPTIwMTgtMDctMDEtcHJldmlldw==",
      "RequestMethod": "POST",
      "RequestBody": "",
      "RequestHeaders": {
        "x-ms-client-request-id": [
          "344374cc-a569-47f3-be59-011e127690db"
        ],
        "accept-language": [
          "en-US"
        ],
        "User-Agent": [
          "FxVersion/4.7.3190.0",
          "OSName/Windows10Enterprise",
          "OSVersion/6.3.17763",
          "Microsoft.Azure.Management.Logic.LogicManagementClient/4.0.0.0"
        ]
      },
      "ResponseBody": "",
      "ResponseHeaders": {
        "Content-Length": [
          "0"
        ],
        "Expires": [
          "-1"
        ],
        "Pragma": [
          "no-cache"
        ],
        "x-ms-request-id": [
          "westus:11b7c37d-208f-4200-b444-e6b73119a53d"
        ],
        "Strict-Transport-Security": [
          "max-age=31536000; includeSubDomains"
        ],
        "x-ms-ratelimit-remaining-subscription-writes": [
          "1198"
        ],
        "x-ms-correlation-request-id": [
          "ad345e6c-c8b2-47b9-8915-aa5ef4dd39c6"
        ],
        "x-ms-routing-request-id": [
          "WESTUS2:20181030T211835Z:ad345e6c-c8b2-47b9-8915-aa5ef4dd39c6"
        ],
        "X-Content-Type-Options": [
          "nosniff"
        ],
        "Cache-Control": [
          "no-cache"
        ],
        "Date": [
          "Tue, 30 Oct 2018 21:18:35 GMT"
        ]
      },
      "StatusCode": 200
    }
  ],
  "Names": {
    "Test-StopAzureRmLogicAppRun": [
      "ps3762",
      "ps5303"
    ]
  },
  "Variables": {
    "SubscriptionId": "f34b22a3-2202-4fb1-b040-1332bd928c84"
  }
}