{
  "Entries": [
    {
      "RequestUri": "/subscriptions/38304e13-357e-405e-9e9a-220351dcce8c/resourceGroups/hiagarg/providers/Microsoft.Compute/virtualMachines/hiaga-adhoc-vm?api-version=2022-11-01",
      "EncodedRequestUri": "L3N1YnNjcmlwdGlvbnMvMzgzMDRlMTMtMzU3ZS00MDVlLTllOWEtMjIwMzUxZGNjZThjL3Jlc291cmNlR3JvdXBzL2hpYWdhcmcvcHJvdmlkZXJzL01pY3Jvc29mdC5Db21wdXRlL3ZpcnR1YWxNYWNoaW5lcy9oaWFnYS1hZGhvYy12bT9hcGktdmVyc2lvbj0yMDIyLTExLTAx",
      "RequestMethod": "GET",
      "RequestHeaders": {
        "x-ms-client-request-id": [
          "117b84b4-5354-4801-b593-1876b5982842"
        ],
        "Accept-Language": [
          "en-US"
        ],
        "User-Agent": [
          "FxVersion/4.700.22.55902",
          "OSName/Windows",
          "OSVersion/Microsoft.Windows.10.0.22000",
          "Microsoft.Azure.Management.Compute.ComputeManagementClient/60.0.0"
        ]
      },
      "RequestBody": "",
      "ResponseHeaders": {
        "Cache-Control": [
          "no-cache"
        ],
        "Pragma": [
          "no-cache"
        ],
        "x-ms-ratelimit-remaining-resource": [
          "Microsoft.Compute/LowCostGet3Min;3999,Microsoft.Compute/LowCostGet30Min;31950"
        ],
        "Strict-Transport-Security": [
          "max-age=31536000; includeSubDomains"
        ],
        "x-ms-request-id": [
          "6b31995b-fcb7-47bb-8bda-d226c0a15816"
        ],
        "Server": [
          "Microsoft-HTTPAPI/2.0",
          "Microsoft-HTTPAPI/2.0"
        ],
        "x-ms-ratelimit-remaining-subscription-reads": [
          "11999"
        ],
        "x-ms-correlation-request-id": [
          "751a688e-8539-4436-9358-cfbda4d1607d"
        ],
        "x-ms-routing-request-id": [
          "WESTINDIA:20230131T080027Z:751a688e-8539-4436-9358-cfbda4d1607d"
        ],
        "X-Content-Type-Options": [
          "nosniff"
        ],
        "Date": [
          "Tue, 31 Jan 2023 08:00:26 GMT"
        ],
        "Content-Length": [
          "5213"
        ],
        "Content-Type": [
          "application/json; charset=utf-8"
        ],
        "Expires": [
          "-1"
        ]
      },
      "ResponseBody": "{\r\n  \"name\": \"hiaga-adhoc-vm\",\r\n  \"id\": \"/subscriptions/38304e13-357e-405e-9e9a-220351dcce8c/resourceGroups/hiagarg/providers/Microsoft.Compute/virtualMachines/hiaga-adhoc-vm\",\r\n  \"type\": \"Microsoft.Compute/virtualMachines\",\r\n  \"location\": \"centraluseuap\",\r\n  \"tags\": {\r\n    \"MABUsed\": \"yes\",\r\n    \"Owner\": \"hiaga\",\r\n    \"Purpose\": \"testing\",\r\n    \"DeleteBy\": \"01-2031\",\r\n    \"AutoShutdown\": \"no\"\r\n  },\r\n  \"properties\": {\r\n    \"vmId\": \"d82db4cc-b36a-442b-aa17-eedd29c8e31a\",\r\n    \"hardwareProfile\": {\r\n      \"vmSize\": \"Standard_DS1_v2\"\r\n    },\r\n    \"storageProfile\": {\r\n      \"imageReference\": {\r\n        \"publisher\": \"MicrosoftSQLServer\",\r\n        \"offer\": \"SQL2017-WS2016\",\r\n        \"sku\": \"Web\",\r\n        \"version\": \"latest\",\r\n        \"exactVersion\": \"14.1.220111\"\r\n      },\r\n      \"osDisk\": {\r\n        \"osType\": \"Windows\",\r\n        \"name\": \"hiagaadhocvm-osdisk-20220405-032628\",\r\n        \"createOption\": \"FromImage\",\r\n        \"caching\": \"ReadWrite\",\r\n        \"managedDisk\": {\r\n          \"storageAccountType\": \"Premium_LRS\",\r\n          \"id\": \"/subscriptions/38304e13-357e-405e-9e9a-220351dcce8c/resourceGroups/hiagarg/providers/Microsoft.Compute/disks/hiagaadhocvm-osdisk-20220405-032628\"\r\n        },\r\n        \"diskSizeGB\": 127\r\n      },\r\n      \"dataDisks\": [\r\n        {\r\n          \"lun\": 0,\r\n          \"name\": \"hiagaadhocvm-datadisk-000-20220405-032628\",\r\n          \"createOption\": \"Attach\",\r\n          \"caching\": \"ReadOnly\",\r\n          \"writeAcceleratorEnabled\": false,\r\n          \"managedDisk\": {\r\n            \"storageAccountType\": \"Premium_LRS\",\r\n            \"id\": \"/subscriptions/38304e13-357e-405e-9e9a-220351dcce8c/resourceGroups/hiagarg/providers/Microsoft.Compute/disks/hiagaadhocvm-datadisk-000-20220405-032628\"\r\n          },\r\n          \"deleteOption\": \"Detach\",\r\n          \"diskSizeGB\": 64,\r\n          \"toBeDetached\": false\r\n        }\r\n      ]\r\n    },\r\n    \"osProfile\": {\r\n      \"computerName\": \"hiaga-adhoc-vm\",\r\n      \"adminUsername\": \"hiaga\",\r\n      \"windowsConfiguration\": {\r\n        \"provisionVMAgent\": true,\r\n        \"enableAutomaticUpdates\": true,\r\n        \"patchSettings\": {\r\n          \"patchMode\": \"AutomaticByOS\",\r\n          \"assessmentMode\": \"ImageDefault\",\r\n          \"enableHotpatching\": false\r\n        }\r\n      },\r\n      \"secrets\": [],\r\n      \"allowExtensionOperations\": true,\r\n      \"requireGuestProvisionSignal\": true\r\n    },\r\n    \"networkProfile\": {\r\n      \"networkInterfaces\": [\r\n        {\r\n          \"id\": \"/subscriptions/38304e13-357e-405e-9e9a-220351dcce8c/resourceGroups/hiagarg/providers/Microsoft.Network/networkInterfaces/hiaga-adhoc-vm661_z1\",\r\n          \"properties\": {\r\n            \"deleteOption\": \"Detach\"\r\n          }\r\n        }\r\n      ]\r\n    },\r\n    \"diagnosticsProfile\": {\r\n      \"bootDiagnostics\": {\r\n        \"enabled\": true\r\n      }\r\n    },\r\n    \"provisioningState\": \"Succeeded\",\r\n    \"timeCreated\": \"2022-01-31T12:34:36.9768577+05:30\"\r\n  },\r\n  \"zones\": [\r\n    \"1\"\r\n  ],\r\n  \"resources\": [\r\n    {\r\n      \"name\": \"MicrosoftMonitoringAgent\",\r\n      \"id\": \"/subscriptions/38304e13-357e-405e-9e9a-220351dcce8c/resourceGroups/hiagarg/providers/Microsoft.Compute/virtualMachines/hiaga-adhoc-vm/extensions/MicrosoftMonitoringAgent\",\r\n      \"type\": \"Microsoft.Compute/virtualMachines/extensions\",\r\n      \"location\": \"centraluseuap\",\r\n      \"properties\": {\r\n        \"autoUpgradeMinorVersion\": true,\r\n        \"provisioningState\": \"Succeeded\",\r\n        \"publisher\": \"Microsoft.EnterpriseCloud.Monitoring\",\r\n        \"type\": \"MicrosoftMonitoringAgent\",\r\n        \"typeHandlerVersion\": \"1.0\",\r\n        \"settings\": {\r\n          \"workspaceId\": \"0bf5b55a-adc7-4adb-afec-bd79dba77b75\"\r\n        }\r\n      }\r\n    },\r\n    {\r\n      \"name\": \"SqlIaasExtension\",\r\n      \"id\": \"/subscriptions/38304e13-357e-405e-9e9a-220351dcce8c/resourceGroups/hiagarg/providers/Microsoft.Compute/virtualMachines/hiaga-adhoc-vm/extensions/SqlIaasExtension\",\r\n      \"type\": \"Microsoft.Compute/virtualMachines/extensions\",\r\n      \"location\": \"centraluseuap\",\r\n      \"properties\": {\r\n        \"autoUpgradeMinorVersion\": true,\r\n        \"provisioningState\": \"Succeeded\",\r\n        \"publisher\": \"Microsoft.SqlServer.Management\",\r\n        \"type\": \"SqlIaaSAgent\",\r\n        \"typeHandlerVersion\": \"2.0\",\r\n        \"settings\": {\r\n          \"AutoPatchingSettings\": {\r\n            \"PatchCategory\": \"WindowsMandatoryUpdates\",\r\n            \"Enable\": true,\r\n            \"DayOfWeek\": \"Sunday\",\r\n            \"MaintenanceWindowStartingHour\": \"2\",\r\n            \"MaintenanceWindowDuration\": \"60\"\r\n          },\r\n          \"KeyVaultCredentialSettings\": {\r\n            \"Enable\": false\r\n          },\r\n          \"ServerConfigurationsManagementSettings\": {\r\n            \"SQLConnectivityUpdateSettings\": {\r\n              \"ConnectivityType\": \"PRIVATE\",\r\n              \"Port\": \"1433\"\r\n            },\r\n            \"SQLWorkloadTypeUpdateSettings\": {\r\n              \"SQLWorkloadType\": 2\r\n            },\r\n            \"SQLStorageUpdateSettingsV2\": {\r\n              \"DiskConfigurationType\": \"NEW\",\r\n              \"SQLDataSettings\": {\r\n                \"DefaultFilePath\": \"F:\\\\data\",\r\n                \"LUNs\": [\r\n                  0\r\n                ]\r\n              },\r\n              \"SQLLogSettings\": {\r\n                \"DefaultFilePath\": \"F:\\\\log\",\r\n                \"LUNs\": [\r\n                  0\r\n                ]\r\n              },\r\n              \"SQLTempDbSettings\": {\r\n                \"DataFileSize\": \"8\",\r\n                \"DataGrowth\": \"64\",\r\n                \"DataFileCount\": \"1\",\r\n                \"LogFileSize\": \"8\",\r\n                \"LogGrowth\": \"64\",\r\n                \"DefaultFilePath\": \"F:\\\\tempDb\",\r\n                \"LUNs\": [\r\n                  0\r\n                ]\r\n              },\r\n              \"SQLSystemDbOnDataDisk\": false\r\n            },\r\n            \"AdditionalFeaturesServerConfigurations\": {\r\n              \"IsRServicesEnabled\": false\r\n            },\r\n            \"SQLInstanceSettings\": {\r\n              \"Collation\": \"SQL_Latin1_General_CP1_CI_AS\",\r\n              \"MaxDop\": 0,\r\n              \"IsOptimizeForAdHocWorkloadsEnabled\": false,\r\n              \"MinServerMemoryMB\": 0,\r\n              \"MaxServerMemoryMB\": 2147483647\r\n            }\r\n          },\r\n          \"SqlManagement\": {\r\n            \"IsEnabled\": true\r\n          },\r\n          \"DeploymentTokenSettings\": {\r\n            \"DeploymentToken\": 480886680\r\n          }\r\n        }\r\n      }\r\n    }\r\n  ]\r\n}",
      "StatusCode": 200
    },
    {
      "RequestUri": "/subscriptions/38304e13-357e-405e-9e9a-220351dcce8c/resourceGroups/hiagarg/providers/Microsoft.Compute/virtualMachines/hiaganewvm3?api-version=2022-11-01",
      "EncodedRequestUri": "L3N1YnNjcmlwdGlvbnMvMzgzMDRlMTMtMzU3ZS00MDVlLTllOWEtMjIwMzUxZGNjZThjL3Jlc291cmNlR3JvdXBzL2hpYWdhcmcvcHJvdmlkZXJzL01pY3Jvc29mdC5Db21wdXRlL3ZpcnR1YWxNYWNoaW5lcy9oaWFnYW5ld3ZtMz9hcGktdmVyc2lvbj0yMDIyLTExLTAx",
      "RequestMethod": "GET",
      "RequestHeaders": {
        "x-ms-client-request-id": [
          "0dab360b-d8ee-4877-92fb-a43130f8714b"
        ],
        "Accept-Language": [
          "en-US"
        ],
        "User-Agent": [
          "FxVersion/4.700.22.55902",
          "OSName/Windows",
          "OSVersion/Microsoft.Windows.10.0.22000",
          "Microsoft.Azure.Management.Compute.ComputeManagementClient/60.0.0"
        ]
      },
      "RequestBody": "",
      "ResponseHeaders": {
        "Cache-Control": [
          "no-cache"
        ],
        "Pragma": [
          "no-cache"
        ],
        "x-ms-ratelimit-remaining-resource": [
          "Microsoft.Compute/LowCostGet3Min;3998,Microsoft.Compute/LowCostGet30Min;31949"
        ],
        "Strict-Transport-Security": [
          "max-age=31536000; includeSubDomains"
        ],
        "x-ms-request-id": [
          "5d631e07-b943-4051-9836-420306be7125"
        ],
        "Server": [
          "Microsoft-HTTPAPI/2.0",
          "Microsoft-HTTPAPI/2.0"
        ],
        "x-ms-ratelimit-remaining-subscription-reads": [
          "11999"
        ],
        "x-ms-correlation-request-id": [
          "5ffa2d5e-3130-4ef4-8705-58588d66824f"
        ],
        "x-ms-routing-request-id": [
          "WESTINDIA:20230131T080029Z:5ffa2d5e-3130-4ef4-8705-58588d66824f"
        ],
        "X-Content-Type-Options": [
          "nosniff"
        ],
        "Date": [
          "Tue, 31 Jan 2023 08:00:29 GMT"
        ],
        "Content-Length": [
          "3452"
        ],
        "Content-Type": [
          "application/json; charset=utf-8"
        ],
        "Expires": [
          "-1"
        ]
      },
      "ResponseBody": "{\r\n  \"name\": \"hiaganewVM3\",\r\n  \"id\": \"/subscriptions/38304e13-357e-405e-9e9a-220351dcce8c/resourceGroups/hiagarg/providers/Microsoft.Compute/virtualMachines/hiaganewVM3\",\r\n  \"type\": \"Microsoft.Compute/virtualMachines\",\r\n  \"location\": \"centraluseuap\",\r\n  \"tags\": {\r\n    \"MABUsed\": \"yes\",\r\n    \"Owner\": \"hiaga\",\r\n    \"Purpose\": \"testing\",\r\n    \"DeleteBy\": \"01-2031\",\r\n    \"AutoShutdown\": \"no\"\r\n  },\r\n  \"properties\": {\r\n    \"vmId\": \"fe214efe-3f34-4d42-a09a-956edd463798\",\r\n    \"hardwareProfile\": {\r\n      \"vmSize\": \"Standard_DS1_v2\"\r\n    },\r\n    \"storageProfile\": {\r\n      \"osDisk\": {\r\n        \"osType\": \"Windows\",\r\n        \"name\": \"hiaganewvm3-osdisk-20220205-043607\",\r\n        \"createOption\": \"Attach\",\r\n        \"caching\": \"ReadWrite\",\r\n        \"managedDisk\": {\r\n          \"storageAccountType\": \"Premium_LRS\",\r\n          \"id\": \"/subscriptions/38304e13-357e-405e-9e9a-220351dcce8c/resourceGroups/hiagarg/providers/Microsoft.Compute/disks/hiaganewvm3-osdisk-20220205-043607\"\r\n        },\r\n        \"deleteOption\": \"Detach\",\r\n        \"diskSizeGB\": 127\r\n      },\r\n      \"dataDisks\": [\r\n        {\r\n          \"lun\": 0,\r\n          \"name\": \"hiaganewvm3-datadisk-000-20220205-043607\",\r\n          \"createOption\": \"Attach\",\r\n          \"caching\": \"ReadOnly\",\r\n          \"writeAcceleratorEnabled\": false,\r\n          \"managedDisk\": {\r\n            \"storageAccountType\": \"Premium_LRS\",\r\n            \"id\": \"/subscriptions/38304e13-357e-405e-9e9a-220351dcce8c/resourceGroups/hiagarg/providers/Microsoft.Compute/disks/hiaganewvm3-datadisk-000-20220205-043607\"\r\n          },\r\n          \"deleteOption\": \"Detach\",\r\n          \"diskSizeGB\": 64,\r\n          \"toBeDetached\": false\r\n        }\r\n      ]\r\n    },\r\n    \"networkProfile\": {\r\n      \"networkInterfaces\": [\r\n        {\r\n          \"id\": \"/subscriptions/38304e13-357e-405e-9e9a-220351dcce8c/resourceGroups/hiagarg/providers/Microsoft.Network/networkInterfaces/hiaganewVM3-nic-4bae3f4832444779845947e509bfad7c\",\r\n          \"properties\": {\r\n            \"primary\": true\r\n          }\r\n        }\r\n      ]\r\n    },\r\n    \"provisioningState\": \"Succeeded\",\r\n    \"timeCreated\": \"2022-02-05T10:06:43.4591955+05:30\"\r\n  },\r\n  \"zones\": [\r\n    \"1\"\r\n  ],\r\n  \"resources\": [\r\n    {\r\n      \"name\": \"MicrosoftMonitoringAgent\",\r\n      \"id\": \"/subscriptions/38304e13-357e-405e-9e9a-220351dcce8c/resourceGroups/hiagarg/providers/Microsoft.Compute/virtualMachines/hiaganewVM3/extensions/MicrosoftMonitoringAgent\",\r\n      \"type\": \"Microsoft.Compute/virtualMachines/extensions\",\r\n      \"location\": \"centraluseuap\",\r\n      \"properties\": {\r\n        \"autoUpgradeMinorVersion\": true,\r\n        \"provisioningState\": \"Succeeded\",\r\n        \"publisher\": \"Microsoft.EnterpriseCloud.Monitoring\",\r\n        \"type\": \"MicrosoftMonitoringAgent\",\r\n        \"typeHandlerVersion\": \"1.0\",\r\n        \"settings\": {\r\n          \"workspaceId\": \"0bf5b55a-adc7-4adb-afec-bd79dba77b75\"\r\n        }\r\n      }\r\n    },\r\n    {\r\n      \"name\": \"SqlIaasExtension\",\r\n      \"id\": \"/subscriptions/38304e13-357e-405e-9e9a-220351dcce8c/resourceGroups/hiagarg/providers/Microsoft.Compute/virtualMachines/hiaganewVM3/extensions/SqlIaasExtension\",\r\n      \"type\": \"Microsoft.Compute/virtualMachines/extensions\",\r\n      \"location\": \"centraluseuap\",\r\n      \"properties\": {\r\n        \"autoUpgradeMinorVersion\": true,\r\n        \"provisioningState\": \"Succeeded\",\r\n        \"publisher\": \"Microsoft.SqlServer.Management\",\r\n        \"type\": \"SqlIaaSAgent\",\r\n        \"typeHandlerVersion\": \"2.0\",\r\n        \"settings\": {\r\n          \"SqlManagement\": {\r\n            \"IsEnabled\": false\r\n          },\r\n          \"DeploymentTokenSettings\": {\r\n            \"DeploymentToken\": 1760100206\r\n          }\r\n        }\r\n      }\r\n    }\r\n  ]\r\n}",
      "StatusCode": 200
    },
    {
      "RequestUri": "/subscriptions/38304e13-357e-405e-9e9a-220351dcce8c/resourceGroups/hiagarg/providers/Microsoft.RecoveryServices/vaults/hiaga-adhoc-vault?api-version=2022-10-01",
      "EncodedRequestUri": "L3N1YnNjcmlwdGlvbnMvMzgzMDRlMTMtMzU3ZS00MDVlLTllOWEtMjIwMzUxZGNjZThjL3Jlc291cmNlR3JvdXBzL2hpYWdhcmcvcHJvdmlkZXJzL01pY3Jvc29mdC5SZWNvdmVyeVNlcnZpY2VzL3ZhdWx0cy9oaWFnYS1hZGhvYy12YXVsdD9hcGktdmVyc2lvbj0yMDIyLTEwLTAx",
      "RequestMethod": "GET",
      "RequestHeaders": {
        "x-ms-client-request-id": [
          "08942a1a-b9c1-4a03-9b15-c09455278909"
        ],
        "Accept-Language": [
          "en-US"
        ],
        "User-Agent": [
          "FxVersion/4.700.22.55902",
          "OSName/Windows",
          "OSVersion/Microsoft.Windows.10.0.22000",
          "Microsoft.Azure.Management.RecoveryServices.RecoveryServicesClient/6.1.3"
        ]
      },
      "RequestBody": "",
      "ResponseHeaders": {
        "Cache-Control": [
          "no-cache"
        ],
        "Pragma": [
          "no-cache"
        ],
        "x-ms-ratelimit-remaining-subscription-reads": [
          "11999"
        ],
        "X-Content-Type-Options": [
          "nosniff"
        ],
        "x-ms-request-id": [
          "92aaf674-54a3-4c57-97c7-313d28a374c6"
        ],
        "x-ms-client-request-id": [
          "08942a1a-b9c1-4a03-9b15-c09455278909"
        ],
        "Server": [
          "Kestrel"
        ],
        "x-ms-correlation-request-id": [
          "92aaf674-54a3-4c57-97c7-313d28a374c6"
        ],
        "x-ms-routing-request-id": [
          "WESTINDIA:20230131T080032Z:92aaf674-54a3-4c57-97c7-313d28a374c6"
        ],
        "Strict-Transport-Security": [
          "max-age=31536000; includeSubDomains"
        ],
        "Date": [
          "Tue, 31 Jan 2023 08:00:31 GMT"
        ],
        "Content-Length": [
          "711"
        ],
        "Content-Type": [
          "application/json; charset=utf-8"
        ],
        "Expires": [
          "-1"
        ]
      },
      "ResponseBody": "{\r\n  \"location\": \"centraluseuap\",\r\n  \"name\": \"hiaga-adhoc-vault\",\r\n  \"etag\": \"W/\\\"datetime'2022-12-16T15%3A10%3A54.8368269Z'\\\"\",\r\n  \"tags\": {\r\n    \"MABUsed\": \"Yes\",\r\n    \"Owner\": \"hiaga\",\r\n    \"Purpose\": \"testing\",\r\n    \"DeleteBy\": \"01-2031\"\r\n  },\r\n  \"properties\": {\r\n    \"provisioningState\": \"Succeeded\",\r\n    \"privateEndpointStateForBackup\": \"None\",\r\n    \"privateEndpointStateForSiteRecovery\": \"None\",\r\n    \"backupStorageVersion\": \"V1\",\r\n    \"publicNetworkAccess\": \"Enabled\",\r\n    \"restoreSettings\": {\r\n      \"crossSubscriptionRestoreSettings\": {\r\n        \"crossSubscriptionRestoreState\": \"Enabled\"\r\n      }\r\n    }\r\n  },\r\n  \"id\": \"/subscriptions/38304e13-357e-405e-9e9a-220351dcce8c/resourceGroups/hiagarg/providers/Microsoft.RecoveryServices/vaults/hiaga-adhoc-vault\",\r\n  \"type\": \"Microsoft.RecoveryServices/vaults\",\r\n  \"sku\": {\r\n    \"name\": \"RS0\",\r\n    \"tier\": \"Standard\"\r\n  }\r\n}",
      "StatusCode": 200
    },
    {
      "RequestUri": "/subscriptions/38304e13-357e-405e-9e9a-220351dcce8c/resourceGroups/hiagarg/providers/Microsoft.RecoveryServices/vaults/hiaga-adhoc-vault/backupconfig/vaultconfig?api-version=2023-01-01",
      "EncodedRequestUri": "L3N1YnNjcmlwdGlvbnMvMzgzMDRlMTMtMzU3ZS00MDVlLTllOWEtMjIwMzUxZGNjZThjL3Jlc291cmNlR3JvdXBzL2hpYWdhcmcvcHJvdmlkZXJzL01pY3Jvc29mdC5SZWNvdmVyeVNlcnZpY2VzL3ZhdWx0cy9oaWFnYS1hZGhvYy12YXVsdC9iYWNrdXBjb25maWcvdmF1bHRjb25maWc/YXBpLXZlcnNpb249MjAyMy0wMS0wMQ==",
      "RequestMethod": "GET",
      "RequestHeaders": {
        "x-ms-client-request-id": [
          "ce09eabb-0ffa-492d-9234-3a124fbd84de"
        ],
        "Accept-Language": [
          "en-US"
        ],
        "User-Agent": [
          "FxVersion/4.700.22.55902",
          "OSName/Windows",
          "OSVersion/Microsoft.Windows.10.0.22000",
          "Microsoft.Azure.Management.RecoveryServices.Backup.RecoveryServicesBackupClient/6.1.3"
        ]
      },
      "RequestBody": "",
      "ResponseHeaders": {
        "Cache-Control": [
          "no-cache"
        ],
        "Pragma": [
          "no-cache"
        ],
        "X-Content-Type-Options": [
          "nosniff"
        ],
        "Strict-Transport-Security": [
          "max-age=31536000; includeSubDomains"
        ],
        "x-ms-request-id": [
          "4267e100-a10d-46ef-8a61-9406284e57aa"
        ],
        "x-ms-client-request-id": [
          "ce09eabb-0ffa-492d-9234-3a124fbd84de"
        ],
        "Server": [
          "Kestrel"
        ],
        "X-Powered-By": [
          "ASP.NET"
        ],
        "x-ms-ratelimit-remaining-subscription-resource-requests": [
          "299"
        ],
        "x-ms-correlation-request-id": [
          "4267e100-a10d-46ef-8a61-9406284e57aa"
        ],
        "x-ms-routing-request-id": [
          "WESTINDIA:20230131T080033Z:4267e100-a10d-46ef-8a61-9406284e57aa"
        ],
        "Date": [
          "Tue, 31 Jan 2023 08:00:33 GMT"
        ],
        "Content-Length": [
          "409"
        ],
        "Content-Type": [
          "application/json; charset=utf-8"
        ],
        "Expires": [
          "-1"
        ]
      },
      "ResponseBody": "{\r\n  \"id\": \"/subscriptions/38304e13-357e-405e-9e9a-220351dcce8c/resourceGroups/hiagarg/providers/Microsoft.RecoveryServices/vaults/hiaga-adhoc-vault/backupconfig/vaultconfig\",\r\n  \"name\": \"vaultconfig\",\r\n  \"type\": \"Microsoft.RecoveryServices/vaults/backupconfig\",\r\n  \"properties\": {\r\n    \"enhancedSecurityState\": \"Enabled\",\r\n    \"softDeleteFeatureState\": \"Disabled\",\r\n    \"softDeleteRetentionPeriodInDays\": 14,\r\n    \"isSoftDeleteFeatureStateEditable\": true\r\n  }\r\n}",
      "StatusCode": 200
    },
    {
      "RequestUri": "/subscriptions/38304e13-357e-405e-9e9a-220351dcce8c/resourceGroups/hiagarg/providers/Microsoft.RecoveryServices/vaults/hiaga-adhoc-vault/backupconfig/vaultconfig?api-version=2023-01-01",
      "EncodedRequestUri": "L3N1YnNjcmlwdGlvbnMvMzgzMDRlMTMtMzU3ZS00MDVlLTllOWEtMjIwMzUxZGNjZThjL3Jlc291cmNlR3JvdXBzL2hpYWdhcmcvcHJvdmlkZXJzL01pY3Jvc29mdC5SZWNvdmVyeVNlcnZpY2VzL3ZhdWx0cy9oaWFnYS1hZGhvYy12YXVsdC9iYWNrdXBjb25maWcvdmF1bHRjb25maWc/YXBpLXZlcnNpb249MjAyMy0wMS0wMQ==",
      "RequestMethod": "PATCH",
      "RequestHeaders": {
        "x-ms-client-request-id": [
          "ce09eabb-0ffa-492d-9234-3a124fbd84de"
        ],
        "Accept-Language": [
          "en-US"
        ],
        "User-Agent": [
          "FxVersion/4.700.22.55902",
          "OSName/Windows",
          "OSVersion/Microsoft.Windows.10.0.22000",
          "Microsoft.Azure.Management.RecoveryServices.Backup.RecoveryServicesBackupClient/6.1.3"
        ],
        "Content-Type": [
          "application/json; charset=utf-8"
        ],
        "Content-Length": [
          "111"
        ]
      },
      "RequestBody": "{\r\n  \"properties\": {\r\n    \"enhancedSecurityState\": \"Enabled\",\r\n    \"softDeleteFeatureState\": \"Disabled\"\r\n  }\r\n}",
      "ResponseHeaders": {
        "Cache-Control": [
          "no-cache"
        ],
        "Pragma": [
          "no-cache"
        ],
        "X-Content-Type-Options": [
          "nosniff"
        ],
        "x-ms-request-id": [
          "c02d8a2a-3965-444d-810b-132264766701"
        ],
        "x-ms-client-request-id": [
          "ce09eabb-0ffa-492d-9234-3a124fbd84de"
        ],
        "Strict-Transport-Security": [
          "max-age=31536000; includeSubDomains"
        ],
        "Server": [
          "Kestrel"
        ],
        "X-Powered-By": [
          "ASP.NET"
        ],
        "x-ms-ratelimit-remaining-subscription-writes": [
          "1199"
        ],
        "x-ms-correlation-request-id": [
          "c02d8a2a-3965-444d-810b-132264766701"
        ],
        "x-ms-routing-request-id": [
          "WESTINDIA:20230131T080035Z:c02d8a2a-3965-444d-810b-132264766701"
        ],
        "Date": [
          "Tue, 31 Jan 2023 08:00:35 GMT"
        ],
        "Content-Length": [
          "409"
        ],
        "Content-Type": [
          "application/json; charset=utf-8"
        ],
        "Expires": [
          "-1"
        ]
      },
      "ResponseBody": "{\r\n  \"id\": \"/subscriptions/38304e13-357e-405e-9e9a-220351dcce8c/resourceGroups/hiagarg/providers/Microsoft.RecoveryServices/vaults/hiaga-adhoc-vault/backupconfig/vaultconfig\",\r\n  \"name\": \"vaultconfig\",\r\n  \"type\": \"Microsoft.RecoveryServices/vaults/backupconfig\",\r\n  \"properties\": {\r\n    \"enhancedSecurityState\": \"Enabled\",\r\n    \"softDeleteFeatureState\": \"Disabled\",\r\n    \"softDeleteRetentionPeriodInDays\": 14,\r\n    \"isSoftDeleteFeatureStateEditable\": true\r\n  }\r\n}",
      "StatusCode": 200
    },
    {
      "RequestUri": "/subscriptions/38304e13-357e-405e-9e9a-220351dcce8c/resourceGroups/hiagarg/providers/Microsoft.RecoveryServices/vaults/hiaga-adhoc-vault/backupPolicies/DefaultPolicy?api-version=2023-01-01",
      "EncodedRequestUri": "L3N1YnNjcmlwdGlvbnMvMzgzMDRlMTMtMzU3ZS00MDVlLTllOWEtMjIwMzUxZGNjZThjL3Jlc291cmNlR3JvdXBzL2hpYWdhcmcvcHJvdmlkZXJzL01pY3Jvc29mdC5SZWNvdmVyeVNlcnZpY2VzL3ZhdWx0cy9oaWFnYS1hZGhvYy12YXVsdC9iYWNrdXBQb2xpY2llcy9EZWZhdWx0UG9saWN5P2FwaS12ZXJzaW9uPTIwMjMtMDEtMDE=",
      "RequestMethod": "GET",
      "RequestHeaders": {
        "x-ms-client-request-id": [
          "84075365-7711-4c17-ba43-8f18b1895988"
        ],
        "Accept-Language": [
          "en-US"
        ],
        "User-Agent": [
          "FxVersion/4.700.22.55902",
          "OSName/Windows",
          "OSVersion/Microsoft.Windows.10.0.22000",
          "Microsoft.Azure.Management.RecoveryServices.Backup.RecoveryServicesBackupClient/6.1.3"
        ]
      },
      "RequestBody": "",
      "ResponseHeaders": {
        "Cache-Control": [
          "no-cache"
        ],
        "Pragma": [
          "no-cache"
        ],
        "X-Content-Type-Options": [
          "nosniff"
        ],
        "x-ms-request-id": [
          "b9c22d51-0abd-409f-a17d-4e329403fc88"
        ],
        "x-ms-client-request-id": [
          "84075365-7711-4c17-ba43-8f18b1895988"
        ],
        "Strict-Transport-Security": [
          "max-age=31536000; includeSubDomains"
        ],
        "Server": [
          "Kestrel"
        ],
        "X-Powered-By": [
          "ASP.NET"
        ],
        "x-ms-ratelimit-remaining-subscription-resource-requests": [
          "299"
        ],
        "x-ms-correlation-request-id": [
          "b9c22d51-0abd-409f-a17d-4e329403fc88"
        ],
        "x-ms-routing-request-id": [
          "WESTINDIA:20230131T080038Z:b9c22d51-0abd-409f-a17d-4e329403fc88"
        ],
        "Date": [
          "Tue, 31 Jan 2023 08:00:37 GMT"
        ],
        "Content-Length": [
          "753"
        ],
        "Content-Type": [
          "application/json; charset=utf-8"
        ],
        "Expires": [
          "-1"
        ]
      },
      "ResponseBody": "{\r\n  \"id\": \"/subscriptions/38304e13-357e-405e-9e9a-220351dcce8c/resourceGroups/hiagarg/providers/Microsoft.RecoveryServices/vaults/hiaga-adhoc-vault/backupPolicies/DefaultPolicy\",\r\n  \"name\": \"DefaultPolicy\",\r\n  \"type\": \"Microsoft.RecoveryServices/vaults/backupPolicies\",\r\n  \"properties\": {\r\n    \"backupManagementType\": \"AzureIaasVM\",\r\n    \"instantRPDetails\": {},\r\n    \"schedulePolicy\": {\r\n      \"schedulePolicyType\": \"SimpleSchedulePolicy\",\r\n      \"scheduleRunFrequency\": \"Daily\",\r\n      \"scheduleRunTimes\": [\r\n        \"2022-01-31T16:30:00Z\"\r\n      ],\r\n      \"scheduleWeeklyFrequency\": 0\r\n    },\r\n    \"retentionPolicy\": {\r\n      \"retentionPolicyType\": \"LongTermRetentionPolicy\",\r\n      \"dailySchedule\": {\r\n        \"retentionTimes\": [\r\n          \"2022-01-31T16:30:00Z\"\r\n        ],\r\n        \"retentionDuration\": {\r\n          \"count\": 30,\r\n          \"durationType\": \"Days\"\r\n        }\r\n      }\r\n    },\r\n    \"instantRpRetentionRangeInDays\": 2,\r\n    \"timeZone\": \"UTC\",\r\n    \"protectedItemsCount\": 2\r\n  }\r\n}",
      "StatusCode": 200
    },
    {
      "RequestUri": "/subscriptions/38304e13-357e-405e-9e9a-220351dcce8c/resourceGroups/hiagarg/providers/Microsoft.RecoveryServices/vaults/hiaga-adhoc-vault/backupProtectionContainers?$filter=friendlyName%20eq%20'hiaga-adhoc-vm'%20and%20backupManagementType%20eq%20'AzureIaasVM'&api-version=2023-01-01",
      "EncodedRequestUri": "L3N1YnNjcmlwdGlvbnMvMzgzMDRlMTMtMzU3ZS00MDVlLTllOWEtMjIwMzUxZGNjZThjL3Jlc291cmNlR3JvdXBzL2hpYWdhcmcvcHJvdmlkZXJzL01pY3Jvc29mdC5SZWNvdmVyeVNlcnZpY2VzL3ZhdWx0cy9oaWFnYS1hZGhvYy12YXVsdC9iYWNrdXBQcm90ZWN0aW9uQ29udGFpbmVycz8kZmlsdGVyPWZyaWVuZGx5TmFtZSUyMGVxJTIwJ2hpYWdhLWFkaG9jLXZtJyUyMGFuZCUyMGJhY2t1cE1hbmFnZW1lbnRUeXBlJTIwZXElMjAnQXp1cmVJYWFzVk0nJmFwaS12ZXJzaW9uPTIwMjMtMDEtMDE=",
      "RequestMethod": "GET",
      "RequestHeaders": {
        "x-ms-client-request-id": [
          "a6c703ed-be62-46d2-903a-1e076eb0609c"
        ],
        "Accept-Language": [
          "en-US"
        ],
        "User-Agent": [
          "FxVersion/4.700.22.55902",
          "OSName/Windows",
          "OSVersion/Microsoft.Windows.10.0.22000",
          "Microsoft.Azure.Management.RecoveryServices.Backup.RecoveryServicesBackupClient/6.1.3"
        ]
      },
      "RequestBody": "",
      "ResponseHeaders": {
        "Cache-Control": [
          "no-cache"
        ],
        "Pragma": [
          "no-cache"
        ],
        "X-Content-Type-Options": [
          "nosniff"
        ],
        "x-ms-request-id": [
          "fc009023-ae56-46cf-98e0-2f9fc239ee97"
        ],
        "x-ms-client-request-id": [
          "a6c703ed-be62-46d2-903a-1e076eb0609c"
        ],
        "Strict-Transport-Security": [
          "max-age=31536000; includeSubDomains"
        ],
        "Server": [
          "Kestrel"
        ],
        "X-Powered-By": [
          "ASP.NET"
        ],
        "x-ms-ratelimit-remaining-subscription-resource-requests": [
          "299"
        ],
        "x-ms-correlation-request-id": [
          "fc009023-ae56-46cf-98e0-2f9fc239ee97"
        ],
        "x-ms-routing-request-id": [
          "WESTINDIA:20230131T080040Z:fc009023-ae56-46cf-98e0-2f9fc239ee97"
        ],
        "Date": [
          "Tue, 31 Jan 2023 08:00:39 GMT"
        ],
        "Content-Length": [
          "869"
        ],
        "Content-Type": [
          "application/json; charset=utf-8"
        ],
        "Expires": [
          "-1"
        ]
      },
      "ResponseBody": "{\r\n  \"value\": [\r\n    {\r\n      \"id\": \"/subscriptions/38304e13-357e-405e-9e9a-220351dcce8c/resourceGroups/hiagarg/providers/Microsoft.RecoveryServices/vaults/hiaga-adhoc-vault/backupFabrics/Azure/protectionContainers/IaasVMContainer;iaasvmcontainerv2;hiagarg;hiaga-adhoc-vm\",\r\n      \"name\": \"IaasVMContainer;iaasvmcontainerv2;hiagarg;hiaga-adhoc-vm\",\r\n      \"type\": \"Microsoft.RecoveryServices/vaults/backupFabrics/protectionContainers\",\r\n      \"properties\": {\r\n        \"virtualMachineId\": \"/subscriptions/38304e13-357e-405e-9e9a-220351dcce8c/resourceGroups/hiagarg/providers/Microsoft.Compute/virtualMachines/hiaga-adhoc-vm\",\r\n        \"virtualMachineVersion\": \"Compute\",\r\n        \"resourceGroup\": \"hiagarg\",\r\n        \"friendlyName\": \"hiaga-adhoc-vm\",\r\n        \"backupManagementType\": \"AzureIaasVM\",\r\n        \"registrationStatus\": \"Registered\",\r\n        \"healthStatus\": \"Healthy\",\r\n        \"containerType\": \"Microsoft.Compute/virtualMachines\",\r\n        \"protectableObjectType\": \"Microsoft.Compute/virtualMachines\"\r\n      }\r\n    }\r\n  ]\r\n}",
      "StatusCode": 200
    },
    {
      "RequestUri": "/subscriptions/38304e13-357e-405e-9e9a-220351dcce8c/resourceGroups/hiagarg/providers/Microsoft.RecoveryServices/vaults/hiaga-adhoc-vault/backupProtectedItems?$filter=backupManagementType%20eq%20'AzureIaasVM'%20and%20itemType%20eq%20'VM'&api-version=2023-01-01",
      "EncodedRequestUri": "L3N1YnNjcmlwdGlvbnMvMzgzMDRlMTMtMzU3ZS00MDVlLTllOWEtMjIwMzUxZGNjZThjL3Jlc291cmNlR3JvdXBzL2hpYWdhcmcvcHJvdmlkZXJzL01pY3Jvc29mdC5SZWNvdmVyeVNlcnZpY2VzL3ZhdWx0cy9oaWFnYS1hZGhvYy12YXVsdC9iYWNrdXBQcm90ZWN0ZWRJdGVtcz8kZmlsdGVyPWJhY2t1cE1hbmFnZW1lbnRUeXBlJTIwZXElMjAnQXp1cmVJYWFzVk0nJTIwYW5kJTIwaXRlbVR5cGUlMjBlcSUyMCdWTScmYXBpLXZlcnNpb249MjAyMy0wMS0wMQ==",
      "RequestMethod": "GET",
      "RequestHeaders": {
        "x-ms-client-request-id": [
          "853c8bad-b341-4d3b-83fb-5bc24bd3e64d"
        ],
        "Accept-Language": [
          "en-US"
        ],
        "User-Agent": [
          "FxVersion/4.700.22.55902",
          "OSName/Windows",
          "OSVersion/Microsoft.Windows.10.0.22000",
          "Microsoft.Azure.Management.RecoveryServices.Backup.RecoveryServicesBackupClient/6.1.3"
        ]
      },
      "RequestBody": "",
      "ResponseHeaders": {
        "Cache-Control": [
          "no-cache"
        ],
        "Pragma": [
          "no-cache"
        ],
        "X-Content-Type-Options": [
          "nosniff"
        ],
        "x-ms-request-id": [
          "79acc2e9-7442-4463-b3e3-b66a5b044258"
        ],
        "x-ms-client-request-id": [
          "853c8bad-b341-4d3b-83fb-5bc24bd3e64d"
        ],
        "Strict-Transport-Security": [
          "max-age=31536000; includeSubDomains"
        ],
        "Server": [
          "Kestrel"
        ],
        "X-Powered-By": [
          "ASP.NET"
        ],
        "x-ms-ratelimit-remaining-subscription-resource-requests": [
          "299"
        ],
        "x-ms-correlation-request-id": [
          "79acc2e9-7442-4463-b3e3-b66a5b044258"
        ],
        "x-ms-routing-request-id": [
          "WESTINDIA:20230131T080041Z:79acc2e9-7442-4463-b3e3-b66a5b044258"
        ],
        "Date": [
          "Tue, 31 Jan 2023 08:00:41 GMT"
        ],
        "Content-Length": [
          "3726"
        ],
        "Content-Type": [
          "application/json; charset=utf-8"
        ],
        "Expires": [
          "-1"
        ]
      },
      "ResponseBody": "{\r\n  \"value\": [\r\n    {\r\n      \"id\": \"/subscriptions/38304e13-357e-405e-9e9a-220351dcce8c/resourceGroups/hiagarg/providers/Microsoft.RecoveryServices/vaults/hiaga-adhoc-vault/backupFabrics/Azure/protectionContainers/IaasVMContainer;iaasvmcontainerv2;hiagarg;hiaga-adhoc-vm/protectedItems/VM;iaasvmcontainerv2;hiagarg;hiaga-adhoc-vm\",\r\n      \"name\": \"VM;iaasvmcontainerv2;hiagarg;hiaga-adhoc-vm\",\r\n      \"type\": \"Microsoft.RecoveryServices/vaults/backupFabrics/protectionContainers/protectedItems\",\r\n      \"properties\": {\r\n        \"friendlyName\": \"hiaga-adhoc-vm\",\r\n        \"virtualMachineId\": \"/subscriptions/38304e13-357e-405e-9e9a-220351dcce8c/resourceGroups/hiagarg/providers/Microsoft.Compute/virtualMachines/hiaga-adhoc-vm\",\r\n        \"protectionStatus\": \"Healthy\",\r\n        \"protectionState\": \"Protected\",\r\n        \"healthStatus\": \"Passed\",\r\n        \"healthDetails\": [\r\n          {\r\n            \"code\": 400239,\r\n            \"title\": \"IaasVmHealthGreenDefault\",\r\n            \"message\": \"Backup pre-check status of this virtual machine is OK.\",\r\n            \"recommendations\": []\r\n          }\r\n        ],\r\n        \"lastBackupStatus\": \"Completed\",\r\n        \"lastBackupTime\": \"2023-01-30T16:33:14.8942304Z\",\r\n        \"protectedItemDataId\": \"1753262334\",\r\n        \"ConfiguredRPGenerationFrequency\": \"00:00:00\",\r\n        \"protectedItemType\": \"Microsoft.Compute/virtualMachines\",\r\n        \"backupManagementType\": \"AzureIaasVM\",\r\n        \"workloadType\": \"VM\",\r\n        \"containerName\": \"iaasvmcontainerv2;hiagarg;hiaga-adhoc-vm\",\r\n        \"sourceResourceId\": \"/subscriptions/38304e13-357e-405e-9e9a-220351dcce8c/resourceGroups/hiagarg/providers/Microsoft.Compute/virtualMachines/hiaga-adhoc-vm\",\r\n        \"policyId\": \"/subscriptions/38304e13-357e-405e-9e9a-220351dcce8c/resourceGroups/hiagarg/providers/Microsoft.RecoveryServices/vaults/hiaga-adhoc-vault/backupPolicies/DefaultPolicy\",\r\n        \"policyName\": \"DefaultPolicy\",\r\n        \"lastRecoveryPoint\": \"2023-01-30T16:33:18.5489554Z\",\r\n        \"vaultId\": \"https://management.azure.com/subscriptions/38304e13-357e-405e-9e9a-220351dcce8c/resourceGroups/hiagarg/providers/Microsoft.RecoveryServices/vaults/hiaga-adhoc-vault\",\r\n        \"isArchiveEnabled\": false,\r\n        \"softDeleteRetentionPeriod\": 0\r\n      }\r\n    },\r\n    {\r\n      \"id\": \"/subscriptions/38304e13-357e-405e-9e9a-220351dcce8c/resourceGroups/hiagarg/providers/Microsoft.RecoveryServices/vaults/hiaga-adhoc-vault/backupFabrics/Azure/protectionContainers/IaasVMContainer;iaasvmcontainerv2;hiagarg;hiaganewvm3/protectedItems/VM;iaasvmcontainerv2;hiagarg;hiaganewvm3\",\r\n      \"name\": \"VM;iaasvmcontainerv2;hiagarg;hiaganewvm3\",\r\n      \"type\": \"Microsoft.RecoveryServices/vaults/backupFabrics/protectionContainers/protectedItems\",\r\n      \"properties\": {\r\n        \"friendlyName\": \"hiaganewVM3\",\r\n        \"virtualMachineId\": \"/subscriptions/38304e13-357e-405e-9e9a-220351dcce8c/resourceGroups/hiagarg/providers/Microsoft.Compute/virtualMachines/hiaganewVM3\",\r\n        \"protectionStatus\": \"Healthy\",\r\n        \"protectionState\": \"Protected\",\r\n        \"healthStatus\": \"Passed\",\r\n        \"healthDetails\": [\r\n          {\r\n            \"code\": 400239,\r\n            \"title\": \"IaasVmHealthGreenDefault\",\r\n            \"message\": \"Backup pre-check status of this virtual machine is OK.\",\r\n            \"recommendations\": []\r\n          }\r\n        ],\r\n        \"lastBackupStatus\": \"Completed\",\r\n        \"lastBackupTime\": \"2023-01-30T16:39:18.9623329Z\",\r\n        \"protectedItemDataId\": \"1923909062\",\r\n        \"ConfiguredRPGenerationFrequency\": \"00:00:00\",\r\n        \"protectedItemType\": \"Microsoft.Compute/virtualMachines\",\r\n        \"backupManagementType\": \"AzureIaasVM\",\r\n        \"workloadType\": \"VM\",\r\n        \"containerName\": \"iaasvmcontainerv2;hiagarg;hiaganewvm3\",\r\n        \"sourceResourceId\": \"/subscriptions/38304e13-357e-405e-9e9a-220351dcce8c/resourceGroups/hiagarg/providers/Microsoft.Compute/virtualMachines/hiaganewVM3\",\r\n        \"policyId\": \"/subscriptions/38304e13-357e-405e-9e9a-220351dcce8c/resourceGroups/hiagarg/providers/Microsoft.RecoveryServices/vaults/hiaga-adhoc-vault/backupPolicies/DefaultPolicy\",\r\n        \"policyName\": \"DefaultPolicy\",\r\n        \"lastRecoveryPoint\": \"2023-01-30T16:39:22.4565461Z\",\r\n        \"vaultId\": \"https://management.azure.com/subscriptions/38304e13-357e-405e-9e9a-220351dcce8c/resourceGroups/hiagarg/providers/Microsoft.RecoveryServices/vaults/hiaga-adhoc-vault\",\r\n        \"isArchiveEnabled\": false,\r\n        \"softDeleteRetentionPeriod\": 0\r\n      }\r\n    }\r\n  ]\r\n}",
      "StatusCode": 200
    },
    {
      "RequestUri": "/subscriptions/38304e13-357e-405e-9e9a-220351dcce8c/resourceGroups/hiagarg/providers/Microsoft.RecoveryServices/vaults/hiaga-adhoc-vault/backupProtectedItems?$filter=backupManagementType%20eq%20'AzureIaasVM'%20and%20itemType%20eq%20'VM'&api-version=2023-01-01",
      "EncodedRequestUri": "L3N1YnNjcmlwdGlvbnMvMzgzMDRlMTMtMzU3ZS00MDVlLTllOWEtMjIwMzUxZGNjZThjL3Jlc291cmNlR3JvdXBzL2hpYWdhcmcvcHJvdmlkZXJzL01pY3Jvc29mdC5SZWNvdmVyeVNlcnZpY2VzL3ZhdWx0cy9oaWFnYS1hZGhvYy12YXVsdC9iYWNrdXBQcm90ZWN0ZWRJdGVtcz8kZmlsdGVyPWJhY2t1cE1hbmFnZW1lbnRUeXBlJTIwZXElMjAnQXp1cmVJYWFzVk0nJTIwYW5kJTIwaXRlbVR5cGUlMjBlcSUyMCdWTScmYXBpLXZlcnNpb249MjAyMy0wMS0wMQ==",
      "RequestMethod": "GET",
      "RequestHeaders": {
        "x-ms-client-request-id": [
          "d02b1c92-6e21-44ac-9ac1-4cc3dd1c67d3"
        ],
        "Accept-Language": [
          "en-US"
        ],
        "User-Agent": [
          "FxVersion/4.700.22.55902",
          "OSName/Windows",
          "OSVersion/Microsoft.Windows.10.0.22000",
          "Microsoft.Azure.Management.RecoveryServices.Backup.RecoveryServicesBackupClient/6.1.3"
        ]
      },
      "RequestBody": "",
      "ResponseHeaders": {
        "Cache-Control": [
          "no-cache"
        ],
        "Pragma": [
          "no-cache"
        ],
        "X-Content-Type-Options": [
          "nosniff"
        ],
        "x-ms-request-id": [
          "5b82e360-7963-45dc-9eca-cc25dd1d6d8c"
        ],
        "x-ms-client-request-id": [
          "d02b1c92-6e21-44ac-9ac1-4cc3dd1c67d3"
        ],
        "Strict-Transport-Security": [
          "max-age=31536000; includeSubDomains"
        ],
        "Server": [
          "Kestrel"
        ],
        "X-Powered-By": [
          "ASP.NET"
        ],
        "x-ms-ratelimit-remaining-subscription-resource-requests": [
          "299"
        ],
        "x-ms-correlation-request-id": [
          "5b82e360-7963-45dc-9eca-cc25dd1d6d8c"
        ],
        "x-ms-routing-request-id": [
          "WESTINDIA:20230131T080044Z:5b82e360-7963-45dc-9eca-cc25dd1d6d8c"
        ],
        "Date": [
          "Tue, 31 Jan 2023 08:00:44 GMT"
        ],
        "Content-Length": [
          "3726"
        ],
        "Content-Type": [
          "application/json; charset=utf-8"
        ],
        "Expires": [
          "-1"
        ]
      },
      "ResponseBody": "{\r\n  \"value\": [\r\n    {\r\n      \"id\": \"/subscriptions/38304e13-357e-405e-9e9a-220351dcce8c/resourceGroups/hiagarg/providers/Microsoft.RecoveryServices/vaults/hiaga-adhoc-vault/backupFabrics/Azure/protectionContainers/IaasVMContainer;iaasvmcontainerv2;hiagarg;hiaga-adhoc-vm/protectedItems/VM;iaasvmcontainerv2;hiagarg;hiaga-adhoc-vm\",\r\n      \"name\": \"VM;iaasvmcontainerv2;hiagarg;hiaga-adhoc-vm\",\r\n      \"type\": \"Microsoft.RecoveryServices/vaults/backupFabrics/protectionContainers/protectedItems\",\r\n      \"properties\": {\r\n        \"friendlyName\": \"hiaga-adhoc-vm\",\r\n        \"virtualMachineId\": \"/subscriptions/38304e13-357e-405e-9e9a-220351dcce8c/resourceGroups/hiagarg/providers/Microsoft.Compute/virtualMachines/hiaga-adhoc-vm\",\r\n        \"protectionStatus\": \"Healthy\",\r\n        \"protectionState\": \"Protected\",\r\n        \"healthStatus\": \"Passed\",\r\n        \"healthDetails\": [\r\n          {\r\n            \"code\": 400239,\r\n            \"title\": \"IaasVmHealthGreenDefault\",\r\n            \"message\": \"Backup pre-check status of this virtual machine is OK.\",\r\n            \"recommendations\": []\r\n          }\r\n        ],\r\n        \"lastBackupStatus\": \"Completed\",\r\n        \"lastBackupTime\": \"2023-01-30T16:33:14.8942304Z\",\r\n        \"protectedItemDataId\": \"1753262334\",\r\n        \"ConfiguredRPGenerationFrequency\": \"00:00:00\",\r\n        \"protectedItemType\": \"Microsoft.Compute/virtualMachines\",\r\n        \"backupManagementType\": \"AzureIaasVM\",\r\n        \"workloadType\": \"VM\",\r\n        \"containerName\": \"iaasvmcontainerv2;hiagarg;hiaga-adhoc-vm\",\r\n        \"sourceResourceId\": \"/subscriptions/38304e13-357e-405e-9e9a-220351dcce8c/resourceGroups/hiagarg/providers/Microsoft.Compute/virtualMachines/hiaga-adhoc-vm\",\r\n        \"policyId\": \"/subscriptions/38304e13-357e-405e-9e9a-220351dcce8c/resourceGroups/hiagarg/providers/Microsoft.RecoveryServices/vaults/hiaga-adhoc-vault/backupPolicies/DefaultPolicy\",\r\n        \"policyName\": \"DefaultPolicy\",\r\n        \"lastRecoveryPoint\": \"2023-01-30T16:33:18.5489554Z\",\r\n        \"vaultId\": \"https://management.azure.com/subscriptions/38304e13-357e-405e-9e9a-220351dcce8c/resourceGroups/hiagarg/providers/Microsoft.RecoveryServices/vaults/hiaga-adhoc-vault\",\r\n        \"isArchiveEnabled\": false,\r\n        \"softDeleteRetentionPeriod\": 0\r\n      }\r\n    },\r\n    {\r\n      \"id\": \"/subscriptions/38304e13-357e-405e-9e9a-220351dcce8c/resourceGroups/hiagarg/providers/Microsoft.RecoveryServices/vaults/hiaga-adhoc-vault/backupFabrics/Azure/protectionContainers/IaasVMContainer;iaasvmcontainerv2;hiagarg;hiaganewvm3/protectedItems/VM;iaasvmcontainerv2;hiagarg;hiaganewvm3\",\r\n      \"name\": \"VM;iaasvmcontainerv2;hiagarg;hiaganewvm3\",\r\n      \"type\": \"Microsoft.RecoveryServices/vaults/backupFabrics/protectionContainers/protectedItems\",\r\n      \"properties\": {\r\n        \"friendlyName\": \"hiaganewVM3\",\r\n        \"virtualMachineId\": \"/subscriptions/38304e13-357e-405e-9e9a-220351dcce8c/resourceGroups/hiagarg/providers/Microsoft.Compute/virtualMachines/hiaganewVM3\",\r\n        \"protectionStatus\": \"Healthy\",\r\n        \"protectionState\": \"Protected\",\r\n        \"healthStatus\": \"Passed\",\r\n        \"healthDetails\": [\r\n          {\r\n            \"code\": 400239,\r\n            \"title\": \"IaasVmHealthGreenDefault\",\r\n            \"message\": \"Backup pre-check status of this virtual machine is OK.\",\r\n            \"recommendations\": []\r\n          }\r\n        ],\r\n        \"lastBackupStatus\": \"Completed\",\r\n        \"lastBackupTime\": \"2023-01-30T16:39:18.9623329Z\",\r\n        \"protectedItemDataId\": \"1923909062\",\r\n        \"ConfiguredRPGenerationFrequency\": \"00:00:00\",\r\n        \"protectedItemType\": \"Microsoft.Compute/virtualMachines\",\r\n        \"backupManagementType\": \"AzureIaasVM\",\r\n        \"workloadType\": \"VM\",\r\n        \"containerName\": \"iaasvmcontainerv2;hiagarg;hiaganewvm3\",\r\n        \"sourceResourceId\": \"/subscriptions/38304e13-357e-405e-9e9a-220351dcce8c/resourceGroups/hiagarg/providers/Microsoft.Compute/virtualMachines/hiaganewVM3\",\r\n        \"policyId\": \"/subscriptions/38304e13-357e-405e-9e9a-220351dcce8c/resourceGroups/hiagarg/providers/Microsoft.RecoveryServices/vaults/hiaga-adhoc-vault/backupPolicies/DefaultPolicy\",\r\n        \"policyName\": \"DefaultPolicy\",\r\n        \"lastRecoveryPoint\": \"2023-01-30T16:39:22.4565461Z\",\r\n        \"vaultId\": \"https://management.azure.com/subscriptions/38304e13-357e-405e-9e9a-220351dcce8c/resourceGroups/hiagarg/providers/Microsoft.RecoveryServices/vaults/hiaga-adhoc-vault\",\r\n        \"isArchiveEnabled\": false,\r\n        \"softDeleteRetentionPeriod\": 0\r\n      }\r\n    }\r\n  ]\r\n}",
      "StatusCode": 200
    },
    {
      "RequestUri": "/subscriptions/38304e13-357e-405e-9e9a-220351dcce8c/resourceGroups/hiagarg/providers/Microsoft.RecoveryServices/vaults/hiaga-adhoc-vault/backupProtectedItems?$filter=backupManagementType%20eq%20'AzureIaasVM'%20and%20itemType%20eq%20'VM'&api-version=2023-01-01",
      "EncodedRequestUri": "L3N1YnNjcmlwdGlvbnMvMzgzMDRlMTMtMzU3ZS00MDVlLTllOWEtMjIwMzUxZGNjZThjL3Jlc291cmNlR3JvdXBzL2hpYWdhcmcvcHJvdmlkZXJzL01pY3Jvc29mdC5SZWNvdmVyeVNlcnZpY2VzL3ZhdWx0cy9oaWFnYS1hZGhvYy12YXVsdC9iYWNrdXBQcm90ZWN0ZWRJdGVtcz8kZmlsdGVyPWJhY2t1cE1hbmFnZW1lbnRUeXBlJTIwZXElMjAnQXp1cmVJYWFzVk0nJTIwYW5kJTIwaXRlbVR5cGUlMjBlcSUyMCdWTScmYXBpLXZlcnNpb249MjAyMy0wMS0wMQ==",
      "RequestMethod": "GET",
      "RequestHeaders": {
        "x-ms-client-request-id": [
          "055b96f2-2094-4714-909d-4d9aa5ec2856"
        ],
        "Accept-Language": [
          "en-US"
        ],
        "User-Agent": [
          "FxVersion/4.700.22.55902",
          "OSName/Windows",
          "OSVersion/Microsoft.Windows.10.0.22000",
          "Microsoft.Azure.Management.RecoveryServices.Backup.RecoveryServicesBackupClient/6.1.3"
        ]
      },
      "RequestBody": "",
      "ResponseHeaders": {
        "Cache-Control": [
          "no-cache"
        ],
        "Pragma": [
          "no-cache"
        ],
        "X-Content-Type-Options": [
          "nosniff"
        ],
        "x-ms-request-id": [
          "d5c4a693-8149-4a05-b32e-50fc26a71da5"
        ],
        "x-ms-client-request-id": [
          "055b96f2-2094-4714-909d-4d9aa5ec2856"
        ],
        "Strict-Transport-Security": [
          "max-age=31536000; includeSubDomains"
        ],
        "Server": [
          "Kestrel"
        ],
        "X-Powered-By": [
          "ASP.NET"
        ],
        "x-ms-ratelimit-remaining-subscription-resource-requests": [
          "299"
        ],
        "x-ms-correlation-request-id": [
          "d5c4a693-8149-4a05-b32e-50fc26a71da5"
        ],
        "x-ms-routing-request-id": [
          "WESTINDIA:20230131T080046Z:d5c4a693-8149-4a05-b32e-50fc26a71da5"
        ],
        "Date": [
          "Tue, 31 Jan 2023 08:00:45 GMT"
        ],
        "Content-Length": [
          "3726"
        ],
        "Content-Type": [
          "application/json; charset=utf-8"
        ],
        "Expires": [
          "-1"
        ]
      },
      "ResponseBody": "{\r\n  \"value\": [\r\n    {\r\n      \"id\": \"/subscriptions/38304e13-357e-405e-9e9a-220351dcce8c/resourceGroups/hiagarg/providers/Microsoft.RecoveryServices/vaults/hiaga-adhoc-vault/backupFabrics/Azure/protectionContainers/IaasVMContainer;iaasvmcontainerv2;hiagarg;hiaga-adhoc-vm/protectedItems/VM;iaasvmcontainerv2;hiagarg;hiaga-adhoc-vm\",\r\n      \"name\": \"VM;iaasvmcontainerv2;hiagarg;hiaga-adhoc-vm\",\r\n      \"type\": \"Microsoft.RecoveryServices/vaults/backupFabrics/protectionContainers/protectedItems\",\r\n      \"properties\": {\r\n        \"friendlyName\": \"hiaga-adhoc-vm\",\r\n        \"virtualMachineId\": \"/subscriptions/38304e13-357e-405e-9e9a-220351dcce8c/resourceGroups/hiagarg/providers/Microsoft.Compute/virtualMachines/hiaga-adhoc-vm\",\r\n        \"protectionStatus\": \"Healthy\",\r\n        \"protectionState\": \"Protected\",\r\n        \"healthStatus\": \"Passed\",\r\n        \"healthDetails\": [\r\n          {\r\n            \"code\": 400239,\r\n            \"title\": \"IaasVmHealthGreenDefault\",\r\n            \"message\": \"Backup pre-check status of this virtual machine is OK.\",\r\n            \"recommendations\": []\r\n          }\r\n        ],\r\n        \"lastBackupStatus\": \"Completed\",\r\n        \"lastBackupTime\": \"2023-01-30T16:33:14.8942304Z\",\r\n        \"protectedItemDataId\": \"1753262334\",\r\n        \"ConfiguredRPGenerationFrequency\": \"00:00:00\",\r\n        \"protectedItemType\": \"Microsoft.Compute/virtualMachines\",\r\n        \"backupManagementType\": \"AzureIaasVM\",\r\n        \"workloadType\": \"VM\",\r\n        \"containerName\": \"iaasvmcontainerv2;hiagarg;hiaga-adhoc-vm\",\r\n        \"sourceResourceId\": \"/subscriptions/38304e13-357e-405e-9e9a-220351dcce8c/resourceGroups/hiagarg/providers/Microsoft.Compute/virtualMachines/hiaga-adhoc-vm\",\r\n        \"policyId\": \"/subscriptions/38304e13-357e-405e-9e9a-220351dcce8c/resourceGroups/hiagarg/providers/Microsoft.RecoveryServices/vaults/hiaga-adhoc-vault/backupPolicies/DefaultPolicy\",\r\n        \"policyName\": \"DefaultPolicy\",\r\n        \"lastRecoveryPoint\": \"2023-01-30T16:33:18.5489554Z\",\r\n        \"vaultId\": \"https://management.azure.com/subscriptions/38304e13-357e-405e-9e9a-220351dcce8c/resourceGroups/hiagarg/providers/Microsoft.RecoveryServices/vaults/hiaga-adhoc-vault\",\r\n        \"isArchiveEnabled\": false,\r\n        \"softDeleteRetentionPeriod\": 0\r\n      }\r\n    },\r\n    {\r\n      \"id\": \"/subscriptions/38304e13-357e-405e-9e9a-220351dcce8c/resourceGroups/hiagarg/providers/Microsoft.RecoveryServices/vaults/hiaga-adhoc-vault/backupFabrics/Azure/protectionContainers/IaasVMContainer;iaasvmcontainerv2;hiagarg;hiaganewvm3/protectedItems/VM;iaasvmcontainerv2;hiagarg;hiaganewvm3\",\r\n      \"name\": \"VM;iaasvmcontainerv2;hiagarg;hiaganewvm3\",\r\n      \"type\": \"Microsoft.RecoveryServices/vaults/backupFabrics/protectionContainers/protectedItems\",\r\n      \"properties\": {\r\n        \"friendlyName\": \"hiaganewVM3\",\r\n        \"virtualMachineId\": \"/subscriptions/38304e13-357e-405e-9e9a-220351dcce8c/resourceGroups/hiagarg/providers/Microsoft.Compute/virtualMachines/hiaganewVM3\",\r\n        \"protectionStatus\": \"Healthy\",\r\n        \"protectionState\": \"Protected\",\r\n        \"healthStatus\": \"Passed\",\r\n        \"healthDetails\": [\r\n          {\r\n            \"code\": 400239,\r\n            \"title\": \"IaasVmHealthGreenDefault\",\r\n            \"message\": \"Backup pre-check status of this virtual machine is OK.\",\r\n            \"recommendations\": []\r\n          }\r\n        ],\r\n        \"lastBackupStatus\": \"Completed\",\r\n        \"lastBackupTime\": \"2023-01-30T16:39:18.9623329Z\",\r\n        \"protectedItemDataId\": \"1923909062\",\r\n        \"ConfiguredRPGenerationFrequency\": \"00:00:00\",\r\n        \"protectedItemType\": \"Microsoft.Compute/virtualMachines\",\r\n        \"backupManagementType\": \"AzureIaasVM\",\r\n        \"workloadType\": \"VM\",\r\n        \"containerName\": \"iaasvmcontainerv2;hiagarg;hiaganewvm3\",\r\n        \"sourceResourceId\": \"/subscriptions/38304e13-357e-405e-9e9a-220351dcce8c/resourceGroups/hiagarg/providers/Microsoft.Compute/virtualMachines/hiaganewVM3\",\r\n        \"policyId\": \"/subscriptions/38304e13-357e-405e-9e9a-220351dcce8c/resourceGroups/hiagarg/providers/Microsoft.RecoveryServices/vaults/hiaga-adhoc-vault/backupPolicies/DefaultPolicy\",\r\n        \"policyName\": \"DefaultPolicy\",\r\n        \"lastRecoveryPoint\": \"2023-01-30T16:39:22.4565461Z\",\r\n        \"vaultId\": \"https://management.azure.com/subscriptions/38304e13-357e-405e-9e9a-220351dcce8c/resourceGroups/hiagarg/providers/Microsoft.RecoveryServices/vaults/hiaga-adhoc-vault\",\r\n        \"isArchiveEnabled\": false,\r\n        \"softDeleteRetentionPeriod\": 0\r\n      }\r\n    }\r\n  ]\r\n}",
      "StatusCode": 200
    },
    {
      "RequestUri": "/subscriptions/38304e13-357e-405e-9e9a-220351dcce8c/resourceGroups/hiagarg/providers/Microsoft.RecoveryServices/vaults/hiaga-adhoc-vault/backupProtectedItems?$filter=backupManagementType%20eq%20'AzureIaasVM'%20and%20itemType%20eq%20'VM'&api-version=2023-01-01",
      "EncodedRequestUri": "L3N1YnNjcmlwdGlvbnMvMzgzMDRlMTMtMzU3ZS00MDVlLTllOWEtMjIwMzUxZGNjZThjL3Jlc291cmNlR3JvdXBzL2hpYWdhcmcvcHJvdmlkZXJzL01pY3Jvc29mdC5SZWNvdmVyeVNlcnZpY2VzL3ZhdWx0cy9oaWFnYS1hZGhvYy12YXVsdC9iYWNrdXBQcm90ZWN0ZWRJdGVtcz8kZmlsdGVyPWJhY2t1cE1hbmFnZW1lbnRUeXBlJTIwZXElMjAnQXp1cmVJYWFzVk0nJTIwYW5kJTIwaXRlbVR5cGUlMjBlcSUyMCdWTScmYXBpLXZlcnNpb249MjAyMy0wMS0wMQ==",
      "RequestMethod": "GET",
      "RequestHeaders": {
        "x-ms-client-request-id": [
          "8a6785a0-d3c8-4dc3-bcd2-9a736c4b62af"
        ],
        "Accept-Language": [
          "en-US"
        ],
        "User-Agent": [
          "FxVersion/4.700.22.55902",
          "OSName/Windows",
          "OSVersion/Microsoft.Windows.10.0.22000",
          "Microsoft.Azure.Management.RecoveryServices.Backup.RecoveryServicesBackupClient/6.1.3"
        ]
      },
      "RequestBody": "",
      "ResponseHeaders": {
        "Cache-Control": [
          "no-cache"
        ],
        "Pragma": [
          "no-cache"
        ],
        "X-Content-Type-Options": [
          "nosniff"
        ],
        "x-ms-request-id": [
          "cb6c4d76-9707-42aa-8bc0-70c2f11bcbe8"
        ],
        "x-ms-client-request-id": [
          "8a6785a0-d3c8-4dc3-bcd2-9a736c4b62af"
        ],
        "Strict-Transport-Security": [
          "max-age=31536000; includeSubDomains"
        ],
        "Server": [
          "Kestrel"
        ],
        "X-Powered-By": [
          "ASP.NET"
        ],
        "x-ms-ratelimit-remaining-subscription-resource-requests": [
          "299"
        ],
        "x-ms-correlation-request-id": [
          "cb6c4d76-9707-42aa-8bc0-70c2f11bcbe8"
        ],
        "x-ms-routing-request-id": [
          "WESTINDIA:20230131T080047Z:cb6c4d76-9707-42aa-8bc0-70c2f11bcbe8"
        ],
        "Date": [
          "Tue, 31 Jan 2023 08:00:47 GMT"
        ],
        "Content-Length": [
          "3726"
        ],
        "Content-Type": [
          "application/json; charset=utf-8"
        ],
        "Expires": [
          "-1"
        ]
      },
      "ResponseBody": "{\r\n  \"value\": [\r\n    {\r\n      \"id\": \"/subscriptions/38304e13-357e-405e-9e9a-220351dcce8c/resourceGroups/hiagarg/providers/Microsoft.RecoveryServices/vaults/hiaga-adhoc-vault/backupFabrics/Azure/protectionContainers/IaasVMContainer;iaasvmcontainerv2;hiagarg;hiaga-adhoc-vm/protectedItems/VM;iaasvmcontainerv2;hiagarg;hiaga-adhoc-vm\",\r\n      \"name\": \"VM;iaasvmcontainerv2;hiagarg;hiaga-adhoc-vm\",\r\n      \"type\": \"Microsoft.RecoveryServices/vaults/backupFabrics/protectionContainers/protectedItems\",\r\n      \"properties\": {\r\n        \"friendlyName\": \"hiaga-adhoc-vm\",\r\n        \"virtualMachineId\": \"/subscriptions/38304e13-357e-405e-9e9a-220351dcce8c/resourceGroups/hiagarg/providers/Microsoft.Compute/virtualMachines/hiaga-adhoc-vm\",\r\n        \"protectionStatus\": \"Healthy\",\r\n        \"protectionState\": \"Protected\",\r\n        \"healthStatus\": \"Passed\",\r\n        \"healthDetails\": [\r\n          {\r\n            \"code\": 400239,\r\n            \"title\": \"IaasVmHealthGreenDefault\",\r\n            \"message\": \"Backup pre-check status of this virtual machine is OK.\",\r\n            \"recommendations\": []\r\n          }\r\n        ],\r\n        \"lastBackupStatus\": \"Completed\",\r\n        \"lastBackupTime\": \"2023-01-30T16:33:14.8942304Z\",\r\n        \"protectedItemDataId\": \"1753262334\",\r\n        \"ConfiguredRPGenerationFrequency\": \"00:00:00\",\r\n        \"protectedItemType\": \"Microsoft.Compute/virtualMachines\",\r\n        \"backupManagementType\": \"AzureIaasVM\",\r\n        \"workloadType\": \"VM\",\r\n        \"containerName\": \"iaasvmcontainerv2;hiagarg;hiaga-adhoc-vm\",\r\n        \"sourceResourceId\": \"/subscriptions/38304e13-357e-405e-9e9a-220351dcce8c/resourceGroups/hiagarg/providers/Microsoft.Compute/virtualMachines/hiaga-adhoc-vm\",\r\n        \"policyId\": \"/subscriptions/38304e13-357e-405e-9e9a-220351dcce8c/resourceGroups/hiagarg/providers/Microsoft.RecoveryServices/vaults/hiaga-adhoc-vault/backupPolicies/DefaultPolicy\",\r\n        \"policyName\": \"DefaultPolicy\",\r\n        \"lastRecoveryPoint\": \"2023-01-30T16:33:18.5489554Z\",\r\n        \"vaultId\": \"https://management.azure.com/subscriptions/38304e13-357e-405e-9e9a-220351dcce8c/resourceGroups/hiagarg/providers/Microsoft.RecoveryServices/vaults/hiaga-adhoc-vault\",\r\n        \"isArchiveEnabled\": false,\r\n        \"softDeleteRetentionPeriod\": 0\r\n      }\r\n    },\r\n    {\r\n      \"id\": \"/subscriptions/38304e13-357e-405e-9e9a-220351dcce8c/resourceGroups/hiagarg/providers/Microsoft.RecoveryServices/vaults/hiaga-adhoc-vault/backupFabrics/Azure/protectionContainers/IaasVMContainer;iaasvmcontainerv2;hiagarg;hiaganewvm3/protectedItems/VM;iaasvmcontainerv2;hiagarg;hiaganewvm3\",\r\n      \"name\": \"VM;iaasvmcontainerv2;hiagarg;hiaganewvm3\",\r\n      \"type\": \"Microsoft.RecoveryServices/vaults/backupFabrics/protectionContainers/protectedItems\",\r\n      \"properties\": {\r\n        \"friendlyName\": \"hiaganewVM3\",\r\n        \"virtualMachineId\": \"/subscriptions/38304e13-357e-405e-9e9a-220351dcce8c/resourceGroups/hiagarg/providers/Microsoft.Compute/virtualMachines/hiaganewVM3\",\r\n        \"protectionStatus\": \"Healthy\",\r\n        \"protectionState\": \"Protected\",\r\n        \"healthStatus\": \"Passed\",\r\n        \"healthDetails\": [\r\n          {\r\n            \"code\": 400239,\r\n            \"title\": \"IaasVmHealthGreenDefault\",\r\n            \"message\": \"Backup pre-check status of this virtual machine is OK.\",\r\n            \"recommendations\": []\r\n          }\r\n        ],\r\n        \"lastBackupStatus\": \"Completed\",\r\n        \"lastBackupTime\": \"2023-01-30T16:39:18.9623329Z\",\r\n        \"protectedItemDataId\": \"1923909062\",\r\n        \"ConfiguredRPGenerationFrequency\": \"00:00:00\",\r\n        \"protectedItemType\": \"Microsoft.Compute/virtualMachines\",\r\n        \"backupManagementType\": \"AzureIaasVM\",\r\n        \"workloadType\": \"VM\",\r\n        \"containerName\": \"iaasvmcontainerv2;hiagarg;hiaganewvm3\",\r\n        \"sourceResourceId\": \"/subscriptions/38304e13-357e-405e-9e9a-220351dcce8c/resourceGroups/hiagarg/providers/Microsoft.Compute/virtualMachines/hiaganewVM3\",\r\n        \"policyId\": \"/subscriptions/38304e13-357e-405e-9e9a-220351dcce8c/resourceGroups/hiagarg/providers/Microsoft.RecoveryServices/vaults/hiaga-adhoc-vault/backupPolicies/DefaultPolicy\",\r\n        \"policyName\": \"DefaultPolicy\",\r\n        \"lastRecoveryPoint\": \"2023-01-30T16:39:22.4565461Z\",\r\n        \"vaultId\": \"https://management.azure.com/subscriptions/38304e13-357e-405e-9e9a-220351dcce8c/resourceGroups/hiagarg/providers/Microsoft.RecoveryServices/vaults/hiaga-adhoc-vault\",\r\n        \"isArchiveEnabled\": false,\r\n        \"softDeleteRetentionPeriod\": 0\r\n      }\r\n    }\r\n  ]\r\n}",
      "StatusCode": 200
    },
    {
      "RequestUri": "/subscriptions/38304e13-357e-405e-9e9a-220351dcce8c/resourceGroups/hiagarg/providers/Microsoft.RecoveryServices/vaults/hiaga-adhoc-vault/backupProtectedItems?$filter=backupManagementType%20eq%20'AzureIaasVM'%20and%20itemType%20eq%20'VM'&api-version=2023-01-01",
      "EncodedRequestUri": "L3N1YnNjcmlwdGlvbnMvMzgzMDRlMTMtMzU3ZS00MDVlLTllOWEtMjIwMzUxZGNjZThjL3Jlc291cmNlR3JvdXBzL2hpYWdhcmcvcHJvdmlkZXJzL01pY3Jvc29mdC5SZWNvdmVyeVNlcnZpY2VzL3ZhdWx0cy9oaWFnYS1hZGhvYy12YXVsdC9iYWNrdXBQcm90ZWN0ZWRJdGVtcz8kZmlsdGVyPWJhY2t1cE1hbmFnZW1lbnRUeXBlJTIwZXElMjAnQXp1cmVJYWFzVk0nJTIwYW5kJTIwaXRlbVR5cGUlMjBlcSUyMCdWTScmYXBpLXZlcnNpb249MjAyMy0wMS0wMQ==",
      "RequestMethod": "GET",
      "RequestHeaders": {
        "x-ms-client-request-id": [
          "654ea677-d627-474e-8baa-475bfc9ba4ef"
        ],
        "Accept-Language": [
          "en-US"
        ],
        "User-Agent": [
          "FxVersion/4.700.22.55902",
          "OSName/Windows",
          "OSVersion/Microsoft.Windows.10.0.22000",
          "Microsoft.Azure.Management.RecoveryServices.Backup.RecoveryServicesBackupClient/6.1.3"
        ]
      },
      "RequestBody": "",
      "ResponseHeaders": {
        "Cache-Control": [
          "no-cache"
        ],
        "Pragma": [
          "no-cache"
        ],
        "X-Content-Type-Options": [
          "nosniff"
        ],
        "x-ms-request-id": [
          "dd41eda4-6287-485c-a60d-11bc21d94547"
        ],
        "x-ms-client-request-id": [
          "654ea677-d627-474e-8baa-475bfc9ba4ef"
        ],
        "Strict-Transport-Security": [
          "max-age=31536000; includeSubDomains"
        ],
        "Server": [
          "Kestrel"
        ],
        "X-Powered-By": [
          "ASP.NET"
        ],
        "x-ms-ratelimit-remaining-subscription-resource-requests": [
          "299"
        ],
        "x-ms-correlation-request-id": [
          "dd41eda4-6287-485c-a60d-11bc21d94547"
        ],
        "x-ms-routing-request-id": [
          "WESTINDIA:20230131T080050Z:dd41eda4-6287-485c-a60d-11bc21d94547"
        ],
        "Date": [
          "Tue, 31 Jan 2023 08:00:50 GMT"
        ],
        "Content-Length": [
          "3726"
        ],
        "Content-Type": [
          "application/json; charset=utf-8"
        ],
        "Expires": [
          "-1"
        ]
      },
      "ResponseBody": "{\r\n  \"value\": [\r\n    {\r\n      \"id\": \"/subscriptions/38304e13-357e-405e-9e9a-220351dcce8c/resourceGroups/hiagarg/providers/Microsoft.RecoveryServices/vaults/hiaga-adhoc-vault/backupFabrics/Azure/protectionContainers/IaasVMContainer;iaasvmcontainerv2;hiagarg;hiaga-adhoc-vm/protectedItems/VM;iaasvmcontainerv2;hiagarg;hiaga-adhoc-vm\",\r\n      \"name\": \"VM;iaasvmcontainerv2;hiagarg;hiaga-adhoc-vm\",\r\n      \"type\": \"Microsoft.RecoveryServices/vaults/backupFabrics/protectionContainers/protectedItems\",\r\n      \"properties\": {\r\n        \"friendlyName\": \"hiaga-adhoc-vm\",\r\n        \"virtualMachineId\": \"/subscriptions/38304e13-357e-405e-9e9a-220351dcce8c/resourceGroups/hiagarg/providers/Microsoft.Compute/virtualMachines/hiaga-adhoc-vm\",\r\n        \"protectionStatus\": \"Healthy\",\r\n        \"protectionState\": \"Protected\",\r\n        \"healthStatus\": \"Passed\",\r\n        \"healthDetails\": [\r\n          {\r\n            \"code\": 400239,\r\n            \"title\": \"IaasVmHealthGreenDefault\",\r\n            \"message\": \"Backup pre-check status of this virtual machine is OK.\",\r\n            \"recommendations\": []\r\n          }\r\n        ],\r\n        \"lastBackupStatus\": \"Completed\",\r\n        \"lastBackupTime\": \"2023-01-30T16:33:14.8942304Z\",\r\n        \"protectedItemDataId\": \"1753262334\",\r\n        \"ConfiguredRPGenerationFrequency\": \"00:00:00\",\r\n        \"protectedItemType\": \"Microsoft.Compute/virtualMachines\",\r\n        \"backupManagementType\": \"AzureIaasVM\",\r\n        \"workloadType\": \"VM\",\r\n        \"containerName\": \"iaasvmcontainerv2;hiagarg;hiaga-adhoc-vm\",\r\n        \"sourceResourceId\": \"/subscriptions/38304e13-357e-405e-9e9a-220351dcce8c/resourceGroups/hiagarg/providers/Microsoft.Compute/virtualMachines/hiaga-adhoc-vm\",\r\n        \"policyId\": \"/subscriptions/38304e13-357e-405e-9e9a-220351dcce8c/resourceGroups/hiagarg/providers/Microsoft.RecoveryServices/vaults/hiaga-adhoc-vault/backupPolicies/DefaultPolicy\",\r\n        \"policyName\": \"DefaultPolicy\",\r\n        \"lastRecoveryPoint\": \"2023-01-30T16:33:18.5489554Z\",\r\n        \"vaultId\": \"https://management.azure.com/subscriptions/38304e13-357e-405e-9e9a-220351dcce8c/resourceGroups/hiagarg/providers/Microsoft.RecoveryServices/vaults/hiaga-adhoc-vault\",\r\n        \"isArchiveEnabled\": false,\r\n        \"softDeleteRetentionPeriod\": 0\r\n      }\r\n    },\r\n    {\r\n      \"id\": \"/subscriptions/38304e13-357e-405e-9e9a-220351dcce8c/resourceGroups/hiagarg/providers/Microsoft.RecoveryServices/vaults/hiaga-adhoc-vault/backupFabrics/Azure/protectionContainers/IaasVMContainer;iaasvmcontainerv2;hiagarg;hiaganewvm3/protectedItems/VM;iaasvmcontainerv2;hiagarg;hiaganewvm3\",\r\n      \"name\": \"VM;iaasvmcontainerv2;hiagarg;hiaganewvm3\",\r\n      \"type\": \"Microsoft.RecoveryServices/vaults/backupFabrics/protectionContainers/protectedItems\",\r\n      \"properties\": {\r\n        \"friendlyName\": \"hiaganewVM3\",\r\n        \"virtualMachineId\": \"/subscriptions/38304e13-357e-405e-9e9a-220351dcce8c/resourceGroups/hiagarg/providers/Microsoft.Compute/virtualMachines/hiaganewVM3\",\r\n        \"protectionStatus\": \"Healthy\",\r\n        \"protectionState\": \"Protected\",\r\n        \"healthStatus\": \"Passed\",\r\n        \"healthDetails\": [\r\n          {\r\n            \"code\": 400239,\r\n            \"title\": \"IaasVmHealthGreenDefault\",\r\n            \"message\": \"Backup pre-check status of this virtual machine is OK.\",\r\n            \"recommendations\": []\r\n          }\r\n        ],\r\n        \"lastBackupStatus\": \"Completed\",\r\n        \"lastBackupTime\": \"2023-01-30T16:39:18.9623329Z\",\r\n        \"protectedItemDataId\": \"1923909062\",\r\n        \"ConfiguredRPGenerationFrequency\": \"00:00:00\",\r\n        \"protectedItemType\": \"Microsoft.Compute/virtualMachines\",\r\n        \"backupManagementType\": \"AzureIaasVM\",\r\n        \"workloadType\": \"VM\",\r\n        \"containerName\": \"iaasvmcontainerv2;hiagarg;hiaganewvm3\",\r\n        \"sourceResourceId\": \"/subscriptions/38304e13-357e-405e-9e9a-220351dcce8c/resourceGroups/hiagarg/providers/Microsoft.Compute/virtualMachines/hiaganewVM3\",\r\n        \"policyId\": \"/subscriptions/38304e13-357e-405e-9e9a-220351dcce8c/resourceGroups/hiagarg/providers/Microsoft.RecoveryServices/vaults/hiaga-adhoc-vault/backupPolicies/DefaultPolicy\",\r\n        \"policyName\": \"DefaultPolicy\",\r\n        \"lastRecoveryPoint\": \"2023-01-30T16:39:22.4565461Z\",\r\n        \"vaultId\": \"https://management.azure.com/subscriptions/38304e13-357e-405e-9e9a-220351dcce8c/resourceGroups/hiagarg/providers/Microsoft.RecoveryServices/vaults/hiaga-adhoc-vault\",\r\n        \"isArchiveEnabled\": false,\r\n        \"softDeleteRetentionPeriod\": 0\r\n      }\r\n    }\r\n  ]\r\n}",
      "StatusCode": 200
    },
    {
      "RequestUri": "/subscriptions/38304e13-357e-405e-9e9a-220351dcce8c/resourceGroups/hiagarg/providers/Microsoft.RecoveryServices/vaults/hiaga-adhoc-vault/backupProtectedItems?$filter=backupManagementType%20eq%20'AzureIaasVM'%20and%20itemType%20eq%20'VM'&api-version=2023-01-01",
      "EncodedRequestUri": "L3N1YnNjcmlwdGlvbnMvMzgzMDRlMTMtMzU3ZS00MDVlLTllOWEtMjIwMzUxZGNjZThjL3Jlc291cmNlR3JvdXBzL2hpYWdhcmcvcHJvdmlkZXJzL01pY3Jvc29mdC5SZWNvdmVyeVNlcnZpY2VzL3ZhdWx0cy9oaWFnYS1hZGhvYy12YXVsdC9iYWNrdXBQcm90ZWN0ZWRJdGVtcz8kZmlsdGVyPWJhY2t1cE1hbmFnZW1lbnRUeXBlJTIwZXElMjAnQXp1cmVJYWFzVk0nJTIwYW5kJTIwaXRlbVR5cGUlMjBlcSUyMCdWTScmYXBpLXZlcnNpb249MjAyMy0wMS0wMQ==",
      "RequestMethod": "GET",
      "RequestHeaders": {
        "x-ms-client-request-id": [
          "5ad4e82d-bf6f-4835-9920-c263357f9915"
        ],
        "Accept-Language": [
          "en-US"
        ],
        "User-Agent": [
          "FxVersion/4.700.22.55902",
          "OSName/Windows",
          "OSVersion/Microsoft.Windows.10.0.22000",
          "Microsoft.Azure.Management.RecoveryServices.Backup.RecoveryServicesBackupClient/6.1.3"
        ]
      },
      "RequestBody": "",
      "ResponseHeaders": {
        "Cache-Control": [
          "no-cache"
        ],
        "Pragma": [
          "no-cache"
        ],
        "X-Content-Type-Options": [
          "nosniff"
        ],
        "x-ms-request-id": [
          "05f2c3f3-1ab0-4eb3-a696-9895eb39275a"
        ],
        "x-ms-client-request-id": [
          "5ad4e82d-bf6f-4835-9920-c263357f9915"
        ],
        "Strict-Transport-Security": [
          "max-age=31536000; includeSubDomains"
        ],
        "Server": [
          "Kestrel"
        ],
        "X-Powered-By": [
          "ASP.NET"
        ],
        "x-ms-ratelimit-remaining-subscription-resource-requests": [
          "299"
        ],
        "x-ms-correlation-request-id": [
          "05f2c3f3-1ab0-4eb3-a696-9895eb39275a"
        ],
        "x-ms-routing-request-id": [
          "WESTINDIA:20230131T080058Z:05f2c3f3-1ab0-4eb3-a696-9895eb39275a"
        ],
        "Date": [
          "Tue, 31 Jan 2023 08:00:57 GMT"
        ],
        "Content-Length": [
          "3726"
        ],
        "Content-Type": [
          "application/json; charset=utf-8"
        ],
        "Expires": [
          "-1"
        ]
      },
      "ResponseBody": "{\r\n  \"value\": [\r\n    {\r\n      \"id\": \"/subscriptions/38304e13-357e-405e-9e9a-220351dcce8c/resourceGroups/hiagarg/providers/Microsoft.RecoveryServices/vaults/hiaga-adhoc-vault/backupFabrics/Azure/protectionContainers/IaasVMContainer;iaasvmcontainerv2;hiagarg;hiaga-adhoc-vm/protectedItems/VM;iaasvmcontainerv2;hiagarg;hiaga-adhoc-vm\",\r\n      \"name\": \"VM;iaasvmcontainerv2;hiagarg;hiaga-adhoc-vm\",\r\n      \"type\": \"Microsoft.RecoveryServices/vaults/backupFabrics/protectionContainers/protectedItems\",\r\n      \"properties\": {\r\n        \"friendlyName\": \"hiaga-adhoc-vm\",\r\n        \"virtualMachineId\": \"/subscriptions/38304e13-357e-405e-9e9a-220351dcce8c/resourceGroups/hiagarg/providers/Microsoft.Compute/virtualMachines/hiaga-adhoc-vm\",\r\n        \"protectionStatus\": \"Healthy\",\r\n        \"protectionState\": \"Protected\",\r\n        \"healthStatus\": \"Passed\",\r\n        \"healthDetails\": [\r\n          {\r\n            \"code\": 400239,\r\n            \"title\": \"IaasVmHealthGreenDefault\",\r\n            \"message\": \"Backup pre-check status of this virtual machine is OK.\",\r\n            \"recommendations\": []\r\n          }\r\n        ],\r\n        \"lastBackupStatus\": \"Completed\",\r\n        \"lastBackupTime\": \"2023-01-30T16:33:14.8942304Z\",\r\n        \"protectedItemDataId\": \"1753262334\",\r\n        \"ConfiguredRPGenerationFrequency\": \"00:00:00\",\r\n        \"protectedItemType\": \"Microsoft.Compute/virtualMachines\",\r\n        \"backupManagementType\": \"AzureIaasVM\",\r\n        \"workloadType\": \"VM\",\r\n        \"containerName\": \"iaasvmcontainerv2;hiagarg;hiaga-adhoc-vm\",\r\n        \"sourceResourceId\": \"/subscriptions/38304e13-357e-405e-9e9a-220351dcce8c/resourceGroups/hiagarg/providers/Microsoft.Compute/virtualMachines/hiaga-adhoc-vm\",\r\n        \"policyId\": \"/subscriptions/38304e13-357e-405e-9e9a-220351dcce8c/resourceGroups/hiagarg/providers/Microsoft.RecoveryServices/vaults/hiaga-adhoc-vault/backupPolicies/DefaultPolicy\",\r\n        \"policyName\": \"DefaultPolicy\",\r\n        \"lastRecoveryPoint\": \"2023-01-30T16:33:18.5489554Z\",\r\n        \"vaultId\": \"https://management.azure.com/subscriptions/38304e13-357e-405e-9e9a-220351dcce8c/resourceGroups/hiagarg/providers/Microsoft.RecoveryServices/vaults/hiaga-adhoc-vault\",\r\n        \"isArchiveEnabled\": false,\r\n        \"softDeleteRetentionPeriod\": 0\r\n      }\r\n    },\r\n    {\r\n      \"id\": \"/subscriptions/38304e13-357e-405e-9e9a-220351dcce8c/resourceGroups/hiagarg/providers/Microsoft.RecoveryServices/vaults/hiaga-adhoc-vault/backupFabrics/Azure/protectionContainers/IaasVMContainer;iaasvmcontainerv2;hiagarg;hiaganewvm3/protectedItems/VM;iaasvmcontainerv2;hiagarg;hiaganewvm3\",\r\n      \"name\": \"VM;iaasvmcontainerv2;hiagarg;hiaganewvm3\",\r\n      \"type\": \"Microsoft.RecoveryServices/vaults/backupFabrics/protectionContainers/protectedItems\",\r\n      \"properties\": {\r\n        \"friendlyName\": \"hiaganewVM3\",\r\n        \"virtualMachineId\": \"/subscriptions/38304e13-357e-405e-9e9a-220351dcce8c/resourceGroups/hiagarg/providers/Microsoft.Compute/virtualMachines/hiaganewVM3\",\r\n        \"protectionStatus\": \"Healthy\",\r\n        \"protectionState\": \"Protected\",\r\n        \"healthStatus\": \"Passed\",\r\n        \"healthDetails\": [\r\n          {\r\n            \"code\": 400239,\r\n            \"title\": \"IaasVmHealthGreenDefault\",\r\n            \"message\": \"Backup pre-check status of this virtual machine is OK.\",\r\n            \"recommendations\": []\r\n          }\r\n        ],\r\n        \"lastBackupStatus\": \"Completed\",\r\n        \"lastBackupTime\": \"2023-01-30T16:39:18.9623329Z\",\r\n        \"protectedItemDataId\": \"1923909062\",\r\n        \"ConfiguredRPGenerationFrequency\": \"00:00:00\",\r\n        \"protectedItemType\": \"Microsoft.Compute/virtualMachines\",\r\n        \"backupManagementType\": \"AzureIaasVM\",\r\n        \"workloadType\": \"VM\",\r\n        \"containerName\": \"iaasvmcontainerv2;hiagarg;hiaganewvm3\",\r\n        \"sourceResourceId\": \"/subscriptions/38304e13-357e-405e-9e9a-220351dcce8c/resourceGroups/hiagarg/providers/Microsoft.Compute/virtualMachines/hiaganewVM3\",\r\n        \"policyId\": \"/subscriptions/38304e13-357e-405e-9e9a-220351dcce8c/resourceGroups/hiagarg/providers/Microsoft.RecoveryServices/vaults/hiaga-adhoc-vault/backupPolicies/DefaultPolicy\",\r\n        \"policyName\": \"DefaultPolicy\",\r\n        \"lastRecoveryPoint\": \"2023-01-30T16:39:22.4565461Z\",\r\n        \"vaultId\": \"https://management.azure.com/subscriptions/38304e13-357e-405e-9e9a-220351dcce8c/resourceGroups/hiagarg/providers/Microsoft.RecoveryServices/vaults/hiaga-adhoc-vault\",\r\n        \"isArchiveEnabled\": false,\r\n        \"softDeleteRetentionPeriod\": 0\r\n      }\r\n    }\r\n  ]\r\n}",
      "StatusCode": 200
    },
    {
      "RequestUri": "/subscriptions/38304e13-357e-405e-9e9a-220351dcce8c/resourceGroups/hiagarg/providers/Microsoft.RecoveryServices/vaults/hiaga-adhoc-vault/backupProtectedItems?$filter=backupManagementType%20eq%20'AzureIaasVM'%20and%20itemType%20eq%20'VM'&api-version=2023-01-01",
      "EncodedRequestUri": "L3N1YnNjcmlwdGlvbnMvMzgzMDRlMTMtMzU3ZS00MDVlLTllOWEtMjIwMzUxZGNjZThjL3Jlc291cmNlR3JvdXBzL2hpYWdhcmcvcHJvdmlkZXJzL01pY3Jvc29mdC5SZWNvdmVyeVNlcnZpY2VzL3ZhdWx0cy9oaWFnYS1hZGhvYy12YXVsdC9iYWNrdXBQcm90ZWN0ZWRJdGVtcz8kZmlsdGVyPWJhY2t1cE1hbmFnZW1lbnRUeXBlJTIwZXElMjAnQXp1cmVJYWFzVk0nJTIwYW5kJTIwaXRlbVR5cGUlMjBlcSUyMCdWTScmYXBpLXZlcnNpb249MjAyMy0wMS0wMQ==",
      "RequestMethod": "GET",
      "RequestHeaders": {
        "x-ms-client-request-id": [
          "003356f5-4a1f-40af-9d43-bb28b68e982f"
        ],
        "Accept-Language": [
          "en-US"
        ],
        "User-Agent": [
          "FxVersion/4.700.22.55902",
          "OSName/Windows",
          "OSVersion/Microsoft.Windows.10.0.22000",
          "Microsoft.Azure.Management.RecoveryServices.Backup.RecoveryServicesBackupClient/6.1.3"
        ]
      },
      "RequestBody": "",
      "ResponseHeaders": {
        "Cache-Control": [
          "no-cache"
        ],
        "Pragma": [
          "no-cache"
        ],
        "X-Content-Type-Options": [
          "nosniff"
        ],
        "x-ms-request-id": [
          "e442cd33-2a79-4ecf-b0a9-deef6b6637fb"
        ],
        "x-ms-client-request-id": [
          "003356f5-4a1f-40af-9d43-bb28b68e982f"
        ],
        "Strict-Transport-Security": [
          "max-age=31536000; includeSubDomains"
        ],
        "Server": [
          "Kestrel"
        ],
        "X-Powered-By": [
          "ASP.NET"
        ],
        "x-ms-ratelimit-remaining-subscription-resource-requests": [
          "299"
        ],
        "x-ms-correlation-request-id": [
          "e442cd33-2a79-4ecf-b0a9-deef6b6637fb"
        ],
        "x-ms-routing-request-id": [
          "WESTINDIA:20230131T080100Z:e442cd33-2a79-4ecf-b0a9-deef6b6637fb"
        ],
        "Date": [
          "Tue, 31 Jan 2023 08:01:00 GMT"
        ],
        "Content-Length": [
          "3726"
        ],
        "Content-Type": [
          "application/json; charset=utf-8"
        ],
        "Expires": [
          "-1"
        ]
      },
      "ResponseBody": "{\r\n  \"value\": [\r\n    {\r\n      \"id\": \"/subscriptions/38304e13-357e-405e-9e9a-220351dcce8c/resourceGroups/hiagarg/providers/Microsoft.RecoveryServices/vaults/hiaga-adhoc-vault/backupFabrics/Azure/protectionContainers/IaasVMContainer;iaasvmcontainerv2;hiagarg;hiaga-adhoc-vm/protectedItems/VM;iaasvmcontainerv2;hiagarg;hiaga-adhoc-vm\",\r\n      \"name\": \"VM;iaasvmcontainerv2;hiagarg;hiaga-adhoc-vm\",\r\n      \"type\": \"Microsoft.RecoveryServices/vaults/backupFabrics/protectionContainers/protectedItems\",\r\n      \"properties\": {\r\n        \"friendlyName\": \"hiaga-adhoc-vm\",\r\n        \"virtualMachineId\": \"/subscriptions/38304e13-357e-405e-9e9a-220351dcce8c/resourceGroups/hiagarg/providers/Microsoft.Compute/virtualMachines/hiaga-adhoc-vm\",\r\n        \"protectionStatus\": \"Healthy\",\r\n        \"protectionState\": \"Protected\",\r\n        \"healthStatus\": \"Passed\",\r\n        \"healthDetails\": [\r\n          {\r\n            \"code\": 400239,\r\n            \"title\": \"IaasVmHealthGreenDefault\",\r\n            \"message\": \"Backup pre-check status of this virtual machine is OK.\",\r\n            \"recommendations\": []\r\n          }\r\n        ],\r\n        \"lastBackupStatus\": \"Completed\",\r\n        \"lastBackupTime\": \"2023-01-30T16:33:14.8942304Z\",\r\n        \"protectedItemDataId\": \"1753262334\",\r\n        \"ConfiguredRPGenerationFrequency\": \"00:00:00\",\r\n        \"protectedItemType\": \"Microsoft.Compute/virtualMachines\",\r\n        \"backupManagementType\": \"AzureIaasVM\",\r\n        \"workloadType\": \"VM\",\r\n        \"containerName\": \"iaasvmcontainerv2;hiagarg;hiaga-adhoc-vm\",\r\n        \"sourceResourceId\": \"/subscriptions/38304e13-357e-405e-9e9a-220351dcce8c/resourceGroups/hiagarg/providers/Microsoft.Compute/virtualMachines/hiaga-adhoc-vm\",\r\n        \"policyId\": \"/subscriptions/38304e13-357e-405e-9e9a-220351dcce8c/resourceGroups/hiagarg/providers/Microsoft.RecoveryServices/vaults/hiaga-adhoc-vault/backupPolicies/DefaultPolicy\",\r\n        \"policyName\": \"DefaultPolicy\",\r\n        \"lastRecoveryPoint\": \"2023-01-30T16:33:18.5489554Z\",\r\n        \"vaultId\": \"https://management.azure.com/subscriptions/38304e13-357e-405e-9e9a-220351dcce8c/resourceGroups/hiagarg/providers/Microsoft.RecoveryServices/vaults/hiaga-adhoc-vault\",\r\n        \"isArchiveEnabled\": false,\r\n        \"softDeleteRetentionPeriod\": 0\r\n      }\r\n    },\r\n    {\r\n      \"id\": \"/subscriptions/38304e13-357e-405e-9e9a-220351dcce8c/resourceGroups/hiagarg/providers/Microsoft.RecoveryServices/vaults/hiaga-adhoc-vault/backupFabrics/Azure/protectionContainers/IaasVMContainer;iaasvmcontainerv2;hiagarg;hiaganewvm3/protectedItems/VM;iaasvmcontainerv2;hiagarg;hiaganewvm3\",\r\n      \"name\": \"VM;iaasvmcontainerv2;hiagarg;hiaganewvm3\",\r\n      \"type\": \"Microsoft.RecoveryServices/vaults/backupFabrics/protectionContainers/protectedItems\",\r\n      \"properties\": {\r\n        \"friendlyName\": \"hiaganewVM3\",\r\n        \"virtualMachineId\": \"/subscriptions/38304e13-357e-405e-9e9a-220351dcce8c/resourceGroups/hiagarg/providers/Microsoft.Compute/virtualMachines/hiaganewVM3\",\r\n        \"protectionStatus\": \"Healthy\",\r\n        \"protectionState\": \"Protected\",\r\n        \"healthStatus\": \"Passed\",\r\n        \"healthDetails\": [\r\n          {\r\n            \"code\": 400239,\r\n            \"title\": \"IaasVmHealthGreenDefault\",\r\n            \"message\": \"Backup pre-check status of this virtual machine is OK.\",\r\n            \"recommendations\": []\r\n          }\r\n        ],\r\n        \"lastBackupStatus\": \"Completed\",\r\n        \"lastBackupTime\": \"2023-01-30T16:39:18.9623329Z\",\r\n        \"protectedItemDataId\": \"1923909062\",\r\n        \"ConfiguredRPGenerationFrequency\": \"00:00:00\",\r\n        \"protectedItemType\": \"Microsoft.Compute/virtualMachines\",\r\n        \"backupManagementType\": \"AzureIaasVM\",\r\n        \"workloadType\": \"VM\",\r\n        \"containerName\": \"iaasvmcontainerv2;hiagarg;hiaganewvm3\",\r\n        \"sourceResourceId\": \"/subscriptions/38304e13-357e-405e-9e9a-220351dcce8c/resourceGroups/hiagarg/providers/Microsoft.Compute/virtualMachines/hiaganewVM3\",\r\n        \"policyId\": \"/subscriptions/38304e13-357e-405e-9e9a-220351dcce8c/resourceGroups/hiagarg/providers/Microsoft.RecoveryServices/vaults/hiaga-adhoc-vault/backupPolicies/DefaultPolicy\",\r\n        \"policyName\": \"DefaultPolicy\",\r\n        \"lastRecoveryPoint\": \"2023-01-30T16:39:22.4565461Z\",\r\n        \"vaultId\": \"https://management.azure.com/subscriptions/38304e13-357e-405e-9e9a-220351dcce8c/resourceGroups/hiagarg/providers/Microsoft.RecoveryServices/vaults/hiaga-adhoc-vault\",\r\n        \"isArchiveEnabled\": false,\r\n        \"softDeleteRetentionPeriod\": 0\r\n      }\r\n    }\r\n  ]\r\n}",
      "StatusCode": 200
    },
    {
      "RequestUri": "/subscriptions/38304e13-357e-405e-9e9a-220351dcce8c/resourceGroups/hiagarg/providers/Microsoft.RecoveryServices/vaults/hiaga-adhoc-vault/backupProtectedItems?$filter=backupManagementType%20eq%20'AzureIaasVM'%20and%20itemType%20eq%20'VM'&api-version=2023-01-01",
      "EncodedRequestUri": "L3N1YnNjcmlwdGlvbnMvMzgzMDRlMTMtMzU3ZS00MDVlLTllOWEtMjIwMzUxZGNjZThjL3Jlc291cmNlR3JvdXBzL2hpYWdhcmcvcHJvdmlkZXJzL01pY3Jvc29mdC5SZWNvdmVyeVNlcnZpY2VzL3ZhdWx0cy9oaWFnYS1hZGhvYy12YXVsdC9iYWNrdXBQcm90ZWN0ZWRJdGVtcz8kZmlsdGVyPWJhY2t1cE1hbmFnZW1lbnRUeXBlJTIwZXElMjAnQXp1cmVJYWFzVk0nJTIwYW5kJTIwaXRlbVR5cGUlMjBlcSUyMCdWTScmYXBpLXZlcnNpb249MjAyMy0wMS0wMQ==",
      "RequestMethod": "GET",
      "RequestHeaders": {
        "x-ms-client-request-id": [
          "9c41f161-95d5-469f-b153-7fbf56d5ef15"
        ],
        "Accept-Language": [
          "en-US"
        ],
        "User-Agent": [
          "FxVersion/4.700.22.55902",
          "OSName/Windows",
          "OSVersion/Microsoft.Windows.10.0.22000",
          "Microsoft.Azure.Management.RecoveryServices.Backup.RecoveryServicesBackupClient/6.1.3"
        ]
      },
      "RequestBody": "",
      "ResponseHeaders": {
        "Cache-Control": [
          "no-cache"
        ],
        "Pragma": [
          "no-cache"
        ],
        "X-Content-Type-Options": [
          "nosniff"
        ],
        "x-ms-request-id": [
          "7e18337f-bc2d-41ac-bfed-d5fac96b6123"
        ],
        "x-ms-client-request-id": [
          "9c41f161-95d5-469f-b153-7fbf56d5ef15"
        ],
        "Strict-Transport-Security": [
          "max-age=31536000; includeSubDomains"
        ],
        "Server": [
          "Kestrel"
        ],
        "X-Powered-By": [
          "ASP.NET"
        ],
        "x-ms-ratelimit-remaining-subscription-resource-requests": [
          "299"
        ],
        "x-ms-correlation-request-id": [
          "7e18337f-bc2d-41ac-bfed-d5fac96b6123"
        ],
        "x-ms-routing-request-id": [
          "WESTINDIA:20230131T080102Z:7e18337f-bc2d-41ac-bfed-d5fac96b6123"
        ],
        "Date": [
          "Tue, 31 Jan 2023 08:01:02 GMT"
        ],
        "Content-Length": [
          "3726"
        ],
        "Content-Type": [
          "application/json; charset=utf-8"
        ],
        "Expires": [
          "-1"
        ]
      },
      "ResponseBody": "{\r\n  \"value\": [\r\n    {\r\n      \"id\": \"/subscriptions/38304e13-357e-405e-9e9a-220351dcce8c/resourceGroups/hiagarg/providers/Microsoft.RecoveryServices/vaults/hiaga-adhoc-vault/backupFabrics/Azure/protectionContainers/IaasVMContainer;iaasvmcontainerv2;hiagarg;hiaga-adhoc-vm/protectedItems/VM;iaasvmcontainerv2;hiagarg;hiaga-adhoc-vm\",\r\n      \"name\": \"VM;iaasvmcontainerv2;hiagarg;hiaga-adhoc-vm\",\r\n      \"type\": \"Microsoft.RecoveryServices/vaults/backupFabrics/protectionContainers/protectedItems\",\r\n      \"properties\": {\r\n        \"friendlyName\": \"hiaga-adhoc-vm\",\r\n        \"virtualMachineId\": \"/subscriptions/38304e13-357e-405e-9e9a-220351dcce8c/resourceGroups/hiagarg/providers/Microsoft.Compute/virtualMachines/hiaga-adhoc-vm\",\r\n        \"protectionStatus\": \"Healthy\",\r\n        \"protectionState\": \"Protected\",\r\n        \"healthStatus\": \"Passed\",\r\n        \"healthDetails\": [\r\n          {\r\n            \"code\": 400239,\r\n            \"title\": \"IaasVmHealthGreenDefault\",\r\n            \"message\": \"Backup pre-check status of this virtual machine is OK.\",\r\n            \"recommendations\": []\r\n          }\r\n        ],\r\n        \"lastBackupStatus\": \"Completed\",\r\n        \"lastBackupTime\": \"2023-01-30T16:33:14.8942304Z\",\r\n        \"protectedItemDataId\": \"1753262334\",\r\n        \"ConfiguredRPGenerationFrequency\": \"00:00:00\",\r\n        \"protectedItemType\": \"Microsoft.Compute/virtualMachines\",\r\n        \"backupManagementType\": \"AzureIaasVM\",\r\n        \"workloadType\": \"VM\",\r\n        \"containerName\": \"iaasvmcontainerv2;hiagarg;hiaga-adhoc-vm\",\r\n        \"sourceResourceId\": \"/subscriptions/38304e13-357e-405e-9e9a-220351dcce8c/resourceGroups/hiagarg/providers/Microsoft.Compute/virtualMachines/hiaga-adhoc-vm\",\r\n        \"policyId\": \"/subscriptions/38304e13-357e-405e-9e9a-220351dcce8c/resourceGroups/hiagarg/providers/Microsoft.RecoveryServices/vaults/hiaga-adhoc-vault/backupPolicies/DefaultPolicy\",\r\n        \"policyName\": \"DefaultPolicy\",\r\n        \"lastRecoveryPoint\": \"2023-01-30T16:33:18.5489554Z\",\r\n        \"vaultId\": \"https://management.azure.com/subscriptions/38304e13-357e-405e-9e9a-220351dcce8c/resourceGroups/hiagarg/providers/Microsoft.RecoveryServices/vaults/hiaga-adhoc-vault\",\r\n        \"isArchiveEnabled\": false,\r\n        \"softDeleteRetentionPeriod\": 0\r\n      }\r\n    },\r\n    {\r\n      \"id\": \"/subscriptions/38304e13-357e-405e-9e9a-220351dcce8c/resourceGroups/hiagarg/providers/Microsoft.RecoveryServices/vaults/hiaga-adhoc-vault/backupFabrics/Azure/protectionContainers/IaasVMContainer;iaasvmcontainerv2;hiagarg;hiaganewvm3/protectedItems/VM;iaasvmcontainerv2;hiagarg;hiaganewvm3\",\r\n      \"name\": \"VM;iaasvmcontainerv2;hiagarg;hiaganewvm3\",\r\n      \"type\": \"Microsoft.RecoveryServices/vaults/backupFabrics/protectionContainers/protectedItems\",\r\n      \"properties\": {\r\n        \"friendlyName\": \"hiaganewVM3\",\r\n        \"virtualMachineId\": \"/subscriptions/38304e13-357e-405e-9e9a-220351dcce8c/resourceGroups/hiagarg/providers/Microsoft.Compute/virtualMachines/hiaganewVM3\",\r\n        \"protectionStatus\": \"Healthy\",\r\n        \"protectionState\": \"Protected\",\r\n        \"healthStatus\": \"Passed\",\r\n        \"healthDetails\": [\r\n          {\r\n            \"code\": 400239,\r\n            \"title\": \"IaasVmHealthGreenDefault\",\r\n            \"message\": \"Backup pre-check status of this virtual machine is OK.\",\r\n            \"recommendations\": []\r\n          }\r\n        ],\r\n        \"lastBackupStatus\": \"Completed\",\r\n        \"lastBackupTime\": \"2023-01-30T16:39:18.9623329Z\",\r\n        \"protectedItemDataId\": \"1923909062\",\r\n        \"ConfiguredRPGenerationFrequency\": \"00:00:00\",\r\n        \"protectedItemType\": \"Microsoft.Compute/virtualMachines\",\r\n        \"backupManagementType\": \"AzureIaasVM\",\r\n        \"workloadType\": \"VM\",\r\n        \"containerName\": \"iaasvmcontainerv2;hiagarg;hiaganewvm3\",\r\n        \"sourceResourceId\": \"/subscriptions/38304e13-357e-405e-9e9a-220351dcce8c/resourceGroups/hiagarg/providers/Microsoft.Compute/virtualMachines/hiaganewVM3\",\r\n        \"policyId\": \"/subscriptions/38304e13-357e-405e-9e9a-220351dcce8c/resourceGroups/hiagarg/providers/Microsoft.RecoveryServices/vaults/hiaga-adhoc-vault/backupPolicies/DefaultPolicy\",\r\n        \"policyName\": \"DefaultPolicy\",\r\n        \"lastRecoveryPoint\": \"2023-01-30T16:39:22.4565461Z\",\r\n        \"vaultId\": \"https://management.azure.com/subscriptions/38304e13-357e-405e-9e9a-220351dcce8c/resourceGroups/hiagarg/providers/Microsoft.RecoveryServices/vaults/hiaga-adhoc-vault\",\r\n        \"isArchiveEnabled\": false,\r\n        \"softDeleteRetentionPeriod\": 0\r\n      }\r\n    }\r\n  ]\r\n}",
      "StatusCode": 200
    },
    {
      "RequestUri": "/subscriptions/38304e13-357e-405e-9e9a-220351dcce8c/resourceGroups/hiagarg/providers/Microsoft.RecoveryServices/vaults/hiaga-adhoc-vault/backupFabrics/Azure/protectionContainers/IaasVMContainer%3Biaasvmcontainerv2%3Bhiagarg%3Bhiaga-adhoc-vm/protectedItems/VM%3Biaasvmcontainerv2%3Bhiagarg%3Bhiaga-adhoc-vm?$filter=expand%20eq%20'extendedinfo'&api-version=2023-01-01",
      "EncodedRequestUri": "L3N1YnNjcmlwdGlvbnMvMzgzMDRlMTMtMzU3ZS00MDVlLTllOWEtMjIwMzUxZGNjZThjL3Jlc291cmNlR3JvdXBzL2hpYWdhcmcvcHJvdmlkZXJzL01pY3Jvc29mdC5SZWNvdmVyeVNlcnZpY2VzL3ZhdWx0cy9oaWFnYS1hZGhvYy12YXVsdC9iYWNrdXBGYWJyaWNzL0F6dXJlL3Byb3RlY3Rpb25Db250YWluZXJzL0lhYXNWTUNvbnRhaW5lciUzQmlhYXN2bWNvbnRhaW5lcnYyJTNCaGlhZ2FyZyUzQmhpYWdhLWFkaG9jLXZtL3Byb3RlY3RlZEl0ZW1zL1ZNJTNCaWFhc3ZtY29udGFpbmVydjIlM0JoaWFnYXJnJTNCaGlhZ2EtYWRob2Mtdm0/JGZpbHRlcj1leHBhbmQlMjBlcSUyMCdleHRlbmRlZGluZm8nJmFwaS12ZXJzaW9uPTIwMjMtMDEtMDE=",
      "RequestMethod": "GET",
      "RequestHeaders": {
        "x-ms-client-request-id": [
          "d02b1c92-6e21-44ac-9ac1-4cc3dd1c67d3"
        ],
        "Accept-Language": [
          "en-US"
        ],
        "User-Agent": [
          "FxVersion/4.700.22.55902",
          "OSName/Windows",
          "OSVersion/Microsoft.Windows.10.0.22000",
          "Microsoft.Azure.Management.RecoveryServices.Backup.RecoveryServicesBackupClient/6.1.3"
        ]
      },
      "RequestBody": "",
      "ResponseHeaders": {
        "Cache-Control": [
          "no-cache"
        ],
        "Pragma": [
          "no-cache"
        ],
        "X-Content-Type-Options": [
          "nosniff"
        ],
        "x-ms-request-id": [
          "84cdc435-219e-4b89-987a-7dd0f939d1c9"
        ],
        "x-ms-client-request-id": [
          "d02b1c92-6e21-44ac-9ac1-4cc3dd1c67d3"
        ],
        "Strict-Transport-Security": [
          "max-age=31536000; includeSubDomains"
        ],
        "Server": [
          "Kestrel"
        ],
        "X-Powered-By": [
          "ASP.NET"
        ],
        "x-ms-ratelimit-remaining-subscription-resource-requests": [
          "299"
        ],
        "x-ms-correlation-request-id": [
          "84cdc435-219e-4b89-987a-7dd0f939d1c9"
        ],
        "x-ms-routing-request-id": [
          "WESTINDIA:20230131T080045Z:84cdc435-219e-4b89-987a-7dd0f939d1c9"
        ],
        "Date": [
          "Tue, 31 Jan 2023 08:00:45 GMT"
        ],
        "Content-Length": [
          "1988"
        ],
        "Content-Type": [
          "application/json; charset=utf-8"
        ],
        "Expires": [
          "-1"
        ]
      },
      "ResponseBody": "{\r\n  \"id\": \"/subscriptions/38304e13-357e-405e-9e9a-220351dcce8c/resourceGroups/hiagarg/providers/Microsoft.RecoveryServices/vaults/hiaga-adhoc-vault/backupFabrics/Azure/protectionContainers/IaasVMContainer;iaasvmcontainerv2;hiagarg;hiaga-adhoc-vm/protectedItems/VM;iaasvmcontainerv2;hiagarg;hiaga-adhoc-vm\",\r\n  \"name\": \"VM;iaasvmcontainerv2;hiagarg;hiaga-adhoc-vm\",\r\n  \"type\": \"Microsoft.RecoveryServices/vaults/backupFabrics/protectionContainers/protectedItems\",\r\n  \"properties\": {\r\n    \"friendlyName\": \"hiaga-adhoc-vm\",\r\n    \"virtualMachineId\": \"/subscriptions/38304e13-357e-405e-9e9a-220351dcce8c/resourceGroups/hiagarg/providers/Microsoft.Compute/virtualMachines/hiaga-adhoc-vm\",\r\n    \"protectionStatus\": \"Healthy\",\r\n    \"protectionState\": \"Protected\",\r\n    \"healthStatus\": \"Passed\",\r\n    \"healthDetails\": [\r\n      {\r\n        \"code\": 400239,\r\n        \"title\": \"IaasVmHealthGreenDefault\",\r\n        \"message\": \"Backup pre-check status of this virtual machine is OK.\",\r\n        \"recommendations\": []\r\n      }\r\n    ],\r\n    \"lastBackupStatus\": \"Completed\",\r\n    \"lastBackupTime\": \"2023-01-30T16:33:14.8942304Z\",\r\n    \"protectedItemDataId\": \"1753262334\",\r\n    \"extendedInfo\": {\r\n      \"oldestRecoveryPoint\": \"2023-01-01T16:38:39.1563435Z\",\r\n      \"recoveryPointCount\": 31,\r\n      \"policyInconsistent\": false\r\n    },\r\n    \"ConfiguredRPGenerationFrequency\": \"00:00:00\",\r\n    \"protectedItemType\": \"Microsoft.Compute/virtualMachines\",\r\n    \"backupManagementType\": \"AzureIaasVM\",\r\n    \"workloadType\": \"VM\",\r\n    \"containerName\": \"iaasvmcontainerv2;hiagarg;hiaga-adhoc-vm\",\r\n    \"sourceResourceId\": \"/subscriptions/38304e13-357e-405e-9e9a-220351dcce8c/resourceGroups/hiagarg/providers/Microsoft.Compute/virtualMachines/hiaga-adhoc-vm\",\r\n    \"policyId\": \"/subscriptions/38304e13-357e-405e-9e9a-220351dcce8c/resourceGroups/hiagarg/providers/Microsoft.RecoveryServices/vaults/hiaga-adhoc-vault/backupPolicies/DefaultPolicy\",\r\n    \"policyName\": \"DefaultPolicy\",\r\n    \"lastRecoveryPoint\": \"2023-01-30T16:33:18.5489554Z\",\r\n    \"vaultId\": \"https://management.azure.com/subscriptions/38304e13-357e-405e-9e9a-220351dcce8c/resourceGroups/hiagarg/providers/Microsoft.RecoveryServices/vaults/hiaga-adhoc-vault\",\r\n    \"isArchiveEnabled\": false,\r\n    \"softDeleteRetentionPeriod\": 0\r\n  }\r\n}",
      "StatusCode": 200
    },
    {
      "RequestUri": "/subscriptions/38304e13-357e-405e-9e9a-220351dcce8c/resourceGroups/hiagarg/providers/Microsoft.RecoveryServices/vaults/hiaga-adhoc-vault/backupFabrics/Azure/protectionContainers/IaasVMContainer%3Biaasvmcontainerv2%3Bhiagarg%3Bhiaga-adhoc-vm/protectedItems/VM%3Biaasvmcontainerv2%3Bhiagarg%3Bhiaga-adhoc-vm?$filter=expand%20eq%20'extendedinfo'&api-version=2023-01-01",
      "EncodedRequestUri": "L3N1YnNjcmlwdGlvbnMvMzgzMDRlMTMtMzU3ZS00MDVlLTllOWEtMjIwMzUxZGNjZThjL3Jlc291cmNlR3JvdXBzL2hpYWdhcmcvcHJvdmlkZXJzL01pY3Jvc29mdC5SZWNvdmVyeVNlcnZpY2VzL3ZhdWx0cy9oaWFnYS1hZGhvYy12YXVsdC9iYWNrdXBGYWJyaWNzL0F6dXJlL3Byb3RlY3Rpb25Db250YWluZXJzL0lhYXNWTUNvbnRhaW5lciUzQmlhYXN2bWNvbnRhaW5lcnYyJTNCaGlhZ2FyZyUzQmhpYWdhLWFkaG9jLXZtL3Byb3RlY3RlZEl0ZW1zL1ZNJTNCaWFhc3ZtY29udGFpbmVydjIlM0JoaWFnYXJnJTNCaGlhZ2EtYWRob2Mtdm0/JGZpbHRlcj1leHBhbmQlMjBlcSUyMCdleHRlbmRlZGluZm8nJmFwaS12ZXJzaW9uPTIwMjMtMDEtMDE=",
      "RequestMethod": "GET",
      "RequestHeaders": {
        "x-ms-client-request-id": [
          "654ea677-d627-474e-8baa-475bfc9ba4ef"
        ],
        "Accept-Language": [
          "en-US"
        ],
        "User-Agent": [
          "FxVersion/4.700.22.55902",
          "OSName/Windows",
          "OSVersion/Microsoft.Windows.10.0.22000",
          "Microsoft.Azure.Management.RecoveryServices.Backup.RecoveryServicesBackupClient/6.1.3"
        ]
      },
      "RequestBody": "",
      "ResponseHeaders": {
        "Cache-Control": [
          "no-cache"
        ],
        "Pragma": [
          "no-cache"
        ],
        "X-Content-Type-Options": [
          "nosniff"
        ],
        "x-ms-request-id": [
          "da86f168-5051-459b-b6b5-42dda609cefc"
        ],
        "x-ms-client-request-id": [
          "654ea677-d627-474e-8baa-475bfc9ba4ef"
        ],
        "Strict-Transport-Security": [
          "max-age=31536000; includeSubDomains"
        ],
        "Server": [
          "Kestrel"
        ],
        "X-Powered-By": [
          "ASP.NET"
        ],
        "x-ms-ratelimit-remaining-subscription-resource-requests": [
          "299"
        ],
        "x-ms-correlation-request-id": [
          "da86f168-5051-459b-b6b5-42dda609cefc"
        ],
        "x-ms-routing-request-id": [
          "WESTINDIA:20230131T080051Z:da86f168-5051-459b-b6b5-42dda609cefc"
        ],
        "Date": [
          "Tue, 31 Jan 2023 08:00:50 GMT"
        ],
        "Content-Length": [
          "1988"
        ],
        "Content-Type": [
          "application/json; charset=utf-8"
        ],
        "Expires": [
          "-1"
        ]
      },
      "ResponseBody": "{\r\n  \"id\": \"/subscriptions/38304e13-357e-405e-9e9a-220351dcce8c/resourceGroups/hiagarg/providers/Microsoft.RecoveryServices/vaults/hiaga-adhoc-vault/backupFabrics/Azure/protectionContainers/IaasVMContainer;iaasvmcontainerv2;hiagarg;hiaga-adhoc-vm/protectedItems/VM;iaasvmcontainerv2;hiagarg;hiaga-adhoc-vm\",\r\n  \"name\": \"VM;iaasvmcontainerv2;hiagarg;hiaga-adhoc-vm\",\r\n  \"type\": \"Microsoft.RecoveryServices/vaults/backupFabrics/protectionContainers/protectedItems\",\r\n  \"properties\": {\r\n    \"friendlyName\": \"hiaga-adhoc-vm\",\r\n    \"virtualMachineId\": \"/subscriptions/38304e13-357e-405e-9e9a-220351dcce8c/resourceGroups/hiagarg/providers/Microsoft.Compute/virtualMachines/hiaga-adhoc-vm\",\r\n    \"protectionStatus\": \"Healthy\",\r\n    \"protectionState\": \"Protected\",\r\n    \"healthStatus\": \"Passed\",\r\n    \"healthDetails\": [\r\n      {\r\n        \"code\": 400239,\r\n        \"title\": \"IaasVmHealthGreenDefault\",\r\n        \"message\": \"Backup pre-check status of this virtual machine is OK.\",\r\n        \"recommendations\": []\r\n      }\r\n    ],\r\n    \"lastBackupStatus\": \"Completed\",\r\n    \"lastBackupTime\": \"2023-01-30T16:33:14.8942304Z\",\r\n    \"protectedItemDataId\": \"1753262334\",\r\n    \"extendedInfo\": {\r\n      \"oldestRecoveryPoint\": \"2023-01-01T16:38:39.1563435Z\",\r\n      \"recoveryPointCount\": 31,\r\n      \"policyInconsistent\": false\r\n    },\r\n    \"ConfiguredRPGenerationFrequency\": \"00:00:00\",\r\n    \"protectedItemType\": \"Microsoft.Compute/virtualMachines\",\r\n    \"backupManagementType\": \"AzureIaasVM\",\r\n    \"workloadType\": \"VM\",\r\n    \"containerName\": \"iaasvmcontainerv2;hiagarg;hiaga-adhoc-vm\",\r\n    \"sourceResourceId\": \"/subscriptions/38304e13-357e-405e-9e9a-220351dcce8c/resourceGroups/hiagarg/providers/Microsoft.Compute/virtualMachines/hiaga-adhoc-vm\",\r\n    \"policyId\": \"/subscriptions/38304e13-357e-405e-9e9a-220351dcce8c/resourceGroups/hiagarg/providers/Microsoft.RecoveryServices/vaults/hiaga-adhoc-vault/backupPolicies/DefaultPolicy\",\r\n    \"policyName\": \"DefaultPolicy\",\r\n    \"lastRecoveryPoint\": \"2023-01-30T16:33:18.5489554Z\",\r\n    \"vaultId\": \"https://management.azure.com/subscriptions/38304e13-357e-405e-9e9a-220351dcce8c/resourceGroups/hiagarg/providers/Microsoft.RecoveryServices/vaults/hiaga-adhoc-vault\",\r\n    \"isArchiveEnabled\": false,\r\n    \"softDeleteRetentionPeriod\": 0\r\n  }\r\n}",
      "StatusCode": 200
    },
    {
      "RequestUri": "/subscriptions/38304e13-357e-405e-9e9a-220351dcce8c/resourceGroups/hiagarg/providers/Microsoft.RecoveryServices/vaults/hiaga-adhoc-vault/backupFabrics/Azure/protectionContainers/IaasVMContainer%3Biaasvmcontainerv2%3Bhiagarg%3Bhiaga-adhoc-vm/protectedItems/VM%3Biaasvmcontainerv2%3Bhiagarg%3Bhiaga-adhoc-vm?$filter=expand%20eq%20'extendedinfo'&api-version=2023-01-01",
      "EncodedRequestUri": "L3N1YnNjcmlwdGlvbnMvMzgzMDRlMTMtMzU3ZS00MDVlLTllOWEtMjIwMzUxZGNjZThjL3Jlc291cmNlR3JvdXBzL2hpYWdhcmcvcHJvdmlkZXJzL01pY3Jvc29mdC5SZWNvdmVyeVNlcnZpY2VzL3ZhdWx0cy9oaWFnYS1hZGhvYy12YXVsdC9iYWNrdXBGYWJyaWNzL0F6dXJlL3Byb3RlY3Rpb25Db250YWluZXJzL0lhYXNWTUNvbnRhaW5lciUzQmlhYXN2bWNvbnRhaW5lcnYyJTNCaGlhZ2FyZyUzQmhpYWdhLWFkaG9jLXZtL3Byb3RlY3RlZEl0ZW1zL1ZNJTNCaWFhc3ZtY29udGFpbmVydjIlM0JoaWFnYXJnJTNCaGlhZ2EtYWRob2Mtdm0/JGZpbHRlcj1leHBhbmQlMjBlcSUyMCdleHRlbmRlZGluZm8nJmFwaS12ZXJzaW9uPTIwMjMtMDEtMDE=",
      "RequestMethod": "GET",
      "RequestHeaders": {
        "x-ms-client-request-id": [
          "5ad4e82d-bf6f-4835-9920-c263357f9915"
        ],
        "Accept-Language": [
          "en-US"
        ],
        "User-Agent": [
          "FxVersion/4.700.22.55902",
          "OSName/Windows",
          "OSVersion/Microsoft.Windows.10.0.22000",
          "Microsoft.Azure.Management.RecoveryServices.Backup.RecoveryServicesBackupClient/6.1.3"
        ]
      },
      "RequestBody": "",
      "ResponseHeaders": {
        "Cache-Control": [
          "no-cache"
        ],
        "Pragma": [
          "no-cache"
        ],
        "X-Content-Type-Options": [
          "nosniff"
        ],
        "x-ms-request-id": [
          "a26388a2-7fb7-4307-81f1-048a81625feb"
        ],
        "x-ms-client-request-id": [
          "5ad4e82d-bf6f-4835-9920-c263357f9915"
        ],
        "Strict-Transport-Security": [
          "max-age=31536000; includeSubDomains"
        ],
        "Server": [
          "Kestrel"
        ],
        "X-Powered-By": [
          "ASP.NET"
        ],
        "x-ms-ratelimit-remaining-subscription-resource-requests": [
          "299"
        ],
        "x-ms-correlation-request-id": [
          "a26388a2-7fb7-4307-81f1-048a81625feb"
        ],
        "x-ms-routing-request-id": [
          "WESTINDIA:20230131T080059Z:a26388a2-7fb7-4307-81f1-048a81625feb"
        ],
        "Date": [
          "Tue, 31 Jan 2023 08:00:59 GMT"
        ],
        "Content-Length": [
          "1988"
        ],
        "Content-Type": [
          "application/json; charset=utf-8"
        ],
        "Expires": [
          "-1"
        ]
      },
      "ResponseBody": "{\r\n  \"id\": \"/subscriptions/38304e13-357e-405e-9e9a-220351dcce8c/resourceGroups/hiagarg/providers/Microsoft.RecoveryServices/vaults/hiaga-adhoc-vault/backupFabrics/Azure/protectionContainers/IaasVMContainer;iaasvmcontainerv2;hiagarg;hiaga-adhoc-vm/protectedItems/VM;iaasvmcontainerv2;hiagarg;hiaga-adhoc-vm\",\r\n  \"name\": \"VM;iaasvmcontainerv2;hiagarg;hiaga-adhoc-vm\",\r\n  \"type\": \"Microsoft.RecoveryServices/vaults/backupFabrics/protectionContainers/protectedItems\",\r\n  \"properties\": {\r\n    \"friendlyName\": \"hiaga-adhoc-vm\",\r\n    \"virtualMachineId\": \"/subscriptions/38304e13-357e-405e-9e9a-220351dcce8c/resourceGroups/hiagarg/providers/Microsoft.Compute/virtualMachines/hiaga-adhoc-vm\",\r\n    \"protectionStatus\": \"Healthy\",\r\n    \"protectionState\": \"Protected\",\r\n    \"healthStatus\": \"Passed\",\r\n    \"healthDetails\": [\r\n      {\r\n        \"code\": 400239,\r\n        \"title\": \"IaasVmHealthGreenDefault\",\r\n        \"message\": \"Backup pre-check status of this virtual machine is OK.\",\r\n        \"recommendations\": []\r\n      }\r\n    ],\r\n    \"lastBackupStatus\": \"Completed\",\r\n    \"lastBackupTime\": \"2023-01-30T16:33:14.8942304Z\",\r\n    \"protectedItemDataId\": \"1753262334\",\r\n    \"extendedInfo\": {\r\n      \"oldestRecoveryPoint\": \"2023-01-01T16:38:39.1563435Z\",\r\n      \"recoveryPointCount\": 31,\r\n      \"policyInconsistent\": false\r\n    },\r\n    \"ConfiguredRPGenerationFrequency\": \"00:00:00\",\r\n    \"protectedItemType\": \"Microsoft.Compute/virtualMachines\",\r\n    \"backupManagementType\": \"AzureIaasVM\",\r\n    \"workloadType\": \"VM\",\r\n    \"containerName\": \"iaasvmcontainerv2;hiagarg;hiaga-adhoc-vm\",\r\n    \"sourceResourceId\": \"/subscriptions/38304e13-357e-405e-9e9a-220351dcce8c/resourceGroups/hiagarg/providers/Microsoft.Compute/virtualMachines/hiaga-adhoc-vm\",\r\n    \"policyId\": \"/subscriptions/38304e13-357e-405e-9e9a-220351dcce8c/resourceGroups/hiagarg/providers/Microsoft.RecoveryServices/vaults/hiaga-adhoc-vault/backupPolicies/DefaultPolicy\",\r\n    \"policyName\": \"DefaultPolicy\",\r\n    \"lastRecoveryPoint\": \"2023-01-30T16:33:18.5489554Z\",\r\n    \"vaultId\": \"https://management.azure.com/subscriptions/38304e13-357e-405e-9e9a-220351dcce8c/resourceGroups/hiagarg/providers/Microsoft.RecoveryServices/vaults/hiaga-adhoc-vault\",\r\n    \"isArchiveEnabled\": false,\r\n    \"softDeleteRetentionPeriod\": 0\r\n  }\r\n}",
      "StatusCode": 200
    },
    {
      "RequestUri": "/subscriptions/38304e13-357e-405e-9e9a-220351dcce8c/resourceGroups/hiagarg/providers/Microsoft.RecoveryServices/vaults/hiaga-adhoc-vault/backupFabrics/Azure/protectionContainers/IaasVMContainer%3Biaasvmcontainerv2%3Bhiagarg%3Bhiaga-adhoc-vm/protectedItems/VM%3Biaasvmcontainerv2%3Bhiagarg%3Bhiaga-adhoc-vm?$filter=expand%20eq%20'extendedinfo'&api-version=2023-01-01",
      "EncodedRequestUri": "L3N1YnNjcmlwdGlvbnMvMzgzMDRlMTMtMzU3ZS00MDVlLTllOWEtMjIwMzUxZGNjZThjL3Jlc291cmNlR3JvdXBzL2hpYWdhcmcvcHJvdmlkZXJzL01pY3Jvc29mdC5SZWNvdmVyeVNlcnZpY2VzL3ZhdWx0cy9oaWFnYS1hZGhvYy12YXVsdC9iYWNrdXBGYWJyaWNzL0F6dXJlL3Byb3RlY3Rpb25Db250YWluZXJzL0lhYXNWTUNvbnRhaW5lciUzQmlhYXN2bWNvbnRhaW5lcnYyJTNCaGlhZ2FyZyUzQmhpYWdhLWFkaG9jLXZtL3Byb3RlY3RlZEl0ZW1zL1ZNJTNCaWFhc3ZtY29udGFpbmVydjIlM0JoaWFnYXJnJTNCaGlhZ2EtYWRob2Mtdm0/JGZpbHRlcj1leHBhbmQlMjBlcSUyMCdleHRlbmRlZGluZm8nJmFwaS12ZXJzaW9uPTIwMjMtMDEtMDE=",
      "RequestMethod": "GET",
      "RequestHeaders": {
        "x-ms-client-request-id": [
          "9c41f161-95d5-469f-b153-7fbf56d5ef15"
        ],
        "Accept-Language": [
          "en-US"
        ],
        "User-Agent": [
          "FxVersion/4.700.22.55902",
          "OSName/Windows",
          "OSVersion/Microsoft.Windows.10.0.22000",
          "Microsoft.Azure.Management.RecoveryServices.Backup.RecoveryServicesBackupClient/6.1.3"
        ]
      },
      "RequestBody": "",
      "ResponseHeaders": {
        "Cache-Control": [
          "no-cache"
        ],
        "Pragma": [
          "no-cache"
        ],
        "X-Content-Type-Options": [
          "nosniff"
        ],
        "x-ms-request-id": [
          "a96731b8-d80f-463a-80bd-bcfd3bd76d54"
        ],
        "x-ms-client-request-id": [
          "9c41f161-95d5-469f-b153-7fbf56d5ef15"
        ],
        "Strict-Transport-Security": [
          "max-age=31536000; includeSubDomains"
        ],
        "Server": [
          "Kestrel"
        ],
        "X-Powered-By": [
          "ASP.NET"
        ],
        "x-ms-ratelimit-remaining-subscription-resource-requests": [
          "299"
        ],
        "x-ms-correlation-request-id": [
          "a96731b8-d80f-463a-80bd-bcfd3bd76d54"
        ],
        "x-ms-routing-request-id": [
          "WESTINDIA:20230131T080103Z:a96731b8-d80f-463a-80bd-bcfd3bd76d54"
        ],
        "Date": [
          "Tue, 31 Jan 2023 08:01:03 GMT"
        ],
        "Content-Length": [
          "1988"
        ],
        "Content-Type": [
          "application/json; charset=utf-8"
        ],
        "Expires": [
          "-1"
        ]
      },
      "ResponseBody": "{\r\n  \"id\": \"/subscriptions/38304e13-357e-405e-9e9a-220351dcce8c/resourceGroups/hiagarg/providers/Microsoft.RecoveryServices/vaults/hiaga-adhoc-vault/backupFabrics/Azure/protectionContainers/IaasVMContainer;iaasvmcontainerv2;hiagarg;hiaga-adhoc-vm/protectedItems/VM;iaasvmcontainerv2;hiagarg;hiaga-adhoc-vm\",\r\n  \"name\": \"VM;iaasvmcontainerv2;hiagarg;hiaga-adhoc-vm\",\r\n  \"type\": \"Microsoft.RecoveryServices/vaults/backupFabrics/protectionContainers/protectedItems\",\r\n  \"properties\": {\r\n    \"friendlyName\": \"hiaga-adhoc-vm\",\r\n    \"virtualMachineId\": \"/subscriptions/38304e13-357e-405e-9e9a-220351dcce8c/resourceGroups/hiagarg/providers/Microsoft.Compute/virtualMachines/hiaga-adhoc-vm\",\r\n    \"protectionStatus\": \"Healthy\",\r\n    \"protectionState\": \"Protected\",\r\n    \"healthStatus\": \"Passed\",\r\n    \"healthDetails\": [\r\n      {\r\n        \"code\": 400239,\r\n        \"title\": \"IaasVmHealthGreenDefault\",\r\n        \"message\": \"Backup pre-check status of this virtual machine is OK.\",\r\n        \"recommendations\": []\r\n      }\r\n    ],\r\n    \"lastBackupStatus\": \"Completed\",\r\n    \"lastBackupTime\": \"2023-01-30T16:33:14.8942304Z\",\r\n    \"protectedItemDataId\": \"1753262334\",\r\n    \"extendedInfo\": {\r\n      \"oldestRecoveryPoint\": \"2023-01-01T16:38:39.1563435Z\",\r\n      \"recoveryPointCount\": 31,\r\n      \"policyInconsistent\": false\r\n    },\r\n    \"ConfiguredRPGenerationFrequency\": \"00:00:00\",\r\n    \"protectedItemType\": \"Microsoft.Compute/virtualMachines\",\r\n    \"backupManagementType\": \"AzureIaasVM\",\r\n    \"workloadType\": \"VM\",\r\n    \"containerName\": \"iaasvmcontainerv2;hiagarg;hiaga-adhoc-vm\",\r\n    \"sourceResourceId\": \"/subscriptions/38304e13-357e-405e-9e9a-220351dcce8c/resourceGroups/hiagarg/providers/Microsoft.Compute/virtualMachines/hiaga-adhoc-vm\",\r\n    \"policyId\": \"/subscriptions/38304e13-357e-405e-9e9a-220351dcce8c/resourceGroups/hiagarg/providers/Microsoft.RecoveryServices/vaults/hiaga-adhoc-vault/backupPolicies/DefaultPolicy\",\r\n    \"policyName\": \"DefaultPolicy\",\r\n    \"lastRecoveryPoint\": \"2023-01-30T16:33:18.5489554Z\",\r\n    \"vaultId\": \"https://management.azure.com/subscriptions/38304e13-357e-405e-9e9a-220351dcce8c/resourceGroups/hiagarg/providers/Microsoft.RecoveryServices/vaults/hiaga-adhoc-vault\",\r\n    \"isArchiveEnabled\": false,\r\n    \"softDeleteRetentionPeriod\": 0\r\n  }\r\n}",
      "StatusCode": 200
    },
    {
      "RequestUri": "/subscriptions/38304e13-357e-405e-9e9a-220351dcce8c/resourceGroups/hiagarg/providers/Microsoft.RecoveryServices/vaults/hiaga-adhoc-vault/backupProtectedItems?$filter=backupManagementType%20eq%20'AzureIaasVM'%20and%20itemType%20eq%20'VM'%20and%20policyName%20eq%20'DefaultPolicy'&api-version=2023-01-01",
      "EncodedRequestUri": "L3N1YnNjcmlwdGlvbnMvMzgzMDRlMTMtMzU3ZS00MDVlLTllOWEtMjIwMzUxZGNjZThjL3Jlc291cmNlR3JvdXBzL2hpYWdhcmcvcHJvdmlkZXJzL01pY3Jvc29mdC5SZWNvdmVyeVNlcnZpY2VzL3ZhdWx0cy9oaWFnYS1hZGhvYy12YXVsdC9iYWNrdXBQcm90ZWN0ZWRJdGVtcz8kZmlsdGVyPWJhY2t1cE1hbmFnZW1lbnRUeXBlJTIwZXElMjAnQXp1cmVJYWFzVk0nJTIwYW5kJTIwaXRlbVR5cGUlMjBlcSUyMCdWTSclMjBhbmQlMjBwb2xpY3lOYW1lJTIwZXElMjAnRGVmYXVsdFBvbGljeScmYXBpLXZlcnNpb249MjAyMy0wMS0wMQ==",
      "RequestMethod": "GET",
      "RequestHeaders": {
        "x-ms-client-request-id": [
          "d7873c01-615f-4632-8fd8-1b4ce45ffcff"
        ],
        "Accept-Language": [
          "en-US"
        ],
        "User-Agent": [
          "FxVersion/4.700.22.55902",
          "OSName/Windows",
          "OSVersion/Microsoft.Windows.10.0.22000",
          "Microsoft.Azure.Management.RecoveryServices.Backup.RecoveryServicesBackupClient/6.1.3"
        ]
      },
      "RequestBody": "",
      "ResponseHeaders": {
        "Cache-Control": [
          "no-cache"
        ],
        "Pragma": [
          "no-cache"
        ],
        "X-Content-Type-Options": [
          "nosniff"
        ],
        "x-ms-request-id": [
          "cf72c400-6558-4ecb-9303-a962370062fc"
        ],
        "x-ms-client-request-id": [
          "d7873c01-615f-4632-8fd8-1b4ce45ffcff"
        ],
        "Strict-Transport-Security": [
          "max-age=31536000; includeSubDomains"
        ],
        "Server": [
          "Kestrel"
        ],
        "X-Powered-By": [
          "ASP.NET"
        ],
        "x-ms-ratelimit-remaining-subscription-resource-requests": [
          "299"
        ],
        "x-ms-correlation-request-id": [
          "cf72c400-6558-4ecb-9303-a962370062fc"
        ],
        "x-ms-routing-request-id": [
          "WESTINDIA:20230131T080105Z:cf72c400-6558-4ecb-9303-a962370062fc"
        ],
        "Date": [
          "Tue, 31 Jan 2023 08:01:04 GMT"
        ],
        "Content-Length": [
          "3726"
        ],
        "Content-Type": [
          "application/json; charset=utf-8"
        ],
        "Expires": [
          "-1"
        ]
      },
      "ResponseBody": "{\r\n  \"value\": [\r\n    {\r\n      \"id\": \"/subscriptions/38304e13-357e-405e-9e9a-220351dcce8c/resourceGroups/hiagarg/providers/Microsoft.RecoveryServices/vaults/hiaga-adhoc-vault/backupFabrics/Azure/protectionContainers/IaasVMContainer;iaasvmcontainerv2;hiagarg;hiaga-adhoc-vm/protectedItems/VM;iaasvmcontainerv2;hiagarg;hiaga-adhoc-vm\",\r\n      \"name\": \"VM;iaasvmcontainerv2;hiagarg;hiaga-adhoc-vm\",\r\n      \"type\": \"Microsoft.RecoveryServices/vaults/backupFabrics/protectionContainers/protectedItems\",\r\n      \"properties\": {\r\n        \"friendlyName\": \"hiaga-adhoc-vm\",\r\n        \"virtualMachineId\": \"/subscriptions/38304e13-357e-405e-9e9a-220351dcce8c/resourceGroups/hiagarg/providers/Microsoft.Compute/virtualMachines/hiaga-adhoc-vm\",\r\n        \"protectionStatus\": \"Healthy\",\r\n        \"protectionState\": \"Protected\",\r\n        \"healthStatus\": \"Passed\",\r\n        \"healthDetails\": [\r\n          {\r\n            \"code\": 400239,\r\n            \"title\": \"IaasVmHealthGreenDefault\",\r\n            \"message\": \"Backup pre-check status of this virtual machine is OK.\",\r\n            \"recommendations\": []\r\n          }\r\n        ],\r\n        \"lastBackupStatus\": \"Completed\",\r\n        \"lastBackupTime\": \"2023-01-30T16:33:14.8942304Z\",\r\n        \"protectedItemDataId\": \"1753262334\",\r\n        \"ConfiguredRPGenerationFrequency\": \"00:00:00\",\r\n        \"protectedItemType\": \"Microsoft.Compute/virtualMachines\",\r\n        \"backupManagementType\": \"AzureIaasVM\",\r\n        \"workloadType\": \"VM\",\r\n        \"containerName\": \"iaasvmcontainerv2;hiagarg;hiaga-adhoc-vm\",\r\n        \"sourceResourceId\": \"/subscriptions/38304e13-357e-405e-9e9a-220351dcce8c/resourceGroups/hiagarg/providers/Microsoft.Compute/virtualMachines/hiaga-adhoc-vm\",\r\n        \"policyId\": \"/subscriptions/38304e13-357e-405e-9e9a-220351dcce8c/resourceGroups/hiagarg/providers/Microsoft.RecoveryServices/vaults/hiaga-adhoc-vault/backupPolicies/DefaultPolicy\",\r\n        \"policyName\": \"DefaultPolicy\",\r\n        \"lastRecoveryPoint\": \"2023-01-30T16:33:18.5489554Z\",\r\n        \"vaultId\": \"https://management.azure.com/subscriptions/38304e13-357e-405e-9e9a-220351dcce8c/resourceGroups/hiagarg/providers/Microsoft.RecoveryServices/vaults/hiaga-adhoc-vault\",\r\n        \"isArchiveEnabled\": false,\r\n        \"softDeleteRetentionPeriod\": 0\r\n      }\r\n    },\r\n    {\r\n      \"id\": \"/subscriptions/38304e13-357e-405e-9e9a-220351dcce8c/resourceGroups/hiagarg/providers/Microsoft.RecoveryServices/vaults/hiaga-adhoc-vault/backupFabrics/Azure/protectionContainers/IaasVMContainer;iaasvmcontainerv2;hiagarg;hiaganewvm3/protectedItems/VM;iaasvmcontainerv2;hiagarg;hiaganewvm3\",\r\n      \"name\": \"VM;iaasvmcontainerv2;hiagarg;hiaganewvm3\",\r\n      \"type\": \"Microsoft.RecoveryServices/vaults/backupFabrics/protectionContainers/protectedItems\",\r\n      \"properties\": {\r\n        \"friendlyName\": \"hiaganewVM3\",\r\n        \"virtualMachineId\": \"/subscriptions/38304e13-357e-405e-9e9a-220351dcce8c/resourceGroups/hiagarg/providers/Microsoft.Compute/virtualMachines/hiaganewVM3\",\r\n        \"protectionStatus\": \"Healthy\",\r\n        \"protectionState\": \"Protected\",\r\n        \"healthStatus\": \"Passed\",\r\n        \"healthDetails\": [\r\n          {\r\n            \"code\": 400239,\r\n            \"title\": \"IaasVmHealthGreenDefault\",\r\n            \"message\": \"Backup pre-check status of this virtual machine is OK.\",\r\n            \"recommendations\": []\r\n          }\r\n        ],\r\n        \"lastBackupStatus\": \"Completed\",\r\n        \"lastBackupTime\": \"2023-01-30T16:39:18.9623329Z\",\r\n        \"protectedItemDataId\": \"1923909062\",\r\n        \"ConfiguredRPGenerationFrequency\": \"00:00:00\",\r\n        \"protectedItemType\": \"Microsoft.Compute/virtualMachines\",\r\n        \"backupManagementType\": \"AzureIaasVM\",\r\n        \"workloadType\": \"VM\",\r\n        \"containerName\": \"iaasvmcontainerv2;hiagarg;hiaganewvm3\",\r\n        \"sourceResourceId\": \"/subscriptions/38304e13-357e-405e-9e9a-220351dcce8c/resourceGroups/hiagarg/providers/Microsoft.Compute/virtualMachines/hiaganewVM3\",\r\n        \"policyId\": \"/subscriptions/38304e13-357e-405e-9e9a-220351dcce8c/resourceGroups/hiagarg/providers/Microsoft.RecoveryServices/vaults/hiaga-adhoc-vault/backupPolicies/DefaultPolicy\",\r\n        \"policyName\": \"DefaultPolicy\",\r\n        \"lastRecoveryPoint\": \"2023-01-30T16:39:22.4565461Z\",\r\n        \"vaultId\": \"https://management.azure.com/subscriptions/38304e13-357e-405e-9e9a-220351dcce8c/resourceGroups/hiagarg/providers/Microsoft.RecoveryServices/vaults/hiaga-adhoc-vault\",\r\n        \"isArchiveEnabled\": false,\r\n        \"softDeleteRetentionPeriod\": 0\r\n      }\r\n    }\r\n  ]\r\n}",
      "StatusCode": 200
    }
  ],
  "Names": {},
  "Variables": {
    "SubscriptionId": "38304e13-357e-405e-9e9a-220351dcce8c"
  }
}