{
  "Entries": [
    {
      "RequestUri": "/subscriptions/da364f0f-307b-41c9-9d47-b7413ec45535/resourcegroups/PSTestRG249df44924?api-version=2016-09-01",
      "EncodedRequestUri": "L3N1YnNjcmlwdGlvbnMvZGEzNjRmMGYtMzA3Yi00MWM5LTlkNDctYjc0MTNlYzQ1NTM1L3Jlc291cmNlZ3JvdXBzL1BTVGVzdFJHMjQ5ZGY0NDkyND9hcGktdmVyc2lvbj0yMDE2LTA5LTAx",
      "RequestMethod": "GET",
      "RequestBody": "",
      "RequestHeaders": {
        "x-ms-client-request-id": [
          "6b296506-cfd7-4772-bb61-cc9553004e32"
        ],
        "Accept-Language": [
          "en-US"
        ],
        "User-Agent": [
          "FxVersion/4.6.29719.03",
          "OSName/Windows",
          "OSVersion/Microsoft.Windows.10.0.18363.",
          "Microsoft.Azure.Management.Internal.Resources.ResourceManagementClient/1.3.45"
        ]
      },
      "ResponseHeaders": {
        "Cache-Control": [
          "no-cache"
        ],
        "Pragma": [
          "no-cache"
        ],
        "x-ms-failure-cause": [
          "gateway"
        ],
        "x-ms-ratelimit-remaining-subscription-reads": [
          "11998"
        ],
        "x-ms-request-id": [
          "3a3e60b3-f67f-4cfb-80f7-4c652a889def"
        ],
        "x-ms-correlation-request-id": [
          "3a3e60b3-f67f-4cfb-80f7-4c652a889def"
        ],
        "x-ms-routing-request-id": [
          "JIOINDIACENTRAL:20210921T085322Z:3a3e60b3-f67f-4cfb-80f7-4c652a889def"
        ],
        "Strict-Transport-Security": [
          "max-age=31536000; includeSubDomains"
        ],
        "X-Content-Type-Options": [
          "nosniff"
        ],
        "Date": [
          "Tue, 21 Sep 2021 08:53:22 GMT"
        ],
        "Content-Type": [
          "application/json; charset=utf-8"
        ],
        "Expires": [
          "-1"
        ],
        "Content-Length": [
          "110"
        ]
      },
      "ResponseBody": "{\r\n  \"error\": {\r\n    \"code\": \"ResourceGroupNotFound\",\r\n    \"message\": \"Resource group 'PSTestRG249df44924' could not be found.\"\r\n  }\r\n}",
      "StatusCode": 404
    },
    {
      "RequestUri": "/subscriptions/da364f0f-307b-41c9-9d47-b7413ec45535/resourcegroups/PSTestRG249df44924?api-version=2016-09-01",
      "EncodedRequestUri": "L3N1YnNjcmlwdGlvbnMvZGEzNjRmMGYtMzA3Yi00MWM5LTlkNDctYjc0MTNlYzQ1NTM1L3Jlc291cmNlZ3JvdXBzL1BTVGVzdFJHMjQ5ZGY0NDkyND9hcGktdmVyc2lvbj0yMDE2LTA5LTAx",
      "RequestMethod": "GET",
      "RequestBody": "",
      "RequestHeaders": {
        "x-ms-client-request-id": [
          "c4ea583b-c107-4641-a09b-0324fdc10993"
        ],
        "Accept-Language": [
          "en-US"
        ],
        "User-Agent": [
          "FxVersion/4.6.29719.03",
          "OSName/Windows",
          "OSVersion/Microsoft.Windows.10.0.18363.",
          "Microsoft.Azure.Management.Internal.Resources.ResourceManagementClient/1.3.45"
        ]
      },
      "ResponseHeaders": {
        "Cache-Control": [
          "no-cache"
        ],
        "Pragma": [
          "no-cache"
        ],
        "x-ms-ratelimit-remaining-subscription-reads": [
          "11997"
        ],
        "x-ms-request-id": [
          "da5009b3-b45c-4b63-b095-87adcbdff0ac"
        ],
        "x-ms-correlation-request-id": [
          "da5009b3-b45c-4b63-b095-87adcbdff0ac"
        ],
        "x-ms-routing-request-id": [
          "JIOINDIACENTRAL:20210921T085437Z:da5009b3-b45c-4b63-b095-87adcbdff0ac"
        ],
        "Strict-Transport-Security": [
          "max-age=31536000; includeSubDomains"
        ],
        "X-Content-Type-Options": [
          "nosniff"
        ],
        "Date": [
          "Tue, 21 Sep 2021 08:54:37 GMT"
        ],
        "Content-Type": [
          "application/json; charset=utf-8"
        ],
        "Expires": [
          "-1"
        ],
        "Content-Length": [
          "196"
        ]
      },
      "ResponseBody": "{\r\n  \"id\": \"/subscriptions/da364f0f-307b-41c9-9d47-b7413ec45535/resourceGroups/PSTestRG249df44924\",\r\n  \"name\": \"PSTestRG249df44924\",\r\n  \"location\": \"centraluseuap\",\r\n  \"properties\": {\r\n    \"provisioningState\": \"Succeeded\"\r\n  }\r\n}",
      "StatusCode": 200
    },
    {
      "RequestUri": "/subscriptions/da364f0f-307b-41c9-9d47-b7413ec45535/resourcegroups/PSTestRG249df44924?api-version=2016-09-01",
      "EncodedRequestUri": "L3N1YnNjcmlwdGlvbnMvZGEzNjRmMGYtMzA3Yi00MWM5LTlkNDctYjc0MTNlYzQ1NTM1L3Jlc291cmNlZ3JvdXBzL1BTVGVzdFJHMjQ5ZGY0NDkyND9hcGktdmVyc2lvbj0yMDE2LTA5LTAx",
      "RequestMethod": "PUT",
      "RequestBody": "{\r\n  \"location\": \"centraluseuap\"\r\n}",
      "RequestHeaders": {
        "x-ms-client-request-id": [
          "d214978d-e630-4645-bf44-01b54f6175cf"
        ],
        "Accept-Language": [
          "en-US"
        ],
        "User-Agent": [
          "FxVersion/4.6.29719.03",
          "OSName/Windows",
          "OSVersion/Microsoft.Windows.10.0.18363.",
          "Microsoft.Azure.Management.Internal.Resources.ResourceManagementClient/1.3.45"
        ],
        "Content-Type": [
          "application/json; charset=utf-8"
        ],
        "Content-Length": [
          "35"
        ]
      },
      "ResponseHeaders": {
        "Cache-Control": [
          "no-cache"
        ],
        "Pragma": [
          "no-cache"
        ],
        "x-ms-ratelimit-remaining-subscription-writes": [
          "1199"
        ],
        "x-ms-request-id": [
          "2ade30db-e91f-445c-8624-e39930906930"
        ],
        "x-ms-correlation-request-id": [
          "2ade30db-e91f-445c-8624-e39930906930"
        ],
        "x-ms-routing-request-id": [
          "JIOINDIACENTRAL:20210921T085331Z:2ade30db-e91f-445c-8624-e39930906930"
        ],
        "Strict-Transport-Security": [
          "max-age=31536000; includeSubDomains"
        ],
        "X-Content-Type-Options": [
          "nosniff"
        ],
        "Date": [
          "Tue, 21 Sep 2021 08:53:31 GMT"
        ],
        "Content-Length": [
          "196"
        ],
        "Content-Type": [
          "application/json; charset=utf-8"
        ],
        "Expires": [
          "-1"
        ]
      },
      "ResponseBody": "{\r\n  \"id\": \"/subscriptions/da364f0f-307b-41c9-9d47-b7413ec45535/resourceGroups/PSTestRG249df44924\",\r\n  \"name\": \"PSTestRG249df44924\",\r\n  \"location\": \"centraluseuap\",\r\n  \"properties\": {\r\n    \"provisioningState\": \"Succeeded\"\r\n  }\r\n}",
      "StatusCode": 201
    },
    {
      "RequestUri": "/subscriptions/da364f0f-307b-41c9-9d47-b7413ec45535/resourceGroups/PSTestRG249df44924/providers/Microsoft.RecoveryServices/vaults/PSTestRSV249df449?api-version=2021-06-01",
      "EncodedRequestUri": "L3N1YnNjcmlwdGlvbnMvZGEzNjRmMGYtMzA3Yi00MWM5LTlkNDctYjc0MTNlYzQ1NTM1L3Jlc291cmNlR3JvdXBzL1BTVGVzdFJHMjQ5ZGY0NDkyNC9wcm92aWRlcnMvTWljcm9zb2Z0LlJlY292ZXJ5U2VydmljZXMvdmF1bHRzL1BTVGVzdFJTVjI0OWRmNDQ5P2FwaS12ZXJzaW9uPTIwMjEtMDYtMDE=",
      "RequestMethod": "GET",
      "RequestBody": "",
      "RequestHeaders": {
        "x-ms-client-request-id": [
          "79f7a1de-a2d5-46cb-a895-9eb33b4f6ab8"
        ],
        "Accept-Language": [
          "en-US"
        ],
        "User-Agent": [
          "FxVersion/4.6.29719.03",
          "OSName/Windows",
          "OSVersion/Microsoft.Windows.10.0.18363.",
          "Microsoft.Azure.Management.RecoveryServices.RecoveryServicesClient/4.3.2.0"
        ]
      },
      "ResponseHeaders": {
        "Cache-Control": [
          "no-cache"
        ],
        "Pragma": [
          "no-cache"
        ],
        "x-ms-failure-cause": [
          "gateway"
        ],
        "x-ms-request-id": [
          "3686fb43-2ef0-4b46-8005-31092255239c"
        ],
        "x-ms-correlation-request-id": [
          "3686fb43-2ef0-4b46-8005-31092255239c"
        ],
        "x-ms-routing-request-id": [
          "JIOINDIACENTRAL:20210921T085334Z:3686fb43-2ef0-4b46-8005-31092255239c"
        ],
        "Strict-Transport-Security": [
          "max-age=31536000; includeSubDomains"
        ],
        "X-Content-Type-Options": [
          "nosniff"
        ],
        "Date": [
          "Tue, 21 Sep 2021 08:53:33 GMT"
        ],
        "Content-Type": [
          "application/json; charset=utf-8"
        ],
        "Expires": [
          "-1"
        ],
        "Content-Length": [
          "241"
        ]
      },
      "ResponseBody": "{\r\n  \"error\": {\r\n    \"code\": \"ResourceNotFound\",\r\n    \"message\": \"The Resource 'Microsoft.RecoveryServices/vaults/PSTestRSV249df449' under resource group 'PSTestRG249df44924' was not found. For more details please go to https://aka.ms/ARMResourceNotFoundFix\"\r\n  }\r\n}",
      "StatusCode": 404
    },
    {
      "RequestUri": "/subscriptions/da364f0f-307b-41c9-9d47-b7413ec45535/resourceGroups/PSTestRG249df44924/providers/Microsoft.RecoveryServices/vaults/PSTestRSV249df449?api-version=2021-06-01",
      "EncodedRequestUri": "L3N1YnNjcmlwdGlvbnMvZGEzNjRmMGYtMzA3Yi00MWM5LTlkNDctYjc0MTNlYzQ1NTM1L3Jlc291cmNlR3JvdXBzL1BTVGVzdFJHMjQ5ZGY0NDkyNC9wcm92aWRlcnMvTWljcm9zb2Z0LlJlY292ZXJ5U2VydmljZXMvdmF1bHRzL1BTVGVzdFJTVjI0OWRmNDQ5P2FwaS12ZXJzaW9uPTIwMjEtMDYtMDE=",
      "RequestMethod": "PUT",
      "RequestBody": "{\r\n  \"properties\": {},\r\n  \"sku\": {\r\n    \"name\": \"Standard\"\r\n  },\r\n  \"location\": \"centraluseuap\"\r\n}",
      "RequestHeaders": {
        "x-ms-client-request-id": [
          "47ce261d-fe4b-4177-8c50-7cb652b8d890"
        ],
        "Accept-Language": [
          "en-US"
        ],
        "User-Agent": [
          "FxVersion/4.6.29719.03",
          "OSName/Windows",
          "OSVersion/Microsoft.Windows.10.0.18363.",
          "Microsoft.Azure.Management.RecoveryServices.RecoveryServicesClient/4.3.2.0"
        ],
        "Content-Type": [
          "application/json; charset=utf-8"
        ],
        "Content-Length": [
          "98"
        ]
      },
      "ResponseHeaders": {
        "Cache-Control": [
          "no-cache"
        ],
        "Pragma": [
          "no-cache"
        ],
        "X-Content-Type-Options": [
          "nosniff"
        ],
        "x-ms-request-id": [
          "f4566d5a-e2e6-4675-916d-0fe34eb06a46"
        ],
        "x-ms-client-request-id": [
          "47ce261d-fe4b-4177-8c50-7cb652b8d890"
        ],
        "Strict-Transport-Security": [
          "max-age=31536000; includeSubDomains"
        ],
        "Server": [
          "Microsoft-IIS/10.0"
        ],
        "x-ms-ratelimit-remaining-subscription-resource-requests": [
          "209"
        ],
        "x-ms-correlation-request-id": [
          "f4566d5a-e2e6-4675-916d-0fe34eb06a46"
        ],
        "x-ms-routing-request-id": [
          "JIOINDIACENTRAL:20210921T085346Z:f4566d5a-e2e6-4675-916d-0fe34eb06a46"
        ],
        "Date": [
          "Tue, 21 Sep 2021 08:53:46 GMT"
        ],
        "Content-Length": [
          "468"
        ],
        "Content-Type": [
          "application/json"
        ],
        "Expires": [
          "-1"
        ]
      },
      "ResponseBody": "{\r\n  \"location\": \"centraluseuap\",\r\n  \"name\": \"PSTestRSV249df449\",\r\n  \"etag\": \"W/\\\"datetime'2021-09-21T08%3A53%3A44.8405069Z'\\\"\",\r\n  \"properties\": {\r\n    \"provisioningState\": \"Succeeded\",\r\n    \"privateEndpointStateForBackup\": \"None\",\r\n    \"privateEndpointStateForSiteRecovery\": \"None\"\r\n  },\r\n  \"id\": \"/subscriptions/da364f0f-307b-41c9-9d47-b7413ec45535/resourceGroups/PSTestRG249df44924/providers/Microsoft.RecoveryServices/vaults/PSTestRSV249df449\",\r\n  \"type\": \"Microsoft.RecoveryServices/vaults\",\r\n  \"sku\": {\r\n    \"name\": \"Standard\"\r\n  }\r\n}",
      "StatusCode": 201
    },
    {
      "RequestUri": "/subscriptions/da364f0f-307b-41c9-9d47-b7413ec45535/resourceGroups/PSTestRG249df44924/providers/Microsoft.RecoveryServices/vaults/PSTestRSV249df449/backupstorageconfig/vaultstorageconfig?api-version=2018-12-20",
      "EncodedRequestUri": "L3N1YnNjcmlwdGlvbnMvZGEzNjRmMGYtMzA3Yi00MWM5LTlkNDctYjc0MTNlYzQ1NTM1L3Jlc291cmNlR3JvdXBzL1BTVGVzdFJHMjQ5ZGY0NDkyNC9wcm92aWRlcnMvTWljcm9zb2Z0LlJlY292ZXJ5U2VydmljZXMvdmF1bHRzL1BTVGVzdFJTVjI0OWRmNDQ5L2JhY2t1cHN0b3JhZ2Vjb25maWcvdmF1bHRzdG9yYWdlY29uZmlnP2FwaS12ZXJzaW9uPTIwMTgtMTItMjA=",
      "RequestMethod": "PATCH",
      "RequestBody": "{\r\n  \"properties\": {\r\n    \"crossRegionRestoreFlag\": true\r\n  }\r\n}",
      "RequestHeaders": {
        "x-ms-client-request-id": [
          "c4f42b49-20d9-4abf-8651-a681ebedb7f8"
        ],
        "Accept-Language": [
          "en-US"
        ],
        "User-Agent": [
          "FxVersion/4.6.29719.03",
          "OSName/Windows",
          "OSVersion/Microsoft.Windows.10.0.18363.",
          "Microsoft.Azure.Management.RecoveryServices.Backup.RecoveryServicesBackupClient/4.1.9.0"
        ],
        "Content-Type": [
          "application/json; charset=utf-8"
        ],
        "Content-Length": [
          "64"
        ]
      },
      "ResponseHeaders": {
        "Cache-Control": [
          "no-cache"
        ],
        "Pragma": [
          "no-cache"
        ],
        "X-Content-Type-Options": [
          "nosniff"
        ],
        "x-ms-request-id": [
          "69176d83-1243-460e-be01-bae809aa871b"
        ],
        "x-ms-client-request-id": [
          "c4f42b49-20d9-4abf-8651-a681ebedb7f8",
          "c4f42b49-20d9-4abf-8651-a681ebedb7f8"
        ],
        "Strict-Transport-Security": [
          "max-age=31536000; includeSubDomains"
        ],
        "X-Powered-By": [
          "ASP.NET"
        ],
        "x-ms-ratelimit-remaining-subscription-writes": [
          "1199"
        ],
        "x-ms-correlation-request-id": [
          "69176d83-1243-460e-be01-bae809aa871b"
        ],
        "x-ms-routing-request-id": [
          "JIOINDIACENTRAL:20210921T085417Z:69176d83-1243-460e-be01-bae809aa871b"
        ],
        "Date": [
          "Tue, 21 Sep 2021 08:54:16 GMT"
        ],
        "Expires": [
          "-1"
        ]
      },
      "ResponseBody": "",
      "StatusCode": 204
    },
    {
      "RequestUri": "/subscriptions/da364f0f-307b-41c9-9d47-b7413ec45535/resourceGroups/PSTestRG249df44924/providers/Microsoft.RecoveryServices/vaults/PSTestRSV249df449/backupstorageconfig/vaultstorageconfig?api-version=2018-12-20",
      "EncodedRequestUri": "L3N1YnNjcmlwdGlvbnMvZGEzNjRmMGYtMzA3Yi00MWM5LTlkNDctYjc0MTNlYzQ1NTM1L3Jlc291cmNlR3JvdXBzL1BTVGVzdFJHMjQ5ZGY0NDkyNC9wcm92aWRlcnMvTWljcm9zb2Z0LlJlY292ZXJ5U2VydmljZXMvdmF1bHRzL1BTVGVzdFJTVjI0OWRmNDQ5L2JhY2t1cHN0b3JhZ2Vjb25maWcvdmF1bHRzdG9yYWdlY29uZmlnP2FwaS12ZXJzaW9uPTIwMTgtMTItMjA=",
      "RequestMethod": "GET",
      "RequestBody": "",
      "RequestHeaders": {
        "x-ms-client-request-id": [
          "9d821202-803b-49f4-ab1c-f2c7e80e1f58"
        ],
        "Accept-Language": [
          "en-US"
        ],
        "User-Agent": [
          "FxVersion/4.6.29719.03",
          "OSName/Windows",
          "OSVersion/Microsoft.Windows.10.0.18363.",
          "Microsoft.Azure.Management.RecoveryServices.Backup.RecoveryServicesBackupClient/4.1.9.0"
        ]
      },
      "ResponseHeaders": {
        "Cache-Control": [
          "no-cache"
        ],
        "Pragma": [
          "no-cache"
        ],
        "X-Content-Type-Options": [
          "nosniff"
        ],
        "x-ms-request-id": [
          "0cc07db5-de48-46f3-afb1-c1eda417ab43"
        ],
        "x-ms-client-request-id": [
          "9d821202-803b-49f4-ab1c-f2c7e80e1f58",
          "9d821202-803b-49f4-ab1c-f2c7e80e1f58"
        ],
        "Strict-Transport-Security": [
          "max-age=31536000; includeSubDomains"
        ],
        "Server": [
          "Microsoft-IIS/10.0"
        ],
        "X-Powered-By": [
          "ASP.NET"
        ],
        "x-ms-ratelimit-remaining-subscription-resource-requests": [
          "149"
        ],
        "x-ms-correlation-request-id": [
          "0cc07db5-de48-46f3-afb1-c1eda417ab43"
        ],
        "x-ms-routing-request-id": [
          "JIOINDIACENTRAL:20210921T085436Z:0cc07db5-de48-46f3-afb1-c1eda417ab43"
        ],
        "Date": [
          "Tue, 21 Sep 2021 08:54:36 GMT"
        ],
        "Content-Length": [
          "472"
        ],
        "Content-Type": [
          "application/json"
        ],
        "Expires": [
          "-1"
        ]
      },
      "ResponseBody": "{\r\n  \"id\": \"/subscriptions/da364f0f-307b-41c9-9d47-b7413ec45535/resourceGroups/PSTestRG249df44924/providers/Microsoft.RecoveryServices/vaults/PSTestRSV249df449/backupstorageconfig/vaultstorageconfig\",\r\n  \"name\": \"vaultstorageconfig\",\r\n  \"type\": \"Microsoft.RecoveryServices/vaults/backupstorageconfig\",\r\n  \"properties\": {\r\n    \"storageModelType\": \"GeoRedundant\",\r\n    \"storageType\": \"GeoRedundant\",\r\n    \"dedupState\": \"Disabled\",\r\n    \"xcoolState\": \"Disabled\",\r\n    \"storageTypeState\": \"Unlocked\",\r\n    \"crossRegionRestoreFlag\": true\r\n  }\r\n}",
      "StatusCode": 200
    },
    {
      "RequestUri": "/subscriptions/da364f0f-307b-41c9-9d47-b7413ec45535/resourceGroups/PSTestRG249df44924/providers/Microsoft.RecoveryServices/vaults?api-version=2021-06-01",
      "EncodedRequestUri": "L3N1YnNjcmlwdGlvbnMvZGEzNjRmMGYtMzA3Yi00MWM5LTlkNDctYjc0MTNlYzQ1NTM1L3Jlc291cmNlR3JvdXBzL1BTVGVzdFJHMjQ5ZGY0NDkyNC9wcm92aWRlcnMvTWljcm9zb2Z0LlJlY292ZXJ5U2VydmljZXMvdmF1bHRzP2FwaS12ZXJzaW9uPTIwMjEtMDYtMDE=",
      "RequestMethod": "GET",
      "RequestBody": "",
      "RequestHeaders": {
        "x-ms-client-request-id": [
          "d2da4024-ad4a-4d2b-8cf1-a8cc184ade30"
        ],
        "Accept-Language": [
          "en-US"
        ],
        "User-Agent": [
          "FxVersion/4.6.29719.03",
          "OSName/Windows",
          "OSVersion/Microsoft.Windows.10.0.18363.",
          "Microsoft.Azure.Management.RecoveryServices.RecoveryServicesClient/4.3.2.0"
        ]
      },
      "ResponseHeaders": {
        "Cache-Control": [
          "no-cache"
        ],
        "Pragma": [
          "no-cache"
        ],
        "X-Content-Type-Options": [
          "nosniff"
        ],
        "x-ms-request-id": [
          "d5091a28-8d49-4f8c-ad57-716dd5a823c6"
        ],
        "x-ms-client-request-id": [
          "d2da4024-ad4a-4d2b-8cf1-a8cc184ade30"
        ],
        "Strict-Transport-Security": [
          "max-age=31536000; includeSubDomains"
        ],
        "Server": [
          "Microsoft-IIS/10.0"
        ],
        "x-ms-ratelimit-remaining-subscription-reads": [
          "11996"
        ],
        "x-ms-correlation-request-id": [
          "d5091a28-8d49-4f8c-ad57-716dd5a823c6"
        ],
        "x-ms-routing-request-id": [
          "JIOINDIACENTRAL:20210921T085438Z:d5091a28-8d49-4f8c-ad57-716dd5a823c6"
        ],
        "Date": [
          "Tue, 21 Sep 2021 08:54:38 GMT"
        ],
        "Content-Length": [
          "480"
        ],
        "Content-Type": [
          "application/json"
        ],
        "Expires": [
          "-1"
        ]
      },
      "ResponseBody": "{\r\n  \"value\": [\r\n    {\r\n      \"location\": \"centraluseuap\",\r\n      \"name\": \"PSTestRSV249df449\",\r\n      \"etag\": \"W/\\\"datetime'2021-09-21T08%3A53%3A44.8405069Z'\\\"\",\r\n      \"properties\": {\r\n        \"provisioningState\": \"Succeeded\",\r\n        \"privateEndpointStateForBackup\": \"None\",\r\n        \"privateEndpointStateForSiteRecovery\": \"None\"\r\n      },\r\n      \"id\": \"/subscriptions/da364f0f-307b-41c9-9d47-b7413ec45535/resourceGroups/PSTestRG249df44924/providers/Microsoft.RecoveryServices/vaults/PSTestRSV249df449\",\r\n      \"type\": \"Microsoft.RecoveryServices/vaults\",\r\n      \"sku\": {\r\n        \"name\": \"Standard\"\r\n      }\r\n    }\r\n  ]\r\n}",
      "StatusCode": 200
    },
    {
      "RequestUri": "/subscriptions/da364f0f-307b-41c9-9d47-b7413ec45535/resourceGroups/PSTestRG249df44924/providers/Microsoft.RecoveryServices/vaults/PSTestRSV249df449/backupProtectionContainers?$filter=backupManagementType%20eq%20'AzureIaasVM'%20and%20status%20eq%20'Registered'&api-version=2021-06-01",
      "EncodedRequestUri": "L3N1YnNjcmlwdGlvbnMvZGEzNjRmMGYtMzA3Yi00MWM5LTlkNDctYjc0MTNlYzQ1NTM1L3Jlc291cmNlR3JvdXBzL1BTVGVzdFJHMjQ5ZGY0NDkyNC9wcm92aWRlcnMvTWljcm9zb2Z0LlJlY292ZXJ5U2VydmljZXMvdmF1bHRzL1BTVGVzdFJTVjI0OWRmNDQ5L2JhY2t1cFByb3RlY3Rpb25Db250YWluZXJzPyRmaWx0ZXI9YmFja3VwTWFuYWdlbWVudFR5cGUlMjBlcSUyMCdBenVyZUlhYXNWTSclMjBhbmQlMjBzdGF0dXMlMjBlcSUyMCdSZWdpc3RlcmVkJyZhcGktdmVyc2lvbj0yMDIxLTA2LTAx",
      "RequestMethod": "GET",
      "RequestBody": "",
      "RequestHeaders": {
        "x-ms-client-request-id": [
          "ff81a5c5-52dd-4cee-b59f-f691baf7a678"
        ],
        "Accept-Language": [
          "en-US"
        ],
        "User-Agent": [
          "FxVersion/4.6.29719.03",
          "OSName/Windows",
          "OSVersion/Microsoft.Windows.10.0.18363.",
          "Microsoft.Azure.Management.RecoveryServices.Backup.RecoveryServicesBackupClient/4.1.9.0"
        ]
      },
      "ResponseHeaders": {
        "Cache-Control": [
          "no-cache"
        ],
        "Pragma": [
          "no-cache"
        ],
        "X-Content-Type-Options": [
          "nosniff"
        ],
        "x-ms-request-id": [
          "dace1fea-dd5a-44b4-862e-46e82cc0d75d"
        ],
        "x-ms-client-request-id": [
          "ff81a5c5-52dd-4cee-b59f-f691baf7a678",
          "ff81a5c5-52dd-4cee-b59f-f691baf7a678"
        ],
        "Strict-Transport-Security": [
          "max-age=31536000; includeSubDomains"
        ],
        "Server": [
          "Microsoft-IIS/10.0"
        ],
        "X-Powered-By": [
          "ASP.NET"
        ],
        "x-ms-ratelimit-remaining-subscription-resource-requests": [
          "149"
        ],
        "x-ms-correlation-request-id": [
          "dace1fea-dd5a-44b4-862e-46e82cc0d75d"
        ],
        "x-ms-routing-request-id": [
          "JIOINDIACENTRAL:20210921T085440Z:dace1fea-dd5a-44b4-862e-46e82cc0d75d"
        ],
        "Date": [
          "Tue, 21 Sep 2021 08:54:39 GMT"
        ],
        "Content-Length": [
          "12"
        ],
        "Content-Type": [
          "application/json"
        ],
        "Expires": [
          "-1"
        ]
      },
      "ResponseBody": "{\r\n  \"value\": []\r\n}",
      "StatusCode": 200
    },
    {
      "RequestUri": "/subscriptions/da364f0f-307b-41c9-9d47-b7413ec45535/resourceGroups/PSTestRG249df44924/providers/Microsoft.RecoveryServices/vaults/PSTestRSV249df449?api-version=2021-06-01",
      "EncodedRequestUri": "L3N1YnNjcmlwdGlvbnMvZGEzNjRmMGYtMzA3Yi00MWM5LTlkNDctYjc0MTNlYzQ1NTM1L3Jlc291cmNlR3JvdXBzL1BTVGVzdFJHMjQ5ZGY0NDkyNC9wcm92aWRlcnMvTWljcm9zb2Z0LlJlY292ZXJ5U2VydmljZXMvdmF1bHRzL1BTVGVzdFJTVjI0OWRmNDQ5P2FwaS12ZXJzaW9uPTIwMjEtMDYtMDE=",
      "RequestMethod": "DELETE",
      "RequestBody": "",
      "RequestHeaders": {
        "x-ms-client-request-id": [
          "cf08b06a-a7cc-4af7-b31f-663183075df5"
        ],
        "Accept-Language": [
          "en-US"
        ],
        "User-Agent": [
          "FxVersion/4.6.29719.03",
          "OSName/Windows",
          "OSVersion/Microsoft.Windows.10.0.18363.",
          "Microsoft.Azure.Management.RecoveryServices.RecoveryServicesClient/4.3.2.0"
        ]
      },
      "ResponseHeaders": {
        "Cache-Control": [
          "no-cache"
        ],
        "Pragma": [
          "no-cache"
        ],
        "X-Content-Type-Options": [
          "nosniff"
        ],
        "x-ms-request-id": [
          "d066c772-fa3e-4409-bd75-82d72025e632"
        ],
        "x-ms-client-request-id": [
          "cf08b06a-a7cc-4af7-b31f-663183075df5"
        ],
        "Strict-Transport-Security": [
          "max-age=31536000; includeSubDomains"
        ],
        "x-ms-ratelimit-remaining-subscription-resource-requests": [
          "9"
        ],
        "x-ms-correlation-request-id": [
          "d066c772-fa3e-4409-bd75-82d72025e632"
        ],
        "x-ms-routing-request-id": [
          "JIOINDIACENTRAL:20210921T085449Z:d066c772-fa3e-4409-bd75-82d72025e632"
        ],
        "Date": [
          "Tue, 21 Sep 2021 08:54:48 GMT"
        ],
        "Expires": [
          "-1"
        ],
        "Content-Length": [
          "0"
        ]
      },
      "ResponseBody": "",
      "StatusCode": 200
    },
    {
      "RequestUri": "/subscriptions/da364f0f-307b-41c9-9d47-b7413ec45535/resourcegroups/PSTestRG249df44924?api-version=2016-09-01",
      "EncodedRequestUri": "L3N1YnNjcmlwdGlvbnMvZGEzNjRmMGYtMzA3Yi00MWM5LTlkNDctYjc0MTNlYzQ1NTM1L3Jlc291cmNlZ3JvdXBzL1BTVGVzdFJHMjQ5ZGY0NDkyND9hcGktdmVyc2lvbj0yMDE2LTA5LTAx",
      "RequestMethod": "DELETE",
      "RequestBody": "",
      "RequestHeaders": {
        "x-ms-client-request-id": [
          "58f97934-11a4-4fe0-b880-f45785f9ec1b"
        ],
        "Accept-Language": [
          "en-US"
        ],
        "User-Agent": [
          "FxVersion/4.6.29719.03",
          "OSName/Windows",
          "OSVersion/Microsoft.Windows.10.0.18363.",
          "Microsoft.Azure.Management.Internal.Resources.ResourceManagementClient/1.3.45"
        ]
      },
      "ResponseHeaders": {
        "Cache-Control": [
          "no-cache"
        ],
        "Pragma": [
          "no-cache"
        ],
        "Location": [
          "https://management.azure.com/subscriptions/da364f0f-307b-41c9-9d47-b7413ec45535/operationresults/eyJqb2JJZCI6IlJFU09VUkNFR1JPVVBERUxFVElPTkpPQi1QU1RFU1RSRzI0OURGNDQ5MjQtQ0VOVFJBTFVTRVVBUCIsImpvYkxvY2F0aW9uIjoiY2VudHJhbHVzZXVhcCJ9?api-version=2016-09-01"
        ],
        "Retry-After": [
          "15"
        ],
        "x-ms-ratelimit-remaining-subscription-deletes": [
          "14999"
        ],
        "x-ms-request-id": [
          "3fb2a3dc-2b37-4320-87b0-3fc700c6c8cb"
        ],
        "x-ms-correlation-request-id": [
          "3fb2a3dc-2b37-4320-87b0-3fc700c6c8cb"
        ],
        "x-ms-routing-request-id": [
          "JIOINDIACENTRAL:20210921T085454Z:3fb2a3dc-2b37-4320-87b0-3fc700c6c8cb"
        ],
        "Strict-Transport-Security": [
          "max-age=31536000; includeSubDomains"
        ],
        "X-Content-Type-Options": [
          "nosniff"
        ],
        "Date": [
          "Tue, 21 Sep 2021 08:54:53 GMT"
        ],
        "Expires": [
          "-1"
        ],
        "Content-Length": [
          "0"
        ]
      },
      "ResponseBody": "",
      "StatusCode": 202
    },
    {
      "RequestUri": "/subscriptions/da364f0f-307b-41c9-9d47-b7413ec45535/operationresults/eyJqb2JJZCI6IlJFU09VUkNFR1JPVVBERUxFVElPTkpPQi1QU1RFU1RSRzI0OURGNDQ5MjQtQ0VOVFJBTFVTRVVBUCIsImpvYkxvY2F0aW9uIjoiY2VudHJhbHVzZXVhcCJ9?api-version=2016-09-01",
      "EncodedRequestUri": "L3N1YnNjcmlwdGlvbnMvZGEzNjRmMGYtMzA3Yi00MWM5LTlkNDctYjc0MTNlYzQ1NTM1L29wZXJhdGlvbnJlc3VsdHMvZXlKcWIySkpaQ0k2SWxKRlUwOVZVa05GUjFKUFZWQkVSVXhGVkVsUFRrcFBRaTFRVTFSRlUxUlNSekkwT1VSR05EUTVNalF0UTBWT1ZGSkJURlZUUlZWQlVDSXNJbXB2WWt4dlkyRjBhVzl1SWpvaVkyVnVkSEpoYkhWelpYVmhjQ0o5P2FwaS12ZXJzaW9uPTIwMTYtMDktMDE=",
      "RequestMethod": "GET",
      "RequestBody": "",
      "RequestHeaders": {
        "User-Agent": [
          "FxVersion/4.6.29719.03",
          "OSName/Windows",
          "OSVersion/Microsoft.Windows.10.0.18363.",
          "Microsoft.Azure.Management.Internal.Resources.ResourceManagementClient/1.3.45"
        ]
      },
      "ResponseHeaders": {
        "Cache-Control": [
          "no-cache"
        ],
        "Pragma": [
          "no-cache"
        ],
        "x-ms-ratelimit-remaining-subscription-reads": [
          "11996"
        ],
        "x-ms-request-id": [
          "31af9559-59a0-405b-8ea0-36f3f7fc0e36"
        ],
        "x-ms-correlation-request-id": [
          "31af9559-59a0-405b-8ea0-36f3f7fc0e36"
        ],
        "x-ms-routing-request-id": [
          "JIOINDIACENTRAL:20210921T085509Z:31af9559-59a0-405b-8ea0-36f3f7fc0e36"
        ],
        "Strict-Transport-Security": [
          "max-age=31536000; includeSubDomains"
        ],
        "X-Content-Type-Options": [
          "nosniff"
        ],
        "Date": [
          "Tue, 21 Sep 2021 08:55:09 GMT"
        ],
        "Expires": [
          "-1"
        ],
        "Content-Length": [
          "0"
        ]
      },
      "ResponseBody": "",
      "StatusCode": 200
    },
    {
      "RequestUri": "/subscriptions/da364f0f-307b-41c9-9d47-b7413ec45535/operationresults/eyJqb2JJZCI6IlJFU09VUkNFR1JPVVBERUxFVElPTkpPQi1QU1RFU1RSRzI0OURGNDQ5MjQtQ0VOVFJBTFVTRVVBUCIsImpvYkxvY2F0aW9uIjoiY2VudHJhbHVzZXVhcCJ9?api-version=2016-09-01",
      "EncodedRequestUri": "L3N1YnNjcmlwdGlvbnMvZGEzNjRmMGYtMzA3Yi00MWM5LTlkNDctYjc0MTNlYzQ1NTM1L29wZXJhdGlvbnJlc3VsdHMvZXlKcWIySkpaQ0k2SWxKRlUwOVZVa05GUjFKUFZWQkVSVXhGVkVsUFRrcFBRaTFRVTFSRlUxUlNSekkwT1VSR05EUTVNalF0UTBWT1ZGSkJURlZUUlZWQlVDSXNJbXB2WWt4dlkyRjBhVzl1SWpvaVkyVnVkSEpoYkhWelpYVmhjQ0o5P2FwaS12ZXJzaW9uPTIwMTYtMDktMDE=",
      "RequestMethod": "GET",
      "RequestBody": "",
      "RequestHeaders": {
        "User-Agent": [
          "FxVersion/4.6.29719.03",
          "OSName/Windows",
          "OSVersion/Microsoft.Windows.10.0.18363.",
          "Microsoft.Azure.Management.Internal.Resources.ResourceManagementClient/1.3.45"
        ]
      },
      "ResponseHeaders": {
        "Cache-Control": [
          "no-cache"
        ],
        "Pragma": [
          "no-cache"
        ],
        "x-ms-ratelimit-remaining-subscription-reads": [
          "11995"
        ],
        "x-ms-request-id": [
          "70cf7369-4c17-4e79-a672-185b134034b7"
        ],
        "x-ms-correlation-request-id": [
          "70cf7369-4c17-4e79-a672-185b134034b7"
        ],
        "x-ms-routing-request-id": [
          "JIOINDIACENTRAL:20210921T085510Z:70cf7369-4c17-4e79-a672-185b134034b7"
        ],
        "Strict-Transport-Security": [
          "max-age=31536000; includeSubDomains"
        ],
        "X-Content-Type-Options": [
          "nosniff"
        ],
        "Date": [
          "Tue, 21 Sep 2021 08:55:09 GMT"
        ],
        "Expires": [
          "-1"
        ],
        "Content-Length": [
          "0"
        ]
      },
      "ResponseBody": "",
      "StatusCode": 200
    }
  ],
  "Names": {},
  "Variables": {
    "SubscriptionId": "da364f0f-307b-41c9-9d47-b7413ec45535",
    "NamingSuffix": "249df449-7076-44d8-8d41-b53c70abd765"
  }
}