{
  "Entries": [
    {
      "RequestUri": "/subscriptions/38304e13-357e-405e-9e9a-220351dcce8c/resourceGroups/afs-pstest-rg/providers/Microsoft.RecoveryServices/vaults/afs-pstest-vault?api-version=2024-04-01",
      "EncodedRequestUri": "L3N1YnNjcmlwdGlvbnMvMzgzMDRlMTMtMzU3ZS00MDVlLTllOWEtMjIwMzUxZGNjZThjL3Jlc291cmNlR3JvdXBzL2Fmcy1wc3Rlc3QtcmcvcHJvdmlkZXJzL01pY3Jvc29mdC5SZWNvdmVyeVNlcnZpY2VzL3ZhdWx0cy9hZnMtcHN0ZXN0LXZhdWx0P2FwaS12ZXJzaW9uPTIwMjQtMDQtMDE=",
      "RequestMethod": "GET",
      "RequestHeaders": {
        "Accept-Language": [
          "en-US"
        ],
        "x-ms-client-request-id": [
          "787cce88-5446-48db-9088-83d9af16809c"
        ],
        "User-Agent": [
          "FxVersion/8.0.1525.16413",
          "OSName/Windows",
          "OSVersion/Microsoft.Windows.10.0.26100",
          "Microsoft.Azure.Management.RecoveryServices.RecoveryServicesClient/7.7.0"
        ]
      },
      "RequestBody": "",
      "ResponseHeaders": {
        "Cache-Control": [
          "no-cache"
        ],
        "Pragma": [
          "no-cache"
        ],
        "x-ms-ratelimit-remaining-subscription-reads": [
          "1099"
        ],
        "X-Content-Type-Options": [
          "nosniff"
        ],
        "x-ms-request-id": [
          "c02a1411-ac4d-4dd0-b60d-0817e1ca4758"
        ],
        "x-ms-client-request-id": [
          "787cce88-5446-48db-9088-83d9af16809c"
        ],
        "x-ms-ratelimit-remaining-subscription-global-reads": [
          "16499"
        ],
        "x-ms-correlation-request-id": [
          "c02a1411-ac4d-4dd0-b60d-0817e1ca4758"
        ],
        "x-ms-routing-request-id": [
          "SOUTHINDIA:20250506T161103Z:c02a1411-ac4d-4dd0-b60d-0817e1ca4758"
        ],
        "Strict-Transport-Security": [
          "max-age=31536000; includeSubDomains"
        ],
        "X-Cache": [
          "CONFIG_NOCACHE"
        ],
        "X-MSEdge-Ref": [
          "Ref A: B1917F13E04A4B6C9F8AAC1A7F62F8E5 Ref B: MAA201060513031 Ref C: 2025-05-06T16:11:03Z"
        ],
        "Date": [
          "Tue, 06 May 2025 16:11:02 GMT"
        ],
        "Content-Length": [
          "1040"
        ],
        "Content-Type": [
          "application/json; charset=utf-8"
        ],
        "Expires": [
          "-1"
        ]
      },
      "ResponseBody": "{\r\n  \"location\": \"eastasia\",\r\n  \"name\": \"afs-pstest-vault\",\r\n  \"etag\": \"W/\\\"datetime'2025-05-06T15%3A01%3A50.8148497Z'\\\"\",\r\n  \"tags\": {\r\n    \"MABUsed\": \"yes\",\r\n    \"Owner\": \"hiaga\",\r\n    \"Purpose\": \"testing\",\r\n    \"DeleteBy\": \"01-2099\"\r\n  },\r\n  \"properties\": {\r\n    \"provisioningState\": \"Succeeded\",\r\n    \"privateEndpointStateForBackup\": \"None\",\r\n    \"privateEndpointStateForSiteRecovery\": \"None\",\r\n    \"backupStorageVersion\": \"V2\",\r\n    \"securitySettings\": {\r\n      \"softDeleteSettings\": {\r\n        \"softDeleteRetentionPeriodInDays\": 0,\r\n        \"softDeleteState\": \"Disabled\",\r\n        \"enhancedSecurityState\": \"Disabled\"\r\n      },\r\n      \"multiUserAuthorization\": \"Disabled\"\r\n    },\r\n    \"redundancySettings\": {\r\n      \"standardTierStorageRedundancy\": \"GeoRedundant\",\r\n      \"crossRegionRestore\": \"Disabled\"\r\n    },\r\n    \"secureScore\": \"None\",\r\n    \"bcdrSecurityLevel\": \"Poor\",\r\n    \"publicNetworkAccess\": \"Enabled\",\r\n    \"restoreSettings\": {\r\n      \"crossSubscriptionRestoreSettings\": {\r\n        \"crossSubscriptionRestoreState\": \"Enabled\"\r\n      }\r\n    }\r\n  },\r\n  \"id\": \"/subscriptions/38304e13-357e-405e-9e9a-220351dcce8c/resourceGroups/afs-pstest-rg/providers/Microsoft.RecoveryServices/vaults/afs-pstest-vault\",\r\n  \"type\": \"Microsoft.RecoveryServices/vaults\",\r\n  \"sku\": {\r\n    \"name\": \"RS0\",\r\n    \"tier\": \"Standard\"\r\n  }\r\n}",
      "StatusCode": 200
    },
    {
      "RequestUri": "/subscriptions/38304e13-357e-405e-9e9a-220351dcce8c/resourceGroups/afs-pstest-rg/providers/Microsoft.RecoveryServices/vaults/afs-pstest-vault/backupProtectionContainers?$filter=friendlyName%20eq%20'afspstestsa'%20and%20backupManagementType%20eq%20'AzureStorage'&api-version=2025-02-01",
      "EncodedRequestUri": "L3N1YnNjcmlwdGlvbnMvMzgzMDRlMTMtMzU3ZS00MDVlLTllOWEtMjIwMzUxZGNjZThjL3Jlc291cmNlR3JvdXBzL2Fmcy1wc3Rlc3QtcmcvcHJvdmlkZXJzL01pY3Jvc29mdC5SZWNvdmVyeVNlcnZpY2VzL3ZhdWx0cy9hZnMtcHN0ZXN0LXZhdWx0L2JhY2t1cFByb3RlY3Rpb25Db250YWluZXJzPyRmaWx0ZXI9ZnJpZW5kbHlOYW1lJTIwZXElMjAnYWZzcHN0ZXN0c2EnJTIwYW5kJTIwYmFja3VwTWFuYWdlbWVudFR5cGUlMjBlcSUyMCdBenVyZVN0b3JhZ2UnJmFwaS12ZXJzaW9uPTIwMjUtMDItMDE=",
      "RequestMethod": "GET",
      "RequestHeaders": {
        "Accept-Language": [
          "en-US"
        ],
        "x-ms-client-request-id": [
          "4067ab20-5a33-484d-a5ca-9b9d732ab578"
        ],
        "User-Agent": [
          "FxVersion/8.0.1525.16413",
          "OSName/Windows",
          "OSVersion/Microsoft.Windows.10.0.26100",
          "Microsoft.Azure.Management.RecoveryServices.Backup.RecoveryServicesBackupClient/7.7.0"
        ]
      },
      "RequestBody": "",
      "ResponseHeaders": {
        "Cache-Control": [
          "no-cache"
        ],
        "Pragma": [
          "no-cache"
        ],
        "X-Content-Type-Options": [
          "nosniff"
        ],
        "x-ms-request-id": [
          "223b73f8-ab75-4067-b639-794c4f75f0ad"
        ],
        "x-ms-client-request-id": [
          "4067ab20-5a33-484d-a5ca-9b9d732ab578"
        ],
        "x-ms-operation-identifier": [
          "tenantId=72f988bf-86f1-41af-91ab-2d7cd011db47,objectId=72102622-0586-43fb-93d9-ab5dd29cabcc/southindia/9b1ca14a-07cf-4072-a85f-e392925a62f6"
        ],
        "x-ms-ratelimit-remaining-subscription-resource-requests": [
          "299"
        ],
        "x-ms-correlation-request-id": [
          "223b73f8-ab75-4067-b639-794c4f75f0ad"
        ],
        "x-ms-routing-request-id": [
          "SOUTHINDIA:20250506T161104Z:223b73f8-ab75-4067-b639-794c4f75f0ad"
        ],
        "Strict-Transport-Security": [
          "max-age=31536000; includeSubDomains"
        ],
        "X-Cache": [
          "CONFIG_NOCACHE"
        ],
        "X-MSEdge-Ref": [
          "Ref A: BD96299DA1FF4B7A956C6ED7ED652DA9 Ref B: MAA201060514029 Ref C: 2025-05-06T16:11:03Z"
        ],
        "Date": [
          "Tue, 06 May 2025 16:11:04 GMT"
        ],
        "Content-Length": [
          "830"
        ],
        "Content-Type": [
          "application/json; charset=utf-8"
        ],
        "Expires": [
          "-1"
        ]
      },
      "ResponseBody": "{\r\n  \"value\": [\r\n    {\r\n      \"id\": \"/subscriptions/38304e13-357e-405e-9e9a-220351dcce8c/resourceGroups/afs-pstest-rg/providers/Microsoft.RecoveryServices/vaults/afs-pstest-vault/backupFabrics/Azure/protectionContainers/StorageContainer;Storage;afs-pstest-rg;afspstestsa\",\r\n      \"name\": \"StorageContainer;Storage;afs-pstest-rg;afspstestsa\",\r\n      \"type\": \"Microsoft.RecoveryServices/vaults/backupFabrics/protectionContainers\",\r\n      \"properties\": {\r\n        \"sourceResourceId\": \"/subscriptions/38304e13-357e-405e-9e9a-220351dcce8c/resourceGroups/afs-pstest-rg/providers/Microsoft.Storage/storageAccounts/afspstestsa\",\r\n        \"protectedItemCount\": 1,\r\n        \"acquireStorageAccountLock\": \"Acquire\",\r\n        \"friendlyName\": \"afspstestsa\",\r\n        \"backupManagementType\": \"AzureStorage\",\r\n        \"registrationStatus\": \"Registered\",\r\n        \"healthStatus\": \"Healthy\",\r\n        \"containerType\": \"StorageContainer\",\r\n        \"protectableObjectType\": \"StorageContainer\"\r\n      }\r\n    }\r\n  ]\r\n}",
      "StatusCode": 200
    },
    {
      "RequestUri": "/subscriptions/38304e13-357e-405e-9e9a-220351dcce8c/resourceGroups/afs-pstest-rg/providers/Microsoft.RecoveryServices/vaults/afs-pstest-vault/backupProtectionContainers?$filter=friendlyName%20eq%20'afspstestsa'%20and%20backupManagementType%20eq%20'AzureStorage'&api-version=2025-02-01",
      "EncodedRequestUri": "L3N1YnNjcmlwdGlvbnMvMzgzMDRlMTMtMzU3ZS00MDVlLTllOWEtMjIwMzUxZGNjZThjL3Jlc291cmNlR3JvdXBzL2Fmcy1wc3Rlc3QtcmcvcHJvdmlkZXJzL01pY3Jvc29mdC5SZWNvdmVyeVNlcnZpY2VzL3ZhdWx0cy9hZnMtcHN0ZXN0LXZhdWx0L2JhY2t1cFByb3RlY3Rpb25Db250YWluZXJzPyRmaWx0ZXI9ZnJpZW5kbHlOYW1lJTIwZXElMjAnYWZzcHN0ZXN0c2EnJTIwYW5kJTIwYmFja3VwTWFuYWdlbWVudFR5cGUlMjBlcSUyMCdBenVyZVN0b3JhZ2UnJmFwaS12ZXJzaW9uPTIwMjUtMDItMDE=",
      "RequestMethod": "GET",
      "RequestHeaders": {
        "Accept-Language": [
          "en-US"
        ],
        "x-ms-client-request-id": [
          "33ae233a-562b-419c-bd7a-b3d513e1f26e"
        ],
        "User-Agent": [
          "FxVersion/8.0.1525.16413",
          "OSName/Windows",
          "OSVersion/Microsoft.Windows.10.0.26100",
          "Microsoft.Azure.Management.RecoveryServices.Backup.RecoveryServicesBackupClient/7.7.0"
        ]
      },
      "RequestBody": "",
      "ResponseHeaders": {
        "Cache-Control": [
          "no-cache"
        ],
        "Pragma": [
          "no-cache"
        ],
        "X-Content-Type-Options": [
          "nosniff"
        ],
        "x-ms-request-id": [
          "deafab3a-5520-4c9d-a72e-6f1823bb4891"
        ],
        "x-ms-client-request-id": [
          "33ae233a-562b-419c-bd7a-b3d513e1f26e"
        ],
        "x-ms-operation-identifier": [
          "tenantId=72f988bf-86f1-41af-91ab-2d7cd011db47,objectId=72102622-0586-43fb-93d9-ab5dd29cabcc/southindia/25cb13a2-c1b0-4abf-8bd9-bbc5dd9b7cd4"
        ],
        "x-ms-ratelimit-remaining-subscription-resource-requests": [
          "299"
        ],
        "x-ms-correlation-request-id": [
          "deafab3a-5520-4c9d-a72e-6f1823bb4891"
        ],
        "x-ms-routing-request-id": [
          "SOUTHINDIA:20250506T161106Z:deafab3a-5520-4c9d-a72e-6f1823bb4891"
        ],
        "Strict-Transport-Security": [
          "max-age=31536000; includeSubDomains"
        ],
        "X-Cache": [
          "CONFIG_NOCACHE"
        ],
        "X-MSEdge-Ref": [
          "Ref A: 0385F3215E9746FF833BE10E8CCC6603 Ref B: MAA201060514019 Ref C: 2025-05-06T16:11:06Z"
        ],
        "Date": [
          "Tue, 06 May 2025 16:11:06 GMT"
        ],
        "Content-Length": [
          "830"
        ],
        "Content-Type": [
          "application/json; charset=utf-8"
        ],
        "Expires": [
          "-1"
        ]
      },
      "ResponseBody": "{\r\n  \"value\": [\r\n    {\r\n      \"id\": \"/subscriptions/38304e13-357e-405e-9e9a-220351dcce8c/resourceGroups/afs-pstest-rg/providers/Microsoft.RecoveryServices/vaults/afs-pstest-vault/backupFabrics/Azure/protectionContainers/StorageContainer;Storage;afs-pstest-rg;afspstestsa\",\r\n      \"name\": \"StorageContainer;Storage;afs-pstest-rg;afspstestsa\",\r\n      \"type\": \"Microsoft.RecoveryServices/vaults/backupFabrics/protectionContainers\",\r\n      \"properties\": {\r\n        \"sourceResourceId\": \"/subscriptions/38304e13-357e-405e-9e9a-220351dcce8c/resourceGroups/afs-pstest-rg/providers/Microsoft.Storage/storageAccounts/afspstestsa\",\r\n        \"protectedItemCount\": 1,\r\n        \"acquireStorageAccountLock\": \"Acquire\",\r\n        \"friendlyName\": \"afspstestsa\",\r\n        \"backupManagementType\": \"AzureStorage\",\r\n        \"registrationStatus\": \"Registered\",\r\n        \"healthStatus\": \"Healthy\",\r\n        \"containerType\": \"StorageContainer\",\r\n        \"protectableObjectType\": \"StorageContainer\"\r\n      }\r\n    }\r\n  ]\r\n}",
      "StatusCode": 200
    },
    {
      "RequestUri": "/subscriptions/38304e13-357e-405e-9e9a-220351dcce8c/resourceGroups/afs-pstest-rg/providers/Microsoft.RecoveryServices/vaults/afs-pstest-vault/backupProtectedItems?$filter=backupManagementType%20eq%20'AzureStorage'%20and%20itemType%20eq%20'AzureFileShare'&api-version=2025-02-01",
      "EncodedRequestUri": "L3N1YnNjcmlwdGlvbnMvMzgzMDRlMTMtMzU3ZS00MDVlLTllOWEtMjIwMzUxZGNjZThjL3Jlc291cmNlR3JvdXBzL2Fmcy1wc3Rlc3QtcmcvcHJvdmlkZXJzL01pY3Jvc29mdC5SZWNvdmVyeVNlcnZpY2VzL3ZhdWx0cy9hZnMtcHN0ZXN0LXZhdWx0L2JhY2t1cFByb3RlY3RlZEl0ZW1zPyRmaWx0ZXI9YmFja3VwTWFuYWdlbWVudFR5cGUlMjBlcSUyMCdBenVyZVN0b3JhZ2UnJTIwYW5kJTIwaXRlbVR5cGUlMjBlcSUyMCdBenVyZUZpbGVTaGFyZScmYXBpLXZlcnNpb249MjAyNS0wMi0wMQ==",
      "RequestMethod": "GET",
      "RequestHeaders": {
        "Accept-Language": [
          "en-US"
        ],
        "x-ms-client-request-id": [
          "f9e87eff-ed32-4182-a7a2-31c3e10fd4cb"
        ],
        "User-Agent": [
          "FxVersion/8.0.1525.16413",
          "OSName/Windows",
          "OSVersion/Microsoft.Windows.10.0.26100",
          "Microsoft.Azure.Management.RecoveryServices.Backup.RecoveryServicesBackupClient/7.7.0"
        ]
      },
      "RequestBody": "",
      "ResponseHeaders": {
        "Cache-Control": [
          "no-cache"
        ],
        "Pragma": [
          "no-cache"
        ],
        "X-Content-Type-Options": [
          "nosniff"
        ],
        "x-ms-request-id": [
          "22569a86-44c0-443f-b1c4-9defc27cc447"
        ],
        "x-ms-client-request-id": [
          "f9e87eff-ed32-4182-a7a2-31c3e10fd4cb"
        ],
        "x-ms-operation-identifier": [
          "tenantId=72f988bf-86f1-41af-91ab-2d7cd011db47,objectId=72102622-0586-43fb-93d9-ab5dd29cabcc/southindia/7f7710f1-e322-4d0f-84d1-0dd2840b57d8"
        ],
        "x-ms-ratelimit-remaining-subscription-resource-requests": [
          "299"
        ],
        "x-ms-correlation-request-id": [
          "22569a86-44c0-443f-b1c4-9defc27cc447"
        ],
        "x-ms-routing-request-id": [
          "SOUTHINDIA:20250506T161105Z:22569a86-44c0-443f-b1c4-9defc27cc447"
        ],
        "Strict-Transport-Security": [
          "max-age=31536000; includeSubDomains"
        ],
        "X-Cache": [
          "CONFIG_NOCACHE"
        ],
        "X-MSEdge-Ref": [
          "Ref A: DFD691F5CF72478488F2F1B13540DEB9 Ref B: MAA201060514021 Ref C: 2025-05-06T16:11:04Z"
        ],
        "Date": [
          "Tue, 06 May 2025 16:11:04 GMT"
        ],
        "Content-Length": [
          "1469"
        ],
        "Content-Type": [
          "application/json; charset=utf-8"
        ],
        "Expires": [
          "-1"
        ]
      },
      "ResponseBody": "{\r\n  \"value\": [\r\n    {\r\n      \"id\": \"/subscriptions/38304e13-357e-405e-9e9a-220351dcce8c/resourceGroups/afs-pstest-rg/providers/Microsoft.RecoveryServices/vaults/afs-pstest-vault/backupFabrics/Azure/protectionContainers/StorageContainer;storage;afs-pstest-rg;afspstestsa/protectedItems/AzureFileShare;7f34af6cfe2f3f3204cfd4d18cd6b37f7dec2c84a2d759ffab3d1367f9e17356\",\r\n      \"name\": \"AzureFileShare;7f34af6cfe2f3f3204cfd4d18cd6b37f7dec2c84a2d759ffab3d1367f9e17356\",\r\n      \"type\": \"Microsoft.RecoveryServices/vaults/backupFabrics/protectionContainers/protectedItems\",\r\n      \"properties\": {\r\n        \"friendlyName\": \"fs1\",\r\n        \"protectionStatus\": \"Healthy\",\r\n        \"protectionState\": \"Protected\",\r\n        \"lastBackupStatus\": \"Completed\",\r\n        \"lastBackupTime\": \"2025-05-06T16:06:45.920991Z\",\r\n        \"protectedItemType\": \"AzureFileShareProtectedItem\",\r\n        \"backupManagementType\": \"AzureStorage\",\r\n        \"workloadType\": \"AzureFileShare\",\r\n        \"containerName\": \"StorageContainer;storage;afs-pstest-rg;afspstestsa\",\r\n        \"sourceResourceId\": \"/subscriptions/38304e13-357e-405e-9e9a-220351dcce8c/resourceGroups/afs-pstest-rg/providers/Microsoft.storage/storageAccounts/afspstestsa\",\r\n        \"policyId\": \"/subscriptions/38304e13-357e-405e-9e9a-220351dcce8c/resourceGroups/afs-pstest-rg/providers/Microsoft.RecoveryServices/vaults/afs-pstest-vault/backupPolicies/afspolicy1\",\r\n        \"vaultId\": \"https://management.azure.com/subscriptions/38304e13-357e-405e-9e9a-220351dcce8c/resourceGroups/afs-pstest-rg/providers/Microsoft.RecoveryServices/vaults/afs-pstest-vault\",\r\n        \"isArchiveEnabled\": false,\r\n        \"softDeleteRetentionPeriod\": 0\r\n      }\r\n    }\r\n  ]\r\n}",
      "StatusCode": 200
    },
    {
      "RequestUri": "/subscriptions/38304e13-357e-405e-9e9a-220351dcce8c/resourceGroups/afs-pstest-rg/providers/Microsoft.RecoveryServices/vaults/afs-pstest-vault/backupProtectedItems?$filter=backupManagementType%20eq%20'AzureStorage'%20and%20itemType%20eq%20'AzureFileShare'&api-version=2025-02-01",
      "EncodedRequestUri": "L3N1YnNjcmlwdGlvbnMvMzgzMDRlMTMtMzU3ZS00MDVlLTllOWEtMjIwMzUxZGNjZThjL3Jlc291cmNlR3JvdXBzL2Fmcy1wc3Rlc3QtcmcvcHJvdmlkZXJzL01pY3Jvc29mdC5SZWNvdmVyeVNlcnZpY2VzL3ZhdWx0cy9hZnMtcHN0ZXN0LXZhdWx0L2JhY2t1cFByb3RlY3RlZEl0ZW1zPyRmaWx0ZXI9YmFja3VwTWFuYWdlbWVudFR5cGUlMjBlcSUyMCdBenVyZVN0b3JhZ2UnJTIwYW5kJTIwaXRlbVR5cGUlMjBlcSUyMCdBenVyZUZpbGVTaGFyZScmYXBpLXZlcnNpb249MjAyNS0wMi0wMQ==",
      "RequestMethod": "GET",
      "RequestHeaders": {
        "Accept-Language": [
          "en-US"
        ],
        "x-ms-client-request-id": [
          "37407310-2288-4e97-9c0d-888be5532113"
        ],
        "User-Agent": [
          "FxVersion/8.0.1525.16413",
          "OSName/Windows",
          "OSVersion/Microsoft.Windows.10.0.26100",
          "Microsoft.Azure.Management.RecoveryServices.Backup.RecoveryServicesBackupClient/7.7.0"
        ]
      },
      "RequestBody": "",
      "ResponseHeaders": {
        "Cache-Control": [
          "no-cache"
        ],
        "Pragma": [
          "no-cache"
        ],
        "X-Content-Type-Options": [
          "nosniff"
        ],
        "x-ms-request-id": [
          "36e25baa-2f32-44f2-8b4f-4b27d358616e"
        ],
        "x-ms-client-request-id": [
          "37407310-2288-4e97-9c0d-888be5532113"
        ],
        "x-ms-operation-identifier": [
          "tenantId=72f988bf-86f1-41af-91ab-2d7cd011db47,objectId=72102622-0586-43fb-93d9-ab5dd29cabcc/westindia/bf8569a1-fd93-498a-8d92-a5549dbe5829"
        ],
        "x-ms-ratelimit-remaining-subscription-resource-requests": [
          "299"
        ],
        "x-ms-correlation-request-id": [
          "36e25baa-2f32-44f2-8b4f-4b27d358616e"
        ],
        "x-ms-routing-request-id": [
          "WESTINDIA:20250506T161107Z:36e25baa-2f32-44f2-8b4f-4b27d358616e"
        ],
        "Strict-Transport-Security": [
          "max-age=31536000; includeSubDomains"
        ],
        "X-Cache": [
          "CONFIG_NOCACHE"
        ],
        "X-MSEdge-Ref": [
          "Ref A: FDC7A224170C4B93BC869366CFAEC5F2 Ref B: MAA201060515019 Ref C: 2025-05-06T16:11:07Z"
        ],
        "Date": [
          "Tue, 06 May 2025 16:11:07 GMT"
        ],
        "Content-Length": [
          "1469"
        ],
        "Content-Type": [
          "application/json; charset=utf-8"
        ],
        "Expires": [
          "-1"
        ]
      },
      "ResponseBody": "{\r\n  \"value\": [\r\n    {\r\n      \"id\": \"/subscriptions/38304e13-357e-405e-9e9a-220351dcce8c/resourceGroups/afs-pstest-rg/providers/Microsoft.RecoveryServices/vaults/afs-pstest-vault/backupFabrics/Azure/protectionContainers/StorageContainer;storage;afs-pstest-rg;afspstestsa/protectedItems/AzureFileShare;7f34af6cfe2f3f3204cfd4d18cd6b37f7dec2c84a2d759ffab3d1367f9e17356\",\r\n      \"name\": \"AzureFileShare;7f34af6cfe2f3f3204cfd4d18cd6b37f7dec2c84a2d759ffab3d1367f9e17356\",\r\n      \"type\": \"Microsoft.RecoveryServices/vaults/backupFabrics/protectionContainers/protectedItems\",\r\n      \"properties\": {\r\n        \"friendlyName\": \"fs1\",\r\n        \"protectionStatus\": \"Healthy\",\r\n        \"protectionState\": \"Protected\",\r\n        \"lastBackupStatus\": \"Completed\",\r\n        \"lastBackupTime\": \"2025-05-06T16:06:45.920991Z\",\r\n        \"protectedItemType\": \"AzureFileShareProtectedItem\",\r\n        \"backupManagementType\": \"AzureStorage\",\r\n        \"workloadType\": \"AzureFileShare\",\r\n        \"containerName\": \"StorageContainer;storage;afs-pstest-rg;afspstestsa\",\r\n        \"sourceResourceId\": \"/subscriptions/38304e13-357e-405e-9e9a-220351dcce8c/resourceGroups/afs-pstest-rg/providers/Microsoft.storage/storageAccounts/afspstestsa\",\r\n        \"policyId\": \"/subscriptions/38304e13-357e-405e-9e9a-220351dcce8c/resourceGroups/afs-pstest-rg/providers/Microsoft.RecoveryServices/vaults/afs-pstest-vault/backupPolicies/afspolicy1\",\r\n        \"vaultId\": \"https://management.azure.com/subscriptions/38304e13-357e-405e-9e9a-220351dcce8c/resourceGroups/afs-pstest-rg/providers/Microsoft.RecoveryServices/vaults/afs-pstest-vault\",\r\n        \"isArchiveEnabled\": false,\r\n        \"softDeleteRetentionPeriod\": 0\r\n      }\r\n    }\r\n  ]\r\n}",
      "StatusCode": 200
    },
    {
      "RequestUri": "/subscriptions/38304e13-357e-405e-9e9a-220351dcce8c/resourceGroups/afs-pstest-rg/providers/Microsoft.RecoveryServices/vaults/afs-pstest-vault/backupProtectedItems?$filter=backupManagementType%20eq%20'AzureStorage'%20and%20itemType%20eq%20'AzureFileShare'&api-version=2025-02-01",
      "EncodedRequestUri": "L3N1YnNjcmlwdGlvbnMvMzgzMDRlMTMtMzU3ZS00MDVlLTllOWEtMjIwMzUxZGNjZThjL3Jlc291cmNlR3JvdXBzL2Fmcy1wc3Rlc3QtcmcvcHJvdmlkZXJzL01pY3Jvc29mdC5SZWNvdmVyeVNlcnZpY2VzL3ZhdWx0cy9hZnMtcHN0ZXN0LXZhdWx0L2JhY2t1cFByb3RlY3RlZEl0ZW1zPyRmaWx0ZXI9YmFja3VwTWFuYWdlbWVudFR5cGUlMjBlcSUyMCdBenVyZVN0b3JhZ2UnJTIwYW5kJTIwaXRlbVR5cGUlMjBlcSUyMCdBenVyZUZpbGVTaGFyZScmYXBpLXZlcnNpb249MjAyNS0wMi0wMQ==",
      "RequestMethod": "GET",
      "RequestHeaders": {
        "Accept-Language": [
          "en-US"
        ],
        "x-ms-client-request-id": [
          "737d756b-2c81-479a-9712-420fed438212"
        ],
        "User-Agent": [
          "FxVersion/8.0.1525.16413",
          "OSName/Windows",
          "OSVersion/Microsoft.Windows.10.0.26100",
          "Microsoft.Azure.Management.RecoveryServices.Backup.RecoveryServicesBackupClient/7.7.0"
        ]
      },
      "RequestBody": "",
      "ResponseHeaders": {
        "Cache-Control": [
          "no-cache"
        ],
        "Pragma": [
          "no-cache"
        ],
        "X-Content-Type-Options": [
          "nosniff"
        ],
        "x-ms-request-id": [
          "57cd5ea3-7320-419a-a1cb-40805f1a243b"
        ],
        "x-ms-client-request-id": [
          "737d756b-2c81-479a-9712-420fed438212"
        ],
        "x-ms-operation-identifier": [
          "tenantId=72f988bf-86f1-41af-91ab-2d7cd011db47,objectId=72102622-0586-43fb-93d9-ab5dd29cabcc/westindia/8f6bdbf5-2434-4ffe-be40-34f060aaf12d"
        ],
        "x-ms-ratelimit-remaining-subscription-resource-requests": [
          "299"
        ],
        "x-ms-correlation-request-id": [
          "57cd5ea3-7320-419a-a1cb-40805f1a243b"
        ],
        "x-ms-routing-request-id": [
          "WESTINDIA:20250506T161108Z:57cd5ea3-7320-419a-a1cb-40805f1a243b"
        ],
        "Strict-Transport-Security": [
          "max-age=31536000; includeSubDomains"
        ],
        "X-Cache": [
          "CONFIG_NOCACHE"
        ],
        "X-MSEdge-Ref": [
          "Ref A: 8FD7369BB8E344EBB7851B9DC44A1D3B Ref B: MAA201060516029 Ref C: 2025-05-06T16:11:07Z"
        ],
        "Date": [
          "Tue, 06 May 2025 16:11:07 GMT"
        ],
        "Content-Length": [
          "1469"
        ],
        "Content-Type": [
          "application/json; charset=utf-8"
        ],
        "Expires": [
          "-1"
        ]
      },
      "ResponseBody": "{\r\n  \"value\": [\r\n    {\r\n      \"id\": \"/subscriptions/38304e13-357e-405e-9e9a-220351dcce8c/resourceGroups/afs-pstest-rg/providers/Microsoft.RecoveryServices/vaults/afs-pstest-vault/backupFabrics/Azure/protectionContainers/StorageContainer;storage;afs-pstest-rg;afspstestsa/protectedItems/AzureFileShare;7f34af6cfe2f3f3204cfd4d18cd6b37f7dec2c84a2d759ffab3d1367f9e17356\",\r\n      \"name\": \"AzureFileShare;7f34af6cfe2f3f3204cfd4d18cd6b37f7dec2c84a2d759ffab3d1367f9e17356\",\r\n      \"type\": \"Microsoft.RecoveryServices/vaults/backupFabrics/protectionContainers/protectedItems\",\r\n      \"properties\": {\r\n        \"friendlyName\": \"fs1\",\r\n        \"protectionStatus\": \"Healthy\",\r\n        \"protectionState\": \"Protected\",\r\n        \"lastBackupStatus\": \"Completed\",\r\n        \"lastBackupTime\": \"2025-05-06T16:06:45.920991Z\",\r\n        \"protectedItemType\": \"AzureFileShareProtectedItem\",\r\n        \"backupManagementType\": \"AzureStorage\",\r\n        \"workloadType\": \"AzureFileShare\",\r\n        \"containerName\": \"StorageContainer;storage;afs-pstest-rg;afspstestsa\",\r\n        \"sourceResourceId\": \"/subscriptions/38304e13-357e-405e-9e9a-220351dcce8c/resourceGroups/afs-pstest-rg/providers/Microsoft.storage/storageAccounts/afspstestsa\",\r\n        \"policyId\": \"/subscriptions/38304e13-357e-405e-9e9a-220351dcce8c/resourceGroups/afs-pstest-rg/providers/Microsoft.RecoveryServices/vaults/afs-pstest-vault/backupPolicies/afspolicy1\",\r\n        \"vaultId\": \"https://management.azure.com/subscriptions/38304e13-357e-405e-9e9a-220351dcce8c/resourceGroups/afs-pstest-rg/providers/Microsoft.RecoveryServices/vaults/afs-pstest-vault\",\r\n        \"isArchiveEnabled\": false,\r\n        \"softDeleteRetentionPeriod\": 0\r\n      }\r\n    }\r\n  ]\r\n}",
      "StatusCode": 200
    },
    {
      "RequestUri": "/subscriptions/38304e13-357e-405e-9e9a-220351dcce8c/resourceGroups/afs-pstest-rg/providers/Microsoft.RecoveryServices/vaults/afs-pstest-vault/backupProtectedItems?$filter=backupManagementType%20eq%20'AzureStorage'%20and%20itemType%20eq%20'AzureFileShare'&api-version=2025-02-01",
      "EncodedRequestUri": "L3N1YnNjcmlwdGlvbnMvMzgzMDRlMTMtMzU3ZS00MDVlLTllOWEtMjIwMzUxZGNjZThjL3Jlc291cmNlR3JvdXBzL2Fmcy1wc3Rlc3QtcmcvcHJvdmlkZXJzL01pY3Jvc29mdC5SZWNvdmVyeVNlcnZpY2VzL3ZhdWx0cy9hZnMtcHN0ZXN0LXZhdWx0L2JhY2t1cFByb3RlY3RlZEl0ZW1zPyRmaWx0ZXI9YmFja3VwTWFuYWdlbWVudFR5cGUlMjBlcSUyMCdBenVyZVN0b3JhZ2UnJTIwYW5kJTIwaXRlbVR5cGUlMjBlcSUyMCdBenVyZUZpbGVTaGFyZScmYXBpLXZlcnNpb249MjAyNS0wMi0wMQ==",
      "RequestMethod": "GET",
      "RequestHeaders": {
        "Accept-Language": [
          "en-US"
        ],
        "x-ms-client-request-id": [
          "91b1cc11-54c7-4c1e-94bb-bc058b345efa"
        ],
        "User-Agent": [
          "FxVersion/8.0.1525.16413",
          "OSName/Windows",
          "OSVersion/Microsoft.Windows.10.0.26100",
          "Microsoft.Azure.Management.RecoveryServices.Backup.RecoveryServicesBackupClient/7.7.0"
        ]
      },
      "RequestBody": "",
      "ResponseHeaders": {
        "Cache-Control": [
          "no-cache"
        ],
        "Pragma": [
          "no-cache"
        ],
        "X-Content-Type-Options": [
          "nosniff"
        ],
        "x-ms-request-id": [
          "c0de9bce-ee39-4a77-b0f1-81333eedbac9"
        ],
        "x-ms-client-request-id": [
          "91b1cc11-54c7-4c1e-94bb-bc058b345efa"
        ],
        "x-ms-operation-identifier": [
          "tenantId=72f988bf-86f1-41af-91ab-2d7cd011db47,objectId=72102622-0586-43fb-93d9-ab5dd29cabcc/westindia/22ee02f4-05bc-47a8-8e8e-10247b64c72a"
        ],
        "x-ms-ratelimit-remaining-subscription-resource-requests": [
          "298"
        ],
        "x-ms-correlation-request-id": [
          "c0de9bce-ee39-4a77-b0f1-81333eedbac9"
        ],
        "x-ms-routing-request-id": [
          "WESTINDIA:20250506T161109Z:c0de9bce-ee39-4a77-b0f1-81333eedbac9"
        ],
        "Strict-Transport-Security": [
          "max-age=31536000; includeSubDomains"
        ],
        "X-Cache": [
          "CONFIG_NOCACHE"
        ],
        "X-MSEdge-Ref": [
          "Ref A: 5D4BC6F9F683494CB19F4C22A75E274F Ref B: MAA201060515017 Ref C: 2025-05-06T16:11:08Z"
        ],
        "Date": [
          "Tue, 06 May 2025 16:11:08 GMT"
        ],
        "Content-Length": [
          "1469"
        ],
        "Content-Type": [
          "application/json; charset=utf-8"
        ],
        "Expires": [
          "-1"
        ]
      },
      "ResponseBody": "{\r\n  \"value\": [\r\n    {\r\n      \"id\": \"/subscriptions/38304e13-357e-405e-9e9a-220351dcce8c/resourceGroups/afs-pstest-rg/providers/Microsoft.RecoveryServices/vaults/afs-pstest-vault/backupFabrics/Azure/protectionContainers/StorageContainer;storage;afs-pstest-rg;afspstestsa/protectedItems/AzureFileShare;7f34af6cfe2f3f3204cfd4d18cd6b37f7dec2c84a2d759ffab3d1367f9e17356\",\r\n      \"name\": \"AzureFileShare;7f34af6cfe2f3f3204cfd4d18cd6b37f7dec2c84a2d759ffab3d1367f9e17356\",\r\n      \"type\": \"Microsoft.RecoveryServices/vaults/backupFabrics/protectionContainers/protectedItems\",\r\n      \"properties\": {\r\n        \"friendlyName\": \"fs1\",\r\n        \"protectionStatus\": \"Healthy\",\r\n        \"protectionState\": \"Protected\",\r\n        \"lastBackupStatus\": \"Completed\",\r\n        \"lastBackupTime\": \"2025-05-06T16:06:45.920991Z\",\r\n        \"protectedItemType\": \"AzureFileShareProtectedItem\",\r\n        \"backupManagementType\": \"AzureStorage\",\r\n        \"workloadType\": \"AzureFileShare\",\r\n        \"containerName\": \"StorageContainer;storage;afs-pstest-rg;afspstestsa\",\r\n        \"sourceResourceId\": \"/subscriptions/38304e13-357e-405e-9e9a-220351dcce8c/resourceGroups/afs-pstest-rg/providers/Microsoft.storage/storageAccounts/afspstestsa\",\r\n        \"policyId\": \"/subscriptions/38304e13-357e-405e-9e9a-220351dcce8c/resourceGroups/afs-pstest-rg/providers/Microsoft.RecoveryServices/vaults/afs-pstest-vault/backupPolicies/afspolicy1\",\r\n        \"vaultId\": \"https://management.azure.com/subscriptions/38304e13-357e-405e-9e9a-220351dcce8c/resourceGroups/afs-pstest-rg/providers/Microsoft.RecoveryServices/vaults/afs-pstest-vault\",\r\n        \"isArchiveEnabled\": false,\r\n        \"softDeleteRetentionPeriod\": 0\r\n      }\r\n    }\r\n  ]\r\n}",
      "StatusCode": 200
    },
    {
      "RequestUri": "/subscriptions/38304e13-357e-405e-9e9a-220351dcce8c/resourceGroups/afs-pstest-rg/providers/Microsoft.RecoveryServices/vaults/afs-pstest-vault/backupFabrics/Azure/protectionContainers/StorageContainer%3Bstorage%3Bafs-pstest-rg%3Bafspstestsa/protectedItems/AzureFileShare%3B7f34af6cfe2f3f3204cfd4d18cd6b37f7dec2c84a2d759ffab3d1367f9e17356?$filter=expand%20eq%20'extendedinfo'&api-version=2025-02-01",
      "EncodedRequestUri": "L3N1YnNjcmlwdGlvbnMvMzgzMDRlMTMtMzU3ZS00MDVlLTllOWEtMjIwMzUxZGNjZThjL3Jlc291cmNlR3JvdXBzL2Fmcy1wc3Rlc3QtcmcvcHJvdmlkZXJzL01pY3Jvc29mdC5SZWNvdmVyeVNlcnZpY2VzL3ZhdWx0cy9hZnMtcHN0ZXN0LXZhdWx0L2JhY2t1cEZhYnJpY3MvQXp1cmUvcHJvdGVjdGlvbkNvbnRhaW5lcnMvU3RvcmFnZUNvbnRhaW5lciUzQnN0b3JhZ2UlM0JhZnMtcHN0ZXN0LXJnJTNCYWZzcHN0ZXN0c2EvcHJvdGVjdGVkSXRlbXMvQXp1cmVGaWxlU2hhcmUlM0I3ZjM0YWY2Y2ZlMmYzZjMyMDRjZmQ0ZDE4Y2Q2YjM3ZjdkZWMyYzg0YTJkNzU5ZmZhYjNkMTM2N2Y5ZTE3MzU2PyRmaWx0ZXI9ZXhwYW5kJTIwZXElMjAnZXh0ZW5kZWRpbmZvJyZhcGktdmVyc2lvbj0yMDI1LTAyLTAx",
      "RequestMethod": "GET",
      "RequestHeaders": {
        "Accept-Language": [
          "en-US"
        ],
        "x-ms-client-request-id": [
          "f9e87eff-ed32-4182-a7a2-31c3e10fd4cb"
        ],
        "User-Agent": [
          "FxVersion/8.0.1525.16413",
          "OSName/Windows",
          "OSVersion/Microsoft.Windows.10.0.26100",
          "Microsoft.Azure.Management.RecoveryServices.Backup.RecoveryServicesBackupClient/7.7.0"
        ]
      },
      "RequestBody": "",
      "ResponseHeaders": {
        "Cache-Control": [
          "no-cache"
        ],
        "Pragma": [
          "no-cache"
        ],
        "X-Content-Type-Options": [
          "nosniff"
        ],
        "x-ms-request-id": [
          "2c6a269d-e46b-4833-bfa7-259e3465be64"
        ],
        "x-ms-client-request-id": [
          "f9e87eff-ed32-4182-a7a2-31c3e10fd4cb"
        ],
        "x-ms-operation-identifier": [
          "tenantId=72f988bf-86f1-41af-91ab-2d7cd011db47,objectId=72102622-0586-43fb-93d9-ab5dd29cabcc/southindia/bf73b112-2a8f-4a24-bdb0-240b0c54b22c"
        ],
        "x-ms-ratelimit-remaining-subscription-resource-requests": [
          "299"
        ],
        "x-ms-correlation-request-id": [
          "2c6a269d-e46b-4833-bfa7-259e3465be64"
        ],
        "x-ms-routing-request-id": [
          "SOUTHINDIA:20250506T161105Z:2c6a269d-e46b-4833-bfa7-259e3465be64"
        ],
        "Strict-Transport-Security": [
          "max-age=31536000; includeSubDomains"
        ],
        "X-Cache": [
          "CONFIG_NOCACHE"
        ],
        "X-MSEdge-Ref": [
          "Ref A: 1402560472F240778A6CA89D508212ED Ref B: MAA201060514021 Ref C: 2025-05-06T16:11:05Z"
        ],
        "Date": [
          "Tue, 06 May 2025 16:11:05 GMT"
        ],
        "Content-Length": [
          "1684"
        ],
        "Content-Type": [
          "application/json; charset=utf-8"
        ],
        "Expires": [
          "-1"
        ]
      },
      "ResponseBody": "{\r\n  \"id\": \"/subscriptions/38304e13-357e-405e-9e9a-220351dcce8c/resourceGroups/afs-pstest-rg/providers/Microsoft.RecoveryServices/vaults/afs-pstest-vault/backupFabrics/Azure/protectionContainers/StorageContainer;storage;afs-pstest-rg;afspstestsa/protectedItems/AzureFileShare;7f34af6cfe2f3f3204cfd4d18cd6b37f7dec2c84a2d759ffab3d1367f9e17356\",\r\n  \"name\": \"AzureFileShare;7f34af6cfe2f3f3204cfd4d18cd6b37f7dec2c84a2d759ffab3d1367f9e17356\",\r\n  \"type\": \"Microsoft.RecoveryServices/vaults/backupFabrics/protectionContainers/protectedItems\",\r\n  \"properties\": {\r\n    \"friendlyName\": \"fs1\",\r\n    \"protectionStatus\": \"Healthy\",\r\n    \"protectionState\": \"Protected\",\r\n    \"lastBackupStatus\": \"Completed\",\r\n    \"lastBackupTime\": \"2025-05-06T16:06:45.920991Z\",\r\n    \"extendedInfo\": {\r\n      \"oldestRecoveryPoint\": \"2025-05-06T15:56:32Z\",\r\n      \"recoveryPointCount\": 4,\r\n      \"policyState\": \"Consistent\",\r\n      \"resourceState\": \"Active\",\r\n      \"resourceStateSyncTime\": \"2025-05-06T16:06:48Z\"\r\n    },\r\n    \"protectedItemType\": \"AzureFileShareProtectedItem\",\r\n    \"backupManagementType\": \"AzureStorage\",\r\n    \"workloadType\": \"AzureFileShare\",\r\n    \"containerName\": \"StorageContainer;storage;afs-pstest-rg;afspstestsa\",\r\n    \"sourceResourceId\": \"/subscriptions/38304e13-357e-405e-9e9a-220351dcce8c/resourceGroups/afs-pstest-rg/providers/Microsoft.storage/storageAccounts/afspstestsa\",\r\n    \"policyId\": \"/subscriptions/38304e13-357e-405e-9e9a-220351dcce8c/resourceGroups/afs-pstest-rg/providers/Microsoft.RecoveryServices/vaults/afs-pstest-vault/backupPolicies/afspolicy1\",\r\n    \"lastRecoveryPoint\": \"2025-05-06T16:06:46Z\",\r\n    \"vaultId\": \"https://management.azure.com/subscriptions/38304e13-357e-405e-9e9a-220351dcce8c/resourceGroups/afs-pstest-rg/providers/Microsoft.RecoveryServices/vaults/afs-pstest-vault\",\r\n    \"isArchiveEnabled\": false,\r\n    \"softDeleteRetentionPeriod\": 0\r\n  }\r\n}",
      "StatusCode": 200
    },
    {
      "RequestUri": "/subscriptions/38304e13-357e-405e-9e9a-220351dcce8c/resourceGroups/afs-pstest-rg/providers/Microsoft.RecoveryServices/vaults/afs-pstest-vault/backupPolicies/afspolicy1?api-version=2025-02-01",
      "EncodedRequestUri": "L3N1YnNjcmlwdGlvbnMvMzgzMDRlMTMtMzU3ZS00MDVlLTllOWEtMjIwMzUxZGNjZThjL3Jlc291cmNlR3JvdXBzL2Fmcy1wc3Rlc3QtcmcvcHJvdmlkZXJzL01pY3Jvc29mdC5SZWNvdmVyeVNlcnZpY2VzL3ZhdWx0cy9hZnMtcHN0ZXN0LXZhdWx0L2JhY2t1cFBvbGljaWVzL2Fmc3BvbGljeTE/YXBpLXZlcnNpb249MjAyNS0wMi0wMQ==",
      "RequestMethod": "GET",
      "RequestHeaders": {
        "Accept-Language": [
          "en-US"
        ],
        "x-ms-client-request-id": [
          "e304ee0b-3411-414d-9d29-74372d18066e"
        ],
        "User-Agent": [
          "FxVersion/8.0.1525.16413",
          "OSName/Windows",
          "OSVersion/Microsoft.Windows.10.0.26100",
          "Microsoft.Azure.Management.RecoveryServices.Backup.RecoveryServicesBackupClient/7.7.0"
        ]
      },
      "RequestBody": "",
      "ResponseHeaders": {
        "Cache-Control": [
          "no-cache"
        ],
        "Pragma": [
          "no-cache"
        ],
        "X-Content-Type-Options": [
          "nosniff"
        ],
        "x-ms-request-id": [
          "4d1da167-09b7-4e6d-8e81-a8571fbcc2fa"
        ],
        "x-ms-client-request-id": [
          "e304ee0b-3411-414d-9d29-74372d18066e"
        ],
        "x-ms-operation-identifier": [
          "tenantId=72f988bf-86f1-41af-91ab-2d7cd011db47,objectId=72102622-0586-43fb-93d9-ab5dd29cabcc/westindia/f5cafeeb-3bb2-4610-bb68-a474f2046b92"
        ],
        "x-ms-ratelimit-remaining-subscription-resource-requests": [
          "299"
        ],
        "x-ms-correlation-request-id": [
          "4d1da167-09b7-4e6d-8e81-a8571fbcc2fa"
        ],
        "x-ms-routing-request-id": [
          "WESTINDIA:20250506T161106Z:4d1da167-09b7-4e6d-8e81-a8571fbcc2fa"
        ],
        "Strict-Transport-Security": [
          "max-age=31536000; includeSubDomains"
        ],
        "X-Cache": [
          "CONFIG_NOCACHE"
        ],
        "X-MSEdge-Ref": [
          "Ref A: 55DE9FC18A774FDBAC532F30E3FDFEFE Ref B: MAA201060516017 Ref C: 2025-05-06T16:11:05Z"
        ],
        "Date": [
          "Tue, 06 May 2025 16:11:05 GMT"
        ],
        "Content-Length": [
          "729"
        ],
        "Content-Type": [
          "application/json; charset=utf-8"
        ],
        "Expires": [
          "-1"
        ]
      },
      "ResponseBody": "{\r\n  \"id\": \"/subscriptions/38304e13-357e-405e-9e9a-220351dcce8c/resourceGroups/afs-pstest-rg/providers/Microsoft.RecoveryServices/vaults/afs-pstest-vault/backupPolicies/afspolicy1\",\r\n  \"name\": \"afspolicy1\",\r\n  \"type\": \"Microsoft.RecoveryServices/vaults/backupPolicies\",\r\n  \"properties\": {\r\n    \"backupManagementType\": \"AzureStorage\",\r\n    \"workLoadType\": \"AzureFileShare\",\r\n    \"schedulePolicy\": {\r\n      \"schedulePolicyType\": \"SimpleSchedulePolicy\",\r\n      \"scheduleRunFrequency\": \"Daily\",\r\n      \"scheduleRunTimes\": [\r\n        \"2022-08-29T06:30:00Z\"\r\n      ],\r\n      \"scheduleWeeklyFrequency\": 0\r\n    },\r\n    \"retentionPolicy\": {\r\n      \"retentionPolicyType\": \"LongTermRetentionPolicy\",\r\n      \"dailySchedule\": {\r\n        \"retentionTimes\": [\r\n          \"2022-08-29T06:30:00Z\"\r\n        ],\r\n        \"retentionDuration\": {\r\n          \"count\": 30,\r\n          \"durationType\": \"Days\"\r\n        }\r\n      }\r\n    },\r\n    \"timeZone\": \"UTC\",\r\n    \"protectedItemsCount\": 1\r\n  }\r\n}",
      "StatusCode": 200
    },
    {
      "RequestUri": "/subscriptions/38304e13-357e-405e-9e9a-220351dcce8c/resourceGroups/afs-pstest-rg/providers/Microsoft.RecoveryServices/vaults/afs-pstest-vault/backupFabrics/Azure/protectionContainers/StorageContainer%3BStorage%3Bafs-pstest-rg%3Bafspstestsa?api-version=2025-02-01",
      "EncodedRequestUri": "L3N1YnNjcmlwdGlvbnMvMzgzMDRlMTMtMzU3ZS00MDVlLTllOWEtMjIwMzUxZGNjZThjL3Jlc291cmNlR3JvdXBzL2Fmcy1wc3Rlc3QtcmcvcHJvdmlkZXJzL01pY3Jvc29mdC5SZWNvdmVyeVNlcnZpY2VzL3ZhdWx0cy9hZnMtcHN0ZXN0LXZhdWx0L2JhY2t1cEZhYnJpY3MvQXp1cmUvcHJvdGVjdGlvbkNvbnRhaW5lcnMvU3RvcmFnZUNvbnRhaW5lciUzQlN0b3JhZ2UlM0JhZnMtcHN0ZXN0LXJnJTNCYWZzcHN0ZXN0c2E/YXBpLXZlcnNpb249MjAyNS0wMi0wMQ==",
      "RequestMethod": "DELETE",
      "RequestHeaders": {
        "Accept-Language": [
          "en-US"
        ],
        "x-ms-client-request-id": [
          "2380279a-3b81-4e2a-a5bd-0304532e5591"
        ],
        "User-Agent": [
          "FxVersion/8.0.1525.16413",
          "OSName/Windows",
          "OSVersion/Microsoft.Windows.10.0.26100",
          "Microsoft.Azure.Management.RecoveryServices.Backup.RecoveryServicesBackupClient/7.7.0"
        ]
      },
      "RequestBody": "",
      "ResponseHeaders": {
        "Cache-Control": [
          "no-cache"
        ],
        "Pragma": [
          "no-cache"
        ],
        "x-ms-operation-identifier": [
          "tenantId=72f988bf-86f1-41af-91ab-2d7cd011db47,objectId=72102622-0586-43fb-93d9-ab5dd29cabcc/westindia/7fb5d0bd-1c9d-4f77-b800-8f3ab75cb131"
        ],
        "X-Content-Type-Options": [
          "nosniff"
        ],
        "x-ms-request-id": [
          "0c63c279-67bd-47e8-8cc5-dfd3622ed445"
        ],
        "x-ms-client-request-id": [
          "2380279a-3b81-4e2a-a5bd-0304532e5591"
        ],
        "x-ms-ratelimit-remaining-subscription-deletes": [
          "799"
        ],
        "x-ms-ratelimit-remaining-subscription-global-deletes": [
          "11999"
        ],
        "x-ms-correlation-request-id": [
          "0c63c279-67bd-47e8-8cc5-dfd3622ed445"
        ],
        "x-ms-routing-request-id": [
          "WESTINDIA:20250506T161110Z:0c63c279-67bd-47e8-8cc5-dfd3622ed445"
        ],
        "Strict-Transport-Security": [
          "max-age=31536000; includeSubDomains"
        ],
        "X-Cache": [
          "CONFIG_NOCACHE"
        ],
        "X-MSEdge-Ref": [
          "Ref A: 87CB18584A7C4FB1B20C55521F10C9A6 Ref B: MAA201060516037 Ref C: 2025-05-06T16:11:09Z"
        ],
        "Date": [
          "Tue, 06 May 2025 16:11:09 GMT"
        ],
        "Content-Length": [
          "264"
        ],
        "Content-Type": [
          "application/json"
        ],
        "Expires": [
          "-1"
        ]
      },
      "ResponseBody": "{\r\n  \"error\": {\r\n    \"code\": \"BMSUserErrorContainerHasDatasources\",\r\n    \"message\": \"Failed to delete the protected server. This protected server contains backup items. Please stop protection of the backup items with delete data before attempting to deleting the protected server.\"\r\n  }\r\n}",
      "StatusCode": 400
    }
  ],
  "Names": {},
  "Variables": {
    "SubscriptionId": "38304e13-357e-405e-9e9a-220351dcce8c"
  }
}