{
  "Entries": [
    {
      "RequestUri": "/subscriptions/38304e13-357e-405e-9e9a-220351dcce8c/resourceGroups/iaasvm-pstest-rg/providers/Microsoft.Compute/virtualMachines/iaasvm-pstest-vm?api-version=2022-11-01",
      "EncodedRequestUri": "L3N1YnNjcmlwdGlvbnMvMzgzMDRlMTMtMzU3ZS00MDVlLTllOWEtMjIwMzUxZGNjZThjL3Jlc291cmNlR3JvdXBzL2lhYXN2bS1wc3Rlc3QtcmcvcHJvdmlkZXJzL01pY3Jvc29mdC5Db21wdXRlL3ZpcnR1YWxNYWNoaW5lcy9pYWFzdm0tcHN0ZXN0LXZtP2FwaS12ZXJzaW9uPTIwMjItMTEtMDE=",
      "RequestMethod": "GET",
      "RequestHeaders": {
        "x-ms-client-request-id": [
          "97982593-df2e-4eb1-af05-1171a69da616"
        ],
        "Accept-Language": [
          "en-US"
        ],
        "User-Agent": [
          "FxVersion/4.700.22.55902",
          "OSName/Windows",
          "OSVersion/Microsoft.Windows.10.0.22621",
          "Microsoft.Azure.Management.Compute.ComputeManagementClient/60.0.0"
        ]
      },
      "RequestBody": "",
      "ResponseHeaders": {
        "Cache-Control": [
          "no-cache"
        ],
        "Pragma": [
          "no-cache"
        ],
        "x-ms-ratelimit-remaining-resource": [
          "Microsoft.Compute/LowCostGet3Min;3999,Microsoft.Compute/LowCostGet30Min;31983"
        ],
        "Strict-Transport-Security": [
          "max-age=31536000; includeSubDomains"
        ],
        "x-ms-request-id": [
          "63deadad-f15a-4a3d-9bf3-8467a50ef304"
        ],
        "Server": [
          "Microsoft-HTTPAPI/2.0",
          "Microsoft-HTTPAPI/2.0"
        ],
        "x-ms-ratelimit-remaining-subscription-reads": [
          "11999"
        ],
        "x-ms-correlation-request-id": [
          "1c8ed740-1319-4ec7-a411-ba7ab0108139"
        ],
        "x-ms-routing-request-id": [
          "JIOINDIAWEST:20230418T203144Z:1c8ed740-1319-4ec7-a411-ba7ab0108139"
        ],
        "X-Content-Type-Options": [
          "nosniff"
        ],
        "Date": [
          "Tue, 18 Apr 2023 20:31:44 GMT"
        ],
        "Content-Length": [
          "3279"
        ],
        "Content-Type": [
          "application/json; charset=utf-8"
        ],
        "Expires": [
          "-1"
        ]
      },
      "ResponseBody": "{\r\n  \"name\": \"iaasvm-pstest-vm\",\r\n  \"id\": \"/subscriptions/38304e13-357e-405e-9e9a-220351dcce8c/resourceGroups/iaasvm-pstest-rg/providers/Microsoft.Compute/virtualMachines/iaasvm-pstest-vm\",\r\n  \"type\": \"Microsoft.Compute/virtualMachines\",\r\n  \"location\": \"centraluseuap\",\r\n  \"tags\": {\r\n    \"MABUsed\": \"yes\",\r\n    \"Owner\": \"hiaga\",\r\n    \"Purpose\": \"testing\",\r\n    \"DeleteBy\": \"01-2099\",\r\n    \"AutoShutdown\": \"no\"\r\n  },\r\n  \"identity\": {\r\n    \"type\": \"SystemAssigned\",\r\n    \"principalId\": \"88bd767a-cb58-4cd9-a781-60c8ebb5b477\",\r\n    \"tenantId\": \"72f988bf-86f1-41af-91ab-2d7cd011db47\"\r\n  },\r\n  \"properties\": {\r\n    \"vmId\": \"e377380b-58d8-4ba1-99f2-aee3b76c9d04\",\r\n    \"hardwareProfile\": {\r\n      \"vmSize\": \"Standard_DS1_v2\"\r\n    },\r\n    \"storageProfile\": {\r\n      \"imageReference\": {\r\n        \"publisher\": \"canonical\",\r\n        \"offer\": \"0001-com-ubuntu-server-focal\",\r\n        \"sku\": \"20_04-lts-gen2\",\r\n        \"version\": \"latest\",\r\n        \"exactVersion\": \"20.04.202208100\"\r\n      },\r\n      \"osDisk\": {\r\n        \"osType\": \"Linux\",\r\n        \"name\": \"iaasvm-pstest-vm_OsDisk_1_94065d4dc4d746068b86ec8c64b2c189\",\r\n        \"createOption\": \"FromImage\",\r\n        \"caching\": \"ReadWrite\",\r\n        \"managedDisk\": {\r\n          \"storageAccountType\": \"Premium_LRS\",\r\n          \"id\": \"/subscriptions/38304e13-357e-405e-9e9a-220351dcce8c/resourceGroups/iaasvm-pstest-rg/providers/Microsoft.Compute/disks/iaasvm-pstest-vm_OsDisk_1_94065d4dc4d746068b86ec8c64b2c189\"\r\n        },\r\n        \"deleteOption\": \"Delete\",\r\n        \"diskSizeGB\": 30\r\n      },\r\n      \"dataDisks\": []\r\n    },\r\n    \"osProfile\": {\r\n      \"computerName\": \"iaasvm-pstest-vm\",\r\n      \"adminUsername\": \"hiaga\",\r\n      \"linuxConfiguration\": {\r\n        \"disablePasswordAuthentication\": false,\r\n        \"provisionVMAgent\": true,\r\n        \"patchSettings\": {\r\n          \"patchMode\": \"ImageDefault\",\r\n          \"assessmentMode\": \"ImageDefault\"\r\n        },\r\n        \"enableVMAgentPlatformUpdates\": false\r\n      },\r\n      \"secrets\": [],\r\n      \"allowExtensionOperations\": true,\r\n      \"requireGuestProvisionSignal\": true\r\n    },\r\n    \"networkProfile\": {\r\n      \"networkInterfaces\": [\r\n        {\r\n          \"id\": \"/subscriptions/38304e13-357e-405e-9e9a-220351dcce8c/resourceGroups/iaasvm-pstest-rg/providers/Microsoft.Network/networkInterfaces/iaasvm-pstest-vm325_z1\",\r\n          \"properties\": {\r\n            \"deleteOption\": \"Detach\"\r\n          }\r\n        }\r\n      ]\r\n    },\r\n    \"diagnosticsProfile\": {\r\n      \"bootDiagnostics\": {\r\n        \"enabled\": true\r\n      }\r\n    },\r\n    \"provisioningState\": \"Succeeded\",\r\n    \"timeCreated\": \"2022-08-11T16:47:16.679709+05:30\"\r\n  },\r\n  \"zones\": [\r\n    \"1\"\r\n  ],\r\n  \"resources\": [\r\n    {\r\n      \"name\": \"OmsAgentForLinux\",\r\n      \"id\": \"/subscriptions/38304e13-357e-405e-9e9a-220351dcce8c/resourceGroups/iaasvm-pstest-rg/providers/Microsoft.Compute/virtualMachines/iaasvm-pstest-vm/extensions/OmsAgentForLinux\",\r\n      \"type\": \"Microsoft.Compute/virtualMachines/extensions\",\r\n      \"location\": \"centraluseuap\",\r\n      \"properties\": {\r\n        \"autoUpgradeMinorVersion\": true,\r\n        \"provisioningState\": \"Succeeded\",\r\n        \"enableAutomaticUpgrade\": false,\r\n        \"publisher\": \"Microsoft.EnterpriseCloud.Monitoring\",\r\n        \"type\": \"OmsAgentForLinux\",\r\n        \"typeHandlerVersion\": \"1.0\",\r\n        \"settings\": {\r\n          \"workspaceId\": \"0bf5b55a-adc7-4adb-afec-bd79dba77b75\"\r\n        }\r\n      }\r\n    }\r\n  ]\r\n}",
      "StatusCode": 200
    },
    {
      "RequestUri": "/subscriptions/38304e13-357e-405e-9e9a-220351dcce8c/resourceGroups/iaasvm-pstest-rg/providers/Microsoft.RecoveryServices/vaults/iaasvm-pstest-vault?api-version=2023-02-01",
      "EncodedRequestUri": "L3N1YnNjcmlwdGlvbnMvMzgzMDRlMTMtMzU3ZS00MDVlLTllOWEtMjIwMzUxZGNjZThjL3Jlc291cmNlR3JvdXBzL2lhYXN2bS1wc3Rlc3QtcmcvcHJvdmlkZXJzL01pY3Jvc29mdC5SZWNvdmVyeVNlcnZpY2VzL3ZhdWx0cy9pYWFzdm0tcHN0ZXN0LXZhdWx0P2FwaS12ZXJzaW9uPTIwMjMtMDItMDE=",
      "RequestMethod": "GET",
      "RequestHeaders": {
        "x-ms-client-request-id": [
          "f696a180-b3a8-47bc-8d02-ce96ddd01e3b"
        ],
        "Accept-Language": [
          "en-US"
        ],
        "User-Agent": [
          "FxVersion/4.700.22.55902",
          "OSName/Windows",
          "OSVersion/Microsoft.Windows.10.0.22621",
          "Microsoft.Azure.Management.RecoveryServices.RecoveryServicesClient/6.3.0"
        ]
      },
      "RequestBody": "",
      "ResponseHeaders": {
        "Cache-Control": [
          "no-cache"
        ],
        "Pragma": [
          "no-cache"
        ],
        "X-Content-Type-Options": [
          "nosniff"
        ],
        "x-ms-request-id": [
          "62b30ac6-650d-4bb6-8a4f-aa02db433ce4"
        ],
        "x-ms-client-request-id": [
          "f696a180-b3a8-47bc-8d02-ce96ddd01e3b"
        ],
        "Strict-Transport-Security": [
          "max-age=31536000; includeSubDomains"
        ],
        "Server": [
          "Microsoft-IIS/10.0"
        ],
        "x-ms-ratelimit-remaining-subscription-reads": [
          "11998"
        ],
        "x-ms-correlation-request-id": [
          "62b30ac6-650d-4bb6-8a4f-aa02db433ce4"
        ],
        "x-ms-routing-request-id": [
          "WESTINDIA:20230418T203147Z:62b30ac6-650d-4bb6-8a4f-aa02db433ce4"
        ],
        "Date": [
          "Tue, 18 Apr 2023 20:31:46 GMT"
        ],
        "Content-Length": [
          "1028"
        ],
        "Content-Type": [
          "application/json"
        ],
        "Expires": [
          "-1"
        ]
      },
      "ResponseBody": "{\r\n  \"location\": \"centraluseuap\",\r\n  \"name\": \"iaasvm-pstest-vault\",\r\n  \"etag\": \"W/\\\"datetime'2022-12-16T15%3A10%3A54.8818019Z'\\\"\",\r\n  \"tags\": {\r\n    \"MABUsed\": \"yes\",\r\n    \"Owner\": \"hiaga\",\r\n    \"DeleteBy\": \"01-3000\",\r\n    \"Purpose\": \"testing\",\r\n    \"AutoShutdown\": \"no\"\r\n  },\r\n  \"properties\": {\r\n    \"provisioningState\": \"Succeeded\",\r\n    \"privateEndpointStateForBackup\": \"None\",\r\n    \"privateEndpointStateForSiteRecovery\": \"None\",\r\n    \"backupStorageVersion\": \"Unassigned\",\r\n    \"redundancySettings\": {\r\n      \"standardTierStorageRedundancy\": \"GeoRedundant\",\r\n      \"crossRegionRestore\": \"Disabled\"\r\n    },\r\n    \"securitySettings\": {\r\n      \"immutabilitySettings\": null,\r\n      \"softDeleteSettings\": {\r\n        \"softDeleteRetentionPeriodInDays\": 14,\r\n        \"softDeleteState\": \"Disabled\"\r\n      },\r\n      \"multiUserAuthorization\": \"Disabled\"\r\n    },\r\n    \"publicNetworkAccess\": \"Enabled\",\r\n    \"restoreSettings\": {\r\n      \"crossSubscriptionRestoreSettings\": {\r\n        \"crossSubscriptionRestoreState\": \"Enabled\"\r\n      }\r\n    }\r\n  },\r\n  \"id\": \"/subscriptions/38304e13-357e-405e-9e9a-220351dcce8c/resourceGroups/iaasvm-pstest-rg/providers/Microsoft.RecoveryServices/vaults/iaasvm-pstest-vault\",\r\n  \"type\": \"Microsoft.RecoveryServices/vaults\",\r\n  \"sku\": {\r\n    \"name\": \"RS0\",\r\n    \"tier\": \"Standard\"\r\n  }\r\n}",
      "StatusCode": 200
    },
    {
      "RequestUri": "/subscriptions/38304e13-357e-405e-9e9a-220351dcce8c/resourceGroups/iaasvm-pstest-rg/providers/Microsoft.RecoveryServices/vaults/iaasvm-pstest-vault/backupconfig/vaultconfig?api-version=2023-01-01",
      "EncodedRequestUri": "L3N1YnNjcmlwdGlvbnMvMzgzMDRlMTMtMzU3ZS00MDVlLTllOWEtMjIwMzUxZGNjZThjL3Jlc291cmNlR3JvdXBzL2lhYXN2bS1wc3Rlc3QtcmcvcHJvdmlkZXJzL01pY3Jvc29mdC5SZWNvdmVyeVNlcnZpY2VzL3ZhdWx0cy9pYWFzdm0tcHN0ZXN0LXZhdWx0L2JhY2t1cGNvbmZpZy92YXVsdGNvbmZpZz9hcGktdmVyc2lvbj0yMDIzLTAxLTAx",
      "RequestMethod": "GET",
      "RequestHeaders": {
        "x-ms-client-request-id": [
          "e7120159-b777-470d-9277-44419631366d"
        ],
        "Accept-Language": [
          "en-US"
        ],
        "User-Agent": [
          "FxVersion/4.700.22.55902",
          "OSName/Windows",
          "OSVersion/Microsoft.Windows.10.0.22621",
          "Microsoft.Azure.Management.RecoveryServices.Backup.RecoveryServicesBackupClient/6.3.0"
        ]
      },
      "RequestBody": "",
      "ResponseHeaders": {
        "Cache-Control": [
          "no-cache"
        ],
        "Pragma": [
          "no-cache"
        ],
        "X-Content-Type-Options": [
          "nosniff"
        ],
        "x-ms-request-id": [
          ""
        ],
        "Strict-Transport-Security": [
          "max-age=31536000; includeSubDomains"
        ],
        "x-ms-client-request-id": [
          "e7120159-b777-470d-9277-44419631366d"
        ],
        "Server": [
          "Microsoft-IIS/10.0"
        ],
        "X-Powered-By": [
          "ASP.NET"
        ],
        "x-ms-ratelimit-remaining-subscription-resource-requests": [
          "299"
        ],
        "x-ms-correlation-request-id": [
          "e1109d16-6342-47c7-bdff-53fca06a84ae"
        ],
        "x-ms-routing-request-id": [
          "WESTINDIA:20230418T203149Z:e1109d16-6342-47c7-bdff-53fca06a84ae"
        ],
        "Date": [
          "Tue, 18 Apr 2023 20:31:48 GMT"
        ],
        "Content-Length": [
          "420"
        ],
        "Content-Type": [
          "application/json"
        ],
        "Expires": [
          "-1"
        ]
      },
      "ResponseBody": "{\r\n  \"id\": \"/subscriptions/38304e13-357e-405e-9e9a-220351dcce8c/resourceGroups/iaasvm-pstest-rg/providers/Microsoft.RecoveryServices/vaults/iaasvm-pstest-vault/backupconfig/vaultconfig\",\r\n  \"name\": \"vaultconfig\",\r\n  \"type\": \"Microsoft.RecoveryServices/vaults/backupconfig\",\r\n  \"properties\": {\r\n    \"enhancedSecurityState\": \"Enabled\",\r\n    \"softDeleteFeatureState\": \"Disabled\",\r\n    \"softDeleteRetentionPeriodInDays\": 14,\r\n    \"isSoftDeleteFeatureStateEditable\": true\r\n  }\r\n}",
      "StatusCode": 200
    },
    {
      "RequestUri": "/subscriptions/38304e13-357e-405e-9e9a-220351dcce8c/resourceGroups/iaasvm-pstest-rg/providers/Microsoft.RecoveryServices/vaults/iaasvm-pstest-vault/backupconfig/vaultconfig?api-version=2023-01-01",
      "EncodedRequestUri": "L3N1YnNjcmlwdGlvbnMvMzgzMDRlMTMtMzU3ZS00MDVlLTllOWEtMjIwMzUxZGNjZThjL3Jlc291cmNlR3JvdXBzL2lhYXN2bS1wc3Rlc3QtcmcvcHJvdmlkZXJzL01pY3Jvc29mdC5SZWNvdmVyeVNlcnZpY2VzL3ZhdWx0cy9pYWFzdm0tcHN0ZXN0LXZhdWx0L2JhY2t1cGNvbmZpZy92YXVsdGNvbmZpZz9hcGktdmVyc2lvbj0yMDIzLTAxLTAx",
      "RequestMethod": "GET",
      "RequestHeaders": {
        "x-ms-client-request-id": [
          "733e0132-3bc1-4d6f-b018-dd17666be6b4"
        ],
        "Accept-Language": [
          "en-US"
        ],
        "User-Agent": [
          "FxVersion/4.700.22.55902",
          "OSName/Windows",
          "OSVersion/Microsoft.Windows.10.0.22621",
          "Microsoft.Azure.Management.RecoveryServices.Backup.RecoveryServicesBackupClient/6.3.0"
        ]
      },
      "RequestBody": "",
      "ResponseHeaders": {
        "Cache-Control": [
          "no-cache"
        ],
        "Pragma": [
          "no-cache"
        ],
        "X-Content-Type-Options": [
          "nosniff"
        ],
        "x-ms-request-id": [
          ""
        ],
        "Strict-Transport-Security": [
          "max-age=31536000; includeSubDomains"
        ],
        "x-ms-client-request-id": [
          "733e0132-3bc1-4d6f-b018-dd17666be6b4"
        ],
        "Server": [
          "Microsoft-IIS/10.0"
        ],
        "X-Powered-By": [
          "ASP.NET"
        ],
        "x-ms-ratelimit-remaining-subscription-resource-requests": [
          "299"
        ],
        "x-ms-correlation-request-id": [
          "9da1e44e-ae64-443e-bb79-6817f096d076"
        ],
        "x-ms-routing-request-id": [
          "WESTINDIA:20230418T203155Z:9da1e44e-ae64-443e-bb79-6817f096d076"
        ],
        "Date": [
          "Tue, 18 Apr 2023 20:31:54 GMT"
        ],
        "Content-Length": [
          "420"
        ],
        "Content-Type": [
          "application/json"
        ],
        "Expires": [
          "-1"
        ]
      },
      "ResponseBody": "{\r\n  \"id\": \"/subscriptions/38304e13-357e-405e-9e9a-220351dcce8c/resourceGroups/iaasvm-pstest-rg/providers/Microsoft.RecoveryServices/vaults/iaasvm-pstest-vault/backupconfig/vaultconfig\",\r\n  \"name\": \"vaultconfig\",\r\n  \"type\": \"Microsoft.RecoveryServices/vaults/backupconfig\",\r\n  \"properties\": {\r\n    \"enhancedSecurityState\": \"Enabled\",\r\n    \"softDeleteFeatureState\": \"Disabled\",\r\n    \"softDeleteRetentionPeriodInDays\": 14,\r\n    \"isSoftDeleteFeatureStateEditable\": true\r\n  }\r\n}",
      "StatusCode": 200
    },
    {
      "RequestUri": "/subscriptions/38304e13-357e-405e-9e9a-220351dcce8c/resourceGroups/iaasvm-pstest-rg/providers/Microsoft.RecoveryServices/vaults/iaasvm-pstest-vault/backupconfig/vaultconfig?api-version=2023-01-01",
      "EncodedRequestUri": "L3N1YnNjcmlwdGlvbnMvMzgzMDRlMTMtMzU3ZS00MDVlLTllOWEtMjIwMzUxZGNjZThjL3Jlc291cmNlR3JvdXBzL2lhYXN2bS1wc3Rlc3QtcmcvcHJvdmlkZXJzL01pY3Jvc29mdC5SZWNvdmVyeVNlcnZpY2VzL3ZhdWx0cy9pYWFzdm0tcHN0ZXN0LXZhdWx0L2JhY2t1cGNvbmZpZy92YXVsdGNvbmZpZz9hcGktdmVyc2lvbj0yMDIzLTAxLTAx",
      "RequestMethod": "PATCH",
      "RequestHeaders": {
        "x-ms-client-request-id": [
          "e7120159-b777-470d-9277-44419631366d"
        ],
        "Accept-Language": [
          "en-US"
        ],
        "User-Agent": [
          "FxVersion/4.700.22.55902",
          "OSName/Windows",
          "OSVersion/Microsoft.Windows.10.0.22621",
          "Microsoft.Azure.Management.RecoveryServices.Backup.RecoveryServicesBackupClient/6.3.0"
        ],
        "Content-Type": [
          "application/json; charset=utf-8"
        ],
        "Content-Length": [
          "111"
        ]
      },
      "RequestBody": "{\r\n  \"properties\": {\r\n    \"enhancedSecurityState\": \"Enabled\",\r\n    \"softDeleteFeatureState\": \"Disabled\"\r\n  }\r\n}",
      "ResponseHeaders": {
        "Cache-Control": [
          "no-cache"
        ],
        "Pragma": [
          "no-cache"
        ],
        "X-Content-Type-Options": [
          "nosniff"
        ],
        "x-ms-request-id": [
          "eab29bec-1700-45d1-93f5-ea798641ec8a"
        ],
        "x-ms-client-request-id": [
          "e7120159-b777-470d-9277-44419631366d",
          "e7120159-b777-470d-9277-44419631366d"
        ],
        "Strict-Transport-Security": [
          "max-age=31536000; includeSubDomains"
        ],
        "Server": [
          "Microsoft-IIS/10.0"
        ],
        "X-Powered-By": [
          "ASP.NET"
        ],
        "x-ms-ratelimit-remaining-subscription-writes": [
          "1199"
        ],
        "x-ms-correlation-request-id": [
          "eab29bec-1700-45d1-93f5-ea798641ec8a"
        ],
        "x-ms-routing-request-id": [
          "WESTINDIA:20230418T203150Z:eab29bec-1700-45d1-93f5-ea798641ec8a"
        ],
        "Date": [
          "Tue, 18 Apr 2023 20:31:49 GMT"
        ],
        "Content-Length": [
          "420"
        ],
        "Content-Type": [
          "application/json"
        ],
        "Expires": [
          "-1"
        ]
      },
      "ResponseBody": "{\r\n  \"id\": \"/subscriptions/38304e13-357e-405e-9e9a-220351dcce8c/resourceGroups/iaasvm-pstest-rg/providers/Microsoft.RecoveryServices/vaults/iaasvm-pstest-vault/backupconfig/vaultconfig\",\r\n  \"name\": \"vaultconfig\",\r\n  \"type\": \"Microsoft.RecoveryServices/vaults/backupconfig\",\r\n  \"properties\": {\r\n    \"enhancedSecurityState\": \"Enabled\",\r\n    \"softDeleteFeatureState\": \"Disabled\",\r\n    \"softDeleteRetentionPeriodInDays\": 14,\r\n    \"isSoftDeleteFeatureStateEditable\": true\r\n  }\r\n}",
      "StatusCode": 200
    },
    {
      "RequestUri": "/subscriptions/38304e13-357e-405e-9e9a-220351dcce8c/resourceGroups/iaasvm-pstest-rg/providers/Microsoft.RecoveryServices/vaults/iaasvm-pstest-vault/backupconfig/vaultconfig?api-version=2023-01-01",
      "EncodedRequestUri": "L3N1YnNjcmlwdGlvbnMvMzgzMDRlMTMtMzU3ZS00MDVlLTllOWEtMjIwMzUxZGNjZThjL3Jlc291cmNlR3JvdXBzL2lhYXN2bS1wc3Rlc3QtcmcvcHJvdmlkZXJzL01pY3Jvc29mdC5SZWNvdmVyeVNlcnZpY2VzL3ZhdWx0cy9pYWFzdm0tcHN0ZXN0LXZhdWx0L2JhY2t1cGNvbmZpZy92YXVsdGNvbmZpZz9hcGktdmVyc2lvbj0yMDIzLTAxLTAx",
      "RequestMethod": "PATCH",
      "RequestHeaders": {
        "x-ms-client-request-id": [
          "733e0132-3bc1-4d6f-b018-dd17666be6b4"
        ],
        "Accept-Language": [
          "en-US"
        ],
        "User-Agent": [
          "FxVersion/4.700.22.55902",
          "OSName/Windows",
          "OSVersion/Microsoft.Windows.10.0.22621",
          "Microsoft.Azure.Management.RecoveryServices.Backup.RecoveryServicesBackupClient/6.3.0"
        ],
        "Content-Type": [
          "application/json; charset=utf-8"
        ],
        "Content-Length": [
          "110"
        ]
      },
      "RequestBody": "{\r\n  \"properties\": {\r\n    \"enhancedSecurityState\": \"Enabled\",\r\n    \"softDeleteFeatureState\": \"Enabled\"\r\n  }\r\n}",
      "ResponseHeaders": {
        "Cache-Control": [
          "no-cache"
        ],
        "Pragma": [
          "no-cache"
        ],
        "X-Content-Type-Options": [
          "nosniff"
        ],
        "x-ms-request-id": [
          "84052c5b-4420-40fd-8cbc-526954b5ca07"
        ],
        "x-ms-client-request-id": [
          "733e0132-3bc1-4d6f-b018-dd17666be6b4",
          "733e0132-3bc1-4d6f-b018-dd17666be6b4"
        ],
        "Strict-Transport-Security": [
          "max-age=31536000; includeSubDomains"
        ],
        "Server": [
          "Microsoft-IIS/10.0"
        ],
        "X-Powered-By": [
          "ASP.NET"
        ],
        "x-ms-ratelimit-remaining-subscription-writes": [
          "1199"
        ],
        "x-ms-correlation-request-id": [
          "84052c5b-4420-40fd-8cbc-526954b5ca07"
        ],
        "x-ms-routing-request-id": [
          "WESTINDIA:20230418T203156Z:84052c5b-4420-40fd-8cbc-526954b5ca07"
        ],
        "Date": [
          "Tue, 18 Apr 2023 20:31:55 GMT"
        ],
        "Content-Length": [
          "419"
        ],
        "Content-Type": [
          "application/json"
        ],
        "Expires": [
          "-1"
        ]
      },
      "ResponseBody": "{\r\n  \"id\": \"/subscriptions/38304e13-357e-405e-9e9a-220351dcce8c/resourceGroups/iaasvm-pstest-rg/providers/Microsoft.RecoveryServices/vaults/iaasvm-pstest-vault/backupconfig/vaultconfig\",\r\n  \"name\": \"vaultconfig\",\r\n  \"type\": \"Microsoft.RecoveryServices/vaults/backupconfig\",\r\n  \"properties\": {\r\n    \"enhancedSecurityState\": \"Enabled\",\r\n    \"softDeleteFeatureState\": \"Enabled\",\r\n    \"softDeleteRetentionPeriodInDays\": 14,\r\n    \"isSoftDeleteFeatureStateEditable\": true\r\n  }\r\n}",
      "StatusCode": 200
    },
    {
      "RequestUri": "/subscriptions/38304e13-357e-405e-9e9a-220351dcce8c/resourceGroups/iaasvm-pstest-rg/providers/Microsoft.RecoveryServices/vaults/iaasvm-pstest-vault/backupProtectedItems?$filter=backupManagementType%20eq%20'AzureIaasVM'%20and%20itemType%20eq%20'VM'&api-version=2023-01-01",
      "EncodedRequestUri": "L3N1YnNjcmlwdGlvbnMvMzgzMDRlMTMtMzU3ZS00MDVlLTllOWEtMjIwMzUxZGNjZThjL3Jlc291cmNlR3JvdXBzL2lhYXN2bS1wc3Rlc3QtcmcvcHJvdmlkZXJzL01pY3Jvc29mdC5SZWNvdmVyeVNlcnZpY2VzL3ZhdWx0cy9pYWFzdm0tcHN0ZXN0LXZhdWx0L2JhY2t1cFByb3RlY3RlZEl0ZW1zPyRmaWx0ZXI9YmFja3VwTWFuYWdlbWVudFR5cGUlMjBlcSUyMCdBenVyZUlhYXNWTSclMjBhbmQlMjBpdGVtVHlwZSUyMGVxJTIwJ1ZNJyZhcGktdmVyc2lvbj0yMDIzLTAxLTAx",
      "RequestMethod": "GET",
      "RequestHeaders": {
        "x-ms-client-request-id": [
          "532d27a2-a41a-4731-a0b7-4a4502711f46"
        ],
        "Accept-Language": [
          "en-US"
        ],
        "User-Agent": [
          "FxVersion/4.700.22.55902",
          "OSName/Windows",
          "OSVersion/Microsoft.Windows.10.0.22621",
          "Microsoft.Azure.Management.RecoveryServices.Backup.RecoveryServicesBackupClient/6.3.0"
        ]
      },
      "RequestBody": "",
      "ResponseHeaders": {
        "Cache-Control": [
          "no-cache"
        ],
        "Pragma": [
          "no-cache"
        ],
        "X-Content-Type-Options": [
          "nosniff"
        ],
        "x-ms-request-id": [
          "b0749a13-6c25-428a-a646-2a59bc40c966"
        ],
        "x-ms-client-request-id": [
          "532d27a2-a41a-4731-a0b7-4a4502711f46",
          "532d27a2-a41a-4731-a0b7-4a4502711f46"
        ],
        "Strict-Transport-Security": [
          "max-age=31536000; includeSubDomains"
        ],
        "Server": [
          "Microsoft-IIS/10.0"
        ],
        "X-Powered-By": [
          "ASP.NET"
        ],
        "x-ms-ratelimit-remaining-subscription-resource-requests": [
          "299"
        ],
        "x-ms-correlation-request-id": [
          "b0749a13-6c25-428a-a646-2a59bc40c966"
        ],
        "x-ms-routing-request-id": [
          "WESTINDIA:20230418T203153Z:b0749a13-6c25-428a-a646-2a59bc40c966"
        ],
        "Date": [
          "Tue, 18 Apr 2023 20:31:52 GMT"
        ],
        "Content-Length": [
          "12"
        ],
        "Content-Type": [
          "application/json"
        ],
        "Expires": [
          "-1"
        ]
      },
      "ResponseBody": "{\r\n  \"value\": []\r\n}",
      "StatusCode": 200
    }
  ],
  "Names": {},
  "Variables": {
    "SubscriptionId": "38304e13-357e-405e-9e9a-220351dcce8c"
  }
}