{
  "Entries": [
    {
      "RequestUri": "/subscriptions/38304e13-357e-405e-9e9a-220351dcce8c/resourcegroups/PSTestRG49ae435d22?api-version=2016-09-01",
      "EncodedRequestUri": "L3N1YnNjcmlwdGlvbnMvMzgzMDRlMTMtMzU3ZS00MDVlLTllOWEtMjIwMzUxZGNjZThjL3Jlc291cmNlZ3JvdXBzL1BTVGVzdFJHNDlhZTQzNWQyMj9hcGktdmVyc2lvbj0yMDE2LTA5LTAx",
      "RequestMethod": "GET",
      "RequestBody": "",
      "RequestHeaders": {
        "x-ms-client-request-id": [
          "800d1414-8850-4727-9c0a-cc9121b30503"
        ],
        "Accept-Language": [
          "en-US"
        ],
        "User-Agent": [
          "FxVersion/4.6.29321.03",
          "OSName/Windows",
          "OSVersion/Microsoft.Windows.10.0.19042.",
          "Microsoft.Azure.Management.Internal.Resources.ResourceManagementClient/1.3.29"
        ]
      },
      "ResponseHeaders": {
        "Cache-Control": [
          "no-cache"
        ],
        "Pragma": [
          "no-cache"
        ],
        "x-ms-failure-cause": [
          "gateway"
        ],
        "x-ms-ratelimit-remaining-subscription-reads": [
          "11999"
        ],
        "x-ms-request-id": [
          "ec445da9-8358-44d6-8568-1fe4e51f76c0"
        ],
        "x-ms-correlation-request-id": [
          "ec445da9-8358-44d6-8568-1fe4e51f76c0"
        ],
        "x-ms-routing-request-id": [
          "WESTINDIA:20201218T130110Z:ec445da9-8358-44d6-8568-1fe4e51f76c0"
        ],
        "Strict-Transport-Security": [
          "max-age=31536000; includeSubDomains"
        ],
        "X-Content-Type-Options": [
          "nosniff"
        ],
        "Date": [
          "Fri, 18 Dec 2020 13:01:10 GMT"
        ],
        "Content-Type": [
          "application/json; charset=utf-8"
        ],
        "Expires": [
          "-1"
        ],
        "Content-Length": [
          "110"
        ]
      },
      "ResponseBody": "{\r\n  \"error\": {\r\n    \"code\": \"ResourceGroupNotFound\",\r\n    \"message\": \"Resource group 'PSTestRG49ae435d22' could not be found.\"\r\n  }\r\n}",
      "StatusCode": 404
    },
    {
      "RequestUri": "/subscriptions/38304e13-357e-405e-9e9a-220351dcce8c/resourcegroups/PSTestRG49ae435d22?api-version=2016-09-01",
      "EncodedRequestUri": "L3N1YnNjcmlwdGlvbnMvMzgzMDRlMTMtMzU3ZS00MDVlLTllOWEtMjIwMzUxZGNjZThjL3Jlc291cmNlZ3JvdXBzL1BTVGVzdFJHNDlhZTQzNWQyMj9hcGktdmVyc2lvbj0yMDE2LTA5LTAx",
      "RequestMethod": "GET",
      "RequestBody": "",
      "RequestHeaders": {
        "x-ms-client-request-id": [
          "dd5bead2-a202-4326-b511-496ef24e8a2c"
        ],
        "Accept-Language": [
          "en-US"
        ],
        "User-Agent": [
          "FxVersion/4.6.29321.03",
          "OSName/Windows",
          "OSVersion/Microsoft.Windows.10.0.19042.",
          "Microsoft.Azure.Management.Internal.Resources.ResourceManagementClient/1.3.29"
        ]
      },
      "ResponseHeaders": {
        "Cache-Control": [
          "no-cache"
        ],
        "Pragma": [
          "no-cache"
        ],
        "x-ms-ratelimit-remaining-subscription-reads": [
          "11998"
        ],
        "x-ms-request-id": [
          "64de365d-ae1f-426d-8f65-a77931711867"
        ],
        "x-ms-correlation-request-id": [
          "64de365d-ae1f-426d-8f65-a77931711867"
        ],
        "x-ms-routing-request-id": [
          "WESTINDIA:20201218T130127Z:64de365d-ae1f-426d-8f65-a77931711867"
        ],
        "Strict-Transport-Security": [
          "max-age=31536000; includeSubDomains"
        ],
        "X-Content-Type-Options": [
          "nosniff"
        ],
        "Date": [
          "Fri, 18 Dec 2020 13:01:27 GMT"
        ],
        "Content-Type": [
          "application/json; charset=utf-8"
        ],
        "Expires": [
          "-1"
        ],
        "Content-Length": [
          "196"
        ]
      },
      "ResponseBody": "{\r\n  \"id\": \"/subscriptions/38304e13-357e-405e-9e9a-220351dcce8c/resourceGroups/PSTestRG49ae435d22\",\r\n  \"name\": \"PSTestRG49ae435d22\",\r\n  \"location\": \"southeastasia\",\r\n  \"properties\": {\r\n    \"provisioningState\": \"Succeeded\"\r\n  }\r\n}",
      "StatusCode": 200
    },
    {
      "RequestUri": "/subscriptions/38304e13-357e-405e-9e9a-220351dcce8c/resourcegroups/PSTestRG49ae435d22?api-version=2016-09-01",
      "EncodedRequestUri": "L3N1YnNjcmlwdGlvbnMvMzgzMDRlMTMtMzU3ZS00MDVlLTllOWEtMjIwMzUxZGNjZThjL3Jlc291cmNlZ3JvdXBzL1BTVGVzdFJHNDlhZTQzNWQyMj9hcGktdmVyc2lvbj0yMDE2LTA5LTAx",
      "RequestMethod": "PUT",
      "RequestBody": "{\r\n  \"location\": \"southeastasia\"\r\n}",
      "RequestHeaders": {
        "x-ms-client-request-id": [
          "ffa10e4a-47f0-434a-b251-7ed94849d862"
        ],
        "Accept-Language": [
          "en-US"
        ],
        "User-Agent": [
          "FxVersion/4.6.29321.03",
          "OSName/Windows",
          "OSVersion/Microsoft.Windows.10.0.19042.",
          "Microsoft.Azure.Management.Internal.Resources.ResourceManagementClient/1.3.29"
        ],
        "Content-Type": [
          "application/json; charset=utf-8"
        ],
        "Content-Length": [
          "35"
        ]
      },
      "ResponseHeaders": {
        "Cache-Control": [
          "no-cache"
        ],
        "Pragma": [
          "no-cache"
        ],
        "x-ms-ratelimit-remaining-subscription-writes": [
          "1199"
        ],
        "x-ms-request-id": [
          "937de7a5-621b-4e5f-9076-3765d0e5c3aa"
        ],
        "x-ms-correlation-request-id": [
          "937de7a5-621b-4e5f-9076-3765d0e5c3aa"
        ],
        "x-ms-routing-request-id": [
          "WESTINDIA:20201218T130112Z:937de7a5-621b-4e5f-9076-3765d0e5c3aa"
        ],
        "Strict-Transport-Security": [
          "max-age=31536000; includeSubDomains"
        ],
        "X-Content-Type-Options": [
          "nosniff"
        ],
        "Date": [
          "Fri, 18 Dec 2020 13:01:12 GMT"
        ],
        "Content-Length": [
          "196"
        ],
        "Content-Type": [
          "application/json; charset=utf-8"
        ],
        "Expires": [
          "-1"
        ]
      },
      "ResponseBody": "{\r\n  \"id\": \"/subscriptions/38304e13-357e-405e-9e9a-220351dcce8c/resourceGroups/PSTestRG49ae435d22\",\r\n  \"name\": \"PSTestRG49ae435d22\",\r\n  \"location\": \"southeastasia\",\r\n  \"properties\": {\r\n    \"provisioningState\": \"Succeeded\"\r\n  }\r\n}",
      "StatusCode": 201
    },
    {
      "RequestUri": "/subscriptions/38304e13-357e-405e-9e9a-220351dcce8c/resourceGroups/PSTestRG49ae435d22/providers/Microsoft.RecoveryServices/vaults/PSTestRSV49ae435d?api-version=2016-06-01",
      "EncodedRequestUri": "L3N1YnNjcmlwdGlvbnMvMzgzMDRlMTMtMzU3ZS00MDVlLTllOWEtMjIwMzUxZGNjZThjL3Jlc291cmNlR3JvdXBzL1BTVGVzdFJHNDlhZTQzNWQyMi9wcm92aWRlcnMvTWljcm9zb2Z0LlJlY292ZXJ5U2VydmljZXMvdmF1bHRzL1BTVGVzdFJTVjQ5YWU0MzVkP2FwaS12ZXJzaW9uPTIwMTYtMDYtMDE=",
      "RequestMethod": "GET",
      "RequestBody": "",
      "RequestHeaders": {
        "x-ms-client-request-id": [
          "1dc16f05-fdd8-4b94-9211-d5991dc2c016-2020-12-18 13:01:12Z-P"
        ],
        "Accept-Language": [
          "en-US"
        ],
        "User-Agent": [
          "FxVersion/4.6.29321.03",
          "OSName/Windows",
          "OSVersion/Microsoft.Windows.10.0.19042.",
          "Microsoft.Azure.Management.RecoveryServices.RecoveryServicesClient/4.3.1.0"
        ]
      },
      "ResponseHeaders": {
        "Cache-Control": [
          "no-cache"
        ],
        "Pragma": [
          "no-cache"
        ],
        "x-ms-failure-cause": [
          "gateway"
        ],
        "x-ms-request-id": [
          "91252f02-b55e-4dad-bb01-93bf33a4cc06"
        ],
        "x-ms-correlation-request-id": [
          "91252f02-b55e-4dad-bb01-93bf33a4cc06"
        ],
        "x-ms-routing-request-id": [
          "WESTINDIA:20201218T130112Z:91252f02-b55e-4dad-bb01-93bf33a4cc06"
        ],
        "Strict-Transport-Security": [
          "max-age=31536000; includeSubDomains"
        ],
        "X-Content-Type-Options": [
          "nosniff"
        ],
        "Date": [
          "Fri, 18 Dec 2020 13:01:12 GMT"
        ],
        "Content-Type": [
          "application/json; charset=utf-8"
        ],
        "Expires": [
          "-1"
        ],
        "Content-Length": [
          "241"
        ]
      },
      "ResponseBody": "{\r\n  \"error\": {\r\n    \"code\": \"ResourceNotFound\",\r\n    \"message\": \"The Resource 'Microsoft.RecoveryServices/vaults/PSTestRSV49ae435d' under resource group 'PSTestRG49ae435d22' was not found. For more details please go to https://aka.ms/ARMResourceNotFoundFix\"\r\n  }\r\n}",
      "StatusCode": 404
    },
    {
      "RequestUri": "/subscriptions/38304e13-357e-405e-9e9a-220351dcce8c/resourceGroups/PSTestRG49ae435d22/providers/Microsoft.RecoveryServices/vaults/PSTestRSV49ae435d?api-version=2016-06-01",
      "EncodedRequestUri": "L3N1YnNjcmlwdGlvbnMvMzgzMDRlMTMtMzU3ZS00MDVlLTllOWEtMjIwMzUxZGNjZThjL3Jlc291cmNlR3JvdXBzL1BTVGVzdFJHNDlhZTQzNWQyMi9wcm92aWRlcnMvTWljcm9zb2Z0LlJlY292ZXJ5U2VydmljZXMvdmF1bHRzL1BTVGVzdFJTVjQ5YWU0MzVkP2FwaS12ZXJzaW9uPTIwMTYtMDYtMDE=",
      "RequestMethod": "GET",
      "RequestBody": "",
      "RequestHeaders": {
        "x-ms-client-request-id": [
          "7e2935d4-4425-4765-92ae-047a1ab19655-2020-12-18 13:01:19Z-P"
        ],
        "Accept-Language": [
          "en-US"
        ],
        "User-Agent": [
          "FxVersion/4.6.29321.03",
          "OSName/Windows",
          "OSVersion/Microsoft.Windows.10.0.19042.",
          "Microsoft.Azure.Management.RecoveryServices.RecoveryServicesClient/4.3.1.0"
        ]
      },
      "ResponseHeaders": {
        "Cache-Control": [
          "no-cache"
        ],
        "Pragma": [
          "no-cache"
        ],
        "X-Content-Type-Options": [
          "nosniff"
        ],
        "x-ms-request-id": [
          "1c075650-4a27-45c6-b6d8-ded3f751542d"
        ],
        "x-ms-client-request-id": [
          "7e2935d4-4425-4765-92ae-047a1ab19655-2020-12-18 13:01:19Z-P"
        ],
        "Strict-Transport-Security": [
          "max-age=31536000; includeSubDomains"
        ],
        "Server": [
          "Microsoft-IIS/10.0"
        ],
        "x-ms-ratelimit-remaining-subscription-reads": [
          "11998"
        ],
        "x-ms-correlation-request-id": [
          "1c075650-4a27-45c6-b6d8-ded3f751542d"
        ],
        "x-ms-routing-request-id": [
          "WESTINDIA:20201218T130119Z:1c075650-4a27-45c6-b6d8-ded3f751542d"
        ],
        "Date": [
          "Fri, 18 Dec 2020 13:01:19 GMT"
        ],
        "Content-Length": [
          "468"
        ],
        "Content-Type": [
          "application/json"
        ],
        "Expires": [
          "-1"
        ]
      },
      "ResponseBody": "{\r\n  \"location\": \"southeastasia\",\r\n  \"name\": \"PSTestRSV49ae435d\",\r\n  \"etag\": \"W/\\\"datetime'2020-12-18T13%3A01%3A17.3563839Z'\\\"\",\r\n  \"properties\": {\r\n    \"provisioningState\": \"Succeeded\",\r\n    \"privateEndpointStateForBackup\": \"None\",\r\n    \"privateEndpointStateForSiteRecovery\": \"None\"\r\n  },\r\n  \"id\": \"/subscriptions/38304e13-357e-405e-9e9a-220351dcce8c/resourceGroups/PSTestRG49ae435d22/providers/Microsoft.RecoveryServices/vaults/PSTestRSV49ae435d\",\r\n  \"type\": \"Microsoft.RecoveryServices/vaults\",\r\n  \"sku\": {\r\n    \"name\": \"Standard\"\r\n  }\r\n}",
      "StatusCode": 200
    },
    {
      "RequestUri": "/subscriptions/38304e13-357e-405e-9e9a-220351dcce8c/resourceGroups/PSTestRG49ae435d22/providers/Microsoft.RecoveryServices/vaults/PSTestRSV49ae435d?api-version=2016-06-01",
      "EncodedRequestUri": "L3N1YnNjcmlwdGlvbnMvMzgzMDRlMTMtMzU3ZS00MDVlLTllOWEtMjIwMzUxZGNjZThjL3Jlc291cmNlR3JvdXBzL1BTVGVzdFJHNDlhZTQzNWQyMi9wcm92aWRlcnMvTWljcm9zb2Z0LlJlY292ZXJ5U2VydmljZXMvdmF1bHRzL1BTVGVzdFJTVjQ5YWU0MzVkP2FwaS12ZXJzaW9uPTIwMTYtMDYtMDE=",
      "RequestMethod": "PUT",
      "RequestBody": "{\r\n  \"properties\": {},\r\n  \"sku\": {\r\n    \"name\": \"Standard\"\r\n  },\r\n  \"location\": \"southeastasia\"\r\n}",
      "RequestHeaders": {
        "x-ms-client-request-id": [
          "1eeb4dc8-d2ec-46aa-84ce-797a2e22fe5f-2020-12-18 13:01:12Z-P"
        ],
        "Accept-Language": [
          "en-US"
        ],
        "User-Agent": [
          "FxVersion/4.6.29321.03",
          "OSName/Windows",
          "OSVersion/Microsoft.Windows.10.0.19042.",
          "Microsoft.Azure.Management.RecoveryServices.RecoveryServicesClient/4.3.1.0"
        ],
        "Content-Type": [
          "application/json; charset=utf-8"
        ],
        "Content-Length": [
          "98"
        ]
      },
      "ResponseHeaders": {
        "Cache-Control": [
          "no-cache"
        ],
        "Pragma": [
          "no-cache"
        ],
        "X-Content-Type-Options": [
          "nosniff"
        ],
        "x-ms-request-id": [
          "41ca4262-008f-4bac-beb8-7e97d8cbc0f4"
        ],
        "x-ms-client-request-id": [
          "1eeb4dc8-d2ec-46aa-84ce-797a2e22fe5f-2020-12-18 13:01:12Z-P"
        ],
        "Strict-Transport-Security": [
          "max-age=31536000; includeSubDomains"
        ],
        "Server": [
          "Microsoft-IIS/10.0"
        ],
        "x-ms-ratelimit-remaining-subscription-resource-requests": [
          "209"
        ],
        "x-ms-correlation-request-id": [
          "41ca4262-008f-4bac-beb8-7e97d8cbc0f4"
        ],
        "x-ms-routing-request-id": [
          "WESTINDIA:20201218T130117Z:41ca4262-008f-4bac-beb8-7e97d8cbc0f4"
        ],
        "Date": [
          "Fri, 18 Dec 2020 13:01:17 GMT"
        ],
        "Content-Length": [
          "468"
        ],
        "Content-Type": [
          "application/json"
        ],
        "Expires": [
          "-1"
        ]
      },
      "ResponseBody": "{\r\n  \"location\": \"southeastasia\",\r\n  \"name\": \"PSTestRSV49ae435d\",\r\n  \"etag\": \"W/\\\"datetime'2020-12-18T13%3A01%3A17.3563839Z'\\\"\",\r\n  \"properties\": {\r\n    \"provisioningState\": \"Succeeded\",\r\n    \"privateEndpointStateForBackup\": \"None\",\r\n    \"privateEndpointStateForSiteRecovery\": \"None\"\r\n  },\r\n  \"id\": \"/subscriptions/38304e13-357e-405e-9e9a-220351dcce8c/resourceGroups/PSTestRG49ae435d22/providers/Microsoft.RecoveryServices/vaults/PSTestRSV49ae435d\",\r\n  \"type\": \"Microsoft.RecoveryServices/vaults\",\r\n  \"sku\": {\r\n    \"name\": \"Standard\"\r\n  }\r\n}",
      "StatusCode": 201
    },
    {
      "RequestUri": "/subscriptions/38304e13-357e-405e-9e9a-220351dcce8c/resourceGroups/PSTestRG49ae435d22/providers/Microsoft.RecoveryServices/vaults/PSTestRSV49ae435d/backupconfig/vaultconfig?api-version=2020-10-01",
      "EncodedRequestUri": "L3N1YnNjcmlwdGlvbnMvMzgzMDRlMTMtMzU3ZS00MDVlLTllOWEtMjIwMzUxZGNjZThjL3Jlc291cmNlR3JvdXBzL1BTVGVzdFJHNDlhZTQzNWQyMi9wcm92aWRlcnMvTWljcm9zb2Z0LlJlY292ZXJ5U2VydmljZXMvdmF1bHRzL1BTVGVzdFJTVjQ5YWU0MzVkL2JhY2t1cGNvbmZpZy92YXVsdGNvbmZpZz9hcGktdmVyc2lvbj0yMDIwLTEwLTAx",
      "RequestMethod": "GET",
      "RequestBody": "",
      "RequestHeaders": {
        "x-ms-client-request-id": [
          "ecb1234e-3fc6-447c-9460-434e1dac746c"
        ],
        "Accept-Language": [
          "en-US"
        ],
        "User-Agent": [
          "FxVersion/4.6.29321.03",
          "OSName/Windows",
          "OSVersion/Microsoft.Windows.10.0.19042.",
          "Microsoft.Azure.Management.RecoveryServices.Backup.RecoveryServicesBackupClient/4.1.3.0"
        ]
      },
      "ResponseHeaders": {
        "Cache-Control": [
          "no-cache"
        ],
        "Pragma": [
          "no-cache"
        ],
        "X-Content-Type-Options": [
          "nosniff"
        ],
        "x-ms-request-id": [
          "3c72217e-ef29-4e36-b9d1-a58c06ebd7aa"
        ],
        "x-ms-client-request-id": [
          "ecb1234e-3fc6-447c-9460-434e1dac746c",
          "ecb1234e-3fc6-447c-9460-434e1dac746c"
        ],
        "Strict-Transport-Security": [
          "max-age=31536000; includeSubDomains"
        ],
        "Server": [
          "Microsoft-IIS/10.0"
        ],
        "X-Powered-By": [
          "ASP.NET"
        ],
        "x-ms-ratelimit-remaining-subscription-resource-requests": [
          "149"
        ],
        "x-ms-correlation-request-id": [
          "3c72217e-ef29-4e36-b9d1-a58c06ebd7aa"
        ],
        "x-ms-routing-request-id": [
          "WESTINDIA:20201218T130118Z:3c72217e-ef29-4e36-b9d1-a58c06ebd7aa"
        ],
        "Date": [
          "Fri, 18 Dec 2020 13:01:17 GMT"
        ],
        "Content-Length": [
          "382"
        ],
        "Content-Type": [
          "application/json"
        ],
        "Expires": [
          "-1"
        ]
      },
      "ResponseBody": "{\r\n  \"id\": \"/subscriptions/38304e13-357e-405e-9e9a-220351dcce8c/resourceGroups/PSTestRG49ae435d22/providers/Microsoft.RecoveryServices/vaults/PSTestRSV49ae435d/backupconfig/vaultconfig\",\r\n  \"name\": \"vaultconfig\",\r\n  \"type\": \"Microsoft.RecoveryServices/vaults/backupconfig\",\r\n  \"properties\": {\r\n    \"enhancedSecurityState\": \"Enabled\",\r\n    \"softDeleteFeatureState\": \"Enabled\",\r\n    \"isSoftDeleteFeatureStateEditable\": true\r\n  }\r\n}",
      "StatusCode": 200
    },
    {
      "RequestUri": "/subscriptions/38304e13-357e-405e-9e9a-220351dcce8c/resourceGroups/PSTestRG49ae435d22/providers/Microsoft.RecoveryServices/vaults/PSTestRSV49ae435d/backupconfig/vaultconfig?api-version=2020-10-01",
      "EncodedRequestUri": "L3N1YnNjcmlwdGlvbnMvMzgzMDRlMTMtMzU3ZS00MDVlLTllOWEtMjIwMzUxZGNjZThjL3Jlc291cmNlR3JvdXBzL1BTVGVzdFJHNDlhZTQzNWQyMi9wcm92aWRlcnMvTWljcm9zb2Z0LlJlY292ZXJ5U2VydmljZXMvdmF1bHRzL1BTVGVzdFJTVjQ5YWU0MzVkL2JhY2t1cGNvbmZpZy92YXVsdGNvbmZpZz9hcGktdmVyc2lvbj0yMDIwLTEwLTAx",
      "RequestMethod": "PATCH",
      "RequestBody": "{\r\n  \"properties\": {\r\n    \"enhancedSecurityState\": \"Enabled\",\r\n    \"softDeleteFeatureState\": \"Disabled\"\r\n  }\r\n}",
      "RequestHeaders": {
        "x-ms-client-request-id": [
          "2f268c7d-f03a-4da9-8ed8-3b9eb667c79c"
        ],
        "Accept-Language": [
          "en-US"
        ],
        "User-Agent": [
          "FxVersion/4.6.29321.03",
          "OSName/Windows",
          "OSVersion/Microsoft.Windows.10.0.19042.",
          "Microsoft.Azure.Management.RecoveryServices.Backup.RecoveryServicesBackupClient/4.1.3.0"
        ],
        "Content-Type": [
          "application/json; charset=utf-8"
        ],
        "Content-Length": [
          "111"
        ]
      },
      "ResponseHeaders": {
        "Cache-Control": [
          "no-cache"
        ],
        "Pragma": [
          "no-cache"
        ],
        "X-Content-Type-Options": [
          "nosniff"
        ],
        "x-ms-request-id": [
          "b7958f7f-570b-4c56-a2c8-6575203cd513"
        ],
        "x-ms-client-request-id": [
          "2f268c7d-f03a-4da9-8ed8-3b9eb667c79c",
          "2f268c7d-f03a-4da9-8ed8-3b9eb667c79c"
        ],
        "Strict-Transport-Security": [
          "max-age=31536000; includeSubDomains"
        ],
        "Server": [
          "Microsoft-IIS/10.0"
        ],
        "X-Powered-By": [
          "ASP.NET"
        ],
        "x-ms-ratelimit-remaining-subscription-writes": [
          "1199"
        ],
        "x-ms-correlation-request-id": [
          "b7958f7f-570b-4c56-a2c8-6575203cd513"
        ],
        "x-ms-routing-request-id": [
          "WESTINDIA:20201218T130119Z:b7958f7f-570b-4c56-a2c8-6575203cd513"
        ],
        "Date": [
          "Fri, 18 Dec 2020 13:01:18 GMT"
        ],
        "Content-Length": [
          "383"
        ],
        "Content-Type": [
          "application/json"
        ],
        "Expires": [
          "-1"
        ]
      },
      "ResponseBody": "{\r\n  \"id\": \"/subscriptions/38304e13-357e-405e-9e9a-220351dcce8c/resourceGroups/PSTestRG49ae435d22/providers/Microsoft.RecoveryServices/vaults/PSTestRSV49ae435d/backupconfig/vaultconfig\",\r\n  \"name\": \"vaultconfig\",\r\n  \"type\": \"Microsoft.RecoveryServices/vaults/backupconfig\",\r\n  \"properties\": {\r\n    \"enhancedSecurityState\": \"Enabled\",\r\n    \"softDeleteFeatureState\": \"Disabled\",\r\n    \"isSoftDeleteFeatureStateEditable\": true\r\n  }\r\n}",
      "StatusCode": 200
    },
    {
      "RequestUri": "/subscriptions/38304e13-357e-405e-9e9a-220351dcce8c/resourceGroups/PSTestRG49ae435d22/providers/Microsoft.RecoveryServices/vaults/PSTestRSV49ae435d?api-version=2016-06-01",
      "EncodedRequestUri": "L3N1YnNjcmlwdGlvbnMvMzgzMDRlMTMtMzU3ZS00MDVlLTllOWEtMjIwMzUxZGNjZThjL3Jlc291cmNlR3JvdXBzL1BTVGVzdFJHNDlhZTQzNWQyMi9wcm92aWRlcnMvTWljcm9zb2Z0LlJlY292ZXJ5U2VydmljZXMvdmF1bHRzL1BTVGVzdFJTVjQ5YWU0MzVkP2FwaS12ZXJzaW9uPTIwMTYtMDYtMDE=",
      "RequestMethod": "PATCH",
      "RequestBody": "{\r\n  \"identity\": {\r\n    \"type\": \"SystemAssigned\"\r\n  }\r\n}",
      "RequestHeaders": {
        "x-ms-client-request-id": [
          "bd7a998f-fab8-4d78-a972-873cdfaeaccd"
        ],
        "Accept-Language": [
          "en-US"
        ],
        "User-Agent": [
          "FxVersion/4.6.29321.03",
          "OSName/Windows",
          "OSVersion/Microsoft.Windows.10.0.19042.",
          "Microsoft.Azure.Management.RecoveryServices.RecoveryServicesClient/4.3.1.0"
        ],
        "Content-Type": [
          "application/json; charset=utf-8"
        ],
        "Content-Length": [
          "56"
        ]
      },
      "ResponseHeaders": {
        "Cache-Control": [
          "no-cache"
        ],
        "Pragma": [
          "no-cache"
        ],
        "X-Content-Type-Options": [
          "nosniff"
        ],
        "x-ms-request-id": [
          "c0044391-50ce-4951-bab0-ef0c6de057a9"
        ],
        "x-ms-client-request-id": [
          "bd7a998f-fab8-4d78-a972-873cdfaeaccd"
        ],
        "Strict-Transport-Security": [
          "max-age=31536000; includeSubDomains"
        ],
        "Server": [
          "Microsoft-IIS/10.0"
        ],
        "x-ms-ratelimit-remaining-subscription-resource-requests": [
          "208"
        ],
        "x-ms-correlation-request-id": [
          "c0044391-50ce-4951-bab0-ef0c6de057a9"
        ],
        "x-ms-routing-request-id": [
          "WESTINDIA:20201218T130124Z:c0044391-50ce-4951-bab0-ef0c6de057a9"
        ],
        "Date": [
          "Fri, 18 Dec 2020 13:01:23 GMT"
        ],
        "Content-Length": [
          "608"
        ],
        "Content-Type": [
          "application/json"
        ],
        "Expires": [
          "-1"
        ]
      },
      "ResponseBody": "{\r\n  \"location\": \"southeastasia\",\r\n  \"name\": \"PSTestRSV49ae435d\",\r\n  \"etag\": \"W/\\\"datetime'2020-12-18T13%3A01%3A23.6603832Z'\\\"\",\r\n  \"identity\": {\r\n    \"tenantId\": \"72f988bf-86f1-41af-91ab-2d7cd011db47\",\r\n    \"principalId\": \"177c8e51-9173-4095-b131-cb1b34c84c2a\",\r\n    \"type\": \"SystemAssigned\"\r\n  },\r\n  \"properties\": {\r\n    \"provisioningState\": \"Succeeded\",\r\n    \"privateEndpointStateForBackup\": \"None\",\r\n    \"privateEndpointStateForSiteRecovery\": \"None\"\r\n  },\r\n  \"id\": \"/subscriptions/38304e13-357e-405e-9e9a-220351dcce8c/resourceGroups/PSTestRG49ae435d22/providers/Microsoft.RecoveryServices/vaults/PSTestRSV49ae435d\",\r\n  \"type\": \"Microsoft.RecoveryServices/vaults\",\r\n  \"sku\": {\r\n    \"name\": \"Standard\"\r\n  }\r\n}",
      "StatusCode": 200
    },
    {
      "RequestUri": "/subscriptions/38304e13-357e-405e-9e9a-220351dcce8c/resourceGroups/PSTestRG49ae435d22/providers/Microsoft.RecoveryServices/vaults/PSTestRSV49ae435d?api-version=2016-06-01",
      "EncodedRequestUri": "L3N1YnNjcmlwdGlvbnMvMzgzMDRlMTMtMzU3ZS00MDVlLTllOWEtMjIwMzUxZGNjZThjL3Jlc291cmNlR3JvdXBzL1BTVGVzdFJHNDlhZTQzNWQyMi9wcm92aWRlcnMvTWljcm9zb2Z0LlJlY292ZXJ5U2VydmljZXMvdmF1bHRzL1BTVGVzdFJTVjQ5YWU0MzVkP2FwaS12ZXJzaW9uPTIwMTYtMDYtMDE=",
      "RequestMethod": "PATCH",
      "RequestBody": "{\r\n  \"identity\": {\r\n    \"type\": \"None\"\r\n  }\r\n}",
      "RequestHeaders": {
        "x-ms-client-request-id": [
          "9e5d5567-a7f3-452c-89f1-25d231a0e927"
        ],
        "Accept-Language": [
          "en-US"
        ],
        "User-Agent": [
          "FxVersion/4.6.29321.03",
          "OSName/Windows",
          "OSVersion/Microsoft.Windows.10.0.19042.",
          "Microsoft.Azure.Management.RecoveryServices.RecoveryServicesClient/4.3.1.0"
        ],
        "Content-Type": [
          "application/json; charset=utf-8"
        ],
        "Content-Length": [
          "46"
        ]
      },
      "ResponseHeaders": {
        "Cache-Control": [
          "no-cache"
        ],
        "Pragma": [
          "no-cache"
        ],
        "X-Content-Type-Options": [
          "nosniff"
        ],
        "x-ms-request-id": [
          "9431643b-a7f8-415d-b1ca-5755932e9531"
        ],
        "x-ms-client-request-id": [
          "9e5d5567-a7f3-452c-89f1-25d231a0e927"
        ],
        "Strict-Transport-Security": [
          "max-age=31536000; includeSubDomains"
        ],
        "Server": [
          "Microsoft-IIS/10.0"
        ],
        "x-ms-ratelimit-remaining-subscription-resource-requests": [
          "207"
        ],
        "x-ms-correlation-request-id": [
          "9431643b-a7f8-415d-b1ca-5755932e9531"
        ],
        "x-ms-routing-request-id": [
          "WESTINDIA:20201218T130127Z:9431643b-a7f8-415d-b1ca-5755932e9531"
        ],
        "Date": [
          "Fri, 18 Dec 2020 13:01:27 GMT"
        ],
        "Content-Length": [
          "495"
        ],
        "Content-Type": [
          "application/json"
        ],
        "Expires": [
          "-1"
        ]
      },
      "ResponseBody": "{\r\n  \"location\": \"southeastasia\",\r\n  \"name\": \"PSTestRSV49ae435d\",\r\n  \"etag\": \"W/\\\"datetime'2020-12-18T13%3A01%3A26.8984677Z'\\\"\",\r\n  \"identity\": {\r\n    \"type\": \"None\"\r\n  },\r\n  \"properties\": {\r\n    \"provisioningState\": \"Succeeded\",\r\n    \"privateEndpointStateForBackup\": \"None\",\r\n    \"privateEndpointStateForSiteRecovery\": \"None\"\r\n  },\r\n  \"id\": \"/subscriptions/38304e13-357e-405e-9e9a-220351dcce8c/resourceGroups/PSTestRG49ae435d22/providers/Microsoft.RecoveryServices/vaults/PSTestRSV49ae435d\",\r\n  \"type\": \"Microsoft.RecoveryServices/vaults\",\r\n  \"sku\": {\r\n    \"name\": \"Standard\"\r\n  }\r\n}",
      "StatusCode": 200
    },
    {
      "RequestUri": "/subscriptions/38304e13-357e-405e-9e9a-220351dcce8c/resourceGroups/PSTestRG49ae435d22/providers/Microsoft.RecoveryServices/vaults?api-version=2016-06-01",
      "EncodedRequestUri": "L3N1YnNjcmlwdGlvbnMvMzgzMDRlMTMtMzU3ZS00MDVlLTllOWEtMjIwMzUxZGNjZThjL3Jlc291cmNlR3JvdXBzL1BTVGVzdFJHNDlhZTQzNWQyMi9wcm92aWRlcnMvTWljcm9zb2Z0LlJlY292ZXJ5U2VydmljZXMvdmF1bHRzP2FwaS12ZXJzaW9uPTIwMTYtMDYtMDE=",
      "RequestMethod": "GET",
      "RequestBody": "",
      "RequestHeaders": {
        "x-ms-client-request-id": [
          "ff320a91-b418-4cc1-928a-19b8e98d1227-2020-12-18 13:01:27Z-P"
        ],
        "Accept-Language": [
          "en-US"
        ],
        "User-Agent": [
          "FxVersion/4.6.29321.03",
          "OSName/Windows",
          "OSVersion/Microsoft.Windows.10.0.19042.",
          "Microsoft.Azure.Management.RecoveryServices.RecoveryServicesClient/4.3.1.0"
        ]
      },
      "ResponseHeaders": {
        "Cache-Control": [
          "no-cache"
        ],
        "Pragma": [
          "no-cache"
        ],
        "X-Content-Type-Options": [
          "nosniff"
        ],
        "x-ms-request-id": [
          "990f3e42-742b-4e57-a62e-93b55092268a"
        ],
        "x-ms-client-request-id": [
          "ff320a91-b418-4cc1-928a-19b8e98d1227-2020-12-18 13:01:27Z-P"
        ],
        "Strict-Transport-Security": [
          "max-age=31536000; includeSubDomains"
        ],
        "Server": [
          "Microsoft-IIS/10.0"
        ],
        "x-ms-ratelimit-remaining-subscription-reads": [
          "11997"
        ],
        "x-ms-correlation-request-id": [
          "990f3e42-742b-4e57-a62e-93b55092268a"
        ],
        "x-ms-routing-request-id": [
          "WESTINDIA:20201218T130127Z:990f3e42-742b-4e57-a62e-93b55092268a"
        ],
        "Date": [
          "Fri, 18 Dec 2020 13:01:27 GMT"
        ],
        "Content-Length": [
          "507"
        ],
        "Content-Type": [
          "application/json"
        ],
        "Expires": [
          "-1"
        ]
      },
      "ResponseBody": "{\r\n  \"value\": [\r\n    {\r\n      \"location\": \"southeastasia\",\r\n      \"name\": \"PSTestRSV49ae435d\",\r\n      \"etag\": \"W/\\\"datetime'2020-12-18T13%3A01%3A26.8984677Z'\\\"\",\r\n      \"identity\": {\r\n        \"type\": \"None\"\r\n      },\r\n      \"properties\": {\r\n        \"provisioningState\": \"Succeeded\",\r\n        \"privateEndpointStateForBackup\": \"None\",\r\n        \"privateEndpointStateForSiteRecovery\": \"None\"\r\n      },\r\n      \"id\": \"/subscriptions/38304e13-357e-405e-9e9a-220351dcce8c/resourceGroups/PSTestRG49ae435d22/providers/Microsoft.RecoveryServices/vaults/PSTestRSV49ae435d\",\r\n      \"type\": \"Microsoft.RecoveryServices/vaults\",\r\n      \"sku\": {\r\n        \"name\": \"Standard\"\r\n      }\r\n    }\r\n  ]\r\n}",
      "StatusCode": 200
    },
    {
      "RequestUri": "/Subscriptions/38304e13-357e-405e-9e9a-220351dcce8c/resourceGroups/PSTestRG49ae435d22/providers/Microsoft.RecoveryServices/vaults/PSTestRSV49ae435d/backupProtectionContainers?$filter=backupManagementType%20eq%20'AzureIaasVM'%20and%20status%20eq%20'Registered'&api-version=2020-10-01",
      "EncodedRequestUri": "L1N1YnNjcmlwdGlvbnMvMzgzMDRlMTMtMzU3ZS00MDVlLTllOWEtMjIwMzUxZGNjZThjL3Jlc291cmNlR3JvdXBzL1BTVGVzdFJHNDlhZTQzNWQyMi9wcm92aWRlcnMvTWljcm9zb2Z0LlJlY292ZXJ5U2VydmljZXMvdmF1bHRzL1BTVGVzdFJTVjQ5YWU0MzVkL2JhY2t1cFByb3RlY3Rpb25Db250YWluZXJzPyRmaWx0ZXI9YmFja3VwTWFuYWdlbWVudFR5cGUlMjBlcSUyMCdBenVyZUlhYXNWTSclMjBhbmQlMjBzdGF0dXMlMjBlcSUyMCdSZWdpc3RlcmVkJyZhcGktdmVyc2lvbj0yMDIwLTEwLTAx",
      "RequestMethod": "GET",
      "RequestBody": "",
      "RequestHeaders": {
        "x-ms-client-request-id": [
          "901acfab-fad6-469f-9bd5-ca09e71223a7"
        ],
        "Accept-Language": [
          "en-US"
        ],
        "User-Agent": [
          "FxVersion/4.6.29321.03",
          "OSName/Windows",
          "OSVersion/Microsoft.Windows.10.0.19042.",
          "Microsoft.Azure.Management.RecoveryServices.Backup.RecoveryServicesBackupClient/4.1.3.0"
        ]
      },
      "ResponseHeaders": {
        "Cache-Control": [
          "no-cache"
        ],
        "Pragma": [
          "no-cache"
        ],
        "X-Content-Type-Options": [
          "nosniff"
        ],
        "x-ms-request-id": [
          "32b0c6ff-09ad-4383-b2f3-1107980215f0"
        ],
        "x-ms-client-request-id": [
          "901acfab-fad6-469f-9bd5-ca09e71223a7",
          "901acfab-fad6-469f-9bd5-ca09e71223a7"
        ],
        "Strict-Transport-Security": [
          "max-age=31536000; includeSubDomains"
        ],
        "Server": [
          "Microsoft-IIS/10.0"
        ],
        "X-Powered-By": [
          "ASP.NET"
        ],
        "x-ms-ratelimit-remaining-subscription-resource-requests": [
          "149"
        ],
        "x-ms-correlation-request-id": [
          "32b0c6ff-09ad-4383-b2f3-1107980215f0"
        ],
        "x-ms-routing-request-id": [
          "WESTINDIA:20201218T130127Z:32b0c6ff-09ad-4383-b2f3-1107980215f0"
        ],
        "Date": [
          "Fri, 18 Dec 2020 13:01:27 GMT"
        ],
        "Content-Length": [
          "12"
        ],
        "Content-Type": [
          "application/json"
        ],
        "Expires": [
          "-1"
        ]
      },
      "ResponseBody": "{\r\n  \"value\": []\r\n}",
      "StatusCode": 200
    },
    {
      "RequestUri": "/subscriptions/38304e13-357e-405e-9e9a-220351dcce8c/resourceGroups/PSTestRG49ae435d22/providers/Microsoft.RecoveryServices/vaults/PSTestRSV49ae435d?api-version=2016-06-01",
      "EncodedRequestUri": "L3N1YnNjcmlwdGlvbnMvMzgzMDRlMTMtMzU3ZS00MDVlLTllOWEtMjIwMzUxZGNjZThjL3Jlc291cmNlR3JvdXBzL1BTVGVzdFJHNDlhZTQzNWQyMi9wcm92aWRlcnMvTWljcm9zb2Z0LlJlY292ZXJ5U2VydmljZXMvdmF1bHRzL1BTVGVzdFJTVjQ5YWU0MzVkP2FwaS12ZXJzaW9uPTIwMTYtMDYtMDE=",
      "RequestMethod": "DELETE",
      "RequestBody": "",
      "RequestHeaders": {
        "x-ms-client-request-id": [
          "e3616972-302d-431f-a517-1b322574c5a5-2020-12-18 13:01:27Z-P"
        ],
        "Accept-Language": [
          "en-US"
        ],
        "User-Agent": [
          "FxVersion/4.6.29321.03",
          "OSName/Windows",
          "OSVersion/Microsoft.Windows.10.0.19042.",
          "Microsoft.Azure.Management.RecoveryServices.RecoveryServicesClient/4.3.1.0"
        ]
      },
      "ResponseHeaders": {
        "Cache-Control": [
          "no-cache"
        ],
        "Pragma": [
          "no-cache"
        ],
        "X-Content-Type-Options": [
          "nosniff"
        ],
        "x-ms-request-id": [
          "1aab076e-6e5d-4bcc-b77c-e8573e0ad3ea"
        ],
        "x-ms-client-request-id": [
          "e3616972-302d-431f-a517-1b322574c5a5-2020-12-18 13:01:27Z-P"
        ],
        "Strict-Transport-Security": [
          "max-age=31536000; includeSubDomains"
        ],
        "x-ms-ratelimit-remaining-subscription-resource-requests": [
          "9"
        ],
        "x-ms-correlation-request-id": [
          "1aab076e-6e5d-4bcc-b77c-e8573e0ad3ea"
        ],
        "x-ms-routing-request-id": [
          "WESTINDIA:20201218T130129Z:1aab076e-6e5d-4bcc-b77c-e8573e0ad3ea"
        ],
        "Date": [
          "Fri, 18 Dec 2020 13:01:29 GMT"
        ],
        "Expires": [
          "-1"
        ],
        "Content-Length": [
          "0"
        ]
      },
      "ResponseBody": "",
      "StatusCode": 200
    },
    {
      "RequestUri": "/subscriptions/38304e13-357e-405e-9e9a-220351dcce8c/resourcegroups/PSTestRG49ae435d22?api-version=2016-09-01",
      "EncodedRequestUri": "L3N1YnNjcmlwdGlvbnMvMzgzMDRlMTMtMzU3ZS00MDVlLTllOWEtMjIwMzUxZGNjZThjL3Jlc291cmNlZ3JvdXBzL1BTVGVzdFJHNDlhZTQzNWQyMj9hcGktdmVyc2lvbj0yMDE2LTA5LTAx",
      "RequestMethod": "DELETE",
      "RequestBody": "",
      "RequestHeaders": {
        "x-ms-client-request-id": [
          "cc596683-28bd-4b7b-9411-5c3b04a39683"
        ],
        "Accept-Language": [
          "en-US"
        ],
        "User-Agent": [
          "FxVersion/4.6.29321.03",
          "OSName/Windows",
          "OSVersion/Microsoft.Windows.10.0.19042.",
          "Microsoft.Azure.Management.Internal.Resources.ResourceManagementClient/1.3.29"
        ]
      },
      "ResponseHeaders": {
        "Cache-Control": [
          "no-cache"
        ],
        "Pragma": [
          "no-cache"
        ],
        "Location": [
          "https://management.azure.com/subscriptions/38304e13-357e-405e-9e9a-220351dcce8c/operationresults/eyJqb2JJZCI6IlJFU09VUkNFR1JPVVBERUxFVElPTkpPQi1QU1RFU1RSRzQ5QUU0MzVEMjItU09VVEhFQVNUQVNJQSIsImpvYkxvY2F0aW9uIjoic291dGhlYXN0YXNpYSJ9?api-version=2016-09-01"
        ],
        "Retry-After": [
          "15"
        ],
        "x-ms-ratelimit-remaining-subscription-deletes": [
          "14999"
        ],
        "x-ms-request-id": [
          "16d07cd2-5efd-40ea-8dcc-c136ddcafee3"
        ],
        "x-ms-correlation-request-id": [
          "16d07cd2-5efd-40ea-8dcc-c136ddcafee3"
        ],
        "x-ms-routing-request-id": [
          "WESTINDIA:20201218T130131Z:16d07cd2-5efd-40ea-8dcc-c136ddcafee3"
        ],
        "Strict-Transport-Security": [
          "max-age=31536000; includeSubDomains"
        ],
        "X-Content-Type-Options": [
          "nosniff"
        ],
        "Date": [
          "Fri, 18 Dec 2020 13:01:30 GMT"
        ],
        "Expires": [
          "-1"
        ],
        "Content-Length": [
          "0"
        ]
      },
      "ResponseBody": "",
      "StatusCode": 202
    },
    {
      "RequestUri": "/subscriptions/38304e13-357e-405e-9e9a-220351dcce8c/operationresults/eyJqb2JJZCI6IlJFU09VUkNFR1JPVVBERUxFVElPTkpPQi1QU1RFU1RSRzQ5QUU0MzVEMjItU09VVEhFQVNUQVNJQSIsImpvYkxvY2F0aW9uIjoic291dGhlYXN0YXNpYSJ9?api-version=2016-09-01",
      "EncodedRequestUri": "L3N1YnNjcmlwdGlvbnMvMzgzMDRlMTMtMzU3ZS00MDVlLTllOWEtMjIwMzUxZGNjZThjL29wZXJhdGlvbnJlc3VsdHMvZXlKcWIySkpaQ0k2SWxKRlUwOVZVa05GUjFKUFZWQkVSVXhGVkVsUFRrcFBRaTFRVTFSRlUxUlNSelE1UVVVME16VkVNakl0VTA5VlZFaEZRVk5VUVZOSlFTSXNJbXB2WWt4dlkyRjBhVzl1SWpvaWMyOTFkR2hsWVhOMFlYTnBZU0o5P2FwaS12ZXJzaW9uPTIwMTYtMDktMDE=",
      "RequestMethod": "GET",
      "RequestBody": "",
      "RequestHeaders": {
        "User-Agent": [
          "FxVersion/4.6.29321.03",
          "OSName/Windows",
          "OSVersion/Microsoft.Windows.10.0.19042.",
          "Microsoft.Azure.Management.Internal.Resources.ResourceManagementClient/1.3.29"
        ]
      },
      "ResponseHeaders": {
        "Cache-Control": [
          "no-cache"
        ],
        "Pragma": [
          "no-cache"
        ],
        "Location": [
          "https://management.azure.com/subscriptions/38304e13-357e-405e-9e9a-220351dcce8c/operationresults/eyJqb2JJZCI6IlJFU09VUkNFR1JPVVBERUxFVElPTkpPQi1QU1RFU1RSRzQ5QUU0MzVEMjItU09VVEhFQVNUQVNJQSIsImpvYkxvY2F0aW9uIjoic291dGhlYXN0YXNpYSJ9?api-version=2016-09-01"
        ],
        "Retry-After": [
          "15"
        ],
        "x-ms-ratelimit-remaining-subscription-reads": [
          "11997"
        ],
        "x-ms-request-id": [
          "1c4a1bd9-7254-4dfb-9b12-ab821058ad9c"
        ],
        "x-ms-correlation-request-id": [
          "1c4a1bd9-7254-4dfb-9b12-ab821058ad9c"
        ],
        "x-ms-routing-request-id": [
          "WESTINDIA:20201218T130146Z:1c4a1bd9-7254-4dfb-9b12-ab821058ad9c"
        ],
        "Strict-Transport-Security": [
          "max-age=31536000; includeSubDomains"
        ],
        "X-Content-Type-Options": [
          "nosniff"
        ],
        "Date": [
          "Fri, 18 Dec 2020 13:01:45 GMT"
        ],
        "Expires": [
          "-1"
        ],
        "Content-Length": [
          "0"
        ]
      },
      "ResponseBody": "",
      "StatusCode": 202
    },
    {
      "RequestUri": "/subscriptions/38304e13-357e-405e-9e9a-220351dcce8c/operationresults/eyJqb2JJZCI6IlJFU09VUkNFR1JPVVBERUxFVElPTkpPQi1QU1RFU1RSRzQ5QUU0MzVEMjItU09VVEhFQVNUQVNJQSIsImpvYkxvY2F0aW9uIjoic291dGhlYXN0YXNpYSJ9?api-version=2016-09-01",
      "EncodedRequestUri": "L3N1YnNjcmlwdGlvbnMvMzgzMDRlMTMtMzU3ZS00MDVlLTllOWEtMjIwMzUxZGNjZThjL29wZXJhdGlvbnJlc3VsdHMvZXlKcWIySkpaQ0k2SWxKRlUwOVZVa05GUjFKUFZWQkVSVXhGVkVsUFRrcFBRaTFRVTFSRlUxUlNSelE1UVVVME16VkVNakl0VTA5VlZFaEZRVk5VUVZOSlFTSXNJbXB2WWt4dlkyRjBhVzl1SWpvaWMyOTFkR2hsWVhOMFlYTnBZU0o5P2FwaS12ZXJzaW9uPTIwMTYtMDktMDE=",
      "RequestMethod": "GET",
      "RequestBody": "",
      "RequestHeaders": {
        "User-Agent": [
          "FxVersion/4.6.29321.03",
          "OSName/Windows",
          "OSVersion/Microsoft.Windows.10.0.19042.",
          "Microsoft.Azure.Management.Internal.Resources.ResourceManagementClient/1.3.29"
        ]
      },
      "ResponseHeaders": {
        "Cache-Control": [
          "no-cache"
        ],
        "Pragma": [
          "no-cache"
        ],
        "Location": [
          "https://management.azure.com/subscriptions/38304e13-357e-405e-9e9a-220351dcce8c/operationresults/eyJqb2JJZCI6IlJFU09VUkNFR1JPVVBERUxFVElPTkpPQi1QU1RFU1RSRzQ5QUU0MzVEMjItU09VVEhFQVNUQVNJQSIsImpvYkxvY2F0aW9uIjoic291dGhlYXN0YXNpYSJ9?api-version=2016-09-01"
        ],
        "Retry-After": [
          "15"
        ],
        "x-ms-ratelimit-remaining-subscription-reads": [
          "11996"
        ],
        "x-ms-request-id": [
          "89b769ca-ce9b-42be-8704-6b51f3addaa1"
        ],
        "x-ms-correlation-request-id": [
          "89b769ca-ce9b-42be-8704-6b51f3addaa1"
        ],
        "x-ms-routing-request-id": [
          "WESTINDIA:20201218T130201Z:89b769ca-ce9b-42be-8704-6b51f3addaa1"
        ],
        "Strict-Transport-Security": [
          "max-age=31536000; includeSubDomains"
        ],
        "X-Content-Type-Options": [
          "nosniff"
        ],
        "Date": [
          "Fri, 18 Dec 2020 13:02:00 GMT"
        ],
        "Expires": [
          "-1"
        ],
        "Content-Length": [
          "0"
        ]
      },
      "ResponseBody": "",
      "StatusCode": 202
    },
    {
      "RequestUri": "/subscriptions/38304e13-357e-405e-9e9a-220351dcce8c/operationresults/eyJqb2JJZCI6IlJFU09VUkNFR1JPVVBERUxFVElPTkpPQi1QU1RFU1RSRzQ5QUU0MzVEMjItU09VVEhFQVNUQVNJQSIsImpvYkxvY2F0aW9uIjoic291dGhlYXN0YXNpYSJ9?api-version=2016-09-01",
      "EncodedRequestUri": "L3N1YnNjcmlwdGlvbnMvMzgzMDRlMTMtMzU3ZS00MDVlLTllOWEtMjIwMzUxZGNjZThjL29wZXJhdGlvbnJlc3VsdHMvZXlKcWIySkpaQ0k2SWxKRlUwOVZVa05GUjFKUFZWQkVSVXhGVkVsUFRrcFBRaTFRVTFSRlUxUlNSelE1UVVVME16VkVNakl0VTA5VlZFaEZRVk5VUVZOSlFTSXNJbXB2WWt4dlkyRjBhVzl1SWpvaWMyOTFkR2hsWVhOMFlYTnBZU0o5P2FwaS12ZXJzaW9uPTIwMTYtMDktMDE=",
      "RequestMethod": "GET",
      "RequestBody": "",
      "RequestHeaders": {
        "User-Agent": [
          "FxVersion/4.6.29321.03",
          "OSName/Windows",
          "OSVersion/Microsoft.Windows.10.0.19042.",
          "Microsoft.Azure.Management.Internal.Resources.ResourceManagementClient/1.3.29"
        ]
      },
      "ResponseHeaders": {
        "Cache-Control": [
          "no-cache"
        ],
        "Pragma": [
          "no-cache"
        ],
        "x-ms-ratelimit-remaining-subscription-reads": [
          "11995"
        ],
        "x-ms-request-id": [
          "3ef85c59-c511-4734-b11f-abc68d671948"
        ],
        "x-ms-correlation-request-id": [
          "3ef85c59-c511-4734-b11f-abc68d671948"
        ],
        "x-ms-routing-request-id": [
          "WESTINDIA:20201218T130216Z:3ef85c59-c511-4734-b11f-abc68d671948"
        ],
        "Strict-Transport-Security": [
          "max-age=31536000; includeSubDomains"
        ],
        "X-Content-Type-Options": [
          "nosniff"
        ],
        "Date": [
          "Fri, 18 Dec 2020 13:02:16 GMT"
        ],
        "Expires": [
          "-1"
        ],
        "Content-Length": [
          "0"
        ]
      },
      "ResponseBody": "",
      "StatusCode": 200
    },
    {
      "RequestUri": "/subscriptions/38304e13-357e-405e-9e9a-220351dcce8c/operationresults/eyJqb2JJZCI6IlJFU09VUkNFR1JPVVBERUxFVElPTkpPQi1QU1RFU1RSRzQ5QUU0MzVEMjItU09VVEhFQVNUQVNJQSIsImpvYkxvY2F0aW9uIjoic291dGhlYXN0YXNpYSJ9?api-version=2016-09-01",
      "EncodedRequestUri": "L3N1YnNjcmlwdGlvbnMvMzgzMDRlMTMtMzU3ZS00MDVlLTllOWEtMjIwMzUxZGNjZThjL29wZXJhdGlvbnJlc3VsdHMvZXlKcWIySkpaQ0k2SWxKRlUwOVZVa05GUjFKUFZWQkVSVXhGVkVsUFRrcFBRaTFRVTFSRlUxUlNSelE1UVVVME16VkVNakl0VTA5VlZFaEZRVk5VUVZOSlFTSXNJbXB2WWt4dlkyRjBhVzl1SWpvaWMyOTFkR2hsWVhOMFlYTnBZU0o5P2FwaS12ZXJzaW9uPTIwMTYtMDktMDE=",
      "RequestMethod": "GET",
      "RequestBody": "",
      "RequestHeaders": {
        "User-Agent": [
          "FxVersion/4.6.29321.03",
          "OSName/Windows",
          "OSVersion/Microsoft.Windows.10.0.19042.",
          "Microsoft.Azure.Management.Internal.Resources.ResourceManagementClient/1.3.29"
        ]
      },
      "ResponseHeaders": {
        "Cache-Control": [
          "no-cache"
        ],
        "Pragma": [
          "no-cache"
        ],
        "x-ms-ratelimit-remaining-subscription-reads": [
          "11994"
        ],
        "x-ms-request-id": [
          "80ba3c0a-5a81-48ac-b77d-c923a2dba5f3"
        ],
        "x-ms-correlation-request-id": [
          "80ba3c0a-5a81-48ac-b77d-c923a2dba5f3"
        ],
        "x-ms-routing-request-id": [
          "WESTINDIA:20201218T130217Z:80ba3c0a-5a81-48ac-b77d-c923a2dba5f3"
        ],
        "Strict-Transport-Security": [
          "max-age=31536000; includeSubDomains"
        ],
        "X-Content-Type-Options": [
          "nosniff"
        ],
        "Date": [
          "Fri, 18 Dec 2020 13:02:16 GMT"
        ],
        "Expires": [
          "-1"
        ],
        "Content-Length": [
          "0"
        ]
      },
      "ResponseBody": "",
      "StatusCode": 200
    }
  ],
  "Names": {},
  "Variables": {
    "SubscriptionId": "38304e13-357e-405e-9e9a-220351dcce8c",
    "NamingSuffix": "49ae435d-c660-4a23-8ab5-f42e863bb538"
  }
}