{
  "Entries": [
    {
      "RequestUri": "/subscriptions/da364f0f-307b-41c9-9d47-b7413ec45535/resourcegroups/PSTestRG7a03909924?api-version=2016-09-01",
      "EncodedRequestUri": "L3N1YnNjcmlwdGlvbnMvZGEzNjRmMGYtMzA3Yi00MWM5LTlkNDctYjc0MTNlYzQ1NTM1L3Jlc291cmNlZ3JvdXBzL1BTVGVzdFJHN2EwMzkwOTkyND9hcGktdmVyc2lvbj0yMDE2LTA5LTAx",
      "RequestMethod": "GET",
      "RequestHeaders": {
        "x-ms-client-request-id": [
          "13d8da58-0886-4ded-bf09-b79ff09fa176"
        ],
        "Accept-Language": [
          "en-US"
        ],
        "User-Agent": [
          "FxVersion/4.700.22.41602",
          "OSName/Windows",
          "OSVersion/Microsoft.Windows.10.0.22000",
          "Microsoft.Azure.Management.Internal.Resources.ResourceManagementClient/1.3.61"
        ]
      },
      "RequestBody": "",
      "ResponseHeaders": {
        "Cache-Control": [
          "no-cache"
        ],
        "Pragma": [
          "no-cache"
        ],
        "x-ms-failure-cause": [
          "gateway"
        ],
        "x-ms-ratelimit-remaining-subscription-reads": [
          "11998"
        ],
        "x-ms-request-id": [
          "c3b84eb1-e352-461d-ad6f-93aad9f397ea"
        ],
        "x-ms-correlation-request-id": [
          "c3b84eb1-e352-461d-ad6f-93aad9f397ea"
        ],
        "x-ms-routing-request-id": [
          "JIOINDIACENTRAL:20220927T065210Z:c3b84eb1-e352-461d-ad6f-93aad9f397ea"
        ],
        "Strict-Transport-Security": [
          "max-age=31536000; includeSubDomains"
        ],
        "X-Content-Type-Options": [
          "nosniff"
        ],
        "Date": [
          "Tue, 27 Sep 2022 06:52:09 GMT"
        ],
        "Content-Type": [
          "application/json; charset=utf-8"
        ],
        "Expires": [
          "-1"
        ],
        "Content-Length": [
          "110"
        ]
      },
      "ResponseBody": "{\r\n  \"error\": {\r\n    \"code\": \"ResourceGroupNotFound\",\r\n    \"message\": \"Resource group 'PSTestRG7a03909924' could not be found.\"\r\n  }\r\n}",
      "StatusCode": 404
    },
    {
      "RequestUri": "/subscriptions/da364f0f-307b-41c9-9d47-b7413ec45535/resourcegroups/PSTestRG7a03909924?api-version=2016-09-01",
      "EncodedRequestUri": "L3N1YnNjcmlwdGlvbnMvZGEzNjRmMGYtMzA3Yi00MWM5LTlkNDctYjc0MTNlYzQ1NTM1L3Jlc291cmNlZ3JvdXBzL1BTVGVzdFJHN2EwMzkwOTkyND9hcGktdmVyc2lvbj0yMDE2LTA5LTAx",
      "RequestMethod": "GET",
      "RequestHeaders": {
        "x-ms-client-request-id": [
          "08280b37-1c59-4b4e-a29b-c2ca22f998c6"
        ],
        "Accept-Language": [
          "en-US"
        ],
        "User-Agent": [
          "FxVersion/4.700.22.41602",
          "OSName/Windows",
          "OSVersion/Microsoft.Windows.10.0.22000",
          "Microsoft.Azure.Management.Internal.Resources.ResourceManagementClient/1.3.61"
        ]
      },
      "RequestBody": "",
      "ResponseHeaders": {
        "Cache-Control": [
          "no-cache"
        ],
        "Pragma": [
          "no-cache"
        ],
        "x-ms-ratelimit-remaining-subscription-reads": [
          "11999"
        ],
        "x-ms-request-id": [
          "1d8bca10-16c2-4991-a5ed-f2101d4b255b"
        ],
        "x-ms-correlation-request-id": [
          "1d8bca10-16c2-4991-a5ed-f2101d4b255b"
        ],
        "x-ms-routing-request-id": [
          "CENTRALINDIA:20220927T065323Z:1d8bca10-16c2-4991-a5ed-f2101d4b255b"
        ],
        "Strict-Transport-Security": [
          "max-age=31536000; includeSubDomains"
        ],
        "X-Content-Type-Options": [
          "nosniff"
        ],
        "Date": [
          "Tue, 27 Sep 2022 06:53:23 GMT"
        ],
        "Content-Type": [
          "application/json; charset=utf-8"
        ],
        "Expires": [
          "-1"
        ],
        "Content-Length": [
          "196"
        ]
      },
      "ResponseBody": "{\r\n  \"id\": \"/subscriptions/da364f0f-307b-41c9-9d47-b7413ec45535/resourceGroups/PSTestRG7a03909924\",\r\n  \"name\": \"PSTestRG7a03909924\",\r\n  \"location\": \"centraluseuap\",\r\n  \"properties\": {\r\n    \"provisioningState\": \"Succeeded\"\r\n  }\r\n}",
      "StatusCode": 200
    },
    {
      "RequestUri": "/subscriptions/da364f0f-307b-41c9-9d47-b7413ec45535/resourcegroups/PSTestRG7a03909924?api-version=2016-09-01",
      "EncodedRequestUri": "L3N1YnNjcmlwdGlvbnMvZGEzNjRmMGYtMzA3Yi00MWM5LTlkNDctYjc0MTNlYzQ1NTM1L3Jlc291cmNlZ3JvdXBzL1BTVGVzdFJHN2EwMzkwOTkyND9hcGktdmVyc2lvbj0yMDE2LTA5LTAx",
      "RequestMethod": "PUT",
      "RequestHeaders": {
        "x-ms-client-request-id": [
          "08f2d968-b284-4a2d-b83a-62de851626d5"
        ],
        "Accept-Language": [
          "en-US"
        ],
        "User-Agent": [
          "FxVersion/4.700.22.41602",
          "OSName/Windows",
          "OSVersion/Microsoft.Windows.10.0.22000",
          "Microsoft.Azure.Management.Internal.Resources.ResourceManagementClient/1.3.61"
        ],
        "Content-Type": [
          "application/json; charset=utf-8"
        ],
        "Content-Length": [
          "35"
        ]
      },
      "RequestBody": "{\r\n  \"location\": \"centraluseuap\"\r\n}",
      "ResponseHeaders": {
        "Cache-Control": [
          "no-cache"
        ],
        "Pragma": [
          "no-cache"
        ],
        "x-ms-ratelimit-remaining-subscription-writes": [
          "1199"
        ],
        "x-ms-request-id": [
          "565af546-7148-433d-b262-77b1688c3d31"
        ],
        "x-ms-correlation-request-id": [
          "565af546-7148-433d-b262-77b1688c3d31"
        ],
        "x-ms-routing-request-id": [
          "JIOINDIACENTRAL:20220927T065214Z:565af546-7148-433d-b262-77b1688c3d31"
        ],
        "Strict-Transport-Security": [
          "max-age=31536000; includeSubDomains"
        ],
        "X-Content-Type-Options": [
          "nosniff"
        ],
        "Date": [
          "Tue, 27 Sep 2022 06:52:14 GMT"
        ],
        "Content-Length": [
          "196"
        ],
        "Content-Type": [
          "application/json; charset=utf-8"
        ],
        "Expires": [
          "-1"
        ]
      },
      "ResponseBody": "{\r\n  \"id\": \"/subscriptions/da364f0f-307b-41c9-9d47-b7413ec45535/resourceGroups/PSTestRG7a03909924\",\r\n  \"name\": \"PSTestRG7a03909924\",\r\n  \"location\": \"centraluseuap\",\r\n  \"properties\": {\r\n    \"provisioningState\": \"Succeeded\"\r\n  }\r\n}",
      "StatusCode": 201
    },
    {
      "RequestUri": "/subscriptions/da364f0f-307b-41c9-9d47-b7413ec45535/resourceGroups/PSTestRG7a03909924/providers/Microsoft.RecoveryServices/vaults/PSTestRSV7a039099?api-version=2022-04-01",
      "EncodedRequestUri": "L3N1YnNjcmlwdGlvbnMvZGEzNjRmMGYtMzA3Yi00MWM5LTlkNDctYjc0MTNlYzQ1NTM1L3Jlc291cmNlR3JvdXBzL1BTVGVzdFJHN2EwMzkwOTkyNC9wcm92aWRlcnMvTWljcm9zb2Z0LlJlY292ZXJ5U2VydmljZXMvdmF1bHRzL1BTVGVzdFJTVjdhMDM5MDk5P2FwaS12ZXJzaW9uPTIwMjItMDQtMDE=",
      "RequestMethod": "GET",
      "RequestHeaders": {
        "x-ms-client-request-id": [
          "2fee42e7-2a18-4810-8465-ce2e61b6498d"
        ],
        "Accept-Language": [
          "en-US"
        ],
        "User-Agent": [
          "FxVersion/4.700.22.41602",
          "OSName/Windows",
          "OSVersion/Microsoft.Windows.10.0.22000",
          "Microsoft.Azure.Management.RecoveryServices.RecoveryServicesClient/4.3.3.0"
        ]
      },
      "RequestBody": "",
      "ResponseHeaders": {
        "Cache-Control": [
          "no-cache"
        ],
        "Pragma": [
          "no-cache"
        ],
        "x-ms-failure-cause": [
          "gateway"
        ],
        "x-ms-request-id": [
          "357ec8bb-2ec1-4e77-942a-5cd457e1512b"
        ],
        "x-ms-correlation-request-id": [
          "357ec8bb-2ec1-4e77-942a-5cd457e1512b"
        ],
        "x-ms-routing-request-id": [
          "JIOINDIACENTRAL:20220927T065219Z:357ec8bb-2ec1-4e77-942a-5cd457e1512b"
        ],
        "Strict-Transport-Security": [
          "max-age=31536000; includeSubDomains"
        ],
        "X-Content-Type-Options": [
          "nosniff"
        ],
        "Date": [
          "Tue, 27 Sep 2022 06:52:18 GMT"
        ],
        "Content-Type": [
          "application/json; charset=utf-8"
        ],
        "Expires": [
          "-1"
        ],
        "Content-Length": [
          "241"
        ]
      },
      "ResponseBody": "{\r\n  \"error\": {\r\n    \"code\": \"ResourceNotFound\",\r\n    \"message\": \"The Resource 'Microsoft.RecoveryServices/vaults/PSTestRSV7a039099' under resource group 'PSTestRG7a03909924' was not found. For more details please go to https://aka.ms/ARMResourceNotFoundFix\"\r\n  }\r\n}",
      "StatusCode": 404
    },
    {
      "RequestUri": "/subscriptions/da364f0f-307b-41c9-9d47-b7413ec45535/resourceGroups/PSTestRG7a03909924/providers/Microsoft.RecoveryServices/vaults/PSTestRSV7a039099?api-version=2022-04-01",
      "EncodedRequestUri": "L3N1YnNjcmlwdGlvbnMvZGEzNjRmMGYtMzA3Yi00MWM5LTlkNDctYjc0MTNlYzQ1NTM1L3Jlc291cmNlR3JvdXBzL1BTVGVzdFJHN2EwMzkwOTkyNC9wcm92aWRlcnMvTWljcm9zb2Z0LlJlY292ZXJ5U2VydmljZXMvdmF1bHRzL1BTVGVzdFJTVjdhMDM5MDk5P2FwaS12ZXJzaW9uPTIwMjItMDQtMDE=",
      "RequestMethod": "PUT",
      "RequestHeaders": {
        "x-ms-client-request-id": [
          "94e45171-59cd-4621-bb10-5d3e504ce144"
        ],
        "Accept-Language": [
          "en-US"
        ],
        "User-Agent": [
          "FxVersion/4.700.22.41602",
          "OSName/Windows",
          "OSVersion/Microsoft.Windows.10.0.22000",
          "Microsoft.Azure.Management.RecoveryServices.RecoveryServicesClient/4.3.3.0"
        ],
        "Content-Type": [
          "application/json; charset=utf-8"
        ],
        "Content-Length": [
          "98"
        ]
      },
      "RequestBody": "{\r\n  \"properties\": {},\r\n  \"sku\": {\r\n    \"name\": \"Standard\"\r\n  },\r\n  \"location\": \"centraluseuap\"\r\n}",
      "ResponseHeaders": {
        "Cache-Control": [
          "no-cache"
        ],
        "Pragma": [
          "no-cache"
        ],
        "x-ms-ratelimit-remaining-subscription-resource-requests": [
          "209"
        ],
        "X-Content-Type-Options": [
          "nosniff"
        ],
        "x-ms-request-id": [
          "ebf7957a-d203-447f-a2cd-9c49b8eb23e2"
        ],
        "x-ms-client-request-id": [
          "94e45171-59cd-4621-bb10-5d3e504ce144"
        ],
        "Server": [
          "Kestrel"
        ],
        "x-ms-correlation-request-id": [
          "ebf7957a-d203-447f-a2cd-9c49b8eb23e2"
        ],
        "x-ms-routing-request-id": [
          "JIOINDIACENTRAL:20220927T065230Z:ebf7957a-d203-447f-a2cd-9c49b8eb23e2"
        ],
        "Strict-Transport-Security": [
          "max-age=31536000; includeSubDomains"
        ],
        "Date": [
          "Tue, 27 Sep 2022 06:52:30 GMT"
        ],
        "Content-Length": [
          "468"
        ],
        "Content-Type": [
          "application/json; charset=utf-8"
        ],
        "Expires": [
          "-1"
        ]
      },
      "ResponseBody": "{\r\n  \"location\": \"centraluseuap\",\r\n  \"name\": \"PSTestRSV7a039099\",\r\n  \"etag\": \"W/\\\"datetime'2022-09-27T06%3A52%3A29.0672201Z'\\\"\",\r\n  \"properties\": {\r\n    \"provisioningState\": \"Succeeded\",\r\n    \"privateEndpointStateForBackup\": \"None\",\r\n    \"privateEndpointStateForSiteRecovery\": \"None\"\r\n  },\r\n  \"id\": \"/subscriptions/da364f0f-307b-41c9-9d47-b7413ec45535/resourceGroups/PSTestRG7a03909924/providers/Microsoft.RecoveryServices/vaults/PSTestRSV7a039099\",\r\n  \"type\": \"Microsoft.RecoveryServices/vaults\",\r\n  \"sku\": {\r\n    \"name\": \"Standard\"\r\n  }\r\n}",
      "StatusCode": 201
    },
    {
      "RequestUri": "/Subscriptions/da364f0f-307b-41c9-9d47-b7413ec45535/resourceGroups/PSTestRG7a03909924/providers/Microsoft.RecoveryServices/vaults/PSTestRSV7a039099/backupstorageconfig/vaultstorageconfig?api-version=2022-02-01",
      "EncodedRequestUri": "L1N1YnNjcmlwdGlvbnMvZGEzNjRmMGYtMzA3Yi00MWM5LTlkNDctYjc0MTNlYzQ1NTM1L3Jlc291cmNlR3JvdXBzL1BTVGVzdFJHN2EwMzkwOTkyNC9wcm92aWRlcnMvTWljcm9zb2Z0LlJlY292ZXJ5U2VydmljZXMvdmF1bHRzL1BTVGVzdFJTVjdhMDM5MDk5L2JhY2t1cHN0b3JhZ2Vjb25maWcvdmF1bHRzdG9yYWdlY29uZmlnP2FwaS12ZXJzaW9uPTIwMjItMDItMDE=",
      "RequestMethod": "PATCH",
      "RequestHeaders": {
        "x-ms-client-request-id": [
          "7b1b6e9b-f860-4e49-a5b2-61c1fccd4435"
        ],
        "Accept-Language": [
          "en-US"
        ],
        "User-Agent": [
          "FxVersion/4.700.22.41602",
          "OSName/Windows",
          "OSVersion/Microsoft.Windows.10.0.22000",
          "Microsoft.Azure.Management.RecoveryServices.Backup.RecoveryServicesBackupClient/5.0.0.0"
        ],
        "Content-Type": [
          "application/json; charset=utf-8"
        ],
        "Content-Length": [
          "64"
        ]
      },
      "RequestBody": "{\r\n  \"properties\": {\r\n    \"crossRegionRestoreFlag\": true\r\n  }\r\n}",
      "ResponseHeaders": {
        "Cache-Control": [
          "no-cache"
        ],
        "Pragma": [
          "no-cache"
        ],
        "X-Content-Type-Options": [
          "nosniff"
        ],
        "x-ms-request-id": [
          "ea1e0c01-4b40-409d-81ce-d024935129e8"
        ],
        "x-ms-client-request-id": [
          "7b1b6e9b-f860-4e49-a5b2-61c1fccd4435"
        ],
        "Strict-Transport-Security": [
          "max-age=31536000; includeSubDomains"
        ],
        "Server": [
          "Kestrel"
        ],
        "X-Powered-By": [
          "ASP.NET"
        ],
        "x-ms-ratelimit-remaining-subscription-writes": [
          "1199"
        ],
        "x-ms-correlation-request-id": [
          "ea1e0c01-4b40-409d-81ce-d024935129e8"
        ],
        "x-ms-routing-request-id": [
          "JIOINDIACENTRAL:20220927T065253Z:ea1e0c01-4b40-409d-81ce-d024935129e8"
        ],
        "Date": [
          "Tue, 27 Sep 2022 06:52:52 GMT"
        ]
      },
      "ResponseBody": "",
      "StatusCode": 204
    },
    {
      "RequestUri": "/Subscriptions/da364f0f-307b-41c9-9d47-b7413ec45535/resourceGroups/PSTestRG7a03909924/providers/Microsoft.RecoveryServices/vaults/PSTestRSV7a039099/backupstorageconfig/vaultstorageconfig?api-version=2022-02-01",
      "EncodedRequestUri": "L1N1YnNjcmlwdGlvbnMvZGEzNjRmMGYtMzA3Yi00MWM5LTlkNDctYjc0MTNlYzQ1NTM1L3Jlc291cmNlR3JvdXBzL1BTVGVzdFJHN2EwMzkwOTkyNC9wcm92aWRlcnMvTWljcm9zb2Z0LlJlY292ZXJ5U2VydmljZXMvdmF1bHRzL1BTVGVzdFJTVjdhMDM5MDk5L2JhY2t1cHN0b3JhZ2Vjb25maWcvdmF1bHRzdG9yYWdlY29uZmlnP2FwaS12ZXJzaW9uPTIwMjItMDItMDE=",
      "RequestMethod": "GET",
      "RequestHeaders": {
        "x-ms-client-request-id": [
          "f2245870-7fb9-4d01-9b03-cd3508b5caef"
        ],
        "Accept-Language": [
          "en-US"
        ],
        "User-Agent": [
          "FxVersion/4.700.22.41602",
          "OSName/Windows",
          "OSVersion/Microsoft.Windows.10.0.22000",
          "Microsoft.Azure.Management.RecoveryServices.Backup.RecoveryServicesBackupClient/5.0.0.0"
        ]
      },
      "RequestBody": "",
      "ResponseHeaders": {
        "Cache-Control": [
          "no-cache"
        ],
        "Pragma": [
          "no-cache"
        ],
        "X-Content-Type-Options": [
          "nosniff"
        ],
        "x-ms-request-id": [
          "232f8ef2-770a-4bae-a70c-99ab40bbbd76"
        ],
        "x-ms-client-request-id": [
          "f2245870-7fb9-4d01-9b03-cd3508b5caef"
        ],
        "Strict-Transport-Security": [
          "max-age=31536000; includeSubDomains"
        ],
        "Server": [
          "Kestrel"
        ],
        "X-Powered-By": [
          "ASP.NET"
        ],
        "x-ms-ratelimit-remaining-subscription-resource-requests": [
          "149"
        ],
        "x-ms-correlation-request-id": [
          "232f8ef2-770a-4bae-a70c-99ab40bbbd76"
        ],
        "x-ms-routing-request-id": [
          "CENTRALINDIA:20220927T065323Z:232f8ef2-770a-4bae-a70c-99ab40bbbd76"
        ],
        "Date": [
          "Tue, 27 Sep 2022 06:53:22 GMT"
        ],
        "Content-Length": [
          "470"
        ],
        "Content-Type": [
          "application/json; charset=utf-8"
        ],
        "Expires": [
          "-1"
        ]
      },
      "ResponseBody": "{\r\n  \"id\": \"/subscriptions/da364f0f-307b-41c9-9d47-b7413ec45535/resourceGroups/PSTestRG7a03909924/providers/Microsoft.RecoveryServices/vaults/PSTestRSV7a039099/backupstorageconfig/vaultstorageconfig\",\r\n  \"name\": \"vaultstorageconfig\",\r\n  \"type\": \"Microsoft.RecoveryServices/vaults/backupstorageconfig\",\r\n  \"properties\": {\r\n    \"storageModelType\": \"GeoRedundant\",\r\n    \"storageType\": \"GeoRedundant\",\r\n    \"dedupState\": \"Disabled\",\r\n    \"xcoolState\": \"Disabled\",\r\n    \"storageTypeState\": \"Locked\",\r\n    \"crossRegionRestoreFlag\": true\r\n  }\r\n}",
      "StatusCode": 200
    },
    {
      "RequestUri": "/subscriptions/da364f0f-307b-41c9-9d47-b7413ec45535/resourceGroups/PSTestRG7a03909924/providers/Microsoft.RecoveryServices/vaults?api-version=2022-04-01",
      "EncodedRequestUri": "L3N1YnNjcmlwdGlvbnMvZGEzNjRmMGYtMzA3Yi00MWM5LTlkNDctYjc0MTNlYzQ1NTM1L3Jlc291cmNlR3JvdXBzL1BTVGVzdFJHN2EwMzkwOTkyNC9wcm92aWRlcnMvTWljcm9zb2Z0LlJlY292ZXJ5U2VydmljZXMvdmF1bHRzP2FwaS12ZXJzaW9uPTIwMjItMDQtMDE=",
      "RequestMethod": "GET",
      "RequestHeaders": {
        "x-ms-client-request-id": [
          "e72b53f3-3b49-461a-becb-95bd6091e742"
        ],
        "Accept-Language": [
          "en-US"
        ],
        "User-Agent": [
          "FxVersion/4.700.22.41602",
          "OSName/Windows",
          "OSVersion/Microsoft.Windows.10.0.22000",
          "Microsoft.Azure.Management.RecoveryServices.RecoveryServicesClient/4.3.3.0"
        ]
      },
      "RequestBody": "",
      "ResponseHeaders": {
        "Cache-Control": [
          "no-cache"
        ],
        "Pragma": [
          "no-cache"
        ],
        "x-ms-ratelimit-remaining-subscription-reads": [
          "11999"
        ],
        "X-Content-Type-Options": [
          "nosniff"
        ],
        "x-ms-request-id": [
          "961d5f9b-c742-44f8-be14-4376e656d751"
        ],
        "x-ms-client-request-id": [
          "e72b53f3-3b49-461a-becb-95bd6091e742"
        ],
        "Server": [
          "Kestrel"
        ],
        "x-ms-correlation-request-id": [
          "961d5f9b-c742-44f8-be14-4376e656d751"
        ],
        "x-ms-routing-request-id": [
          "CENTRALINDIA:20220927T065324Z:961d5f9b-c742-44f8-be14-4376e656d751"
        ],
        "Strict-Transport-Security": [
          "max-age=31536000; includeSubDomains"
        ],
        "Date": [
          "Tue, 27 Sep 2022 06:53:24 GMT"
        ],
        "Content-Length": [
          "494"
        ],
        "Content-Type": [
          "application/json; charset=utf-8"
        ],
        "Expires": [
          "-1"
        ]
      },
      "ResponseBody": "{\r\n  \"value\": [\r\n    {\r\n      \"location\": \"centraluseuap\",\r\n      \"name\": \"PSTestRSV7a039099\",\r\n      \"etag\": \"W/\\\"datetime'2022-09-27T06%3A52%3A29.0672201Z'\\\"\",\r\n      \"tags\": null,\r\n      \"identity\": null,\r\n      \"properties\": {\r\n        \"provisioningState\": \"Succeeded\"\r\n      },\r\n      \"id\": \"/subscriptions/da364f0f-307b-41c9-9d47-b7413ec45535/resourceGroups/PSTestRG7a03909924/providers/Microsoft.RecoveryServices/vaults/PSTestRSV7a039099\",\r\n      \"type\": \"Microsoft.RecoveryServices/vaults\",\r\n      \"sku\": {\r\n        \"name\": \"Standard\",\r\n        \"tier\": null,\r\n        \"size\": null,\r\n        \"family\": null,\r\n        \"capacity\": null\r\n      }\r\n    }\r\n  ],\r\n  \"nextLink\": null\r\n}",
      "StatusCode": 200
    },
    {
      "RequestUri": "/subscriptions/da364f0f-307b-41c9-9d47-b7413ec45535/resourceGroups/PSTestRG7a03909924/providers/Microsoft.RecoveryServices/vaults/PSTestRSV7a039099/backupProtectionContainers?$filter=backupManagementType%20eq%20'AzureIaasVM'&api-version=2022-02-01",
      "EncodedRequestUri": "L3N1YnNjcmlwdGlvbnMvZGEzNjRmMGYtMzA3Yi00MWM5LTlkNDctYjc0MTNlYzQ1NTM1L3Jlc291cmNlR3JvdXBzL1BTVGVzdFJHN2EwMzkwOTkyNC9wcm92aWRlcnMvTWljcm9zb2Z0LlJlY292ZXJ5U2VydmljZXMvdmF1bHRzL1BTVGVzdFJTVjdhMDM5MDk5L2JhY2t1cFByb3RlY3Rpb25Db250YWluZXJzPyRmaWx0ZXI9YmFja3VwTWFuYWdlbWVudFR5cGUlMjBlcSUyMCdBenVyZUlhYXNWTScmYXBpLXZlcnNpb249MjAyMi0wMi0wMQ==",
      "RequestMethod": "GET",
      "RequestHeaders": {
        "x-ms-client-request-id": [
          "ed1e163a-8050-44ed-88fb-a91368065a46"
        ],
        "Accept-Language": [
          "en-US"
        ],
        "User-Agent": [
          "FxVersion/4.700.22.41602",
          "OSName/Windows",
          "OSVersion/Microsoft.Windows.10.0.22000",
          "Microsoft.Azure.Management.RecoveryServices.Backup.RecoveryServicesBackupClient/5.0.0.0"
        ]
      },
      "RequestBody": "",
      "ResponseHeaders": {
        "Cache-Control": [
          "no-cache"
        ],
        "Pragma": [
          "no-cache"
        ],
        "X-Content-Type-Options": [
          "nosniff"
        ],
        "x-ms-request-id": [
          "9cb2d8c2-663d-4ff6-8a1c-c876251a5b8f"
        ],
        "x-ms-client-request-id": [
          "ed1e163a-8050-44ed-88fb-a91368065a46"
        ],
        "Strict-Transport-Security": [
          "max-age=31536000; includeSubDomains"
        ],
        "Server": [
          "Kestrel"
        ],
        "X-Powered-By": [
          "ASP.NET"
        ],
        "x-ms-ratelimit-remaining-subscription-resource-requests": [
          "149"
        ],
        "x-ms-correlation-request-id": [
          "9cb2d8c2-663d-4ff6-8a1c-c876251a5b8f"
        ],
        "x-ms-routing-request-id": [
          "JIOINDIACENTRAL:20220927T065327Z:9cb2d8c2-663d-4ff6-8a1c-c876251a5b8f"
        ],
        "Date": [
          "Tue, 27 Sep 2022 06:53:27 GMT"
        ],
        "Content-Length": [
          "12"
        ],
        "Content-Type": [
          "application/json; charset=utf-8"
        ],
        "Expires": [
          "-1"
        ]
      },
      "ResponseBody": "{\r\n  \"value\": []\r\n}",
      "StatusCode": 200
    },
    {
      "RequestUri": "/subscriptions/da364f0f-307b-41c9-9d47-b7413ec45535/resourceGroups/PSTestRG7a03909924/providers/Microsoft.RecoveryServices/vaults/PSTestRSV7a039099?api-version=2022-04-01",
      "EncodedRequestUri": "L3N1YnNjcmlwdGlvbnMvZGEzNjRmMGYtMzA3Yi00MWM5LTlkNDctYjc0MTNlYzQ1NTM1L3Jlc291cmNlR3JvdXBzL1BTVGVzdFJHN2EwMzkwOTkyNC9wcm92aWRlcnMvTWljcm9zb2Z0LlJlY292ZXJ5U2VydmljZXMvdmF1bHRzL1BTVGVzdFJTVjdhMDM5MDk5P2FwaS12ZXJzaW9uPTIwMjItMDQtMDE=",
      "RequestMethod": "DELETE",
      "RequestHeaders": {
        "x-ms-client-request-id": [
          "35727d76-3b4e-4ae6-9787-ba439f3c2a1b"
        ],
        "Accept-Language": [
          "en-US"
        ],
        "User-Agent": [
          "FxVersion/4.700.22.41602",
          "OSName/Windows",
          "OSVersion/Microsoft.Windows.10.0.22000",
          "Microsoft.Azure.Management.RecoveryServices.RecoveryServicesClient/4.3.3.0"
        ]
      },
      "RequestBody": "",
      "ResponseHeaders": {
        "Cache-Control": [
          "no-cache"
        ],
        "Pragma": [
          "no-cache"
        ],
        "X-Content-Type-Options": [
          "nosniff"
        ],
        "x-ms-request-id": [
          "00000000-0000-0000-0000-000000000000"
        ],
        "x-ms-client-request-id": [
          "00000000-0000-0000-0000-000000000000"
        ],
        "Server": [
          "Kestrel"
        ],
        "x-ms-ratelimit-remaining-subscription-resource-requests": [
          "9"
        ],
        "x-ms-correlation-request-id": [
          "d1d15c0d-485b-49bc-adc0-6ba862592956"
        ],
        "x-ms-routing-request-id": [
          "JIOINDIACENTRAL:20220927T065340Z:d1d15c0d-485b-49bc-adc0-6ba862592956"
        ],
        "Strict-Transport-Security": [
          "max-age=31536000; includeSubDomains"
        ],
        "Date": [
          "Tue, 27 Sep 2022 06:53:39 GMT"
        ],
        "Expires": [
          "-1"
        ],
        "Content-Length": [
          "0"
        ]
      },
      "ResponseBody": "",
      "StatusCode": 200
    },
    {
      "RequestUri": "/subscriptions/da364f0f-307b-41c9-9d47-b7413ec45535/resourcegroups/PSTestRG7a03909924?api-version=2016-09-01",
      "EncodedRequestUri": "L3N1YnNjcmlwdGlvbnMvZGEzNjRmMGYtMzA3Yi00MWM5LTlkNDctYjc0MTNlYzQ1NTM1L3Jlc291cmNlZ3JvdXBzL1BTVGVzdFJHN2EwMzkwOTkyND9hcGktdmVyc2lvbj0yMDE2LTA5LTAx",
      "RequestMethod": "DELETE",
      "RequestHeaders": {
        "x-ms-client-request-id": [
          "b9b2c7cf-314f-42b3-bbb0-e5b80fd86e51"
        ],
        "Accept-Language": [
          "en-US"
        ],
        "User-Agent": [
          "FxVersion/4.700.22.41602",
          "OSName/Windows",
          "OSVersion/Microsoft.Windows.10.0.22000",
          "Microsoft.Azure.Management.Internal.Resources.ResourceManagementClient/1.3.61"
        ]
      },
      "RequestBody": "",
      "ResponseHeaders": {
        "Cache-Control": [
          "no-cache"
        ],
        "Pragma": [
          "no-cache"
        ],
        "Location": [
          "https://management.azure.com/subscriptions/da364f0f-307b-41c9-9d47-b7413ec45535/operationresults/eyJqb2JJZCI6IlJFU09VUkNFR1JPVVBERUxFVElPTkpPQi1QU1RFU1RSRzdBMDM5MDk5MjQtQ0VOVFJBTFVTRVVBUCIsImpvYkxvY2F0aW9uIjoiY2VudHJhbHVzZXVhcCJ9?api-version=2016-09-01"
        ],
        "Retry-After": [
          "15"
        ],
        "x-ms-ratelimit-remaining-subscription-deletes": [
          "14999"
        ],
        "x-ms-request-id": [
          "e184f82a-bd59-4dbd-9f5f-c5cb2eecd3ed"
        ],
        "x-ms-correlation-request-id": [
          "e184f82a-bd59-4dbd-9f5f-c5cb2eecd3ed"
        ],
        "x-ms-routing-request-id": [
          "JIOINDIACENTRAL:20220927T065347Z:e184f82a-bd59-4dbd-9f5f-c5cb2eecd3ed"
        ],
        "Strict-Transport-Security": [
          "max-age=31536000; includeSubDomains"
        ],
        "X-Content-Type-Options": [
          "nosniff"
        ],
        "Date": [
          "Tue, 27 Sep 2022 06:53:47 GMT"
        ],
        "Expires": [
          "-1"
        ],
        "Content-Length": [
          "0"
        ]
      },
      "ResponseBody": "",
      "StatusCode": 202
    },
    {
      "RequestUri": "/subscriptions/da364f0f-307b-41c9-9d47-b7413ec45535/operationresults/eyJqb2JJZCI6IlJFU09VUkNFR1JPVVBERUxFVElPTkpPQi1QU1RFU1RSRzdBMDM5MDk5MjQtQ0VOVFJBTFVTRVVBUCIsImpvYkxvY2F0aW9uIjoiY2VudHJhbHVzZXVhcCJ9?api-version=2016-09-01",
      "EncodedRequestUri": "L3N1YnNjcmlwdGlvbnMvZGEzNjRmMGYtMzA3Yi00MWM5LTlkNDctYjc0MTNlYzQ1NTM1L29wZXJhdGlvbnJlc3VsdHMvZXlKcWIySkpaQ0k2SWxKRlUwOVZVa05GUjFKUFZWQkVSVXhGVkVsUFRrcFBRaTFRVTFSRlUxUlNSemRCTURNNU1EazVNalF0UTBWT1ZGSkJURlZUUlZWQlVDSXNJbXB2WWt4dlkyRjBhVzl1SWpvaVkyVnVkSEpoYkhWelpYVmhjQ0o5P2FwaS12ZXJzaW9uPTIwMTYtMDktMDE=",
      "RequestMethod": "GET",
      "RequestHeaders": {
        "User-Agent": [
          "FxVersion/4.700.22.41602",
          "OSName/Windows",
          "OSVersion/Microsoft.Windows.10.0.22000",
          "Microsoft.Azure.Management.Internal.Resources.ResourceManagementClient/1.3.61"
        ]
      },
      "RequestBody": "",
      "ResponseHeaders": {
        "Cache-Control": [
          "no-cache"
        ],
        "Pragma": [
          "no-cache"
        ],
        "Location": [
          "https://management.azure.com/subscriptions/da364f0f-307b-41c9-9d47-b7413ec45535/operationresults/eyJqb2JJZCI6IlJFU09VUkNFR1JPVVBERUxFVElPTkpPQi1QU1RFU1RSRzdBMDM5MDk5MjQtQ0VOVFJBTFVTRVVBUCIsImpvYkxvY2F0aW9uIjoiY2VudHJhbHVzZXVhcCJ9?api-version=2016-09-01"
        ],
        "Retry-After": [
          "15"
        ],
        "x-ms-ratelimit-remaining-subscription-reads": [
          "11998"
        ],
        "x-ms-request-id": [
          "e3e21da6-f405-468e-a40a-1c25ed3e20ce"
        ],
        "x-ms-correlation-request-id": [
          "e3e21da6-f405-468e-a40a-1c25ed3e20ce"
        ],
        "x-ms-routing-request-id": [
          "JIOINDIACENTRAL:20220927T065403Z:e3e21da6-f405-468e-a40a-1c25ed3e20ce"
        ],
        "Strict-Transport-Security": [
          "max-age=31536000; includeSubDomains"
        ],
        "X-Content-Type-Options": [
          "nosniff"
        ],
        "Date": [
          "Tue, 27 Sep 2022 06:54:03 GMT"
        ],
        "Expires": [
          "-1"
        ],
        "Content-Length": [
          "0"
        ]
      },
      "ResponseBody": "",
      "StatusCode": 202
    },
    {
      "RequestUri": "/subscriptions/da364f0f-307b-41c9-9d47-b7413ec45535/operationresults/eyJqb2JJZCI6IlJFU09VUkNFR1JPVVBERUxFVElPTkpPQi1QU1RFU1RSRzdBMDM5MDk5MjQtQ0VOVFJBTFVTRVVBUCIsImpvYkxvY2F0aW9uIjoiY2VudHJhbHVzZXVhcCJ9?api-version=2016-09-01",
      "EncodedRequestUri": "L3N1YnNjcmlwdGlvbnMvZGEzNjRmMGYtMzA3Yi00MWM5LTlkNDctYjc0MTNlYzQ1NTM1L29wZXJhdGlvbnJlc3VsdHMvZXlKcWIySkpaQ0k2SWxKRlUwOVZVa05GUjFKUFZWQkVSVXhGVkVsUFRrcFBRaTFRVTFSRlUxUlNSemRCTURNNU1EazVNalF0UTBWT1ZGSkJURlZUUlZWQlVDSXNJbXB2WWt4dlkyRjBhVzl1SWpvaVkyVnVkSEpoYkhWelpYVmhjQ0o5P2FwaS12ZXJzaW9uPTIwMTYtMDktMDE=",
      "RequestMethod": "GET",
      "RequestHeaders": {
        "User-Agent": [
          "FxVersion/4.700.22.41602",
          "OSName/Windows",
          "OSVersion/Microsoft.Windows.10.0.22000",
          "Microsoft.Azure.Management.Internal.Resources.ResourceManagementClient/1.3.61"
        ]
      },
      "RequestBody": "",
      "ResponseHeaders": {
        "Cache-Control": [
          "no-cache"
        ],
        "Pragma": [
          "no-cache"
        ],
        "Location": [
          "https://management.azure.com/subscriptions/da364f0f-307b-41c9-9d47-b7413ec45535/operationresults/eyJqb2JJZCI6IlJFU09VUkNFR1JPVVBERUxFVElPTkpPQi1QU1RFU1RSRzdBMDM5MDk5MjQtQ0VOVFJBTFVTRVVBUCIsImpvYkxvY2F0aW9uIjoiY2VudHJhbHVzZXVhcCJ9?api-version=2016-09-01"
        ],
        "Retry-After": [
          "15"
        ],
        "x-ms-ratelimit-remaining-subscription-reads": [
          "11997"
        ],
        "x-ms-request-id": [
          "534ad465-846c-4c4c-81aa-6110f343d838"
        ],
        "x-ms-correlation-request-id": [
          "534ad465-846c-4c4c-81aa-6110f343d838"
        ],
        "x-ms-routing-request-id": [
          "JIOINDIACENTRAL:20220927T065418Z:534ad465-846c-4c4c-81aa-6110f343d838"
        ],
        "Strict-Transport-Security": [
          "max-age=31536000; includeSubDomains"
        ],
        "X-Content-Type-Options": [
          "nosniff"
        ],
        "Date": [
          "Tue, 27 Sep 2022 06:54:18 GMT"
        ],
        "Expires": [
          "-1"
        ],
        "Content-Length": [
          "0"
        ]
      },
      "ResponseBody": "",
      "StatusCode": 202
    },
    {
      "RequestUri": "/subscriptions/da364f0f-307b-41c9-9d47-b7413ec45535/operationresults/eyJqb2JJZCI6IlJFU09VUkNFR1JPVVBERUxFVElPTkpPQi1QU1RFU1RSRzdBMDM5MDk5MjQtQ0VOVFJBTFVTRVVBUCIsImpvYkxvY2F0aW9uIjoiY2VudHJhbHVzZXVhcCJ9?api-version=2016-09-01",
      "EncodedRequestUri": "L3N1YnNjcmlwdGlvbnMvZGEzNjRmMGYtMzA3Yi00MWM5LTlkNDctYjc0MTNlYzQ1NTM1L29wZXJhdGlvbnJlc3VsdHMvZXlKcWIySkpaQ0k2SWxKRlUwOVZVa05GUjFKUFZWQkVSVXhGVkVsUFRrcFBRaTFRVTFSRlUxUlNSemRCTURNNU1EazVNalF0UTBWT1ZGSkJURlZUUlZWQlVDSXNJbXB2WWt4dlkyRjBhVzl1SWpvaVkyVnVkSEpoYkhWelpYVmhjQ0o5P2FwaS12ZXJzaW9uPTIwMTYtMDktMDE=",
      "RequestMethod": "GET",
      "RequestHeaders": {
        "User-Agent": [
          "FxVersion/4.700.22.41602",
          "OSName/Windows",
          "OSVersion/Microsoft.Windows.10.0.22000",
          "Microsoft.Azure.Management.Internal.Resources.ResourceManagementClient/1.3.61"
        ]
      },
      "RequestBody": "",
      "ResponseHeaders": {
        "Cache-Control": [
          "no-cache"
        ],
        "Pragma": [
          "no-cache"
        ],
        "Location": [
          "https://management.azure.com/subscriptions/da364f0f-307b-41c9-9d47-b7413ec45535/operationresults/eyJqb2JJZCI6IlJFU09VUkNFR1JPVVBERUxFVElPTkpPQi1QU1RFU1RSRzdBMDM5MDk5MjQtQ0VOVFJBTFVTRVVBUCIsImpvYkxvY2F0aW9uIjoiY2VudHJhbHVzZXVhcCJ9?api-version=2016-09-01"
        ],
        "Retry-After": [
          "15"
        ],
        "x-ms-ratelimit-remaining-subscription-reads": [
          "11996"
        ],
        "x-ms-request-id": [
          "25163bff-cd6e-4c68-8d5a-0198b5e26fcf"
        ],
        "x-ms-correlation-request-id": [
          "25163bff-cd6e-4c68-8d5a-0198b5e26fcf"
        ],
        "x-ms-routing-request-id": [
          "JIOINDIACENTRAL:20220927T065434Z:25163bff-cd6e-4c68-8d5a-0198b5e26fcf"
        ],
        "Strict-Transport-Security": [
          "max-age=31536000; includeSubDomains"
        ],
        "X-Content-Type-Options": [
          "nosniff"
        ],
        "Date": [
          "Tue, 27 Sep 2022 06:54:34 GMT"
        ],
        "Expires": [
          "-1"
        ],
        "Content-Length": [
          "0"
        ]
      },
      "ResponseBody": "",
      "StatusCode": 202
    },
    {
      "RequestUri": "/subscriptions/da364f0f-307b-41c9-9d47-b7413ec45535/operationresults/eyJqb2JJZCI6IlJFU09VUkNFR1JPVVBERUxFVElPTkpPQi1QU1RFU1RSRzdBMDM5MDk5MjQtQ0VOVFJBTFVTRVVBUCIsImpvYkxvY2F0aW9uIjoiY2VudHJhbHVzZXVhcCJ9?api-version=2016-09-01",
      "EncodedRequestUri": "L3N1YnNjcmlwdGlvbnMvZGEzNjRmMGYtMzA3Yi00MWM5LTlkNDctYjc0MTNlYzQ1NTM1L29wZXJhdGlvbnJlc3VsdHMvZXlKcWIySkpaQ0k2SWxKRlUwOVZVa05GUjFKUFZWQkVSVXhGVkVsUFRrcFBRaTFRVTFSRlUxUlNSemRCTURNNU1EazVNalF0UTBWT1ZGSkJURlZUUlZWQlVDSXNJbXB2WWt4dlkyRjBhVzl1SWpvaVkyVnVkSEpoYkhWelpYVmhjQ0o5P2FwaS12ZXJzaW9uPTIwMTYtMDktMDE=",
      "RequestMethod": "GET",
      "RequestHeaders": {
        "User-Agent": [
          "FxVersion/4.700.22.41602",
          "OSName/Windows",
          "OSVersion/Microsoft.Windows.10.0.22000",
          "Microsoft.Azure.Management.Internal.Resources.ResourceManagementClient/1.3.61"
        ]
      },
      "RequestBody": "",
      "ResponseHeaders": {
        "Cache-Control": [
          "no-cache"
        ],
        "Pragma": [
          "no-cache"
        ],
        "Location": [
          "https://management.azure.com/subscriptions/da364f0f-307b-41c9-9d47-b7413ec45535/operationresults/eyJqb2JJZCI6IlJFU09VUkNFR1JPVVBERUxFVElPTkpPQi1QU1RFU1RSRzdBMDM5MDk5MjQtQ0VOVFJBTFVTRVVBUCIsImpvYkxvY2F0aW9uIjoiY2VudHJhbHVzZXVhcCJ9?api-version=2016-09-01"
        ],
        "Retry-After": [
          "15"
        ],
        "x-ms-ratelimit-remaining-subscription-reads": [
          "11995"
        ],
        "x-ms-request-id": [
          "3d2d496f-3976-455c-800a-0715100e318c"
        ],
        "x-ms-correlation-request-id": [
          "3d2d496f-3976-455c-800a-0715100e318c"
        ],
        "x-ms-routing-request-id": [
          "JIOINDIACENTRAL:20220927T065450Z:3d2d496f-3976-455c-800a-0715100e318c"
        ],
        "Strict-Transport-Security": [
          "max-age=31536000; includeSubDomains"
        ],
        "X-Content-Type-Options": [
          "nosniff"
        ],
        "Date": [
          "Tue, 27 Sep 2022 06:54:49 GMT"
        ],
        "Expires": [
          "-1"
        ],
        "Content-Length": [
          "0"
        ]
      },
      "ResponseBody": "",
      "StatusCode": 202
    },
    {
      "RequestUri": "/subscriptions/da364f0f-307b-41c9-9d47-b7413ec45535/operationresults/eyJqb2JJZCI6IlJFU09VUkNFR1JPVVBERUxFVElPTkpPQi1QU1RFU1RSRzdBMDM5MDk5MjQtQ0VOVFJBTFVTRVVBUCIsImpvYkxvY2F0aW9uIjoiY2VudHJhbHVzZXVhcCJ9?api-version=2016-09-01",
      "EncodedRequestUri": "L3N1YnNjcmlwdGlvbnMvZGEzNjRmMGYtMzA3Yi00MWM5LTlkNDctYjc0MTNlYzQ1NTM1L29wZXJhdGlvbnJlc3VsdHMvZXlKcWIySkpaQ0k2SWxKRlUwOVZVa05GUjFKUFZWQkVSVXhGVkVsUFRrcFBRaTFRVTFSRlUxUlNSemRCTURNNU1EazVNalF0UTBWT1ZGSkJURlZUUlZWQlVDSXNJbXB2WWt4dlkyRjBhVzl1SWpvaVkyVnVkSEpoYkhWelpYVmhjQ0o5P2FwaS12ZXJzaW9uPTIwMTYtMDktMDE=",
      "RequestMethod": "GET",
      "RequestHeaders": {
        "User-Agent": [
          "FxVersion/4.700.22.41602",
          "OSName/Windows",
          "OSVersion/Microsoft.Windows.10.0.22000",
          "Microsoft.Azure.Management.Internal.Resources.ResourceManagementClient/1.3.61"
        ]
      },
      "RequestBody": "",
      "ResponseHeaders": {
        "Cache-Control": [
          "no-cache"
        ],
        "Pragma": [
          "no-cache"
        ],
        "x-ms-ratelimit-remaining-subscription-reads": [
          "11994"
        ],
        "x-ms-request-id": [
          "3e44bcbd-45b9-4273-a9ca-3f64333516b5"
        ],
        "x-ms-correlation-request-id": [
          "3e44bcbd-45b9-4273-a9ca-3f64333516b5"
        ],
        "x-ms-routing-request-id": [
          "JIOINDIACENTRAL:20220927T065505Z:3e44bcbd-45b9-4273-a9ca-3f64333516b5"
        ],
        "Strict-Transport-Security": [
          "max-age=31536000; includeSubDomains"
        ],
        "X-Content-Type-Options": [
          "nosniff"
        ],
        "Date": [
          "Tue, 27 Sep 2022 06:55:05 GMT"
        ],
        "Expires": [
          "-1"
        ],
        "Content-Length": [
          "0"
        ]
      },
      "ResponseBody": "",
      "StatusCode": 200
    },
    {
      "RequestUri": "/subscriptions/da364f0f-307b-41c9-9d47-b7413ec45535/operationresults/eyJqb2JJZCI6IlJFU09VUkNFR1JPVVBERUxFVElPTkpPQi1QU1RFU1RSRzdBMDM5MDk5MjQtQ0VOVFJBTFVTRVVBUCIsImpvYkxvY2F0aW9uIjoiY2VudHJhbHVzZXVhcCJ9?api-version=2016-09-01",
      "EncodedRequestUri": "L3N1YnNjcmlwdGlvbnMvZGEzNjRmMGYtMzA3Yi00MWM5LTlkNDctYjc0MTNlYzQ1NTM1L29wZXJhdGlvbnJlc3VsdHMvZXlKcWIySkpaQ0k2SWxKRlUwOVZVa05GUjFKUFZWQkVSVXhGVkVsUFRrcFBRaTFRVTFSRlUxUlNSemRCTURNNU1EazVNalF0UTBWT1ZGSkJURlZUUlZWQlVDSXNJbXB2WWt4dlkyRjBhVzl1SWpvaVkyVnVkSEpoYkhWelpYVmhjQ0o5P2FwaS12ZXJzaW9uPTIwMTYtMDktMDE=",
      "RequestMethod": "GET",
      "RequestHeaders": {
        "User-Agent": [
          "FxVersion/4.700.22.41602",
          "OSName/Windows",
          "OSVersion/Microsoft.Windows.10.0.22000",
          "Microsoft.Azure.Management.Internal.Resources.ResourceManagementClient/1.3.61"
        ]
      },
      "RequestBody": "",
      "ResponseHeaders": {
        "Cache-Control": [
          "no-cache"
        ],
        "Pragma": [
          "no-cache"
        ],
        "x-ms-ratelimit-remaining-subscription-reads": [
          "11993"
        ],
        "x-ms-request-id": [
          "b06288f4-f2e6-45c6-ba29-61ea319f68b2"
        ],
        "x-ms-correlation-request-id": [
          "b06288f4-f2e6-45c6-ba29-61ea319f68b2"
        ],
        "x-ms-routing-request-id": [
          "JIOINDIACENTRAL:20220927T065506Z:b06288f4-f2e6-45c6-ba29-61ea319f68b2"
        ],
        "Strict-Transport-Security": [
          "max-age=31536000; includeSubDomains"
        ],
        "X-Content-Type-Options": [
          "nosniff"
        ],
        "Date": [
          "Tue, 27 Sep 2022 06:55:06 GMT"
        ],
        "Expires": [
          "-1"
        ],
        "Content-Length": [
          "0"
        ]
      },
      "ResponseBody": "",
      "StatusCode": 200
    }
  ],
  "Names": {},
  "Variables": {
    "SubscriptionId": "da364f0f-307b-41c9-9d47-b7413ec45535",
    "NamingSuffix": "7a039099-eacb-42f1-bd88-2cd92c41ecec"
  }
}