{
  "Entries": [
    {
      "RequestUri": "/subscriptions/1c61ccbf-70b3-45a3-a1fb-848ce46d70a6/resourceGroups/ndicola-azsposh/providers/Microsoft.OperationalInsights/workspaces/azsposh/providers/Microsoft.SecurityInsights/incidents/17656403-061d-4ab1-bba5-f630e4235525?api-version=2020-01-01",
      "EncodedRequestUri": "L3N1YnNjcmlwdGlvbnMvMWM2MWNjYmYtNzBiMy00NWEzLWExZmItODQ4Y2U0NmQ3MGE2L3Jlc291cmNlR3JvdXBzL25kaWNvbGEtYXpzcG9zaC9wcm92aWRlcnMvTWljcm9zb2Z0Lk9wZXJhdGlvbmFsSW5zaWdodHMvd29ya3NwYWNlcy9henNwb3NoL3Byb3ZpZGVycy9NaWNyb3NvZnQuU2VjdXJpdHlJbnNpZ2h0cy9pbmNpZGVudHMvMTc2NTY0MDMtMDYxZC00YWIxLWJiYTUtZjYzMGU0MjM1NTI1P2FwaS12ZXJzaW9uPTIwMjAtMDEtMDE=",
      "RequestMethod": "PUT",
      "RequestBody": "{\r\n  \"properties\": {\r\n    \"severity\": \"Low\",\r\n    \"status\": \"New\",\r\n    \"title\": \"PoshModuleTest\"\r\n  }\r\n}",
      "RequestHeaders": {
        "x-ms-client-request-id": [
          "7f400e40-8426-4f4a-b6a4-ff5a1fb3370b"
        ],
        "Accept-Language": [
          "en-US"
        ],
        "User-Agent": [
          "FxVersion/4.6.29321.03",
          "OSName/Windows",
          "OSVersion/Microsoft.Windows.10.0.19042.",
          "Microsoft.Azure.Management.SecurityInsights.SecurityInsightsClient/1.0.0.0"
        ],
        "Content-Type": [
          "application/json; charset=utf-8"
        ],
        "Content-Length": [
          "105"
        ]
      },
      "ResponseHeaders": {
        "Cache-Control": [
          "no-cache"
        ],
        "Pragma": [
          "no-cache"
        ],
        "x-ms-ratelimit-remaining-subscription-writes": [
          "1199"
        ],
        "Server": [
          "Kestrel"
        ],
        "x-ms-request-id": [
          "83f404d1-fd38-4875-861e-dc9068d6d18c"
        ],
        "x-ms-correlation-request-id": [
          "83f404d1-fd38-4875-861e-dc9068d6d18c"
        ],
        "x-ms-routing-request-id": [
          "WESTUS2:20201128T200735Z:83f404d1-fd38-4875-861e-dc9068d6d18c"
        ],
        "Strict-Transport-Security": [
          "max-age=31536000; includeSubDomains"
        ],
        "X-Content-Type-Options": [
          "nosniff"
        ],
        "Date": [
          "Sat, 28 Nov 2020 20:07:35 GMT"
        ],
        "Content-Length": [
          "1115"
        ],
        "Content-Type": [
          "application/json; charset=utf-8"
        ],
        "Expires": [
          "-1"
        ]
      },
      "ResponseBody": "{\r\n  \"id\": \"/subscriptions/1c61ccbf-70b3-45a3-a1fb-848ce46d70a6/resourceGroups/ndicola-azsposh/providers/Microsoft.OperationalInsights/workspaces/azsposh/providers/Microsoft.SecurityInsights/Incidents/17656403-061d-4ab1-bba5-f630e4235525\",\r\n  \"name\": \"17656403-061d-4ab1-bba5-f630e4235525\",\r\n  \"etag\": \"\\\"6a003ba1-0000-0100-0000-5fc2ae070000\\\"\",\r\n  \"type\": \"Microsoft.SecurityInsights/Incidents\",\r\n  \"properties\": {\r\n    \"title\": \"PoshModuleTest\",\r\n    \"severity\": \"Low\",\r\n    \"status\": \"New\",\r\n    \"owner\": {\r\n      \"objectId\": null,\r\n      \"email\": null,\r\n      \"assignedTo\": null,\r\n      \"userPrincipalName\": null\r\n    },\r\n    \"labels\": [],\r\n    \"lastModifiedTimeUtc\": \"2020-11-28T20:07:35.7932719Z\",\r\n    \"createdTimeUtc\": \"2020-11-28T20:07:35.7932719Z\",\r\n    \"incidentNumber\": 38,\r\n    \"additionalData\": {\r\n      \"alertsCount\": 0,\r\n      \"bookmarksCount\": 0,\r\n      \"commentsCount\": 0,\r\n      \"alertProductNames\": [],\r\n      \"tactics\": []\r\n    },\r\n    \"relatedAnalyticRuleIds\": [],\r\n    \"incidentUrl\": \"https://portal.azure.com/#asset/Microsoft_Azure_Security_Insights/Incident/subscriptions/1c61ccbf-70b3-45a3-a1fb-848ce46d70a6/resourceGroups/ndicola-azsposh/providers/Microsoft.OperationalInsights/workspaces/azsposh/providers/Microsoft.SecurityInsights/Incidents/17656403-061d-4ab1-bba5-f630e4235525\"\r\n  }\r\n}",
      "StatusCode": 200
    },
    {
      "RequestUri": "/subscriptions/1c61ccbf-70b3-45a3-a1fb-848ce46d70a6/resourceGroups/ndicola-azsposh/providers/Microsoft.OperationalInsights/workspaces/azsposh/providers/Microsoft.SecurityInsights/incidents/7cb32d34-bc30-4d42-a6ea-64f34f75c994?api-version=2020-01-01",
      "EncodedRequestUri": "L3N1YnNjcmlwdGlvbnMvMWM2MWNjYmYtNzBiMy00NWEzLWExZmItODQ4Y2U0NmQ3MGE2L3Jlc291cmNlR3JvdXBzL25kaWNvbGEtYXpzcG9zaC9wcm92aWRlcnMvTWljcm9zb2Z0Lk9wZXJhdGlvbmFsSW5zaWdodHMvd29ya3NwYWNlcy9henNwb3NoL3Byb3ZpZGVycy9NaWNyb3NvZnQuU2VjdXJpdHlJbnNpZ2h0cy9pbmNpZGVudHMvN2NiMzJkMzQtYmMzMC00ZDQyLWE2ZWEtNjRmMzRmNzVjOTk0P2FwaS12ZXJzaW9uPTIwMjAtMDEtMDE=",
      "RequestMethod": "PUT",
      "RequestBody": "{\r\n  \"properties\": {\r\n    \"severity\": \"Low\",\r\n    \"status\": \"New\",\r\n    \"title\": \"PoshModuleTest2\"\r\n  }\r\n}",
      "RequestHeaders": {
        "x-ms-client-request-id": [
          "346cf759-fcc9-401c-a5c5-c3b80043442a"
        ],
        "Accept-Language": [
          "en-US"
        ],
        "User-Agent": [
          "FxVersion/4.6.29321.03",
          "OSName/Windows",
          "OSVersion/Microsoft.Windows.10.0.19042.",
          "Microsoft.Azure.Management.SecurityInsights.SecurityInsightsClient/1.0.0.0"
        ],
        "Content-Type": [
          "application/json; charset=utf-8"
        ],
        "Content-Length": [
          "106"
        ]
      },
      "ResponseHeaders": {
        "Cache-Control": [
          "no-cache"
        ],
        "Pragma": [
          "no-cache"
        ],
        "x-ms-ratelimit-remaining-subscription-writes": [
          "1198"
        ],
        "Server": [
          "Kestrel"
        ],
        "x-ms-request-id": [
          "ee1ebdb9-d2e7-487b-9907-b1ceb779875f"
        ],
        "x-ms-correlation-request-id": [
          "ee1ebdb9-d2e7-487b-9907-b1ceb779875f"
        ],
        "x-ms-routing-request-id": [
          "WESTUS2:20201128T200736Z:ee1ebdb9-d2e7-487b-9907-b1ceb779875f"
        ],
        "Strict-Transport-Security": [
          "max-age=31536000; includeSubDomains"
        ],
        "X-Content-Type-Options": [
          "nosniff"
        ],
        "Date": [
          "Sat, 28 Nov 2020 20:07:35 GMT"
        ],
        "Content-Length": [
          "1116"
        ],
        "Content-Type": [
          "application/json; charset=utf-8"
        ],
        "Expires": [
          "-1"
        ]
      },
      "ResponseBody": "{\r\n  \"id\": \"/subscriptions/1c61ccbf-70b3-45a3-a1fb-848ce46d70a6/resourceGroups/ndicola-azsposh/providers/Microsoft.OperationalInsights/workspaces/azsposh/providers/Microsoft.SecurityInsights/Incidents/7cb32d34-bc30-4d42-a6ea-64f34f75c994\",\r\n  \"name\": \"7cb32d34-bc30-4d42-a6ea-64f34f75c994\",\r\n  \"etag\": \"\\\"6a0042a1-0000-0100-0000-5fc2ae080000\\\"\",\r\n  \"type\": \"Microsoft.SecurityInsights/Incidents\",\r\n  \"properties\": {\r\n    \"title\": \"PoshModuleTest2\",\r\n    \"severity\": \"Low\",\r\n    \"status\": \"New\",\r\n    \"owner\": {\r\n      \"objectId\": null,\r\n      \"email\": null,\r\n      \"assignedTo\": null,\r\n      \"userPrincipalName\": null\r\n    },\r\n    \"labels\": [],\r\n    \"lastModifiedTimeUtc\": \"2020-11-28T20:07:36.0325913Z\",\r\n    \"createdTimeUtc\": \"2020-11-28T20:07:36.0325913Z\",\r\n    \"incidentNumber\": 39,\r\n    \"additionalData\": {\r\n      \"alertsCount\": 0,\r\n      \"bookmarksCount\": 0,\r\n      \"commentsCount\": 0,\r\n      \"alertProductNames\": [],\r\n      \"tactics\": []\r\n    },\r\n    \"relatedAnalyticRuleIds\": [],\r\n    \"incidentUrl\": \"https://portal.azure.com/#asset/Microsoft_Azure_Security_Insights/Incident/subscriptions/1c61ccbf-70b3-45a3-a1fb-848ce46d70a6/resourceGroups/ndicola-azsposh/providers/Microsoft.OperationalInsights/workspaces/azsposh/providers/Microsoft.SecurityInsights/Incidents/7cb32d34-bc30-4d42-a6ea-64f34f75c994\"\r\n  }\r\n}",
      "StatusCode": 200
    },
    {
      "RequestUri": "/subscriptions/1c61ccbf-70b3-45a3-a1fb-848ce46d70a6/resourceGroups/ndicola-azsposh/providers/Microsoft.OperationalInsights/workspaces/azsposh/providers/Microsoft.SecurityInsights/incidents?api-version=2020-01-01",
      "EncodedRequestUri": "L3N1YnNjcmlwdGlvbnMvMWM2MWNjYmYtNzBiMy00NWEzLWExZmItODQ4Y2U0NmQ3MGE2L3Jlc291cmNlR3JvdXBzL25kaWNvbGEtYXpzcG9zaC9wcm92aWRlcnMvTWljcm9zb2Z0Lk9wZXJhdGlvbmFsSW5zaWdodHMvd29ya3NwYWNlcy9henNwb3NoL3Byb3ZpZGVycy9NaWNyb3NvZnQuU2VjdXJpdHlJbnNpZ2h0cy9pbmNpZGVudHM/YXBpLXZlcnNpb249MjAyMC0wMS0wMQ==",
      "RequestMethod": "GET",
      "RequestBody": "",
      "RequestHeaders": {
        "x-ms-client-request-id": [
          "6a06e929-f1dd-4e75-ba5d-ccaac9023a32"
        ],
        "Accept-Language": [
          "en-US"
        ],
        "User-Agent": [
          "FxVersion/4.6.29321.03",
          "OSName/Windows",
          "OSVersion/Microsoft.Windows.10.0.19042.",
          "Microsoft.Azure.Management.SecurityInsights.SecurityInsightsClient/1.0.0.0"
        ]
      },
      "ResponseHeaders": {
        "Cache-Control": [
          "no-cache"
        ],
        "Pragma": [
          "no-cache"
        ],
        "x-ms-ratelimit-remaining-subscription-reads": [
          "11999"
        ],
        "Server": [
          "Kestrel"
        ],
        "x-ms-request-id": [
          "55d9ba17-f2e5-4011-b701-3c0bb9e681e4"
        ],
        "x-ms-correlation-request-id": [
          "55d9ba17-f2e5-4011-b701-3c0bb9e681e4"
        ],
        "x-ms-routing-request-id": [
          "WESTUS2:20201128T200736Z:55d9ba17-f2e5-4011-b701-3c0bb9e681e4"
        ],
        "Strict-Transport-Security": [
          "max-age=31536000; includeSubDomains"
        ],
        "X-Content-Type-Options": [
          "nosniff"
        ],
        "Date": [
          "Sat, 28 Nov 2020 20:07:36 GMT"
        ],
        "Content-Length": [
          "27897"
        ],
        "Content-Type": [
          "application/json; charset=utf-8"
        ],
        "Expires": [
          "-1"
        ]
      },
      "ResponseBody": "{\r\n  \"value\": [\r\n    {\r\n      \"id\": \"/subscriptions/1c61ccbf-70b3-45a3-a1fb-848ce46d70a6/resourceGroups/ndicola-azsposh/providers/Microsoft.OperationalInsights/workspaces/azsposh/providers/Microsoft.SecurityInsights/Incidents/7cb32d34-bc30-4d42-a6ea-64f34f75c994\",\r\n      \"name\": \"7cb32d34-bc30-4d42-a6ea-64f34f75c994\",\r\n      \"etag\": \"\\\"6a0042a1-0000-0100-0000-5fc2ae080000\\\"\",\r\n      \"type\": \"Microsoft.SecurityInsights/Incidents\",\r\n      \"properties\": {\r\n        \"title\": \"PoshModuleTest2\",\r\n        \"severity\": \"Low\",\r\n        \"status\": \"New\",\r\n        \"owner\": {\r\n          \"objectId\": null,\r\n          \"email\": null,\r\n          \"assignedTo\": null,\r\n          \"userPrincipalName\": null\r\n        },\r\n        \"labels\": [],\r\n        \"lastModifiedTimeUtc\": \"2020-11-28T20:07:36.0325913Z\",\r\n        \"createdTimeUtc\": \"2020-11-28T20:07:36.0325913Z\",\r\n        \"incidentNumber\": 39,\r\n        \"additionalData\": {\r\n          \"alertsCount\": 0,\r\n          \"bookmarksCount\": 0,\r\n          \"commentsCount\": 0,\r\n          \"alertProductNames\": [],\r\n          \"tactics\": []\r\n        },\r\n        \"relatedAnalyticRuleIds\": [],\r\n        \"incidentUrl\": \"https://portal.azure.com/#asset/Microsoft_Azure_Security_Insights/Incident/subscriptions/1c61ccbf-70b3-45a3-a1fb-848ce46d70a6/resourceGroups/ndicola-azsposh/providers/Microsoft.OperationalInsights/workspaces/azsposh/providers/Microsoft.SecurityInsights/Incidents/7cb32d34-bc30-4d42-a6ea-64f34f75c994\"\r\n      }\r\n    },\r\n    {\r\n      \"id\": \"/subscriptions/1c61ccbf-70b3-45a3-a1fb-848ce46d70a6/resourceGroups/ndicola-azsposh/providers/Microsoft.OperationalInsights/workspaces/azsposh/providers/Microsoft.SecurityInsights/Incidents/17656403-061d-4ab1-bba5-f630e4235525\",\r\n      \"name\": \"17656403-061d-4ab1-bba5-f630e4235525\",\r\n      \"etag\": \"\\\"6a003ba1-0000-0100-0000-5fc2ae070000\\\"\",\r\n      \"type\": \"Microsoft.SecurityInsights/Incidents\",\r\n      \"properties\": {\r\n        \"title\": \"PoshModuleTest\",\r\n        \"severity\": \"Low\",\r\n        \"status\": \"New\",\r\n        \"owner\": {\r\n          \"objectId\": null,\r\n          \"email\": null,\r\n          \"assignedTo\": null,\r\n          \"userPrincipalName\": null\r\n        },\r\n        \"labels\": [],\r\n        \"lastModifiedTimeUtc\": \"2020-11-28T20:07:35.7932719Z\",\r\n        \"createdTimeUtc\": \"2020-11-28T20:07:35.7932719Z\",\r\n        \"incidentNumber\": 38,\r\n        \"additionalData\": {\r\n          \"alertsCount\": 0,\r\n          \"bookmarksCount\": 0,\r\n          \"commentsCount\": 0,\r\n          \"alertProductNames\": [],\r\n          \"tactics\": []\r\n        },\r\n        \"relatedAnalyticRuleIds\": [],\r\n        \"incidentUrl\": \"https://portal.azure.com/#asset/Microsoft_Azure_Security_Insights/Incident/subscriptions/1c61ccbf-70b3-45a3-a1fb-848ce46d70a6/resourceGroups/ndicola-azsposh/providers/Microsoft.OperationalInsights/workspaces/azsposh/providers/Microsoft.SecurityInsights/Incidents/17656403-061d-4ab1-bba5-f630e4235525\"\r\n      }\r\n    },\r\n    {\r\n      \"id\": \"/subscriptions/1c61ccbf-70b3-45a3-a1fb-848ce46d70a6/resourceGroups/ndicola-azsposh/providers/Microsoft.OperationalInsights/workspaces/azsposh/providers/Microsoft.SecurityInsights/Incidents/24a9d0ef-a43c-43a6-a96e-fb0a5bf2ac86\",\r\n      \"name\": \"24a9d0ef-a43c-43a6-a96e-fb0a5bf2ac86\",\r\n      \"etag\": \"\\\"1e001b1f-0000-0100-0000-5fbc1f700000\\\"\",\r\n      \"type\": \"Microsoft.SecurityInsights/Incidents\",\r\n      \"properties\": {\r\n        \"title\": \"PoshModuleTest\",\r\n        \"severity\": \"Low\",\r\n        \"status\": \"New\",\r\n        \"owner\": {\r\n          \"objectId\": null,\r\n          \"email\": null,\r\n          \"assignedTo\": null,\r\n          \"userPrincipalName\": null\r\n        },\r\n        \"labels\": [],\r\n        \"lastModifiedTimeUtc\": \"2020-11-23T20:45:36.9844724Z\",\r\n        \"createdTimeUtc\": \"2020-11-23T20:45:36.1963838Z\",\r\n        \"incidentNumber\": 32,\r\n        \"additionalData\": {\r\n          \"alertsCount\": 0,\r\n          \"bookmarksCount\": 0,\r\n          \"commentsCount\": 2,\r\n          \"alertProductNames\": [],\r\n          \"tactics\": []\r\n        },\r\n        \"relatedAnalyticRuleIds\": [],\r\n        \"incidentUrl\": \"https://portal.azure.com/#asset/Microsoft_Azure_Security_Insights/Incident/subscriptions/1c61ccbf-70b3-45a3-a1fb-848ce46d70a6/resourceGroups/ndicola-azsposh/providers/Microsoft.OperationalInsights/workspaces/azsposh/providers/Microsoft.SecurityInsights/Incidents/24a9d0ef-a43c-43a6-a96e-fb0a5bf2ac86\"\r\n      }\r\n    },\r\n    {\r\n      \"id\": \"/subscriptions/1c61ccbf-70b3-45a3-a1fb-848ce46d70a6/resourceGroups/ndicola-azsposh/providers/Microsoft.OperationalInsights/workspaces/azsposh/providers/Microsoft.SecurityInsights/Incidents/8a649275-21e0-4a3f-a6cd-d7a1598fee6a\",\r\n      \"name\": \"8a649275-21e0-4a3f-a6cd-d7a1598fee6a\",\r\n      \"etag\": \"\\\"1e00921c-0000-0100-0000-5fbc1f500000\\\"\",\r\n      \"type\": \"Microsoft.SecurityInsights/Incidents\",\r\n      \"properties\": {\r\n        \"title\": \"PoshModuleTest\",\r\n        \"severity\": \"Low\",\r\n        \"status\": \"New\",\r\n        \"owner\": {\r\n          \"objectId\": null,\r\n          \"email\": null,\r\n          \"assignedTo\": null,\r\n          \"userPrincipalName\": null\r\n        },\r\n        \"labels\": [],\r\n        \"lastModifiedTimeUtc\": \"2020-11-23T20:45:04.1765042Z\",\r\n        \"createdTimeUtc\": \"2020-11-23T20:45:04.1765042Z\",\r\n        \"incidentNumber\": 31,\r\n        \"additionalData\": {\r\n          \"alertsCount\": 0,\r\n          \"bookmarksCount\": 0,\r\n          \"commentsCount\": 0,\r\n          \"alertProductNames\": [],\r\n          \"tactics\": []\r\n        },\r\n        \"relatedAnalyticRuleIds\": [],\r\n        \"incidentUrl\": \"https://portal.azure.com/#asset/Microsoft_Azure_Security_Insights/Incident/subscriptions/1c61ccbf-70b3-45a3-a1fb-848ce46d70a6/resourceGroups/ndicola-azsposh/providers/Microsoft.OperationalInsights/workspaces/azsposh/providers/Microsoft.SecurityInsights/Incidents/8a649275-21e0-4a3f-a6cd-d7a1598fee6a\"\r\n      }\r\n    },\r\n    {\r\n      \"id\": \"/subscriptions/1c61ccbf-70b3-45a3-a1fb-848ce46d70a6/resourceGroups/ndicola-azsposh/providers/Microsoft.OperationalInsights/workspaces/azsposh/providers/Microsoft.SecurityInsights/Incidents/57b16c90-3bf2-4c14-884f-4acc0a88c6e0\",\r\n      \"name\": \"57b16c90-3bf2-4c14-884f-4acc0a88c6e0\",\r\n      \"etag\": \"\\\"1e00b719-0000-0100-0000-5fbc1f230000\\\"\",\r\n      \"type\": \"Microsoft.SecurityInsights/Incidents\",\r\n      \"properties\": {\r\n        \"title\": \"PoshModuleTest\",\r\n        \"severity\": \"Low\",\r\n        \"status\": \"New\",\r\n        \"owner\": {\r\n          \"objectId\": null,\r\n          \"email\": null,\r\n          \"assignedTo\": null,\r\n          \"userPrincipalName\": null\r\n        },\r\n        \"labels\": [],\r\n        \"lastModifiedTimeUtc\": \"2020-11-23T20:44:19.4658389Z\",\r\n        \"createdTimeUtc\": \"2020-11-23T20:44:19.4658389Z\",\r\n        \"incidentNumber\": 30,\r\n        \"additionalData\": {\r\n          \"alertsCount\": 0,\r\n          \"bookmarksCount\": 0,\r\n          \"commentsCount\": 0,\r\n          \"alertProductNames\": [],\r\n          \"tactics\": []\r\n        },\r\n        \"relatedAnalyticRuleIds\": [],\r\n        \"incidentUrl\": \"https://portal.azure.com/#asset/Microsoft_Azure_Security_Insights/Incident/subscriptions/1c61ccbf-70b3-45a3-a1fb-848ce46d70a6/resourceGroups/ndicola-azsposh/providers/Microsoft.OperationalInsights/workspaces/azsposh/providers/Microsoft.SecurityInsights/Incidents/57b16c90-3bf2-4c14-884f-4acc0a88c6e0\"\r\n      }\r\n    },\r\n    {\r\n      \"id\": \"/subscriptions/1c61ccbf-70b3-45a3-a1fb-848ce46d70a6/resourceGroups/ndicola-azsposh/providers/Microsoft.OperationalInsights/workspaces/azsposh/providers/Microsoft.SecurityInsights/Incidents/4541d8a2-0883-454b-8066-186cbe095558\",\r\n      \"name\": \"4541d8a2-0883-454b-8066-186cbe095558\",\r\n      \"etag\": \"\\\"1e000e15-0000-0100-0000-5fbc1ed90000\\\"\",\r\n      \"type\": \"Microsoft.SecurityInsights/Incidents\",\r\n      \"properties\": {\r\n        \"title\": \"PoshModuleTest\",\r\n        \"severity\": \"Low\",\r\n        \"status\": \"New\",\r\n        \"owner\": {\r\n          \"objectId\": null,\r\n          \"email\": null,\r\n          \"assignedTo\": null,\r\n          \"userPrincipalName\": null\r\n        },\r\n        \"labels\": [],\r\n        \"lastModifiedTimeUtc\": \"2020-11-23T20:43:05.7558114Z\",\r\n        \"createdTimeUtc\": \"2020-11-23T20:43:05.3753439Z\",\r\n        \"incidentNumber\": 28,\r\n        \"additionalData\": {\r\n          \"alertsCount\": 0,\r\n          \"bookmarksCount\": 0,\r\n          \"commentsCount\": 1,\r\n          \"alertProductNames\": [],\r\n          \"tactics\": []\r\n        },\r\n        \"relatedAnalyticRuleIds\": [],\r\n        \"incidentUrl\": \"https://portal.azure.com/#asset/Microsoft_Azure_Security_Insights/Incident/subscriptions/1c61ccbf-70b3-45a3-a1fb-848ce46d70a6/resourceGroups/ndicola-azsposh/providers/Microsoft.OperationalInsights/workspaces/azsposh/providers/Microsoft.SecurityInsights/Incidents/4541d8a2-0883-454b-8066-186cbe095558\"\r\n      }\r\n    },\r\n    {\r\n      \"id\": \"/subscriptions/1c61ccbf-70b3-45a3-a1fb-848ce46d70a6/resourceGroups/ndicola-azsposh/providers/Microsoft.OperationalInsights/workspaces/azsposh/providers/Microsoft.SecurityInsights/Incidents/f43365b7-e355-47d6-a5d4-578e7a57be37\",\r\n      \"name\": \"f43365b7-e355-47d6-a5d4-578e7a57be37\",\r\n      \"etag\": \"\\\"1e005f13-0000-0100-0000-5fbc1eb70000\\\"\",\r\n      \"type\": \"Microsoft.SecurityInsights/Incidents\",\r\n      \"properties\": {\r\n        \"title\": \"PoshModuleTest\",\r\n        \"severity\": \"Low\",\r\n        \"status\": \"New\",\r\n        \"owner\": {\r\n          \"objectId\": null,\r\n          \"email\": null,\r\n          \"assignedTo\": null,\r\n          \"userPrincipalName\": null\r\n        },\r\n        \"labels\": [],\r\n        \"lastModifiedTimeUtc\": \"2020-11-23T20:42:31.1301819Z\",\r\n        \"createdTimeUtc\": \"2020-11-23T20:42:30.7228533Z\",\r\n        \"incidentNumber\": 27,\r\n        \"additionalData\": {\r\n          \"alertsCount\": 0,\r\n          \"bookmarksCount\": 0,\r\n          \"commentsCount\": 1,\r\n          \"alertProductNames\": [],\r\n          \"tactics\": []\r\n        },\r\n        \"relatedAnalyticRuleIds\": [],\r\n        \"incidentUrl\": \"https://portal.azure.com/#asset/Microsoft_Azure_Security_Insights/Incident/subscriptions/1c61ccbf-70b3-45a3-a1fb-848ce46d70a6/resourceGroups/ndicola-azsposh/providers/Microsoft.OperationalInsights/workspaces/azsposh/providers/Microsoft.SecurityInsights/Incidents/f43365b7-e355-47d6-a5d4-578e7a57be37\"\r\n      }\r\n    },\r\n    {\r\n      \"id\": \"/subscriptions/1c61ccbf-70b3-45a3-a1fb-848ce46d70a6/resourceGroups/ndicola-azsposh/providers/Microsoft.OperationalInsights/workspaces/azsposh/providers/Microsoft.SecurityInsights/Incidents/2992b2dd-bea0-49eb-bb3b-7c25df8a55fb\",\r\n      \"name\": \"2992b2dd-bea0-49eb-bb3b-7c25df8a55fb\",\r\n      \"etag\": \"\\\"1e007d11-0000-0100-0000-5fbc1e800000\\\"\",\r\n      \"type\": \"Microsoft.SecurityInsights/Incidents\",\r\n      \"properties\": {\r\n        \"title\": \"PoshModuleTest\",\r\n        \"severity\": \"Low\",\r\n        \"status\": \"New\",\r\n        \"owner\": {\r\n          \"objectId\": null,\r\n          \"email\": null,\r\n          \"assignedTo\": null,\r\n          \"userPrincipalName\": null\r\n        },\r\n        \"labels\": [],\r\n        \"lastModifiedTimeUtc\": \"2020-11-23T20:41:36.5956726Z\",\r\n        \"createdTimeUtc\": \"2020-11-23T20:41:36.5956726Z\",\r\n        \"incidentNumber\": 25,\r\n        \"additionalData\": {\r\n          \"alertsCount\": 0,\r\n          \"bookmarksCount\": 0,\r\n          \"commentsCount\": 0,\r\n          \"alertProductNames\": [],\r\n          \"tactics\": []\r\n        },\r\n        \"relatedAnalyticRuleIds\": [],\r\n        \"incidentUrl\": \"https://portal.azure.com/#asset/Microsoft_Azure_Security_Insights/Incident/subscriptions/1c61ccbf-70b3-45a3-a1fb-848ce46d70a6/resourceGroups/ndicola-azsposh/providers/Microsoft.OperationalInsights/workspaces/azsposh/providers/Microsoft.SecurityInsights/Incidents/2992b2dd-bea0-49eb-bb3b-7c25df8a55fb\"\r\n      }\r\n    },\r\n    {\r\n      \"id\": \"/subscriptions/1c61ccbf-70b3-45a3-a1fb-848ce46d70a6/resourceGroups/ndicola-azsposh/providers/Microsoft.OperationalInsights/workspaces/azsposh/providers/Microsoft.SecurityInsights/Incidents/bdb9b1a2-b1cf-4b2d-981b-ebf5cf896d16\",\r\n      \"name\": \"bdb9b1a2-b1cf-4b2d-981b-ebf5cf896d16\",\r\n      \"etag\": \"\\\"1e004f11-0000-0100-0000-5fbc1e5e0000\\\"\",\r\n      \"type\": \"Microsoft.SecurityInsights/Incidents\",\r\n      \"properties\": {\r\n        \"title\": \"PoshModuleTest\",\r\n        \"severity\": \"Low\",\r\n        \"status\": \"New\",\r\n        \"owner\": {\r\n          \"objectId\": null,\r\n          \"email\": null,\r\n          \"assignedTo\": null,\r\n          \"userPrincipalName\": null\r\n        },\r\n        \"labels\": [],\r\n        \"lastModifiedTimeUtc\": \"2020-11-23T20:41:02.1446955Z\",\r\n        \"createdTimeUtc\": \"2020-11-23T20:41:02.1446955Z\",\r\n        \"incidentNumber\": 24,\r\n        \"additionalData\": {\r\n          \"alertsCount\": 0,\r\n          \"bookmarksCount\": 0,\r\n          \"commentsCount\": 0,\r\n          \"alertProductNames\": [],\r\n          \"tactics\": []\r\n        },\r\n        \"relatedAnalyticRuleIds\": [],\r\n        \"incidentUrl\": \"https://portal.azure.com/#asset/Microsoft_Azure_Security_Insights/Incident/subscriptions/1c61ccbf-70b3-45a3-a1fb-848ce46d70a6/resourceGroups/ndicola-azsposh/providers/Microsoft.OperationalInsights/workspaces/azsposh/providers/Microsoft.SecurityInsights/Incidents/bdb9b1a2-b1cf-4b2d-981b-ebf5cf896d16\"\r\n      }\r\n    },\r\n    {\r\n      \"id\": \"/subscriptions/1c61ccbf-70b3-45a3-a1fb-848ce46d70a6/resourceGroups/ndicola-azsposh/providers/Microsoft.OperationalInsights/workspaces/azsposh/providers/Microsoft.SecurityInsights/Incidents/168cea98-4380-46bf-a62c-de008cdea3ff\",\r\n      \"name\": \"168cea98-4380-46bf-a62c-de008cdea3ff\",\r\n      \"etag\": \"\\\"1e00560e-0000-0100-0000-5fbc1d240000\\\"\",\r\n      \"type\": \"Microsoft.SecurityInsights/Incidents\",\r\n      \"properties\": {\r\n        \"title\": \"PoshModuleTest\",\r\n        \"severity\": \"Low\",\r\n        \"status\": \"New\",\r\n        \"owner\": {\r\n          \"objectId\": null,\r\n          \"email\": null,\r\n          \"assignedTo\": null,\r\n          \"userPrincipalName\": null\r\n        },\r\n        \"labels\": [],\r\n        \"lastModifiedTimeUtc\": \"2020-11-23T20:35:48.2045285Z\",\r\n        \"createdTimeUtc\": \"2020-11-23T20:35:48.2045285Z\",\r\n        \"incidentNumber\": 23,\r\n        \"additionalData\": {\r\n          \"alertsCount\": 0,\r\n          \"bookmarksCount\": 0,\r\n          \"commentsCount\": 0,\r\n          \"alertProductNames\": [],\r\n          \"tactics\": []\r\n        },\r\n        \"relatedAnalyticRuleIds\": [],\r\n        \"incidentUrl\": \"https://portal.azure.com/#asset/Microsoft_Azure_Security_Insights/Incident/subscriptions/1c61ccbf-70b3-45a3-a1fb-848ce46d70a6/resourceGroups/ndicola-azsposh/providers/Microsoft.OperationalInsights/workspaces/azsposh/providers/Microsoft.SecurityInsights/Incidents/168cea98-4380-46bf-a62c-de008cdea3ff\"\r\n      }\r\n    },\r\n    {\r\n      \"id\": \"/subscriptions/1c61ccbf-70b3-45a3-a1fb-848ce46d70a6/resourceGroups/ndicola-azsposh/providers/Microsoft.OperationalInsights/workspaces/azsposh/providers/Microsoft.SecurityInsights/Incidents/19c1a62d-4643-4a64-b551-b5c18e6f9660\",\r\n      \"name\": \"19c1a62d-4643-4a64-b551-b5c18e6f9660\",\r\n      \"etag\": \"\\\"1e00bb0d-0000-0100-0000-5fbc1d040000\\\"\",\r\n      \"type\": \"Microsoft.SecurityInsights/Incidents\",\r\n      \"properties\": {\r\n        \"title\": \"PoshModuleTest\",\r\n        \"severity\": \"Low\",\r\n        \"status\": \"New\",\r\n        \"owner\": {\r\n          \"objectId\": null,\r\n          \"email\": null,\r\n          \"assignedTo\": null,\r\n          \"userPrincipalName\": null\r\n        },\r\n        \"labels\": [],\r\n        \"lastModifiedTimeUtc\": \"2020-11-23T20:35:16.6872236Z\",\r\n        \"createdTimeUtc\": \"2020-11-23T20:35:16.6872236Z\",\r\n        \"incidentNumber\": 22,\r\n        \"additionalData\": {\r\n          \"alertsCount\": 0,\r\n          \"bookmarksCount\": 0,\r\n          \"commentsCount\": 0,\r\n          \"alertProductNames\": [],\r\n          \"tactics\": []\r\n        },\r\n        \"relatedAnalyticRuleIds\": [],\r\n        \"incidentUrl\": \"https://portal.azure.com/#asset/Microsoft_Azure_Security_Insights/Incident/subscriptions/1c61ccbf-70b3-45a3-a1fb-848ce46d70a6/resourceGroups/ndicola-azsposh/providers/Microsoft.OperationalInsights/workspaces/azsposh/providers/Microsoft.SecurityInsights/Incidents/19c1a62d-4643-4a64-b551-b5c18e6f9660\"\r\n      }\r\n    },\r\n    {\r\n      \"id\": \"/subscriptions/1c61ccbf-70b3-45a3-a1fb-848ce46d70a6/resourceGroups/ndicola-azsposh/providers/Microsoft.OperationalInsights/workspaces/azsposh/providers/Microsoft.SecurityInsights/Incidents/2bd37e65-3a44-40e6-b06b-65579b178214\",\r\n      \"name\": \"2bd37e65-3a44-40e6-b06b-65579b178214\",\r\n      \"etag\": \"\\\"1e00660c-0000-0100-0000-5fbc1cb10000\\\"\",\r\n      \"type\": \"Microsoft.SecurityInsights/Incidents\",\r\n      \"properties\": {\r\n        \"title\": \"PoshModuleTest\",\r\n        \"severity\": \"Low\",\r\n        \"status\": \"New\",\r\n        \"owner\": {\r\n          \"objectId\": null,\r\n          \"email\": null,\r\n          \"assignedTo\": null,\r\n          \"userPrincipalName\": null\r\n        },\r\n        \"labels\": [],\r\n        \"lastModifiedTimeUtc\": \"2020-11-23T20:33:53.599723Z\",\r\n        \"createdTimeUtc\": \"2020-11-23T20:33:53.599723Z\",\r\n        \"incidentNumber\": 21,\r\n        \"additionalData\": {\r\n          \"alertsCount\": 0,\r\n          \"bookmarksCount\": 0,\r\n          \"commentsCount\": 0,\r\n          \"alertProductNames\": [],\r\n          \"tactics\": []\r\n        },\r\n        \"relatedAnalyticRuleIds\": [],\r\n        \"incidentUrl\": \"https://portal.azure.com/#asset/Microsoft_Azure_Security_Insights/Incident/subscriptions/1c61ccbf-70b3-45a3-a1fb-848ce46d70a6/resourceGroups/ndicola-azsposh/providers/Microsoft.OperationalInsights/workspaces/azsposh/providers/Microsoft.SecurityInsights/Incidents/2bd37e65-3a44-40e6-b06b-65579b178214\"\r\n      }\r\n    },\r\n    {\r\n      \"id\": \"/subscriptions/1c61ccbf-70b3-45a3-a1fb-848ce46d70a6/resourceGroups/ndicola-azsposh/providers/Microsoft.OperationalInsights/workspaces/azsposh/providers/Microsoft.SecurityInsights/Incidents/3943df6b-c886-4eb4-8303-341cb34bb2c7\",\r\n      \"name\": \"3943df6b-c886-4eb4-8303-341cb34bb2c7\",\r\n      \"etag\": \"\\\"1e009e0b-0000-0100-0000-5fbc1c8a0000\\\"\",\r\n      \"type\": \"Microsoft.SecurityInsights/Incidents\",\r\n      \"properties\": {\r\n        \"title\": \"PoshModuleTest\",\r\n        \"severity\": \"Low\",\r\n        \"status\": \"New\",\r\n        \"owner\": {\r\n          \"objectId\": null,\r\n          \"email\": null,\r\n          \"assignedTo\": null,\r\n          \"userPrincipalName\": null\r\n        },\r\n        \"labels\": [],\r\n        \"lastModifiedTimeUtc\": \"2020-11-23T20:33:14.3058272Z\",\r\n        \"createdTimeUtc\": \"2020-11-23T20:33:14.3058272Z\",\r\n        \"incidentNumber\": 20,\r\n        \"additionalData\": {\r\n          \"alertsCount\": 0,\r\n          \"bookmarksCount\": 0,\r\n          \"commentsCount\": 0,\r\n          \"alertProductNames\": [],\r\n          \"tactics\": []\r\n        },\r\n        \"relatedAnalyticRuleIds\": [],\r\n        \"incidentUrl\": \"https://portal.azure.com/#asset/Microsoft_Azure_Security_Insights/Incident/subscriptions/1c61ccbf-70b3-45a3-a1fb-848ce46d70a6/resourceGroups/ndicola-azsposh/providers/Microsoft.OperationalInsights/workspaces/azsposh/providers/Microsoft.SecurityInsights/Incidents/3943df6b-c886-4eb4-8303-341cb34bb2c7\"\r\n      }\r\n    },\r\n    {\r\n      \"id\": \"/subscriptions/1c61ccbf-70b3-45a3-a1fb-848ce46d70a6/resourceGroups/ndicola-azsposh/providers/Microsoft.OperationalInsights/workspaces/azsposh/providers/Microsoft.SecurityInsights/Incidents/cb83e51c-f94d-45f0-ad19-6bd2e80026f6\",\r\n      \"name\": \"cb83e51c-f94d-45f0-ad19-6bd2e80026f6\",\r\n      \"etag\": \"\\\"1e00860a-0000-0100-0000-5fbc1c550000\\\"\",\r\n      \"type\": \"Microsoft.SecurityInsights/Incidents\",\r\n      \"properties\": {\r\n        \"title\": \"PoshModuleTest\",\r\n        \"severity\": \"Low\",\r\n        \"status\": \"New\",\r\n        \"owner\": {\r\n          \"objectId\": null,\r\n          \"email\": null,\r\n          \"assignedTo\": null,\r\n          \"userPrincipalName\": null\r\n        },\r\n        \"labels\": [],\r\n        \"lastModifiedTimeUtc\": \"2020-11-23T20:32:21.6790712Z\",\r\n        \"createdTimeUtc\": \"2020-11-23T20:32:21.6790712Z\",\r\n        \"incidentNumber\": 19,\r\n        \"additionalData\": {\r\n          \"alertsCount\": 0,\r\n          \"bookmarksCount\": 0,\r\n          \"commentsCount\": 0,\r\n          \"alertProductNames\": [],\r\n          \"tactics\": []\r\n        },\r\n        \"relatedAnalyticRuleIds\": [],\r\n        \"incidentUrl\": \"https://portal.azure.com/#asset/Microsoft_Azure_Security_Insights/Incident/subscriptions/1c61ccbf-70b3-45a3-a1fb-848ce46d70a6/resourceGroups/ndicola-azsposh/providers/Microsoft.OperationalInsights/workspaces/azsposh/providers/Microsoft.SecurityInsights/Incidents/cb83e51c-f94d-45f0-ad19-6bd2e80026f6\"\r\n      }\r\n    },\r\n    {\r\n      \"id\": \"/subscriptions/1c61ccbf-70b3-45a3-a1fb-848ce46d70a6/resourceGroups/ndicola-azsposh/providers/Microsoft.OperationalInsights/workspaces/azsposh/providers/Microsoft.SecurityInsights/Incidents/338a12ce-c46b-4e7b-bd9a-6fdbced79a64\",\r\n      \"name\": \"338a12ce-c46b-4e7b-bd9a-6fdbced79a64\",\r\n      \"etag\": \"\\\"1e003d07-0000-0100-0000-5fbc1c1e0000\\\"\",\r\n      \"type\": \"Microsoft.SecurityInsights/Incidents\",\r\n      \"properties\": {\r\n        \"title\": \"PoshModuleTest\",\r\n        \"severity\": \"Low\",\r\n        \"status\": \"New\",\r\n        \"owner\": {\r\n          \"objectId\": null,\r\n          \"email\": null,\r\n          \"assignedTo\": null,\r\n          \"userPrincipalName\": null\r\n        },\r\n        \"labels\": [],\r\n        \"lastModifiedTimeUtc\": \"2020-11-23T20:31:26.8920339Z\",\r\n        \"createdTimeUtc\": \"2020-11-23T20:31:26.8920339Z\",\r\n        \"incidentNumber\": 18,\r\n        \"additionalData\": {\r\n          \"alertsCount\": 0,\r\n          \"bookmarksCount\": 0,\r\n          \"commentsCount\": 0,\r\n          \"alertProductNames\": [],\r\n          \"tactics\": []\r\n        },\r\n        \"relatedAnalyticRuleIds\": [],\r\n        \"incidentUrl\": \"https://portal.azure.com/#asset/Microsoft_Azure_Security_Insights/Incident/subscriptions/1c61ccbf-70b3-45a3-a1fb-848ce46d70a6/resourceGroups/ndicola-azsposh/providers/Microsoft.OperationalInsights/workspaces/azsposh/providers/Microsoft.SecurityInsights/Incidents/338a12ce-c46b-4e7b-bd9a-6fdbced79a64\"\r\n      }\r\n    },\r\n    {\r\n      \"id\": \"/subscriptions/1c61ccbf-70b3-45a3-a1fb-848ce46d70a6/resourceGroups/ndicola-azsposh/providers/Microsoft.OperationalInsights/workspaces/azsposh/providers/Microsoft.SecurityInsights/Incidents/a9c55386-be06-40ef-b909-48c4abcc696f\",\r\n      \"name\": \"a9c55386-be06-40ef-b909-48c4abcc696f\",\r\n      \"etag\": \"\\\"1e00f704-0000-0100-0000-5fbc1c030000\\\"\",\r\n      \"type\": \"Microsoft.SecurityInsights/Incidents\",\r\n      \"properties\": {\r\n        \"title\": \"PoshModuleTest\",\r\n        \"severity\": \"Low\",\r\n        \"status\": \"New\",\r\n        \"owner\": {\r\n          \"objectId\": null,\r\n          \"email\": null,\r\n          \"assignedTo\": null,\r\n          \"userPrincipalName\": null\r\n        },\r\n        \"labels\": [],\r\n        \"lastModifiedTimeUtc\": \"2020-11-23T20:30:59.2614436Z\",\r\n        \"createdTimeUtc\": \"2020-11-23T20:30:59.2614436Z\",\r\n        \"incidentNumber\": 17,\r\n        \"additionalData\": {\r\n          \"alertsCount\": 0,\r\n          \"bookmarksCount\": 0,\r\n          \"commentsCount\": 0,\r\n          \"alertProductNames\": [],\r\n          \"tactics\": []\r\n        },\r\n        \"relatedAnalyticRuleIds\": [],\r\n        \"incidentUrl\": \"https://portal.azure.com/#asset/Microsoft_Azure_Security_Insights/Incident/subscriptions/1c61ccbf-70b3-45a3-a1fb-848ce46d70a6/resourceGroups/ndicola-azsposh/providers/Microsoft.OperationalInsights/workspaces/azsposh/providers/Microsoft.SecurityInsights/Incidents/a9c55386-be06-40ef-b909-48c4abcc696f\"\r\n      }\r\n    },\r\n    {\r\n      \"id\": \"/subscriptions/1c61ccbf-70b3-45a3-a1fb-848ce46d70a6/resourceGroups/ndicola-azsposh/providers/Microsoft.OperationalInsights/workspaces/azsposh/providers/Microsoft.SecurityInsights/Incidents/b8578956-c86e-4d9b-b950-98a955102d08\",\r\n      \"name\": \"b8578956-c86e-4d9b-b950-98a955102d08\",\r\n      \"etag\": \"\\\"1e00fe01-0000-0100-0000-5fbc1be30000\\\"\",\r\n      \"type\": \"Microsoft.SecurityInsights/Incidents\",\r\n      \"properties\": {\r\n        \"title\": \"PoshModuleTest\",\r\n        \"severity\": \"Low\",\r\n        \"status\": \"New\",\r\n        \"owner\": {\r\n          \"objectId\": null,\r\n          \"email\": null,\r\n          \"assignedTo\": null,\r\n          \"userPrincipalName\": null\r\n        },\r\n        \"labels\": [],\r\n        \"lastModifiedTimeUtc\": \"2020-11-23T20:30:27.0263621Z\",\r\n        \"createdTimeUtc\": \"2020-11-23T20:30:27.0263621Z\",\r\n        \"incidentNumber\": 16,\r\n        \"additionalData\": {\r\n          \"alertsCount\": 0,\r\n          \"bookmarksCount\": 0,\r\n          \"commentsCount\": 0,\r\n          \"alertProductNames\": [],\r\n          \"tactics\": []\r\n        },\r\n        \"relatedAnalyticRuleIds\": [],\r\n        \"incidentUrl\": \"https://portal.azure.com/#asset/Microsoft_Azure_Security_Insights/Incident/subscriptions/1c61ccbf-70b3-45a3-a1fb-848ce46d70a6/resourceGroups/ndicola-azsposh/providers/Microsoft.OperationalInsights/workspaces/azsposh/providers/Microsoft.SecurityInsights/Incidents/b8578956-c86e-4d9b-b950-98a955102d08\"\r\n      }\r\n    },\r\n    {\r\n      \"id\": \"/subscriptions/1c61ccbf-70b3-45a3-a1fb-848ce46d70a6/resourceGroups/ndicola-azsposh/providers/Microsoft.OperationalInsights/workspaces/azsposh/providers/Microsoft.SecurityInsights/Incidents/d8ba1aed-e64b-4fe4-9fba-8bb95b098f67\",\r\n      \"name\": \"d8ba1aed-e64b-4fe4-9fba-8bb95b098f67\",\r\n      \"etag\": \"\\\"1d0008fd-0000-0100-0000-5fbc1b9d0000\\\"\",\r\n      \"type\": \"Microsoft.SecurityInsights/Incidents\",\r\n      \"properties\": {\r\n        \"title\": \"PoshModuleTest\",\r\n        \"severity\": \"Low\",\r\n        \"status\": \"New\",\r\n        \"owner\": {\r\n          \"objectId\": null,\r\n          \"email\": null,\r\n          \"assignedTo\": null,\r\n          \"userPrincipalName\": null\r\n        },\r\n        \"labels\": [],\r\n        \"lastModifiedTimeUtc\": \"2020-11-23T20:29:17.9413965Z\",\r\n        \"createdTimeUtc\": \"2020-11-23T20:29:17.9413965Z\",\r\n        \"incidentNumber\": 15,\r\n        \"additionalData\": {\r\n          \"alertsCount\": 0,\r\n          \"bookmarksCount\": 0,\r\n          \"commentsCount\": 0,\r\n          \"alertProductNames\": [],\r\n          \"tactics\": []\r\n        },\r\n        \"relatedAnalyticRuleIds\": [],\r\n        \"incidentUrl\": \"https://portal.azure.com/#asset/Microsoft_Azure_Security_Insights/Incident/subscriptions/1c61ccbf-70b3-45a3-a1fb-848ce46d70a6/resourceGroups/ndicola-azsposh/providers/Microsoft.OperationalInsights/workspaces/azsposh/providers/Microsoft.SecurityInsights/Incidents/d8ba1aed-e64b-4fe4-9fba-8bb95b098f67\"\r\n      }\r\n    },\r\n    {\r\n      \"id\": \"/subscriptions/1c61ccbf-70b3-45a3-a1fb-848ce46d70a6/resourceGroups/ndicola-azsposh/providers/Microsoft.OperationalInsights/workspaces/azsposh/providers/Microsoft.SecurityInsights/Incidents/e10a00b2-c388-4ad9-9897-2b444a8fe50d\",\r\n      \"name\": \"e10a00b2-c388-4ad9-9897-2b444a8fe50d\",\r\n      \"etag\": \"\\\"1d0045f2-0000-0100-0000-5fbc1aee0000\\\"\",\r\n      \"type\": \"Microsoft.SecurityInsights/Incidents\",\r\n      \"properties\": {\r\n        \"title\": \"PoshModuleTest\",\r\n        \"severity\": \"Low\",\r\n        \"status\": \"New\",\r\n        \"owner\": {\r\n          \"objectId\": null,\r\n          \"email\": null,\r\n          \"assignedTo\": null,\r\n          \"userPrincipalName\": null\r\n        },\r\n        \"labels\": [],\r\n        \"lastModifiedTimeUtc\": \"2020-11-23T20:26:21.9796208Z\",\r\n        \"createdTimeUtc\": \"2020-11-23T20:26:21.9796208Z\",\r\n        \"incidentNumber\": 8,\r\n        \"additionalData\": {\r\n          \"alertsCount\": 0,\r\n          \"bookmarksCount\": 0,\r\n          \"commentsCount\": 0,\r\n          \"alertProductNames\": [],\r\n          \"tactics\": []\r\n        },\r\n        \"relatedAnalyticRuleIds\": [],\r\n        \"incidentUrl\": \"https://portal.azure.com/#asset/Microsoft_Azure_Security_Insights/Incident/subscriptions/1c61ccbf-70b3-45a3-a1fb-848ce46d70a6/resourceGroups/ndicola-azsposh/providers/Microsoft.OperationalInsights/workspaces/azsposh/providers/Microsoft.SecurityInsights/Incidents/e10a00b2-c388-4ad9-9897-2b444a8fe50d\"\r\n      }\r\n    },\r\n    {\r\n      \"id\": \"/subscriptions/1c61ccbf-70b3-45a3-a1fb-848ce46d70a6/resourceGroups/ndicola-azsposh/providers/Microsoft.OperationalInsights/workspaces/azsposh/providers/Microsoft.SecurityInsights/Incidents/1ae861a1-c949-42c1-8c37-5f382d99fac3\",\r\n      \"name\": \"1ae861a1-c949-42c1-8c37-5f382d99fac3\",\r\n      \"etag\": \"\\\"1d0092ef-0000-0100-0000-5fbc1ab20000\\\"\",\r\n      \"type\": \"Microsoft.SecurityInsights/Incidents\",\r\n      \"properties\": {\r\n        \"title\": \"PoshModuleTest\",\r\n        \"severity\": \"Low\",\r\n        \"status\": \"New\",\r\n        \"owner\": {\r\n          \"objectId\": null,\r\n          \"email\": null,\r\n          \"assignedTo\": null,\r\n          \"userPrincipalName\": null\r\n        },\r\n        \"labels\": [],\r\n        \"lastModifiedTimeUtc\": \"2020-11-23T20:25:22.0712913Z\",\r\n        \"createdTimeUtc\": \"2020-11-23T20:25:22.0712913Z\",\r\n        \"incidentNumber\": 6,\r\n        \"additionalData\": {\r\n          \"alertsCount\": 0,\r\n          \"bookmarksCount\": 0,\r\n          \"commentsCount\": 0,\r\n          \"alertProductNames\": [],\r\n          \"tactics\": []\r\n        },\r\n        \"relatedAnalyticRuleIds\": [],\r\n        \"incidentUrl\": \"https://portal.azure.com/#asset/Microsoft_Azure_Security_Insights/Incident/subscriptions/1c61ccbf-70b3-45a3-a1fb-848ce46d70a6/resourceGroups/ndicola-azsposh/providers/Microsoft.OperationalInsights/workspaces/azsposh/providers/Microsoft.SecurityInsights/Incidents/1ae861a1-c949-42c1-8c37-5f382d99fac3\"\r\n      }\r\n    },\r\n    {\r\n      \"id\": \"/subscriptions/1c61ccbf-70b3-45a3-a1fb-848ce46d70a6/resourceGroups/ndicola-azsposh/providers/Microsoft.OperationalInsights/workspaces/azsposh/providers/Microsoft.SecurityInsights/Incidents/f1a89b23-0c09-4a6c-af77-7935e1b87797\",\r\n      \"name\": \"f1a89b23-0c09-4a6c-af77-7935e1b87797\",\r\n      \"etag\": \"\\\"1d008eef-0000-0100-0000-5fbc1ab00000\\\"\",\r\n      \"type\": \"Microsoft.SecurityInsights/Incidents\",\r\n      \"properties\": {\r\n        \"title\": \"PoshModuleTest\",\r\n        \"severity\": \"Low\",\r\n        \"status\": \"New\",\r\n        \"owner\": {\r\n          \"objectId\": null,\r\n          \"email\": null,\r\n          \"assignedTo\": null,\r\n          \"userPrincipalName\": null\r\n        },\r\n        \"labels\": [],\r\n        \"lastModifiedTimeUtc\": \"2020-11-23T20:25:20.5970746Z\",\r\n        \"createdTimeUtc\": \"2020-11-23T20:25:20.5970746Z\",\r\n        \"incidentNumber\": 5,\r\n        \"additionalData\": {\r\n          \"alertsCount\": 0,\r\n          \"bookmarksCount\": 0,\r\n          \"commentsCount\": 0,\r\n          \"alertProductNames\": [],\r\n          \"tactics\": []\r\n        },\r\n        \"relatedAnalyticRuleIds\": [],\r\n        \"incidentUrl\": \"https://portal.azure.com/#asset/Microsoft_Azure_Security_Insights/Incident/subscriptions/1c61ccbf-70b3-45a3-a1fb-848ce46d70a6/resourceGroups/ndicola-azsposh/providers/Microsoft.OperationalInsights/workspaces/azsposh/providers/Microsoft.SecurityInsights/Incidents/f1a89b23-0c09-4a6c-af77-7935e1b87797\"\r\n      }\r\n    },\r\n    {\r\n      \"id\": \"/subscriptions/1c61ccbf-70b3-45a3-a1fb-848ce46d70a6/resourceGroups/ndicola-azsposh/providers/Microsoft.OperationalInsights/workspaces/azsposh/providers/Microsoft.SecurityInsights/Incidents/061c9297-d356-485e-9676-b44cf9b0df92\",\r\n      \"name\": \"061c9297-d356-485e-9676-b44cf9b0df92\",\r\n      \"etag\": \"\\\"1d008def-0000-0100-0000-5fbc1aaf0000\\\"\",\r\n      \"type\": \"Microsoft.SecurityInsights/Incidents\",\r\n      \"properties\": {\r\n        \"title\": \"PoshModuleTest\",\r\n        \"severity\": \"Low\",\r\n        \"status\": \"New\",\r\n        \"owner\": {\r\n          \"objectId\": null,\r\n          \"email\": null,\r\n          \"assignedTo\": null,\r\n          \"userPrincipalName\": null\r\n        },\r\n        \"labels\": [],\r\n        \"lastModifiedTimeUtc\": \"2020-11-23T20:25:19.2307468Z\",\r\n        \"createdTimeUtc\": \"2020-11-23T20:25:19.2307468Z\",\r\n        \"incidentNumber\": 4,\r\n        \"additionalData\": {\r\n          \"alertsCount\": 0,\r\n          \"bookmarksCount\": 0,\r\n          \"commentsCount\": 0,\r\n          \"alertProductNames\": [],\r\n          \"tactics\": []\r\n        },\r\n        \"relatedAnalyticRuleIds\": [],\r\n        \"incidentUrl\": \"https://portal.azure.com/#asset/Microsoft_Azure_Security_Insights/Incident/subscriptions/1c61ccbf-70b3-45a3-a1fb-848ce46d70a6/resourceGroups/ndicola-azsposh/providers/Microsoft.OperationalInsights/workspaces/azsposh/providers/Microsoft.SecurityInsights/Incidents/061c9297-d356-485e-9676-b44cf9b0df92\"\r\n      }\r\n    },\r\n    {\r\n      \"id\": \"/subscriptions/1c61ccbf-70b3-45a3-a1fb-848ce46d70a6/resourceGroups/ndicola-azsposh/providers/Microsoft.OperationalInsights/workspaces/azsposh/providers/Microsoft.SecurityInsights/Incidents/2da34951-449e-463b-bd0a-d771af82e590\",\r\n      \"name\": \"2da34951-449e-463b-bd0a-d771af82e590\",\r\n      \"etag\": \"\\\"1d0088ef-0000-0100-0000-5fbc1aad0000\\\"\",\r\n      \"type\": \"Microsoft.SecurityInsights/Incidents\",\r\n      \"properties\": {\r\n        \"title\": \"PoshModuleTest2\",\r\n        \"severity\": \"Low\",\r\n        \"status\": \"New\",\r\n        \"owner\": {\r\n          \"objectId\": null,\r\n          \"email\": null,\r\n          \"assignedTo\": null,\r\n          \"userPrincipalName\": null\r\n        },\r\n        \"labels\": [],\r\n        \"lastModifiedTimeUtc\": \"2020-11-23T20:25:17.5717541Z\",\r\n        \"createdTimeUtc\": \"2020-11-23T20:25:17.5717541Z\",\r\n        \"incidentNumber\": 3,\r\n        \"additionalData\": {\r\n          \"alertsCount\": 0,\r\n          \"bookmarksCount\": 0,\r\n          \"commentsCount\": 0,\r\n          \"alertProductNames\": [],\r\n          \"tactics\": []\r\n        },\r\n        \"relatedAnalyticRuleIds\": [],\r\n        \"incidentUrl\": \"https://portal.azure.com/#asset/Microsoft_Azure_Security_Insights/Incident/subscriptions/1c61ccbf-70b3-45a3-a1fb-848ce46d70a6/resourceGroups/ndicola-azsposh/providers/Microsoft.OperationalInsights/workspaces/azsposh/providers/Microsoft.SecurityInsights/Incidents/2da34951-449e-463b-bd0a-d771af82e590\"\r\n      }\r\n    },\r\n    {\r\n      \"id\": \"/subscriptions/1c61ccbf-70b3-45a3-a1fb-848ce46d70a6/resourceGroups/ndicola-azsposh/providers/Microsoft.OperationalInsights/workspaces/azsposh/providers/Microsoft.SecurityInsights/Incidents/a537c5e1-4d52-44cb-b012-83c9d8437207\",\r\n      \"name\": \"a537c5e1-4d52-44cb-b012-83c9d8437207\",\r\n      \"etag\": \"\\\"1d0087ef-0000-0100-0000-5fbc1aad0000\\\"\",\r\n      \"type\": \"Microsoft.SecurityInsights/Incidents\",\r\n      \"properties\": {\r\n        \"title\": \"PoshModuleTest\",\r\n        \"severity\": \"Low\",\r\n        \"status\": \"New\",\r\n        \"owner\": {\r\n          \"objectId\": null,\r\n          \"email\": null,\r\n          \"assignedTo\": null,\r\n          \"userPrincipalName\": null\r\n        },\r\n        \"labels\": [],\r\n        \"lastModifiedTimeUtc\": \"2020-11-23T20:25:17.3157001Z\",\r\n        \"createdTimeUtc\": \"2020-11-23T20:25:17.3157001Z\",\r\n        \"incidentNumber\": 2,\r\n        \"additionalData\": {\r\n          \"alertsCount\": 0,\r\n          \"bookmarksCount\": 0,\r\n          \"commentsCount\": 0,\r\n          \"alertProductNames\": [],\r\n          \"tactics\": []\r\n        },\r\n        \"relatedAnalyticRuleIds\": [],\r\n        \"incidentUrl\": \"https://portal.azure.com/#asset/Microsoft_Azure_Security_Insights/Incident/subscriptions/1c61ccbf-70b3-45a3-a1fb-848ce46d70a6/resourceGroups/ndicola-azsposh/providers/Microsoft.OperationalInsights/workspaces/azsposh/providers/Microsoft.SecurityInsights/Incidents/a537c5e1-4d52-44cb-b012-83c9d8437207\"\r\n      }\r\n    },\r\n    {\r\n      \"id\": \"/subscriptions/1c61ccbf-70b3-45a3-a1fb-848ce46d70a6/resourceGroups/ndicola-azsposh/providers/Microsoft.OperationalInsights/workspaces/azsposh/providers/Microsoft.SecurityInsights/Incidents/808b10de-0841-40c1-ba57-75a05f98ad01\",\r\n      \"name\": \"808b10de-0841-40c1-ba57-75a05f98ad01\",\r\n      \"etag\": \"\\\"0100a486-0000-0100-0000-5fb89e920000\\\"\",\r\n      \"type\": \"Microsoft.SecurityInsights/Incidents\",\r\n      \"properties\": {\r\n        \"title\": \"testapi\",\r\n        \"severity\": \"Low\",\r\n        \"status\": \"New\",\r\n        \"owner\": {\r\n          \"objectId\": null,\r\n          \"email\": null,\r\n          \"assignedTo\": null,\r\n          \"userPrincipalName\": null\r\n        },\r\n        \"labels\": [],\r\n        \"lastModifiedTimeUtc\": \"2020-11-19T00:16:50.0225943Z\",\r\n        \"createdTimeUtc\": \"2020-11-11T23:35:52.6826913Z\",\r\n        \"incidentNumber\": 1,\r\n        \"additionalData\": {\r\n          \"alertsCount\": 0,\r\n          \"bookmarksCount\": 0,\r\n          \"commentsCount\": 1,\r\n          \"alertProductNames\": [],\r\n          \"tactics\": []\r\n        },\r\n        \"relatedAnalyticRuleIds\": [],\r\n        \"incidentUrl\": \"https://portal.azure.com/#asset/Microsoft_Azure_Security_Insights/Incident/subscriptions/1c61ccbf-70b3-45a3-a1fb-848ce46d70a6/resourceGroups/ndicola-azsposh/providers/Microsoft.OperationalInsights/workspaces/azsposh/providers/Microsoft.SecurityInsights/Incidents/808b10de-0841-40c1-ba57-75a05f98ad01\"\r\n      }\r\n    }\r\n  ]\r\n}",
      "StatusCode": 200
    },
    {
      "RequestUri": "/subscriptions/1c61ccbf-70b3-45a3-a1fb-848ce46d70a6/resourceGroups/ndicola-azsposh/providers/Microsoft.OperationalInsights/workspaces/azsposh/providers/Microsoft.SecurityInsights/incidents/17656403-061d-4ab1-bba5-f630e4235525?api-version=2020-01-01",
      "EncodedRequestUri": "L3N1YnNjcmlwdGlvbnMvMWM2MWNjYmYtNzBiMy00NWEzLWExZmItODQ4Y2U0NmQ3MGE2L3Jlc291cmNlR3JvdXBzL25kaWNvbGEtYXpzcG9zaC9wcm92aWRlcnMvTWljcm9zb2Z0Lk9wZXJhdGlvbmFsSW5zaWdodHMvd29ya3NwYWNlcy9henNwb3NoL3Byb3ZpZGVycy9NaWNyb3NvZnQuU2VjdXJpdHlJbnNpZ2h0cy9pbmNpZGVudHMvMTc2NTY0MDMtMDYxZC00YWIxLWJiYTUtZjYzMGU0MjM1NTI1P2FwaS12ZXJzaW9uPTIwMjAtMDEtMDE=",
      "RequestMethod": "DELETE",
      "RequestBody": "",
      "RequestHeaders": {
        "x-ms-client-request-id": [
          "3c0d7276-e7ff-454c-a53b-3b94d6a949bf"
        ],
        "Accept-Language": [
          "en-US"
        ],
        "User-Agent": [
          "FxVersion/4.6.29321.03",
          "OSName/Windows",
          "OSVersion/Microsoft.Windows.10.0.19042.",
          "Microsoft.Azure.Management.SecurityInsights.SecurityInsightsClient/1.0.0.0"
        ]
      },
      "ResponseHeaders": {
        "Cache-Control": [
          "no-cache"
        ],
        "Pragma": [
          "no-cache"
        ],
        "x-ms-ratelimit-remaining-subscription-deletes": [
          "14999"
        ],
        "Server": [
          "Kestrel"
        ],
        "x-ms-request-id": [
          "2274e141-7b82-44fb-a3b9-fb5a37a74f0c"
        ],
        "x-ms-correlation-request-id": [
          "2274e141-7b82-44fb-a3b9-fb5a37a74f0c"
        ],
        "x-ms-routing-request-id": [
          "WESTUS2:20201128T200736Z:2274e141-7b82-44fb-a3b9-fb5a37a74f0c"
        ],
        "Strict-Transport-Security": [
          "max-age=31536000; includeSubDomains"
        ],
        "X-Content-Type-Options": [
          "nosniff"
        ],
        "Date": [
          "Sat, 28 Nov 2020 20:07:36 GMT"
        ],
        "Content-Length": [
          "2"
        ],
        "Content-Type": [
          "application/json; charset=utf-8"
        ],
        "Expires": [
          "-1"
        ]
      },
      "ResponseBody": "{}",
      "StatusCode": 200
    },
    {
      "RequestUri": "/subscriptions/1c61ccbf-70b3-45a3-a1fb-848ce46d70a6/resourceGroups/ndicola-azsposh/providers/Microsoft.OperationalInsights/workspaces/azsposh/providers/Microsoft.SecurityInsights/incidents/7cb32d34-bc30-4d42-a6ea-64f34f75c994?api-version=2020-01-01",
      "EncodedRequestUri": "L3N1YnNjcmlwdGlvbnMvMWM2MWNjYmYtNzBiMy00NWEzLWExZmItODQ4Y2U0NmQ3MGE2L3Jlc291cmNlR3JvdXBzL25kaWNvbGEtYXpzcG9zaC9wcm92aWRlcnMvTWljcm9zb2Z0Lk9wZXJhdGlvbmFsSW5zaWdodHMvd29ya3NwYWNlcy9henNwb3NoL3Byb3ZpZGVycy9NaWNyb3NvZnQuU2VjdXJpdHlJbnNpZ2h0cy9pbmNpZGVudHMvN2NiMzJkMzQtYmMzMC00ZDQyLWE2ZWEtNjRmMzRmNzVjOTk0P2FwaS12ZXJzaW9uPTIwMjAtMDEtMDE=",
      "RequestMethod": "DELETE",
      "RequestBody": "",
      "RequestHeaders": {
        "x-ms-client-request-id": [
          "e088186f-a234-4786-84a8-5ba4ff98d093"
        ],
        "Accept-Language": [
          "en-US"
        ],
        "User-Agent": [
          "FxVersion/4.6.29321.03",
          "OSName/Windows",
          "OSVersion/Microsoft.Windows.10.0.19042.",
          "Microsoft.Azure.Management.SecurityInsights.SecurityInsightsClient/1.0.0.0"
        ]
      },
      "ResponseHeaders": {
        "Cache-Control": [
          "no-cache"
        ],
        "Pragma": [
          "no-cache"
        ],
        "x-ms-ratelimit-remaining-subscription-deletes": [
          "14998"
        ],
        "Server": [
          "Kestrel"
        ],
        "x-ms-request-id": [
          "08f7ec57-6489-465a-a2a3-a7ea45eeace6"
        ],
        "x-ms-correlation-request-id": [
          "08f7ec57-6489-465a-a2a3-a7ea45eeace6"
        ],
        "x-ms-routing-request-id": [
          "WESTUS2:20201128T200736Z:08f7ec57-6489-465a-a2a3-a7ea45eeace6"
        ],
        "Strict-Transport-Security": [
          "max-age=31536000; includeSubDomains"
        ],
        "X-Content-Type-Options": [
          "nosniff"
        ],
        "Date": [
          "Sat, 28 Nov 2020 20:07:36 GMT"
        ],
        "Content-Length": [
          "2"
        ],
        "Content-Type": [
          "application/json; charset=utf-8"
        ],
        "Expires": [
          "-1"
        ]
      },
      "ResponseBody": "{}",
      "StatusCode": 200
    }
  ],
  "Names": {},
  "Variables": {
    "SubscriptionId": "1c61ccbf-70b3-45a3-a1fb-848ce46d70a6"
  }
}