{
  "Entries": [
    {
      "RequestUri": "/subscriptions/46241355-bb95-46a9-ba6c-42b554d71925/resources?$filter=resourceType%20eq%20'Microsoft.Batch%2FbatchAccounts'&api-version=2014-04-01-preview",
      "EncodedRequestUri": "L3N1YnNjcmlwdGlvbnMvNDYyNDEzNTUtYmI5NS00NmE5LWJhNmMtNDJiNTU0ZDcxOTI1L3Jlc291cmNlcz8kZmlsdGVyPXJlc291cmNlVHlwZSUyMGVxJTIwJ01pY3Jvc29mdC5CYXRjaCUyRmJhdGNoQWNjb3VudHMnJmFwaS12ZXJzaW9uPTIwMTQtMDQtMDEtcHJldmlldw==",
      "RequestMethod": "GET",
      "RequestBody": "",
      "RequestHeaders": {
        "User-Agent": [
          "Microsoft.Azure.Management.Resources.ResourceManagementClient/2.0.0.0"
        ]
      },
      "ResponseBody": "{\r\n  \"value\": [\r\n    {\r\n      \"id\": \"/subscriptions/46241355-bb95-46a9-ba6c-42b554d71925/resourceGroups/default-brazilsouth/providers/Microsoft.Batch/batchAccounts/batchtest\",\r\n      \"name\": \"batchtest\",\r\n      \"type\": \"Microsoft.Batch/batchAccounts\",\r\n      \"location\": \"brazilsouth\",\r\n      \"tags\": {\r\n        \"tag1\": \"value1\"\r\n      }\r\n    },\r\n    {\r\n      \"id\": \"/subscriptions/46241355-bb95-46a9-ba6c-42b554d71925/resourceGroups/default-centralus/providers/Microsoft.Batch/batchAccounts/jsxplat\",\r\n      \"name\": \"jsxplat\",\r\n      \"type\": \"Microsoft.Batch/batchAccounts\",\r\n      \"location\": \"centralus\"\r\n    },\r\n    {\r\n      \"id\": \"/subscriptions/46241355-bb95-46a9-ba6c-42b554d71925/resourceGroups/default-eastus/providers/Microsoft.Batch/batchAccounts/jstesteastus2\",\r\n      \"name\": \"jstesteastus2\",\r\n      \"type\": \"Microsoft.Batch/batchAccounts\",\r\n      \"location\": \"eastus2\"\r\n    },\r\n    {\r\n      \"id\": \"/subscriptions/46241355-bb95-46a9-ba6c-42b554d71925/resourceGroups/default-eastus/providers/Microsoft.Batch/batchAccounts/pstestaccount\",\r\n      \"name\": \"pstestaccount\",\r\n      \"type\": \"Microsoft.Batch/batchAccounts\",\r\n      \"location\": \"eastus\"\r\n    },\r\n    {\r\n      \"id\": \"/subscriptions/46241355-bb95-46a9-ba6c-42b554d71925/resourceGroups/default-westus/providers/Microsoft.Batch/batchAccounts/jsmatlab\",\r\n      \"name\": \"jsmatlab\",\r\n      \"type\": \"Microsoft.Batch/batchAccounts\",\r\n      \"location\": \"westus\"\r\n    },\r\n    {\r\n      \"id\": \"/subscriptions/46241355-bb95-46a9-ba6c-42b554d71925/resourceGroups/default-westus/providers/Microsoft.Batch/batchAccounts/jstest\",\r\n      \"name\": \"jstest\",\r\n      \"type\": \"Microsoft.Batch/batchAccounts\",\r\n      \"location\": \"westus\"\r\n    }\r\n  ]\r\n}",
      "ResponseHeaders": {
        "Content-Length": [
          "1371"
        ],
        "Content-Type": [
          "application/json; charset=utf-8"
        ],
        "Expires": [
          "-1"
        ],
        "Pragma": [
          "no-cache"
        ],
        "x-ms-ratelimit-remaining-subscription-reads": [
          "14999"
        ],
        "x-ms-request-id": [
          "db0d4952-9934-42c9-b2cd-0a0dffe287fa"
        ],
        "x-ms-correlation-request-id": [
          "db0d4952-9934-42c9-b2cd-0a0dffe287fa"
        ],
        "x-ms-routing-request-id": [
          "NORTHCENTRALUS:20160404T211829Z:db0d4952-9934-42c9-b2cd-0a0dffe287fa"
        ],
        "Strict-Transport-Security": [
          "max-age=31536000; includeSubDomains"
        ],
        "Cache-Control": [
          "no-cache"
        ],
        "Date": [
          "Mon, 04 Apr 2016 21:18:28 GMT"
        ]
      },
      "StatusCode": 200
    },
    {
      "RequestUri": "/subscriptions/46241355-bb95-46a9-ba6c-42b554d71925/resourceGroups/default-eastus/providers/Microsoft.Batch/batchAccounts/pstestaccount?api-version=2015-09-01",
      "EncodedRequestUri": "L3N1YnNjcmlwdGlvbnMvNDYyNDEzNTUtYmI5NS00NmE5LWJhNmMtNDJiNTU0ZDcxOTI1L3Jlc291cmNlR3JvdXBzL2RlZmF1bHQtZWFzdHVzL3Byb3ZpZGVycy9NaWNyb3NvZnQuQmF0Y2gvYmF0Y2hBY2NvdW50cy9wc3Rlc3RhY2NvdW50P2FwaS12ZXJzaW9uPTIwMTUtMDktMDE=",
      "RequestMethod": "GET",
      "RequestBody": "",
      "RequestHeaders": {
        "x-ms-version": [
          "2015-09-01"
        ],
        "User-Agent": [
          "Microsoft.Azure.Management.Batch.BatchManagementClient/1.0.0.0"
        ]
      },
      "ResponseBody": "{\r\n  \"name\": \"pstestaccount\",\r\n  \"location\": \"eastus\",\r\n  \"properties\": {\r\n    \"accountEndpoint\": \"pstestaccount.eastus.batch.azure.com\",\r\n    \"provisioningState\": \"Succeeded\",\r\n    \"coreQuota\": 20,\r\n    \"poolQuota\": 20,\r\n    \"activeJobAndJobScheduleQuota\": 20\r\n  },\r\n  \"id\": \"/subscriptions/46241355-bb95-46a9-ba6c-42b554d71925/resourceGroups/default-eastus/providers/Microsoft.Batch/batchAccounts/pstestaccount\",\r\n  \"type\": \"Microsoft.Batch/batchAccounts\"\r\n}",
      "ResponseHeaders": {
        "Content-Length": [
          "394"
        ],
        "Content-Type": [
          "application/json; charset=utf-8"
        ],
        "Expires": [
          "-1"
        ],
        "Last-Modified": [
          "Mon, 04 Apr 2016 21:18:30 GMT"
        ],
        "Pragma": [
          "no-cache"
        ],
        "request-id": [
          "9a67bb82-21b9-4ad4-af57-552ceffeec03"
        ],
        "Strict-Transport-Security": [
          "max-age=31536000; includeSubDomains"
        ],
        "x-ms-ratelimit-remaining-subscription-reads": [
          "14998"
        ],
        "x-ms-request-id": [
          "5d715fb2-06e1-4f5b-ad43-6f47c7e122e4"
        ],
        "x-ms-correlation-request-id": [
          "5d715fb2-06e1-4f5b-ad43-6f47c7e122e4"
        ],
        "x-ms-routing-request-id": [
          "NORTHCENTRALUS:20160404T211830Z:5d715fb2-06e1-4f5b-ad43-6f47c7e122e4"
        ],
        "Cache-Control": [
          "no-cache"
        ],
        "Date": [
          "Mon, 04 Apr 2016 21:18:29 GMT"
        ],
        "ETag": [
          "0x8D35CCEABB72101"
        ],
        "Server": [
          "Microsoft-HTTPAPI/2.0"
        ]
      },
      "StatusCode": 200
    },
    {
      "RequestUri": "/subscriptions/46241355-bb95-46a9-ba6c-42b554d71925/resourceGroups/default-eastus/providers/Microsoft.Batch/batchAccounts/pstestaccount/listKeys?api-version=2015-09-01",
      "EncodedRequestUri": "L3N1YnNjcmlwdGlvbnMvNDYyNDEzNTUtYmI5NS00NmE5LWJhNmMtNDJiNTU0ZDcxOTI1L3Jlc291cmNlR3JvdXBzL2RlZmF1bHQtZWFzdHVzL3Byb3ZpZGVycy9NaWNyb3NvZnQuQmF0Y2gvYmF0Y2hBY2NvdW50cy9wc3Rlc3RhY2NvdW50L2xpc3RLZXlzP2FwaS12ZXJzaW9uPTIwMTUtMDktMDE=",
      "RequestMethod": "POST",
      "RequestBody": "",
      "RequestHeaders": {
        "x-ms-version": [
          "2015-09-01"
        ],
        "User-Agent": [
          "Microsoft.Azure.Management.Batch.BatchManagementClient/1.0.0.0"
        ]
      },
      "ResponseBody": "{\r\n  \"accountName\": \"pstestaccount\",\r\n  \"primary\": \"fRlHsqQAn8t7JoMsGDuLbPka/vHUscOWH0B20Bq0QcrJ5znK2hSoEO6B2y1sFtIB81tLFWnBG7pdIGIlgiV1fg==\",\r\n  \"secondary\": \"ZHMeLQ5h7glfP6dE2HhfQMrMidPWrXq6xm4WLqW5Na4g/svcxV7QE/D2sIuGhh4hvnCZZ7cB8t4/epFsjG+OtQ==\"\r\n}",
      "ResponseHeaders": {
        "Content-Length": [
          "235"
        ],
        "Content-Type": [
          "application/json; charset=utf-8"
        ],
        "Expires": [
          "-1"
        ],
        "Pragma": [
          "no-cache"
        ],
        "request-id": [
          "0e603618-c44f-48ef-82c8-023d4421ac4b"
        ],
        "Strict-Transport-Security": [
          "max-age=31536000; includeSubDomains"
        ],
        "x-ms-ratelimit-remaining-subscription-writes": [
          "1198"
        ],
        "x-ms-request-id": [
          "3e6f62a8-cbae-40fb-98b8-09d1bb1fca09"
        ],
        "x-ms-correlation-request-id": [
          "3e6f62a8-cbae-40fb-98b8-09d1bb1fca09"
        ],
        "x-ms-routing-request-id": [
          "NORTHCENTRALUS:20160404T211830Z:3e6f62a8-cbae-40fb-98b8-09d1bb1fca09"
        ],
        "Cache-Control": [
          "no-cache"
        ],
        "Date": [
          "Mon, 04 Apr 2016 21:18:29 GMT"
        ],
        "Server": [
          "Microsoft-HTTPAPI/2.0"
        ]
      },
      "StatusCode": 200
    },
    {
      "RequestUri": "/jobschedules?api-version=2016-02-01.3.0",
      "EncodedRequestUri": "L2pvYnNjaGVkdWxlcz9hcGktdmVyc2lvbj0yMDE2LTAyLTAxLjMuMA==",
      "RequestMethod": "POST",
      "RequestBody": "{\r\n  \"id\": \"selectTest\",\r\n  \"schedule\": {},\r\n  \"jobSpecification\": {\r\n    \"poolInfo\": {\r\n      \"poolId\": \"testPool\"\r\n    }\r\n  }\r\n}",
      "RequestHeaders": {
        "Content-Type": [
          "application/json; odata=minimalmetadata; charset=utf-8"
        ],
        "Content-Length": [
          "130"
        ],
        "x-ms-client-request-id": [
          "dd20c641-e079-49cf-8193-407319e65f8a"
        ],
        "accept-language": [
          "en-US"
        ],
        "client-request-id": [
          "a1c592bb-8e9c-4612-a88f-6f91e6897766"
        ],
        "ocp-date": [
          "Mon, 04 Apr 2016 21:18:31 GMT"
        ],
        "User-Agent": [
          "Microsoft.Azure.Batch.Protocol.BatchServiceClient/3.1.0.0",
          "AzurePowershell/v1.0.5"
        ]
      },
      "ResponseBody": "",
      "ResponseHeaders": {
        "Last-Modified": [
          "Mon, 04 Apr 2016 21:18:32 GMT"
        ],
        "Transfer-Encoding": [
          "chunked"
        ],
        "request-id": [
          "cbfe435e-dde9-4188-8830-0d3a3b3e2a8d"
        ],
        "Strict-Transport-Security": [
          "max-age=31536000; includeSubDomains"
        ],
        "DataServiceVersion": [
          "3.0"
        ],
        "DataServiceId": [
          "https://pstestaccount.eastus.batch.azure.com/jobschedules/selectTest"
        ],
        "Date": [
          "Mon, 04 Apr 2016 21:18:32 GMT"
        ],
        "ETag": [
          "0x8D35CCEACDAA13C"
        ],
        "Location": [
          "https://pstestaccount.eastus.batch.azure.com/jobschedules/selectTest"
        ],
        "Server": [
          "Microsoft-HTTPAPI/2.0"
        ]
      },
      "StatusCode": 201
    },
    {
      "RequestUri": "/jobschedules/selectTest?api-version=2016-02-01.3.0",
      "EncodedRequestUri": "L2pvYnNjaGVkdWxlcy9zZWxlY3RUZXN0P2FwaS12ZXJzaW9uPTIwMTYtMDItMDEuMy4w",
      "RequestMethod": "GET",
      "RequestBody": "",
      "RequestHeaders": {
        "x-ms-client-request-id": [
          "64aa3a69-365b-4754-a95c-70b744dddff5"
        ],
        "accept-language": [
          "en-US"
        ],
        "client-request-id": [
          "62124f5b-2954-4d20-97ba-a841f39d0286"
        ],
        "ocp-date": [
          "Mon, 04 Apr 2016 21:18:35 GMT"
        ],
        "User-Agent": [
          "Microsoft.Azure.Batch.Protocol.BatchServiceClient/3.1.0.0",
          "AzurePowershell/v1.0.5"
        ]
      },
      "ResponseBody": "{\r\n  \"odata.metadata\": \"https://pstestaccount.eastus.batch.azure.com/$metadata#jobschedules/@Element\",\r\n  \"id\": \"selectTest\",\r\n  \"url\": \"https://pstestaccount.eastus.batch.azure.com/jobschedules/selectTest\",\r\n  \"eTag\": \"0x8D35CCEACDAA13C\",\r\n  \"lastModified\": \"2016-04-04T21:18:32.2399548Z\",\r\n  \"creationTime\": \"2016-04-04T21:18:32.2399548Z\",\r\n  \"state\": \"active\",\r\n  \"stateTransitionTime\": \"2016-04-04T21:18:32.2399548Z\",\r\n  \"jobSpecification\": {\r\n    \"priority\": 0,\r\n    \"usesTaskDependencies\": false,\r\n    \"constraints\": {\r\n      \"maxWallClockTime\": \"P10675199DT2H48M5.4775807S\",\r\n      \"maxTaskRetryCount\": 0\r\n    },\r\n    \"poolInfo\": {\r\n      \"poolId\": \"testPool\"\r\n    }\r\n  },\r\n  \"executionInfo\": {\r\n    \"recentJob\": {\r\n      \"url\": \"https://pstestaccount.eastus.batch.azure.com/jobs/selectTest:job-1\",\r\n      \"id\": \"selectTest:job-1\"\r\n    }\r\n  }\r\n}",
      "ResponseHeaders": {
        "Content-Type": [
          "application/json; odata=minimalmetadata"
        ],
        "Last-Modified": [
          "Mon, 04 Apr 2016 21:18:32 GMT"
        ],
        "Transfer-Encoding": [
          "chunked"
        ],
        "request-id": [
          "feeb5d4d-ed2b-400a-bc65-670113b30c49"
        ],
        "Strict-Transport-Security": [
          "max-age=31536000; includeSubDomains"
        ],
        "DataServiceVersion": [
          "3.0"
        ],
        "Date": [
          "Mon, 04 Apr 2016 21:18:35 GMT"
        ],
        "ETag": [
          "0x8D35CCEACDAA13C"
        ],
        "Server": [
          "Microsoft-HTTPAPI/2.0"
        ]
      },
      "StatusCode": 200
    },
    {
      "RequestUri": "/jobschedules/selectTest?api-version=2016-02-01.3.0&$select=id%2Cstate",
      "EncodedRequestUri": "L2pvYnNjaGVkdWxlcy9zZWxlY3RUZXN0P2FwaS12ZXJzaW9uPTIwMTYtMDItMDEuMy4wJiRzZWxlY3Q9aWQlMkNzdGF0ZQ==",
      "RequestMethod": "GET",
      "RequestBody": "",
      "RequestHeaders": {
        "x-ms-client-request-id": [
          "099f6e7b-e0fb-47dd-b8c5-91fa2441315e"
        ],
        "accept-language": [
          "en-US"
        ],
        "client-request-id": [
          "e57b4f34-dec5-4eec-99cf-9c119f081e5c"
        ],
        "ocp-date": [
          "Mon, 04 Apr 2016 21:18:35 GMT"
        ],
        "User-Agent": [
          "Microsoft.Azure.Batch.Protocol.BatchServiceClient/3.1.0.0",
          "AzurePowershell/v1.0.5"
        ]
      },
      "ResponseBody": "{\r\n  \"odata.metadata\": \"https://pstestaccount.eastus.batch.azure.com/$metadata#jobschedules/@Element\",\r\n  \"id\": \"selectTest\",\r\n  \"state\": \"active\"\r\n}",
      "ResponseHeaders": {
        "Content-Type": [
          "application/json; odata=minimalmetadata"
        ],
        "Last-Modified": [
          "Mon, 04 Apr 2016 21:18:32 GMT"
        ],
        "Transfer-Encoding": [
          "chunked"
        ],
        "request-id": [
          "cca66a2b-5ac4-49db-aad8-27b6d284203a"
        ],
        "Strict-Transport-Security": [
          "max-age=31536000; includeSubDomains"
        ],
        "DataServiceVersion": [
          "3.0"
        ],
        "Date": [
          "Mon, 04 Apr 2016 21:18:35 GMT"
        ],
        "ETag": [
          "0x8D35CCEACDAA13C"
        ],
        "Server": [
          "Microsoft-HTTPAPI/2.0"
        ]
      },
      "StatusCode": 200
    },
    {
      "RequestUri": "/jobschedules?api-version=2016-02-01.3.0&$filter=id%20eq%20'selectTest'",
      "EncodedRequestUri": "L2pvYnNjaGVkdWxlcz9hcGktdmVyc2lvbj0yMDE2LTAyLTAxLjMuMCYkZmlsdGVyPWlkJTIwZXElMjAlMjdzZWxlY3RUZXN0JTI3",
      "RequestMethod": "GET",
      "RequestBody": "",
      "RequestHeaders": {
        "x-ms-client-request-id": [
          "fd4a1221-7477-4a25-878c-69d2135614bc"
        ],
        "accept-language": [
          "en-US"
        ],
        "client-request-id": [
          "038004bb-9b91-45df-a0e1-e3560414b115"
        ],
        "ocp-date": [
          "Mon, 04 Apr 2016 21:18:35 GMT"
        ],
        "User-Agent": [
          "Microsoft.Azure.Batch.Protocol.BatchServiceClient/3.1.0.0",
          "AzurePowershell/v1.0.5"
        ]
      },
      "ResponseBody": "{\r\n  \"odata.metadata\": \"https://pstestaccount.eastus.batch.azure.com/$metadata#jobschedules\",\r\n  \"value\": [\r\n    {\r\n      \"id\": \"selectTest\",\r\n      \"url\": \"https://pstestaccount.eastus.batch.azure.com/jobschedules/selectTest\",\r\n      \"eTag\": \"0x8D35CCEACDAA13C\",\r\n      \"lastModified\": \"2016-04-04T21:18:32.2399548Z\",\r\n      \"creationTime\": \"2016-04-04T21:18:32.2399548Z\",\r\n      \"state\": \"active\",\r\n      \"stateTransitionTime\": \"2016-04-04T21:18:32.2399548Z\",\r\n      \"jobSpecification\": {\r\n        \"priority\": 0,\r\n        \"usesTaskDependencies\": false,\r\n        \"constraints\": {\r\n          \"maxWallClockTime\": \"P10675199DT2H48M5.4775807S\",\r\n          \"maxTaskRetryCount\": 0\r\n        },\r\n        \"poolInfo\": {\r\n          \"poolId\": \"testPool\"\r\n        }\r\n      },\r\n      \"executionInfo\": {\r\n        \"recentJob\": {\r\n          \"url\": \"https://pstestaccount.eastus.batch.azure.com/jobs/selectTest:job-1\",\r\n          \"id\": \"selectTest:job-1\"\r\n        }\r\n      }\r\n    }\r\n  ]\r\n}",
      "ResponseHeaders": {
        "Content-Type": [
          "application/json; odata=minimalmetadata"
        ],
        "Transfer-Encoding": [
          "chunked"
        ],
        "request-id": [
          "eeda7c48-75ff-4e4a-b8ba-80d8b8868793"
        ],
        "Strict-Transport-Security": [
          "max-age=31536000; includeSubDomains"
        ],
        "DataServiceVersion": [
          "3.0"
        ],
        "Date": [
          "Mon, 04 Apr 2016 21:18:35 GMT"
        ],
        "Server": [
          "Microsoft-HTTPAPI/2.0"
        ]
      },
      "StatusCode": 200
    },
    {
      "RequestUri": "/jobschedules?api-version=2016-02-01.3.0&$filter=id%20eq%20'selectTest'&$select=id%2Cstate",
      "EncodedRequestUri": "L2pvYnNjaGVkdWxlcz9hcGktdmVyc2lvbj0yMDE2LTAyLTAxLjMuMCYkZmlsdGVyPWlkJTIwZXElMjAlMjdzZWxlY3RUZXN0JTI3JiRzZWxlY3Q9aWQlMkNzdGF0ZQ==",
      "RequestMethod": "GET",
      "RequestBody": "",
      "RequestHeaders": {
        "x-ms-client-request-id": [
          "6f7c7af2-216b-41ed-b229-77f32a97de6c"
        ],
        "accept-language": [
          "en-US"
        ],
        "client-request-id": [
          "dfc64bd1-b7fa-4249-9d4e-1516863ffc2b"
        ],
        "ocp-date": [
          "Mon, 04 Apr 2016 21:18:36 GMT"
        ],
        "User-Agent": [
          "Microsoft.Azure.Batch.Protocol.BatchServiceClient/3.1.0.0",
          "AzurePowershell/v1.0.5"
        ]
      },
      "ResponseBody": "{\r\n  \"odata.metadata\": \"https://pstestaccount.eastus.batch.azure.com/$metadata#jobschedules\",\r\n  \"value\": [\r\n    {\r\n      \"id\": \"selectTest\",\r\n      \"state\": \"active\"\r\n    }\r\n  ]\r\n}",
      "ResponseHeaders": {
        "Content-Type": [
          "application/json; odata=minimalmetadata"
        ],
        "Transfer-Encoding": [
          "chunked"
        ],
        "request-id": [
          "608dfe4a-14b4-4165-b1db-cc7674fd66c5"
        ],
        "Strict-Transport-Security": [
          "max-age=31536000; includeSubDomains"
        ],
        "DataServiceVersion": [
          "3.0"
        ],
        "Date": [
          "Mon, 04 Apr 2016 21:18:35 GMT"
        ],
        "Server": [
          "Microsoft-HTTPAPI/2.0"
        ]
      },
      "StatusCode": 200
    },
    {
      "RequestUri": "/jobschedules/selectTest?api-version=2016-02-01.3.0",
      "EncodedRequestUri": "L2pvYnNjaGVkdWxlcy9zZWxlY3RUZXN0P2FwaS12ZXJzaW9uPTIwMTYtMDItMDEuMy4w",
      "RequestMethod": "DELETE",
      "RequestBody": "",
      "RequestHeaders": {
        "x-ms-client-request-id": [
          "f507c5d0-c0cd-4568-8e48-792d065886d4"
        ],
        "accept-language": [
          "en-US"
        ],
        "client-request-id": [
          "32b8accd-fb15-415a-a8f6-f70a3a5a8420"
        ],
        "ocp-date": [
          "Mon, 04 Apr 2016 21:18:38 GMT"
        ],
        "User-Agent": [
          "Microsoft.Azure.Batch.Protocol.BatchServiceClient/3.1.0.0",
          "AzurePowershell/v1.0.5"
        ]
      },
      "ResponseBody": "",
      "ResponseHeaders": {
        "Transfer-Encoding": [
          "chunked"
        ],
        "request-id": [
          "1fb14f00-5b13-40de-85f0-8cb1e8587c72"
        ],
        "Strict-Transport-Security": [
          "max-age=31536000; includeSubDomains"
        ],
        "DataServiceVersion": [
          "3.0"
        ],
        "Date": [
          "Mon, 04 Apr 2016 21:18:38 GMT"
        ],
        "Server": [
          "Microsoft-HTTPAPI/2.0"
        ]
      },
      "StatusCode": 202
    }
  ],
  "Names": {},
  "Variables": {
    "SubscriptionId": "46241355-bb95-46a9-ba6c-42b554d71925",
    "AZURE_BATCH_ACCOUNT": "pstestaccount",
    "AZURE_BATCH_ENDPOINT": "https://pstestaccount.eastus.batch.azure.com"
  }
}