{
  "Entries": [
    {
      "RequestUri": "/subscriptions/6368ed38-3570-481f-b4fa-1d0a6e8d3f3b/resources?$filter=resourceType%20eq%20'Microsoft.Batch%2FbatchAccounts'&api-version=2014-04-01-preview",
      "EncodedRequestUri": "L3N1YnNjcmlwdGlvbnMvNjM2OGVkMzgtMzU3MC00ODFmLWI0ZmEtMWQwYTZlOGQzZjNiL3Jlc291cmNlcz8kZmlsdGVyPXJlc291cmNlVHlwZSUyMGVxJTIwJ01pY3Jvc29mdC5CYXRjaCUyRmJhdGNoQWNjb3VudHMnJmFwaS12ZXJzaW9uPTIwMTQtMDQtMDEtcHJldmlldw==",
      "RequestMethod": "GET",
      "RequestBody": "",
      "RequestHeaders": {
        "User-Agent": [
          "Microsoft.Azure.Management.Resources.ResourceManagementClient/2.0.0.0"
        ]
      },
      "ResponseBody": "{\r\n  \"value\": [\r\n    {\r\n      \"id\": \"/subscriptions/6368ed38-3570-481f-b4fa-1d0a6e8d3f3b/resourceGroups/default-azurebatch-eastus/providers/Microsoft.Batch/batchAccounts/pstests\",\r\n      \"name\": \"pstests\",\r\n      \"type\": \"Microsoft.Batch/batchAccounts\",\r\n      \"location\": \"eastus\"\r\n    }\r\n  ]\r\n}",
      "ResponseHeaders": {
        "Content-Length": [
          "237"
        ],
        "Content-Type": [
          "application/json; charset=utf-8"
        ],
        "Expires": [
          "-1"
        ],
        "Pragma": [
          "no-cache"
        ],
        "x-ms-ratelimit-remaining-subscription-reads": [
          "14995"
        ],
        "x-ms-request-id": [
          "7ff0e28d-78db-4366-902a-8ad59326d7fb"
        ],
        "x-ms-correlation-request-id": [
          "7ff0e28d-78db-4366-902a-8ad59326d7fb"
        ],
        "x-ms-routing-request-id": [
          "CENTRALUS:20151027T002728Z:7ff0e28d-78db-4366-902a-8ad59326d7fb"
        ],
        "Strict-Transport-Security": [
          "max-age=31536000; includeSubDomains"
        ],
        "Cache-Control": [
          "no-cache"
        ],
        "Date": [
          "Tue, 27 Oct 2015 00:27:27 GMT"
        ]
      },
      "StatusCode": 200
    },
    {
      "RequestUri": "/subscriptions/6368ed38-3570-481f-b4fa-1d0a6e8d3f3b/resourceGroups/default-azurebatch-eastus/providers/Microsoft.Batch/batchAccounts/pstests?api-version=2015-09-01",
      "EncodedRequestUri": "L3N1YnNjcmlwdGlvbnMvNjM2OGVkMzgtMzU3MC00ODFmLWI0ZmEtMWQwYTZlOGQzZjNiL3Jlc291cmNlR3JvdXBzL2RlZmF1bHQtYXp1cmViYXRjaC1lYXN0dXMvcHJvdmlkZXJzL01pY3Jvc29mdC5CYXRjaC9iYXRjaEFjY291bnRzL3BzdGVzdHM/YXBpLXZlcnNpb249MjAxNS0wOS0wMQ==",
      "RequestMethod": "GET",
      "RequestBody": "",
      "RequestHeaders": {
        "x-ms-version": [
          "2015-09-01"
        ],
        "User-Agent": [
          "Microsoft.Azure.Management.Batch.BatchManagementClient/1.0.0.0"
        ]
      },
      "ResponseBody": "{\r\n  \"name\": \"pstests\",\r\n  \"location\": \"eastus\",\r\n  \"properties\": {\r\n    \"accountEndpoint\": \"pstests.eastus.batch.azure.com\",\r\n    \"provisioningState\": \"Succeeded\",\r\n    \"coreQuota\": 20,\r\n    \"poolQuota\": 20,\r\n    \"activeJobAndJobScheduleQuota\": 20\r\n  },\r\n  \"id\": \"/subscriptions/6368ed38-3570-481f-b4fa-1d0a6e8d3f3b/resourceGroups/default-azurebatch-eastus/providers/Microsoft.Batch/batchAccounts/pstests\",\r\n  \"type\": \"Microsoft.Batch/batchAccounts\"\r\n}",
      "ResponseHeaders": {
        "Content-Length": [
          "387"
        ],
        "Content-Type": [
          "application/json; charset=utf-8"
        ],
        "Expires": [
          "-1"
        ],
        "Last-Modified": [
          "Tue, 27 Oct 2015 00:27:31 GMT"
        ],
        "Pragma": [
          "no-cache"
        ],
        "request-id": [
          "4691cffa-d989-4e4b-a838-137c58d0f38b"
        ],
        "Strict-Transport-Security": [
          "max-age=31536000; includeSubDomains"
        ],
        "x-ms-ratelimit-remaining-subscription-reads": [
          "14997"
        ],
        "x-ms-request-id": [
          "34484322-8dd6-48d1-bcc3-5a290c75f4ec"
        ],
        "x-ms-correlation-request-id": [
          "34484322-8dd6-48d1-bcc3-5a290c75f4ec"
        ],
        "x-ms-routing-request-id": [
          "CENTRALUS:20151027T002729Z:34484322-8dd6-48d1-bcc3-5a290c75f4ec"
        ],
        "Cache-Control": [
          "no-cache"
        ],
        "Date": [
          "Tue, 27 Oct 2015 00:27:29 GMT"
        ],
        "ETag": [
          "0x8D2DE6567049F7E"
        ],
        "Server": [
          "Microsoft-HTTPAPI/2.0"
        ]
      },
      "StatusCode": 200
    },
    {
      "RequestUri": "/subscriptions/6368ed38-3570-481f-b4fa-1d0a6e8d3f3b/resourceGroups/default-azurebatch-eastus/providers/Microsoft.Batch/batchAccounts/pstests/listKeys?api-version=2015-09-01",
      "EncodedRequestUri": "L3N1YnNjcmlwdGlvbnMvNjM2OGVkMzgtMzU3MC00ODFmLWI0ZmEtMWQwYTZlOGQzZjNiL3Jlc291cmNlR3JvdXBzL2RlZmF1bHQtYXp1cmViYXRjaC1lYXN0dXMvcHJvdmlkZXJzL01pY3Jvc29mdC5CYXRjaC9iYXRjaEFjY291bnRzL3BzdGVzdHMvbGlzdEtleXM/YXBpLXZlcnNpb249MjAxNS0wOS0wMQ==",
      "RequestMethod": "POST",
      "RequestBody": "",
      "RequestHeaders": {
        "x-ms-version": [
          "2015-09-01"
        ],
        "User-Agent": [
          "Microsoft.Azure.Management.Batch.BatchManagementClient/1.0.0.0"
        ]
      },
      "ResponseBody": "{\r\n  \"accountName\": \"pstests\",\r\n  \"primary\": \"hIsQ4xSEK40UEhQPO1ixIV6kxX2Kd7WldCNgTOWFeYRU5EpnfeS5+ZuPNQZXuDalZYEFlgMZc2TkmF/PIBKhBg==\",\r\n  \"secondary\": \"zkP4SqUquW+Vc9Uwu6iAl/EfvrKiUzWznxunIdvDPGngakhTFrmysae7LEF0EI6BzqPrWHngaKzlsbKoQTcQdQ==\"\r\n}",
      "ResponseHeaders": {
        "Content-Length": [
          "229"
        ],
        "Content-Type": [
          "application/json; charset=utf-8"
        ],
        "Expires": [
          "-1"
        ],
        "Pragma": [
          "no-cache"
        ],
        "request-id": [
          "a105ec32-dc6d-4a0d-9cbe-9b0de43a2f18"
        ],
        "Strict-Transport-Security": [
          "max-age=31536000; includeSubDomains"
        ],
        "x-ms-ratelimit-remaining-subscription-writes": [
          "1198"
        ],
        "x-ms-request-id": [
          "1d0976ad-d37d-407b-8a5e-28dd88e50d41"
        ],
        "x-ms-correlation-request-id": [
          "1d0976ad-d37d-407b-8a5e-28dd88e50d41"
        ],
        "x-ms-routing-request-id": [
          "CENTRALUS:20151027T002729Z:1d0976ad-d37d-407b-8a5e-28dd88e50d41"
        ],
        "Cache-Control": [
          "no-cache"
        ],
        "Date": [
          "Tue, 27 Oct 2015 00:27:29 GMT"
        ],
        "Server": [
          "Microsoft-HTTPAPI/2.0"
        ]
      },
      "StatusCode": 200
    },
    {
      "RequestUri": "/jobschedules?api-version=2015-06-01.2.0&timeout=30",
      "EncodedRequestUri": "L2pvYnNjaGVkdWxlcz9hcGktdmVyc2lvbj0yMDE1LTA2LTAxLjIuMCZ0aW1lb3V0PTMw",
      "RequestMethod": "POST",
      "RequestBody": "{\r\n  \"id\": \"simple\",\r\n  \"schedule\": {},\r\n  \"jobSpecification\": {\r\n    \"commonEnvironmentSettings\": [],\r\n    \"poolInfo\": {\r\n      \"poolId\": \"testPool\"\r\n    }\r\n  }\r\n}",
      "RequestHeaders": {
        "Content-Type": [
          "application/json; odata=minimalmetadata"
        ],
        "Content-Length": [
          "164"
        ],
        "client-request-id": [
          "178bf8c1-baf6-4b3c-8b97-f5c809b8a939"
        ],
        "ocp-date": [
          "Tue, 27 Oct 2015 00:27:30 GMT"
        ],
        "return-client-request-id": [
          "true"
        ],
        "User-Agent": [
          "Microsoft.Azure.Batch.Protocol.BatchRestClient/2.0.2.0",
          "AzBatch/2.0.2.0"
        ]
      },
      "ResponseBody": "",
      "ResponseHeaders": {
        "Last-Modified": [
          "Tue, 27 Oct 2015 00:27:31 GMT"
        ],
        "Transfer-Encoding": [
          "chunked"
        ],
        "request-id": [
          "3a2a7767-8ee0-4b9a-ab74-7a7922f59ccc"
        ],
        "Strict-Transport-Security": [
          "max-age=31536000; includeSubDomains"
        ],
        "client-request-id": [
          "178bf8c1-baf6-4b3c-8b97-f5c809b8a939"
        ],
        "DataServiceVersion": [
          "3.0"
        ],
        "DataServiceId": [
          "https://pstests.eastus.batch.azure.com/jobschedules/simple"
        ],
        "Date": [
          "Tue, 27 Oct 2015 00:27:31 GMT"
        ],
        "ETag": [
          "0x8D2DE6566F8DC53"
        ],
        "Location": [
          "https://pstests.eastus.batch.azure.com/jobschedules/simple"
        ],
        "Server": [
          "Microsoft-HTTPAPI/2.0"
        ]
      },
      "StatusCode": 201
    },
    {
      "RequestUri": "/jobschedules?api-version=2015-06-01.2.0&timeout=30",
      "EncodedRequestUri": "L2pvYnNjaGVkdWxlcz9hcGktdmVyc2lvbj0yMDE1LTA2LTAxLjIuMCZ0aW1lb3V0PTMw",
      "RequestMethod": "POST",
      "RequestBody": "{\r\n  \"id\": \"complex\",\r\n  \"displayName\": \"displayName\",\r\n  \"schedule\": {\r\n    \"startWindow\": \"P1D\",\r\n    \"recurrenceInterval\": \"P2D\"\r\n  },\r\n  \"jobSpecification\": {\r\n    \"priority\": 1,\r\n    \"displayName\": \"jobSpecDisplayName\",\r\n    \"constraints\": {\r\n      \"maxWallClockTime\": \"P1D\",\r\n      \"maxTaskRetryCount\": 5\r\n    },\r\n    \"jobManagerTask\": {\r\n      \"id\": \"jobManager\",\r\n      \"displayName\": \"jobManagerDisplay\",\r\n      \"commandLine\": \"cmd /c dir /s\",\r\n      \"resourceFiles\": [\r\n        {\r\n          \"blobSource\": \"https://testacct.blob.core.windows.net/\",\r\n          \"filePath\": \"filePath\"\r\n        }\r\n      ],\r\n      \"environmentSettings\": [\r\n        {\r\n          \"name\": \"name1\",\r\n          \"value\": \"value1\"\r\n        },\r\n        {\r\n          \"name\": \"name2\",\r\n          \"value\": \"value2\"\r\n        }\r\n      ],\r\n      \"constraints\": {\r\n        \"maxWallClockTime\": \"PT1H\"\r\n      },\r\n      \"killJobOnCompletion\": false,\r\n      \"runElevated\": false\r\n    },\r\n    \"jobPreparationTask\": {\r\n      \"id\": \"jobPrep\",\r\n      \"commandLine\": \"cmd /c dir /s\",\r\n      \"resourceFiles\": [\r\n        {\r\n          \"blobSource\": \"https://testacct.blob.core.windows.net/\",\r\n          \"filePath\": \"jobPrepFilePath\"\r\n        }\r\n      ],\r\n      \"environmentSettings\": [\r\n        {\r\n          \"name\": \"jobPrepName1\",\r\n          \"value\": \"jobPrepValue1\"\r\n        },\r\n        {\r\n          \"name\": \"jobPrepName2\",\r\n          \"value\": \"jobPrepValue2\"\r\n        }\r\n      ],\r\n      \"constraints\": {\r\n        \"maxTaskRetryCount\": 2\r\n      },\r\n      \"runElevated\": false\r\n    },\r\n    \"jobReleaseTask\": {\r\n      \"id\": \"jobRelease\",\r\n      \"commandLine\": \"cmd /c dir /s\",\r\n      \"resourceFiles\": [\r\n        {\r\n          \"blobSource\": \"https://testacct.blob.core.windows.net/\",\r\n          \"filePath\": \"jobReleaseFilePath\"\r\n        }\r\n      ],\r\n      \"environmentSettings\": [\r\n        {\r\n          \"name\": \"jobReleaseName1\",\r\n          \"value\": \"jobReleaseValue1\"\r\n        },\r\n        {\r\n          \"name\": \"jobReleaseName2\",\r\n          \"value\": \"jobReleaseValue2\"\r\n        }\r\n      ],\r\n      \"runElevated\": false\r\n    },\r\n    \"commonEnvironmentSettings\": [\r\n      {\r\n        \"name\": \"commonName1\",\r\n        \"value\": \"commonValue1\"\r\n      },\r\n      {\r\n        \"name\": \"commonName2\",\r\n        \"value\": \"commonValue2\"\r\n      }\r\n    ],\r\n    \"poolInfo\": {\r\n      \"autoPoolSpecification\": {\r\n        \"autoPoolIdPrefix\": \"TestSpecPrefix\",\r\n        \"poolLifetimeOption\": \"jobschedule\",\r\n        \"keepAlive\": false,\r\n        \"pool\": {\r\n          \"vmSize\": \"small\",\r\n          \"osFamily\": \"4\",\r\n          \"targetOSVersion\": \"*\",\r\n          \"targetDedicated\": 3,\r\n          \"startTask\": {\r\n            \"commandLine\": \"cmd /c dir /s\"\r\n          },\r\n          \"certificateReferences\": [\r\n            {\r\n              \"thumbprint\": \"0123456789ABCDEF\",\r\n              \"thumbprintAlgorithm\": \"sha1\",\r\n              \"storeLocation\": \"localmachine\",\r\n              \"storeName\": \"certStore\",\r\n              \"visibility\": \"starttask\"\r\n            }\r\n          ]\r\n        }\r\n      }\r\n    },\r\n    \"metadata\": [\r\n      {\r\n        \"name\": \"specMeta1\",\r\n        \"value\": \"specMetaValue1\"\r\n      },\r\n      {\r\n        \"name\": \"specMeta2\",\r\n        \"value\": \"specMetaValue2\"\r\n      }\r\n    ]\r\n  },\r\n  \"metadata\": [\r\n    {\r\n      \"name\": \"meta2\",\r\n      \"value\": \"value2\"\r\n    },\r\n    {\r\n      \"name\": \"meta1\",\r\n      \"value\": \"value1\"\r\n    }\r\n  ]\r\n}",
      "RequestHeaders": {
        "Content-Type": [
          "application/json; odata=minimalmetadata"
        ],
        "Content-Length": [
          "3384"
        ],
        "client-request-id": [
          "a30170a4-6527-462c-aa2c-91750754fbab"
        ],
        "ocp-date": [
          "Tue, 27 Oct 2015 00:27:30 GMT"
        ],
        "return-client-request-id": [
          "true"
        ],
        "User-Agent": [
          "Microsoft.Azure.Batch.Protocol.BatchRestClient/2.0.2.0",
          "AzBatch/2.0.2.0"
        ]
      },
      "ResponseBody": "",
      "ResponseHeaders": {
        "Last-Modified": [
          "Tue, 27 Oct 2015 00:27:31 GMT"
        ],
        "Transfer-Encoding": [
          "chunked"
        ],
        "request-id": [
          "f789a391-3131-4f8c-9e6c-2aed0343071e"
        ],
        "Strict-Transport-Security": [
          "max-age=31536000; includeSubDomains"
        ],
        "client-request-id": [
          "a30170a4-6527-462c-aa2c-91750754fbab"
        ],
        "DataServiceVersion": [
          "3.0"
        ],
        "DataServiceId": [
          "https://pstests.eastus.batch.azure.com/jobschedules/complex"
        ],
        "Date": [
          "Tue, 27 Oct 2015 00:27:31 GMT"
        ],
        "ETag": [
          "0x8D2DE656732AC08"
        ],
        "Location": [
          "https://pstests.eastus.batch.azure.com/jobschedules/complex"
        ],
        "Server": [
          "Microsoft-HTTPAPI/2.0"
        ]
      },
      "StatusCode": 201
    },
    {
      "RequestUri": "/jobschedules?api-version=2015-06-01.2.0&timeout=30",
      "EncodedRequestUri": "L2pvYnNjaGVkdWxlcz9hcGktdmVyc2lvbj0yMDE1LTA2LTAxLjIuMCZ0aW1lb3V0PTMw",
      "RequestMethod": "POST",
      "RequestBody": "{\r\n  \"id\": \"complex\",\r\n  \"displayName\": \"displayName\",\r\n  \"schedule\": {\r\n    \"startWindow\": \"P1D\",\r\n    \"recurrenceInterval\": \"P2D\"\r\n  },\r\n  \"jobSpecification\": {\r\n    \"priority\": 1,\r\n    \"displayName\": \"jobSpecDisplayName\",\r\n    \"constraints\": {\r\n      \"maxWallClockTime\": \"P1D\",\r\n      \"maxTaskRetryCount\": 5\r\n    },\r\n    \"jobManagerTask\": {\r\n      \"id\": \"jobManager\",\r\n      \"displayName\": \"jobManagerDisplay\",\r\n      \"commandLine\": \"cmd /c dir /s\",\r\n      \"resourceFiles\": [\r\n        {\r\n          \"blobSource\": \"https://testacct.blob.core.windows.net/\",\r\n          \"filePath\": \"filePath\"\r\n        }\r\n      ],\r\n      \"environmentSettings\": [\r\n        {\r\n          \"name\": \"name1\",\r\n          \"value\": \"value1\"\r\n        },\r\n        {\r\n          \"name\": \"name2\",\r\n          \"value\": \"value2\"\r\n        }\r\n      ],\r\n      \"constraints\": {\r\n        \"maxWallClockTime\": \"PT1H\"\r\n      },\r\n      \"killJobOnCompletion\": false,\r\n      \"runElevated\": false\r\n    },\r\n    \"jobPreparationTask\": {\r\n      \"id\": \"jobPrep\",\r\n      \"commandLine\": \"cmd /c dir /s\",\r\n      \"resourceFiles\": [\r\n        {\r\n          \"blobSource\": \"https://testacct.blob.core.windows.net/\",\r\n          \"filePath\": \"jobPrepFilePath\"\r\n        }\r\n      ],\r\n      \"environmentSettings\": [\r\n        {\r\n          \"name\": \"jobPrepName1\",\r\n          \"value\": \"jobPrepValue1\"\r\n        },\r\n        {\r\n          \"name\": \"jobPrepName2\",\r\n          \"value\": \"jobPrepValue2\"\r\n        }\r\n      ],\r\n      \"constraints\": {\r\n        \"maxTaskRetryCount\": 2\r\n      },\r\n      \"runElevated\": false\r\n    },\r\n    \"jobReleaseTask\": {\r\n      \"id\": \"jobRelease\",\r\n      \"commandLine\": \"cmd /c dir /s\",\r\n      \"resourceFiles\": [\r\n        {\r\n          \"blobSource\": \"https://testacct.blob.core.windows.net/\",\r\n          \"filePath\": \"jobReleaseFilePath\"\r\n        }\r\n      ],\r\n      \"environmentSettings\": [\r\n        {\r\n          \"name\": \"jobReleaseName1\",\r\n          \"value\": \"jobReleaseValue1\"\r\n        },\r\n        {\r\n          \"name\": \"jobReleaseName2\",\r\n          \"value\": \"jobReleaseValue2\"\r\n        }\r\n      ],\r\n      \"runElevated\": false\r\n    },\r\n    \"commonEnvironmentSettings\": [\r\n      {\r\n        \"name\": \"commonName1\",\r\n        \"value\": \"commonValue1\"\r\n      },\r\n      {\r\n        \"name\": \"commonName2\",\r\n        \"value\": \"commonValue2\"\r\n      }\r\n    ],\r\n    \"poolInfo\": {\r\n      \"autoPoolSpecification\": {\r\n        \"autoPoolIdPrefix\": \"TestSpecPrefix\",\r\n        \"poolLifetimeOption\": \"jobschedule\",\r\n        \"keepAlive\": false,\r\n        \"pool\": {\r\n          \"vmSize\": \"small\",\r\n          \"osFamily\": \"4\",\r\n          \"targetOSVersion\": \"*\",\r\n          \"targetDedicated\": 3,\r\n          \"startTask\": {\r\n            \"commandLine\": \"cmd /c dir /s\"\r\n          },\r\n          \"certificateReferences\": [\r\n            {\r\n              \"thumbprint\": \"0123456789ABCDEF\",\r\n              \"thumbprintAlgorithm\": \"sha1\",\r\n              \"storeLocation\": \"localmachine\",\r\n              \"storeName\": \"certStore\",\r\n              \"visibility\": \"starttask\"\r\n            }\r\n          ]\r\n        }\r\n      }\r\n    },\r\n    \"metadata\": [\r\n      {\r\n        \"name\": \"specMeta1\",\r\n        \"value\": \"specMetaValue1\"\r\n      },\r\n      {\r\n        \"name\": \"specMeta2\",\r\n        \"value\": \"specMetaValue2\"\r\n      }\r\n    ]\r\n  },\r\n  \"metadata\": [\r\n    {\r\n      \"name\": \"meta2\",\r\n      \"value\": \"value2\"\r\n    },\r\n    {\r\n      \"name\": \"meta1\",\r\n      \"value\": \"value1\"\r\n    }\r\n  ]\r\n}",
      "RequestHeaders": {
        "Content-Type": [
          "application/json; odata=minimalmetadata"
        ],
        "Content-Length": [
          "3384"
        ],
        "client-request-id": [
          "a30170a4-6527-462c-aa2c-91750754fbab"
        ],
        "ocp-date": [
          "Tue, 27 Oct 2015 00:27:30 GMT"
        ],
        "return-client-request-id": [
          "true"
        ],
        "User-Agent": [
          "Microsoft.Azure.Batch.Protocol.BatchRestClient/2.0.2.0",
          "AzBatch/2.0.2.0"
        ]
      },
      "ResponseBody": "",
      "ResponseHeaders": {
        "Last-Modified": [
          "Tue, 27 Oct 2015 00:27:31 GMT"
        ],
        "Transfer-Encoding": [
          "chunked"
        ],
        "request-id": [
          "f789a391-3131-4f8c-9e6c-2aed0343071e"
        ],
        "Strict-Transport-Security": [
          "max-age=31536000; includeSubDomains"
        ],
        "client-request-id": [
          "a30170a4-6527-462c-aa2c-91750754fbab"
        ],
        "DataServiceVersion": [
          "3.0"
        ],
        "DataServiceId": [
          "https://pstests.eastus.batch.azure.com/jobschedules/complex"
        ],
        "Date": [
          "Tue, 27 Oct 2015 00:27:31 GMT"
        ],
        "ETag": [
          "0x8D2DE656732AC08"
        ],
        "Location": [
          "https://pstests.eastus.batch.azure.com/jobschedules/complex"
        ],
        "Server": [
          "Microsoft-HTTPAPI/2.0"
        ]
      },
      "StatusCode": 201
    },
    {
      "RequestUri": "/jobschedules?api-version=2015-06-01.2.0&timeout=30",
      "EncodedRequestUri": "L2pvYnNjaGVkdWxlcz9hcGktdmVyc2lvbj0yMDE1LTA2LTAxLjIuMCZ0aW1lb3V0PTMw",
      "RequestMethod": "POST",
      "RequestBody": "{\r\n  \"id\": \"complex\",\r\n  \"displayName\": \"displayName\",\r\n  \"schedule\": {\r\n    \"startWindow\": \"P1D\",\r\n    \"recurrenceInterval\": \"P2D\"\r\n  },\r\n  \"jobSpecification\": {\r\n    \"priority\": 1,\r\n    \"displayName\": \"jobSpecDisplayName\",\r\n    \"constraints\": {\r\n      \"maxWallClockTime\": \"P1D\",\r\n      \"maxTaskRetryCount\": 5\r\n    },\r\n    \"jobManagerTask\": {\r\n      \"id\": \"jobManager\",\r\n      \"displayName\": \"jobManagerDisplay\",\r\n      \"commandLine\": \"cmd /c dir /s\",\r\n      \"resourceFiles\": [\r\n        {\r\n          \"blobSource\": \"https://testacct.blob.core.windows.net/\",\r\n          \"filePath\": \"filePath\"\r\n        }\r\n      ],\r\n      \"environmentSettings\": [\r\n        {\r\n          \"name\": \"name1\",\r\n          \"value\": \"value1\"\r\n        },\r\n        {\r\n          \"name\": \"name2\",\r\n          \"value\": \"value2\"\r\n        }\r\n      ],\r\n      \"constraints\": {\r\n        \"maxWallClockTime\": \"PT1H\"\r\n      },\r\n      \"killJobOnCompletion\": false,\r\n      \"runElevated\": false\r\n    },\r\n    \"jobPreparationTask\": {\r\n      \"id\": \"jobPrep\",\r\n      \"commandLine\": \"cmd /c dir /s\",\r\n      \"resourceFiles\": [\r\n        {\r\n          \"blobSource\": \"https://testacct.blob.core.windows.net/\",\r\n          \"filePath\": \"jobPrepFilePath\"\r\n        }\r\n      ],\r\n      \"environmentSettings\": [\r\n        {\r\n          \"name\": \"jobPrepName1\",\r\n          \"value\": \"jobPrepValue1\"\r\n        },\r\n        {\r\n          \"name\": \"jobPrepName2\",\r\n          \"value\": \"jobPrepValue2\"\r\n        }\r\n      ],\r\n      \"constraints\": {\r\n        \"maxTaskRetryCount\": 2\r\n      },\r\n      \"runElevated\": false\r\n    },\r\n    \"jobReleaseTask\": {\r\n      \"id\": \"jobRelease\",\r\n      \"commandLine\": \"cmd /c dir /s\",\r\n      \"resourceFiles\": [\r\n        {\r\n          \"blobSource\": \"https://testacct.blob.core.windows.net/\",\r\n          \"filePath\": \"jobReleaseFilePath\"\r\n        }\r\n      ],\r\n      \"environmentSettings\": [\r\n        {\r\n          \"name\": \"jobReleaseName1\",\r\n          \"value\": \"jobReleaseValue1\"\r\n        },\r\n        {\r\n          \"name\": \"jobReleaseName2\",\r\n          \"value\": \"jobReleaseValue2\"\r\n        }\r\n      ],\r\n      \"runElevated\": false\r\n    },\r\n    \"commonEnvironmentSettings\": [\r\n      {\r\n        \"name\": \"commonName1\",\r\n        \"value\": \"commonValue1\"\r\n      },\r\n      {\r\n        \"name\": \"commonName2\",\r\n        \"value\": \"commonValue2\"\r\n      }\r\n    ],\r\n    \"poolInfo\": {\r\n      \"autoPoolSpecification\": {\r\n        \"autoPoolIdPrefix\": \"TestSpecPrefix\",\r\n        \"poolLifetimeOption\": \"jobschedule\",\r\n        \"keepAlive\": false,\r\n        \"pool\": {\r\n          \"vmSize\": \"small\",\r\n          \"osFamily\": \"4\",\r\n          \"targetOSVersion\": \"*\",\r\n          \"targetDedicated\": 3,\r\n          \"startTask\": {\r\n            \"commandLine\": \"cmd /c dir /s\"\r\n          },\r\n          \"certificateReferences\": [\r\n            {\r\n              \"thumbprint\": \"0123456789ABCDEF\",\r\n              \"thumbprintAlgorithm\": \"sha1\",\r\n              \"storeLocation\": \"localmachine\",\r\n              \"storeName\": \"certStore\",\r\n              \"visibility\": \"starttask\"\r\n            }\r\n          ]\r\n        }\r\n      }\r\n    },\r\n    \"metadata\": [\r\n      {\r\n        \"name\": \"specMeta1\",\r\n        \"value\": \"specMetaValue1\"\r\n      },\r\n      {\r\n        \"name\": \"specMeta2\",\r\n        \"value\": \"specMetaValue2\"\r\n      }\r\n    ]\r\n  },\r\n  \"metadata\": [\r\n    {\r\n      \"name\": \"meta2\",\r\n      \"value\": \"value2\"\r\n    },\r\n    {\r\n      \"name\": \"meta1\",\r\n      \"value\": \"value1\"\r\n    }\r\n  ]\r\n}",
      "RequestHeaders": {
        "Content-Type": [
          "application/json; odata=minimalmetadata"
        ],
        "Content-Length": [
          "3384"
        ],
        "client-request-id": [
          "a30170a4-6527-462c-aa2c-91750754fbab"
        ],
        "ocp-date": [
          "Tue, 27 Oct 2015 00:27:30 GMT"
        ],
        "return-client-request-id": [
          "true"
        ],
        "User-Agent": [
          "Microsoft.Azure.Batch.Protocol.BatchRestClient/2.0.2.0",
          "AzBatch/2.0.2.0"
        ]
      },
      "ResponseBody": "",
      "ResponseHeaders": {
        "Last-Modified": [
          "Tue, 27 Oct 2015 00:27:31 GMT"
        ],
        "Transfer-Encoding": [
          "chunked"
        ],
        "request-id": [
          "f789a391-3131-4f8c-9e6c-2aed0343071e"
        ],
        "Strict-Transport-Security": [
          "max-age=31536000; includeSubDomains"
        ],
        "client-request-id": [
          "a30170a4-6527-462c-aa2c-91750754fbab"
        ],
        "DataServiceVersion": [
          "3.0"
        ],
        "DataServiceId": [
          "https://pstests.eastus.batch.azure.com/jobschedules/complex"
        ],
        "Date": [
          "Tue, 27 Oct 2015 00:27:31 GMT"
        ],
        "ETag": [
          "0x8D2DE656732AC08"
        ],
        "Location": [
          "https://pstests.eastus.batch.azure.com/jobschedules/complex"
        ],
        "Server": [
          "Microsoft-HTTPAPI/2.0"
        ]
      },
      "StatusCode": 201
    },
    {
      "RequestUri": "/jobschedules/simple?api-version=2015-06-01.2.0&timeout=30",
      "EncodedRequestUri": "L2pvYnNjaGVkdWxlcy9zaW1wbGU/YXBpLXZlcnNpb249MjAxNS0wNi0wMS4yLjAmdGltZW91dD0zMA==",
      "RequestMethod": "GET",
      "RequestBody": "",
      "RequestHeaders": {
        "client-request-id": [
          "1492aa78-508b-4678-a767-497d4f29b9b2"
        ],
        "ocp-date": [
          "Tue, 27 Oct 2015 00:27:30 GMT"
        ],
        "return-client-request-id": [
          "true"
        ],
        "User-Agent": [
          "Microsoft.Azure.Batch.Protocol.BatchRestClient/2.0.2.0",
          "AzBatch/2.0.2.0"
        ]
      },
      "ResponseBody": "{\r\n  \"odata.metadata\": \"https://pstests.eastus.batch.azure.com/$metadata#jobschedules/@Element\",\r\n  \"id\": \"simple\",\r\n  \"url\": \"https://pstests.eastus.batch.azure.com/jobschedules/simple\",\r\n  \"eTag\": \"0x8D2DE6566F8DC53\",\r\n  \"lastModified\": \"2015-10-27T00:27:31.3309779Z\",\r\n  \"creationTime\": \"2015-10-27T00:27:31.3309779Z\",\r\n  \"state\": \"active\",\r\n  \"stateTransitionTime\": \"2015-10-27T00:27:31.3309779Z\",\r\n  \"jobSpecification\": {\r\n    \"priority\": 0,\r\n    \"constraints\": {\r\n      \"maxWallClockTime\": \"P10675199DT2H48M5.4775807S\",\r\n      \"maxTaskRetryCount\": 0\r\n    },\r\n    \"poolInfo\": {\r\n      \"poolId\": \"testPool\"\r\n    }\r\n  },\r\n  \"executionInfo\": {\r\n    \"recentJob\": {\r\n      \"url\": \"https://pstests.eastus.batch.azure.com/jobs/simple:job-1\",\r\n      \"id\": \"simple:job-1\"\r\n    }\r\n  }\r\n}",
      "ResponseHeaders": {
        "Content-Type": [
          "application/json; odata=minimalmetadata"
        ],
        "Last-Modified": [
          "Tue, 27 Oct 2015 00:27:31 GMT"
        ],
        "Transfer-Encoding": [
          "chunked"
        ],
        "request-id": [
          "f43e33ca-15da-4f29-8620-154ccf87007e"
        ],
        "Strict-Transport-Security": [
          "max-age=31536000; includeSubDomains"
        ],
        "client-request-id": [
          "1492aa78-508b-4678-a767-497d4f29b9b2"
        ],
        "DataServiceVersion": [
          "3.0"
        ],
        "Date": [
          "Tue, 27 Oct 2015 00:27:31 GMT"
        ],
        "ETag": [
          "0x8D2DE6566F8DC53"
        ],
        "Server": [
          "Microsoft-HTTPAPI/2.0"
        ]
      },
      "StatusCode": 200
    },
    {
      "RequestUri": "/jobschedules/simple?api-version=2015-06-01.2.0&timeout=30",
      "EncodedRequestUri": "L2pvYnNjaGVkdWxlcy9zaW1wbGU/YXBpLXZlcnNpb249MjAxNS0wNi0wMS4yLjAmdGltZW91dD0zMA==",
      "RequestMethod": "GET",
      "RequestBody": "",
      "RequestHeaders": {
        "client-request-id": [
          "1492aa78-508b-4678-a767-497d4f29b9b2"
        ],
        "ocp-date": [
          "Tue, 27 Oct 2015 00:27:30 GMT"
        ],
        "return-client-request-id": [
          "true"
        ],
        "User-Agent": [
          "Microsoft.Azure.Batch.Protocol.BatchRestClient/2.0.2.0",
          "AzBatch/2.0.2.0"
        ]
      },
      "ResponseBody": "{\r\n  \"odata.metadata\": \"https://pstests.eastus.batch.azure.com/$metadata#jobschedules/@Element\",\r\n  \"id\": \"simple\",\r\n  \"url\": \"https://pstests.eastus.batch.azure.com/jobschedules/simple\",\r\n  \"eTag\": \"0x8D2DE6566F8DC53\",\r\n  \"lastModified\": \"2015-10-27T00:27:31.3309779Z\",\r\n  \"creationTime\": \"2015-10-27T00:27:31.3309779Z\",\r\n  \"state\": \"active\",\r\n  \"stateTransitionTime\": \"2015-10-27T00:27:31.3309779Z\",\r\n  \"jobSpecification\": {\r\n    \"priority\": 0,\r\n    \"constraints\": {\r\n      \"maxWallClockTime\": \"P10675199DT2H48M5.4775807S\",\r\n      \"maxTaskRetryCount\": 0\r\n    },\r\n    \"poolInfo\": {\r\n      \"poolId\": \"testPool\"\r\n    }\r\n  },\r\n  \"executionInfo\": {\r\n    \"recentJob\": {\r\n      \"url\": \"https://pstests.eastus.batch.azure.com/jobs/simple:job-1\",\r\n      \"id\": \"simple:job-1\"\r\n    }\r\n  }\r\n}",
      "ResponseHeaders": {
        "Content-Type": [
          "application/json; odata=minimalmetadata"
        ],
        "Last-Modified": [
          "Tue, 27 Oct 2015 00:27:31 GMT"
        ],
        "Transfer-Encoding": [
          "chunked"
        ],
        "request-id": [
          "f43e33ca-15da-4f29-8620-154ccf87007e"
        ],
        "Strict-Transport-Security": [
          "max-age=31536000; includeSubDomains"
        ],
        "client-request-id": [
          "1492aa78-508b-4678-a767-497d4f29b9b2"
        ],
        "DataServiceVersion": [
          "3.0"
        ],
        "Date": [
          "Tue, 27 Oct 2015 00:27:31 GMT"
        ],
        "ETag": [
          "0x8D2DE6566F8DC53"
        ],
        "Server": [
          "Microsoft-HTTPAPI/2.0"
        ]
      },
      "StatusCode": 200
    },
    {
      "RequestUri": "/jobschedules/complex?api-version=2015-06-01.2.0&timeout=30",
      "EncodedRequestUri": "L2pvYnNjaGVkdWxlcy9jb21wbGV4P2FwaS12ZXJzaW9uPTIwMTUtMDYtMDEuMi4wJnRpbWVvdXQ9MzA=",
      "RequestMethod": "GET",
      "RequestBody": "",
      "RequestHeaders": {
        "client-request-id": [
          "ea997a0c-a749-4274-ac2d-f8be7aaebc1f"
        ],
        "ocp-date": [
          "Tue, 27 Oct 2015 00:27:30 GMT"
        ],
        "return-client-request-id": [
          "true"
        ],
        "User-Agent": [
          "Microsoft.Azure.Batch.Protocol.BatchRestClient/2.0.2.0",
          "AzBatch/2.0.2.0"
        ]
      },
      "ResponseBody": "{\r\n  \"odata.metadata\": \"https://pstests.eastus.batch.azure.com/$metadata#jobschedules/@Element\",\r\n  \"id\": \"complex\",\r\n  \"displayName\": \"displayName\",\r\n  \"url\": \"https://pstests.eastus.batch.azure.com/jobschedules/complex\",\r\n  \"eTag\": \"0x8D2DE656732AC08\",\r\n  \"lastModified\": \"2015-10-27T00:27:31.7098504Z\",\r\n  \"creationTime\": \"2015-10-27T00:27:31.7098504Z\",\r\n  \"state\": \"active\",\r\n  \"stateTransitionTime\": \"2015-10-27T00:27:31.7098504Z\",\r\n  \"schedule\": {\r\n    \"startWindow\": \"P1D\",\r\n    \"recurrenceInterval\": \"P2D\"\r\n  },\r\n  \"jobSpecification\": {\r\n    \"displayName\": \"jobSpecDisplayName\",\r\n    \"priority\": 1,\r\n    \"constraints\": {\r\n      \"maxWallClockTime\": \"P1D\",\r\n      \"maxTaskRetryCount\": 5\r\n    },\r\n    \"jobManagerTask\": {\r\n      \"id\": \"jobManager\",\r\n      \"displayName\": \"jobManagerDisplay\",\r\n      \"commandLine\": \"cmd /c dir /s\",\r\n      \"resourceFiles\": [\r\n        {\r\n          \"blobSource\": \"https://testacct.blob.core.windows.net/\",\r\n          \"filePath\": \"filePath\"\r\n        }\r\n      ],\r\n      \"environmentSettings\": [\r\n        {\r\n          \"name\": \"name1\",\r\n          \"value\": \"value1\"\r\n        },\r\n        {\r\n          \"name\": \"name2\",\r\n          \"value\": \"value2\"\r\n        }\r\n      ],\r\n      \"constraints\": {\r\n        \"maxWallClockTime\": \"PT1H\",\r\n        \"retentionTime\": \"P10675199DT2H48M5.4775807S\",\r\n        \"maxTaskRetryCount\": 5\r\n      },\r\n      \"runElevated\": false,\r\n      \"runExclusive\": true,\r\n      \"killJobOnCompletion\": false\r\n    },\r\n    \"jobPreparationTask\": {\r\n      \"id\": \"jobPrep\",\r\n      \"commandLine\": \"cmd /c dir /s\",\r\n      \"resourceFiles\": [\r\n        {\r\n          \"blobSource\": \"https://testacct.blob.core.windows.net/\",\r\n          \"filePath\": \"jobPrepFilePath\"\r\n        }\r\n      ],\r\n      \"environmentSettings\": [\r\n        {\r\n          \"name\": \"jobPrepName1\",\r\n          \"value\": \"jobPrepValue1\"\r\n        },\r\n        {\r\n          \"name\": \"jobPrepName2\",\r\n          \"value\": \"jobPrepValue2\"\r\n        }\r\n      ],\r\n      \"constraints\": {\r\n        \"maxWallClockTime\": \"P10675199DT2H48M5.4775807S\",\r\n        \"retentionTime\": \"P10675199DT2H48M5.4775807S\",\r\n        \"maxTaskRetryCount\": 2\r\n      },\r\n      \"runElevated\": false,\r\n      \"waitForSuccess\": true,\r\n      \"rerunOnNodeRebootAfterSuccess\": true\r\n    },\r\n    \"jobReleaseTask\": {\r\n      \"id\": \"jobRelease\",\r\n      \"commandLine\": \"cmd /c dir /s\",\r\n      \"resourceFiles\": [\r\n        {\r\n          \"blobSource\": \"https://testacct.blob.core.windows.net/\",\r\n          \"filePath\": \"jobReleaseFilePath\"\r\n        }\r\n      ],\r\n      \"environmentSettings\": [\r\n        {\r\n          \"name\": \"jobReleaseName1\",\r\n          \"value\": \"jobReleaseValue1\"\r\n        },\r\n        {\r\n          \"name\": \"jobReleaseName2\",\r\n          \"value\": \"jobReleaseValue2\"\r\n        }\r\n      ],\r\n      \"maxWallClockTime\": \"PT15M\",\r\n      \"retentionTime\": \"P10675199DT2H48M5.4775807S\",\r\n      \"runElevated\": false\r\n    },\r\n    \"commonEnvironmentSettings\": [\r\n      {\r\n        \"name\": \"commonName1\",\r\n        \"value\": \"commonValue1\"\r\n      },\r\n      {\r\n        \"name\": \"commonName2\",\r\n        \"value\": \"commonValue2\"\r\n      }\r\n    ],\r\n    \"poolInfo\": {\r\n      \"autoPoolSpecification\": {\r\n        \"autoPoolIdPrefix\": \"TestSpecPrefix\",\r\n        \"poolLifetimeOption\": \"jobschedule\",\r\n        \"keepAlive\": false,\r\n        \"pool\": {\r\n          \"osFamily\": \"4\",\r\n          \"targetOSVersion\": \"*\",\r\n          \"vmSize\": \"small\",\r\n          \"maxTasksPerNode\": 1,\r\n          \"taskSchedulingPolicy\": {\r\n            \"nodeFillType\": \"Spread\"\r\n          },\r\n          \"resizeTimeout\": \"PT5M\",\r\n          \"targetDedicated\": 3,\r\n          \"enableAutoScale\": false,\r\n          \"enableInterNodeCommunication\": false,\r\n          \"startTask\": {\r\n            \"commandLine\": \"cmd /c dir /s\",\r\n            \"runElevated\": false,\r\n            \"maxTaskRetryCount\": 0,\r\n            \"waitForSuccess\": false\r\n          },\r\n          \"certificateReferences\": [\r\n            {\r\n              \"thumbprint\": \"0123456789abcdef\",\r\n              \"thumbprintAlgorithm\": \"sha1\",\r\n              \"storeLocation\": \"LocalMachine\",\r\n              \"storeName\": \"certStore\",\r\n              \"visibility\": \"starttask\"\r\n            }\r\n          ]\r\n        }\r\n      }\r\n    },\r\n    \"metadata\": [\r\n      {\r\n        \"name\": \"specMeta1\",\r\n        \"value\": \"specMetaValue1\"\r\n      },\r\n      {\r\n        \"name\": \"specMeta2\",\r\n        \"value\": \"specMetaValue2\"\r\n      }\r\n    ]\r\n  },\r\n  \"executionInfo\": {\r\n    \"nextRunTime\": \"2015-10-29T00:27:31.7098504Z\",\r\n    \"recentJob\": {\r\n      \"url\": \"https://pstests.eastus.batch.azure.com/jobs/complex:job-1\",\r\n      \"id\": \"complex:job-1\"\r\n    }\r\n  },\r\n  \"metadata\": [\r\n    {\r\n      \"name\": \"meta2\",\r\n      \"value\": \"value2\"\r\n    },\r\n    {\r\n      \"name\": \"meta1\",\r\n      \"value\": \"value1\"\r\n    }\r\n  ]\r\n}",
      "ResponseHeaders": {
        "Content-Type": [
          "application/json; odata=minimalmetadata"
        ],
        "Last-Modified": [
          "Tue, 27 Oct 2015 00:27:31 GMT"
        ],
        "Transfer-Encoding": [
          "chunked"
        ],
        "request-id": [
          "b9917eeb-089a-4253-aca5-6433a9c5ffa1"
        ],
        "Strict-Transport-Security": [
          "max-age=31536000; includeSubDomains"
        ],
        "client-request-id": [
          "ea997a0c-a749-4274-ac2d-f8be7aaebc1f"
        ],
        "DataServiceVersion": [
          "3.0"
        ],
        "Date": [
          "Tue, 27 Oct 2015 00:27:31 GMT"
        ],
        "ETag": [
          "0x8D2DE656732AC08"
        ],
        "Server": [
          "Microsoft-HTTPAPI/2.0"
        ]
      },
      "StatusCode": 200
    },
    {
      "RequestUri": "/jobschedules/complex?api-version=2015-06-01.2.0&timeout=30",
      "EncodedRequestUri": "L2pvYnNjaGVkdWxlcy9jb21wbGV4P2FwaS12ZXJzaW9uPTIwMTUtMDYtMDEuMi4wJnRpbWVvdXQ9MzA=",
      "RequestMethod": "GET",
      "RequestBody": "",
      "RequestHeaders": {
        "client-request-id": [
          "ea997a0c-a749-4274-ac2d-f8be7aaebc1f"
        ],
        "ocp-date": [
          "Tue, 27 Oct 2015 00:27:30 GMT"
        ],
        "return-client-request-id": [
          "true"
        ],
        "User-Agent": [
          "Microsoft.Azure.Batch.Protocol.BatchRestClient/2.0.2.0",
          "AzBatch/2.0.2.0"
        ]
      },
      "ResponseBody": "{\r\n  \"odata.metadata\": \"https://pstests.eastus.batch.azure.com/$metadata#jobschedules/@Element\",\r\n  \"id\": \"complex\",\r\n  \"displayName\": \"displayName\",\r\n  \"url\": \"https://pstests.eastus.batch.azure.com/jobschedules/complex\",\r\n  \"eTag\": \"0x8D2DE656732AC08\",\r\n  \"lastModified\": \"2015-10-27T00:27:31.7098504Z\",\r\n  \"creationTime\": \"2015-10-27T00:27:31.7098504Z\",\r\n  \"state\": \"active\",\r\n  \"stateTransitionTime\": \"2015-10-27T00:27:31.7098504Z\",\r\n  \"schedule\": {\r\n    \"startWindow\": \"P1D\",\r\n    \"recurrenceInterval\": \"P2D\"\r\n  },\r\n  \"jobSpecification\": {\r\n    \"displayName\": \"jobSpecDisplayName\",\r\n    \"priority\": 1,\r\n    \"constraints\": {\r\n      \"maxWallClockTime\": \"P1D\",\r\n      \"maxTaskRetryCount\": 5\r\n    },\r\n    \"jobManagerTask\": {\r\n      \"id\": \"jobManager\",\r\n      \"displayName\": \"jobManagerDisplay\",\r\n      \"commandLine\": \"cmd /c dir /s\",\r\n      \"resourceFiles\": [\r\n        {\r\n          \"blobSource\": \"https://testacct.blob.core.windows.net/\",\r\n          \"filePath\": \"filePath\"\r\n        }\r\n      ],\r\n      \"environmentSettings\": [\r\n        {\r\n          \"name\": \"name1\",\r\n          \"value\": \"value1\"\r\n        },\r\n        {\r\n          \"name\": \"name2\",\r\n          \"value\": \"value2\"\r\n        }\r\n      ],\r\n      \"constraints\": {\r\n        \"maxWallClockTime\": \"PT1H\",\r\n        \"retentionTime\": \"P10675199DT2H48M5.4775807S\",\r\n        \"maxTaskRetryCount\": 5\r\n      },\r\n      \"runElevated\": false,\r\n      \"runExclusive\": true,\r\n      \"killJobOnCompletion\": false\r\n    },\r\n    \"jobPreparationTask\": {\r\n      \"id\": \"jobPrep\",\r\n      \"commandLine\": \"cmd /c dir /s\",\r\n      \"resourceFiles\": [\r\n        {\r\n          \"blobSource\": \"https://testacct.blob.core.windows.net/\",\r\n          \"filePath\": \"jobPrepFilePath\"\r\n        }\r\n      ],\r\n      \"environmentSettings\": [\r\n        {\r\n          \"name\": \"jobPrepName1\",\r\n          \"value\": \"jobPrepValue1\"\r\n        },\r\n        {\r\n          \"name\": \"jobPrepName2\",\r\n          \"value\": \"jobPrepValue2\"\r\n        }\r\n      ],\r\n      \"constraints\": {\r\n        \"maxWallClockTime\": \"P10675199DT2H48M5.4775807S\",\r\n        \"retentionTime\": \"P10675199DT2H48M5.4775807S\",\r\n        \"maxTaskRetryCount\": 2\r\n      },\r\n      \"runElevated\": false,\r\n      \"waitForSuccess\": true,\r\n      \"rerunOnNodeRebootAfterSuccess\": true\r\n    },\r\n    \"jobReleaseTask\": {\r\n      \"id\": \"jobRelease\",\r\n      \"commandLine\": \"cmd /c dir /s\",\r\n      \"resourceFiles\": [\r\n        {\r\n          \"blobSource\": \"https://testacct.blob.core.windows.net/\",\r\n          \"filePath\": \"jobReleaseFilePath\"\r\n        }\r\n      ],\r\n      \"environmentSettings\": [\r\n        {\r\n          \"name\": \"jobReleaseName1\",\r\n          \"value\": \"jobReleaseValue1\"\r\n        },\r\n        {\r\n          \"name\": \"jobReleaseName2\",\r\n          \"value\": \"jobReleaseValue2\"\r\n        }\r\n      ],\r\n      \"maxWallClockTime\": \"PT15M\",\r\n      \"retentionTime\": \"P10675199DT2H48M5.4775807S\",\r\n      \"runElevated\": false\r\n    },\r\n    \"commonEnvironmentSettings\": [\r\n      {\r\n        \"name\": \"commonName1\",\r\n        \"value\": \"commonValue1\"\r\n      },\r\n      {\r\n        \"name\": \"commonName2\",\r\n        \"value\": \"commonValue2\"\r\n      }\r\n    ],\r\n    \"poolInfo\": {\r\n      \"autoPoolSpecification\": {\r\n        \"autoPoolIdPrefix\": \"TestSpecPrefix\",\r\n        \"poolLifetimeOption\": \"jobschedule\",\r\n        \"keepAlive\": false,\r\n        \"pool\": {\r\n          \"osFamily\": \"4\",\r\n          \"targetOSVersion\": \"*\",\r\n          \"vmSize\": \"small\",\r\n          \"maxTasksPerNode\": 1,\r\n          \"taskSchedulingPolicy\": {\r\n            \"nodeFillType\": \"Spread\"\r\n          },\r\n          \"resizeTimeout\": \"PT5M\",\r\n          \"targetDedicated\": 3,\r\n          \"enableAutoScale\": false,\r\n          \"enableInterNodeCommunication\": false,\r\n          \"startTask\": {\r\n            \"commandLine\": \"cmd /c dir /s\",\r\n            \"runElevated\": false,\r\n            \"maxTaskRetryCount\": 0,\r\n            \"waitForSuccess\": false\r\n          },\r\n          \"certificateReferences\": [\r\n            {\r\n              \"thumbprint\": \"0123456789abcdef\",\r\n              \"thumbprintAlgorithm\": \"sha1\",\r\n              \"storeLocation\": \"LocalMachine\",\r\n              \"storeName\": \"certStore\",\r\n              \"visibility\": \"starttask\"\r\n            }\r\n          ]\r\n        }\r\n      }\r\n    },\r\n    \"metadata\": [\r\n      {\r\n        \"name\": \"specMeta1\",\r\n        \"value\": \"specMetaValue1\"\r\n      },\r\n      {\r\n        \"name\": \"specMeta2\",\r\n        \"value\": \"specMetaValue2\"\r\n      }\r\n    ]\r\n  },\r\n  \"executionInfo\": {\r\n    \"nextRunTime\": \"2015-10-29T00:27:31.7098504Z\",\r\n    \"recentJob\": {\r\n      \"url\": \"https://pstests.eastus.batch.azure.com/jobs/complex:job-1\",\r\n      \"id\": \"complex:job-1\"\r\n    }\r\n  },\r\n  \"metadata\": [\r\n    {\r\n      \"name\": \"meta2\",\r\n      \"value\": \"value2\"\r\n    },\r\n    {\r\n      \"name\": \"meta1\",\r\n      \"value\": \"value1\"\r\n    }\r\n  ]\r\n}",
      "ResponseHeaders": {
        "Content-Type": [
          "application/json; odata=minimalmetadata"
        ],
        "Last-Modified": [
          "Tue, 27 Oct 2015 00:27:31 GMT"
        ],
        "Transfer-Encoding": [
          "chunked"
        ],
        "request-id": [
          "b9917eeb-089a-4253-aca5-6433a9c5ffa1"
        ],
        "Strict-Transport-Security": [
          "max-age=31536000; includeSubDomains"
        ],
        "client-request-id": [
          "ea997a0c-a749-4274-ac2d-f8be7aaebc1f"
        ],
        "DataServiceVersion": [
          "3.0"
        ],
        "Date": [
          "Tue, 27 Oct 2015 00:27:31 GMT"
        ],
        "ETag": [
          "0x8D2DE656732AC08"
        ],
        "Server": [
          "Microsoft-HTTPAPI/2.0"
        ]
      },
      "StatusCode": 200
    },
    {
      "RequestUri": "/jobschedules/complex?api-version=2015-06-01.2.0&timeout=30",
      "EncodedRequestUri": "L2pvYnNjaGVkdWxlcy9jb21wbGV4P2FwaS12ZXJzaW9uPTIwMTUtMDYtMDEuMi4wJnRpbWVvdXQ9MzA=",
      "RequestMethod": "GET",
      "RequestBody": "",
      "RequestHeaders": {
        "client-request-id": [
          "ea997a0c-a749-4274-ac2d-f8be7aaebc1f"
        ],
        "ocp-date": [
          "Tue, 27 Oct 2015 00:27:30 GMT"
        ],
        "return-client-request-id": [
          "true"
        ],
        "User-Agent": [
          "Microsoft.Azure.Batch.Protocol.BatchRestClient/2.0.2.0",
          "AzBatch/2.0.2.0"
        ]
      },
      "ResponseBody": "{\r\n  \"odata.metadata\": \"https://pstests.eastus.batch.azure.com/$metadata#jobschedules/@Element\",\r\n  \"id\": \"complex\",\r\n  \"displayName\": \"displayName\",\r\n  \"url\": \"https://pstests.eastus.batch.azure.com/jobschedules/complex\",\r\n  \"eTag\": \"0x8D2DE656732AC08\",\r\n  \"lastModified\": \"2015-10-27T00:27:31.7098504Z\",\r\n  \"creationTime\": \"2015-10-27T00:27:31.7098504Z\",\r\n  \"state\": \"active\",\r\n  \"stateTransitionTime\": \"2015-10-27T00:27:31.7098504Z\",\r\n  \"schedule\": {\r\n    \"startWindow\": \"P1D\",\r\n    \"recurrenceInterval\": \"P2D\"\r\n  },\r\n  \"jobSpecification\": {\r\n    \"displayName\": \"jobSpecDisplayName\",\r\n    \"priority\": 1,\r\n    \"constraints\": {\r\n      \"maxWallClockTime\": \"P1D\",\r\n      \"maxTaskRetryCount\": 5\r\n    },\r\n    \"jobManagerTask\": {\r\n      \"id\": \"jobManager\",\r\n      \"displayName\": \"jobManagerDisplay\",\r\n      \"commandLine\": \"cmd /c dir /s\",\r\n      \"resourceFiles\": [\r\n        {\r\n          \"blobSource\": \"https://testacct.blob.core.windows.net/\",\r\n          \"filePath\": \"filePath\"\r\n        }\r\n      ],\r\n      \"environmentSettings\": [\r\n        {\r\n          \"name\": \"name1\",\r\n          \"value\": \"value1\"\r\n        },\r\n        {\r\n          \"name\": \"name2\",\r\n          \"value\": \"value2\"\r\n        }\r\n      ],\r\n      \"constraints\": {\r\n        \"maxWallClockTime\": \"PT1H\",\r\n        \"retentionTime\": \"P10675199DT2H48M5.4775807S\",\r\n        \"maxTaskRetryCount\": 5\r\n      },\r\n      \"runElevated\": false,\r\n      \"runExclusive\": true,\r\n      \"killJobOnCompletion\": false\r\n    },\r\n    \"jobPreparationTask\": {\r\n      \"id\": \"jobPrep\",\r\n      \"commandLine\": \"cmd /c dir /s\",\r\n      \"resourceFiles\": [\r\n        {\r\n          \"blobSource\": \"https://testacct.blob.core.windows.net/\",\r\n          \"filePath\": \"jobPrepFilePath\"\r\n        }\r\n      ],\r\n      \"environmentSettings\": [\r\n        {\r\n          \"name\": \"jobPrepName1\",\r\n          \"value\": \"jobPrepValue1\"\r\n        },\r\n        {\r\n          \"name\": \"jobPrepName2\",\r\n          \"value\": \"jobPrepValue2\"\r\n        }\r\n      ],\r\n      \"constraints\": {\r\n        \"maxWallClockTime\": \"P10675199DT2H48M5.4775807S\",\r\n        \"retentionTime\": \"P10675199DT2H48M5.4775807S\",\r\n        \"maxTaskRetryCount\": 2\r\n      },\r\n      \"runElevated\": false,\r\n      \"waitForSuccess\": true,\r\n      \"rerunOnNodeRebootAfterSuccess\": true\r\n    },\r\n    \"jobReleaseTask\": {\r\n      \"id\": \"jobRelease\",\r\n      \"commandLine\": \"cmd /c dir /s\",\r\n      \"resourceFiles\": [\r\n        {\r\n          \"blobSource\": \"https://testacct.blob.core.windows.net/\",\r\n          \"filePath\": \"jobReleaseFilePath\"\r\n        }\r\n      ],\r\n      \"environmentSettings\": [\r\n        {\r\n          \"name\": \"jobReleaseName1\",\r\n          \"value\": \"jobReleaseValue1\"\r\n        },\r\n        {\r\n          \"name\": \"jobReleaseName2\",\r\n          \"value\": \"jobReleaseValue2\"\r\n        }\r\n      ],\r\n      \"maxWallClockTime\": \"PT15M\",\r\n      \"retentionTime\": \"P10675199DT2H48M5.4775807S\",\r\n      \"runElevated\": false\r\n    },\r\n    \"commonEnvironmentSettings\": [\r\n      {\r\n        \"name\": \"commonName1\",\r\n        \"value\": \"commonValue1\"\r\n      },\r\n      {\r\n        \"name\": \"commonName2\",\r\n        \"value\": \"commonValue2\"\r\n      }\r\n    ],\r\n    \"poolInfo\": {\r\n      \"autoPoolSpecification\": {\r\n        \"autoPoolIdPrefix\": \"TestSpecPrefix\",\r\n        \"poolLifetimeOption\": \"jobschedule\",\r\n        \"keepAlive\": false,\r\n        \"pool\": {\r\n          \"osFamily\": \"4\",\r\n          \"targetOSVersion\": \"*\",\r\n          \"vmSize\": \"small\",\r\n          \"maxTasksPerNode\": 1,\r\n          \"taskSchedulingPolicy\": {\r\n            \"nodeFillType\": \"Spread\"\r\n          },\r\n          \"resizeTimeout\": \"PT5M\",\r\n          \"targetDedicated\": 3,\r\n          \"enableAutoScale\": false,\r\n          \"enableInterNodeCommunication\": false,\r\n          \"startTask\": {\r\n            \"commandLine\": \"cmd /c dir /s\",\r\n            \"runElevated\": false,\r\n            \"maxTaskRetryCount\": 0,\r\n            \"waitForSuccess\": false\r\n          },\r\n          \"certificateReferences\": [\r\n            {\r\n              \"thumbprint\": \"0123456789abcdef\",\r\n              \"thumbprintAlgorithm\": \"sha1\",\r\n              \"storeLocation\": \"LocalMachine\",\r\n              \"storeName\": \"certStore\",\r\n              \"visibility\": \"starttask\"\r\n            }\r\n          ]\r\n        }\r\n      }\r\n    },\r\n    \"metadata\": [\r\n      {\r\n        \"name\": \"specMeta1\",\r\n        \"value\": \"specMetaValue1\"\r\n      },\r\n      {\r\n        \"name\": \"specMeta2\",\r\n        \"value\": \"specMetaValue2\"\r\n      }\r\n    ]\r\n  },\r\n  \"executionInfo\": {\r\n    \"nextRunTime\": \"2015-10-29T00:27:31.7098504Z\",\r\n    \"recentJob\": {\r\n      \"url\": \"https://pstests.eastus.batch.azure.com/jobs/complex:job-1\",\r\n      \"id\": \"complex:job-1\"\r\n    }\r\n  },\r\n  \"metadata\": [\r\n    {\r\n      \"name\": \"meta2\",\r\n      \"value\": \"value2\"\r\n    },\r\n    {\r\n      \"name\": \"meta1\",\r\n      \"value\": \"value1\"\r\n    }\r\n  ]\r\n}",
      "ResponseHeaders": {
        "Content-Type": [
          "application/json; odata=minimalmetadata"
        ],
        "Last-Modified": [
          "Tue, 27 Oct 2015 00:27:31 GMT"
        ],
        "Transfer-Encoding": [
          "chunked"
        ],
        "request-id": [
          "b9917eeb-089a-4253-aca5-6433a9c5ffa1"
        ],
        "Strict-Transport-Security": [
          "max-age=31536000; includeSubDomains"
        ],
        "client-request-id": [
          "ea997a0c-a749-4274-ac2d-f8be7aaebc1f"
        ],
        "DataServiceVersion": [
          "3.0"
        ],
        "Date": [
          "Tue, 27 Oct 2015 00:27:31 GMT"
        ],
        "ETag": [
          "0x8D2DE656732AC08"
        ],
        "Server": [
          "Microsoft-HTTPAPI/2.0"
        ]
      },
      "StatusCode": 200
    },
    {
      "RequestUri": "/jobschedules/complex?api-version=2015-06-01.2.0&timeout=30",
      "EncodedRequestUri": "L2pvYnNjaGVkdWxlcy9jb21wbGV4P2FwaS12ZXJzaW9uPTIwMTUtMDYtMDEuMi4wJnRpbWVvdXQ9MzA=",
      "RequestMethod": "GET",
      "RequestBody": "",
      "RequestHeaders": {
        "client-request-id": [
          "ea997a0c-a749-4274-ac2d-f8be7aaebc1f"
        ],
        "ocp-date": [
          "Tue, 27 Oct 2015 00:27:30 GMT"
        ],
        "return-client-request-id": [
          "true"
        ],
        "User-Agent": [
          "Microsoft.Azure.Batch.Protocol.BatchRestClient/2.0.2.0",
          "AzBatch/2.0.2.0"
        ]
      },
      "ResponseBody": "{\r\n  \"odata.metadata\": \"https://pstests.eastus.batch.azure.com/$metadata#jobschedules/@Element\",\r\n  \"id\": \"complex\",\r\n  \"displayName\": \"displayName\",\r\n  \"url\": \"https://pstests.eastus.batch.azure.com/jobschedules/complex\",\r\n  \"eTag\": \"0x8D2DE656732AC08\",\r\n  \"lastModified\": \"2015-10-27T00:27:31.7098504Z\",\r\n  \"creationTime\": \"2015-10-27T00:27:31.7098504Z\",\r\n  \"state\": \"active\",\r\n  \"stateTransitionTime\": \"2015-10-27T00:27:31.7098504Z\",\r\n  \"schedule\": {\r\n    \"startWindow\": \"P1D\",\r\n    \"recurrenceInterval\": \"P2D\"\r\n  },\r\n  \"jobSpecification\": {\r\n    \"displayName\": \"jobSpecDisplayName\",\r\n    \"priority\": 1,\r\n    \"constraints\": {\r\n      \"maxWallClockTime\": \"P1D\",\r\n      \"maxTaskRetryCount\": 5\r\n    },\r\n    \"jobManagerTask\": {\r\n      \"id\": \"jobManager\",\r\n      \"displayName\": \"jobManagerDisplay\",\r\n      \"commandLine\": \"cmd /c dir /s\",\r\n      \"resourceFiles\": [\r\n        {\r\n          \"blobSource\": \"https://testacct.blob.core.windows.net/\",\r\n          \"filePath\": \"filePath\"\r\n        }\r\n      ],\r\n      \"environmentSettings\": [\r\n        {\r\n          \"name\": \"name1\",\r\n          \"value\": \"value1\"\r\n        },\r\n        {\r\n          \"name\": \"name2\",\r\n          \"value\": \"value2\"\r\n        }\r\n      ],\r\n      \"constraints\": {\r\n        \"maxWallClockTime\": \"PT1H\",\r\n        \"retentionTime\": \"P10675199DT2H48M5.4775807S\",\r\n        \"maxTaskRetryCount\": 5\r\n      },\r\n      \"runElevated\": false,\r\n      \"runExclusive\": true,\r\n      \"killJobOnCompletion\": false\r\n    },\r\n    \"jobPreparationTask\": {\r\n      \"id\": \"jobPrep\",\r\n      \"commandLine\": \"cmd /c dir /s\",\r\n      \"resourceFiles\": [\r\n        {\r\n          \"blobSource\": \"https://testacct.blob.core.windows.net/\",\r\n          \"filePath\": \"jobPrepFilePath\"\r\n        }\r\n      ],\r\n      \"environmentSettings\": [\r\n        {\r\n          \"name\": \"jobPrepName1\",\r\n          \"value\": \"jobPrepValue1\"\r\n        },\r\n        {\r\n          \"name\": \"jobPrepName2\",\r\n          \"value\": \"jobPrepValue2\"\r\n        }\r\n      ],\r\n      \"constraints\": {\r\n        \"maxWallClockTime\": \"P10675199DT2H48M5.4775807S\",\r\n        \"retentionTime\": \"P10675199DT2H48M5.4775807S\",\r\n        \"maxTaskRetryCount\": 2\r\n      },\r\n      \"runElevated\": false,\r\n      \"waitForSuccess\": true,\r\n      \"rerunOnNodeRebootAfterSuccess\": true\r\n    },\r\n    \"jobReleaseTask\": {\r\n      \"id\": \"jobRelease\",\r\n      \"commandLine\": \"cmd /c dir /s\",\r\n      \"resourceFiles\": [\r\n        {\r\n          \"blobSource\": \"https://testacct.blob.core.windows.net/\",\r\n          \"filePath\": \"jobReleaseFilePath\"\r\n        }\r\n      ],\r\n      \"environmentSettings\": [\r\n        {\r\n          \"name\": \"jobReleaseName1\",\r\n          \"value\": \"jobReleaseValue1\"\r\n        },\r\n        {\r\n          \"name\": \"jobReleaseName2\",\r\n          \"value\": \"jobReleaseValue2\"\r\n        }\r\n      ],\r\n      \"maxWallClockTime\": \"PT15M\",\r\n      \"retentionTime\": \"P10675199DT2H48M5.4775807S\",\r\n      \"runElevated\": false\r\n    },\r\n    \"commonEnvironmentSettings\": [\r\n      {\r\n        \"name\": \"commonName1\",\r\n        \"value\": \"commonValue1\"\r\n      },\r\n      {\r\n        \"name\": \"commonName2\",\r\n        \"value\": \"commonValue2\"\r\n      }\r\n    ],\r\n    \"poolInfo\": {\r\n      \"autoPoolSpecification\": {\r\n        \"autoPoolIdPrefix\": \"TestSpecPrefix\",\r\n        \"poolLifetimeOption\": \"jobschedule\",\r\n        \"keepAlive\": false,\r\n        \"pool\": {\r\n          \"osFamily\": \"4\",\r\n          \"targetOSVersion\": \"*\",\r\n          \"vmSize\": \"small\",\r\n          \"maxTasksPerNode\": 1,\r\n          \"taskSchedulingPolicy\": {\r\n            \"nodeFillType\": \"Spread\"\r\n          },\r\n          \"resizeTimeout\": \"PT5M\",\r\n          \"targetDedicated\": 3,\r\n          \"enableAutoScale\": false,\r\n          \"enableInterNodeCommunication\": false,\r\n          \"startTask\": {\r\n            \"commandLine\": \"cmd /c dir /s\",\r\n            \"runElevated\": false,\r\n            \"maxTaskRetryCount\": 0,\r\n            \"waitForSuccess\": false\r\n          },\r\n          \"certificateReferences\": [\r\n            {\r\n              \"thumbprint\": \"0123456789abcdef\",\r\n              \"thumbprintAlgorithm\": \"sha1\",\r\n              \"storeLocation\": \"LocalMachine\",\r\n              \"storeName\": \"certStore\",\r\n              \"visibility\": \"starttask\"\r\n            }\r\n          ]\r\n        }\r\n      }\r\n    },\r\n    \"metadata\": [\r\n      {\r\n        \"name\": \"specMeta1\",\r\n        \"value\": \"specMetaValue1\"\r\n      },\r\n      {\r\n        \"name\": \"specMeta2\",\r\n        \"value\": \"specMetaValue2\"\r\n      }\r\n    ]\r\n  },\r\n  \"executionInfo\": {\r\n    \"nextRunTime\": \"2015-10-29T00:27:31.7098504Z\",\r\n    \"recentJob\": {\r\n      \"url\": \"https://pstests.eastus.batch.azure.com/jobs/complex:job-1\",\r\n      \"id\": \"complex:job-1\"\r\n    }\r\n  },\r\n  \"metadata\": [\r\n    {\r\n      \"name\": \"meta2\",\r\n      \"value\": \"value2\"\r\n    },\r\n    {\r\n      \"name\": \"meta1\",\r\n      \"value\": \"value1\"\r\n    }\r\n  ]\r\n}",
      "ResponseHeaders": {
        "Content-Type": [
          "application/json; odata=minimalmetadata"
        ],
        "Last-Modified": [
          "Tue, 27 Oct 2015 00:27:31 GMT"
        ],
        "Transfer-Encoding": [
          "chunked"
        ],
        "request-id": [
          "b9917eeb-089a-4253-aca5-6433a9c5ffa1"
        ],
        "Strict-Transport-Security": [
          "max-age=31536000; includeSubDomains"
        ],
        "client-request-id": [
          "ea997a0c-a749-4274-ac2d-f8be7aaebc1f"
        ],
        "DataServiceVersion": [
          "3.0"
        ],
        "Date": [
          "Tue, 27 Oct 2015 00:27:31 GMT"
        ],
        "ETag": [
          "0x8D2DE656732AC08"
        ],
        "Server": [
          "Microsoft-HTTPAPI/2.0"
        ]
      },
      "StatusCode": 200
    },
    {
      "RequestUri": "/jobschedules/simple?api-version=2015-06-01.2.0&timeout=30",
      "EncodedRequestUri": "L2pvYnNjaGVkdWxlcy9zaW1wbGU/YXBpLXZlcnNpb249MjAxNS0wNi0wMS4yLjAmdGltZW91dD0zMA==",
      "RequestMethod": "DELETE",
      "RequestBody": "",
      "RequestHeaders": {
        "client-request-id": [
          "e0919472-155e-4c11-ad74-22bef1f0c23e"
        ],
        "ocp-date": [
          "Tue, 27 Oct 2015 00:27:31 GMT"
        ],
        "return-client-request-id": [
          "true"
        ],
        "User-Agent": [
          "Microsoft.Azure.Batch.Protocol.BatchRestClient/2.0.2.0",
          "AzBatch/2.0.2.0"
        ]
      },
      "ResponseBody": "",
      "ResponseHeaders": {
        "Transfer-Encoding": [
          "chunked"
        ],
        "request-id": [
          "b78b4c20-7ac9-42dd-825d-d426c311dde7"
        ],
        "Strict-Transport-Security": [
          "max-age=31536000; includeSubDomains"
        ],
        "client-request-id": [
          "e0919472-155e-4c11-ad74-22bef1f0c23e"
        ],
        "DataServiceVersion": [
          "3.0"
        ],
        "Date": [
          "Tue, 27 Oct 2015 00:27:32 GMT"
        ],
        "Server": [
          "Microsoft-HTTPAPI/2.0"
        ]
      },
      "StatusCode": 202
    },
    {
      "RequestUri": "/jobschedules/simple?api-version=2015-06-01.2.0&timeout=30",
      "EncodedRequestUri": "L2pvYnNjaGVkdWxlcy9zaW1wbGU/YXBpLXZlcnNpb249MjAxNS0wNi0wMS4yLjAmdGltZW91dD0zMA==",
      "RequestMethod": "DELETE",
      "RequestBody": "",
      "RequestHeaders": {
        "client-request-id": [
          "e0919472-155e-4c11-ad74-22bef1f0c23e"
        ],
        "ocp-date": [
          "Tue, 27 Oct 2015 00:27:31 GMT"
        ],
        "return-client-request-id": [
          "true"
        ],
        "User-Agent": [
          "Microsoft.Azure.Batch.Protocol.BatchRestClient/2.0.2.0",
          "AzBatch/2.0.2.0"
        ]
      },
      "ResponseBody": "",
      "ResponseHeaders": {
        "Transfer-Encoding": [
          "chunked"
        ],
        "request-id": [
          "b78b4c20-7ac9-42dd-825d-d426c311dde7"
        ],
        "Strict-Transport-Security": [
          "max-age=31536000; includeSubDomains"
        ],
        "client-request-id": [
          "e0919472-155e-4c11-ad74-22bef1f0c23e"
        ],
        "DataServiceVersion": [
          "3.0"
        ],
        "Date": [
          "Tue, 27 Oct 2015 00:27:32 GMT"
        ],
        "Server": [
          "Microsoft-HTTPAPI/2.0"
        ]
      },
      "StatusCode": 202
    },
    {
      "RequestUri": "/jobschedules/simple?api-version=2015-06-01.2.0&timeout=30",
      "EncodedRequestUri": "L2pvYnNjaGVkdWxlcy9zaW1wbGU/YXBpLXZlcnNpb249MjAxNS0wNi0wMS4yLjAmdGltZW91dD0zMA==",
      "RequestMethod": "DELETE",
      "RequestBody": "",
      "RequestHeaders": {
        "client-request-id": [
          "e0919472-155e-4c11-ad74-22bef1f0c23e"
        ],
        "ocp-date": [
          "Tue, 27 Oct 2015 00:27:31 GMT"
        ],
        "return-client-request-id": [
          "true"
        ],
        "User-Agent": [
          "Microsoft.Azure.Batch.Protocol.BatchRestClient/2.0.2.0",
          "AzBatch/2.0.2.0"
        ]
      },
      "ResponseBody": "",
      "ResponseHeaders": {
        "Transfer-Encoding": [
          "chunked"
        ],
        "request-id": [
          "b78b4c20-7ac9-42dd-825d-d426c311dde7"
        ],
        "Strict-Transport-Security": [
          "max-age=31536000; includeSubDomains"
        ],
        "client-request-id": [
          "e0919472-155e-4c11-ad74-22bef1f0c23e"
        ],
        "DataServiceVersion": [
          "3.0"
        ],
        "Date": [
          "Tue, 27 Oct 2015 00:27:32 GMT"
        ],
        "Server": [
          "Microsoft-HTTPAPI/2.0"
        ]
      },
      "StatusCode": 202
    },
    {
      "RequestUri": "/jobschedules/simple?api-version=2015-06-01.2.0&timeout=30",
      "EncodedRequestUri": "L2pvYnNjaGVkdWxlcy9zaW1wbGU/YXBpLXZlcnNpb249MjAxNS0wNi0wMS4yLjAmdGltZW91dD0zMA==",
      "RequestMethod": "DELETE",
      "RequestBody": "",
      "RequestHeaders": {
        "client-request-id": [
          "e0919472-155e-4c11-ad74-22bef1f0c23e"
        ],
        "ocp-date": [
          "Tue, 27 Oct 2015 00:27:31 GMT"
        ],
        "return-client-request-id": [
          "true"
        ],
        "User-Agent": [
          "Microsoft.Azure.Batch.Protocol.BatchRestClient/2.0.2.0",
          "AzBatch/2.0.2.0"
        ]
      },
      "ResponseBody": "",
      "ResponseHeaders": {
        "Transfer-Encoding": [
          "chunked"
        ],
        "request-id": [
          "b78b4c20-7ac9-42dd-825d-d426c311dde7"
        ],
        "Strict-Transport-Security": [
          "max-age=31536000; includeSubDomains"
        ],
        "client-request-id": [
          "e0919472-155e-4c11-ad74-22bef1f0c23e"
        ],
        "DataServiceVersion": [
          "3.0"
        ],
        "Date": [
          "Tue, 27 Oct 2015 00:27:32 GMT"
        ],
        "Server": [
          "Microsoft-HTTPAPI/2.0"
        ]
      },
      "StatusCode": 202
    },
    {
      "RequestUri": "/jobschedules/simple?api-version=2015-06-01.2.0&timeout=30",
      "EncodedRequestUri": "L2pvYnNjaGVkdWxlcy9zaW1wbGU/YXBpLXZlcnNpb249MjAxNS0wNi0wMS4yLjAmdGltZW91dD0zMA==",
      "RequestMethod": "DELETE",
      "RequestBody": "",
      "RequestHeaders": {
        "client-request-id": [
          "e0919472-155e-4c11-ad74-22bef1f0c23e"
        ],
        "ocp-date": [
          "Tue, 27 Oct 2015 00:27:31 GMT"
        ],
        "return-client-request-id": [
          "true"
        ],
        "User-Agent": [
          "Microsoft.Azure.Batch.Protocol.BatchRestClient/2.0.2.0",
          "AzBatch/2.0.2.0"
        ]
      },
      "ResponseBody": "",
      "ResponseHeaders": {
        "Transfer-Encoding": [
          "chunked"
        ],
        "request-id": [
          "b78b4c20-7ac9-42dd-825d-d426c311dde7"
        ],
        "Strict-Transport-Security": [
          "max-age=31536000; includeSubDomains"
        ],
        "client-request-id": [
          "e0919472-155e-4c11-ad74-22bef1f0c23e"
        ],
        "DataServiceVersion": [
          "3.0"
        ],
        "Date": [
          "Tue, 27 Oct 2015 00:27:32 GMT"
        ],
        "Server": [
          "Microsoft-HTTPAPI/2.0"
        ]
      },
      "StatusCode": 202
    },
    {
      "RequestUri": "/jobschedules/complex?api-version=2015-06-01.2.0&timeout=30",
      "EncodedRequestUri": "L2pvYnNjaGVkdWxlcy9jb21wbGV4P2FwaS12ZXJzaW9uPTIwMTUtMDYtMDEuMi4wJnRpbWVvdXQ9MzA=",
      "RequestMethod": "DELETE",
      "RequestBody": "",
      "RequestHeaders": {
        "client-request-id": [
          "54a02120-50e7-4563-bf54-c9d6aa46f0c1"
        ],
        "ocp-date": [
          "Tue, 27 Oct 2015 00:27:31 GMT"
        ],
        "return-client-request-id": [
          "true"
        ],
        "User-Agent": [
          "Microsoft.Azure.Batch.Protocol.BatchRestClient/2.0.2.0",
          "AzBatch/2.0.2.0"
        ]
      },
      "ResponseBody": "",
      "ResponseHeaders": {
        "Transfer-Encoding": [
          "chunked"
        ],
        "request-id": [
          "8aeb1122-db69-42a1-aa78-3d69d46c4d17"
        ],
        "Strict-Transport-Security": [
          "max-age=31536000; includeSubDomains"
        ],
        "client-request-id": [
          "54a02120-50e7-4563-bf54-c9d6aa46f0c1"
        ],
        "DataServiceVersion": [
          "3.0"
        ],
        "Date": [
          "Tue, 27 Oct 2015 00:27:32 GMT"
        ],
        "Server": [
          "Microsoft-HTTPAPI/2.0"
        ]
      },
      "StatusCode": 202
    },
    {
      "RequestUri": "/jobschedules/complex?api-version=2015-06-01.2.0&timeout=30",
      "EncodedRequestUri": "L2pvYnNjaGVkdWxlcy9jb21wbGV4P2FwaS12ZXJzaW9uPTIwMTUtMDYtMDEuMi4wJnRpbWVvdXQ9MzA=",
      "RequestMethod": "DELETE",
      "RequestBody": "",
      "RequestHeaders": {
        "client-request-id": [
          "54a02120-50e7-4563-bf54-c9d6aa46f0c1"
        ],
        "ocp-date": [
          "Tue, 27 Oct 2015 00:27:31 GMT"
        ],
        "return-client-request-id": [
          "true"
        ],
        "User-Agent": [
          "Microsoft.Azure.Batch.Protocol.BatchRestClient/2.0.2.0",
          "AzBatch/2.0.2.0"
        ]
      },
      "ResponseBody": "",
      "ResponseHeaders": {
        "Transfer-Encoding": [
          "chunked"
        ],
        "request-id": [
          "8aeb1122-db69-42a1-aa78-3d69d46c4d17"
        ],
        "Strict-Transport-Security": [
          "max-age=31536000; includeSubDomains"
        ],
        "client-request-id": [
          "54a02120-50e7-4563-bf54-c9d6aa46f0c1"
        ],
        "DataServiceVersion": [
          "3.0"
        ],
        "Date": [
          "Tue, 27 Oct 2015 00:27:32 GMT"
        ],
        "Server": [
          "Microsoft-HTTPAPI/2.0"
        ]
      },
      "StatusCode": 202
    },
    {
      "RequestUri": "/jobschedules/complex?api-version=2015-06-01.2.0&timeout=30",
      "EncodedRequestUri": "L2pvYnNjaGVkdWxlcy9jb21wbGV4P2FwaS12ZXJzaW9uPTIwMTUtMDYtMDEuMi4wJnRpbWVvdXQ9MzA=",
      "RequestMethod": "DELETE",
      "RequestBody": "",
      "RequestHeaders": {
        "client-request-id": [
          "54a02120-50e7-4563-bf54-c9d6aa46f0c1"
        ],
        "ocp-date": [
          "Tue, 27 Oct 2015 00:27:31 GMT"
        ],
        "return-client-request-id": [
          "true"
        ],
        "User-Agent": [
          "Microsoft.Azure.Batch.Protocol.BatchRestClient/2.0.2.0",
          "AzBatch/2.0.2.0"
        ]
      },
      "ResponseBody": "",
      "ResponseHeaders": {
        "Transfer-Encoding": [
          "chunked"
        ],
        "request-id": [
          "8aeb1122-db69-42a1-aa78-3d69d46c4d17"
        ],
        "Strict-Transport-Security": [
          "max-age=31536000; includeSubDomains"
        ],
        "client-request-id": [
          "54a02120-50e7-4563-bf54-c9d6aa46f0c1"
        ],
        "DataServiceVersion": [
          "3.0"
        ],
        "Date": [
          "Tue, 27 Oct 2015 00:27:32 GMT"
        ],
        "Server": [
          "Microsoft-HTTPAPI/2.0"
        ]
      },
      "StatusCode": 202
    },
    {
      "RequestUri": "/jobschedules/complex?api-version=2015-06-01.2.0&timeout=30",
      "EncodedRequestUri": "L2pvYnNjaGVkdWxlcy9jb21wbGV4P2FwaS12ZXJzaW9uPTIwMTUtMDYtMDEuMi4wJnRpbWVvdXQ9MzA=",
      "RequestMethod": "DELETE",
      "RequestBody": "",
      "RequestHeaders": {
        "client-request-id": [
          "54a02120-50e7-4563-bf54-c9d6aa46f0c1"
        ],
        "ocp-date": [
          "Tue, 27 Oct 2015 00:27:31 GMT"
        ],
        "return-client-request-id": [
          "true"
        ],
        "User-Agent": [
          "Microsoft.Azure.Batch.Protocol.BatchRestClient/2.0.2.0",
          "AzBatch/2.0.2.0"
        ]
      },
      "ResponseBody": "",
      "ResponseHeaders": {
        "Transfer-Encoding": [
          "chunked"
        ],
        "request-id": [
          "8aeb1122-db69-42a1-aa78-3d69d46c4d17"
        ],
        "Strict-Transport-Security": [
          "max-age=31536000; includeSubDomains"
        ],
        "client-request-id": [
          "54a02120-50e7-4563-bf54-c9d6aa46f0c1"
        ],
        "DataServiceVersion": [
          "3.0"
        ],
        "Date": [
          "Tue, 27 Oct 2015 00:27:32 GMT"
        ],
        "Server": [
          "Microsoft-HTTPAPI/2.0"
        ]
      },
      "StatusCode": 202
    },
    {
      "RequestUri": "/jobschedules/complex?api-version=2015-06-01.2.0&timeout=30",
      "EncodedRequestUri": "L2pvYnNjaGVkdWxlcy9jb21wbGV4P2FwaS12ZXJzaW9uPTIwMTUtMDYtMDEuMi4wJnRpbWVvdXQ9MzA=",
      "RequestMethod": "DELETE",
      "RequestBody": "",
      "RequestHeaders": {
        "client-request-id": [
          "54a02120-50e7-4563-bf54-c9d6aa46f0c1"
        ],
        "ocp-date": [
          "Tue, 27 Oct 2015 00:27:31 GMT"
        ],
        "return-client-request-id": [
          "true"
        ],
        "User-Agent": [
          "Microsoft.Azure.Batch.Protocol.BatchRestClient/2.0.2.0",
          "AzBatch/2.0.2.0"
        ]
      },
      "ResponseBody": "",
      "ResponseHeaders": {
        "Transfer-Encoding": [
          "chunked"
        ],
        "request-id": [
          "8aeb1122-db69-42a1-aa78-3d69d46c4d17"
        ],
        "Strict-Transport-Security": [
          "max-age=31536000; includeSubDomains"
        ],
        "client-request-id": [
          "54a02120-50e7-4563-bf54-c9d6aa46f0c1"
        ],
        "DataServiceVersion": [
          "3.0"
        ],
        "Date": [
          "Tue, 27 Oct 2015 00:27:32 GMT"
        ],
        "Server": [
          "Microsoft-HTTPAPI/2.0"
        ]
      },
      "StatusCode": 202
    },
    {
      "RequestUri": "/jobschedules/complex?api-version=2015-06-01.2.0&timeout=30",
      "EncodedRequestUri": "L2pvYnNjaGVkdWxlcy9jb21wbGV4P2FwaS12ZXJzaW9uPTIwMTUtMDYtMDEuMi4wJnRpbWVvdXQ9MzA=",
      "RequestMethod": "DELETE",
      "RequestBody": "",
      "RequestHeaders": {
        "client-request-id": [
          "54a02120-50e7-4563-bf54-c9d6aa46f0c1"
        ],
        "ocp-date": [
          "Tue, 27 Oct 2015 00:27:31 GMT"
        ],
        "return-client-request-id": [
          "true"
        ],
        "User-Agent": [
          "Microsoft.Azure.Batch.Protocol.BatchRestClient/2.0.2.0",
          "AzBatch/2.0.2.0"
        ]
      },
      "ResponseBody": "",
      "ResponseHeaders": {
        "Transfer-Encoding": [
          "chunked"
        ],
        "request-id": [
          "8aeb1122-db69-42a1-aa78-3d69d46c4d17"
        ],
        "Strict-Transport-Security": [
          "max-age=31536000; includeSubDomains"
        ],
        "client-request-id": [
          "54a02120-50e7-4563-bf54-c9d6aa46f0c1"
        ],
        "DataServiceVersion": [
          "3.0"
        ],
        "Date": [
          "Tue, 27 Oct 2015 00:27:32 GMT"
        ],
        "Server": [
          "Microsoft-HTTPAPI/2.0"
        ]
      },
      "StatusCode": 202
    }
  ],
  "Names": {},
  "Variables": {
    "SubscriptionId": "6368ed38-3570-481f-b4fa-1d0a6e8d3f3b"
  }
}