{
  "Entries": [
    {
      "RequestUri": "/subscriptions/6368ed38-3570-481f-b4fa-1d0a6e8d3f3b/resources?$filter=resourceType%20eq%20'Microsoft.Batch%2FbatchAccounts'&api-version=2014-04-01-preview",
      "EncodedRequestUri": "L3N1YnNjcmlwdGlvbnMvNjM2OGVkMzgtMzU3MC00ODFmLWI0ZmEtMWQwYTZlOGQzZjNiL3Jlc291cmNlcz8kZmlsdGVyPXJlc291cmNlVHlwZSUyMGVxJTIwJ01pY3Jvc29mdC5CYXRjaCUyRmJhdGNoQWNjb3VudHMnJmFwaS12ZXJzaW9uPTIwMTQtMDQtMDEtcHJldmlldw==",
      "RequestMethod": "GET",
      "RequestBody": "",
      "RequestHeaders": {
        "User-Agent": [
          "Microsoft.Azure.Management.Resources.ResourceManagementClient/2.0.0.0"
        ]
      },
      "ResponseBody": "{\r\n  \"value\": [\r\n    {\r\n      \"id\": \"/subscriptions/6368ed38-3570-481f-b4fa-1d0a6e8d3f3b/resourceGroups/default-azurebatch-eastus/providers/Microsoft.Batch/batchAccounts/pstests\",\r\n      \"name\": \"pstests\",\r\n      \"type\": \"Microsoft.Batch/batchAccounts\",\r\n      \"location\": \"eastus\"\r\n    },\r\n    {\r\n      \"id\": \"/subscriptions/6368ed38-3570-481f-b4fa-1d0a6e8d3f3b/resourceGroups/Default-AzureBatch-WestUS/providers/Microsoft.Batch/batchAccounts/jaschneibatchtest\",\r\n      \"name\": \"jaschneibatchtest\",\r\n      \"type\": \"Microsoft.Batch/batchAccounts\",\r\n      \"location\": \"westus\"\r\n    }\r\n  ]\r\n}",
      "ResponseHeaders": {
        "Content-Length": [
          "483"
        ],
        "Content-Type": [
          "application/json; charset=utf-8"
        ],
        "Expires": [
          "-1"
        ],
        "Pragma": [
          "no-cache"
        ],
        "x-ms-ratelimit-remaining-subscription-reads": [
          "14997"
        ],
        "x-ms-request-id": [
          "61a29d9c-b813-43fa-9d22-ce1d125fd919"
        ],
        "x-ms-correlation-request-id": [
          "61a29d9c-b813-43fa-9d22-ce1d125fd919"
        ],
        "x-ms-routing-request-id": [
          "WESTUS:20150821T223851Z:61a29d9c-b813-43fa-9d22-ce1d125fd919"
        ],
        "Strict-Transport-Security": [
          "max-age=31536000; includeSubDomains"
        ],
        "Cache-Control": [
          "no-cache"
        ],
        "Date": [
          "Fri, 21 Aug 2015 22:38:50 GMT"
        ]
      },
      "StatusCode": 200
    },
    {
      "RequestUri": "/subscriptions/6368ed38-3570-481f-b4fa-1d0a6e8d3f3b/resources?$filter=resourceType%20eq%20'Microsoft.Batch%2FbatchAccounts'&api-version=2014-04-01-preview",
      "EncodedRequestUri": "L3N1YnNjcmlwdGlvbnMvNjM2OGVkMzgtMzU3MC00ODFmLWI0ZmEtMWQwYTZlOGQzZjNiL3Jlc291cmNlcz8kZmlsdGVyPXJlc291cmNlVHlwZSUyMGVxJTIwJ01pY3Jvc29mdC5CYXRjaCUyRmJhdGNoQWNjb3VudHMnJmFwaS12ZXJzaW9uPTIwMTQtMDQtMDEtcHJldmlldw==",
      "RequestMethod": "GET",
      "RequestBody": "",
      "RequestHeaders": {
        "User-Agent": [
          "Microsoft.Azure.Management.Resources.ResourceManagementClient/2.0.0.0"
        ]
      },
      "ResponseBody": "{\r\n  \"value\": [\r\n    {\r\n      \"id\": \"/subscriptions/6368ed38-3570-481f-b4fa-1d0a6e8d3f3b/resourceGroups/default-azurebatch-eastus/providers/Microsoft.Batch/batchAccounts/pstests\",\r\n      \"name\": \"pstests\",\r\n      \"type\": \"Microsoft.Batch/batchAccounts\",\r\n      \"location\": \"eastus\"\r\n    },\r\n    {\r\n      \"id\": \"/subscriptions/6368ed38-3570-481f-b4fa-1d0a6e8d3f3b/resourceGroups/Default-AzureBatch-WestUS/providers/Microsoft.Batch/batchAccounts/jaschneibatchtest\",\r\n      \"name\": \"jaschneibatchtest\",\r\n      \"type\": \"Microsoft.Batch/batchAccounts\",\r\n      \"location\": \"westus\"\r\n    }\r\n  ]\r\n}",
      "ResponseHeaders": {
        "Content-Length": [
          "483"
        ],
        "Content-Type": [
          "application/json; charset=utf-8"
        ],
        "Expires": [
          "-1"
        ],
        "Pragma": [
          "no-cache"
        ],
        "x-ms-ratelimit-remaining-subscription-reads": [
          "14996"
        ],
        "x-ms-request-id": [
          "2dcad169-7b44-416a-8def-93685d768f2c"
        ],
        "x-ms-correlation-request-id": [
          "2dcad169-7b44-416a-8def-93685d768f2c"
        ],
        "x-ms-routing-request-id": [
          "WESTUS:20150821T223853Z:2dcad169-7b44-416a-8def-93685d768f2c"
        ],
        "Strict-Transport-Security": [
          "max-age=31536000; includeSubDomains"
        ],
        "Cache-Control": [
          "no-cache"
        ],
        "Date": [
          "Fri, 21 Aug 2015 22:38:53 GMT"
        ]
      },
      "StatusCode": 200
    },
    {
      "RequestUri": "/subscriptions/6368ed38-3570-481f-b4fa-1d0a6e8d3f3b/resourceGroups/default-azurebatch-eastus/providers/Microsoft.Batch/batchAccounts/pstests?api-version=2015-07-01",
      "EncodedRequestUri": "L3N1YnNjcmlwdGlvbnMvNjM2OGVkMzgtMzU3MC00ODFmLWI0ZmEtMWQwYTZlOGQzZjNiL3Jlc291cmNlR3JvdXBzL2RlZmF1bHQtYXp1cmViYXRjaC1lYXN0dXMvcHJvdmlkZXJzL01pY3Jvc29mdC5CYXRjaC9iYXRjaEFjY291bnRzL3BzdGVzdHM/YXBpLXZlcnNpb249MjAxNS0wNy0wMQ==",
      "RequestMethod": "GET",
      "RequestBody": "",
      "RequestHeaders": {
        "x-ms-version": [
          "2015-07-01"
        ],
        "User-Agent": [
          "Microsoft.Azure.Management.Batch.BatchManagementClient/1.0.0.0"
        ]
      },
      "ResponseBody": "{\r\n  \"name\": \"pstests\",\r\n  \"location\": \"eastus\",\r\n  \"properties\": {\r\n    \"accountEndpoint\": \"pstests.eastus.batch.azure.com\",\r\n    \"provisioningState\": \"Succeeded\"\r\n  },\r\n  \"id\": \"/subscriptions/6368ed38-3570-481f-b4fa-1d0a6e8d3f3b/resourceGroups/default-azurebatch-eastus/providers/Microsoft.Batch/batchAccounts/pstests\",\r\n  \"type\": \"Microsoft.Batch/batchAccounts\"\r\n}",
      "ResponseHeaders": {
        "Content-Length": [
          "323"
        ],
        "Content-Type": [
          "application/json; charset=utf-8"
        ],
        "Expires": [
          "-1"
        ],
        "Last-Modified": [
          "Fri, 21 Aug 2015 22:38:52 GMT"
        ],
        "Pragma": [
          "no-cache"
        ],
        "request-id": [
          "e184d191-0bec-461f-841b-2be29fb39456"
        ],
        "Strict-Transport-Security": [
          "max-age=31536000; includeSubDomains"
        ],
        "x-ms-ratelimit-remaining-subscription-reads": [
          "14997"
        ],
        "x-ms-request-id": [
          "70aa6ce7-849e-48f7-ac32-7d7d5e6b09c7"
        ],
        "x-ms-correlation-request-id": [
          "70aa6ce7-849e-48f7-ac32-7d7d5e6b09c7"
        ],
        "x-ms-routing-request-id": [
          "WESTUS:20150821T223852Z:70aa6ce7-849e-48f7-ac32-7d7d5e6b09c7"
        ],
        "Cache-Control": [
          "no-cache"
        ],
        "Date": [
          "Fri, 21 Aug 2015 22:38:51 GMT"
        ],
        "ETag": [
          "0x8D2AA7949F630AE"
        ],
        "Server": [
          "Microsoft-HTTPAPI/2.0"
        ]
      },
      "StatusCode": 200
    },
    {
      "RequestUri": "/subscriptions/6368ed38-3570-481f-b4fa-1d0a6e8d3f3b/resourceGroups/default-azurebatch-eastus/providers/Microsoft.Batch/batchAccounts/pstests?api-version=2015-07-01",
      "EncodedRequestUri": "L3N1YnNjcmlwdGlvbnMvNjM2OGVkMzgtMzU3MC00ODFmLWI0ZmEtMWQwYTZlOGQzZjNiL3Jlc291cmNlR3JvdXBzL2RlZmF1bHQtYXp1cmViYXRjaC1lYXN0dXMvcHJvdmlkZXJzL01pY3Jvc29mdC5CYXRjaC9iYXRjaEFjY291bnRzL3BzdGVzdHM/YXBpLXZlcnNpb249MjAxNS0wNy0wMQ==",
      "RequestMethod": "GET",
      "RequestBody": "",
      "RequestHeaders": {
        "x-ms-version": [
          "2015-07-01"
        ],
        "User-Agent": [
          "Microsoft.Azure.Management.Batch.BatchManagementClient/1.0.0.0"
        ]
      },
      "ResponseBody": "{\r\n  \"name\": \"pstests\",\r\n  \"location\": \"eastus\",\r\n  \"properties\": {\r\n    \"accountEndpoint\": \"pstests.eastus.batch.azure.com\",\r\n    \"provisioningState\": \"Succeeded\"\r\n  },\r\n  \"id\": \"/subscriptions/6368ed38-3570-481f-b4fa-1d0a6e8d3f3b/resourceGroups/default-azurebatch-eastus/providers/Microsoft.Batch/batchAccounts/pstests\",\r\n  \"type\": \"Microsoft.Batch/batchAccounts\"\r\n}",
      "ResponseHeaders": {
        "Content-Length": [
          "323"
        ],
        "Content-Type": [
          "application/json; charset=utf-8"
        ],
        "Expires": [
          "-1"
        ],
        "Last-Modified": [
          "Fri, 21 Aug 2015 22:38:53 GMT"
        ],
        "Pragma": [
          "no-cache"
        ],
        "request-id": [
          "2130cad3-ccee-4dd6-bcd1-6b9d144dbb06"
        ],
        "Strict-Transport-Security": [
          "max-age=31536000; includeSubDomains"
        ],
        "x-ms-ratelimit-remaining-subscription-reads": [
          "14996"
        ],
        "x-ms-request-id": [
          "9e6257ff-1a01-430c-aa26-46d2cb52c3a1"
        ],
        "x-ms-correlation-request-id": [
          "9e6257ff-1a01-430c-aa26-46d2cb52c3a1"
        ],
        "x-ms-routing-request-id": [
          "WESTUS:20150821T223854Z:9e6257ff-1a01-430c-aa26-46d2cb52c3a1"
        ],
        "Cache-Control": [
          "no-cache"
        ],
        "Date": [
          "Fri, 21 Aug 2015 22:38:53 GMT"
        ],
        "ETag": [
          "0x8D2AA794AFADF6E"
        ],
        "Server": [
          "Microsoft-HTTPAPI/2.0"
        ]
      },
      "StatusCode": 200
    },
    {
      "RequestUri": "/subscriptions/6368ed38-3570-481f-b4fa-1d0a6e8d3f3b/resourceGroups/default-azurebatch-eastus/providers/Microsoft.Batch/batchAccounts/pstests/listKeys?api-version=2015-07-01",
      "EncodedRequestUri": "L3N1YnNjcmlwdGlvbnMvNjM2OGVkMzgtMzU3MC00ODFmLWI0ZmEtMWQwYTZlOGQzZjNiL3Jlc291cmNlR3JvdXBzL2RlZmF1bHQtYXp1cmViYXRjaC1lYXN0dXMvcHJvdmlkZXJzL01pY3Jvc29mdC5CYXRjaC9iYXRjaEFjY291bnRzL3BzdGVzdHMvbGlzdEtleXM/YXBpLXZlcnNpb249MjAxNS0wNy0wMQ==",
      "RequestMethod": "POST",
      "RequestBody": "",
      "RequestHeaders": {
        "x-ms-version": [
          "2015-07-01"
        ],
        "User-Agent": [
          "Microsoft.Azure.Management.Batch.BatchManagementClient/1.0.0.0"
        ]
      },
      "ResponseBody": "{\r\n  \"accountName\": \"pstests\",\r\n  \"primary\": \"LjcPYhLUNjgOzrdNciMQS1TZJUoKgOrqhNYv9pbKdNn6GHMBuYwyt9dEx6uSdjzPV4U1N8RFm1EjiakXhq2hng==\",\r\n  \"secondary\": \"Y8oHFA4f8afHXYmqwcvL2Bigg+GkjKhDBBUGGAEkGVoj77rskty8DnAqaqMpntUwQK+yEAJWbgfvoho5AfcM+w==\"\r\n}",
      "ResponseHeaders": {
        "Content-Length": [
          "229"
        ],
        "Content-Type": [
          "application/json; charset=utf-8"
        ],
        "Expires": [
          "-1"
        ],
        "Pragma": [
          "no-cache"
        ],
        "request-id": [
          "64aacf2c-fa29-49ce-960a-98569e95162c"
        ],
        "Strict-Transport-Security": [
          "max-age=31536000; includeSubDomains"
        ],
        "x-ms-ratelimit-remaining-subscription-writes": [
          "1197"
        ],
        "x-ms-request-id": [
          "38aaff54-8736-437b-909d-5af1539c40f8"
        ],
        "x-ms-correlation-request-id": [
          "38aaff54-8736-437b-909d-5af1539c40f8"
        ],
        "x-ms-routing-request-id": [
          "WESTUS:20150821T223852Z:38aaff54-8736-437b-909d-5af1539c40f8"
        ],
        "Cache-Control": [
          "no-cache"
        ],
        "Date": [
          "Fri, 21 Aug 2015 22:38:51 GMT"
        ],
        "Server": [
          "Microsoft-HTTPAPI/2.0"
        ]
      },
      "StatusCode": 200
    },
    {
      "RequestUri": "/subscriptions/6368ed38-3570-481f-b4fa-1d0a6e8d3f3b/resourceGroups/default-azurebatch-eastus/providers/Microsoft.Batch/batchAccounts/pstests/listKeys?api-version=2015-07-01",
      "EncodedRequestUri": "L3N1YnNjcmlwdGlvbnMvNjM2OGVkMzgtMzU3MC00ODFmLWI0ZmEtMWQwYTZlOGQzZjNiL3Jlc291cmNlR3JvdXBzL2RlZmF1bHQtYXp1cmViYXRjaC1lYXN0dXMvcHJvdmlkZXJzL01pY3Jvc29mdC5CYXRjaC9iYXRjaEFjY291bnRzL3BzdGVzdHMvbGlzdEtleXM/YXBpLXZlcnNpb249MjAxNS0wNy0wMQ==",
      "RequestMethod": "POST",
      "RequestBody": "",
      "RequestHeaders": {
        "x-ms-version": [
          "2015-07-01"
        ],
        "User-Agent": [
          "Microsoft.Azure.Management.Batch.BatchManagementClient/1.0.0.0"
        ]
      },
      "ResponseBody": "{\r\n  \"accountName\": \"pstests\",\r\n  \"primary\": \"LjcPYhLUNjgOzrdNciMQS1TZJUoKgOrqhNYv9pbKdNn6GHMBuYwyt9dEx6uSdjzPV4U1N8RFm1EjiakXhq2hng==\",\r\n  \"secondary\": \"Y8oHFA4f8afHXYmqwcvL2Bigg+GkjKhDBBUGGAEkGVoj77rskty8DnAqaqMpntUwQK+yEAJWbgfvoho5AfcM+w==\"\r\n}",
      "ResponseHeaders": {
        "Content-Length": [
          "229"
        ],
        "Content-Type": [
          "application/json; charset=utf-8"
        ],
        "Expires": [
          "-1"
        ],
        "Pragma": [
          "no-cache"
        ],
        "request-id": [
          "beec90cd-db74-4890-abd3-016e0a55a2aa"
        ],
        "Strict-Transport-Security": [
          "max-age=31536000; includeSubDomains"
        ],
        "x-ms-ratelimit-remaining-subscription-writes": [
          "1196"
        ],
        "x-ms-request-id": [
          "1f7a160b-aab1-4112-bc8b-bd5c6e16b1ba"
        ],
        "x-ms-correlation-request-id": [
          "1f7a160b-aab1-4112-bc8b-bd5c6e16b1ba"
        ],
        "x-ms-routing-request-id": [
          "WESTUS:20150821T223854Z:1f7a160b-aab1-4112-bc8b-bd5c6e16b1ba"
        ],
        "Cache-Control": [
          "no-cache"
        ],
        "Date": [
          "Fri, 21 Aug 2015 22:38:53 GMT"
        ],
        "Server": [
          "Microsoft-HTTPAPI/2.0"
        ]
      },
      "StatusCode": 200
    },
    {
      "RequestUri": "/jobschedules?api-version=2015-06-01.2.0&timeout=30",
      "EncodedRequestUri": "L2pvYnNjaGVkdWxlcz9hcGktdmVyc2lvbj0yMDE1LTA2LTAxLjIuMCZ0aW1lb3V0PTMw",
      "RequestMethod": "POST",
      "RequestBody": "{\r\n  \"id\": \"testDisableEnableJobSchedule\",\r\n  \"schedule\": {},\r\n  \"jobSpecification\": {\r\n    \"commonEnvironmentSettings\": [],\r\n    \"poolInfo\": {\r\n      \"poolId\": \"testPool\"\r\n    }\r\n  }\r\n}",
      "RequestHeaders": {
        "Content-Type": [
          "application/json; odata=minimalmetadata"
        ],
        "Content-Length": [
          "186"
        ],
        "client-request-id": [
          "9b019097-9288-4637-9118-7775a3bff46d"
        ],
        "ocp-date": [
          "Fri, 21 Aug 2015 22:38:52 GMT"
        ],
        "return-client-request-id": [
          "true"
        ],
        "User-Agent": [
          "Microsoft.Azure.Batch.Protocol.BatchRestClient/2.0.1.0",
          "AzBatch/2.0.1.0"
        ]
      },
      "ResponseBody": "",
      "ResponseHeaders": {
        "Last-Modified": [
          "Fri, 21 Aug 2015 22:38:53 GMT"
        ],
        "Transfer-Encoding": [
          "chunked"
        ],
        "request-id": [
          "972fa2db-0706-4be6-841c-8836c3072161"
        ],
        "Strict-Transport-Security": [
          "max-age=31536000; includeSubDomains"
        ],
        "client-request-id": [
          "9b019097-9288-4637-9118-7775a3bff46d"
        ],
        "DataServiceVersion": [
          "3.0"
        ],
        "DataServiceId": [
          "https://pstests.eastus.batch.azure.com/jobschedules/testDisableEnableJobSchedule"
        ],
        "Date": [
          "Fri, 21 Aug 2015 22:38:53 GMT"
        ],
        "ETag": [
          "0x8D2AA794A8362F2"
        ],
        "Location": [
          "https://pstests.eastus.batch.azure.com/jobschedules/testDisableEnableJobSchedule"
        ],
        "Server": [
          "Microsoft-HTTPAPI/2.0"
        ]
      },
      "StatusCode": 201
    },
    {
      "RequestUri": "/jobschedules/testDisableEnableJobSchedule?api-version=2015-06-01.2.0&timeout=30",
      "EncodedRequestUri": "L2pvYnNjaGVkdWxlcy90ZXN0RGlzYWJsZUVuYWJsZUpvYlNjaGVkdWxlP2FwaS12ZXJzaW9uPTIwMTUtMDYtMDEuMi4wJnRpbWVvdXQ9MzA=",
      "RequestMethod": "GET",
      "RequestBody": "",
      "RequestHeaders": {
        "client-request-id": [
          "3920b7ac-3138-466b-b5ef-9780b96d5a6a"
        ],
        "ocp-date": [
          "Fri, 21 Aug 2015 22:38:54 GMT"
        ],
        "return-client-request-id": [
          "true"
        ],
        "User-Agent": [
          "Microsoft.Azure.Batch.Protocol.BatchRestClient/2.0.1.0",
          "AzBatch/2.0.1.0"
        ]
      },
      "ResponseBody": "{\r\n  \"odata.metadata\": \"https://pstests.eastus.batch.azure.com/$metadata#jobschedules/@Element\",\r\n  \"id\": \"testDisableEnableJobSchedule\",\r\n  \"url\": \"https://pstests.eastus.batch.azure.com/jobschedules/testDisableEnableJobSchedule\",\r\n  \"eTag\": \"0x8D2AA794A8362F2\",\r\n  \"lastModified\": \"2015-08-21T22:38:53.0550514Z\",\r\n  \"creationTime\": \"2015-08-21T22:38:53.0550514Z\",\r\n  \"state\": \"active\",\r\n  \"stateTransitionTime\": \"2015-08-21T22:38:53.0550514Z\",\r\n  \"jobSpecification\": {\r\n    \"priority\": 0,\r\n    \"constraints\": {\r\n      \"maxWallClockTime\": \"P10675199DT2H48M5.4775807S\",\r\n      \"maxTaskRetryCount\": 0\r\n    },\r\n    \"poolInfo\": {\r\n      \"poolId\": \"testPool\"\r\n    }\r\n  },\r\n  \"executionInfo\": {\r\n    \"recentJob\": {\r\n      \"url\": \"https://pstests.eastus.batch.azure.com/jobs/testDisableEnableJobSchedule:job-1\",\r\n      \"id\": \"testDisableEnableJobSchedule:job-1\"\r\n    }\r\n  }\r\n}",
      "ResponseHeaders": {
        "Content-Type": [
          "application/json; odata=minimalmetadata"
        ],
        "Last-Modified": [
          "Fri, 21 Aug 2015 22:38:53 GMT"
        ],
        "Transfer-Encoding": [
          "chunked"
        ],
        "request-id": [
          "caf46a71-cae7-4721-b402-f0ddc86eb325"
        ],
        "Strict-Transport-Security": [
          "max-age=31536000; includeSubDomains"
        ],
        "client-request-id": [
          "3920b7ac-3138-466b-b5ef-9780b96d5a6a"
        ],
        "DataServiceVersion": [
          "3.0"
        ],
        "Date": [
          "Fri, 21 Aug 2015 22:38:55 GMT"
        ],
        "ETag": [
          "0x8D2AA794A8362F2"
        ],
        "Server": [
          "Microsoft-HTTPAPI/2.0"
        ]
      },
      "StatusCode": 200
    },
    {
      "RequestUri": "/jobschedules/testDisableEnableJobSchedule?api-version=2015-06-01.2.0&timeout=30",
      "EncodedRequestUri": "L2pvYnNjaGVkdWxlcy90ZXN0RGlzYWJsZUVuYWJsZUpvYlNjaGVkdWxlP2FwaS12ZXJzaW9uPTIwMTUtMDYtMDEuMi4wJnRpbWVvdXQ9MzA=",
      "RequestMethod": "GET",
      "RequestBody": "",
      "RequestHeaders": {
        "client-request-id": [
          "3f925742-85a2-4a58-849f-d2bae4d30ad9"
        ],
        "ocp-date": [
          "Fri, 21 Aug 2015 22:38:54 GMT"
        ],
        "return-client-request-id": [
          "true"
        ],
        "User-Agent": [
          "Microsoft.Azure.Batch.Protocol.BatchRestClient/2.0.1.0",
          "AzBatch/2.0.1.0"
        ]
      },
      "ResponseBody": "{\r\n  \"odata.metadata\": \"https://pstests.eastus.batch.azure.com/$metadata#jobschedules/@Element\",\r\n  \"id\": \"testDisableEnableJobSchedule\",\r\n  \"url\": \"https://pstests.eastus.batch.azure.com/jobschedules/testDisableEnableJobSchedule\",\r\n  \"eTag\": \"0x8D2AA794B997F95\",\r\n  \"lastModified\": \"2015-08-21T22:38:54.8776853Z\",\r\n  \"creationTime\": \"2015-08-21T22:38:53.0550514Z\",\r\n  \"state\": \"disabled\",\r\n  \"stateTransitionTime\": \"2015-08-21T22:38:54.8776853Z\",\r\n  \"previousState\": \"active\",\r\n  \"previousStateTransitionTime\": \"2015-08-21T22:38:53.0550514Z\",\r\n  \"jobSpecification\": {\r\n    \"priority\": 0,\r\n    \"constraints\": {\r\n      \"maxWallClockTime\": \"P10675199DT2H48M5.4775807S\",\r\n      \"maxTaskRetryCount\": 0\r\n    },\r\n    \"poolInfo\": {\r\n      \"poolId\": \"testPool\"\r\n    }\r\n  },\r\n  \"executionInfo\": {\r\n    \"recentJob\": {\r\n      \"url\": \"https://pstests.eastus.batch.azure.com/jobs/testDisableEnableJobSchedule:job-1\",\r\n      \"id\": \"testDisableEnableJobSchedule:job-1\"\r\n    }\r\n  }\r\n}",
      "ResponseHeaders": {
        "Content-Type": [
          "application/json; odata=minimalmetadata"
        ],
        "Last-Modified": [
          "Fri, 21 Aug 2015 22:38:54 GMT"
        ],
        "Transfer-Encoding": [
          "chunked"
        ],
        "request-id": [
          "247a3f92-a782-47f0-8841-566252d0364d"
        ],
        "Strict-Transport-Security": [
          "max-age=31536000; includeSubDomains"
        ],
        "client-request-id": [
          "3f925742-85a2-4a58-849f-d2bae4d30ad9"
        ],
        "DataServiceVersion": [
          "3.0"
        ],
        "Date": [
          "Fri, 21 Aug 2015 22:38:55 GMT"
        ],
        "ETag": [
          "0x8D2AA794B997F95"
        ],
        "Server": [
          "Microsoft-HTTPAPI/2.0"
        ]
      },
      "StatusCode": 200
    },
    {
      "RequestUri": "/jobschedules/testDisableEnableJobSchedule?api-version=2015-06-01.2.0&timeout=30",
      "EncodedRequestUri": "L2pvYnNjaGVkdWxlcy90ZXN0RGlzYWJsZUVuYWJsZUpvYlNjaGVkdWxlP2FwaS12ZXJzaW9uPTIwMTUtMDYtMDEuMi4wJnRpbWVvdXQ9MzA=",
      "RequestMethod": "GET",
      "RequestBody": "",
      "RequestHeaders": {
        "client-request-id": [
          "3f925742-85a2-4a58-849f-d2bae4d30ad9"
        ],
        "ocp-date": [
          "Fri, 21 Aug 2015 22:38:54 GMT"
        ],
        "return-client-request-id": [
          "true"
        ],
        "User-Agent": [
          "Microsoft.Azure.Batch.Protocol.BatchRestClient/2.0.1.0",
          "AzBatch/2.0.1.0"
        ]
      },
      "ResponseBody": "{\r\n  \"odata.metadata\": \"https://pstests.eastus.batch.azure.com/$metadata#jobschedules/@Element\",\r\n  \"id\": \"testDisableEnableJobSchedule\",\r\n  \"url\": \"https://pstests.eastus.batch.azure.com/jobschedules/testDisableEnableJobSchedule\",\r\n  \"eTag\": \"0x8D2AA794B997F95\",\r\n  \"lastModified\": \"2015-08-21T22:38:54.8776853Z\",\r\n  \"creationTime\": \"2015-08-21T22:38:53.0550514Z\",\r\n  \"state\": \"disabled\",\r\n  \"stateTransitionTime\": \"2015-08-21T22:38:54.8776853Z\",\r\n  \"previousState\": \"active\",\r\n  \"previousStateTransitionTime\": \"2015-08-21T22:38:53.0550514Z\",\r\n  \"jobSpecification\": {\r\n    \"priority\": 0,\r\n    \"constraints\": {\r\n      \"maxWallClockTime\": \"P10675199DT2H48M5.4775807S\",\r\n      \"maxTaskRetryCount\": 0\r\n    },\r\n    \"poolInfo\": {\r\n      \"poolId\": \"testPool\"\r\n    }\r\n  },\r\n  \"executionInfo\": {\r\n    \"recentJob\": {\r\n      \"url\": \"https://pstests.eastus.batch.azure.com/jobs/testDisableEnableJobSchedule:job-1\",\r\n      \"id\": \"testDisableEnableJobSchedule:job-1\"\r\n    }\r\n  }\r\n}",
      "ResponseHeaders": {
        "Content-Type": [
          "application/json; odata=minimalmetadata"
        ],
        "Last-Modified": [
          "Fri, 21 Aug 2015 22:38:54 GMT"
        ],
        "Transfer-Encoding": [
          "chunked"
        ],
        "request-id": [
          "247a3f92-a782-47f0-8841-566252d0364d"
        ],
        "Strict-Transport-Security": [
          "max-age=31536000; includeSubDomains"
        ],
        "client-request-id": [
          "3f925742-85a2-4a58-849f-d2bae4d30ad9"
        ],
        "DataServiceVersion": [
          "3.0"
        ],
        "Date": [
          "Fri, 21 Aug 2015 22:38:55 GMT"
        ],
        "ETag": [
          "0x8D2AA794B997F95"
        ],
        "Server": [
          "Microsoft-HTTPAPI/2.0"
        ]
      },
      "StatusCode": 200
    },
    {
      "RequestUri": "/jobschedules/testDisableEnableJobSchedule?api-version=2015-06-01.2.0&timeout=30",
      "EncodedRequestUri": "L2pvYnNjaGVkdWxlcy90ZXN0RGlzYWJsZUVuYWJsZUpvYlNjaGVkdWxlP2FwaS12ZXJzaW9uPTIwMTUtMDYtMDEuMi4wJnRpbWVvdXQ9MzA=",
      "RequestMethod": "GET",
      "RequestBody": "",
      "RequestHeaders": {
        "client-request-id": [
          "3f925742-85a2-4a58-849f-d2bae4d30ad9"
        ],
        "ocp-date": [
          "Fri, 21 Aug 2015 22:38:54 GMT"
        ],
        "return-client-request-id": [
          "true"
        ],
        "User-Agent": [
          "Microsoft.Azure.Batch.Protocol.BatchRestClient/2.0.1.0",
          "AzBatch/2.0.1.0"
        ]
      },
      "ResponseBody": "{\r\n  \"odata.metadata\": \"https://pstests.eastus.batch.azure.com/$metadata#jobschedules/@Element\",\r\n  \"id\": \"testDisableEnableJobSchedule\",\r\n  \"url\": \"https://pstests.eastus.batch.azure.com/jobschedules/testDisableEnableJobSchedule\",\r\n  \"eTag\": \"0x8D2AA794B997F95\",\r\n  \"lastModified\": \"2015-08-21T22:38:54.8776853Z\",\r\n  \"creationTime\": \"2015-08-21T22:38:53.0550514Z\",\r\n  \"state\": \"disabled\",\r\n  \"stateTransitionTime\": \"2015-08-21T22:38:54.8776853Z\",\r\n  \"previousState\": \"active\",\r\n  \"previousStateTransitionTime\": \"2015-08-21T22:38:53.0550514Z\",\r\n  \"jobSpecification\": {\r\n    \"priority\": 0,\r\n    \"constraints\": {\r\n      \"maxWallClockTime\": \"P10675199DT2H48M5.4775807S\",\r\n      \"maxTaskRetryCount\": 0\r\n    },\r\n    \"poolInfo\": {\r\n      \"poolId\": \"testPool\"\r\n    }\r\n  },\r\n  \"executionInfo\": {\r\n    \"recentJob\": {\r\n      \"url\": \"https://pstests.eastus.batch.azure.com/jobs/testDisableEnableJobSchedule:job-1\",\r\n      \"id\": \"testDisableEnableJobSchedule:job-1\"\r\n    }\r\n  }\r\n}",
      "ResponseHeaders": {
        "Content-Type": [
          "application/json; odata=minimalmetadata"
        ],
        "Last-Modified": [
          "Fri, 21 Aug 2015 22:38:54 GMT"
        ],
        "Transfer-Encoding": [
          "chunked"
        ],
        "request-id": [
          "247a3f92-a782-47f0-8841-566252d0364d"
        ],
        "Strict-Transport-Security": [
          "max-age=31536000; includeSubDomains"
        ],
        "client-request-id": [
          "3f925742-85a2-4a58-849f-d2bae4d30ad9"
        ],
        "DataServiceVersion": [
          "3.0"
        ],
        "Date": [
          "Fri, 21 Aug 2015 22:38:55 GMT"
        ],
        "ETag": [
          "0x8D2AA794B997F95"
        ],
        "Server": [
          "Microsoft-HTTPAPI/2.0"
        ]
      },
      "StatusCode": 200
    },
    {
      "RequestUri": "/jobschedules/testDisableEnableJobSchedule?api-version=2015-06-01.2.0&timeout=30",
      "EncodedRequestUri": "L2pvYnNjaGVkdWxlcy90ZXN0RGlzYWJsZUVuYWJsZUpvYlNjaGVkdWxlP2FwaS12ZXJzaW9uPTIwMTUtMDYtMDEuMi4wJnRpbWVvdXQ9MzA=",
      "RequestMethod": "GET",
      "RequestBody": "",
      "RequestHeaders": {
        "client-request-id": [
          "4b86e3dd-62db-4bba-b5ae-4f5a6991cbcd"
        ],
        "ocp-date": [
          "Fri, 21 Aug 2015 22:38:55 GMT"
        ],
        "return-client-request-id": [
          "true"
        ],
        "User-Agent": [
          "Microsoft.Azure.Batch.Protocol.BatchRestClient/2.0.1.0",
          "AzBatch/2.0.1.0"
        ]
      },
      "ResponseBody": "{\r\n  \"odata.metadata\": \"https://pstests.eastus.batch.azure.com/$metadata#jobschedules/@Element\",\r\n  \"id\": \"testDisableEnableJobSchedule\",\r\n  \"url\": \"https://pstests.eastus.batch.azure.com/jobschedules/testDisableEnableJobSchedule\",\r\n  \"eTag\": \"0x8D2AA794BF7F860\",\r\n  \"lastModified\": \"2015-08-21T22:38:55.496816Z\",\r\n  \"creationTime\": \"2015-08-21T22:38:53.0550514Z\",\r\n  \"state\": \"disabled\",\r\n  \"stateTransitionTime\": \"2015-08-21T22:38:55.496816Z\",\r\n  \"previousState\": \"active\",\r\n  \"previousStateTransitionTime\": \"2015-08-21T22:38:55.1156072Z\",\r\n  \"jobSpecification\": {\r\n    \"priority\": 0,\r\n    \"constraints\": {\r\n      \"maxWallClockTime\": \"P10675199DT2H48M5.4775807S\",\r\n      \"maxTaskRetryCount\": 0\r\n    },\r\n    \"poolInfo\": {\r\n      \"poolId\": \"testPool\"\r\n    }\r\n  },\r\n  \"executionInfo\": {\r\n    \"recentJob\": {\r\n      \"url\": \"https://pstests.eastus.batch.azure.com/jobs/testDisableEnableJobSchedule:job-1\",\r\n      \"id\": \"testDisableEnableJobSchedule:job-1\"\r\n    }\r\n  }\r\n}",
      "ResponseHeaders": {
        "Content-Type": [
          "application/json; odata=minimalmetadata"
        ],
        "Last-Modified": [
          "Fri, 21 Aug 2015 22:38:55 GMT"
        ],
        "Transfer-Encoding": [
          "chunked"
        ],
        "request-id": [
          "98707933-e0eb-42a2-97af-c4d50db5cf81"
        ],
        "Strict-Transport-Security": [
          "max-age=31536000; includeSubDomains"
        ],
        "client-request-id": [
          "4b86e3dd-62db-4bba-b5ae-4f5a6991cbcd"
        ],
        "DataServiceVersion": [
          "3.0"
        ],
        "Date": [
          "Fri, 21 Aug 2015 22:38:55 GMT"
        ],
        "ETag": [
          "0x8D2AA794BF7F860"
        ],
        "Server": [
          "Microsoft-HTTPAPI/2.0"
        ]
      },
      "StatusCode": 200
    },
    {
      "RequestUri": "/jobschedules/testDisableEnableJobSchedule?api-version=2015-06-01.2.0&timeout=30",
      "EncodedRequestUri": "L2pvYnNjaGVkdWxlcy90ZXN0RGlzYWJsZUVuYWJsZUpvYlNjaGVkdWxlP2FwaS12ZXJzaW9uPTIwMTUtMDYtMDEuMi4wJnRpbWVvdXQ9MzA=",
      "RequestMethod": "GET",
      "RequestBody": "",
      "RequestHeaders": {
        "client-request-id": [
          "4b86e3dd-62db-4bba-b5ae-4f5a6991cbcd"
        ],
        "ocp-date": [
          "Fri, 21 Aug 2015 22:38:55 GMT"
        ],
        "return-client-request-id": [
          "true"
        ],
        "User-Agent": [
          "Microsoft.Azure.Batch.Protocol.BatchRestClient/2.0.1.0",
          "AzBatch/2.0.1.0"
        ]
      },
      "ResponseBody": "{\r\n  \"odata.metadata\": \"https://pstests.eastus.batch.azure.com/$metadata#jobschedules/@Element\",\r\n  \"id\": \"testDisableEnableJobSchedule\",\r\n  \"url\": \"https://pstests.eastus.batch.azure.com/jobschedules/testDisableEnableJobSchedule\",\r\n  \"eTag\": \"0x8D2AA794BF7F860\",\r\n  \"lastModified\": \"2015-08-21T22:38:55.496816Z\",\r\n  \"creationTime\": \"2015-08-21T22:38:53.0550514Z\",\r\n  \"state\": \"disabled\",\r\n  \"stateTransitionTime\": \"2015-08-21T22:38:55.496816Z\",\r\n  \"previousState\": \"active\",\r\n  \"previousStateTransitionTime\": \"2015-08-21T22:38:55.1156072Z\",\r\n  \"jobSpecification\": {\r\n    \"priority\": 0,\r\n    \"constraints\": {\r\n      \"maxWallClockTime\": \"P10675199DT2H48M5.4775807S\",\r\n      \"maxTaskRetryCount\": 0\r\n    },\r\n    \"poolInfo\": {\r\n      \"poolId\": \"testPool\"\r\n    }\r\n  },\r\n  \"executionInfo\": {\r\n    \"recentJob\": {\r\n      \"url\": \"https://pstests.eastus.batch.azure.com/jobs/testDisableEnableJobSchedule:job-1\",\r\n      \"id\": \"testDisableEnableJobSchedule:job-1\"\r\n    }\r\n  }\r\n}",
      "ResponseHeaders": {
        "Content-Type": [
          "application/json; odata=minimalmetadata"
        ],
        "Last-Modified": [
          "Fri, 21 Aug 2015 22:38:55 GMT"
        ],
        "Transfer-Encoding": [
          "chunked"
        ],
        "request-id": [
          "98707933-e0eb-42a2-97af-c4d50db5cf81"
        ],
        "Strict-Transport-Security": [
          "max-age=31536000; includeSubDomains"
        ],
        "client-request-id": [
          "4b86e3dd-62db-4bba-b5ae-4f5a6991cbcd"
        ],
        "DataServiceVersion": [
          "3.0"
        ],
        "Date": [
          "Fri, 21 Aug 2015 22:38:55 GMT"
        ],
        "ETag": [
          "0x8D2AA794BF7F860"
        ],
        "Server": [
          "Microsoft-HTTPAPI/2.0"
        ]
      },
      "StatusCode": 200
    },
    {
      "RequestUri": "/jobschedules/testDisableEnableJobSchedule?api-version=2015-06-01.2.0&timeout=30",
      "EncodedRequestUri": "L2pvYnNjaGVkdWxlcy90ZXN0RGlzYWJsZUVuYWJsZUpvYlNjaGVkdWxlP2FwaS12ZXJzaW9uPTIwMTUtMDYtMDEuMi4wJnRpbWVvdXQ9MzA=",
      "RequestMethod": "GET",
      "RequestBody": "",
      "RequestHeaders": {
        "client-request-id": [
          "4b86e3dd-62db-4bba-b5ae-4f5a6991cbcd"
        ],
        "ocp-date": [
          "Fri, 21 Aug 2015 22:38:55 GMT"
        ],
        "return-client-request-id": [
          "true"
        ],
        "User-Agent": [
          "Microsoft.Azure.Batch.Protocol.BatchRestClient/2.0.1.0",
          "AzBatch/2.0.1.0"
        ]
      },
      "ResponseBody": "{\r\n  \"odata.metadata\": \"https://pstests.eastus.batch.azure.com/$metadata#jobschedules/@Element\",\r\n  \"id\": \"testDisableEnableJobSchedule\",\r\n  \"url\": \"https://pstests.eastus.batch.azure.com/jobschedules/testDisableEnableJobSchedule\",\r\n  \"eTag\": \"0x8D2AA794BF7F860\",\r\n  \"lastModified\": \"2015-08-21T22:38:55.496816Z\",\r\n  \"creationTime\": \"2015-08-21T22:38:53.0550514Z\",\r\n  \"state\": \"disabled\",\r\n  \"stateTransitionTime\": \"2015-08-21T22:38:55.496816Z\",\r\n  \"previousState\": \"active\",\r\n  \"previousStateTransitionTime\": \"2015-08-21T22:38:55.1156072Z\",\r\n  \"jobSpecification\": {\r\n    \"priority\": 0,\r\n    \"constraints\": {\r\n      \"maxWallClockTime\": \"P10675199DT2H48M5.4775807S\",\r\n      \"maxTaskRetryCount\": 0\r\n    },\r\n    \"poolInfo\": {\r\n      \"poolId\": \"testPool\"\r\n    }\r\n  },\r\n  \"executionInfo\": {\r\n    \"recentJob\": {\r\n      \"url\": \"https://pstests.eastus.batch.azure.com/jobs/testDisableEnableJobSchedule:job-1\",\r\n      \"id\": \"testDisableEnableJobSchedule:job-1\"\r\n    }\r\n  }\r\n}",
      "ResponseHeaders": {
        "Content-Type": [
          "application/json; odata=minimalmetadata"
        ],
        "Last-Modified": [
          "Fri, 21 Aug 2015 22:38:55 GMT"
        ],
        "Transfer-Encoding": [
          "chunked"
        ],
        "request-id": [
          "98707933-e0eb-42a2-97af-c4d50db5cf81"
        ],
        "Strict-Transport-Security": [
          "max-age=31536000; includeSubDomains"
        ],
        "client-request-id": [
          "4b86e3dd-62db-4bba-b5ae-4f5a6991cbcd"
        ],
        "DataServiceVersion": [
          "3.0"
        ],
        "Date": [
          "Fri, 21 Aug 2015 22:38:55 GMT"
        ],
        "ETag": [
          "0x8D2AA794BF7F860"
        ],
        "Server": [
          "Microsoft-HTTPAPI/2.0"
        ]
      },
      "StatusCode": 200
    },
    {
      "RequestUri": "/jobschedules/testDisableEnableJobSchedule?api-version=2015-06-01.2.0&timeout=30",
      "EncodedRequestUri": "L2pvYnNjaGVkdWxlcy90ZXN0RGlzYWJsZUVuYWJsZUpvYlNjaGVkdWxlP2FwaS12ZXJzaW9uPTIwMTUtMDYtMDEuMi4wJnRpbWVvdXQ9MzA=",
      "RequestMethod": "GET",
      "RequestBody": "",
      "RequestHeaders": {
        "client-request-id": [
          "4b86e3dd-62db-4bba-b5ae-4f5a6991cbcd"
        ],
        "ocp-date": [
          "Fri, 21 Aug 2015 22:38:55 GMT"
        ],
        "return-client-request-id": [
          "true"
        ],
        "User-Agent": [
          "Microsoft.Azure.Batch.Protocol.BatchRestClient/2.0.1.0",
          "AzBatch/2.0.1.0"
        ]
      },
      "ResponseBody": "{\r\n  \"odata.metadata\": \"https://pstests.eastus.batch.azure.com/$metadata#jobschedules/@Element\",\r\n  \"id\": \"testDisableEnableJobSchedule\",\r\n  \"url\": \"https://pstests.eastus.batch.azure.com/jobschedules/testDisableEnableJobSchedule\",\r\n  \"eTag\": \"0x8D2AA794BF7F860\",\r\n  \"lastModified\": \"2015-08-21T22:38:55.496816Z\",\r\n  \"creationTime\": \"2015-08-21T22:38:53.0550514Z\",\r\n  \"state\": \"disabled\",\r\n  \"stateTransitionTime\": \"2015-08-21T22:38:55.496816Z\",\r\n  \"previousState\": \"active\",\r\n  \"previousStateTransitionTime\": \"2015-08-21T22:38:55.1156072Z\",\r\n  \"jobSpecification\": {\r\n    \"priority\": 0,\r\n    \"constraints\": {\r\n      \"maxWallClockTime\": \"P10675199DT2H48M5.4775807S\",\r\n      \"maxTaskRetryCount\": 0\r\n    },\r\n    \"poolInfo\": {\r\n      \"poolId\": \"testPool\"\r\n    }\r\n  },\r\n  \"executionInfo\": {\r\n    \"recentJob\": {\r\n      \"url\": \"https://pstests.eastus.batch.azure.com/jobs/testDisableEnableJobSchedule:job-1\",\r\n      \"id\": \"testDisableEnableJobSchedule:job-1\"\r\n    }\r\n  }\r\n}",
      "ResponseHeaders": {
        "Content-Type": [
          "application/json; odata=minimalmetadata"
        ],
        "Last-Modified": [
          "Fri, 21 Aug 2015 22:38:55 GMT"
        ],
        "Transfer-Encoding": [
          "chunked"
        ],
        "request-id": [
          "98707933-e0eb-42a2-97af-c4d50db5cf81"
        ],
        "Strict-Transport-Security": [
          "max-age=31536000; includeSubDomains"
        ],
        "client-request-id": [
          "4b86e3dd-62db-4bba-b5ae-4f5a6991cbcd"
        ],
        "DataServiceVersion": [
          "3.0"
        ],
        "Date": [
          "Fri, 21 Aug 2015 22:38:55 GMT"
        ],
        "ETag": [
          "0x8D2AA794BF7F860"
        ],
        "Server": [
          "Microsoft-HTTPAPI/2.0"
        ]
      },
      "StatusCode": 200
    },
    {
      "RequestUri": "/jobschedules/testDisableEnableJobSchedule?api-version=2015-06-01.2.0&timeout=30",
      "EncodedRequestUri": "L2pvYnNjaGVkdWxlcy90ZXN0RGlzYWJsZUVuYWJsZUpvYlNjaGVkdWxlP2FwaS12ZXJzaW9uPTIwMTUtMDYtMDEuMi4wJnRpbWVvdXQ9MzA=",
      "RequestMethod": "GET",
      "RequestBody": "",
      "RequestHeaders": {
        "client-request-id": [
          "4b86e3dd-62db-4bba-b5ae-4f5a6991cbcd"
        ],
        "ocp-date": [
          "Fri, 21 Aug 2015 22:38:55 GMT"
        ],
        "return-client-request-id": [
          "true"
        ],
        "User-Agent": [
          "Microsoft.Azure.Batch.Protocol.BatchRestClient/2.0.1.0",
          "AzBatch/2.0.1.0"
        ]
      },
      "ResponseBody": "{\r\n  \"odata.metadata\": \"https://pstests.eastus.batch.azure.com/$metadata#jobschedules/@Element\",\r\n  \"id\": \"testDisableEnableJobSchedule\",\r\n  \"url\": \"https://pstests.eastus.batch.azure.com/jobschedules/testDisableEnableJobSchedule\",\r\n  \"eTag\": \"0x8D2AA794BF7F860\",\r\n  \"lastModified\": \"2015-08-21T22:38:55.496816Z\",\r\n  \"creationTime\": \"2015-08-21T22:38:53.0550514Z\",\r\n  \"state\": \"disabled\",\r\n  \"stateTransitionTime\": \"2015-08-21T22:38:55.496816Z\",\r\n  \"previousState\": \"active\",\r\n  \"previousStateTransitionTime\": \"2015-08-21T22:38:55.1156072Z\",\r\n  \"jobSpecification\": {\r\n    \"priority\": 0,\r\n    \"constraints\": {\r\n      \"maxWallClockTime\": \"P10675199DT2H48M5.4775807S\",\r\n      \"maxTaskRetryCount\": 0\r\n    },\r\n    \"poolInfo\": {\r\n      \"poolId\": \"testPool\"\r\n    }\r\n  },\r\n  \"executionInfo\": {\r\n    \"recentJob\": {\r\n      \"url\": \"https://pstests.eastus.batch.azure.com/jobs/testDisableEnableJobSchedule:job-1\",\r\n      \"id\": \"testDisableEnableJobSchedule:job-1\"\r\n    }\r\n  }\r\n}",
      "ResponseHeaders": {
        "Content-Type": [
          "application/json; odata=minimalmetadata"
        ],
        "Last-Modified": [
          "Fri, 21 Aug 2015 22:38:55 GMT"
        ],
        "Transfer-Encoding": [
          "chunked"
        ],
        "request-id": [
          "98707933-e0eb-42a2-97af-c4d50db5cf81"
        ],
        "Strict-Transport-Security": [
          "max-age=31536000; includeSubDomains"
        ],
        "client-request-id": [
          "4b86e3dd-62db-4bba-b5ae-4f5a6991cbcd"
        ],
        "DataServiceVersion": [
          "3.0"
        ],
        "Date": [
          "Fri, 21 Aug 2015 22:38:55 GMT"
        ],
        "ETag": [
          "0x8D2AA794BF7F860"
        ],
        "Server": [
          "Microsoft-HTTPAPI/2.0"
        ]
      },
      "StatusCode": 200
    },
    {
      "RequestUri": "/jobschedules/testDisableEnableJobSchedule?api-version=2015-06-01.2.0&timeout=30",
      "EncodedRequestUri": "L2pvYnNjaGVkdWxlcy90ZXN0RGlzYWJsZUVuYWJsZUpvYlNjaGVkdWxlP2FwaS12ZXJzaW9uPTIwMTUtMDYtMDEuMi4wJnRpbWVvdXQ9MzA=",
      "RequestMethod": "GET",
      "RequestBody": "",
      "RequestHeaders": {
        "client-request-id": [
          "4b86e3dd-62db-4bba-b5ae-4f5a6991cbcd"
        ],
        "ocp-date": [
          "Fri, 21 Aug 2015 22:38:55 GMT"
        ],
        "return-client-request-id": [
          "true"
        ],
        "User-Agent": [
          "Microsoft.Azure.Batch.Protocol.BatchRestClient/2.0.1.0",
          "AzBatch/2.0.1.0"
        ]
      },
      "ResponseBody": "{\r\n  \"odata.metadata\": \"https://pstests.eastus.batch.azure.com/$metadata#jobschedules/@Element\",\r\n  \"id\": \"testDisableEnableJobSchedule\",\r\n  \"url\": \"https://pstests.eastus.batch.azure.com/jobschedules/testDisableEnableJobSchedule\",\r\n  \"eTag\": \"0x8D2AA794BF7F860\",\r\n  \"lastModified\": \"2015-08-21T22:38:55.496816Z\",\r\n  \"creationTime\": \"2015-08-21T22:38:53.0550514Z\",\r\n  \"state\": \"disabled\",\r\n  \"stateTransitionTime\": \"2015-08-21T22:38:55.496816Z\",\r\n  \"previousState\": \"active\",\r\n  \"previousStateTransitionTime\": \"2015-08-21T22:38:55.1156072Z\",\r\n  \"jobSpecification\": {\r\n    \"priority\": 0,\r\n    \"constraints\": {\r\n      \"maxWallClockTime\": \"P10675199DT2H48M5.4775807S\",\r\n      \"maxTaskRetryCount\": 0\r\n    },\r\n    \"poolInfo\": {\r\n      \"poolId\": \"testPool\"\r\n    }\r\n  },\r\n  \"executionInfo\": {\r\n    \"recentJob\": {\r\n      \"url\": \"https://pstests.eastus.batch.azure.com/jobs/testDisableEnableJobSchedule:job-1\",\r\n      \"id\": \"testDisableEnableJobSchedule:job-1\"\r\n    }\r\n  }\r\n}",
      "ResponseHeaders": {
        "Content-Type": [
          "application/json; odata=minimalmetadata"
        ],
        "Last-Modified": [
          "Fri, 21 Aug 2015 22:38:55 GMT"
        ],
        "Transfer-Encoding": [
          "chunked"
        ],
        "request-id": [
          "98707933-e0eb-42a2-97af-c4d50db5cf81"
        ],
        "Strict-Transport-Security": [
          "max-age=31536000; includeSubDomains"
        ],
        "client-request-id": [
          "4b86e3dd-62db-4bba-b5ae-4f5a6991cbcd"
        ],
        "DataServiceVersion": [
          "3.0"
        ],
        "Date": [
          "Fri, 21 Aug 2015 22:38:55 GMT"
        ],
        "ETag": [
          "0x8D2AA794BF7F860"
        ],
        "Server": [
          "Microsoft-HTTPAPI/2.0"
        ]
      },
      "StatusCode": 200
    },
    {
      "RequestUri": "/jobschedules/testDisableEnableJobSchedule?api-version=2015-06-01.2.0&timeout=30",
      "EncodedRequestUri": "L2pvYnNjaGVkdWxlcy90ZXN0RGlzYWJsZUVuYWJsZUpvYlNjaGVkdWxlP2FwaS12ZXJzaW9uPTIwMTUtMDYtMDEuMi4wJnRpbWVvdXQ9MzA=",
      "RequestMethod": "GET",
      "RequestBody": "",
      "RequestHeaders": {
        "client-request-id": [
          "4b86e3dd-62db-4bba-b5ae-4f5a6991cbcd"
        ],
        "ocp-date": [
          "Fri, 21 Aug 2015 22:38:55 GMT"
        ],
        "return-client-request-id": [
          "true"
        ],
        "User-Agent": [
          "Microsoft.Azure.Batch.Protocol.BatchRestClient/2.0.1.0",
          "AzBatch/2.0.1.0"
        ]
      },
      "ResponseBody": "{\r\n  \"odata.metadata\": \"https://pstests.eastus.batch.azure.com/$metadata#jobschedules/@Element\",\r\n  \"id\": \"testDisableEnableJobSchedule\",\r\n  \"url\": \"https://pstests.eastus.batch.azure.com/jobschedules/testDisableEnableJobSchedule\",\r\n  \"eTag\": \"0x8D2AA794BF7F860\",\r\n  \"lastModified\": \"2015-08-21T22:38:55.496816Z\",\r\n  \"creationTime\": \"2015-08-21T22:38:53.0550514Z\",\r\n  \"state\": \"disabled\",\r\n  \"stateTransitionTime\": \"2015-08-21T22:38:55.496816Z\",\r\n  \"previousState\": \"active\",\r\n  \"previousStateTransitionTime\": \"2015-08-21T22:38:55.1156072Z\",\r\n  \"jobSpecification\": {\r\n    \"priority\": 0,\r\n    \"constraints\": {\r\n      \"maxWallClockTime\": \"P10675199DT2H48M5.4775807S\",\r\n      \"maxTaskRetryCount\": 0\r\n    },\r\n    \"poolInfo\": {\r\n      \"poolId\": \"testPool\"\r\n    }\r\n  },\r\n  \"executionInfo\": {\r\n    \"recentJob\": {\r\n      \"url\": \"https://pstests.eastus.batch.azure.com/jobs/testDisableEnableJobSchedule:job-1\",\r\n      \"id\": \"testDisableEnableJobSchedule:job-1\"\r\n    }\r\n  }\r\n}",
      "ResponseHeaders": {
        "Content-Type": [
          "application/json; odata=minimalmetadata"
        ],
        "Last-Modified": [
          "Fri, 21 Aug 2015 22:38:55 GMT"
        ],
        "Transfer-Encoding": [
          "chunked"
        ],
        "request-id": [
          "98707933-e0eb-42a2-97af-c4d50db5cf81"
        ],
        "Strict-Transport-Security": [
          "max-age=31536000; includeSubDomains"
        ],
        "client-request-id": [
          "4b86e3dd-62db-4bba-b5ae-4f5a6991cbcd"
        ],
        "DataServiceVersion": [
          "3.0"
        ],
        "Date": [
          "Fri, 21 Aug 2015 22:38:55 GMT"
        ],
        "ETag": [
          "0x8D2AA794BF7F860"
        ],
        "Server": [
          "Microsoft-HTTPAPI/2.0"
        ]
      },
      "StatusCode": 200
    },
    {
      "RequestUri": "/jobschedules/testDisableEnableJobSchedule?disable&api-version=2015-06-01.2.0&timeout=30",
      "EncodedRequestUri": "L2pvYnNjaGVkdWxlcy90ZXN0RGlzYWJsZUVuYWJsZUpvYlNjaGVkdWxlP2Rpc2FibGUmYXBpLXZlcnNpb249MjAxNS0wNi0wMS4yLjAmdGltZW91dD0zMA==",
      "RequestMethod": "POST",
      "RequestBody": "",
      "RequestHeaders": {
        "client-request-id": [
          "2205df0d-38cf-4256-a87e-6e84b1db84dc"
        ],
        "ocp-date": [
          "Fri, 21 Aug 2015 22:38:54 GMT"
        ],
        "return-client-request-id": [
          "true"
        ],
        "User-Agent": [
          "Microsoft.Azure.Batch.Protocol.BatchRestClient/2.0.1.0",
          "AzBatch/2.0.1.0"
        ]
      },
      "ResponseBody": "",
      "ResponseHeaders": {
        "Content-Length": [
          "0"
        ],
        "Last-Modified": [
          "Fri, 21 Aug 2015 22:38:54 GMT"
        ],
        "request-id": [
          "eb1ba061-57c4-477a-ad6d-58ff7f865095"
        ],
        "Strict-Transport-Security": [
          "max-age=31536000; includeSubDomains"
        ],
        "client-request-id": [
          "2205df0d-38cf-4256-a87e-6e84b1db84dc"
        ],
        "DataServiceVersion": [
          "3.0"
        ],
        "DataServiceId": [
          "https://pstests.eastus.batch.azure.com/jobschedules/testDisableEnableJobSchedule"
        ],
        "Date": [
          "Fri, 21 Aug 2015 22:38:55 GMT"
        ],
        "ETag": [
          "0x8D2AA794B997F95"
        ],
        "Server": [
          "Microsoft-HTTPAPI/2.0"
        ]
      },
      "StatusCode": 204
    },
    {
      "RequestUri": "/jobschedules/testDisableEnableJobSchedule?disable&api-version=2015-06-01.2.0&timeout=30",
      "EncodedRequestUri": "L2pvYnNjaGVkdWxlcy90ZXN0RGlzYWJsZUVuYWJsZUpvYlNjaGVkdWxlP2Rpc2FibGUmYXBpLXZlcnNpb249MjAxNS0wNi0wMS4yLjAmdGltZW91dD0zMA==",
      "RequestMethod": "POST",
      "RequestBody": "",
      "RequestHeaders": {
        "client-request-id": [
          "2205df0d-38cf-4256-a87e-6e84b1db84dc"
        ],
        "ocp-date": [
          "Fri, 21 Aug 2015 22:38:54 GMT"
        ],
        "return-client-request-id": [
          "true"
        ],
        "User-Agent": [
          "Microsoft.Azure.Batch.Protocol.BatchRestClient/2.0.1.0",
          "AzBatch/2.0.1.0"
        ]
      },
      "ResponseBody": "",
      "ResponseHeaders": {
        "Content-Length": [
          "0"
        ],
        "Last-Modified": [
          "Fri, 21 Aug 2015 22:38:54 GMT"
        ],
        "request-id": [
          "eb1ba061-57c4-477a-ad6d-58ff7f865095"
        ],
        "Strict-Transport-Security": [
          "max-age=31536000; includeSubDomains"
        ],
        "client-request-id": [
          "2205df0d-38cf-4256-a87e-6e84b1db84dc"
        ],
        "DataServiceVersion": [
          "3.0"
        ],
        "DataServiceId": [
          "https://pstests.eastus.batch.azure.com/jobschedules/testDisableEnableJobSchedule"
        ],
        "Date": [
          "Fri, 21 Aug 2015 22:38:55 GMT"
        ],
        "ETag": [
          "0x8D2AA794B997F95"
        ],
        "Server": [
          "Microsoft-HTTPAPI/2.0"
        ]
      },
      "StatusCode": 204
    },
    {
      "RequestUri": "/jobschedules/testDisableEnableJobSchedule?disable&api-version=2015-06-01.2.0&timeout=30",
      "EncodedRequestUri": "L2pvYnNjaGVkdWxlcy90ZXN0RGlzYWJsZUVuYWJsZUpvYlNjaGVkdWxlP2Rpc2FibGUmYXBpLXZlcnNpb249MjAxNS0wNi0wMS4yLjAmdGltZW91dD0zMA==",
      "RequestMethod": "POST",
      "RequestBody": "",
      "RequestHeaders": {
        "client-request-id": [
          "3b4ed0ff-dad2-4d36-b987-80b688a066de"
        ],
        "ocp-date": [
          "Fri, 21 Aug 2015 22:38:55 GMT"
        ],
        "return-client-request-id": [
          "true"
        ],
        "User-Agent": [
          "Microsoft.Azure.Batch.Protocol.BatchRestClient/2.0.1.0",
          "AzBatch/2.0.1.0"
        ]
      },
      "ResponseBody": "",
      "ResponseHeaders": {
        "Content-Length": [
          "0"
        ],
        "Last-Modified": [
          "Fri, 21 Aug 2015 22:38:55 GMT"
        ],
        "request-id": [
          "7304ff2e-5695-4a5a-b574-7a576eb90cac"
        ],
        "Strict-Transport-Security": [
          "max-age=31536000; includeSubDomains"
        ],
        "client-request-id": [
          "3b4ed0ff-dad2-4d36-b987-80b688a066de"
        ],
        "DataServiceVersion": [
          "3.0"
        ],
        "DataServiceId": [
          "https://pstests.eastus.batch.azure.com/jobschedules/testDisableEnableJobSchedule"
        ],
        "Date": [
          "Fri, 21 Aug 2015 22:38:55 GMT"
        ],
        "ETag": [
          "0x8D2AA794BF7F860"
        ],
        "Server": [
          "Microsoft-HTTPAPI/2.0"
        ]
      },
      "StatusCode": 204
    },
    {
      "RequestUri": "/jobschedules/testDisableEnableJobSchedule?disable&api-version=2015-06-01.2.0&timeout=30",
      "EncodedRequestUri": "L2pvYnNjaGVkdWxlcy90ZXN0RGlzYWJsZUVuYWJsZUpvYlNjaGVkdWxlP2Rpc2FibGUmYXBpLXZlcnNpb249MjAxNS0wNi0wMS4yLjAmdGltZW91dD0zMA==",
      "RequestMethod": "POST",
      "RequestBody": "",
      "RequestHeaders": {
        "client-request-id": [
          "3b4ed0ff-dad2-4d36-b987-80b688a066de"
        ],
        "ocp-date": [
          "Fri, 21 Aug 2015 22:38:55 GMT"
        ],
        "return-client-request-id": [
          "true"
        ],
        "User-Agent": [
          "Microsoft.Azure.Batch.Protocol.BatchRestClient/2.0.1.0",
          "AzBatch/2.0.1.0"
        ]
      },
      "ResponseBody": "",
      "ResponseHeaders": {
        "Content-Length": [
          "0"
        ],
        "Last-Modified": [
          "Fri, 21 Aug 2015 22:38:55 GMT"
        ],
        "request-id": [
          "7304ff2e-5695-4a5a-b574-7a576eb90cac"
        ],
        "Strict-Transport-Security": [
          "max-age=31536000; includeSubDomains"
        ],
        "client-request-id": [
          "3b4ed0ff-dad2-4d36-b987-80b688a066de"
        ],
        "DataServiceVersion": [
          "3.0"
        ],
        "DataServiceId": [
          "https://pstests.eastus.batch.azure.com/jobschedules/testDisableEnableJobSchedule"
        ],
        "Date": [
          "Fri, 21 Aug 2015 22:38:55 GMT"
        ],
        "ETag": [
          "0x8D2AA794BF7F860"
        ],
        "Server": [
          "Microsoft-HTTPAPI/2.0"
        ]
      },
      "StatusCode": 204
    },
    {
      "RequestUri": "/jobschedules/testDisableEnableJobSchedule?disable&api-version=2015-06-01.2.0&timeout=30",
      "EncodedRequestUri": "L2pvYnNjaGVkdWxlcy90ZXN0RGlzYWJsZUVuYWJsZUpvYlNjaGVkdWxlP2Rpc2FibGUmYXBpLXZlcnNpb249MjAxNS0wNi0wMS4yLjAmdGltZW91dD0zMA==",
      "RequestMethod": "POST",
      "RequestBody": "",
      "RequestHeaders": {
        "client-request-id": [
          "3b4ed0ff-dad2-4d36-b987-80b688a066de"
        ],
        "ocp-date": [
          "Fri, 21 Aug 2015 22:38:55 GMT"
        ],
        "return-client-request-id": [
          "true"
        ],
        "User-Agent": [
          "Microsoft.Azure.Batch.Protocol.BatchRestClient/2.0.1.0",
          "AzBatch/2.0.1.0"
        ]
      },
      "ResponseBody": "",
      "ResponseHeaders": {
        "Content-Length": [
          "0"
        ],
        "Last-Modified": [
          "Fri, 21 Aug 2015 22:38:55 GMT"
        ],
        "request-id": [
          "7304ff2e-5695-4a5a-b574-7a576eb90cac"
        ],
        "Strict-Transport-Security": [
          "max-age=31536000; includeSubDomains"
        ],
        "client-request-id": [
          "3b4ed0ff-dad2-4d36-b987-80b688a066de"
        ],
        "DataServiceVersion": [
          "3.0"
        ],
        "DataServiceId": [
          "https://pstests.eastus.batch.azure.com/jobschedules/testDisableEnableJobSchedule"
        ],
        "Date": [
          "Fri, 21 Aug 2015 22:38:55 GMT"
        ],
        "ETag": [
          "0x8D2AA794BF7F860"
        ],
        "Server": [
          "Microsoft-HTTPAPI/2.0"
        ]
      },
      "StatusCode": 204
    },
    {
      "RequestUri": "/jobschedules/testDisableEnableJobSchedule?disable&api-version=2015-06-01.2.0&timeout=30",
      "EncodedRequestUri": "L2pvYnNjaGVkdWxlcy90ZXN0RGlzYWJsZUVuYWJsZUpvYlNjaGVkdWxlP2Rpc2FibGUmYXBpLXZlcnNpb249MjAxNS0wNi0wMS4yLjAmdGltZW91dD0zMA==",
      "RequestMethod": "POST",
      "RequestBody": "",
      "RequestHeaders": {
        "client-request-id": [
          "3b4ed0ff-dad2-4d36-b987-80b688a066de"
        ],
        "ocp-date": [
          "Fri, 21 Aug 2015 22:38:55 GMT"
        ],
        "return-client-request-id": [
          "true"
        ],
        "User-Agent": [
          "Microsoft.Azure.Batch.Protocol.BatchRestClient/2.0.1.0",
          "AzBatch/2.0.1.0"
        ]
      },
      "ResponseBody": "",
      "ResponseHeaders": {
        "Content-Length": [
          "0"
        ],
        "Last-Modified": [
          "Fri, 21 Aug 2015 22:38:55 GMT"
        ],
        "request-id": [
          "7304ff2e-5695-4a5a-b574-7a576eb90cac"
        ],
        "Strict-Transport-Security": [
          "max-age=31536000; includeSubDomains"
        ],
        "client-request-id": [
          "3b4ed0ff-dad2-4d36-b987-80b688a066de"
        ],
        "DataServiceVersion": [
          "3.0"
        ],
        "DataServiceId": [
          "https://pstests.eastus.batch.azure.com/jobschedules/testDisableEnableJobSchedule"
        ],
        "Date": [
          "Fri, 21 Aug 2015 22:38:55 GMT"
        ],
        "ETag": [
          "0x8D2AA794BF7F860"
        ],
        "Server": [
          "Microsoft-HTTPAPI/2.0"
        ]
      },
      "StatusCode": 204
    },
    {
      "RequestUri": "/jobschedules/testDisableEnableJobSchedule?disable&api-version=2015-06-01.2.0&timeout=30",
      "EncodedRequestUri": "L2pvYnNjaGVkdWxlcy90ZXN0RGlzYWJsZUVuYWJsZUpvYlNjaGVkdWxlP2Rpc2FibGUmYXBpLXZlcnNpb249MjAxNS0wNi0wMS4yLjAmdGltZW91dD0zMA==",
      "RequestMethod": "POST",
      "RequestBody": "",
      "RequestHeaders": {
        "client-request-id": [
          "3b4ed0ff-dad2-4d36-b987-80b688a066de"
        ],
        "ocp-date": [
          "Fri, 21 Aug 2015 22:38:55 GMT"
        ],
        "return-client-request-id": [
          "true"
        ],
        "User-Agent": [
          "Microsoft.Azure.Batch.Protocol.BatchRestClient/2.0.1.0",
          "AzBatch/2.0.1.0"
        ]
      },
      "ResponseBody": "",
      "ResponseHeaders": {
        "Content-Length": [
          "0"
        ],
        "Last-Modified": [
          "Fri, 21 Aug 2015 22:38:55 GMT"
        ],
        "request-id": [
          "7304ff2e-5695-4a5a-b574-7a576eb90cac"
        ],
        "Strict-Transport-Security": [
          "max-age=31536000; includeSubDomains"
        ],
        "client-request-id": [
          "3b4ed0ff-dad2-4d36-b987-80b688a066de"
        ],
        "DataServiceVersion": [
          "3.0"
        ],
        "DataServiceId": [
          "https://pstests.eastus.batch.azure.com/jobschedules/testDisableEnableJobSchedule"
        ],
        "Date": [
          "Fri, 21 Aug 2015 22:38:55 GMT"
        ],
        "ETag": [
          "0x8D2AA794BF7F860"
        ],
        "Server": [
          "Microsoft-HTTPAPI/2.0"
        ]
      },
      "StatusCode": 204
    },
    {
      "RequestUri": "/jobschedules/testDisableEnableJobSchedule?disable&api-version=2015-06-01.2.0&timeout=30",
      "EncodedRequestUri": "L2pvYnNjaGVkdWxlcy90ZXN0RGlzYWJsZUVuYWJsZUpvYlNjaGVkdWxlP2Rpc2FibGUmYXBpLXZlcnNpb249MjAxNS0wNi0wMS4yLjAmdGltZW91dD0zMA==",
      "RequestMethod": "POST",
      "RequestBody": "",
      "RequestHeaders": {
        "client-request-id": [
          "3b4ed0ff-dad2-4d36-b987-80b688a066de"
        ],
        "ocp-date": [
          "Fri, 21 Aug 2015 22:38:55 GMT"
        ],
        "return-client-request-id": [
          "true"
        ],
        "User-Agent": [
          "Microsoft.Azure.Batch.Protocol.BatchRestClient/2.0.1.0",
          "AzBatch/2.0.1.0"
        ]
      },
      "ResponseBody": "",
      "ResponseHeaders": {
        "Content-Length": [
          "0"
        ],
        "Last-Modified": [
          "Fri, 21 Aug 2015 22:38:55 GMT"
        ],
        "request-id": [
          "7304ff2e-5695-4a5a-b574-7a576eb90cac"
        ],
        "Strict-Transport-Security": [
          "max-age=31536000; includeSubDomains"
        ],
        "client-request-id": [
          "3b4ed0ff-dad2-4d36-b987-80b688a066de"
        ],
        "DataServiceVersion": [
          "3.0"
        ],
        "DataServiceId": [
          "https://pstests.eastus.batch.azure.com/jobschedules/testDisableEnableJobSchedule"
        ],
        "Date": [
          "Fri, 21 Aug 2015 22:38:55 GMT"
        ],
        "ETag": [
          "0x8D2AA794BF7F860"
        ],
        "Server": [
          "Microsoft-HTTPAPI/2.0"
        ]
      },
      "StatusCode": 204
    },
    {
      "RequestUri": "/jobschedules/testDisableEnableJobSchedule?enable&api-version=2015-06-01.2.0&timeout=30",
      "EncodedRequestUri": "L2pvYnNjaGVkdWxlcy90ZXN0RGlzYWJsZUVuYWJsZUpvYlNjaGVkdWxlP2VuYWJsZSZhcGktdmVyc2lvbj0yMDE1LTA2LTAxLjIuMCZ0aW1lb3V0PTMw",
      "RequestMethod": "POST",
      "RequestBody": "",
      "RequestHeaders": {
        "client-request-id": [
          "cda3d5c1-8592-47ba-b8d7-5135d7a74e2b"
        ],
        "ocp-date": [
          "Fri, 21 Aug 2015 22:38:55 GMT"
        ],
        "return-client-request-id": [
          "true"
        ],
        "User-Agent": [
          "Microsoft.Azure.Batch.Protocol.BatchRestClient/2.0.1.0",
          "AzBatch/2.0.1.0"
        ]
      },
      "ResponseBody": "",
      "ResponseHeaders": {
        "Content-Length": [
          "0"
        ],
        "Last-Modified": [
          "Fri, 21 Aug 2015 22:38:55 GMT"
        ],
        "request-id": [
          "8fc52438-402e-40e4-9dc6-834165f93045"
        ],
        "Strict-Transport-Security": [
          "max-age=31536000; includeSubDomains"
        ],
        "client-request-id": [
          "cda3d5c1-8592-47ba-b8d7-5135d7a74e2b"
        ],
        "DataServiceVersion": [
          "3.0"
        ],
        "DataServiceId": [
          "https://pstests.eastus.batch.azure.com/jobschedules/testDisableEnableJobSchedule"
        ],
        "Date": [
          "Fri, 21 Aug 2015 22:38:55 GMT"
        ],
        "ETag": [
          "0x8D2AA794BBDCD68"
        ],
        "Server": [
          "Microsoft-HTTPAPI/2.0"
        ]
      },
      "StatusCode": 204
    },
    {
      "RequestUri": "/jobschedules/testDisableEnableJobSchedule?enable&api-version=2015-06-01.2.0&timeout=30",
      "EncodedRequestUri": "L2pvYnNjaGVkdWxlcy90ZXN0RGlzYWJsZUVuYWJsZUpvYlNjaGVkdWxlP2VuYWJsZSZhcGktdmVyc2lvbj0yMDE1LTA2LTAxLjIuMCZ0aW1lb3V0PTMw",
      "RequestMethod": "POST",
      "RequestBody": "",
      "RequestHeaders": {
        "client-request-id": [
          "cda3d5c1-8592-47ba-b8d7-5135d7a74e2b"
        ],
        "ocp-date": [
          "Fri, 21 Aug 2015 22:38:55 GMT"
        ],
        "return-client-request-id": [
          "true"
        ],
        "User-Agent": [
          "Microsoft.Azure.Batch.Protocol.BatchRestClient/2.0.1.0",
          "AzBatch/2.0.1.0"
        ]
      },
      "ResponseBody": "",
      "ResponseHeaders": {
        "Content-Length": [
          "0"
        ],
        "Last-Modified": [
          "Fri, 21 Aug 2015 22:38:55 GMT"
        ],
        "request-id": [
          "8fc52438-402e-40e4-9dc6-834165f93045"
        ],
        "Strict-Transport-Security": [
          "max-age=31536000; includeSubDomains"
        ],
        "client-request-id": [
          "cda3d5c1-8592-47ba-b8d7-5135d7a74e2b"
        ],
        "DataServiceVersion": [
          "3.0"
        ],
        "DataServiceId": [
          "https://pstests.eastus.batch.azure.com/jobschedules/testDisableEnableJobSchedule"
        ],
        "Date": [
          "Fri, 21 Aug 2015 22:38:55 GMT"
        ],
        "ETag": [
          "0x8D2AA794BBDCD68"
        ],
        "Server": [
          "Microsoft-HTTPAPI/2.0"
        ]
      },
      "StatusCode": 204
    },
    {
      "RequestUri": "/jobschedules/testDisableEnableJobSchedule?enable&api-version=2015-06-01.2.0&timeout=30",
      "EncodedRequestUri": "L2pvYnNjaGVkdWxlcy90ZXN0RGlzYWJsZUVuYWJsZUpvYlNjaGVkdWxlP2VuYWJsZSZhcGktdmVyc2lvbj0yMDE1LTA2LTAxLjIuMCZ0aW1lb3V0PTMw",
      "RequestMethod": "POST",
      "RequestBody": "",
      "RequestHeaders": {
        "client-request-id": [
          "cda3d5c1-8592-47ba-b8d7-5135d7a74e2b"
        ],
        "ocp-date": [
          "Fri, 21 Aug 2015 22:38:55 GMT"
        ],
        "return-client-request-id": [
          "true"
        ],
        "User-Agent": [
          "Microsoft.Azure.Batch.Protocol.BatchRestClient/2.0.1.0",
          "AzBatch/2.0.1.0"
        ]
      },
      "ResponseBody": "",
      "ResponseHeaders": {
        "Content-Length": [
          "0"
        ],
        "Last-Modified": [
          "Fri, 21 Aug 2015 22:38:55 GMT"
        ],
        "request-id": [
          "8fc52438-402e-40e4-9dc6-834165f93045"
        ],
        "Strict-Transport-Security": [
          "max-age=31536000; includeSubDomains"
        ],
        "client-request-id": [
          "cda3d5c1-8592-47ba-b8d7-5135d7a74e2b"
        ],
        "DataServiceVersion": [
          "3.0"
        ],
        "DataServiceId": [
          "https://pstests.eastus.batch.azure.com/jobschedules/testDisableEnableJobSchedule"
        ],
        "Date": [
          "Fri, 21 Aug 2015 22:38:55 GMT"
        ],
        "ETag": [
          "0x8D2AA794BBDCD68"
        ],
        "Server": [
          "Microsoft-HTTPAPI/2.0"
        ]
      },
      "StatusCode": 204
    },
    {
      "RequestUri": "/jobschedules/testDisableEnableJobSchedule?enable&api-version=2015-06-01.2.0&timeout=30",
      "EncodedRequestUri": "L2pvYnNjaGVkdWxlcy90ZXN0RGlzYWJsZUVuYWJsZUpvYlNjaGVkdWxlP2VuYWJsZSZhcGktdmVyc2lvbj0yMDE1LTA2LTAxLjIuMCZ0aW1lb3V0PTMw",
      "RequestMethod": "POST",
      "RequestBody": "",
      "RequestHeaders": {
        "client-request-id": [
          "cda3d5c1-8592-47ba-b8d7-5135d7a74e2b"
        ],
        "ocp-date": [
          "Fri, 21 Aug 2015 22:38:55 GMT"
        ],
        "return-client-request-id": [
          "true"
        ],
        "User-Agent": [
          "Microsoft.Azure.Batch.Protocol.BatchRestClient/2.0.1.0",
          "AzBatch/2.0.1.0"
        ]
      },
      "ResponseBody": "",
      "ResponseHeaders": {
        "Content-Length": [
          "0"
        ],
        "Last-Modified": [
          "Fri, 21 Aug 2015 22:38:55 GMT"
        ],
        "request-id": [
          "8fc52438-402e-40e4-9dc6-834165f93045"
        ],
        "Strict-Transport-Security": [
          "max-age=31536000; includeSubDomains"
        ],
        "client-request-id": [
          "cda3d5c1-8592-47ba-b8d7-5135d7a74e2b"
        ],
        "DataServiceVersion": [
          "3.0"
        ],
        "DataServiceId": [
          "https://pstests.eastus.batch.azure.com/jobschedules/testDisableEnableJobSchedule"
        ],
        "Date": [
          "Fri, 21 Aug 2015 22:38:55 GMT"
        ],
        "ETag": [
          "0x8D2AA794BBDCD68"
        ],
        "Server": [
          "Microsoft-HTTPAPI/2.0"
        ]
      },
      "StatusCode": 204
    },
    {
      "RequestUri": "/jobschedules/testDisableEnableJobSchedule?enable&api-version=2015-06-01.2.0&timeout=30",
      "EncodedRequestUri": "L2pvYnNjaGVkdWxlcy90ZXN0RGlzYWJsZUVuYWJsZUpvYlNjaGVkdWxlP2VuYWJsZSZhcGktdmVyc2lvbj0yMDE1LTA2LTAxLjIuMCZ0aW1lb3V0PTMw",
      "RequestMethod": "POST",
      "RequestBody": "",
      "RequestHeaders": {
        "client-request-id": [
          "254be1de-c665-410d-aaa0-6c44ff0403b2"
        ],
        "ocp-date": [
          "Fri, 21 Aug 2015 22:38:55 GMT"
        ],
        "return-client-request-id": [
          "true"
        ],
        "User-Agent": [
          "Microsoft.Azure.Batch.Protocol.BatchRestClient/2.0.1.0",
          "AzBatch/2.0.1.0"
        ]
      },
      "ResponseBody": "",
      "ResponseHeaders": {
        "Content-Length": [
          "0"
        ],
        "Last-Modified": [
          "Fri, 21 Aug 2015 22:38:55 GMT"
        ],
        "request-id": [
          "5823ad95-4eed-4d02-bed6-b541e2188774"
        ],
        "Strict-Transport-Security": [
          "max-age=31536000; includeSubDomains"
        ],
        "client-request-id": [
          "254be1de-c665-410d-aaa0-6c44ff0403b2"
        ],
        "DataServiceVersion": [
          "3.0"
        ],
        "DataServiceId": [
          "https://pstests.eastus.batch.azure.com/jobschedules/testDisableEnableJobSchedule"
        ],
        "Date": [
          "Fri, 21 Aug 2015 22:38:56 GMT"
        ],
        "ETag": [
          "0x8D2AA794C2847D4"
        ],
        "Server": [
          "Microsoft-HTTPAPI/2.0"
        ]
      },
      "StatusCode": 204
    },
    {
      "RequestUri": "/jobschedules/testDisableEnableJobSchedule?enable&api-version=2015-06-01.2.0&timeout=30",
      "EncodedRequestUri": "L2pvYnNjaGVkdWxlcy90ZXN0RGlzYWJsZUVuYWJsZUpvYlNjaGVkdWxlP2VuYWJsZSZhcGktdmVyc2lvbj0yMDE1LTA2LTAxLjIuMCZ0aW1lb3V0PTMw",
      "RequestMethod": "POST",
      "RequestBody": "",
      "RequestHeaders": {
        "client-request-id": [
          "254be1de-c665-410d-aaa0-6c44ff0403b2"
        ],
        "ocp-date": [
          "Fri, 21 Aug 2015 22:38:55 GMT"
        ],
        "return-client-request-id": [
          "true"
        ],
        "User-Agent": [
          "Microsoft.Azure.Batch.Protocol.BatchRestClient/2.0.1.0",
          "AzBatch/2.0.1.0"
        ]
      },
      "ResponseBody": "",
      "ResponseHeaders": {
        "Content-Length": [
          "0"
        ],
        "Last-Modified": [
          "Fri, 21 Aug 2015 22:38:55 GMT"
        ],
        "request-id": [
          "5823ad95-4eed-4d02-bed6-b541e2188774"
        ],
        "Strict-Transport-Security": [
          "max-age=31536000; includeSubDomains"
        ],
        "client-request-id": [
          "254be1de-c665-410d-aaa0-6c44ff0403b2"
        ],
        "DataServiceVersion": [
          "3.0"
        ],
        "DataServiceId": [
          "https://pstests.eastus.batch.azure.com/jobschedules/testDisableEnableJobSchedule"
        ],
        "Date": [
          "Fri, 21 Aug 2015 22:38:56 GMT"
        ],
        "ETag": [
          "0x8D2AA794C2847D4"
        ],
        "Server": [
          "Microsoft-HTTPAPI/2.0"
        ]
      },
      "StatusCode": 204
    },
    {
      "RequestUri": "/jobschedules/testDisableEnableJobSchedule?enable&api-version=2015-06-01.2.0&timeout=30",
      "EncodedRequestUri": "L2pvYnNjaGVkdWxlcy90ZXN0RGlzYWJsZUVuYWJsZUpvYlNjaGVkdWxlP2VuYWJsZSZhcGktdmVyc2lvbj0yMDE1LTA2LTAxLjIuMCZ0aW1lb3V0PTMw",
      "RequestMethod": "POST",
      "RequestBody": "",
      "RequestHeaders": {
        "client-request-id": [
          "254be1de-c665-410d-aaa0-6c44ff0403b2"
        ],
        "ocp-date": [
          "Fri, 21 Aug 2015 22:38:55 GMT"
        ],
        "return-client-request-id": [
          "true"
        ],
        "User-Agent": [
          "Microsoft.Azure.Batch.Protocol.BatchRestClient/2.0.1.0",
          "AzBatch/2.0.1.0"
        ]
      },
      "ResponseBody": "",
      "ResponseHeaders": {
        "Content-Length": [
          "0"
        ],
        "Last-Modified": [
          "Fri, 21 Aug 2015 22:38:55 GMT"
        ],
        "request-id": [
          "5823ad95-4eed-4d02-bed6-b541e2188774"
        ],
        "Strict-Transport-Security": [
          "max-age=31536000; includeSubDomains"
        ],
        "client-request-id": [
          "254be1de-c665-410d-aaa0-6c44ff0403b2"
        ],
        "DataServiceVersion": [
          "3.0"
        ],
        "DataServiceId": [
          "https://pstests.eastus.batch.azure.com/jobschedules/testDisableEnableJobSchedule"
        ],
        "Date": [
          "Fri, 21 Aug 2015 22:38:56 GMT"
        ],
        "ETag": [
          "0x8D2AA794C2847D4"
        ],
        "Server": [
          "Microsoft-HTTPAPI/2.0"
        ]
      },
      "StatusCode": 204
    },
    {
      "RequestUri": "/jobschedules/testDisableEnableJobSchedule?enable&api-version=2015-06-01.2.0&timeout=30",
      "EncodedRequestUri": "L2pvYnNjaGVkdWxlcy90ZXN0RGlzYWJsZUVuYWJsZUpvYlNjaGVkdWxlP2VuYWJsZSZhcGktdmVyc2lvbj0yMDE1LTA2LTAxLjIuMCZ0aW1lb3V0PTMw",
      "RequestMethod": "POST",
      "RequestBody": "",
      "RequestHeaders": {
        "client-request-id": [
          "254be1de-c665-410d-aaa0-6c44ff0403b2"
        ],
        "ocp-date": [
          "Fri, 21 Aug 2015 22:38:55 GMT"
        ],
        "return-client-request-id": [
          "true"
        ],
        "User-Agent": [
          "Microsoft.Azure.Batch.Protocol.BatchRestClient/2.0.1.0",
          "AzBatch/2.0.1.0"
        ]
      },
      "ResponseBody": "",
      "ResponseHeaders": {
        "Content-Length": [
          "0"
        ],
        "Last-Modified": [
          "Fri, 21 Aug 2015 22:38:55 GMT"
        ],
        "request-id": [
          "5823ad95-4eed-4d02-bed6-b541e2188774"
        ],
        "Strict-Transport-Security": [
          "max-age=31536000; includeSubDomains"
        ],
        "client-request-id": [
          "254be1de-c665-410d-aaa0-6c44ff0403b2"
        ],
        "DataServiceVersion": [
          "3.0"
        ],
        "DataServiceId": [
          "https://pstests.eastus.batch.azure.com/jobschedules/testDisableEnableJobSchedule"
        ],
        "Date": [
          "Fri, 21 Aug 2015 22:38:56 GMT"
        ],
        "ETag": [
          "0x8D2AA794C2847D4"
        ],
        "Server": [
          "Microsoft-HTTPAPI/2.0"
        ]
      },
      "StatusCode": 204
    },
    {
      "RequestUri": "/jobschedules/testDisableEnableJobSchedule?enable&api-version=2015-06-01.2.0&timeout=30",
      "EncodedRequestUri": "L2pvYnNjaGVkdWxlcy90ZXN0RGlzYWJsZUVuYWJsZUpvYlNjaGVkdWxlP2VuYWJsZSZhcGktdmVyc2lvbj0yMDE1LTA2LTAxLjIuMCZ0aW1lb3V0PTMw",
      "RequestMethod": "POST",
      "RequestBody": "",
      "RequestHeaders": {
        "client-request-id": [
          "254be1de-c665-410d-aaa0-6c44ff0403b2"
        ],
        "ocp-date": [
          "Fri, 21 Aug 2015 22:38:55 GMT"
        ],
        "return-client-request-id": [
          "true"
        ],
        "User-Agent": [
          "Microsoft.Azure.Batch.Protocol.BatchRestClient/2.0.1.0",
          "AzBatch/2.0.1.0"
        ]
      },
      "ResponseBody": "",
      "ResponseHeaders": {
        "Content-Length": [
          "0"
        ],
        "Last-Modified": [
          "Fri, 21 Aug 2015 22:38:55 GMT"
        ],
        "request-id": [
          "5823ad95-4eed-4d02-bed6-b541e2188774"
        ],
        "Strict-Transport-Security": [
          "max-age=31536000; includeSubDomains"
        ],
        "client-request-id": [
          "254be1de-c665-410d-aaa0-6c44ff0403b2"
        ],
        "DataServiceVersion": [
          "3.0"
        ],
        "DataServiceId": [
          "https://pstests.eastus.batch.azure.com/jobschedules/testDisableEnableJobSchedule"
        ],
        "Date": [
          "Fri, 21 Aug 2015 22:38:56 GMT"
        ],
        "ETag": [
          "0x8D2AA794C2847D4"
        ],
        "Server": [
          "Microsoft-HTTPAPI/2.0"
        ]
      },
      "StatusCode": 204
    },
    {
      "RequestUri": "/jobschedules/testDisableEnableJobSchedule?enable&api-version=2015-06-01.2.0&timeout=30",
      "EncodedRequestUri": "L2pvYnNjaGVkdWxlcy90ZXN0RGlzYWJsZUVuYWJsZUpvYlNjaGVkdWxlP2VuYWJsZSZhcGktdmVyc2lvbj0yMDE1LTA2LTAxLjIuMCZ0aW1lb3V0PTMw",
      "RequestMethod": "POST",
      "RequestBody": "",
      "RequestHeaders": {
        "client-request-id": [
          "254be1de-c665-410d-aaa0-6c44ff0403b2"
        ],
        "ocp-date": [
          "Fri, 21 Aug 2015 22:38:55 GMT"
        ],
        "return-client-request-id": [
          "true"
        ],
        "User-Agent": [
          "Microsoft.Azure.Batch.Protocol.BatchRestClient/2.0.1.0",
          "AzBatch/2.0.1.0"
        ]
      },
      "ResponseBody": "",
      "ResponseHeaders": {
        "Content-Length": [
          "0"
        ],
        "Last-Modified": [
          "Fri, 21 Aug 2015 22:38:55 GMT"
        ],
        "request-id": [
          "5823ad95-4eed-4d02-bed6-b541e2188774"
        ],
        "Strict-Transport-Security": [
          "max-age=31536000; includeSubDomains"
        ],
        "client-request-id": [
          "254be1de-c665-410d-aaa0-6c44ff0403b2"
        ],
        "DataServiceVersion": [
          "3.0"
        ],
        "DataServiceId": [
          "https://pstests.eastus.batch.azure.com/jobschedules/testDisableEnableJobSchedule"
        ],
        "Date": [
          "Fri, 21 Aug 2015 22:38:56 GMT"
        ],
        "ETag": [
          "0x8D2AA794C2847D4"
        ],
        "Server": [
          "Microsoft-HTTPAPI/2.0"
        ]
      },
      "StatusCode": 204
    },
    {
      "RequestUri": "/jobschedules/testDisableEnableJobSchedule?enable&api-version=2015-06-01.2.0&timeout=30",
      "EncodedRequestUri": "L2pvYnNjaGVkdWxlcy90ZXN0RGlzYWJsZUVuYWJsZUpvYlNjaGVkdWxlP2VuYWJsZSZhcGktdmVyc2lvbj0yMDE1LTA2LTAxLjIuMCZ0aW1lb3V0PTMw",
      "RequestMethod": "POST",
      "RequestBody": "",
      "RequestHeaders": {
        "client-request-id": [
          "254be1de-c665-410d-aaa0-6c44ff0403b2"
        ],
        "ocp-date": [
          "Fri, 21 Aug 2015 22:38:55 GMT"
        ],
        "return-client-request-id": [
          "true"
        ],
        "User-Agent": [
          "Microsoft.Azure.Batch.Protocol.BatchRestClient/2.0.1.0",
          "AzBatch/2.0.1.0"
        ]
      },
      "ResponseBody": "",
      "ResponseHeaders": {
        "Content-Length": [
          "0"
        ],
        "Last-Modified": [
          "Fri, 21 Aug 2015 22:38:55 GMT"
        ],
        "request-id": [
          "5823ad95-4eed-4d02-bed6-b541e2188774"
        ],
        "Strict-Transport-Security": [
          "max-age=31536000; includeSubDomains"
        ],
        "client-request-id": [
          "254be1de-c665-410d-aaa0-6c44ff0403b2"
        ],
        "DataServiceVersion": [
          "3.0"
        ],
        "DataServiceId": [
          "https://pstests.eastus.batch.azure.com/jobschedules/testDisableEnableJobSchedule"
        ],
        "Date": [
          "Fri, 21 Aug 2015 22:38:56 GMT"
        ],
        "ETag": [
          "0x8D2AA794C2847D4"
        ],
        "Server": [
          "Microsoft-HTTPAPI/2.0"
        ]
      },
      "StatusCode": 204
    },
    {
      "RequestUri": "/jobschedules/testDisableEnableJobSchedule?enable&api-version=2015-06-01.2.0&timeout=30",
      "EncodedRequestUri": "L2pvYnNjaGVkdWxlcy90ZXN0RGlzYWJsZUVuYWJsZUpvYlNjaGVkdWxlP2VuYWJsZSZhcGktdmVyc2lvbj0yMDE1LTA2LTAxLjIuMCZ0aW1lb3V0PTMw",
      "RequestMethod": "POST",
      "RequestBody": "",
      "RequestHeaders": {
        "client-request-id": [
          "254be1de-c665-410d-aaa0-6c44ff0403b2"
        ],
        "ocp-date": [
          "Fri, 21 Aug 2015 22:38:55 GMT"
        ],
        "return-client-request-id": [
          "true"
        ],
        "User-Agent": [
          "Microsoft.Azure.Batch.Protocol.BatchRestClient/2.0.1.0",
          "AzBatch/2.0.1.0"
        ]
      },
      "ResponseBody": "",
      "ResponseHeaders": {
        "Content-Length": [
          "0"
        ],
        "Last-Modified": [
          "Fri, 21 Aug 2015 22:38:55 GMT"
        ],
        "request-id": [
          "5823ad95-4eed-4d02-bed6-b541e2188774"
        ],
        "Strict-Transport-Security": [
          "max-age=31536000; includeSubDomains"
        ],
        "client-request-id": [
          "254be1de-c665-410d-aaa0-6c44ff0403b2"
        ],
        "DataServiceVersion": [
          "3.0"
        ],
        "DataServiceId": [
          "https://pstests.eastus.batch.azure.com/jobschedules/testDisableEnableJobSchedule"
        ],
        "Date": [
          "Fri, 21 Aug 2015 22:38:56 GMT"
        ],
        "ETag": [
          "0x8D2AA794C2847D4"
        ],
        "Server": [
          "Microsoft-HTTPAPI/2.0"
        ]
      },
      "StatusCode": 204
    },
    {
      "RequestUri": "/jobschedules?$filter=id%20eq%20'testDisableEnableJobSchedule'&api-version=2015-06-01.2.0&timeout=30",
      "EncodedRequestUri": "L2pvYnNjaGVkdWxlcz8kZmlsdGVyPWlkJTIwZXElMjAlMjd0ZXN0RGlzYWJsZUVuYWJsZUpvYlNjaGVkdWxlJTI3JmFwaS12ZXJzaW9uPTIwMTUtMDYtMDEuMi4wJnRpbWVvdXQ9MzA=",
      "RequestMethod": "GET",
      "RequestBody": "",
      "RequestHeaders": {
        "client-request-id": [
          "58326e79-4a10-4756-a9dc-43cbfd8ecd31"
        ],
        "ocp-date": [
          "Fri, 21 Aug 2015 22:38:55 GMT"
        ],
        "return-client-request-id": [
          "true"
        ],
        "User-Agent": [
          "Microsoft.Azure.Batch.Protocol.BatchRestClient/2.0.1.0",
          "AzBatch/2.0.1.0"
        ]
      },
      "ResponseBody": "{\r\n  \"odata.metadata\": \"https://pstests.eastus.batch.azure.com/$metadata#jobschedules\",\r\n  \"value\": [\r\n    {\r\n      \"id\": \"testDisableEnableJobSchedule\",\r\n      \"url\": \"https://pstests.eastus.batch.azure.com/jobschedules/testDisableEnableJobSchedule\",\r\n      \"eTag\": \"0x8D2AA794BBDCD68\",\r\n      \"lastModified\": \"2015-08-21T22:38:55.1156072Z\",\r\n      \"creationTime\": \"2015-08-21T22:38:53.0550514Z\",\r\n      \"state\": \"active\",\r\n      \"stateTransitionTime\": \"2015-08-21T22:38:55.1156072Z\",\r\n      \"previousState\": \"disabled\",\r\n      \"previousStateTransitionTime\": \"2015-08-21T22:38:54.8776853Z\",\r\n      \"jobSpecification\": {\r\n        \"priority\": 0,\r\n        \"constraints\": {\r\n          \"maxWallClockTime\": \"P10675199DT2H48M5.4775807S\",\r\n          \"maxTaskRetryCount\": 0\r\n        },\r\n        \"poolInfo\": {\r\n          \"poolId\": \"testPool\"\r\n        }\r\n      },\r\n      \"executionInfo\": {\r\n        \"recentJob\": {\r\n          \"url\": \"https://pstests.eastus.batch.azure.com/jobs/testDisableEnableJobSchedule:job-1\",\r\n          \"id\": \"testDisableEnableJobSchedule:job-1\"\r\n        }\r\n      }\r\n    }\r\n  ]\r\n}",
      "ResponseHeaders": {
        "Content-Type": [
          "application/json; odata=minimalmetadata"
        ],
        "Transfer-Encoding": [
          "chunked"
        ],
        "request-id": [
          "6aa114c3-8bfa-42b0-9e5c-4eda53baab9d"
        ],
        "Strict-Transport-Security": [
          "max-age=31536000; includeSubDomains"
        ],
        "client-request-id": [
          "58326e79-4a10-4756-a9dc-43cbfd8ecd31"
        ],
        "DataServiceVersion": [
          "3.0"
        ],
        "Date": [
          "Fri, 21 Aug 2015 22:38:55 GMT"
        ],
        "Server": [
          "Microsoft-HTTPAPI/2.0"
        ]
      },
      "StatusCode": 200
    },
    {
      "RequestUri": "/jobschedules?$filter=id%20eq%20'testDisableEnableJobSchedule'&api-version=2015-06-01.2.0&timeout=30",
      "EncodedRequestUri": "L2pvYnNjaGVkdWxlcz8kZmlsdGVyPWlkJTIwZXElMjAlMjd0ZXN0RGlzYWJsZUVuYWJsZUpvYlNjaGVkdWxlJTI3JmFwaS12ZXJzaW9uPTIwMTUtMDYtMDEuMi4wJnRpbWVvdXQ9MzA=",
      "RequestMethod": "GET",
      "RequestBody": "",
      "RequestHeaders": {
        "client-request-id": [
          "58326e79-4a10-4756-a9dc-43cbfd8ecd31"
        ],
        "ocp-date": [
          "Fri, 21 Aug 2015 22:38:55 GMT"
        ],
        "return-client-request-id": [
          "true"
        ],
        "User-Agent": [
          "Microsoft.Azure.Batch.Protocol.BatchRestClient/2.0.1.0",
          "AzBatch/2.0.1.0"
        ]
      },
      "ResponseBody": "{\r\n  \"odata.metadata\": \"https://pstests.eastus.batch.azure.com/$metadata#jobschedules\",\r\n  \"value\": [\r\n    {\r\n      \"id\": \"testDisableEnableJobSchedule\",\r\n      \"url\": \"https://pstests.eastus.batch.azure.com/jobschedules/testDisableEnableJobSchedule\",\r\n      \"eTag\": \"0x8D2AA794BBDCD68\",\r\n      \"lastModified\": \"2015-08-21T22:38:55.1156072Z\",\r\n      \"creationTime\": \"2015-08-21T22:38:53.0550514Z\",\r\n      \"state\": \"active\",\r\n      \"stateTransitionTime\": \"2015-08-21T22:38:55.1156072Z\",\r\n      \"previousState\": \"disabled\",\r\n      \"previousStateTransitionTime\": \"2015-08-21T22:38:54.8776853Z\",\r\n      \"jobSpecification\": {\r\n        \"priority\": 0,\r\n        \"constraints\": {\r\n          \"maxWallClockTime\": \"P10675199DT2H48M5.4775807S\",\r\n          \"maxTaskRetryCount\": 0\r\n        },\r\n        \"poolInfo\": {\r\n          \"poolId\": \"testPool\"\r\n        }\r\n      },\r\n      \"executionInfo\": {\r\n        \"recentJob\": {\r\n          \"url\": \"https://pstests.eastus.batch.azure.com/jobs/testDisableEnableJobSchedule:job-1\",\r\n          \"id\": \"testDisableEnableJobSchedule:job-1\"\r\n        }\r\n      }\r\n    }\r\n  ]\r\n}",
      "ResponseHeaders": {
        "Content-Type": [
          "application/json; odata=minimalmetadata"
        ],
        "Transfer-Encoding": [
          "chunked"
        ],
        "request-id": [
          "6aa114c3-8bfa-42b0-9e5c-4eda53baab9d"
        ],
        "Strict-Transport-Security": [
          "max-age=31536000; includeSubDomains"
        ],
        "client-request-id": [
          "58326e79-4a10-4756-a9dc-43cbfd8ecd31"
        ],
        "DataServiceVersion": [
          "3.0"
        ],
        "Date": [
          "Fri, 21 Aug 2015 22:38:55 GMT"
        ],
        "Server": [
          "Microsoft-HTTPAPI/2.0"
        ]
      },
      "StatusCode": 200
    },
    {
      "RequestUri": "/jobschedules?$filter=id%20eq%20'testDisableEnableJobSchedule'&api-version=2015-06-01.2.0&timeout=30",
      "EncodedRequestUri": "L2pvYnNjaGVkdWxlcz8kZmlsdGVyPWlkJTIwZXElMjAlMjd0ZXN0RGlzYWJsZUVuYWJsZUpvYlNjaGVkdWxlJTI3JmFwaS12ZXJzaW9uPTIwMTUtMDYtMDEuMi4wJnRpbWVvdXQ9MzA=",
      "RequestMethod": "GET",
      "RequestBody": "",
      "RequestHeaders": {
        "client-request-id": [
          "58326e79-4a10-4756-a9dc-43cbfd8ecd31"
        ],
        "ocp-date": [
          "Fri, 21 Aug 2015 22:38:55 GMT"
        ],
        "return-client-request-id": [
          "true"
        ],
        "User-Agent": [
          "Microsoft.Azure.Batch.Protocol.BatchRestClient/2.0.1.0",
          "AzBatch/2.0.1.0"
        ]
      },
      "ResponseBody": "{\r\n  \"odata.metadata\": \"https://pstests.eastus.batch.azure.com/$metadata#jobschedules\",\r\n  \"value\": [\r\n    {\r\n      \"id\": \"testDisableEnableJobSchedule\",\r\n      \"url\": \"https://pstests.eastus.batch.azure.com/jobschedules/testDisableEnableJobSchedule\",\r\n      \"eTag\": \"0x8D2AA794BBDCD68\",\r\n      \"lastModified\": \"2015-08-21T22:38:55.1156072Z\",\r\n      \"creationTime\": \"2015-08-21T22:38:53.0550514Z\",\r\n      \"state\": \"active\",\r\n      \"stateTransitionTime\": \"2015-08-21T22:38:55.1156072Z\",\r\n      \"previousState\": \"disabled\",\r\n      \"previousStateTransitionTime\": \"2015-08-21T22:38:54.8776853Z\",\r\n      \"jobSpecification\": {\r\n        \"priority\": 0,\r\n        \"constraints\": {\r\n          \"maxWallClockTime\": \"P10675199DT2H48M5.4775807S\",\r\n          \"maxTaskRetryCount\": 0\r\n        },\r\n        \"poolInfo\": {\r\n          \"poolId\": \"testPool\"\r\n        }\r\n      },\r\n      \"executionInfo\": {\r\n        \"recentJob\": {\r\n          \"url\": \"https://pstests.eastus.batch.azure.com/jobs/testDisableEnableJobSchedule:job-1\",\r\n          \"id\": \"testDisableEnableJobSchedule:job-1\"\r\n        }\r\n      }\r\n    }\r\n  ]\r\n}",
      "ResponseHeaders": {
        "Content-Type": [
          "application/json; odata=minimalmetadata"
        ],
        "Transfer-Encoding": [
          "chunked"
        ],
        "request-id": [
          "6aa114c3-8bfa-42b0-9e5c-4eda53baab9d"
        ],
        "Strict-Transport-Security": [
          "max-age=31536000; includeSubDomains"
        ],
        "client-request-id": [
          "58326e79-4a10-4756-a9dc-43cbfd8ecd31"
        ],
        "DataServiceVersion": [
          "3.0"
        ],
        "Date": [
          "Fri, 21 Aug 2015 22:38:55 GMT"
        ],
        "Server": [
          "Microsoft-HTTPAPI/2.0"
        ]
      },
      "StatusCode": 200
    },
    {
      "RequestUri": "/jobschedules?$filter=id%20eq%20'testDisableEnableJobSchedule'&api-version=2015-06-01.2.0&timeout=30",
      "EncodedRequestUri": "L2pvYnNjaGVkdWxlcz8kZmlsdGVyPWlkJTIwZXElMjAlMjd0ZXN0RGlzYWJsZUVuYWJsZUpvYlNjaGVkdWxlJTI3JmFwaS12ZXJzaW9uPTIwMTUtMDYtMDEuMi4wJnRpbWVvdXQ9MzA=",
      "RequestMethod": "GET",
      "RequestBody": "",
      "RequestHeaders": {
        "client-request-id": [
          "58326e79-4a10-4756-a9dc-43cbfd8ecd31"
        ],
        "ocp-date": [
          "Fri, 21 Aug 2015 22:38:55 GMT"
        ],
        "return-client-request-id": [
          "true"
        ],
        "User-Agent": [
          "Microsoft.Azure.Batch.Protocol.BatchRestClient/2.0.1.0",
          "AzBatch/2.0.1.0"
        ]
      },
      "ResponseBody": "{\r\n  \"odata.metadata\": \"https://pstests.eastus.batch.azure.com/$metadata#jobschedules\",\r\n  \"value\": [\r\n    {\r\n      \"id\": \"testDisableEnableJobSchedule\",\r\n      \"url\": \"https://pstests.eastus.batch.azure.com/jobschedules/testDisableEnableJobSchedule\",\r\n      \"eTag\": \"0x8D2AA794BBDCD68\",\r\n      \"lastModified\": \"2015-08-21T22:38:55.1156072Z\",\r\n      \"creationTime\": \"2015-08-21T22:38:53.0550514Z\",\r\n      \"state\": \"active\",\r\n      \"stateTransitionTime\": \"2015-08-21T22:38:55.1156072Z\",\r\n      \"previousState\": \"disabled\",\r\n      \"previousStateTransitionTime\": \"2015-08-21T22:38:54.8776853Z\",\r\n      \"jobSpecification\": {\r\n        \"priority\": 0,\r\n        \"constraints\": {\r\n          \"maxWallClockTime\": \"P10675199DT2H48M5.4775807S\",\r\n          \"maxTaskRetryCount\": 0\r\n        },\r\n        \"poolInfo\": {\r\n          \"poolId\": \"testPool\"\r\n        }\r\n      },\r\n      \"executionInfo\": {\r\n        \"recentJob\": {\r\n          \"url\": \"https://pstests.eastus.batch.azure.com/jobs/testDisableEnableJobSchedule:job-1\",\r\n          \"id\": \"testDisableEnableJobSchedule:job-1\"\r\n        }\r\n      }\r\n    }\r\n  ]\r\n}",
      "ResponseHeaders": {
        "Content-Type": [
          "application/json; odata=minimalmetadata"
        ],
        "Transfer-Encoding": [
          "chunked"
        ],
        "request-id": [
          "6aa114c3-8bfa-42b0-9e5c-4eda53baab9d"
        ],
        "Strict-Transport-Security": [
          "max-age=31536000; includeSubDomains"
        ],
        "client-request-id": [
          "58326e79-4a10-4756-a9dc-43cbfd8ecd31"
        ],
        "DataServiceVersion": [
          "3.0"
        ],
        "Date": [
          "Fri, 21 Aug 2015 22:38:55 GMT"
        ],
        "Server": [
          "Microsoft-HTTPAPI/2.0"
        ]
      },
      "StatusCode": 200
    },
    {
      "RequestUri": "/jobschedules?$filter=id%20eq%20'testDisableEnableJobSchedule'&api-version=2015-06-01.2.0&timeout=30",
      "EncodedRequestUri": "L2pvYnNjaGVkdWxlcz8kZmlsdGVyPWlkJTIwZXElMjAlMjd0ZXN0RGlzYWJsZUVuYWJsZUpvYlNjaGVkdWxlJTI3JmFwaS12ZXJzaW9uPTIwMTUtMDYtMDEuMi4wJnRpbWVvdXQ9MzA=",
      "RequestMethod": "GET",
      "RequestBody": "",
      "RequestHeaders": {
        "client-request-id": [
          "58326e79-4a10-4756-a9dc-43cbfd8ecd31"
        ],
        "ocp-date": [
          "Fri, 21 Aug 2015 22:38:55 GMT"
        ],
        "return-client-request-id": [
          "true"
        ],
        "User-Agent": [
          "Microsoft.Azure.Batch.Protocol.BatchRestClient/2.0.1.0",
          "AzBatch/2.0.1.0"
        ]
      },
      "ResponseBody": "{\r\n  \"odata.metadata\": \"https://pstests.eastus.batch.azure.com/$metadata#jobschedules\",\r\n  \"value\": [\r\n    {\r\n      \"id\": \"testDisableEnableJobSchedule\",\r\n      \"url\": \"https://pstests.eastus.batch.azure.com/jobschedules/testDisableEnableJobSchedule\",\r\n      \"eTag\": \"0x8D2AA794BBDCD68\",\r\n      \"lastModified\": \"2015-08-21T22:38:55.1156072Z\",\r\n      \"creationTime\": \"2015-08-21T22:38:53.0550514Z\",\r\n      \"state\": \"active\",\r\n      \"stateTransitionTime\": \"2015-08-21T22:38:55.1156072Z\",\r\n      \"previousState\": \"disabled\",\r\n      \"previousStateTransitionTime\": \"2015-08-21T22:38:54.8776853Z\",\r\n      \"jobSpecification\": {\r\n        \"priority\": 0,\r\n        \"constraints\": {\r\n          \"maxWallClockTime\": \"P10675199DT2H48M5.4775807S\",\r\n          \"maxTaskRetryCount\": 0\r\n        },\r\n        \"poolInfo\": {\r\n          \"poolId\": \"testPool\"\r\n        }\r\n      },\r\n      \"executionInfo\": {\r\n        \"recentJob\": {\r\n          \"url\": \"https://pstests.eastus.batch.azure.com/jobs/testDisableEnableJobSchedule:job-1\",\r\n          \"id\": \"testDisableEnableJobSchedule:job-1\"\r\n        }\r\n      }\r\n    }\r\n  ]\r\n}",
      "ResponseHeaders": {
        "Content-Type": [
          "application/json; odata=minimalmetadata"
        ],
        "Transfer-Encoding": [
          "chunked"
        ],
        "request-id": [
          "6aa114c3-8bfa-42b0-9e5c-4eda53baab9d"
        ],
        "Strict-Transport-Security": [
          "max-age=31536000; includeSubDomains"
        ],
        "client-request-id": [
          "58326e79-4a10-4756-a9dc-43cbfd8ecd31"
        ],
        "DataServiceVersion": [
          "3.0"
        ],
        "Date": [
          "Fri, 21 Aug 2015 22:38:55 GMT"
        ],
        "Server": [
          "Microsoft-HTTPAPI/2.0"
        ]
      },
      "StatusCode": 200
    },
    {
      "RequestUri": "/jobschedules?$filter=id%20eq%20'testDisableEnableJobSchedule'&api-version=2015-06-01.2.0&timeout=30",
      "EncodedRequestUri": "L2pvYnNjaGVkdWxlcz8kZmlsdGVyPWlkJTIwZXElMjAlMjd0ZXN0RGlzYWJsZUVuYWJsZUpvYlNjaGVkdWxlJTI3JmFwaS12ZXJzaW9uPTIwMTUtMDYtMDEuMi4wJnRpbWVvdXQ9MzA=",
      "RequestMethod": "GET",
      "RequestBody": "",
      "RequestHeaders": {
        "client-request-id": [
          "87fdae66-4cb9-4f8f-a156-f253165311ee"
        ],
        "ocp-date": [
          "Fri, 21 Aug 2015 22:38:55 GMT"
        ],
        "return-client-request-id": [
          "true"
        ],
        "User-Agent": [
          "Microsoft.Azure.Batch.Protocol.BatchRestClient/2.0.1.0",
          "AzBatch/2.0.1.0"
        ]
      },
      "ResponseBody": "{\r\n  \"odata.metadata\": \"https://pstests.eastus.batch.azure.com/$metadata#jobschedules\",\r\n  \"value\": [\r\n    {\r\n      \"id\": \"testDisableEnableJobSchedule\",\r\n      \"url\": \"https://pstests.eastus.batch.azure.com/jobschedules/testDisableEnableJobSchedule\",\r\n      \"eTag\": \"0x8D2AA794C2847D4\",\r\n      \"lastModified\": \"2015-08-21T22:38:55.8134228Z\",\r\n      \"creationTime\": \"2015-08-21T22:38:53.0550514Z\",\r\n      \"state\": \"active\",\r\n      \"stateTransitionTime\": \"2015-08-21T22:38:55.8134228Z\",\r\n      \"previousState\": \"disabled\",\r\n      \"previousStateTransitionTime\": \"2015-08-21T22:38:55.496816Z\",\r\n      \"jobSpecification\": {\r\n        \"priority\": 0,\r\n        \"constraints\": {\r\n          \"maxWallClockTime\": \"P10675199DT2H48M5.4775807S\",\r\n          \"maxTaskRetryCount\": 0\r\n        },\r\n        \"poolInfo\": {\r\n          \"poolId\": \"testPool\"\r\n        }\r\n      },\r\n      \"executionInfo\": {\r\n        \"recentJob\": {\r\n          \"url\": \"https://pstests.eastus.batch.azure.com/jobs/testDisableEnableJobSchedule:job-1\",\r\n          \"id\": \"testDisableEnableJobSchedule:job-1\"\r\n        }\r\n      }\r\n    }\r\n  ]\r\n}",
      "ResponseHeaders": {
        "Content-Type": [
          "application/json; odata=minimalmetadata"
        ],
        "Transfer-Encoding": [
          "chunked"
        ],
        "request-id": [
          "47a18fac-69d4-4a66-b0ef-0fa6d3233353"
        ],
        "Strict-Transport-Security": [
          "max-age=31536000; includeSubDomains"
        ],
        "client-request-id": [
          "87fdae66-4cb9-4f8f-a156-f253165311ee"
        ],
        "DataServiceVersion": [
          "3.0"
        ],
        "Date": [
          "Fri, 21 Aug 2015 22:38:56 GMT"
        ],
        "Server": [
          "Microsoft-HTTPAPI/2.0"
        ]
      },
      "StatusCode": 200
    },
    {
      "RequestUri": "/jobschedules?$filter=id%20eq%20'testDisableEnableJobSchedule'&api-version=2015-06-01.2.0&timeout=30",
      "EncodedRequestUri": "L2pvYnNjaGVkdWxlcz8kZmlsdGVyPWlkJTIwZXElMjAlMjd0ZXN0RGlzYWJsZUVuYWJsZUpvYlNjaGVkdWxlJTI3JmFwaS12ZXJzaW9uPTIwMTUtMDYtMDEuMi4wJnRpbWVvdXQ9MzA=",
      "RequestMethod": "GET",
      "RequestBody": "",
      "RequestHeaders": {
        "client-request-id": [
          "87fdae66-4cb9-4f8f-a156-f253165311ee"
        ],
        "ocp-date": [
          "Fri, 21 Aug 2015 22:38:55 GMT"
        ],
        "return-client-request-id": [
          "true"
        ],
        "User-Agent": [
          "Microsoft.Azure.Batch.Protocol.BatchRestClient/2.0.1.0",
          "AzBatch/2.0.1.0"
        ]
      },
      "ResponseBody": "{\r\n  \"odata.metadata\": \"https://pstests.eastus.batch.azure.com/$metadata#jobschedules\",\r\n  \"value\": [\r\n    {\r\n      \"id\": \"testDisableEnableJobSchedule\",\r\n      \"url\": \"https://pstests.eastus.batch.azure.com/jobschedules/testDisableEnableJobSchedule\",\r\n      \"eTag\": \"0x8D2AA794C2847D4\",\r\n      \"lastModified\": \"2015-08-21T22:38:55.8134228Z\",\r\n      \"creationTime\": \"2015-08-21T22:38:53.0550514Z\",\r\n      \"state\": \"active\",\r\n      \"stateTransitionTime\": \"2015-08-21T22:38:55.8134228Z\",\r\n      \"previousState\": \"disabled\",\r\n      \"previousStateTransitionTime\": \"2015-08-21T22:38:55.496816Z\",\r\n      \"jobSpecification\": {\r\n        \"priority\": 0,\r\n        \"constraints\": {\r\n          \"maxWallClockTime\": \"P10675199DT2H48M5.4775807S\",\r\n          \"maxTaskRetryCount\": 0\r\n        },\r\n        \"poolInfo\": {\r\n          \"poolId\": \"testPool\"\r\n        }\r\n      },\r\n      \"executionInfo\": {\r\n        \"recentJob\": {\r\n          \"url\": \"https://pstests.eastus.batch.azure.com/jobs/testDisableEnableJobSchedule:job-1\",\r\n          \"id\": \"testDisableEnableJobSchedule:job-1\"\r\n        }\r\n      }\r\n    }\r\n  ]\r\n}",
      "ResponseHeaders": {
        "Content-Type": [
          "application/json; odata=minimalmetadata"
        ],
        "Transfer-Encoding": [
          "chunked"
        ],
        "request-id": [
          "47a18fac-69d4-4a66-b0ef-0fa6d3233353"
        ],
        "Strict-Transport-Security": [
          "max-age=31536000; includeSubDomains"
        ],
        "client-request-id": [
          "87fdae66-4cb9-4f8f-a156-f253165311ee"
        ],
        "DataServiceVersion": [
          "3.0"
        ],
        "Date": [
          "Fri, 21 Aug 2015 22:38:56 GMT"
        ],
        "Server": [
          "Microsoft-HTTPAPI/2.0"
        ]
      },
      "StatusCode": 200
    },
    {
      "RequestUri": "/jobschedules?$filter=id%20eq%20'testDisableEnableJobSchedule'&api-version=2015-06-01.2.0&timeout=30",
      "EncodedRequestUri": "L2pvYnNjaGVkdWxlcz8kZmlsdGVyPWlkJTIwZXElMjAlMjd0ZXN0RGlzYWJsZUVuYWJsZUpvYlNjaGVkdWxlJTI3JmFwaS12ZXJzaW9uPTIwMTUtMDYtMDEuMi4wJnRpbWVvdXQ9MzA=",
      "RequestMethod": "GET",
      "RequestBody": "",
      "RequestHeaders": {
        "client-request-id": [
          "87fdae66-4cb9-4f8f-a156-f253165311ee"
        ],
        "ocp-date": [
          "Fri, 21 Aug 2015 22:38:55 GMT"
        ],
        "return-client-request-id": [
          "true"
        ],
        "User-Agent": [
          "Microsoft.Azure.Batch.Protocol.BatchRestClient/2.0.1.0",
          "AzBatch/2.0.1.0"
        ]
      },
      "ResponseBody": "{\r\n  \"odata.metadata\": \"https://pstests.eastus.batch.azure.com/$metadata#jobschedules\",\r\n  \"value\": [\r\n    {\r\n      \"id\": \"testDisableEnableJobSchedule\",\r\n      \"url\": \"https://pstests.eastus.batch.azure.com/jobschedules/testDisableEnableJobSchedule\",\r\n      \"eTag\": \"0x8D2AA794C2847D4\",\r\n      \"lastModified\": \"2015-08-21T22:38:55.8134228Z\",\r\n      \"creationTime\": \"2015-08-21T22:38:53.0550514Z\",\r\n      \"state\": \"active\",\r\n      \"stateTransitionTime\": \"2015-08-21T22:38:55.8134228Z\",\r\n      \"previousState\": \"disabled\",\r\n      \"previousStateTransitionTime\": \"2015-08-21T22:38:55.496816Z\",\r\n      \"jobSpecification\": {\r\n        \"priority\": 0,\r\n        \"constraints\": {\r\n          \"maxWallClockTime\": \"P10675199DT2H48M5.4775807S\",\r\n          \"maxTaskRetryCount\": 0\r\n        },\r\n        \"poolInfo\": {\r\n          \"poolId\": \"testPool\"\r\n        }\r\n      },\r\n      \"executionInfo\": {\r\n        \"recentJob\": {\r\n          \"url\": \"https://pstests.eastus.batch.azure.com/jobs/testDisableEnableJobSchedule:job-1\",\r\n          \"id\": \"testDisableEnableJobSchedule:job-1\"\r\n        }\r\n      }\r\n    }\r\n  ]\r\n}",
      "ResponseHeaders": {
        "Content-Type": [
          "application/json; odata=minimalmetadata"
        ],
        "Transfer-Encoding": [
          "chunked"
        ],
        "request-id": [
          "47a18fac-69d4-4a66-b0ef-0fa6d3233353"
        ],
        "Strict-Transport-Security": [
          "max-age=31536000; includeSubDomains"
        ],
        "client-request-id": [
          "87fdae66-4cb9-4f8f-a156-f253165311ee"
        ],
        "DataServiceVersion": [
          "3.0"
        ],
        "Date": [
          "Fri, 21 Aug 2015 22:38:56 GMT"
        ],
        "Server": [
          "Microsoft-HTTPAPI/2.0"
        ]
      },
      "StatusCode": 200
    },
    {
      "RequestUri": "/jobschedules?$filter=id%20eq%20'testDisableEnableJobSchedule'&api-version=2015-06-01.2.0&timeout=30",
      "EncodedRequestUri": "L2pvYnNjaGVkdWxlcz8kZmlsdGVyPWlkJTIwZXElMjAlMjd0ZXN0RGlzYWJsZUVuYWJsZUpvYlNjaGVkdWxlJTI3JmFwaS12ZXJzaW9uPTIwMTUtMDYtMDEuMi4wJnRpbWVvdXQ9MzA=",
      "RequestMethod": "GET",
      "RequestBody": "",
      "RequestHeaders": {
        "client-request-id": [
          "87fdae66-4cb9-4f8f-a156-f253165311ee"
        ],
        "ocp-date": [
          "Fri, 21 Aug 2015 22:38:55 GMT"
        ],
        "return-client-request-id": [
          "true"
        ],
        "User-Agent": [
          "Microsoft.Azure.Batch.Protocol.BatchRestClient/2.0.1.0",
          "AzBatch/2.0.1.0"
        ]
      },
      "ResponseBody": "{\r\n  \"odata.metadata\": \"https://pstests.eastus.batch.azure.com/$metadata#jobschedules\",\r\n  \"value\": [\r\n    {\r\n      \"id\": \"testDisableEnableJobSchedule\",\r\n      \"url\": \"https://pstests.eastus.batch.azure.com/jobschedules/testDisableEnableJobSchedule\",\r\n      \"eTag\": \"0x8D2AA794C2847D4\",\r\n      \"lastModified\": \"2015-08-21T22:38:55.8134228Z\",\r\n      \"creationTime\": \"2015-08-21T22:38:53.0550514Z\",\r\n      \"state\": \"active\",\r\n      \"stateTransitionTime\": \"2015-08-21T22:38:55.8134228Z\",\r\n      \"previousState\": \"disabled\",\r\n      \"previousStateTransitionTime\": \"2015-08-21T22:38:55.496816Z\",\r\n      \"jobSpecification\": {\r\n        \"priority\": 0,\r\n        \"constraints\": {\r\n          \"maxWallClockTime\": \"P10675199DT2H48M5.4775807S\",\r\n          \"maxTaskRetryCount\": 0\r\n        },\r\n        \"poolInfo\": {\r\n          \"poolId\": \"testPool\"\r\n        }\r\n      },\r\n      \"executionInfo\": {\r\n        \"recentJob\": {\r\n          \"url\": \"https://pstests.eastus.batch.azure.com/jobs/testDisableEnableJobSchedule:job-1\",\r\n          \"id\": \"testDisableEnableJobSchedule:job-1\"\r\n        }\r\n      }\r\n    }\r\n  ]\r\n}",
      "ResponseHeaders": {
        "Content-Type": [
          "application/json; odata=minimalmetadata"
        ],
        "Transfer-Encoding": [
          "chunked"
        ],
        "request-id": [
          "47a18fac-69d4-4a66-b0ef-0fa6d3233353"
        ],
        "Strict-Transport-Security": [
          "max-age=31536000; includeSubDomains"
        ],
        "client-request-id": [
          "87fdae66-4cb9-4f8f-a156-f253165311ee"
        ],
        "DataServiceVersion": [
          "3.0"
        ],
        "Date": [
          "Fri, 21 Aug 2015 22:38:56 GMT"
        ],
        "Server": [
          "Microsoft-HTTPAPI/2.0"
        ]
      },
      "StatusCode": 200
    },
    {
      "RequestUri": "/jobschedules?$filter=id%20eq%20'testDisableEnableJobSchedule'&api-version=2015-06-01.2.0&timeout=30",
      "EncodedRequestUri": "L2pvYnNjaGVkdWxlcz8kZmlsdGVyPWlkJTIwZXElMjAlMjd0ZXN0RGlzYWJsZUVuYWJsZUpvYlNjaGVkdWxlJTI3JmFwaS12ZXJzaW9uPTIwMTUtMDYtMDEuMi4wJnRpbWVvdXQ9MzA=",
      "RequestMethod": "GET",
      "RequestBody": "",
      "RequestHeaders": {
        "client-request-id": [
          "87fdae66-4cb9-4f8f-a156-f253165311ee"
        ],
        "ocp-date": [
          "Fri, 21 Aug 2015 22:38:55 GMT"
        ],
        "return-client-request-id": [
          "true"
        ],
        "User-Agent": [
          "Microsoft.Azure.Batch.Protocol.BatchRestClient/2.0.1.0",
          "AzBatch/2.0.1.0"
        ]
      },
      "ResponseBody": "{\r\n  \"odata.metadata\": \"https://pstests.eastus.batch.azure.com/$metadata#jobschedules\",\r\n  \"value\": [\r\n    {\r\n      \"id\": \"testDisableEnableJobSchedule\",\r\n      \"url\": \"https://pstests.eastus.batch.azure.com/jobschedules/testDisableEnableJobSchedule\",\r\n      \"eTag\": \"0x8D2AA794C2847D4\",\r\n      \"lastModified\": \"2015-08-21T22:38:55.8134228Z\",\r\n      \"creationTime\": \"2015-08-21T22:38:53.0550514Z\",\r\n      \"state\": \"active\",\r\n      \"stateTransitionTime\": \"2015-08-21T22:38:55.8134228Z\",\r\n      \"previousState\": \"disabled\",\r\n      \"previousStateTransitionTime\": \"2015-08-21T22:38:55.496816Z\",\r\n      \"jobSpecification\": {\r\n        \"priority\": 0,\r\n        \"constraints\": {\r\n          \"maxWallClockTime\": \"P10675199DT2H48M5.4775807S\",\r\n          \"maxTaskRetryCount\": 0\r\n        },\r\n        \"poolInfo\": {\r\n          \"poolId\": \"testPool\"\r\n        }\r\n      },\r\n      \"executionInfo\": {\r\n        \"recentJob\": {\r\n          \"url\": \"https://pstests.eastus.batch.azure.com/jobs/testDisableEnableJobSchedule:job-1\",\r\n          \"id\": \"testDisableEnableJobSchedule:job-1\"\r\n        }\r\n      }\r\n    }\r\n  ]\r\n}",
      "ResponseHeaders": {
        "Content-Type": [
          "application/json; odata=minimalmetadata"
        ],
        "Transfer-Encoding": [
          "chunked"
        ],
        "request-id": [
          "47a18fac-69d4-4a66-b0ef-0fa6d3233353"
        ],
        "Strict-Transport-Security": [
          "max-age=31536000; includeSubDomains"
        ],
        "client-request-id": [
          "87fdae66-4cb9-4f8f-a156-f253165311ee"
        ],
        "DataServiceVersion": [
          "3.0"
        ],
        "Date": [
          "Fri, 21 Aug 2015 22:38:56 GMT"
        ],
        "Server": [
          "Microsoft-HTTPAPI/2.0"
        ]
      },
      "StatusCode": 200
    },
    {
      "RequestUri": "/jobschedules?$filter=id%20eq%20'testDisableEnableJobSchedule'&api-version=2015-06-01.2.0&timeout=30",
      "EncodedRequestUri": "L2pvYnNjaGVkdWxlcz8kZmlsdGVyPWlkJTIwZXElMjAlMjd0ZXN0RGlzYWJsZUVuYWJsZUpvYlNjaGVkdWxlJTI3JmFwaS12ZXJzaW9uPTIwMTUtMDYtMDEuMi4wJnRpbWVvdXQ9MzA=",
      "RequestMethod": "GET",
      "RequestBody": "",
      "RequestHeaders": {
        "client-request-id": [
          "87fdae66-4cb9-4f8f-a156-f253165311ee"
        ],
        "ocp-date": [
          "Fri, 21 Aug 2015 22:38:55 GMT"
        ],
        "return-client-request-id": [
          "true"
        ],
        "User-Agent": [
          "Microsoft.Azure.Batch.Protocol.BatchRestClient/2.0.1.0",
          "AzBatch/2.0.1.0"
        ]
      },
      "ResponseBody": "{\r\n  \"odata.metadata\": \"https://pstests.eastus.batch.azure.com/$metadata#jobschedules\",\r\n  \"value\": [\r\n    {\r\n      \"id\": \"testDisableEnableJobSchedule\",\r\n      \"url\": \"https://pstests.eastus.batch.azure.com/jobschedules/testDisableEnableJobSchedule\",\r\n      \"eTag\": \"0x8D2AA794C2847D4\",\r\n      \"lastModified\": \"2015-08-21T22:38:55.8134228Z\",\r\n      \"creationTime\": \"2015-08-21T22:38:53.0550514Z\",\r\n      \"state\": \"active\",\r\n      \"stateTransitionTime\": \"2015-08-21T22:38:55.8134228Z\",\r\n      \"previousState\": \"disabled\",\r\n      \"previousStateTransitionTime\": \"2015-08-21T22:38:55.496816Z\",\r\n      \"jobSpecification\": {\r\n        \"priority\": 0,\r\n        \"constraints\": {\r\n          \"maxWallClockTime\": \"P10675199DT2H48M5.4775807S\",\r\n          \"maxTaskRetryCount\": 0\r\n        },\r\n        \"poolInfo\": {\r\n          \"poolId\": \"testPool\"\r\n        }\r\n      },\r\n      \"executionInfo\": {\r\n        \"recentJob\": {\r\n          \"url\": \"https://pstests.eastus.batch.azure.com/jobs/testDisableEnableJobSchedule:job-1\",\r\n          \"id\": \"testDisableEnableJobSchedule:job-1\"\r\n        }\r\n      }\r\n    }\r\n  ]\r\n}",
      "ResponseHeaders": {
        "Content-Type": [
          "application/json; odata=minimalmetadata"
        ],
        "Transfer-Encoding": [
          "chunked"
        ],
        "request-id": [
          "47a18fac-69d4-4a66-b0ef-0fa6d3233353"
        ],
        "Strict-Transport-Security": [
          "max-age=31536000; includeSubDomains"
        ],
        "client-request-id": [
          "87fdae66-4cb9-4f8f-a156-f253165311ee"
        ],
        "DataServiceVersion": [
          "3.0"
        ],
        "Date": [
          "Fri, 21 Aug 2015 22:38:56 GMT"
        ],
        "Server": [
          "Microsoft-HTTPAPI/2.0"
        ]
      },
      "StatusCode": 200
    },
    {
      "RequestUri": "/jobschedules?$filter=id%20eq%20'testDisableEnableJobSchedule'&api-version=2015-06-01.2.0&timeout=30",
      "EncodedRequestUri": "L2pvYnNjaGVkdWxlcz8kZmlsdGVyPWlkJTIwZXElMjAlMjd0ZXN0RGlzYWJsZUVuYWJsZUpvYlNjaGVkdWxlJTI3JmFwaS12ZXJzaW9uPTIwMTUtMDYtMDEuMi4wJnRpbWVvdXQ9MzA=",
      "RequestMethod": "GET",
      "RequestBody": "",
      "RequestHeaders": {
        "client-request-id": [
          "87fdae66-4cb9-4f8f-a156-f253165311ee"
        ],
        "ocp-date": [
          "Fri, 21 Aug 2015 22:38:55 GMT"
        ],
        "return-client-request-id": [
          "true"
        ],
        "User-Agent": [
          "Microsoft.Azure.Batch.Protocol.BatchRestClient/2.0.1.0",
          "AzBatch/2.0.1.0"
        ]
      },
      "ResponseBody": "{\r\n  \"odata.metadata\": \"https://pstests.eastus.batch.azure.com/$metadata#jobschedules\",\r\n  \"value\": [\r\n    {\r\n      \"id\": \"testDisableEnableJobSchedule\",\r\n      \"url\": \"https://pstests.eastus.batch.azure.com/jobschedules/testDisableEnableJobSchedule\",\r\n      \"eTag\": \"0x8D2AA794C2847D4\",\r\n      \"lastModified\": \"2015-08-21T22:38:55.8134228Z\",\r\n      \"creationTime\": \"2015-08-21T22:38:53.0550514Z\",\r\n      \"state\": \"active\",\r\n      \"stateTransitionTime\": \"2015-08-21T22:38:55.8134228Z\",\r\n      \"previousState\": \"disabled\",\r\n      \"previousStateTransitionTime\": \"2015-08-21T22:38:55.496816Z\",\r\n      \"jobSpecification\": {\r\n        \"priority\": 0,\r\n        \"constraints\": {\r\n          \"maxWallClockTime\": \"P10675199DT2H48M5.4775807S\",\r\n          \"maxTaskRetryCount\": 0\r\n        },\r\n        \"poolInfo\": {\r\n          \"poolId\": \"testPool\"\r\n        }\r\n      },\r\n      \"executionInfo\": {\r\n        \"recentJob\": {\r\n          \"url\": \"https://pstests.eastus.batch.azure.com/jobs/testDisableEnableJobSchedule:job-1\",\r\n          \"id\": \"testDisableEnableJobSchedule:job-1\"\r\n        }\r\n      }\r\n    }\r\n  ]\r\n}",
      "ResponseHeaders": {
        "Content-Type": [
          "application/json; odata=minimalmetadata"
        ],
        "Transfer-Encoding": [
          "chunked"
        ],
        "request-id": [
          "47a18fac-69d4-4a66-b0ef-0fa6d3233353"
        ],
        "Strict-Transport-Security": [
          "max-age=31536000; includeSubDomains"
        ],
        "client-request-id": [
          "87fdae66-4cb9-4f8f-a156-f253165311ee"
        ],
        "DataServiceVersion": [
          "3.0"
        ],
        "Date": [
          "Fri, 21 Aug 2015 22:38:56 GMT"
        ],
        "Server": [
          "Microsoft-HTTPAPI/2.0"
        ]
      },
      "StatusCode": 200
    },
    {
      "RequestUri": "/jobschedules?$filter=id%20eq%20'testDisableEnableJobSchedule'&api-version=2015-06-01.2.0&timeout=30",
      "EncodedRequestUri": "L2pvYnNjaGVkdWxlcz8kZmlsdGVyPWlkJTIwZXElMjAlMjd0ZXN0RGlzYWJsZUVuYWJsZUpvYlNjaGVkdWxlJTI3JmFwaS12ZXJzaW9uPTIwMTUtMDYtMDEuMi4wJnRpbWVvdXQ9MzA=",
      "RequestMethod": "GET",
      "RequestBody": "",
      "RequestHeaders": {
        "client-request-id": [
          "87fdae66-4cb9-4f8f-a156-f253165311ee"
        ],
        "ocp-date": [
          "Fri, 21 Aug 2015 22:38:55 GMT"
        ],
        "return-client-request-id": [
          "true"
        ],
        "User-Agent": [
          "Microsoft.Azure.Batch.Protocol.BatchRestClient/2.0.1.0",
          "AzBatch/2.0.1.0"
        ]
      },
      "ResponseBody": "{\r\n  \"odata.metadata\": \"https://pstests.eastus.batch.azure.com/$metadata#jobschedules\",\r\n  \"value\": [\r\n    {\r\n      \"id\": \"testDisableEnableJobSchedule\",\r\n      \"url\": \"https://pstests.eastus.batch.azure.com/jobschedules/testDisableEnableJobSchedule\",\r\n      \"eTag\": \"0x8D2AA794C2847D4\",\r\n      \"lastModified\": \"2015-08-21T22:38:55.8134228Z\",\r\n      \"creationTime\": \"2015-08-21T22:38:53.0550514Z\",\r\n      \"state\": \"active\",\r\n      \"stateTransitionTime\": \"2015-08-21T22:38:55.8134228Z\",\r\n      \"previousState\": \"disabled\",\r\n      \"previousStateTransitionTime\": \"2015-08-21T22:38:55.496816Z\",\r\n      \"jobSpecification\": {\r\n        \"priority\": 0,\r\n        \"constraints\": {\r\n          \"maxWallClockTime\": \"P10675199DT2H48M5.4775807S\",\r\n          \"maxTaskRetryCount\": 0\r\n        },\r\n        \"poolInfo\": {\r\n          \"poolId\": \"testPool\"\r\n        }\r\n      },\r\n      \"executionInfo\": {\r\n        \"recentJob\": {\r\n          \"url\": \"https://pstests.eastus.batch.azure.com/jobs/testDisableEnableJobSchedule:job-1\",\r\n          \"id\": \"testDisableEnableJobSchedule:job-1\"\r\n        }\r\n      }\r\n    }\r\n  ]\r\n}",
      "ResponseHeaders": {
        "Content-Type": [
          "application/json; odata=minimalmetadata"
        ],
        "Transfer-Encoding": [
          "chunked"
        ],
        "request-id": [
          "47a18fac-69d4-4a66-b0ef-0fa6d3233353"
        ],
        "Strict-Transport-Security": [
          "max-age=31536000; includeSubDomains"
        ],
        "client-request-id": [
          "87fdae66-4cb9-4f8f-a156-f253165311ee"
        ],
        "DataServiceVersion": [
          "3.0"
        ],
        "Date": [
          "Fri, 21 Aug 2015 22:38:56 GMT"
        ],
        "Server": [
          "Microsoft-HTTPAPI/2.0"
        ]
      },
      "StatusCode": 200
    },
    {
      "RequestUri": "/jobschedules?$filter=id%20eq%20'testDisableEnableJobSchedule'&api-version=2015-06-01.2.0&timeout=30",
      "EncodedRequestUri": "L2pvYnNjaGVkdWxlcz8kZmlsdGVyPWlkJTIwZXElMjAlMjd0ZXN0RGlzYWJsZUVuYWJsZUpvYlNjaGVkdWxlJTI3JmFwaS12ZXJzaW9uPTIwMTUtMDYtMDEuMi4wJnRpbWVvdXQ9MzA=",
      "RequestMethod": "GET",
      "RequestBody": "",
      "RequestHeaders": {
        "client-request-id": [
          "87fdae66-4cb9-4f8f-a156-f253165311ee"
        ],
        "ocp-date": [
          "Fri, 21 Aug 2015 22:38:55 GMT"
        ],
        "return-client-request-id": [
          "true"
        ],
        "User-Agent": [
          "Microsoft.Azure.Batch.Protocol.BatchRestClient/2.0.1.0",
          "AzBatch/2.0.1.0"
        ]
      },
      "ResponseBody": "{\r\n  \"odata.metadata\": \"https://pstests.eastus.batch.azure.com/$metadata#jobschedules\",\r\n  \"value\": [\r\n    {\r\n      \"id\": \"testDisableEnableJobSchedule\",\r\n      \"url\": \"https://pstests.eastus.batch.azure.com/jobschedules/testDisableEnableJobSchedule\",\r\n      \"eTag\": \"0x8D2AA794C2847D4\",\r\n      \"lastModified\": \"2015-08-21T22:38:55.8134228Z\",\r\n      \"creationTime\": \"2015-08-21T22:38:53.0550514Z\",\r\n      \"state\": \"active\",\r\n      \"stateTransitionTime\": \"2015-08-21T22:38:55.8134228Z\",\r\n      \"previousState\": \"disabled\",\r\n      \"previousStateTransitionTime\": \"2015-08-21T22:38:55.496816Z\",\r\n      \"jobSpecification\": {\r\n        \"priority\": 0,\r\n        \"constraints\": {\r\n          \"maxWallClockTime\": \"P10675199DT2H48M5.4775807S\",\r\n          \"maxTaskRetryCount\": 0\r\n        },\r\n        \"poolInfo\": {\r\n          \"poolId\": \"testPool\"\r\n        }\r\n      },\r\n      \"executionInfo\": {\r\n        \"recentJob\": {\r\n          \"url\": \"https://pstests.eastus.batch.azure.com/jobs/testDisableEnableJobSchedule:job-1\",\r\n          \"id\": \"testDisableEnableJobSchedule:job-1\"\r\n        }\r\n      }\r\n    }\r\n  ]\r\n}",
      "ResponseHeaders": {
        "Content-Type": [
          "application/json; odata=minimalmetadata"
        ],
        "Transfer-Encoding": [
          "chunked"
        ],
        "request-id": [
          "47a18fac-69d4-4a66-b0ef-0fa6d3233353"
        ],
        "Strict-Transport-Security": [
          "max-age=31536000; includeSubDomains"
        ],
        "client-request-id": [
          "87fdae66-4cb9-4f8f-a156-f253165311ee"
        ],
        "DataServiceVersion": [
          "3.0"
        ],
        "Date": [
          "Fri, 21 Aug 2015 22:38:56 GMT"
        ],
        "Server": [
          "Microsoft-HTTPAPI/2.0"
        ]
      },
      "StatusCode": 200
    },
    {
      "RequestUri": "/jobschedules/testDisableEnableJobSchedule?api-version=2015-06-01.2.0&timeout=30",
      "EncodedRequestUri": "L2pvYnNjaGVkdWxlcy90ZXN0RGlzYWJsZUVuYWJsZUpvYlNjaGVkdWxlP2FwaS12ZXJzaW9uPTIwMTUtMDYtMDEuMi4wJnRpbWVvdXQ9MzA=",
      "RequestMethod": "DELETE",
      "RequestBody": "",
      "RequestHeaders": {
        "client-request-id": [
          "1f994cfa-95a3-47a8-ba70-8ebbc19830a2"
        ],
        "ocp-date": [
          "Fri, 21 Aug 2015 22:38:55 GMT"
        ],
        "return-client-request-id": [
          "true"
        ],
        "User-Agent": [
          "Microsoft.Azure.Batch.Protocol.BatchRestClient/2.0.1.0",
          "AzBatch/2.0.1.0"
        ]
      },
      "ResponseBody": "",
      "ResponseHeaders": {
        "Transfer-Encoding": [
          "chunked"
        ],
        "request-id": [
          "910b75c8-55d7-4888-b7a3-529bfb08edbb"
        ],
        "Strict-Transport-Security": [
          "max-age=31536000; includeSubDomains"
        ],
        "client-request-id": [
          "1f994cfa-95a3-47a8-ba70-8ebbc19830a2"
        ],
        "DataServiceVersion": [
          "3.0"
        ],
        "Date": [
          "Fri, 21 Aug 2015 22:38:55 GMT"
        ],
        "Server": [
          "Microsoft-HTTPAPI/2.0"
        ]
      },
      "StatusCode": 202
    },
    {
      "RequestUri": "/jobschedules/testDisableEnableJobSchedule?api-version=2015-06-01.2.0&timeout=30",
      "EncodedRequestUri": "L2pvYnNjaGVkdWxlcy90ZXN0RGlzYWJsZUVuYWJsZUpvYlNjaGVkdWxlP2FwaS12ZXJzaW9uPTIwMTUtMDYtMDEuMi4wJnRpbWVvdXQ9MzA=",
      "RequestMethod": "DELETE",
      "RequestBody": "",
      "RequestHeaders": {
        "client-request-id": [
          "1f994cfa-95a3-47a8-ba70-8ebbc19830a2"
        ],
        "ocp-date": [
          "Fri, 21 Aug 2015 22:38:55 GMT"
        ],
        "return-client-request-id": [
          "true"
        ],
        "User-Agent": [
          "Microsoft.Azure.Batch.Protocol.BatchRestClient/2.0.1.0",
          "AzBatch/2.0.1.0"
        ]
      },
      "ResponseBody": "",
      "ResponseHeaders": {
        "Transfer-Encoding": [
          "chunked"
        ],
        "request-id": [
          "910b75c8-55d7-4888-b7a3-529bfb08edbb"
        ],
        "Strict-Transport-Security": [
          "max-age=31536000; includeSubDomains"
        ],
        "client-request-id": [
          "1f994cfa-95a3-47a8-ba70-8ebbc19830a2"
        ],
        "DataServiceVersion": [
          "3.0"
        ],
        "Date": [
          "Fri, 21 Aug 2015 22:38:55 GMT"
        ],
        "Server": [
          "Microsoft-HTTPAPI/2.0"
        ]
      },
      "StatusCode": 202
    }
  ],
  "Names": {},
  "Variables": {
    "SubscriptionId": "6368ed38-3570-481f-b4fa-1d0a6e8d3f3b"
  }
}