{
  "Entries": [
    {
      "RequestUri": "/subscriptions/0661b131-4a11-479b-96bf-2f95acca2f73/resourcegroups/ps1619?api-version=2016-09-01",
      "EncodedRequestUri": "L3N1YnNjcmlwdGlvbnMvMDY2MWIxMzEtNGExMS00NzliLTk2YmYtMmY5NWFjY2EyZjczL3Jlc291cmNlZ3JvdXBzL3BzMTYxOT9hcGktdmVyc2lvbj0yMDE2LTA5LTAx",
      "RequestMethod": "PUT",
      "RequestBody": "{\r\n  \"location\": \"westcentralus\"\r\n}",
      "RequestHeaders": {
        "x-ms-client-request-id": [
          "fa779e5c-8450-42dc-bc5b-ef8fa64e73f3"
        ],
        "Accept-Language": [
          "en-US"
        ],
        "User-Agent": [
          "FxVersion/4.6.29130.01",
          "OSName/Windows",
          "OSVersion/Microsoft.Windows.10.0.18363.",
          "Microsoft.Azure.Management.Internal.Resources.ResourceManagementClient/1.3.23"
        ],
        "Content-Type": [
          "application/json; charset=utf-8"
        ],
        "Content-Length": [
          "35"
        ]
      },
      "ResponseHeaders": {
        "Cache-Control": [
          "no-cache"
        ],
        "Pragma": [
          "no-cache"
        ],
        "x-ms-ratelimit-remaining-subscription-writes": [
          "1199"
        ],
        "x-ms-request-id": [
          "c2adfa3b-dc08-439a-88a2-c152d83a144c"
        ],
        "x-ms-correlation-request-id": [
          "c2adfa3b-dc08-439a-88a2-c152d83a144c"
        ],
        "x-ms-routing-request-id": [
          "NORTHEUROPE:20200907T154018Z:c2adfa3b-dc08-439a-88a2-c152d83a144c"
        ],
        "Strict-Transport-Security": [
          "max-age=31536000; includeSubDomains"
        ],
        "X-Content-Type-Options": [
          "nosniff"
        ],
        "Date": [
          "Mon, 07 Sep 2020 15:40:18 GMT"
        ],
        "Content-Length": [
          "172"
        ],
        "Content-Type": [
          "application/json; charset=utf-8"
        ],
        "Expires": [
          "-1"
        ]
      },
      "ResponseBody": "{\r\n  \"id\": \"/subscriptions/0661b131-4a11-479b-96bf-2f95acca2f73/resourceGroups/ps1619\",\r\n  \"name\": \"ps1619\",\r\n  \"location\": \"westcentralus\",\r\n  \"properties\": {\r\n    \"provisioningState\": \"Succeeded\"\r\n  }\r\n}",
      "StatusCode": 201
    },
    {
      "RequestUri": "/subscriptions/0661b131-4a11-479b-96bf-2f95acca2f73/resourceGroups/ps1619/providers/Microsoft.NetApp/netAppAccounts/ps7700?api-version=2020-02-01",
      "EncodedRequestUri": "L3N1YnNjcmlwdGlvbnMvMDY2MWIxMzEtNGExMS00NzliLTk2YmYtMmY5NWFjY2EyZjczL3Jlc291cmNlR3JvdXBzL3BzMTYxOS9wcm92aWRlcnMvTWljcm9zb2Z0Lk5ldEFwcC9uZXRBcHBBY2NvdW50cy9wczc3MDA/YXBpLXZlcnNpb249MjAyMC0wMi0wMQ==",
      "RequestMethod": "PUT",
      "RequestBody": "{\r\n  \"location\": \"westcentralus\",\r\n  \"tags\": {\r\n    \"tag1\": \"tagValue1\"\r\n  },\r\n  \"properties\": {\r\n    \"activeDirectories\": [\r\n      {\r\n        \"username\": \"sdkuser\",\r\n        \"password\": \"sdkpass\",\r\n        \"domain\": \"sdkdomain\",\r\n        \"dns\": \"192.0.2.2\",\r\n        \"smbServerName\": \"PSSMBSName\"\r\n      },\r\n      {\r\n        \"username\": \"sdkuser1\",\r\n        \"password\": \"sdkpass1\",\r\n        \"domain\": \"sdkdomain\",\r\n        \"dns\": \"192.0.2.2\",\r\n        \"smbServerName\": \"PSSMBSName\"\r\n      }\r\n    ]\r\n  }\r\n}",
      "RequestHeaders": {
        "x-ms-client-request-id": [
          "d0c39e6b-f041-4c63-a66b-49659741cb59"
        ],
        "Accept-Language": [
          "en-US"
        ],
        "User-Agent": [
          "FxVersion/4.6.29130.01",
          "OSName/Windows",
          "OSVersion/Microsoft.Windows.10.0.18363.",
          "Microsoft.Azure.Management.NetApp.AzureNetAppFilesManagementClient/1.6.0.0"
        ],
        "Content-Type": [
          "application/json; charset=utf-8"
        ],
        "Content-Length": [
          "506"
        ]
      },
      "ResponseHeaders": {
        "Cache-Control": [
          "no-cache"
        ],
        "Pragma": [
          "no-cache"
        ],
        "ETag": [
          "W/\"datetime'2020-09-07T15%3A40%3A25.2274962Z'\""
        ],
        "x-ms-request-id": [
          "3f2e5a66-cd44-4cd3-815b-9306eacb6207"
        ],
        "Azure-AsyncOperation": [
          "https://management.azure.com/subscriptions/0661b131-4a11-479b-96bf-2f95acca2f73/providers/Microsoft.NetApp/locations/westcentralus/operationResults/4d59cf78-db9f-4367-9d7c-26cad8e86b9d?api-version=2020-02-01"
        ],
        "Request-Context": [
          "appId=cid-v1:2c4cb680-0a1f-424d-bb8d-8e650ba68d53"
        ],
        "Access-Control-Expose-Headers": [
          "Request-Context"
        ],
        "Server": [
          "Microsoft-IIS/10.0"
        ],
        "X-Powered-By": [
          "ASP.NET"
        ],
        "x-ms-ratelimit-remaining-subscription-writes": [
          "1199"
        ],
        "x-ms-correlation-request-id": [
          "0bf7fec2-810f-49b0-b328-7448eb159669"
        ],
        "x-ms-routing-request-id": [
          "NORTHEUROPE:20200907T154026Z:0bf7fec2-810f-49b0-b328-7448eb159669"
        ],
        "Strict-Transport-Security": [
          "max-age=31536000; includeSubDomains"
        ],
        "X-Content-Type-Options": [
          "nosniff"
        ],
        "Date": [
          "Mon, 07 Sep 2020 15:40:25 GMT"
        ],
        "Content-Length": [
          "612"
        ],
        "Content-Type": [
          "application/json; charset=utf-8"
        ],
        "Expires": [
          "-1"
        ]
      },
      "ResponseBody": "{\r\n  \"id\": \"/subscriptions/0661b131-4a11-479b-96bf-2f95acca2f73/resourceGroups/ps1619/providers/Microsoft.NetApp/netAppAccounts/ps7700\",\r\n  \"name\": \"ps7700\",\r\n  \"type\": \"Microsoft.NetApp/netAppAccounts\",\r\n  \"etag\": \"W/\\\"datetime'2020-09-07T15%3A40%3A25.2274962Z'\\\"\",\r\n  \"location\": \"westcentralus\",\r\n  \"tags\": {\r\n    \"tag1\": \"tagValue1\"\r\n  },\r\n  \"properties\": {\r\n    \"provisioningState\": \"Creating\",\r\n    \"activeDirectories\": [\r\n      {\r\n        \"username\": \"sdkuser\",\r\n        \"password\": \"****************\",\r\n        \"domain\": \"sdkdomain\",\r\n        \"dns\": \"192.0.2.2\",\r\n        \"smbServerName\": \"PSSMBSName\"\r\n      },\r\n      {\r\n        \"username\": \"sdkuser1\",\r\n        \"password\": \"****************\",\r\n        \"domain\": \"sdkdomain\",\r\n        \"dns\": \"192.0.2.2\",\r\n        \"smbServerName\": \"PSSMBSName\"\r\n      }\r\n    ]\r\n  }\r\n}",
      "StatusCode": 201
    },
    {
      "RequestUri": "/subscriptions/0661b131-4a11-479b-96bf-2f95acca2f73/resourceGroups/ps1619/providers/Microsoft.NetApp/netAppAccounts/ps7700?api-version=2020-02-01",
      "EncodedRequestUri": "L3N1YnNjcmlwdGlvbnMvMDY2MWIxMzEtNGExMS00NzliLTk2YmYtMmY5NWFjY2EyZjczL3Jlc291cmNlR3JvdXBzL3BzMTYxOS9wcm92aWRlcnMvTWljcm9zb2Z0Lk5ldEFwcC9uZXRBcHBBY2NvdW50cy9wczc3MDA/YXBpLXZlcnNpb249MjAyMC0wMi0wMQ==",
      "RequestMethod": "PUT",
      "RequestBody": "{\r\n  \"location\": \"westcentralus\",\r\n  \"tags\": {\r\n    \"tag1\": \"tagValue1\"\r\n  },\r\n  \"properties\": {\r\n    \"activeDirectories\": [\r\n      {\r\n        \"username\": \"sdkuser\",\r\n        \"password\": \"sdkpass\",\r\n        \"domain\": \"sdkdomain\",\r\n        \"dns\": \"192.0.2.2\",\r\n        \"smbServerName\": \"PSSMBSName\"\r\n      }\r\n    ]\r\n  }\r\n}",
      "RequestHeaders": {
        "x-ms-client-request-id": [
          "1d7b20aa-b846-4aff-9003-500fb154602e"
        ],
        "Accept-Language": [
          "en-US"
        ],
        "User-Agent": [
          "FxVersion/4.6.29130.01",
          "OSName/Windows",
          "OSVersion/Microsoft.Windows.10.0.18363.",
          "Microsoft.Azure.Management.NetApp.AzureNetAppFilesManagementClient/1.6.0.0"
        ],
        "Content-Type": [
          "application/json; charset=utf-8"
        ],
        "Content-Length": [
          "321"
        ]
      },
      "ResponseHeaders": {
        "Cache-Control": [
          "no-cache"
        ],
        "Pragma": [
          "no-cache"
        ],
        "ETag": [
          "W/\"datetime'2020-09-07T15%3A40%3A56.8850403Z'\""
        ],
        "x-ms-request-id": [
          "0a920727-a7f6-4509-87a7-7e75f2cf3fa7"
        ],
        "Azure-AsyncOperation": [
          "https://management.azure.com/subscriptions/0661b131-4a11-479b-96bf-2f95acca2f73/providers/Microsoft.NetApp/locations/westcentralus/operationResults/0eb228b7-32ab-4557-9e2e-d1ac2a9971f5?api-version=2020-02-01"
        ],
        "Request-Context": [
          "appId=cid-v1:2c4cb680-0a1f-424d-bb8d-8e650ba68d53"
        ],
        "Access-Control-Expose-Headers": [
          "Request-Context"
        ],
        "Server": [
          "Microsoft-IIS/10.0"
        ],
        "X-Powered-By": [
          "ASP.NET"
        ],
        "x-ms-ratelimit-remaining-subscription-writes": [
          "1198"
        ],
        "x-ms-correlation-request-id": [
          "0be36468-2200-4541-9e79-672883db602c"
        ],
        "x-ms-routing-request-id": [
          "NORTHEUROPE:20200907T154057Z:0be36468-2200-4541-9e79-672883db602c"
        ],
        "Strict-Transport-Security": [
          "max-age=31536000; includeSubDomains"
        ],
        "X-Content-Type-Options": [
          "nosniff"
        ],
        "Date": [
          "Mon, 07 Sep 2020 15:40:56 GMT"
        ],
        "Content-Length": [
          "612"
        ],
        "Content-Type": [
          "application/json; charset=utf-8"
        ],
        "Expires": [
          "-1"
        ]
      },
      "ResponseBody": "{\r\n  \"id\": \"/subscriptions/0661b131-4a11-479b-96bf-2f95acca2f73/resourceGroups/ps1619/providers/Microsoft.NetApp/netAppAccounts/ps7700\",\r\n  \"name\": \"ps7700\",\r\n  \"type\": \"Microsoft.NetApp/netAppAccounts\",\r\n  \"etag\": \"W/\\\"datetime'2020-09-07T15%3A40%3A56.8850403Z'\\\"\",\r\n  \"location\": \"westcentralus\",\r\n  \"tags\": {\r\n    \"tag1\": \"tagValue1\"\r\n  },\r\n  \"properties\": {\r\n    \"provisioningState\": \"Updating\",\r\n    \"activeDirectories\": [\r\n      {\r\n        \"username\": \"sdkuser\",\r\n        \"password\": \"****************\",\r\n        \"domain\": \"sdkdomain\",\r\n        \"dns\": \"192.0.2.2\",\r\n        \"smbServerName\": \"PSSMBSName\"\r\n      },\r\n      {\r\n        \"username\": \"sdkuser1\",\r\n        \"password\": \"****************\",\r\n        \"domain\": \"sdkdomain\",\r\n        \"dns\": \"192.0.2.2\",\r\n        \"smbServerName\": \"PSSMBSName\"\r\n      }\r\n    ]\r\n  }\r\n}",
      "StatusCode": 200
    },
    {
      "RequestUri": "/subscriptions/0661b131-4a11-479b-96bf-2f95acca2f73/resourceGroups/ps1619/providers/Microsoft.NetApp/netAppAccounts/ps7700?api-version=2020-02-01",
      "EncodedRequestUri": "L3N1YnNjcmlwdGlvbnMvMDY2MWIxMzEtNGExMS00NzliLTk2YmYtMmY5NWFjY2EyZjczL3Jlc291cmNlR3JvdXBzL3BzMTYxOS9wcm92aWRlcnMvTWljcm9zb2Z0Lk5ldEFwcC9uZXRBcHBBY2NvdW50cy9wczc3MDA/YXBpLXZlcnNpb249MjAyMC0wMi0wMQ==",
      "RequestMethod": "PUT",
      "RequestBody": "{\r\n  \"location\": \"westcentralus\",\r\n  \"properties\": {\r\n    \"activeDirectories\": []\r\n  }\r\n}",
      "RequestHeaders": {
        "x-ms-client-request-id": [
          "c1d965b6-eb6a-4aaa-a0c5-1c2a73ab3e9a"
        ],
        "Accept-Language": [
          "en-US"
        ],
        "User-Agent": [
          "FxVersion/4.6.29130.01",
          "OSName/Windows",
          "OSVersion/Microsoft.Windows.10.0.18363.",
          "Microsoft.Azure.Management.NetApp.AzureNetAppFilesManagementClient/1.6.0.0"
        ],
        "Content-Type": [
          "application/json; charset=utf-8"
        ],
        "Content-Length": [
          "89"
        ]
      },
      "ResponseHeaders": {
        "Cache-Control": [
          "no-cache"
        ],
        "Pragma": [
          "no-cache"
        ],
        "ETag": [
          "W/\"datetime'2020-09-07T15%3A41%3A32.2622304Z'\""
        ],
        "x-ms-request-id": [
          "894a6b3a-ce44-498a-974d-215c66e55cb3"
        ],
        "Azure-AsyncOperation": [
          "https://management.azure.com/subscriptions/0661b131-4a11-479b-96bf-2f95acca2f73/providers/Microsoft.NetApp/locations/westcentralus/operationResults/84121395-7b5a-421b-b98d-f19eb9ee118f?api-version=2020-02-01"
        ],
        "Request-Context": [
          "appId=cid-v1:2c4cb680-0a1f-424d-bb8d-8e650ba68d53"
        ],
        "Access-Control-Expose-Headers": [
          "Request-Context"
        ],
        "Server": [
          "Microsoft-IIS/10.0"
        ],
        "X-Powered-By": [
          "ASP.NET"
        ],
        "x-ms-ratelimit-remaining-subscription-writes": [
          "1196"
        ],
        "x-ms-correlation-request-id": [
          "4ff274fd-c7c3-415c-ab69-288409bb845f"
        ],
        "x-ms-routing-request-id": [
          "NORTHEUROPE:20200907T154133Z:4ff274fd-c7c3-415c-ab69-288409bb845f"
        ],
        "Strict-Transport-Security": [
          "max-age=31536000; includeSubDomains"
        ],
        "X-Content-Type-Options": [
          "nosniff"
        ],
        "Date": [
          "Mon, 07 Sep 2020 15:41:33 GMT"
        ],
        "Content-Length": [
          "604"
        ],
        "Content-Type": [
          "application/json; charset=utf-8"
        ],
        "Expires": [
          "-1"
        ]
      },
      "ResponseBody": "{\r\n  \"id\": \"/subscriptions/0661b131-4a11-479b-96bf-2f95acca2f73/resourceGroups/ps1619/providers/Microsoft.NetApp/netAppAccounts/ps7700\",\r\n  \"name\": \"ps7700\",\r\n  \"type\": \"Microsoft.NetApp/netAppAccounts\",\r\n  \"etag\": \"W/\\\"datetime'2020-09-07T15%3A41%3A32.2622304Z'\\\"\",\r\n  \"location\": \"westcentralus\",\r\n  \"tags\": {\r\n    \"tag1\": \"tagValue2\"\r\n  },\r\n  \"properties\": {\r\n    \"provisioningState\": \"Updating\",\r\n    \"activeDirectories\": [\r\n      {\r\n        \"activeDirectoryId\": \"36585267-8153-ec0e-13dc-e44333286f45\",\r\n        \"username\": \"sdkuser\",\r\n        \"password\": \"****************\",\r\n        \"domain\": \"sdkdomain\",\r\n        \"dns\": \"192.0.2.2\",\r\n        \"status\": \"Created\",\r\n        \"smbServerName\": \"PSSMBSName\",\r\n        \"organizationalUnit\": \"CN=Computers\"\r\n      }\r\n    ]\r\n  }\r\n}",
      "StatusCode": 200
    },
    {
      "RequestUri": "/subscriptions/0661b131-4a11-479b-96bf-2f95acca2f73/providers/Microsoft.NetApp/locations/westcentralus/operationResults/4d59cf78-db9f-4367-9d7c-26cad8e86b9d?api-version=2020-02-01",
      "EncodedRequestUri": "L3N1YnNjcmlwdGlvbnMvMDY2MWIxMzEtNGExMS00NzliLTk2YmYtMmY5NWFjY2EyZjczL3Byb3ZpZGVycy9NaWNyb3NvZnQuTmV0QXBwL2xvY2F0aW9ucy93ZXN0Y2VudHJhbHVzL29wZXJhdGlvblJlc3VsdHMvNGQ1OWNmNzgtZGI5Zi00MzY3LTlkN2MtMjZjYWQ4ZTg2YjlkP2FwaS12ZXJzaW9uPTIwMjAtMDItMDE=",
      "RequestMethod": "GET",
      "RequestBody": "",
      "RequestHeaders": {
        "User-Agent": [
          "FxVersion/4.6.29130.01",
          "OSName/Windows",
          "OSVersion/Microsoft.Windows.10.0.18363.",
          "Microsoft.Azure.Management.NetApp.AzureNetAppFilesManagementClient/1.6.0.0"
        ]
      },
      "ResponseHeaders": {
        "Cache-Control": [
          "no-cache"
        ],
        "Pragma": [
          "no-cache"
        ],
        "x-ms-request-id": [
          "5648ba24-f2b0-42a5-b273-22e271c74033"
        ],
        "Request-Context": [
          "appId=cid-v1:2c4cb680-0a1f-424d-bb8d-8e650ba68d53"
        ],
        "Access-Control-Expose-Headers": [
          "Request-Context"
        ],
        "Server": [
          "Microsoft-IIS/10.0"
        ],
        "X-Powered-By": [
          "ASP.NET"
        ],
        "x-ms-ratelimit-remaining-subscription-reads": [
          "11999"
        ],
        "x-ms-correlation-request-id": [
          "912058d0-e7fd-4453-81c9-8bdde8325a28"
        ],
        "x-ms-routing-request-id": [
          "NORTHEUROPE:20200907T154056Z:912058d0-e7fd-4453-81c9-8bdde8325a28"
        ],
        "Strict-Transport-Security": [
          "max-age=31536000; includeSubDomains"
        ],
        "X-Content-Type-Options": [
          "nosniff"
        ],
        "Date": [
          "Mon, 07 Sep 2020 15:40:55 GMT"
        ],
        "Content-Length": [
          "872"
        ],
        "Content-Type": [
          "application/json; charset=utf-8"
        ],
        "Expires": [
          "-1"
        ]
      },
      "ResponseBody": "{\r\n  \"id\": \"/subscriptions/0661b131-4a11-479b-96bf-2f95acca2f73/providers/Microsoft.NetApp/locations/westcentralus/operationResults/4d59cf78-db9f-4367-9d7c-26cad8e86b9d\",\r\n  \"name\": \"4d59cf78-db9f-4367-9d7c-26cad8e86b9d\",\r\n  \"status\": \"Failed\",\r\n  \"startTime\": \"2020-09-07T15:40:24.9732926Z\",\r\n  \"endTime\": \"2020-09-07T15:40:25.3794778Z\",\r\n  \"percentComplete\": 100.0,\r\n  \"properties\": {\r\n    \"resourceName\": \"/subscriptions/0661b131-4a11-479b-96bf-2f95acca2f73/resourceGroups/ps1619/providers/Microsoft.NetApp/netAppAccounts/ps7700\"\r\n  },\r\n  \"error\": {\r\n    \"code\": \"BadRequest\",\r\n    \"message\": \"Only one active directory allowed within the same region. Account  in resource group  currently has an active directory connection string.\",\r\n    \"details\": [\r\n      {\r\n        \"code\": \"TooManyActiveDirectories\",\r\n        \"message\": \"Only one active directory allowed within the same region. Account  in resource group  currently has an active directory connection string.\"\r\n      }\r\n    ]\r\n  }\r\n}",
      "StatusCode": 200
    },
    {
      "RequestUri": "/subscriptions/0661b131-4a11-479b-96bf-2f95acca2f73/providers/Microsoft.NetApp/locations/westcentralus/operationResults/0eb228b7-32ab-4557-9e2e-d1ac2a9971f5?api-version=2020-02-01",
      "EncodedRequestUri": "L3N1YnNjcmlwdGlvbnMvMDY2MWIxMzEtNGExMS00NzliLTk2YmYtMmY5NWFjY2EyZjczL3Byb3ZpZGVycy9NaWNyb3NvZnQuTmV0QXBwL2xvY2F0aW9ucy93ZXN0Y2VudHJhbHVzL29wZXJhdGlvblJlc3VsdHMvMGViMjI4YjctMzJhYi00NTU3LTllMmUtZDFhYzJhOTk3MWY1P2FwaS12ZXJzaW9uPTIwMjAtMDItMDE=",
      "RequestMethod": "GET",
      "RequestBody": "",
      "RequestHeaders": {
        "User-Agent": [
          "FxVersion/4.6.29130.01",
          "OSName/Windows",
          "OSVersion/Microsoft.Windows.10.0.18363.",
          "Microsoft.Azure.Management.NetApp.AzureNetAppFilesManagementClient/1.6.0.0"
        ]
      },
      "ResponseHeaders": {
        "Cache-Control": [
          "no-cache"
        ],
        "Pragma": [
          "no-cache"
        ],
        "x-ms-request-id": [
          "2e6eb51e-1de1-4699-a300-57b5ed4e82fd"
        ],
        "Request-Context": [
          "appId=cid-v1:2c4cb680-0a1f-424d-bb8d-8e650ba68d53"
        ],
        "Access-Control-Expose-Headers": [
          "Request-Context"
        ],
        "Server": [
          "Microsoft-IIS/10.0"
        ],
        "X-Powered-By": [
          "ASP.NET"
        ],
        "x-ms-ratelimit-remaining-subscription-reads": [
          "11998"
        ],
        "x-ms-correlation-request-id": [
          "d265b9f2-5310-4e98-9096-0277eb616292"
        ],
        "x-ms-routing-request-id": [
          "NORTHEUROPE:20200907T154127Z:d265b9f2-5310-4e98-9096-0277eb616292"
        ],
        "Strict-Transport-Security": [
          "max-age=31536000; includeSubDomains"
        ],
        "X-Content-Type-Options": [
          "nosniff"
        ],
        "Date": [
          "Mon, 07 Sep 2020 15:41:27 GMT"
        ],
        "Content-Length": [
          "493"
        ],
        "Content-Type": [
          "application/json; charset=utf-8"
        ],
        "Expires": [
          "-1"
        ]
      },
      "ResponseBody": "{\r\n  \"id\": \"/subscriptions/0661b131-4a11-479b-96bf-2f95acca2f73/providers/Microsoft.NetApp/locations/westcentralus/operationResults/0eb228b7-32ab-4557-9e2e-d1ac2a9971f5\",\r\n  \"name\": \"0eb228b7-32ab-4557-9e2e-d1ac2a9971f5\",\r\n  \"status\": \"Succeeded\",\r\n  \"startTime\": \"2020-09-07T15:40:56.80152Z\",\r\n  \"endTime\": \"2020-09-07T15:40:57.6617879Z\",\r\n  \"percentComplete\": 100.0,\r\n  \"properties\": {\r\n    \"resourceName\": \"/subscriptions/0661b131-4a11-479b-96bf-2f95acca2f73/resourceGroups/ps1619/providers/Microsoft.NetApp/netAppAccounts/ps7700\"\r\n  }\r\n}",
      "StatusCode": 200
    },
    {
      "RequestUri": "/subscriptions/0661b131-4a11-479b-96bf-2f95acca2f73/resourceGroups/ps1619/providers/Microsoft.NetApp/netAppAccounts/ps7700?api-version=2020-02-01",
      "EncodedRequestUri": "L3N1YnNjcmlwdGlvbnMvMDY2MWIxMzEtNGExMS00NzliLTk2YmYtMmY5NWFjY2EyZjczL3Jlc291cmNlR3JvdXBzL3BzMTYxOS9wcm92aWRlcnMvTWljcm9zb2Z0Lk5ldEFwcC9uZXRBcHBBY2NvdW50cy9wczc3MDA/YXBpLXZlcnNpb249MjAyMC0wMi0wMQ==",
      "RequestMethod": "GET",
      "RequestBody": "",
      "RequestHeaders": {
        "User-Agent": [
          "FxVersion/4.6.29130.01",
          "OSName/Windows",
          "OSVersion/Microsoft.Windows.10.0.18363.",
          "Microsoft.Azure.Management.NetApp.AzureNetAppFilesManagementClient/1.6.0.0"
        ]
      },
      "ResponseHeaders": {
        "Cache-Control": [
          "no-cache"
        ],
        "Pragma": [
          "no-cache"
        ],
        "ETag": [
          "W/\"datetime'2020-09-07T15%3A40%3A57.6535877Z'\""
        ],
        "x-ms-request-id": [
          "9d95c72d-7ef0-49de-9cec-e2b53d4d3dad"
        ],
        "Request-Context": [
          "appId=cid-v1:2c4cb680-0a1f-424d-bb8d-8e650ba68d53"
        ],
        "Access-Control-Expose-Headers": [
          "Request-Context"
        ],
        "Server": [
          "Microsoft-IIS/10.0"
        ],
        "X-Powered-By": [
          "ASP.NET"
        ],
        "x-ms-ratelimit-remaining-subscription-reads": [
          "11997"
        ],
        "x-ms-correlation-request-id": [
          "ceeeef45-2576-4950-9627-f57836067504"
        ],
        "x-ms-routing-request-id": [
          "NORTHEUROPE:20200907T154127Z:ceeeef45-2576-4950-9627-f57836067504"
        ],
        "Strict-Transport-Security": [
          "max-age=31536000; includeSubDomains"
        ],
        "X-Content-Type-Options": [
          "nosniff"
        ],
        "Date": [
          "Mon, 07 Sep 2020 15:41:27 GMT"
        ],
        "Content-Length": [
          "605"
        ],
        "Content-Type": [
          "application/json; charset=utf-8"
        ],
        "Expires": [
          "-1"
        ]
      },
      "ResponseBody": "{\r\n  \"id\": \"/subscriptions/0661b131-4a11-479b-96bf-2f95acca2f73/resourceGroups/ps1619/providers/Microsoft.NetApp/netAppAccounts/ps7700\",\r\n  \"name\": \"ps7700\",\r\n  \"type\": \"Microsoft.NetApp/netAppAccounts\",\r\n  \"etag\": \"W/\\\"datetime'2020-09-07T15%3A40%3A57.6535877Z'\\\"\",\r\n  \"location\": \"westcentralus\",\r\n  \"tags\": {\r\n    \"tag1\": \"tagValue1\"\r\n  },\r\n  \"properties\": {\r\n    \"activeDirectories\": [\r\n      {\r\n        \"activeDirectoryId\": \"36585267-8153-ec0e-13dc-e44333286f45\",\r\n        \"username\": \"sdkuser\",\r\n        \"password\": \"****************\",\r\n        \"domain\": \"sdkdomain\",\r\n        \"dns\": \"192.0.2.2\",\r\n        \"status\": \"Created\",\r\n        \"smbServerName\": \"PSSMBSName\",\r\n        \"organizationalUnit\": \"CN=Computers\"\r\n      }\r\n    ],\r\n    \"provisioningState\": \"Succeeded\"\r\n  }\r\n}",
      "StatusCode": 200
    },
    {
      "RequestUri": "/subscriptions/0661b131-4a11-479b-96bf-2f95acca2f73/resourceGroups/ps1619/providers/Microsoft.NetApp/netAppAccounts/ps7700?api-version=2020-02-01",
      "EncodedRequestUri": "L3N1YnNjcmlwdGlvbnMvMDY2MWIxMzEtNGExMS00NzliLTk2YmYtMmY5NWFjY2EyZjczL3Jlc291cmNlR3JvdXBzL3BzMTYxOS9wcm92aWRlcnMvTWljcm9zb2Z0Lk5ldEFwcC9uZXRBcHBBY2NvdW50cy9wczc3MDA/YXBpLXZlcnNpb249MjAyMC0wMi0wMQ==",
      "RequestMethod": "GET",
      "RequestBody": "",
      "RequestHeaders": {
        "User-Agent": [
          "FxVersion/4.6.29130.01",
          "OSName/Windows",
          "OSVersion/Microsoft.Windows.10.0.18363.",
          "Microsoft.Azure.Management.NetApp.AzureNetAppFilesManagementClient/1.6.0.0"
        ]
      },
      "ResponseHeaders": {
        "Cache-Control": [
          "no-cache"
        ],
        "Pragma": [
          "no-cache"
        ],
        "ETag": [
          "W/\"datetime'2020-09-07T15%3A41%3A33.0417835Z'\""
        ],
        "x-ms-request-id": [
          "b107cc39-0897-4318-bc01-3bc5d85b7653"
        ],
        "Request-Context": [
          "appId=cid-v1:2c4cb680-0a1f-424d-bb8d-8e650ba68d53"
        ],
        "Access-Control-Expose-Headers": [
          "Request-Context"
        ],
        "Server": [
          "Microsoft-IIS/10.0"
        ],
        "X-Powered-By": [
          "ASP.NET"
        ],
        "x-ms-ratelimit-remaining-subscription-reads": [
          "11995"
        ],
        "x-ms-correlation-request-id": [
          "926cd6f9-ffa5-470d-b81f-c15cf0d3d575"
        ],
        "x-ms-routing-request-id": [
          "NORTHEUROPE:20200907T154204Z:926cd6f9-ffa5-470d-b81f-c15cf0d3d575"
        ],
        "Strict-Transport-Security": [
          "max-age=31536000; includeSubDomains"
        ],
        "X-Content-Type-Options": [
          "nosniff"
        ],
        "Date": [
          "Mon, 07 Sep 2020 15:42:03 GMT"
        ],
        "Content-Length": [
          "320"
        ],
        "Content-Type": [
          "application/json; charset=utf-8"
        ],
        "Expires": [
          "-1"
        ]
      },
      "ResponseBody": "{\r\n  \"id\": \"/subscriptions/0661b131-4a11-479b-96bf-2f95acca2f73/resourceGroups/ps1619/providers/Microsoft.NetApp/netAppAccounts/ps7700\",\r\n  \"name\": \"ps7700\",\r\n  \"type\": \"Microsoft.NetApp/netAppAccounts\",\r\n  \"etag\": \"W/\\\"datetime'2020-09-07T15%3A41%3A33.0417835Z'\\\"\",\r\n  \"location\": \"westcentralus\",\r\n  \"properties\": {\r\n    \"provisioningState\": \"Succeeded\"\r\n  }\r\n}",
      "StatusCode": 200
    },
    {
      "RequestUri": "/subscriptions/0661b131-4a11-479b-96bf-2f95acca2f73/resourceGroups/ps1619/providers/Microsoft.NetApp/netAppAccounts/ps7700?api-version=2020-02-01",
      "EncodedRequestUri": "L3N1YnNjcmlwdGlvbnMvMDY2MWIxMzEtNGExMS00NzliLTk2YmYtMmY5NWFjY2EyZjczL3Jlc291cmNlR3JvdXBzL3BzMTYxOS9wcm92aWRlcnMvTWljcm9zb2Z0Lk5ldEFwcC9uZXRBcHBBY2NvdW50cy9wczc3MDA/YXBpLXZlcnNpb249MjAyMC0wMi0wMQ==",
      "RequestMethod": "PATCH",
      "RequestBody": "{\r\n  \"location\": \"westcentralus\",\r\n  \"tags\": {\r\n    \"tag1\": \"tagValue2\"\r\n  }\r\n}",
      "RequestHeaders": {
        "x-ms-client-request-id": [
          "e1eb294b-e26a-4cf4-bccb-9f15a4d86c51"
        ],
        "Accept-Language": [
          "en-US"
        ],
        "User-Agent": [
          "FxVersion/4.6.29130.01",
          "OSName/Windows",
          "OSVersion/Microsoft.Windows.10.0.18363.",
          "Microsoft.Azure.Management.NetApp.AzureNetAppFilesManagementClient/1.6.0.0"
        ],
        "Content-Type": [
          "application/json; charset=utf-8"
        ],
        "Content-Length": [
          "79"
        ]
      },
      "ResponseHeaders": {
        "Cache-Control": [
          "no-cache"
        ],
        "Pragma": [
          "no-cache"
        ],
        "ETag": [
          "W/\"datetime'2020-09-07T15%3A41%3A28.5525843Z'\""
        ],
        "x-ms-request-id": [
          "26a06cb1-bbf1-427a-82ca-67b0320a76b5"
        ],
        "Request-Context": [
          "appId=cid-v1:2c4cb680-0a1f-424d-bb8d-8e650ba68d53"
        ],
        "Access-Control-Expose-Headers": [
          "Request-Context"
        ],
        "Server": [
          "Microsoft-IIS/10.0"
        ],
        "X-Powered-By": [
          "ASP.NET"
        ],
        "x-ms-ratelimit-remaining-subscription-writes": [
          "1197"
        ],
        "x-ms-correlation-request-id": [
          "b8bd806b-897a-4f27-870e-4acb5bff589f"
        ],
        "x-ms-routing-request-id": [
          "NORTHEUROPE:20200907T154131Z:b8bd806b-897a-4f27-870e-4acb5bff589f"
        ],
        "Strict-Transport-Security": [
          "max-age=31536000; includeSubDomains"
        ],
        "X-Content-Type-Options": [
          "nosniff"
        ],
        "Date": [
          "Mon, 07 Sep 2020 15:41:30 GMT"
        ],
        "Content-Length": [
          "605"
        ],
        "Content-Type": [
          "application/json; charset=utf-8"
        ],
        "Expires": [
          "-1"
        ]
      },
      "ResponseBody": "{\r\n  \"id\": \"/subscriptions/0661b131-4a11-479b-96bf-2f95acca2f73/resourceGroups/ps1619/providers/Microsoft.NetApp/netAppAccounts/ps7700\",\r\n  \"name\": \"ps7700\",\r\n  \"type\": \"Microsoft.NetApp/netAppAccounts\",\r\n  \"etag\": \"W/\\\"datetime'2020-09-07T15%3A41%3A28.5525843Z'\\\"\",\r\n  \"location\": \"westcentralus\",\r\n  \"tags\": {\r\n    \"tag1\": \"tagValue2\"\r\n  },\r\n  \"properties\": {\r\n    \"provisioningState\": \"Succeeded\",\r\n    \"activeDirectories\": [\r\n      {\r\n        \"activeDirectoryId\": \"36585267-8153-ec0e-13dc-e44333286f45\",\r\n        \"username\": \"sdkuser\",\r\n        \"password\": \"****************\",\r\n        \"domain\": \"sdkdomain\",\r\n        \"dns\": \"192.0.2.2\",\r\n        \"status\": \"Created\",\r\n        \"smbServerName\": \"PSSMBSName\",\r\n        \"organizationalUnit\": \"CN=Computers\"\r\n      }\r\n    ]\r\n  }\r\n}",
      "StatusCode": 200
    },
    {
      "RequestUri": "/subscriptions/0661b131-4a11-479b-96bf-2f95acca2f73/resourceGroups/ps1619/providers/Microsoft.NetApp/netAppAccounts/ps7700?api-version=2020-02-01",
      "EncodedRequestUri": "L3N1YnNjcmlwdGlvbnMvMDY2MWIxMzEtNGExMS00NzliLTk2YmYtMmY5NWFjY2EyZjczL3Jlc291cmNlR3JvdXBzL3BzMTYxOS9wcm92aWRlcnMvTWljcm9zb2Z0Lk5ldEFwcC9uZXRBcHBBY2NvdW50cy9wczc3MDA/YXBpLXZlcnNpb249MjAyMC0wMi0wMQ==",
      "RequestMethod": "PATCH",
      "RequestBody": "{\r\n  \"location\": \"westcentralus\",\r\n  \"properties\": {\r\n    \"activeDirectories\": [\r\n      {\r\n        \"username\": \"sdkuser1\",\r\n        \"password\": \"sdkpass1\",\r\n        \"domain\": \"sdkdomain\",\r\n        \"dns\": \"192.0.2.2\",\r\n        \"smbServerName\": \"PSSMBSName\"\r\n      }\r\n    ]\r\n  }\r\n}",
      "RequestHeaders": {
        "x-ms-client-request-id": [
          "cfc8df64-619e-45f0-83e9-a8e83a82fcc3"
        ],
        "Accept-Language": [
          "en-US"
        ],
        "User-Agent": [
          "FxVersion/4.6.29130.01",
          "OSName/Windows",
          "OSVersion/Microsoft.Windows.10.0.18363.",
          "Microsoft.Azure.Management.NetApp.AzureNetAppFilesManagementClient/1.6.0.0"
        ],
        "Content-Type": [
          "application/json; charset=utf-8"
        ],
        "Content-Length": [
          "279"
        ]
      },
      "ResponseHeaders": {
        "Cache-Control": [
          "no-cache"
        ],
        "Pragma": [
          "no-cache"
        ],
        "ETag": [
          "W/\"datetime'2020-09-07T15%3A42%3A04.6713012Z'\""
        ],
        "x-ms-request-id": [
          "9b7d9b14-9ec6-4fb3-a048-d99d710dfed8"
        ],
        "Request-Context": [
          "appId=cid-v1:2c4cb680-0a1f-424d-bb8d-8e650ba68d53"
        ],
        "Access-Control-Expose-Headers": [
          "Request-Context"
        ],
        "Server": [
          "Microsoft-IIS/10.0"
        ],
        "X-Powered-By": [
          "ASP.NET"
        ],
        "x-ms-ratelimit-remaining-subscription-writes": [
          "1195"
        ],
        "x-ms-correlation-request-id": [
          "b2f53c42-1c48-4861-b8bc-f3d23a71f20e"
        ],
        "x-ms-routing-request-id": [
          "NORTHEUROPE:20200907T154205Z:b2f53c42-1c48-4861-b8bc-f3d23a71f20e"
        ],
        "Strict-Transport-Security": [
          "max-age=31536000; includeSubDomains"
        ],
        "X-Content-Type-Options": [
          "nosniff"
        ],
        "Date": [
          "Mon, 07 Sep 2020 15:42:04 GMT"
        ],
        "Content-Length": [
          "578"
        ],
        "Content-Type": [
          "application/json; charset=utf-8"
        ],
        "Expires": [
          "-1"
        ]
      },
      "ResponseBody": "{\r\n  \"id\": \"/subscriptions/0661b131-4a11-479b-96bf-2f95acca2f73/resourceGroups/ps1619/providers/Microsoft.NetApp/netAppAccounts/ps7700\",\r\n  \"name\": \"ps7700\",\r\n  \"type\": \"Microsoft.NetApp/netAppAccounts\",\r\n  \"etag\": \"W/\\\"datetime'2020-09-07T15%3A42%3A04.6713012Z'\\\"\",\r\n  \"location\": \"westcentralus\",\r\n  \"properties\": {\r\n    \"provisioningState\": \"Succeeded\",\r\n    \"activeDirectories\": [\r\n      {\r\n        \"activeDirectoryId\": \"e15c979a-bf1c-30ab-e465-106bfe60ccbe\",\r\n        \"username\": \"sdkuser1\",\r\n        \"password\": \"****************\",\r\n        \"domain\": \"sdkdomain\",\r\n        \"dns\": \"192.0.2.2\",\r\n        \"status\": \"Created\",\r\n        \"smbServerName\": \"PSSMBSName\",\r\n        \"organizationalUnit\": \"CN=Computers\"\r\n      }\r\n    ]\r\n  }\r\n}",
      "StatusCode": 200
    },
    {
      "RequestUri": "/subscriptions/0661b131-4a11-479b-96bf-2f95acca2f73/providers/Microsoft.NetApp/locations/westcentralus/operationResults/84121395-7b5a-421b-b98d-f19eb9ee118f?api-version=2020-02-01",
      "EncodedRequestUri": "L3N1YnNjcmlwdGlvbnMvMDY2MWIxMzEtNGExMS00NzliLTk2YmYtMmY5NWFjY2EyZjczL3Byb3ZpZGVycy9NaWNyb3NvZnQuTmV0QXBwL2xvY2F0aW9ucy93ZXN0Y2VudHJhbHVzL29wZXJhdGlvblJlc3VsdHMvODQxMjEzOTUtN2I1YS00MjFiLWI5OGQtZjE5ZWI5ZWUxMThmP2FwaS12ZXJzaW9uPTIwMjAtMDItMDE=",
      "RequestMethod": "GET",
      "RequestBody": "",
      "RequestHeaders": {
        "User-Agent": [
          "FxVersion/4.6.29130.01",
          "OSName/Windows",
          "OSVersion/Microsoft.Windows.10.0.18363.",
          "Microsoft.Azure.Management.NetApp.AzureNetAppFilesManagementClient/1.6.0.0"
        ]
      },
      "ResponseHeaders": {
        "Cache-Control": [
          "no-cache"
        ],
        "Pragma": [
          "no-cache"
        ],
        "x-ms-request-id": [
          "812d88b9-29a4-4d20-a549-46635924d818"
        ],
        "Request-Context": [
          "appId=cid-v1:2c4cb680-0a1f-424d-bb8d-8e650ba68d53"
        ],
        "Access-Control-Expose-Headers": [
          "Request-Context"
        ],
        "Server": [
          "Microsoft-IIS/10.0"
        ],
        "X-Powered-By": [
          "ASP.NET"
        ],
        "x-ms-ratelimit-remaining-subscription-reads": [
          "11996"
        ],
        "x-ms-correlation-request-id": [
          "0f187f34-8717-4489-9cee-26956934a898"
        ],
        "x-ms-routing-request-id": [
          "NORTHEUROPE:20200907T154203Z:0f187f34-8717-4489-9cee-26956934a898"
        ],
        "Strict-Transport-Security": [
          "max-age=31536000; includeSubDomains"
        ],
        "X-Content-Type-Options": [
          "nosniff"
        ],
        "Date": [
          "Mon, 07 Sep 2020 15:42:03 GMT"
        ],
        "Content-Length": [
          "494"
        ],
        "Content-Type": [
          "application/json; charset=utf-8"
        ],
        "Expires": [
          "-1"
        ]
      },
      "ResponseBody": "{\r\n  \"id\": \"/subscriptions/0661b131-4a11-479b-96bf-2f95acca2f73/providers/Microsoft.NetApp/locations/westcentralus/operationResults/84121395-7b5a-421b-b98d-f19eb9ee118f\",\r\n  \"name\": \"84121395-7b5a-421b-b98d-f19eb9ee118f\",\r\n  \"status\": \"Succeeded\",\r\n  \"startTime\": \"2020-09-07T15:41:31.979415Z\",\r\n  \"endTime\": \"2020-09-07T15:41:33.0431075Z\",\r\n  \"percentComplete\": 100.0,\r\n  \"properties\": {\r\n    \"resourceName\": \"/subscriptions/0661b131-4a11-479b-96bf-2f95acca2f73/resourceGroups/ps1619/providers/Microsoft.NetApp/netAppAccounts/ps7700\"\r\n  }\r\n}",
      "StatusCode": 200
    },
    {
      "RequestUri": "/subscriptions/0661b131-4a11-479b-96bf-2f95acca2f73/resourcegroups/ps1619?api-version=2016-09-01",
      "EncodedRequestUri": "L3N1YnNjcmlwdGlvbnMvMDY2MWIxMzEtNGExMS00NzliLTk2YmYtMmY5NWFjY2EyZjczL3Jlc291cmNlZ3JvdXBzL3BzMTYxOT9hcGktdmVyc2lvbj0yMDE2LTA5LTAx",
      "RequestMethod": "DELETE",
      "RequestBody": "",
      "RequestHeaders": {
        "x-ms-client-request-id": [
          "ef3fe031-52b9-4ccc-8b70-34dad36b2b42"
        ],
        "Accept-Language": [
          "en-US"
        ],
        "User-Agent": [
          "FxVersion/4.6.29130.01",
          "OSName/Windows",
          "OSVersion/Microsoft.Windows.10.0.18363.",
          "Microsoft.Azure.Management.Internal.Resources.ResourceManagementClient/1.3.23"
        ]
      },
      "ResponseHeaders": {
        "Cache-Control": [
          "no-cache"
        ],
        "Pragma": [
          "no-cache"
        ],
        "Location": [
          "https://management.azure.com/subscriptions/0661b131-4a11-479b-96bf-2f95acca2f73/operationresults/eyJqb2JJZCI6IlJFU09VUkNFR1JPVVBERUxFVElPTkpPQi1QUzE2MTktV0VTVENFTlRSQUxVUyIsImpvYkxvY2F0aW9uIjoid2VzdGNlbnRyYWx1cyJ9?api-version=2016-09-01"
        ],
        "Retry-After": [
          "15"
        ],
        "x-ms-ratelimit-remaining-subscription-deletes": [
          "14999"
        ],
        "x-ms-request-id": [
          "469c2661-785d-4ee9-ab99-6c65354847be"
        ],
        "x-ms-correlation-request-id": [
          "469c2661-785d-4ee9-ab99-6c65354847be"
        ],
        "x-ms-routing-request-id": [
          "NORTHEUROPE:20200907T154208Z:469c2661-785d-4ee9-ab99-6c65354847be"
        ],
        "Strict-Transport-Security": [
          "max-age=31536000; includeSubDomains"
        ],
        "X-Content-Type-Options": [
          "nosniff"
        ],
        "Date": [
          "Mon, 07 Sep 2020 15:42:07 GMT"
        ],
        "Expires": [
          "-1"
        ],
        "Content-Length": [
          "0"
        ]
      },
      "ResponseBody": "",
      "StatusCode": 202
    },
    {
      "RequestUri": "/subscriptions/0661b131-4a11-479b-96bf-2f95acca2f73/operationresults/eyJqb2JJZCI6IlJFU09VUkNFR1JPVVBERUxFVElPTkpPQi1QUzE2MTktV0VTVENFTlRSQUxVUyIsImpvYkxvY2F0aW9uIjoid2VzdGNlbnRyYWx1cyJ9?api-version=2016-09-01",
      "EncodedRequestUri": "L3N1YnNjcmlwdGlvbnMvMDY2MWIxMzEtNGExMS00NzliLTk2YmYtMmY5NWFjY2EyZjczL29wZXJhdGlvbnJlc3VsdHMvZXlKcWIySkpaQ0k2SWxKRlUwOVZVa05GUjFKUFZWQkVSVXhGVkVsUFRrcFBRaTFRVXpFMk1Ua3RWMFZUVkVORlRsUlNRVXhWVXlJc0ltcHZZa3h2WTJGMGFXOXVJam9pZDJWemRHTmxiblJ5WVd4MWN5Sjk/YXBpLXZlcnNpb249MjAxNi0wOS0wMQ==",
      "RequestMethod": "GET",
      "RequestBody": "",
      "RequestHeaders": {
        "User-Agent": [
          "FxVersion/4.6.29130.01",
          "OSName/Windows",
          "OSVersion/Microsoft.Windows.10.0.18363.",
          "Microsoft.Azure.Management.Internal.Resources.ResourceManagementClient/1.3.23"
        ]
      },
      "ResponseHeaders": {
        "Cache-Control": [
          "no-cache"
        ],
        "Pragma": [
          "no-cache"
        ],
        "Location": [
          "https://management.azure.com/subscriptions/0661b131-4a11-479b-96bf-2f95acca2f73/operationresults/eyJqb2JJZCI6IlJFU09VUkNFR1JPVVBERUxFVElPTkpPQi1QUzE2MTktV0VTVENFTlRSQUxVUyIsImpvYkxvY2F0aW9uIjoid2VzdGNlbnRyYWx1cyJ9?api-version=2016-09-01"
        ],
        "Retry-After": [
          "15"
        ],
        "x-ms-ratelimit-remaining-subscription-reads": [
          "11999"
        ],
        "x-ms-request-id": [
          "4e513a29-d58f-4e5a-928f-c1c873d74cdf"
        ],
        "x-ms-correlation-request-id": [
          "4e513a29-d58f-4e5a-928f-c1c873d74cdf"
        ],
        "x-ms-routing-request-id": [
          "NORTHEUROPE:20200907T154223Z:4e513a29-d58f-4e5a-928f-c1c873d74cdf"
        ],
        "Strict-Transport-Security": [
          "max-age=31536000; includeSubDomains"
        ],
        "X-Content-Type-Options": [
          "nosniff"
        ],
        "Date": [
          "Mon, 07 Sep 2020 15:42:22 GMT"
        ],
        "Expires": [
          "-1"
        ],
        "Content-Length": [
          "0"
        ]
      },
      "ResponseBody": "",
      "StatusCode": 202
    },
    {
      "RequestUri": "/subscriptions/0661b131-4a11-479b-96bf-2f95acca2f73/operationresults/eyJqb2JJZCI6IlJFU09VUkNFR1JPVVBERUxFVElPTkpPQi1QUzE2MTktV0VTVENFTlRSQUxVUyIsImpvYkxvY2F0aW9uIjoid2VzdGNlbnRyYWx1cyJ9?api-version=2016-09-01",
      "EncodedRequestUri": "L3N1YnNjcmlwdGlvbnMvMDY2MWIxMzEtNGExMS00NzliLTk2YmYtMmY5NWFjY2EyZjczL29wZXJhdGlvbnJlc3VsdHMvZXlKcWIySkpaQ0k2SWxKRlUwOVZVa05GUjFKUFZWQkVSVXhGVkVsUFRrcFBRaTFRVXpFMk1Ua3RWMFZUVkVORlRsUlNRVXhWVXlJc0ltcHZZa3h2WTJGMGFXOXVJam9pZDJWemRHTmxiblJ5WVd4MWN5Sjk/YXBpLXZlcnNpb249MjAxNi0wOS0wMQ==",
      "RequestMethod": "GET",
      "RequestBody": "",
      "RequestHeaders": {
        "User-Agent": [
          "FxVersion/4.6.29130.01",
          "OSName/Windows",
          "OSVersion/Microsoft.Windows.10.0.18363.",
          "Microsoft.Azure.Management.Internal.Resources.ResourceManagementClient/1.3.23"
        ]
      },
      "ResponseHeaders": {
        "Cache-Control": [
          "no-cache"
        ],
        "Pragma": [
          "no-cache"
        ],
        "Location": [
          "https://management.azure.com/subscriptions/0661b131-4a11-479b-96bf-2f95acca2f73/operationresults/eyJqb2JJZCI6IlJFU09VUkNFR1JPVVBERUxFVElPTkpPQi1QUzE2MTktV0VTVENFTlRSQUxVUyIsImpvYkxvY2F0aW9uIjoid2VzdGNlbnRyYWx1cyJ9?api-version=2016-09-01"
        ],
        "Retry-After": [
          "15"
        ],
        "x-ms-ratelimit-remaining-subscription-reads": [
          "11998"
        ],
        "x-ms-request-id": [
          "1b20dc10-9e1b-4946-ab78-63c585bb8a8b"
        ],
        "x-ms-correlation-request-id": [
          "1b20dc10-9e1b-4946-ab78-63c585bb8a8b"
        ],
        "x-ms-routing-request-id": [
          "NORTHEUROPE:20200907T154238Z:1b20dc10-9e1b-4946-ab78-63c585bb8a8b"
        ],
        "Strict-Transport-Security": [
          "max-age=31536000; includeSubDomains"
        ],
        "X-Content-Type-Options": [
          "nosniff"
        ],
        "Date": [
          "Mon, 07 Sep 2020 15:42:37 GMT"
        ],
        "Expires": [
          "-1"
        ],
        "Content-Length": [
          "0"
        ]
      },
      "ResponseBody": "",
      "StatusCode": 202
    },
    {
      "RequestUri": "/subscriptions/0661b131-4a11-479b-96bf-2f95acca2f73/operationresults/eyJqb2JJZCI6IlJFU09VUkNFR1JPVVBERUxFVElPTkpPQi1QUzE2MTktV0VTVENFTlRSQUxVUyIsImpvYkxvY2F0aW9uIjoid2VzdGNlbnRyYWx1cyJ9?api-version=2016-09-01",
      "EncodedRequestUri": "L3N1YnNjcmlwdGlvbnMvMDY2MWIxMzEtNGExMS00NzliLTk2YmYtMmY5NWFjY2EyZjczL29wZXJhdGlvbnJlc3VsdHMvZXlKcWIySkpaQ0k2SWxKRlUwOVZVa05GUjFKUFZWQkVSVXhGVkVsUFRrcFBRaTFRVXpFMk1Ua3RWMFZUVkVORlRsUlNRVXhWVXlJc0ltcHZZa3h2WTJGMGFXOXVJam9pZDJWemRHTmxiblJ5WVd4MWN5Sjk/YXBpLXZlcnNpb249MjAxNi0wOS0wMQ==",
      "RequestMethod": "GET",
      "RequestBody": "",
      "RequestHeaders": {
        "User-Agent": [
          "FxVersion/4.6.29130.01",
          "OSName/Windows",
          "OSVersion/Microsoft.Windows.10.0.18363.",
          "Microsoft.Azure.Management.Internal.Resources.ResourceManagementClient/1.3.23"
        ]
      },
      "ResponseHeaders": {
        "Cache-Control": [
          "no-cache"
        ],
        "Pragma": [
          "no-cache"
        ],
        "Location": [
          "https://management.azure.com/subscriptions/0661b131-4a11-479b-96bf-2f95acca2f73/operationresults/eyJqb2JJZCI6IlJFU09VUkNFR1JPVVBERUxFVElPTkpPQi1QUzE2MTktV0VTVENFTlRSQUxVUyIsImpvYkxvY2F0aW9uIjoid2VzdGNlbnRyYWx1cyJ9?api-version=2016-09-01"
        ],
        "Retry-After": [
          "15"
        ],
        "x-ms-ratelimit-remaining-subscription-reads": [
          "11997"
        ],
        "x-ms-request-id": [
          "702573a8-1a4d-4bdd-a6bb-b732ce68404e"
        ],
        "x-ms-correlation-request-id": [
          "702573a8-1a4d-4bdd-a6bb-b732ce68404e"
        ],
        "x-ms-routing-request-id": [
          "NORTHEUROPE:20200907T154253Z:702573a8-1a4d-4bdd-a6bb-b732ce68404e"
        ],
        "Strict-Transport-Security": [
          "max-age=31536000; includeSubDomains"
        ],
        "X-Content-Type-Options": [
          "nosniff"
        ],
        "Date": [
          "Mon, 07 Sep 2020 15:42:53 GMT"
        ],
        "Expires": [
          "-1"
        ],
        "Content-Length": [
          "0"
        ]
      },
      "ResponseBody": "",
      "StatusCode": 202
    },
    {
      "RequestUri": "/subscriptions/0661b131-4a11-479b-96bf-2f95acca2f73/operationresults/eyJqb2JJZCI6IlJFU09VUkNFR1JPVVBERUxFVElPTkpPQi1QUzE2MTktV0VTVENFTlRSQUxVUyIsImpvYkxvY2F0aW9uIjoid2VzdGNlbnRyYWx1cyJ9?api-version=2016-09-01",
      "EncodedRequestUri": "L3N1YnNjcmlwdGlvbnMvMDY2MWIxMzEtNGExMS00NzliLTk2YmYtMmY5NWFjY2EyZjczL29wZXJhdGlvbnJlc3VsdHMvZXlKcWIySkpaQ0k2SWxKRlUwOVZVa05GUjFKUFZWQkVSVXhGVkVsUFRrcFBRaTFRVXpFMk1Ua3RWMFZUVkVORlRsUlNRVXhWVXlJc0ltcHZZa3h2WTJGMGFXOXVJam9pZDJWemRHTmxiblJ5WVd4MWN5Sjk/YXBpLXZlcnNpb249MjAxNi0wOS0wMQ==",
      "RequestMethod": "GET",
      "RequestBody": "",
      "RequestHeaders": {
        "User-Agent": [
          "FxVersion/4.6.29130.01",
          "OSName/Windows",
          "OSVersion/Microsoft.Windows.10.0.18363.",
          "Microsoft.Azure.Management.Internal.Resources.ResourceManagementClient/1.3.23"
        ]
      },
      "ResponseHeaders": {
        "Cache-Control": [
          "no-cache"
        ],
        "Pragma": [
          "no-cache"
        ],
        "Location": [
          "https://management.azure.com/subscriptions/0661b131-4a11-479b-96bf-2f95acca2f73/operationresults/eyJqb2JJZCI6IlJFU09VUkNFR1JPVVBERUxFVElPTkpPQi1QUzE2MTktV0VTVENFTlRSQUxVUyIsImpvYkxvY2F0aW9uIjoid2VzdGNlbnRyYWx1cyJ9?api-version=2016-09-01"
        ],
        "Retry-After": [
          "15"
        ],
        "x-ms-ratelimit-remaining-subscription-reads": [
          "11996"
        ],
        "x-ms-request-id": [
          "94a3e9f3-0174-46df-85ff-33f19188a631"
        ],
        "x-ms-correlation-request-id": [
          "94a3e9f3-0174-46df-85ff-33f19188a631"
        ],
        "x-ms-routing-request-id": [
          "NORTHEUROPE:20200907T154309Z:94a3e9f3-0174-46df-85ff-33f19188a631"
        ],
        "Strict-Transport-Security": [
          "max-age=31536000; includeSubDomains"
        ],
        "X-Content-Type-Options": [
          "nosniff"
        ],
        "Date": [
          "Mon, 07 Sep 2020 15:43:09 GMT"
        ],
        "Expires": [
          "-1"
        ],
        "Content-Length": [
          "0"
        ]
      },
      "ResponseBody": "",
      "StatusCode": 202
    },
    {
      "RequestUri": "/subscriptions/0661b131-4a11-479b-96bf-2f95acca2f73/operationresults/eyJqb2JJZCI6IlJFU09VUkNFR1JPVVBERUxFVElPTkpPQi1QUzE2MTktV0VTVENFTlRSQUxVUyIsImpvYkxvY2F0aW9uIjoid2VzdGNlbnRyYWx1cyJ9?api-version=2016-09-01",
      "EncodedRequestUri": "L3N1YnNjcmlwdGlvbnMvMDY2MWIxMzEtNGExMS00NzliLTk2YmYtMmY5NWFjY2EyZjczL29wZXJhdGlvbnJlc3VsdHMvZXlKcWIySkpaQ0k2SWxKRlUwOVZVa05GUjFKUFZWQkVSVXhGVkVsUFRrcFBRaTFRVXpFMk1Ua3RWMFZUVkVORlRsUlNRVXhWVXlJc0ltcHZZa3h2WTJGMGFXOXVJam9pZDJWemRHTmxiblJ5WVd4MWN5Sjk/YXBpLXZlcnNpb249MjAxNi0wOS0wMQ==",
      "RequestMethod": "GET",
      "RequestBody": "",
      "RequestHeaders": {
        "User-Agent": [
          "FxVersion/4.6.29130.01",
          "OSName/Windows",
          "OSVersion/Microsoft.Windows.10.0.18363.",
          "Microsoft.Azure.Management.Internal.Resources.ResourceManagementClient/1.3.23"
        ]
      },
      "ResponseHeaders": {
        "Cache-Control": [
          "no-cache"
        ],
        "Pragma": [
          "no-cache"
        ],
        "Location": [
          "https://management.azure.com/subscriptions/0661b131-4a11-479b-96bf-2f95acca2f73/operationresults/eyJqb2JJZCI6IlJFU09VUkNFR1JPVVBERUxFVElPTkpPQi1QUzE2MTktV0VTVENFTlRSQUxVUyIsImpvYkxvY2F0aW9uIjoid2VzdGNlbnRyYWx1cyJ9?api-version=2016-09-01"
        ],
        "Retry-After": [
          "15"
        ],
        "x-ms-ratelimit-remaining-subscription-reads": [
          "11995"
        ],
        "x-ms-request-id": [
          "75ce6c4e-6224-4a7d-b3e3-54b1dea823ba"
        ],
        "x-ms-correlation-request-id": [
          "75ce6c4e-6224-4a7d-b3e3-54b1dea823ba"
        ],
        "x-ms-routing-request-id": [
          "NORTHEUROPE:20200907T154324Z:75ce6c4e-6224-4a7d-b3e3-54b1dea823ba"
        ],
        "Strict-Transport-Security": [
          "max-age=31536000; includeSubDomains"
        ],
        "X-Content-Type-Options": [
          "nosniff"
        ],
        "Date": [
          "Mon, 07 Sep 2020 15:43:24 GMT"
        ],
        "Expires": [
          "-1"
        ],
        "Content-Length": [
          "0"
        ]
      },
      "ResponseBody": "",
      "StatusCode": 202
    },
    {
      "RequestUri": "/subscriptions/0661b131-4a11-479b-96bf-2f95acca2f73/operationresults/eyJqb2JJZCI6IlJFU09VUkNFR1JPVVBERUxFVElPTkpPQi1QUzE2MTktV0VTVENFTlRSQUxVUyIsImpvYkxvY2F0aW9uIjoid2VzdGNlbnRyYWx1cyJ9?api-version=2016-09-01",
      "EncodedRequestUri": "L3N1YnNjcmlwdGlvbnMvMDY2MWIxMzEtNGExMS00NzliLTk2YmYtMmY5NWFjY2EyZjczL29wZXJhdGlvbnJlc3VsdHMvZXlKcWIySkpaQ0k2SWxKRlUwOVZVa05GUjFKUFZWQkVSVXhGVkVsUFRrcFBRaTFRVXpFMk1Ua3RWMFZUVkVORlRsUlNRVXhWVXlJc0ltcHZZa3h2WTJGMGFXOXVJam9pZDJWemRHTmxiblJ5WVd4MWN5Sjk/YXBpLXZlcnNpb249MjAxNi0wOS0wMQ==",
      "RequestMethod": "GET",
      "RequestBody": "",
      "RequestHeaders": {
        "User-Agent": [
          "FxVersion/4.6.29130.01",
          "OSName/Windows",
          "OSVersion/Microsoft.Windows.10.0.18363.",
          "Microsoft.Azure.Management.Internal.Resources.ResourceManagementClient/1.3.23"
        ]
      },
      "ResponseHeaders": {
        "Cache-Control": [
          "no-cache"
        ],
        "Pragma": [
          "no-cache"
        ],
        "Location": [
          "https://management.azure.com/subscriptions/0661b131-4a11-479b-96bf-2f95acca2f73/operationresults/eyJqb2JJZCI6IlJFU09VUkNFR1JPVVBERUxFVElPTkpPQi1QUzE2MTktV0VTVENFTlRSQUxVUyIsImpvYkxvY2F0aW9uIjoid2VzdGNlbnRyYWx1cyJ9?api-version=2016-09-01"
        ],
        "Retry-After": [
          "15"
        ],
        "x-ms-ratelimit-remaining-subscription-reads": [
          "11994"
        ],
        "x-ms-request-id": [
          "d0cedd23-808d-4ef6-868b-f0347963496f"
        ],
        "x-ms-correlation-request-id": [
          "d0cedd23-808d-4ef6-868b-f0347963496f"
        ],
        "x-ms-routing-request-id": [
          "NORTHEUROPE:20200907T154339Z:d0cedd23-808d-4ef6-868b-f0347963496f"
        ],
        "Strict-Transport-Security": [
          "max-age=31536000; includeSubDomains"
        ],
        "X-Content-Type-Options": [
          "nosniff"
        ],
        "Date": [
          "Mon, 07 Sep 2020 15:43:39 GMT"
        ],
        "Expires": [
          "-1"
        ],
        "Content-Length": [
          "0"
        ]
      },
      "ResponseBody": "",
      "StatusCode": 202
    },
    {
      "RequestUri": "/subscriptions/0661b131-4a11-479b-96bf-2f95acca2f73/operationresults/eyJqb2JJZCI6IlJFU09VUkNFR1JPVVBERUxFVElPTkpPQi1QUzE2MTktV0VTVENFTlRSQUxVUyIsImpvYkxvY2F0aW9uIjoid2VzdGNlbnRyYWx1cyJ9?api-version=2016-09-01",
      "EncodedRequestUri": "L3N1YnNjcmlwdGlvbnMvMDY2MWIxMzEtNGExMS00NzliLTk2YmYtMmY5NWFjY2EyZjczL29wZXJhdGlvbnJlc3VsdHMvZXlKcWIySkpaQ0k2SWxKRlUwOVZVa05GUjFKUFZWQkVSVXhGVkVsUFRrcFBRaTFRVXpFMk1Ua3RWMFZUVkVORlRsUlNRVXhWVXlJc0ltcHZZa3h2WTJGMGFXOXVJam9pZDJWemRHTmxiblJ5WVd4MWN5Sjk/YXBpLXZlcnNpb249MjAxNi0wOS0wMQ==",
      "RequestMethod": "GET",
      "RequestBody": "",
      "RequestHeaders": {
        "User-Agent": [
          "FxVersion/4.6.29130.01",
          "OSName/Windows",
          "OSVersion/Microsoft.Windows.10.0.18363.",
          "Microsoft.Azure.Management.Internal.Resources.ResourceManagementClient/1.3.23"
        ]
      },
      "ResponseHeaders": {
        "Cache-Control": [
          "no-cache"
        ],
        "Pragma": [
          "no-cache"
        ],
        "Location": [
          "https://management.azure.com/subscriptions/0661b131-4a11-479b-96bf-2f95acca2f73/operationresults/eyJqb2JJZCI6IlJFU09VUkNFR1JPVVBERUxFVElPTkpPQi1QUzE2MTktV0VTVENFTlRSQUxVUyIsImpvYkxvY2F0aW9uIjoid2VzdGNlbnRyYWx1cyJ9?api-version=2016-09-01"
        ],
        "Retry-After": [
          "15"
        ],
        "x-ms-ratelimit-remaining-subscription-reads": [
          "11993"
        ],
        "x-ms-request-id": [
          "25ac5424-f9ea-4af0-9a0b-be5c1ea80aeb"
        ],
        "x-ms-correlation-request-id": [
          "25ac5424-f9ea-4af0-9a0b-be5c1ea80aeb"
        ],
        "x-ms-routing-request-id": [
          "NORTHEUROPE:20200907T154355Z:25ac5424-f9ea-4af0-9a0b-be5c1ea80aeb"
        ],
        "Strict-Transport-Security": [
          "max-age=31536000; includeSubDomains"
        ],
        "X-Content-Type-Options": [
          "nosniff"
        ],
        "Date": [
          "Mon, 07 Sep 2020 15:43:54 GMT"
        ],
        "Expires": [
          "-1"
        ],
        "Content-Length": [
          "0"
        ]
      },
      "ResponseBody": "",
      "StatusCode": 202
    },
    {
      "RequestUri": "/subscriptions/0661b131-4a11-479b-96bf-2f95acca2f73/operationresults/eyJqb2JJZCI6IlJFU09VUkNFR1JPVVBERUxFVElPTkpPQi1QUzE2MTktV0VTVENFTlRSQUxVUyIsImpvYkxvY2F0aW9uIjoid2VzdGNlbnRyYWx1cyJ9?api-version=2016-09-01",
      "EncodedRequestUri": "L3N1YnNjcmlwdGlvbnMvMDY2MWIxMzEtNGExMS00NzliLTk2YmYtMmY5NWFjY2EyZjczL29wZXJhdGlvbnJlc3VsdHMvZXlKcWIySkpaQ0k2SWxKRlUwOVZVa05GUjFKUFZWQkVSVXhGVkVsUFRrcFBRaTFRVXpFMk1Ua3RWMFZUVkVORlRsUlNRVXhWVXlJc0ltcHZZa3h2WTJGMGFXOXVJam9pZDJWemRHTmxiblJ5WVd4MWN5Sjk/YXBpLXZlcnNpb249MjAxNi0wOS0wMQ==",
      "RequestMethod": "GET",
      "RequestBody": "",
      "RequestHeaders": {
        "User-Agent": [
          "FxVersion/4.6.29130.01",
          "OSName/Windows",
          "OSVersion/Microsoft.Windows.10.0.18363.",
          "Microsoft.Azure.Management.Internal.Resources.ResourceManagementClient/1.3.23"
        ]
      },
      "ResponseHeaders": {
        "Cache-Control": [
          "no-cache"
        ],
        "Pragma": [
          "no-cache"
        ],
        "Location": [
          "https://management.azure.com/subscriptions/0661b131-4a11-479b-96bf-2f95acca2f73/operationresults/eyJqb2JJZCI6IlJFU09VUkNFR1JPVVBERUxFVElPTkpPQi1QUzE2MTktV0VTVENFTlRSQUxVUyIsImpvYkxvY2F0aW9uIjoid2VzdGNlbnRyYWx1cyJ9?api-version=2016-09-01"
        ],
        "Retry-After": [
          "15"
        ],
        "x-ms-ratelimit-remaining-subscription-reads": [
          "11992"
        ],
        "x-ms-request-id": [
          "ba29a207-61f2-412d-b957-8a592628d3eb"
        ],
        "x-ms-correlation-request-id": [
          "ba29a207-61f2-412d-b957-8a592628d3eb"
        ],
        "x-ms-routing-request-id": [
          "NORTHEUROPE:20200907T154410Z:ba29a207-61f2-412d-b957-8a592628d3eb"
        ],
        "Strict-Transport-Security": [
          "max-age=31536000; includeSubDomains"
        ],
        "X-Content-Type-Options": [
          "nosniff"
        ],
        "Date": [
          "Mon, 07 Sep 2020 15:44:09 GMT"
        ],
        "Expires": [
          "-1"
        ],
        "Content-Length": [
          "0"
        ]
      },
      "ResponseBody": "",
      "StatusCode": 202
    },
    {
      "RequestUri": "/subscriptions/0661b131-4a11-479b-96bf-2f95acca2f73/operationresults/eyJqb2JJZCI6IlJFU09VUkNFR1JPVVBERUxFVElPTkpPQi1QUzE2MTktV0VTVENFTlRSQUxVUyIsImpvYkxvY2F0aW9uIjoid2VzdGNlbnRyYWx1cyJ9?api-version=2016-09-01",
      "EncodedRequestUri": "L3N1YnNjcmlwdGlvbnMvMDY2MWIxMzEtNGExMS00NzliLTk2YmYtMmY5NWFjY2EyZjczL29wZXJhdGlvbnJlc3VsdHMvZXlKcWIySkpaQ0k2SWxKRlUwOVZVa05GUjFKUFZWQkVSVXhGVkVsUFRrcFBRaTFRVXpFMk1Ua3RWMFZUVkVORlRsUlNRVXhWVXlJc0ltcHZZa3h2WTJGMGFXOXVJam9pZDJWemRHTmxiblJ5WVd4MWN5Sjk/YXBpLXZlcnNpb249MjAxNi0wOS0wMQ==",
      "RequestMethod": "GET",
      "RequestBody": "",
      "RequestHeaders": {
        "User-Agent": [
          "FxVersion/4.6.29130.01",
          "OSName/Windows",
          "OSVersion/Microsoft.Windows.10.0.18363.",
          "Microsoft.Azure.Management.Internal.Resources.ResourceManagementClient/1.3.23"
        ]
      },
      "ResponseHeaders": {
        "Cache-Control": [
          "no-cache"
        ],
        "Pragma": [
          "no-cache"
        ],
        "Location": [
          "https://management.azure.com/subscriptions/0661b131-4a11-479b-96bf-2f95acca2f73/operationresults/eyJqb2JJZCI6IlJFU09VUkNFR1JPVVBERUxFVElPTkpPQi1QUzE2MTktV0VTVENFTlRSQUxVUyIsImpvYkxvY2F0aW9uIjoid2VzdGNlbnRyYWx1cyJ9?api-version=2016-09-01"
        ],
        "Retry-After": [
          "15"
        ],
        "x-ms-ratelimit-remaining-subscription-reads": [
          "11991"
        ],
        "x-ms-request-id": [
          "e485ad8f-c53c-4fc7-ae03-73f610b672f1"
        ],
        "x-ms-correlation-request-id": [
          "e485ad8f-c53c-4fc7-ae03-73f610b672f1"
        ],
        "x-ms-routing-request-id": [
          "NORTHEUROPE:20200907T154425Z:e485ad8f-c53c-4fc7-ae03-73f610b672f1"
        ],
        "Strict-Transport-Security": [
          "max-age=31536000; includeSubDomains"
        ],
        "X-Content-Type-Options": [
          "nosniff"
        ],
        "Date": [
          "Mon, 07 Sep 2020 15:44:25 GMT"
        ],
        "Expires": [
          "-1"
        ],
        "Content-Length": [
          "0"
        ]
      },
      "ResponseBody": "",
      "StatusCode": 202
    },
    {
      "RequestUri": "/subscriptions/0661b131-4a11-479b-96bf-2f95acca2f73/operationresults/eyJqb2JJZCI6IlJFU09VUkNFR1JPVVBERUxFVElPTkpPQi1QUzE2MTktV0VTVENFTlRSQUxVUyIsImpvYkxvY2F0aW9uIjoid2VzdGNlbnRyYWx1cyJ9?api-version=2016-09-01",
      "EncodedRequestUri": "L3N1YnNjcmlwdGlvbnMvMDY2MWIxMzEtNGExMS00NzliLTk2YmYtMmY5NWFjY2EyZjczL29wZXJhdGlvbnJlc3VsdHMvZXlKcWIySkpaQ0k2SWxKRlUwOVZVa05GUjFKUFZWQkVSVXhGVkVsUFRrcFBRaTFRVXpFMk1Ua3RWMFZUVkVORlRsUlNRVXhWVXlJc0ltcHZZa3h2WTJGMGFXOXVJam9pZDJWemRHTmxiblJ5WVd4MWN5Sjk/YXBpLXZlcnNpb249MjAxNi0wOS0wMQ==",
      "RequestMethod": "GET",
      "RequestBody": "",
      "RequestHeaders": {
        "User-Agent": [
          "FxVersion/4.6.29130.01",
          "OSName/Windows",
          "OSVersion/Microsoft.Windows.10.0.18363.",
          "Microsoft.Azure.Management.Internal.Resources.ResourceManagementClient/1.3.23"
        ]
      },
      "ResponseHeaders": {
        "Cache-Control": [
          "no-cache"
        ],
        "Pragma": [
          "no-cache"
        ],
        "Location": [
          "https://management.azure.com/subscriptions/0661b131-4a11-479b-96bf-2f95acca2f73/operationresults/eyJqb2JJZCI6IlJFU09VUkNFR1JPVVBERUxFVElPTkpPQi1QUzE2MTktV0VTVENFTlRSQUxVUyIsImpvYkxvY2F0aW9uIjoid2VzdGNlbnRyYWx1cyJ9?api-version=2016-09-01"
        ],
        "Retry-After": [
          "15"
        ],
        "x-ms-ratelimit-remaining-subscription-reads": [
          "11990"
        ],
        "x-ms-request-id": [
          "134bb478-b9d2-4c0b-a134-1b49e502d39e"
        ],
        "x-ms-correlation-request-id": [
          "134bb478-b9d2-4c0b-a134-1b49e502d39e"
        ],
        "x-ms-routing-request-id": [
          "NORTHEUROPE:20200907T154440Z:134bb478-b9d2-4c0b-a134-1b49e502d39e"
        ],
        "Strict-Transport-Security": [
          "max-age=31536000; includeSubDomains"
        ],
        "X-Content-Type-Options": [
          "nosniff"
        ],
        "Date": [
          "Mon, 07 Sep 2020 15:44:40 GMT"
        ],
        "Expires": [
          "-1"
        ],
        "Content-Length": [
          "0"
        ]
      },
      "ResponseBody": "",
      "StatusCode": 202
    },
    {
      "RequestUri": "/subscriptions/0661b131-4a11-479b-96bf-2f95acca2f73/operationresults/eyJqb2JJZCI6IlJFU09VUkNFR1JPVVBERUxFVElPTkpPQi1QUzE2MTktV0VTVENFTlRSQUxVUyIsImpvYkxvY2F0aW9uIjoid2VzdGNlbnRyYWx1cyJ9?api-version=2016-09-01",
      "EncodedRequestUri": "L3N1YnNjcmlwdGlvbnMvMDY2MWIxMzEtNGExMS00NzliLTk2YmYtMmY5NWFjY2EyZjczL29wZXJhdGlvbnJlc3VsdHMvZXlKcWIySkpaQ0k2SWxKRlUwOVZVa05GUjFKUFZWQkVSVXhGVkVsUFRrcFBRaTFRVXpFMk1Ua3RWMFZUVkVORlRsUlNRVXhWVXlJc0ltcHZZa3h2WTJGMGFXOXVJam9pZDJWemRHTmxiblJ5WVd4MWN5Sjk/YXBpLXZlcnNpb249MjAxNi0wOS0wMQ==",
      "RequestMethod": "GET",
      "RequestBody": "",
      "RequestHeaders": {
        "User-Agent": [
          "FxVersion/4.6.29130.01",
          "OSName/Windows",
          "OSVersion/Microsoft.Windows.10.0.18363.",
          "Microsoft.Azure.Management.Internal.Resources.ResourceManagementClient/1.3.23"
        ]
      },
      "ResponseHeaders": {
        "Cache-Control": [
          "no-cache"
        ],
        "Pragma": [
          "no-cache"
        ],
        "x-ms-ratelimit-remaining-subscription-reads": [
          "11989"
        ],
        "x-ms-request-id": [
          "aaf2b86a-0987-40bd-b61e-7a0df2debf21"
        ],
        "x-ms-correlation-request-id": [
          "aaf2b86a-0987-40bd-b61e-7a0df2debf21"
        ],
        "x-ms-routing-request-id": [
          "NORTHEUROPE:20200907T154456Z:aaf2b86a-0987-40bd-b61e-7a0df2debf21"
        ],
        "Strict-Transport-Security": [
          "max-age=31536000; includeSubDomains"
        ],
        "X-Content-Type-Options": [
          "nosniff"
        ],
        "Date": [
          "Mon, 07 Sep 2020 15:44:55 GMT"
        ],
        "Expires": [
          "-1"
        ],
        "Content-Length": [
          "0"
        ]
      },
      "ResponseBody": "",
      "StatusCode": 200
    },
    {
      "RequestUri": "/subscriptions/0661b131-4a11-479b-96bf-2f95acca2f73/operationresults/eyJqb2JJZCI6IlJFU09VUkNFR1JPVVBERUxFVElPTkpPQi1QUzE2MTktV0VTVENFTlRSQUxVUyIsImpvYkxvY2F0aW9uIjoid2VzdGNlbnRyYWx1cyJ9?api-version=2016-09-01",
      "EncodedRequestUri": "L3N1YnNjcmlwdGlvbnMvMDY2MWIxMzEtNGExMS00NzliLTk2YmYtMmY5NWFjY2EyZjczL29wZXJhdGlvbnJlc3VsdHMvZXlKcWIySkpaQ0k2SWxKRlUwOVZVa05GUjFKUFZWQkVSVXhGVkVsUFRrcFBRaTFRVXpFMk1Ua3RWMFZUVkVORlRsUlNRVXhWVXlJc0ltcHZZa3h2WTJGMGFXOXVJam9pZDJWemRHTmxiblJ5WVd4MWN5Sjk/YXBpLXZlcnNpb249MjAxNi0wOS0wMQ==",
      "RequestMethod": "GET",
      "RequestBody": "",
      "RequestHeaders": {
        "User-Agent": [
          "FxVersion/4.6.29130.01",
          "OSName/Windows",
          "OSVersion/Microsoft.Windows.10.0.18363.",
          "Microsoft.Azure.Management.Internal.Resources.ResourceManagementClient/1.3.23"
        ]
      },
      "ResponseHeaders": {
        "Cache-Control": [
          "no-cache"
        ],
        "Pragma": [
          "no-cache"
        ],
        "x-ms-ratelimit-remaining-subscription-reads": [
          "11988"
        ],
        "x-ms-request-id": [
          "b82d9605-5007-4248-bb6b-cf2e578bbf54"
        ],
        "x-ms-correlation-request-id": [
          "b82d9605-5007-4248-bb6b-cf2e578bbf54"
        ],
        "x-ms-routing-request-id": [
          "NORTHEUROPE:20200907T154456Z:b82d9605-5007-4248-bb6b-cf2e578bbf54"
        ],
        "Strict-Transport-Security": [
          "max-age=31536000; includeSubDomains"
        ],
        "X-Content-Type-Options": [
          "nosniff"
        ],
        "Date": [
          "Mon, 07 Sep 2020 15:44:55 GMT"
        ],
        "Expires": [
          "-1"
        ],
        "Content-Length": [
          "0"
        ]
      },
      "ResponseBody": "",
      "StatusCode": 200
    }
  ],
  "Names": {
    "Test-AccountActiveDirectory": [
      "ps1619",
      "ps7700",
      "ps1056",
      "ps5977"
    ]
  },
  "Variables": {
    "SubscriptionId": "0661b131-4a11-479b-96bf-2f95acca2f73"
  }
}