{
  "Entries": [
    {
      "RequestUri": "/subscriptions/69a75bda-882e-44d5-8431-63421204132a/resourcegroups/ps4734?api-version=2016-09-01",
      "EncodedRequestUri": "L3N1YnNjcmlwdGlvbnMvNjlhNzViZGEtODgyZS00NGQ1LTg0MzEtNjM0MjEyMDQxMzJhL3Jlc291cmNlZ3JvdXBzL3BzNDczND9hcGktdmVyc2lvbj0yMDE2LTA5LTAx",
      "RequestMethod": "PUT",
      "RequestHeaders": {
        "x-ms-client-request-id": [
          "af1afcce-3dd8-46c2-be0b-81913f9edb80"
        ],
        "Accept-Language": [
          "en-US"
        ],
        "User-Agent": [
          "FxVersion/4.700.22.55902",
          "OSName/Windows",
          "OSVersion/Microsoft.Windows.10.0.22000",
          "Microsoft.Azure.Management.Internal.Resources.ResourceManagementClient/1.3.67"
        ],
        "Content-Type": [
          "application/json; charset=utf-8"
        ],
        "Content-Length": [
          "79"
        ]
      },
      "RequestBody": "{\r\n  \"location\": \"westcentralus\",\r\n  \"tags\": {\r\n    \"owner\": \"b-aubald\"\r\n  }\r\n}",
      "ResponseHeaders": {
        "Cache-Control": [
          "no-cache"
        ],
        "Pragma": [
          "no-cache"
        ],
        "x-ms-ratelimit-remaining-subscription-writes": [
          "1199"
        ],
        "x-ms-request-id": [
          "bbfe551e-a5de-413a-ba03-6be2dd13fb35"
        ],
        "x-ms-correlation-request-id": [
          "bbfe551e-a5de-413a-ba03-6be2dd13fb35"
        ],
        "x-ms-routing-request-id": [
          "WESTEUROPE:20230103T122526Z:bbfe551e-a5de-413a-ba03-6be2dd13fb35"
        ],
        "Strict-Transport-Security": [
          "max-age=31536000; includeSubDomains"
        ],
        "X-Content-Type-Options": [
          "nosniff"
        ],
        "Date": [
          "Tue, 03 Jan 2023 12:25:26 GMT"
        ],
        "Content-Length": [
          "268"
        ],
        "Content-Type": [
          "application/json; charset=utf-8"
        ],
        "Expires": [
          "-1"
        ]
      },
      "ResponseBody": "{\r\n  \"id\": \"/subscriptions/69a75bda-882e-44d5-8431-63421204132a/resourceGroups/ps4734\",\r\n  \"name\": \"ps4734\",\r\n  \"location\": \"westcentralus\",\r\n  \"tags\": {\r\n    \"owner\": \"b-aubald\",\r\n    \"CreatedOnDate\": \"2023-01-03T12:25:24.1635161Z\",\r\n    \"SkipNRMSNSG\": \"true\"\r\n  },\r\n  \"properties\": {\r\n    \"provisioningState\": \"Succeeded\"\r\n  }\r\n}",
      "StatusCode": 201
    },
    {
      "RequestUri": "/subscriptions/69a75bda-882e-44d5-8431-63421204132a/resourceGroups/ps4734/providers/Microsoft.NetApp/netAppAccounts/ps1484?api-version=2022-05-01",
      "EncodedRequestUri": "L3N1YnNjcmlwdGlvbnMvNjlhNzViZGEtODgyZS00NGQ1LTg0MzEtNjM0MjEyMDQxMzJhL3Jlc291cmNlR3JvdXBzL3BzNDczNC9wcm92aWRlcnMvTWljcm9zb2Z0Lk5ldEFwcC9uZXRBcHBBY2NvdW50cy9wczE0ODQ/YXBpLXZlcnNpb249MjAyMi0wNS0wMQ==",
      "RequestMethod": "GET",
      "RequestHeaders": {
        "x-ms-client-request-id": [
          "39590c3f-d699-48d1-a75d-f65839913520"
        ],
        "Accept-Language": [
          "en-US"
        ],
        "User-Agent": [
          "FxVersion/4.700.22.55902",
          "OSName/Windows",
          "OSVersion/Microsoft.Windows.10.0.22000",
          "Microsoft.Azure.Management.NetApp.AzureNetAppFilesManagementClient/0.0.0.0"
        ]
      },
      "RequestBody": "",
      "ResponseHeaders": {
        "Cache-Control": [
          "no-cache"
        ],
        "Pragma": [
          "no-cache"
        ],
        "x-ms-failure-cause": [
          "gateway"
        ],
        "x-ms-request-id": [
          "aadbf4f3-cf42-4d41-bb05-18b1f524c89f"
        ],
        "x-ms-correlation-request-id": [
          "aadbf4f3-cf42-4d41-bb05-18b1f524c89f"
        ],
        "x-ms-routing-request-id": [
          "WESTEUROPE:20230103T122527Z:aadbf4f3-cf42-4d41-bb05-18b1f524c89f"
        ],
        "Strict-Transport-Security": [
          "max-age=31536000; includeSubDomains"
        ],
        "X-Content-Type-Options": [
          "nosniff"
        ],
        "Date": [
          "Tue, 03 Jan 2023 12:25:27 GMT"
        ],
        "Content-Type": [
          "application/json; charset=utf-8"
        ],
        "Expires": [
          "-1"
        ],
        "Content-Length": [
          "216"
        ]
      },
      "ResponseBody": "{\r\n  \"error\": {\r\n    \"code\": \"ResourceNotFound\",\r\n    \"message\": \"The Resource 'Microsoft.NetApp/netAppAccounts/ps1484' under resource group 'ps4734' was not found. For more details please go to https://aka.ms/ARMResourceNotFoundFix\"\r\n  }\r\n}",
      "StatusCode": 404
    },
    {
      "RequestUri": "/subscriptions/69a75bda-882e-44d5-8431-63421204132a/resourceGroups/ps4734/providers/Microsoft.NetApp/netAppAccounts/ps1484?api-version=2022-05-01",
      "EncodedRequestUri": "L3N1YnNjcmlwdGlvbnMvNjlhNzViZGEtODgyZS00NGQ1LTg0MzEtNjM0MjEyMDQxMzJhL3Jlc291cmNlR3JvdXBzL3BzNDczNC9wcm92aWRlcnMvTWljcm9zb2Z0Lk5ldEFwcC9uZXRBcHBBY2NvdW50cy9wczE0ODQ/YXBpLXZlcnNpb249MjAyMi0wNS0wMQ==",
      "RequestMethod": "GET",
      "RequestHeaders": {
        "x-ms-client-request-id": [
          "39590c3f-d699-48d1-a75d-f65839913520"
        ],
        "User-Agent": [
          "FxVersion/4.700.22.55902",
          "OSName/Windows",
          "OSVersion/Microsoft.Windows.10.0.22000",
          "Microsoft.Azure.Management.NetApp.AzureNetAppFilesManagementClient/0.0.0.0"
        ]
      },
      "RequestBody": "",
      "ResponseHeaders": {
        "Cache-Control": [
          "no-cache"
        ],
        "Pragma": [
          "no-cache"
        ],
        "ETag": [
          "W/\"datetime'2023-01-03T12%3A25%3A31.8681577Z'\""
        ],
        "x-ms-request-id": [
          "faabfbb4-7c24-4f1b-8da1-79d72eb62b50"
        ],
        "Strict-Transport-Security": [
          "max-age=31536000; includeSubDomains"
        ],
        "Server": [
          "Microsoft-IIS/10.0"
        ],
        "X-Powered-By": [
          "ASP.NET"
        ],
        "x-ms-ratelimit-remaining-subscription-reads": [
          "11997"
        ],
        "x-ms-correlation-request-id": [
          "b8f32d0c-125d-414e-9a99-cbda6434b1be"
        ],
        "x-ms-routing-request-id": [
          "WESTEUROPE:20230103T122604Z:b8f32d0c-125d-414e-9a99-cbda6434b1be"
        ],
        "X-Content-Type-Options": [
          "nosniff"
        ],
        "Date": [
          "Tue, 03 Jan 2023 12:26:03 GMT"
        ],
        "Content-Length": [
          "1154"
        ],
        "Content-Type": [
          "application/json; charset=utf-8"
        ],
        "Expires": [
          "-1"
        ]
      },
      "ResponseBody": "{\r\n  \"id\": \"/subscriptions/69a75bda-882e-44d5-8431-63421204132a/resourceGroups/ps4734/providers/Microsoft.NetApp/netAppAccounts/ps1484\",\r\n  \"name\": \"ps1484\",\r\n  \"type\": \"Microsoft.NetApp/netAppAccounts\",\r\n  \"etag\": \"W/\\\"datetime'2023-01-03T12%3A25%3A31.8681577Z'\\\"\",\r\n  \"location\": \"westcentralus\",\r\n  \"tags\": {\r\n    \"CreatedOnDate\": \"2023-01-03T12:25:29.163612Z\"\r\n  },\r\n  \"properties\": {\r\n    \"activeDirectories\": [\r\n      {\r\n        \"site\": \"Default-First-Site-Name\",\r\n        \"activeDirectoryId\": \"88c33840-fd2e-668c-08ba-da1291753572\",\r\n        \"username\": \"cds\",\r\n        \"password\": \"****************\",\r\n        \"domain\": \"qatest.com\",\r\n        \"dns\": \"10.3.39.20\",\r\n        \"status\": \"InUse\",\r\n        \"smbServerName\": \"QATEST\",\r\n        \"organizationalUnit\": \"CN=Computers\",\r\n        \"adName\": \"windows-vm-ad\",\r\n        \"aesEncryption\": false,\r\n        \"ldapSigning\": false,\r\n        \"ldapOverTLS\": false,\r\n        \"allowLocalNfsUsersWithLdap\": false,\r\n        \"encryptDCConnections\": false,\r\n        \"ldapSearchScope\": {}\r\n      }\r\n    ],\r\n    \"encryption\": {\r\n      \"keySource\": \"Microsoft.NetApp\"\r\n    },\r\n    \"provisioningState\": \"Succeeded\"\r\n  },\r\n  \"systemData\": {\r\n    \"createdBy\": \"c6c4faba-2b22-44d9-80a4-71ff5b71f811\",\r\n    \"createdByType\": \"Application\",\r\n    \"createdAt\": \"2023-01-03T12:25:31.5223399Z\",\r\n    \"lastModifiedBy\": \"c6c4faba-2b22-44d9-80a4-71ff5b71f811\",\r\n    \"lastModifiedByType\": \"Application\",\r\n    \"lastModifiedAt\": \"2023-01-03T12:25:31.5223399Z\"\r\n  }\r\n}",
      "StatusCode": 200
    },
    {
      "RequestUri": "/subscriptions/69a75bda-882e-44d5-8431-63421204132a/resourceGroups/ps4734/providers/Microsoft.NetApp/netAppAccounts/ps1484?api-version=2022-05-01",
      "EncodedRequestUri": "L3N1YnNjcmlwdGlvbnMvNjlhNzViZGEtODgyZS00NGQ1LTg0MzEtNjM0MjEyMDQxMzJhL3Jlc291cmNlR3JvdXBzL3BzNDczNC9wcm92aWRlcnMvTWljcm9zb2Z0Lk5ldEFwcC9uZXRBcHBBY2NvdW50cy9wczE0ODQ/YXBpLXZlcnNpb249MjAyMi0wNS0wMQ==",
      "RequestMethod": "PUT",
      "RequestHeaders": {
        "x-ms-client-request-id": [
          "39590c3f-d699-48d1-a75d-f65839913520"
        ],
        "Accept-Language": [
          "en-US"
        ],
        "User-Agent": [
          "FxVersion/4.700.22.55902",
          "OSName/Windows",
          "OSVersion/Microsoft.Windows.10.0.22000",
          "Microsoft.Azure.Management.NetApp.AzureNetAppFilesManagementClient/0.0.0.0"
        ],
        "Content-Type": [
          "application/json; charset=utf-8"
        ],
        "Content-Length": [
          "35"
        ]
      },
      "RequestBody": "{\r\n  \"location\": \"westcentralus\"\r\n}",
      "ResponseHeaders": {
        "Cache-Control": [
          "no-cache"
        ],
        "Pragma": [
          "no-cache"
        ],
        "ETag": [
          "W/\"datetime'2023-01-03T12%3A25%3A31.7065546Z'\""
        ],
        "x-ms-request-id": [
          "6385b58b-aab3-4207-8760-a345bd8fb028"
        ],
        "Azure-AsyncOperation": [
          "https://management.azure.com/subscriptions/69a75bda-882e-44d5-8431-63421204132a/providers/Microsoft.NetApp/locations/westcentralus/operationResults/f1b261f5-6958-4941-86c3-e30b6aa1e479?api-version=2022-05-01"
        ],
        "Strict-Transport-Security": [
          "max-age=31536000; includeSubDomains"
        ],
        "Server": [
          "Microsoft-IIS/10.0"
        ],
        "X-Powered-By": [
          "ASP.NET"
        ],
        "x-ms-ratelimit-remaining-subscription-writes": [
          "1199"
        ],
        "x-ms-correlation-request-id": [
          "7d59014c-d57f-4a31-bbe3-97143b59933a"
        ],
        "x-ms-routing-request-id": [
          "WESTEUROPE:20230103T122533Z:7d59014c-d57f-4a31-bbe3-97143b59933a"
        ],
        "X-Content-Type-Options": [
          "nosniff"
        ],
        "Date": [
          "Tue, 03 Jan 2023 12:25:33 GMT"
        ],
        "Content-Length": [
          "653"
        ],
        "Content-Type": [
          "application/json; charset=utf-8"
        ],
        "Expires": [
          "-1"
        ]
      },
      "ResponseBody": "{\r\n  \"id\": \"/subscriptions/69a75bda-882e-44d5-8431-63421204132a/resourceGroups/ps4734/providers/Microsoft.NetApp/netAppAccounts/ps1484\",\r\n  \"name\": \"ps1484\",\r\n  \"type\": \"Microsoft.NetApp/netAppAccounts\",\r\n  \"etag\": \"W/\\\"datetime'2023-01-03T12%3A25%3A31.7065546Z'\\\"\",\r\n  \"location\": \"westcentralus\",\r\n  \"tags\": {\r\n    \"CreatedOnDate\": \"2023-01-03T12:25:29.163612Z\"\r\n  },\r\n  \"properties\": {\r\n    \"provisioningState\": \"Creating\"\r\n  },\r\n  \"systemData\": {\r\n    \"createdBy\": \"c6c4faba-2b22-44d9-80a4-71ff5b71f811\",\r\n    \"createdByType\": \"Application\",\r\n    \"createdAt\": \"2023-01-03T12:25:31.5223399Z\",\r\n    \"lastModifiedBy\": \"c6c4faba-2b22-44d9-80a4-71ff5b71f811\",\r\n    \"lastModifiedByType\": \"Application\",\r\n    \"lastModifiedAt\": \"2023-01-03T12:25:31.5223399Z\"\r\n  }\r\n}",
      "StatusCode": 201
    },
    {
      "RequestUri": "/subscriptions/69a75bda-882e-44d5-8431-63421204132a/providers/Microsoft.NetApp/locations/westcentralus/operationResults/f1b261f5-6958-4941-86c3-e30b6aa1e479?api-version=2022-05-01",
      "EncodedRequestUri": "L3N1YnNjcmlwdGlvbnMvNjlhNzViZGEtODgyZS00NGQ1LTg0MzEtNjM0MjEyMDQxMzJhL3Byb3ZpZGVycy9NaWNyb3NvZnQuTmV0QXBwL2xvY2F0aW9ucy93ZXN0Y2VudHJhbHVzL29wZXJhdGlvblJlc3VsdHMvZjFiMjYxZjUtNjk1OC00OTQxLTg2YzMtZTMwYjZhYTFlNDc5P2FwaS12ZXJzaW9uPTIwMjItMDUtMDE=",
      "RequestMethod": "GET",
      "RequestHeaders": {
        "x-ms-client-request-id": [
          "39590c3f-d699-48d1-a75d-f65839913520"
        ],
        "User-Agent": [
          "FxVersion/4.700.22.55902",
          "OSName/Windows",
          "OSVersion/Microsoft.Windows.10.0.22000",
          "Microsoft.Azure.Management.NetApp.AzureNetAppFilesManagementClient/0.0.0.0"
        ]
      },
      "RequestBody": "",
      "ResponseHeaders": {
        "Cache-Control": [
          "no-cache"
        ],
        "Pragma": [
          "no-cache"
        ],
        "x-ms-request-id": [
          "0c0bd2c1-b83a-4cd6-a3b3-a30b0b09d221"
        ],
        "Strict-Transport-Security": [
          "max-age=31536000; includeSubDomains"
        ],
        "Server": [
          "Microsoft-IIS/10.0"
        ],
        "X-Powered-By": [
          "ASP.NET"
        ],
        "x-ms-ratelimit-remaining-subscription-reads": [
          "11998"
        ],
        "x-ms-correlation-request-id": [
          "2cf95f28-0bd0-4373-a810-d887db6e351b"
        ],
        "x-ms-routing-request-id": [
          "WESTEUROPE:20230103T122603Z:2cf95f28-0bd0-4373-a810-d887db6e351b"
        ],
        "X-Content-Type-Options": [
          "nosniff"
        ],
        "Date": [
          "Tue, 03 Jan 2023 12:26:03 GMT"
        ],
        "Content-Length": [
          "511"
        ],
        "Content-Type": [
          "application/json; charset=utf-8"
        ],
        "Expires": [
          "-1"
        ]
      },
      "ResponseBody": "{\r\n  \"id\": \"/subscriptions/69a75bda-882e-44d5-8431-63421204132a/providers/Microsoft.NetApp/locations/westcentralus/operationResults/f1b261f5-6958-4941-86c3-e30b6aa1e479\",\r\n  \"name\": \"f1b261f5-6958-4941-86c3-e30b6aa1e479\",\r\n  \"status\": \"Succeeded\",\r\n  \"startTime\": \"2023-01-03T12:25:31.70862Z\",\r\n  \"endTime\": \"2023-01-03T12:25:31.8692697Z\",\r\n  \"percentComplete\": 100.0,\r\n  \"properties\": {\r\n    \"resourceName\": \"/subscriptions/69a75bda-882e-44d5-8431-63421204132a/resourceGroups/ps4734/providers/Microsoft.NetApp/netAppAccounts/ps1484\",\r\n    \"action\": \"CREATE\"\r\n  }\r\n}",
      "StatusCode": 200
    },
    {
      "RequestUri": "/subscriptions/69a75bda-882e-44d5-8431-63421204132a/resourceGroups/ps4734/providers/Microsoft.NetApp/netAppAccounts/ps1484?api-version=2022-05-01",
      "EncodedRequestUri": "L3N1YnNjcmlwdGlvbnMvNjlhNzViZGEtODgyZS00NGQ1LTg0MzEtNjM0MjEyMDQxMzJhL3Jlc291cmNlR3JvdXBzL3BzNDczNC9wcm92aWRlcnMvTWljcm9zb2Z0Lk5ldEFwcC9uZXRBcHBBY2NvdW50cy9wczE0ODQ/YXBpLXZlcnNpb249MjAyMi0wNS0wMQ==",
      "RequestMethod": "DELETE",
      "RequestHeaders": {
        "x-ms-client-request-id": [
          "39590c3f-d699-48d1-a75d-f65839913520"
        ],
        "Accept-Language": [
          "en-US"
        ],
        "User-Agent": [
          "FxVersion/4.700.22.55902",
          "OSName/Windows",
          "OSVersion/Microsoft.Windows.10.0.22000",
          "Microsoft.Azure.Management.NetApp.AzureNetAppFilesManagementClient/0.0.0.0"
        ]
      },
      "RequestBody": "",
      "ResponseHeaders": {
        "Cache-Control": [
          "no-cache"
        ],
        "Pragma": [
          "no-cache"
        ],
        "Location": [
          "https://management.azure.com/subscriptions/69a75bda-882e-44d5-8431-63421204132a/providers/Microsoft.NetApp/locations/westcentralus/operationResults/b30d20cb-3ec9-44ac-af81-20ae3dd71ce1?api-version=2022-05-01&operationResultResponseType=Location"
        ],
        "Azure-AsyncOperation": [
          "https://management.azure.com/subscriptions/69a75bda-882e-44d5-8431-63421204132a/providers/Microsoft.NetApp/locations/westcentralus/operationResults/b30d20cb-3ec9-44ac-af81-20ae3dd71ce1?api-version=2022-05-01"
        ],
        "Strict-Transport-Security": [
          "max-age=31536000; includeSubDomains"
        ],
        "Server": [
          "Microsoft-IIS/10.0"
        ],
        "X-Powered-By": [
          "ASP.NET"
        ],
        "x-ms-ratelimit-remaining-subscription-deletes": [
          "14999"
        ],
        "x-ms-request-id": [
          "c6bfbac8-a4cb-4f6e-8f2a-a7f6ab1801ad"
        ],
        "x-ms-correlation-request-id": [
          "c6bfbac8-a4cb-4f6e-8f2a-a7f6ab1801ad"
        ],
        "x-ms-routing-request-id": [
          "WESTEUROPE:20230103T122607Z:c6bfbac8-a4cb-4f6e-8f2a-a7f6ab1801ad"
        ],
        "X-Content-Type-Options": [
          "nosniff"
        ],
        "Date": [
          "Tue, 03 Jan 2023 12:26:06 GMT"
        ],
        "Expires": [
          "-1"
        ],
        "Content-Length": [
          "0"
        ]
      },
      "ResponseBody": "",
      "StatusCode": 202
    },
    {
      "RequestUri": "/subscriptions/69a75bda-882e-44d5-8431-63421204132a/providers/Microsoft.NetApp/locations/westcentralus/operationResults/b30d20cb-3ec9-44ac-af81-20ae3dd71ce1?api-version=2022-05-01",
      "EncodedRequestUri": "L3N1YnNjcmlwdGlvbnMvNjlhNzViZGEtODgyZS00NGQ1LTg0MzEtNjM0MjEyMDQxMzJhL3Byb3ZpZGVycy9NaWNyb3NvZnQuTmV0QXBwL2xvY2F0aW9ucy93ZXN0Y2VudHJhbHVzL29wZXJhdGlvblJlc3VsdHMvYjMwZDIwY2ItM2VjOS00NGFjLWFmODEtMjBhZTNkZDcxY2UxP2FwaS12ZXJzaW9uPTIwMjItMDUtMDE=",
      "RequestMethod": "GET",
      "RequestHeaders": {
        "x-ms-client-request-id": [
          "39590c3f-d699-48d1-a75d-f65839913520"
        ],
        "User-Agent": [
          "FxVersion/4.700.22.55902",
          "OSName/Windows",
          "OSVersion/Microsoft.Windows.10.0.22000",
          "Microsoft.Azure.Management.NetApp.AzureNetAppFilesManagementClient/0.0.0.0"
        ]
      },
      "RequestBody": "",
      "ResponseHeaders": {
        "Cache-Control": [
          "no-cache"
        ],
        "Pragma": [
          "no-cache"
        ],
        "x-ms-request-id": [
          "bcfc6f9f-58ec-4195-ace7-7a379b90daa5"
        ],
        "Strict-Transport-Security": [
          "max-age=31536000; includeSubDomains"
        ],
        "Server": [
          "Microsoft-IIS/10.0"
        ],
        "X-Powered-By": [
          "ASP.NET"
        ],
        "x-ms-ratelimit-remaining-subscription-reads": [
          "11999"
        ],
        "x-ms-correlation-request-id": [
          "57b8c109-f725-4cfa-a325-705e3a8fef55"
        ],
        "x-ms-routing-request-id": [
          "WESTEUROPE:20230103T122637Z:57b8c109-f725-4cfa-a325-705e3a8fef55"
        ],
        "X-Content-Type-Options": [
          "nosniff"
        ],
        "Date": [
          "Tue, 03 Jan 2023 12:26:36 GMT"
        ],
        "Content-Length": [
          "513"
        ],
        "Content-Type": [
          "application/json; charset=utf-8"
        ],
        "Expires": [
          "-1"
        ]
      },
      "ResponseBody": "{\r\n  \"id\": \"/subscriptions/69a75bda-882e-44d5-8431-63421204132a/providers/Microsoft.NetApp/locations/westcentralus/operationResults/b30d20cb-3ec9-44ac-af81-20ae3dd71ce1\",\r\n  \"name\": \"b30d20cb-3ec9-44ac-af81-20ae3dd71ce1\",\r\n  \"status\": \"Succeeded\",\r\n  \"startTime\": \"2023-01-03T12:26:07.2050957Z\",\r\n  \"endTime\": \"2023-01-03T12:26:07.2390373Z\",\r\n  \"percentComplete\": 100.0,\r\n  \"properties\": {\r\n    \"resourceName\": \"/subscriptions/69a75bda-882e-44d5-8431-63421204132a/resourceGroups/ps4734/providers/Microsoft.NetApp/netAppAccounts/ps1484\",\r\n    \"action\": \"DELETE\"\r\n  }\r\n}",
      "StatusCode": 200
    },
    {
      "RequestUri": "/subscriptions/69a75bda-882e-44d5-8431-63421204132a/providers/Microsoft.NetApp/locations/westcentralus/operationResults/b30d20cb-3ec9-44ac-af81-20ae3dd71ce1?api-version=2022-05-01&operationResultResponseType=Location",
      "EncodedRequestUri": "L3N1YnNjcmlwdGlvbnMvNjlhNzViZGEtODgyZS00NGQ1LTg0MzEtNjM0MjEyMDQxMzJhL3Byb3ZpZGVycy9NaWNyb3NvZnQuTmV0QXBwL2xvY2F0aW9ucy93ZXN0Y2VudHJhbHVzL29wZXJhdGlvblJlc3VsdHMvYjMwZDIwY2ItM2VjOS00NGFjLWFmODEtMjBhZTNkZDcxY2UxP2FwaS12ZXJzaW9uPTIwMjItMDUtMDEmb3BlcmF0aW9uUmVzdWx0UmVzcG9uc2VUeXBlPUxvY2F0aW9u",
      "RequestMethod": "GET",
      "RequestHeaders": {
        "x-ms-client-request-id": [
          "39590c3f-d699-48d1-a75d-f65839913520"
        ],
        "User-Agent": [
          "FxVersion/4.700.22.55902",
          "OSName/Windows",
          "OSVersion/Microsoft.Windows.10.0.22000",
          "Microsoft.Azure.Management.NetApp.AzureNetAppFilesManagementClient/0.0.0.0"
        ]
      },
      "RequestBody": "",
      "ResponseHeaders": {
        "Cache-Control": [
          "no-cache"
        ],
        "Pragma": [
          "no-cache"
        ],
        "x-ms-request-id": [
          "28121117-2f9f-4564-b7d5-74ad4960089f"
        ],
        "Strict-Transport-Security": [
          "max-age=31536000; includeSubDomains"
        ],
        "Server": [
          "Microsoft-IIS/10.0"
        ],
        "X-Powered-By": [
          "ASP.NET"
        ],
        "x-ms-ratelimit-remaining-subscription-reads": [
          "11998"
        ],
        "x-ms-correlation-request-id": [
          "2ede7f47-7921-4e69-8e7d-e0e672125e24"
        ],
        "x-ms-routing-request-id": [
          "WESTEUROPE:20230103T122637Z:2ede7f47-7921-4e69-8e7d-e0e672125e24"
        ],
        "X-Content-Type-Options": [
          "nosniff"
        ],
        "Date": [
          "Tue, 03 Jan 2023 12:26:37 GMT"
        ],
        "Content-Length": [
          "699"
        ],
        "Content-Type": [
          "application/json; charset=utf-8"
        ],
        "Expires": [
          "-1"
        ]
      },
      "ResponseBody": "{\r\n  \"id\": \"/subscriptions/69a75bda-882e-44d5-8431-63421204132a/resourceGroups/ps4734/providers/Microsoft.NetApp/netAppAccounts/ps1484\",\r\n  \"name\": \"ps1484\",\r\n  \"type\": \"Microsoft.NetApp/netAppAccounts\",\r\n  \"etag\": \"W/\\\"datetime'2023-01-03T12%3A26%3A07.1958295Z'\\\"\",\r\n  \"location\": \"westcentralus\",\r\n  \"tags\": {\r\n    \"CreatedOnDate\": \"2023-01-03T12:25:29.163612Z\"\r\n  },\r\n  \"properties\": {\r\n    \"encryption\": {\r\n      \"keySource\": \"Microsoft.NetApp\"\r\n    },\r\n    \"provisioningState\": \"Deleting\"\r\n  },\r\n  \"systemData\": {\r\n    \"createdBy\": \"c6c4faba-2b22-44d9-80a4-71ff5b71f811\",\r\n    \"createdByType\": \"Application\",\r\n    \"createdAt\": \"2023-01-03T12:25:31.5223399Z\",\r\n    \"lastModifiedBy\": \"c6c4faba-2b22-44d9-80a4-71ff5b71f811\",\r\n    \"lastModifiedByType\": \"Application\",\r\n    \"lastModifiedAt\": \"2023-01-03T12:25:31.5223399Z\"\r\n  }\r\n}",
      "StatusCode": 200
    },
    {
      "RequestUri": "/subscriptions/69a75bda-882e-44d5-8431-63421204132a/resourceGroups/ps4734/providers/Microsoft.NetApp/netAppAccounts/ps5400?api-version=2022-05-01",
      "EncodedRequestUri": "L3N1YnNjcmlwdGlvbnMvNjlhNzViZGEtODgyZS00NGQ1LTg0MzEtNjM0MjEyMDQxMzJhL3Jlc291cmNlR3JvdXBzL3BzNDczNC9wcm92aWRlcnMvTWljcm9zb2Z0Lk5ldEFwcC9uZXRBcHBBY2NvdW50cy9wczU0MDA/YXBpLXZlcnNpb249MjAyMi0wNS0wMQ==",
      "RequestMethod": "GET",
      "RequestHeaders": {
        "x-ms-client-request-id": [
          "564731c5-3b4d-41b1-86d0-715c39910818"
        ],
        "Accept-Language": [
          "en-US"
        ],
        "User-Agent": [
          "FxVersion/4.700.22.55902",
          "OSName/Windows",
          "OSVersion/Microsoft.Windows.10.0.22000",
          "Microsoft.Azure.Management.NetApp.AzureNetAppFilesManagementClient/0.0.0.0"
        ]
      },
      "RequestBody": "",
      "ResponseHeaders": {
        "Cache-Control": [
          "no-cache"
        ],
        "Pragma": [
          "no-cache"
        ],
        "x-ms-failure-cause": [
          "gateway"
        ],
        "x-ms-request-id": [
          "90d7446d-80a3-4039-b2bd-60075e4ab139"
        ],
        "x-ms-correlation-request-id": [
          "90d7446d-80a3-4039-b2bd-60075e4ab139"
        ],
        "x-ms-routing-request-id": [
          "WESTEUROPE:20230103T122639Z:90d7446d-80a3-4039-b2bd-60075e4ab139"
        ],
        "Strict-Transport-Security": [
          "max-age=31536000; includeSubDomains"
        ],
        "X-Content-Type-Options": [
          "nosniff"
        ],
        "Date": [
          "Tue, 03 Jan 2023 12:26:39 GMT"
        ],
        "Content-Type": [
          "application/json; charset=utf-8"
        ],
        "Expires": [
          "-1"
        ],
        "Content-Length": [
          "216"
        ]
      },
      "ResponseBody": "{\r\n  \"error\": {\r\n    \"code\": \"ResourceNotFound\",\r\n    \"message\": \"The Resource 'Microsoft.NetApp/netAppAccounts/ps5400' under resource group 'ps4734' was not found. For more details please go to https://aka.ms/ARMResourceNotFoundFix\"\r\n  }\r\n}",
      "StatusCode": 404
    },
    {
      "RequestUri": "/subscriptions/69a75bda-882e-44d5-8431-63421204132a/resourceGroups/ps4734/providers/Microsoft.NetApp/netAppAccounts/ps5400?api-version=2022-05-01",
      "EncodedRequestUri": "L3N1YnNjcmlwdGlvbnMvNjlhNzViZGEtODgyZS00NGQ1LTg0MzEtNjM0MjEyMDQxMzJhL3Jlc291cmNlR3JvdXBzL3BzNDczNC9wcm92aWRlcnMvTWljcm9zb2Z0Lk5ldEFwcC9uZXRBcHBBY2NvdW50cy9wczU0MDA/YXBpLXZlcnNpb249MjAyMi0wNS0wMQ==",
      "RequestMethod": "GET",
      "RequestHeaders": {
        "x-ms-client-request-id": [
          "564731c5-3b4d-41b1-86d0-715c39910818"
        ],
        "User-Agent": [
          "FxVersion/4.700.22.55902",
          "OSName/Windows",
          "OSVersion/Microsoft.Windows.10.0.22000",
          "Microsoft.Azure.Management.NetApp.AzureNetAppFilesManagementClient/0.0.0.0"
        ]
      },
      "RequestBody": "",
      "ResponseHeaders": {
        "Cache-Control": [
          "no-cache"
        ],
        "Pragma": [
          "no-cache"
        ],
        "ETag": [
          "W/\"datetime'2023-01-03T12%3A26%3A44.2382699Z'\""
        ],
        "x-ms-request-id": [
          "7526baa6-5ce0-43a8-a61c-5fcaa1c8ae16"
        ],
        "Strict-Transport-Security": [
          "max-age=31536000; includeSubDomains"
        ],
        "Server": [
          "Microsoft-IIS/10.0"
        ],
        "X-Powered-By": [
          "ASP.NET"
        ],
        "x-ms-ratelimit-remaining-subscription-reads": [
          "11997"
        ],
        "x-ms-correlation-request-id": [
          "84a0868b-c146-4ff8-bdbc-e358cb98a5d1"
        ],
        "x-ms-routing-request-id": [
          "WESTEUROPE:20230103T122716Z:84a0868b-c146-4ff8-bdbc-e358cb98a5d1"
        ],
        "X-Content-Type-Options": [
          "nosniff"
        ],
        "Date": [
          "Tue, 03 Jan 2023 12:27:15 GMT"
        ],
        "Content-Length": [
          "1152"
        ],
        "Content-Type": [
          "application/json; charset=utf-8"
        ],
        "Expires": [
          "-1"
        ]
      },
      "ResponseBody": "{\r\n  \"id\": \"/subscriptions/69a75bda-882e-44d5-8431-63421204132a/resourceGroups/ps4734/providers/Microsoft.NetApp/netAppAccounts/ps5400\",\r\n  \"name\": \"ps5400\",\r\n  \"type\": \"Microsoft.NetApp/netAppAccounts\",\r\n  \"etag\": \"W/\\\"datetime'2023-01-03T12%3A26%3A44.2382699Z'\\\"\",\r\n  \"location\": \"westcentralus\",\r\n  \"tags\": {\r\n    \"CreatedOnDate\": \"2023-01-03T12:26:41.4003621Z\"\r\n  },\r\n  \"properties\": {\r\n    \"activeDirectories\": [\r\n      {\r\n        \"site\": \"Default-First-Site-Name\",\r\n        \"activeDirectoryId\": \"88c33840-fd2e-668c-08ba-da1291753572\",\r\n        \"username\": \"cds\",\r\n        \"password\": \"****************\",\r\n        \"domain\": \"qatest.com\",\r\n        \"dns\": \"10.3.39.20\",\r\n        \"status\": \"InUse\",\r\n        \"smbServerName\": \"QATEST\",\r\n        \"organizationalUnit\": \"CN=Computers\",\r\n        \"adName\": \"windows-vm-ad\",\r\n        \"aesEncryption\": false,\r\n        \"ldapSigning\": false,\r\n        \"ldapOverTLS\": false,\r\n        \"allowLocalNfsUsersWithLdap\": false,\r\n        \"encryptDCConnections\": false,\r\n        \"ldapSearchScope\": {}\r\n      }\r\n    ],\r\n    \"encryption\": {\r\n      \"keySource\": \"Microsoft.NetApp\"\r\n    },\r\n    \"provisioningState\": \"Succeeded\"\r\n  },\r\n  \"systemData\": {\r\n    \"createdBy\": \"c6c4faba-2b22-44d9-80a4-71ff5b71f811\",\r\n    \"createdByType\": \"Application\",\r\n    \"createdAt\": \"2023-01-03T12:26:43.422594Z\",\r\n    \"lastModifiedBy\": \"c6c4faba-2b22-44d9-80a4-71ff5b71f811\",\r\n    \"lastModifiedByType\": \"Application\",\r\n    \"lastModifiedAt\": \"2023-01-03T12:26:43.422594Z\"\r\n  }\r\n}",
      "StatusCode": 200
    },
    {
      "RequestUri": "/subscriptions/69a75bda-882e-44d5-8431-63421204132a/resourceGroups/ps4734/providers/Microsoft.NetApp/netAppAccounts/ps5400?api-version=2022-05-01",
      "EncodedRequestUri": "L3N1YnNjcmlwdGlvbnMvNjlhNzViZGEtODgyZS00NGQ1LTg0MzEtNjM0MjEyMDQxMzJhL3Jlc291cmNlR3JvdXBzL3BzNDczNC9wcm92aWRlcnMvTWljcm9zb2Z0Lk5ldEFwcC9uZXRBcHBBY2NvdW50cy9wczU0MDA/YXBpLXZlcnNpb249MjAyMi0wNS0wMQ==",
      "RequestMethod": "GET",
      "RequestHeaders": {
        "x-ms-client-request-id": [
          "b95c87e3-7dd2-468e-9a58-b0941a6cf339"
        ],
        "Accept-Language": [
          "en-US"
        ],
        "User-Agent": [
          "FxVersion/4.700.22.55902",
          "OSName/Windows",
          "OSVersion/Microsoft.Windows.10.0.22000",
          "Microsoft.Azure.Management.NetApp.AzureNetAppFilesManagementClient/0.0.0.0"
        ]
      },
      "RequestBody": "",
      "ResponseHeaders": {
        "Cache-Control": [
          "no-cache"
        ],
        "Pragma": [
          "no-cache"
        ],
        "ETag": [
          "W/\"datetime'2023-01-03T12%3A26%3A44.2382699Z'\""
        ],
        "x-ms-request-id": [
          "e14281da-ec4b-4acb-bef6-637754b0bbff"
        ],
        "Strict-Transport-Security": [
          "max-age=31536000; includeSubDomains"
        ],
        "Server": [
          "Microsoft-IIS/10.0"
        ],
        "X-Powered-By": [
          "ASP.NET"
        ],
        "x-ms-ratelimit-remaining-subscription-reads": [
          "11999"
        ],
        "x-ms-correlation-request-id": [
          "ff6de9c9-b051-43a2-97dc-c8a69a60a87b"
        ],
        "x-ms-routing-request-id": [
          "WESTEUROPE:20230103T122719Z:ff6de9c9-b051-43a2-97dc-c8a69a60a87b"
        ],
        "X-Content-Type-Options": [
          "nosniff"
        ],
        "Date": [
          "Tue, 03 Jan 2023 12:27:19 GMT"
        ],
        "Content-Length": [
          "1152"
        ],
        "Content-Type": [
          "application/json; charset=utf-8"
        ],
        "Expires": [
          "-1"
        ]
      },
      "ResponseBody": "{\r\n  \"id\": \"/subscriptions/69a75bda-882e-44d5-8431-63421204132a/resourceGroups/ps4734/providers/Microsoft.NetApp/netAppAccounts/ps5400\",\r\n  \"name\": \"ps5400\",\r\n  \"type\": \"Microsoft.NetApp/netAppAccounts\",\r\n  \"etag\": \"W/\\\"datetime'2023-01-03T12%3A26%3A44.2382699Z'\\\"\",\r\n  \"location\": \"westcentralus\",\r\n  \"tags\": {\r\n    \"CreatedOnDate\": \"2023-01-03T12:26:41.4003621Z\"\r\n  },\r\n  \"properties\": {\r\n    \"activeDirectories\": [\r\n      {\r\n        \"site\": \"Default-First-Site-Name\",\r\n        \"activeDirectoryId\": \"88c33840-fd2e-668c-08ba-da1291753572\",\r\n        \"username\": \"cds\",\r\n        \"password\": \"****************\",\r\n        \"domain\": \"qatest.com\",\r\n        \"dns\": \"10.3.39.20\",\r\n        \"status\": \"InUse\",\r\n        \"smbServerName\": \"QATEST\",\r\n        \"organizationalUnit\": \"CN=Computers\",\r\n        \"adName\": \"windows-vm-ad\",\r\n        \"aesEncryption\": false,\r\n        \"ldapSigning\": false,\r\n        \"ldapOverTLS\": false,\r\n        \"allowLocalNfsUsersWithLdap\": false,\r\n        \"encryptDCConnections\": false,\r\n        \"ldapSearchScope\": {}\r\n      }\r\n    ],\r\n    \"encryption\": {\r\n      \"keySource\": \"Microsoft.NetApp\"\r\n    },\r\n    \"provisioningState\": \"Succeeded\"\r\n  },\r\n  \"systemData\": {\r\n    \"createdBy\": \"c6c4faba-2b22-44d9-80a4-71ff5b71f811\",\r\n    \"createdByType\": \"Application\",\r\n    \"createdAt\": \"2023-01-03T12:26:43.422594Z\",\r\n    \"lastModifiedBy\": \"c6c4faba-2b22-44d9-80a4-71ff5b71f811\",\r\n    \"lastModifiedByType\": \"Application\",\r\n    \"lastModifiedAt\": \"2023-01-03T12:26:43.422594Z\"\r\n  }\r\n}",
      "StatusCode": 200
    },
    {
      "RequestUri": "/subscriptions/69a75bda-882e-44d5-8431-63421204132a/resourceGroups/ps4734/providers/Microsoft.NetApp/netAppAccounts/ps5400?api-version=2022-05-01",
      "EncodedRequestUri": "L3N1YnNjcmlwdGlvbnMvNjlhNzViZGEtODgyZS00NGQ1LTg0MzEtNjM0MjEyMDQxMzJhL3Jlc291cmNlR3JvdXBzL3BzNDczNC9wcm92aWRlcnMvTWljcm9zb2Z0Lk5ldEFwcC9uZXRBcHBBY2NvdW50cy9wczU0MDA/YXBpLXZlcnNpb249MjAyMi0wNS0wMQ==",
      "RequestMethod": "PUT",
      "RequestHeaders": {
        "x-ms-client-request-id": [
          "564731c5-3b4d-41b1-86d0-715c39910818"
        ],
        "Accept-Language": [
          "en-US"
        ],
        "User-Agent": [
          "FxVersion/4.700.22.55902",
          "OSName/Windows",
          "OSVersion/Microsoft.Windows.10.0.22000",
          "Microsoft.Azure.Management.NetApp.AzureNetAppFilesManagementClient/0.0.0.0"
        ],
        "Content-Type": [
          "application/json; charset=utf-8"
        ],
        "Content-Length": [
          "35"
        ]
      },
      "RequestBody": "{\r\n  \"location\": \"westcentralus\"\r\n}",
      "ResponseHeaders": {
        "Cache-Control": [
          "no-cache"
        ],
        "Pragma": [
          "no-cache"
        ],
        "ETag": [
          "W/\"datetime'2023-01-03T12%3A26%3A44.1858784Z'\""
        ],
        "x-ms-request-id": [
          "0689b059-c559-4fef-82b9-a31276300779"
        ],
        "Azure-AsyncOperation": [
          "https://management.azure.com/subscriptions/69a75bda-882e-44d5-8431-63421204132a/providers/Microsoft.NetApp/locations/westcentralus/operationResults/838354fe-aaa1-4533-83fb-a835c5afa6fb?api-version=2022-05-01"
        ],
        "Strict-Transport-Security": [
          "max-age=31536000; includeSubDomains"
        ],
        "Server": [
          "Microsoft-IIS/10.0"
        ],
        "X-Powered-By": [
          "ASP.NET"
        ],
        "x-ms-ratelimit-remaining-subscription-writes": [
          "1199"
        ],
        "x-ms-correlation-request-id": [
          "2c426aec-76b4-4d67-b57d-243d1d8d4522"
        ],
        "x-ms-routing-request-id": [
          "WESTEUROPE:20230103T122645Z:2c426aec-76b4-4d67-b57d-243d1d8d4522"
        ],
        "X-Content-Type-Options": [
          "nosniff"
        ],
        "Date": [
          "Tue, 03 Jan 2023 12:26:45 GMT"
        ],
        "Content-Length": [
          "651"
        ],
        "Content-Type": [
          "application/json; charset=utf-8"
        ],
        "Expires": [
          "-1"
        ]
      },
      "ResponseBody": "{\r\n  \"id\": \"/subscriptions/69a75bda-882e-44d5-8431-63421204132a/resourceGroups/ps4734/providers/Microsoft.NetApp/netAppAccounts/ps5400\",\r\n  \"name\": \"ps5400\",\r\n  \"type\": \"Microsoft.NetApp/netAppAccounts\",\r\n  \"etag\": \"W/\\\"datetime'2023-01-03T12%3A26%3A44.1858784Z'\\\"\",\r\n  \"location\": \"westcentralus\",\r\n  \"tags\": {\r\n    \"CreatedOnDate\": \"2023-01-03T12:26:41.4003621Z\"\r\n  },\r\n  \"properties\": {\r\n    \"provisioningState\": \"Creating\"\r\n  },\r\n  \"systemData\": {\r\n    \"createdBy\": \"c6c4faba-2b22-44d9-80a4-71ff5b71f811\",\r\n    \"createdByType\": \"Application\",\r\n    \"createdAt\": \"2023-01-03T12:26:43.422594Z\",\r\n    \"lastModifiedBy\": \"c6c4faba-2b22-44d9-80a4-71ff5b71f811\",\r\n    \"lastModifiedByType\": \"Application\",\r\n    \"lastModifiedAt\": \"2023-01-03T12:26:43.422594Z\"\r\n  }\r\n}",
      "StatusCode": 201
    },
    {
      "RequestUri": "/subscriptions/69a75bda-882e-44d5-8431-63421204132a/providers/Microsoft.NetApp/locations/westcentralus/operationResults/838354fe-aaa1-4533-83fb-a835c5afa6fb?api-version=2022-05-01",
      "EncodedRequestUri": "L3N1YnNjcmlwdGlvbnMvNjlhNzViZGEtODgyZS00NGQ1LTg0MzEtNjM0MjEyMDQxMzJhL3Byb3ZpZGVycy9NaWNyb3NvZnQuTmV0QXBwL2xvY2F0aW9ucy93ZXN0Y2VudHJhbHVzL29wZXJhdGlvblJlc3VsdHMvODM4MzU0ZmUtYWFhMS00NTMzLTgzZmItYTgzNWM1YWZhNmZiP2FwaS12ZXJzaW9uPTIwMjItMDUtMDE=",
      "RequestMethod": "GET",
      "RequestHeaders": {
        "x-ms-client-request-id": [
          "564731c5-3b4d-41b1-86d0-715c39910818"
        ],
        "User-Agent": [
          "FxVersion/4.700.22.55902",
          "OSName/Windows",
          "OSVersion/Microsoft.Windows.10.0.22000",
          "Microsoft.Azure.Management.NetApp.AzureNetAppFilesManagementClient/0.0.0.0"
        ]
      },
      "RequestBody": "",
      "ResponseHeaders": {
        "Cache-Control": [
          "no-cache"
        ],
        "Pragma": [
          "no-cache"
        ],
        "x-ms-request-id": [
          "62c79a42-2974-42dc-a34a-e70f2fdd381c"
        ],
        "Strict-Transport-Security": [
          "max-age=31536000; includeSubDomains"
        ],
        "Server": [
          "Microsoft-IIS/10.0"
        ],
        "X-Powered-By": [
          "ASP.NET"
        ],
        "x-ms-ratelimit-remaining-subscription-reads": [
          "11998"
        ],
        "x-ms-correlation-request-id": [
          "80d256ee-a1a9-4fe0-bebb-a677269484e8"
        ],
        "x-ms-routing-request-id": [
          "WESTEUROPE:20230103T122715Z:80d256ee-a1a9-4fe0-bebb-a677269484e8"
        ],
        "X-Content-Type-Options": [
          "nosniff"
        ],
        "Date": [
          "Tue, 03 Jan 2023 12:27:15 GMT"
        ],
        "Content-Length": [
          "513"
        ],
        "Content-Type": [
          "application/json; charset=utf-8"
        ],
        "Expires": [
          "-1"
        ]
      },
      "ResponseBody": "{\r\n  \"id\": \"/subscriptions/69a75bda-882e-44d5-8431-63421204132a/providers/Microsoft.NetApp/locations/westcentralus/operationResults/838354fe-aaa1-4533-83fb-a835c5afa6fb\",\r\n  \"name\": \"838354fe-aaa1-4533-83fb-a835c5afa6fb\",\r\n  \"status\": \"Succeeded\",\r\n  \"startTime\": \"2023-01-03T12:26:44.1860645Z\",\r\n  \"endTime\": \"2023-01-03T12:26:44.2387745Z\",\r\n  \"percentComplete\": 100.0,\r\n  \"properties\": {\r\n    \"resourceName\": \"/subscriptions/69a75bda-882e-44d5-8431-63421204132a/resourceGroups/ps4734/providers/Microsoft.NetApp/netAppAccounts/ps5400\",\r\n    \"action\": \"CREATE\"\r\n  }\r\n}",
      "StatusCode": 200
    },
    {
      "RequestUri": "/subscriptions/69a75bda-882e-44d5-8431-63421204132a/resourceGroups/ps4734/providers/Microsoft.NetApp/netAppAccounts/ps5400?api-version=2022-05-01",
      "EncodedRequestUri": "L3N1YnNjcmlwdGlvbnMvNjlhNzViZGEtODgyZS00NGQ1LTg0MzEtNjM0MjEyMDQxMzJhL3Jlc291cmNlR3JvdXBzL3BzNDczNC9wcm92aWRlcnMvTWljcm9zb2Z0Lk5ldEFwcC9uZXRBcHBBY2NvdW50cy9wczU0MDA/YXBpLXZlcnNpb249MjAyMi0wNS0wMQ==",
      "RequestMethod": "DELETE",
      "RequestHeaders": {
        "x-ms-client-request-id": [
          "b95c87e3-7dd2-468e-9a58-b0941a6cf339"
        ],
        "Accept-Language": [
          "en-US"
        ],
        "User-Agent": [
          "FxVersion/4.700.22.55902",
          "OSName/Windows",
          "OSVersion/Microsoft.Windows.10.0.22000",
          "Microsoft.Azure.Management.NetApp.AzureNetAppFilesManagementClient/0.0.0.0"
        ]
      },
      "RequestBody": "",
      "ResponseHeaders": {
        "Cache-Control": [
          "no-cache"
        ],
        "Pragma": [
          "no-cache"
        ],
        "Location": [
          "https://management.azure.com/subscriptions/69a75bda-882e-44d5-8431-63421204132a/providers/Microsoft.NetApp/locations/westcentralus/operationResults/89a99630-82fe-4885-b4a1-6ad193096cb9?api-version=2022-05-01&operationResultResponseType=Location"
        ],
        "Azure-AsyncOperation": [
          "https://management.azure.com/subscriptions/69a75bda-882e-44d5-8431-63421204132a/providers/Microsoft.NetApp/locations/westcentralus/operationResults/89a99630-82fe-4885-b4a1-6ad193096cb9?api-version=2022-05-01"
        ],
        "Strict-Transport-Security": [
          "max-age=31536000; includeSubDomains"
        ],
        "Server": [
          "Microsoft-IIS/10.0"
        ],
        "X-Powered-By": [
          "ASP.NET"
        ],
        "x-ms-ratelimit-remaining-subscription-deletes": [
          "14999"
        ],
        "x-ms-request-id": [
          "f3313de8-14cd-45a9-b6b7-16e9612eb860"
        ],
        "x-ms-correlation-request-id": [
          "f3313de8-14cd-45a9-b6b7-16e9612eb860"
        ],
        "x-ms-routing-request-id": [
          "WESTEUROPE:20230103T122722Z:f3313de8-14cd-45a9-b6b7-16e9612eb860"
        ],
        "X-Content-Type-Options": [
          "nosniff"
        ],
        "Date": [
          "Tue, 03 Jan 2023 12:27:21 GMT"
        ],
        "Expires": [
          "-1"
        ],
        "Content-Length": [
          "0"
        ]
      },
      "ResponseBody": "",
      "StatusCode": 202
    },
    {
      "RequestUri": "/subscriptions/69a75bda-882e-44d5-8431-63421204132a/providers/Microsoft.NetApp/locations/westcentralus/operationResults/89a99630-82fe-4885-b4a1-6ad193096cb9?api-version=2022-05-01",
      "EncodedRequestUri": "L3N1YnNjcmlwdGlvbnMvNjlhNzViZGEtODgyZS00NGQ1LTg0MzEtNjM0MjEyMDQxMzJhL3Byb3ZpZGVycy9NaWNyb3NvZnQuTmV0QXBwL2xvY2F0aW9ucy93ZXN0Y2VudHJhbHVzL29wZXJhdGlvblJlc3VsdHMvODlhOTk2MzAtODJmZS00ODg1LWI0YTEtNmFkMTkzMDk2Y2I5P2FwaS12ZXJzaW9uPTIwMjItMDUtMDE=",
      "RequestMethod": "GET",
      "RequestHeaders": {
        "x-ms-client-request-id": [
          "b95c87e3-7dd2-468e-9a58-b0941a6cf339"
        ],
        "User-Agent": [
          "FxVersion/4.700.22.55902",
          "OSName/Windows",
          "OSVersion/Microsoft.Windows.10.0.22000",
          "Microsoft.Azure.Management.NetApp.AzureNetAppFilesManagementClient/0.0.0.0"
        ]
      },
      "RequestBody": "",
      "ResponseHeaders": {
        "Cache-Control": [
          "no-cache"
        ],
        "Pragma": [
          "no-cache"
        ],
        "x-ms-request-id": [
          "5dba7eb2-673e-4136-822b-dd58559b4f09"
        ],
        "Strict-Transport-Security": [
          "max-age=31536000; includeSubDomains"
        ],
        "Server": [
          "Microsoft-IIS/10.0"
        ],
        "X-Powered-By": [
          "ASP.NET"
        ],
        "x-ms-ratelimit-remaining-subscription-reads": [
          "11999"
        ],
        "x-ms-correlation-request-id": [
          "404b89b4-edd2-4c47-982e-98fe47dcc17d"
        ],
        "x-ms-routing-request-id": [
          "WESTEUROPE:20230103T122752Z:404b89b4-edd2-4c47-982e-98fe47dcc17d"
        ],
        "X-Content-Type-Options": [
          "nosniff"
        ],
        "Date": [
          "Tue, 03 Jan 2023 12:27:51 GMT"
        ],
        "Content-Length": [
          "513"
        ],
        "Content-Type": [
          "application/json; charset=utf-8"
        ],
        "Expires": [
          "-1"
        ]
      },
      "ResponseBody": "{\r\n  \"id\": \"/subscriptions/69a75bda-882e-44d5-8431-63421204132a/providers/Microsoft.NetApp/locations/westcentralus/operationResults/89a99630-82fe-4885-b4a1-6ad193096cb9\",\r\n  \"name\": \"89a99630-82fe-4885-b4a1-6ad193096cb9\",\r\n  \"status\": \"Succeeded\",\r\n  \"startTime\": \"2023-01-03T12:27:22.3693047Z\",\r\n  \"endTime\": \"2023-01-03T12:27:22.4050661Z\",\r\n  \"percentComplete\": 100.0,\r\n  \"properties\": {\r\n    \"resourceName\": \"/subscriptions/69a75bda-882e-44d5-8431-63421204132a/resourceGroups/ps4734/providers/Microsoft.NetApp/netAppAccounts/ps5400\",\r\n    \"action\": \"DELETE\"\r\n  }\r\n}",
      "StatusCode": 200
    },
    {
      "RequestUri": "/subscriptions/69a75bda-882e-44d5-8431-63421204132a/providers/Microsoft.NetApp/locations/westcentralus/operationResults/89a99630-82fe-4885-b4a1-6ad193096cb9?api-version=2022-05-01&operationResultResponseType=Location",
      "EncodedRequestUri": "L3N1YnNjcmlwdGlvbnMvNjlhNzViZGEtODgyZS00NGQ1LTg0MzEtNjM0MjEyMDQxMzJhL3Byb3ZpZGVycy9NaWNyb3NvZnQuTmV0QXBwL2xvY2F0aW9ucy93ZXN0Y2VudHJhbHVzL29wZXJhdGlvblJlc3VsdHMvODlhOTk2MzAtODJmZS00ODg1LWI0YTEtNmFkMTkzMDk2Y2I5P2FwaS12ZXJzaW9uPTIwMjItMDUtMDEmb3BlcmF0aW9uUmVzdWx0UmVzcG9uc2VUeXBlPUxvY2F0aW9u",
      "RequestMethod": "GET",
      "RequestHeaders": {
        "x-ms-client-request-id": [
          "b95c87e3-7dd2-468e-9a58-b0941a6cf339"
        ],
        "User-Agent": [
          "FxVersion/4.700.22.55902",
          "OSName/Windows",
          "OSVersion/Microsoft.Windows.10.0.22000",
          "Microsoft.Azure.Management.NetApp.AzureNetAppFilesManagementClient/0.0.0.0"
        ]
      },
      "RequestBody": "",
      "ResponseHeaders": {
        "Cache-Control": [
          "no-cache"
        ],
        "Pragma": [
          "no-cache"
        ],
        "x-ms-request-id": [
          "d5e46852-3488-4d57-938d-ad7ff4408bb7"
        ],
        "Strict-Transport-Security": [
          "max-age=31536000; includeSubDomains"
        ],
        "Server": [
          "Microsoft-IIS/10.0"
        ],
        "X-Powered-By": [
          "ASP.NET"
        ],
        "x-ms-ratelimit-remaining-subscription-reads": [
          "11998"
        ],
        "x-ms-correlation-request-id": [
          "43c817f9-d90e-4950-add4-016b724ca85d"
        ],
        "x-ms-routing-request-id": [
          "WESTEUROPE:20230103T122753Z:43c817f9-d90e-4950-add4-016b724ca85d"
        ],
        "X-Content-Type-Options": [
          "nosniff"
        ],
        "Date": [
          "Tue, 03 Jan 2023 12:27:52 GMT"
        ],
        "Content-Length": [
          "697"
        ],
        "Content-Type": [
          "application/json; charset=utf-8"
        ],
        "Expires": [
          "-1"
        ]
      },
      "ResponseBody": "{\r\n  \"id\": \"/subscriptions/69a75bda-882e-44d5-8431-63421204132a/resourceGroups/ps4734/providers/Microsoft.NetApp/netAppAccounts/ps5400\",\r\n  \"name\": \"ps5400\",\r\n  \"type\": \"Microsoft.NetApp/netAppAccounts\",\r\n  \"etag\": \"W/\\\"datetime'2023-01-03T12%3A27%3A22.3648992Z'\\\"\",\r\n  \"location\": \"westcentralus\",\r\n  \"tags\": {\r\n    \"CreatedOnDate\": \"2023-01-03T12:26:41.4003621Z\"\r\n  },\r\n  \"properties\": {\r\n    \"encryption\": {\r\n      \"keySource\": \"Microsoft.NetApp\"\r\n    },\r\n    \"provisioningState\": \"Deleting\"\r\n  },\r\n  \"systemData\": {\r\n    \"createdBy\": \"c6c4faba-2b22-44d9-80a4-71ff5b71f811\",\r\n    \"createdByType\": \"Application\",\r\n    \"createdAt\": \"2023-01-03T12:26:43.422594Z\",\r\n    \"lastModifiedBy\": \"c6c4faba-2b22-44d9-80a4-71ff5b71f811\",\r\n    \"lastModifiedByType\": \"Application\",\r\n    \"lastModifiedAt\": \"2023-01-03T12:26:43.422594Z\"\r\n  }\r\n}",
      "StatusCode": 200
    },
    {
      "RequestUri": "/subscriptions/69a75bda-882e-44d5-8431-63421204132a/resourcegroups/ps4734?api-version=2016-09-01",
      "EncodedRequestUri": "L3N1YnNjcmlwdGlvbnMvNjlhNzViZGEtODgyZS00NGQ1LTg0MzEtNjM0MjEyMDQxMzJhL3Jlc291cmNlZ3JvdXBzL3BzNDczND9hcGktdmVyc2lvbj0yMDE2LTA5LTAx",
      "RequestMethod": "DELETE",
      "RequestHeaders": {
        "x-ms-client-request-id": [
          "1483124a-e456-42a6-9f7c-20e6de37bee7"
        ],
        "Accept-Language": [
          "en-US"
        ],
        "User-Agent": [
          "FxVersion/4.700.22.55902",
          "OSName/Windows",
          "OSVersion/Microsoft.Windows.10.0.22000",
          "Microsoft.Azure.Management.Internal.Resources.ResourceManagementClient/1.3.67"
        ]
      },
      "RequestBody": "",
      "ResponseHeaders": {
        "Cache-Control": [
          "no-cache"
        ],
        "Pragma": [
          "no-cache"
        ],
        "Location": [
          "https://management.azure.com/subscriptions/69a75bda-882e-44d5-8431-63421204132a/operationresults/eyJqb2JJZCI6IlJFU09VUkNFR1JPVVBERUxFVElPTkpPQi1QUzQ3MzQtV0VTVENFTlRSQUxVUyIsImpvYkxvY2F0aW9uIjoid2VzdGNlbnRyYWx1cyJ9?api-version=2016-09-01"
        ],
        "Retry-After": [
          "15"
        ],
        "x-ms-ratelimit-remaining-subscription-deletes": [
          "14999"
        ],
        "x-ms-request-id": [
          "db682fb7-7f96-431e-a214-f70805f8490a"
        ],
        "x-ms-correlation-request-id": [
          "db682fb7-7f96-431e-a214-f70805f8490a"
        ],
        "x-ms-routing-request-id": [
          "WESTEUROPE:20230103T122757Z:db682fb7-7f96-431e-a214-f70805f8490a"
        ],
        "Strict-Transport-Security": [
          "max-age=31536000; includeSubDomains"
        ],
        "X-Content-Type-Options": [
          "nosniff"
        ],
        "Date": [
          "Tue, 03 Jan 2023 12:27:57 GMT"
        ],
        "Expires": [
          "-1"
        ],
        "Content-Length": [
          "0"
        ]
      },
      "ResponseBody": "",
      "StatusCode": 202
    },
    {
      "RequestUri": "/subscriptions/69a75bda-882e-44d5-8431-63421204132a/operationresults/eyJqb2JJZCI6IlJFU09VUkNFR1JPVVBERUxFVElPTkpPQi1QUzQ3MzQtV0VTVENFTlRSQUxVUyIsImpvYkxvY2F0aW9uIjoid2VzdGNlbnRyYWx1cyJ9?api-version=2016-09-01",
      "EncodedRequestUri": "L3N1YnNjcmlwdGlvbnMvNjlhNzViZGEtODgyZS00NGQ1LTg0MzEtNjM0MjEyMDQxMzJhL29wZXJhdGlvbnJlc3VsdHMvZXlKcWIySkpaQ0k2SWxKRlUwOVZVa05GUjFKUFZWQkVSVXhGVkVsUFRrcFBRaTFRVXpRM016UXRWMFZUVkVORlRsUlNRVXhWVXlJc0ltcHZZa3h2WTJGMGFXOXVJam9pZDJWemRHTmxiblJ5WVd4MWN5Sjk/YXBpLXZlcnNpb249MjAxNi0wOS0wMQ==",
      "RequestMethod": "GET",
      "RequestHeaders": {
        "User-Agent": [
          "FxVersion/4.700.22.55902",
          "OSName/Windows",
          "OSVersion/Microsoft.Windows.10.0.22000",
          "Microsoft.Azure.Management.Internal.Resources.ResourceManagementClient/1.3.67"
        ]
      },
      "RequestBody": "",
      "ResponseHeaders": {
        "Cache-Control": [
          "no-cache"
        ],
        "Pragma": [
          "no-cache"
        ],
        "Location": [
          "https://management.azure.com/subscriptions/69a75bda-882e-44d5-8431-63421204132a/operationresults/eyJqb2JJZCI6IlJFU09VUkNFR1JPVVBERUxFVElPTkpPQi1QUzQ3MzQtV0VTVENFTlRSQUxVUyIsImpvYkxvY2F0aW9uIjoid2VzdGNlbnRyYWx1cyJ9?api-version=2016-09-01"
        ],
        "Retry-After": [
          "15"
        ],
        "x-ms-ratelimit-remaining-subscription-reads": [
          "11999"
        ],
        "x-ms-request-id": [
          "a1b1fd78-1e15-4078-a9c0-07575d635eac"
        ],
        "x-ms-correlation-request-id": [
          "a1b1fd78-1e15-4078-a9c0-07575d635eac"
        ],
        "x-ms-routing-request-id": [
          "WESTEUROPE:20230103T122813Z:a1b1fd78-1e15-4078-a9c0-07575d635eac"
        ],
        "Strict-Transport-Security": [
          "max-age=31536000; includeSubDomains"
        ],
        "X-Content-Type-Options": [
          "nosniff"
        ],
        "Date": [
          "Tue, 03 Jan 2023 12:28:12 GMT"
        ],
        "Expires": [
          "-1"
        ],
        "Content-Length": [
          "0"
        ]
      },
      "ResponseBody": "",
      "StatusCode": 202
    },
    {
      "RequestUri": "/subscriptions/69a75bda-882e-44d5-8431-63421204132a/operationresults/eyJqb2JJZCI6IlJFU09VUkNFR1JPVVBERUxFVElPTkpPQi1QUzQ3MzQtV0VTVENFTlRSQUxVUyIsImpvYkxvY2F0aW9uIjoid2VzdGNlbnRyYWx1cyJ9?api-version=2016-09-01",
      "EncodedRequestUri": "L3N1YnNjcmlwdGlvbnMvNjlhNzViZGEtODgyZS00NGQ1LTg0MzEtNjM0MjEyMDQxMzJhL29wZXJhdGlvbnJlc3VsdHMvZXlKcWIySkpaQ0k2SWxKRlUwOVZVa05GUjFKUFZWQkVSVXhGVkVsUFRrcFBRaTFRVXpRM016UXRWMFZUVkVORlRsUlNRVXhWVXlJc0ltcHZZa3h2WTJGMGFXOXVJam9pZDJWemRHTmxiblJ5WVd4MWN5Sjk/YXBpLXZlcnNpb249MjAxNi0wOS0wMQ==",
      "RequestMethod": "GET",
      "RequestHeaders": {
        "User-Agent": [
          "FxVersion/4.700.22.55902",
          "OSName/Windows",
          "OSVersion/Microsoft.Windows.10.0.22000",
          "Microsoft.Azure.Management.Internal.Resources.ResourceManagementClient/1.3.67"
        ]
      },
      "RequestBody": "",
      "ResponseHeaders": {
        "Cache-Control": [
          "no-cache"
        ],
        "Pragma": [
          "no-cache"
        ],
        "Location": [
          "https://management.azure.com/subscriptions/69a75bda-882e-44d5-8431-63421204132a/operationresults/eyJqb2JJZCI6IlJFU09VUkNFR1JPVVBERUxFVElPTkpPQi1QUzQ3MzQtV0VTVENFTlRSQUxVUyIsImpvYkxvY2F0aW9uIjoid2VzdGNlbnRyYWx1cyJ9?api-version=2016-09-01"
        ],
        "Retry-After": [
          "15"
        ],
        "x-ms-ratelimit-remaining-subscription-reads": [
          "11998"
        ],
        "x-ms-request-id": [
          "360ef8f7-de58-49e2-8d88-8c7273dec0bd"
        ],
        "x-ms-correlation-request-id": [
          "360ef8f7-de58-49e2-8d88-8c7273dec0bd"
        ],
        "x-ms-routing-request-id": [
          "WESTEUROPE:20230103T122828Z:360ef8f7-de58-49e2-8d88-8c7273dec0bd"
        ],
        "Strict-Transport-Security": [
          "max-age=31536000; includeSubDomains"
        ],
        "X-Content-Type-Options": [
          "nosniff"
        ],
        "Date": [
          "Tue, 03 Jan 2023 12:28:27 GMT"
        ],
        "Expires": [
          "-1"
        ],
        "Content-Length": [
          "0"
        ]
      },
      "ResponseBody": "",
      "StatusCode": 202
    },
    {
      "RequestUri": "/subscriptions/69a75bda-882e-44d5-8431-63421204132a/operationresults/eyJqb2JJZCI6IlJFU09VUkNFR1JPVVBERUxFVElPTkpPQi1QUzQ3MzQtV0VTVENFTlRSQUxVUyIsImpvYkxvY2F0aW9uIjoid2VzdGNlbnRyYWx1cyJ9?api-version=2016-09-01",
      "EncodedRequestUri": "L3N1YnNjcmlwdGlvbnMvNjlhNzViZGEtODgyZS00NGQ1LTg0MzEtNjM0MjEyMDQxMzJhL29wZXJhdGlvbnJlc3VsdHMvZXlKcWIySkpaQ0k2SWxKRlUwOVZVa05GUjFKUFZWQkVSVXhGVkVsUFRrcFBRaTFRVXpRM016UXRWMFZUVkVORlRsUlNRVXhWVXlJc0ltcHZZa3h2WTJGMGFXOXVJam9pZDJWemRHTmxiblJ5WVd4MWN5Sjk/YXBpLXZlcnNpb249MjAxNi0wOS0wMQ==",
      "RequestMethod": "GET",
      "RequestHeaders": {
        "User-Agent": [
          "FxVersion/4.700.22.55902",
          "OSName/Windows",
          "OSVersion/Microsoft.Windows.10.0.22000",
          "Microsoft.Azure.Management.Internal.Resources.ResourceManagementClient/1.3.67"
        ]
      },
      "RequestBody": "",
      "ResponseHeaders": {
        "Cache-Control": [
          "no-cache"
        ],
        "Pragma": [
          "no-cache"
        ],
        "Location": [
          "https://management.azure.com/subscriptions/69a75bda-882e-44d5-8431-63421204132a/operationresults/eyJqb2JJZCI6IlJFU09VUkNFR1JPVVBERUxFVElPTkpPQi1QUzQ3MzQtV0VTVENFTlRSQUxVUyIsImpvYkxvY2F0aW9uIjoid2VzdGNlbnRyYWx1cyJ9?api-version=2016-09-01"
        ],
        "Retry-After": [
          "15"
        ],
        "x-ms-ratelimit-remaining-subscription-reads": [
          "11997"
        ],
        "x-ms-request-id": [
          "dded1215-6517-43cd-82f2-9d74a58caa47"
        ],
        "x-ms-correlation-request-id": [
          "dded1215-6517-43cd-82f2-9d74a58caa47"
        ],
        "x-ms-routing-request-id": [
          "WESTEUROPE:20230103T122843Z:dded1215-6517-43cd-82f2-9d74a58caa47"
        ],
        "Strict-Transport-Security": [
          "max-age=31536000; includeSubDomains"
        ],
        "X-Content-Type-Options": [
          "nosniff"
        ],
        "Date": [
          "Tue, 03 Jan 2023 12:28:42 GMT"
        ],
        "Expires": [
          "-1"
        ],
        "Content-Length": [
          "0"
        ]
      },
      "ResponseBody": "",
      "StatusCode": 202
    },
    {
      "RequestUri": "/subscriptions/69a75bda-882e-44d5-8431-63421204132a/operationresults/eyJqb2JJZCI6IlJFU09VUkNFR1JPVVBERUxFVElPTkpPQi1QUzQ3MzQtV0VTVENFTlRSQUxVUyIsImpvYkxvY2F0aW9uIjoid2VzdGNlbnRyYWx1cyJ9?api-version=2016-09-01",
      "EncodedRequestUri": "L3N1YnNjcmlwdGlvbnMvNjlhNzViZGEtODgyZS00NGQ1LTg0MzEtNjM0MjEyMDQxMzJhL29wZXJhdGlvbnJlc3VsdHMvZXlKcWIySkpaQ0k2SWxKRlUwOVZVa05GUjFKUFZWQkVSVXhGVkVsUFRrcFBRaTFRVXpRM016UXRWMFZUVkVORlRsUlNRVXhWVXlJc0ltcHZZa3h2WTJGMGFXOXVJam9pZDJWemRHTmxiblJ5WVd4MWN5Sjk/YXBpLXZlcnNpb249MjAxNi0wOS0wMQ==",
      "RequestMethod": "GET",
      "RequestHeaders": {
        "User-Agent": [
          "FxVersion/4.700.22.55902",
          "OSName/Windows",
          "OSVersion/Microsoft.Windows.10.0.22000",
          "Microsoft.Azure.Management.Internal.Resources.ResourceManagementClient/1.3.67"
        ]
      },
      "RequestBody": "",
      "ResponseHeaders": {
        "Cache-Control": [
          "no-cache"
        ],
        "Pragma": [
          "no-cache"
        ],
        "Location": [
          "https://management.azure.com/subscriptions/69a75bda-882e-44d5-8431-63421204132a/operationresults/eyJqb2JJZCI6IlJFU09VUkNFR1JPVVBERUxFVElPTkpPQi1QUzQ3MzQtV0VTVENFTlRSQUxVUyIsImpvYkxvY2F0aW9uIjoid2VzdGNlbnRyYWx1cyJ9?api-version=2016-09-01"
        ],
        "Retry-After": [
          "15"
        ],
        "x-ms-ratelimit-remaining-subscription-reads": [
          "11996"
        ],
        "x-ms-request-id": [
          "6fbfe5dc-a593-4f81-a6ad-dfca9eff091a"
        ],
        "x-ms-correlation-request-id": [
          "6fbfe5dc-a593-4f81-a6ad-dfca9eff091a"
        ],
        "x-ms-routing-request-id": [
          "WESTEUROPE:20230103T122859Z:6fbfe5dc-a593-4f81-a6ad-dfca9eff091a"
        ],
        "Strict-Transport-Security": [
          "max-age=31536000; includeSubDomains"
        ],
        "X-Content-Type-Options": [
          "nosniff"
        ],
        "Date": [
          "Tue, 03 Jan 2023 12:28:58 GMT"
        ],
        "Expires": [
          "-1"
        ],
        "Content-Length": [
          "0"
        ]
      },
      "ResponseBody": "",
      "StatusCode": 202
    },
    {
      "RequestUri": "/subscriptions/69a75bda-882e-44d5-8431-63421204132a/operationresults/eyJqb2JJZCI6IlJFU09VUkNFR1JPVVBERUxFVElPTkpPQi1QUzQ3MzQtV0VTVENFTlRSQUxVUyIsImpvYkxvY2F0aW9uIjoid2VzdGNlbnRyYWx1cyJ9?api-version=2016-09-01",
      "EncodedRequestUri": "L3N1YnNjcmlwdGlvbnMvNjlhNzViZGEtODgyZS00NGQ1LTg0MzEtNjM0MjEyMDQxMzJhL29wZXJhdGlvbnJlc3VsdHMvZXlKcWIySkpaQ0k2SWxKRlUwOVZVa05GUjFKUFZWQkVSVXhGVkVsUFRrcFBRaTFRVXpRM016UXRWMFZUVkVORlRsUlNRVXhWVXlJc0ltcHZZa3h2WTJGMGFXOXVJam9pZDJWemRHTmxiblJ5WVd4MWN5Sjk/YXBpLXZlcnNpb249MjAxNi0wOS0wMQ==",
      "RequestMethod": "GET",
      "RequestHeaders": {
        "User-Agent": [
          "FxVersion/4.700.22.55902",
          "OSName/Windows",
          "OSVersion/Microsoft.Windows.10.0.22000",
          "Microsoft.Azure.Management.Internal.Resources.ResourceManagementClient/1.3.67"
        ]
      },
      "RequestBody": "",
      "ResponseHeaders": {
        "Cache-Control": [
          "no-cache"
        ],
        "Pragma": [
          "no-cache"
        ],
        "x-ms-ratelimit-remaining-subscription-reads": [
          "11995"
        ],
        "x-ms-request-id": [
          "61a374b2-6730-4855-8fcd-bb85663d2374"
        ],
        "x-ms-correlation-request-id": [
          "61a374b2-6730-4855-8fcd-bb85663d2374"
        ],
        "x-ms-routing-request-id": [
          "WESTEUROPE:20230103T122914Z:61a374b2-6730-4855-8fcd-bb85663d2374"
        ],
        "Strict-Transport-Security": [
          "max-age=31536000; includeSubDomains"
        ],
        "X-Content-Type-Options": [
          "nosniff"
        ],
        "Date": [
          "Tue, 03 Jan 2023 12:29:14 GMT"
        ],
        "Expires": [
          "-1"
        ],
        "Content-Length": [
          "0"
        ]
      },
      "ResponseBody": "",
      "StatusCode": 200
    },
    {
      "RequestUri": "/subscriptions/69a75bda-882e-44d5-8431-63421204132a/operationresults/eyJqb2JJZCI6IlJFU09VUkNFR1JPVVBERUxFVElPTkpPQi1QUzQ3MzQtV0VTVENFTlRSQUxVUyIsImpvYkxvY2F0aW9uIjoid2VzdGNlbnRyYWx1cyJ9?api-version=2016-09-01",
      "EncodedRequestUri": "L3N1YnNjcmlwdGlvbnMvNjlhNzViZGEtODgyZS00NGQ1LTg0MzEtNjM0MjEyMDQxMzJhL29wZXJhdGlvbnJlc3VsdHMvZXlKcWIySkpaQ0k2SWxKRlUwOVZVa05GUjFKUFZWQkVSVXhGVkVsUFRrcFBRaTFRVXpRM016UXRWMFZUVkVORlRsUlNRVXhWVXlJc0ltcHZZa3h2WTJGMGFXOXVJam9pZDJWemRHTmxiblJ5WVd4MWN5Sjk/YXBpLXZlcnNpb249MjAxNi0wOS0wMQ==",
      "RequestMethod": "GET",
      "RequestHeaders": {
        "User-Agent": [
          "FxVersion/4.700.22.55902",
          "OSName/Windows",
          "OSVersion/Microsoft.Windows.10.0.22000",
          "Microsoft.Azure.Management.Internal.Resources.ResourceManagementClient/1.3.67"
        ]
      },
      "RequestBody": "",
      "ResponseHeaders": {
        "Cache-Control": [
          "no-cache"
        ],
        "Pragma": [
          "no-cache"
        ],
        "x-ms-ratelimit-remaining-subscription-reads": [
          "11994"
        ],
        "x-ms-request-id": [
          "9d92f554-a4f0-43ac-9d4f-00a59cc08d9a"
        ],
        "x-ms-correlation-request-id": [
          "9d92f554-a4f0-43ac-9d4f-00a59cc08d9a"
        ],
        "x-ms-routing-request-id": [
          "WESTEUROPE:20230103T122914Z:9d92f554-a4f0-43ac-9d4f-00a59cc08d9a"
        ],
        "Strict-Transport-Security": [
          "max-age=31536000; includeSubDomains"
        ],
        "X-Content-Type-Options": [
          "nosniff"
        ],
        "Date": [
          "Tue, 03 Jan 2023 12:29:14 GMT"
        ],
        "Expires": [
          "-1"
        ],
        "Content-Length": [
          "0"
        ]
      },
      "ResponseBody": "",
      "StatusCode": 200
    }
  ],
  "Names": {
    "Test-AccountPipelines": [
      "ps4734",
      "ps1484",
      "ps5400"
    ]
  },
  "Variables": {
    "SubscriptionId": "69a75bda-882e-44d5-8431-63421204132a"
  }
}