{
  "Entries": [
    {
      "RequestUri": "/subscriptions/9532a63e-f2eb-4649-bb23-5ed01077ce80/providers/Microsoft.Network?api-version=2014-04-01-preview",
      "EncodedRequestUri": "L3N1YnNjcmlwdGlvbnMvOTUzMmE2M2UtZjJlYi00NjQ5LWJiMjMtNWVkMDEwNzdjZTgwL3Byb3ZpZGVycy9NaWNyb3NvZnQuTmV0d29yaz9hcGktdmVyc2lvbj0yMDE0LTA0LTAxLXByZXZpZXc=",
      "RequestMethod": "GET",
      "RequestBody": "",
      "RequestHeaders": {
        "User-Agent": [
          "Microsoft.Azure.Management.Resources.ResourceManagementClient/2.0.0.0"
        ]
      },
      "ResponseBody": "{\r\n  \"id\": \"/subscriptions/9532a63e-f2eb-4649-bb23-5ed01077ce80/providers/Microsoft.Network\",\r\n  \"namespace\": \"Microsoft.Network\",\r\n  \"authorization\": {\r\n    \"applicationId\": \"2cf9eb86-36b5-49dc-86ae-9a63135dfa8c\",\r\n    \"roleDefinitionId\": \"13ba9ab4-19f0-4804-adc4-14ece36cc7a1\"\r\n  },\r\n  \"resourceTypes\": [\r\n    {\r\n      \"resourceType\": \"virtualNetworks\",\r\n      \"locations\": [\r\n        \"West US\",\r\n        \"East US\",\r\n        \"North Europe\",\r\n        \"West Europe\",\r\n        \"East Asia\",\r\n        \"Southeast Asia\",\r\n        \"South Central US\",\r\n        \"Central US\",\r\n        \"East US 2\",\r\n        \"Japan East\",\r\n        \"Japan West\",\r\n        \"North Central US\",\r\n        \"Brazil South\",\r\n        \"Australia East\",\r\n        \"Australia Southeast\"\r\n      ],\r\n      \"apiVersions\": [\r\n        \"2016-09-01\",\r\n        \"2015-05-01-preview\",\r\n        \"2014-12-01-preview\"\r\n      ]\r\n    },\r\n    {\r\n      \"resourceType\": \"publicIPAddresses\",\r\n      \"locations\": [\r\n        \"West US\",\r\n        \"East US\",\r\n        \"North Europe\",\r\n        \"West Europe\",\r\n        \"East Asia\",\r\n        \"Southeast Asia\",\r\n        \"South Central US\",\r\n        \"Central US\",\r\n        \"East US 2\",\r\n        \"Japan East\",\r\n        \"Japan West\",\r\n        \"North Central US\",\r\n        \"Brazil South\",\r\n        \"Australia East\",\r\n        \"Australia Southeast\"\r\n      ],\r\n      \"apiVersions\": [\r\n        \"2016-09-01\",\r\n        \"2015-05-01-preview\",\r\n        \"2014-12-01-preview\"\r\n      ]\r\n    },\r\n    {\r\n      \"resourceType\": \"networkInterfaces\",\r\n      \"locations\": [\r\n        \"West US\",\r\n        \"East US\",\r\n        \"North Europe\",\r\n        \"West Europe\",\r\n        \"East Asia\",\r\n        \"Southeast Asia\",\r\n        \"South Central US\",\r\n        \"Central US\",\r\n        \"East US 2\",\r\n        \"Japan East\",\r\n        \"Japan West\",\r\n        \"North Central US\",\r\n        \"Brazil South\",\r\n        \"Australia East\",\r\n        \"Australia Southeast\"\r\n      ],\r\n      \"apiVersions\": [\r\n        \"2016-09-01\",\r\n        \"2015-05-01-preview\",\r\n        \"2014-12-01-preview\"\r\n      ]\r\n    },\r\n    {\r\n      \"resourceType\": \"loadBalancers\",\r\n      \"locations\": [\r\n        \"West US\",\r\n        \"East US\",\r\n        \"North Europe\",\r\n        \"West Europe\",\r\n        \"East Asia\",\r\n        \"Southeast Asia\",\r\n        \"South Central US\",\r\n        \"Central US\",\r\n        \"East US 2\",\r\n        \"Japan East\",\r\n        \"Japan West\",\r\n        \"North Central US\",\r\n        \"Brazil South\",\r\n        \"Australia East\",\r\n        \"Australia Southeast\"\r\n      ],\r\n      \"apiVersions\": [\r\n        \"2016-09-01\",\r\n        \"2015-05-01-preview\",\r\n        \"2014-12-01-preview\"\r\n      ]\r\n    },\r\n    {\r\n      \"resourceType\": \"networkSecurityGroups\",\r\n      \"locations\": [\r\n        \"West US\",\r\n        \"East US\",\r\n        \"North Europe\",\r\n        \"West Europe\",\r\n        \"East Asia\",\r\n        \"Southeast Asia\",\r\n        \"South Central US\",\r\n        \"Central US\",\r\n        \"East US 2\",\r\n        \"Japan East\",\r\n        \"Japan West\",\r\n        \"North Central US\",\r\n        \"Brazil South\",\r\n        \"Australia East\",\r\n        \"Australia Southeast\"\r\n      ],\r\n      \"apiVersions\": [\r\n        \"2016-09-01\",\r\n        \"2015-05-01-preview\",\r\n        \"2014-12-01-preview\"\r\n      ]\r\n    },\r\n    {\r\n      \"resourceType\": \"routeTables\",\r\n      \"locations\": [\r\n        \"West US\",\r\n        \"East US\",\r\n        \"North Europe\",\r\n        \"West Europe\",\r\n        \"East Asia\",\r\n        \"Southeast Asia\",\r\n        \"South Central US\",\r\n        \"Central US\",\r\n        \"East US 2\",\r\n        \"Japan East\",\r\n        \"Japan West\",\r\n        \"North Central US\",\r\n        \"Brazil South\",\r\n        \"Australia East\",\r\n        \"Australia Southeast\"\r\n      ],\r\n      \"apiVersions\": [\r\n        \"2016-09-01\",\r\n        \"2015-05-01-preview\",\r\n        \"2014-12-01-preview\"\r\n      ]\r\n    },\r\n    {\r\n      \"resourceType\": \"virtualNetworkGateways\",\r\n      \"locations\": [\r\n        \"West US\",\r\n        \"East US\",\r\n        \"North Europe\",\r\n        \"West Europe\",\r\n        \"East Asia\",\r\n        \"Southeast Asia\",\r\n        \"South Central US\",\r\n        \"Central US\",\r\n        \"East US 2\",\r\n        \"Japan East\",\r\n        \"Japan West\",\r\n        \"North Central US\",\r\n        \"Brazil South\",\r\n        \"Australia East\",\r\n        \"Australia Southeast\"\r\n      ],\r\n      \"apiVersions\": [\r\n        \"2016-09-01\",\r\n        \"2015-05-01-preview\",\r\n        \"2014-12-01-preview\"\r\n      ]\r\n    },\r\n    {\r\n      \"resourceType\": \"localNetworkGateways\",\r\n      \"locations\": [\r\n        \"West US\",\r\n        \"East US\",\r\n        \"North Europe\",\r\n        \"West Europe\",\r\n        \"East Asia\",\r\n        \"Southeast Asia\",\r\n        \"South Central US\",\r\n        \"Central US\",\r\n        \"East US 2\",\r\n        \"Japan East\",\r\n        \"Japan West\",\r\n        \"North Central US\",\r\n        \"Brazil South\",\r\n        \"Australia East\",\r\n        \"Australia Southeast\"\r\n      ],\r\n      \"apiVersions\": [\r\n        \"2016-09-01\",\r\n        \"2015-05-01-preview\",\r\n        \"2014-12-01-preview\"\r\n      ]\r\n    },\r\n    {\r\n      \"resourceType\": \"connections\",\r\n      \"locations\": [\r\n        \"West US\",\r\n        \"East US\",\r\n        \"North Europe\",\r\n        \"West Europe\",\r\n        \"East Asia\",\r\n        \"Southeast Asia\",\r\n        \"South Central US\",\r\n        \"Central US\",\r\n        \"East US 2\",\r\n        \"Japan East\",\r\n        \"Japan West\",\r\n        \"North Central US\",\r\n        \"Brazil South\",\r\n        \"Australia East\",\r\n        \"Australia Southeast\"\r\n      ],\r\n      \"apiVersions\": [\r\n        \"2016-09-01\",\r\n        \"2015-05-01-preview\",\r\n        \"2014-12-01-preview\"\r\n      ]\r\n    },\r\n    {\r\n      \"resourceType\": \"applicationGateways\",\r\n      \"locations\": [\r\n        \"West US\",\r\n        \"East US\",\r\n        \"North Europe\",\r\n        \"West Europe\",\r\n        \"East Asia\",\r\n        \"Southeast Asia\",\r\n        \"South Central US\",\r\n        \"Central US\",\r\n        \"East US 2\",\r\n        \"Japan East\",\r\n        \"Japan West\",\r\n        \"North Central US\",\r\n        \"Brazil South\",\r\n        \"Australia East\",\r\n        \"Australia Southeast\"\r\n      ],\r\n      \"apiVersions\": [\r\n        \"2016-09-01\",\r\n        \"2015-05-01-preview\",\r\n        \"2014-12-01-preview\"\r\n      ]\r\n    },\r\n    {\r\n      \"resourceType\": \"locations\",\r\n      \"locations\": [],\r\n      \"apiVersions\": [\r\n        \"2016-09-01\",\r\n        \"2015-05-01-preview\",\r\n        \"2014-12-01-preview\"\r\n      ]\r\n    },\r\n    {\r\n      \"resourceType\": \"locations/operations\",\r\n      \"locations\": [],\r\n      \"apiVersions\": [\r\n        \"2016-09-01\",\r\n        \"2015-05-01-preview\",\r\n        \"2014-12-01-preview\"\r\n      ]\r\n    },\r\n    {\r\n      \"resourceType\": \"locations/operationResults\",\r\n      \"locations\": [],\r\n      \"apiVersions\": [\r\n        \"2016-09-01\",\r\n        \"2015-05-01-preview\",\r\n        \"2014-12-01-preview\"\r\n      ]\r\n    },\r\n    {\r\n      \"resourceType\": \"locations/CheckDnsNameAvailability\",\r\n      \"locations\": [],\r\n      \"apiVersions\": [\r\n        \"2016-09-01\",\r\n        \"2015-05-01-preview\",\r\n        \"2014-12-01-preview\"\r\n      ]\r\n    },\r\n    {\r\n      \"resourceType\": \"locations/usages\",\r\n      \"locations\": [],\r\n      \"apiVersions\": [\r\n        \"2016-09-01\",\r\n        \"2015-05-01-preview\",\r\n        \"2014-12-01-preview\"\r\n      ]\r\n    },\r\n    {\r\n      \"resourceType\": \"operations\",\r\n      \"locations\": [],\r\n      \"apiVersions\": [\r\n        \"2016-09-01\",\r\n        \"2015-05-01-preview\",\r\n        \"2014-12-01-preview\"\r\n      ]\r\n    },\r\n    {\r\n      \"resourceType\": \"expressRouteCircuits\",\r\n      \"locations\": [\r\n        \"Brazil South\",\r\n        \"West US\",\r\n        \"East US\",\r\n        \"North Europe\",\r\n        \"West Europe\",\r\n        \"East Asia\",\r\n        \"Southeast Asia\",\r\n        \"North Central US\",\r\n        \"South Central US\",\r\n        \"Central US\",\r\n        \"East US 2\",\r\n        \"Japan East\",\r\n        \"Japan West\",\r\n        \"Australia East\",\r\n        \"Australia Southeast\"\r\n      ],\r\n      \"apiVersions\": [\r\n        \"2016-09-01\",\r\n        \"2015-05-01-preview\",\r\n        \"2014-12-01-preview\"\r\n      ]\r\n    },\r\n    {\r\n      \"resourceType\": \"expressRouteServiceProviders\",\r\n      \"locations\": [],\r\n      \"apiVersions\": [\r\n        \"2016-09-01\",\r\n        \"2015-05-01-preview\",\r\n        \"2014-12-01-preview\"\r\n      ]\r\n    },\r\n    {\r\n      \"resourceType\": \"dnszones\",\r\n      \"locations\": [\r\n        \"global\"\r\n      ],\r\n      \"apiVersions\": [\r\n        \"2015-05-04-preview\"\r\n      ]\r\n    },\r\n    {\r\n      \"resourceType\": \"dnszones/A\",\r\n      \"locations\": [\r\n        \"global\"\r\n      ],\r\n      \"apiVersions\": [\r\n        \"2015-05-04-preview\"\r\n      ]\r\n    },\r\n    {\r\n      \"resourceType\": \"dnszones/AAAA\",\r\n      \"locations\": [\r\n        \"global\"\r\n      ],\r\n      \"apiVersions\": [\r\n        \"2015-05-04-preview\"\r\n      ]\r\n    },\r\n    {\r\n      \"resourceType\": \"dnszones/CNAME\",\r\n      \"locations\": [\r\n        \"global\"\r\n      ],\r\n      \"apiVersions\": [\r\n        \"2015-05-04-preview\"\r\n      ]\r\n    },\r\n    {\r\n      \"resourceType\": \"dnszones/PTR\",\r\n      \"locations\": [\r\n        \"global\"\r\n      ],\r\n      \"apiVersions\": [\r\n        \"2015-05-04-preview\"\r\n      ]\r\n    },\r\n    {\r\n      \"resourceType\": \"dnszones/MX\",\r\n      \"locations\": [\r\n        \"global\"\r\n      ],\r\n      \"apiVersions\": [\r\n        \"2015-05-04-preview\"\r\n      ]\r\n    },\r\n    {\r\n      \"resourceType\": \"dnszones/TXT\",\r\n      \"locations\": [\r\n        \"global\"\r\n      ],\r\n      \"apiVersions\": [\r\n        \"2015-05-04-preview\"\r\n      ]\r\n    },\r\n    {\r\n      \"resourceType\": \"dnszones/SRV\",\r\n      \"locations\": [\r\n        \"global\"\r\n      ],\r\n      \"apiVersions\": [\r\n        \"2015-05-04-preview\"\r\n      ]\r\n    },\r\n    {\r\n      \"resourceType\": \"trafficmanagerprofiles\",\r\n      \"locations\": [\r\n        \"global\"\r\n      ],\r\n      \"apiVersions\": [\r\n        \"2015-04-28-preview\"\r\n      ]\r\n    },\r\n    {\r\n      \"resourceType\": \"checkTrafficManagerNameAvailability\",\r\n      \"locations\": [\r\n        \"global\"\r\n      ],\r\n      \"apiVersions\": [\r\n        \"2015-04-28-preview\"\r\n      ]\r\n    }\r\n  ],\r\n  \"registrationState\": \"Registered\"\r\n}",
      "ResponseHeaders": {
        "Content-Length": [
          "5908"
        ],
        "Content-Type": [
          "application/json; charset=utf-8"
        ],
        "Expires": [
          "-1"
        ],
        "Pragma": [
          "no-cache"
        ],
        "x-ms-ratelimit-remaining-subscription-reads": [
          "14965"
        ],
        "x-ms-request-id": [
          "db96fc76-303c-49d3-be58-6d9a83787e2b"
        ],
        "x-ms-correlation-request-id": [
          "db96fc76-303c-49d3-be58-6d9a83787e2b"
        ],
        "x-ms-routing-request-id": [
          "WESTUS:20151124T210926Z:db96fc76-303c-49d3-be58-6d9a83787e2b"
        ],
        "Strict-Transport-Security": [
          "max-age=31536000; includeSubDomains"
        ],
        "Cache-Control": [
          "no-cache"
        ],
        "Date": [
          "Tue, 24 Nov 2015 21:09:25 GMT"
        ]
      },
      "StatusCode": 200
    },
    {
      "RequestUri": "/subscriptions/9532a63e-f2eb-4649-bb23-5ed01077ce80/resourcegroups/onesdk1157?api-version=2014-04-01-preview",
      "EncodedRequestUri": "L3N1YnNjcmlwdGlvbnMvOTUzMmE2M2UtZjJlYi00NjQ5LWJiMjMtNWVkMDEwNzdjZTgwL3Jlc291cmNlZ3JvdXBzL29uZXNkazExNTc/YXBpLXZlcnNpb249MjAxNC0wNC0wMS1wcmV2aWV3",
      "RequestMethod": "HEAD",
      "RequestBody": "",
      "RequestHeaders": {
        "User-Agent": [
          "Microsoft.Azure.Management.Resources.ResourceManagementClient/2.0.0.0"
        ]
      },
      "ResponseBody": "",
      "ResponseHeaders": {
        "Content-Length": [
          "102"
        ],
        "Content-Type": [
          "application/json; charset=utf-8"
        ],
        "Expires": [
          "-1"
        ],
        "Pragma": [
          "no-cache"
        ],
        "x-ms-failure-cause": [
          "gateway"
        ],
        "x-ms-ratelimit-remaining-subscription-reads": [
          "14964"
        ],
        "x-ms-request-id": [
          "a48bb89e-342d-4bd1-bd94-d17fe9d29d41"
        ],
        "x-ms-correlation-request-id": [
          "a48bb89e-342d-4bd1-bd94-d17fe9d29d41"
        ],
        "x-ms-routing-request-id": [
          "WESTUS:20151124T210926Z:a48bb89e-342d-4bd1-bd94-d17fe9d29d41"
        ],
        "Strict-Transport-Security": [
          "max-age=31536000; includeSubDomains"
        ],
        "Cache-Control": [
          "no-cache"
        ],
        "Date": [
          "Tue, 24 Nov 2015 21:09:26 GMT"
        ]
      },
      "StatusCode": 404
    },
    {
      "RequestUri": "/subscriptions/9532a63e-f2eb-4649-bb23-5ed01077ce80/resourcegroups/onesdk1157?api-version=2014-04-01-preview",
      "EncodedRequestUri": "L3N1YnNjcmlwdGlvbnMvOTUzMmE2M2UtZjJlYi00NjQ5LWJiMjMtNWVkMDEwNzdjZTgwL3Jlc291cmNlZ3JvdXBzL29uZXNkazExNTc/YXBpLXZlcnNpb249MjAxNC0wNC0wMS1wcmV2aWV3",
      "RequestMethod": "HEAD",
      "RequestBody": "",
      "RequestHeaders": {
        "User-Agent": [
          "Microsoft.Azure.Management.Resources.ResourceManagementClient/2.0.0.0"
        ]
      },
      "ResponseBody": "",
      "ResponseHeaders": {
        "Content-Length": [
          "0"
        ],
        "Expires": [
          "-1"
        ],
        "Pragma": [
          "no-cache"
        ],
        "x-ms-ratelimit-remaining-subscription-reads": [
          "14962"
        ],
        "x-ms-request-id": [
          "ae2ad18e-1e1c-43b0-9c97-4fcace154958"
        ],
        "x-ms-correlation-request-id": [
          "ae2ad18e-1e1c-43b0-9c97-4fcace154958"
        ],
        "x-ms-routing-request-id": [
          "WESTUS:20151124T210949Z:ae2ad18e-1e1c-43b0-9c97-4fcace154958"
        ],
        "Strict-Transport-Security": [
          "max-age=31536000; includeSubDomains"
        ],
        "Cache-Control": [
          "no-cache"
        ],
        "Date": [
          "Tue, 24 Nov 2015 21:09:48 GMT"
        ]
      },
      "StatusCode": 204
    },
    {
      "RequestUri": "/subscriptions/9532a63e-f2eb-4649-bb23-5ed01077ce80/resourcegroups/onesdk1157?api-version=2014-04-01-preview",
      "EncodedRequestUri": "L3N1YnNjcmlwdGlvbnMvOTUzMmE2M2UtZjJlYi00NjQ5LWJiMjMtNWVkMDEwNzdjZTgwL3Jlc291cmNlZ3JvdXBzL29uZXNkazExNTc/YXBpLXZlcnNpb249MjAxNC0wNC0wMS1wcmV2aWV3",
      "RequestMethod": "PUT",
      "RequestBody": "{\r\n  \"location\": \"West US\",\r\n  \"tags\": {\r\n    \"testtag\": \"testval\"\r\n  }\r\n}",
      "RequestHeaders": {
        "Content-Type": [
          "application/json; charset=utf-8"
        ],
        "Content-Length": [
          "74"
        ],
        "User-Agent": [
          "Microsoft.Azure.Management.Resources.ResourceManagementClient/2.0.0.0"
        ]
      },
      "ResponseBody": "{\r\n  \"id\": \"/subscriptions/9532a63e-f2eb-4649-bb23-5ed01077ce80/resourceGroups/onesdk1157\",\r\n  \"name\": \"onesdk1157\",\r\n  \"location\": \"westus\",\r\n  \"tags\": {\r\n    \"testtag\": \"testval\"\r\n  },\r\n  \"properties\": {\r\n    \"provisioningState\": \"Succeeded\"\r\n  }\r\n}",
      "ResponseHeaders": {
        "Content-Length": [
          "202"
        ],
        "Content-Type": [
          "application/json; charset=utf-8"
        ],
        "Expires": [
          "-1"
        ],
        "Pragma": [
          "no-cache"
        ],
        "x-ms-ratelimit-remaining-subscription-writes": [
          "1188"
        ],
        "x-ms-request-id": [
          "5f2a77c1-0f1b-40f6-9490-30b5629ab579"
        ],
        "x-ms-correlation-request-id": [
          "5f2a77c1-0f1b-40f6-9490-30b5629ab579"
        ],
        "x-ms-routing-request-id": [
          "WESTUS:20151124T210926Z:5f2a77c1-0f1b-40f6-9490-30b5629ab579"
        ],
        "Strict-Transport-Security": [
          "max-age=31536000; includeSubDomains"
        ],
        "Cache-Control": [
          "no-cache"
        ],
        "Date": [
          "Tue, 24 Nov 2015 21:09:26 GMT"
        ]
      },
      "StatusCode": 201
    },
    {
      "RequestUri": "/subscriptions/9532a63e-f2eb-4649-bb23-5ed01077ce80/resourceGroups/onesdk1157/resources?api-version=2014-04-01-preview",
      "EncodedRequestUri": "L3N1YnNjcmlwdGlvbnMvOTUzMmE2M2UtZjJlYi00NjQ5LWJiMjMtNWVkMDEwNzdjZTgwL3Jlc291cmNlR3JvdXBzL29uZXNkazExNTcvcmVzb3VyY2VzP2FwaS12ZXJzaW9uPTIwMTQtMDQtMDEtcHJldmlldw==",
      "RequestMethod": "GET",
      "RequestBody": "",
      "RequestHeaders": {
        "User-Agent": [
          "Microsoft.Azure.Management.Resources.ResourceManagementClient/2.0.0.0"
        ]
      },
      "ResponseBody": "{\r\n  \"value\": []\r\n}",
      "ResponseHeaders": {
        "Content-Length": [
          "12"
        ],
        "Content-Type": [
          "application/json; charset=utf-8"
        ],
        "Expires": [
          "-1"
        ],
        "Pragma": [
          "no-cache"
        ],
        "x-ms-ratelimit-remaining-subscription-reads": [
          "14963"
        ],
        "x-ms-request-id": [
          "120d2eb3-d7ef-4404-a497-4c046d5270ac"
        ],
        "x-ms-correlation-request-id": [
          "120d2eb3-d7ef-4404-a497-4c046d5270ac"
        ],
        "x-ms-routing-request-id": [
          "WESTUS:20151124T210926Z:120d2eb3-d7ef-4404-a497-4c046d5270ac"
        ],
        "Strict-Transport-Security": [
          "max-age=31536000; includeSubDomains"
        ],
        "Cache-Control": [
          "no-cache"
        ],
        "Date": [
          "Tue, 24 Nov 2015 21:09:26 GMT"
        ]
      },
      "StatusCode": 200
    },
    {
      "RequestUri": "/subscriptions/9532a63e-f2eb-4649-bb23-5ed01077ce80/resourceGroups/onesdk1157/providers/Microsoft.Network/routeTables/onesdk6935?api-version=2016-09-01",
      "EncodedRequestUri": "L3N1YnNjcmlwdGlvbnMvOTUzMmE2M2UtZjJlYi00NjQ5LWJiMjMtNWVkMDEwNzdjZTgwL3Jlc291cmNlR3JvdXBzL29uZXNkazExNTcvcHJvdmlkZXJzL01pY3Jvc29mdC5OZXR3b3JrL3JvdXRlVGFibGVzL29uZXNkazY5MzU/YXBpLXZlcnNpb249MjAxNi0wOS0wMQ==",
      "RequestMethod": "GET",
      "RequestBody": "",
      "RequestHeaders": {
        "x-ms-client-request-id": [
          "62785ff7-7dfc-40f2-b5cd-750b86547fe2"
        ],
        "accept-language": [
          "en-US"
        ],
        "User-Agent": [
          "Microsoft.Azure.Management.Network.NetworkManagementClient/3.0.0.0"
        ]
      },
      "ResponseBody": "{\r\n  \"error\": {\r\n    \"code\": \"ResourceNotFound\",\r\n    \"message\": \"The Resource 'Microsoft.Network/routeTables/onesdk6935' under resource group 'onesdk1157' was not found.\"\r\n  }\r\n}",
      "ResponseHeaders": {
        "Content-Length": [
          "154"
        ],
        "Content-Type": [
          "application/json; charset=utf-8"
        ],
        "Expires": [
          "-1"
        ],
        "Pragma": [
          "no-cache"
        ],
        "x-ms-failure-cause": [
          "gateway"
        ],
        "x-ms-request-id": [
          "2a50ac33-07cc-4da4-9974-6307bae1987c"
        ],
        "x-ms-correlation-request-id": [
          "2a50ac33-07cc-4da4-9974-6307bae1987c"
        ],
        "x-ms-routing-request-id": [
          "WESTUS:20151124T210927Z:2a50ac33-07cc-4da4-9974-6307bae1987c"
        ],
        "Strict-Transport-Security": [
          "max-age=31536000; includeSubDomains"
        ],
        "Cache-Control": [
          "no-cache"
        ],
        "Date": [
          "Tue, 24 Nov 2015 21:09:26 GMT"
        ]
      },
      "StatusCode": 404
    },
    {
      "RequestUri": "/subscriptions/9532a63e-f2eb-4649-bb23-5ed01077ce80/resourceGroups/onesdk1157/providers/Microsoft.Network/routeTables/onesdk6935?api-version=2016-09-01",
      "EncodedRequestUri": "L3N1YnNjcmlwdGlvbnMvOTUzMmE2M2UtZjJlYi00NjQ5LWJiMjMtNWVkMDEwNzdjZTgwL3Jlc291cmNlR3JvdXBzL29uZXNkazExNTcvcHJvdmlkZXJzL01pY3Jvc29mdC5OZXR3b3JrL3JvdXRlVGFibGVzL29uZXNkazY5MzU/YXBpLXZlcnNpb249MjAxNi0wOS0wMQ==",
      "RequestMethod": "GET",
      "RequestBody": "",
      "RequestHeaders": {
        "User-Agent": [
          "Microsoft.Azure.Management.Network.NetworkManagementClient/3.0.0.0"
        ]
      },
      "ResponseBody": "{\r\n  \"name\": \"onesdk6935\",\r\n  \"id\": \"/subscriptions/9532a63e-f2eb-4649-bb23-5ed01077ce80/resourceGroups/onesdk1157/providers/Microsoft.Network/routeTables/onesdk6935\",\r\n  \"etag\": \"W/\\\"3bd80cb5-76cb-441f-9656-370d12bd489b\\\"\",\r\n  \"type\": \"Microsoft.Network/routeTables\",\r\n  \"location\": \"westus\",\r\n  \"properties\": {\r\n    \"provisioningState\": \"Succeeded\",\r\n    \"resourceGuid\": \"3ab85810-9703-4a79-8206-7f2284e9ed2a\",\r\n    \"routes\": []\r\n  }\r\n}",
      "ResponseHeaders": {
        "Content-Length": [
          "438"
        ],
        "Content-Type": [
          "application/json; charset=utf-8"
        ],
        "Expires": [
          "-1"
        ],
        "Pragma": [
          "no-cache"
        ],
        "x-ms-request-id": [
          "64aa7f47-ab0c-4469-8497-4762bba03ae7"
        ],
        "Strict-Transport-Security": [
          "max-age=31536000; includeSubDomains"
        ],
        "Cache-Control": [
          "no-cache"
        ],
        "ETag": [
          "W/\"3bd80cb5-76cb-441f-9656-370d12bd489b\""
        ],
        "Server": [
          "Microsoft-HTTPAPI/2.0",
          "Microsoft-HTTPAPI/2.0"
        ],
        "x-ms-ratelimit-remaining-subscription-reads": [
          "14997"
        ],
        "x-ms-correlation-request-id": [
          "9bce1069-be13-496e-86c8-9c922e59f9da"
        ],
        "x-ms-routing-request-id": [
          "WESTUS:20151124T210938Z:9bce1069-be13-496e-86c8-9c922e59f9da"
        ],
        "Date": [
          "Tue, 24 Nov 2015 21:09:38 GMT"
        ]
      },
      "StatusCode": 200
    },
    {
      "RequestUri": "/subscriptions/9532a63e-f2eb-4649-bb23-5ed01077ce80/resourceGroups/onesdk1157/providers/Microsoft.Network/routeTables/onesdk6935?api-version=2016-09-01",
      "EncodedRequestUri": "L3N1YnNjcmlwdGlvbnMvOTUzMmE2M2UtZjJlYi00NjQ5LWJiMjMtNWVkMDEwNzdjZTgwL3Jlc291cmNlR3JvdXBzL29uZXNkazExNTcvcHJvdmlkZXJzL01pY3Jvc29mdC5OZXR3b3JrL3JvdXRlVGFibGVzL29uZXNkazY5MzU/YXBpLXZlcnNpb249MjAxNi0wOS0wMQ==",
      "RequestMethod": "GET",
      "RequestBody": "",
      "RequestHeaders": {
        "x-ms-client-request-id": [
          "19b8ed11-c0fd-4f22-8136-8494d3ae0a8f"
        ],
        "accept-language": [
          "en-US"
        ],
        "User-Agent": [
          "Microsoft.Azure.Management.Network.NetworkManagementClient/3.0.0.0"
        ]
      },
      "ResponseBody": "{\r\n  \"name\": \"onesdk6935\",\r\n  \"id\": \"/subscriptions/9532a63e-f2eb-4649-bb23-5ed01077ce80/resourceGroups/onesdk1157/providers/Microsoft.Network/routeTables/onesdk6935\",\r\n  \"etag\": \"W/\\\"3bd80cb5-76cb-441f-9656-370d12bd489b\\\"\",\r\n  \"type\": \"Microsoft.Network/routeTables\",\r\n  \"location\": \"westus\",\r\n  \"properties\": {\r\n    \"provisioningState\": \"Succeeded\",\r\n    \"resourceGuid\": \"3ab85810-9703-4a79-8206-7f2284e9ed2a\",\r\n    \"routes\": []\r\n  }\r\n}",
      "ResponseHeaders": {
        "Content-Length": [
          "438"
        ],
        "Content-Type": [
          "application/json; charset=utf-8"
        ],
        "Expires": [
          "-1"
        ],
        "Pragma": [
          "no-cache"
        ],
        "x-ms-request-id": [
          "541ac378-0abe-4a9e-95d0-38e4f1df4927"
        ],
        "Strict-Transport-Security": [
          "max-age=31536000; includeSubDomains"
        ],
        "Cache-Control": [
          "no-cache"
        ],
        "ETag": [
          "W/\"3bd80cb5-76cb-441f-9656-370d12bd489b\""
        ],
        "Server": [
          "Microsoft-HTTPAPI/2.0",
          "Microsoft-HTTPAPI/2.0"
        ],
        "x-ms-ratelimit-remaining-subscription-reads": [
          "14996"
        ],
        "x-ms-correlation-request-id": [
          "206e1e9c-b64b-4f06-9cec-42a769ffc856"
        ],
        "x-ms-routing-request-id": [
          "WESTUS:20151124T210938Z:206e1e9c-b64b-4f06-9cec-42a769ffc856"
        ],
        "Date": [
          "Tue, 24 Nov 2015 21:09:38 GMT"
        ]
      },
      "StatusCode": 200
    },
    {
      "RequestUri": "/subscriptions/9532a63e-f2eb-4649-bb23-5ed01077ce80/resourceGroups/onesdk1157/providers/Microsoft.Network/routeTables/onesdk6935?api-version=2016-09-01",
      "EncodedRequestUri": "L3N1YnNjcmlwdGlvbnMvOTUzMmE2M2UtZjJlYi00NjQ5LWJiMjMtNWVkMDEwNzdjZTgwL3Jlc291cmNlR3JvdXBzL29uZXNkazExNTcvcHJvdmlkZXJzL01pY3Jvc29mdC5OZXR3b3JrL3JvdXRlVGFibGVzL29uZXNkazY5MzU/YXBpLXZlcnNpb249MjAxNi0wOS0wMQ==",
      "RequestMethod": "GET",
      "RequestBody": "",
      "RequestHeaders": {
        "x-ms-client-request-id": [
          "0c46840e-1a78-42cc-b400-bd40b777e038"
        ],
        "accept-language": [
          "en-US"
        ],
        "User-Agent": [
          "Microsoft.Azure.Management.Network.NetworkManagementClient/3.0.0.0"
        ]
      },
      "ResponseBody": "{\r\n  \"name\": \"onesdk6935\",\r\n  \"id\": \"/subscriptions/9532a63e-f2eb-4649-bb23-5ed01077ce80/resourceGroups/onesdk1157/providers/Microsoft.Network/routeTables/onesdk6935\",\r\n  \"etag\": \"W/\\\"3bd80cb5-76cb-441f-9656-370d12bd489b\\\"\",\r\n  \"type\": \"Microsoft.Network/routeTables\",\r\n  \"location\": \"westus\",\r\n  \"properties\": {\r\n    \"provisioningState\": \"Succeeded\",\r\n    \"resourceGuid\": \"3ab85810-9703-4a79-8206-7f2284e9ed2a\",\r\n    \"routes\": []\r\n  }\r\n}",
      "ResponseHeaders": {
        "Content-Length": [
          "438"
        ],
        "Content-Type": [
          "application/json; charset=utf-8"
        ],
        "Expires": [
          "-1"
        ],
        "Pragma": [
          "no-cache"
        ],
        "x-ms-request-id": [
          "274ffc1d-1fd5-489c-a44b-3e15fa28449b"
        ],
        "Strict-Transport-Security": [
          "max-age=31536000; includeSubDomains"
        ],
        "Cache-Control": [
          "no-cache"
        ],
        "ETag": [
          "W/\"3bd80cb5-76cb-441f-9656-370d12bd489b\""
        ],
        "Server": [
          "Microsoft-HTTPAPI/2.0",
          "Microsoft-HTTPAPI/2.0"
        ],
        "x-ms-ratelimit-remaining-subscription-reads": [
          "14995"
        ],
        "x-ms-correlation-request-id": [
          "a602fb21-b0ca-427a-aa56-103bcd77b1bb"
        ],
        "x-ms-routing-request-id": [
          "WESTUS:20151124T210938Z:a602fb21-b0ca-427a-aa56-103bcd77b1bb"
        ],
        "Date": [
          "Tue, 24 Nov 2015 21:09:38 GMT"
        ]
      },
      "StatusCode": 200
    },
    {
      "RequestUri": "/subscriptions/9532a63e-f2eb-4649-bb23-5ed01077ce80/resourceGroups/onesdk1157/providers/Microsoft.Network/routeTables/onesdk6935?api-version=2016-09-01",
      "EncodedRequestUri": "L3N1YnNjcmlwdGlvbnMvOTUzMmE2M2UtZjJlYi00NjQ5LWJiMjMtNWVkMDEwNzdjZTgwL3Jlc291cmNlR3JvdXBzL29uZXNkazExNTcvcHJvdmlkZXJzL01pY3Jvc29mdC5OZXR3b3JrL3JvdXRlVGFibGVzL29uZXNkazY5MzU/YXBpLXZlcnNpb249MjAxNi0wOS0wMQ==",
      "RequestMethod": "PUT",
      "RequestBody": "{\r\n  \"location\": \"West US\",\r\n  \"properties\": {\r\n    \"routes\": [],\r\n    \"subnets\": []\r\n  }\r\n}",
      "RequestHeaders": {
        "Content-Type": [
          "application/json; charset=utf-8"
        ],
        "Content-Length": [
          "92"
        ],
        "x-ms-client-request-id": [
          "9aa4c9cd-cfbe-40a3-b727-dbb8efb04cd3"
        ],
        "accept-language": [
          "en-US"
        ],
        "User-Agent": [
          "Microsoft.Azure.Management.Network.NetworkManagementClient/3.0.0.0"
        ]
      },
      "ResponseBody": "{\r\n  \"name\": \"onesdk6935\",\r\n  \"id\": \"/subscriptions/9532a63e-f2eb-4649-bb23-5ed01077ce80/resourceGroups/onesdk1157/providers/Microsoft.Network/routeTables/onesdk6935\",\r\n  \"etag\": \"W/\\\"9d46a539-5875-4bb6-8f50-57252c2a7cb9\\\"\",\r\n  \"type\": \"Microsoft.Network/routeTables\",\r\n  \"location\": \"westus\",\r\n  \"properties\": {\r\n    \"provisioningState\": \"Updating\",\r\n    \"resourceGuid\": \"3ab85810-9703-4a79-8206-7f2284e9ed2a\",\r\n    \"routes\": []\r\n  }\r\n}",
      "ResponseHeaders": {
        "Content-Length": [
          "437"
        ],
        "Content-Type": [
          "application/json; charset=utf-8"
        ],
        "Expires": [
          "-1"
        ],
        "Pragma": [
          "no-cache"
        ],
        "Retry-After": [
          "10"
        ],
        "x-ms-request-id": [
          "ccaabf8f-98b9-430d-b324-9f88c220b87e"
        ],
        "Azure-AsyncOperation": [
          "https://management.azure.com/subscriptions/9532a63e-f2eb-4649-bb23-5ed01077ce80/providers/Microsoft.Network/locations/westus/operations/ccaabf8f-98b9-430d-b324-9f88c220b87e?api-version=2016-09-01"
        ],
        "Strict-Transport-Security": [
          "max-age=31536000; includeSubDomains"
        ],
        "Cache-Control": [
          "no-cache"
        ],
        "Server": [
          "Microsoft-HTTPAPI/2.0",
          "Microsoft-HTTPAPI/2.0"
        ],
        "x-ms-ratelimit-remaining-subscription-writes": [
          "1199"
        ],
        "x-ms-correlation-request-id": [
          "9d5764f2-988f-40f6-bbf6-62dca2f1c9a4"
        ],
        "x-ms-routing-request-id": [
          "WESTUS:20151124T210928Z:9d5764f2-988f-40f6-bbf6-62dca2f1c9a4"
        ],
        "Date": [
          "Tue, 24 Nov 2015 21:09:27 GMT"
        ]
      },
      "StatusCode": 201
    },
    {
      "RequestUri": "/subscriptions/9532a63e-f2eb-4649-bb23-5ed01077ce80/providers/Microsoft.Network/locations/westus/operations/ccaabf8f-98b9-430d-b324-9f88c220b87e?api-version=2016-09-01",
      "EncodedRequestUri": "L3N1YnNjcmlwdGlvbnMvOTUzMmE2M2UtZjJlYi00NjQ5LWJiMjMtNWVkMDEwNzdjZTgwL3Byb3ZpZGVycy9NaWNyb3NvZnQuTmV0d29yay9sb2NhdGlvbnMvd2VzdHVzL29wZXJhdGlvbnMvY2NhYWJmOGYtOThiOS00MzBkLWIzMjQtOWY4OGMyMjBiODdlP2FwaS12ZXJzaW9uPTIwMTYtMDktMDE=",
      "RequestMethod": "GET",
      "RequestBody": "",
      "RequestHeaders": {
        "User-Agent": [
          "Microsoft.Azure.Management.Network.NetworkManagementClient/3.0.0.0"
        ]
      },
      "ResponseBody": "{\r\n  \"status\": \"Succeeded\"\r\n}",
      "ResponseHeaders": {
        "Content-Length": [
          "29"
        ],
        "Content-Type": [
          "application/json; charset=utf-8"
        ],
        "Expires": [
          "-1"
        ],
        "Pragma": [
          "no-cache"
        ],
        "x-ms-request-id": [
          "fd8e78ce-ab6e-4cfe-b42d-9420904a079a"
        ],
        "Strict-Transport-Security": [
          "max-age=31536000; includeSubDomains"
        ],
        "Cache-Control": [
          "no-cache"
        ],
        "Server": [
          "Microsoft-HTTPAPI/2.0",
          "Microsoft-HTTPAPI/2.0"
        ],
        "x-ms-ratelimit-remaining-subscription-reads": [
          "14998"
        ],
        "x-ms-correlation-request-id": [
          "1a3362af-d1c3-467c-b4a0-8eadffc6aad6"
        ],
        "x-ms-routing-request-id": [
          "WESTUS:20151124T210938Z:1a3362af-d1c3-467c-b4a0-8eadffc6aad6"
        ],
        "Date": [
          "Tue, 24 Nov 2015 21:09:38 GMT"
        ]
      },
      "StatusCode": 200
    },
    {
      "RequestUri": "/subscriptions/9532a63e-f2eb-4649-bb23-5ed01077ce80/resourceGroups/onesdk1157/providers/Microsoft.Network/routeTables?api-version=2016-09-01",
      "EncodedRequestUri": "L3N1YnNjcmlwdGlvbnMvOTUzMmE2M2UtZjJlYi00NjQ5LWJiMjMtNWVkMDEwNzdjZTgwL3Jlc291cmNlR3JvdXBzL29uZXNkazExNTcvcHJvdmlkZXJzL01pY3Jvc29mdC5OZXR3b3JrL3JvdXRlVGFibGVzP2FwaS12ZXJzaW9uPTIwMTYtMDktMDE=",
      "RequestMethod": "GET",
      "RequestBody": "",
      "RequestHeaders": {
        "x-ms-client-request-id": [
          "50eb577a-7030-49d9-9535-2fe2aa0d8744"
        ],
        "accept-language": [
          "en-US"
        ],
        "User-Agent": [
          "Microsoft.Azure.Management.Network.NetworkManagementClient/3.0.0.0"
        ]
      },
      "ResponseBody": "{\r\n  \"value\": [\r\n    {\r\n      \"name\": \"onesdk6935\",\r\n      \"id\": \"/subscriptions/9532a63e-f2eb-4649-bb23-5ed01077ce80/resourceGroups/onesdk1157/providers/Microsoft.Network/routeTables/onesdk6935\",\r\n      \"etag\": \"W/\\\"3bd80cb5-76cb-441f-9656-370d12bd489b\\\"\",\r\n      \"type\": \"Microsoft.Network/routeTables\",\r\n      \"location\": \"westus\",\r\n      \"properties\": {\r\n        \"provisioningState\": \"Succeeded\",\r\n        \"resourceGuid\": \"3ab85810-9703-4a79-8206-7f2284e9ed2a\",\r\n        \"routes\": []\r\n      }\r\n    }\r\n  ]\r\n}",
      "ResponseHeaders": {
        "Content-Length": [
          "511"
        ],
        "Content-Type": [
          "application/json; charset=utf-8"
        ],
        "Expires": [
          "-1"
        ],
        "Pragma": [
          "no-cache"
        ],
        "x-ms-request-id": [
          "80fd515e-cd77-422a-90e9-cd8ad4940320"
        ],
        "Strict-Transport-Security": [
          "max-age=31536000; includeSubDomains"
        ],
        "Cache-Control": [
          "no-cache"
        ],
        "Server": [
          "Microsoft-HTTPAPI/2.0",
          "Microsoft-HTTPAPI/2.0"
        ],
        "x-ms-ratelimit-remaining-subscription-reads": [
          "14994"
        ],
        "x-ms-correlation-request-id": [
          "f1eb33e6-9d4b-4f54-b303-3e5d4ce449b4"
        ],
        "x-ms-routing-request-id": [
          "WESTUS:20151124T210939Z:f1eb33e6-9d4b-4f54-b303-3e5d4ce449b4"
        ],
        "Date": [
          "Tue, 24 Nov 2015 21:09:38 GMT"
        ]
      },
      "StatusCode": 200
    },
    {
      "RequestUri": "/subscriptions/9532a63e-f2eb-4649-bb23-5ed01077ce80/resourceGroups/onesdk1157/providers/Microsoft.Network/routeTables?api-version=2016-09-01",
      "EncodedRequestUri": "L3N1YnNjcmlwdGlvbnMvOTUzMmE2M2UtZjJlYi00NjQ5LWJiMjMtNWVkMDEwNzdjZTgwL3Jlc291cmNlR3JvdXBzL29uZXNkazExNTcvcHJvdmlkZXJzL01pY3Jvc29mdC5OZXR3b3JrL3JvdXRlVGFibGVzP2FwaS12ZXJzaW9uPTIwMTYtMDktMDE=",
      "RequestMethod": "GET",
      "RequestBody": "",
      "RequestHeaders": {
        "x-ms-client-request-id": [
          "a01a6f98-99fb-4287-b550-f4194a12bfb7"
        ],
        "accept-language": [
          "en-US"
        ],
        "User-Agent": [
          "Microsoft.Azure.Management.Network.NetworkManagementClient/3.0.0.0"
        ]
      },
      "ResponseBody": "{\r\n  \"value\": []\r\n}",
      "ResponseHeaders": {
        "Content-Length": [
          "12"
        ],
        "Content-Type": [
          "application/json; charset=utf-8"
        ],
        "Expires": [
          "-1"
        ],
        "Pragma": [
          "no-cache"
        ],
        "x-ms-ratelimit-remaining-subscription-reads": [
          "14992"
        ],
        "x-ms-request-id": [
          "be0e4a28-7d3d-4e5e-8ed9-e35bf0f34b04"
        ],
        "x-ms-correlation-request-id": [
          "be0e4a28-7d3d-4e5e-8ed9-e35bf0f34b04"
        ],
        "x-ms-routing-request-id": [
          "WESTUS:20151124T210949Z:be0e4a28-7d3d-4e5e-8ed9-e35bf0f34b04"
        ],
        "Strict-Transport-Security": [
          "max-age=31536000; includeSubDomains"
        ],
        "Cache-Control": [
          "no-cache"
        ],
        "Date": [
          "Tue, 24 Nov 2015 21:09:49 GMT"
        ]
      },
      "StatusCode": 200
    },
    {
      "RequestUri": "/subscriptions/9532a63e-f2eb-4649-bb23-5ed01077ce80/resourceGroups/onesdk1157/providers/Microsoft.Network/routeTables/onesdk6935?api-version=2016-09-01",
      "EncodedRequestUri": "L3N1YnNjcmlwdGlvbnMvOTUzMmE2M2UtZjJlYi00NjQ5LWJiMjMtNWVkMDEwNzdjZTgwL3Jlc291cmNlR3JvdXBzL29uZXNkazExNTcvcHJvdmlkZXJzL01pY3Jvc29mdC5OZXR3b3JrL3JvdXRlVGFibGVzL29uZXNkazY5MzU/YXBpLXZlcnNpb249MjAxNi0wOS0wMQ==",
      "RequestMethod": "DELETE",
      "RequestBody": "",
      "RequestHeaders": {
        "x-ms-client-request-id": [
          "c6121c6e-3fca-4945-ab7e-e3bb1f90e3a0"
        ],
        "accept-language": [
          "en-US"
        ],
        "User-Agent": [
          "Microsoft.Azure.Management.Network.NetworkManagementClient/3.0.0.0"
        ]
      },
      "ResponseBody": "",
      "ResponseHeaders": {
        "Content-Length": [
          "0"
        ],
        "Expires": [
          "-1"
        ],
        "Pragma": [
          "no-cache"
        ],
        "Retry-After": [
          "10"
        ],
        "x-ms-request-id": [
          "2c00dba3-f566-4b1a-8515-03c9fe70160e"
        ],
        "Azure-AsyncOperation": [
          "https://management.azure.com/subscriptions/9532a63e-f2eb-4649-bb23-5ed01077ce80/providers/Microsoft.Network/locations/westus/operations/2c00dba3-f566-4b1a-8515-03c9fe70160e?api-version=2016-09-01"
        ],
        "Strict-Transport-Security": [
          "max-age=31536000; includeSubDomains"
        ],
        "Cache-Control": [
          "no-cache"
        ],
        "Location": [
          "https://management.azure.com/subscriptions/9532a63e-f2eb-4649-bb23-5ed01077ce80/providers/Microsoft.Network/locations/westus/operationResults/2c00dba3-f566-4b1a-8515-03c9fe70160e?api-version=2016-09-01"
        ],
        "Server": [
          "Microsoft-HTTPAPI/2.0",
          "Microsoft-HTTPAPI/2.0"
        ],
        "x-ms-ratelimit-remaining-subscription-writes": [
          "1198"
        ],
        "x-ms-correlation-request-id": [
          "d1258d0b-8167-4a5f-b2c8-151c639dcfbb"
        ],
        "x-ms-routing-request-id": [
          "WESTUS:20151124T210939Z:d1258d0b-8167-4a5f-b2c8-151c639dcfbb"
        ],
        "Date": [
          "Tue, 24 Nov 2015 21:09:39 GMT"
        ]
      },
      "StatusCode": 202
    },
    {
      "RequestUri": "/subscriptions/9532a63e-f2eb-4649-bb23-5ed01077ce80/providers/Microsoft.Network/locations/westus/operations/2c00dba3-f566-4b1a-8515-03c9fe70160e?api-version=2016-09-01",
      "EncodedRequestUri": "L3N1YnNjcmlwdGlvbnMvOTUzMmE2M2UtZjJlYi00NjQ5LWJiMjMtNWVkMDEwNzdjZTgwL3Byb3ZpZGVycy9NaWNyb3NvZnQuTmV0d29yay9sb2NhdGlvbnMvd2VzdHVzL29wZXJhdGlvbnMvMmMwMGRiYTMtZjU2Ni00YjFhLTg1MTUtMDNjOWZlNzAxNjBlP2FwaS12ZXJzaW9uPTIwMTYtMDktMDE=",
      "RequestMethod": "GET",
      "RequestBody": "",
      "RequestHeaders": {
        "User-Agent": [
          "Microsoft.Azure.Management.Network.NetworkManagementClient/3.0.0.0"
        ]
      },
      "ResponseBody": "{\r\n  \"status\": \"Succeeded\"\r\n}",
      "ResponseHeaders": {
        "Content-Length": [
          "29"
        ],
        "Content-Type": [
          "application/json; charset=utf-8"
        ],
        "Expires": [
          "-1"
        ],
        "Pragma": [
          "no-cache"
        ],
        "x-ms-request-id": [
          "8d5406a7-fdd4-4d8d-8a88-c5d6857f0498"
        ],
        "Strict-Transport-Security": [
          "max-age=31536000; includeSubDomains"
        ],
        "Cache-Control": [
          "no-cache"
        ],
        "Server": [
          "Microsoft-HTTPAPI/2.0",
          "Microsoft-HTTPAPI/2.0"
        ],
        "x-ms-ratelimit-remaining-subscription-reads": [
          "14993"
        ],
        "x-ms-correlation-request-id": [
          "a2d4e659-7876-4305-a0ab-b4c4259821f0"
        ],
        "x-ms-routing-request-id": [
          "WESTUS:20151124T210949Z:a2d4e659-7876-4305-a0ab-b4c4259821f0"
        ],
        "Date": [
          "Tue, 24 Nov 2015 21:09:49 GMT"
        ]
      },
      "StatusCode": 200
    },
    {
      "RequestUri": "/subscriptions/9532a63e-f2eb-4649-bb23-5ed01077ce80/resourcegroups/onesdk1157?api-version=2014-04-01-preview",
      "EncodedRequestUri": "L3N1YnNjcmlwdGlvbnMvOTUzMmE2M2UtZjJlYi00NjQ5LWJiMjMtNWVkMDEwNzdjZTgwL3Jlc291cmNlZ3JvdXBzL29uZXNkazExNTc/YXBpLXZlcnNpb249MjAxNC0wNC0wMS1wcmV2aWV3",
      "RequestMethod": "DELETE",
      "RequestBody": "",
      "RequestHeaders": {
        "User-Agent": [
          "Microsoft.Azure.Management.Resources.ResourceManagementClient/2.0.0.0"
        ]
      },
      "ResponseBody": "",
      "ResponseHeaders": {
        "Content-Length": [
          "0"
        ],
        "Expires": [
          "-1"
        ],
        "Pragma": [
          "no-cache"
        ],
        "Retry-After": [
          "15"
        ],
        "x-ms-ratelimit-remaining-subscription-writes": [
          "1187"
        ],
        "x-ms-request-id": [
          "b28b8b06-90c1-42d0-a768-c9fda7e1b717"
        ],
        "x-ms-correlation-request-id": [
          "b28b8b06-90c1-42d0-a768-c9fda7e1b717"
        ],
        "x-ms-routing-request-id": [
          "WESTUS:20151124T210949Z:b28b8b06-90c1-42d0-a768-c9fda7e1b717"
        ],
        "Strict-Transport-Security": [
          "max-age=31536000; includeSubDomains"
        ],
        "Cache-Control": [
          "no-cache"
        ],
        "Date": [
          "Tue, 24 Nov 2015 21:09:48 GMT"
        ],
        "Location": [
          "https://management.azure.com/subscriptions/9532a63e-f2eb-4649-bb23-5ed01077ce80/operationresults/eyJqb2JJZCI6IlJFU09VUkNFR1JPVVBERUxFVElPTkpPQi1PTkVTREsxMTU3LVdFU1RVUyIsImpvYkxvY2F0aW9uIjoid2VzdHVzIn0?api-version=2014-04-01-preview"
        ]
      },
      "StatusCode": 202
    },
    {
      "RequestUri": "/subscriptions/9532a63e-f2eb-4649-bb23-5ed01077ce80/operationresults/eyJqb2JJZCI6IlJFU09VUkNFR1JPVVBERUxFVElPTkpPQi1PTkVTREsxMTU3LVdFU1RVUyIsImpvYkxvY2F0aW9uIjoid2VzdHVzIn0?api-version=2014-04-01-preview",
      "EncodedRequestUri": "L3N1YnNjcmlwdGlvbnMvOTUzMmE2M2UtZjJlYi00NjQ5LWJiMjMtNWVkMDEwNzdjZTgwL29wZXJhdGlvbnJlc3VsdHMvZXlKcWIySkpaQ0k2SWxKRlUwOVZVa05GUjFKUFZWQkVSVXhGVkVsUFRrcFBRaTFQVGtWVFJFc3hNVFUzTFZkRlUxUlZVeUlzSW1wdllreHZZMkYwYVc5dUlqb2lkMlZ6ZEhWekluMD9hcGktdmVyc2lvbj0yMDE0LTA0LTAxLXByZXZpZXc=",
      "RequestMethod": "GET",
      "RequestBody": "",
      "RequestHeaders": {
        "x-ms-version": [
          "2014-04-01-preview"
        ],
        "User-Agent": [
          "Microsoft.Azure.Management.Resources.ResourceManagementClient/2.0.0.0"
        ]
      },
      "ResponseBody": "",
      "ResponseHeaders": {
        "Content-Length": [
          "0"
        ],
        "Expires": [
          "-1"
        ],
        "Pragma": [
          "no-cache"
        ],
        "Retry-After": [
          "15"
        ],
        "x-ms-ratelimit-remaining-subscription-reads": [
          "14961"
        ],
        "x-ms-request-id": [
          "733d4d99-9ade-485d-87ba-df1a93b8fd86"
        ],
        "x-ms-correlation-request-id": [
          "733d4d99-9ade-485d-87ba-df1a93b8fd86"
        ],
        "x-ms-routing-request-id": [
          "WESTUS:20151124T210949Z:733d4d99-9ade-485d-87ba-df1a93b8fd86"
        ],
        "Strict-Transport-Security": [
          "max-age=31536000; includeSubDomains"
        ],
        "Cache-Control": [
          "no-cache"
        ],
        "Date": [
          "Tue, 24 Nov 2015 21:09:49 GMT"
        ],
        "Location": [
          "https://management.azure.com/subscriptions/9532a63e-f2eb-4649-bb23-5ed01077ce80/operationresults/eyJqb2JJZCI6IlJFU09VUkNFR1JPVVBERUxFVElPTkpPQi1PTkVTREsxMTU3LVdFU1RVUyIsImpvYkxvY2F0aW9uIjoid2VzdHVzIn0?api-version=2014-04-01-preview"
        ]
      },
      "StatusCode": 202
    },
    {
      "RequestUri": "/subscriptions/9532a63e-f2eb-4649-bb23-5ed01077ce80/operationresults/eyJqb2JJZCI6IlJFU09VUkNFR1JPVVBERUxFVElPTkpPQi1PTkVTREsxMTU3LVdFU1RVUyIsImpvYkxvY2F0aW9uIjoid2VzdHVzIn0?api-version=2014-04-01-preview",
      "EncodedRequestUri": "L3N1YnNjcmlwdGlvbnMvOTUzMmE2M2UtZjJlYi00NjQ5LWJiMjMtNWVkMDEwNzdjZTgwL29wZXJhdGlvbnJlc3VsdHMvZXlKcWIySkpaQ0k2SWxKRlUwOVZVa05GUjFKUFZWQkVSVXhGVkVsUFRrcFBRaTFQVGtWVFJFc3hNVFUzTFZkRlUxUlZVeUlzSW1wdllreHZZMkYwYVc5dUlqb2lkMlZ6ZEhWekluMD9hcGktdmVyc2lvbj0yMDE0LTA0LTAxLXByZXZpZXc=",
      "RequestMethod": "GET",
      "RequestBody": "",
      "RequestHeaders": {
        "x-ms-version": [
          "2014-04-01-preview"
        ],
        "User-Agent": [
          "Microsoft.Azure.Management.Resources.ResourceManagementClient/2.0.0.0"
        ]
      },
      "ResponseBody": "",
      "ResponseHeaders": {
        "Content-Length": [
          "0"
        ],
        "Expires": [
          "-1"
        ],
        "Pragma": [
          "no-cache"
        ],
        "Retry-After": [
          "15"
        ],
        "x-ms-ratelimit-remaining-subscription-reads": [
          "14960"
        ],
        "x-ms-request-id": [
          "28c6daff-9d05-441b-94b7-d1331aa2b5fd"
        ],
        "x-ms-correlation-request-id": [
          "28c6daff-9d05-441b-94b7-d1331aa2b5fd"
        ],
        "x-ms-routing-request-id": [
          "WESTUS:20151124T211005Z:28c6daff-9d05-441b-94b7-d1331aa2b5fd"
        ],
        "Strict-Transport-Security": [
          "max-age=31536000; includeSubDomains"
        ],
        "Cache-Control": [
          "no-cache"
        ],
        "Date": [
          "Tue, 24 Nov 2015 21:10:04 GMT"
        ],
        "Location": [
          "https://management.azure.com/subscriptions/9532a63e-f2eb-4649-bb23-5ed01077ce80/operationresults/eyJqb2JJZCI6IlJFU09VUkNFR1JPVVBERUxFVElPTkpPQi1PTkVTREsxMTU3LVdFU1RVUyIsImpvYkxvY2F0aW9uIjoid2VzdHVzIn0?api-version=2014-04-01-preview"
        ]
      },
      "StatusCode": 202
    },
    {
      "RequestUri": "/subscriptions/9532a63e-f2eb-4649-bb23-5ed01077ce80/operationresults/eyJqb2JJZCI6IlJFU09VUkNFR1JPVVBERUxFVElPTkpPQi1PTkVTREsxMTU3LVdFU1RVUyIsImpvYkxvY2F0aW9uIjoid2VzdHVzIn0?api-version=2014-04-01-preview",
      "EncodedRequestUri": "L3N1YnNjcmlwdGlvbnMvOTUzMmE2M2UtZjJlYi00NjQ5LWJiMjMtNWVkMDEwNzdjZTgwL29wZXJhdGlvbnJlc3VsdHMvZXlKcWIySkpaQ0k2SWxKRlUwOVZVa05GUjFKUFZWQkVSVXhGVkVsUFRrcFBRaTFQVGtWVFJFc3hNVFUzTFZkRlUxUlZVeUlzSW1wdllreHZZMkYwYVc5dUlqb2lkMlZ6ZEhWekluMD9hcGktdmVyc2lvbj0yMDE0LTA0LTAxLXByZXZpZXc=",
      "RequestMethod": "GET",
      "RequestBody": "",
      "RequestHeaders": {
        "x-ms-version": [
          "2014-04-01-preview"
        ],
        "User-Agent": [
          "Microsoft.Azure.Management.Resources.ResourceManagementClient/2.0.0.0"
        ]
      },
      "ResponseBody": "",
      "ResponseHeaders": {
        "Content-Length": [
          "0"
        ],
        "Expires": [
          "-1"
        ],
        "Pragma": [
          "no-cache"
        ],
        "Retry-After": [
          "15"
        ],
        "x-ms-ratelimit-remaining-subscription-reads": [
          "14959"
        ],
        "x-ms-request-id": [
          "7ec83f7e-5a84-4526-9b03-d35d8d2ffc62"
        ],
        "x-ms-correlation-request-id": [
          "7ec83f7e-5a84-4526-9b03-d35d8d2ffc62"
        ],
        "x-ms-routing-request-id": [
          "WESTUS:20151124T211020Z:7ec83f7e-5a84-4526-9b03-d35d8d2ffc62"
        ],
        "Strict-Transport-Security": [
          "max-age=31536000; includeSubDomains"
        ],
        "Cache-Control": [
          "no-cache"
        ],
        "Date": [
          "Tue, 24 Nov 2015 21:10:19 GMT"
        ],
        "Location": [
          "https://management.azure.com/subscriptions/9532a63e-f2eb-4649-bb23-5ed01077ce80/operationresults/eyJqb2JJZCI6IlJFU09VUkNFR1JPVVBERUxFVElPTkpPQi1PTkVTREsxMTU3LVdFU1RVUyIsImpvYkxvY2F0aW9uIjoid2VzdHVzIn0?api-version=2014-04-01-preview"
        ]
      },
      "StatusCode": 202
    },
    {
      "RequestUri": "/subscriptions/9532a63e-f2eb-4649-bb23-5ed01077ce80/operationresults/eyJqb2JJZCI6IlJFU09VUkNFR1JPVVBERUxFVElPTkpPQi1PTkVTREsxMTU3LVdFU1RVUyIsImpvYkxvY2F0aW9uIjoid2VzdHVzIn0?api-version=2014-04-01-preview",
      "EncodedRequestUri": "L3N1YnNjcmlwdGlvbnMvOTUzMmE2M2UtZjJlYi00NjQ5LWJiMjMtNWVkMDEwNzdjZTgwL29wZXJhdGlvbnJlc3VsdHMvZXlKcWIySkpaQ0k2SWxKRlUwOVZVa05GUjFKUFZWQkVSVXhGVkVsUFRrcFBRaTFQVGtWVFJFc3hNVFUzTFZkRlUxUlZVeUlzSW1wdllreHZZMkYwYVc5dUlqb2lkMlZ6ZEhWekluMD9hcGktdmVyc2lvbj0yMDE0LTA0LTAxLXByZXZpZXc=",
      "RequestMethod": "GET",
      "RequestBody": "",
      "RequestHeaders": {
        "x-ms-version": [
          "2014-04-01-preview"
        ],
        "User-Agent": [
          "Microsoft.Azure.Management.Resources.ResourceManagementClient/2.0.0.0"
        ]
      },
      "ResponseBody": "",
      "ResponseHeaders": {
        "Content-Length": [
          "0"
        ],
        "Expires": [
          "-1"
        ],
        "Pragma": [
          "no-cache"
        ],
        "x-ms-ratelimit-remaining-subscription-reads": [
          "14958"
        ],
        "x-ms-request-id": [
          "666b4add-6bbf-41e1-8b80-96e833970773"
        ],
        "x-ms-correlation-request-id": [
          "666b4add-6bbf-41e1-8b80-96e833970773"
        ],
        "x-ms-routing-request-id": [
          "WESTUS:20151124T211035Z:666b4add-6bbf-41e1-8b80-96e833970773"
        ],
        "Strict-Transport-Security": [
          "max-age=31536000; includeSubDomains"
        ],
        "Cache-Control": [
          "no-cache"
        ],
        "Date": [
          "Tue, 24 Nov 2015 21:10:34 GMT"
        ]
      },
      "StatusCode": 200
    }
  ],
  "Names": {
    "Test-EmptyRouteTable": [
      "onesdk1157",
      "onesdk6935"
    ]
  },
  "Variables": {
    "SubscriptionId": "9532a63e-f2eb-4649-bb23-5ed01077ce80"
  }
}
