{
  "Entries": [
    {
      "RequestUri": "/subscriptions/9532a63e-f2eb-4649-bb23-5ed01077ce80/providers/Microsoft.Network?api-version=2014-04-01-preview",
      "EncodedRequestUri": "L3N1YnNjcmlwdGlvbnMvOTUzMmE2M2UtZjJlYi00NjQ5LWJiMjMtNWVkMDEwNzdjZTgwL3Byb3ZpZGVycy9NaWNyb3NvZnQuTmV0d29yaz9hcGktdmVyc2lvbj0yMDE0LTA0LTAxLXByZXZpZXc=",
      "RequestMethod": "GET",
      "RequestBody": "",
      "RequestHeaders": {
        "User-Agent": [
          "Microsoft.Azure.Management.Resources.ResourceManagementClient/2.0.0.0"
        ]
      },
      "ResponseBody": "{\r\n  \"id\": \"/subscriptions/9532a63e-f2eb-4649-bb23-5ed01077ce80/providers/Microsoft.Network\",\r\n  \"namespace\": \"Microsoft.Network\",\r\n  \"authorization\": {\r\n    \"applicationId\": \"2cf9eb86-36b5-49dc-86ae-9a63135dfa8c\",\r\n    \"roleDefinitionId\": \"13ba9ab4-19f0-4804-adc4-14ece36cc7a1\"\r\n  },\r\n  \"resourceTypes\": [\r\n    {\r\n      \"resourceType\": \"virtualNetworks\",\r\n      \"locations\": [\r\n        \"West US\",\r\n        \"East US\",\r\n        \"North Europe\",\r\n        \"West Europe\",\r\n        \"East Asia\",\r\n        \"Southeast Asia\",\r\n        \"South Central US\",\r\n        \"Central US\",\r\n        \"East US 2\",\r\n        \"Japan East\",\r\n        \"Japan West\",\r\n        \"North Central US\",\r\n        \"Brazil South\",\r\n        \"Australia East\",\r\n        \"Australia Southeast\"\r\n      ],\r\n      \"apiVersions\": [\r\n        \"2017-03-01\",\r\n        \"2015-05-01-preview\",\r\n        \"2014-12-01-preview\"\r\n      ]\r\n    },\r\n    {\r\n      \"resourceType\": \"publicIPAddresses\",\r\n      \"locations\": [\r\n        \"West US\",\r\n        \"East US\",\r\n        \"North Europe\",\r\n        \"West Europe\",\r\n        \"East Asia\",\r\n        \"Southeast Asia\",\r\n        \"South Central US\",\r\n        \"Central US\",\r\n        \"East US 2\",\r\n        \"Japan East\",\r\n        \"Japan West\",\r\n        \"North Central US\",\r\n        \"Brazil South\",\r\n        \"Australia East\",\r\n        \"Australia Southeast\"\r\n      ],\r\n      \"apiVersions\": [\r\n        \"2017-03-01\",\r\n        \"2015-05-01-preview\",\r\n        \"2014-12-01-preview\"\r\n      ]\r\n    },\r\n    {\r\n      \"resourceType\": \"networkInterfaces\",\r\n      \"locations\": [\r\n        \"West US\",\r\n        \"East US\",\r\n        \"North Europe\",\r\n        \"West Europe\",\r\n        \"East Asia\",\r\n        \"Southeast Asia\",\r\n        \"South Central US\",\r\n        \"Central US\",\r\n        \"East US 2\",\r\n        \"Japan East\",\r\n        \"Japan West\",\r\n        \"North Central US\",\r\n        \"Brazil South\",\r\n        \"Australia East\",\r\n        \"Australia Southeast\"\r\n      ],\r\n      \"apiVersions\": [\r\n        \"2017-03-01\",\r\n        \"2015-05-01-preview\",\r\n        \"2014-12-01-preview\"\r\n      ]\r\n    },\r\n    {\r\n      \"resourceType\": \"loadBalancers\",\r\n      \"locations\": [\r\n        \"West US\",\r\n        \"East US\",\r\n        \"North Europe\",\r\n        \"West Europe\",\r\n        \"East Asia\",\r\n        \"Southeast Asia\",\r\n        \"South Central US\",\r\n        \"Central US\",\r\n        \"East US 2\",\r\n        \"Japan East\",\r\n        \"Japan West\",\r\n        \"North Central US\",\r\n        \"Brazil South\",\r\n        \"Australia East\",\r\n        \"Australia Southeast\"\r\n      ],\r\n      \"apiVersions\": [\r\n        \"2017-03-01\",\r\n        \"2015-05-01-preview\",\r\n        \"2014-12-01-preview\"\r\n      ]\r\n    },\r\n    {\r\n      \"resourceType\": \"networkSecurityGroups\",\r\n      \"locations\": [\r\n        \"West US\",\r\n        \"East US\",\r\n        \"North Europe\",\r\n        \"West Europe\",\r\n        \"East Asia\",\r\n        \"Southeast Asia\",\r\n        \"South Central US\",\r\n        \"Central US\",\r\n        \"East US 2\",\r\n        \"Japan East\",\r\n        \"Japan West\",\r\n        \"North Central US\",\r\n        \"Brazil South\",\r\n        \"Australia East\",\r\n        \"Australia Southeast\"\r\n      ],\r\n      \"apiVersions\": [\r\n        \"2017-03-01\",\r\n        \"2015-05-01-preview\",\r\n        \"2014-12-01-preview\"\r\n      ]\r\n    },\r\n    {\r\n      \"resourceType\": \"routeTables\",\r\n      \"locations\": [\r\n        \"West US\",\r\n        \"East US\",\r\n        \"North Europe\",\r\n        \"West Europe\",\r\n        \"East Asia\",\r\n        \"Southeast Asia\",\r\n        \"South Central US\",\r\n        \"Central US\",\r\n        \"East US 2\",\r\n        \"Japan East\",\r\n        \"Japan West\",\r\n        \"North Central US\",\r\n        \"Brazil South\",\r\n        \"Australia East\",\r\n        \"Australia Southeast\"\r\n      ],\r\n      \"apiVersions\": [\r\n        \"2017-03-01\",\r\n        \"2015-05-01-preview\",\r\n        \"2014-12-01-preview\"\r\n      ]\r\n    },\r\n    {\r\n      \"resourceType\": \"virtualNetworkGateways\",\r\n      \"locations\": [\r\n        \"West US\",\r\n        \"East US\",\r\n        \"North Europe\",\r\n        \"West Europe\",\r\n        \"East Asia\",\r\n        \"Southeast Asia\",\r\n        \"South Central US\",\r\n        \"Central US\",\r\n        \"East US 2\",\r\n        \"Japan East\",\r\n        \"Japan West\",\r\n        \"North Central US\",\r\n        \"Brazil South\",\r\n        \"Australia East\",\r\n        \"Australia Southeast\"\r\n      ],\r\n      \"apiVersions\": [\r\n        \"2017-03-01\",\r\n        \"2015-05-01-preview\",\r\n        \"2014-12-01-preview\"\r\n      ]\r\n    },\r\n    {\r\n      \"resourceType\": \"localNetworkGateways\",\r\n      \"locations\": [\r\n        \"West US\",\r\n        \"East US\",\r\n        \"North Europe\",\r\n        \"West Europe\",\r\n        \"East Asia\",\r\n        \"Southeast Asia\",\r\n        \"South Central US\",\r\n        \"Central US\",\r\n        \"East US 2\",\r\n        \"Japan East\",\r\n        \"Japan West\",\r\n        \"North Central US\",\r\n        \"Brazil South\",\r\n        \"Australia East\",\r\n        \"Australia Southeast\"\r\n      ],\r\n      \"apiVersions\": [\r\n        \"2017-03-01\",\r\n        \"2015-05-01-preview\",\r\n        \"2014-12-01-preview\"\r\n      ]\r\n    },\r\n    {\r\n      \"resourceType\": \"connections\",\r\n      \"locations\": [\r\n        \"West US\",\r\n        \"East US\",\r\n        \"North Europe\",\r\n        \"West Europe\",\r\n        \"East Asia\",\r\n        \"Southeast Asia\",\r\n        \"South Central US\",\r\n        \"Central US\",\r\n        \"East US 2\",\r\n        \"Japan East\",\r\n        \"Japan West\",\r\n        \"North Central US\",\r\n        \"Brazil South\",\r\n        \"Australia East\",\r\n        \"Australia Southeast\"\r\n      ],\r\n      \"apiVersions\": [\r\n        \"2017-03-01\",\r\n        \"2015-05-01-preview\",\r\n        \"2014-12-01-preview\"\r\n      ]\r\n    },\r\n    {\r\n      \"resourceType\": \"applicationGateways\",\r\n      \"locations\": [\r\n        \"West US\",\r\n        \"East US\",\r\n        \"North Europe\",\r\n        \"West Europe\",\r\n        \"East Asia\",\r\n        \"Southeast Asia\",\r\n        \"South Central US\",\r\n        \"Central US\",\r\n        \"East US 2\",\r\n        \"Japan East\",\r\n        \"Japan West\",\r\n        \"North Central US\",\r\n        \"Brazil South\",\r\n        \"Australia East\",\r\n        \"Australia Southeast\"\r\n      ],\r\n      \"apiVersions\": [\r\n        \"2017-03-01\",\r\n        \"2015-05-01-preview\",\r\n        \"2014-12-01-preview\"\r\n      ]\r\n    },\r\n    {\r\n      \"resourceType\": \"locations\",\r\n      \"locations\": [],\r\n      \"apiVersions\": [\r\n        \"2017-03-01\",\r\n        \"2015-05-01-preview\",\r\n        \"2014-12-01-preview\"\r\n      ]\r\n    },\r\n    {\r\n      \"resourceType\": \"locations/operations\",\r\n      \"locations\": [],\r\n      \"apiVersions\": [\r\n        \"2017-03-01\",\r\n        \"2015-05-01-preview\",\r\n        \"2014-12-01-preview\"\r\n      ]\r\n    },\r\n    {\r\n      \"resourceType\": \"locations/operationResults\",\r\n      \"locations\": [],\r\n      \"apiVersions\": [\r\n        \"2017-03-01\",\r\n        \"2015-05-01-preview\",\r\n        \"2014-12-01-preview\"\r\n      ]\r\n    },\r\n    {\r\n      \"resourceType\": \"locations/CheckDnsNameAvailability\",\r\n      \"locations\": [],\r\n      \"apiVersions\": [\r\n        \"2017-03-01\",\r\n        \"2015-05-01-preview\",\r\n        \"2014-12-01-preview\"\r\n      ]\r\n    },\r\n    {\r\n      \"resourceType\": \"locations/usages\",\r\n      \"locations\": [],\r\n      \"apiVersions\": [\r\n        \"2017-03-01\",\r\n        \"2015-05-01-preview\",\r\n        \"2014-12-01-preview\"\r\n      ]\r\n    },\r\n    {\r\n      \"resourceType\": \"operations\",\r\n      \"locations\": [],\r\n      \"apiVersions\": [\r\n        \"2017-03-01\",\r\n        \"2015-05-01-preview\",\r\n        \"2014-12-01-preview\"\r\n      ]\r\n    },\r\n    {\r\n      \"resourceType\": \"expressRouteCircuits\",\r\n      \"locations\": [\r\n        \"Brazil South\",\r\n        \"West US\",\r\n        \"East US\",\r\n        \"North Europe\",\r\n        \"West Europe\",\r\n        \"East Asia\",\r\n        \"Southeast Asia\",\r\n        \"North Central US\",\r\n        \"South Central US\",\r\n        \"Central US\",\r\n        \"East US 2\",\r\n        \"Japan East\",\r\n        \"Japan West\",\r\n        \"Australia East\",\r\n        \"Australia Southeast\"\r\n      ],\r\n      \"apiVersions\": [\r\n        \"2017-03-01\",\r\n        \"2015-05-01-preview\",\r\n        \"2014-12-01-preview\"\r\n      ]\r\n    },\r\n    {\r\n      \"resourceType\": \"expressRouteServiceProviders\",\r\n      \"locations\": [],\r\n      \"apiVersions\": [\r\n        \"2017-03-01\",\r\n        \"2015-05-01-preview\",\r\n        \"2014-12-01-preview\"\r\n      ]\r\n    },\r\n    {\r\n      \"resourceType\": \"dnszones\",\r\n      \"locations\": [\r\n        \"global\"\r\n      ],\r\n      \"apiVersions\": [\r\n        \"2015-05-04-preview\"\r\n      ]\r\n    },\r\n    {\r\n      \"resourceType\": \"dnszones/A\",\r\n      \"locations\": [\r\n        \"global\"\r\n      ],\r\n      \"apiVersions\": [\r\n        \"2015-05-04-preview\"\r\n      ]\r\n    },\r\n    {\r\n      \"resourceType\": \"dnszones/AAAA\",\r\n      \"locations\": [\r\n        \"global\"\r\n      ],\r\n      \"apiVersions\": [\r\n        \"2015-05-04-preview\"\r\n      ]\r\n    },\r\n    {\r\n      \"resourceType\": \"dnszones/CNAME\",\r\n      \"locations\": [\r\n        \"global\"\r\n      ],\r\n      \"apiVersions\": [\r\n        \"2015-05-04-preview\"\r\n      ]\r\n    },\r\n    {\r\n      \"resourceType\": \"dnszones/PTR\",\r\n      \"locations\": [\r\n        \"global\"\r\n      ],\r\n      \"apiVersions\": [\r\n        \"2015-05-04-preview\"\r\n      ]\r\n    },\r\n    {\r\n      \"resourceType\": \"dnszones/MX\",\r\n      \"locations\": [\r\n        \"global\"\r\n      ],\r\n      \"apiVersions\": [\r\n        \"2015-05-04-preview\"\r\n      ]\r\n    },\r\n    {\r\n      \"resourceType\": \"dnszones/TXT\",\r\n      \"locations\": [\r\n        \"global\"\r\n      ],\r\n      \"apiVersions\": [\r\n        \"2015-05-04-preview\"\r\n      ]\r\n    },\r\n    {\r\n      \"resourceType\": \"dnszones/SRV\",\r\n      \"locations\": [\r\n        \"global\"\r\n      ],\r\n      \"apiVersions\": [\r\n        \"2015-05-04-preview\"\r\n      ]\r\n    },\r\n    {\r\n      \"resourceType\": \"trafficmanagerprofiles\",\r\n      \"locations\": [\r\n        \"global\"\r\n      ],\r\n      \"apiVersions\": [\r\n        \"2015-04-28-preview\"\r\n      ]\r\n    },\r\n    {\r\n      \"resourceType\": \"checkTrafficManagerNameAvailability\",\r\n      \"locations\": [\r\n        \"global\"\r\n      ],\r\n      \"apiVersions\": [\r\n        \"2015-04-28-preview\"\r\n      ]\r\n    }\r\n  ],\r\n  \"registrationState\": \"Registered\"\r\n}",
      "ResponseHeaders": {
        "Content-Length": [
          "5908"
        ],
        "Content-Type": [
          "application/json; charset=utf-8"
        ],
        "Expires": [
          "-1"
        ],
        "Pragma": [
          "no-cache"
        ],
        "x-ms-ratelimit-remaining-subscription-reads": [
          "14987"
        ],
        "x-ms-request-id": [
          "2d5a5e78-1a0b-4370-9ca1-0ef7c8c43341"
        ],
        "x-ms-correlation-request-id": [
          "2d5a5e78-1a0b-4370-9ca1-0ef7c8c43341"
        ],
        "x-ms-routing-request-id": [
          "WESTUS:20151124T211937Z:2d5a5e78-1a0b-4370-9ca1-0ef7c8c43341"
        ],
        "Strict-Transport-Security": [
          "max-age=31536000; includeSubDomains"
        ],
        "Cache-Control": [
          "no-cache"
        ],
        "Date": [
          "Tue, 24 Nov 2015 21:19:37 GMT"
        ]
      },
      "StatusCode": 200
    },
    {
      "RequestUri": "/subscriptions/9532a63e-f2eb-4649-bb23-5ed01077ce80/resourcegroups/onesdk6057?api-version=2014-04-01-preview",
      "EncodedRequestUri": "L3N1YnNjcmlwdGlvbnMvOTUzMmE2M2UtZjJlYi00NjQ5LWJiMjMtNWVkMDEwNzdjZTgwL3Jlc291cmNlZ3JvdXBzL29uZXNkazYwNTc/YXBpLXZlcnNpb249MjAxNC0wNC0wMS1wcmV2aWV3",
      "RequestMethod": "HEAD",
      "RequestBody": "",
      "RequestHeaders": {
        "User-Agent": [
          "Microsoft.Azure.Management.Resources.ResourceManagementClient/2.0.0.0"
        ]
      },
      "ResponseBody": "",
      "ResponseHeaders": {
        "Content-Length": [
          "102"
        ],
        "Content-Type": [
          "application/json; charset=utf-8"
        ],
        "Expires": [
          "-1"
        ],
        "Pragma": [
          "no-cache"
        ],
        "x-ms-failure-cause": [
          "gateway"
        ],
        "x-ms-ratelimit-remaining-subscription-reads": [
          "14986"
        ],
        "x-ms-request-id": [
          "d4c99ed5-f03a-4eb2-9d9f-369ba04a3001"
        ],
        "x-ms-correlation-request-id": [
          "d4c99ed5-f03a-4eb2-9d9f-369ba04a3001"
        ],
        "x-ms-routing-request-id": [
          "WESTUS:20151124T211937Z:d4c99ed5-f03a-4eb2-9d9f-369ba04a3001"
        ],
        "Strict-Transport-Security": [
          "max-age=31536000; includeSubDomains"
        ],
        "Cache-Control": [
          "no-cache"
        ],
        "Date": [
          "Tue, 24 Nov 2015 21:19:37 GMT"
        ]
      },
      "StatusCode": 404
    },
    {
      "RequestUri": "/subscriptions/9532a63e-f2eb-4649-bb23-5ed01077ce80/resourcegroups/onesdk6057?api-version=2014-04-01-preview",
      "EncodedRequestUri": "L3N1YnNjcmlwdGlvbnMvOTUzMmE2M2UtZjJlYi00NjQ5LWJiMjMtNWVkMDEwNzdjZTgwL3Jlc291cmNlZ3JvdXBzL29uZXNkazYwNTc/YXBpLXZlcnNpb249MjAxNC0wNC0wMS1wcmV2aWV3",
      "RequestMethod": "HEAD",
      "RequestBody": "",
      "RequestHeaders": {
        "User-Agent": [
          "Microsoft.Azure.Management.Resources.ResourceManagementClient/2.0.0.0"
        ]
      },
      "ResponseBody": "",
      "ResponseHeaders": {
        "Content-Length": [
          "0"
        ],
        "Expires": [
          "-1"
        ],
        "Pragma": [
          "no-cache"
        ],
        "x-ms-ratelimit-remaining-subscription-reads": [
          "14988"
        ],
        "x-ms-request-id": [
          "9edade42-b4d0-4928-8116-04712b6cbeee"
        ],
        "x-ms-correlation-request-id": [
          "9edade42-b4d0-4928-8116-04712b6cbeee"
        ],
        "x-ms-routing-request-id": [
          "WESTUS:20151124T212036Z:9edade42-b4d0-4928-8116-04712b6cbeee"
        ],
        "Strict-Transport-Security": [
          "max-age=31536000; includeSubDomains"
        ],
        "Cache-Control": [
          "no-cache"
        ],
        "Date": [
          "Tue, 24 Nov 2015 21:20:36 GMT"
        ]
      },
      "StatusCode": 204
    },
    {
      "RequestUri": "/subscriptions/9532a63e-f2eb-4649-bb23-5ed01077ce80/resourcegroups/onesdk6057?api-version=2014-04-01-preview",
      "EncodedRequestUri": "L3N1YnNjcmlwdGlvbnMvOTUzMmE2M2UtZjJlYi00NjQ5LWJiMjMtNWVkMDEwNzdjZTgwL3Jlc291cmNlZ3JvdXBzL29uZXNkazYwNTc/YXBpLXZlcnNpb249MjAxNC0wNC0wMS1wcmV2aWV3",
      "RequestMethod": "PUT",
      "RequestBody": "{\r\n  \"location\": \"West US\",\r\n  \"tags\": {\r\n    \"testtag\": \"testval\"\r\n  }\r\n}",
      "RequestHeaders": {
        "Content-Type": [
          "application/json; charset=utf-8"
        ],
        "Content-Length": [
          "74"
        ],
        "User-Agent": [
          "Microsoft.Azure.Management.Resources.ResourceManagementClient/2.0.0.0"
        ]
      },
      "ResponseBody": "{\r\n  \"id\": \"/subscriptions/9532a63e-f2eb-4649-bb23-5ed01077ce80/resourceGroups/onesdk6057\",\r\n  \"name\": \"onesdk6057\",\r\n  \"location\": \"westus\",\r\n  \"tags\": {\r\n    \"testtag\": \"testval\"\r\n  },\r\n  \"properties\": {\r\n    \"provisioningState\": \"Succeeded\"\r\n  }\r\n}",
      "ResponseHeaders": {
        "Content-Length": [
          "202"
        ],
        "Content-Type": [
          "application/json; charset=utf-8"
        ],
        "Expires": [
          "-1"
        ],
        "Pragma": [
          "no-cache"
        ],
        "x-ms-ratelimit-remaining-subscription-writes": [
          "1197"
        ],
        "x-ms-request-id": [
          "114aeddb-1b12-44c7-aba7-ccf05d260d0f"
        ],
        "x-ms-correlation-request-id": [
          "114aeddb-1b12-44c7-aba7-ccf05d260d0f"
        ],
        "x-ms-routing-request-id": [
          "WESTUS:20151124T211938Z:114aeddb-1b12-44c7-aba7-ccf05d260d0f"
        ],
        "Strict-Transport-Security": [
          "max-age=31536000; includeSubDomains"
        ],
        "Cache-Control": [
          "no-cache"
        ],
        "Date": [
          "Tue, 24 Nov 2015 21:19:37 GMT"
        ]
      },
      "StatusCode": 201
    },
    {
      "RequestUri": "/subscriptions/9532a63e-f2eb-4649-bb23-5ed01077ce80/resourceGroups/onesdk6057/resources?api-version=2014-04-01-preview",
      "EncodedRequestUri": "L3N1YnNjcmlwdGlvbnMvOTUzMmE2M2UtZjJlYi00NjQ5LWJiMjMtNWVkMDEwNzdjZTgwL3Jlc291cmNlR3JvdXBzL29uZXNkazYwNTcvcmVzb3VyY2VzP2FwaS12ZXJzaW9uPTIwMTQtMDQtMDEtcHJldmlldw==",
      "RequestMethod": "GET",
      "RequestBody": "",
      "RequestHeaders": {
        "User-Agent": [
          "Microsoft.Azure.Management.Resources.ResourceManagementClient/2.0.0.0"
        ]
      },
      "ResponseBody": "{\r\n  \"value\": []\r\n}",
      "ResponseHeaders": {
        "Content-Length": [
          "12"
        ],
        "Content-Type": [
          "application/json; charset=utf-8"
        ],
        "Expires": [
          "-1"
        ],
        "Pragma": [
          "no-cache"
        ],
        "x-ms-ratelimit-remaining-subscription-reads": [
          "14985"
        ],
        "x-ms-request-id": [
          "f3e61c9c-b0b6-49ac-9e7d-71bea2f21d83"
        ],
        "x-ms-correlation-request-id": [
          "f3e61c9c-b0b6-49ac-9e7d-71bea2f21d83"
        ],
        "x-ms-routing-request-id": [
          "WESTUS:20151124T211938Z:f3e61c9c-b0b6-49ac-9e7d-71bea2f21d83"
        ],
        "Strict-Transport-Security": [
          "max-age=31536000; includeSubDomains"
        ],
        "Cache-Control": [
          "no-cache"
        ],
        "Date": [
          "Tue, 24 Nov 2015 21:19:38 GMT"
        ]
      },
      "StatusCode": 200
    },
    {
      "RequestUri": "/subscriptions/9532a63e-f2eb-4649-bb23-5ed01077ce80/resourceGroups/onesdk6057/providers/Microsoft.Network/routeTables/onesdk8661?api-version=2017-03-01",
      "EncodedRequestUri": "L3N1YnNjcmlwdGlvbnMvOTUzMmE2M2UtZjJlYi00NjQ5LWJiMjMtNWVkMDEwNzdjZTgwL3Jlc291cmNlR3JvdXBzL29uZXNkazYwNTcvcHJvdmlkZXJzL01pY3Jvc29mdC5OZXR3b3JrL3JvdXRlVGFibGVzL29uZXNkazg2NjE/YXBpLXZlcnNpb249MjAxNy0wMy0wMQ==",
      "RequestMethod": "GET",
      "RequestBody": "",
      "RequestHeaders": {
        "x-ms-client-request-id": [
          "bfbf35cc-b123-432b-b2fa-26fef35845cf"
        ],
        "accept-language": [
          "en-US"
        ],
        "User-Agent": [
          "Microsoft.Azure.Management.Network.NetworkManagementClient/3.0.0.0"
        ]
      },
      "ResponseBody": "{\r\n  \"error\": {\r\n    \"code\": \"ResourceNotFound\",\r\n    \"message\": \"The Resource 'Microsoft.Network/routeTables/onesdk8661' under resource group 'onesdk6057' was not found.\"\r\n  }\r\n}",
      "ResponseHeaders": {
        "Content-Length": [
          "154"
        ],
        "Content-Type": [
          "application/json; charset=utf-8"
        ],
        "Expires": [
          "-1"
        ],
        "Pragma": [
          "no-cache"
        ],
        "x-ms-failure-cause": [
          "gateway"
        ],
        "x-ms-request-id": [
          "29812475-6454-425a-9fdc-bcde4e2899da"
        ],
        "x-ms-correlation-request-id": [
          "29812475-6454-425a-9fdc-bcde4e2899da"
        ],
        "x-ms-routing-request-id": [
          "WESTUS:20151124T211939Z:29812475-6454-425a-9fdc-bcde4e2899da"
        ],
        "Strict-Transport-Security": [
          "max-age=31536000; includeSubDomains"
        ],
        "Cache-Control": [
          "no-cache"
        ],
        "Date": [
          "Tue, 24 Nov 2015 21:19:38 GMT"
        ]
      },
      "StatusCode": 404
    },
    {
      "RequestUri": "/subscriptions/9532a63e-f2eb-4649-bb23-5ed01077ce80/resourceGroups/onesdk6057/providers/Microsoft.Network/routeTables/onesdk8661?api-version=2017-03-01",
      "EncodedRequestUri": "L3N1YnNjcmlwdGlvbnMvOTUzMmE2M2UtZjJlYi00NjQ5LWJiMjMtNWVkMDEwNzdjZTgwL3Jlc291cmNlR3JvdXBzL29uZXNkazYwNTcvcHJvdmlkZXJzL01pY3Jvc29mdC5OZXR3b3JrL3JvdXRlVGFibGVzL29uZXNkazg2NjE/YXBpLXZlcnNpb249MjAxNy0wMy0wMQ==",
      "RequestMethod": "GET",
      "RequestBody": "",
      "RequestHeaders": {
        "User-Agent": [
          "Microsoft.Azure.Management.Network.NetworkManagementClient/3.0.0.0"
        ]
      },
      "ResponseBody": "{\r\n  \"name\": \"onesdk8661\",\r\n  \"id\": \"/subscriptions/9532a63e-f2eb-4649-bb23-5ed01077ce80/resourceGroups/onesdk6057/providers/Microsoft.Network/routeTables/onesdk8661\",\r\n  \"etag\": \"W/\\\"e217abe7-10f0-4777-8ddb-15f675dfa1df\\\"\",\r\n  \"type\": \"Microsoft.Network/routeTables\",\r\n  \"location\": \"westus\",\r\n  \"properties\": {\r\n    \"provisioningState\": \"Succeeded\",\r\n    \"resourceGuid\": \"4d2ce7bf-ab1b-42b8-a0eb-0938d44c396a\",\r\n    \"routes\": [\r\n      {\r\n        \"name\": \"route1\",\r\n        \"id\": \"/subscriptions/9532a63e-f2eb-4649-bb23-5ed01077ce80/resourceGroups/onesdk6057/providers/Microsoft.Network/routeTables/onesdk8661/routes/route1\",\r\n        \"etag\": \"W/\\\"e217abe7-10f0-4777-8ddb-15f675dfa1df\\\"\",\r\n        \"properties\": {\r\n          \"provisioningState\": \"Succeeded\",\r\n          \"addressPrefix\": \"192.168.1.0/24\",\r\n          \"nextHopType\": \"VirtualAppliance\",\r\n          \"nextHopIpAddress\": \"23.108.1.1\"\r\n        }\r\n      }\r\n    ]\r\n  }\r\n}",
      "ResponseHeaders": {
        "Content-Length": [
          "930"
        ],
        "Content-Type": [
          "application/json; charset=utf-8"
        ],
        "Expires": [
          "-1"
        ],
        "Pragma": [
          "no-cache"
        ],
        "x-ms-request-id": [
          "eb679198-5100-4da6-a688-c7c1e153234e"
        ],
        "Strict-Transport-Security": [
          "max-age=31536000; includeSubDomains"
        ],
        "Cache-Control": [
          "no-cache"
        ],
        "ETag": [
          "W/\"e217abe7-10f0-4777-8ddb-15f675dfa1df\""
        ],
        "Server": [
          "Microsoft-HTTPAPI/2.0",
          "Microsoft-HTTPAPI/2.0"
        ],
        "x-ms-ratelimit-remaining-subscription-reads": [
          "14977"
        ],
        "x-ms-correlation-request-id": [
          "94a4797e-e763-46af-b6a1-d8772bffa14b"
        ],
        "x-ms-routing-request-id": [
          "WESTUS:20151124T211950Z:94a4797e-e763-46af-b6a1-d8772bffa14b"
        ],
        "Date": [
          "Tue, 24 Nov 2015 21:19:50 GMT"
        ]
      },
      "StatusCode": 200
    },
    {
      "RequestUri": "/subscriptions/9532a63e-f2eb-4649-bb23-5ed01077ce80/resourceGroups/onesdk6057/providers/Microsoft.Network/routeTables/onesdk8661?api-version=2017-03-01",
      "EncodedRequestUri": "L3N1YnNjcmlwdGlvbnMvOTUzMmE2M2UtZjJlYi00NjQ5LWJiMjMtNWVkMDEwNzdjZTgwL3Jlc291cmNlR3JvdXBzL29uZXNkazYwNTcvcHJvdmlkZXJzL01pY3Jvc29mdC5OZXR3b3JrL3JvdXRlVGFibGVzL29uZXNkazg2NjE/YXBpLXZlcnNpb249MjAxNy0wMy0wMQ==",
      "RequestMethod": "GET",
      "RequestBody": "",
      "RequestHeaders": {
        "x-ms-client-request-id": [
          "f3271479-e7ce-4fc1-8cfb-f606190da950"
        ],
        "accept-language": [
          "en-US"
        ],
        "User-Agent": [
          "Microsoft.Azure.Management.Network.NetworkManagementClient/3.0.0.0"
        ]
      },
      "ResponseBody": "{\r\n  \"name\": \"onesdk8661\",\r\n  \"id\": \"/subscriptions/9532a63e-f2eb-4649-bb23-5ed01077ce80/resourceGroups/onesdk6057/providers/Microsoft.Network/routeTables/onesdk8661\",\r\n  \"etag\": \"W/\\\"e217abe7-10f0-4777-8ddb-15f675dfa1df\\\"\",\r\n  \"type\": \"Microsoft.Network/routeTables\",\r\n  \"location\": \"westus\",\r\n  \"properties\": {\r\n    \"provisioningState\": \"Succeeded\",\r\n    \"resourceGuid\": \"4d2ce7bf-ab1b-42b8-a0eb-0938d44c396a\",\r\n    \"routes\": [\r\n      {\r\n        \"name\": \"route1\",\r\n        \"id\": \"/subscriptions/9532a63e-f2eb-4649-bb23-5ed01077ce80/resourceGroups/onesdk6057/providers/Microsoft.Network/routeTables/onesdk8661/routes/route1\",\r\n        \"etag\": \"W/\\\"e217abe7-10f0-4777-8ddb-15f675dfa1df\\\"\",\r\n        \"properties\": {\r\n          \"provisioningState\": \"Succeeded\",\r\n          \"addressPrefix\": \"192.168.1.0/24\",\r\n          \"nextHopType\": \"VirtualAppliance\",\r\n          \"nextHopIpAddress\": \"23.108.1.1\"\r\n        }\r\n      }\r\n    ]\r\n  }\r\n}",
      "ResponseHeaders": {
        "Content-Length": [
          "930"
        ],
        "Content-Type": [
          "application/json; charset=utf-8"
        ],
        "Expires": [
          "-1"
        ],
        "Pragma": [
          "no-cache"
        ],
        "x-ms-request-id": [
          "28c18395-87f1-4fa9-818b-71d370413850"
        ],
        "Strict-Transport-Security": [
          "max-age=31536000; includeSubDomains"
        ],
        "Cache-Control": [
          "no-cache"
        ],
        "ETag": [
          "W/\"e217abe7-10f0-4777-8ddb-15f675dfa1df\""
        ],
        "Server": [
          "Microsoft-HTTPAPI/2.0",
          "Microsoft-HTTPAPI/2.0"
        ],
        "x-ms-ratelimit-remaining-subscription-reads": [
          "14976"
        ],
        "x-ms-correlation-request-id": [
          "18f74eec-d7b2-4bac-afa0-bd5726d53408"
        ],
        "x-ms-routing-request-id": [
          "WESTUS:20151124T211950Z:18f74eec-d7b2-4bac-afa0-bd5726d53408"
        ],
        "Date": [
          "Tue, 24 Nov 2015 21:19:50 GMT"
        ]
      },
      "StatusCode": 200
    },
    {
      "RequestUri": "/subscriptions/9532a63e-f2eb-4649-bb23-5ed01077ce80/resourceGroups/onesdk6057/providers/Microsoft.Network/routeTables/onesdk8661?api-version=2017-03-01",
      "EncodedRequestUri": "L3N1YnNjcmlwdGlvbnMvOTUzMmE2M2UtZjJlYi00NjQ5LWJiMjMtNWVkMDEwNzdjZTgwL3Jlc291cmNlR3JvdXBzL29uZXNkazYwNTcvcHJvdmlkZXJzL01pY3Jvc29mdC5OZXR3b3JrL3JvdXRlVGFibGVzL29uZXNkazg2NjE/YXBpLXZlcnNpb249MjAxNy0wMy0wMQ==",
      "RequestMethod": "GET",
      "RequestBody": "",
      "RequestHeaders": {
        "x-ms-client-request-id": [
          "7e7afad5-f106-4ed6-8693-571ff861f1e1"
        ],
        "accept-language": [
          "en-US"
        ],
        "User-Agent": [
          "Microsoft.Azure.Management.Network.NetworkManagementClient/3.0.0.0"
        ]
      },
      "ResponseBody": "{\r\n  \"name\": \"onesdk8661\",\r\n  \"id\": \"/subscriptions/9532a63e-f2eb-4649-bb23-5ed01077ce80/resourceGroups/onesdk6057/providers/Microsoft.Network/routeTables/onesdk8661\",\r\n  \"etag\": \"W/\\\"e217abe7-10f0-4777-8ddb-15f675dfa1df\\\"\",\r\n  \"type\": \"Microsoft.Network/routeTables\",\r\n  \"location\": \"westus\",\r\n  \"properties\": {\r\n    \"provisioningState\": \"Succeeded\",\r\n    \"resourceGuid\": \"4d2ce7bf-ab1b-42b8-a0eb-0938d44c396a\",\r\n    \"routes\": [\r\n      {\r\n        \"name\": \"route1\",\r\n        \"id\": \"/subscriptions/9532a63e-f2eb-4649-bb23-5ed01077ce80/resourceGroups/onesdk6057/providers/Microsoft.Network/routeTables/onesdk8661/routes/route1\",\r\n        \"etag\": \"W/\\\"e217abe7-10f0-4777-8ddb-15f675dfa1df\\\"\",\r\n        \"properties\": {\r\n          \"provisioningState\": \"Succeeded\",\r\n          \"addressPrefix\": \"192.168.1.0/24\",\r\n          \"nextHopType\": \"VirtualAppliance\",\r\n          \"nextHopIpAddress\": \"23.108.1.1\"\r\n        }\r\n      }\r\n    ]\r\n  }\r\n}",
      "ResponseHeaders": {
        "Content-Length": [
          "930"
        ],
        "Content-Type": [
          "application/json; charset=utf-8"
        ],
        "Expires": [
          "-1"
        ],
        "Pragma": [
          "no-cache"
        ],
        "x-ms-request-id": [
          "d930300a-3365-4a13-a6cf-06e3b9f5133b"
        ],
        "Strict-Transport-Security": [
          "max-age=31536000; includeSubDomains"
        ],
        "Cache-Control": [
          "no-cache"
        ],
        "ETag": [
          "W/\"e217abe7-10f0-4777-8ddb-15f675dfa1df\""
        ],
        "Server": [
          "Microsoft-HTTPAPI/2.0",
          "Microsoft-HTTPAPI/2.0"
        ],
        "x-ms-ratelimit-remaining-subscription-reads": [
          "14975"
        ],
        "x-ms-correlation-request-id": [
          "b12b5d1f-11ac-4f23-b5c3-83da509e2686"
        ],
        "x-ms-routing-request-id": [
          "WESTUS:20151124T211950Z:b12b5d1f-11ac-4f23-b5c3-83da509e2686"
        ],
        "Date": [
          "Tue, 24 Nov 2015 21:19:50 GMT"
        ]
      },
      "StatusCode": 200
    },
    {
      "RequestUri": "/subscriptions/9532a63e-f2eb-4649-bb23-5ed01077ce80/resourceGroups/onesdk6057/providers/Microsoft.Network/routeTables/onesdk8661?api-version=2017-03-01",
      "EncodedRequestUri": "L3N1YnNjcmlwdGlvbnMvOTUzMmE2M2UtZjJlYi00NjQ5LWJiMjMtNWVkMDEwNzdjZTgwL3Jlc291cmNlR3JvdXBzL29uZXNkazYwNTcvcHJvdmlkZXJzL01pY3Jvc29mdC5OZXR3b3JrL3JvdXRlVGFibGVzL29uZXNkazg2NjE/YXBpLXZlcnNpb249MjAxNy0wMy0wMQ==",
      "RequestMethod": "GET",
      "RequestBody": "",
      "RequestHeaders": {
        "x-ms-client-request-id": [
          "03d7d8d3-03be-41e2-b91e-67e80d8ec1ae"
        ],
        "accept-language": [
          "en-US"
        ],
        "User-Agent": [
          "Microsoft.Azure.Management.Network.NetworkManagementClient/3.0.0.0"
        ]
      },
      "ResponseBody": "{\r\n  \"name\": \"onesdk8661\",\r\n  \"id\": \"/subscriptions/9532a63e-f2eb-4649-bb23-5ed01077ce80/resourceGroups/onesdk6057/providers/Microsoft.Network/routeTables/onesdk8661\",\r\n  \"etag\": \"W/\\\"e217abe7-10f0-4777-8ddb-15f675dfa1df\\\"\",\r\n  \"type\": \"Microsoft.Network/routeTables\",\r\n  \"location\": \"westus\",\r\n  \"properties\": {\r\n    \"provisioningState\": \"Succeeded\",\r\n    \"resourceGuid\": \"4d2ce7bf-ab1b-42b8-a0eb-0938d44c396a\",\r\n    \"routes\": [\r\n      {\r\n        \"name\": \"route1\",\r\n        \"id\": \"/subscriptions/9532a63e-f2eb-4649-bb23-5ed01077ce80/resourceGroups/onesdk6057/providers/Microsoft.Network/routeTables/onesdk8661/routes/route1\",\r\n        \"etag\": \"W/\\\"e217abe7-10f0-4777-8ddb-15f675dfa1df\\\"\",\r\n        \"properties\": {\r\n          \"provisioningState\": \"Succeeded\",\r\n          \"addressPrefix\": \"192.168.1.0/24\",\r\n          \"nextHopType\": \"VirtualAppliance\",\r\n          \"nextHopIpAddress\": \"23.108.1.1\"\r\n        }\r\n      }\r\n    ]\r\n  }\r\n}",
      "ResponseHeaders": {
        "Content-Length": [
          "930"
        ],
        "Content-Type": [
          "application/json; charset=utf-8"
        ],
        "Expires": [
          "-1"
        ],
        "Pragma": [
          "no-cache"
        ],
        "x-ms-request-id": [
          "b9e02616-ee21-4f7b-b94d-568bbdb05ebc"
        ],
        "Strict-Transport-Security": [
          "max-age=31536000; includeSubDomains"
        ],
        "Cache-Control": [
          "no-cache"
        ],
        "ETag": [
          "W/\"e217abe7-10f0-4777-8ddb-15f675dfa1df\""
        ],
        "Server": [
          "Microsoft-HTTPAPI/2.0",
          "Microsoft-HTTPAPI/2.0"
        ],
        "x-ms-ratelimit-remaining-subscription-reads": [
          "14974"
        ],
        "x-ms-correlation-request-id": [
          "936caf2d-622f-41c3-bed6-be851232eac5"
        ],
        "x-ms-routing-request-id": [
          "WESTUS:20151124T211950Z:936caf2d-622f-41c3-bed6-be851232eac5"
        ],
        "Date": [
          "Tue, 24 Nov 2015 21:19:50 GMT"
        ]
      },
      "StatusCode": 200
    },
    {
      "RequestUri": "/subscriptions/9532a63e-f2eb-4649-bb23-5ed01077ce80/resourceGroups/onesdk6057/providers/Microsoft.Network/routeTables/onesdk8661?api-version=2017-03-01",
      "EncodedRequestUri": "L3N1YnNjcmlwdGlvbnMvOTUzMmE2M2UtZjJlYi00NjQ5LWJiMjMtNWVkMDEwNzdjZTgwL3Jlc291cmNlR3JvdXBzL29uZXNkazYwNTcvcHJvdmlkZXJzL01pY3Jvc29mdC5OZXR3b3JrL3JvdXRlVGFibGVzL29uZXNkazg2NjE/YXBpLXZlcnNpb249MjAxNy0wMy0wMQ==",
      "RequestMethod": "GET",
      "RequestBody": "",
      "RequestHeaders": {
        "x-ms-client-request-id": [
          "0c167de5-42e4-4951-a5ce-8650c173721b"
        ],
        "accept-language": [
          "en-US"
        ],
        "User-Agent": [
          "Microsoft.Azure.Management.Network.NetworkManagementClient/3.0.0.0"
        ]
      },
      "ResponseBody": "{\r\n  \"name\": \"onesdk8661\",\r\n  \"id\": \"/subscriptions/9532a63e-f2eb-4649-bb23-5ed01077ce80/resourceGroups/onesdk6057/providers/Microsoft.Network/routeTables/onesdk8661\",\r\n  \"etag\": \"W/\\\"e217abe7-10f0-4777-8ddb-15f675dfa1df\\\"\",\r\n  \"type\": \"Microsoft.Network/routeTables\",\r\n  \"location\": \"westus\",\r\n  \"properties\": {\r\n    \"provisioningState\": \"Succeeded\",\r\n    \"resourceGuid\": \"4d2ce7bf-ab1b-42b8-a0eb-0938d44c396a\",\r\n    \"routes\": [\r\n      {\r\n        \"name\": \"route1\",\r\n        \"id\": \"/subscriptions/9532a63e-f2eb-4649-bb23-5ed01077ce80/resourceGroups/onesdk6057/providers/Microsoft.Network/routeTables/onesdk8661/routes/route1\",\r\n        \"etag\": \"W/\\\"e217abe7-10f0-4777-8ddb-15f675dfa1df\\\"\",\r\n        \"properties\": {\r\n          \"provisioningState\": \"Succeeded\",\r\n          \"addressPrefix\": \"192.168.1.0/24\",\r\n          \"nextHopType\": \"VirtualAppliance\",\r\n          \"nextHopIpAddress\": \"23.108.1.1\"\r\n        }\r\n      }\r\n    ]\r\n  }\r\n}",
      "ResponseHeaders": {
        "Content-Length": [
          "930"
        ],
        "Content-Type": [
          "application/json; charset=utf-8"
        ],
        "Expires": [
          "-1"
        ],
        "Pragma": [
          "no-cache"
        ],
        "x-ms-request-id": [
          "7d25d709-138b-420e-8783-ea1d610e19de"
        ],
        "Strict-Transport-Security": [
          "max-age=31536000; includeSubDomains"
        ],
        "Cache-Control": [
          "no-cache"
        ],
        "ETag": [
          "W/\"e217abe7-10f0-4777-8ddb-15f675dfa1df\""
        ],
        "Server": [
          "Microsoft-HTTPAPI/2.0",
          "Microsoft-HTTPAPI/2.0"
        ],
        "x-ms-ratelimit-remaining-subscription-reads": [
          "14973"
        ],
        "x-ms-correlation-request-id": [
          "e7e89f12-9e31-4ac8-a40d-6e447cc027b2"
        ],
        "x-ms-routing-request-id": [
          "WESTUS:20151124T211950Z:e7e89f12-9e31-4ac8-a40d-6e447cc027b2"
        ],
        "Date": [
          "Tue, 24 Nov 2015 21:19:50 GMT"
        ]
      },
      "StatusCode": 200
    },
    {
      "RequestUri": "/subscriptions/9532a63e-f2eb-4649-bb23-5ed01077ce80/resourceGroups/onesdk6057/providers/Microsoft.Network/routeTables/onesdk8661?api-version=2017-03-01",
      "EncodedRequestUri": "L3N1YnNjcmlwdGlvbnMvOTUzMmE2M2UtZjJlYi00NjQ5LWJiMjMtNWVkMDEwNzdjZTgwL3Jlc291cmNlR3JvdXBzL29uZXNkazYwNTcvcHJvdmlkZXJzL01pY3Jvc29mdC5OZXR3b3JrL3JvdXRlVGFibGVzL29uZXNkazg2NjE/YXBpLXZlcnNpb249MjAxNy0wMy0wMQ==",
      "RequestMethod": "GET",
      "RequestBody": "",
      "RequestHeaders": {
        "User-Agent": [
          "Microsoft.Azure.Management.Network.NetworkManagementClient/3.0.0.0"
        ]
      },
      "ResponseBody": "{\r\n  \"name\": \"onesdk8661\",\r\n  \"id\": \"/subscriptions/9532a63e-f2eb-4649-bb23-5ed01077ce80/resourceGroups/onesdk6057/providers/Microsoft.Network/routeTables/onesdk8661\",\r\n  \"etag\": \"W/\\\"cbcad9b7-8bc6-46c9-9f19-63d6e688ff6d\\\"\",\r\n  \"type\": \"Microsoft.Network/routeTables\",\r\n  \"location\": \"westus\",\r\n  \"properties\": {\r\n    \"provisioningState\": \"Succeeded\",\r\n    \"resourceGuid\": \"4d2ce7bf-ab1b-42b8-a0eb-0938d44c396a\",\r\n    \"routes\": [\r\n      {\r\n        \"name\": \"route1\",\r\n        \"id\": \"/subscriptions/9532a63e-f2eb-4649-bb23-5ed01077ce80/resourceGroups/onesdk6057/providers/Microsoft.Network/routeTables/onesdk8661/routes/route1\",\r\n        \"etag\": \"W/\\\"cbcad9b7-8bc6-46c9-9f19-63d6e688ff6d\\\"\",\r\n        \"properties\": {\r\n          \"provisioningState\": \"Succeeded\",\r\n          \"addressPrefix\": \"192.168.1.0/24\",\r\n          \"nextHopType\": \"VirtualAppliance\",\r\n          \"nextHopIpAddress\": \"23.108.1.1\"\r\n        }\r\n      },\r\n      {\r\n        \"name\": \"route2\",\r\n        \"id\": \"/subscriptions/9532a63e-f2eb-4649-bb23-5ed01077ce80/resourceGroups/onesdk6057/providers/Microsoft.Network/routeTables/onesdk8661/routes/route2\",\r\n        \"etag\": \"W/\\\"cbcad9b7-8bc6-46c9-9f19-63d6e688ff6d\\\"\",\r\n        \"properties\": {\r\n          \"provisioningState\": \"Succeeded\",\r\n          \"addressPrefix\": \"192.168.2.0/24\",\r\n          \"nextHopType\": \"VnetLocal\"\r\n        }\r\n      }\r\n    ]\r\n  }\r\n}",
      "ResponseHeaders": {
        "Content-Length": [
          "1365"
        ],
        "Content-Type": [
          "application/json; charset=utf-8"
        ],
        "Expires": [
          "-1"
        ],
        "Pragma": [
          "no-cache"
        ],
        "x-ms-request-id": [
          "226222d9-af67-4149-84e5-6fc7e3577f64"
        ],
        "Strict-Transport-Security": [
          "max-age=31536000; includeSubDomains"
        ],
        "Cache-Control": [
          "no-cache"
        ],
        "ETag": [
          "W/\"cbcad9b7-8bc6-46c9-9f19-63d6e688ff6d\""
        ],
        "Server": [
          "Microsoft-HTTPAPI/2.0",
          "Microsoft-HTTPAPI/2.0"
        ],
        "x-ms-ratelimit-remaining-subscription-reads": [
          "14972"
        ],
        "x-ms-correlation-request-id": [
          "a26c3603-d21b-4e00-bf18-2932a1d82d65"
        ],
        "x-ms-routing-request-id": [
          "WESTUS:20151124T212002Z:a26c3603-d21b-4e00-bf18-2932a1d82d65"
        ],
        "Date": [
          "Tue, 24 Nov 2015 21:20:02 GMT"
        ]
      },
      "StatusCode": 200
    },
    {
      "RequestUri": "/subscriptions/9532a63e-f2eb-4649-bb23-5ed01077ce80/resourceGroups/onesdk6057/providers/Microsoft.Network/routeTables/onesdk8661?api-version=2017-03-01",
      "EncodedRequestUri": "L3N1YnNjcmlwdGlvbnMvOTUzMmE2M2UtZjJlYi00NjQ5LWJiMjMtNWVkMDEwNzdjZTgwL3Jlc291cmNlR3JvdXBzL29uZXNkazYwNTcvcHJvdmlkZXJzL01pY3Jvc29mdC5OZXR3b3JrL3JvdXRlVGFibGVzL29uZXNkazg2NjE/YXBpLXZlcnNpb249MjAxNy0wMy0wMQ==",
      "RequestMethod": "GET",
      "RequestBody": "",
      "RequestHeaders": {
        "x-ms-client-request-id": [
          "8ef30646-79a7-487f-8325-fd6b159cbd3c"
        ],
        "accept-language": [
          "en-US"
        ],
        "User-Agent": [
          "Microsoft.Azure.Management.Network.NetworkManagementClient/3.0.0.0"
        ]
      },
      "ResponseBody": "{\r\n  \"name\": \"onesdk8661\",\r\n  \"id\": \"/subscriptions/9532a63e-f2eb-4649-bb23-5ed01077ce80/resourceGroups/onesdk6057/providers/Microsoft.Network/routeTables/onesdk8661\",\r\n  \"etag\": \"W/\\\"cbcad9b7-8bc6-46c9-9f19-63d6e688ff6d\\\"\",\r\n  \"type\": \"Microsoft.Network/routeTables\",\r\n  \"location\": \"westus\",\r\n  \"properties\": {\r\n    \"provisioningState\": \"Succeeded\",\r\n    \"resourceGuid\": \"4d2ce7bf-ab1b-42b8-a0eb-0938d44c396a\",\r\n    \"routes\": [\r\n      {\r\n        \"name\": \"route1\",\r\n        \"id\": \"/subscriptions/9532a63e-f2eb-4649-bb23-5ed01077ce80/resourceGroups/onesdk6057/providers/Microsoft.Network/routeTables/onesdk8661/routes/route1\",\r\n        \"etag\": \"W/\\\"cbcad9b7-8bc6-46c9-9f19-63d6e688ff6d\\\"\",\r\n        \"properties\": {\r\n          \"provisioningState\": \"Succeeded\",\r\n          \"addressPrefix\": \"192.168.1.0/24\",\r\n          \"nextHopType\": \"VirtualAppliance\",\r\n          \"nextHopIpAddress\": \"23.108.1.1\"\r\n        }\r\n      },\r\n      {\r\n        \"name\": \"route2\",\r\n        \"id\": \"/subscriptions/9532a63e-f2eb-4649-bb23-5ed01077ce80/resourceGroups/onesdk6057/providers/Microsoft.Network/routeTables/onesdk8661/routes/route2\",\r\n        \"etag\": \"W/\\\"cbcad9b7-8bc6-46c9-9f19-63d6e688ff6d\\\"\",\r\n        \"properties\": {\r\n          \"provisioningState\": \"Succeeded\",\r\n          \"addressPrefix\": \"192.168.2.0/24\",\r\n          \"nextHopType\": \"VnetLocal\"\r\n        }\r\n      }\r\n    ]\r\n  }\r\n}",
      "ResponseHeaders": {
        "Content-Length": [
          "1365"
        ],
        "Content-Type": [
          "application/json; charset=utf-8"
        ],
        "Expires": [
          "-1"
        ],
        "Pragma": [
          "no-cache"
        ],
        "x-ms-request-id": [
          "869e06a6-5647-4d3b-8664-b719db1784bb"
        ],
        "Strict-Transport-Security": [
          "max-age=31536000; includeSubDomains"
        ],
        "Cache-Control": [
          "no-cache"
        ],
        "ETag": [
          "W/\"cbcad9b7-8bc6-46c9-9f19-63d6e688ff6d\""
        ],
        "Server": [
          "Microsoft-HTTPAPI/2.0",
          "Microsoft-HTTPAPI/2.0"
        ],
        "x-ms-ratelimit-remaining-subscription-reads": [
          "14971"
        ],
        "x-ms-correlation-request-id": [
          "ee76312f-a9a3-4ec6-8628-d22d4d938e95"
        ],
        "x-ms-routing-request-id": [
          "WESTUS:20151124T212003Z:ee76312f-a9a3-4ec6-8628-d22d4d938e95"
        ],
        "Date": [
          "Tue, 24 Nov 2015 21:20:02 GMT"
        ]
      },
      "StatusCode": 200
    },
    {
      "RequestUri": "/subscriptions/9532a63e-f2eb-4649-bb23-5ed01077ce80/resourceGroups/onesdk6057/providers/Microsoft.Network/routeTables/onesdk8661?api-version=2017-03-01",
      "EncodedRequestUri": "L3N1YnNjcmlwdGlvbnMvOTUzMmE2M2UtZjJlYi00NjQ5LWJiMjMtNWVkMDEwNzdjZTgwL3Jlc291cmNlR3JvdXBzL29uZXNkazYwNTcvcHJvdmlkZXJzL01pY3Jvc29mdC5OZXR3b3JrL3JvdXRlVGFibGVzL29uZXNkazg2NjE/YXBpLXZlcnNpb249MjAxNy0wMy0wMQ==",
      "RequestMethod": "GET",
      "RequestBody": "",
      "RequestHeaders": {
        "x-ms-client-request-id": [
          "3d9b7f91-f67b-4a01-b380-867ee2c0da67"
        ],
        "accept-language": [
          "en-US"
        ],
        "User-Agent": [
          "Microsoft.Azure.Management.Network.NetworkManagementClient/3.0.0.0"
        ]
      },
      "ResponseBody": "{\r\n  \"name\": \"onesdk8661\",\r\n  \"id\": \"/subscriptions/9532a63e-f2eb-4649-bb23-5ed01077ce80/resourceGroups/onesdk6057/providers/Microsoft.Network/routeTables/onesdk8661\",\r\n  \"etag\": \"W/\\\"cbcad9b7-8bc6-46c9-9f19-63d6e688ff6d\\\"\",\r\n  \"type\": \"Microsoft.Network/routeTables\",\r\n  \"location\": \"westus\",\r\n  \"properties\": {\r\n    \"provisioningState\": \"Succeeded\",\r\n    \"resourceGuid\": \"4d2ce7bf-ab1b-42b8-a0eb-0938d44c396a\",\r\n    \"routes\": [\r\n      {\r\n        \"name\": \"route1\",\r\n        \"id\": \"/subscriptions/9532a63e-f2eb-4649-bb23-5ed01077ce80/resourceGroups/onesdk6057/providers/Microsoft.Network/routeTables/onesdk8661/routes/route1\",\r\n        \"etag\": \"W/\\\"cbcad9b7-8bc6-46c9-9f19-63d6e688ff6d\\\"\",\r\n        \"properties\": {\r\n          \"provisioningState\": \"Succeeded\",\r\n          \"addressPrefix\": \"192.168.1.0/24\",\r\n          \"nextHopType\": \"VirtualAppliance\",\r\n          \"nextHopIpAddress\": \"23.108.1.1\"\r\n        }\r\n      },\r\n      {\r\n        \"name\": \"route2\",\r\n        \"id\": \"/subscriptions/9532a63e-f2eb-4649-bb23-5ed01077ce80/resourceGroups/onesdk6057/providers/Microsoft.Network/routeTables/onesdk8661/routes/route2\",\r\n        \"etag\": \"W/\\\"cbcad9b7-8bc6-46c9-9f19-63d6e688ff6d\\\"\",\r\n        \"properties\": {\r\n          \"provisioningState\": \"Succeeded\",\r\n          \"addressPrefix\": \"192.168.2.0/24\",\r\n          \"nextHopType\": \"VnetLocal\"\r\n        }\r\n      }\r\n    ]\r\n  }\r\n}",
      "ResponseHeaders": {
        "Content-Length": [
          "1365"
        ],
        "Content-Type": [
          "application/json; charset=utf-8"
        ],
        "Expires": [
          "-1"
        ],
        "Pragma": [
          "no-cache"
        ],
        "x-ms-request-id": [
          "e6f580f8-4148-40dc-a9a2-715e56156860"
        ],
        "Strict-Transport-Security": [
          "max-age=31536000; includeSubDomains"
        ],
        "Cache-Control": [
          "no-cache"
        ],
        "ETag": [
          "W/\"cbcad9b7-8bc6-46c9-9f19-63d6e688ff6d\""
        ],
        "Server": [
          "Microsoft-HTTPAPI/2.0",
          "Microsoft-HTTPAPI/2.0"
        ],
        "x-ms-ratelimit-remaining-subscription-reads": [
          "14970"
        ],
        "x-ms-correlation-request-id": [
          "163c2361-6992-41e2-b3f4-ce698efa1ee1"
        ],
        "x-ms-routing-request-id": [
          "WESTUS:20151124T212003Z:163c2361-6992-41e2-b3f4-ce698efa1ee1"
        ],
        "Date": [
          "Tue, 24 Nov 2015 21:20:02 GMT"
        ]
      },
      "StatusCode": 200
    },
    {
      "RequestUri": "/subscriptions/9532a63e-f2eb-4649-bb23-5ed01077ce80/resourceGroups/onesdk6057/providers/Microsoft.Network/routeTables/onesdk8661?api-version=2017-03-01",
      "EncodedRequestUri": "L3N1YnNjcmlwdGlvbnMvOTUzMmE2M2UtZjJlYi00NjQ5LWJiMjMtNWVkMDEwNzdjZTgwL3Jlc291cmNlR3JvdXBzL29uZXNkazYwNTcvcHJvdmlkZXJzL01pY3Jvc29mdC5OZXR3b3JrL3JvdXRlVGFibGVzL29uZXNkazg2NjE/YXBpLXZlcnNpb249MjAxNy0wMy0wMQ==",
      "RequestMethod": "GET",
      "RequestBody": "",
      "RequestHeaders": {
        "x-ms-client-request-id": [
          "84f7dcce-b308-492f-abf0-114a695812fb"
        ],
        "accept-language": [
          "en-US"
        ],
        "User-Agent": [
          "Microsoft.Azure.Management.Network.NetworkManagementClient/3.0.0.0"
        ]
      },
      "ResponseBody": "{\r\n  \"name\": \"onesdk8661\",\r\n  \"id\": \"/subscriptions/9532a63e-f2eb-4649-bb23-5ed01077ce80/resourceGroups/onesdk6057/providers/Microsoft.Network/routeTables/onesdk8661\",\r\n  \"etag\": \"W/\\\"cbcad9b7-8bc6-46c9-9f19-63d6e688ff6d\\\"\",\r\n  \"type\": \"Microsoft.Network/routeTables\",\r\n  \"location\": \"westus\",\r\n  \"properties\": {\r\n    \"provisioningState\": \"Succeeded\",\r\n    \"resourceGuid\": \"4d2ce7bf-ab1b-42b8-a0eb-0938d44c396a\",\r\n    \"routes\": [\r\n      {\r\n        \"name\": \"route1\",\r\n        \"id\": \"/subscriptions/9532a63e-f2eb-4649-bb23-5ed01077ce80/resourceGroups/onesdk6057/providers/Microsoft.Network/routeTables/onesdk8661/routes/route1\",\r\n        \"etag\": \"W/\\\"cbcad9b7-8bc6-46c9-9f19-63d6e688ff6d\\\"\",\r\n        \"properties\": {\r\n          \"provisioningState\": \"Succeeded\",\r\n          \"addressPrefix\": \"192.168.1.0/24\",\r\n          \"nextHopType\": \"VirtualAppliance\",\r\n          \"nextHopIpAddress\": \"23.108.1.1\"\r\n        }\r\n      },\r\n      {\r\n        \"name\": \"route2\",\r\n        \"id\": \"/subscriptions/9532a63e-f2eb-4649-bb23-5ed01077ce80/resourceGroups/onesdk6057/providers/Microsoft.Network/routeTables/onesdk8661/routes/route2\",\r\n        \"etag\": \"W/\\\"cbcad9b7-8bc6-46c9-9f19-63d6e688ff6d\\\"\",\r\n        \"properties\": {\r\n          \"provisioningState\": \"Succeeded\",\r\n          \"addressPrefix\": \"192.168.2.0/24\",\r\n          \"nextHopType\": \"VnetLocal\"\r\n        }\r\n      }\r\n    ]\r\n  }\r\n}",
      "ResponseHeaders": {
        "Content-Length": [
          "1365"
        ],
        "Content-Type": [
          "application/json; charset=utf-8"
        ],
        "Expires": [
          "-1"
        ],
        "Pragma": [
          "no-cache"
        ],
        "x-ms-request-id": [
          "83531c3d-9517-4767-9907-2ecd884bd06a"
        ],
        "Strict-Transport-Security": [
          "max-age=31536000; includeSubDomains"
        ],
        "Cache-Control": [
          "no-cache"
        ],
        "ETag": [
          "W/\"cbcad9b7-8bc6-46c9-9f19-63d6e688ff6d\""
        ],
        "Server": [
          "Microsoft-HTTPAPI/2.0",
          "Microsoft-HTTPAPI/2.0"
        ],
        "x-ms-ratelimit-remaining-subscription-reads": [
          "14969"
        ],
        "x-ms-correlation-request-id": [
          "371a2be5-6ad5-40a7-a4ab-9fd89c470d3b"
        ],
        "x-ms-routing-request-id": [
          "WESTUS:20151124T212003Z:371a2be5-6ad5-40a7-a4ab-9fd89c470d3b"
        ],
        "Date": [
          "Tue, 24 Nov 2015 21:20:02 GMT"
        ]
      },
      "StatusCode": 200
    },
    {
      "RequestUri": "/subscriptions/9532a63e-f2eb-4649-bb23-5ed01077ce80/resourceGroups/onesdk6057/providers/Microsoft.Network/routeTables/onesdk8661?api-version=2017-03-01",
      "EncodedRequestUri": "L3N1YnNjcmlwdGlvbnMvOTUzMmE2M2UtZjJlYi00NjQ5LWJiMjMtNWVkMDEwNzdjZTgwL3Jlc291cmNlR3JvdXBzL29uZXNkazYwNTcvcHJvdmlkZXJzL01pY3Jvc29mdC5OZXR3b3JrL3JvdXRlVGFibGVzL29uZXNkazg2NjE/YXBpLXZlcnNpb249MjAxNy0wMy0wMQ==",
      "RequestMethod": "GET",
      "RequestBody": "",
      "RequestHeaders": {
        "User-Agent": [
          "Microsoft.Azure.Management.Network.NetworkManagementClient/3.0.0.0"
        ]
      },
      "ResponseBody": "{\r\n  \"name\": \"onesdk8661\",\r\n  \"id\": \"/subscriptions/9532a63e-f2eb-4649-bb23-5ed01077ce80/resourceGroups/onesdk6057/providers/Microsoft.Network/routeTables/onesdk8661\",\r\n  \"etag\": \"W/\\\"ffefb2cd-635b-4034-affa-eed0c3966577\\\"\",\r\n  \"type\": \"Microsoft.Network/routeTables\",\r\n  \"location\": \"westus\",\r\n  \"properties\": {\r\n    \"provisioningState\": \"Succeeded\",\r\n    \"resourceGuid\": \"4d2ce7bf-ab1b-42b8-a0eb-0938d44c396a\",\r\n    \"routes\": [\r\n      {\r\n        \"name\": \"route1\",\r\n        \"id\": \"/subscriptions/9532a63e-f2eb-4649-bb23-5ed01077ce80/resourceGroups/onesdk6057/providers/Microsoft.Network/routeTables/onesdk8661/routes/route1\",\r\n        \"etag\": \"W/\\\"ffefb2cd-635b-4034-affa-eed0c3966577\\\"\",\r\n        \"properties\": {\r\n          \"provisioningState\": \"Succeeded\",\r\n          \"addressPrefix\": \"192.168.1.0/24\",\r\n          \"nextHopType\": \"VirtualAppliance\",\r\n          \"nextHopIpAddress\": \"23.108.1.1\"\r\n        }\r\n      },\r\n      {\r\n        \"name\": \"route2\",\r\n        \"id\": \"/subscriptions/9532a63e-f2eb-4649-bb23-5ed01077ce80/resourceGroups/onesdk6057/providers/Microsoft.Network/routeTables/onesdk8661/routes/route2\",\r\n        \"etag\": \"W/\\\"ffefb2cd-635b-4034-affa-eed0c3966577\\\"\",\r\n        \"properties\": {\r\n          \"provisioningState\": \"Succeeded\",\r\n          \"addressPrefix\": \"192.168.3.0/24\",\r\n          \"nextHopType\": \"VnetLocal\"\r\n        }\r\n      }\r\n    ]\r\n  }\r\n}",
      "ResponseHeaders": {
        "Content-Length": [
          "1365"
        ],
        "Content-Type": [
          "application/json; charset=utf-8"
        ],
        "Expires": [
          "-1"
        ],
        "Pragma": [
          "no-cache"
        ],
        "x-ms-request-id": [
          "45badba6-4618-48df-b5de-007e4ab585ed"
        ],
        "Strict-Transport-Security": [
          "max-age=31536000; includeSubDomains"
        ],
        "Cache-Control": [
          "no-cache"
        ],
        "ETag": [
          "W/\"ffefb2cd-635b-4034-affa-eed0c3966577\""
        ],
        "Server": [
          "Microsoft-HTTPAPI/2.0",
          "Microsoft-HTTPAPI/2.0"
        ],
        "x-ms-ratelimit-remaining-subscription-reads": [
          "14967"
        ],
        "x-ms-correlation-request-id": [
          "7666e793-078f-43ff-926c-f346cb3dfc43"
        ],
        "x-ms-routing-request-id": [
          "WESTUS:20151124T212014Z:7666e793-078f-43ff-926c-f346cb3dfc43"
        ],
        "Date": [
          "Tue, 24 Nov 2015 21:20:13 GMT"
        ]
      },
      "StatusCode": 200
    },
    {
      "RequestUri": "/subscriptions/9532a63e-f2eb-4649-bb23-5ed01077ce80/resourceGroups/onesdk6057/providers/Microsoft.Network/routeTables/onesdk8661?api-version=2017-03-01",
      "EncodedRequestUri": "L3N1YnNjcmlwdGlvbnMvOTUzMmE2M2UtZjJlYi00NjQ5LWJiMjMtNWVkMDEwNzdjZTgwL3Jlc291cmNlR3JvdXBzL29uZXNkazYwNTcvcHJvdmlkZXJzL01pY3Jvc29mdC5OZXR3b3JrL3JvdXRlVGFibGVzL29uZXNkazg2NjE/YXBpLXZlcnNpb249MjAxNy0wMy0wMQ==",
      "RequestMethod": "GET",
      "RequestBody": "",
      "RequestHeaders": {
        "x-ms-client-request-id": [
          "75762f8c-e05f-4884-ad62-4e4316161e0e"
        ],
        "accept-language": [
          "en-US"
        ],
        "User-Agent": [
          "Microsoft.Azure.Management.Network.NetworkManagementClient/3.0.0.0"
        ]
      },
      "ResponseBody": "{\r\n  \"name\": \"onesdk8661\",\r\n  \"id\": \"/subscriptions/9532a63e-f2eb-4649-bb23-5ed01077ce80/resourceGroups/onesdk6057/providers/Microsoft.Network/routeTables/onesdk8661\",\r\n  \"etag\": \"W/\\\"ffefb2cd-635b-4034-affa-eed0c3966577\\\"\",\r\n  \"type\": \"Microsoft.Network/routeTables\",\r\n  \"location\": \"westus\",\r\n  \"properties\": {\r\n    \"provisioningState\": \"Succeeded\",\r\n    \"resourceGuid\": \"4d2ce7bf-ab1b-42b8-a0eb-0938d44c396a\",\r\n    \"routes\": [\r\n      {\r\n        \"name\": \"route1\",\r\n        \"id\": \"/subscriptions/9532a63e-f2eb-4649-bb23-5ed01077ce80/resourceGroups/onesdk6057/providers/Microsoft.Network/routeTables/onesdk8661/routes/route1\",\r\n        \"etag\": \"W/\\\"ffefb2cd-635b-4034-affa-eed0c3966577\\\"\",\r\n        \"properties\": {\r\n          \"provisioningState\": \"Succeeded\",\r\n          \"addressPrefix\": \"192.168.1.0/24\",\r\n          \"nextHopType\": \"VirtualAppliance\",\r\n          \"nextHopIpAddress\": \"23.108.1.1\"\r\n        }\r\n      },\r\n      {\r\n        \"name\": \"route2\",\r\n        \"id\": \"/subscriptions/9532a63e-f2eb-4649-bb23-5ed01077ce80/resourceGroups/onesdk6057/providers/Microsoft.Network/routeTables/onesdk8661/routes/route2\",\r\n        \"etag\": \"W/\\\"ffefb2cd-635b-4034-affa-eed0c3966577\\\"\",\r\n        \"properties\": {\r\n          \"provisioningState\": \"Succeeded\",\r\n          \"addressPrefix\": \"192.168.3.0/24\",\r\n          \"nextHopType\": \"VnetLocal\"\r\n        }\r\n      }\r\n    ]\r\n  }\r\n}",
      "ResponseHeaders": {
        "Content-Length": [
          "1365"
        ],
        "Content-Type": [
          "application/json; charset=utf-8"
        ],
        "Expires": [
          "-1"
        ],
        "Pragma": [
          "no-cache"
        ],
        "x-ms-request-id": [
          "8141aa34-6a68-47ac-91dc-0e9d192b9e12"
        ],
        "Strict-Transport-Security": [
          "max-age=31536000; includeSubDomains"
        ],
        "Cache-Control": [
          "no-cache"
        ],
        "ETag": [
          "W/\"ffefb2cd-635b-4034-affa-eed0c3966577\""
        ],
        "Server": [
          "Microsoft-HTTPAPI/2.0",
          "Microsoft-HTTPAPI/2.0"
        ],
        "x-ms-ratelimit-remaining-subscription-reads": [
          "14966"
        ],
        "x-ms-correlation-request-id": [
          "5ab13a6d-2fc8-45bc-aab4-7e3507198316"
        ],
        "x-ms-routing-request-id": [
          "WESTUS:20151124T212014Z:5ab13a6d-2fc8-45bc-aab4-7e3507198316"
        ],
        "Date": [
          "Tue, 24 Nov 2015 21:20:13 GMT"
        ]
      },
      "StatusCode": 200
    },
    {
      "RequestUri": "/subscriptions/9532a63e-f2eb-4649-bb23-5ed01077ce80/resourceGroups/onesdk6057/providers/Microsoft.Network/routeTables/onesdk8661?api-version=2017-03-01",
      "EncodedRequestUri": "L3N1YnNjcmlwdGlvbnMvOTUzMmE2M2UtZjJlYi00NjQ5LWJiMjMtNWVkMDEwNzdjZTgwL3Jlc291cmNlR3JvdXBzL29uZXNkazYwNTcvcHJvdmlkZXJzL01pY3Jvc29mdC5OZXR3b3JrL3JvdXRlVGFibGVzL29uZXNkazg2NjE/YXBpLXZlcnNpb249MjAxNy0wMy0wMQ==",
      "RequestMethod": "GET",
      "RequestBody": "",
      "RequestHeaders": {
        "x-ms-client-request-id": [
          "05c14276-557b-4501-b7b5-606a7cf80dd0"
        ],
        "accept-language": [
          "en-US"
        ],
        "User-Agent": [
          "Microsoft.Azure.Management.Network.NetworkManagementClient/3.0.0.0"
        ]
      },
      "ResponseBody": "{\r\n  \"name\": \"onesdk8661\",\r\n  \"id\": \"/subscriptions/9532a63e-f2eb-4649-bb23-5ed01077ce80/resourceGroups/onesdk6057/providers/Microsoft.Network/routeTables/onesdk8661\",\r\n  \"etag\": \"W/\\\"ffefb2cd-635b-4034-affa-eed0c3966577\\\"\",\r\n  \"type\": \"Microsoft.Network/routeTables\",\r\n  \"location\": \"westus\",\r\n  \"properties\": {\r\n    \"provisioningState\": \"Succeeded\",\r\n    \"resourceGuid\": \"4d2ce7bf-ab1b-42b8-a0eb-0938d44c396a\",\r\n    \"routes\": [\r\n      {\r\n        \"name\": \"route1\",\r\n        \"id\": \"/subscriptions/9532a63e-f2eb-4649-bb23-5ed01077ce80/resourceGroups/onesdk6057/providers/Microsoft.Network/routeTables/onesdk8661/routes/route1\",\r\n        \"etag\": \"W/\\\"ffefb2cd-635b-4034-affa-eed0c3966577\\\"\",\r\n        \"properties\": {\r\n          \"provisioningState\": \"Succeeded\",\r\n          \"addressPrefix\": \"192.168.1.0/24\",\r\n          \"nextHopType\": \"VirtualAppliance\",\r\n          \"nextHopIpAddress\": \"23.108.1.1\"\r\n        }\r\n      },\r\n      {\r\n        \"name\": \"route2\",\r\n        \"id\": \"/subscriptions/9532a63e-f2eb-4649-bb23-5ed01077ce80/resourceGroups/onesdk6057/providers/Microsoft.Network/routeTables/onesdk8661/routes/route2\",\r\n        \"etag\": \"W/\\\"ffefb2cd-635b-4034-affa-eed0c3966577\\\"\",\r\n        \"properties\": {\r\n          \"provisioningState\": \"Succeeded\",\r\n          \"addressPrefix\": \"192.168.3.0/24\",\r\n          \"nextHopType\": \"VnetLocal\"\r\n        }\r\n      }\r\n    ]\r\n  }\r\n}",
      "ResponseHeaders": {
        "Content-Length": [
          "1365"
        ],
        "Content-Type": [
          "application/json; charset=utf-8"
        ],
        "Expires": [
          "-1"
        ],
        "Pragma": [
          "no-cache"
        ],
        "x-ms-request-id": [
          "195b618a-dccc-4baa-bc2c-940ead8306d0"
        ],
        "Strict-Transport-Security": [
          "max-age=31536000; includeSubDomains"
        ],
        "Cache-Control": [
          "no-cache"
        ],
        "ETag": [
          "W/\"ffefb2cd-635b-4034-affa-eed0c3966577\""
        ],
        "Server": [
          "Microsoft-HTTPAPI/2.0",
          "Microsoft-HTTPAPI/2.0"
        ],
        "x-ms-ratelimit-remaining-subscription-reads": [
          "14965"
        ],
        "x-ms-correlation-request-id": [
          "e634fe2b-8b38-45d0-a07d-5c6a63d00fc4"
        ],
        "x-ms-routing-request-id": [
          "WESTUS:20151124T212014Z:e634fe2b-8b38-45d0-a07d-5c6a63d00fc4"
        ],
        "Date": [
          "Tue, 24 Nov 2015 21:20:13 GMT"
        ]
      },
      "StatusCode": 200
    },
    {
      "RequestUri": "/subscriptions/9532a63e-f2eb-4649-bb23-5ed01077ce80/resourceGroups/onesdk6057/providers/Microsoft.Network/routeTables/onesdk8661?api-version=2017-03-01",
      "EncodedRequestUri": "L3N1YnNjcmlwdGlvbnMvOTUzMmE2M2UtZjJlYi00NjQ5LWJiMjMtNWVkMDEwNzdjZTgwL3Jlc291cmNlR3JvdXBzL29uZXNkazYwNTcvcHJvdmlkZXJzL01pY3Jvc29mdC5OZXR3b3JrL3JvdXRlVGFibGVzL29uZXNkazg2NjE/YXBpLXZlcnNpb249MjAxNy0wMy0wMQ==",
      "RequestMethod": "GET",
      "RequestBody": "",
      "RequestHeaders": {
        "x-ms-client-request-id": [
          "faa8651c-c53c-422b-8f68-b17f074b01ec"
        ],
        "accept-language": [
          "en-US"
        ],
        "User-Agent": [
          "Microsoft.Azure.Management.Network.NetworkManagementClient/3.0.0.0"
        ]
      },
      "ResponseBody": "{\r\n  \"name\": \"onesdk8661\",\r\n  \"id\": \"/subscriptions/9532a63e-f2eb-4649-bb23-5ed01077ce80/resourceGroups/onesdk6057/providers/Microsoft.Network/routeTables/onesdk8661\",\r\n  \"etag\": \"W/\\\"ffefb2cd-635b-4034-affa-eed0c3966577\\\"\",\r\n  \"type\": \"Microsoft.Network/routeTables\",\r\n  \"location\": \"westus\",\r\n  \"properties\": {\r\n    \"provisioningState\": \"Succeeded\",\r\n    \"resourceGuid\": \"4d2ce7bf-ab1b-42b8-a0eb-0938d44c396a\",\r\n    \"routes\": [\r\n      {\r\n        \"name\": \"route1\",\r\n        \"id\": \"/subscriptions/9532a63e-f2eb-4649-bb23-5ed01077ce80/resourceGroups/onesdk6057/providers/Microsoft.Network/routeTables/onesdk8661/routes/route1\",\r\n        \"etag\": \"W/\\\"ffefb2cd-635b-4034-affa-eed0c3966577\\\"\",\r\n        \"properties\": {\r\n          \"provisioningState\": \"Succeeded\",\r\n          \"addressPrefix\": \"192.168.1.0/24\",\r\n          \"nextHopType\": \"VirtualAppliance\",\r\n          \"nextHopIpAddress\": \"23.108.1.1\"\r\n        }\r\n      },\r\n      {\r\n        \"name\": \"route2\",\r\n        \"id\": \"/subscriptions/9532a63e-f2eb-4649-bb23-5ed01077ce80/resourceGroups/onesdk6057/providers/Microsoft.Network/routeTables/onesdk8661/routes/route2\",\r\n        \"etag\": \"W/\\\"ffefb2cd-635b-4034-affa-eed0c3966577\\\"\",\r\n        \"properties\": {\r\n          \"provisioningState\": \"Succeeded\",\r\n          \"addressPrefix\": \"192.168.3.0/24\",\r\n          \"nextHopType\": \"VnetLocal\"\r\n        }\r\n      }\r\n    ]\r\n  }\r\n}",
      "ResponseHeaders": {
        "Content-Length": [
          "1365"
        ],
        "Content-Type": [
          "application/json; charset=utf-8"
        ],
        "Expires": [
          "-1"
        ],
        "Pragma": [
          "no-cache"
        ],
        "x-ms-request-id": [
          "2515ab3a-3da4-46d6-8d54-0bf26d146889"
        ],
        "Strict-Transport-Security": [
          "max-age=31536000; includeSubDomains"
        ],
        "Cache-Control": [
          "no-cache"
        ],
        "ETag": [
          "W/\"ffefb2cd-635b-4034-affa-eed0c3966577\""
        ],
        "Server": [
          "Microsoft-HTTPAPI/2.0",
          "Microsoft-HTTPAPI/2.0"
        ],
        "x-ms-ratelimit-remaining-subscription-reads": [
          "14964"
        ],
        "x-ms-correlation-request-id": [
          "1ee0bcbe-b94b-429b-9d29-dd848332a812"
        ],
        "x-ms-routing-request-id": [
          "WESTUS:20151124T212014Z:1ee0bcbe-b94b-429b-9d29-dd848332a812"
        ],
        "Date": [
          "Tue, 24 Nov 2015 21:20:13 GMT"
        ]
      },
      "StatusCode": 200
    },
    {
      "RequestUri": "/subscriptions/9532a63e-f2eb-4649-bb23-5ed01077ce80/resourceGroups/onesdk6057/providers/Microsoft.Network/routeTables/onesdk8661?api-version=2017-03-01",
      "EncodedRequestUri": "L3N1YnNjcmlwdGlvbnMvOTUzMmE2M2UtZjJlYi00NjQ5LWJiMjMtNWVkMDEwNzdjZTgwL3Jlc291cmNlR3JvdXBzL29uZXNkazYwNTcvcHJvdmlkZXJzL01pY3Jvc29mdC5OZXR3b3JrL3JvdXRlVGFibGVzL29uZXNkazg2NjE/YXBpLXZlcnNpb249MjAxNy0wMy0wMQ==",
      "RequestMethod": "GET",
      "RequestBody": "",
      "RequestHeaders": {
        "User-Agent": [
          "Microsoft.Azure.Management.Network.NetworkManagementClient/3.0.0.0"
        ]
      },
      "ResponseBody": "{\r\n  \"name\": \"onesdk8661\",\r\n  \"id\": \"/subscriptions/9532a63e-f2eb-4649-bb23-5ed01077ce80/resourceGroups/onesdk6057/providers/Microsoft.Network/routeTables/onesdk8661\",\r\n  \"etag\": \"W/\\\"e979b672-346f-4967-9d21-9ab686402cee\\\"\",\r\n  \"type\": \"Microsoft.Network/routeTables\",\r\n  \"location\": \"westus\",\r\n  \"properties\": {\r\n    \"provisioningState\": \"Succeeded\",\r\n    \"resourceGuid\": \"4d2ce7bf-ab1b-42b8-a0eb-0938d44c396a\",\r\n    \"routes\": [\r\n      {\r\n        \"name\": \"route2\",\r\n        \"id\": \"/subscriptions/9532a63e-f2eb-4649-bb23-5ed01077ce80/resourceGroups/onesdk6057/providers/Microsoft.Network/routeTables/onesdk8661/routes/route2\",\r\n        \"etag\": \"W/\\\"e979b672-346f-4967-9d21-9ab686402cee\\\"\",\r\n        \"properties\": {\r\n          \"provisioningState\": \"Succeeded\",\r\n          \"addressPrefix\": \"192.168.3.0/24\",\r\n          \"nextHopType\": \"VnetLocal\"\r\n        }\r\n      }\r\n    ]\r\n  }\r\n}",
      "ResponseHeaders": {
        "Content-Length": [
          "878"
        ],
        "Content-Type": [
          "application/json; charset=utf-8"
        ],
        "Expires": [
          "-1"
        ],
        "Pragma": [
          "no-cache"
        ],
        "x-ms-request-id": [
          "dd81f3df-5631-435a-afae-d18fdf2f9d1b"
        ],
        "Strict-Transport-Security": [
          "max-age=31536000; includeSubDomains"
        ],
        "Cache-Control": [
          "no-cache"
        ],
        "ETag": [
          "W/\"e979b672-346f-4967-9d21-9ab686402cee\""
        ],
        "Server": [
          "Microsoft-HTTPAPI/2.0",
          "Microsoft-HTTPAPI/2.0"
        ],
        "x-ms-ratelimit-remaining-subscription-reads": [
          "14962"
        ],
        "x-ms-correlation-request-id": [
          "023c3ed0-4e44-4a3d-995c-46b2d369effb"
        ],
        "x-ms-routing-request-id": [
          "WESTUS:20151124T212025Z:023c3ed0-4e44-4a3d-995c-46b2d369effb"
        ],
        "Date": [
          "Tue, 24 Nov 2015 21:20:25 GMT"
        ]
      },
      "StatusCode": 200
    },
    {
      "RequestUri": "/subscriptions/9532a63e-f2eb-4649-bb23-5ed01077ce80/resourceGroups/onesdk6057/providers/Microsoft.Network/routeTables/onesdk8661?api-version=2017-03-01",
      "EncodedRequestUri": "L3N1YnNjcmlwdGlvbnMvOTUzMmE2M2UtZjJlYi00NjQ5LWJiMjMtNWVkMDEwNzdjZTgwL3Jlc291cmNlR3JvdXBzL29uZXNkazYwNTcvcHJvdmlkZXJzL01pY3Jvc29mdC5OZXR3b3JrL3JvdXRlVGFibGVzL29uZXNkazg2NjE/YXBpLXZlcnNpb249MjAxNy0wMy0wMQ==",
      "RequestMethod": "GET",
      "RequestBody": "",
      "RequestHeaders": {
        "x-ms-client-request-id": [
          "df936a1d-40c2-43f3-9189-59b844c713e2"
        ],
        "accept-language": [
          "en-US"
        ],
        "User-Agent": [
          "Microsoft.Azure.Management.Network.NetworkManagementClient/3.0.0.0"
        ]
      },
      "ResponseBody": "{\r\n  \"name\": \"onesdk8661\",\r\n  \"id\": \"/subscriptions/9532a63e-f2eb-4649-bb23-5ed01077ce80/resourceGroups/onesdk6057/providers/Microsoft.Network/routeTables/onesdk8661\",\r\n  \"etag\": \"W/\\\"e979b672-346f-4967-9d21-9ab686402cee\\\"\",\r\n  \"type\": \"Microsoft.Network/routeTables\",\r\n  \"location\": \"westus\",\r\n  \"properties\": {\r\n    \"provisioningState\": \"Succeeded\",\r\n    \"resourceGuid\": \"4d2ce7bf-ab1b-42b8-a0eb-0938d44c396a\",\r\n    \"routes\": [\r\n      {\r\n        \"name\": \"route2\",\r\n        \"id\": \"/subscriptions/9532a63e-f2eb-4649-bb23-5ed01077ce80/resourceGroups/onesdk6057/providers/Microsoft.Network/routeTables/onesdk8661/routes/route2\",\r\n        \"etag\": \"W/\\\"e979b672-346f-4967-9d21-9ab686402cee\\\"\",\r\n        \"properties\": {\r\n          \"provisioningState\": \"Succeeded\",\r\n          \"addressPrefix\": \"192.168.3.0/24\",\r\n          \"nextHopType\": \"VnetLocal\"\r\n        }\r\n      }\r\n    ]\r\n  }\r\n}",
      "ResponseHeaders": {
        "Content-Length": [
          "878"
        ],
        "Content-Type": [
          "application/json; charset=utf-8"
        ],
        "Expires": [
          "-1"
        ],
        "Pragma": [
          "no-cache"
        ],
        "x-ms-request-id": [
          "2458f7cb-6d72-4303-a802-6c0302b00e54"
        ],
        "Strict-Transport-Security": [
          "max-age=31536000; includeSubDomains"
        ],
        "Cache-Control": [
          "no-cache"
        ],
        "ETag": [
          "W/\"e979b672-346f-4967-9d21-9ab686402cee\""
        ],
        "Server": [
          "Microsoft-HTTPAPI/2.0",
          "Microsoft-HTTPAPI/2.0"
        ],
        "x-ms-ratelimit-remaining-subscription-reads": [
          "14961"
        ],
        "x-ms-correlation-request-id": [
          "9f466a21-5e3c-4e25-9301-592077c335f2"
        ],
        "x-ms-routing-request-id": [
          "WESTUS:20151124T212025Z:9f466a21-5e3c-4e25-9301-592077c335f2"
        ],
        "Date": [
          "Tue, 24 Nov 2015 21:20:25 GMT"
        ]
      },
      "StatusCode": 200
    },
    {
      "RequestUri": "/subscriptions/9532a63e-f2eb-4649-bb23-5ed01077ce80/resourceGroups/onesdk6057/providers/Microsoft.Network/routeTables/onesdk8661?api-version=2017-03-01",
      "EncodedRequestUri": "L3N1YnNjcmlwdGlvbnMvOTUzMmE2M2UtZjJlYi00NjQ5LWJiMjMtNWVkMDEwNzdjZTgwL3Jlc291cmNlR3JvdXBzL29uZXNkazYwNTcvcHJvdmlkZXJzL01pY3Jvc29mdC5OZXR3b3JrL3JvdXRlVGFibGVzL29uZXNkazg2NjE/YXBpLXZlcnNpb249MjAxNy0wMy0wMQ==",
      "RequestMethod": "PUT",
      "RequestBody": "{\r\n  \"location\": \"West US\",\r\n  \"properties\": {\r\n    \"routes\": [\r\n      {\r\n        \"name\": \"route1\",\r\n        \"properties\": {\r\n          \"addressPrefix\": \"192.168.1.0/24\",\r\n          \"nextHopType\": \"VirtualAppliance\",\r\n          \"nextHopIpAddress\": \"23.108.1.1\"\r\n        }\r\n      }\r\n    ],\r\n    \"subnets\": []\r\n  }\r\n}",
      "RequestHeaders": {
        "Content-Type": [
          "application/json; charset=utf-8"
        ],
        "Content-Length": [
          "315"
        ],
        "x-ms-client-request-id": [
          "93152253-0085-4b2d-8747-36926dbb8e58"
        ],
        "accept-language": [
          "en-US"
        ],
        "User-Agent": [
          "Microsoft.Azure.Management.Network.NetworkManagementClient/3.0.0.0"
        ]
      },
      "ResponseBody": "{\r\n  \"name\": \"onesdk8661\",\r\n  \"id\": \"/subscriptions/9532a63e-f2eb-4649-bb23-5ed01077ce80/resourceGroups/onesdk6057/providers/Microsoft.Network/routeTables/onesdk8661\",\r\n  \"etag\": \"W/\\\"9285f212-6ba6-4173-b15e-719ee0094019\\\"\",\r\n  \"type\": \"Microsoft.Network/routeTables\",\r\n  \"location\": \"westus\",\r\n  \"properties\": {\r\n    \"provisioningState\": \"Updating\",\r\n    \"resourceGuid\": \"4d2ce7bf-ab1b-42b8-a0eb-0938d44c396a\",\r\n    \"routes\": [\r\n      {\r\n        \"name\": \"route1\",\r\n        \"id\": \"/subscriptions/9532a63e-f2eb-4649-bb23-5ed01077ce80/resourceGroups/onesdk6057/providers/Microsoft.Network/routeTables/onesdk8661/routes/route1\",\r\n        \"etag\": \"W/\\\"9285f212-6ba6-4173-b15e-719ee0094019\\\"\",\r\n        \"properties\": {\r\n          \"provisioningState\": \"Updating\",\r\n          \"addressPrefix\": \"192.168.1.0/24\",\r\n          \"nextHopType\": \"VirtualAppliance\",\r\n          \"nextHopIpAddress\": \"23.108.1.1\"\r\n        }\r\n      }\r\n    ]\r\n  }\r\n}",
      "ResponseHeaders": {
        "Content-Length": [
          "928"
        ],
        "Content-Type": [
          "application/json; charset=utf-8"
        ],
        "Expires": [
          "-1"
        ],
        "Pragma": [
          "no-cache"
        ],
        "Retry-After": [
          "10"
        ],
        "x-ms-request-id": [
          "98484e5c-2f78-44b1-b137-a494f4b9db39"
        ],
        "Azure-AsyncOperation": [
          "https://management.azure.com/subscriptions/9532a63e-f2eb-4649-bb23-5ed01077ce80/providers/Microsoft.Network/locations/westus/operations/98484e5c-2f78-44b1-b137-a494f4b9db39?api-version=2017-03-01"
        ],
        "Strict-Transport-Security": [
          "max-age=31536000; includeSubDomains"
        ],
        "Cache-Control": [
          "no-cache"
        ],
        "Server": [
          "Microsoft-HTTPAPI/2.0",
          "Microsoft-HTTPAPI/2.0"
        ],
        "x-ms-ratelimit-remaining-subscription-writes": [
          "1195"
        ],
        "x-ms-correlation-request-id": [
          "5ccdd239-b93f-4d23-afc2-5b859e160a2c"
        ],
        "x-ms-routing-request-id": [
          "WESTUS:20151124T211939Z:5ccdd239-b93f-4d23-afc2-5b859e160a2c"
        ],
        "Date": [
          "Tue, 24 Nov 2015 21:19:39 GMT"
        ]
      },
      "StatusCode": 201
    },
    {
      "RequestUri": "/subscriptions/9532a63e-f2eb-4649-bb23-5ed01077ce80/resourceGroups/onesdk6057/providers/Microsoft.Network/routeTables/onesdk8661?api-version=2017-03-01",
      "EncodedRequestUri": "L3N1YnNjcmlwdGlvbnMvOTUzMmE2M2UtZjJlYi00NjQ5LWJiMjMtNWVkMDEwNzdjZTgwL3Jlc291cmNlR3JvdXBzL29uZXNkazYwNTcvcHJvdmlkZXJzL01pY3Jvc29mdC5OZXR3b3JrL3JvdXRlVGFibGVzL29uZXNkazg2NjE/YXBpLXZlcnNpb249MjAxNy0wMy0wMQ==",
      "RequestMethod": "PUT",
      "RequestBody": "{\r\n  \"etag\": \"W/\\\"e217abe7-10f0-4777-8ddb-15f675dfa1df\\\"\",\r\n  \"id\": \"/subscriptions/9532a63e-f2eb-4649-bb23-5ed01077ce80/resourceGroups/onesdk6057/providers/Microsoft.Network/routeTables/onesdk8661\",\r\n  \"location\": \"westus\",\r\n  \"properties\": {\r\n    \"routes\": [\r\n      {\r\n        \"name\": \"route1\",\r\n        \"etag\": \"W/\\\"e217abe7-10f0-4777-8ddb-15f675dfa1df\\\"\",\r\n        \"id\": \"/subscriptions/9532a63e-f2eb-4649-bb23-5ed01077ce80/resourceGroups/onesdk6057/providers/Microsoft.Network/routeTables/onesdk8661/routes/route1\",\r\n        \"properties\": {\r\n          \"addressPrefix\": \"192.168.1.0/24\",\r\n          \"nextHopType\": \"VirtualAppliance\",\r\n          \"nextHopIpAddress\": \"23.108.1.1\",\r\n          \"provisioningState\": \"Succeeded\"\r\n        }\r\n      },\r\n      {\r\n        \"name\": \"route2\",\r\n        \"properties\": {\r\n          \"addressPrefix\": \"192.168.2.0/24\",\r\n          \"nextHopType\": \"VnetLocal\"\r\n        }\r\n      }\r\n    ],\r\n    \"subnets\": [],\r\n    \"provisioningState\": \"Succeeded\"\r\n  }\r\n}",
      "RequestHeaders": {
        "Content-Type": [
          "application/json; charset=utf-8"
        ],
        "Content-Length": [
          "986"
        ],
        "x-ms-client-request-id": [
          "4a763a80-5597-47c9-b31e-20a336d73025"
        ],
        "accept-language": [
          "en-US"
        ],
        "User-Agent": [
          "Microsoft.Azure.Management.Network.NetworkManagementClient/3.0.0.0"
        ]
      },
      "ResponseBody": "{\r\n  \"name\": \"onesdk8661\",\r\n  \"id\": \"/subscriptions/9532a63e-f2eb-4649-bb23-5ed01077ce80/resourceGroups/onesdk6057/providers/Microsoft.Network/routeTables/onesdk8661\",\r\n  \"etag\": \"W/\\\"9b212235-7bc8-4fda-bf25-902907f9e952\\\"\",\r\n  \"type\": \"Microsoft.Network/routeTables\",\r\n  \"location\": \"westus\",\r\n  \"properties\": {\r\n    \"provisioningState\": \"Updating\",\r\n    \"resourceGuid\": \"4d2ce7bf-ab1b-42b8-a0eb-0938d44c396a\",\r\n    \"routes\": [\r\n      {\r\n        \"name\": \"route1\",\r\n        \"id\": \"/subscriptions/9532a63e-f2eb-4649-bb23-5ed01077ce80/resourceGroups/onesdk6057/providers/Microsoft.Network/routeTables/onesdk8661/routes/route1\",\r\n        \"etag\": \"W/\\\"9b212235-7bc8-4fda-bf25-902907f9e952\\\"\",\r\n        \"properties\": {\r\n          \"provisioningState\": \"Updating\",\r\n          \"addressPrefix\": \"192.168.1.0/24\",\r\n          \"nextHopType\": \"VirtualAppliance\",\r\n          \"nextHopIpAddress\": \"23.108.1.1\"\r\n        }\r\n      },\r\n      {\r\n        \"name\": \"route2\",\r\n        \"id\": \"/subscriptions/9532a63e-f2eb-4649-bb23-5ed01077ce80/resourceGroups/onesdk6057/providers/Microsoft.Network/routeTables/onesdk8661/routes/route2\",\r\n        \"etag\": \"W/\\\"9b212235-7bc8-4fda-bf25-902907f9e952\\\"\",\r\n        \"properties\": {\r\n          \"provisioningState\": \"Updating\",\r\n          \"addressPrefix\": \"192.168.2.0/24\",\r\n          \"nextHopType\": \"VnetLocal\"\r\n        }\r\n      }\r\n    ]\r\n  }\r\n}",
      "ResponseHeaders": {
        "Content-Length": [
          "1362"
        ],
        "Content-Type": [
          "application/json; charset=utf-8"
        ],
        "Expires": [
          "-1"
        ],
        "Pragma": [
          "no-cache"
        ],
        "Retry-After": [
          "10"
        ],
        "x-ms-request-id": [
          "ff55b461-ba5d-4ce7-a337-2816af947fa5"
        ],
        "Azure-AsyncOperation": [
          "https://management.azure.com/subscriptions/9532a63e-f2eb-4649-bb23-5ed01077ce80/providers/Microsoft.Network/locations/westus/operations/ff55b461-ba5d-4ce7-a337-2816af947fa5?api-version=2017-03-01"
        ],
        "Strict-Transport-Security": [
          "max-age=31536000; includeSubDomains"
        ],
        "Cache-Control": [
          "no-cache"
        ],
        "Server": [
          "Microsoft-HTTPAPI/2.0",
          "Microsoft-HTTPAPI/2.0"
        ],
        "x-ms-ratelimit-remaining-subscription-writes": [
          "1194"
        ],
        "x-ms-correlation-request-id": [
          "ff3ae7ed-41f8-47ab-a036-92c45f1e208f"
        ],
        "x-ms-routing-request-id": [
          "WESTUS:20151124T211952Z:ff3ae7ed-41f8-47ab-a036-92c45f1e208f"
        ],
        "Date": [
          "Tue, 24 Nov 2015 21:19:52 GMT"
        ]
      },
      "StatusCode": 200
    },
    {
      "RequestUri": "/subscriptions/9532a63e-f2eb-4649-bb23-5ed01077ce80/resourceGroups/onesdk6057/providers/Microsoft.Network/routeTables/onesdk8661?api-version=2017-03-01",
      "EncodedRequestUri": "L3N1YnNjcmlwdGlvbnMvOTUzMmE2M2UtZjJlYi00NjQ5LWJiMjMtNWVkMDEwNzdjZTgwL3Jlc291cmNlR3JvdXBzL29uZXNkazYwNTcvcHJvdmlkZXJzL01pY3Jvc29mdC5OZXR3b3JrL3JvdXRlVGFibGVzL29uZXNkazg2NjE/YXBpLXZlcnNpb249MjAxNy0wMy0wMQ==",
      "RequestMethod": "PUT",
      "RequestBody": "{\r\n  \"etag\": \"W/\\\"cbcad9b7-8bc6-46c9-9f19-63d6e688ff6d\\\"\",\r\n  \"id\": \"/subscriptions/9532a63e-f2eb-4649-bb23-5ed01077ce80/resourceGroups/onesdk6057/providers/Microsoft.Network/routeTables/onesdk8661\",\r\n  \"location\": \"westus\",\r\n  \"properties\": {\r\n    \"routes\": [\r\n      {\r\n        \"name\": \"route1\",\r\n        \"etag\": \"W/\\\"cbcad9b7-8bc6-46c9-9f19-63d6e688ff6d\\\"\",\r\n        \"id\": \"/subscriptions/9532a63e-f2eb-4649-bb23-5ed01077ce80/resourceGroups/onesdk6057/providers/Microsoft.Network/routeTables/onesdk8661/routes/route1\",\r\n        \"properties\": {\r\n          \"addressPrefix\": \"192.168.1.0/24\",\r\n          \"nextHopType\": \"VirtualAppliance\",\r\n          \"nextHopIpAddress\": \"23.108.1.1\",\r\n          \"provisioningState\": \"Succeeded\"\r\n        }\r\n      },\r\n      {\r\n        \"name\": \"route2\",\r\n        \"etag\": \"W/\\\"cbcad9b7-8bc6-46c9-9f19-63d6e688ff6d\\\"\",\r\n        \"id\": \"/subscriptions/9532a63e-f2eb-4649-bb23-5ed01077ce80/resourceGroups/onesdk6057/providers/Microsoft.Network/routeTables/onesdk8661/routes/route2\",\r\n        \"properties\": {\r\n          \"addressPrefix\": \"192.168.3.0/24\",\r\n          \"nextHopType\": \"VnetLocal\",\r\n          \"provisioningState\": \"Succeeded\"\r\n        }\r\n      }\r\n    ],\r\n    \"subnets\": [],\r\n    \"provisioningState\": \"Succeeded\"\r\n  }\r\n}",
      "RequestHeaders": {
        "Content-Type": [
          "application/json; charset=utf-8"
        ],
        "Content-Length": [
          "1255"
        ],
        "x-ms-client-request-id": [
          "ec0390cc-1f5f-4fd0-8081-490229d09691"
        ],
        "accept-language": [
          "en-US"
        ],
        "User-Agent": [
          "Microsoft.Azure.Management.Network.NetworkManagementClient/3.0.0.0"
        ]
      },
      "ResponseBody": "{\r\n  \"name\": \"onesdk8661\",\r\n  \"id\": \"/subscriptions/9532a63e-f2eb-4649-bb23-5ed01077ce80/resourceGroups/onesdk6057/providers/Microsoft.Network/routeTables/onesdk8661\",\r\n  \"etag\": \"W/\\\"c771755a-8b8d-4854-bb43-605e82a34af1\\\"\",\r\n  \"type\": \"Microsoft.Network/routeTables\",\r\n  \"location\": \"westus\",\r\n  \"properties\": {\r\n    \"provisioningState\": \"Updating\",\r\n    \"resourceGuid\": \"4d2ce7bf-ab1b-42b8-a0eb-0938d44c396a\",\r\n    \"routes\": [\r\n      {\r\n        \"name\": \"route1\",\r\n        \"id\": \"/subscriptions/9532a63e-f2eb-4649-bb23-5ed01077ce80/resourceGroups/onesdk6057/providers/Microsoft.Network/routeTables/onesdk8661/routes/route1\",\r\n        \"etag\": \"W/\\\"c771755a-8b8d-4854-bb43-605e82a34af1\\\"\",\r\n        \"properties\": {\r\n          \"provisioningState\": \"Updating\",\r\n          \"addressPrefix\": \"192.168.1.0/24\",\r\n          \"nextHopType\": \"VirtualAppliance\",\r\n          \"nextHopIpAddress\": \"23.108.1.1\"\r\n        }\r\n      },\r\n      {\r\n        \"name\": \"route2\",\r\n        \"id\": \"/subscriptions/9532a63e-f2eb-4649-bb23-5ed01077ce80/resourceGroups/onesdk6057/providers/Microsoft.Network/routeTables/onesdk8661/routes/route2\",\r\n        \"etag\": \"W/\\\"c771755a-8b8d-4854-bb43-605e82a34af1\\\"\",\r\n        \"properties\": {\r\n          \"provisioningState\": \"Updating\",\r\n          \"addressPrefix\": \"192.168.3.0/24\",\r\n          \"nextHopType\": \"VnetLocal\"\r\n        }\r\n      }\r\n    ]\r\n  }\r\n}",
      "ResponseHeaders": {
        "Content-Length": [
          "1362"
        ],
        "Content-Type": [
          "application/json; charset=utf-8"
        ],
        "Expires": [
          "-1"
        ],
        "Pragma": [
          "no-cache"
        ],
        "Retry-After": [
          "10"
        ],
        "x-ms-request-id": [
          "946e3a02-a67f-4276-9436-4448cb96464d"
        ],
        "Azure-AsyncOperation": [
          "https://management.azure.com/subscriptions/9532a63e-f2eb-4649-bb23-5ed01077ce80/providers/Microsoft.Network/locations/westus/operations/946e3a02-a67f-4276-9436-4448cb96464d?api-version=2017-03-01"
        ],
        "Strict-Transport-Security": [
          "max-age=31536000; includeSubDomains"
        ],
        "Cache-Control": [
          "no-cache"
        ],
        "Server": [
          "Microsoft-HTTPAPI/2.0",
          "Microsoft-HTTPAPI/2.0"
        ],
        "x-ms-ratelimit-remaining-subscription-writes": [
          "1193"
        ],
        "x-ms-correlation-request-id": [
          "84355e0b-89b5-4dec-bc79-dd258a0209bf"
        ],
        "x-ms-routing-request-id": [
          "WESTUS:20151124T212003Z:84355e0b-89b5-4dec-bc79-dd258a0209bf"
        ],
        "Date": [
          "Tue, 24 Nov 2015 21:20:03 GMT"
        ]
      },
      "StatusCode": 200
    },
    {
      "RequestUri": "/subscriptions/9532a63e-f2eb-4649-bb23-5ed01077ce80/resourceGroups/onesdk6057/providers/Microsoft.Network/routeTables/onesdk8661?api-version=2017-03-01",
      "EncodedRequestUri": "L3N1YnNjcmlwdGlvbnMvOTUzMmE2M2UtZjJlYi00NjQ5LWJiMjMtNWVkMDEwNzdjZTgwL3Jlc291cmNlR3JvdXBzL29uZXNkazYwNTcvcHJvdmlkZXJzL01pY3Jvc29mdC5OZXR3b3JrL3JvdXRlVGFibGVzL29uZXNkazg2NjE/YXBpLXZlcnNpb249MjAxNy0wMy0wMQ==",
      "RequestMethod": "PUT",
      "RequestBody": "{\r\n  \"etag\": \"W/\\\"ffefb2cd-635b-4034-affa-eed0c3966577\\\"\",\r\n  \"id\": \"/subscriptions/9532a63e-f2eb-4649-bb23-5ed01077ce80/resourceGroups/onesdk6057/providers/Microsoft.Network/routeTables/onesdk8661\",\r\n  \"location\": \"westus\",\r\n  \"properties\": {\r\n    \"routes\": [\r\n      {\r\n        \"name\": \"route2\",\r\n        \"etag\": \"W/\\\"ffefb2cd-635b-4034-affa-eed0c3966577\\\"\",\r\n        \"id\": \"/subscriptions/9532a63e-f2eb-4649-bb23-5ed01077ce80/resourceGroups/onesdk6057/providers/Microsoft.Network/routeTables/onesdk8661/routes/route2\",\r\n        \"properties\": {\r\n          \"addressPrefix\": \"192.168.3.0/24\",\r\n          \"nextHopType\": \"VnetLocal\",\r\n          \"provisioningState\": \"Succeeded\"\r\n        }\r\n      }\r\n    ],\r\n    \"subnets\": [],\r\n    \"provisioningState\": \"Succeeded\"\r\n  }\r\n}",
      "RequestHeaders": {
        "Content-Type": [
          "application/json; charset=utf-8"
        ],
        "Content-Length": [
          "768"
        ],
        "x-ms-client-request-id": [
          "f1fb6372-60e9-4044-a54a-d7e427cec1cf"
        ],
        "accept-language": [
          "en-US"
        ],
        "User-Agent": [
          "Microsoft.Azure.Management.Network.NetworkManagementClient/3.0.0.0"
        ]
      },
      "ResponseBody": "{\r\n  \"name\": \"onesdk8661\",\r\n  \"id\": \"/subscriptions/9532a63e-f2eb-4649-bb23-5ed01077ce80/resourceGroups/onesdk6057/providers/Microsoft.Network/routeTables/onesdk8661\",\r\n  \"etag\": \"W/\\\"ede6f4d7-e331-4fb9-9984-a8728e3b61e2\\\"\",\r\n  \"type\": \"Microsoft.Network/routeTables\",\r\n  \"location\": \"westus\",\r\n  \"properties\": {\r\n    \"provisioningState\": \"Updating\",\r\n    \"resourceGuid\": \"4d2ce7bf-ab1b-42b8-a0eb-0938d44c396a\",\r\n    \"routes\": [\r\n      {\r\n        \"name\": \"route2\",\r\n        \"id\": \"/subscriptions/9532a63e-f2eb-4649-bb23-5ed01077ce80/resourceGroups/onesdk6057/providers/Microsoft.Network/routeTables/onesdk8661/routes/route2\",\r\n        \"etag\": \"W/\\\"ede6f4d7-e331-4fb9-9984-a8728e3b61e2\\\"\",\r\n        \"properties\": {\r\n          \"provisioningState\": \"Updating\",\r\n          \"addressPrefix\": \"192.168.3.0/24\",\r\n          \"nextHopType\": \"VnetLocal\"\r\n        }\r\n      }\r\n    ]\r\n  }\r\n}",
      "ResponseHeaders": {
        "Content-Length": [
          "876"
        ],
        "Content-Type": [
          "application/json; charset=utf-8"
        ],
        "Expires": [
          "-1"
        ],
        "Pragma": [
          "no-cache"
        ],
        "Retry-After": [
          "10"
        ],
        "x-ms-request-id": [
          "d6819178-6e68-4107-a627-da8c8c6ebbe7"
        ],
        "Azure-AsyncOperation": [
          "https://management.azure.com/subscriptions/9532a63e-f2eb-4649-bb23-5ed01077ce80/providers/Microsoft.Network/locations/westus/operations/d6819178-6e68-4107-a627-da8c8c6ebbe7?api-version=2017-03-01"
        ],
        "Strict-Transport-Security": [
          "max-age=31536000; includeSubDomains"
        ],
        "Cache-Control": [
          "no-cache"
        ],
        "Server": [
          "Microsoft-HTTPAPI/2.0",
          "Microsoft-HTTPAPI/2.0"
        ],
        "x-ms-ratelimit-remaining-subscription-writes": [
          "1192"
        ],
        "x-ms-correlation-request-id": [
          "0d7669a1-7444-4fcd-ae5c-0899897a0b1e"
        ],
        "x-ms-routing-request-id": [
          "WESTUS:20151124T212015Z:0d7669a1-7444-4fcd-ae5c-0899897a0b1e"
        ],
        "Date": [
          "Tue, 24 Nov 2015 21:20:14 GMT"
        ]
      },
      "StatusCode": 200
    },
    {
      "RequestUri": "/subscriptions/9532a63e-f2eb-4649-bb23-5ed01077ce80/providers/Microsoft.Network/locations/westus/operations/98484e5c-2f78-44b1-b137-a494f4b9db39?api-version=2017-03-01",
      "EncodedRequestUri": "L3N1YnNjcmlwdGlvbnMvOTUzMmE2M2UtZjJlYi00NjQ5LWJiMjMtNWVkMDEwNzdjZTgwL3Byb3ZpZGVycy9NaWNyb3NvZnQuTmV0d29yay9sb2NhdGlvbnMvd2VzdHVzL29wZXJhdGlvbnMvOTg0ODRlNWMtMmY3OC00NGIxLWIxMzctYTQ5NGY0YjlkYjM5P2FwaS12ZXJzaW9uPTIwMTctMDMtMDE=",
      "RequestMethod": "GET",
      "RequestBody": "",
      "RequestHeaders": {
        "User-Agent": [
          "Microsoft.Azure.Management.Network.NetworkManagementClient/3.0.0.0"
        ]
      },
      "ResponseBody": "{\r\n  \"status\": \"Succeeded\"\r\n}",
      "ResponseHeaders": {
        "Content-Length": [
          "29"
        ],
        "Content-Type": [
          "application/json; charset=utf-8"
        ],
        "Expires": [
          "-1"
        ],
        "Pragma": [
          "no-cache"
        ],
        "x-ms-request-id": [
          "8a82f088-8758-408a-a203-8963eef5ab39"
        ],
        "Strict-Transport-Security": [
          "max-age=31536000; includeSubDomains"
        ],
        "Cache-Control": [
          "no-cache"
        ],
        "Server": [
          "Microsoft-HTTPAPI/2.0",
          "Microsoft-HTTPAPI/2.0"
        ],
        "x-ms-ratelimit-remaining-subscription-reads": [
          "14978"
        ],
        "x-ms-correlation-request-id": [
          "262b4df2-3a60-41ce-8928-05548bc6a843"
        ],
        "x-ms-routing-request-id": [
          "WESTUS:20151124T211950Z:262b4df2-3a60-41ce-8928-05548bc6a843"
        ],
        "Date": [
          "Tue, 24 Nov 2015 21:19:50 GMT"
        ]
      },
      "StatusCode": 200
    },
    {
      "RequestUri": "/subscriptions/9532a63e-f2eb-4649-bb23-5ed01077ce80/providers/Microsoft.Network/locations/westus/operations/ff55b461-ba5d-4ce7-a337-2816af947fa5?api-version=2017-03-01",
      "EncodedRequestUri": "L3N1YnNjcmlwdGlvbnMvOTUzMmE2M2UtZjJlYi00NjQ5LWJiMjMtNWVkMDEwNzdjZTgwL3Byb3ZpZGVycy9NaWNyb3NvZnQuTmV0d29yay9sb2NhdGlvbnMvd2VzdHVzL29wZXJhdGlvbnMvZmY1NWI0NjEtYmE1ZC00Y2U3LWEzMzctMjgxNmFmOTQ3ZmE1P2FwaS12ZXJzaW9uPTIwMTctMDMtMDE=",
      "RequestMethod": "GET",
      "RequestBody": "",
      "RequestHeaders": {
        "User-Agent": [
          "Microsoft.Azure.Management.Network.NetworkManagementClient/3.0.0.0"
        ]
      },
      "ResponseBody": "{\r\n  \"status\": \"Succeeded\"\r\n}",
      "ResponseHeaders": {
        "Content-Length": [
          "29"
        ],
        "Content-Type": [
          "application/json; charset=utf-8"
        ],
        "Expires": [
          "-1"
        ],
        "Pragma": [
          "no-cache"
        ],
        "x-ms-request-id": [
          "c65b949b-845e-48f1-bfd5-96704fcb9c4b"
        ],
        "Strict-Transport-Security": [
          "max-age=31536000; includeSubDomains"
        ],
        "Cache-Control": [
          "no-cache"
        ],
        "Server": [
          "Microsoft-HTTPAPI/2.0",
          "Microsoft-HTTPAPI/2.0"
        ],
        "x-ms-ratelimit-remaining-subscription-reads": [
          "14973"
        ],
        "x-ms-correlation-request-id": [
          "5e5a9e70-b9ee-499b-ba92-0967629e5f42"
        ],
        "x-ms-routing-request-id": [
          "WESTUS:20151124T212002Z:5e5a9e70-b9ee-499b-ba92-0967629e5f42"
        ],
        "Date": [
          "Tue, 24 Nov 2015 21:20:02 GMT"
        ]
      },
      "StatusCode": 200
    },
    {
      "RequestUri": "/subscriptions/9532a63e-f2eb-4649-bb23-5ed01077ce80/providers/Microsoft.Network/locations/westus/operations/946e3a02-a67f-4276-9436-4448cb96464d?api-version=2017-03-01",
      "EncodedRequestUri": "L3N1YnNjcmlwdGlvbnMvOTUzMmE2M2UtZjJlYi00NjQ5LWJiMjMtNWVkMDEwNzdjZTgwL3Byb3ZpZGVycy9NaWNyb3NvZnQuTmV0d29yay9sb2NhdGlvbnMvd2VzdHVzL29wZXJhdGlvbnMvOTQ2ZTNhMDItYTY3Zi00Mjc2LTk0MzYtNDQ0OGNiOTY0NjRkP2FwaS12ZXJzaW9uPTIwMTctMDMtMDE=",
      "RequestMethod": "GET",
      "RequestBody": "",
      "RequestHeaders": {
        "User-Agent": [
          "Microsoft.Azure.Management.Network.NetworkManagementClient/3.0.0.0"
        ]
      },
      "ResponseBody": "{\r\n  \"status\": \"Succeeded\"\r\n}",
      "ResponseHeaders": {
        "Content-Length": [
          "29"
        ],
        "Content-Type": [
          "application/json; charset=utf-8"
        ],
        "Expires": [
          "-1"
        ],
        "Pragma": [
          "no-cache"
        ],
        "x-ms-request-id": [
          "c78f0688-b6c6-40b7-a41d-bd481121fe23"
        ],
        "Strict-Transport-Security": [
          "max-age=31536000; includeSubDomains"
        ],
        "Cache-Control": [
          "no-cache"
        ],
        "Server": [
          "Microsoft-HTTPAPI/2.0",
          "Microsoft-HTTPAPI/2.0"
        ],
        "x-ms-ratelimit-remaining-subscription-reads": [
          "14968"
        ],
        "x-ms-correlation-request-id": [
          "9ebcba21-a619-4c39-8f2d-88d686027b99"
        ],
        "x-ms-routing-request-id": [
          "WESTUS:20151124T212014Z:9ebcba21-a619-4c39-8f2d-88d686027b99"
        ],
        "Date": [
          "Tue, 24 Nov 2015 21:20:13 GMT"
        ]
      },
      "StatusCode": 200
    },
    {
      "RequestUri": "/subscriptions/9532a63e-f2eb-4649-bb23-5ed01077ce80/providers/Microsoft.Network/locations/westus/operations/d6819178-6e68-4107-a627-da8c8c6ebbe7?api-version=2017-03-01",
      "EncodedRequestUri": "L3N1YnNjcmlwdGlvbnMvOTUzMmE2M2UtZjJlYi00NjQ5LWJiMjMtNWVkMDEwNzdjZTgwL3Byb3ZpZGVycy9NaWNyb3NvZnQuTmV0d29yay9sb2NhdGlvbnMvd2VzdHVzL29wZXJhdGlvbnMvZDY4MTkxNzgtNmU2OC00MTA3LWE2MjctZGE4YzhjNmViYmU3P2FwaS12ZXJzaW9uPTIwMTctMDMtMDE=",
      "RequestMethod": "GET",
      "RequestBody": "",
      "RequestHeaders": {
        "User-Agent": [
          "Microsoft.Azure.Management.Network.NetworkManagementClient/3.0.0.0"
        ]
      },
      "ResponseBody": "{\r\n  \"status\": \"Succeeded\"\r\n}",
      "ResponseHeaders": {
        "Content-Length": [
          "29"
        ],
        "Content-Type": [
          "application/json; charset=utf-8"
        ],
        "Expires": [
          "-1"
        ],
        "Pragma": [
          "no-cache"
        ],
        "x-ms-request-id": [
          "f1c2acfe-ba67-47d7-b8a3-42908c0060f3"
        ],
        "Strict-Transport-Security": [
          "max-age=31536000; includeSubDomains"
        ],
        "Cache-Control": [
          "no-cache"
        ],
        "Server": [
          "Microsoft-HTTPAPI/2.0",
          "Microsoft-HTTPAPI/2.0"
        ],
        "x-ms-ratelimit-remaining-subscription-reads": [
          "14963"
        ],
        "x-ms-correlation-request-id": [
          "d2c2d9a8-eb5e-4ad2-8b30-2a62235c36b2"
        ],
        "x-ms-routing-request-id": [
          "WESTUS:20151124T212025Z:d2c2d9a8-eb5e-4ad2-8b30-2a62235c36b2"
        ],
        "Date": [
          "Tue, 24 Nov 2015 21:20:24 GMT"
        ]
      },
      "StatusCode": 200
    },
    {
      "RequestUri": "/subscriptions/9532a63e-f2eb-4649-bb23-5ed01077ce80/resourceGroups/onesdk6057/providers/Microsoft.Network/routeTables/onesdk8661?api-version=2017-03-01",
      "EncodedRequestUri": "L3N1YnNjcmlwdGlvbnMvOTUzMmE2M2UtZjJlYi00NjQ5LWJiMjMtNWVkMDEwNzdjZTgwL3Jlc291cmNlR3JvdXBzL29uZXNkazYwNTcvcHJvdmlkZXJzL01pY3Jvc29mdC5OZXR3b3JrL3JvdXRlVGFibGVzL29uZXNkazg2NjE/YXBpLXZlcnNpb249MjAxNy0wMy0wMQ==",
      "RequestMethod": "DELETE",
      "RequestBody": "",
      "RequestHeaders": {
        "x-ms-client-request-id": [
          "3786e0e6-8b15-4fca-9670-4569aea7696f"
        ],
        "accept-language": [
          "en-US"
        ],
        "User-Agent": [
          "Microsoft.Azure.Management.Network.NetworkManagementClient/3.0.0.0"
        ]
      },
      "ResponseBody": "",
      "ResponseHeaders": {
        "Content-Length": [
          "0"
        ],
        "Expires": [
          "-1"
        ],
        "Pragma": [
          "no-cache"
        ],
        "Retry-After": [
          "10"
        ],
        "x-ms-request-id": [
          "8079421c-6c6b-4031-96bc-a61e69f9252f"
        ],
        "Azure-AsyncOperation": [
          "https://management.azure.com/subscriptions/9532a63e-f2eb-4649-bb23-5ed01077ce80/providers/Microsoft.Network/locations/westus/operations/8079421c-6c6b-4031-96bc-a61e69f9252f?api-version=2017-03-01"
        ],
        "Strict-Transport-Security": [
          "max-age=31536000; includeSubDomains"
        ],
        "Cache-Control": [
          "no-cache"
        ],
        "Location": [
          "https://management.azure.com/subscriptions/9532a63e-f2eb-4649-bb23-5ed01077ce80/providers/Microsoft.Network/locations/westus/operationResults/8079421c-6c6b-4031-96bc-a61e69f9252f?api-version=2017-03-01"
        ],
        "Server": [
          "Microsoft-HTTPAPI/2.0",
          "Microsoft-HTTPAPI/2.0"
        ],
        "x-ms-ratelimit-remaining-subscription-writes": [
          "1191"
        ],
        "x-ms-correlation-request-id": [
          "c85a3d6c-593a-4c0e-9db8-d772f6e77248"
        ],
        "x-ms-routing-request-id": [
          "WESTUS:20151124T212025Z:c85a3d6c-593a-4c0e-9db8-d772f6e77248"
        ],
        "Date": [
          "Tue, 24 Nov 2015 21:20:25 GMT"
        ]
      },
      "StatusCode": 202
    },
    {
      "RequestUri": "/subscriptions/9532a63e-f2eb-4649-bb23-5ed01077ce80/providers/Microsoft.Network/locations/westus/operations/8079421c-6c6b-4031-96bc-a61e69f9252f?api-version=2017-03-01",
      "EncodedRequestUri": "L3N1YnNjcmlwdGlvbnMvOTUzMmE2M2UtZjJlYi00NjQ5LWJiMjMtNWVkMDEwNzdjZTgwL3Byb3ZpZGVycy9NaWNyb3NvZnQuTmV0d29yay9sb2NhdGlvbnMvd2VzdHVzL29wZXJhdGlvbnMvODA3OTQyMWMtNmM2Yi00MDMxLTk2YmMtYTYxZTY5ZjkyNTJmP2FwaS12ZXJzaW9uPTIwMTctMDMtMDE=",
      "RequestMethod": "GET",
      "RequestBody": "",
      "RequestHeaders": {
        "User-Agent": [
          "Microsoft.Azure.Management.Network.NetworkManagementClient/3.0.0.0"
        ]
      },
      "ResponseBody": "{\r\n  \"status\": \"Succeeded\"\r\n}",
      "ResponseHeaders": {
        "Content-Length": [
          "29"
        ],
        "Content-Type": [
          "application/json; charset=utf-8"
        ],
        "Expires": [
          "-1"
        ],
        "Pragma": [
          "no-cache"
        ],
        "x-ms-request-id": [
          "ab43d5f4-6dee-49f6-bdcd-bb2a76c59ddf"
        ],
        "Strict-Transport-Security": [
          "max-age=31536000; includeSubDomains"
        ],
        "Cache-Control": [
          "no-cache"
        ],
        "Server": [
          "Microsoft-HTTPAPI/2.0",
          "Microsoft-HTTPAPI/2.0"
        ],
        "x-ms-ratelimit-remaining-subscription-reads": [
          "14960"
        ],
        "x-ms-correlation-request-id": [
          "dbfc531e-e376-4b19-882b-fdf5083b3a29"
        ],
        "x-ms-routing-request-id": [
          "WESTUS:20151124T212035Z:dbfc531e-e376-4b19-882b-fdf5083b3a29"
        ],
        "Date": [
          "Tue, 24 Nov 2015 21:20:35 GMT"
        ]
      },
      "StatusCode": 200
    },
    {
      "RequestUri": "/subscriptions/9532a63e-f2eb-4649-bb23-5ed01077ce80/resourceGroups/onesdk6057/providers/Microsoft.Network/routeTables?api-version=2017-03-01",
      "EncodedRequestUri": "L3N1YnNjcmlwdGlvbnMvOTUzMmE2M2UtZjJlYi00NjQ5LWJiMjMtNWVkMDEwNzdjZTgwL3Jlc291cmNlR3JvdXBzL29uZXNkazYwNTcvcHJvdmlkZXJzL01pY3Jvc29mdC5OZXR3b3JrL3JvdXRlVGFibGVzP2FwaS12ZXJzaW9uPTIwMTctMDMtMDE=",
      "RequestMethod": "GET",
      "RequestBody": "",
      "RequestHeaders": {
        "x-ms-client-request-id": [
          "43b307c8-54d3-4368-be30-0fff5b96b5e8"
        ],
        "accept-language": [
          "en-US"
        ],
        "User-Agent": [
          "Microsoft.Azure.Management.Network.NetworkManagementClient/3.0.0.0"
        ]
      },
      "ResponseBody": "{\r\n  \"value\": []\r\n}",
      "ResponseHeaders": {
        "Content-Length": [
          "19"
        ],
        "Content-Type": [
          "application/json; charset=utf-8"
        ],
        "Expires": [
          "-1"
        ],
        "Pragma": [
          "no-cache"
        ],
        "x-ms-request-id": [
          "f2a58550-e441-4fde-be3a-150b8e47d7ff"
        ],
        "Strict-Transport-Security": [
          "max-age=31536000; includeSubDomains"
        ],
        "Cache-Control": [
          "no-cache"
        ],
        "Server": [
          "Microsoft-HTTPAPI/2.0",
          "Microsoft-HTTPAPI/2.0"
        ],
        "x-ms-ratelimit-remaining-subscription-reads": [
          "14959"
        ],
        "x-ms-correlation-request-id": [
          "1876b67a-52d9-43c3-89f6-4e8e0cbfaabc"
        ],
        "x-ms-routing-request-id": [
          "WESTUS:20151124T212036Z:1876b67a-52d9-43c3-89f6-4e8e0cbfaabc"
        ],
        "Date": [
          "Tue, 24 Nov 2015 21:20:35 GMT"
        ]
      },
      "StatusCode": 200
    },
    {
      "RequestUri": "/subscriptions/9532a63e-f2eb-4649-bb23-5ed01077ce80/resourcegroups/onesdk6057?api-version=2014-04-01-preview",
      "EncodedRequestUri": "L3N1YnNjcmlwdGlvbnMvOTUzMmE2M2UtZjJlYi00NjQ5LWJiMjMtNWVkMDEwNzdjZTgwL3Jlc291cmNlZ3JvdXBzL29uZXNkazYwNTc/YXBpLXZlcnNpb249MjAxNC0wNC0wMS1wcmV2aWV3",
      "RequestMethod": "DELETE",
      "RequestBody": "",
      "RequestHeaders": {
        "User-Agent": [
          "Microsoft.Azure.Management.Resources.ResourceManagementClient/2.0.0.0"
        ]
      },
      "ResponseBody": "",
      "ResponseHeaders": {
        "Content-Length": [
          "0"
        ],
        "Expires": [
          "-1"
        ],
        "Pragma": [
          "no-cache"
        ],
        "Retry-After": [
          "15"
        ],
        "x-ms-ratelimit-remaining-subscription-writes": [
          "1196"
        ],
        "x-ms-request-id": [
          "44712fb9-bbd7-447b-bc3e-0a8b8c8cf754"
        ],
        "x-ms-correlation-request-id": [
          "44712fb9-bbd7-447b-bc3e-0a8b8c8cf754"
        ],
        "x-ms-routing-request-id": [
          "WESTUS:20151124T212036Z:44712fb9-bbd7-447b-bc3e-0a8b8c8cf754"
        ],
        "Strict-Transport-Security": [
          "max-age=31536000; includeSubDomains"
        ],
        "Cache-Control": [
          "no-cache"
        ],
        "Date": [
          "Tue, 24 Nov 2015 21:20:36 GMT"
        ],
        "Location": [
          "https://management.azure.com/subscriptions/9532a63e-f2eb-4649-bb23-5ed01077ce80/operationresults/eyJqb2JJZCI6IlJFU09VUkNFR1JPVVBERUxFVElPTkpPQi1PTkVTREs2MDU3LVdFU1RVUyIsImpvYkxvY2F0aW9uIjoid2VzdHVzIn0?api-version=2014-04-01-preview"
        ]
      },
      "StatusCode": 202
    },
    {
      "RequestUri": "/subscriptions/9532a63e-f2eb-4649-bb23-5ed01077ce80/operationresults/eyJqb2JJZCI6IlJFU09VUkNFR1JPVVBERUxFVElPTkpPQi1PTkVTREs2MDU3LVdFU1RVUyIsImpvYkxvY2F0aW9uIjoid2VzdHVzIn0?api-version=2014-04-01-preview",
      "EncodedRequestUri": "L3N1YnNjcmlwdGlvbnMvOTUzMmE2M2UtZjJlYi00NjQ5LWJiMjMtNWVkMDEwNzdjZTgwL29wZXJhdGlvbnJlc3VsdHMvZXlKcWIySkpaQ0k2SWxKRlUwOVZVa05GUjFKUFZWQkVSVXhGVkVsUFRrcFBRaTFQVGtWVFJFczJNRFUzTFZkRlUxUlZVeUlzSW1wdllreHZZMkYwYVc5dUlqb2lkMlZ6ZEhWekluMD9hcGktdmVyc2lvbj0yMDE0LTA0LTAxLXByZXZpZXc=",
      "RequestMethod": "GET",
      "RequestBody": "",
      "RequestHeaders": {
        "x-ms-version": [
          "2014-04-01-preview"
        ],
        "User-Agent": [
          "Microsoft.Azure.Management.Resources.ResourceManagementClient/2.0.0.0"
        ]
      },
      "ResponseBody": "",
      "ResponseHeaders": {
        "Content-Length": [
          "0"
        ],
        "Expires": [
          "-1"
        ],
        "Pragma": [
          "no-cache"
        ],
        "Retry-After": [
          "15"
        ],
        "x-ms-ratelimit-remaining-subscription-reads": [
          "14987"
        ],
        "x-ms-request-id": [
          "c99b6ef3-8ff9-4ea2-97b2-f9a30ea218ea"
        ],
        "x-ms-correlation-request-id": [
          "c99b6ef3-8ff9-4ea2-97b2-f9a30ea218ea"
        ],
        "x-ms-routing-request-id": [
          "WESTUS:20151124T212036Z:c99b6ef3-8ff9-4ea2-97b2-f9a30ea218ea"
        ],
        "Strict-Transport-Security": [
          "max-age=31536000; includeSubDomains"
        ],
        "Cache-Control": [
          "no-cache"
        ],
        "Date": [
          "Tue, 24 Nov 2015 21:20:36 GMT"
        ],
        "Location": [
          "https://management.azure.com/subscriptions/9532a63e-f2eb-4649-bb23-5ed01077ce80/operationresults/eyJqb2JJZCI6IlJFU09VUkNFR1JPVVBERUxFVElPTkpPQi1PTkVTREs2MDU3LVdFU1RVUyIsImpvYkxvY2F0aW9uIjoid2VzdHVzIn0?api-version=2014-04-01-preview"
        ]
      },
      "StatusCode": 202
    },
    {
      "RequestUri": "/subscriptions/9532a63e-f2eb-4649-bb23-5ed01077ce80/operationresults/eyJqb2JJZCI6IlJFU09VUkNFR1JPVVBERUxFVElPTkpPQi1PTkVTREs2MDU3LVdFU1RVUyIsImpvYkxvY2F0aW9uIjoid2VzdHVzIn0?api-version=2014-04-01-preview",
      "EncodedRequestUri": "L3N1YnNjcmlwdGlvbnMvOTUzMmE2M2UtZjJlYi00NjQ5LWJiMjMtNWVkMDEwNzdjZTgwL29wZXJhdGlvbnJlc3VsdHMvZXlKcWIySkpaQ0k2SWxKRlUwOVZVa05GUjFKUFZWQkVSVXhGVkVsUFRrcFBRaTFQVGtWVFJFczJNRFUzTFZkRlUxUlZVeUlzSW1wdllreHZZMkYwYVc5dUlqb2lkMlZ6ZEhWekluMD9hcGktdmVyc2lvbj0yMDE0LTA0LTAxLXByZXZpZXc=",
      "RequestMethod": "GET",
      "RequestBody": "",
      "RequestHeaders": {
        "x-ms-version": [
          "2014-04-01-preview"
        ],
        "User-Agent": [
          "Microsoft.Azure.Management.Resources.ResourceManagementClient/2.0.0.0"
        ]
      },
      "ResponseBody": "",
      "ResponseHeaders": {
        "Content-Length": [
          "0"
        ],
        "Expires": [
          "-1"
        ],
        "Pragma": [
          "no-cache"
        ],
        "Retry-After": [
          "15"
        ],
        "x-ms-ratelimit-remaining-subscription-reads": [
          "14986"
        ],
        "x-ms-request-id": [
          "e3611e50-fbc5-44e8-a971-d9d13713d170"
        ],
        "x-ms-correlation-request-id": [
          "e3611e50-fbc5-44e8-a971-d9d13713d170"
        ],
        "x-ms-routing-request-id": [
          "WESTUS:20151124T212051Z:e3611e50-fbc5-44e8-a971-d9d13713d170"
        ],
        "Strict-Transport-Security": [
          "max-age=31536000; includeSubDomains"
        ],
        "Cache-Control": [
          "no-cache"
        ],
        "Date": [
          "Tue, 24 Nov 2015 21:20:50 GMT"
        ],
        "Location": [
          "https://management.azure.com/subscriptions/9532a63e-f2eb-4649-bb23-5ed01077ce80/operationresults/eyJqb2JJZCI6IlJFU09VUkNFR1JPVVBERUxFVElPTkpPQi1PTkVTREs2MDU3LVdFU1RVUyIsImpvYkxvY2F0aW9uIjoid2VzdHVzIn0?api-version=2014-04-01-preview"
        ]
      },
      "StatusCode": 202
    },
    {
      "RequestUri": "/subscriptions/9532a63e-f2eb-4649-bb23-5ed01077ce80/operationresults/eyJqb2JJZCI6IlJFU09VUkNFR1JPVVBERUxFVElPTkpPQi1PTkVTREs2MDU3LVdFU1RVUyIsImpvYkxvY2F0aW9uIjoid2VzdHVzIn0?api-version=2014-04-01-preview",
      "EncodedRequestUri": "L3N1YnNjcmlwdGlvbnMvOTUzMmE2M2UtZjJlYi00NjQ5LWJiMjMtNWVkMDEwNzdjZTgwL29wZXJhdGlvbnJlc3VsdHMvZXlKcWIySkpaQ0k2SWxKRlUwOVZVa05GUjFKUFZWQkVSVXhGVkVsUFRrcFBRaTFQVGtWVFJFczJNRFUzTFZkRlUxUlZVeUlzSW1wdllreHZZMkYwYVc5dUlqb2lkMlZ6ZEhWekluMD9hcGktdmVyc2lvbj0yMDE0LTA0LTAxLXByZXZpZXc=",
      "RequestMethod": "GET",
      "RequestBody": "",
      "RequestHeaders": {
        "x-ms-version": [
          "2014-04-01-preview"
        ],
        "User-Agent": [
          "Microsoft.Azure.Management.Resources.ResourceManagementClient/2.0.0.0"
        ]
      },
      "ResponseBody": "",
      "ResponseHeaders": {
        "Content-Length": [
          "0"
        ],
        "Expires": [
          "-1"
        ],
        "Pragma": [
          "no-cache"
        ],
        "Retry-After": [
          "15"
        ],
        "x-ms-ratelimit-remaining-subscription-reads": [
          "14985"
        ],
        "x-ms-request-id": [
          "73b07388-a868-449d-b45f-c2ff74c5398b"
        ],
        "x-ms-correlation-request-id": [
          "73b07388-a868-449d-b45f-c2ff74c5398b"
        ],
        "x-ms-routing-request-id": [
          "WESTUS:20151124T212106Z:73b07388-a868-449d-b45f-c2ff74c5398b"
        ],
        "Strict-Transport-Security": [
          "max-age=31536000; includeSubDomains"
        ],
        "Cache-Control": [
          "no-cache"
        ],
        "Date": [
          "Tue, 24 Nov 2015 21:21:06 GMT"
        ],
        "Location": [
          "https://management.azure.com/subscriptions/9532a63e-f2eb-4649-bb23-5ed01077ce80/operationresults/eyJqb2JJZCI6IlJFU09VUkNFR1JPVVBERUxFVElPTkpPQi1PTkVTREs2MDU3LVdFU1RVUyIsImpvYkxvY2F0aW9uIjoid2VzdHVzIn0?api-version=2014-04-01-preview"
        ]
      },
      "StatusCode": 202
    },
    {
      "RequestUri": "/subscriptions/9532a63e-f2eb-4649-bb23-5ed01077ce80/operationresults/eyJqb2JJZCI6IlJFU09VUkNFR1JPVVBERUxFVElPTkpPQi1PTkVTREs2MDU3LVdFU1RVUyIsImpvYkxvY2F0aW9uIjoid2VzdHVzIn0?api-version=2014-04-01-preview",
      "EncodedRequestUri": "L3N1YnNjcmlwdGlvbnMvOTUzMmE2M2UtZjJlYi00NjQ5LWJiMjMtNWVkMDEwNzdjZTgwL29wZXJhdGlvbnJlc3VsdHMvZXlKcWIySkpaQ0k2SWxKRlUwOVZVa05GUjFKUFZWQkVSVXhGVkVsUFRrcFBRaTFQVGtWVFJFczJNRFUzTFZkRlUxUlZVeUlzSW1wdllreHZZMkYwYVc5dUlqb2lkMlZ6ZEhWekluMD9hcGktdmVyc2lvbj0yMDE0LTA0LTAxLXByZXZpZXc=",
      "RequestMethod": "GET",
      "RequestBody": "",
      "RequestHeaders": {
        "x-ms-version": [
          "2014-04-01-preview"
        ],
        "User-Agent": [
          "Microsoft.Azure.Management.Resources.ResourceManagementClient/2.0.0.0"
        ]
      },
      "ResponseBody": "",
      "ResponseHeaders": {
        "Content-Length": [
          "0"
        ],
        "Expires": [
          "-1"
        ],
        "Pragma": [
          "no-cache"
        ],
        "x-ms-ratelimit-remaining-subscription-reads": [
          "14984"
        ],
        "x-ms-request-id": [
          "cecedf28-2f2d-4ffa-a47f-4c10cec760be"
        ],
        "x-ms-correlation-request-id": [
          "cecedf28-2f2d-4ffa-a47f-4c10cec760be"
        ],
        "x-ms-routing-request-id": [
          "WESTUS:20151124T212121Z:cecedf28-2f2d-4ffa-a47f-4c10cec760be"
        ],
        "Strict-Transport-Security": [
          "max-age=31536000; includeSubDomains"
        ],
        "Cache-Control": [
          "no-cache"
        ],
        "Date": [
          "Tue, 24 Nov 2015 21:21:20 GMT"
        ]
      },
      "StatusCode": 200
    }
  ],
  "Names": {
    "Test-RouteTableRouteCRUD": [
      "onesdk6057",
      "onesdk8661",
      "onesdk4775",
      "onesdk6650",
      "onesdk6629"
    ]
  },
  "Variables": {
    "SubscriptionId": "9532a63e-f2eb-4649-bb23-5ed01077ce80"
  }
}
