{
  "Entries": [
    {
      "RequestUri": "/subscriptions/0661b131-4a11-479b-96bf-2f95acca2f73/resourcegroups/ps7010?api-version=2016-09-01",
      "EncodedRequestUri": "L3N1YnNjcmlwdGlvbnMvMDY2MWIxMzEtNGExMS00NzliLTk2YmYtMmY5NWFjY2EyZjczL3Jlc291cmNlZ3JvdXBzL3BzNzAxMD9hcGktdmVyc2lvbj0yMDE2LTA5LTAx",
      "RequestMethod": "PUT",
      "RequestHeaders": {
        "x-ms-client-request-id": [
          "c093c256-a300-41e2-b64d-ea6a38bcd76f"
        ],
        "Accept-Language": [
          "en-US"
        ],
        "User-Agent": [
          "FxVersion/4.700.22.55902",
          "OSName/Windows",
          "OSVersion/Microsoft.Windows.10.0.22621",
          "Microsoft.Azure.Management.Internal.Resources.ResourceManagementClient/1.3.78"
        ],
        "Content-Type": [
          "application/json; charset=utf-8"
        ],
        "Content-Length": [
          "72"
        ]
      },
      "RequestBody": "{\r\n  \"location\": \"eastus\",\r\n  \"tags\": {\r\n    \"Owner\": \"b-aubald\"\r\n  }\r\n}",
      "ResponseHeaders": {
        "Cache-Control": [
          "no-cache"
        ],
        "Pragma": [
          "no-cache"
        ],
        "x-ms-ratelimit-remaining-subscription-writes": [
          "1192"
        ],
        "x-ms-request-id": [
          "6f7b058b-4b59-48e4-8eb5-0273806f6791"
        ],
        "x-ms-correlation-request-id": [
          "6f7b058b-4b59-48e4-8eb5-0273806f6791"
        ],
        "x-ms-routing-request-id": [
          "SWEDENSOUTH:20230712T214502Z:6f7b058b-4b59-48e4-8eb5-0273806f6791"
        ],
        "Strict-Transport-Security": [
          "max-age=31536000; includeSubDomains"
        ],
        "X-Content-Type-Options": [
          "nosniff"
        ],
        "Date": [
          "Wed, 12 Jul 2023 21:45:02 GMT"
        ],
        "Content-Length": [
          "261"
        ],
        "Content-Type": [
          "application/json; charset=utf-8"
        ],
        "Expires": [
          "-1"
        ]
      },
      "ResponseBody": "{\r\n  \"id\": \"/subscriptions/0661b131-4a11-479b-96bf-2f95acca2f73/resourceGroups/ps7010\",\r\n  \"name\": \"ps7010\",\r\n  \"location\": \"eastus\",\r\n  \"tags\": {\r\n    \"Owner\": \"b-aubald\",\r\n    \"CreatedOnDate\": \"2023-07-12T21:45:01.160758Z\",\r\n    \"SkipNRMSNSG\": \"true\"\r\n  },\r\n  \"properties\": {\r\n    \"provisioningState\": \"Succeeded\"\r\n  }\r\n}",
      "StatusCode": 201
    },
    {
      "RequestUri": "/subscriptions/0661b131-4a11-479b-96bf-2f95acca2f73/resourceGroups/ps7010/providers/Microsoft.Network/virtualNetworks/ps7010-vnet?api-version=2023-02-01",
      "EncodedRequestUri": "L3N1YnNjcmlwdGlvbnMvMDY2MWIxMzEtNGExMS00NzliLTk2YmYtMmY5NWFjY2EyZjczL3Jlc291cmNlR3JvdXBzL3BzNzAxMC9wcm92aWRlcnMvTWljcm9zb2Z0Lk5ldHdvcmsvdmlydHVhbE5ldHdvcmtzL3BzNzAxMC12bmV0P2FwaS12ZXJzaW9uPTIwMjMtMDItMDE=",
      "RequestMethod": "GET",
      "RequestHeaders": {
        "x-ms-client-request-id": [
          "2cd9a8d5-813e-409d-9f44-4a6c8bd16f1d"
        ],
        "Accept-Language": [
          "en-US"
        ],
        "User-Agent": [
          "FxVersion/4.700.22.55902",
          "OSName/Windows",
          "OSVersion/Microsoft.Windows.10.0.22621",
          "Microsoft.Azure.Management.Network.NetworkManagementClient/27.0.0.0"
        ]
      },
      "RequestBody": "",
      "ResponseHeaders": {
        "Cache-Control": [
          "no-cache"
        ],
        "Pragma": [
          "no-cache"
        ],
        "x-ms-failure-cause": [
          "gateway"
        ],
        "x-ms-request-id": [
          "2bf40d82-ba27-4b8a-8a08-5a64ea459a46"
        ],
        "x-ms-correlation-request-id": [
          "2bf40d82-ba27-4b8a-8a08-5a64ea459a46"
        ],
        "x-ms-routing-request-id": [
          "SWEDENSOUTH:20230712T214502Z:2bf40d82-ba27-4b8a-8a08-5a64ea459a46"
        ],
        "Strict-Transport-Security": [
          "max-age=31536000; includeSubDomains"
        ],
        "X-Content-Type-Options": [
          "nosniff"
        ],
        "Date": [
          "Wed, 12 Jul 2023 21:45:02 GMT"
        ],
        "Content-Type": [
          "application/json; charset=utf-8"
        ],
        "Expires": [
          "-1"
        ],
        "Content-Length": [
          "223"
        ]
      },
      "ResponseBody": "{\r\n  \"error\": {\r\n    \"code\": \"ResourceNotFound\",\r\n    \"message\": \"The Resource 'Microsoft.Network/virtualNetworks/ps7010-vnet' under resource group 'ps7010' was not found. For more details please go to https://aka.ms/ARMResourceNotFoundFix\"\r\n  }\r\n}",
      "StatusCode": 404
    },
    {
      "RequestUri": "/subscriptions/0661b131-4a11-479b-96bf-2f95acca2f73/resourceGroups/ps7010/providers/Microsoft.Network/virtualNetworks/ps7010-vnet?api-version=2023-02-01",
      "EncodedRequestUri": "L3N1YnNjcmlwdGlvbnMvMDY2MWIxMzEtNGExMS00NzliLTk2YmYtMmY5NWFjY2EyZjczL3Jlc291cmNlR3JvdXBzL3BzNzAxMC9wcm92aWRlcnMvTWljcm9zb2Z0Lk5ldHdvcmsvdmlydHVhbE5ldHdvcmtzL3BzNzAxMC12bmV0P2FwaS12ZXJzaW9uPTIwMjMtMDItMDE=",
      "RequestMethod": "GET",
      "RequestHeaders": {
        "x-ms-client-request-id": [
          "2cd9a8d5-813e-409d-9f44-4a6c8bd16f1d"
        ],
        "User-Agent": [
          "FxVersion/4.700.22.55902",
          "OSName/Windows",
          "OSVersion/Microsoft.Windows.10.0.22621",
          "Microsoft.Azure.Management.Network.NetworkManagementClient/27.0.0.0"
        ]
      },
      "RequestBody": "",
      "ResponseHeaders": {
        "Cache-Control": [
          "no-cache"
        ],
        "Pragma": [
          "no-cache"
        ],
        "ETag": [
          "W/\"16c7cd87-36e1-4269-ace3-69123bd7b904\""
        ],
        "x-ms-request-id": [
          "72d28bca-17dc-409a-ae4f-6d5732c531a5"
        ],
        "x-ms-correlation-request-id": [
          "15990726-4b16-4eba-97db-0d1b9b42c5ae"
        ],
        "x-ms-arm-service-request-id": [
          "8d7d089c-e252-44c4-8d71-fa3f718e90c9"
        ],
        "Strict-Transport-Security": [
          "max-age=31536000; includeSubDomains"
        ],
        "Server": [
          "Microsoft-HTTPAPI/2.0",
          "Microsoft-HTTPAPI/2.0"
        ],
        "x-ms-ratelimit-remaining-subscription-reads": [
          "11967"
        ],
        "x-ms-routing-request-id": [
          "SWEDENSOUTH:20230712T214509Z:15990726-4b16-4eba-97db-0d1b9b42c5ae"
        ],
        "X-Content-Type-Options": [
          "nosniff"
        ],
        "Date": [
          "Wed, 12 Jul 2023 21:45:09 GMT"
        ],
        "Content-Length": [
          "552"
        ],
        "Content-Type": [
          "application/json; charset=utf-8"
        ],
        "Expires": [
          "-1"
        ]
      },
      "ResponseBody": "{\r\n  \"name\": \"ps7010-vnet\",\r\n  \"id\": \"/subscriptions/0661b131-4a11-479b-96bf-2f95acca2f73/resourceGroups/ps7010/providers/Microsoft.Network/virtualNetworks/ps7010-vnet\",\r\n  \"etag\": \"W/\\\"16c7cd87-36e1-4269-ace3-69123bd7b904\\\"\",\r\n  \"type\": \"Microsoft.Network/virtualNetworks\",\r\n  \"location\": \"eastus\",\r\n  \"tags\": {\r\n    \"CreatedOnDate\": \"2023-07-12T21:45:03.243062Z\"\r\n  },\r\n  \"properties\": {\r\n    \"provisioningState\": \"Succeeded\",\r\n    \"resourceGuid\": \"76640d8c-56ba-4a37-91b7-ab429bbb47d4\",\r\n    \"addressSpace\": {\r\n      \"addressPrefixes\": [\r\n        \"10.0.0.0/16\"\r\n      ]\r\n    },\r\n    \"subnets\": [],\r\n    \"virtualNetworkPeerings\": [],\r\n    \"enableDdosProtection\": false\r\n  }\r\n}",
      "StatusCode": 200
    },
    {
      "RequestUri": "/subscriptions/0661b131-4a11-479b-96bf-2f95acca2f73/resourceGroups/ps7010/providers/Microsoft.Network/virtualNetworks/ps7010-vnet?api-version=2023-02-01",
      "EncodedRequestUri": "L3N1YnNjcmlwdGlvbnMvMDY2MWIxMzEtNGExMS00NzliLTk2YmYtMmY5NWFjY2EyZjczL3Jlc291cmNlR3JvdXBzL3BzNzAxMC9wcm92aWRlcnMvTWljcm9zb2Z0Lk5ldHdvcmsvdmlydHVhbE5ldHdvcmtzL3BzNzAxMC12bmV0P2FwaS12ZXJzaW9uPTIwMjMtMDItMDE=",
      "RequestMethod": "GET",
      "RequestHeaders": {
        "x-ms-client-request-id": [
          "2cd9a8d5-813e-409d-9f44-4a6c8bd16f1d"
        ],
        "Accept-Language": [
          "en-US"
        ],
        "User-Agent": [
          "FxVersion/4.700.22.55902",
          "OSName/Windows",
          "OSVersion/Microsoft.Windows.10.0.22621",
          "Microsoft.Azure.Management.Network.NetworkManagementClient/27.0.0.0"
        ]
      },
      "RequestBody": "",
      "ResponseHeaders": {
        "Cache-Control": [
          "no-cache"
        ],
        "Pragma": [
          "no-cache"
        ],
        "ETag": [
          "W/\"16c7cd87-36e1-4269-ace3-69123bd7b904\""
        ],
        "x-ms-request-id": [
          "d4769276-ad24-4b53-a9ed-cd802ecc3c54"
        ],
        "x-ms-correlation-request-id": [
          "e564fc40-4534-4839-b634-29203faaea43"
        ],
        "x-ms-arm-service-request-id": [
          "4dc3f97b-6582-4c9e-b956-1becd67abcf8"
        ],
        "Strict-Transport-Security": [
          "max-age=31536000; includeSubDomains"
        ],
        "Server": [
          "Microsoft-HTTPAPI/2.0",
          "Microsoft-HTTPAPI/2.0"
        ],
        "x-ms-ratelimit-remaining-subscription-reads": [
          "11966"
        ],
        "x-ms-routing-request-id": [
          "SWEDENSOUTH:20230712T214509Z:e564fc40-4534-4839-b634-29203faaea43"
        ],
        "X-Content-Type-Options": [
          "nosniff"
        ],
        "Date": [
          "Wed, 12 Jul 2023 21:45:09 GMT"
        ],
        "Content-Length": [
          "552"
        ],
        "Content-Type": [
          "application/json; charset=utf-8"
        ],
        "Expires": [
          "-1"
        ]
      },
      "ResponseBody": "{\r\n  \"name\": \"ps7010-vnet\",\r\n  \"id\": \"/subscriptions/0661b131-4a11-479b-96bf-2f95acca2f73/resourceGroups/ps7010/providers/Microsoft.Network/virtualNetworks/ps7010-vnet\",\r\n  \"etag\": \"W/\\\"16c7cd87-36e1-4269-ace3-69123bd7b904\\\"\",\r\n  \"type\": \"Microsoft.Network/virtualNetworks\",\r\n  \"location\": \"eastus\",\r\n  \"tags\": {\r\n    \"CreatedOnDate\": \"2023-07-12T21:45:03.243062Z\"\r\n  },\r\n  \"properties\": {\r\n    \"provisioningState\": \"Succeeded\",\r\n    \"resourceGuid\": \"76640d8c-56ba-4a37-91b7-ab429bbb47d4\",\r\n    \"addressSpace\": {\r\n      \"addressPrefixes\": [\r\n        \"10.0.0.0/16\"\r\n      ]\r\n    },\r\n    \"subnets\": [],\r\n    \"virtualNetworkPeerings\": [],\r\n    \"enableDdosProtection\": false\r\n  }\r\n}",
      "StatusCode": 200
    },
    {
      "RequestUri": "/subscriptions/0661b131-4a11-479b-96bf-2f95acca2f73/resourceGroups/ps7010/providers/Microsoft.Network/virtualNetworks/ps7010-vnet?api-version=2023-02-01",
      "EncodedRequestUri": "L3N1YnNjcmlwdGlvbnMvMDY2MWIxMzEtNGExMS00NzliLTk2YmYtMmY5NWFjY2EyZjczL3Jlc291cmNlR3JvdXBzL3BzNzAxMC9wcm92aWRlcnMvTWljcm9zb2Z0Lk5ldHdvcmsvdmlydHVhbE5ldHdvcmtzL3BzNzAxMC12bmV0P2FwaS12ZXJzaW9uPTIwMjMtMDItMDE=",
      "RequestMethod": "GET",
      "RequestHeaders": {
        "x-ms-client-request-id": [
          "47707ae9-1ed1-4c9a-8751-242088bd3bb8"
        ],
        "Accept-Language": [
          "en-US"
        ],
        "User-Agent": [
          "FxVersion/4.700.22.55902",
          "OSName/Windows",
          "OSVersion/Microsoft.Windows.10.0.22621",
          "Microsoft.Azure.Management.Network.NetworkManagementClient/27.0.0.0"
        ]
      },
      "RequestBody": "",
      "ResponseHeaders": {
        "Cache-Control": [
          "no-cache"
        ],
        "Pragma": [
          "no-cache"
        ],
        "ETag": [
          "W/\"16c7cd87-36e1-4269-ace3-69123bd7b904\""
        ],
        "x-ms-request-id": [
          "51f7f573-9680-4e3b-a178-ed98c91834ff"
        ],
        "x-ms-correlation-request-id": [
          "9b5d309a-04e8-4ee6-a465-d140569e3c8c"
        ],
        "x-ms-arm-service-request-id": [
          "c0a3887f-f090-489c-b277-0d9e6151e0b3"
        ],
        "Strict-Transport-Security": [
          "max-age=31536000; includeSubDomains"
        ],
        "Server": [
          "Microsoft-HTTPAPI/2.0",
          "Microsoft-HTTPAPI/2.0"
        ],
        "x-ms-ratelimit-remaining-subscription-reads": [
          "11981"
        ],
        "x-ms-routing-request-id": [
          "SWEDENSOUTH:20230712T214510Z:9b5d309a-04e8-4ee6-a465-d140569e3c8c"
        ],
        "X-Content-Type-Options": [
          "nosniff"
        ],
        "Date": [
          "Wed, 12 Jul 2023 21:45:09 GMT"
        ],
        "Content-Length": [
          "552"
        ],
        "Content-Type": [
          "application/json; charset=utf-8"
        ],
        "Expires": [
          "-1"
        ]
      },
      "ResponseBody": "{\r\n  \"name\": \"ps7010-vnet\",\r\n  \"id\": \"/subscriptions/0661b131-4a11-479b-96bf-2f95acca2f73/resourceGroups/ps7010/providers/Microsoft.Network/virtualNetworks/ps7010-vnet\",\r\n  \"etag\": \"W/\\\"16c7cd87-36e1-4269-ace3-69123bd7b904\\\"\",\r\n  \"type\": \"Microsoft.Network/virtualNetworks\",\r\n  \"location\": \"eastus\",\r\n  \"tags\": {\r\n    \"CreatedOnDate\": \"2023-07-12T21:45:03.243062Z\"\r\n  },\r\n  \"properties\": {\r\n    \"provisioningState\": \"Succeeded\",\r\n    \"resourceGuid\": \"76640d8c-56ba-4a37-91b7-ab429bbb47d4\",\r\n    \"addressSpace\": {\r\n      \"addressPrefixes\": [\r\n        \"10.0.0.0/16\"\r\n      ]\r\n    },\r\n    \"subnets\": [],\r\n    \"virtualNetworkPeerings\": [],\r\n    \"enableDdosProtection\": false\r\n  }\r\n}",
      "StatusCode": 200
    },
    {
      "RequestUri": "/subscriptions/0661b131-4a11-479b-96bf-2f95acca2f73/resourceGroups/ps7010/providers/Microsoft.Network/virtualNetworks/ps7010-vnet?api-version=2023-02-01",
      "EncodedRequestUri": "L3N1YnNjcmlwdGlvbnMvMDY2MWIxMzEtNGExMS00NzliLTk2YmYtMmY5NWFjY2EyZjczL3Jlc291cmNlR3JvdXBzL3BzNzAxMC9wcm92aWRlcnMvTWljcm9zb2Z0Lk5ldHdvcmsvdmlydHVhbE5ldHdvcmtzL3BzNzAxMC12bmV0P2FwaS12ZXJzaW9uPTIwMjMtMDItMDE=",
      "RequestMethod": "GET",
      "RequestHeaders": {
        "x-ms-client-request-id": [
          "47707ae9-1ed1-4c9a-8751-242088bd3bb8"
        ],
        "User-Agent": [
          "FxVersion/4.700.22.55902",
          "OSName/Windows",
          "OSVersion/Microsoft.Windows.10.0.22621",
          "Microsoft.Azure.Management.Network.NetworkManagementClient/27.0.0.0"
        ]
      },
      "RequestBody": "",
      "ResponseHeaders": {
        "Cache-Control": [
          "no-cache"
        ],
        "Pragma": [
          "no-cache"
        ],
        "ETag": [
          "W/\"51fe5ff4-dcb1-41c5-a8ac-3249991cd8b5\""
        ],
        "x-ms-request-id": [
          "59a2a540-07a3-4264-97d9-0ba36ee761b0"
        ],
        "x-ms-correlation-request-id": [
          "7dbfc370-f41b-4d19-a5a6-abc638290297"
        ],
        "x-ms-arm-service-request-id": [
          "f8d462bd-3629-4cef-b109-3d273f022133"
        ],
        "Strict-Transport-Security": [
          "max-age=31536000; includeSubDomains"
        ],
        "Server": [
          "Microsoft-HTTPAPI/2.0",
          "Microsoft-HTTPAPI/2.0"
        ],
        "x-ms-ratelimit-remaining-subscription-reads": [
          "11979"
        ],
        "x-ms-routing-request-id": [
          "SWEDENSOUTH:20230712T214516Z:7dbfc370-f41b-4d19-a5a6-abc638290297"
        ],
        "X-Content-Type-Options": [
          "nosniff"
        ],
        "Date": [
          "Wed, 12 Jul 2023 21:45:15 GMT"
        ],
        "Content-Length": [
          "1597"
        ],
        "Content-Type": [
          "application/json; charset=utf-8"
        ],
        "Expires": [
          "-1"
        ]
      },
      "ResponseBody": "{\r\n  \"name\": \"ps7010-vnet\",\r\n  \"id\": \"/subscriptions/0661b131-4a11-479b-96bf-2f95acca2f73/resourceGroups/ps7010/providers/Microsoft.Network/virtualNetworks/ps7010-vnet\",\r\n  \"etag\": \"W/\\\"51fe5ff4-dcb1-41c5-a8ac-3249991cd8b5\\\"\",\r\n  \"type\": \"Microsoft.Network/virtualNetworks\",\r\n  \"location\": \"eastus\",\r\n  \"tags\": {\r\n    \"CreatedOnDate\": \"07/12/2023 21:45:03\"\r\n  },\r\n  \"properties\": {\r\n    \"provisioningState\": \"Succeeded\",\r\n    \"resourceGuid\": \"76640d8c-56ba-4a37-91b7-ab429bbb47d4\",\r\n    \"addressSpace\": {\r\n      \"addressPrefixes\": [\r\n        \"10.0.0.0/16\"\r\n      ]\r\n    },\r\n    \"dhcpOptions\": {\r\n      \"dnsServers\": []\r\n    },\r\n    \"subnets\": [\r\n      {\r\n        \"name\": \"default\",\r\n        \"id\": \"/subscriptions/0661b131-4a11-479b-96bf-2f95acca2f73/resourceGroups/ps7010/providers/Microsoft.Network/virtualNetworks/ps7010-vnet/subnets/default\",\r\n        \"etag\": \"W/\\\"51fe5ff4-dcb1-41c5-a8ac-3249991cd8b5\\\"\",\r\n        \"properties\": {\r\n          \"provisioningState\": \"Succeeded\",\r\n          \"addressPrefix\": \"10.0.1.0/24\",\r\n          \"serviceEndpoints\": [],\r\n          \"delegations\": [\r\n            {\r\n              \"name\": \"netAppVolumes\",\r\n              \"id\": \"/subscriptions/0661b131-4a11-479b-96bf-2f95acca2f73/resourceGroups/ps7010/providers/Microsoft.Network/virtualNetworks/ps7010-vnet/subnets/default/delegations/netAppVolumes\",\r\n              \"etag\": \"W/\\\"51fe5ff4-dcb1-41c5-a8ac-3249991cd8b5\\\"\",\r\n              \"properties\": {\r\n                \"provisioningState\": \"Succeeded\",\r\n                \"serviceName\": \"Microsoft.Netapp/volumes\",\r\n                \"actions\": [\r\n                  \"Microsoft.Network/networkinterfaces/*\",\r\n                  \"Microsoft.Network/virtualNetworks/subnets/join/action\"\r\n                ]\r\n              },\r\n              \"type\": \"Microsoft.Network/virtualNetworks/subnets/delegations\"\r\n            }\r\n          ],\r\n          \"purpose\": \"HostedWorkloads\",\r\n          \"privateEndpointNetworkPolicies\": \"Disabled\",\r\n          \"privateLinkServiceNetworkPolicies\": \"Enabled\"\r\n        },\r\n        \"type\": \"Microsoft.Network/virtualNetworks/subnets\"\r\n      }\r\n    ],\r\n    \"virtualNetworkPeerings\": [],\r\n    \"enableDdosProtection\": false\r\n  }\r\n}",
      "StatusCode": 200
    },
    {
      "RequestUri": "/subscriptions/0661b131-4a11-479b-96bf-2f95acca2f73/resourceGroups/ps7010/providers/Microsoft.Network/virtualNetworks/ps7010-vnet?api-version=2023-02-01",
      "EncodedRequestUri": "L3N1YnNjcmlwdGlvbnMvMDY2MWIxMzEtNGExMS00NzliLTk2YmYtMmY5NWFjY2EyZjczL3Jlc291cmNlR3JvdXBzL3BzNzAxMC9wcm92aWRlcnMvTWljcm9zb2Z0Lk5ldHdvcmsvdmlydHVhbE5ldHdvcmtzL3BzNzAxMC12bmV0P2FwaS12ZXJzaW9uPTIwMjMtMDItMDE=",
      "RequestMethod": "GET",
      "RequestHeaders": {
        "x-ms-client-request-id": [
          "47707ae9-1ed1-4c9a-8751-242088bd3bb8"
        ],
        "Accept-Language": [
          "en-US"
        ],
        "User-Agent": [
          "FxVersion/4.700.22.55902",
          "OSName/Windows",
          "OSVersion/Microsoft.Windows.10.0.22621",
          "Microsoft.Azure.Management.Network.NetworkManagementClient/27.0.0.0"
        ]
      },
      "RequestBody": "",
      "ResponseHeaders": {
        "Cache-Control": [
          "no-cache"
        ],
        "Pragma": [
          "no-cache"
        ],
        "ETag": [
          "W/\"51fe5ff4-dcb1-41c5-a8ac-3249991cd8b5\""
        ],
        "x-ms-request-id": [
          "90852f2b-4efd-484e-9615-fc4e2e42d6b4"
        ],
        "x-ms-correlation-request-id": [
          "1ac2ce9b-16ae-4092-aadb-0228cd62dd06"
        ],
        "x-ms-arm-service-request-id": [
          "e2f73e4d-6758-4dc8-a803-fd4c75aa9d63"
        ],
        "Strict-Transport-Security": [
          "max-age=31536000; includeSubDomains"
        ],
        "Server": [
          "Microsoft-HTTPAPI/2.0",
          "Microsoft-HTTPAPI/2.0"
        ],
        "x-ms-ratelimit-remaining-subscription-reads": [
          "11978"
        ],
        "x-ms-routing-request-id": [
          "SWEDENSOUTH:20230712T214516Z:1ac2ce9b-16ae-4092-aadb-0228cd62dd06"
        ],
        "X-Content-Type-Options": [
          "nosniff"
        ],
        "Date": [
          "Wed, 12 Jul 2023 21:45:15 GMT"
        ],
        "Content-Length": [
          "1597"
        ],
        "Content-Type": [
          "application/json; charset=utf-8"
        ],
        "Expires": [
          "-1"
        ]
      },
      "ResponseBody": "{\r\n  \"name\": \"ps7010-vnet\",\r\n  \"id\": \"/subscriptions/0661b131-4a11-479b-96bf-2f95acca2f73/resourceGroups/ps7010/providers/Microsoft.Network/virtualNetworks/ps7010-vnet\",\r\n  \"etag\": \"W/\\\"51fe5ff4-dcb1-41c5-a8ac-3249991cd8b5\\\"\",\r\n  \"type\": \"Microsoft.Network/virtualNetworks\",\r\n  \"location\": \"eastus\",\r\n  \"tags\": {\r\n    \"CreatedOnDate\": \"07/12/2023 21:45:03\"\r\n  },\r\n  \"properties\": {\r\n    \"provisioningState\": \"Succeeded\",\r\n    \"resourceGuid\": \"76640d8c-56ba-4a37-91b7-ab429bbb47d4\",\r\n    \"addressSpace\": {\r\n      \"addressPrefixes\": [\r\n        \"10.0.0.0/16\"\r\n      ]\r\n    },\r\n    \"dhcpOptions\": {\r\n      \"dnsServers\": []\r\n    },\r\n    \"subnets\": [\r\n      {\r\n        \"name\": \"default\",\r\n        \"id\": \"/subscriptions/0661b131-4a11-479b-96bf-2f95acca2f73/resourceGroups/ps7010/providers/Microsoft.Network/virtualNetworks/ps7010-vnet/subnets/default\",\r\n        \"etag\": \"W/\\\"51fe5ff4-dcb1-41c5-a8ac-3249991cd8b5\\\"\",\r\n        \"properties\": {\r\n          \"provisioningState\": \"Succeeded\",\r\n          \"addressPrefix\": \"10.0.1.0/24\",\r\n          \"serviceEndpoints\": [],\r\n          \"delegations\": [\r\n            {\r\n              \"name\": \"netAppVolumes\",\r\n              \"id\": \"/subscriptions/0661b131-4a11-479b-96bf-2f95acca2f73/resourceGroups/ps7010/providers/Microsoft.Network/virtualNetworks/ps7010-vnet/subnets/default/delegations/netAppVolumes\",\r\n              \"etag\": \"W/\\\"51fe5ff4-dcb1-41c5-a8ac-3249991cd8b5\\\"\",\r\n              \"properties\": {\r\n                \"provisioningState\": \"Succeeded\",\r\n                \"serviceName\": \"Microsoft.Netapp/volumes\",\r\n                \"actions\": [\r\n                  \"Microsoft.Network/networkinterfaces/*\",\r\n                  \"Microsoft.Network/virtualNetworks/subnets/join/action\"\r\n                ]\r\n              },\r\n              \"type\": \"Microsoft.Network/virtualNetworks/subnets/delegations\"\r\n            }\r\n          ],\r\n          \"purpose\": \"HostedWorkloads\",\r\n          \"privateEndpointNetworkPolicies\": \"Disabled\",\r\n          \"privateLinkServiceNetworkPolicies\": \"Enabled\"\r\n        },\r\n        \"type\": \"Microsoft.Network/virtualNetworks/subnets\"\r\n      }\r\n    ],\r\n    \"virtualNetworkPeerings\": [],\r\n    \"enableDdosProtection\": false\r\n  }\r\n}",
      "StatusCode": 200
    },
    {
      "RequestUri": "/subscriptions/0661b131-4a11-479b-96bf-2f95acca2f73/resourceGroups/ps7010/providers/Microsoft.Network/virtualNetworks/ps7010-vnet?api-version=2023-02-01",
      "EncodedRequestUri": "L3N1YnNjcmlwdGlvbnMvMDY2MWIxMzEtNGExMS00NzliLTk2YmYtMmY5NWFjY2EyZjczL3Jlc291cmNlR3JvdXBzL3BzNzAxMC9wcm92aWRlcnMvTWljcm9zb2Z0Lk5ldHdvcmsvdmlydHVhbE5ldHdvcmtzL3BzNzAxMC12bmV0P2FwaS12ZXJzaW9uPTIwMjMtMDItMDE=",
      "RequestMethod": "PUT",
      "RequestHeaders": {
        "x-ms-client-request-id": [
          "2cd9a8d5-813e-409d-9f44-4a6c8bd16f1d"
        ],
        "Accept-Language": [
          "en-US"
        ],
        "User-Agent": [
          "FxVersion/4.700.22.55902",
          "OSName/Windows",
          "OSVersion/Microsoft.Windows.10.0.22621",
          "Microsoft.Azure.Management.Network.NetworkManagementClient/27.0.0.0"
        ],
        "Content-Type": [
          "application/json; charset=utf-8"
        ],
        "Content-Length": [
          "260"
        ]
      },
      "RequestBody": "{\r\n  \"properties\": {\r\n    \"addressSpace\": {\r\n      \"addressPrefixes\": [\r\n        \"10.0.0.0/16\"\r\n      ]\r\n    },\r\n    \"subnets\": [],\r\n    \"virtualNetworkPeerings\": [],\r\n    \"enableDdosProtection\": false,\r\n    \"ipAllocations\": []\r\n  },\r\n  \"location\": \"eastus\"\r\n}",
      "ResponseHeaders": {
        "Cache-Control": [
          "no-cache"
        ],
        "Pragma": [
          "no-cache"
        ],
        "Retry-After": [
          "3"
        ],
        "x-ms-request-id": [
          "e17dc262-ce36-4b5f-857e-c34fba7b3f4c"
        ],
        "Azure-AsyncOperation": [
          "https://management.azure.com/subscriptions/0661b131-4a11-479b-96bf-2f95acca2f73/providers/Microsoft.Network/locations/eastus/operations/e17dc262-ce36-4b5f-857e-c34fba7b3f4c?api-version=2023-02-01"
        ],
        "x-ms-correlation-request-id": [
          "9cf1847f-3338-4ea3-a527-d5e0c1c8966e"
        ],
        "Azure-AsyncNotification": [
          "Enabled"
        ],
        "x-ms-arm-service-request-id": [
          "2d349afd-a198-4698-86ca-1df6bf9e2fc6"
        ],
        "Strict-Transport-Security": [
          "max-age=31536000; includeSubDomains"
        ],
        "Server": [
          "Microsoft-HTTPAPI/2.0",
          "Microsoft-HTTPAPI/2.0"
        ],
        "x-ms-ratelimit-remaining-subscription-writes": [
          "1192"
        ],
        "x-ms-routing-request-id": [
          "SWEDENSOUTH:20230712T214505Z:9cf1847f-3338-4ea3-a527-d5e0c1c8966e"
        ],
        "X-Content-Type-Options": [
          "nosniff"
        ],
        "Date": [
          "Wed, 12 Jul 2023 21:45:05 GMT"
        ],
        "Content-Length": [
          "551"
        ],
        "Content-Type": [
          "application/json; charset=utf-8"
        ],
        "Expires": [
          "-1"
        ]
      },
      "ResponseBody": "{\r\n  \"name\": \"ps7010-vnet\",\r\n  \"id\": \"/subscriptions/0661b131-4a11-479b-96bf-2f95acca2f73/resourceGroups/ps7010/providers/Microsoft.Network/virtualNetworks/ps7010-vnet\",\r\n  \"etag\": \"W/\\\"cdcd1e02-f5d3-476f-b953-3e579a94169e\\\"\",\r\n  \"type\": \"Microsoft.Network/virtualNetworks\",\r\n  \"location\": \"eastus\",\r\n  \"tags\": {\r\n    \"CreatedOnDate\": \"2023-07-12T21:45:03.243062Z\"\r\n  },\r\n  \"properties\": {\r\n    \"provisioningState\": \"Updating\",\r\n    \"resourceGuid\": \"76640d8c-56ba-4a37-91b7-ab429bbb47d4\",\r\n    \"addressSpace\": {\r\n      \"addressPrefixes\": [\r\n        \"10.0.0.0/16\"\r\n      ]\r\n    },\r\n    \"subnets\": [],\r\n    \"virtualNetworkPeerings\": [],\r\n    \"enableDdosProtection\": false\r\n  }\r\n}",
      "StatusCode": 201
    },
    {
      "RequestUri": "/subscriptions/0661b131-4a11-479b-96bf-2f95acca2f73/resourceGroups/ps7010/providers/Microsoft.Network/virtualNetworks/ps7010-vnet?api-version=2023-02-01",
      "EncodedRequestUri": "L3N1YnNjcmlwdGlvbnMvMDY2MWIxMzEtNGExMS00NzliLTk2YmYtMmY5NWFjY2EyZjczL3Jlc291cmNlR3JvdXBzL3BzNzAxMC9wcm92aWRlcnMvTWljcm9zb2Z0Lk5ldHdvcmsvdmlydHVhbE5ldHdvcmtzL3BzNzAxMC12bmV0P2FwaS12ZXJzaW9uPTIwMjMtMDItMDE=",
      "RequestMethod": "PUT",
      "RequestHeaders": {
        "x-ms-client-request-id": [
          "47707ae9-1ed1-4c9a-8751-242088bd3bb8"
        ],
        "Accept-Language": [
          "en-US"
        ],
        "User-Agent": [
          "FxVersion/4.700.22.55902",
          "OSName/Windows",
          "OSVersion/Microsoft.Windows.10.0.22621",
          "Microsoft.Azure.Management.Network.NetworkManagementClient/27.0.0.0"
        ],
        "Content-Type": [
          "application/json; charset=utf-8"
        ],
        "Content-Length": [
          "1180"
        ]
      },
      "RequestBody": "{\r\n  \"properties\": {\r\n    \"addressSpace\": {\r\n      \"addressPrefixes\": [\r\n        \"10.0.0.0/16\"\r\n      ]\r\n    },\r\n    \"dhcpOptions\": {\r\n      \"dnsServers\": []\r\n    },\r\n    \"subnets\": [\r\n      {\r\n        \"properties\": {\r\n          \"addressPrefix\": \"10.0.1.0/24\",\r\n          \"addressPrefixes\": [],\r\n          \"serviceEndpoints\": [],\r\n          \"serviceEndpointPolicies\": [],\r\n          \"ipAllocations\": [],\r\n          \"delegations\": [\r\n            {\r\n              \"properties\": {\r\n                \"serviceName\": \"Microsoft.Netapp/volumes\"\r\n              },\r\n              \"name\": \"netAppVolumes\"\r\n            }\r\n          ],\r\n          \"privateEndpointNetworkPolicies\": \"Disabled\",\r\n          \"privateLinkServiceNetworkPolicies\": \"Enabled\",\r\n          \"applicationGatewayIPConfigurations\": []\r\n        },\r\n        \"name\": \"default\"\r\n      }\r\n    ],\r\n    \"virtualNetworkPeerings\": [],\r\n    \"enableDdosProtection\": false,\r\n    \"ipAllocations\": []\r\n  },\r\n  \"id\": \"/subscriptions/0661b131-4a11-479b-96bf-2f95acca2f73/resourceGroups/ps7010/providers/Microsoft.Network/virtualNetworks/ps7010-vnet\",\r\n  \"location\": \"eastus\",\r\n  \"tags\": {\r\n    \"CreatedOnDate\": \"07/12/2023 21:45:03\"\r\n  }\r\n}",
      "ResponseHeaders": {
        "Cache-Control": [
          "no-cache"
        ],
        "Pragma": [
          "no-cache"
        ],
        "Retry-After": [
          "3"
        ],
        "x-ms-request-id": [
          "bafc9e18-1ebc-4437-9f1a-b293d2af07f6"
        ],
        "Azure-AsyncOperation": [
          "https://management.azure.com/subscriptions/0661b131-4a11-479b-96bf-2f95acca2f73/providers/Microsoft.Network/locations/eastus/operations/bafc9e18-1ebc-4437-9f1a-b293d2af07f6?api-version=2023-02-01"
        ],
        "x-ms-correlation-request-id": [
          "5afceb5f-95c9-4529-90db-55a9daddc34c"
        ],
        "Azure-AsyncNotification": [
          "Enabled"
        ],
        "x-ms-arm-service-request-id": [
          "0f7a58c2-978e-4d7c-b0b4-e7e2cf0d7107"
        ],
        "Strict-Transport-Security": [
          "max-age=31536000; includeSubDomains"
        ],
        "Server": [
          "Microsoft-HTTPAPI/2.0",
          "Microsoft-HTTPAPI/2.0"
        ],
        "x-ms-ratelimit-remaining-subscription-writes": [
          "1192"
        ],
        "x-ms-routing-request-id": [
          "SWEDENSOUTH:20230712T214512Z:5afceb5f-95c9-4529-90db-55a9daddc34c"
        ],
        "X-Content-Type-Options": [
          "nosniff"
        ],
        "Date": [
          "Wed, 12 Jul 2023 21:45:11 GMT"
        ],
        "Content-Length": [
          "1595"
        ],
        "Content-Type": [
          "application/json; charset=utf-8"
        ],
        "Expires": [
          "-1"
        ]
      },
      "ResponseBody": "{\r\n  \"name\": \"ps7010-vnet\",\r\n  \"id\": \"/subscriptions/0661b131-4a11-479b-96bf-2f95acca2f73/resourceGroups/ps7010/providers/Microsoft.Network/virtualNetworks/ps7010-vnet\",\r\n  \"etag\": \"W/\\\"ccbd4d7c-c49d-4f88-8069-4dc381da6554\\\"\",\r\n  \"type\": \"Microsoft.Network/virtualNetworks\",\r\n  \"location\": \"eastus\",\r\n  \"tags\": {\r\n    \"CreatedOnDate\": \"07/12/2023 21:45:03\"\r\n  },\r\n  \"properties\": {\r\n    \"provisioningState\": \"Updating\",\r\n    \"resourceGuid\": \"76640d8c-56ba-4a37-91b7-ab429bbb47d4\",\r\n    \"addressSpace\": {\r\n      \"addressPrefixes\": [\r\n        \"10.0.0.0/16\"\r\n      ]\r\n    },\r\n    \"dhcpOptions\": {\r\n      \"dnsServers\": []\r\n    },\r\n    \"subnets\": [\r\n      {\r\n        \"name\": \"default\",\r\n        \"id\": \"/subscriptions/0661b131-4a11-479b-96bf-2f95acca2f73/resourceGroups/ps7010/providers/Microsoft.Network/virtualNetworks/ps7010-vnet/subnets/default\",\r\n        \"etag\": \"W/\\\"ccbd4d7c-c49d-4f88-8069-4dc381da6554\\\"\",\r\n        \"properties\": {\r\n          \"provisioningState\": \"Updating\",\r\n          \"addressPrefix\": \"10.0.1.0/24\",\r\n          \"serviceEndpoints\": [],\r\n          \"delegations\": [\r\n            {\r\n              \"name\": \"netAppVolumes\",\r\n              \"id\": \"/subscriptions/0661b131-4a11-479b-96bf-2f95acca2f73/resourceGroups/ps7010/providers/Microsoft.Network/virtualNetworks/ps7010-vnet/subnets/default/delegations/netAppVolumes\",\r\n              \"etag\": \"W/\\\"ccbd4d7c-c49d-4f88-8069-4dc381da6554\\\"\",\r\n              \"properties\": {\r\n                \"provisioningState\": \"Succeeded\",\r\n                \"serviceName\": \"Microsoft.Netapp/volumes\",\r\n                \"actions\": [\r\n                  \"Microsoft.Network/networkinterfaces/*\",\r\n                  \"Microsoft.Network/virtualNetworks/subnets/join/action\"\r\n                ]\r\n              },\r\n              \"type\": \"Microsoft.Network/virtualNetworks/subnets/delegations\"\r\n            }\r\n          ],\r\n          \"purpose\": \"HostedWorkloads\",\r\n          \"privateEndpointNetworkPolicies\": \"Disabled\",\r\n          \"privateLinkServiceNetworkPolicies\": \"Enabled\"\r\n        },\r\n        \"type\": \"Microsoft.Network/virtualNetworks/subnets\"\r\n      }\r\n    ],\r\n    \"virtualNetworkPeerings\": [],\r\n    \"enableDdosProtection\": false\r\n  }\r\n}",
      "StatusCode": 200
    },
    {
      "RequestUri": "/subscriptions/0661b131-4a11-479b-96bf-2f95acca2f73/providers/Microsoft.Network/locations/eastus/operations/e17dc262-ce36-4b5f-857e-c34fba7b3f4c?api-version=2023-02-01",
      "EncodedRequestUri": "L3N1YnNjcmlwdGlvbnMvMDY2MWIxMzEtNGExMS00NzliLTk2YmYtMmY5NWFjY2EyZjczL3Byb3ZpZGVycy9NaWNyb3NvZnQuTmV0d29yay9sb2NhdGlvbnMvZWFzdHVzL29wZXJhdGlvbnMvZTE3ZGMyNjItY2UzNi00YjVmLTg1N2UtYzM0ZmJhN2IzZjRjP2FwaS12ZXJzaW9uPTIwMjMtMDItMDE=",
      "RequestMethod": "GET",
      "RequestHeaders": {
        "x-ms-client-request-id": [
          "2cd9a8d5-813e-409d-9f44-4a6c8bd16f1d"
        ],
        "User-Agent": [
          "FxVersion/4.700.22.55902",
          "OSName/Windows",
          "OSVersion/Microsoft.Windows.10.0.22621",
          "Microsoft.Azure.Management.Network.NetworkManagementClient/27.0.0.0"
        ]
      },
      "RequestBody": "",
      "ResponseHeaders": {
        "Cache-Control": [
          "no-cache"
        ],
        "Pragma": [
          "no-cache"
        ],
        "x-ms-request-id": [
          "a95deeae-d3a8-44a7-a696-520dfe0c6632"
        ],
        "x-ms-correlation-request-id": [
          "3ff04644-0ca4-462f-853c-d977b3bf53da"
        ],
        "x-ms-arm-service-request-id": [
          "212f4288-0d59-46af-aac3-673640a56b21"
        ],
        "Strict-Transport-Security": [
          "max-age=31536000; includeSubDomains"
        ],
        "Server": [
          "Microsoft-HTTPAPI/2.0",
          "Microsoft-HTTPAPI/2.0"
        ],
        "x-ms-ratelimit-remaining-subscription-reads": [
          "11968"
        ],
        "x-ms-routing-request-id": [
          "SWEDENSOUTH:20230712T214509Z:3ff04644-0ca4-462f-853c-d977b3bf53da"
        ],
        "X-Content-Type-Options": [
          "nosniff"
        ],
        "Date": [
          "Wed, 12 Jul 2023 21:45:09 GMT"
        ],
        "Content-Length": [
          "22"
        ],
        "Content-Type": [
          "application/json; charset=utf-8"
        ],
        "Expires": [
          "-1"
        ]
      },
      "ResponseBody": "{\r\n  \"status\": \"Succeeded\"\r\n}",
      "StatusCode": 200
    },
    {
      "RequestUri": "/subscriptions/0661b131-4a11-479b-96bf-2f95acca2f73/providers/Microsoft.Network/locations/eastus/operations/bafc9e18-1ebc-4437-9f1a-b293d2af07f6?api-version=2023-02-01",
      "EncodedRequestUri": "L3N1YnNjcmlwdGlvbnMvMDY2MWIxMzEtNGExMS00NzliLTk2YmYtMmY5NWFjY2EyZjczL3Byb3ZpZGVycy9NaWNyb3NvZnQuTmV0d29yay9sb2NhdGlvbnMvZWFzdHVzL29wZXJhdGlvbnMvYmFmYzllMTgtMWViYy00NDM3LTlmMWEtYjI5M2QyYWYwN2Y2P2FwaS12ZXJzaW9uPTIwMjMtMDItMDE=",
      "RequestMethod": "GET",
      "RequestHeaders": {
        "x-ms-client-request-id": [
          "47707ae9-1ed1-4c9a-8751-242088bd3bb8"
        ],
        "User-Agent": [
          "FxVersion/4.700.22.55902",
          "OSName/Windows",
          "OSVersion/Microsoft.Windows.10.0.22621",
          "Microsoft.Azure.Management.Network.NetworkManagementClient/27.0.0.0"
        ]
      },
      "RequestBody": "",
      "ResponseHeaders": {
        "Cache-Control": [
          "no-cache"
        ],
        "Pragma": [
          "no-cache"
        ],
        "x-ms-request-id": [
          "f3c1cca8-00da-435b-af04-ae336319efa6"
        ],
        "x-ms-correlation-request-id": [
          "b72377f6-c98f-4d7a-b16a-2c2e3b495d1f"
        ],
        "x-ms-arm-service-request-id": [
          "818ea7d3-170b-43f5-96f1-93b6ff7337ab"
        ],
        "Strict-Transport-Security": [
          "max-age=31536000; includeSubDomains"
        ],
        "Server": [
          "Microsoft-HTTPAPI/2.0",
          "Microsoft-HTTPAPI/2.0"
        ],
        "x-ms-ratelimit-remaining-subscription-reads": [
          "11980"
        ],
        "x-ms-routing-request-id": [
          "SWEDENSOUTH:20230712T214515Z:b72377f6-c98f-4d7a-b16a-2c2e3b495d1f"
        ],
        "X-Content-Type-Options": [
          "nosniff"
        ],
        "Date": [
          "Wed, 12 Jul 2023 21:45:14 GMT"
        ],
        "Content-Length": [
          "22"
        ],
        "Content-Type": [
          "application/json; charset=utf-8"
        ],
        "Expires": [
          "-1"
        ]
      },
      "ResponseBody": "{\r\n  \"status\": \"Succeeded\"\r\n}",
      "StatusCode": 200
    },
    {
      "RequestUri": "/subscriptions/0661b131-4a11-479b-96bf-2f95acca2f73/resourceGroups/ps7010/providers/Microsoft.NetApp/netAppAccounts/ps7410?api-version=2022-11-01",
      "EncodedRequestUri": "L3N1YnNjcmlwdGlvbnMvMDY2MWIxMzEtNGExMS00NzliLTk2YmYtMmY5NWFjY2EyZjczL3Jlc291cmNlR3JvdXBzL3BzNzAxMC9wcm92aWRlcnMvTWljcm9zb2Z0Lk5ldEFwcC9uZXRBcHBBY2NvdW50cy9wczc0MTA/YXBpLXZlcnNpb249MjAyMi0xMS0wMQ==",
      "RequestMethod": "GET",
      "RequestHeaders": {
        "x-ms-client-request-id": [
          "47c645e7-c66c-4171-b7fc-02b06d2609e6"
        ],
        "Accept-Language": [
          "en-US"
        ],
        "User-Agent": [
          "FxVersion/4.700.22.55902",
          "OSName/Windows",
          "OSVersion/Microsoft.Windows.10.0.22621",
          "Microsoft.Azure.Management.NetApp.AzureNetAppFilesManagementClient/0.0.0.0"
        ]
      },
      "RequestBody": "",
      "ResponseHeaders": {
        "Cache-Control": [
          "no-cache"
        ],
        "Pragma": [
          "no-cache"
        ],
        "x-ms-failure-cause": [
          "gateway"
        ],
        "x-ms-request-id": [
          "9852ab3d-80d5-4ff7-9afb-13dc907ab1b4"
        ],
        "x-ms-correlation-request-id": [
          "9852ab3d-80d5-4ff7-9afb-13dc907ab1b4"
        ],
        "x-ms-routing-request-id": [
          "SWEDENSOUTH:20230712T214516Z:9852ab3d-80d5-4ff7-9afb-13dc907ab1b4"
        ],
        "Strict-Transport-Security": [
          "max-age=31536000; includeSubDomains"
        ],
        "X-Content-Type-Options": [
          "nosniff"
        ],
        "Date": [
          "Wed, 12 Jul 2023 21:45:16 GMT"
        ],
        "Content-Type": [
          "application/json; charset=utf-8"
        ],
        "Expires": [
          "-1"
        ],
        "Content-Length": [
          "216"
        ]
      },
      "ResponseBody": "{\r\n  \"error\": {\r\n    \"code\": \"ResourceNotFound\",\r\n    \"message\": \"The Resource 'Microsoft.NetApp/netAppAccounts/ps7410' under resource group 'ps7010' was not found. For more details please go to https://aka.ms/ARMResourceNotFoundFix\"\r\n  }\r\n}",
      "StatusCode": 404
    },
    {
      "RequestUri": "/subscriptions/0661b131-4a11-479b-96bf-2f95acca2f73/resourceGroups/ps7010/providers/Microsoft.NetApp/netAppAccounts/ps7410?api-version=2022-11-01",
      "EncodedRequestUri": "L3N1YnNjcmlwdGlvbnMvMDY2MWIxMzEtNGExMS00NzliLTk2YmYtMmY5NWFjY2EyZjczL3Jlc291cmNlR3JvdXBzL3BzNzAxMC9wcm92aWRlcnMvTWljcm9zb2Z0Lk5ldEFwcC9uZXRBcHBBY2NvdW50cy9wczc0MTA/YXBpLXZlcnNpb249MjAyMi0xMS0wMQ==",
      "RequestMethod": "GET",
      "RequestHeaders": {
        "x-ms-client-request-id": [
          "47c645e7-c66c-4171-b7fc-02b06d2609e6"
        ],
        "User-Agent": [
          "FxVersion/4.700.22.55902",
          "OSName/Windows",
          "OSVersion/Microsoft.Windows.10.0.22621",
          "Microsoft.Azure.Management.NetApp.AzureNetAppFilesManagementClient/0.0.0.0"
        ]
      },
      "RequestBody": "",
      "ResponseHeaders": {
        "Cache-Control": [
          "no-cache"
        ],
        "Pragma": [
          "no-cache"
        ],
        "ETag": [
          "W/\"datetime'2023-07-12T21%3A45%3A19.4311627Z'\""
        ],
        "x-ms-request-id": [
          "abb2f3df-cf96-4a62-9832-0b81068494c9"
        ],
        "Strict-Transport-Security": [
          "max-age=31536000; includeSubDomains"
        ],
        "Server": [
          "Microsoft-IIS/10.0"
        ],
        "X-Powered-By": [
          "ASP.NET"
        ],
        "x-ms-ratelimit-remaining-subscription-reads": [
          "11947"
        ],
        "x-ms-correlation-request-id": [
          "b160a9d0-2ad8-4703-9c82-b39a822eda6e"
        ],
        "x-ms-routing-request-id": [
          "SWEDENSOUTH:20230712T214550Z:b160a9d0-2ad8-4703-9c82-b39a822eda6e"
        ],
        "X-Content-Type-Options": [
          "nosniff"
        ],
        "Date": [
          "Wed, 12 Jul 2023 21:45:50 GMT"
        ],
        "Content-Length": [
          "693"
        ],
        "Content-Type": [
          "application/json; charset=utf-8"
        ],
        "Expires": [
          "-1"
        ]
      },
      "ResponseBody": "{\r\n  \"id\": \"/subscriptions/0661b131-4a11-479b-96bf-2f95acca2f73/resourceGroups/ps7010/providers/Microsoft.NetApp/netAppAccounts/ps7410\",\r\n  \"name\": \"ps7410\",\r\n  \"type\": \"Microsoft.NetApp/netAppAccounts\",\r\n  \"etag\": \"W/\\\"datetime'2023-07-12T21%3A45%3A19.4311627Z'\\\"\",\r\n  \"location\": \"eastus\",\r\n  \"tags\": {\r\n    \"CreatedOnDate\": \"2023-07-12T21:45:17.2132185Z\"\r\n  },\r\n  \"properties\": {\r\n    \"encryption\": {\r\n      \"keySource\": \"Microsoft.NetApp\"\r\n    },\r\n    \"provisioningState\": \"Succeeded\"\r\n  },\r\n  \"systemData\": {\r\n    \"createdBy\": \"c6c4faba-2b22-44d9-80a4-71ff5b71f811\",\r\n    \"createdByType\": \"Application\",\r\n    \"createdAt\": \"2023-07-12T21:45:18.6806232Z\",\r\n    \"lastModifiedBy\": \"c6c4faba-2b22-44d9-80a4-71ff5b71f811\",\r\n    \"lastModifiedByType\": \"Application\",\r\n    \"lastModifiedAt\": \"2023-07-12T21:45:18.6806232Z\"\r\n  }\r\n}",
      "StatusCode": 200
    },
    {
      "RequestUri": "/subscriptions/0661b131-4a11-479b-96bf-2f95acca2f73/resourceGroups/ps7010/providers/Microsoft.NetApp/netAppAccounts/ps7410?api-version=2022-11-01",
      "EncodedRequestUri": "L3N1YnNjcmlwdGlvbnMvMDY2MWIxMzEtNGExMS00NzliLTk2YmYtMmY5NWFjY2EyZjczL3Jlc291cmNlR3JvdXBzL3BzNzAxMC9wcm92aWRlcnMvTWljcm9zb2Z0Lk5ldEFwcC9uZXRBcHBBY2NvdW50cy9wczc0MTA/YXBpLXZlcnNpb249MjAyMi0xMS0wMQ==",
      "RequestMethod": "PUT",
      "RequestHeaders": {
        "x-ms-client-request-id": [
          "47c645e7-c66c-4171-b7fc-02b06d2609e6"
        ],
        "Accept-Language": [
          "en-US"
        ],
        "User-Agent": [
          "FxVersion/4.700.22.55902",
          "OSName/Windows",
          "OSVersion/Microsoft.Windows.10.0.22621",
          "Microsoft.Azure.Management.NetApp.AzureNetAppFilesManagementClient/0.0.0.0"
        ],
        "Content-Type": [
          "application/json; charset=utf-8"
        ],
        "Content-Length": [
          "28"
        ]
      },
      "RequestBody": "{\r\n  \"location\": \"eastus\"\r\n}",
      "ResponseHeaders": {
        "Cache-Control": [
          "no-cache"
        ],
        "Pragma": [
          "no-cache"
        ],
        "ETag": [
          "W/\"datetime'2023-07-12T21%3A45%3A19.3757718Z'\""
        ],
        "x-ms-request-id": [
          "b947a5e0-976a-422f-82c4-763626aa803a"
        ],
        "Azure-AsyncOperation": [
          "https://management.azure.com/subscriptions/0661b131-4a11-479b-96bf-2f95acca2f73/providers/Microsoft.NetApp/locations/eastus/operationResults/696181c3-1530-425d-8491-08a105c223df?api-version=2022-11-01"
        ],
        "Strict-Transport-Security": [
          "max-age=31536000; includeSubDomains"
        ],
        "Server": [
          "Microsoft-IIS/10.0"
        ],
        "X-Powered-By": [
          "ASP.NET"
        ],
        "x-ms-ratelimit-remaining-subscription-writes": [
          "1196"
        ],
        "x-ms-correlation-request-id": [
          "2c436c22-2b47-4bd3-a74a-cb6461e46f8f"
        ],
        "x-ms-routing-request-id": [
          "SWEDENSOUTH:20230712T214520Z:2c436c22-2b47-4bd3-a74a-cb6461e46f8f"
        ],
        "X-Content-Type-Options": [
          "nosniff"
        ],
        "Date": [
          "Wed, 12 Jul 2023 21:45:19 GMT"
        ],
        "Content-Length": [
          "646"
        ],
        "Content-Type": [
          "application/json; charset=utf-8"
        ],
        "Expires": [
          "-1"
        ]
      },
      "ResponseBody": "{\r\n  \"id\": \"/subscriptions/0661b131-4a11-479b-96bf-2f95acca2f73/resourceGroups/ps7010/providers/Microsoft.NetApp/netAppAccounts/ps7410\",\r\n  \"name\": \"ps7410\",\r\n  \"type\": \"Microsoft.NetApp/netAppAccounts\",\r\n  \"etag\": \"W/\\\"datetime'2023-07-12T21%3A45%3A19.3757718Z'\\\"\",\r\n  \"location\": \"eastus\",\r\n  \"tags\": {\r\n    \"CreatedOnDate\": \"2023-07-12T21:45:17.2132185Z\"\r\n  },\r\n  \"properties\": {\r\n    \"provisioningState\": \"Creating\"\r\n  },\r\n  \"systemData\": {\r\n    \"createdBy\": \"c6c4faba-2b22-44d9-80a4-71ff5b71f811\",\r\n    \"createdByType\": \"Application\",\r\n    \"createdAt\": \"2023-07-12T21:45:18.6806232Z\",\r\n    \"lastModifiedBy\": \"c6c4faba-2b22-44d9-80a4-71ff5b71f811\",\r\n    \"lastModifiedByType\": \"Application\",\r\n    \"lastModifiedAt\": \"2023-07-12T21:45:18.6806232Z\"\r\n  }\r\n}",
      "StatusCode": 201
    },
    {
      "RequestUri": "/subscriptions/0661b131-4a11-479b-96bf-2f95acca2f73/providers/Microsoft.NetApp/locations/eastus/operationResults/696181c3-1530-425d-8491-08a105c223df?api-version=2022-11-01",
      "EncodedRequestUri": "L3N1YnNjcmlwdGlvbnMvMDY2MWIxMzEtNGExMS00NzliLTk2YmYtMmY5NWFjY2EyZjczL3Byb3ZpZGVycy9NaWNyb3NvZnQuTmV0QXBwL2xvY2F0aW9ucy9lYXN0dXMvb3BlcmF0aW9uUmVzdWx0cy82OTYxODFjMy0xNTMwLTQyNWQtODQ5MS0wOGExMDVjMjIzZGY/YXBpLXZlcnNpb249MjAyMi0xMS0wMQ==",
      "RequestMethod": "GET",
      "RequestHeaders": {
        "x-ms-client-request-id": [
          "47c645e7-c66c-4171-b7fc-02b06d2609e6"
        ],
        "User-Agent": [
          "FxVersion/4.700.22.55902",
          "OSName/Windows",
          "OSVersion/Microsoft.Windows.10.0.22621",
          "Microsoft.Azure.Management.NetApp.AzureNetAppFilesManagementClient/0.0.0.0"
        ]
      },
      "RequestBody": "",
      "ResponseHeaders": {
        "Cache-Control": [
          "no-cache"
        ],
        "Pragma": [
          "no-cache"
        ],
        "x-ms-request-id": [
          "d71a9691-4e64-4747-a9c9-283ef3317241"
        ],
        "Strict-Transport-Security": [
          "max-age=31536000; includeSubDomains"
        ],
        "Server": [
          "Microsoft-IIS/10.0"
        ],
        "X-Powered-By": [
          "ASP.NET"
        ],
        "x-ms-ratelimit-remaining-subscription-reads": [
          "11948"
        ],
        "x-ms-correlation-request-id": [
          "abb200bd-5205-41fa-8ce3-f4775ee5388e"
        ],
        "x-ms-routing-request-id": [
          "SWEDENSOUTH:20230712T214550Z:abb200bd-5205-41fa-8ce3-f4775ee5388e"
        ],
        "X-Content-Type-Options": [
          "nosniff"
        ],
        "Date": [
          "Wed, 12 Jul 2023 21:45:50 GMT"
        ],
        "Content-Length": [
          "506"
        ],
        "Content-Type": [
          "application/json; charset=utf-8"
        ],
        "Expires": [
          "-1"
        ]
      },
      "ResponseBody": "{\r\n  \"id\": \"/subscriptions/0661b131-4a11-479b-96bf-2f95acca2f73/providers/Microsoft.NetApp/locations/eastus/operationResults/696181c3-1530-425d-8491-08a105c223df\",\r\n  \"name\": \"696181c3-1530-425d-8491-08a105c223df\",\r\n  \"status\": \"Succeeded\",\r\n  \"startTime\": \"2023-07-12T21:45:19.3868968Z\",\r\n  \"endTime\": \"2023-07-12T21:45:19.4381711Z\",\r\n  \"percentComplete\": 100.0,\r\n  \"properties\": {\r\n    \"resourceName\": \"/subscriptions/0661b131-4a11-479b-96bf-2f95acca2f73/resourceGroups/ps7010/providers/Microsoft.NetApp/netAppAccounts/ps7410\",\r\n    \"action\": \"CREATE\"\r\n  }\r\n}",
      "StatusCode": 200
    },
    {
      "RequestUri": "/subscriptions/0661b131-4a11-479b-96bf-2f95acca2f73/resourceGroups/ps7010/providers/Microsoft.NetApp/netAppAccounts/ps7410/capacityPools/ps1142?api-version=2022-11-01",
      "EncodedRequestUri": "L3N1YnNjcmlwdGlvbnMvMDY2MWIxMzEtNGExMS00NzliLTk2YmYtMmY5NWFjY2EyZjczL3Jlc291cmNlR3JvdXBzL3BzNzAxMC9wcm92aWRlcnMvTWljcm9zb2Z0Lk5ldEFwcC9uZXRBcHBBY2NvdW50cy9wczc0MTAvY2FwYWNpdHlQb29scy9wczExNDI/YXBpLXZlcnNpb249MjAyMi0xMS0wMQ==",
      "RequestMethod": "GET",
      "RequestHeaders": {
        "x-ms-client-request-id": [
          "034d3768-3dec-4ac3-97af-1b0245d7250a"
        ],
        "Accept-Language": [
          "en-US"
        ],
        "User-Agent": [
          "FxVersion/4.700.22.55902",
          "OSName/Windows",
          "OSVersion/Microsoft.Windows.10.0.22621",
          "Microsoft.Azure.Management.NetApp.AzureNetAppFilesManagementClient/0.0.0.0"
        ]
      },
      "RequestBody": "",
      "ResponseHeaders": {
        "Cache-Control": [
          "no-cache"
        ],
        "Pragma": [
          "no-cache"
        ],
        "x-ms-failure-cause": [
          "gateway"
        ],
        "x-ms-request-id": [
          "d135091e-5bba-407a-8a3a-23c0bbd9122d"
        ],
        "x-ms-correlation-request-id": [
          "d135091e-5bba-407a-8a3a-23c0bbd9122d"
        ],
        "x-ms-routing-request-id": [
          "SWEDENSOUTH:20230712T214551Z:d135091e-5bba-407a-8a3a-23c0bbd9122d"
        ],
        "Strict-Transport-Security": [
          "max-age=31536000; includeSubDomains"
        ],
        "X-Content-Type-Options": [
          "nosniff"
        ],
        "Date": [
          "Wed, 12 Jul 2023 21:45:50 GMT"
        ],
        "Content-Type": [
          "application/json; charset=utf-8"
        ],
        "Expires": [
          "-1"
        ],
        "Content-Length": [
          "237"
        ]
      },
      "ResponseBody": "{\r\n  \"error\": {\r\n    \"code\": \"ResourceNotFound\",\r\n    \"message\": \"The Resource 'Microsoft.NetApp/netAppAccounts/ps7410/capacityPools/ps1142' under resource group 'ps7010' was not found. For more details please go to https://aka.ms/ARMResourceNotFoundFix\"\r\n  }\r\n}",
      "StatusCode": 404
    },
    {
      "RequestUri": "/subscriptions/0661b131-4a11-479b-96bf-2f95acca2f73/resourceGroups/ps7010/providers/Microsoft.NetApp/netAppAccounts/ps7410/capacityPools/ps1142?api-version=2022-11-01",
      "EncodedRequestUri": "L3N1YnNjcmlwdGlvbnMvMDY2MWIxMzEtNGExMS00NzliLTk2YmYtMmY5NWFjY2EyZjczL3Jlc291cmNlR3JvdXBzL3BzNzAxMC9wcm92aWRlcnMvTWljcm9zb2Z0Lk5ldEFwcC9uZXRBcHBBY2NvdW50cy9wczc0MTAvY2FwYWNpdHlQb29scy9wczExNDI/YXBpLXZlcnNpb249MjAyMi0xMS0wMQ==",
      "RequestMethod": "GET",
      "RequestHeaders": {
        "x-ms-client-request-id": [
          "034d3768-3dec-4ac3-97af-1b0245d7250a"
        ],
        "User-Agent": [
          "FxVersion/4.700.22.55902",
          "OSName/Windows",
          "OSVersion/Microsoft.Windows.10.0.22621",
          "Microsoft.Azure.Management.NetApp.AzureNetAppFilesManagementClient/0.0.0.0"
        ]
      },
      "RequestBody": "",
      "ResponseHeaders": {
        "Cache-Control": [
          "no-cache"
        ],
        "Pragma": [
          "no-cache"
        ],
        "ETag": [
          "W/\"datetime'2023-07-12T21%3A45%3A52.9318515Z'\""
        ],
        "x-ms-request-id": [
          "be436145-7ff4-484d-a9c4-0ee84d0cbd0d"
        ],
        "Strict-Transport-Security": [
          "max-age=31536000; includeSubDomains"
        ],
        "Server": [
          "Microsoft-IIS/10.0"
        ],
        "X-Powered-By": [
          "ASP.NET"
        ],
        "x-ms-ratelimit-remaining-subscription-reads": [
          "11944"
        ],
        "x-ms-correlation-request-id": [
          "65b79cb6-292c-42ec-91ff-29dab0ebf88f"
        ],
        "x-ms-routing-request-id": [
          "SWEDENSOUTH:20230712T214623Z:65b79cb6-292c-42ec-91ff-29dab0ebf88f"
        ],
        "X-Content-Type-Options": [
          "nosniff"
        ],
        "Date": [
          "Wed, 12 Jul 2023 21:46:23 GMT"
        ],
        "Content-Length": [
          "902"
        ],
        "Content-Type": [
          "application/json; charset=utf-8"
        ],
        "Expires": [
          "-1"
        ]
      },
      "ResponseBody": "{\r\n  \"id\": \"/subscriptions/0661b131-4a11-479b-96bf-2f95acca2f73/resourceGroups/ps7010/providers/Microsoft.NetApp/netAppAccounts/ps7410/capacityPools/ps1142\",\r\n  \"name\": \"ps7410/ps1142\",\r\n  \"type\": \"Microsoft.NetApp/netAppAccounts/capacityPools\",\r\n  \"etag\": \"W/\\\"datetime'2023-07-12T21%3A45%3A52.9318515Z'\\\"\",\r\n  \"location\": \"eastus\",\r\n  \"tags\": {\r\n    \"CreatedOnDate\": \"2023-07-12T21:45:51.2664453Z\"\r\n  },\r\n  \"properties\": {\r\n    \"poolId\": \"d7608597-b018-eb0e-5e7f-b7f21ada5ab7\",\r\n    \"serviceLevel\": \"Premium\",\r\n    \"size\": 4398046511104,\r\n    \"qosType\": \"Auto\",\r\n    \"totalThroughputMibps\": 256.0,\r\n    \"utilizedThroughputMibps\": 0.0,\r\n    \"encryptionType\": \"Single\",\r\n    \"coolAccess\": false,\r\n    \"provisioningState\": \"Succeeded\"\r\n  },\r\n  \"systemData\": {\r\n    \"createdBy\": \"c6c4faba-2b22-44d9-80a4-71ff5b71f811\",\r\n    \"createdByType\": \"Application\",\r\n    \"createdAt\": \"2023-07-12T21:45:52.182092Z\",\r\n    \"lastModifiedBy\": \"c6c4faba-2b22-44d9-80a4-71ff5b71f811\",\r\n    \"lastModifiedByType\": \"Application\",\r\n    \"lastModifiedAt\": \"2023-07-12T21:45:52.182092Z\"\r\n  }\r\n}",
      "StatusCode": 200
    },
    {
      "RequestUri": "/subscriptions/0661b131-4a11-479b-96bf-2f95acca2f73/resourceGroups/ps7010/providers/Microsoft.NetApp/netAppAccounts/ps7410/capacityPools/ps1142?api-version=2022-11-01",
      "EncodedRequestUri": "L3N1YnNjcmlwdGlvbnMvMDY2MWIxMzEtNGExMS00NzliLTk2YmYtMmY5NWFjY2EyZjczL3Jlc291cmNlR3JvdXBzL3BzNzAxMC9wcm92aWRlcnMvTWljcm9zb2Z0Lk5ldEFwcC9uZXRBcHBBY2NvdW50cy9wczc0MTAvY2FwYWNpdHlQb29scy9wczExNDI/YXBpLXZlcnNpb249MjAyMi0xMS0wMQ==",
      "RequestMethod": "PUT",
      "RequestHeaders": {
        "x-ms-client-request-id": [
          "034d3768-3dec-4ac3-97af-1b0245d7250a"
        ],
        "Accept-Language": [
          "en-US"
        ],
        "User-Agent": [
          "FxVersion/4.700.22.55902",
          "OSName/Windows",
          "OSVersion/Microsoft.Windows.10.0.22621",
          "Microsoft.Azure.Management.NetApp.AzureNetAppFilesManagementClient/0.0.0.0"
        ],
        "Content-Type": [
          "application/json; charset=utf-8"
        ],
        "Content-Length": [
          "138"
        ]
      },
      "RequestBody": "{\r\n  \"properties\": {\r\n    \"size\": 4398046511104,\r\n    \"serviceLevel\": \"Premium\",\r\n    \"coolAccess\": false\r\n  },\r\n  \"location\": \"eastus\"\r\n}",
      "ResponseHeaders": {
        "Cache-Control": [
          "no-cache"
        ],
        "Pragma": [
          "no-cache"
        ],
        "ETag": [
          "W/\"datetime'2023-07-12T21%3A45%3A52.4948812Z'\""
        ],
        "x-ms-request-id": [
          "6a06ebd6-5f40-441b-9c4f-3b78831c35b1"
        ],
        "Azure-AsyncOperation": [
          "https://management.azure.com/subscriptions/0661b131-4a11-479b-96bf-2f95acca2f73/providers/Microsoft.NetApp/locations/eastus/operationResults/a6687c1b-2424-4966-bbf5-b4f0234ce60d?api-version=2022-11-01"
        ],
        "Strict-Transport-Security": [
          "max-age=31536000; includeSubDomains"
        ],
        "Server": [
          "Microsoft-IIS/10.0"
        ],
        "X-Powered-By": [
          "ASP.NET"
        ],
        "x-ms-ratelimit-remaining-subscription-writes": [
          "1195"
        ],
        "x-ms-correlation-request-id": [
          "eb54a8b8-aa93-4484-81d4-2f72b3cd1856"
        ],
        "x-ms-routing-request-id": [
          "SWEDENSOUTH:20230712T214553Z:eb54a8b8-aa93-4484-81d4-2f72b3cd1856"
        ],
        "X-Content-Type-Options": [
          "nosniff"
        ],
        "Date": [
          "Wed, 12 Jul 2023 21:45:52 GMT"
        ],
        "Content-Length": [
          "808"
        ],
        "Content-Type": [
          "application/json; charset=utf-8"
        ],
        "Expires": [
          "-1"
        ]
      },
      "ResponseBody": "{\r\n  \"id\": \"/subscriptions/0661b131-4a11-479b-96bf-2f95acca2f73/resourceGroups/ps7010/providers/Microsoft.NetApp/netAppAccounts/ps7410/capacityPools/ps1142\",\r\n  \"name\": \"ps7410/ps1142\",\r\n  \"type\": \"Microsoft.NetApp/netAppAccounts/capacityPools\",\r\n  \"etag\": \"W/\\\"datetime'2023-07-12T21%3A45%3A52.4948812Z'\\\"\",\r\n  \"location\": \"eastus\",\r\n  \"tags\": {\r\n    \"CreatedOnDate\": \"2023-07-12T21:45:51.2664453Z\"\r\n  },\r\n  \"properties\": {\r\n    \"serviceLevel\": \"Premium\",\r\n    \"size\": 4398046511104,\r\n    \"totalThroughputMibps\": 0.0,\r\n    \"utilizedThroughputMibps\": 0.0,\r\n    \"coolAccess\": false,\r\n    \"provisioningState\": \"Creating\"\r\n  },\r\n  \"systemData\": {\r\n    \"createdBy\": \"c6c4faba-2b22-44d9-80a4-71ff5b71f811\",\r\n    \"createdByType\": \"Application\",\r\n    \"createdAt\": \"2023-07-12T21:45:52.182092Z\",\r\n    \"lastModifiedBy\": \"c6c4faba-2b22-44d9-80a4-71ff5b71f811\",\r\n    \"lastModifiedByType\": \"Application\",\r\n    \"lastModifiedAt\": \"2023-07-12T21:45:52.182092Z\"\r\n  }\r\n}",
      "StatusCode": 201
    },
    {
      "RequestUri": "/subscriptions/0661b131-4a11-479b-96bf-2f95acca2f73/providers/Microsoft.NetApp/locations/eastus/operationResults/a6687c1b-2424-4966-bbf5-b4f0234ce60d?api-version=2022-11-01",
      "EncodedRequestUri": "L3N1YnNjcmlwdGlvbnMvMDY2MWIxMzEtNGExMS00NzliLTk2YmYtMmY5NWFjY2EyZjczL3Byb3ZpZGVycy9NaWNyb3NvZnQuTmV0QXBwL2xvY2F0aW9ucy9lYXN0dXMvb3BlcmF0aW9uUmVzdWx0cy9hNjY4N2MxYi0yNDI0LTQ5NjYtYmJmNS1iNGYwMjM0Y2U2MGQ/YXBpLXZlcnNpb249MjAyMi0xMS0wMQ==",
      "RequestMethod": "GET",
      "RequestHeaders": {
        "x-ms-client-request-id": [
          "034d3768-3dec-4ac3-97af-1b0245d7250a"
        ],
        "User-Agent": [
          "FxVersion/4.700.22.55902",
          "OSName/Windows",
          "OSVersion/Microsoft.Windows.10.0.22621",
          "Microsoft.Azure.Management.NetApp.AzureNetAppFilesManagementClient/0.0.0.0"
        ]
      },
      "RequestBody": "",
      "ResponseHeaders": {
        "Cache-Control": [
          "no-cache"
        ],
        "Pragma": [
          "no-cache"
        ],
        "x-ms-request-id": [
          "6ebdf8b9-9648-4a73-9a6b-cdbf10493ccb"
        ],
        "Strict-Transport-Security": [
          "max-age=31536000; includeSubDomains"
        ],
        "Server": [
          "Microsoft-IIS/10.0"
        ],
        "X-Powered-By": [
          "ASP.NET"
        ],
        "x-ms-ratelimit-remaining-subscription-reads": [
          "11945"
        ],
        "x-ms-correlation-request-id": [
          "aeb80570-2a4e-4d16-95d8-3de16cbcb1d6"
        ],
        "x-ms-routing-request-id": [
          "SWEDENSOUTH:20230712T214623Z:aeb80570-2a4e-4d16-95d8-3de16cbcb1d6"
        ],
        "X-Content-Type-Options": [
          "nosniff"
        ],
        "Date": [
          "Wed, 12 Jul 2023 21:46:22 GMT"
        ],
        "Content-Length": [
          "527"
        ],
        "Content-Type": [
          "application/json; charset=utf-8"
        ],
        "Expires": [
          "-1"
        ]
      },
      "ResponseBody": "{\r\n  \"id\": \"/subscriptions/0661b131-4a11-479b-96bf-2f95acca2f73/providers/Microsoft.NetApp/locations/eastus/operationResults/a6687c1b-2424-4966-bbf5-b4f0234ce60d\",\r\n  \"name\": \"a6687c1b-2424-4966-bbf5-b4f0234ce60d\",\r\n  \"status\": \"Succeeded\",\r\n  \"startTime\": \"2023-07-12T21:45:52.5103245Z\",\r\n  \"endTime\": \"2023-07-12T21:45:52.9482145Z\",\r\n  \"percentComplete\": 100.0,\r\n  \"properties\": {\r\n    \"resourceName\": \"/subscriptions/0661b131-4a11-479b-96bf-2f95acca2f73/resourceGroups/ps7010/providers/Microsoft.NetApp/netAppAccounts/ps7410/capacityPools/ps1142\",\r\n    \"action\": \"CREATE\"\r\n  }\r\n}",
      "StatusCode": 200
    },
    {
      "RequestUri": "/subscriptions/0661b131-4a11-479b-96bf-2f95acca2f73/resourceGroups/ps7010/providers/Microsoft.NetApp/netAppAccounts/ps7410/capacityPools/ps1142/volumes/ps2221?api-version=2022-11-01",
      "EncodedRequestUri": "L3N1YnNjcmlwdGlvbnMvMDY2MWIxMzEtNGExMS00NzliLTk2YmYtMmY5NWFjY2EyZjczL3Jlc291cmNlR3JvdXBzL3BzNzAxMC9wcm92aWRlcnMvTWljcm9zb2Z0Lk5ldEFwcC9uZXRBcHBBY2NvdW50cy9wczc0MTAvY2FwYWNpdHlQb29scy9wczExNDIvdm9sdW1lcy9wczIyMjE/YXBpLXZlcnNpb249MjAyMi0xMS0wMQ==",
      "RequestMethod": "PUT",
      "RequestHeaders": {
        "x-ms-client-request-id": [
          "45d01334-9432-4851-99a3-8f2a6f43bc26"
        ],
        "Accept-Language": [
          "en-US"
        ],
        "User-Agent": [
          "FxVersion/4.700.22.55902",
          "OSName/Windows",
          "OSVersion/Microsoft.Windows.10.0.22621",
          "Microsoft.Azure.Management.NetApp.AzureNetAppFilesManagementClient/0.0.0.0"
        ],
        "Content-Type": [
          "application/json; charset=utf-8"
        ],
        "Content-Length": [
          "649"
        ]
      },
      "RequestBody": "{\r\n  \"properties\": {\r\n    \"creationToken\": \"ps2221\",\r\n    \"serviceLevel\": \"Premium\",\r\n    \"usageThreshold\": 107374182400,\r\n    \"deleteBaseSnapshot\": false,\r\n    \"subnetId\": \"/subscriptions/0661b131-4a11-479b-96bf-2f95acca2f73/resourceGroups/ps7010/providers/Microsoft.Network/virtualNetworks/ps7010-vnet/subnets/default\",\r\n    \"snapshotDirectoryVisible\": false,\r\n    \"kerberosEnabled\": false,\r\n    \"smbEncryption\": false,\r\n    \"smbContinuouslyAvailable\": false,\r\n    \"ldapEnabled\": false,\r\n    \"coolAccess\": false,\r\n    \"isDefaultQuotaEnabled\": false,\r\n    \"enableSubvolumes\": \"Disabled\",\r\n    \"isLargeVolume\": false\r\n  },\r\n  \"location\": \"eastus\"\r\n}",
      "ResponseHeaders": {
        "Cache-Control": [
          "no-cache"
        ],
        "Pragma": [
          "no-cache"
        ],
        "ETag": [
          "W/\"datetime'2023-07-12T21%3A46%3A25.581004Z'\""
        ],
        "x-ms-request-id": [
          "e0db769b-808d-455c-b4a4-d126da74cdaa"
        ],
        "Azure-AsyncOperation": [
          "https://management.azure.com/subscriptions/0661b131-4a11-479b-96bf-2f95acca2f73/providers/Microsoft.NetApp/locations/eastus/operationResults/a0e5f1cd-9d16-4b19-9788-be965fa8e330?api-version=2022-11-01"
        ],
        "Strict-Transport-Security": [
          "max-age=31536000; includeSubDomains"
        ],
        "Server": [
          "Microsoft-IIS/10.0"
        ],
        "X-Powered-By": [
          "ASP.NET"
        ],
        "x-ms-ratelimit-remaining-subscription-writes": [
          "1194"
        ],
        "x-ms-correlation-request-id": [
          "00196b54-d717-4e2c-a3c9-ac660866869d"
        ],
        "x-ms-routing-request-id": [
          "SWEDENSOUTH:20230712T214626Z:00196b54-d717-4e2c-a3c9-ac660866869d"
        ],
        "X-Content-Type-Options": [
          "nosniff"
        ],
        "Date": [
          "Wed, 12 Jul 2023 21:46:25 GMT"
        ],
        "Content-Length": [
          "1263"
        ],
        "Content-Type": [
          "application/json; charset=utf-8"
        ],
        "Expires": [
          "-1"
        ]
      },
      "ResponseBody": "{\r\n  \"id\": \"/subscriptions/0661b131-4a11-479b-96bf-2f95acca2f73/resourceGroups/ps7010/providers/Microsoft.NetApp/netAppAccounts/ps7410/capacityPools/ps1142/volumes/ps2221\",\r\n  \"name\": \"ps7410/ps1142/ps2221\",\r\n  \"type\": \"Microsoft.NetApp/netAppAccounts/capacityPools/volumes\",\r\n  \"etag\": \"W/\\\"datetime'2023-07-12T21%3A46%3A25.581004Z'\\\"\",\r\n  \"location\": \"eastus\",\r\n  \"tags\": {\r\n    \"CreatedOnDate\": \"2023-07-12T21:46:24.0747854Z\"\r\n  },\r\n  \"properties\": {\r\n    \"volumeType\": \"\",\r\n    \"serviceLevel\": \"Premium\",\r\n    \"creationToken\": \"ps2221\",\r\n    \"usageThreshold\": 107374182400,\r\n    \"subnetId\": \"/subscriptions/0661b131-4a11-479b-96bf-2f95acca2f73/resourceGroups/ps7010/providers/Microsoft.Network/virtualNetworks/ps7010-vnet/subnets/default\",\r\n    \"snapshotDirectoryVisible\": false,\r\n    \"kerberosEnabled\": false,\r\n    \"smbEncryption\": false,\r\n    \"smbContinuouslyAvailable\": false,\r\n    \"ldapEnabled\": false,\r\n    \"coolAccess\": false,\r\n    \"isDefaultQuotaEnabled\": false,\r\n    \"enableSubvolumes\": \"Disabled\",\r\n    \"maximumNumberOfFiles\": 100000000,\r\n    \"deleteBaseSnapshot\": false,\r\n    \"isLargeVolume\": false,\r\n    \"provisioningState\": \"Creating\"\r\n  },\r\n  \"systemData\": {\r\n    \"createdBy\": \"c6c4faba-2b22-44d9-80a4-71ff5b71f811\",\r\n    \"createdByType\": \"Application\",\r\n    \"createdAt\": \"2023-07-12T21:46:24.970558Z\",\r\n    \"lastModifiedBy\": \"c6c4faba-2b22-44d9-80a4-71ff5b71f811\",\r\n    \"lastModifiedByType\": \"Application\",\r\n    \"lastModifiedAt\": \"2023-07-12T21:46:24.970558Z\"\r\n  }\r\n}",
      "StatusCode": 201
    },
    {
      "RequestUri": "/subscriptions/0661b131-4a11-479b-96bf-2f95acca2f73/providers/Microsoft.NetApp/locations/eastus/operationResults/a0e5f1cd-9d16-4b19-9788-be965fa8e330?api-version=2022-11-01",
      "EncodedRequestUri": "L3N1YnNjcmlwdGlvbnMvMDY2MWIxMzEtNGExMS00NzliLTk2YmYtMmY5NWFjY2EyZjczL3Byb3ZpZGVycy9NaWNyb3NvZnQuTmV0QXBwL2xvY2F0aW9ucy9lYXN0dXMvb3BlcmF0aW9uUmVzdWx0cy9hMGU1ZjFjZC05ZDE2LTRiMTktOTc4OC1iZTk2NWZhOGUzMzA/YXBpLXZlcnNpb249MjAyMi0xMS0wMQ==",
      "RequestMethod": "GET",
      "RequestHeaders": {
        "x-ms-client-request-id": [
          "45d01334-9432-4851-99a3-8f2a6f43bc26"
        ],
        "User-Agent": [
          "FxVersion/4.700.22.55902",
          "OSName/Windows",
          "OSVersion/Microsoft.Windows.10.0.22621",
          "Microsoft.Azure.Management.NetApp.AzureNetAppFilesManagementClient/0.0.0.0"
        ]
      },
      "RequestBody": "",
      "ResponseHeaders": {
        "Cache-Control": [
          "no-cache"
        ],
        "Pragma": [
          "no-cache"
        ],
        "x-ms-request-id": [
          "f3619e48-855a-450b-ae05-e7c57e2a81dd"
        ],
        "Strict-Transport-Security": [
          "max-age=31536000; includeSubDomains"
        ],
        "Server": [
          "Microsoft-IIS/10.0"
        ],
        "X-Powered-By": [
          "ASP.NET"
        ],
        "x-ms-ratelimit-remaining-subscription-reads": [
          "11943"
        ],
        "x-ms-correlation-request-id": [
          "c96a8344-04cb-43c5-88db-2198c438e4ce"
        ],
        "x-ms-routing-request-id": [
          "SWEDENSOUTH:20230712T214656Z:c96a8344-04cb-43c5-88db-2198c438e4ce"
        ],
        "X-Content-Type-Options": [
          "nosniff"
        ],
        "Date": [
          "Wed, 12 Jul 2023 21:46:56 GMT"
        ],
        "Content-Length": [
          "531"
        ],
        "Content-Type": [
          "application/json; charset=utf-8"
        ],
        "Expires": [
          "-1"
        ]
      },
      "ResponseBody": "{\r\n  \"id\": \"/subscriptions/0661b131-4a11-479b-96bf-2f95acca2f73/providers/Microsoft.NetApp/locations/eastus/operationResults/a0e5f1cd-9d16-4b19-9788-be965fa8e330\",\r\n  \"name\": \"a0e5f1cd-9d16-4b19-9788-be965fa8e330\",\r\n  \"status\": \"Creating\",\r\n  \"startTime\": \"2023-07-12T21:46:25.5904605Z\",\r\n  \"endTime\": \"0001-01-01T00:00:00Z\",\r\n  \"percentComplete\": 0.0,\r\n  \"properties\": {\r\n    \"resourceName\": \"/subscriptions/0661b131-4a11-479b-96bf-2f95acca2f73/resourceGroups/ps7010/providers/Microsoft.NetApp/netAppAccounts/ps7410/capacityPools/ps1142/volumes/ps2221\",\r\n    \"action\": \"CREATE\"\r\n  }\r\n}",
      "StatusCode": 200
    },
    {
      "RequestUri": "/subscriptions/0661b131-4a11-479b-96bf-2f95acca2f73/providers/Microsoft.NetApp/locations/eastus/operationResults/a0e5f1cd-9d16-4b19-9788-be965fa8e330?api-version=2022-11-01",
      "EncodedRequestUri": "L3N1YnNjcmlwdGlvbnMvMDY2MWIxMzEtNGExMS00NzliLTk2YmYtMmY5NWFjY2EyZjczL3Byb3ZpZGVycy9NaWNyb3NvZnQuTmV0QXBwL2xvY2F0aW9ucy9lYXN0dXMvb3BlcmF0aW9uUmVzdWx0cy9hMGU1ZjFjZC05ZDE2LTRiMTktOTc4OC1iZTk2NWZhOGUzMzA/YXBpLXZlcnNpb249MjAyMi0xMS0wMQ==",
      "RequestMethod": "GET",
      "RequestHeaders": {
        "x-ms-client-request-id": [
          "45d01334-9432-4851-99a3-8f2a6f43bc26"
        ],
        "User-Agent": [
          "FxVersion/4.700.22.55902",
          "OSName/Windows",
          "OSVersion/Microsoft.Windows.10.0.22621",
          "Microsoft.Azure.Management.NetApp.AzureNetAppFilesManagementClient/0.0.0.0"
        ]
      },
      "RequestBody": "",
      "ResponseHeaders": {
        "Cache-Control": [
          "no-cache"
        ],
        "Pragma": [
          "no-cache"
        ],
        "x-ms-request-id": [
          "1ea4fc13-d795-44b6-9ac6-50c2ae12ff60"
        ],
        "Strict-Transport-Security": [
          "max-age=31536000; includeSubDomains"
        ],
        "Server": [
          "Microsoft-IIS/10.0"
        ],
        "X-Powered-By": [
          "ASP.NET"
        ],
        "x-ms-ratelimit-remaining-subscription-reads": [
          "11942"
        ],
        "x-ms-correlation-request-id": [
          "4078eb45-2eed-4126-8aca-41a4b0049613"
        ],
        "x-ms-routing-request-id": [
          "SWEDENSOUTH:20230712T214726Z:4078eb45-2eed-4126-8aca-41a4b0049613"
        ],
        "X-Content-Type-Options": [
          "nosniff"
        ],
        "Date": [
          "Wed, 12 Jul 2023 21:47:26 GMT"
        ],
        "Content-Length": [
          "531"
        ],
        "Content-Type": [
          "application/json; charset=utf-8"
        ],
        "Expires": [
          "-1"
        ]
      },
      "ResponseBody": "{\r\n  \"id\": \"/subscriptions/0661b131-4a11-479b-96bf-2f95acca2f73/providers/Microsoft.NetApp/locations/eastus/operationResults/a0e5f1cd-9d16-4b19-9788-be965fa8e330\",\r\n  \"name\": \"a0e5f1cd-9d16-4b19-9788-be965fa8e330\",\r\n  \"status\": \"Creating\",\r\n  \"startTime\": \"2023-07-12T21:46:25.5904605Z\",\r\n  \"endTime\": \"0001-01-01T00:00:00Z\",\r\n  \"percentComplete\": 0.0,\r\n  \"properties\": {\r\n    \"resourceName\": \"/subscriptions/0661b131-4a11-479b-96bf-2f95acca2f73/resourceGroups/ps7010/providers/Microsoft.NetApp/netAppAccounts/ps7410/capacityPools/ps1142/volumes/ps2221\",\r\n    \"action\": \"CREATE\"\r\n  }\r\n}",
      "StatusCode": 200
    },
    {
      "RequestUri": "/subscriptions/0661b131-4a11-479b-96bf-2f95acca2f73/providers/Microsoft.NetApp/locations/eastus/operationResults/a0e5f1cd-9d16-4b19-9788-be965fa8e330?api-version=2022-11-01",
      "EncodedRequestUri": "L3N1YnNjcmlwdGlvbnMvMDY2MWIxMzEtNGExMS00NzliLTk2YmYtMmY5NWFjY2EyZjczL3Byb3ZpZGVycy9NaWNyb3NvZnQuTmV0QXBwL2xvY2F0aW9ucy9lYXN0dXMvb3BlcmF0aW9uUmVzdWx0cy9hMGU1ZjFjZC05ZDE2LTRiMTktOTc4OC1iZTk2NWZhOGUzMzA/YXBpLXZlcnNpb249MjAyMi0xMS0wMQ==",
      "RequestMethod": "GET",
      "RequestHeaders": {
        "x-ms-client-request-id": [
          "45d01334-9432-4851-99a3-8f2a6f43bc26"
        ],
        "User-Agent": [
          "FxVersion/4.700.22.55902",
          "OSName/Windows",
          "OSVersion/Microsoft.Windows.10.0.22621",
          "Microsoft.Azure.Management.NetApp.AzureNetAppFilesManagementClient/0.0.0.0"
        ]
      },
      "RequestBody": "",
      "ResponseHeaders": {
        "Cache-Control": [
          "no-cache"
        ],
        "Pragma": [
          "no-cache"
        ],
        "x-ms-request-id": [
          "ad6ec289-33fd-43e4-8070-ac4d418267cf"
        ],
        "Strict-Transport-Security": [
          "max-age=31536000; includeSubDomains"
        ],
        "Server": [
          "Microsoft-IIS/10.0"
        ],
        "X-Powered-By": [
          "ASP.NET"
        ],
        "x-ms-ratelimit-remaining-subscription-reads": [
          "11941"
        ],
        "x-ms-correlation-request-id": [
          "253441ef-a50e-47ae-8495-b3c92b26adc0"
        ],
        "x-ms-routing-request-id": [
          "SWEDENSOUTH:20230712T214757Z:253441ef-a50e-47ae-8495-b3c92b26adc0"
        ],
        "X-Content-Type-Options": [
          "nosniff"
        ],
        "Date": [
          "Wed, 12 Jul 2023 21:47:56 GMT"
        ],
        "Content-Length": [
          "531"
        ],
        "Content-Type": [
          "application/json; charset=utf-8"
        ],
        "Expires": [
          "-1"
        ]
      },
      "ResponseBody": "{\r\n  \"id\": \"/subscriptions/0661b131-4a11-479b-96bf-2f95acca2f73/providers/Microsoft.NetApp/locations/eastus/operationResults/a0e5f1cd-9d16-4b19-9788-be965fa8e330\",\r\n  \"name\": \"a0e5f1cd-9d16-4b19-9788-be965fa8e330\",\r\n  \"status\": \"Creating\",\r\n  \"startTime\": \"2023-07-12T21:46:25.5904605Z\",\r\n  \"endTime\": \"0001-01-01T00:00:00Z\",\r\n  \"percentComplete\": 0.0,\r\n  \"properties\": {\r\n    \"resourceName\": \"/subscriptions/0661b131-4a11-479b-96bf-2f95acca2f73/resourceGroups/ps7010/providers/Microsoft.NetApp/netAppAccounts/ps7410/capacityPools/ps1142/volumes/ps2221\",\r\n    \"action\": \"CREATE\"\r\n  }\r\n}",
      "StatusCode": 200
    },
    {
      "RequestUri": "/subscriptions/0661b131-4a11-479b-96bf-2f95acca2f73/providers/Microsoft.NetApp/locations/eastus/operationResults/a0e5f1cd-9d16-4b19-9788-be965fa8e330?api-version=2022-11-01",
      "EncodedRequestUri": "L3N1YnNjcmlwdGlvbnMvMDY2MWIxMzEtNGExMS00NzliLTk2YmYtMmY5NWFjY2EyZjczL3Byb3ZpZGVycy9NaWNyb3NvZnQuTmV0QXBwL2xvY2F0aW9ucy9lYXN0dXMvb3BlcmF0aW9uUmVzdWx0cy9hMGU1ZjFjZC05ZDE2LTRiMTktOTc4OC1iZTk2NWZhOGUzMzA/YXBpLXZlcnNpb249MjAyMi0xMS0wMQ==",
      "RequestMethod": "GET",
      "RequestHeaders": {
        "x-ms-client-request-id": [
          "45d01334-9432-4851-99a3-8f2a6f43bc26"
        ],
        "User-Agent": [
          "FxVersion/4.700.22.55902",
          "OSName/Windows",
          "OSVersion/Microsoft.Windows.10.0.22621",
          "Microsoft.Azure.Management.NetApp.AzureNetAppFilesManagementClient/0.0.0.0"
        ]
      },
      "RequestBody": "",
      "ResponseHeaders": {
        "Cache-Control": [
          "no-cache"
        ],
        "Pragma": [
          "no-cache"
        ],
        "x-ms-request-id": [
          "c25293ec-6c36-4512-b1ec-34cbbb343ace"
        ],
        "Strict-Transport-Security": [
          "max-age=31536000; includeSubDomains"
        ],
        "Server": [
          "Microsoft-IIS/10.0"
        ],
        "X-Powered-By": [
          "ASP.NET"
        ],
        "x-ms-ratelimit-remaining-subscription-reads": [
          "11940"
        ],
        "x-ms-correlation-request-id": [
          "530a3fdc-7de0-46c5-9007-6bbe446aca3d"
        ],
        "x-ms-routing-request-id": [
          "SWEDENSOUTH:20230712T214827Z:530a3fdc-7de0-46c5-9007-6bbe446aca3d"
        ],
        "X-Content-Type-Options": [
          "nosniff"
        ],
        "Date": [
          "Wed, 12 Jul 2023 21:48:26 GMT"
        ],
        "Content-Length": [
          "531"
        ],
        "Content-Type": [
          "application/json; charset=utf-8"
        ],
        "Expires": [
          "-1"
        ]
      },
      "ResponseBody": "{\r\n  \"id\": \"/subscriptions/0661b131-4a11-479b-96bf-2f95acca2f73/providers/Microsoft.NetApp/locations/eastus/operationResults/a0e5f1cd-9d16-4b19-9788-be965fa8e330\",\r\n  \"name\": \"a0e5f1cd-9d16-4b19-9788-be965fa8e330\",\r\n  \"status\": \"Creating\",\r\n  \"startTime\": \"2023-07-12T21:46:25.5904605Z\",\r\n  \"endTime\": \"0001-01-01T00:00:00Z\",\r\n  \"percentComplete\": 0.0,\r\n  \"properties\": {\r\n    \"resourceName\": \"/subscriptions/0661b131-4a11-479b-96bf-2f95acca2f73/resourceGroups/ps7010/providers/Microsoft.NetApp/netAppAccounts/ps7410/capacityPools/ps1142/volumes/ps2221\",\r\n    \"action\": \"CREATE\"\r\n  }\r\n}",
      "StatusCode": 200
    },
    {
      "RequestUri": "/subscriptions/0661b131-4a11-479b-96bf-2f95acca2f73/providers/Microsoft.NetApp/locations/eastus/operationResults/a0e5f1cd-9d16-4b19-9788-be965fa8e330?api-version=2022-11-01",
      "EncodedRequestUri": "L3N1YnNjcmlwdGlvbnMvMDY2MWIxMzEtNGExMS00NzliLTk2YmYtMmY5NWFjY2EyZjczL3Byb3ZpZGVycy9NaWNyb3NvZnQuTmV0QXBwL2xvY2F0aW9ucy9lYXN0dXMvb3BlcmF0aW9uUmVzdWx0cy9hMGU1ZjFjZC05ZDE2LTRiMTktOTc4OC1iZTk2NWZhOGUzMzA/YXBpLXZlcnNpb249MjAyMi0xMS0wMQ==",
      "RequestMethod": "GET",
      "RequestHeaders": {
        "x-ms-client-request-id": [
          "45d01334-9432-4851-99a3-8f2a6f43bc26"
        ],
        "User-Agent": [
          "FxVersion/4.700.22.55902",
          "OSName/Windows",
          "OSVersion/Microsoft.Windows.10.0.22621",
          "Microsoft.Azure.Management.NetApp.AzureNetAppFilesManagementClient/0.0.0.0"
        ]
      },
      "RequestBody": "",
      "ResponseHeaders": {
        "Cache-Control": [
          "no-cache"
        ],
        "Pragma": [
          "no-cache"
        ],
        "x-ms-request-id": [
          "97532861-f56b-4113-81f8-67b9989f27cb"
        ],
        "Strict-Transport-Security": [
          "max-age=31536000; includeSubDomains"
        ],
        "Server": [
          "Microsoft-IIS/10.0"
        ],
        "X-Powered-By": [
          "ASP.NET"
        ],
        "x-ms-ratelimit-remaining-subscription-reads": [
          "11939"
        ],
        "x-ms-correlation-request-id": [
          "ec58e82e-d90c-4dbc-86b1-99a27f5e51e2"
        ],
        "x-ms-routing-request-id": [
          "SWEDENSOUTH:20230712T214857Z:ec58e82e-d90c-4dbc-86b1-99a27f5e51e2"
        ],
        "X-Content-Type-Options": [
          "nosniff"
        ],
        "Date": [
          "Wed, 12 Jul 2023 21:48:57 GMT"
        ],
        "Content-Length": [
          "531"
        ],
        "Content-Type": [
          "application/json; charset=utf-8"
        ],
        "Expires": [
          "-1"
        ]
      },
      "ResponseBody": "{\r\n  \"id\": \"/subscriptions/0661b131-4a11-479b-96bf-2f95acca2f73/providers/Microsoft.NetApp/locations/eastus/operationResults/a0e5f1cd-9d16-4b19-9788-be965fa8e330\",\r\n  \"name\": \"a0e5f1cd-9d16-4b19-9788-be965fa8e330\",\r\n  \"status\": \"Creating\",\r\n  \"startTime\": \"2023-07-12T21:46:25.5904605Z\",\r\n  \"endTime\": \"0001-01-01T00:00:00Z\",\r\n  \"percentComplete\": 0.0,\r\n  \"properties\": {\r\n    \"resourceName\": \"/subscriptions/0661b131-4a11-479b-96bf-2f95acca2f73/resourceGroups/ps7010/providers/Microsoft.NetApp/netAppAccounts/ps7410/capacityPools/ps1142/volumes/ps2221\",\r\n    \"action\": \"CREATE\"\r\n  }\r\n}",
      "StatusCode": 200
    },
    {
      "RequestUri": "/subscriptions/0661b131-4a11-479b-96bf-2f95acca2f73/providers/Microsoft.NetApp/locations/eastus/operationResults/a0e5f1cd-9d16-4b19-9788-be965fa8e330?api-version=2022-11-01",
      "EncodedRequestUri": "L3N1YnNjcmlwdGlvbnMvMDY2MWIxMzEtNGExMS00NzliLTk2YmYtMmY5NWFjY2EyZjczL3Byb3ZpZGVycy9NaWNyb3NvZnQuTmV0QXBwL2xvY2F0aW9ucy9lYXN0dXMvb3BlcmF0aW9uUmVzdWx0cy9hMGU1ZjFjZC05ZDE2LTRiMTktOTc4OC1iZTk2NWZhOGUzMzA/YXBpLXZlcnNpb249MjAyMi0xMS0wMQ==",
      "RequestMethod": "GET",
      "RequestHeaders": {
        "x-ms-client-request-id": [
          "45d01334-9432-4851-99a3-8f2a6f43bc26"
        ],
        "User-Agent": [
          "FxVersion/4.700.22.55902",
          "OSName/Windows",
          "OSVersion/Microsoft.Windows.10.0.22621",
          "Microsoft.Azure.Management.NetApp.AzureNetAppFilesManagementClient/0.0.0.0"
        ]
      },
      "RequestBody": "",
      "ResponseHeaders": {
        "Cache-Control": [
          "no-cache"
        ],
        "Pragma": [
          "no-cache"
        ],
        "x-ms-request-id": [
          "29ed450e-7daf-4c0d-8a49-1487d28e9fe0"
        ],
        "Strict-Transport-Security": [
          "max-age=31536000; includeSubDomains"
        ],
        "Server": [
          "Microsoft-IIS/10.0"
        ],
        "X-Powered-By": [
          "ASP.NET"
        ],
        "x-ms-ratelimit-remaining-subscription-reads": [
          "11938"
        ],
        "x-ms-correlation-request-id": [
          "a195028a-4203-4264-8f38-cb9163e4de78"
        ],
        "x-ms-routing-request-id": [
          "SWEDENSOUTH:20230712T214927Z:a195028a-4203-4264-8f38-cb9163e4de78"
        ],
        "X-Content-Type-Options": [
          "nosniff"
        ],
        "Date": [
          "Wed, 12 Jul 2023 21:49:27 GMT"
        ],
        "Content-Length": [
          "531"
        ],
        "Content-Type": [
          "application/json; charset=utf-8"
        ],
        "Expires": [
          "-1"
        ]
      },
      "ResponseBody": "{\r\n  \"id\": \"/subscriptions/0661b131-4a11-479b-96bf-2f95acca2f73/providers/Microsoft.NetApp/locations/eastus/operationResults/a0e5f1cd-9d16-4b19-9788-be965fa8e330\",\r\n  \"name\": \"a0e5f1cd-9d16-4b19-9788-be965fa8e330\",\r\n  \"status\": \"Creating\",\r\n  \"startTime\": \"2023-07-12T21:46:25.5904605Z\",\r\n  \"endTime\": \"0001-01-01T00:00:00Z\",\r\n  \"percentComplete\": 0.0,\r\n  \"properties\": {\r\n    \"resourceName\": \"/subscriptions/0661b131-4a11-479b-96bf-2f95acca2f73/resourceGroups/ps7010/providers/Microsoft.NetApp/netAppAccounts/ps7410/capacityPools/ps1142/volumes/ps2221\",\r\n    \"action\": \"CREATE\"\r\n  }\r\n}",
      "StatusCode": 200
    },
    {
      "RequestUri": "/subscriptions/0661b131-4a11-479b-96bf-2f95acca2f73/providers/Microsoft.NetApp/locations/eastus/operationResults/a0e5f1cd-9d16-4b19-9788-be965fa8e330?api-version=2022-11-01",
      "EncodedRequestUri": "L3N1YnNjcmlwdGlvbnMvMDY2MWIxMzEtNGExMS00NzliLTk2YmYtMmY5NWFjY2EyZjczL3Byb3ZpZGVycy9NaWNyb3NvZnQuTmV0QXBwL2xvY2F0aW9ucy9lYXN0dXMvb3BlcmF0aW9uUmVzdWx0cy9hMGU1ZjFjZC05ZDE2LTRiMTktOTc4OC1iZTk2NWZhOGUzMzA/YXBpLXZlcnNpb249MjAyMi0xMS0wMQ==",
      "RequestMethod": "GET",
      "RequestHeaders": {
        "x-ms-client-request-id": [
          "45d01334-9432-4851-99a3-8f2a6f43bc26"
        ],
        "User-Agent": [
          "FxVersion/4.700.22.55902",
          "OSName/Windows",
          "OSVersion/Microsoft.Windows.10.0.22621",
          "Microsoft.Azure.Management.NetApp.AzureNetAppFilesManagementClient/0.0.0.0"
        ]
      },
      "RequestBody": "",
      "ResponseHeaders": {
        "Cache-Control": [
          "no-cache"
        ],
        "Pragma": [
          "no-cache"
        ],
        "x-ms-request-id": [
          "560e00e5-f40c-412c-8592-9b161abf47df"
        ],
        "Strict-Transport-Security": [
          "max-age=31536000; includeSubDomains"
        ],
        "Server": [
          "Microsoft-IIS/10.0"
        ],
        "X-Powered-By": [
          "ASP.NET"
        ],
        "x-ms-ratelimit-remaining-subscription-reads": [
          "11937"
        ],
        "x-ms-correlation-request-id": [
          "ac38948b-4f53-492a-a7d1-d713bb3f3d3c"
        ],
        "x-ms-routing-request-id": [
          "SWEDENSOUTH:20230712T214957Z:ac38948b-4f53-492a-a7d1-d713bb3f3d3c"
        ],
        "X-Content-Type-Options": [
          "nosniff"
        ],
        "Date": [
          "Wed, 12 Jul 2023 21:49:56 GMT"
        ],
        "Content-Length": [
          "531"
        ],
        "Content-Type": [
          "application/json; charset=utf-8"
        ],
        "Expires": [
          "-1"
        ]
      },
      "ResponseBody": "{\r\n  \"id\": \"/subscriptions/0661b131-4a11-479b-96bf-2f95acca2f73/providers/Microsoft.NetApp/locations/eastus/operationResults/a0e5f1cd-9d16-4b19-9788-be965fa8e330\",\r\n  \"name\": \"a0e5f1cd-9d16-4b19-9788-be965fa8e330\",\r\n  \"status\": \"Creating\",\r\n  \"startTime\": \"2023-07-12T21:46:25.5904605Z\",\r\n  \"endTime\": \"0001-01-01T00:00:00Z\",\r\n  \"percentComplete\": 0.0,\r\n  \"properties\": {\r\n    \"resourceName\": \"/subscriptions/0661b131-4a11-479b-96bf-2f95acca2f73/resourceGroups/ps7010/providers/Microsoft.NetApp/netAppAccounts/ps7410/capacityPools/ps1142/volumes/ps2221\",\r\n    \"action\": \"CREATE\"\r\n  }\r\n}",
      "StatusCode": 200
    },
    {
      "RequestUri": "/subscriptions/0661b131-4a11-479b-96bf-2f95acca2f73/providers/Microsoft.NetApp/locations/eastus/operationResults/a0e5f1cd-9d16-4b19-9788-be965fa8e330?api-version=2022-11-01",
      "EncodedRequestUri": "L3N1YnNjcmlwdGlvbnMvMDY2MWIxMzEtNGExMS00NzliLTk2YmYtMmY5NWFjY2EyZjczL3Byb3ZpZGVycy9NaWNyb3NvZnQuTmV0QXBwL2xvY2F0aW9ucy9lYXN0dXMvb3BlcmF0aW9uUmVzdWx0cy9hMGU1ZjFjZC05ZDE2LTRiMTktOTc4OC1iZTk2NWZhOGUzMzA/YXBpLXZlcnNpb249MjAyMi0xMS0wMQ==",
      "RequestMethod": "GET",
      "RequestHeaders": {
        "x-ms-client-request-id": [
          "45d01334-9432-4851-99a3-8f2a6f43bc26"
        ],
        "User-Agent": [
          "FxVersion/4.700.22.55902",
          "OSName/Windows",
          "OSVersion/Microsoft.Windows.10.0.22621",
          "Microsoft.Azure.Management.NetApp.AzureNetAppFilesManagementClient/0.0.0.0"
        ]
      },
      "RequestBody": "",
      "ResponseHeaders": {
        "Cache-Control": [
          "no-cache"
        ],
        "Pragma": [
          "no-cache"
        ],
        "x-ms-request-id": [
          "ece2f56a-d5c1-40ed-b357-55553fbacb9b"
        ],
        "Strict-Transport-Security": [
          "max-age=31536000; includeSubDomains"
        ],
        "x-ms-ratelimit-remaining-subscription-reads": [
          "11937"
        ],
        "Server": [
          "Microsoft-IIS/10.0"
        ],
        "X-Powered-By": [
          "ASP.NET"
        ],
        "x-ms-correlation-request-id": [
          "761f8ad8-0827-4269-8894-a85161c3e40d"
        ],
        "x-ms-routing-request-id": [
          "SWEDENSOUTH:20230712T215028Z:761f8ad8-0827-4269-8894-a85161c3e40d"
        ],
        "X-Content-Type-Options": [
          "nosniff"
        ],
        "Date": [
          "Wed, 12 Jul 2023 21:50:27 GMT"
        ],
        "Content-Length": [
          "542"
        ],
        "Content-Type": [
          "application/json; charset=utf-8"
        ],
        "Expires": [
          "-1"
        ]
      },
      "ResponseBody": "{\r\n  \"id\": \"/subscriptions/0661b131-4a11-479b-96bf-2f95acca2f73/providers/Microsoft.NetApp/locations/eastus/operationResults/a0e5f1cd-9d16-4b19-9788-be965fa8e330\",\r\n  \"name\": \"a0e5f1cd-9d16-4b19-9788-be965fa8e330\",\r\n  \"status\": \"Succeeded\",\r\n  \"startTime\": \"2023-07-12T21:46:25.5904605Z\",\r\n  \"endTime\": \"2023-07-12T21:50:26.6416685Z\",\r\n  \"percentComplete\": 100.0,\r\n  \"properties\": {\r\n    \"resourceName\": \"/subscriptions/0661b131-4a11-479b-96bf-2f95acca2f73/resourceGroups/ps7010/providers/Microsoft.NetApp/netAppAccounts/ps7410/capacityPools/ps1142/volumes/ps2221\",\r\n    \"action\": \"CREATE\"\r\n  }\r\n}",
      "StatusCode": 200
    },
    {
      "RequestUri": "/subscriptions/0661b131-4a11-479b-96bf-2f95acca2f73/resourceGroups/ps7010/providers/Microsoft.NetApp/netAppAccounts/ps7410/capacityPools/ps1142/volumes/ps2221?api-version=2022-11-01",
      "EncodedRequestUri": "L3N1YnNjcmlwdGlvbnMvMDY2MWIxMzEtNGExMS00NzliLTk2YmYtMmY5NWFjY2EyZjczL3Jlc291cmNlR3JvdXBzL3BzNzAxMC9wcm92aWRlcnMvTWljcm9zb2Z0Lk5ldEFwcC9uZXRBcHBBY2NvdW50cy9wczc0MTAvY2FwYWNpdHlQb29scy9wczExNDIvdm9sdW1lcy9wczIyMjE/YXBpLXZlcnNpb249MjAyMi0xMS0wMQ==",
      "RequestMethod": "GET",
      "RequestHeaders": {
        "x-ms-client-request-id": [
          "45d01334-9432-4851-99a3-8f2a6f43bc26"
        ],
        "User-Agent": [
          "FxVersion/4.700.22.55902",
          "OSName/Windows",
          "OSVersion/Microsoft.Windows.10.0.22621",
          "Microsoft.Azure.Management.NetApp.AzureNetAppFilesManagementClient/0.0.0.0"
        ]
      },
      "RequestBody": "",
      "ResponseHeaders": {
        "Cache-Control": [
          "no-cache"
        ],
        "Pragma": [
          "no-cache"
        ],
        "ETag": [
          "W/\"datetime'2023-07-12T21%3A50%3A26.6273638Z'\""
        ],
        "x-ms-request-id": [
          "5861f01d-357a-4331-a328-fc37e2719286"
        ],
        "Strict-Transport-Security": [
          "max-age=31536000; includeSubDomains"
        ],
        "Server": [
          "Microsoft-IIS/10.0"
        ],
        "X-Powered-By": [
          "ASP.NET"
        ],
        "x-ms-ratelimit-remaining-subscription-reads": [
          "11936"
        ],
        "x-ms-correlation-request-id": [
          "1eda20aa-08c0-48d5-8ad1-a15ed3100cf9"
        ],
        "x-ms-routing-request-id": [
          "SWEDENSOUTH:20230712T215028Z:1eda20aa-08c0-48d5-8ad1-a15ed3100cf9"
        ],
        "X-Content-Type-Options": [
          "nosniff"
        ],
        "Date": [
          "Wed, 12 Jul 2023 21:50:28 GMT"
        ],
        "Content-Length": [
          "2365"
        ],
        "Content-Type": [
          "application/json; charset=utf-8"
        ],
        "Expires": [
          "-1"
        ]
      },
      "ResponseBody": "{\r\n  \"id\": \"/subscriptions/0661b131-4a11-479b-96bf-2f95acca2f73/resourceGroups/ps7010/providers/Microsoft.NetApp/netAppAccounts/ps7410/capacityPools/ps1142/volumes/ps2221\",\r\n  \"name\": \"ps7410/ps1142/ps2221\",\r\n  \"type\": \"Microsoft.NetApp/netAppAccounts/capacityPools/volumes\",\r\n  \"etag\": \"W/\\\"datetime'2023-07-12T21%3A50%3A26.6273638Z'\\\"\",\r\n  \"location\": \"eastus\",\r\n  \"tags\": {\r\n    \"CreatedOnDate\": \"2023-07-12T21:46:24.0747854Z\"\r\n  },\r\n  \"properties\": {\r\n    \"volumeType\": \"\",\r\n    \"fileSystemId\": \"414b6f3c-dc0c-0e85-6196-ac293e88c79a\",\r\n    \"serviceLevel\": \"Premium\",\r\n    \"creationToken\": \"ps2221\",\r\n    \"usageThreshold\": 107374182400,\r\n    \"exportPolicy\": {\r\n      \"rules\": [\r\n        {\r\n          \"ruleIndex\": 1,\r\n          \"unixReadOnly\": false,\r\n          \"unixReadWrite\": true,\r\n          \"cifs\": false,\r\n          \"nfsv3\": true,\r\n          \"nfsv41\": false,\r\n          \"allowedClients\": \"0.0.0.0/0\",\r\n          \"kerberos5ReadOnly\": false,\r\n          \"kerberos5ReadWrite\": false,\r\n          \"kerberos5iReadOnly\": false,\r\n          \"kerberos5iReadWrite\": false,\r\n          \"kerberos5pReadOnly\": false,\r\n          \"kerberos5pReadWrite\": false,\r\n          \"hasRootAccess\": true,\r\n          \"chownMode\": \"Restricted\"\r\n        }\r\n      ]\r\n    },\r\n    \"protocolTypes\": [\r\n      \"NFSv3\"\r\n    ],\r\n    \"baremetalTenantId\": \"baremetalTenant_svm_87508582e46940f198ca0fff2e789f31_3e38fb1e\",\r\n    \"subnetId\": \"/subscriptions/0661b131-4a11-479b-96bf-2f95acca2f73/resourceGroups/ps7010/providers/Microsoft.Network/virtualNetworks/ps7010-vnet/subnets/default\",\r\n    \"networkFeatures\": \"Basic\",\r\n    \"networkSiblingSetId\": \"3ac84b61-82ac-db46-7119-4d1db15a044c\",\r\n    \"storageToNetworkProximity\": \"T2\",\r\n    \"snapshotDirectoryVisible\": false,\r\n    \"kerberosEnabled\": false,\r\n    \"securityStyle\": \"Unix\",\r\n    \"smbEncryption\": false,\r\n    \"smbContinuouslyAvailable\": false,\r\n    \"encryptionKeySource\": \"Microsoft.NetApp\",\r\n    \"ldapEnabled\": false,\r\n    \"unixPermissions\": \"0770\",\r\n    \"mountTargets\": [\r\n      {\r\n        \"mountTargetId\": \"414b6f3c-dc0c-0e85-6196-ac293e88c79a\",\r\n        \"fileSystemId\": \"414b6f3c-dc0c-0e85-6196-ac293e88c79a\",\r\n        \"ipAddress\": \"10.0.1.4\"\r\n      }\r\n    ],\r\n    \"coolAccess\": false,\r\n    \"avsDataStore\": \"Disabled\",\r\n    \"isDefaultQuotaEnabled\": false,\r\n    \"defaultUserQuotaInKiBs\": 0,\r\n    \"defaultGroupQuotaInKiBs\": 0,\r\n    \"enableSubvolumes\": \"Disabled\",\r\n    \"maximumNumberOfFiles\": 100000000,\r\n    \"smbNonBrowsable\": \"Disabled\",\r\n    \"smbAccessBasedEnumeration\": \"Disabled\",\r\n    \"deleteBaseSnapshot\": false,\r\n    \"isLargeVolume\": false,\r\n    \"provisionedAvailabilityZone\": \"3\",\r\n    \"actualThroughputMibps\": 6.25,\r\n    \"provisioningState\": \"Succeeded\"\r\n  },\r\n  \"systemData\": {\r\n    \"createdBy\": \"c6c4faba-2b22-44d9-80a4-71ff5b71f811\",\r\n    \"createdByType\": \"Application\",\r\n    \"createdAt\": \"2023-07-12T21:46:24.970558Z\",\r\n    \"lastModifiedBy\": \"c6c4faba-2b22-44d9-80a4-71ff5b71f811\",\r\n    \"lastModifiedByType\": \"Application\",\r\n    \"lastModifiedAt\": \"2023-07-12T21:46:24.970558Z\"\r\n  }\r\n}",
      "StatusCode": 200
    },
    {
      "RequestUri": "/subscriptions/0661b131-4a11-479b-96bf-2f95acca2f73/resourceGroups/ps7010/providers/Microsoft.NetApp/netAppAccounts/ps7410/capacityPools/ps1142/volumes/ps2221?api-version=2022-11-01",
      "EncodedRequestUri": "L3N1YnNjcmlwdGlvbnMvMDY2MWIxMzEtNGExMS00NzliLTk2YmYtMmY5NWFjY2EyZjczL3Jlc291cmNlR3JvdXBzL3BzNzAxMC9wcm92aWRlcnMvTWljcm9zb2Z0Lk5ldEFwcC9uZXRBcHBBY2NvdW50cy9wczc0MTAvY2FwYWNpdHlQb29scy9wczExNDIvdm9sdW1lcy9wczIyMjE/YXBpLXZlcnNpb249MjAyMi0xMS0wMQ==",
      "RequestMethod": "GET",
      "RequestHeaders": {
        "x-ms-client-request-id": [
          "056cc6dc-7a91-4784-bfb1-f44960d32829"
        ],
        "Accept-Language": [
          "en-US"
        ],
        "User-Agent": [
          "FxVersion/4.700.22.55902",
          "OSName/Windows",
          "OSVersion/Microsoft.Windows.10.0.22621",
          "Microsoft.Azure.Management.NetApp.AzureNetAppFilesManagementClient/0.0.0.0"
        ]
      },
      "RequestBody": "",
      "ResponseHeaders": {
        "Cache-Control": [
          "no-cache"
        ],
        "Pragma": [
          "no-cache"
        ],
        "ETag": [
          "W/\"datetime'2023-07-12T21%3A50%3A26.6273638Z'\""
        ],
        "x-ms-request-id": [
          "9f750fa0-39b5-4a3a-ba16-3fdac0b5ddea"
        ],
        "Strict-Transport-Security": [
          "max-age=31536000; includeSubDomains"
        ],
        "Server": [
          "Microsoft-IIS/10.0"
        ],
        "X-Powered-By": [
          "ASP.NET"
        ],
        "x-ms-ratelimit-remaining-subscription-reads": [
          "11981"
        ],
        "x-ms-correlation-request-id": [
          "febbfad1-1340-4104-a2b8-26edbe609ddc"
        ],
        "x-ms-routing-request-id": [
          "SWEDENSOUTH:20230712T215030Z:febbfad1-1340-4104-a2b8-26edbe609ddc"
        ],
        "X-Content-Type-Options": [
          "nosniff"
        ],
        "Date": [
          "Wed, 12 Jul 2023 21:50:30 GMT"
        ],
        "Content-Length": [
          "2365"
        ],
        "Content-Type": [
          "application/json; charset=utf-8"
        ],
        "Expires": [
          "-1"
        ]
      },
      "ResponseBody": "{\r\n  \"id\": \"/subscriptions/0661b131-4a11-479b-96bf-2f95acca2f73/resourceGroups/ps7010/providers/Microsoft.NetApp/netAppAccounts/ps7410/capacityPools/ps1142/volumes/ps2221\",\r\n  \"name\": \"ps7410/ps1142/ps2221\",\r\n  \"type\": \"Microsoft.NetApp/netAppAccounts/capacityPools/volumes\",\r\n  \"etag\": \"W/\\\"datetime'2023-07-12T21%3A50%3A26.6273638Z'\\\"\",\r\n  \"location\": \"eastus\",\r\n  \"tags\": {\r\n    \"CreatedOnDate\": \"2023-07-12T21:46:24.0747854Z\"\r\n  },\r\n  \"properties\": {\r\n    \"volumeType\": \"\",\r\n    \"fileSystemId\": \"414b6f3c-dc0c-0e85-6196-ac293e88c79a\",\r\n    \"serviceLevel\": \"Premium\",\r\n    \"creationToken\": \"ps2221\",\r\n    \"usageThreshold\": 107374182400,\r\n    \"exportPolicy\": {\r\n      \"rules\": [\r\n        {\r\n          \"ruleIndex\": 1,\r\n          \"unixReadOnly\": false,\r\n          \"unixReadWrite\": true,\r\n          \"cifs\": false,\r\n          \"nfsv3\": true,\r\n          \"nfsv41\": false,\r\n          \"allowedClients\": \"0.0.0.0/0\",\r\n          \"kerberos5ReadOnly\": false,\r\n          \"kerberos5ReadWrite\": false,\r\n          \"kerberos5iReadOnly\": false,\r\n          \"kerberos5iReadWrite\": false,\r\n          \"kerberos5pReadOnly\": false,\r\n          \"kerberos5pReadWrite\": false,\r\n          \"hasRootAccess\": true,\r\n          \"chownMode\": \"Restricted\"\r\n        }\r\n      ]\r\n    },\r\n    \"protocolTypes\": [\r\n      \"NFSv3\"\r\n    ],\r\n    \"baremetalTenantId\": \"baremetalTenant_svm_87508582e46940f198ca0fff2e789f31_3e38fb1e\",\r\n    \"subnetId\": \"/subscriptions/0661b131-4a11-479b-96bf-2f95acca2f73/resourceGroups/ps7010/providers/Microsoft.Network/virtualNetworks/ps7010-vnet/subnets/default\",\r\n    \"networkFeatures\": \"Basic\",\r\n    \"networkSiblingSetId\": \"3ac84b61-82ac-db46-7119-4d1db15a044c\",\r\n    \"storageToNetworkProximity\": \"T2\",\r\n    \"snapshotDirectoryVisible\": false,\r\n    \"kerberosEnabled\": false,\r\n    \"securityStyle\": \"Unix\",\r\n    \"smbEncryption\": false,\r\n    \"smbContinuouslyAvailable\": false,\r\n    \"encryptionKeySource\": \"Microsoft.NetApp\",\r\n    \"ldapEnabled\": false,\r\n    \"unixPermissions\": \"0770\",\r\n    \"mountTargets\": [\r\n      {\r\n        \"mountTargetId\": \"414b6f3c-dc0c-0e85-6196-ac293e88c79a\",\r\n        \"fileSystemId\": \"414b6f3c-dc0c-0e85-6196-ac293e88c79a\",\r\n        \"ipAddress\": \"10.0.1.4\"\r\n      }\r\n    ],\r\n    \"coolAccess\": false,\r\n    \"avsDataStore\": \"Disabled\",\r\n    \"isDefaultQuotaEnabled\": false,\r\n    \"defaultUserQuotaInKiBs\": 0,\r\n    \"defaultGroupQuotaInKiBs\": 0,\r\n    \"enableSubvolumes\": \"Disabled\",\r\n    \"maximumNumberOfFiles\": 100000000,\r\n    \"smbNonBrowsable\": \"Disabled\",\r\n    \"smbAccessBasedEnumeration\": \"Disabled\",\r\n    \"deleteBaseSnapshot\": false,\r\n    \"isLargeVolume\": false,\r\n    \"provisionedAvailabilityZone\": \"3\",\r\n    \"actualThroughputMibps\": 6.25,\r\n    \"provisioningState\": \"Succeeded\"\r\n  },\r\n  \"systemData\": {\r\n    \"createdBy\": \"c6c4faba-2b22-44d9-80a4-71ff5b71f811\",\r\n    \"createdByType\": \"Application\",\r\n    \"createdAt\": \"2023-07-12T21:46:24.970558Z\",\r\n    \"lastModifiedBy\": \"c6c4faba-2b22-44d9-80a4-71ff5b71f811\",\r\n    \"lastModifiedByType\": \"Application\",\r\n    \"lastModifiedAt\": \"2023-07-12T21:46:24.970558Z\"\r\n  }\r\n}",
      "StatusCode": 200
    },
    {
      "RequestUri": "/subscriptions/0661b131-4a11-479b-96bf-2f95acca2f73/resourceGroups/ps7010/providers/Microsoft.NetApp/netAppAccounts/ps7410/capacityPools/ps1142/volumes/ps2221?api-version=2022-11-01",
      "EncodedRequestUri": "L3N1YnNjcmlwdGlvbnMvMDY2MWIxMzEtNGExMS00NzliLTk2YmYtMmY5NWFjY2EyZjczL3Jlc291cmNlR3JvdXBzL3BzNzAxMC9wcm92aWRlcnMvTWljcm9zb2Z0Lk5ldEFwcC9uZXRBcHBBY2NvdW50cy9wczc0MTAvY2FwYWNpdHlQb29scy9wczExNDIvdm9sdW1lcy9wczIyMjE/YXBpLXZlcnNpb249MjAyMi0xMS0wMQ==",
      "RequestMethod": "GET",
      "RequestHeaders": {
        "x-ms-client-request-id": [
          "0bd7ac47-e66e-4764-98aa-5c999b30167c"
        ],
        "Accept-Language": [
          "en-US"
        ],
        "User-Agent": [
          "FxVersion/4.700.22.55902",
          "OSName/Windows",
          "OSVersion/Microsoft.Windows.10.0.22621",
          "Microsoft.Azure.Management.NetApp.AzureNetAppFilesManagementClient/0.0.0.0"
        ]
      },
      "RequestBody": "",
      "ResponseHeaders": {
        "Cache-Control": [
          "no-cache"
        ],
        "Pragma": [
          "no-cache"
        ],
        "ETag": [
          "W/\"datetime'2023-07-12T21%3A50%3A26.6273638Z'\""
        ],
        "x-ms-request-id": [
          "6909df72-636b-4d1c-9230-d273090486e0"
        ],
        "Strict-Transport-Security": [
          "max-age=31536000; includeSubDomains"
        ],
        "Server": [
          "Microsoft-IIS/10.0"
        ],
        "X-Powered-By": [
          "ASP.NET"
        ],
        "x-ms-ratelimit-remaining-subscription-reads": [
          "11935"
        ],
        "x-ms-correlation-request-id": [
          "ab126d43-2c7d-4532-98e2-f7fc24f5fd3e"
        ],
        "x-ms-routing-request-id": [
          "SWEDENSOUTH:20230712T215136Z:ab126d43-2c7d-4532-98e2-f7fc24f5fd3e"
        ],
        "X-Content-Type-Options": [
          "nosniff"
        ],
        "Date": [
          "Wed, 12 Jul 2023 21:51:35 GMT"
        ],
        "Content-Length": [
          "2365"
        ],
        "Content-Type": [
          "application/json; charset=utf-8"
        ],
        "Expires": [
          "-1"
        ]
      },
      "ResponseBody": "{\r\n  \"id\": \"/subscriptions/0661b131-4a11-479b-96bf-2f95acca2f73/resourceGroups/ps7010/providers/Microsoft.NetApp/netAppAccounts/ps7410/capacityPools/ps1142/volumes/ps2221\",\r\n  \"name\": \"ps7410/ps1142/ps2221\",\r\n  \"type\": \"Microsoft.NetApp/netAppAccounts/capacityPools/volumes\",\r\n  \"etag\": \"W/\\\"datetime'2023-07-12T21%3A50%3A26.6273638Z'\\\"\",\r\n  \"location\": \"eastus\",\r\n  \"tags\": {\r\n    \"CreatedOnDate\": \"2023-07-12T21:46:24.0747854Z\"\r\n  },\r\n  \"properties\": {\r\n    \"volumeType\": \"\",\r\n    \"fileSystemId\": \"414b6f3c-dc0c-0e85-6196-ac293e88c79a\",\r\n    \"serviceLevel\": \"Premium\",\r\n    \"creationToken\": \"ps2221\",\r\n    \"usageThreshold\": 107374182400,\r\n    \"exportPolicy\": {\r\n      \"rules\": [\r\n        {\r\n          \"ruleIndex\": 1,\r\n          \"unixReadOnly\": false,\r\n          \"unixReadWrite\": true,\r\n          \"cifs\": false,\r\n          \"nfsv3\": true,\r\n          \"nfsv41\": false,\r\n          \"allowedClients\": \"0.0.0.0/0\",\r\n          \"kerberos5ReadOnly\": false,\r\n          \"kerberos5ReadWrite\": false,\r\n          \"kerberos5iReadOnly\": false,\r\n          \"kerberos5iReadWrite\": false,\r\n          \"kerberos5pReadOnly\": false,\r\n          \"kerberos5pReadWrite\": false,\r\n          \"hasRootAccess\": true,\r\n          \"chownMode\": \"Restricted\"\r\n        }\r\n      ]\r\n    },\r\n    \"protocolTypes\": [\r\n      \"NFSv3\"\r\n    ],\r\n    \"baremetalTenantId\": \"baremetalTenant_svm_87508582e46940f198ca0fff2e789f31_3e38fb1e\",\r\n    \"subnetId\": \"/subscriptions/0661b131-4a11-479b-96bf-2f95acca2f73/resourceGroups/ps7010/providers/Microsoft.Network/virtualNetworks/ps7010-vnet/subnets/default\",\r\n    \"networkFeatures\": \"Basic\",\r\n    \"networkSiblingSetId\": \"3ac84b61-82ac-db46-7119-4d1db15a044c\",\r\n    \"storageToNetworkProximity\": \"T2\",\r\n    \"snapshotDirectoryVisible\": false,\r\n    \"kerberosEnabled\": false,\r\n    \"securityStyle\": \"Unix\",\r\n    \"smbEncryption\": false,\r\n    \"smbContinuouslyAvailable\": false,\r\n    \"encryptionKeySource\": \"Microsoft.NetApp\",\r\n    \"ldapEnabled\": false,\r\n    \"unixPermissions\": \"0770\",\r\n    \"mountTargets\": [\r\n      {\r\n        \"mountTargetId\": \"414b6f3c-dc0c-0e85-6196-ac293e88c79a\",\r\n        \"fileSystemId\": \"414b6f3c-dc0c-0e85-6196-ac293e88c79a\",\r\n        \"ipAddress\": \"10.0.1.4\"\r\n      }\r\n    ],\r\n    \"coolAccess\": false,\r\n    \"avsDataStore\": \"Disabled\",\r\n    \"isDefaultQuotaEnabled\": false,\r\n    \"defaultUserQuotaInKiBs\": 0,\r\n    \"defaultGroupQuotaInKiBs\": 0,\r\n    \"enableSubvolumes\": \"Disabled\",\r\n    \"maximumNumberOfFiles\": 100000000,\r\n    \"smbNonBrowsable\": \"Disabled\",\r\n    \"smbAccessBasedEnumeration\": \"Disabled\",\r\n    \"deleteBaseSnapshot\": false,\r\n    \"isLargeVolume\": false,\r\n    \"provisionedAvailabilityZone\": \"3\",\r\n    \"actualThroughputMibps\": 6.25,\r\n    \"provisioningState\": \"Succeeded\"\r\n  },\r\n  \"systemData\": {\r\n    \"createdBy\": \"c6c4faba-2b22-44d9-80a4-71ff5b71f811\",\r\n    \"createdByType\": \"Application\",\r\n    \"createdAt\": \"2023-07-12T21:46:24.970558Z\",\r\n    \"lastModifiedBy\": \"c6c4faba-2b22-44d9-80a4-71ff5b71f811\",\r\n    \"lastModifiedByType\": \"Application\",\r\n    \"lastModifiedAt\": \"2023-07-12T21:46:24.970558Z\"\r\n  }\r\n}",
      "StatusCode": 200
    },
    {
      "RequestUri": "/subscriptions/0661b131-4a11-479b-96bf-2f95acca2f73/resourceGroups/ps7010/providers/Microsoft.NetApp/netAppAccounts/ps7410/capacityPools/ps1142/volumes/ps2221/snapshots/ps7945?api-version=2022-11-01",
      "EncodedRequestUri": "L3N1YnNjcmlwdGlvbnMvMDY2MWIxMzEtNGExMS00NzliLTk2YmYtMmY5NWFjY2EyZjczL3Jlc291cmNlR3JvdXBzL3BzNzAxMC9wcm92aWRlcnMvTWljcm9zb2Z0Lk5ldEFwcC9uZXRBcHBBY2NvdW50cy9wczc0MTAvY2FwYWNpdHlQb29scy9wczExNDIvdm9sdW1lcy9wczIyMjEvc25hcHNob3RzL3BzNzk0NT9hcGktdmVyc2lvbj0yMDIyLTExLTAx",
      "RequestMethod": "PUT",
      "RequestHeaders": {
        "x-ms-client-request-id": [
          "056cc6dc-7a91-4784-bfb1-f44960d32829"
        ],
        "Accept-Language": [
          "en-US"
        ],
        "User-Agent": [
          "FxVersion/4.700.22.55902",
          "OSName/Windows",
          "OSVersion/Microsoft.Windows.10.0.22621",
          "Microsoft.Azure.Management.NetApp.AzureNetAppFilesManagementClient/0.0.0.0"
        ],
        "Content-Type": [
          "application/json; charset=utf-8"
        ],
        "Content-Length": [
          "28"
        ]
      },
      "RequestBody": "{\r\n  \"location\": \"eastus\"\r\n}",
      "ResponseHeaders": {
        "Cache-Control": [
          "no-cache"
        ],
        "Pragma": [
          "no-cache"
        ],
        "Location": [
          "https://management.azure.com/subscriptions/0661b131-4a11-479b-96bf-2f95acca2f73/providers/Microsoft.NetApp/locations/eastus/operationResults/00d05adc-7b91-45f2-998d-d6d3446f74a3?api-version=2022-11-01&operationResultResponseType=Location"
        ],
        "x-ms-request-id": [
          "933e6a1b-3e98-4ea2-b6b6-982e66c099c4"
        ],
        "Azure-AsyncOperation": [
          "https://management.azure.com/subscriptions/0661b131-4a11-479b-96bf-2f95acca2f73/providers/Microsoft.NetApp/locations/eastus/operationResults/00d05adc-7b91-45f2-998d-d6d3446f74a3?api-version=2022-11-01"
        ],
        "Strict-Transport-Security": [
          "max-age=31536000; includeSubDomains"
        ],
        "Server": [
          "Microsoft-IIS/10.0"
        ],
        "X-Powered-By": [
          "ASP.NET"
        ],
        "x-ms-ratelimit-remaining-subscription-writes": [
          "1192"
        ],
        "x-ms-correlation-request-id": [
          "fe276057-a530-4f6e-95e7-6a20faccc84a"
        ],
        "x-ms-routing-request-id": [
          "SWEDENSOUTH:20230712T215031Z:fe276057-a530-4f6e-95e7-6a20faccc84a"
        ],
        "X-Content-Type-Options": [
          "nosniff"
        ],
        "Date": [
          "Wed, 12 Jul 2023 21:50:30 GMT"
        ],
        "Content-Length": [
          "360"
        ],
        "Content-Type": [
          "application/json; charset=utf-8"
        ],
        "Expires": [
          "-1"
        ]
      },
      "ResponseBody": "{\r\n  \"id\": \"/subscriptions/0661b131-4a11-479b-96bf-2f95acca2f73/resourceGroups/ps7010/providers/Microsoft.NetApp/netAppAccounts/ps7410/capacityPools/ps1142/volumes/ps2221/snapshots/ps7945\",\r\n  \"name\": \"ps7410/ps1142/ps2221/ps7945\",\r\n  \"type\": \"Microsoft.NetApp/netAppAccounts/capacityPools/volumes/snapshots\",\r\n  \"location\": \"eastus\",\r\n  \"properties\": {\r\n    \"provisioningState\": \"Creating\"\r\n  }\r\n}",
      "StatusCode": 201
    },
    {
      "RequestUri": "/subscriptions/0661b131-4a11-479b-96bf-2f95acca2f73/providers/Microsoft.NetApp/locations/eastus/operationResults/00d05adc-7b91-45f2-998d-d6d3446f74a3?api-version=2022-11-01",
      "EncodedRequestUri": "L3N1YnNjcmlwdGlvbnMvMDY2MWIxMzEtNGExMS00NzliLTk2YmYtMmY5NWFjY2EyZjczL3Byb3ZpZGVycy9NaWNyb3NvZnQuTmV0QXBwL2xvY2F0aW9ucy9lYXN0dXMvb3BlcmF0aW9uUmVzdWx0cy8wMGQwNWFkYy03YjkxLTQ1ZjItOTk4ZC1kNmQzNDQ2Zjc0YTM/YXBpLXZlcnNpb249MjAyMi0xMS0wMQ==",
      "RequestMethod": "GET",
      "RequestHeaders": {
        "x-ms-client-request-id": [
          "056cc6dc-7a91-4784-bfb1-f44960d32829"
        ],
        "User-Agent": [
          "FxVersion/4.700.22.55902",
          "OSName/Windows",
          "OSVersion/Microsoft.Windows.10.0.22621",
          "Microsoft.Azure.Management.NetApp.AzureNetAppFilesManagementClient/0.0.0.0"
        ]
      },
      "RequestBody": "",
      "ResponseHeaders": {
        "Cache-Control": [
          "no-cache"
        ],
        "Pragma": [
          "no-cache"
        ],
        "x-ms-request-id": [
          "baa71181-ae21-4b93-b7cd-971ae0b6817c"
        ],
        "Strict-Transport-Security": [
          "max-age=31536000; includeSubDomains"
        ],
        "Server": [
          "Microsoft-IIS/10.0"
        ],
        "X-Powered-By": [
          "ASP.NET"
        ],
        "x-ms-ratelimit-remaining-subscription-reads": [
          "11967"
        ],
        "x-ms-correlation-request-id": [
          "ec392d3b-af73-4a3f-a124-d60ab1fe1963"
        ],
        "x-ms-routing-request-id": [
          "SWEDENSOUTH:20230712T215101Z:ec392d3b-af73-4a3f-a124-d60ab1fe1963"
        ],
        "X-Content-Type-Options": [
          "nosniff"
        ],
        "Date": [
          "Wed, 12 Jul 2023 21:51:01 GMT"
        ],
        "Content-Length": [
          "558"
        ],
        "Content-Type": [
          "application/json; charset=utf-8"
        ],
        "Expires": [
          "-1"
        ]
      },
      "ResponseBody": "{\r\n  \"id\": \"/subscriptions/0661b131-4a11-479b-96bf-2f95acca2f73/providers/Microsoft.NetApp/locations/eastus/operationResults/00d05adc-7b91-45f2-998d-d6d3446f74a3\",\r\n  \"name\": \"00d05adc-7b91-45f2-998d-d6d3446f74a3\",\r\n  \"status\": \"Succeeded\",\r\n  \"startTime\": \"2023-07-12T21:50:31.2841979Z\",\r\n  \"endTime\": \"2023-07-12T21:50:33.853567Z\",\r\n  \"percentComplete\": 100.0,\r\n  \"properties\": {\r\n    \"resourceName\": \"/subscriptions/0661b131-4a11-479b-96bf-2f95acca2f73/resourceGroups/ps7010/providers/Microsoft.NetApp/netAppAccounts/ps7410/capacityPools/ps1142/volumes/ps2221/snapshots/ps7945\",\r\n    \"action\": \"CREATE\"\r\n  }\r\n}",
      "StatusCode": 200
    },
    {
      "RequestUri": "/subscriptions/0661b131-4a11-479b-96bf-2f95acca2f73/resourceGroups/ps7010/providers/Microsoft.NetApp/netAppAccounts/ps7410/capacityPools/ps1142/volumes/ps2221/snapshots/ps7945?api-version=2022-11-01",
      "EncodedRequestUri": "L3N1YnNjcmlwdGlvbnMvMDY2MWIxMzEtNGExMS00NzliLTk2YmYtMmY5NWFjY2EyZjczL3Jlc291cmNlR3JvdXBzL3BzNzAxMC9wcm92aWRlcnMvTWljcm9zb2Z0Lk5ldEFwcC9uZXRBcHBBY2NvdW50cy9wczc0MTAvY2FwYWNpdHlQb29scy9wczExNDIvdm9sdW1lcy9wczIyMjEvc25hcHNob3RzL3BzNzk0NT9hcGktdmVyc2lvbj0yMDIyLTExLTAx",
      "RequestMethod": "GET",
      "RequestHeaders": {
        "x-ms-client-request-id": [
          "056cc6dc-7a91-4784-bfb1-f44960d32829"
        ],
        "User-Agent": [
          "FxVersion/4.700.22.55902",
          "OSName/Windows",
          "OSVersion/Microsoft.Windows.10.0.22621",
          "Microsoft.Azure.Management.NetApp.AzureNetAppFilesManagementClient/0.0.0.0"
        ]
      },
      "RequestBody": "",
      "ResponseHeaders": {
        "Cache-Control": [
          "no-cache"
        ],
        "Pragma": [
          "no-cache"
        ],
        "x-ms-request-id": [
          "e0e35af9-6c90-4cc8-9a9f-70922ab9a028"
        ],
        "Strict-Transport-Security": [
          "max-age=31536000; includeSubDomains"
        ],
        "Server": [
          "Microsoft-IIS/10.0"
        ],
        "X-Powered-By": [
          "ASP.NET"
        ],
        "x-ms-ratelimit-remaining-subscription-reads": [
          "11966"
        ],
        "x-ms-correlation-request-id": [
          "b7ac3cec-381f-4061-ac5c-863dd140c7df"
        ],
        "x-ms-routing-request-id": [
          "SWEDENSOUTH:20230712T215102Z:b7ac3cec-381f-4061-ac5c-863dd140c7df"
        ],
        "X-Content-Type-Options": [
          "nosniff"
        ],
        "Date": [
          "Wed, 12 Jul 2023 21:51:01 GMT"
        ],
        "Content-Length": [
          "450"
        ],
        "Content-Type": [
          "application/json; charset=utf-8"
        ],
        "Expires": [
          "-1"
        ]
      },
      "ResponseBody": "{\r\n  \"id\": \"/subscriptions/0661b131-4a11-479b-96bf-2f95acca2f73/resourceGroups/ps7010/providers/Microsoft.NetApp/netAppAccounts/ps7410/capacityPools/ps1142/volumes/ps2221/snapshots/ps7945\",\r\n  \"name\": \"ps7410/ps1142/ps2221/ps7945\",\r\n  \"type\": \"Microsoft.NetApp/netAppAccounts/capacityPools/volumes/snapshots\",\r\n  \"location\": \"eastus\",\r\n  \"properties\": {\r\n    \"provisioningState\": \"Succeeded\",\r\n    \"snapshotId\": \"9e716c1f-bb40-e4fe-5acb-b7438d55157d\",\r\n    \"created\": \"2023-07-12T21:50:31.703Z\"\r\n  }\r\n}",
      "StatusCode": 200
    },
    {
      "RequestUri": "/subscriptions/0661b131-4a11-479b-96bf-2f95acca2f73/resourceGroups/ps7010/providers/Microsoft.NetApp/netAppAccounts/ps7410/capacityPools/ps1142/volumes/ps2221/snapshots/ps7945?api-version=2022-11-01",
      "EncodedRequestUri": "L3N1YnNjcmlwdGlvbnMvMDY2MWIxMzEtNGExMS00NzliLTk2YmYtMmY5NWFjY2EyZjczL3Jlc291cmNlR3JvdXBzL3BzNzAxMC9wcm92aWRlcnMvTWljcm9zb2Z0Lk5ldEFwcC9uZXRBcHBBY2NvdW50cy9wczc0MTAvY2FwYWNpdHlQb29scy9wczExNDIvdm9sdW1lcy9wczIyMjEvc25hcHNob3RzL3BzNzk0NT9hcGktdmVyc2lvbj0yMDIyLTExLTAx",
      "RequestMethod": "GET",
      "RequestHeaders": {
        "x-ms-client-request-id": [
          "a0046ea4-04f7-4e55-8135-4b59fcd76db4"
        ],
        "Accept-Language": [
          "en-US"
        ],
        "User-Agent": [
          "FxVersion/4.700.22.55902",
          "OSName/Windows",
          "OSVersion/Microsoft.Windows.10.0.22621",
          "Microsoft.Azure.Management.NetApp.AzureNetAppFilesManagementClient/0.0.0.0"
        ]
      },
      "RequestBody": "",
      "ResponseHeaders": {
        "Cache-Control": [
          "no-cache"
        ],
        "Pragma": [
          "no-cache"
        ],
        "x-ms-request-id": [
          "d4263595-cd42-4e05-b15b-7f9d0e988ad3"
        ],
        "Strict-Transport-Security": [
          "max-age=31536000; includeSubDomains"
        ],
        "Server": [
          "Microsoft-IIS/10.0"
        ],
        "X-Powered-By": [
          "ASP.NET"
        ],
        "x-ms-ratelimit-remaining-subscription-reads": [
          "11985"
        ],
        "x-ms-correlation-request-id": [
          "0e10b1fa-9497-4332-b425-fc38dbba386f"
        ],
        "x-ms-routing-request-id": [
          "SWEDENSOUTH:20230712T215103Z:0e10b1fa-9497-4332-b425-fc38dbba386f"
        ],
        "X-Content-Type-Options": [
          "nosniff"
        ],
        "Date": [
          "Wed, 12 Jul 2023 21:51:03 GMT"
        ],
        "Content-Length": [
          "450"
        ],
        "Content-Type": [
          "application/json; charset=utf-8"
        ],
        "Expires": [
          "-1"
        ]
      },
      "ResponseBody": "{\r\n  \"id\": \"/subscriptions/0661b131-4a11-479b-96bf-2f95acca2f73/resourceGroups/ps7010/providers/Microsoft.NetApp/netAppAccounts/ps7410/capacityPools/ps1142/volumes/ps2221/snapshots/ps7945\",\r\n  \"name\": \"ps7410/ps1142/ps2221/ps7945\",\r\n  \"type\": \"Microsoft.NetApp/netAppAccounts/capacityPools/volumes/snapshots\",\r\n  \"location\": \"eastus\",\r\n  \"properties\": {\r\n    \"provisioningState\": \"Succeeded\",\r\n    \"snapshotId\": \"9e716c1f-bb40-e4fe-5acb-b7438d55157d\",\r\n    \"created\": \"2023-07-12T21:50:31.703Z\"\r\n  }\r\n}",
      "StatusCode": 200
    },
    {
      "RequestUri": "/subscriptions/0661b131-4a11-479b-96bf-2f95acca2f73/resourceGroups/ps7010/providers/Microsoft.NetApp/netAppAccounts/ps7410/capacityPools/ps1142/volumes/ps2221/snapshots/ps7945?api-version=2022-11-01",
      "EncodedRequestUri": "L3N1YnNjcmlwdGlvbnMvMDY2MWIxMzEtNGExMS00NzliLTk2YmYtMmY5NWFjY2EyZjczL3Jlc291cmNlR3JvdXBzL3BzNzAxMC9wcm92aWRlcnMvTWljcm9zb2Z0Lk5ldEFwcC9uZXRBcHBBY2NvdW50cy9wczc0MTAvY2FwYWNpdHlQb29scy9wczExNDIvdm9sdW1lcy9wczIyMjEvc25hcHNob3RzL3BzNzk0NT9hcGktdmVyc2lvbj0yMDIyLTExLTAx",
      "RequestMethod": "DELETE",
      "RequestHeaders": {
        "x-ms-client-request-id": [
          "a0046ea4-04f7-4e55-8135-4b59fcd76db4"
        ],
        "Accept-Language": [
          "en-US"
        ],
        "User-Agent": [
          "FxVersion/4.700.22.55902",
          "OSName/Windows",
          "OSVersion/Microsoft.Windows.10.0.22621",
          "Microsoft.Azure.Management.NetApp.AzureNetAppFilesManagementClient/0.0.0.0"
        ]
      },
      "RequestBody": "",
      "ResponseHeaders": {
        "Cache-Control": [
          "no-cache"
        ],
        "Pragma": [
          "no-cache"
        ],
        "Location": [
          "https://management.azure.com/subscriptions/0661b131-4a11-479b-96bf-2f95acca2f73/providers/Microsoft.NetApp/locations/eastus/operationResults/d244500a-0b77-45b8-ba93-871610ef1393?api-version=2022-11-01&operationResultResponseType=Location"
        ],
        "x-ms-request-id": [
          "7cebc368-420d-4584-97e7-1505884b8fb0"
        ],
        "Azure-AsyncOperation": [
          "https://management.azure.com/subscriptions/0661b131-4a11-479b-96bf-2f95acca2f73/providers/Microsoft.NetApp/locations/eastus/operationResults/d244500a-0b77-45b8-ba93-871610ef1393?api-version=2022-11-01"
        ],
        "Strict-Transport-Security": [
          "max-age=31536000; includeSubDomains"
        ],
        "Server": [
          "Microsoft-IIS/10.0"
        ],
        "X-Powered-By": [
          "ASP.NET"
        ],
        "x-ms-ratelimit-remaining-subscription-deletes": [
          "14995"
        ],
        "x-ms-correlation-request-id": [
          "639f9301-ed0c-4750-9e6e-28af32e14ba3"
        ],
        "x-ms-routing-request-id": [
          "SWEDENSOUTH:20230712T215105Z:639f9301-ed0c-4750-9e6e-28af32e14ba3"
        ],
        "X-Content-Type-Options": [
          "nosniff"
        ],
        "Date": [
          "Wed, 12 Jul 2023 21:51:04 GMT"
        ],
        "Expires": [
          "-1"
        ],
        "Content-Length": [
          "0"
        ]
      },
      "ResponseBody": "",
      "StatusCode": 202
    },
    {
      "RequestUri": "/subscriptions/0661b131-4a11-479b-96bf-2f95acca2f73/providers/Microsoft.NetApp/locations/eastus/operationResults/d244500a-0b77-45b8-ba93-871610ef1393?api-version=2022-11-01",
      "EncodedRequestUri": "L3N1YnNjcmlwdGlvbnMvMDY2MWIxMzEtNGExMS00NzliLTk2YmYtMmY5NWFjY2EyZjczL3Byb3ZpZGVycy9NaWNyb3NvZnQuTmV0QXBwL2xvY2F0aW9ucy9lYXN0dXMvb3BlcmF0aW9uUmVzdWx0cy9kMjQ0NTAwYS0wYjc3LTQ1YjgtYmE5My04NzE2MTBlZjEzOTM/YXBpLXZlcnNpb249MjAyMi0xMS0wMQ==",
      "RequestMethod": "GET",
      "RequestHeaders": {
        "x-ms-client-request-id": [
          "a0046ea4-04f7-4e55-8135-4b59fcd76db4"
        ],
        "User-Agent": [
          "FxVersion/4.700.22.55902",
          "OSName/Windows",
          "OSVersion/Microsoft.Windows.10.0.22621",
          "Microsoft.Azure.Management.NetApp.AzureNetAppFilesManagementClient/0.0.0.0"
        ]
      },
      "RequestBody": "",
      "ResponseHeaders": {
        "Cache-Control": [
          "no-cache"
        ],
        "Pragma": [
          "no-cache"
        ],
        "x-ms-request-id": [
          "4ee2ffbd-3c4c-436f-b6ec-3fa35bd58776"
        ],
        "Strict-Transport-Security": [
          "max-age=31536000; includeSubDomains"
        ],
        "Server": [
          "Microsoft-IIS/10.0"
        ],
        "X-Powered-By": [
          "ASP.NET"
        ],
        "x-ms-ratelimit-remaining-subscription-reads": [
          "11954"
        ],
        "x-ms-correlation-request-id": [
          "ac07cfef-36cc-43cd-8647-7861a6ffbe86"
        ],
        "x-ms-routing-request-id": [
          "SWEDENSOUTH:20230712T215135Z:ac07cfef-36cc-43cd-8647-7861a6ffbe86"
        ],
        "X-Content-Type-Options": [
          "nosniff"
        ],
        "Date": [
          "Wed, 12 Jul 2023 21:51:34 GMT"
        ],
        "Content-Length": [
          "559"
        ],
        "Content-Type": [
          "application/json; charset=utf-8"
        ],
        "Expires": [
          "-1"
        ]
      },
      "ResponseBody": "{\r\n  \"id\": \"/subscriptions/0661b131-4a11-479b-96bf-2f95acca2f73/providers/Microsoft.NetApp/locations/eastus/operationResults/d244500a-0b77-45b8-ba93-871610ef1393\",\r\n  \"name\": \"d244500a-0b77-45b8-ba93-871610ef1393\",\r\n  \"status\": \"Succeeded\",\r\n  \"startTime\": \"2023-07-12T21:51:04.9146245Z\",\r\n  \"endTime\": \"2023-07-12T21:51:10.6291869Z\",\r\n  \"percentComplete\": 100.0,\r\n  \"properties\": {\r\n    \"resourceName\": \"/subscriptions/0661b131-4a11-479b-96bf-2f95acca2f73/resourceGroups/ps7010/providers/Microsoft.NetApp/netAppAccounts/ps7410/capacityPools/ps1142/volumes/ps2221/snapshots/ps7945\",\r\n    \"action\": \"DELETE\"\r\n  }\r\n}",
      "StatusCode": 200
    },
    {
      "RequestUri": "/subscriptions/0661b131-4a11-479b-96bf-2f95acca2f73/providers/Microsoft.NetApp/locations/eastus/operationResults/d244500a-0b77-45b8-ba93-871610ef1393?api-version=2022-11-01&operationResultResponseType=Location",
      "EncodedRequestUri": "L3N1YnNjcmlwdGlvbnMvMDY2MWIxMzEtNGExMS00NzliLTk2YmYtMmY5NWFjY2EyZjczL3Byb3ZpZGVycy9NaWNyb3NvZnQuTmV0QXBwL2xvY2F0aW9ucy9lYXN0dXMvb3BlcmF0aW9uUmVzdWx0cy9kMjQ0NTAwYS0wYjc3LTQ1YjgtYmE5My04NzE2MTBlZjEzOTM/YXBpLXZlcnNpb249MjAyMi0xMS0wMSZvcGVyYXRpb25SZXN1bHRSZXNwb25zZVR5cGU9TG9jYXRpb24=",
      "RequestMethod": "GET",
      "RequestHeaders": {
        "x-ms-client-request-id": [
          "a0046ea4-04f7-4e55-8135-4b59fcd76db4"
        ],
        "User-Agent": [
          "FxVersion/4.700.22.55902",
          "OSName/Windows",
          "OSVersion/Microsoft.Windows.10.0.22621",
          "Microsoft.Azure.Management.NetApp.AzureNetAppFilesManagementClient/0.0.0.0"
        ]
      },
      "RequestBody": "",
      "ResponseHeaders": {
        "Cache-Control": [
          "no-cache"
        ],
        "Pragma": [
          "no-cache"
        ],
        "x-ms-request-id": [
          "c583d860-e84a-4ac9-9370-3e52e7556212"
        ],
        "Strict-Transport-Security": [
          "max-age=31536000; includeSubDomains"
        ],
        "Server": [
          "Microsoft-IIS/10.0"
        ],
        "X-Powered-By": [
          "ASP.NET"
        ],
        "x-ms-ratelimit-remaining-subscription-reads": [
          "11953"
        ],
        "x-ms-correlation-request-id": [
          "ea1d8095-01d6-40a5-b995-c5daf9650f65"
        ],
        "x-ms-routing-request-id": [
          "SWEDENSOUTH:20230712T215135Z:ea1d8095-01d6-40a5-b995-c5daf9650f65"
        ],
        "X-Content-Type-Options": [
          "nosniff"
        ],
        "Date": [
          "Wed, 12 Jul 2023 21:51:35 GMT"
        ],
        "Expires": [
          "-1"
        ],
        "Content-Length": [
          "0"
        ]
      },
      "ResponseBody": "",
      "StatusCode": 200
    },
    {
      "RequestUri": "/subscriptions/0661b131-4a11-479b-96bf-2f95acca2f73/resourceGroups/ps7010/providers/Microsoft.NetApp/netAppAccounts/ps7410/capacityPools/ps1142/volumes/ps2221/snapshots?api-version=2022-11-01",
      "EncodedRequestUri": "L3N1YnNjcmlwdGlvbnMvMDY2MWIxMzEtNGExMS00NzliLTk2YmYtMmY5NWFjY2EyZjczL3Jlc291cmNlR3JvdXBzL3BzNzAxMC9wcm92aWRlcnMvTWljcm9zb2Z0Lk5ldEFwcC9uZXRBcHBBY2NvdW50cy9wczc0MTAvY2FwYWNpdHlQb29scy9wczExNDIvdm9sdW1lcy9wczIyMjEvc25hcHNob3RzP2FwaS12ZXJzaW9uPTIwMjItMTEtMDE=",
      "RequestMethod": "GET",
      "RequestHeaders": {
        "x-ms-client-request-id": [
          "0bd7ac47-e66e-4764-98aa-5c999b30167c"
        ],
        "Accept-Language": [
          "en-US"
        ],
        "User-Agent": [
          "FxVersion/4.700.22.55902",
          "OSName/Windows",
          "OSVersion/Microsoft.Windows.10.0.22621",
          "Microsoft.Azure.Management.NetApp.AzureNetAppFilesManagementClient/0.0.0.0"
        ]
      },
      "RequestBody": "",
      "ResponseHeaders": {
        "Cache-Control": [
          "no-cache"
        ],
        "Pragma": [
          "no-cache"
        ],
        "x-ms-request-id": [
          "7bd2f4dc-d48e-480d-9b56-db4818b47f14"
        ],
        "Strict-Transport-Security": [
          "max-age=31536000; includeSubDomains"
        ],
        "Server": [
          "Microsoft-IIS/10.0"
        ],
        "X-Powered-By": [
          "ASP.NET"
        ],
        "x-ms-ratelimit-remaining-subscription-reads": [
          "11982"
        ],
        "x-ms-correlation-request-id": [
          "933bf798-5faf-449e-a31b-79075306a64b"
        ],
        "x-ms-routing-request-id": [
          "SWEDENSOUTH:20230712T215137Z:933bf798-5faf-449e-a31b-79075306a64b"
        ],
        "X-Content-Type-Options": [
          "nosniff"
        ],
        "Date": [
          "Wed, 12 Jul 2023 21:51:36 GMT"
        ],
        "Content-Length": [
          "12"
        ],
        "Content-Type": [
          "application/json; charset=utf-8"
        ],
        "Expires": [
          "-1"
        ]
      },
      "ResponseBody": "{\r\n  \"value\": []\r\n}",
      "StatusCode": 200
    },
    {
      "RequestUri": "/subscriptions/0661b131-4a11-479b-96bf-2f95acca2f73/resourcegroups/ps7010?api-version=2016-09-01",
      "EncodedRequestUri": "L3N1YnNjcmlwdGlvbnMvMDY2MWIxMzEtNGExMS00NzliLTk2YmYtMmY5NWFjY2EyZjczL3Jlc291cmNlZ3JvdXBzL3BzNzAxMD9hcGktdmVyc2lvbj0yMDE2LTA5LTAx",
      "RequestMethod": "DELETE",
      "RequestHeaders": {
        "x-ms-client-request-id": [
          "0fc598d7-74e5-4875-817d-20f1c1baf8c6"
        ],
        "Accept-Language": [
          "en-US"
        ],
        "User-Agent": [
          "FxVersion/4.700.22.55902",
          "OSName/Windows",
          "OSVersion/Microsoft.Windows.10.0.22621",
          "Microsoft.Azure.Management.Internal.Resources.ResourceManagementClient/1.3.78"
        ]
      },
      "RequestBody": "",
      "ResponseHeaders": {
        "Cache-Control": [
          "no-cache"
        ],
        "Pragma": [
          "no-cache"
        ],
        "Location": [
          "https://management.azure.com/subscriptions/0661b131-4a11-479b-96bf-2f95acca2f73/operationresults/eyJqb2JJZCI6IlJFU09VUkNFR1JPVVBERUxFVElPTkpPQi1QUzcwMTAtRUFTVFVTIiwiam9iTG9jYXRpb24iOiJlYXN0dXMifQ?api-version=2016-09-01"
        ],
        "Retry-After": [
          "15"
        ],
        "x-ms-ratelimit-remaining-subscription-deletes": [
          "14998"
        ],
        "x-ms-request-id": [
          "3eb338c0-da5f-4b3f-9a10-d71594b11d77"
        ],
        "x-ms-correlation-request-id": [
          "3eb338c0-da5f-4b3f-9a10-d71594b11d77"
        ],
        "x-ms-routing-request-id": [
          "SWEDENSOUTH:20230712T215140Z:3eb338c0-da5f-4b3f-9a10-d71594b11d77"
        ],
        "Strict-Transport-Security": [
          "max-age=31536000; includeSubDomains"
        ],
        "X-Content-Type-Options": [
          "nosniff"
        ],
        "Date": [
          "Wed, 12 Jul 2023 21:51:39 GMT"
        ],
        "Expires": [
          "-1"
        ],
        "Content-Length": [
          "0"
        ]
      },
      "ResponseBody": "",
      "StatusCode": 202
    },
    {
      "RequestUri": "/subscriptions/0661b131-4a11-479b-96bf-2f95acca2f73/operationresults/eyJqb2JJZCI6IlJFU09VUkNFR1JPVVBERUxFVElPTkpPQi1QUzcwMTAtRUFTVFVTIiwiam9iTG9jYXRpb24iOiJlYXN0dXMifQ?api-version=2016-09-01",
      "EncodedRequestUri": "L3N1YnNjcmlwdGlvbnMvMDY2MWIxMzEtNGExMS00NzliLTk2YmYtMmY5NWFjY2EyZjczL29wZXJhdGlvbnJlc3VsdHMvZXlKcWIySkpaQ0k2SWxKRlUwOVZVa05GUjFKUFZWQkVSVXhGVkVsUFRrcFBRaTFRVXpjd01UQXRSVUZUVkZWVElpd2lhbTlpVEc5allYUnBiMjRpT2lKbFlYTjBkWE1pZlE/YXBpLXZlcnNpb249MjAxNi0wOS0wMQ==",
      "RequestMethod": "GET",
      "RequestHeaders": {
        "User-Agent": [
          "FxVersion/4.700.22.55902",
          "OSName/Windows",
          "OSVersion/Microsoft.Windows.10.0.22621",
          "Microsoft.Azure.Management.Internal.Resources.ResourceManagementClient/1.3.78"
        ]
      },
      "RequestBody": "",
      "ResponseHeaders": {
        "Cache-Control": [
          "no-cache"
        ],
        "Pragma": [
          "no-cache"
        ],
        "Location": [
          "https://management.azure.com/subscriptions/0661b131-4a11-479b-96bf-2f95acca2f73/operationresults/eyJqb2JJZCI6IlJFU09VUkNFR1JPVVBERUxFVElPTkpPQi1QUzcwMTAtRUFTVFVTIiwiam9iTG9jYXRpb24iOiJlYXN0dXMifQ?api-version=2016-09-01"
        ],
        "Retry-After": [
          "15"
        ],
        "x-ms-ratelimit-remaining-subscription-reads": [
          "11969"
        ],
        "x-ms-request-id": [
          "e32a6a7e-0b90-40cc-9482-985c572646d3"
        ],
        "x-ms-correlation-request-id": [
          "e32a6a7e-0b90-40cc-9482-985c572646d3"
        ],
        "x-ms-routing-request-id": [
          "SWEDENSOUTH:20230712T215155Z:e32a6a7e-0b90-40cc-9482-985c572646d3"
        ],
        "Strict-Transport-Security": [
          "max-age=31536000; includeSubDomains"
        ],
        "X-Content-Type-Options": [
          "nosniff"
        ],
        "Date": [
          "Wed, 12 Jul 2023 21:51:55 GMT"
        ],
        "Expires": [
          "-1"
        ],
        "Content-Length": [
          "0"
        ]
      },
      "ResponseBody": "",
      "StatusCode": 202
    },
    {
      "RequestUri": "/subscriptions/0661b131-4a11-479b-96bf-2f95acca2f73/operationresults/eyJqb2JJZCI6IlJFU09VUkNFR1JPVVBERUxFVElPTkpPQi1QUzcwMTAtRUFTVFVTIiwiam9iTG9jYXRpb24iOiJlYXN0dXMifQ?api-version=2016-09-01",
      "EncodedRequestUri": "L3N1YnNjcmlwdGlvbnMvMDY2MWIxMzEtNGExMS00NzliLTk2YmYtMmY5NWFjY2EyZjczL29wZXJhdGlvbnJlc3VsdHMvZXlKcWIySkpaQ0k2SWxKRlUwOVZVa05GUjFKUFZWQkVSVXhGVkVsUFRrcFBRaTFRVXpjd01UQXRSVUZUVkZWVElpd2lhbTlpVEc5allYUnBiMjRpT2lKbFlYTjBkWE1pZlE/YXBpLXZlcnNpb249MjAxNi0wOS0wMQ==",
      "RequestMethod": "GET",
      "RequestHeaders": {
        "User-Agent": [
          "FxVersion/4.700.22.55902",
          "OSName/Windows",
          "OSVersion/Microsoft.Windows.10.0.22621",
          "Microsoft.Azure.Management.Internal.Resources.ResourceManagementClient/1.3.78"
        ]
      },
      "RequestBody": "",
      "ResponseHeaders": {
        "Cache-Control": [
          "no-cache"
        ],
        "Pragma": [
          "no-cache"
        ],
        "Location": [
          "https://management.azure.com/subscriptions/0661b131-4a11-479b-96bf-2f95acca2f73/operationresults/eyJqb2JJZCI6IlJFU09VUkNFR1JPVVBERUxFVElPTkpPQi1QUzcwMTAtRUFTVFVTIiwiam9iTG9jYXRpb24iOiJlYXN0dXMifQ?api-version=2016-09-01"
        ],
        "Retry-After": [
          "15"
        ],
        "x-ms-ratelimit-remaining-subscription-reads": [
          "11968"
        ],
        "x-ms-request-id": [
          "7beec3c8-4395-40ab-b9ed-b5e5bc4a7fb9"
        ],
        "x-ms-correlation-request-id": [
          "7beec3c8-4395-40ab-b9ed-b5e5bc4a7fb9"
        ],
        "x-ms-routing-request-id": [
          "SWEDENSOUTH:20230712T215210Z:7beec3c8-4395-40ab-b9ed-b5e5bc4a7fb9"
        ],
        "Strict-Transport-Security": [
          "max-age=31536000; includeSubDomains"
        ],
        "X-Content-Type-Options": [
          "nosniff"
        ],
        "Date": [
          "Wed, 12 Jul 2023 21:52:10 GMT"
        ],
        "Expires": [
          "-1"
        ],
        "Content-Length": [
          "0"
        ]
      },
      "ResponseBody": "",
      "StatusCode": 202
    },
    {
      "RequestUri": "/subscriptions/0661b131-4a11-479b-96bf-2f95acca2f73/operationresults/eyJqb2JJZCI6IlJFU09VUkNFR1JPVVBERUxFVElPTkpPQi1QUzcwMTAtRUFTVFVTIiwiam9iTG9jYXRpb24iOiJlYXN0dXMifQ?api-version=2016-09-01",
      "EncodedRequestUri": "L3N1YnNjcmlwdGlvbnMvMDY2MWIxMzEtNGExMS00NzliLTk2YmYtMmY5NWFjY2EyZjczL29wZXJhdGlvbnJlc3VsdHMvZXlKcWIySkpaQ0k2SWxKRlUwOVZVa05GUjFKUFZWQkVSVXhGVkVsUFRrcFBRaTFRVXpjd01UQXRSVUZUVkZWVElpd2lhbTlpVEc5allYUnBiMjRpT2lKbFlYTjBkWE1pZlE/YXBpLXZlcnNpb249MjAxNi0wOS0wMQ==",
      "RequestMethod": "GET",
      "RequestHeaders": {
        "User-Agent": [
          "FxVersion/4.700.22.55902",
          "OSName/Windows",
          "OSVersion/Microsoft.Windows.10.0.22621",
          "Microsoft.Azure.Management.Internal.Resources.ResourceManagementClient/1.3.78"
        ]
      },
      "RequestBody": "",
      "ResponseHeaders": {
        "Cache-Control": [
          "no-cache"
        ],
        "Pragma": [
          "no-cache"
        ],
        "Location": [
          "https://management.azure.com/subscriptions/0661b131-4a11-479b-96bf-2f95acca2f73/operationresults/eyJqb2JJZCI6IlJFU09VUkNFR1JPVVBERUxFVElPTkpPQi1QUzcwMTAtRUFTVFVTIiwiam9iTG9jYXRpb24iOiJlYXN0dXMifQ?api-version=2016-09-01"
        ],
        "Retry-After": [
          "15"
        ],
        "x-ms-ratelimit-remaining-subscription-reads": [
          "11967"
        ],
        "x-ms-request-id": [
          "6df20fb1-f60c-47df-a27b-9413c7ce7c61"
        ],
        "x-ms-correlation-request-id": [
          "6df20fb1-f60c-47df-a27b-9413c7ce7c61"
        ],
        "x-ms-routing-request-id": [
          "SWEDENSOUTH:20230712T215226Z:6df20fb1-f60c-47df-a27b-9413c7ce7c61"
        ],
        "Strict-Transport-Security": [
          "max-age=31536000; includeSubDomains"
        ],
        "X-Content-Type-Options": [
          "nosniff"
        ],
        "Date": [
          "Wed, 12 Jul 2023 21:52:25 GMT"
        ],
        "Expires": [
          "-1"
        ],
        "Content-Length": [
          "0"
        ]
      },
      "ResponseBody": "",
      "StatusCode": 202
    },
    {
      "RequestUri": "/subscriptions/0661b131-4a11-479b-96bf-2f95acca2f73/operationresults/eyJqb2JJZCI6IlJFU09VUkNFR1JPVVBERUxFVElPTkpPQi1QUzcwMTAtRUFTVFVTIiwiam9iTG9jYXRpb24iOiJlYXN0dXMifQ?api-version=2016-09-01",
      "EncodedRequestUri": "L3N1YnNjcmlwdGlvbnMvMDY2MWIxMzEtNGExMS00NzliLTk2YmYtMmY5NWFjY2EyZjczL29wZXJhdGlvbnJlc3VsdHMvZXlKcWIySkpaQ0k2SWxKRlUwOVZVa05GUjFKUFZWQkVSVXhGVkVsUFRrcFBRaTFRVXpjd01UQXRSVUZUVkZWVElpd2lhbTlpVEc5allYUnBiMjRpT2lKbFlYTjBkWE1pZlE/YXBpLXZlcnNpb249MjAxNi0wOS0wMQ==",
      "RequestMethod": "GET",
      "RequestHeaders": {
        "User-Agent": [
          "FxVersion/4.700.22.55902",
          "OSName/Windows",
          "OSVersion/Microsoft.Windows.10.0.22621",
          "Microsoft.Azure.Management.Internal.Resources.ResourceManagementClient/1.3.78"
        ]
      },
      "RequestBody": "",
      "ResponseHeaders": {
        "Cache-Control": [
          "no-cache"
        ],
        "Pragma": [
          "no-cache"
        ],
        "Location": [
          "https://management.azure.com/subscriptions/0661b131-4a11-479b-96bf-2f95acca2f73/operationresults/eyJqb2JJZCI6IlJFU09VUkNFR1JPVVBERUxFVElPTkpPQi1QUzcwMTAtRUFTVFVTIiwiam9iTG9jYXRpb24iOiJlYXN0dXMifQ?api-version=2016-09-01"
        ],
        "Retry-After": [
          "15"
        ],
        "x-ms-ratelimit-remaining-subscription-reads": [
          "11966"
        ],
        "x-ms-request-id": [
          "338d2adf-bc67-4ebe-9648-811fbbd11004"
        ],
        "x-ms-correlation-request-id": [
          "338d2adf-bc67-4ebe-9648-811fbbd11004"
        ],
        "x-ms-routing-request-id": [
          "SWEDENSOUTH:20230712T215241Z:338d2adf-bc67-4ebe-9648-811fbbd11004"
        ],
        "Strict-Transport-Security": [
          "max-age=31536000; includeSubDomains"
        ],
        "X-Content-Type-Options": [
          "nosniff"
        ],
        "Date": [
          "Wed, 12 Jul 2023 21:52:40 GMT"
        ],
        "Expires": [
          "-1"
        ],
        "Content-Length": [
          "0"
        ]
      },
      "ResponseBody": "",
      "StatusCode": 202
    },
    {
      "RequestUri": "/subscriptions/0661b131-4a11-479b-96bf-2f95acca2f73/operationresults/eyJqb2JJZCI6IlJFU09VUkNFR1JPVVBERUxFVElPTkpPQi1QUzcwMTAtRUFTVFVTIiwiam9iTG9jYXRpb24iOiJlYXN0dXMifQ?api-version=2016-09-01",
      "EncodedRequestUri": "L3N1YnNjcmlwdGlvbnMvMDY2MWIxMzEtNGExMS00NzliLTk2YmYtMmY5NWFjY2EyZjczL29wZXJhdGlvbnJlc3VsdHMvZXlKcWIySkpaQ0k2SWxKRlUwOVZVa05GUjFKUFZWQkVSVXhGVkVsUFRrcFBRaTFRVXpjd01UQXRSVUZUVkZWVElpd2lhbTlpVEc5allYUnBiMjRpT2lKbFlYTjBkWE1pZlE/YXBpLXZlcnNpb249MjAxNi0wOS0wMQ==",
      "RequestMethod": "GET",
      "RequestHeaders": {
        "User-Agent": [
          "FxVersion/4.700.22.55902",
          "OSName/Windows",
          "OSVersion/Microsoft.Windows.10.0.22621",
          "Microsoft.Azure.Management.Internal.Resources.ResourceManagementClient/1.3.78"
        ]
      },
      "RequestBody": "",
      "ResponseHeaders": {
        "Cache-Control": [
          "no-cache"
        ],
        "Pragma": [
          "no-cache"
        ],
        "Location": [
          "https://management.azure.com/subscriptions/0661b131-4a11-479b-96bf-2f95acca2f73/operationresults/eyJqb2JJZCI6IlJFU09VUkNFR1JPVVBERUxFVElPTkpPQi1QUzcwMTAtRUFTVFVTIiwiam9iTG9jYXRpb24iOiJlYXN0dXMifQ?api-version=2016-09-01"
        ],
        "Retry-After": [
          "15"
        ],
        "x-ms-ratelimit-remaining-subscription-reads": [
          "11965"
        ],
        "x-ms-request-id": [
          "dd37bc48-0332-4e00-8043-61b2a83820c5"
        ],
        "x-ms-correlation-request-id": [
          "dd37bc48-0332-4e00-8043-61b2a83820c5"
        ],
        "x-ms-routing-request-id": [
          "SWEDENSOUTH:20230712T215256Z:dd37bc48-0332-4e00-8043-61b2a83820c5"
        ],
        "Strict-Transport-Security": [
          "max-age=31536000; includeSubDomains"
        ],
        "X-Content-Type-Options": [
          "nosniff"
        ],
        "Date": [
          "Wed, 12 Jul 2023 21:52:56 GMT"
        ],
        "Expires": [
          "-1"
        ],
        "Content-Length": [
          "0"
        ]
      },
      "ResponseBody": "",
      "StatusCode": 202
    },
    {
      "RequestUri": "/subscriptions/0661b131-4a11-479b-96bf-2f95acca2f73/operationresults/eyJqb2JJZCI6IlJFU09VUkNFR1JPVVBERUxFVElPTkpPQi1QUzcwMTAtRUFTVFVTIiwiam9iTG9jYXRpb24iOiJlYXN0dXMifQ?api-version=2016-09-01",
      "EncodedRequestUri": "L3N1YnNjcmlwdGlvbnMvMDY2MWIxMzEtNGExMS00NzliLTk2YmYtMmY5NWFjY2EyZjczL29wZXJhdGlvbnJlc3VsdHMvZXlKcWIySkpaQ0k2SWxKRlUwOVZVa05GUjFKUFZWQkVSVXhGVkVsUFRrcFBRaTFRVXpjd01UQXRSVUZUVkZWVElpd2lhbTlpVEc5allYUnBiMjRpT2lKbFlYTjBkWE1pZlE/YXBpLXZlcnNpb249MjAxNi0wOS0wMQ==",
      "RequestMethod": "GET",
      "RequestHeaders": {
        "User-Agent": [
          "FxVersion/4.700.22.55902",
          "OSName/Windows",
          "OSVersion/Microsoft.Windows.10.0.22621",
          "Microsoft.Azure.Management.Internal.Resources.ResourceManagementClient/1.3.78"
        ]
      },
      "RequestBody": "",
      "ResponseHeaders": {
        "Cache-Control": [
          "no-cache"
        ],
        "Pragma": [
          "no-cache"
        ],
        "Location": [
          "https://management.azure.com/subscriptions/0661b131-4a11-479b-96bf-2f95acca2f73/operationresults/eyJqb2JJZCI6IlJFU09VUkNFR1JPVVBERUxFVElPTkpPQi1QUzcwMTAtRUFTVFVTIiwiam9iTG9jYXRpb24iOiJlYXN0dXMifQ?api-version=2016-09-01"
        ],
        "Retry-After": [
          "15"
        ],
        "x-ms-ratelimit-remaining-subscription-reads": [
          "11964"
        ],
        "x-ms-request-id": [
          "bdc37800-3f1a-4400-9be1-c055d9165806"
        ],
        "x-ms-correlation-request-id": [
          "bdc37800-3f1a-4400-9be1-c055d9165806"
        ],
        "x-ms-routing-request-id": [
          "SWEDENSOUTH:20230712T215311Z:bdc37800-3f1a-4400-9be1-c055d9165806"
        ],
        "Strict-Transport-Security": [
          "max-age=31536000; includeSubDomains"
        ],
        "X-Content-Type-Options": [
          "nosniff"
        ],
        "Date": [
          "Wed, 12 Jul 2023 21:53:11 GMT"
        ],
        "Expires": [
          "-1"
        ],
        "Content-Length": [
          "0"
        ]
      },
      "ResponseBody": "",
      "StatusCode": 202
    },
    {
      "RequestUri": "/subscriptions/0661b131-4a11-479b-96bf-2f95acca2f73/operationresults/eyJqb2JJZCI6IlJFU09VUkNFR1JPVVBERUxFVElPTkpPQi1QUzcwMTAtRUFTVFVTIiwiam9iTG9jYXRpb24iOiJlYXN0dXMifQ?api-version=2016-09-01",
      "EncodedRequestUri": "L3N1YnNjcmlwdGlvbnMvMDY2MWIxMzEtNGExMS00NzliLTk2YmYtMmY5NWFjY2EyZjczL29wZXJhdGlvbnJlc3VsdHMvZXlKcWIySkpaQ0k2SWxKRlUwOVZVa05GUjFKUFZWQkVSVXhGVkVsUFRrcFBRaTFRVXpjd01UQXRSVUZUVkZWVElpd2lhbTlpVEc5allYUnBiMjRpT2lKbFlYTjBkWE1pZlE/YXBpLXZlcnNpb249MjAxNi0wOS0wMQ==",
      "RequestMethod": "GET",
      "RequestHeaders": {
        "User-Agent": [
          "FxVersion/4.700.22.55902",
          "OSName/Windows",
          "OSVersion/Microsoft.Windows.10.0.22621",
          "Microsoft.Azure.Management.Internal.Resources.ResourceManagementClient/1.3.78"
        ]
      },
      "RequestBody": "",
      "ResponseHeaders": {
        "Cache-Control": [
          "no-cache"
        ],
        "Pragma": [
          "no-cache"
        ],
        "Location": [
          "https://management.azure.com/subscriptions/0661b131-4a11-479b-96bf-2f95acca2f73/operationresults/eyJqb2JJZCI6IlJFU09VUkNFR1JPVVBERUxFVElPTkpPQi1QUzcwMTAtRUFTVFVTIiwiam9iTG9jYXRpb24iOiJlYXN0dXMifQ?api-version=2016-09-01"
        ],
        "Retry-After": [
          "15"
        ],
        "x-ms-ratelimit-remaining-subscription-reads": [
          "11963"
        ],
        "x-ms-request-id": [
          "d283a225-0a02-400a-b5e3-573dca59b86b"
        ],
        "x-ms-correlation-request-id": [
          "d283a225-0a02-400a-b5e3-573dca59b86b"
        ],
        "x-ms-routing-request-id": [
          "SWEDENSOUTH:20230712T215327Z:d283a225-0a02-400a-b5e3-573dca59b86b"
        ],
        "Strict-Transport-Security": [
          "max-age=31536000; includeSubDomains"
        ],
        "X-Content-Type-Options": [
          "nosniff"
        ],
        "Date": [
          "Wed, 12 Jul 2023 21:53:26 GMT"
        ],
        "Expires": [
          "-1"
        ],
        "Content-Length": [
          "0"
        ]
      },
      "ResponseBody": "",
      "StatusCode": 202
    },
    {
      "RequestUri": "/subscriptions/0661b131-4a11-479b-96bf-2f95acca2f73/operationresults/eyJqb2JJZCI6IlJFU09VUkNFR1JPVVBERUxFVElPTkpPQi1QUzcwMTAtRUFTVFVTIiwiam9iTG9jYXRpb24iOiJlYXN0dXMifQ?api-version=2016-09-01",
      "EncodedRequestUri": "L3N1YnNjcmlwdGlvbnMvMDY2MWIxMzEtNGExMS00NzliLTk2YmYtMmY5NWFjY2EyZjczL29wZXJhdGlvbnJlc3VsdHMvZXlKcWIySkpaQ0k2SWxKRlUwOVZVa05GUjFKUFZWQkVSVXhGVkVsUFRrcFBRaTFRVXpjd01UQXRSVUZUVkZWVElpd2lhbTlpVEc5allYUnBiMjRpT2lKbFlYTjBkWE1pZlE/YXBpLXZlcnNpb249MjAxNi0wOS0wMQ==",
      "RequestMethod": "GET",
      "RequestHeaders": {
        "User-Agent": [
          "FxVersion/4.700.22.55902",
          "OSName/Windows",
          "OSVersion/Microsoft.Windows.10.0.22621",
          "Microsoft.Azure.Management.Internal.Resources.ResourceManagementClient/1.3.78"
        ]
      },
      "RequestBody": "",
      "ResponseHeaders": {
        "Cache-Control": [
          "no-cache"
        ],
        "Pragma": [
          "no-cache"
        ],
        "Location": [
          "https://management.azure.com/subscriptions/0661b131-4a11-479b-96bf-2f95acca2f73/operationresults/eyJqb2JJZCI6IlJFU09VUkNFR1JPVVBERUxFVElPTkpPQi1QUzcwMTAtRUFTVFVTIiwiam9iTG9jYXRpb24iOiJlYXN0dXMifQ?api-version=2016-09-01"
        ],
        "Retry-After": [
          "15"
        ],
        "x-ms-ratelimit-remaining-subscription-reads": [
          "11962"
        ],
        "x-ms-request-id": [
          "79d1e975-b8aa-49f3-8191-ab83aff785b8"
        ],
        "x-ms-correlation-request-id": [
          "79d1e975-b8aa-49f3-8191-ab83aff785b8"
        ],
        "x-ms-routing-request-id": [
          "SWEDENSOUTH:20230712T215342Z:79d1e975-b8aa-49f3-8191-ab83aff785b8"
        ],
        "Strict-Transport-Security": [
          "max-age=31536000; includeSubDomains"
        ],
        "X-Content-Type-Options": [
          "nosniff"
        ],
        "Date": [
          "Wed, 12 Jul 2023 21:53:42 GMT"
        ],
        "Expires": [
          "-1"
        ],
        "Content-Length": [
          "0"
        ]
      },
      "ResponseBody": "",
      "StatusCode": 202
    },
    {
      "RequestUri": "/subscriptions/0661b131-4a11-479b-96bf-2f95acca2f73/operationresults/eyJqb2JJZCI6IlJFU09VUkNFR1JPVVBERUxFVElPTkpPQi1QUzcwMTAtRUFTVFVTIiwiam9iTG9jYXRpb24iOiJlYXN0dXMifQ?api-version=2016-09-01",
      "EncodedRequestUri": "L3N1YnNjcmlwdGlvbnMvMDY2MWIxMzEtNGExMS00NzliLTk2YmYtMmY5NWFjY2EyZjczL29wZXJhdGlvbnJlc3VsdHMvZXlKcWIySkpaQ0k2SWxKRlUwOVZVa05GUjFKUFZWQkVSVXhGVkVsUFRrcFBRaTFRVXpjd01UQXRSVUZUVkZWVElpd2lhbTlpVEc5allYUnBiMjRpT2lKbFlYTjBkWE1pZlE/YXBpLXZlcnNpb249MjAxNi0wOS0wMQ==",
      "RequestMethod": "GET",
      "RequestHeaders": {
        "User-Agent": [
          "FxVersion/4.700.22.55902",
          "OSName/Windows",
          "OSVersion/Microsoft.Windows.10.0.22621",
          "Microsoft.Azure.Management.Internal.Resources.ResourceManagementClient/1.3.78"
        ]
      },
      "RequestBody": "",
      "ResponseHeaders": {
        "Cache-Control": [
          "no-cache"
        ],
        "Pragma": [
          "no-cache"
        ],
        "Location": [
          "https://management.azure.com/subscriptions/0661b131-4a11-479b-96bf-2f95acca2f73/operationresults/eyJqb2JJZCI6IlJFU09VUkNFR1JPVVBERUxFVElPTkpPQi1QUzcwMTAtRUFTVFVTIiwiam9iTG9jYXRpb24iOiJlYXN0dXMifQ?api-version=2016-09-01"
        ],
        "Retry-After": [
          "15"
        ],
        "x-ms-ratelimit-remaining-subscription-reads": [
          "11961"
        ],
        "x-ms-request-id": [
          "ae2c4dc8-a1c9-4ae2-953b-4966290bf488"
        ],
        "x-ms-correlation-request-id": [
          "ae2c4dc8-a1c9-4ae2-953b-4966290bf488"
        ],
        "x-ms-routing-request-id": [
          "SWEDENSOUTH:20230712T215357Z:ae2c4dc8-a1c9-4ae2-953b-4966290bf488"
        ],
        "Strict-Transport-Security": [
          "max-age=31536000; includeSubDomains"
        ],
        "X-Content-Type-Options": [
          "nosniff"
        ],
        "Date": [
          "Wed, 12 Jul 2023 21:53:57 GMT"
        ],
        "Expires": [
          "-1"
        ],
        "Content-Length": [
          "0"
        ]
      },
      "ResponseBody": "",
      "StatusCode": 202
    },
    {
      "RequestUri": "/subscriptions/0661b131-4a11-479b-96bf-2f95acca2f73/operationresults/eyJqb2JJZCI6IlJFU09VUkNFR1JPVVBERUxFVElPTkpPQi1QUzcwMTAtRUFTVFVTIiwiam9iTG9jYXRpb24iOiJlYXN0dXMifQ?api-version=2016-09-01",
      "EncodedRequestUri": "L3N1YnNjcmlwdGlvbnMvMDY2MWIxMzEtNGExMS00NzliLTk2YmYtMmY5NWFjY2EyZjczL29wZXJhdGlvbnJlc3VsdHMvZXlKcWIySkpaQ0k2SWxKRlUwOVZVa05GUjFKUFZWQkVSVXhGVkVsUFRrcFBRaTFRVXpjd01UQXRSVUZUVkZWVElpd2lhbTlpVEc5allYUnBiMjRpT2lKbFlYTjBkWE1pZlE/YXBpLXZlcnNpb249MjAxNi0wOS0wMQ==",
      "RequestMethod": "GET",
      "RequestHeaders": {
        "User-Agent": [
          "FxVersion/4.700.22.55902",
          "OSName/Windows",
          "OSVersion/Microsoft.Windows.10.0.22621",
          "Microsoft.Azure.Management.Internal.Resources.ResourceManagementClient/1.3.78"
        ]
      },
      "RequestBody": "",
      "ResponseHeaders": {
        "Cache-Control": [
          "no-cache"
        ],
        "Pragma": [
          "no-cache"
        ],
        "Location": [
          "https://management.azure.com/subscriptions/0661b131-4a11-479b-96bf-2f95acca2f73/operationresults/eyJqb2JJZCI6IlJFU09VUkNFR1JPVVBERUxFVElPTkpPQi1QUzcwMTAtRUFTVFVTIiwiam9iTG9jYXRpb24iOiJlYXN0dXMifQ?api-version=2016-09-01"
        ],
        "Retry-After": [
          "15"
        ],
        "x-ms-ratelimit-remaining-subscription-reads": [
          "11960"
        ],
        "x-ms-request-id": [
          "1b75b2f8-f1b1-4aec-9b1f-a5394f410a85"
        ],
        "x-ms-correlation-request-id": [
          "1b75b2f8-f1b1-4aec-9b1f-a5394f410a85"
        ],
        "x-ms-routing-request-id": [
          "SWEDENSOUTH:20230712T215412Z:1b75b2f8-f1b1-4aec-9b1f-a5394f410a85"
        ],
        "Strict-Transport-Security": [
          "max-age=31536000; includeSubDomains"
        ],
        "X-Content-Type-Options": [
          "nosniff"
        ],
        "Date": [
          "Wed, 12 Jul 2023 21:54:12 GMT"
        ],
        "Expires": [
          "-1"
        ],
        "Content-Length": [
          "0"
        ]
      },
      "ResponseBody": "",
      "StatusCode": 202
    },
    {
      "RequestUri": "/subscriptions/0661b131-4a11-479b-96bf-2f95acca2f73/operationresults/eyJqb2JJZCI6IlJFU09VUkNFR1JPVVBERUxFVElPTkpPQi1QUzcwMTAtRUFTVFVTIiwiam9iTG9jYXRpb24iOiJlYXN0dXMifQ?api-version=2016-09-01",
      "EncodedRequestUri": "L3N1YnNjcmlwdGlvbnMvMDY2MWIxMzEtNGExMS00NzliLTk2YmYtMmY5NWFjY2EyZjczL29wZXJhdGlvbnJlc3VsdHMvZXlKcWIySkpaQ0k2SWxKRlUwOVZVa05GUjFKUFZWQkVSVXhGVkVsUFRrcFBRaTFRVXpjd01UQXRSVUZUVkZWVElpd2lhbTlpVEc5allYUnBiMjRpT2lKbFlYTjBkWE1pZlE/YXBpLXZlcnNpb249MjAxNi0wOS0wMQ==",
      "RequestMethod": "GET",
      "RequestHeaders": {
        "User-Agent": [
          "FxVersion/4.700.22.55902",
          "OSName/Windows",
          "OSVersion/Microsoft.Windows.10.0.22621",
          "Microsoft.Azure.Management.Internal.Resources.ResourceManagementClient/1.3.78"
        ]
      },
      "RequestBody": "",
      "ResponseHeaders": {
        "Cache-Control": [
          "no-cache"
        ],
        "Pragma": [
          "no-cache"
        ],
        "Location": [
          "https://management.azure.com/subscriptions/0661b131-4a11-479b-96bf-2f95acca2f73/operationresults/eyJqb2JJZCI6IlJFU09VUkNFR1JPVVBERUxFVElPTkpPQi1QUzcwMTAtRUFTVFVTIiwiam9iTG9jYXRpb24iOiJlYXN0dXMifQ?api-version=2016-09-01"
        ],
        "Retry-After": [
          "15"
        ],
        "x-ms-ratelimit-remaining-subscription-reads": [
          "11959"
        ],
        "x-ms-request-id": [
          "6e7a927c-cae3-42ab-aac4-383c722d2aa5"
        ],
        "x-ms-correlation-request-id": [
          "6e7a927c-cae3-42ab-aac4-383c722d2aa5"
        ],
        "x-ms-routing-request-id": [
          "SWEDENSOUTH:20230712T215428Z:6e7a927c-cae3-42ab-aac4-383c722d2aa5"
        ],
        "Strict-Transport-Security": [
          "max-age=31536000; includeSubDomains"
        ],
        "X-Content-Type-Options": [
          "nosniff"
        ],
        "Date": [
          "Wed, 12 Jul 2023 21:54:27 GMT"
        ],
        "Expires": [
          "-1"
        ],
        "Content-Length": [
          "0"
        ]
      },
      "ResponseBody": "",
      "StatusCode": 202
    },
    {
      "RequestUri": "/subscriptions/0661b131-4a11-479b-96bf-2f95acca2f73/operationresults/eyJqb2JJZCI6IlJFU09VUkNFR1JPVVBERUxFVElPTkpPQi1QUzcwMTAtRUFTVFVTIiwiam9iTG9jYXRpb24iOiJlYXN0dXMifQ?api-version=2016-09-01",
      "EncodedRequestUri": "L3N1YnNjcmlwdGlvbnMvMDY2MWIxMzEtNGExMS00NzliLTk2YmYtMmY5NWFjY2EyZjczL29wZXJhdGlvbnJlc3VsdHMvZXlKcWIySkpaQ0k2SWxKRlUwOVZVa05GUjFKUFZWQkVSVXhGVkVsUFRrcFBRaTFRVXpjd01UQXRSVUZUVkZWVElpd2lhbTlpVEc5allYUnBiMjRpT2lKbFlYTjBkWE1pZlE/YXBpLXZlcnNpb249MjAxNi0wOS0wMQ==",
      "RequestMethod": "GET",
      "RequestHeaders": {
        "User-Agent": [
          "FxVersion/4.700.22.55902",
          "OSName/Windows",
          "OSVersion/Microsoft.Windows.10.0.22621",
          "Microsoft.Azure.Management.Internal.Resources.ResourceManagementClient/1.3.78"
        ]
      },
      "RequestBody": "",
      "ResponseHeaders": {
        "Cache-Control": [
          "no-cache"
        ],
        "Pragma": [
          "no-cache"
        ],
        "Location": [
          "https://management.azure.com/subscriptions/0661b131-4a11-479b-96bf-2f95acca2f73/operationresults/eyJqb2JJZCI6IlJFU09VUkNFR1JPVVBERUxFVElPTkpPQi1QUzcwMTAtRUFTVFVTIiwiam9iTG9jYXRpb24iOiJlYXN0dXMifQ?api-version=2016-09-01"
        ],
        "Retry-After": [
          "15"
        ],
        "x-ms-ratelimit-remaining-subscription-reads": [
          "11958"
        ],
        "x-ms-request-id": [
          "b46218f4-d7cb-4601-85ff-eb0da265bc73"
        ],
        "x-ms-correlation-request-id": [
          "b46218f4-d7cb-4601-85ff-eb0da265bc73"
        ],
        "x-ms-routing-request-id": [
          "SWEDENSOUTH:20230712T215443Z:b46218f4-d7cb-4601-85ff-eb0da265bc73"
        ],
        "Strict-Transport-Security": [
          "max-age=31536000; includeSubDomains"
        ],
        "X-Content-Type-Options": [
          "nosniff"
        ],
        "Date": [
          "Wed, 12 Jul 2023 21:54:43 GMT"
        ],
        "Expires": [
          "-1"
        ],
        "Content-Length": [
          "0"
        ]
      },
      "ResponseBody": "",
      "StatusCode": 202
    },
    {
      "RequestUri": "/subscriptions/0661b131-4a11-479b-96bf-2f95acca2f73/operationresults/eyJqb2JJZCI6IlJFU09VUkNFR1JPVVBERUxFVElPTkpPQi1QUzcwMTAtRUFTVFVTIiwiam9iTG9jYXRpb24iOiJlYXN0dXMifQ?api-version=2016-09-01",
      "EncodedRequestUri": "L3N1YnNjcmlwdGlvbnMvMDY2MWIxMzEtNGExMS00NzliLTk2YmYtMmY5NWFjY2EyZjczL29wZXJhdGlvbnJlc3VsdHMvZXlKcWIySkpaQ0k2SWxKRlUwOVZVa05GUjFKUFZWQkVSVXhGVkVsUFRrcFBRaTFRVXpjd01UQXRSVUZUVkZWVElpd2lhbTlpVEc5allYUnBiMjRpT2lKbFlYTjBkWE1pZlE/YXBpLXZlcnNpb249MjAxNi0wOS0wMQ==",
      "RequestMethod": "GET",
      "RequestHeaders": {
        "User-Agent": [
          "FxVersion/4.700.22.55902",
          "OSName/Windows",
          "OSVersion/Microsoft.Windows.10.0.22621",
          "Microsoft.Azure.Management.Internal.Resources.ResourceManagementClient/1.3.78"
        ]
      },
      "RequestBody": "",
      "ResponseHeaders": {
        "Cache-Control": [
          "no-cache"
        ],
        "Pragma": [
          "no-cache"
        ],
        "Location": [
          "https://management.azure.com/subscriptions/0661b131-4a11-479b-96bf-2f95acca2f73/operationresults/eyJqb2JJZCI6IlJFU09VUkNFR1JPVVBERUxFVElPTkpPQi1QUzcwMTAtRUFTVFVTIiwiam9iTG9jYXRpb24iOiJlYXN0dXMifQ?api-version=2016-09-01"
        ],
        "Retry-After": [
          "15"
        ],
        "x-ms-ratelimit-remaining-subscription-reads": [
          "11957"
        ],
        "x-ms-request-id": [
          "92e7fa3c-37dc-49af-a3b5-4b1802198b45"
        ],
        "x-ms-correlation-request-id": [
          "92e7fa3c-37dc-49af-a3b5-4b1802198b45"
        ],
        "x-ms-routing-request-id": [
          "SWEDENSOUTH:20230712T215458Z:92e7fa3c-37dc-49af-a3b5-4b1802198b45"
        ],
        "Strict-Transport-Security": [
          "max-age=31536000; includeSubDomains"
        ],
        "X-Content-Type-Options": [
          "nosniff"
        ],
        "Date": [
          "Wed, 12 Jul 2023 21:54:58 GMT"
        ],
        "Expires": [
          "-1"
        ],
        "Content-Length": [
          "0"
        ]
      },
      "ResponseBody": "",
      "StatusCode": 202
    },
    {
      "RequestUri": "/subscriptions/0661b131-4a11-479b-96bf-2f95acca2f73/operationresults/eyJqb2JJZCI6IlJFU09VUkNFR1JPVVBERUxFVElPTkpPQi1QUzcwMTAtRUFTVFVTIiwiam9iTG9jYXRpb24iOiJlYXN0dXMifQ?api-version=2016-09-01",
      "EncodedRequestUri": "L3N1YnNjcmlwdGlvbnMvMDY2MWIxMzEtNGExMS00NzliLTk2YmYtMmY5NWFjY2EyZjczL29wZXJhdGlvbnJlc3VsdHMvZXlKcWIySkpaQ0k2SWxKRlUwOVZVa05GUjFKUFZWQkVSVXhGVkVsUFRrcFBRaTFRVXpjd01UQXRSVUZUVkZWVElpd2lhbTlpVEc5allYUnBiMjRpT2lKbFlYTjBkWE1pZlE/YXBpLXZlcnNpb249MjAxNi0wOS0wMQ==",
      "RequestMethod": "GET",
      "RequestHeaders": {
        "User-Agent": [
          "FxVersion/4.700.22.55902",
          "OSName/Windows",
          "OSVersion/Microsoft.Windows.10.0.22621",
          "Microsoft.Azure.Management.Internal.Resources.ResourceManagementClient/1.3.78"
        ]
      },
      "RequestBody": "",
      "ResponseHeaders": {
        "Cache-Control": [
          "no-cache"
        ],
        "Pragma": [
          "no-cache"
        ],
        "Location": [
          "https://management.azure.com/subscriptions/0661b131-4a11-479b-96bf-2f95acca2f73/operationresults/eyJqb2JJZCI6IlJFU09VUkNFR1JPVVBERUxFVElPTkpPQi1QUzcwMTAtRUFTVFVTIiwiam9iTG9jYXRpb24iOiJlYXN0dXMifQ?api-version=2016-09-01"
        ],
        "Retry-After": [
          "15"
        ],
        "x-ms-ratelimit-remaining-subscription-reads": [
          "11956"
        ],
        "x-ms-request-id": [
          "97faef38-e44c-49f6-9d0b-f64bce4ed5ab"
        ],
        "x-ms-correlation-request-id": [
          "97faef38-e44c-49f6-9d0b-f64bce4ed5ab"
        ],
        "x-ms-routing-request-id": [
          "SWEDENSOUTH:20230712T215513Z:97faef38-e44c-49f6-9d0b-f64bce4ed5ab"
        ],
        "Strict-Transport-Security": [
          "max-age=31536000; includeSubDomains"
        ],
        "X-Content-Type-Options": [
          "nosniff"
        ],
        "Date": [
          "Wed, 12 Jul 2023 21:55:13 GMT"
        ],
        "Expires": [
          "-1"
        ],
        "Content-Length": [
          "0"
        ]
      },
      "ResponseBody": "",
      "StatusCode": 202
    },
    {
      "RequestUri": "/subscriptions/0661b131-4a11-479b-96bf-2f95acca2f73/operationresults/eyJqb2JJZCI6IlJFU09VUkNFR1JPVVBERUxFVElPTkpPQi1QUzcwMTAtRUFTVFVTIiwiam9iTG9jYXRpb24iOiJlYXN0dXMifQ?api-version=2016-09-01",
      "EncodedRequestUri": "L3N1YnNjcmlwdGlvbnMvMDY2MWIxMzEtNGExMS00NzliLTk2YmYtMmY5NWFjY2EyZjczL29wZXJhdGlvbnJlc3VsdHMvZXlKcWIySkpaQ0k2SWxKRlUwOVZVa05GUjFKUFZWQkVSVXhGVkVsUFRrcFBRaTFRVXpjd01UQXRSVUZUVkZWVElpd2lhbTlpVEc5allYUnBiMjRpT2lKbFlYTjBkWE1pZlE/YXBpLXZlcnNpb249MjAxNi0wOS0wMQ==",
      "RequestMethod": "GET",
      "RequestHeaders": {
        "User-Agent": [
          "FxVersion/4.700.22.55902",
          "OSName/Windows",
          "OSVersion/Microsoft.Windows.10.0.22621",
          "Microsoft.Azure.Management.Internal.Resources.ResourceManagementClient/1.3.78"
        ]
      },
      "RequestBody": "",
      "ResponseHeaders": {
        "Cache-Control": [
          "no-cache"
        ],
        "Pragma": [
          "no-cache"
        ],
        "Location": [
          "https://management.azure.com/subscriptions/0661b131-4a11-479b-96bf-2f95acca2f73/operationresults/eyJqb2JJZCI6IlJFU09VUkNFR1JPVVBERUxFVElPTkpPQi1QUzcwMTAtRUFTVFVTIiwiam9iTG9jYXRpb24iOiJlYXN0dXMifQ?api-version=2016-09-01"
        ],
        "Retry-After": [
          "15"
        ],
        "x-ms-ratelimit-remaining-subscription-reads": [
          "11955"
        ],
        "x-ms-request-id": [
          "11fd86a6-566c-420a-9524-88f026e83756"
        ],
        "x-ms-correlation-request-id": [
          "11fd86a6-566c-420a-9524-88f026e83756"
        ],
        "x-ms-routing-request-id": [
          "SWEDENSOUTH:20230712T215529Z:11fd86a6-566c-420a-9524-88f026e83756"
        ],
        "Strict-Transport-Security": [
          "max-age=31536000; includeSubDomains"
        ],
        "X-Content-Type-Options": [
          "nosniff"
        ],
        "Date": [
          "Wed, 12 Jul 2023 21:55:28 GMT"
        ],
        "Expires": [
          "-1"
        ],
        "Content-Length": [
          "0"
        ]
      },
      "ResponseBody": "",
      "StatusCode": 202
    },
    {
      "RequestUri": "/subscriptions/0661b131-4a11-479b-96bf-2f95acca2f73/operationresults/eyJqb2JJZCI6IlJFU09VUkNFR1JPVVBERUxFVElPTkpPQi1QUzcwMTAtRUFTVFVTIiwiam9iTG9jYXRpb24iOiJlYXN0dXMifQ?api-version=2016-09-01",
      "EncodedRequestUri": "L3N1YnNjcmlwdGlvbnMvMDY2MWIxMzEtNGExMS00NzliLTk2YmYtMmY5NWFjY2EyZjczL29wZXJhdGlvbnJlc3VsdHMvZXlKcWIySkpaQ0k2SWxKRlUwOVZVa05GUjFKUFZWQkVSVXhGVkVsUFRrcFBRaTFRVXpjd01UQXRSVUZUVkZWVElpd2lhbTlpVEc5allYUnBiMjRpT2lKbFlYTjBkWE1pZlE/YXBpLXZlcnNpb249MjAxNi0wOS0wMQ==",
      "RequestMethod": "GET",
      "RequestHeaders": {
        "User-Agent": [
          "FxVersion/4.700.22.55902",
          "OSName/Windows",
          "OSVersion/Microsoft.Windows.10.0.22621",
          "Microsoft.Azure.Management.Internal.Resources.ResourceManagementClient/1.3.78"
        ]
      },
      "RequestBody": "",
      "ResponseHeaders": {
        "Cache-Control": [
          "no-cache"
        ],
        "Pragma": [
          "no-cache"
        ],
        "Location": [
          "https://management.azure.com/subscriptions/0661b131-4a11-479b-96bf-2f95acca2f73/operationresults/eyJqb2JJZCI6IlJFU09VUkNFR1JPVVBERUxFVElPTkpPQi1QUzcwMTAtRUFTVFVTIiwiam9iTG9jYXRpb24iOiJlYXN0dXMifQ?api-version=2016-09-01"
        ],
        "Retry-After": [
          "15"
        ],
        "x-ms-ratelimit-remaining-subscription-reads": [
          "11954"
        ],
        "x-ms-request-id": [
          "43929c56-a9b8-4a87-a5f7-06985a3f9f1b"
        ],
        "x-ms-correlation-request-id": [
          "43929c56-a9b8-4a87-a5f7-06985a3f9f1b"
        ],
        "x-ms-routing-request-id": [
          "SWEDENSOUTH:20230712T215544Z:43929c56-a9b8-4a87-a5f7-06985a3f9f1b"
        ],
        "Strict-Transport-Security": [
          "max-age=31536000; includeSubDomains"
        ],
        "X-Content-Type-Options": [
          "nosniff"
        ],
        "Date": [
          "Wed, 12 Jul 2023 21:55:43 GMT"
        ],
        "Expires": [
          "-1"
        ],
        "Content-Length": [
          "0"
        ]
      },
      "ResponseBody": "",
      "StatusCode": 202
    },
    {
      "RequestUri": "/subscriptions/0661b131-4a11-479b-96bf-2f95acca2f73/operationresults/eyJqb2JJZCI6IlJFU09VUkNFR1JPVVBERUxFVElPTkpPQi1QUzcwMTAtRUFTVFVTIiwiam9iTG9jYXRpb24iOiJlYXN0dXMifQ?api-version=2016-09-01",
      "EncodedRequestUri": "L3N1YnNjcmlwdGlvbnMvMDY2MWIxMzEtNGExMS00NzliLTk2YmYtMmY5NWFjY2EyZjczL29wZXJhdGlvbnJlc3VsdHMvZXlKcWIySkpaQ0k2SWxKRlUwOVZVa05GUjFKUFZWQkVSVXhGVkVsUFRrcFBRaTFRVXpjd01UQXRSVUZUVkZWVElpd2lhbTlpVEc5allYUnBiMjRpT2lKbFlYTjBkWE1pZlE/YXBpLXZlcnNpb249MjAxNi0wOS0wMQ==",
      "RequestMethod": "GET",
      "RequestHeaders": {
        "User-Agent": [
          "FxVersion/4.700.22.55902",
          "OSName/Windows",
          "OSVersion/Microsoft.Windows.10.0.22621",
          "Microsoft.Azure.Management.Internal.Resources.ResourceManagementClient/1.3.78"
        ]
      },
      "RequestBody": "",
      "ResponseHeaders": {
        "Cache-Control": [
          "no-cache"
        ],
        "Pragma": [
          "no-cache"
        ],
        "Location": [
          "https://management.azure.com/subscriptions/0661b131-4a11-479b-96bf-2f95acca2f73/operationresults/eyJqb2JJZCI6IlJFU09VUkNFR1JPVVBERUxFVElPTkpPQi1QUzcwMTAtRUFTVFVTIiwiam9iTG9jYXRpb24iOiJlYXN0dXMifQ?api-version=2016-09-01"
        ],
        "Retry-After": [
          "15"
        ],
        "x-ms-ratelimit-remaining-subscription-reads": [
          "11953"
        ],
        "x-ms-request-id": [
          "fda9308b-4027-4152-b276-c5af5a9df066"
        ],
        "x-ms-correlation-request-id": [
          "fda9308b-4027-4152-b276-c5af5a9df066"
        ],
        "x-ms-routing-request-id": [
          "SWEDENSOUTH:20230712T215559Z:fda9308b-4027-4152-b276-c5af5a9df066"
        ],
        "Strict-Transport-Security": [
          "max-age=31536000; includeSubDomains"
        ],
        "X-Content-Type-Options": [
          "nosniff"
        ],
        "Date": [
          "Wed, 12 Jul 2023 21:55:59 GMT"
        ],
        "Expires": [
          "-1"
        ],
        "Content-Length": [
          "0"
        ]
      },
      "ResponseBody": "",
      "StatusCode": 202
    },
    {
      "RequestUri": "/subscriptions/0661b131-4a11-479b-96bf-2f95acca2f73/operationresults/eyJqb2JJZCI6IlJFU09VUkNFR1JPVVBERUxFVElPTkpPQi1QUzcwMTAtRUFTVFVTIiwiam9iTG9jYXRpb24iOiJlYXN0dXMifQ?api-version=2016-09-01",
      "EncodedRequestUri": "L3N1YnNjcmlwdGlvbnMvMDY2MWIxMzEtNGExMS00NzliLTk2YmYtMmY5NWFjY2EyZjczL29wZXJhdGlvbnJlc3VsdHMvZXlKcWIySkpaQ0k2SWxKRlUwOVZVa05GUjFKUFZWQkVSVXhGVkVsUFRrcFBRaTFRVXpjd01UQXRSVUZUVkZWVElpd2lhbTlpVEc5allYUnBiMjRpT2lKbFlYTjBkWE1pZlE/YXBpLXZlcnNpb249MjAxNi0wOS0wMQ==",
      "RequestMethod": "GET",
      "RequestHeaders": {
        "User-Agent": [
          "FxVersion/4.700.22.55902",
          "OSName/Windows",
          "OSVersion/Microsoft.Windows.10.0.22621",
          "Microsoft.Azure.Management.Internal.Resources.ResourceManagementClient/1.3.78"
        ]
      },
      "RequestBody": "",
      "ResponseHeaders": {
        "Cache-Control": [
          "no-cache"
        ],
        "Pragma": [
          "no-cache"
        ],
        "Location": [
          "https://management.azure.com/subscriptions/0661b131-4a11-479b-96bf-2f95acca2f73/operationresults/eyJqb2JJZCI6IlJFU09VUkNFR1JPVVBERUxFVElPTkpPQi1QUzcwMTAtRUFTVFVTIiwiam9iTG9jYXRpb24iOiJlYXN0dXMifQ?api-version=2016-09-01"
        ],
        "Retry-After": [
          "15"
        ],
        "x-ms-ratelimit-remaining-subscription-reads": [
          "11952"
        ],
        "x-ms-request-id": [
          "285adef2-0cb7-4683-bcac-fb3c10095bf5"
        ],
        "x-ms-correlation-request-id": [
          "285adef2-0cb7-4683-bcac-fb3c10095bf5"
        ],
        "x-ms-routing-request-id": [
          "SWEDENSOUTH:20230712T215615Z:285adef2-0cb7-4683-bcac-fb3c10095bf5"
        ],
        "Strict-Transport-Security": [
          "max-age=31536000; includeSubDomains"
        ],
        "X-Content-Type-Options": [
          "nosniff"
        ],
        "Date": [
          "Wed, 12 Jul 2023 21:56:14 GMT"
        ],
        "Expires": [
          "-1"
        ],
        "Content-Length": [
          "0"
        ]
      },
      "ResponseBody": "",
      "StatusCode": 202
    },
    {
      "RequestUri": "/subscriptions/0661b131-4a11-479b-96bf-2f95acca2f73/operationresults/eyJqb2JJZCI6IlJFU09VUkNFR1JPVVBERUxFVElPTkpPQi1QUzcwMTAtRUFTVFVTIiwiam9iTG9jYXRpb24iOiJlYXN0dXMifQ?api-version=2016-09-01",
      "EncodedRequestUri": "L3N1YnNjcmlwdGlvbnMvMDY2MWIxMzEtNGExMS00NzliLTk2YmYtMmY5NWFjY2EyZjczL29wZXJhdGlvbnJlc3VsdHMvZXlKcWIySkpaQ0k2SWxKRlUwOVZVa05GUjFKUFZWQkVSVXhGVkVsUFRrcFBRaTFRVXpjd01UQXRSVUZUVkZWVElpd2lhbTlpVEc5allYUnBiMjRpT2lKbFlYTjBkWE1pZlE/YXBpLXZlcnNpb249MjAxNi0wOS0wMQ==",
      "RequestMethod": "GET",
      "RequestHeaders": {
        "User-Agent": [
          "FxVersion/4.700.22.55902",
          "OSName/Windows",
          "OSVersion/Microsoft.Windows.10.0.22621",
          "Microsoft.Azure.Management.Internal.Resources.ResourceManagementClient/1.3.78"
        ]
      },
      "RequestBody": "",
      "ResponseHeaders": {
        "Cache-Control": [
          "no-cache"
        ],
        "Pragma": [
          "no-cache"
        ],
        "Location": [
          "https://management.azure.com/subscriptions/0661b131-4a11-479b-96bf-2f95acca2f73/operationresults/eyJqb2JJZCI6IlJFU09VUkNFR1JPVVBERUxFVElPTkpPQi1QUzcwMTAtRUFTVFVTIiwiam9iTG9jYXRpb24iOiJlYXN0dXMifQ?api-version=2016-09-01"
        ],
        "Retry-After": [
          "15"
        ],
        "x-ms-ratelimit-remaining-subscription-reads": [
          "11951"
        ],
        "x-ms-request-id": [
          "da77875e-ad33-4050-91d4-8c4dbd7bcf1a"
        ],
        "x-ms-correlation-request-id": [
          "da77875e-ad33-4050-91d4-8c4dbd7bcf1a"
        ],
        "x-ms-routing-request-id": [
          "SWEDENSOUTH:20230712T215630Z:da77875e-ad33-4050-91d4-8c4dbd7bcf1a"
        ],
        "Strict-Transport-Security": [
          "max-age=31536000; includeSubDomains"
        ],
        "X-Content-Type-Options": [
          "nosniff"
        ],
        "Date": [
          "Wed, 12 Jul 2023 21:56:30 GMT"
        ],
        "Expires": [
          "-1"
        ],
        "Content-Length": [
          "0"
        ]
      },
      "ResponseBody": "",
      "StatusCode": 202
    },
    {
      "RequestUri": "/subscriptions/0661b131-4a11-479b-96bf-2f95acca2f73/operationresults/eyJqb2JJZCI6IlJFU09VUkNFR1JPVVBERUxFVElPTkpPQi1QUzcwMTAtRUFTVFVTIiwiam9iTG9jYXRpb24iOiJlYXN0dXMifQ?api-version=2016-09-01",
      "EncodedRequestUri": "L3N1YnNjcmlwdGlvbnMvMDY2MWIxMzEtNGExMS00NzliLTk2YmYtMmY5NWFjY2EyZjczL29wZXJhdGlvbnJlc3VsdHMvZXlKcWIySkpaQ0k2SWxKRlUwOVZVa05GUjFKUFZWQkVSVXhGVkVsUFRrcFBRaTFRVXpjd01UQXRSVUZUVkZWVElpd2lhbTlpVEc5allYUnBiMjRpT2lKbFlYTjBkWE1pZlE/YXBpLXZlcnNpb249MjAxNi0wOS0wMQ==",
      "RequestMethod": "GET",
      "RequestHeaders": {
        "User-Agent": [
          "FxVersion/4.700.22.55902",
          "OSName/Windows",
          "OSVersion/Microsoft.Windows.10.0.22621",
          "Microsoft.Azure.Management.Internal.Resources.ResourceManagementClient/1.3.78"
        ]
      },
      "RequestBody": "",
      "ResponseHeaders": {
        "Cache-Control": [
          "no-cache"
        ],
        "Pragma": [
          "no-cache"
        ],
        "x-ms-ratelimit-remaining-subscription-reads": [
          "11950"
        ],
        "x-ms-request-id": [
          "c1a2aded-a2ba-455b-8787-1baa5112c6fc"
        ],
        "x-ms-correlation-request-id": [
          "c1a2aded-a2ba-455b-8787-1baa5112c6fc"
        ],
        "x-ms-routing-request-id": [
          "SWEDENSOUTH:20230712T215645Z:c1a2aded-a2ba-455b-8787-1baa5112c6fc"
        ],
        "Strict-Transport-Security": [
          "max-age=31536000; includeSubDomains"
        ],
        "X-Content-Type-Options": [
          "nosniff"
        ],
        "Date": [
          "Wed, 12 Jul 2023 21:56:45 GMT"
        ],
        "Expires": [
          "-1"
        ],
        "Content-Length": [
          "0"
        ]
      },
      "ResponseBody": "",
      "StatusCode": 200
    },
    {
      "RequestUri": "/subscriptions/0661b131-4a11-479b-96bf-2f95acca2f73/operationresults/eyJqb2JJZCI6IlJFU09VUkNFR1JPVVBERUxFVElPTkpPQi1QUzcwMTAtRUFTVFVTIiwiam9iTG9jYXRpb24iOiJlYXN0dXMifQ?api-version=2016-09-01",
      "EncodedRequestUri": "L3N1YnNjcmlwdGlvbnMvMDY2MWIxMzEtNGExMS00NzliLTk2YmYtMmY5NWFjY2EyZjczL29wZXJhdGlvbnJlc3VsdHMvZXlKcWIySkpaQ0k2SWxKRlUwOVZVa05GUjFKUFZWQkVSVXhGVkVsUFRrcFBRaTFRVXpjd01UQXRSVUZUVkZWVElpd2lhbTlpVEc5allYUnBiMjRpT2lKbFlYTjBkWE1pZlE/YXBpLXZlcnNpb249MjAxNi0wOS0wMQ==",
      "RequestMethod": "GET",
      "RequestHeaders": {
        "User-Agent": [
          "FxVersion/4.700.22.55902",
          "OSName/Windows",
          "OSVersion/Microsoft.Windows.10.0.22621",
          "Microsoft.Azure.Management.Internal.Resources.ResourceManagementClient/1.3.78"
        ]
      },
      "RequestBody": "",
      "ResponseHeaders": {
        "Cache-Control": [
          "no-cache"
        ],
        "Pragma": [
          "no-cache"
        ],
        "x-ms-ratelimit-remaining-subscription-reads": [
          "11949"
        ],
        "x-ms-request-id": [
          "a11a77f5-6e08-4094-8c96-60869e915e88"
        ],
        "x-ms-correlation-request-id": [
          "a11a77f5-6e08-4094-8c96-60869e915e88"
        ],
        "x-ms-routing-request-id": [
          "SWEDENSOUTH:20230712T215646Z:a11a77f5-6e08-4094-8c96-60869e915e88"
        ],
        "Strict-Transport-Security": [
          "max-age=31536000; includeSubDomains"
        ],
        "X-Content-Type-Options": [
          "nosniff"
        ],
        "Date": [
          "Wed, 12 Jul 2023 21:56:45 GMT"
        ],
        "Expires": [
          "-1"
        ],
        "Content-Length": [
          "0"
        ]
      },
      "ResponseBody": "",
      "StatusCode": 200
    }
  ],
  "Names": {
    "Test-SnapshotPipelines": [
      "ps7010",
      "ps7410",
      "ps1142",
      "ps2221",
      "ps7945",
      "ps1444"
    ]
  },
  "Variables": {
    "SubscriptionId": "0661b131-4a11-479b-96bf-2f95acca2f73"
  }
}