{
  "Entries": [
    {
      "RequestUri": "/subscriptions/947d47b4-7883-4bb9-9d85-c5e8e2f572ce/resourcegroups/ps6887?api-version=2016-09-01",
      "EncodedRequestUri": "L3N1YnNjcmlwdGlvbnMvOTQ3ZDQ3YjQtNzg4My00YmI5LTlkODUtYzVlOGUyZjU3MmNlL3Jlc291cmNlZ3JvdXBzL3BzNjg4Nz9hcGktdmVyc2lvbj0yMDE2LTA5LTAx",
      "RequestMethod": "PUT",
      "RequestBody": "{\r\n  \"location\": \"westus2\"\r\n}",
      "RequestHeaders": {
        "x-ms-client-request-id": [
          "7f116289-ad77-43a6-a05f-9e72f74508f7"
        ],
        "Accept-Language": [
          "en-US"
        ],
        "User-Agent": [
          "FxVersion/4.6.28207.03",
          "OSName/Windows",
          "OSVersion/Microsoft.Windows.10.0.18363.",
          "Microsoft.Azure.Management.Internal.Resources.ResourceManagementClient/1.3.13"
        ],
        "Content-Type": [
          "application/json; charset=utf-8"
        ],
        "Content-Length": [
          "29"
        ]
      },
      "ResponseHeaders": {
        "Cache-Control": [
          "no-cache"
        ],
        "Pragma": [
          "no-cache"
        ],
        "x-ms-ratelimit-remaining-subscription-writes": [
          "1199"
        ],
        "x-ms-request-id": [
          "1a8f8c77-0b0c-4372-bad5-66ee3d14a284"
        ],
        "x-ms-correlation-request-id": [
          "1a8f8c77-0b0c-4372-bad5-66ee3d14a284"
        ],
        "x-ms-routing-request-id": [
          "WESTEUROPE:20200507T124543Z:1a8f8c77-0b0c-4372-bad5-66ee3d14a284"
        ],
        "Strict-Transport-Security": [
          "max-age=31536000; includeSubDomains"
        ],
        "X-Content-Type-Options": [
          "nosniff"
        ],
        "Date": [
          "Thu, 07 May 2020 12:45:43 GMT"
        ],
        "Content-Length": [
          "166"
        ],
        "Content-Type": [
          "application/json; charset=utf-8"
        ],
        "Expires": [
          "-1"
        ]
      },
      "ResponseBody": "{\r\n  \"id\": \"/subscriptions/947d47b4-7883-4bb9-9d85-c5e8e2f572ce/resourceGroups/ps6887\",\r\n  \"name\": \"ps6887\",\r\n  \"location\": \"westus2\",\r\n  \"properties\": {\r\n    \"provisioningState\": \"Succeeded\"\r\n  }\r\n}",
      "StatusCode": 201
    },
    {
      "RequestUri": "/subscriptions/947d47b4-7883-4bb9-9d85-c5e8e2f572ce/resourceGroups/ps6887/providers/Microsoft.Network/virtualNetworks/ps6887-vnet?api-version=2020-04-01",
      "EncodedRequestUri": "L3N1YnNjcmlwdGlvbnMvOTQ3ZDQ3YjQtNzg4My00YmI5LTlkODUtYzVlOGUyZjU3MmNlL3Jlc291cmNlR3JvdXBzL3BzNjg4Ny9wcm92aWRlcnMvTWljcm9zb2Z0Lk5ldHdvcmsvdmlydHVhbE5ldHdvcmtzL3BzNjg4Ny12bmV0P2FwaS12ZXJzaW9uPTIwMjAtMDQtMDE=",
      "RequestMethod": "GET",
      "RequestBody": "",
      "RequestHeaders": {
        "x-ms-client-request-id": [
          "36bae791-2091-4357-9f3f-01e369482687"
        ],
        "Accept-Language": [
          "en-US"
        ],
        "User-Agent": [
          "FxVersion/4.6.28207.03",
          "OSName/Windows",
          "OSVersion/Microsoft.Windows.10.0.18363.",
          "Microsoft.Azure.Management.Network.NetworkManagementClient/19.21.1.0"
        ]
      },
      "ResponseHeaders": {
        "Cache-Control": [
          "no-cache"
        ],
        "Pragma": [
          "no-cache"
        ],
        "x-ms-failure-cause": [
          "gateway"
        ],
        "x-ms-request-id": [
          "4bdbe813-ed8f-41ee-8028-44249bddcfb9"
        ],
        "x-ms-correlation-request-id": [
          "4bdbe813-ed8f-41ee-8028-44249bddcfb9"
        ],
        "x-ms-routing-request-id": [
          "WESTEUROPE:20200507T124544Z:4bdbe813-ed8f-41ee-8028-44249bddcfb9"
        ],
        "Strict-Transport-Security": [
          "max-age=31536000; includeSubDomains"
        ],
        "X-Content-Type-Options": [
          "nosniff"
        ],
        "Date": [
          "Thu, 07 May 2020 12:45:43 GMT"
        ],
        "Content-Type": [
          "application/json; charset=utf-8"
        ],
        "Expires": [
          "-1"
        ],
        "Content-Length": [
          "155"
        ]
      },
      "ResponseBody": "{\r\n  \"error\": {\r\n    \"code\": \"ResourceNotFound\",\r\n    \"message\": \"The Resource 'Microsoft.Network/virtualNetworks/ps6887-vnet' under resource group 'ps6887' was not found.\"\r\n  }\r\n}",
      "StatusCode": 404
    },
    {
      "RequestUri": "/subscriptions/947d47b4-7883-4bb9-9d85-c5e8e2f572ce/resourceGroups/ps6887/providers/Microsoft.Network/virtualNetworks/ps6887-vnet?api-version=2020-04-01",
      "EncodedRequestUri": "L3N1YnNjcmlwdGlvbnMvOTQ3ZDQ3YjQtNzg4My00YmI5LTlkODUtYzVlOGUyZjU3MmNlL3Jlc291cmNlR3JvdXBzL3BzNjg4Ny9wcm92aWRlcnMvTWljcm9zb2Z0Lk5ldHdvcmsvdmlydHVhbE5ldHdvcmtzL3BzNjg4Ny12bmV0P2FwaS12ZXJzaW9uPTIwMjAtMDQtMDE=",
      "RequestMethod": "GET",
      "RequestBody": "",
      "RequestHeaders": {
        "User-Agent": [
          "FxVersion/4.6.28207.03",
          "OSName/Windows",
          "OSVersion/Microsoft.Windows.10.0.18363.",
          "Microsoft.Azure.Management.Network.NetworkManagementClient/19.21.1.0"
        ]
      },
      "ResponseHeaders": {
        "Cache-Control": [
          "no-cache"
        ],
        "Pragma": [
          "no-cache"
        ],
        "ETag": [
          "W/\"05ca1561-8abc-440f-bc8f-7c689fc3e9b0\""
        ],
        "x-ms-request-id": [
          "bb20a993-709d-4ce5-807b-389c869b6093"
        ],
        "x-ms-correlation-request-id": [
          "e70638f7-3d5b-4177-9483-32ccce710082"
        ],
        "x-ms-arm-service-request-id": [
          "bd75c65e-10d3-446c-b7da-9cecde386b10"
        ],
        "Strict-Transport-Security": [
          "max-age=31536000; includeSubDomains"
        ],
        "Server": [
          "Microsoft-HTTPAPI/2.0",
          "Microsoft-HTTPAPI/2.0"
        ],
        "x-ms-ratelimit-remaining-subscription-reads": [
          "11997"
        ],
        "x-ms-routing-request-id": [
          "WESTEUROPE:20200507T124555Z:e70638f7-3d5b-4177-9483-32ccce710082"
        ],
        "X-Content-Type-Options": [
          "nosniff"
        ],
        "Date": [
          "Thu, 07 May 2020 12:45:54 GMT"
        ],
        "Content-Length": [
          "642"
        ],
        "Content-Type": [
          "application/json; charset=utf-8"
        ],
        "Expires": [
          "-1"
        ]
      },
      "ResponseBody": "{\r\n  \"name\": \"ps6887-vnet\",\r\n  \"id\": \"/subscriptions/947d47b4-7883-4bb9-9d85-c5e8e2f572ce/resourceGroups/ps6887/providers/Microsoft.Network/virtualNetworks/ps6887-vnet\",\r\n  \"etag\": \"W/\\\"05ca1561-8abc-440f-bc8f-7c689fc3e9b0\\\"\",\r\n  \"type\": \"Microsoft.Network/virtualNetworks\",\r\n  \"location\": \"westus2\",\r\n  \"properties\": {\r\n    \"provisioningState\": \"Succeeded\",\r\n    \"resourceGuid\": \"f7218793-3cab-4744-8610-46cfd1a51e6d\",\r\n    \"addressSpace\": {\r\n      \"addressPrefixes\": [\r\n        \"10.0.0.0/16\"\r\n      ]\r\n    },\r\n    \"subnets\": [],\r\n    \"virtualNetworkPeerings\": [],\r\n    \"enableDdosProtection\": false,\r\n    \"enableVmProtection\": false\r\n  }\r\n}",
      "StatusCode": 200
    },
    {
      "RequestUri": "/subscriptions/947d47b4-7883-4bb9-9d85-c5e8e2f572ce/resourceGroups/ps6887/providers/Microsoft.Network/virtualNetworks/ps6887-vnet?api-version=2020-04-01",
      "EncodedRequestUri": "L3N1YnNjcmlwdGlvbnMvOTQ3ZDQ3YjQtNzg4My00YmI5LTlkODUtYzVlOGUyZjU3MmNlL3Jlc291cmNlR3JvdXBzL3BzNjg4Ny9wcm92aWRlcnMvTWljcm9zb2Z0Lk5ldHdvcmsvdmlydHVhbE5ldHdvcmtzL3BzNjg4Ny12bmV0P2FwaS12ZXJzaW9uPTIwMjAtMDQtMDE=",
      "RequestMethod": "GET",
      "RequestBody": "",
      "RequestHeaders": {
        "x-ms-client-request-id": [
          "71cbf39c-d2bd-48ff-9b17-0785627b0b12"
        ],
        "Accept-Language": [
          "en-US"
        ],
        "User-Agent": [
          "FxVersion/4.6.28207.03",
          "OSName/Windows",
          "OSVersion/Microsoft.Windows.10.0.18363.",
          "Microsoft.Azure.Management.Network.NetworkManagementClient/19.21.1.0"
        ]
      },
      "ResponseHeaders": {
        "Cache-Control": [
          "no-cache"
        ],
        "Pragma": [
          "no-cache"
        ],
        "ETag": [
          "W/\"05ca1561-8abc-440f-bc8f-7c689fc3e9b0\""
        ],
        "x-ms-request-id": [
          "0dcd2559-6756-49ba-9a48-2e3fa8de5355"
        ],
        "x-ms-correlation-request-id": [
          "bf8d8364-563c-4e7d-8b76-aba05c065e7c"
        ],
        "x-ms-arm-service-request-id": [
          "65749d0a-5ad0-4af8-bec4-743ab2f3f209"
        ],
        "Strict-Transport-Security": [
          "max-age=31536000; includeSubDomains"
        ],
        "Server": [
          "Microsoft-HTTPAPI/2.0",
          "Microsoft-HTTPAPI/2.0"
        ],
        "x-ms-ratelimit-remaining-subscription-reads": [
          "11996"
        ],
        "x-ms-routing-request-id": [
          "WESTEUROPE:20200507T124555Z:bf8d8364-563c-4e7d-8b76-aba05c065e7c"
        ],
        "X-Content-Type-Options": [
          "nosniff"
        ],
        "Date": [
          "Thu, 07 May 2020 12:45:54 GMT"
        ],
        "Content-Length": [
          "642"
        ],
        "Content-Type": [
          "application/json; charset=utf-8"
        ],
        "Expires": [
          "-1"
        ]
      },
      "ResponseBody": "{\r\n  \"name\": \"ps6887-vnet\",\r\n  \"id\": \"/subscriptions/947d47b4-7883-4bb9-9d85-c5e8e2f572ce/resourceGroups/ps6887/providers/Microsoft.Network/virtualNetworks/ps6887-vnet\",\r\n  \"etag\": \"W/\\\"05ca1561-8abc-440f-bc8f-7c689fc3e9b0\\\"\",\r\n  \"type\": \"Microsoft.Network/virtualNetworks\",\r\n  \"location\": \"westus2\",\r\n  \"properties\": {\r\n    \"provisioningState\": \"Succeeded\",\r\n    \"resourceGuid\": \"f7218793-3cab-4744-8610-46cfd1a51e6d\",\r\n    \"addressSpace\": {\r\n      \"addressPrefixes\": [\r\n        \"10.0.0.0/16\"\r\n      ]\r\n    },\r\n    \"subnets\": [],\r\n    \"virtualNetworkPeerings\": [],\r\n    \"enableDdosProtection\": false,\r\n    \"enableVmProtection\": false\r\n  }\r\n}",
      "StatusCode": 200
    },
    {
      "RequestUri": "/subscriptions/947d47b4-7883-4bb9-9d85-c5e8e2f572ce/resourceGroups/ps6887/providers/Microsoft.Network/virtualNetworks/ps6887-vnet?api-version=2020-04-01",
      "EncodedRequestUri": "L3N1YnNjcmlwdGlvbnMvOTQ3ZDQ3YjQtNzg4My00YmI5LTlkODUtYzVlOGUyZjU3MmNlL3Jlc291cmNlR3JvdXBzL3BzNjg4Ny9wcm92aWRlcnMvTWljcm9zb2Z0Lk5ldHdvcmsvdmlydHVhbE5ldHdvcmtzL3BzNjg4Ny12bmV0P2FwaS12ZXJzaW9uPTIwMjAtMDQtMDE=",
      "RequestMethod": "GET",
      "RequestBody": "",
      "RequestHeaders": {
        "x-ms-client-request-id": [
          "0308294a-d2a5-45c8-8097-880a9cd145cf"
        ],
        "Accept-Language": [
          "en-US"
        ],
        "User-Agent": [
          "FxVersion/4.6.28207.03",
          "OSName/Windows",
          "OSVersion/Microsoft.Windows.10.0.18363.",
          "Microsoft.Azure.Management.Network.NetworkManagementClient/19.21.1.0"
        ]
      },
      "ResponseHeaders": {
        "Cache-Control": [
          "no-cache"
        ],
        "Pragma": [
          "no-cache"
        ],
        "ETag": [
          "W/\"05ca1561-8abc-440f-bc8f-7c689fc3e9b0\""
        ],
        "x-ms-request-id": [
          "bf7868a7-e59f-4e6f-a72b-4c74a9dc62b0"
        ],
        "x-ms-correlation-request-id": [
          "6ee934a8-9df9-42e4-8b0d-b8eca7a87b6f"
        ],
        "x-ms-arm-service-request-id": [
          "0d7fd464-6e8d-468d-8fdf-debf2cc9ce44"
        ],
        "Strict-Transport-Security": [
          "max-age=31536000; includeSubDomains"
        ],
        "Server": [
          "Microsoft-HTTPAPI/2.0",
          "Microsoft-HTTPAPI/2.0"
        ],
        "x-ms-ratelimit-remaining-subscription-reads": [
          "11995"
        ],
        "x-ms-routing-request-id": [
          "WESTEUROPE:20200507T124555Z:6ee934a8-9df9-42e4-8b0d-b8eca7a87b6f"
        ],
        "X-Content-Type-Options": [
          "nosniff"
        ],
        "Date": [
          "Thu, 07 May 2020 12:45:54 GMT"
        ],
        "Content-Length": [
          "642"
        ],
        "Content-Type": [
          "application/json; charset=utf-8"
        ],
        "Expires": [
          "-1"
        ]
      },
      "ResponseBody": "{\r\n  \"name\": \"ps6887-vnet\",\r\n  \"id\": \"/subscriptions/947d47b4-7883-4bb9-9d85-c5e8e2f572ce/resourceGroups/ps6887/providers/Microsoft.Network/virtualNetworks/ps6887-vnet\",\r\n  \"etag\": \"W/\\\"05ca1561-8abc-440f-bc8f-7c689fc3e9b0\\\"\",\r\n  \"type\": \"Microsoft.Network/virtualNetworks\",\r\n  \"location\": \"westus2\",\r\n  \"properties\": {\r\n    \"provisioningState\": \"Succeeded\",\r\n    \"resourceGuid\": \"f7218793-3cab-4744-8610-46cfd1a51e6d\",\r\n    \"addressSpace\": {\r\n      \"addressPrefixes\": [\r\n        \"10.0.0.0/16\"\r\n      ]\r\n    },\r\n    \"subnets\": [],\r\n    \"virtualNetworkPeerings\": [],\r\n    \"enableDdosProtection\": false,\r\n    \"enableVmProtection\": false\r\n  }\r\n}",
      "StatusCode": 200
    },
    {
      "RequestUri": "/subscriptions/947d47b4-7883-4bb9-9d85-c5e8e2f572ce/resourceGroups/ps6887/providers/Microsoft.Network/virtualNetworks/ps6887-vnet?api-version=2020-04-01",
      "EncodedRequestUri": "L3N1YnNjcmlwdGlvbnMvOTQ3ZDQ3YjQtNzg4My00YmI5LTlkODUtYzVlOGUyZjU3MmNlL3Jlc291cmNlR3JvdXBzL3BzNjg4Ny9wcm92aWRlcnMvTWljcm9zb2Z0Lk5ldHdvcmsvdmlydHVhbE5ldHdvcmtzL3BzNjg4Ny12bmV0P2FwaS12ZXJzaW9uPTIwMjAtMDQtMDE=",
      "RequestMethod": "GET",
      "RequestBody": "",
      "RequestHeaders": {
        "User-Agent": [
          "FxVersion/4.6.28207.03",
          "OSName/Windows",
          "OSVersion/Microsoft.Windows.10.0.18363.",
          "Microsoft.Azure.Management.Network.NetworkManagementClient/19.21.1.0"
        ]
      },
      "ResponseHeaders": {
        "Cache-Control": [
          "no-cache"
        ],
        "Pragma": [
          "no-cache"
        ],
        "ETag": [
          "W/\"03ca2e89-38bb-4d30-8aeb-06379cefce8f\""
        ],
        "x-ms-request-id": [
          "a6f163f0-918a-4f98-b361-ae6a846a9588"
        ],
        "x-ms-correlation-request-id": [
          "008239ab-d4ef-408b-9a3e-12f6d6b68f9d"
        ],
        "x-ms-arm-service-request-id": [
          "a42d78c0-73ef-48d6-83ee-e23d16dc89ff"
        ],
        "Strict-Transport-Security": [
          "max-age=31536000; includeSubDomains"
        ],
        "Server": [
          "Microsoft-HTTPAPI/2.0",
          "Microsoft-HTTPAPI/2.0"
        ],
        "x-ms-ratelimit-remaining-subscription-reads": [
          "11993"
        ],
        "x-ms-routing-request-id": [
          "WESTEUROPE:20200507T124600Z:008239ab-d4ef-408b-9a3e-12f6d6b68f9d"
        ],
        "X-Content-Type-Options": [
          "nosniff"
        ],
        "Date": [
          "Thu, 07 May 2020 12:45:59 GMT"
        ],
        "Content-Length": [
          "2151"
        ],
        "Content-Type": [
          "application/json; charset=utf-8"
        ],
        "Expires": [
          "-1"
        ]
      },
      "ResponseBody": "{\r\n  \"name\": \"ps6887-vnet\",\r\n  \"id\": \"/subscriptions/947d47b4-7883-4bb9-9d85-c5e8e2f572ce/resourceGroups/ps6887/providers/Microsoft.Network/virtualNetworks/ps6887-vnet\",\r\n  \"etag\": \"W/\\\"03ca2e89-38bb-4d30-8aeb-06379cefce8f\\\"\",\r\n  \"type\": \"Microsoft.Network/virtualNetworks\",\r\n  \"location\": \"westus2\",\r\n  \"properties\": {\r\n    \"provisioningState\": \"Succeeded\",\r\n    \"resourceGuid\": \"f7218793-3cab-4744-8610-46cfd1a51e6d\",\r\n    \"addressSpace\": {\r\n      \"addressPrefixes\": [\r\n        \"10.0.0.0/16\"\r\n      ]\r\n    },\r\n    \"dhcpOptions\": {\r\n      \"dnsServers\": []\r\n    },\r\n    \"subnets\": [\r\n      {\r\n        \"name\": \"default\",\r\n        \"id\": \"/subscriptions/947d47b4-7883-4bb9-9d85-c5e8e2f572ce/resourceGroups/ps6887/providers/Microsoft.Network/virtualNetworks/ps6887-vnet/subnets/default\",\r\n        \"etag\": \"W/\\\"03ca2e89-38bb-4d30-8aeb-06379cefce8f\\\"\",\r\n        \"properties\": {\r\n          \"provisioningState\": \"Succeeded\",\r\n          \"addressPrefix\": \"10.0.1.0/24\",\r\n          \"serviceEndpoints\": [],\r\n          \"delegations\": [\r\n            {\r\n              \"name\": \"netAppVolumes\",\r\n              \"id\": \"/subscriptions/947d47b4-7883-4bb9-9d85-c5e8e2f572ce/resourceGroups/ps6887/providers/Microsoft.Network/virtualNetworks/ps6887-vnet/subnets/default/delegations/netAppVolumes\",\r\n              \"etag\": \"W/\\\"03ca2e89-38bb-4d30-8aeb-06379cefce8f\\\"\",\r\n              \"properties\": {\r\n                \"provisioningState\": \"Succeeded\",\r\n                \"serviceName\": \"Microsoft.Netapp/volumes\",\r\n                \"actions\": [\r\n                  \"Microsoft.Network/networkinterfaces/*\",\r\n                  \"Microsoft.Network/virtualNetworks/subnets/join/action\"\r\n                ]\r\n              },\r\n              \"type\": \"Microsoft.Network/virtualNetworks/subnets/delegations\"\r\n            }\r\n          ],\r\n          \"purpose\": \"HostedWorkloads\",\r\n          \"privateEndpointNetworkPolicies\": \"Enabled\",\r\n          \"privateLinkServiceNetworkPolicies\": \"Enabled\"\r\n        },\r\n        \"type\": \"Microsoft.Network/virtualNetworks/subnets\"\r\n      }\r\n    ],\r\n    \"virtualNetworkPeerings\": [],\r\n    \"enableDdosProtection\": false,\r\n    \"enableVmProtection\": false\r\n  }\r\n}",
      "StatusCode": 200
    },
    {
      "RequestUri": "/subscriptions/947d47b4-7883-4bb9-9d85-c5e8e2f572ce/resourceGroups/ps6887/providers/Microsoft.Network/virtualNetworks/ps6887-vnet?api-version=2020-04-01",
      "EncodedRequestUri": "L3N1YnNjcmlwdGlvbnMvOTQ3ZDQ3YjQtNzg4My00YmI5LTlkODUtYzVlOGUyZjU3MmNlL3Jlc291cmNlR3JvdXBzL3BzNjg4Ny9wcm92aWRlcnMvTWljcm9zb2Z0Lk5ldHdvcmsvdmlydHVhbE5ldHdvcmtzL3BzNjg4Ny12bmV0P2FwaS12ZXJzaW9uPTIwMjAtMDQtMDE=",
      "RequestMethod": "GET",
      "RequestBody": "",
      "RequestHeaders": {
        "x-ms-client-request-id": [
          "915bb50f-a2c1-4c2d-9475-4c5b06afe40c"
        ],
        "Accept-Language": [
          "en-US"
        ],
        "User-Agent": [
          "FxVersion/4.6.28207.03",
          "OSName/Windows",
          "OSVersion/Microsoft.Windows.10.0.18363.",
          "Microsoft.Azure.Management.Network.NetworkManagementClient/19.21.1.0"
        ]
      },
      "ResponseHeaders": {
        "Cache-Control": [
          "no-cache"
        ],
        "Pragma": [
          "no-cache"
        ],
        "ETag": [
          "W/\"03ca2e89-38bb-4d30-8aeb-06379cefce8f\""
        ],
        "x-ms-request-id": [
          "22f53da9-d1db-4131-a19d-67fd44a90856"
        ],
        "x-ms-correlation-request-id": [
          "d6f2bb5e-57f2-474b-8018-724304e15dfc"
        ],
        "x-ms-arm-service-request-id": [
          "f09c38ab-3d06-4771-847e-d5378526d247"
        ],
        "Strict-Transport-Security": [
          "max-age=31536000; includeSubDomains"
        ],
        "Server": [
          "Microsoft-HTTPAPI/2.0",
          "Microsoft-HTTPAPI/2.0"
        ],
        "x-ms-ratelimit-remaining-subscription-reads": [
          "11992"
        ],
        "x-ms-routing-request-id": [
          "WESTEUROPE:20200507T124600Z:d6f2bb5e-57f2-474b-8018-724304e15dfc"
        ],
        "X-Content-Type-Options": [
          "nosniff"
        ],
        "Date": [
          "Thu, 07 May 2020 12:45:59 GMT"
        ],
        "Content-Length": [
          "2151"
        ],
        "Content-Type": [
          "application/json; charset=utf-8"
        ],
        "Expires": [
          "-1"
        ]
      },
      "ResponseBody": "{\r\n  \"name\": \"ps6887-vnet\",\r\n  \"id\": \"/subscriptions/947d47b4-7883-4bb9-9d85-c5e8e2f572ce/resourceGroups/ps6887/providers/Microsoft.Network/virtualNetworks/ps6887-vnet\",\r\n  \"etag\": \"W/\\\"03ca2e89-38bb-4d30-8aeb-06379cefce8f\\\"\",\r\n  \"type\": \"Microsoft.Network/virtualNetworks\",\r\n  \"location\": \"westus2\",\r\n  \"properties\": {\r\n    \"provisioningState\": \"Succeeded\",\r\n    \"resourceGuid\": \"f7218793-3cab-4744-8610-46cfd1a51e6d\",\r\n    \"addressSpace\": {\r\n      \"addressPrefixes\": [\r\n        \"10.0.0.0/16\"\r\n      ]\r\n    },\r\n    \"dhcpOptions\": {\r\n      \"dnsServers\": []\r\n    },\r\n    \"subnets\": [\r\n      {\r\n        \"name\": \"default\",\r\n        \"id\": \"/subscriptions/947d47b4-7883-4bb9-9d85-c5e8e2f572ce/resourceGroups/ps6887/providers/Microsoft.Network/virtualNetworks/ps6887-vnet/subnets/default\",\r\n        \"etag\": \"W/\\\"03ca2e89-38bb-4d30-8aeb-06379cefce8f\\\"\",\r\n        \"properties\": {\r\n          \"provisioningState\": \"Succeeded\",\r\n          \"addressPrefix\": \"10.0.1.0/24\",\r\n          \"serviceEndpoints\": [],\r\n          \"delegations\": [\r\n            {\r\n              \"name\": \"netAppVolumes\",\r\n              \"id\": \"/subscriptions/947d47b4-7883-4bb9-9d85-c5e8e2f572ce/resourceGroups/ps6887/providers/Microsoft.Network/virtualNetworks/ps6887-vnet/subnets/default/delegations/netAppVolumes\",\r\n              \"etag\": \"W/\\\"03ca2e89-38bb-4d30-8aeb-06379cefce8f\\\"\",\r\n              \"properties\": {\r\n                \"provisioningState\": \"Succeeded\",\r\n                \"serviceName\": \"Microsoft.Netapp/volumes\",\r\n                \"actions\": [\r\n                  \"Microsoft.Network/networkinterfaces/*\",\r\n                  \"Microsoft.Network/virtualNetworks/subnets/join/action\"\r\n                ]\r\n              },\r\n              \"type\": \"Microsoft.Network/virtualNetworks/subnets/delegations\"\r\n            }\r\n          ],\r\n          \"purpose\": \"HostedWorkloads\",\r\n          \"privateEndpointNetworkPolicies\": \"Enabled\",\r\n          \"privateLinkServiceNetworkPolicies\": \"Enabled\"\r\n        },\r\n        \"type\": \"Microsoft.Network/virtualNetworks/subnets\"\r\n      }\r\n    ],\r\n    \"virtualNetworkPeerings\": [],\r\n    \"enableDdosProtection\": false,\r\n    \"enableVmProtection\": false\r\n  }\r\n}",
      "StatusCode": 200
    },
    {
      "RequestUri": "/subscriptions/947d47b4-7883-4bb9-9d85-c5e8e2f572ce/resourceGroups/ps6887/providers/Microsoft.Network/virtualNetworks/ps6887-vnet?api-version=2020-04-01",
      "EncodedRequestUri": "L3N1YnNjcmlwdGlvbnMvOTQ3ZDQ3YjQtNzg4My00YmI5LTlkODUtYzVlOGUyZjU3MmNlL3Jlc291cmNlR3JvdXBzL3BzNjg4Ny9wcm92aWRlcnMvTWljcm9zb2Z0Lk5ldHdvcmsvdmlydHVhbE5ldHdvcmtzL3BzNjg4Ny12bmV0P2FwaS12ZXJzaW9uPTIwMjAtMDQtMDE=",
      "RequestMethod": "PUT",
      "RequestBody": "{\r\n  \"properties\": {\r\n    \"addressSpace\": {\r\n      \"addressPrefixes\": [\r\n        \"10.0.0.0/16\"\r\n      ]\r\n    },\r\n    \"subnets\": [],\r\n    \"virtualNetworkPeerings\": [],\r\n    \"enableDdosProtection\": false,\r\n    \"ipAllocations\": []\r\n  },\r\n  \"location\": \"westus2\"\r\n}",
      "RequestHeaders": {
        "x-ms-client-request-id": [
          "7f5404fb-fee5-40eb-83cc-c8a322c29ddc"
        ],
        "Accept-Language": [
          "en-US"
        ],
        "User-Agent": [
          "FxVersion/4.6.28207.03",
          "OSName/Windows",
          "OSVersion/Microsoft.Windows.10.0.18363.",
          "Microsoft.Azure.Management.Network.NetworkManagementClient/19.21.1.0"
        ],
        "Content-Type": [
          "application/json; charset=utf-8"
        ],
        "Content-Length": [
          "261"
        ]
      },
      "ResponseHeaders": {
        "Cache-Control": [
          "no-cache"
        ],
        "Pragma": [
          "no-cache"
        ],
        "Retry-After": [
          "3"
        ],
        "x-ms-request-id": [
          "36214462-dedb-407c-af84-178e71ec6b40"
        ],
        "Azure-AsyncOperation": [
          "https://management.azure.com/subscriptions/947d47b4-7883-4bb9-9d85-c5e8e2f572ce/providers/Microsoft.Network/locations/westus2/operations/36214462-dedb-407c-af84-178e71ec6b40?api-version=2020-04-01"
        ],
        "x-ms-correlation-request-id": [
          "61031346-5bdf-43cc-84b3-9bb040935d00"
        ],
        "Azure-AsyncNotification": [
          "Enabled"
        ],
        "x-ms-arm-service-request-id": [
          "7fbc7a6f-6d46-4816-bc37-980646e5f9f4"
        ],
        "Strict-Transport-Security": [
          "max-age=31536000; includeSubDomains"
        ],
        "Server": [
          "Microsoft-HTTPAPI/2.0",
          "Microsoft-HTTPAPI/2.0"
        ],
        "x-ms-ratelimit-remaining-subscription-writes": [
          "1199"
        ],
        "x-ms-routing-request-id": [
          "WESTEUROPE:20200507T124551Z:61031346-5bdf-43cc-84b3-9bb040935d00"
        ],
        "X-Content-Type-Options": [
          "nosniff"
        ],
        "Date": [
          "Thu, 07 May 2020 12:45:50 GMT"
        ],
        "Content-Length": [
          "641"
        ],
        "Content-Type": [
          "application/json; charset=utf-8"
        ],
        "Expires": [
          "-1"
        ]
      },
      "ResponseBody": "{\r\n  \"name\": \"ps6887-vnet\",\r\n  \"id\": \"/subscriptions/947d47b4-7883-4bb9-9d85-c5e8e2f572ce/resourceGroups/ps6887/providers/Microsoft.Network/virtualNetworks/ps6887-vnet\",\r\n  \"etag\": \"W/\\\"d68a0bb4-0525-4354-a300-73ea695dc0d5\\\"\",\r\n  \"type\": \"Microsoft.Network/virtualNetworks\",\r\n  \"location\": \"westus2\",\r\n  \"properties\": {\r\n    \"provisioningState\": \"Updating\",\r\n    \"resourceGuid\": \"f7218793-3cab-4744-8610-46cfd1a51e6d\",\r\n    \"addressSpace\": {\r\n      \"addressPrefixes\": [\r\n        \"10.0.0.0/16\"\r\n      ]\r\n    },\r\n    \"subnets\": [],\r\n    \"virtualNetworkPeerings\": [],\r\n    \"enableDdosProtection\": false,\r\n    \"enableVmProtection\": false\r\n  }\r\n}",
      "StatusCode": 201
    },
    {
      "RequestUri": "/subscriptions/947d47b4-7883-4bb9-9d85-c5e8e2f572ce/resourceGroups/ps6887/providers/Microsoft.Network/virtualNetworks/ps6887-vnet?api-version=2020-04-01",
      "EncodedRequestUri": "L3N1YnNjcmlwdGlvbnMvOTQ3ZDQ3YjQtNzg4My00YmI5LTlkODUtYzVlOGUyZjU3MmNlL3Jlc291cmNlR3JvdXBzL3BzNjg4Ny9wcm92aWRlcnMvTWljcm9zb2Z0Lk5ldHdvcmsvdmlydHVhbE5ldHdvcmtzL3BzNjg4Ny12bmV0P2FwaS12ZXJzaW9uPTIwMjAtMDQtMDE=",
      "RequestMethod": "PUT",
      "RequestBody": "{\r\n  \"properties\": {\r\n    \"addressSpace\": {\r\n      \"addressPrefixes\": [\r\n        \"10.0.0.0/16\"\r\n      ]\r\n    },\r\n    \"dhcpOptions\": {\r\n      \"dnsServers\": []\r\n    },\r\n    \"subnets\": [\r\n      {\r\n        \"properties\": {\r\n          \"addressPrefix\": \"10.0.1.0/24\",\r\n          \"addressPrefixes\": [],\r\n          \"serviceEndpoints\": [],\r\n          \"serviceEndpointPolicies\": [],\r\n          \"ipAllocations\": [],\r\n          \"delegations\": [\r\n            {\r\n              \"properties\": {\r\n                \"serviceName\": \"Microsoft.Netapp/volumes\"\r\n              },\r\n              \"name\": \"netAppVolumes\"\r\n            }\r\n          ],\r\n          \"privateEndpointNetworkPolicies\": \"Enabled\",\r\n          \"privateLinkServiceNetworkPolicies\": \"Enabled\"\r\n        },\r\n        \"name\": \"default\"\r\n      }\r\n    ],\r\n    \"virtualNetworkPeerings\": [],\r\n    \"enableDdosProtection\": false,\r\n    \"ipAllocations\": []\r\n  },\r\n  \"id\": \"/subscriptions/947d47b4-7883-4bb9-9d85-c5e8e2f572ce/resourceGroups/ps6887/providers/Microsoft.Network/virtualNetworks/ps6887-vnet\",\r\n  \"location\": \"westus2\"\r\n}",
      "RequestHeaders": {
        "x-ms-client-request-id": [
          "c9258340-d0c3-4d56-bcf0-28f76e4699ea"
        ],
        "Accept-Language": [
          "en-US"
        ],
        "User-Agent": [
          "FxVersion/4.6.28207.03",
          "OSName/Windows",
          "OSVersion/Microsoft.Windows.10.0.18363.",
          "Microsoft.Azure.Management.Network.NetworkManagementClient/19.21.1.0"
        ],
        "Content-Type": [
          "application/json; charset=utf-8"
        ],
        "Content-Length": [
          "1064"
        ]
      },
      "ResponseHeaders": {
        "Cache-Control": [
          "no-cache"
        ],
        "Pragma": [
          "no-cache"
        ],
        "Retry-After": [
          "3"
        ],
        "x-ms-request-id": [
          "8767d912-bb86-44eb-9e34-27c64e8b98b4"
        ],
        "Azure-AsyncOperation": [
          "https://management.azure.com/subscriptions/947d47b4-7883-4bb9-9d85-c5e8e2f572ce/providers/Microsoft.Network/locations/westus2/operations/8767d912-bb86-44eb-9e34-27c64e8b98b4?api-version=2020-04-01"
        ],
        "x-ms-correlation-request-id": [
          "f4b96d3a-9c95-4ca4-aa7e-51bd8a12c7dc"
        ],
        "x-ms-arm-service-request-id": [
          "035098af-0c8b-4f5e-b38e-8281c3e15a0f"
        ],
        "Strict-Transport-Security": [
          "max-age=31536000; includeSubDomains"
        ],
        "Server": [
          "Microsoft-HTTPAPI/2.0",
          "Microsoft-HTTPAPI/2.0"
        ],
        "x-ms-ratelimit-remaining-subscription-writes": [
          "1198"
        ],
        "x-ms-routing-request-id": [
          "WESTEUROPE:20200507T124556Z:f4b96d3a-9c95-4ca4-aa7e-51bd8a12c7dc"
        ],
        "X-Content-Type-Options": [
          "nosniff"
        ],
        "Date": [
          "Thu, 07 May 2020 12:45:55 GMT"
        ],
        "Content-Length": [
          "2149"
        ],
        "Content-Type": [
          "application/json; charset=utf-8"
        ],
        "Expires": [
          "-1"
        ]
      },
      "ResponseBody": "{\r\n  \"name\": \"ps6887-vnet\",\r\n  \"id\": \"/subscriptions/947d47b4-7883-4bb9-9d85-c5e8e2f572ce/resourceGroups/ps6887/providers/Microsoft.Network/virtualNetworks/ps6887-vnet\",\r\n  \"etag\": \"W/\\\"6b9575d6-b1e4-4b27-930b-44527fa5314b\\\"\",\r\n  \"type\": \"Microsoft.Network/virtualNetworks\",\r\n  \"location\": \"westus2\",\r\n  \"properties\": {\r\n    \"provisioningState\": \"Updating\",\r\n    \"resourceGuid\": \"f7218793-3cab-4744-8610-46cfd1a51e6d\",\r\n    \"addressSpace\": {\r\n      \"addressPrefixes\": [\r\n        \"10.0.0.0/16\"\r\n      ]\r\n    },\r\n    \"dhcpOptions\": {\r\n      \"dnsServers\": []\r\n    },\r\n    \"subnets\": [\r\n      {\r\n        \"name\": \"default\",\r\n        \"id\": \"/subscriptions/947d47b4-7883-4bb9-9d85-c5e8e2f572ce/resourceGroups/ps6887/providers/Microsoft.Network/virtualNetworks/ps6887-vnet/subnets/default\",\r\n        \"etag\": \"W/\\\"6b9575d6-b1e4-4b27-930b-44527fa5314b\\\"\",\r\n        \"properties\": {\r\n          \"provisioningState\": \"Updating\",\r\n          \"addressPrefix\": \"10.0.1.0/24\",\r\n          \"serviceEndpoints\": [],\r\n          \"delegations\": [\r\n            {\r\n              \"name\": \"netAppVolumes\",\r\n              \"id\": \"/subscriptions/947d47b4-7883-4bb9-9d85-c5e8e2f572ce/resourceGroups/ps6887/providers/Microsoft.Network/virtualNetworks/ps6887-vnet/subnets/default/delegations/netAppVolumes\",\r\n              \"etag\": \"W/\\\"6b9575d6-b1e4-4b27-930b-44527fa5314b\\\"\",\r\n              \"properties\": {\r\n                \"provisioningState\": \"Succeeded\",\r\n                \"serviceName\": \"Microsoft.Netapp/volumes\",\r\n                \"actions\": [\r\n                  \"Microsoft.Network/networkinterfaces/*\",\r\n                  \"Microsoft.Network/virtualNetworks/subnets/join/action\"\r\n                ]\r\n              },\r\n              \"type\": \"Microsoft.Network/virtualNetworks/subnets/delegations\"\r\n            }\r\n          ],\r\n          \"purpose\": \"HostedWorkloads\",\r\n          \"privateEndpointNetworkPolicies\": \"Enabled\",\r\n          \"privateLinkServiceNetworkPolicies\": \"Enabled\"\r\n        },\r\n        \"type\": \"Microsoft.Network/virtualNetworks/subnets\"\r\n      }\r\n    ],\r\n    \"virtualNetworkPeerings\": [],\r\n    \"enableDdosProtection\": false,\r\n    \"enableVmProtection\": false\r\n  }\r\n}",
      "StatusCode": 200
    },
    {
      "RequestUri": "/subscriptions/947d47b4-7883-4bb9-9d85-c5e8e2f572ce/providers/Microsoft.Network/locations/westus2/operations/36214462-dedb-407c-af84-178e71ec6b40?api-version=2020-04-01",
      "EncodedRequestUri": "L3N1YnNjcmlwdGlvbnMvOTQ3ZDQ3YjQtNzg4My00YmI5LTlkODUtYzVlOGUyZjU3MmNlL3Byb3ZpZGVycy9NaWNyb3NvZnQuTmV0d29yay9sb2NhdGlvbnMvd2VzdHVzMi9vcGVyYXRpb25zLzM2MjE0NDYyLWRlZGItNDA3Yy1hZjg0LTE3OGU3MWVjNmI0MD9hcGktdmVyc2lvbj0yMDIwLTA0LTAx",
      "RequestMethod": "GET",
      "RequestBody": "",
      "RequestHeaders": {
        "User-Agent": [
          "FxVersion/4.6.28207.03",
          "OSName/Windows",
          "OSVersion/Microsoft.Windows.10.0.18363.",
          "Microsoft.Azure.Management.Network.NetworkManagementClient/19.21.1.0"
        ]
      },
      "ResponseHeaders": {
        "Cache-Control": [
          "no-cache"
        ],
        "Pragma": [
          "no-cache"
        ],
        "x-ms-request-id": [
          "811cd227-1e91-4ac2-a59a-313210eca51e"
        ],
        "x-ms-correlation-request-id": [
          "4fce7a33-3188-4ff0-81db-9c4329dc8897"
        ],
        "x-ms-arm-service-request-id": [
          "a61518ad-7f15-499c-956f-7e63758cac8d"
        ],
        "Strict-Transport-Security": [
          "max-age=31536000; includeSubDomains"
        ],
        "Server": [
          "Microsoft-HTTPAPI/2.0",
          "Microsoft-HTTPAPI/2.0"
        ],
        "x-ms-ratelimit-remaining-subscription-reads": [
          "11998"
        ],
        "x-ms-routing-request-id": [
          "WESTEUROPE:20200507T124554Z:4fce7a33-3188-4ff0-81db-9c4329dc8897"
        ],
        "X-Content-Type-Options": [
          "nosniff"
        ],
        "Date": [
          "Thu, 07 May 2020 12:45:54 GMT"
        ],
        "Content-Length": [
          "29"
        ],
        "Content-Type": [
          "application/json; charset=utf-8"
        ],
        "Expires": [
          "-1"
        ]
      },
      "ResponseBody": "{\r\n  \"status\": \"Succeeded\"\r\n}",
      "StatusCode": 200
    },
    {
      "RequestUri": "/subscriptions/947d47b4-7883-4bb9-9d85-c5e8e2f572ce/providers/Microsoft.Network/locations/westus2/operations/8767d912-bb86-44eb-9e34-27c64e8b98b4?api-version=2020-04-01",
      "EncodedRequestUri": "L3N1YnNjcmlwdGlvbnMvOTQ3ZDQ3YjQtNzg4My00YmI5LTlkODUtYzVlOGUyZjU3MmNlL3Byb3ZpZGVycy9NaWNyb3NvZnQuTmV0d29yay9sb2NhdGlvbnMvd2VzdHVzMi9vcGVyYXRpb25zLzg3NjdkOTEyLWJiODYtNDRlYi05ZTM0LTI3YzY0ZThiOThiND9hcGktdmVyc2lvbj0yMDIwLTA0LTAx",
      "RequestMethod": "GET",
      "RequestBody": "",
      "RequestHeaders": {
        "User-Agent": [
          "FxVersion/4.6.28207.03",
          "OSName/Windows",
          "OSVersion/Microsoft.Windows.10.0.18363.",
          "Microsoft.Azure.Management.Network.NetworkManagementClient/19.21.1.0"
        ]
      },
      "ResponseHeaders": {
        "Cache-Control": [
          "no-cache"
        ],
        "Pragma": [
          "no-cache"
        ],
        "x-ms-request-id": [
          "f6e07de3-c540-4a41-a517-e86019a2ec4a"
        ],
        "x-ms-correlation-request-id": [
          "c29ea1bf-017d-42b2-ac60-f9e856e64376"
        ],
        "x-ms-arm-service-request-id": [
          "af36ee0c-297c-4ea8-876c-19f316b5ceae"
        ],
        "Strict-Transport-Security": [
          "max-age=31536000; includeSubDomains"
        ],
        "Server": [
          "Microsoft-HTTPAPI/2.0",
          "Microsoft-HTTPAPI/2.0"
        ],
        "x-ms-ratelimit-remaining-subscription-reads": [
          "11994"
        ],
        "x-ms-routing-request-id": [
          "WESTEUROPE:20200507T124559Z:c29ea1bf-017d-42b2-ac60-f9e856e64376"
        ],
        "X-Content-Type-Options": [
          "nosniff"
        ],
        "Date": [
          "Thu, 07 May 2020 12:45:58 GMT"
        ],
        "Content-Length": [
          "29"
        ],
        "Content-Type": [
          "application/json; charset=utf-8"
        ],
        "Expires": [
          "-1"
        ]
      },
      "ResponseBody": "{\r\n  \"status\": \"Succeeded\"\r\n}",
      "StatusCode": 200
    },
    {
      "RequestUri": "/subscriptions/947d47b4-7883-4bb9-9d85-c5e8e2f572ce/resourceGroups/ps6887/providers/Microsoft.NetApp/netAppAccounts/ps5607?api-version=2019-10-01",
      "EncodedRequestUri": "L3N1YnNjcmlwdGlvbnMvOTQ3ZDQ3YjQtNzg4My00YmI5LTlkODUtYzVlOGUyZjU3MmNlL3Jlc291cmNlR3JvdXBzL3BzNjg4Ny9wcm92aWRlcnMvTWljcm9zb2Z0Lk5ldEFwcC9uZXRBcHBBY2NvdW50cy9wczU2MDc/YXBpLXZlcnNpb249MjAxOS0xMC0wMQ==",
      "RequestMethod": "PUT",
      "RequestBody": "{\r\n  \"location\": \"westus2\"\r\n}",
      "RequestHeaders": {
        "x-ms-client-request-id": [
          "367426a6-c658-4fce-9ae5-7c692df82c1f"
        ],
        "Accept-Language": [
          "en-US"
        ],
        "User-Agent": [
          "FxVersion/4.6.28207.03",
          "OSName/Windows",
          "OSVersion/Microsoft.Windows.10.0.18363.",
          "Microsoft.Azure.Management.NetApp.AzureNetAppFilesManagementClient/1.4.0.0"
        ],
        "Content-Type": [
          "application/json; charset=utf-8"
        ],
        "Content-Length": [
          "29"
        ]
      },
      "ResponseHeaders": {
        "Cache-Control": [
          "no-cache"
        ],
        "Pragma": [
          "no-cache"
        ],
        "ETag": [
          "W/\"datetime'2020-05-07T12%3A46%3A06.6332995Z'\""
        ],
        "x-ms-request-id": [
          "aa21f15a-5987-4d05-9fce-74555a2d2fa4"
        ],
        "Azure-AsyncOperation": [
          "https://management.azure.com/subscriptions/947d47b4-7883-4bb9-9d85-c5e8e2f572ce/providers/Microsoft.NetApp/locations/westus2/operationResults/08903393-e0a4-44d3-aade-6ade8b953dd1?api-version=2019-10-01"
        ],
        "Request-Context": [
          "appId=cid-v1:2c4cb680-0a1f-424d-bb8d-8e650ba68d53"
        ],
        "Access-Control-Expose-Headers": [
          "Request-Context"
        ],
        "Server": [
          "Microsoft-IIS/10.0"
        ],
        "X-Powered-By": [
          "ASP.NET"
        ],
        "x-ms-ratelimit-remaining-subscription-writes": [
          "1199"
        ],
        "x-ms-correlation-request-id": [
          "51283f85-2af0-4cb8-9bde-49f5ea119ba1"
        ],
        "x-ms-routing-request-id": [
          "WESTEUROPE:20200507T124607Z:51283f85-2af0-4cb8-9bde-49f5ea119ba1"
        ],
        "Strict-Transport-Security": [
          "max-age=31536000; includeSubDomains"
        ],
        "X-Content-Type-Options": [
          "nosniff"
        ],
        "Date": [
          "Thu, 07 May 2020 12:46:07 GMT"
        ],
        "Content-Length": [
          "329"
        ],
        "Content-Type": [
          "application/json; charset=utf-8"
        ],
        "Expires": [
          "-1"
        ]
      },
      "ResponseBody": "{\r\n  \"id\": \"/subscriptions/947d47b4-7883-4bb9-9d85-c5e8e2f572ce/resourceGroups/ps6887/providers/Microsoft.NetApp/netAppAccounts/ps5607\",\r\n  \"name\": \"ps5607\",\r\n  \"type\": \"Microsoft.NetApp/netAppAccounts\",\r\n  \"etag\": \"W/\\\"datetime'2020-05-07T12%3A46%3A06.6332995Z'\\\"\",\r\n  \"location\": \"westus2\",\r\n  \"properties\": {\r\n    \"name\": \"ps5607\",\r\n    \"provisioningState\": \"Creating\"\r\n  }\r\n}",
      "StatusCode": 201
    },
    {
      "RequestUri": "/subscriptions/947d47b4-7883-4bb9-9d85-c5e8e2f572ce/providers/Microsoft.NetApp/locations/westus2/operationResults/08903393-e0a4-44d3-aade-6ade8b953dd1?api-version=2019-10-01",
      "EncodedRequestUri": "L3N1YnNjcmlwdGlvbnMvOTQ3ZDQ3YjQtNzg4My00YmI5LTlkODUtYzVlOGUyZjU3MmNlL3Byb3ZpZGVycy9NaWNyb3NvZnQuTmV0QXBwL2xvY2F0aW9ucy93ZXN0dXMyL29wZXJhdGlvblJlc3VsdHMvMDg5MDMzOTMtZTBhNC00NGQzLWFhZGUtNmFkZThiOTUzZGQxP2FwaS12ZXJzaW9uPTIwMTktMTAtMDE=",
      "RequestMethod": "GET",
      "RequestBody": "",
      "RequestHeaders": {
        "User-Agent": [
          "FxVersion/4.6.28207.03",
          "OSName/Windows",
          "OSVersion/Microsoft.Windows.10.0.18363.",
          "Microsoft.Azure.Management.NetApp.AzureNetAppFilesManagementClient/1.4.0.0"
        ]
      },
      "ResponseHeaders": {
        "Cache-Control": [
          "no-cache"
        ],
        "Pragma": [
          "no-cache"
        ],
        "x-ms-request-id": [
          "4a4a0f21-3505-453e-9e8c-079154bbbed3"
        ],
        "Request-Context": [
          "appId=cid-v1:2c4cb680-0a1f-424d-bb8d-8e650ba68d53"
        ],
        "Access-Control-Expose-Headers": [
          "Request-Context"
        ],
        "Server": [
          "Microsoft-IIS/10.0"
        ],
        "X-Powered-By": [
          "ASP.NET"
        ],
        "x-ms-ratelimit-remaining-subscription-reads": [
          "11999"
        ],
        "x-ms-correlation-request-id": [
          "7369c808-8046-451e-ba1e-6f196d0f2604"
        ],
        "x-ms-routing-request-id": [
          "WESTEUROPE:20200507T124637Z:7369c808-8046-451e-ba1e-6f196d0f2604"
        ],
        "Strict-Transport-Security": [
          "max-age=31536000; includeSubDomains"
        ],
        "X-Content-Type-Options": [
          "nosniff"
        ],
        "Date": [
          "Thu, 07 May 2020 12:46:37 GMT"
        ],
        "Content-Length": [
          "489"
        ],
        "Content-Type": [
          "application/json; charset=utf-8"
        ],
        "Expires": [
          "-1"
        ]
      },
      "ResponseBody": "{\r\n  \"id\": \"/subscriptions/947d47b4-7883-4bb9-9d85-c5e8e2f572ce/providers/Microsoft.NetApp/locations/westus2/operationResults/08903393-e0a4-44d3-aade-6ade8b953dd1\",\r\n  \"name\": \"08903393-e0a4-44d3-aade-6ade8b953dd1\",\r\n  \"status\": \"Succeeded\",\r\n  \"startTime\": \"2020-05-07T12:46:06.5589902Z\",\r\n  \"endTime\": \"2020-05-07T12:46:06.6998913Z\",\r\n  \"percentComplete\": 100.0,\r\n  \"properties\": {\r\n    \"resourceName\": \"/subscriptions/947d47b4-7883-4bb9-9d85-c5e8e2f572ce/resourceGroups/ps6887/providers/Microsoft.NetApp/netAppAccounts/ps5607\"\r\n  }\r\n}",
      "StatusCode": 200
    },
    {
      "RequestUri": "/subscriptions/947d47b4-7883-4bb9-9d85-c5e8e2f572ce/resourceGroups/ps6887/providers/Microsoft.NetApp/netAppAccounts/ps5607?api-version=2019-10-01",
      "EncodedRequestUri": "L3N1YnNjcmlwdGlvbnMvOTQ3ZDQ3YjQtNzg4My00YmI5LTlkODUtYzVlOGUyZjU3MmNlL3Jlc291cmNlR3JvdXBzL3BzNjg4Ny9wcm92aWRlcnMvTWljcm9zb2Z0Lk5ldEFwcC9uZXRBcHBBY2NvdW50cy9wczU2MDc/YXBpLXZlcnNpb249MjAxOS0xMC0wMQ==",
      "RequestMethod": "GET",
      "RequestBody": "",
      "RequestHeaders": {
        "User-Agent": [
          "FxVersion/4.6.28207.03",
          "OSName/Windows",
          "OSVersion/Microsoft.Windows.10.0.18363.",
          "Microsoft.Azure.Management.NetApp.AzureNetAppFilesManagementClient/1.4.0.0"
        ]
      },
      "ResponseHeaders": {
        "Cache-Control": [
          "no-cache"
        ],
        "Pragma": [
          "no-cache"
        ],
        "ETag": [
          "W/\"datetime'2020-05-07T12%3A46%3A06.6913406Z'\""
        ],
        "x-ms-request-id": [
          "0358dd1e-3bcd-4ac2-892e-368919105740"
        ],
        "Request-Context": [
          "appId=cid-v1:2c4cb680-0a1f-424d-bb8d-8e650ba68d53"
        ],
        "Access-Control-Expose-Headers": [
          "Request-Context"
        ],
        "Server": [
          "Microsoft-IIS/10.0"
        ],
        "X-Powered-By": [
          "ASP.NET"
        ],
        "x-ms-ratelimit-remaining-subscription-reads": [
          "11998"
        ],
        "x-ms-correlation-request-id": [
          "6c8fa54a-69d5-4537-9063-4da4206ceaae"
        ],
        "x-ms-routing-request-id": [
          "WESTEUROPE:20200507T124638Z:6c8fa54a-69d5-4537-9063-4da4206ceaae"
        ],
        "Strict-Transport-Security": [
          "max-age=31536000; includeSubDomains"
        ],
        "X-Content-Type-Options": [
          "nosniff"
        ],
        "Date": [
          "Thu, 07 May 2020 12:46:37 GMT"
        ],
        "Content-Length": [
          "330"
        ],
        "Content-Type": [
          "application/json; charset=utf-8"
        ],
        "Expires": [
          "-1"
        ]
      },
      "ResponseBody": "{\r\n  \"id\": \"/subscriptions/947d47b4-7883-4bb9-9d85-c5e8e2f572ce/resourceGroups/ps6887/providers/Microsoft.NetApp/netAppAccounts/ps5607\",\r\n  \"name\": \"ps5607\",\r\n  \"type\": \"Microsoft.NetApp/netAppAccounts\",\r\n  \"etag\": \"W/\\\"datetime'2020-05-07T12%3A46%3A06.6913406Z'\\\"\",\r\n  \"location\": \"westus2\",\r\n  \"properties\": {\r\n    \"name\": \"ps5607\",\r\n    \"provisioningState\": \"Succeeded\"\r\n  }\r\n}",
      "StatusCode": 200
    },
    {
      "RequestUri": "/subscriptions/947d47b4-7883-4bb9-9d85-c5e8e2f572ce/resourceGroups/ps6887/providers/Microsoft.NetApp/netAppAccounts/ps5607/capacityPools/ps2418?api-version=2019-10-01",
      "EncodedRequestUri": "L3N1YnNjcmlwdGlvbnMvOTQ3ZDQ3YjQtNzg4My00YmI5LTlkODUtYzVlOGUyZjU3MmNlL3Jlc291cmNlR3JvdXBzL3BzNjg4Ny9wcm92aWRlcnMvTWljcm9zb2Z0Lk5ldEFwcC9uZXRBcHBBY2NvdW50cy9wczU2MDcvY2FwYWNpdHlQb29scy9wczI0MTg/YXBpLXZlcnNpb249MjAxOS0xMC0wMQ==",
      "RequestMethod": "PUT",
      "RequestBody": "{\r\n  \"location\": \"westus2\",\r\n  \"properties\": {\r\n    \"size\": 4398046511104,\r\n    \"serviceLevel\": \"Premium\"\r\n  }\r\n}",
      "RequestHeaders": {
        "x-ms-client-request-id": [
          "78b432b2-08c0-4d78-9cca-8a06df86c1d8"
        ],
        "Accept-Language": [
          "en-US"
        ],
        "User-Agent": [
          "FxVersion/4.6.28207.03",
          "OSName/Windows",
          "OSVersion/Microsoft.Windows.10.0.18363.",
          "Microsoft.Azure.Management.NetApp.AzureNetAppFilesManagementClient/1.4.0.0"
        ],
        "Content-Type": [
          "application/json; charset=utf-8"
        ],
        "Content-Length": [
          "113"
        ]
      },
      "ResponseHeaders": {
        "Cache-Control": [
          "no-cache"
        ],
        "Pragma": [
          "no-cache"
        ],
        "ETag": [
          "W/\"datetime'2020-05-07T12%3A46%3A40.618854Z'\""
        ],
        "x-ms-request-id": [
          "757f0e4e-fdfd-4603-ba9e-4c1a30be2d3a"
        ],
        "Azure-AsyncOperation": [
          "https://management.azure.com/subscriptions/947d47b4-7883-4bb9-9d85-c5e8e2f572ce/providers/Microsoft.NetApp/locations/westus2/operationResults/3ff29c77-e752-4fdb-bb9c-b14895e85775?api-version=2019-10-01"
        ],
        "Request-Context": [
          "appId=cid-v1:2c4cb680-0a1f-424d-bb8d-8e650ba68d53"
        ],
        "Access-Control-Expose-Headers": [
          "Request-Context"
        ],
        "Server": [
          "Microsoft-IIS/10.0"
        ],
        "X-Powered-By": [
          "ASP.NET"
        ],
        "x-ms-ratelimit-remaining-subscription-writes": [
          "1198"
        ],
        "x-ms-correlation-request-id": [
          "309d9f19-4181-49d0-9e51-cc1a29948204"
        ],
        "x-ms-routing-request-id": [
          "WESTEUROPE:20200507T124641Z:309d9f19-4181-49d0-9e51-cc1a29948204"
        ],
        "Strict-Transport-Security": [
          "max-age=31536000; includeSubDomains"
        ],
        "X-Content-Type-Options": [
          "nosniff"
        ],
        "Date": [
          "Thu, 07 May 2020 12:46:41 GMT"
        ],
        "Content-Length": [
          "400"
        ],
        "Content-Type": [
          "application/json; charset=utf-8"
        ],
        "Expires": [
          "-1"
        ]
      },
      "ResponseBody": "{\r\n  \"id\": \"/subscriptions/947d47b4-7883-4bb9-9d85-c5e8e2f572ce/resourceGroups/ps6887/providers/Microsoft.NetApp/netAppAccounts/ps5607/capacityPools/ps2418\",\r\n  \"name\": \"ps5607/ps2418\",\r\n  \"type\": \"Microsoft.NetApp/netAppAccounts/capacityPools\",\r\n  \"etag\": \"W/\\\"datetime'2020-05-07T12%3A46%3A40.618854Z'\\\"\",\r\n  \"location\": \"westus2\",\r\n  \"properties\": {\r\n    \"serviceLevel\": \"Premium\",\r\n    \"size\": 4398046511104,\r\n    \"provisioningState\": \"Creating\"\r\n  }\r\n}",
      "StatusCode": 201
    },
    {
      "RequestUri": "/subscriptions/947d47b4-7883-4bb9-9d85-c5e8e2f572ce/providers/Microsoft.NetApp/locations/westus2/operationResults/3ff29c77-e752-4fdb-bb9c-b14895e85775?api-version=2019-10-01",
      "EncodedRequestUri": "L3N1YnNjcmlwdGlvbnMvOTQ3ZDQ3YjQtNzg4My00YmI5LTlkODUtYzVlOGUyZjU3MmNlL3Byb3ZpZGVycy9NaWNyb3NvZnQuTmV0QXBwL2xvY2F0aW9ucy93ZXN0dXMyL29wZXJhdGlvblJlc3VsdHMvM2ZmMjljNzctZTc1Mi00ZmRiLWJiOWMtYjE0ODk1ZTg1Nzc1P2FwaS12ZXJzaW9uPTIwMTktMTAtMDE=",
      "RequestMethod": "GET",
      "RequestBody": "",
      "RequestHeaders": {
        "User-Agent": [
          "FxVersion/4.6.28207.03",
          "OSName/Windows",
          "OSVersion/Microsoft.Windows.10.0.18363.",
          "Microsoft.Azure.Management.NetApp.AzureNetAppFilesManagementClient/1.4.0.0"
        ]
      },
      "ResponseHeaders": {
        "Cache-Control": [
          "no-cache"
        ],
        "Pragma": [
          "no-cache"
        ],
        "x-ms-request-id": [
          "0dcb7899-79b9-4f07-934a-e16c9ad64d61"
        ],
        "Request-Context": [
          "appId=cid-v1:2c4cb680-0a1f-424d-bb8d-8e650ba68d53"
        ],
        "Access-Control-Expose-Headers": [
          "Request-Context"
        ],
        "x-ms-ratelimit-remaining-subscription-reads": [
          "11997"
        ],
        "Server": [
          "Microsoft-IIS/10.0"
        ],
        "X-Powered-By": [
          "ASP.NET"
        ],
        "x-ms-correlation-request-id": [
          "526f01b3-0376-4e38-b2ed-6170597b0209"
        ],
        "x-ms-routing-request-id": [
          "WESTEUROPE:20200507T124711Z:526f01b3-0376-4e38-b2ed-6170597b0209"
        ],
        "Strict-Transport-Security": [
          "max-age=31536000; includeSubDomains"
        ],
        "X-Content-Type-Options": [
          "nosniff"
        ],
        "Date": [
          "Thu, 07 May 2020 12:47:11 GMT"
        ],
        "Content-Length": [
          "509"
        ],
        "Content-Type": [
          "application/json; charset=utf-8"
        ],
        "Expires": [
          "-1"
        ]
      },
      "ResponseBody": "{\r\n  \"id\": \"/subscriptions/947d47b4-7883-4bb9-9d85-c5e8e2f572ce/providers/Microsoft.NetApp/locations/westus2/operationResults/3ff29c77-e752-4fdb-bb9c-b14895e85775\",\r\n  \"name\": \"3ff29c77-e752-4fdb-bb9c-b14895e85775\",\r\n  \"status\": \"Succeeded\",\r\n  \"startTime\": \"2020-05-07T12:46:40.5799013Z\",\r\n  \"endTime\": \"2020-05-07T12:46:40.971664Z\",\r\n  \"percentComplete\": 100.0,\r\n  \"properties\": {\r\n    \"resourceName\": \"/subscriptions/947d47b4-7883-4bb9-9d85-c5e8e2f572ce/resourceGroups/ps6887/providers/Microsoft.NetApp/netAppAccounts/ps5607/capacityPools/ps2418\"\r\n  }\r\n}",
      "StatusCode": 200
    },
    {
      "RequestUri": "/subscriptions/947d47b4-7883-4bb9-9d85-c5e8e2f572ce/resourceGroups/ps6887/providers/Microsoft.NetApp/netAppAccounts/ps5607/capacityPools/ps2418?api-version=2019-10-01",
      "EncodedRequestUri": "L3N1YnNjcmlwdGlvbnMvOTQ3ZDQ3YjQtNzg4My00YmI5LTlkODUtYzVlOGUyZjU3MmNlL3Jlc291cmNlR3JvdXBzL3BzNjg4Ny9wcm92aWRlcnMvTWljcm9zb2Z0Lk5ldEFwcC9uZXRBcHBBY2NvdW50cy9wczU2MDcvY2FwYWNpdHlQb29scy9wczI0MTg/YXBpLXZlcnNpb249MjAxOS0xMC0wMQ==",
      "RequestMethod": "GET",
      "RequestBody": "",
      "RequestHeaders": {
        "User-Agent": [
          "FxVersion/4.6.28207.03",
          "OSName/Windows",
          "OSVersion/Microsoft.Windows.10.0.18363.",
          "Microsoft.Azure.Management.NetApp.AzureNetAppFilesManagementClient/1.4.0.0"
        ]
      },
      "ResponseHeaders": {
        "Cache-Control": [
          "no-cache"
        ],
        "Pragma": [
          "no-cache"
        ],
        "ETag": [
          "W/\"datetime'2020-05-07T12%3A46%3A40.9621018Z'\""
        ],
        "x-ms-request-id": [
          "5847a78e-ef61-43f6-afbe-7453ccc2b987"
        ],
        "Request-Context": [
          "appId=cid-v1:2c4cb680-0a1f-424d-bb8d-8e650ba68d53"
        ],
        "Access-Control-Expose-Headers": [
          "Request-Context"
        ],
        "Server": [
          "Microsoft-IIS/10.0"
        ],
        "X-Powered-By": [
          "ASP.NET"
        ],
        "x-ms-ratelimit-remaining-subscription-reads": [
          "11996"
        ],
        "x-ms-correlation-request-id": [
          "0cd85829-c2d1-409f-9175-526c4fe06b43"
        ],
        "x-ms-routing-request-id": [
          "WESTEUROPE:20200507T124713Z:0cd85829-c2d1-409f-9175-526c4fe06b43"
        ],
        "Strict-Transport-Security": [
          "max-age=31536000; includeSubDomains"
        ],
        "X-Content-Type-Options": [
          "nosniff"
        ],
        "Date": [
          "Thu, 07 May 2020 12:47:12 GMT"
        ],
        "Content-Length": [
          "473"
        ],
        "Content-Type": [
          "application/json; charset=utf-8"
        ],
        "Expires": [
          "-1"
        ]
      },
      "ResponseBody": "{\r\n  \"id\": \"/subscriptions/947d47b4-7883-4bb9-9d85-c5e8e2f572ce/resourceGroups/ps6887/providers/Microsoft.NetApp/netAppAccounts/ps5607/capacityPools/ps2418\",\r\n  \"name\": \"ps5607/ps2418\",\r\n  \"type\": \"Microsoft.NetApp/netAppAccounts/capacityPools\",\r\n  \"etag\": \"W/\\\"datetime'2020-05-07T12%3A46%3A40.9621018Z'\\\"\",\r\n  \"location\": \"westus2\",\r\n  \"properties\": {\r\n    \"poolId\": \"ee0fdd2a-523f-4cac-d2f2-ff7bfd8ffedd\",\r\n    \"name\": \"ps5607/ps2418\",\r\n    \"serviceLevel\": \"Premium\",\r\n    \"size\": 4398046511104,\r\n    \"provisioningState\": \"Succeeded\"\r\n  }\r\n}",
      "StatusCode": 200
    },
    {
      "RequestUri": "/subscriptions/947d47b4-7883-4bb9-9d85-c5e8e2f572ce/resourceGroups/ps6887/providers/Microsoft.NetApp/netAppAccounts/ps5607/capacityPools/ps2418/volumes/ps5884?api-version=2019-10-01",
      "EncodedRequestUri": "L3N1YnNjcmlwdGlvbnMvOTQ3ZDQ3YjQtNzg4My00YmI5LTlkODUtYzVlOGUyZjU3MmNlL3Jlc291cmNlR3JvdXBzL3BzNjg4Ny9wcm92aWRlcnMvTWljcm9zb2Z0Lk5ldEFwcC9uZXRBcHBBY2NvdW50cy9wczU2MDcvY2FwYWNpdHlQb29scy9wczI0MTgvdm9sdW1lcy9wczU4ODQ/YXBpLXZlcnNpb249MjAxOS0xMC0wMQ==",
      "RequestMethod": "PUT",
      "RequestBody": "{\r\n  \"location\": \"westus2\",\r\n  \"properties\": {\r\n    \"creationToken\": \"ps5884\",\r\n    \"serviceLevel\": \"Premium\",\r\n    \"usageThreshold\": 107374182400,\r\n    \"subnetId\": \"/subscriptions/947d47b4-7883-4bb9-9d85-c5e8e2f572ce/resourceGroups/ps6887/providers/Microsoft.Network/virtualNetworks/ps6887-vnet/subnets/default\"\r\n  }\r\n}",
      "RequestHeaders": {
        "x-ms-client-request-id": [
          "56497563-1d3c-4ef6-a306-40ce0378749d"
        ],
        "Accept-Language": [
          "en-US"
        ],
        "User-Agent": [
          "FxVersion/4.6.28207.03",
          "OSName/Windows",
          "OSVersion/Microsoft.Windows.10.0.18363.",
          "Microsoft.Azure.Management.NetApp.AzureNetAppFilesManagementClient/1.4.0.0"
        ],
        "Content-Type": [
          "application/json; charset=utf-8"
        ],
        "Content-Length": [
          "320"
        ]
      },
      "ResponseHeaders": {
        "Cache-Control": [
          "no-cache"
        ],
        "Pragma": [
          "no-cache"
        ],
        "ETag": [
          "W/\"datetime'2020-05-07T12%3A47%3A15.725213Z'\""
        ],
        "x-ms-request-id": [
          "2da980fd-713b-4479-8348-96d95dd08b2e"
        ],
        "Azure-AsyncOperation": [
          "https://management.azure.com/subscriptions/947d47b4-7883-4bb9-9d85-c5e8e2f572ce/providers/Microsoft.NetApp/locations/westus2/operationResults/38122dbf-503a-46d8-98d6-a3abe429f18e?api-version=2019-10-01"
        ],
        "Request-Context": [
          "appId=cid-v1:2c4cb680-0a1f-424d-bb8d-8e650ba68d53"
        ],
        "Access-Control-Expose-Headers": [
          "Request-Context"
        ],
        "Server": [
          "Microsoft-IIS/10.0"
        ],
        "X-Powered-By": [
          "ASP.NET"
        ],
        "x-ms-ratelimit-remaining-subscription-writes": [
          "1197"
        ],
        "x-ms-correlation-request-id": [
          "225e1b40-8867-4932-89cd-0e7c29aa2097"
        ],
        "x-ms-routing-request-id": [
          "WESTEUROPE:20200507T124716Z:225e1b40-8867-4932-89cd-0e7c29aa2097"
        ],
        "Strict-Transport-Security": [
          "max-age=31536000; includeSubDomains"
        ],
        "X-Content-Type-Options": [
          "nosniff"
        ],
        "Date": [
          "Thu, 07 May 2020 12:47:15 GMT"
        ],
        "Content-Length": [
          "623"
        ],
        "Content-Type": [
          "application/json; charset=utf-8"
        ],
        "Expires": [
          "-1"
        ]
      },
      "ResponseBody": "{\r\n  \"id\": \"/subscriptions/947d47b4-7883-4bb9-9d85-c5e8e2f572ce/resourceGroups/ps6887/providers/Microsoft.NetApp/netAppAccounts/ps5607/capacityPools/ps2418/volumes/ps5884\",\r\n  \"name\": \"ps5607/ps2418/ps5884\",\r\n  \"type\": \"Microsoft.NetApp/netAppAccounts/capacityPools/volumes\",\r\n  \"etag\": \"W/\\\"datetime'2020-05-07T12%3A47%3A15.725213Z'\\\"\",\r\n  \"location\": \"westus2\",\r\n  \"properties\": {\r\n    \"serviceLevel\": \"Premium\",\r\n    \"creationToken\": \"ps5884\",\r\n    \"usageThreshold\": 107374182400,\r\n    \"subnetId\": \"/subscriptions/947d47b4-7883-4bb9-9d85-c5e8e2f572ce/resourceGroups/ps6887/providers/Microsoft.Network/virtualNetworks/ps6887-vnet/subnets/default\",\r\n    \"provisioningState\": \"Creating\"\r\n  }\r\n}",
      "StatusCode": 201
    },
    {
      "RequestUri": "/subscriptions/947d47b4-7883-4bb9-9d85-c5e8e2f572ce/providers/Microsoft.NetApp/locations/westus2/operationResults/38122dbf-503a-46d8-98d6-a3abe429f18e?api-version=2019-10-01",
      "EncodedRequestUri": "L3N1YnNjcmlwdGlvbnMvOTQ3ZDQ3YjQtNzg4My00YmI5LTlkODUtYzVlOGUyZjU3MmNlL3Byb3ZpZGVycy9NaWNyb3NvZnQuTmV0QXBwL2xvY2F0aW9ucy93ZXN0dXMyL29wZXJhdGlvblJlc3VsdHMvMzgxMjJkYmYtNTAzYS00NmQ4LTk4ZDYtYTNhYmU0MjlmMThlP2FwaS12ZXJzaW9uPTIwMTktMTAtMDE=",
      "RequestMethod": "GET",
      "RequestBody": "",
      "RequestHeaders": {
        "User-Agent": [
          "FxVersion/4.6.28207.03",
          "OSName/Windows",
          "OSVersion/Microsoft.Windows.10.0.18363.",
          "Microsoft.Azure.Management.NetApp.AzureNetAppFilesManagementClient/1.4.0.0"
        ]
      },
      "ResponseHeaders": {
        "Cache-Control": [
          "no-cache"
        ],
        "Pragma": [
          "no-cache"
        ],
        "x-ms-request-id": [
          "bd4ca8bf-7f1c-4e80-9b6a-121951bc5d53"
        ],
        "Request-Context": [
          "appId=cid-v1:2c4cb680-0a1f-424d-bb8d-8e650ba68d53"
        ],
        "Access-Control-Expose-Headers": [
          "Request-Context"
        ],
        "Server": [
          "Microsoft-IIS/10.0"
        ],
        "X-Powered-By": [
          "ASP.NET"
        ],
        "x-ms-ratelimit-remaining-subscription-reads": [
          "11995"
        ],
        "x-ms-correlation-request-id": [
          "fe1229e6-b85e-44f6-95fa-7bc0531f676b"
        ],
        "x-ms-routing-request-id": [
          "WESTEUROPE:20200507T124747Z:fe1229e6-b85e-44f6-95fa-7bc0531f676b"
        ],
        "Strict-Transport-Security": [
          "max-age=31536000; includeSubDomains"
        ],
        "X-Content-Type-Options": [
          "nosniff"
        ],
        "Date": [
          "Thu, 07 May 2020 12:47:46 GMT"
        ],
        "Content-Length": [
          "514"
        ],
        "Content-Type": [
          "application/json; charset=utf-8"
        ],
        "Expires": [
          "-1"
        ]
      },
      "ResponseBody": "{\r\n  \"id\": \"/subscriptions/947d47b4-7883-4bb9-9d85-c5e8e2f572ce/providers/Microsoft.NetApp/locations/westus2/operationResults/38122dbf-503a-46d8-98d6-a3abe429f18e\",\r\n  \"name\": \"38122dbf-503a-46d8-98d6-a3abe429f18e\",\r\n  \"status\": \"Creating\",\r\n  \"startTime\": \"2020-05-07T12:47:15.6839872Z\",\r\n  \"endTime\": \"0001-01-01T00:00:00Z\",\r\n  \"percentComplete\": 0.0,\r\n  \"properties\": {\r\n    \"resourceName\": \"/subscriptions/947d47b4-7883-4bb9-9d85-c5e8e2f572ce/resourceGroups/ps6887/providers/Microsoft.NetApp/netAppAccounts/ps5607/capacityPools/ps2418/volumes/ps5884\"\r\n  }\r\n}",
      "StatusCode": 200
    },
    {
      "RequestUri": "/subscriptions/947d47b4-7883-4bb9-9d85-c5e8e2f572ce/providers/Microsoft.NetApp/locations/westus2/operationResults/38122dbf-503a-46d8-98d6-a3abe429f18e?api-version=2019-10-01",
      "EncodedRequestUri": "L3N1YnNjcmlwdGlvbnMvOTQ3ZDQ3YjQtNzg4My00YmI5LTlkODUtYzVlOGUyZjU3MmNlL3Byb3ZpZGVycy9NaWNyb3NvZnQuTmV0QXBwL2xvY2F0aW9ucy93ZXN0dXMyL29wZXJhdGlvblJlc3VsdHMvMzgxMjJkYmYtNTAzYS00NmQ4LTk4ZDYtYTNhYmU0MjlmMThlP2FwaS12ZXJzaW9uPTIwMTktMTAtMDE=",
      "RequestMethod": "GET",
      "RequestBody": "",
      "RequestHeaders": {
        "User-Agent": [
          "FxVersion/4.6.28207.03",
          "OSName/Windows",
          "OSVersion/Microsoft.Windows.10.0.18363.",
          "Microsoft.Azure.Management.NetApp.AzureNetAppFilesManagementClient/1.4.0.0"
        ]
      },
      "ResponseHeaders": {
        "Cache-Control": [
          "no-cache"
        ],
        "Pragma": [
          "no-cache"
        ],
        "x-ms-request-id": [
          "37cd8741-144b-4202-a071-38fdd3e2016a"
        ],
        "Request-Context": [
          "appId=cid-v1:2c4cb680-0a1f-424d-bb8d-8e650ba68d53"
        ],
        "Access-Control-Expose-Headers": [
          "Request-Context"
        ],
        "x-ms-ratelimit-remaining-subscription-reads": [
          "11994"
        ],
        "Server": [
          "Microsoft-IIS/10.0"
        ],
        "X-Powered-By": [
          "ASP.NET"
        ],
        "x-ms-correlation-request-id": [
          "827585cc-c678-47e3-8cf0-da12c18c6e1a"
        ],
        "x-ms-routing-request-id": [
          "WESTEUROPE:20200507T124817Z:827585cc-c678-47e3-8cf0-da12c18c6e1a"
        ],
        "Strict-Transport-Security": [
          "max-age=31536000; includeSubDomains"
        ],
        "X-Content-Type-Options": [
          "nosniff"
        ],
        "Date": [
          "Thu, 07 May 2020 12:48:16 GMT"
        ],
        "Content-Length": [
          "514"
        ],
        "Content-Type": [
          "application/json; charset=utf-8"
        ],
        "Expires": [
          "-1"
        ]
      },
      "ResponseBody": "{\r\n  \"id\": \"/subscriptions/947d47b4-7883-4bb9-9d85-c5e8e2f572ce/providers/Microsoft.NetApp/locations/westus2/operationResults/38122dbf-503a-46d8-98d6-a3abe429f18e\",\r\n  \"name\": \"38122dbf-503a-46d8-98d6-a3abe429f18e\",\r\n  \"status\": \"Creating\",\r\n  \"startTime\": \"2020-05-07T12:47:15.6839872Z\",\r\n  \"endTime\": \"0001-01-01T00:00:00Z\",\r\n  \"percentComplete\": 0.0,\r\n  \"properties\": {\r\n    \"resourceName\": \"/subscriptions/947d47b4-7883-4bb9-9d85-c5e8e2f572ce/resourceGroups/ps6887/providers/Microsoft.NetApp/netAppAccounts/ps5607/capacityPools/ps2418/volumes/ps5884\"\r\n  }\r\n}",
      "StatusCode": 200
    },
    {
      "RequestUri": "/subscriptions/947d47b4-7883-4bb9-9d85-c5e8e2f572ce/providers/Microsoft.NetApp/locations/westus2/operationResults/38122dbf-503a-46d8-98d6-a3abe429f18e?api-version=2019-10-01",
      "EncodedRequestUri": "L3N1YnNjcmlwdGlvbnMvOTQ3ZDQ3YjQtNzg4My00YmI5LTlkODUtYzVlOGUyZjU3MmNlL3Byb3ZpZGVycy9NaWNyb3NvZnQuTmV0QXBwL2xvY2F0aW9ucy93ZXN0dXMyL29wZXJhdGlvblJlc3VsdHMvMzgxMjJkYmYtNTAzYS00NmQ4LTk4ZDYtYTNhYmU0MjlmMThlP2FwaS12ZXJzaW9uPTIwMTktMTAtMDE=",
      "RequestMethod": "GET",
      "RequestBody": "",
      "RequestHeaders": {
        "User-Agent": [
          "FxVersion/4.6.28207.03",
          "OSName/Windows",
          "OSVersion/Microsoft.Windows.10.0.18363.",
          "Microsoft.Azure.Management.NetApp.AzureNetAppFilesManagementClient/1.4.0.0"
        ]
      },
      "ResponseHeaders": {
        "Cache-Control": [
          "no-cache"
        ],
        "Pragma": [
          "no-cache"
        ],
        "x-ms-request-id": [
          "11196ce4-ff84-4ccc-8efd-40753f5946f7"
        ],
        "Request-Context": [
          "appId=cid-v1:2c4cb680-0a1f-424d-bb8d-8e650ba68d53"
        ],
        "Access-Control-Expose-Headers": [
          "Request-Context"
        ],
        "Server": [
          "Microsoft-IIS/10.0"
        ],
        "X-Powered-By": [
          "ASP.NET"
        ],
        "x-ms-ratelimit-remaining-subscription-reads": [
          "11993"
        ],
        "x-ms-correlation-request-id": [
          "66dba66f-bdc9-4113-9aec-160294d0969f"
        ],
        "x-ms-routing-request-id": [
          "WESTEUROPE:20200507T124848Z:66dba66f-bdc9-4113-9aec-160294d0969f"
        ],
        "Strict-Transport-Security": [
          "max-age=31536000; includeSubDomains"
        ],
        "X-Content-Type-Options": [
          "nosniff"
        ],
        "Date": [
          "Thu, 07 May 2020 12:48:47 GMT"
        ],
        "Content-Length": [
          "514"
        ],
        "Content-Type": [
          "application/json; charset=utf-8"
        ],
        "Expires": [
          "-1"
        ]
      },
      "ResponseBody": "{\r\n  \"id\": \"/subscriptions/947d47b4-7883-4bb9-9d85-c5e8e2f572ce/providers/Microsoft.NetApp/locations/westus2/operationResults/38122dbf-503a-46d8-98d6-a3abe429f18e\",\r\n  \"name\": \"38122dbf-503a-46d8-98d6-a3abe429f18e\",\r\n  \"status\": \"Creating\",\r\n  \"startTime\": \"2020-05-07T12:47:15.6839872Z\",\r\n  \"endTime\": \"0001-01-01T00:00:00Z\",\r\n  \"percentComplete\": 0.0,\r\n  \"properties\": {\r\n    \"resourceName\": \"/subscriptions/947d47b4-7883-4bb9-9d85-c5e8e2f572ce/resourceGroups/ps6887/providers/Microsoft.NetApp/netAppAccounts/ps5607/capacityPools/ps2418/volumes/ps5884\"\r\n  }\r\n}",
      "StatusCode": 200
    },
    {
      "RequestUri": "/subscriptions/947d47b4-7883-4bb9-9d85-c5e8e2f572ce/providers/Microsoft.NetApp/locations/westus2/operationResults/38122dbf-503a-46d8-98d6-a3abe429f18e?api-version=2019-10-01",
      "EncodedRequestUri": "L3N1YnNjcmlwdGlvbnMvOTQ3ZDQ3YjQtNzg4My00YmI5LTlkODUtYzVlOGUyZjU3MmNlL3Byb3ZpZGVycy9NaWNyb3NvZnQuTmV0QXBwL2xvY2F0aW9ucy93ZXN0dXMyL29wZXJhdGlvblJlc3VsdHMvMzgxMjJkYmYtNTAzYS00NmQ4LTk4ZDYtYTNhYmU0MjlmMThlP2FwaS12ZXJzaW9uPTIwMTktMTAtMDE=",
      "RequestMethod": "GET",
      "RequestBody": "",
      "RequestHeaders": {
        "User-Agent": [
          "FxVersion/4.6.28207.03",
          "OSName/Windows",
          "OSVersion/Microsoft.Windows.10.0.18363.",
          "Microsoft.Azure.Management.NetApp.AzureNetAppFilesManagementClient/1.4.0.0"
        ]
      },
      "ResponseHeaders": {
        "Cache-Control": [
          "no-cache"
        ],
        "Pragma": [
          "no-cache"
        ],
        "x-ms-request-id": [
          "69920906-4176-4b7c-80bb-8c1a8aa5dbd5"
        ],
        "Request-Context": [
          "appId=cid-v1:2c4cb680-0a1f-424d-bb8d-8e650ba68d53"
        ],
        "Access-Control-Expose-Headers": [
          "Request-Context"
        ],
        "Server": [
          "Microsoft-IIS/10.0"
        ],
        "X-Powered-By": [
          "ASP.NET"
        ],
        "x-ms-ratelimit-remaining-subscription-reads": [
          "11992"
        ],
        "x-ms-correlation-request-id": [
          "7fb7528e-b01c-4db4-97af-946674df7478"
        ],
        "x-ms-routing-request-id": [
          "WESTEUROPE:20200507T124918Z:7fb7528e-b01c-4db4-97af-946674df7478"
        ],
        "Strict-Transport-Security": [
          "max-age=31536000; includeSubDomains"
        ],
        "X-Content-Type-Options": [
          "nosniff"
        ],
        "Date": [
          "Thu, 07 May 2020 12:49:18 GMT"
        ],
        "Content-Length": [
          "514"
        ],
        "Content-Type": [
          "application/json; charset=utf-8"
        ],
        "Expires": [
          "-1"
        ]
      },
      "ResponseBody": "{\r\n  \"id\": \"/subscriptions/947d47b4-7883-4bb9-9d85-c5e8e2f572ce/providers/Microsoft.NetApp/locations/westus2/operationResults/38122dbf-503a-46d8-98d6-a3abe429f18e\",\r\n  \"name\": \"38122dbf-503a-46d8-98d6-a3abe429f18e\",\r\n  \"status\": \"Creating\",\r\n  \"startTime\": \"2020-05-07T12:47:15.6839872Z\",\r\n  \"endTime\": \"0001-01-01T00:00:00Z\",\r\n  \"percentComplete\": 0.0,\r\n  \"properties\": {\r\n    \"resourceName\": \"/subscriptions/947d47b4-7883-4bb9-9d85-c5e8e2f572ce/resourceGroups/ps6887/providers/Microsoft.NetApp/netAppAccounts/ps5607/capacityPools/ps2418/volumes/ps5884\"\r\n  }\r\n}",
      "StatusCode": 200
    },
    {
      "RequestUri": "/subscriptions/947d47b4-7883-4bb9-9d85-c5e8e2f572ce/providers/Microsoft.NetApp/locations/westus2/operationResults/38122dbf-503a-46d8-98d6-a3abe429f18e?api-version=2019-10-01",
      "EncodedRequestUri": "L3N1YnNjcmlwdGlvbnMvOTQ3ZDQ3YjQtNzg4My00YmI5LTlkODUtYzVlOGUyZjU3MmNlL3Byb3ZpZGVycy9NaWNyb3NvZnQuTmV0QXBwL2xvY2F0aW9ucy93ZXN0dXMyL29wZXJhdGlvblJlc3VsdHMvMzgxMjJkYmYtNTAzYS00NmQ4LTk4ZDYtYTNhYmU0MjlmMThlP2FwaS12ZXJzaW9uPTIwMTktMTAtMDE=",
      "RequestMethod": "GET",
      "RequestBody": "",
      "RequestHeaders": {
        "User-Agent": [
          "FxVersion/4.6.28207.03",
          "OSName/Windows",
          "OSVersion/Microsoft.Windows.10.0.18363.",
          "Microsoft.Azure.Management.NetApp.AzureNetAppFilesManagementClient/1.4.0.0"
        ]
      },
      "ResponseHeaders": {
        "Cache-Control": [
          "no-cache"
        ],
        "Pragma": [
          "no-cache"
        ],
        "x-ms-request-id": [
          "99f69a85-b4f6-4ba9-9d0d-a9a60ff70dd5"
        ],
        "Request-Context": [
          "appId=cid-v1:2c4cb680-0a1f-424d-bb8d-8e650ba68d53"
        ],
        "Access-Control-Expose-Headers": [
          "Request-Context"
        ],
        "x-ms-ratelimit-remaining-subscription-reads": [
          "11991"
        ],
        "Server": [
          "Microsoft-IIS/10.0"
        ],
        "X-Powered-By": [
          "ASP.NET"
        ],
        "x-ms-correlation-request-id": [
          "59a4bf00-b970-47d3-bd7a-81a83e48d8fa"
        ],
        "x-ms-routing-request-id": [
          "WESTEUROPE:20200507T124948Z:59a4bf00-b970-47d3-bd7a-81a83e48d8fa"
        ],
        "Strict-Transport-Security": [
          "max-age=31536000; includeSubDomains"
        ],
        "X-Content-Type-Options": [
          "nosniff"
        ],
        "Date": [
          "Thu, 07 May 2020 12:49:47 GMT"
        ],
        "Content-Length": [
          "514"
        ],
        "Content-Type": [
          "application/json; charset=utf-8"
        ],
        "Expires": [
          "-1"
        ]
      },
      "ResponseBody": "{\r\n  \"id\": \"/subscriptions/947d47b4-7883-4bb9-9d85-c5e8e2f572ce/providers/Microsoft.NetApp/locations/westus2/operationResults/38122dbf-503a-46d8-98d6-a3abe429f18e\",\r\n  \"name\": \"38122dbf-503a-46d8-98d6-a3abe429f18e\",\r\n  \"status\": \"Creating\",\r\n  \"startTime\": \"2020-05-07T12:47:15.6839872Z\",\r\n  \"endTime\": \"0001-01-01T00:00:00Z\",\r\n  \"percentComplete\": 0.0,\r\n  \"properties\": {\r\n    \"resourceName\": \"/subscriptions/947d47b4-7883-4bb9-9d85-c5e8e2f572ce/resourceGroups/ps6887/providers/Microsoft.NetApp/netAppAccounts/ps5607/capacityPools/ps2418/volumes/ps5884\"\r\n  }\r\n}",
      "StatusCode": 200
    },
    {
      "RequestUri": "/subscriptions/947d47b4-7883-4bb9-9d85-c5e8e2f572ce/providers/Microsoft.NetApp/locations/westus2/operationResults/38122dbf-503a-46d8-98d6-a3abe429f18e?api-version=2019-10-01",
      "EncodedRequestUri": "L3N1YnNjcmlwdGlvbnMvOTQ3ZDQ3YjQtNzg4My00YmI5LTlkODUtYzVlOGUyZjU3MmNlL3Byb3ZpZGVycy9NaWNyb3NvZnQuTmV0QXBwL2xvY2F0aW9ucy93ZXN0dXMyL29wZXJhdGlvblJlc3VsdHMvMzgxMjJkYmYtNTAzYS00NmQ4LTk4ZDYtYTNhYmU0MjlmMThlP2FwaS12ZXJzaW9uPTIwMTktMTAtMDE=",
      "RequestMethod": "GET",
      "RequestBody": "",
      "RequestHeaders": {
        "User-Agent": [
          "FxVersion/4.6.28207.03",
          "OSName/Windows",
          "OSVersion/Microsoft.Windows.10.0.18363.",
          "Microsoft.Azure.Management.NetApp.AzureNetAppFilesManagementClient/1.4.0.0"
        ]
      },
      "ResponseHeaders": {
        "Cache-Control": [
          "no-cache"
        ],
        "Pragma": [
          "no-cache"
        ],
        "x-ms-request-id": [
          "65dc2cf1-513a-4f24-94de-6d198dc5a8c4"
        ],
        "Request-Context": [
          "appId=cid-v1:2c4cb680-0a1f-424d-bb8d-8e650ba68d53"
        ],
        "Access-Control-Expose-Headers": [
          "Request-Context"
        ],
        "Server": [
          "Microsoft-IIS/10.0"
        ],
        "X-Powered-By": [
          "ASP.NET"
        ],
        "x-ms-ratelimit-remaining-subscription-reads": [
          "11990"
        ],
        "x-ms-correlation-request-id": [
          "d36d17d2-bd2d-4e68-ba31-91d8b74dfad3"
        ],
        "x-ms-routing-request-id": [
          "WESTEUROPE:20200507T125019Z:d36d17d2-bd2d-4e68-ba31-91d8b74dfad3"
        ],
        "Strict-Transport-Security": [
          "max-age=31536000; includeSubDomains"
        ],
        "X-Content-Type-Options": [
          "nosniff"
        ],
        "Date": [
          "Thu, 07 May 2020 12:50:18 GMT"
        ],
        "Content-Length": [
          "525"
        ],
        "Content-Type": [
          "application/json; charset=utf-8"
        ],
        "Expires": [
          "-1"
        ]
      },
      "ResponseBody": "{\r\n  \"id\": \"/subscriptions/947d47b4-7883-4bb9-9d85-c5e8e2f572ce/providers/Microsoft.NetApp/locations/westus2/operationResults/38122dbf-503a-46d8-98d6-a3abe429f18e\",\r\n  \"name\": \"38122dbf-503a-46d8-98d6-a3abe429f18e\",\r\n  \"status\": \"Succeeded\",\r\n  \"startTime\": \"2020-05-07T12:47:15.6839872Z\",\r\n  \"endTime\": \"2020-05-07T12:50:08.6490871Z\",\r\n  \"percentComplete\": 100.0,\r\n  \"properties\": {\r\n    \"resourceName\": \"/subscriptions/947d47b4-7883-4bb9-9d85-c5e8e2f572ce/resourceGroups/ps6887/providers/Microsoft.NetApp/netAppAccounts/ps5607/capacityPools/ps2418/volumes/ps5884\"\r\n  }\r\n}",
      "StatusCode": 200
    },
    {
      "RequestUri": "/subscriptions/947d47b4-7883-4bb9-9d85-c5e8e2f572ce/resourceGroups/ps6887/providers/Microsoft.NetApp/netAppAccounts/ps5607/capacityPools/ps2418/volumes/ps5884?api-version=2019-10-01",
      "EncodedRequestUri": "L3N1YnNjcmlwdGlvbnMvOTQ3ZDQ3YjQtNzg4My00YmI5LTlkODUtYzVlOGUyZjU3MmNlL3Jlc291cmNlR3JvdXBzL3BzNjg4Ny9wcm92aWRlcnMvTWljcm9zb2Z0Lk5ldEFwcC9uZXRBcHBBY2NvdW50cy9wczU2MDcvY2FwYWNpdHlQb29scy9wczI0MTgvdm9sdW1lcy9wczU4ODQ/YXBpLXZlcnNpb249MjAxOS0xMC0wMQ==",
      "RequestMethod": "GET",
      "RequestBody": "",
      "RequestHeaders": {
        "User-Agent": [
          "FxVersion/4.6.28207.03",
          "OSName/Windows",
          "OSVersion/Microsoft.Windows.10.0.18363.",
          "Microsoft.Azure.Management.NetApp.AzureNetAppFilesManagementClient/1.4.0.0"
        ]
      },
      "ResponseHeaders": {
        "Cache-Control": [
          "no-cache"
        ],
        "Pragma": [
          "no-cache"
        ],
        "ETag": [
          "W/\"datetime'2020-05-07T12%3A50%3A08.6441436Z'\""
        ],
        "x-ms-request-id": [
          "f2ab3460-4cb4-4077-a986-011d769ea361"
        ],
        "Request-Context": [
          "appId=cid-v1:2c4cb680-0a1f-424d-bb8d-8e650ba68d53"
        ],
        "Access-Control-Expose-Headers": [
          "Request-Context"
        ],
        "Server": [
          "Microsoft-IIS/10.0"
        ],
        "X-Powered-By": [
          "ASP.NET"
        ],
        "x-ms-ratelimit-remaining-subscription-reads": [
          "11989"
        ],
        "x-ms-correlation-request-id": [
          "13d5d4e3-5a27-4103-a40a-8d38c57c9afc"
        ],
        "x-ms-routing-request-id": [
          "WESTEUROPE:20200507T125019Z:13d5d4e3-5a27-4103-a40a-8d38c57c9afc"
        ],
        "Strict-Transport-Security": [
          "max-age=31536000; includeSubDomains"
        ],
        "X-Content-Type-Options": [
          "nosniff"
        ],
        "Date": [
          "Thu, 07 May 2020 12:50:18 GMT"
        ],
        "Content-Length": [
          "1249"
        ],
        "Content-Type": [
          "application/json; charset=utf-8"
        ],
        "Expires": [
          "-1"
        ]
      },
      "ResponseBody": "{\r\n  \"id\": \"/subscriptions/947d47b4-7883-4bb9-9d85-c5e8e2f572ce/resourceGroups/ps6887/providers/Microsoft.NetApp/netAppAccounts/ps5607/capacityPools/ps2418/volumes/ps5884\",\r\n  \"name\": \"ps5607/ps2418/ps5884\",\r\n  \"type\": \"Microsoft.NetApp/netAppAccounts/capacityPools/volumes\",\r\n  \"etag\": \"W/\\\"datetime'2020-05-07T12%3A50%3A08.6441436Z'\\\"\",\r\n  \"location\": \"westus2\",\r\n  \"properties\": {\r\n    \"mountTargets\": [\r\n      {\r\n        \"provisioningState\": \"Succeeded\",\r\n        \"mountTargetId\": \"938cfdcf-1561-6cb5-5be1-3d7a5be5f5d3\",\r\n        \"fileSystemId\": \"938cfdcf-1561-6cb5-5be1-3d7a5be5f5d3\",\r\n        \"startIp\": \"10.0.1.4\",\r\n        \"endIp\": \"10.0.1.4\",\r\n        \"gateway\": \"\",\r\n        \"netmask\": \"\",\r\n        \"subnet\": \"\",\r\n        \"ipAddress\": \"10.0.1.4\"\r\n      }\r\n    ],\r\n    \"provisioningState\": \"Succeeded\",\r\n    \"fileSystemId\": \"938cfdcf-1561-6cb5-5be1-3d7a5be5f5d3\",\r\n    \"name\": \"ps5884\",\r\n    \"serviceLevel\": \"Premium\",\r\n    \"creationToken\": \"ps5884\",\r\n    \"usageThreshold\": 107374182400,\r\n    \"usedBytes\": 0,\r\n    \"exportPolicy\": {\r\n      \"rules\": [\r\n        {\r\n          \"ruleIndex\": 1,\r\n          \"unixReadOnly\": false,\r\n          \"unixReadWrite\": true,\r\n          \"cifs\": false,\r\n          \"nfsv3\": true,\r\n          \"nfsv4\": false,\r\n          \"nfsv41\": false,\r\n          \"allowedClients\": \"0.0.0.0/0\"\r\n        }\r\n      ]\r\n    },\r\n    \"protocolTypes\": [\r\n      \"NFSv3\"\r\n    ],\r\n    \"baremetalTenantId\": \"baremetalTenant_svm_c91ab39b3c4211ea82e0c2ff568d4939_18dfcebe\",\r\n    \"subnetId\": \"/subscriptions/947d47b4-7883-4bb9-9d85-c5e8e2f572ce/resourceGroups/ps6887/providers/Microsoft.Network/virtualNetworks/ps6887-vnet/subnets/default\"\r\n  }\r\n}",
      "StatusCode": 200
    },
    {
      "RequestUri": "/subscriptions/947d47b4-7883-4bb9-9d85-c5e8e2f572ce/resourceGroups/ps6887/providers/Microsoft.NetApp/netAppAccounts/ps5607/capacityPools/ps2418/volumes/ps5884/snapshots/ps5372?api-version=2019-10-01",
      "EncodedRequestUri": "L3N1YnNjcmlwdGlvbnMvOTQ3ZDQ3YjQtNzg4My00YmI5LTlkODUtYzVlOGUyZjU3MmNlL3Jlc291cmNlR3JvdXBzL3BzNjg4Ny9wcm92aWRlcnMvTWljcm9zb2Z0Lk5ldEFwcC9uZXRBcHBBY2NvdW50cy9wczU2MDcvY2FwYWNpdHlQb29scy9wczI0MTgvdm9sdW1lcy9wczU4ODQvc25hcHNob3RzL3BzNTM3Mj9hcGktdmVyc2lvbj0yMDE5LTEwLTAx",
      "RequestMethod": "PUT",
      "RequestBody": "{\r\n  \"location\": \"westus2\",\r\n  \"properties\": {\r\n    \"fileSystemId\": \"938cfdcf-1561-6cb5-5be1-3d7a5be5f5d3\"\r\n  }\r\n}",
      "RequestHeaders": {
        "x-ms-client-request-id": [
          "550dc55a-22e9-4974-8b4a-3a0dec41cc8d"
        ],
        "Accept-Language": [
          "en-US"
        ],
        "User-Agent": [
          "FxVersion/4.6.28207.03",
          "OSName/Windows",
          "OSVersion/Microsoft.Windows.10.0.18363.",
          "Microsoft.Azure.Management.NetApp.AzureNetAppFilesManagementClient/1.4.0.0"
        ],
        "Content-Type": [
          "application/json; charset=utf-8"
        ],
        "Content-Length": [
          "114"
        ]
      },
      "ResponseHeaders": {
        "Cache-Control": [
          "no-cache"
        ],
        "Pragma": [
          "no-cache"
        ],
        "Location": [
          "https://management.azure.com/subscriptions/947d47b4-7883-4bb9-9d85-c5e8e2f572ce/providers/Microsoft.NetApp/locations/westus2/operationResults/05bda7c8-4533-48ed-aeb5-723be7a8e07d?api-version=2019-10-01&operationResultResponseType=Location"
        ],
        "x-ms-request-id": [
          "67acbbeb-d8aa-4535-b5a5-8a576ac6a608"
        ],
        "Azure-AsyncOperation": [
          "https://management.azure.com/subscriptions/947d47b4-7883-4bb9-9d85-c5e8e2f572ce/providers/Microsoft.NetApp/locations/westus2/operationResults/05bda7c8-4533-48ed-aeb5-723be7a8e07d?api-version=2019-10-01"
        ],
        "Request-Context": [
          "appId=cid-v1:2c4cb680-0a1f-424d-bb8d-8e650ba68d53"
        ],
        "Access-Control-Expose-Headers": [
          "Request-Context"
        ],
        "Server": [
          "Microsoft-IIS/10.0"
        ],
        "X-Powered-By": [
          "ASP.NET"
        ],
        "x-ms-ratelimit-remaining-subscription-writes": [
          "1196"
        ],
        "x-ms-correlation-request-id": [
          "4bba7e26-1cc0-4180-9fa4-ae0c46f79a04"
        ],
        "x-ms-routing-request-id": [
          "WESTEUROPE:20200507T125025Z:4bba7e26-1cc0-4180-9fa4-ae0c46f79a04"
        ],
        "Strict-Transport-Security": [
          "max-age=31536000; includeSubDomains"
        ],
        "X-Content-Type-Options": [
          "nosniff"
        ],
        "Date": [
          "Thu, 07 May 2020 12:50:25 GMT"
        ],
        "Content-Length": [
          "431"
        ],
        "Content-Type": [
          "application/json; charset=utf-8"
        ],
        "Expires": [
          "-1"
        ]
      },
      "ResponseBody": "{\r\n  \"id\": \"/subscriptions/947d47b4-7883-4bb9-9d85-c5e8e2f572ce/resourceGroups/ps6887/providers/Microsoft.NetApp/netAppAccounts/ps5607/capacityPools/ps2418/volumes/ps5884/snapshots/ps5372\",\r\n  \"name\": \"ps5607/ps2418/ps5884/ps5372\",\r\n  \"type\": \"Microsoft.NetApp/netAppAccounts/capacityPools/volumes/snapshots\",\r\n  \"location\": \"westus2\",\r\n  \"properties\": {\r\n    \"provisioningState\": \"Creating\",\r\n    \"fileSystemId\": \"938cfdcf-1561-6cb5-5be1-3d7a5be5f5d3\",\r\n    \"name\": \"ps5372\"\r\n  }\r\n}",
      "StatusCode": 201
    },
    {
      "RequestUri": "/subscriptions/947d47b4-7883-4bb9-9d85-c5e8e2f572ce/providers/Microsoft.NetApp/locations/westus2/operationResults/05bda7c8-4533-48ed-aeb5-723be7a8e07d?api-version=2019-10-01",
      "EncodedRequestUri": "L3N1YnNjcmlwdGlvbnMvOTQ3ZDQ3YjQtNzg4My00YmI5LTlkODUtYzVlOGUyZjU3MmNlL3Byb3ZpZGVycy9NaWNyb3NvZnQuTmV0QXBwL2xvY2F0aW9ucy93ZXN0dXMyL29wZXJhdGlvblJlc3VsdHMvMDViZGE3YzgtNDUzMy00OGVkLWFlYjUtNzIzYmU3YThlMDdkP2FwaS12ZXJzaW9uPTIwMTktMTAtMDE=",
      "RequestMethod": "GET",
      "RequestBody": "",
      "RequestHeaders": {
        "User-Agent": [
          "FxVersion/4.6.28207.03",
          "OSName/Windows",
          "OSVersion/Microsoft.Windows.10.0.18363.",
          "Microsoft.Azure.Management.NetApp.AzureNetAppFilesManagementClient/1.4.0.0"
        ]
      },
      "ResponseHeaders": {
        "Cache-Control": [
          "no-cache"
        ],
        "Pragma": [
          "no-cache"
        ],
        "x-ms-request-id": [
          "9fa2462e-b078-4488-a9f8-c906346c870e"
        ],
        "Request-Context": [
          "appId=cid-v1:2c4cb680-0a1f-424d-bb8d-8e650ba68d53"
        ],
        "Access-Control-Expose-Headers": [
          "Request-Context"
        ],
        "Server": [
          "Microsoft-IIS/10.0"
        ],
        "X-Powered-By": [
          "ASP.NET"
        ],
        "x-ms-ratelimit-remaining-subscription-reads": [
          "11988"
        ],
        "x-ms-correlation-request-id": [
          "490da25f-5c9e-4959-92c7-92f88a703b35"
        ],
        "x-ms-routing-request-id": [
          "WESTEUROPE:20200507T125055Z:490da25f-5c9e-4959-92c7-92f88a703b35"
        ],
        "Strict-Transport-Security": [
          "max-age=31536000; includeSubDomains"
        ],
        "X-Content-Type-Options": [
          "nosniff"
        ],
        "Date": [
          "Thu, 07 May 2020 12:50:54 GMT"
        ],
        "Content-Length": [
          "541"
        ],
        "Content-Type": [
          "application/json; charset=utf-8"
        ],
        "Expires": [
          "-1"
        ]
      },
      "ResponseBody": "{\r\n  \"id\": \"/subscriptions/947d47b4-7883-4bb9-9d85-c5e8e2f572ce/providers/Microsoft.NetApp/locations/westus2/operationResults/05bda7c8-4533-48ed-aeb5-723be7a8e07d\",\r\n  \"name\": \"05bda7c8-4533-48ed-aeb5-723be7a8e07d\",\r\n  \"status\": \"Succeeded\",\r\n  \"startTime\": \"2020-05-07T12:50:23.5248711Z\",\r\n  \"endTime\": \"2020-05-07T12:50:25.729604Z\",\r\n  \"percentComplete\": 100.0,\r\n  \"properties\": {\r\n    \"resourceName\": \"/subscriptions/947d47b4-7883-4bb9-9d85-c5e8e2f572ce/resourceGroups/ps6887/providers/Microsoft.NetApp/netAppAccounts/ps5607/capacityPools/ps2418/volumes/ps5884/snapshots/ps5372\"\r\n  }\r\n}",
      "StatusCode": 200
    },
    {
      "RequestUri": "/subscriptions/947d47b4-7883-4bb9-9d85-c5e8e2f572ce/resourceGroups/ps6887/providers/Microsoft.NetApp/netAppAccounts/ps5607/capacityPools/ps2418/volumes/ps5884/snapshots/ps5372?api-version=2019-10-01",
      "EncodedRequestUri": "L3N1YnNjcmlwdGlvbnMvOTQ3ZDQ3YjQtNzg4My00YmI5LTlkODUtYzVlOGUyZjU3MmNlL3Jlc291cmNlR3JvdXBzL3BzNjg4Ny9wcm92aWRlcnMvTWljcm9zb2Z0Lk5ldEFwcC9uZXRBcHBBY2NvdW50cy9wczU2MDcvY2FwYWNpdHlQb29scy9wczI0MTgvdm9sdW1lcy9wczU4ODQvc25hcHNob3RzL3BzNTM3Mj9hcGktdmVyc2lvbj0yMDE5LTEwLTAx",
      "RequestMethod": "GET",
      "RequestBody": "",
      "RequestHeaders": {
        "User-Agent": [
          "FxVersion/4.6.28207.03",
          "OSName/Windows",
          "OSVersion/Microsoft.Windows.10.0.18363.",
          "Microsoft.Azure.Management.NetApp.AzureNetAppFilesManagementClient/1.4.0.0"
        ]
      },
      "ResponseHeaders": {
        "Cache-Control": [
          "no-cache"
        ],
        "Pragma": [
          "no-cache"
        ],
        "x-ms-request-id": [
          "9c692e41-25a4-443d-b4d4-2eaae65d8209"
        ],
        "Request-Context": [
          "appId=cid-v1:2c4cb680-0a1f-424d-bb8d-8e650ba68d53"
        ],
        "Access-Control-Expose-Headers": [
          "Request-Context"
        ],
        "Server": [
          "Microsoft-IIS/10.0"
        ],
        "X-Powered-By": [
          "ASP.NET"
        ],
        "x-ms-ratelimit-remaining-subscription-reads": [
          "11987"
        ],
        "x-ms-correlation-request-id": [
          "364b3289-12d7-4724-9f26-4fab1ba2d282"
        ],
        "x-ms-routing-request-id": [
          "WESTEUROPE:20200507T125055Z:364b3289-12d7-4724-9f26-4fab1ba2d282"
        ],
        "Strict-Transport-Security": [
          "max-age=31536000; includeSubDomains"
        ],
        "X-Content-Type-Options": [
          "nosniff"
        ],
        "Date": [
          "Thu, 07 May 2020 12:50:55 GMT"
        ],
        "Content-Length": [
          "517"
        ],
        "Content-Type": [
          "application/json; charset=utf-8"
        ],
        "Expires": [
          "-1"
        ]
      },
      "ResponseBody": "{\r\n  \"id\": \"/subscriptions/947d47b4-7883-4bb9-9d85-c5e8e2f572ce/resourceGroups/ps6887/providers/Microsoft.NetApp/netAppAccounts/ps5607/capacityPools/ps2418/volumes/ps5884/snapshots/ps5372\",\r\n  \"name\": \"ps5607/ps2418/ps5884/ps5372\",\r\n  \"type\": \"Microsoft.NetApp/netAppAccounts/capacityPools/volumes/snapshots\",\r\n  \"location\": \"westus2\",\r\n  \"properties\": {\r\n    \"provisioningState\": \"Succeeded\",\r\n    \"snapshotId\": \"e1ea78b1-55d5-7bc2-d572-acb5482c5584\",\r\n    \"fileSystemId\": \"938cfdcf-1561-6cb5-5be1-3d7a5be5f5d3\",\r\n    \"name\": \"ps5372\",\r\n    \"created\": \"2020-05-07T12:50:23Z\"\r\n  }\r\n}",
      "StatusCode": 200
    },
    {
      "RequestUri": "/subscriptions/947d47b4-7883-4bb9-9d85-c5e8e2f572ce/resourceGroups/ps6887/providers/Microsoft.NetApp/netAppAccounts/ps5607/capacityPools/ps2418/volumes/ps5884/snapshots/ps5372?api-version=2019-10-01",
      "EncodedRequestUri": "L3N1YnNjcmlwdGlvbnMvOTQ3ZDQ3YjQtNzg4My00YmI5LTlkODUtYzVlOGUyZjU3MmNlL3Jlc291cmNlR3JvdXBzL3BzNjg4Ny9wcm92aWRlcnMvTWljcm9zb2Z0Lk5ldEFwcC9uZXRBcHBBY2NvdW50cy9wczU2MDcvY2FwYWNpdHlQb29scy9wczI0MTgvdm9sdW1lcy9wczU4ODQvc25hcHNob3RzL3BzNTM3Mj9hcGktdmVyc2lvbj0yMDE5LTEwLTAx",
      "RequestMethod": "GET",
      "RequestBody": "",
      "RequestHeaders": {
        "x-ms-client-request-id": [
          "0aec631f-9361-4197-a714-30b3f15983b2"
        ],
        "Accept-Language": [
          "en-US"
        ],
        "User-Agent": [
          "FxVersion/4.6.28207.03",
          "OSName/Windows",
          "OSVersion/Microsoft.Windows.10.0.18363.",
          "Microsoft.Azure.Management.NetApp.AzureNetAppFilesManagementClient/1.4.0.0"
        ]
      },
      "ResponseHeaders": {
        "Cache-Control": [
          "no-cache"
        ],
        "Pragma": [
          "no-cache"
        ],
        "x-ms-request-id": [
          "6b1b0592-00ce-484f-84f8-282618664dde"
        ],
        "Request-Context": [
          "appId=cid-v1:2c4cb680-0a1f-424d-bb8d-8e650ba68d53"
        ],
        "Access-Control-Expose-Headers": [
          "Request-Context"
        ],
        "Server": [
          "Microsoft-IIS/10.0"
        ],
        "X-Powered-By": [
          "ASP.NET"
        ],
        "x-ms-ratelimit-remaining-subscription-reads": [
          "11983"
        ],
        "x-ms-correlation-request-id": [
          "20203826-f0bd-4be8-952c-1aac013f38cc"
        ],
        "x-ms-routing-request-id": [
          "WESTEUROPE:20200507T125143Z:20203826-f0bd-4be8-952c-1aac013f38cc"
        ],
        "Strict-Transport-Security": [
          "max-age=31536000; includeSubDomains"
        ],
        "X-Content-Type-Options": [
          "nosniff"
        ],
        "Date": [
          "Thu, 07 May 2020 12:51:42 GMT"
        ],
        "Content-Length": [
          "517"
        ],
        "Content-Type": [
          "application/json; charset=utf-8"
        ],
        "Expires": [
          "-1"
        ]
      },
      "ResponseBody": "{\r\n  \"id\": \"/subscriptions/947d47b4-7883-4bb9-9d85-c5e8e2f572ce/resourceGroups/ps6887/providers/Microsoft.NetApp/netAppAccounts/ps5607/capacityPools/ps2418/volumes/ps5884/snapshots/ps5372\",\r\n  \"name\": \"ps5607/ps2418/ps5884/ps5372\",\r\n  \"type\": \"Microsoft.NetApp/netAppAccounts/capacityPools/volumes/snapshots\",\r\n  \"location\": \"westus2\",\r\n  \"properties\": {\r\n    \"provisioningState\": \"Succeeded\",\r\n    \"snapshotId\": \"e1ea78b1-55d5-7bc2-d572-acb5482c5584\",\r\n    \"fileSystemId\": \"938cfdcf-1561-6cb5-5be1-3d7a5be5f5d3\",\r\n    \"name\": \"ps5372\",\r\n    \"created\": \"2020-05-07T12:50:23Z\"\r\n  }\r\n}",
      "StatusCode": 200
    },
    {
      "RequestUri": "/subscriptions/947d47b4-7883-4bb9-9d85-c5e8e2f572ce/resourceGroups/ps6887/providers/Microsoft.NetApp/netAppAccounts/ps5607/capacityPools/ps2418/volumes/ps5884/snapshots/ps5372?api-version=2019-10-01",
      "EncodedRequestUri": "L3N1YnNjcmlwdGlvbnMvOTQ3ZDQ3YjQtNzg4My00YmI5LTlkODUtYzVlOGUyZjU3MmNlL3Jlc291cmNlR3JvdXBzL3BzNjg4Ny9wcm92aWRlcnMvTWljcm9zb2Z0Lk5ldEFwcC9uZXRBcHBBY2NvdW50cy9wczU2MDcvY2FwYWNpdHlQb29scy9wczI0MTgvdm9sdW1lcy9wczU4ODQvc25hcHNob3RzL3BzNTM3Mj9hcGktdmVyc2lvbj0yMDE5LTEwLTAx",
      "RequestMethod": "GET",
      "RequestBody": "",
      "RequestHeaders": {
        "x-ms-client-request-id": [
          "247bc83b-154b-4908-938a-dc9c4c296b87"
        ],
        "Accept-Language": [
          "en-US"
        ],
        "User-Agent": [
          "FxVersion/4.6.28207.03",
          "OSName/Windows",
          "OSVersion/Microsoft.Windows.10.0.18363.",
          "Microsoft.Azure.Management.NetApp.AzureNetAppFilesManagementClient/1.4.0.0"
        ]
      },
      "ResponseHeaders": {
        "Cache-Control": [
          "no-cache"
        ],
        "Pragma": [
          "no-cache"
        ],
        "x-ms-request-id": [
          "4c2f85fa-a191-48f4-bbbd-5a85454d076d"
        ],
        "Request-Context": [
          "appId=cid-v1:2c4cb680-0a1f-424d-bb8d-8e650ba68d53"
        ],
        "Access-Control-Expose-Headers": [
          "Request-Context"
        ],
        "Server": [
          "Microsoft-IIS/10.0"
        ],
        "X-Powered-By": [
          "ASP.NET"
        ],
        "x-ms-ratelimit-remaining-subscription-reads": [
          "11982"
        ],
        "x-ms-correlation-request-id": [
          "5bbb5edd-54a9-40bc-b58f-a48b6f2e35fb"
        ],
        "x-ms-routing-request-id": [
          "WESTEUROPE:20200507T125143Z:5bbb5edd-54a9-40bc-b58f-a48b6f2e35fb"
        ],
        "Strict-Transport-Security": [
          "max-age=31536000; includeSubDomains"
        ],
        "X-Content-Type-Options": [
          "nosniff"
        ],
        "Date": [
          "Thu, 07 May 2020 12:51:42 GMT"
        ],
        "Content-Length": [
          "517"
        ],
        "Content-Type": [
          "application/json; charset=utf-8"
        ],
        "Expires": [
          "-1"
        ]
      },
      "ResponseBody": "{\r\n  \"id\": \"/subscriptions/947d47b4-7883-4bb9-9d85-c5e8e2f572ce/resourceGroups/ps6887/providers/Microsoft.NetApp/netAppAccounts/ps5607/capacityPools/ps2418/volumes/ps5884/snapshots/ps5372\",\r\n  \"name\": \"ps5607/ps2418/ps5884/ps5372\",\r\n  \"type\": \"Microsoft.NetApp/netAppAccounts/capacityPools/volumes/snapshots\",\r\n  \"location\": \"westus2\",\r\n  \"properties\": {\r\n    \"provisioningState\": \"Succeeded\",\r\n    \"snapshotId\": \"e1ea78b1-55d5-7bc2-d572-acb5482c5584\",\r\n    \"fileSystemId\": \"938cfdcf-1561-6cb5-5be1-3d7a5be5f5d3\",\r\n    \"name\": \"ps5372\",\r\n    \"created\": \"2020-05-07T12:50:23Z\"\r\n  }\r\n}",
      "StatusCode": 200
    },
    {
      "RequestUri": "/subscriptions/947d47b4-7883-4bb9-9d85-c5e8e2f572ce/resourceGroups/ps6887/providers/Microsoft.NetApp/netAppAccounts/ps5607/capacityPools/ps2418/volumes/ps5884/snapshots/ps9087?api-version=2019-10-01",
      "EncodedRequestUri": "L3N1YnNjcmlwdGlvbnMvOTQ3ZDQ3YjQtNzg4My00YmI5LTlkODUtYzVlOGUyZjU3MmNlL3Jlc291cmNlR3JvdXBzL3BzNjg4Ny9wcm92aWRlcnMvTWljcm9zb2Z0Lk5ldEFwcC9uZXRBcHBBY2NvdW50cy9wczU2MDcvY2FwYWNpdHlQb29scy9wczI0MTgvdm9sdW1lcy9wczU4ODQvc25hcHNob3RzL3BzOTA4Nz9hcGktdmVyc2lvbj0yMDE5LTEwLTAx",
      "RequestMethod": "PUT",
      "RequestBody": "{\r\n  \"location\": \"westus2\"\r\n}",
      "RequestHeaders": {
        "x-ms-client-request-id": [
          "49ad7035-d1a9-4171-a453-004773494af9"
        ],
        "Accept-Language": [
          "en-US"
        ],
        "User-Agent": [
          "FxVersion/4.6.28207.03",
          "OSName/Windows",
          "OSVersion/Microsoft.Windows.10.0.18363.",
          "Microsoft.Azure.Management.NetApp.AzureNetAppFilesManagementClient/1.4.0.0"
        ],
        "Content-Type": [
          "application/json; charset=utf-8"
        ],
        "Content-Length": [
          "29"
        ]
      },
      "ResponseHeaders": {
        "Cache-Control": [
          "no-cache"
        ],
        "Pragma": [
          "no-cache"
        ],
        "Location": [
          "https://management.azure.com/subscriptions/947d47b4-7883-4bb9-9d85-c5e8e2f572ce/providers/Microsoft.NetApp/locations/westus2/operationResults/5ea2d72e-2a1e-42fb-a668-c1023c06ad35?api-version=2019-10-01&operationResultResponseType=Location"
        ],
        "x-ms-request-id": [
          "199b08b5-35d1-4356-bb19-1f972c0a02ce"
        ],
        "Azure-AsyncOperation": [
          "https://management.azure.com/subscriptions/947d47b4-7883-4bb9-9d85-c5e8e2f572ce/providers/Microsoft.NetApp/locations/westus2/operationResults/5ea2d72e-2a1e-42fb-a668-c1023c06ad35?api-version=2019-10-01"
        ],
        "Request-Context": [
          "appId=cid-v1:2c4cb680-0a1f-424d-bb8d-8e650ba68d53"
        ],
        "Access-Control-Expose-Headers": [
          "Request-Context"
        ],
        "Server": [
          "Microsoft-IIS/10.0"
        ],
        "X-Powered-By": [
          "ASP.NET"
        ],
        "x-ms-ratelimit-remaining-subscription-writes": [
          "1195"
        ],
        "x-ms-correlation-request-id": [
          "81dcf9a3-3433-47df-b736-eb19f36c6289"
        ],
        "x-ms-routing-request-id": [
          "WESTEUROPE:20200507T125111Z:81dcf9a3-3433-47df-b736-eb19f36c6289"
        ],
        "Strict-Transport-Security": [
          "max-age=31536000; includeSubDomains"
        ],
        "X-Content-Type-Options": [
          "nosniff"
        ],
        "Date": [
          "Thu, 07 May 2020 12:51:10 GMT"
        ],
        "Content-Length": [
          "431"
        ],
        "Content-Type": [
          "application/json; charset=utf-8"
        ],
        "Expires": [
          "-1"
        ]
      },
      "ResponseBody": "{\r\n  \"id\": \"/subscriptions/947d47b4-7883-4bb9-9d85-c5e8e2f572ce/resourceGroups/ps6887/providers/Microsoft.NetApp/netAppAccounts/ps5607/capacityPools/ps2418/volumes/ps5884/snapshots/ps9087\",\r\n  \"name\": \"ps5607/ps2418/ps5884/ps9087\",\r\n  \"type\": \"Microsoft.NetApp/netAppAccounts/capacityPools/volumes/snapshots\",\r\n  \"location\": \"westus2\",\r\n  \"properties\": {\r\n    \"provisioningState\": \"Creating\",\r\n    \"fileSystemId\": \"938cfdcf-1561-6cb5-5be1-3d7a5be5f5d3\",\r\n    \"name\": \"ps9087\"\r\n  }\r\n}",
      "StatusCode": 201
    },
    {
      "RequestUri": "/subscriptions/947d47b4-7883-4bb9-9d85-c5e8e2f572ce/providers/Microsoft.NetApp/locations/westus2/operationResults/5ea2d72e-2a1e-42fb-a668-c1023c06ad35?api-version=2019-10-01",
      "EncodedRequestUri": "L3N1YnNjcmlwdGlvbnMvOTQ3ZDQ3YjQtNzg4My00YmI5LTlkODUtYzVlOGUyZjU3MmNlL3Byb3ZpZGVycy9NaWNyb3NvZnQuTmV0QXBwL2xvY2F0aW9ucy93ZXN0dXMyL29wZXJhdGlvblJlc3VsdHMvNWVhMmQ3MmUtMmExZS00MmZiLWE2NjgtYzEwMjNjMDZhZDM1P2FwaS12ZXJzaW9uPTIwMTktMTAtMDE=",
      "RequestMethod": "GET",
      "RequestBody": "",
      "RequestHeaders": {
        "User-Agent": [
          "FxVersion/4.6.28207.03",
          "OSName/Windows",
          "OSVersion/Microsoft.Windows.10.0.18363.",
          "Microsoft.Azure.Management.NetApp.AzureNetAppFilesManagementClient/1.4.0.0"
        ]
      },
      "ResponseHeaders": {
        "Cache-Control": [
          "no-cache"
        ],
        "Pragma": [
          "no-cache"
        ],
        "x-ms-request-id": [
          "78cfcc4f-df2c-4b07-9e59-574fb9595f72"
        ],
        "Request-Context": [
          "appId=cid-v1:2c4cb680-0a1f-424d-bb8d-8e650ba68d53"
        ],
        "Access-Control-Expose-Headers": [
          "Request-Context"
        ],
        "x-ms-ratelimit-remaining-subscription-reads": [
          "11986"
        ],
        "Server": [
          "Microsoft-IIS/10.0"
        ],
        "X-Powered-By": [
          "ASP.NET"
        ],
        "x-ms-correlation-request-id": [
          "f5446d86-45cd-4ff3-995b-2498aa104f47"
        ],
        "x-ms-routing-request-id": [
          "WESTEUROPE:20200507T125141Z:f5446d86-45cd-4ff3-995b-2498aa104f47"
        ],
        "Strict-Transport-Security": [
          "max-age=31536000; includeSubDomains"
        ],
        "X-Content-Type-Options": [
          "nosniff"
        ],
        "Date": [
          "Thu, 07 May 2020 12:51:40 GMT"
        ],
        "Content-Length": [
          "542"
        ],
        "Content-Type": [
          "application/json; charset=utf-8"
        ],
        "Expires": [
          "-1"
        ]
      },
      "ResponseBody": "{\r\n  \"id\": \"/subscriptions/947d47b4-7883-4bb9-9d85-c5e8e2f572ce/providers/Microsoft.NetApp/locations/westus2/operationResults/5ea2d72e-2a1e-42fb-a668-c1023c06ad35\",\r\n  \"name\": \"5ea2d72e-2a1e-42fb-a668-c1023c06ad35\",\r\n  \"status\": \"Succeeded\",\r\n  \"startTime\": \"2020-05-07T12:51:09.9716889Z\",\r\n  \"endTime\": \"2020-05-07T12:51:12.3432268Z\",\r\n  \"percentComplete\": 100.0,\r\n  \"properties\": {\r\n    \"resourceName\": \"/subscriptions/947d47b4-7883-4bb9-9d85-c5e8e2f572ce/resourceGroups/ps6887/providers/Microsoft.NetApp/netAppAccounts/ps5607/capacityPools/ps2418/volumes/ps5884/snapshots/ps9087\"\r\n  }\r\n}",
      "StatusCode": 200
    },
    {
      "RequestUri": "/subscriptions/947d47b4-7883-4bb9-9d85-c5e8e2f572ce/resourceGroups/ps6887/providers/Microsoft.NetApp/netAppAccounts/ps5607/capacityPools/ps2418/volumes/ps5884/snapshots/ps9087?api-version=2019-10-01",
      "EncodedRequestUri": "L3N1YnNjcmlwdGlvbnMvOTQ3ZDQ3YjQtNzg4My00YmI5LTlkODUtYzVlOGUyZjU3MmNlL3Jlc291cmNlR3JvdXBzL3BzNjg4Ny9wcm92aWRlcnMvTWljcm9zb2Z0Lk5ldEFwcC9uZXRBcHBBY2NvdW50cy9wczU2MDcvY2FwYWNpdHlQb29scy9wczI0MTgvdm9sdW1lcy9wczU4ODQvc25hcHNob3RzL3BzOTA4Nz9hcGktdmVyc2lvbj0yMDE5LTEwLTAx",
      "RequestMethod": "GET",
      "RequestBody": "",
      "RequestHeaders": {
        "User-Agent": [
          "FxVersion/4.6.28207.03",
          "OSName/Windows",
          "OSVersion/Microsoft.Windows.10.0.18363.",
          "Microsoft.Azure.Management.NetApp.AzureNetAppFilesManagementClient/1.4.0.0"
        ]
      },
      "ResponseHeaders": {
        "Cache-Control": [
          "no-cache"
        ],
        "Pragma": [
          "no-cache"
        ],
        "x-ms-request-id": [
          "08997d3f-8e27-4c8d-9197-3752f50696eb"
        ],
        "Request-Context": [
          "appId=cid-v1:2c4cb680-0a1f-424d-bb8d-8e650ba68d53"
        ],
        "Access-Control-Expose-Headers": [
          "Request-Context"
        ],
        "Server": [
          "Microsoft-IIS/10.0"
        ],
        "X-Powered-By": [
          "ASP.NET"
        ],
        "x-ms-ratelimit-remaining-subscription-reads": [
          "11985"
        ],
        "x-ms-correlation-request-id": [
          "12630461-c7aa-4c72-82a8-d1624f0ce19a"
        ],
        "x-ms-routing-request-id": [
          "WESTEUROPE:20200507T125142Z:12630461-c7aa-4c72-82a8-d1624f0ce19a"
        ],
        "Strict-Transport-Security": [
          "max-age=31536000; includeSubDomains"
        ],
        "X-Content-Type-Options": [
          "nosniff"
        ],
        "Date": [
          "Thu, 07 May 2020 12:51:41 GMT"
        ],
        "Content-Length": [
          "517"
        ],
        "Content-Type": [
          "application/json; charset=utf-8"
        ],
        "Expires": [
          "-1"
        ]
      },
      "ResponseBody": "{\r\n  \"id\": \"/subscriptions/947d47b4-7883-4bb9-9d85-c5e8e2f572ce/resourceGroups/ps6887/providers/Microsoft.NetApp/netAppAccounts/ps5607/capacityPools/ps2418/volumes/ps5884/snapshots/ps9087\",\r\n  \"name\": \"ps5607/ps2418/ps5884/ps9087\",\r\n  \"type\": \"Microsoft.NetApp/netAppAccounts/capacityPools/volumes/snapshots\",\r\n  \"location\": \"westus2\",\r\n  \"properties\": {\r\n    \"provisioningState\": \"Succeeded\",\r\n    \"snapshotId\": \"901cc51a-2d3f-4e66-5bfa-cd403a554402\",\r\n    \"fileSystemId\": \"938cfdcf-1561-6cb5-5be1-3d7a5be5f5d3\",\r\n    \"name\": \"ps9087\",\r\n    \"created\": \"2020-05-07T12:51:10Z\"\r\n  }\r\n}",
      "StatusCode": 200
    },
    {
      "RequestUri": "/subscriptions/947d47b4-7883-4bb9-9d85-c5e8e2f572ce/resourceGroups/ps6887/providers/Microsoft.NetApp/netAppAccounts/ps5607/capacityPools/ps2418/volumes/ps5884/snapshots?api-version=2019-10-01",
      "EncodedRequestUri": "L3N1YnNjcmlwdGlvbnMvOTQ3ZDQ3YjQtNzg4My00YmI5LTlkODUtYzVlOGUyZjU3MmNlL3Jlc291cmNlR3JvdXBzL3BzNjg4Ny9wcm92aWRlcnMvTWljcm9zb2Z0Lk5ldEFwcC9uZXRBcHBBY2NvdW50cy9wczU2MDcvY2FwYWNpdHlQb29scy9wczI0MTgvdm9sdW1lcy9wczU4ODQvc25hcHNob3RzP2FwaS12ZXJzaW9uPTIwMTktMTAtMDE=",
      "RequestMethod": "GET",
      "RequestBody": "",
      "RequestHeaders": {
        "x-ms-client-request-id": [
          "816941d6-cee3-4ce9-8b90-4baf54c91a1c"
        ],
        "Accept-Language": [
          "en-US"
        ],
        "User-Agent": [
          "FxVersion/4.6.28207.03",
          "OSName/Windows",
          "OSVersion/Microsoft.Windows.10.0.18363.",
          "Microsoft.Azure.Management.NetApp.AzureNetAppFilesManagementClient/1.4.0.0"
        ]
      },
      "ResponseHeaders": {
        "Cache-Control": [
          "no-cache"
        ],
        "Pragma": [
          "no-cache"
        ],
        "x-ms-request-id": [
          "80d8d666-de1e-4976-94cd-584b446e8fcd"
        ],
        "Request-Context": [
          "appId=cid-v1:2c4cb680-0a1f-424d-bb8d-8e650ba68d53"
        ],
        "Access-Control-Expose-Headers": [
          "Request-Context"
        ],
        "Server": [
          "Microsoft-IIS/10.0"
        ],
        "X-Powered-By": [
          "ASP.NET"
        ],
        "x-ms-ratelimit-remaining-subscription-reads": [
          "11984"
        ],
        "x-ms-correlation-request-id": [
          "de6a7f1b-f1f1-4697-86ec-a722463ca329"
        ],
        "x-ms-routing-request-id": [
          "WESTEUROPE:20200507T125142Z:de6a7f1b-f1f1-4697-86ec-a722463ca329"
        ],
        "Strict-Transport-Security": [
          "max-age=31536000; includeSubDomains"
        ],
        "X-Content-Type-Options": [
          "nosniff"
        ],
        "Date": [
          "Thu, 07 May 2020 12:51:41 GMT"
        ],
        "Content-Length": [
          "1047"
        ],
        "Content-Type": [
          "application/json; charset=utf-8"
        ],
        "Expires": [
          "-1"
        ]
      },
      "ResponseBody": "{\r\n  \"value\": [\r\n    {\r\n      \"id\": \"/subscriptions/947d47b4-7883-4bb9-9d85-c5e8e2f572ce/resourceGroups/ps6887/providers/Microsoft.NetApp/netAppAccounts/ps5607/capacityPools/ps2418/volumes/ps5884/snapshots/ps5372\",\r\n      \"name\": \"ps5607/ps2418/ps5884/ps5372\",\r\n      \"type\": \"Microsoft.NetApp/netAppAccounts/capacityPools/volumes/snapshots\",\r\n      \"location\": \"westus2\",\r\n      \"properties\": {\r\n        \"provisioningState\": \"Succeeded\",\r\n        \"snapshotId\": \"e1ea78b1-55d5-7bc2-d572-acb5482c5584\",\r\n        \"fileSystemId\": \"938cfdcf-1561-6cb5-5be1-3d7a5be5f5d3\",\r\n        \"name\": \"ps5372\",\r\n        \"created\": \"2020-05-07T12:50:23Z\"\r\n      }\r\n    },\r\n    {\r\n      \"id\": \"/subscriptions/947d47b4-7883-4bb9-9d85-c5e8e2f572ce/resourceGroups/ps6887/providers/Microsoft.NetApp/netAppAccounts/ps5607/capacityPools/ps2418/volumes/ps5884/snapshots/ps9087\",\r\n      \"name\": \"ps5607/ps2418/ps5884/ps9087\",\r\n      \"type\": \"Microsoft.NetApp/netAppAccounts/capacityPools/volumes/snapshots\",\r\n      \"location\": \"westus2\",\r\n      \"properties\": {\r\n        \"provisioningState\": \"Succeeded\",\r\n        \"snapshotId\": \"901cc51a-2d3f-4e66-5bfa-cd403a554402\",\r\n        \"fileSystemId\": \"938cfdcf-1561-6cb5-5be1-3d7a5be5f5d3\",\r\n        \"name\": \"ps9087\",\r\n        \"created\": \"2020-05-07T12:51:10Z\"\r\n      }\r\n    }\r\n  ]\r\n}",
      "StatusCode": 200
    },
    {
      "RequestUri": "/subscriptions/947d47b4-7883-4bb9-9d85-c5e8e2f572ce/resourceGroups/ps6887/providers/Microsoft.NetApp/netAppAccounts/ps5607/capacityPools/ps2418/volumes/ps5884/snapshots?api-version=2019-10-01",
      "EncodedRequestUri": "L3N1YnNjcmlwdGlvbnMvOTQ3ZDQ3YjQtNzg4My00YmI5LTlkODUtYzVlOGUyZjU3MmNlL3Jlc291cmNlR3JvdXBzL3BzNjg4Ny9wcm92aWRlcnMvTWljcm9zb2Z0Lk5ldEFwcC9uZXRBcHBBY2NvdW50cy9wczU2MDcvY2FwYWNpdHlQb29scy9wczI0MTgvdm9sdW1lcy9wczU4ODQvc25hcHNob3RzP2FwaS12ZXJzaW9uPTIwMTktMTAtMDE=",
      "RequestMethod": "GET",
      "RequestBody": "",
      "RequestHeaders": {
        "x-ms-client-request-id": [
          "dbb1ced7-580f-4983-99d2-383b902c0fc8"
        ],
        "Accept-Language": [
          "en-US"
        ],
        "User-Agent": [
          "FxVersion/4.6.28207.03",
          "OSName/Windows",
          "OSVersion/Microsoft.Windows.10.0.18363.",
          "Microsoft.Azure.Management.NetApp.AzureNetAppFilesManagementClient/1.4.0.0"
        ]
      },
      "ResponseHeaders": {
        "Cache-Control": [
          "no-cache"
        ],
        "Pragma": [
          "no-cache"
        ],
        "x-ms-request-id": [
          "14c75b84-de25-4386-84c7-ad10cc5364aa"
        ],
        "Request-Context": [
          "appId=cid-v1:2c4cb680-0a1f-424d-bb8d-8e650ba68d53"
        ],
        "Access-Control-Expose-Headers": [
          "Request-Context"
        ],
        "Server": [
          "Microsoft-IIS/10.0"
        ],
        "X-Powered-By": [
          "ASP.NET"
        ],
        "x-ms-ratelimit-remaining-subscription-reads": [
          "11977"
        ],
        "x-ms-correlation-request-id": [
          "d86a0515-e958-4fb6-8484-5f3ce37c4108"
        ],
        "x-ms-routing-request-id": [
          "WESTEUROPE:20200507T125247Z:d86a0515-e958-4fb6-8484-5f3ce37c4108"
        ],
        "Strict-Transport-Security": [
          "max-age=31536000; includeSubDomains"
        ],
        "X-Content-Type-Options": [
          "nosniff"
        ],
        "Date": [
          "Thu, 07 May 2020 12:52:46 GMT"
        ],
        "Content-Length": [
          "12"
        ],
        "Content-Type": [
          "application/json; charset=utf-8"
        ],
        "Expires": [
          "-1"
        ]
      },
      "ResponseBody": "{\r\n  \"value\": []\r\n}",
      "StatusCode": 200
    },
    {
      "RequestUri": "/subscriptions/947d47b4-7883-4bb9-9d85-c5e8e2f572ce/resourceGroups/ps6887/providers/Microsoft.NetApp/netAppAccounts/ps5607/capacityPools/ps2418/volumes/ps5884/snapshots/ps5372?api-version=2019-10-01",
      "EncodedRequestUri": "L3N1YnNjcmlwdGlvbnMvOTQ3ZDQ3YjQtNzg4My00YmI5LTlkODUtYzVlOGUyZjU3MmNlL3Jlc291cmNlR3JvdXBzL3BzNjg4Ny9wcm92aWRlcnMvTWljcm9zb2Z0Lk5ldEFwcC9uZXRBcHBBY2NvdW50cy9wczU2MDcvY2FwYWNpdHlQb29scy9wczI0MTgvdm9sdW1lcy9wczU4ODQvc25hcHNob3RzL3BzNTM3Mj9hcGktdmVyc2lvbj0yMDE5LTEwLTAx",
      "RequestMethod": "DELETE",
      "RequestBody": "",
      "RequestHeaders": {
        "x-ms-client-request-id": [
          "815e2c7b-23fc-4762-9559-9918d14a7360"
        ],
        "Accept-Language": [
          "en-US"
        ],
        "User-Agent": [
          "FxVersion/4.6.28207.03",
          "OSName/Windows",
          "OSVersion/Microsoft.Windows.10.0.18363.",
          "Microsoft.Azure.Management.NetApp.AzureNetAppFilesManagementClient/1.4.0.0"
        ]
      },
      "ResponseHeaders": {
        "Cache-Control": [
          "no-cache"
        ],
        "Pragma": [
          "no-cache"
        ],
        "Location": [
          "https://management.azure.com/subscriptions/947d47b4-7883-4bb9-9d85-c5e8e2f572ce/providers/Microsoft.NetApp/locations/westus2/operationResults/a62f2a6b-2026-4d64-9477-da694ee0dc27?api-version=2019-10-01&operationResultResponseType=Location"
        ],
        "x-ms-request-id": [
          "6d802d8a-c5b8-4dc7-a2eb-6760f619e9fd"
        ],
        "Azure-AsyncOperation": [
          "https://management.azure.com/subscriptions/947d47b4-7883-4bb9-9d85-c5e8e2f572ce/providers/Microsoft.NetApp/locations/westus2/operationResults/a62f2a6b-2026-4d64-9477-da694ee0dc27?api-version=2019-10-01"
        ],
        "Request-Context": [
          "appId=cid-v1:2c4cb680-0a1f-424d-bb8d-8e650ba68d53"
        ],
        "Access-Control-Expose-Headers": [
          "Request-Context"
        ],
        "Server": [
          "Microsoft-IIS/10.0"
        ],
        "X-Powered-By": [
          "ASP.NET"
        ],
        "x-ms-ratelimit-remaining-subscription-deletes": [
          "14999"
        ],
        "x-ms-correlation-request-id": [
          "1087046b-1844-4047-9ca9-9b011f39c3b9"
        ],
        "x-ms-routing-request-id": [
          "WESTEUROPE:20200507T125144Z:1087046b-1844-4047-9ca9-9b011f39c3b9"
        ],
        "Strict-Transport-Security": [
          "max-age=31536000; includeSubDomains"
        ],
        "X-Content-Type-Options": [
          "nosniff"
        ],
        "Date": [
          "Thu, 07 May 2020 12:51:43 GMT"
        ],
        "Expires": [
          "-1"
        ],
        "Content-Length": [
          "0"
        ]
      },
      "ResponseBody": "",
      "StatusCode": 202
    },
    {
      "RequestUri": "/subscriptions/947d47b4-7883-4bb9-9d85-c5e8e2f572ce/providers/Microsoft.NetApp/locations/westus2/operationResults/a62f2a6b-2026-4d64-9477-da694ee0dc27?api-version=2019-10-01",
      "EncodedRequestUri": "L3N1YnNjcmlwdGlvbnMvOTQ3ZDQ3YjQtNzg4My00YmI5LTlkODUtYzVlOGUyZjU3MmNlL3Byb3ZpZGVycy9NaWNyb3NvZnQuTmV0QXBwL2xvY2F0aW9ucy93ZXN0dXMyL29wZXJhdGlvblJlc3VsdHMvYTYyZjJhNmItMjAyNi00ZDY0LTk0NzctZGE2OTRlZTBkYzI3P2FwaS12ZXJzaW9uPTIwMTktMTAtMDE=",
      "RequestMethod": "GET",
      "RequestBody": "",
      "RequestHeaders": {
        "User-Agent": [
          "FxVersion/4.6.28207.03",
          "OSName/Windows",
          "OSVersion/Microsoft.Windows.10.0.18363.",
          "Microsoft.Azure.Management.NetApp.AzureNetAppFilesManagementClient/1.4.0.0"
        ]
      },
      "ResponseHeaders": {
        "Cache-Control": [
          "no-cache"
        ],
        "Pragma": [
          "no-cache"
        ],
        "x-ms-request-id": [
          "10b01900-1b6c-40dd-82a3-10d14a2bcd4a"
        ],
        "Request-Context": [
          "appId=cid-v1:2c4cb680-0a1f-424d-bb8d-8e650ba68d53"
        ],
        "Access-Control-Expose-Headers": [
          "Request-Context"
        ],
        "Server": [
          "Microsoft-IIS/10.0"
        ],
        "X-Powered-By": [
          "ASP.NET"
        ],
        "x-ms-ratelimit-remaining-subscription-reads": [
          "11981"
        ],
        "x-ms-correlation-request-id": [
          "90a4630b-f228-4da5-a9cf-131c870637bc"
        ],
        "x-ms-routing-request-id": [
          "WESTEUROPE:20200507T125214Z:90a4630b-f228-4da5-a9cf-131c870637bc"
        ],
        "Strict-Transport-Security": [
          "max-age=31536000; includeSubDomains"
        ],
        "X-Content-Type-Options": [
          "nosniff"
        ],
        "Date": [
          "Thu, 07 May 2020 12:52:14 GMT"
        ],
        "Content-Length": [
          "542"
        ],
        "Content-Type": [
          "application/json; charset=utf-8"
        ],
        "Expires": [
          "-1"
        ]
      },
      "ResponseBody": "{\r\n  \"id\": \"/subscriptions/947d47b4-7883-4bb9-9d85-c5e8e2f572ce/providers/Microsoft.NetApp/locations/westus2/operationResults/a62f2a6b-2026-4d64-9477-da694ee0dc27\",\r\n  \"name\": \"a62f2a6b-2026-4d64-9477-da694ee0dc27\",\r\n  \"status\": \"Succeeded\",\r\n  \"startTime\": \"2020-05-07T12:51:44.2039473Z\",\r\n  \"endTime\": \"2020-05-07T12:51:47.1826985Z\",\r\n  \"percentComplete\": 100.0,\r\n  \"properties\": {\r\n    \"resourceName\": \"/subscriptions/947d47b4-7883-4bb9-9d85-c5e8e2f572ce/resourceGroups/ps6887/providers/Microsoft.NetApp/netAppAccounts/ps5607/capacityPools/ps2418/volumes/ps5884/snapshots/ps5372\"\r\n  }\r\n}",
      "StatusCode": 200
    },
    {
      "RequestUri": "/subscriptions/947d47b4-7883-4bb9-9d85-c5e8e2f572ce/providers/Microsoft.NetApp/locations/westus2/operationResults/a62f2a6b-2026-4d64-9477-da694ee0dc27?api-version=2019-10-01&operationResultResponseType=Location",
      "EncodedRequestUri": "L3N1YnNjcmlwdGlvbnMvOTQ3ZDQ3YjQtNzg4My00YmI5LTlkODUtYzVlOGUyZjU3MmNlL3Byb3ZpZGVycy9NaWNyb3NvZnQuTmV0QXBwL2xvY2F0aW9ucy93ZXN0dXMyL29wZXJhdGlvblJlc3VsdHMvYTYyZjJhNmItMjAyNi00ZDY0LTk0NzctZGE2OTRlZTBkYzI3P2FwaS12ZXJzaW9uPTIwMTktMTAtMDEmb3BlcmF0aW9uUmVzdWx0UmVzcG9uc2VUeXBlPUxvY2F0aW9u",
      "RequestMethod": "GET",
      "RequestBody": "",
      "RequestHeaders": {
        "User-Agent": [
          "FxVersion/4.6.28207.03",
          "OSName/Windows",
          "OSVersion/Microsoft.Windows.10.0.18363.",
          "Microsoft.Azure.Management.NetApp.AzureNetAppFilesManagementClient/1.4.0.0"
        ]
      },
      "ResponseHeaders": {
        "Cache-Control": [
          "no-cache"
        ],
        "Pragma": [
          "no-cache"
        ],
        "x-ms-request-id": [
          "5e8bf61c-599e-4579-8da2-aa3bfc7fc5b6"
        ],
        "Request-Context": [
          "appId=cid-v1:2c4cb680-0a1f-424d-bb8d-8e650ba68d53"
        ],
        "Access-Control-Expose-Headers": [
          "Request-Context"
        ],
        "Server": [
          "Microsoft-IIS/10.0"
        ],
        "X-Powered-By": [
          "ASP.NET"
        ],
        "x-ms-ratelimit-remaining-subscription-reads": [
          "11980"
        ],
        "x-ms-correlation-request-id": [
          "6789f43a-30c0-48bd-88b4-a7ffefde6c8d"
        ],
        "x-ms-routing-request-id": [
          "WESTEUROPE:20200507T125214Z:6789f43a-30c0-48bd-88b4-a7ffefde6c8d"
        ],
        "Strict-Transport-Security": [
          "max-age=31536000; includeSubDomains"
        ],
        "X-Content-Type-Options": [
          "nosniff"
        ],
        "Date": [
          "Thu, 07 May 2020 12:52:14 GMT"
        ],
        "Content-Length": [
          "315"
        ],
        "Content-Type": [
          "application/json; charset=utf-8"
        ],
        "Expires": [
          "-1"
        ]
      },
      "ResponseBody": "{\r\n  \"id\": \"/subscriptions/947d47b4-7883-4bb9-9d85-c5e8e2f572ce/resourceGroups/ps6887/providers/Microsoft.NetApp/netAppAccounts/ps5607/capacityPools/ps2418/volumes/ps5884/snapshots/ps5372\",\r\n  \"name\": \"ps5607/ps2418/ps5884/ps5372\",\r\n  \"type\": \"Microsoft.NetApp/netAppAccounts/capacityPools/volumes/snapshots\",\r\n  \"location\": \"westus2\"\r\n}",
      "StatusCode": 200
    },
    {
      "RequestUri": "/subscriptions/947d47b4-7883-4bb9-9d85-c5e8e2f572ce/resourceGroups/ps6887/providers/Microsoft.NetApp/netAppAccounts/ps5607/capacityPools/ps2418/volumes/ps5884/snapshots/ps9087?api-version=2019-10-01",
      "EncodedRequestUri": "L3N1YnNjcmlwdGlvbnMvOTQ3ZDQ3YjQtNzg4My00YmI5LTlkODUtYzVlOGUyZjU3MmNlL3Jlc291cmNlR3JvdXBzL3BzNjg4Ny9wcm92aWRlcnMvTWljcm9zb2Z0Lk5ldEFwcC9uZXRBcHBBY2NvdW50cy9wczU2MDcvY2FwYWNpdHlQb29scy9wczI0MTgvdm9sdW1lcy9wczU4ODQvc25hcHNob3RzL3BzOTA4Nz9hcGktdmVyc2lvbj0yMDE5LTEwLTAx",
      "RequestMethod": "DELETE",
      "RequestBody": "",
      "RequestHeaders": {
        "x-ms-client-request-id": [
          "8c7b5e76-dca4-4942-b5c1-d8a8a16b7599"
        ],
        "Accept-Language": [
          "en-US"
        ],
        "User-Agent": [
          "FxVersion/4.6.28207.03",
          "OSName/Windows",
          "OSVersion/Microsoft.Windows.10.0.18363.",
          "Microsoft.Azure.Management.NetApp.AzureNetAppFilesManagementClient/1.4.0.0"
        ]
      },
      "ResponseHeaders": {
        "Cache-Control": [
          "no-cache"
        ],
        "Pragma": [
          "no-cache"
        ],
        "Location": [
          "https://management.azure.com/subscriptions/947d47b4-7883-4bb9-9d85-c5e8e2f572ce/providers/Microsoft.NetApp/locations/westus2/operationResults/d550a74d-f403-48f5-a515-ca7618602be8?api-version=2019-10-01&operationResultResponseType=Location"
        ],
        "x-ms-request-id": [
          "1317d179-42b1-41ab-95eb-b1c03eeba0b4"
        ],
        "Azure-AsyncOperation": [
          "https://management.azure.com/subscriptions/947d47b4-7883-4bb9-9d85-c5e8e2f572ce/providers/Microsoft.NetApp/locations/westus2/operationResults/d550a74d-f403-48f5-a515-ca7618602be8?api-version=2019-10-01"
        ],
        "Request-Context": [
          "appId=cid-v1:2c4cb680-0a1f-424d-bb8d-8e650ba68d53"
        ],
        "Access-Control-Expose-Headers": [
          "Request-Context"
        ],
        "Server": [
          "Microsoft-IIS/10.0"
        ],
        "X-Powered-By": [
          "ASP.NET"
        ],
        "x-ms-ratelimit-remaining-subscription-deletes": [
          "14998"
        ],
        "x-ms-correlation-request-id": [
          "b28d0c1b-d19c-436b-990c-e10d4f095cce"
        ],
        "x-ms-routing-request-id": [
          "WESTEUROPE:20200507T125215Z:b28d0c1b-d19c-436b-990c-e10d4f095cce"
        ],
        "Strict-Transport-Security": [
          "max-age=31536000; includeSubDomains"
        ],
        "X-Content-Type-Options": [
          "nosniff"
        ],
        "Date": [
          "Thu, 07 May 2020 12:52:15 GMT"
        ],
        "Expires": [
          "-1"
        ],
        "Content-Length": [
          "0"
        ]
      },
      "ResponseBody": "",
      "StatusCode": 202
    },
    {
      "RequestUri": "/subscriptions/947d47b4-7883-4bb9-9d85-c5e8e2f572ce/providers/Microsoft.NetApp/locations/westus2/operationResults/d550a74d-f403-48f5-a515-ca7618602be8?api-version=2019-10-01",
      "EncodedRequestUri": "L3N1YnNjcmlwdGlvbnMvOTQ3ZDQ3YjQtNzg4My00YmI5LTlkODUtYzVlOGUyZjU3MmNlL3Byb3ZpZGVycy9NaWNyb3NvZnQuTmV0QXBwL2xvY2F0aW9ucy93ZXN0dXMyL29wZXJhdGlvblJlc3VsdHMvZDU1MGE3NGQtZjQwMy00OGY1LWE1MTUtY2E3NjE4NjAyYmU4P2FwaS12ZXJzaW9uPTIwMTktMTAtMDE=",
      "RequestMethod": "GET",
      "RequestBody": "",
      "RequestHeaders": {
        "User-Agent": [
          "FxVersion/4.6.28207.03",
          "OSName/Windows",
          "OSVersion/Microsoft.Windows.10.0.18363.",
          "Microsoft.Azure.Management.NetApp.AzureNetAppFilesManagementClient/1.4.0.0"
        ]
      },
      "ResponseHeaders": {
        "Cache-Control": [
          "no-cache"
        ],
        "Pragma": [
          "no-cache"
        ],
        "x-ms-request-id": [
          "2c3fb15d-fd45-41c6-8973-327c8bb190a0"
        ],
        "Request-Context": [
          "appId=cid-v1:2c4cb680-0a1f-424d-bb8d-8e650ba68d53"
        ],
        "Access-Control-Expose-Headers": [
          "Request-Context"
        ],
        "x-ms-ratelimit-remaining-subscription-reads": [
          "11979"
        ],
        "Server": [
          "Microsoft-IIS/10.0"
        ],
        "X-Powered-By": [
          "ASP.NET"
        ],
        "x-ms-correlation-request-id": [
          "f0f1f9ba-2bea-486d-8a3a-4620b2d34e4b"
        ],
        "x-ms-routing-request-id": [
          "WESTEUROPE:20200507T125245Z:f0f1f9ba-2bea-486d-8a3a-4620b2d34e4b"
        ],
        "Strict-Transport-Security": [
          "max-age=31536000; includeSubDomains"
        ],
        "X-Content-Type-Options": [
          "nosniff"
        ],
        "Date": [
          "Thu, 07 May 2020 12:52:45 GMT"
        ],
        "Content-Length": [
          "542"
        ],
        "Content-Type": [
          "application/json; charset=utf-8"
        ],
        "Expires": [
          "-1"
        ]
      },
      "ResponseBody": "{\r\n  \"id\": \"/subscriptions/947d47b4-7883-4bb9-9d85-c5e8e2f572ce/providers/Microsoft.NetApp/locations/westus2/operationResults/d550a74d-f403-48f5-a515-ca7618602be8\",\r\n  \"name\": \"d550a74d-f403-48f5-a515-ca7618602be8\",\r\n  \"status\": \"Succeeded\",\r\n  \"startTime\": \"2020-05-07T12:52:15.4088314Z\",\r\n  \"endTime\": \"2020-05-07T12:52:17.9651038Z\",\r\n  \"percentComplete\": 100.0,\r\n  \"properties\": {\r\n    \"resourceName\": \"/subscriptions/947d47b4-7883-4bb9-9d85-c5e8e2f572ce/resourceGroups/ps6887/providers/Microsoft.NetApp/netAppAccounts/ps5607/capacityPools/ps2418/volumes/ps5884/snapshots/ps9087\"\r\n  }\r\n}",
      "StatusCode": 200
    },
    {
      "RequestUri": "/subscriptions/947d47b4-7883-4bb9-9d85-c5e8e2f572ce/providers/Microsoft.NetApp/locations/westus2/operationResults/d550a74d-f403-48f5-a515-ca7618602be8?api-version=2019-10-01&operationResultResponseType=Location",
      "EncodedRequestUri": "L3N1YnNjcmlwdGlvbnMvOTQ3ZDQ3YjQtNzg4My00YmI5LTlkODUtYzVlOGUyZjU3MmNlL3Byb3ZpZGVycy9NaWNyb3NvZnQuTmV0QXBwL2xvY2F0aW9ucy93ZXN0dXMyL29wZXJhdGlvblJlc3VsdHMvZDU1MGE3NGQtZjQwMy00OGY1LWE1MTUtY2E3NjE4NjAyYmU4P2FwaS12ZXJzaW9uPTIwMTktMTAtMDEmb3BlcmF0aW9uUmVzdWx0UmVzcG9uc2VUeXBlPUxvY2F0aW9u",
      "RequestMethod": "GET",
      "RequestBody": "",
      "RequestHeaders": {
        "User-Agent": [
          "FxVersion/4.6.28207.03",
          "OSName/Windows",
          "OSVersion/Microsoft.Windows.10.0.18363.",
          "Microsoft.Azure.Management.NetApp.AzureNetAppFilesManagementClient/1.4.0.0"
        ]
      },
      "ResponseHeaders": {
        "Cache-Control": [
          "no-cache"
        ],
        "Pragma": [
          "no-cache"
        ],
        "x-ms-request-id": [
          "7a4852a3-095a-4b27-996f-09e381070515"
        ],
        "Request-Context": [
          "appId=cid-v1:2c4cb680-0a1f-424d-bb8d-8e650ba68d53"
        ],
        "Access-Control-Expose-Headers": [
          "Request-Context"
        ],
        "Server": [
          "Microsoft-IIS/10.0"
        ],
        "X-Powered-By": [
          "ASP.NET"
        ],
        "x-ms-ratelimit-remaining-subscription-reads": [
          "11978"
        ],
        "x-ms-correlation-request-id": [
          "415ca555-8124-4f5e-8ae0-391711381cbf"
        ],
        "x-ms-routing-request-id": [
          "WESTEUROPE:20200507T125247Z:415ca555-8124-4f5e-8ae0-391711381cbf"
        ],
        "Strict-Transport-Security": [
          "max-age=31536000; includeSubDomains"
        ],
        "X-Content-Type-Options": [
          "nosniff"
        ],
        "Date": [
          "Thu, 07 May 2020 12:52:46 GMT"
        ],
        "Content-Length": [
          "315"
        ],
        "Content-Type": [
          "application/json; charset=utf-8"
        ],
        "Expires": [
          "-1"
        ]
      },
      "ResponseBody": "{\r\n  \"id\": \"/subscriptions/947d47b4-7883-4bb9-9d85-c5e8e2f572ce/resourceGroups/ps6887/providers/Microsoft.NetApp/netAppAccounts/ps5607/capacityPools/ps2418/volumes/ps5884/snapshots/ps9087\",\r\n  \"name\": \"ps5607/ps2418/ps5884/ps9087\",\r\n  \"type\": \"Microsoft.NetApp/netAppAccounts/capacityPools/volumes/snapshots\",\r\n  \"location\": \"westus2\"\r\n}",
      "StatusCode": 200
    },
    {
      "RequestUri": "/subscriptions/947d47b4-7883-4bb9-9d85-c5e8e2f572ce/resourcegroups/ps6887?api-version=2016-09-01",
      "EncodedRequestUri": "L3N1YnNjcmlwdGlvbnMvOTQ3ZDQ3YjQtNzg4My00YmI5LTlkODUtYzVlOGUyZjU3MmNlL3Jlc291cmNlZ3JvdXBzL3BzNjg4Nz9hcGktdmVyc2lvbj0yMDE2LTA5LTAx",
      "RequestMethod": "DELETE",
      "RequestBody": "",
      "RequestHeaders": {
        "x-ms-client-request-id": [
          "046b249d-72e2-45e0-9688-a184487b65a2"
        ],
        "Accept-Language": [
          "en-US"
        ],
        "User-Agent": [
          "FxVersion/4.6.28207.03",
          "OSName/Windows",
          "OSVersion/Microsoft.Windows.10.0.18363.",
          "Microsoft.Azure.Management.Internal.Resources.ResourceManagementClient/1.3.13"
        ]
      },
      "ResponseHeaders": {
        "Cache-Control": [
          "no-cache"
        ],
        "Pragma": [
          "no-cache"
        ],
        "Location": [
          "https://management.azure.com/subscriptions/947d47b4-7883-4bb9-9d85-c5e8e2f572ce/operationresults/eyJqb2JJZCI6IlJFU09VUkNFR1JPVVBERUxFVElPTkpPQi1QUzY4ODctV0VTVFVTMiIsImpvYkxvY2F0aW9uIjoid2VzdHVzMiJ9?api-version=2016-09-01"
        ],
        "Retry-After": [
          "15"
        ],
        "x-ms-ratelimit-remaining-subscription-deletes": [
          "14999"
        ],
        "x-ms-request-id": [
          "0c7df930-0410-4fc1-a992-8d0bc474afe0"
        ],
        "x-ms-correlation-request-id": [
          "0c7df930-0410-4fc1-a992-8d0bc474afe0"
        ],
        "x-ms-routing-request-id": [
          "WESTEUROPE:20200507T125251Z:0c7df930-0410-4fc1-a992-8d0bc474afe0"
        ],
        "Strict-Transport-Security": [
          "max-age=31536000; includeSubDomains"
        ],
        "X-Content-Type-Options": [
          "nosniff"
        ],
        "Date": [
          "Thu, 07 May 2020 12:52:50 GMT"
        ],
        "Expires": [
          "-1"
        ],
        "Content-Length": [
          "0"
        ]
      },
      "ResponseBody": "",
      "StatusCode": 202
    },
    {
      "RequestUri": "/subscriptions/947d47b4-7883-4bb9-9d85-c5e8e2f572ce/operationresults/eyJqb2JJZCI6IlJFU09VUkNFR1JPVVBERUxFVElPTkpPQi1QUzY4ODctV0VTVFVTMiIsImpvYkxvY2F0aW9uIjoid2VzdHVzMiJ9?api-version=2016-09-01",
      "EncodedRequestUri": "L3N1YnNjcmlwdGlvbnMvOTQ3ZDQ3YjQtNzg4My00YmI5LTlkODUtYzVlOGUyZjU3MmNlL29wZXJhdGlvbnJlc3VsdHMvZXlKcWIySkpaQ0k2SWxKRlUwOVZVa05GUjFKUFZWQkVSVXhGVkVsUFRrcFBRaTFRVXpZNE9EY3RWMFZUVkZWVE1pSXNJbXB2WWt4dlkyRjBhVzl1SWpvaWQyVnpkSFZ6TWlKOT9hcGktdmVyc2lvbj0yMDE2LTA5LTAx",
      "RequestMethod": "GET",
      "RequestBody": "",
      "RequestHeaders": {
        "User-Agent": [
          "FxVersion/4.6.28207.03",
          "OSName/Windows",
          "OSVersion/Microsoft.Windows.10.0.18363.",
          "Microsoft.Azure.Management.Internal.Resources.ResourceManagementClient/1.3.13"
        ]
      },
      "ResponseHeaders": {
        "Cache-Control": [
          "no-cache"
        ],
        "Pragma": [
          "no-cache"
        ],
        "Location": [
          "https://management.azure.com/subscriptions/947d47b4-7883-4bb9-9d85-c5e8e2f572ce/operationresults/eyJqb2JJZCI6IlJFU09VUkNFR1JPVVBERUxFVElPTkpPQi1QUzY4ODctV0VTVFVTMiIsImpvYkxvY2F0aW9uIjoid2VzdHVzMiJ9?api-version=2016-09-01"
        ],
        "Retry-After": [
          "15"
        ],
        "x-ms-ratelimit-remaining-subscription-reads": [
          "11999"
        ],
        "x-ms-request-id": [
          "c87a2b21-c725-4b3e-bd9c-d8cac14fb68e"
        ],
        "x-ms-correlation-request-id": [
          "c87a2b21-c725-4b3e-bd9c-d8cac14fb68e"
        ],
        "x-ms-routing-request-id": [
          "WESTEUROPE:20200507T125306Z:c87a2b21-c725-4b3e-bd9c-d8cac14fb68e"
        ],
        "Strict-Transport-Security": [
          "max-age=31536000; includeSubDomains"
        ],
        "X-Content-Type-Options": [
          "nosniff"
        ],
        "Date": [
          "Thu, 07 May 2020 12:53:05 GMT"
        ],
        "Expires": [
          "-1"
        ],
        "Content-Length": [
          "0"
        ]
      },
      "ResponseBody": "",
      "StatusCode": 202
    },
    {
      "RequestUri": "/subscriptions/947d47b4-7883-4bb9-9d85-c5e8e2f572ce/operationresults/eyJqb2JJZCI6IlJFU09VUkNFR1JPVVBERUxFVElPTkpPQi1QUzY4ODctV0VTVFVTMiIsImpvYkxvY2F0aW9uIjoid2VzdHVzMiJ9?api-version=2016-09-01",
      "EncodedRequestUri": "L3N1YnNjcmlwdGlvbnMvOTQ3ZDQ3YjQtNzg4My00YmI5LTlkODUtYzVlOGUyZjU3MmNlL29wZXJhdGlvbnJlc3VsdHMvZXlKcWIySkpaQ0k2SWxKRlUwOVZVa05GUjFKUFZWQkVSVXhGVkVsUFRrcFBRaTFRVXpZNE9EY3RWMFZUVkZWVE1pSXNJbXB2WWt4dlkyRjBhVzl1SWpvaWQyVnpkSFZ6TWlKOT9hcGktdmVyc2lvbj0yMDE2LTA5LTAx",
      "RequestMethod": "GET",
      "RequestBody": "",
      "RequestHeaders": {
        "User-Agent": [
          "FxVersion/4.6.28207.03",
          "OSName/Windows",
          "OSVersion/Microsoft.Windows.10.0.18363.",
          "Microsoft.Azure.Management.Internal.Resources.ResourceManagementClient/1.3.13"
        ]
      },
      "ResponseHeaders": {
        "Cache-Control": [
          "no-cache"
        ],
        "Pragma": [
          "no-cache"
        ],
        "Location": [
          "https://management.azure.com/subscriptions/947d47b4-7883-4bb9-9d85-c5e8e2f572ce/operationresults/eyJqb2JJZCI6IlJFU09VUkNFR1JPVVBERUxFVElPTkpPQi1QUzY4ODctV0VTVFVTMiIsImpvYkxvY2F0aW9uIjoid2VzdHVzMiJ9?api-version=2016-09-01"
        ],
        "Retry-After": [
          "15"
        ],
        "x-ms-ratelimit-remaining-subscription-reads": [
          "11998"
        ],
        "x-ms-request-id": [
          "3f154646-20c4-472c-9ac2-6c5e15b36641"
        ],
        "x-ms-correlation-request-id": [
          "3f154646-20c4-472c-9ac2-6c5e15b36641"
        ],
        "x-ms-routing-request-id": [
          "WESTEUROPE:20200507T125322Z:3f154646-20c4-472c-9ac2-6c5e15b36641"
        ],
        "Strict-Transport-Security": [
          "max-age=31536000; includeSubDomains"
        ],
        "X-Content-Type-Options": [
          "nosniff"
        ],
        "Date": [
          "Thu, 07 May 2020 12:53:21 GMT"
        ],
        "Expires": [
          "-1"
        ],
        "Content-Length": [
          "0"
        ]
      },
      "ResponseBody": "",
      "StatusCode": 202
    },
    {
      "RequestUri": "/subscriptions/947d47b4-7883-4bb9-9d85-c5e8e2f572ce/operationresults/eyJqb2JJZCI6IlJFU09VUkNFR1JPVVBERUxFVElPTkpPQi1QUzY4ODctV0VTVFVTMiIsImpvYkxvY2F0aW9uIjoid2VzdHVzMiJ9?api-version=2016-09-01",
      "EncodedRequestUri": "L3N1YnNjcmlwdGlvbnMvOTQ3ZDQ3YjQtNzg4My00YmI5LTlkODUtYzVlOGUyZjU3MmNlL29wZXJhdGlvbnJlc3VsdHMvZXlKcWIySkpaQ0k2SWxKRlUwOVZVa05GUjFKUFZWQkVSVXhGVkVsUFRrcFBRaTFRVXpZNE9EY3RWMFZUVkZWVE1pSXNJbXB2WWt4dlkyRjBhVzl1SWpvaWQyVnpkSFZ6TWlKOT9hcGktdmVyc2lvbj0yMDE2LTA5LTAx",
      "RequestMethod": "GET",
      "RequestBody": "",
      "RequestHeaders": {
        "User-Agent": [
          "FxVersion/4.6.28207.03",
          "OSName/Windows",
          "OSVersion/Microsoft.Windows.10.0.18363.",
          "Microsoft.Azure.Management.Internal.Resources.ResourceManagementClient/1.3.13"
        ]
      },
      "ResponseHeaders": {
        "Cache-Control": [
          "no-cache"
        ],
        "Pragma": [
          "no-cache"
        ],
        "Location": [
          "https://management.azure.com/subscriptions/947d47b4-7883-4bb9-9d85-c5e8e2f572ce/operationresults/eyJqb2JJZCI6IlJFU09VUkNFR1JPVVBERUxFVElPTkpPQi1QUzY4ODctV0VTVFVTMiIsImpvYkxvY2F0aW9uIjoid2VzdHVzMiJ9?api-version=2016-09-01"
        ],
        "Retry-After": [
          "15"
        ],
        "x-ms-ratelimit-remaining-subscription-reads": [
          "11997"
        ],
        "x-ms-request-id": [
          "075338e6-6e3a-45ee-bed7-7f186ad02568"
        ],
        "x-ms-correlation-request-id": [
          "075338e6-6e3a-45ee-bed7-7f186ad02568"
        ],
        "x-ms-routing-request-id": [
          "WESTEUROPE:20200507T125337Z:075338e6-6e3a-45ee-bed7-7f186ad02568"
        ],
        "Strict-Transport-Security": [
          "max-age=31536000; includeSubDomains"
        ],
        "X-Content-Type-Options": [
          "nosniff"
        ],
        "Date": [
          "Thu, 07 May 2020 12:53:36 GMT"
        ],
        "Expires": [
          "-1"
        ],
        "Content-Length": [
          "0"
        ]
      },
      "ResponseBody": "",
      "StatusCode": 202
    },
    {
      "RequestUri": "/subscriptions/947d47b4-7883-4bb9-9d85-c5e8e2f572ce/operationresults/eyJqb2JJZCI6IlJFU09VUkNFR1JPVVBERUxFVElPTkpPQi1QUzY4ODctV0VTVFVTMiIsImpvYkxvY2F0aW9uIjoid2VzdHVzMiJ9?api-version=2016-09-01",
      "EncodedRequestUri": "L3N1YnNjcmlwdGlvbnMvOTQ3ZDQ3YjQtNzg4My00YmI5LTlkODUtYzVlOGUyZjU3MmNlL29wZXJhdGlvbnJlc3VsdHMvZXlKcWIySkpaQ0k2SWxKRlUwOVZVa05GUjFKUFZWQkVSVXhGVkVsUFRrcFBRaTFRVXpZNE9EY3RWMFZUVkZWVE1pSXNJbXB2WWt4dlkyRjBhVzl1SWpvaWQyVnpkSFZ6TWlKOT9hcGktdmVyc2lvbj0yMDE2LTA5LTAx",
      "RequestMethod": "GET",
      "RequestBody": "",
      "RequestHeaders": {
        "User-Agent": [
          "FxVersion/4.6.28207.03",
          "OSName/Windows",
          "OSVersion/Microsoft.Windows.10.0.18363.",
          "Microsoft.Azure.Management.Internal.Resources.ResourceManagementClient/1.3.13"
        ]
      },
      "ResponseHeaders": {
        "Cache-Control": [
          "no-cache"
        ],
        "Pragma": [
          "no-cache"
        ],
        "Location": [
          "https://management.azure.com/subscriptions/947d47b4-7883-4bb9-9d85-c5e8e2f572ce/operationresults/eyJqb2JJZCI6IlJFU09VUkNFR1JPVVBERUxFVElPTkpPQi1QUzY4ODctV0VTVFVTMiIsImpvYkxvY2F0aW9uIjoid2VzdHVzMiJ9?api-version=2016-09-01"
        ],
        "Retry-After": [
          "15"
        ],
        "x-ms-ratelimit-remaining-subscription-reads": [
          "11996"
        ],
        "x-ms-request-id": [
          "7b68221b-08b7-44a2-8819-431d35a4d8b0"
        ],
        "x-ms-correlation-request-id": [
          "7b68221b-08b7-44a2-8819-431d35a4d8b0"
        ],
        "x-ms-routing-request-id": [
          "WESTEUROPE:20200507T125352Z:7b68221b-08b7-44a2-8819-431d35a4d8b0"
        ],
        "Strict-Transport-Security": [
          "max-age=31536000; includeSubDomains"
        ],
        "X-Content-Type-Options": [
          "nosniff"
        ],
        "Date": [
          "Thu, 07 May 2020 12:53:52 GMT"
        ],
        "Expires": [
          "-1"
        ],
        "Content-Length": [
          "0"
        ]
      },
      "ResponseBody": "",
      "StatusCode": 202
    },
    {
      "RequestUri": "/subscriptions/947d47b4-7883-4bb9-9d85-c5e8e2f572ce/operationresults/eyJqb2JJZCI6IlJFU09VUkNFR1JPVVBERUxFVElPTkpPQi1QUzY4ODctV0VTVFVTMiIsImpvYkxvY2F0aW9uIjoid2VzdHVzMiJ9?api-version=2016-09-01",
      "EncodedRequestUri": "L3N1YnNjcmlwdGlvbnMvOTQ3ZDQ3YjQtNzg4My00YmI5LTlkODUtYzVlOGUyZjU3MmNlL29wZXJhdGlvbnJlc3VsdHMvZXlKcWIySkpaQ0k2SWxKRlUwOVZVa05GUjFKUFZWQkVSVXhGVkVsUFRrcFBRaTFRVXpZNE9EY3RWMFZUVkZWVE1pSXNJbXB2WWt4dlkyRjBhVzl1SWpvaWQyVnpkSFZ6TWlKOT9hcGktdmVyc2lvbj0yMDE2LTA5LTAx",
      "RequestMethod": "GET",
      "RequestBody": "",
      "RequestHeaders": {
        "User-Agent": [
          "FxVersion/4.6.28207.03",
          "OSName/Windows",
          "OSVersion/Microsoft.Windows.10.0.18363.",
          "Microsoft.Azure.Management.Internal.Resources.ResourceManagementClient/1.3.13"
        ]
      },
      "ResponseHeaders": {
        "Cache-Control": [
          "no-cache"
        ],
        "Pragma": [
          "no-cache"
        ],
        "Location": [
          "https://management.azure.com/subscriptions/947d47b4-7883-4bb9-9d85-c5e8e2f572ce/operationresults/eyJqb2JJZCI6IlJFU09VUkNFR1JPVVBERUxFVElPTkpPQi1QUzY4ODctV0VTVFVTMiIsImpvYkxvY2F0aW9uIjoid2VzdHVzMiJ9?api-version=2016-09-01"
        ],
        "Retry-After": [
          "15"
        ],
        "x-ms-ratelimit-remaining-subscription-reads": [
          "11995"
        ],
        "x-ms-request-id": [
          "159df7be-5e6c-40a3-b3c8-666841ff858c"
        ],
        "x-ms-correlation-request-id": [
          "159df7be-5e6c-40a3-b3c8-666841ff858c"
        ],
        "x-ms-routing-request-id": [
          "WESTEUROPE:20200507T125408Z:159df7be-5e6c-40a3-b3c8-666841ff858c"
        ],
        "Strict-Transport-Security": [
          "max-age=31536000; includeSubDomains"
        ],
        "X-Content-Type-Options": [
          "nosniff"
        ],
        "Date": [
          "Thu, 07 May 2020 12:54:07 GMT"
        ],
        "Expires": [
          "-1"
        ],
        "Content-Length": [
          "0"
        ]
      },
      "ResponseBody": "",
      "StatusCode": 202
    },
    {
      "RequestUri": "/subscriptions/947d47b4-7883-4bb9-9d85-c5e8e2f572ce/operationresults/eyJqb2JJZCI6IlJFU09VUkNFR1JPVVBERUxFVElPTkpPQi1QUzY4ODctV0VTVFVTMiIsImpvYkxvY2F0aW9uIjoid2VzdHVzMiJ9?api-version=2016-09-01",
      "EncodedRequestUri": "L3N1YnNjcmlwdGlvbnMvOTQ3ZDQ3YjQtNzg4My00YmI5LTlkODUtYzVlOGUyZjU3MmNlL29wZXJhdGlvbnJlc3VsdHMvZXlKcWIySkpaQ0k2SWxKRlUwOVZVa05GUjFKUFZWQkVSVXhGVkVsUFRrcFBRaTFRVXpZNE9EY3RWMFZUVkZWVE1pSXNJbXB2WWt4dlkyRjBhVzl1SWpvaWQyVnpkSFZ6TWlKOT9hcGktdmVyc2lvbj0yMDE2LTA5LTAx",
      "RequestMethod": "GET",
      "RequestBody": "",
      "RequestHeaders": {
        "User-Agent": [
          "FxVersion/4.6.28207.03",
          "OSName/Windows",
          "OSVersion/Microsoft.Windows.10.0.18363.",
          "Microsoft.Azure.Management.Internal.Resources.ResourceManagementClient/1.3.13"
        ]
      },
      "ResponseHeaders": {
        "Cache-Control": [
          "no-cache"
        ],
        "Pragma": [
          "no-cache"
        ],
        "Location": [
          "https://management.azure.com/subscriptions/947d47b4-7883-4bb9-9d85-c5e8e2f572ce/operationresults/eyJqb2JJZCI6IlJFU09VUkNFR1JPVVBERUxFVElPTkpPQi1QUzY4ODctV0VTVFVTMiIsImpvYkxvY2F0aW9uIjoid2VzdHVzMiJ9?api-version=2016-09-01"
        ],
        "Retry-After": [
          "15"
        ],
        "x-ms-ratelimit-remaining-subscription-reads": [
          "11994"
        ],
        "x-ms-request-id": [
          "7fe3d803-1b19-4ce0-8832-0b2b3ddb1ac2"
        ],
        "x-ms-correlation-request-id": [
          "7fe3d803-1b19-4ce0-8832-0b2b3ddb1ac2"
        ],
        "x-ms-routing-request-id": [
          "WESTEUROPE:20200507T125423Z:7fe3d803-1b19-4ce0-8832-0b2b3ddb1ac2"
        ],
        "Strict-Transport-Security": [
          "max-age=31536000; includeSubDomains"
        ],
        "X-Content-Type-Options": [
          "nosniff"
        ],
        "Date": [
          "Thu, 07 May 2020 12:54:22 GMT"
        ],
        "Expires": [
          "-1"
        ],
        "Content-Length": [
          "0"
        ]
      },
      "ResponseBody": "",
      "StatusCode": 202
    },
    {
      "RequestUri": "/subscriptions/947d47b4-7883-4bb9-9d85-c5e8e2f572ce/operationresults/eyJqb2JJZCI6IlJFU09VUkNFR1JPVVBERUxFVElPTkpPQi1QUzY4ODctV0VTVFVTMiIsImpvYkxvY2F0aW9uIjoid2VzdHVzMiJ9?api-version=2016-09-01",
      "EncodedRequestUri": "L3N1YnNjcmlwdGlvbnMvOTQ3ZDQ3YjQtNzg4My00YmI5LTlkODUtYzVlOGUyZjU3MmNlL29wZXJhdGlvbnJlc3VsdHMvZXlKcWIySkpaQ0k2SWxKRlUwOVZVa05GUjFKUFZWQkVSVXhGVkVsUFRrcFBRaTFRVXpZNE9EY3RWMFZUVkZWVE1pSXNJbXB2WWt4dlkyRjBhVzl1SWpvaWQyVnpkSFZ6TWlKOT9hcGktdmVyc2lvbj0yMDE2LTA5LTAx",
      "RequestMethod": "GET",
      "RequestBody": "",
      "RequestHeaders": {
        "User-Agent": [
          "FxVersion/4.6.28207.03",
          "OSName/Windows",
          "OSVersion/Microsoft.Windows.10.0.18363.",
          "Microsoft.Azure.Management.Internal.Resources.ResourceManagementClient/1.3.13"
        ]
      },
      "ResponseHeaders": {
        "Cache-Control": [
          "no-cache"
        ],
        "Pragma": [
          "no-cache"
        ],
        "Location": [
          "https://management.azure.com/subscriptions/947d47b4-7883-4bb9-9d85-c5e8e2f572ce/operationresults/eyJqb2JJZCI6IlJFU09VUkNFR1JPVVBERUxFVElPTkpPQi1QUzY4ODctV0VTVFVTMiIsImpvYkxvY2F0aW9uIjoid2VzdHVzMiJ9?api-version=2016-09-01"
        ],
        "Retry-After": [
          "15"
        ],
        "x-ms-ratelimit-remaining-subscription-reads": [
          "11993"
        ],
        "x-ms-request-id": [
          "0a0199c2-c9bd-4742-ad91-7581afbaa25d"
        ],
        "x-ms-correlation-request-id": [
          "0a0199c2-c9bd-4742-ad91-7581afbaa25d"
        ],
        "x-ms-routing-request-id": [
          "WESTEUROPE:20200507T125451Z:0a0199c2-c9bd-4742-ad91-7581afbaa25d"
        ],
        "Strict-Transport-Security": [
          "max-age=31536000; includeSubDomains"
        ],
        "X-Content-Type-Options": [
          "nosniff"
        ],
        "Date": [
          "Thu, 07 May 2020 12:54:50 GMT"
        ],
        "Expires": [
          "-1"
        ],
        "Content-Length": [
          "0"
        ]
      },
      "ResponseBody": "",
      "StatusCode": 202
    },
    {
      "RequestUri": "/subscriptions/947d47b4-7883-4bb9-9d85-c5e8e2f572ce/operationresults/eyJqb2JJZCI6IlJFU09VUkNFR1JPVVBERUxFVElPTkpPQi1QUzY4ODctV0VTVFVTMiIsImpvYkxvY2F0aW9uIjoid2VzdHVzMiJ9?api-version=2016-09-01",
      "EncodedRequestUri": "L3N1YnNjcmlwdGlvbnMvOTQ3ZDQ3YjQtNzg4My00YmI5LTlkODUtYzVlOGUyZjU3MmNlL29wZXJhdGlvbnJlc3VsdHMvZXlKcWIySkpaQ0k2SWxKRlUwOVZVa05GUjFKUFZWQkVSVXhGVkVsUFRrcFBRaTFRVXpZNE9EY3RWMFZUVkZWVE1pSXNJbXB2WWt4dlkyRjBhVzl1SWpvaWQyVnpkSFZ6TWlKOT9hcGktdmVyc2lvbj0yMDE2LTA5LTAx",
      "RequestMethod": "GET",
      "RequestBody": "",
      "RequestHeaders": {
        "User-Agent": [
          "FxVersion/4.6.28207.03",
          "OSName/Windows",
          "OSVersion/Microsoft.Windows.10.0.18363.",
          "Microsoft.Azure.Management.Internal.Resources.ResourceManagementClient/1.3.13"
        ]
      },
      "ResponseHeaders": {
        "Cache-Control": [
          "no-cache"
        ],
        "Pragma": [
          "no-cache"
        ],
        "Location": [
          "https://management.azure.com/subscriptions/947d47b4-7883-4bb9-9d85-c5e8e2f572ce/operationresults/eyJqb2JJZCI6IlJFU09VUkNFR1JPVVBERUxFVElPTkpPQi1QUzY4ODctV0VTVFVTMiIsImpvYkxvY2F0aW9uIjoid2VzdHVzMiJ9?api-version=2016-09-01"
        ],
        "Retry-After": [
          "15"
        ],
        "x-ms-ratelimit-remaining-subscription-reads": [
          "11992"
        ],
        "x-ms-request-id": [
          "c874f76d-deeb-44f6-bf82-9873c7101404"
        ],
        "x-ms-correlation-request-id": [
          "c874f76d-deeb-44f6-bf82-9873c7101404"
        ],
        "x-ms-routing-request-id": [
          "WESTEUROPE:20200507T125507Z:c874f76d-deeb-44f6-bf82-9873c7101404"
        ],
        "Strict-Transport-Security": [
          "max-age=31536000; includeSubDomains"
        ],
        "X-Content-Type-Options": [
          "nosniff"
        ],
        "Date": [
          "Thu, 07 May 2020 12:55:07 GMT"
        ],
        "Expires": [
          "-1"
        ],
        "Content-Length": [
          "0"
        ]
      },
      "ResponseBody": "",
      "StatusCode": 202
    },
    {
      "RequestUri": "/subscriptions/947d47b4-7883-4bb9-9d85-c5e8e2f572ce/operationresults/eyJqb2JJZCI6IlJFU09VUkNFR1JPVVBERUxFVElPTkpPQi1QUzY4ODctV0VTVFVTMiIsImpvYkxvY2F0aW9uIjoid2VzdHVzMiJ9?api-version=2016-09-01",
      "EncodedRequestUri": "L3N1YnNjcmlwdGlvbnMvOTQ3ZDQ3YjQtNzg4My00YmI5LTlkODUtYzVlOGUyZjU3MmNlL29wZXJhdGlvbnJlc3VsdHMvZXlKcWIySkpaQ0k2SWxKRlUwOVZVa05GUjFKUFZWQkVSVXhGVkVsUFRrcFBRaTFRVXpZNE9EY3RWMFZUVkZWVE1pSXNJbXB2WWt4dlkyRjBhVzl1SWpvaWQyVnpkSFZ6TWlKOT9hcGktdmVyc2lvbj0yMDE2LTA5LTAx",
      "RequestMethod": "GET",
      "RequestBody": "",
      "RequestHeaders": {
        "User-Agent": [
          "FxVersion/4.6.28207.03",
          "OSName/Windows",
          "OSVersion/Microsoft.Windows.10.0.18363.",
          "Microsoft.Azure.Management.Internal.Resources.ResourceManagementClient/1.3.13"
        ]
      },
      "ResponseHeaders": {
        "Cache-Control": [
          "no-cache"
        ],
        "Pragma": [
          "no-cache"
        ],
        "Location": [
          "https://management.azure.com/subscriptions/947d47b4-7883-4bb9-9d85-c5e8e2f572ce/operationresults/eyJqb2JJZCI6IlJFU09VUkNFR1JPVVBERUxFVElPTkpPQi1QUzY4ODctV0VTVFVTMiIsImpvYkxvY2F0aW9uIjoid2VzdHVzMiJ9?api-version=2016-09-01"
        ],
        "Retry-After": [
          "15"
        ],
        "x-ms-ratelimit-remaining-subscription-reads": [
          "11991"
        ],
        "x-ms-request-id": [
          "2270ec50-f9ad-4717-b805-b2aae1bffb88"
        ],
        "x-ms-correlation-request-id": [
          "2270ec50-f9ad-4717-b805-b2aae1bffb88"
        ],
        "x-ms-routing-request-id": [
          "WESTEUROPE:20200507T125522Z:2270ec50-f9ad-4717-b805-b2aae1bffb88"
        ],
        "Strict-Transport-Security": [
          "max-age=31536000; includeSubDomains"
        ],
        "X-Content-Type-Options": [
          "nosniff"
        ],
        "Date": [
          "Thu, 07 May 2020 12:55:22 GMT"
        ],
        "Expires": [
          "-1"
        ],
        "Content-Length": [
          "0"
        ]
      },
      "ResponseBody": "",
      "StatusCode": 202
    },
    {
      "RequestUri": "/subscriptions/947d47b4-7883-4bb9-9d85-c5e8e2f572ce/operationresults/eyJqb2JJZCI6IlJFU09VUkNFR1JPVVBERUxFVElPTkpPQi1QUzY4ODctV0VTVFVTMiIsImpvYkxvY2F0aW9uIjoid2VzdHVzMiJ9?api-version=2016-09-01",
      "EncodedRequestUri": "L3N1YnNjcmlwdGlvbnMvOTQ3ZDQ3YjQtNzg4My00YmI5LTlkODUtYzVlOGUyZjU3MmNlL29wZXJhdGlvbnJlc3VsdHMvZXlKcWIySkpaQ0k2SWxKRlUwOVZVa05GUjFKUFZWQkVSVXhGVkVsUFRrcFBRaTFRVXpZNE9EY3RWMFZUVkZWVE1pSXNJbXB2WWt4dlkyRjBhVzl1SWpvaWQyVnpkSFZ6TWlKOT9hcGktdmVyc2lvbj0yMDE2LTA5LTAx",
      "RequestMethod": "GET",
      "RequestBody": "",
      "RequestHeaders": {
        "User-Agent": [
          "FxVersion/4.6.28207.03",
          "OSName/Windows",
          "OSVersion/Microsoft.Windows.10.0.18363.",
          "Microsoft.Azure.Management.Internal.Resources.ResourceManagementClient/1.3.13"
        ]
      },
      "ResponseHeaders": {
        "Cache-Control": [
          "no-cache"
        ],
        "Pragma": [
          "no-cache"
        ],
        "Location": [
          "https://management.azure.com/subscriptions/947d47b4-7883-4bb9-9d85-c5e8e2f572ce/operationresults/eyJqb2JJZCI6IlJFU09VUkNFR1JPVVBERUxFVElPTkpPQi1QUzY4ODctV0VTVFVTMiIsImpvYkxvY2F0aW9uIjoid2VzdHVzMiJ9?api-version=2016-09-01"
        ],
        "Retry-After": [
          "15"
        ],
        "x-ms-ratelimit-remaining-subscription-reads": [
          "11990"
        ],
        "x-ms-request-id": [
          "3b325688-d718-4022-92e6-52d224c87077"
        ],
        "x-ms-correlation-request-id": [
          "3b325688-d718-4022-92e6-52d224c87077"
        ],
        "x-ms-routing-request-id": [
          "WESTEUROPE:20200507T125538Z:3b325688-d718-4022-92e6-52d224c87077"
        ],
        "Strict-Transport-Security": [
          "max-age=31536000; includeSubDomains"
        ],
        "X-Content-Type-Options": [
          "nosniff"
        ],
        "Date": [
          "Thu, 07 May 2020 12:55:37 GMT"
        ],
        "Expires": [
          "-1"
        ],
        "Content-Length": [
          "0"
        ]
      },
      "ResponseBody": "",
      "StatusCode": 202
    },
    {
      "RequestUri": "/subscriptions/947d47b4-7883-4bb9-9d85-c5e8e2f572ce/operationresults/eyJqb2JJZCI6IlJFU09VUkNFR1JPVVBERUxFVElPTkpPQi1QUzY4ODctV0VTVFVTMiIsImpvYkxvY2F0aW9uIjoid2VzdHVzMiJ9?api-version=2016-09-01",
      "EncodedRequestUri": "L3N1YnNjcmlwdGlvbnMvOTQ3ZDQ3YjQtNzg4My00YmI5LTlkODUtYzVlOGUyZjU3MmNlL29wZXJhdGlvbnJlc3VsdHMvZXlKcWIySkpaQ0k2SWxKRlUwOVZVa05GUjFKUFZWQkVSVXhGVkVsUFRrcFBRaTFRVXpZNE9EY3RWMFZUVkZWVE1pSXNJbXB2WWt4dlkyRjBhVzl1SWpvaWQyVnpkSFZ6TWlKOT9hcGktdmVyc2lvbj0yMDE2LTA5LTAx",
      "RequestMethod": "GET",
      "RequestBody": "",
      "RequestHeaders": {
        "User-Agent": [
          "FxVersion/4.6.28207.03",
          "OSName/Windows",
          "OSVersion/Microsoft.Windows.10.0.18363.",
          "Microsoft.Azure.Management.Internal.Resources.ResourceManagementClient/1.3.13"
        ]
      },
      "ResponseHeaders": {
        "Cache-Control": [
          "no-cache"
        ],
        "Pragma": [
          "no-cache"
        ],
        "Location": [
          "https://management.azure.com/subscriptions/947d47b4-7883-4bb9-9d85-c5e8e2f572ce/operationresults/eyJqb2JJZCI6IlJFU09VUkNFR1JPVVBERUxFVElPTkpPQi1QUzY4ODctV0VTVFVTMiIsImpvYkxvY2F0aW9uIjoid2VzdHVzMiJ9?api-version=2016-09-01"
        ],
        "Retry-After": [
          "15"
        ],
        "x-ms-ratelimit-remaining-subscription-reads": [
          "11989"
        ],
        "x-ms-request-id": [
          "79c40a45-75b7-4b45-96fe-9b239dcc9f20"
        ],
        "x-ms-correlation-request-id": [
          "79c40a45-75b7-4b45-96fe-9b239dcc9f20"
        ],
        "x-ms-routing-request-id": [
          "WESTEUROPE:20200507T125553Z:79c40a45-75b7-4b45-96fe-9b239dcc9f20"
        ],
        "Strict-Transport-Security": [
          "max-age=31536000; includeSubDomains"
        ],
        "X-Content-Type-Options": [
          "nosniff"
        ],
        "Date": [
          "Thu, 07 May 2020 12:55:52 GMT"
        ],
        "Expires": [
          "-1"
        ],
        "Content-Length": [
          "0"
        ]
      },
      "ResponseBody": "",
      "StatusCode": 202
    },
    {
      "RequestUri": "/subscriptions/947d47b4-7883-4bb9-9d85-c5e8e2f572ce/operationresults/eyJqb2JJZCI6IlJFU09VUkNFR1JPVVBERUxFVElPTkpPQi1QUzY4ODctV0VTVFVTMiIsImpvYkxvY2F0aW9uIjoid2VzdHVzMiJ9?api-version=2016-09-01",
      "EncodedRequestUri": "L3N1YnNjcmlwdGlvbnMvOTQ3ZDQ3YjQtNzg4My00YmI5LTlkODUtYzVlOGUyZjU3MmNlL29wZXJhdGlvbnJlc3VsdHMvZXlKcWIySkpaQ0k2SWxKRlUwOVZVa05GUjFKUFZWQkVSVXhGVkVsUFRrcFBRaTFRVXpZNE9EY3RWMFZUVkZWVE1pSXNJbXB2WWt4dlkyRjBhVzl1SWpvaWQyVnpkSFZ6TWlKOT9hcGktdmVyc2lvbj0yMDE2LTA5LTAx",
      "RequestMethod": "GET",
      "RequestBody": "",
      "RequestHeaders": {
        "User-Agent": [
          "FxVersion/4.6.28207.03",
          "OSName/Windows",
          "OSVersion/Microsoft.Windows.10.0.18363.",
          "Microsoft.Azure.Management.Internal.Resources.ResourceManagementClient/1.3.13"
        ]
      },
      "ResponseHeaders": {
        "Cache-Control": [
          "no-cache"
        ],
        "Pragma": [
          "no-cache"
        ],
        "Location": [
          "https://management.azure.com/subscriptions/947d47b4-7883-4bb9-9d85-c5e8e2f572ce/operationresults/eyJqb2JJZCI6IlJFU09VUkNFR1JPVVBERUxFVElPTkpPQi1QUzY4ODctV0VTVFVTMiIsImpvYkxvY2F0aW9uIjoid2VzdHVzMiJ9?api-version=2016-09-01"
        ],
        "Retry-After": [
          "15"
        ],
        "x-ms-ratelimit-remaining-subscription-reads": [
          "11988"
        ],
        "x-ms-request-id": [
          "2004cb56-907e-4879-8c57-54246b6a4272"
        ],
        "x-ms-correlation-request-id": [
          "2004cb56-907e-4879-8c57-54246b6a4272"
        ],
        "x-ms-routing-request-id": [
          "WESTEUROPE:20200507T125608Z:2004cb56-907e-4879-8c57-54246b6a4272"
        ],
        "Strict-Transport-Security": [
          "max-age=31536000; includeSubDomains"
        ],
        "X-Content-Type-Options": [
          "nosniff"
        ],
        "Date": [
          "Thu, 07 May 2020 12:56:08 GMT"
        ],
        "Expires": [
          "-1"
        ],
        "Content-Length": [
          "0"
        ]
      },
      "ResponseBody": "",
      "StatusCode": 202
    },
    {
      "RequestUri": "/subscriptions/947d47b4-7883-4bb9-9d85-c5e8e2f572ce/operationresults/eyJqb2JJZCI6IlJFU09VUkNFR1JPVVBERUxFVElPTkpPQi1QUzY4ODctV0VTVFVTMiIsImpvYkxvY2F0aW9uIjoid2VzdHVzMiJ9?api-version=2016-09-01",
      "EncodedRequestUri": "L3N1YnNjcmlwdGlvbnMvOTQ3ZDQ3YjQtNzg4My00YmI5LTlkODUtYzVlOGUyZjU3MmNlL29wZXJhdGlvbnJlc3VsdHMvZXlKcWIySkpaQ0k2SWxKRlUwOVZVa05GUjFKUFZWQkVSVXhGVkVsUFRrcFBRaTFRVXpZNE9EY3RWMFZUVkZWVE1pSXNJbXB2WWt4dlkyRjBhVzl1SWpvaWQyVnpkSFZ6TWlKOT9hcGktdmVyc2lvbj0yMDE2LTA5LTAx",
      "RequestMethod": "GET",
      "RequestBody": "",
      "RequestHeaders": {
        "User-Agent": [
          "FxVersion/4.6.28207.03",
          "OSName/Windows",
          "OSVersion/Microsoft.Windows.10.0.18363.",
          "Microsoft.Azure.Management.Internal.Resources.ResourceManagementClient/1.3.13"
        ]
      },
      "ResponseHeaders": {
        "Cache-Control": [
          "no-cache"
        ],
        "Pragma": [
          "no-cache"
        ],
        "Location": [
          "https://management.azure.com/subscriptions/947d47b4-7883-4bb9-9d85-c5e8e2f572ce/operationresults/eyJqb2JJZCI6IlJFU09VUkNFR1JPVVBERUxFVElPTkpPQi1QUzY4ODctV0VTVFVTMiIsImpvYkxvY2F0aW9uIjoid2VzdHVzMiJ9?api-version=2016-09-01"
        ],
        "Retry-After": [
          "15"
        ],
        "x-ms-ratelimit-remaining-subscription-reads": [
          "11987"
        ],
        "x-ms-request-id": [
          "7b99ac9e-5981-4f01-b3e0-621134a0f816"
        ],
        "x-ms-correlation-request-id": [
          "7b99ac9e-5981-4f01-b3e0-621134a0f816"
        ],
        "x-ms-routing-request-id": [
          "WESTEUROPE:20200507T125624Z:7b99ac9e-5981-4f01-b3e0-621134a0f816"
        ],
        "Strict-Transport-Security": [
          "max-age=31536000; includeSubDomains"
        ],
        "X-Content-Type-Options": [
          "nosniff"
        ],
        "Date": [
          "Thu, 07 May 2020 12:56:23 GMT"
        ],
        "Expires": [
          "-1"
        ],
        "Content-Length": [
          "0"
        ]
      },
      "ResponseBody": "",
      "StatusCode": 202
    },
    {
      "RequestUri": "/subscriptions/947d47b4-7883-4bb9-9d85-c5e8e2f572ce/operationresults/eyJqb2JJZCI6IlJFU09VUkNFR1JPVVBERUxFVElPTkpPQi1QUzY4ODctV0VTVFVTMiIsImpvYkxvY2F0aW9uIjoid2VzdHVzMiJ9?api-version=2016-09-01",
      "EncodedRequestUri": "L3N1YnNjcmlwdGlvbnMvOTQ3ZDQ3YjQtNzg4My00YmI5LTlkODUtYzVlOGUyZjU3MmNlL29wZXJhdGlvbnJlc3VsdHMvZXlKcWIySkpaQ0k2SWxKRlUwOVZVa05GUjFKUFZWQkVSVXhGVkVsUFRrcFBRaTFRVXpZNE9EY3RWMFZUVkZWVE1pSXNJbXB2WWt4dlkyRjBhVzl1SWpvaWQyVnpkSFZ6TWlKOT9hcGktdmVyc2lvbj0yMDE2LTA5LTAx",
      "RequestMethod": "GET",
      "RequestBody": "",
      "RequestHeaders": {
        "User-Agent": [
          "FxVersion/4.6.28207.03",
          "OSName/Windows",
          "OSVersion/Microsoft.Windows.10.0.18363.",
          "Microsoft.Azure.Management.Internal.Resources.ResourceManagementClient/1.3.13"
        ]
      },
      "ResponseHeaders": {
        "Cache-Control": [
          "no-cache"
        ],
        "Pragma": [
          "no-cache"
        ],
        "Location": [
          "https://management.azure.com/subscriptions/947d47b4-7883-4bb9-9d85-c5e8e2f572ce/operationresults/eyJqb2JJZCI6IlJFU09VUkNFR1JPVVBERUxFVElPTkpPQi1QUzY4ODctV0VTVFVTMiIsImpvYkxvY2F0aW9uIjoid2VzdHVzMiJ9?api-version=2016-09-01"
        ],
        "Retry-After": [
          "15"
        ],
        "x-ms-ratelimit-remaining-subscription-reads": [
          "11986"
        ],
        "x-ms-request-id": [
          "7e8ef492-3bb2-4935-97b8-6ec5bf5464b7"
        ],
        "x-ms-correlation-request-id": [
          "7e8ef492-3bb2-4935-97b8-6ec5bf5464b7"
        ],
        "x-ms-routing-request-id": [
          "WESTEUROPE:20200507T125639Z:7e8ef492-3bb2-4935-97b8-6ec5bf5464b7"
        ],
        "Strict-Transport-Security": [
          "max-age=31536000; includeSubDomains"
        ],
        "X-Content-Type-Options": [
          "nosniff"
        ],
        "Date": [
          "Thu, 07 May 2020 12:56:38 GMT"
        ],
        "Expires": [
          "-1"
        ],
        "Content-Length": [
          "0"
        ]
      },
      "ResponseBody": "",
      "StatusCode": 202
    },
    {
      "RequestUri": "/subscriptions/947d47b4-7883-4bb9-9d85-c5e8e2f572ce/operationresults/eyJqb2JJZCI6IlJFU09VUkNFR1JPVVBERUxFVElPTkpPQi1QUzY4ODctV0VTVFVTMiIsImpvYkxvY2F0aW9uIjoid2VzdHVzMiJ9?api-version=2016-09-01",
      "EncodedRequestUri": "L3N1YnNjcmlwdGlvbnMvOTQ3ZDQ3YjQtNzg4My00YmI5LTlkODUtYzVlOGUyZjU3MmNlL29wZXJhdGlvbnJlc3VsdHMvZXlKcWIySkpaQ0k2SWxKRlUwOVZVa05GUjFKUFZWQkVSVXhGVkVsUFRrcFBRaTFRVXpZNE9EY3RWMFZUVkZWVE1pSXNJbXB2WWt4dlkyRjBhVzl1SWpvaWQyVnpkSFZ6TWlKOT9hcGktdmVyc2lvbj0yMDE2LTA5LTAx",
      "RequestMethod": "GET",
      "RequestBody": "",
      "RequestHeaders": {
        "User-Agent": [
          "FxVersion/4.6.28207.03",
          "OSName/Windows",
          "OSVersion/Microsoft.Windows.10.0.18363.",
          "Microsoft.Azure.Management.Internal.Resources.ResourceManagementClient/1.3.13"
        ]
      },
      "ResponseHeaders": {
        "Cache-Control": [
          "no-cache"
        ],
        "Pragma": [
          "no-cache"
        ],
        "Location": [
          "https://management.azure.com/subscriptions/947d47b4-7883-4bb9-9d85-c5e8e2f572ce/operationresults/eyJqb2JJZCI6IlJFU09VUkNFR1JPVVBERUxFVElPTkpPQi1QUzY4ODctV0VTVFVTMiIsImpvYkxvY2F0aW9uIjoid2VzdHVzMiJ9?api-version=2016-09-01"
        ],
        "Retry-After": [
          "15"
        ],
        "x-ms-ratelimit-remaining-subscription-reads": [
          "11985"
        ],
        "x-ms-request-id": [
          "90f98cb3-ff2b-4737-9e3e-cdf1a2ab2006"
        ],
        "x-ms-correlation-request-id": [
          "90f98cb3-ff2b-4737-9e3e-cdf1a2ab2006"
        ],
        "x-ms-routing-request-id": [
          "WESTEUROPE:20200507T125654Z:90f98cb3-ff2b-4737-9e3e-cdf1a2ab2006"
        ],
        "Strict-Transport-Security": [
          "max-age=31536000; includeSubDomains"
        ],
        "X-Content-Type-Options": [
          "nosniff"
        ],
        "Date": [
          "Thu, 07 May 2020 12:56:54 GMT"
        ],
        "Expires": [
          "-1"
        ],
        "Content-Length": [
          "0"
        ]
      },
      "ResponseBody": "",
      "StatusCode": 202
    },
    {
      "RequestUri": "/subscriptions/947d47b4-7883-4bb9-9d85-c5e8e2f572ce/operationresults/eyJqb2JJZCI6IlJFU09VUkNFR1JPVVBERUxFVElPTkpPQi1QUzY4ODctV0VTVFVTMiIsImpvYkxvY2F0aW9uIjoid2VzdHVzMiJ9?api-version=2016-09-01",
      "EncodedRequestUri": "L3N1YnNjcmlwdGlvbnMvOTQ3ZDQ3YjQtNzg4My00YmI5LTlkODUtYzVlOGUyZjU3MmNlL29wZXJhdGlvbnJlc3VsdHMvZXlKcWIySkpaQ0k2SWxKRlUwOVZVa05GUjFKUFZWQkVSVXhGVkVsUFRrcFBRaTFRVXpZNE9EY3RWMFZUVkZWVE1pSXNJbXB2WWt4dlkyRjBhVzl1SWpvaWQyVnpkSFZ6TWlKOT9hcGktdmVyc2lvbj0yMDE2LTA5LTAx",
      "RequestMethod": "GET",
      "RequestBody": "",
      "RequestHeaders": {
        "User-Agent": [
          "FxVersion/4.6.28207.03",
          "OSName/Windows",
          "OSVersion/Microsoft.Windows.10.0.18363.",
          "Microsoft.Azure.Management.Internal.Resources.ResourceManagementClient/1.3.13"
        ]
      },
      "ResponseHeaders": {
        "Cache-Control": [
          "no-cache"
        ],
        "Pragma": [
          "no-cache"
        ],
        "Location": [
          "https://management.azure.com/subscriptions/947d47b4-7883-4bb9-9d85-c5e8e2f572ce/operationresults/eyJqb2JJZCI6IlJFU09VUkNFR1JPVVBERUxFVElPTkpPQi1QUzY4ODctV0VTVFVTMiIsImpvYkxvY2F0aW9uIjoid2VzdHVzMiJ9?api-version=2016-09-01"
        ],
        "Retry-After": [
          "15"
        ],
        "x-ms-ratelimit-remaining-subscription-reads": [
          "11984"
        ],
        "x-ms-request-id": [
          "7453107d-917d-49cb-b7eb-f2e4e5c10d29"
        ],
        "x-ms-correlation-request-id": [
          "7453107d-917d-49cb-b7eb-f2e4e5c10d29"
        ],
        "x-ms-routing-request-id": [
          "WESTEUROPE:20200507T125710Z:7453107d-917d-49cb-b7eb-f2e4e5c10d29"
        ],
        "Strict-Transport-Security": [
          "max-age=31536000; includeSubDomains"
        ],
        "X-Content-Type-Options": [
          "nosniff"
        ],
        "Date": [
          "Thu, 07 May 2020 12:57:10 GMT"
        ],
        "Expires": [
          "-1"
        ],
        "Content-Length": [
          "0"
        ]
      },
      "ResponseBody": "",
      "StatusCode": 202
    },
    {
      "RequestUri": "/subscriptions/947d47b4-7883-4bb9-9d85-c5e8e2f572ce/operationresults/eyJqb2JJZCI6IlJFU09VUkNFR1JPVVBERUxFVElPTkpPQi1QUzY4ODctV0VTVFVTMiIsImpvYkxvY2F0aW9uIjoid2VzdHVzMiJ9?api-version=2016-09-01",
      "EncodedRequestUri": "L3N1YnNjcmlwdGlvbnMvOTQ3ZDQ3YjQtNzg4My00YmI5LTlkODUtYzVlOGUyZjU3MmNlL29wZXJhdGlvbnJlc3VsdHMvZXlKcWIySkpaQ0k2SWxKRlUwOVZVa05GUjFKUFZWQkVSVXhGVkVsUFRrcFBRaTFRVXpZNE9EY3RWMFZUVkZWVE1pSXNJbXB2WWt4dlkyRjBhVzl1SWpvaWQyVnpkSFZ6TWlKOT9hcGktdmVyc2lvbj0yMDE2LTA5LTAx",
      "RequestMethod": "GET",
      "RequestBody": "",
      "RequestHeaders": {
        "User-Agent": [
          "FxVersion/4.6.28207.03",
          "OSName/Windows",
          "OSVersion/Microsoft.Windows.10.0.18363.",
          "Microsoft.Azure.Management.Internal.Resources.ResourceManagementClient/1.3.13"
        ]
      },
      "ResponseHeaders": {
        "Cache-Control": [
          "no-cache"
        ],
        "Pragma": [
          "no-cache"
        ],
        "Location": [
          "https://management.azure.com/subscriptions/947d47b4-7883-4bb9-9d85-c5e8e2f572ce/operationresults/eyJqb2JJZCI6IlJFU09VUkNFR1JPVVBERUxFVElPTkpPQi1QUzY4ODctV0VTVFVTMiIsImpvYkxvY2F0aW9uIjoid2VzdHVzMiJ9?api-version=2016-09-01"
        ],
        "Retry-After": [
          "15"
        ],
        "x-ms-ratelimit-remaining-subscription-reads": [
          "11983"
        ],
        "x-ms-request-id": [
          "e0d328f2-7f28-4196-920f-ed334a3fc947"
        ],
        "x-ms-correlation-request-id": [
          "e0d328f2-7f28-4196-920f-ed334a3fc947"
        ],
        "x-ms-routing-request-id": [
          "WESTEUROPE:20200507T125725Z:e0d328f2-7f28-4196-920f-ed334a3fc947"
        ],
        "Strict-Transport-Security": [
          "max-age=31536000; includeSubDomains"
        ],
        "X-Content-Type-Options": [
          "nosniff"
        ],
        "Date": [
          "Thu, 07 May 2020 12:57:25 GMT"
        ],
        "Expires": [
          "-1"
        ],
        "Content-Length": [
          "0"
        ]
      },
      "ResponseBody": "",
      "StatusCode": 202
    },
    {
      "RequestUri": "/subscriptions/947d47b4-7883-4bb9-9d85-c5e8e2f572ce/operationresults/eyJqb2JJZCI6IlJFU09VUkNFR1JPVVBERUxFVElPTkpPQi1QUzY4ODctV0VTVFVTMiIsImpvYkxvY2F0aW9uIjoid2VzdHVzMiJ9?api-version=2016-09-01",
      "EncodedRequestUri": "L3N1YnNjcmlwdGlvbnMvOTQ3ZDQ3YjQtNzg4My00YmI5LTlkODUtYzVlOGUyZjU3MmNlL29wZXJhdGlvbnJlc3VsdHMvZXlKcWIySkpaQ0k2SWxKRlUwOVZVa05GUjFKUFZWQkVSVXhGVkVsUFRrcFBRaTFRVXpZNE9EY3RWMFZUVkZWVE1pSXNJbXB2WWt4dlkyRjBhVzl1SWpvaWQyVnpkSFZ6TWlKOT9hcGktdmVyc2lvbj0yMDE2LTA5LTAx",
      "RequestMethod": "GET",
      "RequestBody": "",
      "RequestHeaders": {
        "User-Agent": [
          "FxVersion/4.6.28207.03",
          "OSName/Windows",
          "OSVersion/Microsoft.Windows.10.0.18363.",
          "Microsoft.Azure.Management.Internal.Resources.ResourceManagementClient/1.3.13"
        ]
      },
      "ResponseHeaders": {
        "Cache-Control": [
          "no-cache"
        ],
        "Pragma": [
          "no-cache"
        ],
        "Location": [
          "https://management.azure.com/subscriptions/947d47b4-7883-4bb9-9d85-c5e8e2f572ce/operationresults/eyJqb2JJZCI6IlJFU09VUkNFR1JPVVBERUxFVElPTkpPQi1QUzY4ODctV0VTVFVTMiIsImpvYkxvY2F0aW9uIjoid2VzdHVzMiJ9?api-version=2016-09-01"
        ],
        "Retry-After": [
          "15"
        ],
        "x-ms-ratelimit-remaining-subscription-reads": [
          "11982"
        ],
        "x-ms-request-id": [
          "3e583f03-bbd9-4709-b554-8c72378afe57"
        ],
        "x-ms-correlation-request-id": [
          "3e583f03-bbd9-4709-b554-8c72378afe57"
        ],
        "x-ms-routing-request-id": [
          "WESTEUROPE:20200507T125740Z:3e583f03-bbd9-4709-b554-8c72378afe57"
        ],
        "Strict-Transport-Security": [
          "max-age=31536000; includeSubDomains"
        ],
        "X-Content-Type-Options": [
          "nosniff"
        ],
        "Date": [
          "Thu, 07 May 2020 12:57:40 GMT"
        ],
        "Expires": [
          "-1"
        ],
        "Content-Length": [
          "0"
        ]
      },
      "ResponseBody": "",
      "StatusCode": 202
    },
    {
      "RequestUri": "/subscriptions/947d47b4-7883-4bb9-9d85-c5e8e2f572ce/operationresults/eyJqb2JJZCI6IlJFU09VUkNFR1JPVVBERUxFVElPTkpPQi1QUzY4ODctV0VTVFVTMiIsImpvYkxvY2F0aW9uIjoid2VzdHVzMiJ9?api-version=2016-09-01",
      "EncodedRequestUri": "L3N1YnNjcmlwdGlvbnMvOTQ3ZDQ3YjQtNzg4My00YmI5LTlkODUtYzVlOGUyZjU3MmNlL29wZXJhdGlvbnJlc3VsdHMvZXlKcWIySkpaQ0k2SWxKRlUwOVZVa05GUjFKUFZWQkVSVXhGVkVsUFRrcFBRaTFRVXpZNE9EY3RWMFZUVkZWVE1pSXNJbXB2WWt4dlkyRjBhVzl1SWpvaWQyVnpkSFZ6TWlKOT9hcGktdmVyc2lvbj0yMDE2LTA5LTAx",
      "RequestMethod": "GET",
      "RequestBody": "",
      "RequestHeaders": {
        "User-Agent": [
          "FxVersion/4.6.28207.03",
          "OSName/Windows",
          "OSVersion/Microsoft.Windows.10.0.18363.",
          "Microsoft.Azure.Management.Internal.Resources.ResourceManagementClient/1.3.13"
        ]
      },
      "ResponseHeaders": {
        "Cache-Control": [
          "no-cache"
        ],
        "Pragma": [
          "no-cache"
        ],
        "Location": [
          "https://management.azure.com/subscriptions/947d47b4-7883-4bb9-9d85-c5e8e2f572ce/operationresults/eyJqb2JJZCI6IlJFU09VUkNFR1JPVVBERUxFVElPTkpPQi1QUzY4ODctV0VTVFVTMiIsImpvYkxvY2F0aW9uIjoid2VzdHVzMiJ9?api-version=2016-09-01"
        ],
        "Retry-After": [
          "15"
        ],
        "x-ms-ratelimit-remaining-subscription-reads": [
          "11981"
        ],
        "x-ms-request-id": [
          "033be67c-1a53-4cc0-834d-3f71de352454"
        ],
        "x-ms-correlation-request-id": [
          "033be67c-1a53-4cc0-834d-3f71de352454"
        ],
        "x-ms-routing-request-id": [
          "WESTEUROPE:20200507T125756Z:033be67c-1a53-4cc0-834d-3f71de352454"
        ],
        "Strict-Transport-Security": [
          "max-age=31536000; includeSubDomains"
        ],
        "X-Content-Type-Options": [
          "nosniff"
        ],
        "Date": [
          "Thu, 07 May 2020 12:57:56 GMT"
        ],
        "Expires": [
          "-1"
        ],
        "Content-Length": [
          "0"
        ]
      },
      "ResponseBody": "",
      "StatusCode": 202
    },
    {
      "RequestUri": "/subscriptions/947d47b4-7883-4bb9-9d85-c5e8e2f572ce/operationresults/eyJqb2JJZCI6IlJFU09VUkNFR1JPVVBERUxFVElPTkpPQi1QUzY4ODctV0VTVFVTMiIsImpvYkxvY2F0aW9uIjoid2VzdHVzMiJ9?api-version=2016-09-01",
      "EncodedRequestUri": "L3N1YnNjcmlwdGlvbnMvOTQ3ZDQ3YjQtNzg4My00YmI5LTlkODUtYzVlOGUyZjU3MmNlL29wZXJhdGlvbnJlc3VsdHMvZXlKcWIySkpaQ0k2SWxKRlUwOVZVa05GUjFKUFZWQkVSVXhGVkVsUFRrcFBRaTFRVXpZNE9EY3RWMFZUVkZWVE1pSXNJbXB2WWt4dlkyRjBhVzl1SWpvaWQyVnpkSFZ6TWlKOT9hcGktdmVyc2lvbj0yMDE2LTA5LTAx",
      "RequestMethod": "GET",
      "RequestBody": "",
      "RequestHeaders": {
        "User-Agent": [
          "FxVersion/4.6.28207.03",
          "OSName/Windows",
          "OSVersion/Microsoft.Windows.10.0.18363.",
          "Microsoft.Azure.Management.Internal.Resources.ResourceManagementClient/1.3.13"
        ]
      },
      "ResponseHeaders": {
        "Cache-Control": [
          "no-cache"
        ],
        "Pragma": [
          "no-cache"
        ],
        "Location": [
          "https://management.azure.com/subscriptions/947d47b4-7883-4bb9-9d85-c5e8e2f572ce/operationresults/eyJqb2JJZCI6IlJFU09VUkNFR1JPVVBERUxFVElPTkpPQi1QUzY4ODctV0VTVFVTMiIsImpvYkxvY2F0aW9uIjoid2VzdHVzMiJ9?api-version=2016-09-01"
        ],
        "Retry-After": [
          "15"
        ],
        "x-ms-ratelimit-remaining-subscription-reads": [
          "11980"
        ],
        "x-ms-request-id": [
          "bc10ded8-7cc6-4cc1-8081-31abe163850d"
        ],
        "x-ms-correlation-request-id": [
          "bc10ded8-7cc6-4cc1-8081-31abe163850d"
        ],
        "x-ms-routing-request-id": [
          "WESTEUROPE:20200507T125811Z:bc10ded8-7cc6-4cc1-8081-31abe163850d"
        ],
        "Strict-Transport-Security": [
          "max-age=31536000; includeSubDomains"
        ],
        "X-Content-Type-Options": [
          "nosniff"
        ],
        "Date": [
          "Thu, 07 May 2020 12:58:11 GMT"
        ],
        "Expires": [
          "-1"
        ],
        "Content-Length": [
          "0"
        ]
      },
      "ResponseBody": "",
      "StatusCode": 202
    },
    {
      "RequestUri": "/subscriptions/947d47b4-7883-4bb9-9d85-c5e8e2f572ce/operationresults/eyJqb2JJZCI6IlJFU09VUkNFR1JPVVBERUxFVElPTkpPQi1QUzY4ODctV0VTVFVTMiIsImpvYkxvY2F0aW9uIjoid2VzdHVzMiJ9?api-version=2016-09-01",
      "EncodedRequestUri": "L3N1YnNjcmlwdGlvbnMvOTQ3ZDQ3YjQtNzg4My00YmI5LTlkODUtYzVlOGUyZjU3MmNlL29wZXJhdGlvbnJlc3VsdHMvZXlKcWIySkpaQ0k2SWxKRlUwOVZVa05GUjFKUFZWQkVSVXhGVkVsUFRrcFBRaTFRVXpZNE9EY3RWMFZUVkZWVE1pSXNJbXB2WWt4dlkyRjBhVzl1SWpvaWQyVnpkSFZ6TWlKOT9hcGktdmVyc2lvbj0yMDE2LTA5LTAx",
      "RequestMethod": "GET",
      "RequestBody": "",
      "RequestHeaders": {
        "User-Agent": [
          "FxVersion/4.6.28207.03",
          "OSName/Windows",
          "OSVersion/Microsoft.Windows.10.0.18363.",
          "Microsoft.Azure.Management.Internal.Resources.ResourceManagementClient/1.3.13"
        ]
      },
      "ResponseHeaders": {
        "Cache-Control": [
          "no-cache"
        ],
        "Pragma": [
          "no-cache"
        ],
        "Location": [
          "https://management.azure.com/subscriptions/947d47b4-7883-4bb9-9d85-c5e8e2f572ce/operationresults/eyJqb2JJZCI6IlJFU09VUkNFR1JPVVBERUxFVElPTkpPQi1QUzY4ODctV0VTVFVTMiIsImpvYkxvY2F0aW9uIjoid2VzdHVzMiJ9?api-version=2016-09-01"
        ],
        "Retry-After": [
          "15"
        ],
        "x-ms-ratelimit-remaining-subscription-reads": [
          "11979"
        ],
        "x-ms-request-id": [
          "c8d9b8fa-9972-4b80-95b5-7191ae59127b"
        ],
        "x-ms-correlation-request-id": [
          "c8d9b8fa-9972-4b80-95b5-7191ae59127b"
        ],
        "x-ms-routing-request-id": [
          "WESTEUROPE:20200507T125827Z:c8d9b8fa-9972-4b80-95b5-7191ae59127b"
        ],
        "Strict-Transport-Security": [
          "max-age=31536000; includeSubDomains"
        ],
        "X-Content-Type-Options": [
          "nosniff"
        ],
        "Date": [
          "Thu, 07 May 2020 12:58:26 GMT"
        ],
        "Expires": [
          "-1"
        ],
        "Content-Length": [
          "0"
        ]
      },
      "ResponseBody": "",
      "StatusCode": 202
    },
    {
      "RequestUri": "/subscriptions/947d47b4-7883-4bb9-9d85-c5e8e2f572ce/operationresults/eyJqb2JJZCI6IlJFU09VUkNFR1JPVVBERUxFVElPTkpPQi1QUzY4ODctV0VTVFVTMiIsImpvYkxvY2F0aW9uIjoid2VzdHVzMiJ9?api-version=2016-09-01",
      "EncodedRequestUri": "L3N1YnNjcmlwdGlvbnMvOTQ3ZDQ3YjQtNzg4My00YmI5LTlkODUtYzVlOGUyZjU3MmNlL29wZXJhdGlvbnJlc3VsdHMvZXlKcWIySkpaQ0k2SWxKRlUwOVZVa05GUjFKUFZWQkVSVXhGVkVsUFRrcFBRaTFRVXpZNE9EY3RWMFZUVkZWVE1pSXNJbXB2WWt4dlkyRjBhVzl1SWpvaWQyVnpkSFZ6TWlKOT9hcGktdmVyc2lvbj0yMDE2LTA5LTAx",
      "RequestMethod": "GET",
      "RequestBody": "",
      "RequestHeaders": {
        "User-Agent": [
          "FxVersion/4.6.28207.03",
          "OSName/Windows",
          "OSVersion/Microsoft.Windows.10.0.18363.",
          "Microsoft.Azure.Management.Internal.Resources.ResourceManagementClient/1.3.13"
        ]
      },
      "ResponseHeaders": {
        "Cache-Control": [
          "no-cache"
        ],
        "Pragma": [
          "no-cache"
        ],
        "Location": [
          "https://management.azure.com/subscriptions/947d47b4-7883-4bb9-9d85-c5e8e2f572ce/operationresults/eyJqb2JJZCI6IlJFU09VUkNFR1JPVVBERUxFVElPTkpPQi1QUzY4ODctV0VTVFVTMiIsImpvYkxvY2F0aW9uIjoid2VzdHVzMiJ9?api-version=2016-09-01"
        ],
        "Retry-After": [
          "15"
        ],
        "x-ms-ratelimit-remaining-subscription-reads": [
          "11978"
        ],
        "x-ms-request-id": [
          "6500d1c1-86fd-4260-aad6-735f0ac3f905"
        ],
        "x-ms-correlation-request-id": [
          "6500d1c1-86fd-4260-aad6-735f0ac3f905"
        ],
        "x-ms-routing-request-id": [
          "WESTEUROPE:20200507T125842Z:6500d1c1-86fd-4260-aad6-735f0ac3f905"
        ],
        "Strict-Transport-Security": [
          "max-age=31536000; includeSubDomains"
        ],
        "X-Content-Type-Options": [
          "nosniff"
        ],
        "Date": [
          "Thu, 07 May 2020 12:58:41 GMT"
        ],
        "Expires": [
          "-1"
        ],
        "Content-Length": [
          "0"
        ]
      },
      "ResponseBody": "",
      "StatusCode": 202
    },
    {
      "RequestUri": "/subscriptions/947d47b4-7883-4bb9-9d85-c5e8e2f572ce/operationresults/eyJqb2JJZCI6IlJFU09VUkNFR1JPVVBERUxFVElPTkpPQi1QUzY4ODctV0VTVFVTMiIsImpvYkxvY2F0aW9uIjoid2VzdHVzMiJ9?api-version=2016-09-01",
      "EncodedRequestUri": "L3N1YnNjcmlwdGlvbnMvOTQ3ZDQ3YjQtNzg4My00YmI5LTlkODUtYzVlOGUyZjU3MmNlL29wZXJhdGlvbnJlc3VsdHMvZXlKcWIySkpaQ0k2SWxKRlUwOVZVa05GUjFKUFZWQkVSVXhGVkVsUFRrcFBRaTFRVXpZNE9EY3RWMFZUVkZWVE1pSXNJbXB2WWt4dlkyRjBhVzl1SWpvaWQyVnpkSFZ6TWlKOT9hcGktdmVyc2lvbj0yMDE2LTA5LTAx",
      "RequestMethod": "GET",
      "RequestBody": "",
      "RequestHeaders": {
        "User-Agent": [
          "FxVersion/4.6.28207.03",
          "OSName/Windows",
          "OSVersion/Microsoft.Windows.10.0.18363.",
          "Microsoft.Azure.Management.Internal.Resources.ResourceManagementClient/1.3.13"
        ]
      },
      "ResponseHeaders": {
        "Cache-Control": [
          "no-cache"
        ],
        "Pragma": [
          "no-cache"
        ],
        "Location": [
          "https://management.azure.com/subscriptions/947d47b4-7883-4bb9-9d85-c5e8e2f572ce/operationresults/eyJqb2JJZCI6IlJFU09VUkNFR1JPVVBERUxFVElPTkpPQi1QUzY4ODctV0VTVFVTMiIsImpvYkxvY2F0aW9uIjoid2VzdHVzMiJ9?api-version=2016-09-01"
        ],
        "Retry-After": [
          "15"
        ],
        "x-ms-ratelimit-remaining-subscription-reads": [
          "11977"
        ],
        "x-ms-request-id": [
          "f3e07c03-78d7-41f9-8f6e-8e4b32d576ba"
        ],
        "x-ms-correlation-request-id": [
          "f3e07c03-78d7-41f9-8f6e-8e4b32d576ba"
        ],
        "x-ms-routing-request-id": [
          "WESTEUROPE:20200507T125857Z:f3e07c03-78d7-41f9-8f6e-8e4b32d576ba"
        ],
        "Strict-Transport-Security": [
          "max-age=31536000; includeSubDomains"
        ],
        "X-Content-Type-Options": [
          "nosniff"
        ],
        "Date": [
          "Thu, 07 May 2020 12:58:57 GMT"
        ],
        "Expires": [
          "-1"
        ],
        "Content-Length": [
          "0"
        ]
      },
      "ResponseBody": "",
      "StatusCode": 202
    },
    {
      "RequestUri": "/subscriptions/947d47b4-7883-4bb9-9d85-c5e8e2f572ce/operationresults/eyJqb2JJZCI6IlJFU09VUkNFR1JPVVBERUxFVElPTkpPQi1QUzY4ODctV0VTVFVTMiIsImpvYkxvY2F0aW9uIjoid2VzdHVzMiJ9?api-version=2016-09-01",
      "EncodedRequestUri": "L3N1YnNjcmlwdGlvbnMvOTQ3ZDQ3YjQtNzg4My00YmI5LTlkODUtYzVlOGUyZjU3MmNlL29wZXJhdGlvbnJlc3VsdHMvZXlKcWIySkpaQ0k2SWxKRlUwOVZVa05GUjFKUFZWQkVSVXhGVkVsUFRrcFBRaTFRVXpZNE9EY3RWMFZUVkZWVE1pSXNJbXB2WWt4dlkyRjBhVzl1SWpvaWQyVnpkSFZ6TWlKOT9hcGktdmVyc2lvbj0yMDE2LTA5LTAx",
      "RequestMethod": "GET",
      "RequestBody": "",
      "RequestHeaders": {
        "User-Agent": [
          "FxVersion/4.6.28207.03",
          "OSName/Windows",
          "OSVersion/Microsoft.Windows.10.0.18363.",
          "Microsoft.Azure.Management.Internal.Resources.ResourceManagementClient/1.3.13"
        ]
      },
      "ResponseHeaders": {
        "Cache-Control": [
          "no-cache"
        ],
        "Pragma": [
          "no-cache"
        ],
        "Location": [
          "https://management.azure.com/subscriptions/947d47b4-7883-4bb9-9d85-c5e8e2f572ce/operationresults/eyJqb2JJZCI6IlJFU09VUkNFR1JPVVBERUxFVElPTkpPQi1QUzY4ODctV0VTVFVTMiIsImpvYkxvY2F0aW9uIjoid2VzdHVzMiJ9?api-version=2016-09-01"
        ],
        "Retry-After": [
          "15"
        ],
        "x-ms-ratelimit-remaining-subscription-reads": [
          "11976"
        ],
        "x-ms-request-id": [
          "72b3265e-90e5-4ec8-a217-b2d9a4116e45"
        ],
        "x-ms-correlation-request-id": [
          "72b3265e-90e5-4ec8-a217-b2d9a4116e45"
        ],
        "x-ms-routing-request-id": [
          "WESTEUROPE:20200507T125913Z:72b3265e-90e5-4ec8-a217-b2d9a4116e45"
        ],
        "Strict-Transport-Security": [
          "max-age=31536000; includeSubDomains"
        ],
        "X-Content-Type-Options": [
          "nosniff"
        ],
        "Date": [
          "Thu, 07 May 2020 12:59:12 GMT"
        ],
        "Expires": [
          "-1"
        ],
        "Content-Length": [
          "0"
        ]
      },
      "ResponseBody": "",
      "StatusCode": 202
    },
    {
      "RequestUri": "/subscriptions/947d47b4-7883-4bb9-9d85-c5e8e2f572ce/operationresults/eyJqb2JJZCI6IlJFU09VUkNFR1JPVVBERUxFVElPTkpPQi1QUzY4ODctV0VTVFVTMiIsImpvYkxvY2F0aW9uIjoid2VzdHVzMiJ9?api-version=2016-09-01",
      "EncodedRequestUri": "L3N1YnNjcmlwdGlvbnMvOTQ3ZDQ3YjQtNzg4My00YmI5LTlkODUtYzVlOGUyZjU3MmNlL29wZXJhdGlvbnJlc3VsdHMvZXlKcWIySkpaQ0k2SWxKRlUwOVZVa05GUjFKUFZWQkVSVXhGVkVsUFRrcFBRaTFRVXpZNE9EY3RWMFZUVkZWVE1pSXNJbXB2WWt4dlkyRjBhVzl1SWpvaWQyVnpkSFZ6TWlKOT9hcGktdmVyc2lvbj0yMDE2LTA5LTAx",
      "RequestMethod": "GET",
      "RequestBody": "",
      "RequestHeaders": {
        "User-Agent": [
          "FxVersion/4.6.28207.03",
          "OSName/Windows",
          "OSVersion/Microsoft.Windows.10.0.18363.",
          "Microsoft.Azure.Management.Internal.Resources.ResourceManagementClient/1.3.13"
        ]
      },
      "ResponseHeaders": {
        "Cache-Control": [
          "no-cache"
        ],
        "Pragma": [
          "no-cache"
        ],
        "x-ms-ratelimit-remaining-subscription-reads": [
          "11975"
        ],
        "x-ms-request-id": [
          "169317ae-def1-4815-aa1a-5ddddbe48378"
        ],
        "x-ms-correlation-request-id": [
          "169317ae-def1-4815-aa1a-5ddddbe48378"
        ],
        "x-ms-routing-request-id": [
          "WESTEUROPE:20200507T125928Z:169317ae-def1-4815-aa1a-5ddddbe48378"
        ],
        "Strict-Transport-Security": [
          "max-age=31536000; includeSubDomains"
        ],
        "X-Content-Type-Options": [
          "nosniff"
        ],
        "Date": [
          "Thu, 07 May 2020 12:59:27 GMT"
        ],
        "Expires": [
          "-1"
        ],
        "Content-Length": [
          "0"
        ]
      },
      "ResponseBody": "",
      "StatusCode": 200
    },
    {
      "RequestUri": "/subscriptions/947d47b4-7883-4bb9-9d85-c5e8e2f572ce/operationresults/eyJqb2JJZCI6IlJFU09VUkNFR1JPVVBERUxFVElPTkpPQi1QUzY4ODctV0VTVFVTMiIsImpvYkxvY2F0aW9uIjoid2VzdHVzMiJ9?api-version=2016-09-01",
      "EncodedRequestUri": "L3N1YnNjcmlwdGlvbnMvOTQ3ZDQ3YjQtNzg4My00YmI5LTlkODUtYzVlOGUyZjU3MmNlL29wZXJhdGlvbnJlc3VsdHMvZXlKcWIySkpaQ0k2SWxKRlUwOVZVa05GUjFKUFZWQkVSVXhGVkVsUFRrcFBRaTFRVXpZNE9EY3RWMFZUVkZWVE1pSXNJbXB2WWt4dlkyRjBhVzl1SWpvaWQyVnpkSFZ6TWlKOT9hcGktdmVyc2lvbj0yMDE2LTA5LTAx",
      "RequestMethod": "GET",
      "RequestBody": "",
      "RequestHeaders": {
        "User-Agent": [
          "FxVersion/4.6.28207.03",
          "OSName/Windows",
          "OSVersion/Microsoft.Windows.10.0.18363.",
          "Microsoft.Azure.Management.Internal.Resources.ResourceManagementClient/1.3.13"
        ]
      },
      "ResponseHeaders": {
        "Cache-Control": [
          "no-cache"
        ],
        "Pragma": [
          "no-cache"
        ],
        "x-ms-ratelimit-remaining-subscription-reads": [
          "11974"
        ],
        "x-ms-request-id": [
          "4c98638e-ba82-4bbf-b77d-01ea8352ab9b"
        ],
        "x-ms-correlation-request-id": [
          "4c98638e-ba82-4bbf-b77d-01ea8352ab9b"
        ],
        "x-ms-routing-request-id": [
          "WESTEUROPE:20200507T125929Z:4c98638e-ba82-4bbf-b77d-01ea8352ab9b"
        ],
        "Strict-Transport-Security": [
          "max-age=31536000; includeSubDomains"
        ],
        "X-Content-Type-Options": [
          "nosniff"
        ],
        "Date": [
          "Thu, 07 May 2020 12:59:28 GMT"
        ],
        "Expires": [
          "-1"
        ],
        "Content-Length": [
          "0"
        ]
      },
      "ResponseBody": "",
      "StatusCode": 200
    }
  ],
  "Names": {
    "Test-SnapshotCrud": [
      "ps6887",
      "ps5607",
      "ps2418",
      "ps5884",
      "ps5372",
      "ps9087"
    ]
  },
  "Variables": {
    "SubscriptionId": "947d47b4-7883-4bb9-9d85-c5e8e2f572ce"
  }
}