{
  "Entries": [
    {
      "RequestUri": "/subscriptions/f557b96d-2308-4a18-aae1-b8f7e7e70cc7/resourcegroups/pws-sdk-tests-rg-2?api-version=2016-09-01",
      "EncodedRequestUri": "L3N1YnNjcmlwdGlvbnMvZjU1N2I5NmQtMjMwOC00YTE4LWFhZTEtYjhmN2U3ZTcwY2M3L3Jlc291cmNlZ3JvdXBzL3B3cy1zZGstdGVzdHMtcmctMj9hcGktdmVyc2lvbj0yMDE2LTA5LTAx",
      "RequestMethod": "PUT",
      "RequestBody": "{\r\n  \"location\": \"eastus\"\r\n}",
      "RequestHeaders": {
        "x-ms-client-request-id": [
          "1e23c199-98a3-4495-b388-2530bcdbb505"
        ],
        "Accept-Language": [
          "en-US"
        ],
        "User-Agent": [
          "FxVersion/4.6.27019.06",
          "OSName/Windows",
          "OSVersion/Microsoft.Windows.10.0.17134.",
          "Microsoft.Azure.Management.Internal.Resources.ResourceManagementClient/1.1.17"
        ],
        "Content-Type": [
          "application/json; charset=utf-8"
        ],
        "Content-Length": [
          "28"
        ]
      },
      "ResponseHeaders": {
        "Cache-Control": [
          "no-cache"
        ],
        "Pragma": [
          "no-cache"
        ],
        "x-ms-ratelimit-remaining-subscription-writes": [
          "1199"
        ],
        "x-ms-request-id": [
          "d55a466d-70ed-4caa-b5b4-7d0328dd8695"
        ],
        "x-ms-correlation-request-id": [
          "d55a466d-70ed-4caa-b5b4-7d0328dd8695"
        ],
        "x-ms-routing-request-id": [
          "FRANCECENTRAL:20190325T120648Z:d55a466d-70ed-4caa-b5b4-7d0328dd8695"
        ],
        "Strict-Transport-Security": [
          "max-age=31536000; includeSubDomains"
        ],
        "X-Content-Type-Options": [
          "nosniff"
        ],
        "Date": [
          "Mon, 25 Mar 2019 12:06:47 GMT"
        ],
        "Content-Length": [
          "189"
        ],
        "Content-Type": [
          "application/json; charset=utf-8"
        ],
        "Expires": [
          "-1"
        ]
      },
      "ResponseBody": "{\r\n  \"id\": \"/subscriptions/f557b96d-2308-4a18-aae1-b8f7e7e70cc7/resourceGroups/pws-sdk-tests-rg-2\",\r\n  \"name\": \"pws-sdk-tests-rg-2\",\r\n  \"location\": \"eastus\",\r\n  \"properties\": {\r\n    \"provisioningState\": \"Succeeded\"\r\n  }\r\n}",
      "StatusCode": 201
    },
    {
      "RequestUri": "/subscriptions/f557b96d-2308-4a18-aae1-b8f7e7e70cc7/resourceGroups/pws-sdk-tests-rg-2/providers/Microsoft.Network/virtualNetworks/pws-sdk-tests-rg-2-vnet?api-version=2018-12-01",
      "EncodedRequestUri": "L3N1YnNjcmlwdGlvbnMvZjU1N2I5NmQtMjMwOC00YTE4LWFhZTEtYjhmN2U3ZTcwY2M3L3Jlc291cmNlR3JvdXBzL3B3cy1zZGstdGVzdHMtcmctMi9wcm92aWRlcnMvTWljcm9zb2Z0Lk5ldHdvcmsvdmlydHVhbE5ldHdvcmtzL3B3cy1zZGstdGVzdHMtcmctMi12bmV0P2FwaS12ZXJzaW9uPTIwMTgtMTItMDE=",
      "RequestMethod": "GET",
      "RequestBody": "",
      "RequestHeaders": {
        "x-ms-client-request-id": [
          "e66e2aad-ec74-4850-a303-f44a4f61aa3e"
        ],
        "Accept-Language": [
          "en-US"
        ],
        "User-Agent": [
          "FxVersion/4.6.27019.06",
          "OSName/Windows",
          "OSVersion/Microsoft.Windows.10.0.17134.",
          "Microsoft.Azure.Management.Network.NetworkManagementClient/19.9.0.0"
        ]
      },
      "ResponseHeaders": {
        "Cache-Control": [
          "no-cache"
        ],
        "Pragma": [
          "no-cache"
        ],
        "x-ms-failure-cause": [
          "gateway"
        ],
        "x-ms-request-id": [
          "94c1febf-1668-4cd9-ae43-dcb679ff592a"
        ],
        "x-ms-correlation-request-id": [
          "94c1febf-1668-4cd9-ae43-dcb679ff592a"
        ],
        "x-ms-routing-request-id": [
          "FRANCECENTRAL:20190325T120649Z:94c1febf-1668-4cd9-ae43-dcb679ff592a"
        ],
        "Strict-Transport-Security": [
          "max-age=31536000; includeSubDomains"
        ],
        "X-Content-Type-Options": [
          "nosniff"
        ],
        "Date": [
          "Mon, 25 Mar 2019 12:06:49 GMT"
        ],
        "Content-Type": [
          "application/json; charset=utf-8"
        ],
        "Expires": [
          "-1"
        ],
        "Content-Length": [
          "179"
        ]
      },
      "ResponseBody": "{\r\n  \"error\": {\r\n    \"code\": \"ResourceNotFound\",\r\n    \"message\": \"The Resource 'Microsoft.Network/virtualNetworks/pws-sdk-tests-rg-2-vnet' under resource group 'pws-sdk-tests-rg-2' was not found.\"\r\n  }\r\n}",
      "StatusCode": 404
    },
    {
      "RequestUri": "/subscriptions/f557b96d-2308-4a18-aae1-b8f7e7e70cc7/resourceGroups/pws-sdk-tests-rg-2/providers/Microsoft.Network/virtualNetworks/pws-sdk-tests-rg-2-vnet?api-version=2018-12-01",
      "EncodedRequestUri": "L3N1YnNjcmlwdGlvbnMvZjU1N2I5NmQtMjMwOC00YTE4LWFhZTEtYjhmN2U3ZTcwY2M3L3Jlc291cmNlR3JvdXBzL3B3cy1zZGstdGVzdHMtcmctMi9wcm92aWRlcnMvTWljcm9zb2Z0Lk5ldHdvcmsvdmlydHVhbE5ldHdvcmtzL3B3cy1zZGstdGVzdHMtcmctMi12bmV0P2FwaS12ZXJzaW9uPTIwMTgtMTItMDE=",
      "RequestMethod": "GET",
      "RequestBody": "",
      "RequestHeaders": {
        "User-Agent": [
          "FxVersion/4.6.27019.06",
          "OSName/Windows",
          "OSVersion/Microsoft.Windows.10.0.17134.",
          "Microsoft.Azure.Management.Network.NetworkManagementClient/19.9.0.0"
        ]
      },
      "ResponseHeaders": {
        "Cache-Control": [
          "no-cache"
        ],
        "Pragma": [
          "no-cache"
        ],
        "ETag": [
          "W/\"727f10c5-174b-4239-812e-73fcd2e106ca\""
        ],
        "x-ms-request-id": [
          "9dbe89c9-f927-427c-a8ff-013da0e54ff1"
        ],
        "x-ms-correlation-request-id": [
          "ca2d6ce7-967b-458f-a453-4ab716f0695f"
        ],
        "Strict-Transport-Security": [
          "max-age=31536000; includeSubDomains"
        ],
        "Server": [
          "Microsoft-HTTPAPI/2.0",
          "Microsoft-HTTPAPI/2.0"
        ],
        "x-ms-ratelimit-remaining-subscription-reads": [
          "11978"
        ],
        "x-ms-routing-request-id": [
          "FRANCECENTRAL:20190325T120654Z:ca2d6ce7-967b-458f-a453-4ab716f0695f"
        ],
        "X-Content-Type-Options": [
          "nosniff"
        ],
        "Date": [
          "Mon, 25 Mar 2019 12:06:54 GMT"
        ],
        "Content-Length": [
          "677"
        ],
        "Content-Type": [
          "application/json; charset=utf-8"
        ],
        "Expires": [
          "-1"
        ]
      },
      "ResponseBody": "{\r\n  \"name\": \"pws-sdk-tests-rg-2-vnet\",\r\n  \"id\": \"/subscriptions/f557b96d-2308-4a18-aae1-b8f7e7e70cc7/resourceGroups/pws-sdk-tests-rg-2/providers/Microsoft.Network/virtualNetworks/pws-sdk-tests-rg-2-vnet\",\r\n  \"etag\": \"W/\\\"727f10c5-174b-4239-812e-73fcd2e106ca\\\"\",\r\n  \"type\": \"Microsoft.Network/virtualNetworks\",\r\n  \"location\": \"eastus\",\r\n  \"properties\": {\r\n    \"provisioningState\": \"Succeeded\",\r\n    \"resourceGuid\": \"6894432f-c5f3-4131-b0a8-b766eb0989d6\",\r\n    \"addressSpace\": {\r\n      \"addressPrefixes\": [\r\n        \"10.0.0.0/16\"\r\n      ]\r\n    },\r\n    \"subnets\": [],\r\n    \"virtualNetworkPeerings\": [],\r\n    \"enableDdosProtection\": false,\r\n    \"enableVmProtection\": false\r\n  }\r\n}",
      "StatusCode": 200
    },
    {
      "RequestUri": "/subscriptions/f557b96d-2308-4a18-aae1-b8f7e7e70cc7/resourceGroups/pws-sdk-tests-rg-2/providers/Microsoft.Network/virtualNetworks/pws-sdk-tests-rg-2-vnet?api-version=2018-12-01",
      "EncodedRequestUri": "L3N1YnNjcmlwdGlvbnMvZjU1N2I5NmQtMjMwOC00YTE4LWFhZTEtYjhmN2U3ZTcwY2M3L3Jlc291cmNlR3JvdXBzL3B3cy1zZGstdGVzdHMtcmctMi9wcm92aWRlcnMvTWljcm9zb2Z0Lk5ldHdvcmsvdmlydHVhbE5ldHdvcmtzL3B3cy1zZGstdGVzdHMtcmctMi12bmV0P2FwaS12ZXJzaW9uPTIwMTgtMTItMDE=",
      "RequestMethod": "GET",
      "RequestBody": "",
      "RequestHeaders": {
        "x-ms-client-request-id": [
          "d3afd51f-ba2d-4208-8211-ab202e6274b7"
        ],
        "Accept-Language": [
          "en-US"
        ],
        "User-Agent": [
          "FxVersion/4.6.27019.06",
          "OSName/Windows",
          "OSVersion/Microsoft.Windows.10.0.17134.",
          "Microsoft.Azure.Management.Network.NetworkManagementClient/19.9.0.0"
        ]
      },
      "ResponseHeaders": {
        "Cache-Control": [
          "no-cache"
        ],
        "Pragma": [
          "no-cache"
        ],
        "ETag": [
          "W/\"727f10c5-174b-4239-812e-73fcd2e106ca\""
        ],
        "x-ms-request-id": [
          "f882d36e-2142-4df9-a4ba-6b681aaba47e"
        ],
        "x-ms-correlation-request-id": [
          "816e15ac-d511-483d-b6de-a3425d4046f9"
        ],
        "Strict-Transport-Security": [
          "max-age=31536000; includeSubDomains"
        ],
        "Server": [
          "Microsoft-HTTPAPI/2.0",
          "Microsoft-HTTPAPI/2.0"
        ],
        "x-ms-ratelimit-remaining-subscription-reads": [
          "11977"
        ],
        "x-ms-routing-request-id": [
          "FRANCECENTRAL:20190325T120654Z:816e15ac-d511-483d-b6de-a3425d4046f9"
        ],
        "X-Content-Type-Options": [
          "nosniff"
        ],
        "Date": [
          "Mon, 25 Mar 2019 12:06:54 GMT"
        ],
        "Content-Length": [
          "677"
        ],
        "Content-Type": [
          "application/json; charset=utf-8"
        ],
        "Expires": [
          "-1"
        ]
      },
      "ResponseBody": "{\r\n  \"name\": \"pws-sdk-tests-rg-2-vnet\",\r\n  \"id\": \"/subscriptions/f557b96d-2308-4a18-aae1-b8f7e7e70cc7/resourceGroups/pws-sdk-tests-rg-2/providers/Microsoft.Network/virtualNetworks/pws-sdk-tests-rg-2-vnet\",\r\n  \"etag\": \"W/\\\"727f10c5-174b-4239-812e-73fcd2e106ca\\\"\",\r\n  \"type\": \"Microsoft.Network/virtualNetworks\",\r\n  \"location\": \"eastus\",\r\n  \"properties\": {\r\n    \"provisioningState\": \"Succeeded\",\r\n    \"resourceGuid\": \"6894432f-c5f3-4131-b0a8-b766eb0989d6\",\r\n    \"addressSpace\": {\r\n      \"addressPrefixes\": [\r\n        \"10.0.0.0/16\"\r\n      ]\r\n    },\r\n    \"subnets\": [],\r\n    \"virtualNetworkPeerings\": [],\r\n    \"enableDdosProtection\": false,\r\n    \"enableVmProtection\": false\r\n  }\r\n}",
      "StatusCode": 200
    },
    {
      "RequestUri": "/subscriptions/f557b96d-2308-4a18-aae1-b8f7e7e70cc7/resourceGroups/pws-sdk-tests-rg-2/providers/Microsoft.Network/virtualNetworks/pws-sdk-tests-rg-2-vnet?api-version=2018-12-01",
      "EncodedRequestUri": "L3N1YnNjcmlwdGlvbnMvZjU1N2I5NmQtMjMwOC00YTE4LWFhZTEtYjhmN2U3ZTcwY2M3L3Jlc291cmNlR3JvdXBzL3B3cy1zZGstdGVzdHMtcmctMi9wcm92aWRlcnMvTWljcm9zb2Z0Lk5ldHdvcmsvdmlydHVhbE5ldHdvcmtzL3B3cy1zZGstdGVzdHMtcmctMi12bmV0P2FwaS12ZXJzaW9uPTIwMTgtMTItMDE=",
      "RequestMethod": "GET",
      "RequestBody": "",
      "RequestHeaders": {
        "x-ms-client-request-id": [
          "5f27e48b-b280-4278-9fb3-7f3a99763f26"
        ],
        "Accept-Language": [
          "en-US"
        ],
        "User-Agent": [
          "FxVersion/4.6.27019.06",
          "OSName/Windows",
          "OSVersion/Microsoft.Windows.10.0.17134.",
          "Microsoft.Azure.Management.Network.NetworkManagementClient/19.9.0.0"
        ]
      },
      "ResponseHeaders": {
        "Cache-Control": [
          "no-cache"
        ],
        "Pragma": [
          "no-cache"
        ],
        "ETag": [
          "W/\"727f10c5-174b-4239-812e-73fcd2e106ca\""
        ],
        "x-ms-request-id": [
          "98903b94-eea8-4d34-8899-e6ce5f3d64fc"
        ],
        "x-ms-correlation-request-id": [
          "fcbcfd04-4aa3-4c4b-847f-7ea761c548de"
        ],
        "Strict-Transport-Security": [
          "max-age=31536000; includeSubDomains"
        ],
        "Server": [
          "Microsoft-HTTPAPI/2.0",
          "Microsoft-HTTPAPI/2.0"
        ],
        "x-ms-ratelimit-remaining-subscription-reads": [
          "11976"
        ],
        "x-ms-routing-request-id": [
          "FRANCECENTRAL:20190325T120655Z:fcbcfd04-4aa3-4c4b-847f-7ea761c548de"
        ],
        "X-Content-Type-Options": [
          "nosniff"
        ],
        "Date": [
          "Mon, 25 Mar 2019 12:06:54 GMT"
        ],
        "Content-Length": [
          "677"
        ],
        "Content-Type": [
          "application/json; charset=utf-8"
        ],
        "Expires": [
          "-1"
        ]
      },
      "ResponseBody": "{\r\n  \"name\": \"pws-sdk-tests-rg-2-vnet\",\r\n  \"id\": \"/subscriptions/f557b96d-2308-4a18-aae1-b8f7e7e70cc7/resourceGroups/pws-sdk-tests-rg-2/providers/Microsoft.Network/virtualNetworks/pws-sdk-tests-rg-2-vnet\",\r\n  \"etag\": \"W/\\\"727f10c5-174b-4239-812e-73fcd2e106ca\\\"\",\r\n  \"type\": \"Microsoft.Network/virtualNetworks\",\r\n  \"location\": \"eastus\",\r\n  \"properties\": {\r\n    \"provisioningState\": \"Succeeded\",\r\n    \"resourceGuid\": \"6894432f-c5f3-4131-b0a8-b766eb0989d6\",\r\n    \"addressSpace\": {\r\n      \"addressPrefixes\": [\r\n        \"10.0.0.0/16\"\r\n      ]\r\n    },\r\n    \"subnets\": [],\r\n    \"virtualNetworkPeerings\": [],\r\n    \"enableDdosProtection\": false,\r\n    \"enableVmProtection\": false\r\n  }\r\n}",
      "StatusCode": 200
    },
    {
      "RequestUri": "/subscriptions/f557b96d-2308-4a18-aae1-b8f7e7e70cc7/resourceGroups/pws-sdk-tests-rg-2/providers/Microsoft.Network/virtualNetworks/pws-sdk-tests-rg-2-vnet?api-version=2018-12-01",
      "EncodedRequestUri": "L3N1YnNjcmlwdGlvbnMvZjU1N2I5NmQtMjMwOC00YTE4LWFhZTEtYjhmN2U3ZTcwY2M3L3Jlc291cmNlR3JvdXBzL3B3cy1zZGstdGVzdHMtcmctMi9wcm92aWRlcnMvTWljcm9zb2Z0Lk5ldHdvcmsvdmlydHVhbE5ldHdvcmtzL3B3cy1zZGstdGVzdHMtcmctMi12bmV0P2FwaS12ZXJzaW9uPTIwMTgtMTItMDE=",
      "RequestMethod": "GET",
      "RequestBody": "",
      "RequestHeaders": {
        "User-Agent": [
          "FxVersion/4.6.27019.06",
          "OSName/Windows",
          "OSVersion/Microsoft.Windows.10.0.17134.",
          "Microsoft.Azure.Management.Network.NetworkManagementClient/19.9.0.0"
        ]
      },
      "ResponseHeaders": {
        "Cache-Control": [
          "no-cache"
        ],
        "Pragma": [
          "no-cache"
        ],
        "ETag": [
          "W/\"dfb40a9d-195b-4414-be94-ec7edfd42880\""
        ],
        "x-ms-request-id": [
          "f7d46e02-669d-47bd-8b98-0d538a8bc591"
        ],
        "x-ms-correlation-request-id": [
          "af9b44da-c958-4cf1-baf5-e5f8787c035e"
        ],
        "Strict-Transport-Security": [
          "max-age=31536000; includeSubDomains"
        ],
        "Server": [
          "Microsoft-HTTPAPI/2.0",
          "Microsoft-HTTPAPI/2.0"
        ],
        "x-ms-ratelimit-remaining-subscription-reads": [
          "11974"
        ],
        "x-ms-routing-request-id": [
          "FRANCECENTRAL:20190325T120658Z:af9b44da-c958-4cf1-baf5-e5f8787c035e"
        ],
        "X-Content-Type-Options": [
          "nosniff"
        ],
        "Date": [
          "Mon, 25 Mar 2019 12:06:58 GMT"
        ],
        "Content-Length": [
          "2119"
        ],
        "Content-Type": [
          "application/json; charset=utf-8"
        ],
        "Expires": [
          "-1"
        ]
      },
      "ResponseBody": "{\r\n  \"name\": \"pws-sdk-tests-rg-2-vnet\",\r\n  \"id\": \"/subscriptions/f557b96d-2308-4a18-aae1-b8f7e7e70cc7/resourceGroups/pws-sdk-tests-rg-2/providers/Microsoft.Network/virtualNetworks/pws-sdk-tests-rg-2-vnet\",\r\n  \"etag\": \"W/\\\"dfb40a9d-195b-4414-be94-ec7edfd42880\\\"\",\r\n  \"type\": \"Microsoft.Network/virtualNetworks\",\r\n  \"location\": \"eastus\",\r\n  \"properties\": {\r\n    \"provisioningState\": \"Succeeded\",\r\n    \"resourceGuid\": \"6894432f-c5f3-4131-b0a8-b766eb0989d6\",\r\n    \"addressSpace\": {\r\n      \"addressPrefixes\": [\r\n        \"10.0.0.0/16\"\r\n      ]\r\n    },\r\n    \"dhcpOptions\": {\r\n      \"dnsServers\": []\r\n    },\r\n    \"subnets\": [\r\n      {\r\n        \"name\": \"default\",\r\n        \"id\": \"/subscriptions/f557b96d-2308-4a18-aae1-b8f7e7e70cc7/resourceGroups/pws-sdk-tests-rg-2/providers/Microsoft.Network/virtualNetworks/pws-sdk-tests-rg-2-vnet/subnets/default\",\r\n        \"etag\": \"W/\\\"dfb40a9d-195b-4414-be94-ec7edfd42880\\\"\",\r\n        \"properties\": {\r\n          \"provisioningState\": \"Succeeded\",\r\n          \"addressPrefix\": \"10.0.1.0/24\",\r\n          \"serviceEndpoints\": [],\r\n          \"delegations\": [\r\n            {\r\n              \"name\": \"netAppVolumes\",\r\n              \"id\": \"/subscriptions/f557b96d-2308-4a18-aae1-b8f7e7e70cc7/resourceGroups/pws-sdk-tests-rg-2/providers/Microsoft.Network/virtualNetworks/pws-sdk-tests-rg-2-vnet/subnets/default/delegations/netAppVolumes\",\r\n              \"etag\": \"W/\\\"dfb40a9d-195b-4414-be94-ec7edfd42880\\\"\",\r\n              \"properties\": {\r\n                \"provisioningState\": \"Succeeded\",\r\n                \"serviceName\": \"Microsoft.Netapp/volumes\",\r\n                \"actions\": [\r\n                  \"Microsoft.Network/networkinterfaces/*\",\r\n                  \"Microsoft.Network/virtualNetworks/subnets/join/action\"\r\n                ]\r\n              },\r\n              \"type\": \"Microsoft.Network/virtualNetworks/subnets/delegations\"\r\n            }\r\n          ],\r\n          \"purpose\": \"HostedWorkloads\"\r\n        },\r\n        \"type\": \"Microsoft.Network/virtualNetworks/subnets\"\r\n      }\r\n    ],\r\n    \"virtualNetworkPeerings\": [],\r\n    \"enableDdosProtection\": false,\r\n    \"enableVmProtection\": false\r\n  }\r\n}",
      "StatusCode": 200
    },
    {
      "RequestUri": "/subscriptions/f557b96d-2308-4a18-aae1-b8f7e7e70cc7/resourceGroups/pws-sdk-tests-rg-2/providers/Microsoft.Network/virtualNetworks/pws-sdk-tests-rg-2-vnet?api-version=2018-12-01",
      "EncodedRequestUri": "L3N1YnNjcmlwdGlvbnMvZjU1N2I5NmQtMjMwOC00YTE4LWFhZTEtYjhmN2U3ZTcwY2M3L3Jlc291cmNlR3JvdXBzL3B3cy1zZGstdGVzdHMtcmctMi9wcm92aWRlcnMvTWljcm9zb2Z0Lk5ldHdvcmsvdmlydHVhbE5ldHdvcmtzL3B3cy1zZGstdGVzdHMtcmctMi12bmV0P2FwaS12ZXJzaW9uPTIwMTgtMTItMDE=",
      "RequestMethod": "GET",
      "RequestBody": "",
      "RequestHeaders": {
        "x-ms-client-request-id": [
          "bd006195-cca2-4dd9-8b9a-5d4f93acf92d"
        ],
        "Accept-Language": [
          "en-US"
        ],
        "User-Agent": [
          "FxVersion/4.6.27019.06",
          "OSName/Windows",
          "OSVersion/Microsoft.Windows.10.0.17134.",
          "Microsoft.Azure.Management.Network.NetworkManagementClient/19.9.0.0"
        ]
      },
      "ResponseHeaders": {
        "Cache-Control": [
          "no-cache"
        ],
        "Pragma": [
          "no-cache"
        ],
        "ETag": [
          "W/\"dfb40a9d-195b-4414-be94-ec7edfd42880\""
        ],
        "x-ms-request-id": [
          "78023171-b61c-4b7a-8117-3580f7affcf5"
        ],
        "x-ms-correlation-request-id": [
          "d02c337d-7c60-46ef-b7cc-198e2cb34c2c"
        ],
        "Strict-Transport-Security": [
          "max-age=31536000; includeSubDomains"
        ],
        "Server": [
          "Microsoft-HTTPAPI/2.0",
          "Microsoft-HTTPAPI/2.0"
        ],
        "x-ms-ratelimit-remaining-subscription-reads": [
          "11973"
        ],
        "x-ms-routing-request-id": [
          "FRANCECENTRAL:20190325T120658Z:d02c337d-7c60-46ef-b7cc-198e2cb34c2c"
        ],
        "X-Content-Type-Options": [
          "nosniff"
        ],
        "Date": [
          "Mon, 25 Mar 2019 12:06:58 GMT"
        ],
        "Content-Length": [
          "2119"
        ],
        "Content-Type": [
          "application/json; charset=utf-8"
        ],
        "Expires": [
          "-1"
        ]
      },
      "ResponseBody": "{\r\n  \"name\": \"pws-sdk-tests-rg-2-vnet\",\r\n  \"id\": \"/subscriptions/f557b96d-2308-4a18-aae1-b8f7e7e70cc7/resourceGroups/pws-sdk-tests-rg-2/providers/Microsoft.Network/virtualNetworks/pws-sdk-tests-rg-2-vnet\",\r\n  \"etag\": \"W/\\\"dfb40a9d-195b-4414-be94-ec7edfd42880\\\"\",\r\n  \"type\": \"Microsoft.Network/virtualNetworks\",\r\n  \"location\": \"eastus\",\r\n  \"properties\": {\r\n    \"provisioningState\": \"Succeeded\",\r\n    \"resourceGuid\": \"6894432f-c5f3-4131-b0a8-b766eb0989d6\",\r\n    \"addressSpace\": {\r\n      \"addressPrefixes\": [\r\n        \"10.0.0.0/16\"\r\n      ]\r\n    },\r\n    \"dhcpOptions\": {\r\n      \"dnsServers\": []\r\n    },\r\n    \"subnets\": [\r\n      {\r\n        \"name\": \"default\",\r\n        \"id\": \"/subscriptions/f557b96d-2308-4a18-aae1-b8f7e7e70cc7/resourceGroups/pws-sdk-tests-rg-2/providers/Microsoft.Network/virtualNetworks/pws-sdk-tests-rg-2-vnet/subnets/default\",\r\n        \"etag\": \"W/\\\"dfb40a9d-195b-4414-be94-ec7edfd42880\\\"\",\r\n        \"properties\": {\r\n          \"provisioningState\": \"Succeeded\",\r\n          \"addressPrefix\": \"10.0.1.0/24\",\r\n          \"serviceEndpoints\": [],\r\n          \"delegations\": [\r\n            {\r\n              \"name\": \"netAppVolumes\",\r\n              \"id\": \"/subscriptions/f557b96d-2308-4a18-aae1-b8f7e7e70cc7/resourceGroups/pws-sdk-tests-rg-2/providers/Microsoft.Network/virtualNetworks/pws-sdk-tests-rg-2-vnet/subnets/default/delegations/netAppVolumes\",\r\n              \"etag\": \"W/\\\"dfb40a9d-195b-4414-be94-ec7edfd42880\\\"\",\r\n              \"properties\": {\r\n                \"provisioningState\": \"Succeeded\",\r\n                \"serviceName\": \"Microsoft.Netapp/volumes\",\r\n                \"actions\": [\r\n                  \"Microsoft.Network/networkinterfaces/*\",\r\n                  \"Microsoft.Network/virtualNetworks/subnets/join/action\"\r\n                ]\r\n              },\r\n              \"type\": \"Microsoft.Network/virtualNetworks/subnets/delegations\"\r\n            }\r\n          ],\r\n          \"purpose\": \"HostedWorkloads\"\r\n        },\r\n        \"type\": \"Microsoft.Network/virtualNetworks/subnets\"\r\n      }\r\n    ],\r\n    \"virtualNetworkPeerings\": [],\r\n    \"enableDdosProtection\": false,\r\n    \"enableVmProtection\": false\r\n  }\r\n}",
      "StatusCode": 200
    },
    {
      "RequestUri": "/subscriptions/f557b96d-2308-4a18-aae1-b8f7e7e70cc7/resourceGroups/pws-sdk-tests-rg-2/providers/Microsoft.Network/virtualNetworks/pws-sdk-tests-rg-2-vnet?api-version=2018-12-01",
      "EncodedRequestUri": "L3N1YnNjcmlwdGlvbnMvZjU1N2I5NmQtMjMwOC00YTE4LWFhZTEtYjhmN2U3ZTcwY2M3L3Jlc291cmNlR3JvdXBzL3B3cy1zZGstdGVzdHMtcmctMi9wcm92aWRlcnMvTWljcm9zb2Z0Lk5ldHdvcmsvdmlydHVhbE5ldHdvcmtzL3B3cy1zZGstdGVzdHMtcmctMi12bmV0P2FwaS12ZXJzaW9uPTIwMTgtMTItMDE=",
      "RequestMethod": "PUT",
      "RequestBody": "{\r\n  \"properties\": {\r\n    \"addressSpace\": {\r\n      \"addressPrefixes\": [\r\n        \"10.0.0.0/16\"\r\n      ]\r\n    },\r\n    \"subnets\": [],\r\n    \"virtualNetworkPeerings\": [],\r\n    \"enableDdosProtection\": false\r\n  },\r\n  \"location\": \"eastus\"\r\n}",
      "RequestHeaders": {
        "x-ms-client-request-id": [
          "dd9b601b-dc21-4952-b8f9-f414065a9dbc"
        ],
        "Accept-Language": [
          "en-US"
        ],
        "User-Agent": [
          "FxVersion/4.6.27019.06",
          "OSName/Windows",
          "OSVersion/Microsoft.Windows.10.0.17134.",
          "Microsoft.Azure.Management.Network.NetworkManagementClient/19.9.0.0"
        ],
        "Content-Type": [
          "application/json; charset=utf-8"
        ],
        "Content-Length": [
          "234"
        ]
      },
      "ResponseHeaders": {
        "Cache-Control": [
          "no-cache"
        ],
        "Pragma": [
          "no-cache"
        ],
        "Retry-After": [
          "3"
        ],
        "x-ms-request-id": [
          "9066a644-49e6-4dc2-88ff-ba4929d9b127"
        ],
        "Azure-AsyncOperation": [
          "https://management.azure.com/subscriptions/f557b96d-2308-4a18-aae1-b8f7e7e70cc7/providers/Microsoft.Network/locations/eastus/operations/9066a644-49e6-4dc2-88ff-ba4929d9b127?api-version=2018-12-01"
        ],
        "x-ms-correlation-request-id": [
          "b55405a0-a386-4a7a-8555-72ab1c070713"
        ],
        "Strict-Transport-Security": [
          "max-age=31536000; includeSubDomains"
        ],
        "Server": [
          "Microsoft-HTTPAPI/2.0",
          "Microsoft-HTTPAPI/2.0"
        ],
        "x-ms-ratelimit-remaining-subscription-writes": [
          "1194"
        ],
        "x-ms-routing-request-id": [
          "FRANCECENTRAL:20190325T120650Z:b55405a0-a386-4a7a-8555-72ab1c070713"
        ],
        "X-Content-Type-Options": [
          "nosniff"
        ],
        "Date": [
          "Mon, 25 Mar 2019 12:06:50 GMT"
        ],
        "Content-Length": [
          "676"
        ],
        "Content-Type": [
          "application/json; charset=utf-8"
        ],
        "Expires": [
          "-1"
        ]
      },
      "ResponseBody": "{\r\n  \"name\": \"pws-sdk-tests-rg-2-vnet\",\r\n  \"id\": \"/subscriptions/f557b96d-2308-4a18-aae1-b8f7e7e70cc7/resourceGroups/pws-sdk-tests-rg-2/providers/Microsoft.Network/virtualNetworks/pws-sdk-tests-rg-2-vnet\",\r\n  \"etag\": \"W/\\\"88fec8ae-2182-4018-8a90-241fa693e688\\\"\",\r\n  \"type\": \"Microsoft.Network/virtualNetworks\",\r\n  \"location\": \"eastus\",\r\n  \"properties\": {\r\n    \"provisioningState\": \"Updating\",\r\n    \"resourceGuid\": \"6894432f-c5f3-4131-b0a8-b766eb0989d6\",\r\n    \"addressSpace\": {\r\n      \"addressPrefixes\": [\r\n        \"10.0.0.0/16\"\r\n      ]\r\n    },\r\n    \"subnets\": [],\r\n    \"virtualNetworkPeerings\": [],\r\n    \"enableDdosProtection\": false,\r\n    \"enableVmProtection\": false\r\n  }\r\n}",
      "StatusCode": 201
    },
    {
      "RequestUri": "/subscriptions/f557b96d-2308-4a18-aae1-b8f7e7e70cc7/resourceGroups/pws-sdk-tests-rg-2/providers/Microsoft.Network/virtualNetworks/pws-sdk-tests-rg-2-vnet?api-version=2018-12-01",
      "EncodedRequestUri": "L3N1YnNjcmlwdGlvbnMvZjU1N2I5NmQtMjMwOC00YTE4LWFhZTEtYjhmN2U3ZTcwY2M3L3Jlc291cmNlR3JvdXBzL3B3cy1zZGstdGVzdHMtcmctMi9wcm92aWRlcnMvTWljcm9zb2Z0Lk5ldHdvcmsvdmlydHVhbE5ldHdvcmtzL3B3cy1zZGstdGVzdHMtcmctMi12bmV0P2FwaS12ZXJzaW9uPTIwMTgtMTItMDE=",
      "RequestMethod": "PUT",
      "RequestBody": "{\r\n  \"properties\": {\r\n    \"addressSpace\": {\r\n      \"addressPrefixes\": [\r\n        \"10.0.0.0/16\"\r\n      ]\r\n    },\r\n    \"dhcpOptions\": {\r\n      \"dnsServers\": []\r\n    },\r\n    \"subnets\": [\r\n      {\r\n        \"properties\": {\r\n          \"addressPrefix\": \"10.0.1.0/24\",\r\n          \"addressPrefixes\": [],\r\n          \"serviceEndpoints\": [],\r\n          \"serviceEndpointPolicies\": [],\r\n          \"resourceNavigationLinks\": [],\r\n          \"serviceAssociationLinks\": [],\r\n          \"delegations\": [\r\n            {\r\n              \"properties\": {\r\n                \"serviceName\": \"Microsoft.Netapp/volumes\",\r\n                \"actions\": []\r\n              },\r\n              \"name\": \"netAppVolumes\"\r\n            }\r\n          ]\r\n        },\r\n        \"name\": \"default\"\r\n      }\r\n    ],\r\n    \"virtualNetworkPeerings\": [],\r\n    \"resourceGuid\": \"6894432f-c5f3-4131-b0a8-b766eb0989d6\",\r\n    \"provisioningState\": \"Succeeded\",\r\n    \"enableDdosProtection\": false\r\n  },\r\n  \"etag\": \"W/\\\"727f10c5-174b-4239-812e-73fcd2e106ca\\\"\",\r\n  \"id\": \"/subscriptions/f557b96d-2308-4a18-aae1-b8f7e7e70cc7/resourceGroups/pws-sdk-tests-rg-2/providers/Microsoft.Network/virtualNetworks/pws-sdk-tests-rg-2-vnet\",\r\n  \"location\": \"eastus\"\r\n}",
      "RequestHeaders": {
        "x-ms-client-request-id": [
          "a9a2fee1-52bb-4752-9ba6-32d948eb01e5"
        ],
        "Accept-Language": [
          "en-US"
        ],
        "User-Agent": [
          "FxVersion/4.6.27019.06",
          "OSName/Windows",
          "OSVersion/Microsoft.Windows.10.0.17134.",
          "Microsoft.Azure.Management.Network.NetworkManagementClient/19.9.0.0"
        ],
        "Content-Type": [
          "application/json; charset=utf-8"
        ],
        "Content-Length": [
          "1187"
        ]
      },
      "ResponseHeaders": {
        "Cache-Control": [
          "no-cache"
        ],
        "Pragma": [
          "no-cache"
        ],
        "Retry-After": [
          "3"
        ],
        "x-ms-request-id": [
          "e8a1b18b-4f71-46a9-a494-c7a33b2bd623"
        ],
        "Azure-AsyncOperation": [
          "https://management.azure.com/subscriptions/f557b96d-2308-4a18-aae1-b8f7e7e70cc7/providers/Microsoft.Network/locations/eastus/operations/e8a1b18b-4f71-46a9-a494-c7a33b2bd623?api-version=2018-12-01"
        ],
        "x-ms-correlation-request-id": [
          "0fe1fcde-fa7a-4b1a-9953-2fbe0d0dfe81"
        ],
        "Strict-Transport-Security": [
          "max-age=31536000; includeSubDomains"
        ],
        "Server": [
          "Microsoft-HTTPAPI/2.0",
          "Microsoft-HTTPAPI/2.0"
        ],
        "x-ms-ratelimit-remaining-subscription-writes": [
          "1193"
        ],
        "x-ms-routing-request-id": [
          "FRANCECENTRAL:20190325T120655Z:0fe1fcde-fa7a-4b1a-9953-2fbe0d0dfe81"
        ],
        "X-Content-Type-Options": [
          "nosniff"
        ],
        "Date": [
          "Mon, 25 Mar 2019 12:06:55 GMT"
        ],
        "Content-Length": [
          "2117"
        ],
        "Content-Type": [
          "application/json; charset=utf-8"
        ],
        "Expires": [
          "-1"
        ]
      },
      "ResponseBody": "{\r\n  \"name\": \"pws-sdk-tests-rg-2-vnet\",\r\n  \"id\": \"/subscriptions/f557b96d-2308-4a18-aae1-b8f7e7e70cc7/resourceGroups/pws-sdk-tests-rg-2/providers/Microsoft.Network/virtualNetworks/pws-sdk-tests-rg-2-vnet\",\r\n  \"etag\": \"W/\\\"f271144f-0536-4aa7-ae63-1fbbb17d8554\\\"\",\r\n  \"type\": \"Microsoft.Network/virtualNetworks\",\r\n  \"location\": \"eastus\",\r\n  \"properties\": {\r\n    \"provisioningState\": \"Updating\",\r\n    \"resourceGuid\": \"6894432f-c5f3-4131-b0a8-b766eb0989d6\",\r\n    \"addressSpace\": {\r\n      \"addressPrefixes\": [\r\n        \"10.0.0.0/16\"\r\n      ]\r\n    },\r\n    \"dhcpOptions\": {\r\n      \"dnsServers\": []\r\n    },\r\n    \"subnets\": [\r\n      {\r\n        \"name\": \"default\",\r\n        \"id\": \"/subscriptions/f557b96d-2308-4a18-aae1-b8f7e7e70cc7/resourceGroups/pws-sdk-tests-rg-2/providers/Microsoft.Network/virtualNetworks/pws-sdk-tests-rg-2-vnet/subnets/default\",\r\n        \"etag\": \"W/\\\"f271144f-0536-4aa7-ae63-1fbbb17d8554\\\"\",\r\n        \"properties\": {\r\n          \"provisioningState\": \"Updating\",\r\n          \"addressPrefix\": \"10.0.1.0/24\",\r\n          \"serviceEndpoints\": [],\r\n          \"delegations\": [\r\n            {\r\n              \"name\": \"netAppVolumes\",\r\n              \"id\": \"/subscriptions/f557b96d-2308-4a18-aae1-b8f7e7e70cc7/resourceGroups/pws-sdk-tests-rg-2/providers/Microsoft.Network/virtualNetworks/pws-sdk-tests-rg-2-vnet/subnets/default/delegations/netAppVolumes\",\r\n              \"etag\": \"W/\\\"f271144f-0536-4aa7-ae63-1fbbb17d8554\\\"\",\r\n              \"properties\": {\r\n                \"provisioningState\": \"Succeeded\",\r\n                \"serviceName\": \"Microsoft.Netapp/volumes\",\r\n                \"actions\": [\r\n                  \"Microsoft.Network/networkinterfaces/*\",\r\n                  \"Microsoft.Network/virtualNetworks/subnets/join/action\"\r\n                ]\r\n              },\r\n              \"type\": \"Microsoft.Network/virtualNetworks/subnets/delegations\"\r\n            }\r\n          ],\r\n          \"purpose\": \"HostedWorkloads\"\r\n        },\r\n        \"type\": \"Microsoft.Network/virtualNetworks/subnets\"\r\n      }\r\n    ],\r\n    \"virtualNetworkPeerings\": [],\r\n    \"enableDdosProtection\": false,\r\n    \"enableVmProtection\": false\r\n  }\r\n}",
      "StatusCode": 200
    },
    {
      "RequestUri": "/subscriptions/f557b96d-2308-4a18-aae1-b8f7e7e70cc7/providers/Microsoft.Network/locations/eastus/operations/9066a644-49e6-4dc2-88ff-ba4929d9b127?api-version=2018-12-01",
      "EncodedRequestUri": "L3N1YnNjcmlwdGlvbnMvZjU1N2I5NmQtMjMwOC00YTE4LWFhZTEtYjhmN2U3ZTcwY2M3L3Byb3ZpZGVycy9NaWNyb3NvZnQuTmV0d29yay9sb2NhdGlvbnMvZWFzdHVzL29wZXJhdGlvbnMvOTA2NmE2NDQtNDllNi00ZGMyLTg4ZmYtYmE0OTI5ZDliMTI3P2FwaS12ZXJzaW9uPTIwMTgtMTItMDE=",
      "RequestMethod": "GET",
      "RequestBody": "",
      "RequestHeaders": {
        "User-Agent": [
          "FxVersion/4.6.27019.06",
          "OSName/Windows",
          "OSVersion/Microsoft.Windows.10.0.17134.",
          "Microsoft.Azure.Management.Network.NetworkManagementClient/19.9.0.0"
        ]
      },
      "ResponseHeaders": {
        "Cache-Control": [
          "no-cache"
        ],
        "Pragma": [
          "no-cache"
        ],
        "x-ms-request-id": [
          "d366b918-31fb-48b1-8c36-6a6337a07c43"
        ],
        "x-ms-correlation-request-id": [
          "85f39444-b708-4683-ae44-377dc488c67b"
        ],
        "Strict-Transport-Security": [
          "max-age=31536000; includeSubDomains"
        ],
        "Server": [
          "Microsoft-HTTPAPI/2.0",
          "Microsoft-HTTPAPI/2.0"
        ],
        "x-ms-ratelimit-remaining-subscription-reads": [
          "11979"
        ],
        "x-ms-routing-request-id": [
          "FRANCECENTRAL:20190325T120654Z:85f39444-b708-4683-ae44-377dc488c67b"
        ],
        "X-Content-Type-Options": [
          "nosniff"
        ],
        "Date": [
          "Mon, 25 Mar 2019 12:06:54 GMT"
        ],
        "Content-Length": [
          "29"
        ],
        "Content-Type": [
          "application/json; charset=utf-8"
        ],
        "Expires": [
          "-1"
        ]
      },
      "ResponseBody": "{\r\n  \"status\": \"Succeeded\"\r\n}",
      "StatusCode": 200
    },
    {
      "RequestUri": "/subscriptions/f557b96d-2308-4a18-aae1-b8f7e7e70cc7/providers/Microsoft.Network/locations/eastus/operations/e8a1b18b-4f71-46a9-a494-c7a33b2bd623?api-version=2018-12-01",
      "EncodedRequestUri": "L3N1YnNjcmlwdGlvbnMvZjU1N2I5NmQtMjMwOC00YTE4LWFhZTEtYjhmN2U3ZTcwY2M3L3Byb3ZpZGVycy9NaWNyb3NvZnQuTmV0d29yay9sb2NhdGlvbnMvZWFzdHVzL29wZXJhdGlvbnMvZThhMWIxOGItNGY3MS00NmE5LWE0OTQtYzdhMzNiMmJkNjIzP2FwaS12ZXJzaW9uPTIwMTgtMTItMDE=",
      "RequestMethod": "GET",
      "RequestBody": "",
      "RequestHeaders": {
        "User-Agent": [
          "FxVersion/4.6.27019.06",
          "OSName/Windows",
          "OSVersion/Microsoft.Windows.10.0.17134.",
          "Microsoft.Azure.Management.Network.NetworkManagementClient/19.9.0.0"
        ]
      },
      "ResponseHeaders": {
        "Cache-Control": [
          "no-cache"
        ],
        "Pragma": [
          "no-cache"
        ],
        "x-ms-request-id": [
          "f767baca-e5d4-4209-a7d6-12b5cc6349d1"
        ],
        "x-ms-correlation-request-id": [
          "d77b3d5f-e02f-4386-be6c-0d71b01ff92f"
        ],
        "Strict-Transport-Security": [
          "max-age=31536000; includeSubDomains"
        ],
        "Server": [
          "Microsoft-HTTPAPI/2.0",
          "Microsoft-HTTPAPI/2.0"
        ],
        "x-ms-ratelimit-remaining-subscription-reads": [
          "11975"
        ],
        "x-ms-routing-request-id": [
          "FRANCECENTRAL:20190325T120658Z:d77b3d5f-e02f-4386-be6c-0d71b01ff92f"
        ],
        "X-Content-Type-Options": [
          "nosniff"
        ],
        "Date": [
          "Mon, 25 Mar 2019 12:06:58 GMT"
        ],
        "Content-Length": [
          "29"
        ],
        "Content-Type": [
          "application/json; charset=utf-8"
        ],
        "Expires": [
          "-1"
        ]
      },
      "ResponseBody": "{\r\n  \"status\": \"Succeeded\"\r\n}",
      "StatusCode": 200
    },
    {
      "RequestUri": "/subscriptions/f557b96d-2308-4a18-aae1-b8f7e7e70cc7/resourceGroups/pws-sdk-tests-rg-2/providers/Microsoft.NetApp/netAppAccounts/pws-sdk-acc-2?api-version=2017-08-15",
      "EncodedRequestUri": "L3N1YnNjcmlwdGlvbnMvZjU1N2I5NmQtMjMwOC00YTE4LWFhZTEtYjhmN2U3ZTcwY2M3L3Jlc291cmNlR3JvdXBzL3B3cy1zZGstdGVzdHMtcmctMi9wcm92aWRlcnMvTWljcm9zb2Z0Lk5ldEFwcC9uZXRBcHBBY2NvdW50cy9wd3Mtc2RrLWFjYy0yP2FwaS12ZXJzaW9uPTIwMTctMDgtMTU=",
      "RequestMethod": "PUT",
      "RequestBody": "{\r\n  \"location\": \"eastus\"\r\n}",
      "RequestHeaders": {
        "x-ms-client-request-id": [
          "015cad08-6b55-402e-9fd3-1b82f33c3d6f"
        ],
        "Accept-Language": [
          "en-US"
        ],
        "User-Agent": [
          "FxVersion/4.6.27019.06",
          "OSName/Windows",
          "OSVersion/Microsoft.Windows.10.0.17134.",
          "Microsoft.Azure.Management.NetApp.AzureNetAppFilesManagementClient/0.9.0.0"
        ],
        "Content-Type": [
          "application/json; charset=utf-8"
        ],
        "Content-Length": [
          "28"
        ]
      },
      "ResponseHeaders": {
        "Cache-Control": [
          "no-cache"
        ],
        "Pragma": [
          "no-cache"
        ],
        "ETag": [
          "W/\"datetime'2019-03-25T12%3A07%3A00.5511614Z'\""
        ],
        "x-ms-request-id": [
          "1db37ad7-43dc-4b55-8d1f-09efcc3dc207"
        ],
        "Azure-AsyncOperation": [
          "https://management.azure.com/subscriptions/f557b96d-2308-4a18-aae1-b8f7e7e70cc7/providers/Microsoft.NetApp/locations/eastus/operationResults/2556c7cf-239a-4776-8e2b-53e7b1ee0902?api-version=2017-08-15"
        ],
        "Server": [
          "Microsoft-IIS/10.0"
        ],
        "X-Powered-By": [
          "ASP.NET"
        ],
        "x-ms-ratelimit-remaining-subscription-writes": [
          "1192"
        ],
        "x-ms-correlation-request-id": [
          "cd9ba061-f104-457c-af86-ab6a8db43ba6"
        ],
        "x-ms-routing-request-id": [
          "FRANCECENTRAL:20190325T120700Z:cd9ba061-f104-457c-af86-ab6a8db43ba6"
        ],
        "Strict-Transport-Security": [
          "max-age=31536000; includeSubDomains"
        ],
        "X-Content-Type-Options": [
          "nosniff"
        ],
        "Date": [
          "Mon, 25 Mar 2019 12:07:00 GMT"
        ],
        "Content-Length": [
          "361"
        ],
        "Content-Type": [
          "application/json; charset=utf-8"
        ],
        "Expires": [
          "-1"
        ]
      },
      "ResponseBody": "{\r\n  \"id\": \"/subscriptions/f557b96d-2308-4a18-aae1-b8f7e7e70cc7/resourceGroups/pws-sdk-tests-rg-2/providers/Microsoft.NetApp/netAppAccounts/pws-sdk-acc-2\",\r\n  \"name\": \"pws-sdk-acc-2\",\r\n  \"type\": \"Microsoft.NetApp/netAppAccounts\",\r\n  \"etag\": \"W/\\\"datetime'2019-03-25T12%3A07%3A00.5511614Z'\\\"\",\r\n  \"location\": \"eastus\",\r\n  \"properties\": {\r\n    \"provisioningState\": \"Creating\",\r\n    \"name\": \"pws-sdk-acc-2\"\r\n  }\r\n}",
      "StatusCode": 201
    },
    {
      "RequestUri": "/subscriptions/f557b96d-2308-4a18-aae1-b8f7e7e70cc7/providers/Microsoft.NetApp/locations/eastus/operationResults/2556c7cf-239a-4776-8e2b-53e7b1ee0902?api-version=2017-08-15",
      "EncodedRequestUri": "L3N1YnNjcmlwdGlvbnMvZjU1N2I5NmQtMjMwOC00YTE4LWFhZTEtYjhmN2U3ZTcwY2M3L3Byb3ZpZGVycy9NaWNyb3NvZnQuTmV0QXBwL2xvY2F0aW9ucy9lYXN0dXMvb3BlcmF0aW9uUmVzdWx0cy8yNTU2YzdjZi0yMzlhLTQ3NzYtOGUyYi01M2U3YjFlZTA5MDI/YXBpLXZlcnNpb249MjAxNy0wOC0xNQ==",
      "RequestMethod": "GET",
      "RequestBody": "",
      "RequestHeaders": {
        "User-Agent": [
          "FxVersion/4.6.27019.06",
          "OSName/Windows",
          "OSVersion/Microsoft.Windows.10.0.17134.",
          "Microsoft.Azure.Management.NetApp.AzureNetAppFilesManagementClient/0.9.0.0"
        ]
      },
      "ResponseHeaders": {
        "Cache-Control": [
          "no-cache"
        ],
        "Pragma": [
          "no-cache"
        ],
        "x-ms-request-id": [
          "ebb492db-607f-4c84-ac4d-007dec60beba"
        ],
        "Server": [
          "Microsoft-IIS/10.0"
        ],
        "X-Powered-By": [
          "ASP.NET"
        ],
        "x-ms-ratelimit-remaining-subscription-reads": [
          "11972"
        ],
        "x-ms-correlation-request-id": [
          "55ad8445-c375-45c1-8f14-e31064325983"
        ],
        "x-ms-routing-request-id": [
          "FRANCECENTRAL:20190325T120731Z:55ad8445-c375-45c1-8f14-e31064325983"
        ],
        "Strict-Transport-Security": [
          "max-age=31536000; includeSubDomains"
        ],
        "X-Content-Type-Options": [
          "nosniff"
        ],
        "Date": [
          "Mon, 25 Mar 2019 12:07:30 GMT"
        ],
        "Content-Length": [
          "507"
        ],
        "Content-Type": [
          "application/json; charset=utf-8"
        ],
        "Expires": [
          "-1"
        ]
      },
      "ResponseBody": "{\r\n  \"id\": \"/subscriptions/f557b96d-2308-4a18-aae1-b8f7e7e70cc7/providers/Microsoft.NetApp/locations/eastus/operationResults/2556c7cf-239a-4776-8e2b-53e7b1ee0902\",\r\n  \"name\": \"2556c7cf-239a-4776-8e2b-53e7b1ee0902\",\r\n  \"status\": \"Succeeded\",\r\n  \"startTime\": \"2019-03-25T12:07:00.3006986Z\",\r\n  \"endTime\": \"2019-03-25T12:07:00.8163565Z\",\r\n  \"percentComplete\": 100.0,\r\n  \"properties\": {\r\n    \"resourceName\": \"/subscriptions/f557b96d-2308-4a18-aae1-b8f7e7e70cc7/resourceGroups/pws-sdk-tests-rg-2/providers/Microsoft.NetApp/netAppAccounts/pws-sdk-acc-2\"\r\n  }\r\n}",
      "StatusCode": 200
    },
    {
      "RequestUri": "/subscriptions/f557b96d-2308-4a18-aae1-b8f7e7e70cc7/resourceGroups/pws-sdk-tests-rg-2/providers/Microsoft.NetApp/netAppAccounts/pws-sdk-acc-2?api-version=2017-08-15",
      "EncodedRequestUri": "L3N1YnNjcmlwdGlvbnMvZjU1N2I5NmQtMjMwOC00YTE4LWFhZTEtYjhmN2U3ZTcwY2M3L3Jlc291cmNlR3JvdXBzL3B3cy1zZGstdGVzdHMtcmctMi9wcm92aWRlcnMvTWljcm9zb2Z0Lk5ldEFwcC9uZXRBcHBBY2NvdW50cy9wd3Mtc2RrLWFjYy0yP2FwaS12ZXJzaW9uPTIwMTctMDgtMTU=",
      "RequestMethod": "GET",
      "RequestBody": "",
      "RequestHeaders": {
        "User-Agent": [
          "FxVersion/4.6.27019.06",
          "OSName/Windows",
          "OSVersion/Microsoft.Windows.10.0.17134.",
          "Microsoft.Azure.Management.NetApp.AzureNetAppFilesManagementClient/0.9.0.0"
        ]
      },
      "ResponseHeaders": {
        "Cache-Control": [
          "no-cache"
        ],
        "Pragma": [
          "no-cache"
        ],
        "ETag": [
          "W/\"datetime'2019-03-25T12%3A07%3A00.9455339Z'\""
        ],
        "x-ms-request-id": [
          "993d2c77-88dd-44b3-9b7c-d1adb6758ee0"
        ],
        "Server": [
          "Microsoft-IIS/10.0"
        ],
        "X-Powered-By": [
          "ASP.NET"
        ],
        "x-ms-ratelimit-remaining-subscription-reads": [
          "11971"
        ],
        "x-ms-correlation-request-id": [
          "ca370159-a981-42b6-af42-f9118d124cee"
        ],
        "x-ms-routing-request-id": [
          "FRANCECENTRAL:20190325T120731Z:ca370159-a981-42b6-af42-f9118d124cee"
        ],
        "Strict-Transport-Security": [
          "max-age=31536000; includeSubDomains"
        ],
        "X-Content-Type-Options": [
          "nosniff"
        ],
        "Date": [
          "Mon, 25 Mar 2019 12:07:31 GMT"
        ],
        "Content-Length": [
          "362"
        ],
        "Content-Type": [
          "application/json; charset=utf-8"
        ],
        "Expires": [
          "-1"
        ]
      },
      "ResponseBody": "{\r\n  \"id\": \"/subscriptions/f557b96d-2308-4a18-aae1-b8f7e7e70cc7/resourceGroups/pws-sdk-tests-rg-2/providers/Microsoft.NetApp/netAppAccounts/pws-sdk-acc-2\",\r\n  \"name\": \"pws-sdk-acc-2\",\r\n  \"type\": \"Microsoft.NetApp/netAppAccounts\",\r\n  \"etag\": \"W/\\\"datetime'2019-03-25T12%3A07%3A00.9455339Z'\\\"\",\r\n  \"location\": \"eastus\",\r\n  \"properties\": {\r\n    \"provisioningState\": \"Succeeded\",\r\n    \"name\": \"pws-sdk-acc-2\"\r\n  }\r\n}",
      "StatusCode": 200
    },
    {
      "RequestUri": "/subscriptions/f557b96d-2308-4a18-aae1-b8f7e7e70cc7/resourceGroups/pws-sdk-tests-rg-2/providers/Microsoft.NetApp/netAppAccounts/pws-sdk-acc-2/capacityPools/pws-sdk-pool-1?api-version=2017-08-15",
      "EncodedRequestUri": "L3N1YnNjcmlwdGlvbnMvZjU1N2I5NmQtMjMwOC00YTE4LWFhZTEtYjhmN2U3ZTcwY2M3L3Jlc291cmNlR3JvdXBzL3B3cy1zZGstdGVzdHMtcmctMi9wcm92aWRlcnMvTWljcm9zb2Z0Lk5ldEFwcC9uZXRBcHBBY2NvdW50cy9wd3Mtc2RrLWFjYy0yL2NhcGFjaXR5UG9vbHMvcHdzLXNkay1wb29sLTE/YXBpLXZlcnNpb249MjAxNy0wOC0xNQ==",
      "RequestMethod": "PUT",
      "RequestBody": "{\r\n  \"location\": \"eastus\",\r\n  \"properties\": {\r\n    \"size\": 4398046511104,\r\n    \"serviceLevel\": \"Premium\"\r\n  }\r\n}",
      "RequestHeaders": {
        "x-ms-client-request-id": [
          "730a5d51-7a8d-4f48-83f4-81efd6042c9c"
        ],
        "Accept-Language": [
          "en-US"
        ],
        "User-Agent": [
          "FxVersion/4.6.27019.06",
          "OSName/Windows",
          "OSVersion/Microsoft.Windows.10.0.17134.",
          "Microsoft.Azure.Management.NetApp.AzureNetAppFilesManagementClient/0.9.0.0"
        ],
        "Content-Type": [
          "application/json; charset=utf-8"
        ],
        "Content-Length": [
          "112"
        ]
      },
      "ResponseHeaders": {
        "Cache-Control": [
          "no-cache"
        ],
        "Pragma": [
          "no-cache"
        ],
        "ETag": [
          "W/\"datetime'2019-03-25T12%3A07%3A32.3792662Z'\""
        ],
        "x-ms-request-id": [
          "fa733859-539d-42e2-9050-31d6c7d1ec78"
        ],
        "Azure-AsyncOperation": [
          "https://management.azure.com/subscriptions/f557b96d-2308-4a18-aae1-b8f7e7e70cc7/providers/Microsoft.NetApp/locations/eastus/operationResults/d11a94a8-d8b4-4f18-b6dc-215486cb72ed?api-version=2017-08-15"
        ],
        "Server": [
          "Microsoft-IIS/10.0"
        ],
        "X-Powered-By": [
          "ASP.NET"
        ],
        "x-ms-ratelimit-remaining-subscription-writes": [
          "1191"
        ],
        "x-ms-correlation-request-id": [
          "6726e3b8-373e-4b92-b94f-18252f674479"
        ],
        "x-ms-routing-request-id": [
          "FRANCECENTRAL:20190325T120732Z:6726e3b8-373e-4b92-b94f-18252f674479"
        ],
        "Strict-Transport-Security": [
          "max-age=31536000; includeSubDomains"
        ],
        "X-Content-Type-Options": [
          "nosniff"
        ],
        "Date": [
          "Mon, 25 Mar 2019 12:07:32 GMT"
        ],
        "Content-Length": [
          "442"
        ],
        "Content-Type": [
          "application/json; charset=utf-8"
        ],
        "Expires": [
          "-1"
        ]
      },
      "ResponseBody": "{\r\n  \"id\": \"/subscriptions/f557b96d-2308-4a18-aae1-b8f7e7e70cc7/resourceGroups/pws-sdk-tests-rg-2/providers/Microsoft.NetApp/netAppAccounts/pws-sdk-acc-2/capacityPools/pws-sdk-pool-1\",\r\n  \"name\": \"pws-sdk-acc-2/pws-sdk-pool-1\",\r\n  \"type\": \"Microsoft.NetApp/netAppAccounts/capacityPools\",\r\n  \"etag\": \"W/\\\"datetime'2019-03-25T12%3A07%3A32.3792662Z'\\\"\",\r\n  \"location\": \"eastus\",\r\n  \"properties\": {\r\n    \"size\": 4398046511104,\r\n    \"serviceLevel\": \"Premium\",\r\n    \"provisioningState\": \"Creating\"\r\n  }\r\n}",
      "StatusCode": 201
    },
    {
      "RequestUri": "/subscriptions/f557b96d-2308-4a18-aae1-b8f7e7e70cc7/providers/Microsoft.NetApp/locations/eastus/operationResults/d11a94a8-d8b4-4f18-b6dc-215486cb72ed?api-version=2017-08-15",
      "EncodedRequestUri": "L3N1YnNjcmlwdGlvbnMvZjU1N2I5NmQtMjMwOC00YTE4LWFhZTEtYjhmN2U3ZTcwY2M3L3Byb3ZpZGVycy9NaWNyb3NvZnQuTmV0QXBwL2xvY2F0aW9ucy9lYXN0dXMvb3BlcmF0aW9uUmVzdWx0cy9kMTFhOTRhOC1kOGI0LTRmMTgtYjZkYy0yMTU0ODZjYjcyZWQ/YXBpLXZlcnNpb249MjAxNy0wOC0xNQ==",
      "RequestMethod": "GET",
      "RequestBody": "",
      "RequestHeaders": {
        "User-Agent": [
          "FxVersion/4.6.27019.06",
          "OSName/Windows",
          "OSVersion/Microsoft.Windows.10.0.17134.",
          "Microsoft.Azure.Management.NetApp.AzureNetAppFilesManagementClient/0.9.0.0"
        ]
      },
      "ResponseHeaders": {
        "Cache-Control": [
          "no-cache"
        ],
        "Pragma": [
          "no-cache"
        ],
        "x-ms-request-id": [
          "378c4195-6118-4167-80b2-4368606c7369"
        ],
        "x-ms-ratelimit-remaining-subscription-reads": [
          "11970"
        ],
        "Server": [
          "Microsoft-IIS/10.0"
        ],
        "X-Powered-By": [
          "ASP.NET"
        ],
        "x-ms-correlation-request-id": [
          "d011fd8a-1a79-4581-be82-368858df0044"
        ],
        "x-ms-routing-request-id": [
          "FRANCECENTRAL:20190325T120802Z:d011fd8a-1a79-4581-be82-368858df0044"
        ],
        "Strict-Transport-Security": [
          "max-age=31536000; includeSubDomains"
        ],
        "X-Content-Type-Options": [
          "nosniff"
        ],
        "Date": [
          "Mon, 25 Mar 2019 12:08:02 GMT"
        ],
        "Content-Length": [
          "535"
        ],
        "Content-Type": [
          "application/json; charset=utf-8"
        ],
        "Expires": [
          "-1"
        ]
      },
      "ResponseBody": "{\r\n  \"id\": \"/subscriptions/f557b96d-2308-4a18-aae1-b8f7e7e70cc7/providers/Microsoft.NetApp/locations/eastus/operationResults/d11a94a8-d8b4-4f18-b6dc-215486cb72ed\",\r\n  \"name\": \"d11a94a8-d8b4-4f18-b6dc-215486cb72ed\",\r\n  \"status\": \"Succeeded\",\r\n  \"startTime\": \"2019-03-25T12:07:32.1879783Z\",\r\n  \"endTime\": \"2019-03-25T12:07:32.719209Z\",\r\n  \"percentComplete\": 100.0,\r\n  \"properties\": {\r\n    \"resourceName\": \"/subscriptions/f557b96d-2308-4a18-aae1-b8f7e7e70cc7/resourceGroups/pws-sdk-tests-rg-2/providers/Microsoft.NetApp/netAppAccounts/pws-sdk-acc-2/capacityPools/pws-sdk-pool-1\"\r\n  }\r\n}",
      "StatusCode": 200
    },
    {
      "RequestUri": "/subscriptions/f557b96d-2308-4a18-aae1-b8f7e7e70cc7/resourceGroups/pws-sdk-tests-rg-2/providers/Microsoft.NetApp/netAppAccounts/pws-sdk-acc-2/capacityPools/pws-sdk-pool-1?api-version=2017-08-15",
      "EncodedRequestUri": "L3N1YnNjcmlwdGlvbnMvZjU1N2I5NmQtMjMwOC00YTE4LWFhZTEtYjhmN2U3ZTcwY2M3L3Jlc291cmNlR3JvdXBzL3B3cy1zZGstdGVzdHMtcmctMi9wcm92aWRlcnMvTWljcm9zb2Z0Lk5ldEFwcC9uZXRBcHBBY2NvdW50cy9wd3Mtc2RrLWFjYy0yL2NhcGFjaXR5UG9vbHMvcHdzLXNkay1wb29sLTE/YXBpLXZlcnNpb249MjAxNy0wOC0xNQ==",
      "RequestMethod": "GET",
      "RequestBody": "",
      "RequestHeaders": {
        "User-Agent": [
          "FxVersion/4.6.27019.06",
          "OSName/Windows",
          "OSVersion/Microsoft.Windows.10.0.17134.",
          "Microsoft.Azure.Management.NetApp.AzureNetAppFilesManagementClient/0.9.0.0"
        ]
      },
      "ResponseHeaders": {
        "Cache-Control": [
          "no-cache"
        ],
        "Pragma": [
          "no-cache"
        ],
        "ETag": [
          "W/\"datetime'2019-03-25T12%3A07%3A32.853714Z'\""
        ],
        "x-ms-request-id": [
          "fc8e30cc-1842-47e7-9003-7d1fe5170bdd"
        ],
        "Server": [
          "Microsoft-IIS/10.0"
        ],
        "X-Powered-By": [
          "ASP.NET"
        ],
        "x-ms-ratelimit-remaining-subscription-reads": [
          "11969"
        ],
        "x-ms-correlation-request-id": [
          "86d3e51d-142f-4402-967b-bd5401350065"
        ],
        "x-ms-routing-request-id": [
          "FRANCECENTRAL:20190325T120804Z:86d3e51d-142f-4402-967b-bd5401350065"
        ],
        "Strict-Transport-Security": [
          "max-age=31536000; includeSubDomains"
        ],
        "X-Content-Type-Options": [
          "nosniff"
        ],
        "Date": [
          "Mon, 25 Mar 2019 12:08:04 GMT"
        ],
        "Content-Length": [
          "528"
        ],
        "Content-Type": [
          "application/json; charset=utf-8"
        ],
        "Expires": [
          "-1"
        ]
      },
      "ResponseBody": "{\r\n  \"id\": \"/subscriptions/f557b96d-2308-4a18-aae1-b8f7e7e70cc7/resourceGroups/pws-sdk-tests-rg-2/providers/Microsoft.NetApp/netAppAccounts/pws-sdk-acc-2/capacityPools/pws-sdk-pool-1\",\r\n  \"name\": \"pws-sdk-acc-2/pws-sdk-pool-1\",\r\n  \"type\": \"Microsoft.NetApp/netAppAccounts/capacityPools\",\r\n  \"etag\": \"W/\\\"datetime'2019-03-25T12%3A07%3A32.853714Z'\\\"\",\r\n  \"location\": \"eastus\",\r\n  \"properties\": {\r\n    \"poolId\": \"321553b3-f212-861d-548d-d007e732d295\",\r\n    \"name\": \"pws-sdk-acc-2/pws-sdk-pool-1\",\r\n    \"serviceLevel\": \"Premium\",\r\n    \"size\": 4398046511104,\r\n    \"provisioningState\": \"Succeeded\"\r\n  }\r\n}",
      "StatusCode": 200
    },
    {
      "RequestUri": "/subscriptions/f557b96d-2308-4a18-aae1-b8f7e7e70cc7/resourceGroups/pws-sdk-tests-rg-2/providers/Microsoft.NetApp/netAppAccounts/pws-sdk-acc-2/capacityPools/pws-sdk-pool-1/volumes/pws-sdk-vol-1?api-version=2017-08-15",
      "EncodedRequestUri": "L3N1YnNjcmlwdGlvbnMvZjU1N2I5NmQtMjMwOC00YTE4LWFhZTEtYjhmN2U3ZTcwY2M3L3Jlc291cmNlR3JvdXBzL3B3cy1zZGstdGVzdHMtcmctMi9wcm92aWRlcnMvTWljcm9zb2Z0Lk5ldEFwcC9uZXRBcHBBY2NvdW50cy9wd3Mtc2RrLWFjYy0yL2NhcGFjaXR5UG9vbHMvcHdzLXNkay1wb29sLTEvdm9sdW1lcy9wd3Mtc2RrLXZvbC0xP2FwaS12ZXJzaW9uPTIwMTctMDgtMTU=",
      "RequestMethod": "PUT",
      "RequestBody": "{\r\n  \"location\": \"eastus\",\r\n  \"properties\": {\r\n    \"creationToken\": \"pws-sdk-vol-1\",\r\n    \"serviceLevel\": \"Premium\",\r\n    \"usageThreshold\": 107374182400,\r\n    \"subnetId\": \"/subscriptions/f557b96d-2308-4a18-aae1-b8f7e7e70cc7/resourceGroups/pws-sdk-tests-rg-2/providers/Microsoft.Network/virtualNetworks/pws-sdk-tests-rg-2-vnet/subnets/default\"\r\n  }\r\n}",
      "RequestHeaders": {
        "x-ms-client-request-id": [
          "b5c7ba02-dd0c-48e4-86e1-7fd366b110ca"
        ],
        "Accept-Language": [
          "en-US"
        ],
        "User-Agent": [
          "FxVersion/4.6.27019.06",
          "OSName/Windows",
          "OSVersion/Microsoft.Windows.10.0.17134.",
          "Microsoft.Azure.Management.NetApp.AzureNetAppFilesManagementClient/0.9.0.0"
        ],
        "Content-Type": [
          "application/json; charset=utf-8"
        ],
        "Content-Length": [
          "350"
        ]
      },
      "ResponseHeaders": {
        "Cache-Control": [
          "no-cache"
        ],
        "Pragma": [
          "no-cache"
        ],
        "ETag": [
          "W/\"datetime'2019-03-25T12%3A08%3A06.0471096Z'\""
        ],
        "x-ms-request-id": [
          "85b2542f-7ca8-40e1-b28c-2d3c17d6e388"
        ],
        "Azure-AsyncOperation": [
          "https://management.azure.com/subscriptions/f557b96d-2308-4a18-aae1-b8f7e7e70cc7/providers/Microsoft.NetApp/locations/eastus/operationResults/27337b90-5550-4a03-9642-2d21a966cf43?api-version=2017-08-15"
        ],
        "Server": [
          "Microsoft-IIS/10.0"
        ],
        "X-Powered-By": [
          "ASP.NET"
        ],
        "x-ms-ratelimit-remaining-subscription-writes": [
          "1190"
        ],
        "x-ms-correlation-request-id": [
          "7d0769b5-a5f2-4d4e-ae9f-6549a1855d9c"
        ],
        "x-ms-routing-request-id": [
          "FRANCECENTRAL:20190325T120806Z:7d0769b5-a5f2-4d4e-ae9f-6549a1855d9c"
        ],
        "Strict-Transport-Security": [
          "max-age=31536000; includeSubDomains"
        ],
        "X-Content-Type-Options": [
          "nosniff"
        ],
        "Date": [
          "Mon, 25 Mar 2019 12:08:05 GMT"
        ],
        "Content-Length": [
          "710"
        ],
        "Content-Type": [
          "application/json; charset=utf-8"
        ],
        "Expires": [
          "-1"
        ]
      },
      "ResponseBody": "{\r\n  \"id\": \"/subscriptions/f557b96d-2308-4a18-aae1-b8f7e7e70cc7/resourceGroups/pws-sdk-tests-rg-2/providers/Microsoft.NetApp/netAppAccounts/pws-sdk-acc-2/capacityPools/pws-sdk-pool-1/volumes/pws-sdk-vol-1\",\r\n  \"name\": \"pws-sdk-acc-2/pws-sdk-pool-1/pws-sdk-vol-1\",\r\n  \"type\": \"Microsoft.NetApp/netAppAccounts/capacityPools/volumes\",\r\n  \"etag\": \"W/\\\"datetime'2019-03-25T12%3A08%3A06.0471096Z'\\\"\",\r\n  \"location\": \"eastus\",\r\n  \"properties\": {\r\n    \"creationToken\": \"pws-sdk-vol-1\",\r\n    \"serviceLevel\": \"Premium\",\r\n    \"usageThreshold\": 107374182400,\r\n    \"subnetId\": \"/subscriptions/f557b96d-2308-4a18-aae1-b8f7e7e70cc7/resourceGroups/pws-sdk-tests-rg-2/providers/Microsoft.Network/virtualNetworks/pws-sdk-tests-rg-2-vnet/subnets/default\",\r\n    \"provisioningState\": \"Creating\"\r\n  }\r\n}",
      "StatusCode": 201
    },
    {
      "RequestUri": "/subscriptions/f557b96d-2308-4a18-aae1-b8f7e7e70cc7/providers/Microsoft.NetApp/locations/eastus/operationResults/27337b90-5550-4a03-9642-2d21a966cf43?api-version=2017-08-15",
      "EncodedRequestUri": "L3N1YnNjcmlwdGlvbnMvZjU1N2I5NmQtMjMwOC00YTE4LWFhZTEtYjhmN2U3ZTcwY2M3L3Byb3ZpZGVycy9NaWNyb3NvZnQuTmV0QXBwL2xvY2F0aW9ucy9lYXN0dXMvb3BlcmF0aW9uUmVzdWx0cy8yNzMzN2I5MC01NTUwLTRhMDMtOTY0Mi0yZDIxYTk2NmNmNDM/YXBpLXZlcnNpb249MjAxNy0wOC0xNQ==",
      "RequestMethod": "GET",
      "RequestBody": "",
      "RequestHeaders": {
        "User-Agent": [
          "FxVersion/4.6.27019.06",
          "OSName/Windows",
          "OSVersion/Microsoft.Windows.10.0.17134.",
          "Microsoft.Azure.Management.NetApp.AzureNetAppFilesManagementClient/0.9.0.0"
        ]
      },
      "ResponseHeaders": {
        "Cache-Control": [
          "no-cache"
        ],
        "Pragma": [
          "no-cache"
        ],
        "x-ms-request-id": [
          "f12915e4-f230-457c-8a7c-644886788ac9"
        ],
        "Server": [
          "Microsoft-IIS/10.0"
        ],
        "X-Powered-By": [
          "ASP.NET"
        ],
        "x-ms-ratelimit-remaining-subscription-reads": [
          "11968"
        ],
        "x-ms-correlation-request-id": [
          "3ed09a94-bbe7-4a63-86b5-da658cc174c1"
        ],
        "x-ms-routing-request-id": [
          "FRANCECENTRAL:20190325T120836Z:3ed09a94-bbe7-4a63-86b5-da658cc174c1"
        ],
        "Strict-Transport-Security": [
          "max-age=31536000; includeSubDomains"
        ],
        "X-Content-Type-Options": [
          "nosniff"
        ],
        "Date": [
          "Mon, 25 Mar 2019 12:08:35 GMT"
        ],
        "Content-Length": [
          "547"
        ],
        "Content-Type": [
          "application/json; charset=utf-8"
        ],
        "Expires": [
          "-1"
        ]
      },
      "ResponseBody": "{\r\n  \"id\": \"/subscriptions/f557b96d-2308-4a18-aae1-b8f7e7e70cc7/providers/Microsoft.NetApp/locations/eastus/operationResults/27337b90-5550-4a03-9642-2d21a966cf43\",\r\n  \"name\": \"27337b90-5550-4a03-9642-2d21a966cf43\",\r\n  \"status\": \"Creating\",\r\n  \"startTime\": \"2019-03-25T12:08:05.9208435Z\",\r\n  \"endTime\": \"0001-01-01T00:00:00Z\",\r\n  \"percentComplete\": 0.0,\r\n  \"properties\": {\r\n    \"resourceName\": \"/subscriptions/f557b96d-2308-4a18-aae1-b8f7e7e70cc7/resourceGroups/pws-sdk-tests-rg-2/providers/Microsoft.NetApp/netAppAccounts/pws-sdk-acc-2/capacityPools/pws-sdk-pool-1/volumes/pws-sdk-vol-1\"\r\n  }\r\n}",
      "StatusCode": 200
    },
    {
      "RequestUri": "/subscriptions/f557b96d-2308-4a18-aae1-b8f7e7e70cc7/providers/Microsoft.NetApp/locations/eastus/operationResults/27337b90-5550-4a03-9642-2d21a966cf43?api-version=2017-08-15",
      "EncodedRequestUri": "L3N1YnNjcmlwdGlvbnMvZjU1N2I5NmQtMjMwOC00YTE4LWFhZTEtYjhmN2U3ZTcwY2M3L3Byb3ZpZGVycy9NaWNyb3NvZnQuTmV0QXBwL2xvY2F0aW9ucy9lYXN0dXMvb3BlcmF0aW9uUmVzdWx0cy8yNzMzN2I5MC01NTUwLTRhMDMtOTY0Mi0yZDIxYTk2NmNmNDM/YXBpLXZlcnNpb249MjAxNy0wOC0xNQ==",
      "RequestMethod": "GET",
      "RequestBody": "",
      "RequestHeaders": {
        "User-Agent": [
          "FxVersion/4.6.27019.06",
          "OSName/Windows",
          "OSVersion/Microsoft.Windows.10.0.17134.",
          "Microsoft.Azure.Management.NetApp.AzureNetAppFilesManagementClient/0.9.0.0"
        ]
      },
      "ResponseHeaders": {
        "Cache-Control": [
          "no-cache"
        ],
        "Pragma": [
          "no-cache"
        ],
        "x-ms-request-id": [
          "25506a79-a314-4d44-98c2-6e23f54e017c"
        ],
        "x-ms-ratelimit-remaining-subscription-reads": [
          "11967"
        ],
        "Server": [
          "Microsoft-IIS/10.0"
        ],
        "X-Powered-By": [
          "ASP.NET"
        ],
        "x-ms-correlation-request-id": [
          "edb8bad0-8cf2-4fb3-b2bf-23acfaba9ad7"
        ],
        "x-ms-routing-request-id": [
          "FRANCECENTRAL:20190325T120906Z:edb8bad0-8cf2-4fb3-b2bf-23acfaba9ad7"
        ],
        "Strict-Transport-Security": [
          "max-age=31536000; includeSubDomains"
        ],
        "X-Content-Type-Options": [
          "nosniff"
        ],
        "Date": [
          "Mon, 25 Mar 2019 12:09:05 GMT"
        ],
        "Content-Length": [
          "558"
        ],
        "Content-Type": [
          "application/json; charset=utf-8"
        ],
        "Expires": [
          "-1"
        ]
      },
      "ResponseBody": "{\r\n  \"id\": \"/subscriptions/f557b96d-2308-4a18-aae1-b8f7e7e70cc7/providers/Microsoft.NetApp/locations/eastus/operationResults/27337b90-5550-4a03-9642-2d21a966cf43\",\r\n  \"name\": \"27337b90-5550-4a03-9642-2d21a966cf43\",\r\n  \"status\": \"Succeeded\",\r\n  \"startTime\": \"2019-03-25T12:08:05.9208435Z\",\r\n  \"endTime\": \"2019-03-25T12:08:48.9233116Z\",\r\n  \"percentComplete\": 100.0,\r\n  \"properties\": {\r\n    \"resourceName\": \"/subscriptions/f557b96d-2308-4a18-aae1-b8f7e7e70cc7/resourceGroups/pws-sdk-tests-rg-2/providers/Microsoft.NetApp/netAppAccounts/pws-sdk-acc-2/capacityPools/pws-sdk-pool-1/volumes/pws-sdk-vol-1\"\r\n  }\r\n}",
      "StatusCode": 200
    },
    {
      "RequestUri": "/subscriptions/f557b96d-2308-4a18-aae1-b8f7e7e70cc7/resourceGroups/pws-sdk-tests-rg-2/providers/Microsoft.NetApp/netAppAccounts/pws-sdk-acc-2/capacityPools/pws-sdk-pool-1/volumes/pws-sdk-vol-1?api-version=2017-08-15",
      "EncodedRequestUri": "L3N1YnNjcmlwdGlvbnMvZjU1N2I5NmQtMjMwOC00YTE4LWFhZTEtYjhmN2U3ZTcwY2M3L3Jlc291cmNlR3JvdXBzL3B3cy1zZGstdGVzdHMtcmctMi9wcm92aWRlcnMvTWljcm9zb2Z0Lk5ldEFwcC9uZXRBcHBBY2NvdW50cy9wd3Mtc2RrLWFjYy0yL2NhcGFjaXR5UG9vbHMvcHdzLXNkay1wb29sLTEvdm9sdW1lcy9wd3Mtc2RrLXZvbC0xP2FwaS12ZXJzaW9uPTIwMTctMDgtMTU=",
      "RequestMethod": "GET",
      "RequestBody": "",
      "RequestHeaders": {
        "User-Agent": [
          "FxVersion/4.6.27019.06",
          "OSName/Windows",
          "OSVersion/Microsoft.Windows.10.0.17134.",
          "Microsoft.Azure.Management.NetApp.AzureNetAppFilesManagementClient/0.9.0.0"
        ]
      },
      "ResponseHeaders": {
        "Cache-Control": [
          "no-cache"
        ],
        "Pragma": [
          "no-cache"
        ],
        "ETag": [
          "W/\"datetime'2019-03-25T12%3A08%3A48.9606973Z'\""
        ],
        "x-ms-request-id": [
          "f24901bf-37c9-4035-8aaf-9b8e7bcd532c"
        ],
        "Server": [
          "Microsoft-IIS/10.0"
        ],
        "X-Powered-By": [
          "ASP.NET"
        ],
        "x-ms-ratelimit-remaining-subscription-reads": [
          "11966"
        ],
        "x-ms-correlation-request-id": [
          "81155525-53f3-44c2-a605-e61c060e5ac2"
        ],
        "x-ms-routing-request-id": [
          "FRANCECENTRAL:20190325T120907Z:81155525-53f3-44c2-a605-e61c060e5ac2"
        ],
        "Strict-Transport-Security": [
          "max-age=31536000; includeSubDomains"
        ],
        "X-Content-Type-Options": [
          "nosniff"
        ],
        "Date": [
          "Mon, 25 Mar 2019 12:09:06 GMT"
        ],
        "Content-Length": [
          "1397"
        ],
        "Content-Type": [
          "application/json; charset=utf-8"
        ],
        "Expires": [
          "-1"
        ]
      },
      "ResponseBody": "{\r\n  \"id\": \"/subscriptions/f557b96d-2308-4a18-aae1-b8f7e7e70cc7/resourceGroups/pws-sdk-tests-rg-2/providers/Microsoft.NetApp/netAppAccounts/pws-sdk-acc-2/capacityPools/pws-sdk-pool-1/volumes/pws-sdk-vol-1\",\r\n  \"name\": \"pws-sdk-acc-2/pws-sdk-pool-1/pws-sdk-vol-1\",\r\n  \"type\": \"Microsoft.NetApp/netAppAccounts/capacityPools/volumes\",\r\n  \"etag\": \"W/\\\"datetime'2019-03-25T12%3A08%3A48.9606973Z'\\\"\",\r\n  \"location\": \"eastus\",\r\n  \"properties\": {\r\n    \"provisioningState\": \"Succeeded\",\r\n    \"fileSystemId\": \"7380dc7f-cc1e-7289-eca4-c05170260b8e\",\r\n    \"serviceLevel\": \"Premium\",\r\n    \"creationToken\": \"pws-sdk-vol-1\",\r\n    \"ownerId\": \"d8026204-1052-421f-ab17-81a23301b01c\",\r\n    \"usageThreshold\": 107374182400,\r\n    \"usedBytes\": 0,\r\n    \"snapshotPolicy\": {\r\n      \"enabled\": false\r\n    },\r\n    \"exportPolicy\": {\r\n      \"rules\": [\r\n        {\r\n          \"ruleIndex\": 1,\r\n          \"unixReadOnly\": false,\r\n          \"unixReadWrite\": true,\r\n          \"cifs\": false,\r\n          \"nfsv3\": true,\r\n          \"nfsv4\": false,\r\n          \"allowedClients\": \"0.0.0.0/0\"\r\n        }\r\n      ]\r\n    },\r\n    \"protocolTypes\": [\r\n      \"NFSv3\"\r\n    ],\r\n    \"baremetalTenantId\": \"baremetalTenant_svm_d80262041052421fab1781a23301b01c_3544b87e\",\r\n    \"subnetId\": \"/subscriptions/f557b96d-2308-4a18-aae1-b8f7e7e70cc7/resourceGroups/pws-sdk-tests-rg-2/providers/Microsoft.Network/virtualNetworks/pws-sdk-tests-rg-2-vnet/subnets/default\",\r\n    \"mountTargets\": [\r\n      {\r\n        \"provisioningState\": \"Succeeded\",\r\n        \"mountTargetId\": \"9e8631ea-44da-6cfd-01db-9f516888a050\",\r\n        \"fileSystemId\": \"7380dc7f-cc1e-7289-eca4-c05170260b8e\",\r\n        \"startIp\": \"10.0.1.4\",\r\n        \"endIp\": \"10.0.1.4\",\r\n        \"gateway\": \"10.0.1.1\",\r\n        \"netmask\": \"255.255.255.0\",\r\n        \"ipAddress\": \"10.0.1.4\"\r\n      }\r\n    ]\r\n  }\r\n}",
      "StatusCode": 200
    },
    {
      "RequestUri": "/subscriptions/f557b96d-2308-4a18-aae1-b8f7e7e70cc7/resourceGroups/pws-sdk-tests-rg-2/providers/Microsoft.NetApp/netAppAccounts/pws-sdk-acc-2/capacityPools/pws-sdk-pool-1/volumes/pws-sdk-vol-1/snapshots/pws-sdk-snapshot-1?api-version=2017-08-15",
      "EncodedRequestUri": "L3N1YnNjcmlwdGlvbnMvZjU1N2I5NmQtMjMwOC00YTE4LWFhZTEtYjhmN2U3ZTcwY2M3L3Jlc291cmNlR3JvdXBzL3B3cy1zZGstdGVzdHMtcmctMi9wcm92aWRlcnMvTWljcm9zb2Z0Lk5ldEFwcC9uZXRBcHBBY2NvdW50cy9wd3Mtc2RrLWFjYy0yL2NhcGFjaXR5UG9vbHMvcHdzLXNkay1wb29sLTEvdm9sdW1lcy9wd3Mtc2RrLXZvbC0xL3NuYXBzaG90cy9wd3Mtc2RrLXNuYXBzaG90LTE/YXBpLXZlcnNpb249MjAxNy0wOC0xNQ==",
      "RequestMethod": "PUT",
      "RequestBody": "{\r\n  \"location\": \"eastus\",\r\n  \"properties\": {\r\n    \"fileSystemId\": \"7380dc7f-cc1e-7289-eca4-c05170260b8e\"\r\n  }\r\n}",
      "RequestHeaders": {
        "x-ms-client-request-id": [
          "97311b82-0757-44a7-b88e-2e8ae6d9d12b"
        ],
        "Accept-Language": [
          "en-US"
        ],
        "User-Agent": [
          "FxVersion/4.6.27019.06",
          "OSName/Windows",
          "OSVersion/Microsoft.Windows.10.0.17134.",
          "Microsoft.Azure.Management.NetApp.AzureNetAppFilesManagementClient/0.9.0.0"
        ],
        "Content-Type": [
          "application/json; charset=utf-8"
        ],
        "Content-Length": [
          "113"
        ]
      },
      "ResponseHeaders": {
        "Cache-Control": [
          "no-cache"
        ],
        "Pragma": [
          "no-cache"
        ],
        "x-ms-request-id": [
          "79d61888-2a0c-40a9-95f5-61be6ef0b092"
        ],
        "Server": [
          "Microsoft-IIS/10.0"
        ],
        "X-Powered-By": [
          "ASP.NET"
        ],
        "x-ms-ratelimit-remaining-subscription-writes": [
          "1189"
        ],
        "x-ms-correlation-request-id": [
          "2928ceff-4ae1-4480-b94e-eb11efc13bb5"
        ],
        "x-ms-routing-request-id": [
          "FRANCECENTRAL:20190325T120912Z:2928ceff-4ae1-4480-b94e-eb11efc13bb5"
        ],
        "Strict-Transport-Security": [
          "max-age=31536000; includeSubDomains"
        ],
        "X-Content-Type-Options": [
          "nosniff"
        ],
        "Date": [
          "Mon, 25 Mar 2019 12:09:11 GMT"
        ],
        "Content-Length": [
          "639"
        ],
        "Content-Type": [
          "application/json; charset=utf-8"
        ],
        "Expires": [
          "-1"
        ]
      },
      "ResponseBody": "{\r\n  \"id\": \"/subscriptions/f557b96d-2308-4a18-aae1-b8f7e7e70cc7/resourceGroups/pws-sdk-tests-rg-2/providers/Microsoft.NetApp/netAppAccounts/pws-sdk-acc-2/capacityPools/pws-sdk-pool-1/volumes/pws-sdk-vol-1/snapshots/pws-sdk-snapshot-1\",\r\n  \"name\": \"pws-sdk-acc-2/pws-sdk-pool-1/pws-sdk-vol-1/pws-sdk-snapshot-1\",\r\n  \"type\": \"Microsoft.NetApp/netAppAccounts/capacityPools/volumes/snapshots\",\r\n  \"etag\": \"3/25/2019 12:09:12 PM\",\r\n  \"location\": \"eastus\",\r\n  \"properties\": {\r\n    \"provisioningState\": \"Succeeded\",\r\n    \"snapshotId\": \"548146ef-c113-7057-7fb5-c26fe878e53b\",\r\n    \"fileSystemId\": \"7380dc7f-cc1e-7289-eca4-c05170260b8e\",\r\n    \"name\": \"pws-sdk-snapshot-1\",\r\n    \"created\": \"2019-03-25T12:09:09Z\"\r\n  }\r\n}",
      "StatusCode": 201
    },
    {
      "RequestUri": "/subscriptions/f557b96d-2308-4a18-aae1-b8f7e7e70cc7/resourceGroups/pws-sdk-tests-rg-2/providers/Microsoft.NetApp/netAppAccounts/pws-sdk-acc-2/capacityPools/pws-sdk-pool-1/volumes/pws-sdk-vol-1/snapshots/pws-sdk-snapshot-2?api-version=2017-08-15",
      "EncodedRequestUri": "L3N1YnNjcmlwdGlvbnMvZjU1N2I5NmQtMjMwOC00YTE4LWFhZTEtYjhmN2U3ZTcwY2M3L3Jlc291cmNlR3JvdXBzL3B3cy1zZGstdGVzdHMtcmctMi9wcm92aWRlcnMvTWljcm9zb2Z0Lk5ldEFwcC9uZXRBcHBBY2NvdW50cy9wd3Mtc2RrLWFjYy0yL2NhcGFjaXR5UG9vbHMvcHdzLXNkay1wb29sLTEvdm9sdW1lcy9wd3Mtc2RrLXZvbC0xL3NuYXBzaG90cy9wd3Mtc2RrLXNuYXBzaG90LTI/YXBpLXZlcnNpb249MjAxNy0wOC0xNQ==",
      "RequestMethod": "PUT",
      "RequestBody": "{\r\n  \"location\": \"eastus\",\r\n  \"properties\": {\r\n    \"fileSystemId\": \"7380dc7f-cc1e-7289-eca4-c05170260b8e\"\r\n  }\r\n}",
      "RequestHeaders": {
        "x-ms-client-request-id": [
          "40e32940-a70f-4a90-a5e5-6946986169b5"
        ],
        "Accept-Language": [
          "en-US"
        ],
        "User-Agent": [
          "FxVersion/4.6.27019.06",
          "OSName/Windows",
          "OSVersion/Microsoft.Windows.10.0.17134.",
          "Microsoft.Azure.Management.NetApp.AzureNetAppFilesManagementClient/0.9.0.0"
        ],
        "Content-Type": [
          "application/json; charset=utf-8"
        ],
        "Content-Length": [
          "113"
        ]
      },
      "ResponseHeaders": {
        "Cache-Control": [
          "no-cache"
        ],
        "Pragma": [
          "no-cache"
        ],
        "x-ms-request-id": [
          "a97fc41d-0d2a-4a6c-a08b-2e56bf0f80f1"
        ],
        "Server": [
          "Microsoft-IIS/10.0"
        ],
        "X-Powered-By": [
          "ASP.NET"
        ],
        "x-ms-ratelimit-remaining-subscription-writes": [
          "1188"
        ],
        "x-ms-correlation-request-id": [
          "8b82cafe-a058-43fd-b4c9-cad4af0b529d"
        ],
        "x-ms-routing-request-id": [
          "FRANCECENTRAL:20190325T120916Z:8b82cafe-a058-43fd-b4c9-cad4af0b529d"
        ],
        "Strict-Transport-Security": [
          "max-age=31536000; includeSubDomains"
        ],
        "X-Content-Type-Options": [
          "nosniff"
        ],
        "Date": [
          "Mon, 25 Mar 2019 12:09:16 GMT"
        ],
        "Content-Length": [
          "639"
        ],
        "Content-Type": [
          "application/json; charset=utf-8"
        ],
        "Expires": [
          "-1"
        ]
      },
      "ResponseBody": "{\r\n  \"id\": \"/subscriptions/f557b96d-2308-4a18-aae1-b8f7e7e70cc7/resourceGroups/pws-sdk-tests-rg-2/providers/Microsoft.NetApp/netAppAccounts/pws-sdk-acc-2/capacityPools/pws-sdk-pool-1/volumes/pws-sdk-vol-1/snapshots/pws-sdk-snapshot-2\",\r\n  \"name\": \"pws-sdk-acc-2/pws-sdk-pool-1/pws-sdk-vol-1/pws-sdk-snapshot-2\",\r\n  \"type\": \"Microsoft.NetApp/netAppAccounts/capacityPools/volumes/snapshots\",\r\n  \"etag\": \"3/25/2019 12:09:16 PM\",\r\n  \"location\": \"eastus\",\r\n  \"properties\": {\r\n    \"provisioningState\": \"Succeeded\",\r\n    \"snapshotId\": \"94139b51-d2a9-59c0-626c-d343542dc8b9\",\r\n    \"fileSystemId\": \"7380dc7f-cc1e-7289-eca4-c05170260b8e\",\r\n    \"name\": \"pws-sdk-snapshot-2\",\r\n    \"created\": \"2019-03-25T12:09:14Z\"\r\n  }\r\n}",
      "StatusCode": 201
    },
    {
      "RequestUri": "/subscriptions/f557b96d-2308-4a18-aae1-b8f7e7e70cc7/resourceGroups/pws-sdk-tests-rg-2/providers/Microsoft.NetApp/netAppAccounts/pws-sdk-acc-2/capacityPools/pws-sdk-pool-1/volumes/pws-sdk-vol-1/snapshots?api-version=2017-08-15",
      "EncodedRequestUri": "L3N1YnNjcmlwdGlvbnMvZjU1N2I5NmQtMjMwOC00YTE4LWFhZTEtYjhmN2U3ZTcwY2M3L3Jlc291cmNlR3JvdXBzL3B3cy1zZGstdGVzdHMtcmctMi9wcm92aWRlcnMvTWljcm9zb2Z0Lk5ldEFwcC9uZXRBcHBBY2NvdW50cy9wd3Mtc2RrLWFjYy0yL2NhcGFjaXR5UG9vbHMvcHdzLXNkay1wb29sLTEvdm9sdW1lcy9wd3Mtc2RrLXZvbC0xL3NuYXBzaG90cz9hcGktdmVyc2lvbj0yMDE3LTA4LTE1",
      "RequestMethod": "GET",
      "RequestBody": "",
      "RequestHeaders": {
        "x-ms-client-request-id": [
          "33977d5c-afea-48a8-82ce-ab285308fe00"
        ],
        "Accept-Language": [
          "en-US"
        ],
        "User-Agent": [
          "FxVersion/4.6.27019.06",
          "OSName/Windows",
          "OSVersion/Microsoft.Windows.10.0.17134.",
          "Microsoft.Azure.Management.NetApp.AzureNetAppFilesManagementClient/0.9.0.0"
        ]
      },
      "ResponseHeaders": {
        "Cache-Control": [
          "no-cache"
        ],
        "Pragma": [
          "no-cache"
        ],
        "x-ms-request-id": [
          "15c8a840-9b57-4c9c-a143-488e3382854e"
        ],
        "Server": [
          "Microsoft-IIS/10.0"
        ],
        "X-Powered-By": [
          "ASP.NET"
        ],
        "x-ms-ratelimit-remaining-subscription-reads": [
          "11965"
        ],
        "x-ms-correlation-request-id": [
          "9090957b-063a-4633-b62c-36b600d33357"
        ],
        "x-ms-routing-request-id": [
          "FRANCECENTRAL:20190325T120917Z:9090957b-063a-4633-b62c-36b600d33357"
        ],
        "Strict-Transport-Security": [
          "max-age=31536000; includeSubDomains"
        ],
        "X-Content-Type-Options": [
          "nosniff"
        ],
        "Date": [
          "Mon, 25 Mar 2019 12:09:17 GMT"
        ],
        "Content-Length": [
          "1229"
        ],
        "Content-Type": [
          "application/json; charset=utf-8"
        ],
        "Expires": [
          "-1"
        ]
      },
      "ResponseBody": "{\r\n  \"value\": [\r\n    {\r\n      \"id\": \"/subscriptions/f557b96d-2308-4a18-aae1-b8f7e7e70cc7/resourceGroups/pws-sdk-tests-rg-2/providers/Microsoft.NetApp/netAppAccounts/pws-sdk-acc-2/capacityPools/pws-sdk-pool-1/volumes/pws-sdk-vol-1/snapshots/pws-sdk-snapshot-1\",\r\n      \"name\": \"pws-sdk-acc-2/pws-sdk-pool-1/pws-sdk-vol-1/pws-sdk-snapshot-1\",\r\n      \"type\": \"Microsoft.NetApp/netAppAccounts/capacityPools/volumes/snapshots\",\r\n      \"location\": \"eastus\",\r\n      \"properties\": {\r\n        \"provisioningState\": \"Succeeded\",\r\n        \"snapshotId\": \"548146ef-c113-7057-7fb5-c26fe878e53b\",\r\n        \"fileSystemId\": \"7380dc7f-cc1e-7289-eca4-c05170260b8e\",\r\n        \"name\": \"pws-sdk-snapshot-1\",\r\n        \"created\": \"2019-03-25T12:09:09Z\"\r\n      }\r\n    },\r\n    {\r\n      \"id\": \"/subscriptions/f557b96d-2308-4a18-aae1-b8f7e7e70cc7/resourceGroups/pws-sdk-tests-rg-2/providers/Microsoft.NetApp/netAppAccounts/pws-sdk-acc-2/capacityPools/pws-sdk-pool-1/volumes/pws-sdk-vol-1/snapshots/pws-sdk-snapshot-2\",\r\n      \"name\": \"pws-sdk-acc-2/pws-sdk-pool-1/pws-sdk-vol-1/pws-sdk-snapshot-2\",\r\n      \"type\": \"Microsoft.NetApp/netAppAccounts/capacityPools/volumes/snapshots\",\r\n      \"location\": \"eastus\",\r\n      \"properties\": {\r\n        \"provisioningState\": \"Succeeded\",\r\n        \"snapshotId\": \"94139b51-d2a9-59c0-626c-d343542dc8b9\",\r\n        \"fileSystemId\": \"7380dc7f-cc1e-7289-eca4-c05170260b8e\",\r\n        \"name\": \"pws-sdk-snapshot-2\",\r\n        \"created\": \"2019-03-25T12:09:14Z\"\r\n      }\r\n    }\r\n  ]\r\n}",
      "StatusCode": 200
    },
    {
      "RequestUri": "/subscriptions/f557b96d-2308-4a18-aae1-b8f7e7e70cc7/resourceGroups/pws-sdk-tests-rg-2/providers/Microsoft.NetApp/netAppAccounts/pws-sdk-acc-2/capacityPools/pws-sdk-pool-1/volumes/pws-sdk-vol-1/snapshots?api-version=2017-08-15",
      "EncodedRequestUri": "L3N1YnNjcmlwdGlvbnMvZjU1N2I5NmQtMjMwOC00YTE4LWFhZTEtYjhmN2U3ZTcwY2M3L3Jlc291cmNlR3JvdXBzL3B3cy1zZGstdGVzdHMtcmctMi9wcm92aWRlcnMvTWljcm9zb2Z0Lk5ldEFwcC9uZXRBcHBBY2NvdW50cy9wd3Mtc2RrLWFjYy0yL2NhcGFjaXR5UG9vbHMvcHdzLXNkay1wb29sLTEvdm9sdW1lcy9wd3Mtc2RrLXZvbC0xL3NuYXBzaG90cz9hcGktdmVyc2lvbj0yMDE3LTA4LTE1",
      "RequestMethod": "GET",
      "RequestBody": "",
      "RequestHeaders": {
        "x-ms-client-request-id": [
          "6e5c4efa-b9f3-4bdc-bad8-ac8f4c28addd"
        ],
        "Accept-Language": [
          "en-US"
        ],
        "User-Agent": [
          "FxVersion/4.6.27019.06",
          "OSName/Windows",
          "OSVersion/Microsoft.Windows.10.0.17134.",
          "Microsoft.Azure.Management.NetApp.AzureNetAppFilesManagementClient/0.9.0.0"
        ]
      },
      "ResponseHeaders": {
        "Cache-Control": [
          "no-cache"
        ],
        "Pragma": [
          "no-cache"
        ],
        "x-ms-request-id": [
          "63f04dff-6c3c-436c-b5fa-a8e53337b642"
        ],
        "Server": [
          "Microsoft-IIS/10.0"
        ],
        "X-Powered-By": [
          "ASP.NET"
        ],
        "x-ms-ratelimit-remaining-subscription-reads": [
          "11962"
        ],
        "x-ms-correlation-request-id": [
          "b3b9bd57-e24d-4816-8ffe-168e43233cf9"
        ],
        "x-ms-routing-request-id": [
          "FRANCECENTRAL:20190325T120927Z:b3b9bd57-e24d-4816-8ffe-168e43233cf9"
        ],
        "Strict-Transport-Security": [
          "max-age=31536000; includeSubDomains"
        ],
        "X-Content-Type-Options": [
          "nosniff"
        ],
        "Date": [
          "Mon, 25 Mar 2019 12:09:27 GMT"
        ],
        "Content-Length": [
          "12"
        ],
        "Content-Type": [
          "application/json; charset=utf-8"
        ],
        "Expires": [
          "-1"
        ]
      },
      "ResponseBody": "{\r\n  \"value\": []\r\n}",
      "StatusCode": 200
    },
    {
      "RequestUri": "/subscriptions/f557b96d-2308-4a18-aae1-b8f7e7e70cc7/resourceGroups/pws-sdk-tests-rg-2/providers/Microsoft.NetApp/netAppAccounts/pws-sdk-acc-2/capacityPools/pws-sdk-pool-1/volumes/pws-sdk-vol-1/snapshots/pws-sdk-snapshot-1?api-version=2017-08-15",
      "EncodedRequestUri": "L3N1YnNjcmlwdGlvbnMvZjU1N2I5NmQtMjMwOC00YTE4LWFhZTEtYjhmN2U3ZTcwY2M3L3Jlc291cmNlR3JvdXBzL3B3cy1zZGstdGVzdHMtcmctMi9wcm92aWRlcnMvTWljcm9zb2Z0Lk5ldEFwcC9uZXRBcHBBY2NvdW50cy9wd3Mtc2RrLWFjYy0yL2NhcGFjaXR5UG9vbHMvcHdzLXNkay1wb29sLTEvdm9sdW1lcy9wd3Mtc2RrLXZvbC0xL3NuYXBzaG90cy9wd3Mtc2RrLXNuYXBzaG90LTE/YXBpLXZlcnNpb249MjAxNy0wOC0xNQ==",
      "RequestMethod": "GET",
      "RequestBody": "",
      "RequestHeaders": {
        "x-ms-client-request-id": [
          "75c8dfe1-519c-4757-93ee-108573bce345"
        ],
        "Accept-Language": [
          "en-US"
        ],
        "User-Agent": [
          "FxVersion/4.6.27019.06",
          "OSName/Windows",
          "OSVersion/Microsoft.Windows.10.0.17134.",
          "Microsoft.Azure.Management.NetApp.AzureNetAppFilesManagementClient/0.9.0.0"
        ]
      },
      "ResponseHeaders": {
        "Cache-Control": [
          "no-cache"
        ],
        "Pragma": [
          "no-cache"
        ],
        "x-ms-request-id": [
          "efc7de3f-92e6-438d-bb18-b7a857400491"
        ],
        "Server": [
          "Microsoft-IIS/10.0"
        ],
        "X-Powered-By": [
          "ASP.NET"
        ],
        "x-ms-ratelimit-remaining-subscription-reads": [
          "11964"
        ],
        "x-ms-correlation-request-id": [
          "1a81f311-0c22-42c3-b642-d86a9787e17a"
        ],
        "x-ms-routing-request-id": [
          "FRANCECENTRAL:20190325T120917Z:1a81f311-0c22-42c3-b642-d86a9787e17a"
        ],
        "Strict-Transport-Security": [
          "max-age=31536000; includeSubDomains"
        ],
        "X-Content-Type-Options": [
          "nosniff"
        ],
        "Date": [
          "Mon, 25 Mar 2019 12:09:17 GMT"
        ],
        "Content-Length": [
          "608"
        ],
        "Content-Type": [
          "application/json; charset=utf-8"
        ],
        "Expires": [
          "-1"
        ]
      },
      "ResponseBody": "{\r\n  \"id\": \"/subscriptions/f557b96d-2308-4a18-aae1-b8f7e7e70cc7/resourceGroups/pws-sdk-tests-rg-2/providers/Microsoft.NetApp/netAppAccounts/pws-sdk-acc-2/capacityPools/pws-sdk-pool-1/volumes/pws-sdk-vol-1/snapshots/pws-sdk-snapshot-1\",\r\n  \"name\": \"pws-sdk-acc-2/pws-sdk-pool-1/pws-sdk-vol-1/pws-sdk-snapshot-1\",\r\n  \"type\": \"Microsoft.NetApp/netAppAccounts/capacityPools/volumes/snapshots\",\r\n  \"location\": \"eastus\",\r\n  \"properties\": {\r\n    \"provisioningState\": \"Succeeded\",\r\n    \"snapshotId\": \"548146ef-c113-7057-7fb5-c26fe878e53b\",\r\n    \"fileSystemId\": \"7380dc7f-cc1e-7289-eca4-c05170260b8e\",\r\n    \"name\": \"pws-sdk-snapshot-1\",\r\n    \"created\": \"2019-03-25T12:09:09Z\"\r\n  }\r\n}",
      "StatusCode": 200
    },
    {
      "RequestUri": "/subscriptions/f557b96d-2308-4a18-aae1-b8f7e7e70cc7/resourceGroups/pws-sdk-tests-rg-2/providers/Microsoft.NetApp/netAppAccounts/pws-sdk-acc-2/capacityPools/pws-sdk-pool-1/volumes/pws-sdk-vol-1/snapshots/pws-sdk-snapshot-1?api-version=2017-08-15",
      "EncodedRequestUri": "L3N1YnNjcmlwdGlvbnMvZjU1N2I5NmQtMjMwOC00YTE4LWFhZTEtYjhmN2U3ZTcwY2M3L3Jlc291cmNlR3JvdXBzL3B3cy1zZGstdGVzdHMtcmctMi9wcm92aWRlcnMvTWljcm9zb2Z0Lk5ldEFwcC9uZXRBcHBBY2NvdW50cy9wd3Mtc2RrLWFjYy0yL2NhcGFjaXR5UG9vbHMvcHdzLXNkay1wb29sLTEvdm9sdW1lcy9wd3Mtc2RrLXZvbC0xL3NuYXBzaG90cy9wd3Mtc2RrLXNuYXBzaG90LTE/YXBpLXZlcnNpb249MjAxNy0wOC0xNQ==",
      "RequestMethod": "GET",
      "RequestBody": "",
      "RequestHeaders": {
        "x-ms-client-request-id": [
          "d8a7c19b-5732-4a03-b392-76b6a417c646"
        ],
        "Accept-Language": [
          "en-US"
        ],
        "User-Agent": [
          "FxVersion/4.6.27019.06",
          "OSName/Windows",
          "OSVersion/Microsoft.Windows.10.0.17134.",
          "Microsoft.Azure.Management.NetApp.AzureNetAppFilesManagementClient/0.9.0.0"
        ]
      },
      "ResponseHeaders": {
        "Cache-Control": [
          "no-cache"
        ],
        "Pragma": [
          "no-cache"
        ],
        "x-ms-request-id": [
          "4d29b29d-61ea-4a23-9797-548bdb9a6367"
        ],
        "Server": [
          "Microsoft-IIS/10.0"
        ],
        "X-Powered-By": [
          "ASP.NET"
        ],
        "x-ms-ratelimit-remaining-subscription-reads": [
          "11963"
        ],
        "x-ms-correlation-request-id": [
          "da502d51-ff07-4f2c-b826-5f3c8f8e5d4f"
        ],
        "x-ms-routing-request-id": [
          "FRANCECENTRAL:20190325T120918Z:da502d51-ff07-4f2c-b826-5f3c8f8e5d4f"
        ],
        "Strict-Transport-Security": [
          "max-age=31536000; includeSubDomains"
        ],
        "X-Content-Type-Options": [
          "nosniff"
        ],
        "Date": [
          "Mon, 25 Mar 2019 12:09:18 GMT"
        ],
        "Content-Length": [
          "608"
        ],
        "Content-Type": [
          "application/json; charset=utf-8"
        ],
        "Expires": [
          "-1"
        ]
      },
      "ResponseBody": "{\r\n  \"id\": \"/subscriptions/f557b96d-2308-4a18-aae1-b8f7e7e70cc7/resourceGroups/pws-sdk-tests-rg-2/providers/Microsoft.NetApp/netAppAccounts/pws-sdk-acc-2/capacityPools/pws-sdk-pool-1/volumes/pws-sdk-vol-1/snapshots/pws-sdk-snapshot-1\",\r\n  \"name\": \"pws-sdk-acc-2/pws-sdk-pool-1/pws-sdk-vol-1/pws-sdk-snapshot-1\",\r\n  \"type\": \"Microsoft.NetApp/netAppAccounts/capacityPools/volumes/snapshots\",\r\n  \"location\": \"eastus\",\r\n  \"properties\": {\r\n    \"provisioningState\": \"Succeeded\",\r\n    \"snapshotId\": \"548146ef-c113-7057-7fb5-c26fe878e53b\",\r\n    \"fileSystemId\": \"7380dc7f-cc1e-7289-eca4-c05170260b8e\",\r\n    \"name\": \"pws-sdk-snapshot-1\",\r\n    \"created\": \"2019-03-25T12:09:09Z\"\r\n  }\r\n}",
      "StatusCode": 200
    },
    {
      "RequestUri": "/subscriptions/f557b96d-2308-4a18-aae1-b8f7e7e70cc7/resourceGroups/pws-sdk-tests-rg-2/providers/Microsoft.NetApp/netAppAccounts/pws-sdk-acc-2/capacityPools/pws-sdk-pool-1/volumes/pws-sdk-vol-1/snapshots/pws-sdk-snapshot-1?api-version=2017-08-15",
      "EncodedRequestUri": "L3N1YnNjcmlwdGlvbnMvZjU1N2I5NmQtMjMwOC00YTE4LWFhZTEtYjhmN2U3ZTcwY2M3L3Jlc291cmNlR3JvdXBzL3B3cy1zZGstdGVzdHMtcmctMi9wcm92aWRlcnMvTWljcm9zb2Z0Lk5ldEFwcC9uZXRBcHBBY2NvdW50cy9wd3Mtc2RrLWFjYy0yL2NhcGFjaXR5UG9vbHMvcHdzLXNkay1wb29sLTEvdm9sdW1lcy9wd3Mtc2RrLXZvbC0xL3NuYXBzaG90cy9wd3Mtc2RrLXNuYXBzaG90LTE/YXBpLXZlcnNpb249MjAxNy0wOC0xNQ==",
      "RequestMethod": "DELETE",
      "RequestBody": "",
      "RequestHeaders": {
        "x-ms-client-request-id": [
          "fb3874ed-fe02-4f34-9987-06a9d5710599"
        ],
        "Accept-Language": [
          "en-US"
        ],
        "User-Agent": [
          "FxVersion/4.6.27019.06",
          "OSName/Windows",
          "OSVersion/Microsoft.Windows.10.0.17134.",
          "Microsoft.Azure.Management.NetApp.AzureNetAppFilesManagementClient/0.9.0.0"
        ]
      },
      "ResponseHeaders": {
        "Cache-Control": [
          "no-cache"
        ],
        "Pragma": [
          "no-cache"
        ],
        "x-ms-request-id": [
          "9411e7ef-d23f-401d-b8a0-fd158e457eb2"
        ],
        "Server": [
          "Microsoft-IIS/10.0"
        ],
        "X-Powered-By": [
          "ASP.NET"
        ],
        "x-ms-ratelimit-remaining-subscription-deletes": [
          "14997"
        ],
        "x-ms-correlation-request-id": [
          "ba94abd3-b6b0-4d8c-9c13-3c18865268e4"
        ],
        "x-ms-routing-request-id": [
          "FRANCECENTRAL:20190325T120922Z:ba94abd3-b6b0-4d8c-9c13-3c18865268e4"
        ],
        "Strict-Transport-Security": [
          "max-age=31536000; includeSubDomains"
        ],
        "X-Content-Type-Options": [
          "nosniff"
        ],
        "Date": [
          "Mon, 25 Mar 2019 12:09:22 GMT"
        ],
        "Expires": [
          "-1"
        ],
        "Content-Length": [
          "0"
        ]
      },
      "ResponseBody": "",
      "StatusCode": 200
    },
    {
      "RequestUri": "/subscriptions/f557b96d-2308-4a18-aae1-b8f7e7e70cc7/resourceGroups/pws-sdk-tests-rg-2/providers/Microsoft.NetApp/netAppAccounts/pws-sdk-acc-2/capacityPools/pws-sdk-pool-1/volumes/pws-sdk-vol-1/snapshots/pws-sdk-snapshot-2?api-version=2017-08-15",
      "EncodedRequestUri": "L3N1YnNjcmlwdGlvbnMvZjU1N2I5NmQtMjMwOC00YTE4LWFhZTEtYjhmN2U3ZTcwY2M3L3Jlc291cmNlR3JvdXBzL3B3cy1zZGstdGVzdHMtcmctMi9wcm92aWRlcnMvTWljcm9zb2Z0Lk5ldEFwcC9uZXRBcHBBY2NvdW50cy9wd3Mtc2RrLWFjYy0yL2NhcGFjaXR5UG9vbHMvcHdzLXNkay1wb29sLTEvdm9sdW1lcy9wd3Mtc2RrLXZvbC0xL3NuYXBzaG90cy9wd3Mtc2RrLXNuYXBzaG90LTI/YXBpLXZlcnNpb249MjAxNy0wOC0xNQ==",
      "RequestMethod": "DELETE",
      "RequestBody": "",
      "RequestHeaders": {
        "x-ms-client-request-id": [
          "e9e15ac0-01d8-4dbe-ac1d-5a2a0d000385"
        ],
        "Accept-Language": [
          "en-US"
        ],
        "User-Agent": [
          "FxVersion/4.6.27019.06",
          "OSName/Windows",
          "OSVersion/Microsoft.Windows.10.0.17134.",
          "Microsoft.Azure.Management.NetApp.AzureNetAppFilesManagementClient/0.9.0.0"
        ]
      },
      "ResponseHeaders": {
        "Cache-Control": [
          "no-cache"
        ],
        "Pragma": [
          "no-cache"
        ],
        "x-ms-request-id": [
          "38d889db-cf2e-4ced-a7f1-7c1be0f6fdba"
        ],
        "Server": [
          "Microsoft-IIS/10.0"
        ],
        "X-Powered-By": [
          "ASP.NET"
        ],
        "x-ms-ratelimit-remaining-subscription-deletes": [
          "14996"
        ],
        "x-ms-correlation-request-id": [
          "0a06d113-b939-47e5-a436-2f4372a9b100"
        ],
        "x-ms-routing-request-id": [
          "FRANCECENTRAL:20190325T120927Z:0a06d113-b939-47e5-a436-2f4372a9b100"
        ],
        "Strict-Transport-Security": [
          "max-age=31536000; includeSubDomains"
        ],
        "X-Content-Type-Options": [
          "nosniff"
        ],
        "Date": [
          "Mon, 25 Mar 2019 12:09:27 GMT"
        ],
        "Expires": [
          "-1"
        ],
        "Content-Length": [
          "0"
        ]
      },
      "ResponseBody": "",
      "StatusCode": 200
    },
    {
      "RequestUri": "/subscriptions/f557b96d-2308-4a18-aae1-b8f7e7e70cc7/resourcegroups/pws-sdk-tests-rg-2?api-version=2016-09-01",
      "EncodedRequestUri": "L3N1YnNjcmlwdGlvbnMvZjU1N2I5NmQtMjMwOC00YTE4LWFhZTEtYjhmN2U3ZTcwY2M3L3Jlc291cmNlZ3JvdXBzL3B3cy1zZGstdGVzdHMtcmctMj9hcGktdmVyc2lvbj0yMDE2LTA5LTAx",
      "RequestMethod": "DELETE",
      "RequestBody": "",
      "RequestHeaders": {
        "x-ms-client-request-id": [
          "1cc2f620-028b-499e-b3e7-294bbe17d5e6"
        ],
        "Accept-Language": [
          "en-US"
        ],
        "User-Agent": [
          "FxVersion/4.6.27019.06",
          "OSName/Windows",
          "OSVersion/Microsoft.Windows.10.0.17134.",
          "Microsoft.Azure.Management.Internal.Resources.ResourceManagementClient/1.1.17"
        ]
      },
      "ResponseHeaders": {
        "Cache-Control": [
          "no-cache"
        ],
        "Pragma": [
          "no-cache"
        ],
        "Location": [
          "https://management.azure.com/subscriptions/f557b96d-2308-4a18-aae1-b8f7e7e70cc7/operationresults/eyJqb2JJZCI6IlJFU09VUkNFR1JPVVBERUxFVElPTkpPQi1QV1M6MkRTREs6MkRURVNUUzoyRFJHOjJEMi1FQVNUVVMiLCJqb2JMb2NhdGlvbiI6ImVhc3R1cyJ9?api-version=2016-09-01"
        ],
        "Retry-After": [
          "15"
        ],
        "x-ms-ratelimit-remaining-subscription-deletes": [
          "14999"
        ],
        "x-ms-request-id": [
          "27188beb-1c17-4b0e-b692-49cead4153b5"
        ],
        "x-ms-correlation-request-id": [
          "27188beb-1c17-4b0e-b692-49cead4153b5"
        ],
        "x-ms-routing-request-id": [
          "SOUTHEASTASIA:20190325T120933Z:27188beb-1c17-4b0e-b692-49cead4153b5"
        ],
        "Strict-Transport-Security": [
          "max-age=31536000; includeSubDomains"
        ],
        "X-Content-Type-Options": [
          "nosniff"
        ],
        "Date": [
          "Mon, 25 Mar 2019 12:09:32 GMT"
        ],
        "Expires": [
          "-1"
        ],
        "Content-Length": [
          "0"
        ]
      },
      "ResponseBody": "",
      "StatusCode": 202
    },
    {
      "RequestUri": "/subscriptions/f557b96d-2308-4a18-aae1-b8f7e7e70cc7/operationresults/eyJqb2JJZCI6IlJFU09VUkNFR1JPVVBERUxFVElPTkpPQi1QV1M6MkRTREs6MkRURVNUUzoyRFJHOjJEMi1FQVNUVVMiLCJqb2JMb2NhdGlvbiI6ImVhc3R1cyJ9?api-version=2016-09-01",
      "EncodedRequestUri": "L3N1YnNjcmlwdGlvbnMvZjU1N2I5NmQtMjMwOC00YTE4LWFhZTEtYjhmN2U3ZTcwY2M3L29wZXJhdGlvbnJlc3VsdHMvZXlKcWIySkpaQ0k2SWxKRlUwOVZVa05GUjFKUFZWQkVSVXhGVkVsUFRrcFBRaTFRVjFNNk1rUlRSRXM2TWtSVVJWTlVVem95UkZKSE9qSkVNaTFGUVZOVVZWTWlMQ0pxYjJKTWIyTmhkR2x2YmlJNkltVmhjM1IxY3lKOT9hcGktdmVyc2lvbj0yMDE2LTA5LTAx",
      "RequestMethod": "GET",
      "RequestBody": "",
      "RequestHeaders": {
        "User-Agent": [
          "FxVersion/4.6.27019.06",
          "OSName/Windows",
          "OSVersion/Microsoft.Windows.10.0.17134.",
          "Microsoft.Azure.Management.Internal.Resources.ResourceManagementClient/1.1.17"
        ]
      },
      "ResponseHeaders": {
        "Cache-Control": [
          "no-cache"
        ],
        "Pragma": [
          "no-cache"
        ],
        "Location": [
          "https://management.azure.com/subscriptions/f557b96d-2308-4a18-aae1-b8f7e7e70cc7/operationresults/eyJqb2JJZCI6IlJFU09VUkNFR1JPVVBERUxFVElPTkpPQi1QV1M6MkRTREs6MkRURVNUUzoyRFJHOjJEMi1FQVNUVVMiLCJqb2JMb2NhdGlvbiI6ImVhc3R1cyJ9?api-version=2016-09-01"
        ],
        "Retry-After": [
          "15"
        ],
        "x-ms-ratelimit-remaining-subscription-reads": [
          "11999"
        ],
        "x-ms-request-id": [
          "c09c1425-9007-4ae6-9f40-155d8d27bd0c"
        ],
        "x-ms-correlation-request-id": [
          "c09c1425-9007-4ae6-9f40-155d8d27bd0c"
        ],
        "x-ms-routing-request-id": [
          "SOUTHEASTASIA:20190325T120948Z:c09c1425-9007-4ae6-9f40-155d8d27bd0c"
        ],
        "Strict-Transport-Security": [
          "max-age=31536000; includeSubDomains"
        ],
        "X-Content-Type-Options": [
          "nosniff"
        ],
        "Date": [
          "Mon, 25 Mar 2019 12:09:48 GMT"
        ],
        "Expires": [
          "-1"
        ],
        "Content-Length": [
          "0"
        ]
      },
      "ResponseBody": "",
      "StatusCode": 202
    },
    {
      "RequestUri": "/subscriptions/f557b96d-2308-4a18-aae1-b8f7e7e70cc7/operationresults/eyJqb2JJZCI6IlJFU09VUkNFR1JPVVBERUxFVElPTkpPQi1QV1M6MkRTREs6MkRURVNUUzoyRFJHOjJEMi1FQVNUVVMiLCJqb2JMb2NhdGlvbiI6ImVhc3R1cyJ9?api-version=2016-09-01",
      "EncodedRequestUri": "L3N1YnNjcmlwdGlvbnMvZjU1N2I5NmQtMjMwOC00YTE4LWFhZTEtYjhmN2U3ZTcwY2M3L29wZXJhdGlvbnJlc3VsdHMvZXlKcWIySkpaQ0k2SWxKRlUwOVZVa05GUjFKUFZWQkVSVXhGVkVsUFRrcFBRaTFRVjFNNk1rUlRSRXM2TWtSVVJWTlVVem95UkZKSE9qSkVNaTFGUVZOVVZWTWlMQ0pxYjJKTWIyTmhkR2x2YmlJNkltVmhjM1IxY3lKOT9hcGktdmVyc2lvbj0yMDE2LTA5LTAx",
      "RequestMethod": "GET",
      "RequestBody": "",
      "RequestHeaders": {
        "User-Agent": [
          "FxVersion/4.6.27019.06",
          "OSName/Windows",
          "OSVersion/Microsoft.Windows.10.0.17134.",
          "Microsoft.Azure.Management.Internal.Resources.ResourceManagementClient/1.1.17"
        ]
      },
      "ResponseHeaders": {
        "Cache-Control": [
          "no-cache"
        ],
        "Pragma": [
          "no-cache"
        ],
        "Location": [
          "https://management.azure.com/subscriptions/f557b96d-2308-4a18-aae1-b8f7e7e70cc7/operationresults/eyJqb2JJZCI6IlJFU09VUkNFR1JPVVBERUxFVElPTkpPQi1QV1M6MkRTREs6MkRURVNUUzoyRFJHOjJEMi1FQVNUVVMiLCJqb2JMb2NhdGlvbiI6ImVhc3R1cyJ9?api-version=2016-09-01"
        ],
        "Retry-After": [
          "15"
        ],
        "x-ms-ratelimit-remaining-subscription-reads": [
          "11998"
        ],
        "x-ms-request-id": [
          "7bb51093-aca5-4577-ab10-099c4bfa9a79"
        ],
        "x-ms-correlation-request-id": [
          "7bb51093-aca5-4577-ab10-099c4bfa9a79"
        ],
        "x-ms-routing-request-id": [
          "SOUTHEASTASIA:20190325T121004Z:7bb51093-aca5-4577-ab10-099c4bfa9a79"
        ],
        "Strict-Transport-Security": [
          "max-age=31536000; includeSubDomains"
        ],
        "X-Content-Type-Options": [
          "nosniff"
        ],
        "Date": [
          "Mon, 25 Mar 2019 12:10:03 GMT"
        ],
        "Expires": [
          "-1"
        ],
        "Content-Length": [
          "0"
        ]
      },
      "ResponseBody": "",
      "StatusCode": 202
    },
    {
      "RequestUri": "/subscriptions/f557b96d-2308-4a18-aae1-b8f7e7e70cc7/operationresults/eyJqb2JJZCI6IlJFU09VUkNFR1JPVVBERUxFVElPTkpPQi1QV1M6MkRTREs6MkRURVNUUzoyRFJHOjJEMi1FQVNUVVMiLCJqb2JMb2NhdGlvbiI6ImVhc3R1cyJ9?api-version=2016-09-01",
      "EncodedRequestUri": "L3N1YnNjcmlwdGlvbnMvZjU1N2I5NmQtMjMwOC00YTE4LWFhZTEtYjhmN2U3ZTcwY2M3L29wZXJhdGlvbnJlc3VsdHMvZXlKcWIySkpaQ0k2SWxKRlUwOVZVa05GUjFKUFZWQkVSVXhGVkVsUFRrcFBRaTFRVjFNNk1rUlRSRXM2TWtSVVJWTlVVem95UkZKSE9qSkVNaTFGUVZOVVZWTWlMQ0pxYjJKTWIyTmhkR2x2YmlJNkltVmhjM1IxY3lKOT9hcGktdmVyc2lvbj0yMDE2LTA5LTAx",
      "RequestMethod": "GET",
      "RequestBody": "",
      "RequestHeaders": {
        "User-Agent": [
          "FxVersion/4.6.27019.06",
          "OSName/Windows",
          "OSVersion/Microsoft.Windows.10.0.17134.",
          "Microsoft.Azure.Management.Internal.Resources.ResourceManagementClient/1.1.17"
        ]
      },
      "ResponseHeaders": {
        "Cache-Control": [
          "no-cache"
        ],
        "Pragma": [
          "no-cache"
        ],
        "Location": [
          "https://management.azure.com/subscriptions/f557b96d-2308-4a18-aae1-b8f7e7e70cc7/operationresults/eyJqb2JJZCI6IlJFU09VUkNFR1JPVVBERUxFVElPTkpPQi1QV1M6MkRTREs6MkRURVNUUzoyRFJHOjJEMi1FQVNUVVMiLCJqb2JMb2NhdGlvbiI6ImVhc3R1cyJ9?api-version=2016-09-01"
        ],
        "Retry-After": [
          "15"
        ],
        "x-ms-ratelimit-remaining-subscription-reads": [
          "11997"
        ],
        "x-ms-request-id": [
          "20b0230b-08f3-4294-914f-bed32d710d7b"
        ],
        "x-ms-correlation-request-id": [
          "20b0230b-08f3-4294-914f-bed32d710d7b"
        ],
        "x-ms-routing-request-id": [
          "SOUTHEASTASIA:20190325T121020Z:20b0230b-08f3-4294-914f-bed32d710d7b"
        ],
        "Strict-Transport-Security": [
          "max-age=31536000; includeSubDomains"
        ],
        "X-Content-Type-Options": [
          "nosniff"
        ],
        "Date": [
          "Mon, 25 Mar 2019 12:10:19 GMT"
        ],
        "Expires": [
          "-1"
        ],
        "Content-Length": [
          "0"
        ]
      },
      "ResponseBody": "",
      "StatusCode": 202
    },
    {
      "RequestUri": "/subscriptions/f557b96d-2308-4a18-aae1-b8f7e7e70cc7/operationresults/eyJqb2JJZCI6IlJFU09VUkNFR1JPVVBERUxFVElPTkpPQi1QV1M6MkRTREs6MkRURVNUUzoyRFJHOjJEMi1FQVNUVVMiLCJqb2JMb2NhdGlvbiI6ImVhc3R1cyJ9?api-version=2016-09-01",
      "EncodedRequestUri": "L3N1YnNjcmlwdGlvbnMvZjU1N2I5NmQtMjMwOC00YTE4LWFhZTEtYjhmN2U3ZTcwY2M3L29wZXJhdGlvbnJlc3VsdHMvZXlKcWIySkpaQ0k2SWxKRlUwOVZVa05GUjFKUFZWQkVSVXhGVkVsUFRrcFBRaTFRVjFNNk1rUlRSRXM2TWtSVVJWTlVVem95UkZKSE9qSkVNaTFGUVZOVVZWTWlMQ0pxYjJKTWIyTmhkR2x2YmlJNkltVmhjM1IxY3lKOT9hcGktdmVyc2lvbj0yMDE2LTA5LTAx",
      "RequestMethod": "GET",
      "RequestBody": "",
      "RequestHeaders": {
        "User-Agent": [
          "FxVersion/4.6.27019.06",
          "OSName/Windows",
          "OSVersion/Microsoft.Windows.10.0.17134.",
          "Microsoft.Azure.Management.Internal.Resources.ResourceManagementClient/1.1.17"
        ]
      },
      "ResponseHeaders": {
        "Cache-Control": [
          "no-cache"
        ],
        "Pragma": [
          "no-cache"
        ],
        "Location": [
          "https://management.azure.com/subscriptions/f557b96d-2308-4a18-aae1-b8f7e7e70cc7/operationresults/eyJqb2JJZCI6IlJFU09VUkNFR1JPVVBERUxFVElPTkpPQi1QV1M6MkRTREs6MkRURVNUUzoyRFJHOjJEMi1FQVNUVVMiLCJqb2JMb2NhdGlvbiI6ImVhc3R1cyJ9?api-version=2016-09-01"
        ],
        "Retry-After": [
          "15"
        ],
        "x-ms-ratelimit-remaining-subscription-reads": [
          "11996"
        ],
        "x-ms-request-id": [
          "0af511d6-ef4b-4075-8eba-8a3486c06cdc"
        ],
        "x-ms-correlation-request-id": [
          "0af511d6-ef4b-4075-8eba-8a3486c06cdc"
        ],
        "x-ms-routing-request-id": [
          "SOUTHEASTASIA:20190325T121035Z:0af511d6-ef4b-4075-8eba-8a3486c06cdc"
        ],
        "Strict-Transport-Security": [
          "max-age=31536000; includeSubDomains"
        ],
        "X-Content-Type-Options": [
          "nosniff"
        ],
        "Date": [
          "Mon, 25 Mar 2019 12:10:35 GMT"
        ],
        "Expires": [
          "-1"
        ],
        "Content-Length": [
          "0"
        ]
      },
      "ResponseBody": "",
      "StatusCode": 202
    },
    {
      "RequestUri": "/subscriptions/f557b96d-2308-4a18-aae1-b8f7e7e70cc7/operationresults/eyJqb2JJZCI6IlJFU09VUkNFR1JPVVBERUxFVElPTkpPQi1QV1M6MkRTREs6MkRURVNUUzoyRFJHOjJEMi1FQVNUVVMiLCJqb2JMb2NhdGlvbiI6ImVhc3R1cyJ9?api-version=2016-09-01",
      "EncodedRequestUri": "L3N1YnNjcmlwdGlvbnMvZjU1N2I5NmQtMjMwOC00YTE4LWFhZTEtYjhmN2U3ZTcwY2M3L29wZXJhdGlvbnJlc3VsdHMvZXlKcWIySkpaQ0k2SWxKRlUwOVZVa05GUjFKUFZWQkVSVXhGVkVsUFRrcFBRaTFRVjFNNk1rUlRSRXM2TWtSVVJWTlVVem95UkZKSE9qSkVNaTFGUVZOVVZWTWlMQ0pxYjJKTWIyTmhkR2x2YmlJNkltVmhjM1IxY3lKOT9hcGktdmVyc2lvbj0yMDE2LTA5LTAx",
      "RequestMethod": "GET",
      "RequestBody": "",
      "RequestHeaders": {
        "User-Agent": [
          "FxVersion/4.6.27019.06",
          "OSName/Windows",
          "OSVersion/Microsoft.Windows.10.0.17134.",
          "Microsoft.Azure.Management.Internal.Resources.ResourceManagementClient/1.1.17"
        ]
      },
      "ResponseHeaders": {
        "Cache-Control": [
          "no-cache"
        ],
        "Pragma": [
          "no-cache"
        ],
        "Location": [
          "https://management.azure.com/subscriptions/f557b96d-2308-4a18-aae1-b8f7e7e70cc7/operationresults/eyJqb2JJZCI6IlJFU09VUkNFR1JPVVBERUxFVElPTkpPQi1QV1M6MkRTREs6MkRURVNUUzoyRFJHOjJEMi1FQVNUVVMiLCJqb2JMb2NhdGlvbiI6ImVhc3R1cyJ9?api-version=2016-09-01"
        ],
        "Retry-After": [
          "15"
        ],
        "x-ms-ratelimit-remaining-subscription-reads": [
          "11995"
        ],
        "x-ms-request-id": [
          "928321d2-3fa3-43ce-ab68-544c18dce046"
        ],
        "x-ms-correlation-request-id": [
          "928321d2-3fa3-43ce-ab68-544c18dce046"
        ],
        "x-ms-routing-request-id": [
          "SOUTHEASTASIA:20190325T121051Z:928321d2-3fa3-43ce-ab68-544c18dce046"
        ],
        "Strict-Transport-Security": [
          "max-age=31536000; includeSubDomains"
        ],
        "X-Content-Type-Options": [
          "nosniff"
        ],
        "Date": [
          "Mon, 25 Mar 2019 12:10:50 GMT"
        ],
        "Expires": [
          "-1"
        ],
        "Content-Length": [
          "0"
        ]
      },
      "ResponseBody": "",
      "StatusCode": 202
    },
    {
      "RequestUri": "/subscriptions/f557b96d-2308-4a18-aae1-b8f7e7e70cc7/operationresults/eyJqb2JJZCI6IlJFU09VUkNFR1JPVVBERUxFVElPTkpPQi1QV1M6MkRTREs6MkRURVNUUzoyRFJHOjJEMi1FQVNUVVMiLCJqb2JMb2NhdGlvbiI6ImVhc3R1cyJ9?api-version=2016-09-01",
      "EncodedRequestUri": "L3N1YnNjcmlwdGlvbnMvZjU1N2I5NmQtMjMwOC00YTE4LWFhZTEtYjhmN2U3ZTcwY2M3L29wZXJhdGlvbnJlc3VsdHMvZXlKcWIySkpaQ0k2SWxKRlUwOVZVa05GUjFKUFZWQkVSVXhGVkVsUFRrcFBRaTFRVjFNNk1rUlRSRXM2TWtSVVJWTlVVem95UkZKSE9qSkVNaTFGUVZOVVZWTWlMQ0pxYjJKTWIyTmhkR2x2YmlJNkltVmhjM1IxY3lKOT9hcGktdmVyc2lvbj0yMDE2LTA5LTAx",
      "RequestMethod": "GET",
      "RequestBody": "",
      "RequestHeaders": {
        "User-Agent": [
          "FxVersion/4.6.27019.06",
          "OSName/Windows",
          "OSVersion/Microsoft.Windows.10.0.17134.",
          "Microsoft.Azure.Management.Internal.Resources.ResourceManagementClient/1.1.17"
        ]
      },
      "ResponseHeaders": {
        "Cache-Control": [
          "no-cache"
        ],
        "Pragma": [
          "no-cache"
        ],
        "Location": [
          "https://management.azure.com/subscriptions/f557b96d-2308-4a18-aae1-b8f7e7e70cc7/operationresults/eyJqb2JJZCI6IlJFU09VUkNFR1JPVVBERUxFVElPTkpPQi1QV1M6MkRTREs6MkRURVNUUzoyRFJHOjJEMi1FQVNUVVMiLCJqb2JMb2NhdGlvbiI6ImVhc3R1cyJ9?api-version=2016-09-01"
        ],
        "Retry-After": [
          "15"
        ],
        "x-ms-ratelimit-remaining-subscription-reads": [
          "11994"
        ],
        "x-ms-request-id": [
          "f0f6b199-d5a3-4be0-af15-b59d6ba90e35"
        ],
        "x-ms-correlation-request-id": [
          "f0f6b199-d5a3-4be0-af15-b59d6ba90e35"
        ],
        "x-ms-routing-request-id": [
          "SOUTHEASTASIA:20190325T121107Z:f0f6b199-d5a3-4be0-af15-b59d6ba90e35"
        ],
        "Strict-Transport-Security": [
          "max-age=31536000; includeSubDomains"
        ],
        "X-Content-Type-Options": [
          "nosniff"
        ],
        "Date": [
          "Mon, 25 Mar 2019 12:11:07 GMT"
        ],
        "Expires": [
          "-1"
        ],
        "Content-Length": [
          "0"
        ]
      },
      "ResponseBody": "",
      "StatusCode": 202
    },
    {
      "RequestUri": "/subscriptions/f557b96d-2308-4a18-aae1-b8f7e7e70cc7/operationresults/eyJqb2JJZCI6IlJFU09VUkNFR1JPVVBERUxFVElPTkpPQi1QV1M6MkRTREs6MkRURVNUUzoyRFJHOjJEMi1FQVNUVVMiLCJqb2JMb2NhdGlvbiI6ImVhc3R1cyJ9?api-version=2016-09-01",
      "EncodedRequestUri": "L3N1YnNjcmlwdGlvbnMvZjU1N2I5NmQtMjMwOC00YTE4LWFhZTEtYjhmN2U3ZTcwY2M3L29wZXJhdGlvbnJlc3VsdHMvZXlKcWIySkpaQ0k2SWxKRlUwOVZVa05GUjFKUFZWQkVSVXhGVkVsUFRrcFBRaTFRVjFNNk1rUlRSRXM2TWtSVVJWTlVVem95UkZKSE9qSkVNaTFGUVZOVVZWTWlMQ0pxYjJKTWIyTmhkR2x2YmlJNkltVmhjM1IxY3lKOT9hcGktdmVyc2lvbj0yMDE2LTA5LTAx",
      "RequestMethod": "GET",
      "RequestBody": "",
      "RequestHeaders": {
        "User-Agent": [
          "FxVersion/4.6.27019.06",
          "OSName/Windows",
          "OSVersion/Microsoft.Windows.10.0.17134.",
          "Microsoft.Azure.Management.Internal.Resources.ResourceManagementClient/1.1.17"
        ]
      },
      "ResponseHeaders": {
        "Cache-Control": [
          "no-cache"
        ],
        "Pragma": [
          "no-cache"
        ],
        "Location": [
          "https://management.azure.com/subscriptions/f557b96d-2308-4a18-aae1-b8f7e7e70cc7/operationresults/eyJqb2JJZCI6IlJFU09VUkNFR1JPVVBERUxFVElPTkpPQi1QV1M6MkRTREs6MkRURVNUUzoyRFJHOjJEMi1FQVNUVVMiLCJqb2JMb2NhdGlvbiI6ImVhc3R1cyJ9?api-version=2016-09-01"
        ],
        "Retry-After": [
          "15"
        ],
        "x-ms-ratelimit-remaining-subscription-reads": [
          "11993"
        ],
        "x-ms-request-id": [
          "6bbf7d70-6a1e-49a3-a3dc-a2bdf2132f82"
        ],
        "x-ms-correlation-request-id": [
          "6bbf7d70-6a1e-49a3-a3dc-a2bdf2132f82"
        ],
        "x-ms-routing-request-id": [
          "SOUTHEASTASIA:20190325T121122Z:6bbf7d70-6a1e-49a3-a3dc-a2bdf2132f82"
        ],
        "Strict-Transport-Security": [
          "max-age=31536000; includeSubDomains"
        ],
        "X-Content-Type-Options": [
          "nosniff"
        ],
        "Date": [
          "Mon, 25 Mar 2019 12:11:22 GMT"
        ],
        "Expires": [
          "-1"
        ],
        "Content-Length": [
          "0"
        ]
      },
      "ResponseBody": "",
      "StatusCode": 202
    },
    {
      "RequestUri": "/subscriptions/f557b96d-2308-4a18-aae1-b8f7e7e70cc7/operationresults/eyJqb2JJZCI6IlJFU09VUkNFR1JPVVBERUxFVElPTkpPQi1QV1M6MkRTREs6MkRURVNUUzoyRFJHOjJEMi1FQVNUVVMiLCJqb2JMb2NhdGlvbiI6ImVhc3R1cyJ9?api-version=2016-09-01",
      "EncodedRequestUri": "L3N1YnNjcmlwdGlvbnMvZjU1N2I5NmQtMjMwOC00YTE4LWFhZTEtYjhmN2U3ZTcwY2M3L29wZXJhdGlvbnJlc3VsdHMvZXlKcWIySkpaQ0k2SWxKRlUwOVZVa05GUjFKUFZWQkVSVXhGVkVsUFRrcFBRaTFRVjFNNk1rUlRSRXM2TWtSVVJWTlVVem95UkZKSE9qSkVNaTFGUVZOVVZWTWlMQ0pxYjJKTWIyTmhkR2x2YmlJNkltVmhjM1IxY3lKOT9hcGktdmVyc2lvbj0yMDE2LTA5LTAx",
      "RequestMethod": "GET",
      "RequestBody": "",
      "RequestHeaders": {
        "User-Agent": [
          "FxVersion/4.6.27019.06",
          "OSName/Windows",
          "OSVersion/Microsoft.Windows.10.0.17134.",
          "Microsoft.Azure.Management.Internal.Resources.ResourceManagementClient/1.1.17"
        ]
      },
      "ResponseHeaders": {
        "Cache-Control": [
          "no-cache"
        ],
        "Pragma": [
          "no-cache"
        ],
        "Location": [
          "https://management.azure.com/subscriptions/f557b96d-2308-4a18-aae1-b8f7e7e70cc7/operationresults/eyJqb2JJZCI6IlJFU09VUkNFR1JPVVBERUxFVElPTkpPQi1QV1M6MkRTREs6MkRURVNUUzoyRFJHOjJEMi1FQVNUVVMiLCJqb2JMb2NhdGlvbiI6ImVhc3R1cyJ9?api-version=2016-09-01"
        ],
        "Retry-After": [
          "15"
        ],
        "x-ms-ratelimit-remaining-subscription-reads": [
          "11992"
        ],
        "x-ms-request-id": [
          "bdc6c5ed-4fcb-4716-a502-73570baea409"
        ],
        "x-ms-correlation-request-id": [
          "bdc6c5ed-4fcb-4716-a502-73570baea409"
        ],
        "x-ms-routing-request-id": [
          "SOUTHEASTASIA:20190325T121138Z:bdc6c5ed-4fcb-4716-a502-73570baea409"
        ],
        "Strict-Transport-Security": [
          "max-age=31536000; includeSubDomains"
        ],
        "X-Content-Type-Options": [
          "nosniff"
        ],
        "Date": [
          "Mon, 25 Mar 2019 12:11:37 GMT"
        ],
        "Expires": [
          "-1"
        ],
        "Content-Length": [
          "0"
        ]
      },
      "ResponseBody": "",
      "StatusCode": 202
    },
    {
      "RequestUri": "/subscriptions/f557b96d-2308-4a18-aae1-b8f7e7e70cc7/operationresults/eyJqb2JJZCI6IlJFU09VUkNFR1JPVVBERUxFVElPTkpPQi1QV1M6MkRTREs6MkRURVNUUzoyRFJHOjJEMi1FQVNUVVMiLCJqb2JMb2NhdGlvbiI6ImVhc3R1cyJ9?api-version=2016-09-01",
      "EncodedRequestUri": "L3N1YnNjcmlwdGlvbnMvZjU1N2I5NmQtMjMwOC00YTE4LWFhZTEtYjhmN2U3ZTcwY2M3L29wZXJhdGlvbnJlc3VsdHMvZXlKcWIySkpaQ0k2SWxKRlUwOVZVa05GUjFKUFZWQkVSVXhGVkVsUFRrcFBRaTFRVjFNNk1rUlRSRXM2TWtSVVJWTlVVem95UkZKSE9qSkVNaTFGUVZOVVZWTWlMQ0pxYjJKTWIyTmhkR2x2YmlJNkltVmhjM1IxY3lKOT9hcGktdmVyc2lvbj0yMDE2LTA5LTAx",
      "RequestMethod": "GET",
      "RequestBody": "",
      "RequestHeaders": {
        "User-Agent": [
          "FxVersion/4.6.27019.06",
          "OSName/Windows",
          "OSVersion/Microsoft.Windows.10.0.17134.",
          "Microsoft.Azure.Management.Internal.Resources.ResourceManagementClient/1.1.17"
        ]
      },
      "ResponseHeaders": {
        "Cache-Control": [
          "no-cache"
        ],
        "Pragma": [
          "no-cache"
        ],
        "Location": [
          "https://management.azure.com/subscriptions/f557b96d-2308-4a18-aae1-b8f7e7e70cc7/operationresults/eyJqb2JJZCI6IlJFU09VUkNFR1JPVVBERUxFVElPTkpPQi1QV1M6MkRTREs6MkRURVNUUzoyRFJHOjJEMi1FQVNUVVMiLCJqb2JMb2NhdGlvbiI6ImVhc3R1cyJ9?api-version=2016-09-01"
        ],
        "Retry-After": [
          "15"
        ],
        "x-ms-ratelimit-remaining-subscription-reads": [
          "11991"
        ],
        "x-ms-request-id": [
          "1828a9c5-3e92-458d-ac3e-484680288b44"
        ],
        "x-ms-correlation-request-id": [
          "1828a9c5-3e92-458d-ac3e-484680288b44"
        ],
        "x-ms-routing-request-id": [
          "SOUTHEASTASIA:20190325T121154Z:1828a9c5-3e92-458d-ac3e-484680288b44"
        ],
        "Strict-Transport-Security": [
          "max-age=31536000; includeSubDomains"
        ],
        "X-Content-Type-Options": [
          "nosniff"
        ],
        "Date": [
          "Mon, 25 Mar 2019 12:11:53 GMT"
        ],
        "Expires": [
          "-1"
        ],
        "Content-Length": [
          "0"
        ]
      },
      "ResponseBody": "",
      "StatusCode": 202
    },
    {
      "RequestUri": "/subscriptions/f557b96d-2308-4a18-aae1-b8f7e7e70cc7/operationresults/eyJqb2JJZCI6IlJFU09VUkNFR1JPVVBERUxFVElPTkpPQi1QV1M6MkRTREs6MkRURVNUUzoyRFJHOjJEMi1FQVNUVVMiLCJqb2JMb2NhdGlvbiI6ImVhc3R1cyJ9?api-version=2016-09-01",
      "EncodedRequestUri": "L3N1YnNjcmlwdGlvbnMvZjU1N2I5NmQtMjMwOC00YTE4LWFhZTEtYjhmN2U3ZTcwY2M3L29wZXJhdGlvbnJlc3VsdHMvZXlKcWIySkpaQ0k2SWxKRlUwOVZVa05GUjFKUFZWQkVSVXhGVkVsUFRrcFBRaTFRVjFNNk1rUlRSRXM2TWtSVVJWTlVVem95UkZKSE9qSkVNaTFGUVZOVVZWTWlMQ0pxYjJKTWIyTmhkR2x2YmlJNkltVmhjM1IxY3lKOT9hcGktdmVyc2lvbj0yMDE2LTA5LTAx",
      "RequestMethod": "GET",
      "RequestBody": "",
      "RequestHeaders": {
        "User-Agent": [
          "FxVersion/4.6.27019.06",
          "OSName/Windows",
          "OSVersion/Microsoft.Windows.10.0.17134.",
          "Microsoft.Azure.Management.Internal.Resources.ResourceManagementClient/1.1.17"
        ]
      },
      "ResponseHeaders": {
        "Cache-Control": [
          "no-cache"
        ],
        "Pragma": [
          "no-cache"
        ],
        "Location": [
          "https://management.azure.com/subscriptions/f557b96d-2308-4a18-aae1-b8f7e7e70cc7/operationresults/eyJqb2JJZCI6IlJFU09VUkNFR1JPVVBERUxFVElPTkpPQi1QV1M6MkRTREs6MkRURVNUUzoyRFJHOjJEMi1FQVNUVVMiLCJqb2JMb2NhdGlvbiI6ImVhc3R1cyJ9?api-version=2016-09-01"
        ],
        "Retry-After": [
          "15"
        ],
        "x-ms-ratelimit-remaining-subscription-reads": [
          "11990"
        ],
        "x-ms-request-id": [
          "7629e7fe-beba-4034-98b8-55ec824dfa05"
        ],
        "x-ms-correlation-request-id": [
          "7629e7fe-beba-4034-98b8-55ec824dfa05"
        ],
        "x-ms-routing-request-id": [
          "SOUTHEASTASIA:20190325T121209Z:7629e7fe-beba-4034-98b8-55ec824dfa05"
        ],
        "Strict-Transport-Security": [
          "max-age=31536000; includeSubDomains"
        ],
        "X-Content-Type-Options": [
          "nosniff"
        ],
        "Date": [
          "Mon, 25 Mar 2019 12:12:09 GMT"
        ],
        "Expires": [
          "-1"
        ],
        "Content-Length": [
          "0"
        ]
      },
      "ResponseBody": "",
      "StatusCode": 202
    },
    {
      "RequestUri": "/subscriptions/f557b96d-2308-4a18-aae1-b8f7e7e70cc7/operationresults/eyJqb2JJZCI6IlJFU09VUkNFR1JPVVBERUxFVElPTkpPQi1QV1M6MkRTREs6MkRURVNUUzoyRFJHOjJEMi1FQVNUVVMiLCJqb2JMb2NhdGlvbiI6ImVhc3R1cyJ9?api-version=2016-09-01",
      "EncodedRequestUri": "L3N1YnNjcmlwdGlvbnMvZjU1N2I5NmQtMjMwOC00YTE4LWFhZTEtYjhmN2U3ZTcwY2M3L29wZXJhdGlvbnJlc3VsdHMvZXlKcWIySkpaQ0k2SWxKRlUwOVZVa05GUjFKUFZWQkVSVXhGVkVsUFRrcFBRaTFRVjFNNk1rUlRSRXM2TWtSVVJWTlVVem95UkZKSE9qSkVNaTFGUVZOVVZWTWlMQ0pxYjJKTWIyTmhkR2x2YmlJNkltVmhjM1IxY3lKOT9hcGktdmVyc2lvbj0yMDE2LTA5LTAx",
      "RequestMethod": "GET",
      "RequestBody": "",
      "RequestHeaders": {
        "User-Agent": [
          "FxVersion/4.6.27019.06",
          "OSName/Windows",
          "OSVersion/Microsoft.Windows.10.0.17134.",
          "Microsoft.Azure.Management.Internal.Resources.ResourceManagementClient/1.1.17"
        ]
      },
      "ResponseHeaders": {
        "Cache-Control": [
          "no-cache"
        ],
        "Pragma": [
          "no-cache"
        ],
        "Location": [
          "https://management.azure.com/subscriptions/f557b96d-2308-4a18-aae1-b8f7e7e70cc7/operationresults/eyJqb2JJZCI6IlJFU09VUkNFR1JPVVBERUxFVElPTkpPQi1QV1M6MkRTREs6MkRURVNUUzoyRFJHOjJEMi1FQVNUVVMiLCJqb2JMb2NhdGlvbiI6ImVhc3R1cyJ9?api-version=2016-09-01"
        ],
        "Retry-After": [
          "15"
        ],
        "x-ms-ratelimit-remaining-subscription-reads": [
          "11989"
        ],
        "x-ms-request-id": [
          "5a354c29-49bd-4a69-8b9f-ac12117e9faf"
        ],
        "x-ms-correlation-request-id": [
          "5a354c29-49bd-4a69-8b9f-ac12117e9faf"
        ],
        "x-ms-routing-request-id": [
          "SOUTHEASTASIA:20190325T121225Z:5a354c29-49bd-4a69-8b9f-ac12117e9faf"
        ],
        "Strict-Transport-Security": [
          "max-age=31536000; includeSubDomains"
        ],
        "X-Content-Type-Options": [
          "nosniff"
        ],
        "Date": [
          "Mon, 25 Mar 2019 12:12:24 GMT"
        ],
        "Expires": [
          "-1"
        ],
        "Content-Length": [
          "0"
        ]
      },
      "ResponseBody": "",
      "StatusCode": 202
    },
    {
      "RequestUri": "/subscriptions/f557b96d-2308-4a18-aae1-b8f7e7e70cc7/operationresults/eyJqb2JJZCI6IlJFU09VUkNFR1JPVVBERUxFVElPTkpPQi1QV1M6MkRTREs6MkRURVNUUzoyRFJHOjJEMi1FQVNUVVMiLCJqb2JMb2NhdGlvbiI6ImVhc3R1cyJ9?api-version=2016-09-01",
      "EncodedRequestUri": "L3N1YnNjcmlwdGlvbnMvZjU1N2I5NmQtMjMwOC00YTE4LWFhZTEtYjhmN2U3ZTcwY2M3L29wZXJhdGlvbnJlc3VsdHMvZXlKcWIySkpaQ0k2SWxKRlUwOVZVa05GUjFKUFZWQkVSVXhGVkVsUFRrcFBRaTFRVjFNNk1rUlRSRXM2TWtSVVJWTlVVem95UkZKSE9qSkVNaTFGUVZOVVZWTWlMQ0pxYjJKTWIyTmhkR2x2YmlJNkltVmhjM1IxY3lKOT9hcGktdmVyc2lvbj0yMDE2LTA5LTAx",
      "RequestMethod": "GET",
      "RequestBody": "",
      "RequestHeaders": {
        "User-Agent": [
          "FxVersion/4.6.27019.06",
          "OSName/Windows",
          "OSVersion/Microsoft.Windows.10.0.17134.",
          "Microsoft.Azure.Management.Internal.Resources.ResourceManagementClient/1.1.17"
        ]
      },
      "ResponseHeaders": {
        "Cache-Control": [
          "no-cache"
        ],
        "Pragma": [
          "no-cache"
        ],
        "Location": [
          "https://management.azure.com/subscriptions/f557b96d-2308-4a18-aae1-b8f7e7e70cc7/operationresults/eyJqb2JJZCI6IlJFU09VUkNFR1JPVVBERUxFVElPTkpPQi1QV1M6MkRTREs6MkRURVNUUzoyRFJHOjJEMi1FQVNUVVMiLCJqb2JMb2NhdGlvbiI6ImVhc3R1cyJ9?api-version=2016-09-01"
        ],
        "Retry-After": [
          "15"
        ],
        "x-ms-ratelimit-remaining-subscription-reads": [
          "11988"
        ],
        "x-ms-request-id": [
          "0bc3a11d-dbf1-41b9-976f-4a655b99f0b7"
        ],
        "x-ms-correlation-request-id": [
          "0bc3a11d-dbf1-41b9-976f-4a655b99f0b7"
        ],
        "x-ms-routing-request-id": [
          "SOUTHEASTASIA:20190325T121241Z:0bc3a11d-dbf1-41b9-976f-4a655b99f0b7"
        ],
        "Strict-Transport-Security": [
          "max-age=31536000; includeSubDomains"
        ],
        "X-Content-Type-Options": [
          "nosniff"
        ],
        "Date": [
          "Mon, 25 Mar 2019 12:12:41 GMT"
        ],
        "Expires": [
          "-1"
        ],
        "Content-Length": [
          "0"
        ]
      },
      "ResponseBody": "",
      "StatusCode": 202
    },
    {
      "RequestUri": "/subscriptions/f557b96d-2308-4a18-aae1-b8f7e7e70cc7/operationresults/eyJqb2JJZCI6IlJFU09VUkNFR1JPVVBERUxFVElPTkpPQi1QV1M6MkRTREs6MkRURVNUUzoyRFJHOjJEMi1FQVNUVVMiLCJqb2JMb2NhdGlvbiI6ImVhc3R1cyJ9?api-version=2016-09-01",
      "EncodedRequestUri": "L3N1YnNjcmlwdGlvbnMvZjU1N2I5NmQtMjMwOC00YTE4LWFhZTEtYjhmN2U3ZTcwY2M3L29wZXJhdGlvbnJlc3VsdHMvZXlKcWIySkpaQ0k2SWxKRlUwOVZVa05GUjFKUFZWQkVSVXhGVkVsUFRrcFBRaTFRVjFNNk1rUlRSRXM2TWtSVVJWTlVVem95UkZKSE9qSkVNaTFGUVZOVVZWTWlMQ0pxYjJKTWIyTmhkR2x2YmlJNkltVmhjM1IxY3lKOT9hcGktdmVyc2lvbj0yMDE2LTA5LTAx",
      "RequestMethod": "GET",
      "RequestBody": "",
      "RequestHeaders": {
        "User-Agent": [
          "FxVersion/4.6.27019.06",
          "OSName/Windows",
          "OSVersion/Microsoft.Windows.10.0.17134.",
          "Microsoft.Azure.Management.Internal.Resources.ResourceManagementClient/1.1.17"
        ]
      },
      "ResponseHeaders": {
        "Cache-Control": [
          "no-cache"
        ],
        "Pragma": [
          "no-cache"
        ],
        "Location": [
          "https://management.azure.com/subscriptions/f557b96d-2308-4a18-aae1-b8f7e7e70cc7/operationresults/eyJqb2JJZCI6IlJFU09VUkNFR1JPVVBERUxFVElPTkpPQi1QV1M6MkRTREs6MkRURVNUUzoyRFJHOjJEMi1FQVNUVVMiLCJqb2JMb2NhdGlvbiI6ImVhc3R1cyJ9?api-version=2016-09-01"
        ],
        "Retry-After": [
          "15"
        ],
        "x-ms-ratelimit-remaining-subscription-reads": [
          "11987"
        ],
        "x-ms-request-id": [
          "aae5a511-137d-46db-995d-d59d8cb59582"
        ],
        "x-ms-correlation-request-id": [
          "aae5a511-137d-46db-995d-d59d8cb59582"
        ],
        "x-ms-routing-request-id": [
          "SOUTHEASTASIA:20190325T121256Z:aae5a511-137d-46db-995d-d59d8cb59582"
        ],
        "Strict-Transport-Security": [
          "max-age=31536000; includeSubDomains"
        ],
        "X-Content-Type-Options": [
          "nosniff"
        ],
        "Date": [
          "Mon, 25 Mar 2019 12:12:56 GMT"
        ],
        "Expires": [
          "-1"
        ],
        "Content-Length": [
          "0"
        ]
      },
      "ResponseBody": "",
      "StatusCode": 202
    },
    {
      "RequestUri": "/subscriptions/f557b96d-2308-4a18-aae1-b8f7e7e70cc7/operationresults/eyJqb2JJZCI6IlJFU09VUkNFR1JPVVBERUxFVElPTkpPQi1QV1M6MkRTREs6MkRURVNUUzoyRFJHOjJEMi1FQVNUVVMiLCJqb2JMb2NhdGlvbiI6ImVhc3R1cyJ9?api-version=2016-09-01",
      "EncodedRequestUri": "L3N1YnNjcmlwdGlvbnMvZjU1N2I5NmQtMjMwOC00YTE4LWFhZTEtYjhmN2U3ZTcwY2M3L29wZXJhdGlvbnJlc3VsdHMvZXlKcWIySkpaQ0k2SWxKRlUwOVZVa05GUjFKUFZWQkVSVXhGVkVsUFRrcFBRaTFRVjFNNk1rUlRSRXM2TWtSVVJWTlVVem95UkZKSE9qSkVNaTFGUVZOVVZWTWlMQ0pxYjJKTWIyTmhkR2x2YmlJNkltVmhjM1IxY3lKOT9hcGktdmVyc2lvbj0yMDE2LTA5LTAx",
      "RequestMethod": "GET",
      "RequestBody": "",
      "RequestHeaders": {
        "User-Agent": [
          "FxVersion/4.6.27019.06",
          "OSName/Windows",
          "OSVersion/Microsoft.Windows.10.0.17134.",
          "Microsoft.Azure.Management.Internal.Resources.ResourceManagementClient/1.1.17"
        ]
      },
      "ResponseHeaders": {
        "Cache-Control": [
          "no-cache"
        ],
        "Pragma": [
          "no-cache"
        ],
        "Location": [
          "https://management.azure.com/subscriptions/f557b96d-2308-4a18-aae1-b8f7e7e70cc7/operationresults/eyJqb2JJZCI6IlJFU09VUkNFR1JPVVBERUxFVElPTkpPQi1QV1M6MkRTREs6MkRURVNUUzoyRFJHOjJEMi1FQVNUVVMiLCJqb2JMb2NhdGlvbiI6ImVhc3R1cyJ9?api-version=2016-09-01"
        ],
        "Retry-After": [
          "15"
        ],
        "x-ms-ratelimit-remaining-subscription-reads": [
          "11986"
        ],
        "x-ms-request-id": [
          "1ea844a4-5e82-4cc2-b438-3818bfe1822f"
        ],
        "x-ms-correlation-request-id": [
          "1ea844a4-5e82-4cc2-b438-3818bfe1822f"
        ],
        "x-ms-routing-request-id": [
          "SOUTHEASTASIA:20190325T121312Z:1ea844a4-5e82-4cc2-b438-3818bfe1822f"
        ],
        "Strict-Transport-Security": [
          "max-age=31536000; includeSubDomains"
        ],
        "X-Content-Type-Options": [
          "nosniff"
        ],
        "Date": [
          "Mon, 25 Mar 2019 12:13:11 GMT"
        ],
        "Expires": [
          "-1"
        ],
        "Content-Length": [
          "0"
        ]
      },
      "ResponseBody": "",
      "StatusCode": 202
    },
    {
      "RequestUri": "/subscriptions/f557b96d-2308-4a18-aae1-b8f7e7e70cc7/operationresults/eyJqb2JJZCI6IlJFU09VUkNFR1JPVVBERUxFVElPTkpPQi1QV1M6MkRTREs6MkRURVNUUzoyRFJHOjJEMi1FQVNUVVMiLCJqb2JMb2NhdGlvbiI6ImVhc3R1cyJ9?api-version=2016-09-01",
      "EncodedRequestUri": "L3N1YnNjcmlwdGlvbnMvZjU1N2I5NmQtMjMwOC00YTE4LWFhZTEtYjhmN2U3ZTcwY2M3L29wZXJhdGlvbnJlc3VsdHMvZXlKcWIySkpaQ0k2SWxKRlUwOVZVa05GUjFKUFZWQkVSVXhGVkVsUFRrcFBRaTFRVjFNNk1rUlRSRXM2TWtSVVJWTlVVem95UkZKSE9qSkVNaTFGUVZOVVZWTWlMQ0pxYjJKTWIyTmhkR2x2YmlJNkltVmhjM1IxY3lKOT9hcGktdmVyc2lvbj0yMDE2LTA5LTAx",
      "RequestMethod": "GET",
      "RequestBody": "",
      "RequestHeaders": {
        "User-Agent": [
          "FxVersion/4.6.27019.06",
          "OSName/Windows",
          "OSVersion/Microsoft.Windows.10.0.17134.",
          "Microsoft.Azure.Management.Internal.Resources.ResourceManagementClient/1.1.17"
        ]
      },
      "ResponseHeaders": {
        "Cache-Control": [
          "no-cache"
        ],
        "Pragma": [
          "no-cache"
        ],
        "Location": [
          "https://management.azure.com/subscriptions/f557b96d-2308-4a18-aae1-b8f7e7e70cc7/operationresults/eyJqb2JJZCI6IlJFU09VUkNFR1JPVVBERUxFVElPTkpPQi1QV1M6MkRTREs6MkRURVNUUzoyRFJHOjJEMi1FQVNUVVMiLCJqb2JMb2NhdGlvbiI6ImVhc3R1cyJ9?api-version=2016-09-01"
        ],
        "Retry-After": [
          "15"
        ],
        "x-ms-ratelimit-remaining-subscription-reads": [
          "11985"
        ],
        "x-ms-request-id": [
          "4c0fae75-6303-406d-9660-105d7d8daefa"
        ],
        "x-ms-correlation-request-id": [
          "4c0fae75-6303-406d-9660-105d7d8daefa"
        ],
        "x-ms-routing-request-id": [
          "SOUTHEASTASIA:20190325T121328Z:4c0fae75-6303-406d-9660-105d7d8daefa"
        ],
        "Strict-Transport-Security": [
          "max-age=31536000; includeSubDomains"
        ],
        "X-Content-Type-Options": [
          "nosniff"
        ],
        "Date": [
          "Mon, 25 Mar 2019 12:13:28 GMT"
        ],
        "Expires": [
          "-1"
        ],
        "Content-Length": [
          "0"
        ]
      },
      "ResponseBody": "",
      "StatusCode": 202
    },
    {
      "RequestUri": "/subscriptions/f557b96d-2308-4a18-aae1-b8f7e7e70cc7/operationresults/eyJqb2JJZCI6IlJFU09VUkNFR1JPVVBERUxFVElPTkpPQi1QV1M6MkRTREs6MkRURVNUUzoyRFJHOjJEMi1FQVNUVVMiLCJqb2JMb2NhdGlvbiI6ImVhc3R1cyJ9?api-version=2016-09-01",
      "EncodedRequestUri": "L3N1YnNjcmlwdGlvbnMvZjU1N2I5NmQtMjMwOC00YTE4LWFhZTEtYjhmN2U3ZTcwY2M3L29wZXJhdGlvbnJlc3VsdHMvZXlKcWIySkpaQ0k2SWxKRlUwOVZVa05GUjFKUFZWQkVSVXhGVkVsUFRrcFBRaTFRVjFNNk1rUlRSRXM2TWtSVVJWTlVVem95UkZKSE9qSkVNaTFGUVZOVVZWTWlMQ0pxYjJKTWIyTmhkR2x2YmlJNkltVmhjM1IxY3lKOT9hcGktdmVyc2lvbj0yMDE2LTA5LTAx",
      "RequestMethod": "GET",
      "RequestBody": "",
      "RequestHeaders": {
        "User-Agent": [
          "FxVersion/4.6.27019.06",
          "OSName/Windows",
          "OSVersion/Microsoft.Windows.10.0.17134.",
          "Microsoft.Azure.Management.Internal.Resources.ResourceManagementClient/1.1.17"
        ]
      },
      "ResponseHeaders": {
        "Cache-Control": [
          "no-cache"
        ],
        "Pragma": [
          "no-cache"
        ],
        "Location": [
          "https://management.azure.com/subscriptions/f557b96d-2308-4a18-aae1-b8f7e7e70cc7/operationresults/eyJqb2JJZCI6IlJFU09VUkNFR1JPVVBERUxFVElPTkpPQi1QV1M6MkRTREs6MkRURVNUUzoyRFJHOjJEMi1FQVNUVVMiLCJqb2JMb2NhdGlvbiI6ImVhc3R1cyJ9?api-version=2016-09-01"
        ],
        "Retry-After": [
          "15"
        ],
        "x-ms-ratelimit-remaining-subscription-reads": [
          "11984"
        ],
        "x-ms-request-id": [
          "2e1098be-fcea-4c03-afde-5291760da734"
        ],
        "x-ms-correlation-request-id": [
          "2e1098be-fcea-4c03-afde-5291760da734"
        ],
        "x-ms-routing-request-id": [
          "SOUTHEASTASIA:20190325T121343Z:2e1098be-fcea-4c03-afde-5291760da734"
        ],
        "Strict-Transport-Security": [
          "max-age=31536000; includeSubDomains"
        ],
        "X-Content-Type-Options": [
          "nosniff"
        ],
        "Date": [
          "Mon, 25 Mar 2019 12:13:43 GMT"
        ],
        "Expires": [
          "-1"
        ],
        "Content-Length": [
          "0"
        ]
      },
      "ResponseBody": "",
      "StatusCode": 202
    },
    {
      "RequestUri": "/subscriptions/f557b96d-2308-4a18-aae1-b8f7e7e70cc7/operationresults/eyJqb2JJZCI6IlJFU09VUkNFR1JPVVBERUxFVElPTkpPQi1QV1M6MkRTREs6MkRURVNUUzoyRFJHOjJEMi1FQVNUVVMiLCJqb2JMb2NhdGlvbiI6ImVhc3R1cyJ9?api-version=2016-09-01",
      "EncodedRequestUri": "L3N1YnNjcmlwdGlvbnMvZjU1N2I5NmQtMjMwOC00YTE4LWFhZTEtYjhmN2U3ZTcwY2M3L29wZXJhdGlvbnJlc3VsdHMvZXlKcWIySkpaQ0k2SWxKRlUwOVZVa05GUjFKUFZWQkVSVXhGVkVsUFRrcFBRaTFRVjFNNk1rUlRSRXM2TWtSVVJWTlVVem95UkZKSE9qSkVNaTFGUVZOVVZWTWlMQ0pxYjJKTWIyTmhkR2x2YmlJNkltVmhjM1IxY3lKOT9hcGktdmVyc2lvbj0yMDE2LTA5LTAx",
      "RequestMethod": "GET",
      "RequestBody": "",
      "RequestHeaders": {
        "User-Agent": [
          "FxVersion/4.6.27019.06",
          "OSName/Windows",
          "OSVersion/Microsoft.Windows.10.0.17134.",
          "Microsoft.Azure.Management.Internal.Resources.ResourceManagementClient/1.1.17"
        ]
      },
      "ResponseHeaders": {
        "Cache-Control": [
          "no-cache"
        ],
        "Pragma": [
          "no-cache"
        ],
        "Location": [
          "https://management.azure.com/subscriptions/f557b96d-2308-4a18-aae1-b8f7e7e70cc7/operationresults/eyJqb2JJZCI6IlJFU09VUkNFR1JPVVBERUxFVElPTkpPQi1QV1M6MkRTREs6MkRURVNUUzoyRFJHOjJEMi1FQVNUVVMiLCJqb2JMb2NhdGlvbiI6ImVhc3R1cyJ9?api-version=2016-09-01"
        ],
        "Retry-After": [
          "15"
        ],
        "x-ms-ratelimit-remaining-subscription-reads": [
          "11983"
        ],
        "x-ms-request-id": [
          "4aab0a7e-e9d0-4965-9135-325be2c704a0"
        ],
        "x-ms-correlation-request-id": [
          "4aab0a7e-e9d0-4965-9135-325be2c704a0"
        ],
        "x-ms-routing-request-id": [
          "SOUTHEASTASIA:20190325T121359Z:4aab0a7e-e9d0-4965-9135-325be2c704a0"
        ],
        "Strict-Transport-Security": [
          "max-age=31536000; includeSubDomains"
        ],
        "X-Content-Type-Options": [
          "nosniff"
        ],
        "Date": [
          "Mon, 25 Mar 2019 12:13:58 GMT"
        ],
        "Expires": [
          "-1"
        ],
        "Content-Length": [
          "0"
        ]
      },
      "ResponseBody": "",
      "StatusCode": 202
    },
    {
      "RequestUri": "/subscriptions/f557b96d-2308-4a18-aae1-b8f7e7e70cc7/operationresults/eyJqb2JJZCI6IlJFU09VUkNFR1JPVVBERUxFVElPTkpPQi1QV1M6MkRTREs6MkRURVNUUzoyRFJHOjJEMi1FQVNUVVMiLCJqb2JMb2NhdGlvbiI6ImVhc3R1cyJ9?api-version=2016-09-01",
      "EncodedRequestUri": "L3N1YnNjcmlwdGlvbnMvZjU1N2I5NmQtMjMwOC00YTE4LWFhZTEtYjhmN2U3ZTcwY2M3L29wZXJhdGlvbnJlc3VsdHMvZXlKcWIySkpaQ0k2SWxKRlUwOVZVa05GUjFKUFZWQkVSVXhGVkVsUFRrcFBRaTFRVjFNNk1rUlRSRXM2TWtSVVJWTlVVem95UkZKSE9qSkVNaTFGUVZOVVZWTWlMQ0pxYjJKTWIyTmhkR2x2YmlJNkltVmhjM1IxY3lKOT9hcGktdmVyc2lvbj0yMDE2LTA5LTAx",
      "RequestMethod": "GET",
      "RequestBody": "",
      "RequestHeaders": {
        "User-Agent": [
          "FxVersion/4.6.27019.06",
          "OSName/Windows",
          "OSVersion/Microsoft.Windows.10.0.17134.",
          "Microsoft.Azure.Management.Internal.Resources.ResourceManagementClient/1.1.17"
        ]
      },
      "ResponseHeaders": {
        "Cache-Control": [
          "no-cache"
        ],
        "Pragma": [
          "no-cache"
        ],
        "Location": [
          "https://management.azure.com/subscriptions/f557b96d-2308-4a18-aae1-b8f7e7e70cc7/operationresults/eyJqb2JJZCI6IlJFU09VUkNFR1JPVVBERUxFVElPTkpPQi1QV1M6MkRTREs6MkRURVNUUzoyRFJHOjJEMi1FQVNUVVMiLCJqb2JMb2NhdGlvbiI6ImVhc3R1cyJ9?api-version=2016-09-01"
        ],
        "Retry-After": [
          "15"
        ],
        "x-ms-ratelimit-remaining-subscription-reads": [
          "11982"
        ],
        "x-ms-request-id": [
          "a38d9844-9bc0-4833-b38b-c3a024a83569"
        ],
        "x-ms-correlation-request-id": [
          "a38d9844-9bc0-4833-b38b-c3a024a83569"
        ],
        "x-ms-routing-request-id": [
          "SOUTHEASTASIA:20190325T121415Z:a38d9844-9bc0-4833-b38b-c3a024a83569"
        ],
        "Strict-Transport-Security": [
          "max-age=31536000; includeSubDomains"
        ],
        "X-Content-Type-Options": [
          "nosniff"
        ],
        "Date": [
          "Mon, 25 Mar 2019 12:14:15 GMT"
        ],
        "Expires": [
          "-1"
        ],
        "Content-Length": [
          "0"
        ]
      },
      "ResponseBody": "",
      "StatusCode": 202
    },
    {
      "RequestUri": "/subscriptions/f557b96d-2308-4a18-aae1-b8f7e7e70cc7/operationresults/eyJqb2JJZCI6IlJFU09VUkNFR1JPVVBERUxFVElPTkpPQi1QV1M6MkRTREs6MkRURVNUUzoyRFJHOjJEMi1FQVNUVVMiLCJqb2JMb2NhdGlvbiI6ImVhc3R1cyJ9?api-version=2016-09-01",
      "EncodedRequestUri": "L3N1YnNjcmlwdGlvbnMvZjU1N2I5NmQtMjMwOC00YTE4LWFhZTEtYjhmN2U3ZTcwY2M3L29wZXJhdGlvbnJlc3VsdHMvZXlKcWIySkpaQ0k2SWxKRlUwOVZVa05GUjFKUFZWQkVSVXhGVkVsUFRrcFBRaTFRVjFNNk1rUlRSRXM2TWtSVVJWTlVVem95UkZKSE9qSkVNaTFGUVZOVVZWTWlMQ0pxYjJKTWIyTmhkR2x2YmlJNkltVmhjM1IxY3lKOT9hcGktdmVyc2lvbj0yMDE2LTA5LTAx",
      "RequestMethod": "GET",
      "RequestBody": "",
      "RequestHeaders": {
        "User-Agent": [
          "FxVersion/4.6.27019.06",
          "OSName/Windows",
          "OSVersion/Microsoft.Windows.10.0.17134.",
          "Microsoft.Azure.Management.Internal.Resources.ResourceManagementClient/1.1.17"
        ]
      },
      "ResponseHeaders": {
        "Cache-Control": [
          "no-cache"
        ],
        "Pragma": [
          "no-cache"
        ],
        "Location": [
          "https://management.azure.com/subscriptions/f557b96d-2308-4a18-aae1-b8f7e7e70cc7/operationresults/eyJqb2JJZCI6IlJFU09VUkNFR1JPVVBERUxFVElPTkpPQi1QV1M6MkRTREs6MkRURVNUUzoyRFJHOjJEMi1FQVNUVVMiLCJqb2JMb2NhdGlvbiI6ImVhc3R1cyJ9?api-version=2016-09-01"
        ],
        "Retry-After": [
          "15"
        ],
        "x-ms-ratelimit-remaining-subscription-reads": [
          "11981"
        ],
        "x-ms-request-id": [
          "d9482dda-d9c2-4537-b127-a8ea5f986171"
        ],
        "x-ms-correlation-request-id": [
          "d9482dda-d9c2-4537-b127-a8ea5f986171"
        ],
        "x-ms-routing-request-id": [
          "SOUTHEASTASIA:20190325T121430Z:d9482dda-d9c2-4537-b127-a8ea5f986171"
        ],
        "Strict-Transport-Security": [
          "max-age=31536000; includeSubDomains"
        ],
        "X-Content-Type-Options": [
          "nosniff"
        ],
        "Date": [
          "Mon, 25 Mar 2019 12:14:30 GMT"
        ],
        "Expires": [
          "-1"
        ],
        "Content-Length": [
          "0"
        ]
      },
      "ResponseBody": "",
      "StatusCode": 202
    },
    {
      "RequestUri": "/subscriptions/f557b96d-2308-4a18-aae1-b8f7e7e70cc7/operationresults/eyJqb2JJZCI6IlJFU09VUkNFR1JPVVBERUxFVElPTkpPQi1QV1M6MkRTREs6MkRURVNUUzoyRFJHOjJEMi1FQVNUVVMiLCJqb2JMb2NhdGlvbiI6ImVhc3R1cyJ9?api-version=2016-09-01",
      "EncodedRequestUri": "L3N1YnNjcmlwdGlvbnMvZjU1N2I5NmQtMjMwOC00YTE4LWFhZTEtYjhmN2U3ZTcwY2M3L29wZXJhdGlvbnJlc3VsdHMvZXlKcWIySkpaQ0k2SWxKRlUwOVZVa05GUjFKUFZWQkVSVXhGVkVsUFRrcFBRaTFRVjFNNk1rUlRSRXM2TWtSVVJWTlVVem95UkZKSE9qSkVNaTFGUVZOVVZWTWlMQ0pxYjJKTWIyTmhkR2x2YmlJNkltVmhjM1IxY3lKOT9hcGktdmVyc2lvbj0yMDE2LTA5LTAx",
      "RequestMethod": "GET",
      "RequestBody": "",
      "RequestHeaders": {
        "User-Agent": [
          "FxVersion/4.6.27019.06",
          "OSName/Windows",
          "OSVersion/Microsoft.Windows.10.0.17134.",
          "Microsoft.Azure.Management.Internal.Resources.ResourceManagementClient/1.1.17"
        ]
      },
      "ResponseHeaders": {
        "Cache-Control": [
          "no-cache"
        ],
        "Pragma": [
          "no-cache"
        ],
        "Location": [
          "https://management.azure.com/subscriptions/f557b96d-2308-4a18-aae1-b8f7e7e70cc7/operationresults/eyJqb2JJZCI6IlJFU09VUkNFR1JPVVBERUxFVElPTkpPQi1QV1M6MkRTREs6MkRURVNUUzoyRFJHOjJEMi1FQVNUVVMiLCJqb2JMb2NhdGlvbiI6ImVhc3R1cyJ9?api-version=2016-09-01"
        ],
        "Retry-After": [
          "15"
        ],
        "x-ms-ratelimit-remaining-subscription-reads": [
          "11980"
        ],
        "x-ms-request-id": [
          "75743417-33d1-4396-8118-dfb0742efbac"
        ],
        "x-ms-correlation-request-id": [
          "75743417-33d1-4396-8118-dfb0742efbac"
        ],
        "x-ms-routing-request-id": [
          "SOUTHEASTASIA:20190325T121446Z:75743417-33d1-4396-8118-dfb0742efbac"
        ],
        "Strict-Transport-Security": [
          "max-age=31536000; includeSubDomains"
        ],
        "X-Content-Type-Options": [
          "nosniff"
        ],
        "Date": [
          "Mon, 25 Mar 2019 12:14:45 GMT"
        ],
        "Expires": [
          "-1"
        ],
        "Content-Length": [
          "0"
        ]
      },
      "ResponseBody": "",
      "StatusCode": 202
    },
    {
      "RequestUri": "/subscriptions/f557b96d-2308-4a18-aae1-b8f7e7e70cc7/operationresults/eyJqb2JJZCI6IlJFU09VUkNFR1JPVVBERUxFVElPTkpPQi1QV1M6MkRTREs6MkRURVNUUzoyRFJHOjJEMi1FQVNUVVMiLCJqb2JMb2NhdGlvbiI6ImVhc3R1cyJ9?api-version=2016-09-01",
      "EncodedRequestUri": "L3N1YnNjcmlwdGlvbnMvZjU1N2I5NmQtMjMwOC00YTE4LWFhZTEtYjhmN2U3ZTcwY2M3L29wZXJhdGlvbnJlc3VsdHMvZXlKcWIySkpaQ0k2SWxKRlUwOVZVa05GUjFKUFZWQkVSVXhGVkVsUFRrcFBRaTFRVjFNNk1rUlRSRXM2TWtSVVJWTlVVem95UkZKSE9qSkVNaTFGUVZOVVZWTWlMQ0pxYjJKTWIyTmhkR2x2YmlJNkltVmhjM1IxY3lKOT9hcGktdmVyc2lvbj0yMDE2LTA5LTAx",
      "RequestMethod": "GET",
      "RequestBody": "",
      "RequestHeaders": {
        "User-Agent": [
          "FxVersion/4.6.27019.06",
          "OSName/Windows",
          "OSVersion/Microsoft.Windows.10.0.17134.",
          "Microsoft.Azure.Management.Internal.Resources.ResourceManagementClient/1.1.17"
        ]
      },
      "ResponseHeaders": {
        "Cache-Control": [
          "no-cache"
        ],
        "Pragma": [
          "no-cache"
        ],
        "Location": [
          "https://management.azure.com/subscriptions/f557b96d-2308-4a18-aae1-b8f7e7e70cc7/operationresults/eyJqb2JJZCI6IlJFU09VUkNFR1JPVVBERUxFVElPTkpPQi1QV1M6MkRTREs6MkRURVNUUzoyRFJHOjJEMi1FQVNUVVMiLCJqb2JMb2NhdGlvbiI6ImVhc3R1cyJ9?api-version=2016-09-01"
        ],
        "Retry-After": [
          "15"
        ],
        "x-ms-ratelimit-remaining-subscription-reads": [
          "11979"
        ],
        "x-ms-request-id": [
          "f41d113b-96e9-4fdc-ba38-7fbb0bde6b5b"
        ],
        "x-ms-correlation-request-id": [
          "f41d113b-96e9-4fdc-ba38-7fbb0bde6b5b"
        ],
        "x-ms-routing-request-id": [
          "SOUTHEASTASIA:20190325T121502Z:f41d113b-96e9-4fdc-ba38-7fbb0bde6b5b"
        ],
        "Strict-Transport-Security": [
          "max-age=31536000; includeSubDomains"
        ],
        "X-Content-Type-Options": [
          "nosniff"
        ],
        "Date": [
          "Mon, 25 Mar 2019 12:15:01 GMT"
        ],
        "Expires": [
          "-1"
        ],
        "Content-Length": [
          "0"
        ]
      },
      "ResponseBody": "",
      "StatusCode": 202
    },
    {
      "RequestUri": "/subscriptions/f557b96d-2308-4a18-aae1-b8f7e7e70cc7/operationresults/eyJqb2JJZCI6IlJFU09VUkNFR1JPVVBERUxFVElPTkpPQi1QV1M6MkRTREs6MkRURVNUUzoyRFJHOjJEMi1FQVNUVVMiLCJqb2JMb2NhdGlvbiI6ImVhc3R1cyJ9?api-version=2016-09-01",
      "EncodedRequestUri": "L3N1YnNjcmlwdGlvbnMvZjU1N2I5NmQtMjMwOC00YTE4LWFhZTEtYjhmN2U3ZTcwY2M3L29wZXJhdGlvbnJlc3VsdHMvZXlKcWIySkpaQ0k2SWxKRlUwOVZVa05GUjFKUFZWQkVSVXhGVkVsUFRrcFBRaTFRVjFNNk1rUlRSRXM2TWtSVVJWTlVVem95UkZKSE9qSkVNaTFGUVZOVVZWTWlMQ0pxYjJKTWIyTmhkR2x2YmlJNkltVmhjM1IxY3lKOT9hcGktdmVyc2lvbj0yMDE2LTA5LTAx",
      "RequestMethod": "GET",
      "RequestBody": "",
      "RequestHeaders": {
        "User-Agent": [
          "FxVersion/4.6.27019.06",
          "OSName/Windows",
          "OSVersion/Microsoft.Windows.10.0.17134.",
          "Microsoft.Azure.Management.Internal.Resources.ResourceManagementClient/1.1.17"
        ]
      },
      "ResponseHeaders": {
        "Cache-Control": [
          "no-cache"
        ],
        "Pragma": [
          "no-cache"
        ],
        "x-ms-ratelimit-remaining-subscription-reads": [
          "11978"
        ],
        "x-ms-request-id": [
          "b8cf2eb8-29a2-4208-9ac6-f013f4a9ff5c"
        ],
        "x-ms-correlation-request-id": [
          "b8cf2eb8-29a2-4208-9ac6-f013f4a9ff5c"
        ],
        "x-ms-routing-request-id": [
          "SOUTHEASTASIA:20190325T121517Z:b8cf2eb8-29a2-4208-9ac6-f013f4a9ff5c"
        ],
        "Strict-Transport-Security": [
          "max-age=31536000; includeSubDomains"
        ],
        "X-Content-Type-Options": [
          "nosniff"
        ],
        "Date": [
          "Mon, 25 Mar 2019 12:15:17 GMT"
        ],
        "Expires": [
          "-1"
        ],
        "Content-Length": [
          "0"
        ]
      },
      "ResponseBody": "",
      "StatusCode": 200
    },
    {
      "RequestUri": "/subscriptions/f557b96d-2308-4a18-aae1-b8f7e7e70cc7/operationresults/eyJqb2JJZCI6IlJFU09VUkNFR1JPVVBERUxFVElPTkpPQi1QV1M6MkRTREs6MkRURVNUUzoyRFJHOjJEMi1FQVNUVVMiLCJqb2JMb2NhdGlvbiI6ImVhc3R1cyJ9?api-version=2016-09-01",
      "EncodedRequestUri": "L3N1YnNjcmlwdGlvbnMvZjU1N2I5NmQtMjMwOC00YTE4LWFhZTEtYjhmN2U3ZTcwY2M3L29wZXJhdGlvbnJlc3VsdHMvZXlKcWIySkpaQ0k2SWxKRlUwOVZVa05GUjFKUFZWQkVSVXhGVkVsUFRrcFBRaTFRVjFNNk1rUlRSRXM2TWtSVVJWTlVVem95UkZKSE9qSkVNaTFGUVZOVVZWTWlMQ0pxYjJKTWIyTmhkR2x2YmlJNkltVmhjM1IxY3lKOT9hcGktdmVyc2lvbj0yMDE2LTA5LTAx",
      "RequestMethod": "GET",
      "RequestBody": "",
      "RequestHeaders": {
        "User-Agent": [
          "FxVersion/4.6.27019.06",
          "OSName/Windows",
          "OSVersion/Microsoft.Windows.10.0.17134.",
          "Microsoft.Azure.Management.Internal.Resources.ResourceManagementClient/1.1.17"
        ]
      },
      "ResponseHeaders": {
        "Cache-Control": [
          "no-cache"
        ],
        "Pragma": [
          "no-cache"
        ],
        "x-ms-ratelimit-remaining-subscription-reads": [
          "11977"
        ],
        "x-ms-request-id": [
          "82b890e3-e2fc-4690-a9a8-c77f538e436d"
        ],
        "x-ms-correlation-request-id": [
          "82b890e3-e2fc-4690-a9a8-c77f538e436d"
        ],
        "x-ms-routing-request-id": [
          "SOUTHEASTASIA:20190325T121518Z:82b890e3-e2fc-4690-a9a8-c77f538e436d"
        ],
        "Strict-Transport-Security": [
          "max-age=31536000; includeSubDomains"
        ],
        "X-Content-Type-Options": [
          "nosniff"
        ],
        "Date": [
          "Mon, 25 Mar 2019 12:15:18 GMT"
        ],
        "Expires": [
          "-1"
        ],
        "Content-Length": [
          "0"
        ]
      },
      "ResponseBody": "",
      "StatusCode": 200
    }
  ],
  "Names": {},
  "Variables": {
    "SubscriptionId": "f557b96d-2308-4a18-aae1-b8f7e7e70cc7"
  }
}