{
  "Entries": [
    {
      "RequestUri": "/subscriptions/53d9063d-87ae-4ea8-be90-3686c3b8669f/providers/Microsoft.DataLakeAnalytics/register?api-version=2016-02-01",
      "EncodedRequestUri": "L3N1YnNjcmlwdGlvbnMvNTNkOTA2M2QtODdhZS00ZWE4LWJlOTAtMzY4NmMzYjg2NjlmL3Byb3ZpZGVycy9NaWNyb3NvZnQuRGF0YUxha2VBbmFseXRpY3MvcmVnaXN0ZXI/YXBpLXZlcnNpb249MjAxNi0wMi0wMQ==",
      "RequestMethod": "POST",
      "RequestBody": "",
      "RequestHeaders": {
        "User-Agent": [
          "Microsoft.Azure.Management.Resources.ResourceManagementClient/2.0.0.0"
        ]
      },
      "ResponseBody": "{\r\n  \"id\": \"/subscriptions/53d9063d-87ae-4ea8-be90-3686c3b8669f/providers/Microsoft.DataLakeAnalytics\",\r\n  \"namespace\": \"Microsoft.DataLakeAnalytics\",\r\n  \"resourceTypes\": [\r\n    {\r\n      \"resourceType\": \"accounts\",\r\n      \"locations\": [\r\n        \"East US 2\",\r\n        \"Central US\"\r\n      ],\r\n      \"apiVersions\": [\r\n        \"2016-11-01\",\r\n        \"2015-10-01-preview\"\r\n      ],\r\n      \"capabilities\": \"CrossResourceGroupResourceMove, CrossSubscriptionResourceMove\"\r\n    },\r\n    {\r\n      \"resourceType\": \"accounts/dataLakeStoreAccounts\",\r\n      \"locations\": [\r\n        \"East US 2\",\r\n        \"Central US\"\r\n      ],\r\n      \"apiVersions\": [\r\n        \"2016-11-01\",\r\n        \"2015-10-01-preview\"\r\n      ]\r\n    },\r\n    {\r\n      \"resourceType\": \"accounts/storageAccounts\",\r\n      \"locations\": [\r\n        \"East US 2\",\r\n        \"Central US\"\r\n      ],\r\n      \"apiVersions\": [\r\n        \"2016-11-01\",\r\n        \"2015-10-01-preview\"\r\n      ]\r\n    },\r\n    {\r\n      \"resourceType\": \"accounts/storageAccounts/containers\",\r\n      \"locations\": [\r\n        \"East US 2\",\r\n        \"Central US\"\r\n      ],\r\n      \"apiVersions\": [\r\n        \"2016-11-01\",\r\n        \"2015-10-01-preview\"\r\n      ]\r\n    },\r\n    {\r\n      \"resourceType\": \"accounts/storageAccounts/containers/listSasTokens\",\r\n      \"locations\": [\r\n        \"East US 2\",\r\n        \"Central US\"\r\n      ],\r\n      \"apiVersions\": [\r\n        \"2016-11-01\",\r\n        \"2015-10-01-preview\"\r\n      ]\r\n    },\r\n    {\r\n      \"resourceType\": \"locations\",\r\n      \"locations\": [],\r\n      \"apiVersions\": [\r\n        \"2016-11-01\",\r\n        \"2015-10-01-preview\"\r\n      ]\r\n    },\r\n    {\r\n      \"resourceType\": \"locations/operationresults\",\r\n      \"locations\": [],\r\n      \"apiVersions\": [\r\n        \"2016-11-01\",\r\n        \"2015-10-01-preview\"\r\n      ]\r\n    },\r\n    {\r\n      \"resourceType\": \"locations/checkNameAvailability\",\r\n      \"locations\": [],\r\n      \"apiVersions\": [\r\n        \"2016-11-01\",\r\n        \"2015-10-01-preview\"\r\n      ]\r\n    },\r\n    {\r\n      \"resourceType\": \"locations/capability\",\r\n      \"locations\": [],\r\n      \"apiVersions\": [\r\n        \"2016-11-01\",\r\n        \"2015-10-01-preview\"\r\n      ]\r\n    },\r\n    {\r\n      \"resourceType\": \"operations\",\r\n      \"locations\": [],\r\n      \"apiVersions\": [\r\n        \"2016-11-01\",\r\n        \"2015-10-01-preview\"\r\n      ]\r\n    }\r\n  ],\r\n  \"registrationState\": \"Registered\"\r\n}",
      "ResponseHeaders": {
        "Content-Length": [
          "1482"
        ],
        "Content-Type": [
          "application/json; charset=utf-8"
        ],
        "Expires": [
          "-1"
        ],
        "Pragma": [
          "no-cache"
        ],
        "x-ms-ratelimit-remaining-subscription-writes": [
          "1195"
        ],
        "x-ms-request-id": [
          "249c9d54-d463-4db9-8855-147abf6a167a"
        ],
        "x-ms-correlation-request-id": [
          "249c9d54-d463-4db9-8855-147abf6a167a"
        ],
        "x-ms-routing-request-id": [
          "WESTUS2:20161203T002147Z:249c9d54-d463-4db9-8855-147abf6a167a"
        ],
        "Strict-Transport-Security": [
          "max-age=31536000; includeSubDomains"
        ],
        "Cache-Control": [
          "no-cache"
        ],
        "Date": [
          "Sat, 03 Dec 2016 00:21:47 GMT"
        ]
      },
      "StatusCode": 200
    },
    {
      "RequestUri": "/subscriptions/53d9063d-87ae-4ea8-be90-3686c3b8669f/providers/Microsoft.DataLakeAnalytics?api-version=2016-02-01",
      "EncodedRequestUri": "L3N1YnNjcmlwdGlvbnMvNTNkOTA2M2QtODdhZS00ZWE4LWJlOTAtMzY4NmMzYjg2NjlmL3Byb3ZpZGVycy9NaWNyb3NvZnQuRGF0YUxha2VBbmFseXRpY3M/YXBpLXZlcnNpb249MjAxNi0wMi0wMQ==",
      "RequestMethod": "GET",
      "RequestBody": "",
      "RequestHeaders": {
        "User-Agent": [
          "Microsoft.Azure.Management.Resources.ResourceManagementClient/2.0.0.0"
        ]
      },
      "ResponseBody": "{\r\n  \"id\": \"/subscriptions/53d9063d-87ae-4ea8-be90-3686c3b8669f/providers/Microsoft.DataLakeAnalytics\",\r\n  \"namespace\": \"Microsoft.DataLakeAnalytics\",\r\n  \"resourceTypes\": [\r\n    {\r\n      \"resourceType\": \"accounts\",\r\n      \"locations\": [\r\n        \"East US 2\",\r\n        \"Central US\"\r\n      ],\r\n      \"apiVersions\": [\r\n        \"2016-11-01\",\r\n        \"2015-10-01-preview\"\r\n      ],\r\n      \"capabilities\": \"CrossResourceGroupResourceMove, CrossSubscriptionResourceMove\"\r\n    },\r\n    {\r\n      \"resourceType\": \"accounts/dataLakeStoreAccounts\",\r\n      \"locations\": [\r\n        \"East US 2\",\r\n        \"Central US\"\r\n      ],\r\n      \"apiVersions\": [\r\n        \"2016-11-01\",\r\n        \"2015-10-01-preview\"\r\n      ]\r\n    },\r\n    {\r\n      \"resourceType\": \"accounts/storageAccounts\",\r\n      \"locations\": [\r\n        \"East US 2\",\r\n        \"Central US\"\r\n      ],\r\n      \"apiVersions\": [\r\n        \"2016-11-01\",\r\n        \"2015-10-01-preview\"\r\n      ]\r\n    },\r\n    {\r\n      \"resourceType\": \"accounts/storageAccounts/containers\",\r\n      \"locations\": [\r\n        \"East US 2\",\r\n        \"Central US\"\r\n      ],\r\n      \"apiVersions\": [\r\n        \"2016-11-01\",\r\n        \"2015-10-01-preview\"\r\n      ]\r\n    },\r\n    {\r\n      \"resourceType\": \"accounts/storageAccounts/containers/listSasTokens\",\r\n      \"locations\": [\r\n        \"East US 2\",\r\n        \"Central US\"\r\n      ],\r\n      \"apiVersions\": [\r\n        \"2016-11-01\",\r\n        \"2015-10-01-preview\"\r\n      ]\r\n    },\r\n    {\r\n      \"resourceType\": \"locations\",\r\n      \"locations\": [],\r\n      \"apiVersions\": [\r\n        \"2016-11-01\",\r\n        \"2015-10-01-preview\"\r\n      ]\r\n    },\r\n    {\r\n      \"resourceType\": \"locations/operationresults\",\r\n      \"locations\": [],\r\n      \"apiVersions\": [\r\n        \"2016-11-01\",\r\n        \"2015-10-01-preview\"\r\n      ]\r\n    },\r\n    {\r\n      \"resourceType\": \"locations/checkNameAvailability\",\r\n      \"locations\": [],\r\n      \"apiVersions\": [\r\n        \"2016-11-01\",\r\n        \"2015-10-01-preview\"\r\n      ]\r\n    },\r\n    {\r\n      \"resourceType\": \"locations/capability\",\r\n      \"locations\": [],\r\n      \"apiVersions\": [\r\n        \"2016-11-01\",\r\n        \"2015-10-01-preview\"\r\n      ]\r\n    },\r\n    {\r\n      \"resourceType\": \"operations\",\r\n      \"locations\": [],\r\n      \"apiVersions\": [\r\n        \"2016-11-01\",\r\n        \"2015-10-01-preview\"\r\n      ]\r\n    }\r\n  ],\r\n  \"registrationState\": \"Registered\"\r\n}",
      "ResponseHeaders": {
        "Content-Length": [
          "1482"
        ],
        "Content-Type": [
          "application/json; charset=utf-8"
        ],
        "Expires": [
          "-1"
        ],
        "Pragma": [
          "no-cache"
        ],
        "x-ms-ratelimit-remaining-subscription-reads": [
          "14991"
        ],
        "x-ms-request-id": [
          "28c96926-26d8-469c-ba46-7c9228c99eba"
        ],
        "x-ms-correlation-request-id": [
          "28c96926-26d8-469c-ba46-7c9228c99eba"
        ],
        "x-ms-routing-request-id": [
          "WESTUS2:20161203T002147Z:28c96926-26d8-469c-ba46-7c9228c99eba"
        ],
        "Strict-Transport-Security": [
          "max-age=31536000; includeSubDomains"
        ],
        "Cache-Control": [
          "no-cache"
        ],
        "Date": [
          "Sat, 03 Dec 2016 00:21:47 GMT"
        ]
      },
      "StatusCode": 200
    },
    {
      "RequestUri": "/subscriptions/53d9063d-87ae-4ea8-be90-3686c3b8669f/resourcegroups/onesdk6628?api-version=2016-02-01",
      "EncodedRequestUri": "L3N1YnNjcmlwdGlvbnMvNTNkOTA2M2QtODdhZS00ZWE4LWJlOTAtMzY4NmMzYjg2NjlmL3Jlc291cmNlZ3JvdXBzL29uZXNkazY2Mjg/YXBpLXZlcnNpb249MjAxNi0wMi0wMQ==",
      "RequestMethod": "PUT",
      "RequestBody": "{\r\n  \"location\": \"East US 2\"\r\n}",
      "RequestHeaders": {
        "Content-Type": [
          "application/json; charset=utf-8"
        ],
        "Content-Length": [
          "31"
        ],
        "User-Agent": [
          "Microsoft.Azure.Management.Resources.ResourceManagementClient/2.0.0.0"
        ]
      },
      "ResponseBody": "{\r\n  \"id\": \"/subscriptions/53d9063d-87ae-4ea8-be90-3686c3b8669f/resourceGroups/onesdk6628\",\r\n  \"name\": \"onesdk6628\",\r\n  \"location\": \"eastus2\",\r\n  \"properties\": {\r\n    \"provisioningState\": \"Succeeded\"\r\n  }\r\n}",
      "ResponseHeaders": {
        "Content-Length": [
          "174"
        ],
        "Content-Type": [
          "application/json; charset=utf-8"
        ],
        "Expires": [
          "-1"
        ],
        "Pragma": [
          "no-cache"
        ],
        "x-ms-ratelimit-remaining-subscription-writes": [
          "1194"
        ],
        "x-ms-request-id": [
          "0616a107-7c30-4bbb-98fd-82ac90def784"
        ],
        "x-ms-correlation-request-id": [
          "0616a107-7c30-4bbb-98fd-82ac90def784"
        ],
        "x-ms-routing-request-id": [
          "WESTUS2:20161203T002149Z:0616a107-7c30-4bbb-98fd-82ac90def784"
        ],
        "Strict-Transport-Security": [
          "max-age=31536000; includeSubDomains"
        ],
        "Cache-Control": [
          "no-cache"
        ],
        "Date": [
          "Sat, 03 Dec 2016 00:21:49 GMT"
        ]
      },
      "StatusCode": 201
    },
    {
      "RequestUri": "/subscriptions/53d9063d-87ae-4ea8-be90-3686c3b8669f/resourceGroups/onesdk6628/providers/Microsoft.DataLakeStore/accounts/onesdk4638?api-version=2016-11-01",
      "EncodedRequestUri": "L3N1YnNjcmlwdGlvbnMvNTNkOTA2M2QtODdhZS00ZWE4LWJlOTAtMzY4NmMzYjg2NjlmL3Jlc291cmNlR3JvdXBzL29uZXNkazY2MjgvcHJvdmlkZXJzL01pY3Jvc29mdC5EYXRhTGFrZVN0b3JlL2FjY291bnRzL29uZXNkazQ2Mzg/YXBpLXZlcnNpb249MjAxNi0xMS0wMQ==",
      "RequestMethod": "GET",
      "RequestBody": "",
      "RequestHeaders": {
        "x-ms-client-request-id": [
          "604ec3e1-b8f7-40ee-9c3e-00b46e43c44e"
        ],
        "accept-language": [
          "en-US"
        ],
        "User-Agent": [
          "Microsoft.Azure.Management.DataLake.Store.DataLakeStoreAccountManagementClient/1.0.2-preview"
        ]
      },
      "ResponseBody": "{\r\n  \"error\": {\r\n    \"code\": \"ResourceNotFound\",\r\n    \"message\": \"The Resource 'Microsoft.DataLakeStore/accounts/onesdk4638' under resource group 'onesdk6628' was not found.\"\r\n  }\r\n}",
      "ResponseHeaders": {
        "Content-Length": [
          "157"
        ],
        "Content-Type": [
          "application/json; charset=utf-8"
        ],
        "Expires": [
          "-1"
        ],
        "Pragma": [
          "no-cache"
        ],
        "x-ms-failure-cause": [
          "gateway"
        ],
        "x-ms-request-id": [
          "0c8c520e-add8-444e-96cf-10d700d9c4e7"
        ],
        "x-ms-correlation-request-id": [
          "0c8c520e-add8-444e-96cf-10d700d9c4e7"
        ],
        "x-ms-routing-request-id": [
          "WESTUS2:20161203T002149Z:0c8c520e-add8-444e-96cf-10d700d9c4e7"
        ],
        "Strict-Transport-Security": [
          "max-age=31536000; includeSubDomains"
        ],
        "Cache-Control": [
          "no-cache"
        ],
        "Date": [
          "Sat, 03 Dec 2016 00:21:49 GMT"
        ]
      },
      "StatusCode": 404
    },
    {
      "RequestUri": "/subscriptions/53d9063d-87ae-4ea8-be90-3686c3b8669f/resourceGroups/onesdk6628/providers/Microsoft.DataLakeStore/accounts/onesdk4638?api-version=2016-11-01",
      "EncodedRequestUri": "L3N1YnNjcmlwdGlvbnMvNTNkOTA2M2QtODdhZS00ZWE4LWJlOTAtMzY4NmMzYjg2NjlmL3Jlc291cmNlR3JvdXBzL29uZXNkazY2MjgvcHJvdmlkZXJzL01pY3Jvc29mdC5EYXRhTGFrZVN0b3JlL2FjY291bnRzL29uZXNkazQ2Mzg/YXBpLXZlcnNpb249MjAxNi0xMS0wMQ==",
      "RequestMethod": "GET",
      "RequestBody": "",
      "RequestHeaders": {
        "User-Agent": [
          "Microsoft.Azure.Management.DataLake.Store.DataLakeStoreAccountManagementClient/1.0.2-preview"
        ]
      },
      "ResponseBody": "{\r\n  \"properties\": {\r\n    \"firewallState\": \"Disabled\",\r\n    \"firewallRules\": [],\r\n    \"trustedIdProviderState\": \"Disabled\",\r\n    \"trustedIdProviders\": [],\r\n    \"encryptionState\": \"Enabled\",\r\n    \"encryptionConfig\": {\r\n      \"type\": \"ServiceManaged\"\r\n    },\r\n    \"provisioningState\": \"Succeeded\",\r\n    \"state\": \"Active\",\r\n    \"endpoint\": \"onesdk4638.azuredatalakestore.net\",\r\n    \"accountId\": \"48537618-7b3f-4dd6-ba0a-63b900999b00\",\r\n    \"creationTime\": \"2016-12-03T00:21:57.7430573Z\",\r\n    \"lastModifiedTime\": \"2016-12-03T00:21:57.7430573Z\"\r\n  },\r\n  \"location\": \"East US 2\",\r\n  \"tags\": {},\r\n  \"id\": \"/subscriptions/53d9063d-87ae-4ea8-be90-3686c3b8669f/resourceGroups/onesdk6628/providers/Microsoft.DataLakeStore/accounts/onesdk4638\",\r\n  \"name\": \"onesdk4638\",\r\n  \"type\": \"Microsoft.DataLakeStore/accounts\"\r\n}",
      "ResponseHeaders": {
        "Content-Length": [
          "672"
        ],
        "Content-Type": [
          "application/json"
        ],
        "Expires": [
          "-1"
        ],
        "Pragma": [
          "no-cache"
        ],
        "x-ms-request-id": [
          "f883b45c-90c7-4270-a739-d46693da604c"
        ],
        "X-Content-Type-Options": [
          "nosniff"
        ],
        "x-ms-ratelimit-remaining-subscription-reads": [
          "14994"
        ],
        "x-ms-correlation-request-id": [
          "1ce6dff3-b3ef-46ea-99a4-cf0b2d71ba51"
        ],
        "x-ms-routing-request-id": [
          "WESTUS2:20161203T002222Z:1ce6dff3-b3ef-46ea-99a4-cf0b2d71ba51"
        ],
        "Strict-Transport-Security": [
          "max-age=31536000; includeSubDomains"
        ],
        "Connection": [
          "close"
        ],
        "Cache-Control": [
          "no-cache"
        ],
        "Date": [
          "Sat, 03 Dec 2016 00:22:22 GMT"
        ],
        "Server": [
          "Microsoft-IIS/8.5"
        ],
        "X-AspNet-Version": [
          "4.0.30319"
        ],
        "X-Powered-By": [
          "ASP.NET"
        ]
      },
      "StatusCode": 200
    },
    {
      "RequestUri": "/subscriptions/53d9063d-87ae-4ea8-be90-3686c3b8669f/resourceGroups/onesdk6628/providers/Microsoft.DataLakeStore/accounts/onesdk4638?api-version=2016-11-01",
      "EncodedRequestUri": "L3N1YnNjcmlwdGlvbnMvNTNkOTA2M2QtODdhZS00ZWE4LWJlOTAtMzY4NmMzYjg2NjlmL3Jlc291cmNlR3JvdXBzL29uZXNkazY2MjgvcHJvdmlkZXJzL01pY3Jvc29mdC5EYXRhTGFrZVN0b3JlL2FjY291bnRzL29uZXNkazQ2Mzg/YXBpLXZlcnNpb249MjAxNi0xMS0wMQ==",
      "RequestMethod": "GET",
      "RequestBody": "",
      "RequestHeaders": {
        "x-ms-client-request-id": [
          "b0eed812-43e4-4039-833b-cedf62113a7c"
        ],
        "accept-language": [
          "en-US"
        ],
        "User-Agent": [
          "Microsoft.Azure.Management.DataLake.Store.DataLakeStoreAccountManagementClient/1.0.2-preview"
        ]
      },
      "ResponseBody": "{\r\n  \"properties\": {\r\n    \"firewallState\": \"Disabled\",\r\n    \"firewallRules\": [],\r\n    \"trustedIdProviderState\": \"Disabled\",\r\n    \"trustedIdProviders\": [],\r\n    \"encryptionState\": \"Enabled\",\r\n    \"encryptionConfig\": {\r\n      \"type\": \"ServiceManaged\"\r\n    },\r\n    \"provisioningState\": \"Succeeded\",\r\n    \"state\": \"Active\",\r\n    \"endpoint\": \"onesdk4638.azuredatalakestore.net\",\r\n    \"accountId\": \"48537618-7b3f-4dd6-ba0a-63b900999b00\",\r\n    \"creationTime\": \"2016-12-03T00:21:57.7430573Z\",\r\n    \"lastModifiedTime\": \"2016-12-03T00:21:57.7430573Z\"\r\n  },\r\n  \"location\": \"East US 2\",\r\n  \"tags\": {},\r\n  \"id\": \"/subscriptions/53d9063d-87ae-4ea8-be90-3686c3b8669f/resourceGroups/onesdk6628/providers/Microsoft.DataLakeStore/accounts/onesdk4638\",\r\n  \"name\": \"onesdk4638\",\r\n  \"type\": \"Microsoft.DataLakeStore/accounts\"\r\n}",
      "ResponseHeaders": {
        "Content-Length": [
          "672"
        ],
        "Content-Type": [
          "application/json"
        ],
        "Expires": [
          "-1"
        ],
        "Pragma": [
          "no-cache"
        ],
        "x-ms-request-id": [
          "782184bd-1f8c-4dd8-8e9d-ad884e577f8d"
        ],
        "X-Content-Type-Options": [
          "nosniff"
        ],
        "x-ms-ratelimit-remaining-subscription-reads": [
          "14997"
        ],
        "x-ms-correlation-request-id": [
          "d53cf3f1-91db-4351-bbf4-a16d35d4e6d0"
        ],
        "x-ms-routing-request-id": [
          "WESTUS2:20161203T002303Z:d53cf3f1-91db-4351-bbf4-a16d35d4e6d0"
        ],
        "Strict-Transport-Security": [
          "max-age=31536000; includeSubDomains"
        ],
        "Connection": [
          "close"
        ],
        "Cache-Control": [
          "no-cache"
        ],
        "Date": [
          "Sat, 03 Dec 2016 00:23:03 GMT"
        ],
        "Server": [
          "Microsoft-IIS/8.5"
        ],
        "X-AspNet-Version": [
          "4.0.30319"
        ],
        "X-Powered-By": [
          "ASP.NET"
        ]
      },
      "StatusCode": 200
    },
    {
      "RequestUri": "/subscriptions/53d9063d-87ae-4ea8-be90-3686c3b8669f/resourceGroups/onesdk6628/providers/Microsoft.DataLakeStore/accounts/onesdk4638?api-version=2016-11-01",
      "EncodedRequestUri": "L3N1YnNjcmlwdGlvbnMvNTNkOTA2M2QtODdhZS00ZWE4LWJlOTAtMzY4NmMzYjg2NjlmL3Jlc291cmNlR3JvdXBzL29uZXNkazY2MjgvcHJvdmlkZXJzL01pY3Jvc29mdC5EYXRhTGFrZVN0b3JlL2FjY291bnRzL29uZXNkazQ2Mzg/YXBpLXZlcnNpb249MjAxNi0xMS0wMQ==",
      "RequestMethod": "PUT",
      "RequestBody": "{\r\n  \"location\": \"East US 2\",\r\n  \"tags\": {}\r\n}",
      "RequestHeaders": {
        "Content-Type": [
          "application/json; charset=utf-8"
        ],
        "Content-Length": [
          "46"
        ],
        "x-ms-client-request-id": [
          "6034dd7d-564c-4935-a9d4-0f957986b799"
        ],
        "accept-language": [
          "en-US"
        ],
        "User-Agent": [
          "Microsoft.Azure.Management.DataLake.Store.DataLakeStoreAccountManagementClient/1.0.2-preview"
        ]
      },
      "ResponseBody": "{\r\n  \"properties\": {\r\n    \"provisioningState\": \"Creating\",\r\n    \"state\": null,\r\n    \"endpoint\": null,\r\n    \"accountId\": \"48537618-7b3f-4dd6-ba0a-63b900999b00\",\r\n    \"creationTime\": null,\r\n    \"lastModifiedTime\": null\r\n  },\r\n  \"location\": \"East US 2\",\r\n  \"tags\": {},\r\n  \"id\": \"/subscriptions/53d9063d-87ae-4ea8-be90-3686c3b8669f/resourceGroups/onesdk6628/providers/Microsoft.DataLakeStore/accounts/onesdk4638\",\r\n  \"name\": \"onesdk4638\",\r\n  \"type\": \"Microsoft.DataLakeStore/accounts\"\r\n}",
      "ResponseHeaders": {
        "Content-Length": [
          "405"
        ],
        "Content-Type": [
          "application/json"
        ],
        "Expires": [
          "-1"
        ],
        "Pragma": [
          "no-cache"
        ],
        "Retry-After": [
          "10"
        ],
        "Azure-AsyncOperation": [
          "https://management.azure.com/subscriptions/53d9063d-87ae-4ea8-be90-3686c3b8669f/providers/Microsoft.DataLakeStore/locations/EastUS2/operationResults/48537618-7b3f-4dd6-ba0a-63b900999b000?api-version=2016-11-01&expanded=true"
        ],
        "x-ms-request-id": [
          "2e18bc1f-e2ad-46a2-ba21-047e82b46dbe"
        ],
        "X-Content-Type-Options": [
          "nosniff"
        ],
        "x-ms-ratelimit-remaining-subscription-writes": [
          "1196"
        ],
        "x-ms-correlation-request-id": [
          "ec697dfe-f955-4836-83fe-ed336fdac205"
        ],
        "x-ms-routing-request-id": [
          "WESTUS2:20161203T002151Z:ec697dfe-f955-4836-83fe-ed336fdac205"
        ],
        "Strict-Transport-Security": [
          "max-age=31536000; includeSubDomains"
        ],
        "Connection": [
          "close"
        ],
        "Cache-Control": [
          "no-cache"
        ],
        "Date": [
          "Sat, 03 Dec 2016 00:21:51 GMT"
        ],
        "Location": [
          "https://management.azure.com/subscriptions/53d9063d-87ae-4ea8-be90-3686c3b8669f/resourcegroups/onesdk6628/providers/Microsoft.DataLakeStore/accounts/onesdk4638/operationresults/0?api-version=2016-11-01"
        ],
        "Server": [
          "Microsoft-IIS/8.5"
        ],
        "X-AspNet-Version": [
          "4.0.30319"
        ],
        "X-Powered-By": [
          "ASP.NET"
        ]
      },
      "StatusCode": 201
    },
    {
      "RequestUri": "/subscriptions/53d9063d-87ae-4ea8-be90-3686c3b8669f/providers/Microsoft.DataLakeStore/locations/EastUS2/operationResults/48537618-7b3f-4dd6-ba0a-63b900999b000?api-version=2016-11-01&expanded=true",
      "EncodedRequestUri": "L3N1YnNjcmlwdGlvbnMvNTNkOTA2M2QtODdhZS00ZWE4LWJlOTAtMzY4NmMzYjg2NjlmL3Byb3ZpZGVycy9NaWNyb3NvZnQuRGF0YUxha2VTdG9yZS9sb2NhdGlvbnMvRWFzdFVTMi9vcGVyYXRpb25SZXN1bHRzLzQ4NTM3NjE4LTdiM2YtNGRkNi1iYTBhLTYzYjkwMDk5OWIwMDA/YXBpLXZlcnNpb249MjAxNi0xMS0wMSZleHBhbmRlZD10cnVl",
      "RequestMethod": "GET",
      "RequestBody": "",
      "RequestHeaders": {
        "User-Agent": [
          "Microsoft.Azure.Management.DataLake.Store.DataLakeStoreAccountManagementClient/1.0.2-preview"
        ]
      },
      "ResponseBody": "{\r\n  \"status\": \"Succeeded\"\r\n}",
      "ResponseHeaders": {
        "Content-Length": [
          "22"
        ],
        "Content-Type": [
          "application/json"
        ],
        "Expires": [
          "-1"
        ],
        "Pragma": [
          "no-cache"
        ],
        "x-ms-request-id": [
          "1a5dd37d-7174-4f81-a0ec-e65f8bafea21"
        ],
        "X-Content-Type-Options": [
          "nosniff"
        ],
        "x-ms-ratelimit-remaining-subscription-reads": [
          "14992"
        ],
        "x-ms-correlation-request-id": [
          "aa8c242c-786c-4a08-852f-aa2ac9a0bfd0"
        ],
        "x-ms-routing-request-id": [
          "WESTUS2:20161203T002222Z:aa8c242c-786c-4a08-852f-aa2ac9a0bfd0"
        ],
        "Strict-Transport-Security": [
          "max-age=31536000; includeSubDomains"
        ],
        "Connection": [
          "close"
        ],
        "Cache-Control": [
          "no-cache"
        ],
        "Date": [
          "Sat, 03 Dec 2016 00:22:21 GMT"
        ],
        "Server": [
          "Microsoft-IIS/8.5"
        ],
        "X-AspNet-Version": [
          "4.0.30319"
        ],
        "X-Powered-By": [
          "ASP.NET"
        ]
      },
      "StatusCode": 200
    },
    {
      "RequestUri": "/subscriptions/53d9063d-87ae-4ea8-be90-3686c3b8669f/resourceGroups/onesdk6628/providers/Microsoft.DataLakeAnalytics/accounts/onesdk1838?api-version=2016-11-01",
      "EncodedRequestUri": "L3N1YnNjcmlwdGlvbnMvNTNkOTA2M2QtODdhZS00ZWE4LWJlOTAtMzY4NmMzYjg2NjlmL3Jlc291cmNlR3JvdXBzL29uZXNkazY2MjgvcHJvdmlkZXJzL01pY3Jvc29mdC5EYXRhTGFrZUFuYWx5dGljcy9hY2NvdW50cy9vbmVzZGsxODM4P2FwaS12ZXJzaW9uPTIwMTYtMTEtMDE=",
      "RequestMethod": "GET",
      "RequestBody": "",
      "RequestHeaders": {
        "x-ms-client-request-id": [
          "c4ad81fb-c2e0-4f4e-9bf9-e3c232cdfd89"
        ],
        "accept-language": [
          "en-US"
        ],
        "User-Agent": [
          "Microsoft.Azure.Management.DataLake.Analytics.DataLakeAnalyticsAccountManagementClient/1.0.1-preview"
        ]
      },
      "ResponseBody": "{\r\n  \"error\": {\r\n    \"code\": \"ResourceNotFound\",\r\n    \"message\": \"The Resource 'Microsoft.DataLakeAnalytics/accounts/onesdk1838' under resource group 'onesdk6628' was not found.\"\r\n  }\r\n}",
      "ResponseHeaders": {
        "Content-Length": [
          "161"
        ],
        "Content-Type": [
          "application/json; charset=utf-8"
        ],
        "Expires": [
          "-1"
        ],
        "Pragma": [
          "no-cache"
        ],
        "x-ms-failure-cause": [
          "gateway"
        ],
        "x-ms-request-id": [
          "e76b698e-2eef-4c16-9878-8e2da8555963"
        ],
        "x-ms-correlation-request-id": [
          "e76b698e-2eef-4c16-9878-8e2da8555963"
        ],
        "x-ms-routing-request-id": [
          "WESTUS2:20161203T002223Z:e76b698e-2eef-4c16-9878-8e2da8555963"
        ],
        "Strict-Transport-Security": [
          "max-age=31536000; includeSubDomains"
        ],
        "Cache-Control": [
          "no-cache"
        ],
        "Date": [
          "Sat, 03 Dec 2016 00:22:22 GMT"
        ]
      },
      "StatusCode": 404
    },
    {
      "RequestUri": "/subscriptions/53d9063d-87ae-4ea8-be90-3686c3b8669f/resourceGroups/onesdk6628/providers/Microsoft.DataLakeAnalytics/accounts/onesdk1838?api-version=2016-11-01",
      "EncodedRequestUri": "L3N1YnNjcmlwdGlvbnMvNTNkOTA2M2QtODdhZS00ZWE4LWJlOTAtMzY4NmMzYjg2NjlmL3Jlc291cmNlR3JvdXBzL29uZXNkazY2MjgvcHJvdmlkZXJzL01pY3Jvc29mdC5EYXRhTGFrZUFuYWx5dGljcy9hY2NvdW50cy9vbmVzZGsxODM4P2FwaS12ZXJzaW9uPTIwMTYtMTEtMDE=",
      "RequestMethod": "GET",
      "RequestBody": "",
      "RequestHeaders": {
        "x-ms-client-request-id": [
          "c1e96e83-d7ed-4ca2-877a-a0f2e15354a1"
        ],
        "accept-language": [
          "en-US"
        ],
        "User-Agent": [
          "Microsoft.Azure.Management.DataLake.Analytics.DataLakeAnalyticsAccountManagementClient/1.0.1-preview"
        ]
      },
      "ResponseBody": "{\r\n  \"error\": {\r\n    \"code\": \"ResourceNotFound\",\r\n    \"message\": \"The Resource 'Microsoft.DataLakeAnalytics/accounts/onesdk1838' under resource group 'onesdk6628' was not found.\"\r\n  }\r\n}",
      "ResponseHeaders": {
        "Content-Length": [
          "161"
        ],
        "Content-Type": [
          "application/json; charset=utf-8"
        ],
        "Expires": [
          "-1"
        ],
        "Pragma": [
          "no-cache"
        ],
        "x-ms-failure-cause": [
          "gateway"
        ],
        "x-ms-request-id": [
          "ea2e7586-7b34-426d-b494-88ed4bad3628"
        ],
        "x-ms-correlation-request-id": [
          "ea2e7586-7b34-426d-b494-88ed4bad3628"
        ],
        "x-ms-routing-request-id": [
          "WESTUS2:20161203T002223Z:ea2e7586-7b34-426d-b494-88ed4bad3628"
        ],
        "Strict-Transport-Security": [
          "max-age=31536000; includeSubDomains"
        ],
        "Cache-Control": [
          "no-cache"
        ],
        "Date": [
          "Sat, 03 Dec 2016 00:22:22 GMT"
        ]
      },
      "StatusCode": 404
    },
    {
      "RequestUri": "/subscriptions/53d9063d-87ae-4ea8-be90-3686c3b8669f/resourceGroups/onesdk6628/providers/Microsoft.DataLakeAnalytics/accounts/onesdk1838?api-version=2016-11-01",
      "EncodedRequestUri": "L3N1YnNjcmlwdGlvbnMvNTNkOTA2M2QtODdhZS00ZWE4LWJlOTAtMzY4NmMzYjg2NjlmL3Jlc291cmNlR3JvdXBzL29uZXNkazY2MjgvcHJvdmlkZXJzL01pY3Jvc29mdC5EYXRhTGFrZUFuYWx5dGljcy9hY2NvdW50cy9vbmVzZGsxODM4P2FwaS12ZXJzaW9uPTIwMTYtMTEtMDE=",
      "RequestMethod": "GET",
      "RequestBody": "",
      "RequestHeaders": {
        "User-Agent": [
          "Microsoft.Azure.Management.DataLake.Analytics.DataLakeAnalyticsAccountManagementClient/1.0.1-preview"
        ]
      },
      "ResponseBody": "{\r\n  \"properties\": {\r\n    \"defaultDataLakeStoreAccount\": \"onesdk4638\",\r\n    \"dataLakeStoreAccounts\": [\r\n      {\r\n        \"properties\": {\r\n          \"suffix\": \"azuredatalakestore.net\"\r\n        },\r\n        \"name\": \"onesdk4638\"\r\n      }\r\n    ],\r\n    \"storageAccounts\": [],\r\n    \"maxDegreeOfParallelism\": 250,\r\n    \"maxJobCount\": 10,\r\n    \"systemMaxDegreeOfParallelism\": 250,\r\n    \"systemMaxJobCount\": 20,\r\n    \"queryStoreRetention\": 30,\r\n    \"hiveMetastores\": [],\r\n    \"provisioningState\": \"Succeeded\",\r\n    \"state\": \"Active\",\r\n    \"endpoint\": \"onesdk1838.azuredatalakeanalytics.net\",\r\n    \"accountId\": \"07fc7d55-1af0-462a-91e6-9a8c68965499\",\r\n    \"creationTime\": \"2016-12-03T00:22:26.1565759Z\",\r\n    \"lastModifiedTime\": \"2016-12-03T00:22:26.1565759Z\"\r\n  },\r\n  \"location\": \"East US 2\",\r\n  \"tags\": {},\r\n  \"id\": \"/subscriptions/53d9063d-87ae-4ea8-be90-3686c3b8669f/resourceGroups/onesdk6628/providers/Microsoft.DataLakeAnalytics/accounts/onesdk1838\",\r\n  \"name\": \"onesdk1838\",\r\n  \"type\": \"Microsoft.DataLakeAnalytics/accounts\"\r\n}",
      "ResponseHeaders": {
        "Content-Length": [
          "815"
        ],
        "Content-Type": [
          "application/json"
        ],
        "Expires": [
          "-1"
        ],
        "Pragma": [
          "no-cache"
        ],
        "x-ms-request-id": [
          "e0eed2bb-b7e8-4643-87c7-63bc68fefbc6"
        ],
        "X-Content-Type-Options": [
          "nosniff"
        ],
        "x-ms-ratelimit-remaining-subscription-reads": [
          "14991"
        ],
        "x-ms-correlation-request-id": [
          "027276cd-b8af-4a5e-9a50-db7393370754"
        ],
        "x-ms-routing-request-id": [
          "WESTUS2:20161203T002256Z:027276cd-b8af-4a5e-9a50-db7393370754"
        ],
        "Strict-Transport-Security": [
          "max-age=31536000; includeSubDomains"
        ],
        "Connection": [
          "close"
        ],
        "Cache-Control": [
          "no-cache"
        ],
        "Date": [
          "Sat, 03 Dec 2016 00:22:56 GMT"
        ],
        "Server": [
          "Microsoft-IIS/8.5"
        ],
        "X-AspNet-Version": [
          "4.0.30319"
        ],
        "X-Powered-By": [
          "ASP.NET"
        ]
      },
      "StatusCode": 200
    },
    {
      "RequestUri": "/subscriptions/53d9063d-87ae-4ea8-be90-3686c3b8669f/resourceGroups/onesdk6628/providers/Microsoft.DataLakeAnalytics/accounts/onesdk1838?api-version=2016-11-01",
      "EncodedRequestUri": "L3N1YnNjcmlwdGlvbnMvNTNkOTA2M2QtODdhZS00ZWE4LWJlOTAtMzY4NmMzYjg2NjlmL3Jlc291cmNlR3JvdXBzL29uZXNkazY2MjgvcHJvdmlkZXJzL01pY3Jvc29mdC5EYXRhTGFrZUFuYWx5dGljcy9hY2NvdW50cy9vbmVzZGsxODM4P2FwaS12ZXJzaW9uPTIwMTYtMTEtMDE=",
      "RequestMethod": "GET",
      "RequestBody": "",
      "RequestHeaders": {
        "x-ms-client-request-id": [
          "d2c9f9cd-0901-4c77-baa9-95cd4f2767b5"
        ],
        "accept-language": [
          "en-US"
        ],
        "User-Agent": [
          "Microsoft.Azure.Management.DataLake.Analytics.DataLakeAnalyticsAccountManagementClient/1.0.1-preview"
        ]
      },
      "ResponseBody": "{\r\n  \"properties\": {\r\n    \"defaultDataLakeStoreAccount\": \"onesdk4638\",\r\n    \"dataLakeStoreAccounts\": [\r\n      {\r\n        \"properties\": {\r\n          \"suffix\": \"azuredatalakestore.net\"\r\n        },\r\n        \"name\": \"onesdk4638\"\r\n      }\r\n    ],\r\n    \"storageAccounts\": [],\r\n    \"maxDegreeOfParallelism\": 250,\r\n    \"maxJobCount\": 10,\r\n    \"systemMaxDegreeOfParallelism\": 250,\r\n    \"systemMaxJobCount\": 20,\r\n    \"queryStoreRetention\": 30,\r\n    \"hiveMetastores\": [],\r\n    \"provisioningState\": \"Succeeded\",\r\n    \"state\": \"Active\",\r\n    \"endpoint\": \"onesdk1838.azuredatalakeanalytics.net\",\r\n    \"accountId\": \"07fc7d55-1af0-462a-91e6-9a8c68965499\",\r\n    \"creationTime\": \"2016-12-03T00:22:26.1565759Z\",\r\n    \"lastModifiedTime\": \"2016-12-03T00:22:26.1565759Z\"\r\n  },\r\n  \"location\": \"East US 2\",\r\n  \"tags\": {},\r\n  \"id\": \"/subscriptions/53d9063d-87ae-4ea8-be90-3686c3b8669f/resourceGroups/onesdk6628/providers/Microsoft.DataLakeAnalytics/accounts/onesdk1838\",\r\n  \"name\": \"onesdk1838\",\r\n  \"type\": \"Microsoft.DataLakeAnalytics/accounts\"\r\n}",
      "ResponseHeaders": {
        "Content-Length": [
          "815"
        ],
        "Content-Type": [
          "application/json"
        ],
        "Expires": [
          "-1"
        ],
        "Pragma": [
          "no-cache"
        ],
        "x-ms-request-id": [
          "230ab71d-6873-4691-b116-9a82028da535"
        ],
        "X-Content-Type-Options": [
          "nosniff"
        ],
        "x-ms-ratelimit-remaining-subscription-reads": [
          "14991"
        ],
        "x-ms-correlation-request-id": [
          "862c051f-36bc-41ee-8817-e5e0938619c9"
        ],
        "x-ms-routing-request-id": [
          "WESTUS2:20161203T002257Z:862c051f-36bc-41ee-8817-e5e0938619c9"
        ],
        "Strict-Transport-Security": [
          "max-age=31536000; includeSubDomains"
        ],
        "Connection": [
          "close"
        ],
        "Cache-Control": [
          "no-cache"
        ],
        "Date": [
          "Sat, 03 Dec 2016 00:22:56 GMT"
        ],
        "Server": [
          "Microsoft-IIS/8.5"
        ],
        "X-AspNet-Version": [
          "4.0.30319"
        ],
        "X-Powered-By": [
          "ASP.NET"
        ]
      },
      "StatusCode": 200
    },
    {
      "RequestUri": "/subscriptions/53d9063d-87ae-4ea8-be90-3686c3b8669f/resourceGroups/onesdk6628/providers/Microsoft.DataLakeAnalytics/accounts/onesdk1838?api-version=2016-11-01",
      "EncodedRequestUri": "L3N1YnNjcmlwdGlvbnMvNTNkOTA2M2QtODdhZS00ZWE4LWJlOTAtMzY4NmMzYjg2NjlmL3Jlc291cmNlR3JvdXBzL29uZXNkazY2MjgvcHJvdmlkZXJzL01pY3Jvc29mdC5EYXRhTGFrZUFuYWx5dGljcy9hY2NvdW50cy9vbmVzZGsxODM4P2FwaS12ZXJzaW9uPTIwMTYtMTEtMDE=",
      "RequestMethod": "GET",
      "RequestBody": "",
      "RequestHeaders": {
        "x-ms-client-request-id": [
          "9cad189c-766c-467a-baaa-407ac6b9f1f2"
        ],
        "accept-language": [
          "en-US"
        ],
        "User-Agent": [
          "Microsoft.Azure.Management.DataLake.Analytics.DataLakeAnalyticsAccountManagementClient/1.0.1-preview"
        ]
      },
      "ResponseBody": "{\r\n  \"properties\": {\r\n    \"defaultDataLakeStoreAccount\": \"onesdk4638\",\r\n    \"dataLakeStoreAccounts\": [\r\n      {\r\n        \"properties\": {\r\n          \"suffix\": \"azuredatalakestore.net\"\r\n        },\r\n        \"name\": \"onesdk4638\"\r\n      }\r\n    ],\r\n    \"storageAccounts\": [],\r\n    \"maxDegreeOfParallelism\": 250,\r\n    \"maxJobCount\": 10,\r\n    \"systemMaxDegreeOfParallelism\": 250,\r\n    \"systemMaxJobCount\": 20,\r\n    \"queryStoreRetention\": 30,\r\n    \"hiveMetastores\": [],\r\n    \"provisioningState\": \"Succeeded\",\r\n    \"state\": \"Active\",\r\n    \"endpoint\": \"onesdk1838.azuredatalakeanalytics.net\",\r\n    \"accountId\": \"07fc7d55-1af0-462a-91e6-9a8c68965499\",\r\n    \"creationTime\": \"2016-12-03T00:22:26.1565759Z\",\r\n    \"lastModifiedTime\": \"2016-12-03T00:22:26.1565759Z\"\r\n  },\r\n  \"location\": \"East US 2\",\r\n  \"tags\": {},\r\n  \"id\": \"/subscriptions/53d9063d-87ae-4ea8-be90-3686c3b8669f/resourceGroups/onesdk6628/providers/Microsoft.DataLakeAnalytics/accounts/onesdk1838\",\r\n  \"name\": \"onesdk1838\",\r\n  \"type\": \"Microsoft.DataLakeAnalytics/accounts\"\r\n}",
      "ResponseHeaders": {
        "Content-Length": [
          "815"
        ],
        "Content-Type": [
          "application/json"
        ],
        "Expires": [
          "-1"
        ],
        "Pragma": [
          "no-cache"
        ],
        "x-ms-request-id": [
          "f70a5856-d1f0-4625-900a-fae99de65f26"
        ],
        "X-Content-Type-Options": [
          "nosniff"
        ],
        "x-ms-ratelimit-remaining-subscription-reads": [
          "14990"
        ],
        "x-ms-correlation-request-id": [
          "87af6d92-edd8-4d5f-923b-66e494ef70ba"
        ],
        "x-ms-routing-request-id": [
          "WESTUS2:20161203T002258Z:87af6d92-edd8-4d5f-923b-66e494ef70ba"
        ],
        "Strict-Transport-Security": [
          "max-age=31536000; includeSubDomains"
        ],
        "Connection": [
          "close"
        ],
        "Cache-Control": [
          "no-cache"
        ],
        "Date": [
          "Sat, 03 Dec 2016 00:22:57 GMT"
        ],
        "Server": [
          "Microsoft-IIS/8.5"
        ],
        "X-AspNet-Version": [
          "4.0.30319"
        ],
        "X-Powered-By": [
          "ASP.NET"
        ]
      },
      "StatusCode": 200
    },
    {
      "RequestUri": "/subscriptions/53d9063d-87ae-4ea8-be90-3686c3b8669f/resourceGroups/onesdk6628/providers/Microsoft.DataLakeAnalytics/accounts/onesdk1838?api-version=2016-11-01",
      "EncodedRequestUri": "L3N1YnNjcmlwdGlvbnMvNTNkOTA2M2QtODdhZS00ZWE4LWJlOTAtMzY4NmMzYjg2NjlmL3Jlc291cmNlR3JvdXBzL29uZXNkazY2MjgvcHJvdmlkZXJzL01pY3Jvc29mdC5EYXRhTGFrZUFuYWx5dGljcy9hY2NvdW50cy9vbmVzZGsxODM4P2FwaS12ZXJzaW9uPTIwMTYtMTEtMDE=",
      "RequestMethod": "GET",
      "RequestBody": "",
      "RequestHeaders": {
        "x-ms-client-request-id": [
          "70c923c0-ed8d-4810-a0eb-c9088ee97ebf"
        ],
        "accept-language": [
          "en-US"
        ],
        "User-Agent": [
          "Microsoft.Azure.Management.DataLake.Analytics.DataLakeAnalyticsAccountManagementClient/1.0.1-preview"
        ]
      },
      "ResponseBody": "{\r\n  \"properties\": {\r\n    \"defaultDataLakeStoreAccount\": \"onesdk4638\",\r\n    \"dataLakeStoreAccounts\": [\r\n      {\r\n        \"properties\": {\r\n          \"suffix\": \"azuredatalakestore.net\"\r\n        },\r\n        \"name\": \"onesdk4638\"\r\n      }\r\n    ],\r\n    \"storageAccounts\": [],\r\n    \"maxDegreeOfParallelism\": 250,\r\n    \"maxJobCount\": 10,\r\n    \"systemMaxDegreeOfParallelism\": 250,\r\n    \"systemMaxJobCount\": 20,\r\n    \"queryStoreRetention\": 30,\r\n    \"hiveMetastores\": [],\r\n    \"provisioningState\": \"Succeeded\",\r\n    \"state\": \"Active\",\r\n    \"endpoint\": \"onesdk1838.azuredatalakeanalytics.net\",\r\n    \"accountId\": \"07fc7d55-1af0-462a-91e6-9a8c68965499\",\r\n    \"creationTime\": \"2016-12-03T00:22:26.1565759Z\",\r\n    \"lastModifiedTime\": \"2016-12-03T00:22:26.1565759Z\"\r\n  },\r\n  \"location\": \"East US 2\",\r\n  \"tags\": {},\r\n  \"id\": \"/subscriptions/53d9063d-87ae-4ea8-be90-3686c3b8669f/resourceGroups/onesdk6628/providers/Microsoft.DataLakeAnalytics/accounts/onesdk1838\",\r\n  \"name\": \"onesdk1838\",\r\n  \"type\": \"Microsoft.DataLakeAnalytics/accounts\"\r\n}",
      "ResponseHeaders": {
        "Content-Length": [
          "815"
        ],
        "Content-Type": [
          "application/json"
        ],
        "Expires": [
          "-1"
        ],
        "Pragma": [
          "no-cache"
        ],
        "x-ms-request-id": [
          "0dc4dff8-7f1e-4fc9-a3ae-18db6af5bf4a"
        ],
        "X-Content-Type-Options": [
          "nosniff"
        ],
        "x-ms-ratelimit-remaining-subscription-reads": [
          "14995"
        ],
        "x-ms-correlation-request-id": [
          "f06e1064-43a0-4c9d-b249-394164577dca"
        ],
        "x-ms-routing-request-id": [
          "WESTUS2:20161203T002259Z:f06e1064-43a0-4c9d-b249-394164577dca"
        ],
        "Strict-Transport-Security": [
          "max-age=31536000; includeSubDomains"
        ],
        "Connection": [
          "close"
        ],
        "Cache-Control": [
          "no-cache"
        ],
        "Date": [
          "Sat, 03 Dec 2016 00:22:59 GMT"
        ],
        "Server": [
          "Microsoft-IIS/8.5"
        ],
        "X-AspNet-Version": [
          "4.0.30319"
        ],
        "X-Powered-By": [
          "ASP.NET"
        ]
      },
      "StatusCode": 200
    },
    {
      "RequestUri": "/subscriptions/53d9063d-87ae-4ea8-be90-3686c3b8669f/resourceGroups/onesdk6628/providers/Microsoft.DataLakeAnalytics/accounts/onesdk1838?api-version=2016-11-01",
      "EncodedRequestUri": "L3N1YnNjcmlwdGlvbnMvNTNkOTA2M2QtODdhZS00ZWE4LWJlOTAtMzY4NmMzYjg2NjlmL3Jlc291cmNlR3JvdXBzL29uZXNkazY2MjgvcHJvdmlkZXJzL01pY3Jvc29mdC5EYXRhTGFrZUFuYWx5dGljcy9hY2NvdW50cy9vbmVzZGsxODM4P2FwaS12ZXJzaW9uPTIwMTYtMTEtMDE=",
      "RequestMethod": "GET",
      "RequestBody": "",
      "RequestHeaders": {
        "x-ms-client-request-id": [
          "8317e7d1-7761-4402-956e-dd5d533b886a"
        ],
        "accept-language": [
          "en-US"
        ],
        "User-Agent": [
          "Microsoft.Azure.Management.DataLake.Analytics.DataLakeAnalyticsAccountManagementClient/1.0.1-preview"
        ]
      },
      "ResponseBody": "{\r\n  \"error\": {\r\n    \"code\": \"ResourceNotFound\",\r\n    \"message\": \"The Resource 'Microsoft.DataLakeAnalytics/accounts/onesdk1838' under resource group 'onesdk6628' was not found.\"\r\n  }\r\n}",
      "ResponseHeaders": {
        "Content-Length": [
          "161"
        ],
        "Content-Type": [
          "application/json; charset=utf-8"
        ],
        "Expires": [
          "-1"
        ],
        "Pragma": [
          "no-cache"
        ],
        "x-ms-failure-cause": [
          "gateway"
        ],
        "x-ms-request-id": [
          "f96d96d1-6070-4462-9a6b-9d88547c124a"
        ],
        "x-ms-correlation-request-id": [
          "f96d96d1-6070-4462-9a6b-9d88547c124a"
        ],
        "x-ms-routing-request-id": [
          "WESTUS2:20161203T002302Z:f96d96d1-6070-4462-9a6b-9d88547c124a"
        ],
        "Strict-Transport-Security": [
          "max-age=31536000; includeSubDomains"
        ],
        "Cache-Control": [
          "no-cache"
        ],
        "Date": [
          "Sat, 03 Dec 2016 00:23:02 GMT"
        ]
      },
      "StatusCode": 404
    },
    {
      "RequestUri": "/subscriptions/53d9063d-87ae-4ea8-be90-3686c3b8669f/resourceGroups/onesdk6628/providers/Microsoft.DataLakeAnalytics/accounts/onesdk1838?api-version=2016-11-01",
      "EncodedRequestUri": "L3N1YnNjcmlwdGlvbnMvNTNkOTA2M2QtODdhZS00ZWE4LWJlOTAtMzY4NmMzYjg2NjlmL3Jlc291cmNlR3JvdXBzL29uZXNkazY2MjgvcHJvdmlkZXJzL01pY3Jvc29mdC5EYXRhTGFrZUFuYWx5dGljcy9hY2NvdW50cy9vbmVzZGsxODM4P2FwaS12ZXJzaW9uPTIwMTYtMTEtMDE=",
      "RequestMethod": "GET",
      "RequestBody": "",
      "RequestHeaders": {
        "x-ms-client-request-id": [
          "7eae5c3f-e70a-4b7e-8861-f273b4692fbb"
        ],
        "accept-language": [
          "en-US"
        ],
        "User-Agent": [
          "Microsoft.Azure.Management.DataLake.Analytics.DataLakeAnalyticsAccountManagementClient/1.0.1-preview"
        ]
      },
      "ResponseBody": "{\r\n  \"error\": {\r\n    \"code\": \"ResourceNotFound\",\r\n    \"message\": \"The Resource 'Microsoft.DataLakeAnalytics/accounts/onesdk1838' under resource group 'onesdk6628' was not found.\"\r\n  }\r\n}",
      "ResponseHeaders": {
        "Content-Length": [
          "161"
        ],
        "Content-Type": [
          "application/json; charset=utf-8"
        ],
        "Expires": [
          "-1"
        ],
        "Pragma": [
          "no-cache"
        ],
        "x-ms-failure-cause": [
          "gateway"
        ],
        "x-ms-request-id": [
          "77ea1fc5-4ecf-4caa-a2e3-f4b4fc0302a5"
        ],
        "x-ms-correlation-request-id": [
          "77ea1fc5-4ecf-4caa-a2e3-f4b4fc0302a5"
        ],
        "x-ms-routing-request-id": [
          "WESTUS2:20161203T002303Z:77ea1fc5-4ecf-4caa-a2e3-f4b4fc0302a5"
        ],
        "Strict-Transport-Security": [
          "max-age=31536000; includeSubDomains"
        ],
        "Cache-Control": [
          "no-cache"
        ],
        "Date": [
          "Sat, 03 Dec 2016 00:23:02 GMT"
        ]
      },
      "StatusCode": 404
    },
    {
      "RequestUri": "/subscriptions/53d9063d-87ae-4ea8-be90-3686c3b8669f/resourceGroups/onesdk6628/providers/Microsoft.DataLakeAnalytics/accounts/onesdk1838?api-version=2016-11-01",
      "EncodedRequestUri": "L3N1YnNjcmlwdGlvbnMvNTNkOTA2M2QtODdhZS00ZWE4LWJlOTAtMzY4NmMzYjg2NjlmL3Jlc291cmNlR3JvdXBzL29uZXNkazY2MjgvcHJvdmlkZXJzL01pY3Jvc29mdC5EYXRhTGFrZUFuYWx5dGljcy9hY2NvdW50cy9vbmVzZGsxODM4P2FwaS12ZXJzaW9uPTIwMTYtMTEtMDE=",
      "RequestMethod": "GET",
      "RequestBody": "",
      "RequestHeaders": {
        "x-ms-client-request-id": [
          "352a1caa-3709-4001-9b2c-4c73a448ad2d"
        ],
        "accept-language": [
          "en-US"
        ],
        "User-Agent": [
          "Microsoft.Azure.Management.DataLake.Analytics.DataLakeAnalyticsAccountManagementClient/1.0.1-preview"
        ]
      },
      "ResponseBody": "{\r\n  \"error\": {\r\n    \"code\": \"ResourceNotFound\",\r\n    \"message\": \"The Resource 'Microsoft.DataLakeAnalytics/accounts/onesdk1838' under resource group 'onesdk6628' was not found.\"\r\n  }\r\n}",
      "ResponseHeaders": {
        "Content-Length": [
          "161"
        ],
        "Content-Type": [
          "application/json; charset=utf-8"
        ],
        "Expires": [
          "-1"
        ],
        "Pragma": [
          "no-cache"
        ],
        "x-ms-failure-cause": [
          "gateway"
        ],
        "x-ms-request-id": [
          "d0df89e3-94ee-4324-b326-9b4d3dd82ff9"
        ],
        "x-ms-correlation-request-id": [
          "d0df89e3-94ee-4324-b326-9b4d3dd82ff9"
        ],
        "x-ms-routing-request-id": [
          "WESTUS2:20161203T002303Z:d0df89e3-94ee-4324-b326-9b4d3dd82ff9"
        ],
        "Strict-Transport-Security": [
          "max-age=31536000; includeSubDomains"
        ],
        "Cache-Control": [
          "no-cache"
        ],
        "Date": [
          "Sat, 03 Dec 2016 00:23:02 GMT"
        ]
      },
      "StatusCode": 404
    },
    {
      "RequestUri": "/subscriptions/53d9063d-87ae-4ea8-be90-3686c3b8669f/resourceGroups/onesdk6628/providers/Microsoft.DataLakeAnalytics/accounts/onesdk1838?api-version=2016-11-01",
      "EncodedRequestUri": "L3N1YnNjcmlwdGlvbnMvNTNkOTA2M2QtODdhZS00ZWE4LWJlOTAtMzY4NmMzYjg2NjlmL3Jlc291cmNlR3JvdXBzL29uZXNkazY2MjgvcHJvdmlkZXJzL01pY3Jvc29mdC5EYXRhTGFrZUFuYWx5dGljcy9hY2NvdW50cy9vbmVzZGsxODM4P2FwaS12ZXJzaW9uPTIwMTYtMTEtMDE=",
      "RequestMethod": "PUT",
      "RequestBody": "{\r\n  \"properties\": {\r\n    \"defaultDataLakeStoreAccount\": \"onesdk4638\",\r\n    \"dataLakeStoreAccounts\": [\r\n      {\r\n        \"name\": \"onesdk4638\"\r\n      }\r\n    ]\r\n  },\r\n  \"location\": \"East US 2\",\r\n  \"tags\": {}\r\n}",
      "RequestHeaders": {
        "Content-Type": [
          "application/json; charset=utf-8"
        ],
        "Content-Length": [
          "208"
        ],
        "x-ms-client-request-id": [
          "eef0454e-5ca7-47b2-b57d-c6e111edf768"
        ],
        "accept-language": [
          "en-US"
        ],
        "User-Agent": [
          "Microsoft.Azure.Management.DataLake.Analytics.DataLakeAnalyticsAccountManagementClient/1.0.1-preview"
        ]
      },
      "ResponseBody": "{\r\n  \"properties\": {\r\n    \"defaultDataLakeStoreAccount\": \"onesdk4638\",\r\n    \"dataLakeStoreAccounts\": [\r\n      {\r\n        \"properties\": {\r\n          \"suffix\": \"azuredatalakestore.net\"\r\n        },\r\n        \"name\": \"onesdk4638\"\r\n      }\r\n    ],\r\n    \"provisioningState\": \"Creating\",\r\n    \"state\": null,\r\n    \"endpoint\": null,\r\n    \"accountId\": \"07fc7d55-1af0-462a-91e6-9a8c68965499\",\r\n    \"creationTime\": null,\r\n    \"lastModifiedTime\": null\r\n  },\r\n  \"location\": \"East US 2\",\r\n  \"tags\": {},\r\n  \"id\": \"/subscriptions/53d9063d-87ae-4ea8-be90-3686c3b8669f/resourceGroups/onesdk6628/providers/Microsoft.DataLakeAnalytics/accounts/onesdk1838\",\r\n  \"name\": \"onesdk1838\",\r\n  \"type\": \"Microsoft.DataLakeAnalytics/accounts\"\r\n}",
      "ResponseHeaders": {
        "Content-Length": [
          "553"
        ],
        "Content-Type": [
          "application/json"
        ],
        "Expires": [
          "-1"
        ],
        "Pragma": [
          "no-cache"
        ],
        "Retry-After": [
          "10"
        ],
        "Azure-AsyncOperation": [
          "https://management.azure.com/subscriptions/53d9063d-87ae-4ea8-be90-3686c3b8669f/providers/Microsoft.DataLakeAnalytics/locations/EastUS2/operationResults/07fc7d55-1af0-462a-91e6-9a8c689654990?api-version=2016-11-01&expanded=true"
        ],
        "x-ms-request-id": [
          "7ca3c9c9-d81f-498d-a3ae-af09e49fbe28"
        ],
        "X-Content-Type-Options": [
          "nosniff"
        ],
        "x-ms-ratelimit-remaining-subscription-writes": [
          "1198"
        ],
        "x-ms-correlation-request-id": [
          "cee4e498-a606-41cb-8575-25ac37e60cac"
        ],
        "x-ms-routing-request-id": [
          "WESTUS2:20161203T002225Z:cee4e498-a606-41cb-8575-25ac37e60cac"
        ],
        "Strict-Transport-Security": [
          "max-age=31536000; includeSubDomains"
        ],
        "Connection": [
          "close"
        ],
        "Cache-Control": [
          "no-cache"
        ],
        "Date": [
          "Sat, 03 Dec 2016 00:22:24 GMT"
        ],
        "Location": [
          "https://management.azure.com/subscriptions/53d9063d-87ae-4ea8-be90-3686c3b8669f/resourcegroups/onesdk6628/providers/Microsoft.DataLakeAnalytics/accounts/onesdk1838/operationresults/0?api-version=2016-11-01"
        ],
        "Server": [
          "Microsoft-IIS/8.5"
        ],
        "X-AspNet-Version": [
          "4.0.30319"
        ],
        "X-Powered-By": [
          "ASP.NET"
        ]
      },
      "StatusCode": 201
    },
    {
      "RequestUri": "/subscriptions/53d9063d-87ae-4ea8-be90-3686c3b8669f/providers/Microsoft.DataLakeAnalytics/locations/EastUS2/operationResults/07fc7d55-1af0-462a-91e6-9a8c689654990?api-version=2016-11-01&expanded=true",
      "EncodedRequestUri": "L3N1YnNjcmlwdGlvbnMvNTNkOTA2M2QtODdhZS00ZWE4LWJlOTAtMzY4NmMzYjg2NjlmL3Byb3ZpZGVycy9NaWNyb3NvZnQuRGF0YUxha2VBbmFseXRpY3MvbG9jYXRpb25zL0Vhc3RVUzIvb3BlcmF0aW9uUmVzdWx0cy8wN2ZjN2Q1NS0xYWYwLTQ2MmEtOTFlNi05YThjNjg5NjU0OTkwP2FwaS12ZXJzaW9uPTIwMTYtMTEtMDEmZXhwYW5kZWQ9dHJ1ZQ==",
      "RequestMethod": "GET",
      "RequestBody": "",
      "RequestHeaders": {
        "User-Agent": [
          "Microsoft.Azure.Management.DataLake.Analytics.DataLakeAnalyticsAccountManagementClient/1.0.1-preview"
        ]
      },
      "ResponseBody": "{\r\n  \"status\": \"Succeeded\"\r\n}",
      "ResponseHeaders": {
        "Content-Length": [
          "22"
        ],
        "Content-Type": [
          "application/json"
        ],
        "Expires": [
          "-1"
        ],
        "Pragma": [
          "no-cache"
        ],
        "x-ms-request-id": [
          "65de9443-e140-4702-9f89-2f900d5ec499"
        ],
        "X-Content-Type-Options": [
          "nosniff"
        ],
        "x-ms-ratelimit-remaining-subscription-reads": [
          "14993"
        ],
        "x-ms-correlation-request-id": [
          "11501f4c-92be-4055-9cc8-1faa6e5c5983"
        ],
        "x-ms-routing-request-id": [
          "WESTUS2:20161203T002256Z:11501f4c-92be-4055-9cc8-1faa6e5c5983"
        ],
        "Strict-Transport-Security": [
          "max-age=31536000; includeSubDomains"
        ],
        "Connection": [
          "close"
        ],
        "Cache-Control": [
          "no-cache"
        ],
        "Date": [
          "Sat, 03 Dec 2016 00:22:55 GMT"
        ],
        "Server": [
          "Microsoft-IIS/8.5"
        ],
        "X-AspNet-Version": [
          "4.0.30319"
        ],
        "X-Powered-By": [
          "ASP.NET"
        ]
      },
      "StatusCode": 200
    },
    {
      "RequestUri": "/subscriptions/53d9063d-87ae-4ea8-be90-3686c3b8669f/resourceGroups/onesdk6628/providers/Microsoft.DataLakeAnalytics/accounts/psfakedataLakeAnalyticsaccounttest?api-version=2016-11-01",
      "EncodedRequestUri": "L3N1YnNjcmlwdGlvbnMvNTNkOTA2M2QtODdhZS00ZWE4LWJlOTAtMzY4NmMzYjg2NjlmL3Jlc291cmNlR3JvdXBzL29uZXNkazY2MjgvcHJvdmlkZXJzL01pY3Jvc29mdC5EYXRhTGFrZUFuYWx5dGljcy9hY2NvdW50cy9wc2Zha2VkYXRhTGFrZUFuYWx5dGljc2FjY291bnR0ZXN0P2FwaS12ZXJzaW9uPTIwMTYtMTEtMDE=",
      "RequestMethod": "GET",
      "RequestBody": "",
      "RequestHeaders": {
        "x-ms-client-request-id": [
          "a2e4768b-6aba-4aeb-8f89-be4379f81fb8"
        ],
        "accept-language": [
          "en-US"
        ],
        "User-Agent": [
          "Microsoft.Azure.Management.DataLake.Analytics.DataLakeAnalyticsAccountManagementClient/1.0.1-preview"
        ]
      },
      "ResponseBody": "{\r\n  \"error\": {\r\n    \"code\": \"ResourceNotFound\",\r\n    \"message\": \"The Resource 'Microsoft.DataLakeAnalytics/accounts/psfakedataLakeAnalyticsaccounttest' under resource group 'onesdk6628' was not found.\"\r\n  }\r\n}",
      "ResponseHeaders": {
        "Content-Length": [
          "185"
        ],
        "Content-Type": [
          "application/json; charset=utf-8"
        ],
        "Expires": [
          "-1"
        ],
        "Pragma": [
          "no-cache"
        ],
        "x-ms-failure-cause": [
          "gateway"
        ],
        "x-ms-request-id": [
          "150d4554-3add-485b-89aa-586605042ccf"
        ],
        "x-ms-correlation-request-id": [
          "150d4554-3add-485b-89aa-586605042ccf"
        ],
        "x-ms-routing-request-id": [
          "WESTUS2:20161203T002258Z:150d4554-3add-485b-89aa-586605042ccf"
        ],
        "Strict-Transport-Security": [
          "max-age=31536000; includeSubDomains"
        ],
        "Cache-Control": [
          "no-cache"
        ],
        "Date": [
          "Sat, 03 Dec 2016 00:22:58 GMT"
        ]
      },
      "StatusCode": 404
    },
    {
      "RequestUri": "/subscriptions/53d9063d-87ae-4ea8-be90-3686c3b8669f/resourceGroups/onesdk6628/providers/Microsoft.DataLakeAnalytics/accounts/psfakedataLakeAnalyticsaccounttest?api-version=2016-11-01",
      "EncodedRequestUri": "L3N1YnNjcmlwdGlvbnMvNTNkOTA2M2QtODdhZS00ZWE4LWJlOTAtMzY4NmMzYjg2NjlmL3Jlc291cmNlR3JvdXBzL29uZXNkazY2MjgvcHJvdmlkZXJzL01pY3Jvc29mdC5EYXRhTGFrZUFuYWx5dGljcy9hY2NvdW50cy9wc2Zha2VkYXRhTGFrZUFuYWx5dGljc2FjY291bnR0ZXN0P2FwaS12ZXJzaW9uPTIwMTYtMTEtMDE=",
      "RequestMethod": "GET",
      "RequestBody": "",
      "RequestHeaders": {
        "x-ms-client-request-id": [
          "610ffa0e-dfc1-4aaf-9aa1-4a1aa1304f18"
        ],
        "accept-language": [
          "en-US"
        ],
        "User-Agent": [
          "Microsoft.Azure.Management.DataLake.Analytics.DataLakeAnalyticsAccountManagementClient/1.0.1-preview"
        ]
      },
      "ResponseBody": "{\r\n  \"error\": {\r\n    \"code\": \"ResourceNotFound\",\r\n    \"message\": \"The Resource 'Microsoft.DataLakeAnalytics/accounts/psfakedataLakeAnalyticsaccounttest' under resource group 'onesdk6628' was not found.\"\r\n  }\r\n}",
      "ResponseHeaders": {
        "Content-Length": [
          "185"
        ],
        "Content-Type": [
          "application/json; charset=utf-8"
        ],
        "Expires": [
          "-1"
        ],
        "Pragma": [
          "no-cache"
        ],
        "x-ms-failure-cause": [
          "gateway"
        ],
        "x-ms-request-id": [
          "e6024813-f5bd-4055-8f09-9a2c2edb735a"
        ],
        "x-ms-correlation-request-id": [
          "e6024813-f5bd-4055-8f09-9a2c2edb735a"
        ],
        "x-ms-routing-request-id": [
          "WESTUS2:20161203T002258Z:e6024813-f5bd-4055-8f09-9a2c2edb735a"
        ],
        "Strict-Transport-Security": [
          "max-age=31536000; includeSubDomains"
        ],
        "Cache-Control": [
          "no-cache"
        ],
        "Date": [
          "Sat, 03 Dec 2016 00:22:58 GMT"
        ]
      },
      "StatusCode": 404
    },
    {
      "RequestUri": "/subscriptions/53d9063d-87ae-4ea8-be90-3686c3b8669f/resourceGroups/onesdk6628/providers/Microsoft.DataLakeAnalytics/accounts/onesdk1838?api-version=2016-11-01",
      "EncodedRequestUri": "L3N1YnNjcmlwdGlvbnMvNTNkOTA2M2QtODdhZS00ZWE4LWJlOTAtMzY4NmMzYjg2NjlmL3Jlc291cmNlR3JvdXBzL29uZXNkazY2MjgvcHJvdmlkZXJzL01pY3Jvc29mdC5EYXRhTGFrZUFuYWx5dGljcy9hY2NvdW50cy9vbmVzZGsxODM4P2FwaS12ZXJzaW9uPTIwMTYtMTEtMDE=",
      "RequestMethod": "DELETE",
      "RequestBody": "",
      "RequestHeaders": {
        "x-ms-client-request-id": [
          "0f5d179c-9b95-4dcc-9028-4e0ca257434e"
        ],
        "accept-language": [
          "en-US"
        ],
        "User-Agent": [
          "Microsoft.Azure.Management.DataLake.Analytics.DataLakeAnalyticsAccountManagementClient/1.0.1-preview"
        ]
      },
      "ResponseBody": "",
      "ResponseHeaders": {
        "Content-Length": [
          "0"
        ],
        "Expires": [
          "-1"
        ],
        "Pragma": [
          "no-cache"
        ],
        "x-ms-request-id": [
          "f70ea1a8-b475-4afb-a6a2-6ae01a0abba8"
        ],
        "x-ms-ratelimit-remaining-subscription-writes": [
          "1198"
        ],
        "x-ms-correlation-request-id": [
          "431dc8b7-bc07-44cd-b10d-0a6dea5fe3bf"
        ],
        "x-ms-routing-request-id": [
          "WESTUS2:20161203T002302Z:431dc8b7-bc07-44cd-b10d-0a6dea5fe3bf"
        ],
        "Strict-Transport-Security": [
          "max-age=31536000; includeSubDomains"
        ],
        "Connection": [
          "close"
        ],
        "Cache-Control": [
          "no-cache"
        ],
        "Date": [
          "Sat, 03 Dec 2016 00:23:02 GMT"
        ],
        "Server": [
          "Microsoft-IIS/8.5"
        ],
        "X-AspNet-Version": [
          "4.0.30319"
        ],
        "X-Powered-By": [
          "ASP.NET"
        ]
      },
      "StatusCode": 200
    },
    {
      "RequestUri": "/subscriptions/53d9063d-87ae-4ea8-be90-3686c3b8669f/resourceGroups/onesdk6628/providers/Microsoft.DataLakeStore/accounts/onesdk4638?api-version=2016-11-01",
      "EncodedRequestUri": "L3N1YnNjcmlwdGlvbnMvNTNkOTA2M2QtODdhZS00ZWE4LWJlOTAtMzY4NmMzYjg2NjlmL3Jlc291cmNlR3JvdXBzL29uZXNkazY2MjgvcHJvdmlkZXJzL01pY3Jvc29mdC5EYXRhTGFrZVN0b3JlL2FjY291bnRzL29uZXNkazQ2Mzg/YXBpLXZlcnNpb249MjAxNi0xMS0wMQ==",
      "RequestMethod": "DELETE",
      "RequestBody": "",
      "RequestHeaders": {
        "x-ms-client-request-id": [
          "e3ccb240-718e-4a7b-a647-1099e626876c"
        ],
        "accept-language": [
          "en-US"
        ],
        "User-Agent": [
          "Microsoft.Azure.Management.DataLake.Store.DataLakeStoreAccountManagementClient/1.0.2-preview"
        ]
      },
      "ResponseBody": "",
      "ResponseHeaders": {
        "Content-Length": [
          "0"
        ],
        "Expires": [
          "-1"
        ],
        "Pragma": [
          "no-cache"
        ],
        "x-ms-request-id": [
          "b06cbba2-2a22-4427-9660-74d5892eff52"
        ],
        "x-ms-ratelimit-remaining-subscription-writes": [
          "1195"
        ],
        "x-ms-correlation-request-id": [
          "d41b7d53-0973-4865-930d-3a1381a31cc3"
        ],
        "x-ms-routing-request-id": [
          "WESTUS2:20161203T002306Z:d41b7d53-0973-4865-930d-3a1381a31cc3"
        ],
        "Strict-Transport-Security": [
          "max-age=31536000; includeSubDomains"
        ],
        "Connection": [
          "close"
        ],
        "Cache-Control": [
          "no-cache"
        ],
        "Date": [
          "Sat, 03 Dec 2016 00:23:05 GMT"
        ],
        "Server": [
          "Microsoft-IIS/8.5"
        ],
        "X-AspNet-Version": [
          "4.0.30319"
        ],
        "X-Powered-By": [
          "ASP.NET"
        ]
      },
      "StatusCode": 200
    },
    {
      "RequestUri": "/subscriptions/53d9063d-87ae-4ea8-be90-3686c3b8669f/resourcegroups/onesdk6628?api-version=2016-02-01",
      "EncodedRequestUri": "L3N1YnNjcmlwdGlvbnMvNTNkOTA2M2QtODdhZS00ZWE4LWJlOTAtMzY4NmMzYjg2NjlmL3Jlc291cmNlZ3JvdXBzL29uZXNkazY2Mjg/YXBpLXZlcnNpb249MjAxNi0wMi0wMQ==",
      "RequestMethod": "DELETE",
      "RequestBody": "",
      "RequestHeaders": {
        "User-Agent": [
          "Microsoft.Azure.Management.Resources.ResourceManagementClient/2.0.0.0"
        ]
      },
      "ResponseBody": "",
      "ResponseHeaders": {
        "Content-Length": [
          "0"
        ],
        "Expires": [
          "-1"
        ],
        "Pragma": [
          "no-cache"
        ],
        "Retry-After": [
          "15"
        ],
        "x-ms-ratelimit-remaining-subscription-writes": [
          "1193"
        ],
        "x-ms-request-id": [
          "a6d17575-f858-4ab6-9155-ea2962464f16"
        ],
        "x-ms-correlation-request-id": [
          "a6d17575-f858-4ab6-9155-ea2962464f16"
        ],
        "x-ms-routing-request-id": [
          "WESTUS2:20161203T002307Z:a6d17575-f858-4ab6-9155-ea2962464f16"
        ],
        "Strict-Transport-Security": [
          "max-age=31536000; includeSubDomains"
        ],
        "Cache-Control": [
          "no-cache"
        ],
        "Date": [
          "Sat, 03 Dec 2016 00:23:06 GMT"
        ],
        "Location": [
          "https://management.azure.com/subscriptions/53d9063d-87ae-4ea8-be90-3686c3b8669f/operationresults/eyJqb2JJZCI6IlJFU09VUkNFR1JPVVBERUxFVElPTkpPQi1PTkVTREs2NjI4LUVBU1RVUzIiLCJqb2JMb2NhdGlvbiI6ImVhc3R1czIifQ?api-version=2016-02-01"
        ]
      },
      "StatusCode": 202
    },
    {
      "RequestUri": "/subscriptions/53d9063d-87ae-4ea8-be90-3686c3b8669f/operationresults/eyJqb2JJZCI6IlJFU09VUkNFR1JPVVBERUxFVElPTkpPQi1PTkVTREs2NjI4LUVBU1RVUzIiLCJqb2JMb2NhdGlvbiI6ImVhc3R1czIifQ?api-version=2016-02-01",
      "EncodedRequestUri": "L3N1YnNjcmlwdGlvbnMvNTNkOTA2M2QtODdhZS00ZWE4LWJlOTAtMzY4NmMzYjg2NjlmL29wZXJhdGlvbnJlc3VsdHMvZXlKcWIySkpaQ0k2SWxKRlUwOVZVa05GUjFKUFZWQkVSVXhGVkVsUFRrcFBRaTFQVGtWVFJFczJOakk0TFVWQlUxUlZVeklpTENKcWIySk1iMk5oZEdsdmJpSTZJbVZoYzNSMWN6SWlmUT9hcGktdmVyc2lvbj0yMDE2LTAyLTAx",
      "RequestMethod": "GET",
      "RequestBody": "",
      "RequestHeaders": {
        "x-ms-version": [
          "2016-02-01"
        ],
        "User-Agent": [
          "Microsoft.Azure.Management.Resources.ResourceManagementClient/2.0.0.0"
        ]
      },
      "ResponseBody": "",
      "ResponseHeaders": {
        "Content-Length": [
          "0"
        ],
        "Expires": [
          "-1"
        ],
        "Pragma": [
          "no-cache"
        ],
        "Retry-After": [
          "15"
        ],
        "x-ms-ratelimit-remaining-subscription-reads": [
          "14989"
        ],
        "x-ms-request-id": [
          "3d2f463d-032c-4e77-a47e-f85fcd1399a6"
        ],
        "x-ms-correlation-request-id": [
          "3d2f463d-032c-4e77-a47e-f85fcd1399a6"
        ],
        "x-ms-routing-request-id": [
          "WESTUS2:20161203T002307Z:3d2f463d-032c-4e77-a47e-f85fcd1399a6"
        ],
        "Strict-Transport-Security": [
          "max-age=31536000; includeSubDomains"
        ],
        "Cache-Control": [
          "no-cache"
        ],
        "Date": [
          "Sat, 03 Dec 2016 00:23:07 GMT"
        ],
        "Location": [
          "https://management.azure.com/subscriptions/53d9063d-87ae-4ea8-be90-3686c3b8669f/operationresults/eyJqb2JJZCI6IlJFU09VUkNFR1JPVVBERUxFVElPTkpPQi1PTkVTREs2NjI4LUVBU1RVUzIiLCJqb2JMb2NhdGlvbiI6ImVhc3R1czIifQ?api-version=2016-02-01"
        ]
      },
      "StatusCode": 202
    },
    {
      "RequestUri": "/subscriptions/53d9063d-87ae-4ea8-be90-3686c3b8669f/operationresults/eyJqb2JJZCI6IlJFU09VUkNFR1JPVVBERUxFVElPTkpPQi1PTkVTREs2NjI4LUVBU1RVUzIiLCJqb2JMb2NhdGlvbiI6ImVhc3R1czIifQ?api-version=2016-02-01",
      "EncodedRequestUri": "L3N1YnNjcmlwdGlvbnMvNTNkOTA2M2QtODdhZS00ZWE4LWJlOTAtMzY4NmMzYjg2NjlmL29wZXJhdGlvbnJlc3VsdHMvZXlKcWIySkpaQ0k2SWxKRlUwOVZVa05GUjFKUFZWQkVSVXhGVkVsUFRrcFBRaTFQVGtWVFJFczJOakk0TFVWQlUxUlZVeklpTENKcWIySk1iMk5oZEdsdmJpSTZJbVZoYzNSMWN6SWlmUT9hcGktdmVyc2lvbj0yMDE2LTAyLTAx",
      "RequestMethod": "GET",
      "RequestBody": "",
      "RequestHeaders": {
        "x-ms-version": [
          "2016-02-01"
        ],
        "User-Agent": [
          "Microsoft.Azure.Management.Resources.ResourceManagementClient/2.0.0.0"
        ]
      },
      "ResponseBody": "",
      "ResponseHeaders": {
        "Content-Length": [
          "0"
        ],
        "Expires": [
          "-1"
        ],
        "Pragma": [
          "no-cache"
        ],
        "Retry-After": [
          "15"
        ],
        "x-ms-ratelimit-remaining-subscription-reads": [
          "14988"
        ],
        "x-ms-request-id": [
          "8925554a-0257-477d-8dc7-aa55238d3f38"
        ],
        "x-ms-correlation-request-id": [
          "8925554a-0257-477d-8dc7-aa55238d3f38"
        ],
        "x-ms-routing-request-id": [
          "WESTUS2:20161203T002323Z:8925554a-0257-477d-8dc7-aa55238d3f38"
        ],
        "Strict-Transport-Security": [
          "max-age=31536000; includeSubDomains"
        ],
        "Cache-Control": [
          "no-cache"
        ],
        "Date": [
          "Sat, 03 Dec 2016 00:23:22 GMT"
        ],
        "Location": [
          "https://management.azure.com/subscriptions/53d9063d-87ae-4ea8-be90-3686c3b8669f/operationresults/eyJqb2JJZCI6IlJFU09VUkNFR1JPVVBERUxFVElPTkpPQi1PTkVTREs2NjI4LUVBU1RVUzIiLCJqb2JMb2NhdGlvbiI6ImVhc3R1czIifQ?api-version=2016-02-01"
        ]
      },
      "StatusCode": 202
    },
    {
      "RequestUri": "/subscriptions/53d9063d-87ae-4ea8-be90-3686c3b8669f/operationresults/eyJqb2JJZCI6IlJFU09VUkNFR1JPVVBERUxFVElPTkpPQi1PTkVTREs2NjI4LUVBU1RVUzIiLCJqb2JMb2NhdGlvbiI6ImVhc3R1czIifQ?api-version=2016-02-01",
      "EncodedRequestUri": "L3N1YnNjcmlwdGlvbnMvNTNkOTA2M2QtODdhZS00ZWE4LWJlOTAtMzY4NmMzYjg2NjlmL29wZXJhdGlvbnJlc3VsdHMvZXlKcWIySkpaQ0k2SWxKRlUwOVZVa05GUjFKUFZWQkVSVXhGVkVsUFRrcFBRaTFQVGtWVFJFczJOakk0TFVWQlUxUlZVeklpTENKcWIySk1iMk5oZEdsdmJpSTZJbVZoYzNSMWN6SWlmUT9hcGktdmVyc2lvbj0yMDE2LTAyLTAx",
      "RequestMethod": "GET",
      "RequestBody": "",
      "RequestHeaders": {
        "x-ms-version": [
          "2016-02-01"
        ],
        "User-Agent": [
          "Microsoft.Azure.Management.Resources.ResourceManagementClient/2.0.0.0"
        ]
      },
      "ResponseBody": "",
      "ResponseHeaders": {
        "Content-Length": [
          "0"
        ],
        "Expires": [
          "-1"
        ],
        "Pragma": [
          "no-cache"
        ],
        "Retry-After": [
          "15"
        ],
        "x-ms-ratelimit-remaining-subscription-reads": [
          "14987"
        ],
        "x-ms-request-id": [
          "e4601cdd-f331-441f-96a0-ad5461696fa0"
        ],
        "x-ms-correlation-request-id": [
          "e4601cdd-f331-441f-96a0-ad5461696fa0"
        ],
        "x-ms-routing-request-id": [
          "WESTUS2:20161203T002338Z:e4601cdd-f331-441f-96a0-ad5461696fa0"
        ],
        "Strict-Transport-Security": [
          "max-age=31536000; includeSubDomains"
        ],
        "Cache-Control": [
          "no-cache"
        ],
        "Date": [
          "Sat, 03 Dec 2016 00:23:37 GMT"
        ],
        "Location": [
          "https://management.azure.com/subscriptions/53d9063d-87ae-4ea8-be90-3686c3b8669f/operationresults/eyJqb2JJZCI6IlJFU09VUkNFR1JPVVBERUxFVElPTkpPQi1PTkVTREs2NjI4LUVBU1RVUzIiLCJqb2JMb2NhdGlvbiI6ImVhc3R1czIifQ?api-version=2016-02-01"
        ]
      },
      "StatusCode": 202
    },
    {
      "RequestUri": "/subscriptions/53d9063d-87ae-4ea8-be90-3686c3b8669f/operationresults/eyJqb2JJZCI6IlJFU09VUkNFR1JPVVBERUxFVElPTkpPQi1PTkVTREs2NjI4LUVBU1RVUzIiLCJqb2JMb2NhdGlvbiI6ImVhc3R1czIifQ?api-version=2016-02-01",
      "EncodedRequestUri": "L3N1YnNjcmlwdGlvbnMvNTNkOTA2M2QtODdhZS00ZWE4LWJlOTAtMzY4NmMzYjg2NjlmL29wZXJhdGlvbnJlc3VsdHMvZXlKcWIySkpaQ0k2SWxKRlUwOVZVa05GUjFKUFZWQkVSVXhGVkVsUFRrcFBRaTFQVGtWVFJFczJOakk0TFVWQlUxUlZVeklpTENKcWIySk1iMk5oZEdsdmJpSTZJbVZoYzNSMWN6SWlmUT9hcGktdmVyc2lvbj0yMDE2LTAyLTAx",
      "RequestMethod": "GET",
      "RequestBody": "",
      "RequestHeaders": {
        "x-ms-version": [
          "2016-02-01"
        ],
        "User-Agent": [
          "Microsoft.Azure.Management.Resources.ResourceManagementClient/2.0.0.0"
        ]
      },
      "ResponseBody": "",
      "ResponseHeaders": {
        "Content-Length": [
          "0"
        ],
        "Expires": [
          "-1"
        ],
        "Pragma": [
          "no-cache"
        ],
        "x-ms-ratelimit-remaining-subscription-reads": [
          "14986"
        ],
        "x-ms-request-id": [
          "18cb7d93-2f26-4844-bc07-bfdf6eec6924"
        ],
        "x-ms-correlation-request-id": [
          "18cb7d93-2f26-4844-bc07-bfdf6eec6924"
        ],
        "x-ms-routing-request-id": [
          "WESTUS2:20161203T002353Z:18cb7d93-2f26-4844-bc07-bfdf6eec6924"
        ],
        "Strict-Transport-Security": [
          "max-age=31536000; includeSubDomains"
        ],
        "Cache-Control": [
          "no-cache"
        ],
        "Date": [
          "Sat, 03 Dec 2016 00:23:53 GMT"
        ]
      },
      "StatusCode": 200
    }
  ],
  "Names": {
    "": [
      "onesdk6628",
      "onesdk1838",
      "onesdk4638"
    ]
  },
  "Variables": {
    "SubscriptionId": "53d9063d-87ae-4ea8-be90-3686c3b8669f"
  }
}