{
  "Entries": [
    {
      "RequestUri": "/subscriptions/53d9063d-87ae-4ea8-be90-3686c3b8669f/providers/Microsoft.DataLakeAnalytics/register?api-version=2016-02-01",
      "EncodedRequestUri": "L3N1YnNjcmlwdGlvbnMvNTNkOTA2M2QtODdhZS00ZWE4LWJlOTAtMzY4NmMzYjg2NjlmL3Byb3ZpZGVycy9NaWNyb3NvZnQuRGF0YUxha2VBbmFseXRpY3MvcmVnaXN0ZXI/YXBpLXZlcnNpb249MjAxNi0wMi0wMQ==",
      "RequestMethod": "POST",
      "RequestBody": "",
      "RequestHeaders": {
        "User-Agent": [
          "Microsoft.Azure.Management.Resources.ResourceManagementClient/2.0.0.0"
        ]
      },
      "ResponseBody": "{\r\n  \"id\": \"/subscriptions/53d9063d-87ae-4ea8-be90-3686c3b8669f/providers/Microsoft.DataLakeAnalytics\",\r\n  \"namespace\": \"Microsoft.DataLakeAnalytics\",\r\n  \"resourceTypes\": [\r\n    {\r\n      \"resourceType\": \"operations\",\r\n      \"locations\": [],\r\n      \"apiVersions\": [\r\n        \"2015-10-01-preview\"\r\n      ]\r\n    },\r\n    {\r\n      \"resourceType\": \"accounts\",\r\n      \"locations\": [\r\n        \"East US 2\"\r\n      ],\r\n      \"apiVersions\": [\r\n        \"2015-10-01-preview\"\r\n      ],\r\n      \"capabilities\": \"CrossResourceGroupResourceMove, CrossSubscriptionResourceMove\"\r\n    },\r\n    {\r\n      \"resourceType\": \"accounts/dataLakeStoreAccounts\",\r\n      \"locations\": [\r\n        \"East US 2\"\r\n      ],\r\n      \"apiVersions\": [\r\n        \"2015-10-01-preview\"\r\n      ]\r\n    },\r\n    {\r\n      \"resourceType\": \"accounts/storageAccounts\",\r\n      \"locations\": [\r\n        \"East US 2\"\r\n      ],\r\n      \"apiVersions\": [\r\n        \"2015-10-01-preview\"\r\n      ]\r\n    },\r\n    {\r\n      \"resourceType\": \"accounts/storageAccounts/containers\",\r\n      \"locations\": [\r\n        \"East US 2\"\r\n      ],\r\n      \"apiVersions\": [\r\n        \"2015-10-01-preview\"\r\n      ]\r\n    },\r\n    {\r\n      \"resourceType\": \"accounts/storageAccounts/containers/listSasTokens\",\r\n      \"locations\": [\r\n        \"East US 2\"\r\n      ],\r\n      \"apiVersions\": [\r\n        \"2015-10-01-preview\"\r\n      ]\r\n    },\r\n    {\r\n      \"resourceType\": \"locations\",\r\n      \"locations\": [],\r\n      \"apiVersions\": [\r\n        \"2015-10-01-preview\"\r\n      ]\r\n    },\r\n    {\r\n      \"resourceType\": \"locations/operationresults\",\r\n      \"locations\": [],\r\n      \"apiVersions\": [\r\n        \"2015-10-01-preview\"\r\n      ]\r\n    },\r\n    {\r\n      \"resourceType\": \"locations/checkNameAvailability\",\r\n      \"locations\": [],\r\n      \"apiVersions\": [\r\n        \"2015-10-01-preview\"\r\n      ]\r\n    },\r\n    {\r\n      \"resourceType\": \"locations/capability\",\r\n      \"locations\": [],\r\n      \"apiVersions\": [\r\n        \"2015-10-01-preview\"\r\n      ]\r\n    }\r\n  ],\r\n  \"registrationState\": \"Registered\"\r\n}",
      "ResponseHeaders": {
        "Content-Length": [
          "1287"
        ],
        "Content-Type": [
          "application/json; charset=utf-8"
        ],
        "Expires": [
          "-1"
        ],
        "Pragma": [
          "no-cache"
        ],
        "x-ms-ratelimit-remaining-subscription-writes": [
          "1196"
        ],
        "x-ms-request-id": [
          "d85d5f98-638d-48e3-a325-25ce74490484"
        ],
        "x-ms-correlation-request-id": [
          "d85d5f98-638d-48e3-a325-25ce74490484"
        ],
        "x-ms-routing-request-id": [
          "WESTUS2:20160726T193254Z:d85d5f98-638d-48e3-a325-25ce74490484"
        ],
        "Strict-Transport-Security": [
          "max-age=31536000; includeSubDomains"
        ],
        "Cache-Control": [
          "no-cache"
        ],
        "Date": [
          "Tue, 26 Jul 2016 19:32:54 GMT"
        ]
      },
      "StatusCode": 200
    },
    {
      "RequestUri": "/subscriptions/53d9063d-87ae-4ea8-be90-3686c3b8669f/providers/Microsoft.DataLakeAnalytics?api-version=2016-02-01",
      "EncodedRequestUri": "L3N1YnNjcmlwdGlvbnMvNTNkOTA2M2QtODdhZS00ZWE4LWJlOTAtMzY4NmMzYjg2NjlmL3Byb3ZpZGVycy9NaWNyb3NvZnQuRGF0YUxha2VBbmFseXRpY3M/YXBpLXZlcnNpb249MjAxNi0wMi0wMQ==",
      "RequestMethod": "GET",
      "RequestBody": "",
      "RequestHeaders": {
        "User-Agent": [
          "Microsoft.Azure.Management.Resources.ResourceManagementClient/2.0.0.0"
        ]
      },
      "ResponseBody": "{\r\n  \"id\": \"/subscriptions/53d9063d-87ae-4ea8-be90-3686c3b8669f/providers/Microsoft.DataLakeAnalytics\",\r\n  \"namespace\": \"Microsoft.DataLakeAnalytics\",\r\n  \"resourceTypes\": [\r\n    {\r\n      \"resourceType\": \"operations\",\r\n      \"locations\": [],\r\n      \"apiVersions\": [\r\n        \"2015-10-01-preview\"\r\n      ]\r\n    },\r\n    {\r\n      \"resourceType\": \"accounts\",\r\n      \"locations\": [\r\n        \"East US 2\"\r\n      ],\r\n      \"apiVersions\": [\r\n        \"2015-10-01-preview\"\r\n      ],\r\n      \"capabilities\": \"CrossResourceGroupResourceMove, CrossSubscriptionResourceMove\"\r\n    },\r\n    {\r\n      \"resourceType\": \"accounts/dataLakeStoreAccounts\",\r\n      \"locations\": [\r\n        \"East US 2\"\r\n      ],\r\n      \"apiVersions\": [\r\n        \"2015-10-01-preview\"\r\n      ]\r\n    },\r\n    {\r\n      \"resourceType\": \"accounts/storageAccounts\",\r\n      \"locations\": [\r\n        \"East US 2\"\r\n      ],\r\n      \"apiVersions\": [\r\n        \"2015-10-01-preview\"\r\n      ]\r\n    },\r\n    {\r\n      \"resourceType\": \"accounts/storageAccounts/containers\",\r\n      \"locations\": [\r\n        \"East US 2\"\r\n      ],\r\n      \"apiVersions\": [\r\n        \"2015-10-01-preview\"\r\n      ]\r\n    },\r\n    {\r\n      \"resourceType\": \"accounts/storageAccounts/containers/listSasTokens\",\r\n      \"locations\": [\r\n        \"East US 2\"\r\n      ],\r\n      \"apiVersions\": [\r\n        \"2015-10-01-preview\"\r\n      ]\r\n    },\r\n    {\r\n      \"resourceType\": \"locations\",\r\n      \"locations\": [],\r\n      \"apiVersions\": [\r\n        \"2015-10-01-preview\"\r\n      ]\r\n    },\r\n    {\r\n      \"resourceType\": \"locations/operationresults\",\r\n      \"locations\": [],\r\n      \"apiVersions\": [\r\n        \"2015-10-01-preview\"\r\n      ]\r\n    },\r\n    {\r\n      \"resourceType\": \"locations/checkNameAvailability\",\r\n      \"locations\": [],\r\n      \"apiVersions\": [\r\n        \"2015-10-01-preview\"\r\n      ]\r\n    },\r\n    {\r\n      \"resourceType\": \"locations/capability\",\r\n      \"locations\": [],\r\n      \"apiVersions\": [\r\n        \"2015-10-01-preview\"\r\n      ]\r\n    }\r\n  ],\r\n  \"registrationState\": \"Registered\"\r\n}",
      "ResponseHeaders": {
        "Content-Length": [
          "1287"
        ],
        "Content-Type": [
          "application/json; charset=utf-8"
        ],
        "Expires": [
          "-1"
        ],
        "Pragma": [
          "no-cache"
        ],
        "x-ms-ratelimit-remaining-subscription-reads": [
          "14996"
        ],
        "x-ms-request-id": [
          "cae15294-b260-4543-8468-f495fd63208c"
        ],
        "x-ms-correlation-request-id": [
          "cae15294-b260-4543-8468-f495fd63208c"
        ],
        "x-ms-routing-request-id": [
          "WESTUS2:20160726T193254Z:cae15294-b260-4543-8468-f495fd63208c"
        ],
        "Strict-Transport-Security": [
          "max-age=31536000; includeSubDomains"
        ],
        "Cache-Control": [
          "no-cache"
        ],
        "Date": [
          "Tue, 26 Jul 2016 19:32:54 GMT"
        ]
      },
      "StatusCode": 200
    },
    {
      "RequestUri": "/subscriptions/53d9063d-87ae-4ea8-be90-3686c3b8669f/resourcegroups/onesdk6943?api-version=2016-02-01",
      "EncodedRequestUri": "L3N1YnNjcmlwdGlvbnMvNTNkOTA2M2QtODdhZS00ZWE4LWJlOTAtMzY4NmMzYjg2NjlmL3Jlc291cmNlZ3JvdXBzL29uZXNkazY5NDM/YXBpLXZlcnNpb249MjAxNi0wMi0wMQ==",
      "RequestMethod": "PUT",
      "RequestBody": "{\r\n  \"location\": \"East US 2\"\r\n}",
      "RequestHeaders": {
        "Content-Type": [
          "application/json; charset=utf-8"
        ],
        "Content-Length": [
          "31"
        ],
        "User-Agent": [
          "Microsoft.Azure.Management.Resources.ResourceManagementClient/2.0.0.0"
        ]
      },
      "ResponseBody": "{\r\n  \"id\": \"/subscriptions/53d9063d-87ae-4ea8-be90-3686c3b8669f/resourceGroups/onesdk6943\",\r\n  \"name\": \"onesdk6943\",\r\n  \"location\": \"eastus2\",\r\n  \"properties\": {\r\n    \"provisioningState\": \"Succeeded\"\r\n  }\r\n}",
      "ResponseHeaders": {
        "Content-Length": [
          "174"
        ],
        "Content-Type": [
          "application/json; charset=utf-8"
        ],
        "Expires": [
          "-1"
        ],
        "Pragma": [
          "no-cache"
        ],
        "x-ms-ratelimit-remaining-subscription-writes": [
          "1195"
        ],
        "x-ms-request-id": [
          "b185ec42-7e0a-429c-aef2-d8a61bef72d7"
        ],
        "x-ms-correlation-request-id": [
          "b185ec42-7e0a-429c-aef2-d8a61bef72d7"
        ],
        "x-ms-routing-request-id": [
          "WESTUS2:20160726T193257Z:b185ec42-7e0a-429c-aef2-d8a61bef72d7"
        ],
        "Strict-Transport-Security": [
          "max-age=31536000; includeSubDomains"
        ],
        "Cache-Control": [
          "no-cache"
        ],
        "Date": [
          "Tue, 26 Jul 2016 19:32:57 GMT"
        ]
      },
      "StatusCode": 201
    },
    {
      "RequestUri": "/subscriptions/53d9063d-87ae-4ea8-be90-3686c3b8669f/resourceGroups/onesdk6943/providers/Microsoft.DataLakeStore/accounts/onesdk5353?api-version=2015-10-01-preview",
      "EncodedRequestUri": "L3N1YnNjcmlwdGlvbnMvNTNkOTA2M2QtODdhZS00ZWE4LWJlOTAtMzY4NmMzYjg2NjlmL3Jlc291cmNlR3JvdXBzL29uZXNkazY5NDMvcHJvdmlkZXJzL01pY3Jvc29mdC5EYXRhTGFrZVN0b3JlL2FjY291bnRzL29uZXNkazUzNTM/YXBpLXZlcnNpb249MjAxNS0xMC0wMS1wcmV2aWV3",
      "RequestMethod": "GET",
      "RequestBody": "",
      "RequestHeaders": {
        "x-ms-client-request-id": [
          "b3feb262-6999-445e-856d-a29efceb2075"
        ],
        "accept-language": [
          "en-US"
        ],
        "User-Agent": [
          "Microsoft.Azure.Management.DataLake.Store.DataLakeStoreAccountManagementClient/0.12.2-preview"
        ]
      },
      "ResponseBody": "{\r\n  \"error\": {\r\n    \"code\": \"ResourceNotFound\",\r\n    \"message\": \"The Resource 'Microsoft.DataLakeStore/accounts/onesdk5353' under resource group 'onesdk6943' was not found.\"\r\n  }\r\n}",
      "ResponseHeaders": {
        "Content-Length": [
          "157"
        ],
        "Content-Type": [
          "application/json; charset=utf-8"
        ],
        "Expires": [
          "-1"
        ],
        "Pragma": [
          "no-cache"
        ],
        "x-ms-failure-cause": [
          "gateway"
        ],
        "x-ms-request-id": [
          "86d98d24-58db-4288-8f1c-04271754e8d2"
        ],
        "x-ms-correlation-request-id": [
          "86d98d24-58db-4288-8f1c-04271754e8d2"
        ],
        "x-ms-routing-request-id": [
          "WESTUS2:20160726T193257Z:86d98d24-58db-4288-8f1c-04271754e8d2"
        ],
        "Strict-Transport-Security": [
          "max-age=31536000; includeSubDomains"
        ],
        "Cache-Control": [
          "no-cache"
        ],
        "Date": [
          "Tue, 26 Jul 2016 19:32:57 GMT"
        ]
      },
      "StatusCode": 404
    },
    {
      "RequestUri": "/subscriptions/53d9063d-87ae-4ea8-be90-3686c3b8669f/resourceGroups/onesdk6943/providers/Microsoft.DataLakeStore/accounts/onesdk5353?api-version=2015-10-01-preview",
      "EncodedRequestUri": "L3N1YnNjcmlwdGlvbnMvNTNkOTA2M2QtODdhZS00ZWE4LWJlOTAtMzY4NmMzYjg2NjlmL3Jlc291cmNlR3JvdXBzL29uZXNkazY5NDMvcHJvdmlkZXJzL01pY3Jvc29mdC5EYXRhTGFrZVN0b3JlL2FjY291bnRzL29uZXNkazUzNTM/YXBpLXZlcnNpb249MjAxNS0xMC0wMS1wcmV2aWV3",
      "RequestMethod": "GET",
      "RequestBody": "",
      "RequestHeaders": {
        "x-ms-client-request-id": [
          "acff6e05-fdfe-421f-bf3b-f17730e34378"
        ],
        "accept-language": [
          "en-US"
        ],
        "User-Agent": [
          "Microsoft.Azure.Management.DataLake.Store.DataLakeStoreAccountManagementClient/0.12.2-preview"
        ]
      },
      "ResponseBody": "{\r\n  \"error\": {\r\n    \"code\": \"ResourceNotFound\",\r\n    \"message\": \"The Resource 'Microsoft.DataLakeStore/accounts/onesdk5353' under resource group 'onesdk6943' was not found.\"\r\n  }\r\n}",
      "ResponseHeaders": {
        "Content-Length": [
          "157"
        ],
        "Content-Type": [
          "application/json; charset=utf-8"
        ],
        "Expires": [
          "-1"
        ],
        "Pragma": [
          "no-cache"
        ],
        "x-ms-failure-cause": [
          "gateway"
        ],
        "x-ms-request-id": [
          "b38e3584-b45b-44ac-8e88-4dbcebef351d"
        ],
        "x-ms-correlation-request-id": [
          "b38e3584-b45b-44ac-8e88-4dbcebef351d"
        ],
        "x-ms-routing-request-id": [
          "WESTUS2:20160726T193257Z:b38e3584-b45b-44ac-8e88-4dbcebef351d"
        ],
        "Strict-Transport-Security": [
          "max-age=31536000; includeSubDomains"
        ],
        "Cache-Control": [
          "no-cache"
        ],
        "Date": [
          "Tue, 26 Jul 2016 19:32:57 GMT"
        ]
      },
      "StatusCode": 404
    },
    {
      "RequestUri": "/subscriptions/53d9063d-87ae-4ea8-be90-3686c3b8669f/resourceGroups/onesdk6943/providers/Microsoft.DataLakeStore/accounts/onesdk5353?api-version=2015-10-01-preview",
      "EncodedRequestUri": "L3N1YnNjcmlwdGlvbnMvNTNkOTA2M2QtODdhZS00ZWE4LWJlOTAtMzY4NmMzYjg2NjlmL3Jlc291cmNlR3JvdXBzL29uZXNkazY5NDMvcHJvdmlkZXJzL01pY3Jvc29mdC5EYXRhTGFrZVN0b3JlL2FjY291bnRzL29uZXNkazUzNTM/YXBpLXZlcnNpb249MjAxNS0xMC0wMS1wcmV2aWV3",
      "RequestMethod": "GET",
      "RequestBody": "",
      "RequestHeaders": {
        "User-Agent": [
          "Microsoft.Azure.Management.DataLake.Store.DataLakeStoreAccountManagementClient/0.12.2-preview"
        ]
      },
      "ResponseBody": "{\r\n  \"properties\": {\r\n    \"firewallState\": \"Disabled\",\r\n    \"firewallRules\": [],\r\n    \"trustedIdProviderState\": \"Disabled\",\r\n    \"trustedIdProviders\": [],\r\n    \"provisioningState\": \"Succeeded\",\r\n    \"state\": \"Active\",\r\n    \"endpoint\": \"onesdk5353.azuredatalakestore.net\",\r\n    \"accountId\": \"e96c3092-ddd8-4669-9105-a9309d082bc2\",\r\n    \"creationTime\": \"2016-07-26T19:33:43.1912117Z\",\r\n    \"lastModifiedTime\": \"2016-07-26T19:33:43.1912117Z\"\r\n  },\r\n  \"location\": \"East US 2\",\r\n  \"tags\": {},\r\n  \"id\": \"/subscriptions/53d9063d-87ae-4ea8-be90-3686c3b8669f/resourceGroups/onesdk6943/providers/Microsoft.DataLakeStore/accounts/onesdk5353\",\r\n  \"name\": \"onesdk5353\",\r\n  \"type\": \"Microsoft.DataLakeStore/accounts\"\r\n}",
      "ResponseHeaders": {
        "Content-Length": [
          "599"
        ],
        "Content-Type": [
          "application/json"
        ],
        "Expires": [
          "-1"
        ],
        "Pragma": [
          "no-cache"
        ],
        "x-ms-request-id": [
          "c3e97f6b-2442-4519-b9d7-fda922b1484b"
        ],
        "x-ms-ratelimit-remaining-subscription-reads": [
          "14997"
        ],
        "x-ms-correlation-request-id": [
          "c845b50c-1557-4217-a417-d0af07eec2b1"
        ],
        "x-ms-routing-request-id": [
          "WESTUS2:20160726T193401Z:c845b50c-1557-4217-a417-d0af07eec2b1"
        ],
        "Strict-Transport-Security": [
          "max-age=31536000; includeSubDomains"
        ],
        "Connection": [
          "close"
        ],
        "Cache-Control": [
          "no-cache"
        ],
        "Date": [
          "Tue, 26 Jul 2016 19:34:00 GMT"
        ],
        "Server": [
          "Microsoft-IIS/8.5"
        ],
        "X-AspNet-Version": [
          "4.0.30319"
        ],
        "X-Powered-By": [
          "ASP.NET"
        ]
      },
      "StatusCode": 200
    },
    {
      "RequestUri": "/subscriptions/53d9063d-87ae-4ea8-be90-3686c3b8669f/resourceGroups/onesdk6943/providers/Microsoft.DataLakeStore/accounts/onesdk5353?api-version=2015-10-01-preview",
      "EncodedRequestUri": "L3N1YnNjcmlwdGlvbnMvNTNkOTA2M2QtODdhZS00ZWE4LWJlOTAtMzY4NmMzYjg2NjlmL3Jlc291cmNlR3JvdXBzL29uZXNkazY5NDMvcHJvdmlkZXJzL01pY3Jvc29mdC5EYXRhTGFrZVN0b3JlL2FjY291bnRzL29uZXNkazUzNTM/YXBpLXZlcnNpb249MjAxNS0xMC0wMS1wcmV2aWV3",
      "RequestMethod": "GET",
      "RequestBody": "",
      "RequestHeaders": {
        "x-ms-client-request-id": [
          "f65dfc1e-1efd-44f6-b791-825becb85682"
        ],
        "accept-language": [
          "en-US"
        ],
        "User-Agent": [
          "Microsoft.Azure.Management.DataLake.Store.DataLakeStoreAccountManagementClient/0.12.2-preview"
        ]
      },
      "ResponseBody": "{\r\n  \"properties\": {\r\n    \"firewallState\": \"Disabled\",\r\n    \"firewallRules\": [],\r\n    \"trustedIdProviderState\": \"Disabled\",\r\n    \"trustedIdProviders\": [],\r\n    \"provisioningState\": \"Succeeded\",\r\n    \"state\": \"Active\",\r\n    \"endpoint\": \"onesdk5353.azuredatalakestore.net\",\r\n    \"accountId\": \"e96c3092-ddd8-4669-9105-a9309d082bc2\",\r\n    \"creationTime\": \"2016-07-26T19:33:43.1912117Z\",\r\n    \"lastModifiedTime\": \"2016-07-26T19:33:43.1912117Z\"\r\n  },\r\n  \"location\": \"East US 2\",\r\n  \"tags\": {},\r\n  \"id\": \"/subscriptions/53d9063d-87ae-4ea8-be90-3686c3b8669f/resourceGroups/onesdk6943/providers/Microsoft.DataLakeStore/accounts/onesdk5353\",\r\n  \"name\": \"onesdk5353\",\r\n  \"type\": \"Microsoft.DataLakeStore/accounts\"\r\n}",
      "ResponseHeaders": {
        "Content-Length": [
          "599"
        ],
        "Content-Type": [
          "application/json"
        ],
        "Expires": [
          "-1"
        ],
        "Pragma": [
          "no-cache"
        ],
        "x-ms-request-id": [
          "60956fea-7bb3-44d9-a260-bcc9a0666f07"
        ],
        "x-ms-ratelimit-remaining-subscription-reads": [
          "14995"
        ],
        "x-ms-correlation-request-id": [
          "1248ab1f-273d-41a9-b7c9-72bb5e874750"
        ],
        "x-ms-routing-request-id": [
          "WESTUS2:20160726T193821Z:1248ab1f-273d-41a9-b7c9-72bb5e874750"
        ],
        "Strict-Transport-Security": [
          "max-age=31536000; includeSubDomains"
        ],
        "Connection": [
          "close"
        ],
        "Cache-Control": [
          "no-cache"
        ],
        "Date": [
          "Tue, 26 Jul 2016 19:38:20 GMT"
        ],
        "Server": [
          "Microsoft-IIS/8.5"
        ],
        "X-AspNet-Version": [
          "4.0.30319"
        ],
        "X-Powered-By": [
          "ASP.NET"
        ]
      },
      "StatusCode": 200
    },
    {
      "RequestUri": "/subscriptions/53d9063d-87ae-4ea8-be90-3686c3b8669f/resourceGroups/onesdk6943/providers/Microsoft.DataLakeStore/accounts/onesdk5353?api-version=2015-10-01-preview",
      "EncodedRequestUri": "L3N1YnNjcmlwdGlvbnMvNTNkOTA2M2QtODdhZS00ZWE4LWJlOTAtMzY4NmMzYjg2NjlmL3Jlc291cmNlR3JvdXBzL29uZXNkazY5NDMvcHJvdmlkZXJzL01pY3Jvc29mdC5EYXRhTGFrZVN0b3JlL2FjY291bnRzL29uZXNkazUzNTM/YXBpLXZlcnNpb249MjAxNS0xMC0wMS1wcmV2aWV3",
      "RequestMethod": "PUT",
      "RequestBody": "{\r\n  \"location\": \"East US 2\",\r\n  \"name\": \"onesdk5353\",\r\n  \"tags\": {},\r\n  \"properties\": {}\r\n}",
      "RequestHeaders": {
        "Content-Type": [
          "application/json; charset=utf-8"
        ],
        "Content-Length": [
          "92"
        ],
        "x-ms-client-request-id": [
          "1e9e6323-8704-4cad-9a26-d684cc426cef"
        ],
        "accept-language": [
          "en-US"
        ],
        "User-Agent": [
          "Microsoft.Azure.Management.DataLake.Store.DataLakeStoreAccountManagementClient/0.12.2-preview"
        ]
      },
      "ResponseBody": "{\r\n  \"properties\": {\r\n    \"provisioningState\": \"Creating\",\r\n    \"state\": null,\r\n    \"endpoint\": null,\r\n    \"accountId\": \"e96c3092-ddd8-4669-9105-a9309d082bc2\",\r\n    \"creationTime\": null,\r\n    \"lastModifiedTime\": null\r\n  },\r\n  \"location\": \"East US 2\",\r\n  \"tags\": {},\r\n  \"id\": \"/subscriptions/53d9063d-87ae-4ea8-be90-3686c3b8669f/resourceGroups/onesdk6943/providers/Microsoft.DataLakeStore/accounts/onesdk5353\",\r\n  \"name\": \"onesdk5353\",\r\n  \"type\": \"Microsoft.DataLakeStore/accounts\"\r\n}",
      "ResponseHeaders": {
        "Content-Length": [
          "405"
        ],
        "Content-Type": [
          "application/json"
        ],
        "Expires": [
          "-1"
        ],
        "Pragma": [
          "no-cache"
        ],
        "Retry-After": [
          "10"
        ],
        "Azure-AsyncOperation": [
          "https://management.azure.com/subscriptions/53d9063d-87ae-4ea8-be90-3686c3b8669f/providers/Microsoft.DataLakeStore/locations/EastUS2/operationResults/e96c3092-ddd8-4669-9105-a9309d082bc20?api-version=2015-10-01-preview&expanded=true"
        ],
        "x-ms-request-id": [
          "a046dce3-7fae-43ff-aa18-0e7ae6a40974"
        ],
        "x-ms-ratelimit-remaining-subscription-writes": [
          "1198"
        ],
        "x-ms-correlation-request-id": [
          "c709e152-d818-4b61-b196-a831c62c47db"
        ],
        "x-ms-routing-request-id": [
          "WESTUS2:20160726T193259Z:c709e152-d818-4b61-b196-a831c62c47db"
        ],
        "Strict-Transport-Security": [
          "max-age=31536000; includeSubDomains"
        ],
        "Connection": [
          "close"
        ],
        "Cache-Control": [
          "no-cache"
        ],
        "Date": [
          "Tue, 26 Jul 2016 19:32:59 GMT"
        ],
        "Location": [
          "https://management.azure.com/subscriptions/53d9063d-87ae-4ea8-be90-3686c3b8669f/resourcegroups/onesdk6943/providers/Microsoft.DataLakeStore/accounts/onesdk5353/operationresults/0?api-version=2015-10-01-preview"
        ],
        "Server": [
          "Microsoft-IIS/8.5"
        ],
        "X-AspNet-Version": [
          "4.0.30319"
        ],
        "X-Powered-By": [
          "ASP.NET"
        ]
      },
      "StatusCode": 201
    },
    {
      "RequestUri": "/subscriptions/53d9063d-87ae-4ea8-be90-3686c3b8669f/providers/Microsoft.DataLakeStore/locations/EastUS2/operationResults/e96c3092-ddd8-4669-9105-a9309d082bc20?api-version=2015-10-01-preview&expanded=true",
      "EncodedRequestUri": "L3N1YnNjcmlwdGlvbnMvNTNkOTA2M2QtODdhZS00ZWE4LWJlOTAtMzY4NmMzYjg2NjlmL3Byb3ZpZGVycy9NaWNyb3NvZnQuRGF0YUxha2VTdG9yZS9sb2NhdGlvbnMvRWFzdFVTMi9vcGVyYXRpb25SZXN1bHRzL2U5NmMzMDkyLWRkZDgtNDY2OS05MTA1LWE5MzA5ZDA4MmJjMjA/YXBpLXZlcnNpb249MjAxNS0xMC0wMS1wcmV2aWV3JmV4cGFuZGVkPXRydWU=",
      "RequestMethod": "GET",
      "RequestBody": "",
      "RequestHeaders": {
        "User-Agent": [
          "Microsoft.Azure.Management.DataLake.Store.DataLakeStoreAccountManagementClient/0.12.2-preview"
        ]
      },
      "ResponseBody": "{\r\n  \"status\": \"InProgress\"\r\n}",
      "ResponseHeaders": {
        "Content-Length": [
          "23"
        ],
        "Content-Type": [
          "application/json"
        ],
        "Expires": [
          "-1"
        ],
        "Pragma": [
          "no-cache"
        ],
        "x-ms-request-id": [
          "e799fd76-493b-41c0-b307-e6289f127861"
        ],
        "x-ms-ratelimit-remaining-subscription-reads": [
          "14992"
        ],
        "x-ms-correlation-request-id": [
          "fc3d85d2-03af-4596-9c86-dc9c756b6951"
        ],
        "x-ms-routing-request-id": [
          "WESTUS2:20160726T193330Z:fc3d85d2-03af-4596-9c86-dc9c756b6951"
        ],
        "Strict-Transport-Security": [
          "max-age=31536000; includeSubDomains"
        ],
        "Connection": [
          "close"
        ],
        "Cache-Control": [
          "no-cache"
        ],
        "Date": [
          "Tue, 26 Jul 2016 19:33:30 GMT"
        ],
        "Server": [
          "Microsoft-IIS/8.5"
        ],
        "X-AspNet-Version": [
          "4.0.30319"
        ],
        "X-Powered-By": [
          "ASP.NET"
        ]
      },
      "StatusCode": 200
    },
    {
      "RequestUri": "/subscriptions/53d9063d-87ae-4ea8-be90-3686c3b8669f/providers/Microsoft.DataLakeStore/locations/EastUS2/operationResults/e96c3092-ddd8-4669-9105-a9309d082bc20?api-version=2015-10-01-preview&expanded=true",
      "EncodedRequestUri": "L3N1YnNjcmlwdGlvbnMvNTNkOTA2M2QtODdhZS00ZWE4LWJlOTAtMzY4NmMzYjg2NjlmL3Byb3ZpZGVycy9NaWNyb3NvZnQuRGF0YUxha2VTdG9yZS9sb2NhdGlvbnMvRWFzdFVTMi9vcGVyYXRpb25SZXN1bHRzL2U5NmMzMDkyLWRkZDgtNDY2OS05MTA1LWE5MzA5ZDA4MmJjMjA/YXBpLXZlcnNpb249MjAxNS0xMC0wMS1wcmV2aWV3JmV4cGFuZGVkPXRydWU=",
      "RequestMethod": "GET",
      "RequestBody": "",
      "RequestHeaders": {
        "User-Agent": [
          "Microsoft.Azure.Management.DataLake.Store.DataLakeStoreAccountManagementClient/0.12.2-preview"
        ]
      },
      "ResponseBody": "{\r\n  \"status\": \"Succeeded\"\r\n}",
      "ResponseHeaders": {
        "Content-Length": [
          "22"
        ],
        "Content-Type": [
          "application/json"
        ],
        "Expires": [
          "-1"
        ],
        "Pragma": [
          "no-cache"
        ],
        "x-ms-request-id": [
          "efc72576-84e6-492c-b978-bd27f3f32523"
        ],
        "x-ms-ratelimit-remaining-subscription-reads": [
          "14994"
        ],
        "x-ms-correlation-request-id": [
          "a12d52df-84c9-4b9a-8848-26a9d1710a08"
        ],
        "x-ms-routing-request-id": [
          "WESTUS2:20160726T193400Z:a12d52df-84c9-4b9a-8848-26a9d1710a08"
        ],
        "Strict-Transport-Security": [
          "max-age=31536000; includeSubDomains"
        ],
        "Connection": [
          "close"
        ],
        "Cache-Control": [
          "no-cache"
        ],
        "Date": [
          "Tue, 26 Jul 2016 19:34:00 GMT"
        ],
        "Server": [
          "Microsoft-IIS/8.5"
        ],
        "X-AspNet-Version": [
          "4.0.30319"
        ],
        "X-Powered-By": [
          "ASP.NET"
        ]
      },
      "StatusCode": 200
    },
    {
      "RequestUri": "/subscriptions/53d9063d-87ae-4ea8-be90-3686c3b8669f/resourceGroups/onesdk6943/providers/Microsoft.DataLakeAnalytics/accounts/onesdk7246?api-version=2015-10-01-preview",
      "EncodedRequestUri": "L3N1YnNjcmlwdGlvbnMvNTNkOTA2M2QtODdhZS00ZWE4LWJlOTAtMzY4NmMzYjg2NjlmL3Jlc291cmNlR3JvdXBzL29uZXNkazY5NDMvcHJvdmlkZXJzL01pY3Jvc29mdC5EYXRhTGFrZUFuYWx5dGljcy9hY2NvdW50cy9vbmVzZGs3MjQ2P2FwaS12ZXJzaW9uPTIwMTUtMTAtMDEtcHJldmlldw==",
      "RequestMethod": "GET",
      "RequestBody": "",
      "RequestHeaders": {
        "x-ms-client-request-id": [
          "6c53c8a6-2747-417e-9430-79f8c8f4b734"
        ],
        "accept-language": [
          "en-US"
        ],
        "User-Agent": [
          "Microsoft.Azure.Management.DataLake.Analytics.DataLakeAnalyticsAccountManagementClient/0.11.5-preview"
        ]
      },
      "ResponseBody": "{\r\n  \"error\": {\r\n    \"code\": \"ResourceNotFound\",\r\n    \"message\": \"The Resource 'Microsoft.DataLakeAnalytics/accounts/onesdk7246' under resource group 'onesdk6943' was not found.\"\r\n  }\r\n}",
      "ResponseHeaders": {
        "Content-Length": [
          "161"
        ],
        "Content-Type": [
          "application/json; charset=utf-8"
        ],
        "Expires": [
          "-1"
        ],
        "Pragma": [
          "no-cache"
        ],
        "x-ms-failure-cause": [
          "gateway"
        ],
        "x-ms-request-id": [
          "50e82db0-8d23-47c7-85e6-971e3795627e"
        ],
        "x-ms-correlation-request-id": [
          "50e82db0-8d23-47c7-85e6-971e3795627e"
        ],
        "x-ms-routing-request-id": [
          "WESTUS2:20160726T193401Z:50e82db0-8d23-47c7-85e6-971e3795627e"
        ],
        "Strict-Transport-Security": [
          "max-age=31536000; includeSubDomains"
        ],
        "Cache-Control": [
          "no-cache"
        ],
        "Date": [
          "Tue, 26 Jul 2016 19:34:00 GMT"
        ]
      },
      "StatusCode": 404
    },
    {
      "RequestUri": "/subscriptions/53d9063d-87ae-4ea8-be90-3686c3b8669f/resourceGroups/onesdk6943/providers/Microsoft.DataLakeAnalytics/accounts/onesdk7246?api-version=2015-10-01-preview",
      "EncodedRequestUri": "L3N1YnNjcmlwdGlvbnMvNTNkOTA2M2QtODdhZS00ZWE4LWJlOTAtMzY4NmMzYjg2NjlmL3Jlc291cmNlR3JvdXBzL29uZXNkazY5NDMvcHJvdmlkZXJzL01pY3Jvc29mdC5EYXRhTGFrZUFuYWx5dGljcy9hY2NvdW50cy9vbmVzZGs3MjQ2P2FwaS12ZXJzaW9uPTIwMTUtMTAtMDEtcHJldmlldw==",
      "RequestMethod": "GET",
      "RequestBody": "",
      "RequestHeaders": {
        "x-ms-client-request-id": [
          "394418bd-6cbd-43f5-80e7-38aaf404dfed"
        ],
        "accept-language": [
          "en-US"
        ],
        "User-Agent": [
          "Microsoft.Azure.Management.DataLake.Analytics.DataLakeAnalyticsAccountManagementClient/0.11.5-preview"
        ]
      },
      "ResponseBody": "{\r\n  \"error\": {\r\n    \"code\": \"ResourceNotFound\",\r\n    \"message\": \"The Resource 'Microsoft.DataLakeAnalytics/accounts/onesdk7246' under resource group 'onesdk6943' was not found.\"\r\n  }\r\n}",
      "ResponseHeaders": {
        "Content-Length": [
          "161"
        ],
        "Content-Type": [
          "application/json; charset=utf-8"
        ],
        "Expires": [
          "-1"
        ],
        "Pragma": [
          "no-cache"
        ],
        "x-ms-failure-cause": [
          "gateway"
        ],
        "x-ms-request-id": [
          "c1a55fec-fce3-4e40-a898-742d3e789ee1"
        ],
        "x-ms-correlation-request-id": [
          "c1a55fec-fce3-4e40-a898-742d3e789ee1"
        ],
        "x-ms-routing-request-id": [
          "WESTUS2:20160726T193401Z:c1a55fec-fce3-4e40-a898-742d3e789ee1"
        ],
        "Strict-Transport-Security": [
          "max-age=31536000; includeSubDomains"
        ],
        "Cache-Control": [
          "no-cache"
        ],
        "Date": [
          "Tue, 26 Jul 2016 19:34:00 GMT"
        ]
      },
      "StatusCode": 404
    },
    {
      "RequestUri": "/subscriptions/53d9063d-87ae-4ea8-be90-3686c3b8669f/resourceGroups/onesdk6943/providers/Microsoft.DataLakeAnalytics/accounts/onesdk7246?api-version=2015-10-01-preview",
      "EncodedRequestUri": "L3N1YnNjcmlwdGlvbnMvNTNkOTA2M2QtODdhZS00ZWE4LWJlOTAtMzY4NmMzYjg2NjlmL3Jlc291cmNlR3JvdXBzL29uZXNkazY5NDMvcHJvdmlkZXJzL01pY3Jvc29mdC5EYXRhTGFrZUFuYWx5dGljcy9hY2NvdW50cy9vbmVzZGs3MjQ2P2FwaS12ZXJzaW9uPTIwMTUtMTAtMDEtcHJldmlldw==",
      "RequestMethod": "GET",
      "RequestBody": "",
      "RequestHeaders": {
        "User-Agent": [
          "Microsoft.Azure.Management.DataLake.Analytics.DataLakeAnalyticsAccountManagementClient/0.11.5-preview"
        ]
      },
      "ResponseBody": "{\r\n  \"properties\": {\r\n    \"defaultDataLakeStoreAccount\": \"onesdk5353\",\r\n    \"dataLakeStoreAccounts\": [\r\n      {\r\n        \"properties\": {\r\n          \"suffix\": \"azuredatalakestore.net\"\r\n        },\r\n        \"name\": \"onesdk5353\"\r\n      }\r\n    ],\r\n    \"storageAccounts\": [],\r\n    \"maxDegreeOfParallelism\": 60,\r\n    \"maxJobCount\": 3,\r\n    \"hiveMetastores\": [],\r\n    \"provisioningState\": \"Succeeded\",\r\n    \"state\": \"Active\",\r\n    \"endpoint\": \"onesdk7246.azuredatalakeanalytics.net\",\r\n    \"accountId\": \"7ab983e4-473b-468d-b7ff-ad13a278306f\",\r\n    \"creationTime\": \"2016-07-26T19:34:06.1716366Z\",\r\n    \"lastModifiedTime\": \"2016-07-26T19:34:06.1716366Z\"\r\n  },\r\n  \"location\": \"East US 2\",\r\n  \"tags\": {},\r\n  \"id\": \"/subscriptions/53d9063d-87ae-4ea8-be90-3686c3b8669f/resourceGroups/onesdk6943/providers/Microsoft.DataLakeAnalytics/accounts/onesdk7246\",\r\n  \"name\": \"onesdk7246\",\r\n  \"type\": \"Microsoft.DataLakeAnalytics/accounts\"\r\n}",
      "ResponseHeaders": {
        "Content-Length": [
          "730"
        ],
        "Content-Type": [
          "application/json"
        ],
        "Expires": [
          "-1"
        ],
        "Pragma": [
          "no-cache"
        ],
        "x-ms-request-id": [
          "20498004-ca3c-4ed0-9b93-6a28f843dba4"
        ],
        "x-ms-ratelimit-remaining-subscription-reads": [
          "14989"
        ],
        "x-ms-correlation-request-id": [
          "628b21db-4597-443c-a06d-6d5a411487c1"
        ],
        "x-ms-routing-request-id": [
          "WESTUS2:20160726T193434Z:628b21db-4597-443c-a06d-6d5a411487c1"
        ],
        "Strict-Transport-Security": [
          "max-age=31536000; includeSubDomains"
        ],
        "Connection": [
          "close"
        ],
        "Cache-Control": [
          "no-cache"
        ],
        "Date": [
          "Tue, 26 Jul 2016 19:34:34 GMT"
        ],
        "Server": [
          "Microsoft-IIS/8.5"
        ],
        "X-AspNet-Version": [
          "4.0.30319"
        ],
        "X-Powered-By": [
          "ASP.NET"
        ]
      },
      "StatusCode": 200
    },
    {
      "RequestUri": "/subscriptions/53d9063d-87ae-4ea8-be90-3686c3b8669f/resourceGroups/onesdk6943/providers/Microsoft.DataLakeAnalytics/accounts/onesdk7246?api-version=2015-10-01-preview",
      "EncodedRequestUri": "L3N1YnNjcmlwdGlvbnMvNTNkOTA2M2QtODdhZS00ZWE4LWJlOTAtMzY4NmMzYjg2NjlmL3Jlc291cmNlR3JvdXBzL29uZXNkazY5NDMvcHJvdmlkZXJzL01pY3Jvc29mdC5EYXRhTGFrZUFuYWx5dGljcy9hY2NvdW50cy9vbmVzZGs3MjQ2P2FwaS12ZXJzaW9uPTIwMTUtMTAtMDEtcHJldmlldw==",
      "RequestMethod": "GET",
      "RequestBody": "",
      "RequestHeaders": {
        "x-ms-client-request-id": [
          "a467834a-f40f-47aa-bc85-14221214f1a6"
        ],
        "accept-language": [
          "en-US"
        ],
        "User-Agent": [
          "Microsoft.Azure.Management.DataLake.Analytics.DataLakeAnalyticsAccountManagementClient/0.11.5-preview"
        ]
      },
      "ResponseBody": "{\r\n  \"properties\": {\r\n    \"defaultDataLakeStoreAccount\": \"onesdk5353\",\r\n    \"dataLakeStoreAccounts\": [\r\n      {\r\n        \"properties\": {\r\n          \"suffix\": \"azuredatalakestore.net\"\r\n        },\r\n        \"name\": \"onesdk5353\"\r\n      }\r\n    ],\r\n    \"storageAccounts\": [],\r\n    \"maxDegreeOfParallelism\": 60,\r\n    \"maxJobCount\": 3,\r\n    \"hiveMetastores\": [],\r\n    \"provisioningState\": \"Succeeded\",\r\n    \"state\": \"Active\",\r\n    \"endpoint\": \"onesdk7246.azuredatalakeanalytics.net\",\r\n    \"accountId\": \"7ab983e4-473b-468d-b7ff-ad13a278306f\",\r\n    \"creationTime\": \"2016-07-26T19:34:06.1716366Z\",\r\n    \"lastModifiedTime\": \"2016-07-26T19:34:06.1716366Z\"\r\n  },\r\n  \"location\": \"East US 2\",\r\n  \"tags\": {},\r\n  \"id\": \"/subscriptions/53d9063d-87ae-4ea8-be90-3686c3b8669f/resourceGroups/onesdk6943/providers/Microsoft.DataLakeAnalytics/accounts/onesdk7246\",\r\n  \"name\": \"onesdk7246\",\r\n  \"type\": \"Microsoft.DataLakeAnalytics/accounts\"\r\n}",
      "ResponseHeaders": {
        "Content-Length": [
          "730"
        ],
        "Content-Type": [
          "application/json"
        ],
        "Expires": [
          "-1"
        ],
        "Pragma": [
          "no-cache"
        ],
        "x-ms-request-id": [
          "e45261c1-ed02-4526-82d9-4e461ec69b13"
        ],
        "x-ms-ratelimit-remaining-subscription-reads": [
          "14996"
        ],
        "x-ms-correlation-request-id": [
          "e4e4293e-7f26-499e-ae2d-f5d25777caaf"
        ],
        "x-ms-routing-request-id": [
          "WESTUS2:20160726T193435Z:e4e4293e-7f26-499e-ae2d-f5d25777caaf"
        ],
        "Strict-Transport-Security": [
          "max-age=31536000; includeSubDomains"
        ],
        "Connection": [
          "close"
        ],
        "Cache-Control": [
          "no-cache"
        ],
        "Date": [
          "Tue, 26 Jul 2016 19:34:34 GMT"
        ],
        "Server": [
          "Microsoft-IIS/8.5"
        ],
        "X-AspNet-Version": [
          "4.0.30319"
        ],
        "X-Powered-By": [
          "ASP.NET"
        ]
      },
      "StatusCode": 200
    },
    {
      "RequestUri": "/subscriptions/53d9063d-87ae-4ea8-be90-3686c3b8669f/resourceGroups/onesdk6943/providers/Microsoft.DataLakeAnalytics/accounts/onesdk7246?api-version=2015-10-01-preview",
      "EncodedRequestUri": "L3N1YnNjcmlwdGlvbnMvNTNkOTA2M2QtODdhZS00ZWE4LWJlOTAtMzY4NmMzYjg2NjlmL3Jlc291cmNlR3JvdXBzL29uZXNkazY5NDMvcHJvdmlkZXJzL01pY3Jvc29mdC5EYXRhTGFrZUFuYWx5dGljcy9hY2NvdW50cy9vbmVzZGs3MjQ2P2FwaS12ZXJzaW9uPTIwMTUtMTAtMDEtcHJldmlldw==",
      "RequestMethod": "GET",
      "RequestBody": "",
      "RequestHeaders": {
        "x-ms-client-request-id": [
          "adc1c9e4-0f02-43c1-ab49-390c634f2956"
        ],
        "accept-language": [
          "en-US"
        ],
        "User-Agent": [
          "Microsoft.Azure.Management.DataLake.Analytics.DataLakeAnalyticsAccountManagementClient/0.11.5-preview"
        ]
      },
      "ResponseBody": "{\r\n  \"properties\": {\r\n    \"defaultDataLakeStoreAccount\": \"onesdk5353\",\r\n    \"dataLakeStoreAccounts\": [\r\n      {\r\n        \"properties\": {\r\n          \"suffix\": \"azuredatalakestore.net\"\r\n        },\r\n        \"name\": \"onesdk5353\"\r\n      }\r\n    ],\r\n    \"storageAccounts\": [],\r\n    \"maxDegreeOfParallelism\": 60,\r\n    \"maxJobCount\": 3,\r\n    \"hiveMetastores\": [],\r\n    \"provisioningState\": \"Succeeded\",\r\n    \"state\": \"Active\",\r\n    \"endpoint\": \"onesdk7246.azuredatalakeanalytics.net\",\r\n    \"accountId\": \"7ab983e4-473b-468d-b7ff-ad13a278306f\",\r\n    \"creationTime\": \"2016-07-26T19:34:06.1716366Z\",\r\n    \"lastModifiedTime\": \"2016-07-26T19:34:06.1716366Z\"\r\n  },\r\n  \"location\": \"East US 2\",\r\n  \"tags\": {},\r\n  \"id\": \"/subscriptions/53d9063d-87ae-4ea8-be90-3686c3b8669f/resourceGroups/onesdk6943/providers/Microsoft.DataLakeAnalytics/accounts/onesdk7246\",\r\n  \"name\": \"onesdk7246\",\r\n  \"type\": \"Microsoft.DataLakeAnalytics/accounts\"\r\n}",
      "ResponseHeaders": {
        "Content-Length": [
          "730"
        ],
        "Content-Type": [
          "application/json"
        ],
        "Expires": [
          "-1"
        ],
        "Pragma": [
          "no-cache"
        ],
        "x-ms-request-id": [
          "73688dfe-5211-4bb6-ac43-2a01aaf1eed9"
        ],
        "x-ms-ratelimit-remaining-subscription-reads": [
          "14997"
        ],
        "x-ms-correlation-request-id": [
          "5deec3f5-88a4-43a6-90dd-8e3ef8280b8e"
        ],
        "x-ms-routing-request-id": [
          "WESTUS2:20160726T193747Z:5deec3f5-88a4-43a6-90dd-8e3ef8280b8e"
        ],
        "Strict-Transport-Security": [
          "max-age=31536000; includeSubDomains"
        ],
        "Connection": [
          "close"
        ],
        "Cache-Control": [
          "no-cache"
        ],
        "Date": [
          "Tue, 26 Jul 2016 19:37:47 GMT"
        ],
        "Server": [
          "Microsoft-IIS/8.5"
        ],
        "X-AspNet-Version": [
          "4.0.30319"
        ],
        "X-Powered-By": [
          "ASP.NET"
        ]
      },
      "StatusCode": 200
    },
    {
      "RequestUri": "/subscriptions/53d9063d-87ae-4ea8-be90-3686c3b8669f/resourceGroups/onesdk6943/providers/Microsoft.DataLakeAnalytics/accounts/onesdk7246?api-version=2015-10-01-preview",
      "EncodedRequestUri": "L3N1YnNjcmlwdGlvbnMvNTNkOTA2M2QtODdhZS00ZWE4LWJlOTAtMzY4NmMzYjg2NjlmL3Jlc291cmNlR3JvdXBzL29uZXNkazY5NDMvcHJvdmlkZXJzL01pY3Jvc29mdC5EYXRhTGFrZUFuYWx5dGljcy9hY2NvdW50cy9vbmVzZGs3MjQ2P2FwaS12ZXJzaW9uPTIwMTUtMTAtMDEtcHJldmlldw==",
      "RequestMethod": "GET",
      "RequestBody": "",
      "RequestHeaders": {
        "x-ms-client-request-id": [
          "342f1bf8-e944-4ab2-a5fe-f3f794ecd0ae"
        ],
        "accept-language": [
          "en-US"
        ],
        "User-Agent": [
          "Microsoft.Azure.Management.DataLake.Analytics.DataLakeAnalyticsAccountManagementClient/0.11.5-preview"
        ]
      },
      "ResponseBody": "{\r\n  \"error\": {\r\n    \"code\": \"ResourceNotFound\",\r\n    \"message\": \"The Resource 'Microsoft.DataLakeAnalytics/accounts/onesdk7246' under resource group 'onesdk6943' was not found.\"\r\n  }\r\n}",
      "ResponseHeaders": {
        "Content-Length": [
          "161"
        ],
        "Content-Type": [
          "application/json; charset=utf-8"
        ],
        "Expires": [
          "-1"
        ],
        "Pragma": [
          "no-cache"
        ],
        "x-ms-failure-cause": [
          "gateway"
        ],
        "x-ms-request-id": [
          "87a529b0-1a10-4ba5-9c8d-cf939f8e532f"
        ],
        "x-ms-correlation-request-id": [
          "87a529b0-1a10-4ba5-9c8d-cf939f8e532f"
        ],
        "x-ms-routing-request-id": [
          "WESTUS2:20160726T193820Z:87a529b0-1a10-4ba5-9c8d-cf939f8e532f"
        ],
        "Strict-Transport-Security": [
          "max-age=31536000; includeSubDomains"
        ],
        "Cache-Control": [
          "no-cache"
        ],
        "Date": [
          "Tue, 26 Jul 2016 19:38:20 GMT"
        ]
      },
      "StatusCode": 404
    },
    {
      "RequestUri": "/subscriptions/53d9063d-87ae-4ea8-be90-3686c3b8669f/resourceGroups/onesdk6943/providers/Microsoft.DataLakeAnalytics/accounts/onesdk7246?api-version=2015-10-01-preview",
      "EncodedRequestUri": "L3N1YnNjcmlwdGlvbnMvNTNkOTA2M2QtODdhZS00ZWE4LWJlOTAtMzY4NmMzYjg2NjlmL3Jlc291cmNlR3JvdXBzL29uZXNkazY5NDMvcHJvdmlkZXJzL01pY3Jvc29mdC5EYXRhTGFrZUFuYWx5dGljcy9hY2NvdW50cy9vbmVzZGs3MjQ2P2FwaS12ZXJzaW9uPTIwMTUtMTAtMDEtcHJldmlldw==",
      "RequestMethod": "GET",
      "RequestBody": "",
      "RequestHeaders": {
        "x-ms-client-request-id": [
          "1d6f02ce-8015-4e10-97e0-854c603fac07"
        ],
        "accept-language": [
          "en-US"
        ],
        "User-Agent": [
          "Microsoft.Azure.Management.DataLake.Analytics.DataLakeAnalyticsAccountManagementClient/0.11.5-preview"
        ]
      },
      "ResponseBody": "{\r\n  \"error\": {\r\n    \"code\": \"ResourceNotFound\",\r\n    \"message\": \"The Resource 'Microsoft.DataLakeAnalytics/accounts/onesdk7246' under resource group 'onesdk6943' was not found.\"\r\n  }\r\n}",
      "ResponseHeaders": {
        "Content-Length": [
          "161"
        ],
        "Content-Type": [
          "application/json; charset=utf-8"
        ],
        "Expires": [
          "-1"
        ],
        "Pragma": [
          "no-cache"
        ],
        "x-ms-failure-cause": [
          "gateway"
        ],
        "x-ms-request-id": [
          "0498feca-a79d-4f5d-a1f4-834f062c2d27"
        ],
        "x-ms-correlation-request-id": [
          "0498feca-a79d-4f5d-a1f4-834f062c2d27"
        ],
        "x-ms-routing-request-id": [
          "WESTUS2:20160726T193820Z:0498feca-a79d-4f5d-a1f4-834f062c2d27"
        ],
        "Strict-Transport-Security": [
          "max-age=31536000; includeSubDomains"
        ],
        "Cache-Control": [
          "no-cache"
        ],
        "Date": [
          "Tue, 26 Jul 2016 19:38:20 GMT"
        ]
      },
      "StatusCode": 404
    },
    {
      "RequestUri": "/subscriptions/53d9063d-87ae-4ea8-be90-3686c3b8669f/resourceGroups/onesdk6943/providers/Microsoft.DataLakeAnalytics/accounts/onesdk7246?api-version=2015-10-01-preview",
      "EncodedRequestUri": "L3N1YnNjcmlwdGlvbnMvNTNkOTA2M2QtODdhZS00ZWE4LWJlOTAtMzY4NmMzYjg2NjlmL3Jlc291cmNlR3JvdXBzL29uZXNkazY5NDMvcHJvdmlkZXJzL01pY3Jvc29mdC5EYXRhTGFrZUFuYWx5dGljcy9hY2NvdW50cy9vbmVzZGs3MjQ2P2FwaS12ZXJzaW9uPTIwMTUtMTAtMDEtcHJldmlldw==",
      "RequestMethod": "PUT",
      "RequestBody": "{\r\n  \"location\": \"East US 2\",\r\n  \"name\": \"onesdk7246\",\r\n  \"tags\": {},\r\n  \"properties\": {\r\n    \"defaultDataLakeStoreAccount\": \"onesdk5353\",\r\n    \"dataLakeStoreAccounts\": [\r\n      {\r\n        \"name\": \"onesdk5353\"\r\n      }\r\n    ]\r\n  }\r\n}",
      "RequestHeaders": {
        "Content-Type": [
          "application/json; charset=utf-8"
        ],
        "Content-Length": [
          "233"
        ],
        "x-ms-client-request-id": [
          "0405ee35-06db-4895-b742-2f6ad08e6501"
        ],
        "accept-language": [
          "en-US"
        ],
        "User-Agent": [
          "Microsoft.Azure.Management.DataLake.Analytics.DataLakeAnalyticsAccountManagementClient/0.11.5-preview"
        ]
      },
      "ResponseBody": "{\r\n  \"properties\": {\r\n    \"defaultDataLakeStoreAccount\": \"onesdk5353\",\r\n    \"dataLakeStoreAccounts\": [\r\n      {\r\n        \"properties\": {\r\n          \"suffix\": \"azuredatalakestore.net\"\r\n        },\r\n        \"name\": \"onesdk5353\"\r\n      }\r\n    ],\r\n    \"provisioningState\": \"Creating\",\r\n    \"state\": null,\r\n    \"endpoint\": null,\r\n    \"accountId\": \"7ab983e4-473b-468d-b7ff-ad13a278306f\",\r\n    \"creationTime\": null,\r\n    \"lastModifiedTime\": null\r\n  },\r\n  \"location\": \"East US 2\",\r\n  \"tags\": {},\r\n  \"id\": \"/subscriptions/53d9063d-87ae-4ea8-be90-3686c3b8669f/resourceGroups/onesdk6943/providers/Microsoft.DataLakeAnalytics/accounts/onesdk7246\",\r\n  \"name\": \"onesdk7246\",\r\n  \"type\": \"Microsoft.DataLakeAnalytics/accounts\"\r\n}",
      "ResponseHeaders": {
        "Content-Length": [
          "553"
        ],
        "Content-Type": [
          "application/json"
        ],
        "Expires": [
          "-1"
        ],
        "Pragma": [
          "no-cache"
        ],
        "Retry-After": [
          "10"
        ],
        "Azure-AsyncOperation": [
          "https://management.azure.com/subscriptions/53d9063d-87ae-4ea8-be90-3686c3b8669f/providers/Microsoft.DataLakeAnalytics/locations/EastUS2/operationResults/7ab983e4-473b-468d-b7ff-ad13a278306f0?api-version=2015-10-01-preview&expanded=true"
        ],
        "x-ms-request-id": [
          "ca3e0077-e43f-4993-a714-6c2555123c5a"
        ],
        "x-ms-ratelimit-remaining-subscription-writes": [
          "1197"
        ],
        "x-ms-correlation-request-id": [
          "0df547e9-5f90-4c4f-9c89-8bdb08409002"
        ],
        "x-ms-routing-request-id": [
          "WESTUS2:20160726T193403Z:0df547e9-5f90-4c4f-9c89-8bdb08409002"
        ],
        "Strict-Transport-Security": [
          "max-age=31536000; includeSubDomains"
        ],
        "Connection": [
          "close"
        ],
        "Cache-Control": [
          "no-cache"
        ],
        "Date": [
          "Tue, 26 Jul 2016 19:34:02 GMT"
        ],
        "Location": [
          "https://management.azure.com/subscriptions/53d9063d-87ae-4ea8-be90-3686c3b8669f/resourcegroups/onesdk6943/providers/Microsoft.DataLakeAnalytics/accounts/onesdk7246/operationresults/0?api-version=2015-10-01-preview"
        ],
        "Server": [
          "Microsoft-IIS/8.5"
        ],
        "X-AspNet-Version": [
          "4.0.30319"
        ],
        "X-Powered-By": [
          "ASP.NET"
        ]
      },
      "StatusCode": 201
    },
    {
      "RequestUri": "/subscriptions/53d9063d-87ae-4ea8-be90-3686c3b8669f/providers/Microsoft.DataLakeAnalytics/locations/EastUS2/operationResults/7ab983e4-473b-468d-b7ff-ad13a278306f0?api-version=2015-10-01-preview&expanded=true",
      "EncodedRequestUri": "L3N1YnNjcmlwdGlvbnMvNTNkOTA2M2QtODdhZS00ZWE4LWJlOTAtMzY4NmMzYjg2NjlmL3Byb3ZpZGVycy9NaWNyb3NvZnQuRGF0YUxha2VBbmFseXRpY3MvbG9jYXRpb25zL0Vhc3RVUzIvb3BlcmF0aW9uUmVzdWx0cy83YWI5ODNlNC00NzNiLTQ2OGQtYjdmZi1hZDEzYTI3ODMwNmYwP2FwaS12ZXJzaW9uPTIwMTUtMTAtMDEtcHJldmlldyZleHBhbmRlZD10cnVl",
      "RequestMethod": "GET",
      "RequestBody": "",
      "RequestHeaders": {
        "User-Agent": [
          "Microsoft.Azure.Management.DataLake.Analytics.DataLakeAnalyticsAccountManagementClient/0.11.5-preview"
        ]
      },
      "ResponseBody": "{\r\n  \"status\": \"Succeeded\"\r\n}",
      "ResponseHeaders": {
        "Content-Length": [
          "22"
        ],
        "Content-Type": [
          "application/json"
        ],
        "Expires": [
          "-1"
        ],
        "Pragma": [
          "no-cache"
        ],
        "x-ms-request-id": [
          "fa3f9a44-cae2-4b12-92cd-dda0fed28029"
        ],
        "x-ms-ratelimit-remaining-subscription-reads": [
          "14996"
        ],
        "x-ms-correlation-request-id": [
          "40a720cb-79b9-42e8-9d7d-998fa7774b08"
        ],
        "x-ms-routing-request-id": [
          "WESTUS2:20160726T193434Z:40a720cb-79b9-42e8-9d7d-998fa7774b08"
        ],
        "Strict-Transport-Security": [
          "max-age=31536000; includeSubDomains"
        ],
        "Connection": [
          "close"
        ],
        "Cache-Control": [
          "no-cache"
        ],
        "Date": [
          "Tue, 26 Jul 2016 19:34:34 GMT"
        ],
        "Server": [
          "Microsoft-IIS/8.5"
        ],
        "X-AspNet-Version": [
          "4.0.30319"
        ],
        "X-Powered-By": [
          "ASP.NET"
        ]
      },
      "StatusCode": 200
    },
    {
      "RequestUri": "/Jobs/3892ae19-79c0-4333-b97d-68de263615cd?api-version=2016-03-20-preview",
      "EncodedRequestUri": "L0pvYnMvMzg5MmFlMTktNzljMC00MzMzLWI5N2QtNjhkZTI2MzYxNWNkP2FwaS12ZXJzaW9uPTIwMTYtMDMtMjAtcHJldmlldw==",
      "RequestMethod": "PUT",
      "RequestBody": "{\r\n  \"jobId\": \"3892ae19-79c0-4333-b97d-68de263615cd\",\r\n  \"name\": \"TestJob\",\r\n  \"type\": \"USql\",\r\n  \"degreeOfParallelism\": 1,\r\n  \"priority\": 1000,\r\n  \"properties\": {\r\n    \"type\": \"USql\",\r\n    \"script\": \"DROP DATABASE IF EXISTS foo; CREATE DATABASE foo;\"\r\n  }\r\n}",
      "RequestHeaders": {
        "Content-Type": [
          "application/json; charset=utf-8"
        ],
        "Content-Length": [
          "259"
        ],
        "x-ms-client-request-id": [
          "521c6e96-c46f-49d9-9c6a-e460ed44da2a"
        ],
        "accept-language": [
          "en-US"
        ],
        "User-Agent": [
          "Microsoft.Azure.Management.DataLake.Analytics.DataLakeAnalyticsJobManagementClient/0.11.5-preview"
        ]
      },
      "ResponseBody": "{\r\n  \"jobId\": \"3892ae19-79c0-4333-b97d-68de263615cd\",\r\n  \"name\": \"TestJob\",\r\n  \"type\": \"USql\",\r\n  \"submitter\": \"adlsvc01@benwgoldoutlook.onmicrosoft.com\",\r\n  \"degreeOfParallelism\": 1,\r\n  \"priority\": 1000,\r\n  \"submitTime\": \"2016-07-26T12:37:05.3098679-07:00\",\r\n  \"state\": \"Compiling\",\r\n  \"result\": \"Succeeded\",\r\n  \"stateAuditRecords\": [\r\n    {\r\n      \"newState\": \"New\",\r\n      \"timeStamp\": \"2016-07-26T12:37:05.3098679-07:00\",\r\n      \"details\": \"userName:adlsvc01@benwgoldoutlook.onmicrosoft.com;submitMachine:N/A\"\r\n    }\r\n  ],\r\n  \"properties\": {\r\n    \"owner\": \"adlsvc01@benwgoldoutlook.onmicrosoft.com\",\r\n    \"resources\": [],\r\n    \"runtimeVersion\": \"default\",\r\n    \"rootProcessNodeId\": \"00000000-0000-0000-0000-000000000000\",\r\n    \"algebraFilePath\": \"adl://onesdk5353.azuredatalakestore.net/system/jobservice/jobs/Usql/2016/07/26/19/37/3892ae19-79c0-4333-b97d-68de263615cd/algebra.xml\",\r\n    \"compileMode\": \"Semantic\",\r\n    \"errorSource\": \"Unknown\",\r\n    \"totalCompilationTime\": \"PT0S\",\r\n    \"totalPausedTime\": \"PT0S\",\r\n    \"totalQueuedTime\": \"PT0S\",\r\n    \"totalRunningTime\": \"PT0S\",\r\n    \"type\": \"USql\"\r\n  }\r\n}",
      "ResponseHeaders": {
        "Content-Type": [
          "application/json; charset=utf-8"
        ],
        "Expires": [
          "-1"
        ],
        "Pragma": [
          "no-cache"
        ],
        "Transfer-Encoding": [
          "chunked"
        ],
        "x-ms-request-id": [
          "18b750e9-58e8-41e5-9fd0-3fb97562a45e"
        ],
        "X-Content-Type-Options": [
          "nosniff"
        ],
        "Strict-Transport-Security": [
          "max-age=15724800; includeSubDomains"
        ],
        "Cache-Control": [
          "private"
        ],
        "Date": [
          "Tue, 26 Jul 2016 19:37:43 GMT"
        ]
      },
      "StatusCode": 200
    },
    {
      "RequestUri": "/Jobs/3892ae19-79c0-4333-b97d-68de263615cd/CancelJob?api-version=2016-03-20-preview",
      "EncodedRequestUri": "L0pvYnMvMzg5MmFlMTktNzljMC00MzMzLWI5N2QtNjhkZTI2MzYxNWNkL0NhbmNlbEpvYj9hcGktdmVyc2lvbj0yMDE2LTAzLTIwLXByZXZpZXc=",
      "RequestMethod": "POST",
      "RequestBody": "",
      "RequestHeaders": {
        "x-ms-client-request-id": [
          "c7de0aff-15af-4839-92d8-b3a491f827a5"
        ],
        "accept-language": [
          "en-US"
        ],
        "User-Agent": [
          "Microsoft.Azure.Management.DataLake.Analytics.DataLakeAnalyticsJobManagementClient/0.11.5-preview"
        ]
      },
      "ResponseBody": "",
      "ResponseHeaders": {
        "Expires": [
          "-1"
        ],
        "Pragma": [
          "no-cache"
        ],
        "Transfer-Encoding": [
          "chunked"
        ],
        "x-ms-request-id": [
          "074d2449-b559-46b1-b72a-91a2ac053a8a"
        ],
        "X-Content-Type-Options": [
          "nosniff"
        ],
        "Strict-Transport-Security": [
          "max-age=15724800; includeSubDomains"
        ],
        "Cache-Control": [
          "private"
        ],
        "Date": [
          "Tue, 26 Jul 2016 19:37:44 GMT"
        ]
      },
      "StatusCode": 200
    },
    {
      "RequestUri": "/Jobs/3892ae19-79c0-4333-b97d-68de263615cd?api-version=2016-03-20-preview",
      "EncodedRequestUri": "L0pvYnMvMzg5MmFlMTktNzljMC00MzMzLWI5N2QtNjhkZTI2MzYxNWNkP2FwaS12ZXJzaW9uPTIwMTYtMDMtMjAtcHJldmlldw==",
      "RequestMethod": "GET",
      "RequestBody": "",
      "RequestHeaders": {
        "x-ms-client-request-id": [
          "83d9e7c3-fa74-4758-bbec-24186df40fe0"
        ],
        "accept-language": [
          "en-US"
        ],
        "User-Agent": [
          "Microsoft.Azure.Management.DataLake.Analytics.DataLakeAnalyticsJobManagementClient/0.11.5-preview"
        ]
      },
      "ResponseBody": "{\r\n  \"jobId\": \"3892ae19-79c0-4333-b97d-68de263615cd\",\r\n  \"name\": \"TestJob\",\r\n  \"type\": \"USql\",\r\n  \"submitter\": \"adlsvc01@benwgoldoutlook.onmicrosoft.com\",\r\n  \"degreeOfParallelism\": 1,\r\n  \"priority\": 1000,\r\n  \"submitTime\": \"2016-07-26T12:37:05.3098679-07:00\",\r\n  \"endTime\": \"2016-07-26T12:37:43.7167894-07:00\",\r\n  \"state\": \"Ended\",\r\n  \"result\": \"Cancelled\",\r\n  \"errorMessage\": [\r\n    {\r\n      \"errorId\": \"I_USER_CJS_CANCELEDBYUSER\",\r\n      \"name\": \"CANCELED_BY_USER\",\r\n      \"severity\": \"Info\",\r\n      \"source\": \"User\",\r\n      \"component\": \"CJS\",\r\n      \"message\": \"Job was cancelled.\",\r\n      \"details\": \"\",\r\n      \"description\": \"Job was cancelled by adlsvc01@benwgoldoutlook.onmicrosoft.com.\",\r\n      \"resolution\": \"\",\r\n      \"helpLink\": \"\",\r\n      \"innerError\": null\r\n    }\r\n  ],\r\n  \"stateAuditRecords\": [\r\n    {\r\n      \"newState\": \"New\",\r\n      \"timeStamp\": \"2016-07-26T12:37:05.3098679-07:00\",\r\n      \"details\": \"userName:adlsvc01@benwgoldoutlook.onmicrosoft.com;submitMachine:N/A\"\r\n    },\r\n    {\r\n      \"newState\": \"Compiling\",\r\n      \"timeStamp\": \"2016-07-26T12:37:43.5292858-07:00\",\r\n      \"details\": \"CcsAttempts:1;Status:Dispatched\"\r\n    },\r\n    {\r\n      \"newState\": \"Ended\",\r\n      \"timeStamp\": \"2016-07-26T12:37:43.7167894-07:00\",\r\n      \"details\": \"result:CanceledByUser\"\r\n    }\r\n  ],\r\n  \"properties\": {\r\n    \"owner\": \"adlsvc01@benwgoldoutlook.onmicrosoft.com\",\r\n    \"resources\": [\r\n      {\r\n        \"name\": \"Profile\",\r\n        \"resourcePath\": \"adl://onesdk5353.azuredatalakestore.net/system/jobservice/jobs/Usql/2016/07/26/19/37/3892ae19-79c0-4333-b97d-68de263615cd/profile\",\r\n        \"type\": \"StatisticsResource\"\r\n      },\r\n      {\r\n        \"name\": \"__ScopeRuntimeStatistics__.xml\",\r\n        \"resourcePath\": \"adl://onesdk5353.azuredatalakestore.net/system/jobservice/jobs/Usql/2016/07/26/19/37/3892ae19-79c0-4333-b97d-68de263615cd/__ScopeRuntimeStatistics__.xml\",\r\n        \"type\": \"StatisticsResource\"\r\n      }\r\n    ],\r\n    \"runtimeVersion\": \"default\",\r\n    \"rootProcessNodeId\": \"00000000-0000-0000-0000-000000000000\",\r\n    \"script\": \"DROP DATABASE IF EXISTS foo; CREATE DATABASE foo;\",\r\n    \"algebraFilePath\": \"adl://onesdk5353.azuredatalakestore.net/system/jobservice/jobs/Usql/2016/07/26/19/37/3892ae19-79c0-4333-b97d-68de263615cd/algebra.xml\",\r\n    \"compileMode\": \"Semantic\",\r\n    \"errorSource\": \"UserError\",\r\n    \"totalCompilationTime\": \"PT0.1875036S\",\r\n    \"totalPausedTime\": \"PT0S\",\r\n    \"totalQueuedTime\": \"PT0S\",\r\n    \"totalRunningTime\": \"PT0S\",\r\n    \"type\": \"USql\"\r\n  }\r\n}",
      "ResponseHeaders": {
        "Content-Type": [
          "application/json; charset=utf-8"
        ],
        "Expires": [
          "-1"
        ],
        "Pragma": [
          "no-cache"
        ],
        "Transfer-Encoding": [
          "chunked"
        ],
        "x-ms-request-id": [
          "d7c6e0ab-8311-47fc-a9f4-0411f1e0c3eb"
        ],
        "X-Content-Type-Options": [
          "nosniff"
        ],
        "Strict-Transport-Security": [
          "max-age=15724800; includeSubDomains"
        ],
        "Cache-Control": [
          "private"
        ],
        "Date": [
          "Tue, 26 Jul 2016 19:37:44 GMT"
        ]
      },
      "StatusCode": 200
    },
    {
      "RequestUri": "/Jobs?$filter=submitTime%20ge%20datetimeoffset'2016-07-26T19:29:06.1716366%2B00:00'&api-version=2016-03-20-preview",
      "EncodedRequestUri": "L0pvYnM/JGZpbHRlcj1zdWJtaXRUaW1lJTIwZ2UlMjBkYXRldGltZW9mZnNldCcyMDE2LTA3LTI2VDE5JTNBMjklM0EwNi4xNzE2MzY2JTJCMDAlM0EwMCcmYXBpLXZlcnNpb249MjAxNi0wMy0yMC1wcmV2aWV3",
      "RequestMethod": "GET",
      "RequestBody": "",
      "RequestHeaders": {
        "x-ms-client-request-id": [
          "ecada2b4-a48c-4854-8b83-bb70311b9bef"
        ],
        "accept-language": [
          "en-US"
        ],
        "User-Agent": [
          "Microsoft.Azure.Management.DataLake.Analytics.DataLakeAnalyticsJobManagementClient/0.11.5-preview"
        ]
      },
      "ResponseBody": "{\r\n  \"value\": [\r\n    {\r\n      \"jobId\": \"3892ae19-79c0-4333-b97d-68de263615cd\",\r\n      \"name\": \"TestJob\",\r\n      \"type\": \"USql\",\r\n      \"submitter\": \"adlsvc01@benwgoldoutlook.onmicrosoft.com\",\r\n      \"degreeOfParallelism\": 1,\r\n      \"priority\": 1000,\r\n      \"submitTime\": \"2016-07-26T12:37:05.3098679-07:00\",\r\n      \"endTime\": \"2016-07-26T12:37:43.7167894-07:00\",\r\n      \"state\": \"Ended\",\r\n      \"result\": \"Cancelled\"\r\n    }\r\n  ]\r\n}",
      "ResponseHeaders": {
        "Content-Type": [
          "application/json; charset=utf-8"
        ],
        "Expires": [
          "-1"
        ],
        "Pragma": [
          "no-cache"
        ],
        "Transfer-Encoding": [
          "chunked"
        ],
        "x-ms-request-id": [
          "93024407-8f5b-4b02-9261-9dedb1112bef"
        ],
        "X-Content-Type-Options": [
          "nosniff"
        ],
        "Strict-Transport-Security": [
          "max-age=15724800; includeSubDomains"
        ],
        "Cache-Control": [
          "private"
        ],
        "Date": [
          "Tue, 26 Jul 2016 19:37:45 GMT"
        ]
      },
      "StatusCode": 200
    },
    {
      "RequestUri": "/Jobs?$filter=submitTime%20lt%20datetimeoffset'2016-07-26T19:39:06.1716366%2B00:00'&api-version=2016-03-20-preview",
      "EncodedRequestUri": "L0pvYnM/JGZpbHRlcj1zdWJtaXRUaW1lJTIwbHQlMjBkYXRldGltZW9mZnNldCcyMDE2LTA3LTI2VDE5JTNBMzklM0EwNi4xNzE2MzY2JTJCMDAlM0EwMCcmYXBpLXZlcnNpb249MjAxNi0wMy0yMC1wcmV2aWV3",
      "RequestMethod": "GET",
      "RequestBody": "",
      "RequestHeaders": {
        "x-ms-client-request-id": [
          "30e28e9f-4a94-4970-9eb2-0284cd06f1c8"
        ],
        "accept-language": [
          "en-US"
        ],
        "User-Agent": [
          "Microsoft.Azure.Management.DataLake.Analytics.DataLakeAnalyticsJobManagementClient/0.11.5-preview"
        ]
      },
      "ResponseBody": "{\r\n  \"value\": [\r\n    {\r\n      \"jobId\": \"3892ae19-79c0-4333-b97d-68de263615cd\",\r\n      \"name\": \"TestJob\",\r\n      \"type\": \"USql\",\r\n      \"submitter\": \"adlsvc01@benwgoldoutlook.onmicrosoft.com\",\r\n      \"degreeOfParallelism\": 1,\r\n      \"priority\": 1000,\r\n      \"submitTime\": \"2016-07-26T12:37:05.3098679-07:00\",\r\n      \"endTime\": \"2016-07-26T12:37:43.7167894-07:00\",\r\n      \"state\": \"Ended\",\r\n      \"result\": \"Cancelled\"\r\n    }\r\n  ]\r\n}",
      "ResponseHeaders": {
        "Content-Type": [
          "application/json; charset=utf-8"
        ],
        "Expires": [
          "-1"
        ],
        "Pragma": [
          "no-cache"
        ],
        "Transfer-Encoding": [
          "chunked"
        ],
        "x-ms-request-id": [
          "e6b51cd5-b7e3-4e49-9937-a3e0027f0733"
        ],
        "X-Content-Type-Options": [
          "nosniff"
        ],
        "Strict-Transport-Security": [
          "max-age=15724800; includeSubDomains"
        ],
        "Cache-Control": [
          "private"
        ],
        "Date": [
          "Tue, 26 Jul 2016 19:37:45 GMT"
        ]
      },
      "StatusCode": 200
    },
    {
      "RequestUri": "/subscriptions/53d9063d-87ae-4ea8-be90-3686c3b8669f/resourceGroups/onesdk6943/providers/Microsoft.DataLakeAnalytics/accounts/onesdk7246?api-version=2015-10-01-preview",
      "EncodedRequestUri": "L3N1YnNjcmlwdGlvbnMvNTNkOTA2M2QtODdhZS00ZWE4LWJlOTAtMzY4NmMzYjg2NjlmL3Jlc291cmNlR3JvdXBzL29uZXNkazY5NDMvcHJvdmlkZXJzL01pY3Jvc29mdC5EYXRhTGFrZUFuYWx5dGljcy9hY2NvdW50cy9vbmVzZGs3MjQ2P2FwaS12ZXJzaW9uPTIwMTUtMTAtMDEtcHJldmlldw==",
      "RequestMethod": "DELETE",
      "RequestBody": "",
      "RequestHeaders": {
        "x-ms-client-request-id": [
          "02d45d2c-22ab-414b-bed2-a4f67a663edc"
        ],
        "accept-language": [
          "en-US"
        ],
        "User-Agent": [
          "Microsoft.Azure.Management.DataLake.Analytics.DataLakeAnalyticsAccountManagementClient/0.11.5-preview"
        ]
      },
      "ResponseBody": "",
      "ResponseHeaders": {
        "Content-Length": [
          "0"
        ],
        "Expires": [
          "-1"
        ],
        "Pragma": [
          "no-cache"
        ],
        "Retry-After": [
          "10"
        ],
        "Azure-AsyncOperation": [
          "https://management.azure.com/subscriptions/53d9063d-87ae-4ea8-be90-3686c3b8669f/providers/Microsoft.DataLakeAnalytics/locations/EastUS2/operationResults/7ab983e4-473b-468d-b7ff-ad13a278306f1?api-version=2015-10-01-preview&expanded=true"
        ],
        "x-ms-request-id": [
          "b7505718-5f83-45f6-b4e8-c3bff876bcd7"
        ],
        "x-ms-ratelimit-remaining-subscription-writes": [
          "1197"
        ],
        "x-ms-correlation-request-id": [
          "158bf70b-6351-42fd-9254-8ab1180f2cfd"
        ],
        "x-ms-routing-request-id": [
          "WESTUS2:20160726T193750Z:158bf70b-6351-42fd-9254-8ab1180f2cfd"
        ],
        "Strict-Transport-Security": [
          "max-age=31536000; includeSubDomains"
        ],
        "Connection": [
          "close"
        ],
        "Cache-Control": [
          "no-cache"
        ],
        "Date": [
          "Tue, 26 Jul 2016 19:37:49 GMT"
        ],
        "Location": [
          "https://management.azure.com/subscriptions/53d9063d-87ae-4ea8-be90-3686c3b8669f/resourcegroups/onesdk6943/providers/Microsoft.DataLakeAnalytics/accounts/onesdk7246/operationresults/1?api-version=2015-10-01-preview"
        ],
        "Server": [
          "Microsoft-IIS/8.5"
        ],
        "X-AspNet-Version": [
          "4.0.30319"
        ],
        "X-Powered-By": [
          "ASP.NET"
        ]
      },
      "StatusCode": 202
    },
    {
      "RequestUri": "/subscriptions/53d9063d-87ae-4ea8-be90-3686c3b8669f/providers/Microsoft.DataLakeAnalytics/locations/EastUS2/operationResults/7ab983e4-473b-468d-b7ff-ad13a278306f1?api-version=2015-10-01-preview&expanded=true",
      "EncodedRequestUri": "L3N1YnNjcmlwdGlvbnMvNTNkOTA2M2QtODdhZS00ZWE4LWJlOTAtMzY4NmMzYjg2NjlmL3Byb3ZpZGVycy9NaWNyb3NvZnQuRGF0YUxha2VBbmFseXRpY3MvbG9jYXRpb25zL0Vhc3RVUzIvb3BlcmF0aW9uUmVzdWx0cy83YWI5ODNlNC00NzNiLTQ2OGQtYjdmZi1hZDEzYTI3ODMwNmYxP2FwaS12ZXJzaW9uPTIwMTUtMTAtMDEtcHJldmlldyZleHBhbmRlZD10cnVl",
      "RequestMethod": "GET",
      "RequestBody": "",
      "RequestHeaders": {
        "User-Agent": [
          "Microsoft.Azure.Management.DataLake.Analytics.DataLakeAnalyticsAccountManagementClient/0.11.5-preview"
        ]
      },
      "ResponseBody": "{\r\n  \"status\": \"Succeeded\"\r\n}",
      "ResponseHeaders": {
        "Content-Length": [
          "22"
        ],
        "Content-Type": [
          "application/json"
        ],
        "Expires": [
          "-1"
        ],
        "Pragma": [
          "no-cache"
        ],
        "x-ms-request-id": [
          "688e2f03-2f1e-46cb-9b83-f1cf027383c1"
        ],
        "x-ms-ratelimit-remaining-subscription-reads": [
          "14995"
        ],
        "x-ms-correlation-request-id": [
          "d43bef85-3712-4bdd-a0f1-bf115dc43ac3"
        ],
        "x-ms-routing-request-id": [
          "WESTUS2:20160726T193820Z:d43bef85-3712-4bdd-a0f1-bf115dc43ac3"
        ],
        "Strict-Transport-Security": [
          "max-age=31536000; includeSubDomains"
        ],
        "Connection": [
          "close"
        ],
        "Cache-Control": [
          "no-cache"
        ],
        "Date": [
          "Tue, 26 Jul 2016 19:38:20 GMT"
        ],
        "Server": [
          "Microsoft-IIS/8.5"
        ],
        "X-AspNet-Version": [
          "4.0.30319"
        ],
        "X-Powered-By": [
          "ASP.NET"
        ]
      },
      "StatusCode": 200
    },
    {
      "RequestUri": "/subscriptions/53d9063d-87ae-4ea8-be90-3686c3b8669f/resourceGroups/onesdk6943/providers/Microsoft.DataLakeStore/accounts/onesdk5353?api-version=2015-10-01-preview",
      "EncodedRequestUri": "L3N1YnNjcmlwdGlvbnMvNTNkOTA2M2QtODdhZS00ZWE4LWJlOTAtMzY4NmMzYjg2NjlmL3Jlc291cmNlR3JvdXBzL29uZXNkazY5NDMvcHJvdmlkZXJzL01pY3Jvc29mdC5EYXRhTGFrZVN0b3JlL2FjY291bnRzL29uZXNkazUzNTM/YXBpLXZlcnNpb249MjAxNS0xMC0wMS1wcmV2aWV3",
      "RequestMethod": "DELETE",
      "RequestBody": "",
      "RequestHeaders": {
        "x-ms-client-request-id": [
          "af09e0f3-f301-41d8-97a4-9f174a9d2469"
        ],
        "accept-language": [
          "en-US"
        ],
        "User-Agent": [
          "Microsoft.Azure.Management.DataLake.Store.DataLakeStoreAccountManagementClient/0.12.2-preview"
        ]
      },
      "ResponseBody": "",
      "ResponseHeaders": {
        "Content-Length": [
          "0"
        ],
        "Expires": [
          "-1"
        ],
        "Pragma": [
          "no-cache"
        ],
        "x-ms-request-id": [
          "225aca44-7e95-4b30-bb79-7e2a32d465f6"
        ],
        "x-ms-ratelimit-remaining-subscription-writes": [
          "1198"
        ],
        "x-ms-correlation-request-id": [
          "9e771f0e-23c4-4cce-9789-8f1c65bc10c9"
        ],
        "x-ms-routing-request-id": [
          "WESTUS2:20160726T193823Z:9e771f0e-23c4-4cce-9789-8f1c65bc10c9"
        ],
        "Strict-Transport-Security": [
          "max-age=31536000; includeSubDomains"
        ],
        "Connection": [
          "close"
        ],
        "Cache-Control": [
          "no-cache"
        ],
        "Date": [
          "Tue, 26 Jul 2016 19:38:23 GMT"
        ],
        "Server": [
          "Microsoft-IIS/8.5"
        ],
        "X-AspNet-Version": [
          "4.0.30319"
        ],
        "X-Powered-By": [
          "ASP.NET"
        ]
      },
      "StatusCode": 200
    },
    {
      "RequestUri": "/subscriptions/53d9063d-87ae-4ea8-be90-3686c3b8669f/resourcegroups/onesdk6943?api-version=2016-02-01",
      "EncodedRequestUri": "L3N1YnNjcmlwdGlvbnMvNTNkOTA2M2QtODdhZS00ZWE4LWJlOTAtMzY4NmMzYjg2NjlmL3Jlc291cmNlZ3JvdXBzL29uZXNkazY5NDM/YXBpLXZlcnNpb249MjAxNi0wMi0wMQ==",
      "RequestMethod": "DELETE",
      "RequestBody": "",
      "RequestHeaders": {
        "User-Agent": [
          "Microsoft.Azure.Management.Resources.ResourceManagementClient/2.0.0.0"
        ]
      },
      "ResponseBody": "",
      "ResponseHeaders": {
        "Content-Length": [
          "0"
        ],
        "Expires": [
          "-1"
        ],
        "Pragma": [
          "no-cache"
        ],
        "Retry-After": [
          "15"
        ],
        "x-ms-ratelimit-remaining-subscription-writes": [
          "1199"
        ],
        "x-ms-request-id": [
          "cfc85a20-c8aa-431f-a8f4-0a7ce8b7be80"
        ],
        "x-ms-correlation-request-id": [
          "cfc85a20-c8aa-431f-a8f4-0a7ce8b7be80"
        ],
        "x-ms-routing-request-id": [
          "WESTUS2:20160726T193825Z:cfc85a20-c8aa-431f-a8f4-0a7ce8b7be80"
        ],
        "Strict-Transport-Security": [
          "max-age=31536000; includeSubDomains"
        ],
        "Cache-Control": [
          "no-cache"
        ],
        "Date": [
          "Tue, 26 Jul 2016 19:38:25 GMT"
        ],
        "Location": [
          "https://management.azure.com/subscriptions/53d9063d-87ae-4ea8-be90-3686c3b8669f/operationresults/eyJqb2JJZCI6IlJFU09VUkNFR1JPVVBERUxFVElPTkpPQi1PTkVTREs2OTQzLUVBU1RVUzIiLCJqb2JMb2NhdGlvbiI6ImVhc3R1czIifQ?api-version=2016-02-01"
        ]
      },
      "StatusCode": 202
    },
    {
      "RequestUri": "/subscriptions/53d9063d-87ae-4ea8-be90-3686c3b8669f/operationresults/eyJqb2JJZCI6IlJFU09VUkNFR1JPVVBERUxFVElPTkpPQi1PTkVTREs2OTQzLUVBU1RVUzIiLCJqb2JMb2NhdGlvbiI6ImVhc3R1czIifQ?api-version=2016-02-01",
      "EncodedRequestUri": "L3N1YnNjcmlwdGlvbnMvNTNkOTA2M2QtODdhZS00ZWE4LWJlOTAtMzY4NmMzYjg2NjlmL29wZXJhdGlvbnJlc3VsdHMvZXlKcWIySkpaQ0k2SWxKRlUwOVZVa05GUjFKUFZWQkVSVXhGVkVsUFRrcFBRaTFQVGtWVFJFczJPVFF6TFVWQlUxUlZVeklpTENKcWIySk1iMk5oZEdsdmJpSTZJbVZoYzNSMWN6SWlmUT9hcGktdmVyc2lvbj0yMDE2LTAyLTAx",
      "RequestMethod": "GET",
      "RequestBody": "",
      "RequestHeaders": {
        "x-ms-version": [
          "2016-02-01"
        ],
        "User-Agent": [
          "Microsoft.Azure.Management.Resources.ResourceManagementClient/2.0.0.0"
        ]
      },
      "ResponseBody": "",
      "ResponseHeaders": {
        "Content-Length": [
          "0"
        ],
        "Expires": [
          "-1"
        ],
        "Pragma": [
          "no-cache"
        ],
        "Retry-After": [
          "15"
        ],
        "x-ms-ratelimit-remaining-subscription-reads": [
          "14995"
        ],
        "x-ms-request-id": [
          "8eded614-5ecb-4ca3-a9fa-07432ea173a0"
        ],
        "x-ms-correlation-request-id": [
          "8eded614-5ecb-4ca3-a9fa-07432ea173a0"
        ],
        "x-ms-routing-request-id": [
          "WESTUS2:20160726T193825Z:8eded614-5ecb-4ca3-a9fa-07432ea173a0"
        ],
        "Strict-Transport-Security": [
          "max-age=31536000; includeSubDomains"
        ],
        "Cache-Control": [
          "no-cache"
        ],
        "Date": [
          "Tue, 26 Jul 2016 19:38:25 GMT"
        ],
        "Location": [
          "https://management.azure.com/subscriptions/53d9063d-87ae-4ea8-be90-3686c3b8669f/operationresults/eyJqb2JJZCI6IlJFU09VUkNFR1JPVVBERUxFVElPTkpPQi1PTkVTREs2OTQzLUVBU1RVUzIiLCJqb2JMb2NhdGlvbiI6ImVhc3R1czIifQ?api-version=2016-02-01"
        ]
      },
      "StatusCode": 202
    },
    {
      "RequestUri": "/subscriptions/53d9063d-87ae-4ea8-be90-3686c3b8669f/operationresults/eyJqb2JJZCI6IlJFU09VUkNFR1JPVVBERUxFVElPTkpPQi1PTkVTREs2OTQzLUVBU1RVUzIiLCJqb2JMb2NhdGlvbiI6ImVhc3R1czIifQ?api-version=2016-02-01",
      "EncodedRequestUri": "L3N1YnNjcmlwdGlvbnMvNTNkOTA2M2QtODdhZS00ZWE4LWJlOTAtMzY4NmMzYjg2NjlmL29wZXJhdGlvbnJlc3VsdHMvZXlKcWIySkpaQ0k2SWxKRlUwOVZVa05GUjFKUFZWQkVSVXhGVkVsUFRrcFBRaTFQVGtWVFJFczJPVFF6TFVWQlUxUlZVeklpTENKcWIySk1iMk5oZEdsdmJpSTZJbVZoYzNSMWN6SWlmUT9hcGktdmVyc2lvbj0yMDE2LTAyLTAx",
      "RequestMethod": "GET",
      "RequestBody": "",
      "RequestHeaders": {
        "x-ms-version": [
          "2016-02-01"
        ],
        "User-Agent": [
          "Microsoft.Azure.Management.Resources.ResourceManagementClient/2.0.0.0"
        ]
      },
      "ResponseBody": "",
      "ResponseHeaders": {
        "Content-Length": [
          "0"
        ],
        "Expires": [
          "-1"
        ],
        "Pragma": [
          "no-cache"
        ],
        "Retry-After": [
          "15"
        ],
        "x-ms-ratelimit-remaining-subscription-reads": [
          "14994"
        ],
        "x-ms-request-id": [
          "0cf8dae6-7b43-4dd3-a1f2-4694f592dd9a"
        ],
        "x-ms-correlation-request-id": [
          "0cf8dae6-7b43-4dd3-a1f2-4694f592dd9a"
        ],
        "x-ms-routing-request-id": [
          "WESTUS2:20160726T193840Z:0cf8dae6-7b43-4dd3-a1f2-4694f592dd9a"
        ],
        "Strict-Transport-Security": [
          "max-age=31536000; includeSubDomains"
        ],
        "Cache-Control": [
          "no-cache"
        ],
        "Date": [
          "Tue, 26 Jul 2016 19:38:40 GMT"
        ],
        "Location": [
          "https://management.azure.com/subscriptions/53d9063d-87ae-4ea8-be90-3686c3b8669f/operationresults/eyJqb2JJZCI6IlJFU09VUkNFR1JPVVBERUxFVElPTkpPQi1PTkVTREs2OTQzLUVBU1RVUzIiLCJqb2JMb2NhdGlvbiI6ImVhc3R1czIifQ?api-version=2016-02-01"
        ]
      },
      "StatusCode": 202
    },
    {
      "RequestUri": "/subscriptions/53d9063d-87ae-4ea8-be90-3686c3b8669f/operationresults/eyJqb2JJZCI6IlJFU09VUkNFR1JPVVBERUxFVElPTkpPQi1PTkVTREs2OTQzLUVBU1RVUzIiLCJqb2JMb2NhdGlvbiI6ImVhc3R1czIifQ?api-version=2016-02-01",
      "EncodedRequestUri": "L3N1YnNjcmlwdGlvbnMvNTNkOTA2M2QtODdhZS00ZWE4LWJlOTAtMzY4NmMzYjg2NjlmL29wZXJhdGlvbnJlc3VsdHMvZXlKcWIySkpaQ0k2SWxKRlUwOVZVa05GUjFKUFZWQkVSVXhGVkVsUFRrcFBRaTFQVGtWVFJFczJPVFF6TFVWQlUxUlZVeklpTENKcWIySk1iMk5oZEdsdmJpSTZJbVZoYzNSMWN6SWlmUT9hcGktdmVyc2lvbj0yMDE2LTAyLTAx",
      "RequestMethod": "GET",
      "RequestBody": "",
      "RequestHeaders": {
        "x-ms-version": [
          "2016-02-01"
        ],
        "User-Agent": [
          "Microsoft.Azure.Management.Resources.ResourceManagementClient/2.0.0.0"
        ]
      },
      "ResponseBody": "",
      "ResponseHeaders": {
        "Content-Length": [
          "0"
        ],
        "Expires": [
          "-1"
        ],
        "Pragma": [
          "no-cache"
        ],
        "Retry-After": [
          "15"
        ],
        "x-ms-ratelimit-remaining-subscription-reads": [
          "14993"
        ],
        "x-ms-request-id": [
          "bd428acb-7e82-4f6c-b2cd-417d60f57041"
        ],
        "x-ms-correlation-request-id": [
          "bd428acb-7e82-4f6c-b2cd-417d60f57041"
        ],
        "x-ms-routing-request-id": [
          "WESTUS2:20160726T193856Z:bd428acb-7e82-4f6c-b2cd-417d60f57041"
        ],
        "Strict-Transport-Security": [
          "max-age=31536000; includeSubDomains"
        ],
        "Cache-Control": [
          "no-cache"
        ],
        "Date": [
          "Tue, 26 Jul 2016 19:38:55 GMT"
        ],
        "Location": [
          "https://management.azure.com/subscriptions/53d9063d-87ae-4ea8-be90-3686c3b8669f/operationresults/eyJqb2JJZCI6IlJFU09VUkNFR1JPVVBERUxFVElPTkpPQi1PTkVTREs2OTQzLUVBU1RVUzIiLCJqb2JMb2NhdGlvbiI6ImVhc3R1czIifQ?api-version=2016-02-01"
        ]
      },
      "StatusCode": 202
    },
    {
      "RequestUri": "/subscriptions/53d9063d-87ae-4ea8-be90-3686c3b8669f/operationresults/eyJqb2JJZCI6IlJFU09VUkNFR1JPVVBERUxFVElPTkpPQi1PTkVTREs2OTQzLUVBU1RVUzIiLCJqb2JMb2NhdGlvbiI6ImVhc3R1czIifQ?api-version=2016-02-01",
      "EncodedRequestUri": "L3N1YnNjcmlwdGlvbnMvNTNkOTA2M2QtODdhZS00ZWE4LWJlOTAtMzY4NmMzYjg2NjlmL29wZXJhdGlvbnJlc3VsdHMvZXlKcWIySkpaQ0k2SWxKRlUwOVZVa05GUjFKUFZWQkVSVXhGVkVsUFRrcFBRaTFQVGtWVFJFczJPVFF6TFVWQlUxUlZVeklpTENKcWIySk1iMk5oZEdsdmJpSTZJbVZoYzNSMWN6SWlmUT9hcGktdmVyc2lvbj0yMDE2LTAyLTAx",
      "RequestMethod": "GET",
      "RequestBody": "",
      "RequestHeaders": {
        "x-ms-version": [
          "2016-02-01"
        ],
        "User-Agent": [
          "Microsoft.Azure.Management.Resources.ResourceManagementClient/2.0.0.0"
        ]
      },
      "ResponseBody": "",
      "ResponseHeaders": {
        "Content-Length": [
          "0"
        ],
        "Expires": [
          "-1"
        ],
        "Pragma": [
          "no-cache"
        ],
        "x-ms-ratelimit-remaining-subscription-reads": [
          "14992"
        ],
        "x-ms-request-id": [
          "b2f14b4e-37cc-4440-a184-d3d1d75734c6"
        ],
        "x-ms-correlation-request-id": [
          "b2f14b4e-37cc-4440-a184-d3d1d75734c6"
        ],
        "x-ms-routing-request-id": [
          "WESTUS2:20160726T193911Z:b2f14b4e-37cc-4440-a184-d3d1d75734c6"
        ],
        "Strict-Transport-Security": [
          "max-age=31536000; includeSubDomains"
        ],
        "Cache-Control": [
          "no-cache"
        ],
        "Date": [
          "Tue, 26 Jul 2016 19:39:10 GMT"
        ]
      },
      "StatusCode": 200
    }
  ],
  "Names": {
    "": [
      "onesdk6943",
      "onesdk7246",
      "onesdk5353"
    ],
    "jobTest01": [
      "3892ae19-79c0-4333-b97d-68de263615cd"
    ]
  },
  "Variables": {
    "SubscriptionId": "53d9063d-87ae-4ea8-be90-3686c3b8669f"
  }
}