{
  "Entries": [
    {
      "RequestUri": "/subscriptions/53d9063d-87ae-4ea8-be90-3686c3b8669f/providers/Microsoft.DataLakeAnalytics/register?api-version=2016-02-01",
      "EncodedRequestUri": "L3N1YnNjcmlwdGlvbnMvNTNkOTA2M2QtODdhZS00ZWE4LWJlOTAtMzY4NmMzYjg2NjlmL3Byb3ZpZGVycy9NaWNyb3NvZnQuRGF0YUxha2VBbmFseXRpY3MvcmVnaXN0ZXI/YXBpLXZlcnNpb249MjAxNi0wMi0wMQ==",
      "RequestMethod": "POST",
      "RequestBody": "",
      "RequestHeaders": {
        "User-Agent": [
          "Microsoft.Azure.Management.Resources.ResourceManagementClient/2.0.0.0"
        ]
      },
      "ResponseBody": "{\r\n  \"id\": \"/subscriptions/53d9063d-87ae-4ea8-be90-3686c3b8669f/providers/Microsoft.DataLakeAnalytics\",\r\n  \"namespace\": \"Microsoft.DataLakeAnalytics\",\r\n  \"resourceTypes\": [\r\n    {\r\n      \"resourceType\": \"accounts\",\r\n      \"locations\": [\r\n        \"East US 2\",\r\n        \"Central US\"\r\n      ],\r\n      \"apiVersions\": [\r\n        \"2016-11-01\",\r\n        \"2015-10-01-preview\"\r\n      ],\r\n      \"capabilities\": \"CrossResourceGroupResourceMove, CrossSubscriptionResourceMove\"\r\n    },\r\n    {\r\n      \"resourceType\": \"accounts/dataLakeStoreAccounts\",\r\n      \"locations\": [\r\n        \"East US 2\",\r\n        \"Central US\"\r\n      ],\r\n      \"apiVersions\": [\r\n        \"2016-11-01\",\r\n        \"2015-10-01-preview\"\r\n      ]\r\n    },\r\n    {\r\n      \"resourceType\": \"accounts/storageAccounts\",\r\n      \"locations\": [\r\n        \"East US 2\",\r\n        \"Central US\"\r\n      ],\r\n      \"apiVersions\": [\r\n        \"2016-11-01\",\r\n        \"2015-10-01-preview\"\r\n      ]\r\n    },\r\n    {\r\n      \"resourceType\": \"accounts/storageAccounts/containers\",\r\n      \"locations\": [\r\n        \"East US 2\",\r\n        \"Central US\"\r\n      ],\r\n      \"apiVersions\": [\r\n        \"2016-11-01\",\r\n        \"2015-10-01-preview\"\r\n      ]\r\n    },\r\n    {\r\n      \"resourceType\": \"accounts/storageAccounts/containers/listSasTokens\",\r\n      \"locations\": [\r\n        \"East US 2\",\r\n        \"Central US\"\r\n      ],\r\n      \"apiVersions\": [\r\n        \"2016-11-01\",\r\n        \"2015-10-01-preview\"\r\n      ]\r\n    },\r\n    {\r\n      \"resourceType\": \"locations\",\r\n      \"locations\": [],\r\n      \"apiVersions\": [\r\n        \"2016-11-01\",\r\n        \"2015-10-01-preview\"\r\n      ]\r\n    },\r\n    {\r\n      \"resourceType\": \"locations/operationresults\",\r\n      \"locations\": [],\r\n      \"apiVersions\": [\r\n        \"2016-11-01\",\r\n        \"2015-10-01-preview\"\r\n      ]\r\n    },\r\n    {\r\n      \"resourceType\": \"locations/checkNameAvailability\",\r\n      \"locations\": [],\r\n      \"apiVersions\": [\r\n        \"2016-11-01\",\r\n        \"2015-10-01-preview\"\r\n      ]\r\n    },\r\n    {\r\n      \"resourceType\": \"locations/capability\",\r\n      \"locations\": [],\r\n      \"apiVersions\": [\r\n        \"2016-11-01\",\r\n        \"2015-10-01-preview\"\r\n      ]\r\n    },\r\n    {\r\n      \"resourceType\": \"operations\",\r\n      \"locations\": [],\r\n      \"apiVersions\": [\r\n        \"2016-11-01\",\r\n        \"2015-10-01-preview\"\r\n      ]\r\n    }\r\n  ],\r\n  \"registrationState\": \"Registered\"\r\n}",
      "ResponseHeaders": {
        "Content-Length": [
          "1482"
        ],
        "Content-Type": [
          "application/json; charset=utf-8"
        ],
        "Expires": [
          "-1"
        ],
        "Pragma": [
          "no-cache"
        ],
        "x-ms-ratelimit-remaining-subscription-writes": [
          "1199"
        ],
        "x-ms-request-id": [
          "0796ecdf-39bd-42b7-beea-f591fa1db4d8"
        ],
        "x-ms-correlation-request-id": [
          "0796ecdf-39bd-42b7-beea-f591fa1db4d8"
        ],
        "x-ms-routing-request-id": [
          "WESTUS2:20161203T000739Z:0796ecdf-39bd-42b7-beea-f591fa1db4d8"
        ],
        "Strict-Transport-Security": [
          "max-age=31536000; includeSubDomains"
        ],
        "Cache-Control": [
          "no-cache"
        ],
        "Date": [
          "Sat, 03 Dec 2016 00:07:38 GMT"
        ]
      },
      "StatusCode": 200
    },
    {
      "RequestUri": "/subscriptions/53d9063d-87ae-4ea8-be90-3686c3b8669f/providers/Microsoft.DataLakeAnalytics?api-version=2016-02-01",
      "EncodedRequestUri": "L3N1YnNjcmlwdGlvbnMvNTNkOTA2M2QtODdhZS00ZWE4LWJlOTAtMzY4NmMzYjg2NjlmL3Byb3ZpZGVycy9NaWNyb3NvZnQuRGF0YUxha2VBbmFseXRpY3M/YXBpLXZlcnNpb249MjAxNi0wMi0wMQ==",
      "RequestMethod": "GET",
      "RequestBody": "",
      "RequestHeaders": {
        "User-Agent": [
          "Microsoft.Azure.Management.Resources.ResourceManagementClient/2.0.0.0"
        ]
      },
      "ResponseBody": "{\r\n  \"id\": \"/subscriptions/53d9063d-87ae-4ea8-be90-3686c3b8669f/providers/Microsoft.DataLakeAnalytics\",\r\n  \"namespace\": \"Microsoft.DataLakeAnalytics\",\r\n  \"resourceTypes\": [\r\n    {\r\n      \"resourceType\": \"accounts\",\r\n      \"locations\": [\r\n        \"East US 2\",\r\n        \"Central US\"\r\n      ],\r\n      \"apiVersions\": [\r\n        \"2016-11-01\",\r\n        \"2015-10-01-preview\"\r\n      ],\r\n      \"capabilities\": \"CrossResourceGroupResourceMove, CrossSubscriptionResourceMove\"\r\n    },\r\n    {\r\n      \"resourceType\": \"accounts/dataLakeStoreAccounts\",\r\n      \"locations\": [\r\n        \"East US 2\",\r\n        \"Central US\"\r\n      ],\r\n      \"apiVersions\": [\r\n        \"2016-11-01\",\r\n        \"2015-10-01-preview\"\r\n      ]\r\n    },\r\n    {\r\n      \"resourceType\": \"accounts/storageAccounts\",\r\n      \"locations\": [\r\n        \"East US 2\",\r\n        \"Central US\"\r\n      ],\r\n      \"apiVersions\": [\r\n        \"2016-11-01\",\r\n        \"2015-10-01-preview\"\r\n      ]\r\n    },\r\n    {\r\n      \"resourceType\": \"accounts/storageAccounts/containers\",\r\n      \"locations\": [\r\n        \"East US 2\",\r\n        \"Central US\"\r\n      ],\r\n      \"apiVersions\": [\r\n        \"2016-11-01\",\r\n        \"2015-10-01-preview\"\r\n      ]\r\n    },\r\n    {\r\n      \"resourceType\": \"accounts/storageAccounts/containers/listSasTokens\",\r\n      \"locations\": [\r\n        \"East US 2\",\r\n        \"Central US\"\r\n      ],\r\n      \"apiVersions\": [\r\n        \"2016-11-01\",\r\n        \"2015-10-01-preview\"\r\n      ]\r\n    },\r\n    {\r\n      \"resourceType\": \"locations\",\r\n      \"locations\": [],\r\n      \"apiVersions\": [\r\n        \"2016-11-01\",\r\n        \"2015-10-01-preview\"\r\n      ]\r\n    },\r\n    {\r\n      \"resourceType\": \"locations/operationresults\",\r\n      \"locations\": [],\r\n      \"apiVersions\": [\r\n        \"2016-11-01\",\r\n        \"2015-10-01-preview\"\r\n      ]\r\n    },\r\n    {\r\n      \"resourceType\": \"locations/checkNameAvailability\",\r\n      \"locations\": [],\r\n      \"apiVersions\": [\r\n        \"2016-11-01\",\r\n        \"2015-10-01-preview\"\r\n      ]\r\n    },\r\n    {\r\n      \"resourceType\": \"locations/capability\",\r\n      \"locations\": [],\r\n      \"apiVersions\": [\r\n        \"2016-11-01\",\r\n        \"2015-10-01-preview\"\r\n      ]\r\n    },\r\n    {\r\n      \"resourceType\": \"operations\",\r\n      \"locations\": [],\r\n      \"apiVersions\": [\r\n        \"2016-11-01\",\r\n        \"2015-10-01-preview\"\r\n      ]\r\n    }\r\n  ],\r\n  \"registrationState\": \"Registered\"\r\n}",
      "ResponseHeaders": {
        "Content-Length": [
          "1482"
        ],
        "Content-Type": [
          "application/json; charset=utf-8"
        ],
        "Expires": [
          "-1"
        ],
        "Pragma": [
          "no-cache"
        ],
        "x-ms-ratelimit-remaining-subscription-reads": [
          "14998"
        ],
        "x-ms-request-id": [
          "1a2e0889-739c-4906-ac7b-a1554ac553d5"
        ],
        "x-ms-correlation-request-id": [
          "1a2e0889-739c-4906-ac7b-a1554ac553d5"
        ],
        "x-ms-routing-request-id": [
          "WESTUS2:20161203T000739Z:1a2e0889-739c-4906-ac7b-a1554ac553d5"
        ],
        "Strict-Transport-Security": [
          "max-age=31536000; includeSubDomains"
        ],
        "Cache-Control": [
          "no-cache"
        ],
        "Date": [
          "Sat, 03 Dec 2016 00:07:38 GMT"
        ]
      },
      "StatusCode": 200
    },
    {
      "RequestUri": "/subscriptions/53d9063d-87ae-4ea8-be90-3686c3b8669f/resourcegroups/onesdk398?api-version=2016-02-01",
      "EncodedRequestUri": "L3N1YnNjcmlwdGlvbnMvNTNkOTA2M2QtODdhZS00ZWE4LWJlOTAtMzY4NmMzYjg2NjlmL3Jlc291cmNlZ3JvdXBzL29uZXNkazM5OD9hcGktdmVyc2lvbj0yMDE2LTAyLTAx",
      "RequestMethod": "PUT",
      "RequestBody": "{\r\n  \"location\": \"East US 2\"\r\n}",
      "RequestHeaders": {
        "Content-Type": [
          "application/json; charset=utf-8"
        ],
        "Content-Length": [
          "31"
        ],
        "User-Agent": [
          "Microsoft.Azure.Management.Resources.ResourceManagementClient/2.0.0.0"
        ]
      },
      "ResponseBody": "{\r\n  \"id\": \"/subscriptions/53d9063d-87ae-4ea8-be90-3686c3b8669f/resourceGroups/onesdk398\",\r\n  \"name\": \"onesdk398\",\r\n  \"location\": \"eastus2\",\r\n  \"properties\": {\r\n    \"provisioningState\": \"Succeeded\"\r\n  }\r\n}",
      "ResponseHeaders": {
        "Content-Length": [
          "172"
        ],
        "Content-Type": [
          "application/json; charset=utf-8"
        ],
        "Expires": [
          "-1"
        ],
        "Pragma": [
          "no-cache"
        ],
        "x-ms-ratelimit-remaining-subscription-writes": [
          "1198"
        ],
        "x-ms-request-id": [
          "5bf5a029-7af2-4d32-a177-73f55de6104b"
        ],
        "x-ms-correlation-request-id": [
          "5bf5a029-7af2-4d32-a177-73f55de6104b"
        ],
        "x-ms-routing-request-id": [
          "WESTUS2:20161203T000740Z:5bf5a029-7af2-4d32-a177-73f55de6104b"
        ],
        "Strict-Transport-Security": [
          "max-age=31536000; includeSubDomains"
        ],
        "Cache-Control": [
          "no-cache"
        ],
        "Date": [
          "Sat, 03 Dec 2016 00:07:40 GMT"
        ]
      },
      "StatusCode": 201
    },
    {
      "RequestUri": "/subscriptions/53d9063d-87ae-4ea8-be90-3686c3b8669f/resourceGroups/onesdk398/providers/Microsoft.DataLakeStore/accounts/onesdk4091?api-version=2016-11-01",
      "EncodedRequestUri": "L3N1YnNjcmlwdGlvbnMvNTNkOTA2M2QtODdhZS00ZWE4LWJlOTAtMzY4NmMzYjg2NjlmL3Jlc291cmNlR3JvdXBzL29uZXNkazM5OC9wcm92aWRlcnMvTWljcm9zb2Z0LkRhdGFMYWtlU3RvcmUvYWNjb3VudHMvb25lc2RrNDA5MT9hcGktdmVyc2lvbj0yMDE2LTExLTAx",
      "RequestMethod": "GET",
      "RequestBody": "",
      "RequestHeaders": {
        "x-ms-client-request-id": [
          "6cd0eb9a-5df4-488d-b8ff-6e092cb510ec"
        ],
        "accept-language": [
          "en-US"
        ],
        "User-Agent": [
          "Microsoft.Azure.Management.DataLake.Store.DataLakeStoreAccountManagementClient/1.0.2-preview"
        ]
      },
      "ResponseBody": "{\r\n  \"error\": {\r\n    \"code\": \"ResourceNotFound\",\r\n    \"message\": \"The Resource 'Microsoft.DataLakeStore/accounts/onesdk4091' under resource group 'onesdk398' was not found.\"\r\n  }\r\n}",
      "ResponseHeaders": {
        "Content-Length": [
          "156"
        ],
        "Content-Type": [
          "application/json; charset=utf-8"
        ],
        "Expires": [
          "-1"
        ],
        "Pragma": [
          "no-cache"
        ],
        "x-ms-failure-cause": [
          "gateway"
        ],
        "x-ms-request-id": [
          "2f3d4af9-e489-45aa-8ddc-0f5d41730e78"
        ],
        "x-ms-correlation-request-id": [
          "2f3d4af9-e489-45aa-8ddc-0f5d41730e78"
        ],
        "x-ms-routing-request-id": [
          "WESTUS2:20161203T000741Z:2f3d4af9-e489-45aa-8ddc-0f5d41730e78"
        ],
        "Strict-Transport-Security": [
          "max-age=31536000; includeSubDomains"
        ],
        "Cache-Control": [
          "no-cache"
        ],
        "Date": [
          "Sat, 03 Dec 2016 00:07:40 GMT"
        ]
      },
      "StatusCode": 404
    },
    {
      "RequestUri": "/subscriptions/53d9063d-87ae-4ea8-be90-3686c3b8669f/resourceGroups/onesdk398/providers/Microsoft.DataLakeStore/accounts/onesdk4091?api-version=2016-11-01",
      "EncodedRequestUri": "L3N1YnNjcmlwdGlvbnMvNTNkOTA2M2QtODdhZS00ZWE4LWJlOTAtMzY4NmMzYjg2NjlmL3Jlc291cmNlR3JvdXBzL29uZXNkazM5OC9wcm92aWRlcnMvTWljcm9zb2Z0LkRhdGFMYWtlU3RvcmUvYWNjb3VudHMvb25lc2RrNDA5MT9hcGktdmVyc2lvbj0yMDE2LTExLTAx",
      "RequestMethod": "GET",
      "RequestBody": "",
      "RequestHeaders": {
        "User-Agent": [
          "Microsoft.Azure.Management.DataLake.Store.DataLakeStoreAccountManagementClient/1.0.2-preview"
        ]
      },
      "ResponseBody": "{\r\n  \"properties\": {\r\n    \"firewallState\": \"Disabled\",\r\n    \"firewallRules\": [],\r\n    \"trustedIdProviderState\": \"Disabled\",\r\n    \"trustedIdProviders\": [],\r\n    \"encryptionState\": \"Enabled\",\r\n    \"encryptionConfig\": {\r\n      \"type\": \"ServiceManaged\"\r\n    },\r\n    \"provisioningState\": \"Succeeded\",\r\n    \"state\": \"Active\",\r\n    \"endpoint\": \"onesdk4091.azuredatalakestore.net\",\r\n    \"accountId\": \"46e5ace4-bfdb-47f8-8f86-ae7327963676\",\r\n    \"creationTime\": \"2016-12-03T00:07:47.0758337Z\",\r\n    \"lastModifiedTime\": \"2016-12-03T00:07:47.0758337Z\"\r\n  },\r\n  \"location\": \"East US 2\",\r\n  \"tags\": {},\r\n  \"id\": \"/subscriptions/53d9063d-87ae-4ea8-be90-3686c3b8669f/resourceGroups/onesdk398/providers/Microsoft.DataLakeStore/accounts/onesdk4091\",\r\n  \"name\": \"onesdk4091\",\r\n  \"type\": \"Microsoft.DataLakeStore/accounts\"\r\n}",
      "ResponseHeaders": {
        "Content-Length": [
          "671"
        ],
        "Content-Type": [
          "application/json"
        ],
        "Expires": [
          "-1"
        ],
        "Pragma": [
          "no-cache"
        ],
        "x-ms-request-id": [
          "8ea96f47-5151-424d-a242-173c09e847fe"
        ],
        "X-Content-Type-Options": [
          "nosniff"
        ],
        "x-ms-ratelimit-remaining-subscription-reads": [
          "14996"
        ],
        "x-ms-correlation-request-id": [
          "f967ad12-2936-4ff8-b19b-7acad6e92be5"
        ],
        "x-ms-routing-request-id": [
          "WESTUS2:20161203T000814Z:f967ad12-2936-4ff8-b19b-7acad6e92be5"
        ],
        "Strict-Transport-Security": [
          "max-age=31536000; includeSubDomains"
        ],
        "Connection": [
          "close"
        ],
        "Cache-Control": [
          "no-cache"
        ],
        "Date": [
          "Sat, 03 Dec 2016 00:08:14 GMT"
        ],
        "Server": [
          "Microsoft-IIS/8.5"
        ],
        "X-AspNet-Version": [
          "4.0.30319"
        ],
        "X-Powered-By": [
          "ASP.NET"
        ]
      },
      "StatusCode": 200
    },
    {
      "RequestUri": "/subscriptions/53d9063d-87ae-4ea8-be90-3686c3b8669f/resourceGroups/onesdk398/providers/Microsoft.DataLakeStore/accounts/onesdk4091?api-version=2016-11-01",
      "EncodedRequestUri": "L3N1YnNjcmlwdGlvbnMvNTNkOTA2M2QtODdhZS00ZWE4LWJlOTAtMzY4NmMzYjg2NjlmL3Jlc291cmNlR3JvdXBzL29uZXNkazM5OC9wcm92aWRlcnMvTWljcm9zb2Z0LkRhdGFMYWtlU3RvcmUvYWNjb3VudHMvb25lc2RrNDA5MT9hcGktdmVyc2lvbj0yMDE2LTExLTAx",
      "RequestMethod": "GET",
      "RequestBody": "",
      "RequestHeaders": {
        "x-ms-client-request-id": [
          "d6a8d0b8-042b-4b41-b74d-9ae50c841048"
        ],
        "accept-language": [
          "en-US"
        ],
        "User-Agent": [
          "Microsoft.Azure.Management.DataLake.Store.DataLakeStoreAccountManagementClient/1.0.2-preview"
        ]
      },
      "ResponseBody": "{\r\n  \"properties\": {\r\n    \"firewallState\": \"Disabled\",\r\n    \"firewallRules\": [],\r\n    \"trustedIdProviderState\": \"Disabled\",\r\n    \"trustedIdProviders\": [],\r\n    \"encryptionState\": \"Enabled\",\r\n    \"encryptionConfig\": {\r\n      \"type\": \"ServiceManaged\"\r\n    },\r\n    \"provisioningState\": \"Succeeded\",\r\n    \"state\": \"Active\",\r\n    \"endpoint\": \"onesdk4091.azuredatalakestore.net\",\r\n    \"accountId\": \"46e5ace4-bfdb-47f8-8f86-ae7327963676\",\r\n    \"creationTime\": \"2016-12-03T00:07:47.0758337Z\",\r\n    \"lastModifiedTime\": \"2016-12-03T00:07:47.0758337Z\"\r\n  },\r\n  \"location\": \"East US 2\",\r\n  \"tags\": {},\r\n  \"id\": \"/subscriptions/53d9063d-87ae-4ea8-be90-3686c3b8669f/resourceGroups/onesdk398/providers/Microsoft.DataLakeStore/accounts/onesdk4091\",\r\n  \"name\": \"onesdk4091\",\r\n  \"type\": \"Microsoft.DataLakeStore/accounts\"\r\n}",
      "ResponseHeaders": {
        "Content-Length": [
          "671"
        ],
        "Content-Type": [
          "application/json"
        ],
        "Expires": [
          "-1"
        ],
        "Pragma": [
          "no-cache"
        ],
        "x-ms-request-id": [
          "c534fb66-99c7-4a45-bb03-0848a7a9d7ae"
        ],
        "X-Content-Type-Options": [
          "nosniff"
        ],
        "x-ms-ratelimit-remaining-subscription-reads": [
          "14994"
        ],
        "x-ms-correlation-request-id": [
          "4177ed82-80ee-497e-b4f6-cf059ae5eaed"
        ],
        "x-ms-routing-request-id": [
          "WESTUS2:20161203T001157Z:4177ed82-80ee-497e-b4f6-cf059ae5eaed"
        ],
        "Strict-Transport-Security": [
          "max-age=31536000; includeSubDomains"
        ],
        "Connection": [
          "close"
        ],
        "Cache-Control": [
          "no-cache"
        ],
        "Date": [
          "Sat, 03 Dec 2016 00:11:57 GMT"
        ],
        "Server": [
          "Microsoft-IIS/8.5"
        ],
        "X-AspNet-Version": [
          "4.0.30319"
        ],
        "X-Powered-By": [
          "ASP.NET"
        ]
      },
      "StatusCode": 200
    },
    {
      "RequestUri": "/subscriptions/53d9063d-87ae-4ea8-be90-3686c3b8669f/resourceGroups/onesdk398/providers/Microsoft.DataLakeStore/accounts/onesdk4091?api-version=2016-11-01",
      "EncodedRequestUri": "L3N1YnNjcmlwdGlvbnMvNTNkOTA2M2QtODdhZS00ZWE4LWJlOTAtMzY4NmMzYjg2NjlmL3Jlc291cmNlR3JvdXBzL29uZXNkazM5OC9wcm92aWRlcnMvTWljcm9zb2Z0LkRhdGFMYWtlU3RvcmUvYWNjb3VudHMvb25lc2RrNDA5MT9hcGktdmVyc2lvbj0yMDE2LTExLTAx",
      "RequestMethod": "PUT",
      "RequestBody": "{\r\n  \"location\": \"East US 2\",\r\n  \"tags\": {}\r\n}",
      "RequestHeaders": {
        "Content-Type": [
          "application/json; charset=utf-8"
        ],
        "Content-Length": [
          "46"
        ],
        "x-ms-client-request-id": [
          "5a79a3d8-dfb9-4d9a-a061-5f30a22788f3"
        ],
        "accept-language": [
          "en-US"
        ],
        "User-Agent": [
          "Microsoft.Azure.Management.DataLake.Store.DataLakeStoreAccountManagementClient/1.0.2-preview"
        ]
      },
      "ResponseBody": "{\r\n  \"properties\": {\r\n    \"provisioningState\": \"Creating\",\r\n    \"state\": null,\r\n    \"endpoint\": null,\r\n    \"accountId\": \"46e5ace4-bfdb-47f8-8f86-ae7327963676\",\r\n    \"creationTime\": null,\r\n    \"lastModifiedTime\": null\r\n  },\r\n  \"location\": \"East US 2\",\r\n  \"tags\": {},\r\n  \"id\": \"/subscriptions/53d9063d-87ae-4ea8-be90-3686c3b8669f/resourceGroups/onesdk398/providers/Microsoft.DataLakeStore/accounts/onesdk4091\",\r\n  \"name\": \"onesdk4091\",\r\n  \"type\": \"Microsoft.DataLakeStore/accounts\"\r\n}",
      "ResponseHeaders": {
        "Content-Length": [
          "404"
        ],
        "Content-Type": [
          "application/json"
        ],
        "Expires": [
          "-1"
        ],
        "Pragma": [
          "no-cache"
        ],
        "Retry-After": [
          "10"
        ],
        "Azure-AsyncOperation": [
          "https://management.azure.com/subscriptions/53d9063d-87ae-4ea8-be90-3686c3b8669f/providers/Microsoft.DataLakeStore/locations/EastUS2/operationResults/46e5ace4-bfdb-47f8-8f86-ae73279636760?api-version=2016-11-01&expanded=true"
        ],
        "x-ms-request-id": [
          "68236813-a552-40af-8664-07cd25a242ed"
        ],
        "X-Content-Type-Options": [
          "nosniff"
        ],
        "x-ms-ratelimit-remaining-subscription-writes": [
          "1199"
        ],
        "x-ms-correlation-request-id": [
          "1d20b3b0-1108-4597-80f7-8a753159b3e1"
        ],
        "x-ms-routing-request-id": [
          "WESTUS2:20161203T000743Z:1d20b3b0-1108-4597-80f7-8a753159b3e1"
        ],
        "Strict-Transport-Security": [
          "max-age=31536000; includeSubDomains"
        ],
        "Connection": [
          "close"
        ],
        "Cache-Control": [
          "no-cache"
        ],
        "Date": [
          "Sat, 03 Dec 2016 00:07:42 GMT"
        ],
        "Location": [
          "https://management.azure.com/subscriptions/53d9063d-87ae-4ea8-be90-3686c3b8669f/resourcegroups/onesdk398/providers/Microsoft.DataLakeStore/accounts/onesdk4091/operationresults/0?api-version=2016-11-01"
        ],
        "Server": [
          "Microsoft-IIS/8.5"
        ],
        "X-AspNet-Version": [
          "4.0.30319"
        ],
        "X-Powered-By": [
          "ASP.NET"
        ]
      },
      "StatusCode": 201
    },
    {
      "RequestUri": "/subscriptions/53d9063d-87ae-4ea8-be90-3686c3b8669f/providers/Microsoft.DataLakeStore/locations/EastUS2/operationResults/46e5ace4-bfdb-47f8-8f86-ae73279636760?api-version=2016-11-01&expanded=true",
      "EncodedRequestUri": "L3N1YnNjcmlwdGlvbnMvNTNkOTA2M2QtODdhZS00ZWE4LWJlOTAtMzY4NmMzYjg2NjlmL3Byb3ZpZGVycy9NaWNyb3NvZnQuRGF0YUxha2VTdG9yZS9sb2NhdGlvbnMvRWFzdFVTMi9vcGVyYXRpb25SZXN1bHRzLzQ2ZTVhY2U0LWJmZGItNDdmOC04Zjg2LWFlNzMyNzk2MzY3NjA/YXBpLXZlcnNpb249MjAxNi0xMS0wMSZleHBhbmRlZD10cnVl",
      "RequestMethod": "GET",
      "RequestBody": "",
      "RequestHeaders": {
        "User-Agent": [
          "Microsoft.Azure.Management.DataLake.Store.DataLakeStoreAccountManagementClient/1.0.2-preview"
        ]
      },
      "ResponseBody": "{\r\n  \"status\": \"Succeeded\"\r\n}",
      "ResponseHeaders": {
        "Content-Length": [
          "22"
        ],
        "Content-Type": [
          "application/json"
        ],
        "Expires": [
          "-1"
        ],
        "Pragma": [
          "no-cache"
        ],
        "x-ms-request-id": [
          "67611aea-f09e-48c2-918f-5552b77ed235"
        ],
        "X-Content-Type-Options": [
          "nosniff"
        ],
        "x-ms-ratelimit-remaining-subscription-reads": [
          "14998"
        ],
        "x-ms-correlation-request-id": [
          "1361d2a4-7624-4917-96f7-26a5be6359af"
        ],
        "x-ms-routing-request-id": [
          "WESTUS2:20161203T000813Z:1361d2a4-7624-4917-96f7-26a5be6359af"
        ],
        "Strict-Transport-Security": [
          "max-age=31536000; includeSubDomains"
        ],
        "Connection": [
          "close"
        ],
        "Cache-Control": [
          "no-cache"
        ],
        "Date": [
          "Sat, 03 Dec 2016 00:08:13 GMT"
        ],
        "Server": [
          "Microsoft-IIS/8.5"
        ],
        "X-AspNet-Version": [
          "4.0.30319"
        ],
        "X-Powered-By": [
          "ASP.NET"
        ]
      },
      "StatusCode": 200
    },
    {
      "RequestUri": "/subscriptions/53d9063d-87ae-4ea8-be90-3686c3b8669f/resourceGroups/onesdk398/providers/Microsoft.DataLakeAnalytics/accounts/onesdk5215?api-version=2016-11-01",
      "EncodedRequestUri": "L3N1YnNjcmlwdGlvbnMvNTNkOTA2M2QtODdhZS00ZWE4LWJlOTAtMzY4NmMzYjg2NjlmL3Jlc291cmNlR3JvdXBzL29uZXNkazM5OC9wcm92aWRlcnMvTWljcm9zb2Z0LkRhdGFMYWtlQW5hbHl0aWNzL2FjY291bnRzL29uZXNkazUyMTU/YXBpLXZlcnNpb249MjAxNi0xMS0wMQ==",
      "RequestMethod": "GET",
      "RequestBody": "",
      "RequestHeaders": {
        "x-ms-client-request-id": [
          "ad9ba6ab-46ea-4d1d-82b5-6d34cbd3aa3e"
        ],
        "accept-language": [
          "en-US"
        ],
        "User-Agent": [
          "Microsoft.Azure.Management.DataLake.Analytics.DataLakeAnalyticsAccountManagementClient/1.0.1-preview"
        ]
      },
      "ResponseBody": "{\r\n  \"error\": {\r\n    \"code\": \"ResourceNotFound\",\r\n    \"message\": \"The Resource 'Microsoft.DataLakeAnalytics/accounts/onesdk5215' under resource group 'onesdk398' was not found.\"\r\n  }\r\n}",
      "ResponseHeaders": {
        "Content-Length": [
          "160"
        ],
        "Content-Type": [
          "application/json; charset=utf-8"
        ],
        "Expires": [
          "-1"
        ],
        "Pragma": [
          "no-cache"
        ],
        "x-ms-failure-cause": [
          "gateway"
        ],
        "x-ms-request-id": [
          "36382ea4-c348-4af1-9617-bb6e5b225c84"
        ],
        "x-ms-correlation-request-id": [
          "36382ea4-c348-4af1-9617-bb6e5b225c84"
        ],
        "x-ms-routing-request-id": [
          "WESTUS2:20161203T000815Z:36382ea4-c348-4af1-9617-bb6e5b225c84"
        ],
        "Strict-Transport-Security": [
          "max-age=31536000; includeSubDomains"
        ],
        "Cache-Control": [
          "no-cache"
        ],
        "Date": [
          "Sat, 03 Dec 2016 00:08:14 GMT"
        ]
      },
      "StatusCode": 404
    },
    {
      "RequestUri": "/subscriptions/53d9063d-87ae-4ea8-be90-3686c3b8669f/resourceGroups/onesdk398/providers/Microsoft.DataLakeAnalytics/accounts/onesdk5215?api-version=2016-11-01",
      "EncodedRequestUri": "L3N1YnNjcmlwdGlvbnMvNTNkOTA2M2QtODdhZS00ZWE4LWJlOTAtMzY4NmMzYjg2NjlmL3Jlc291cmNlR3JvdXBzL29uZXNkazM5OC9wcm92aWRlcnMvTWljcm9zb2Z0LkRhdGFMYWtlQW5hbHl0aWNzL2FjY291bnRzL29uZXNkazUyMTU/YXBpLXZlcnNpb249MjAxNi0xMS0wMQ==",
      "RequestMethod": "GET",
      "RequestBody": "",
      "RequestHeaders": {
        "x-ms-client-request-id": [
          "9e27ac12-0ea0-4d39-95d3-c40ed321ee93"
        ],
        "accept-language": [
          "en-US"
        ],
        "User-Agent": [
          "Microsoft.Azure.Management.DataLake.Analytics.DataLakeAnalyticsAccountManagementClient/1.0.1-preview"
        ]
      },
      "ResponseBody": "{\r\n  \"error\": {\r\n    \"code\": \"ResourceNotFound\",\r\n    \"message\": \"The Resource 'Microsoft.DataLakeAnalytics/accounts/onesdk5215' under resource group 'onesdk398' was not found.\"\r\n  }\r\n}",
      "ResponseHeaders": {
        "Content-Length": [
          "160"
        ],
        "Content-Type": [
          "application/json; charset=utf-8"
        ],
        "Expires": [
          "-1"
        ],
        "Pragma": [
          "no-cache"
        ],
        "x-ms-failure-cause": [
          "gateway"
        ],
        "x-ms-request-id": [
          "969eee11-2df1-44dd-aa52-1bbcf9c6ffa5"
        ],
        "x-ms-correlation-request-id": [
          "969eee11-2df1-44dd-aa52-1bbcf9c6ffa5"
        ],
        "x-ms-routing-request-id": [
          "WESTUS2:20161203T000815Z:969eee11-2df1-44dd-aa52-1bbcf9c6ffa5"
        ],
        "Strict-Transport-Security": [
          "max-age=31536000; includeSubDomains"
        ],
        "Cache-Control": [
          "no-cache"
        ],
        "Date": [
          "Sat, 03 Dec 2016 00:08:14 GMT"
        ]
      },
      "StatusCode": 404
    },
    {
      "RequestUri": "/subscriptions/53d9063d-87ae-4ea8-be90-3686c3b8669f/resourceGroups/onesdk398/providers/Microsoft.DataLakeAnalytics/accounts/onesdk5215?api-version=2016-11-01",
      "EncodedRequestUri": "L3N1YnNjcmlwdGlvbnMvNTNkOTA2M2QtODdhZS00ZWE4LWJlOTAtMzY4NmMzYjg2NjlmL3Jlc291cmNlR3JvdXBzL29uZXNkazM5OC9wcm92aWRlcnMvTWljcm9zb2Z0LkRhdGFMYWtlQW5hbHl0aWNzL2FjY291bnRzL29uZXNkazUyMTU/YXBpLXZlcnNpb249MjAxNi0xMS0wMQ==",
      "RequestMethod": "GET",
      "RequestBody": "",
      "RequestHeaders": {
        "User-Agent": [
          "Microsoft.Azure.Management.DataLake.Analytics.DataLakeAnalyticsAccountManagementClient/1.0.1-preview"
        ]
      },
      "ResponseBody": "{\r\n  \"properties\": {\r\n    \"defaultDataLakeStoreAccount\": \"onesdk4091\",\r\n    \"dataLakeStoreAccounts\": [\r\n      {\r\n        \"properties\": {\r\n          \"suffix\": \"azuredatalakestore.net\"\r\n        },\r\n        \"name\": \"onesdk4091\"\r\n      }\r\n    ],\r\n    \"storageAccounts\": [],\r\n    \"maxDegreeOfParallelism\": 250,\r\n    \"maxJobCount\": 10,\r\n    \"systemMaxDegreeOfParallelism\": 250,\r\n    \"systemMaxJobCount\": 20,\r\n    \"queryStoreRetention\": 30,\r\n    \"hiveMetastores\": [],\r\n    \"provisioningState\": \"Succeeded\",\r\n    \"state\": \"Active\",\r\n    \"endpoint\": \"onesdk5215.azuredatalakeanalytics.net\",\r\n    \"accountId\": \"3401eced-1330-432a-a5b1-2f0935ae0b19\",\r\n    \"creationTime\": \"2016-12-03T00:08:18.4161333Z\",\r\n    \"lastModifiedTime\": \"2016-12-03T00:08:18.4161333Z\"\r\n  },\r\n  \"location\": \"East US 2\",\r\n  \"tags\": {},\r\n  \"id\": \"/subscriptions/53d9063d-87ae-4ea8-be90-3686c3b8669f/resourceGroups/onesdk398/providers/Microsoft.DataLakeAnalytics/accounts/onesdk5215\",\r\n  \"name\": \"onesdk5215\",\r\n  \"type\": \"Microsoft.DataLakeAnalytics/accounts\"\r\n}",
      "ResponseHeaders": {
        "Content-Length": [
          "814"
        ],
        "Content-Type": [
          "application/json"
        ],
        "Expires": [
          "-1"
        ],
        "Pragma": [
          "no-cache"
        ],
        "x-ms-request-id": [
          "9e2ccb84-f73b-46dc-954c-92621058a424"
        ],
        "X-Content-Type-Options": [
          "nosniff"
        ],
        "x-ms-ratelimit-remaining-subscription-reads": [
          "14996"
        ],
        "x-ms-correlation-request-id": [
          "4a1917be-ea7e-48e7-8e53-a163b9d38f5d"
        ],
        "x-ms-routing-request-id": [
          "WESTUS2:20161203T000848Z:4a1917be-ea7e-48e7-8e53-a163b9d38f5d"
        ],
        "Strict-Transport-Security": [
          "max-age=31536000; includeSubDomains"
        ],
        "Connection": [
          "close"
        ],
        "Cache-Control": [
          "no-cache"
        ],
        "Date": [
          "Sat, 03 Dec 2016 00:08:47 GMT"
        ],
        "Server": [
          "Microsoft-IIS/8.5"
        ],
        "X-AspNet-Version": [
          "4.0.30319"
        ],
        "X-Powered-By": [
          "ASP.NET"
        ]
      },
      "StatusCode": 200
    },
    {
      "RequestUri": "/subscriptions/53d9063d-87ae-4ea8-be90-3686c3b8669f/resourceGroups/onesdk398/providers/Microsoft.DataLakeAnalytics/accounts/onesdk5215?api-version=2016-11-01",
      "EncodedRequestUri": "L3N1YnNjcmlwdGlvbnMvNTNkOTA2M2QtODdhZS00ZWE4LWJlOTAtMzY4NmMzYjg2NjlmL3Jlc291cmNlR3JvdXBzL29uZXNkazM5OC9wcm92aWRlcnMvTWljcm9zb2Z0LkRhdGFMYWtlQW5hbHl0aWNzL2FjY291bnRzL29uZXNkazUyMTU/YXBpLXZlcnNpb249MjAxNi0xMS0wMQ==",
      "RequestMethod": "GET",
      "RequestBody": "",
      "RequestHeaders": {
        "x-ms-client-request-id": [
          "cf17b708-9271-4db4-b0cb-0fafcc7bb605"
        ],
        "accept-language": [
          "en-US"
        ],
        "User-Agent": [
          "Microsoft.Azure.Management.DataLake.Analytics.DataLakeAnalyticsAccountManagementClient/1.0.1-preview"
        ]
      },
      "ResponseBody": "{\r\n  \"properties\": {\r\n    \"defaultDataLakeStoreAccount\": \"onesdk4091\",\r\n    \"dataLakeStoreAccounts\": [\r\n      {\r\n        \"properties\": {\r\n          \"suffix\": \"azuredatalakestore.net\"\r\n        },\r\n        \"name\": \"onesdk4091\"\r\n      }\r\n    ],\r\n    \"storageAccounts\": [],\r\n    \"maxDegreeOfParallelism\": 250,\r\n    \"maxJobCount\": 10,\r\n    \"systemMaxDegreeOfParallelism\": 250,\r\n    \"systemMaxJobCount\": 20,\r\n    \"queryStoreRetention\": 30,\r\n    \"hiveMetastores\": [],\r\n    \"provisioningState\": \"Succeeded\",\r\n    \"state\": \"Active\",\r\n    \"endpoint\": \"onesdk5215.azuredatalakeanalytics.net\",\r\n    \"accountId\": \"3401eced-1330-432a-a5b1-2f0935ae0b19\",\r\n    \"creationTime\": \"2016-12-03T00:08:18.4161333Z\",\r\n    \"lastModifiedTime\": \"2016-12-03T00:08:18.4161333Z\"\r\n  },\r\n  \"location\": \"East US 2\",\r\n  \"tags\": {},\r\n  \"id\": \"/subscriptions/53d9063d-87ae-4ea8-be90-3686c3b8669f/resourceGroups/onesdk398/providers/Microsoft.DataLakeAnalytics/accounts/onesdk5215\",\r\n  \"name\": \"onesdk5215\",\r\n  \"type\": \"Microsoft.DataLakeAnalytics/accounts\"\r\n}",
      "ResponseHeaders": {
        "Content-Length": [
          "814"
        ],
        "Content-Type": [
          "application/json"
        ],
        "Expires": [
          "-1"
        ],
        "Pragma": [
          "no-cache"
        ],
        "x-ms-request-id": [
          "784be7aa-b77b-42db-abf3-b3c1f052b347"
        ],
        "X-Content-Type-Options": [
          "nosniff"
        ],
        "x-ms-ratelimit-remaining-subscription-reads": [
          "14998"
        ],
        "x-ms-correlation-request-id": [
          "39432a0c-692b-429c-ae9a-0f2bfbf53544"
        ],
        "x-ms-routing-request-id": [
          "WESTUS2:20161203T000848Z:39432a0c-692b-429c-ae9a-0f2bfbf53544"
        ],
        "Strict-Transport-Security": [
          "max-age=31536000; includeSubDomains"
        ],
        "Connection": [
          "close"
        ],
        "Cache-Control": [
          "no-cache"
        ],
        "Date": [
          "Sat, 03 Dec 2016 00:08:48 GMT"
        ],
        "Server": [
          "Microsoft-IIS/8.5"
        ],
        "X-AspNet-Version": [
          "4.0.30319"
        ],
        "X-Powered-By": [
          "ASP.NET"
        ]
      },
      "StatusCode": 200
    },
    {
      "RequestUri": "/subscriptions/53d9063d-87ae-4ea8-be90-3686c3b8669f/resourceGroups/onesdk398/providers/Microsoft.DataLakeAnalytics/accounts/onesdk5215?api-version=2016-11-01",
      "EncodedRequestUri": "L3N1YnNjcmlwdGlvbnMvNTNkOTA2M2QtODdhZS00ZWE4LWJlOTAtMzY4NmMzYjg2NjlmL3Jlc291cmNlR3JvdXBzL29uZXNkazM5OC9wcm92aWRlcnMvTWljcm9zb2Z0LkRhdGFMYWtlQW5hbHl0aWNzL2FjY291bnRzL29uZXNkazUyMTU/YXBpLXZlcnNpb249MjAxNi0xMS0wMQ==",
      "RequestMethod": "GET",
      "RequestBody": "",
      "RequestHeaders": {
        "x-ms-client-request-id": [
          "4a3879fd-921f-42f4-8245-38b55e7df35e"
        ],
        "accept-language": [
          "en-US"
        ],
        "User-Agent": [
          "Microsoft.Azure.Management.DataLake.Analytics.DataLakeAnalyticsAccountManagementClient/1.0.1-preview"
        ]
      },
      "ResponseBody": "{\r\n  \"properties\": {\r\n    \"defaultDataLakeStoreAccount\": \"onesdk4091\",\r\n    \"dataLakeStoreAccounts\": [\r\n      {\r\n        \"properties\": {\r\n          \"suffix\": \"azuredatalakestore.net\"\r\n        },\r\n        \"name\": \"onesdk4091\"\r\n      }\r\n    ],\r\n    \"storageAccounts\": [],\r\n    \"maxDegreeOfParallelism\": 250,\r\n    \"maxJobCount\": 10,\r\n    \"systemMaxDegreeOfParallelism\": 250,\r\n    \"systemMaxJobCount\": 20,\r\n    \"queryStoreRetention\": 30,\r\n    \"hiveMetastores\": [],\r\n    \"provisioningState\": \"Succeeded\",\r\n    \"state\": \"Active\",\r\n    \"endpoint\": \"onesdk5215.azuredatalakeanalytics.net\",\r\n    \"accountId\": \"3401eced-1330-432a-a5b1-2f0935ae0b19\",\r\n    \"creationTime\": \"2016-12-03T00:08:18.4161333Z\",\r\n    \"lastModifiedTime\": \"2016-12-03T00:08:18.4161333Z\"\r\n  },\r\n  \"location\": \"East US 2\",\r\n  \"tags\": {},\r\n  \"id\": \"/subscriptions/53d9063d-87ae-4ea8-be90-3686c3b8669f/resourceGroups/onesdk398/providers/Microsoft.DataLakeAnalytics/accounts/onesdk5215\",\r\n  \"name\": \"onesdk5215\",\r\n  \"type\": \"Microsoft.DataLakeAnalytics/accounts\"\r\n}",
      "ResponseHeaders": {
        "Content-Length": [
          "814"
        ],
        "Content-Type": [
          "application/json"
        ],
        "Expires": [
          "-1"
        ],
        "Pragma": [
          "no-cache"
        ],
        "x-ms-request-id": [
          "489c2633-fc09-430d-9d91-37a203d4f862"
        ],
        "X-Content-Type-Options": [
          "nosniff"
        ],
        "x-ms-ratelimit-remaining-subscription-reads": [
          "14997"
        ],
        "x-ms-correlation-request-id": [
          "4fdd434b-2bb8-44af-870f-930af5a435dd"
        ],
        "x-ms-routing-request-id": [
          "WESTUS2:20161203T001122Z:4fdd434b-2bb8-44af-870f-930af5a435dd"
        ],
        "Strict-Transport-Security": [
          "max-age=31536000; includeSubDomains"
        ],
        "Connection": [
          "close"
        ],
        "Cache-Control": [
          "no-cache"
        ],
        "Date": [
          "Sat, 03 Dec 2016 00:11:22 GMT"
        ],
        "Server": [
          "Microsoft-IIS/8.5"
        ],
        "X-AspNet-Version": [
          "4.0.30319"
        ],
        "X-Powered-By": [
          "ASP.NET"
        ]
      },
      "StatusCode": 200
    },
    {
      "RequestUri": "/subscriptions/53d9063d-87ae-4ea8-be90-3686c3b8669f/resourceGroups/onesdk398/providers/Microsoft.DataLakeAnalytics/accounts/onesdk5215?api-version=2016-11-01",
      "EncodedRequestUri": "L3N1YnNjcmlwdGlvbnMvNTNkOTA2M2QtODdhZS00ZWE4LWJlOTAtMzY4NmMzYjg2NjlmL3Jlc291cmNlR3JvdXBzL29uZXNkazM5OC9wcm92aWRlcnMvTWljcm9zb2Z0LkRhdGFMYWtlQW5hbHl0aWNzL2FjY291bnRzL29uZXNkazUyMTU/YXBpLXZlcnNpb249MjAxNi0xMS0wMQ==",
      "RequestMethod": "GET",
      "RequestBody": "",
      "RequestHeaders": {
        "x-ms-client-request-id": [
          "ac45be2a-8a9a-4a04-8a3c-ef3646829805"
        ],
        "accept-language": [
          "en-US"
        ],
        "User-Agent": [
          "Microsoft.Azure.Management.DataLake.Analytics.DataLakeAnalyticsAccountManagementClient/1.0.1-preview"
        ]
      },
      "ResponseBody": "{\r\n  \"error\": {\r\n    \"code\": \"ResourceNotFound\",\r\n    \"message\": \"The Resource 'Microsoft.DataLakeAnalytics/accounts/onesdk5215' under resource group 'onesdk398' was not found.\"\r\n  }\r\n}",
      "ResponseHeaders": {
        "Content-Length": [
          "160"
        ],
        "Content-Type": [
          "application/json; charset=utf-8"
        ],
        "Expires": [
          "-1"
        ],
        "Pragma": [
          "no-cache"
        ],
        "x-ms-failure-cause": [
          "gateway"
        ],
        "x-ms-request-id": [
          "c27335cf-6bd7-4538-aaa9-6e61412699f4"
        ],
        "x-ms-correlation-request-id": [
          "c27335cf-6bd7-4538-aaa9-6e61412699f4"
        ],
        "x-ms-routing-request-id": [
          "WESTUS2:20161203T001156Z:c27335cf-6bd7-4538-aaa9-6e61412699f4"
        ],
        "Strict-Transport-Security": [
          "max-age=31536000; includeSubDomains"
        ],
        "Cache-Control": [
          "no-cache"
        ],
        "Date": [
          "Sat, 03 Dec 2016 00:11:56 GMT"
        ]
      },
      "StatusCode": 404
    },
    {
      "RequestUri": "/subscriptions/53d9063d-87ae-4ea8-be90-3686c3b8669f/resourceGroups/onesdk398/providers/Microsoft.DataLakeAnalytics/accounts/onesdk5215?api-version=2016-11-01",
      "EncodedRequestUri": "L3N1YnNjcmlwdGlvbnMvNTNkOTA2M2QtODdhZS00ZWE4LWJlOTAtMzY4NmMzYjg2NjlmL3Jlc291cmNlR3JvdXBzL29uZXNkazM5OC9wcm92aWRlcnMvTWljcm9zb2Z0LkRhdGFMYWtlQW5hbHl0aWNzL2FjY291bnRzL29uZXNkazUyMTU/YXBpLXZlcnNpb249MjAxNi0xMS0wMQ==",
      "RequestMethod": "GET",
      "RequestBody": "",
      "RequestHeaders": {
        "x-ms-client-request-id": [
          "e7d7e211-1505-48df-9641-87602c40d976"
        ],
        "accept-language": [
          "en-US"
        ],
        "User-Agent": [
          "Microsoft.Azure.Management.DataLake.Analytics.DataLakeAnalyticsAccountManagementClient/1.0.1-preview"
        ]
      },
      "ResponseBody": "{\r\n  \"error\": {\r\n    \"code\": \"ResourceNotFound\",\r\n    \"message\": \"The Resource 'Microsoft.DataLakeAnalytics/accounts/onesdk5215' under resource group 'onesdk398' was not found.\"\r\n  }\r\n}",
      "ResponseHeaders": {
        "Content-Length": [
          "160"
        ],
        "Content-Type": [
          "application/json; charset=utf-8"
        ],
        "Expires": [
          "-1"
        ],
        "Pragma": [
          "no-cache"
        ],
        "x-ms-failure-cause": [
          "gateway"
        ],
        "x-ms-request-id": [
          "c7ddc77d-07d7-40ae-bf47-f54103b2b62c"
        ],
        "x-ms-correlation-request-id": [
          "c7ddc77d-07d7-40ae-bf47-f54103b2b62c"
        ],
        "x-ms-routing-request-id": [
          "WESTUS2:20161203T001156Z:c7ddc77d-07d7-40ae-bf47-f54103b2b62c"
        ],
        "Strict-Transport-Security": [
          "max-age=31536000; includeSubDomains"
        ],
        "Cache-Control": [
          "no-cache"
        ],
        "Date": [
          "Sat, 03 Dec 2016 00:11:56 GMT"
        ]
      },
      "StatusCode": 404
    },
    {
      "RequestUri": "/subscriptions/53d9063d-87ae-4ea8-be90-3686c3b8669f/resourceGroups/onesdk398/providers/Microsoft.DataLakeAnalytics/accounts/onesdk5215?api-version=2016-11-01",
      "EncodedRequestUri": "L3N1YnNjcmlwdGlvbnMvNTNkOTA2M2QtODdhZS00ZWE4LWJlOTAtMzY4NmMzYjg2NjlmL3Jlc291cmNlR3JvdXBzL29uZXNkazM5OC9wcm92aWRlcnMvTWljcm9zb2Z0LkRhdGFMYWtlQW5hbHl0aWNzL2FjY291bnRzL29uZXNkazUyMTU/YXBpLXZlcnNpb249MjAxNi0xMS0wMQ==",
      "RequestMethod": "PUT",
      "RequestBody": "{\r\n  \"properties\": {\r\n    \"defaultDataLakeStoreAccount\": \"onesdk4091\",\r\n    \"dataLakeStoreAccounts\": [\r\n      {\r\n        \"name\": \"onesdk4091\"\r\n      }\r\n    ]\r\n  },\r\n  \"location\": \"East US 2\",\r\n  \"tags\": {}\r\n}",
      "RequestHeaders": {
        "Content-Type": [
          "application/json; charset=utf-8"
        ],
        "Content-Length": [
          "208"
        ],
        "x-ms-client-request-id": [
          "442780ea-f80e-4b1d-8f93-ec0e3a64ea52"
        ],
        "accept-language": [
          "en-US"
        ],
        "User-Agent": [
          "Microsoft.Azure.Management.DataLake.Analytics.DataLakeAnalyticsAccountManagementClient/1.0.1-preview"
        ]
      },
      "ResponseBody": "{\r\n  \"properties\": {\r\n    \"defaultDataLakeStoreAccount\": \"onesdk4091\",\r\n    \"dataLakeStoreAccounts\": [\r\n      {\r\n        \"properties\": {\r\n          \"suffix\": \"azuredatalakestore.net\"\r\n        },\r\n        \"name\": \"onesdk4091\"\r\n      }\r\n    ],\r\n    \"provisioningState\": \"Creating\",\r\n    \"state\": null,\r\n    \"endpoint\": null,\r\n    \"accountId\": \"3401eced-1330-432a-a5b1-2f0935ae0b19\",\r\n    \"creationTime\": null,\r\n    \"lastModifiedTime\": null\r\n  },\r\n  \"location\": \"East US 2\",\r\n  \"tags\": {},\r\n  \"id\": \"/subscriptions/53d9063d-87ae-4ea8-be90-3686c3b8669f/resourceGroups/onesdk398/providers/Microsoft.DataLakeAnalytics/accounts/onesdk5215\",\r\n  \"name\": \"onesdk5215\",\r\n  \"type\": \"Microsoft.DataLakeAnalytics/accounts\"\r\n}",
      "ResponseHeaders": {
        "Content-Length": [
          "552"
        ],
        "Content-Type": [
          "application/json"
        ],
        "Expires": [
          "-1"
        ],
        "Pragma": [
          "no-cache"
        ],
        "Retry-After": [
          "10"
        ],
        "Azure-AsyncOperation": [
          "https://management.azure.com/subscriptions/53d9063d-87ae-4ea8-be90-3686c3b8669f/providers/Microsoft.DataLakeAnalytics/locations/EastUS2/operationResults/3401eced-1330-432a-a5b1-2f0935ae0b190?api-version=2016-11-01&expanded=true"
        ],
        "x-ms-request-id": [
          "641009d9-24f8-497c-91ba-696118d6d0d2"
        ],
        "X-Content-Type-Options": [
          "nosniff"
        ],
        "x-ms-ratelimit-remaining-subscription-writes": [
          "1197"
        ],
        "x-ms-correlation-request-id": [
          "43fc06c6-8270-42b2-85a4-a684c3df3c24"
        ],
        "x-ms-routing-request-id": [
          "WESTUS2:20161203T000817Z:43fc06c6-8270-42b2-85a4-a684c3df3c24"
        ],
        "Strict-Transport-Security": [
          "max-age=31536000; includeSubDomains"
        ],
        "Connection": [
          "close"
        ],
        "Cache-Control": [
          "no-cache"
        ],
        "Date": [
          "Sat, 03 Dec 2016 00:08:16 GMT"
        ],
        "Location": [
          "https://management.azure.com/subscriptions/53d9063d-87ae-4ea8-be90-3686c3b8669f/resourcegroups/onesdk398/providers/Microsoft.DataLakeAnalytics/accounts/onesdk5215/operationresults/0?api-version=2016-11-01"
        ],
        "Server": [
          "Microsoft-IIS/8.5"
        ],
        "X-AspNet-Version": [
          "4.0.30319"
        ],
        "X-Powered-By": [
          "ASP.NET"
        ]
      },
      "StatusCode": 201
    },
    {
      "RequestUri": "/subscriptions/53d9063d-87ae-4ea8-be90-3686c3b8669f/providers/Microsoft.DataLakeAnalytics/locations/EastUS2/operationResults/3401eced-1330-432a-a5b1-2f0935ae0b190?api-version=2016-11-01&expanded=true",
      "EncodedRequestUri": "L3N1YnNjcmlwdGlvbnMvNTNkOTA2M2QtODdhZS00ZWE4LWJlOTAtMzY4NmMzYjg2NjlmL3Byb3ZpZGVycy9NaWNyb3NvZnQuRGF0YUxha2VBbmFseXRpY3MvbG9jYXRpb25zL0Vhc3RVUzIvb3BlcmF0aW9uUmVzdWx0cy8zNDAxZWNlZC0xMzMwLTQzMmEtYTViMS0yZjA5MzVhZTBiMTkwP2FwaS12ZXJzaW9uPTIwMTYtMTEtMDEmZXhwYW5kZWQ9dHJ1ZQ==",
      "RequestMethod": "GET",
      "RequestBody": "",
      "RequestHeaders": {
        "User-Agent": [
          "Microsoft.Azure.Management.DataLake.Analytics.DataLakeAnalyticsAccountManagementClient/1.0.1-preview"
        ]
      },
      "ResponseBody": "{\r\n  \"status\": \"Succeeded\"\r\n}",
      "ResponseHeaders": {
        "Content-Length": [
          "22"
        ],
        "Content-Type": [
          "application/json"
        ],
        "Expires": [
          "-1"
        ],
        "Pragma": [
          "no-cache"
        ],
        "x-ms-request-id": [
          "15d1fcce-0205-46ee-b042-356da8c3857b"
        ],
        "X-Content-Type-Options": [
          "nosniff"
        ],
        "x-ms-ratelimit-remaining-subscription-reads": [
          "14997"
        ],
        "x-ms-correlation-request-id": [
          "9d41faa3-c9bd-4330-abcc-9888c0fa3aba"
        ],
        "x-ms-routing-request-id": [
          "WESTUS2:20161203T000847Z:9d41faa3-c9bd-4330-abcc-9888c0fa3aba"
        ],
        "Strict-Transport-Security": [
          "max-age=31536000; includeSubDomains"
        ],
        "Connection": [
          "close"
        ],
        "Cache-Control": [
          "no-cache"
        ],
        "Date": [
          "Sat, 03 Dec 2016 00:08:47 GMT"
        ],
        "Server": [
          "Microsoft-IIS/8.5"
        ],
        "X-AspNet-Version": [
          "4.0.30319"
        ],
        "X-Powered-By": [
          "ASP.NET"
        ]
      },
      "StatusCode": 200
    },
    {
      "RequestUri": "/Jobs/1a86e0df-91e2-41a3-bfda-798035fa7bb1?api-version=2016-11-01",
      "EncodedRequestUri": "L0pvYnMvMWE4NmUwZGYtOTFlMi00MWEzLWJmZGEtNzk4MDM1ZmE3YmIxP2FwaS12ZXJzaW9uPTIwMTYtMTEtMDE=",
      "RequestMethod": "PUT",
      "RequestBody": "{\r\n  \"name\": \"TestJob\",\r\n  \"type\": \"USql\",\r\n  \"degreeOfParallelism\": 1,\r\n  \"priority\": 1000,\r\n  \"properties\": {\r\n    \"type\": \"USql\",\r\n    \"script\": \"DROP DATABASE IF EXISTS foo; CREATE DATABASE foo;\"\r\n  }\r\n}",
      "RequestHeaders": {
        "Content-Type": [
          "application/json; charset=utf-8"
        ],
        "Content-Length": [
          "207"
        ],
        "x-ms-client-request-id": [
          "253b912b-54ca-4ab1-9280-273cb44ccceb"
        ],
        "accept-language": [
          "en-US"
        ],
        "User-Agent": [
          "Microsoft.Azure.Management.DataLake.Analytics.DataLakeAnalyticsJobManagementClient/1.0.1-preview"
        ]
      },
      "ResponseBody": "{\r\n  \"jobId\": \"1a86e0df-91e2-41a3-bfda-798035fa7bb1\",\r\n  \"name\": \"TestJob\",\r\n  \"type\": \"USql\",\r\n  \"submitter\": \"adlsvc01@benwgoldoutlook.onmicrosoft.com\",\r\n  \"degreeOfParallelism\": 1,\r\n  \"priority\": 1000,\r\n  \"submitTime\": \"2016-12-02T16:11:20.2886933-08:00\",\r\n  \"state\": \"Compiling\",\r\n  \"result\": \"Succeeded\",\r\n  \"stateAuditRecords\": [\r\n    {\r\n      \"newState\": \"New\",\r\n      \"timeStamp\": \"2016-12-02T16:11:20.2896962-08:00\",\r\n      \"details\": \"userName:;submitMachine:N/A\"\r\n    }\r\n  ],\r\n  \"properties\": {\r\n    \"owner\": \"adlsvc01@benwgoldoutlook.onmicrosoft.com\",\r\n    \"resources\": [],\r\n    \"runtimeVersion\": \"default\",\r\n    \"rootProcessNodeId\": \"00000000-0000-0000-0000-000000000000\",\r\n    \"algebraFilePath\": \"adl://onesdk4091.azuredatalakestore.net/system/jobservice/jobs/Usql/2016/12/03/00/11/1a86e0df-91e2-41a3-bfda-798035fa7bb1/algebra.xml\",\r\n    \"compileMode\": \"Semantic\",\r\n    \"errorSource\": \"Unknown\",\r\n    \"totalCompilationTime\": \"PT0S\",\r\n    \"totalPausedTime\": \"PT0S\",\r\n    \"totalQueuedTime\": \"PT0S\",\r\n    \"totalRunningTime\": \"PT0S\",\r\n    \"type\": \"USql\"\r\n  }\r\n}",
      "ResponseHeaders": {
        "Content-Type": [
          "application/json; charset=utf-8"
        ],
        "Expires": [
          "-1"
        ],
        "Transfer-Encoding": [
          "chunked"
        ],
        "x-ms-request-id": [
          "253711c5-0b98-4414-b1c8-18f349be2f11"
        ],
        "X-Content-Type-Options": [
          "nosniff"
        ],
        "Strict-Transport-Security": [
          "max-age=15724800; includeSubDomains"
        ],
        "Cache-Control": [
          "no-store, no-cache, max-age=0, private"
        ],
        "Date": [
          "Sat, 03 Dec 2016 00:11:20 GMT"
        ]
      },
      "StatusCode": 200
    },
    {
      "RequestUri": "/Jobs/1a86e0df-91e2-41a3-bfda-798035fa7bb1/CancelJob?api-version=2016-11-01",
      "EncodedRequestUri": "L0pvYnMvMWE4NmUwZGYtOTFlMi00MWEzLWJmZGEtNzk4MDM1ZmE3YmIxL0NhbmNlbEpvYj9hcGktdmVyc2lvbj0yMDE2LTExLTAx",
      "RequestMethod": "POST",
      "RequestBody": "",
      "RequestHeaders": {
        "x-ms-client-request-id": [
          "0eb9721e-05a6-4c52-87ca-83db17e00019"
        ],
        "accept-language": [
          "en-US"
        ],
        "User-Agent": [
          "Microsoft.Azure.Management.DataLake.Analytics.DataLakeAnalyticsJobManagementClient/1.0.1-preview"
        ]
      },
      "ResponseBody": "",
      "ResponseHeaders": {
        "Expires": [
          "-1"
        ],
        "Transfer-Encoding": [
          "chunked"
        ],
        "x-ms-request-id": [
          "a454f981-78b5-4115-b7e9-00268aac7393"
        ],
        "X-Content-Type-Options": [
          "nosniff"
        ],
        "Strict-Transport-Security": [
          "max-age=15724800; includeSubDomains"
        ],
        "Cache-Control": [
          "no-store, no-cache, max-age=0, private"
        ],
        "Date": [
          "Sat, 03 Dec 2016 00:11:21 GMT"
        ]
      },
      "StatusCode": 200
    },
    {
      "RequestUri": "/Jobs/1a86e0df-91e2-41a3-bfda-798035fa7bb1?api-version=2016-11-01",
      "EncodedRequestUri": "L0pvYnMvMWE4NmUwZGYtOTFlMi00MWEzLWJmZGEtNzk4MDM1ZmE3YmIxP2FwaS12ZXJzaW9uPTIwMTYtMTEtMDE=",
      "RequestMethod": "GET",
      "RequestBody": "",
      "RequestHeaders": {
        "x-ms-client-request-id": [
          "19cc52c6-f939-4259-92c6-7c6b592f2700"
        ],
        "accept-language": [
          "en-US"
        ],
        "User-Agent": [
          "Microsoft.Azure.Management.DataLake.Analytics.DataLakeAnalyticsJobManagementClient/1.0.1-preview"
        ]
      },
      "ResponseBody": "{\r\n  \"jobId\": \"1a86e0df-91e2-41a3-bfda-798035fa7bb1\",\r\n  \"name\": \"TestJob\",\r\n  \"type\": \"USql\",\r\n  \"submitter\": \"adlsvc01@benwgoldoutlook.onmicrosoft.com\",\r\n  \"degreeOfParallelism\": 1,\r\n  \"priority\": 1000,\r\n  \"submitTime\": \"2016-12-02T16:11:20.2886933-08:00\",\r\n  \"endTime\": \"2016-12-02T16:11:21.0602424-08:00\",\r\n  \"state\": \"Ended\",\r\n  \"result\": \"Cancelled\",\r\n  \"errorMessage\": [\r\n    {\r\n      \"errorId\": \"I_USER_CJS_CANCELEDBYUSER\",\r\n      \"name\": \"CANCELED_BY_USER\",\r\n      \"severity\": \"Info\",\r\n      \"source\": \"User\",\r\n      \"component\": \"CJS\",\r\n      \"message\": \"Job was cancelled.\",\r\n      \"details\": \"\",\r\n      \"description\": \"Job was cancelled by adlsvc01@benwgoldoutlook.onmicrosoft.com.\",\r\n      \"resolution\": \"\",\r\n      \"helpLink\": \"\",\r\n      \"innerError\": null\r\n    }\r\n  ],\r\n  \"stateAuditRecords\": [\r\n    {\r\n      \"newState\": \"New\",\r\n      \"timeStamp\": \"2016-12-02T16:11:20.2896962-08:00\",\r\n      \"details\": \"userName:;submitMachine:N/A\"\r\n    },\r\n    {\r\n      \"newState\": \"Compiling\",\r\n      \"timeStamp\": \"2016-12-02T16:11:20.8490922-08:00\",\r\n      \"details\": \"CcsAttempts:1;Status:Dispatched\"\r\n    },\r\n    {\r\n      \"newState\": \"Ended\",\r\n      \"timeStamp\": \"2016-12-02T16:11:21.0602424-08:00\",\r\n      \"details\": \"result:CanceledByUser\"\r\n    }\r\n  ],\r\n  \"properties\": {\r\n    \"owner\": \"adlsvc01@benwgoldoutlook.onmicrosoft.com\",\r\n    \"resources\": [\r\n      {\r\n        \"name\": \"Profile\",\r\n        \"resourcePath\": \"adl://onesdk4091.azuredatalakestore.net/system/jobservice/jobs/Usql/2016/12/03/00/11/1a86e0df-91e2-41a3-bfda-798035fa7bb1/profile\",\r\n        \"type\": \"StatisticsResource\"\r\n      },\r\n      {\r\n        \"name\": \"__ScopeRuntimeStatistics__.xml\",\r\n        \"resourcePath\": \"adl://onesdk4091.azuredatalakestore.net/system/jobservice/jobs/Usql/2016/12/03/00/11/1a86e0df-91e2-41a3-bfda-798035fa7bb1/__ScopeRuntimeStatistics__.xml\",\r\n        \"type\": \"StatisticsResource\"\r\n      }\r\n    ],\r\n    \"runtimeVersion\": \"default\",\r\n    \"rootProcessNodeId\": \"00000000-0000-0000-0000-000000000000\",\r\n    \"script\": \"DROP DATABASE IF EXISTS foo; CREATE DATABASE foo;\",\r\n    \"algebraFilePath\": \"adl://onesdk4091.azuredatalakestore.net/system/jobservice/jobs/Usql/2016/12/03/00/11/1a86e0df-91e2-41a3-bfda-798035fa7bb1/algebra.xml\",\r\n    \"compileMode\": \"Semantic\",\r\n    \"errorSource\": \"UserError\",\r\n    \"totalCompilationTime\": \"PT0.2111502S\",\r\n    \"totalPausedTime\": \"PT0S\",\r\n    \"totalQueuedTime\": \"PT0S\",\r\n    \"totalRunningTime\": \"PT0S\",\r\n    \"type\": \"USql\"\r\n  }\r\n}",
      "ResponseHeaders": {
        "Content-Type": [
          "application/json; charset=utf-8"
        ],
        "Expires": [
          "-1"
        ],
        "Transfer-Encoding": [
          "chunked"
        ],
        "x-ms-request-id": [
          "70b511d2-6d70-44c5-85fd-05aa466443c6"
        ],
        "X-Content-Type-Options": [
          "nosniff"
        ],
        "Strict-Transport-Security": [
          "max-age=15724800; includeSubDomains"
        ],
        "Cache-Control": [
          "no-store, no-cache, max-age=0, private"
        ],
        "Date": [
          "Sat, 03 Dec 2016 00:11:21 GMT"
        ]
      },
      "StatusCode": 200
    },
    {
      "RequestUri": "/Jobs?$filter=submitTime%20ge%20datetimeoffset'2016-12-03T00:03:18.4161333%2B00:00'&api-version=2016-11-01",
      "EncodedRequestUri": "L0pvYnM/JGZpbHRlcj1zdWJtaXRUaW1lJTIwZ2UlMjBkYXRldGltZW9mZnNldCcyMDE2LTEyLTAzVDAwJTNBMDMlM0ExOC40MTYxMzMzJTJCMDAlM0EwMCcmYXBpLXZlcnNpb249MjAxNi0xMS0wMQ==",
      "RequestMethod": "GET",
      "RequestBody": "",
      "RequestHeaders": {
        "x-ms-client-request-id": [
          "0f4400bc-35e0-493f-bc04-49d20e2846e0"
        ],
        "accept-language": [
          "en-US"
        ],
        "User-Agent": [
          "Microsoft.Azure.Management.DataLake.Analytics.DataLakeAnalyticsJobManagementClient/1.0.1-preview"
        ]
      },
      "ResponseBody": "{\r\n  \"value\": [\r\n    {\r\n      \"jobId\": \"1a86e0df-91e2-41a3-bfda-798035fa7bb1\",\r\n      \"name\": \"TestJob\",\r\n      \"type\": \"USql\",\r\n      \"submitter\": \"adlsvc01@benwgoldoutlook.onmicrosoft.com\",\r\n      \"degreeOfParallelism\": 1,\r\n      \"priority\": 1000,\r\n      \"submitTime\": \"2016-12-02T16:11:20.2886933-08:00\",\r\n      \"endTime\": \"2016-12-02T16:11:21.0602424-08:00\",\r\n      \"state\": \"Ended\",\r\n      \"result\": \"Cancelled\"\r\n    }\r\n  ]\r\n}",
      "ResponseHeaders": {
        "Content-Type": [
          "application/json; charset=utf-8"
        ],
        "Expires": [
          "-1"
        ],
        "Transfer-Encoding": [
          "chunked"
        ],
        "x-ms-request-id": [
          "57c7d087-ff59-4516-80ec-b9626a7e79ac"
        ],
        "X-Content-Type-Options": [
          "nosniff"
        ],
        "Strict-Transport-Security": [
          "max-age=15724800; includeSubDomains"
        ],
        "Cache-Control": [
          "no-store, no-cache, max-age=0, private"
        ],
        "Date": [
          "Sat, 03 Dec 2016 00:11:21 GMT"
        ]
      },
      "StatusCode": 200
    },
    {
      "RequestUri": "/Jobs?$filter=submitTime%20lt%20datetimeoffset'2016-12-03T00:13:18.4161333%2B00:00'&api-version=2016-11-01",
      "EncodedRequestUri": "L0pvYnM/JGZpbHRlcj1zdWJtaXRUaW1lJTIwbHQlMjBkYXRldGltZW9mZnNldCcyMDE2LTEyLTAzVDAwJTNBMTMlM0ExOC40MTYxMzMzJTJCMDAlM0EwMCcmYXBpLXZlcnNpb249MjAxNi0xMS0wMQ==",
      "RequestMethod": "GET",
      "RequestBody": "",
      "RequestHeaders": {
        "x-ms-client-request-id": [
          "38b5836c-4f8f-4683-a88a-751b884e7035"
        ],
        "accept-language": [
          "en-US"
        ],
        "User-Agent": [
          "Microsoft.Azure.Management.DataLake.Analytics.DataLakeAnalyticsJobManagementClient/1.0.1-preview"
        ]
      },
      "ResponseBody": "{\r\n  \"value\": [\r\n    {\r\n      \"jobId\": \"1a86e0df-91e2-41a3-bfda-798035fa7bb1\",\r\n      \"name\": \"TestJob\",\r\n      \"type\": \"USql\",\r\n      \"submitter\": \"adlsvc01@benwgoldoutlook.onmicrosoft.com\",\r\n      \"degreeOfParallelism\": 1,\r\n      \"priority\": 1000,\r\n      \"submitTime\": \"2016-12-02T16:11:20.2886933-08:00\",\r\n      \"endTime\": \"2016-12-02T16:11:21.0602424-08:00\",\r\n      \"state\": \"Ended\",\r\n      \"result\": \"Cancelled\"\r\n    }\r\n  ]\r\n}",
      "ResponseHeaders": {
        "Content-Type": [
          "application/json; charset=utf-8"
        ],
        "Expires": [
          "-1"
        ],
        "Transfer-Encoding": [
          "chunked"
        ],
        "x-ms-request-id": [
          "692e5db4-8db6-4ab8-afbf-e4b12514e147"
        ],
        "X-Content-Type-Options": [
          "nosniff"
        ],
        "Strict-Transport-Security": [
          "max-age=15724800; includeSubDomains"
        ],
        "Cache-Control": [
          "no-store, no-cache, max-age=0, private"
        ],
        "Date": [
          "Sat, 03 Dec 2016 00:11:21 GMT"
        ]
      },
      "StatusCode": 200
    },
    {
      "RequestUri": "/subscriptions/53d9063d-87ae-4ea8-be90-3686c3b8669f/resourceGroups/onesdk398/providers/Microsoft.DataLakeAnalytics/accounts/onesdk5215?api-version=2016-11-01",
      "EncodedRequestUri": "L3N1YnNjcmlwdGlvbnMvNTNkOTA2M2QtODdhZS00ZWE4LWJlOTAtMzY4NmMzYjg2NjlmL3Jlc291cmNlR3JvdXBzL29uZXNkazM5OC9wcm92aWRlcnMvTWljcm9zb2Z0LkRhdGFMYWtlQW5hbHl0aWNzL2FjY291bnRzL29uZXNkazUyMTU/YXBpLXZlcnNpb249MjAxNi0xMS0wMQ==",
      "RequestMethod": "DELETE",
      "RequestBody": "",
      "RequestHeaders": {
        "x-ms-client-request-id": [
          "4ce4725a-89cb-47b3-9ff9-d74f69f74e1a"
        ],
        "accept-language": [
          "en-US"
        ],
        "User-Agent": [
          "Microsoft.Azure.Management.DataLake.Analytics.DataLakeAnalyticsAccountManagementClient/1.0.1-preview"
        ]
      },
      "ResponseBody": "",
      "ResponseHeaders": {
        "Content-Length": [
          "0"
        ],
        "Expires": [
          "-1"
        ],
        "Pragma": [
          "no-cache"
        ],
        "Retry-After": [
          "10"
        ],
        "Azure-AsyncOperation": [
          "https://management.azure.com/subscriptions/53d9063d-87ae-4ea8-be90-3686c3b8669f/providers/Microsoft.DataLakeAnalytics/locations/EastUS2/operationResults/3401eced-1330-432a-a5b1-2f0935ae0b191?api-version=2016-11-01&expanded=true"
        ],
        "x-ms-request-id": [
          "52a49a41-85af-4856-90aa-76aea864a9d6"
        ],
        "x-ms-ratelimit-remaining-subscription-writes": [
          "1197"
        ],
        "x-ms-correlation-request-id": [
          "00e71d52-511f-4943-92ac-fa8912393487"
        ],
        "x-ms-routing-request-id": [
          "WESTUS2:20161203T001125Z:00e71d52-511f-4943-92ac-fa8912393487"
        ],
        "Strict-Transport-Security": [
          "max-age=31536000; includeSubDomains"
        ],
        "Connection": [
          "close"
        ],
        "Cache-Control": [
          "no-cache"
        ],
        "Date": [
          "Sat, 03 Dec 2016 00:11:24 GMT"
        ],
        "Location": [
          "https://management.azure.com/subscriptions/53d9063d-87ae-4ea8-be90-3686c3b8669f/resourcegroups/onesdk398/providers/Microsoft.DataLakeAnalytics/accounts/onesdk5215/operationresults/1?api-version=2016-11-01"
        ],
        "Server": [
          "Microsoft-IIS/8.5"
        ],
        "X-AspNet-Version": [
          "4.0.30319"
        ],
        "X-Powered-By": [
          "ASP.NET"
        ]
      },
      "StatusCode": 202
    },
    {
      "RequestUri": "/subscriptions/53d9063d-87ae-4ea8-be90-3686c3b8669f/providers/Microsoft.DataLakeAnalytics/locations/EastUS2/operationResults/3401eced-1330-432a-a5b1-2f0935ae0b191?api-version=2016-11-01&expanded=true",
      "EncodedRequestUri": "L3N1YnNjcmlwdGlvbnMvNTNkOTA2M2QtODdhZS00ZWE4LWJlOTAtMzY4NmMzYjg2NjlmL3Byb3ZpZGVycy9NaWNyb3NvZnQuRGF0YUxha2VBbmFseXRpY3MvbG9jYXRpb25zL0Vhc3RVUzIvb3BlcmF0aW9uUmVzdWx0cy8zNDAxZWNlZC0xMzMwLTQzMmEtYTViMS0yZjA5MzVhZTBiMTkxP2FwaS12ZXJzaW9uPTIwMTYtMTEtMDEmZXhwYW5kZWQ9dHJ1ZQ==",
      "RequestMethod": "GET",
      "RequestBody": "",
      "RequestHeaders": {
        "User-Agent": [
          "Microsoft.Azure.Management.DataLake.Analytics.DataLakeAnalyticsAccountManagementClient/1.0.1-preview"
        ]
      },
      "ResponseBody": "{\r\n  \"status\": \"Succeeded\"\r\n}",
      "ResponseHeaders": {
        "Content-Length": [
          "22"
        ],
        "Content-Type": [
          "application/json"
        ],
        "Expires": [
          "-1"
        ],
        "Pragma": [
          "no-cache"
        ],
        "x-ms-request-id": [
          "a0f3b182-e6b6-4d7f-9aa2-a920cb1c9b44"
        ],
        "X-Content-Type-Options": [
          "nosniff"
        ],
        "x-ms-ratelimit-remaining-subscription-reads": [
          "14997"
        ],
        "x-ms-correlation-request-id": [
          "d242bd37-5820-4f74-a55b-63b0ae4a16a2"
        ],
        "x-ms-routing-request-id": [
          "WESTUS2:20161203T001156Z:d242bd37-5820-4f74-a55b-63b0ae4a16a2"
        ],
        "Strict-Transport-Security": [
          "max-age=31536000; includeSubDomains"
        ],
        "Connection": [
          "close"
        ],
        "Cache-Control": [
          "no-cache"
        ],
        "Date": [
          "Sat, 03 Dec 2016 00:11:55 GMT"
        ],
        "Server": [
          "Microsoft-IIS/8.5"
        ],
        "X-AspNet-Version": [
          "4.0.30319"
        ],
        "X-Powered-By": [
          "ASP.NET"
        ]
      },
      "StatusCode": 200
    },
    {
      "RequestUri": "/subscriptions/53d9063d-87ae-4ea8-be90-3686c3b8669f/resourceGroups/onesdk398/providers/Microsoft.DataLakeStore/accounts/onesdk4091?api-version=2016-11-01",
      "EncodedRequestUri": "L3N1YnNjcmlwdGlvbnMvNTNkOTA2M2QtODdhZS00ZWE4LWJlOTAtMzY4NmMzYjg2NjlmL3Jlc291cmNlR3JvdXBzL29uZXNkazM5OC9wcm92aWRlcnMvTWljcm9zb2Z0LkRhdGFMYWtlU3RvcmUvYWNjb3VudHMvb25lc2RrNDA5MT9hcGktdmVyc2lvbj0yMDE2LTExLTAx",
      "RequestMethod": "DELETE",
      "RequestBody": "",
      "RequestHeaders": {
        "x-ms-client-request-id": [
          "d45e3eeb-935e-4b24-8acb-b58a4f9b8051"
        ],
        "accept-language": [
          "en-US"
        ],
        "User-Agent": [
          "Microsoft.Azure.Management.DataLake.Store.DataLakeStoreAccountManagementClient/1.0.2-preview"
        ]
      },
      "ResponseBody": "",
      "ResponseHeaders": {
        "Content-Length": [
          "0"
        ],
        "Expires": [
          "-1"
        ],
        "Pragma": [
          "no-cache"
        ],
        "Retry-After": [
          "10"
        ],
        "Azure-AsyncOperation": [
          "https://management.azure.com/subscriptions/53d9063d-87ae-4ea8-be90-3686c3b8669f/providers/Microsoft.DataLakeStore/locations/EastUS2/operationResults/46e5ace4-bfdb-47f8-8f86-ae73279636761?api-version=2016-11-01&expanded=true"
        ],
        "x-ms-request-id": [
          "d17cca5c-e206-4aab-b013-77398998e4d1"
        ],
        "x-ms-ratelimit-remaining-subscription-writes": [
          "1197"
        ],
        "x-ms-correlation-request-id": [
          "ddfd43bb-4188-483e-95a9-ea3ca9a9b174"
        ],
        "x-ms-routing-request-id": [
          "WESTUS2:20161203T001200Z:ddfd43bb-4188-483e-95a9-ea3ca9a9b174"
        ],
        "Strict-Transport-Security": [
          "max-age=31536000; includeSubDomains"
        ],
        "Connection": [
          "close"
        ],
        "Cache-Control": [
          "no-cache"
        ],
        "Date": [
          "Sat, 03 Dec 2016 00:11:59 GMT"
        ],
        "Location": [
          "https://management.azure.com/subscriptions/53d9063d-87ae-4ea8-be90-3686c3b8669f/resourcegroups/onesdk398/providers/Microsoft.DataLakeStore/accounts/onesdk4091/operationresults/1?api-version=2016-11-01"
        ],
        "Server": [
          "Microsoft-IIS/8.5"
        ],
        "X-AspNet-Version": [
          "4.0.30319"
        ],
        "X-Powered-By": [
          "ASP.NET"
        ]
      },
      "StatusCode": 202
    },
    {
      "RequestUri": "/subscriptions/53d9063d-87ae-4ea8-be90-3686c3b8669f/providers/Microsoft.DataLakeStore/locations/EastUS2/operationResults/46e5ace4-bfdb-47f8-8f86-ae73279636761?api-version=2016-11-01&expanded=true",
      "EncodedRequestUri": "L3N1YnNjcmlwdGlvbnMvNTNkOTA2M2QtODdhZS00ZWE4LWJlOTAtMzY4NmMzYjg2NjlmL3Byb3ZpZGVycy9NaWNyb3NvZnQuRGF0YUxha2VTdG9yZS9sb2NhdGlvbnMvRWFzdFVTMi9vcGVyYXRpb25SZXN1bHRzLzQ2ZTVhY2U0LWJmZGItNDdmOC04Zjg2LWFlNzMyNzk2MzY3NjE/YXBpLXZlcnNpb249MjAxNi0xMS0wMSZleHBhbmRlZD10cnVl",
      "RequestMethod": "GET",
      "RequestBody": "",
      "RequestHeaders": {
        "User-Agent": [
          "Microsoft.Azure.Management.DataLake.Store.DataLakeStoreAccountManagementClient/1.0.2-preview"
        ]
      },
      "ResponseBody": "{\r\n  \"status\": \"Succeeded\"\r\n}",
      "ResponseHeaders": {
        "Content-Length": [
          "22"
        ],
        "Content-Type": [
          "application/json"
        ],
        "Expires": [
          "-1"
        ],
        "Pragma": [
          "no-cache"
        ],
        "x-ms-request-id": [
          "e469c036-9ce9-4cfa-a290-ae002afd4813"
        ],
        "X-Content-Type-Options": [
          "nosniff"
        ],
        "x-ms-ratelimit-remaining-subscription-reads": [
          "14986"
        ],
        "x-ms-correlation-request-id": [
          "28107749-94bf-41fc-be56-2ec6b97cc068"
        ],
        "x-ms-routing-request-id": [
          "WESTUS2:20161203T001231Z:28107749-94bf-41fc-be56-2ec6b97cc068"
        ],
        "Strict-Transport-Security": [
          "max-age=31536000; includeSubDomains"
        ],
        "Connection": [
          "close"
        ],
        "Cache-Control": [
          "no-cache"
        ],
        "Date": [
          "Sat, 03 Dec 2016 00:12:30 GMT"
        ],
        "Server": [
          "Microsoft-IIS/8.5"
        ],
        "X-AspNet-Version": [
          "4.0.30319"
        ],
        "X-Powered-By": [
          "ASP.NET"
        ]
      },
      "StatusCode": 200
    },
    {
      "RequestUri": "/subscriptions/53d9063d-87ae-4ea8-be90-3686c3b8669f/resourcegroups/onesdk398?api-version=2016-02-01",
      "EncodedRequestUri": "L3N1YnNjcmlwdGlvbnMvNTNkOTA2M2QtODdhZS00ZWE4LWJlOTAtMzY4NmMzYjg2NjlmL3Jlc291cmNlZ3JvdXBzL29uZXNkazM5OD9hcGktdmVyc2lvbj0yMDE2LTAyLTAx",
      "RequestMethod": "DELETE",
      "RequestBody": "",
      "RequestHeaders": {
        "User-Agent": [
          "Microsoft.Azure.Management.Resources.ResourceManagementClient/2.0.0.0"
        ]
      },
      "ResponseBody": "",
      "ResponseHeaders": {
        "Content-Length": [
          "0"
        ],
        "Expires": [
          "-1"
        ],
        "Pragma": [
          "no-cache"
        ],
        "Retry-After": [
          "15"
        ],
        "x-ms-ratelimit-remaining-subscription-writes": [
          "1198"
        ],
        "x-ms-request-id": [
          "c4e0efd6-a447-4821-97f8-e2b30f60dc73"
        ],
        "x-ms-correlation-request-id": [
          "c4e0efd6-a447-4821-97f8-e2b30f60dc73"
        ],
        "x-ms-routing-request-id": [
          "WESTUS2:20161203T001232Z:c4e0efd6-a447-4821-97f8-e2b30f60dc73"
        ],
        "Strict-Transport-Security": [
          "max-age=31536000; includeSubDomains"
        ],
        "Cache-Control": [
          "no-cache"
        ],
        "Date": [
          "Sat, 03 Dec 2016 00:12:31 GMT"
        ],
        "Location": [
          "https://management.azure.com/subscriptions/53d9063d-87ae-4ea8-be90-3686c3b8669f/operationresults/eyJqb2JJZCI6IlJFU09VUkNFR1JPVVBERUxFVElPTkpPQi1PTkVTREszOTgtRUFTVFVTMiIsImpvYkxvY2F0aW9uIjoiZWFzdHVzMiJ9?api-version=2016-02-01"
        ]
      },
      "StatusCode": 202
    },
    {
      "RequestUri": "/subscriptions/53d9063d-87ae-4ea8-be90-3686c3b8669f/operationresults/eyJqb2JJZCI6IlJFU09VUkNFR1JPVVBERUxFVElPTkpPQi1PTkVTREszOTgtRUFTVFVTMiIsImpvYkxvY2F0aW9uIjoiZWFzdHVzMiJ9?api-version=2016-02-01",
      "EncodedRequestUri": "L3N1YnNjcmlwdGlvbnMvNTNkOTA2M2QtODdhZS00ZWE4LWJlOTAtMzY4NmMzYjg2NjlmL29wZXJhdGlvbnJlc3VsdHMvZXlKcWIySkpaQ0k2SWxKRlUwOVZVa05GUjFKUFZWQkVSVXhGVkVsUFRrcFBRaTFQVGtWVFJFc3pPVGd0UlVGVFZGVlRNaUlzSW1wdllreHZZMkYwYVc5dUlqb2laV0Z6ZEhWek1pSjk/YXBpLXZlcnNpb249MjAxNi0wMi0wMQ==",
      "RequestMethod": "GET",
      "RequestBody": "",
      "RequestHeaders": {
        "x-ms-version": [
          "2016-02-01"
        ],
        "User-Agent": [
          "Microsoft.Azure.Management.Resources.ResourceManagementClient/2.0.0.0"
        ]
      },
      "ResponseBody": "",
      "ResponseHeaders": {
        "Content-Length": [
          "0"
        ],
        "Expires": [
          "-1"
        ],
        "Pragma": [
          "no-cache"
        ],
        "Retry-After": [
          "15"
        ],
        "x-ms-ratelimit-remaining-subscription-reads": [
          "14996"
        ],
        "x-ms-request-id": [
          "570f9f52-5c68-441b-a939-f266ea443ed0"
        ],
        "x-ms-correlation-request-id": [
          "570f9f52-5c68-441b-a939-f266ea443ed0"
        ],
        "x-ms-routing-request-id": [
          "WESTUS2:20161203T001232Z:570f9f52-5c68-441b-a939-f266ea443ed0"
        ],
        "Strict-Transport-Security": [
          "max-age=31536000; includeSubDomains"
        ],
        "Cache-Control": [
          "no-cache"
        ],
        "Date": [
          "Sat, 03 Dec 2016 00:12:32 GMT"
        ],
        "Location": [
          "https://management.azure.com/subscriptions/53d9063d-87ae-4ea8-be90-3686c3b8669f/operationresults/eyJqb2JJZCI6IlJFU09VUkNFR1JPVVBERUxFVElPTkpPQi1PTkVTREszOTgtRUFTVFVTMiIsImpvYkxvY2F0aW9uIjoiZWFzdHVzMiJ9?api-version=2016-02-01"
        ]
      },
      "StatusCode": 202
    },
    {
      "RequestUri": "/subscriptions/53d9063d-87ae-4ea8-be90-3686c3b8669f/operationresults/eyJqb2JJZCI6IlJFU09VUkNFR1JPVVBERUxFVElPTkpPQi1PTkVTREszOTgtRUFTVFVTMiIsImpvYkxvY2F0aW9uIjoiZWFzdHVzMiJ9?api-version=2016-02-01",
      "EncodedRequestUri": "L3N1YnNjcmlwdGlvbnMvNTNkOTA2M2QtODdhZS00ZWE4LWJlOTAtMzY4NmMzYjg2NjlmL29wZXJhdGlvbnJlc3VsdHMvZXlKcWIySkpaQ0k2SWxKRlUwOVZVa05GUjFKUFZWQkVSVXhGVkVsUFRrcFBRaTFQVGtWVFJFc3pPVGd0UlVGVFZGVlRNaUlzSW1wdllreHZZMkYwYVc5dUlqb2laV0Z6ZEhWek1pSjk/YXBpLXZlcnNpb249MjAxNi0wMi0wMQ==",
      "RequestMethod": "GET",
      "RequestBody": "",
      "RequestHeaders": {
        "x-ms-version": [
          "2016-02-01"
        ],
        "User-Agent": [
          "Microsoft.Azure.Management.Resources.ResourceManagementClient/2.0.0.0"
        ]
      },
      "ResponseBody": "",
      "ResponseHeaders": {
        "Content-Length": [
          "0"
        ],
        "Expires": [
          "-1"
        ],
        "Pragma": [
          "no-cache"
        ],
        "Retry-After": [
          "15"
        ],
        "x-ms-ratelimit-remaining-subscription-reads": [
          "14995"
        ],
        "x-ms-request-id": [
          "a9c2e622-9fca-4c2e-8c14-675002bce2d7"
        ],
        "x-ms-correlation-request-id": [
          "a9c2e622-9fca-4c2e-8c14-675002bce2d7"
        ],
        "x-ms-routing-request-id": [
          "WESTUS2:20161203T001247Z:a9c2e622-9fca-4c2e-8c14-675002bce2d7"
        ],
        "Strict-Transport-Security": [
          "max-age=31536000; includeSubDomains"
        ],
        "Cache-Control": [
          "no-cache"
        ],
        "Date": [
          "Sat, 03 Dec 2016 00:12:47 GMT"
        ],
        "Location": [
          "https://management.azure.com/subscriptions/53d9063d-87ae-4ea8-be90-3686c3b8669f/operationresults/eyJqb2JJZCI6IlJFU09VUkNFR1JPVVBERUxFVElPTkpPQi1PTkVTREszOTgtRUFTVFVTMiIsImpvYkxvY2F0aW9uIjoiZWFzdHVzMiJ9?api-version=2016-02-01"
        ]
      },
      "StatusCode": 202
    },
    {
      "RequestUri": "/subscriptions/53d9063d-87ae-4ea8-be90-3686c3b8669f/operationresults/eyJqb2JJZCI6IlJFU09VUkNFR1JPVVBERUxFVElPTkpPQi1PTkVTREszOTgtRUFTVFVTMiIsImpvYkxvY2F0aW9uIjoiZWFzdHVzMiJ9?api-version=2016-02-01",
      "EncodedRequestUri": "L3N1YnNjcmlwdGlvbnMvNTNkOTA2M2QtODdhZS00ZWE4LWJlOTAtMzY4NmMzYjg2NjlmL29wZXJhdGlvbnJlc3VsdHMvZXlKcWIySkpaQ0k2SWxKRlUwOVZVa05GUjFKUFZWQkVSVXhGVkVsUFRrcFBRaTFQVGtWVFJFc3pPVGd0UlVGVFZGVlRNaUlzSW1wdllreHZZMkYwYVc5dUlqb2laV0Z6ZEhWek1pSjk/YXBpLXZlcnNpb249MjAxNi0wMi0wMQ==",
      "RequestMethod": "GET",
      "RequestBody": "",
      "RequestHeaders": {
        "x-ms-version": [
          "2016-02-01"
        ],
        "User-Agent": [
          "Microsoft.Azure.Management.Resources.ResourceManagementClient/2.0.0.0"
        ]
      },
      "ResponseBody": "",
      "ResponseHeaders": {
        "Content-Length": [
          "0"
        ],
        "Expires": [
          "-1"
        ],
        "Pragma": [
          "no-cache"
        ],
        "Retry-After": [
          "15"
        ],
        "x-ms-ratelimit-remaining-subscription-reads": [
          "14994"
        ],
        "x-ms-request-id": [
          "2769f009-3af0-43dd-a2f4-ba25d165bfe7"
        ],
        "x-ms-correlation-request-id": [
          "2769f009-3af0-43dd-a2f4-ba25d165bfe7"
        ],
        "x-ms-routing-request-id": [
          "WESTUS2:20161203T001302Z:2769f009-3af0-43dd-a2f4-ba25d165bfe7"
        ],
        "Strict-Transport-Security": [
          "max-age=31536000; includeSubDomains"
        ],
        "Cache-Control": [
          "no-cache"
        ],
        "Date": [
          "Sat, 03 Dec 2016 00:13:02 GMT"
        ],
        "Location": [
          "https://management.azure.com/subscriptions/53d9063d-87ae-4ea8-be90-3686c3b8669f/operationresults/eyJqb2JJZCI6IlJFU09VUkNFR1JPVVBERUxFVElPTkpPQi1PTkVTREszOTgtRUFTVFVTMiIsImpvYkxvY2F0aW9uIjoiZWFzdHVzMiJ9?api-version=2016-02-01"
        ]
      },
      "StatusCode": 202
    },
    {
      "RequestUri": "/subscriptions/53d9063d-87ae-4ea8-be90-3686c3b8669f/operationresults/eyJqb2JJZCI6IlJFU09VUkNFR1JPVVBERUxFVElPTkpPQi1PTkVTREszOTgtRUFTVFVTMiIsImpvYkxvY2F0aW9uIjoiZWFzdHVzMiJ9?api-version=2016-02-01",
      "EncodedRequestUri": "L3N1YnNjcmlwdGlvbnMvNTNkOTA2M2QtODdhZS00ZWE4LWJlOTAtMzY4NmMzYjg2NjlmL29wZXJhdGlvbnJlc3VsdHMvZXlKcWIySkpaQ0k2SWxKRlUwOVZVa05GUjFKUFZWQkVSVXhGVkVsUFRrcFBRaTFQVGtWVFJFc3pPVGd0UlVGVFZGVlRNaUlzSW1wdllreHZZMkYwYVc5dUlqb2laV0Z6ZEhWek1pSjk/YXBpLXZlcnNpb249MjAxNi0wMi0wMQ==",
      "RequestMethod": "GET",
      "RequestBody": "",
      "RequestHeaders": {
        "x-ms-version": [
          "2016-02-01"
        ],
        "User-Agent": [
          "Microsoft.Azure.Management.Resources.ResourceManagementClient/2.0.0.0"
        ]
      },
      "ResponseBody": "",
      "ResponseHeaders": {
        "Content-Length": [
          "0"
        ],
        "Expires": [
          "-1"
        ],
        "Pragma": [
          "no-cache"
        ],
        "x-ms-ratelimit-remaining-subscription-reads": [
          "14993"
        ],
        "x-ms-request-id": [
          "52e1d41d-fdf3-487a-9c70-defe7e09cdc5"
        ],
        "x-ms-correlation-request-id": [
          "52e1d41d-fdf3-487a-9c70-defe7e09cdc5"
        ],
        "x-ms-routing-request-id": [
          "WESTUS2:20161203T001318Z:52e1d41d-fdf3-487a-9c70-defe7e09cdc5"
        ],
        "Strict-Transport-Security": [
          "max-age=31536000; includeSubDomains"
        ],
        "Cache-Control": [
          "no-cache"
        ],
        "Date": [
          "Sat, 03 Dec 2016 00:13:17 GMT"
        ]
      },
      "StatusCode": 200
    }
  ],
  "Names": {
    "": [
      "onesdk398",
      "onesdk5215",
      "onesdk4091"
    ],
    "jobTest01": [
      "1a86e0df-91e2-41a3-bfda-798035fa7bb1"
    ]
  },
  "Variables": {
    "SubscriptionId": "53d9063d-87ae-4ea8-be90-3686c3b8669f"
  }
}