{
  "Get-AzCdnCustomDomain+[NoContext]+List+$GET+https://management.azure.com/subscriptions/27cafca8-b9a4-4264-b399-45d0c9cca1ab/resourceGroups/testps-rg-x0l5/providers/Microsoft.Cdn/profiles/p-phldxe/endpoints/ps-2024-0901-domain010/customDomains?api-version=2025-04-15+1": {
    "Request": {
      "Method": "GET",
      "RequestUri": "https://management.azure.com/subscriptions/27cafca8-b9a4-4264-b399-45d0c9cca1ab/resourceGroups/testps-rg-x0l5/providers/Microsoft.Cdn/profiles/p-phldxe/endpoints/ps-2024-0901-domain010/customDomains?api-version=2025-04-15",
      "Content": null,
      "isContentBase64": false,
      "Headers": {
        "x-ms-unique-id": [ "123" ],
        "x-ms-client-request-id": [ "2928a162-658e-48c3-a60e-0488c3803640" ],
        "CommandName": [ "Get-AzCdnCustomDomain" ],
        "FullCommandName": [ "Get-AzCdnCustomDomain_List" ],
        "ParameterSetName": [ "__AllParameterSets" ],
        "User-Agent": [ "AzurePowershell/v13.2.0", "PSVersion/v7.5.3", "Az.Cdn/0.1.0" ],
        "Authorization": [ "[Filtered]" ]
      },
      "ContentHeaders": {
      }
    },
    "Response": {
      "StatusCode": 200,
      "Headers": {
        "Cache-Control": [ "no-cache" ],
        "Pragma": [ "no-cache" ],
        "Strict-Transport-Security": [ "max-age=31536000; includeSubDomains" ],
        "x-ms-request-id": [ "ae8bb82d-bffe-4601-9cab-fcc7c7a53d83" ],
        "x-ms-client-request-id": [ "2928a162-658e-48c3-a60e-0488c3803640" ],
        "x-ms-operation-identifier": [ "tenantId=72f988bf-86f1-41af-91ab-2d7cd011db47,objectId=2e396a67-4dc1-43ae-afcc-c6747d291866/westus/147a571f-ef17-458d-a256-c7c1573c1349" ],
        "x-ms-ratelimit-remaining-subscription-reads": [ "1099" ],
        "x-ms-ratelimit-remaining-subscription-global-reads": [ "16499" ],
        "x-ms-correlation-request-id": [ "2f6028ef-a4e6-463a-9dab-beba6bc5d67b" ],
        "x-ms-routing-request-id": [ "WESTUS:20251024T104542Z:2f6028ef-a4e6-463a-9dab-beba6bc5d67b" ],
        "X-Content-Type-Options": [ "nosniff" ],
        "X-Cache": [ "CONFIG_NOCACHE" ],
        "X-MSEdge-Ref": [ "Ref A: FADA8F12209A46608AC75320C0A7A0C1 Ref B: SYD03EDGE1007 Ref C: 2025-10-24T10:45:41Z" ],
        "Date": [ "Fri, 24 Oct 2025 10:45:42 GMT" ]
      },
      "ContentHeaders": {
        "Content-Length": [ "750" ],
        "Content-Type": [ "application/json; charset=utf-8" ],
        "Expires": [ "-1" ]
      },
      "Content": "{\"value\":[{\"id\":\"/subscriptions/27cafca8-b9a4-4264-b399-45d0c9cca1ab/resourcegroups/testps-rg-x0l5/providers/Microsoft.Cdn/profiles/p-phldxe/endpoints/ps-2024-0901-domain010/customdomains/cd-ecym4g\",\"type\":\"Microsoft.Cdn/profiles/endpoints/customdomains\",\"name\":\"cd-ecym4g\",\"properties\":{\"hostName\":\"ps-2024-0901-domain010.ps.cdne2e.azfdtest.xyz\",\"validationData\":null,\"resourceState\":\"Active\",\"customHttpsProvisioningState\":\"Enabled\",\"customHttpsProvisioningSubstate\":\"CertificateDeployed\",\"customHttpsParameters\":{\"certificateSource\":\"Cdn\",\"certificateSourceParameters\":{\"typeName\":\"CdnCertificateSourceParameters\",\"certificateType\":\"Dedicated\"},\"protocolType\":\"ServerNameIndication\",\"minimumTlsVersion\":\"TLS12\"},\"provisioningState\":\"Succeeded\"}}]}",
      "isContentBase64": false
    }
  },
  "Get-AzCdnCustomDomain+[NoContext]+Get+$GET+https://management.azure.com/subscriptions/27cafca8-b9a4-4264-b399-45d0c9cca1ab/resourceGroups/testps-rg-x0l5/providers/Microsoft.Cdn/profiles/p-phldxe/endpoints/ps-2024-0901-domain010/customDomains/cd-ecym4g?api-version=2025-04-15+1": {
    "Request": {
      "Method": "GET",
      "RequestUri": "https://management.azure.com/subscriptions/27cafca8-b9a4-4264-b399-45d0c9cca1ab/resourceGroups/testps-rg-x0l5/providers/Microsoft.Cdn/profiles/p-phldxe/endpoints/ps-2024-0901-domain010/customDomains/cd-ecym4g?api-version=2025-04-15",
      "Content": null,
      "isContentBase64": false,
      "Headers": {
        "x-ms-unique-id": [ "124" ],
        "x-ms-client-request-id": [ "654139ab-0082-431b-96be-92fbc8853be5" ],
        "CommandName": [ "Get-AzCdnCustomDomain" ],
        "FullCommandName": [ "Get-AzCdnCustomDomain_Get" ],
        "ParameterSetName": [ "__AllParameterSets" ],
        "User-Agent": [ "AzurePowershell/v13.2.0", "PSVersion/v7.5.3", "Az.Cdn/0.1.0" ],
        "Authorization": [ "[Filtered]" ]
      },
      "ContentHeaders": {
      }
    },
    "Response": {
      "StatusCode": 200,
      "Headers": {
        "Cache-Control": [ "no-cache" ],
        "Pragma": [ "no-cache" ],
        "Strict-Transport-Security": [ "max-age=31536000; includeSubDomains" ],
        "x-ms-request-id": [ "343ad521-d642-47e5-8d21-c3ef7d55b769" ],
        "x-ms-client-request-id": [ "654139ab-0082-431b-96be-92fbc8853be5" ],
        "x-ms-operation-identifier": [ "tenantId=72f988bf-86f1-41af-91ab-2d7cd011db47,objectId=2e396a67-4dc1-43ae-afcc-c6747d291866/westus/79ce3f83-e433-4537-b508-0a8e150665e3" ],
        "x-ms-ratelimit-remaining-subscription-reads": [ "1099" ],
        "x-ms-ratelimit-remaining-subscription-global-reads": [ "16499" ],
        "x-ms-correlation-request-id": [ "306c7fcf-3c69-45f3-95a4-94fb753a3532" ],
        "x-ms-routing-request-id": [ "WESTUS:20251024T104543Z:306c7fcf-3c69-45f3-95a4-94fb753a3532" ],
        "X-Content-Type-Options": [ "nosniff" ],
        "X-Cache": [ "CONFIG_NOCACHE" ],
        "X-MSEdge-Ref": [ "Ref A: 79A98C48235F406B9961978EFDAC84BC Ref B: SYD03EDGE1007 Ref C: 2025-10-24T10:45:42Z" ],
        "Date": [ "Fri, 24 Oct 2025 10:45:43 GMT" ]
      },
      "ContentHeaders": {
        "Content-Length": [ "738" ],
        "Content-Type": [ "application/json; charset=utf-8" ],
        "Expires": [ "-1" ]
      },
      "Content": "{\"id\":\"/subscriptions/27cafca8-b9a4-4264-b399-45d0c9cca1ab/resourcegroups/testps-rg-x0l5/providers/Microsoft.Cdn/profiles/p-phldxe/endpoints/ps-2024-0901-domain010/customdomains/cd-ecym4g\",\"type\":\"Microsoft.Cdn/profiles/endpoints/customdomains\",\"name\":\"cd-ecym4g\",\"properties\":{\"hostName\":\"ps-2024-0901-domain010.ps.cdne2e.azfdtest.xyz\",\"validationData\":null,\"resourceState\":\"Active\",\"customHttpsProvisioningState\":\"Enabled\",\"customHttpsProvisioningSubstate\":\"CertificateDeployed\",\"customHttpsParameters\":{\"certificateSource\":\"Cdn\",\"certificateSourceParameters\":{\"typeName\":\"CdnCertificateSourceParameters\",\"certificateType\":\"Dedicated\"},\"protocolType\":\"ServerNameIndication\",\"minimumTlsVersion\":\"TLS12\"},\"provisioningState\":\"Succeeded\"}}",
      "isContentBase64": false
    }
  },
  "Get-AzCdnCustomDomain+[NoContext]+GetViaIdentity+$GET+https://management.azure.com/subscriptions/27cafca8-b9a4-4264-b399-45d0c9cca1ab/resourceGroups/testps-rg-x0l5/providers/Microsoft.Cdn/profiles/p-phldxe/endpoints/ps-2024-0901-domain010/customDomains/cd-ecym4g?api-version=2025-04-15+1": {
    "Request": {
      "Method": "GET",
      "RequestUri": "https://management.azure.com/subscriptions/27cafca8-b9a4-4264-b399-45d0c9cca1ab/resourceGroups/testps-rg-x0l5/providers/Microsoft.Cdn/profiles/p-phldxe/endpoints/ps-2024-0901-domain010/customDomains/cd-ecym4g?api-version=2025-04-15",
      "Content": null,
      "isContentBase64": false,
      "Headers": {
        "x-ms-unique-id": [ "125" ],
        "x-ms-client-request-id": [ "81641305-a8c6-4c8f-8532-02fbb0fa2c14" ],
        "CommandName": [ "Get-AzCdnCustomDomain" ],
        "FullCommandName": [ "Get-AzCdnCustomDomain_Get" ],
        "ParameterSetName": [ "__AllParameterSets" ],
        "User-Agent": [ "AzurePowershell/v13.2.0", "PSVersion/v7.5.3", "Az.Cdn/0.1.0" ],
        "Authorization": [ "[Filtered]" ]
      },
      "ContentHeaders": {
      }
    },
    "Response": {
      "StatusCode": 200,
      "Headers": {
        "Cache-Control": [ "no-cache" ],
        "Pragma": [ "no-cache" ],
        "Strict-Transport-Security": [ "max-age=31536000; includeSubDomains" ],
        "x-ms-request-id": [ "cdb2d1ed-f6f3-4b55-9516-07bf9472a03d" ],
        "x-ms-client-request-id": [ "81641305-a8c6-4c8f-8532-02fbb0fa2c14" ],
        "x-ms-operation-identifier": [ "tenantId=72f988bf-86f1-41af-91ab-2d7cd011db47,objectId=2e396a67-4dc1-43ae-afcc-c6747d291866/westus/778a7ba4-7034-48d2-b000-2bfb4edd0384" ],
        "x-ms-ratelimit-remaining-subscription-reads": [ "1098" ],
        "x-ms-ratelimit-remaining-subscription-global-reads": [ "16498" ],
        "x-ms-correlation-request-id": [ "c9640a66-5e28-4ee8-a054-7e476fc8c4a9" ],
        "x-ms-routing-request-id": [ "WESTUS:20251024T104544Z:c9640a66-5e28-4ee8-a054-7e476fc8c4a9" ],
        "X-Content-Type-Options": [ "nosniff" ],
        "X-Cache": [ "CONFIG_NOCACHE" ],
        "X-MSEdge-Ref": [ "Ref A: ADE5B9C4869147C79C2F1CD3FA7E40F9 Ref B: SYD03EDGE1007 Ref C: 2025-10-24T10:45:43Z" ],
        "Date": [ "Fri, 24 Oct 2025 10:45:44 GMT" ]
      },
      "ContentHeaders": {
        "Content-Length": [ "738" ],
        "Content-Type": [ "application/json; charset=utf-8" ],
        "Expires": [ "-1" ]
      },
      "Content": "{\"id\":\"/subscriptions/27cafca8-b9a4-4264-b399-45d0c9cca1ab/resourcegroups/testps-rg-x0l5/providers/Microsoft.Cdn/profiles/p-phldxe/endpoints/ps-2024-0901-domain010/customdomains/cd-ecym4g\",\"type\":\"Microsoft.Cdn/profiles/endpoints/customdomains\",\"name\":\"cd-ecym4g\",\"properties\":{\"hostName\":\"ps-2024-0901-domain010.ps.cdne2e.azfdtest.xyz\",\"validationData\":null,\"resourceState\":\"Active\",\"customHttpsProvisioningState\":\"Enabled\",\"customHttpsProvisioningSubstate\":\"CertificateDeployed\",\"customHttpsParameters\":{\"certificateSource\":\"Cdn\",\"certificateSourceParameters\":{\"typeName\":\"CdnCertificateSourceParameters\",\"certificateType\":\"Dedicated\"},\"protocolType\":\"ServerNameIndication\",\"minimumTlsVersion\":\"TLS12\"},\"provisioningState\":\"Succeeded\"}}",
      "isContentBase64": false
    }
  },
  "Get-AzCdnCustomDomain+[NoContext]+GetViaIdentity+$GET+https://management.azure.com/subscriptions/27cafca8-b9a4-4264-b399-45d0c9cca1ab/resourceGroups/testps-rg-x0l5/providers/Microsoft.Cdn/profiles/p-phldxe/endpoints/ps-2024-0901-domain010/customDomains/cd-ecym4g?api-version=2025-04-15+2": {
    "Request": {
      "Method": "GET",
      "RequestUri": "https://management.azure.com/subscriptions/27cafca8-b9a4-4264-b399-45d0c9cca1ab/resourceGroups/testps-rg-x0l5/providers/Microsoft.Cdn/profiles/p-phldxe/endpoints/ps-2024-0901-domain010/customDomains/cd-ecym4g?api-version=2025-04-15",
      "Content": null,
      "isContentBase64": false,
      "Headers": {
        "x-ms-unique-id": [ "126" ],
        "x-ms-client-request-id": [ "b2ab5e58-f708-4d95-9568-9c352b93a77f" ],
        "CommandName": [ "Get-AzCdnCustomDomain" ],
        "FullCommandName": [ "Get-AzCdnCustomDomain_GetViaIdentity" ],
        "ParameterSetName": [ "__AllParameterSets" ],
        "User-Agent": [ "AzurePowershell/v13.2.0", "PSVersion/v7.5.3", "Az.Cdn/0.1.0" ],
        "Authorization": [ "[Filtered]" ]
      },
      "ContentHeaders": {
      }
    },
    "Response": {
      "StatusCode": 200,
      "Headers": {
        "Cache-Control": [ "no-cache" ],
        "Pragma": [ "no-cache" ],
        "Strict-Transport-Security": [ "max-age=31536000; includeSubDomains" ],
        "x-ms-request-id": [ "183567a6-8ebd-41fc-a0fd-ee54444038c1" ],
        "x-ms-client-request-id": [ "b2ab5e58-f708-4d95-9568-9c352b93a77f" ],
        "x-ms-operation-identifier": [ "tenantId=72f988bf-86f1-41af-91ab-2d7cd011db47,objectId=2e396a67-4dc1-43ae-afcc-c6747d291866/westus/80e87510-d2b9-4ad3-a23c-c006065cb5f3" ],
        "x-ms-ratelimit-remaining-subscription-reads": [ "1098" ],
        "x-ms-ratelimit-remaining-subscription-global-reads": [ "16498" ],
        "x-ms-correlation-request-id": [ "eb0908ec-7edf-4367-80f7-782e65c68f83" ],
        "x-ms-routing-request-id": [ "WESTUS:20251024T104544Z:eb0908ec-7edf-4367-80f7-782e65c68f83" ],
        "X-Content-Type-Options": [ "nosniff" ],
        "X-Cache": [ "CONFIG_NOCACHE" ],
        "X-MSEdge-Ref": [ "Ref A: 93E1B023E2C64F528C2C69FF2A8FDA27 Ref B: SYD03EDGE1007 Ref C: 2025-10-24T10:45:44Z" ],
        "Date": [ "Fri, 24 Oct 2025 10:45:44 GMT" ]
      },
      "ContentHeaders": {
        "Content-Length": [ "738" ],
        "Content-Type": [ "application/json; charset=utf-8" ],
        "Expires": [ "-1" ]
      },
      "Content": "{\"id\":\"/subscriptions/27cafca8-b9a4-4264-b399-45d0c9cca1ab/resourcegroups/testps-rg-x0l5/providers/Microsoft.Cdn/profiles/p-phldxe/endpoints/ps-2024-0901-domain010/customdomains/cd-ecym4g\",\"type\":\"Microsoft.Cdn/profiles/endpoints/customdomains\",\"name\":\"cd-ecym4g\",\"properties\":{\"hostName\":\"ps-2024-0901-domain010.ps.cdne2e.azfdtest.xyz\",\"validationData\":null,\"resourceState\":\"Active\",\"customHttpsProvisioningState\":\"Enabled\",\"customHttpsProvisioningSubstate\":\"CertificateDeployed\",\"customHttpsParameters\":{\"certificateSource\":\"Cdn\",\"certificateSourceParameters\":{\"typeName\":\"CdnCertificateSourceParameters\",\"certificateType\":\"Dedicated\"},\"protocolType\":\"ServerNameIndication\",\"minimumTlsVersion\":\"TLS12\"},\"provisioningState\":\"Succeeded\"}}",
      "isContentBase64": false
    }
  }
}