{
  "Get-AzCdnProfile+[NoContext]+List+$GET+https://management.azure.com/subscriptions/27cafca8-b9a4-4264-b399-45d0c9cca1ab/resourceGroups/testps-rg-tq0b/providers/Microsoft.Cdn/profiles?api-version=2024-05-01-preview+1": {
    "Request": {
      "Method": "GET",
      "RequestUri": "https://management.azure.com/subscriptions/27cafca8-b9a4-4264-b399-45d0c9cca1ab/resourceGroups/testps-rg-tq0b/providers/Microsoft.Cdn/profiles?api-version=2024-05-01-preview",
      "Content": null,
      "isContentBase64": false,
      "Headers": {
        "x-ms-unique-id": [ "144" ],
        "x-ms-client-request-id": [ "484f1b15-0395-4552-9194-d64ab5aba091" ],
        "CommandName": [ "Az.Cdn.internal\\Get-AzCdnProfile" ],
        "FullCommandName": [ "Get-AzCdnProfile_List1" ],
        "ParameterSetName": [ "__AllParameterSets" ],
        "User-Agent": [ "AzurePowershell/v0.0.0", "PSVersion/v7.4.3", "Az.Cdn/0.1.0" ],
        "Authorization": [ "[Filtered]" ]
      },
      "ContentHeaders": {
      }
    },
    "Response": {
      "StatusCode": 200,
      "Headers": {
        "Cache-Control": [ "no-cache" ],
        "Pragma": [ "no-cache" ],
        "Strict-Transport-Security": [ "max-age=31536000; includeSubDomains" ],
        "x-ms-request-id": [ "cd6e6682-a9cf-4f48-81e5-3f5426733ad6" ],
        "x-ms-client-request-id": [ "484f1b15-0395-4552-9194-d64ab5aba091" ],
        "x-ms-ratelimit-remaining-subscription-resource-requests": [ "4999" ],
        "x-ms-correlation-request-id": [ "6c583970-f90d-4d04-a60b-874e6c813586" ],
        "x-ms-routing-request-id": [ "SOUTHEASTASIA:20240716T091709Z:6c583970-f90d-4d04-a60b-874e6c813586" ],
        "X-Content-Type-Options": [ "nosniff" ],
        "X-Cache": [ "CONFIG_NOCACHE" ],
        "X-MSEdge-Ref": [ "Ref A: E2C086EBDDA44CB3ABC64107D36A4F4C Ref B: MAA201060513027 Ref C: 2024-07-16T09:17:07Z" ],
        "Date": [ "Tue, 16 Jul 2024 09:17:09 GMT" ]
      },
      "ContentHeaders": {
        "Content-Length": [ "1205" ],
        "Content-Type": [ "application/json; charset=utf-8" ],
        "Expires": [ "-1" ]
      },
      "Content": "{\"value\":[{\"id\":\"/subscriptions/27cafca8-b9a4-4264-b399-45d0c9cca1ab/resourcegroups/testps-rg-tq0b/providers/Microsoft.Cdn/profiles/p-jx4ykg\",\"type\":\"Microsoft.Cdn/profiles\",\"name\":\"p-jx4ykg\",\"location\":\"Global\",\"kind\":\"cdn\",\"tags\":{},\"sku\":{\"name\":\"Standard_Verizon\"},\"properties\":{\"extendedProperties\":{},\"resourceState\":\"Active\",\"provisioningState\":\"Succeeded\"}},{\"id\":\"/subscriptions/27cafca8-b9a4-4264-b399-45d0c9cca1ab/resourcegroups/testps-rg-tq0b/providers/Microsoft.Cdn/profiles/p-f06tdh\",\"type\":\"Microsoft.Cdn/profiles\",\"name\":\"p-f06tdh\",\"location\":\"Global\",\"kind\":\"cdn\",\"tags\":{},\"sku\":{\"name\":\"Standard_Microsoft\"},\"properties\":{\"extendedProperties\":{},\"resourceState\":\"Active\",\"provisioningState\":\"Succeeded\"}},{\"id\":\"/subscriptions/27cafca8-b9a4-4264-b399-45d0c9cca1ab/resourcegroups/testps-rg-tq0b/providers/Microsoft.Cdn/profiles/fdp-cpd84s\",\"type\":\"Microsoft.Cdn/profiles\",\"name\":\"fdp-cpd84s\",\"location\":\"Global\",\"kind\":\"frontdoor\",\"tags\":{},\"sku\":{\"name\":\"Standard_AzureFrontDoor\"},\"properties\":{\"originResponseTimeoutSeconds\":30,\"logScrubbing\":null,\"frontDoorId\":\"281a0719-333d-457b-a700-71edd672a7ae\",\"extendedProperties\":{},\"resourceState\":\"Active\",\"provisioningState\":\"Succeeded\"}}]}",
      "isContentBase64": false
    }
  },
  "Get-AzCdnProfile+[NoContext]+Get+$GET+https://management.azure.com/subscriptions/27cafca8-b9a4-4264-b399-45d0c9cca1ab/resourceGroups/testps-rg-tq0b/providers/Microsoft.Cdn/profiles/p-f06tdh?api-version=2024-05-01-preview+1": {
    "Request": {
      "Method": "GET",
      "RequestUri": "https://management.azure.com/subscriptions/27cafca8-b9a4-4264-b399-45d0c9cca1ab/resourceGroups/testps-rg-tq0b/providers/Microsoft.Cdn/profiles/p-f06tdh?api-version=2024-05-01-preview",
      "Content": null,
      "isContentBase64": false,
      "Headers": {
        "x-ms-unique-id": [ "145" ],
        "x-ms-client-request-id": [ "cd28fb0d-3537-41ac-8d5b-6c67b9f48980" ],
        "CommandName": [ "Az.Cdn.internal\\Get-AzCdnProfile" ],
        "FullCommandName": [ "Get-AzCdnProfile_Get" ],
        "ParameterSetName": [ "__AllParameterSets" ],
        "User-Agent": [ "AzurePowershell/v0.0.0", "PSVersion/v7.4.3", "Az.Cdn/0.1.0" ],
        "Authorization": [ "[Filtered]" ]
      },
      "ContentHeaders": {
      }
    },
    "Response": {
      "StatusCode": 200,
      "Headers": {
        "Cache-Control": [ "no-cache" ],
        "Pragma": [ "no-cache" ],
        "Strict-Transport-Security": [ "max-age=31536000; includeSubDomains" ],
        "x-ms-request-id": [ "97f075cb-2136-4108-bcb3-b3c72edd3413" ],
        "x-ms-client-request-id": [ "cd28fb0d-3537-41ac-8d5b-6c67b9f48980" ],
        "x-ms-ratelimit-remaining-subscription-resource-requests": [ "4999" ],
        "x-ms-correlation-request-id": [ "79215f05-f687-49a4-9969-7d29e0ea4fc8" ],
        "x-ms-routing-request-id": [ "SOUTHEASTASIA:20240716T091710Z:79215f05-f687-49a4-9969-7d29e0ea4fc8" ],
        "X-Content-Type-Options": [ "nosniff" ],
        "X-Cache": [ "CONFIG_NOCACHE" ],
        "X-MSEdge-Ref": [ "Ref A: 6606B63A595343A7A778BEF901260016 Ref B: MAA201060513027 Ref C: 2024-07-16T09:17:09Z" ],
        "Date": [ "Tue, 16 Jul 2024 09:17:10 GMT" ]
      },
      "ContentHeaders": {
        "Content-Length": [ "357" ],
        "Content-Type": [ "application/json; charset=utf-8" ],
        "Expires": [ "-1" ]
      },
      "Content": "{\"id\":\"/subscriptions/27cafca8-b9a4-4264-b399-45d0c9cca1ab/resourcegroups/testps-rg-tq0b/providers/Microsoft.Cdn/profiles/p-f06tdh\",\"type\":\"Microsoft.Cdn/profiles\",\"name\":\"p-f06tdh\",\"location\":\"Global\",\"kind\":\"cdn\",\"tags\":{},\"sku\":{\"name\":\"Standard_Microsoft\"},\"properties\":{\"extendedProperties\":{},\"resourceState\":\"Active\",\"provisioningState\":\"Succeeded\"}}",
      "isContentBase64": false
    }
  },
  "Get-AzCdnProfile+[NoContext]+List1+$GET+https://management.azure.com/subscriptions/27cafca8-b9a4-4264-b399-45d0c9cca1ab/resourceGroups/testps-rg-tq0b/providers/Microsoft.Cdn/profiles?api-version=2024-05-01-preview+1": {
    "Request": {
      "Method": "GET",
      "RequestUri": "https://management.azure.com/subscriptions/27cafca8-b9a4-4264-b399-45d0c9cca1ab/resourceGroups/testps-rg-tq0b/providers/Microsoft.Cdn/profiles?api-version=2024-05-01-preview",
      "Content": null,
      "isContentBase64": false,
      "Headers": {
        "x-ms-unique-id": [ "146" ],
        "x-ms-client-request-id": [ "6ed71b41-d114-4848-b5a4-0ad6dd761b5b" ],
        "CommandName": [ "Az.Cdn.internal\\Get-AzCdnProfile" ],
        "FullCommandName": [ "Get-AzCdnProfile_List1" ],
        "ParameterSetName": [ "__AllParameterSets" ],
        "User-Agent": [ "AzurePowershell/v0.0.0", "PSVersion/v7.4.3", "Az.Cdn/0.1.0" ],
        "Authorization": [ "[Filtered]" ]
      },
      "ContentHeaders": {
      }
    },
    "Response": {
      "StatusCode": 200,
      "Headers": {
        "Cache-Control": [ "no-cache" ],
        "Pragma": [ "no-cache" ],
        "Strict-Transport-Security": [ "max-age=31536000; includeSubDomains" ],
        "x-ms-request-id": [ "0c3afe2b-ae3e-4451-b6e6-3340193a131f" ],
        "x-ms-client-request-id": [ "6ed71b41-d114-4848-b5a4-0ad6dd761b5b" ],
        "x-ms-ratelimit-remaining-subscription-resource-requests": [ "4999" ],
        "x-ms-correlation-request-id": [ "6e8e8c5e-8dae-4bd9-a673-293a54ded34a" ],
        "x-ms-routing-request-id": [ "SOUTHEASTASIA:20240716T091711Z:6e8e8c5e-8dae-4bd9-a673-293a54ded34a" ],
        "X-Content-Type-Options": [ "nosniff" ],
        "X-Cache": [ "CONFIG_NOCACHE" ],
        "X-MSEdge-Ref": [ "Ref A: 731E4C8CB70A4127A925D999E26A6E35 Ref B: MAA201060513027 Ref C: 2024-07-16T09:17:10Z" ],
        "Date": [ "Tue, 16 Jul 2024 09:17:11 GMT" ]
      },
      "ContentHeaders": {
        "Content-Length": [ "1205" ],
        "Content-Type": [ "application/json; charset=utf-8" ],
        "Expires": [ "-1" ]
      },
      "Content": "{\"value\":[{\"id\":\"/subscriptions/27cafca8-b9a4-4264-b399-45d0c9cca1ab/resourcegroups/testps-rg-tq0b/providers/Microsoft.Cdn/profiles/p-jx4ykg\",\"type\":\"Microsoft.Cdn/profiles\",\"name\":\"p-jx4ykg\",\"location\":\"Global\",\"kind\":\"cdn\",\"tags\":{},\"sku\":{\"name\":\"Standard_Verizon\"},\"properties\":{\"extendedProperties\":{},\"resourceState\":\"Active\",\"provisioningState\":\"Succeeded\"}},{\"id\":\"/subscriptions/27cafca8-b9a4-4264-b399-45d0c9cca1ab/resourcegroups/testps-rg-tq0b/providers/Microsoft.Cdn/profiles/p-f06tdh\",\"type\":\"Microsoft.Cdn/profiles\",\"name\":\"p-f06tdh\",\"location\":\"Global\",\"kind\":\"cdn\",\"tags\":{},\"sku\":{\"name\":\"Standard_Microsoft\"},\"properties\":{\"extendedProperties\":{},\"resourceState\":\"Active\",\"provisioningState\":\"Succeeded\"}},{\"id\":\"/subscriptions/27cafca8-b9a4-4264-b399-45d0c9cca1ab/resourcegroups/testps-rg-tq0b/providers/Microsoft.Cdn/profiles/fdp-cpd84s\",\"type\":\"Microsoft.Cdn/profiles\",\"name\":\"fdp-cpd84s\",\"location\":\"Global\",\"kind\":\"frontdoor\",\"tags\":{},\"sku\":{\"name\":\"Standard_AzureFrontDoor\"},\"properties\":{\"originResponseTimeoutSeconds\":30,\"logScrubbing\":null,\"frontDoorId\":\"281a0719-333d-457b-a700-71edd672a7ae\",\"extendedProperties\":{},\"resourceState\":\"Active\",\"provisioningState\":\"Succeeded\"}}]}",
      "isContentBase64": false
    }
  },
  "Get-AzCdnProfile+[NoContext]+GetViaIdentity+$GET+https://management.azure.com/subscriptions/27cafca8-b9a4-4264-b399-45d0c9cca1ab/resourceGroups/testps-rg-tq0b/providers/Microsoft.Cdn/profiles/p-f06tdh?api-version=2024-05-01-preview+1": {
    "Request": {
      "Method": "GET",
      "RequestUri": "https://management.azure.com/subscriptions/27cafca8-b9a4-4264-b399-45d0c9cca1ab/resourceGroups/testps-rg-tq0b/providers/Microsoft.Cdn/profiles/p-f06tdh?api-version=2024-05-01-preview",
      "Content": null,
      "isContentBase64": false,
      "Headers": {
        "x-ms-unique-id": [ "147" ],
        "x-ms-client-request-id": [ "7c9727ef-747b-4a26-aa70-8f21e0431411" ],
        "CommandName": [ "Az.Cdn.internal\\Get-AzCdnProfile" ],
        "FullCommandName": [ "Get-AzCdnProfile_Get" ],
        "ParameterSetName": [ "__AllParameterSets" ],
        "User-Agent": [ "AzurePowershell/v0.0.0", "PSVersion/v7.4.3", "Az.Cdn/0.1.0" ],
        "Authorization": [ "[Filtered]" ]
      },
      "ContentHeaders": {
      }
    },
    "Response": {
      "StatusCode": 200,
      "Headers": {
        "Cache-Control": [ "no-cache" ],
        "Pragma": [ "no-cache" ],
        "Strict-Transport-Security": [ "max-age=31536000; includeSubDomains" ],
        "x-ms-request-id": [ "a69aab99-0014-47e5-b083-c979abc949a2" ],
        "x-ms-client-request-id": [ "7c9727ef-747b-4a26-aa70-8f21e0431411" ],
        "x-ms-ratelimit-remaining-subscription-resource-requests": [ "4999" ],
        "x-ms-correlation-request-id": [ "6ac9b298-caab-4e86-96b1-a898fc733640" ],
        "x-ms-routing-request-id": [ "SOUTHEASTASIA:20240716T091713Z:6ac9b298-caab-4e86-96b1-a898fc733640" ],
        "X-Content-Type-Options": [ "nosniff" ],
        "X-Cache": [ "CONFIG_NOCACHE" ],
        "X-MSEdge-Ref": [ "Ref A: 24D4C9413C944F95976B5B984302E35F Ref B: MAA201060513027 Ref C: 2024-07-16T09:17:12Z" ],
        "Date": [ "Tue, 16 Jul 2024 09:17:13 GMT" ]
      },
      "ContentHeaders": {
        "Content-Length": [ "357" ],
        "Content-Type": [ "application/json; charset=utf-8" ],
        "Expires": [ "-1" ]
      },
      "Content": "{\"id\":\"/subscriptions/27cafca8-b9a4-4264-b399-45d0c9cca1ab/resourcegroups/testps-rg-tq0b/providers/Microsoft.Cdn/profiles/p-f06tdh\",\"type\":\"Microsoft.Cdn/profiles\",\"name\":\"p-f06tdh\",\"location\":\"Global\",\"kind\":\"cdn\",\"tags\":{},\"sku\":{\"name\":\"Standard_Microsoft\"},\"properties\":{\"extendedProperties\":{},\"resourceState\":\"Active\",\"provisioningState\":\"Succeeded\"}}",
      "isContentBase64": false
    }
  },
  "Get-AzCdnProfile+[NoContext]+GetViaIdentity+$GET+https://management.azure.com/subscriptions/27cafca8-b9a4-4264-b399-45d0c9cca1ab/resourceGroups/testps-rg-tq0b/providers/Microsoft.Cdn/profiles/p-f06tdh?api-version=2024-05-01-preview+2": {
    "Request": {
      "Method": "GET",
      "RequestUri": "https://management.azure.com/subscriptions/27cafca8-b9a4-4264-b399-45d0c9cca1ab/resourceGroups/testps-rg-tq0b/providers/Microsoft.Cdn/profiles/p-f06tdh?api-version=2024-05-01-preview",
      "Content": null,
      "isContentBase64": false,
      "Headers": {
        "x-ms-unique-id": [ "148" ],
        "x-ms-client-request-id": [ "124b1942-84b5-4f70-bc4d-c89306b99058" ],
        "CommandName": [ "Az.Cdn.internal\\Get-AzCdnProfile" ],
        "FullCommandName": [ "Get-AzCdnProfile_GetViaIdentity" ],
        "ParameterSetName": [ "__AllParameterSets" ],
        "User-Agent": [ "AzurePowershell/v0.0.0", "PSVersion/v7.4.3", "Az.Cdn/0.1.0" ],
        "Authorization": [ "[Filtered]" ]
      },
      "ContentHeaders": {
      }
    },
    "Response": {
      "StatusCode": 200,
      "Headers": {
        "Cache-Control": [ "no-cache" ],
        "Pragma": [ "no-cache" ],
        "Strict-Transport-Security": [ "max-age=31536000; includeSubDomains" ],
        "x-ms-request-id": [ "6b130077-bfc7-4f44-af7b-efbe92d75f60" ],
        "x-ms-client-request-id": [ "124b1942-84b5-4f70-bc4d-c89306b99058" ],
        "x-ms-ratelimit-remaining-subscription-resource-requests": [ "4999" ],
        "x-ms-correlation-request-id": [ "27276345-b408-4f3f-8a7f-32ed217b1b41" ],
        "x-ms-routing-request-id": [ "SOUTHEASTASIA:20240716T091714Z:27276345-b408-4f3f-8a7f-32ed217b1b41" ],
        "X-Content-Type-Options": [ "nosniff" ],
        "X-Cache": [ "CONFIG_NOCACHE" ],
        "X-MSEdge-Ref": [ "Ref A: 2D7CB4FAA9E740E8A6DEA0A1DD6FE416 Ref B: MAA201060513027 Ref C: 2024-07-16T09:17:13Z" ],
        "Date": [ "Tue, 16 Jul 2024 09:17:14 GMT" ]
      },
      "ContentHeaders": {
        "Content-Length": [ "357" ],
        "Content-Type": [ "application/json; charset=utf-8" ],
        "Expires": [ "-1" ]
      },
      "Content": "{\"id\":\"/subscriptions/27cafca8-b9a4-4264-b399-45d0c9cca1ab/resourcegroups/testps-rg-tq0b/providers/Microsoft.Cdn/profiles/p-f06tdh\",\"type\":\"Microsoft.Cdn/profiles\",\"name\":\"p-f06tdh\",\"location\":\"Global\",\"kind\":\"cdn\",\"tags\":{},\"sku\":{\"name\":\"Standard_Microsoft\"},\"properties\":{\"extendedProperties\":{},\"resourceState\":\"Active\",\"provisioningState\":\"Succeeded\"}}",
      "isContentBase64": false
    }
  }
}