{
  "Get-AzFrontDoorCdnOriginGroup+[NoContext]+[NoScenario]+$PUT+https://management.azure.com/subscriptions/27cafca8-b9a4-4264-b399-45d0c9cca1ab/resourceGroups/testps-rg-s3am/providers/Microsoft.Cdn/profiles/fdp-i87x60/originGroups/org-pstest020?api-version=2025-04-15+1": {
    "Request": {
      "Method": "PUT",
      "RequestUri": "https://management.azure.com/subscriptions/27cafca8-b9a4-4264-b399-45d0c9cca1ab/resourceGroups/testps-rg-s3am/providers/Microsoft.Cdn/profiles/fdp-i87x60/originGroups/org-pstest020?api-version=2025-04-15",
      "Content": "{\r\n  \"properties\": {\r\n    \"loadBalancingSettings\": {\r\n      \"sampleSize\": 5,\r\n      \"successfulSamplesRequired\": 4,\r\n      \"additionalLatencyInMilliseconds\": 200\r\n    },\r\n    \"healthProbeSettings\": {\r\n      \"probePath\": \"/\",\r\n      \"probeRequestType\": \"GET\",\r\n      \"probeProtocol\": \"Https\",\r\n      \"probeIntervalInSeconds\": 1\r\n    }\r\n  }\r\n}",
      "isContentBase64": false,
      "Headers": {
      },
      "ContentHeaders": {
        "Content-Type": [ "application/json" ],
        "Content-Length": [ "341" ]
      }
    },
    "Response": {
      "StatusCode": 201,
      "Headers": {
        "Cache-Control": [ "no-cache" ],
        "Pragma": [ "no-cache" ],
        "Strict-Transport-Security": [ "max-age=31536000; includeSubDomains" ],
        "x-ms-request-id": [ "69961fc4-42a1-46a2-8f45-c78aa13d3d41" ],
        "x-ms-client-request-id": [ "d2f730d1-5eb7-43ef-a784-c6410d77e0e6" ],
        "x-ms-operation-identifier": [ "tenantId=72f988bf-86f1-41af-91ab-2d7cd011db47,objectId=2e396a67-4dc1-43ae-afcc-c6747d291866/westus/bc796c0b-36f3-4b65-a051-d4bd20e8ef94" ],
        "x-ms-ratelimit-remaining-subscription-writes": [ "799" ],
        "x-ms-ratelimit-remaining-subscription-global-writes": [ "11999" ],
        "x-ms-correlation-request-id": [ "96eefcd8-cd92-426c-bac2-d3fe362dfd23" ],
        "x-ms-routing-request-id": [ "WESTUS:20251024T220903Z:96eefcd8-cd92-426c-bac2-d3fe362dfd23" ],
        "X-Content-Type-Options": [ "nosniff" ],
        "X-Cache": [ "CONFIG_NOCACHE" ],
        "X-MSEdge-Ref": [ "Ref A: B341AFDD5A0D48B0B785FBF9F616827C Ref B: SYD03EDGE0707 Ref C: 2025-10-24T22:09:01Z" ],
        "Date": [ "Fri, 24 Oct 2025 22:09:02 GMT" ]
      },
      "ContentHeaders": {
        "Content-Length": [ "628" ],
        "Content-Type": [ "application/json; charset=utf-8" ],
        "Expires": [ "-1" ]
      },
      "Content": "{\"id\":\"/subscriptions/27cafca8-b9a4-4264-b399-45d0c9cca1ab/resourcegroups/testps-rg-s3am/providers/Microsoft.Cdn/profiles/fdp-i87x60/origingroups/org-pstest020\",\"type\":\"Microsoft.Cdn/profiles/origingroups\",\"name\":\"org-pstest020\",\"properties\":{\"loadBalancingSettings\":{\"sampleSize\":5,\"successfulSamplesRequired\":4,\"additionalLatencyInMilliseconds\":200},\"healthProbeSettings\":{\"probePath\":\"/\",\"probeRequestType\":\"GET\",\"probeProtocol\":\"Https\",\"probeIntervalInSeconds\":1},\"trafficRestorationTimeToHealedOrNewEndpointsInMinutes\":null,\"sessionAffinityState\":\"Disabled\",\"provisioningState\":\"Succeeded\",\"deploymentStatus\":\"NotStarted\"}}",
      "isContentBase64": false
    }
  },
  "Get-AzFrontDoorCdnOriginGroup+[NoContext]+[NoScenario]+$GET+https://management.azure.com/subscriptions/27cafca8-b9a4-4264-b399-45d0c9cca1ab/resourceGroups/testps-rg-s3am/providers/Microsoft.Cdn/profiles/fdp-i87x60/originGroups/org-pstest020?api-version=2025-04-15+2": {
    "Request": {
      "Method": "GET",
      "RequestUri": "https://management.azure.com/subscriptions/27cafca8-b9a4-4264-b399-45d0c9cca1ab/resourceGroups/testps-rg-s3am/providers/Microsoft.Cdn/profiles/fdp-i87x60/originGroups/org-pstest020?api-version=2025-04-15",
      "Content": null,
      "isContentBase64": false,
      "Headers": {
        "Authorization": [ "[Filtered]" ],
        "x-ms-unique-id": [ "192" ],
        "x-ms-client-request-id": [ "d2f730d1-5eb7-43ef-a784-c6410d77e0e6" ],
        "CommandName": [ "New-AzFrontDoorCdnOriginGroup" ],
        "FullCommandName": [ "New-AzFrontDoorCdnOriginGroup_CreateExpanded" ],
        "ParameterSetName": [ "__AllParameterSets" ],
        "User-Agent": [ "AzurePowershell/v13.2.0", "PSVersion/v7.5.3", "Az.Cdn/0.1.0" ]
      },
      "ContentHeaders": {
      }
    },
    "Response": {
      "StatusCode": 200,
      "Headers": {
        "Cache-Control": [ "no-cache" ],
        "Pragma": [ "no-cache" ],
        "Strict-Transport-Security": [ "max-age=31536000; includeSubDomains" ],
        "x-ms-request-id": [ "d1a0ebc6-20a9-4a09-bcd4-6d1a61b8294d" ],
        "x-ms-client-request-id": [ "d2f730d1-5eb7-43ef-a784-c6410d77e0e6" ],
        "x-ms-operation-identifier": [ "tenantId=72f988bf-86f1-41af-91ab-2d7cd011db47,objectId=2e396a67-4dc1-43ae-afcc-c6747d291866/westus/fac7155d-5f87-48a4-8e6c-4d4eb9a24626" ],
        "x-ms-ratelimit-remaining-subscription-reads": [ "1099" ],
        "x-ms-ratelimit-remaining-subscription-global-reads": [ "16499" ],
        "x-ms-correlation-request-id": [ "3c33ca8c-5eb1-46da-b56f-27c0dd92386c" ],
        "x-ms-routing-request-id": [ "WESTUS:20251024T220934Z:3c33ca8c-5eb1-46da-b56f-27c0dd92386c" ],
        "X-Content-Type-Options": [ "nosniff" ],
        "X-Cache": [ "CONFIG_NOCACHE" ],
        "X-MSEdge-Ref": [ "Ref A: 2DF742E3B8AF40E9916BC3ABDE27D5A2 Ref B: SYD03EDGE0707 Ref C: 2025-10-24T22:09:33Z" ],
        "Date": [ "Fri, 24 Oct 2025 22:09:34 GMT" ]
      },
      "ContentHeaders": {
        "Content-Length": [ "628" ],
        "Content-Type": [ "application/json; charset=utf-8" ],
        "Expires": [ "-1" ]
      },
      "Content": "{\"id\":\"/subscriptions/27cafca8-b9a4-4264-b399-45d0c9cca1ab/resourcegroups/testps-rg-s3am/providers/Microsoft.Cdn/profiles/fdp-i87x60/origingroups/org-pstest020\",\"type\":\"Microsoft.Cdn/profiles/origingroups\",\"name\":\"org-pstest020\",\"properties\":{\"loadBalancingSettings\":{\"sampleSize\":5,\"successfulSamplesRequired\":4,\"additionalLatencyInMilliseconds\":200},\"healthProbeSettings\":{\"probePath\":\"/\",\"probeRequestType\":\"GET\",\"probeProtocol\":\"Https\",\"probeIntervalInSeconds\":1},\"trafficRestorationTimeToHealedOrNewEndpointsInMinutes\":null,\"sessionAffinityState\":\"Disabled\",\"provisioningState\":\"Succeeded\",\"deploymentStatus\":\"NotStarted\"}}",
      "isContentBase64": false
    }
  },
  "Get-AzFrontDoorCdnOriginGroup+[NoContext]+[NoScenario]+$GET+https://management.azure.com/subscriptions/27cafca8-b9a4-4264-b399-45d0c9cca1ab/resourceGroups/testps-rg-s3am/providers/Microsoft.Cdn/profiles/fdp-i87x60/originGroups/org-pstest020?api-version=2025-04-15+3": {
    "Request": {
      "Method": "GET",
      "RequestUri": "https://management.azure.com/subscriptions/27cafca8-b9a4-4264-b399-45d0c9cca1ab/resourceGroups/testps-rg-s3am/providers/Microsoft.Cdn/profiles/fdp-i87x60/originGroups/org-pstest020?api-version=2025-04-15",
      "Content": null,
      "isContentBase64": false,
      "Headers": {
        "Authorization": [ "[Filtered]" ],
        "x-ms-unique-id": [ "193" ],
        "x-ms-client-request-id": [ "d2f730d1-5eb7-43ef-a784-c6410d77e0e6" ],
        "CommandName": [ "New-AzFrontDoorCdnOriginGroup" ],
        "FullCommandName": [ "New-AzFrontDoorCdnOriginGroup_CreateExpanded" ],
        "ParameterSetName": [ "__AllParameterSets" ],
        "User-Agent": [ "AzurePowershell/v13.2.0", "PSVersion/v7.5.3", "Az.Cdn/0.1.0" ]
      },
      "ContentHeaders": {
      }
    },
    "Response": {
      "StatusCode": 200,
      "Headers": {
        "Cache-Control": [ "no-cache" ],
        "Pragma": [ "no-cache" ],
        "Strict-Transport-Security": [ "max-age=31536000; includeSubDomains" ],
        "x-ms-request-id": [ "09fafe6b-9f44-4aea-8945-35d714dcb87f" ],
        "x-ms-client-request-id": [ "d2f730d1-5eb7-43ef-a784-c6410d77e0e6" ],
        "x-ms-operation-identifier": [ "tenantId=72f988bf-86f1-41af-91ab-2d7cd011db47,objectId=2e396a67-4dc1-43ae-afcc-c6747d291866/westus/69ce6eac-f3a4-4eed-9f0c-f986ea2a4fa8" ],
        "x-ms-ratelimit-remaining-subscription-reads": [ "1098" ],
        "x-ms-ratelimit-remaining-subscription-global-reads": [ "16498" ],
        "x-ms-correlation-request-id": [ "fe109eba-abbe-423b-8230-15c5b66efa16" ],
        "x-ms-routing-request-id": [ "WESTUS:20251024T220934Z:fe109eba-abbe-423b-8230-15c5b66efa16" ],
        "X-Content-Type-Options": [ "nosniff" ],
        "X-Cache": [ "CONFIG_NOCACHE" ],
        "X-MSEdge-Ref": [ "Ref A: 2728FFEF64B74CCC88AEF89FAD7FA8CD Ref B: SYD03EDGE0707 Ref C: 2025-10-24T22:09:34Z" ],
        "Date": [ "Fri, 24 Oct 2025 22:09:34 GMT" ]
      },
      "ContentHeaders": {
        "Content-Length": [ "628" ],
        "Content-Type": [ "application/json; charset=utf-8" ],
        "Expires": [ "-1" ]
      },
      "Content": "{\"id\":\"/subscriptions/27cafca8-b9a4-4264-b399-45d0c9cca1ab/resourcegroups/testps-rg-s3am/providers/Microsoft.Cdn/profiles/fdp-i87x60/origingroups/org-pstest020\",\"type\":\"Microsoft.Cdn/profiles/origingroups\",\"name\":\"org-pstest020\",\"properties\":{\"loadBalancingSettings\":{\"sampleSize\":5,\"successfulSamplesRequired\":4,\"additionalLatencyInMilliseconds\":200},\"healthProbeSettings\":{\"probePath\":\"/\",\"probeRequestType\":\"GET\",\"probeProtocol\":\"Https\",\"probeIntervalInSeconds\":1},\"trafficRestorationTimeToHealedOrNewEndpointsInMinutes\":null,\"sessionAffinityState\":\"Disabled\",\"provisioningState\":\"Succeeded\",\"deploymentStatus\":\"NotStarted\"}}",
      "isContentBase64": false
    }
  },
  "Get-AzFrontDoorCdnOriginGroup+[NoContext]+List+$GET+https://management.azure.com/subscriptions/27cafca8-b9a4-4264-b399-45d0c9cca1ab/resourceGroups/testps-rg-s3am/providers/Microsoft.Cdn/profiles/fdp-i87x60/originGroups?api-version=2025-04-15+1": {
    "Request": {
      "Method": "GET",
      "RequestUri": "https://management.azure.com/subscriptions/27cafca8-b9a4-4264-b399-45d0c9cca1ab/resourceGroups/testps-rg-s3am/providers/Microsoft.Cdn/profiles/fdp-i87x60/originGroups?api-version=2025-04-15",
      "Content": null,
      "isContentBase64": false,
      "Headers": {
        "x-ms-unique-id": [ "194" ],
        "x-ms-client-request-id": [ "da7391f7-31ca-4406-977a-2d4e99a80625" ],
        "CommandName": [ "Get-AzFrontDoorCdnOriginGroup" ],
        "FullCommandName": [ "Get-AzFrontDoorCdnOriginGroup_List" ],
        "ParameterSetName": [ "__AllParameterSets" ],
        "User-Agent": [ "AzurePowershell/v13.2.0", "PSVersion/v7.5.3", "Az.Cdn/0.1.0" ],
        "Authorization": [ "[Filtered]" ]
      },
      "ContentHeaders": {
      }
    },
    "Response": {
      "StatusCode": 200,
      "Headers": {
        "Cache-Control": [ "no-cache" ],
        "Pragma": [ "no-cache" ],
        "Strict-Transport-Security": [ "max-age=31536000; includeSubDomains" ],
        "x-ms-request-id": [ "88926709-1988-47b2-8792-12e4ca138c8a" ],
        "x-ms-client-request-id": [ "da7391f7-31ca-4406-977a-2d4e99a80625" ],
        "x-ms-operation-identifier": [ "tenantId=72f988bf-86f1-41af-91ab-2d7cd011db47,objectId=2e396a67-4dc1-43ae-afcc-c6747d291866/westus/825f209c-e5e7-496e-9fe8-be9e50a06a6c" ],
        "x-ms-ratelimit-remaining-subscription-reads": [ "1099" ],
        "x-ms-ratelimit-remaining-subscription-global-reads": [ "16499" ],
        "x-ms-correlation-request-id": [ "c985b072-1d38-4bc1-90ed-364ddf27c79a" ],
        "x-ms-routing-request-id": [ "WESTUS:20251024T220935Z:c985b072-1d38-4bc1-90ed-364ddf27c79a" ],
        "X-Content-Type-Options": [ "nosniff" ],
        "X-Cache": [ "CONFIG_NOCACHE" ],
        "X-MSEdge-Ref": [ "Ref A: 4D7987FF7F1E4556AD328E52D091B329 Ref B: SYD03EDGE0707 Ref C: 2025-10-24T22:09:34Z" ],
        "Date": [ "Fri, 24 Oct 2025 22:09:35 GMT" ]
      },
      "ContentHeaders": {
        "Content-Length": [ "1269" ],
        "Content-Type": [ "application/json; charset=utf-8" ],
        "Expires": [ "-1" ]
      },
      "Content": "{\"value\":[{\"id\":\"/subscriptions/27cafca8-b9a4-4264-b399-45d0c9cca1ab/resourcegroups/testps-rg-s3am/providers/Microsoft.Cdn/profiles/fdp-i87x60/origingroups/org-pstest010\",\"type\":\"Microsoft.Cdn/profiles/origingroups\",\"name\":\"org-pstest010\",\"properties\":{\"loadBalancingSettings\":{\"sampleSize\":5,\"successfulSamplesRequired\":4,\"additionalLatencyInMilliseconds\":200},\"healthProbeSettings\":{\"probePath\":\"/\",\"probeRequestType\":\"GET\",\"probeProtocol\":\"Https\",\"probeIntervalInSeconds\":1},\"trafficRestorationTimeToHealedOrNewEndpointsInMinutes\":null,\"sessionAffinityState\":\"Disabled\",\"provisioningState\":\"Succeeded\",\"deploymentStatus\":\"NotStarted\"}},{\"id\":\"/subscriptions/27cafca8-b9a4-4264-b399-45d0c9cca1ab/resourcegroups/testps-rg-s3am/providers/Microsoft.Cdn/profiles/fdp-i87x60/origingroups/org-pstest020\",\"type\":\"Microsoft.Cdn/profiles/origingroups\",\"name\":\"org-pstest020\",\"properties\":{\"loadBalancingSettings\":{\"sampleSize\":5,\"successfulSamplesRequired\":4,\"additionalLatencyInMilliseconds\":200},\"healthProbeSettings\":{\"probePath\":\"/\",\"probeRequestType\":\"GET\",\"probeProtocol\":\"Https\",\"probeIntervalInSeconds\":1},\"trafficRestorationTimeToHealedOrNewEndpointsInMinutes\":null,\"sessionAffinityState\":\"Disabled\",\"provisioningState\":\"Succeeded\",\"deploymentStatus\":\"NotStarted\"}}]}",
      "isContentBase64": false
    }
  },
  "Get-AzFrontDoorCdnOriginGroup+[NoContext]+Get+$GET+https://management.azure.com/subscriptions/27cafca8-b9a4-4264-b399-45d0c9cca1ab/resourceGroups/testps-rg-s3am/providers/Microsoft.Cdn/profiles/fdp-i87x60/originGroups/org-pstest020?api-version=2025-04-15+1": {
    "Request": {
      "Method": "GET",
      "RequestUri": "https://management.azure.com/subscriptions/27cafca8-b9a4-4264-b399-45d0c9cca1ab/resourceGroups/testps-rg-s3am/providers/Microsoft.Cdn/profiles/fdp-i87x60/originGroups/org-pstest020?api-version=2025-04-15",
      "Content": null,
      "isContentBase64": false,
      "Headers": {
        "x-ms-unique-id": [ "195" ],
        "x-ms-client-request-id": [ "f332a2f0-ee78-4f0d-ab84-c3041fac0561" ],
        "CommandName": [ "Get-AzFrontDoorCdnOriginGroup" ],
        "FullCommandName": [ "Get-AzFrontDoorCdnOriginGroup_Get" ],
        "ParameterSetName": [ "__AllParameterSets" ],
        "User-Agent": [ "AzurePowershell/v13.2.0", "PSVersion/v7.5.3", "Az.Cdn/0.1.0" ],
        "Authorization": [ "[Filtered]" ]
      },
      "ContentHeaders": {
      }
    },
    "Response": {
      "StatusCode": 200,
      "Headers": {
        "Cache-Control": [ "no-cache" ],
        "Pragma": [ "no-cache" ],
        "Strict-Transport-Security": [ "max-age=31536000; includeSubDomains" ],
        "x-ms-request-id": [ "94c46323-0858-4176-8b9b-b908a0048047" ],
        "x-ms-client-request-id": [ "f332a2f0-ee78-4f0d-ab84-c3041fac0561" ],
        "x-ms-operation-identifier": [ "tenantId=72f988bf-86f1-41af-91ab-2d7cd011db47,objectId=2e396a67-4dc1-43ae-afcc-c6747d291866/westus/599f87f6-d0df-43ff-bb22-97fc5ff2724c" ],
        "x-ms-ratelimit-remaining-subscription-reads": [ "1097" ],
        "x-ms-ratelimit-remaining-subscription-global-reads": [ "16497" ],
        "x-ms-correlation-request-id": [ "9128988e-aa43-4a26-9cf0-73faefee5199" ],
        "x-ms-routing-request-id": [ "WESTUS:20251024T220935Z:9128988e-aa43-4a26-9cf0-73faefee5199" ],
        "X-Content-Type-Options": [ "nosniff" ],
        "X-Cache": [ "CONFIG_NOCACHE" ],
        "X-MSEdge-Ref": [ "Ref A: 8687A135A2134CDC9E79D042592784FD Ref B: SYD03EDGE0707 Ref C: 2025-10-24T22:09:35Z" ],
        "Date": [ "Fri, 24 Oct 2025 22:09:36 GMT" ]
      },
      "ContentHeaders": {
        "Content-Length": [ "628" ],
        "Content-Type": [ "application/json; charset=utf-8" ],
        "Expires": [ "-1" ]
      },
      "Content": "{\"id\":\"/subscriptions/27cafca8-b9a4-4264-b399-45d0c9cca1ab/resourcegroups/testps-rg-s3am/providers/Microsoft.Cdn/profiles/fdp-i87x60/origingroups/org-pstest020\",\"type\":\"Microsoft.Cdn/profiles/origingroups\",\"name\":\"org-pstest020\",\"properties\":{\"loadBalancingSettings\":{\"sampleSize\":5,\"successfulSamplesRequired\":4,\"additionalLatencyInMilliseconds\":200},\"healthProbeSettings\":{\"probePath\":\"/\",\"probeRequestType\":\"GET\",\"probeProtocol\":\"Https\",\"probeIntervalInSeconds\":1},\"trafficRestorationTimeToHealedOrNewEndpointsInMinutes\":null,\"sessionAffinityState\":\"Disabled\",\"provisioningState\":\"Succeeded\",\"deploymentStatus\":\"NotStarted\"}}",
      "isContentBase64": false
    }
  },
  "Get-AzFrontDoorCdnOriginGroup+[NoContext]+GetViaIdentity+$GET+https://management.azure.com/subscriptions/27cafca8-b9a4-4264-b399-45d0c9cca1ab/resourceGroups/testps-rg-s3am/providers/Microsoft.Cdn/profiles/fdp-i87x60/originGroups/org-pstest020?api-version=2025-04-15+1": {
    "Request": {
      "Method": "GET",
      "RequestUri": "https://management.azure.com/subscriptions/27cafca8-b9a4-4264-b399-45d0c9cca1ab/resourceGroups/testps-rg-s3am/providers/Microsoft.Cdn/profiles/fdp-i87x60/originGroups/org-pstest020?api-version=2025-04-15",
      "Content": null,
      "isContentBase64": false,
      "Headers": {
        "x-ms-unique-id": [ "196" ],
        "x-ms-client-request-id": [ "5c5ed784-e8df-4e33-bc39-05998cdd532a" ],
        "CommandName": [ "Get-AzFrontDoorCdnOriginGroup" ],
        "FullCommandName": [ "Get-AzFrontDoorCdnOriginGroup_Get" ],
        "ParameterSetName": [ "__AllParameterSets" ],
        "User-Agent": [ "AzurePowershell/v13.2.0", "PSVersion/v7.5.3", "Az.Cdn/0.1.0" ],
        "Authorization": [ "[Filtered]" ]
      },
      "ContentHeaders": {
      }
    },
    "Response": {
      "StatusCode": 200,
      "Headers": {
        "Cache-Control": [ "no-cache" ],
        "Pragma": [ "no-cache" ],
        "Strict-Transport-Security": [ "max-age=31536000; includeSubDomains" ],
        "x-ms-request-id": [ "26102feb-d2a2-4779-8f59-74161941da43" ],
        "x-ms-client-request-id": [ "5c5ed784-e8df-4e33-bc39-05998cdd532a" ],
        "x-ms-operation-identifier": [ "tenantId=72f988bf-86f1-41af-91ab-2d7cd011db47,objectId=2e396a67-4dc1-43ae-afcc-c6747d291866/westus/fe44a6f5-c7da-4f3e-a66c-19aeb3882532" ],
        "x-ms-ratelimit-remaining-subscription-reads": [ "1098" ],
        "x-ms-ratelimit-remaining-subscription-global-reads": [ "16498" ],
        "x-ms-correlation-request-id": [ "c66976c9-cf5b-45cb-88a6-97da1c983c88" ],
        "x-ms-routing-request-id": [ "WESTUS:20251024T220936Z:c66976c9-cf5b-45cb-88a6-97da1c983c88" ],
        "X-Content-Type-Options": [ "nosniff" ],
        "X-Cache": [ "CONFIG_NOCACHE" ],
        "X-MSEdge-Ref": [ "Ref A: CD43458BB018422F893DEB928DC97100 Ref B: SYD03EDGE0707 Ref C: 2025-10-24T22:09:36Z" ],
        "Date": [ "Fri, 24 Oct 2025 22:09:36 GMT" ]
      },
      "ContentHeaders": {
        "Content-Length": [ "628" ],
        "Content-Type": [ "application/json; charset=utf-8" ],
        "Expires": [ "-1" ]
      },
      "Content": "{\"id\":\"/subscriptions/27cafca8-b9a4-4264-b399-45d0c9cca1ab/resourcegroups/testps-rg-s3am/providers/Microsoft.Cdn/profiles/fdp-i87x60/origingroups/org-pstest020\",\"type\":\"Microsoft.Cdn/profiles/origingroups\",\"name\":\"org-pstest020\",\"properties\":{\"loadBalancingSettings\":{\"sampleSize\":5,\"successfulSamplesRequired\":4,\"additionalLatencyInMilliseconds\":200},\"healthProbeSettings\":{\"probePath\":\"/\",\"probeRequestType\":\"GET\",\"probeProtocol\":\"Https\",\"probeIntervalInSeconds\":1},\"trafficRestorationTimeToHealedOrNewEndpointsInMinutes\":null,\"sessionAffinityState\":\"Disabled\",\"provisioningState\":\"Succeeded\",\"deploymentStatus\":\"NotStarted\"}}",
      "isContentBase64": false
    }
  },
  "Get-AzFrontDoorCdnOriginGroup+[NoContext]+GetViaIdentity+$GET+https://management.azure.com/subscriptions/27cafca8-b9a4-4264-b399-45d0c9cca1ab/resourceGroups/testps-rg-s3am/providers/Microsoft.Cdn/profiles/fdp-i87x60/originGroups/org-pstest020?api-version=2025-04-15+2": {
    "Request": {
      "Method": "GET",
      "RequestUri": "https://management.azure.com/subscriptions/27cafca8-b9a4-4264-b399-45d0c9cca1ab/resourceGroups/testps-rg-s3am/providers/Microsoft.Cdn/profiles/fdp-i87x60/originGroups/org-pstest020?api-version=2025-04-15",
      "Content": null,
      "isContentBase64": false,
      "Headers": {
        "x-ms-unique-id": [ "197" ],
        "x-ms-client-request-id": [ "0267fe5f-16f3-48f1-8cd1-f3ee1c1e5ab8" ],
        "CommandName": [ "Get-AzFrontDoorCdnOriginGroup" ],
        "FullCommandName": [ "Get-AzFrontDoorCdnOriginGroup_GetViaIdentity" ],
        "ParameterSetName": [ "__AllParameterSets" ],
        "User-Agent": [ "AzurePowershell/v13.2.0", "PSVersion/v7.5.3", "Az.Cdn/0.1.0" ],
        "Authorization": [ "[Filtered]" ]
      },
      "ContentHeaders": {
      }
    },
    "Response": {
      "StatusCode": 200,
      "Headers": {
        "Cache-Control": [ "no-cache" ],
        "Pragma": [ "no-cache" ],
        "Strict-Transport-Security": [ "max-age=31536000; includeSubDomains" ],
        "x-ms-request-id": [ "7660572a-d8a8-4c35-873e-771add4acb7e" ],
        "x-ms-client-request-id": [ "0267fe5f-16f3-48f1-8cd1-f3ee1c1e5ab8" ],
        "x-ms-operation-identifier": [ "tenantId=72f988bf-86f1-41af-91ab-2d7cd011db47,objectId=2e396a67-4dc1-43ae-afcc-c6747d291866/westus/c4e9c037-192c-446c-919d-3f827c558175" ],
        "x-ms-ratelimit-remaining-subscription-reads": [ "1096" ],
        "x-ms-ratelimit-remaining-subscription-global-reads": [ "16496" ],
        "x-ms-correlation-request-id": [ "2f27db2c-c605-48d6-ad9d-490582a3e89e" ],
        "x-ms-routing-request-id": [ "WESTUS:20251024T220936Z:2f27db2c-c605-48d6-ad9d-490582a3e89e" ],
        "X-Content-Type-Options": [ "nosniff" ],
        "X-Cache": [ "CONFIG_NOCACHE" ],
        "X-MSEdge-Ref": [ "Ref A: 136749F339CB4FE9B0FBDB95D1E69440 Ref B: SYD03EDGE0707 Ref C: 2025-10-24T22:09:36Z" ],
        "Date": [ "Fri, 24 Oct 2025 22:09:36 GMT" ]
      },
      "ContentHeaders": {
        "Content-Length": [ "628" ],
        "Content-Type": [ "application/json; charset=utf-8" ],
        "Expires": [ "-1" ]
      },
      "Content": "{\"id\":\"/subscriptions/27cafca8-b9a4-4264-b399-45d0c9cca1ab/resourcegroups/testps-rg-s3am/providers/Microsoft.Cdn/profiles/fdp-i87x60/origingroups/org-pstest020\",\"type\":\"Microsoft.Cdn/profiles/origingroups\",\"name\":\"org-pstest020\",\"properties\":{\"loadBalancingSettings\":{\"sampleSize\":5,\"successfulSamplesRequired\":4,\"additionalLatencyInMilliseconds\":200},\"healthProbeSettings\":{\"probePath\":\"/\",\"probeRequestType\":\"GET\",\"probeProtocol\":\"Https\",\"probeIntervalInSeconds\":1},\"trafficRestorationTimeToHealedOrNewEndpointsInMinutes\":null,\"sessionAffinityState\":\"Disabled\",\"provisioningState\":\"Succeeded\",\"deploymentStatus\":\"NotStarted\"}}",
      "isContentBase64": false
    }
  }
}