{
  "Get-AzCdnCustomDomain+[NoContext]+List+$GET+https://management.azure.com/subscriptions/27cafca8-b9a4-4264-b399-45d0c9cca1ab/resourceGroups/testps-rg-i4qa/providers/Microsoft.Cdn/profiles/p-qdj3t2/endpoints/ps-2024-0901-domain010/customDomains?api-version=2024-09-01+1": {
    "Request": {
      "Method": "GET",
      "RequestUri": "https://management.azure.com/subscriptions/27cafca8-b9a4-4264-b399-45d0c9cca1ab/resourceGroups/testps-rg-i4qa/providers/Microsoft.Cdn/profiles/p-qdj3t2/endpoints/ps-2024-0901-domain010/customDomains?api-version=2024-09-01",
      "Content": null,
      "isContentBase64": false,
      "Headers": {
        "x-ms-unique-id": [ "117" ],
        "x-ms-client-request-id": [ "6c6d8126-30da-48e7-9cc1-5352d342842f" ],
        "CommandName": [ "Get-AzCdnCustomDomain" ],
        "FullCommandName": [ "Get-AzCdnCustomDomain_List" ],
        "ParameterSetName": [ "__AllParameterSets" ],
        "User-Agent": [ "AzurePowershell/v12.4.0", "PSVersion/v7.4.6", "Az.Cdn/0.0.0" ],
        "Authorization": [ "[Filtered]" ]
      },
      "ContentHeaders": {
      }
    },
    "Response": {
      "StatusCode": 200,
      "Headers": {
        "Cache-Control": [ "no-cache" ],
        "Pragma": [ "no-cache" ],
        "Strict-Transport-Security": [ "max-age=31536000; includeSubDomains" ],
        "x-ms-request-id": [ "0894d028-4437-4fbf-b3e3-885586b5159d" ],
        "x-ms-client-request-id": [ "6c6d8126-30da-48e7-9cc1-5352d342842f" ],
        "x-ms-ratelimit-remaining-subscription-reads": [ "1099" ],
        "x-ms-ratelimit-remaining-subscription-global-reads": [ "16499" ],
        "x-ms-correlation-request-id": [ "f4f47a26-3d2b-4cb8-a100-1b758b0eea4e" ],
        "x-ms-routing-request-id": [ "SOUTHINDIA:20241109T010440Z:f4f47a26-3d2b-4cb8-a100-1b758b0eea4e" ],
        "X-Content-Type-Options": [ "nosniff" ],
        "X-Cache": [ "CONFIG_NOCACHE" ],
        "X-MSEdge-Ref": [ "Ref A: B946E577C040490DAF827EE384B8E30E Ref B: MAA201060513011 Ref C: 2024-11-09T01:04:38Z" ],
        "Date": [ "Sat, 09 Nov 2024 01:04:40 GMT" ]
      },
      "ContentHeaders": {
        "Content-Length": [ "750" ],
        "Content-Type": [ "application/json; charset=utf-8" ],
        "Expires": [ "-1" ]
      },
      "Content": "{\"value\":[{\"id\":\"/subscriptions/27cafca8-b9a4-4264-b399-45d0c9cca1ab/resourcegroups/testps-rg-i4qa/providers/Microsoft.Cdn/profiles/p-qdj3t2/endpoints/ps-2024-0901-domain010/customdomains/cd-obh0za\",\"type\":\"Microsoft.Cdn/profiles/endpoints/customdomains\",\"name\":\"cd-obh0za\",\"properties\":{\"hostName\":\"ps-2024-0901-domain010.ps.cdne2e.azfdtest.xyz\",\"validationData\":null,\"resourceState\":\"Active\",\"customHttpsProvisioningState\":\"Enabled\",\"customHttpsProvisioningSubstate\":\"CertificateDeployed\",\"customHttpsParameters\":{\"certificateSource\":\"Cdn\",\"certificateSourceParameters\":{\"typeName\":\"CdnCertificateSourceParameters\",\"certificateType\":\"Dedicated\"},\"protocolType\":\"ServerNameIndication\",\"minimumTlsVersion\":\"TLS12\"},\"provisioningState\":\"Succeeded\"}}]}",
      "isContentBase64": false
    }
  },
  "Get-AzCdnCustomDomain+[NoContext]+Get+$GET+https://management.azure.com/subscriptions/27cafca8-b9a4-4264-b399-45d0c9cca1ab/resourceGroups/testps-rg-i4qa/providers/Microsoft.Cdn/profiles/p-qdj3t2/endpoints/ps-2024-0901-domain010/customDomains/cd-obh0za?api-version=2024-09-01+1": {
    "Request": {
      "Method": "GET",
      "RequestUri": "https://management.azure.com/subscriptions/27cafca8-b9a4-4264-b399-45d0c9cca1ab/resourceGroups/testps-rg-i4qa/providers/Microsoft.Cdn/profiles/p-qdj3t2/endpoints/ps-2024-0901-domain010/customDomains/cd-obh0za?api-version=2024-09-01",
      "Content": null,
      "isContentBase64": false,
      "Headers": {
        "x-ms-unique-id": [ "118" ],
        "x-ms-client-request-id": [ "f7e90b47-6cc7-42a5-a901-5ac3a3c1357f" ],
        "CommandName": [ "Get-AzCdnCustomDomain" ],
        "FullCommandName": [ "Get-AzCdnCustomDomain_Get" ],
        "ParameterSetName": [ "__AllParameterSets" ],
        "User-Agent": [ "AzurePowershell/v12.4.0", "PSVersion/v7.4.6", "Az.Cdn/0.0.0" ],
        "Authorization": [ "[Filtered]" ]
      },
      "ContentHeaders": {
      }
    },
    "Response": {
      "StatusCode": 200,
      "Headers": {
        "Cache-Control": [ "no-cache" ],
        "Pragma": [ "no-cache" ],
        "Strict-Transport-Security": [ "max-age=31536000; includeSubDomains" ],
        "x-ms-request-id": [ "71d7fa85-7084-4a9a-8ecd-148fcb4f9128" ],
        "x-ms-client-request-id": [ "f7e90b47-6cc7-42a5-a901-5ac3a3c1357f" ],
        "x-ms-ratelimit-remaining-subscription-reads": [ "1099" ],
        "x-ms-ratelimit-remaining-subscription-global-reads": [ "16499" ],
        "x-ms-correlation-request-id": [ "dd1a5403-e4ff-4249-8b78-3e319dbd2b76" ],
        "x-ms-routing-request-id": [ "SOUTHINDIA:20241109T010441Z:dd1a5403-e4ff-4249-8b78-3e319dbd2b76" ],
        "X-Content-Type-Options": [ "nosniff" ],
        "X-Cache": [ "CONFIG_NOCACHE" ],
        "X-MSEdge-Ref": [ "Ref A: F44742F1AF7B489E8D7C03E038BC3128 Ref B: MAA201060513011 Ref C: 2024-11-09T01:04:40Z" ],
        "Date": [ "Sat, 09 Nov 2024 01:04:41 GMT" ]
      },
      "ContentHeaders": {
        "Content-Length": [ "738" ],
        "Content-Type": [ "application/json; charset=utf-8" ],
        "Expires": [ "-1" ]
      },
      "Content": "{\"id\":\"/subscriptions/27cafca8-b9a4-4264-b399-45d0c9cca1ab/resourcegroups/testps-rg-i4qa/providers/Microsoft.Cdn/profiles/p-qdj3t2/endpoints/ps-2024-0901-domain010/customdomains/cd-obh0za\",\"type\":\"Microsoft.Cdn/profiles/endpoints/customdomains\",\"name\":\"cd-obh0za\",\"properties\":{\"hostName\":\"ps-2024-0901-domain010.ps.cdne2e.azfdtest.xyz\",\"validationData\":null,\"resourceState\":\"Active\",\"customHttpsProvisioningState\":\"Enabled\",\"customHttpsProvisioningSubstate\":\"CertificateDeployed\",\"customHttpsParameters\":{\"certificateSource\":\"Cdn\",\"certificateSourceParameters\":{\"typeName\":\"CdnCertificateSourceParameters\",\"certificateType\":\"Dedicated\"},\"protocolType\":\"ServerNameIndication\",\"minimumTlsVersion\":\"TLS12\"},\"provisioningState\":\"Succeeded\"}}",
      "isContentBase64": false
    }
  },
  "Get-AzCdnCustomDomain+[NoContext]+GetViaIdentity+$GET+https://management.azure.com/subscriptions/27cafca8-b9a4-4264-b399-45d0c9cca1ab/resourceGroups/testps-rg-i4qa/providers/Microsoft.Cdn/profiles/p-qdj3t2/endpoints/ps-2024-0901-domain010/customDomains/cd-obh0za?api-version=2024-09-01+1": {
    "Request": {
      "Method": "GET",
      "RequestUri": "https://management.azure.com/subscriptions/27cafca8-b9a4-4264-b399-45d0c9cca1ab/resourceGroups/testps-rg-i4qa/providers/Microsoft.Cdn/profiles/p-qdj3t2/endpoints/ps-2024-0901-domain010/customDomains/cd-obh0za?api-version=2024-09-01",
      "Content": null,
      "isContentBase64": false,
      "Headers": {
        "x-ms-unique-id": [ "119" ],
        "x-ms-client-request-id": [ "923982db-f75b-4aac-9078-7a3d89a0c9b4" ],
        "CommandName": [ "Get-AzCdnCustomDomain" ],
        "FullCommandName": [ "Get-AzCdnCustomDomain_Get" ],
        "ParameterSetName": [ "__AllParameterSets" ],
        "User-Agent": [ "AzurePowershell/v12.4.0", "PSVersion/v7.4.6", "Az.Cdn/0.0.0" ],
        "Authorization": [ "[Filtered]" ]
      },
      "ContentHeaders": {
      }
    },
    "Response": {
      "StatusCode": 200,
      "Headers": {
        "Cache-Control": [ "no-cache" ],
        "Pragma": [ "no-cache" ],
        "Strict-Transport-Security": [ "max-age=31536000; includeSubDomains" ],
        "x-ms-request-id": [ "590ae192-8788-44c9-a38b-f0bec524d5c4" ],
        "x-ms-client-request-id": [ "923982db-f75b-4aac-9078-7a3d89a0c9b4" ],
        "x-ms-ratelimit-remaining-subscription-reads": [ "1099" ],
        "x-ms-ratelimit-remaining-subscription-global-reads": [ "16499" ],
        "x-ms-correlation-request-id": [ "eb5251a4-743a-4493-aeb2-342b679eaf45" ],
        "x-ms-routing-request-id": [ "SOUTHINDIA:20241109T010443Z:eb5251a4-743a-4493-aeb2-342b679eaf45" ],
        "X-Content-Type-Options": [ "nosniff" ],
        "X-Cache": [ "CONFIG_NOCACHE" ],
        "X-MSEdge-Ref": [ "Ref A: 2F173659374047FEA022706BF6D77650 Ref B: MAA201060513011 Ref C: 2024-11-09T01:04:41Z" ],
        "Date": [ "Sat, 09 Nov 2024 01:04:43 GMT" ]
      },
      "ContentHeaders": {
        "Content-Length": [ "738" ],
        "Content-Type": [ "application/json; charset=utf-8" ],
        "Expires": [ "-1" ]
      },
      "Content": "{\"id\":\"/subscriptions/27cafca8-b9a4-4264-b399-45d0c9cca1ab/resourcegroups/testps-rg-i4qa/providers/Microsoft.Cdn/profiles/p-qdj3t2/endpoints/ps-2024-0901-domain010/customdomains/cd-obh0za\",\"type\":\"Microsoft.Cdn/profiles/endpoints/customdomains\",\"name\":\"cd-obh0za\",\"properties\":{\"hostName\":\"ps-2024-0901-domain010.ps.cdne2e.azfdtest.xyz\",\"validationData\":null,\"resourceState\":\"Active\",\"customHttpsProvisioningState\":\"Enabled\",\"customHttpsProvisioningSubstate\":\"CertificateDeployed\",\"customHttpsParameters\":{\"certificateSource\":\"Cdn\",\"certificateSourceParameters\":{\"typeName\":\"CdnCertificateSourceParameters\",\"certificateType\":\"Dedicated\"},\"protocolType\":\"ServerNameIndication\",\"minimumTlsVersion\":\"TLS12\"},\"provisioningState\":\"Succeeded\"}}",
      "isContentBase64": false
    }
  },
  "Get-AzCdnCustomDomain+[NoContext]+GetViaIdentity+$GET+https://management.azure.com/subscriptions/27cafca8-b9a4-4264-b399-45d0c9cca1ab/resourceGroups/testps-rg-i4qa/providers/Microsoft.Cdn/profiles/p-qdj3t2/endpoints/ps-2024-0901-domain010/customDomains/cd-obh0za?api-version=2024-09-01+2": {
    "Request": {
      "Method": "GET",
      "RequestUri": "https://management.azure.com/subscriptions/27cafca8-b9a4-4264-b399-45d0c9cca1ab/resourceGroups/testps-rg-i4qa/providers/Microsoft.Cdn/profiles/p-qdj3t2/endpoints/ps-2024-0901-domain010/customDomains/cd-obh0za?api-version=2024-09-01",
      "Content": null,
      "isContentBase64": false,
      "Headers": {
        "x-ms-unique-id": [ "120" ],
        "x-ms-client-request-id": [ "73e1053b-5508-418c-8152-84f6d8576268" ],
        "CommandName": [ "Get-AzCdnCustomDomain" ],
        "FullCommandName": [ "Get-AzCdnCustomDomain_GetViaIdentity" ],
        "ParameterSetName": [ "__AllParameterSets" ],
        "User-Agent": [ "AzurePowershell/v12.4.0", "PSVersion/v7.4.6", "Az.Cdn/0.0.0" ],
        "Authorization": [ "[Filtered]" ]
      },
      "ContentHeaders": {
      }
    },
    "Response": {
      "StatusCode": 200,
      "Headers": {
        "Cache-Control": [ "no-cache" ],
        "Pragma": [ "no-cache" ],
        "Strict-Transport-Security": [ "max-age=31536000; includeSubDomains" ],
        "x-ms-request-id": [ "5c2cfafb-309f-49ca-9c7f-345e2bec120a" ],
        "x-ms-client-request-id": [ "73e1053b-5508-418c-8152-84f6d8576268" ],
        "x-ms-ratelimit-remaining-subscription-reads": [ "1099" ],
        "x-ms-ratelimit-remaining-subscription-global-reads": [ "16499" ],
        "x-ms-correlation-request-id": [ "bdb234a8-0a85-4dd8-ad8f-45d09d1d7336" ],
        "x-ms-routing-request-id": [ "SOUTHINDIA:20241109T010444Z:bdb234a8-0a85-4dd8-ad8f-45d09d1d7336" ],
        "X-Content-Type-Options": [ "nosniff" ],
        "X-Cache": [ "CONFIG_NOCACHE" ],
        "X-MSEdge-Ref": [ "Ref A: EC6D6219126E4E97A5074D8521C07D71 Ref B: MAA201060513011 Ref C: 2024-11-09T01:04:43Z" ],
        "Date": [ "Sat, 09 Nov 2024 01:04:44 GMT" ]
      },
      "ContentHeaders": {
        "Content-Length": [ "738" ],
        "Content-Type": [ "application/json; charset=utf-8" ],
        "Expires": [ "-1" ]
      },
      "Content": "{\"id\":\"/subscriptions/27cafca8-b9a4-4264-b399-45d0c9cca1ab/resourcegroups/testps-rg-i4qa/providers/Microsoft.Cdn/profiles/p-qdj3t2/endpoints/ps-2024-0901-domain010/customdomains/cd-obh0za\",\"type\":\"Microsoft.Cdn/profiles/endpoints/customdomains\",\"name\":\"cd-obh0za\",\"properties\":{\"hostName\":\"ps-2024-0901-domain010.ps.cdne2e.azfdtest.xyz\",\"validationData\":null,\"resourceState\":\"Active\",\"customHttpsProvisioningState\":\"Enabled\",\"customHttpsProvisioningSubstate\":\"CertificateDeployed\",\"customHttpsParameters\":{\"certificateSource\":\"Cdn\",\"certificateSourceParameters\":{\"typeName\":\"CdnCertificateSourceParameters\",\"certificateType\":\"Dedicated\"},\"protocolType\":\"ServerNameIndication\",\"minimumTlsVersion\":\"TLS12\"},\"provisioningState\":\"Succeeded\"}}",
      "isContentBase64": false
    }
  }
}