{
  "Get-AzCdnProfile+[NoContext]+List+$GET+https://management.azure.com/subscriptions/27cafca8-b9a4-4264-b399-45d0c9cca1ab/resourceGroups/testps-rg-kwhc/providers/Microsoft.Cdn/profiles?api-version=2024-09-01+1": {
    "Request": {
      "Method": "GET",
      "RequestUri": "https://management.azure.com/subscriptions/27cafca8-b9a4-4264-b399-45d0c9cca1ab/resourceGroups/testps-rg-kwhc/providers/Microsoft.Cdn/profiles?api-version=2024-09-01",
      "Content": null,
      "isContentBase64": false,
      "Headers": {
        "x-ms-unique-id": [ "139" ],
        "x-ms-client-request-id": [ "6db362e0-04a7-4719-a956-9e3a96518ace" ],
        "CommandName": [ "Az.Cdn.internal\\Get-AzCdnProfile" ],
        "FullCommandName": [ "Get-AzCdnProfile_List1" ],
        "ParameterSetName": [ "__AllParameterSets" ],
        "User-Agent": [ "AzurePowershell/v12.4.0", "PSVersion/v7.4.6", "Az.Cdn/0.0.0" ],
        "Authorization": [ "[Filtered]" ]
      },
      "ContentHeaders": {
      }
    },
    "Response": {
      "StatusCode": 200,
      "Headers": {
        "Cache-Control": [ "no-cache" ],
        "Pragma": [ "no-cache" ],
        "Strict-Transport-Security": [ "max-age=31536000; includeSubDomains" ],
        "x-ms-request-id": [ "ddde745d-d742-4e26-8f13-ea0281008b71" ],
        "x-ms-client-request-id": [ "6db362e0-04a7-4719-a956-9e3a96518ace" ],
        "x-ms-ratelimit-remaining-subscription-resource-requests": [ "4999" ],
        "x-ms-correlation-request-id": [ "bcb0ea1a-0972-4538-8612-f8a356c4c2e5" ],
        "x-ms-routing-request-id": [ "SOUTHINDIA:20241031T040410Z:bcb0ea1a-0972-4538-8612-f8a356c4c2e5" ],
        "X-Content-Type-Options": [ "nosniff" ],
        "X-Cache": [ "CONFIG_NOCACHE" ],
        "X-MSEdge-Ref": [ "Ref A: 0D42E0047B224A2C818306A00C99D519 Ref B: MAA201060513053 Ref C: 2024-10-31T04:04:10Z" ],
        "Date": [ "Thu, 31 Oct 2024 04:04:10 GMT" ]
      },
      "ContentHeaders": {
        "Content-Length": [ "1205" ],
        "Content-Type": [ "application/json; charset=utf-8" ],
        "Expires": [ "-1" ]
      },
      "Content": "{\"value\":[{\"id\":\"/subscriptions/27cafca8-b9a4-4264-b399-45d0c9cca1ab/resourcegroups/testps-rg-kwhc/providers/Microsoft.Cdn/profiles/p-o9qlw7\",\"type\":\"Microsoft.Cdn/profiles\",\"name\":\"p-o9qlw7\",\"location\":\"Global\",\"kind\":\"cdn\",\"tags\":{},\"sku\":{\"name\":\"Standard_Verizon\"},\"properties\":{\"extendedProperties\":{},\"resourceState\":\"Active\",\"provisioningState\":\"Succeeded\"}},{\"id\":\"/subscriptions/27cafca8-b9a4-4264-b399-45d0c9cca1ab/resourcegroups/testps-rg-kwhc/providers/Microsoft.Cdn/profiles/p-c96qmj\",\"type\":\"Microsoft.Cdn/profiles\",\"name\":\"p-c96qmj\",\"location\":\"Global\",\"kind\":\"cdn\",\"tags\":{},\"sku\":{\"name\":\"Standard_Microsoft\"},\"properties\":{\"extendedProperties\":{},\"resourceState\":\"Active\",\"provisioningState\":\"Succeeded\"}},{\"id\":\"/subscriptions/27cafca8-b9a4-4264-b399-45d0c9cca1ab/resourcegroups/testps-rg-kwhc/providers/Microsoft.Cdn/profiles/fdp-j8nl5s\",\"type\":\"Microsoft.Cdn/profiles\",\"name\":\"fdp-j8nl5s\",\"location\":\"Global\",\"kind\":\"frontdoor\",\"tags\":{},\"sku\":{\"name\":\"Standard_AzureFrontDoor\"},\"properties\":{\"originResponseTimeoutSeconds\":30,\"logScrubbing\":null,\"frontDoorId\":\"41534efe-906e-400b-b86e-f2583e2749e3\",\"extendedProperties\":{},\"resourceState\":\"Active\",\"provisioningState\":\"Succeeded\"}}]}",
      "isContentBase64": false
    }
  },
  "Get-AzCdnProfile+[NoContext]+Get+$GET+https://management.azure.com/subscriptions/27cafca8-b9a4-4264-b399-45d0c9cca1ab/resourceGroups/testps-rg-kwhc/providers/Microsoft.Cdn/profiles/p-c96qmj?api-version=2024-09-01+1": {
    "Request": {
      "Method": "GET",
      "RequestUri": "https://management.azure.com/subscriptions/27cafca8-b9a4-4264-b399-45d0c9cca1ab/resourceGroups/testps-rg-kwhc/providers/Microsoft.Cdn/profiles/p-c96qmj?api-version=2024-09-01",
      "Content": null,
      "isContentBase64": false,
      "Headers": {
        "x-ms-unique-id": [ "140" ],
        "x-ms-client-request-id": [ "245f3520-8918-496b-a291-74a6c9b71cc1" ],
        "CommandName": [ "Az.Cdn.internal\\Get-AzCdnProfile" ],
        "FullCommandName": [ "Get-AzCdnProfile_Get" ],
        "ParameterSetName": [ "__AllParameterSets" ],
        "User-Agent": [ "AzurePowershell/v12.4.0", "PSVersion/v7.4.6", "Az.Cdn/0.0.0" ],
        "Authorization": [ "[Filtered]" ]
      },
      "ContentHeaders": {
      }
    },
    "Response": {
      "StatusCode": 200,
      "Headers": {
        "Cache-Control": [ "no-cache" ],
        "Pragma": [ "no-cache" ],
        "Strict-Transport-Security": [ "max-age=31536000; includeSubDomains" ],
        "x-ms-request-id": [ "bccbfe6b-d281-4df0-8aa9-e8944c2e982e" ],
        "x-ms-client-request-id": [ "245f3520-8918-496b-a291-74a6c9b71cc1" ],
        "x-ms-ratelimit-remaining-subscription-resource-requests": [ "4999" ],
        "x-ms-correlation-request-id": [ "6826e4d5-c149-4898-8e59-f626d912cc7c" ],
        "x-ms-routing-request-id": [ "SOUTHINDIA:20241031T040411Z:6826e4d5-c149-4898-8e59-f626d912cc7c" ],
        "X-Content-Type-Options": [ "nosniff" ],
        "X-Cache": [ "CONFIG_NOCACHE" ],
        "X-MSEdge-Ref": [ "Ref A: 6BFE39DA0A9E4897B2CCC2EE595CDD8A Ref B: MAA201060513053 Ref C: 2024-10-31T04:04:11Z" ],
        "Date": [ "Thu, 31 Oct 2024 04:04:11 GMT" ]
      },
      "ContentHeaders": {
        "Content-Length": [ "357" ],
        "Content-Type": [ "application/json; charset=utf-8" ],
        "Expires": [ "-1" ]
      },
      "Content": "{\"id\":\"/subscriptions/27cafca8-b9a4-4264-b399-45d0c9cca1ab/resourcegroups/testps-rg-kwhc/providers/Microsoft.Cdn/profiles/p-c96qmj\",\"type\":\"Microsoft.Cdn/profiles\",\"name\":\"p-c96qmj\",\"location\":\"Global\",\"kind\":\"cdn\",\"tags\":{},\"sku\":{\"name\":\"Standard_Microsoft\"},\"properties\":{\"extendedProperties\":{},\"resourceState\":\"Active\",\"provisioningState\":\"Succeeded\"}}",
      "isContentBase64": false
    }
  },
  "Get-AzCdnProfile+[NoContext]+List1+$GET+https://management.azure.com/subscriptions/27cafca8-b9a4-4264-b399-45d0c9cca1ab/resourceGroups/testps-rg-kwhc/providers/Microsoft.Cdn/profiles?api-version=2024-09-01+1": {
    "Request": {
      "Method": "GET",
      "RequestUri": "https://management.azure.com/subscriptions/27cafca8-b9a4-4264-b399-45d0c9cca1ab/resourceGroups/testps-rg-kwhc/providers/Microsoft.Cdn/profiles?api-version=2024-09-01",
      "Content": null,
      "isContentBase64": false,
      "Headers": {
        "x-ms-unique-id": [ "141" ],
        "x-ms-client-request-id": [ "7a74bb30-05db-4af5-94e0-8f13d3f7fd29" ],
        "CommandName": [ "Az.Cdn.internal\\Get-AzCdnProfile" ],
        "FullCommandName": [ "Get-AzCdnProfile_List1" ],
        "ParameterSetName": [ "__AllParameterSets" ],
        "User-Agent": [ "AzurePowershell/v12.4.0", "PSVersion/v7.4.6", "Az.Cdn/0.0.0" ],
        "Authorization": [ "[Filtered]" ]
      },
      "ContentHeaders": {
      }
    },
    "Response": {
      "StatusCode": 200,
      "Headers": {
        "Cache-Control": [ "no-cache" ],
        "Pragma": [ "no-cache" ],
        "Strict-Transport-Security": [ "max-age=31536000; includeSubDomains" ],
        "x-ms-request-id": [ "4f19908e-2e6f-438d-b7e4-1623fb230ae5" ],
        "x-ms-client-request-id": [ "7a74bb30-05db-4af5-94e0-8f13d3f7fd29" ],
        "x-ms-ratelimit-remaining-subscription-resource-requests": [ "4999" ],
        "x-ms-correlation-request-id": [ "3abb8dc3-44a0-44ab-b3fe-46c78c57380d" ],
        "x-ms-routing-request-id": [ "SOUTHINDIA:20241031T040412Z:3abb8dc3-44a0-44ab-b3fe-46c78c57380d" ],
        "X-Content-Type-Options": [ "nosniff" ],
        "X-Cache": [ "CONFIG_NOCACHE" ],
        "X-MSEdge-Ref": [ "Ref A: 360429837DB141D7A852D4586EBC49AB Ref B: MAA201060513053 Ref C: 2024-10-31T04:04:11Z" ],
        "Date": [ "Thu, 31 Oct 2024 04:04:12 GMT" ]
      },
      "ContentHeaders": {
        "Content-Length": [ "1205" ],
        "Content-Type": [ "application/json; charset=utf-8" ],
        "Expires": [ "-1" ]
      },
      "Content": "{\"value\":[{\"id\":\"/subscriptions/27cafca8-b9a4-4264-b399-45d0c9cca1ab/resourcegroups/testps-rg-kwhc/providers/Microsoft.Cdn/profiles/p-o9qlw7\",\"type\":\"Microsoft.Cdn/profiles\",\"name\":\"p-o9qlw7\",\"location\":\"Global\",\"kind\":\"cdn\",\"tags\":{},\"sku\":{\"name\":\"Standard_Verizon\"},\"properties\":{\"extendedProperties\":{},\"resourceState\":\"Active\",\"provisioningState\":\"Succeeded\"}},{\"id\":\"/subscriptions/27cafca8-b9a4-4264-b399-45d0c9cca1ab/resourcegroups/testps-rg-kwhc/providers/Microsoft.Cdn/profiles/p-c96qmj\",\"type\":\"Microsoft.Cdn/profiles\",\"name\":\"p-c96qmj\",\"location\":\"Global\",\"kind\":\"cdn\",\"tags\":{},\"sku\":{\"name\":\"Standard_Microsoft\"},\"properties\":{\"extendedProperties\":{},\"resourceState\":\"Active\",\"provisioningState\":\"Succeeded\"}},{\"id\":\"/subscriptions/27cafca8-b9a4-4264-b399-45d0c9cca1ab/resourcegroups/testps-rg-kwhc/providers/Microsoft.Cdn/profiles/fdp-j8nl5s\",\"type\":\"Microsoft.Cdn/profiles\",\"name\":\"fdp-j8nl5s\",\"location\":\"Global\",\"kind\":\"frontdoor\",\"tags\":{},\"sku\":{\"name\":\"Standard_AzureFrontDoor\"},\"properties\":{\"originResponseTimeoutSeconds\":30,\"logScrubbing\":null,\"frontDoorId\":\"41534efe-906e-400b-b86e-f2583e2749e3\",\"extendedProperties\":{},\"resourceState\":\"Active\",\"provisioningState\":\"Succeeded\"}}]}",
      "isContentBase64": false
    }
  },
  "Get-AzCdnProfile+[NoContext]+GetViaIdentity+$GET+https://management.azure.com/subscriptions/27cafca8-b9a4-4264-b399-45d0c9cca1ab/resourceGroups/testps-rg-kwhc/providers/Microsoft.Cdn/profiles/p-c96qmj?api-version=2024-09-01+1": {
    "Request": {
      "Method": "GET",
      "RequestUri": "https://management.azure.com/subscriptions/27cafca8-b9a4-4264-b399-45d0c9cca1ab/resourceGroups/testps-rg-kwhc/providers/Microsoft.Cdn/profiles/p-c96qmj?api-version=2024-09-01",
      "Content": null,
      "isContentBase64": false,
      "Headers": {
        "x-ms-unique-id": [ "142" ],
        "x-ms-client-request-id": [ "7ff6d51f-e5bc-4c87-af2f-bc9b62e89952" ],
        "CommandName": [ "Az.Cdn.internal\\Get-AzCdnProfile" ],
        "FullCommandName": [ "Get-AzCdnProfile_Get" ],
        "ParameterSetName": [ "__AllParameterSets" ],
        "User-Agent": [ "AzurePowershell/v12.4.0", "PSVersion/v7.4.6", "Az.Cdn/0.0.0" ],
        "Authorization": [ "[Filtered]" ]
      },
      "ContentHeaders": {
      }
    },
    "Response": {
      "StatusCode": 200,
      "Headers": {
        "Cache-Control": [ "no-cache" ],
        "Pragma": [ "no-cache" ],
        "Strict-Transport-Security": [ "max-age=31536000; includeSubDomains" ],
        "x-ms-request-id": [ "7a9ea15e-ef77-488f-ba74-a2b5ddd6bd19" ],
        "x-ms-client-request-id": [ "7ff6d51f-e5bc-4c87-af2f-bc9b62e89952" ],
        "x-ms-ratelimit-remaining-subscription-resource-requests": [ "4999" ],
        "x-ms-correlation-request-id": [ "5b77c8a3-6412-4c4a-a6cc-b9edf5d4241f" ],
        "x-ms-routing-request-id": [ "SOUTHINDIA:20241031T040414Z:5b77c8a3-6412-4c4a-a6cc-b9edf5d4241f" ],
        "X-Content-Type-Options": [ "nosniff" ],
        "X-Cache": [ "CONFIG_NOCACHE" ],
        "X-MSEdge-Ref": [ "Ref A: EF1F68D8F5DF49D3A46F0D763A89ECDB Ref B: MAA201060513053 Ref C: 2024-10-31T04:04:13Z" ],
        "Date": [ "Thu, 31 Oct 2024 04:04:14 GMT" ]
      },
      "ContentHeaders": {
        "Content-Length": [ "357" ],
        "Content-Type": [ "application/json; charset=utf-8" ],
        "Expires": [ "-1" ]
      },
      "Content": "{\"id\":\"/subscriptions/27cafca8-b9a4-4264-b399-45d0c9cca1ab/resourcegroups/testps-rg-kwhc/providers/Microsoft.Cdn/profiles/p-c96qmj\",\"type\":\"Microsoft.Cdn/profiles\",\"name\":\"p-c96qmj\",\"location\":\"Global\",\"kind\":\"cdn\",\"tags\":{},\"sku\":{\"name\":\"Standard_Microsoft\"},\"properties\":{\"extendedProperties\":{},\"resourceState\":\"Active\",\"provisioningState\":\"Succeeded\"}}",
      "isContentBase64": false
    }
  },
  "Get-AzCdnProfile+[NoContext]+GetViaIdentity+$GET+https://management.azure.com/subscriptions/27cafca8-b9a4-4264-b399-45d0c9cca1ab/resourceGroups/testps-rg-kwhc/providers/Microsoft.Cdn/profiles/p-c96qmj?api-version=2024-09-01+2": {
    "Request": {
      "Method": "GET",
      "RequestUri": "https://management.azure.com/subscriptions/27cafca8-b9a4-4264-b399-45d0c9cca1ab/resourceGroups/testps-rg-kwhc/providers/Microsoft.Cdn/profiles/p-c96qmj?api-version=2024-09-01",
      "Content": null,
      "isContentBase64": false,
      "Headers": {
        "x-ms-unique-id": [ "143" ],
        "x-ms-client-request-id": [ "f9dd0a1a-3a0a-4224-a2ba-8580f106791f" ],
        "CommandName": [ "Az.Cdn.internal\\Get-AzCdnProfile" ],
        "FullCommandName": [ "Get-AzCdnProfile_GetViaIdentity" ],
        "ParameterSetName": [ "__AllParameterSets" ],
        "User-Agent": [ "AzurePowershell/v12.4.0", "PSVersion/v7.4.6", "Az.Cdn/0.0.0" ],
        "Authorization": [ "[Filtered]" ]
      },
      "ContentHeaders": {
      }
    },
    "Response": {
      "StatusCode": 200,
      "Headers": {
        "Cache-Control": [ "no-cache" ],
        "Pragma": [ "no-cache" ],
        "Strict-Transport-Security": [ "max-age=31536000; includeSubDomains" ],
        "x-ms-request-id": [ "c7ae5243-ec51-4c96-91ec-4d170ebbf808" ],
        "x-ms-client-request-id": [ "f9dd0a1a-3a0a-4224-a2ba-8580f106791f" ],
        "x-ms-ratelimit-remaining-subscription-resource-requests": [ "4999" ],
        "x-ms-correlation-request-id": [ "21f4773f-c3d5-4342-9438-f8f515b64854" ],
        "x-ms-routing-request-id": [ "SOUTHINDIA:20241031T040415Z:21f4773f-c3d5-4342-9438-f8f515b64854" ],
        "X-Content-Type-Options": [ "nosniff" ],
        "X-Cache": [ "CONFIG_NOCACHE" ],
        "X-MSEdge-Ref": [ "Ref A: A51873B14F6F4786A6F2EB0A77346F4B Ref B: MAA201060513053 Ref C: 2024-10-31T04:04:14Z" ],
        "Date": [ "Thu, 31 Oct 2024 04:04:15 GMT" ]
      },
      "ContentHeaders": {
        "Content-Length": [ "357" ],
        "Content-Type": [ "application/json; charset=utf-8" ],
        "Expires": [ "-1" ]
      },
      "Content": "{\"id\":\"/subscriptions/27cafca8-b9a4-4264-b399-45d0c9cca1ab/resourcegroups/testps-rg-kwhc/providers/Microsoft.Cdn/profiles/p-c96qmj\",\"type\":\"Microsoft.Cdn/profiles\",\"name\":\"p-c96qmj\",\"location\":\"Global\",\"kind\":\"cdn\",\"tags\":{},\"sku\":{\"name\":\"Standard_Microsoft\"},\"properties\":{\"extendedProperties\":{},\"resourceState\":\"Active\",\"provisioningState\":\"Succeeded\"}}",
      "isContentBase64": false
    }
  }
}