{
  "Get-AzCdnCustomDomain+[NoContext]+List+$GET+https://management.azure.com/subscriptions/27cafca8-b9a4-4264-b399-45d0c9cca1ab/resourceGroups/testps-rg-kwhc/providers/Microsoft.Cdn/profiles/p-c96qmj/endpoints/ps-2024-0901-domain010/customDomains?api-version=2024-09-01+1": {
    "Request": {
      "Method": "GET",
      "RequestUri": "https://management.azure.com/subscriptions/27cafca8-b9a4-4264-b399-45d0c9cca1ab/resourceGroups/testps-rg-kwhc/providers/Microsoft.Cdn/profiles/p-c96qmj/endpoints/ps-2024-0901-domain010/customDomains?api-version=2024-09-01",
      "Content": null,
      "isContentBase64": false,
      "Headers": {
        "x-ms-unique-id": [ "118" ],
        "x-ms-client-request-id": [ "9a936a34-3f7b-47f0-b828-d3511143a5e6" ],
        "CommandName": [ "Get-AzCdnCustomDomain" ],
        "FullCommandName": [ "Get-AzCdnCustomDomain_List" ],
        "ParameterSetName": [ "__AllParameterSets" ],
        "User-Agent": [ "AzurePowershell/v12.4.0", "PSVersion/v7.4.6", "Az.Cdn/0.0.0" ],
        "Authorization": [ "[Filtered]" ]
      },
      "ContentHeaders": {
      }
    },
    "Response": {
      "StatusCode": 200,
      "Headers": {
        "Cache-Control": [ "no-cache" ],
        "Pragma": [ "no-cache" ],
        "Strict-Transport-Security": [ "max-age=31536000; includeSubDomains" ],
        "x-ms-request-id": [ "40306262-4c41-4ddf-b71a-07b0b42e4259" ],
        "x-ms-client-request-id": [ "9a936a34-3f7b-47f0-b828-d3511143a5e6" ],
        "x-ms-ratelimit-remaining-subscription-reads": [ "1099" ],
        "x-ms-ratelimit-remaining-subscription-global-reads": [ "16499" ],
        "x-ms-correlation-request-id": [ "81b69921-5a1a-416e-94ab-5a235b119fb9" ],
        "x-ms-routing-request-id": [ "SOUTHINDIA:20241031T040321Z:81b69921-5a1a-416e-94ab-5a235b119fb9" ],
        "X-Content-Type-Options": [ "nosniff" ],
        "X-Cache": [ "CONFIG_NOCACHE" ],
        "X-MSEdge-Ref": [ "Ref A: BB19D6165B8F4661B1D727715B9593C4 Ref B: MAA201060513053 Ref C: 2024-10-31T04:03:19Z" ],
        "Date": [ "Thu, 31 Oct 2024 04:03:21 GMT" ]
      },
      "ContentHeaders": {
        "Content-Length": [ "750" ],
        "Content-Type": [ "application/json; charset=utf-8" ],
        "Expires": [ "-1" ]
      },
      "Content": "{\"value\":[{\"id\":\"/subscriptions/27cafca8-b9a4-4264-b399-45d0c9cca1ab/resourcegroups/testps-rg-kwhc/providers/Microsoft.Cdn/profiles/p-c96qmj/endpoints/ps-2024-0901-domain010/customdomains/cd-c6xdpa\",\"type\":\"Microsoft.Cdn/profiles/endpoints/customdomains\",\"name\":\"cd-c6xdpa\",\"properties\":{\"hostName\":\"ps-2024-0901-domain010.ps.cdne2e.azfdtest.xyz\",\"validationData\":null,\"resourceState\":\"Active\",\"customHttpsProvisioningState\":\"Enabled\",\"customHttpsProvisioningSubstate\":\"CertificateDeployed\",\"customHttpsParameters\":{\"certificateSource\":\"Cdn\",\"certificateSourceParameters\":{\"typeName\":\"CdnCertificateSourceParameters\",\"certificateType\":\"Dedicated\"},\"protocolType\":\"ServerNameIndication\",\"minimumTlsVersion\":\"TLS12\"},\"provisioningState\":\"Succeeded\"}}]}",
      "isContentBase64": false
    }
  },
  "Get-AzCdnCustomDomain+[NoContext]+Get+$GET+https://management.azure.com/subscriptions/27cafca8-b9a4-4264-b399-45d0c9cca1ab/resourceGroups/testps-rg-kwhc/providers/Microsoft.Cdn/profiles/p-c96qmj/endpoints/ps-2024-0901-domain010/customDomains/cd-c6xdpa?api-version=2024-09-01+1": {
    "Request": {
      "Method": "GET",
      "RequestUri": "https://management.azure.com/subscriptions/27cafca8-b9a4-4264-b399-45d0c9cca1ab/resourceGroups/testps-rg-kwhc/providers/Microsoft.Cdn/profiles/p-c96qmj/endpoints/ps-2024-0901-domain010/customDomains/cd-c6xdpa?api-version=2024-09-01",
      "Content": null,
      "isContentBase64": false,
      "Headers": {
        "x-ms-unique-id": [ "119" ],
        "x-ms-client-request-id": [ "4268060e-f493-47e9-bdd5-6ebeabc32e19" ],
        "CommandName": [ "Get-AzCdnCustomDomain" ],
        "FullCommandName": [ "Get-AzCdnCustomDomain_Get" ],
        "ParameterSetName": [ "__AllParameterSets" ],
        "User-Agent": [ "AzurePowershell/v12.4.0", "PSVersion/v7.4.6", "Az.Cdn/0.0.0" ],
        "Authorization": [ "[Filtered]" ]
      },
      "ContentHeaders": {
      }
    },
    "Response": {
      "StatusCode": 200,
      "Headers": {
        "Cache-Control": [ "no-cache" ],
        "Pragma": [ "no-cache" ],
        "Strict-Transport-Security": [ "max-age=31536000; includeSubDomains" ],
        "x-ms-request-id": [ "434c61d4-8823-4be7-b1c9-d9b1e377de1e" ],
        "x-ms-client-request-id": [ "4268060e-f493-47e9-bdd5-6ebeabc32e19" ],
        "x-ms-ratelimit-remaining-subscription-reads": [ "1099" ],
        "x-ms-ratelimit-remaining-subscription-global-reads": [ "16499" ],
        "x-ms-correlation-request-id": [ "3bc8a5bd-3147-4eaf-a583-cf23795e9a86" ],
        "x-ms-routing-request-id": [ "SOUTHINDIA:20241031T040323Z:3bc8a5bd-3147-4eaf-a583-cf23795e9a86" ],
        "X-Content-Type-Options": [ "nosniff" ],
        "X-Cache": [ "CONFIG_NOCACHE" ],
        "X-MSEdge-Ref": [ "Ref A: 4261B443C8B1447694C60B6942915F3C Ref B: MAA201060513053 Ref C: 2024-10-31T04:03:21Z" ],
        "Date": [ "Thu, 31 Oct 2024 04:03:23 GMT" ]
      },
      "ContentHeaders": {
        "Content-Length": [ "738" ],
        "Content-Type": [ "application/json; charset=utf-8" ],
        "Expires": [ "-1" ]
      },
      "Content": "{\"id\":\"/subscriptions/27cafca8-b9a4-4264-b399-45d0c9cca1ab/resourcegroups/testps-rg-kwhc/providers/Microsoft.Cdn/profiles/p-c96qmj/endpoints/ps-2024-0901-domain010/customdomains/cd-c6xdpa\",\"type\":\"Microsoft.Cdn/profiles/endpoints/customdomains\",\"name\":\"cd-c6xdpa\",\"properties\":{\"hostName\":\"ps-2024-0901-domain010.ps.cdne2e.azfdtest.xyz\",\"validationData\":null,\"resourceState\":\"Active\",\"customHttpsProvisioningState\":\"Enabled\",\"customHttpsProvisioningSubstate\":\"CertificateDeployed\",\"customHttpsParameters\":{\"certificateSource\":\"Cdn\",\"certificateSourceParameters\":{\"typeName\":\"CdnCertificateSourceParameters\",\"certificateType\":\"Dedicated\"},\"protocolType\":\"ServerNameIndication\",\"minimumTlsVersion\":\"TLS12\"},\"provisioningState\":\"Succeeded\"}}",
      "isContentBase64": false
    }
  },
  "Get-AzCdnCustomDomain+[NoContext]+GetViaIdentity+$GET+https://management.azure.com/subscriptions/27cafca8-b9a4-4264-b399-45d0c9cca1ab/resourceGroups/testps-rg-kwhc/providers/Microsoft.Cdn/profiles/p-c96qmj/endpoints/ps-2024-0901-domain010/customDomains/cd-c6xdpa?api-version=2024-09-01+1": {
    "Request": {
      "Method": "GET",
      "RequestUri": "https://management.azure.com/subscriptions/27cafca8-b9a4-4264-b399-45d0c9cca1ab/resourceGroups/testps-rg-kwhc/providers/Microsoft.Cdn/profiles/p-c96qmj/endpoints/ps-2024-0901-domain010/customDomains/cd-c6xdpa?api-version=2024-09-01",
      "Content": null,
      "isContentBase64": false,
      "Headers": {
        "x-ms-unique-id": [ "120" ],
        "x-ms-client-request-id": [ "c75cdfa0-fb68-43c0-a8ef-4a3459b0224c" ],
        "CommandName": [ "Get-AzCdnCustomDomain" ],
        "FullCommandName": [ "Get-AzCdnCustomDomain_Get" ],
        "ParameterSetName": [ "__AllParameterSets" ],
        "User-Agent": [ "AzurePowershell/v12.4.0", "PSVersion/v7.4.6", "Az.Cdn/0.0.0" ],
        "Authorization": [ "[Filtered]" ]
      },
      "ContentHeaders": {
      }
    },
    "Response": {
      "StatusCode": 200,
      "Headers": {
        "Cache-Control": [ "no-cache" ],
        "Pragma": [ "no-cache" ],
        "Strict-Transport-Security": [ "max-age=31536000; includeSubDomains" ],
        "x-ms-request-id": [ "b8513338-093b-4e6c-b78a-b850d92e712f" ],
        "x-ms-client-request-id": [ "c75cdfa0-fb68-43c0-a8ef-4a3459b0224c" ],
        "x-ms-ratelimit-remaining-subscription-reads": [ "1099" ],
        "x-ms-ratelimit-remaining-subscription-global-reads": [ "16499" ],
        "x-ms-correlation-request-id": [ "ed298b0c-b9bd-4d12-828b-01e1f46d3325" ],
        "x-ms-routing-request-id": [ "SOUTHINDIA:20241031T040324Z:ed298b0c-b9bd-4d12-828b-01e1f46d3325" ],
        "X-Content-Type-Options": [ "nosniff" ],
        "X-Cache": [ "CONFIG_NOCACHE" ],
        "X-MSEdge-Ref": [ "Ref A: 822DAA8F4F274C3CBB6E20D55004DCD9 Ref B: MAA201060513053 Ref C: 2024-10-31T04:03:23Z" ],
        "Date": [ "Thu, 31 Oct 2024 04:03:24 GMT" ]
      },
      "ContentHeaders": {
        "Content-Length": [ "738" ],
        "Content-Type": [ "application/json; charset=utf-8" ],
        "Expires": [ "-1" ]
      },
      "Content": "{\"id\":\"/subscriptions/27cafca8-b9a4-4264-b399-45d0c9cca1ab/resourcegroups/testps-rg-kwhc/providers/Microsoft.Cdn/profiles/p-c96qmj/endpoints/ps-2024-0901-domain010/customdomains/cd-c6xdpa\",\"type\":\"Microsoft.Cdn/profiles/endpoints/customdomains\",\"name\":\"cd-c6xdpa\",\"properties\":{\"hostName\":\"ps-2024-0901-domain010.ps.cdne2e.azfdtest.xyz\",\"validationData\":null,\"resourceState\":\"Active\",\"customHttpsProvisioningState\":\"Enabled\",\"customHttpsProvisioningSubstate\":\"CertificateDeployed\",\"customHttpsParameters\":{\"certificateSource\":\"Cdn\",\"certificateSourceParameters\":{\"typeName\":\"CdnCertificateSourceParameters\",\"certificateType\":\"Dedicated\"},\"protocolType\":\"ServerNameIndication\",\"minimumTlsVersion\":\"TLS12\"},\"provisioningState\":\"Succeeded\"}}",
      "isContentBase64": false
    }
  },
  "Get-AzCdnCustomDomain+[NoContext]+GetViaIdentity+$GET+https://management.azure.com/subscriptions/27cafca8-b9a4-4264-b399-45d0c9cca1ab/resourceGroups/testps-rg-kwhc/providers/Microsoft.Cdn/profiles/p-c96qmj/endpoints/ps-2024-0901-domain010/customDomains/cd-c6xdpa?api-version=2024-09-01+2": {
    "Request": {
      "Method": "GET",
      "RequestUri": "https://management.azure.com/subscriptions/27cafca8-b9a4-4264-b399-45d0c9cca1ab/resourceGroups/testps-rg-kwhc/providers/Microsoft.Cdn/profiles/p-c96qmj/endpoints/ps-2024-0901-domain010/customDomains/cd-c6xdpa?api-version=2024-09-01",
      "Content": null,
      "isContentBase64": false,
      "Headers": {
        "x-ms-unique-id": [ "121" ],
        "x-ms-client-request-id": [ "a6bed209-b436-43af-ac18-fb29461ee0e6" ],
        "CommandName": [ "Get-AzCdnCustomDomain" ],
        "FullCommandName": [ "Get-AzCdnCustomDomain_GetViaIdentity" ],
        "ParameterSetName": [ "__AllParameterSets" ],
        "User-Agent": [ "AzurePowershell/v12.4.0", "PSVersion/v7.4.6", "Az.Cdn/0.0.0" ],
        "Authorization": [ "[Filtered]" ]
      },
      "ContentHeaders": {
      }
    },
    "Response": {
      "StatusCode": 200,
      "Headers": {
        "Cache-Control": [ "no-cache" ],
        "Pragma": [ "no-cache" ],
        "Strict-Transport-Security": [ "max-age=31536000; includeSubDomains" ],
        "x-ms-request-id": [ "2a7e94a1-ca93-42d2-ace8-6c5c8e6bb660" ],
        "x-ms-client-request-id": [ "a6bed209-b436-43af-ac18-fb29461ee0e6" ],
        "x-ms-ratelimit-remaining-subscription-reads": [ "1099" ],
        "x-ms-ratelimit-remaining-subscription-global-reads": [ "16499" ],
        "x-ms-correlation-request-id": [ "497a056c-c5cd-4357-8eef-a3ccab8e0d08" ],
        "x-ms-routing-request-id": [ "SOUTHINDIA:20241031T040326Z:497a056c-c5cd-4357-8eef-a3ccab8e0d08" ],
        "X-Content-Type-Options": [ "nosniff" ],
        "X-Cache": [ "CONFIG_NOCACHE" ],
        "X-MSEdge-Ref": [ "Ref A: 8378F10C4957403E8A7177D7BCAB61AD Ref B: MAA201060513053 Ref C: 2024-10-31T04:03:24Z" ],
        "Date": [ "Thu, 31 Oct 2024 04:03:26 GMT" ]
      },
      "ContentHeaders": {
        "Content-Length": [ "738" ],
        "Content-Type": [ "application/json; charset=utf-8" ],
        "Expires": [ "-1" ]
      },
      "Content": "{\"id\":\"/subscriptions/27cafca8-b9a4-4264-b399-45d0c9cca1ab/resourcegroups/testps-rg-kwhc/providers/Microsoft.Cdn/profiles/p-c96qmj/endpoints/ps-2024-0901-domain010/customdomains/cd-c6xdpa\",\"type\":\"Microsoft.Cdn/profiles/endpoints/customdomains\",\"name\":\"cd-c6xdpa\",\"properties\":{\"hostName\":\"ps-2024-0901-domain010.ps.cdne2e.azfdtest.xyz\",\"validationData\":null,\"resourceState\":\"Active\",\"customHttpsProvisioningState\":\"Enabled\",\"customHttpsProvisioningSubstate\":\"CertificateDeployed\",\"customHttpsParameters\":{\"certificateSource\":\"Cdn\",\"certificateSourceParameters\":{\"typeName\":\"CdnCertificateSourceParameters\",\"certificateType\":\"Dedicated\"},\"protocolType\":\"ServerNameIndication\",\"minimumTlsVersion\":\"TLS12\"},\"provisioningState\":\"Succeeded\"}}",
      "isContentBase64": false
    }
  }
}