{
  "Test-AzFrontDoorCdnEndpointCustomDomain+[NoContext]+ValidateExpanded+$POST+https://management.azure.com/subscriptions/27cafca8-b9a4-4264-b399-45d0c9cca1ab/resourceGroups/testps-rg-s3am/providers/Microsoft.Cdn/profiles/fdp-i87x60/afdEndpoints/end-21qj48/validateCustomDomain?api-version=2025-04-15+1": {
    "Request": {
      "Method": "POST",
      "RequestUri": "https://management.azure.com/subscriptions/27cafca8-b9a4-4264-b399-45d0c9cca1ab/resourceGroups/testps-rg-s3am/providers/Microsoft.Cdn/profiles/fdp-i87x60/afdEndpoints/end-21qj48/validateCustomDomain?api-version=2025-04-15",
      "Content": "{\r\n  \"hostName\": \"test.dev.cdn.azure.cn\"\r\n}",
      "isContentBase64": false,
      "Headers": {
      },
      "ContentHeaders": {
        "Content-Type": [ "application/json" ],
        "Content-Length": [ "43" ]
      }
    },
    "Response": {
      "StatusCode": 200,
      "Headers": {
        "Cache-Control": [ "no-cache" ],
        "Pragma": [ "no-cache" ],
        "Strict-Transport-Security": [ "max-age=31536000; includeSubDomains" ],
        "x-ms-request-id": [ "491932fc-9c13-42bb-9e18-a2fe14936c5a" ],
        "x-ms-client-request-id": [ "f8ffa7b7-368f-4685-a479-182446d915a9" ],
        "x-ms-operation-identifier": [ "tenantId=72f988bf-86f1-41af-91ab-2d7cd011db47,objectId=2e396a67-4dc1-43ae-afcc-c6747d291866/westus/45e46a7c-7a88-4bc7-8907-07e7bab74708" ],
        "x-ms-ratelimit-remaining-subscription-writes": [ "799" ],
        "x-ms-ratelimit-remaining-subscription-global-writes": [ "11999" ],
        "x-ms-correlation-request-id": [ "6c4295cf-a521-4a63-a4af-b9c0e03b7eeb" ],
        "x-ms-routing-request-id": [ "WESTUS:20251024T235654Z:6c4295cf-a521-4a63-a4af-b9c0e03b7eeb" ],
        "X-Content-Type-Options": [ "nosniff" ],
        "X-Cache": [ "CONFIG_NOCACHE" ],
        "X-MSEdge-Ref": [ "Ref A: B8730593E3B64EDC8A274DAC3DC00945 Ref B: SYD03EDGE0707 Ref C: 2025-10-24T23:56:53Z" ],
        "Date": [ "Fri, 24 Oct 2025 23:56:53 GMT" ]
      },
      "ContentHeaders": {
        "Content-Length": [ "159" ],
        "Content-Type": [ "application/json; charset=utf-8" ],
        "Expires": [ "-1" ]
      },
      "Content": "{\"customDomainValidated\":false,\"reason\":\"NotExist\",\"message\":\"Custom domain dose not exist in the profile. Please make sure the domain exsits in the profile.\"}",
      "isContentBase64": false
    }
  },
  "Test-AzFrontDoorCdnEndpointCustomDomain+[NoContext]+ValidateViaIdentityExpanded+$GET+https://management.azure.com/subscriptions/27cafca8-b9a4-4264-b399-45d0c9cca1ab/resourceGroups/testps-rg-s3am/providers/Microsoft.Cdn/profiles/fdp-i87x60/afdEndpoints/end-21qj48?api-version=2025-04-15+1": {
    "Request": {
      "Method": "GET",
      "RequestUri": "https://management.azure.com/subscriptions/27cafca8-b9a4-4264-b399-45d0c9cca1ab/resourceGroups/testps-rg-s3am/providers/Microsoft.Cdn/profiles/fdp-i87x60/afdEndpoints/end-21qj48?api-version=2025-04-15",
      "Content": null,
      "isContentBase64": false,
      "Headers": {
        "x-ms-unique-id": [ "801" ],
        "x-ms-client-request-id": [ "c4a89867-44db-4041-9ce6-fd4d53603473" ],
        "CommandName": [ "Get-AzFrontdoorCdnEndpoint" ],
        "FullCommandName": [ "Get-AzFrontDoorCdnEndpoint_Get" ],
        "ParameterSetName": [ "__AllParameterSets" ],
        "User-Agent": [ "AzurePowershell/v13.2.0", "PSVersion/v7.5.3", "Az.Cdn/0.1.0" ],
        "Authorization": [ "[Filtered]" ]
      },
      "ContentHeaders": {
      }
    },
    "Response": {
      "StatusCode": 200,
      "Headers": {
        "Cache-Control": [ "no-cache" ],
        "Pragma": [ "no-cache" ],
        "Strict-Transport-Security": [ "max-age=31536000; includeSubDomains" ],
        "x-ms-request-id": [ "1976d585-005a-4414-a764-ec1ce0123c65" ],
        "x-ms-client-request-id": [ "c4a89867-44db-4041-9ce6-fd4d53603473" ],
        "x-ms-ratelimit-remaining-subscription-reads": [ "1099" ],
        "x-ms-ratelimit-remaining-subscription-global-reads": [ "16499" ],
        "x-ms-correlation-request-id": [ "0ddcb0f1-2487-41b4-9f40-a442a232e664" ],
        "x-ms-routing-request-id": [ "WESTUS:20251024T235654Z:0ddcb0f1-2487-41b4-9f40-a442a232e664" ],
        "X-Content-Type-Options": [ "nosniff" ],
        "X-Cache": [ "CONFIG_NOCACHE" ],
        "X-MSEdge-Ref": [ "Ref A: EF777ADDAA594E7A94ECD151BAF9AC6C Ref B: SYD03EDGE0707 Ref C: 2025-10-24T23:56:54Z" ],
        "Date": [ "Fri, 24 Oct 2025 23:56:54 GMT" ]
      },
      "ContentHeaders": {
        "Content-Length": [ "455" ],
        "Content-Type": [ "application/json; charset=utf-8" ],
        "Expires": [ "-1" ]
      },
      "Content": "{\"id\":\"/subscriptions/27cafca8-b9a4-4264-b399-45d0c9cca1ab/resourcegroups/testps-rg-s3am/providers/Microsoft.Cdn/profiles/fdp-i87x60/afdendpoints/end-21qj48\",\"type\":\"Microsoft.Cdn/profiles/afdendpoints\",\"name\":\"end-21qj48\",\"location\":\"Global\",\"tags\":{},\"properties\":{\"hostName\":\"end-21qj48-e0gzb6dxhaekfgeq.z01.azurefd.net\",\"autoGeneratedDomainNameLabelScope\":null,\"enabledState\":\"Enabled\",\"provisioningState\":\"Succeeded\",\"deploymentStatus\":\"NotStarted\"}}",
      "isContentBase64": false
    }
  },
  "Test-AzFrontDoorCdnEndpointCustomDomain+[NoContext]+ValidateViaIdentityExpanded+$POST+https://management.azure.com/subscriptions/27cafca8-b9a4-4264-b399-45d0c9cca1ab/resourceGroups/testps-rg-s3am/providers/Microsoft.Cdn/profiles/fdp-i87x60/afdEndpoints/end-21qj48/validateCustomDomain?api-version=2025-04-15+2": {
    "Request": {
      "Method": "POST",
      "RequestUri": "https://management.azure.com/subscriptions/27cafca8-b9a4-4264-b399-45d0c9cca1ab/resourceGroups/testps-rg-s3am/providers/Microsoft.Cdn/profiles/fdp-i87x60/afdEndpoints/end-21qj48/validateCustomDomain?api-version=2025-04-15",
      "Content": "{\r\n  \"hostName\": \"test.dev.cdn.azure.cn\"\r\n}",
      "isContentBase64": false,
      "Headers": {
      },
      "ContentHeaders": {
        "Content-Type": [ "application/json" ],
        "Content-Length": [ "43" ]
      }
    },
    "Response": {
      "StatusCode": 200,
      "Headers": {
        "Cache-Control": [ "no-cache" ],
        "Pragma": [ "no-cache" ],
        "Strict-Transport-Security": [ "max-age=31536000; includeSubDomains" ],
        "x-ms-request-id": [ "2abf312c-807d-417b-9336-8156905ec85e" ],
        "x-ms-client-request-id": [ "0f3039dd-608b-4903-aaff-3155ee9089da" ],
        "x-ms-operation-identifier": [ "tenantId=72f988bf-86f1-41af-91ab-2d7cd011db47,objectId=2e396a67-4dc1-43ae-afcc-c6747d291866/westus/47225cc5-f439-4903-84ee-cd2498cf937c" ],
        "x-ms-ratelimit-remaining-subscription-writes": [ "798" ],
        "x-ms-ratelimit-remaining-subscription-global-writes": [ "11998" ],
        "x-ms-correlation-request-id": [ "110762f4-0f9d-4521-b2c1-11e22dad3201" ],
        "x-ms-routing-request-id": [ "WESTUS:20251024T235655Z:110762f4-0f9d-4521-b2c1-11e22dad3201" ],
        "X-Content-Type-Options": [ "nosniff" ],
        "X-Cache": [ "CONFIG_NOCACHE" ],
        "X-MSEdge-Ref": [ "Ref A: 4CE076CB18D94F4384CC9C93314632E0 Ref B: SYD03EDGE0707 Ref C: 2025-10-24T23:56:55Z" ],
        "Date": [ "Fri, 24 Oct 2025 23:56:55 GMT" ]
      },
      "ContentHeaders": {
        "Content-Length": [ "159" ],
        "Content-Type": [ "application/json; charset=utf-8" ],
        "Expires": [ "-1" ]
      },
      "Content": "{\"customDomainValidated\":false,\"reason\":\"NotExist\",\"message\":\"Custom domain dose not exist in the profile. Please make sure the domain exsits in the profile.\"}",
      "isContentBase64": false
    }
  }
}