{
  "Update-AzCdnEndpoint+[NoContext]+UpdateExpanded+$PATCH+https://management.azure.com/subscriptions/27cafca8-b9a4-4264-b399-45d0c9cca1ab/resourceGroups/testps-rg-tq0b/providers/Microsoft.Cdn/profiles/p-f06tdh/endpoints/ps-20240501-domain010?api-version=2024-05-01-preview+1": {
    "Request": {
      "Method": "PATCH",
      "RequestUri": "https://management.azure.com/subscriptions/27cafca8-b9a4-4264-b399-45d0c9cca1ab/resourceGroups/testps-rg-tq0b/providers/Microsoft.Cdn/profiles/p-f06tdh/endpoints/ps-20240501-domain010?api-version=2024-05-01-preview",
      "Content": "{\r\n  \"tags\": {\r\n    \"Tag1\": \"11\",\r\n    \"Tag2\": \"22\"\r\n  }\r\n}",
      "isContentBase64": false,
      "Headers": {
      },
      "ContentHeaders": {
        "Content-Type": [ "application/json" ],
        "Content-Length": [ "59" ]
      }
    },
    "Response": {
      "StatusCode": 200,
      "Headers": {
        "Cache-Control": [ "no-cache" ],
        "Pragma": [ "no-cache" ],
        "Strict-Transport-Security": [ "max-age=31536000; includeSubDomains" ],
        "x-ms-request-id": [ "424c7c54-1a92-4d30-9014-991ff3ce73f6" ],
        "x-ms-client-request-id": [ "162a3862-5640-4096-ba4d-4686d8334266" ],
        "x-ms-ratelimit-remaining-subscription-resource-requests": [ "399" ],
        "x-ms-correlation-request-id": [ "7954af71-767b-4db0-83ab-da18bdd01375" ],
        "x-ms-routing-request-id": [ "SOUTHEASTASIA:20240716T113758Z:7954af71-767b-4db0-83ab-da18bdd01375" ],
        "X-Content-Type-Options": [ "nosniff" ],
        "X-Cache": [ "CONFIG_NOCACHE" ],
        "X-MSEdge-Ref": [ "Ref A: D240C4A002034D32B0DBC1B31FCB77A9 Ref B: MAA201060513027 Ref C: 2024-07-16T11:37:51Z" ],
        "Date": [ "Tue, 16 Jul 2024 11:37:57 GMT" ]
      },
      "ContentHeaders": {
        "Content-Length": [ "2200" ],
        "Content-Type": [ "application/json; charset=utf-8" ],
        "Expires": [ "-1" ]
      },
      "Content": "{\"id\":\"/subscriptions/27cafca8-b9a4-4264-b399-45d0c9cca1ab/resourcegroups/testps-rg-tq0b/providers/Microsoft.Cdn/profiles/p-f06tdh/endpoints/ps-20240501-domain010\",\"type\":\"Microsoft.Cdn/profiles/endpoints\",\"name\":\"ps-20240501-domain010\",\"location\":\"WestUs\",\"tags\":{\"Tag1\":\"11\",\"Tag2\":\"22\"},\"properties\":{\"hostName\":\"ps-20240501-domain010.azureedge.net\",\"originHostHeader\":null,\"originPath\":null,\"contentTypesToCompress\":[],\"isCompressionEnabled\":false,\"isHttpAllowed\":true,\"isHttpsAllowed\":true,\"queryStringCachingBehavior\":\"IgnoreQueryString\",\"optimizationType\":null,\"probePath\":null,\"origins\":[{\"name\":\"origin1\",\"properties\":{\"hostName\":\"host1.hello.com\",\"httpPort\":null,\"httpsPort\":null,\"originHostHeader\":null,\"priority\":1,\"weight\":1000,\"enabled\":true,\"privateLinkAlias\":null,\"privateLinkResourceId\":null,\"privateLinkLocation\":null,\"privateEndpointStatus\":null,\"privateLinkApprovalMessage\":null}},{\"name\":\"origin2\",\"properties\":{\"hostName\":\"host2.hello.com\",\"httpPort\":null,\"httpsPort\":null,\"originHostHeader\":null,\"priority\":1,\"weight\":1000,\"enabled\":true,\"privateLinkAlias\":null,\"privateLinkResourceId\":null,\"privateLinkLocation\":null,\"privateEndpointStatus\":null,\"privateLinkApprovalMessage\":null}}],\"originGroups\":[{\"name\":\"originGroup1\",\"properties\":{\"healthProbeSettings\":{\"probePath\":\"/health.aspx\",\"probeRequestType\":\"GET\",\"probeProtocol\":\"Https\",\"probeIntervalInSeconds\":240},\"responseBasedOriginErrorDetectionSettings\":null,\"trafficRestorationTimeToHealedOrNewEndpointsInMinutes\":null,\"origins\":[{\"id\":\"/subscriptions/27cafca8-b9a4-4264-b399-45d0c9cca1ab/resourcegroups/testps-rg-tq0b/providers/Microsoft.Cdn/profiles/p-f06tdh/endpoints/ps-20240501-domain010/origins/origin1\"}]}}],\"defaultOriginGroup\":{\"id\":\"/subscriptions/27cafca8-b9a4-4264-b399-45d0c9cca1ab/resourcegroups/testps-rg-tq0b/providers/Microsoft.Cdn/profiles/p-f06tdh/endpoints/ps-20240501-domain010/origingroups/originGroup1\"},\"customDomains\":[{\"name\":\"cd-2c1h46\",\"properties\":{\"hostName\":\"ps-20240501-domain010.ps.cdne2e.azfdtest.xyz\",\"validationData\":null}}],\"geoFilters\":[],\"deliveryPolicy\":null,\"urlSigningKeys\":null,\"webApplicationFirewallPolicyLink\":null,\"resourceState\":\"Running\",\"provisioningState\":\"Succeeded\"}}",
      "isContentBase64": false
    }
  },
  "Update-AzCdnEndpoint+[NoContext]+UpdateExpanded+$GET+https://management.azure.com/subscriptions/27cafca8-b9a4-4264-b399-45d0c9cca1ab/resourceGroups/testps-rg-tq0b/providers/Microsoft.Cdn/profiles/p-f06tdh/endpoints/ps-20240501-domain010?api-version=2024-05-01-preview+2": {
    "Request": {
      "Method": "GET",
      "RequestUri": "https://management.azure.com/subscriptions/27cafca8-b9a4-4264-b399-45d0c9cca1ab/resourceGroups/testps-rg-tq0b/providers/Microsoft.Cdn/profiles/p-f06tdh/endpoints/ps-20240501-domain010?api-version=2024-05-01-preview",
      "Content": null,
      "isContentBase64": false,
      "Headers": {
        "x-ms-unique-id": [ "853" ],
        "x-ms-client-request-id": [ "5274fec1-028f-453d-a789-b31dbeffb76e" ],
        "CommandName": [ "Get-AzCdnEndpoint" ],
        "FullCommandName": [ "Get-AzCdnEndpoint_Get1" ],
        "ParameterSetName": [ "__AllParameterSets" ],
        "User-Agent": [ "AzurePowershell/v0.0.0", "PSVersion/v7.4.3", "Az.Cdn/0.1.0" ],
        "Authorization": [ "[Filtered]" ]
      },
      "ContentHeaders": {
      }
    },
    "Response": {
      "StatusCode": 200,
      "Headers": {
        "Cache-Control": [ "no-cache" ],
        "Pragma": [ "no-cache" ],
        "Strict-Transport-Security": [ "max-age=31536000; includeSubDomains" ],
        "x-ms-request-id": [ "f5362bb7-7d14-4aa4-a03d-11c0c72a0680" ],
        "x-ms-client-request-id": [ "5274fec1-028f-453d-a789-b31dbeffb76e" ],
        "x-ms-ratelimit-remaining-subscription-resource-requests": [ "499" ],
        "x-ms-correlation-request-id": [ "5a3a9d65-2f90-4f23-83ed-ab781ca205aa" ],
        "x-ms-routing-request-id": [ "SOUTHEASTASIA:20240716T113759Z:5a3a9d65-2f90-4f23-83ed-ab781ca205aa" ],
        "X-Content-Type-Options": [ "nosniff" ],
        "X-Cache": [ "CONFIG_NOCACHE" ],
        "X-MSEdge-Ref": [ "Ref A: BEF58C54EEDC43099444BB4C87DF4BBE Ref B: MAA201060513027 Ref C: 2024-07-16T11:37:58Z" ],
        "Date": [ "Tue, 16 Jul 2024 11:37:59 GMT" ]
      },
      "ContentHeaders": {
        "Content-Length": [ "2200" ],
        "Content-Type": [ "application/json; charset=utf-8" ],
        "Expires": [ "-1" ]
      },
      "Content": "{\"id\":\"/subscriptions/27cafca8-b9a4-4264-b399-45d0c9cca1ab/resourcegroups/testps-rg-tq0b/providers/Microsoft.Cdn/profiles/p-f06tdh/endpoints/ps-20240501-domain010\",\"type\":\"Microsoft.Cdn/profiles/endpoints\",\"name\":\"ps-20240501-domain010\",\"location\":\"WestUs\",\"tags\":{\"Tag1\":\"11\",\"Tag2\":\"22\"},\"properties\":{\"hostName\":\"ps-20240501-domain010.azureedge.net\",\"originHostHeader\":null,\"originPath\":null,\"contentTypesToCompress\":[],\"isCompressionEnabled\":false,\"isHttpAllowed\":true,\"isHttpsAllowed\":true,\"queryStringCachingBehavior\":\"IgnoreQueryString\",\"optimizationType\":null,\"probePath\":null,\"origins\":[{\"name\":\"origin1\",\"properties\":{\"hostName\":\"host1.hello.com\",\"httpPort\":null,\"httpsPort\":null,\"originHostHeader\":null,\"priority\":1,\"weight\":1000,\"enabled\":true,\"privateLinkAlias\":null,\"privateLinkResourceId\":null,\"privateLinkLocation\":null,\"privateEndpointStatus\":null,\"privateLinkApprovalMessage\":null}},{\"name\":\"origin2\",\"properties\":{\"hostName\":\"host2.hello.com\",\"httpPort\":null,\"httpsPort\":null,\"originHostHeader\":null,\"priority\":1,\"weight\":1000,\"enabled\":true,\"privateLinkAlias\":null,\"privateLinkResourceId\":null,\"privateLinkLocation\":null,\"privateEndpointStatus\":null,\"privateLinkApprovalMessage\":null}}],\"originGroups\":[{\"name\":\"originGroup1\",\"properties\":{\"healthProbeSettings\":{\"probePath\":\"/health.aspx\",\"probeRequestType\":\"GET\",\"probeProtocol\":\"Https\",\"probeIntervalInSeconds\":240},\"responseBasedOriginErrorDetectionSettings\":null,\"trafficRestorationTimeToHealedOrNewEndpointsInMinutes\":null,\"origins\":[{\"id\":\"/subscriptions/27cafca8-b9a4-4264-b399-45d0c9cca1ab/resourcegroups/testps-rg-tq0b/providers/Microsoft.Cdn/profiles/p-f06tdh/endpoints/ps-20240501-domain010/origins/origin1\"}]}}],\"defaultOriginGroup\":{\"id\":\"/subscriptions/27cafca8-b9a4-4264-b399-45d0c9cca1ab/resourcegroups/testps-rg-tq0b/providers/Microsoft.Cdn/profiles/p-f06tdh/endpoints/ps-20240501-domain010/origingroups/originGroup1\"},\"customDomains\":[{\"name\":\"cd-2c1h46\",\"properties\":{\"hostName\":\"ps-20240501-domain010.ps.cdne2e.azfdtest.xyz\",\"validationData\":null}}],\"geoFilters\":[],\"deliveryPolicy\":null,\"urlSigningKeys\":null,\"webApplicationFirewallPolicyLink\":null,\"resourceState\":\"Running\",\"provisioningState\":\"Succeeded\"}}",
      "isContentBase64": false
    }
  },
  "Update-AzCdnEndpoint+[NoContext]+UpdateViaIdentityExpanded+$GET+https://management.azure.com/subscriptions/27cafca8-b9a4-4264-b399-45d0c9cca1ab/resourceGroups/testps-rg-tq0b/providers/Microsoft.Cdn/profiles/p-f06tdh/endpoints/ps-20240501-domain010?api-version=2024-05-01-preview+1": {
    "Request": {
      "Method": "GET",
      "RequestUri": "https://management.azure.com/subscriptions/27cafca8-b9a4-4264-b399-45d0c9cca1ab/resourceGroups/testps-rg-tq0b/providers/Microsoft.Cdn/profiles/p-f06tdh/endpoints/ps-20240501-domain010?api-version=2024-05-01-preview",
      "Content": null,
      "isContentBase64": false,
      "Headers": {
        "x-ms-unique-id": [ "854" ],
        "x-ms-client-request-id": [ "1e9217a3-6557-4b70-9222-4bbfada376ae" ],
        "CommandName": [ "Get-AzCdnEndpoint" ],
        "FullCommandName": [ "Get-AzCdnEndpoint_Get1" ],
        "ParameterSetName": [ "__AllParameterSets" ],
        "User-Agent": [ "AzurePowershell/v0.0.0", "PSVersion/v7.4.3", "Az.Cdn/0.1.0" ],
        "Authorization": [ "[Filtered]" ]
      },
      "ContentHeaders": {
      }
    },
    "Response": {
      "StatusCode": 200,
      "Headers": {
        "Cache-Control": [ "no-cache" ],
        "Pragma": [ "no-cache" ],
        "Strict-Transport-Security": [ "max-age=31536000; includeSubDomains" ],
        "x-ms-request-id": [ "1c969bca-4a96-4353-bdb1-c74abb7c7c56" ],
        "x-ms-client-request-id": [ "1e9217a3-6557-4b70-9222-4bbfada376ae" ],
        "x-ms-ratelimit-remaining-subscription-resource-requests": [ "499" ],
        "x-ms-correlation-request-id": [ "b92c4734-b9d1-4f07-8063-63e25d2d8034" ],
        "x-ms-routing-request-id": [ "SOUTHEASTASIA:20240716T113801Z:b92c4734-b9d1-4f07-8063-63e25d2d8034" ],
        "X-Content-Type-Options": [ "nosniff" ],
        "X-Cache": [ "CONFIG_NOCACHE" ],
        "X-MSEdge-Ref": [ "Ref A: 558E073D1FB0477A8BFFA52FD341D74A Ref B: MAA201060513027 Ref C: 2024-07-16T11:37:59Z" ],
        "Date": [ "Tue, 16 Jul 2024 11:38:00 GMT" ]
      },
      "ContentHeaders": {
        "Content-Length": [ "2200" ],
        "Content-Type": [ "application/json; charset=utf-8" ],
        "Expires": [ "-1" ]
      },
      "Content": "{\"id\":\"/subscriptions/27cafca8-b9a4-4264-b399-45d0c9cca1ab/resourcegroups/testps-rg-tq0b/providers/Microsoft.Cdn/profiles/p-f06tdh/endpoints/ps-20240501-domain010\",\"type\":\"Microsoft.Cdn/profiles/endpoints\",\"name\":\"ps-20240501-domain010\",\"location\":\"WestUs\",\"tags\":{\"Tag1\":\"11\",\"Tag2\":\"22\"},\"properties\":{\"hostName\":\"ps-20240501-domain010.azureedge.net\",\"originHostHeader\":null,\"originPath\":null,\"contentTypesToCompress\":[],\"isCompressionEnabled\":false,\"isHttpAllowed\":true,\"isHttpsAllowed\":true,\"queryStringCachingBehavior\":\"IgnoreQueryString\",\"optimizationType\":null,\"probePath\":null,\"origins\":[{\"name\":\"origin1\",\"properties\":{\"hostName\":\"host1.hello.com\",\"httpPort\":null,\"httpsPort\":null,\"originHostHeader\":null,\"priority\":1,\"weight\":1000,\"enabled\":true,\"privateLinkAlias\":null,\"privateLinkResourceId\":null,\"privateLinkLocation\":null,\"privateEndpointStatus\":null,\"privateLinkApprovalMessage\":null}},{\"name\":\"origin2\",\"properties\":{\"hostName\":\"host2.hello.com\",\"httpPort\":null,\"httpsPort\":null,\"originHostHeader\":null,\"priority\":1,\"weight\":1000,\"enabled\":true,\"privateLinkAlias\":null,\"privateLinkResourceId\":null,\"privateLinkLocation\":null,\"privateEndpointStatus\":null,\"privateLinkApprovalMessage\":null}}],\"originGroups\":[{\"name\":\"originGroup1\",\"properties\":{\"healthProbeSettings\":{\"probePath\":\"/health.aspx\",\"probeRequestType\":\"GET\",\"probeProtocol\":\"Https\",\"probeIntervalInSeconds\":240},\"responseBasedOriginErrorDetectionSettings\":null,\"trafficRestorationTimeToHealedOrNewEndpointsInMinutes\":null,\"origins\":[{\"id\":\"/subscriptions/27cafca8-b9a4-4264-b399-45d0c9cca1ab/resourcegroups/testps-rg-tq0b/providers/Microsoft.Cdn/profiles/p-f06tdh/endpoints/ps-20240501-domain010/origins/origin1\"}]}}],\"defaultOriginGroup\":{\"id\":\"/subscriptions/27cafca8-b9a4-4264-b399-45d0c9cca1ab/resourcegroups/testps-rg-tq0b/providers/Microsoft.Cdn/profiles/p-f06tdh/endpoints/ps-20240501-domain010/origingroups/originGroup1\"},\"customDomains\":[{\"name\":\"cd-2c1h46\",\"properties\":{\"hostName\":\"ps-20240501-domain010.ps.cdne2e.azfdtest.xyz\",\"validationData\":null}}],\"geoFilters\":[],\"deliveryPolicy\":null,\"urlSigningKeys\":null,\"webApplicationFirewallPolicyLink\":null,\"resourceState\":\"Running\",\"provisioningState\":\"Succeeded\"}}",
      "isContentBase64": false
    }
  },
  "Update-AzCdnEndpoint+[NoContext]+UpdateViaIdentityExpanded+$PATCH+https://management.azure.com/subscriptions/27cafca8-b9a4-4264-b399-45d0c9cca1ab/resourceGroups/testps-rg-tq0b/providers/Microsoft.Cdn/profiles/p-f06tdh/endpoints/ps-20240501-domain010?api-version=2024-05-01-preview+2": {
    "Request": {
      "Method": "PATCH",
      "RequestUri": "https://management.azure.com/subscriptions/27cafca8-b9a4-4264-b399-45d0c9cca1ab/resourceGroups/testps-rg-tq0b/providers/Microsoft.Cdn/profiles/p-f06tdh/endpoints/ps-20240501-domain010?api-version=2024-05-01-preview",
      "Content": "{\r\n  \"tags\": {\r\n    \"Tag1\": \"33\",\r\n    \"Tag2\": \"44\"\r\n  }\r\n}",
      "isContentBase64": false,
      "Headers": {
      },
      "ContentHeaders": {
        "Content-Type": [ "application/json" ],
        "Content-Length": [ "59" ]
      }
    },
    "Response": {
      "StatusCode": 200,
      "Headers": {
        "Cache-Control": [ "no-cache" ],
        "Pragma": [ "no-cache" ],
        "Strict-Transport-Security": [ "max-age=31536000; includeSubDomains" ],
        "x-ms-request-id": [ "b1fe23ed-22e5-4e5b-93b1-0b754907f014" ],
        "x-ms-client-request-id": [ "814aa49f-7bd5-4fc5-bbbb-a8c537765cc4" ],
        "x-ms-ratelimit-remaining-subscription-resource-requests": [ "399" ],
        "x-ms-correlation-request-id": [ "c807b75b-ab72-4657-aec1-35eecfdf9dba" ],
        "x-ms-routing-request-id": [ "SOUTHEASTASIA:20240716T113807Z:c807b75b-ab72-4657-aec1-35eecfdf9dba" ],
        "X-Content-Type-Options": [ "nosniff" ],
        "X-Cache": [ "CONFIG_NOCACHE" ],
        "X-MSEdge-Ref": [ "Ref A: 580E628930C44F77A85ED3ADC637E812 Ref B: MAA201060513027 Ref C: 2024-07-16T11:38:01Z" ],
        "Date": [ "Tue, 16 Jul 2024 11:38:06 GMT" ]
      },
      "ContentHeaders": {
        "Content-Length": [ "2200" ],
        "Content-Type": [ "application/json; charset=utf-8" ],
        "Expires": [ "-1" ]
      },
      "Content": "{\"id\":\"/subscriptions/27cafca8-b9a4-4264-b399-45d0c9cca1ab/resourcegroups/testps-rg-tq0b/providers/Microsoft.Cdn/profiles/p-f06tdh/endpoints/ps-20240501-domain010\",\"type\":\"Microsoft.Cdn/profiles/endpoints\",\"name\":\"ps-20240501-domain010\",\"location\":\"WestUs\",\"tags\":{\"Tag1\":\"33\",\"Tag2\":\"44\"},\"properties\":{\"hostName\":\"ps-20240501-domain010.azureedge.net\",\"originHostHeader\":null,\"originPath\":null,\"contentTypesToCompress\":[],\"isCompressionEnabled\":false,\"isHttpAllowed\":true,\"isHttpsAllowed\":true,\"queryStringCachingBehavior\":\"IgnoreQueryString\",\"optimizationType\":null,\"probePath\":null,\"origins\":[{\"name\":\"origin1\",\"properties\":{\"hostName\":\"host1.hello.com\",\"httpPort\":null,\"httpsPort\":null,\"originHostHeader\":null,\"priority\":1,\"weight\":1000,\"enabled\":true,\"privateLinkAlias\":null,\"privateLinkResourceId\":null,\"privateLinkLocation\":null,\"privateEndpointStatus\":null,\"privateLinkApprovalMessage\":null}},{\"name\":\"origin2\",\"properties\":{\"hostName\":\"host2.hello.com\",\"httpPort\":null,\"httpsPort\":null,\"originHostHeader\":null,\"priority\":1,\"weight\":1000,\"enabled\":true,\"privateLinkAlias\":null,\"privateLinkResourceId\":null,\"privateLinkLocation\":null,\"privateEndpointStatus\":null,\"privateLinkApprovalMessage\":null}}],\"originGroups\":[{\"name\":\"originGroup1\",\"properties\":{\"healthProbeSettings\":{\"probePath\":\"/health.aspx\",\"probeRequestType\":\"GET\",\"probeProtocol\":\"Https\",\"probeIntervalInSeconds\":240},\"responseBasedOriginErrorDetectionSettings\":null,\"trafficRestorationTimeToHealedOrNewEndpointsInMinutes\":null,\"origins\":[{\"id\":\"/subscriptions/27cafca8-b9a4-4264-b399-45d0c9cca1ab/resourcegroups/testps-rg-tq0b/providers/Microsoft.Cdn/profiles/p-f06tdh/endpoints/ps-20240501-domain010/origins/origin1\"}]}}],\"defaultOriginGroup\":{\"id\":\"/subscriptions/27cafca8-b9a4-4264-b399-45d0c9cca1ab/resourcegroups/testps-rg-tq0b/providers/Microsoft.Cdn/profiles/p-f06tdh/endpoints/ps-20240501-domain010/origingroups/originGroup1\"},\"customDomains\":[{\"name\":\"cd-2c1h46\",\"properties\":{\"hostName\":\"ps-20240501-domain010.ps.cdne2e.azfdtest.xyz\",\"validationData\":null}}],\"geoFilters\":[],\"deliveryPolicy\":null,\"urlSigningKeys\":null,\"webApplicationFirewallPolicyLink\":null,\"resourceState\":\"Running\",\"provisioningState\":\"Succeeded\"}}",
      "isContentBase64": false
    }
  },
  "Update-AzCdnEndpoint+[NoContext]+UpdateViaIdentityExpanded+$GET+https://management.azure.com/subscriptions/27cafca8-b9a4-4264-b399-45d0c9cca1ab/resourceGroups/testps-rg-tq0b/providers/Microsoft.Cdn/profiles/p-f06tdh/endpoints/ps-20240501-domain010?api-version=2024-05-01-preview+3": {
    "Request": {
      "Method": "GET",
      "RequestUri": "https://management.azure.com/subscriptions/27cafca8-b9a4-4264-b399-45d0c9cca1ab/resourceGroups/testps-rg-tq0b/providers/Microsoft.Cdn/profiles/p-f06tdh/endpoints/ps-20240501-domain010?api-version=2024-05-01-preview",
      "Content": null,
      "isContentBase64": false,
      "Headers": {
        "x-ms-unique-id": [ "856" ],
        "x-ms-client-request-id": [ "08e22682-be3c-40bc-9a1c-b9d74499bb27" ],
        "CommandName": [ "Get-AzCdnEndpoint" ],
        "FullCommandName": [ "Get-AzCdnEndpoint_Get1" ],
        "ParameterSetName": [ "__AllParameterSets" ],
        "User-Agent": [ "AzurePowershell/v0.0.0", "PSVersion/v7.4.3", "Az.Cdn/0.1.0" ],
        "Authorization": [ "[Filtered]" ]
      },
      "ContentHeaders": {
      }
    },
    "Response": {
      "StatusCode": 200,
      "Headers": {
        "Cache-Control": [ "no-cache" ],
        "Pragma": [ "no-cache" ],
        "Strict-Transport-Security": [ "max-age=31536000; includeSubDomains" ],
        "x-ms-request-id": [ "6a8c1ac7-0a68-4199-aeac-4309d3adde1f" ],
        "x-ms-client-request-id": [ "08e22682-be3c-40bc-9a1c-b9d74499bb27" ],
        "x-ms-ratelimit-remaining-subscription-resource-requests": [ "499" ],
        "x-ms-correlation-request-id": [ "4ebbbc2c-9d8f-4424-bfd7-42b73d758ff8" ],
        "x-ms-routing-request-id": [ "SOUTHEASTASIA:20240716T113808Z:4ebbbc2c-9d8f-4424-bfd7-42b73d758ff8" ],
        "X-Content-Type-Options": [ "nosniff" ],
        "X-Cache": [ "CONFIG_NOCACHE" ],
        "X-MSEdge-Ref": [ "Ref A: 86485E164C41405199DB80A6338029A1 Ref B: MAA201060513027 Ref C: 2024-07-16T11:38:07Z" ],
        "Date": [ "Tue, 16 Jul 2024 11:38:08 GMT" ]
      },
      "ContentHeaders": {
        "Content-Length": [ "2200" ],
        "Content-Type": [ "application/json; charset=utf-8" ],
        "Expires": [ "-1" ]
      },
      "Content": "{\"id\":\"/subscriptions/27cafca8-b9a4-4264-b399-45d0c9cca1ab/resourcegroups/testps-rg-tq0b/providers/Microsoft.Cdn/profiles/p-f06tdh/endpoints/ps-20240501-domain010\",\"type\":\"Microsoft.Cdn/profiles/endpoints\",\"name\":\"ps-20240501-domain010\",\"location\":\"WestUs\",\"tags\":{\"Tag1\":\"33\",\"Tag2\":\"44\"},\"properties\":{\"hostName\":\"ps-20240501-domain010.azureedge.net\",\"originHostHeader\":null,\"originPath\":null,\"contentTypesToCompress\":[],\"isCompressionEnabled\":false,\"isHttpAllowed\":true,\"isHttpsAllowed\":true,\"queryStringCachingBehavior\":\"IgnoreQueryString\",\"optimizationType\":null,\"probePath\":null,\"origins\":[{\"name\":\"origin1\",\"properties\":{\"hostName\":\"host1.hello.com\",\"httpPort\":null,\"httpsPort\":null,\"originHostHeader\":null,\"priority\":1,\"weight\":1000,\"enabled\":true,\"privateLinkAlias\":null,\"privateLinkResourceId\":null,\"privateLinkLocation\":null,\"privateEndpointStatus\":null,\"privateLinkApprovalMessage\":null}},{\"name\":\"origin2\",\"properties\":{\"hostName\":\"host2.hello.com\",\"httpPort\":null,\"httpsPort\":null,\"originHostHeader\":null,\"priority\":1,\"weight\":1000,\"enabled\":true,\"privateLinkAlias\":null,\"privateLinkResourceId\":null,\"privateLinkLocation\":null,\"privateEndpointStatus\":null,\"privateLinkApprovalMessage\":null}}],\"originGroups\":[{\"name\":\"originGroup1\",\"properties\":{\"healthProbeSettings\":{\"probePath\":\"/health.aspx\",\"probeRequestType\":\"GET\",\"probeProtocol\":\"Https\",\"probeIntervalInSeconds\":240},\"responseBasedOriginErrorDetectionSettings\":null,\"trafficRestorationTimeToHealedOrNewEndpointsInMinutes\":null,\"origins\":[{\"id\":\"/subscriptions/27cafca8-b9a4-4264-b399-45d0c9cca1ab/resourcegroups/testps-rg-tq0b/providers/Microsoft.Cdn/profiles/p-f06tdh/endpoints/ps-20240501-domain010/origins/origin1\"}]}}],\"defaultOriginGroup\":{\"id\":\"/subscriptions/27cafca8-b9a4-4264-b399-45d0c9cca1ab/resourcegroups/testps-rg-tq0b/providers/Microsoft.Cdn/profiles/p-f06tdh/endpoints/ps-20240501-domain010/origingroups/originGroup1\"},\"customDomains\":[{\"name\":\"cd-2c1h46\",\"properties\":{\"hostName\":\"ps-20240501-domain010.ps.cdne2e.azfdtest.xyz\",\"validationData\":null}}],\"geoFilters\":[],\"deliveryPolicy\":null,\"urlSigningKeys\":null,\"webApplicationFirewallPolicyLink\":null,\"resourceState\":\"Running\",\"provisioningState\":\"Succeeded\"}}",
      "isContentBase64": false
    }
  }
}