{
  "Update-AzFrontDoorCdnSecurityPolicy+[NoContext]+[NoScenario]+$PUT+https://management.azure.com/subscriptions/27cafca8-b9a4-4264-b399-45d0c9cca1ab/resourceGroups/testps-rg-07us/providers/Microsoft.Cdn/profiles/fdp-po6cs1/afdEndpoints/end-pstest110?api-version=2023-05-01+1": {
    "Request": {
      "Method": "PUT",
      "RequestUri": "https://management.azure.com/subscriptions/27cafca8-b9a4-4264-b399-45d0c9cca1ab/resourceGroups/testps-rg-07us/providers/Microsoft.Cdn/profiles/fdp-po6cs1/afdEndpoints/end-pstest110?api-version=2023-05-01",
      "Content": "{\r\n  \"location\": \"Global\"\r\n}",
      "isContentBase64": false,
      "Headers": {
      },
      "ContentHeaders": {
        "Content-Type": [ "application/json" ],
        "Content-Length": [ "28" ]
      }
    },
    "Response": {
      "StatusCode": 201,
      "Headers": {
        "Cache-Control": [ "no-cache" ],
        "Pragma": [ "no-cache" ],
        "Retry-After": [ "10" ],
        "Strict-Transport-Security": [ "max-age=31536000; includeSubDomains" ],
        "x-ms-request-id": [ "5a346fd4-f76f-4a2a-9c0e-8cc89d9a75f4" ],
        "x-ms-client-request-id": [ "d6151f0b-c388-4c62-a998-e29ab3c34360" ],
        "Azure-AsyncOperation": [ "https://management.azure.com/subscriptions/27cafca8-b9a4-4264-b399-45d0c9cca1ab/resourcegroups/testps-rg-07us/providers/Microsoft.Cdn/operationresults/031ad462-9062-4ef7-815c-577ddd2aa4ae?api-version=2023-05-01" ],
        "Server": [ "Kestrel" ],
        "x-ms-ratelimit-remaining-subscription-resource-requests": [ "87" ],
        "x-ms-correlation-request-id": [ "ab83df0c-9471-4241-a7f9-7dc6cdd1bd10" ],
        "x-ms-routing-request-id": [ "SOUTHEASTASIA:20230530T025811Z:ab83df0c-9471-4241-a7f9-7dc6cdd1bd10" ],
        "X-Content-Type-Options": [ "nosniff" ],
        "Date": [ "Tue, 30 May 2023 02:58:11 GMT" ]
      },
      "ContentHeaders": {
        "Content-Length": [ "463" ],
        "Content-Type": [ "application/json; charset=utf-8" ],
        "Expires": [ "-1" ]
      },
      "Content": "{\"id\":\"/subscriptions/27cafca8-b9a4-4264-b399-45d0c9cca1ab/resourcegroups/testps-rg-07us/providers/Microsoft.Cdn/profiles/fdp-po6cs1/afdendpoints/end-pstest110\",\"type\":\"Microsoft.Cdn/profiles/afdendpoints\",\"name\":\"end-pstest110\",\"location\":\"Global\",\"tags\":{},\"properties\":{\"hostName\":\"end-pstest110-c0ebc0dvd5d6cqc3.z01.azurefd.net\",\"autoGeneratedDomainNameLabelScope\":null,\"enabledState\":\"Enabled\",\"provisioningState\":\"Creating\",\"deploymentStatus\":\"NotStarted\"}}",
      "isContentBase64": false
    }
  },
  "Update-AzFrontDoorCdnSecurityPolicy+[NoContext]+[NoScenario]+$GET+https://management.azure.com/subscriptions/27cafca8-b9a4-4264-b399-45d0c9cca1ab/resourcegroups/testps-rg-07us/providers/Microsoft.Cdn/operationresults/031ad462-9062-4ef7-815c-577ddd2aa4ae?api-version=2023-05-01+2": {
    "Request": {
      "Method": "GET",
      "RequestUri": "https://management.azure.com/subscriptions/27cafca8-b9a4-4264-b399-45d0c9cca1ab/resourcegroups/testps-rg-07us/providers/Microsoft.Cdn/operationresults/031ad462-9062-4ef7-815c-577ddd2aa4ae?api-version=2023-05-01",
      "Content": null,
      "isContentBase64": false,
      "Headers": {
        "Authorization": [ "[Filtered]" ],
        "x-ms-unique-id": [ "854" ],
        "x-ms-client-request-id": [ "d6151f0b-c388-4c62-a998-e29ab3c34360" ],
        "CommandName": [ "New-AzFrontDoorCdnEndpoint" ],
        "FullCommandName": [ "New-AzFrontDoorCdnEndpoint_CreateExpanded" ],
        "ParameterSetName": [ "__AllParameterSets" ],
        "User-Agent": [ "AzurePowershell/v0.0.0", "PSVersion/v7.2.11", "Az.Cdn/0.1.0" ]
      },
      "ContentHeaders": {
      }
    },
    "Response": {
      "StatusCode": 200,
      "Headers": {
        "Cache-Control": [ "no-cache" ],
        "Pragma": [ "no-cache" ],
        "Strict-Transport-Security": [ "max-age=31536000; includeSubDomains" ],
        "x-ms-request-id": [ "3e113e34-5dce-407f-97f9-741dd003fbc4" ],
        "x-ms-client-request-id": [ "d6151f0b-c388-4c62-a998-e29ab3c34360" ],
        "Server": [ "Kestrel" ],
        "x-ms-ratelimit-remaining-subscription-reads": [ "11675" ],
        "x-ms-correlation-request-id": [ "2862f3af-c6b9-4d5d-897d-e33ba71ffe69" ],
        "x-ms-routing-request-id": [ "SOUTHEASTASIA:20230530T025821Z:2862f3af-c6b9-4d5d-897d-e33ba71ffe69" ],
        "X-Content-Type-Options": [ "nosniff" ],
        "Date": [ "Tue, 30 May 2023 02:58:21 GMT" ]
      },
      "ContentHeaders": {
        "Content-Length": [ "61" ],
        "Content-Type": [ "application/json; charset=utf-8" ],
        "Expires": [ "-1" ]
      },
      "Content": "{\"status\":\"Succeeded\",\"error\":{\"code\":\"None\",\"message\":null}}",
      "isContentBase64": false
    }
  },
  "Update-AzFrontDoorCdnSecurityPolicy+[NoContext]+[NoScenario]+$GET+https://management.azure.com/subscriptions/27cafca8-b9a4-4264-b399-45d0c9cca1ab/resourceGroups/testps-rg-07us/providers/Microsoft.Cdn/profiles/fdp-po6cs1/afdEndpoints/end-pstest110?api-version=2023-05-01+3": {
    "Request": {
      "Method": "GET",
      "RequestUri": "https://management.azure.com/subscriptions/27cafca8-b9a4-4264-b399-45d0c9cca1ab/resourceGroups/testps-rg-07us/providers/Microsoft.Cdn/profiles/fdp-po6cs1/afdEndpoints/end-pstest110?api-version=2023-05-01",
      "Content": null,
      "isContentBase64": false,
      "Headers": {
        "Authorization": [ "[Filtered]" ],
        "x-ms-unique-id": [ "855" ],
        "x-ms-client-request-id": [ "d6151f0b-c388-4c62-a998-e29ab3c34360" ],
        "CommandName": [ "New-AzFrontDoorCdnEndpoint" ],
        "FullCommandName": [ "New-AzFrontDoorCdnEndpoint_CreateExpanded" ],
        "ParameterSetName": [ "__AllParameterSets" ],
        "User-Agent": [ "AzurePowershell/v0.0.0", "PSVersion/v7.2.11", "Az.Cdn/0.1.0" ]
      },
      "ContentHeaders": {
      }
    },
    "Response": {
      "StatusCode": 200,
      "Headers": {
        "Cache-Control": [ "no-cache" ],
        "Pragma": [ "no-cache" ],
        "Strict-Transport-Security": [ "max-age=31536000; includeSubDomains" ],
        "x-ms-request-id": [ "c7648d4d-dba6-43ed-aa8c-8e7c3bc0decb" ],
        "x-ms-client-request-id": [ "d6151f0b-c388-4c62-a998-e29ab3c34360" ],
        "Server": [ "Kestrel" ],
        "x-ms-ratelimit-remaining-subscription-resource-requests": [ "40" ],
        "x-ms-correlation-request-id": [ "a34e02fc-b68a-41a3-86d6-0af6c4221ca5" ],
        "x-ms-routing-request-id": [ "SOUTHEASTASIA:20230530T025822Z:a34e02fc-b68a-41a3-86d6-0af6c4221ca5" ],
        "X-Content-Type-Options": [ "nosniff" ],
        "Date": [ "Tue, 30 May 2023 02:58:22 GMT" ]
      },
      "ContentHeaders": {
        "Content-Length": [ "464" ],
        "Content-Type": [ "application/json; charset=utf-8" ],
        "Expires": [ "-1" ]
      },
      "Content": "{\"id\":\"/subscriptions/27cafca8-b9a4-4264-b399-45d0c9cca1ab/resourcegroups/testps-rg-07us/providers/Microsoft.Cdn/profiles/fdp-po6cs1/afdendpoints/end-pstest110\",\"type\":\"Microsoft.Cdn/profiles/afdendpoints\",\"name\":\"end-pstest110\",\"location\":\"Global\",\"tags\":{},\"properties\":{\"hostName\":\"end-pstest110-c0ebc0dvd5d6cqc3.z01.azurefd.net\",\"autoGeneratedDomainNameLabelScope\":null,\"enabledState\":\"Enabled\",\"provisioningState\":\"Succeeded\",\"deploymentStatus\":\"NotStarted\"}}",
      "isContentBase64": false
    }
  },
  "Update-AzFrontDoorCdnSecurityPolicy+[NoContext]+[NoScenario]+$PUT+https://management.azure.com/subscriptions/27cafca8-b9a4-4264-b399-45d0c9cca1ab/resourceGroups/testps-rg-07us/providers/Microsoft.Cdn/profiles/fdp-po6cs1/securityPolicies/pol-psName040?api-version=2023-05-01+4": {
    "Request": {
      "Method": "PUT",
      "RequestUri": "https://management.azure.com/subscriptions/27cafca8-b9a4-4264-b399-45d0c9cca1ab/resourceGroups/testps-rg-07us/providers/Microsoft.Cdn/profiles/fdp-po6cs1/securityPolicies/pol-psName040?api-version=2023-05-01",
      "Content": "{\r\n  \"properties\": {\r\n    \"parameters\": {\r\n      \"type\": \"WebApplicationFirewall\",\r\n      \"wafPolicy\": {\r\n        \"id\": \"/subscriptions/27cafca8-b9a4-4264-b399-45d0c9cca1ab/resourcegroups/powershelltest/providers/Microsoft.Network/frontdoorwebapplicationfirewallpolicies/powershelltestwaf\"\r\n      },\r\n      \"associations\": [\r\n        {\r\n          \"domains\": [\r\n            {\r\n              \"id\": \"/subscriptions/27cafca8-b9a4-4264-b399-45d0c9cca1ab/resourcegroups/testps-rg-07us/providers/Microsoft.Cdn/profiles/fdp-po6cs1/afdendpoints/end-pstest110\"\r\n            }\r\n          ],\r\n          \"patternsToMatch\": [ \"/*\" ]\r\n        }\r\n      ]\r\n    }\r\n  }\r\n}",
      "isContentBase64": false,
      "Headers": {
      },
      "ContentHeaders": {
        "Content-Type": [ "application/json" ],
        "Content-Length": [ "653" ]
      }
    },
    "Response": {
      "StatusCode": 201,
      "Headers": {
        "Cache-Control": [ "no-cache" ],
        "Pragma": [ "no-cache" ],
        "Retry-After": [ "10" ],
        "Strict-Transport-Security": [ "max-age=31536000; includeSubDomains" ],
        "x-ms-request-id": [ "76887438-29be-478b-8601-1cf459373827" ],
        "x-ms-client-request-id": [ "9b141dba-73c4-4fdf-9019-e45b4075a552" ],
        "Azure-AsyncOperation": [ "https://management.azure.com/subscriptions/27cafca8-b9a4-4264-b399-45d0c9cca1ab/resourcegroups/testps-rg-07us/providers/Microsoft.Cdn/operationresults/1dfca05c-96dd-484b-9da7-ca839c32cb00?api-version=2020-09-01" ],
        "Server": [ "Kestrel" ],
        "x-ms-ratelimit-remaining-subscription-resource-requests": [ "96" ],
        "x-ms-correlation-request-id": [ "31f449d2-8d4f-4465-ba82-3e77a7eeead3" ],
        "x-ms-routing-request-id": [ "SOUTHEASTASIA:20230530T025824Z:31f449d2-8d4f-4465-ba82-3e77a7eeead3" ],
        "X-Content-Type-Options": [ "nosniff" ],
        "Date": [ "Tue, 30 May 2023 02:58:24 GMT" ]
      },
      "ContentHeaders": {
        "Content-Length": [ "785" ],
        "Content-Type": [ "application/json; charset=utf-8" ],
        "Expires": [ "-1" ]
      },
      "Content": "{\"id\":\"/subscriptions/27cafca8-b9a4-4264-b399-45d0c9cca1ab/resourcegroups/testps-rg-07us/providers/Microsoft.Cdn/profiles/fdp-po6cs1/securitypolicies/pol-psName040\",\"type\":\"Microsoft.Cdn/profiles/securitypolicies\",\"name\":\"pol-psName040\",\"properties\":{\"parameters\":{\"wafPolicy\":{\"id\":\"/subscriptions/27cafca8-b9a4-4264-b399-45d0c9cca1ab/resourcegroups/powershelltest/providers/Microsoft.Network/frontdoorwebapplicationfirewallpolicies/powershelltestwaf\"},\"associations\":[{\"domains\":[{\"isActive\":true,\"id\":\"/subscriptions/27cafca8-b9a4-4264-b399-45d0c9cca1ab/resourcegroups/testps-rg-07us/providers/Microsoft.Cdn/profiles/fdp-po6cs1/afdendpoints/end-pstest110\"}],\"patternsToMatch\":[\"/*\"]}],\"type\":\"WebApplicationFirewall\"},\"deploymentStatus\":\"NotStarted\",\"provisioningState\":\"Creating\"}}",
      "isContentBase64": false
    }
  },
  "Update-AzFrontDoorCdnSecurityPolicy+[NoContext]+[NoScenario]+$GET+https://management.azure.com/subscriptions/27cafca8-b9a4-4264-b399-45d0c9cca1ab/resourcegroups/testps-rg-07us/providers/Microsoft.Cdn/operationresults/1dfca05c-96dd-484b-9da7-ca839c32cb00?api-version=2020-09-01+5": {
    "Request": {
      "Method": "GET",
      "RequestUri": "https://management.azure.com/subscriptions/27cafca8-b9a4-4264-b399-45d0c9cca1ab/resourcegroups/testps-rg-07us/providers/Microsoft.Cdn/operationresults/1dfca05c-96dd-484b-9da7-ca839c32cb00?api-version=2020-09-01",
      "Content": null,
      "isContentBase64": false,
      "Headers": {
        "Authorization": [ "[Filtered]" ],
        "x-ms-unique-id": [ "857" ],
        "x-ms-client-request-id": [ "9b141dba-73c4-4fdf-9019-e45b4075a552" ],
        "CommandName": [ "New-AzFrontDoorCdnSecurityPolicy" ],
        "FullCommandName": [ "New-AzFrontDoorCdnSecurityPolicy_CreateExpanded" ],
        "ParameterSetName": [ "__AllParameterSets" ],
        "User-Agent": [ "AzurePowershell/v0.0.0", "PSVersion/v7.2.11", "Az.Cdn/0.1.0" ]
      },
      "ContentHeaders": {
      }
    },
    "Response": {
      "StatusCode": 200,
      "Headers": {
        "Cache-Control": [ "no-cache" ],
        "Pragma": [ "no-cache" ],
        "Strict-Transport-Security": [ "max-age=31536000; includeSubDomains" ],
        "x-ms-request-id": [ "bce40419-de1d-41ac-805e-bea0f4dae493" ],
        "x-ms-client-request-id": [ "9b141dba-73c4-4fdf-9019-e45b4075a552" ],
        "Server": [ "Kestrel" ],
        "x-ms-ratelimit-remaining-subscription-reads": [ "11674" ],
        "x-ms-correlation-request-id": [ "0bcd8f9e-08ac-4338-8b1a-7409e835438f" ],
        "x-ms-routing-request-id": [ "SOUTHEASTASIA:20230530T025835Z:0bcd8f9e-08ac-4338-8b1a-7409e835438f" ],
        "X-Content-Type-Options": [ "nosniff" ],
        "Date": [ "Tue, 30 May 2023 02:58:34 GMT" ]
      },
      "ContentHeaders": {
        "Content-Length": [ "61" ],
        "Content-Type": [ "application/json; charset=utf-8" ],
        "Expires": [ "-1" ]
      },
      "Content": "{\"status\":\"Succeeded\",\"error\":{\"code\":\"None\",\"message\":null}}",
      "isContentBase64": false
    }
  },
  "Update-AzFrontDoorCdnSecurityPolicy+[NoContext]+[NoScenario]+$GET+https://management.azure.com/subscriptions/27cafca8-b9a4-4264-b399-45d0c9cca1ab/resourceGroups/testps-rg-07us/providers/Microsoft.Cdn/profiles/fdp-po6cs1/securityPolicies/pol-psName040?api-version=2023-05-01+6": {
    "Request": {
      "Method": "GET",
      "RequestUri": "https://management.azure.com/subscriptions/27cafca8-b9a4-4264-b399-45d0c9cca1ab/resourceGroups/testps-rg-07us/providers/Microsoft.Cdn/profiles/fdp-po6cs1/securityPolicies/pol-psName040?api-version=2023-05-01",
      "Content": null,
      "isContentBase64": false,
      "Headers": {
        "Authorization": [ "[Filtered]" ],
        "x-ms-unique-id": [ "858" ],
        "x-ms-client-request-id": [ "9b141dba-73c4-4fdf-9019-e45b4075a552" ],
        "CommandName": [ "New-AzFrontDoorCdnSecurityPolicy" ],
        "FullCommandName": [ "New-AzFrontDoorCdnSecurityPolicy_CreateExpanded" ],
        "ParameterSetName": [ "__AllParameterSets" ],
        "User-Agent": [ "AzurePowershell/v0.0.0", "PSVersion/v7.2.11", "Az.Cdn/0.1.0" ]
      },
      "ContentHeaders": {
      }
    },
    "Response": {
      "StatusCode": 200,
      "Headers": {
        "Cache-Control": [ "no-cache" ],
        "Pragma": [ "no-cache" ],
        "Strict-Transport-Security": [ "max-age=31536000; includeSubDomains" ],
        "x-ms-request-id": [ "23085c45-1cc7-424c-87f9-46b7fd813c3b" ],
        "x-ms-client-request-id": [ "9b141dba-73c4-4fdf-9019-e45b4075a552" ],
        "Server": [ "Kestrel" ],
        "x-ms-ratelimit-remaining-subscription-reads": [ "11673" ],
        "x-ms-correlation-request-id": [ "afdad6b2-2897-4852-a386-7c850e13933b" ],
        "x-ms-routing-request-id": [ "SOUTHEASTASIA:20230530T025835Z:afdad6b2-2897-4852-a386-7c850e13933b" ],
        "X-Content-Type-Options": [ "nosniff" ],
        "Date": [ "Tue, 30 May 2023 02:58:34 GMT" ]
      },
      "ContentHeaders": {
        "Content-Length": [ "786" ],
        "Content-Type": [ "application/json; charset=utf-8" ],
        "Expires": [ "-1" ]
      },
      "Content": "{\"id\":\"/subscriptions/27cafca8-b9a4-4264-b399-45d0c9cca1ab/resourcegroups/testps-rg-07us/providers/Microsoft.Cdn/profiles/fdp-po6cs1/securitypolicies/pol-psName040\",\"type\":\"Microsoft.Cdn/profiles/securitypolicies\",\"name\":\"pol-psName040\",\"properties\":{\"parameters\":{\"wafPolicy\":{\"id\":\"/subscriptions/27cafca8-b9a4-4264-b399-45d0c9cca1ab/resourcegroups/powershelltest/providers/Microsoft.Network/frontdoorwebapplicationfirewallpolicies/powershelltestwaf\"},\"associations\":[{\"domains\":[{\"isActive\":true,\"id\":\"/subscriptions/27cafca8-b9a4-4264-b399-45d0c9cca1ab/resourcegroups/testps-rg-07us/providers/Microsoft.Cdn/profiles/fdp-po6cs1/afdendpoints/end-pstest110\"}],\"patternsToMatch\":[\"/*\"]}],\"type\":\"WebApplicationFirewall\"},\"deploymentStatus\":\"NotStarted\",\"provisioningState\":\"Succeeded\"}}",
      "isContentBase64": false
    }
  }
}