{
  "Entries": [
    {
      "RequestUri": "/subscriptions/80c77c76-74ba-4c8c-8229-4c3b2957990c/providers/Microsoft.MachineLearning?api-version=2016-02-01",
      "EncodedRequestUri": "L3N1YnNjcmlwdGlvbnMvODBjNzdjNzYtNzRiYS00YzhjLTgyMjktNGMzYjI5NTc5OTBjL3Byb3ZpZGVycy9NaWNyb3NvZnQuTWFjaGluZUxlYXJuaW5nP2FwaS12ZXJzaW9uPTIwMTYtMDItMDE=",
      "RequestMethod": "GET",
      "RequestBody": "",
      "RequestHeaders": {
        "User-Agent": [
          "Microsoft.Azure.Management.Resources.ResourceManagementClient/2.0.0.0"
        ]
      },
      "ResponseBody": "{\r\n  \"id\": \"/subscriptions/80c77c76-74ba-4c8c-8229-4c3b2957990c/providers/Microsoft.MachineLearning\",\r\n  \"namespace\": \"Microsoft.MachineLearning\",\r\n  \"authorization\": {\r\n    \"applicationId\": \"0736f41a-0425-4b46-bdb5-1563eff02385\",\r\n    \"roleDefinitionId\": \"1cc297bc-1829-4524-941f-966373421033\"\r\n  },\r\n  \"resourceTypes\": [\r\n    {\r\n      \"resourceType\": \"Workspaces\",\r\n      \"locations\": [\r\n        \"South Central US\",\r\n        \"West Europe\",\r\n        \"Southeast Asia\"\r\n      ],\r\n      \"apiVersions\": [\r\n        \"2016-04-01\"\r\n      ],\r\n      \"capabilities\": \"CrossResourceGroupResourceMove, CrossSubscriptionResourceMove\"\r\n    },\r\n    {\r\n      \"resourceType\": \"webServices\",\r\n      \"locations\": [\r\n        \"South Central US\",\r\n        \"West Europe\",\r\n        \"Southeast Asia\"\r\n      ],\r\n      \"apiVersions\": [\r\n        \"2016-05-01-preview\"\r\n      ],\r\n      \"capabilities\": \"CrossResourceGroupResourceMove, CrossSubscriptionResourceMove\"\r\n    },\r\n    {\r\n      \"resourceType\": \"locations\",\r\n      \"locations\": [\r\n        \"South Central US\"\r\n      ],\r\n      \"apiVersions\": [\r\n        \"2016-05-01-preview\"\r\n      ]\r\n    },\r\n    {\r\n      \"resourceType\": \"locations/operations\",\r\n      \"locations\": [\r\n        \"South Central US\",\r\n        \"West Europe\",\r\n        \"Southeast Asia\"\r\n      ],\r\n      \"apiVersions\": [\r\n        \"2016-05-01-preview\"\r\n      ]\r\n    },\r\n    {\r\n      \"resourceType\": \"locations/operationsStatus\",\r\n      \"locations\": [\r\n        \"South Central US\",\r\n        \"West Europe\",\r\n        \"Southeast Asia\"\r\n      ],\r\n      \"apiVersions\": [\r\n        \"2016-05-01-preview\"\r\n      ]\r\n    },\r\n    {\r\n      \"resourceType\": \"commitmentPlans\",\r\n      \"locations\": [\r\n        \"South Central US\",\r\n        \"West Europe\",\r\n        \"Southeast Asia\"\r\n      ],\r\n      \"apiVersions\": [\r\n        \"2016-05-01-preview\"\r\n      ],\r\n      \"capabilities\": \"CrossResourceGroupResourceMove, CrossSubscriptionResourceMove\"\r\n    }\r\n  ],\r\n  \"registrationState\": \"Registered\"\r\n}",
      "ResponseHeaders": {
        "Content-Length": [
          "1333"
        ],
        "Content-Type": [
          "application/json; charset=utf-8"
        ],
        "Expires": [
          "-1"
        ],
        "Pragma": [
          "no-cache"
        ],
        "x-ms-ratelimit-remaining-subscription-reads": [
          "14969"
        ],
        "x-ms-request-id": [
          "c1084fc7-953f-4576-94d8-d53417263395"
        ],
        "x-ms-correlation-request-id": [
          "c1084fc7-953f-4576-94d8-d53417263395"
        ],
        "x-ms-routing-request-id": [
          "CENTRALUS:20160825T185946Z:c1084fc7-953f-4576-94d8-d53417263395"
        ],
        "Strict-Transport-Security": [
          "max-age=31536000; includeSubDomains"
        ],
        "Cache-Control": [
          "no-cache"
        ],
        "Date": [
          "Thu, 25 Aug 2016 18:59:45 GMT"
        ]
      },
      "StatusCode": 200
    },
    {
      "RequestUri": "/subscriptions/80c77c76-74ba-4c8c-8229-4c3b2957990c/resourcegroups/onesdk9360?api-version=2016-02-01",
      "EncodedRequestUri": "L3N1YnNjcmlwdGlvbnMvODBjNzdjNzYtNzRiYS00YzhjLTgyMjktNGMzYjI5NTc5OTBjL3Jlc291cmNlZ3JvdXBzL29uZXNkazkzNjA/YXBpLXZlcnNpb249MjAxNi0wMi0wMQ==",
      "RequestMethod": "PUT",
      "RequestBody": "{\r\n  \"location\": \"southcentralus\"\r\n}",
      "RequestHeaders": {
        "Content-Type": [
          "application/json; charset=utf-8"
        ],
        "Content-Length": [
          "36"
        ],
        "User-Agent": [
          "Microsoft.Azure.Management.Resources.ResourceManagementClient/2.0.0.0"
        ]
      },
      "ResponseBody": "{\r\n  \"id\": \"/subscriptions/80c77c76-74ba-4c8c-8229-4c3b2957990c/resourceGroups/onesdk9360\",\r\n  \"name\": \"onesdk9360\",\r\n  \"location\": \"southcentralus\",\r\n  \"properties\": {\r\n    \"provisioningState\": \"Succeeded\"\r\n  }\r\n}",
      "ResponseHeaders": {
        "Content-Length": [
          "181"
        ],
        "Content-Type": [
          "application/json; charset=utf-8"
        ],
        "Expires": [
          "-1"
        ],
        "Pragma": [
          "no-cache"
        ],
        "x-ms-ratelimit-remaining-subscription-writes": [
          "1198"
        ],
        "x-ms-request-id": [
          "7cbbea4f-8d77-420c-83b3-1fe29308cfe6"
        ],
        "x-ms-correlation-request-id": [
          "7cbbea4f-8d77-420c-83b3-1fe29308cfe6"
        ],
        "x-ms-routing-request-id": [
          "CENTRALUS:20160825T185947Z:7cbbea4f-8d77-420c-83b3-1fe29308cfe6"
        ],
        "Strict-Transport-Security": [
          "max-age=31536000; includeSubDomains"
        ],
        "Cache-Control": [
          "no-cache"
        ],
        "Date": [
          "Thu, 25 Aug 2016 18:59:46 GMT"
        ]
      },
      "StatusCode": 201
    },
    {
      "RequestUri": "/subscriptions/80c77c76-74ba-4c8c-8229-4c3b2957990c/resourceGroups/onesdk9360/providers/Microsoft.MachineLearning/commitmentPlans/onesdk6692?api-version=2016-05-01-preview",
      "EncodedRequestUri": "L3N1YnNjcmlwdGlvbnMvODBjNzdjNzYtNzRiYS00YzhjLTgyMjktNGMzYjI5NTc5OTBjL3Jlc291cmNlR3JvdXBzL29uZXNkazkzNjAvcHJvdmlkZXJzL01pY3Jvc29mdC5NYWNoaW5lTGVhcm5pbmcvY29tbWl0bWVudFBsYW5zL29uZXNkazY2OTI/YXBpLXZlcnNpb249MjAxNi0wNS0wMS1wcmV2aWV3",
      "RequestMethod": "PUT",
      "RequestBody": "{\r\n  \"sku\": {\r\n    \"capacity\": 1,\r\n    \"name\": \"S1\",\r\n    \"tier\": \"Standard\"\r\n  },\r\n  \"location\": \"southcentralus\"\r\n}",
      "RequestHeaders": {
        "Content-Type": [
          "application/json; charset=utf-8"
        ],
        "Content-Length": [
          "117"
        ],
        "x-ms-client-request-id": [
          "5d8bd868-c3ea-4cd0-b05f-c3b67b5ce38d"
        ],
        "accept-language": [
          "en-US"
        ],
        "User-Agent": [
          "Microsoft.Azure.Management.MachineLearning.CommitmentPlans.AzureMLCommitmentPlansManagementClient/0.9.4-preview"
        ]
      },
      "ResponseBody": "{\r\n  \"etag\": \"0000f7a7-0000-0000-0000-57bf40240000\",\r\n  \"id\": \"/subscriptions/80c77c76-74ba-4c8c-8229-4c3b2957990c/resourceGroups/onesdk9360/providers/Microsoft.MachineLearning/commitmentPlans/onesdk6692\",\r\n  \"location\": \"southcentralus\",\r\n  \"name\": \"onesdk6692\",\r\n  \"properties\": {\r\n    \"chargeForOverage\": true,\r\n    \"chargeForPlan\": true,\r\n    \"creationDate\": \"2016-08-25T18:59:45.9148487Z\",\r\n    \"includedQuantities\": {\r\n      \"machineLearningWebServiceComputeHours\": {\r\n        \"allowance\": 25.0,\r\n        \"amount\": 25.0,\r\n        \"includedQuantityMeter\": \"29187de1-b4a1-4503-a6f6-078271b3fc9d\",\r\n        \"overageMeter\": \"842f92f7-a46b-4522-ac62-8134271dc591\"\r\n      },\r\n      \"machineLearningWebServiceTransactions\": {\r\n        \"allowance\": 100000.0,\r\n        \"amount\": 100000.0,\r\n        \"includedQuantityMeter\": \"303743b6-4cd0-44df-8ec2-a93c8f14943b\",\r\n        \"overageMeter\": \"c906e161-98b8-41b1-81e2-b59e0b263740\"\r\n      }\r\n    },\r\n    \"maxAssociationLimit\": 10000,\r\n    \"maxCapacityLimit\": 10,\r\n    \"minCapacityLimit\": 1,\r\n    \"planMeter\": \"4a5a4b83-6216-47c5-b3db-fe430fa6e2c3\",\r\n    \"refillFrequencyInDays\": 30,\r\n    \"suspendPlanOnOverage\": false\r\n  },\r\n  \"sku\": {\r\n    \"capacity\": 1,\r\n    \"name\": \"S1\",\r\n    \"tier\": \"Standard\"\r\n  },\r\n  \"tags\": {},\r\n  \"type\": \"Microsoft.MachineLearning/commitmentPlans\"\r\n}",
      "ResponseHeaders": {
        "Content-Length": [
          "1050"
        ],
        "Content-Type": [
          "application/json; charset=utf-8"
        ],
        "Expires": [
          "-1"
        ],
        "Pragma": [
          "no-cache"
        ],
        "Strict-Transport-Security": [
          "max-age=31536000; includeSubDomains"
        ],
        "x-ms-request-id": [
          "09655f30-cc95-4568-8965-808ebf2438c1"
        ],
        "x-ms-ratelimit-remaining-subscription-writes": [
          "1199"
        ],
        "x-ms-correlation-request-id": [
          "3d828c15-d59b-483b-894a-d64a420a9ae2"
        ],
        "x-ms-routing-request-id": [
          "CENTRALUS:20160825T185950Z:3d828c15-d59b-483b-894a-d64a420a9ae2"
        ],
        "Cache-Control": [
          "no-cache"
        ],
        "Date": [
          "Thu, 25 Aug 2016 18:59:50 GMT"
        ],
        "Server": [
          "Microsoft-HTTPAPI/2.0"
        ]
      },
      "StatusCode": 200
    },
    {
      "RequestUri": "/subscriptions/80c77c76-74ba-4c8c-8229-4c3b2957990c/resourceGroups/onesdk9360/providers/Microsoft.MachineLearning/commitmentPlans/onesdk6692?api-version=2016-05-01-preview",
      "EncodedRequestUri": "L3N1YnNjcmlwdGlvbnMvODBjNzdjNzYtNzRiYS00YzhjLTgyMjktNGMzYjI5NTc5OTBjL3Jlc291cmNlR3JvdXBzL29uZXNkazkzNjAvcHJvdmlkZXJzL01pY3Jvc29mdC5NYWNoaW5lTGVhcm5pbmcvY29tbWl0bWVudFBsYW5zL29uZXNkazY2OTI/YXBpLXZlcnNpb249MjAxNi0wNS0wMS1wcmV2aWV3",
      "RequestMethod": "PATCH",
      "RequestBody": "{\r\n  \"tags\": {\r\n    \"tag1\": \"value1\"\r\n  },\r\n  \"sku\": {\r\n    \"capacity\": 2,\r\n    \"name\": \"S2\",\r\n    \"tier\": \"Standard\"\r\n  }\r\n}",
      "RequestHeaders": {
        "Content-Type": [
          "application/json; charset=utf-8"
        ],
        "Content-Length": [
          "125"
        ],
        "x-ms-client-request-id": [
          "95f6c218-e8e2-4ffa-a89c-7d9a2164c70f"
        ],
        "accept-language": [
          "en-US"
        ],
        "User-Agent": [
          "Microsoft.Azure.Management.MachineLearning.CommitmentPlans.AzureMLCommitmentPlansManagementClient/0.9.4-preview"
        ]
      },
      "ResponseBody": "{\r\n  \"etag\": \"0000f9a7-0000-0000-0000-57bf40250000\",\r\n  \"id\": \"/subscriptions/80c77c76-74ba-4c8c-8229-4c3b2957990c/resourceGroups/onesdk9360/providers/Microsoft.MachineLearning/commitmentPlans/onesdk6692\",\r\n  \"location\": \"southcentralus\",\r\n  \"name\": \"onesdk6692\",\r\n  \"properties\": {\r\n    \"chargeForOverage\": true,\r\n    \"chargeForPlan\": true,\r\n    \"creationDate\": \"2016-08-25T18:59:45.9148487Z\",\r\n    \"includedQuantities\": {\r\n      \"machineLearningWebServiceComputeHours\": {\r\n        \"allowance\": 500.0,\r\n        \"amount\": 500.0,\r\n        \"includedQuantityMeter\": \"29187de1-b4a1-4503-a6f6-078271b3fc9d\",\r\n        \"overageMeter\": \"e5921380-3088-471a-ae87-a47cc97e98dc\"\r\n      },\r\n      \"machineLearningWebServiceTransactions\": {\r\n        \"allowance\": 2000000.0,\r\n        \"amount\": 2000000.0,\r\n        \"includedQuantityMeter\": \"303743b6-4cd0-44df-8ec2-a93c8f14943b\",\r\n        \"overageMeter\": \"96328029-e3da-49d7-bba1-48ef64f13ff1\"\r\n      }\r\n    },\r\n    \"maxAssociationLimit\": 10000,\r\n    \"maxCapacityLimit\": 10,\r\n    \"minCapacityLimit\": 1,\r\n    \"planMeter\": \"0242cdc7-456a-4024-a1d5-f00b54f37b76\",\r\n    \"refillFrequencyInDays\": 30,\r\n    \"suspendPlanOnOverage\": false\r\n  },\r\n  \"sku\": {\r\n    \"capacity\": 2,\r\n    \"name\": \"S2\",\r\n    \"tier\": \"Standard\"\r\n  },\r\n  \"tags\": {\r\n    \"tag1\": \"value1\"\r\n  },\r\n  \"type\": \"Microsoft.MachineLearning/commitmentPlans\"\r\n}",
      "ResponseHeaders": {
        "Content-Length": [
          "1069"
        ],
        "Content-Type": [
          "application/json; charset=utf-8"
        ],
        "Expires": [
          "-1"
        ],
        "Pragma": [
          "no-cache"
        ],
        "Strict-Transport-Security": [
          "max-age=31536000; includeSubDomains"
        ],
        "x-ms-request-id": [
          "e3f21035-4419-404f-9ac3-e2b4e9add739"
        ],
        "x-ms-ratelimit-remaining-subscription-writes": [
          "1198"
        ],
        "x-ms-correlation-request-id": [
          "8dfebfa9-7948-441f-9cda-64ebd1fc8a12"
        ],
        "x-ms-routing-request-id": [
          "CENTRALUS:20160825T185952Z:8dfebfa9-7948-441f-9cda-64ebd1fc8a12"
        ],
        "Cache-Control": [
          "no-cache"
        ],
        "Date": [
          "Thu, 25 Aug 2016 18:59:52 GMT"
        ],
        "Server": [
          "Microsoft-HTTPAPI/2.0"
        ]
      },
      "StatusCode": 200
    },
    {
      "RequestUri": "/subscriptions/80c77c76-74ba-4c8c-8229-4c3b2957990c/resourceGroups/onesdk9360/providers/Microsoft.MachineLearning/commitmentPlans/onesdk6692?api-version=2016-05-01-preview",
      "EncodedRequestUri": "L3N1YnNjcmlwdGlvbnMvODBjNzdjNzYtNzRiYS00YzhjLTgyMjktNGMzYjI5NTc5OTBjL3Jlc291cmNlR3JvdXBzL29uZXNkazkzNjAvcHJvdmlkZXJzL01pY3Jvc29mdC5NYWNoaW5lTGVhcm5pbmcvY29tbWl0bWVudFBsYW5zL29uZXNkazY2OTI/YXBpLXZlcnNpb249MjAxNi0wNS0wMS1wcmV2aWV3",
      "RequestMethod": "GET",
      "RequestBody": "",
      "RequestHeaders": {
        "x-ms-client-request-id": [
          "f35383b5-eba7-4e4d-bf72-642f1cb34051"
        ],
        "accept-language": [
          "en-US"
        ],
        "User-Agent": [
          "Microsoft.Azure.Management.MachineLearning.CommitmentPlans.AzureMLCommitmentPlansManagementClient/0.9.4-preview"
        ]
      },
      "ResponseBody": "{\r\n  \"etag\": \"0000f9a7-0000-0000-0000-57bf40250000\",\r\n  \"id\": \"/subscriptions/80c77c76-74ba-4c8c-8229-4c3b2957990c/resourceGroups/onesdk9360/providers/Microsoft.MachineLearning/commitmentPlans/onesdk6692\",\r\n  \"location\": \"southcentralus\",\r\n  \"name\": \"onesdk6692\",\r\n  \"properties\": {\r\n    \"chargeForOverage\": true,\r\n    \"chargeForPlan\": true,\r\n    \"creationDate\": \"2016-08-25T18:59:45.9148487Z\",\r\n    \"includedQuantities\": {\r\n      \"machineLearningWebServiceComputeHours\": {\r\n        \"allowance\": 500.0,\r\n        \"amount\": 500.0,\r\n        \"includedQuantityMeter\": \"29187de1-b4a1-4503-a6f6-078271b3fc9d\",\r\n        \"overageMeter\": \"e5921380-3088-471a-ae87-a47cc97e98dc\"\r\n      },\r\n      \"machineLearningWebServiceTransactions\": {\r\n        \"allowance\": 2000000.0,\r\n        \"amount\": 2000000.0,\r\n        \"includedQuantityMeter\": \"303743b6-4cd0-44df-8ec2-a93c8f14943b\",\r\n        \"overageMeter\": \"96328029-e3da-49d7-bba1-48ef64f13ff1\"\r\n      }\r\n    },\r\n    \"maxAssociationLimit\": 10000,\r\n    \"maxCapacityLimit\": 10,\r\n    \"minCapacityLimit\": 1,\r\n    \"planMeter\": \"0242cdc7-456a-4024-a1d5-f00b54f37b76\",\r\n    \"refillFrequencyInDays\": 30,\r\n    \"suspendPlanOnOverage\": false\r\n  },\r\n  \"sku\": {\r\n    \"capacity\": 2,\r\n    \"name\": \"S2\",\r\n    \"tier\": \"Standard\"\r\n  },\r\n  \"tags\": {\r\n    \"tag1\": \"value1\"\r\n  },\r\n  \"type\": \"Microsoft.MachineLearning/commitmentPlans\"\r\n}",
      "ResponseHeaders": {
        "Content-Length": [
          "1069"
        ],
        "Content-Type": [
          "application/json; charset=utf-8"
        ],
        "Expires": [
          "-1"
        ],
        "Pragma": [
          "no-cache"
        ],
        "Strict-Transport-Security": [
          "max-age=31536000; includeSubDomains"
        ],
        "x-ms-request-id": [
          "d5f027ec-f372-47a6-ac24-883d9432ed46"
        ],
        "x-ms-ratelimit-remaining-subscription-reads": [
          "14960"
        ],
        "x-ms-correlation-request-id": [
          "83b1e11b-0501-4f3c-b901-c5d458884dad"
        ],
        "x-ms-routing-request-id": [
          "CENTRALUS:20160825T185952Z:83b1e11b-0501-4f3c-b901-c5d458884dad"
        ],
        "Cache-Control": [
          "no-cache"
        ],
        "Date": [
          "Thu, 25 Aug 2016 18:59:52 GMT"
        ],
        "Server": [
          "Microsoft-HTTPAPI/2.0"
        ]
      },
      "StatusCode": 200
    },
    {
      "RequestUri": "/subscriptions/80c77c76-74ba-4c8c-8229-4c3b2957990c/resourceGroups/onesdk9360/providers/Microsoft.MachineLearning/commitmentPlans/onesdk6692?api-version=2016-05-01-preview",
      "EncodedRequestUri": "L3N1YnNjcmlwdGlvbnMvODBjNzdjNzYtNzRiYS00YzhjLTgyMjktNGMzYjI5NTc5OTBjL3Jlc291cmNlR3JvdXBzL29uZXNkazkzNjAvcHJvdmlkZXJzL01pY3Jvc29mdC5NYWNoaW5lTGVhcm5pbmcvY29tbWl0bWVudFBsYW5zL29uZXNkazY2OTI/YXBpLXZlcnNpb249MjAxNi0wNS0wMS1wcmV2aWV3",
      "RequestMethod": "GET",
      "RequestBody": "",
      "RequestHeaders": {
        "x-ms-client-request-id": [
          "e3dae2a7-7fc0-4016-826f-005847643084"
        ],
        "accept-language": [
          "en-US"
        ],
        "User-Agent": [
          "Microsoft.Azure.Management.MachineLearning.CommitmentPlans.AzureMLCommitmentPlansManagementClient/0.9.4-preview"
        ]
      },
      "ResponseBody": "{\r\n  \"error\": {\r\n    \"code\": \"ResourceNotFound\",\r\n    \"message\": \"The Resource 'Microsoft.MachineLearning/commitmentPlans/onesdk6692' under resource group 'onesdk9360' was not found.\"\r\n  }\r\n}",
      "ResponseHeaders": {
        "Content-Length": [
          "166"
        ],
        "Content-Type": [
          "application/json; charset=utf-8"
        ],
        "Expires": [
          "-1"
        ],
        "Pragma": [
          "no-cache"
        ],
        "x-ms-failure-cause": [
          "gateway"
        ],
        "x-ms-request-id": [
          "6d1496bf-4326-4f7f-a40c-0d3e4124fda6"
        ],
        "x-ms-correlation-request-id": [
          "6d1496bf-4326-4f7f-a40c-0d3e4124fda6"
        ],
        "x-ms-routing-request-id": [
          "CENTRALUS:20160825T185954Z:6d1496bf-4326-4f7f-a40c-0d3e4124fda6"
        ],
        "Strict-Transport-Security": [
          "max-age=31536000; includeSubDomains"
        ],
        "Cache-Control": [
          "no-cache"
        ],
        "Date": [
          "Thu, 25 Aug 2016 18:59:54 GMT"
        ]
      },
      "StatusCode": 404
    },
    {
      "RequestUri": "/subscriptions/80c77c76-74ba-4c8c-8229-4c3b2957990c/resourceGroups/onesdk9360/providers/Microsoft.MachineLearning/commitmentPlans/onesdk6692?api-version=2016-05-01-preview",
      "EncodedRequestUri": "L3N1YnNjcmlwdGlvbnMvODBjNzdjNzYtNzRiYS00YzhjLTgyMjktNGMzYjI5NTc5OTBjL3Jlc291cmNlR3JvdXBzL29uZXNkazkzNjAvcHJvdmlkZXJzL01pY3Jvc29mdC5NYWNoaW5lTGVhcm5pbmcvY29tbWl0bWVudFBsYW5zL29uZXNkazY2OTI/YXBpLXZlcnNpb249MjAxNi0wNS0wMS1wcmV2aWV3",
      "RequestMethod": "DELETE",
      "RequestBody": "",
      "RequestHeaders": {
        "x-ms-client-request-id": [
          "5e07761a-7705-4727-b917-e5120ba13bf9"
        ],
        "accept-language": [
          "en-US"
        ],
        "User-Agent": [
          "Microsoft.Azure.Management.MachineLearning.CommitmentPlans.AzureMLCommitmentPlansManagementClient/0.9.4-preview"
        ]
      },
      "ResponseBody": "",
      "ResponseHeaders": {
        "Content-Length": [
          "0"
        ],
        "Expires": [
          "-1"
        ],
        "Pragma": [
          "no-cache"
        ],
        "Strict-Transport-Security": [
          "max-age=31536000; includeSubDomains"
        ],
        "x-ms-request-id": [
          "0edae0f9-1a48-4ff9-9c8b-695b564442be"
        ],
        "x-ms-ratelimit-remaining-subscription-writes": [
          "1197"
        ],
        "x-ms-correlation-request-id": [
          "68eee72d-3383-4151-abe4-94cbf2450c0e"
        ],
        "x-ms-routing-request-id": [
          "CENTRALUS:20160825T185954Z:68eee72d-3383-4151-abe4-94cbf2450c0e"
        ],
        "Cache-Control": [
          "no-cache"
        ],
        "Date": [
          "Thu, 25 Aug 2016 18:59:54 GMT"
        ],
        "Server": [
          "Microsoft-HTTPAPI/2.0"
        ]
      },
      "StatusCode": 200
    },
    {
      "RequestUri": "/subscriptions/80c77c76-74ba-4c8c-8229-4c3b2957990c/resourcegroups/onesdk9360?api-version=2016-02-01",
      "EncodedRequestUri": "L3N1YnNjcmlwdGlvbnMvODBjNzdjNzYtNzRiYS00YzhjLTgyMjktNGMzYjI5NTc5OTBjL3Jlc291cmNlZ3JvdXBzL29uZXNkazkzNjA/YXBpLXZlcnNpb249MjAxNi0wMi0wMQ==",
      "RequestMethod": "DELETE",
      "RequestBody": "",
      "RequestHeaders": {
        "User-Agent": [
          "Microsoft.Azure.Management.Resources.ResourceManagementClient/2.0.0.0"
        ]
      },
      "ResponseBody": "",
      "ResponseHeaders": {
        "Content-Length": [
          "0"
        ],
        "Expires": [
          "-1"
        ],
        "Pragma": [
          "no-cache"
        ],
        "Retry-After": [
          "15"
        ],
        "x-ms-ratelimit-remaining-subscription-writes": [
          "1197"
        ],
        "x-ms-request-id": [
          "06086fc3-26ee-4a71-a75b-ad214d3448cb"
        ],
        "x-ms-correlation-request-id": [
          "06086fc3-26ee-4a71-a75b-ad214d3448cb"
        ],
        "x-ms-routing-request-id": [
          "CENTRALUS:20160825T185955Z:06086fc3-26ee-4a71-a75b-ad214d3448cb"
        ],
        "Strict-Transport-Security": [
          "max-age=31536000; includeSubDomains"
        ],
        "Cache-Control": [
          "no-cache"
        ],
        "Date": [
          "Thu, 25 Aug 2016 18:59:54 GMT"
        ],
        "Location": [
          "https://management.azure.com/subscriptions/80c77c76-74ba-4c8c-8229-4c3b2957990c/operationresults/eyJqb2JJZCI6IlJFU09VUkNFR1JPVVBERUxFVElPTkpPQi1PTkVTREs5MzYwLVNPVVRIQ0VOVFJBTFVTIiwiam9iTG9jYXRpb24iOiJzb3V0aGNlbnRyYWx1cyJ9?api-version=2016-02-01"
        ]
      },
      "StatusCode": 202
    },
    {
      "RequestUri": "/subscriptions/80c77c76-74ba-4c8c-8229-4c3b2957990c/operationresults/eyJqb2JJZCI6IlJFU09VUkNFR1JPVVBERUxFVElPTkpPQi1PTkVTREs5MzYwLVNPVVRIQ0VOVFJBTFVTIiwiam9iTG9jYXRpb24iOiJzb3V0aGNlbnRyYWx1cyJ9?api-version=2016-02-01",
      "EncodedRequestUri": "L3N1YnNjcmlwdGlvbnMvODBjNzdjNzYtNzRiYS00YzhjLTgyMjktNGMzYjI5NTc5OTBjL29wZXJhdGlvbnJlc3VsdHMvZXlKcWIySkpaQ0k2SWxKRlUwOVZVa05GUjFKUFZWQkVSVXhGVkVsUFRrcFBRaTFQVGtWVFJFczVNell3TFZOUFZWUklRMFZPVkZKQlRGVlRJaXdpYW05aVRHOWpZWFJwYjI0aU9pSnpiM1YwYUdObGJuUnlZV3gxY3lKOT9hcGktdmVyc2lvbj0yMDE2LTAyLTAx",
      "RequestMethod": "GET",
      "RequestBody": "",
      "RequestHeaders": {
        "x-ms-version": [
          "2016-02-01"
        ],
        "User-Agent": [
          "Microsoft.Azure.Management.Resources.ResourceManagementClient/2.0.0.0"
        ]
      },
      "ResponseBody": "",
      "ResponseHeaders": {
        "Content-Length": [
          "0"
        ],
        "Expires": [
          "-1"
        ],
        "Pragma": [
          "no-cache"
        ],
        "Retry-After": [
          "15"
        ],
        "x-ms-ratelimit-remaining-subscription-reads": [
          "14968"
        ],
        "x-ms-request-id": [
          "d2a88ac9-d9a5-41db-9ef2-3ca2c48445aa"
        ],
        "x-ms-correlation-request-id": [
          "d2a88ac9-d9a5-41db-9ef2-3ca2c48445aa"
        ],
        "x-ms-routing-request-id": [
          "CENTRALUS:20160825T185955Z:d2a88ac9-d9a5-41db-9ef2-3ca2c48445aa"
        ],
        "Strict-Transport-Security": [
          "max-age=31536000; includeSubDomains"
        ],
        "Cache-Control": [
          "no-cache"
        ],
        "Date": [
          "Thu, 25 Aug 2016 18:59:54 GMT"
        ],
        "Location": [
          "https://management.azure.com/subscriptions/80c77c76-74ba-4c8c-8229-4c3b2957990c/operationresults/eyJqb2JJZCI6IlJFU09VUkNFR1JPVVBERUxFVElPTkpPQi1PTkVTREs5MzYwLVNPVVRIQ0VOVFJBTFVTIiwiam9iTG9jYXRpb24iOiJzb3V0aGNlbnRyYWx1cyJ9?api-version=2016-02-01"
        ]
      },
      "StatusCode": 202
    },
    {
      "RequestUri": "/subscriptions/80c77c76-74ba-4c8c-8229-4c3b2957990c/operationresults/eyJqb2JJZCI6IlJFU09VUkNFR1JPVVBERUxFVElPTkpPQi1PTkVTREs5MzYwLVNPVVRIQ0VOVFJBTFVTIiwiam9iTG9jYXRpb24iOiJzb3V0aGNlbnRyYWx1cyJ9?api-version=2016-02-01",
      "EncodedRequestUri": "L3N1YnNjcmlwdGlvbnMvODBjNzdjNzYtNzRiYS00YzhjLTgyMjktNGMzYjI5NTc5OTBjL29wZXJhdGlvbnJlc3VsdHMvZXlKcWIySkpaQ0k2SWxKRlUwOVZVa05GUjFKUFZWQkVSVXhGVkVsUFRrcFBRaTFQVGtWVFJFczVNell3TFZOUFZWUklRMFZPVkZKQlRGVlRJaXdpYW05aVRHOWpZWFJwYjI0aU9pSnpiM1YwYUdObGJuUnlZV3gxY3lKOT9hcGktdmVyc2lvbj0yMDE2LTAyLTAx",
      "RequestMethod": "GET",
      "RequestBody": "",
      "RequestHeaders": {
        "x-ms-version": [
          "2016-02-01"
        ],
        "User-Agent": [
          "Microsoft.Azure.Management.Resources.ResourceManagementClient/2.0.0.0"
        ]
      },
      "ResponseBody": "",
      "ResponseHeaders": {
        "Content-Length": [
          "0"
        ],
        "Expires": [
          "-1"
        ],
        "Pragma": [
          "no-cache"
        ],
        "Retry-After": [
          "15"
        ],
        "x-ms-ratelimit-remaining-subscription-reads": [
          "14967"
        ],
        "x-ms-request-id": [
          "8f2a220b-bdf4-4325-b707-d853a2e8b136"
        ],
        "x-ms-correlation-request-id": [
          "8f2a220b-bdf4-4325-b707-d853a2e8b136"
        ],
        "x-ms-routing-request-id": [
          "CENTRALUS:20160825T190010Z:8f2a220b-bdf4-4325-b707-d853a2e8b136"
        ],
        "Strict-Transport-Security": [
          "max-age=31536000; includeSubDomains"
        ],
        "Cache-Control": [
          "no-cache"
        ],
        "Date": [
          "Thu, 25 Aug 2016 19:00:09 GMT"
        ],
        "Location": [
          "https://management.azure.com/subscriptions/80c77c76-74ba-4c8c-8229-4c3b2957990c/operationresults/eyJqb2JJZCI6IlJFU09VUkNFR1JPVVBERUxFVElPTkpPQi1PTkVTREs5MzYwLVNPVVRIQ0VOVFJBTFVTIiwiam9iTG9jYXRpb24iOiJzb3V0aGNlbnRyYWx1cyJ9?api-version=2016-02-01"
        ]
      },
      "StatusCode": 202
    },
    {
      "RequestUri": "/subscriptions/80c77c76-74ba-4c8c-8229-4c3b2957990c/operationresults/eyJqb2JJZCI6IlJFU09VUkNFR1JPVVBERUxFVElPTkpPQi1PTkVTREs5MzYwLVNPVVRIQ0VOVFJBTFVTIiwiam9iTG9jYXRpb24iOiJzb3V0aGNlbnRyYWx1cyJ9?api-version=2016-02-01",
      "EncodedRequestUri": "L3N1YnNjcmlwdGlvbnMvODBjNzdjNzYtNzRiYS00YzhjLTgyMjktNGMzYjI5NTc5OTBjL29wZXJhdGlvbnJlc3VsdHMvZXlKcWIySkpaQ0k2SWxKRlUwOVZVa05GUjFKUFZWQkVSVXhGVkVsUFRrcFBRaTFQVGtWVFJFczVNell3TFZOUFZWUklRMFZPVkZKQlRGVlRJaXdpYW05aVRHOWpZWFJwYjI0aU9pSnpiM1YwYUdObGJuUnlZV3gxY3lKOT9hcGktdmVyc2lvbj0yMDE2LTAyLTAx",
      "RequestMethod": "GET",
      "RequestBody": "",
      "RequestHeaders": {
        "x-ms-version": [
          "2016-02-01"
        ],
        "User-Agent": [
          "Microsoft.Azure.Management.Resources.ResourceManagementClient/2.0.0.0"
        ]
      },
      "ResponseBody": "",
      "ResponseHeaders": {
        "Content-Length": [
          "0"
        ],
        "Expires": [
          "-1"
        ],
        "Pragma": [
          "no-cache"
        ],
        "Retry-After": [
          "15"
        ],
        "x-ms-ratelimit-remaining-subscription-reads": [
          "14966"
        ],
        "x-ms-request-id": [
          "b042ff48-dfb1-466c-8082-7e1e52de22bb"
        ],
        "x-ms-correlation-request-id": [
          "b042ff48-dfb1-466c-8082-7e1e52de22bb"
        ],
        "x-ms-routing-request-id": [
          "CENTRALUS:20160825T190025Z:b042ff48-dfb1-466c-8082-7e1e52de22bb"
        ],
        "Strict-Transport-Security": [
          "max-age=31536000; includeSubDomains"
        ],
        "Cache-Control": [
          "no-cache"
        ],
        "Date": [
          "Thu, 25 Aug 2016 19:00:25 GMT"
        ],
        "Location": [
          "https://management.azure.com/subscriptions/80c77c76-74ba-4c8c-8229-4c3b2957990c/operationresults/eyJqb2JJZCI6IlJFU09VUkNFR1JPVVBERUxFVElPTkpPQi1PTkVTREs5MzYwLVNPVVRIQ0VOVFJBTFVTIiwiam9iTG9jYXRpb24iOiJzb3V0aGNlbnRyYWx1cyJ9?api-version=2016-02-01"
        ]
      },
      "StatusCode": 202
    },
    {
      "RequestUri": "/subscriptions/80c77c76-74ba-4c8c-8229-4c3b2957990c/operationresults/eyJqb2JJZCI6IlJFU09VUkNFR1JPVVBERUxFVElPTkpPQi1PTkVTREs5MzYwLVNPVVRIQ0VOVFJBTFVTIiwiam9iTG9jYXRpb24iOiJzb3V0aGNlbnRyYWx1cyJ9?api-version=2016-02-01",
      "EncodedRequestUri": "L3N1YnNjcmlwdGlvbnMvODBjNzdjNzYtNzRiYS00YzhjLTgyMjktNGMzYjI5NTc5OTBjL29wZXJhdGlvbnJlc3VsdHMvZXlKcWIySkpaQ0k2SWxKRlUwOVZVa05GUjFKUFZWQkVSVXhGVkVsUFRrcFBRaTFQVGtWVFJFczVNell3TFZOUFZWUklRMFZPVkZKQlRGVlRJaXdpYW05aVRHOWpZWFJwYjI0aU9pSnpiM1YwYUdObGJuUnlZV3gxY3lKOT9hcGktdmVyc2lvbj0yMDE2LTAyLTAx",
      "RequestMethod": "GET",
      "RequestBody": "",
      "RequestHeaders": {
        "x-ms-version": [
          "2016-02-01"
        ],
        "User-Agent": [
          "Microsoft.Azure.Management.Resources.ResourceManagementClient/2.0.0.0"
        ]
      },
      "ResponseBody": "",
      "ResponseHeaders": {
        "Content-Length": [
          "0"
        ],
        "Expires": [
          "-1"
        ],
        "Pragma": [
          "no-cache"
        ],
        "x-ms-ratelimit-remaining-subscription-reads": [
          "14964"
        ],
        "x-ms-request-id": [
          "07bff7a3-c375-468a-8013-a6627993cc36"
        ],
        "x-ms-correlation-request-id": [
          "07bff7a3-c375-468a-8013-a6627993cc36"
        ],
        "x-ms-routing-request-id": [
          "CENTRALUS:20160825T190040Z:07bff7a3-c375-468a-8013-a6627993cc36"
        ],
        "Strict-Transport-Security": [
          "max-age=31536000; includeSubDomains"
        ],
        "Cache-Control": [
          "no-cache"
        ],
        "Date": [
          "Thu, 25 Aug 2016 19:00:40 GMT"
        ]
      },
      "StatusCode": 200
    }
  ],
  "Names": {
    "Test-UpdateMLCommitmentPlan": [
      "onesdk9360",
      "onesdk6692"
    ]
  },
  "Variables": {
    "SubscriptionId": "80c77c76-74ba-4c8c-8229-4c3b2957990c"
  }
}