{
  "Entries": [
    {
      "RequestUri": "/subscriptions/f34b22a3-2202-4fb1-b040-1332bd928c84/resourcegroups/IntegrationAccountPsCmdletTest?api-version=2016-02-01",
      "EncodedRequestUri": "L3N1YnNjcmlwdGlvbnMvZjM0YjIyYTMtMjIwMi00ZmIxLWIwNDAtMTMzMmJkOTI4Yzg0L3Jlc291cmNlZ3JvdXBzL0ludGVncmF0aW9uQWNjb3VudFBzQ21kbGV0VGVzdD9hcGktdmVyc2lvbj0yMDE2LTAyLTAx",
      "RequestMethod": "PUT",
      "RequestBody": "{\r\n  \"location\": \"brazilsouth\"\r\n}",
      "RequestHeaders": {
        "Content-Type": [
          "application/json; charset=utf-8"
        ],
        "Content-Length": [
          "33"
        ],
        "User-Agent": [
          "Microsoft.Azure.Management.Resources.ResourceManagementClient/2.0.0.0"
        ]
      },
      "ResponseBody": "{\r\n  \"id\": \"/subscriptions/f34b22a3-2202-4fb1-b040-1332bd928c84/resourceGroups/IntegrationAccountPsCmdletTest\",\r\n  \"name\": \"IntegrationAccountPsCmdletTest\",\r\n  \"location\": \"brazilsouth\",\r\n  \"properties\": {\r\n    \"provisioningState\": \"Succeeded\"\r\n  }\r\n}",
      "ResponseHeaders": {
        "Content-Length": [
          "218"
        ],
        "Content-Type": [
          "application/json; charset=utf-8"
        ],
        "Expires": [
          "-1"
        ],
        "Pragma": [
          "no-cache"
        ],
        "x-ms-ratelimit-remaining-subscription-writes": [
          "1192"
        ],
        "x-ms-request-id": [
          "4c03da60-8958-4f2e-9c00-a5ea722bede8"
        ],
        "x-ms-correlation-request-id": [
          "4c03da60-8958-4f2e-9c00-a5ea722bede8"
        ],
        "x-ms-routing-request-id": [
          "WESTUS2:20170228T191720Z:4c03da60-8958-4f2e-9c00-a5ea722bede8"
        ],
        "Strict-Transport-Security": [
          "max-age=31536000; includeSubDomains"
        ],
        "Cache-Control": [
          "no-cache"
        ],
        "Date": [
          "Tue, 28 Feb 2017 19:17:20 GMT"
        ]
      },
      "StatusCode": 200
    },
    {
      "RequestUri": "/subscriptions/f34b22a3-2202-4fb1-b040-1332bd928c84/resourceGroups/IntegrationAccountPsCmdletTest/providers/Microsoft.Logic/integrationAccounts/onesdk4478?api-version=2016-06-01",
      "EncodedRequestUri": "L3N1YnNjcmlwdGlvbnMvZjM0YjIyYTMtMjIwMi00ZmIxLWIwNDAtMTMzMmJkOTI4Yzg0L3Jlc291cmNlR3JvdXBzL0ludGVncmF0aW9uQWNjb3VudFBzQ21kbGV0VGVzdC9wcm92aWRlcnMvTWljcm9zb2Z0LkxvZ2ljL2ludGVncmF0aW9uQWNjb3VudHMvb25lc2RrNDQ3OD9hcGktdmVyc2lvbj0yMDE2LTA2LTAx",
      "RequestMethod": "GET",
      "RequestBody": "",
      "RequestHeaders": {
        "x-ms-client-request-id": [
          "3dce59a2-ceb2-497a-a891-b93e985d84a7"
        ],
        "accept-language": [
          "en-US"
        ],
        "User-Agent": [
          "FxVersion/4.6.1586.0",
          "OSName/Windows_10_Enterprise",
          "OSVersion/6.3.14393",
          "Microsoft.Azure.Management.Logic.LogicManagementClient/2.1.0"
        ]
      },
      "ResponseBody": "{\r\n  \"error\": {\r\n    \"code\": \"ResourceNotFound\",\r\n    \"message\": \"The Resource 'Microsoft.Logic/integrationAccounts/onesdk4478' under resource group 'IntegrationAccountPsCmdletTest' was not found.\"\r\n  }\r\n}",
      "ResponseHeaders": {
        "Content-Length": [
          "180"
        ],
        "Content-Type": [
          "application/json; charset=utf-8"
        ],
        "Expires": [
          "-1"
        ],
        "Pragma": [
          "no-cache"
        ],
        "x-ms-failure-cause": [
          "gateway"
        ],
        "x-ms-request-id": [
          "ab192da5-b53d-4234-aaa8-9a05714a4a90"
        ],
        "x-ms-correlation-request-id": [
          "ab192da5-b53d-4234-aaa8-9a05714a4a90"
        ],
        "x-ms-routing-request-id": [
          "WESTUS2:20170228T191721Z:ab192da5-b53d-4234-aaa8-9a05714a4a90"
        ],
        "Strict-Transport-Security": [
          "max-age=31536000; includeSubDomains"
        ],
        "Cache-Control": [
          "no-cache"
        ],
        "Date": [
          "Tue, 28 Feb 2017 19:17:21 GMT"
        ]
      },
      "StatusCode": 404
    },
    {
      "RequestUri": "/subscriptions/f34b22a3-2202-4fb1-b040-1332bd928c84/resourceGroups/IntegrationAccountPsCmdletTest/providers/Microsoft.Logic/integrationAccounts/onesdk4478?api-version=2016-06-01",
      "EncodedRequestUri": "L3N1YnNjcmlwdGlvbnMvZjM0YjIyYTMtMjIwMi00ZmIxLWIwNDAtMTMzMmJkOTI4Yzg0L3Jlc291cmNlR3JvdXBzL0ludGVncmF0aW9uQWNjb3VudFBzQ21kbGV0VGVzdC9wcm92aWRlcnMvTWljcm9zb2Z0LkxvZ2ljL2ludGVncmF0aW9uQWNjb3VudHMvb25lc2RrNDQ3OD9hcGktdmVyc2lvbj0yMDE2LTA2LTAx",
      "RequestMethod": "GET",
      "RequestBody": "",
      "RequestHeaders": {
        "x-ms-client-request-id": [
          "dd2552b1-6507-457e-9437-ee011e3d156b"
        ],
        "accept-language": [
          "en-US"
        ],
        "User-Agent": [
          "FxVersion/4.6.1586.0",
          "OSName/Windows_10_Enterprise",
          "OSVersion/6.3.14393",
          "Microsoft.Azure.Management.Logic.LogicManagementClient/2.1.0"
        ]
      },
      "ResponseBody": "{\r\n  \"properties\": {},\r\n  \"sku\": {\r\n    \"name\": \"Standard\"\r\n  },\r\n  \"id\": \"/subscriptions/f34b22a3-2202-4fb1-b040-1332bd928c84/resourceGroups/IntegrationAccountPsCmdletTest/providers/Microsoft.Logic/integrationAccounts/onesdk4478\",\r\n  \"name\": \"onesdk4478\",\r\n  \"type\": \"Microsoft.Logic/integrationAccounts\",\r\n  \"location\": \"brazilsouth\"\r\n}",
      "ResponseHeaders": {
        "Content-Length": [
          "295"
        ],
        "Content-Type": [
          "application/json; charset=utf-8"
        ],
        "Expires": [
          "-1"
        ],
        "Pragma": [
          "no-cache"
        ],
        "Vary": [
          "Accept-Encoding"
        ],
        "x-ms-request-id": [
          "brazilsouth:1802455a-359f-4aa3-bb36-4994ac171400"
        ],
        "Strict-Transport-Security": [
          "max-age=31536000; includeSubDomains"
        ],
        "x-ms-ratelimit-remaining-subscription-reads": [
          "14963"
        ],
        "x-ms-correlation-request-id": [
          "98706135-d012-4301-9014-7c4eeab0823e"
        ],
        "x-ms-routing-request-id": [
          "WESTUS2:20170228T191726Z:98706135-d012-4301-9014-7c4eeab0823e"
        ],
        "Cache-Control": [
          "no-cache"
        ],
        "Date": [
          "Tue, 28 Feb 2017 19:17:25 GMT"
        ]
      },
      "StatusCode": 200
    },
    {
      "RequestUri": "/subscriptions/f34b22a3-2202-4fb1-b040-1332bd928c84/resourceGroups/IntegrationAccountPsCmdletTest/providers/Microsoft.Logic/integrationAccounts/onesdk4478?api-version=2016-06-01",
      "EncodedRequestUri": "L3N1YnNjcmlwdGlvbnMvZjM0YjIyYTMtMjIwMi00ZmIxLWIwNDAtMTMzMmJkOTI4Yzg0L3Jlc291cmNlR3JvdXBzL0ludGVncmF0aW9uQWNjb3VudFBzQ21kbGV0VGVzdC9wcm92aWRlcnMvTWljcm9zb2Z0LkxvZ2ljL2ludGVncmF0aW9uQWNjb3VudHMvb25lc2RrNDQ3OD9hcGktdmVyc2lvbj0yMDE2LTA2LTAx",
      "RequestMethod": "GET",
      "RequestBody": "",
      "RequestHeaders": {
        "x-ms-client-request-id": [
          "e098d6e7-29f8-4588-b8bd-033d63a87e67"
        ],
        "accept-language": [
          "en-US"
        ],
        "User-Agent": [
          "FxVersion/4.6.1586.0",
          "OSName/Windows_10_Enterprise",
          "OSVersion/6.3.14393",
          "Microsoft.Azure.Management.Logic.LogicManagementClient/2.1.0"
        ]
      },
      "ResponseBody": "{\r\n  \"properties\": {},\r\n  \"sku\": {\r\n    \"name\": \"Standard\"\r\n  },\r\n  \"id\": \"/subscriptions/f34b22a3-2202-4fb1-b040-1332bd928c84/resourceGroups/IntegrationAccountPsCmdletTest/providers/Microsoft.Logic/integrationAccounts/onesdk4478\",\r\n  \"name\": \"onesdk4478\",\r\n  \"type\": \"Microsoft.Logic/integrationAccounts\",\r\n  \"location\": \"brazilsouth\"\r\n}",
      "ResponseHeaders": {
        "Content-Length": [
          "295"
        ],
        "Content-Type": [
          "application/json; charset=utf-8"
        ],
        "Expires": [
          "-1"
        ],
        "Pragma": [
          "no-cache"
        ],
        "Vary": [
          "Accept-Encoding"
        ],
        "x-ms-request-id": [
          "brazilsouth:7794173c-9d9b-466f-a42e-8e0ae537e0a8"
        ],
        "Strict-Transport-Security": [
          "max-age=31536000; includeSubDomains"
        ],
        "x-ms-ratelimit-remaining-subscription-reads": [
          "14961"
        ],
        "x-ms-correlation-request-id": [
          "de74813c-83f9-4825-ac72-9eaef9302f40"
        ],
        "x-ms-routing-request-id": [
          "WESTUS2:20170228T191727Z:de74813c-83f9-4825-ac72-9eaef9302f40"
        ],
        "Cache-Control": [
          "no-cache"
        ],
        "Date": [
          "Tue, 28 Feb 2017 19:17:27 GMT"
        ]
      },
      "StatusCode": 200
    },
    {
      "RequestUri": "/subscriptions/f34b22a3-2202-4fb1-b040-1332bd928c84/resourceGroups/IntegrationAccountPsCmdletTest/providers/Microsoft.Logic/integrationAccounts/onesdk4478?api-version=2016-06-01",
      "EncodedRequestUri": "L3N1YnNjcmlwdGlvbnMvZjM0YjIyYTMtMjIwMi00ZmIxLWIwNDAtMTMzMmJkOTI4Yzg0L3Jlc291cmNlR3JvdXBzL0ludGVncmF0aW9uQWNjb3VudFBzQ21kbGV0VGVzdC9wcm92aWRlcnMvTWljcm9zb2Z0LkxvZ2ljL2ludGVncmF0aW9uQWNjb3VudHMvb25lc2RrNDQ3OD9hcGktdmVyc2lvbj0yMDE2LTA2LTAx",
      "RequestMethod": "GET",
      "RequestBody": "",
      "RequestHeaders": {
        "x-ms-client-request-id": [
          "e7b04d4a-5642-4c4b-ad3f-f31fefcbf404"
        ],
        "accept-language": [
          "en-US"
        ],
        "User-Agent": [
          "FxVersion/4.6.1586.0",
          "OSName/Windows_10_Enterprise",
          "OSVersion/6.3.14393",
          "Microsoft.Azure.Management.Logic.LogicManagementClient/2.1.0"
        ]
      },
      "ResponseBody": "{\r\n  \"properties\": {},\r\n  \"sku\": {\r\n    \"name\": \"Standard\"\r\n  },\r\n  \"id\": \"/subscriptions/f34b22a3-2202-4fb1-b040-1332bd928c84/resourceGroups/IntegrationAccountPsCmdletTest/providers/Microsoft.Logic/integrationAccounts/onesdk4478\",\r\n  \"name\": \"onesdk4478\",\r\n  \"type\": \"Microsoft.Logic/integrationAccounts\",\r\n  \"location\": \"brazilsouth\"\r\n}",
      "ResponseHeaders": {
        "Content-Length": [
          "295"
        ],
        "Content-Type": [
          "application/json; charset=utf-8"
        ],
        "Expires": [
          "-1"
        ],
        "Pragma": [
          "no-cache"
        ],
        "Vary": [
          "Accept-Encoding"
        ],
        "x-ms-request-id": [
          "brazilsouth:adfded6e-adab-4e8a-ae47-4d2a0f8e66c5"
        ],
        "Strict-Transport-Security": [
          "max-age=31536000; includeSubDomains"
        ],
        "x-ms-ratelimit-remaining-subscription-reads": [
          "14959"
        ],
        "x-ms-correlation-request-id": [
          "aef3b598-6c0a-416a-862e-6031e4b85e97"
        ],
        "x-ms-routing-request-id": [
          "WESTUS2:20170228T191727Z:aef3b598-6c0a-416a-862e-6031e4b85e97"
        ],
        "Cache-Control": [
          "no-cache"
        ],
        "Date": [
          "Tue, 28 Feb 2017 19:17:27 GMT"
        ]
      },
      "StatusCode": 200
    },
    {
      "RequestUri": "/subscriptions/f34b22a3-2202-4fb1-b040-1332bd928c84/resourceGroups/IntegrationAccountPsCmdletTest/providers/Microsoft.Logic/integrationAccounts/onesdk4478?api-version=2016-06-01",
      "EncodedRequestUri": "L3N1YnNjcmlwdGlvbnMvZjM0YjIyYTMtMjIwMi00ZmIxLWIwNDAtMTMzMmJkOTI4Yzg0L3Jlc291cmNlR3JvdXBzL0ludGVncmF0aW9uQWNjb3VudFBzQ21kbGV0VGVzdC9wcm92aWRlcnMvTWljcm9zb2Z0LkxvZ2ljL2ludGVncmF0aW9uQWNjb3VudHMvb25lc2RrNDQ3OD9hcGktdmVyc2lvbj0yMDE2LTA2LTAx",
      "RequestMethod": "PUT",
      "RequestBody": "{\r\n  \"properties\": {},\r\n  \"sku\": {\r\n    \"name\": \"Standard\"\r\n  },\r\n  \"location\": \"brazilsouth\"\r\n}",
      "RequestHeaders": {
        "Content-Type": [
          "application/json; charset=utf-8"
        ],
        "Content-Length": [
          "96"
        ],
        "x-ms-client-request-id": [
          "caee13ae-f655-4b87-a7be-fc3e0a4b5936"
        ],
        "accept-language": [
          "en-US"
        ],
        "User-Agent": [
          "FxVersion/4.6.1586.0",
          "OSName/Windows_10_Enterprise",
          "OSVersion/6.3.14393",
          "Microsoft.Azure.Management.Logic.LogicManagementClient/2.1.0"
        ]
      },
      "ResponseBody": "{\r\n  \"properties\": {},\r\n  \"sku\": {\r\n    \"name\": \"Standard\"\r\n  },\r\n  \"id\": \"/subscriptions/f34b22a3-2202-4fb1-b040-1332bd928c84/resourceGroups/IntegrationAccountPsCmdletTest/providers/Microsoft.Logic/integrationAccounts/onesdk4478\",\r\n  \"name\": \"onesdk4478\",\r\n  \"type\": \"Microsoft.Logic/integrationAccounts\",\r\n  \"location\": \"brazilsouth\"\r\n}",
      "ResponseHeaders": {
        "Content-Length": [
          "295"
        ],
        "Content-Type": [
          "application/json; charset=utf-8"
        ],
        "Expires": [
          "-1"
        ],
        "Pragma": [
          "no-cache"
        ],
        "x-ms-request-id": [
          "brazilsouth:5a2e84c0-b323-410e-b817-cf6214b37e92"
        ],
        "Strict-Transport-Security": [
          "max-age=31536000; includeSubDomains"
        ],
        "x-ms-ratelimit-remaining-subscription-writes": [
          "1191"
        ],
        "x-ms-correlation-request-id": [
          "448be5aa-17fd-454b-a460-c6f0719fb9f7"
        ],
        "x-ms-routing-request-id": [
          "WESTUS2:20170228T191725Z:448be5aa-17fd-454b-a460-c6f0719fb9f7"
        ],
        "Cache-Control": [
          "no-cache"
        ],
        "Date": [
          "Tue, 28 Feb 2017 19:17:25 GMT"
        ]
      },
      "StatusCode": 201
    },
    {
      "RequestUri": "/subscriptions/f34b22a3-2202-4fb1-b040-1332bd928c84/resourceGroups/IntegrationAccountPsCmdletTest/providers/Microsoft.Logic/integrationAccounts/onesdk4478/schemas/onesdk9744?api-version=2016-06-01",
      "EncodedRequestUri": "L3N1YnNjcmlwdGlvbnMvZjM0YjIyYTMtMjIwMi00ZmIxLWIwNDAtMTMzMmJkOTI4Yzg0L3Jlc291cmNlR3JvdXBzL0ludGVncmF0aW9uQWNjb3VudFBzQ21kbGV0VGVzdC9wcm92aWRlcnMvTWljcm9zb2Z0LkxvZ2ljL2ludGVncmF0aW9uQWNjb3VudHMvb25lc2RrNDQ3OC9zY2hlbWFzL29uZXNkazk3NDQ/YXBpLXZlcnNpb249MjAxNi0wNi0wMQ==",
      "RequestMethod": "GET",
      "RequestBody": "",
      "RequestHeaders": {
        "x-ms-client-request-id": [
          "feb53544-71ce-4dfa-b5e2-f2b6c9663851"
        ],
        "accept-language": [
          "en-US"
        ],
        "User-Agent": [
          "FxVersion/4.6.1586.0",
          "OSName/Windows_10_Enterprise",
          "OSVersion/6.3.14393",
          "Microsoft.Azure.Management.Logic.LogicManagementClient/2.1.0"
        ]
      },
      "ResponseBody": "{\r\n  \"error\": {\r\n    \"code\": \"SchemaNotFound\",\r\n    \"message\": \"The schema 'onesdk9744' could not be found in integration account 'onesdk4478'.\"\r\n  }\r\n}",
      "ResponseHeaders": {
        "Content-Length": [
          "127"
        ],
        "Content-Type": [
          "application/json; charset=utf-8"
        ],
        "Expires": [
          "-1"
        ],
        "Pragma": [
          "no-cache"
        ],
        "x-ms-request-id": [
          "brazilsouth:91d631f3-35bf-410e-a4a1-1caa1114eceb"
        ],
        "Strict-Transport-Security": [
          "max-age=31536000; includeSubDomains"
        ],
        "x-ms-ratelimit-remaining-subscription-reads": [
          "14962"
        ],
        "x-ms-correlation-request-id": [
          "d6d6a923-78c9-4622-bdfd-ddc51e42f3d5"
        ],
        "x-ms-routing-request-id": [
          "WESTUS2:20170228T191726Z:d6d6a923-78c9-4622-bdfd-ddc51e42f3d5"
        ],
        "Cache-Control": [
          "no-cache"
        ],
        "Date": [
          "Tue, 28 Feb 2017 19:17:25 GMT"
        ]
      },
      "StatusCode": 404
    },
    {
      "RequestUri": "/subscriptions/f34b22a3-2202-4fb1-b040-1332bd928c84/resourceGroups/IntegrationAccountPsCmdletTest/providers/Microsoft.Logic/integrationAccounts/onesdk4478/schemas/onesdk9744?api-version=2016-06-01",
      "EncodedRequestUri": "L3N1YnNjcmlwdGlvbnMvZjM0YjIyYTMtMjIwMi00ZmIxLWIwNDAtMTMzMmJkOTI4Yzg0L3Jlc291cmNlR3JvdXBzL0ludGVncmF0aW9uQWNjb3VudFBzQ21kbGV0VGVzdC9wcm92aWRlcnMvTWljcm9zb2Z0LkxvZ2ljL2ludGVncmF0aW9uQWNjb3VudHMvb25lc2RrNDQ3OC9zY2hlbWFzL29uZXNkazk3NDQ/YXBpLXZlcnNpb249MjAxNi0wNi0wMQ==",
      "RequestMethod": "GET",
      "RequestBody": "",
      "RequestHeaders": {
        "x-ms-client-request-id": [
          "6b74332c-5100-4f20-be22-64ac704a6716"
        ],
        "accept-language": [
          "en-US"
        ],
        "User-Agent": [
          "FxVersion/4.6.1586.0",
          "OSName/Windows_10_Enterprise",
          "OSVersion/6.3.14393",
          "Microsoft.Azure.Management.Logic.LogicManagementClient/2.1.0"
        ]
      },
      "ResponseBody": "{\r\n  \"properties\": {\r\n    \"schemaType\": \"Xml\",\r\n    \"targetNamespace\": \"http://Inbound_EDI.OrderFile\",\r\n    \"documentName\": \"OrderFile\",\r\n    \"contentLink\": {\r\n      \"uri\": \"https://flowprodcu25cqsn01.blob.core.windows.net/integrationaccounts987dc640fe0d4c03acacdb4cd18618d5/3839E_XML_ONESDK9744-6E00057339E442748FAEF6DB937EE7BE?sv=2016-05-31&sr=b&sig=ehIB5VKTVws5rgCyV7O0q7Kd%2Bo6fdR35TeDiXV2vxxE%3D&se=2017-02-28T23%3A17%3A27Z&sp=r\",\r\n      \"contentVersion\": \"\\\"0x8D4600E6EF593FF\\\"\",\r\n      \"contentSize\": 7901,\r\n      \"contentHash\": {\r\n        \"algorithm\": \"md5\",\r\n        \"value\": \"a+4ZnOsIm8I/Mr0aKJIK6w==\"\r\n      }\r\n    },\r\n    \"createdTime\": \"2017-02-28T19:17:26.957589Z\",\r\n    \"changedTime\": \"2017-02-28T19:17:26.9577134Z\"\r\n  },\r\n  \"id\": \"/subscriptions/f34b22a3-2202-4fb1-b040-1332bd928c84/resourceGroups/IntegrationAccountPsCmdletTest/providers/Microsoft.Logic/integrationAccounts/onesdk4478/schemas/onesdk9744\",\r\n  \"name\": \"onesdk9744\",\r\n  \"type\": \"Microsoft.Logic/integrationAccounts/schemas\"\r\n}",
      "ResponseHeaders": {
        "Content-Length": [
          "867"
        ],
        "Content-Type": [
          "application/json; charset=utf-8"
        ],
        "Expires": [
          "-1"
        ],
        "Pragma": [
          "no-cache"
        ],
        "Vary": [
          "Accept-Encoding"
        ],
        "x-ms-request-id": [
          "brazilsouth:d10bfaeb-b610-45c5-a0be-105c416d520c"
        ],
        "Strict-Transport-Security": [
          "max-age=31536000; includeSubDomains"
        ],
        "x-ms-ratelimit-remaining-subscription-reads": [
          "14960"
        ],
        "x-ms-correlation-request-id": [
          "221ac17d-fda8-420b-9174-f96246690cd7"
        ],
        "x-ms-routing-request-id": [
          "WESTUS2:20170228T191727Z:221ac17d-fda8-420b-9174-f96246690cd7"
        ],
        "Cache-Control": [
          "no-cache"
        ],
        "Date": [
          "Tue, 28 Feb 2017 19:17:27 GMT"
        ]
      },
      "StatusCode": 200
    },
    {
      "RequestUri": "/subscriptions/f34b22a3-2202-4fb1-b040-1332bd928c84/resourceGroups/IntegrationAccountPsCmdletTest/providers/Microsoft.Logic/integrationAccounts/onesdk4478/schemas/onesdk9744?api-version=2016-06-01",
      "EncodedRequestUri": "L3N1YnNjcmlwdGlvbnMvZjM0YjIyYTMtMjIwMi00ZmIxLWIwNDAtMTMzMmJkOTI4Yzg0L3Jlc291cmNlR3JvdXBzL0ludGVncmF0aW9uQWNjb3VudFBzQ21kbGV0VGVzdC9wcm92aWRlcnMvTWljcm9zb2Z0LkxvZ2ljL2ludGVncmF0aW9uQWNjb3VudHMvb25lc2RrNDQ3OC9zY2hlbWFzL29uZXNkazk3NDQ/YXBpLXZlcnNpb249MjAxNi0wNi0wMQ==",
      "RequestMethod": "GET",
      "RequestBody": "",
      "RequestHeaders": {
        "x-ms-client-request-id": [
          "88135202-d853-4519-a192-290fb4dd47a2"
        ],
        "accept-language": [
          "en-US"
        ],
        "User-Agent": [
          "FxVersion/4.6.1586.0",
          "OSName/Windows_10_Enterprise",
          "OSVersion/6.3.14393",
          "Microsoft.Azure.Management.Logic.LogicManagementClient/2.1.0"
        ]
      },
      "ResponseBody": "{\r\n  \"properties\": {\r\n    \"schemaType\": \"Xml\",\r\n    \"targetNamespace\": \"http://Inbound_EDI.OrderFile\",\r\n    \"documentName\": \"OrderFile\",\r\n    \"contentLink\": {\r\n      \"uri\": \"https://flowprodcu25cqsn01.blob.core.windows.net/integrationaccounts987dc640fe0d4c03acacdb4cd18618d5/3839E_XML_ONESDK9744-403FEC746D1C454CAEEB0D95C4519796?sv=2016-05-31&sr=b&sig=sm%2FZ5r4GmvoFA%2FJjy4L3JP0GfFAYg6%2BKq8v1XtgWQUI%3D&se=2017-02-28T23%3A17%3A27Z&sp=r\",\r\n      \"contentVersion\": \"\\\"0x8D4600E6F5C5DE8\\\"\",\r\n      \"contentSize\": 7901,\r\n      \"contentHash\": {\r\n        \"algorithm\": \"md5\",\r\n        \"value\": \"a+4ZnOsIm8I/Mr0aKJIK6w==\"\r\n      }\r\n    },\r\n    \"createdTime\": \"2017-02-28T19:17:26.957589Z\",\r\n    \"changedTime\": \"2017-02-28T19:17:27.6332005Z\"\r\n  },\r\n  \"id\": \"/subscriptions/f34b22a3-2202-4fb1-b040-1332bd928c84/resourceGroups/IntegrationAccountPsCmdletTest/providers/Microsoft.Logic/integrationAccounts/onesdk4478/schemas/onesdk9744\",\r\n  \"name\": \"onesdk9744\",\r\n  \"type\": \"Microsoft.Logic/integrationAccounts/schemas\"\r\n}",
      "ResponseHeaders": {
        "Content-Length": [
          "871"
        ],
        "Content-Type": [
          "application/json; charset=utf-8"
        ],
        "Expires": [
          "-1"
        ],
        "Pragma": [
          "no-cache"
        ],
        "Vary": [
          "Accept-Encoding"
        ],
        "x-ms-request-id": [
          "brazilsouth:497f68da-16bf-4629-b3bb-83be48c3911f"
        ],
        "Strict-Transport-Security": [
          "max-age=31536000; includeSubDomains"
        ],
        "x-ms-ratelimit-remaining-subscription-reads": [
          "14958"
        ],
        "x-ms-correlation-request-id": [
          "7ea47c62-9690-4da5-a0c1-55e989ef17c0"
        ],
        "x-ms-routing-request-id": [
          "WESTUS2:20170228T191727Z:7ea47c62-9690-4da5-a0c1-55e989ef17c0"
        ],
        "Cache-Control": [
          "no-cache"
        ],
        "Date": [
          "Tue, 28 Feb 2017 19:17:27 GMT"
        ]
      },
      "StatusCode": 200
    },
    {
      "RequestUri": "/subscriptions/f34b22a3-2202-4fb1-b040-1332bd928c84/resourceGroups/IntegrationAccountPsCmdletTest/providers/Microsoft.Logic/integrationAccounts/onesdk4478/schemas/onesdk9744?api-version=2016-06-01",
      "EncodedRequestUri": "L3N1YnNjcmlwdGlvbnMvZjM0YjIyYTMtMjIwMi00ZmIxLWIwNDAtMTMzMmJkOTI4Yzg0L3Jlc291cmNlR3JvdXBzL0ludGVncmF0aW9uQWNjb3VudFBzQ21kbGV0VGVzdC9wcm92aWRlcnMvTWljcm9zb2Z0LkxvZ2ljL2ludGVncmF0aW9uQWNjb3VudHMvb25lc2RrNDQ3OC9zY2hlbWFzL29uZXNkazk3NDQ/YXBpLXZlcnNpb249MjAxNi0wNi0wMQ==",
      "RequestMethod": "PUT",
      "RequestBody": "{\r\n  \"properties\": {\r\n    \"schemaType\": \"Xml\",\r\n    \"content\": \"<?xml version=\\\"1.0\\\" encoding=\\\"utf-16\\\"?>\\r\\n<xs:schema xmlns:b=\\\"http://schemas.microsoft.com/BizTalk/2003\\\" xmlns=\\\"http://Inbound_EDI.OrderFile\\\" targetNamespace=\\\"http://Inbound_EDI.OrderFile\\\" xmlns:xs=\\\"http://www.w3.org/2001/XMLSchema\\\">\\r\\n  <xs:annotation>\\r\\n    <xs:appinfo>\\r\\n      <b:schemaInfo default_pad_char=\\\" \\\" count_positions_by_byte=\\\"false\\\" parser_optimization=\\\"speed\\\" lookahead_depth=\\\"3\\\" suppress_empty_nodes=\\\"false\\\" generate_empty_nodes=\\\"true\\\" allow_early_termination=\\\"false\\\" early_terminate_optional_fields=\\\"false\\\" allow_message_breakup_of_infix_root=\\\"false\\\" compile_parse_tables=\\\"false\\\" standard=\\\"Flat File\\\" root_reference=\\\"OrderFile\\\" />\\r\\n      <schemaEditorExtension:schemaInfo namespaceAlias=\\\"b\\\" extensionClass=\\\"Microsoft.BizTalk.FlatFileExtension.FlatFileExtension\\\" standardName=\\\"Flat File\\\" xmlns:schemaEditorExtension=\\\"http://schemas.microsoft.com/BizTalk/2003/SchemaEditorExtensions\\\" />\\r\\n    </xs:appinfo>\\r\\n  </xs:annotation>\\r\\n  <xs:element name=\\\"OrderFile\\\">\\r\\n    <xs:annotation>\\r\\n      <xs:appinfo>\\r\\n        <b:recordInfo structure=\\\"delimited\\\" preserve_delimiter_for_empty_data=\\\"true\\\" suppress_trailing_delimiters=\\\"false\\\" sequence_number=\\\"1\\\" />\\r\\n      </xs:appinfo>\\r\\n    </xs:annotation>\\r\\n    <xs:complexType>\\r\\n      <xs:sequence>\\r\\n        <xs:annotation>\\r\\n          <xs:appinfo>\\r\\n            <b:groupInfo sequence_number=\\\"0\\\" />\\r\\n          </xs:appinfo>\\r\\n        </xs:annotation>\\r\\n        <xs:element name=\\\"Order\\\">\\r\\n          <xs:annotation>\\r\\n            <xs:appinfo>\\r\\n              <b:recordInfo sequence_number=\\\"1\\\" structure=\\\"delimited\\\" preserve_delimiter_for_empty_data=\\\"true\\\" suppress_trailing_delimiters=\\\"false\\\" child_delimiter_type=\\\"hex\\\" child_delimiter=\\\"0x0D 0x0A\\\" child_order=\\\"infix\\\" />\\r\\n            </xs:appinfo>\\r\\n          </xs:annotation>\\r\\n          <xs:complexType>\\r\\n            <xs:sequence>\\r\\n              <xs:annotation>\\r\\n                <xs:appinfo>\\r\\n                  <b:groupInfo sequence_number=\\\"0\\\" />\\r\\n                </xs:appinfo>\\r\\n              </xs:annotation>\\r\\n              <xs:element name=\\\"Header\\\">\\r\\n                <xs:annotation>\\r\\n                  <xs:appinfo>\\r\\n                    <b:recordInfo sequence_number=\\\"1\\\" structure=\\\"delimited\\\" preserve_delimiter_for_empty_data=\\\"true\\\" suppress_trailing_delimiters=\\\"false\\\" child_delimiter_type=\\\"char\\\" child_delimiter=\\\"|\\\" child_order=\\\"infix\\\" tag_name=\\\"HDR|\\\" />\\r\\n                  </xs:appinfo>\\r\\n                </xs:annotation>\\r\\n                <xs:complexType>\\r\\n                  <xs:sequence>\\r\\n                    <xs:annotation>\\r\\n                      <xs:appinfo>\\r\\n                        <b:groupInfo sequence_number=\\\"0\\\" />\\r\\n                      </xs:appinfo>\\r\\n                    </xs:annotation>\\r\\n                    <xs:element name=\\\"PODate\\\" type=\\\"xs:string\\\">\\r\\n                      <xs:annotation>\\r\\n                        <xs:appinfo>\\r\\n                          <b:fieldInfo sequence_number=\\\"1\\\" justification=\\\"left\\\" />\\r\\n                        </xs:appinfo>\\r\\n                      </xs:annotation>\\r\\n                    </xs:element>\\r\\n                    <xs:element name=\\\"PONumber\\\" type=\\\"xs:string\\\">\\r\\n                      <xs:annotation>\\r\\n                        <xs:appinfo>\\r\\n                          <b:fieldInfo justification=\\\"left\\\" sequence_number=\\\"2\\\" />\\r\\n                        </xs:appinfo>\\r\\n                      </xs:annotation>\\r\\n                    </xs:element>\\r\\n                    <xs:element name=\\\"CustomerID\\\" type=\\\"xs:string\\\">\\r\\n                      <xs:annotation>\\r\\n                        <xs:appinfo>\\r\\n                          <b:fieldInfo sequence_number=\\\"3\\\" justification=\\\"left\\\" />\\r\\n                        </xs:appinfo>\\r\\n                      </xs:annotation>\\r\\n                    </xs:element>\\r\\n                    <xs:element name=\\\"CustomerContactName\\\" type=\\\"xs:string\\\">\\r\\n                      <xs:annotation>\\r\\n                        <xs:appinfo>\\r\\n                          <b:fieldInfo sequence_number=\\\"4\\\" justification=\\\"left\\\" />\\r\\n                        </xs:appinfo>\\r\\n                      </xs:annotation>\\r\\n                    </xs:element>\\r\\n                    <xs:element name=\\\"CustomerContactPhone\\\" type=\\\"xs:string\\\">\\r\\n                      <xs:annotation>\\r\\n                        <xs:appinfo>\\r\\n                          <b:fieldInfo sequence_number=\\\"5\\\" justification=\\\"left\\\" />\\r\\n                        </xs:appinfo>\\r\\n                      </xs:annotation>\\r\\n                    </xs:element>\\r\\n                  </xs:sequence>\\r\\n                </xs:complexType>\\r\\n              </xs:element>\\r\\n              <xs:element minOccurs=\\\"1\\\" maxOccurs=\\\"unbounded\\\" name=\\\"LineItems\\\">\\r\\n                <xs:annotation>\\r\\n                  <xs:appinfo>\\r\\n                    <b:recordInfo sequence_number=\\\"2\\\" structure=\\\"delimited\\\" preserve_delimiter_for_empty_data=\\\"true\\\" suppress_trailing_delimiters=\\\"false\\\" child_delimiter_type=\\\"char\\\" child_delimiter=\\\"|\\\" child_order=\\\"infix\\\" tag_name=\\\"DTL|\\\" />\\r\\n                  </xs:appinfo>\\r\\n                </xs:annotation>\\r\\n                <xs:complexType>\\r\\n                  <xs:sequence>\\r\\n                    <xs:annotation>\\r\\n                      <xs:appinfo>\\r\\n                        <b:groupInfo sequence_number=\\\"0\\\" />\\r\\n                      </xs:appinfo>\\r\\n                    </xs:annotation>\\r\\n                    <xs:element name=\\\"PONumber\\\" type=\\\"xs:string\\\">\\r\\n                      <xs:annotation>\\r\\n                        <xs:appinfo>\\r\\n                          <b:fieldInfo sequence_number=\\\"1\\\" justification=\\\"left\\\" />\\r\\n                        </xs:appinfo>\\r\\n                      </xs:annotation>\\r\\n                    </xs:element>\\r\\n                    <xs:element name=\\\"ItemOrdered\\\" type=\\\"xs:string\\\">\\r\\n                      <xs:annotation>\\r\\n                        <xs:appinfo>\\r\\n                          <b:fieldInfo sequence_number=\\\"2\\\" justification=\\\"left\\\" />\\r\\n                        </xs:appinfo>\\r\\n                      </xs:annotation>\\r\\n                    </xs:element>\\r\\n                    <xs:element name=\\\"Quantity\\\" type=\\\"xs:string\\\">\\r\\n                      <xs:annotation>\\r\\n                        <xs:appinfo>\\r\\n                          <b:fieldInfo sequence_number=\\\"3\\\" justification=\\\"left\\\" />\\r\\n                        </xs:appinfo>\\r\\n                      </xs:annotation>\\r\\n                    </xs:element>\\r\\n                    <xs:element name=\\\"UOM\\\" type=\\\"xs:string\\\">\\r\\n                      <xs:annotation>\\r\\n                        <xs:appinfo>\\r\\n                          <b:fieldInfo sequence_number=\\\"4\\\" justification=\\\"left\\\" />\\r\\n                        </xs:appinfo>\\r\\n                      </xs:annotation>\\r\\n                    </xs:element>\\r\\n                    <xs:element name=\\\"Price\\\" type=\\\"xs:string\\\">\\r\\n                      <xs:annotation>\\r\\n                        <xs:appinfo>\\r\\n                          <b:fieldInfo sequence_number=\\\"5\\\" justification=\\\"left\\\" />\\r\\n                        </xs:appinfo>\\r\\n                      </xs:annotation>\\r\\n                    </xs:element>\\r\\n                    <xs:element name=\\\"ExtendedPrice\\\" type=\\\"xs:string\\\">\\r\\n                      <xs:annotation>\\r\\n                        <xs:appinfo>\\r\\n                          <b:fieldInfo sequence_number=\\\"6\\\" justification=\\\"left\\\" />\\r\\n                        </xs:appinfo>\\r\\n                      </xs:annotation>\\r\\n                    </xs:element>\\r\\n                    <xs:element name=\\\"Description\\\" type=\\\"xs:string\\\">\\r\\n                      <xs:annotation>\\r\\n                        <xs:appinfo>\\r\\n                          <b:fieldInfo sequence_number=\\\"7\\\" justification=\\\"left\\\" />\\r\\n                        </xs:appinfo>\\r\\n                      </xs:annotation>\\r\\n                    </xs:element>\\r\\n                  </xs:sequence>\\r\\n                </xs:complexType>\\r\\n              </xs:element>\\r\\n            </xs:sequence>\\r\\n          </xs:complexType>\\r\\n        </xs:element>\\r\\n      </xs:sequence>\\r\\n    </xs:complexType>\\r\\n  </xs:element>\\r\\n</xs:schema>\",\r\n    \"contentType\": \"application/xml\"\r\n  }\r\n}",
      "RequestHeaders": {
        "Content-Type": [
          "application/json; charset=utf-8"
        ],
        "Content-Length": [
          "8539"
        ],
        "x-ms-client-request-id": [
          "66e018b8-05de-4def-8b7a-9e8597161616"
        ],
        "accept-language": [
          "en-US"
        ],
        "User-Agent": [
          "FxVersion/4.6.1586.0",
          "OSName/Windows_10_Enterprise",
          "OSVersion/6.3.14393",
          "Microsoft.Azure.Management.Logic.LogicManagementClient/2.1.0"
        ]
      },
      "ResponseBody": "{\r\n  \"properties\": {\r\n    \"schemaType\": \"Xml\",\r\n    \"targetNamespace\": \"http://Inbound_EDI.OrderFile\",\r\n    \"documentName\": \"OrderFile\",\r\n    \"contentLink\": {\r\n      \"uri\": \"https://flowprodcu25cqsn01.blob.core.windows.net/integrationaccounts987dc640fe0d4c03acacdb4cd18618d5/3839E_XML_ONESDK9744-6E00057339E442748FAEF6DB937EE7BE?sv=2016-05-31&sr=b&sig=ehIB5VKTVws5rgCyV7O0q7Kd%2Bo6fdR35TeDiXV2vxxE%3D&se=2017-02-28T23%3A17%3A27Z&sp=r\",\r\n      \"contentVersion\": \"\\\"0x8D4600E6EF593FF\\\"\",\r\n      \"contentSize\": 7901,\r\n      \"contentHash\": {\r\n        \"algorithm\": \"md5\",\r\n        \"value\": \"a+4ZnOsIm8I/Mr0aKJIK6w==\"\r\n      }\r\n    },\r\n    \"createdTime\": \"2017-02-28T19:17:26.957589Z\",\r\n    \"changedTime\": \"2017-02-28T19:17:26.9577134Z\"\r\n  },\r\n  \"id\": \"/subscriptions/f34b22a3-2202-4fb1-b040-1332bd928c84/resourceGroups/IntegrationAccountPsCmdletTest/providers/Microsoft.Logic/integrationAccounts/onesdk4478/schemas/onesdk9744\",\r\n  \"name\": \"onesdk9744\",\r\n  \"type\": \"Microsoft.Logic/integrationAccounts/schemas\"\r\n}",
      "ResponseHeaders": {
        "Content-Length": [
          "867"
        ],
        "Content-Type": [
          "application/json; charset=utf-8"
        ],
        "Expires": [
          "-1"
        ],
        "Pragma": [
          "no-cache"
        ],
        "x-ms-request-id": [
          "brazilsouth:083d7d6d-4e09-4acb-9844-560da48ee741"
        ],
        "Strict-Transport-Security": [
          "max-age=31536000; includeSubDomains"
        ],
        "x-ms-ratelimit-remaining-subscription-writes": [
          "1190"
        ],
        "x-ms-correlation-request-id": [
          "aaeed825-ed15-4fd9-a42d-66f7c4ce61df"
        ],
        "x-ms-routing-request-id": [
          "WESTUS2:20170228T191727Z:aaeed825-ed15-4fd9-a42d-66f7c4ce61df"
        ],
        "Cache-Control": [
          "no-cache"
        ],
        "Date": [
          "Tue, 28 Feb 2017 19:17:26 GMT"
        ]
      },
      "StatusCode": 201
    },
    {
      "RequestUri": "/subscriptions/f34b22a3-2202-4fb1-b040-1332bd928c84/resourceGroups/IntegrationAccountPsCmdletTest/providers/Microsoft.Logic/integrationAccounts/onesdk4478/schemas/onesdk9744?api-version=2016-06-01",
      "EncodedRequestUri": "L3N1YnNjcmlwdGlvbnMvZjM0YjIyYTMtMjIwMi00ZmIxLWIwNDAtMTMzMmJkOTI4Yzg0L3Jlc291cmNlR3JvdXBzL0ludGVncmF0aW9uQWNjb3VudFBzQ21kbGV0VGVzdC9wcm92aWRlcnMvTWljcm9zb2Z0LkxvZ2ljL2ludGVncmF0aW9uQWNjb3VudHMvb25lc2RrNDQ3OC9zY2hlbWFzL29uZXNkazk3NDQ/YXBpLXZlcnNpb249MjAxNi0wNi0wMQ==",
      "RequestMethod": "PUT",
      "RequestBody": "{\r\n  \"properties\": {\r\n    \"schemaType\": \"Xml\",\r\n    \"targetNamespace\": \"http://Inbound_EDI.OrderFile\",\r\n    \"documentName\": \"OrderFile\",\r\n    \"content\": \"<?xml version=\\\"1.0\\\" encoding=\\\"utf-16\\\"?>\\r\\n<xs:schema xmlns:b=\\\"http://schemas.microsoft.com/BizTalk/2003\\\" xmlns=\\\"http://Inbound_EDI.OrderFile\\\" targetNamespace=\\\"http://Inbound_EDI.OrderFile\\\" xmlns:xs=\\\"http://www.w3.org/2001/XMLSchema\\\">\\r\\n  <xs:annotation>\\r\\n    <xs:appinfo>\\r\\n      <b:schemaInfo default_pad_char=\\\" \\\" count_positions_by_byte=\\\"false\\\" parser_optimization=\\\"speed\\\" lookahead_depth=\\\"3\\\" suppress_empty_nodes=\\\"false\\\" generate_empty_nodes=\\\"true\\\" allow_early_termination=\\\"false\\\" early_terminate_optional_fields=\\\"false\\\" allow_message_breakup_of_infix_root=\\\"false\\\" compile_parse_tables=\\\"false\\\" standard=\\\"Flat File\\\" root_reference=\\\"OrderFile\\\" />\\r\\n      <schemaEditorExtension:schemaInfo namespaceAlias=\\\"b\\\" extensionClass=\\\"Microsoft.BizTalk.FlatFileExtension.FlatFileExtension\\\" standardName=\\\"Flat File\\\" xmlns:schemaEditorExtension=\\\"http://schemas.microsoft.com/BizTalk/2003/SchemaEditorExtensions\\\" />\\r\\n    </xs:appinfo>\\r\\n  </xs:annotation>\\r\\n  <xs:element name=\\\"OrderFile\\\">\\r\\n    <xs:annotation>\\r\\n      <xs:appinfo>\\r\\n        <b:recordInfo structure=\\\"delimited\\\" preserve_delimiter_for_empty_data=\\\"true\\\" suppress_trailing_delimiters=\\\"false\\\" sequence_number=\\\"1\\\" />\\r\\n      </xs:appinfo>\\r\\n    </xs:annotation>\\r\\n    <xs:complexType>\\r\\n      <xs:sequence>\\r\\n        <xs:annotation>\\r\\n          <xs:appinfo>\\r\\n            <b:groupInfo sequence_number=\\\"0\\\" />\\r\\n          </xs:appinfo>\\r\\n        </xs:annotation>\\r\\n        <xs:element name=\\\"Order\\\">\\r\\n          <xs:annotation>\\r\\n            <xs:appinfo>\\r\\n              <b:recordInfo sequence_number=\\\"1\\\" structure=\\\"delimited\\\" preserve_delimiter_for_empty_data=\\\"true\\\" suppress_trailing_delimiters=\\\"false\\\" child_delimiter_type=\\\"hex\\\" child_delimiter=\\\"0x0D 0x0A\\\" child_order=\\\"infix\\\" />\\r\\n            </xs:appinfo>\\r\\n          </xs:annotation>\\r\\n          <xs:complexType>\\r\\n            <xs:sequence>\\r\\n              <xs:annotation>\\r\\n                <xs:appinfo>\\r\\n                  <b:groupInfo sequence_number=\\\"0\\\" />\\r\\n                </xs:appinfo>\\r\\n              </xs:annotation>\\r\\n              <xs:element name=\\\"Header\\\">\\r\\n                <xs:annotation>\\r\\n                  <xs:appinfo>\\r\\n                    <b:recordInfo sequence_number=\\\"1\\\" structure=\\\"delimited\\\" preserve_delimiter_for_empty_data=\\\"true\\\" suppress_trailing_delimiters=\\\"false\\\" child_delimiter_type=\\\"char\\\" child_delimiter=\\\"|\\\" child_order=\\\"infix\\\" tag_name=\\\"HDR|\\\" />\\r\\n                  </xs:appinfo>\\r\\n                </xs:annotation>\\r\\n                <xs:complexType>\\r\\n                  <xs:sequence>\\r\\n                    <xs:annotation>\\r\\n                      <xs:appinfo>\\r\\n                        <b:groupInfo sequence_number=\\\"0\\\" />\\r\\n                      </xs:appinfo>\\r\\n                    </xs:annotation>\\r\\n                    <xs:element name=\\\"PODate\\\" type=\\\"xs:string\\\">\\r\\n                      <xs:annotation>\\r\\n                        <xs:appinfo>\\r\\n                          <b:fieldInfo sequence_number=\\\"1\\\" justification=\\\"left\\\" />\\r\\n                        </xs:appinfo>\\r\\n                      </xs:annotation>\\r\\n                    </xs:element>\\r\\n                    <xs:element name=\\\"PONumber\\\" type=\\\"xs:string\\\">\\r\\n                      <xs:annotation>\\r\\n                        <xs:appinfo>\\r\\n                          <b:fieldInfo justification=\\\"left\\\" sequence_number=\\\"2\\\" />\\r\\n                        </xs:appinfo>\\r\\n                      </xs:annotation>\\r\\n                    </xs:element>\\r\\n                    <xs:element name=\\\"CustomerID\\\" type=\\\"xs:string\\\">\\r\\n                      <xs:annotation>\\r\\n                        <xs:appinfo>\\r\\n                          <b:fieldInfo sequence_number=\\\"3\\\" justification=\\\"left\\\" />\\r\\n                        </xs:appinfo>\\r\\n                      </xs:annotation>\\r\\n                    </xs:element>\\r\\n                    <xs:element name=\\\"CustomerContactName\\\" type=\\\"xs:string\\\">\\r\\n                      <xs:annotation>\\r\\n                        <xs:appinfo>\\r\\n                          <b:fieldInfo sequence_number=\\\"4\\\" justification=\\\"left\\\" />\\r\\n                        </xs:appinfo>\\r\\n                      </xs:annotation>\\r\\n                    </xs:element>\\r\\n                    <xs:element name=\\\"CustomerContactPhone\\\" type=\\\"xs:string\\\">\\r\\n                      <xs:annotation>\\r\\n                        <xs:appinfo>\\r\\n                          <b:fieldInfo sequence_number=\\\"5\\\" justification=\\\"left\\\" />\\r\\n                        </xs:appinfo>\\r\\n                      </xs:annotation>\\r\\n                    </xs:element>\\r\\n                  </xs:sequence>\\r\\n                </xs:complexType>\\r\\n              </xs:element>\\r\\n              <xs:element minOccurs=\\\"1\\\" maxOccurs=\\\"unbounded\\\" name=\\\"LineItems\\\">\\r\\n                <xs:annotation>\\r\\n                  <xs:appinfo>\\r\\n                    <b:recordInfo sequence_number=\\\"2\\\" structure=\\\"delimited\\\" preserve_delimiter_for_empty_data=\\\"true\\\" suppress_trailing_delimiters=\\\"false\\\" child_delimiter_type=\\\"char\\\" child_delimiter=\\\"|\\\" child_order=\\\"infix\\\" tag_name=\\\"DTL|\\\" />\\r\\n                  </xs:appinfo>\\r\\n                </xs:annotation>\\r\\n                <xs:complexType>\\r\\n                  <xs:sequence>\\r\\n                    <xs:annotation>\\r\\n                      <xs:appinfo>\\r\\n                        <b:groupInfo sequence_number=\\\"0\\\" />\\r\\n                      </xs:appinfo>\\r\\n                    </xs:annotation>\\r\\n                    <xs:element name=\\\"PONumber\\\" type=\\\"xs:string\\\">\\r\\n                      <xs:annotation>\\r\\n                        <xs:appinfo>\\r\\n                          <b:fieldInfo sequence_number=\\\"1\\\" justification=\\\"left\\\" />\\r\\n                        </xs:appinfo>\\r\\n                      </xs:annotation>\\r\\n                    </xs:element>\\r\\n                    <xs:element name=\\\"ItemOrdered\\\" type=\\\"xs:string\\\">\\r\\n                      <xs:annotation>\\r\\n                        <xs:appinfo>\\r\\n                          <b:fieldInfo sequence_number=\\\"2\\\" justification=\\\"left\\\" />\\r\\n                        </xs:appinfo>\\r\\n                      </xs:annotation>\\r\\n                    </xs:element>\\r\\n                    <xs:element name=\\\"Quantity\\\" type=\\\"xs:string\\\">\\r\\n                      <xs:annotation>\\r\\n                        <xs:appinfo>\\r\\n                          <b:fieldInfo sequence_number=\\\"3\\\" justification=\\\"left\\\" />\\r\\n                        </xs:appinfo>\\r\\n                      </xs:annotation>\\r\\n                    </xs:element>\\r\\n                    <xs:element name=\\\"UOM\\\" type=\\\"xs:string\\\">\\r\\n                      <xs:annotation>\\r\\n                        <xs:appinfo>\\r\\n                          <b:fieldInfo sequence_number=\\\"4\\\" justification=\\\"left\\\" />\\r\\n                        </xs:appinfo>\\r\\n                      </xs:annotation>\\r\\n                    </xs:element>\\r\\n                    <xs:element name=\\\"Price\\\" type=\\\"xs:string\\\">\\r\\n                      <xs:annotation>\\r\\n                        <xs:appinfo>\\r\\n                          <b:fieldInfo sequence_number=\\\"5\\\" justification=\\\"left\\\" />\\r\\n                        </xs:appinfo>\\r\\n                      </xs:annotation>\\r\\n                    </xs:element>\\r\\n                    <xs:element name=\\\"ExtendedPrice\\\" type=\\\"xs:string\\\">\\r\\n                      <xs:annotation>\\r\\n                        <xs:appinfo>\\r\\n                          <b:fieldInfo sequence_number=\\\"6\\\" justification=\\\"left\\\" />\\r\\n                        </xs:appinfo>\\r\\n                      </xs:annotation>\\r\\n                    </xs:element>\\r\\n                    <xs:element name=\\\"Description\\\" type=\\\"xs:string\\\">\\r\\n                      <xs:annotation>\\r\\n                        <xs:appinfo>\\r\\n                          <b:fieldInfo sequence_number=\\\"7\\\" justification=\\\"left\\\" />\\r\\n                        </xs:appinfo>\\r\\n                      </xs:annotation>\\r\\n                    </xs:element>\\r\\n                  </xs:sequence>\\r\\n                </xs:complexType>\\r\\n              </xs:element>\\r\\n            </xs:sequence>\\r\\n          </xs:complexType>\\r\\n        </xs:element>\\r\\n      </xs:sequence>\\r\\n    </xs:complexType>\\r\\n  </xs:element>\\r\\n</xs:schema>\",\r\n    \"contentType\": \"application/xml\"\r\n  }\r\n}",
      "RequestHeaders": {
        "Content-Type": [
          "application/json; charset=utf-8"
        ],
        "Content-Length": [
          "8629"
        ],
        "x-ms-client-request-id": [
          "17f6fa7d-a7f2-4653-9e62-2f301b4f28c8"
        ],
        "accept-language": [
          "en-US"
        ],
        "User-Agent": [
          "FxVersion/4.6.1586.0",
          "OSName/Windows_10_Enterprise",
          "OSVersion/6.3.14393",
          "Microsoft.Azure.Management.Logic.LogicManagementClient/2.1.0"
        ]
      },
      "ResponseBody": "{\r\n  \"properties\": {\r\n    \"schemaType\": \"Xml\",\r\n    \"targetNamespace\": \"http://Inbound_EDI.OrderFile\",\r\n    \"documentName\": \"OrderFile\",\r\n    \"contentLink\": {\r\n      \"uri\": \"https://flowprodcu25cqsn01.blob.core.windows.net/integrationaccounts987dc640fe0d4c03acacdb4cd18618d5/3839E_XML_ONESDK9744-403FEC746D1C454CAEEB0D95C4519796?sv=2016-05-31&sr=b&sig=sm%2FZ5r4GmvoFA%2FJjy4L3JP0GfFAYg6%2BKq8v1XtgWQUI%3D&se=2017-02-28T23%3A17%3A27Z&sp=r\",\r\n      \"contentVersion\": \"\\\"0x8D4600E6F5C5DE8\\\"\",\r\n      \"contentSize\": 7901,\r\n      \"contentHash\": {\r\n        \"algorithm\": \"md5\",\r\n        \"value\": \"a+4ZnOsIm8I/Mr0aKJIK6w==\"\r\n      }\r\n    },\r\n    \"createdTime\": \"2017-02-28T19:17:26.957589Z\",\r\n    \"changedTime\": \"2017-02-28T19:17:27.6332005Z\"\r\n  },\r\n  \"id\": \"/subscriptions/f34b22a3-2202-4fb1-b040-1332bd928c84/resourceGroups/IntegrationAccountPsCmdletTest/providers/Microsoft.Logic/integrationAccounts/onesdk4478/schemas/onesdk9744\",\r\n  \"name\": \"onesdk9744\",\r\n  \"type\": \"Microsoft.Logic/integrationAccounts/schemas\"\r\n}",
      "ResponseHeaders": {
        "Content-Length": [
          "871"
        ],
        "Content-Type": [
          "application/json; charset=utf-8"
        ],
        "Expires": [
          "-1"
        ],
        "Pragma": [
          "no-cache"
        ],
        "Vary": [
          "Accept-Encoding"
        ],
        "x-ms-request-id": [
          "brazilsouth:d703ebbe-6f3f-4579-b1d0-37b0faceb5bb"
        ],
        "Strict-Transport-Security": [
          "max-age=31536000; includeSubDomains"
        ],
        "x-ms-ratelimit-remaining-subscription-writes": [
          "1189"
        ],
        "x-ms-correlation-request-id": [
          "7fe92ac2-e5e6-47bc-bc1b-1dc3b31d9ac8"
        ],
        "x-ms-routing-request-id": [
          "WESTUS2:20170228T191727Z:7fe92ac2-e5e6-47bc-bc1b-1dc3b31d9ac8"
        ],
        "Cache-Control": [
          "no-cache"
        ],
        "Date": [
          "Tue, 28 Feb 2017 19:17:27 GMT"
        ]
      },
      "StatusCode": 200
    },
    {
      "RequestUri": "/subscriptions/f34b22a3-2202-4fb1-b040-1332bd928c84/resourceGroups/IntegrationAccountPsCmdletTest/providers/Microsoft.Logic/integrationAccounts/onesdk4478/schemas/onesdk9744?api-version=2016-06-01",
      "EncodedRequestUri": "L3N1YnNjcmlwdGlvbnMvZjM0YjIyYTMtMjIwMi00ZmIxLWIwNDAtMTMzMmJkOTI4Yzg0L3Jlc291cmNlR3JvdXBzL0ludGVncmF0aW9uQWNjb3VudFBzQ21kbGV0VGVzdC9wcm92aWRlcnMvTWljcm9zb2Z0LkxvZ2ljL2ludGVncmF0aW9uQWNjb3VudHMvb25lc2RrNDQ3OC9zY2hlbWFzL29uZXNkazk3NDQ/YXBpLXZlcnNpb249MjAxNi0wNi0wMQ==",
      "RequestMethod": "PUT",
      "RequestBody": "{\r\n  \"properties\": {\r\n    \"schemaType\": \"Xml\",\r\n    \"targetNamespace\": \"http://Inbound_EDI.OrderFile\",\r\n    \"documentName\": \"OrderFile\",\r\n    \"content\": \"<?xml version=\\\"1.0\\\" encoding=\\\"utf-16\\\"?>\\r\\n<xs:schema xmlns:b=\\\"http://schemas.microsoft.com/BizTalk/2003\\\" xmlns=\\\"http://Inbound_EDI.OrderFile\\\" targetNamespace=\\\"http://Inbound_EDI.OrderFile\\\" xmlns:xs=\\\"http://www.w3.org/2001/XMLSchema\\\">\\r\\n  <xs:annotation>\\r\\n    <xs:appinfo>\\r\\n      <b:schemaInfo default_pad_char=\\\" \\\" count_positions_by_byte=\\\"false\\\" parser_optimization=\\\"speed\\\" lookahead_depth=\\\"3\\\" suppress_empty_nodes=\\\"false\\\" generate_empty_nodes=\\\"true\\\" allow_early_termination=\\\"false\\\" early_terminate_optional_fields=\\\"false\\\" allow_message_breakup_of_infix_root=\\\"false\\\" compile_parse_tables=\\\"false\\\" standard=\\\"Flat File\\\" root_reference=\\\"OrderFile\\\" />\\r\\n      <schemaEditorExtension:schemaInfo namespaceAlias=\\\"b\\\" extensionClass=\\\"Microsoft.BizTalk.FlatFileExtension.FlatFileExtension\\\" standardName=\\\"Flat File\\\" xmlns:schemaEditorExtension=\\\"http://schemas.microsoft.com/BizTalk/2003/SchemaEditorExtensions\\\" />\\r\\n    </xs:appinfo>\\r\\n  </xs:annotation>\\r\\n  <xs:element name=\\\"OrderFile\\\">\\r\\n    <xs:annotation>\\r\\n      <xs:appinfo>\\r\\n        <b:recordInfo structure=\\\"delimited\\\" preserve_delimiter_for_empty_data=\\\"true\\\" suppress_trailing_delimiters=\\\"false\\\" sequence_number=\\\"1\\\" />\\r\\n      </xs:appinfo>\\r\\n    </xs:annotation>\\r\\n    <xs:complexType>\\r\\n      <xs:sequence>\\r\\n        <xs:annotation>\\r\\n          <xs:appinfo>\\r\\n            <b:groupInfo sequence_number=\\\"0\\\" />\\r\\n          </xs:appinfo>\\r\\n        </xs:annotation>\\r\\n        <xs:element name=\\\"Order\\\">\\r\\n          <xs:annotation>\\r\\n            <xs:appinfo>\\r\\n              <b:recordInfo sequence_number=\\\"1\\\" structure=\\\"delimited\\\" preserve_delimiter_for_empty_data=\\\"true\\\" suppress_trailing_delimiters=\\\"false\\\" child_delimiter_type=\\\"hex\\\" child_delimiter=\\\"0x0D 0x0A\\\" child_order=\\\"infix\\\" />\\r\\n            </xs:appinfo>\\r\\n          </xs:annotation>\\r\\n          <xs:complexType>\\r\\n            <xs:sequence>\\r\\n              <xs:annotation>\\r\\n                <xs:appinfo>\\r\\n                  <b:groupInfo sequence_number=\\\"0\\\" />\\r\\n                </xs:appinfo>\\r\\n              </xs:annotation>\\r\\n              <xs:element name=\\\"Header\\\">\\r\\n                <xs:annotation>\\r\\n                  <xs:appinfo>\\r\\n                    <b:recordInfo sequence_number=\\\"1\\\" structure=\\\"delimited\\\" preserve_delimiter_for_empty_data=\\\"true\\\" suppress_trailing_delimiters=\\\"false\\\" child_delimiter_type=\\\"char\\\" child_delimiter=\\\"|\\\" child_order=\\\"infix\\\" tag_name=\\\"HDR|\\\" />\\r\\n                  </xs:appinfo>\\r\\n                </xs:annotation>\\r\\n                <xs:complexType>\\r\\n                  <xs:sequence>\\r\\n                    <xs:annotation>\\r\\n                      <xs:appinfo>\\r\\n                        <b:groupInfo sequence_number=\\\"0\\\" />\\r\\n                      </xs:appinfo>\\r\\n                    </xs:annotation>\\r\\n                    <xs:element name=\\\"PODate\\\" type=\\\"xs:string\\\">\\r\\n                      <xs:annotation>\\r\\n                        <xs:appinfo>\\r\\n                          <b:fieldInfo sequence_number=\\\"1\\\" justification=\\\"left\\\" />\\r\\n                        </xs:appinfo>\\r\\n                      </xs:annotation>\\r\\n                    </xs:element>\\r\\n                    <xs:element name=\\\"PONumber\\\" type=\\\"xs:string\\\">\\r\\n                      <xs:annotation>\\r\\n                        <xs:appinfo>\\r\\n                          <b:fieldInfo justification=\\\"left\\\" sequence_number=\\\"2\\\" />\\r\\n                        </xs:appinfo>\\r\\n                      </xs:annotation>\\r\\n                    </xs:element>\\r\\n                    <xs:element name=\\\"CustomerID\\\" type=\\\"xs:string\\\">\\r\\n                      <xs:annotation>\\r\\n                        <xs:appinfo>\\r\\n                          <b:fieldInfo sequence_number=\\\"3\\\" justification=\\\"left\\\" />\\r\\n                        </xs:appinfo>\\r\\n                      </xs:annotation>\\r\\n                    </xs:element>\\r\\n                    <xs:element name=\\\"CustomerContactName\\\" type=\\\"xs:string\\\">\\r\\n                      <xs:annotation>\\r\\n                        <xs:appinfo>\\r\\n                          <b:fieldInfo sequence_number=\\\"4\\\" justification=\\\"left\\\" />\\r\\n                        </xs:appinfo>\\r\\n                      </xs:annotation>\\r\\n                    </xs:element>\\r\\n                    <xs:element name=\\\"CustomerContactPhone\\\" type=\\\"xs:string\\\">\\r\\n                      <xs:annotation>\\r\\n                        <xs:appinfo>\\r\\n                          <b:fieldInfo sequence_number=\\\"5\\\" justification=\\\"left\\\" />\\r\\n                        </xs:appinfo>\\r\\n                      </xs:annotation>\\r\\n                    </xs:element>\\r\\n                  </xs:sequence>\\r\\n                </xs:complexType>\\r\\n              </xs:element>\\r\\n              <xs:element minOccurs=\\\"1\\\" maxOccurs=\\\"unbounded\\\" name=\\\"LineItems\\\">\\r\\n                <xs:annotation>\\r\\n                  <xs:appinfo>\\r\\n                    <b:recordInfo sequence_number=\\\"2\\\" structure=\\\"delimited\\\" preserve_delimiter_for_empty_data=\\\"true\\\" suppress_trailing_delimiters=\\\"false\\\" child_delimiter_type=\\\"char\\\" child_delimiter=\\\"|\\\" child_order=\\\"infix\\\" tag_name=\\\"DTL|\\\" />\\r\\n                  </xs:appinfo>\\r\\n                </xs:annotation>\\r\\n                <xs:complexType>\\r\\n                  <xs:sequence>\\r\\n                    <xs:annotation>\\r\\n                      <xs:appinfo>\\r\\n                        <b:groupInfo sequence_number=\\\"0\\\" />\\r\\n                      </xs:appinfo>\\r\\n                    </xs:annotation>\\r\\n                    <xs:element name=\\\"PONumber\\\" type=\\\"xs:string\\\">\\r\\n                      <xs:annotation>\\r\\n                        <xs:appinfo>\\r\\n                          <b:fieldInfo sequence_number=\\\"1\\\" justification=\\\"left\\\" />\\r\\n                        </xs:appinfo>\\r\\n                      </xs:annotation>\\r\\n                    </xs:element>\\r\\n                    <xs:element name=\\\"ItemOrdered\\\" type=\\\"xs:string\\\">\\r\\n                      <xs:annotation>\\r\\n                        <xs:appinfo>\\r\\n                          <b:fieldInfo sequence_number=\\\"2\\\" justification=\\\"left\\\" />\\r\\n                        </xs:appinfo>\\r\\n                      </xs:annotation>\\r\\n                    </xs:element>\\r\\n                    <xs:element name=\\\"Quantity\\\" type=\\\"xs:string\\\">\\r\\n                      <xs:annotation>\\r\\n                        <xs:appinfo>\\r\\n                          <b:fieldInfo sequence_number=\\\"3\\\" justification=\\\"left\\\" />\\r\\n                        </xs:appinfo>\\r\\n                      </xs:annotation>\\r\\n                    </xs:element>\\r\\n                    <xs:element name=\\\"UOM\\\" type=\\\"xs:string\\\">\\r\\n                      <xs:annotation>\\r\\n                        <xs:appinfo>\\r\\n                          <b:fieldInfo sequence_number=\\\"4\\\" justification=\\\"left\\\" />\\r\\n                        </xs:appinfo>\\r\\n                      </xs:annotation>\\r\\n                    </xs:element>\\r\\n                    <xs:element name=\\\"Price\\\" type=\\\"xs:string\\\">\\r\\n                      <xs:annotation>\\r\\n                        <xs:appinfo>\\r\\n                          <b:fieldInfo sequence_number=\\\"5\\\" justification=\\\"left\\\" />\\r\\n                        </xs:appinfo>\\r\\n                      </xs:annotation>\\r\\n                    </xs:element>\\r\\n                    <xs:element name=\\\"ExtendedPrice\\\" type=\\\"xs:string\\\">\\r\\n                      <xs:annotation>\\r\\n                        <xs:appinfo>\\r\\n                          <b:fieldInfo sequence_number=\\\"6\\\" justification=\\\"left\\\" />\\r\\n                        </xs:appinfo>\\r\\n                      </xs:annotation>\\r\\n                    </xs:element>\\r\\n                    <xs:element name=\\\"Description\\\" type=\\\"xs:string\\\">\\r\\n                      <xs:annotation>\\r\\n                        <xs:appinfo>\\r\\n                          <b:fieldInfo sequence_number=\\\"7\\\" justification=\\\"left\\\" />\\r\\n                        </xs:appinfo>\\r\\n                      </xs:annotation>\\r\\n                    </xs:element>\\r\\n                  </xs:sequence>\\r\\n                </xs:complexType>\\r\\n              </xs:element>\\r\\n            </xs:sequence>\\r\\n          </xs:complexType>\\r\\n        </xs:element>\\r\\n      </xs:sequence>\\r\\n    </xs:complexType>\\r\\n  </xs:element>\\r\\n</xs:schema>\",\r\n    \"contentType\": \"application/xml\"\r\n  }\r\n}",
      "RequestHeaders": {
        "Content-Type": [
          "application/json; charset=utf-8"
        ],
        "Content-Length": [
          "8629"
        ],
        "x-ms-client-request-id": [
          "402a7397-ae46-4658-840f-6a6909af1938"
        ],
        "accept-language": [
          "en-US"
        ],
        "User-Agent": [
          "FxVersion/4.6.1586.0",
          "OSName/Windows_10_Enterprise",
          "OSVersion/6.3.14393",
          "Microsoft.Azure.Management.Logic.LogicManagementClient/2.1.0"
        ]
      },
      "ResponseBody": "{\r\n  \"properties\": {\r\n    \"schemaType\": \"Xml\",\r\n    \"targetNamespace\": \"http://Inbound_EDI.OrderFile\",\r\n    \"documentName\": \"OrderFile\",\r\n    \"contentLink\": {\r\n      \"uri\": \"https://flowprodcu25cqsn01.blob.core.windows.net/integrationaccounts987dc640fe0d4c03acacdb4cd18618d5/3839E_XML_ONESDK9744-B4C8848A8C5E4015A427EC1BBE90B831?sv=2016-05-31&sr=b&sig=dI62E5Smr8muIiDCUVf3Vj5tNo6uTt3FKzEtftoKQCE%3D&se=2017-02-28T23%3A17%3A28Z&sp=r\",\r\n      \"contentVersion\": \"\\\"0x8D4600E6F9D9563\\\"\",\r\n      \"contentSize\": 7901,\r\n      \"contentHash\": {\r\n        \"algorithm\": \"md5\",\r\n        \"value\": \"a+4ZnOsIm8I/Mr0aKJIK6w==\"\r\n      }\r\n    },\r\n    \"createdTime\": \"2017-02-28T19:17:26.957589Z\",\r\n    \"changedTime\": \"2017-02-28T19:17:28.0581982Z\"\r\n  },\r\n  \"id\": \"/subscriptions/f34b22a3-2202-4fb1-b040-1332bd928c84/resourceGroups/IntegrationAccountPsCmdletTest/providers/Microsoft.Logic/integrationAccounts/onesdk4478/schemas/onesdk9744\",\r\n  \"name\": \"onesdk9744\",\r\n  \"type\": \"Microsoft.Logic/integrationAccounts/schemas\"\r\n}",
      "ResponseHeaders": {
        "Content-Length": [
          "865"
        ],
        "Content-Type": [
          "application/json; charset=utf-8"
        ],
        "Expires": [
          "-1"
        ],
        "Pragma": [
          "no-cache"
        ],
        "Vary": [
          "Accept-Encoding"
        ],
        "x-ms-request-id": [
          "brazilsouth:f8734baa-4da3-4db9-a7d6-e0f98707f11d"
        ],
        "Strict-Transport-Security": [
          "max-age=31536000; includeSubDomains"
        ],
        "x-ms-ratelimit-remaining-subscription-writes": [
          "1188"
        ],
        "x-ms-correlation-request-id": [
          "0871863e-688a-40c6-a845-5aaf1bfb1030"
        ],
        "x-ms-routing-request-id": [
          "WESTUS2:20170228T191728Z:0871863e-688a-40c6-a845-5aaf1bfb1030"
        ],
        "Cache-Control": [
          "no-cache"
        ],
        "Date": [
          "Tue, 28 Feb 2017 19:17:27 GMT"
        ]
      },
      "StatusCode": 200
    },
    {
      "RequestUri": "/subscriptions/f34b22a3-2202-4fb1-b040-1332bd928c84/resourceGroups/IntegrationAccountPsCmdletTest/providers/Microsoft.Logic/integrationAccounts/onesdk4478?api-version=2016-06-01",
      "EncodedRequestUri": "L3N1YnNjcmlwdGlvbnMvZjM0YjIyYTMtMjIwMi00ZmIxLWIwNDAtMTMzMmJkOTI4Yzg0L3Jlc291cmNlR3JvdXBzL0ludGVncmF0aW9uQWNjb3VudFBzQ21kbGV0VGVzdC9wcm92aWRlcnMvTWljcm9zb2Z0LkxvZ2ljL2ludGVncmF0aW9uQWNjb3VudHMvb25lc2RrNDQ3OD9hcGktdmVyc2lvbj0yMDE2LTA2LTAx",
      "RequestMethod": "DELETE",
      "RequestBody": "",
      "RequestHeaders": {
        "x-ms-client-request-id": [
          "fb472faa-61c9-46f3-808d-9aa548d19655"
        ],
        "accept-language": [
          "en-US"
        ],
        "User-Agent": [
          "FxVersion/4.6.1586.0",
          "OSName/Windows_10_Enterprise",
          "OSVersion/6.3.14393",
          "Microsoft.Azure.Management.Logic.LogicManagementClient/2.1.0"
        ]
      },
      "ResponseBody": "",
      "ResponseHeaders": {
        "Content-Length": [
          "0"
        ],
        "Expires": [
          "-1"
        ],
        "Pragma": [
          "no-cache"
        ],
        "x-ms-request-id": [
          "brazilsouth:bccb2992-df27-436f-a63c-f7694940844a"
        ],
        "Strict-Transport-Security": [
          "max-age=31536000; includeSubDomains"
        ],
        "x-ms-ratelimit-remaining-subscription-writes": [
          "1187"
        ],
        "x-ms-correlation-request-id": [
          "7712cd2a-ac96-4e46-b9a2-c9e5835070d8"
        ],
        "x-ms-routing-request-id": [
          "WESTUS2:20170228T191729Z:7712cd2a-ac96-4e46-b9a2-c9e5835070d8"
        ],
        "Cache-Control": [
          "no-cache"
        ],
        "Date": [
          "Tue, 28 Feb 2017 19:17:29 GMT"
        ]
      },
      "StatusCode": 200
    }
  ],
  "Names": {
    "Test-UpdateIntegrationAccountSchema": [
      "onesdk4478",
      "onesdk9744"
    ]
  },
  "Variables": {
    "SubscriptionId": "f34b22a3-2202-4fb1-b040-1332bd928c84"
  }
}