{
  "Entries": [
    {
      "RequestUri": "/subscriptions/f34b22a3-2202-4fb1-b040-1332bd928c84/resourcegroups/ps3938?api-version=2016-09-01",
      "EncodedRequestUri": "L3N1YnNjcmlwdGlvbnMvZjM0YjIyYTMtMjIwMi00ZmIxLWIwNDAtMTMzMmJkOTI4Yzg0L3Jlc291cmNlZ3JvdXBzL3BzMzkzOD9hcGktdmVyc2lvbj0yMDE2LTA5LTAx",
      "RequestMethod": "PUT",
      "RequestBody": "{\r\n  \"location\": \"West US\"\r\n}",
      "RequestHeaders": {
        "Content-Type": [
          "application/json; charset=utf-8"
        ],
        "Content-Length": [
          "29"
        ],
        "x-ms-client-request-id": [
          "9e005675-be15-4f03-b9fe-3b2db5a52e77"
        ],
        "accept-language": [
          "en-US"
        ],
        "User-Agent": [
          "FxVersion/4.7.3190.0",
          "OSName/Windows10Enterprise",
          "OSVersion/6.3.17763",
          "Microsoft.Azure.Management.Internal.Resources.ResourceManagementClient/4.1.0"
        ]
      },
      "ResponseBody": "{\r\n  \"id\": \"/subscriptions/f34b22a3-2202-4fb1-b040-1332bd928c84/resourceGroups/ps3938\",\r\n  \"name\": \"ps3938\",\r\n  \"location\": \"westus\",\r\n  \"properties\": {\r\n    \"provisioningState\": \"Succeeded\"\r\n  }\r\n}",
      "ResponseHeaders": {
        "Content-Length": [
          "165"
        ],
        "Content-Type": [
          "application/json; charset=utf-8"
        ],
        "Expires": [
          "-1"
        ],
        "Pragma": [
          "no-cache"
        ],
        "x-ms-ratelimit-remaining-subscription-writes": [
          "1199"
        ],
        "x-ms-request-id": [
          "05321d3a-9529-404d-89f1-35bfe8a5ec7a"
        ],
        "x-ms-correlation-request-id": [
          "05321d3a-9529-404d-89f1-35bfe8a5ec7a"
        ],
        "x-ms-routing-request-id": [
          "WESTUS2:20181030T212501Z:05321d3a-9529-404d-89f1-35bfe8a5ec7a"
        ],
        "Strict-Transport-Security": [
          "max-age=31536000; includeSubDomains"
        ],
        "X-Content-Type-Options": [
          "nosniff"
        ],
        "Cache-Control": [
          "no-cache"
        ],
        "Date": [
          "Tue, 30 Oct 2018 21:25:00 GMT"
        ]
      },
      "StatusCode": 201
    },
    {
      "RequestUri": "/subscriptions/f34b22a3-2202-4fb1-b040-1332bd928c84/resourceGroups/ps3938/providers/Microsoft.Logic/integrationAccounts/IA-ps2645?api-version=2018-07-01-preview",
      "EncodedRequestUri": "L3N1YnNjcmlwdGlvbnMvZjM0YjIyYTMtMjIwMi00ZmIxLWIwNDAtMTMzMmJkOTI4Yzg0L3Jlc291cmNlR3JvdXBzL3BzMzkzOC9wcm92aWRlcnMvTWljcm9zb2Z0LkxvZ2ljL2ludGVncmF0aW9uQWNjb3VudHMvSUEtcHMyNjQ1P2FwaS12ZXJzaW9uPTIwMTgtMDctMDEtcHJldmlldw==",
      "RequestMethod": "GET",
      "RequestBody": "",
      "RequestHeaders": {
        "x-ms-client-request-id": [
          "3e920fc5-f646-41d4-a5d2-9b4047f60713"
        ],
        "accept-language": [
          "en-US"
        ],
        "User-Agent": [
          "FxVersion/4.7.3190.0",
          "OSName/Windows10Enterprise",
          "OSVersion/6.3.17763",
          "Microsoft.Azure.Management.Logic.LogicManagementClient/4.0.0.0"
        ]
      },
      "ResponseBody": "{\r\n  \"error\": {\r\n    \"code\": \"ResourceNotFound\",\r\n    \"message\": \"The Resource 'Microsoft.Logic/integrationAccounts/IA-ps2645' under resource group 'ps3938' was not found.\"\r\n  }\r\n}",
      "ResponseHeaders": {
        "Content-Length": [
          "155"
        ],
        "Content-Type": [
          "application/json; charset=utf-8"
        ],
        "Expires": [
          "-1"
        ],
        "Pragma": [
          "no-cache"
        ],
        "x-ms-failure-cause": [
          "gateway"
        ],
        "x-ms-request-id": [
          "2ec58981-14f7-4f79-9747-1a58605f03b4"
        ],
        "x-ms-correlation-request-id": [
          "2ec58981-14f7-4f79-9747-1a58605f03b4"
        ],
        "x-ms-routing-request-id": [
          "WESTUS2:20181030T212502Z:2ec58981-14f7-4f79-9747-1a58605f03b4"
        ],
        "Strict-Transport-Security": [
          "max-age=31536000; includeSubDomains"
        ],
        "X-Content-Type-Options": [
          "nosniff"
        ],
        "Cache-Control": [
          "no-cache"
        ],
        "Date": [
          "Tue, 30 Oct 2018 21:25:01 GMT"
        ]
      },
      "StatusCode": 404
    },
    {
      "RequestUri": "/subscriptions/f34b22a3-2202-4fb1-b040-1332bd928c84/resourceGroups/ps3938/providers/Microsoft.Logic/integrationAccounts/IA-ps2645?api-version=2018-07-01-preview",
      "EncodedRequestUri": "L3N1YnNjcmlwdGlvbnMvZjM0YjIyYTMtMjIwMi00ZmIxLWIwNDAtMTMzMmJkOTI4Yzg0L3Jlc291cmNlR3JvdXBzL3BzMzkzOC9wcm92aWRlcnMvTWljcm9zb2Z0LkxvZ2ljL2ludGVncmF0aW9uQWNjb3VudHMvSUEtcHMyNjQ1P2FwaS12ZXJzaW9uPTIwMTgtMDctMDEtcHJldmlldw==",
      "RequestMethod": "GET",
      "RequestBody": "",
      "RequestHeaders": {
        "x-ms-client-request-id": [
          "8158f4c6-19ab-4e62-8e1d-01b2962ebbe6"
        ],
        "accept-language": [
          "en-US"
        ],
        "User-Agent": [
          "FxVersion/4.7.3190.0",
          "OSName/Windows10Enterprise",
          "OSVersion/6.3.17763",
          "Microsoft.Azure.Management.Logic.LogicManagementClient/4.0.0.0"
        ]
      },
      "ResponseBody": "{\r\n  \"properties\": {\r\n    \"state\": \"Enabled\"\r\n  },\r\n  \"sku\": {\r\n    \"name\": \"Standard\"\r\n  },\r\n  \"id\": \"/subscriptions/f34b22a3-2202-4fb1-b040-1332bd928c84/resourceGroups/ps3938/providers/Microsoft.Logic/integrationAccounts/IA-ps2645\",\r\n  \"name\": \"IA-ps2645\",\r\n  \"type\": \"Microsoft.Logic/integrationAccounts\",\r\n  \"location\": \"brazilsouth\"\r\n}",
      "ResponseHeaders": {
        "Content-Length": [
          "286"
        ],
        "Content-Type": [
          "application/json; charset=utf-8"
        ],
        "Expires": [
          "-1"
        ],
        "Pragma": [
          "no-cache"
        ],
        "Vary": [
          "Accept-Encoding"
        ],
        "x-ms-request-id": [
          "brazilsouth:688f434c-2abf-43a5-b2e6-39bebf220cb5"
        ],
        "Strict-Transport-Security": [
          "max-age=31536000; includeSubDomains"
        ],
        "x-ms-ratelimit-remaining-subscription-reads": [
          "11998"
        ],
        "x-ms-correlation-request-id": [
          "dd81ceb4-608f-482f-8800-6c1d0b409b51"
        ],
        "x-ms-routing-request-id": [
          "WESTUS2:20181030T212503Z:dd81ceb4-608f-482f-8800-6c1d0b409b51"
        ],
        "X-Content-Type-Options": [
          "nosniff"
        ],
        "Cache-Control": [
          "no-cache"
        ],
        "Date": [
          "Tue, 30 Oct 2018 21:25:02 GMT"
        ]
      },
      "StatusCode": 200
    },
    {
      "RequestUri": "/subscriptions/f34b22a3-2202-4fb1-b040-1332bd928c84/resourceGroups/ps3938/providers/Microsoft.Logic/integrationAccounts/IA-ps2645?api-version=2018-07-01-preview",
      "EncodedRequestUri": "L3N1YnNjcmlwdGlvbnMvZjM0YjIyYTMtMjIwMi00ZmIxLWIwNDAtMTMzMmJkOTI4Yzg0L3Jlc291cmNlR3JvdXBzL3BzMzkzOC9wcm92aWRlcnMvTWljcm9zb2Z0LkxvZ2ljL2ludGVncmF0aW9uQWNjb3VudHMvSUEtcHMyNjQ1P2FwaS12ZXJzaW9uPTIwMTgtMDctMDEtcHJldmlldw==",
      "RequestMethod": "GET",
      "RequestBody": "",
      "RequestHeaders": {
        "x-ms-client-request-id": [
          "c4eb486a-ce87-4ae9-94b3-54e3b4e9cc38"
        ],
        "accept-language": [
          "en-US"
        ],
        "User-Agent": [
          "FxVersion/4.7.3190.0",
          "OSName/Windows10Enterprise",
          "OSVersion/6.3.17763",
          "Microsoft.Azure.Management.Logic.LogicManagementClient/4.0.0.0"
        ]
      },
      "ResponseBody": "{\r\n  \"properties\": {\r\n    \"state\": \"Enabled\"\r\n  },\r\n  \"sku\": {\r\n    \"name\": \"Standard\"\r\n  },\r\n  \"id\": \"/subscriptions/f34b22a3-2202-4fb1-b040-1332bd928c84/resourceGroups/ps3938/providers/Microsoft.Logic/integrationAccounts/IA-ps2645\",\r\n  \"name\": \"IA-ps2645\",\r\n  \"type\": \"Microsoft.Logic/integrationAccounts\",\r\n  \"location\": \"brazilsouth\"\r\n}",
      "ResponseHeaders": {
        "Content-Length": [
          "286"
        ],
        "Content-Type": [
          "application/json; charset=utf-8"
        ],
        "Expires": [
          "-1"
        ],
        "Pragma": [
          "no-cache"
        ],
        "Vary": [
          "Accept-Encoding"
        ],
        "x-ms-request-id": [
          "brazilsouth:34af4a0a-b73a-4e63-817b-48dcdd656df1"
        ],
        "Strict-Transport-Security": [
          "max-age=31536000; includeSubDomains"
        ],
        "x-ms-ratelimit-remaining-subscription-reads": [
          "11996"
        ],
        "x-ms-correlation-request-id": [
          "adf2c4c8-9e36-4927-98d8-328c8d4f9c62"
        ],
        "x-ms-routing-request-id": [
          "WESTUS2:20181030T212504Z:adf2c4c8-9e36-4927-98d8-328c8d4f9c62"
        ],
        "X-Content-Type-Options": [
          "nosniff"
        ],
        "Cache-Control": [
          "no-cache"
        ],
        "Date": [
          "Tue, 30 Oct 2018 21:25:03 GMT"
        ]
      },
      "StatusCode": 200
    },
    {
      "RequestUri": "/subscriptions/f34b22a3-2202-4fb1-b040-1332bd928c84/resourceGroups/ps3938/providers/Microsoft.Logic/integrationAccounts/IA-ps2645?api-version=2018-07-01-preview",
      "EncodedRequestUri": "L3N1YnNjcmlwdGlvbnMvZjM0YjIyYTMtMjIwMi00ZmIxLWIwNDAtMTMzMmJkOTI4Yzg0L3Jlc291cmNlR3JvdXBzL3BzMzkzOC9wcm92aWRlcnMvTWljcm9zb2Z0LkxvZ2ljL2ludGVncmF0aW9uQWNjb3VudHMvSUEtcHMyNjQ1P2FwaS12ZXJzaW9uPTIwMTgtMDctMDEtcHJldmlldw==",
      "RequestMethod": "GET",
      "RequestBody": "",
      "RequestHeaders": {
        "x-ms-client-request-id": [
          "69109410-9d96-4bac-af5b-44e8d89b8e9a"
        ],
        "accept-language": [
          "en-US"
        ],
        "User-Agent": [
          "FxVersion/4.7.3190.0",
          "OSName/Windows10Enterprise",
          "OSVersion/6.3.17763",
          "Microsoft.Azure.Management.Logic.LogicManagementClient/4.0.0.0"
        ]
      },
      "ResponseBody": "{\r\n  \"properties\": {\r\n    \"state\": \"Enabled\"\r\n  },\r\n  \"sku\": {\r\n    \"name\": \"Standard\"\r\n  },\r\n  \"id\": \"/subscriptions/f34b22a3-2202-4fb1-b040-1332bd928c84/resourceGroups/ps3938/providers/Microsoft.Logic/integrationAccounts/IA-ps2645\",\r\n  \"name\": \"IA-ps2645\",\r\n  \"type\": \"Microsoft.Logic/integrationAccounts\",\r\n  \"location\": \"brazilsouth\"\r\n}",
      "ResponseHeaders": {
        "Content-Length": [
          "286"
        ],
        "Content-Type": [
          "application/json; charset=utf-8"
        ],
        "Expires": [
          "-1"
        ],
        "Pragma": [
          "no-cache"
        ],
        "Vary": [
          "Accept-Encoding"
        ],
        "x-ms-request-id": [
          "brazilsouth:b30dab9b-4098-4e52-a521-71c395ceb11b"
        ],
        "Strict-Transport-Security": [
          "max-age=31536000; includeSubDomains"
        ],
        "x-ms-ratelimit-remaining-subscription-reads": [
          "11994"
        ],
        "x-ms-correlation-request-id": [
          "c940e635-5b56-4cee-9a7a-54c748c6f521"
        ],
        "x-ms-routing-request-id": [
          "WESTUS2:20181030T212504Z:c940e635-5b56-4cee-9a7a-54c748c6f521"
        ],
        "X-Content-Type-Options": [
          "nosniff"
        ],
        "Cache-Control": [
          "no-cache"
        ],
        "Date": [
          "Tue, 30 Oct 2018 21:25:04 GMT"
        ]
      },
      "StatusCode": 200
    },
    {
      "RequestUri": "/subscriptions/f34b22a3-2202-4fb1-b040-1332bd928c84/resourceGroups/ps3938/providers/Microsoft.Logic/integrationAccounts/IA-ps2645?api-version=2018-07-01-preview",
      "EncodedRequestUri": "L3N1YnNjcmlwdGlvbnMvZjM0YjIyYTMtMjIwMi00ZmIxLWIwNDAtMTMzMmJkOTI4Yzg0L3Jlc291cmNlR3JvdXBzL3BzMzkzOC9wcm92aWRlcnMvTWljcm9zb2Z0LkxvZ2ljL2ludGVncmF0aW9uQWNjb3VudHMvSUEtcHMyNjQ1P2FwaS12ZXJzaW9uPTIwMTgtMDctMDEtcHJldmlldw==",
      "RequestMethod": "PUT",
      "RequestBody": "{\r\n  \"properties\": {},\r\n  \"sku\": {\r\n    \"name\": \"Standard\"\r\n  },\r\n  \"location\": \"brazilsouth\"\r\n}",
      "RequestHeaders": {
        "Content-Type": [
          "application/json; charset=utf-8"
        ],
        "Content-Length": [
          "96"
        ],
        "x-ms-client-request-id": [
          "676d0756-3429-4be8-a050-eb358f379423"
        ],
        "accept-language": [
          "en-US"
        ],
        "User-Agent": [
          "FxVersion/4.7.3190.0",
          "OSName/Windows10Enterprise",
          "OSVersion/6.3.17763",
          "Microsoft.Azure.Management.Logic.LogicManagementClient/4.0.0.0"
        ]
      },
      "ResponseBody": "{\r\n  \"properties\": {\r\n    \"state\": \"Enabled\"\r\n  },\r\n  \"sku\": {\r\n    \"name\": \"Standard\"\r\n  },\r\n  \"id\": \"/subscriptions/f34b22a3-2202-4fb1-b040-1332bd928c84/resourceGroups/ps3938/providers/Microsoft.Logic/integrationAccounts/IA-ps2645\",\r\n  \"name\": \"IA-ps2645\",\r\n  \"type\": \"Microsoft.Logic/integrationAccounts\",\r\n  \"location\": \"brazilsouth\"\r\n}",
      "ResponseHeaders": {
        "Content-Length": [
          "286"
        ],
        "Content-Type": [
          "application/json; charset=utf-8"
        ],
        "Expires": [
          "-1"
        ],
        "Pragma": [
          "no-cache"
        ],
        "x-ms-request-id": [
          "brazilsouth:5a3cf2ce-bb8d-42b5-b3db-9d82b4f033da"
        ],
        "Strict-Transport-Security": [
          "max-age=31536000; includeSubDomains"
        ],
        "x-ms-ratelimit-remaining-subscription-writes": [
          "1197"
        ],
        "x-ms-correlation-request-id": [
          "5254e4b7-5bc8-4b3b-b13b-a4ed4db8f676"
        ],
        "x-ms-routing-request-id": [
          "WESTUS2:20181030T212503Z:5254e4b7-5bc8-4b3b-b13b-a4ed4db8f676"
        ],
        "X-Content-Type-Options": [
          "nosniff"
        ],
        "Cache-Control": [
          "no-cache"
        ],
        "Date": [
          "Tue, 30 Oct 2018 21:25:02 GMT"
        ]
      },
      "StatusCode": 201
    },
    {
      "RequestUri": "/subscriptions/f34b22a3-2202-4fb1-b040-1332bd928c84/resourceGroups/ps3938/providers/Microsoft.Logic/integrationAccounts/IA-ps2645/schemas/ps9075?api-version=2018-07-01-preview",
      "EncodedRequestUri": "L3N1YnNjcmlwdGlvbnMvZjM0YjIyYTMtMjIwMi00ZmIxLWIwNDAtMTMzMmJkOTI4Yzg0L3Jlc291cmNlR3JvdXBzL3BzMzkzOC9wcm92aWRlcnMvTWljcm9zb2Z0LkxvZ2ljL2ludGVncmF0aW9uQWNjb3VudHMvSUEtcHMyNjQ1L3NjaGVtYXMvcHM5MDc1P2FwaS12ZXJzaW9uPTIwMTgtMDctMDEtcHJldmlldw==",
      "RequestMethod": "GET",
      "RequestBody": "",
      "RequestHeaders": {
        "x-ms-client-request-id": [
          "91343c24-1bf9-467c-8206-f75d48e185da"
        ],
        "accept-language": [
          "en-US"
        ],
        "User-Agent": [
          "FxVersion/4.7.3190.0",
          "OSName/Windows10Enterprise",
          "OSVersion/6.3.17763",
          "Microsoft.Azure.Management.Logic.LogicManagementClient/4.0.0.0"
        ]
      },
      "ResponseBody": "{\r\n  \"error\": {\r\n    \"code\": \"SchemaNotFound\",\r\n    \"message\": \"The schema 'ps9075' could not be found in integration account 'IA-ps2645'.\"\r\n  }\r\n}",
      "ResponseHeaders": {
        "Content-Length": [
          "122"
        ],
        "Content-Type": [
          "application/json; charset=utf-8"
        ],
        "Expires": [
          "-1"
        ],
        "Pragma": [
          "no-cache"
        ],
        "x-ms-request-id": [
          "brazilsouth:501a4776-9dc4-4250-875d-b140cebe4cbf"
        ],
        "Strict-Transport-Security": [
          "max-age=31536000; includeSubDomains"
        ],
        "x-ms-ratelimit-remaining-subscription-reads": [
          "11997"
        ],
        "x-ms-correlation-request-id": [
          "4b373007-8be9-40ef-8547-3a5a7be29808"
        ],
        "x-ms-routing-request-id": [
          "WESTUS2:20181030T212503Z:4b373007-8be9-40ef-8547-3a5a7be29808"
        ],
        "X-Content-Type-Options": [
          "nosniff"
        ],
        "Cache-Control": [
          "no-cache"
        ],
        "Date": [
          "Tue, 30 Oct 2018 21:25:02 GMT"
        ]
      },
      "StatusCode": 404
    },
    {
      "RequestUri": "/subscriptions/f34b22a3-2202-4fb1-b040-1332bd928c84/resourceGroups/ps3938/providers/Microsoft.Logic/integrationAccounts/IA-ps2645/schemas/ps9075?api-version=2018-07-01-preview",
      "EncodedRequestUri": "L3N1YnNjcmlwdGlvbnMvZjM0YjIyYTMtMjIwMi00ZmIxLWIwNDAtMTMzMmJkOTI4Yzg0L3Jlc291cmNlR3JvdXBzL3BzMzkzOC9wcm92aWRlcnMvTWljcm9zb2Z0LkxvZ2ljL2ludGVncmF0aW9uQWNjb3VudHMvSUEtcHMyNjQ1L3NjaGVtYXMvcHM5MDc1P2FwaS12ZXJzaW9uPTIwMTgtMDctMDEtcHJldmlldw==",
      "RequestMethod": "PUT",
      "RequestBody": "{\r\n  \"properties\": {\r\n    \"schemaType\": \"Xml\",\r\n    \"content\": \"<?xml version=\\\"1.0\\\" encoding=\\\"utf-16\\\"?>\\r\\n<xs:schema xmlns:b=\\\"http://schemas.microsoft.com/BizTalk/2003\\\" xmlns=\\\"http://Inbound_EDI.OrderFile\\\" targetNamespace=\\\"http://Inbound_EDI.OrderFile\\\" xmlns:xs=\\\"http://www.w3.org/2001/XMLSchema\\\">\\r\\n  <xs:annotation>\\r\\n    <xs:appinfo>\\r\\n      <b:schemaInfo default_pad_char=\\\" \\\" count_positions_by_byte=\\\"false\\\" parser_optimization=\\\"speed\\\" lookahead_depth=\\\"3\\\" suppress_empty_nodes=\\\"false\\\" generate_empty_nodes=\\\"true\\\" allow_early_termination=\\\"false\\\" early_terminate_optional_fields=\\\"false\\\" allow_message_breakup_of_infix_root=\\\"false\\\" compile_parse_tables=\\\"false\\\" standard=\\\"Flat File\\\" root_reference=\\\"OrderFile\\\" />\\r\\n      <schemaEditorExtension:schemaInfo namespaceAlias=\\\"b\\\" extensionClass=\\\"Microsoft.BizTalk.FlatFileExtension.FlatFileExtension\\\" standardName=\\\"Flat File\\\" xmlns:schemaEditorExtension=\\\"http://schemas.microsoft.com/BizTalk/2003/SchemaEditorExtensions\\\" />\\r\\n    </xs:appinfo>\\r\\n  </xs:annotation>\\r\\n  <xs:element name=\\\"OrderFile\\\">\\r\\n    <xs:annotation>\\r\\n      <xs:appinfo>\\r\\n        <b:recordInfo structure=\\\"delimited\\\" preserve_delimiter_for_empty_data=\\\"true\\\" suppress_trailing_delimiters=\\\"false\\\" sequence_number=\\\"1\\\" />\\r\\n      </xs:appinfo>\\r\\n    </xs:annotation>\\r\\n    <xs:complexType>\\r\\n      <xs:sequence>\\r\\n        <xs:annotation>\\r\\n          <xs:appinfo>\\r\\n            <b:groupInfo sequence_number=\\\"0\\\" />\\r\\n          </xs:appinfo>\\r\\n        </xs:annotation>\\r\\n        <xs:element name=\\\"Order\\\">\\r\\n          <xs:annotation>\\r\\n            <xs:appinfo>\\r\\n              <b:recordInfo sequence_number=\\\"1\\\" structure=\\\"delimited\\\" preserve_delimiter_for_empty_data=\\\"true\\\" suppress_trailing_delimiters=\\\"false\\\" child_delimiter_type=\\\"hex\\\" child_delimiter=\\\"0x0D 0x0A\\\" child_order=\\\"infix\\\" />\\r\\n            </xs:appinfo>\\r\\n          </xs:annotation>\\r\\n          <xs:complexType>\\r\\n            <xs:sequence>\\r\\n              <xs:annotation>\\r\\n                <xs:appinfo>\\r\\n                  <b:groupInfo sequence_number=\\\"0\\\" />\\r\\n                </xs:appinfo>\\r\\n              </xs:annotation>\\r\\n              <xs:element name=\\\"Header\\\">\\r\\n                <xs:annotation>\\r\\n                  <xs:appinfo>\\r\\n                    <b:recordInfo sequence_number=\\\"1\\\" structure=\\\"delimited\\\" preserve_delimiter_for_empty_data=\\\"true\\\" suppress_trailing_delimiters=\\\"false\\\" child_delimiter_type=\\\"char\\\" child_delimiter=\\\"|\\\" child_order=\\\"infix\\\" tag_name=\\\"HDR|\\\" />\\r\\n                  </xs:appinfo>\\r\\n                </xs:annotation>\\r\\n                <xs:complexType>\\r\\n                  <xs:sequence>\\r\\n                    <xs:annotation>\\r\\n                      <xs:appinfo>\\r\\n                        <b:groupInfo sequence_number=\\\"0\\\" />\\r\\n                      </xs:appinfo>\\r\\n                    </xs:annotation>\\r\\n                    <xs:element name=\\\"PODate\\\" type=\\\"xs:string\\\">\\r\\n                      <xs:annotation>\\r\\n                        <xs:appinfo>\\r\\n                          <b:fieldInfo sequence_number=\\\"1\\\" justification=\\\"left\\\" />\\r\\n                        </xs:appinfo>\\r\\n                      </xs:annotation>\\r\\n                    </xs:element>\\r\\n                    <xs:element name=\\\"PONumber\\\" type=\\\"xs:string\\\">\\r\\n                      <xs:annotation>\\r\\n                        <xs:appinfo>\\r\\n                          <b:fieldInfo justification=\\\"left\\\" sequence_number=\\\"2\\\" />\\r\\n                        </xs:appinfo>\\r\\n                      </xs:annotation>\\r\\n                    </xs:element>\\r\\n                    <xs:element name=\\\"CustomerID\\\" type=\\\"xs:string\\\">\\r\\n                      <xs:annotation>\\r\\n                        <xs:appinfo>\\r\\n                          <b:fieldInfo sequence_number=\\\"3\\\" justification=\\\"left\\\" />\\r\\n                        </xs:appinfo>\\r\\n                      </xs:annotation>\\r\\n                    </xs:element>\\r\\n                    <xs:element name=\\\"CustomerContactName\\\" type=\\\"xs:string\\\">\\r\\n                      <xs:annotation>\\r\\n                        <xs:appinfo>\\r\\n                          <b:fieldInfo sequence_number=\\\"4\\\" justification=\\\"left\\\" />\\r\\n                        </xs:appinfo>\\r\\n                      </xs:annotation>\\r\\n                    </xs:element>\\r\\n                    <xs:element name=\\\"CustomerContactPhone\\\" type=\\\"xs:string\\\">\\r\\n                      <xs:annotation>\\r\\n                        <xs:appinfo>\\r\\n                          <b:fieldInfo sequence_number=\\\"5\\\" justification=\\\"left\\\" />\\r\\n                        </xs:appinfo>\\r\\n                      </xs:annotation>\\r\\n                    </xs:element>\\r\\n                  </xs:sequence>\\r\\n                </xs:complexType>\\r\\n              </xs:element>\\r\\n              <xs:element minOccurs=\\\"1\\\" maxOccurs=\\\"unbounded\\\" name=\\\"LineItems\\\">\\r\\n                <xs:annotation>\\r\\n                  <xs:appinfo>\\r\\n                    <b:recordInfo sequence_number=\\\"2\\\" structure=\\\"delimited\\\" preserve_delimiter_for_empty_data=\\\"true\\\" suppress_trailing_delimiters=\\\"false\\\" child_delimiter_type=\\\"char\\\" child_delimiter=\\\"|\\\" child_order=\\\"infix\\\" tag_name=\\\"DTL|\\\" />\\r\\n                  </xs:appinfo>\\r\\n                </xs:annotation>\\r\\n                <xs:complexType>\\r\\n                  <xs:sequence>\\r\\n                    <xs:annotation>\\r\\n                      <xs:appinfo>\\r\\n                        <b:groupInfo sequence_number=\\\"0\\\" />\\r\\n                      </xs:appinfo>\\r\\n                    </xs:annotation>\\r\\n                    <xs:element name=\\\"PONumber\\\" type=\\\"xs:string\\\">\\r\\n                      <xs:annotation>\\r\\n                        <xs:appinfo>\\r\\n                          <b:fieldInfo sequence_number=\\\"1\\\" justification=\\\"left\\\" />\\r\\n                        </xs:appinfo>\\r\\n                      </xs:annotation>\\r\\n                    </xs:element>\\r\\n                    <xs:element name=\\\"ItemOrdered\\\" type=\\\"xs:string\\\">\\r\\n                      <xs:annotation>\\r\\n                        <xs:appinfo>\\r\\n                          <b:fieldInfo sequence_number=\\\"2\\\" justification=\\\"left\\\" />\\r\\n                        </xs:appinfo>\\r\\n                      </xs:annotation>\\r\\n                    </xs:element>\\r\\n                    <xs:element name=\\\"Quantity\\\" type=\\\"xs:string\\\">\\r\\n                      <xs:annotation>\\r\\n                        <xs:appinfo>\\r\\n                          <b:fieldInfo sequence_number=\\\"3\\\" justification=\\\"left\\\" />\\r\\n                        </xs:appinfo>\\r\\n                      </xs:annotation>\\r\\n                    </xs:element>\\r\\n                    <xs:element name=\\\"UOM\\\" type=\\\"xs:string\\\">\\r\\n                      <xs:annotation>\\r\\n                        <xs:appinfo>\\r\\n                          <b:fieldInfo sequence_number=\\\"4\\\" justification=\\\"left\\\" />\\r\\n                        </xs:appinfo>\\r\\n                      </xs:annotation>\\r\\n                    </xs:element>\\r\\n                    <xs:element name=\\\"Price\\\" type=\\\"xs:string\\\">\\r\\n                      <xs:annotation>\\r\\n                        <xs:appinfo>\\r\\n                          <b:fieldInfo sequence_number=\\\"5\\\" justification=\\\"left\\\" />\\r\\n                        </xs:appinfo>\\r\\n                      </xs:annotation>\\r\\n                    </xs:element>\\r\\n                    <xs:element name=\\\"ExtendedPrice\\\" type=\\\"xs:string\\\">\\r\\n                      <xs:annotation>\\r\\n                        <xs:appinfo>\\r\\n                          <b:fieldInfo sequence_number=\\\"6\\\" justification=\\\"left\\\" />\\r\\n                        </xs:appinfo>\\r\\n                      </xs:annotation>\\r\\n                    </xs:element>\\r\\n                    <xs:element name=\\\"Description\\\" type=\\\"xs:string\\\">\\r\\n                      <xs:annotation>\\r\\n                        <xs:appinfo>\\r\\n                          <b:fieldInfo sequence_number=\\\"7\\\" justification=\\\"left\\\" />\\r\\n                        </xs:appinfo>\\r\\n                      </xs:annotation>\\r\\n                    </xs:element>\\r\\n                  </xs:sequence>\\r\\n                </xs:complexType>\\r\\n              </xs:element>\\r\\n            </xs:sequence>\\r\\n          </xs:complexType>\\r\\n        </xs:element>\\r\\n      </xs:sequence>\\r\\n    </xs:complexType>\\r\\n  </xs:element>\\r\\n</xs:schema>\",\r\n    \"contentType\": \"application/xml\"\r\n  }\r\n}",
      "RequestHeaders": {
        "Content-Type": [
          "application/json; charset=utf-8"
        ],
        "Content-Length": [
          "8539"
        ],
        "x-ms-client-request-id": [
          "2ceea385-cb8f-47e0-bf6b-4a79d0d3b37a"
        ],
        "accept-language": [
          "en-US"
        ],
        "User-Agent": [
          "FxVersion/4.7.3190.0",
          "OSName/Windows10Enterprise",
          "OSVersion/6.3.17763",
          "Microsoft.Azure.Management.Logic.LogicManagementClient/4.0.0.0"
        ]
      },
      "ResponseBody": "{\r\n  \"properties\": {\r\n    \"schemaType\": \"Xml\",\r\n    \"targetNamespace\": \"http://Inbound_EDI.OrderFile\",\r\n    \"documentName\": \"OrderFile\",\r\n    \"contentLink\": {\r\n      \"uri\": \"https://prod-04.brazilus.logic.azure.com:443/integrationAccounts/21c4893adc864046a8f0ca4ff3076f30/schemas/ps9075/contents/Value?api-version=2015-08-01-preview&se=2018-10-31T01%3A25%3A04.4253847Z&sp=%2Fschemas%2Fps9075%2Fread&sv=1.0&sig=WrBjqTHJaxPDH6uQnfj6ZYoC78p4d9LT0sa4a-PNeYw\",\r\n      \"contentSize\": 7901\r\n    },\r\n    \"createdTime\": \"2018-10-30T21:25:04.2688312Z\",\r\n    \"changedTime\": \"2018-10-30T21:25:04.2700741Z\"\r\n  },\r\n  \"id\": \"/subscriptions/f34b22a3-2202-4fb1-b040-1332bd928c84/resourceGroups/ps3938/providers/Microsoft.Logic/integrationAccounts/IA-ps2645/schemas/ps9075\",\r\n  \"name\": \"ps9075\",\r\n  \"type\": \"Microsoft.Logic/integrationAccounts/schemas\"\r\n}",
      "ResponseHeaders": {
        "Content-Length": [
          "745"
        ],
        "Content-Type": [
          "application/json; charset=utf-8"
        ],
        "Expires": [
          "-1"
        ],
        "Pragma": [
          "no-cache"
        ],
        "x-ms-request-id": [
          "brazilsouth:ec4c15bb-8273-4fe8-b98f-6ce92424735b"
        ],
        "Strict-Transport-Security": [
          "max-age=31536000; includeSubDomains"
        ],
        "x-ms-ratelimit-remaining-subscription-writes": [
          "1196"
        ],
        "x-ms-correlation-request-id": [
          "45c4f4ca-5600-42eb-92cd-63f0a3a90a38"
        ],
        "x-ms-routing-request-id": [
          "WESTUS2:20181030T212504Z:45c4f4ca-5600-42eb-92cd-63f0a3a90a38"
        ],
        "X-Content-Type-Options": [
          "nosniff"
        ],
        "Cache-Control": [
          "no-cache"
        ],
        "Date": [
          "Tue, 30 Oct 2018 21:25:03 GMT"
        ]
      },
      "StatusCode": 201
    },
    {
      "RequestUri": "/subscriptions/f34b22a3-2202-4fb1-b040-1332bd928c84/resourceGroups/ps3938/providers/Microsoft.Logic/integrationAccounts/IA-ps2645/schemas/ps3207?api-version=2018-07-01-preview",
      "EncodedRequestUri": "L3N1YnNjcmlwdGlvbnMvZjM0YjIyYTMtMjIwMi00ZmIxLWIwNDAtMTMzMmJkOTI4Yzg0L3Jlc291cmNlR3JvdXBzL3BzMzkzOC9wcm92aWRlcnMvTWljcm9zb2Z0LkxvZ2ljL2ludGVncmF0aW9uQWNjb3VudHMvSUEtcHMyNjQ1L3NjaGVtYXMvcHMzMjA3P2FwaS12ZXJzaW9uPTIwMTgtMDctMDEtcHJldmlldw==",
      "RequestMethod": "GET",
      "RequestBody": "",
      "RequestHeaders": {
        "x-ms-client-request-id": [
          "6075508c-a299-45c4-bb84-1e7a61c653b4"
        ],
        "accept-language": [
          "en-US"
        ],
        "User-Agent": [
          "FxVersion/4.7.3190.0",
          "OSName/Windows10Enterprise",
          "OSVersion/6.3.17763",
          "Microsoft.Azure.Management.Logic.LogicManagementClient/4.0.0.0"
        ]
      },
      "ResponseBody": "{\r\n  \"error\": {\r\n    \"code\": \"SchemaNotFound\",\r\n    \"message\": \"The schema 'ps3207' could not be found in integration account 'IA-ps2645'.\"\r\n  }\r\n}",
      "ResponseHeaders": {
        "Content-Length": [
          "122"
        ],
        "Content-Type": [
          "application/json; charset=utf-8"
        ],
        "Expires": [
          "-1"
        ],
        "Pragma": [
          "no-cache"
        ],
        "x-ms-request-id": [
          "brazilsouth:5042ddfa-c8a0-4c85-b3bb-8f9ccac6a84e"
        ],
        "Strict-Transport-Security": [
          "max-age=31536000; includeSubDomains"
        ],
        "x-ms-ratelimit-remaining-subscription-reads": [
          "11995"
        ],
        "x-ms-correlation-request-id": [
          "bf7ea7df-0507-4058-9799-7a8c8d8b507d"
        ],
        "x-ms-routing-request-id": [
          "WESTUS2:20181030T212504Z:bf7ea7df-0507-4058-9799-7a8c8d8b507d"
        ],
        "X-Content-Type-Options": [
          "nosniff"
        ],
        "Cache-Control": [
          "no-cache"
        ],
        "Date": [
          "Tue, 30 Oct 2018 21:25:03 GMT"
        ]
      },
      "StatusCode": 404
    },
    {
      "RequestUri": "/subscriptions/f34b22a3-2202-4fb1-b040-1332bd928c84/resourceGroups/ps3938/providers/Microsoft.Logic/integrationAccounts/IA-ps2645/schemas/ps3207?api-version=2018-07-01-preview",
      "EncodedRequestUri": "L3N1YnNjcmlwdGlvbnMvZjM0YjIyYTMtMjIwMi00ZmIxLWIwNDAtMTMzMmJkOTI4Yzg0L3Jlc291cmNlR3JvdXBzL3BzMzkzOC9wcm92aWRlcnMvTWljcm9zb2Z0LkxvZ2ljL2ludGVncmF0aW9uQWNjb3VudHMvSUEtcHMyNjQ1L3NjaGVtYXMvcHMzMjA3P2FwaS12ZXJzaW9uPTIwMTgtMDctMDEtcHJldmlldw==",
      "RequestMethod": "PUT",
      "RequestBody": "{\r\n  \"properties\": {\r\n    \"schemaType\": \"Xml\",\r\n    \"content\": \"<?xml version=\\\"1.0\\\" encoding=\\\"utf-16\\\"?>\\r\\n<xs:schema xmlns:b=\\\"http://schemas.microsoft.com/BizTalk/2003\\\" xmlns=\\\"http://Inbound_EDI.OrderFile\\\" targetNamespace=\\\"http://Inbound_EDI.OrderFile\\\" xmlns:xs=\\\"http://www.w3.org/2001/XMLSchema\\\">\\r\\n  <xs:annotation>\\r\\n    <xs:appinfo>\\r\\n      <b:schemaInfo default_pad_char=\\\" \\\" count_positions_by_byte=\\\"false\\\" parser_optimization=\\\"speed\\\" lookahead_depth=\\\"3\\\" suppress_empty_nodes=\\\"false\\\" generate_empty_nodes=\\\"true\\\" allow_early_termination=\\\"false\\\" early_terminate_optional_fields=\\\"false\\\" allow_message_breakup_of_infix_root=\\\"false\\\" compile_parse_tables=\\\"false\\\" standard=\\\"Flat File\\\" root_reference=\\\"OrderFile\\\" />\\r\\n      <schemaEditorExtension:schemaInfo namespaceAlias=\\\"b\\\" extensionClass=\\\"Microsoft.BizTalk.FlatFileExtension.FlatFileExtension\\\" standardName=\\\"Flat File\\\" xmlns:schemaEditorExtension=\\\"http://schemas.microsoft.com/BizTalk/2003/SchemaEditorExtensions\\\" />\\r\\n    </xs:appinfo>\\r\\n  </xs:annotation>\\r\\n  <xs:element name=\\\"OrderFile\\\">\\r\\n    <xs:annotation>\\r\\n      <xs:appinfo>\\r\\n        <b:recordInfo structure=\\\"delimited\\\" preserve_delimiter_for_empty_data=\\\"true\\\" suppress_trailing_delimiters=\\\"false\\\" sequence_number=\\\"1\\\" />\\r\\n      </xs:appinfo>\\r\\n    </xs:annotation>\\r\\n    <xs:complexType>\\r\\n      <xs:sequence>\\r\\n        <xs:annotation>\\r\\n          <xs:appinfo>\\r\\n            <b:groupInfo sequence_number=\\\"0\\\" />\\r\\n          </xs:appinfo>\\r\\n        </xs:annotation>\\r\\n        <xs:element name=\\\"Order\\\">\\r\\n          <xs:annotation>\\r\\n            <xs:appinfo>\\r\\n              <b:recordInfo sequence_number=\\\"1\\\" structure=\\\"delimited\\\" preserve_delimiter_for_empty_data=\\\"true\\\" suppress_trailing_delimiters=\\\"false\\\" child_delimiter_type=\\\"hex\\\" child_delimiter=\\\"0x0D 0x0A\\\" child_order=\\\"infix\\\" />\\r\\n            </xs:appinfo>\\r\\n          </xs:annotation>\\r\\n          <xs:complexType>\\r\\n            <xs:sequence>\\r\\n              <xs:annotation>\\r\\n                <xs:appinfo>\\r\\n                  <b:groupInfo sequence_number=\\\"0\\\" />\\r\\n                </xs:appinfo>\\r\\n              </xs:annotation>\\r\\n              <xs:element name=\\\"Header\\\">\\r\\n                <xs:annotation>\\r\\n                  <xs:appinfo>\\r\\n                    <b:recordInfo sequence_number=\\\"1\\\" structure=\\\"delimited\\\" preserve_delimiter_for_empty_data=\\\"true\\\" suppress_trailing_delimiters=\\\"false\\\" child_delimiter_type=\\\"char\\\" child_delimiter=\\\"|\\\" child_order=\\\"infix\\\" tag_name=\\\"HDR|\\\" />\\r\\n                  </xs:appinfo>\\r\\n                </xs:annotation>\\r\\n                <xs:complexType>\\r\\n                  <xs:sequence>\\r\\n                    <xs:annotation>\\r\\n                      <xs:appinfo>\\r\\n                        <b:groupInfo sequence_number=\\\"0\\\" />\\r\\n                      </xs:appinfo>\\r\\n                    </xs:annotation>\\r\\n                    <xs:element name=\\\"PODate\\\" type=\\\"xs:string\\\">\\r\\n                      <xs:annotation>\\r\\n                        <xs:appinfo>\\r\\n                          <b:fieldInfo sequence_number=\\\"1\\\" justification=\\\"left\\\" />\\r\\n                        </xs:appinfo>\\r\\n                      </xs:annotation>\\r\\n                    </xs:element>\\r\\n                    <xs:element name=\\\"PONumber\\\" type=\\\"xs:string\\\">\\r\\n                      <xs:annotation>\\r\\n                        <xs:appinfo>\\r\\n                          <b:fieldInfo justification=\\\"left\\\" sequence_number=\\\"2\\\" />\\r\\n                        </xs:appinfo>\\r\\n                      </xs:annotation>\\r\\n                    </xs:element>\\r\\n                    <xs:element name=\\\"CustomerID\\\" type=\\\"xs:string\\\">\\r\\n                      <xs:annotation>\\r\\n                        <xs:appinfo>\\r\\n                          <b:fieldInfo sequence_number=\\\"3\\\" justification=\\\"left\\\" />\\r\\n                        </xs:appinfo>\\r\\n                      </xs:annotation>\\r\\n                    </xs:element>\\r\\n                    <xs:element name=\\\"CustomerContactName\\\" type=\\\"xs:string\\\">\\r\\n                      <xs:annotation>\\r\\n                        <xs:appinfo>\\r\\n                          <b:fieldInfo sequence_number=\\\"4\\\" justification=\\\"left\\\" />\\r\\n                        </xs:appinfo>\\r\\n                      </xs:annotation>\\r\\n                    </xs:element>\\r\\n                    <xs:element name=\\\"CustomerContactPhone\\\" type=\\\"xs:string\\\">\\r\\n                      <xs:annotation>\\r\\n                        <xs:appinfo>\\r\\n                          <b:fieldInfo sequence_number=\\\"5\\\" justification=\\\"left\\\" />\\r\\n                        </xs:appinfo>\\r\\n                      </xs:annotation>\\r\\n                    </xs:element>\\r\\n                  </xs:sequence>\\r\\n                </xs:complexType>\\r\\n              </xs:element>\\r\\n              <xs:element minOccurs=\\\"1\\\" maxOccurs=\\\"unbounded\\\" name=\\\"LineItems\\\">\\r\\n                <xs:annotation>\\r\\n                  <xs:appinfo>\\r\\n                    <b:recordInfo sequence_number=\\\"2\\\" structure=\\\"delimited\\\" preserve_delimiter_for_empty_data=\\\"true\\\" suppress_trailing_delimiters=\\\"false\\\" child_delimiter_type=\\\"char\\\" child_delimiter=\\\"|\\\" child_order=\\\"infix\\\" tag_name=\\\"DTL|\\\" />\\r\\n                  </xs:appinfo>\\r\\n                </xs:annotation>\\r\\n                <xs:complexType>\\r\\n                  <xs:sequence>\\r\\n                    <xs:annotation>\\r\\n                      <xs:appinfo>\\r\\n                        <b:groupInfo sequence_number=\\\"0\\\" />\\r\\n                      </xs:appinfo>\\r\\n                    </xs:annotation>\\r\\n                    <xs:element name=\\\"PONumber\\\" type=\\\"xs:string\\\">\\r\\n                      <xs:annotation>\\r\\n                        <xs:appinfo>\\r\\n                          <b:fieldInfo sequence_number=\\\"1\\\" justification=\\\"left\\\" />\\r\\n                        </xs:appinfo>\\r\\n                      </xs:annotation>\\r\\n                    </xs:element>\\r\\n                    <xs:element name=\\\"ItemOrdered\\\" type=\\\"xs:string\\\">\\r\\n                      <xs:annotation>\\r\\n                        <xs:appinfo>\\r\\n                          <b:fieldInfo sequence_number=\\\"2\\\" justification=\\\"left\\\" />\\r\\n                        </xs:appinfo>\\r\\n                      </xs:annotation>\\r\\n                    </xs:element>\\r\\n                    <xs:element name=\\\"Quantity\\\" type=\\\"xs:string\\\">\\r\\n                      <xs:annotation>\\r\\n                        <xs:appinfo>\\r\\n                          <b:fieldInfo sequence_number=\\\"3\\\" justification=\\\"left\\\" />\\r\\n                        </xs:appinfo>\\r\\n                      </xs:annotation>\\r\\n                    </xs:element>\\r\\n                    <xs:element name=\\\"UOM\\\" type=\\\"xs:string\\\">\\r\\n                      <xs:annotation>\\r\\n                        <xs:appinfo>\\r\\n                          <b:fieldInfo sequence_number=\\\"4\\\" justification=\\\"left\\\" />\\r\\n                        </xs:appinfo>\\r\\n                      </xs:annotation>\\r\\n                    </xs:element>\\r\\n                    <xs:element name=\\\"Price\\\" type=\\\"xs:string\\\">\\r\\n                      <xs:annotation>\\r\\n                        <xs:appinfo>\\r\\n                          <b:fieldInfo sequence_number=\\\"5\\\" justification=\\\"left\\\" />\\r\\n                        </xs:appinfo>\\r\\n                      </xs:annotation>\\r\\n                    </xs:element>\\r\\n                    <xs:element name=\\\"ExtendedPrice\\\" type=\\\"xs:string\\\">\\r\\n                      <xs:annotation>\\r\\n                        <xs:appinfo>\\r\\n                          <b:fieldInfo sequence_number=\\\"6\\\" justification=\\\"left\\\" />\\r\\n                        </xs:appinfo>\\r\\n                      </xs:annotation>\\r\\n                    </xs:element>\\r\\n                    <xs:element name=\\\"Description\\\" type=\\\"xs:string\\\">\\r\\n                      <xs:annotation>\\r\\n                        <xs:appinfo>\\r\\n                          <b:fieldInfo sequence_number=\\\"7\\\" justification=\\\"left\\\" />\\r\\n                        </xs:appinfo>\\r\\n                      </xs:annotation>\\r\\n                    </xs:element>\\r\\n                  </xs:sequence>\\r\\n                </xs:complexType>\\r\\n              </xs:element>\\r\\n            </xs:sequence>\\r\\n          </xs:complexType>\\r\\n        </xs:element>\\r\\n      </xs:sequence>\\r\\n    </xs:complexType>\\r\\n  </xs:element>\\r\\n</xs:schema>\",\r\n    \"contentType\": \"application/xml\"\r\n  }\r\n}",
      "RequestHeaders": {
        "Content-Type": [
          "application/json; charset=utf-8"
        ],
        "Content-Length": [
          "8539"
        ],
        "x-ms-client-request-id": [
          "87f76664-d53e-47c2-ad98-70666187830f"
        ],
        "accept-language": [
          "en-US"
        ],
        "User-Agent": [
          "FxVersion/4.7.3190.0",
          "OSName/Windows10Enterprise",
          "OSVersion/6.3.17763",
          "Microsoft.Azure.Management.Logic.LogicManagementClient/4.0.0.0"
        ]
      },
      "ResponseBody": "{\r\n  \"properties\": {\r\n    \"schemaType\": \"Xml\",\r\n    \"targetNamespace\": \"http://Inbound_EDI.OrderFile\",\r\n    \"documentName\": \"OrderFile\",\r\n    \"contentLink\": {\r\n      \"uri\": \"https://prod-04.brazilus.logic.azure.com:443/integrationAccounts/21c4893adc864046a8f0ca4ff3076f30/schemas/ps3207/contents/Value?api-version=2015-08-01-preview&se=2018-10-31T01%3A25%3A04.8316473Z&sp=%2Fschemas%2Fps3207%2Fread&sv=1.0&sig=P2ISqNBDAdJt3sM8rqSa0CjYAQmc7PM2YHXlQBQiH78\",\r\n      \"contentSize\": 7901\r\n    },\r\n    \"createdTime\": \"2018-10-30T21:25:04.8225811Z\",\r\n    \"changedTime\": \"2018-10-30T21:25:04.8233058Z\"\r\n  },\r\n  \"id\": \"/subscriptions/f34b22a3-2202-4fb1-b040-1332bd928c84/resourceGroups/ps3938/providers/Microsoft.Logic/integrationAccounts/IA-ps2645/schemas/ps3207\",\r\n  \"name\": \"ps3207\",\r\n  \"type\": \"Microsoft.Logic/integrationAccounts/schemas\"\r\n}",
      "ResponseHeaders": {
        "Content-Length": [
          "745"
        ],
        "Content-Type": [
          "application/json; charset=utf-8"
        ],
        "Expires": [
          "-1"
        ],
        "Pragma": [
          "no-cache"
        ],
        "x-ms-request-id": [
          "brazilsouth:00eb7f7b-a6e8-4056-a82a-7811d0448f49"
        ],
        "Strict-Transport-Security": [
          "max-age=31536000; includeSubDomains"
        ],
        "x-ms-ratelimit-remaining-subscription-writes": [
          "1195"
        ],
        "x-ms-correlation-request-id": [
          "c7d1443b-dc58-43b3-92fa-1262ba6dfa74"
        ],
        "x-ms-routing-request-id": [
          "WESTUS2:20181030T212504Z:c7d1443b-dc58-43b3-92fa-1262ba6dfa74"
        ],
        "X-Content-Type-Options": [
          "nosniff"
        ],
        "Cache-Control": [
          "no-cache"
        ],
        "Date": [
          "Tue, 30 Oct 2018 21:25:04 GMT"
        ]
      },
      "StatusCode": 201
    },
    {
      "RequestUri": "/subscriptions/f34b22a3-2202-4fb1-b040-1332bd928c84/resourceGroups/ps3938/providers/Microsoft.Logic/integrationAccounts/IA-ps2645/schemas/ps6792?api-version=2018-07-01-preview",
      "EncodedRequestUri": "L3N1YnNjcmlwdGlvbnMvZjM0YjIyYTMtMjIwMi00ZmIxLWIwNDAtMTMzMmJkOTI4Yzg0L3Jlc291cmNlR3JvdXBzL3BzMzkzOC9wcm92aWRlcnMvTWljcm9zb2Z0LkxvZ2ljL2ludGVncmF0aW9uQWNjb3VudHMvSUEtcHMyNjQ1L3NjaGVtYXMvcHM2NzkyP2FwaS12ZXJzaW9uPTIwMTgtMDctMDEtcHJldmlldw==",
      "RequestMethod": "GET",
      "RequestBody": "",
      "RequestHeaders": {
        "x-ms-client-request-id": [
          "dfa34c44-97dd-49bc-bd32-afb99e771a54"
        ],
        "accept-language": [
          "en-US"
        ],
        "User-Agent": [
          "FxVersion/4.7.3190.0",
          "OSName/Windows10Enterprise",
          "OSVersion/6.3.17763",
          "Microsoft.Azure.Management.Logic.LogicManagementClient/4.0.0.0"
        ]
      },
      "ResponseBody": "{\r\n  \"error\": {\r\n    \"code\": \"SchemaNotFound\",\r\n    \"message\": \"The schema 'ps6792' could not be found in integration account 'IA-ps2645'.\"\r\n  }\r\n}",
      "ResponseHeaders": {
        "Content-Length": [
          "122"
        ],
        "Content-Type": [
          "application/json; charset=utf-8"
        ],
        "Expires": [
          "-1"
        ],
        "Pragma": [
          "no-cache"
        ],
        "x-ms-request-id": [
          "brazilsouth:f994c133-8703-4ce9-a2b6-424f539d694c"
        ],
        "Strict-Transport-Security": [
          "max-age=31536000; includeSubDomains"
        ],
        "x-ms-ratelimit-remaining-subscription-reads": [
          "11993"
        ],
        "x-ms-correlation-request-id": [
          "8390db35-6f0b-4b1a-afc7-54b209c7fd09"
        ],
        "x-ms-routing-request-id": [
          "WESTUS2:20181030T212505Z:8390db35-6f0b-4b1a-afc7-54b209c7fd09"
        ],
        "X-Content-Type-Options": [
          "nosniff"
        ],
        "Cache-Control": [
          "no-cache"
        ],
        "Date": [
          "Tue, 30 Oct 2018 21:25:04 GMT"
        ]
      },
      "StatusCode": 404
    },
    {
      "RequestUri": "/subscriptions/f34b22a3-2202-4fb1-b040-1332bd928c84/resourceGroups/ps3938/providers/Microsoft.Logic/integrationAccounts/IA-ps2645/schemas/ps6792?api-version=2018-07-01-preview",
      "EncodedRequestUri": "L3N1YnNjcmlwdGlvbnMvZjM0YjIyYTMtMjIwMi00ZmIxLWIwNDAtMTMzMmJkOTI4Yzg0L3Jlc291cmNlR3JvdXBzL3BzMzkzOC9wcm92aWRlcnMvTWljcm9zb2Z0LkxvZ2ljL2ludGVncmF0aW9uQWNjb3VudHMvSUEtcHMyNjQ1L3NjaGVtYXMvcHM2NzkyP2FwaS12ZXJzaW9uPTIwMTgtMDctMDEtcHJldmlldw==",
      "RequestMethod": "PUT",
      "RequestBody": "{\r\n  \"properties\": {\r\n    \"schemaType\": \"Xml\",\r\n    \"content\": \"<?xml version=\\\"1.0\\\" encoding=\\\"utf-16\\\"?>\\r\\n<xs:schema xmlns:b=\\\"http://schemas.microsoft.com/BizTalk/2003\\\" xmlns=\\\"http://Inbound_EDI.OrderFile\\\" targetNamespace=\\\"http://Inbound_EDI.OrderFile\\\" xmlns:xs=\\\"http://www.w3.org/2001/XMLSchema\\\">\\r\\n  <xs:annotation>\\r\\n    <xs:appinfo>\\r\\n      <b:schemaInfo default_pad_char=\\\" \\\" count_positions_by_byte=\\\"false\\\" parser_optimization=\\\"speed\\\" lookahead_depth=\\\"3\\\" suppress_empty_nodes=\\\"false\\\" generate_empty_nodes=\\\"true\\\" allow_early_termination=\\\"false\\\" early_terminate_optional_fields=\\\"false\\\" allow_message_breakup_of_infix_root=\\\"false\\\" compile_parse_tables=\\\"false\\\" standard=\\\"Flat File\\\" root_reference=\\\"OrderFile\\\" />\\r\\n      <schemaEditorExtension:schemaInfo namespaceAlias=\\\"b\\\" extensionClass=\\\"Microsoft.BizTalk.FlatFileExtension.FlatFileExtension\\\" standardName=\\\"Flat File\\\" xmlns:schemaEditorExtension=\\\"http://schemas.microsoft.com/BizTalk/2003/SchemaEditorExtensions\\\" />\\r\\n    </xs:appinfo>\\r\\n  </xs:annotation>\\r\\n  <xs:element name=\\\"OrderFile\\\">\\r\\n    <xs:annotation>\\r\\n      <xs:appinfo>\\r\\n        <b:recordInfo structure=\\\"delimited\\\" preserve_delimiter_for_empty_data=\\\"true\\\" suppress_trailing_delimiters=\\\"false\\\" sequence_number=\\\"1\\\" />\\r\\n      </xs:appinfo>\\r\\n    </xs:annotation>\\r\\n    <xs:complexType>\\r\\n      <xs:sequence>\\r\\n        <xs:annotation>\\r\\n          <xs:appinfo>\\r\\n            <b:groupInfo sequence_number=\\\"0\\\" />\\r\\n          </xs:appinfo>\\r\\n        </xs:annotation>\\r\\n        <xs:element name=\\\"Order\\\">\\r\\n          <xs:annotation>\\r\\n            <xs:appinfo>\\r\\n              <b:recordInfo sequence_number=\\\"1\\\" structure=\\\"delimited\\\" preserve_delimiter_for_empty_data=\\\"true\\\" suppress_trailing_delimiters=\\\"false\\\" child_delimiter_type=\\\"hex\\\" child_delimiter=\\\"0x0D 0x0A\\\" child_order=\\\"infix\\\" />\\r\\n            </xs:appinfo>\\r\\n          </xs:annotation>\\r\\n          <xs:complexType>\\r\\n            <xs:sequence>\\r\\n              <xs:annotation>\\r\\n                <xs:appinfo>\\r\\n                  <b:groupInfo sequence_number=\\\"0\\\" />\\r\\n                </xs:appinfo>\\r\\n              </xs:annotation>\\r\\n              <xs:element name=\\\"Header\\\">\\r\\n                <xs:annotation>\\r\\n                  <xs:appinfo>\\r\\n                    <b:recordInfo sequence_number=\\\"1\\\" structure=\\\"delimited\\\" preserve_delimiter_for_empty_data=\\\"true\\\" suppress_trailing_delimiters=\\\"false\\\" child_delimiter_type=\\\"char\\\" child_delimiter=\\\"|\\\" child_order=\\\"infix\\\" tag_name=\\\"HDR|\\\" />\\r\\n                  </xs:appinfo>\\r\\n                </xs:annotation>\\r\\n                <xs:complexType>\\r\\n                  <xs:sequence>\\r\\n                    <xs:annotation>\\r\\n                      <xs:appinfo>\\r\\n                        <b:groupInfo sequence_number=\\\"0\\\" />\\r\\n                      </xs:appinfo>\\r\\n                    </xs:annotation>\\r\\n                    <xs:element name=\\\"PODate\\\" type=\\\"xs:string\\\">\\r\\n                      <xs:annotation>\\r\\n                        <xs:appinfo>\\r\\n                          <b:fieldInfo sequence_number=\\\"1\\\" justification=\\\"left\\\" />\\r\\n                        </xs:appinfo>\\r\\n                      </xs:annotation>\\r\\n                    </xs:element>\\r\\n                    <xs:element name=\\\"PONumber\\\" type=\\\"xs:string\\\">\\r\\n                      <xs:annotation>\\r\\n                        <xs:appinfo>\\r\\n                          <b:fieldInfo justification=\\\"left\\\" sequence_number=\\\"2\\\" />\\r\\n                        </xs:appinfo>\\r\\n                      </xs:annotation>\\r\\n                    </xs:element>\\r\\n                    <xs:element name=\\\"CustomerID\\\" type=\\\"xs:string\\\">\\r\\n                      <xs:annotation>\\r\\n                        <xs:appinfo>\\r\\n                          <b:fieldInfo sequence_number=\\\"3\\\" justification=\\\"left\\\" />\\r\\n                        </xs:appinfo>\\r\\n                      </xs:annotation>\\r\\n                    </xs:element>\\r\\n                    <xs:element name=\\\"CustomerContactName\\\" type=\\\"xs:string\\\">\\r\\n                      <xs:annotation>\\r\\n                        <xs:appinfo>\\r\\n                          <b:fieldInfo sequence_number=\\\"4\\\" justification=\\\"left\\\" />\\r\\n                        </xs:appinfo>\\r\\n                      </xs:annotation>\\r\\n                    </xs:element>\\r\\n                    <xs:element name=\\\"CustomerContactPhone\\\" type=\\\"xs:string\\\">\\r\\n                      <xs:annotation>\\r\\n                        <xs:appinfo>\\r\\n                          <b:fieldInfo sequence_number=\\\"5\\\" justification=\\\"left\\\" />\\r\\n                        </xs:appinfo>\\r\\n                      </xs:annotation>\\r\\n                    </xs:element>\\r\\n                  </xs:sequence>\\r\\n                </xs:complexType>\\r\\n              </xs:element>\\r\\n              <xs:element minOccurs=\\\"1\\\" maxOccurs=\\\"unbounded\\\" name=\\\"LineItems\\\">\\r\\n                <xs:annotation>\\r\\n                  <xs:appinfo>\\r\\n                    <b:recordInfo sequence_number=\\\"2\\\" structure=\\\"delimited\\\" preserve_delimiter_for_empty_data=\\\"true\\\" suppress_trailing_delimiters=\\\"false\\\" child_delimiter_type=\\\"char\\\" child_delimiter=\\\"|\\\" child_order=\\\"infix\\\" tag_name=\\\"DTL|\\\" />\\r\\n                  </xs:appinfo>\\r\\n                </xs:annotation>\\r\\n                <xs:complexType>\\r\\n                  <xs:sequence>\\r\\n                    <xs:annotation>\\r\\n                      <xs:appinfo>\\r\\n                        <b:groupInfo sequence_number=\\\"0\\\" />\\r\\n                      </xs:appinfo>\\r\\n                    </xs:annotation>\\r\\n                    <xs:element name=\\\"PONumber\\\" type=\\\"xs:string\\\">\\r\\n                      <xs:annotation>\\r\\n                        <xs:appinfo>\\r\\n                          <b:fieldInfo sequence_number=\\\"1\\\" justification=\\\"left\\\" />\\r\\n                        </xs:appinfo>\\r\\n                      </xs:annotation>\\r\\n                    </xs:element>\\r\\n                    <xs:element name=\\\"ItemOrdered\\\" type=\\\"xs:string\\\">\\r\\n                      <xs:annotation>\\r\\n                        <xs:appinfo>\\r\\n                          <b:fieldInfo sequence_number=\\\"2\\\" justification=\\\"left\\\" />\\r\\n                        </xs:appinfo>\\r\\n                      </xs:annotation>\\r\\n                    </xs:element>\\r\\n                    <xs:element name=\\\"Quantity\\\" type=\\\"xs:string\\\">\\r\\n                      <xs:annotation>\\r\\n                        <xs:appinfo>\\r\\n                          <b:fieldInfo sequence_number=\\\"3\\\" justification=\\\"left\\\" />\\r\\n                        </xs:appinfo>\\r\\n                      </xs:annotation>\\r\\n                    </xs:element>\\r\\n                    <xs:element name=\\\"UOM\\\" type=\\\"xs:string\\\">\\r\\n                      <xs:annotation>\\r\\n                        <xs:appinfo>\\r\\n                          <b:fieldInfo sequence_number=\\\"4\\\" justification=\\\"left\\\" />\\r\\n                        </xs:appinfo>\\r\\n                      </xs:annotation>\\r\\n                    </xs:element>\\r\\n                    <xs:element name=\\\"Price\\\" type=\\\"xs:string\\\">\\r\\n                      <xs:annotation>\\r\\n                        <xs:appinfo>\\r\\n                          <b:fieldInfo sequence_number=\\\"5\\\" justification=\\\"left\\\" />\\r\\n                        </xs:appinfo>\\r\\n                      </xs:annotation>\\r\\n                    </xs:element>\\r\\n                    <xs:element name=\\\"ExtendedPrice\\\" type=\\\"xs:string\\\">\\r\\n                      <xs:annotation>\\r\\n                        <xs:appinfo>\\r\\n                          <b:fieldInfo sequence_number=\\\"6\\\" justification=\\\"left\\\" />\\r\\n                        </xs:appinfo>\\r\\n                      </xs:annotation>\\r\\n                    </xs:element>\\r\\n                    <xs:element name=\\\"Description\\\" type=\\\"xs:string\\\">\\r\\n                      <xs:annotation>\\r\\n                        <xs:appinfo>\\r\\n                          <b:fieldInfo sequence_number=\\\"7\\\" justification=\\\"left\\\" />\\r\\n                        </xs:appinfo>\\r\\n                      </xs:annotation>\\r\\n                    </xs:element>\\r\\n                  </xs:sequence>\\r\\n                </xs:complexType>\\r\\n              </xs:element>\\r\\n            </xs:sequence>\\r\\n          </xs:complexType>\\r\\n        </xs:element>\\r\\n      </xs:sequence>\\r\\n    </xs:complexType>\\r\\n  </xs:element>\\r\\n</xs:schema>\",\r\n    \"contentType\": \"application/xml\"\r\n  }\r\n}",
      "RequestHeaders": {
        "Content-Type": [
          "application/json; charset=utf-8"
        ],
        "Content-Length": [
          "8539"
        ],
        "x-ms-client-request-id": [
          "3e17a3c5-9e7e-4209-9044-50d8e4c41250"
        ],
        "accept-language": [
          "en-US"
        ],
        "User-Agent": [
          "FxVersion/4.7.3190.0",
          "OSName/Windows10Enterprise",
          "OSVersion/6.3.17763",
          "Microsoft.Azure.Management.Logic.LogicManagementClient/4.0.0.0"
        ]
      },
      "ResponseBody": "{\r\n  \"properties\": {\r\n    \"schemaType\": \"Xml\",\r\n    \"targetNamespace\": \"http://Inbound_EDI.OrderFile\",\r\n    \"documentName\": \"OrderFile\",\r\n    \"contentLink\": {\r\n      \"uri\": \"https://prod-04.brazilus.logic.azure.com:443/integrationAccounts/21c4893adc864046a8f0ca4ff3076f30/schemas/ps6792/contents/Value?api-version=2015-08-01-preview&se=2018-10-31T01%3A25%3A05.2864607Z&sp=%2Fschemas%2Fps6792%2Fread&sv=1.0&sig=AcKWXuMweoSvVd6pla4Qc687Am3oHShKrIwqsb60VgQ\",\r\n      \"contentSize\": 7901\r\n    },\r\n    \"createdTime\": \"2018-10-30T21:25:05.2732068Z\",\r\n    \"changedTime\": \"2018-10-30T21:25:05.2740917Z\"\r\n  },\r\n  \"id\": \"/subscriptions/f34b22a3-2202-4fb1-b040-1332bd928c84/resourceGroups/ps3938/providers/Microsoft.Logic/integrationAccounts/IA-ps2645/schemas/ps6792\",\r\n  \"name\": \"ps6792\",\r\n  \"type\": \"Microsoft.Logic/integrationAccounts/schemas\"\r\n}",
      "ResponseHeaders": {
        "Content-Length": [
          "745"
        ],
        "Content-Type": [
          "application/json; charset=utf-8"
        ],
        "Expires": [
          "-1"
        ],
        "Pragma": [
          "no-cache"
        ],
        "x-ms-request-id": [
          "brazilsouth:1a309e4a-8708-4430-b2f7-ac64dd46a4ab"
        ],
        "Strict-Transport-Security": [
          "max-age=31536000; includeSubDomains"
        ],
        "x-ms-ratelimit-remaining-subscription-writes": [
          "1194"
        ],
        "x-ms-correlation-request-id": [
          "f8d0ae32-fcb3-4c47-a37a-f68dea2c092d"
        ],
        "x-ms-routing-request-id": [
          "WESTUS2:20181030T212505Z:f8d0ae32-fcb3-4c47-a37a-f68dea2c092d"
        ],
        "X-Content-Type-Options": [
          "nosniff"
        ],
        "Cache-Control": [
          "no-cache"
        ],
        "Date": [
          "Tue, 30 Oct 2018 21:25:04 GMT"
        ]
      },
      "StatusCode": 201
    },
    {
      "RequestUri": "/subscriptions/f34b22a3-2202-4fb1-b040-1332bd928c84/resourceGroups/ps3938/providers/Microsoft.Logic/integrationAccounts/IA-ps2645?api-version=2018-07-01-preview",
      "EncodedRequestUri": "L3N1YnNjcmlwdGlvbnMvZjM0YjIyYTMtMjIwMi00ZmIxLWIwNDAtMTMzMmJkOTI4Yzg0L3Jlc291cmNlR3JvdXBzL3BzMzkzOC9wcm92aWRlcnMvTWljcm9zb2Z0LkxvZ2ljL2ludGVncmF0aW9uQWNjb3VudHMvSUEtcHMyNjQ1P2FwaS12ZXJzaW9uPTIwMTgtMDctMDEtcHJldmlldw==",
      "RequestMethod": "DELETE",
      "RequestBody": "",
      "RequestHeaders": {
        "x-ms-client-request-id": [
          "76b26e5f-1204-4b9a-9750-fd8ef91d2ee4"
        ],
        "accept-language": [
          "en-US"
        ],
        "User-Agent": [
          "FxVersion/4.7.3190.0",
          "OSName/Windows10Enterprise",
          "OSVersion/6.3.17763",
          "Microsoft.Azure.Management.Logic.LogicManagementClient/4.0.0.0"
        ]
      },
      "ResponseBody": "",
      "ResponseHeaders": {
        "Content-Length": [
          "0"
        ],
        "Expires": [
          "-1"
        ],
        "Pragma": [
          "no-cache"
        ],
        "x-ms-request-id": [
          "brazilsouth:955b96d9-9699-4c6d-a149-90318e633728"
        ],
        "Strict-Transport-Security": [
          "max-age=31536000; includeSubDomains"
        ],
        "x-ms-ratelimit-remaining-subscription-deletes": [
          "14999"
        ],
        "x-ms-correlation-request-id": [
          "391f8179-e0ca-45ed-8870-27a71309bb44"
        ],
        "x-ms-routing-request-id": [
          "WESTUS2:20181030T212505Z:391f8179-e0ca-45ed-8870-27a71309bb44"
        ],
        "X-Content-Type-Options": [
          "nosniff"
        ],
        "Cache-Control": [
          "no-cache"
        ],
        "Date": [
          "Tue, 30 Oct 2018 21:25:05 GMT"
        ]
      },
      "StatusCode": 200
    }
  ],
  "Names": {
    "Test-CreateIntegrationAccountSchema": [
      "ps3938",
      "ps2645",
      "ps9075",
      "ps3207",
      "ps6792"
    ]
  },
  "Variables": {
    "SubscriptionId": "f34b22a3-2202-4fb1-b040-1332bd928c84"
  }
}