{
  "Entries": [
    {
      "RequestUri": "/subscriptions/12053b8f-cab5-4f5c-9c1a-870580142abd/resourcegroups/cdbrg-asst3?api-version=2016-09-01",
      "EncodedRequestUri": "L3N1YnNjcmlwdGlvbnMvMTIwNTNiOGYtY2FiNS00ZjVjLTljMWEtODcwNTgwMTQyYWJkL3Jlc291cmNlZ3JvdXBzL2NkYnJnLWFzc3QzP2FwaS12ZXJzaW9uPTIwMTYtMDktMDE=",
      "RequestMethod": "PUT",
      "RequestBody": "{\r\n  \"location\": \"East US 2\"\r\n}",
      "RequestHeaders": {
        "x-ms-client-request-id": [
          "b857f5c2-dc75-41fa-a6d6-c140339b4319"
        ],
        "Accept-Language": [
          "en-US"
        ],
        "User-Agent": [
          "FxVersion/4.6.28207.03",
          "OSName/Windows",
          "OSVersion/Microsoft.Windows.10.0.22000.",
          "Microsoft.Azure.Management.Internal.Resources.ResourceManagementClient/1.3.54"
        ],
        "Content-Type": [
          "application/json; charset=utf-8"
        ],
        "Content-Length": [
          "31"
        ]
      },
      "ResponseHeaders": {
        "Cache-Control": [
          "no-cache"
        ],
        "Pragma": [
          "no-cache"
        ],
        "x-ms-ratelimit-remaining-subscription-writes": [
          "1199"
        ],
        "x-ms-request-id": [
          "2bd70d59-e392-4e12-82b9-b362dd675f1d"
        ],
        "x-ms-correlation-request-id": [
          "2bd70d59-e392-4e12-82b9-b362dd675f1d"
        ],
        "x-ms-routing-request-id": [
          "SOUTHINDIA:20220308T173633Z:2bd70d59-e392-4e12-82b9-b362dd675f1d"
        ],
        "Strict-Transport-Security": [
          "max-age=31536000; includeSubDomains"
        ],
        "X-Content-Type-Options": [
          "nosniff"
        ],
        "Date": [
          "Tue, 08 Mar 2022 17:36:32 GMT"
        ],
        "Content-Length": [
          "176"
        ],
        "Content-Type": [
          "application/json; charset=utf-8"
        ],
        "Expires": [
          "-1"
        ]
      },
      "ResponseBody": "{\r\n  \"id\": \"/subscriptions/12053b8f-cab5-4f5c-9c1a-870580142abd/resourceGroups/cdbrg-asst3\",\r\n  \"name\": \"cdbrg-asst3\",\r\n  \"location\": \"eastus2\",\r\n  \"properties\": {\r\n    \"provisioningState\": \"Succeeded\"\r\n  }\r\n}",
      "StatusCode": 201
    },
    {
      "RequestUri": "/subscriptions/12053b8f-cab5-4f5c-9c1a-870580142abd/resourceGroups/cdbrg-asst3/providers/Microsoft.DocumentDB/databaseAccounts/cdbacct-asst3?api-version=2021-11-15-preview",
      "EncodedRequestUri": "L3N1YnNjcmlwdGlvbnMvMTIwNTNiOGYtY2FiNS00ZjVjLTljMWEtODcwNTgwMTQyYWJkL3Jlc291cmNlR3JvdXBzL2NkYnJnLWFzc3QzL3Byb3ZpZGVycy9NaWNyb3NvZnQuRG9jdW1lbnREQi9kYXRhYmFzZUFjY291bnRzL2NkYmFjY3QtYXNzdDM/YXBpLXZlcnNpb249MjAyMS0xMS0xNS1wcmV2aWV3",
      "RequestMethod": "GET",
      "RequestBody": "",
      "RequestHeaders": {
        "x-ms-client-request-id": [
          "a0b6b54b-a66c-41a6-a453-477c33d5afbb"
        ],
        "Accept-Language": [
          "en-US"
        ],
        "User-Agent": [
          "FxVersion/4.6.28207.03",
          "OSName/Windows",
          "OSVersion/Microsoft.Windows.10.0.22000.",
          "Microsoft.Azure.Management.CosmosDB.CosmosDBManagementClient/3.5.0.0"
        ]
      },
      "ResponseHeaders": {
        "Cache-Control": [
          "no-cache"
        ],
        "Pragma": [
          "no-cache"
        ],
        "x-ms-failure-cause": [
          "gateway"
        ],
        "x-ms-request-id": [
          "6b133ea5-2003-45b0-a7f3-4266f86ddea0"
        ],
        "x-ms-correlation-request-id": [
          "6b133ea5-2003-45b0-a7f3-4266f86ddea0"
        ],
        "x-ms-routing-request-id": [
          "SOUTHINDIA:20220308T173635Z:6b133ea5-2003-45b0-a7f3-4266f86ddea0"
        ],
        "Strict-Transport-Security": [
          "max-age=31536000; includeSubDomains"
        ],
        "X-Content-Type-Options": [
          "nosniff"
        ],
        "Date": [
          "Tue, 08 Mar 2022 17:36:34 GMT"
        ],
        "Content-Type": [
          "application/json; charset=utf-8"
        ],
        "Expires": [
          "-1"
        ],
        "Content-Length": [
          "234"
        ]
      },
      "ResponseBody": "{\r\n  \"error\": {\r\n    \"code\": \"ResourceNotFound\",\r\n    \"message\": \"The Resource 'Microsoft.DocumentDB/databaseAccounts/cdbacct-asst3' under resource group 'cdbrg-asst3' was not found. For more details please go to https://aka.ms/ARMResourceNotFoundFix\"\r\n  }\r\n}",
      "StatusCode": 404
    },
    {
      "RequestUri": "/subscriptions/12053b8f-cab5-4f5c-9c1a-870580142abd/resourceGroups/cdbrg-asst3/providers/Microsoft.DocumentDB/databaseAccounts/cdbacct-asst3?api-version=2021-11-15-preview",
      "EncodedRequestUri": "L3N1YnNjcmlwdGlvbnMvMTIwNTNiOGYtY2FiNS00ZjVjLTljMWEtODcwNTgwMTQyYWJkL3Jlc291cmNlR3JvdXBzL2NkYnJnLWFzc3QzL3Byb3ZpZGVycy9NaWNyb3NvZnQuRG9jdW1lbnREQi9kYXRhYmFzZUFjY291bnRzL2NkYmFjY3QtYXNzdDM/YXBpLXZlcnNpb249MjAyMS0xMS0xNS1wcmV2aWV3",
      "RequestMethod": "GET",
      "RequestBody": "",
      "RequestHeaders": {
        "x-ms-client-request-id": [
          "a0b6b54b-a66c-41a6-a453-477c33d5afbb"
        ],
        "User-Agent": [
          "FxVersion/4.6.28207.03",
          "OSName/Windows",
          "OSVersion/Microsoft.Windows.10.0.22000.",
          "Microsoft.Azure.Management.CosmosDB.CosmosDBManagementClient/3.5.0.0"
        ]
      },
      "ResponseHeaders": {
        "Cache-Control": [
          "no-store, no-cache"
        ],
        "Pragma": [
          "no-cache"
        ],
        "Strict-Transport-Security": [
          "max-age=31536000; includeSubDomains"
        ],
        "x-ms-gatewayversion": [
          "version=2.14.0"
        ],
        "Server": [
          "Microsoft-HTTPAPI/2.0"
        ],
        "x-ms-ratelimit-remaining-subscription-reads": [
          "11973"
        ],
        "x-ms-request-id": [
          "190715e4-69e9-4c25-8ce1-c4a3c42a83e4"
        ],
        "x-ms-correlation-request-id": [
          "190715e4-69e9-4c25-8ce1-c4a3c42a83e4"
        ],
        "x-ms-routing-request-id": [
          "SOUTHINDIA:20220308T173848Z:190715e4-69e9-4c25-8ce1-c4a3c42a83e4"
        ],
        "X-Content-Type-Options": [
          "nosniff"
        ],
        "Date": [
          "Tue, 08 Mar 2022 17:38:48 GMT"
        ],
        "Content-Length": [
          "2333"
        ],
        "Content-Type": [
          "application/json"
        ]
      },
      "ResponseBody": "{\r\n  \"id\": \"/subscriptions/12053b8f-cab5-4f5c-9c1a-870580142abd/resourceGroups/cdbrg-asst3/providers/Microsoft.DocumentDB/databaseAccounts/cdbacct-asst3\",\r\n  \"name\": \"cdbacct-asst3\",\r\n  \"location\": \"East US 2\",\r\n  \"type\": \"Microsoft.DocumentDB/databaseAccounts\",\r\n  \"kind\": \"GlobalDocumentDB\",\r\n  \"tags\": {},\r\n  \"systemData\": {\r\n    \"createdAt\": \"2022-03-08T17:38:06.4830395Z\"\r\n  },\r\n  \"properties\": {\r\n    \"provisioningState\": \"Succeeded\",\r\n    \"documentEndpoint\": \"https://cdbacct-asst3.documents.azure.com:443/\",\r\n    \"publicNetworkAccess\": \"Enabled\",\r\n    \"enableAutomaticFailover\": false,\r\n    \"enableMultipleWriteLocations\": false,\r\n    \"enablePartitionKeyMonitor\": false,\r\n    \"isVirtualNetworkFilterEnabled\": false,\r\n    \"virtualNetworkRules\": [],\r\n    \"EnabledApiTypes\": \"Sql\",\r\n    \"disableKeyBasedMetadataWriteAccess\": false,\r\n    \"enableFreeTier\": false,\r\n    \"enableAnalyticalStorage\": false,\r\n    \"analyticalStorageConfiguration\": {\r\n      \"schemaType\": \"WellDefined\"\r\n    },\r\n    \"instanceId\": \"d9100fa3-2a2b-42ed-92ae-5912fde45e43\",\r\n    \"databaseAccountOfferType\": \"Standard\",\r\n    \"enableCassandraConnector\": false,\r\n    \"connectorOffer\": \"\",\r\n    \"enableMaterializedViews\": false,\r\n    \"defaultIdentity\": \"FirstPartyIdentity\",\r\n    \"networkAclBypass\": \"None\",\r\n    \"disableLocalAuth\": false,\r\n    \"consistencyPolicy\": {\r\n      \"defaultConsistencyLevel\": \"Session\",\r\n      \"maxIntervalInSeconds\": 5,\r\n      \"maxStalenessPrefix\": 100\r\n    },\r\n    \"configurationOverrides\": {},\r\n    \"writeLocations\": [\r\n      {\r\n        \"id\": \"cdbacct-asst3-eastus2\",\r\n        \"locationName\": \"East US 2\",\r\n        \"documentEndpoint\": \"https://cdbacct-asst3-eastus2.documents.azure.com:443/\",\r\n        \"provisioningState\": \"Succeeded\",\r\n        \"failoverPriority\": 0,\r\n        \"isZoneRedundant\": false\r\n      }\r\n    ],\r\n    \"readLocations\": [\r\n      {\r\n        \"id\": \"cdbacct-asst3-eastus2\",\r\n        \"locationName\": \"East US 2\",\r\n        \"documentEndpoint\": \"https://cdbacct-asst3-eastus2.documents.azure.com:443/\",\r\n        \"provisioningState\": \"Succeeded\",\r\n        \"failoverPriority\": 0,\r\n        \"isZoneRedundant\": false\r\n      }\r\n    ],\r\n    \"locations\": [\r\n      {\r\n        \"id\": \"cdbacct-asst3-eastus2\",\r\n        \"locationName\": \"East US 2\",\r\n        \"documentEndpoint\": \"https://cdbacct-asst3-eastus2.documents.azure.com:443/\",\r\n        \"provisioningState\": \"Succeeded\",\r\n        \"failoverPriority\": 0,\r\n        \"isZoneRedundant\": false\r\n      }\r\n    ],\r\n    \"failoverPolicies\": [\r\n      {\r\n        \"id\": \"cdbacct-asst3-eastus2\",\r\n        \"locationName\": \"East US 2\",\r\n        \"failoverPriority\": 0\r\n      }\r\n    ],\r\n    \"cors\": [],\r\n    \"capabilities\": [],\r\n    \"ipRules\": [],\r\n    \"backupPolicy\": {\r\n      \"type\": \"Periodic\",\r\n      \"periodicModeProperties\": {\r\n        \"backupIntervalInMinutes\": 240,\r\n        \"backupRetentionIntervalInHours\": 8,\r\n        \"backupStorageRedundancy\": \"Geo\"\r\n      }\r\n    },\r\n    \"networkAclBypassResourceIds\": [],\r\n    \"diagnosticLogSettings\": {\r\n      \"enableFullTextQuery\": \"None\"\r\n    }\r\n  },\r\n  \"identity\": {\r\n    \"type\": \"None\"\r\n  }\r\n}",
      "StatusCode": 200
    },
    {
      "RequestUri": "/subscriptions/12053b8f-cab5-4f5c-9c1a-870580142abd/resourceGroups/cdbrg-asst3/providers/Microsoft.DocumentDB/databaseAccounts/cdbacct-asst3?api-version=2021-11-15-preview",
      "EncodedRequestUri": "L3N1YnNjcmlwdGlvbnMvMTIwNTNiOGYtY2FiNS00ZjVjLTljMWEtODcwNTgwMTQyYWJkL3Jlc291cmNlR3JvdXBzL2NkYnJnLWFzc3QzL3Byb3ZpZGVycy9NaWNyb3NvZnQuRG9jdW1lbnREQi9kYXRhYmFzZUFjY291bnRzL2NkYmFjY3QtYXNzdDM/YXBpLXZlcnNpb249MjAyMS0xMS0xNS1wcmV2aWV3",
      "RequestMethod": "GET",
      "RequestBody": "",
      "RequestHeaders": {
        "x-ms-client-request-id": [
          "8a396d21-0a6e-4297-b5c6-9ba628c40f83"
        ],
        "Accept-Language": [
          "en-US"
        ],
        "User-Agent": [
          "FxVersion/4.6.28207.03",
          "OSName/Windows",
          "OSVersion/Microsoft.Windows.10.0.22000.",
          "Microsoft.Azure.Management.CosmosDB.CosmosDBManagementClient/3.5.0.0"
        ]
      },
      "ResponseHeaders": {
        "Cache-Control": [
          "no-store, no-cache"
        ],
        "Pragma": [
          "no-cache"
        ],
        "Strict-Transport-Security": [
          "max-age=31536000; includeSubDomains"
        ],
        "x-ms-gatewayversion": [
          "version=2.14.0"
        ],
        "Server": [
          "Microsoft-HTTPAPI/2.0"
        ],
        "x-ms-ratelimit-remaining-subscription-reads": [
          "11972"
        ],
        "x-ms-request-id": [
          "25b4ae82-6c7e-4205-a726-00e9be70f4c0"
        ],
        "x-ms-correlation-request-id": [
          "25b4ae82-6c7e-4205-a726-00e9be70f4c0"
        ],
        "x-ms-routing-request-id": [
          "SOUTHINDIA:20220308T173849Z:25b4ae82-6c7e-4205-a726-00e9be70f4c0"
        ],
        "X-Content-Type-Options": [
          "nosniff"
        ],
        "Date": [
          "Tue, 08 Mar 2022 17:38:48 GMT"
        ],
        "Content-Length": [
          "2333"
        ],
        "Content-Type": [
          "application/json"
        ]
      },
      "ResponseBody": "{\r\n  \"id\": \"/subscriptions/12053b8f-cab5-4f5c-9c1a-870580142abd/resourceGroups/cdbrg-asst3/providers/Microsoft.DocumentDB/databaseAccounts/cdbacct-asst3\",\r\n  \"name\": \"cdbacct-asst3\",\r\n  \"location\": \"East US 2\",\r\n  \"type\": \"Microsoft.DocumentDB/databaseAccounts\",\r\n  \"kind\": \"GlobalDocumentDB\",\r\n  \"tags\": {},\r\n  \"systemData\": {\r\n    \"createdAt\": \"2022-03-08T17:38:06.4830395Z\"\r\n  },\r\n  \"properties\": {\r\n    \"provisioningState\": \"Succeeded\",\r\n    \"documentEndpoint\": \"https://cdbacct-asst3.documents.azure.com:443/\",\r\n    \"publicNetworkAccess\": \"Enabled\",\r\n    \"enableAutomaticFailover\": false,\r\n    \"enableMultipleWriteLocations\": false,\r\n    \"enablePartitionKeyMonitor\": false,\r\n    \"isVirtualNetworkFilterEnabled\": false,\r\n    \"virtualNetworkRules\": [],\r\n    \"EnabledApiTypes\": \"Sql\",\r\n    \"disableKeyBasedMetadataWriteAccess\": false,\r\n    \"enableFreeTier\": false,\r\n    \"enableAnalyticalStorage\": false,\r\n    \"analyticalStorageConfiguration\": {\r\n      \"schemaType\": \"WellDefined\"\r\n    },\r\n    \"instanceId\": \"d9100fa3-2a2b-42ed-92ae-5912fde45e43\",\r\n    \"databaseAccountOfferType\": \"Standard\",\r\n    \"enableCassandraConnector\": false,\r\n    \"connectorOffer\": \"\",\r\n    \"enableMaterializedViews\": false,\r\n    \"defaultIdentity\": \"FirstPartyIdentity\",\r\n    \"networkAclBypass\": \"None\",\r\n    \"disableLocalAuth\": false,\r\n    \"consistencyPolicy\": {\r\n      \"defaultConsistencyLevel\": \"Session\",\r\n      \"maxIntervalInSeconds\": 5,\r\n      \"maxStalenessPrefix\": 100\r\n    },\r\n    \"configurationOverrides\": {},\r\n    \"writeLocations\": [\r\n      {\r\n        \"id\": \"cdbacct-asst3-eastus2\",\r\n        \"locationName\": \"East US 2\",\r\n        \"documentEndpoint\": \"https://cdbacct-asst3-eastus2.documents.azure.com:443/\",\r\n        \"provisioningState\": \"Succeeded\",\r\n        \"failoverPriority\": 0,\r\n        \"isZoneRedundant\": false\r\n      }\r\n    ],\r\n    \"readLocations\": [\r\n      {\r\n        \"id\": \"cdbacct-asst3-eastus2\",\r\n        \"locationName\": \"East US 2\",\r\n        \"documentEndpoint\": \"https://cdbacct-asst3-eastus2.documents.azure.com:443/\",\r\n        \"provisioningState\": \"Succeeded\",\r\n        \"failoverPriority\": 0,\r\n        \"isZoneRedundant\": false\r\n      }\r\n    ],\r\n    \"locations\": [\r\n      {\r\n        \"id\": \"cdbacct-asst3-eastus2\",\r\n        \"locationName\": \"East US 2\",\r\n        \"documentEndpoint\": \"https://cdbacct-asst3-eastus2.documents.azure.com:443/\",\r\n        \"provisioningState\": \"Succeeded\",\r\n        \"failoverPriority\": 0,\r\n        \"isZoneRedundant\": false\r\n      }\r\n    ],\r\n    \"failoverPolicies\": [\r\n      {\r\n        \"id\": \"cdbacct-asst3-eastus2\",\r\n        \"locationName\": \"East US 2\",\r\n        \"failoverPriority\": 0\r\n      }\r\n    ],\r\n    \"cors\": [],\r\n    \"capabilities\": [],\r\n    \"ipRules\": [],\r\n    \"backupPolicy\": {\r\n      \"type\": \"Periodic\",\r\n      \"periodicModeProperties\": {\r\n        \"backupIntervalInMinutes\": 240,\r\n        \"backupRetentionIntervalInHours\": 8,\r\n        \"backupStorageRedundancy\": \"Geo\"\r\n      }\r\n    },\r\n    \"networkAclBypassResourceIds\": [],\r\n    \"diagnosticLogSettings\": {\r\n      \"enableFullTextQuery\": \"None\"\r\n    }\r\n  },\r\n  \"identity\": {\r\n    \"type\": \"None\"\r\n  }\r\n}",
      "StatusCode": 200
    },
    {
      "RequestUri": "/subscriptions/12053b8f-cab5-4f5c-9c1a-870580142abd/resourceGroups/cdbrg-asst3/providers/Microsoft.DocumentDB/databaseAccounts/cdbacct-asst3?api-version=2021-11-15-preview",
      "EncodedRequestUri": "L3N1YnNjcmlwdGlvbnMvMTIwNTNiOGYtY2FiNS00ZjVjLTljMWEtODcwNTgwMTQyYWJkL3Jlc291cmNlR3JvdXBzL2NkYnJnLWFzc3QzL3Byb3ZpZGVycy9NaWNyb3NvZnQuRG9jdW1lbnREQi9kYXRhYmFzZUFjY291bnRzL2NkYmFjY3QtYXNzdDM/YXBpLXZlcnNpb249MjAyMS0xMS0xNS1wcmV2aWV3",
      "RequestMethod": "GET",
      "RequestBody": "",
      "RequestHeaders": {
        "x-ms-client-request-id": [
          "8a396d21-0a6e-4297-b5c6-9ba628c40f83"
        ],
        "User-Agent": [
          "FxVersion/4.6.28207.03",
          "OSName/Windows",
          "OSVersion/Microsoft.Windows.10.0.22000.",
          "Microsoft.Azure.Management.CosmosDB.CosmosDBManagementClient/3.5.0.0"
        ]
      },
      "ResponseHeaders": {
        "Cache-Control": [
          "no-store, no-cache"
        ],
        "Pragma": [
          "no-cache"
        ],
        "Strict-Transport-Security": [
          "max-age=31536000; includeSubDomains"
        ],
        "x-ms-gatewayversion": [
          "version=2.14.0"
        ],
        "Server": [
          "Microsoft-HTTPAPI/2.0"
        ],
        "x-ms-ratelimit-remaining-subscription-reads": [
          "11970"
        ],
        "x-ms-request-id": [
          "0cdf7ba1-08e6-4006-9edc-2306b592e52d"
        ],
        "x-ms-correlation-request-id": [
          "0cdf7ba1-08e6-4006-9edc-2306b592e52d"
        ],
        "x-ms-routing-request-id": [
          "SOUTHINDIA:20220308T173925Z:0cdf7ba1-08e6-4006-9edc-2306b592e52d"
        ],
        "X-Content-Type-Options": [
          "nosniff"
        ],
        "Date": [
          "Tue, 08 Mar 2022 17:39:24 GMT"
        ],
        "Content-Length": [
          "2334"
        ],
        "Content-Type": [
          "application/json"
        ]
      },
      "ResponseBody": "{\r\n  \"id\": \"/subscriptions/12053b8f-cab5-4f5c-9c1a-870580142abd/resourceGroups/cdbrg-asst3/providers/Microsoft.DocumentDB/databaseAccounts/cdbacct-asst3\",\r\n  \"name\": \"cdbacct-asst3\",\r\n  \"location\": \"East US 2\",\r\n  \"type\": \"Microsoft.DocumentDB/databaseAccounts\",\r\n  \"kind\": \"GlobalDocumentDB\",\r\n  \"tags\": {},\r\n  \"systemData\": {\r\n    \"createdAt\": \"2022-03-08T17:38:06.4830395Z\"\r\n  },\r\n  \"properties\": {\r\n    \"provisioningState\": \"Succeeded\",\r\n    \"documentEndpoint\": \"https://cdbacct-asst3.documents.azure.com:443/\",\r\n    \"publicNetworkAccess\": \"Enabled\",\r\n    \"enableAutomaticFailover\": false,\r\n    \"enableMultipleWriteLocations\": false,\r\n    \"enablePartitionKeyMonitor\": false,\r\n    \"isVirtualNetworkFilterEnabled\": false,\r\n    \"virtualNetworkRules\": [],\r\n    \"EnabledApiTypes\": \"Sql\",\r\n    \"disableKeyBasedMetadataWriteAccess\": false,\r\n    \"enableFreeTier\": false,\r\n    \"enableAnalyticalStorage\": false,\r\n    \"analyticalStorageConfiguration\": {\r\n      \"schemaType\": \"FullFidelity\"\r\n    },\r\n    \"instanceId\": \"d9100fa3-2a2b-42ed-92ae-5912fde45e43\",\r\n    \"databaseAccountOfferType\": \"Standard\",\r\n    \"enableCassandraConnector\": false,\r\n    \"connectorOffer\": \"\",\r\n    \"enableMaterializedViews\": false,\r\n    \"defaultIdentity\": \"FirstPartyIdentity\",\r\n    \"networkAclBypass\": \"None\",\r\n    \"disableLocalAuth\": false,\r\n    \"consistencyPolicy\": {\r\n      \"defaultConsistencyLevel\": \"Session\",\r\n      \"maxIntervalInSeconds\": 5,\r\n      \"maxStalenessPrefix\": 100\r\n    },\r\n    \"configurationOverrides\": {},\r\n    \"writeLocations\": [\r\n      {\r\n        \"id\": \"cdbacct-asst3-eastus2\",\r\n        \"locationName\": \"East US 2\",\r\n        \"documentEndpoint\": \"https://cdbacct-asst3-eastus2.documents.azure.com:443/\",\r\n        \"provisioningState\": \"Succeeded\",\r\n        \"failoverPriority\": 0,\r\n        \"isZoneRedundant\": false\r\n      }\r\n    ],\r\n    \"readLocations\": [\r\n      {\r\n        \"id\": \"cdbacct-asst3-eastus2\",\r\n        \"locationName\": \"East US 2\",\r\n        \"documentEndpoint\": \"https://cdbacct-asst3-eastus2.documents.azure.com:443/\",\r\n        \"provisioningState\": \"Succeeded\",\r\n        \"failoverPriority\": 0,\r\n        \"isZoneRedundant\": false\r\n      }\r\n    ],\r\n    \"locations\": [\r\n      {\r\n        \"id\": \"cdbacct-asst3-eastus2\",\r\n        \"locationName\": \"East US 2\",\r\n        \"documentEndpoint\": \"https://cdbacct-asst3-eastus2.documents.azure.com:443/\",\r\n        \"provisioningState\": \"Succeeded\",\r\n        \"failoverPriority\": 0,\r\n        \"isZoneRedundant\": false\r\n      }\r\n    ],\r\n    \"failoverPolicies\": [\r\n      {\r\n        \"id\": \"cdbacct-asst3-eastus2\",\r\n        \"locationName\": \"East US 2\",\r\n        \"failoverPriority\": 0\r\n      }\r\n    ],\r\n    \"cors\": [],\r\n    \"capabilities\": [],\r\n    \"ipRules\": [],\r\n    \"backupPolicy\": {\r\n      \"type\": \"Periodic\",\r\n      \"periodicModeProperties\": {\r\n        \"backupIntervalInMinutes\": 240,\r\n        \"backupRetentionIntervalInHours\": 8,\r\n        \"backupStorageRedundancy\": \"Geo\"\r\n      }\r\n    },\r\n    \"networkAclBypassResourceIds\": [],\r\n    \"diagnosticLogSettings\": {\r\n      \"enableFullTextQuery\": \"None\"\r\n    }\r\n  },\r\n  \"identity\": {\r\n    \"type\": \"None\"\r\n  }\r\n}",
      "StatusCode": 200
    },
    {
      "RequestUri": "/subscriptions/12053b8f-cab5-4f5c-9c1a-870580142abd/resourceGroups/cdbrg-asst3/providers/Microsoft.DocumentDB/databaseAccounts/cdbacct-asst3?api-version=2021-11-15-preview",
      "EncodedRequestUri": "L3N1YnNjcmlwdGlvbnMvMTIwNTNiOGYtY2FiNS00ZjVjLTljMWEtODcwNTgwMTQyYWJkL3Jlc291cmNlR3JvdXBzL2NkYnJnLWFzc3QzL3Byb3ZpZGVycy9NaWNyb3NvZnQuRG9jdW1lbnREQi9kYXRhYmFzZUFjY291bnRzL2NkYmFjY3QtYXNzdDM/YXBpLXZlcnNpb249MjAyMS0xMS0xNS1wcmV2aWV3",
      "RequestMethod": "GET",
      "RequestBody": "",
      "RequestHeaders": {
        "x-ms-client-request-id": [
          "b902d1a7-ae9e-48af-868a-5feb755a4237"
        ],
        "Accept-Language": [
          "en-US"
        ],
        "User-Agent": [
          "FxVersion/4.6.28207.03",
          "OSName/Windows",
          "OSVersion/Microsoft.Windows.10.0.22000.",
          "Microsoft.Azure.Management.CosmosDB.CosmosDBManagementClient/3.5.0.0"
        ]
      },
      "ResponseHeaders": {
        "Cache-Control": [
          "no-store, no-cache"
        ],
        "Pragma": [
          "no-cache"
        ],
        "Strict-Transport-Security": [
          "max-age=31536000; includeSubDomains"
        ],
        "x-ms-gatewayversion": [
          "version=2.14.0"
        ],
        "Server": [
          "Microsoft-HTTPAPI/2.0"
        ],
        "x-ms-ratelimit-remaining-subscription-reads": [
          "11969"
        ],
        "x-ms-request-id": [
          "57f993bc-5adc-4719-85f1-a81c2f14d004"
        ],
        "x-ms-correlation-request-id": [
          "57f993bc-5adc-4719-85f1-a81c2f14d004"
        ],
        "x-ms-routing-request-id": [
          "SOUTHINDIA:20220308T173925Z:57f993bc-5adc-4719-85f1-a81c2f14d004"
        ],
        "X-Content-Type-Options": [
          "nosniff"
        ],
        "Date": [
          "Tue, 08 Mar 2022 17:39:24 GMT"
        ],
        "Content-Length": [
          "2334"
        ],
        "Content-Type": [
          "application/json"
        ]
      },
      "ResponseBody": "{\r\n  \"id\": \"/subscriptions/12053b8f-cab5-4f5c-9c1a-870580142abd/resourceGroups/cdbrg-asst3/providers/Microsoft.DocumentDB/databaseAccounts/cdbacct-asst3\",\r\n  \"name\": \"cdbacct-asst3\",\r\n  \"location\": \"East US 2\",\r\n  \"type\": \"Microsoft.DocumentDB/databaseAccounts\",\r\n  \"kind\": \"GlobalDocumentDB\",\r\n  \"tags\": {},\r\n  \"systemData\": {\r\n    \"createdAt\": \"2022-03-08T17:38:06.4830395Z\"\r\n  },\r\n  \"properties\": {\r\n    \"provisioningState\": \"Succeeded\",\r\n    \"documentEndpoint\": \"https://cdbacct-asst3.documents.azure.com:443/\",\r\n    \"publicNetworkAccess\": \"Enabled\",\r\n    \"enableAutomaticFailover\": false,\r\n    \"enableMultipleWriteLocations\": false,\r\n    \"enablePartitionKeyMonitor\": false,\r\n    \"isVirtualNetworkFilterEnabled\": false,\r\n    \"virtualNetworkRules\": [],\r\n    \"EnabledApiTypes\": \"Sql\",\r\n    \"disableKeyBasedMetadataWriteAccess\": false,\r\n    \"enableFreeTier\": false,\r\n    \"enableAnalyticalStorage\": false,\r\n    \"analyticalStorageConfiguration\": {\r\n      \"schemaType\": \"FullFidelity\"\r\n    },\r\n    \"instanceId\": \"d9100fa3-2a2b-42ed-92ae-5912fde45e43\",\r\n    \"databaseAccountOfferType\": \"Standard\",\r\n    \"enableCassandraConnector\": false,\r\n    \"connectorOffer\": \"\",\r\n    \"enableMaterializedViews\": false,\r\n    \"defaultIdentity\": \"FirstPartyIdentity\",\r\n    \"networkAclBypass\": \"None\",\r\n    \"disableLocalAuth\": false,\r\n    \"consistencyPolicy\": {\r\n      \"defaultConsistencyLevel\": \"Session\",\r\n      \"maxIntervalInSeconds\": 5,\r\n      \"maxStalenessPrefix\": 100\r\n    },\r\n    \"configurationOverrides\": {},\r\n    \"writeLocations\": [\r\n      {\r\n        \"id\": \"cdbacct-asst3-eastus2\",\r\n        \"locationName\": \"East US 2\",\r\n        \"documentEndpoint\": \"https://cdbacct-asst3-eastus2.documents.azure.com:443/\",\r\n        \"provisioningState\": \"Succeeded\",\r\n        \"failoverPriority\": 0,\r\n        \"isZoneRedundant\": false\r\n      }\r\n    ],\r\n    \"readLocations\": [\r\n      {\r\n        \"id\": \"cdbacct-asst3-eastus2\",\r\n        \"locationName\": \"East US 2\",\r\n        \"documentEndpoint\": \"https://cdbacct-asst3-eastus2.documents.azure.com:443/\",\r\n        \"provisioningState\": \"Succeeded\",\r\n        \"failoverPriority\": 0,\r\n        \"isZoneRedundant\": false\r\n      }\r\n    ],\r\n    \"locations\": [\r\n      {\r\n        \"id\": \"cdbacct-asst3-eastus2\",\r\n        \"locationName\": \"East US 2\",\r\n        \"documentEndpoint\": \"https://cdbacct-asst3-eastus2.documents.azure.com:443/\",\r\n        \"provisioningState\": \"Succeeded\",\r\n        \"failoverPriority\": 0,\r\n        \"isZoneRedundant\": false\r\n      }\r\n    ],\r\n    \"failoverPolicies\": [\r\n      {\r\n        \"id\": \"cdbacct-asst3-eastus2\",\r\n        \"locationName\": \"East US 2\",\r\n        \"failoverPriority\": 0\r\n      }\r\n    ],\r\n    \"cors\": [],\r\n    \"capabilities\": [],\r\n    \"ipRules\": [],\r\n    \"backupPolicy\": {\r\n      \"type\": \"Periodic\",\r\n      \"periodicModeProperties\": {\r\n        \"backupIntervalInMinutes\": 240,\r\n        \"backupRetentionIntervalInHours\": 8,\r\n        \"backupStorageRedundancy\": \"Geo\"\r\n      }\r\n    },\r\n    \"networkAclBypassResourceIds\": [],\r\n    \"diagnosticLogSettings\": {\r\n      \"enableFullTextQuery\": \"None\"\r\n    }\r\n  },\r\n  \"identity\": {\r\n    \"type\": \"None\"\r\n  }\r\n}",
      "StatusCode": 200
    },
    {
      "RequestUri": "/subscriptions/12053b8f-cab5-4f5c-9c1a-870580142abd/resourceGroups/cdbrg-asst3/providers/Microsoft.DocumentDB/databaseAccounts/cdbacct-asst3?api-version=2021-11-15-preview",
      "EncodedRequestUri": "L3N1YnNjcmlwdGlvbnMvMTIwNTNiOGYtY2FiNS00ZjVjLTljMWEtODcwNTgwMTQyYWJkL3Jlc291cmNlR3JvdXBzL2NkYnJnLWFzc3QzL3Byb3ZpZGVycy9NaWNyb3NvZnQuRG9jdW1lbnREQi9kYXRhYmFzZUFjY291bnRzL2NkYmFjY3QtYXNzdDM/YXBpLXZlcnNpb249MjAyMS0xMS0xNS1wcmV2aWV3",
      "RequestMethod": "PUT",
      "RequestBody": "{\r\n  \"kind\": \"GlobalDocumentDB\",\r\n  \"properties\": {\r\n    \"consistencyPolicy\": {\r\n      \"defaultConsistencyLevel\": \"Session\"\r\n    },\r\n    \"locations\": [\r\n      {\r\n        \"locationName\": \"East US 2\",\r\n        \"failoverPriority\": 0\r\n      }\r\n    ],\r\n    \"isVirtualNetworkFilterEnabled\": false,\r\n    \"enableAutomaticFailover\": false,\r\n    \"virtualNetworkRules\": [],\r\n    \"enableMultipleWriteLocations\": false,\r\n    \"disableKeyBasedMetadataWriteAccess\": false,\r\n    \"networkAclBypassResourceIds\": [],\r\n    \"databaseAccountOfferType\": \"Standard\"\r\n  },\r\n  \"location\": \"East US 2\",\r\n  \"tags\": {}\r\n}",
      "RequestHeaders": {
        "x-ms-client-request-id": [
          "a0b6b54b-a66c-41a6-a453-477c33d5afbb"
        ],
        "Accept-Language": [
          "en-US"
        ],
        "User-Agent": [
          "FxVersion/4.6.28207.03",
          "OSName/Windows",
          "OSVersion/Microsoft.Windows.10.0.22000.",
          "Microsoft.Azure.Management.CosmosDB.CosmosDBManagementClient/3.5.0.0"
        ],
        "Content-Type": [
          "application/json; charset=utf-8"
        ],
        "Content-Length": [
          "591"
        ]
      },
      "ResponseHeaders": {
        "Cache-Control": [
          "no-store, no-cache"
        ],
        "Pragma": [
          "no-cache"
        ],
        "Location": [
          "https://management.azure.com/subscriptions/12053b8f-cab5-4f5c-9c1a-870580142abd/resourceGroups/cdbrg-asst3/providers/Microsoft.DocumentDB/databaseAccounts/cdbacct-asst3/operationResults/f5788688-9ddb-4deb-a58f-42505e658933?api-version=2021-11-15-preview"
        ],
        "x-ms-request-id": [
          "f5788688-9ddb-4deb-a58f-42505e658933"
        ],
        "Azure-AsyncOperation": [
          "https://management.azure.com/subscriptions/12053b8f-cab5-4f5c-9c1a-870580142abd/providers/Microsoft.DocumentDB/locations/eastus2/operationsStatus/f5788688-9ddb-4deb-a58f-42505e658933?api-version=2021-11-15-preview"
        ],
        "Strict-Transport-Security": [
          "max-age=31536000; includeSubDomains"
        ],
        "x-ms-gatewayversion": [
          "version=2.14.0"
        ],
        "Server": [
          "Microsoft-HTTPAPI/2.0"
        ],
        "x-ms-ratelimit-remaining-subscription-writes": [
          "1196"
        ],
        "x-ms-correlation-request-id": [
          "dfd28178-816c-4d67-9b43-b92b71be2e40"
        ],
        "x-ms-routing-request-id": [
          "SOUTHINDIA:20220308T173647Z:dfd28178-816c-4d67-9b43-b92b71be2e40"
        ],
        "X-Content-Type-Options": [
          "nosniff"
        ],
        "Date": [
          "Tue, 08 Mar 2022 17:36:46 GMT"
        ],
        "Content-Length": [
          "2019"
        ],
        "Content-Type": [
          "application/json"
        ]
      },
      "ResponseBody": "{\r\n  \"id\": \"/subscriptions/12053b8f-cab5-4f5c-9c1a-870580142abd/resourceGroups/cdbrg-asst3/providers/Microsoft.DocumentDB/databaseAccounts/cdbacct-asst3\",\r\n  \"name\": \"cdbacct-asst3\",\r\n  \"location\": \"East US 2\",\r\n  \"type\": \"Microsoft.DocumentDB/databaseAccounts\",\r\n  \"kind\": \"GlobalDocumentDB\",\r\n  \"tags\": {},\r\n  \"systemData\": {\r\n    \"createdAt\": \"2022-03-08T17:36:43.8995378Z\"\r\n  },\r\n  \"properties\": {\r\n    \"provisioningState\": \"Creating\",\r\n    \"publicNetworkAccess\": \"Enabled\",\r\n    \"enableAutomaticFailover\": false,\r\n    \"enableMultipleWriteLocations\": false,\r\n    \"enablePartitionKeyMonitor\": false,\r\n    \"isVirtualNetworkFilterEnabled\": false,\r\n    \"virtualNetworkRules\": [],\r\n    \"EnabledApiTypes\": \"Sql\",\r\n    \"disableKeyBasedMetadataWriteAccess\": false,\r\n    \"enableFreeTier\": false,\r\n    \"enableAnalyticalStorage\": false,\r\n    \"analyticalStorageConfiguration\": {\r\n      \"schemaType\": \"WellDefined\"\r\n    },\r\n    \"instanceId\": \"d9100fa3-2a2b-42ed-92ae-5912fde45e43\",\r\n    \"databaseAccountOfferType\": \"Standard\",\r\n    \"enableCassandraConnector\": false,\r\n    \"connectorOffer\": \"\",\r\n    \"enableMaterializedViews\": false,\r\n    \"defaultIdentity\": \"\",\r\n    \"networkAclBypass\": \"None\",\r\n    \"disableLocalAuth\": false,\r\n    \"consistencyPolicy\": {\r\n      \"defaultConsistencyLevel\": \"Session\",\r\n      \"maxIntervalInSeconds\": 5,\r\n      \"maxStalenessPrefix\": 100\r\n    },\r\n    \"configurationOverrides\": {},\r\n    \"writeLocations\": [\r\n      {\r\n        \"id\": \"cdbacct-asst3-eastus2\",\r\n        \"locationName\": \"East US 2\",\r\n        \"provisioningState\": \"Creating\",\r\n        \"failoverPriority\": 0,\r\n        \"isZoneRedundant\": false\r\n      }\r\n    ],\r\n    \"readLocations\": [\r\n      {\r\n        \"id\": \"cdbacct-asst3-eastus2\",\r\n        \"locationName\": \"East US 2\",\r\n        \"provisioningState\": \"Creating\",\r\n        \"failoverPriority\": 0,\r\n        \"isZoneRedundant\": false\r\n      }\r\n    ],\r\n    \"locations\": [\r\n      {\r\n        \"id\": \"cdbacct-asst3-eastus2\",\r\n        \"locationName\": \"East US 2\",\r\n        \"provisioningState\": \"Creating\",\r\n        \"failoverPriority\": 0,\r\n        \"isZoneRedundant\": false\r\n      }\r\n    ],\r\n    \"failoverPolicies\": [\r\n      {\r\n        \"id\": \"cdbacct-asst3-eastus2\",\r\n        \"locationName\": \"East US 2\",\r\n        \"failoverPriority\": 0\r\n      }\r\n    ],\r\n    \"cors\": [],\r\n    \"capabilities\": [],\r\n    \"ipRules\": [],\r\n    \"backupPolicy\": {\r\n      \"type\": \"Periodic\",\r\n      \"periodicModeProperties\": {\r\n        \"backupIntervalInMinutes\": 240,\r\n        \"backupRetentionIntervalInHours\": 8,\r\n        \"backupStorageRedundancy\": \"Invalid\"\r\n      }\r\n    },\r\n    \"networkAclBypassResourceIds\": [],\r\n    \"diagnosticLogSettings\": {\r\n      \"enableFullTextQuery\": \"None\"\r\n    }\r\n  },\r\n  \"identity\": {\r\n    \"type\": \"None\"\r\n  }\r\n}",
      "StatusCode": 200
    },
    {
      "RequestUri": "/subscriptions/12053b8f-cab5-4f5c-9c1a-870580142abd/providers/Microsoft.DocumentDB/locations/eastus2/operationsStatus/f5788688-9ddb-4deb-a58f-42505e658933?api-version=2021-11-15-preview",
      "EncodedRequestUri": "L3N1YnNjcmlwdGlvbnMvMTIwNTNiOGYtY2FiNS00ZjVjLTljMWEtODcwNTgwMTQyYWJkL3Byb3ZpZGVycy9NaWNyb3NvZnQuRG9jdW1lbnREQi9sb2NhdGlvbnMvZWFzdHVzMi9vcGVyYXRpb25zU3RhdHVzL2Y1Nzg4Njg4LTlkZGItNGRlYi1hNThmLTQyNTA1ZTY1ODkzMz9hcGktdmVyc2lvbj0yMDIxLTExLTE1LXByZXZpZXc=",
      "RequestMethod": "GET",
      "RequestBody": "",
      "RequestHeaders": {
        "x-ms-client-request-id": [
          "a0b6b54b-a66c-41a6-a453-477c33d5afbb"
        ],
        "User-Agent": [
          "FxVersion/4.6.28207.03",
          "OSName/Windows",
          "OSVersion/Microsoft.Windows.10.0.22000.",
          "Microsoft.Azure.Management.CosmosDB.CosmosDBManagementClient/3.5.0.0"
        ]
      },
      "ResponseHeaders": {
        "Cache-Control": [
          "no-store, no-cache"
        ],
        "Pragma": [
          "no-cache"
        ],
        "Strict-Transport-Security": [
          "max-age=31536000; includeSubDomains"
        ],
        "x-ms-gatewayversion": [
          "version=2.14.0"
        ],
        "Server": [
          "Microsoft-HTTPAPI/2.0"
        ],
        "x-ms-ratelimit-remaining-subscription-reads": [
          "11977"
        ],
        "x-ms-request-id": [
          "41f06105-3f07-4adf-99c1-90de27a586eb"
        ],
        "x-ms-correlation-request-id": [
          "41f06105-3f07-4adf-99c1-90de27a586eb"
        ],
        "x-ms-routing-request-id": [
          "SOUTHINDIA:20220308T173717Z:41f06105-3f07-4adf-99c1-90de27a586eb"
        ],
        "X-Content-Type-Options": [
          "nosniff"
        ],
        "Date": [
          "Tue, 08 Mar 2022 17:37:17 GMT"
        ],
        "Content-Length": [
          "21"
        ],
        "Content-Type": [
          "application/json"
        ]
      },
      "ResponseBody": "{\r\n  \"status\": \"Dequeued\"\r\n}",
      "StatusCode": 200
    },
    {
      "RequestUri": "/subscriptions/12053b8f-cab5-4f5c-9c1a-870580142abd/providers/Microsoft.DocumentDB/locations/eastus2/operationsStatus/f5788688-9ddb-4deb-a58f-42505e658933?api-version=2021-11-15-preview",
      "EncodedRequestUri": "L3N1YnNjcmlwdGlvbnMvMTIwNTNiOGYtY2FiNS00ZjVjLTljMWEtODcwNTgwMTQyYWJkL3Byb3ZpZGVycy9NaWNyb3NvZnQuRG9jdW1lbnREQi9sb2NhdGlvbnMvZWFzdHVzMi9vcGVyYXRpb25zU3RhdHVzL2Y1Nzg4Njg4LTlkZGItNGRlYi1hNThmLTQyNTA1ZTY1ODkzMz9hcGktdmVyc2lvbj0yMDIxLTExLTE1LXByZXZpZXc=",
      "RequestMethod": "GET",
      "RequestBody": "",
      "RequestHeaders": {
        "x-ms-client-request-id": [
          "a0b6b54b-a66c-41a6-a453-477c33d5afbb"
        ],
        "User-Agent": [
          "FxVersion/4.6.28207.03",
          "OSName/Windows",
          "OSVersion/Microsoft.Windows.10.0.22000.",
          "Microsoft.Azure.Management.CosmosDB.CosmosDBManagementClient/3.5.0.0"
        ]
      },
      "ResponseHeaders": {
        "Cache-Control": [
          "no-store, no-cache"
        ],
        "Pragma": [
          "no-cache"
        ],
        "Strict-Transport-Security": [
          "max-age=31536000; includeSubDomains"
        ],
        "x-ms-gatewayversion": [
          "version=2.14.0"
        ],
        "Server": [
          "Microsoft-HTTPAPI/2.0"
        ],
        "x-ms-ratelimit-remaining-subscription-reads": [
          "11976"
        ],
        "x-ms-request-id": [
          "4a4a9aca-959d-4000-bbef-83044bed73cf"
        ],
        "x-ms-correlation-request-id": [
          "4a4a9aca-959d-4000-bbef-83044bed73cf"
        ],
        "x-ms-routing-request-id": [
          "SOUTHINDIA:20220308T173748Z:4a4a9aca-959d-4000-bbef-83044bed73cf"
        ],
        "X-Content-Type-Options": [
          "nosniff"
        ],
        "Date": [
          "Tue, 08 Mar 2022 17:37:47 GMT"
        ],
        "Content-Length": [
          "21"
        ],
        "Content-Type": [
          "application/json"
        ]
      },
      "ResponseBody": "{\r\n  \"status\": \"Dequeued\"\r\n}",
      "StatusCode": 200
    },
    {
      "RequestUri": "/subscriptions/12053b8f-cab5-4f5c-9c1a-870580142abd/providers/Microsoft.DocumentDB/locations/eastus2/operationsStatus/f5788688-9ddb-4deb-a58f-42505e658933?api-version=2021-11-15-preview",
      "EncodedRequestUri": "L3N1YnNjcmlwdGlvbnMvMTIwNTNiOGYtY2FiNS00ZjVjLTljMWEtODcwNTgwMTQyYWJkL3Byb3ZpZGVycy9NaWNyb3NvZnQuRG9jdW1lbnREQi9sb2NhdGlvbnMvZWFzdHVzMi9vcGVyYXRpb25zU3RhdHVzL2Y1Nzg4Njg4LTlkZGItNGRlYi1hNThmLTQyNTA1ZTY1ODkzMz9hcGktdmVyc2lvbj0yMDIxLTExLTE1LXByZXZpZXc=",
      "RequestMethod": "GET",
      "RequestBody": "",
      "RequestHeaders": {
        "x-ms-client-request-id": [
          "a0b6b54b-a66c-41a6-a453-477c33d5afbb"
        ],
        "User-Agent": [
          "FxVersion/4.6.28207.03",
          "OSName/Windows",
          "OSVersion/Microsoft.Windows.10.0.22000.",
          "Microsoft.Azure.Management.CosmosDB.CosmosDBManagementClient/3.5.0.0"
        ]
      },
      "ResponseHeaders": {
        "Cache-Control": [
          "no-store, no-cache"
        ],
        "Pragma": [
          "no-cache"
        ],
        "Strict-Transport-Security": [
          "max-age=31536000; includeSubDomains"
        ],
        "x-ms-gatewayversion": [
          "version=2.14.0"
        ],
        "Server": [
          "Microsoft-HTTPAPI/2.0"
        ],
        "x-ms-ratelimit-remaining-subscription-reads": [
          "11975"
        ],
        "x-ms-request-id": [
          "915871d6-072a-4eec-ba60-6ac601e780c1"
        ],
        "x-ms-correlation-request-id": [
          "915871d6-072a-4eec-ba60-6ac601e780c1"
        ],
        "x-ms-routing-request-id": [
          "SOUTHINDIA:20220308T173818Z:915871d6-072a-4eec-ba60-6ac601e780c1"
        ],
        "X-Content-Type-Options": [
          "nosniff"
        ],
        "Date": [
          "Tue, 08 Mar 2022 17:38:17 GMT"
        ],
        "Content-Length": [
          "21"
        ],
        "Content-Type": [
          "application/json"
        ]
      },
      "ResponseBody": "{\r\n  \"status\": \"Dequeued\"\r\n}",
      "StatusCode": 200
    },
    {
      "RequestUri": "/subscriptions/12053b8f-cab5-4f5c-9c1a-870580142abd/providers/Microsoft.DocumentDB/locations/eastus2/operationsStatus/f5788688-9ddb-4deb-a58f-42505e658933?api-version=2021-11-15-preview",
      "EncodedRequestUri": "L3N1YnNjcmlwdGlvbnMvMTIwNTNiOGYtY2FiNS00ZjVjLTljMWEtODcwNTgwMTQyYWJkL3Byb3ZpZGVycy9NaWNyb3NvZnQuRG9jdW1lbnREQi9sb2NhdGlvbnMvZWFzdHVzMi9vcGVyYXRpb25zU3RhdHVzL2Y1Nzg4Njg4LTlkZGItNGRlYi1hNThmLTQyNTA1ZTY1ODkzMz9hcGktdmVyc2lvbj0yMDIxLTExLTE1LXByZXZpZXc=",
      "RequestMethod": "GET",
      "RequestBody": "",
      "RequestHeaders": {
        "x-ms-client-request-id": [
          "a0b6b54b-a66c-41a6-a453-477c33d5afbb"
        ],
        "User-Agent": [
          "FxVersion/4.6.28207.03",
          "OSName/Windows",
          "OSVersion/Microsoft.Windows.10.0.22000.",
          "Microsoft.Azure.Management.CosmosDB.CosmosDBManagementClient/3.5.0.0"
        ]
      },
      "ResponseHeaders": {
        "Cache-Control": [
          "no-store, no-cache"
        ],
        "Pragma": [
          "no-cache"
        ],
        "Strict-Transport-Security": [
          "max-age=31536000; includeSubDomains"
        ],
        "x-ms-gatewayversion": [
          "version=2.14.0"
        ],
        "Server": [
          "Microsoft-HTTPAPI/2.0"
        ],
        "x-ms-ratelimit-remaining-subscription-reads": [
          "11974"
        ],
        "x-ms-request-id": [
          "c962c254-7091-4cc9-94f9-8fec8832793a"
        ],
        "x-ms-correlation-request-id": [
          "c962c254-7091-4cc9-94f9-8fec8832793a"
        ],
        "x-ms-routing-request-id": [
          "SOUTHINDIA:20220308T173848Z:c962c254-7091-4cc9-94f9-8fec8832793a"
        ],
        "X-Content-Type-Options": [
          "nosniff"
        ],
        "Date": [
          "Tue, 08 Mar 2022 17:38:48 GMT"
        ],
        "Content-Length": [
          "22"
        ],
        "Content-Type": [
          "application/json"
        ]
      },
      "ResponseBody": "{\r\n  \"status\": \"Succeeded\"\r\n}",
      "StatusCode": 200
    },
    {
      "RequestUri": "/subscriptions/12053b8f-cab5-4f5c-9c1a-870580142abd/resourceGroups/cdbrg-asst3/providers/Microsoft.DocumentDB/databaseAccounts/cdbacct-asst3?api-version=2021-11-15-preview",
      "EncodedRequestUri": "L3N1YnNjcmlwdGlvbnMvMTIwNTNiOGYtY2FiNS00ZjVjLTljMWEtODcwNTgwMTQyYWJkL3Jlc291cmNlR3JvdXBzL2NkYnJnLWFzc3QzL3Byb3ZpZGVycy9NaWNyb3NvZnQuRG9jdW1lbnREQi9kYXRhYmFzZUFjY291bnRzL2NkYmFjY3QtYXNzdDM/YXBpLXZlcnNpb249MjAyMS0xMS0xNS1wcmV2aWV3",
      "RequestMethod": "PATCH",
      "RequestBody": "{\r\n  \"location\": \"East US 2\",\r\n  \"properties\": {\r\n    \"locations\": [\r\n      {\r\n        \"locationName\": \"East US 2\",\r\n        \"provisioningState\": \"Succeeded\",\r\n        \"failoverPriority\": 0,\r\n        \"isZoneRedundant\": false\r\n      }\r\n    ],\r\n    \"analyticalStorageConfiguration\": {\r\n      \"schemaType\": \"FullFidelity\"\r\n    }\r\n  }\r\n}",
      "RequestHeaders": {
        "x-ms-client-request-id": [
          "8a396d21-0a6e-4297-b5c6-9ba628c40f83"
        ],
        "Accept-Language": [
          "en-US"
        ],
        "User-Agent": [
          "FxVersion/4.6.28207.03",
          "OSName/Windows",
          "OSVersion/Microsoft.Windows.10.0.22000.",
          "Microsoft.Azure.Management.CosmosDB.CosmosDBManagementClient/3.5.0.0"
        ],
        "Content-Type": [
          "application/json; charset=utf-8"
        ],
        "Content-Length": [
          "333"
        ]
      },
      "ResponseHeaders": {
        "Cache-Control": [
          "no-store, no-cache"
        ],
        "Pragma": [
          "no-cache"
        ],
        "Location": [
          "https://management.azure.com/subscriptions/12053b8f-cab5-4f5c-9c1a-870580142abd/resourceGroups/cdbrg-asst3/providers/Microsoft.DocumentDB/databaseAccounts/cdbacct-asst3/operationResults/d6e9dc6b-3f91-40f3-8ab4-7c977bfb61d4?api-version=2021-11-15-preview"
        ],
        "x-ms-request-id": [
          "d6e9dc6b-3f91-40f3-8ab4-7c977bfb61d4"
        ],
        "Azure-AsyncOperation": [
          "https://management.azure.com/subscriptions/12053b8f-cab5-4f5c-9c1a-870580142abd/providers/Microsoft.DocumentDB/locations/eastus2/operationsStatus/d6e9dc6b-3f91-40f3-8ab4-7c977bfb61d4?api-version=2021-11-15-preview"
        ],
        "Strict-Transport-Security": [
          "max-age=31536000; includeSubDomains"
        ],
        "x-ms-gatewayversion": [
          "version=2.14.0"
        ],
        "Server": [
          "Microsoft-HTTPAPI/2.0"
        ],
        "x-ms-ratelimit-remaining-subscription-writes": [
          "1195"
        ],
        "x-ms-correlation-request-id": [
          "b214bad7-5172-4b1d-b174-a6ad9e14072f"
        ],
        "x-ms-routing-request-id": [
          "SOUTHINDIA:20220308T173854Z:b214bad7-5172-4b1d-b174-a6ad9e14072f"
        ],
        "X-Content-Type-Options": [
          "nosniff"
        ],
        "Date": [
          "Tue, 08 Mar 2022 17:38:54 GMT"
        ],
        "Content-Length": [
          "2329"
        ],
        "Content-Type": [
          "application/json"
        ]
      },
      "ResponseBody": "{\r\n  \"id\": \"/subscriptions/12053b8f-cab5-4f5c-9c1a-870580142abd/resourceGroups/cdbrg-asst3/providers/Microsoft.DocumentDB/databaseAccounts/cdbacct-asst3\",\r\n  \"name\": \"cdbacct-asst3\",\r\n  \"location\": \"East US 2\",\r\n  \"type\": \"Microsoft.DocumentDB/databaseAccounts\",\r\n  \"kind\": \"GlobalDocumentDB\",\r\n  \"tags\": {},\r\n  \"systemData\": {\r\n    \"createdAt\": \"2022-03-08T17:38:06.4830395Z\"\r\n  },\r\n  \"properties\": {\r\n    \"provisioningState\": \"Updating\",\r\n    \"documentEndpoint\": \"https://cdbacct-asst3.documents.azure.com:443/\",\r\n    \"publicNetworkAccess\": \"Enabled\",\r\n    \"enableAutomaticFailover\": false,\r\n    \"enableMultipleWriteLocations\": false,\r\n    \"enablePartitionKeyMonitor\": false,\r\n    \"isVirtualNetworkFilterEnabled\": false,\r\n    \"virtualNetworkRules\": [],\r\n    \"EnabledApiTypes\": \"Sql\",\r\n    \"disableKeyBasedMetadataWriteAccess\": false,\r\n    \"enableFreeTier\": false,\r\n    \"enableAnalyticalStorage\": false,\r\n    \"analyticalStorageConfiguration\": {\r\n      \"schemaType\": \"WellDefined\"\r\n    },\r\n    \"instanceId\": \"d9100fa3-2a2b-42ed-92ae-5912fde45e43\",\r\n    \"databaseAccountOfferType\": \"Standard\",\r\n    \"enableCassandraConnector\": false,\r\n    \"connectorOffer\": \"\",\r\n    \"enableMaterializedViews\": false,\r\n    \"defaultIdentity\": \"FirstPartyIdentity\",\r\n    \"networkAclBypass\": \"None\",\r\n    \"disableLocalAuth\": false,\r\n    \"consistencyPolicy\": {\r\n      \"defaultConsistencyLevel\": \"Session\",\r\n      \"maxIntervalInSeconds\": 5,\r\n      \"maxStalenessPrefix\": 100\r\n    },\r\n    \"configurationOverrides\": {},\r\n    \"writeLocations\": [\r\n      {\r\n        \"id\": \"cdbacct-asst3-eastus2\",\r\n        \"locationName\": \"East US 2\",\r\n        \"documentEndpoint\": \"https://cdbacct-asst3-eastus2.documents.azure.com:443/\",\r\n        \"provisioningState\": \"Updating\",\r\n        \"failoverPriority\": 0,\r\n        \"isZoneRedundant\": false\r\n      }\r\n    ],\r\n    \"readLocations\": [\r\n      {\r\n        \"id\": \"cdbacct-asst3-eastus2\",\r\n        \"locationName\": \"East US 2\",\r\n        \"documentEndpoint\": \"https://cdbacct-asst3-eastus2.documents.azure.com:443/\",\r\n        \"provisioningState\": \"Updating\",\r\n        \"failoverPriority\": 0,\r\n        \"isZoneRedundant\": false\r\n      }\r\n    ],\r\n    \"locations\": [\r\n      {\r\n        \"id\": \"cdbacct-asst3-eastus2\",\r\n        \"locationName\": \"East US 2\",\r\n        \"documentEndpoint\": \"https://cdbacct-asst3-eastus2.documents.azure.com:443/\",\r\n        \"provisioningState\": \"Updating\",\r\n        \"failoverPriority\": 0,\r\n        \"isZoneRedundant\": false\r\n      }\r\n    ],\r\n    \"failoverPolicies\": [\r\n      {\r\n        \"id\": \"cdbacct-asst3-eastus2\",\r\n        \"locationName\": \"East US 2\",\r\n        \"failoverPriority\": 0\r\n      }\r\n    ],\r\n    \"cors\": [],\r\n    \"capabilities\": [],\r\n    \"ipRules\": [],\r\n    \"backupPolicy\": {\r\n      \"type\": \"Periodic\",\r\n      \"periodicModeProperties\": {\r\n        \"backupIntervalInMinutes\": 240,\r\n        \"backupRetentionIntervalInHours\": 8,\r\n        \"backupStorageRedundancy\": \"Geo\"\r\n      }\r\n    },\r\n    \"networkAclBypassResourceIds\": [],\r\n    \"diagnosticLogSettings\": {\r\n      \"enableFullTextQuery\": \"None\"\r\n    }\r\n  },\r\n  \"identity\": {\r\n    \"type\": \"None\"\r\n  }\r\n}",
      "StatusCode": 200
    },
    {
      "RequestUri": "/subscriptions/12053b8f-cab5-4f5c-9c1a-870580142abd/providers/Microsoft.DocumentDB/locations/eastus2/operationsStatus/d6e9dc6b-3f91-40f3-8ab4-7c977bfb61d4?api-version=2021-11-15-preview",
      "EncodedRequestUri": "L3N1YnNjcmlwdGlvbnMvMTIwNTNiOGYtY2FiNS00ZjVjLTljMWEtODcwNTgwMTQyYWJkL3Byb3ZpZGVycy9NaWNyb3NvZnQuRG9jdW1lbnREQi9sb2NhdGlvbnMvZWFzdHVzMi9vcGVyYXRpb25zU3RhdHVzL2Q2ZTlkYzZiLTNmOTEtNDBmMy04YWI0LTdjOTc3YmZiNjFkND9hcGktdmVyc2lvbj0yMDIxLTExLTE1LXByZXZpZXc=",
      "RequestMethod": "GET",
      "RequestBody": "",
      "RequestHeaders": {
        "x-ms-client-request-id": [
          "8a396d21-0a6e-4297-b5c6-9ba628c40f83"
        ],
        "User-Agent": [
          "FxVersion/4.6.28207.03",
          "OSName/Windows",
          "OSVersion/Microsoft.Windows.10.0.22000.",
          "Microsoft.Azure.Management.CosmosDB.CosmosDBManagementClient/3.5.0.0"
        ]
      },
      "ResponseHeaders": {
        "Cache-Control": [
          "no-store, no-cache"
        ],
        "Pragma": [
          "no-cache"
        ],
        "Strict-Transport-Security": [
          "max-age=31536000; includeSubDomains"
        ],
        "x-ms-gatewayversion": [
          "version=2.14.0"
        ],
        "Server": [
          "Microsoft-HTTPAPI/2.0"
        ],
        "x-ms-ratelimit-remaining-subscription-reads": [
          "11971"
        ],
        "x-ms-request-id": [
          "3bd6e85a-47f9-498e-b5aa-c72f7f248049"
        ],
        "x-ms-correlation-request-id": [
          "3bd6e85a-47f9-498e-b5aa-c72f7f248049"
        ],
        "x-ms-routing-request-id": [
          "SOUTHINDIA:20220308T173924Z:3bd6e85a-47f9-498e-b5aa-c72f7f248049"
        ],
        "X-Content-Type-Options": [
          "nosniff"
        ],
        "Date": [
          "Tue, 08 Mar 2022 17:39:23 GMT"
        ],
        "Content-Length": [
          "22"
        ],
        "Content-Type": [
          "application/json"
        ]
      },
      "ResponseBody": "{\r\n  \"status\": \"Succeeded\"\r\n}",
      "StatusCode": 200
    },
    {
      "RequestUri": "/subscriptions/12053b8f-cab5-4f5c-9c1a-870580142abd/resourceGroups/cdbrg-asst3/providers/Microsoft.DocumentDB/databaseAccounts/cdbacct-asst3?api-version=2021-11-15-preview",
      "EncodedRequestUri": "L3N1YnNjcmlwdGlvbnMvMTIwNTNiOGYtY2FiNS00ZjVjLTljMWEtODcwNTgwMTQyYWJkL3Jlc291cmNlR3JvdXBzL2NkYnJnLWFzc3QzL3Byb3ZpZGVycy9NaWNyb3NvZnQuRG9jdW1lbnREQi9kYXRhYmFzZUFjY291bnRzL2NkYmFjY3QtYXNzdDM/YXBpLXZlcnNpb249MjAyMS0xMS0xNS1wcmV2aWV3",
      "RequestMethod": "DELETE",
      "RequestBody": "",
      "RequestHeaders": {
        "x-ms-client-request-id": [
          "73be92e3-ffb7-43ce-b942-4e3387a18129"
        ],
        "Accept-Language": [
          "en-US"
        ],
        "User-Agent": [
          "FxVersion/4.6.28207.03",
          "OSName/Windows",
          "OSVersion/Microsoft.Windows.10.0.22000.",
          "Microsoft.Azure.Management.CosmosDB.CosmosDBManagementClient/3.5.0.0"
        ]
      },
      "ResponseHeaders": {
        "Cache-Control": [
          "no-store, no-cache"
        ],
        "Pragma": [
          "no-cache"
        ],
        "Location": [
          "https://management.azure.com/subscriptions/12053b8f-cab5-4f5c-9c1a-870580142abd/providers/Microsoft.DocumentDB/locations/eastus2/operationResults/51768f8d-ecf1-4cf7-8636-ca5be9bb0589?api-version=2021-11-15-preview"
        ],
        "Azure-AsyncOperation": [
          "https://management.azure.com/subscriptions/12053b8f-cab5-4f5c-9c1a-870580142abd/providers/Microsoft.DocumentDB/locations/eastus2/operationsStatus/51768f8d-ecf1-4cf7-8636-ca5be9bb0589?api-version=2021-11-15-preview"
        ],
        "x-ms-request-id": [
          "51768f8d-ecf1-4cf7-8636-ca5be9bb0589"
        ],
        "Strict-Transport-Security": [
          "max-age=31536000; includeSubDomains"
        ],
        "x-ms-gatewayversion": [
          "version=2.14.0"
        ],
        "Server": [
          "Microsoft-HTTPAPI/2.0"
        ],
        "x-ms-ratelimit-remaining-subscription-deletes": [
          "14996"
        ],
        "x-ms-correlation-request-id": [
          "d5752837-ecd4-4559-a08e-7a4ef4f36141"
        ],
        "x-ms-routing-request-id": [
          "SOUTHINDIA:20220308T173927Z:d5752837-ecd4-4559-a08e-7a4ef4f36141"
        ],
        "X-Content-Type-Options": [
          "nosniff"
        ],
        "Date": [
          "Tue, 08 Mar 2022 17:39:26 GMT"
        ],
        "Content-Length": [
          "21"
        ],
        "Content-Type": [
          "application/json"
        ]
      },
      "ResponseBody": "{\r\n  \"status\": \"Enqueued\"\r\n}",
      "StatusCode": 202
    },
    {
      "RequestUri": "/subscriptions/12053b8f-cab5-4f5c-9c1a-870580142abd/providers/Microsoft.DocumentDB/locations/eastus2/operationsStatus/51768f8d-ecf1-4cf7-8636-ca5be9bb0589?api-version=2021-11-15-preview",
      "EncodedRequestUri": "L3N1YnNjcmlwdGlvbnMvMTIwNTNiOGYtY2FiNS00ZjVjLTljMWEtODcwNTgwMTQyYWJkL3Byb3ZpZGVycy9NaWNyb3NvZnQuRG9jdW1lbnREQi9sb2NhdGlvbnMvZWFzdHVzMi9vcGVyYXRpb25zU3RhdHVzLzUxNzY4ZjhkLWVjZjEtNGNmNy04NjM2LWNhNWJlOWJiMDU4OT9hcGktdmVyc2lvbj0yMDIxLTExLTE1LXByZXZpZXc=",
      "RequestMethod": "GET",
      "RequestBody": "",
      "RequestHeaders": {
        "x-ms-client-request-id": [
          "73be92e3-ffb7-43ce-b942-4e3387a18129"
        ],
        "User-Agent": [
          "FxVersion/4.6.28207.03",
          "OSName/Windows",
          "OSVersion/Microsoft.Windows.10.0.22000.",
          "Microsoft.Azure.Management.CosmosDB.CosmosDBManagementClient/3.5.0.0"
        ]
      },
      "ResponseHeaders": {
        "Cache-Control": [
          "no-store, no-cache"
        ],
        "Pragma": [
          "no-cache"
        ],
        "Strict-Transport-Security": [
          "max-age=31536000; includeSubDomains"
        ],
        "x-ms-gatewayversion": [
          "version=2.14.0"
        ],
        "Server": [
          "Microsoft-HTTPAPI/2.0"
        ],
        "x-ms-ratelimit-remaining-subscription-reads": [
          "11968"
        ],
        "x-ms-request-id": [
          "b3021264-2118-42ff-b713-bbfc37f9b547"
        ],
        "x-ms-correlation-request-id": [
          "b3021264-2118-42ff-b713-bbfc37f9b547"
        ],
        "x-ms-routing-request-id": [
          "SOUTHINDIA:20220308T173957Z:b3021264-2118-42ff-b713-bbfc37f9b547"
        ],
        "X-Content-Type-Options": [
          "nosniff"
        ],
        "Date": [
          "Tue, 08 Mar 2022 17:39:57 GMT"
        ],
        "Content-Length": [
          "21"
        ],
        "Content-Type": [
          "application/json"
        ]
      },
      "ResponseBody": "{\r\n  \"status\": \"Dequeued\"\r\n}",
      "StatusCode": 200
    },
    {
      "RequestUri": "/subscriptions/12053b8f-cab5-4f5c-9c1a-870580142abd/providers/Microsoft.DocumentDB/locations/eastus2/operationsStatus/51768f8d-ecf1-4cf7-8636-ca5be9bb0589?api-version=2021-11-15-preview",
      "EncodedRequestUri": "L3N1YnNjcmlwdGlvbnMvMTIwNTNiOGYtY2FiNS00ZjVjLTljMWEtODcwNTgwMTQyYWJkL3Byb3ZpZGVycy9NaWNyb3NvZnQuRG9jdW1lbnREQi9sb2NhdGlvbnMvZWFzdHVzMi9vcGVyYXRpb25zU3RhdHVzLzUxNzY4ZjhkLWVjZjEtNGNmNy04NjM2LWNhNWJlOWJiMDU4OT9hcGktdmVyc2lvbj0yMDIxLTExLTE1LXByZXZpZXc=",
      "RequestMethod": "GET",
      "RequestBody": "",
      "RequestHeaders": {
        "x-ms-client-request-id": [
          "73be92e3-ffb7-43ce-b942-4e3387a18129"
        ],
        "User-Agent": [
          "FxVersion/4.6.28207.03",
          "OSName/Windows",
          "OSVersion/Microsoft.Windows.10.0.22000.",
          "Microsoft.Azure.Management.CosmosDB.CosmosDBManagementClient/3.5.0.0"
        ]
      },
      "ResponseHeaders": {
        "Cache-Control": [
          "no-store, no-cache"
        ],
        "Pragma": [
          "no-cache"
        ],
        "Strict-Transport-Security": [
          "max-age=31536000; includeSubDomains"
        ],
        "x-ms-gatewayversion": [
          "version=2.14.0"
        ],
        "Server": [
          "Microsoft-HTTPAPI/2.0"
        ],
        "x-ms-ratelimit-remaining-subscription-reads": [
          "11967"
        ],
        "x-ms-request-id": [
          "cfcba177-aca9-40b9-85a9-86b76803a964"
        ],
        "x-ms-correlation-request-id": [
          "cfcba177-aca9-40b9-85a9-86b76803a964"
        ],
        "x-ms-routing-request-id": [
          "SOUTHINDIA:20220308T174028Z:cfcba177-aca9-40b9-85a9-86b76803a964"
        ],
        "X-Content-Type-Options": [
          "nosniff"
        ],
        "Date": [
          "Tue, 08 Mar 2022 17:40:28 GMT"
        ],
        "Content-Length": [
          "21"
        ],
        "Content-Type": [
          "application/json"
        ]
      },
      "ResponseBody": "{\r\n  \"status\": \"Dequeued\"\r\n}",
      "StatusCode": 200
    },
    {
      "RequestUri": "/subscriptions/12053b8f-cab5-4f5c-9c1a-870580142abd/providers/Microsoft.DocumentDB/locations/eastus2/operationsStatus/51768f8d-ecf1-4cf7-8636-ca5be9bb0589?api-version=2021-11-15-preview",
      "EncodedRequestUri": "L3N1YnNjcmlwdGlvbnMvMTIwNTNiOGYtY2FiNS00ZjVjLTljMWEtODcwNTgwMTQyYWJkL3Byb3ZpZGVycy9NaWNyb3NvZnQuRG9jdW1lbnREQi9sb2NhdGlvbnMvZWFzdHVzMi9vcGVyYXRpb25zU3RhdHVzLzUxNzY4ZjhkLWVjZjEtNGNmNy04NjM2LWNhNWJlOWJiMDU4OT9hcGktdmVyc2lvbj0yMDIxLTExLTE1LXByZXZpZXc=",
      "RequestMethod": "GET",
      "RequestBody": "",
      "RequestHeaders": {
        "x-ms-client-request-id": [
          "73be92e3-ffb7-43ce-b942-4e3387a18129"
        ],
        "User-Agent": [
          "FxVersion/4.6.28207.03",
          "OSName/Windows",
          "OSVersion/Microsoft.Windows.10.0.22000.",
          "Microsoft.Azure.Management.CosmosDB.CosmosDBManagementClient/3.5.0.0"
        ]
      },
      "ResponseHeaders": {
        "Cache-Control": [
          "no-store, no-cache"
        ],
        "Pragma": [
          "no-cache"
        ],
        "Strict-Transport-Security": [
          "max-age=31536000; includeSubDomains"
        ],
        "x-ms-gatewayversion": [
          "version=2.14.0"
        ],
        "Server": [
          "Microsoft-HTTPAPI/2.0"
        ],
        "x-ms-ratelimit-remaining-subscription-reads": [
          "11966"
        ],
        "x-ms-request-id": [
          "6571cfcf-eea2-4a66-b8c9-7ecaee110acf"
        ],
        "x-ms-correlation-request-id": [
          "6571cfcf-eea2-4a66-b8c9-7ecaee110acf"
        ],
        "x-ms-routing-request-id": [
          "SOUTHINDIA:20220308T174058Z:6571cfcf-eea2-4a66-b8c9-7ecaee110acf"
        ],
        "X-Content-Type-Options": [
          "nosniff"
        ],
        "Date": [
          "Tue, 08 Mar 2022 17:40:57 GMT"
        ],
        "Content-Length": [
          "21"
        ],
        "Content-Type": [
          "application/json"
        ]
      },
      "ResponseBody": "{\r\n  \"status\": \"Dequeued\"\r\n}",
      "StatusCode": 200
    },
    {
      "RequestUri": "/subscriptions/12053b8f-cab5-4f5c-9c1a-870580142abd/providers/Microsoft.DocumentDB/locations/eastus2/operationsStatus/51768f8d-ecf1-4cf7-8636-ca5be9bb0589?api-version=2021-11-15-preview",
      "EncodedRequestUri": "L3N1YnNjcmlwdGlvbnMvMTIwNTNiOGYtY2FiNS00ZjVjLTljMWEtODcwNTgwMTQyYWJkL3Byb3ZpZGVycy9NaWNyb3NvZnQuRG9jdW1lbnREQi9sb2NhdGlvbnMvZWFzdHVzMi9vcGVyYXRpb25zU3RhdHVzLzUxNzY4ZjhkLWVjZjEtNGNmNy04NjM2LWNhNWJlOWJiMDU4OT9hcGktdmVyc2lvbj0yMDIxLTExLTE1LXByZXZpZXc=",
      "RequestMethod": "GET",
      "RequestBody": "",
      "RequestHeaders": {
        "x-ms-client-request-id": [
          "73be92e3-ffb7-43ce-b942-4e3387a18129"
        ],
        "User-Agent": [
          "FxVersion/4.6.28207.03",
          "OSName/Windows",
          "OSVersion/Microsoft.Windows.10.0.22000.",
          "Microsoft.Azure.Management.CosmosDB.CosmosDBManagementClient/3.5.0.0"
        ]
      },
      "ResponseHeaders": {
        "Cache-Control": [
          "no-store, no-cache"
        ],
        "Pragma": [
          "no-cache"
        ],
        "Strict-Transport-Security": [
          "max-age=31536000; includeSubDomains"
        ],
        "x-ms-gatewayversion": [
          "version=2.14.0"
        ],
        "Server": [
          "Microsoft-HTTPAPI/2.0"
        ],
        "x-ms-ratelimit-remaining-subscription-reads": [
          "11965"
        ],
        "x-ms-request-id": [
          "d21d484d-c33f-480c-8ffb-26764aa429ea"
        ],
        "x-ms-correlation-request-id": [
          "d21d484d-c33f-480c-8ffb-26764aa429ea"
        ],
        "x-ms-routing-request-id": [
          "SOUTHINDIA:20220308T174128Z:d21d484d-c33f-480c-8ffb-26764aa429ea"
        ],
        "X-Content-Type-Options": [
          "nosniff"
        ],
        "Date": [
          "Tue, 08 Mar 2022 17:41:27 GMT"
        ],
        "Content-Length": [
          "21"
        ],
        "Content-Type": [
          "application/json"
        ]
      },
      "ResponseBody": "{\r\n  \"status\": \"Dequeued\"\r\n}",
      "StatusCode": 200
    },
    {
      "RequestUri": "/subscriptions/12053b8f-cab5-4f5c-9c1a-870580142abd/providers/Microsoft.DocumentDB/locations/eastus2/operationsStatus/51768f8d-ecf1-4cf7-8636-ca5be9bb0589?api-version=2021-11-15-preview",
      "EncodedRequestUri": "L3N1YnNjcmlwdGlvbnMvMTIwNTNiOGYtY2FiNS00ZjVjLTljMWEtODcwNTgwMTQyYWJkL3Byb3ZpZGVycy9NaWNyb3NvZnQuRG9jdW1lbnREQi9sb2NhdGlvbnMvZWFzdHVzMi9vcGVyYXRpb25zU3RhdHVzLzUxNzY4ZjhkLWVjZjEtNGNmNy04NjM2LWNhNWJlOWJiMDU4OT9hcGktdmVyc2lvbj0yMDIxLTExLTE1LXByZXZpZXc=",
      "RequestMethod": "GET",
      "RequestBody": "",
      "RequestHeaders": {
        "x-ms-client-request-id": [
          "73be92e3-ffb7-43ce-b942-4e3387a18129"
        ],
        "User-Agent": [
          "FxVersion/4.6.28207.03",
          "OSName/Windows",
          "OSVersion/Microsoft.Windows.10.0.22000.",
          "Microsoft.Azure.Management.CosmosDB.CosmosDBManagementClient/3.5.0.0"
        ]
      },
      "ResponseHeaders": {
        "Cache-Control": [
          "no-store, no-cache"
        ],
        "Pragma": [
          "no-cache"
        ],
        "Strict-Transport-Security": [
          "max-age=31536000; includeSubDomains"
        ],
        "x-ms-gatewayversion": [
          "version=2.14.0"
        ],
        "Server": [
          "Microsoft-HTTPAPI/2.0"
        ],
        "x-ms-ratelimit-remaining-subscription-reads": [
          "11964"
        ],
        "x-ms-request-id": [
          "af6ab621-9a25-4430-be75-2405a9fe6943"
        ],
        "x-ms-correlation-request-id": [
          "af6ab621-9a25-4430-be75-2405a9fe6943"
        ],
        "x-ms-routing-request-id": [
          "SOUTHINDIA:20220308T174158Z:af6ab621-9a25-4430-be75-2405a9fe6943"
        ],
        "X-Content-Type-Options": [
          "nosniff"
        ],
        "Date": [
          "Tue, 08 Mar 2022 17:41:58 GMT"
        ],
        "Content-Length": [
          "21"
        ],
        "Content-Type": [
          "application/json"
        ]
      },
      "ResponseBody": "{\r\n  \"status\": \"Dequeued\"\r\n}",
      "StatusCode": 200
    },
    {
      "RequestUri": "/subscriptions/12053b8f-cab5-4f5c-9c1a-870580142abd/providers/Microsoft.DocumentDB/locations/eastus2/operationsStatus/51768f8d-ecf1-4cf7-8636-ca5be9bb0589?api-version=2021-11-15-preview",
      "EncodedRequestUri": "L3N1YnNjcmlwdGlvbnMvMTIwNTNiOGYtY2FiNS00ZjVjLTljMWEtODcwNTgwMTQyYWJkL3Byb3ZpZGVycy9NaWNyb3NvZnQuRG9jdW1lbnREQi9sb2NhdGlvbnMvZWFzdHVzMi9vcGVyYXRpb25zU3RhdHVzLzUxNzY4ZjhkLWVjZjEtNGNmNy04NjM2LWNhNWJlOWJiMDU4OT9hcGktdmVyc2lvbj0yMDIxLTExLTE1LXByZXZpZXc=",
      "RequestMethod": "GET",
      "RequestBody": "",
      "RequestHeaders": {
        "x-ms-client-request-id": [
          "73be92e3-ffb7-43ce-b942-4e3387a18129"
        ],
        "User-Agent": [
          "FxVersion/4.6.28207.03",
          "OSName/Windows",
          "OSVersion/Microsoft.Windows.10.0.22000.",
          "Microsoft.Azure.Management.CosmosDB.CosmosDBManagementClient/3.5.0.0"
        ]
      },
      "ResponseHeaders": {
        "Cache-Control": [
          "no-store, no-cache"
        ],
        "Pragma": [
          "no-cache"
        ],
        "Strict-Transport-Security": [
          "max-age=31536000; includeSubDomains"
        ],
        "x-ms-gatewayversion": [
          "version=2.14.0"
        ],
        "Server": [
          "Microsoft-HTTPAPI/2.0"
        ],
        "x-ms-ratelimit-remaining-subscription-reads": [
          "11963"
        ],
        "x-ms-request-id": [
          "fefd7bb3-35e8-47e4-8b8b-cd353482f871"
        ],
        "x-ms-correlation-request-id": [
          "fefd7bb3-35e8-47e4-8b8b-cd353482f871"
        ],
        "x-ms-routing-request-id": [
          "SOUTHINDIA:20220308T174229Z:fefd7bb3-35e8-47e4-8b8b-cd353482f871"
        ],
        "X-Content-Type-Options": [
          "nosniff"
        ],
        "Date": [
          "Tue, 08 Mar 2022 17:42:29 GMT"
        ],
        "Content-Length": [
          "21"
        ],
        "Content-Type": [
          "application/json"
        ]
      },
      "ResponseBody": "{\r\n  \"status\": \"Dequeued\"\r\n}",
      "StatusCode": 200
    },
    {
      "RequestUri": "/subscriptions/12053b8f-cab5-4f5c-9c1a-870580142abd/providers/Microsoft.DocumentDB/locations/eastus2/operationsStatus/51768f8d-ecf1-4cf7-8636-ca5be9bb0589?api-version=2021-11-15-preview",
      "EncodedRequestUri": "L3N1YnNjcmlwdGlvbnMvMTIwNTNiOGYtY2FiNS00ZjVjLTljMWEtODcwNTgwMTQyYWJkL3Byb3ZpZGVycy9NaWNyb3NvZnQuRG9jdW1lbnREQi9sb2NhdGlvbnMvZWFzdHVzMi9vcGVyYXRpb25zU3RhdHVzLzUxNzY4ZjhkLWVjZjEtNGNmNy04NjM2LWNhNWJlOWJiMDU4OT9hcGktdmVyc2lvbj0yMDIxLTExLTE1LXByZXZpZXc=",
      "RequestMethod": "GET",
      "RequestBody": "",
      "RequestHeaders": {
        "x-ms-client-request-id": [
          "73be92e3-ffb7-43ce-b942-4e3387a18129"
        ],
        "User-Agent": [
          "FxVersion/4.6.28207.03",
          "OSName/Windows",
          "OSVersion/Microsoft.Windows.10.0.22000.",
          "Microsoft.Azure.Management.CosmosDB.CosmosDBManagementClient/3.5.0.0"
        ]
      },
      "ResponseHeaders": {
        "Cache-Control": [
          "no-store, no-cache"
        ],
        "Pragma": [
          "no-cache"
        ],
        "Strict-Transport-Security": [
          "max-age=31536000; includeSubDomains"
        ],
        "x-ms-gatewayversion": [
          "version=2.14.0"
        ],
        "Server": [
          "Microsoft-HTTPAPI/2.0"
        ],
        "x-ms-ratelimit-remaining-subscription-reads": [
          "11962"
        ],
        "x-ms-request-id": [
          "5e202dbb-a9b6-47c6-87cd-57f47448d33b"
        ],
        "x-ms-correlation-request-id": [
          "5e202dbb-a9b6-47c6-87cd-57f47448d33b"
        ],
        "x-ms-routing-request-id": [
          "SOUTHINDIA:20220308T174300Z:5e202dbb-a9b6-47c6-87cd-57f47448d33b"
        ],
        "X-Content-Type-Options": [
          "nosniff"
        ],
        "Date": [
          "Tue, 08 Mar 2022 17:43:00 GMT"
        ],
        "Content-Length": [
          "21"
        ],
        "Content-Type": [
          "application/json"
        ]
      },
      "ResponseBody": "{\r\n  \"status\": \"Dequeued\"\r\n}",
      "StatusCode": 200
    },
    {
      "RequestUri": "/subscriptions/12053b8f-cab5-4f5c-9c1a-870580142abd/providers/Microsoft.DocumentDB/locations/eastus2/operationsStatus/51768f8d-ecf1-4cf7-8636-ca5be9bb0589?api-version=2021-11-15-preview",
      "EncodedRequestUri": "L3N1YnNjcmlwdGlvbnMvMTIwNTNiOGYtY2FiNS00ZjVjLTljMWEtODcwNTgwMTQyYWJkL3Byb3ZpZGVycy9NaWNyb3NvZnQuRG9jdW1lbnREQi9sb2NhdGlvbnMvZWFzdHVzMi9vcGVyYXRpb25zU3RhdHVzLzUxNzY4ZjhkLWVjZjEtNGNmNy04NjM2LWNhNWJlOWJiMDU4OT9hcGktdmVyc2lvbj0yMDIxLTExLTE1LXByZXZpZXc=",
      "RequestMethod": "GET",
      "RequestBody": "",
      "RequestHeaders": {
        "x-ms-client-request-id": [
          "73be92e3-ffb7-43ce-b942-4e3387a18129"
        ],
        "User-Agent": [
          "FxVersion/4.6.28207.03",
          "OSName/Windows",
          "OSVersion/Microsoft.Windows.10.0.22000.",
          "Microsoft.Azure.Management.CosmosDB.CosmosDBManagementClient/3.5.0.0"
        ]
      },
      "ResponseHeaders": {
        "Cache-Control": [
          "no-store, no-cache"
        ],
        "Pragma": [
          "no-cache"
        ],
        "Strict-Transport-Security": [
          "max-age=31536000; includeSubDomains"
        ],
        "x-ms-gatewayversion": [
          "version=2.14.0"
        ],
        "Server": [
          "Microsoft-HTTPAPI/2.0"
        ],
        "x-ms-ratelimit-remaining-subscription-reads": [
          "11961"
        ],
        "x-ms-request-id": [
          "8157001b-b461-4922-abea-ae9cacc3189c"
        ],
        "x-ms-correlation-request-id": [
          "8157001b-b461-4922-abea-ae9cacc3189c"
        ],
        "x-ms-routing-request-id": [
          "SOUTHINDIA:20220308T174330Z:8157001b-b461-4922-abea-ae9cacc3189c"
        ],
        "X-Content-Type-Options": [
          "nosniff"
        ],
        "Date": [
          "Tue, 08 Mar 2022 17:43:29 GMT"
        ],
        "Content-Length": [
          "21"
        ],
        "Content-Type": [
          "application/json"
        ]
      },
      "ResponseBody": "{\r\n  \"status\": \"Dequeued\"\r\n}",
      "StatusCode": 200
    },
    {
      "RequestUri": "/subscriptions/12053b8f-cab5-4f5c-9c1a-870580142abd/providers/Microsoft.DocumentDB/locations/eastus2/operationsStatus/51768f8d-ecf1-4cf7-8636-ca5be9bb0589?api-version=2021-11-15-preview",
      "EncodedRequestUri": "L3N1YnNjcmlwdGlvbnMvMTIwNTNiOGYtY2FiNS00ZjVjLTljMWEtODcwNTgwMTQyYWJkL3Byb3ZpZGVycy9NaWNyb3NvZnQuRG9jdW1lbnREQi9sb2NhdGlvbnMvZWFzdHVzMi9vcGVyYXRpb25zU3RhdHVzLzUxNzY4ZjhkLWVjZjEtNGNmNy04NjM2LWNhNWJlOWJiMDU4OT9hcGktdmVyc2lvbj0yMDIxLTExLTE1LXByZXZpZXc=",
      "RequestMethod": "GET",
      "RequestBody": "",
      "RequestHeaders": {
        "x-ms-client-request-id": [
          "73be92e3-ffb7-43ce-b942-4e3387a18129"
        ],
        "User-Agent": [
          "FxVersion/4.6.28207.03",
          "OSName/Windows",
          "OSVersion/Microsoft.Windows.10.0.22000.",
          "Microsoft.Azure.Management.CosmosDB.CosmosDBManagementClient/3.5.0.0"
        ]
      },
      "ResponseHeaders": {
        "Cache-Control": [
          "no-store, no-cache"
        ],
        "Pragma": [
          "no-cache"
        ],
        "Strict-Transport-Security": [
          "max-age=31536000; includeSubDomains"
        ],
        "x-ms-gatewayversion": [
          "version=2.14.0"
        ],
        "Server": [
          "Microsoft-HTTPAPI/2.0"
        ],
        "x-ms-ratelimit-remaining-subscription-reads": [
          "11960"
        ],
        "x-ms-request-id": [
          "9f5cb505-5a91-4a38-99e9-13396230848a"
        ],
        "x-ms-correlation-request-id": [
          "9f5cb505-5a91-4a38-99e9-13396230848a"
        ],
        "x-ms-routing-request-id": [
          "SOUTHINDIA:20220308T174400Z:9f5cb505-5a91-4a38-99e9-13396230848a"
        ],
        "X-Content-Type-Options": [
          "nosniff"
        ],
        "Date": [
          "Tue, 08 Mar 2022 17:44:00 GMT"
        ],
        "Content-Length": [
          "21"
        ],
        "Content-Type": [
          "application/json"
        ]
      },
      "ResponseBody": "{\r\n  \"status\": \"Dequeued\"\r\n}",
      "StatusCode": 200
    },
    {
      "RequestUri": "/subscriptions/12053b8f-cab5-4f5c-9c1a-870580142abd/providers/Microsoft.DocumentDB/locations/eastus2/operationsStatus/51768f8d-ecf1-4cf7-8636-ca5be9bb0589?api-version=2021-11-15-preview",
      "EncodedRequestUri": "L3N1YnNjcmlwdGlvbnMvMTIwNTNiOGYtY2FiNS00ZjVjLTljMWEtODcwNTgwMTQyYWJkL3Byb3ZpZGVycy9NaWNyb3NvZnQuRG9jdW1lbnREQi9sb2NhdGlvbnMvZWFzdHVzMi9vcGVyYXRpb25zU3RhdHVzLzUxNzY4ZjhkLWVjZjEtNGNmNy04NjM2LWNhNWJlOWJiMDU4OT9hcGktdmVyc2lvbj0yMDIxLTExLTE1LXByZXZpZXc=",
      "RequestMethod": "GET",
      "RequestBody": "",
      "RequestHeaders": {
        "x-ms-client-request-id": [
          "73be92e3-ffb7-43ce-b942-4e3387a18129"
        ],
        "User-Agent": [
          "FxVersion/4.6.28207.03",
          "OSName/Windows",
          "OSVersion/Microsoft.Windows.10.0.22000.",
          "Microsoft.Azure.Management.CosmosDB.CosmosDBManagementClient/3.5.0.0"
        ]
      },
      "ResponseHeaders": {
        "Cache-Control": [
          "no-store, no-cache"
        ],
        "Pragma": [
          "no-cache"
        ],
        "Strict-Transport-Security": [
          "max-age=31536000; includeSubDomains"
        ],
        "x-ms-gatewayversion": [
          "version=2.14.0"
        ],
        "Server": [
          "Microsoft-HTTPAPI/2.0"
        ],
        "x-ms-ratelimit-remaining-subscription-reads": [
          "11959"
        ],
        "x-ms-request-id": [
          "9300ac2c-f3ef-4135-bda1-9e3910cd5b43"
        ],
        "x-ms-correlation-request-id": [
          "9300ac2c-f3ef-4135-bda1-9e3910cd5b43"
        ],
        "x-ms-routing-request-id": [
          "SOUTHINDIA:20220308T174431Z:9300ac2c-f3ef-4135-bda1-9e3910cd5b43"
        ],
        "X-Content-Type-Options": [
          "nosniff"
        ],
        "Date": [
          "Tue, 08 Mar 2022 17:44:30 GMT"
        ],
        "Content-Length": [
          "21"
        ],
        "Content-Type": [
          "application/json"
        ]
      },
      "ResponseBody": "{\r\n  \"status\": \"Dequeued\"\r\n}",
      "StatusCode": 200
    },
    {
      "RequestUri": "/subscriptions/12053b8f-cab5-4f5c-9c1a-870580142abd/providers/Microsoft.DocumentDB/locations/eastus2/operationsStatus/51768f8d-ecf1-4cf7-8636-ca5be9bb0589?api-version=2021-11-15-preview",
      "EncodedRequestUri": "L3N1YnNjcmlwdGlvbnMvMTIwNTNiOGYtY2FiNS00ZjVjLTljMWEtODcwNTgwMTQyYWJkL3Byb3ZpZGVycy9NaWNyb3NvZnQuRG9jdW1lbnREQi9sb2NhdGlvbnMvZWFzdHVzMi9vcGVyYXRpb25zU3RhdHVzLzUxNzY4ZjhkLWVjZjEtNGNmNy04NjM2LWNhNWJlOWJiMDU4OT9hcGktdmVyc2lvbj0yMDIxLTExLTE1LXByZXZpZXc=",
      "RequestMethod": "GET",
      "RequestBody": "",
      "RequestHeaders": {
        "x-ms-client-request-id": [
          "73be92e3-ffb7-43ce-b942-4e3387a18129"
        ],
        "User-Agent": [
          "FxVersion/4.6.28207.03",
          "OSName/Windows",
          "OSVersion/Microsoft.Windows.10.0.22000.",
          "Microsoft.Azure.Management.CosmosDB.CosmosDBManagementClient/3.5.0.0"
        ]
      },
      "ResponseHeaders": {
        "Cache-Control": [
          "no-store, no-cache"
        ],
        "Pragma": [
          "no-cache"
        ],
        "Strict-Transport-Security": [
          "max-age=31536000; includeSubDomains"
        ],
        "x-ms-gatewayversion": [
          "version=2.14.0"
        ],
        "Server": [
          "Microsoft-HTTPAPI/2.0"
        ],
        "x-ms-ratelimit-remaining-subscription-reads": [
          "11963"
        ],
        "x-ms-request-id": [
          "44c766d9-d92b-4fbc-bf8c-5c47c39ad3f9"
        ],
        "x-ms-correlation-request-id": [
          "44c766d9-d92b-4fbc-bf8c-5c47c39ad3f9"
        ],
        "x-ms-routing-request-id": [
          "SOUTHINDIA:20220308T174501Z:44c766d9-d92b-4fbc-bf8c-5c47c39ad3f9"
        ],
        "X-Content-Type-Options": [
          "nosniff"
        ],
        "Date": [
          "Tue, 08 Mar 2022 17:45:01 GMT"
        ],
        "Content-Length": [
          "21"
        ],
        "Content-Type": [
          "application/json"
        ]
      },
      "ResponseBody": "{\r\n  \"status\": \"Dequeued\"\r\n}",
      "StatusCode": 200
    },
    {
      "RequestUri": "/subscriptions/12053b8f-cab5-4f5c-9c1a-870580142abd/providers/Microsoft.DocumentDB/locations/eastus2/operationsStatus/51768f8d-ecf1-4cf7-8636-ca5be9bb0589?api-version=2021-11-15-preview",
      "EncodedRequestUri": "L3N1YnNjcmlwdGlvbnMvMTIwNTNiOGYtY2FiNS00ZjVjLTljMWEtODcwNTgwMTQyYWJkL3Byb3ZpZGVycy9NaWNyb3NvZnQuRG9jdW1lbnREQi9sb2NhdGlvbnMvZWFzdHVzMi9vcGVyYXRpb25zU3RhdHVzLzUxNzY4ZjhkLWVjZjEtNGNmNy04NjM2LWNhNWJlOWJiMDU4OT9hcGktdmVyc2lvbj0yMDIxLTExLTE1LXByZXZpZXc=",
      "RequestMethod": "GET",
      "RequestBody": "",
      "RequestHeaders": {
        "x-ms-client-request-id": [
          "73be92e3-ffb7-43ce-b942-4e3387a18129"
        ],
        "User-Agent": [
          "FxVersion/4.6.28207.03",
          "OSName/Windows",
          "OSVersion/Microsoft.Windows.10.0.22000.",
          "Microsoft.Azure.Management.CosmosDB.CosmosDBManagementClient/3.5.0.0"
        ]
      },
      "ResponseHeaders": {
        "Cache-Control": [
          "no-store, no-cache"
        ],
        "Pragma": [
          "no-cache"
        ],
        "Strict-Transport-Security": [
          "max-age=31536000; includeSubDomains"
        ],
        "x-ms-gatewayversion": [
          "version=2.14.0"
        ],
        "Server": [
          "Microsoft-HTTPAPI/2.0"
        ],
        "x-ms-ratelimit-remaining-subscription-reads": [
          "11962"
        ],
        "x-ms-request-id": [
          "d705a457-38cc-4dd8-9cbf-45c3dbfc55a3"
        ],
        "x-ms-correlation-request-id": [
          "d705a457-38cc-4dd8-9cbf-45c3dbfc55a3"
        ],
        "x-ms-routing-request-id": [
          "SOUTHINDIA:20220308T174531Z:d705a457-38cc-4dd8-9cbf-45c3dbfc55a3"
        ],
        "X-Content-Type-Options": [
          "nosniff"
        ],
        "Date": [
          "Tue, 08 Mar 2022 17:45:31 GMT"
        ],
        "Content-Length": [
          "21"
        ],
        "Content-Type": [
          "application/json"
        ]
      },
      "ResponseBody": "{\r\n  \"status\": \"Dequeued\"\r\n}",
      "StatusCode": 200
    },
    {
      "RequestUri": "/subscriptions/12053b8f-cab5-4f5c-9c1a-870580142abd/providers/Microsoft.DocumentDB/locations/eastus2/operationsStatus/51768f8d-ecf1-4cf7-8636-ca5be9bb0589?api-version=2021-11-15-preview",
      "EncodedRequestUri": "L3N1YnNjcmlwdGlvbnMvMTIwNTNiOGYtY2FiNS00ZjVjLTljMWEtODcwNTgwMTQyYWJkL3Byb3ZpZGVycy9NaWNyb3NvZnQuRG9jdW1lbnREQi9sb2NhdGlvbnMvZWFzdHVzMi9vcGVyYXRpb25zU3RhdHVzLzUxNzY4ZjhkLWVjZjEtNGNmNy04NjM2LWNhNWJlOWJiMDU4OT9hcGktdmVyc2lvbj0yMDIxLTExLTE1LXByZXZpZXc=",
      "RequestMethod": "GET",
      "RequestBody": "",
      "RequestHeaders": {
        "x-ms-client-request-id": [
          "73be92e3-ffb7-43ce-b942-4e3387a18129"
        ],
        "User-Agent": [
          "FxVersion/4.6.28207.03",
          "OSName/Windows",
          "OSVersion/Microsoft.Windows.10.0.22000.",
          "Microsoft.Azure.Management.CosmosDB.CosmosDBManagementClient/3.5.0.0"
        ]
      },
      "ResponseHeaders": {
        "Cache-Control": [
          "no-store, no-cache"
        ],
        "Pragma": [
          "no-cache"
        ],
        "Strict-Transport-Security": [
          "max-age=31536000; includeSubDomains"
        ],
        "x-ms-gatewayversion": [
          "version=2.14.0"
        ],
        "Server": [
          "Microsoft-HTTPAPI/2.0"
        ],
        "x-ms-ratelimit-remaining-subscription-reads": [
          "11961"
        ],
        "x-ms-request-id": [
          "0e33b991-ba69-470a-a9bf-48585955fb1f"
        ],
        "x-ms-correlation-request-id": [
          "0e33b991-ba69-470a-a9bf-48585955fb1f"
        ],
        "x-ms-routing-request-id": [
          "SOUTHINDIA:20220308T174601Z:0e33b991-ba69-470a-a9bf-48585955fb1f"
        ],
        "X-Content-Type-Options": [
          "nosniff"
        ],
        "Date": [
          "Tue, 08 Mar 2022 17:46:01 GMT"
        ],
        "Content-Length": [
          "21"
        ],
        "Content-Type": [
          "application/json"
        ]
      },
      "ResponseBody": "{\r\n  \"status\": \"Dequeued\"\r\n}",
      "StatusCode": 200
    },
    {
      "RequestUri": "/subscriptions/12053b8f-cab5-4f5c-9c1a-870580142abd/providers/Microsoft.DocumentDB/locations/eastus2/operationsStatus/51768f8d-ecf1-4cf7-8636-ca5be9bb0589?api-version=2021-11-15-preview",
      "EncodedRequestUri": "L3N1YnNjcmlwdGlvbnMvMTIwNTNiOGYtY2FiNS00ZjVjLTljMWEtODcwNTgwMTQyYWJkL3Byb3ZpZGVycy9NaWNyb3NvZnQuRG9jdW1lbnREQi9sb2NhdGlvbnMvZWFzdHVzMi9vcGVyYXRpb25zU3RhdHVzLzUxNzY4ZjhkLWVjZjEtNGNmNy04NjM2LWNhNWJlOWJiMDU4OT9hcGktdmVyc2lvbj0yMDIxLTExLTE1LXByZXZpZXc=",
      "RequestMethod": "GET",
      "RequestBody": "",
      "RequestHeaders": {
        "x-ms-client-request-id": [
          "73be92e3-ffb7-43ce-b942-4e3387a18129"
        ],
        "User-Agent": [
          "FxVersion/4.6.28207.03",
          "OSName/Windows",
          "OSVersion/Microsoft.Windows.10.0.22000.",
          "Microsoft.Azure.Management.CosmosDB.CosmosDBManagementClient/3.5.0.0"
        ]
      },
      "ResponseHeaders": {
        "Cache-Control": [
          "no-store, no-cache"
        ],
        "Pragma": [
          "no-cache"
        ],
        "Strict-Transport-Security": [
          "max-age=31536000; includeSubDomains"
        ],
        "x-ms-gatewayversion": [
          "version=2.14.0"
        ],
        "Server": [
          "Microsoft-HTTPAPI/2.0"
        ],
        "x-ms-ratelimit-remaining-subscription-reads": [
          "11960"
        ],
        "x-ms-request-id": [
          "b4cc16b9-c089-4951-b029-6424367c1904"
        ],
        "x-ms-correlation-request-id": [
          "b4cc16b9-c089-4951-b029-6424367c1904"
        ],
        "x-ms-routing-request-id": [
          "SOUTHINDIA:20220308T174632Z:b4cc16b9-c089-4951-b029-6424367c1904"
        ],
        "X-Content-Type-Options": [
          "nosniff"
        ],
        "Date": [
          "Tue, 08 Mar 2022 17:46:31 GMT"
        ],
        "Content-Length": [
          "21"
        ],
        "Content-Type": [
          "application/json"
        ]
      },
      "ResponseBody": "{\r\n  \"status\": \"Dequeued\"\r\n}",
      "StatusCode": 200
    },
    {
      "RequestUri": "/subscriptions/12053b8f-cab5-4f5c-9c1a-870580142abd/providers/Microsoft.DocumentDB/locations/eastus2/operationsStatus/51768f8d-ecf1-4cf7-8636-ca5be9bb0589?api-version=2021-11-15-preview",
      "EncodedRequestUri": "L3N1YnNjcmlwdGlvbnMvMTIwNTNiOGYtY2FiNS00ZjVjLTljMWEtODcwNTgwMTQyYWJkL3Byb3ZpZGVycy9NaWNyb3NvZnQuRG9jdW1lbnREQi9sb2NhdGlvbnMvZWFzdHVzMi9vcGVyYXRpb25zU3RhdHVzLzUxNzY4ZjhkLWVjZjEtNGNmNy04NjM2LWNhNWJlOWJiMDU4OT9hcGktdmVyc2lvbj0yMDIxLTExLTE1LXByZXZpZXc=",
      "RequestMethod": "GET",
      "RequestBody": "",
      "RequestHeaders": {
        "x-ms-client-request-id": [
          "73be92e3-ffb7-43ce-b942-4e3387a18129"
        ],
        "User-Agent": [
          "FxVersion/4.6.28207.03",
          "OSName/Windows",
          "OSVersion/Microsoft.Windows.10.0.22000.",
          "Microsoft.Azure.Management.CosmosDB.CosmosDBManagementClient/3.5.0.0"
        ]
      },
      "ResponseHeaders": {
        "Cache-Control": [
          "no-store, no-cache"
        ],
        "Pragma": [
          "no-cache"
        ],
        "Strict-Transport-Security": [
          "max-age=31536000; includeSubDomains"
        ],
        "x-ms-gatewayversion": [
          "version=2.14.0"
        ],
        "Server": [
          "Microsoft-HTTPAPI/2.0"
        ],
        "x-ms-ratelimit-remaining-subscription-reads": [
          "11959"
        ],
        "x-ms-request-id": [
          "4f34633a-fb26-40a1-826a-0bdc3ff9f009"
        ],
        "x-ms-correlation-request-id": [
          "4f34633a-fb26-40a1-826a-0bdc3ff9f009"
        ],
        "x-ms-routing-request-id": [
          "SOUTHINDIA:20220308T174702Z:4f34633a-fb26-40a1-826a-0bdc3ff9f009"
        ],
        "X-Content-Type-Options": [
          "nosniff"
        ],
        "Date": [
          "Tue, 08 Mar 2022 17:47:02 GMT"
        ],
        "Content-Length": [
          "21"
        ],
        "Content-Type": [
          "application/json"
        ]
      },
      "ResponseBody": "{\r\n  \"status\": \"Dequeued\"\r\n}",
      "StatusCode": 200
    },
    {
      "RequestUri": "/subscriptions/12053b8f-cab5-4f5c-9c1a-870580142abd/providers/Microsoft.DocumentDB/locations/eastus2/operationsStatus/51768f8d-ecf1-4cf7-8636-ca5be9bb0589?api-version=2021-11-15-preview",
      "EncodedRequestUri": "L3N1YnNjcmlwdGlvbnMvMTIwNTNiOGYtY2FiNS00ZjVjLTljMWEtODcwNTgwMTQyYWJkL3Byb3ZpZGVycy9NaWNyb3NvZnQuRG9jdW1lbnREQi9sb2NhdGlvbnMvZWFzdHVzMi9vcGVyYXRpb25zU3RhdHVzLzUxNzY4ZjhkLWVjZjEtNGNmNy04NjM2LWNhNWJlOWJiMDU4OT9hcGktdmVyc2lvbj0yMDIxLTExLTE1LXByZXZpZXc=",
      "RequestMethod": "GET",
      "RequestBody": "",
      "RequestHeaders": {
        "x-ms-client-request-id": [
          "73be92e3-ffb7-43ce-b942-4e3387a18129"
        ],
        "User-Agent": [
          "FxVersion/4.6.28207.03",
          "OSName/Windows",
          "OSVersion/Microsoft.Windows.10.0.22000.",
          "Microsoft.Azure.Management.CosmosDB.CosmosDBManagementClient/3.5.0.0"
        ]
      },
      "ResponseHeaders": {
        "Cache-Control": [
          "no-store, no-cache"
        ],
        "Pragma": [
          "no-cache"
        ],
        "Strict-Transport-Security": [
          "max-age=31536000; includeSubDomains"
        ],
        "x-ms-gatewayversion": [
          "version=2.14.0"
        ],
        "Server": [
          "Microsoft-HTTPAPI/2.0"
        ],
        "x-ms-ratelimit-remaining-subscription-reads": [
          "11958"
        ],
        "x-ms-request-id": [
          "1ffdd056-991f-46e4-b3a1-239291d22482"
        ],
        "x-ms-correlation-request-id": [
          "1ffdd056-991f-46e4-b3a1-239291d22482"
        ],
        "x-ms-routing-request-id": [
          "SOUTHINDIA:20220308T174732Z:1ffdd056-991f-46e4-b3a1-239291d22482"
        ],
        "X-Content-Type-Options": [
          "nosniff"
        ],
        "Date": [
          "Tue, 08 Mar 2022 17:47:31 GMT"
        ],
        "Content-Length": [
          "21"
        ],
        "Content-Type": [
          "application/json"
        ]
      },
      "ResponseBody": "{\r\n  \"status\": \"Dequeued\"\r\n}",
      "StatusCode": 200
    },
    {
      "RequestUri": "/subscriptions/12053b8f-cab5-4f5c-9c1a-870580142abd/providers/Microsoft.DocumentDB/locations/eastus2/operationsStatus/51768f8d-ecf1-4cf7-8636-ca5be9bb0589?api-version=2021-11-15-preview",
      "EncodedRequestUri": "L3N1YnNjcmlwdGlvbnMvMTIwNTNiOGYtY2FiNS00ZjVjLTljMWEtODcwNTgwMTQyYWJkL3Byb3ZpZGVycy9NaWNyb3NvZnQuRG9jdW1lbnREQi9sb2NhdGlvbnMvZWFzdHVzMi9vcGVyYXRpb25zU3RhdHVzLzUxNzY4ZjhkLWVjZjEtNGNmNy04NjM2LWNhNWJlOWJiMDU4OT9hcGktdmVyc2lvbj0yMDIxLTExLTE1LXByZXZpZXc=",
      "RequestMethod": "GET",
      "RequestBody": "",
      "RequestHeaders": {
        "x-ms-client-request-id": [
          "73be92e3-ffb7-43ce-b942-4e3387a18129"
        ],
        "User-Agent": [
          "FxVersion/4.6.28207.03",
          "OSName/Windows",
          "OSVersion/Microsoft.Windows.10.0.22000.",
          "Microsoft.Azure.Management.CosmosDB.CosmosDBManagementClient/3.5.0.0"
        ]
      },
      "ResponseHeaders": {
        "Cache-Control": [
          "no-store, no-cache"
        ],
        "Pragma": [
          "no-cache"
        ],
        "Strict-Transport-Security": [
          "max-age=31536000; includeSubDomains"
        ],
        "x-ms-gatewayversion": [
          "version=2.14.0"
        ],
        "Server": [
          "Microsoft-HTTPAPI/2.0"
        ],
        "x-ms-ratelimit-remaining-subscription-reads": [
          "11957"
        ],
        "x-ms-request-id": [
          "7c5ee267-25ac-4293-b47d-feff4b63c48e"
        ],
        "x-ms-correlation-request-id": [
          "7c5ee267-25ac-4293-b47d-feff4b63c48e"
        ],
        "x-ms-routing-request-id": [
          "SOUTHINDIA:20220308T174803Z:7c5ee267-25ac-4293-b47d-feff4b63c48e"
        ],
        "X-Content-Type-Options": [
          "nosniff"
        ],
        "Date": [
          "Tue, 08 Mar 2022 17:48:03 GMT"
        ],
        "Content-Length": [
          "22"
        ],
        "Content-Type": [
          "application/json"
        ]
      },
      "ResponseBody": "{\r\n  \"status\": \"Succeeded\"\r\n}",
      "StatusCode": 200
    },
    {
      "RequestUri": "/subscriptions/12053b8f-cab5-4f5c-9c1a-870580142abd/providers/Microsoft.DocumentDB/locations/eastus2/operationResults/51768f8d-ecf1-4cf7-8636-ca5be9bb0589?api-version=2021-11-15-preview",
      "EncodedRequestUri": "L3N1YnNjcmlwdGlvbnMvMTIwNTNiOGYtY2FiNS00ZjVjLTljMWEtODcwNTgwMTQyYWJkL3Byb3ZpZGVycy9NaWNyb3NvZnQuRG9jdW1lbnREQi9sb2NhdGlvbnMvZWFzdHVzMi9vcGVyYXRpb25SZXN1bHRzLzUxNzY4ZjhkLWVjZjEtNGNmNy04NjM2LWNhNWJlOWJiMDU4OT9hcGktdmVyc2lvbj0yMDIxLTExLTE1LXByZXZpZXc=",
      "RequestMethod": "GET",
      "RequestBody": "",
      "RequestHeaders": {
        "x-ms-client-request-id": [
          "73be92e3-ffb7-43ce-b942-4e3387a18129"
        ],
        "User-Agent": [
          "FxVersion/4.6.28207.03",
          "OSName/Windows",
          "OSVersion/Microsoft.Windows.10.0.22000.",
          "Microsoft.Azure.Management.CosmosDB.CosmosDBManagementClient/3.5.0.0"
        ]
      },
      "ResponseHeaders": {
        "Cache-Control": [
          "no-store, no-cache"
        ],
        "Pragma": [
          "no-cache"
        ],
        "Strict-Transport-Security": [
          "max-age=31536000; includeSubDomains"
        ],
        "x-ms-activity-id": [
          "73be92e3-ffb7-43ce-b942-4e3387a18129"
        ],
        "Server": [
          "Microsoft-HTTPAPI/2.0"
        ],
        "x-ms-ratelimit-remaining-subscription-reads": [
          "11956"
        ],
        "x-ms-request-id": [
          "89b05df3-8db5-49c0-9513-496f539eff43"
        ],
        "x-ms-correlation-request-id": [
          "89b05df3-8db5-49c0-9513-496f539eff43"
        ],
        "x-ms-routing-request-id": [
          "SOUTHINDIA:20220308T174803Z:89b05df3-8db5-49c0-9513-496f539eff43"
        ],
        "X-Content-Type-Options": [
          "nosniff"
        ],
        "Date": [
          "Tue, 08 Mar 2022 17:48:03 GMT"
        ],
        "Content-Length": [
          "0"
        ]
      },
      "ResponseBody": "",
      "StatusCode": 200
    },
    {
      "RequestUri": "/subscriptions/12053b8f-cab5-4f5c-9c1a-870580142abd/resourcegroups/cdbrg-asst3?api-version=2016-09-01",
      "EncodedRequestUri": "L3N1YnNjcmlwdGlvbnMvMTIwNTNiOGYtY2FiNS00ZjVjLTljMWEtODcwNTgwMTQyYWJkL3Jlc291cmNlZ3JvdXBzL2NkYnJnLWFzc3QzP2FwaS12ZXJzaW9uPTIwMTYtMDktMDE=",
      "RequestMethod": "DELETE",
      "RequestBody": "",
      "RequestHeaders": {
        "x-ms-client-request-id": [
          "035184f5-aa51-4834-9835-c0d494f4f2ca"
        ],
        "Accept-Language": [
          "en-US"
        ],
        "User-Agent": [
          "FxVersion/4.6.28207.03",
          "OSName/Windows",
          "OSVersion/Microsoft.Windows.10.0.22000.",
          "Microsoft.Azure.Management.Internal.Resources.ResourceManagementClient/1.3.54"
        ]
      },
      "ResponseHeaders": {
        "Cache-Control": [
          "no-cache"
        ],
        "Pragma": [
          "no-cache"
        ],
        "Location": [
          "https://management.azure.com/subscriptions/12053b8f-cab5-4f5c-9c1a-870580142abd/operationresults/eyJqb2JJZCI6IlJFU09VUkNFR1JPVVBERUxFVElPTkpPQi1DREJSRzoyREFTU1QzLUVBU1RVUzIiLCJqb2JMb2NhdGlvbiI6ImVhc3R1czIifQ?api-version=2016-09-01"
        ],
        "Retry-After": [
          "15"
        ],
        "x-ms-ratelimit-remaining-subscription-deletes": [
          "14999"
        ],
        "x-ms-request-id": [
          "bc03fafe-8d85-42d1-92cb-b7c4b27f58f2"
        ],
        "x-ms-correlation-request-id": [
          "bc03fafe-8d85-42d1-92cb-b7c4b27f58f2"
        ],
        "x-ms-routing-request-id": [
          "SOUTHINDIA:20220308T174809Z:bc03fafe-8d85-42d1-92cb-b7c4b27f58f2"
        ],
        "Strict-Transport-Security": [
          "max-age=31536000; includeSubDomains"
        ],
        "X-Content-Type-Options": [
          "nosniff"
        ],
        "Date": [
          "Tue, 08 Mar 2022 17:48:09 GMT"
        ],
        "Expires": [
          "-1"
        ],
        "Content-Length": [
          "0"
        ]
      },
      "ResponseBody": "",
      "StatusCode": 202
    },
    {
      "RequestUri": "/subscriptions/12053b8f-cab5-4f5c-9c1a-870580142abd/operationresults/eyJqb2JJZCI6IlJFU09VUkNFR1JPVVBERUxFVElPTkpPQi1DREJSRzoyREFTU1QzLUVBU1RVUzIiLCJqb2JMb2NhdGlvbiI6ImVhc3R1czIifQ?api-version=2016-09-01",
      "EncodedRequestUri": "L3N1YnNjcmlwdGlvbnMvMTIwNTNiOGYtY2FiNS00ZjVjLTljMWEtODcwNTgwMTQyYWJkL29wZXJhdGlvbnJlc3VsdHMvZXlKcWIySkpaQ0k2SWxKRlUwOVZVa05GUjFKUFZWQkVSVXhGVkVsUFRrcFBRaTFEUkVKU1J6b3lSRUZUVTFRekxVVkJVMVJWVXpJaUxDSnFiMkpNYjJOaGRHbHZiaUk2SW1WaGMzUjFjeklpZlE/YXBpLXZlcnNpb249MjAxNi0wOS0wMQ==",
      "RequestMethod": "GET",
      "RequestBody": "",
      "RequestHeaders": {
        "User-Agent": [
          "FxVersion/4.6.28207.03",
          "OSName/Windows",
          "OSVersion/Microsoft.Windows.10.0.22000.",
          "Microsoft.Azure.Management.Internal.Resources.ResourceManagementClient/1.3.54"
        ]
      },
      "ResponseHeaders": {
        "Cache-Control": [
          "no-cache"
        ],
        "Pragma": [
          "no-cache"
        ],
        "Location": [
          "https://management.azure.com/subscriptions/12053b8f-cab5-4f5c-9c1a-870580142abd/operationresults/eyJqb2JJZCI6IlJFU09VUkNFR1JPVVBERUxFVElPTkpPQi1DREJSRzoyREFTU1QzLUVBU1RVUzIiLCJqb2JMb2NhdGlvbiI6ImVhc3R1czIifQ?api-version=2016-09-01"
        ],
        "Retry-After": [
          "15"
        ],
        "x-ms-ratelimit-remaining-subscription-reads": [
          "11999"
        ],
        "x-ms-request-id": [
          "75700f9f-c290-4443-8ddf-757df2f6b349"
        ],
        "x-ms-correlation-request-id": [
          "75700f9f-c290-4443-8ddf-757df2f6b349"
        ],
        "x-ms-routing-request-id": [
          "SOUTHINDIA:20220308T174824Z:75700f9f-c290-4443-8ddf-757df2f6b349"
        ],
        "Strict-Transport-Security": [
          "max-age=31536000; includeSubDomains"
        ],
        "X-Content-Type-Options": [
          "nosniff"
        ],
        "Date": [
          "Tue, 08 Mar 2022 17:48:24 GMT"
        ],
        "Expires": [
          "-1"
        ],
        "Content-Length": [
          "0"
        ]
      },
      "ResponseBody": "",
      "StatusCode": 202
    },
    {
      "RequestUri": "/subscriptions/12053b8f-cab5-4f5c-9c1a-870580142abd/operationresults/eyJqb2JJZCI6IlJFU09VUkNFR1JPVVBERUxFVElPTkpPQi1DREJSRzoyREFTU1QzLUVBU1RVUzIiLCJqb2JMb2NhdGlvbiI6ImVhc3R1czIifQ?api-version=2016-09-01",
      "EncodedRequestUri": "L3N1YnNjcmlwdGlvbnMvMTIwNTNiOGYtY2FiNS00ZjVjLTljMWEtODcwNTgwMTQyYWJkL29wZXJhdGlvbnJlc3VsdHMvZXlKcWIySkpaQ0k2SWxKRlUwOVZVa05GUjFKUFZWQkVSVXhGVkVsUFRrcFBRaTFEUkVKU1J6b3lSRUZUVTFRekxVVkJVMVJWVXpJaUxDSnFiMkpNYjJOaGRHbHZiaUk2SW1WaGMzUjFjeklpZlE/YXBpLXZlcnNpb249MjAxNi0wOS0wMQ==",
      "RequestMethod": "GET",
      "RequestBody": "",
      "RequestHeaders": {
        "User-Agent": [
          "FxVersion/4.6.28207.03",
          "OSName/Windows",
          "OSVersion/Microsoft.Windows.10.0.22000.",
          "Microsoft.Azure.Management.Internal.Resources.ResourceManagementClient/1.3.54"
        ]
      },
      "ResponseHeaders": {
        "Cache-Control": [
          "no-cache"
        ],
        "Pragma": [
          "no-cache"
        ],
        "Location": [
          "https://management.azure.com/subscriptions/12053b8f-cab5-4f5c-9c1a-870580142abd/operationresults/eyJqb2JJZCI6IlJFU09VUkNFR1JPVVBERUxFVElPTkpPQi1DREJSRzoyREFTU1QzLUVBU1RVUzIiLCJqb2JMb2NhdGlvbiI6ImVhc3R1czIifQ?api-version=2016-09-01"
        ],
        "Retry-After": [
          "15"
        ],
        "x-ms-ratelimit-remaining-subscription-reads": [
          "11998"
        ],
        "x-ms-request-id": [
          "6d267178-3757-4a5e-a113-3940eaac70f3"
        ],
        "x-ms-correlation-request-id": [
          "6d267178-3757-4a5e-a113-3940eaac70f3"
        ],
        "x-ms-routing-request-id": [
          "SOUTHINDIA:20220308T174840Z:6d267178-3757-4a5e-a113-3940eaac70f3"
        ],
        "Strict-Transport-Security": [
          "max-age=31536000; includeSubDomains"
        ],
        "X-Content-Type-Options": [
          "nosniff"
        ],
        "Date": [
          "Tue, 08 Mar 2022 17:48:39 GMT"
        ],
        "Expires": [
          "-1"
        ],
        "Content-Length": [
          "0"
        ]
      },
      "ResponseBody": "",
      "StatusCode": 202
    },
    {
      "RequestUri": "/subscriptions/12053b8f-cab5-4f5c-9c1a-870580142abd/operationresults/eyJqb2JJZCI6IlJFU09VUkNFR1JPVVBERUxFVElPTkpPQi1DREJSRzoyREFTU1QzLUVBU1RVUzIiLCJqb2JMb2NhdGlvbiI6ImVhc3R1czIifQ?api-version=2016-09-01",
      "EncodedRequestUri": "L3N1YnNjcmlwdGlvbnMvMTIwNTNiOGYtY2FiNS00ZjVjLTljMWEtODcwNTgwMTQyYWJkL29wZXJhdGlvbnJlc3VsdHMvZXlKcWIySkpaQ0k2SWxKRlUwOVZVa05GUjFKUFZWQkVSVXhGVkVsUFRrcFBRaTFEUkVKU1J6b3lSRUZUVTFRekxVVkJVMVJWVXpJaUxDSnFiMkpNYjJOaGRHbHZiaUk2SW1WaGMzUjFjeklpZlE/YXBpLXZlcnNpb249MjAxNi0wOS0wMQ==",
      "RequestMethod": "GET",
      "RequestBody": "",
      "RequestHeaders": {
        "User-Agent": [
          "FxVersion/4.6.28207.03",
          "OSName/Windows",
          "OSVersion/Microsoft.Windows.10.0.22000.",
          "Microsoft.Azure.Management.Internal.Resources.ResourceManagementClient/1.3.54"
        ]
      },
      "ResponseHeaders": {
        "Cache-Control": [
          "no-cache"
        ],
        "Pragma": [
          "no-cache"
        ],
        "Location": [
          "https://management.azure.com/subscriptions/12053b8f-cab5-4f5c-9c1a-870580142abd/operationresults/eyJqb2JJZCI6IlJFU09VUkNFR1JPVVBERUxFVElPTkpPQi1DREJSRzoyREFTU1QzLUVBU1RVUzIiLCJqb2JMb2NhdGlvbiI6ImVhc3R1czIifQ?api-version=2016-09-01"
        ],
        "Retry-After": [
          "15"
        ],
        "x-ms-ratelimit-remaining-subscription-reads": [
          "11997"
        ],
        "x-ms-request-id": [
          "4cf122c7-b1bb-4889-bba0-88bcd3461632"
        ],
        "x-ms-correlation-request-id": [
          "4cf122c7-b1bb-4889-bba0-88bcd3461632"
        ],
        "x-ms-routing-request-id": [
          "SOUTHINDIA:20220308T174855Z:4cf122c7-b1bb-4889-bba0-88bcd3461632"
        ],
        "Strict-Transport-Security": [
          "max-age=31536000; includeSubDomains"
        ],
        "X-Content-Type-Options": [
          "nosniff"
        ],
        "Date": [
          "Tue, 08 Mar 2022 17:48:55 GMT"
        ],
        "Expires": [
          "-1"
        ],
        "Content-Length": [
          "0"
        ]
      },
      "ResponseBody": "",
      "StatusCode": 202
    },
    {
      "RequestUri": "/subscriptions/12053b8f-cab5-4f5c-9c1a-870580142abd/operationresults/eyJqb2JJZCI6IlJFU09VUkNFR1JPVVBERUxFVElPTkpPQi1DREJSRzoyREFTU1QzLUVBU1RVUzIiLCJqb2JMb2NhdGlvbiI6ImVhc3R1czIifQ?api-version=2016-09-01",
      "EncodedRequestUri": "L3N1YnNjcmlwdGlvbnMvMTIwNTNiOGYtY2FiNS00ZjVjLTljMWEtODcwNTgwMTQyYWJkL29wZXJhdGlvbnJlc3VsdHMvZXlKcWIySkpaQ0k2SWxKRlUwOVZVa05GUjFKUFZWQkVSVXhGVkVsUFRrcFBRaTFEUkVKU1J6b3lSRUZUVTFRekxVVkJVMVJWVXpJaUxDSnFiMkpNYjJOaGRHbHZiaUk2SW1WaGMzUjFjeklpZlE/YXBpLXZlcnNpb249MjAxNi0wOS0wMQ==",
      "RequestMethod": "GET",
      "RequestBody": "",
      "RequestHeaders": {
        "User-Agent": [
          "FxVersion/4.6.28207.03",
          "OSName/Windows",
          "OSVersion/Microsoft.Windows.10.0.22000.",
          "Microsoft.Azure.Management.Internal.Resources.ResourceManagementClient/1.3.54"
        ]
      },
      "ResponseHeaders": {
        "Cache-Control": [
          "no-cache"
        ],
        "Pragma": [
          "no-cache"
        ],
        "Location": [
          "https://management.azure.com/subscriptions/12053b8f-cab5-4f5c-9c1a-870580142abd/operationresults/eyJqb2JJZCI6IlJFU09VUkNFR1JPVVBERUxFVElPTkpPQi1DREJSRzoyREFTU1QzLUVBU1RVUzIiLCJqb2JMb2NhdGlvbiI6ImVhc3R1czIifQ?api-version=2016-09-01"
        ],
        "Retry-After": [
          "15"
        ],
        "x-ms-ratelimit-remaining-subscription-reads": [
          "11996"
        ],
        "x-ms-request-id": [
          "a3f676ea-f184-4489-963d-f63a717aafdd"
        ],
        "x-ms-correlation-request-id": [
          "a3f676ea-f184-4489-963d-f63a717aafdd"
        ],
        "x-ms-routing-request-id": [
          "SOUTHINDIA:20220308T174911Z:a3f676ea-f184-4489-963d-f63a717aafdd"
        ],
        "Strict-Transport-Security": [
          "max-age=31536000; includeSubDomains"
        ],
        "X-Content-Type-Options": [
          "nosniff"
        ],
        "Date": [
          "Tue, 08 Mar 2022 17:49:11 GMT"
        ],
        "Expires": [
          "-1"
        ],
        "Content-Length": [
          "0"
        ]
      },
      "ResponseBody": "",
      "StatusCode": 202
    },
    {
      "RequestUri": "/subscriptions/12053b8f-cab5-4f5c-9c1a-870580142abd/operationresults/eyJqb2JJZCI6IlJFU09VUkNFR1JPVVBERUxFVElPTkpPQi1DREJSRzoyREFTU1QzLUVBU1RVUzIiLCJqb2JMb2NhdGlvbiI6ImVhc3R1czIifQ?api-version=2016-09-01",
      "EncodedRequestUri": "L3N1YnNjcmlwdGlvbnMvMTIwNTNiOGYtY2FiNS00ZjVjLTljMWEtODcwNTgwMTQyYWJkL29wZXJhdGlvbnJlc3VsdHMvZXlKcWIySkpaQ0k2SWxKRlUwOVZVa05GUjFKUFZWQkVSVXhGVkVsUFRrcFBRaTFEUkVKU1J6b3lSRUZUVTFRekxVVkJVMVJWVXpJaUxDSnFiMkpNYjJOaGRHbHZiaUk2SW1WaGMzUjFjeklpZlE/YXBpLXZlcnNpb249MjAxNi0wOS0wMQ==",
      "RequestMethod": "GET",
      "RequestBody": "",
      "RequestHeaders": {
        "User-Agent": [
          "FxVersion/4.6.28207.03",
          "OSName/Windows",
          "OSVersion/Microsoft.Windows.10.0.22000.",
          "Microsoft.Azure.Management.Internal.Resources.ResourceManagementClient/1.3.54"
        ]
      },
      "ResponseHeaders": {
        "Cache-Control": [
          "no-cache"
        ],
        "Pragma": [
          "no-cache"
        ],
        "x-ms-ratelimit-remaining-subscription-reads": [
          "11995"
        ],
        "x-ms-request-id": [
          "5b2db05e-cc0c-42a5-9ded-dc368e41cdc6"
        ],
        "x-ms-correlation-request-id": [
          "5b2db05e-cc0c-42a5-9ded-dc368e41cdc6"
        ],
        "x-ms-routing-request-id": [
          "SOUTHINDIA:20220308T174926Z:5b2db05e-cc0c-42a5-9ded-dc368e41cdc6"
        ],
        "Strict-Transport-Security": [
          "max-age=31536000; includeSubDomains"
        ],
        "X-Content-Type-Options": [
          "nosniff"
        ],
        "Date": [
          "Tue, 08 Mar 2022 17:49:26 GMT"
        ],
        "Expires": [
          "-1"
        ],
        "Content-Length": [
          "0"
        ]
      },
      "ResponseBody": "",
      "StatusCode": 200
    },
    {
      "RequestUri": "/subscriptions/12053b8f-cab5-4f5c-9c1a-870580142abd/operationresults/eyJqb2JJZCI6IlJFU09VUkNFR1JPVVBERUxFVElPTkpPQi1DREJSRzoyREFTU1QzLUVBU1RVUzIiLCJqb2JMb2NhdGlvbiI6ImVhc3R1czIifQ?api-version=2016-09-01",
      "EncodedRequestUri": "L3N1YnNjcmlwdGlvbnMvMTIwNTNiOGYtY2FiNS00ZjVjLTljMWEtODcwNTgwMTQyYWJkL29wZXJhdGlvbnJlc3VsdHMvZXlKcWIySkpaQ0k2SWxKRlUwOVZVa05GUjFKUFZWQkVSVXhGVkVsUFRrcFBRaTFEUkVKU1J6b3lSRUZUVTFRekxVVkJVMVJWVXpJaUxDSnFiMkpNYjJOaGRHbHZiaUk2SW1WaGMzUjFjeklpZlE/YXBpLXZlcnNpb249MjAxNi0wOS0wMQ==",
      "RequestMethod": "GET",
      "RequestBody": "",
      "RequestHeaders": {
        "User-Agent": [
          "FxVersion/4.6.28207.03",
          "OSName/Windows",
          "OSVersion/Microsoft.Windows.10.0.22000.",
          "Microsoft.Azure.Management.Internal.Resources.ResourceManagementClient/1.3.54"
        ]
      },
      "ResponseHeaders": {
        "Cache-Control": [
          "no-cache"
        ],
        "Pragma": [
          "no-cache"
        ],
        "x-ms-ratelimit-remaining-subscription-reads": [
          "11994"
        ],
        "x-ms-request-id": [
          "7820869e-a424-4e25-9744-86776d2def1d"
        ],
        "x-ms-correlation-request-id": [
          "7820869e-a424-4e25-9744-86776d2def1d"
        ],
        "x-ms-routing-request-id": [
          "SOUTHINDIA:20220308T174927Z:7820869e-a424-4e25-9744-86776d2def1d"
        ],
        "Strict-Transport-Security": [
          "max-age=31536000; includeSubDomains"
        ],
        "X-Content-Type-Options": [
          "nosniff"
        ],
        "Date": [
          "Tue, 08 Mar 2022 17:49:26 GMT"
        ],
        "Expires": [
          "-1"
        ],
        "Content-Length": [
          "0"
        ]
      },
      "ResponseBody": "",
      "StatusCode": 200
    }
  ],
  "Names": {},
  "Variables": {
    "SubscriptionId": "12053b8f-cab5-4f5c-9c1a-870580142abd"
  }
}