{
  "Entries": [
    {
      "RequestUri": "/subscriptions/dec9ed54-2b7f-4476-9bd0-875544af59df/resourcegroups/CosmosDBResourceGroup9?api-version=2016-09-01",
      "EncodedRequestUri": "L3N1YnNjcmlwdGlvbnMvZGVjOWVkNTQtMmI3Zi00NDc2LTliZDAtODc1NTQ0YWY1OWRmL3Jlc291cmNlZ3JvdXBzL0Nvc21vc0RCUmVzb3VyY2VHcm91cDk/YXBpLXZlcnNpb249MjAxNi0wOS0wMQ==",
      "RequestMethod": "PUT",
      "RequestHeaders": {
        "x-ms-client-request-id": [
          "7bac3b3e-566f-4398-8c09-0a360f81a4e5"
        ],
        "Accept-Language": [
          "en-US"
        ],
        "User-Agent": [
          "FxVersion/6.0.3624.51421",
          "OSName/Windows",
          "OSVersion/Microsoft.Windows.10.0.22631",
          "Microsoft.Azure.Management.Internal.Resources.ResourceManagementClient/1.3.104"
        ],
        "Content-Type": [
          "application/json; charset=utf-8"
        ],
        "Content-Length": [
          "29"
        ]
      },
      "RequestBody": "{\r\n  \"location\": \"East US\"\r\n}",
      "ResponseHeaders": {
        "Cache-Control": [
          "no-cache"
        ],
        "Pragma": [
          "no-cache"
        ],
        "x-ms-ratelimit-remaining-subscription-writes": [
          "799"
        ],
        "x-ms-ratelimit-remaining-subscription-global-writes": [
          "11999"
        ],
        "x-ms-request-id": [
          "5989c4c5-eba0-43f8-854b-22eed6cb8882"
        ],
        "x-ms-correlation-request-id": [
          "5989c4c5-eba0-43f8-854b-22eed6cb8882"
        ],
        "x-ms-routing-request-id": [
          "EASTUS:20250305T182825Z:5989c4c5-eba0-43f8-854b-22eed6cb8882"
        ],
        "Strict-Transport-Security": [
          "max-age=31536000; includeSubDomains"
        ],
        "X-Content-Type-Options": [
          "nosniff"
        ],
        "X-Cache": [
          "CONFIG_NOCACHE"
        ],
        "X-MSEdge-Ref": [
          "Ref A: D37093C1A5B541CAAC70B42BE9607992 Ref B: MNZ221060609011 Ref C: 2025-03-05T18:28:24Z"
        ],
        "Date": [
          "Wed, 05 Mar 2025 18:28:25 GMT"
        ],
        "Content-Length": [
          "197"
        ],
        "Content-Type": [
          "application/json; charset=utf-8"
        ],
        "Expires": [
          "-1"
        ]
      },
      "ResponseBody": "{\r\n  \"id\": \"/subscriptions/dec9ed54-2b7f-4476-9bd0-875544af59df/resourceGroups/CosmosDBResourceGroup9\",\r\n  \"name\": \"CosmosDBResourceGroup9\",\r\n  \"location\": \"eastus\",\r\n  \"properties\": {\r\n    \"provisioningState\": \"Succeeded\"\r\n  }\r\n}",
      "StatusCode": 201
    },
    {
      "RequestUri": "/subscriptions/dec9ed54-2b7f-4476-9bd0-875544af59df/resourceGroups/CosmosDBResourceGroup9/providers/Microsoft.DocumentDB/databaseAccounts/testupdateregionpowershell11?api-version=2024-11-15",
      "EncodedRequestUri": "L3N1YnNjcmlwdGlvbnMvZGVjOWVkNTQtMmI3Zi00NDc2LTliZDAtODc1NTQ0YWY1OWRmL3Jlc291cmNlR3JvdXBzL0Nvc21vc0RCUmVzb3VyY2VHcm91cDkvcHJvdmlkZXJzL01pY3Jvc29mdC5Eb2N1bWVudERCL2RhdGFiYXNlQWNjb3VudHMvdGVzdHVwZGF0ZXJlZ2lvbnBvd2Vyc2hlbGwxMT9hcGktdmVyc2lvbj0yMDI0LTExLTE1",
      "RequestMethod": "GET",
      "RequestHeaders": {
        "x-ms-client-request-id": [
          "ddc25085-9ce3-4b6d-9d52-facae53f98ed"
        ],
        "Accept-Language": [
          "en-US"
        ],
        "User-Agent": [
          "FxVersion/6.0.3624.51421",
          "OSName/Windows",
          "OSVersion/Microsoft.Windows.10.0.22631",
          "Microsoft.Azure.Management.CosmosDB.CosmosDBManagementClient/1.17.0"
        ]
      },
      "RequestBody": "",
      "ResponseHeaders": {
        "Cache-Control": [
          "no-cache"
        ],
        "Pragma": [
          "no-cache"
        ],
        "x-ms-failure-cause": [
          "gateway"
        ],
        "x-ms-request-id": [
          "d3c4a7c0-182c-484a-b048-514af3f8a306"
        ],
        "x-ms-correlation-request-id": [
          "d3c4a7c0-182c-484a-b048-514af3f8a306"
        ],
        "x-ms-routing-request-id": [
          "EASTUS:20250305T182825Z:d3c4a7c0-182c-484a-b048-514af3f8a306"
        ],
        "Strict-Transport-Security": [
          "max-age=31536000; includeSubDomains"
        ],
        "X-Content-Type-Options": [
          "nosniff"
        ],
        "X-Cache": [
          "CONFIG_NOCACHE"
        ],
        "X-MSEdge-Ref": [
          "Ref A: 5BC3FA2174744629BB85F8E641D0A7A3 Ref B: BL2AA2030104025 Ref C: 2025-03-05T18:28:25Z"
        ],
        "Date": [
          "Wed, 05 Mar 2025 18:28:25 GMT"
        ],
        "Content-Length": [
          "260"
        ],
        "Content-Type": [
          "application/json; charset=utf-8"
        ],
        "Expires": [
          "-1"
        ]
      },
      "ResponseBody": "{\r\n  \"error\": {\r\n    \"code\": \"ResourceNotFound\",\r\n    \"message\": \"The Resource 'Microsoft.DocumentDB/databaseAccounts/testupdateregionpowershell11' under resource group 'CosmosDBResourceGroup9' was not found. For more details please go to https://aka.ms/ARMResourceNotFoundFix\"\r\n  }\r\n}",
      "StatusCode": 404
    },
    {
      "RequestUri": "/subscriptions/dec9ed54-2b7f-4476-9bd0-875544af59df/resourceGroups/CosmosDBResourceGroup9/providers/Microsoft.DocumentDB/databaseAccounts/testupdateregionpowershell11?api-version=2024-11-15",
      "EncodedRequestUri": "L3N1YnNjcmlwdGlvbnMvZGVjOWVkNTQtMmI3Zi00NDc2LTliZDAtODc1NTQ0YWY1OWRmL3Jlc291cmNlR3JvdXBzL0Nvc21vc0RCUmVzb3VyY2VHcm91cDkvcHJvdmlkZXJzL01pY3Jvc29mdC5Eb2N1bWVudERCL2RhdGFiYXNlQWNjb3VudHMvdGVzdHVwZGF0ZXJlZ2lvbnBvd2Vyc2hlbGwxMT9hcGktdmVyc2lvbj0yMDI0LTExLTE1",
      "RequestMethod": "GET",
      "RequestHeaders": {
        "x-ms-client-request-id": [
          "ddc25085-9ce3-4b6d-9d52-facae53f98ed"
        ],
        "User-Agent": [
          "FxVersion/6.0.3624.51421",
          "OSName/Windows",
          "OSVersion/Microsoft.Windows.10.0.22631",
          "Microsoft.Azure.Management.CosmosDB.CosmosDBManagementClient/1.17.0"
        ]
      },
      "RequestBody": "",
      "ResponseHeaders": {
        "Cache-Control": [
          "no-store, no-cache"
        ],
        "Pragma": [
          "no-cache"
        ],
        "Strict-Transport-Security": [
          "max-age=31536000; includeSubDomains"
        ],
        "x-ms-gatewayversion": [
          "version=2.14.0"
        ],
        "x-ms-ratelimit-remaining-subscription-reads": [
          "1099"
        ],
        "x-ms-ratelimit-remaining-subscription-global-reads": [
          "16499"
        ],
        "x-ms-request-id": [
          "0877a959-9607-414d-ba7e-826f2cac8ad1"
        ],
        "x-ms-correlation-request-id": [
          "0877a959-9607-414d-ba7e-826f2cac8ad1"
        ],
        "x-ms-routing-request-id": [
          "EASTUS:20250305T183029Z:0877a959-9607-414d-ba7e-826f2cac8ad1"
        ],
        "X-Content-Type-Options": [
          "nosniff"
        ],
        "X-Cache": [
          "CONFIG_NOCACHE"
        ],
        "X-MSEdge-Ref": [
          "Ref A: 1CD051831A754012B2BDDE419E10B39B Ref B: BL2AA2030104025 Ref C: 2025-03-05T18:30:29Z"
        ],
        "Date": [
          "Wed, 05 Mar 2025 18:30:28 GMT"
        ],
        "Content-Length": [
          "2943"
        ],
        "Content-Type": [
          "application/json"
        ]
      },
      "ResponseBody": "{\r\n  \"id\": \"/subscriptions/dec9ed54-2b7f-4476-9bd0-875544af59df/resourceGroups/CosmosDBResourceGroup9/providers/Microsoft.DocumentDB/databaseAccounts/testupdateregionpowershell11\",\r\n  \"name\": \"testupdateregionpowershell11\",\r\n  \"location\": \"East US\",\r\n  \"type\": \"Microsoft.DocumentDB/databaseAccounts\",\r\n  \"kind\": \"GlobalDocumentDB\",\r\n  \"tags\": {},\r\n  \"systemData\": {\r\n    \"createdAt\": \"2025-03-05T18:29:39.5675051Z\"\r\n  },\r\n  \"properties\": {\r\n    \"provisioningState\": \"Succeeded\",\r\n    \"documentEndpoint\": \"https://testupdateregionpowershell11.documents.azure.com:443/\",\r\n    \"sqlEndpoint\": \"https://testupdateregionpowershell11.documents.azure.com:443/\",\r\n    \"publicNetworkAccess\": \"Enabled\",\r\n    \"enableAutomaticFailover\": true,\r\n    \"enableMultipleWriteLocations\": true,\r\n    \"enablePartitionKeyMonitor\": false,\r\n    \"isVirtualNetworkFilterEnabled\": false,\r\n    \"virtualNetworkRules\": [],\r\n    \"EnabledApiTypes\": \"Sql\",\r\n    \"disableKeyBasedMetadataWriteAccess\": false,\r\n    \"enableFreeTier\": false,\r\n    \"enableAnalyticalStorage\": false,\r\n    \"analyticalStorageConfiguration\": {\r\n      \"schemaType\": \"WellDefined\"\r\n    },\r\n    \"instanceId\": \"4ad450a5-57b8-4321-980b-38d9572495f6\",\r\n    \"databaseAccountOfferType\": \"Standard\",\r\n    \"enableFullFidelityChangeFeed\": false,\r\n    \"defaultIdentity\": \"FirstPartyIdentity\",\r\n    \"networkAclBypass\": \"None\",\r\n    \"disableLocalAuth\": false,\r\n    \"enablePartitionMerge\": false,\r\n    \"enablePerRegionPerPartitionAutoscale\": false,\r\n    \"enableBurstCapacity\": false,\r\n    \"minimalTlsVersion\": \"Tls12\",\r\n    \"consistencyPolicy\": {\r\n      \"defaultConsistencyLevel\": \"Session\",\r\n      \"maxIntervalInSeconds\": 5,\r\n      \"maxStalenessPrefix\": 100\r\n    },\r\n    \"configurationOverrides\": {\r\n      \"EnablePerRegionPerPartitionAutoscaleOptIn\": \"True\"\r\n    },\r\n    \"writeLocations\": [\r\n      {\r\n        \"id\": \"testupdateregionpowershell11-eastus\",\r\n        \"locationName\": \"East US\",\r\n        \"documentEndpoint\": \"https://testupdateregionpowershell11-eastus.documents.azure.com:443/\",\r\n        \"provisioningState\": \"Succeeded\",\r\n        \"failoverPriority\": 0,\r\n        \"isZoneRedundant\": false\r\n      }\r\n    ],\r\n    \"readLocations\": [\r\n      {\r\n        \"id\": \"testupdateregionpowershell11-eastus\",\r\n        \"locationName\": \"East US\",\r\n        \"documentEndpoint\": \"https://testupdateregionpowershell11-eastus.documents.azure.com:443/\",\r\n        \"provisioningState\": \"Succeeded\",\r\n        \"failoverPriority\": 0,\r\n        \"isZoneRedundant\": false\r\n      }\r\n    ],\r\n    \"locations\": [\r\n      {\r\n        \"id\": \"testupdateregionpowershell11-eastus\",\r\n        \"locationName\": \"East US\",\r\n        \"documentEndpoint\": \"https://testupdateregionpowershell11-eastus.documents.azure.com:443/\",\r\n        \"provisioningState\": \"Succeeded\",\r\n        \"failoverPriority\": 0,\r\n        \"isZoneRedundant\": false\r\n      }\r\n    ],\r\n    \"failoverPolicies\": [\r\n      {\r\n        \"id\": \"testupdateregionpowershell11-eastus\",\r\n        \"locationName\": \"East US\",\r\n        \"failoverPriority\": 0\r\n      }\r\n    ],\r\n    \"cors\": [],\r\n    \"capabilities\": [],\r\n    \"ipRules\": [],\r\n    \"backupPolicy\": {\r\n      \"type\": \"Periodic\",\r\n      \"periodicModeProperties\": {\r\n        \"backupIntervalInMinutes\": 240,\r\n        \"backupRetentionIntervalInHours\": 8,\r\n        \"backupStorageRedundancy\": \"Geo\"\r\n      }\r\n    },\r\n    \"networkAclBypassResourceIds\": [],\r\n    \"keysMetadata\": {\r\n      \"primaryMasterKey\": {\r\n        \"generationTime\": \"2025-03-05T18:29:39.5675051Z\"\r\n      },\r\n      \"secondaryMasterKey\": {\r\n        \"generationTime\": \"2025-03-05T18:29:39.5675051Z\"\r\n      },\r\n      \"primaryReadonlyMasterKey\": {\r\n        \"generationTime\": \"2025-03-05T18:29:39.5675051Z\"\r\n      },\r\n      \"secondaryReadonlyMasterKey\": {\r\n        \"generationTime\": \"2025-03-05T18:29:39.5675051Z\"\r\n      }\r\n    }\r\n  },\r\n  \"identity\": {\r\n    \"type\": \"None\"\r\n  }\r\n}",
      "StatusCode": 200
    },
    {
      "RequestUri": "/subscriptions/dec9ed54-2b7f-4476-9bd0-875544af59df/resourceGroups/CosmosDBResourceGroup9/providers/Microsoft.DocumentDB/databaseAccounts/testupdateregionpowershell11?api-version=2024-11-15",
      "EncodedRequestUri": "L3N1YnNjcmlwdGlvbnMvZGVjOWVkNTQtMmI3Zi00NDc2LTliZDAtODc1NTQ0YWY1OWRmL3Jlc291cmNlR3JvdXBzL0Nvc21vc0RCUmVzb3VyY2VHcm91cDkvcHJvdmlkZXJzL01pY3Jvc29mdC5Eb2N1bWVudERCL2RhdGFiYXNlQWNjb3VudHMvdGVzdHVwZGF0ZXJlZ2lvbnBvd2Vyc2hlbGwxMT9hcGktdmVyc2lvbj0yMDI0LTExLTE1",
      "RequestMethod": "GET",
      "RequestHeaders": {
        "x-ms-client-request-id": [
          "247830d8-d355-4a1e-810f-63a3ecb42261"
        ],
        "Accept-Language": [
          "en-US"
        ],
        "User-Agent": [
          "FxVersion/6.0.3624.51421",
          "OSName/Windows",
          "OSVersion/Microsoft.Windows.10.0.22631",
          "Microsoft.Azure.Management.CosmosDB.CosmosDBManagementClient/1.17.0"
        ]
      },
      "RequestBody": "",
      "ResponseHeaders": {
        "Cache-Control": [
          "no-store, no-cache"
        ],
        "Pragma": [
          "no-cache"
        ],
        "Strict-Transport-Security": [
          "max-age=31536000; includeSubDomains"
        ],
        "x-ms-gatewayversion": [
          "version=2.14.0"
        ],
        "x-ms-ratelimit-remaining-subscription-reads": [
          "1099"
        ],
        "x-ms-ratelimit-remaining-subscription-global-reads": [
          "16499"
        ],
        "x-ms-request-id": [
          "ae78a86f-502f-4b15-909a-5bd8509d5934"
        ],
        "x-ms-correlation-request-id": [
          "ae78a86f-502f-4b15-909a-5bd8509d5934"
        ],
        "x-ms-routing-request-id": [
          "EASTUS:20250305T183029Z:ae78a86f-502f-4b15-909a-5bd8509d5934"
        ],
        "X-Content-Type-Options": [
          "nosniff"
        ],
        "X-Cache": [
          "CONFIG_NOCACHE"
        ],
        "X-MSEdge-Ref": [
          "Ref A: 1408686E6AE049C49A2C9B8EB452D667 Ref B: MNZ221060618023 Ref C: 2025-03-05T18:30:29Z"
        ],
        "Date": [
          "Wed, 05 Mar 2025 18:30:29 GMT"
        ],
        "Content-Length": [
          "2943"
        ],
        "Content-Type": [
          "application/json"
        ]
      },
      "ResponseBody": "{\r\n  \"id\": \"/subscriptions/dec9ed54-2b7f-4476-9bd0-875544af59df/resourceGroups/CosmosDBResourceGroup9/providers/Microsoft.DocumentDB/databaseAccounts/testupdateregionpowershell11\",\r\n  \"name\": \"testupdateregionpowershell11\",\r\n  \"location\": \"East US\",\r\n  \"type\": \"Microsoft.DocumentDB/databaseAccounts\",\r\n  \"kind\": \"GlobalDocumentDB\",\r\n  \"tags\": {},\r\n  \"systemData\": {\r\n    \"createdAt\": \"2025-03-05T18:29:39.5675051Z\"\r\n  },\r\n  \"properties\": {\r\n    \"provisioningState\": \"Succeeded\",\r\n    \"documentEndpoint\": \"https://testupdateregionpowershell11.documents.azure.com:443/\",\r\n    \"sqlEndpoint\": \"https://testupdateregionpowershell11.documents.azure.com:443/\",\r\n    \"publicNetworkAccess\": \"Enabled\",\r\n    \"enableAutomaticFailover\": true,\r\n    \"enableMultipleWriteLocations\": true,\r\n    \"enablePartitionKeyMonitor\": false,\r\n    \"isVirtualNetworkFilterEnabled\": false,\r\n    \"virtualNetworkRules\": [],\r\n    \"EnabledApiTypes\": \"Sql\",\r\n    \"disableKeyBasedMetadataWriteAccess\": false,\r\n    \"enableFreeTier\": false,\r\n    \"enableAnalyticalStorage\": false,\r\n    \"analyticalStorageConfiguration\": {\r\n      \"schemaType\": \"WellDefined\"\r\n    },\r\n    \"instanceId\": \"4ad450a5-57b8-4321-980b-38d9572495f6\",\r\n    \"databaseAccountOfferType\": \"Standard\",\r\n    \"enableFullFidelityChangeFeed\": false,\r\n    \"defaultIdentity\": \"FirstPartyIdentity\",\r\n    \"networkAclBypass\": \"None\",\r\n    \"disableLocalAuth\": false,\r\n    \"enablePartitionMerge\": false,\r\n    \"enablePerRegionPerPartitionAutoscale\": false,\r\n    \"enableBurstCapacity\": false,\r\n    \"minimalTlsVersion\": \"Tls12\",\r\n    \"consistencyPolicy\": {\r\n      \"defaultConsistencyLevel\": \"Session\",\r\n      \"maxIntervalInSeconds\": 5,\r\n      \"maxStalenessPrefix\": 100\r\n    },\r\n    \"configurationOverrides\": {\r\n      \"EnablePerRegionPerPartitionAutoscaleOptIn\": \"True\"\r\n    },\r\n    \"writeLocations\": [\r\n      {\r\n        \"id\": \"testupdateregionpowershell11-eastus\",\r\n        \"locationName\": \"East US\",\r\n        \"documentEndpoint\": \"https://testupdateregionpowershell11-eastus.documents.azure.com:443/\",\r\n        \"provisioningState\": \"Succeeded\",\r\n        \"failoverPriority\": 0,\r\n        \"isZoneRedundant\": false\r\n      }\r\n    ],\r\n    \"readLocations\": [\r\n      {\r\n        \"id\": \"testupdateregionpowershell11-eastus\",\r\n        \"locationName\": \"East US\",\r\n        \"documentEndpoint\": \"https://testupdateregionpowershell11-eastus.documents.azure.com:443/\",\r\n        \"provisioningState\": \"Succeeded\",\r\n        \"failoverPriority\": 0,\r\n        \"isZoneRedundant\": false\r\n      }\r\n    ],\r\n    \"locations\": [\r\n      {\r\n        \"id\": \"testupdateregionpowershell11-eastus\",\r\n        \"locationName\": \"East US\",\r\n        \"documentEndpoint\": \"https://testupdateregionpowershell11-eastus.documents.azure.com:443/\",\r\n        \"provisioningState\": \"Succeeded\",\r\n        \"failoverPriority\": 0,\r\n        \"isZoneRedundant\": false\r\n      }\r\n    ],\r\n    \"failoverPolicies\": [\r\n      {\r\n        \"id\": \"testupdateregionpowershell11-eastus\",\r\n        \"locationName\": \"East US\",\r\n        \"failoverPriority\": 0\r\n      }\r\n    ],\r\n    \"cors\": [],\r\n    \"capabilities\": [],\r\n    \"ipRules\": [],\r\n    \"backupPolicy\": {\r\n      \"type\": \"Periodic\",\r\n      \"periodicModeProperties\": {\r\n        \"backupIntervalInMinutes\": 240,\r\n        \"backupRetentionIntervalInHours\": 8,\r\n        \"backupStorageRedundancy\": \"Geo\"\r\n      }\r\n    },\r\n    \"networkAclBypassResourceIds\": [],\r\n    \"keysMetadata\": {\r\n      \"primaryMasterKey\": {\r\n        \"generationTime\": \"2025-03-05T18:29:39.5675051Z\"\r\n      },\r\n      \"secondaryMasterKey\": {\r\n        \"generationTime\": \"2025-03-05T18:29:39.5675051Z\"\r\n      },\r\n      \"primaryReadonlyMasterKey\": {\r\n        \"generationTime\": \"2025-03-05T18:29:39.5675051Z\"\r\n      },\r\n      \"secondaryReadonlyMasterKey\": {\r\n        \"generationTime\": \"2025-03-05T18:29:39.5675051Z\"\r\n      }\r\n    }\r\n  },\r\n  \"identity\": {\r\n    \"type\": \"None\"\r\n  }\r\n}",
      "StatusCode": 200
    },
    {
      "RequestUri": "/subscriptions/dec9ed54-2b7f-4476-9bd0-875544af59df/resourceGroups/CosmosDBResourceGroup9/providers/Microsoft.DocumentDB/databaseAccounts/testupdateregionpowershell11?api-version=2024-11-15",
      "EncodedRequestUri": "L3N1YnNjcmlwdGlvbnMvZGVjOWVkNTQtMmI3Zi00NDc2LTliZDAtODc1NTQ0YWY1OWRmL3Jlc291cmNlR3JvdXBzL0Nvc21vc0RCUmVzb3VyY2VHcm91cDkvcHJvdmlkZXJzL01pY3Jvc29mdC5Eb2N1bWVudERCL2RhdGFiYXNlQWNjb3VudHMvdGVzdHVwZGF0ZXJlZ2lvbnBvd2Vyc2hlbGwxMT9hcGktdmVyc2lvbj0yMDI0LTExLTE1",
      "RequestMethod": "GET",
      "RequestHeaders": {
        "x-ms-client-request-id": [
          "c41e42e5-2d18-4858-a12a-9f93667e2a0b"
        ],
        "User-Agent": [
          "FxVersion/6.0.3624.51421",
          "OSName/Windows",
          "OSVersion/Microsoft.Windows.10.0.22631",
          "Microsoft.Azure.Management.CosmosDB.CosmosDBManagementClient/1.17.0"
        ]
      },
      "RequestBody": "",
      "ResponseHeaders": {
        "Cache-Control": [
          "no-store, no-cache"
        ],
        "Pragma": [
          "no-cache"
        ],
        "Strict-Transport-Security": [
          "max-age=31536000; includeSubDomains"
        ],
        "x-ms-gatewayversion": [
          "version=2.14.0"
        ],
        "x-ms-ratelimit-remaining-subscription-reads": [
          "1099"
        ],
        "x-ms-ratelimit-remaining-subscription-global-reads": [
          "16499"
        ],
        "x-ms-request-id": [
          "b8400537-937f-4013-94c6-e9207edf27c1"
        ],
        "x-ms-correlation-request-id": [
          "b8400537-937f-4013-94c6-e9207edf27c1"
        ],
        "x-ms-routing-request-id": [
          "EASTUS2:20250305T183240Z:b8400537-937f-4013-94c6-e9207edf27c1"
        ],
        "X-Content-Type-Options": [
          "nosniff"
        ],
        "X-Cache": [
          "CONFIG_NOCACHE"
        ],
        "X-MSEdge-Ref": [
          "Ref A: 9A58DD0982E04BAD8BFB36B99AC4D162 Ref B: BL2AA2030102017 Ref C: 2025-03-05T18:32:40Z"
        ],
        "Date": [
          "Wed, 05 Mar 2025 18:32:40 GMT"
        ],
        "Content-Length": [
          "3770"
        ],
        "Content-Type": [
          "application/json"
        ]
      },
      "ResponseBody": "{\r\n  \"id\": \"/subscriptions/dec9ed54-2b7f-4476-9bd0-875544af59df/resourceGroups/CosmosDBResourceGroup9/providers/Microsoft.DocumentDB/databaseAccounts/testupdateregionpowershell11\",\r\n  \"name\": \"testupdateregionpowershell11\",\r\n  \"location\": \"East US\",\r\n  \"type\": \"Microsoft.DocumentDB/databaseAccounts\",\r\n  \"kind\": \"GlobalDocumentDB\",\r\n  \"tags\": {},\r\n  \"systemData\": {\r\n    \"createdAt\": \"2025-03-05T12:29:39.5675051-06:00\"\r\n  },\r\n  \"properties\": {\r\n    \"provisioningState\": \"Succeeded\",\r\n    \"documentEndpoint\": \"https://testupdateregionpowershell11.documents.azure.com:443/\",\r\n    \"sqlEndpoint\": \"https://testupdateregionpowershell11.documents.azure.com:443/\",\r\n    \"publicNetworkAccess\": \"Enabled\",\r\n    \"enableAutomaticFailover\": true,\r\n    \"enableMultipleWriteLocations\": true,\r\n    \"enablePartitionKeyMonitor\": false,\r\n    \"isVirtualNetworkFilterEnabled\": false,\r\n    \"virtualNetworkRules\": [],\r\n    \"EnabledApiTypes\": \"Sql\",\r\n    \"disableKeyBasedMetadataWriteAccess\": false,\r\n    \"enableFreeTier\": false,\r\n    \"enableAnalyticalStorage\": false,\r\n    \"analyticalStorageConfiguration\": {\r\n      \"schemaType\": \"WellDefined\"\r\n    },\r\n    \"instanceId\": \"4ad450a5-57b8-4321-980b-38d9572495f6\",\r\n    \"databaseAccountOfferType\": \"Standard\",\r\n    \"enableFullFidelityChangeFeed\": false,\r\n    \"defaultIdentity\": \"FirstPartyIdentity\",\r\n    \"networkAclBypass\": \"None\",\r\n    \"disableLocalAuth\": false,\r\n    \"enablePartitionMerge\": false,\r\n    \"enablePerRegionPerPartitionAutoscale\": false,\r\n    \"enableBurstCapacity\": false,\r\n    \"minimalTlsVersion\": \"Tls12\",\r\n    \"consistencyPolicy\": {\r\n      \"defaultConsistencyLevel\": \"Session\",\r\n      \"maxIntervalInSeconds\": 5,\r\n      \"maxStalenessPrefix\": 100\r\n    },\r\n    \"configurationOverrides\": {\r\n      \"EnablePerRegionPerPartitionAutoscaleOptIn\": \"True\"\r\n    },\r\n    \"writeLocations\": [\r\n      {\r\n        \"id\": \"testupdateregionpowershell11-eastus\",\r\n        \"locationName\": \"East US\",\r\n        \"documentEndpoint\": \"https://testupdateregionpowershell11-eastus.documents.azure.com:443/\",\r\n        \"provisioningState\": \"Succeeded\",\r\n        \"failoverPriority\": 0,\r\n        \"isZoneRedundant\": false\r\n      },\r\n      {\r\n        \"id\": \"testupdateregionpowershell11-westus\",\r\n        \"locationName\": \"West US\",\r\n        \"documentEndpoint\": \"https://testupdateregionpowershell11-westus.documents.azure.com:443/\",\r\n        \"provisioningState\": \"Succeeded\",\r\n        \"failoverPriority\": 1,\r\n        \"isZoneRedundant\": false\r\n      }\r\n    ],\r\n    \"readLocations\": [\r\n      {\r\n        \"id\": \"testupdateregionpowershell11-eastus\",\r\n        \"locationName\": \"East US\",\r\n        \"documentEndpoint\": \"https://testupdateregionpowershell11-eastus.documents.azure.com:443/\",\r\n        \"provisioningState\": \"Succeeded\",\r\n        \"failoverPriority\": 0,\r\n        \"isZoneRedundant\": false\r\n      },\r\n      {\r\n        \"id\": \"testupdateregionpowershell11-westus\",\r\n        \"locationName\": \"West US\",\r\n        \"documentEndpoint\": \"https://testupdateregionpowershell11-westus.documents.azure.com:443/\",\r\n        \"provisioningState\": \"Succeeded\",\r\n        \"failoverPriority\": 1,\r\n        \"isZoneRedundant\": false\r\n      }\r\n    ],\r\n    \"locations\": [\r\n      {\r\n        \"id\": \"testupdateregionpowershell11-eastus\",\r\n        \"locationName\": \"East US\",\r\n        \"documentEndpoint\": \"https://testupdateregionpowershell11-eastus.documents.azure.com:443/\",\r\n        \"provisioningState\": \"Succeeded\",\r\n        \"failoverPriority\": 0,\r\n        \"isZoneRedundant\": false\r\n      },\r\n      {\r\n        \"id\": \"testupdateregionpowershell11-westus\",\r\n        \"locationName\": \"West US\",\r\n        \"documentEndpoint\": \"https://testupdateregionpowershell11-westus.documents.azure.com:443/\",\r\n        \"provisioningState\": \"Succeeded\",\r\n        \"failoverPriority\": 1,\r\n        \"isZoneRedundant\": false\r\n      }\r\n    ],\r\n    \"failoverPolicies\": [\r\n      {\r\n        \"id\": \"testupdateregionpowershell11-eastus\",\r\n        \"locationName\": \"East US\",\r\n        \"failoverPriority\": 0\r\n      },\r\n      {\r\n        \"id\": \"testupdateregionpowershell11-westus\",\r\n        \"locationName\": \"West US\",\r\n        \"failoverPriority\": 1\r\n      }\r\n    ],\r\n    \"cors\": [],\r\n    \"capabilities\": [],\r\n    \"ipRules\": [],\r\n    \"backupPolicy\": {\r\n      \"type\": \"Periodic\",\r\n      \"periodicModeProperties\": {\r\n        \"backupIntervalInMinutes\": 240,\r\n        \"backupRetentionIntervalInHours\": 8,\r\n        \"backupStorageRedundancy\": \"Geo\"\r\n      }\r\n    },\r\n    \"networkAclBypassResourceIds\": [],\r\n    \"keysMetadata\": {\r\n      \"primaryMasterKey\": {\r\n        \"generationTime\": \"2025-03-05T12:29:39.5675051-06:00\"\r\n      },\r\n      \"secondaryMasterKey\": {\r\n        \"generationTime\": \"2025-03-05T12:29:39.5675051-06:00\"\r\n      },\r\n      \"primaryReadonlyMasterKey\": {\r\n        \"generationTime\": \"2025-03-05T12:29:39.5675051-06:00\"\r\n      },\r\n      \"secondaryReadonlyMasterKey\": {\r\n        \"generationTime\": \"2025-03-05T12:29:39.5675051-06:00\"\r\n      }\r\n    }\r\n  },\r\n  \"identity\": {\r\n    \"type\": \"None\"\r\n  }\r\n}",
      "StatusCode": 200
    },
    {
      "RequestUri": "/subscriptions/dec9ed54-2b7f-4476-9bd0-875544af59df/resourceGroups/CosmosDBResourceGroup9/providers/Microsoft.DocumentDB/databaseAccounts/testupdateregionpowershell11?api-version=2024-11-15",
      "EncodedRequestUri": "L3N1YnNjcmlwdGlvbnMvZGVjOWVkNTQtMmI3Zi00NDc2LTliZDAtODc1NTQ0YWY1OWRmL3Jlc291cmNlR3JvdXBzL0Nvc21vc0RCUmVzb3VyY2VHcm91cDkvcHJvdmlkZXJzL01pY3Jvc29mdC5Eb2N1bWVudERCL2RhdGFiYXNlQWNjb3VudHMvdGVzdHVwZGF0ZXJlZ2lvbnBvd2Vyc2hlbGwxMT9hcGktdmVyc2lvbj0yMDI0LTExLTE1",
      "RequestMethod": "GET",
      "RequestHeaders": {
        "x-ms-client-request-id": [
          "c41e42e5-2d18-4858-a12a-9f93667e2a0b"
        ],
        "Accept-Language": [
          "en-US"
        ],
        "User-Agent": [
          "FxVersion/6.0.3624.51421",
          "OSName/Windows",
          "OSVersion/Microsoft.Windows.10.0.22631",
          "Microsoft.Azure.Management.CosmosDB.CosmosDBManagementClient/1.17.0"
        ]
      },
      "RequestBody": "",
      "ResponseHeaders": {
        "Cache-Control": [
          "no-store, no-cache"
        ],
        "Pragma": [
          "no-cache"
        ],
        "Strict-Transport-Security": [
          "max-age=31536000; includeSubDomains"
        ],
        "x-ms-gatewayversion": [
          "version=2.14.0"
        ],
        "x-ms-ratelimit-remaining-subscription-reads": [
          "1098"
        ],
        "x-ms-ratelimit-remaining-subscription-global-reads": [
          "16498"
        ],
        "x-ms-request-id": [
          "3e40ca08-efff-43d4-b7bb-7069fb82b22e"
        ],
        "x-ms-correlation-request-id": [
          "3e40ca08-efff-43d4-b7bb-7069fb82b22e"
        ],
        "x-ms-routing-request-id": [
          "EASTUS2:20250305T183240Z:3e40ca08-efff-43d4-b7bb-7069fb82b22e"
        ],
        "X-Content-Type-Options": [
          "nosniff"
        ],
        "X-Cache": [
          "CONFIG_NOCACHE"
        ],
        "X-MSEdge-Ref": [
          "Ref A: FAB0B94A18B144A082A80E4446796829 Ref B: BL2AA2030102017 Ref C: 2025-03-05T18:32:40Z"
        ],
        "Date": [
          "Wed, 05 Mar 2025 18:32:40 GMT"
        ],
        "Content-Length": [
          "3770"
        ],
        "Content-Type": [
          "application/json"
        ]
      },
      "ResponseBody": "{\r\n  \"id\": \"/subscriptions/dec9ed54-2b7f-4476-9bd0-875544af59df/resourceGroups/CosmosDBResourceGroup9/providers/Microsoft.DocumentDB/databaseAccounts/testupdateregionpowershell11\",\r\n  \"name\": \"testupdateregionpowershell11\",\r\n  \"location\": \"East US\",\r\n  \"type\": \"Microsoft.DocumentDB/databaseAccounts\",\r\n  \"kind\": \"GlobalDocumentDB\",\r\n  \"tags\": {},\r\n  \"systemData\": {\r\n    \"createdAt\": \"2025-03-05T12:29:39.5675051-06:00\"\r\n  },\r\n  \"properties\": {\r\n    \"provisioningState\": \"Succeeded\",\r\n    \"documentEndpoint\": \"https://testupdateregionpowershell11.documents.azure.com:443/\",\r\n    \"sqlEndpoint\": \"https://testupdateregionpowershell11.documents.azure.com:443/\",\r\n    \"publicNetworkAccess\": \"Enabled\",\r\n    \"enableAutomaticFailover\": true,\r\n    \"enableMultipleWriteLocations\": true,\r\n    \"enablePartitionKeyMonitor\": false,\r\n    \"isVirtualNetworkFilterEnabled\": false,\r\n    \"virtualNetworkRules\": [],\r\n    \"EnabledApiTypes\": \"Sql\",\r\n    \"disableKeyBasedMetadataWriteAccess\": false,\r\n    \"enableFreeTier\": false,\r\n    \"enableAnalyticalStorage\": false,\r\n    \"analyticalStorageConfiguration\": {\r\n      \"schemaType\": \"WellDefined\"\r\n    },\r\n    \"instanceId\": \"4ad450a5-57b8-4321-980b-38d9572495f6\",\r\n    \"databaseAccountOfferType\": \"Standard\",\r\n    \"enableFullFidelityChangeFeed\": false,\r\n    \"defaultIdentity\": \"FirstPartyIdentity\",\r\n    \"networkAclBypass\": \"None\",\r\n    \"disableLocalAuth\": false,\r\n    \"enablePartitionMerge\": false,\r\n    \"enablePerRegionPerPartitionAutoscale\": false,\r\n    \"enableBurstCapacity\": false,\r\n    \"minimalTlsVersion\": \"Tls12\",\r\n    \"consistencyPolicy\": {\r\n      \"defaultConsistencyLevel\": \"Session\",\r\n      \"maxIntervalInSeconds\": 5,\r\n      \"maxStalenessPrefix\": 100\r\n    },\r\n    \"configurationOverrides\": {\r\n      \"EnablePerRegionPerPartitionAutoscaleOptIn\": \"True\"\r\n    },\r\n    \"writeLocations\": [\r\n      {\r\n        \"id\": \"testupdateregionpowershell11-eastus\",\r\n        \"locationName\": \"East US\",\r\n        \"documentEndpoint\": \"https://testupdateregionpowershell11-eastus.documents.azure.com:443/\",\r\n        \"provisioningState\": \"Succeeded\",\r\n        \"failoverPriority\": 0,\r\n        \"isZoneRedundant\": false\r\n      },\r\n      {\r\n        \"id\": \"testupdateregionpowershell11-westus\",\r\n        \"locationName\": \"West US\",\r\n        \"documentEndpoint\": \"https://testupdateregionpowershell11-westus.documents.azure.com:443/\",\r\n        \"provisioningState\": \"Succeeded\",\r\n        \"failoverPriority\": 1,\r\n        \"isZoneRedundant\": false\r\n      }\r\n    ],\r\n    \"readLocations\": [\r\n      {\r\n        \"id\": \"testupdateregionpowershell11-eastus\",\r\n        \"locationName\": \"East US\",\r\n        \"documentEndpoint\": \"https://testupdateregionpowershell11-eastus.documents.azure.com:443/\",\r\n        \"provisioningState\": \"Succeeded\",\r\n        \"failoverPriority\": 0,\r\n        \"isZoneRedundant\": false\r\n      },\r\n      {\r\n        \"id\": \"testupdateregionpowershell11-westus\",\r\n        \"locationName\": \"West US\",\r\n        \"documentEndpoint\": \"https://testupdateregionpowershell11-westus.documents.azure.com:443/\",\r\n        \"provisioningState\": \"Succeeded\",\r\n        \"failoverPriority\": 1,\r\n        \"isZoneRedundant\": false\r\n      }\r\n    ],\r\n    \"locations\": [\r\n      {\r\n        \"id\": \"testupdateregionpowershell11-eastus\",\r\n        \"locationName\": \"East US\",\r\n        \"documentEndpoint\": \"https://testupdateregionpowershell11-eastus.documents.azure.com:443/\",\r\n        \"provisioningState\": \"Succeeded\",\r\n        \"failoverPriority\": 0,\r\n        \"isZoneRedundant\": false\r\n      },\r\n      {\r\n        \"id\": \"testupdateregionpowershell11-westus\",\r\n        \"locationName\": \"West US\",\r\n        \"documentEndpoint\": \"https://testupdateregionpowershell11-westus.documents.azure.com:443/\",\r\n        \"provisioningState\": \"Succeeded\",\r\n        \"failoverPriority\": 1,\r\n        \"isZoneRedundant\": false\r\n      }\r\n    ],\r\n    \"failoverPolicies\": [\r\n      {\r\n        \"id\": \"testupdateregionpowershell11-eastus\",\r\n        \"locationName\": \"East US\",\r\n        \"failoverPriority\": 0\r\n      },\r\n      {\r\n        \"id\": \"testupdateregionpowershell11-westus\",\r\n        \"locationName\": \"West US\",\r\n        \"failoverPriority\": 1\r\n      }\r\n    ],\r\n    \"cors\": [],\r\n    \"capabilities\": [],\r\n    \"ipRules\": [],\r\n    \"backupPolicy\": {\r\n      \"type\": \"Periodic\",\r\n      \"periodicModeProperties\": {\r\n        \"backupIntervalInMinutes\": 240,\r\n        \"backupRetentionIntervalInHours\": 8,\r\n        \"backupStorageRedundancy\": \"Geo\"\r\n      }\r\n    },\r\n    \"networkAclBypassResourceIds\": [],\r\n    \"keysMetadata\": {\r\n      \"primaryMasterKey\": {\r\n        \"generationTime\": \"2025-03-05T12:29:39.5675051-06:00\"\r\n      },\r\n      \"secondaryMasterKey\": {\r\n        \"generationTime\": \"2025-03-05T12:29:39.5675051-06:00\"\r\n      },\r\n      \"primaryReadonlyMasterKey\": {\r\n        \"generationTime\": \"2025-03-05T12:29:39.5675051-06:00\"\r\n      },\r\n      \"secondaryReadonlyMasterKey\": {\r\n        \"generationTime\": \"2025-03-05T12:29:39.5675051-06:00\"\r\n      }\r\n    }\r\n  },\r\n  \"identity\": {\r\n    \"type\": \"None\"\r\n  }\r\n}",
      "StatusCode": 200
    },
    {
      "RequestUri": "/subscriptions/dec9ed54-2b7f-4476-9bd0-875544af59df/resourceGroups/CosmosDBResourceGroup9/providers/Microsoft.DocumentDB/databaseAccounts/testupdateregionpowershell11?api-version=2024-11-15",
      "EncodedRequestUri": "L3N1YnNjcmlwdGlvbnMvZGVjOWVkNTQtMmI3Zi00NDc2LTliZDAtODc1NTQ0YWY1OWRmL3Jlc291cmNlR3JvdXBzL0Nvc21vc0RCUmVzb3VyY2VHcm91cDkvcHJvdmlkZXJzL01pY3Jvc29mdC5Eb2N1bWVudERCL2RhdGFiYXNlQWNjb3VudHMvdGVzdHVwZGF0ZXJlZ2lvbnBvd2Vyc2hlbGwxMT9hcGktdmVyc2lvbj0yMDI0LTExLTE1",
      "RequestMethod": "GET",
      "RequestHeaders": {
        "x-ms-client-request-id": [
          "0f0e027a-17db-45b4-9b24-dcc7d0472cf7"
        ],
        "Accept-Language": [
          "en-US"
        ],
        "User-Agent": [
          "FxVersion/6.0.3624.51421",
          "OSName/Windows",
          "OSVersion/Microsoft.Windows.10.0.22631",
          "Microsoft.Azure.Management.CosmosDB.CosmosDBManagementClient/1.17.0"
        ]
      },
      "RequestBody": "",
      "ResponseHeaders": {
        "Cache-Control": [
          "no-store, no-cache"
        ],
        "Pragma": [
          "no-cache"
        ],
        "Strict-Transport-Security": [
          "max-age=31536000; includeSubDomains"
        ],
        "x-ms-gatewayversion": [
          "version=2.14.0"
        ],
        "x-ms-ratelimit-remaining-subscription-reads": [
          "1099"
        ],
        "x-ms-ratelimit-remaining-subscription-global-reads": [
          "16499"
        ],
        "x-ms-request-id": [
          "680e3feb-39f8-48cb-8db2-3c75031c3083"
        ],
        "x-ms-correlation-request-id": [
          "680e3feb-39f8-48cb-8db2-3c75031c3083"
        ],
        "x-ms-routing-request-id": [
          "EASTUS:20250305T183340Z:680e3feb-39f8-48cb-8db2-3c75031c3083"
        ],
        "X-Content-Type-Options": [
          "nosniff"
        ],
        "X-Cache": [
          "CONFIG_NOCACHE"
        ],
        "X-MSEdge-Ref": [
          "Ref A: B9674F62DF2A4964BD9C9B41CCEDDD6A Ref B: BL2AA2010202011 Ref C: 2025-03-05T18:33:40Z"
        ],
        "Date": [
          "Wed, 05 Mar 2025 18:33:40 GMT"
        ],
        "Content-Length": [
          "3770"
        ],
        "Content-Type": [
          "application/json"
        ]
      },
      "ResponseBody": "{\r\n  \"id\": \"/subscriptions/dec9ed54-2b7f-4476-9bd0-875544af59df/resourceGroups/CosmosDBResourceGroup9/providers/Microsoft.DocumentDB/databaseAccounts/testupdateregionpowershell11\",\r\n  \"name\": \"testupdateregionpowershell11\",\r\n  \"location\": \"East US\",\r\n  \"type\": \"Microsoft.DocumentDB/databaseAccounts\",\r\n  \"kind\": \"GlobalDocumentDB\",\r\n  \"tags\": {},\r\n  \"systemData\": {\r\n    \"createdAt\": \"2025-03-05T12:29:39.5675051-06:00\"\r\n  },\r\n  \"properties\": {\r\n    \"provisioningState\": \"Succeeded\",\r\n    \"documentEndpoint\": \"https://testupdateregionpowershell11.documents.azure.com:443/\",\r\n    \"sqlEndpoint\": \"https://testupdateregionpowershell11.documents.azure.com:443/\",\r\n    \"publicNetworkAccess\": \"Enabled\",\r\n    \"enableAutomaticFailover\": true,\r\n    \"enableMultipleWriteLocations\": true,\r\n    \"enablePartitionKeyMonitor\": false,\r\n    \"isVirtualNetworkFilterEnabled\": false,\r\n    \"virtualNetworkRules\": [],\r\n    \"EnabledApiTypes\": \"Sql\",\r\n    \"disableKeyBasedMetadataWriteAccess\": false,\r\n    \"enableFreeTier\": false,\r\n    \"enableAnalyticalStorage\": false,\r\n    \"analyticalStorageConfiguration\": {\r\n      \"schemaType\": \"WellDefined\"\r\n    },\r\n    \"instanceId\": \"4ad450a5-57b8-4321-980b-38d9572495f6\",\r\n    \"databaseAccountOfferType\": \"Standard\",\r\n    \"enableFullFidelityChangeFeed\": false,\r\n    \"defaultIdentity\": \"FirstPartyIdentity\",\r\n    \"networkAclBypass\": \"None\",\r\n    \"disableLocalAuth\": false,\r\n    \"enablePartitionMerge\": false,\r\n    \"enablePerRegionPerPartitionAutoscale\": false,\r\n    \"enableBurstCapacity\": false,\r\n    \"minimalTlsVersion\": \"Tls12\",\r\n    \"consistencyPolicy\": {\r\n      \"defaultConsistencyLevel\": \"Session\",\r\n      \"maxIntervalInSeconds\": 5,\r\n      \"maxStalenessPrefix\": 100\r\n    },\r\n    \"configurationOverrides\": {\r\n      \"EnablePerRegionPerPartitionAutoscaleOptIn\": \"True\"\r\n    },\r\n    \"writeLocations\": [\r\n      {\r\n        \"id\": \"testupdateregionpowershell11-eastus\",\r\n        \"locationName\": \"East US\",\r\n        \"documentEndpoint\": \"https://testupdateregionpowershell11-eastus.documents.azure.com:443/\",\r\n        \"provisioningState\": \"Succeeded\",\r\n        \"failoverPriority\": 0,\r\n        \"isZoneRedundant\": false\r\n      },\r\n      {\r\n        \"id\": \"testupdateregionpowershell11-westus\",\r\n        \"locationName\": \"West US\",\r\n        \"documentEndpoint\": \"https://testupdateregionpowershell11-westus.documents.azure.com:443/\",\r\n        \"provisioningState\": \"Succeeded\",\r\n        \"failoverPriority\": 1,\r\n        \"isZoneRedundant\": false\r\n      }\r\n    ],\r\n    \"readLocations\": [\r\n      {\r\n        \"id\": \"testupdateregionpowershell11-eastus\",\r\n        \"locationName\": \"East US\",\r\n        \"documentEndpoint\": \"https://testupdateregionpowershell11-eastus.documents.azure.com:443/\",\r\n        \"provisioningState\": \"Succeeded\",\r\n        \"failoverPriority\": 0,\r\n        \"isZoneRedundant\": false\r\n      },\r\n      {\r\n        \"id\": \"testupdateregionpowershell11-westus\",\r\n        \"locationName\": \"West US\",\r\n        \"documentEndpoint\": \"https://testupdateregionpowershell11-westus.documents.azure.com:443/\",\r\n        \"provisioningState\": \"Succeeded\",\r\n        \"failoverPriority\": 1,\r\n        \"isZoneRedundant\": false\r\n      }\r\n    ],\r\n    \"locations\": [\r\n      {\r\n        \"id\": \"testupdateregionpowershell11-eastus\",\r\n        \"locationName\": \"East US\",\r\n        \"documentEndpoint\": \"https://testupdateregionpowershell11-eastus.documents.azure.com:443/\",\r\n        \"provisioningState\": \"Succeeded\",\r\n        \"failoverPriority\": 0,\r\n        \"isZoneRedundant\": false\r\n      },\r\n      {\r\n        \"id\": \"testupdateregionpowershell11-westus\",\r\n        \"locationName\": \"West US\",\r\n        \"documentEndpoint\": \"https://testupdateregionpowershell11-westus.documents.azure.com:443/\",\r\n        \"provisioningState\": \"Succeeded\",\r\n        \"failoverPriority\": 1,\r\n        \"isZoneRedundant\": false\r\n      }\r\n    ],\r\n    \"failoverPolicies\": [\r\n      {\r\n        \"id\": \"testupdateregionpowershell11-eastus\",\r\n        \"locationName\": \"East US\",\r\n        \"failoverPriority\": 0\r\n      },\r\n      {\r\n        \"id\": \"testupdateregionpowershell11-westus\",\r\n        \"locationName\": \"West US\",\r\n        \"failoverPriority\": 1\r\n      }\r\n    ],\r\n    \"cors\": [],\r\n    \"capabilities\": [],\r\n    \"ipRules\": [],\r\n    \"backupPolicy\": {\r\n      \"type\": \"Periodic\",\r\n      \"periodicModeProperties\": {\r\n        \"backupIntervalInMinutes\": 240,\r\n        \"backupRetentionIntervalInHours\": 8,\r\n        \"backupStorageRedundancy\": \"Geo\"\r\n      }\r\n    },\r\n    \"networkAclBypassResourceIds\": [],\r\n    \"keysMetadata\": {\r\n      \"primaryMasterKey\": {\r\n        \"generationTime\": \"2025-03-05T12:29:39.5675051-06:00\"\r\n      },\r\n      \"secondaryMasterKey\": {\r\n        \"generationTime\": \"2025-03-05T12:29:39.5675051-06:00\"\r\n      },\r\n      \"primaryReadonlyMasterKey\": {\r\n        \"generationTime\": \"2025-03-05T12:29:39.5675051-06:00\"\r\n      },\r\n      \"secondaryReadonlyMasterKey\": {\r\n        \"generationTime\": \"2025-03-05T12:29:39.5675051-06:00\"\r\n      }\r\n    }\r\n  },\r\n  \"identity\": {\r\n    \"type\": \"None\"\r\n  }\r\n}",
      "StatusCode": 200
    },
    {
      "RequestUri": "/subscriptions/dec9ed54-2b7f-4476-9bd0-875544af59df/resourceGroups/CosmosDBResourceGroup9/providers/Microsoft.DocumentDB/databaseAccounts/testupdateregionpowershell11?api-version=2024-11-15",
      "EncodedRequestUri": "L3N1YnNjcmlwdGlvbnMvZGVjOWVkNTQtMmI3Zi00NDc2LTliZDAtODc1NTQ0YWY1OWRmL3Jlc291cmNlR3JvdXBzL0Nvc21vc0RCUmVzb3VyY2VHcm91cDkvcHJvdmlkZXJzL01pY3Jvc29mdC5Eb2N1bWVudERCL2RhdGFiYXNlQWNjb3VudHMvdGVzdHVwZGF0ZXJlZ2lvbnBvd2Vyc2hlbGwxMT9hcGktdmVyc2lvbj0yMDI0LTExLTE1",
      "RequestMethod": "PUT",
      "RequestHeaders": {
        "x-ms-client-request-id": [
          "ddc25085-9ce3-4b6d-9d52-facae53f98ed"
        ],
        "Accept-Language": [
          "en-US"
        ],
        "User-Agent": [
          "FxVersion/6.0.3624.51421",
          "OSName/Windows",
          "OSVersion/Microsoft.Windows.10.0.22631",
          "Microsoft.Azure.Management.CosmosDB.CosmosDBManagementClient/1.17.0"
        ],
        "Content-Type": [
          "application/json; charset=utf-8"
        ],
        "Content-Length": [
          "585"
        ]
      },
      "RequestBody": "{\r\n  \"kind\": \"GlobalDocumentDB\",\r\n  \"properties\": {\r\n    \"consistencyPolicy\": {\r\n      \"defaultConsistencyLevel\": \"Session\"\r\n    },\r\n    \"locations\": [\r\n      {\r\n        \"locationName\": \"East US\",\r\n        \"failoverPriority\": 0\r\n      }\r\n    ],\r\n    \"isVirtualNetworkFilterEnabled\": false,\r\n    \"enableAutomaticFailover\": true,\r\n    \"virtualNetworkRules\": [],\r\n    \"enableMultipleWriteLocations\": true,\r\n    \"disableKeyBasedMetadataWriteAccess\": false,\r\n    \"networkAclBypassResourceIds\": [],\r\n    \"databaseAccountOfferType\": \"Standard\"\r\n  },\r\n  \"location\": \"East US\",\r\n  \"tags\": {}\r\n}",
      "ResponseHeaders": {
        "Cache-Control": [
          "no-store, no-cache"
        ],
        "Pragma": [
          "no-cache"
        ],
        "Location": [
          "https://management.azure.com/subscriptions/dec9ed54-2b7f-4476-9bd0-875544af59df/resourceGroups/CosmosDBResourceGroup9/providers/Microsoft.DocumentDB/databaseAccounts/testupdateregionpowershell11/operationResults/3dcf444d-753a-4f48-847c-ed2c1983d471?api-version=2024-11-15&t=638767961087526851&c=MIIHhzCCBm-gAwIBAgITfAaPVSYGYp0_a9-AhQAABo9VJjANBgkqhkiG9w0BAQsFADBEMRMwEQYKCZImiZPyLGQBGRYDR0JMMRMwEQYKCZImiZPyLGQBGRYDQU1FMRgwFgYDVQQDEw9BTUUgSW5mcmEgQ0EgMDUwHhcNMjUwMTIwMDgzNTM2WhcNMjUwNzE5MDgzNTM2WjBAMT4wPAYDVQQDEzVhc3luY29wZXJhdGlvbnNpZ25pbmdjZXJ0aWZpY2F0ZS5tYW5hZ2VtZW50LmF6dXJlLmNvbTCCASIwDQYJKoZIhvcNAQEBBQADggEPADCCAQoCggEBAMIvzhqGKiWeVv5oxugQQEZ8AxTC1p8Lu-WshPo0K7VS2EMvF_bHNAJa2ICbsiu5eWYlTaYcdzZL_li8T_EER2Dx5l6uj7GUfGoYbEJQ0ZdYtzLoQJYa5_x168-RsA7F1839wPdzv32z3afnCHOSeIzPiOiCJXb6FjOWJ-znbB2na5Gw4nwgaj4uxlRQGN3ElReqQ4P64xkAph5x91fRINLkaaRTDeKQ_g_suaN1BHm22myYRg2O9gZy5mhTUzDjj9HsrGu2-1-ZFNZZPMl5ltWBsQD6c_49DWpOowaX9ZSYaO9E9s45gP5YMr-ALxZrETB9ilbvFNbbXmv9Kc5LEc0CAwEAAaOCBHQwggRwMCcGCSsGAQQBgjcVCgQaMBgwCgYIKwYBBQUHAwEwCgYIKwYBBQUHAwIwPQYJKwYBBAGCNxUHBDAwLgYmKwYBBAGCNxUIhpDjDYTVtHiE8Ys-hZvdFs6dEoFghfmRS4WsmTQCAWQCAQcwggHLBggrBgEFBQcBAQSCAb0wggG5MGMGCCsGAQUFBzAChldodHRwOi8vY3JsLm1pY3Jvc29mdC5jb20vcGtpaW5mcmEvQ2VydHMvQ08xUEtJSU5UQ0EwMS5BTUUuR0JMX0FNRSUyMEluZnJhJTIwQ0ElMjAwNS5jcnQwUwYIKwYBBQUHMAKGR2h0dHA6Ly9jcmwxLmFtZS5nYmwvYWlhL0NPMVBLSUlOVENBMDEuQU1FLkdCTF9BTUUlMjBJbmZyYSUyMENBJTIwMDUuY3J0MFMGCCsGAQUFBzAChkdodHRwOi8vY3JsMi5hbWUuZ2JsL2FpYS9DTzFQS0lJTlRDQTAxLkFNRS5HQkxfQU1FJTIwSW5mcmElMjBDQSUyMDA1LmNydDBTBggrBgEFBQcwAoZHaHR0cDovL2NybDMuYW1lLmdibC9haWEvQ08xUEtJSU5UQ0EwMS5BTUUuR0JMX0FNRSUyMEluZnJhJTIwQ0ElMjAwNS5jcnQwUwYIKwYBBQUHMAKGR2h0dHA6Ly9jcmw0LmFtZS5nYmwvYWlhL0NPMVBLSUlOVENBMDEuQU1FLkdCTF9BTUUlMjBJbmZyYSUyMENBJTIwMDUuY3J0MB0GA1UdDgQWBBQj9GN21vymIgY86pEWjNqGR6-dlDAOBgNVHQ8BAf8EBAMCBaAwggEmBgNVHR8EggEdMIIBGTCCARWgggERoIIBDYY_aHR0cDovL2NybC5taWNyb3NvZnQuY29tL3BraWluZnJhL0NSTC9BTUUlMjBJbmZyYSUyMENBJTIwMDUuY3JshjFodHRwOi8vY3JsMS5hbWUuZ2JsL2NybC9BTUUlMjBJbmZyYSUyMENBJTIwMDUuY3JshjFodHRwOi8vY3JsMi5hbWUuZ2JsL2NybC9BTUUlMjBJbmZyYSUyMENBJTIwMDUuY3JshjFodHRwOi8vY3JsMy5hbWUuZ2JsL2NybC9BTUUlMjBJbmZyYSUyMENBJTIwMDUuY3JshjFodHRwOi8vY3JsNC5hbWUuZ2JsL2NybC9BTUUlMjBJbmZyYSUyMENBJTIwMDUuY3JsMIGdBgNVHSAEgZUwgZIwDAYKKwYBBAGCN3sBATBmBgorBgEEAYI3ewICMFgwVgYIKwYBBQUHAgIwSh5IADMAMwBlADAAMQA5ADIAMQAtADQAZAA2ADQALQA0AGYAOABjAC0AYQAwADUANQAtADUAYgBkAGEAZgBmAGQANQBlADMAMwBkMAwGCisGAQQBgjd7AwIwDAYKKwYBBAGCN3sEAjAfBgNVHSMEGDAWgBR61hmFKHlscXYeYPjzS--iBUIWHTAdBgNVHSUEFjAUBggrBgEFBQcDAQYIKwYBBQUHAwIwDQYJKoZIhvcNAQELBQADggEBAF0lTrFg0dSUCXo41FDWmaQFDJKZsucTat3vhDRkbIfxlo0n4QQJOqJQSCzj8n-NvH0p0CR42nsTk2C70Vpr54i80YKfcTOm0Q0Rq9FHB-Nz4KlrymTkU6hfeD0WRhUOq6PB1WhWLF_mqSzEwmTmuQAsVGXf8Gh0psllvyF--eEaF0pSbhEuo6lPzPk3hgUSico8gbSjr4hgIVn6x0JCa1XSFgaeKHIqD8eapb-mDfYa0QAQwJ8tYxzrkJ_n5OI7g5xCiIeV5DXmSzLTGx9QvaE4Y8-jFgRKG0qMhnqf8StrJOSKMrcJlHtjT7plbWt-fXPLHNvPydmtAiA2qygRnU0&s=hpLjfpefGge_1v0GUlxaJ90JR9dAPd2SDEOfZUv211S5LZwbwn3GWhoIWg6gck7O-0PwWpWRuWuWBKAOoYPXubSmhaTscLxmwqhS-UZTb8-tiDr7N96FEOu6mj9lOAC2v4W8vSlYUAQ_k77O6S6gNl_txCdlj7mMxpCpdTUh6ftrUmrjZyFdT38VDeHQ6Lj_MIjVkFcsC8Vg1Rexo5Nu0cUYyyy1GFH0sbILvK2JO5j9o_NhSf-998MJJ_npOGpbrHaSExcRHo7GZpdmZjQ_oQx3elcRahUT96SPo8YFSaCSDRLkDhliJK8wY-KNBCKCVe-RdCbOw_Lb4MJBy_qVxA&h=W3KKFAjKQ3wZINh1047Sm1FiV7PZUUU6EG1M85vEEMs"
        ],
        "x-ms-request-id": [
          "3dcf444d-753a-4f48-847c-ed2c1983d471"
        ],
        "Azure-AsyncOperation": [
          "https://management.azure.com/subscriptions/dec9ed54-2b7f-4476-9bd0-875544af59df/providers/Microsoft.DocumentDB/locations/eastus/operationsStatus/3dcf444d-753a-4f48-847c-ed2c1983d471?api-version=2024-11-15&t=638767961087526851&c=MIIHhzCCBm-gAwIBAgITfAaPVSYGYp0_a9-AhQAABo9VJjANBgkqhkiG9w0BAQsFADBEMRMwEQYKCZImiZPyLGQBGRYDR0JMMRMwEQYKCZImiZPyLGQBGRYDQU1FMRgwFgYDVQQDEw9BTUUgSW5mcmEgQ0EgMDUwHhcNMjUwMTIwMDgzNTM2WhcNMjUwNzE5MDgzNTM2WjBAMT4wPAYDVQQDEzVhc3luY29wZXJhdGlvbnNpZ25pbmdjZXJ0aWZpY2F0ZS5tYW5hZ2VtZW50LmF6dXJlLmNvbTCCASIwDQYJKoZIhvcNAQEBBQADggEPADCCAQoCggEBAMIvzhqGKiWeVv5oxugQQEZ8AxTC1p8Lu-WshPo0K7VS2EMvF_bHNAJa2ICbsiu5eWYlTaYcdzZL_li8T_EER2Dx5l6uj7GUfGoYbEJQ0ZdYtzLoQJYa5_x168-RsA7F1839wPdzv32z3afnCHOSeIzPiOiCJXb6FjOWJ-znbB2na5Gw4nwgaj4uxlRQGN3ElReqQ4P64xkAph5x91fRINLkaaRTDeKQ_g_suaN1BHm22myYRg2O9gZy5mhTUzDjj9HsrGu2-1-ZFNZZPMl5ltWBsQD6c_49DWpOowaX9ZSYaO9E9s45gP5YMr-ALxZrETB9ilbvFNbbXmv9Kc5LEc0CAwEAAaOCBHQwggRwMCcGCSsGAQQBgjcVCgQaMBgwCgYIKwYBBQUHAwEwCgYIKwYBBQUHAwIwPQYJKwYBBAGCNxUHBDAwLgYmKwYBBAGCNxUIhpDjDYTVtHiE8Ys-hZvdFs6dEoFghfmRS4WsmTQCAWQCAQcwggHLBggrBgEFBQcBAQSCAb0wggG5MGMGCCsGAQUFBzAChldodHRwOi8vY3JsLm1pY3Jvc29mdC5jb20vcGtpaW5mcmEvQ2VydHMvQ08xUEtJSU5UQ0EwMS5BTUUuR0JMX0FNRSUyMEluZnJhJTIwQ0ElMjAwNS5jcnQwUwYIKwYBBQUHMAKGR2h0dHA6Ly9jcmwxLmFtZS5nYmwvYWlhL0NPMVBLSUlOVENBMDEuQU1FLkdCTF9BTUUlMjBJbmZyYSUyMENBJTIwMDUuY3J0MFMGCCsGAQUFBzAChkdodHRwOi8vY3JsMi5hbWUuZ2JsL2FpYS9DTzFQS0lJTlRDQTAxLkFNRS5HQkxfQU1FJTIwSW5mcmElMjBDQSUyMDA1LmNydDBTBggrBgEFBQcwAoZHaHR0cDovL2NybDMuYW1lLmdibC9haWEvQ08xUEtJSU5UQ0EwMS5BTUUuR0JMX0FNRSUyMEluZnJhJTIwQ0ElMjAwNS5jcnQwUwYIKwYBBQUHMAKGR2h0dHA6Ly9jcmw0LmFtZS5nYmwvYWlhL0NPMVBLSUlOVENBMDEuQU1FLkdCTF9BTUUlMjBJbmZyYSUyMENBJTIwMDUuY3J0MB0GA1UdDgQWBBQj9GN21vymIgY86pEWjNqGR6-dlDAOBgNVHQ8BAf8EBAMCBaAwggEmBgNVHR8EggEdMIIBGTCCARWgggERoIIBDYY_aHR0cDovL2NybC5taWNyb3NvZnQuY29tL3BraWluZnJhL0NSTC9BTUUlMjBJbmZyYSUyMENBJTIwMDUuY3JshjFodHRwOi8vY3JsMS5hbWUuZ2JsL2NybC9BTUUlMjBJbmZyYSUyMENBJTIwMDUuY3JshjFodHRwOi8vY3JsMi5hbWUuZ2JsL2NybC9BTUUlMjBJbmZyYSUyMENBJTIwMDUuY3JshjFodHRwOi8vY3JsMy5hbWUuZ2JsL2NybC9BTUUlMjBJbmZyYSUyMENBJTIwMDUuY3JshjFodHRwOi8vY3JsNC5hbWUuZ2JsL2NybC9BTUUlMjBJbmZyYSUyMENBJTIwMDUuY3JsMIGdBgNVHSAEgZUwgZIwDAYKKwYBBAGCN3sBATBmBgorBgEEAYI3ewICMFgwVgYIKwYBBQUHAgIwSh5IADMAMwBlADAAMQA5ADIAMQAtADQAZAA2ADQALQA0AGYAOABjAC0AYQAwADUANQAtADUAYgBkAGEAZgBmAGQANQBlADMAMwBkMAwGCisGAQQBgjd7AwIwDAYKKwYBBAGCN3sEAjAfBgNVHSMEGDAWgBR61hmFKHlscXYeYPjzS--iBUIWHTAdBgNVHSUEFjAUBggrBgEFBQcDAQYIKwYBBQUHAwIwDQYJKoZIhvcNAQELBQADggEBAF0lTrFg0dSUCXo41FDWmaQFDJKZsucTat3vhDRkbIfxlo0n4QQJOqJQSCzj8n-NvH0p0CR42nsTk2C70Vpr54i80YKfcTOm0Q0Rq9FHB-Nz4KlrymTkU6hfeD0WRhUOq6PB1WhWLF_mqSzEwmTmuQAsVGXf8Gh0psllvyF--eEaF0pSbhEuo6lPzPk3hgUSico8gbSjr4hgIVn6x0JCa1XSFgaeKHIqD8eapb-mDfYa0QAQwJ8tYxzrkJ_n5OI7g5xCiIeV5DXmSzLTGx9QvaE4Y8-jFgRKG0qMhnqf8StrJOSKMrcJlHtjT7plbWt-fXPLHNvPydmtAiA2qygRnU0&s=IsBqlfOETp5eUUGYUqIt6m5_ub6jootviWI_YHFEAWi1KHQWuJy4f9SEcmzxAjqCj_VZM-7WBl8IekWbBWgR4sQK8Tokdsp7j4FqBNm00w4NB2yeWiphGhRKt64Tj2G5X-fhbnIsQPi17zxOtlsC4-l7XiCtPC54Z5QoPOYfXvDerBsDmw1CjNg0Sd7Dje7q00C50pzXrBk9_W-XWqTGkxj_U8-SJa2j9COt9rcz8NkuV2E-e2dMl5hGgEC6Je_gg06tUNO2fjbr03J4wDzGCvOsXXDrkw6e_qujeYMoWuIZs1XV-tjbmJpEQrVNLAIFiOYkvqZvYs6KirKeqUYVsA&h=X0gOk-xqWknCn5Iu-kXUGdqcxI1oxw2TGyjd63vrtCk"
        ],
        "Strict-Transport-Security": [
          "max-age=31536000; includeSubDomains"
        ],
        "x-ms-gatewayversion": [
          "version=2.14.0"
        ],
        "x-ms-ratelimit-remaining-subscription-writes": [
          "799"
        ],
        "x-ms-ratelimit-remaining-subscription-global-writes": [
          "11999"
        ],
        "x-ms-correlation-request-id": [
          "6f9bb770-d113-4029-b574-662c8f425fde"
        ],
        "x-ms-routing-request-id": [
          "EASTUS:20250305T182828Z:6f9bb770-d113-4029-b574-662c8f425fde"
        ],
        "X-Content-Type-Options": [
          "nosniff"
        ],
        "X-Cache": [
          "CONFIG_NOCACHE"
        ],
        "X-MSEdge-Ref": [
          "Ref A: FB7E1AB8DB6742A1B8CECD3CFE7DE1FF Ref B: BL2AA2030104025 Ref C: 2025-03-05T18:28:25Z"
        ],
        "Date": [
          "Wed, 05 Mar 2025 18:28:28 GMT"
        ],
        "Content-Length": [
          "2494"
        ],
        "Content-Type": [
          "application/json"
        ]
      },
      "ResponseBody": "{\r\n  \"id\": \"/subscriptions/dec9ed54-2b7f-4476-9bd0-875544af59df/resourceGroups/CosmosDBResourceGroup9/providers/Microsoft.DocumentDB/databaseAccounts/testupdateregionpowershell11\",\r\n  \"name\": \"testupdateregionpowershell11\",\r\n  \"location\": \"East US\",\r\n  \"type\": \"Microsoft.DocumentDB/databaseAccounts\",\r\n  \"kind\": \"GlobalDocumentDB\",\r\n  \"tags\": {},\r\n  \"systemData\": {\r\n    \"createdAt\": \"2025-03-05T18:28:27.6986918Z\"\r\n  },\r\n  \"properties\": {\r\n    \"provisioningState\": \"Creating\",\r\n    \"publicNetworkAccess\": \"Enabled\",\r\n    \"enableAutomaticFailover\": true,\r\n    \"enableMultipleWriteLocations\": true,\r\n    \"enablePartitionKeyMonitor\": false,\r\n    \"isVirtualNetworkFilterEnabled\": false,\r\n    \"virtualNetworkRules\": [],\r\n    \"EnabledApiTypes\": \"Sql\",\r\n    \"disableKeyBasedMetadataWriteAccess\": false,\r\n    \"enableFreeTier\": false,\r\n    \"enableAnalyticalStorage\": false,\r\n    \"analyticalStorageConfiguration\": {\r\n      \"schemaType\": \"WellDefined\"\r\n    },\r\n    \"instanceId\": \"4ad450a5-57b8-4321-980b-38d9572495f6\",\r\n    \"databaseAccountOfferType\": \"Standard\",\r\n    \"enableFullFidelityChangeFeed\": false,\r\n    \"defaultIdentity\": \"\",\r\n    \"networkAclBypass\": \"None\",\r\n    \"disableLocalAuth\": false,\r\n    \"enablePartitionMerge\": false,\r\n    \"enablePerRegionPerPartitionAutoscale\": false,\r\n    \"enableBurstCapacity\": false,\r\n    \"minimalTlsVersion\": \"Tls12\",\r\n    \"consistencyPolicy\": {\r\n      \"defaultConsistencyLevel\": \"Session\",\r\n      \"maxIntervalInSeconds\": 5,\r\n      \"maxStalenessPrefix\": 100\r\n    },\r\n    \"configurationOverrides\": {\r\n      \"EnablePerRegionPerPartitionAutoscaleOptIn\": \"True\"\r\n    },\r\n    \"writeLocations\": [\r\n      {\r\n        \"id\": \"testupdateregionpowershell11-eastus\",\r\n        \"locationName\": \"East US\",\r\n        \"provisioningState\": \"Creating\",\r\n        \"failoverPriority\": 0,\r\n        \"isZoneRedundant\": false\r\n      }\r\n    ],\r\n    \"readLocations\": [\r\n      {\r\n        \"id\": \"testupdateregionpowershell11-eastus\",\r\n        \"locationName\": \"East US\",\r\n        \"provisioningState\": \"Creating\",\r\n        \"failoverPriority\": 0,\r\n        \"isZoneRedundant\": false\r\n      }\r\n    ],\r\n    \"locations\": [\r\n      {\r\n        \"id\": \"testupdateregionpowershell11-eastus\",\r\n        \"locationName\": \"East US\",\r\n        \"provisioningState\": \"Creating\",\r\n        \"failoverPriority\": 0,\r\n        \"isZoneRedundant\": false\r\n      }\r\n    ],\r\n    \"failoverPolicies\": [\r\n      {\r\n        \"id\": \"testupdateregionpowershell11-eastus\",\r\n        \"locationName\": \"East US\",\r\n        \"failoverPriority\": 0\r\n      }\r\n    ],\r\n    \"cors\": [],\r\n    \"capabilities\": [],\r\n    \"ipRules\": [],\r\n    \"backupPolicy\": {\r\n      \"type\": \"Periodic\",\r\n      \"periodicModeProperties\": {\r\n        \"backupIntervalInMinutes\": 240,\r\n        \"backupRetentionIntervalInHours\": 8,\r\n        \"backupStorageRedundancy\": \"Invalid\"\r\n      }\r\n    },\r\n    \"networkAclBypassResourceIds\": [],\r\n    \"keysMetadata\": {\r\n      \"primaryMasterKey\": {\r\n        \"generationTime\": \"2025-03-05T18:28:27.6986918Z\"\r\n      },\r\n      \"secondaryMasterKey\": {\r\n        \"generationTime\": \"2025-03-05T18:28:27.6986918Z\"\r\n      },\r\n      \"primaryReadonlyMasterKey\": {\r\n        \"generationTime\": \"2025-03-05T18:28:27.6986918Z\"\r\n      },\r\n      \"secondaryReadonlyMasterKey\": {\r\n        \"generationTime\": \"2025-03-05T18:28:27.6986918Z\"\r\n      }\r\n    }\r\n  },\r\n  \"identity\": {\r\n    \"type\": \"None\"\r\n  }\r\n}",
      "StatusCode": 200
    },
    {
      "RequestUri": "/subscriptions/dec9ed54-2b7f-4476-9bd0-875544af59df/providers/Microsoft.DocumentDB/locations/eastus/operationsStatus/3dcf444d-753a-4f48-847c-ed2c1983d471?api-version=2024-11-15&t=638767961087526851&c=MIIHhzCCBm-gAwIBAgITfAaPVSYGYp0_a9-AhQAABo9VJjANBgkqhkiG9w0BAQsFADBEMRMwEQYKCZImiZPyLGQBGRYDR0JMMRMwEQYKCZImiZPyLGQBGRYDQU1FMRgwFgYDVQQDEw9BTUUgSW5mcmEgQ0EgMDUwHhcNMjUwMTIwMDgzNTM2WhcNMjUwNzE5MDgzNTM2WjBAMT4wPAYDVQQDEzVhc3luY29wZXJhdGlvbnNpZ25pbmdjZXJ0aWZpY2F0ZS5tYW5hZ2VtZW50LmF6dXJlLmNvbTCCASIwDQYJKoZIhvcNAQEBBQADggEPADCCAQoCggEBAMIvzhqGKiWeVv5oxugQQEZ8AxTC1p8Lu-WshPo0K7VS2EMvF_bHNAJa2ICbsiu5eWYlTaYcdzZL_li8T_EER2Dx5l6uj7GUfGoYbEJQ0ZdYtzLoQJYa5_x168-RsA7F1839wPdzv32z3afnCHOSeIzPiOiCJXb6FjOWJ-znbB2na5Gw4nwgaj4uxlRQGN3ElReqQ4P64xkAph5x91fRINLkaaRTDeKQ_g_suaN1BHm22myYRg2O9gZy5mhTUzDjj9HsrGu2-1-ZFNZZPMl5ltWBsQD6c_49DWpOowaX9ZSYaO9E9s45gP5YMr-ALxZrETB9ilbvFNbbXmv9Kc5LEc0CAwEAAaOCBHQwggRwMCcGCSsGAQQBgjcVCgQaMBgwCgYIKwYBBQUHAwEwCgYIKwYBBQUHAwIwPQYJKwYBBAGCNxUHBDAwLgYmKwYBBAGCNxUIhpDjDYTVtHiE8Ys-hZvdFs6dEoFghfmRS4WsmTQCAWQCAQcwggHLBggrBgEFBQcBAQSCAb0wggG5MGMGCCsGAQUFBzAChldodHRwOi8vY3JsLm1pY3Jvc29mdC5jb20vcGtpaW5mcmEvQ2VydHMvQ08xUEtJSU5UQ0EwMS5BTUUuR0JMX0FNRSUyMEluZnJhJTIwQ0ElMjAwNS5jcnQwUwYIKwYBBQUHMAKGR2h0dHA6Ly9jcmwxLmFtZS5nYmwvYWlhL0NPMVBLSUlOVENBMDEuQU1FLkdCTF9BTUUlMjBJbmZyYSUyMENBJTIwMDUuY3J0MFMGCCsGAQUFBzAChkdodHRwOi8vY3JsMi5hbWUuZ2JsL2FpYS9DTzFQS0lJTlRDQTAxLkFNRS5HQkxfQU1FJTIwSW5mcmElMjBDQSUyMDA1LmNydDBTBggrBgEFBQcwAoZHaHR0cDovL2NybDMuYW1lLmdibC9haWEvQ08xUEtJSU5UQ0EwMS5BTUUuR0JMX0FNRSUyMEluZnJhJTIwQ0ElMjAwNS5jcnQwUwYIKwYBBQUHMAKGR2h0dHA6Ly9jcmw0LmFtZS5nYmwvYWlhL0NPMVBLSUlOVENBMDEuQU1FLkdCTF9BTUUlMjBJbmZyYSUyMENBJTIwMDUuY3J0MB0GA1UdDgQWBBQj9GN21vymIgY86pEWjNqGR6-dlDAOBgNVHQ8BAf8EBAMCBaAwggEmBgNVHR8EggEdMIIBGTCCARWgggERoIIBDYY_aHR0cDovL2NybC5taWNyb3NvZnQuY29tL3BraWluZnJhL0NSTC9BTUUlMjBJbmZyYSUyMENBJTIwMDUuY3JshjFodHRwOi8vY3JsMS5hbWUuZ2JsL2NybC9BTUUlMjBJbmZyYSUyMENBJTIwMDUuY3JshjFodHRwOi8vY3JsMi5hbWUuZ2JsL2NybC9BTUUlMjBJbmZyYSUyMENBJTIwMDUuY3JshjFodHRwOi8vY3JsMy5hbWUuZ2JsL2NybC9BTUUlMjBJbmZyYSUyMENBJTIwMDUuY3JshjFodHRwOi8vY3JsNC5hbWUuZ2JsL2NybC9BTUUlMjBJbmZyYSUyMENBJTIwMDUuY3JsMIGdBgNVHSAEgZUwgZIwDAYKKwYBBAGCN3sBATBmBgorBgEEAYI3ewICMFgwVgYIKwYBBQUHAgIwSh5IADMAMwBlADAAMQA5ADIAMQAtADQAZAA2ADQALQA0AGYAOABjAC0AYQAwADUANQAtADUAYgBkAGEAZgBmAGQANQBlADMAMwBkMAwGCisGAQQBgjd7AwIwDAYKKwYBBAGCN3sEAjAfBgNVHSMEGDAWgBR61hmFKHlscXYeYPjzS--iBUIWHTAdBgNVHSUEFjAUBggrBgEFBQcDAQYIKwYBBQUHAwIwDQYJKoZIhvcNAQELBQADggEBAF0lTrFg0dSUCXo41FDWmaQFDJKZsucTat3vhDRkbIfxlo0n4QQJOqJQSCzj8n-NvH0p0CR42nsTk2C70Vpr54i80YKfcTOm0Q0Rq9FHB-Nz4KlrymTkU6hfeD0WRhUOq6PB1WhWLF_mqSzEwmTmuQAsVGXf8Gh0psllvyF--eEaF0pSbhEuo6lPzPk3hgUSico8gbSjr4hgIVn6x0JCa1XSFgaeKHIqD8eapb-mDfYa0QAQwJ8tYxzrkJ_n5OI7g5xCiIeV5DXmSzLTGx9QvaE4Y8-jFgRKG0qMhnqf8StrJOSKMrcJlHtjT7plbWt-fXPLHNvPydmtAiA2qygRnU0&s=IsBqlfOETp5eUUGYUqIt6m5_ub6jootviWI_YHFEAWi1KHQWuJy4f9SEcmzxAjqCj_VZM-7WBl8IekWbBWgR4sQK8Tokdsp7j4FqBNm00w4NB2yeWiphGhRKt64Tj2G5X-fhbnIsQPi17zxOtlsC4-l7XiCtPC54Z5QoPOYfXvDerBsDmw1CjNg0Sd7Dje7q00C50pzXrBk9_W-XWqTGkxj_U8-SJa2j9COt9rcz8NkuV2E-e2dMl5hGgEC6Je_gg06tUNO2fjbr03J4wDzGCvOsXXDrkw6e_qujeYMoWuIZs1XV-tjbmJpEQrVNLAIFiOYkvqZvYs6KirKeqUYVsA&h=X0gOk-xqWknCn5Iu-kXUGdqcxI1oxw2TGyjd63vrtCk",
      "EncodedRequestUri": "L3N1YnNjcmlwdGlvbnMvZGVjOWVkNTQtMmI3Zi00NDc2LTliZDAtODc1NTQ0YWY1OWRmL3Byb3ZpZGVycy9NaWNyb3NvZnQuRG9jdW1lbnREQi9sb2NhdGlvbnMvZWFzdHVzL29wZXJhdGlvbnNTdGF0dXMvM2RjZjQ0NGQtNzUzYS00ZjQ4LTg0N2MtZWQyYzE5ODNkNDcxP2FwaS12ZXJzaW9uPTIwMjQtMTEtMTUmdD02Mzg3Njc5NjEwODc1MjY4NTEmYz1NSUlIaHpDQ0JtLWdBd0lCQWdJVGZBYVBWU1lHWXAwX2E5LUFoUUFBQm85VkpqQU5CZ2txaGtpRzl3MEJBUXNGQURCRU1STXdFUVlLQ1pJbWlaUHlMR1FCR1JZRFIwSk1NUk13RVFZS0NaSW1pWlB5TEdRQkdSWURRVTFGTVJnd0ZnWURWUVFERXc5QlRVVWdTVzVtY21FZ1EwRWdNRFV3SGhjTk1qVXdNVEl3TURnek5UTTJXaGNOTWpVd056RTVNRGd6TlRNMldqQkFNVDR3UEFZRFZRUURFelZoYzNsdVkyOXdaWEpoZEdsdmJuTnBaMjVwYm1kalpYSjBhV1pwWTJGMFpTNXRZVzVoWjJWdFpXNTBMbUY2ZFhKbExtTnZiVENDQVNJd0RRWUpLb1pJaHZjTkFRRUJCUUFEZ2dFUEFEQ0NBUW9DZ2dFQkFNSXZ6aHFHS2lXZVZ2NW94dWdRUUVaOEF4VEMxcDhMdS1Xc2hQbzBLN1ZTMkVNdkZfYkhOQUphMklDYnNpdTVlV1lsVGFZY2R6WkxfbGk4VF9FRVIyRHg1bDZ1ajdHVWZHb1liRUpRMFpkWXR6TG9RSllhNV94MTY4LVJzQTdGMTgzOXdQZHp2MzJ6M2FmbkNIT1NlSXpQaU9pQ0pYYjZGak9XSi16bmJCMm5hNUd3NG53Z2FqNHV4bFJRR04zRWxSZXFRNFA2NHhrQXBoNXg5MWZSSU5Ma2FhUlREZUtRX2dfc3VhTjFCSG0yMm15WVJnMk85Z1p5NW1oVFV6RGpqOUhzckd1Mi0xLVpGTlpaUE1sNWx0V0JzUUQ2Y180OURXcE9vd2FYOVpTWWFPOUU5czQ1Z1A1WU1yLUFMeFpyRVRCOWlsYnZGTmJiWG12OUtjNUxFYzBDQXdFQUFhT0NCSFF3Z2dSd01DY0dDU3NHQVFRQmdqY1ZDZ1FhTUJnd0NnWUlLd1lCQlFVSEF3RXdDZ1lJS3dZQkJRVUhBd0l3UFFZSkt3WUJCQUdDTnhVSEJEQXdMZ1ltS3dZQkJBR0NOeFVJaHBEakRZVFZ0SGlFOFlzLWhadmRGczZkRW9GZ2hmbVJTNFdzbVRRQ0FXUUNBUWN3Z2dITEJnZ3JCZ0VGQlFjQkFRU0NBYjB3Z2dHNU1HTUdDQ3NHQVFVRkJ6QUNobGRvZEhSd09pOHZZM0pzTG0xcFkzSnZjMjltZEM1amIyMHZjR3RwYVc1bWNtRXZRMlZ5ZEhNdlEwOHhVRXRKU1U1VVEwRXdNUzVCVFVVdVIwSk1YMEZOUlNVeU1FbHVabkpoSlRJd1EwRWxNakF3TlM1amNuUXdVd1lJS3dZQkJRVUhNQUtHUjJoMGRIQTZMeTlqY213eExtRnRaUzVuWW13dllXbGhMME5QTVZCTFNVbE9WRU5CTURFdVFVMUZMa2RDVEY5QlRVVWxNakJKYm1aeVlTVXlNRU5CSlRJd01EVXVZM0owTUZNR0NDc0dBUVVGQnpBQ2hrZG9kSFJ3T2k4dlkzSnNNaTVoYldVdVoySnNMMkZwWVM5RFR6RlFTMGxKVGxSRFFUQXhMa0ZOUlM1SFFreGZRVTFGSlRJd1NXNW1jbUVsTWpCRFFTVXlNREExTG1OeWREQlRCZ2dyQmdFRkJRY3dBb1pIYUhSMGNEb3ZMMk55YkRNdVlXMWxMbWRpYkM5aGFXRXZRMDh4VUV0SlNVNVVRMEV3TVM1QlRVVXVSMEpNWDBGTlJTVXlNRWx1Wm5KaEpUSXdRMEVsTWpBd05TNWpjblF3VXdZSUt3WUJCUVVITUFLR1IyaDBkSEE2THk5amNtdzBMbUZ0WlM1blltd3ZZV2xoTDBOUE1WQkxTVWxPVkVOQk1ERXVRVTFGTGtkQ1RGOUJUVVVsTWpCSmJtWnlZU1V5TUVOQkpUSXdNRFV1WTNKME1CMEdBMVVkRGdRV0JCUWo5R04yMXZ5bUlnWTg2cEVXak5xR1I2LWRsREFPQmdOVkhROEJBZjhFQkFNQ0JhQXdnZ0VtQmdOVkhSOEVnZ0VkTUlJQkdUQ0NBUldnZ2dFUm9JSUJEWVlfYUhSMGNEb3ZMMk55YkM1dGFXTnliM052Wm5RdVkyOXRMM0JyYVdsdVpuSmhMME5TVEM5QlRVVWxNakJKYm1aeVlTVXlNRU5CSlRJd01EVXVZM0pzaGpGb2RIUndPaTh2WTNKc01TNWhiV1V1WjJKc0wyTnliQzlCVFVVbE1qQkpibVp5WVNVeU1FTkJKVEl3TURVdVkzSnNoakZvZEhSd09pOHZZM0pzTWk1aGJXVXVaMkpzTDJOeWJDOUJUVVVsTWpCSmJtWnlZU1V5TUVOQkpUSXdNRFV1WTNKc2hqRm9kSFJ3T2k4dlkzSnNNeTVoYldVdVoySnNMMk55YkM5QlRVVWxNakJKYm1aeVlTVXlNRU5CSlRJd01EVXVZM0pzaGpGb2RIUndPaTh2WTNKc05DNWhiV1V1WjJKc0wyTnliQzlCVFVVbE1qQkpibVp5WVNVeU1FTkJKVEl3TURVdVkzSnNNSUdkQmdOVkhTQUVnWlV3Z1pJd0RBWUtLd1lCQkFHQ04zc0JBVEJtQmdvckJnRUVBWUkzZXdJQ01GZ3dWZ1lJS3dZQkJRVUhBZ0l3U2g1SUFETUFNd0JsQURBQU1RQTVBRElBTVFBdEFEUUFaQUEyQURRQUxRQTBBR1lBT0FCakFDMEFZUUF3QURVQU5RQXRBRFVBWWdCa0FHRUFaZ0JtQUdRQU5RQmxBRE1BTXdCa01Bd0dDaXNHQVFRQmdqZDdBd0l3REFZS0t3WUJCQUdDTjNzRUFqQWZCZ05WSFNNRUdEQVdnQlI2MWhtRktIbHNjWFllWVBqelMtLWlCVUlXSFRBZEJnTlZIU1VFRmpBVUJnZ3JCZ0VGQlFjREFRWUlLd1lCQlFVSEF3SXdEUVlKS29aSWh2Y05BUUVMQlFBRGdnRUJBRjBsVHJGZzBkU1VDWG80MUZEV21hUUZESktac3VjVGF0M3ZoRFJrYklmeGxvMG40UVFKT3FKUVNDemo4bi1OdkgwcDBDUjQybnNUazJDNzBWcHI1NGk4MFlLZmNUT20wUTBScTlGSEItTno0S2xyeW1Ua1U2aGZlRDBXUmhVT3E2UEIxV2hXTEZfbXFTekV3bVRtdVFBc1ZHWGY4R2gwcHNsbHZ5Ri0tZUVhRjBwU2JoRXVvNmxQelBrM2hnVVNpY284Z2JTanI0aGdJVm42eDBKQ2ExWFNGZ2FlS0hJcUQ4ZWFwYi1tRGZZYTBRQVF3Sjh0WXh6cmtKX241T0k3ZzV4Q2lJZVY1RFhtU3pMVEd4OVF2YUU0WTgtakZnUktHMHFNaG5xZjhTdHJKT1NLTXJjSmxIdGpUN3BsYld0LWZYUExITnZQeWRtdEFpQTJxeWdSblUwJnM9SXNCcWxmT0VUcDVlVVVHWVVxSXQ2bTVfdWI2am9vdHZpV0lfWUhGRUFXaTFLSFFXdUp5NGY5U0VjbXp4QWpxQ2pfVlpNLTdXQmw4SWVrV2JCV2dSNHNRSzhUb2tkc3A3ajRGcUJObTAwdzROQjJ5ZVdpcGhHaFJLdDY0VGoyRzVYLWZoYm5Jc1FQaTE3enhPdGxzQzQtbDdYaUN0UEM1NFo1UW9QT1lmWHZEZXJCc0RtdzFDak5nMFNkN0RqZTdxMDBDNTBwelhyQms5X1ctWFdxVEdreGpfVTgtU0phMmo5Q090OXJjejhOa3VWMkUtZTJkTWw1aEdnRUM2SmVfZ2cwNnRVTk8yZmpicjAzSjR3RHpHQ3ZPc1hYRHJrdzZlX3F1amVZTW9XdUlaczFYVi10amJtSnBFUXJWTkxBSUZpT1lrdnFadllzNktpcktlcVVZVnNBJmg9WDBnT2steHFXa25DbjVJdS1rWFVHZHFjeEkxb3h3MlRHeWpkNjN2cnRDaw==",
      "RequestMethod": "GET",
      "RequestHeaders": {
        "x-ms-client-request-id": [
          "ddc25085-9ce3-4b6d-9d52-facae53f98ed"
        ],
        "User-Agent": [
          "FxVersion/6.0.3624.51421",
          "OSName/Windows",
          "OSVersion/Microsoft.Windows.10.0.22631",
          "Microsoft.Azure.Management.CosmosDB.CosmosDBManagementClient/1.17.0"
        ]
      },
      "RequestBody": "",
      "ResponseHeaders": {
        "Cache-Control": [
          "no-store, no-cache"
        ],
        "Pragma": [
          "no-cache"
        ],
        "Strict-Transport-Security": [
          "max-age=31536000; includeSubDomains"
        ],
        "x-ms-gatewayversion": [
          "version=2.14.0"
        ],
        "x-ms-ratelimit-remaining-subscription-reads": [
          "1099"
        ],
        "x-ms-ratelimit-remaining-subscription-global-reads": [
          "16499"
        ],
        "x-ms-request-id": [
          "90b38b3a-1390-4be4-b2c0-d38805af6feb"
        ],
        "x-ms-correlation-request-id": [
          "90b38b3a-1390-4be4-b2c0-d38805af6feb"
        ],
        "x-ms-routing-request-id": [
          "EASTUS:20250305T182858Z:90b38b3a-1390-4be4-b2c0-d38805af6feb"
        ],
        "X-Content-Type-Options": [
          "nosniff"
        ],
        "X-Cache": [
          "CONFIG_NOCACHE"
        ],
        "X-MSEdge-Ref": [
          "Ref A: 1DF0F294CC5F46CBB38B5E7AAE31D94D Ref B: BL2AA2030104025 Ref C: 2025-03-05T18:28:58Z"
        ],
        "Date": [
          "Wed, 05 Mar 2025 18:28:58 GMT"
        ],
        "Content-Length": [
          "21"
        ],
        "Content-Type": [
          "application/json"
        ]
      },
      "ResponseBody": "{\r\n  \"status\": \"Dequeued\"\r\n}",
      "StatusCode": 200
    },
    {
      "RequestUri": "/subscriptions/dec9ed54-2b7f-4476-9bd0-875544af59df/providers/Microsoft.DocumentDB/locations/eastus/operationsStatus/3dcf444d-753a-4f48-847c-ed2c1983d471?api-version=2024-11-15&t=638767961087526851&c=MIIHhzCCBm-gAwIBAgITfAaPVSYGYp0_a9-AhQAABo9VJjANBgkqhkiG9w0BAQsFADBEMRMwEQYKCZImiZPyLGQBGRYDR0JMMRMwEQYKCZImiZPyLGQBGRYDQU1FMRgwFgYDVQQDEw9BTUUgSW5mcmEgQ0EgMDUwHhcNMjUwMTIwMDgzNTM2WhcNMjUwNzE5MDgzNTM2WjBAMT4wPAYDVQQDEzVhc3luY29wZXJhdGlvbnNpZ25pbmdjZXJ0aWZpY2F0ZS5tYW5hZ2VtZW50LmF6dXJlLmNvbTCCASIwDQYJKoZIhvcNAQEBBQADggEPADCCAQoCggEBAMIvzhqGKiWeVv5oxugQQEZ8AxTC1p8Lu-WshPo0K7VS2EMvF_bHNAJa2ICbsiu5eWYlTaYcdzZL_li8T_EER2Dx5l6uj7GUfGoYbEJQ0ZdYtzLoQJYa5_x168-RsA7F1839wPdzv32z3afnCHOSeIzPiOiCJXb6FjOWJ-znbB2na5Gw4nwgaj4uxlRQGN3ElReqQ4P64xkAph5x91fRINLkaaRTDeKQ_g_suaN1BHm22myYRg2O9gZy5mhTUzDjj9HsrGu2-1-ZFNZZPMl5ltWBsQD6c_49DWpOowaX9ZSYaO9E9s45gP5YMr-ALxZrETB9ilbvFNbbXmv9Kc5LEc0CAwEAAaOCBHQwggRwMCcGCSsGAQQBgjcVCgQaMBgwCgYIKwYBBQUHAwEwCgYIKwYBBQUHAwIwPQYJKwYBBAGCNxUHBDAwLgYmKwYBBAGCNxUIhpDjDYTVtHiE8Ys-hZvdFs6dEoFghfmRS4WsmTQCAWQCAQcwggHLBggrBgEFBQcBAQSCAb0wggG5MGMGCCsGAQUFBzAChldodHRwOi8vY3JsLm1pY3Jvc29mdC5jb20vcGtpaW5mcmEvQ2VydHMvQ08xUEtJSU5UQ0EwMS5BTUUuR0JMX0FNRSUyMEluZnJhJTIwQ0ElMjAwNS5jcnQwUwYIKwYBBQUHMAKGR2h0dHA6Ly9jcmwxLmFtZS5nYmwvYWlhL0NPMVBLSUlOVENBMDEuQU1FLkdCTF9BTUUlMjBJbmZyYSUyMENBJTIwMDUuY3J0MFMGCCsGAQUFBzAChkdodHRwOi8vY3JsMi5hbWUuZ2JsL2FpYS9DTzFQS0lJTlRDQTAxLkFNRS5HQkxfQU1FJTIwSW5mcmElMjBDQSUyMDA1LmNydDBTBggrBgEFBQcwAoZHaHR0cDovL2NybDMuYW1lLmdibC9haWEvQ08xUEtJSU5UQ0EwMS5BTUUuR0JMX0FNRSUyMEluZnJhJTIwQ0ElMjAwNS5jcnQwUwYIKwYBBQUHMAKGR2h0dHA6Ly9jcmw0LmFtZS5nYmwvYWlhL0NPMVBLSUlOVENBMDEuQU1FLkdCTF9BTUUlMjBJbmZyYSUyMENBJTIwMDUuY3J0MB0GA1UdDgQWBBQj9GN21vymIgY86pEWjNqGR6-dlDAOBgNVHQ8BAf8EBAMCBaAwggEmBgNVHR8EggEdMIIBGTCCARWgggERoIIBDYY_aHR0cDovL2NybC5taWNyb3NvZnQuY29tL3BraWluZnJhL0NSTC9BTUUlMjBJbmZyYSUyMENBJTIwMDUuY3JshjFodHRwOi8vY3JsMS5hbWUuZ2JsL2NybC9BTUUlMjBJbmZyYSUyMENBJTIwMDUuY3JshjFodHRwOi8vY3JsMi5hbWUuZ2JsL2NybC9BTUUlMjBJbmZyYSUyMENBJTIwMDUuY3JshjFodHRwOi8vY3JsMy5hbWUuZ2JsL2NybC9BTUUlMjBJbmZyYSUyMENBJTIwMDUuY3JshjFodHRwOi8vY3JsNC5hbWUuZ2JsL2NybC9BTUUlMjBJbmZyYSUyMENBJTIwMDUuY3JsMIGdBgNVHSAEgZUwgZIwDAYKKwYBBAGCN3sBATBmBgorBgEEAYI3ewICMFgwVgYIKwYBBQUHAgIwSh5IADMAMwBlADAAMQA5ADIAMQAtADQAZAA2ADQALQA0AGYAOABjAC0AYQAwADUANQAtADUAYgBkAGEAZgBmAGQANQBlADMAMwBkMAwGCisGAQQBgjd7AwIwDAYKKwYBBAGCN3sEAjAfBgNVHSMEGDAWgBR61hmFKHlscXYeYPjzS--iBUIWHTAdBgNVHSUEFjAUBggrBgEFBQcDAQYIKwYBBQUHAwIwDQYJKoZIhvcNAQELBQADggEBAF0lTrFg0dSUCXo41FDWmaQFDJKZsucTat3vhDRkbIfxlo0n4QQJOqJQSCzj8n-NvH0p0CR42nsTk2C70Vpr54i80YKfcTOm0Q0Rq9FHB-Nz4KlrymTkU6hfeD0WRhUOq6PB1WhWLF_mqSzEwmTmuQAsVGXf8Gh0psllvyF--eEaF0pSbhEuo6lPzPk3hgUSico8gbSjr4hgIVn6x0JCa1XSFgaeKHIqD8eapb-mDfYa0QAQwJ8tYxzrkJ_n5OI7g5xCiIeV5DXmSzLTGx9QvaE4Y8-jFgRKG0qMhnqf8StrJOSKMrcJlHtjT7plbWt-fXPLHNvPydmtAiA2qygRnU0&s=IsBqlfOETp5eUUGYUqIt6m5_ub6jootviWI_YHFEAWi1KHQWuJy4f9SEcmzxAjqCj_VZM-7WBl8IekWbBWgR4sQK8Tokdsp7j4FqBNm00w4NB2yeWiphGhRKt64Tj2G5X-fhbnIsQPi17zxOtlsC4-l7XiCtPC54Z5QoPOYfXvDerBsDmw1CjNg0Sd7Dje7q00C50pzXrBk9_W-XWqTGkxj_U8-SJa2j9COt9rcz8NkuV2E-e2dMl5hGgEC6Je_gg06tUNO2fjbr03J4wDzGCvOsXXDrkw6e_qujeYMoWuIZs1XV-tjbmJpEQrVNLAIFiOYkvqZvYs6KirKeqUYVsA&h=X0gOk-xqWknCn5Iu-kXUGdqcxI1oxw2TGyjd63vrtCk",
      "EncodedRequestUri": "L3N1YnNjcmlwdGlvbnMvZGVjOWVkNTQtMmI3Zi00NDc2LTliZDAtODc1NTQ0YWY1OWRmL3Byb3ZpZGVycy9NaWNyb3NvZnQuRG9jdW1lbnREQi9sb2NhdGlvbnMvZWFzdHVzL29wZXJhdGlvbnNTdGF0dXMvM2RjZjQ0NGQtNzUzYS00ZjQ4LTg0N2MtZWQyYzE5ODNkNDcxP2FwaS12ZXJzaW9uPTIwMjQtMTEtMTUmdD02Mzg3Njc5NjEwODc1MjY4NTEmYz1NSUlIaHpDQ0JtLWdBd0lCQWdJVGZBYVBWU1lHWXAwX2E5LUFoUUFBQm85VkpqQU5CZ2txaGtpRzl3MEJBUXNGQURCRU1STXdFUVlLQ1pJbWlaUHlMR1FCR1JZRFIwSk1NUk13RVFZS0NaSW1pWlB5TEdRQkdSWURRVTFGTVJnd0ZnWURWUVFERXc5QlRVVWdTVzVtY21FZ1EwRWdNRFV3SGhjTk1qVXdNVEl3TURnek5UTTJXaGNOTWpVd056RTVNRGd6TlRNMldqQkFNVDR3UEFZRFZRUURFelZoYzNsdVkyOXdaWEpoZEdsdmJuTnBaMjVwYm1kalpYSjBhV1pwWTJGMFpTNXRZVzVoWjJWdFpXNTBMbUY2ZFhKbExtTnZiVENDQVNJd0RRWUpLb1pJaHZjTkFRRUJCUUFEZ2dFUEFEQ0NBUW9DZ2dFQkFNSXZ6aHFHS2lXZVZ2NW94dWdRUUVaOEF4VEMxcDhMdS1Xc2hQbzBLN1ZTMkVNdkZfYkhOQUphMklDYnNpdTVlV1lsVGFZY2R6WkxfbGk4VF9FRVIyRHg1bDZ1ajdHVWZHb1liRUpRMFpkWXR6TG9RSllhNV94MTY4LVJzQTdGMTgzOXdQZHp2MzJ6M2FmbkNIT1NlSXpQaU9pQ0pYYjZGak9XSi16bmJCMm5hNUd3NG53Z2FqNHV4bFJRR04zRWxSZXFRNFA2NHhrQXBoNXg5MWZSSU5Ma2FhUlREZUtRX2dfc3VhTjFCSG0yMm15WVJnMk85Z1p5NW1oVFV6RGpqOUhzckd1Mi0xLVpGTlpaUE1sNWx0V0JzUUQ2Y180OURXcE9vd2FYOVpTWWFPOUU5czQ1Z1A1WU1yLUFMeFpyRVRCOWlsYnZGTmJiWG12OUtjNUxFYzBDQXdFQUFhT0NCSFF3Z2dSd01DY0dDU3NHQVFRQmdqY1ZDZ1FhTUJnd0NnWUlLd1lCQlFVSEF3RXdDZ1lJS3dZQkJRVUhBd0l3UFFZSkt3WUJCQUdDTnhVSEJEQXdMZ1ltS3dZQkJBR0NOeFVJaHBEakRZVFZ0SGlFOFlzLWhadmRGczZkRW9GZ2hmbVJTNFdzbVRRQ0FXUUNBUWN3Z2dITEJnZ3JCZ0VGQlFjQkFRU0NBYjB3Z2dHNU1HTUdDQ3NHQVFVRkJ6QUNobGRvZEhSd09pOHZZM0pzTG0xcFkzSnZjMjltZEM1amIyMHZjR3RwYVc1bWNtRXZRMlZ5ZEhNdlEwOHhVRXRKU1U1VVEwRXdNUzVCVFVVdVIwSk1YMEZOUlNVeU1FbHVabkpoSlRJd1EwRWxNakF3TlM1amNuUXdVd1lJS3dZQkJRVUhNQUtHUjJoMGRIQTZMeTlqY213eExtRnRaUzVuWW13dllXbGhMME5QTVZCTFNVbE9WRU5CTURFdVFVMUZMa2RDVEY5QlRVVWxNakJKYm1aeVlTVXlNRU5CSlRJd01EVXVZM0owTUZNR0NDc0dBUVVGQnpBQ2hrZG9kSFJ3T2k4dlkzSnNNaTVoYldVdVoySnNMMkZwWVM5RFR6RlFTMGxKVGxSRFFUQXhMa0ZOUlM1SFFreGZRVTFGSlRJd1NXNW1jbUVsTWpCRFFTVXlNREExTG1OeWREQlRCZ2dyQmdFRkJRY3dBb1pIYUhSMGNEb3ZMMk55YkRNdVlXMWxMbWRpYkM5aGFXRXZRMDh4VUV0SlNVNVVRMEV3TVM1QlRVVXVSMEpNWDBGTlJTVXlNRWx1Wm5KaEpUSXdRMEVsTWpBd05TNWpjblF3VXdZSUt3WUJCUVVITUFLR1IyaDBkSEE2THk5amNtdzBMbUZ0WlM1blltd3ZZV2xoTDBOUE1WQkxTVWxPVkVOQk1ERXVRVTFGTGtkQ1RGOUJUVVVsTWpCSmJtWnlZU1V5TUVOQkpUSXdNRFV1WTNKME1CMEdBMVVkRGdRV0JCUWo5R04yMXZ5bUlnWTg2cEVXak5xR1I2LWRsREFPQmdOVkhROEJBZjhFQkFNQ0JhQXdnZ0VtQmdOVkhSOEVnZ0VkTUlJQkdUQ0NBUldnZ2dFUm9JSUJEWVlfYUhSMGNEb3ZMMk55YkM1dGFXTnliM052Wm5RdVkyOXRMM0JyYVdsdVpuSmhMME5TVEM5QlRVVWxNakJKYm1aeVlTVXlNRU5CSlRJd01EVXVZM0pzaGpGb2RIUndPaTh2WTNKc01TNWhiV1V1WjJKc0wyTnliQzlCVFVVbE1qQkpibVp5WVNVeU1FTkJKVEl3TURVdVkzSnNoakZvZEhSd09pOHZZM0pzTWk1aGJXVXVaMkpzTDJOeWJDOUJUVVVsTWpCSmJtWnlZU1V5TUVOQkpUSXdNRFV1WTNKc2hqRm9kSFJ3T2k4dlkzSnNNeTVoYldVdVoySnNMMk55YkM5QlRVVWxNakJKYm1aeVlTVXlNRU5CSlRJd01EVXVZM0pzaGpGb2RIUndPaTh2WTNKc05DNWhiV1V1WjJKc0wyTnliQzlCVFVVbE1qQkpibVp5WVNVeU1FTkJKVEl3TURVdVkzSnNNSUdkQmdOVkhTQUVnWlV3Z1pJd0RBWUtLd1lCQkFHQ04zc0JBVEJtQmdvckJnRUVBWUkzZXdJQ01GZ3dWZ1lJS3dZQkJRVUhBZ0l3U2g1SUFETUFNd0JsQURBQU1RQTVBRElBTVFBdEFEUUFaQUEyQURRQUxRQTBBR1lBT0FCakFDMEFZUUF3QURVQU5RQXRBRFVBWWdCa0FHRUFaZ0JtQUdRQU5RQmxBRE1BTXdCa01Bd0dDaXNHQVFRQmdqZDdBd0l3REFZS0t3WUJCQUdDTjNzRUFqQWZCZ05WSFNNRUdEQVdnQlI2MWhtRktIbHNjWFllWVBqelMtLWlCVUlXSFRBZEJnTlZIU1VFRmpBVUJnZ3JCZ0VGQlFjREFRWUlLd1lCQlFVSEF3SXdEUVlKS29aSWh2Y05BUUVMQlFBRGdnRUJBRjBsVHJGZzBkU1VDWG80MUZEV21hUUZESktac3VjVGF0M3ZoRFJrYklmeGxvMG40UVFKT3FKUVNDemo4bi1OdkgwcDBDUjQybnNUazJDNzBWcHI1NGk4MFlLZmNUT20wUTBScTlGSEItTno0S2xyeW1Ua1U2aGZlRDBXUmhVT3E2UEIxV2hXTEZfbXFTekV3bVRtdVFBc1ZHWGY4R2gwcHNsbHZ5Ri0tZUVhRjBwU2JoRXVvNmxQelBrM2hnVVNpY284Z2JTanI0aGdJVm42eDBKQ2ExWFNGZ2FlS0hJcUQ4ZWFwYi1tRGZZYTBRQVF3Sjh0WXh6cmtKX241T0k3ZzV4Q2lJZVY1RFhtU3pMVEd4OVF2YUU0WTgtakZnUktHMHFNaG5xZjhTdHJKT1NLTXJjSmxIdGpUN3BsYld0LWZYUExITnZQeWRtdEFpQTJxeWdSblUwJnM9SXNCcWxmT0VUcDVlVVVHWVVxSXQ2bTVfdWI2am9vdHZpV0lfWUhGRUFXaTFLSFFXdUp5NGY5U0VjbXp4QWpxQ2pfVlpNLTdXQmw4SWVrV2JCV2dSNHNRSzhUb2tkc3A3ajRGcUJObTAwdzROQjJ5ZVdpcGhHaFJLdDY0VGoyRzVYLWZoYm5Jc1FQaTE3enhPdGxzQzQtbDdYaUN0UEM1NFo1UW9QT1lmWHZEZXJCc0RtdzFDak5nMFNkN0RqZTdxMDBDNTBwelhyQms5X1ctWFdxVEdreGpfVTgtU0phMmo5Q090OXJjejhOa3VWMkUtZTJkTWw1aEdnRUM2SmVfZ2cwNnRVTk8yZmpicjAzSjR3RHpHQ3ZPc1hYRHJrdzZlX3F1amVZTW9XdUlaczFYVi10amJtSnBFUXJWTkxBSUZpT1lrdnFadllzNktpcktlcVVZVnNBJmg9WDBnT2steHFXa25DbjVJdS1rWFVHZHFjeEkxb3h3MlRHeWpkNjN2cnRDaw==",
      "RequestMethod": "GET",
      "RequestHeaders": {
        "x-ms-client-request-id": [
          "ddc25085-9ce3-4b6d-9d52-facae53f98ed"
        ],
        "User-Agent": [
          "FxVersion/6.0.3624.51421",
          "OSName/Windows",
          "OSVersion/Microsoft.Windows.10.0.22631",
          "Microsoft.Azure.Management.CosmosDB.CosmosDBManagementClient/1.17.0"
        ]
      },
      "RequestBody": "",
      "ResponseHeaders": {
        "Cache-Control": [
          "no-store, no-cache"
        ],
        "Pragma": [
          "no-cache"
        ],
        "Strict-Transport-Security": [
          "max-age=31536000; includeSubDomains"
        ],
        "x-ms-gatewayversion": [
          "version=2.14.0"
        ],
        "x-ms-ratelimit-remaining-subscription-reads": [
          "1099"
        ],
        "x-ms-ratelimit-remaining-subscription-global-reads": [
          "16499"
        ],
        "x-ms-request-id": [
          "8795f5d5-cdd8-41dd-9386-22d76b776f58"
        ],
        "x-ms-correlation-request-id": [
          "8795f5d5-cdd8-41dd-9386-22d76b776f58"
        ],
        "x-ms-routing-request-id": [
          "EASTUS:20250305T182929Z:8795f5d5-cdd8-41dd-9386-22d76b776f58"
        ],
        "X-Content-Type-Options": [
          "nosniff"
        ],
        "X-Cache": [
          "CONFIG_NOCACHE"
        ],
        "X-MSEdge-Ref": [
          "Ref A: 6FD145BEF6104D91818EA1ABCE3BB907 Ref B: BL2AA2030104025 Ref C: 2025-03-05T18:29:28Z"
        ],
        "Date": [
          "Wed, 05 Mar 2025 18:29:28 GMT"
        ],
        "Content-Length": [
          "21"
        ],
        "Content-Type": [
          "application/json"
        ]
      },
      "ResponseBody": "{\r\n  \"status\": \"Dequeued\"\r\n}",
      "StatusCode": 200
    },
    {
      "RequestUri": "/subscriptions/dec9ed54-2b7f-4476-9bd0-875544af59df/providers/Microsoft.DocumentDB/locations/eastus/operationsStatus/3dcf444d-753a-4f48-847c-ed2c1983d471?api-version=2024-11-15&t=638767961087526851&c=MIIHhzCCBm-gAwIBAgITfAaPVSYGYp0_a9-AhQAABo9VJjANBgkqhkiG9w0BAQsFADBEMRMwEQYKCZImiZPyLGQBGRYDR0JMMRMwEQYKCZImiZPyLGQBGRYDQU1FMRgwFgYDVQQDEw9BTUUgSW5mcmEgQ0EgMDUwHhcNMjUwMTIwMDgzNTM2WhcNMjUwNzE5MDgzNTM2WjBAMT4wPAYDVQQDEzVhc3luY29wZXJhdGlvbnNpZ25pbmdjZXJ0aWZpY2F0ZS5tYW5hZ2VtZW50LmF6dXJlLmNvbTCCASIwDQYJKoZIhvcNAQEBBQADggEPADCCAQoCggEBAMIvzhqGKiWeVv5oxugQQEZ8AxTC1p8Lu-WshPo0K7VS2EMvF_bHNAJa2ICbsiu5eWYlTaYcdzZL_li8T_EER2Dx5l6uj7GUfGoYbEJQ0ZdYtzLoQJYa5_x168-RsA7F1839wPdzv32z3afnCHOSeIzPiOiCJXb6FjOWJ-znbB2na5Gw4nwgaj4uxlRQGN3ElReqQ4P64xkAph5x91fRINLkaaRTDeKQ_g_suaN1BHm22myYRg2O9gZy5mhTUzDjj9HsrGu2-1-ZFNZZPMl5ltWBsQD6c_49DWpOowaX9ZSYaO9E9s45gP5YMr-ALxZrETB9ilbvFNbbXmv9Kc5LEc0CAwEAAaOCBHQwggRwMCcGCSsGAQQBgjcVCgQaMBgwCgYIKwYBBQUHAwEwCgYIKwYBBQUHAwIwPQYJKwYBBAGCNxUHBDAwLgYmKwYBBAGCNxUIhpDjDYTVtHiE8Ys-hZvdFs6dEoFghfmRS4WsmTQCAWQCAQcwggHLBggrBgEFBQcBAQSCAb0wggG5MGMGCCsGAQUFBzAChldodHRwOi8vY3JsLm1pY3Jvc29mdC5jb20vcGtpaW5mcmEvQ2VydHMvQ08xUEtJSU5UQ0EwMS5BTUUuR0JMX0FNRSUyMEluZnJhJTIwQ0ElMjAwNS5jcnQwUwYIKwYBBQUHMAKGR2h0dHA6Ly9jcmwxLmFtZS5nYmwvYWlhL0NPMVBLSUlOVENBMDEuQU1FLkdCTF9BTUUlMjBJbmZyYSUyMENBJTIwMDUuY3J0MFMGCCsGAQUFBzAChkdodHRwOi8vY3JsMi5hbWUuZ2JsL2FpYS9DTzFQS0lJTlRDQTAxLkFNRS5HQkxfQU1FJTIwSW5mcmElMjBDQSUyMDA1LmNydDBTBggrBgEFBQcwAoZHaHR0cDovL2NybDMuYW1lLmdibC9haWEvQ08xUEtJSU5UQ0EwMS5BTUUuR0JMX0FNRSUyMEluZnJhJTIwQ0ElMjAwNS5jcnQwUwYIKwYBBQUHMAKGR2h0dHA6Ly9jcmw0LmFtZS5nYmwvYWlhL0NPMVBLSUlOVENBMDEuQU1FLkdCTF9BTUUlMjBJbmZyYSUyMENBJTIwMDUuY3J0MB0GA1UdDgQWBBQj9GN21vymIgY86pEWjNqGR6-dlDAOBgNVHQ8BAf8EBAMCBaAwggEmBgNVHR8EggEdMIIBGTCCARWgggERoIIBDYY_aHR0cDovL2NybC5taWNyb3NvZnQuY29tL3BraWluZnJhL0NSTC9BTUUlMjBJbmZyYSUyMENBJTIwMDUuY3JshjFodHRwOi8vY3JsMS5hbWUuZ2JsL2NybC9BTUUlMjBJbmZyYSUyMENBJTIwMDUuY3JshjFodHRwOi8vY3JsMi5hbWUuZ2JsL2NybC9BTUUlMjBJbmZyYSUyMENBJTIwMDUuY3JshjFodHRwOi8vY3JsMy5hbWUuZ2JsL2NybC9BTUUlMjBJbmZyYSUyMENBJTIwMDUuY3JshjFodHRwOi8vY3JsNC5hbWUuZ2JsL2NybC9BTUUlMjBJbmZyYSUyMENBJTIwMDUuY3JsMIGdBgNVHSAEgZUwgZIwDAYKKwYBBAGCN3sBATBmBgorBgEEAYI3ewICMFgwVgYIKwYBBQUHAgIwSh5IADMAMwBlADAAMQA5ADIAMQAtADQAZAA2ADQALQA0AGYAOABjAC0AYQAwADUANQAtADUAYgBkAGEAZgBmAGQANQBlADMAMwBkMAwGCisGAQQBgjd7AwIwDAYKKwYBBAGCN3sEAjAfBgNVHSMEGDAWgBR61hmFKHlscXYeYPjzS--iBUIWHTAdBgNVHSUEFjAUBggrBgEFBQcDAQYIKwYBBQUHAwIwDQYJKoZIhvcNAQELBQADggEBAF0lTrFg0dSUCXo41FDWmaQFDJKZsucTat3vhDRkbIfxlo0n4QQJOqJQSCzj8n-NvH0p0CR42nsTk2C70Vpr54i80YKfcTOm0Q0Rq9FHB-Nz4KlrymTkU6hfeD0WRhUOq6PB1WhWLF_mqSzEwmTmuQAsVGXf8Gh0psllvyF--eEaF0pSbhEuo6lPzPk3hgUSico8gbSjr4hgIVn6x0JCa1XSFgaeKHIqD8eapb-mDfYa0QAQwJ8tYxzrkJ_n5OI7g5xCiIeV5DXmSzLTGx9QvaE4Y8-jFgRKG0qMhnqf8StrJOSKMrcJlHtjT7plbWt-fXPLHNvPydmtAiA2qygRnU0&s=IsBqlfOETp5eUUGYUqIt6m5_ub6jootviWI_YHFEAWi1KHQWuJy4f9SEcmzxAjqCj_VZM-7WBl8IekWbBWgR4sQK8Tokdsp7j4FqBNm00w4NB2yeWiphGhRKt64Tj2G5X-fhbnIsQPi17zxOtlsC4-l7XiCtPC54Z5QoPOYfXvDerBsDmw1CjNg0Sd7Dje7q00C50pzXrBk9_W-XWqTGkxj_U8-SJa2j9COt9rcz8NkuV2E-e2dMl5hGgEC6Je_gg06tUNO2fjbr03J4wDzGCvOsXXDrkw6e_qujeYMoWuIZs1XV-tjbmJpEQrVNLAIFiOYkvqZvYs6KirKeqUYVsA&h=X0gOk-xqWknCn5Iu-kXUGdqcxI1oxw2TGyjd63vrtCk",
      "EncodedRequestUri": "L3N1YnNjcmlwdGlvbnMvZGVjOWVkNTQtMmI3Zi00NDc2LTliZDAtODc1NTQ0YWY1OWRmL3Byb3ZpZGVycy9NaWNyb3NvZnQuRG9jdW1lbnREQi9sb2NhdGlvbnMvZWFzdHVzL29wZXJhdGlvbnNTdGF0dXMvM2RjZjQ0NGQtNzUzYS00ZjQ4LTg0N2MtZWQyYzE5ODNkNDcxP2FwaS12ZXJzaW9uPTIwMjQtMTEtMTUmdD02Mzg3Njc5NjEwODc1MjY4NTEmYz1NSUlIaHpDQ0JtLWdBd0lCQWdJVGZBYVBWU1lHWXAwX2E5LUFoUUFBQm85VkpqQU5CZ2txaGtpRzl3MEJBUXNGQURCRU1STXdFUVlLQ1pJbWlaUHlMR1FCR1JZRFIwSk1NUk13RVFZS0NaSW1pWlB5TEdRQkdSWURRVTFGTVJnd0ZnWURWUVFERXc5QlRVVWdTVzVtY21FZ1EwRWdNRFV3SGhjTk1qVXdNVEl3TURnek5UTTJXaGNOTWpVd056RTVNRGd6TlRNMldqQkFNVDR3UEFZRFZRUURFelZoYzNsdVkyOXdaWEpoZEdsdmJuTnBaMjVwYm1kalpYSjBhV1pwWTJGMFpTNXRZVzVoWjJWdFpXNTBMbUY2ZFhKbExtTnZiVENDQVNJd0RRWUpLb1pJaHZjTkFRRUJCUUFEZ2dFUEFEQ0NBUW9DZ2dFQkFNSXZ6aHFHS2lXZVZ2NW94dWdRUUVaOEF4VEMxcDhMdS1Xc2hQbzBLN1ZTMkVNdkZfYkhOQUphMklDYnNpdTVlV1lsVGFZY2R6WkxfbGk4VF9FRVIyRHg1bDZ1ajdHVWZHb1liRUpRMFpkWXR6TG9RSllhNV94MTY4LVJzQTdGMTgzOXdQZHp2MzJ6M2FmbkNIT1NlSXpQaU9pQ0pYYjZGak9XSi16bmJCMm5hNUd3NG53Z2FqNHV4bFJRR04zRWxSZXFRNFA2NHhrQXBoNXg5MWZSSU5Ma2FhUlREZUtRX2dfc3VhTjFCSG0yMm15WVJnMk85Z1p5NW1oVFV6RGpqOUhzckd1Mi0xLVpGTlpaUE1sNWx0V0JzUUQ2Y180OURXcE9vd2FYOVpTWWFPOUU5czQ1Z1A1WU1yLUFMeFpyRVRCOWlsYnZGTmJiWG12OUtjNUxFYzBDQXdFQUFhT0NCSFF3Z2dSd01DY0dDU3NHQVFRQmdqY1ZDZ1FhTUJnd0NnWUlLd1lCQlFVSEF3RXdDZ1lJS3dZQkJRVUhBd0l3UFFZSkt3WUJCQUdDTnhVSEJEQXdMZ1ltS3dZQkJBR0NOeFVJaHBEakRZVFZ0SGlFOFlzLWhadmRGczZkRW9GZ2hmbVJTNFdzbVRRQ0FXUUNBUWN3Z2dITEJnZ3JCZ0VGQlFjQkFRU0NBYjB3Z2dHNU1HTUdDQ3NHQVFVRkJ6QUNobGRvZEhSd09pOHZZM0pzTG0xcFkzSnZjMjltZEM1amIyMHZjR3RwYVc1bWNtRXZRMlZ5ZEhNdlEwOHhVRXRKU1U1VVEwRXdNUzVCVFVVdVIwSk1YMEZOUlNVeU1FbHVabkpoSlRJd1EwRWxNakF3TlM1amNuUXdVd1lJS3dZQkJRVUhNQUtHUjJoMGRIQTZMeTlqY213eExtRnRaUzVuWW13dllXbGhMME5QTVZCTFNVbE9WRU5CTURFdVFVMUZMa2RDVEY5QlRVVWxNakJKYm1aeVlTVXlNRU5CSlRJd01EVXVZM0owTUZNR0NDc0dBUVVGQnpBQ2hrZG9kSFJ3T2k4dlkzSnNNaTVoYldVdVoySnNMMkZwWVM5RFR6RlFTMGxKVGxSRFFUQXhMa0ZOUlM1SFFreGZRVTFGSlRJd1NXNW1jbUVsTWpCRFFTVXlNREExTG1OeWREQlRCZ2dyQmdFRkJRY3dBb1pIYUhSMGNEb3ZMMk55YkRNdVlXMWxMbWRpYkM5aGFXRXZRMDh4VUV0SlNVNVVRMEV3TVM1QlRVVXVSMEpNWDBGTlJTVXlNRWx1Wm5KaEpUSXdRMEVsTWpBd05TNWpjblF3VXdZSUt3WUJCUVVITUFLR1IyaDBkSEE2THk5amNtdzBMbUZ0WlM1blltd3ZZV2xoTDBOUE1WQkxTVWxPVkVOQk1ERXVRVTFGTGtkQ1RGOUJUVVVsTWpCSmJtWnlZU1V5TUVOQkpUSXdNRFV1WTNKME1CMEdBMVVkRGdRV0JCUWo5R04yMXZ5bUlnWTg2cEVXak5xR1I2LWRsREFPQmdOVkhROEJBZjhFQkFNQ0JhQXdnZ0VtQmdOVkhSOEVnZ0VkTUlJQkdUQ0NBUldnZ2dFUm9JSUJEWVlfYUhSMGNEb3ZMMk55YkM1dGFXTnliM052Wm5RdVkyOXRMM0JyYVdsdVpuSmhMME5TVEM5QlRVVWxNakJKYm1aeVlTVXlNRU5CSlRJd01EVXVZM0pzaGpGb2RIUndPaTh2WTNKc01TNWhiV1V1WjJKc0wyTnliQzlCVFVVbE1qQkpibVp5WVNVeU1FTkJKVEl3TURVdVkzSnNoakZvZEhSd09pOHZZM0pzTWk1aGJXVXVaMkpzTDJOeWJDOUJUVVVsTWpCSmJtWnlZU1V5TUVOQkpUSXdNRFV1WTNKc2hqRm9kSFJ3T2k4dlkzSnNNeTVoYldVdVoySnNMMk55YkM5QlRVVWxNakJKYm1aeVlTVXlNRU5CSlRJd01EVXVZM0pzaGpGb2RIUndPaTh2WTNKc05DNWhiV1V1WjJKc0wyTnliQzlCVFVVbE1qQkpibVp5WVNVeU1FTkJKVEl3TURVdVkzSnNNSUdkQmdOVkhTQUVnWlV3Z1pJd0RBWUtLd1lCQkFHQ04zc0JBVEJtQmdvckJnRUVBWUkzZXdJQ01GZ3dWZ1lJS3dZQkJRVUhBZ0l3U2g1SUFETUFNd0JsQURBQU1RQTVBRElBTVFBdEFEUUFaQUEyQURRQUxRQTBBR1lBT0FCakFDMEFZUUF3QURVQU5RQXRBRFVBWWdCa0FHRUFaZ0JtQUdRQU5RQmxBRE1BTXdCa01Bd0dDaXNHQVFRQmdqZDdBd0l3REFZS0t3WUJCQUdDTjNzRUFqQWZCZ05WSFNNRUdEQVdnQlI2MWhtRktIbHNjWFllWVBqelMtLWlCVUlXSFRBZEJnTlZIU1VFRmpBVUJnZ3JCZ0VGQlFjREFRWUlLd1lCQlFVSEF3SXdEUVlKS29aSWh2Y05BUUVMQlFBRGdnRUJBRjBsVHJGZzBkU1VDWG80MUZEV21hUUZESktac3VjVGF0M3ZoRFJrYklmeGxvMG40UVFKT3FKUVNDemo4bi1OdkgwcDBDUjQybnNUazJDNzBWcHI1NGk4MFlLZmNUT20wUTBScTlGSEItTno0S2xyeW1Ua1U2aGZlRDBXUmhVT3E2UEIxV2hXTEZfbXFTekV3bVRtdVFBc1ZHWGY4R2gwcHNsbHZ5Ri0tZUVhRjBwU2JoRXVvNmxQelBrM2hnVVNpY284Z2JTanI0aGdJVm42eDBKQ2ExWFNGZ2FlS0hJcUQ4ZWFwYi1tRGZZYTBRQVF3Sjh0WXh6cmtKX241T0k3ZzV4Q2lJZVY1RFhtU3pMVEd4OVF2YUU0WTgtakZnUktHMHFNaG5xZjhTdHJKT1NLTXJjSmxIdGpUN3BsYld0LWZYUExITnZQeWRtdEFpQTJxeWdSblUwJnM9SXNCcWxmT0VUcDVlVVVHWVVxSXQ2bTVfdWI2am9vdHZpV0lfWUhGRUFXaTFLSFFXdUp5NGY5U0VjbXp4QWpxQ2pfVlpNLTdXQmw4SWVrV2JCV2dSNHNRSzhUb2tkc3A3ajRGcUJObTAwdzROQjJ5ZVdpcGhHaFJLdDY0VGoyRzVYLWZoYm5Jc1FQaTE3enhPdGxzQzQtbDdYaUN0UEM1NFo1UW9QT1lmWHZEZXJCc0RtdzFDak5nMFNkN0RqZTdxMDBDNTBwelhyQms5X1ctWFdxVEdreGpfVTgtU0phMmo5Q090OXJjejhOa3VWMkUtZTJkTWw1aEdnRUM2SmVfZ2cwNnRVTk8yZmpicjAzSjR3RHpHQ3ZPc1hYRHJrdzZlX3F1amVZTW9XdUlaczFYVi10amJtSnBFUXJWTkxBSUZpT1lrdnFadllzNktpcktlcVVZVnNBJmg9WDBnT2steHFXa25DbjVJdS1rWFVHZHFjeEkxb3h3MlRHeWpkNjN2cnRDaw==",
      "RequestMethod": "GET",
      "RequestHeaders": {
        "x-ms-client-request-id": [
          "ddc25085-9ce3-4b6d-9d52-facae53f98ed"
        ],
        "User-Agent": [
          "FxVersion/6.0.3624.51421",
          "OSName/Windows",
          "OSVersion/Microsoft.Windows.10.0.22631",
          "Microsoft.Azure.Management.CosmosDB.CosmosDBManagementClient/1.17.0"
        ]
      },
      "RequestBody": "",
      "ResponseHeaders": {
        "Cache-Control": [
          "no-store, no-cache"
        ],
        "Pragma": [
          "no-cache"
        ],
        "Strict-Transport-Security": [
          "max-age=31536000; includeSubDomains"
        ],
        "x-ms-gatewayversion": [
          "version=2.14.0"
        ],
        "x-ms-ratelimit-remaining-subscription-reads": [
          "1099"
        ],
        "x-ms-ratelimit-remaining-subscription-global-reads": [
          "16499"
        ],
        "x-ms-request-id": [
          "90e53164-746b-45fd-b1d2-a1c2aec61525"
        ],
        "x-ms-correlation-request-id": [
          "90e53164-746b-45fd-b1d2-a1c2aec61525"
        ],
        "x-ms-routing-request-id": [
          "EASTUS:20250305T182959Z:90e53164-746b-45fd-b1d2-a1c2aec61525"
        ],
        "X-Content-Type-Options": [
          "nosniff"
        ],
        "X-Cache": [
          "CONFIG_NOCACHE"
        ],
        "X-MSEdge-Ref": [
          "Ref A: 80C206B49D334CDD8CF19CDD360F37CE Ref B: BL2AA2030104025 Ref C: 2025-03-05T18:29:59Z"
        ],
        "Date": [
          "Wed, 05 Mar 2025 18:29:58 GMT"
        ],
        "Content-Length": [
          "21"
        ],
        "Content-Type": [
          "application/json"
        ]
      },
      "ResponseBody": "{\r\n  \"status\": \"Dequeued\"\r\n}",
      "StatusCode": 200
    },
    {
      "RequestUri": "/subscriptions/dec9ed54-2b7f-4476-9bd0-875544af59df/providers/Microsoft.DocumentDB/locations/eastus/operationsStatus/3dcf444d-753a-4f48-847c-ed2c1983d471?api-version=2024-11-15&t=638767961087526851&c=MIIHhzCCBm-gAwIBAgITfAaPVSYGYp0_a9-AhQAABo9VJjANBgkqhkiG9w0BAQsFADBEMRMwEQYKCZImiZPyLGQBGRYDR0JMMRMwEQYKCZImiZPyLGQBGRYDQU1FMRgwFgYDVQQDEw9BTUUgSW5mcmEgQ0EgMDUwHhcNMjUwMTIwMDgzNTM2WhcNMjUwNzE5MDgzNTM2WjBAMT4wPAYDVQQDEzVhc3luY29wZXJhdGlvbnNpZ25pbmdjZXJ0aWZpY2F0ZS5tYW5hZ2VtZW50LmF6dXJlLmNvbTCCASIwDQYJKoZIhvcNAQEBBQADggEPADCCAQoCggEBAMIvzhqGKiWeVv5oxugQQEZ8AxTC1p8Lu-WshPo0K7VS2EMvF_bHNAJa2ICbsiu5eWYlTaYcdzZL_li8T_EER2Dx5l6uj7GUfGoYbEJQ0ZdYtzLoQJYa5_x168-RsA7F1839wPdzv32z3afnCHOSeIzPiOiCJXb6FjOWJ-znbB2na5Gw4nwgaj4uxlRQGN3ElReqQ4P64xkAph5x91fRINLkaaRTDeKQ_g_suaN1BHm22myYRg2O9gZy5mhTUzDjj9HsrGu2-1-ZFNZZPMl5ltWBsQD6c_49DWpOowaX9ZSYaO9E9s45gP5YMr-ALxZrETB9ilbvFNbbXmv9Kc5LEc0CAwEAAaOCBHQwggRwMCcGCSsGAQQBgjcVCgQaMBgwCgYIKwYBBQUHAwEwCgYIKwYBBQUHAwIwPQYJKwYBBAGCNxUHBDAwLgYmKwYBBAGCNxUIhpDjDYTVtHiE8Ys-hZvdFs6dEoFghfmRS4WsmTQCAWQCAQcwggHLBggrBgEFBQcBAQSCAb0wggG5MGMGCCsGAQUFBzAChldodHRwOi8vY3JsLm1pY3Jvc29mdC5jb20vcGtpaW5mcmEvQ2VydHMvQ08xUEtJSU5UQ0EwMS5BTUUuR0JMX0FNRSUyMEluZnJhJTIwQ0ElMjAwNS5jcnQwUwYIKwYBBQUHMAKGR2h0dHA6Ly9jcmwxLmFtZS5nYmwvYWlhL0NPMVBLSUlOVENBMDEuQU1FLkdCTF9BTUUlMjBJbmZyYSUyMENBJTIwMDUuY3J0MFMGCCsGAQUFBzAChkdodHRwOi8vY3JsMi5hbWUuZ2JsL2FpYS9DTzFQS0lJTlRDQTAxLkFNRS5HQkxfQU1FJTIwSW5mcmElMjBDQSUyMDA1LmNydDBTBggrBgEFBQcwAoZHaHR0cDovL2NybDMuYW1lLmdibC9haWEvQ08xUEtJSU5UQ0EwMS5BTUUuR0JMX0FNRSUyMEluZnJhJTIwQ0ElMjAwNS5jcnQwUwYIKwYBBQUHMAKGR2h0dHA6Ly9jcmw0LmFtZS5nYmwvYWlhL0NPMVBLSUlOVENBMDEuQU1FLkdCTF9BTUUlMjBJbmZyYSUyMENBJTIwMDUuY3J0MB0GA1UdDgQWBBQj9GN21vymIgY86pEWjNqGR6-dlDAOBgNVHQ8BAf8EBAMCBaAwggEmBgNVHR8EggEdMIIBGTCCARWgggERoIIBDYY_aHR0cDovL2NybC5taWNyb3NvZnQuY29tL3BraWluZnJhL0NSTC9BTUUlMjBJbmZyYSUyMENBJTIwMDUuY3JshjFodHRwOi8vY3JsMS5hbWUuZ2JsL2NybC9BTUUlMjBJbmZyYSUyMENBJTIwMDUuY3JshjFodHRwOi8vY3JsMi5hbWUuZ2JsL2NybC9BTUUlMjBJbmZyYSUyMENBJTIwMDUuY3JshjFodHRwOi8vY3JsMy5hbWUuZ2JsL2NybC9BTUUlMjBJbmZyYSUyMENBJTIwMDUuY3JshjFodHRwOi8vY3JsNC5hbWUuZ2JsL2NybC9BTUUlMjBJbmZyYSUyMENBJTIwMDUuY3JsMIGdBgNVHSAEgZUwgZIwDAYKKwYBBAGCN3sBATBmBgorBgEEAYI3ewICMFgwVgYIKwYBBQUHAgIwSh5IADMAMwBlADAAMQA5ADIAMQAtADQAZAA2ADQALQA0AGYAOABjAC0AYQAwADUANQAtADUAYgBkAGEAZgBmAGQANQBlADMAMwBkMAwGCisGAQQBgjd7AwIwDAYKKwYBBAGCN3sEAjAfBgNVHSMEGDAWgBR61hmFKHlscXYeYPjzS--iBUIWHTAdBgNVHSUEFjAUBggrBgEFBQcDAQYIKwYBBQUHAwIwDQYJKoZIhvcNAQELBQADggEBAF0lTrFg0dSUCXo41FDWmaQFDJKZsucTat3vhDRkbIfxlo0n4QQJOqJQSCzj8n-NvH0p0CR42nsTk2C70Vpr54i80YKfcTOm0Q0Rq9FHB-Nz4KlrymTkU6hfeD0WRhUOq6PB1WhWLF_mqSzEwmTmuQAsVGXf8Gh0psllvyF--eEaF0pSbhEuo6lPzPk3hgUSico8gbSjr4hgIVn6x0JCa1XSFgaeKHIqD8eapb-mDfYa0QAQwJ8tYxzrkJ_n5OI7g5xCiIeV5DXmSzLTGx9QvaE4Y8-jFgRKG0qMhnqf8StrJOSKMrcJlHtjT7plbWt-fXPLHNvPydmtAiA2qygRnU0&s=IsBqlfOETp5eUUGYUqIt6m5_ub6jootviWI_YHFEAWi1KHQWuJy4f9SEcmzxAjqCj_VZM-7WBl8IekWbBWgR4sQK8Tokdsp7j4FqBNm00w4NB2yeWiphGhRKt64Tj2G5X-fhbnIsQPi17zxOtlsC4-l7XiCtPC54Z5QoPOYfXvDerBsDmw1CjNg0Sd7Dje7q00C50pzXrBk9_W-XWqTGkxj_U8-SJa2j9COt9rcz8NkuV2E-e2dMl5hGgEC6Je_gg06tUNO2fjbr03J4wDzGCvOsXXDrkw6e_qujeYMoWuIZs1XV-tjbmJpEQrVNLAIFiOYkvqZvYs6KirKeqUYVsA&h=X0gOk-xqWknCn5Iu-kXUGdqcxI1oxw2TGyjd63vrtCk",
      "EncodedRequestUri": "L3N1YnNjcmlwdGlvbnMvZGVjOWVkNTQtMmI3Zi00NDc2LTliZDAtODc1NTQ0YWY1OWRmL3Byb3ZpZGVycy9NaWNyb3NvZnQuRG9jdW1lbnREQi9sb2NhdGlvbnMvZWFzdHVzL29wZXJhdGlvbnNTdGF0dXMvM2RjZjQ0NGQtNzUzYS00ZjQ4LTg0N2MtZWQyYzE5ODNkNDcxP2FwaS12ZXJzaW9uPTIwMjQtMTEtMTUmdD02Mzg3Njc5NjEwODc1MjY4NTEmYz1NSUlIaHpDQ0JtLWdBd0lCQWdJVGZBYVBWU1lHWXAwX2E5LUFoUUFBQm85VkpqQU5CZ2txaGtpRzl3MEJBUXNGQURCRU1STXdFUVlLQ1pJbWlaUHlMR1FCR1JZRFIwSk1NUk13RVFZS0NaSW1pWlB5TEdRQkdSWURRVTFGTVJnd0ZnWURWUVFERXc5QlRVVWdTVzVtY21FZ1EwRWdNRFV3SGhjTk1qVXdNVEl3TURnek5UTTJXaGNOTWpVd056RTVNRGd6TlRNMldqQkFNVDR3UEFZRFZRUURFelZoYzNsdVkyOXdaWEpoZEdsdmJuTnBaMjVwYm1kalpYSjBhV1pwWTJGMFpTNXRZVzVoWjJWdFpXNTBMbUY2ZFhKbExtTnZiVENDQVNJd0RRWUpLb1pJaHZjTkFRRUJCUUFEZ2dFUEFEQ0NBUW9DZ2dFQkFNSXZ6aHFHS2lXZVZ2NW94dWdRUUVaOEF4VEMxcDhMdS1Xc2hQbzBLN1ZTMkVNdkZfYkhOQUphMklDYnNpdTVlV1lsVGFZY2R6WkxfbGk4VF9FRVIyRHg1bDZ1ajdHVWZHb1liRUpRMFpkWXR6TG9RSllhNV94MTY4LVJzQTdGMTgzOXdQZHp2MzJ6M2FmbkNIT1NlSXpQaU9pQ0pYYjZGak9XSi16bmJCMm5hNUd3NG53Z2FqNHV4bFJRR04zRWxSZXFRNFA2NHhrQXBoNXg5MWZSSU5Ma2FhUlREZUtRX2dfc3VhTjFCSG0yMm15WVJnMk85Z1p5NW1oVFV6RGpqOUhzckd1Mi0xLVpGTlpaUE1sNWx0V0JzUUQ2Y180OURXcE9vd2FYOVpTWWFPOUU5czQ1Z1A1WU1yLUFMeFpyRVRCOWlsYnZGTmJiWG12OUtjNUxFYzBDQXdFQUFhT0NCSFF3Z2dSd01DY0dDU3NHQVFRQmdqY1ZDZ1FhTUJnd0NnWUlLd1lCQlFVSEF3RXdDZ1lJS3dZQkJRVUhBd0l3UFFZSkt3WUJCQUdDTnhVSEJEQXdMZ1ltS3dZQkJBR0NOeFVJaHBEakRZVFZ0SGlFOFlzLWhadmRGczZkRW9GZ2hmbVJTNFdzbVRRQ0FXUUNBUWN3Z2dITEJnZ3JCZ0VGQlFjQkFRU0NBYjB3Z2dHNU1HTUdDQ3NHQVFVRkJ6QUNobGRvZEhSd09pOHZZM0pzTG0xcFkzSnZjMjltZEM1amIyMHZjR3RwYVc1bWNtRXZRMlZ5ZEhNdlEwOHhVRXRKU1U1VVEwRXdNUzVCVFVVdVIwSk1YMEZOUlNVeU1FbHVabkpoSlRJd1EwRWxNakF3TlM1amNuUXdVd1lJS3dZQkJRVUhNQUtHUjJoMGRIQTZMeTlqY213eExtRnRaUzVuWW13dllXbGhMME5QTVZCTFNVbE9WRU5CTURFdVFVMUZMa2RDVEY5QlRVVWxNakJKYm1aeVlTVXlNRU5CSlRJd01EVXVZM0owTUZNR0NDc0dBUVVGQnpBQ2hrZG9kSFJ3T2k4dlkzSnNNaTVoYldVdVoySnNMMkZwWVM5RFR6RlFTMGxKVGxSRFFUQXhMa0ZOUlM1SFFreGZRVTFGSlRJd1NXNW1jbUVsTWpCRFFTVXlNREExTG1OeWREQlRCZ2dyQmdFRkJRY3dBb1pIYUhSMGNEb3ZMMk55YkRNdVlXMWxMbWRpYkM5aGFXRXZRMDh4VUV0SlNVNVVRMEV3TVM1QlRVVXVSMEpNWDBGTlJTVXlNRWx1Wm5KaEpUSXdRMEVsTWpBd05TNWpjblF3VXdZSUt3WUJCUVVITUFLR1IyaDBkSEE2THk5amNtdzBMbUZ0WlM1blltd3ZZV2xoTDBOUE1WQkxTVWxPVkVOQk1ERXVRVTFGTGtkQ1RGOUJUVVVsTWpCSmJtWnlZU1V5TUVOQkpUSXdNRFV1WTNKME1CMEdBMVVkRGdRV0JCUWo5R04yMXZ5bUlnWTg2cEVXak5xR1I2LWRsREFPQmdOVkhROEJBZjhFQkFNQ0JhQXdnZ0VtQmdOVkhSOEVnZ0VkTUlJQkdUQ0NBUldnZ2dFUm9JSUJEWVlfYUhSMGNEb3ZMMk55YkM1dGFXTnliM052Wm5RdVkyOXRMM0JyYVdsdVpuSmhMME5TVEM5QlRVVWxNakJKYm1aeVlTVXlNRU5CSlRJd01EVXVZM0pzaGpGb2RIUndPaTh2WTNKc01TNWhiV1V1WjJKc0wyTnliQzlCVFVVbE1qQkpibVp5WVNVeU1FTkJKVEl3TURVdVkzSnNoakZvZEhSd09pOHZZM0pzTWk1aGJXVXVaMkpzTDJOeWJDOUJUVVVsTWpCSmJtWnlZU1V5TUVOQkpUSXdNRFV1WTNKc2hqRm9kSFJ3T2k4dlkzSnNNeTVoYldVdVoySnNMMk55YkM5QlRVVWxNakJKYm1aeVlTVXlNRU5CSlRJd01EVXVZM0pzaGpGb2RIUndPaTh2WTNKc05DNWhiV1V1WjJKc0wyTnliQzlCVFVVbE1qQkpibVp5WVNVeU1FTkJKVEl3TURVdVkzSnNNSUdkQmdOVkhTQUVnWlV3Z1pJd0RBWUtLd1lCQkFHQ04zc0JBVEJtQmdvckJnRUVBWUkzZXdJQ01GZ3dWZ1lJS3dZQkJRVUhBZ0l3U2g1SUFETUFNd0JsQURBQU1RQTVBRElBTVFBdEFEUUFaQUEyQURRQUxRQTBBR1lBT0FCakFDMEFZUUF3QURVQU5RQXRBRFVBWWdCa0FHRUFaZ0JtQUdRQU5RQmxBRE1BTXdCa01Bd0dDaXNHQVFRQmdqZDdBd0l3REFZS0t3WUJCQUdDTjNzRUFqQWZCZ05WSFNNRUdEQVdnQlI2MWhtRktIbHNjWFllWVBqelMtLWlCVUlXSFRBZEJnTlZIU1VFRmpBVUJnZ3JCZ0VGQlFjREFRWUlLd1lCQlFVSEF3SXdEUVlKS29aSWh2Y05BUUVMQlFBRGdnRUJBRjBsVHJGZzBkU1VDWG80MUZEV21hUUZESktac3VjVGF0M3ZoRFJrYklmeGxvMG40UVFKT3FKUVNDemo4bi1OdkgwcDBDUjQybnNUazJDNzBWcHI1NGk4MFlLZmNUT20wUTBScTlGSEItTno0S2xyeW1Ua1U2aGZlRDBXUmhVT3E2UEIxV2hXTEZfbXFTekV3bVRtdVFBc1ZHWGY4R2gwcHNsbHZ5Ri0tZUVhRjBwU2JoRXVvNmxQelBrM2hnVVNpY284Z2JTanI0aGdJVm42eDBKQ2ExWFNGZ2FlS0hJcUQ4ZWFwYi1tRGZZYTBRQVF3Sjh0WXh6cmtKX241T0k3ZzV4Q2lJZVY1RFhtU3pMVEd4OVF2YUU0WTgtakZnUktHMHFNaG5xZjhTdHJKT1NLTXJjSmxIdGpUN3BsYld0LWZYUExITnZQeWRtdEFpQTJxeWdSblUwJnM9SXNCcWxmT0VUcDVlVVVHWVVxSXQ2bTVfdWI2am9vdHZpV0lfWUhGRUFXaTFLSFFXdUp5NGY5U0VjbXp4QWpxQ2pfVlpNLTdXQmw4SWVrV2JCV2dSNHNRSzhUb2tkc3A3ajRGcUJObTAwdzROQjJ5ZVdpcGhHaFJLdDY0VGoyRzVYLWZoYm5Jc1FQaTE3enhPdGxzQzQtbDdYaUN0UEM1NFo1UW9QT1lmWHZEZXJCc0RtdzFDak5nMFNkN0RqZTdxMDBDNTBwelhyQms5X1ctWFdxVEdreGpfVTgtU0phMmo5Q090OXJjejhOa3VWMkUtZTJkTWw1aEdnRUM2SmVfZ2cwNnRVTk8yZmpicjAzSjR3RHpHQ3ZPc1hYRHJrdzZlX3F1amVZTW9XdUlaczFYVi10amJtSnBFUXJWTkxBSUZpT1lrdnFadllzNktpcktlcVVZVnNBJmg9WDBnT2steHFXa25DbjVJdS1rWFVHZHFjeEkxb3h3MlRHeWpkNjN2cnRDaw==",
      "RequestMethod": "GET",
      "RequestHeaders": {
        "x-ms-client-request-id": [
          "ddc25085-9ce3-4b6d-9d52-facae53f98ed"
        ],
        "User-Agent": [
          "FxVersion/6.0.3624.51421",
          "OSName/Windows",
          "OSVersion/Microsoft.Windows.10.0.22631",
          "Microsoft.Azure.Management.CosmosDB.CosmosDBManagementClient/1.17.0"
        ]
      },
      "RequestBody": "",
      "ResponseHeaders": {
        "Cache-Control": [
          "no-store, no-cache"
        ],
        "Pragma": [
          "no-cache"
        ],
        "Strict-Transport-Security": [
          "max-age=31536000; includeSubDomains"
        ],
        "x-ms-gatewayversion": [
          "version=2.14.0"
        ],
        "x-ms-ratelimit-remaining-subscription-reads": [
          "1099"
        ],
        "x-ms-ratelimit-remaining-subscription-global-reads": [
          "16499"
        ],
        "x-ms-request-id": [
          "eab95082-0902-46bc-a062-9bd11d00cf3c"
        ],
        "x-ms-correlation-request-id": [
          "eab95082-0902-46bc-a062-9bd11d00cf3c"
        ],
        "x-ms-routing-request-id": [
          "EASTUS:20250305T183029Z:eab95082-0902-46bc-a062-9bd11d00cf3c"
        ],
        "X-Content-Type-Options": [
          "nosniff"
        ],
        "X-Cache": [
          "CONFIG_NOCACHE"
        ],
        "X-MSEdge-Ref": [
          "Ref A: ADC57C1FF2774FEC815A9779774F681F Ref B: BL2AA2030104025 Ref C: 2025-03-05T18:30:29Z"
        ],
        "Date": [
          "Wed, 05 Mar 2025 18:30:28 GMT"
        ],
        "Content-Length": [
          "22"
        ],
        "Content-Type": [
          "application/json"
        ]
      },
      "ResponseBody": "{\r\n  \"status\": \"Succeeded\"\r\n}",
      "StatusCode": 200
    },
    {
      "RequestUri": "/subscriptions/dec9ed54-2b7f-4476-9bd0-875544af59df/resourceGroups/CosmosDBResourceGroup9/providers/Microsoft.DocumentDB/databaseAccounts/testupdateregionpowershell11?api-version=2024-11-15",
      "EncodedRequestUri": "L3N1YnNjcmlwdGlvbnMvZGVjOWVkNTQtMmI3Zi00NDc2LTliZDAtODc1NTQ0YWY1OWRmL3Jlc291cmNlR3JvdXBzL0Nvc21vc0RCUmVzb3VyY2VHcm91cDkvcHJvdmlkZXJzL01pY3Jvc29mdC5Eb2N1bWVudERCL2RhdGFiYXNlQWNjb3VudHMvdGVzdHVwZGF0ZXJlZ2lvbnBvd2Vyc2hlbGwxMT9hcGktdmVyc2lvbj0yMDI0LTExLTE1",
      "RequestMethod": "PATCH",
      "RequestHeaders": {
        "x-ms-client-request-id": [
          "c41e42e5-2d18-4858-a12a-9f93667e2a0b"
        ],
        "Accept-Language": [
          "en-US"
        ],
        "User-Agent": [
          "FxVersion/6.0.3624.51421",
          "OSName/Windows",
          "OSVersion/Microsoft.Windows.10.0.22631",
          "Microsoft.Azure.Management.CosmosDB.CosmosDBManagementClient/1.17.0"
        ],
        "Content-Type": [
          "application/json; charset=utf-8"
        ],
        "Content-Length": [
          "226"
        ]
      },
      "RequestBody": "{\r\n  \"properties\": {\r\n    \"locations\": [\r\n      {\r\n        \"locationName\": \"East US\",\r\n        \"failoverPriority\": 0\r\n      },\r\n      {\r\n        \"locationName\": \"West US\",\r\n        \"failoverPriority\": 1\r\n      }\r\n    ]\r\n  }\r\n}",
      "ResponseHeaders": {
        "Cache-Control": [
          "no-store, no-cache"
        ],
        "Pragma": [
          "no-cache"
        ],
        "Location": [
          "https://management.azure.com/subscriptions/dec9ed54-2b7f-4476-9bd0-875544af59df/resourceGroups/CosmosDBResourceGroup9/providers/Microsoft.DocumentDB/databaseAccounts/testupdateregionpowershell11/operationResults/f75376c5-516f-4fec-bf64-adf071a3196a?api-version=2024-11-15&t=638767962380686919&c=MIIHhzCCBm-gAwIBAgITfAaPVSYGYp0_a9-AhQAABo9VJjANBgkqhkiG9w0BAQsFADBEMRMwEQYKCZImiZPyLGQBGRYDR0JMMRMwEQYKCZImiZPyLGQBGRYDQU1FMRgwFgYDVQQDEw9BTUUgSW5mcmEgQ0EgMDUwHhcNMjUwMTIwMDgzNTM2WhcNMjUwNzE5MDgzNTM2WjBAMT4wPAYDVQQDEzVhc3luY29wZXJhdGlvbnNpZ25pbmdjZXJ0aWZpY2F0ZS5tYW5hZ2VtZW50LmF6dXJlLmNvbTCCASIwDQYJKoZIhvcNAQEBBQADggEPADCCAQoCggEBAMIvzhqGKiWeVv5oxugQQEZ8AxTC1p8Lu-WshPo0K7VS2EMvF_bHNAJa2ICbsiu5eWYlTaYcdzZL_li8T_EER2Dx5l6uj7GUfGoYbEJQ0ZdYtzLoQJYa5_x168-RsA7F1839wPdzv32z3afnCHOSeIzPiOiCJXb6FjOWJ-znbB2na5Gw4nwgaj4uxlRQGN3ElReqQ4P64xkAph5x91fRINLkaaRTDeKQ_g_suaN1BHm22myYRg2O9gZy5mhTUzDjj9HsrGu2-1-ZFNZZPMl5ltWBsQD6c_49DWpOowaX9ZSYaO9E9s45gP5YMr-ALxZrETB9ilbvFNbbXmv9Kc5LEc0CAwEAAaOCBHQwggRwMCcGCSsGAQQBgjcVCgQaMBgwCgYIKwYBBQUHAwEwCgYIKwYBBQUHAwIwPQYJKwYBBAGCNxUHBDAwLgYmKwYBBAGCNxUIhpDjDYTVtHiE8Ys-hZvdFs6dEoFghfmRS4WsmTQCAWQCAQcwggHLBggrBgEFBQcBAQSCAb0wggG5MGMGCCsGAQUFBzAChldodHRwOi8vY3JsLm1pY3Jvc29mdC5jb20vcGtpaW5mcmEvQ2VydHMvQ08xUEtJSU5UQ0EwMS5BTUUuR0JMX0FNRSUyMEluZnJhJTIwQ0ElMjAwNS5jcnQwUwYIKwYBBQUHMAKGR2h0dHA6Ly9jcmwxLmFtZS5nYmwvYWlhL0NPMVBLSUlOVENBMDEuQU1FLkdCTF9BTUUlMjBJbmZyYSUyMENBJTIwMDUuY3J0MFMGCCsGAQUFBzAChkdodHRwOi8vY3JsMi5hbWUuZ2JsL2FpYS9DTzFQS0lJTlRDQTAxLkFNRS5HQkxfQU1FJTIwSW5mcmElMjBDQSUyMDA1LmNydDBTBggrBgEFBQcwAoZHaHR0cDovL2NybDMuYW1lLmdibC9haWEvQ08xUEtJSU5UQ0EwMS5BTUUuR0JMX0FNRSUyMEluZnJhJTIwQ0ElMjAwNS5jcnQwUwYIKwYBBQUHMAKGR2h0dHA6Ly9jcmw0LmFtZS5nYmwvYWlhL0NPMVBLSUlOVENBMDEuQU1FLkdCTF9BTUUlMjBJbmZyYSUyMENBJTIwMDUuY3J0MB0GA1UdDgQWBBQj9GN21vymIgY86pEWjNqGR6-dlDAOBgNVHQ8BAf8EBAMCBaAwggEmBgNVHR8EggEdMIIBGTCCARWgggERoIIBDYY_aHR0cDovL2NybC5taWNyb3NvZnQuY29tL3BraWluZnJhL0NSTC9BTUUlMjBJbmZyYSUyMENBJTIwMDUuY3JshjFodHRwOi8vY3JsMS5hbWUuZ2JsL2NybC9BTUUlMjBJbmZyYSUyMENBJTIwMDUuY3JshjFodHRwOi8vY3JsMi5hbWUuZ2JsL2NybC9BTUUlMjBJbmZyYSUyMENBJTIwMDUuY3JshjFodHRwOi8vY3JsMy5hbWUuZ2JsL2NybC9BTUUlMjBJbmZyYSUyMENBJTIwMDUuY3JshjFodHRwOi8vY3JsNC5hbWUuZ2JsL2NybC9BTUUlMjBJbmZyYSUyMENBJTIwMDUuY3JsMIGdBgNVHSAEgZUwgZIwDAYKKwYBBAGCN3sBATBmBgorBgEEAYI3ewICMFgwVgYIKwYBBQUHAgIwSh5IADMAMwBlADAAMQA5ADIAMQAtADQAZAA2ADQALQA0AGYAOABjAC0AYQAwADUANQAtADUAYgBkAGEAZgBmAGQANQBlADMAMwBkMAwGCisGAQQBgjd7AwIwDAYKKwYBBAGCN3sEAjAfBgNVHSMEGDAWgBR61hmFKHlscXYeYPjzS--iBUIWHTAdBgNVHSUEFjAUBggrBgEFBQcDAQYIKwYBBQUHAwIwDQYJKoZIhvcNAQELBQADggEBAF0lTrFg0dSUCXo41FDWmaQFDJKZsucTat3vhDRkbIfxlo0n4QQJOqJQSCzj8n-NvH0p0CR42nsTk2C70Vpr54i80YKfcTOm0Q0Rq9FHB-Nz4KlrymTkU6hfeD0WRhUOq6PB1WhWLF_mqSzEwmTmuQAsVGXf8Gh0psllvyF--eEaF0pSbhEuo6lPzPk3hgUSico8gbSjr4hgIVn6x0JCa1XSFgaeKHIqD8eapb-mDfYa0QAQwJ8tYxzrkJ_n5OI7g5xCiIeV5DXmSzLTGx9QvaE4Y8-jFgRKG0qMhnqf8StrJOSKMrcJlHtjT7plbWt-fXPLHNvPydmtAiA2qygRnU0&s=UwTFoItW-j__LRujDmo-Ie37JVWrQUw9La4UsymL20IkBbmcMsYGgl43GKHKRceqwnefhMfA6LCo_fC27mP2J71qmmwPbmue_69fc7kKkUHa5DYqIoZl3Sds9PC1d2KrUNxaUINWtBO_BfzwVygr2Ko8ZFnVUvVtNm3RmgBL1MVdsdSN_cqRKDYJjBF7bJDelGoEALkbqQ3448c_Bc1wBM23q1i7yiVnS9e8FY9oIHn00XPpp1HT7uqBgTK6HtxsduoZdhzeTKq71G8V1iwHpHpvE6Dm6VSwQlwmpWr7kxkt0I0jLwcOp_1MBLlc7kLj6rF1skpwiKdtOSjfx9SmwQ&h=U9qwB1Tv1YgP3p-KSR88puyiEqR343Hs30G5jH0WMAw"
        ],
        "x-ms-request-id": [
          "f75376c5-516f-4fec-bf64-adf071a3196a"
        ],
        "Azure-AsyncOperation": [
          "https://management.azure.com/subscriptions/dec9ed54-2b7f-4476-9bd0-875544af59df/providers/Microsoft.DocumentDB/locations/eastus/operationsStatus/f75376c5-516f-4fec-bf64-adf071a3196a?api-version=2024-11-15&t=638767962380686919&c=MIIHhzCCBm-gAwIBAgITfAaPVSYGYp0_a9-AhQAABo9VJjANBgkqhkiG9w0BAQsFADBEMRMwEQYKCZImiZPyLGQBGRYDR0JMMRMwEQYKCZImiZPyLGQBGRYDQU1FMRgwFgYDVQQDEw9BTUUgSW5mcmEgQ0EgMDUwHhcNMjUwMTIwMDgzNTM2WhcNMjUwNzE5MDgzNTM2WjBAMT4wPAYDVQQDEzVhc3luY29wZXJhdGlvbnNpZ25pbmdjZXJ0aWZpY2F0ZS5tYW5hZ2VtZW50LmF6dXJlLmNvbTCCASIwDQYJKoZIhvcNAQEBBQADggEPADCCAQoCggEBAMIvzhqGKiWeVv5oxugQQEZ8AxTC1p8Lu-WshPo0K7VS2EMvF_bHNAJa2ICbsiu5eWYlTaYcdzZL_li8T_EER2Dx5l6uj7GUfGoYbEJQ0ZdYtzLoQJYa5_x168-RsA7F1839wPdzv32z3afnCHOSeIzPiOiCJXb6FjOWJ-znbB2na5Gw4nwgaj4uxlRQGN3ElReqQ4P64xkAph5x91fRINLkaaRTDeKQ_g_suaN1BHm22myYRg2O9gZy5mhTUzDjj9HsrGu2-1-ZFNZZPMl5ltWBsQD6c_49DWpOowaX9ZSYaO9E9s45gP5YMr-ALxZrETB9ilbvFNbbXmv9Kc5LEc0CAwEAAaOCBHQwggRwMCcGCSsGAQQBgjcVCgQaMBgwCgYIKwYBBQUHAwEwCgYIKwYBBQUHAwIwPQYJKwYBBAGCNxUHBDAwLgYmKwYBBAGCNxUIhpDjDYTVtHiE8Ys-hZvdFs6dEoFghfmRS4WsmTQCAWQCAQcwggHLBggrBgEFBQcBAQSCAb0wggG5MGMGCCsGAQUFBzAChldodHRwOi8vY3JsLm1pY3Jvc29mdC5jb20vcGtpaW5mcmEvQ2VydHMvQ08xUEtJSU5UQ0EwMS5BTUUuR0JMX0FNRSUyMEluZnJhJTIwQ0ElMjAwNS5jcnQwUwYIKwYBBQUHMAKGR2h0dHA6Ly9jcmwxLmFtZS5nYmwvYWlhL0NPMVBLSUlOVENBMDEuQU1FLkdCTF9BTUUlMjBJbmZyYSUyMENBJTIwMDUuY3J0MFMGCCsGAQUFBzAChkdodHRwOi8vY3JsMi5hbWUuZ2JsL2FpYS9DTzFQS0lJTlRDQTAxLkFNRS5HQkxfQU1FJTIwSW5mcmElMjBDQSUyMDA1LmNydDBTBggrBgEFBQcwAoZHaHR0cDovL2NybDMuYW1lLmdibC9haWEvQ08xUEtJSU5UQ0EwMS5BTUUuR0JMX0FNRSUyMEluZnJhJTIwQ0ElMjAwNS5jcnQwUwYIKwYBBQUHMAKGR2h0dHA6Ly9jcmw0LmFtZS5nYmwvYWlhL0NPMVBLSUlOVENBMDEuQU1FLkdCTF9BTUUlMjBJbmZyYSUyMENBJTIwMDUuY3J0MB0GA1UdDgQWBBQj9GN21vymIgY86pEWjNqGR6-dlDAOBgNVHQ8BAf8EBAMCBaAwggEmBgNVHR8EggEdMIIBGTCCARWgggERoIIBDYY_aHR0cDovL2NybC5taWNyb3NvZnQuY29tL3BraWluZnJhL0NSTC9BTUUlMjBJbmZyYSUyMENBJTIwMDUuY3JshjFodHRwOi8vY3JsMS5hbWUuZ2JsL2NybC9BTUUlMjBJbmZyYSUyMENBJTIwMDUuY3JshjFodHRwOi8vY3JsMi5hbWUuZ2JsL2NybC9BTUUlMjBJbmZyYSUyMENBJTIwMDUuY3JshjFodHRwOi8vY3JsMy5hbWUuZ2JsL2NybC9BTUUlMjBJbmZyYSUyMENBJTIwMDUuY3JshjFodHRwOi8vY3JsNC5hbWUuZ2JsL2NybC9BTUUlMjBJbmZyYSUyMENBJTIwMDUuY3JsMIGdBgNVHSAEgZUwgZIwDAYKKwYBBAGCN3sBATBmBgorBgEEAYI3ewICMFgwVgYIKwYBBQUHAgIwSh5IADMAMwBlADAAMQA5ADIAMQAtADQAZAA2ADQALQA0AGYAOABjAC0AYQAwADUANQAtADUAYgBkAGEAZgBmAGQANQBlADMAMwBkMAwGCisGAQQBgjd7AwIwDAYKKwYBBAGCN3sEAjAfBgNVHSMEGDAWgBR61hmFKHlscXYeYPjzS--iBUIWHTAdBgNVHSUEFjAUBggrBgEFBQcDAQYIKwYBBQUHAwIwDQYJKoZIhvcNAQELBQADggEBAF0lTrFg0dSUCXo41FDWmaQFDJKZsucTat3vhDRkbIfxlo0n4QQJOqJQSCzj8n-NvH0p0CR42nsTk2C70Vpr54i80YKfcTOm0Q0Rq9FHB-Nz4KlrymTkU6hfeD0WRhUOq6PB1WhWLF_mqSzEwmTmuQAsVGXf8Gh0psllvyF--eEaF0pSbhEuo6lPzPk3hgUSico8gbSjr4hgIVn6x0JCa1XSFgaeKHIqD8eapb-mDfYa0QAQwJ8tYxzrkJ_n5OI7g5xCiIeV5DXmSzLTGx9QvaE4Y8-jFgRKG0qMhnqf8StrJOSKMrcJlHtjT7plbWt-fXPLHNvPydmtAiA2qygRnU0&s=atFW5Th1l6vvaQ27r2DMr_tF3fcvgujUdKbg62HU4j874MDQoFBlFsHsNbTrrRDhsvh3o2PfKCaRShkBKgbKUtQiI3AXJzE0YaXCtr6VAaUfBXkXB8WGuAczCbw06jOtvRghGt9a_zjHx9lRKRiCkC4tTdr0uC9ZN7_40CJbSHaMntICpqnJmHIgZKkH9ZDZlHkkfRjf4V5XSUvbeHoZjhMyb9SbyHDRq5-x5Avv6x43V9iDu2OODTPoSufdT4D7ciijf3U8fbE5OpOMfFEkMvA-ZIQgibFC2C--F3drlkLrega9TUbJg6wTwjeQ0jtCkuRwR4JoKGNhiKl5nZBGBQ&h=TsLTC2_IeY9J1IgRniZDJ--QMBMAjtkdwvD9eCRvGOE"
        ],
        "Strict-Transport-Security": [
          "max-age=31536000; includeSubDomains"
        ],
        "x-ms-gatewayversion": [
          "version=2.14.0"
        ],
        "x-ms-ratelimit-remaining-subscription-writes": [
          "800"
        ],
        "x-ms-ratelimit-remaining-subscription-global-writes": [
          "12000"
        ],
        "x-ms-correlation-request-id": [
          "4476170d-7eb9-4806-8044-9e0ab6956eed"
        ],
        "x-ms-routing-request-id": [
          "EASTUS:20250305T183038Z:4476170d-7eb9-4806-8044-9e0ab6956eed"
        ],
        "X-Content-Type-Options": [
          "nosniff"
        ],
        "X-Cache": [
          "CONFIG_NOCACHE"
        ],
        "X-MSEdge-Ref": [
          "Ref A: 37B11C4BCBF5427CB5F6BBFA1317ECA1 Ref B: BL2AA2030102017 Ref C: 2025-03-05T18:30:29Z"
        ],
        "Date": [
          "Wed, 05 Mar 2025 18:30:37 GMT"
        ],
        "Content-Length": [
          "2942"
        ],
        "Content-Type": [
          "application/json"
        ]
      },
      "ResponseBody": "{\r\n  \"id\": \"/subscriptions/dec9ed54-2b7f-4476-9bd0-875544af59df/resourceGroups/CosmosDBResourceGroup9/providers/Microsoft.DocumentDB/databaseAccounts/testupdateregionpowershell11\",\r\n  \"name\": \"testupdateregionpowershell11\",\r\n  \"location\": \"East US\",\r\n  \"type\": \"Microsoft.DocumentDB/databaseAccounts\",\r\n  \"kind\": \"GlobalDocumentDB\",\r\n  \"tags\": {},\r\n  \"systemData\": {\r\n    \"createdAt\": \"2025-03-05T18:29:39.5675051Z\"\r\n  },\r\n  \"properties\": {\r\n    \"provisioningState\": \"Updating\",\r\n    \"documentEndpoint\": \"https://testupdateregionpowershell11.documents.azure.com:443/\",\r\n    \"sqlEndpoint\": \"https://testupdateregionpowershell11.documents.azure.com:443/\",\r\n    \"publicNetworkAccess\": \"Enabled\",\r\n    \"enableAutomaticFailover\": true,\r\n    \"enableMultipleWriteLocations\": true,\r\n    \"enablePartitionKeyMonitor\": false,\r\n    \"isVirtualNetworkFilterEnabled\": false,\r\n    \"virtualNetworkRules\": [],\r\n    \"EnabledApiTypes\": \"Sql\",\r\n    \"disableKeyBasedMetadataWriteAccess\": false,\r\n    \"enableFreeTier\": false,\r\n    \"enableAnalyticalStorage\": false,\r\n    \"analyticalStorageConfiguration\": {\r\n      \"schemaType\": \"WellDefined\"\r\n    },\r\n    \"instanceId\": \"4ad450a5-57b8-4321-980b-38d9572495f6\",\r\n    \"databaseAccountOfferType\": \"Standard\",\r\n    \"enableFullFidelityChangeFeed\": false,\r\n    \"defaultIdentity\": \"FirstPartyIdentity\",\r\n    \"networkAclBypass\": \"None\",\r\n    \"disableLocalAuth\": false,\r\n    \"enablePartitionMerge\": false,\r\n    \"enablePerRegionPerPartitionAutoscale\": false,\r\n    \"enableBurstCapacity\": false,\r\n    \"minimalTlsVersion\": \"Tls12\",\r\n    \"consistencyPolicy\": {\r\n      \"defaultConsistencyLevel\": \"Session\",\r\n      \"maxIntervalInSeconds\": 5,\r\n      \"maxStalenessPrefix\": 100\r\n    },\r\n    \"configurationOverrides\": {\r\n      \"EnablePerRegionPerPartitionAutoscaleOptIn\": \"True\"\r\n    },\r\n    \"writeLocations\": [\r\n      {\r\n        \"id\": \"testupdateregionpowershell11-eastus\",\r\n        \"locationName\": \"East US\",\r\n        \"documentEndpoint\": \"https://testupdateregionpowershell11-eastus.documents.azure.com:443/\",\r\n        \"provisioningState\": \"Succeeded\",\r\n        \"failoverPriority\": 0,\r\n        \"isZoneRedundant\": false\r\n      }\r\n    ],\r\n    \"readLocations\": [\r\n      {\r\n        \"id\": \"testupdateregionpowershell11-eastus\",\r\n        \"locationName\": \"East US\",\r\n        \"documentEndpoint\": \"https://testupdateregionpowershell11-eastus.documents.azure.com:443/\",\r\n        \"provisioningState\": \"Succeeded\",\r\n        \"failoverPriority\": 0,\r\n        \"isZoneRedundant\": false\r\n      }\r\n    ],\r\n    \"locations\": [\r\n      {\r\n        \"id\": \"testupdateregionpowershell11-eastus\",\r\n        \"locationName\": \"East US\",\r\n        \"documentEndpoint\": \"https://testupdateregionpowershell11-eastus.documents.azure.com:443/\",\r\n        \"provisioningState\": \"Succeeded\",\r\n        \"failoverPriority\": 0,\r\n        \"isZoneRedundant\": false\r\n      }\r\n    ],\r\n    \"failoverPolicies\": [\r\n      {\r\n        \"id\": \"testupdateregionpowershell11-eastus\",\r\n        \"locationName\": \"East US\",\r\n        \"failoverPriority\": 0\r\n      }\r\n    ],\r\n    \"cors\": [],\r\n    \"capabilities\": [],\r\n    \"ipRules\": [],\r\n    \"backupPolicy\": {\r\n      \"type\": \"Periodic\",\r\n      \"periodicModeProperties\": {\r\n        \"backupIntervalInMinutes\": 240,\r\n        \"backupRetentionIntervalInHours\": 8,\r\n        \"backupStorageRedundancy\": \"Geo\"\r\n      }\r\n    },\r\n    \"networkAclBypassResourceIds\": [],\r\n    \"keysMetadata\": {\r\n      \"primaryMasterKey\": {\r\n        \"generationTime\": \"2025-03-05T18:29:39.5675051Z\"\r\n      },\r\n      \"secondaryMasterKey\": {\r\n        \"generationTime\": \"2025-03-05T18:29:39.5675051Z\"\r\n      },\r\n      \"primaryReadonlyMasterKey\": {\r\n        \"generationTime\": \"2025-03-05T18:29:39.5675051Z\"\r\n      },\r\n      \"secondaryReadonlyMasterKey\": {\r\n        \"generationTime\": \"2025-03-05T18:29:39.5675051Z\"\r\n      }\r\n    }\r\n  },\r\n  \"identity\": {\r\n    \"type\": \"None\"\r\n  }\r\n}",
      "StatusCode": 200
    },
    {
      "RequestUri": "/subscriptions/dec9ed54-2b7f-4476-9bd0-875544af59df/providers/Microsoft.DocumentDB/locations/eastus/operationsStatus/f75376c5-516f-4fec-bf64-adf071a3196a?api-version=2024-11-15&t=638767962380686919&c=MIIHhzCCBm-gAwIBAgITfAaPVSYGYp0_a9-AhQAABo9VJjANBgkqhkiG9w0BAQsFADBEMRMwEQYKCZImiZPyLGQBGRYDR0JMMRMwEQYKCZImiZPyLGQBGRYDQU1FMRgwFgYDVQQDEw9BTUUgSW5mcmEgQ0EgMDUwHhcNMjUwMTIwMDgzNTM2WhcNMjUwNzE5MDgzNTM2WjBAMT4wPAYDVQQDEzVhc3luY29wZXJhdGlvbnNpZ25pbmdjZXJ0aWZpY2F0ZS5tYW5hZ2VtZW50LmF6dXJlLmNvbTCCASIwDQYJKoZIhvcNAQEBBQADggEPADCCAQoCggEBAMIvzhqGKiWeVv5oxugQQEZ8AxTC1p8Lu-WshPo0K7VS2EMvF_bHNAJa2ICbsiu5eWYlTaYcdzZL_li8T_EER2Dx5l6uj7GUfGoYbEJQ0ZdYtzLoQJYa5_x168-RsA7F1839wPdzv32z3afnCHOSeIzPiOiCJXb6FjOWJ-znbB2na5Gw4nwgaj4uxlRQGN3ElReqQ4P64xkAph5x91fRINLkaaRTDeKQ_g_suaN1BHm22myYRg2O9gZy5mhTUzDjj9HsrGu2-1-ZFNZZPMl5ltWBsQD6c_49DWpOowaX9ZSYaO9E9s45gP5YMr-ALxZrETB9ilbvFNbbXmv9Kc5LEc0CAwEAAaOCBHQwggRwMCcGCSsGAQQBgjcVCgQaMBgwCgYIKwYBBQUHAwEwCgYIKwYBBQUHAwIwPQYJKwYBBAGCNxUHBDAwLgYmKwYBBAGCNxUIhpDjDYTVtHiE8Ys-hZvdFs6dEoFghfmRS4WsmTQCAWQCAQcwggHLBggrBgEFBQcBAQSCAb0wggG5MGMGCCsGAQUFBzAChldodHRwOi8vY3JsLm1pY3Jvc29mdC5jb20vcGtpaW5mcmEvQ2VydHMvQ08xUEtJSU5UQ0EwMS5BTUUuR0JMX0FNRSUyMEluZnJhJTIwQ0ElMjAwNS5jcnQwUwYIKwYBBQUHMAKGR2h0dHA6Ly9jcmwxLmFtZS5nYmwvYWlhL0NPMVBLSUlOVENBMDEuQU1FLkdCTF9BTUUlMjBJbmZyYSUyMENBJTIwMDUuY3J0MFMGCCsGAQUFBzAChkdodHRwOi8vY3JsMi5hbWUuZ2JsL2FpYS9DTzFQS0lJTlRDQTAxLkFNRS5HQkxfQU1FJTIwSW5mcmElMjBDQSUyMDA1LmNydDBTBggrBgEFBQcwAoZHaHR0cDovL2NybDMuYW1lLmdibC9haWEvQ08xUEtJSU5UQ0EwMS5BTUUuR0JMX0FNRSUyMEluZnJhJTIwQ0ElMjAwNS5jcnQwUwYIKwYBBQUHMAKGR2h0dHA6Ly9jcmw0LmFtZS5nYmwvYWlhL0NPMVBLSUlOVENBMDEuQU1FLkdCTF9BTUUlMjBJbmZyYSUyMENBJTIwMDUuY3J0MB0GA1UdDgQWBBQj9GN21vymIgY86pEWjNqGR6-dlDAOBgNVHQ8BAf8EBAMCBaAwggEmBgNVHR8EggEdMIIBGTCCARWgggERoIIBDYY_aHR0cDovL2NybC5taWNyb3NvZnQuY29tL3BraWluZnJhL0NSTC9BTUUlMjBJbmZyYSUyMENBJTIwMDUuY3JshjFodHRwOi8vY3JsMS5hbWUuZ2JsL2NybC9BTUUlMjBJbmZyYSUyMENBJTIwMDUuY3JshjFodHRwOi8vY3JsMi5hbWUuZ2JsL2NybC9BTUUlMjBJbmZyYSUyMENBJTIwMDUuY3JshjFodHRwOi8vY3JsMy5hbWUuZ2JsL2NybC9BTUUlMjBJbmZyYSUyMENBJTIwMDUuY3JshjFodHRwOi8vY3JsNC5hbWUuZ2JsL2NybC9BTUUlMjBJbmZyYSUyMENBJTIwMDUuY3JsMIGdBgNVHSAEgZUwgZIwDAYKKwYBBAGCN3sBATBmBgorBgEEAYI3ewICMFgwVgYIKwYBBQUHAgIwSh5IADMAMwBlADAAMQA5ADIAMQAtADQAZAA2ADQALQA0AGYAOABjAC0AYQAwADUANQAtADUAYgBkAGEAZgBmAGQANQBlADMAMwBkMAwGCisGAQQBgjd7AwIwDAYKKwYBBAGCN3sEAjAfBgNVHSMEGDAWgBR61hmFKHlscXYeYPjzS--iBUIWHTAdBgNVHSUEFjAUBggrBgEFBQcDAQYIKwYBBQUHAwIwDQYJKoZIhvcNAQELBQADggEBAF0lTrFg0dSUCXo41FDWmaQFDJKZsucTat3vhDRkbIfxlo0n4QQJOqJQSCzj8n-NvH0p0CR42nsTk2C70Vpr54i80YKfcTOm0Q0Rq9FHB-Nz4KlrymTkU6hfeD0WRhUOq6PB1WhWLF_mqSzEwmTmuQAsVGXf8Gh0psllvyF--eEaF0pSbhEuo6lPzPk3hgUSico8gbSjr4hgIVn6x0JCa1XSFgaeKHIqD8eapb-mDfYa0QAQwJ8tYxzrkJ_n5OI7g5xCiIeV5DXmSzLTGx9QvaE4Y8-jFgRKG0qMhnqf8StrJOSKMrcJlHtjT7plbWt-fXPLHNvPydmtAiA2qygRnU0&s=atFW5Th1l6vvaQ27r2DMr_tF3fcvgujUdKbg62HU4j874MDQoFBlFsHsNbTrrRDhsvh3o2PfKCaRShkBKgbKUtQiI3AXJzE0YaXCtr6VAaUfBXkXB8WGuAczCbw06jOtvRghGt9a_zjHx9lRKRiCkC4tTdr0uC9ZN7_40CJbSHaMntICpqnJmHIgZKkH9ZDZlHkkfRjf4V5XSUvbeHoZjhMyb9SbyHDRq5-x5Avv6x43V9iDu2OODTPoSufdT4D7ciijf3U8fbE5OpOMfFEkMvA-ZIQgibFC2C--F3drlkLrega9TUbJg6wTwjeQ0jtCkuRwR4JoKGNhiKl5nZBGBQ&h=TsLTC2_IeY9J1IgRniZDJ--QMBMAjtkdwvD9eCRvGOE",
      "EncodedRequestUri": "L3N1YnNjcmlwdGlvbnMvZGVjOWVkNTQtMmI3Zi00NDc2LTliZDAtODc1NTQ0YWY1OWRmL3Byb3ZpZGVycy9NaWNyb3NvZnQuRG9jdW1lbnREQi9sb2NhdGlvbnMvZWFzdHVzL29wZXJhdGlvbnNTdGF0dXMvZjc1Mzc2YzUtNTE2Zi00ZmVjLWJmNjQtYWRmMDcxYTMxOTZhP2FwaS12ZXJzaW9uPTIwMjQtMTEtMTUmdD02Mzg3Njc5NjIzODA2ODY5MTkmYz1NSUlIaHpDQ0JtLWdBd0lCQWdJVGZBYVBWU1lHWXAwX2E5LUFoUUFBQm85VkpqQU5CZ2txaGtpRzl3MEJBUXNGQURCRU1STXdFUVlLQ1pJbWlaUHlMR1FCR1JZRFIwSk1NUk13RVFZS0NaSW1pWlB5TEdRQkdSWURRVTFGTVJnd0ZnWURWUVFERXc5QlRVVWdTVzVtY21FZ1EwRWdNRFV3SGhjTk1qVXdNVEl3TURnek5UTTJXaGNOTWpVd056RTVNRGd6TlRNMldqQkFNVDR3UEFZRFZRUURFelZoYzNsdVkyOXdaWEpoZEdsdmJuTnBaMjVwYm1kalpYSjBhV1pwWTJGMFpTNXRZVzVoWjJWdFpXNTBMbUY2ZFhKbExtTnZiVENDQVNJd0RRWUpLb1pJaHZjTkFRRUJCUUFEZ2dFUEFEQ0NBUW9DZ2dFQkFNSXZ6aHFHS2lXZVZ2NW94dWdRUUVaOEF4VEMxcDhMdS1Xc2hQbzBLN1ZTMkVNdkZfYkhOQUphMklDYnNpdTVlV1lsVGFZY2R6WkxfbGk4VF9FRVIyRHg1bDZ1ajdHVWZHb1liRUpRMFpkWXR6TG9RSllhNV94MTY4LVJzQTdGMTgzOXdQZHp2MzJ6M2FmbkNIT1NlSXpQaU9pQ0pYYjZGak9XSi16bmJCMm5hNUd3NG53Z2FqNHV4bFJRR04zRWxSZXFRNFA2NHhrQXBoNXg5MWZSSU5Ma2FhUlREZUtRX2dfc3VhTjFCSG0yMm15WVJnMk85Z1p5NW1oVFV6RGpqOUhzckd1Mi0xLVpGTlpaUE1sNWx0V0JzUUQ2Y180OURXcE9vd2FYOVpTWWFPOUU5czQ1Z1A1WU1yLUFMeFpyRVRCOWlsYnZGTmJiWG12OUtjNUxFYzBDQXdFQUFhT0NCSFF3Z2dSd01DY0dDU3NHQVFRQmdqY1ZDZ1FhTUJnd0NnWUlLd1lCQlFVSEF3RXdDZ1lJS3dZQkJRVUhBd0l3UFFZSkt3WUJCQUdDTnhVSEJEQXdMZ1ltS3dZQkJBR0NOeFVJaHBEakRZVFZ0SGlFOFlzLWhadmRGczZkRW9GZ2hmbVJTNFdzbVRRQ0FXUUNBUWN3Z2dITEJnZ3JCZ0VGQlFjQkFRU0NBYjB3Z2dHNU1HTUdDQ3NHQVFVRkJ6QUNobGRvZEhSd09pOHZZM0pzTG0xcFkzSnZjMjltZEM1amIyMHZjR3RwYVc1bWNtRXZRMlZ5ZEhNdlEwOHhVRXRKU1U1VVEwRXdNUzVCVFVVdVIwSk1YMEZOUlNVeU1FbHVabkpoSlRJd1EwRWxNakF3TlM1amNuUXdVd1lJS3dZQkJRVUhNQUtHUjJoMGRIQTZMeTlqY213eExtRnRaUzVuWW13dllXbGhMME5QTVZCTFNVbE9WRU5CTURFdVFVMUZMa2RDVEY5QlRVVWxNakJKYm1aeVlTVXlNRU5CSlRJd01EVXVZM0owTUZNR0NDc0dBUVVGQnpBQ2hrZG9kSFJ3T2k4dlkzSnNNaTVoYldVdVoySnNMMkZwWVM5RFR6RlFTMGxKVGxSRFFUQXhMa0ZOUlM1SFFreGZRVTFGSlRJd1NXNW1jbUVsTWpCRFFTVXlNREExTG1OeWREQlRCZ2dyQmdFRkJRY3dBb1pIYUhSMGNEb3ZMMk55YkRNdVlXMWxMbWRpYkM5aGFXRXZRMDh4VUV0SlNVNVVRMEV3TVM1QlRVVXVSMEpNWDBGTlJTVXlNRWx1Wm5KaEpUSXdRMEVsTWpBd05TNWpjblF3VXdZSUt3WUJCUVVITUFLR1IyaDBkSEE2THk5amNtdzBMbUZ0WlM1blltd3ZZV2xoTDBOUE1WQkxTVWxPVkVOQk1ERXVRVTFGTGtkQ1RGOUJUVVVsTWpCSmJtWnlZU1V5TUVOQkpUSXdNRFV1WTNKME1CMEdBMVVkRGdRV0JCUWo5R04yMXZ5bUlnWTg2cEVXak5xR1I2LWRsREFPQmdOVkhROEJBZjhFQkFNQ0JhQXdnZ0VtQmdOVkhSOEVnZ0VkTUlJQkdUQ0NBUldnZ2dFUm9JSUJEWVlfYUhSMGNEb3ZMMk55YkM1dGFXTnliM052Wm5RdVkyOXRMM0JyYVdsdVpuSmhMME5TVEM5QlRVVWxNakJKYm1aeVlTVXlNRU5CSlRJd01EVXVZM0pzaGpGb2RIUndPaTh2WTNKc01TNWhiV1V1WjJKc0wyTnliQzlCVFVVbE1qQkpibVp5WVNVeU1FTkJKVEl3TURVdVkzSnNoakZvZEhSd09pOHZZM0pzTWk1aGJXVXVaMkpzTDJOeWJDOUJUVVVsTWpCSmJtWnlZU1V5TUVOQkpUSXdNRFV1WTNKc2hqRm9kSFJ3T2k4dlkzSnNNeTVoYldVdVoySnNMMk55YkM5QlRVVWxNakJKYm1aeVlTVXlNRU5CSlRJd01EVXVZM0pzaGpGb2RIUndPaTh2WTNKc05DNWhiV1V1WjJKc0wyTnliQzlCVFVVbE1qQkpibVp5WVNVeU1FTkJKVEl3TURVdVkzSnNNSUdkQmdOVkhTQUVnWlV3Z1pJd0RBWUtLd1lCQkFHQ04zc0JBVEJtQmdvckJnRUVBWUkzZXdJQ01GZ3dWZ1lJS3dZQkJRVUhBZ0l3U2g1SUFETUFNd0JsQURBQU1RQTVBRElBTVFBdEFEUUFaQUEyQURRQUxRQTBBR1lBT0FCakFDMEFZUUF3QURVQU5RQXRBRFVBWWdCa0FHRUFaZ0JtQUdRQU5RQmxBRE1BTXdCa01Bd0dDaXNHQVFRQmdqZDdBd0l3REFZS0t3WUJCQUdDTjNzRUFqQWZCZ05WSFNNRUdEQVdnQlI2MWhtRktIbHNjWFllWVBqelMtLWlCVUlXSFRBZEJnTlZIU1VFRmpBVUJnZ3JCZ0VGQlFjREFRWUlLd1lCQlFVSEF3SXdEUVlKS29aSWh2Y05BUUVMQlFBRGdnRUJBRjBsVHJGZzBkU1VDWG80MUZEV21hUUZESktac3VjVGF0M3ZoRFJrYklmeGxvMG40UVFKT3FKUVNDemo4bi1OdkgwcDBDUjQybnNUazJDNzBWcHI1NGk4MFlLZmNUT20wUTBScTlGSEItTno0S2xyeW1Ua1U2aGZlRDBXUmhVT3E2UEIxV2hXTEZfbXFTekV3bVRtdVFBc1ZHWGY4R2gwcHNsbHZ5Ri0tZUVhRjBwU2JoRXVvNmxQelBrM2hnVVNpY284Z2JTanI0aGdJVm42eDBKQ2ExWFNGZ2FlS0hJcUQ4ZWFwYi1tRGZZYTBRQVF3Sjh0WXh6cmtKX241T0k3ZzV4Q2lJZVY1RFhtU3pMVEd4OVF2YUU0WTgtakZnUktHMHFNaG5xZjhTdHJKT1NLTXJjSmxIdGpUN3BsYld0LWZYUExITnZQeWRtdEFpQTJxeWdSblUwJnM9YXRGVzVUaDFsNnZ2YVEyN3IyRE1yX3RGM2Zjdmd1alVkS2JnNjJIVTRqODc0TURRb0ZCbEZzSHNOYlRyclJEaHN2aDNvMlBmS0NhUlNoa0JLZ2JLVXRRaUkzQVhKekUwWWFYQ3RyNlZBYVVmQlhrWEI4V0d1QWN6Q2J3MDZqT3R2UmdoR3Q5YV96akh4OWxSS1JpQ2tDNHRUZHIwdUM5Wk43XzQwQ0piU0hhTW50SUNwcW5KbUhJZ1pLa0g5WkRabEhra2ZSamY0VjVYU1V2YmVIb1pqaE15YjlTYnlIRFJxNS14NUF2djZ4NDNWOWlEdTJPT0RUUG9TdWZkVDREN2NpaWpmM1U4ZmJFNU9wT01mRkVrTXZBLVpJUWdpYkZDMkMtLUYzZHJsa0xyZWdhOVRVYkpnNndUd2plUTBqdENrdVJ3UjRKb0tHTmhpS2w1blpCR0JRJmg9VHNMVEMyX0llWTlKMUlnUm5pWkRKLS1RTUJNQWp0a2R3dkQ5ZUNSdkdPRQ==",
      "RequestMethod": "GET",
      "RequestHeaders": {
        "x-ms-client-request-id": [
          "c41e42e5-2d18-4858-a12a-9f93667e2a0b"
        ],
        "User-Agent": [
          "FxVersion/6.0.3624.51421",
          "OSName/Windows",
          "OSVersion/Microsoft.Windows.10.0.22631",
          "Microsoft.Azure.Management.CosmosDB.CosmosDBManagementClient/1.17.0"
        ]
      },
      "RequestBody": "",
      "ResponseHeaders": {
        "Cache-Control": [
          "no-store, no-cache"
        ],
        "Pragma": [
          "no-cache"
        ],
        "Strict-Transport-Security": [
          "max-age=31536000; includeSubDomains"
        ],
        "x-ms-gatewayversion": [
          "version=2.14.0"
        ],
        "x-ms-ratelimit-remaining-subscription-reads": [
          "1099"
        ],
        "x-ms-ratelimit-remaining-subscription-global-reads": [
          "16499"
        ],
        "x-ms-request-id": [
          "38ce33f2-280e-4b33-a7d4-794c8c9bee30"
        ],
        "x-ms-correlation-request-id": [
          "38ce33f2-280e-4b33-a7d4-794c8c9bee30"
        ],
        "x-ms-routing-request-id": [
          "EASTUS:20250305T183108Z:38ce33f2-280e-4b33-a7d4-794c8c9bee30"
        ],
        "X-Content-Type-Options": [
          "nosniff"
        ],
        "X-Cache": [
          "CONFIG_NOCACHE"
        ],
        "X-MSEdge-Ref": [
          "Ref A: F885944AFD9A4985B44C985589D52ED2 Ref B: BL2AA2030102017 Ref C: 2025-03-05T18:31:08Z"
        ],
        "Date": [
          "Wed, 05 Mar 2025 18:31:07 GMT"
        ],
        "Content-Length": [
          "21"
        ],
        "Content-Type": [
          "application/json"
        ]
      },
      "ResponseBody": "{\r\n  \"status\": \"Dequeued\"\r\n}",
      "StatusCode": 200
    },
    {
      "RequestUri": "/subscriptions/dec9ed54-2b7f-4476-9bd0-875544af59df/providers/Microsoft.DocumentDB/locations/eastus/operationsStatus/f75376c5-516f-4fec-bf64-adf071a3196a?api-version=2024-11-15&t=638767962380686919&c=MIIHhzCCBm-gAwIBAgITfAaPVSYGYp0_a9-AhQAABo9VJjANBgkqhkiG9w0BAQsFADBEMRMwEQYKCZImiZPyLGQBGRYDR0JMMRMwEQYKCZImiZPyLGQBGRYDQU1FMRgwFgYDVQQDEw9BTUUgSW5mcmEgQ0EgMDUwHhcNMjUwMTIwMDgzNTM2WhcNMjUwNzE5MDgzNTM2WjBAMT4wPAYDVQQDEzVhc3luY29wZXJhdGlvbnNpZ25pbmdjZXJ0aWZpY2F0ZS5tYW5hZ2VtZW50LmF6dXJlLmNvbTCCASIwDQYJKoZIhvcNAQEBBQADggEPADCCAQoCggEBAMIvzhqGKiWeVv5oxugQQEZ8AxTC1p8Lu-WshPo0K7VS2EMvF_bHNAJa2ICbsiu5eWYlTaYcdzZL_li8T_EER2Dx5l6uj7GUfGoYbEJQ0ZdYtzLoQJYa5_x168-RsA7F1839wPdzv32z3afnCHOSeIzPiOiCJXb6FjOWJ-znbB2na5Gw4nwgaj4uxlRQGN3ElReqQ4P64xkAph5x91fRINLkaaRTDeKQ_g_suaN1BHm22myYRg2O9gZy5mhTUzDjj9HsrGu2-1-ZFNZZPMl5ltWBsQD6c_49DWpOowaX9ZSYaO9E9s45gP5YMr-ALxZrETB9ilbvFNbbXmv9Kc5LEc0CAwEAAaOCBHQwggRwMCcGCSsGAQQBgjcVCgQaMBgwCgYIKwYBBQUHAwEwCgYIKwYBBQUHAwIwPQYJKwYBBAGCNxUHBDAwLgYmKwYBBAGCNxUIhpDjDYTVtHiE8Ys-hZvdFs6dEoFghfmRS4WsmTQCAWQCAQcwggHLBggrBgEFBQcBAQSCAb0wggG5MGMGCCsGAQUFBzAChldodHRwOi8vY3JsLm1pY3Jvc29mdC5jb20vcGtpaW5mcmEvQ2VydHMvQ08xUEtJSU5UQ0EwMS5BTUUuR0JMX0FNRSUyMEluZnJhJTIwQ0ElMjAwNS5jcnQwUwYIKwYBBQUHMAKGR2h0dHA6Ly9jcmwxLmFtZS5nYmwvYWlhL0NPMVBLSUlOVENBMDEuQU1FLkdCTF9BTUUlMjBJbmZyYSUyMENBJTIwMDUuY3J0MFMGCCsGAQUFBzAChkdodHRwOi8vY3JsMi5hbWUuZ2JsL2FpYS9DTzFQS0lJTlRDQTAxLkFNRS5HQkxfQU1FJTIwSW5mcmElMjBDQSUyMDA1LmNydDBTBggrBgEFBQcwAoZHaHR0cDovL2NybDMuYW1lLmdibC9haWEvQ08xUEtJSU5UQ0EwMS5BTUUuR0JMX0FNRSUyMEluZnJhJTIwQ0ElMjAwNS5jcnQwUwYIKwYBBQUHMAKGR2h0dHA6Ly9jcmw0LmFtZS5nYmwvYWlhL0NPMVBLSUlOVENBMDEuQU1FLkdCTF9BTUUlMjBJbmZyYSUyMENBJTIwMDUuY3J0MB0GA1UdDgQWBBQj9GN21vymIgY86pEWjNqGR6-dlDAOBgNVHQ8BAf8EBAMCBaAwggEmBgNVHR8EggEdMIIBGTCCARWgggERoIIBDYY_aHR0cDovL2NybC5taWNyb3NvZnQuY29tL3BraWluZnJhL0NSTC9BTUUlMjBJbmZyYSUyMENBJTIwMDUuY3JshjFodHRwOi8vY3JsMS5hbWUuZ2JsL2NybC9BTUUlMjBJbmZyYSUyMENBJTIwMDUuY3JshjFodHRwOi8vY3JsMi5hbWUuZ2JsL2NybC9BTUUlMjBJbmZyYSUyMENBJTIwMDUuY3JshjFodHRwOi8vY3JsMy5hbWUuZ2JsL2NybC9BTUUlMjBJbmZyYSUyMENBJTIwMDUuY3JshjFodHRwOi8vY3JsNC5hbWUuZ2JsL2NybC9BTUUlMjBJbmZyYSUyMENBJTIwMDUuY3JsMIGdBgNVHSAEgZUwgZIwDAYKKwYBBAGCN3sBATBmBgorBgEEAYI3ewICMFgwVgYIKwYBBQUHAgIwSh5IADMAMwBlADAAMQA5ADIAMQAtADQAZAA2ADQALQA0AGYAOABjAC0AYQAwADUANQAtADUAYgBkAGEAZgBmAGQANQBlADMAMwBkMAwGCisGAQQBgjd7AwIwDAYKKwYBBAGCN3sEAjAfBgNVHSMEGDAWgBR61hmFKHlscXYeYPjzS--iBUIWHTAdBgNVHSUEFjAUBggrBgEFBQcDAQYIKwYBBQUHAwIwDQYJKoZIhvcNAQELBQADggEBAF0lTrFg0dSUCXo41FDWmaQFDJKZsucTat3vhDRkbIfxlo0n4QQJOqJQSCzj8n-NvH0p0CR42nsTk2C70Vpr54i80YKfcTOm0Q0Rq9FHB-Nz4KlrymTkU6hfeD0WRhUOq6PB1WhWLF_mqSzEwmTmuQAsVGXf8Gh0psllvyF--eEaF0pSbhEuo6lPzPk3hgUSico8gbSjr4hgIVn6x0JCa1XSFgaeKHIqD8eapb-mDfYa0QAQwJ8tYxzrkJ_n5OI7g5xCiIeV5DXmSzLTGx9QvaE4Y8-jFgRKG0qMhnqf8StrJOSKMrcJlHtjT7plbWt-fXPLHNvPydmtAiA2qygRnU0&s=atFW5Th1l6vvaQ27r2DMr_tF3fcvgujUdKbg62HU4j874MDQoFBlFsHsNbTrrRDhsvh3o2PfKCaRShkBKgbKUtQiI3AXJzE0YaXCtr6VAaUfBXkXB8WGuAczCbw06jOtvRghGt9a_zjHx9lRKRiCkC4tTdr0uC9ZN7_40CJbSHaMntICpqnJmHIgZKkH9ZDZlHkkfRjf4V5XSUvbeHoZjhMyb9SbyHDRq5-x5Avv6x43V9iDu2OODTPoSufdT4D7ciijf3U8fbE5OpOMfFEkMvA-ZIQgibFC2C--F3drlkLrega9TUbJg6wTwjeQ0jtCkuRwR4JoKGNhiKl5nZBGBQ&h=TsLTC2_IeY9J1IgRniZDJ--QMBMAjtkdwvD9eCRvGOE",
      "EncodedRequestUri": "L3N1YnNjcmlwdGlvbnMvZGVjOWVkNTQtMmI3Zi00NDc2LTliZDAtODc1NTQ0YWY1OWRmL3Byb3ZpZGVycy9NaWNyb3NvZnQuRG9jdW1lbnREQi9sb2NhdGlvbnMvZWFzdHVzL29wZXJhdGlvbnNTdGF0dXMvZjc1Mzc2YzUtNTE2Zi00ZmVjLWJmNjQtYWRmMDcxYTMxOTZhP2FwaS12ZXJzaW9uPTIwMjQtMTEtMTUmdD02Mzg3Njc5NjIzODA2ODY5MTkmYz1NSUlIaHpDQ0JtLWdBd0lCQWdJVGZBYVBWU1lHWXAwX2E5LUFoUUFBQm85VkpqQU5CZ2txaGtpRzl3MEJBUXNGQURCRU1STXdFUVlLQ1pJbWlaUHlMR1FCR1JZRFIwSk1NUk13RVFZS0NaSW1pWlB5TEdRQkdSWURRVTFGTVJnd0ZnWURWUVFERXc5QlRVVWdTVzVtY21FZ1EwRWdNRFV3SGhjTk1qVXdNVEl3TURnek5UTTJXaGNOTWpVd056RTVNRGd6TlRNMldqQkFNVDR3UEFZRFZRUURFelZoYzNsdVkyOXdaWEpoZEdsdmJuTnBaMjVwYm1kalpYSjBhV1pwWTJGMFpTNXRZVzVoWjJWdFpXNTBMbUY2ZFhKbExtTnZiVENDQVNJd0RRWUpLb1pJaHZjTkFRRUJCUUFEZ2dFUEFEQ0NBUW9DZ2dFQkFNSXZ6aHFHS2lXZVZ2NW94dWdRUUVaOEF4VEMxcDhMdS1Xc2hQbzBLN1ZTMkVNdkZfYkhOQUphMklDYnNpdTVlV1lsVGFZY2R6WkxfbGk4VF9FRVIyRHg1bDZ1ajdHVWZHb1liRUpRMFpkWXR6TG9RSllhNV94MTY4LVJzQTdGMTgzOXdQZHp2MzJ6M2FmbkNIT1NlSXpQaU9pQ0pYYjZGak9XSi16bmJCMm5hNUd3NG53Z2FqNHV4bFJRR04zRWxSZXFRNFA2NHhrQXBoNXg5MWZSSU5Ma2FhUlREZUtRX2dfc3VhTjFCSG0yMm15WVJnMk85Z1p5NW1oVFV6RGpqOUhzckd1Mi0xLVpGTlpaUE1sNWx0V0JzUUQ2Y180OURXcE9vd2FYOVpTWWFPOUU5czQ1Z1A1WU1yLUFMeFpyRVRCOWlsYnZGTmJiWG12OUtjNUxFYzBDQXdFQUFhT0NCSFF3Z2dSd01DY0dDU3NHQVFRQmdqY1ZDZ1FhTUJnd0NnWUlLd1lCQlFVSEF3RXdDZ1lJS3dZQkJRVUhBd0l3UFFZSkt3WUJCQUdDTnhVSEJEQXdMZ1ltS3dZQkJBR0NOeFVJaHBEakRZVFZ0SGlFOFlzLWhadmRGczZkRW9GZ2hmbVJTNFdzbVRRQ0FXUUNBUWN3Z2dITEJnZ3JCZ0VGQlFjQkFRU0NBYjB3Z2dHNU1HTUdDQ3NHQVFVRkJ6QUNobGRvZEhSd09pOHZZM0pzTG0xcFkzSnZjMjltZEM1amIyMHZjR3RwYVc1bWNtRXZRMlZ5ZEhNdlEwOHhVRXRKU1U1VVEwRXdNUzVCVFVVdVIwSk1YMEZOUlNVeU1FbHVabkpoSlRJd1EwRWxNakF3TlM1amNuUXdVd1lJS3dZQkJRVUhNQUtHUjJoMGRIQTZMeTlqY213eExtRnRaUzVuWW13dllXbGhMME5QTVZCTFNVbE9WRU5CTURFdVFVMUZMa2RDVEY5QlRVVWxNakJKYm1aeVlTVXlNRU5CSlRJd01EVXVZM0owTUZNR0NDc0dBUVVGQnpBQ2hrZG9kSFJ3T2k4dlkzSnNNaTVoYldVdVoySnNMMkZwWVM5RFR6RlFTMGxKVGxSRFFUQXhMa0ZOUlM1SFFreGZRVTFGSlRJd1NXNW1jbUVsTWpCRFFTVXlNREExTG1OeWREQlRCZ2dyQmdFRkJRY3dBb1pIYUhSMGNEb3ZMMk55YkRNdVlXMWxMbWRpYkM5aGFXRXZRMDh4VUV0SlNVNVVRMEV3TVM1QlRVVXVSMEpNWDBGTlJTVXlNRWx1Wm5KaEpUSXdRMEVsTWpBd05TNWpjblF3VXdZSUt3WUJCUVVITUFLR1IyaDBkSEE2THk5amNtdzBMbUZ0WlM1blltd3ZZV2xoTDBOUE1WQkxTVWxPVkVOQk1ERXVRVTFGTGtkQ1RGOUJUVVVsTWpCSmJtWnlZU1V5TUVOQkpUSXdNRFV1WTNKME1CMEdBMVVkRGdRV0JCUWo5R04yMXZ5bUlnWTg2cEVXak5xR1I2LWRsREFPQmdOVkhROEJBZjhFQkFNQ0JhQXdnZ0VtQmdOVkhSOEVnZ0VkTUlJQkdUQ0NBUldnZ2dFUm9JSUJEWVlfYUhSMGNEb3ZMMk55YkM1dGFXTnliM052Wm5RdVkyOXRMM0JyYVdsdVpuSmhMME5TVEM5QlRVVWxNakJKYm1aeVlTVXlNRU5CSlRJd01EVXVZM0pzaGpGb2RIUndPaTh2WTNKc01TNWhiV1V1WjJKc0wyTnliQzlCVFVVbE1qQkpibVp5WVNVeU1FTkJKVEl3TURVdVkzSnNoakZvZEhSd09pOHZZM0pzTWk1aGJXVXVaMkpzTDJOeWJDOUJUVVVsTWpCSmJtWnlZU1V5TUVOQkpUSXdNRFV1WTNKc2hqRm9kSFJ3T2k4dlkzSnNNeTVoYldVdVoySnNMMk55YkM5QlRVVWxNakJKYm1aeVlTVXlNRU5CSlRJd01EVXVZM0pzaGpGb2RIUndPaTh2WTNKc05DNWhiV1V1WjJKc0wyTnliQzlCVFVVbE1qQkpibVp5WVNVeU1FTkJKVEl3TURVdVkzSnNNSUdkQmdOVkhTQUVnWlV3Z1pJd0RBWUtLd1lCQkFHQ04zc0JBVEJtQmdvckJnRUVBWUkzZXdJQ01GZ3dWZ1lJS3dZQkJRVUhBZ0l3U2g1SUFETUFNd0JsQURBQU1RQTVBRElBTVFBdEFEUUFaQUEyQURRQUxRQTBBR1lBT0FCakFDMEFZUUF3QURVQU5RQXRBRFVBWWdCa0FHRUFaZ0JtQUdRQU5RQmxBRE1BTXdCa01Bd0dDaXNHQVFRQmdqZDdBd0l3REFZS0t3WUJCQUdDTjNzRUFqQWZCZ05WSFNNRUdEQVdnQlI2MWhtRktIbHNjWFllWVBqelMtLWlCVUlXSFRBZEJnTlZIU1VFRmpBVUJnZ3JCZ0VGQlFjREFRWUlLd1lCQlFVSEF3SXdEUVlKS29aSWh2Y05BUUVMQlFBRGdnRUJBRjBsVHJGZzBkU1VDWG80MUZEV21hUUZESktac3VjVGF0M3ZoRFJrYklmeGxvMG40UVFKT3FKUVNDemo4bi1OdkgwcDBDUjQybnNUazJDNzBWcHI1NGk4MFlLZmNUT20wUTBScTlGSEItTno0S2xyeW1Ua1U2aGZlRDBXUmhVT3E2UEIxV2hXTEZfbXFTekV3bVRtdVFBc1ZHWGY4R2gwcHNsbHZ5Ri0tZUVhRjBwU2JoRXVvNmxQelBrM2hnVVNpY284Z2JTanI0aGdJVm42eDBKQ2ExWFNGZ2FlS0hJcUQ4ZWFwYi1tRGZZYTBRQVF3Sjh0WXh6cmtKX241T0k3ZzV4Q2lJZVY1RFhtU3pMVEd4OVF2YUU0WTgtakZnUktHMHFNaG5xZjhTdHJKT1NLTXJjSmxIdGpUN3BsYld0LWZYUExITnZQeWRtdEFpQTJxeWdSblUwJnM9YXRGVzVUaDFsNnZ2YVEyN3IyRE1yX3RGM2Zjdmd1alVkS2JnNjJIVTRqODc0TURRb0ZCbEZzSHNOYlRyclJEaHN2aDNvMlBmS0NhUlNoa0JLZ2JLVXRRaUkzQVhKekUwWWFYQ3RyNlZBYVVmQlhrWEI4V0d1QWN6Q2J3MDZqT3R2UmdoR3Q5YV96akh4OWxSS1JpQ2tDNHRUZHIwdUM5Wk43XzQwQ0piU0hhTW50SUNwcW5KbUhJZ1pLa0g5WkRabEhra2ZSamY0VjVYU1V2YmVIb1pqaE15YjlTYnlIRFJxNS14NUF2djZ4NDNWOWlEdTJPT0RUUG9TdWZkVDREN2NpaWpmM1U4ZmJFNU9wT01mRkVrTXZBLVpJUWdpYkZDMkMtLUYzZHJsa0xyZWdhOVRVYkpnNndUd2plUTBqdENrdVJ3UjRKb0tHTmhpS2w1blpCR0JRJmg9VHNMVEMyX0llWTlKMUlnUm5pWkRKLS1RTUJNQWp0a2R3dkQ5ZUNSdkdPRQ==",
      "RequestMethod": "GET",
      "RequestHeaders": {
        "x-ms-client-request-id": [
          "c41e42e5-2d18-4858-a12a-9f93667e2a0b"
        ],
        "User-Agent": [
          "FxVersion/6.0.3624.51421",
          "OSName/Windows",
          "OSVersion/Microsoft.Windows.10.0.22631",
          "Microsoft.Azure.Management.CosmosDB.CosmosDBManagementClient/1.17.0"
        ]
      },
      "RequestBody": "",
      "ResponseHeaders": {
        "Cache-Control": [
          "no-store, no-cache"
        ],
        "Pragma": [
          "no-cache"
        ],
        "Strict-Transport-Security": [
          "max-age=31536000; includeSubDomains"
        ],
        "x-ms-gatewayversion": [
          "version=2.14.0"
        ],
        "x-ms-ratelimit-remaining-subscription-reads": [
          "1099"
        ],
        "x-ms-ratelimit-remaining-subscription-global-reads": [
          "16499"
        ],
        "x-ms-request-id": [
          "f164b7e8-3612-4820-8df1-76a55be408d7"
        ],
        "x-ms-correlation-request-id": [
          "f164b7e8-3612-4820-8df1-76a55be408d7"
        ],
        "x-ms-routing-request-id": [
          "EASTUS:20250305T183138Z:f164b7e8-3612-4820-8df1-76a55be408d7"
        ],
        "X-Content-Type-Options": [
          "nosniff"
        ],
        "X-Cache": [
          "CONFIG_NOCACHE"
        ],
        "X-MSEdge-Ref": [
          "Ref A: CB7B22E49D144B96A6B94105CD71A920 Ref B: BL2AA2030102017 Ref C: 2025-03-05T18:31:38Z"
        ],
        "Date": [
          "Wed, 05 Mar 2025 18:31:38 GMT"
        ],
        "Content-Length": [
          "21"
        ],
        "Content-Type": [
          "application/json"
        ]
      },
      "ResponseBody": "{\r\n  \"status\": \"Dequeued\"\r\n}",
      "StatusCode": 200
    },
    {
      "RequestUri": "/subscriptions/dec9ed54-2b7f-4476-9bd0-875544af59df/providers/Microsoft.DocumentDB/locations/eastus/operationsStatus/f75376c5-516f-4fec-bf64-adf071a3196a?api-version=2024-11-15&t=638767962380686919&c=MIIHhzCCBm-gAwIBAgITfAaPVSYGYp0_a9-AhQAABo9VJjANBgkqhkiG9w0BAQsFADBEMRMwEQYKCZImiZPyLGQBGRYDR0JMMRMwEQYKCZImiZPyLGQBGRYDQU1FMRgwFgYDVQQDEw9BTUUgSW5mcmEgQ0EgMDUwHhcNMjUwMTIwMDgzNTM2WhcNMjUwNzE5MDgzNTM2WjBAMT4wPAYDVQQDEzVhc3luY29wZXJhdGlvbnNpZ25pbmdjZXJ0aWZpY2F0ZS5tYW5hZ2VtZW50LmF6dXJlLmNvbTCCASIwDQYJKoZIhvcNAQEBBQADggEPADCCAQoCggEBAMIvzhqGKiWeVv5oxugQQEZ8AxTC1p8Lu-WshPo0K7VS2EMvF_bHNAJa2ICbsiu5eWYlTaYcdzZL_li8T_EER2Dx5l6uj7GUfGoYbEJQ0ZdYtzLoQJYa5_x168-RsA7F1839wPdzv32z3afnCHOSeIzPiOiCJXb6FjOWJ-znbB2na5Gw4nwgaj4uxlRQGN3ElReqQ4P64xkAph5x91fRINLkaaRTDeKQ_g_suaN1BHm22myYRg2O9gZy5mhTUzDjj9HsrGu2-1-ZFNZZPMl5ltWBsQD6c_49DWpOowaX9ZSYaO9E9s45gP5YMr-ALxZrETB9ilbvFNbbXmv9Kc5LEc0CAwEAAaOCBHQwggRwMCcGCSsGAQQBgjcVCgQaMBgwCgYIKwYBBQUHAwEwCgYIKwYBBQUHAwIwPQYJKwYBBAGCNxUHBDAwLgYmKwYBBAGCNxUIhpDjDYTVtHiE8Ys-hZvdFs6dEoFghfmRS4WsmTQCAWQCAQcwggHLBggrBgEFBQcBAQSCAb0wggG5MGMGCCsGAQUFBzAChldodHRwOi8vY3JsLm1pY3Jvc29mdC5jb20vcGtpaW5mcmEvQ2VydHMvQ08xUEtJSU5UQ0EwMS5BTUUuR0JMX0FNRSUyMEluZnJhJTIwQ0ElMjAwNS5jcnQwUwYIKwYBBQUHMAKGR2h0dHA6Ly9jcmwxLmFtZS5nYmwvYWlhL0NPMVBLSUlOVENBMDEuQU1FLkdCTF9BTUUlMjBJbmZyYSUyMENBJTIwMDUuY3J0MFMGCCsGAQUFBzAChkdodHRwOi8vY3JsMi5hbWUuZ2JsL2FpYS9DTzFQS0lJTlRDQTAxLkFNRS5HQkxfQU1FJTIwSW5mcmElMjBDQSUyMDA1LmNydDBTBggrBgEFBQcwAoZHaHR0cDovL2NybDMuYW1lLmdibC9haWEvQ08xUEtJSU5UQ0EwMS5BTUUuR0JMX0FNRSUyMEluZnJhJTIwQ0ElMjAwNS5jcnQwUwYIKwYBBQUHMAKGR2h0dHA6Ly9jcmw0LmFtZS5nYmwvYWlhL0NPMVBLSUlOVENBMDEuQU1FLkdCTF9BTUUlMjBJbmZyYSUyMENBJTIwMDUuY3J0MB0GA1UdDgQWBBQj9GN21vymIgY86pEWjNqGR6-dlDAOBgNVHQ8BAf8EBAMCBaAwggEmBgNVHR8EggEdMIIBGTCCARWgggERoIIBDYY_aHR0cDovL2NybC5taWNyb3NvZnQuY29tL3BraWluZnJhL0NSTC9BTUUlMjBJbmZyYSUyMENBJTIwMDUuY3JshjFodHRwOi8vY3JsMS5hbWUuZ2JsL2NybC9BTUUlMjBJbmZyYSUyMENBJTIwMDUuY3JshjFodHRwOi8vY3JsMi5hbWUuZ2JsL2NybC9BTUUlMjBJbmZyYSUyMENBJTIwMDUuY3JshjFodHRwOi8vY3JsMy5hbWUuZ2JsL2NybC9BTUUlMjBJbmZyYSUyMENBJTIwMDUuY3JshjFodHRwOi8vY3JsNC5hbWUuZ2JsL2NybC9BTUUlMjBJbmZyYSUyMENBJTIwMDUuY3JsMIGdBgNVHSAEgZUwgZIwDAYKKwYBBAGCN3sBATBmBgorBgEEAYI3ewICMFgwVgYIKwYBBQUHAgIwSh5IADMAMwBlADAAMQA5ADIAMQAtADQAZAA2ADQALQA0AGYAOABjAC0AYQAwADUANQAtADUAYgBkAGEAZgBmAGQANQBlADMAMwBkMAwGCisGAQQBgjd7AwIwDAYKKwYBBAGCN3sEAjAfBgNVHSMEGDAWgBR61hmFKHlscXYeYPjzS--iBUIWHTAdBgNVHSUEFjAUBggrBgEFBQcDAQYIKwYBBQUHAwIwDQYJKoZIhvcNAQELBQADggEBAF0lTrFg0dSUCXo41FDWmaQFDJKZsucTat3vhDRkbIfxlo0n4QQJOqJQSCzj8n-NvH0p0CR42nsTk2C70Vpr54i80YKfcTOm0Q0Rq9FHB-Nz4KlrymTkU6hfeD0WRhUOq6PB1WhWLF_mqSzEwmTmuQAsVGXf8Gh0psllvyF--eEaF0pSbhEuo6lPzPk3hgUSico8gbSjr4hgIVn6x0JCa1XSFgaeKHIqD8eapb-mDfYa0QAQwJ8tYxzrkJ_n5OI7g5xCiIeV5DXmSzLTGx9QvaE4Y8-jFgRKG0qMhnqf8StrJOSKMrcJlHtjT7plbWt-fXPLHNvPydmtAiA2qygRnU0&s=atFW5Th1l6vvaQ27r2DMr_tF3fcvgujUdKbg62HU4j874MDQoFBlFsHsNbTrrRDhsvh3o2PfKCaRShkBKgbKUtQiI3AXJzE0YaXCtr6VAaUfBXkXB8WGuAczCbw06jOtvRghGt9a_zjHx9lRKRiCkC4tTdr0uC9ZN7_40CJbSHaMntICpqnJmHIgZKkH9ZDZlHkkfRjf4V5XSUvbeHoZjhMyb9SbyHDRq5-x5Avv6x43V9iDu2OODTPoSufdT4D7ciijf3U8fbE5OpOMfFEkMvA-ZIQgibFC2C--F3drlkLrega9TUbJg6wTwjeQ0jtCkuRwR4JoKGNhiKl5nZBGBQ&h=TsLTC2_IeY9J1IgRniZDJ--QMBMAjtkdwvD9eCRvGOE",
      "EncodedRequestUri": "L3N1YnNjcmlwdGlvbnMvZGVjOWVkNTQtMmI3Zi00NDc2LTliZDAtODc1NTQ0YWY1OWRmL3Byb3ZpZGVycy9NaWNyb3NvZnQuRG9jdW1lbnREQi9sb2NhdGlvbnMvZWFzdHVzL29wZXJhdGlvbnNTdGF0dXMvZjc1Mzc2YzUtNTE2Zi00ZmVjLWJmNjQtYWRmMDcxYTMxOTZhP2FwaS12ZXJzaW9uPTIwMjQtMTEtMTUmdD02Mzg3Njc5NjIzODA2ODY5MTkmYz1NSUlIaHpDQ0JtLWdBd0lCQWdJVGZBYVBWU1lHWXAwX2E5LUFoUUFBQm85VkpqQU5CZ2txaGtpRzl3MEJBUXNGQURCRU1STXdFUVlLQ1pJbWlaUHlMR1FCR1JZRFIwSk1NUk13RVFZS0NaSW1pWlB5TEdRQkdSWURRVTFGTVJnd0ZnWURWUVFERXc5QlRVVWdTVzVtY21FZ1EwRWdNRFV3SGhjTk1qVXdNVEl3TURnek5UTTJXaGNOTWpVd056RTVNRGd6TlRNMldqQkFNVDR3UEFZRFZRUURFelZoYzNsdVkyOXdaWEpoZEdsdmJuTnBaMjVwYm1kalpYSjBhV1pwWTJGMFpTNXRZVzVoWjJWdFpXNTBMbUY2ZFhKbExtTnZiVENDQVNJd0RRWUpLb1pJaHZjTkFRRUJCUUFEZ2dFUEFEQ0NBUW9DZ2dFQkFNSXZ6aHFHS2lXZVZ2NW94dWdRUUVaOEF4VEMxcDhMdS1Xc2hQbzBLN1ZTMkVNdkZfYkhOQUphMklDYnNpdTVlV1lsVGFZY2R6WkxfbGk4VF9FRVIyRHg1bDZ1ajdHVWZHb1liRUpRMFpkWXR6TG9RSllhNV94MTY4LVJzQTdGMTgzOXdQZHp2MzJ6M2FmbkNIT1NlSXpQaU9pQ0pYYjZGak9XSi16bmJCMm5hNUd3NG53Z2FqNHV4bFJRR04zRWxSZXFRNFA2NHhrQXBoNXg5MWZSSU5Ma2FhUlREZUtRX2dfc3VhTjFCSG0yMm15WVJnMk85Z1p5NW1oVFV6RGpqOUhzckd1Mi0xLVpGTlpaUE1sNWx0V0JzUUQ2Y180OURXcE9vd2FYOVpTWWFPOUU5czQ1Z1A1WU1yLUFMeFpyRVRCOWlsYnZGTmJiWG12OUtjNUxFYzBDQXdFQUFhT0NCSFF3Z2dSd01DY0dDU3NHQVFRQmdqY1ZDZ1FhTUJnd0NnWUlLd1lCQlFVSEF3RXdDZ1lJS3dZQkJRVUhBd0l3UFFZSkt3WUJCQUdDTnhVSEJEQXdMZ1ltS3dZQkJBR0NOeFVJaHBEakRZVFZ0SGlFOFlzLWhadmRGczZkRW9GZ2hmbVJTNFdzbVRRQ0FXUUNBUWN3Z2dITEJnZ3JCZ0VGQlFjQkFRU0NBYjB3Z2dHNU1HTUdDQ3NHQVFVRkJ6QUNobGRvZEhSd09pOHZZM0pzTG0xcFkzSnZjMjltZEM1amIyMHZjR3RwYVc1bWNtRXZRMlZ5ZEhNdlEwOHhVRXRKU1U1VVEwRXdNUzVCVFVVdVIwSk1YMEZOUlNVeU1FbHVabkpoSlRJd1EwRWxNakF3TlM1amNuUXdVd1lJS3dZQkJRVUhNQUtHUjJoMGRIQTZMeTlqY213eExtRnRaUzVuWW13dllXbGhMME5QTVZCTFNVbE9WRU5CTURFdVFVMUZMa2RDVEY5QlRVVWxNakJKYm1aeVlTVXlNRU5CSlRJd01EVXVZM0owTUZNR0NDc0dBUVVGQnpBQ2hrZG9kSFJ3T2k4dlkzSnNNaTVoYldVdVoySnNMMkZwWVM5RFR6RlFTMGxKVGxSRFFUQXhMa0ZOUlM1SFFreGZRVTFGSlRJd1NXNW1jbUVsTWpCRFFTVXlNREExTG1OeWREQlRCZ2dyQmdFRkJRY3dBb1pIYUhSMGNEb3ZMMk55YkRNdVlXMWxMbWRpYkM5aGFXRXZRMDh4VUV0SlNVNVVRMEV3TVM1QlRVVXVSMEpNWDBGTlJTVXlNRWx1Wm5KaEpUSXdRMEVsTWpBd05TNWpjblF3VXdZSUt3WUJCUVVITUFLR1IyaDBkSEE2THk5amNtdzBMbUZ0WlM1blltd3ZZV2xoTDBOUE1WQkxTVWxPVkVOQk1ERXVRVTFGTGtkQ1RGOUJUVVVsTWpCSmJtWnlZU1V5TUVOQkpUSXdNRFV1WTNKME1CMEdBMVVkRGdRV0JCUWo5R04yMXZ5bUlnWTg2cEVXak5xR1I2LWRsREFPQmdOVkhROEJBZjhFQkFNQ0JhQXdnZ0VtQmdOVkhSOEVnZ0VkTUlJQkdUQ0NBUldnZ2dFUm9JSUJEWVlfYUhSMGNEb3ZMMk55YkM1dGFXTnliM052Wm5RdVkyOXRMM0JyYVdsdVpuSmhMME5TVEM5QlRVVWxNakJKYm1aeVlTVXlNRU5CSlRJd01EVXVZM0pzaGpGb2RIUndPaTh2WTNKc01TNWhiV1V1WjJKc0wyTnliQzlCVFVVbE1qQkpibVp5WVNVeU1FTkJKVEl3TURVdVkzSnNoakZvZEhSd09pOHZZM0pzTWk1aGJXVXVaMkpzTDJOeWJDOUJUVVVsTWpCSmJtWnlZU1V5TUVOQkpUSXdNRFV1WTNKc2hqRm9kSFJ3T2k4dlkzSnNNeTVoYldVdVoySnNMMk55YkM5QlRVVWxNakJKYm1aeVlTVXlNRU5CSlRJd01EVXVZM0pzaGpGb2RIUndPaTh2WTNKc05DNWhiV1V1WjJKc0wyTnliQzlCVFVVbE1qQkpibVp5WVNVeU1FTkJKVEl3TURVdVkzSnNNSUdkQmdOVkhTQUVnWlV3Z1pJd0RBWUtLd1lCQkFHQ04zc0JBVEJtQmdvckJnRUVBWUkzZXdJQ01GZ3dWZ1lJS3dZQkJRVUhBZ0l3U2g1SUFETUFNd0JsQURBQU1RQTVBRElBTVFBdEFEUUFaQUEyQURRQUxRQTBBR1lBT0FCakFDMEFZUUF3QURVQU5RQXRBRFVBWWdCa0FHRUFaZ0JtQUdRQU5RQmxBRE1BTXdCa01Bd0dDaXNHQVFRQmdqZDdBd0l3REFZS0t3WUJCQUdDTjNzRUFqQWZCZ05WSFNNRUdEQVdnQlI2MWhtRktIbHNjWFllWVBqelMtLWlCVUlXSFRBZEJnTlZIU1VFRmpBVUJnZ3JCZ0VGQlFjREFRWUlLd1lCQlFVSEF3SXdEUVlKS29aSWh2Y05BUUVMQlFBRGdnRUJBRjBsVHJGZzBkU1VDWG80MUZEV21hUUZESktac3VjVGF0M3ZoRFJrYklmeGxvMG40UVFKT3FKUVNDemo4bi1OdkgwcDBDUjQybnNUazJDNzBWcHI1NGk4MFlLZmNUT20wUTBScTlGSEItTno0S2xyeW1Ua1U2aGZlRDBXUmhVT3E2UEIxV2hXTEZfbXFTekV3bVRtdVFBc1ZHWGY4R2gwcHNsbHZ5Ri0tZUVhRjBwU2JoRXVvNmxQelBrM2hnVVNpY284Z2JTanI0aGdJVm42eDBKQ2ExWFNGZ2FlS0hJcUQ4ZWFwYi1tRGZZYTBRQVF3Sjh0WXh6cmtKX241T0k3ZzV4Q2lJZVY1RFhtU3pMVEd4OVF2YUU0WTgtakZnUktHMHFNaG5xZjhTdHJKT1NLTXJjSmxIdGpUN3BsYld0LWZYUExITnZQeWRtdEFpQTJxeWdSblUwJnM9YXRGVzVUaDFsNnZ2YVEyN3IyRE1yX3RGM2Zjdmd1alVkS2JnNjJIVTRqODc0TURRb0ZCbEZzSHNOYlRyclJEaHN2aDNvMlBmS0NhUlNoa0JLZ2JLVXRRaUkzQVhKekUwWWFYQ3RyNlZBYVVmQlhrWEI4V0d1QWN6Q2J3MDZqT3R2UmdoR3Q5YV96akh4OWxSS1JpQ2tDNHRUZHIwdUM5Wk43XzQwQ0piU0hhTW50SUNwcW5KbUhJZ1pLa0g5WkRabEhra2ZSamY0VjVYU1V2YmVIb1pqaE15YjlTYnlIRFJxNS14NUF2djZ4NDNWOWlEdTJPT0RUUG9TdWZkVDREN2NpaWpmM1U4ZmJFNU9wT01mRkVrTXZBLVpJUWdpYkZDMkMtLUYzZHJsa0xyZWdhOVRVYkpnNndUd2plUTBqdENrdVJ3UjRKb0tHTmhpS2w1blpCR0JRJmg9VHNMVEMyX0llWTlKMUlnUm5pWkRKLS1RTUJNQWp0a2R3dkQ5ZUNSdkdPRQ==",
      "RequestMethod": "GET",
      "RequestHeaders": {
        "x-ms-client-request-id": [
          "c41e42e5-2d18-4858-a12a-9f93667e2a0b"
        ],
        "User-Agent": [
          "FxVersion/6.0.3624.51421",
          "OSName/Windows",
          "OSVersion/Microsoft.Windows.10.0.22631",
          "Microsoft.Azure.Management.CosmosDB.CosmosDBManagementClient/1.17.0"
        ]
      },
      "RequestBody": "",
      "ResponseHeaders": {
        "Cache-Control": [
          "no-store, no-cache"
        ],
        "Pragma": [
          "no-cache"
        ],
        "Strict-Transport-Security": [
          "max-age=31536000; includeSubDomains"
        ],
        "x-ms-gatewayversion": [
          "version=2.14.0"
        ],
        "x-ms-ratelimit-remaining-subscription-reads": [
          "1099"
        ],
        "x-ms-ratelimit-remaining-subscription-global-reads": [
          "16499"
        ],
        "x-ms-request-id": [
          "f70bc690-b3da-407a-98e1-4490ebcff70a"
        ],
        "x-ms-correlation-request-id": [
          "f70bc690-b3da-407a-98e1-4490ebcff70a"
        ],
        "x-ms-routing-request-id": [
          "EASTUS:20250305T183208Z:f70bc690-b3da-407a-98e1-4490ebcff70a"
        ],
        "X-Content-Type-Options": [
          "nosniff"
        ],
        "X-Cache": [
          "CONFIG_NOCACHE"
        ],
        "X-MSEdge-Ref": [
          "Ref A: 6FC2D45EAD5446A8BA781767BA4B4F71 Ref B: BL2AA2030102017 Ref C: 2025-03-05T18:32:08Z"
        ],
        "Date": [
          "Wed, 05 Mar 2025 18:32:08 GMT"
        ],
        "Content-Length": [
          "21"
        ],
        "Content-Type": [
          "application/json"
        ]
      },
      "ResponseBody": "{\r\n  \"status\": \"Dequeued\"\r\n}",
      "StatusCode": 200
    },
    {
      "RequestUri": "/subscriptions/dec9ed54-2b7f-4476-9bd0-875544af59df/providers/Microsoft.DocumentDB/locations/eastus/operationsStatus/f75376c5-516f-4fec-bf64-adf071a3196a?api-version=2024-11-15&t=638767962380686919&c=MIIHhzCCBm-gAwIBAgITfAaPVSYGYp0_a9-AhQAABo9VJjANBgkqhkiG9w0BAQsFADBEMRMwEQYKCZImiZPyLGQBGRYDR0JMMRMwEQYKCZImiZPyLGQBGRYDQU1FMRgwFgYDVQQDEw9BTUUgSW5mcmEgQ0EgMDUwHhcNMjUwMTIwMDgzNTM2WhcNMjUwNzE5MDgzNTM2WjBAMT4wPAYDVQQDEzVhc3luY29wZXJhdGlvbnNpZ25pbmdjZXJ0aWZpY2F0ZS5tYW5hZ2VtZW50LmF6dXJlLmNvbTCCASIwDQYJKoZIhvcNAQEBBQADggEPADCCAQoCggEBAMIvzhqGKiWeVv5oxugQQEZ8AxTC1p8Lu-WshPo0K7VS2EMvF_bHNAJa2ICbsiu5eWYlTaYcdzZL_li8T_EER2Dx5l6uj7GUfGoYbEJQ0ZdYtzLoQJYa5_x168-RsA7F1839wPdzv32z3afnCHOSeIzPiOiCJXb6FjOWJ-znbB2na5Gw4nwgaj4uxlRQGN3ElReqQ4P64xkAph5x91fRINLkaaRTDeKQ_g_suaN1BHm22myYRg2O9gZy5mhTUzDjj9HsrGu2-1-ZFNZZPMl5ltWBsQD6c_49DWpOowaX9ZSYaO9E9s45gP5YMr-ALxZrETB9ilbvFNbbXmv9Kc5LEc0CAwEAAaOCBHQwggRwMCcGCSsGAQQBgjcVCgQaMBgwCgYIKwYBBQUHAwEwCgYIKwYBBQUHAwIwPQYJKwYBBAGCNxUHBDAwLgYmKwYBBAGCNxUIhpDjDYTVtHiE8Ys-hZvdFs6dEoFghfmRS4WsmTQCAWQCAQcwggHLBggrBgEFBQcBAQSCAb0wggG5MGMGCCsGAQUFBzAChldodHRwOi8vY3JsLm1pY3Jvc29mdC5jb20vcGtpaW5mcmEvQ2VydHMvQ08xUEtJSU5UQ0EwMS5BTUUuR0JMX0FNRSUyMEluZnJhJTIwQ0ElMjAwNS5jcnQwUwYIKwYBBQUHMAKGR2h0dHA6Ly9jcmwxLmFtZS5nYmwvYWlhL0NPMVBLSUlOVENBMDEuQU1FLkdCTF9BTUUlMjBJbmZyYSUyMENBJTIwMDUuY3J0MFMGCCsGAQUFBzAChkdodHRwOi8vY3JsMi5hbWUuZ2JsL2FpYS9DTzFQS0lJTlRDQTAxLkFNRS5HQkxfQU1FJTIwSW5mcmElMjBDQSUyMDA1LmNydDBTBggrBgEFBQcwAoZHaHR0cDovL2NybDMuYW1lLmdibC9haWEvQ08xUEtJSU5UQ0EwMS5BTUUuR0JMX0FNRSUyMEluZnJhJTIwQ0ElMjAwNS5jcnQwUwYIKwYBBQUHMAKGR2h0dHA6Ly9jcmw0LmFtZS5nYmwvYWlhL0NPMVBLSUlOVENBMDEuQU1FLkdCTF9BTUUlMjBJbmZyYSUyMENBJTIwMDUuY3J0MB0GA1UdDgQWBBQj9GN21vymIgY86pEWjNqGR6-dlDAOBgNVHQ8BAf8EBAMCBaAwggEmBgNVHR8EggEdMIIBGTCCARWgggERoIIBDYY_aHR0cDovL2NybC5taWNyb3NvZnQuY29tL3BraWluZnJhL0NSTC9BTUUlMjBJbmZyYSUyMENBJTIwMDUuY3JshjFodHRwOi8vY3JsMS5hbWUuZ2JsL2NybC9BTUUlMjBJbmZyYSUyMENBJTIwMDUuY3JshjFodHRwOi8vY3JsMi5hbWUuZ2JsL2NybC9BTUUlMjBJbmZyYSUyMENBJTIwMDUuY3JshjFodHRwOi8vY3JsMy5hbWUuZ2JsL2NybC9BTUUlMjBJbmZyYSUyMENBJTIwMDUuY3JshjFodHRwOi8vY3JsNC5hbWUuZ2JsL2NybC9BTUUlMjBJbmZyYSUyMENBJTIwMDUuY3JsMIGdBgNVHSAEgZUwgZIwDAYKKwYBBAGCN3sBATBmBgorBgEEAYI3ewICMFgwVgYIKwYBBQUHAgIwSh5IADMAMwBlADAAMQA5ADIAMQAtADQAZAA2ADQALQA0AGYAOABjAC0AYQAwADUANQAtADUAYgBkAGEAZgBmAGQANQBlADMAMwBkMAwGCisGAQQBgjd7AwIwDAYKKwYBBAGCN3sEAjAfBgNVHSMEGDAWgBR61hmFKHlscXYeYPjzS--iBUIWHTAdBgNVHSUEFjAUBggrBgEFBQcDAQYIKwYBBQUHAwIwDQYJKoZIhvcNAQELBQADggEBAF0lTrFg0dSUCXo41FDWmaQFDJKZsucTat3vhDRkbIfxlo0n4QQJOqJQSCzj8n-NvH0p0CR42nsTk2C70Vpr54i80YKfcTOm0Q0Rq9FHB-Nz4KlrymTkU6hfeD0WRhUOq6PB1WhWLF_mqSzEwmTmuQAsVGXf8Gh0psllvyF--eEaF0pSbhEuo6lPzPk3hgUSico8gbSjr4hgIVn6x0JCa1XSFgaeKHIqD8eapb-mDfYa0QAQwJ8tYxzrkJ_n5OI7g5xCiIeV5DXmSzLTGx9QvaE4Y8-jFgRKG0qMhnqf8StrJOSKMrcJlHtjT7plbWt-fXPLHNvPydmtAiA2qygRnU0&s=atFW5Th1l6vvaQ27r2DMr_tF3fcvgujUdKbg62HU4j874MDQoFBlFsHsNbTrrRDhsvh3o2PfKCaRShkBKgbKUtQiI3AXJzE0YaXCtr6VAaUfBXkXB8WGuAczCbw06jOtvRghGt9a_zjHx9lRKRiCkC4tTdr0uC9ZN7_40CJbSHaMntICpqnJmHIgZKkH9ZDZlHkkfRjf4V5XSUvbeHoZjhMyb9SbyHDRq5-x5Avv6x43V9iDu2OODTPoSufdT4D7ciijf3U8fbE5OpOMfFEkMvA-ZIQgibFC2C--F3drlkLrega9TUbJg6wTwjeQ0jtCkuRwR4JoKGNhiKl5nZBGBQ&h=TsLTC2_IeY9J1IgRniZDJ--QMBMAjtkdwvD9eCRvGOE",
      "EncodedRequestUri": "L3N1YnNjcmlwdGlvbnMvZGVjOWVkNTQtMmI3Zi00NDc2LTliZDAtODc1NTQ0YWY1OWRmL3Byb3ZpZGVycy9NaWNyb3NvZnQuRG9jdW1lbnREQi9sb2NhdGlvbnMvZWFzdHVzL29wZXJhdGlvbnNTdGF0dXMvZjc1Mzc2YzUtNTE2Zi00ZmVjLWJmNjQtYWRmMDcxYTMxOTZhP2FwaS12ZXJzaW9uPTIwMjQtMTEtMTUmdD02Mzg3Njc5NjIzODA2ODY5MTkmYz1NSUlIaHpDQ0JtLWdBd0lCQWdJVGZBYVBWU1lHWXAwX2E5LUFoUUFBQm85VkpqQU5CZ2txaGtpRzl3MEJBUXNGQURCRU1STXdFUVlLQ1pJbWlaUHlMR1FCR1JZRFIwSk1NUk13RVFZS0NaSW1pWlB5TEdRQkdSWURRVTFGTVJnd0ZnWURWUVFERXc5QlRVVWdTVzVtY21FZ1EwRWdNRFV3SGhjTk1qVXdNVEl3TURnek5UTTJXaGNOTWpVd056RTVNRGd6TlRNMldqQkFNVDR3UEFZRFZRUURFelZoYzNsdVkyOXdaWEpoZEdsdmJuTnBaMjVwYm1kalpYSjBhV1pwWTJGMFpTNXRZVzVoWjJWdFpXNTBMbUY2ZFhKbExtTnZiVENDQVNJd0RRWUpLb1pJaHZjTkFRRUJCUUFEZ2dFUEFEQ0NBUW9DZ2dFQkFNSXZ6aHFHS2lXZVZ2NW94dWdRUUVaOEF4VEMxcDhMdS1Xc2hQbzBLN1ZTMkVNdkZfYkhOQUphMklDYnNpdTVlV1lsVGFZY2R6WkxfbGk4VF9FRVIyRHg1bDZ1ajdHVWZHb1liRUpRMFpkWXR6TG9RSllhNV94MTY4LVJzQTdGMTgzOXdQZHp2MzJ6M2FmbkNIT1NlSXpQaU9pQ0pYYjZGak9XSi16bmJCMm5hNUd3NG53Z2FqNHV4bFJRR04zRWxSZXFRNFA2NHhrQXBoNXg5MWZSSU5Ma2FhUlREZUtRX2dfc3VhTjFCSG0yMm15WVJnMk85Z1p5NW1oVFV6RGpqOUhzckd1Mi0xLVpGTlpaUE1sNWx0V0JzUUQ2Y180OURXcE9vd2FYOVpTWWFPOUU5czQ1Z1A1WU1yLUFMeFpyRVRCOWlsYnZGTmJiWG12OUtjNUxFYzBDQXdFQUFhT0NCSFF3Z2dSd01DY0dDU3NHQVFRQmdqY1ZDZ1FhTUJnd0NnWUlLd1lCQlFVSEF3RXdDZ1lJS3dZQkJRVUhBd0l3UFFZSkt3WUJCQUdDTnhVSEJEQXdMZ1ltS3dZQkJBR0NOeFVJaHBEakRZVFZ0SGlFOFlzLWhadmRGczZkRW9GZ2hmbVJTNFdzbVRRQ0FXUUNBUWN3Z2dITEJnZ3JCZ0VGQlFjQkFRU0NBYjB3Z2dHNU1HTUdDQ3NHQVFVRkJ6QUNobGRvZEhSd09pOHZZM0pzTG0xcFkzSnZjMjltZEM1amIyMHZjR3RwYVc1bWNtRXZRMlZ5ZEhNdlEwOHhVRXRKU1U1VVEwRXdNUzVCVFVVdVIwSk1YMEZOUlNVeU1FbHVabkpoSlRJd1EwRWxNakF3TlM1amNuUXdVd1lJS3dZQkJRVUhNQUtHUjJoMGRIQTZMeTlqY213eExtRnRaUzVuWW13dllXbGhMME5QTVZCTFNVbE9WRU5CTURFdVFVMUZMa2RDVEY5QlRVVWxNakJKYm1aeVlTVXlNRU5CSlRJd01EVXVZM0owTUZNR0NDc0dBUVVGQnpBQ2hrZG9kSFJ3T2k4dlkzSnNNaTVoYldVdVoySnNMMkZwWVM5RFR6RlFTMGxKVGxSRFFUQXhMa0ZOUlM1SFFreGZRVTFGSlRJd1NXNW1jbUVsTWpCRFFTVXlNREExTG1OeWREQlRCZ2dyQmdFRkJRY3dBb1pIYUhSMGNEb3ZMMk55YkRNdVlXMWxMbWRpYkM5aGFXRXZRMDh4VUV0SlNVNVVRMEV3TVM1QlRVVXVSMEpNWDBGTlJTVXlNRWx1Wm5KaEpUSXdRMEVsTWpBd05TNWpjblF3VXdZSUt3WUJCUVVITUFLR1IyaDBkSEE2THk5amNtdzBMbUZ0WlM1blltd3ZZV2xoTDBOUE1WQkxTVWxPVkVOQk1ERXVRVTFGTGtkQ1RGOUJUVVVsTWpCSmJtWnlZU1V5TUVOQkpUSXdNRFV1WTNKME1CMEdBMVVkRGdRV0JCUWo5R04yMXZ5bUlnWTg2cEVXak5xR1I2LWRsREFPQmdOVkhROEJBZjhFQkFNQ0JhQXdnZ0VtQmdOVkhSOEVnZ0VkTUlJQkdUQ0NBUldnZ2dFUm9JSUJEWVlfYUhSMGNEb3ZMMk55YkM1dGFXTnliM052Wm5RdVkyOXRMM0JyYVdsdVpuSmhMME5TVEM5QlRVVWxNakJKYm1aeVlTVXlNRU5CSlRJd01EVXVZM0pzaGpGb2RIUndPaTh2WTNKc01TNWhiV1V1WjJKc0wyTnliQzlCVFVVbE1qQkpibVp5WVNVeU1FTkJKVEl3TURVdVkzSnNoakZvZEhSd09pOHZZM0pzTWk1aGJXVXVaMkpzTDJOeWJDOUJUVVVsTWpCSmJtWnlZU1V5TUVOQkpUSXdNRFV1WTNKc2hqRm9kSFJ3T2k4dlkzSnNNeTVoYldVdVoySnNMMk55YkM5QlRVVWxNakJKYm1aeVlTVXlNRU5CSlRJd01EVXVZM0pzaGpGb2RIUndPaTh2WTNKc05DNWhiV1V1WjJKc0wyTnliQzlCVFVVbE1qQkpibVp5WVNVeU1FTkJKVEl3TURVdVkzSnNNSUdkQmdOVkhTQUVnWlV3Z1pJd0RBWUtLd1lCQkFHQ04zc0JBVEJtQmdvckJnRUVBWUkzZXdJQ01GZ3dWZ1lJS3dZQkJRVUhBZ0l3U2g1SUFETUFNd0JsQURBQU1RQTVBRElBTVFBdEFEUUFaQUEyQURRQUxRQTBBR1lBT0FCakFDMEFZUUF3QURVQU5RQXRBRFVBWWdCa0FHRUFaZ0JtQUdRQU5RQmxBRE1BTXdCa01Bd0dDaXNHQVFRQmdqZDdBd0l3REFZS0t3WUJCQUdDTjNzRUFqQWZCZ05WSFNNRUdEQVdnQlI2MWhtRktIbHNjWFllWVBqelMtLWlCVUlXSFRBZEJnTlZIU1VFRmpBVUJnZ3JCZ0VGQlFjREFRWUlLd1lCQlFVSEF3SXdEUVlKS29aSWh2Y05BUUVMQlFBRGdnRUJBRjBsVHJGZzBkU1VDWG80MUZEV21hUUZESktac3VjVGF0M3ZoRFJrYklmeGxvMG40UVFKT3FKUVNDemo4bi1OdkgwcDBDUjQybnNUazJDNzBWcHI1NGk4MFlLZmNUT20wUTBScTlGSEItTno0S2xyeW1Ua1U2aGZlRDBXUmhVT3E2UEIxV2hXTEZfbXFTekV3bVRtdVFBc1ZHWGY4R2gwcHNsbHZ5Ri0tZUVhRjBwU2JoRXVvNmxQelBrM2hnVVNpY284Z2JTanI0aGdJVm42eDBKQ2ExWFNGZ2FlS0hJcUQ4ZWFwYi1tRGZZYTBRQVF3Sjh0WXh6cmtKX241T0k3ZzV4Q2lJZVY1RFhtU3pMVEd4OVF2YUU0WTgtakZnUktHMHFNaG5xZjhTdHJKT1NLTXJjSmxIdGpUN3BsYld0LWZYUExITnZQeWRtdEFpQTJxeWdSblUwJnM9YXRGVzVUaDFsNnZ2YVEyN3IyRE1yX3RGM2Zjdmd1alVkS2JnNjJIVTRqODc0TURRb0ZCbEZzSHNOYlRyclJEaHN2aDNvMlBmS0NhUlNoa0JLZ2JLVXRRaUkzQVhKekUwWWFYQ3RyNlZBYVVmQlhrWEI4V0d1QWN6Q2J3MDZqT3R2UmdoR3Q5YV96akh4OWxSS1JpQ2tDNHRUZHIwdUM5Wk43XzQwQ0piU0hhTW50SUNwcW5KbUhJZ1pLa0g5WkRabEhra2ZSamY0VjVYU1V2YmVIb1pqaE15YjlTYnlIRFJxNS14NUF2djZ4NDNWOWlEdTJPT0RUUG9TdWZkVDREN2NpaWpmM1U4ZmJFNU9wT01mRkVrTXZBLVpJUWdpYkZDMkMtLUYzZHJsa0xyZWdhOVRVYkpnNndUd2plUTBqdENrdVJ3UjRKb0tHTmhpS2w1blpCR0JRJmg9VHNMVEMyX0llWTlKMUlnUm5pWkRKLS1RTUJNQWp0a2R3dkQ5ZUNSdkdPRQ==",
      "RequestMethod": "GET",
      "RequestHeaders": {
        "x-ms-client-request-id": [
          "c41e42e5-2d18-4858-a12a-9f93667e2a0b"
        ],
        "User-Agent": [
          "FxVersion/6.0.3624.51421",
          "OSName/Windows",
          "OSVersion/Microsoft.Windows.10.0.22631",
          "Microsoft.Azure.Management.CosmosDB.CosmosDBManagementClient/1.17.0"
        ]
      },
      "RequestBody": "",
      "ResponseHeaders": {
        "Cache-Control": [
          "no-store, no-cache"
        ],
        "Pragma": [
          "no-cache"
        ],
        "Strict-Transport-Security": [
          "max-age=31536000; includeSubDomains"
        ],
        "x-ms-gatewayversion": [
          "version=2.14.0"
        ],
        "x-ms-ratelimit-remaining-subscription-reads": [
          "1099"
        ],
        "x-ms-ratelimit-remaining-subscription-global-reads": [
          "16499"
        ],
        "x-ms-request-id": [
          "9ded8837-aece-495c-aad0-c2302ebfb837"
        ],
        "x-ms-correlation-request-id": [
          "9ded8837-aece-495c-aad0-c2302ebfb837"
        ],
        "x-ms-routing-request-id": [
          "EASTUS:20250305T183240Z:9ded8837-aece-495c-aad0-c2302ebfb837"
        ],
        "X-Content-Type-Options": [
          "nosniff"
        ],
        "X-Cache": [
          "CONFIG_NOCACHE"
        ],
        "X-MSEdge-Ref": [
          "Ref A: C4D3495E01C945BC91F7C51284478AB6 Ref B: BL2AA2030102017 Ref C: 2025-03-05T18:32:39Z"
        ],
        "Date": [
          "Wed, 05 Mar 2025 18:32:39 GMT"
        ],
        "Content-Length": [
          "22"
        ],
        "Content-Type": [
          "application/json"
        ]
      },
      "ResponseBody": "{\r\n  \"status\": \"Succeeded\"\r\n}",
      "StatusCode": 200
    }
  ],
  "Names": {},
  "Variables": {
    "SubscriptionId": "dec9ed54-2b7f-4476-9bd0-875544af59df"
  }
}