{
  "Entries": [
    {
      "RequestUri": "/subscriptions/259fbb24-9bcd-4cfc-865c-fc33b22fe38a/resourcegroups/CosmosDBResourceGroup5?api-version=2016-09-01",
      "EncodedRequestUri": "L3N1YnNjcmlwdGlvbnMvMjU5ZmJiMjQtOWJjZC00Y2ZjLTg2NWMtZmMzM2IyMmZlMzhhL3Jlc291cmNlZ3JvdXBzL0Nvc21vc0RCUmVzb3VyY2VHcm91cDU/YXBpLXZlcnNpb249MjAxNi0wOS0wMQ==",
      "RequestMethod": "PUT",
      "RequestHeaders": {
        "x-ms-client-request-id": [
          "cd8fac3b-a2ec-4b1b-8f40-fab4cadb026d"
        ],
        "Accept-Language": [
          "en-US"
        ],
        "User-Agent": [
          "FxVersion/4.700.22.41602",
          "OSName/Windows",
          "OSVersion/Microsoft.Windows.10.0.19044",
          "Microsoft.Azure.Management.Internal.Resources.ResourceManagementClient/1.3.61"
        ],
        "Content-Type": [
          "application/json; charset=utf-8"
        ],
        "Content-Length": [
          "29"
        ]
      },
      "RequestBody": "{\r\n  \"location\": \"East US\"\r\n}",
      "ResponseHeaders": {
        "Cache-Control": [
          "no-cache"
        ],
        "Pragma": [
          "no-cache"
        ],
        "x-ms-ratelimit-remaining-subscription-writes": [
          "1199"
        ],
        "x-ms-request-id": [
          "97565b89-130b-4e25-8e3e-601824229c2f"
        ],
        "x-ms-correlation-request-id": [
          "97565b89-130b-4e25-8e3e-601824229c2f"
        ],
        "x-ms-routing-request-id": [
          "EASTUS:20220928T133450Z:97565b89-130b-4e25-8e3e-601824229c2f"
        ],
        "Strict-Transport-Security": [
          "max-age=31536000; includeSubDomains"
        ],
        "X-Content-Type-Options": [
          "nosniff"
        ],
        "Date": [
          "Wed, 28 Sep 2022 13:34:50 GMT"
        ],
        "Content-Length": [
          "197"
        ],
        "Content-Type": [
          "application/json; charset=utf-8"
        ],
        "Expires": [
          "-1"
        ]
      },
      "ResponseBody": "{\r\n  \"id\": \"/subscriptions/259fbb24-9bcd-4cfc-865c-fc33b22fe38a/resourceGroups/CosmosDBResourceGroup5\",\r\n  \"name\": \"CosmosDBResourceGroup5\",\r\n  \"location\": \"eastus\",\r\n  \"properties\": {\r\n    \"provisioningState\": \"Succeeded\"\r\n  }\r\n}",
      "StatusCode": 201
    },
    {
      "RequestUri": "/subscriptions/259fbb24-9bcd-4cfc-865c-fc33b22fe38a/resourceGroups/CosmosDBResourceGroup5/providers/Microsoft.DocumentDB/databaseAccounts/testupdateregionpowershell1?api-version=2022-08-15-preview",
      "EncodedRequestUri": "L3N1YnNjcmlwdGlvbnMvMjU5ZmJiMjQtOWJjZC00Y2ZjLTg2NWMtZmMzM2IyMmZlMzhhL3Jlc291cmNlR3JvdXBzL0Nvc21vc0RCUmVzb3VyY2VHcm91cDUvcHJvdmlkZXJzL01pY3Jvc29mdC5Eb2N1bWVudERCL2RhdGFiYXNlQWNjb3VudHMvdGVzdHVwZGF0ZXJlZ2lvbnBvd2Vyc2hlbGwxP2FwaS12ZXJzaW9uPTIwMjItMDgtMTUtcHJldmlldw==",
      "RequestMethod": "GET",
      "RequestHeaders": {
        "x-ms-client-request-id": [
          "35699b46-c846-441f-9990-f074f3cfd3f7"
        ],
        "Accept-Language": [
          "en-US"
        ],
        "User-Agent": [
          "FxVersion/4.700.22.41602",
          "OSName/Windows",
          "OSVersion/Microsoft.Windows.10.0.19044",
          "Microsoft.Azure.Management.CosmosDB.CosmosDBManagementClient/3.7.0.0"
        ]
      },
      "RequestBody": "",
      "ResponseHeaders": {
        "Cache-Control": [
          "no-cache"
        ],
        "Pragma": [
          "no-cache"
        ],
        "x-ms-failure-cause": [
          "gateway"
        ],
        "x-ms-request-id": [
          "18d12e5e-75d7-4d49-9eab-ed6477efb274"
        ],
        "x-ms-correlation-request-id": [
          "18d12e5e-75d7-4d49-9eab-ed6477efb274"
        ],
        "x-ms-routing-request-id": [
          "EASTUS:20220928T133450Z:18d12e5e-75d7-4d49-9eab-ed6477efb274"
        ],
        "Strict-Transport-Security": [
          "max-age=31536000; includeSubDomains"
        ],
        "X-Content-Type-Options": [
          "nosniff"
        ],
        "Date": [
          "Wed, 28 Sep 2022 13:34:50 GMT"
        ],
        "Content-Type": [
          "application/json; charset=utf-8"
        ],
        "Expires": [
          "-1"
        ],
        "Content-Length": [
          "259"
        ]
      },
      "ResponseBody": "{\r\n  \"error\": {\r\n    \"code\": \"ResourceNotFound\",\r\n    \"message\": \"The Resource 'Microsoft.DocumentDB/databaseAccounts/testupdateregionpowershell1' under resource group 'CosmosDBResourceGroup5' was not found. For more details please go to https://aka.ms/ARMResourceNotFoundFix\"\r\n  }\r\n}",
      "StatusCode": 404
    },
    {
      "RequestUri": "/subscriptions/259fbb24-9bcd-4cfc-865c-fc33b22fe38a/resourceGroups/CosmosDBResourceGroup5/providers/Microsoft.DocumentDB/databaseAccounts/testupdateregionpowershell1?api-version=2022-08-15-preview",
      "EncodedRequestUri": "L3N1YnNjcmlwdGlvbnMvMjU5ZmJiMjQtOWJjZC00Y2ZjLTg2NWMtZmMzM2IyMmZlMzhhL3Jlc291cmNlR3JvdXBzL0Nvc21vc0RCUmVzb3VyY2VHcm91cDUvcHJvdmlkZXJzL01pY3Jvc29mdC5Eb2N1bWVudERCL2RhdGFiYXNlQWNjb3VudHMvdGVzdHVwZGF0ZXJlZ2lvbnBvd2Vyc2hlbGwxP2FwaS12ZXJzaW9uPTIwMjItMDgtMTUtcHJldmlldw==",
      "RequestMethod": "GET",
      "RequestHeaders": {
        "x-ms-client-request-id": [
          "35699b46-c846-441f-9990-f074f3cfd3f7"
        ],
        "User-Agent": [
          "FxVersion/4.700.22.41602",
          "OSName/Windows",
          "OSVersion/Microsoft.Windows.10.0.19044",
          "Microsoft.Azure.Management.CosmosDB.CosmosDBManagementClient/3.7.0.0"
        ]
      },
      "RequestBody": "",
      "ResponseHeaders": {
        "Cache-Control": [
          "no-store, no-cache"
        ],
        "Pragma": [
          "no-cache"
        ],
        "Strict-Transport-Security": [
          "max-age=31536000; includeSubDomains"
        ],
        "x-ms-gatewayversion": [
          "version=2.14.0"
        ],
        "Server": [
          "Microsoft-HTTPAPI/2.0"
        ],
        "x-ms-ratelimit-remaining-subscription-reads": [
          "11994"
        ],
        "x-ms-request-id": [
          "b85feba3-a282-4b60-9359-7a576057ca5a"
        ],
        "x-ms-correlation-request-id": [
          "b85feba3-a282-4b60-9359-7a576057ca5a"
        ],
        "x-ms-routing-request-id": [
          "EASTUS:20220928T133655Z:b85feba3-a282-4b60-9359-7a576057ca5a"
        ],
        "X-Content-Type-Options": [
          "nosniff"
        ],
        "Date": [
          "Wed, 28 Sep 2022 13:36:54 GMT"
        ],
        "Content-Length": [
          "2722"
        ],
        "Content-Type": [
          "application/json"
        ]
      },
      "ResponseBody": "{\r\n  \"id\": \"/subscriptions/259fbb24-9bcd-4cfc-865c-fc33b22fe38a/resourceGroups/CosmosDBResourceGroup5/providers/Microsoft.DocumentDB/databaseAccounts/testupdateregionpowershell1\",\r\n  \"name\": \"testupdateregionpowershell1\",\r\n  \"location\": \"East US\",\r\n  \"type\": \"Microsoft.DocumentDB/databaseAccounts\",\r\n  \"kind\": \"GlobalDocumentDB\",\r\n  \"tags\": {},\r\n  \"systemData\": {\r\n    \"createdAt\": \"2022-09-28T13:36:15.4987765Z\"\r\n  },\r\n  \"properties\": {\r\n    \"provisioningState\": \"Succeeded\",\r\n    \"documentEndpoint\": \"https://testupdateregionpowershell1.documents.azure.com:443/\",\r\n    \"publicNetworkAccess\": \"Enabled\",\r\n    \"enableAutomaticFailover\": true,\r\n    \"enableMultipleWriteLocations\": true,\r\n    \"enablePartitionKeyMonitor\": false,\r\n    \"isVirtualNetworkFilterEnabled\": false,\r\n    \"virtualNetworkRules\": [],\r\n    \"EnabledApiTypes\": \"Sql\",\r\n    \"disableKeyBasedMetadataWriteAccess\": false,\r\n    \"enableFreeTier\": false,\r\n    \"enableAnalyticalStorage\": false,\r\n    \"analyticalStorageConfiguration\": {\r\n      \"schemaType\": \"WellDefined\"\r\n    },\r\n    \"instanceId\": \"c485e3f4-1ad4-4a44-8caa-f1091d7d4514\",\r\n    \"databaseAccountOfferType\": \"Standard\",\r\n    \"defaultIdentity\": \"FirstPartyIdentity\",\r\n    \"networkAclBypass\": \"None\",\r\n    \"disableLocalAuth\": false,\r\n    \"enablePartitionMerge\": false,\r\n    \"consistencyPolicy\": {\r\n      \"defaultConsistencyLevel\": \"Session\",\r\n      \"maxIntervalInSeconds\": 5,\r\n      \"maxStalenessPrefix\": 100\r\n    },\r\n    \"configurationOverrides\": {},\r\n    \"writeLocations\": [\r\n      {\r\n        \"id\": \"testupdateregionpowershell1-eastus\",\r\n        \"locationName\": \"East US\",\r\n        \"documentEndpoint\": \"https://testupdateregionpowershell1-eastus.documents.azure.com:443/\",\r\n        \"provisioningState\": \"Succeeded\",\r\n        \"failoverPriority\": 0,\r\n        \"isZoneRedundant\": false\r\n      }\r\n    ],\r\n    \"readLocations\": [\r\n      {\r\n        \"id\": \"testupdateregionpowershell1-eastus\",\r\n        \"locationName\": \"East US\",\r\n        \"documentEndpoint\": \"https://testupdateregionpowershell1-eastus.documents.azure.com:443/\",\r\n        \"provisioningState\": \"Succeeded\",\r\n        \"failoverPriority\": 0,\r\n        \"isZoneRedundant\": false\r\n      }\r\n    ],\r\n    \"locations\": [\r\n      {\r\n        \"id\": \"testupdateregionpowershell1-eastus\",\r\n        \"locationName\": \"East US\",\r\n        \"documentEndpoint\": \"https://testupdateregionpowershell1-eastus.documents.azure.com:443/\",\r\n        \"provisioningState\": \"Succeeded\",\r\n        \"failoverPriority\": 0,\r\n        \"isZoneRedundant\": false\r\n      }\r\n    ],\r\n    \"failoverPolicies\": [\r\n      {\r\n        \"id\": \"testupdateregionpowershell1-eastus\",\r\n        \"locationName\": \"East US\",\r\n        \"failoverPriority\": 0\r\n      }\r\n    ],\r\n    \"cors\": [],\r\n    \"capabilities\": [],\r\n    \"ipRules\": [],\r\n    \"backupPolicy\": {\r\n      \"type\": \"Periodic\",\r\n      \"periodicModeProperties\": {\r\n        \"backupIntervalInMinutes\": 240,\r\n        \"backupRetentionIntervalInHours\": 8,\r\n        \"backupStorageRedundancy\": \"Geo\"\r\n      }\r\n    },\r\n    \"networkAclBypassResourceIds\": [],\r\n    \"diagnosticLogSettings\": {\r\n      \"enableFullTextQuery\": \"None\"\r\n    },\r\n    \"keysMetadata\": {\r\n      \"primaryMasterKey\": {\r\n        \"generationTime\": \"2022-09-28T13:36:15.4987765Z\"\r\n      },\r\n      \"secondaryMasterKey\": {\r\n        \"generationTime\": \"2022-09-28T13:36:15.4987765Z\"\r\n      },\r\n      \"primaryReadonlyMasterKey\": {\r\n        \"generationTime\": \"2022-09-28T13:36:15.4987765Z\"\r\n      },\r\n      \"secondaryReadonlyMasterKey\": {\r\n        \"generationTime\": \"2022-09-28T13:36:15.4987765Z\"\r\n      }\r\n    }\r\n  },\r\n  \"identity\": {\r\n    \"type\": \"None\"\r\n  }\r\n}",
      "StatusCode": 200
    },
    {
      "RequestUri": "/subscriptions/259fbb24-9bcd-4cfc-865c-fc33b22fe38a/resourceGroups/CosmosDBResourceGroup5/providers/Microsoft.DocumentDB/databaseAccounts/testupdateregionpowershell1?api-version=2022-08-15-preview",
      "EncodedRequestUri": "L3N1YnNjcmlwdGlvbnMvMjU5ZmJiMjQtOWJjZC00Y2ZjLTg2NWMtZmMzM2IyMmZlMzhhL3Jlc291cmNlR3JvdXBzL0Nvc21vc0RCUmVzb3VyY2VHcm91cDUvcHJvdmlkZXJzL01pY3Jvc29mdC5Eb2N1bWVudERCL2RhdGFiYXNlQWNjb3VudHMvdGVzdHVwZGF0ZXJlZ2lvbnBvd2Vyc2hlbGwxP2FwaS12ZXJzaW9uPTIwMjItMDgtMTUtcHJldmlldw==",
      "RequestMethod": "GET",
      "RequestHeaders": {
        "x-ms-client-request-id": [
          "dcc44f8a-d40b-4768-a5bd-9410c51b578d"
        ],
        "Accept-Language": [
          "en-US"
        ],
        "User-Agent": [
          "FxVersion/4.700.22.41602",
          "OSName/Windows",
          "OSVersion/Microsoft.Windows.10.0.19044",
          "Microsoft.Azure.Management.CosmosDB.CosmosDBManagementClient/3.7.0.0"
        ]
      },
      "RequestBody": "",
      "ResponseHeaders": {
        "Cache-Control": [
          "no-store, no-cache"
        ],
        "Pragma": [
          "no-cache"
        ],
        "Strict-Transport-Security": [
          "max-age=31536000; includeSubDomains"
        ],
        "x-ms-gatewayversion": [
          "version=2.14.0"
        ],
        "Server": [
          "Microsoft-HTTPAPI/2.0"
        ],
        "x-ms-ratelimit-remaining-subscription-reads": [
          "11953"
        ],
        "x-ms-request-id": [
          "6cd6ed41-7e60-4fcb-9a16-51247c9a3b18"
        ],
        "x-ms-correlation-request-id": [
          "6cd6ed41-7e60-4fcb-9a16-51247c9a3b18"
        ],
        "x-ms-routing-request-id": [
          "EASTUS:20220928T133655Z:6cd6ed41-7e60-4fcb-9a16-51247c9a3b18"
        ],
        "X-Content-Type-Options": [
          "nosniff"
        ],
        "Date": [
          "Wed, 28 Sep 2022 13:36:54 GMT"
        ],
        "Content-Length": [
          "2722"
        ],
        "Content-Type": [
          "application/json"
        ]
      },
      "ResponseBody": "{\r\n  \"id\": \"/subscriptions/259fbb24-9bcd-4cfc-865c-fc33b22fe38a/resourceGroups/CosmosDBResourceGroup5/providers/Microsoft.DocumentDB/databaseAccounts/testupdateregionpowershell1\",\r\n  \"name\": \"testupdateregionpowershell1\",\r\n  \"location\": \"East US\",\r\n  \"type\": \"Microsoft.DocumentDB/databaseAccounts\",\r\n  \"kind\": \"GlobalDocumentDB\",\r\n  \"tags\": {},\r\n  \"systemData\": {\r\n    \"createdAt\": \"2022-09-28T13:36:15.4987765Z\"\r\n  },\r\n  \"properties\": {\r\n    \"provisioningState\": \"Succeeded\",\r\n    \"documentEndpoint\": \"https://testupdateregionpowershell1.documents.azure.com:443/\",\r\n    \"publicNetworkAccess\": \"Enabled\",\r\n    \"enableAutomaticFailover\": true,\r\n    \"enableMultipleWriteLocations\": true,\r\n    \"enablePartitionKeyMonitor\": false,\r\n    \"isVirtualNetworkFilterEnabled\": false,\r\n    \"virtualNetworkRules\": [],\r\n    \"EnabledApiTypes\": \"Sql\",\r\n    \"disableKeyBasedMetadataWriteAccess\": false,\r\n    \"enableFreeTier\": false,\r\n    \"enableAnalyticalStorage\": false,\r\n    \"analyticalStorageConfiguration\": {\r\n      \"schemaType\": \"WellDefined\"\r\n    },\r\n    \"instanceId\": \"c485e3f4-1ad4-4a44-8caa-f1091d7d4514\",\r\n    \"databaseAccountOfferType\": \"Standard\",\r\n    \"defaultIdentity\": \"FirstPartyIdentity\",\r\n    \"networkAclBypass\": \"None\",\r\n    \"disableLocalAuth\": false,\r\n    \"enablePartitionMerge\": false,\r\n    \"consistencyPolicy\": {\r\n      \"defaultConsistencyLevel\": \"Session\",\r\n      \"maxIntervalInSeconds\": 5,\r\n      \"maxStalenessPrefix\": 100\r\n    },\r\n    \"configurationOverrides\": {},\r\n    \"writeLocations\": [\r\n      {\r\n        \"id\": \"testupdateregionpowershell1-eastus\",\r\n        \"locationName\": \"East US\",\r\n        \"documentEndpoint\": \"https://testupdateregionpowershell1-eastus.documents.azure.com:443/\",\r\n        \"provisioningState\": \"Succeeded\",\r\n        \"failoverPriority\": 0,\r\n        \"isZoneRedundant\": false\r\n      }\r\n    ],\r\n    \"readLocations\": [\r\n      {\r\n        \"id\": \"testupdateregionpowershell1-eastus\",\r\n        \"locationName\": \"East US\",\r\n        \"documentEndpoint\": \"https://testupdateregionpowershell1-eastus.documents.azure.com:443/\",\r\n        \"provisioningState\": \"Succeeded\",\r\n        \"failoverPriority\": 0,\r\n        \"isZoneRedundant\": false\r\n      }\r\n    ],\r\n    \"locations\": [\r\n      {\r\n        \"id\": \"testupdateregionpowershell1-eastus\",\r\n        \"locationName\": \"East US\",\r\n        \"documentEndpoint\": \"https://testupdateregionpowershell1-eastus.documents.azure.com:443/\",\r\n        \"provisioningState\": \"Succeeded\",\r\n        \"failoverPriority\": 0,\r\n        \"isZoneRedundant\": false\r\n      }\r\n    ],\r\n    \"failoverPolicies\": [\r\n      {\r\n        \"id\": \"testupdateregionpowershell1-eastus\",\r\n        \"locationName\": \"East US\",\r\n        \"failoverPriority\": 0\r\n      }\r\n    ],\r\n    \"cors\": [],\r\n    \"capabilities\": [],\r\n    \"ipRules\": [],\r\n    \"backupPolicy\": {\r\n      \"type\": \"Periodic\",\r\n      \"periodicModeProperties\": {\r\n        \"backupIntervalInMinutes\": 240,\r\n        \"backupRetentionIntervalInHours\": 8,\r\n        \"backupStorageRedundancy\": \"Geo\"\r\n      }\r\n    },\r\n    \"networkAclBypassResourceIds\": [],\r\n    \"diagnosticLogSettings\": {\r\n      \"enableFullTextQuery\": \"None\"\r\n    },\r\n    \"keysMetadata\": {\r\n      \"primaryMasterKey\": {\r\n        \"generationTime\": \"2022-09-28T13:36:15.4987765Z\"\r\n      },\r\n      \"secondaryMasterKey\": {\r\n        \"generationTime\": \"2022-09-28T13:36:15.4987765Z\"\r\n      },\r\n      \"primaryReadonlyMasterKey\": {\r\n        \"generationTime\": \"2022-09-28T13:36:15.4987765Z\"\r\n      },\r\n      \"secondaryReadonlyMasterKey\": {\r\n        \"generationTime\": \"2022-09-28T13:36:15.4987765Z\"\r\n      }\r\n    }\r\n  },\r\n  \"identity\": {\r\n    \"type\": \"None\"\r\n  }\r\n}",
      "StatusCode": 200
    },
    {
      "RequestUri": "/subscriptions/259fbb24-9bcd-4cfc-865c-fc33b22fe38a/resourceGroups/CosmosDBResourceGroup5/providers/Microsoft.DocumentDB/databaseAccounts/testupdateregionpowershell1?api-version=2022-08-15-preview",
      "EncodedRequestUri": "L3N1YnNjcmlwdGlvbnMvMjU5ZmJiMjQtOWJjZC00Y2ZjLTg2NWMtZmMzM2IyMmZlMzhhL3Jlc291cmNlR3JvdXBzL0Nvc21vc0RCUmVzb3VyY2VHcm91cDUvcHJvdmlkZXJzL01pY3Jvc29mdC5Eb2N1bWVudERCL2RhdGFiYXNlQWNjb3VudHMvdGVzdHVwZGF0ZXJlZ2lvbnBvd2Vyc2hlbGwxP2FwaS12ZXJzaW9uPTIwMjItMDgtMTUtcHJldmlldw==",
      "RequestMethod": "GET",
      "RequestHeaders": {
        "x-ms-client-request-id": [
          "d61bce70-dd20-49af-a508-e338bb496504"
        ],
        "User-Agent": [
          "FxVersion/4.700.22.41602",
          "OSName/Windows",
          "OSVersion/Microsoft.Windows.10.0.19044",
          "Microsoft.Azure.Management.CosmosDB.CosmosDBManagementClient/3.7.0.0"
        ]
      },
      "RequestBody": "",
      "ResponseHeaders": {
        "Cache-Control": [
          "no-store, no-cache"
        ],
        "Pragma": [
          "no-cache"
        ],
        "Strict-Transport-Security": [
          "max-age=31536000; includeSubDomains"
        ],
        "x-ms-gatewayversion": [
          "version=2.14.0"
        ],
        "Server": [
          "Microsoft-HTTPAPI/2.0"
        ],
        "x-ms-ratelimit-remaining-subscription-reads": [
          "11942"
        ],
        "x-ms-request-id": [
          "d1e07ee2-93e8-421b-ad37-3be562a04ce1"
        ],
        "x-ms-correlation-request-id": [
          "d1e07ee2-93e8-421b-ad37-3be562a04ce1"
        ],
        "x-ms-routing-request-id": [
          "EASTUS:20220928T133857Z:d1e07ee2-93e8-421b-ad37-3be562a04ce1"
        ],
        "X-Content-Type-Options": [
          "nosniff"
        ],
        "Date": [
          "Wed, 28 Sep 2022 13:38:56 GMT"
        ],
        "Content-Length": [
          "3517"
        ],
        "Content-Type": [
          "application/json"
        ]
      },
      "ResponseBody": "{\r\n  \"id\": \"/subscriptions/259fbb24-9bcd-4cfc-865c-fc33b22fe38a/resourceGroups/CosmosDBResourceGroup5/providers/Microsoft.DocumentDB/databaseAccounts/testupdateregionpowershell1\",\r\n  \"name\": \"testupdateregionpowershell1\",\r\n  \"location\": \"East US\",\r\n  \"type\": \"Microsoft.DocumentDB/databaseAccounts\",\r\n  \"kind\": \"GlobalDocumentDB\",\r\n  \"tags\": {},\r\n  \"systemData\": {\r\n    \"createdAt\": \"2022-09-28T13:36:15.4987765Z\"\r\n  },\r\n  \"properties\": {\r\n    \"provisioningState\": \"Succeeded\",\r\n    \"documentEndpoint\": \"https://testupdateregionpowershell1.documents.azure.com:443/\",\r\n    \"publicNetworkAccess\": \"Enabled\",\r\n    \"enableAutomaticFailover\": true,\r\n    \"enableMultipleWriteLocations\": true,\r\n    \"enablePartitionKeyMonitor\": false,\r\n    \"isVirtualNetworkFilterEnabled\": false,\r\n    \"virtualNetworkRules\": [],\r\n    \"EnabledApiTypes\": \"Sql\",\r\n    \"disableKeyBasedMetadataWriteAccess\": false,\r\n    \"enableFreeTier\": false,\r\n    \"enableAnalyticalStorage\": false,\r\n    \"analyticalStorageConfiguration\": {\r\n      \"schemaType\": \"WellDefined\"\r\n    },\r\n    \"instanceId\": \"c485e3f4-1ad4-4a44-8caa-f1091d7d4514\",\r\n    \"databaseAccountOfferType\": \"Standard\",\r\n    \"defaultIdentity\": \"FirstPartyIdentity\",\r\n    \"networkAclBypass\": \"None\",\r\n    \"disableLocalAuth\": false,\r\n    \"enablePartitionMerge\": false,\r\n    \"consistencyPolicy\": {\r\n      \"defaultConsistencyLevel\": \"Session\",\r\n      \"maxIntervalInSeconds\": 5,\r\n      \"maxStalenessPrefix\": 100\r\n    },\r\n    \"configurationOverrides\": {},\r\n    \"writeLocations\": [\r\n      {\r\n        \"id\": \"testupdateregionpowershell1-eastus\",\r\n        \"locationName\": \"East US\",\r\n        \"documentEndpoint\": \"https://testupdateregionpowershell1-eastus.documents.azure.com:443/\",\r\n        \"provisioningState\": \"Succeeded\",\r\n        \"failoverPriority\": 0,\r\n        \"isZoneRedundant\": false\r\n      },\r\n      {\r\n        \"id\": \"testupdateregionpowershell1-westus\",\r\n        \"locationName\": \"West US\",\r\n        \"documentEndpoint\": \"https://testupdateregionpowershell1-westus.documents.azure.com:443/\",\r\n        \"provisioningState\": \"Succeeded\",\r\n        \"failoverPriority\": 1,\r\n        \"isZoneRedundant\": false\r\n      }\r\n    ],\r\n    \"readLocations\": [\r\n      {\r\n        \"id\": \"testupdateregionpowershell1-eastus\",\r\n        \"locationName\": \"East US\",\r\n        \"documentEndpoint\": \"https://testupdateregionpowershell1-eastus.documents.azure.com:443/\",\r\n        \"provisioningState\": \"Succeeded\",\r\n        \"failoverPriority\": 0,\r\n        \"isZoneRedundant\": false\r\n      },\r\n      {\r\n        \"id\": \"testupdateregionpowershell1-westus\",\r\n        \"locationName\": \"West US\",\r\n        \"documentEndpoint\": \"https://testupdateregionpowershell1-westus.documents.azure.com:443/\",\r\n        \"provisioningState\": \"Succeeded\",\r\n        \"failoverPriority\": 1,\r\n        \"isZoneRedundant\": false\r\n      }\r\n    ],\r\n    \"locations\": [\r\n      {\r\n        \"id\": \"testupdateregionpowershell1-eastus\",\r\n        \"locationName\": \"East US\",\r\n        \"documentEndpoint\": \"https://testupdateregionpowershell1-eastus.documents.azure.com:443/\",\r\n        \"provisioningState\": \"Succeeded\",\r\n        \"failoverPriority\": 0,\r\n        \"isZoneRedundant\": false\r\n      },\r\n      {\r\n        \"id\": \"testupdateregionpowershell1-westus\",\r\n        \"locationName\": \"West US\",\r\n        \"documentEndpoint\": \"https://testupdateregionpowershell1-westus.documents.azure.com:443/\",\r\n        \"provisioningState\": \"Succeeded\",\r\n        \"failoverPriority\": 1,\r\n        \"isZoneRedundant\": false\r\n      }\r\n    ],\r\n    \"failoverPolicies\": [\r\n      {\r\n        \"id\": \"testupdateregionpowershell1-eastus\",\r\n        \"locationName\": \"East US\",\r\n        \"failoverPriority\": 0\r\n      },\r\n      {\r\n        \"id\": \"testupdateregionpowershell1-westus\",\r\n        \"locationName\": \"West US\",\r\n        \"failoverPriority\": 1\r\n      }\r\n    ],\r\n    \"cors\": [],\r\n    \"capabilities\": [],\r\n    \"ipRules\": [],\r\n    \"backupPolicy\": {\r\n      \"type\": \"Periodic\",\r\n      \"periodicModeProperties\": {\r\n        \"backupIntervalInMinutes\": 240,\r\n        \"backupRetentionIntervalInHours\": 8,\r\n        \"backupStorageRedundancy\": \"Geo\"\r\n      }\r\n    },\r\n    \"networkAclBypassResourceIds\": [],\r\n    \"diagnosticLogSettings\": {\r\n      \"enableFullTextQuery\": \"None\"\r\n    },\r\n    \"keysMetadata\": {\r\n      \"primaryMasterKey\": {\r\n        \"generationTime\": \"2022-09-28T13:36:15.4987765Z\"\r\n      },\r\n      \"secondaryMasterKey\": {\r\n        \"generationTime\": \"2022-09-28T13:36:15.4987765Z\"\r\n      },\r\n      \"primaryReadonlyMasterKey\": {\r\n        \"generationTime\": \"2022-09-28T13:36:15.4987765Z\"\r\n      },\r\n      \"secondaryReadonlyMasterKey\": {\r\n        \"generationTime\": \"2022-09-28T13:36:15.4987765Z\"\r\n      }\r\n    }\r\n  },\r\n  \"identity\": {\r\n    \"type\": \"None\"\r\n  }\r\n}",
      "StatusCode": 200
    },
    {
      "RequestUri": "/subscriptions/259fbb24-9bcd-4cfc-865c-fc33b22fe38a/resourceGroups/CosmosDBResourceGroup5/providers/Microsoft.DocumentDB/databaseAccounts/testupdateregionpowershell1?api-version=2022-08-15-preview",
      "EncodedRequestUri": "L3N1YnNjcmlwdGlvbnMvMjU5ZmJiMjQtOWJjZC00Y2ZjLTg2NWMtZmMzM2IyMmZlMzhhL3Jlc291cmNlR3JvdXBzL0Nvc21vc0RCUmVzb3VyY2VHcm91cDUvcHJvdmlkZXJzL01pY3Jvc29mdC5Eb2N1bWVudERCL2RhdGFiYXNlQWNjb3VudHMvdGVzdHVwZGF0ZXJlZ2lvbnBvd2Vyc2hlbGwxP2FwaS12ZXJzaW9uPTIwMjItMDgtMTUtcHJldmlldw==",
      "RequestMethod": "GET",
      "RequestHeaders": {
        "x-ms-client-request-id": [
          "d61bce70-dd20-49af-a508-e338bb496504"
        ],
        "Accept-Language": [
          "en-US"
        ],
        "User-Agent": [
          "FxVersion/4.700.22.41602",
          "OSName/Windows",
          "OSVersion/Microsoft.Windows.10.0.19044",
          "Microsoft.Azure.Management.CosmosDB.CosmosDBManagementClient/3.7.0.0"
        ]
      },
      "RequestBody": "",
      "ResponseHeaders": {
        "Cache-Control": [
          "no-store, no-cache"
        ],
        "Pragma": [
          "no-cache"
        ],
        "Strict-Transport-Security": [
          "max-age=31536000; includeSubDomains"
        ],
        "x-ms-gatewayversion": [
          "version=2.14.0"
        ],
        "Server": [
          "Microsoft-HTTPAPI/2.0"
        ],
        "x-ms-ratelimit-remaining-subscription-reads": [
          "11941"
        ],
        "x-ms-request-id": [
          "7e894298-f1cc-4790-979f-04aa37c051a0"
        ],
        "x-ms-correlation-request-id": [
          "7e894298-f1cc-4790-979f-04aa37c051a0"
        ],
        "x-ms-routing-request-id": [
          "EASTUS:20220928T133857Z:7e894298-f1cc-4790-979f-04aa37c051a0"
        ],
        "X-Content-Type-Options": [
          "nosniff"
        ],
        "Date": [
          "Wed, 28 Sep 2022 13:38:56 GMT"
        ],
        "Content-Length": [
          "3517"
        ],
        "Content-Type": [
          "application/json"
        ]
      },
      "ResponseBody": "{\r\n  \"id\": \"/subscriptions/259fbb24-9bcd-4cfc-865c-fc33b22fe38a/resourceGroups/CosmosDBResourceGroup5/providers/Microsoft.DocumentDB/databaseAccounts/testupdateregionpowershell1\",\r\n  \"name\": \"testupdateregionpowershell1\",\r\n  \"location\": \"East US\",\r\n  \"type\": \"Microsoft.DocumentDB/databaseAccounts\",\r\n  \"kind\": \"GlobalDocumentDB\",\r\n  \"tags\": {},\r\n  \"systemData\": {\r\n    \"createdAt\": \"2022-09-28T13:36:15.4987765Z\"\r\n  },\r\n  \"properties\": {\r\n    \"provisioningState\": \"Succeeded\",\r\n    \"documentEndpoint\": \"https://testupdateregionpowershell1.documents.azure.com:443/\",\r\n    \"publicNetworkAccess\": \"Enabled\",\r\n    \"enableAutomaticFailover\": true,\r\n    \"enableMultipleWriteLocations\": true,\r\n    \"enablePartitionKeyMonitor\": false,\r\n    \"isVirtualNetworkFilterEnabled\": false,\r\n    \"virtualNetworkRules\": [],\r\n    \"EnabledApiTypes\": \"Sql\",\r\n    \"disableKeyBasedMetadataWriteAccess\": false,\r\n    \"enableFreeTier\": false,\r\n    \"enableAnalyticalStorage\": false,\r\n    \"analyticalStorageConfiguration\": {\r\n      \"schemaType\": \"WellDefined\"\r\n    },\r\n    \"instanceId\": \"c485e3f4-1ad4-4a44-8caa-f1091d7d4514\",\r\n    \"databaseAccountOfferType\": \"Standard\",\r\n    \"defaultIdentity\": \"FirstPartyIdentity\",\r\n    \"networkAclBypass\": \"None\",\r\n    \"disableLocalAuth\": false,\r\n    \"enablePartitionMerge\": false,\r\n    \"consistencyPolicy\": {\r\n      \"defaultConsistencyLevel\": \"Session\",\r\n      \"maxIntervalInSeconds\": 5,\r\n      \"maxStalenessPrefix\": 100\r\n    },\r\n    \"configurationOverrides\": {},\r\n    \"writeLocations\": [\r\n      {\r\n        \"id\": \"testupdateregionpowershell1-eastus\",\r\n        \"locationName\": \"East US\",\r\n        \"documentEndpoint\": \"https://testupdateregionpowershell1-eastus.documents.azure.com:443/\",\r\n        \"provisioningState\": \"Succeeded\",\r\n        \"failoverPriority\": 0,\r\n        \"isZoneRedundant\": false\r\n      },\r\n      {\r\n        \"id\": \"testupdateregionpowershell1-westus\",\r\n        \"locationName\": \"West US\",\r\n        \"documentEndpoint\": \"https://testupdateregionpowershell1-westus.documents.azure.com:443/\",\r\n        \"provisioningState\": \"Succeeded\",\r\n        \"failoverPriority\": 1,\r\n        \"isZoneRedundant\": false\r\n      }\r\n    ],\r\n    \"readLocations\": [\r\n      {\r\n        \"id\": \"testupdateregionpowershell1-eastus\",\r\n        \"locationName\": \"East US\",\r\n        \"documentEndpoint\": \"https://testupdateregionpowershell1-eastus.documents.azure.com:443/\",\r\n        \"provisioningState\": \"Succeeded\",\r\n        \"failoverPriority\": 0,\r\n        \"isZoneRedundant\": false\r\n      },\r\n      {\r\n        \"id\": \"testupdateregionpowershell1-westus\",\r\n        \"locationName\": \"West US\",\r\n        \"documentEndpoint\": \"https://testupdateregionpowershell1-westus.documents.azure.com:443/\",\r\n        \"provisioningState\": \"Succeeded\",\r\n        \"failoverPriority\": 1,\r\n        \"isZoneRedundant\": false\r\n      }\r\n    ],\r\n    \"locations\": [\r\n      {\r\n        \"id\": \"testupdateregionpowershell1-eastus\",\r\n        \"locationName\": \"East US\",\r\n        \"documentEndpoint\": \"https://testupdateregionpowershell1-eastus.documents.azure.com:443/\",\r\n        \"provisioningState\": \"Succeeded\",\r\n        \"failoverPriority\": 0,\r\n        \"isZoneRedundant\": false\r\n      },\r\n      {\r\n        \"id\": \"testupdateregionpowershell1-westus\",\r\n        \"locationName\": \"West US\",\r\n        \"documentEndpoint\": \"https://testupdateregionpowershell1-westus.documents.azure.com:443/\",\r\n        \"provisioningState\": \"Succeeded\",\r\n        \"failoverPriority\": 1,\r\n        \"isZoneRedundant\": false\r\n      }\r\n    ],\r\n    \"failoverPolicies\": [\r\n      {\r\n        \"id\": \"testupdateregionpowershell1-eastus\",\r\n        \"locationName\": \"East US\",\r\n        \"failoverPriority\": 0\r\n      },\r\n      {\r\n        \"id\": \"testupdateregionpowershell1-westus\",\r\n        \"locationName\": \"West US\",\r\n        \"failoverPriority\": 1\r\n      }\r\n    ],\r\n    \"cors\": [],\r\n    \"capabilities\": [],\r\n    \"ipRules\": [],\r\n    \"backupPolicy\": {\r\n      \"type\": \"Periodic\",\r\n      \"periodicModeProperties\": {\r\n        \"backupIntervalInMinutes\": 240,\r\n        \"backupRetentionIntervalInHours\": 8,\r\n        \"backupStorageRedundancy\": \"Geo\"\r\n      }\r\n    },\r\n    \"networkAclBypassResourceIds\": [],\r\n    \"diagnosticLogSettings\": {\r\n      \"enableFullTextQuery\": \"None\"\r\n    },\r\n    \"keysMetadata\": {\r\n      \"primaryMasterKey\": {\r\n        \"generationTime\": \"2022-09-28T13:36:15.4987765Z\"\r\n      },\r\n      \"secondaryMasterKey\": {\r\n        \"generationTime\": \"2022-09-28T13:36:15.4987765Z\"\r\n      },\r\n      \"primaryReadonlyMasterKey\": {\r\n        \"generationTime\": \"2022-09-28T13:36:15.4987765Z\"\r\n      },\r\n      \"secondaryReadonlyMasterKey\": {\r\n        \"generationTime\": \"2022-09-28T13:36:15.4987765Z\"\r\n      }\r\n    }\r\n  },\r\n  \"identity\": {\r\n    \"type\": \"None\"\r\n  }\r\n}",
      "StatusCode": 200
    },
    {
      "RequestUri": "/subscriptions/259fbb24-9bcd-4cfc-865c-fc33b22fe38a/resourceGroups/CosmosDBResourceGroup5/providers/Microsoft.DocumentDB/databaseAccounts/testupdateregionpowershell1?api-version=2022-08-15-preview",
      "EncodedRequestUri": "L3N1YnNjcmlwdGlvbnMvMjU5ZmJiMjQtOWJjZC00Y2ZjLTg2NWMtZmMzM2IyMmZlMzhhL3Jlc291cmNlR3JvdXBzL0Nvc21vc0RCUmVzb3VyY2VHcm91cDUvcHJvdmlkZXJzL01pY3Jvc29mdC5Eb2N1bWVudERCL2RhdGFiYXNlQWNjb3VudHMvdGVzdHVwZGF0ZXJlZ2lvbnBvd2Vyc2hlbGwxP2FwaS12ZXJzaW9uPTIwMjItMDgtMTUtcHJldmlldw==",
      "RequestMethod": "GET",
      "RequestHeaders": {
        "x-ms-client-request-id": [
          "50abdb0c-ed4d-4568-8900-6f7801015cf9"
        ],
        "Accept-Language": [
          "en-US"
        ],
        "User-Agent": [
          "FxVersion/4.700.22.41602",
          "OSName/Windows",
          "OSVersion/Microsoft.Windows.10.0.19044",
          "Microsoft.Azure.Management.CosmosDB.CosmosDBManagementClient/3.7.0.0"
        ]
      },
      "RequestBody": "",
      "ResponseHeaders": {
        "Cache-Control": [
          "no-store, no-cache"
        ],
        "Pragma": [
          "no-cache"
        ],
        "Strict-Transport-Security": [
          "max-age=31536000; includeSubDomains"
        ],
        "x-ms-gatewayversion": [
          "version=2.14.0"
        ],
        "Server": [
          "Microsoft-HTTPAPI/2.0"
        ],
        "x-ms-ratelimit-remaining-subscription-reads": [
          "11974"
        ],
        "x-ms-request-id": [
          "603f54fd-28b2-4ca7-a8ec-cf0737046e28"
        ],
        "x-ms-correlation-request-id": [
          "603f54fd-28b2-4ca7-a8ec-cf0737046e28"
        ],
        "x-ms-routing-request-id": [
          "EASTUS:20220928T133857Z:603f54fd-28b2-4ca7-a8ec-cf0737046e28"
        ],
        "X-Content-Type-Options": [
          "nosniff"
        ],
        "Date": [
          "Wed, 28 Sep 2022 13:38:56 GMT"
        ],
        "Content-Length": [
          "3517"
        ],
        "Content-Type": [
          "application/json"
        ]
      },
      "ResponseBody": "{\r\n  \"id\": \"/subscriptions/259fbb24-9bcd-4cfc-865c-fc33b22fe38a/resourceGroups/CosmosDBResourceGroup5/providers/Microsoft.DocumentDB/databaseAccounts/testupdateregionpowershell1\",\r\n  \"name\": \"testupdateregionpowershell1\",\r\n  \"location\": \"East US\",\r\n  \"type\": \"Microsoft.DocumentDB/databaseAccounts\",\r\n  \"kind\": \"GlobalDocumentDB\",\r\n  \"tags\": {},\r\n  \"systemData\": {\r\n    \"createdAt\": \"2022-09-28T13:36:15.4987765Z\"\r\n  },\r\n  \"properties\": {\r\n    \"provisioningState\": \"Succeeded\",\r\n    \"documentEndpoint\": \"https://testupdateregionpowershell1.documents.azure.com:443/\",\r\n    \"publicNetworkAccess\": \"Enabled\",\r\n    \"enableAutomaticFailover\": true,\r\n    \"enableMultipleWriteLocations\": true,\r\n    \"enablePartitionKeyMonitor\": false,\r\n    \"isVirtualNetworkFilterEnabled\": false,\r\n    \"virtualNetworkRules\": [],\r\n    \"EnabledApiTypes\": \"Sql\",\r\n    \"disableKeyBasedMetadataWriteAccess\": false,\r\n    \"enableFreeTier\": false,\r\n    \"enableAnalyticalStorage\": false,\r\n    \"analyticalStorageConfiguration\": {\r\n      \"schemaType\": \"WellDefined\"\r\n    },\r\n    \"instanceId\": \"c485e3f4-1ad4-4a44-8caa-f1091d7d4514\",\r\n    \"databaseAccountOfferType\": \"Standard\",\r\n    \"defaultIdentity\": \"FirstPartyIdentity\",\r\n    \"networkAclBypass\": \"None\",\r\n    \"disableLocalAuth\": false,\r\n    \"enablePartitionMerge\": false,\r\n    \"consistencyPolicy\": {\r\n      \"defaultConsistencyLevel\": \"Session\",\r\n      \"maxIntervalInSeconds\": 5,\r\n      \"maxStalenessPrefix\": 100\r\n    },\r\n    \"configurationOverrides\": {},\r\n    \"writeLocations\": [\r\n      {\r\n        \"id\": \"testupdateregionpowershell1-eastus\",\r\n        \"locationName\": \"East US\",\r\n        \"documentEndpoint\": \"https://testupdateregionpowershell1-eastus.documents.azure.com:443/\",\r\n        \"provisioningState\": \"Succeeded\",\r\n        \"failoverPriority\": 0,\r\n        \"isZoneRedundant\": false\r\n      },\r\n      {\r\n        \"id\": \"testupdateregionpowershell1-westus\",\r\n        \"locationName\": \"West US\",\r\n        \"documentEndpoint\": \"https://testupdateregionpowershell1-westus.documents.azure.com:443/\",\r\n        \"provisioningState\": \"Succeeded\",\r\n        \"failoverPriority\": 1,\r\n        \"isZoneRedundant\": false\r\n      }\r\n    ],\r\n    \"readLocations\": [\r\n      {\r\n        \"id\": \"testupdateregionpowershell1-eastus\",\r\n        \"locationName\": \"East US\",\r\n        \"documentEndpoint\": \"https://testupdateregionpowershell1-eastus.documents.azure.com:443/\",\r\n        \"provisioningState\": \"Succeeded\",\r\n        \"failoverPriority\": 0,\r\n        \"isZoneRedundant\": false\r\n      },\r\n      {\r\n        \"id\": \"testupdateregionpowershell1-westus\",\r\n        \"locationName\": \"West US\",\r\n        \"documentEndpoint\": \"https://testupdateregionpowershell1-westus.documents.azure.com:443/\",\r\n        \"provisioningState\": \"Succeeded\",\r\n        \"failoverPriority\": 1,\r\n        \"isZoneRedundant\": false\r\n      }\r\n    ],\r\n    \"locations\": [\r\n      {\r\n        \"id\": \"testupdateregionpowershell1-eastus\",\r\n        \"locationName\": \"East US\",\r\n        \"documentEndpoint\": \"https://testupdateregionpowershell1-eastus.documents.azure.com:443/\",\r\n        \"provisioningState\": \"Succeeded\",\r\n        \"failoverPriority\": 0,\r\n        \"isZoneRedundant\": false\r\n      },\r\n      {\r\n        \"id\": \"testupdateregionpowershell1-westus\",\r\n        \"locationName\": \"West US\",\r\n        \"documentEndpoint\": \"https://testupdateregionpowershell1-westus.documents.azure.com:443/\",\r\n        \"provisioningState\": \"Succeeded\",\r\n        \"failoverPriority\": 1,\r\n        \"isZoneRedundant\": false\r\n      }\r\n    ],\r\n    \"failoverPolicies\": [\r\n      {\r\n        \"id\": \"testupdateregionpowershell1-eastus\",\r\n        \"locationName\": \"East US\",\r\n        \"failoverPriority\": 0\r\n      },\r\n      {\r\n        \"id\": \"testupdateregionpowershell1-westus\",\r\n        \"locationName\": \"West US\",\r\n        \"failoverPriority\": 1\r\n      }\r\n    ],\r\n    \"cors\": [],\r\n    \"capabilities\": [],\r\n    \"ipRules\": [],\r\n    \"backupPolicy\": {\r\n      \"type\": \"Periodic\",\r\n      \"periodicModeProperties\": {\r\n        \"backupIntervalInMinutes\": 240,\r\n        \"backupRetentionIntervalInHours\": 8,\r\n        \"backupStorageRedundancy\": \"Geo\"\r\n      }\r\n    },\r\n    \"networkAclBypassResourceIds\": [],\r\n    \"diagnosticLogSettings\": {\r\n      \"enableFullTextQuery\": \"None\"\r\n    },\r\n    \"keysMetadata\": {\r\n      \"primaryMasterKey\": {\r\n        \"generationTime\": \"2022-09-28T13:36:15.4987765Z\"\r\n      },\r\n      \"secondaryMasterKey\": {\r\n        \"generationTime\": \"2022-09-28T13:36:15.4987765Z\"\r\n      },\r\n      \"primaryReadonlyMasterKey\": {\r\n        \"generationTime\": \"2022-09-28T13:36:15.4987765Z\"\r\n      },\r\n      \"secondaryReadonlyMasterKey\": {\r\n        \"generationTime\": \"2022-09-28T13:36:15.4987765Z\"\r\n      }\r\n    }\r\n  },\r\n  \"identity\": {\r\n    \"type\": \"None\"\r\n  }\r\n}",
      "StatusCode": 200
    },
    {
      "RequestUri": "/subscriptions/259fbb24-9bcd-4cfc-865c-fc33b22fe38a/resourceGroups/CosmosDBResourceGroup5/providers/Microsoft.DocumentDB/databaseAccounts/testupdateregionpowershell1?api-version=2022-08-15-preview",
      "EncodedRequestUri": "L3N1YnNjcmlwdGlvbnMvMjU5ZmJiMjQtOWJjZC00Y2ZjLTg2NWMtZmMzM2IyMmZlMzhhL3Jlc291cmNlR3JvdXBzL0Nvc21vc0RCUmVzb3VyY2VHcm91cDUvcHJvdmlkZXJzL01pY3Jvc29mdC5Eb2N1bWVudERCL2RhdGFiYXNlQWNjb3VudHMvdGVzdHVwZGF0ZXJlZ2lvbnBvd2Vyc2hlbGwxP2FwaS12ZXJzaW9uPTIwMjItMDgtMTUtcHJldmlldw==",
      "RequestMethod": "PUT",
      "RequestHeaders": {
        "x-ms-client-request-id": [
          "35699b46-c846-441f-9990-f074f3cfd3f7"
        ],
        "Accept-Language": [
          "en-US"
        ],
        "User-Agent": [
          "FxVersion/4.700.22.41602",
          "OSName/Windows",
          "OSVersion/Microsoft.Windows.10.0.19044",
          "Microsoft.Azure.Management.CosmosDB.CosmosDBManagementClient/3.7.0.0"
        ],
        "Content-Type": [
          "application/json; charset=utf-8"
        ],
        "Content-Length": [
          "585"
        ]
      },
      "RequestBody": "{\r\n  \"kind\": \"GlobalDocumentDB\",\r\n  \"properties\": {\r\n    \"consistencyPolicy\": {\r\n      \"defaultConsistencyLevel\": \"Session\"\r\n    },\r\n    \"locations\": [\r\n      {\r\n        \"locationName\": \"East US\",\r\n        \"failoverPriority\": 0\r\n      }\r\n    ],\r\n    \"isVirtualNetworkFilterEnabled\": false,\r\n    \"enableAutomaticFailover\": true,\r\n    \"virtualNetworkRules\": [],\r\n    \"enableMultipleWriteLocations\": true,\r\n    \"disableKeyBasedMetadataWriteAccess\": false,\r\n    \"networkAclBypassResourceIds\": [],\r\n    \"databaseAccountOfferType\": \"Standard\"\r\n  },\r\n  \"location\": \"East US\",\r\n  \"tags\": {}\r\n}",
      "ResponseHeaders": {
        "Cache-Control": [
          "no-store, no-cache"
        ],
        "Pragma": [
          "no-cache"
        ],
        "Location": [
          "https://management.azure.com/subscriptions/259fbb24-9bcd-4cfc-865c-fc33b22fe38a/resourceGroups/CosmosDBResourceGroup5/providers/Microsoft.DocumentDB/databaseAccounts/testupdateregionpowershell1/operationResults/a7ac271f-6b4e-42bc-a264-ce6dc092601f?api-version=2022-08-15-preview"
        ],
        "x-ms-request-id": [
          "a7ac271f-6b4e-42bc-a264-ce6dc092601f"
        ],
        "Azure-AsyncOperation": [
          "https://management.azure.com/subscriptions/259fbb24-9bcd-4cfc-865c-fc33b22fe38a/providers/Microsoft.DocumentDB/locations/eastus/operationsStatus/a7ac271f-6b4e-42bc-a264-ce6dc092601f?api-version=2022-08-15-preview"
        ],
        "Strict-Transport-Security": [
          "max-age=31536000; includeSubDomains"
        ],
        "x-ms-gatewayversion": [
          "version=2.14.0"
        ],
        "Server": [
          "Microsoft-HTTPAPI/2.0"
        ],
        "x-ms-ratelimit-remaining-subscription-writes": [
          "1199"
        ],
        "x-ms-correlation-request-id": [
          "a9399cbb-0f0d-4ff5-a81d-581a0db7588c"
        ],
        "x-ms-routing-request-id": [
          "EASTUS:20220928T133454Z:a9399cbb-0f0d-4ff5-a81d-581a0db7588c"
        ],
        "X-Content-Type-Options": [
          "nosniff"
        ],
        "Date": [
          "Wed, 28 Sep 2022 13:34:53 GMT"
        ],
        "Content-Length": [
          "2355"
        ],
        "Content-Type": [
          "application/json"
        ]
      },
      "ResponseBody": "{\r\n  \"id\": \"/subscriptions/259fbb24-9bcd-4cfc-865c-fc33b22fe38a/resourceGroups/CosmosDBResourceGroup5/providers/Microsoft.DocumentDB/databaseAccounts/testupdateregionpowershell1\",\r\n  \"name\": \"testupdateregionpowershell1\",\r\n  \"location\": \"East US\",\r\n  \"type\": \"Microsoft.DocumentDB/databaseAccounts\",\r\n  \"kind\": \"GlobalDocumentDB\",\r\n  \"tags\": {},\r\n  \"systemData\": {\r\n    \"createdAt\": \"2022-09-28T13:34:52.9435544Z\"\r\n  },\r\n  \"properties\": {\r\n    \"provisioningState\": \"Creating\",\r\n    \"publicNetworkAccess\": \"Enabled\",\r\n    \"enableAutomaticFailover\": true,\r\n    \"enableMultipleWriteLocations\": true,\r\n    \"enablePartitionKeyMonitor\": false,\r\n    \"isVirtualNetworkFilterEnabled\": false,\r\n    \"virtualNetworkRules\": [],\r\n    \"EnabledApiTypes\": \"Sql\",\r\n    \"disableKeyBasedMetadataWriteAccess\": false,\r\n    \"enableFreeTier\": false,\r\n    \"enableAnalyticalStorage\": false,\r\n    \"analyticalStorageConfiguration\": {\r\n      \"schemaType\": \"WellDefined\"\r\n    },\r\n    \"instanceId\": \"c485e3f4-1ad4-4a44-8caa-f1091d7d4514\",\r\n    \"databaseAccountOfferType\": \"Standard\",\r\n    \"defaultIdentity\": \"\",\r\n    \"networkAclBypass\": \"None\",\r\n    \"disableLocalAuth\": false,\r\n    \"enablePartitionMerge\": false,\r\n    \"consistencyPolicy\": {\r\n      \"defaultConsistencyLevel\": \"Session\",\r\n      \"maxIntervalInSeconds\": 5,\r\n      \"maxStalenessPrefix\": 100\r\n    },\r\n    \"configurationOverrides\": {},\r\n    \"writeLocations\": [\r\n      {\r\n        \"id\": \"testupdateregionpowershell1-eastus\",\r\n        \"locationName\": \"East US\",\r\n        \"provisioningState\": \"Creating\",\r\n        \"failoverPriority\": 0,\r\n        \"isZoneRedundant\": false\r\n      }\r\n    ],\r\n    \"readLocations\": [\r\n      {\r\n        \"id\": \"testupdateregionpowershell1-eastus\",\r\n        \"locationName\": \"East US\",\r\n        \"provisioningState\": \"Creating\",\r\n        \"failoverPriority\": 0,\r\n        \"isZoneRedundant\": false\r\n      }\r\n    ],\r\n    \"locations\": [\r\n      {\r\n        \"id\": \"testupdateregionpowershell1-eastus\",\r\n        \"locationName\": \"East US\",\r\n        \"provisioningState\": \"Creating\",\r\n        \"failoverPriority\": 0,\r\n        \"isZoneRedundant\": false\r\n      }\r\n    ],\r\n    \"failoverPolicies\": [\r\n      {\r\n        \"id\": \"testupdateregionpowershell1-eastus\",\r\n        \"locationName\": \"East US\",\r\n        \"failoverPriority\": 0\r\n      }\r\n    ],\r\n    \"cors\": [],\r\n    \"capabilities\": [],\r\n    \"ipRules\": [],\r\n    \"backupPolicy\": {\r\n      \"type\": \"Periodic\",\r\n      \"periodicModeProperties\": {\r\n        \"backupIntervalInMinutes\": 240,\r\n        \"backupRetentionIntervalInHours\": 8,\r\n        \"backupStorageRedundancy\": \"Invalid\"\r\n      }\r\n    },\r\n    \"networkAclBypassResourceIds\": [],\r\n    \"diagnosticLogSettings\": {\r\n      \"enableFullTextQuery\": \"None\"\r\n    },\r\n    \"keysMetadata\": {\r\n      \"primaryMasterKey\": {\r\n        \"generationTime\": \"2022-09-28T13:34:52.9435544Z\"\r\n      },\r\n      \"secondaryMasterKey\": {\r\n        \"generationTime\": \"2022-09-28T13:34:52.9435544Z\"\r\n      },\r\n      \"primaryReadonlyMasterKey\": {\r\n        \"generationTime\": \"2022-09-28T13:34:52.9435544Z\"\r\n      },\r\n      \"secondaryReadonlyMasterKey\": {\r\n        \"generationTime\": \"2022-09-28T13:34:52.9435544Z\"\r\n      }\r\n    }\r\n  },\r\n  \"identity\": {\r\n    \"type\": \"None\"\r\n  }\r\n}",
      "StatusCode": 200
    },
    {
      "RequestUri": "/subscriptions/259fbb24-9bcd-4cfc-865c-fc33b22fe38a/providers/Microsoft.DocumentDB/locations/eastus/operationsStatus/a7ac271f-6b4e-42bc-a264-ce6dc092601f?api-version=2022-08-15-preview",
      "EncodedRequestUri": "L3N1YnNjcmlwdGlvbnMvMjU5ZmJiMjQtOWJjZC00Y2ZjLTg2NWMtZmMzM2IyMmZlMzhhL3Byb3ZpZGVycy9NaWNyb3NvZnQuRG9jdW1lbnREQi9sb2NhdGlvbnMvZWFzdHVzL29wZXJhdGlvbnNTdGF0dXMvYTdhYzI3MWYtNmI0ZS00MmJjLWEyNjQtY2U2ZGMwOTI2MDFmP2FwaS12ZXJzaW9uPTIwMjItMDgtMTUtcHJldmlldw==",
      "RequestMethod": "GET",
      "RequestHeaders": {
        "x-ms-client-request-id": [
          "35699b46-c846-441f-9990-f074f3cfd3f7"
        ],
        "User-Agent": [
          "FxVersion/4.700.22.41602",
          "OSName/Windows",
          "OSVersion/Microsoft.Windows.10.0.19044",
          "Microsoft.Azure.Management.CosmosDB.CosmosDBManagementClient/3.7.0.0"
        ]
      },
      "RequestBody": "",
      "ResponseHeaders": {
        "Cache-Control": [
          "no-store, no-cache"
        ],
        "Pragma": [
          "no-cache"
        ],
        "Strict-Transport-Security": [
          "max-age=31536000; includeSubDomains"
        ],
        "x-ms-gatewayversion": [
          "version=2.14.0"
        ],
        "Server": [
          "Microsoft-HTTPAPI/2.0"
        ],
        "x-ms-ratelimit-remaining-subscription-reads": [
          "11998"
        ],
        "x-ms-request-id": [
          "aeccff84-58a0-48b2-a7c5-a199910927a8"
        ],
        "x-ms-correlation-request-id": [
          "aeccff84-58a0-48b2-a7c5-a199910927a8"
        ],
        "x-ms-routing-request-id": [
          "EASTUS:20220928T133524Z:aeccff84-58a0-48b2-a7c5-a199910927a8"
        ],
        "X-Content-Type-Options": [
          "nosniff"
        ],
        "Date": [
          "Wed, 28 Sep 2022 13:35:24 GMT"
        ],
        "Content-Length": [
          "21"
        ],
        "Content-Type": [
          "application/json"
        ]
      },
      "ResponseBody": "{\r\n  \"status\": \"Dequeued\"\r\n}",
      "StatusCode": 200
    },
    {
      "RequestUri": "/subscriptions/259fbb24-9bcd-4cfc-865c-fc33b22fe38a/providers/Microsoft.DocumentDB/locations/eastus/operationsStatus/a7ac271f-6b4e-42bc-a264-ce6dc092601f?api-version=2022-08-15-preview",
      "EncodedRequestUri": "L3N1YnNjcmlwdGlvbnMvMjU5ZmJiMjQtOWJjZC00Y2ZjLTg2NWMtZmMzM2IyMmZlMzhhL3Byb3ZpZGVycy9NaWNyb3NvZnQuRG9jdW1lbnREQi9sb2NhdGlvbnMvZWFzdHVzL29wZXJhdGlvbnNTdGF0dXMvYTdhYzI3MWYtNmI0ZS00MmJjLWEyNjQtY2U2ZGMwOTI2MDFmP2FwaS12ZXJzaW9uPTIwMjItMDgtMTUtcHJldmlldw==",
      "RequestMethod": "GET",
      "RequestHeaders": {
        "x-ms-client-request-id": [
          "35699b46-c846-441f-9990-f074f3cfd3f7"
        ],
        "User-Agent": [
          "FxVersion/4.700.22.41602",
          "OSName/Windows",
          "OSVersion/Microsoft.Windows.10.0.19044",
          "Microsoft.Azure.Management.CosmosDB.CosmosDBManagementClient/3.7.0.0"
        ]
      },
      "RequestBody": "",
      "ResponseHeaders": {
        "Cache-Control": [
          "no-store, no-cache"
        ],
        "Pragma": [
          "no-cache"
        ],
        "Strict-Transport-Security": [
          "max-age=31536000; includeSubDomains"
        ],
        "x-ms-gatewayversion": [
          "version=2.14.0"
        ],
        "Server": [
          "Microsoft-HTTPAPI/2.0"
        ],
        "x-ms-ratelimit-remaining-subscription-reads": [
          "11997"
        ],
        "x-ms-request-id": [
          "1af46e2d-bdad-463a-95bb-cd365dd0f13d"
        ],
        "x-ms-correlation-request-id": [
          "1af46e2d-bdad-463a-95bb-cd365dd0f13d"
        ],
        "x-ms-routing-request-id": [
          "EASTUS:20220928T133554Z:1af46e2d-bdad-463a-95bb-cd365dd0f13d"
        ],
        "X-Content-Type-Options": [
          "nosniff"
        ],
        "Date": [
          "Wed, 28 Sep 2022 13:35:54 GMT"
        ],
        "Content-Length": [
          "21"
        ],
        "Content-Type": [
          "application/json"
        ]
      },
      "ResponseBody": "{\r\n  \"status\": \"Dequeued\"\r\n}",
      "StatusCode": 200
    },
    {
      "RequestUri": "/subscriptions/259fbb24-9bcd-4cfc-865c-fc33b22fe38a/providers/Microsoft.DocumentDB/locations/eastus/operationsStatus/a7ac271f-6b4e-42bc-a264-ce6dc092601f?api-version=2022-08-15-preview",
      "EncodedRequestUri": "L3N1YnNjcmlwdGlvbnMvMjU5ZmJiMjQtOWJjZC00Y2ZjLTg2NWMtZmMzM2IyMmZlMzhhL3Byb3ZpZGVycy9NaWNyb3NvZnQuRG9jdW1lbnREQi9sb2NhdGlvbnMvZWFzdHVzL29wZXJhdGlvbnNTdGF0dXMvYTdhYzI3MWYtNmI0ZS00MmJjLWEyNjQtY2U2ZGMwOTI2MDFmP2FwaS12ZXJzaW9uPTIwMjItMDgtMTUtcHJldmlldw==",
      "RequestMethod": "GET",
      "RequestHeaders": {
        "x-ms-client-request-id": [
          "35699b46-c846-441f-9990-f074f3cfd3f7"
        ],
        "User-Agent": [
          "FxVersion/4.700.22.41602",
          "OSName/Windows",
          "OSVersion/Microsoft.Windows.10.0.19044",
          "Microsoft.Azure.Management.CosmosDB.CosmosDBManagementClient/3.7.0.0"
        ]
      },
      "RequestBody": "",
      "ResponseHeaders": {
        "Cache-Control": [
          "no-store, no-cache"
        ],
        "Pragma": [
          "no-cache"
        ],
        "Strict-Transport-Security": [
          "max-age=31536000; includeSubDomains"
        ],
        "x-ms-gatewayversion": [
          "version=2.14.0"
        ],
        "Server": [
          "Microsoft-HTTPAPI/2.0"
        ],
        "x-ms-ratelimit-remaining-subscription-reads": [
          "11996"
        ],
        "x-ms-request-id": [
          "f5dd73e8-bfae-4ea2-acd9-7f7fe952a9ec"
        ],
        "x-ms-correlation-request-id": [
          "f5dd73e8-bfae-4ea2-acd9-7f7fe952a9ec"
        ],
        "x-ms-routing-request-id": [
          "EASTUS:20220928T133624Z:f5dd73e8-bfae-4ea2-acd9-7f7fe952a9ec"
        ],
        "X-Content-Type-Options": [
          "nosniff"
        ],
        "Date": [
          "Wed, 28 Sep 2022 13:36:24 GMT"
        ],
        "Content-Length": [
          "21"
        ],
        "Content-Type": [
          "application/json"
        ]
      },
      "ResponseBody": "{\r\n  \"status\": \"Dequeued\"\r\n}",
      "StatusCode": 200
    },
    {
      "RequestUri": "/subscriptions/259fbb24-9bcd-4cfc-865c-fc33b22fe38a/providers/Microsoft.DocumentDB/locations/eastus/operationsStatus/a7ac271f-6b4e-42bc-a264-ce6dc092601f?api-version=2022-08-15-preview",
      "EncodedRequestUri": "L3N1YnNjcmlwdGlvbnMvMjU5ZmJiMjQtOWJjZC00Y2ZjLTg2NWMtZmMzM2IyMmZlMzhhL3Byb3ZpZGVycy9NaWNyb3NvZnQuRG9jdW1lbnREQi9sb2NhdGlvbnMvZWFzdHVzL29wZXJhdGlvbnNTdGF0dXMvYTdhYzI3MWYtNmI0ZS00MmJjLWEyNjQtY2U2ZGMwOTI2MDFmP2FwaS12ZXJzaW9uPTIwMjItMDgtMTUtcHJldmlldw==",
      "RequestMethod": "GET",
      "RequestHeaders": {
        "x-ms-client-request-id": [
          "35699b46-c846-441f-9990-f074f3cfd3f7"
        ],
        "User-Agent": [
          "FxVersion/4.700.22.41602",
          "OSName/Windows",
          "OSVersion/Microsoft.Windows.10.0.19044",
          "Microsoft.Azure.Management.CosmosDB.CosmosDBManagementClient/3.7.0.0"
        ]
      },
      "RequestBody": "",
      "ResponseHeaders": {
        "Cache-Control": [
          "no-store, no-cache"
        ],
        "Pragma": [
          "no-cache"
        ],
        "Strict-Transport-Security": [
          "max-age=31536000; includeSubDomains"
        ],
        "x-ms-gatewayversion": [
          "version=2.14.0"
        ],
        "Server": [
          "Microsoft-HTTPAPI/2.0"
        ],
        "x-ms-ratelimit-remaining-subscription-reads": [
          "11995"
        ],
        "x-ms-request-id": [
          "60c4ca88-bfbe-421e-838a-77bcfd33e46f"
        ],
        "x-ms-correlation-request-id": [
          "60c4ca88-bfbe-421e-838a-77bcfd33e46f"
        ],
        "x-ms-routing-request-id": [
          "EASTUS:20220928T133654Z:60c4ca88-bfbe-421e-838a-77bcfd33e46f"
        ],
        "X-Content-Type-Options": [
          "nosniff"
        ],
        "Date": [
          "Wed, 28 Sep 2022 13:36:54 GMT"
        ],
        "Content-Length": [
          "22"
        ],
        "Content-Type": [
          "application/json"
        ]
      },
      "ResponseBody": "{\r\n  \"status\": \"Succeeded\"\r\n}",
      "StatusCode": 200
    },
    {
      "RequestUri": "/subscriptions/259fbb24-9bcd-4cfc-865c-fc33b22fe38a/resourceGroups/CosmosDBResourceGroup5/providers/Microsoft.DocumentDB/databaseAccounts/testupdateregionpowershell1?api-version=2022-08-15-preview",
      "EncodedRequestUri": "L3N1YnNjcmlwdGlvbnMvMjU5ZmJiMjQtOWJjZC00Y2ZjLTg2NWMtZmMzM2IyMmZlMzhhL3Jlc291cmNlR3JvdXBzL0Nvc21vc0RCUmVzb3VyY2VHcm91cDUvcHJvdmlkZXJzL01pY3Jvc29mdC5Eb2N1bWVudERCL2RhdGFiYXNlQWNjb3VudHMvdGVzdHVwZGF0ZXJlZ2lvbnBvd2Vyc2hlbGwxP2FwaS12ZXJzaW9uPTIwMjItMDgtMTUtcHJldmlldw==",
      "RequestMethod": "PATCH",
      "RequestHeaders": {
        "x-ms-client-request-id": [
          "d61bce70-dd20-49af-a508-e338bb496504"
        ],
        "Accept-Language": [
          "en-US"
        ],
        "User-Agent": [
          "FxVersion/4.700.22.41602",
          "OSName/Windows",
          "OSVersion/Microsoft.Windows.10.0.19044",
          "Microsoft.Azure.Management.CosmosDB.CosmosDBManagementClient/3.7.0.0"
        ],
        "Content-Type": [
          "application/json; charset=utf-8"
        ],
        "Content-Length": [
          "226"
        ]
      },
      "RequestBody": "{\r\n  \"properties\": {\r\n    \"locations\": [\r\n      {\r\n        \"locationName\": \"East US\",\r\n        \"failoverPriority\": 0\r\n      },\r\n      {\r\n        \"locationName\": \"West US\",\r\n        \"failoverPriority\": 1\r\n      }\r\n    ]\r\n  }\r\n}",
      "ResponseHeaders": {
        "Cache-Control": [
          "no-store, no-cache"
        ],
        "Pragma": [
          "no-cache"
        ],
        "Location": [
          "https://management.azure.com/subscriptions/259fbb24-9bcd-4cfc-865c-fc33b22fe38a/resourceGroups/CosmosDBResourceGroup5/providers/Microsoft.DocumentDB/databaseAccounts/testupdateregionpowershell1/operationResults/38dce314-c4a0-4b88-a2de-0189b4c43357?api-version=2022-08-15-preview"
        ],
        "x-ms-request-id": [
          "38dce314-c4a0-4b88-a2de-0189b4c43357"
        ],
        "Azure-AsyncOperation": [
          "https://management.azure.com/subscriptions/259fbb24-9bcd-4cfc-865c-fc33b22fe38a/providers/Microsoft.DocumentDB/locations/eastus/operationsStatus/38dce314-c4a0-4b88-a2de-0189b4c43357?api-version=2022-08-15-preview"
        ],
        "Strict-Transport-Security": [
          "max-age=31536000; includeSubDomains"
        ],
        "x-ms-gatewayversion": [
          "version=2.14.0"
        ],
        "Server": [
          "Microsoft-HTTPAPI/2.0"
        ],
        "x-ms-ratelimit-remaining-subscription-writes": [
          "1197"
        ],
        "x-ms-correlation-request-id": [
          "9efc3793-0bf1-448a-92e8-c8b362de2341"
        ],
        "x-ms-routing-request-id": [
          "EASTUS:20220928T133657Z:9efc3793-0bf1-448a-92e8-c8b362de2341"
        ],
        "X-Content-Type-Options": [
          "nosniff"
        ],
        "Date": [
          "Wed, 28 Sep 2022 13:36:56 GMT"
        ],
        "Content-Length": [
          "2721"
        ],
        "Content-Type": [
          "application/json"
        ]
      },
      "ResponseBody": "{\r\n  \"id\": \"/subscriptions/259fbb24-9bcd-4cfc-865c-fc33b22fe38a/resourceGroups/CosmosDBResourceGroup5/providers/Microsoft.DocumentDB/databaseAccounts/testupdateregionpowershell1\",\r\n  \"name\": \"testupdateregionpowershell1\",\r\n  \"location\": \"East US\",\r\n  \"type\": \"Microsoft.DocumentDB/databaseAccounts\",\r\n  \"kind\": \"GlobalDocumentDB\",\r\n  \"tags\": {},\r\n  \"systemData\": {\r\n    \"createdAt\": \"2022-09-28T13:36:15.4987765Z\"\r\n  },\r\n  \"properties\": {\r\n    \"provisioningState\": \"Updating\",\r\n    \"documentEndpoint\": \"https://testupdateregionpowershell1.documents.azure.com:443/\",\r\n    \"publicNetworkAccess\": \"Enabled\",\r\n    \"enableAutomaticFailover\": true,\r\n    \"enableMultipleWriteLocations\": true,\r\n    \"enablePartitionKeyMonitor\": false,\r\n    \"isVirtualNetworkFilterEnabled\": false,\r\n    \"virtualNetworkRules\": [],\r\n    \"EnabledApiTypes\": \"Sql\",\r\n    \"disableKeyBasedMetadataWriteAccess\": false,\r\n    \"enableFreeTier\": false,\r\n    \"enableAnalyticalStorage\": false,\r\n    \"analyticalStorageConfiguration\": {\r\n      \"schemaType\": \"WellDefined\"\r\n    },\r\n    \"instanceId\": \"c485e3f4-1ad4-4a44-8caa-f1091d7d4514\",\r\n    \"databaseAccountOfferType\": \"Standard\",\r\n    \"defaultIdentity\": \"FirstPartyIdentity\",\r\n    \"networkAclBypass\": \"None\",\r\n    \"disableLocalAuth\": false,\r\n    \"enablePartitionMerge\": false,\r\n    \"consistencyPolicy\": {\r\n      \"defaultConsistencyLevel\": \"Session\",\r\n      \"maxIntervalInSeconds\": 5,\r\n      \"maxStalenessPrefix\": 100\r\n    },\r\n    \"configurationOverrides\": {},\r\n    \"writeLocations\": [\r\n      {\r\n        \"id\": \"testupdateregionpowershell1-eastus\",\r\n        \"locationName\": \"East US\",\r\n        \"documentEndpoint\": \"https://testupdateregionpowershell1-eastus.documents.azure.com:443/\",\r\n        \"provisioningState\": \"Succeeded\",\r\n        \"failoverPriority\": 0,\r\n        \"isZoneRedundant\": false\r\n      }\r\n    ],\r\n    \"readLocations\": [\r\n      {\r\n        \"id\": \"testupdateregionpowershell1-eastus\",\r\n        \"locationName\": \"East US\",\r\n        \"documentEndpoint\": \"https://testupdateregionpowershell1-eastus.documents.azure.com:443/\",\r\n        \"provisioningState\": \"Succeeded\",\r\n        \"failoverPriority\": 0,\r\n        \"isZoneRedundant\": false\r\n      }\r\n    ],\r\n    \"locations\": [\r\n      {\r\n        \"id\": \"testupdateregionpowershell1-eastus\",\r\n        \"locationName\": \"East US\",\r\n        \"documentEndpoint\": \"https://testupdateregionpowershell1-eastus.documents.azure.com:443/\",\r\n        \"provisioningState\": \"Succeeded\",\r\n        \"failoverPriority\": 0,\r\n        \"isZoneRedundant\": false\r\n      }\r\n    ],\r\n    \"failoverPolicies\": [\r\n      {\r\n        \"id\": \"testupdateregionpowershell1-eastus\",\r\n        \"locationName\": \"East US\",\r\n        \"failoverPriority\": 0\r\n      }\r\n    ],\r\n    \"cors\": [],\r\n    \"capabilities\": [],\r\n    \"ipRules\": [],\r\n    \"backupPolicy\": {\r\n      \"type\": \"Periodic\",\r\n      \"periodicModeProperties\": {\r\n        \"backupIntervalInMinutes\": 240,\r\n        \"backupRetentionIntervalInHours\": 8,\r\n        \"backupStorageRedundancy\": \"Geo\"\r\n      }\r\n    },\r\n    \"networkAclBypassResourceIds\": [],\r\n    \"diagnosticLogSettings\": {\r\n      \"enableFullTextQuery\": \"None\"\r\n    },\r\n    \"keysMetadata\": {\r\n      \"primaryMasterKey\": {\r\n        \"generationTime\": \"2022-09-28T13:36:15.4987765Z\"\r\n      },\r\n      \"secondaryMasterKey\": {\r\n        \"generationTime\": \"2022-09-28T13:36:15.4987765Z\"\r\n      },\r\n      \"primaryReadonlyMasterKey\": {\r\n        \"generationTime\": \"2022-09-28T13:36:15.4987765Z\"\r\n      },\r\n      \"secondaryReadonlyMasterKey\": {\r\n        \"generationTime\": \"2022-09-28T13:36:15.4987765Z\"\r\n      }\r\n    }\r\n  },\r\n  \"identity\": {\r\n    \"type\": \"None\"\r\n  }\r\n}",
      "StatusCode": 200
    },
    {
      "RequestUri": "/subscriptions/259fbb24-9bcd-4cfc-865c-fc33b22fe38a/providers/Microsoft.DocumentDB/locations/eastus/operationsStatus/38dce314-c4a0-4b88-a2de-0189b4c43357?api-version=2022-08-15-preview",
      "EncodedRequestUri": "L3N1YnNjcmlwdGlvbnMvMjU5ZmJiMjQtOWJjZC00Y2ZjLTg2NWMtZmMzM2IyMmZlMzhhL3Byb3ZpZGVycy9NaWNyb3NvZnQuRG9jdW1lbnREQi9sb2NhdGlvbnMvZWFzdHVzL29wZXJhdGlvbnNTdGF0dXMvMzhkY2UzMTQtYzRhMC00Yjg4LWEyZGUtMDE4OWI0YzQzMzU3P2FwaS12ZXJzaW9uPTIwMjItMDgtMTUtcHJldmlldw==",
      "RequestMethod": "GET",
      "RequestHeaders": {
        "x-ms-client-request-id": [
          "d61bce70-dd20-49af-a508-e338bb496504"
        ],
        "User-Agent": [
          "FxVersion/4.700.22.41602",
          "OSName/Windows",
          "OSVersion/Microsoft.Windows.10.0.19044",
          "Microsoft.Azure.Management.CosmosDB.CosmosDBManagementClient/3.7.0.0"
        ]
      },
      "RequestBody": "",
      "ResponseHeaders": {
        "Cache-Control": [
          "no-store, no-cache"
        ],
        "Pragma": [
          "no-cache"
        ],
        "Strict-Transport-Security": [
          "max-age=31536000; includeSubDomains"
        ],
        "x-ms-gatewayversion": [
          "version=2.14.0"
        ],
        "Server": [
          "Microsoft-HTTPAPI/2.0"
        ],
        "x-ms-ratelimit-remaining-subscription-reads": [
          "11946"
        ],
        "x-ms-request-id": [
          "c32f169f-7191-4cb6-bd63-8989b9c29261"
        ],
        "x-ms-correlation-request-id": [
          "c32f169f-7191-4cb6-bd63-8989b9c29261"
        ],
        "x-ms-routing-request-id": [
          "EASTUS:20220928T133727Z:c32f169f-7191-4cb6-bd63-8989b9c29261"
        ],
        "X-Content-Type-Options": [
          "nosniff"
        ],
        "Date": [
          "Wed, 28 Sep 2022 13:37:26 GMT"
        ],
        "Content-Length": [
          "21"
        ],
        "Content-Type": [
          "application/json"
        ]
      },
      "ResponseBody": "{\r\n  \"status\": \"Dequeued\"\r\n}",
      "StatusCode": 200
    },
    {
      "RequestUri": "/subscriptions/259fbb24-9bcd-4cfc-865c-fc33b22fe38a/providers/Microsoft.DocumentDB/locations/eastus/operationsStatus/38dce314-c4a0-4b88-a2de-0189b4c43357?api-version=2022-08-15-preview",
      "EncodedRequestUri": "L3N1YnNjcmlwdGlvbnMvMjU5ZmJiMjQtOWJjZC00Y2ZjLTg2NWMtZmMzM2IyMmZlMzhhL3Byb3ZpZGVycy9NaWNyb3NvZnQuRG9jdW1lbnREQi9sb2NhdGlvbnMvZWFzdHVzL29wZXJhdGlvbnNTdGF0dXMvMzhkY2UzMTQtYzRhMC00Yjg4LWEyZGUtMDE4OWI0YzQzMzU3P2FwaS12ZXJzaW9uPTIwMjItMDgtMTUtcHJldmlldw==",
      "RequestMethod": "GET",
      "RequestHeaders": {
        "x-ms-client-request-id": [
          "d61bce70-dd20-49af-a508-e338bb496504"
        ],
        "User-Agent": [
          "FxVersion/4.700.22.41602",
          "OSName/Windows",
          "OSVersion/Microsoft.Windows.10.0.19044",
          "Microsoft.Azure.Management.CosmosDB.CosmosDBManagementClient/3.7.0.0"
        ]
      },
      "RequestBody": "",
      "ResponseHeaders": {
        "Cache-Control": [
          "no-store, no-cache"
        ],
        "Pragma": [
          "no-cache"
        ],
        "Strict-Transport-Security": [
          "max-age=31536000; includeSubDomains"
        ],
        "x-ms-gatewayversion": [
          "version=2.14.0"
        ],
        "Server": [
          "Microsoft-HTTPAPI/2.0"
        ],
        "x-ms-ratelimit-remaining-subscription-reads": [
          "11945"
        ],
        "x-ms-request-id": [
          "40fa616f-f658-488c-b6fa-4d612dec14e7"
        ],
        "x-ms-correlation-request-id": [
          "40fa616f-f658-488c-b6fa-4d612dec14e7"
        ],
        "x-ms-routing-request-id": [
          "EASTUS:20220928T133757Z:40fa616f-f658-488c-b6fa-4d612dec14e7"
        ],
        "X-Content-Type-Options": [
          "nosniff"
        ],
        "Date": [
          "Wed, 28 Sep 2022 13:37:56 GMT"
        ],
        "Content-Length": [
          "21"
        ],
        "Content-Type": [
          "application/json"
        ]
      },
      "ResponseBody": "{\r\n  \"status\": \"Dequeued\"\r\n}",
      "StatusCode": 200
    },
    {
      "RequestUri": "/subscriptions/259fbb24-9bcd-4cfc-865c-fc33b22fe38a/providers/Microsoft.DocumentDB/locations/eastus/operationsStatus/38dce314-c4a0-4b88-a2de-0189b4c43357?api-version=2022-08-15-preview",
      "EncodedRequestUri": "L3N1YnNjcmlwdGlvbnMvMjU5ZmJiMjQtOWJjZC00Y2ZjLTg2NWMtZmMzM2IyMmZlMzhhL3Byb3ZpZGVycy9NaWNyb3NvZnQuRG9jdW1lbnREQi9sb2NhdGlvbnMvZWFzdHVzL29wZXJhdGlvbnNTdGF0dXMvMzhkY2UzMTQtYzRhMC00Yjg4LWEyZGUtMDE4OWI0YzQzMzU3P2FwaS12ZXJzaW9uPTIwMjItMDgtMTUtcHJldmlldw==",
      "RequestMethod": "GET",
      "RequestHeaders": {
        "x-ms-client-request-id": [
          "d61bce70-dd20-49af-a508-e338bb496504"
        ],
        "User-Agent": [
          "FxVersion/4.700.22.41602",
          "OSName/Windows",
          "OSVersion/Microsoft.Windows.10.0.19044",
          "Microsoft.Azure.Management.CosmosDB.CosmosDBManagementClient/3.7.0.0"
        ]
      },
      "RequestBody": "",
      "ResponseHeaders": {
        "Cache-Control": [
          "no-store, no-cache"
        ],
        "Pragma": [
          "no-cache"
        ],
        "Strict-Transport-Security": [
          "max-age=31536000; includeSubDomains"
        ],
        "x-ms-gatewayversion": [
          "version=2.14.0"
        ],
        "Server": [
          "Microsoft-HTTPAPI/2.0"
        ],
        "x-ms-ratelimit-remaining-subscription-reads": [
          "11944"
        ],
        "x-ms-request-id": [
          "a0911a0c-24d1-4b4a-802a-96c11e7ae49c"
        ],
        "x-ms-correlation-request-id": [
          "a0911a0c-24d1-4b4a-802a-96c11e7ae49c"
        ],
        "x-ms-routing-request-id": [
          "EASTUS:20220928T133827Z:a0911a0c-24d1-4b4a-802a-96c11e7ae49c"
        ],
        "X-Content-Type-Options": [
          "nosniff"
        ],
        "Date": [
          "Wed, 28 Sep 2022 13:38:26 GMT"
        ],
        "Content-Length": [
          "21"
        ],
        "Content-Type": [
          "application/json"
        ]
      },
      "ResponseBody": "{\r\n  \"status\": \"Dequeued\"\r\n}",
      "StatusCode": 200
    },
    {
      "RequestUri": "/subscriptions/259fbb24-9bcd-4cfc-865c-fc33b22fe38a/providers/Microsoft.DocumentDB/locations/eastus/operationsStatus/38dce314-c4a0-4b88-a2de-0189b4c43357?api-version=2022-08-15-preview",
      "EncodedRequestUri": "L3N1YnNjcmlwdGlvbnMvMjU5ZmJiMjQtOWJjZC00Y2ZjLTg2NWMtZmMzM2IyMmZlMzhhL3Byb3ZpZGVycy9NaWNyb3NvZnQuRG9jdW1lbnREQi9sb2NhdGlvbnMvZWFzdHVzL29wZXJhdGlvbnNTdGF0dXMvMzhkY2UzMTQtYzRhMC00Yjg4LWEyZGUtMDE4OWI0YzQzMzU3P2FwaS12ZXJzaW9uPTIwMjItMDgtMTUtcHJldmlldw==",
      "RequestMethod": "GET",
      "RequestHeaders": {
        "x-ms-client-request-id": [
          "d61bce70-dd20-49af-a508-e338bb496504"
        ],
        "User-Agent": [
          "FxVersion/4.700.22.41602",
          "OSName/Windows",
          "OSVersion/Microsoft.Windows.10.0.19044",
          "Microsoft.Azure.Management.CosmosDB.CosmosDBManagementClient/3.7.0.0"
        ]
      },
      "RequestBody": "",
      "ResponseHeaders": {
        "Cache-Control": [
          "no-store, no-cache"
        ],
        "Pragma": [
          "no-cache"
        ],
        "Strict-Transport-Security": [
          "max-age=31536000; includeSubDomains"
        ],
        "x-ms-gatewayversion": [
          "version=2.14.0"
        ],
        "Server": [
          "Microsoft-HTTPAPI/2.0"
        ],
        "x-ms-ratelimit-remaining-subscription-reads": [
          "11943"
        ],
        "x-ms-request-id": [
          "c57ac89b-bdfe-4eea-a21c-cf1f7d4cf18c"
        ],
        "x-ms-correlation-request-id": [
          "c57ac89b-bdfe-4eea-a21c-cf1f7d4cf18c"
        ],
        "x-ms-routing-request-id": [
          "EASTUS:20220928T133857Z:c57ac89b-bdfe-4eea-a21c-cf1f7d4cf18c"
        ],
        "X-Content-Type-Options": [
          "nosniff"
        ],
        "Date": [
          "Wed, 28 Sep 2022 13:38:56 GMT"
        ],
        "Content-Length": [
          "22"
        ],
        "Content-Type": [
          "application/json"
        ]
      },
      "ResponseBody": "{\r\n  \"status\": \"Succeeded\"\r\n}",
      "StatusCode": 200
    }
  ],
  "Names": {},
  "Variables": {
    "SubscriptionId": "259fbb24-9bcd-4cfc-865c-fc33b22fe38a"
  }
}