{
  "Entries": [
    {
      "RequestUri": "/subscriptions/23587e98-b6ac-4328-a753-03bcd3c8e744/resourcegroups/CosmosDBResourceGroup9?api-version=2016-09-01",
      "EncodedRequestUri": "L3N1YnNjcmlwdGlvbnMvMjM1ODdlOTgtYjZhYy00MzI4LWE3NTMtMDNiY2QzYzhlNzQ0L3Jlc291cmNlZ3JvdXBzL0Nvc21vc0RCUmVzb3VyY2VHcm91cDk/YXBpLXZlcnNpb249MjAxNi0wOS0wMQ==",
      "RequestMethod": "PUT",
      "RequestHeaders": {
        "x-ms-client-request-id": [
          "840b6777-8aef-41ac-9246-e48ca7ec0ba2"
        ],
        "Accept-Language": [
          "en-US"
        ],
        "User-Agent": [
          "FxVersion/6.0.2523.51912",
          "OSName/Windows",
          "OSVersion/Microsoft.Windows.10.0.22621",
          "Microsoft.Azure.Management.Internal.Resources.ResourceManagementClient/1.3.86"
        ],
        "Content-Type": [
          "application/json; charset=utf-8"
        ],
        "Content-Length": [
          "29"
        ]
      },
      "RequestBody": "{\r\n  \"location\": \"East US\"\r\n}",
      "ResponseHeaders": {
        "Cache-Control": [
          "no-cache"
        ],
        "Pragma": [
          "no-cache"
        ],
        "x-ms-ratelimit-remaining-subscription-writes": [
          "1199"
        ],
        "x-ms-request-id": [
          "3e17247c-a1e0-4239-a277-04ee27f945e4"
        ],
        "x-ms-correlation-request-id": [
          "3e17247c-a1e0-4239-a277-04ee27f945e4"
        ],
        "x-ms-routing-request-id": [
          "EASTUS2EUAP:20231214T015747Z:3e17247c-a1e0-4239-a277-04ee27f945e4"
        ],
        "Strict-Transport-Security": [
          "max-age=31536000; includeSubDomains"
        ],
        "X-Content-Type-Options": [
          "nosniff"
        ],
        "X-Cache": [
          "CONFIG_NOCACHE"
        ],
        "X-MSEdge-Ref": [
          "Ref A: 9DD3FB3F218D470F99ED39B9EA1FC4F4 Ref B: CO6AA3150220019 Ref C: 2023-12-14T01:57:43Z"
        ],
        "Date": [
          "Thu, 14 Dec 2023 01:57:46 GMT"
        ],
        "Content-Length": [
          "197"
        ],
        "Content-Type": [
          "application/json; charset=utf-8"
        ],
        "Expires": [
          "-1"
        ]
      },
      "ResponseBody": "{\r\n  \"id\": \"/subscriptions/23587e98-b6ac-4328-a753-03bcd3c8e744/resourceGroups/CosmosDBResourceGroup9\",\r\n  \"name\": \"CosmosDBResourceGroup9\",\r\n  \"location\": \"eastus\",\r\n  \"properties\": {\r\n    \"provisioningState\": \"Succeeded\"\r\n  }\r\n}",
      "StatusCode": 201
    },
    {
      "RequestUri": "/subscriptions/23587e98-b6ac-4328-a753-03bcd3c8e744/resourceGroups/CosmosDBResourceGroup9/providers/Microsoft.DocumentDB/databaseAccounts/testupdateregionpowershell11?api-version=2023-11-15",
      "EncodedRequestUri": "L3N1YnNjcmlwdGlvbnMvMjM1ODdlOTgtYjZhYy00MzI4LWE3NTMtMDNiY2QzYzhlNzQ0L3Jlc291cmNlR3JvdXBzL0Nvc21vc0RCUmVzb3VyY2VHcm91cDkvcHJvdmlkZXJzL01pY3Jvc29mdC5Eb2N1bWVudERCL2RhdGFiYXNlQWNjb3VudHMvdGVzdHVwZGF0ZXJlZ2lvbnBvd2Vyc2hlbGwxMT9hcGktdmVyc2lvbj0yMDIzLTExLTE1",
      "RequestMethod": "GET",
      "RequestHeaders": {
        "x-ms-client-request-id": [
          "7f1d266b-7490-4ea5-8807-c45ac6fb4675"
        ],
        "Accept-Language": [
          "en-US"
        ],
        "User-Agent": [
          "FxVersion/6.0.2523.51912",
          "OSName/Windows",
          "OSVersion/Microsoft.Windows.10.0.22621",
          "Microsoft.Azure.Management.CosmosDB.CosmosDBManagementClient/1.14.0"
        ]
      },
      "RequestBody": "",
      "ResponseHeaders": {
        "Cache-Control": [
          "no-cache"
        ],
        "Pragma": [
          "no-cache"
        ],
        "x-ms-failure-cause": [
          "gateway"
        ],
        "x-ms-request-id": [
          "9ea161ce-afa9-4de4-8309-b8c523b691f7"
        ],
        "x-ms-correlation-request-id": [
          "9ea161ce-afa9-4de4-8309-b8c523b691f7"
        ],
        "x-ms-routing-request-id": [
          "EASTUS2EUAP:20231214T015747Z:9ea161ce-afa9-4de4-8309-b8c523b691f7"
        ],
        "Strict-Transport-Security": [
          "max-age=31536000; includeSubDomains"
        ],
        "X-Content-Type-Options": [
          "nosniff"
        ],
        "X-Cache": [
          "CONFIG_NOCACHE"
        ],
        "X-MSEdge-Ref": [
          "Ref A: B838046E9D8F4CE5823FF0C9D3B88831 Ref B: CO6AA3150217051 Ref C: 2023-12-14T01:57:47Z"
        ],
        "Date": [
          "Thu, 14 Dec 2023 01:57:47 GMT"
        ],
        "Content-Length": [
          "260"
        ],
        "Content-Type": [
          "application/json; charset=utf-8"
        ],
        "Expires": [
          "-1"
        ]
      },
      "ResponseBody": "{\r\n  \"error\": {\r\n    \"code\": \"ResourceNotFound\",\r\n    \"message\": \"The Resource 'Microsoft.DocumentDB/databaseAccounts/testupdateregionpowershell11' under resource group 'CosmosDBResourceGroup9' was not found. For more details please go to https://aka.ms/ARMResourceNotFoundFix\"\r\n  }\r\n}",
      "StatusCode": 404
    },
    {
      "RequestUri": "/subscriptions/23587e98-b6ac-4328-a753-03bcd3c8e744/resourceGroups/CosmosDBResourceGroup9/providers/Microsoft.DocumentDB/databaseAccounts/testupdateregionpowershell11?api-version=2023-11-15",
      "EncodedRequestUri": "L3N1YnNjcmlwdGlvbnMvMjM1ODdlOTgtYjZhYy00MzI4LWE3NTMtMDNiY2QzYzhlNzQ0L3Jlc291cmNlR3JvdXBzL0Nvc21vc0RCUmVzb3VyY2VHcm91cDkvcHJvdmlkZXJzL01pY3Jvc29mdC5Eb2N1bWVudERCL2RhdGFiYXNlQWNjb3VudHMvdGVzdHVwZGF0ZXJlZ2lvbnBvd2Vyc2hlbGwxMT9hcGktdmVyc2lvbj0yMDIzLTExLTE1",
      "RequestMethod": "GET",
      "RequestHeaders": {
        "x-ms-client-request-id": [
          "7f1d266b-7490-4ea5-8807-c45ac6fb4675"
        ],
        "User-Agent": [
          "FxVersion/6.0.2523.51912",
          "OSName/Windows",
          "OSVersion/Microsoft.Windows.10.0.22621",
          "Microsoft.Azure.Management.CosmosDB.CosmosDBManagementClient/1.14.0"
        ]
      },
      "RequestBody": "",
      "ResponseHeaders": {
        "Cache-Control": [
          "no-store, no-cache"
        ],
        "Pragma": [
          "no-cache"
        ],
        "Strict-Transport-Security": [
          "max-age=31536000; includeSubDomains"
        ],
        "x-ms-gatewayversion": [
          "version=2.14.0"
        ],
        "x-ms-ratelimit-remaining-subscription-reads": [
          "11996"
        ],
        "x-ms-request-id": [
          "4c9371b3-6957-40d7-9f19-88e5b1d05410"
        ],
        "x-ms-correlation-request-id": [
          "4c9371b3-6957-40d7-9f19-88e5b1d05410"
        ],
        "x-ms-routing-request-id": [
          "EASTUS2EUAP:20231214T015927Z:4c9371b3-6957-40d7-9f19-88e5b1d05410"
        ],
        "X-Content-Type-Options": [
          "nosniff"
        ],
        "X-Cache": [
          "CONFIG_NOCACHE"
        ],
        "X-MSEdge-Ref": [
          "Ref A: A858D34EA057486286044F46E8152240 Ref B: CO6AA3150217051 Ref C: 2023-12-14T01:59:27Z"
        ],
        "Date": [
          "Thu, 14 Dec 2023 01:59:27 GMT"
        ],
        "Content-Length": [
          "2861"
        ],
        "Content-Type": [
          "application/json"
        ]
      },
      "ResponseBody": "{\r\n  \"id\": \"/subscriptions/23587e98-b6ac-4328-a753-03bcd3c8e744/resourceGroups/CosmosDBResourceGroup9/providers/Microsoft.DocumentDB/databaseAccounts/testupdateregionpowershell11\",\r\n  \"name\": \"testupdateregionpowershell11\",\r\n  \"location\": \"East US\",\r\n  \"type\": \"Microsoft.DocumentDB/databaseAccounts\",\r\n  \"kind\": \"GlobalDocumentDB\",\r\n  \"tags\": {},\r\n  \"systemData\": {\r\n    \"createdAt\": \"2023-12-14T01:59:05.3389653Z\"\r\n  },\r\n  \"properties\": {\r\n    \"provisioningState\": \"Succeeded\",\r\n    \"documentEndpoint\": \"https://testupdateregionpowershell11.documents.azure.com:443/\",\r\n    \"sqlEndpoint\": \"https://testupdateregionpowershell11.documents.azure.com:443/\",\r\n    \"publicNetworkAccess\": \"Enabled\",\r\n    \"enableAutomaticFailover\": true,\r\n    \"enableMultipleWriteLocations\": true,\r\n    \"enablePartitionKeyMonitor\": false,\r\n    \"isVirtualNetworkFilterEnabled\": false,\r\n    \"virtualNetworkRules\": [],\r\n    \"EnabledApiTypes\": \"Sql\",\r\n    \"disableKeyBasedMetadataWriteAccess\": false,\r\n    \"enableFreeTier\": false,\r\n    \"enableAnalyticalStorage\": false,\r\n    \"analyticalStorageConfiguration\": {\r\n      \"schemaType\": \"WellDefined\"\r\n    },\r\n    \"instanceId\": \"70d9f70e-1c22-4ec5-9000-3066cc1165d6\",\r\n    \"databaseAccountOfferType\": \"Standard\",\r\n    \"defaultIdentity\": \"FirstPartyIdentity\",\r\n    \"networkAclBypass\": \"None\",\r\n    \"disableLocalAuth\": false,\r\n    \"enablePartitionMerge\": false,\r\n    \"enableBurstCapacity\": false,\r\n    \"minimalTlsVersion\": \"Tls12\",\r\n    \"consistencyPolicy\": {\r\n      \"defaultConsistencyLevel\": \"Session\",\r\n      \"maxIntervalInSeconds\": 5,\r\n      \"maxStalenessPrefix\": 100\r\n    },\r\n    \"configurationOverrides\": {\r\n      \"EnablePerRegionPerPartitionAutoscaleOptIn\": \"True\"\r\n    },\r\n    \"writeLocations\": [\r\n      {\r\n        \"id\": \"testupdateregionpowershell11-eastus\",\r\n        \"locationName\": \"East US\",\r\n        \"documentEndpoint\": \"https://testupdateregionpowershell11-eastus.documents.azure.com:443/\",\r\n        \"provisioningState\": \"Succeeded\",\r\n        \"failoverPriority\": 0,\r\n        \"isZoneRedundant\": false\r\n      }\r\n    ],\r\n    \"readLocations\": [\r\n      {\r\n        \"id\": \"testupdateregionpowershell11-eastus\",\r\n        \"locationName\": \"East US\",\r\n        \"documentEndpoint\": \"https://testupdateregionpowershell11-eastus.documents.azure.com:443/\",\r\n        \"provisioningState\": \"Succeeded\",\r\n        \"failoverPriority\": 0,\r\n        \"isZoneRedundant\": false\r\n      }\r\n    ],\r\n    \"locations\": [\r\n      {\r\n        \"id\": \"testupdateregionpowershell11-eastus\",\r\n        \"locationName\": \"East US\",\r\n        \"documentEndpoint\": \"https://testupdateregionpowershell11-eastus.documents.azure.com:443/\",\r\n        \"provisioningState\": \"Succeeded\",\r\n        \"failoverPriority\": 0,\r\n        \"isZoneRedundant\": false\r\n      }\r\n    ],\r\n    \"failoverPolicies\": [\r\n      {\r\n        \"id\": \"testupdateregionpowershell11-eastus\",\r\n        \"locationName\": \"East US\",\r\n        \"failoverPriority\": 0\r\n      }\r\n    ],\r\n    \"cors\": [],\r\n    \"capabilities\": [],\r\n    \"ipRules\": [],\r\n    \"backupPolicy\": {\r\n      \"type\": \"Periodic\",\r\n      \"periodicModeProperties\": {\r\n        \"backupIntervalInMinutes\": 240,\r\n        \"backupRetentionIntervalInHours\": 8,\r\n        \"backupStorageRedundancy\": \"Geo\"\r\n      }\r\n    },\r\n    \"networkAclBypassResourceIds\": [],\r\n    \"keysMetadata\": {\r\n      \"primaryMasterKey\": {\r\n        \"generationTime\": \"2023-12-14T01:59:05.3389653Z\"\r\n      },\r\n      \"secondaryMasterKey\": {\r\n        \"generationTime\": \"2023-12-14T01:59:05.3389653Z\"\r\n      },\r\n      \"primaryReadonlyMasterKey\": {\r\n        \"generationTime\": \"2023-12-14T01:59:05.3389653Z\"\r\n      },\r\n      \"secondaryReadonlyMasterKey\": {\r\n        \"generationTime\": \"2023-12-14T01:59:05.3389653Z\"\r\n      }\r\n    }\r\n  },\r\n  \"identity\": {\r\n    \"type\": \"None\"\r\n  }\r\n}",
      "StatusCode": 200
    },
    {
      "RequestUri": "/subscriptions/23587e98-b6ac-4328-a753-03bcd3c8e744/resourceGroups/CosmosDBResourceGroup9/providers/Microsoft.DocumentDB/databaseAccounts/testupdateregionpowershell11?api-version=2023-11-15",
      "EncodedRequestUri": "L3N1YnNjcmlwdGlvbnMvMjM1ODdlOTgtYjZhYy00MzI4LWE3NTMtMDNiY2QzYzhlNzQ0L3Jlc291cmNlR3JvdXBzL0Nvc21vc0RCUmVzb3VyY2VHcm91cDkvcHJvdmlkZXJzL01pY3Jvc29mdC5Eb2N1bWVudERCL2RhdGFiYXNlQWNjb3VudHMvdGVzdHVwZGF0ZXJlZ2lvbnBvd2Vyc2hlbGwxMT9hcGktdmVyc2lvbj0yMDIzLTExLTE1",
      "RequestMethod": "GET",
      "RequestHeaders": {
        "x-ms-client-request-id": [
          "0f808177-5865-48e9-a128-dc839a23428f"
        ],
        "Accept-Language": [
          "en-US"
        ],
        "User-Agent": [
          "FxVersion/6.0.2523.51912",
          "OSName/Windows",
          "OSVersion/Microsoft.Windows.10.0.22621",
          "Microsoft.Azure.Management.CosmosDB.CosmosDBManagementClient/1.14.0"
        ]
      },
      "RequestBody": "",
      "ResponseHeaders": {
        "Cache-Control": [
          "no-store, no-cache"
        ],
        "Pragma": [
          "no-cache"
        ],
        "Strict-Transport-Security": [
          "max-age=31536000; includeSubDomains"
        ],
        "x-ms-gatewayversion": [
          "version=2.14.0"
        ],
        "x-ms-ratelimit-remaining-subscription-reads": [
          "11995"
        ],
        "x-ms-request-id": [
          "ec9e2665-b98e-4456-9cbe-a3ec8beb4dc5"
        ],
        "x-ms-correlation-request-id": [
          "ec9e2665-b98e-4456-9cbe-a3ec8beb4dc5"
        ],
        "x-ms-routing-request-id": [
          "EASTUS2EUAP:20231214T015928Z:ec9e2665-b98e-4456-9cbe-a3ec8beb4dc5"
        ],
        "X-Content-Type-Options": [
          "nosniff"
        ],
        "X-Cache": [
          "CONFIG_NOCACHE"
        ],
        "X-MSEdge-Ref": [
          "Ref A: A0338A6270E24427A05E2A1A23C1EBCA Ref B: CO6AA3150218031 Ref C: 2023-12-14T01:59:27Z"
        ],
        "Date": [
          "Thu, 14 Dec 2023 01:59:27 GMT"
        ],
        "Content-Length": [
          "2861"
        ],
        "Content-Type": [
          "application/json"
        ]
      },
      "ResponseBody": "{\r\n  \"id\": \"/subscriptions/23587e98-b6ac-4328-a753-03bcd3c8e744/resourceGroups/CosmosDBResourceGroup9/providers/Microsoft.DocumentDB/databaseAccounts/testupdateregionpowershell11\",\r\n  \"name\": \"testupdateregionpowershell11\",\r\n  \"location\": \"East US\",\r\n  \"type\": \"Microsoft.DocumentDB/databaseAccounts\",\r\n  \"kind\": \"GlobalDocumentDB\",\r\n  \"tags\": {},\r\n  \"systemData\": {\r\n    \"createdAt\": \"2023-12-14T01:59:05.3389653Z\"\r\n  },\r\n  \"properties\": {\r\n    \"provisioningState\": \"Succeeded\",\r\n    \"documentEndpoint\": \"https://testupdateregionpowershell11.documents.azure.com:443/\",\r\n    \"sqlEndpoint\": \"https://testupdateregionpowershell11.documents.azure.com:443/\",\r\n    \"publicNetworkAccess\": \"Enabled\",\r\n    \"enableAutomaticFailover\": true,\r\n    \"enableMultipleWriteLocations\": true,\r\n    \"enablePartitionKeyMonitor\": false,\r\n    \"isVirtualNetworkFilterEnabled\": false,\r\n    \"virtualNetworkRules\": [],\r\n    \"EnabledApiTypes\": \"Sql\",\r\n    \"disableKeyBasedMetadataWriteAccess\": false,\r\n    \"enableFreeTier\": false,\r\n    \"enableAnalyticalStorage\": false,\r\n    \"analyticalStorageConfiguration\": {\r\n      \"schemaType\": \"WellDefined\"\r\n    },\r\n    \"instanceId\": \"70d9f70e-1c22-4ec5-9000-3066cc1165d6\",\r\n    \"databaseAccountOfferType\": \"Standard\",\r\n    \"defaultIdentity\": \"FirstPartyIdentity\",\r\n    \"networkAclBypass\": \"None\",\r\n    \"disableLocalAuth\": false,\r\n    \"enablePartitionMerge\": false,\r\n    \"enableBurstCapacity\": false,\r\n    \"minimalTlsVersion\": \"Tls12\",\r\n    \"consistencyPolicy\": {\r\n      \"defaultConsistencyLevel\": \"Session\",\r\n      \"maxIntervalInSeconds\": 5,\r\n      \"maxStalenessPrefix\": 100\r\n    },\r\n    \"configurationOverrides\": {\r\n      \"EnablePerRegionPerPartitionAutoscaleOptIn\": \"True\"\r\n    },\r\n    \"writeLocations\": [\r\n      {\r\n        \"id\": \"testupdateregionpowershell11-eastus\",\r\n        \"locationName\": \"East US\",\r\n        \"documentEndpoint\": \"https://testupdateregionpowershell11-eastus.documents.azure.com:443/\",\r\n        \"provisioningState\": \"Succeeded\",\r\n        \"failoverPriority\": 0,\r\n        \"isZoneRedundant\": false\r\n      }\r\n    ],\r\n    \"readLocations\": [\r\n      {\r\n        \"id\": \"testupdateregionpowershell11-eastus\",\r\n        \"locationName\": \"East US\",\r\n        \"documentEndpoint\": \"https://testupdateregionpowershell11-eastus.documents.azure.com:443/\",\r\n        \"provisioningState\": \"Succeeded\",\r\n        \"failoverPriority\": 0,\r\n        \"isZoneRedundant\": false\r\n      }\r\n    ],\r\n    \"locations\": [\r\n      {\r\n        \"id\": \"testupdateregionpowershell11-eastus\",\r\n        \"locationName\": \"East US\",\r\n        \"documentEndpoint\": \"https://testupdateregionpowershell11-eastus.documents.azure.com:443/\",\r\n        \"provisioningState\": \"Succeeded\",\r\n        \"failoverPriority\": 0,\r\n        \"isZoneRedundant\": false\r\n      }\r\n    ],\r\n    \"failoverPolicies\": [\r\n      {\r\n        \"id\": \"testupdateregionpowershell11-eastus\",\r\n        \"locationName\": \"East US\",\r\n        \"failoverPriority\": 0\r\n      }\r\n    ],\r\n    \"cors\": [],\r\n    \"capabilities\": [],\r\n    \"ipRules\": [],\r\n    \"backupPolicy\": {\r\n      \"type\": \"Periodic\",\r\n      \"periodicModeProperties\": {\r\n        \"backupIntervalInMinutes\": 240,\r\n        \"backupRetentionIntervalInHours\": 8,\r\n        \"backupStorageRedundancy\": \"Geo\"\r\n      }\r\n    },\r\n    \"networkAclBypassResourceIds\": [],\r\n    \"keysMetadata\": {\r\n      \"primaryMasterKey\": {\r\n        \"generationTime\": \"2023-12-14T01:59:05.3389653Z\"\r\n      },\r\n      \"secondaryMasterKey\": {\r\n        \"generationTime\": \"2023-12-14T01:59:05.3389653Z\"\r\n      },\r\n      \"primaryReadonlyMasterKey\": {\r\n        \"generationTime\": \"2023-12-14T01:59:05.3389653Z\"\r\n      },\r\n      \"secondaryReadonlyMasterKey\": {\r\n        \"generationTime\": \"2023-12-14T01:59:05.3389653Z\"\r\n      }\r\n    }\r\n  },\r\n  \"identity\": {\r\n    \"type\": \"None\"\r\n  }\r\n}",
      "StatusCode": 200
    },
    {
      "RequestUri": "/subscriptions/23587e98-b6ac-4328-a753-03bcd3c8e744/resourceGroups/CosmosDBResourceGroup9/providers/Microsoft.DocumentDB/databaseAccounts/testupdateregionpowershell11?api-version=2023-11-15",
      "EncodedRequestUri": "L3N1YnNjcmlwdGlvbnMvMjM1ODdlOTgtYjZhYy00MzI4LWE3NTMtMDNiY2QzYzhlNzQ0L3Jlc291cmNlR3JvdXBzL0Nvc21vc0RCUmVzb3VyY2VHcm91cDkvcHJvdmlkZXJzL01pY3Jvc29mdC5Eb2N1bWVudERCL2RhdGFiYXNlQWNjb3VudHMvdGVzdHVwZGF0ZXJlZ2lvbnBvd2Vyc2hlbGwxMT9hcGktdmVyc2lvbj0yMDIzLTExLTE1",
      "RequestMethod": "GET",
      "RequestHeaders": {
        "x-ms-client-request-id": [
          "6ed0f137-b049-48da-a1b7-60f2edbe8ebe"
        ],
        "User-Agent": [
          "FxVersion/6.0.2523.51912",
          "OSName/Windows",
          "OSVersion/Microsoft.Windows.10.0.22621",
          "Microsoft.Azure.Management.CosmosDB.CosmosDBManagementClient/1.14.0"
        ]
      },
      "RequestBody": "",
      "ResponseHeaders": {
        "Cache-Control": [
          "no-store, no-cache"
        ],
        "Pragma": [
          "no-cache"
        ],
        "Strict-Transport-Security": [
          "max-age=31536000; includeSubDomains"
        ],
        "x-ms-gatewayversion": [
          "version=2.14.0"
        ],
        "x-ms-ratelimit-remaining-subscription-reads": [
          "11994"
        ],
        "x-ms-request-id": [
          "e4898d98-6469-4d4f-9b94-cd29bb490992"
        ],
        "x-ms-correlation-request-id": [
          "e4898d98-6469-4d4f-9b94-cd29bb490992"
        ],
        "x-ms-routing-request-id": [
          "EASTUS2EUAP:20231214T020204Z:e4898d98-6469-4d4f-9b94-cd29bb490992"
        ],
        "X-Content-Type-Options": [
          "nosniff"
        ],
        "X-Cache": [
          "CONFIG_NOCACHE"
        ],
        "X-MSEdge-Ref": [
          "Ref A: 070FED775D8945B7A1010FD0A559D157 Ref B: CO6AA3150218017 Ref C: 2023-12-14T02:02:04Z"
        ],
        "Date": [
          "Thu, 14 Dec 2023 02:02:03 GMT"
        ],
        "Content-Length": [
          "3688"
        ],
        "Content-Type": [
          "application/json"
        ]
      },
      "ResponseBody": "{\r\n  \"id\": \"/subscriptions/23587e98-b6ac-4328-a753-03bcd3c8e744/resourceGroups/CosmosDBResourceGroup9/providers/Microsoft.DocumentDB/databaseAccounts/testupdateregionpowershell11\",\r\n  \"name\": \"testupdateregionpowershell11\",\r\n  \"location\": \"East US\",\r\n  \"type\": \"Microsoft.DocumentDB/databaseAccounts\",\r\n  \"kind\": \"GlobalDocumentDB\",\r\n  \"tags\": {},\r\n  \"systemData\": {\r\n    \"createdAt\": \"2023-12-13T17:59:05.3389653-08:00\"\r\n  },\r\n  \"properties\": {\r\n    \"provisioningState\": \"Succeeded\",\r\n    \"documentEndpoint\": \"https://testupdateregionpowershell11.documents.azure.com:443/\",\r\n    \"sqlEndpoint\": \"https://testupdateregionpowershell11.documents.azure.com:443/\",\r\n    \"publicNetworkAccess\": \"Enabled\",\r\n    \"enableAutomaticFailover\": true,\r\n    \"enableMultipleWriteLocations\": true,\r\n    \"enablePartitionKeyMonitor\": false,\r\n    \"isVirtualNetworkFilterEnabled\": false,\r\n    \"virtualNetworkRules\": [],\r\n    \"EnabledApiTypes\": \"Sql\",\r\n    \"disableKeyBasedMetadataWriteAccess\": false,\r\n    \"enableFreeTier\": false,\r\n    \"enableAnalyticalStorage\": false,\r\n    \"analyticalStorageConfiguration\": {\r\n      \"schemaType\": \"WellDefined\"\r\n    },\r\n    \"instanceId\": \"70d9f70e-1c22-4ec5-9000-3066cc1165d6\",\r\n    \"databaseAccountOfferType\": \"Standard\",\r\n    \"defaultIdentity\": \"FirstPartyIdentity\",\r\n    \"networkAclBypass\": \"None\",\r\n    \"disableLocalAuth\": false,\r\n    \"enablePartitionMerge\": false,\r\n    \"enableBurstCapacity\": false,\r\n    \"minimalTlsVersion\": \"Tls12\",\r\n    \"consistencyPolicy\": {\r\n      \"defaultConsistencyLevel\": \"Session\",\r\n      \"maxIntervalInSeconds\": 5,\r\n      \"maxStalenessPrefix\": 100\r\n    },\r\n    \"configurationOverrides\": {\r\n      \"EnablePerRegionPerPartitionAutoscaleOptIn\": \"True\"\r\n    },\r\n    \"writeLocations\": [\r\n      {\r\n        \"id\": \"testupdateregionpowershell11-eastus\",\r\n        \"locationName\": \"East US\",\r\n        \"documentEndpoint\": \"https://testupdateregionpowershell11-eastus.documents.azure.com:443/\",\r\n        \"provisioningState\": \"Succeeded\",\r\n        \"failoverPriority\": 0,\r\n        \"isZoneRedundant\": false\r\n      },\r\n      {\r\n        \"id\": \"testupdateregionpowershell11-westus\",\r\n        \"locationName\": \"West US\",\r\n        \"documentEndpoint\": \"https://testupdateregionpowershell11-westus.documents.azure.com:443/\",\r\n        \"provisioningState\": \"Succeeded\",\r\n        \"failoverPriority\": 1,\r\n        \"isZoneRedundant\": false\r\n      }\r\n    ],\r\n    \"readLocations\": [\r\n      {\r\n        \"id\": \"testupdateregionpowershell11-eastus\",\r\n        \"locationName\": \"East US\",\r\n        \"documentEndpoint\": \"https://testupdateregionpowershell11-eastus.documents.azure.com:443/\",\r\n        \"provisioningState\": \"Succeeded\",\r\n        \"failoverPriority\": 0,\r\n        \"isZoneRedundant\": false\r\n      },\r\n      {\r\n        \"id\": \"testupdateregionpowershell11-westus\",\r\n        \"locationName\": \"West US\",\r\n        \"documentEndpoint\": \"https://testupdateregionpowershell11-westus.documents.azure.com:443/\",\r\n        \"provisioningState\": \"Succeeded\",\r\n        \"failoverPriority\": 1,\r\n        \"isZoneRedundant\": false\r\n      }\r\n    ],\r\n    \"locations\": [\r\n      {\r\n        \"id\": \"testupdateregionpowershell11-eastus\",\r\n        \"locationName\": \"East US\",\r\n        \"documentEndpoint\": \"https://testupdateregionpowershell11-eastus.documents.azure.com:443/\",\r\n        \"provisioningState\": \"Succeeded\",\r\n        \"failoverPriority\": 0,\r\n        \"isZoneRedundant\": false\r\n      },\r\n      {\r\n        \"id\": \"testupdateregionpowershell11-westus\",\r\n        \"locationName\": \"West US\",\r\n        \"documentEndpoint\": \"https://testupdateregionpowershell11-westus.documents.azure.com:443/\",\r\n        \"provisioningState\": \"Succeeded\",\r\n        \"failoverPriority\": 1,\r\n        \"isZoneRedundant\": false\r\n      }\r\n    ],\r\n    \"failoverPolicies\": [\r\n      {\r\n        \"id\": \"testupdateregionpowershell11-eastus\",\r\n        \"locationName\": \"East US\",\r\n        \"failoverPriority\": 0\r\n      },\r\n      {\r\n        \"id\": \"testupdateregionpowershell11-westus\",\r\n        \"locationName\": \"West US\",\r\n        \"failoverPriority\": 1\r\n      }\r\n    ],\r\n    \"cors\": [],\r\n    \"capabilities\": [],\r\n    \"ipRules\": [],\r\n    \"backupPolicy\": {\r\n      \"type\": \"Periodic\",\r\n      \"periodicModeProperties\": {\r\n        \"backupIntervalInMinutes\": 240,\r\n        \"backupRetentionIntervalInHours\": 8,\r\n        \"backupStorageRedundancy\": \"Geo\"\r\n      }\r\n    },\r\n    \"networkAclBypassResourceIds\": [],\r\n    \"keysMetadata\": {\r\n      \"primaryMasterKey\": {\r\n        \"generationTime\": \"2023-12-13T17:59:05.3389653-08:00\"\r\n      },\r\n      \"secondaryMasterKey\": {\r\n        \"generationTime\": \"2023-12-13T17:59:05.3389653-08:00\"\r\n      },\r\n      \"primaryReadonlyMasterKey\": {\r\n        \"generationTime\": \"2023-12-13T17:59:05.3389653-08:00\"\r\n      },\r\n      \"secondaryReadonlyMasterKey\": {\r\n        \"generationTime\": \"2023-12-13T17:59:05.3389653-08:00\"\r\n      }\r\n    }\r\n  },\r\n  \"identity\": {\r\n    \"type\": \"None\"\r\n  }\r\n}",
      "StatusCode": 200
    },
    {
      "RequestUri": "/subscriptions/23587e98-b6ac-4328-a753-03bcd3c8e744/resourceGroups/CosmosDBResourceGroup9/providers/Microsoft.DocumentDB/databaseAccounts/testupdateregionpowershell11?api-version=2023-11-15",
      "EncodedRequestUri": "L3N1YnNjcmlwdGlvbnMvMjM1ODdlOTgtYjZhYy00MzI4LWE3NTMtMDNiY2QzYzhlNzQ0L3Jlc291cmNlR3JvdXBzL0Nvc21vc0RCUmVzb3VyY2VHcm91cDkvcHJvdmlkZXJzL01pY3Jvc29mdC5Eb2N1bWVudERCL2RhdGFiYXNlQWNjb3VudHMvdGVzdHVwZGF0ZXJlZ2lvbnBvd2Vyc2hlbGwxMT9hcGktdmVyc2lvbj0yMDIzLTExLTE1",
      "RequestMethod": "GET",
      "RequestHeaders": {
        "x-ms-client-request-id": [
          "6ed0f137-b049-48da-a1b7-60f2edbe8ebe"
        ],
        "Accept-Language": [
          "en-US"
        ],
        "User-Agent": [
          "FxVersion/6.0.2523.51912",
          "OSName/Windows",
          "OSVersion/Microsoft.Windows.10.0.22621",
          "Microsoft.Azure.Management.CosmosDB.CosmosDBManagementClient/1.14.0"
        ]
      },
      "RequestBody": "",
      "ResponseHeaders": {
        "Cache-Control": [
          "no-store, no-cache"
        ],
        "Pragma": [
          "no-cache"
        ],
        "Strict-Transport-Security": [
          "max-age=31536000; includeSubDomains"
        ],
        "x-ms-gatewayversion": [
          "version=2.14.0"
        ],
        "x-ms-ratelimit-remaining-subscription-reads": [
          "11993"
        ],
        "x-ms-request-id": [
          "eddbcbbc-124e-4657-b49e-185d0d86fbc6"
        ],
        "x-ms-correlation-request-id": [
          "eddbcbbc-124e-4657-b49e-185d0d86fbc6"
        ],
        "x-ms-routing-request-id": [
          "EASTUS2EUAP:20231214T020204Z:eddbcbbc-124e-4657-b49e-185d0d86fbc6"
        ],
        "X-Content-Type-Options": [
          "nosniff"
        ],
        "X-Cache": [
          "CONFIG_NOCACHE"
        ],
        "X-MSEdge-Ref": [
          "Ref A: 0BBE169969EB4C63AEF38B9286417909 Ref B: CO6AA3150218017 Ref C: 2023-12-14T02:02:04Z"
        ],
        "Date": [
          "Thu, 14 Dec 2023 02:02:04 GMT"
        ],
        "Content-Length": [
          "3688"
        ],
        "Content-Type": [
          "application/json"
        ]
      },
      "ResponseBody": "{\r\n  \"id\": \"/subscriptions/23587e98-b6ac-4328-a753-03bcd3c8e744/resourceGroups/CosmosDBResourceGroup9/providers/Microsoft.DocumentDB/databaseAccounts/testupdateregionpowershell11\",\r\n  \"name\": \"testupdateregionpowershell11\",\r\n  \"location\": \"East US\",\r\n  \"type\": \"Microsoft.DocumentDB/databaseAccounts\",\r\n  \"kind\": \"GlobalDocumentDB\",\r\n  \"tags\": {},\r\n  \"systemData\": {\r\n    \"createdAt\": \"2023-12-13T17:59:05.3389653-08:00\"\r\n  },\r\n  \"properties\": {\r\n    \"provisioningState\": \"Succeeded\",\r\n    \"documentEndpoint\": \"https://testupdateregionpowershell11.documents.azure.com:443/\",\r\n    \"sqlEndpoint\": \"https://testupdateregionpowershell11.documents.azure.com:443/\",\r\n    \"publicNetworkAccess\": \"Enabled\",\r\n    \"enableAutomaticFailover\": true,\r\n    \"enableMultipleWriteLocations\": true,\r\n    \"enablePartitionKeyMonitor\": false,\r\n    \"isVirtualNetworkFilterEnabled\": false,\r\n    \"virtualNetworkRules\": [],\r\n    \"EnabledApiTypes\": \"Sql\",\r\n    \"disableKeyBasedMetadataWriteAccess\": false,\r\n    \"enableFreeTier\": false,\r\n    \"enableAnalyticalStorage\": false,\r\n    \"analyticalStorageConfiguration\": {\r\n      \"schemaType\": \"WellDefined\"\r\n    },\r\n    \"instanceId\": \"70d9f70e-1c22-4ec5-9000-3066cc1165d6\",\r\n    \"databaseAccountOfferType\": \"Standard\",\r\n    \"defaultIdentity\": \"FirstPartyIdentity\",\r\n    \"networkAclBypass\": \"None\",\r\n    \"disableLocalAuth\": false,\r\n    \"enablePartitionMerge\": false,\r\n    \"enableBurstCapacity\": false,\r\n    \"minimalTlsVersion\": \"Tls12\",\r\n    \"consistencyPolicy\": {\r\n      \"defaultConsistencyLevel\": \"Session\",\r\n      \"maxIntervalInSeconds\": 5,\r\n      \"maxStalenessPrefix\": 100\r\n    },\r\n    \"configurationOverrides\": {\r\n      \"EnablePerRegionPerPartitionAutoscaleOptIn\": \"True\"\r\n    },\r\n    \"writeLocations\": [\r\n      {\r\n        \"id\": \"testupdateregionpowershell11-eastus\",\r\n        \"locationName\": \"East US\",\r\n        \"documentEndpoint\": \"https://testupdateregionpowershell11-eastus.documents.azure.com:443/\",\r\n        \"provisioningState\": \"Succeeded\",\r\n        \"failoverPriority\": 0,\r\n        \"isZoneRedundant\": false\r\n      },\r\n      {\r\n        \"id\": \"testupdateregionpowershell11-westus\",\r\n        \"locationName\": \"West US\",\r\n        \"documentEndpoint\": \"https://testupdateregionpowershell11-westus.documents.azure.com:443/\",\r\n        \"provisioningState\": \"Succeeded\",\r\n        \"failoverPriority\": 1,\r\n        \"isZoneRedundant\": false\r\n      }\r\n    ],\r\n    \"readLocations\": [\r\n      {\r\n        \"id\": \"testupdateregionpowershell11-eastus\",\r\n        \"locationName\": \"East US\",\r\n        \"documentEndpoint\": \"https://testupdateregionpowershell11-eastus.documents.azure.com:443/\",\r\n        \"provisioningState\": \"Succeeded\",\r\n        \"failoverPriority\": 0,\r\n        \"isZoneRedundant\": false\r\n      },\r\n      {\r\n        \"id\": \"testupdateregionpowershell11-westus\",\r\n        \"locationName\": \"West US\",\r\n        \"documentEndpoint\": \"https://testupdateregionpowershell11-westus.documents.azure.com:443/\",\r\n        \"provisioningState\": \"Succeeded\",\r\n        \"failoverPriority\": 1,\r\n        \"isZoneRedundant\": false\r\n      }\r\n    ],\r\n    \"locations\": [\r\n      {\r\n        \"id\": \"testupdateregionpowershell11-eastus\",\r\n        \"locationName\": \"East US\",\r\n        \"documentEndpoint\": \"https://testupdateregionpowershell11-eastus.documents.azure.com:443/\",\r\n        \"provisioningState\": \"Succeeded\",\r\n        \"failoverPriority\": 0,\r\n        \"isZoneRedundant\": false\r\n      },\r\n      {\r\n        \"id\": \"testupdateregionpowershell11-westus\",\r\n        \"locationName\": \"West US\",\r\n        \"documentEndpoint\": \"https://testupdateregionpowershell11-westus.documents.azure.com:443/\",\r\n        \"provisioningState\": \"Succeeded\",\r\n        \"failoverPriority\": 1,\r\n        \"isZoneRedundant\": false\r\n      }\r\n    ],\r\n    \"failoverPolicies\": [\r\n      {\r\n        \"id\": \"testupdateregionpowershell11-eastus\",\r\n        \"locationName\": \"East US\",\r\n        \"failoverPriority\": 0\r\n      },\r\n      {\r\n        \"id\": \"testupdateregionpowershell11-westus\",\r\n        \"locationName\": \"West US\",\r\n        \"failoverPriority\": 1\r\n      }\r\n    ],\r\n    \"cors\": [],\r\n    \"capabilities\": [],\r\n    \"ipRules\": [],\r\n    \"backupPolicy\": {\r\n      \"type\": \"Periodic\",\r\n      \"periodicModeProperties\": {\r\n        \"backupIntervalInMinutes\": 240,\r\n        \"backupRetentionIntervalInHours\": 8,\r\n        \"backupStorageRedundancy\": \"Geo\"\r\n      }\r\n    },\r\n    \"networkAclBypassResourceIds\": [],\r\n    \"keysMetadata\": {\r\n      \"primaryMasterKey\": {\r\n        \"generationTime\": \"2023-12-13T17:59:05.3389653-08:00\"\r\n      },\r\n      \"secondaryMasterKey\": {\r\n        \"generationTime\": \"2023-12-13T17:59:05.3389653-08:00\"\r\n      },\r\n      \"primaryReadonlyMasterKey\": {\r\n        \"generationTime\": \"2023-12-13T17:59:05.3389653-08:00\"\r\n      },\r\n      \"secondaryReadonlyMasterKey\": {\r\n        \"generationTime\": \"2023-12-13T17:59:05.3389653-08:00\"\r\n      }\r\n    }\r\n  },\r\n  \"identity\": {\r\n    \"type\": \"None\"\r\n  }\r\n}",
      "StatusCode": 200
    },
    {
      "RequestUri": "/subscriptions/23587e98-b6ac-4328-a753-03bcd3c8e744/resourceGroups/CosmosDBResourceGroup9/providers/Microsoft.DocumentDB/databaseAccounts/testupdateregionpowershell11?api-version=2023-11-15",
      "EncodedRequestUri": "L3N1YnNjcmlwdGlvbnMvMjM1ODdlOTgtYjZhYy00MzI4LWE3NTMtMDNiY2QzYzhlNzQ0L3Jlc291cmNlR3JvdXBzL0Nvc21vc0RCUmVzb3VyY2VHcm91cDkvcHJvdmlkZXJzL01pY3Jvc29mdC5Eb2N1bWVudERCL2RhdGFiYXNlQWNjb3VudHMvdGVzdHVwZGF0ZXJlZ2lvbnBvd2Vyc2hlbGwxMT9hcGktdmVyc2lvbj0yMDIzLTExLTE1",
      "RequestMethod": "GET",
      "RequestHeaders": {
        "x-ms-client-request-id": [
          "e95c6bc9-99e4-4cd4-af48-08a87497f039"
        ],
        "Accept-Language": [
          "en-US"
        ],
        "User-Agent": [
          "FxVersion/6.0.2523.51912",
          "OSName/Windows",
          "OSVersion/Microsoft.Windows.10.0.22621",
          "Microsoft.Azure.Management.CosmosDB.CosmosDBManagementClient/1.14.0"
        ]
      },
      "RequestBody": "",
      "ResponseHeaders": {
        "Cache-Control": [
          "no-store, no-cache"
        ],
        "Pragma": [
          "no-cache"
        ],
        "Strict-Transport-Security": [
          "max-age=31536000; includeSubDomains"
        ],
        "x-ms-gatewayversion": [
          "version=2.14.0"
        ],
        "x-ms-ratelimit-remaining-subscription-reads": [
          "11999"
        ],
        "x-ms-request-id": [
          "65205ac6-6a52-480f-848a-7ebe94f8366c"
        ],
        "x-ms-correlation-request-id": [
          "65205ac6-6a52-480f-848a-7ebe94f8366c"
        ],
        "x-ms-routing-request-id": [
          "EASTUS2EUAP:20231214T020305Z:65205ac6-6a52-480f-848a-7ebe94f8366c"
        ],
        "X-Content-Type-Options": [
          "nosniff"
        ],
        "X-Cache": [
          "CONFIG_NOCACHE"
        ],
        "X-MSEdge-Ref": [
          "Ref A: 95C9047292B54D66AF322190EA2AEDB8 Ref B: CO6AA3150220009 Ref C: 2023-12-14T02:03:04Z"
        ],
        "Date": [
          "Thu, 14 Dec 2023 02:03:05 GMT"
        ],
        "Content-Length": [
          "3688"
        ],
        "Content-Type": [
          "application/json"
        ]
      },
      "ResponseBody": "{\r\n  \"id\": \"/subscriptions/23587e98-b6ac-4328-a753-03bcd3c8e744/resourceGroups/CosmosDBResourceGroup9/providers/Microsoft.DocumentDB/databaseAccounts/testupdateregionpowershell11\",\r\n  \"name\": \"testupdateregionpowershell11\",\r\n  \"location\": \"East US\",\r\n  \"type\": \"Microsoft.DocumentDB/databaseAccounts\",\r\n  \"kind\": \"GlobalDocumentDB\",\r\n  \"tags\": {},\r\n  \"systemData\": {\r\n    \"createdAt\": \"2023-12-13T17:59:05.3389653-08:00\"\r\n  },\r\n  \"properties\": {\r\n    \"provisioningState\": \"Succeeded\",\r\n    \"documentEndpoint\": \"https://testupdateregionpowershell11.documents.azure.com:443/\",\r\n    \"sqlEndpoint\": \"https://testupdateregionpowershell11.documents.azure.com:443/\",\r\n    \"publicNetworkAccess\": \"Enabled\",\r\n    \"enableAutomaticFailover\": true,\r\n    \"enableMultipleWriteLocations\": true,\r\n    \"enablePartitionKeyMonitor\": false,\r\n    \"isVirtualNetworkFilterEnabled\": false,\r\n    \"virtualNetworkRules\": [],\r\n    \"EnabledApiTypes\": \"Sql\",\r\n    \"disableKeyBasedMetadataWriteAccess\": false,\r\n    \"enableFreeTier\": false,\r\n    \"enableAnalyticalStorage\": false,\r\n    \"analyticalStorageConfiguration\": {\r\n      \"schemaType\": \"WellDefined\"\r\n    },\r\n    \"instanceId\": \"70d9f70e-1c22-4ec5-9000-3066cc1165d6\",\r\n    \"databaseAccountOfferType\": \"Standard\",\r\n    \"defaultIdentity\": \"FirstPartyIdentity\",\r\n    \"networkAclBypass\": \"None\",\r\n    \"disableLocalAuth\": false,\r\n    \"enablePartitionMerge\": false,\r\n    \"enableBurstCapacity\": false,\r\n    \"minimalTlsVersion\": \"Tls12\",\r\n    \"consistencyPolicy\": {\r\n      \"defaultConsistencyLevel\": \"Session\",\r\n      \"maxIntervalInSeconds\": 5,\r\n      \"maxStalenessPrefix\": 100\r\n    },\r\n    \"configurationOverrides\": {\r\n      \"EnablePerRegionPerPartitionAutoscaleOptIn\": \"True\"\r\n    },\r\n    \"writeLocations\": [\r\n      {\r\n        \"id\": \"testupdateregionpowershell11-eastus\",\r\n        \"locationName\": \"East US\",\r\n        \"documentEndpoint\": \"https://testupdateregionpowershell11-eastus.documents.azure.com:443/\",\r\n        \"provisioningState\": \"Succeeded\",\r\n        \"failoverPriority\": 0,\r\n        \"isZoneRedundant\": false\r\n      },\r\n      {\r\n        \"id\": \"testupdateregionpowershell11-westus\",\r\n        \"locationName\": \"West US\",\r\n        \"documentEndpoint\": \"https://testupdateregionpowershell11-westus.documents.azure.com:443/\",\r\n        \"provisioningState\": \"Succeeded\",\r\n        \"failoverPriority\": 1,\r\n        \"isZoneRedundant\": false\r\n      }\r\n    ],\r\n    \"readLocations\": [\r\n      {\r\n        \"id\": \"testupdateregionpowershell11-eastus\",\r\n        \"locationName\": \"East US\",\r\n        \"documentEndpoint\": \"https://testupdateregionpowershell11-eastus.documents.azure.com:443/\",\r\n        \"provisioningState\": \"Succeeded\",\r\n        \"failoverPriority\": 0,\r\n        \"isZoneRedundant\": false\r\n      },\r\n      {\r\n        \"id\": \"testupdateregionpowershell11-westus\",\r\n        \"locationName\": \"West US\",\r\n        \"documentEndpoint\": \"https://testupdateregionpowershell11-westus.documents.azure.com:443/\",\r\n        \"provisioningState\": \"Succeeded\",\r\n        \"failoverPriority\": 1,\r\n        \"isZoneRedundant\": false\r\n      }\r\n    ],\r\n    \"locations\": [\r\n      {\r\n        \"id\": \"testupdateregionpowershell11-eastus\",\r\n        \"locationName\": \"East US\",\r\n        \"documentEndpoint\": \"https://testupdateregionpowershell11-eastus.documents.azure.com:443/\",\r\n        \"provisioningState\": \"Succeeded\",\r\n        \"failoverPriority\": 0,\r\n        \"isZoneRedundant\": false\r\n      },\r\n      {\r\n        \"id\": \"testupdateregionpowershell11-westus\",\r\n        \"locationName\": \"West US\",\r\n        \"documentEndpoint\": \"https://testupdateregionpowershell11-westus.documents.azure.com:443/\",\r\n        \"provisioningState\": \"Succeeded\",\r\n        \"failoverPriority\": 1,\r\n        \"isZoneRedundant\": false\r\n      }\r\n    ],\r\n    \"failoverPolicies\": [\r\n      {\r\n        \"id\": \"testupdateregionpowershell11-eastus\",\r\n        \"locationName\": \"East US\",\r\n        \"failoverPriority\": 0\r\n      },\r\n      {\r\n        \"id\": \"testupdateregionpowershell11-westus\",\r\n        \"locationName\": \"West US\",\r\n        \"failoverPriority\": 1\r\n      }\r\n    ],\r\n    \"cors\": [],\r\n    \"capabilities\": [],\r\n    \"ipRules\": [],\r\n    \"backupPolicy\": {\r\n      \"type\": \"Periodic\",\r\n      \"periodicModeProperties\": {\r\n        \"backupIntervalInMinutes\": 240,\r\n        \"backupRetentionIntervalInHours\": 8,\r\n        \"backupStorageRedundancy\": \"Geo\"\r\n      }\r\n    },\r\n    \"networkAclBypassResourceIds\": [],\r\n    \"keysMetadata\": {\r\n      \"primaryMasterKey\": {\r\n        \"generationTime\": \"2023-12-13T17:59:05.3389653-08:00\"\r\n      },\r\n      \"secondaryMasterKey\": {\r\n        \"generationTime\": \"2023-12-13T17:59:05.3389653-08:00\"\r\n      },\r\n      \"primaryReadonlyMasterKey\": {\r\n        \"generationTime\": \"2023-12-13T17:59:05.3389653-08:00\"\r\n      },\r\n      \"secondaryReadonlyMasterKey\": {\r\n        \"generationTime\": \"2023-12-13T17:59:05.3389653-08:00\"\r\n      }\r\n    }\r\n  },\r\n  \"identity\": {\r\n    \"type\": \"None\"\r\n  }\r\n}",
      "StatusCode": 200
    },
    {
      "RequestUri": "/subscriptions/23587e98-b6ac-4328-a753-03bcd3c8e744/resourceGroups/CosmosDBResourceGroup9/providers/Microsoft.DocumentDB/databaseAccounts/testupdateregionpowershell11?api-version=2023-11-15",
      "EncodedRequestUri": "L3N1YnNjcmlwdGlvbnMvMjM1ODdlOTgtYjZhYy00MzI4LWE3NTMtMDNiY2QzYzhlNzQ0L3Jlc291cmNlR3JvdXBzL0Nvc21vc0RCUmVzb3VyY2VHcm91cDkvcHJvdmlkZXJzL01pY3Jvc29mdC5Eb2N1bWVudERCL2RhdGFiYXNlQWNjb3VudHMvdGVzdHVwZGF0ZXJlZ2lvbnBvd2Vyc2hlbGwxMT9hcGktdmVyc2lvbj0yMDIzLTExLTE1",
      "RequestMethod": "PUT",
      "RequestHeaders": {
        "x-ms-client-request-id": [
          "7f1d266b-7490-4ea5-8807-c45ac6fb4675"
        ],
        "Accept-Language": [
          "en-US"
        ],
        "User-Agent": [
          "FxVersion/6.0.2523.51912",
          "OSName/Windows",
          "OSVersion/Microsoft.Windows.10.0.22621",
          "Microsoft.Azure.Management.CosmosDB.CosmosDBManagementClient/1.14.0"
        ],
        "Content-Type": [
          "application/json; charset=utf-8"
        ],
        "Content-Length": [
          "585"
        ]
      },
      "RequestBody": "{\r\n  \"kind\": \"GlobalDocumentDB\",\r\n  \"properties\": {\r\n    \"consistencyPolicy\": {\r\n      \"defaultConsistencyLevel\": \"Session\"\r\n    },\r\n    \"locations\": [\r\n      {\r\n        \"locationName\": \"East US\",\r\n        \"failoverPriority\": 0\r\n      }\r\n    ],\r\n    \"isVirtualNetworkFilterEnabled\": false,\r\n    \"enableAutomaticFailover\": true,\r\n    \"virtualNetworkRules\": [],\r\n    \"enableMultipleWriteLocations\": true,\r\n    \"disableKeyBasedMetadataWriteAccess\": false,\r\n    \"networkAclBypassResourceIds\": [],\r\n    \"databaseAccountOfferType\": \"Standard\"\r\n  },\r\n  \"location\": \"East US\",\r\n  \"tags\": {}\r\n}",
      "ResponseHeaders": {
        "Cache-Control": [
          "no-store, no-cache"
        ],
        "Pragma": [
          "no-cache"
        ],
        "Location": [
          "https://eastus2euap.management.azure.com/subscriptions/23587e98-b6ac-4328-a753-03bcd3c8e744/resourceGroups/CosmosDBResourceGroup9/providers/Microsoft.DocumentDB/databaseAccounts/testupdateregionpowershell11/operationResults/fb4fde50-f9da-4c6a-b8c6-f9f427a61ba3?api-version=2023-11-15&t=638381158723275511&c=MIIHADCCBeigAwIBAgITfAQLcaCng4PbkqfYgwAABAtxoDANBgkqhkiG9w0BAQsFADBEMRMwEQYKCZImiZPyLGQBGRYDR0JMMRMwEQYKCZImiZPyLGQBGRYDQU1FMRgwFgYDVQQDEw9BTUUgSW5mcmEgQ0EgMDUwHhcNMjMxMTAxMTI0MzI3WhcNMjQxMDI2MTI0MzI3WjBAMT4wPAYDVQQDEzVhc3luY29wZXJhdGlvbnNpZ25pbmdjZXJ0aWZpY2F0ZS5tYW5hZ2VtZW50LmF6dXJlLmNvbTCCASIwDQYJKoZIhvcNAQEBBQADggEPADCCAQoCggEBAMASS-hQHZh3XnrtcarjidBFWnrMJQEJvuV8hmX9ZJXQUZqdXkcsybCmcZ6GrD53Hm7BL0BPMu_lJjUwk3pgogwY11A6zSH-nrWPylUiyRfB1YXbAZPizS5TCGZKkLUEYmLzB7U79kh3b8BV9UYM875ZA3ZUSkKjj0gsT9yvz4wUFff2HnZR6qtFZMkPGZmRnKX6PRKOsRdZSWBD7i7UUqmYcViOIFQkvZHv6Ud_Vh4DV6L6aUaScJUCkvkUYz208Gfg8ja4cpzEPr3dPNqVlgvBHZtugQfcrVXwlXj3tyVp8miHHqcI83XQ-PD2c5UK8v6UWrpq1qcZntcORl2ElikCAwEAAaOCA-0wggPpMCcGCSsGAQQBgjcVCgQaMBgwCgYIKwYBBQUHAwEwCgYIKwYBBQUHAwIwPQYJKwYBBAGCNxUHBDAwLgYmKwYBBAGCNxUIhpDjDYTVtHiE8Ys-hZvdFs6dEoFggvX2K4Py0SACAWQCAQowggHLBggrBgEFBQcBAQSCAb0wggG5MGMGCCsGAQUFBzAChldodHRwOi8vY3JsLm1pY3Jvc29mdC5jb20vcGtpaW5mcmEvQ2VydHMvQ08xUEtJSU5UQ0EwMS5BTUUuR0JMX0FNRSUyMEluZnJhJTIwQ0ElMjAwNS5jcnQwUwYIKwYBBQUHMAKGR2h0dHA6Ly9jcmwxLmFtZS5nYmwvYWlhL0NPMVBLSUlOVENBMDEuQU1FLkdCTF9BTUUlMjBJbmZyYSUyMENBJTIwMDUuY3J0MFMGCCsGAQUFBzAChkdodHRwOi8vY3JsMi5hbWUuZ2JsL2FpYS9DTzFQS0lJTlRDQTAxLkFNRS5HQkxfQU1FJTIwSW5mcmElMjBDQSUyMDA1LmNydDBTBggrBgEFBQcwAoZHaHR0cDovL2NybDMuYW1lLmdibC9haWEvQ08xUEtJSU5UQ0EwMS5BTUUuR0JMX0FNRSUyMEluZnJhJTIwQ0ElMjAwNS5jcnQwUwYIKwYBBQUHMAKGR2h0dHA6Ly9jcmw0LmFtZS5nYmwvYWlhL0NPMVBLSUlOVENBMDEuQU1FLkdCTF9BTUUlMjBJbmZyYSUyMENBJTIwMDUuY3J0MB0GA1UdDgQWBBTkDCwlzPvFs769Ab_QQx8W_EeO0DAOBgNVHQ8BAf8EBAMCBaAwggEmBgNVHR8EggEdMIIBGTCCARWgggERoIIBDYY_aHR0cDovL2NybC5taWNyb3NvZnQuY29tL3BraWluZnJhL0NSTC9BTUUlMjBJbmZyYSUyMENBJTIwMDUuY3JshjFodHRwOi8vY3JsMS5hbWUuZ2JsL2NybC9BTUUlMjBJbmZyYSUyMENBJTIwMDUuY3JshjFodHRwOi8vY3JsMi5hbWUuZ2JsL2NybC9BTUUlMjBJbmZyYSUyMENBJTIwMDUuY3JshjFodHRwOi8vY3JsMy5hbWUuZ2JsL2NybC9BTUUlMjBJbmZyYSUyMENBJTIwMDUuY3JshjFodHRwOi8vY3JsNC5hbWUuZ2JsL2NybC9BTUUlMjBJbmZyYSUyMENBJTIwMDUuY3JsMBcGA1UdIAQQMA4wDAYKKwYBBAGCN3sBATAfBgNVHSMEGDAWgBR61hmFKHlscXYeYPjzS--iBUIWHTAdBgNVHSUEFjAUBggrBgEFBQcDAQYIKwYBBQUHAwIwDQYJKoZIhvcNAQELBQADggEBAJ-6aG3jwyd99FDf0mv60D3VvRrxjvV6U4HiqwVQxEKwPQZNHm1kcECNs1rT2-P4sErBJDDd7jXZ4hrfov8CAnHDO2Zed-44FHFVRDaqmkGjwEQMoYgd2sJ7n8CH-9e5P10vQKFkvD3b6fMtwS-OJCP59VSS4hAMv6-hDdhmA0yfzU_F6urksdXHQoUENIaRzpoWltT9BInQRwMP8mmdjocHZ1n-cvoGU4-BxNNjTNAOQo0O6jSEtyRG6VZq2d9tfgpMQovst57UC603ayt-UkUAqO9E27ehsFLtYs76t7q1kGykK9t05TEB2Dcc9L7FEGvos2ht1Zgudr8Hi0aztFs&s=K6FxdHwXHRESonTDNjQGmPPbYQWr-skHgZwO2JbSP_2YUtZZQyEuDclpynbbUfXFkb0swuptLFtAflStU14EZCs2zOJgLCgAWa22T3zGkZz02jxqQoIowFsoxpHiExywiojqKkH7Bi79J6U8gL2xel44sLZfj79KhTzawcZzmNDe7EKeSpn1sJJ1NaGNNDCOl3pQc6SKpmaL0ORnbNR49xDbQ5M5y-P_091Lr-7n2gJkQ53oPQg_4DgWpylekgw5UOi-21r2Y1OuvBDBIOktI2GYhgTSgpQWyr7TkwPvfJT1VwIIgwk_fnDL3PAn6XXYcNF2ed7BO1XodyrIpLn-Dw&h=EOW5fdIHiEAOoeQqDJTpkPfKziP3dPu-l64NsNmIgsk"
        ],
        "x-ms-request-id": [
          "fb4fde50-f9da-4c6a-b8c6-f9f427a61ba3"
        ],
        "Azure-AsyncOperation": [
          "https://eastus2euap.management.azure.com/subscriptions/23587e98-b6ac-4328-a753-03bcd3c8e744/providers/Microsoft.DocumentDB/locations/eastus/operationsStatus/fb4fde50-f9da-4c6a-b8c6-f9f427a61ba3?api-version=2023-11-15&t=638381158723119330&c=MIIHADCCBeigAwIBAgITfAQLcaCng4PbkqfYgwAABAtxoDANBgkqhkiG9w0BAQsFADBEMRMwEQYKCZImiZPyLGQBGRYDR0JMMRMwEQYKCZImiZPyLGQBGRYDQU1FMRgwFgYDVQQDEw9BTUUgSW5mcmEgQ0EgMDUwHhcNMjMxMTAxMTI0MzI3WhcNMjQxMDI2MTI0MzI3WjBAMT4wPAYDVQQDEzVhc3luY29wZXJhdGlvbnNpZ25pbmdjZXJ0aWZpY2F0ZS5tYW5hZ2VtZW50LmF6dXJlLmNvbTCCASIwDQYJKoZIhvcNAQEBBQADggEPADCCAQoCggEBAMASS-hQHZh3XnrtcarjidBFWnrMJQEJvuV8hmX9ZJXQUZqdXkcsybCmcZ6GrD53Hm7BL0BPMu_lJjUwk3pgogwY11A6zSH-nrWPylUiyRfB1YXbAZPizS5TCGZKkLUEYmLzB7U79kh3b8BV9UYM875ZA3ZUSkKjj0gsT9yvz4wUFff2HnZR6qtFZMkPGZmRnKX6PRKOsRdZSWBD7i7UUqmYcViOIFQkvZHv6Ud_Vh4DV6L6aUaScJUCkvkUYz208Gfg8ja4cpzEPr3dPNqVlgvBHZtugQfcrVXwlXj3tyVp8miHHqcI83XQ-PD2c5UK8v6UWrpq1qcZntcORl2ElikCAwEAAaOCA-0wggPpMCcGCSsGAQQBgjcVCgQaMBgwCgYIKwYBBQUHAwEwCgYIKwYBBQUHAwIwPQYJKwYBBAGCNxUHBDAwLgYmKwYBBAGCNxUIhpDjDYTVtHiE8Ys-hZvdFs6dEoFggvX2K4Py0SACAWQCAQowggHLBggrBgEFBQcBAQSCAb0wggG5MGMGCCsGAQUFBzAChldodHRwOi8vY3JsLm1pY3Jvc29mdC5jb20vcGtpaW5mcmEvQ2VydHMvQ08xUEtJSU5UQ0EwMS5BTUUuR0JMX0FNRSUyMEluZnJhJTIwQ0ElMjAwNS5jcnQwUwYIKwYBBQUHMAKGR2h0dHA6Ly9jcmwxLmFtZS5nYmwvYWlhL0NPMVBLSUlOVENBMDEuQU1FLkdCTF9BTUUlMjBJbmZyYSUyMENBJTIwMDUuY3J0MFMGCCsGAQUFBzAChkdodHRwOi8vY3JsMi5hbWUuZ2JsL2FpYS9DTzFQS0lJTlRDQTAxLkFNRS5HQkxfQU1FJTIwSW5mcmElMjBDQSUyMDA1LmNydDBTBggrBgEFBQcwAoZHaHR0cDovL2NybDMuYW1lLmdibC9haWEvQ08xUEtJSU5UQ0EwMS5BTUUuR0JMX0FNRSUyMEluZnJhJTIwQ0ElMjAwNS5jcnQwUwYIKwYBBQUHMAKGR2h0dHA6Ly9jcmw0LmFtZS5nYmwvYWlhL0NPMVBLSUlOVENBMDEuQU1FLkdCTF9BTUUlMjBJbmZyYSUyMENBJTIwMDUuY3J0MB0GA1UdDgQWBBTkDCwlzPvFs769Ab_QQx8W_EeO0DAOBgNVHQ8BAf8EBAMCBaAwggEmBgNVHR8EggEdMIIBGTCCARWgggERoIIBDYY_aHR0cDovL2NybC5taWNyb3NvZnQuY29tL3BraWluZnJhL0NSTC9BTUUlMjBJbmZyYSUyMENBJTIwMDUuY3JshjFodHRwOi8vY3JsMS5hbWUuZ2JsL2NybC9BTUUlMjBJbmZyYSUyMENBJTIwMDUuY3JshjFodHRwOi8vY3JsMi5hbWUuZ2JsL2NybC9BTUUlMjBJbmZyYSUyMENBJTIwMDUuY3JshjFodHRwOi8vY3JsMy5hbWUuZ2JsL2NybC9BTUUlMjBJbmZyYSUyMENBJTIwMDUuY3JshjFodHRwOi8vY3JsNC5hbWUuZ2JsL2NybC9BTUUlMjBJbmZyYSUyMENBJTIwMDUuY3JsMBcGA1UdIAQQMA4wDAYKKwYBBAGCN3sBATAfBgNVHSMEGDAWgBR61hmFKHlscXYeYPjzS--iBUIWHTAdBgNVHSUEFjAUBggrBgEFBQcDAQYIKwYBBQUHAwIwDQYJKoZIhvcNAQELBQADggEBAJ-6aG3jwyd99FDf0mv60D3VvRrxjvV6U4HiqwVQxEKwPQZNHm1kcECNs1rT2-P4sErBJDDd7jXZ4hrfov8CAnHDO2Zed-44FHFVRDaqmkGjwEQMoYgd2sJ7n8CH-9e5P10vQKFkvD3b6fMtwS-OJCP59VSS4hAMv6-hDdhmA0yfzU_F6urksdXHQoUENIaRzpoWltT9BInQRwMP8mmdjocHZ1n-cvoGU4-BxNNjTNAOQo0O6jSEtyRG6VZq2d9tfgpMQovst57UC603ayt-UkUAqO9E27ehsFLtYs76t7q1kGykK9t05TEB2Dcc9L7FEGvos2ht1Zgudr8Hi0aztFs&s=v_yVwgIbcL4KPzt7VTKt-kgSEB6XowdNOXsoGcKV2rQh3v3HuJdSX8tSF_lyp4KXrrqBo6p7Oq8iF7wpyWp2zWqdJI8LREmOElLLaZPBgNEsxq9KhPr3wAuQ2ctdWm3zipnxljoJBt5kK11ibm3aq-MWo_0dShUbJEbMPLgAEI-l0LS45L-UlKcCwu-F6vFFwdghQ1fHTrrePZTOrVsKnUZaHqT_yvUh0MQ3E9Wo0dkUdi4w6gvQ7DEicRoz0bT2vwxNO7U6rnrek8YGuT37k94m14E9xLbVhnxXKhCLflhIiOVZVNPlFOX4u-KbzlW059cXJ1CnLHLpfpqbUPoozg&h=qYsoXQl1WT_NovRo7udEtI8em30lLLWlW7yXNkXSX6M"
        ],
        "Strict-Transport-Security": [
          "max-age=31536000; includeSubDomains"
        ],
        "x-ms-gatewayversion": [
          "version=2.14.0"
        ],
        "x-ms-operation-identifier": [
          "appId=d2acab17-5eeb-497c-be35-9a48c149a367,tenantId=72f988bf-86f1-41af-91ab-2d7cd011db47,objectId=749ae451-1681-4488-ba62-98b91ab2e76e/eastus2euap/f87a7221-c8f7-4d2d-aa19-6f5e756cf277"
        ],
        "x-ms-ratelimit-remaining-subscription-writes": [
          "1199"
        ],
        "x-ms-correlation-request-id": [
          "0ced89d5-31f3-47a4-97b2-4043b320aac4"
        ],
        "x-ms-routing-request-id": [
          "EASTUS2EUAP:20231214T015752Z:0ced89d5-31f3-47a4-97b2-4043b320aac4"
        ],
        "X-Content-Type-Options": [
          "nosniff"
        ],
        "X-Cache": [
          "CONFIG_NOCACHE"
        ],
        "X-MSEdge-Ref": [
          "Ref A: 38752B752E50490A8603466CB4FE2E8D Ref B: CO6AA3150217051 Ref C: 2023-12-14T01:57:47Z"
        ],
        "Date": [
          "Thu, 14 Dec 2023 01:57:52 GMT"
        ],
        "Content-Length": [
          "2412"
        ],
        "Content-Type": [
          "application/json"
        ]
      },
      "ResponseBody": "{\r\n  \"id\": \"/subscriptions/23587e98-b6ac-4328-a753-03bcd3c8e744/resourceGroups/CosmosDBResourceGroup9/providers/Microsoft.DocumentDB/databaseAccounts/testupdateregionpowershell11\",\r\n  \"name\": \"testupdateregionpowershell11\",\r\n  \"location\": \"East US\",\r\n  \"type\": \"Microsoft.DocumentDB/databaseAccounts\",\r\n  \"kind\": \"GlobalDocumentDB\",\r\n  \"tags\": {},\r\n  \"systemData\": {\r\n    \"createdAt\": \"2023-12-14T01:57:50.9639182Z\"\r\n  },\r\n  \"properties\": {\r\n    \"provisioningState\": \"Creating\",\r\n    \"publicNetworkAccess\": \"Enabled\",\r\n    \"enableAutomaticFailover\": true,\r\n    \"enableMultipleWriteLocations\": true,\r\n    \"enablePartitionKeyMonitor\": false,\r\n    \"isVirtualNetworkFilterEnabled\": false,\r\n    \"virtualNetworkRules\": [],\r\n    \"EnabledApiTypes\": \"Sql\",\r\n    \"disableKeyBasedMetadataWriteAccess\": false,\r\n    \"enableFreeTier\": false,\r\n    \"enableAnalyticalStorage\": false,\r\n    \"analyticalStorageConfiguration\": {\r\n      \"schemaType\": \"WellDefined\"\r\n    },\r\n    \"instanceId\": \"70d9f70e-1c22-4ec5-9000-3066cc1165d6\",\r\n    \"databaseAccountOfferType\": \"Standard\",\r\n    \"defaultIdentity\": \"\",\r\n    \"networkAclBypass\": \"None\",\r\n    \"disableLocalAuth\": false,\r\n    \"enablePartitionMerge\": false,\r\n    \"enableBurstCapacity\": false,\r\n    \"minimalTlsVersion\": \"Tls12\",\r\n    \"consistencyPolicy\": {\r\n      \"defaultConsistencyLevel\": \"Session\",\r\n      \"maxIntervalInSeconds\": 5,\r\n      \"maxStalenessPrefix\": 100\r\n    },\r\n    \"configurationOverrides\": {\r\n      \"EnablePerRegionPerPartitionAutoscaleOptIn\": \"True\"\r\n    },\r\n    \"writeLocations\": [\r\n      {\r\n        \"id\": \"testupdateregionpowershell11-eastus\",\r\n        \"locationName\": \"East US\",\r\n        \"provisioningState\": \"Creating\",\r\n        \"failoverPriority\": 0,\r\n        \"isZoneRedundant\": false\r\n      }\r\n    ],\r\n    \"readLocations\": [\r\n      {\r\n        \"id\": \"testupdateregionpowershell11-eastus\",\r\n        \"locationName\": \"East US\",\r\n        \"provisioningState\": \"Creating\",\r\n        \"failoverPriority\": 0,\r\n        \"isZoneRedundant\": false\r\n      }\r\n    ],\r\n    \"locations\": [\r\n      {\r\n        \"id\": \"testupdateregionpowershell11-eastus\",\r\n        \"locationName\": \"East US\",\r\n        \"provisioningState\": \"Creating\",\r\n        \"failoverPriority\": 0,\r\n        \"isZoneRedundant\": false\r\n      }\r\n    ],\r\n    \"failoverPolicies\": [\r\n      {\r\n        \"id\": \"testupdateregionpowershell11-eastus\",\r\n        \"locationName\": \"East US\",\r\n        \"failoverPriority\": 0\r\n      }\r\n    ],\r\n    \"cors\": [],\r\n    \"capabilities\": [],\r\n    \"ipRules\": [],\r\n    \"backupPolicy\": {\r\n      \"type\": \"Periodic\",\r\n      \"periodicModeProperties\": {\r\n        \"backupIntervalInMinutes\": 240,\r\n        \"backupRetentionIntervalInHours\": 8,\r\n        \"backupStorageRedundancy\": \"Invalid\"\r\n      }\r\n    },\r\n    \"networkAclBypassResourceIds\": [],\r\n    \"keysMetadata\": {\r\n      \"primaryMasterKey\": {\r\n        \"generationTime\": \"2023-12-14T01:57:50.9639182Z\"\r\n      },\r\n      \"secondaryMasterKey\": {\r\n        \"generationTime\": \"2023-12-14T01:57:50.9639182Z\"\r\n      },\r\n      \"primaryReadonlyMasterKey\": {\r\n        \"generationTime\": \"2023-12-14T01:57:50.9639182Z\"\r\n      },\r\n      \"secondaryReadonlyMasterKey\": {\r\n        \"generationTime\": \"2023-12-14T01:57:50.9639182Z\"\r\n      }\r\n    }\r\n  },\r\n  \"identity\": {\r\n    \"type\": \"None\"\r\n  }\r\n}",
      "StatusCode": 200
    },
    {
      "RequestUri": "/subscriptions/23587e98-b6ac-4328-a753-03bcd3c8e744/providers/Microsoft.DocumentDB/locations/eastus/operationsStatus/fb4fde50-f9da-4c6a-b8c6-f9f427a61ba3?api-version=2023-11-15&t=638381158723119330&c=MIIHADCCBeigAwIBAgITfAQLcaCng4PbkqfYgwAABAtxoDANBgkqhkiG9w0BAQsFADBEMRMwEQYKCZImiZPyLGQBGRYDR0JMMRMwEQYKCZImiZPyLGQBGRYDQU1FMRgwFgYDVQQDEw9BTUUgSW5mcmEgQ0EgMDUwHhcNMjMxMTAxMTI0MzI3WhcNMjQxMDI2MTI0MzI3WjBAMT4wPAYDVQQDEzVhc3luY29wZXJhdGlvbnNpZ25pbmdjZXJ0aWZpY2F0ZS5tYW5hZ2VtZW50LmF6dXJlLmNvbTCCASIwDQYJKoZIhvcNAQEBBQADggEPADCCAQoCggEBAMASS-hQHZh3XnrtcarjidBFWnrMJQEJvuV8hmX9ZJXQUZqdXkcsybCmcZ6GrD53Hm7BL0BPMu_lJjUwk3pgogwY11A6zSH-nrWPylUiyRfB1YXbAZPizS5TCGZKkLUEYmLzB7U79kh3b8BV9UYM875ZA3ZUSkKjj0gsT9yvz4wUFff2HnZR6qtFZMkPGZmRnKX6PRKOsRdZSWBD7i7UUqmYcViOIFQkvZHv6Ud_Vh4DV6L6aUaScJUCkvkUYz208Gfg8ja4cpzEPr3dPNqVlgvBHZtugQfcrVXwlXj3tyVp8miHHqcI83XQ-PD2c5UK8v6UWrpq1qcZntcORl2ElikCAwEAAaOCA-0wggPpMCcGCSsGAQQBgjcVCgQaMBgwCgYIKwYBBQUHAwEwCgYIKwYBBQUHAwIwPQYJKwYBBAGCNxUHBDAwLgYmKwYBBAGCNxUIhpDjDYTVtHiE8Ys-hZvdFs6dEoFggvX2K4Py0SACAWQCAQowggHLBggrBgEFBQcBAQSCAb0wggG5MGMGCCsGAQUFBzAChldodHRwOi8vY3JsLm1pY3Jvc29mdC5jb20vcGtpaW5mcmEvQ2VydHMvQ08xUEtJSU5UQ0EwMS5BTUUuR0JMX0FNRSUyMEluZnJhJTIwQ0ElMjAwNS5jcnQwUwYIKwYBBQUHMAKGR2h0dHA6Ly9jcmwxLmFtZS5nYmwvYWlhL0NPMVBLSUlOVENBMDEuQU1FLkdCTF9BTUUlMjBJbmZyYSUyMENBJTIwMDUuY3J0MFMGCCsGAQUFBzAChkdodHRwOi8vY3JsMi5hbWUuZ2JsL2FpYS9DTzFQS0lJTlRDQTAxLkFNRS5HQkxfQU1FJTIwSW5mcmElMjBDQSUyMDA1LmNydDBTBggrBgEFBQcwAoZHaHR0cDovL2NybDMuYW1lLmdibC9haWEvQ08xUEtJSU5UQ0EwMS5BTUUuR0JMX0FNRSUyMEluZnJhJTIwQ0ElMjAwNS5jcnQwUwYIKwYBBQUHMAKGR2h0dHA6Ly9jcmw0LmFtZS5nYmwvYWlhL0NPMVBLSUlOVENBMDEuQU1FLkdCTF9BTUUlMjBJbmZyYSUyMENBJTIwMDUuY3J0MB0GA1UdDgQWBBTkDCwlzPvFs769Ab_QQx8W_EeO0DAOBgNVHQ8BAf8EBAMCBaAwggEmBgNVHR8EggEdMIIBGTCCARWgggERoIIBDYY_aHR0cDovL2NybC5taWNyb3NvZnQuY29tL3BraWluZnJhL0NSTC9BTUUlMjBJbmZyYSUyMENBJTIwMDUuY3JshjFodHRwOi8vY3JsMS5hbWUuZ2JsL2NybC9BTUUlMjBJbmZyYSUyMENBJTIwMDUuY3JshjFodHRwOi8vY3JsMi5hbWUuZ2JsL2NybC9BTUUlMjBJbmZyYSUyMENBJTIwMDUuY3JshjFodHRwOi8vY3JsMy5hbWUuZ2JsL2NybC9BTUUlMjBJbmZyYSUyMENBJTIwMDUuY3JshjFodHRwOi8vY3JsNC5hbWUuZ2JsL2NybC9BTUUlMjBJbmZyYSUyMENBJTIwMDUuY3JsMBcGA1UdIAQQMA4wDAYKKwYBBAGCN3sBATAfBgNVHSMEGDAWgBR61hmFKHlscXYeYPjzS--iBUIWHTAdBgNVHSUEFjAUBggrBgEFBQcDAQYIKwYBBQUHAwIwDQYJKoZIhvcNAQELBQADggEBAJ-6aG3jwyd99FDf0mv60D3VvRrxjvV6U4HiqwVQxEKwPQZNHm1kcECNs1rT2-P4sErBJDDd7jXZ4hrfov8CAnHDO2Zed-44FHFVRDaqmkGjwEQMoYgd2sJ7n8CH-9e5P10vQKFkvD3b6fMtwS-OJCP59VSS4hAMv6-hDdhmA0yfzU_F6urksdXHQoUENIaRzpoWltT9BInQRwMP8mmdjocHZ1n-cvoGU4-BxNNjTNAOQo0O6jSEtyRG6VZq2d9tfgpMQovst57UC603ayt-UkUAqO9E27ehsFLtYs76t7q1kGykK9t05TEB2Dcc9L7FEGvos2ht1Zgudr8Hi0aztFs&s=v_yVwgIbcL4KPzt7VTKt-kgSEB6XowdNOXsoGcKV2rQh3v3HuJdSX8tSF_lyp4KXrrqBo6p7Oq8iF7wpyWp2zWqdJI8LREmOElLLaZPBgNEsxq9KhPr3wAuQ2ctdWm3zipnxljoJBt5kK11ibm3aq-MWo_0dShUbJEbMPLgAEI-l0LS45L-UlKcCwu-F6vFFwdghQ1fHTrrePZTOrVsKnUZaHqT_yvUh0MQ3E9Wo0dkUdi4w6gvQ7DEicRoz0bT2vwxNO7U6rnrek8YGuT37k94m14E9xLbVhnxXKhCLflhIiOVZVNPlFOX4u-KbzlW059cXJ1CnLHLpfpqbUPoozg&h=qYsoXQl1WT_NovRo7udEtI8em30lLLWlW7yXNkXSX6M",
      "EncodedRequestUri": "L3N1YnNjcmlwdGlvbnMvMjM1ODdlOTgtYjZhYy00MzI4LWE3NTMtMDNiY2QzYzhlNzQ0L3Byb3ZpZGVycy9NaWNyb3NvZnQuRG9jdW1lbnREQi9sb2NhdGlvbnMvZWFzdHVzL29wZXJhdGlvbnNTdGF0dXMvZmI0ZmRlNTAtZjlkYS00YzZhLWI4YzYtZjlmNDI3YTYxYmEzP2FwaS12ZXJzaW9uPTIwMjMtMTEtMTUmdD02MzgzODExNTg3MjMxMTkzMzAmYz1NSUlIQURDQ0JlaWdBd0lCQWdJVGZBUUxjYUNuZzRQYmtxZllnd0FBQkF0eG9EQU5CZ2txaGtpRzl3MEJBUXNGQURCRU1STXdFUVlLQ1pJbWlaUHlMR1FCR1JZRFIwSk1NUk13RVFZS0NaSW1pWlB5TEdRQkdSWURRVTFGTVJnd0ZnWURWUVFERXc5QlRVVWdTVzVtY21FZ1EwRWdNRFV3SGhjTk1qTXhNVEF4TVRJME16STNXaGNOTWpReE1ESTJNVEkwTXpJM1dqQkFNVDR3UEFZRFZRUURFelZoYzNsdVkyOXdaWEpoZEdsdmJuTnBaMjVwYm1kalpYSjBhV1pwWTJGMFpTNXRZVzVoWjJWdFpXNTBMbUY2ZFhKbExtTnZiVENDQVNJd0RRWUpLb1pJaHZjTkFRRUJCUUFEZ2dFUEFEQ0NBUW9DZ2dFQkFNQVNTLWhRSFpoM1hucnRjYXJqaWRCRlduck1KUUVKdnVWOGhtWDlaSlhRVVpxZFhrY3N5YkNtY1o2R3JENTNIbTdCTDBCUE11X2xKalV3azNwZ29nd1kxMUE2elNILW5yV1B5bFVpeVJmQjFZWGJBWlBpelM1VENHWktrTFVFWW1MekI3VTc5a2gzYjhCVjlVWU04NzVaQTNaVVNrS2pqMGdzVDl5dno0d1VGZmYySG5aUjZxdEZaTWtQR1ptUm5LWDZQUktPc1JkWlNXQkQ3aTdVVXFtWWNWaU9JRlFrdlpIdjZVZF9WaDREVjZMNmFVYVNjSlVDa3ZrVVl6MjA4R2ZnOGphNGNwekVQcjNkUE5xVmxndkJIWnR1Z1FmY3JWWHdsWGozdHlWcDhtaUhIcWNJODNYUS1QRDJjNVVLOHY2VVdycHExcWNabnRjT1JsMkVsaWtDQXdFQUFhT0NBLTB3Z2dQcE1DY0dDU3NHQVFRQmdqY1ZDZ1FhTUJnd0NnWUlLd1lCQlFVSEF3RXdDZ1lJS3dZQkJRVUhBd0l3UFFZSkt3WUJCQUdDTnhVSEJEQXdMZ1ltS3dZQkJBR0NOeFVJaHBEakRZVFZ0SGlFOFlzLWhadmRGczZkRW9GZ2d2WDJLNFB5MFNBQ0FXUUNBUW93Z2dITEJnZ3JCZ0VGQlFjQkFRU0NBYjB3Z2dHNU1HTUdDQ3NHQVFVRkJ6QUNobGRvZEhSd09pOHZZM0pzTG0xcFkzSnZjMjltZEM1amIyMHZjR3RwYVc1bWNtRXZRMlZ5ZEhNdlEwOHhVRXRKU1U1VVEwRXdNUzVCVFVVdVIwSk1YMEZOUlNVeU1FbHVabkpoSlRJd1EwRWxNakF3TlM1amNuUXdVd1lJS3dZQkJRVUhNQUtHUjJoMGRIQTZMeTlqY213eExtRnRaUzVuWW13dllXbGhMME5QTVZCTFNVbE9WRU5CTURFdVFVMUZMa2RDVEY5QlRVVWxNakJKYm1aeVlTVXlNRU5CSlRJd01EVXVZM0owTUZNR0NDc0dBUVVGQnpBQ2hrZG9kSFJ3T2k4dlkzSnNNaTVoYldVdVoySnNMMkZwWVM5RFR6RlFTMGxKVGxSRFFUQXhMa0ZOUlM1SFFreGZRVTFGSlRJd1NXNW1jbUVsTWpCRFFTVXlNREExTG1OeWREQlRCZ2dyQmdFRkJRY3dBb1pIYUhSMGNEb3ZMMk55YkRNdVlXMWxMbWRpYkM5aGFXRXZRMDh4VUV0SlNVNVVRMEV3TVM1QlRVVXVSMEpNWDBGTlJTVXlNRWx1Wm5KaEpUSXdRMEVsTWpBd05TNWpjblF3VXdZSUt3WUJCUVVITUFLR1IyaDBkSEE2THk5amNtdzBMbUZ0WlM1blltd3ZZV2xoTDBOUE1WQkxTVWxPVkVOQk1ERXVRVTFGTGtkQ1RGOUJUVVVsTWpCSmJtWnlZU1V5TUVOQkpUSXdNRFV1WTNKME1CMEdBMVVkRGdRV0JCVGtEQ3dselB2RnM3NjlBYl9RUXg4V19FZU8wREFPQmdOVkhROEJBZjhFQkFNQ0JhQXdnZ0VtQmdOVkhSOEVnZ0VkTUlJQkdUQ0NBUldnZ2dFUm9JSUJEWVlfYUhSMGNEb3ZMMk55YkM1dGFXTnliM052Wm5RdVkyOXRMM0JyYVdsdVpuSmhMME5TVEM5QlRVVWxNakJKYm1aeVlTVXlNRU5CSlRJd01EVXVZM0pzaGpGb2RIUndPaTh2WTNKc01TNWhiV1V1WjJKc0wyTnliQzlCVFVVbE1qQkpibVp5WVNVeU1FTkJKVEl3TURVdVkzSnNoakZvZEhSd09pOHZZM0pzTWk1aGJXVXVaMkpzTDJOeWJDOUJUVVVsTWpCSmJtWnlZU1V5TUVOQkpUSXdNRFV1WTNKc2hqRm9kSFJ3T2k4dlkzSnNNeTVoYldVdVoySnNMMk55YkM5QlRVVWxNakJKYm1aeVlTVXlNRU5CSlRJd01EVXVZM0pzaGpGb2RIUndPaTh2WTNKc05DNWhiV1V1WjJKc0wyTnliQzlCVFVVbE1qQkpibVp5WVNVeU1FTkJKVEl3TURVdVkzSnNNQmNHQTFVZElBUVFNQTR3REFZS0t3WUJCQUdDTjNzQkFUQWZCZ05WSFNNRUdEQVdnQlI2MWhtRktIbHNjWFllWVBqelMtLWlCVUlXSFRBZEJnTlZIU1VFRmpBVUJnZ3JCZ0VGQlFjREFRWUlLd1lCQlFVSEF3SXdEUVlKS29aSWh2Y05BUUVMQlFBRGdnRUJBSi02YUczand5ZDk5RkRmMG12NjBEM1Z2UnJ4anZWNlU0SGlxd1ZReEVLd1BRWk5IbTFrY0VDTnMxclQyLVA0c0VyQkpERGQ3alhaNGhyZm92OENBbkhETzJaZWQtNDRGSEZWUkRhcW1rR2p3RVFNb1lnZDJzSjduOENILTllNVAxMHZRS0ZrdkQzYjZmTXR3Uy1PSkNQNTlWU1M0aEFNdjYtaERkaG1BMHlmelVfRjZ1cmtzZFhIUW9VRU5JYVJ6cG9XbHRUOUJJblFSd01QOG1tZGpvY0haMW4tY3ZvR1U0LUJ4Tk5qVE5BT1FvME82alNFdHlSRzZWWnEyZDl0ZmdwTVFvdnN0NTdVQzYwM2F5dC1Va1VBcU85RTI3ZWhzRkx0WXM3NnQ3cTFrR3lrSzl0MDVURUIyRGNjOUw3RkVHdm9zMmh0MVpndWRyOEhpMGF6dEZzJnM9dl95VndnSWJjTDRLUHp0N1ZUS3Qta2dTRUI2WG93ZE5PWHNvR2NLVjJyUWgzdjNIdUpkU1g4dFNGX2x5cDRLWHJycUJvNnA3T3E4aUY3d3B5V3AyeldxZEpJOExSRW1PRWxMTGFaUEJnTkVzeHE5S2hQcjN3QXVRMmN0ZFdtM3ppcG54bGpvSkJ0NWtLMTFpYm0zYXEtTVdvXzBkU2hVYkpFYk1QTGdBRUktbDBMUzQ1TC1VbEtjQ3d1LUY2dkZGd2RnaFExZkhUcnJlUFpUT3JWc0tuVVphSHFUX3l2VWgwTVEzRTlXbzBka1VkaTR3Nmd2UTdERWljUm96MGJUMnZ3eE5PN1U2cm5yZWs4WUd1VDM3azk0bTE0RTl4TGJWaG54WEtoQ0xmbGhJaU9WWlZOUGxGT1g0dS1LYnpsVzA1OWNYSjFDbkxITHBmcHFiVVBvb3pnJmg9cVlzb1hRbDFXVF9Ob3ZSbzd1ZEV0SThlbTMwbExMV2xXN3lYTmtYU1g2TQ==",
      "RequestMethod": "GET",
      "RequestHeaders": {
        "x-ms-client-request-id": [
          "7f1d266b-7490-4ea5-8807-c45ac6fb4675"
        ],
        "User-Agent": [
          "FxVersion/6.0.2523.51912",
          "OSName/Windows",
          "OSVersion/Microsoft.Windows.10.0.22621",
          "Microsoft.Azure.Management.CosmosDB.CosmosDBManagementClient/1.14.0"
        ]
      },
      "RequestBody": "",
      "ResponseHeaders": {
        "Cache-Control": [
          "no-store, no-cache"
        ],
        "Pragma": [
          "no-cache"
        ],
        "Strict-Transport-Security": [
          "max-age=31536000; includeSubDomains"
        ],
        "x-ms-gatewayversion": [
          "version=2.14.0"
        ],
        "x-ms-operation-identifier": [
          "appId=d2acab17-5eeb-497c-be35-9a48c149a367,tenantId=72f988bf-86f1-41af-91ab-2d7cd011db47,objectId=749ae451-1681-4488-ba62-98b91ab2e76e/eastus2euap/c01f388c-e96a-49b7-bf62-60bf31c5a768"
        ],
        "x-ms-ratelimit-remaining-subscription-reads": [
          "11999"
        ],
        "x-ms-request-id": [
          "ab872460-3ce2-4bb3-87c2-75c794572877"
        ],
        "x-ms-correlation-request-id": [
          "ab872460-3ce2-4bb3-87c2-75c794572877"
        ],
        "x-ms-routing-request-id": [
          "EASTUS2EUAP:20231214T015827Z:ab872460-3ce2-4bb3-87c2-75c794572877"
        ],
        "X-Content-Type-Options": [
          "nosniff"
        ],
        "X-Cache": [
          "CONFIG_NOCACHE"
        ],
        "X-MSEdge-Ref": [
          "Ref A: 077CDE0A2F824081847ED2E6740522A7 Ref B: CO6AA3150217051 Ref C: 2023-12-14T01:58:27Z"
        ],
        "Date": [
          "Thu, 14 Dec 2023 01:58:27 GMT"
        ],
        "Content-Length": [
          "21"
        ],
        "Content-Type": [
          "application/json"
        ]
      },
      "ResponseBody": "{\r\n  \"status\": \"Dequeued\"\r\n}",
      "StatusCode": 200
    },
    {
      "RequestUri": "/subscriptions/23587e98-b6ac-4328-a753-03bcd3c8e744/providers/Microsoft.DocumentDB/locations/eastus/operationsStatus/fb4fde50-f9da-4c6a-b8c6-f9f427a61ba3?api-version=2023-11-15&t=638381158723119330&c=MIIHADCCBeigAwIBAgITfAQLcaCng4PbkqfYgwAABAtxoDANBgkqhkiG9w0BAQsFADBEMRMwEQYKCZImiZPyLGQBGRYDR0JMMRMwEQYKCZImiZPyLGQBGRYDQU1FMRgwFgYDVQQDEw9BTUUgSW5mcmEgQ0EgMDUwHhcNMjMxMTAxMTI0MzI3WhcNMjQxMDI2MTI0MzI3WjBAMT4wPAYDVQQDEzVhc3luY29wZXJhdGlvbnNpZ25pbmdjZXJ0aWZpY2F0ZS5tYW5hZ2VtZW50LmF6dXJlLmNvbTCCASIwDQYJKoZIhvcNAQEBBQADggEPADCCAQoCggEBAMASS-hQHZh3XnrtcarjidBFWnrMJQEJvuV8hmX9ZJXQUZqdXkcsybCmcZ6GrD53Hm7BL0BPMu_lJjUwk3pgogwY11A6zSH-nrWPylUiyRfB1YXbAZPizS5TCGZKkLUEYmLzB7U79kh3b8BV9UYM875ZA3ZUSkKjj0gsT9yvz4wUFff2HnZR6qtFZMkPGZmRnKX6PRKOsRdZSWBD7i7UUqmYcViOIFQkvZHv6Ud_Vh4DV6L6aUaScJUCkvkUYz208Gfg8ja4cpzEPr3dPNqVlgvBHZtugQfcrVXwlXj3tyVp8miHHqcI83XQ-PD2c5UK8v6UWrpq1qcZntcORl2ElikCAwEAAaOCA-0wggPpMCcGCSsGAQQBgjcVCgQaMBgwCgYIKwYBBQUHAwEwCgYIKwYBBQUHAwIwPQYJKwYBBAGCNxUHBDAwLgYmKwYBBAGCNxUIhpDjDYTVtHiE8Ys-hZvdFs6dEoFggvX2K4Py0SACAWQCAQowggHLBggrBgEFBQcBAQSCAb0wggG5MGMGCCsGAQUFBzAChldodHRwOi8vY3JsLm1pY3Jvc29mdC5jb20vcGtpaW5mcmEvQ2VydHMvQ08xUEtJSU5UQ0EwMS5BTUUuR0JMX0FNRSUyMEluZnJhJTIwQ0ElMjAwNS5jcnQwUwYIKwYBBQUHMAKGR2h0dHA6Ly9jcmwxLmFtZS5nYmwvYWlhL0NPMVBLSUlOVENBMDEuQU1FLkdCTF9BTUUlMjBJbmZyYSUyMENBJTIwMDUuY3J0MFMGCCsGAQUFBzAChkdodHRwOi8vY3JsMi5hbWUuZ2JsL2FpYS9DTzFQS0lJTlRDQTAxLkFNRS5HQkxfQU1FJTIwSW5mcmElMjBDQSUyMDA1LmNydDBTBggrBgEFBQcwAoZHaHR0cDovL2NybDMuYW1lLmdibC9haWEvQ08xUEtJSU5UQ0EwMS5BTUUuR0JMX0FNRSUyMEluZnJhJTIwQ0ElMjAwNS5jcnQwUwYIKwYBBQUHMAKGR2h0dHA6Ly9jcmw0LmFtZS5nYmwvYWlhL0NPMVBLSUlOVENBMDEuQU1FLkdCTF9BTUUlMjBJbmZyYSUyMENBJTIwMDUuY3J0MB0GA1UdDgQWBBTkDCwlzPvFs769Ab_QQx8W_EeO0DAOBgNVHQ8BAf8EBAMCBaAwggEmBgNVHR8EggEdMIIBGTCCARWgggERoIIBDYY_aHR0cDovL2NybC5taWNyb3NvZnQuY29tL3BraWluZnJhL0NSTC9BTUUlMjBJbmZyYSUyMENBJTIwMDUuY3JshjFodHRwOi8vY3JsMS5hbWUuZ2JsL2NybC9BTUUlMjBJbmZyYSUyMENBJTIwMDUuY3JshjFodHRwOi8vY3JsMi5hbWUuZ2JsL2NybC9BTUUlMjBJbmZyYSUyMENBJTIwMDUuY3JshjFodHRwOi8vY3JsMy5hbWUuZ2JsL2NybC9BTUUlMjBJbmZyYSUyMENBJTIwMDUuY3JshjFodHRwOi8vY3JsNC5hbWUuZ2JsL2NybC9BTUUlMjBJbmZyYSUyMENBJTIwMDUuY3JsMBcGA1UdIAQQMA4wDAYKKwYBBAGCN3sBATAfBgNVHSMEGDAWgBR61hmFKHlscXYeYPjzS--iBUIWHTAdBgNVHSUEFjAUBggrBgEFBQcDAQYIKwYBBQUHAwIwDQYJKoZIhvcNAQELBQADggEBAJ-6aG3jwyd99FDf0mv60D3VvRrxjvV6U4HiqwVQxEKwPQZNHm1kcECNs1rT2-P4sErBJDDd7jXZ4hrfov8CAnHDO2Zed-44FHFVRDaqmkGjwEQMoYgd2sJ7n8CH-9e5P10vQKFkvD3b6fMtwS-OJCP59VSS4hAMv6-hDdhmA0yfzU_F6urksdXHQoUENIaRzpoWltT9BInQRwMP8mmdjocHZ1n-cvoGU4-BxNNjTNAOQo0O6jSEtyRG6VZq2d9tfgpMQovst57UC603ayt-UkUAqO9E27ehsFLtYs76t7q1kGykK9t05TEB2Dcc9L7FEGvos2ht1Zgudr8Hi0aztFs&s=v_yVwgIbcL4KPzt7VTKt-kgSEB6XowdNOXsoGcKV2rQh3v3HuJdSX8tSF_lyp4KXrrqBo6p7Oq8iF7wpyWp2zWqdJI8LREmOElLLaZPBgNEsxq9KhPr3wAuQ2ctdWm3zipnxljoJBt5kK11ibm3aq-MWo_0dShUbJEbMPLgAEI-l0LS45L-UlKcCwu-F6vFFwdghQ1fHTrrePZTOrVsKnUZaHqT_yvUh0MQ3E9Wo0dkUdi4w6gvQ7DEicRoz0bT2vwxNO7U6rnrek8YGuT37k94m14E9xLbVhnxXKhCLflhIiOVZVNPlFOX4u-KbzlW059cXJ1CnLHLpfpqbUPoozg&h=qYsoXQl1WT_NovRo7udEtI8em30lLLWlW7yXNkXSX6M",
      "EncodedRequestUri": "L3N1YnNjcmlwdGlvbnMvMjM1ODdlOTgtYjZhYy00MzI4LWE3NTMtMDNiY2QzYzhlNzQ0L3Byb3ZpZGVycy9NaWNyb3NvZnQuRG9jdW1lbnREQi9sb2NhdGlvbnMvZWFzdHVzL29wZXJhdGlvbnNTdGF0dXMvZmI0ZmRlNTAtZjlkYS00YzZhLWI4YzYtZjlmNDI3YTYxYmEzP2FwaS12ZXJzaW9uPTIwMjMtMTEtMTUmdD02MzgzODExNTg3MjMxMTkzMzAmYz1NSUlIQURDQ0JlaWdBd0lCQWdJVGZBUUxjYUNuZzRQYmtxZllnd0FBQkF0eG9EQU5CZ2txaGtpRzl3MEJBUXNGQURCRU1STXdFUVlLQ1pJbWlaUHlMR1FCR1JZRFIwSk1NUk13RVFZS0NaSW1pWlB5TEdRQkdSWURRVTFGTVJnd0ZnWURWUVFERXc5QlRVVWdTVzVtY21FZ1EwRWdNRFV3SGhjTk1qTXhNVEF4TVRJME16STNXaGNOTWpReE1ESTJNVEkwTXpJM1dqQkFNVDR3UEFZRFZRUURFelZoYzNsdVkyOXdaWEpoZEdsdmJuTnBaMjVwYm1kalpYSjBhV1pwWTJGMFpTNXRZVzVoWjJWdFpXNTBMbUY2ZFhKbExtTnZiVENDQVNJd0RRWUpLb1pJaHZjTkFRRUJCUUFEZ2dFUEFEQ0NBUW9DZ2dFQkFNQVNTLWhRSFpoM1hucnRjYXJqaWRCRlduck1KUUVKdnVWOGhtWDlaSlhRVVpxZFhrY3N5YkNtY1o2R3JENTNIbTdCTDBCUE11X2xKalV3azNwZ29nd1kxMUE2elNILW5yV1B5bFVpeVJmQjFZWGJBWlBpelM1VENHWktrTFVFWW1MekI3VTc5a2gzYjhCVjlVWU04NzVaQTNaVVNrS2pqMGdzVDl5dno0d1VGZmYySG5aUjZxdEZaTWtQR1ptUm5LWDZQUktPc1JkWlNXQkQ3aTdVVXFtWWNWaU9JRlFrdlpIdjZVZF9WaDREVjZMNmFVYVNjSlVDa3ZrVVl6MjA4R2ZnOGphNGNwekVQcjNkUE5xVmxndkJIWnR1Z1FmY3JWWHdsWGozdHlWcDhtaUhIcWNJODNYUS1QRDJjNVVLOHY2VVdycHExcWNabnRjT1JsMkVsaWtDQXdFQUFhT0NBLTB3Z2dQcE1DY0dDU3NHQVFRQmdqY1ZDZ1FhTUJnd0NnWUlLd1lCQlFVSEF3RXdDZ1lJS3dZQkJRVUhBd0l3UFFZSkt3WUJCQUdDTnhVSEJEQXdMZ1ltS3dZQkJBR0NOeFVJaHBEakRZVFZ0SGlFOFlzLWhadmRGczZkRW9GZ2d2WDJLNFB5MFNBQ0FXUUNBUW93Z2dITEJnZ3JCZ0VGQlFjQkFRU0NBYjB3Z2dHNU1HTUdDQ3NHQVFVRkJ6QUNobGRvZEhSd09pOHZZM0pzTG0xcFkzSnZjMjltZEM1amIyMHZjR3RwYVc1bWNtRXZRMlZ5ZEhNdlEwOHhVRXRKU1U1VVEwRXdNUzVCVFVVdVIwSk1YMEZOUlNVeU1FbHVabkpoSlRJd1EwRWxNakF3TlM1amNuUXdVd1lJS3dZQkJRVUhNQUtHUjJoMGRIQTZMeTlqY213eExtRnRaUzVuWW13dllXbGhMME5QTVZCTFNVbE9WRU5CTURFdVFVMUZMa2RDVEY5QlRVVWxNakJKYm1aeVlTVXlNRU5CSlRJd01EVXVZM0owTUZNR0NDc0dBUVVGQnpBQ2hrZG9kSFJ3T2k4dlkzSnNNaTVoYldVdVoySnNMMkZwWVM5RFR6RlFTMGxKVGxSRFFUQXhMa0ZOUlM1SFFreGZRVTFGSlRJd1NXNW1jbUVsTWpCRFFTVXlNREExTG1OeWREQlRCZ2dyQmdFRkJRY3dBb1pIYUhSMGNEb3ZMMk55YkRNdVlXMWxMbWRpYkM5aGFXRXZRMDh4VUV0SlNVNVVRMEV3TVM1QlRVVXVSMEpNWDBGTlJTVXlNRWx1Wm5KaEpUSXdRMEVsTWpBd05TNWpjblF3VXdZSUt3WUJCUVVITUFLR1IyaDBkSEE2THk5amNtdzBMbUZ0WlM1blltd3ZZV2xoTDBOUE1WQkxTVWxPVkVOQk1ERXVRVTFGTGtkQ1RGOUJUVVVsTWpCSmJtWnlZU1V5TUVOQkpUSXdNRFV1WTNKME1CMEdBMVVkRGdRV0JCVGtEQ3dselB2RnM3NjlBYl9RUXg4V19FZU8wREFPQmdOVkhROEJBZjhFQkFNQ0JhQXdnZ0VtQmdOVkhSOEVnZ0VkTUlJQkdUQ0NBUldnZ2dFUm9JSUJEWVlfYUhSMGNEb3ZMMk55YkM1dGFXTnliM052Wm5RdVkyOXRMM0JyYVdsdVpuSmhMME5TVEM5QlRVVWxNakJKYm1aeVlTVXlNRU5CSlRJd01EVXVZM0pzaGpGb2RIUndPaTh2WTNKc01TNWhiV1V1WjJKc0wyTnliQzlCVFVVbE1qQkpibVp5WVNVeU1FTkJKVEl3TURVdVkzSnNoakZvZEhSd09pOHZZM0pzTWk1aGJXVXVaMkpzTDJOeWJDOUJUVVVsTWpCSmJtWnlZU1V5TUVOQkpUSXdNRFV1WTNKc2hqRm9kSFJ3T2k4dlkzSnNNeTVoYldVdVoySnNMMk55YkM5QlRVVWxNakJKYm1aeVlTVXlNRU5CSlRJd01EVXVZM0pzaGpGb2RIUndPaTh2WTNKc05DNWhiV1V1WjJKc0wyTnliQzlCVFVVbE1qQkpibVp5WVNVeU1FTkJKVEl3TURVdVkzSnNNQmNHQTFVZElBUVFNQTR3REFZS0t3WUJCQUdDTjNzQkFUQWZCZ05WSFNNRUdEQVdnQlI2MWhtRktIbHNjWFllWVBqelMtLWlCVUlXSFRBZEJnTlZIU1VFRmpBVUJnZ3JCZ0VGQlFjREFRWUlLd1lCQlFVSEF3SXdEUVlKS29aSWh2Y05BUUVMQlFBRGdnRUJBSi02YUczand5ZDk5RkRmMG12NjBEM1Z2UnJ4anZWNlU0SGlxd1ZReEVLd1BRWk5IbTFrY0VDTnMxclQyLVA0c0VyQkpERGQ3alhaNGhyZm92OENBbkhETzJaZWQtNDRGSEZWUkRhcW1rR2p3RVFNb1lnZDJzSjduOENILTllNVAxMHZRS0ZrdkQzYjZmTXR3Uy1PSkNQNTlWU1M0aEFNdjYtaERkaG1BMHlmelVfRjZ1cmtzZFhIUW9VRU5JYVJ6cG9XbHRUOUJJblFSd01QOG1tZGpvY0haMW4tY3ZvR1U0LUJ4Tk5qVE5BT1FvME82alNFdHlSRzZWWnEyZDl0ZmdwTVFvdnN0NTdVQzYwM2F5dC1Va1VBcU85RTI3ZWhzRkx0WXM3NnQ3cTFrR3lrSzl0MDVURUIyRGNjOUw3RkVHdm9zMmh0MVpndWRyOEhpMGF6dEZzJnM9dl95VndnSWJjTDRLUHp0N1ZUS3Qta2dTRUI2WG93ZE5PWHNvR2NLVjJyUWgzdjNIdUpkU1g4dFNGX2x5cDRLWHJycUJvNnA3T3E4aUY3d3B5V3AyeldxZEpJOExSRW1PRWxMTGFaUEJnTkVzeHE5S2hQcjN3QXVRMmN0ZFdtM3ppcG54bGpvSkJ0NWtLMTFpYm0zYXEtTVdvXzBkU2hVYkpFYk1QTGdBRUktbDBMUzQ1TC1VbEtjQ3d1LUY2dkZGd2RnaFExZkhUcnJlUFpUT3JWc0tuVVphSHFUX3l2VWgwTVEzRTlXbzBka1VkaTR3Nmd2UTdERWljUm96MGJUMnZ3eE5PN1U2cm5yZWs4WUd1VDM3azk0bTE0RTl4TGJWaG54WEtoQ0xmbGhJaU9WWlZOUGxGT1g0dS1LYnpsVzA1OWNYSjFDbkxITHBmcHFiVVBvb3pnJmg9cVlzb1hRbDFXVF9Ob3ZSbzd1ZEV0SThlbTMwbExMV2xXN3lYTmtYU1g2TQ==",
      "RequestMethod": "GET",
      "RequestHeaders": {
        "x-ms-client-request-id": [
          "7f1d266b-7490-4ea5-8807-c45ac6fb4675"
        ],
        "User-Agent": [
          "FxVersion/6.0.2523.51912",
          "OSName/Windows",
          "OSVersion/Microsoft.Windows.10.0.22621",
          "Microsoft.Azure.Management.CosmosDB.CosmosDBManagementClient/1.14.0"
        ]
      },
      "RequestBody": "",
      "ResponseHeaders": {
        "Cache-Control": [
          "no-store, no-cache"
        ],
        "Pragma": [
          "no-cache"
        ],
        "Strict-Transport-Security": [
          "max-age=31536000; includeSubDomains"
        ],
        "x-ms-gatewayversion": [
          "version=2.14.0"
        ],
        "x-ms-operation-identifier": [
          "appId=d2acab17-5eeb-497c-be35-9a48c149a367,tenantId=72f988bf-86f1-41af-91ab-2d7cd011db47,objectId=749ae451-1681-4488-ba62-98b91ab2e76e/eastus2euap/e3a5d4aa-b1d0-4b2c-85b2-29f685b60962"
        ],
        "x-ms-ratelimit-remaining-subscription-reads": [
          "11998"
        ],
        "x-ms-request-id": [
          "a4c35c92-8870-4df3-8291-a14b9aaab854"
        ],
        "x-ms-correlation-request-id": [
          "a4c35c92-8870-4df3-8291-a14b9aaab854"
        ],
        "x-ms-routing-request-id": [
          "EASTUS2EUAP:20231214T015857Z:a4c35c92-8870-4df3-8291-a14b9aaab854"
        ],
        "X-Content-Type-Options": [
          "nosniff"
        ],
        "X-Cache": [
          "CONFIG_NOCACHE"
        ],
        "X-MSEdge-Ref": [
          "Ref A: 8984840981F04BFAB19082A8DC3ADCEE Ref B: CO6AA3150217051 Ref C: 2023-12-14T01:58:57Z"
        ],
        "Date": [
          "Thu, 14 Dec 2023 01:58:57 GMT"
        ],
        "Content-Length": [
          "21"
        ],
        "Content-Type": [
          "application/json"
        ]
      },
      "ResponseBody": "{\r\n  \"status\": \"Dequeued\"\r\n}",
      "StatusCode": 200
    },
    {
      "RequestUri": "/subscriptions/23587e98-b6ac-4328-a753-03bcd3c8e744/providers/Microsoft.DocumentDB/locations/eastus/operationsStatus/fb4fde50-f9da-4c6a-b8c6-f9f427a61ba3?api-version=2023-11-15&t=638381158723119330&c=MIIHADCCBeigAwIBAgITfAQLcaCng4PbkqfYgwAABAtxoDANBgkqhkiG9w0BAQsFADBEMRMwEQYKCZImiZPyLGQBGRYDR0JMMRMwEQYKCZImiZPyLGQBGRYDQU1FMRgwFgYDVQQDEw9BTUUgSW5mcmEgQ0EgMDUwHhcNMjMxMTAxMTI0MzI3WhcNMjQxMDI2MTI0MzI3WjBAMT4wPAYDVQQDEzVhc3luY29wZXJhdGlvbnNpZ25pbmdjZXJ0aWZpY2F0ZS5tYW5hZ2VtZW50LmF6dXJlLmNvbTCCASIwDQYJKoZIhvcNAQEBBQADggEPADCCAQoCggEBAMASS-hQHZh3XnrtcarjidBFWnrMJQEJvuV8hmX9ZJXQUZqdXkcsybCmcZ6GrD53Hm7BL0BPMu_lJjUwk3pgogwY11A6zSH-nrWPylUiyRfB1YXbAZPizS5TCGZKkLUEYmLzB7U79kh3b8BV9UYM875ZA3ZUSkKjj0gsT9yvz4wUFff2HnZR6qtFZMkPGZmRnKX6PRKOsRdZSWBD7i7UUqmYcViOIFQkvZHv6Ud_Vh4DV6L6aUaScJUCkvkUYz208Gfg8ja4cpzEPr3dPNqVlgvBHZtugQfcrVXwlXj3tyVp8miHHqcI83XQ-PD2c5UK8v6UWrpq1qcZntcORl2ElikCAwEAAaOCA-0wggPpMCcGCSsGAQQBgjcVCgQaMBgwCgYIKwYBBQUHAwEwCgYIKwYBBQUHAwIwPQYJKwYBBAGCNxUHBDAwLgYmKwYBBAGCNxUIhpDjDYTVtHiE8Ys-hZvdFs6dEoFggvX2K4Py0SACAWQCAQowggHLBggrBgEFBQcBAQSCAb0wggG5MGMGCCsGAQUFBzAChldodHRwOi8vY3JsLm1pY3Jvc29mdC5jb20vcGtpaW5mcmEvQ2VydHMvQ08xUEtJSU5UQ0EwMS5BTUUuR0JMX0FNRSUyMEluZnJhJTIwQ0ElMjAwNS5jcnQwUwYIKwYBBQUHMAKGR2h0dHA6Ly9jcmwxLmFtZS5nYmwvYWlhL0NPMVBLSUlOVENBMDEuQU1FLkdCTF9BTUUlMjBJbmZyYSUyMENBJTIwMDUuY3J0MFMGCCsGAQUFBzAChkdodHRwOi8vY3JsMi5hbWUuZ2JsL2FpYS9DTzFQS0lJTlRDQTAxLkFNRS5HQkxfQU1FJTIwSW5mcmElMjBDQSUyMDA1LmNydDBTBggrBgEFBQcwAoZHaHR0cDovL2NybDMuYW1lLmdibC9haWEvQ08xUEtJSU5UQ0EwMS5BTUUuR0JMX0FNRSUyMEluZnJhJTIwQ0ElMjAwNS5jcnQwUwYIKwYBBQUHMAKGR2h0dHA6Ly9jcmw0LmFtZS5nYmwvYWlhL0NPMVBLSUlOVENBMDEuQU1FLkdCTF9BTUUlMjBJbmZyYSUyMENBJTIwMDUuY3J0MB0GA1UdDgQWBBTkDCwlzPvFs769Ab_QQx8W_EeO0DAOBgNVHQ8BAf8EBAMCBaAwggEmBgNVHR8EggEdMIIBGTCCARWgggERoIIBDYY_aHR0cDovL2NybC5taWNyb3NvZnQuY29tL3BraWluZnJhL0NSTC9BTUUlMjBJbmZyYSUyMENBJTIwMDUuY3JshjFodHRwOi8vY3JsMS5hbWUuZ2JsL2NybC9BTUUlMjBJbmZyYSUyMENBJTIwMDUuY3JshjFodHRwOi8vY3JsMi5hbWUuZ2JsL2NybC9BTUUlMjBJbmZyYSUyMENBJTIwMDUuY3JshjFodHRwOi8vY3JsMy5hbWUuZ2JsL2NybC9BTUUlMjBJbmZyYSUyMENBJTIwMDUuY3JshjFodHRwOi8vY3JsNC5hbWUuZ2JsL2NybC9BTUUlMjBJbmZyYSUyMENBJTIwMDUuY3JsMBcGA1UdIAQQMA4wDAYKKwYBBAGCN3sBATAfBgNVHSMEGDAWgBR61hmFKHlscXYeYPjzS--iBUIWHTAdBgNVHSUEFjAUBggrBgEFBQcDAQYIKwYBBQUHAwIwDQYJKoZIhvcNAQELBQADggEBAJ-6aG3jwyd99FDf0mv60D3VvRrxjvV6U4HiqwVQxEKwPQZNHm1kcECNs1rT2-P4sErBJDDd7jXZ4hrfov8CAnHDO2Zed-44FHFVRDaqmkGjwEQMoYgd2sJ7n8CH-9e5P10vQKFkvD3b6fMtwS-OJCP59VSS4hAMv6-hDdhmA0yfzU_F6urksdXHQoUENIaRzpoWltT9BInQRwMP8mmdjocHZ1n-cvoGU4-BxNNjTNAOQo0O6jSEtyRG6VZq2d9tfgpMQovst57UC603ayt-UkUAqO9E27ehsFLtYs76t7q1kGykK9t05TEB2Dcc9L7FEGvos2ht1Zgudr8Hi0aztFs&s=v_yVwgIbcL4KPzt7VTKt-kgSEB6XowdNOXsoGcKV2rQh3v3HuJdSX8tSF_lyp4KXrrqBo6p7Oq8iF7wpyWp2zWqdJI8LREmOElLLaZPBgNEsxq9KhPr3wAuQ2ctdWm3zipnxljoJBt5kK11ibm3aq-MWo_0dShUbJEbMPLgAEI-l0LS45L-UlKcCwu-F6vFFwdghQ1fHTrrePZTOrVsKnUZaHqT_yvUh0MQ3E9Wo0dkUdi4w6gvQ7DEicRoz0bT2vwxNO7U6rnrek8YGuT37k94m14E9xLbVhnxXKhCLflhIiOVZVNPlFOX4u-KbzlW059cXJ1CnLHLpfpqbUPoozg&h=qYsoXQl1WT_NovRo7udEtI8em30lLLWlW7yXNkXSX6M",
      "EncodedRequestUri": "L3N1YnNjcmlwdGlvbnMvMjM1ODdlOTgtYjZhYy00MzI4LWE3NTMtMDNiY2QzYzhlNzQ0L3Byb3ZpZGVycy9NaWNyb3NvZnQuRG9jdW1lbnREQi9sb2NhdGlvbnMvZWFzdHVzL29wZXJhdGlvbnNTdGF0dXMvZmI0ZmRlNTAtZjlkYS00YzZhLWI4YzYtZjlmNDI3YTYxYmEzP2FwaS12ZXJzaW9uPTIwMjMtMTEtMTUmdD02MzgzODExNTg3MjMxMTkzMzAmYz1NSUlIQURDQ0JlaWdBd0lCQWdJVGZBUUxjYUNuZzRQYmtxZllnd0FBQkF0eG9EQU5CZ2txaGtpRzl3MEJBUXNGQURCRU1STXdFUVlLQ1pJbWlaUHlMR1FCR1JZRFIwSk1NUk13RVFZS0NaSW1pWlB5TEdRQkdSWURRVTFGTVJnd0ZnWURWUVFERXc5QlRVVWdTVzVtY21FZ1EwRWdNRFV3SGhjTk1qTXhNVEF4TVRJME16STNXaGNOTWpReE1ESTJNVEkwTXpJM1dqQkFNVDR3UEFZRFZRUURFelZoYzNsdVkyOXdaWEpoZEdsdmJuTnBaMjVwYm1kalpYSjBhV1pwWTJGMFpTNXRZVzVoWjJWdFpXNTBMbUY2ZFhKbExtTnZiVENDQVNJd0RRWUpLb1pJaHZjTkFRRUJCUUFEZ2dFUEFEQ0NBUW9DZ2dFQkFNQVNTLWhRSFpoM1hucnRjYXJqaWRCRlduck1KUUVKdnVWOGhtWDlaSlhRVVpxZFhrY3N5YkNtY1o2R3JENTNIbTdCTDBCUE11X2xKalV3azNwZ29nd1kxMUE2elNILW5yV1B5bFVpeVJmQjFZWGJBWlBpelM1VENHWktrTFVFWW1MekI3VTc5a2gzYjhCVjlVWU04NzVaQTNaVVNrS2pqMGdzVDl5dno0d1VGZmYySG5aUjZxdEZaTWtQR1ptUm5LWDZQUktPc1JkWlNXQkQ3aTdVVXFtWWNWaU9JRlFrdlpIdjZVZF9WaDREVjZMNmFVYVNjSlVDa3ZrVVl6MjA4R2ZnOGphNGNwekVQcjNkUE5xVmxndkJIWnR1Z1FmY3JWWHdsWGozdHlWcDhtaUhIcWNJODNYUS1QRDJjNVVLOHY2VVdycHExcWNabnRjT1JsMkVsaWtDQXdFQUFhT0NBLTB3Z2dQcE1DY0dDU3NHQVFRQmdqY1ZDZ1FhTUJnd0NnWUlLd1lCQlFVSEF3RXdDZ1lJS3dZQkJRVUhBd0l3UFFZSkt3WUJCQUdDTnhVSEJEQXdMZ1ltS3dZQkJBR0NOeFVJaHBEakRZVFZ0SGlFOFlzLWhadmRGczZkRW9GZ2d2WDJLNFB5MFNBQ0FXUUNBUW93Z2dITEJnZ3JCZ0VGQlFjQkFRU0NBYjB3Z2dHNU1HTUdDQ3NHQVFVRkJ6QUNobGRvZEhSd09pOHZZM0pzTG0xcFkzSnZjMjltZEM1amIyMHZjR3RwYVc1bWNtRXZRMlZ5ZEhNdlEwOHhVRXRKU1U1VVEwRXdNUzVCVFVVdVIwSk1YMEZOUlNVeU1FbHVabkpoSlRJd1EwRWxNakF3TlM1amNuUXdVd1lJS3dZQkJRVUhNQUtHUjJoMGRIQTZMeTlqY213eExtRnRaUzVuWW13dllXbGhMME5QTVZCTFNVbE9WRU5CTURFdVFVMUZMa2RDVEY5QlRVVWxNakJKYm1aeVlTVXlNRU5CSlRJd01EVXVZM0owTUZNR0NDc0dBUVVGQnpBQ2hrZG9kSFJ3T2k4dlkzSnNNaTVoYldVdVoySnNMMkZwWVM5RFR6RlFTMGxKVGxSRFFUQXhMa0ZOUlM1SFFreGZRVTFGSlRJd1NXNW1jbUVsTWpCRFFTVXlNREExTG1OeWREQlRCZ2dyQmdFRkJRY3dBb1pIYUhSMGNEb3ZMMk55YkRNdVlXMWxMbWRpYkM5aGFXRXZRMDh4VUV0SlNVNVVRMEV3TVM1QlRVVXVSMEpNWDBGTlJTVXlNRWx1Wm5KaEpUSXdRMEVsTWpBd05TNWpjblF3VXdZSUt3WUJCUVVITUFLR1IyaDBkSEE2THk5amNtdzBMbUZ0WlM1blltd3ZZV2xoTDBOUE1WQkxTVWxPVkVOQk1ERXVRVTFGTGtkQ1RGOUJUVVVsTWpCSmJtWnlZU1V5TUVOQkpUSXdNRFV1WTNKME1CMEdBMVVkRGdRV0JCVGtEQ3dselB2RnM3NjlBYl9RUXg4V19FZU8wREFPQmdOVkhROEJBZjhFQkFNQ0JhQXdnZ0VtQmdOVkhSOEVnZ0VkTUlJQkdUQ0NBUldnZ2dFUm9JSUJEWVlfYUhSMGNEb3ZMMk55YkM1dGFXTnliM052Wm5RdVkyOXRMM0JyYVdsdVpuSmhMME5TVEM5QlRVVWxNakJKYm1aeVlTVXlNRU5CSlRJd01EVXVZM0pzaGpGb2RIUndPaTh2WTNKc01TNWhiV1V1WjJKc0wyTnliQzlCVFVVbE1qQkpibVp5WVNVeU1FTkJKVEl3TURVdVkzSnNoakZvZEhSd09pOHZZM0pzTWk1aGJXVXVaMkpzTDJOeWJDOUJUVVVsTWpCSmJtWnlZU1V5TUVOQkpUSXdNRFV1WTNKc2hqRm9kSFJ3T2k4dlkzSnNNeTVoYldVdVoySnNMMk55YkM5QlRVVWxNakJKYm1aeVlTVXlNRU5CSlRJd01EVXVZM0pzaGpGb2RIUndPaTh2WTNKc05DNWhiV1V1WjJKc0wyTnliQzlCVFVVbE1qQkpibVp5WVNVeU1FTkJKVEl3TURVdVkzSnNNQmNHQTFVZElBUVFNQTR3REFZS0t3WUJCQUdDTjNzQkFUQWZCZ05WSFNNRUdEQVdnQlI2MWhtRktIbHNjWFllWVBqelMtLWlCVUlXSFRBZEJnTlZIU1VFRmpBVUJnZ3JCZ0VGQlFjREFRWUlLd1lCQlFVSEF3SXdEUVlKS29aSWh2Y05BUUVMQlFBRGdnRUJBSi02YUczand5ZDk5RkRmMG12NjBEM1Z2UnJ4anZWNlU0SGlxd1ZReEVLd1BRWk5IbTFrY0VDTnMxclQyLVA0c0VyQkpERGQ3alhaNGhyZm92OENBbkhETzJaZWQtNDRGSEZWUkRhcW1rR2p3RVFNb1lnZDJzSjduOENILTllNVAxMHZRS0ZrdkQzYjZmTXR3Uy1PSkNQNTlWU1M0aEFNdjYtaERkaG1BMHlmelVfRjZ1cmtzZFhIUW9VRU5JYVJ6cG9XbHRUOUJJblFSd01QOG1tZGpvY0haMW4tY3ZvR1U0LUJ4Tk5qVE5BT1FvME82alNFdHlSRzZWWnEyZDl0ZmdwTVFvdnN0NTdVQzYwM2F5dC1Va1VBcU85RTI3ZWhzRkx0WXM3NnQ3cTFrR3lrSzl0MDVURUIyRGNjOUw3RkVHdm9zMmh0MVpndWRyOEhpMGF6dEZzJnM9dl95VndnSWJjTDRLUHp0N1ZUS3Qta2dTRUI2WG93ZE5PWHNvR2NLVjJyUWgzdjNIdUpkU1g4dFNGX2x5cDRLWHJycUJvNnA3T3E4aUY3d3B5V3AyeldxZEpJOExSRW1PRWxMTGFaUEJnTkVzeHE5S2hQcjN3QXVRMmN0ZFdtM3ppcG54bGpvSkJ0NWtLMTFpYm0zYXEtTVdvXzBkU2hVYkpFYk1QTGdBRUktbDBMUzQ1TC1VbEtjQ3d1LUY2dkZGd2RnaFExZkhUcnJlUFpUT3JWc0tuVVphSHFUX3l2VWgwTVEzRTlXbzBka1VkaTR3Nmd2UTdERWljUm96MGJUMnZ3eE5PN1U2cm5yZWs4WUd1VDM3azk0bTE0RTl4TGJWaG54WEtoQ0xmbGhJaU9WWlZOUGxGT1g0dS1LYnpsVzA1OWNYSjFDbkxITHBmcHFiVVBvb3pnJmg9cVlzb1hRbDFXVF9Ob3ZSbzd1ZEV0SThlbTMwbExMV2xXN3lYTmtYU1g2TQ==",
      "RequestMethod": "GET",
      "RequestHeaders": {
        "x-ms-client-request-id": [
          "7f1d266b-7490-4ea5-8807-c45ac6fb4675"
        ],
        "User-Agent": [
          "FxVersion/6.0.2523.51912",
          "OSName/Windows",
          "OSVersion/Microsoft.Windows.10.0.22621",
          "Microsoft.Azure.Management.CosmosDB.CosmosDBManagementClient/1.14.0"
        ]
      },
      "RequestBody": "",
      "ResponseHeaders": {
        "Cache-Control": [
          "no-store, no-cache"
        ],
        "Pragma": [
          "no-cache"
        ],
        "Strict-Transport-Security": [
          "max-age=31536000; includeSubDomains"
        ],
        "x-ms-gatewayversion": [
          "version=2.14.0"
        ],
        "x-ms-operation-identifier": [
          "appId=d2acab17-5eeb-497c-be35-9a48c149a367,tenantId=72f988bf-86f1-41af-91ab-2d7cd011db47,objectId=749ae451-1681-4488-ba62-98b91ab2e76e/eastus2euap/b3e76d8d-835e-4863-92e5-f43f7fe59a52"
        ],
        "x-ms-ratelimit-remaining-subscription-reads": [
          "11997"
        ],
        "x-ms-request-id": [
          "7159736c-0fba-4a87-8807-c2f534ace086"
        ],
        "x-ms-correlation-request-id": [
          "7159736c-0fba-4a87-8807-c2f534ace086"
        ],
        "x-ms-routing-request-id": [
          "EASTUS2EUAP:20231214T015927Z:7159736c-0fba-4a87-8807-c2f534ace086"
        ],
        "X-Content-Type-Options": [
          "nosniff"
        ],
        "X-Cache": [
          "CONFIG_NOCACHE"
        ],
        "X-MSEdge-Ref": [
          "Ref A: 15A5AC4ECD06418C854E014459B3479F Ref B: CO6AA3150217051 Ref C: 2023-12-14T01:59:27Z"
        ],
        "Date": [
          "Thu, 14 Dec 2023 01:59:27 GMT"
        ],
        "Content-Length": [
          "22"
        ],
        "Content-Type": [
          "application/json"
        ]
      },
      "ResponseBody": "{\r\n  \"status\": \"Succeeded\"\r\n}",
      "StatusCode": 200
    },
    {
      "RequestUri": "/subscriptions/23587e98-b6ac-4328-a753-03bcd3c8e744/resourceGroups/CosmosDBResourceGroup9/providers/Microsoft.DocumentDB/databaseAccounts/testupdateregionpowershell11?api-version=2023-11-15",
      "EncodedRequestUri": "L3N1YnNjcmlwdGlvbnMvMjM1ODdlOTgtYjZhYy00MzI4LWE3NTMtMDNiY2QzYzhlNzQ0L3Jlc291cmNlR3JvdXBzL0Nvc21vc0RCUmVzb3VyY2VHcm91cDkvcHJvdmlkZXJzL01pY3Jvc29mdC5Eb2N1bWVudERCL2RhdGFiYXNlQWNjb3VudHMvdGVzdHVwZGF0ZXJlZ2lvbnBvd2Vyc2hlbGwxMT9hcGktdmVyc2lvbj0yMDIzLTExLTE1",
      "RequestMethod": "PATCH",
      "RequestHeaders": {
        "x-ms-client-request-id": [
          "6ed0f137-b049-48da-a1b7-60f2edbe8ebe"
        ],
        "Accept-Language": [
          "en-US"
        ],
        "User-Agent": [
          "FxVersion/6.0.2523.51912",
          "OSName/Windows",
          "OSVersion/Microsoft.Windows.10.0.22621",
          "Microsoft.Azure.Management.CosmosDB.CosmosDBManagementClient/1.14.0"
        ],
        "Content-Type": [
          "application/json; charset=utf-8"
        ],
        "Content-Length": [
          "226"
        ]
      },
      "RequestBody": "{\r\n  \"properties\": {\r\n    \"locations\": [\r\n      {\r\n        \"locationName\": \"East US\",\r\n        \"failoverPriority\": 0\r\n      },\r\n      {\r\n        \"locationName\": \"West US\",\r\n        \"failoverPriority\": 1\r\n      }\r\n    ]\r\n  }\r\n}",
      "ResponseHeaders": {
        "Cache-Control": [
          "no-store, no-cache"
        ],
        "Pragma": [
          "no-cache"
        ],
        "Location": [
          "https://eastus2euap.management.azure.com/subscriptions/23587e98-b6ac-4328-a753-03bcd3c8e744/resourceGroups/CosmosDBResourceGroup9/providers/Microsoft.DocumentDB/databaseAccounts/testupdateregionpowershell11/operationResults/336505b9-8de8-4cbf-a49b-eec9fb81e7ca?api-version=2023-11-15&t=638381159737697294&c=MIIHADCCBeigAwIBAgITfAQLcaCng4PbkqfYgwAABAtxoDANBgkqhkiG9w0BAQsFADBEMRMwEQYKCZImiZPyLGQBGRYDR0JMMRMwEQYKCZImiZPyLGQBGRYDQU1FMRgwFgYDVQQDEw9BTUUgSW5mcmEgQ0EgMDUwHhcNMjMxMTAxMTI0MzI3WhcNMjQxMDI2MTI0MzI3WjBAMT4wPAYDVQQDEzVhc3luY29wZXJhdGlvbnNpZ25pbmdjZXJ0aWZpY2F0ZS5tYW5hZ2VtZW50LmF6dXJlLmNvbTCCASIwDQYJKoZIhvcNAQEBBQADggEPADCCAQoCggEBAMASS-hQHZh3XnrtcarjidBFWnrMJQEJvuV8hmX9ZJXQUZqdXkcsybCmcZ6GrD53Hm7BL0BPMu_lJjUwk3pgogwY11A6zSH-nrWPylUiyRfB1YXbAZPizS5TCGZKkLUEYmLzB7U79kh3b8BV9UYM875ZA3ZUSkKjj0gsT9yvz4wUFff2HnZR6qtFZMkPGZmRnKX6PRKOsRdZSWBD7i7UUqmYcViOIFQkvZHv6Ud_Vh4DV6L6aUaScJUCkvkUYz208Gfg8ja4cpzEPr3dPNqVlgvBHZtugQfcrVXwlXj3tyVp8miHHqcI83XQ-PD2c5UK8v6UWrpq1qcZntcORl2ElikCAwEAAaOCA-0wggPpMCcGCSsGAQQBgjcVCgQaMBgwCgYIKwYBBQUHAwEwCgYIKwYBBQUHAwIwPQYJKwYBBAGCNxUHBDAwLgYmKwYBBAGCNxUIhpDjDYTVtHiE8Ys-hZvdFs6dEoFggvX2K4Py0SACAWQCAQowggHLBggrBgEFBQcBAQSCAb0wggG5MGMGCCsGAQUFBzAChldodHRwOi8vY3JsLm1pY3Jvc29mdC5jb20vcGtpaW5mcmEvQ2VydHMvQ08xUEtJSU5UQ0EwMS5BTUUuR0JMX0FNRSUyMEluZnJhJTIwQ0ElMjAwNS5jcnQwUwYIKwYBBQUHMAKGR2h0dHA6Ly9jcmwxLmFtZS5nYmwvYWlhL0NPMVBLSUlOVENBMDEuQU1FLkdCTF9BTUUlMjBJbmZyYSUyMENBJTIwMDUuY3J0MFMGCCsGAQUFBzAChkdodHRwOi8vY3JsMi5hbWUuZ2JsL2FpYS9DTzFQS0lJTlRDQTAxLkFNRS5HQkxfQU1FJTIwSW5mcmElMjBDQSUyMDA1LmNydDBTBggrBgEFBQcwAoZHaHR0cDovL2NybDMuYW1lLmdibC9haWEvQ08xUEtJSU5UQ0EwMS5BTUUuR0JMX0FNRSUyMEluZnJhJTIwQ0ElMjAwNS5jcnQwUwYIKwYBBQUHMAKGR2h0dHA6Ly9jcmw0LmFtZS5nYmwvYWlhL0NPMVBLSUlOVENBMDEuQU1FLkdCTF9BTUUlMjBJbmZyYSUyMENBJTIwMDUuY3J0MB0GA1UdDgQWBBTkDCwlzPvFs769Ab_QQx8W_EeO0DAOBgNVHQ8BAf8EBAMCBaAwggEmBgNVHR8EggEdMIIBGTCCARWgggERoIIBDYY_aHR0cDovL2NybC5taWNyb3NvZnQuY29tL3BraWluZnJhL0NSTC9BTUUlMjBJbmZyYSUyMENBJTIwMDUuY3JshjFodHRwOi8vY3JsMS5hbWUuZ2JsL2NybC9BTUUlMjBJbmZyYSUyMENBJTIwMDUuY3JshjFodHRwOi8vY3JsMi5hbWUuZ2JsL2NybC9BTUUlMjBJbmZyYSUyMENBJTIwMDUuY3JshjFodHRwOi8vY3JsMy5hbWUuZ2JsL2NybC9BTUUlMjBJbmZyYSUyMENBJTIwMDUuY3JshjFodHRwOi8vY3JsNC5hbWUuZ2JsL2NybC9BTUUlMjBJbmZyYSUyMENBJTIwMDUuY3JsMBcGA1UdIAQQMA4wDAYKKwYBBAGCN3sBATAfBgNVHSMEGDAWgBR61hmFKHlscXYeYPjzS--iBUIWHTAdBgNVHSUEFjAUBggrBgEFBQcDAQYIKwYBBQUHAwIwDQYJKoZIhvcNAQELBQADggEBAJ-6aG3jwyd99FDf0mv60D3VvRrxjvV6U4HiqwVQxEKwPQZNHm1kcECNs1rT2-P4sErBJDDd7jXZ4hrfov8CAnHDO2Zed-44FHFVRDaqmkGjwEQMoYgd2sJ7n8CH-9e5P10vQKFkvD3b6fMtwS-OJCP59VSS4hAMv6-hDdhmA0yfzU_F6urksdXHQoUENIaRzpoWltT9BInQRwMP8mmdjocHZ1n-cvoGU4-BxNNjTNAOQo0O6jSEtyRG6VZq2d9tfgpMQovst57UC603ayt-UkUAqO9E27ehsFLtYs76t7q1kGykK9t05TEB2Dcc9L7FEGvos2ht1Zgudr8Hi0aztFs&s=Ng-ET9SgeE86gc5u1cVPYDZIsgqJ0CB92jieI1JVGj3xXj0VuyXhgFYMeZXUL--bUszrnDClR8UPndEmNb0bE0xzR7VNTLra0U9Ax9dDTfD0aW_axHidImjONhmzpYYLAZjLaVtZ510kjm5UCl4G1BrWa2YVjVmbiJttR8oOilFDRFkj36B2u8-1dSTtRYotHImJy2x5W0xe3rtdPqz5usUOSKTnDdN_98gyxMuTVZMA2vKj-9HG5RF4k4WD2rAHuywAJpuPaevjTVHzofjHrjSlmNTjRutBkBCKI_5JfTZhTGBlzyu1hZcv_uP4ArrEmF5OSdcX3tuR095tIMkBlA&h=E9QxqG3zRXYB1zIGt--er0Wy_IhpQD6BC-bxi0N82D4"
        ],
        "x-ms-request-id": [
          "336505b9-8de8-4cbf-a49b-eec9fb81e7ca"
        ],
        "Azure-AsyncOperation": [
          "https://eastus2euap.management.azure.com/subscriptions/23587e98-b6ac-4328-a753-03bcd3c8e744/providers/Microsoft.DocumentDB/locations/eastus/operationsStatus/336505b9-8de8-4cbf-a49b-eec9fb81e7ca?api-version=2023-11-15&t=638381159737541467&c=MIIHADCCBeigAwIBAgITfAQLcaCng4PbkqfYgwAABAtxoDANBgkqhkiG9w0BAQsFADBEMRMwEQYKCZImiZPyLGQBGRYDR0JMMRMwEQYKCZImiZPyLGQBGRYDQU1FMRgwFgYDVQQDEw9BTUUgSW5mcmEgQ0EgMDUwHhcNMjMxMTAxMTI0MzI3WhcNMjQxMDI2MTI0MzI3WjBAMT4wPAYDVQQDEzVhc3luY29wZXJhdGlvbnNpZ25pbmdjZXJ0aWZpY2F0ZS5tYW5hZ2VtZW50LmF6dXJlLmNvbTCCASIwDQYJKoZIhvcNAQEBBQADggEPADCCAQoCggEBAMASS-hQHZh3XnrtcarjidBFWnrMJQEJvuV8hmX9ZJXQUZqdXkcsybCmcZ6GrD53Hm7BL0BPMu_lJjUwk3pgogwY11A6zSH-nrWPylUiyRfB1YXbAZPizS5TCGZKkLUEYmLzB7U79kh3b8BV9UYM875ZA3ZUSkKjj0gsT9yvz4wUFff2HnZR6qtFZMkPGZmRnKX6PRKOsRdZSWBD7i7UUqmYcViOIFQkvZHv6Ud_Vh4DV6L6aUaScJUCkvkUYz208Gfg8ja4cpzEPr3dPNqVlgvBHZtugQfcrVXwlXj3tyVp8miHHqcI83XQ-PD2c5UK8v6UWrpq1qcZntcORl2ElikCAwEAAaOCA-0wggPpMCcGCSsGAQQBgjcVCgQaMBgwCgYIKwYBBQUHAwEwCgYIKwYBBQUHAwIwPQYJKwYBBAGCNxUHBDAwLgYmKwYBBAGCNxUIhpDjDYTVtHiE8Ys-hZvdFs6dEoFggvX2K4Py0SACAWQCAQowggHLBggrBgEFBQcBAQSCAb0wggG5MGMGCCsGAQUFBzAChldodHRwOi8vY3JsLm1pY3Jvc29mdC5jb20vcGtpaW5mcmEvQ2VydHMvQ08xUEtJSU5UQ0EwMS5BTUUuR0JMX0FNRSUyMEluZnJhJTIwQ0ElMjAwNS5jcnQwUwYIKwYBBQUHMAKGR2h0dHA6Ly9jcmwxLmFtZS5nYmwvYWlhL0NPMVBLSUlOVENBMDEuQU1FLkdCTF9BTUUlMjBJbmZyYSUyMENBJTIwMDUuY3J0MFMGCCsGAQUFBzAChkdodHRwOi8vY3JsMi5hbWUuZ2JsL2FpYS9DTzFQS0lJTlRDQTAxLkFNRS5HQkxfQU1FJTIwSW5mcmElMjBDQSUyMDA1LmNydDBTBggrBgEFBQcwAoZHaHR0cDovL2NybDMuYW1lLmdibC9haWEvQ08xUEtJSU5UQ0EwMS5BTUUuR0JMX0FNRSUyMEluZnJhJTIwQ0ElMjAwNS5jcnQwUwYIKwYBBQUHMAKGR2h0dHA6Ly9jcmw0LmFtZS5nYmwvYWlhL0NPMVBLSUlOVENBMDEuQU1FLkdCTF9BTUUlMjBJbmZyYSUyMENBJTIwMDUuY3J0MB0GA1UdDgQWBBTkDCwlzPvFs769Ab_QQx8W_EeO0DAOBgNVHQ8BAf8EBAMCBaAwggEmBgNVHR8EggEdMIIBGTCCARWgggERoIIBDYY_aHR0cDovL2NybC5taWNyb3NvZnQuY29tL3BraWluZnJhL0NSTC9BTUUlMjBJbmZyYSUyMENBJTIwMDUuY3JshjFodHRwOi8vY3JsMS5hbWUuZ2JsL2NybC9BTUUlMjBJbmZyYSUyMENBJTIwMDUuY3JshjFodHRwOi8vY3JsMi5hbWUuZ2JsL2NybC9BTUUlMjBJbmZyYSUyMENBJTIwMDUuY3JshjFodHRwOi8vY3JsMy5hbWUuZ2JsL2NybC9BTUUlMjBJbmZyYSUyMENBJTIwMDUuY3JshjFodHRwOi8vY3JsNC5hbWUuZ2JsL2NybC9BTUUlMjBJbmZyYSUyMENBJTIwMDUuY3JsMBcGA1UdIAQQMA4wDAYKKwYBBAGCN3sBATAfBgNVHSMEGDAWgBR61hmFKHlscXYeYPjzS--iBUIWHTAdBgNVHSUEFjAUBggrBgEFBQcDAQYIKwYBBQUHAwIwDQYJKoZIhvcNAQELBQADggEBAJ-6aG3jwyd99FDf0mv60D3VvRrxjvV6U4HiqwVQxEKwPQZNHm1kcECNs1rT2-P4sErBJDDd7jXZ4hrfov8CAnHDO2Zed-44FHFVRDaqmkGjwEQMoYgd2sJ7n8CH-9e5P10vQKFkvD3b6fMtwS-OJCP59VSS4hAMv6-hDdhmA0yfzU_F6urksdXHQoUENIaRzpoWltT9BInQRwMP8mmdjocHZ1n-cvoGU4-BxNNjTNAOQo0O6jSEtyRG6VZq2d9tfgpMQovst57UC603ayt-UkUAqO9E27ehsFLtYs76t7q1kGykK9t05TEB2Dcc9L7FEGvos2ht1Zgudr8Hi0aztFs&s=J-YEI_-WIUCyXxNXoYQamyQvMdyK7vHlMeJgibchrrctmSn-2OZ3wQjOf9VRv034gUA8TwkxSVS0JkpGBAPqMGt2E4CIeI6Y-Io1Rvi5-oALdCvvOlOH9sGl390oEg9UqQXuwtDb66sXYUD9-Q1UZpf4nkS6wMKVujXUBjzFFRUfuOcKxp-hDHr03azfceAffJGM1LIjk6lw5cCrSyq0_JGVFElK01h10yQIF4jB3skLbnFsE6IoKASQJt8EyfMuqBHA4q5K1LtzXByOB7OeC5kQsB1tYpNrI_S17EBOUl2tT0H_kYl16WLTMGjxYbs91UdFeKryubL1u08OwBKvqw&h=NvNC8heRItWZVmZ8DatWSZGAYSwwIM8IaVmFlr0OLuU"
        ],
        "Strict-Transport-Security": [
          "max-age=31536000; includeSubDomains"
        ],
        "x-ms-gatewayversion": [
          "version=2.14.0"
        ],
        "x-ms-operation-identifier": [
          "appId=d2acab17-5eeb-497c-be35-9a48c149a367,tenantId=72f988bf-86f1-41af-91ab-2d7cd011db47,objectId=749ae451-1681-4488-ba62-98b91ab2e76e/eastus2euap/8d864c54-7320-4716-9f6b-ad3c66d63e37"
        ],
        "x-ms-ratelimit-remaining-subscription-writes": [
          "1199"
        ],
        "x-ms-correlation-request-id": [
          "7e4ad04b-417f-432d-9096-9d64e5dfa571"
        ],
        "x-ms-routing-request-id": [
          "EASTUS2EUAP:20231214T015933Z:7e4ad04b-417f-432d-9096-9d64e5dfa571"
        ],
        "X-Content-Type-Options": [
          "nosniff"
        ],
        "X-Cache": [
          "CONFIG_NOCACHE"
        ],
        "X-MSEdge-Ref": [
          "Ref A: 35C38FC188444D23A2B079AF712170CE Ref B: CO6AA3150218017 Ref C: 2023-12-14T01:59:28Z"
        ],
        "Date": [
          "Thu, 14 Dec 2023 01:59:33 GMT"
        ],
        "Content-Length": [
          "2860"
        ],
        "Content-Type": [
          "application/json"
        ]
      },
      "ResponseBody": "{\r\n  \"id\": \"/subscriptions/23587e98-b6ac-4328-a753-03bcd3c8e744/resourceGroups/CosmosDBResourceGroup9/providers/Microsoft.DocumentDB/databaseAccounts/testupdateregionpowershell11\",\r\n  \"name\": \"testupdateregionpowershell11\",\r\n  \"location\": \"East US\",\r\n  \"type\": \"Microsoft.DocumentDB/databaseAccounts\",\r\n  \"kind\": \"GlobalDocumentDB\",\r\n  \"tags\": {},\r\n  \"systemData\": {\r\n    \"createdAt\": \"2023-12-14T01:59:05.3389653Z\"\r\n  },\r\n  \"properties\": {\r\n    \"provisioningState\": \"Updating\",\r\n    \"documentEndpoint\": \"https://testupdateregionpowershell11.documents.azure.com:443/\",\r\n    \"sqlEndpoint\": \"https://testupdateregionpowershell11.documents.azure.com:443/\",\r\n    \"publicNetworkAccess\": \"Enabled\",\r\n    \"enableAutomaticFailover\": true,\r\n    \"enableMultipleWriteLocations\": true,\r\n    \"enablePartitionKeyMonitor\": false,\r\n    \"isVirtualNetworkFilterEnabled\": false,\r\n    \"virtualNetworkRules\": [],\r\n    \"EnabledApiTypes\": \"Sql\",\r\n    \"disableKeyBasedMetadataWriteAccess\": false,\r\n    \"enableFreeTier\": false,\r\n    \"enableAnalyticalStorage\": false,\r\n    \"analyticalStorageConfiguration\": {\r\n      \"schemaType\": \"WellDefined\"\r\n    },\r\n    \"instanceId\": \"70d9f70e-1c22-4ec5-9000-3066cc1165d6\",\r\n    \"databaseAccountOfferType\": \"Standard\",\r\n    \"defaultIdentity\": \"FirstPartyIdentity\",\r\n    \"networkAclBypass\": \"None\",\r\n    \"disableLocalAuth\": false,\r\n    \"enablePartitionMerge\": false,\r\n    \"enableBurstCapacity\": false,\r\n    \"minimalTlsVersion\": \"Tls12\",\r\n    \"consistencyPolicy\": {\r\n      \"defaultConsistencyLevel\": \"Session\",\r\n      \"maxIntervalInSeconds\": 5,\r\n      \"maxStalenessPrefix\": 100\r\n    },\r\n    \"configurationOverrides\": {\r\n      \"EnablePerRegionPerPartitionAutoscaleOptIn\": \"True\"\r\n    },\r\n    \"writeLocations\": [\r\n      {\r\n        \"id\": \"testupdateregionpowershell11-eastus\",\r\n        \"locationName\": \"East US\",\r\n        \"documentEndpoint\": \"https://testupdateregionpowershell11-eastus.documents.azure.com:443/\",\r\n        \"provisioningState\": \"Succeeded\",\r\n        \"failoverPriority\": 0,\r\n        \"isZoneRedundant\": false\r\n      }\r\n    ],\r\n    \"readLocations\": [\r\n      {\r\n        \"id\": \"testupdateregionpowershell11-eastus\",\r\n        \"locationName\": \"East US\",\r\n        \"documentEndpoint\": \"https://testupdateregionpowershell11-eastus.documents.azure.com:443/\",\r\n        \"provisioningState\": \"Succeeded\",\r\n        \"failoverPriority\": 0,\r\n        \"isZoneRedundant\": false\r\n      }\r\n    ],\r\n    \"locations\": [\r\n      {\r\n        \"id\": \"testupdateregionpowershell11-eastus\",\r\n        \"locationName\": \"East US\",\r\n        \"documentEndpoint\": \"https://testupdateregionpowershell11-eastus.documents.azure.com:443/\",\r\n        \"provisioningState\": \"Succeeded\",\r\n        \"failoverPriority\": 0,\r\n        \"isZoneRedundant\": false\r\n      }\r\n    ],\r\n    \"failoverPolicies\": [\r\n      {\r\n        \"id\": \"testupdateregionpowershell11-eastus\",\r\n        \"locationName\": \"East US\",\r\n        \"failoverPriority\": 0\r\n      }\r\n    ],\r\n    \"cors\": [],\r\n    \"capabilities\": [],\r\n    \"ipRules\": [],\r\n    \"backupPolicy\": {\r\n      \"type\": \"Periodic\",\r\n      \"periodicModeProperties\": {\r\n        \"backupIntervalInMinutes\": 240,\r\n        \"backupRetentionIntervalInHours\": 8,\r\n        \"backupStorageRedundancy\": \"Geo\"\r\n      }\r\n    },\r\n    \"networkAclBypassResourceIds\": [],\r\n    \"keysMetadata\": {\r\n      \"primaryMasterKey\": {\r\n        \"generationTime\": \"2023-12-14T01:59:05.3389653Z\"\r\n      },\r\n      \"secondaryMasterKey\": {\r\n        \"generationTime\": \"2023-12-14T01:59:05.3389653Z\"\r\n      },\r\n      \"primaryReadonlyMasterKey\": {\r\n        \"generationTime\": \"2023-12-14T01:59:05.3389653Z\"\r\n      },\r\n      \"secondaryReadonlyMasterKey\": {\r\n        \"generationTime\": \"2023-12-14T01:59:05.3389653Z\"\r\n      }\r\n    }\r\n  },\r\n  \"identity\": {\r\n    \"type\": \"None\"\r\n  }\r\n}",
      "StatusCode": 200
    },
    {
      "RequestUri": "/subscriptions/23587e98-b6ac-4328-a753-03bcd3c8e744/providers/Microsoft.DocumentDB/locations/eastus/operationsStatus/336505b9-8de8-4cbf-a49b-eec9fb81e7ca?api-version=2023-11-15&t=638381159737541467&c=MIIHADCCBeigAwIBAgITfAQLcaCng4PbkqfYgwAABAtxoDANBgkqhkiG9w0BAQsFADBEMRMwEQYKCZImiZPyLGQBGRYDR0JMMRMwEQYKCZImiZPyLGQBGRYDQU1FMRgwFgYDVQQDEw9BTUUgSW5mcmEgQ0EgMDUwHhcNMjMxMTAxMTI0MzI3WhcNMjQxMDI2MTI0MzI3WjBAMT4wPAYDVQQDEzVhc3luY29wZXJhdGlvbnNpZ25pbmdjZXJ0aWZpY2F0ZS5tYW5hZ2VtZW50LmF6dXJlLmNvbTCCASIwDQYJKoZIhvcNAQEBBQADggEPADCCAQoCggEBAMASS-hQHZh3XnrtcarjidBFWnrMJQEJvuV8hmX9ZJXQUZqdXkcsybCmcZ6GrD53Hm7BL0BPMu_lJjUwk3pgogwY11A6zSH-nrWPylUiyRfB1YXbAZPizS5TCGZKkLUEYmLzB7U79kh3b8BV9UYM875ZA3ZUSkKjj0gsT9yvz4wUFff2HnZR6qtFZMkPGZmRnKX6PRKOsRdZSWBD7i7UUqmYcViOIFQkvZHv6Ud_Vh4DV6L6aUaScJUCkvkUYz208Gfg8ja4cpzEPr3dPNqVlgvBHZtugQfcrVXwlXj3tyVp8miHHqcI83XQ-PD2c5UK8v6UWrpq1qcZntcORl2ElikCAwEAAaOCA-0wggPpMCcGCSsGAQQBgjcVCgQaMBgwCgYIKwYBBQUHAwEwCgYIKwYBBQUHAwIwPQYJKwYBBAGCNxUHBDAwLgYmKwYBBAGCNxUIhpDjDYTVtHiE8Ys-hZvdFs6dEoFggvX2K4Py0SACAWQCAQowggHLBggrBgEFBQcBAQSCAb0wggG5MGMGCCsGAQUFBzAChldodHRwOi8vY3JsLm1pY3Jvc29mdC5jb20vcGtpaW5mcmEvQ2VydHMvQ08xUEtJSU5UQ0EwMS5BTUUuR0JMX0FNRSUyMEluZnJhJTIwQ0ElMjAwNS5jcnQwUwYIKwYBBQUHMAKGR2h0dHA6Ly9jcmwxLmFtZS5nYmwvYWlhL0NPMVBLSUlOVENBMDEuQU1FLkdCTF9BTUUlMjBJbmZyYSUyMENBJTIwMDUuY3J0MFMGCCsGAQUFBzAChkdodHRwOi8vY3JsMi5hbWUuZ2JsL2FpYS9DTzFQS0lJTlRDQTAxLkFNRS5HQkxfQU1FJTIwSW5mcmElMjBDQSUyMDA1LmNydDBTBggrBgEFBQcwAoZHaHR0cDovL2NybDMuYW1lLmdibC9haWEvQ08xUEtJSU5UQ0EwMS5BTUUuR0JMX0FNRSUyMEluZnJhJTIwQ0ElMjAwNS5jcnQwUwYIKwYBBQUHMAKGR2h0dHA6Ly9jcmw0LmFtZS5nYmwvYWlhL0NPMVBLSUlOVENBMDEuQU1FLkdCTF9BTUUlMjBJbmZyYSUyMENBJTIwMDUuY3J0MB0GA1UdDgQWBBTkDCwlzPvFs769Ab_QQx8W_EeO0DAOBgNVHQ8BAf8EBAMCBaAwggEmBgNVHR8EggEdMIIBGTCCARWgggERoIIBDYY_aHR0cDovL2NybC5taWNyb3NvZnQuY29tL3BraWluZnJhL0NSTC9BTUUlMjBJbmZyYSUyMENBJTIwMDUuY3JshjFodHRwOi8vY3JsMS5hbWUuZ2JsL2NybC9BTUUlMjBJbmZyYSUyMENBJTIwMDUuY3JshjFodHRwOi8vY3JsMi5hbWUuZ2JsL2NybC9BTUUlMjBJbmZyYSUyMENBJTIwMDUuY3JshjFodHRwOi8vY3JsMy5hbWUuZ2JsL2NybC9BTUUlMjBJbmZyYSUyMENBJTIwMDUuY3JshjFodHRwOi8vY3JsNC5hbWUuZ2JsL2NybC9BTUUlMjBJbmZyYSUyMENBJTIwMDUuY3JsMBcGA1UdIAQQMA4wDAYKKwYBBAGCN3sBATAfBgNVHSMEGDAWgBR61hmFKHlscXYeYPjzS--iBUIWHTAdBgNVHSUEFjAUBggrBgEFBQcDAQYIKwYBBQUHAwIwDQYJKoZIhvcNAQELBQADggEBAJ-6aG3jwyd99FDf0mv60D3VvRrxjvV6U4HiqwVQxEKwPQZNHm1kcECNs1rT2-P4sErBJDDd7jXZ4hrfov8CAnHDO2Zed-44FHFVRDaqmkGjwEQMoYgd2sJ7n8CH-9e5P10vQKFkvD3b6fMtwS-OJCP59VSS4hAMv6-hDdhmA0yfzU_F6urksdXHQoUENIaRzpoWltT9BInQRwMP8mmdjocHZ1n-cvoGU4-BxNNjTNAOQo0O6jSEtyRG6VZq2d9tfgpMQovst57UC603ayt-UkUAqO9E27ehsFLtYs76t7q1kGykK9t05TEB2Dcc9L7FEGvos2ht1Zgudr8Hi0aztFs&s=J-YEI_-WIUCyXxNXoYQamyQvMdyK7vHlMeJgibchrrctmSn-2OZ3wQjOf9VRv034gUA8TwkxSVS0JkpGBAPqMGt2E4CIeI6Y-Io1Rvi5-oALdCvvOlOH9sGl390oEg9UqQXuwtDb66sXYUD9-Q1UZpf4nkS6wMKVujXUBjzFFRUfuOcKxp-hDHr03azfceAffJGM1LIjk6lw5cCrSyq0_JGVFElK01h10yQIF4jB3skLbnFsE6IoKASQJt8EyfMuqBHA4q5K1LtzXByOB7OeC5kQsB1tYpNrI_S17EBOUl2tT0H_kYl16WLTMGjxYbs91UdFeKryubL1u08OwBKvqw&h=NvNC8heRItWZVmZ8DatWSZGAYSwwIM8IaVmFlr0OLuU",
      "EncodedRequestUri": "L3N1YnNjcmlwdGlvbnMvMjM1ODdlOTgtYjZhYy00MzI4LWE3NTMtMDNiY2QzYzhlNzQ0L3Byb3ZpZGVycy9NaWNyb3NvZnQuRG9jdW1lbnREQi9sb2NhdGlvbnMvZWFzdHVzL29wZXJhdGlvbnNTdGF0dXMvMzM2NTA1YjktOGRlOC00Y2JmLWE0OWItZWVjOWZiODFlN2NhP2FwaS12ZXJzaW9uPTIwMjMtMTEtMTUmdD02MzgzODExNTk3Mzc1NDE0NjcmYz1NSUlIQURDQ0JlaWdBd0lCQWdJVGZBUUxjYUNuZzRQYmtxZllnd0FBQkF0eG9EQU5CZ2txaGtpRzl3MEJBUXNGQURCRU1STXdFUVlLQ1pJbWlaUHlMR1FCR1JZRFIwSk1NUk13RVFZS0NaSW1pWlB5TEdRQkdSWURRVTFGTVJnd0ZnWURWUVFERXc5QlRVVWdTVzVtY21FZ1EwRWdNRFV3SGhjTk1qTXhNVEF4TVRJME16STNXaGNOTWpReE1ESTJNVEkwTXpJM1dqQkFNVDR3UEFZRFZRUURFelZoYzNsdVkyOXdaWEpoZEdsdmJuTnBaMjVwYm1kalpYSjBhV1pwWTJGMFpTNXRZVzVoWjJWdFpXNTBMbUY2ZFhKbExtTnZiVENDQVNJd0RRWUpLb1pJaHZjTkFRRUJCUUFEZ2dFUEFEQ0NBUW9DZ2dFQkFNQVNTLWhRSFpoM1hucnRjYXJqaWRCRlduck1KUUVKdnVWOGhtWDlaSlhRVVpxZFhrY3N5YkNtY1o2R3JENTNIbTdCTDBCUE11X2xKalV3azNwZ29nd1kxMUE2elNILW5yV1B5bFVpeVJmQjFZWGJBWlBpelM1VENHWktrTFVFWW1MekI3VTc5a2gzYjhCVjlVWU04NzVaQTNaVVNrS2pqMGdzVDl5dno0d1VGZmYySG5aUjZxdEZaTWtQR1ptUm5LWDZQUktPc1JkWlNXQkQ3aTdVVXFtWWNWaU9JRlFrdlpIdjZVZF9WaDREVjZMNmFVYVNjSlVDa3ZrVVl6MjA4R2ZnOGphNGNwekVQcjNkUE5xVmxndkJIWnR1Z1FmY3JWWHdsWGozdHlWcDhtaUhIcWNJODNYUS1QRDJjNVVLOHY2VVdycHExcWNabnRjT1JsMkVsaWtDQXdFQUFhT0NBLTB3Z2dQcE1DY0dDU3NHQVFRQmdqY1ZDZ1FhTUJnd0NnWUlLd1lCQlFVSEF3RXdDZ1lJS3dZQkJRVUhBd0l3UFFZSkt3WUJCQUdDTnhVSEJEQXdMZ1ltS3dZQkJBR0NOeFVJaHBEakRZVFZ0SGlFOFlzLWhadmRGczZkRW9GZ2d2WDJLNFB5MFNBQ0FXUUNBUW93Z2dITEJnZ3JCZ0VGQlFjQkFRU0NBYjB3Z2dHNU1HTUdDQ3NHQVFVRkJ6QUNobGRvZEhSd09pOHZZM0pzTG0xcFkzSnZjMjltZEM1amIyMHZjR3RwYVc1bWNtRXZRMlZ5ZEhNdlEwOHhVRXRKU1U1VVEwRXdNUzVCVFVVdVIwSk1YMEZOUlNVeU1FbHVabkpoSlRJd1EwRWxNakF3TlM1amNuUXdVd1lJS3dZQkJRVUhNQUtHUjJoMGRIQTZMeTlqY213eExtRnRaUzVuWW13dllXbGhMME5QTVZCTFNVbE9WRU5CTURFdVFVMUZMa2RDVEY5QlRVVWxNakJKYm1aeVlTVXlNRU5CSlRJd01EVXVZM0owTUZNR0NDc0dBUVVGQnpBQ2hrZG9kSFJ3T2k4dlkzSnNNaTVoYldVdVoySnNMMkZwWVM5RFR6RlFTMGxKVGxSRFFUQXhMa0ZOUlM1SFFreGZRVTFGSlRJd1NXNW1jbUVsTWpCRFFTVXlNREExTG1OeWREQlRCZ2dyQmdFRkJRY3dBb1pIYUhSMGNEb3ZMMk55YkRNdVlXMWxMbWRpYkM5aGFXRXZRMDh4VUV0SlNVNVVRMEV3TVM1QlRVVXVSMEpNWDBGTlJTVXlNRWx1Wm5KaEpUSXdRMEVsTWpBd05TNWpjblF3VXdZSUt3WUJCUVVITUFLR1IyaDBkSEE2THk5amNtdzBMbUZ0WlM1blltd3ZZV2xoTDBOUE1WQkxTVWxPVkVOQk1ERXVRVTFGTGtkQ1RGOUJUVVVsTWpCSmJtWnlZU1V5TUVOQkpUSXdNRFV1WTNKME1CMEdBMVVkRGdRV0JCVGtEQ3dselB2RnM3NjlBYl9RUXg4V19FZU8wREFPQmdOVkhROEJBZjhFQkFNQ0JhQXdnZ0VtQmdOVkhSOEVnZ0VkTUlJQkdUQ0NBUldnZ2dFUm9JSUJEWVlfYUhSMGNEb3ZMMk55YkM1dGFXTnliM052Wm5RdVkyOXRMM0JyYVdsdVpuSmhMME5TVEM5QlRVVWxNakJKYm1aeVlTVXlNRU5CSlRJd01EVXVZM0pzaGpGb2RIUndPaTh2WTNKc01TNWhiV1V1WjJKc0wyTnliQzlCVFVVbE1qQkpibVp5WVNVeU1FTkJKVEl3TURVdVkzSnNoakZvZEhSd09pOHZZM0pzTWk1aGJXVXVaMkpzTDJOeWJDOUJUVVVsTWpCSmJtWnlZU1V5TUVOQkpUSXdNRFV1WTNKc2hqRm9kSFJ3T2k4dlkzSnNNeTVoYldVdVoySnNMMk55YkM5QlRVVWxNakJKYm1aeVlTVXlNRU5CSlRJd01EVXVZM0pzaGpGb2RIUndPaTh2WTNKc05DNWhiV1V1WjJKc0wyTnliQzlCVFVVbE1qQkpibVp5WVNVeU1FTkJKVEl3TURVdVkzSnNNQmNHQTFVZElBUVFNQTR3REFZS0t3WUJCQUdDTjNzQkFUQWZCZ05WSFNNRUdEQVdnQlI2MWhtRktIbHNjWFllWVBqelMtLWlCVUlXSFRBZEJnTlZIU1VFRmpBVUJnZ3JCZ0VGQlFjREFRWUlLd1lCQlFVSEF3SXdEUVlKS29aSWh2Y05BUUVMQlFBRGdnRUJBSi02YUczand5ZDk5RkRmMG12NjBEM1Z2UnJ4anZWNlU0SGlxd1ZReEVLd1BRWk5IbTFrY0VDTnMxclQyLVA0c0VyQkpERGQ3alhaNGhyZm92OENBbkhETzJaZWQtNDRGSEZWUkRhcW1rR2p3RVFNb1lnZDJzSjduOENILTllNVAxMHZRS0ZrdkQzYjZmTXR3Uy1PSkNQNTlWU1M0aEFNdjYtaERkaG1BMHlmelVfRjZ1cmtzZFhIUW9VRU5JYVJ6cG9XbHRUOUJJblFSd01QOG1tZGpvY0haMW4tY3ZvR1U0LUJ4Tk5qVE5BT1FvME82alNFdHlSRzZWWnEyZDl0ZmdwTVFvdnN0NTdVQzYwM2F5dC1Va1VBcU85RTI3ZWhzRkx0WXM3NnQ3cTFrR3lrSzl0MDVURUIyRGNjOUw3RkVHdm9zMmh0MVpndWRyOEhpMGF6dEZzJnM9Si1ZRUlfLVdJVUN5WHhOWG9ZUWFteVF2TWR5Szd2SGxNZUpnaWJjaHJyY3RtU24tMk9aM3dRak9mOVZSdjAzNGdVQThUd2t4U1ZTMEprcEdCQVBxTUd0MkU0Q0llSTZZLUlvMVJ2aTUtb0FMZEN2dk9sT0g5c0dsMzkwb0VnOVVxUVh1d3REYjY2c1hZVUQ5LVExVVpwZjRua1M2d01LVnVqWFVCanpGRlJVZnVPY0t4cC1oREhyMDNhemZjZUFmZkpHTTFMSWprNmx3NWNDclN5cTBfSkdWRkVsSzAxaDEweVFJRjRqQjNza0xibkZzRTZJb0tBU1FKdDhFeWZNdXFCSEE0cTVLMUx0elhCeU9CN09lQzVrUXNCMXRZcE5ySV9TMTdFQk9VbDJ0VDBIX2tZbDE2V0xUTUdqeFliczkxVWRGZUtyeXViTDF1MDhPd0JLdnF3Jmg9TnZOQzhoZVJJdFdaVm1aOERhdFdTWkdBWVN3d0lNOElhVm1GbHIwT0x1VQ==",
      "RequestMethod": "GET",
      "RequestHeaders": {
        "x-ms-client-request-id": [
          "6ed0f137-b049-48da-a1b7-60f2edbe8ebe"
        ],
        "User-Agent": [
          "FxVersion/6.0.2523.51912",
          "OSName/Windows",
          "OSVersion/Microsoft.Windows.10.0.22621",
          "Microsoft.Azure.Management.CosmosDB.CosmosDBManagementClient/1.14.0"
        ]
      },
      "RequestBody": "",
      "ResponseHeaders": {
        "Cache-Control": [
          "no-store, no-cache"
        ],
        "Pragma": [
          "no-cache"
        ],
        "Strict-Transport-Security": [
          "max-age=31536000; includeSubDomains"
        ],
        "x-ms-gatewayversion": [
          "version=2.14.0"
        ],
        "x-ms-operation-identifier": [
          "appId=d2acab17-5eeb-497c-be35-9a48c149a367,tenantId=72f988bf-86f1-41af-91ab-2d7cd011db47,objectId=749ae451-1681-4488-ba62-98b91ab2e76e/eastus2euap/be690b69-9632-4fdc-907d-7080326c125a"
        ],
        "x-ms-ratelimit-remaining-subscription-reads": [
          "11999"
        ],
        "x-ms-request-id": [
          "ac0420a2-d856-4afc-8de8-bd8b64342190"
        ],
        "x-ms-correlation-request-id": [
          "ac0420a2-d856-4afc-8de8-bd8b64342190"
        ],
        "x-ms-routing-request-id": [
          "EASTUS2EUAP:20231214T020003Z:ac0420a2-d856-4afc-8de8-bd8b64342190"
        ],
        "X-Content-Type-Options": [
          "nosniff"
        ],
        "X-Cache": [
          "CONFIG_NOCACHE"
        ],
        "X-MSEdge-Ref": [
          "Ref A: 216E50640CC54AF3BA98090FB6E15E52 Ref B: CO6AA3150218017 Ref C: 2023-12-14T02:00:03Z"
        ],
        "Date": [
          "Thu, 14 Dec 2023 02:00:03 GMT"
        ],
        "Content-Length": [
          "21"
        ],
        "Content-Type": [
          "application/json"
        ]
      },
      "ResponseBody": "{\r\n  \"status\": \"Dequeued\"\r\n}",
      "StatusCode": 200
    },
    {
      "RequestUri": "/subscriptions/23587e98-b6ac-4328-a753-03bcd3c8e744/providers/Microsoft.DocumentDB/locations/eastus/operationsStatus/336505b9-8de8-4cbf-a49b-eec9fb81e7ca?api-version=2023-11-15&t=638381159737541467&c=MIIHADCCBeigAwIBAgITfAQLcaCng4PbkqfYgwAABAtxoDANBgkqhkiG9w0BAQsFADBEMRMwEQYKCZImiZPyLGQBGRYDR0JMMRMwEQYKCZImiZPyLGQBGRYDQU1FMRgwFgYDVQQDEw9BTUUgSW5mcmEgQ0EgMDUwHhcNMjMxMTAxMTI0MzI3WhcNMjQxMDI2MTI0MzI3WjBAMT4wPAYDVQQDEzVhc3luY29wZXJhdGlvbnNpZ25pbmdjZXJ0aWZpY2F0ZS5tYW5hZ2VtZW50LmF6dXJlLmNvbTCCASIwDQYJKoZIhvcNAQEBBQADggEPADCCAQoCggEBAMASS-hQHZh3XnrtcarjidBFWnrMJQEJvuV8hmX9ZJXQUZqdXkcsybCmcZ6GrD53Hm7BL0BPMu_lJjUwk3pgogwY11A6zSH-nrWPylUiyRfB1YXbAZPizS5TCGZKkLUEYmLzB7U79kh3b8BV9UYM875ZA3ZUSkKjj0gsT9yvz4wUFff2HnZR6qtFZMkPGZmRnKX6PRKOsRdZSWBD7i7UUqmYcViOIFQkvZHv6Ud_Vh4DV6L6aUaScJUCkvkUYz208Gfg8ja4cpzEPr3dPNqVlgvBHZtugQfcrVXwlXj3tyVp8miHHqcI83XQ-PD2c5UK8v6UWrpq1qcZntcORl2ElikCAwEAAaOCA-0wggPpMCcGCSsGAQQBgjcVCgQaMBgwCgYIKwYBBQUHAwEwCgYIKwYBBQUHAwIwPQYJKwYBBAGCNxUHBDAwLgYmKwYBBAGCNxUIhpDjDYTVtHiE8Ys-hZvdFs6dEoFggvX2K4Py0SACAWQCAQowggHLBggrBgEFBQcBAQSCAb0wggG5MGMGCCsGAQUFBzAChldodHRwOi8vY3JsLm1pY3Jvc29mdC5jb20vcGtpaW5mcmEvQ2VydHMvQ08xUEtJSU5UQ0EwMS5BTUUuR0JMX0FNRSUyMEluZnJhJTIwQ0ElMjAwNS5jcnQwUwYIKwYBBQUHMAKGR2h0dHA6Ly9jcmwxLmFtZS5nYmwvYWlhL0NPMVBLSUlOVENBMDEuQU1FLkdCTF9BTUUlMjBJbmZyYSUyMENBJTIwMDUuY3J0MFMGCCsGAQUFBzAChkdodHRwOi8vY3JsMi5hbWUuZ2JsL2FpYS9DTzFQS0lJTlRDQTAxLkFNRS5HQkxfQU1FJTIwSW5mcmElMjBDQSUyMDA1LmNydDBTBggrBgEFBQcwAoZHaHR0cDovL2NybDMuYW1lLmdibC9haWEvQ08xUEtJSU5UQ0EwMS5BTUUuR0JMX0FNRSUyMEluZnJhJTIwQ0ElMjAwNS5jcnQwUwYIKwYBBQUHMAKGR2h0dHA6Ly9jcmw0LmFtZS5nYmwvYWlhL0NPMVBLSUlOVENBMDEuQU1FLkdCTF9BTUUlMjBJbmZyYSUyMENBJTIwMDUuY3J0MB0GA1UdDgQWBBTkDCwlzPvFs769Ab_QQx8W_EeO0DAOBgNVHQ8BAf8EBAMCBaAwggEmBgNVHR8EggEdMIIBGTCCARWgggERoIIBDYY_aHR0cDovL2NybC5taWNyb3NvZnQuY29tL3BraWluZnJhL0NSTC9BTUUlMjBJbmZyYSUyMENBJTIwMDUuY3JshjFodHRwOi8vY3JsMS5hbWUuZ2JsL2NybC9BTUUlMjBJbmZyYSUyMENBJTIwMDUuY3JshjFodHRwOi8vY3JsMi5hbWUuZ2JsL2NybC9BTUUlMjBJbmZyYSUyMENBJTIwMDUuY3JshjFodHRwOi8vY3JsMy5hbWUuZ2JsL2NybC9BTUUlMjBJbmZyYSUyMENBJTIwMDUuY3JshjFodHRwOi8vY3JsNC5hbWUuZ2JsL2NybC9BTUUlMjBJbmZyYSUyMENBJTIwMDUuY3JsMBcGA1UdIAQQMA4wDAYKKwYBBAGCN3sBATAfBgNVHSMEGDAWgBR61hmFKHlscXYeYPjzS--iBUIWHTAdBgNVHSUEFjAUBggrBgEFBQcDAQYIKwYBBQUHAwIwDQYJKoZIhvcNAQELBQADggEBAJ-6aG3jwyd99FDf0mv60D3VvRrxjvV6U4HiqwVQxEKwPQZNHm1kcECNs1rT2-P4sErBJDDd7jXZ4hrfov8CAnHDO2Zed-44FHFVRDaqmkGjwEQMoYgd2sJ7n8CH-9e5P10vQKFkvD3b6fMtwS-OJCP59VSS4hAMv6-hDdhmA0yfzU_F6urksdXHQoUENIaRzpoWltT9BInQRwMP8mmdjocHZ1n-cvoGU4-BxNNjTNAOQo0O6jSEtyRG6VZq2d9tfgpMQovst57UC603ayt-UkUAqO9E27ehsFLtYs76t7q1kGykK9t05TEB2Dcc9L7FEGvos2ht1Zgudr8Hi0aztFs&s=J-YEI_-WIUCyXxNXoYQamyQvMdyK7vHlMeJgibchrrctmSn-2OZ3wQjOf9VRv034gUA8TwkxSVS0JkpGBAPqMGt2E4CIeI6Y-Io1Rvi5-oALdCvvOlOH9sGl390oEg9UqQXuwtDb66sXYUD9-Q1UZpf4nkS6wMKVujXUBjzFFRUfuOcKxp-hDHr03azfceAffJGM1LIjk6lw5cCrSyq0_JGVFElK01h10yQIF4jB3skLbnFsE6IoKASQJt8EyfMuqBHA4q5K1LtzXByOB7OeC5kQsB1tYpNrI_S17EBOUl2tT0H_kYl16WLTMGjxYbs91UdFeKryubL1u08OwBKvqw&h=NvNC8heRItWZVmZ8DatWSZGAYSwwIM8IaVmFlr0OLuU",
      "EncodedRequestUri": "L3N1YnNjcmlwdGlvbnMvMjM1ODdlOTgtYjZhYy00MzI4LWE3NTMtMDNiY2QzYzhlNzQ0L3Byb3ZpZGVycy9NaWNyb3NvZnQuRG9jdW1lbnREQi9sb2NhdGlvbnMvZWFzdHVzL29wZXJhdGlvbnNTdGF0dXMvMzM2NTA1YjktOGRlOC00Y2JmLWE0OWItZWVjOWZiODFlN2NhP2FwaS12ZXJzaW9uPTIwMjMtMTEtMTUmdD02MzgzODExNTk3Mzc1NDE0NjcmYz1NSUlIQURDQ0JlaWdBd0lCQWdJVGZBUUxjYUNuZzRQYmtxZllnd0FBQkF0eG9EQU5CZ2txaGtpRzl3MEJBUXNGQURCRU1STXdFUVlLQ1pJbWlaUHlMR1FCR1JZRFIwSk1NUk13RVFZS0NaSW1pWlB5TEdRQkdSWURRVTFGTVJnd0ZnWURWUVFERXc5QlRVVWdTVzVtY21FZ1EwRWdNRFV3SGhjTk1qTXhNVEF4TVRJME16STNXaGNOTWpReE1ESTJNVEkwTXpJM1dqQkFNVDR3UEFZRFZRUURFelZoYzNsdVkyOXdaWEpoZEdsdmJuTnBaMjVwYm1kalpYSjBhV1pwWTJGMFpTNXRZVzVoWjJWdFpXNTBMbUY2ZFhKbExtTnZiVENDQVNJd0RRWUpLb1pJaHZjTkFRRUJCUUFEZ2dFUEFEQ0NBUW9DZ2dFQkFNQVNTLWhRSFpoM1hucnRjYXJqaWRCRlduck1KUUVKdnVWOGhtWDlaSlhRVVpxZFhrY3N5YkNtY1o2R3JENTNIbTdCTDBCUE11X2xKalV3azNwZ29nd1kxMUE2elNILW5yV1B5bFVpeVJmQjFZWGJBWlBpelM1VENHWktrTFVFWW1MekI3VTc5a2gzYjhCVjlVWU04NzVaQTNaVVNrS2pqMGdzVDl5dno0d1VGZmYySG5aUjZxdEZaTWtQR1ptUm5LWDZQUktPc1JkWlNXQkQ3aTdVVXFtWWNWaU9JRlFrdlpIdjZVZF9WaDREVjZMNmFVYVNjSlVDa3ZrVVl6MjA4R2ZnOGphNGNwekVQcjNkUE5xVmxndkJIWnR1Z1FmY3JWWHdsWGozdHlWcDhtaUhIcWNJODNYUS1QRDJjNVVLOHY2VVdycHExcWNabnRjT1JsMkVsaWtDQXdFQUFhT0NBLTB3Z2dQcE1DY0dDU3NHQVFRQmdqY1ZDZ1FhTUJnd0NnWUlLd1lCQlFVSEF3RXdDZ1lJS3dZQkJRVUhBd0l3UFFZSkt3WUJCQUdDTnhVSEJEQXdMZ1ltS3dZQkJBR0NOeFVJaHBEakRZVFZ0SGlFOFlzLWhadmRGczZkRW9GZ2d2WDJLNFB5MFNBQ0FXUUNBUW93Z2dITEJnZ3JCZ0VGQlFjQkFRU0NBYjB3Z2dHNU1HTUdDQ3NHQVFVRkJ6QUNobGRvZEhSd09pOHZZM0pzTG0xcFkzSnZjMjltZEM1amIyMHZjR3RwYVc1bWNtRXZRMlZ5ZEhNdlEwOHhVRXRKU1U1VVEwRXdNUzVCVFVVdVIwSk1YMEZOUlNVeU1FbHVabkpoSlRJd1EwRWxNakF3TlM1amNuUXdVd1lJS3dZQkJRVUhNQUtHUjJoMGRIQTZMeTlqY213eExtRnRaUzVuWW13dllXbGhMME5QTVZCTFNVbE9WRU5CTURFdVFVMUZMa2RDVEY5QlRVVWxNakJKYm1aeVlTVXlNRU5CSlRJd01EVXVZM0owTUZNR0NDc0dBUVVGQnpBQ2hrZG9kSFJ3T2k4dlkzSnNNaTVoYldVdVoySnNMMkZwWVM5RFR6RlFTMGxKVGxSRFFUQXhMa0ZOUlM1SFFreGZRVTFGSlRJd1NXNW1jbUVsTWpCRFFTVXlNREExTG1OeWREQlRCZ2dyQmdFRkJRY3dBb1pIYUhSMGNEb3ZMMk55YkRNdVlXMWxMbWRpYkM5aGFXRXZRMDh4VUV0SlNVNVVRMEV3TVM1QlRVVXVSMEpNWDBGTlJTVXlNRWx1Wm5KaEpUSXdRMEVsTWpBd05TNWpjblF3VXdZSUt3WUJCUVVITUFLR1IyaDBkSEE2THk5amNtdzBMbUZ0WlM1blltd3ZZV2xoTDBOUE1WQkxTVWxPVkVOQk1ERXVRVTFGTGtkQ1RGOUJUVVVsTWpCSmJtWnlZU1V5TUVOQkpUSXdNRFV1WTNKME1CMEdBMVVkRGdRV0JCVGtEQ3dselB2RnM3NjlBYl9RUXg4V19FZU8wREFPQmdOVkhROEJBZjhFQkFNQ0JhQXdnZ0VtQmdOVkhSOEVnZ0VkTUlJQkdUQ0NBUldnZ2dFUm9JSUJEWVlfYUhSMGNEb3ZMMk55YkM1dGFXTnliM052Wm5RdVkyOXRMM0JyYVdsdVpuSmhMME5TVEM5QlRVVWxNakJKYm1aeVlTVXlNRU5CSlRJd01EVXVZM0pzaGpGb2RIUndPaTh2WTNKc01TNWhiV1V1WjJKc0wyTnliQzlCVFVVbE1qQkpibVp5WVNVeU1FTkJKVEl3TURVdVkzSnNoakZvZEhSd09pOHZZM0pzTWk1aGJXVXVaMkpzTDJOeWJDOUJUVVVsTWpCSmJtWnlZU1V5TUVOQkpUSXdNRFV1WTNKc2hqRm9kSFJ3T2k4dlkzSnNNeTVoYldVdVoySnNMMk55YkM5QlRVVWxNakJKYm1aeVlTVXlNRU5CSlRJd01EVXVZM0pzaGpGb2RIUndPaTh2WTNKc05DNWhiV1V1WjJKc0wyTnliQzlCVFVVbE1qQkpibVp5WVNVeU1FTkJKVEl3TURVdVkzSnNNQmNHQTFVZElBUVFNQTR3REFZS0t3WUJCQUdDTjNzQkFUQWZCZ05WSFNNRUdEQVdnQlI2MWhtRktIbHNjWFllWVBqelMtLWlCVUlXSFRBZEJnTlZIU1VFRmpBVUJnZ3JCZ0VGQlFjREFRWUlLd1lCQlFVSEF3SXdEUVlKS29aSWh2Y05BUUVMQlFBRGdnRUJBSi02YUczand5ZDk5RkRmMG12NjBEM1Z2UnJ4anZWNlU0SGlxd1ZReEVLd1BRWk5IbTFrY0VDTnMxclQyLVA0c0VyQkpERGQ3alhaNGhyZm92OENBbkhETzJaZWQtNDRGSEZWUkRhcW1rR2p3RVFNb1lnZDJzSjduOENILTllNVAxMHZRS0ZrdkQzYjZmTXR3Uy1PSkNQNTlWU1M0aEFNdjYtaERkaG1BMHlmelVfRjZ1cmtzZFhIUW9VRU5JYVJ6cG9XbHRUOUJJblFSd01QOG1tZGpvY0haMW4tY3ZvR1U0LUJ4Tk5qVE5BT1FvME82alNFdHlSRzZWWnEyZDl0ZmdwTVFvdnN0NTdVQzYwM2F5dC1Va1VBcU85RTI3ZWhzRkx0WXM3NnQ3cTFrR3lrSzl0MDVURUIyRGNjOUw3RkVHdm9zMmh0MVpndWRyOEhpMGF6dEZzJnM9Si1ZRUlfLVdJVUN5WHhOWG9ZUWFteVF2TWR5Szd2SGxNZUpnaWJjaHJyY3RtU24tMk9aM3dRak9mOVZSdjAzNGdVQThUd2t4U1ZTMEprcEdCQVBxTUd0MkU0Q0llSTZZLUlvMVJ2aTUtb0FMZEN2dk9sT0g5c0dsMzkwb0VnOVVxUVh1d3REYjY2c1hZVUQ5LVExVVpwZjRua1M2d01LVnVqWFVCanpGRlJVZnVPY0t4cC1oREhyMDNhemZjZUFmZkpHTTFMSWprNmx3NWNDclN5cTBfSkdWRkVsSzAxaDEweVFJRjRqQjNza0xibkZzRTZJb0tBU1FKdDhFeWZNdXFCSEE0cTVLMUx0elhCeU9CN09lQzVrUXNCMXRZcE5ySV9TMTdFQk9VbDJ0VDBIX2tZbDE2V0xUTUdqeFliczkxVWRGZUtyeXViTDF1MDhPd0JLdnF3Jmg9TnZOQzhoZVJJdFdaVm1aOERhdFdTWkdBWVN3d0lNOElhVm1GbHIwT0x1VQ==",
      "RequestMethod": "GET",
      "RequestHeaders": {
        "x-ms-client-request-id": [
          "6ed0f137-b049-48da-a1b7-60f2edbe8ebe"
        ],
        "User-Agent": [
          "FxVersion/6.0.2523.51912",
          "OSName/Windows",
          "OSVersion/Microsoft.Windows.10.0.22621",
          "Microsoft.Azure.Management.CosmosDB.CosmosDBManagementClient/1.14.0"
        ]
      },
      "RequestBody": "",
      "ResponseHeaders": {
        "Cache-Control": [
          "no-store, no-cache"
        ],
        "Pragma": [
          "no-cache"
        ],
        "Strict-Transport-Security": [
          "max-age=31536000; includeSubDomains"
        ],
        "x-ms-gatewayversion": [
          "version=2.14.0"
        ],
        "x-ms-operation-identifier": [
          "appId=d2acab17-5eeb-497c-be35-9a48c149a367,tenantId=72f988bf-86f1-41af-91ab-2d7cd011db47,objectId=749ae451-1681-4488-ba62-98b91ab2e76e/eastus2euap/77abd0f4-f1b1-492b-9dde-a604241b83a2"
        ],
        "x-ms-ratelimit-remaining-subscription-reads": [
          "11998"
        ],
        "x-ms-request-id": [
          "5707488d-50d1-4e37-b568-cc97a43613b5"
        ],
        "x-ms-correlation-request-id": [
          "5707488d-50d1-4e37-b568-cc97a43613b5"
        ],
        "x-ms-routing-request-id": [
          "EASTUS2EUAP:20231214T020034Z:5707488d-50d1-4e37-b568-cc97a43613b5"
        ],
        "X-Content-Type-Options": [
          "nosniff"
        ],
        "X-Cache": [
          "CONFIG_NOCACHE"
        ],
        "X-MSEdge-Ref": [
          "Ref A: FD7C1539E6624EB9A5B47F35078255E3 Ref B: CO6AA3150218017 Ref C: 2023-12-14T02:00:33Z"
        ],
        "Date": [
          "Thu, 14 Dec 2023 02:00:33 GMT"
        ],
        "Content-Length": [
          "21"
        ],
        "Content-Type": [
          "application/json"
        ]
      },
      "ResponseBody": "{\r\n  \"status\": \"Dequeued\"\r\n}",
      "StatusCode": 200
    },
    {
      "RequestUri": "/subscriptions/23587e98-b6ac-4328-a753-03bcd3c8e744/providers/Microsoft.DocumentDB/locations/eastus/operationsStatus/336505b9-8de8-4cbf-a49b-eec9fb81e7ca?api-version=2023-11-15&t=638381159737541467&c=MIIHADCCBeigAwIBAgITfAQLcaCng4PbkqfYgwAABAtxoDANBgkqhkiG9w0BAQsFADBEMRMwEQYKCZImiZPyLGQBGRYDR0JMMRMwEQYKCZImiZPyLGQBGRYDQU1FMRgwFgYDVQQDEw9BTUUgSW5mcmEgQ0EgMDUwHhcNMjMxMTAxMTI0MzI3WhcNMjQxMDI2MTI0MzI3WjBAMT4wPAYDVQQDEzVhc3luY29wZXJhdGlvbnNpZ25pbmdjZXJ0aWZpY2F0ZS5tYW5hZ2VtZW50LmF6dXJlLmNvbTCCASIwDQYJKoZIhvcNAQEBBQADggEPADCCAQoCggEBAMASS-hQHZh3XnrtcarjidBFWnrMJQEJvuV8hmX9ZJXQUZqdXkcsybCmcZ6GrD53Hm7BL0BPMu_lJjUwk3pgogwY11A6zSH-nrWPylUiyRfB1YXbAZPizS5TCGZKkLUEYmLzB7U79kh3b8BV9UYM875ZA3ZUSkKjj0gsT9yvz4wUFff2HnZR6qtFZMkPGZmRnKX6PRKOsRdZSWBD7i7UUqmYcViOIFQkvZHv6Ud_Vh4DV6L6aUaScJUCkvkUYz208Gfg8ja4cpzEPr3dPNqVlgvBHZtugQfcrVXwlXj3tyVp8miHHqcI83XQ-PD2c5UK8v6UWrpq1qcZntcORl2ElikCAwEAAaOCA-0wggPpMCcGCSsGAQQBgjcVCgQaMBgwCgYIKwYBBQUHAwEwCgYIKwYBBQUHAwIwPQYJKwYBBAGCNxUHBDAwLgYmKwYBBAGCNxUIhpDjDYTVtHiE8Ys-hZvdFs6dEoFggvX2K4Py0SACAWQCAQowggHLBggrBgEFBQcBAQSCAb0wggG5MGMGCCsGAQUFBzAChldodHRwOi8vY3JsLm1pY3Jvc29mdC5jb20vcGtpaW5mcmEvQ2VydHMvQ08xUEtJSU5UQ0EwMS5BTUUuR0JMX0FNRSUyMEluZnJhJTIwQ0ElMjAwNS5jcnQwUwYIKwYBBQUHMAKGR2h0dHA6Ly9jcmwxLmFtZS5nYmwvYWlhL0NPMVBLSUlOVENBMDEuQU1FLkdCTF9BTUUlMjBJbmZyYSUyMENBJTIwMDUuY3J0MFMGCCsGAQUFBzAChkdodHRwOi8vY3JsMi5hbWUuZ2JsL2FpYS9DTzFQS0lJTlRDQTAxLkFNRS5HQkxfQU1FJTIwSW5mcmElMjBDQSUyMDA1LmNydDBTBggrBgEFBQcwAoZHaHR0cDovL2NybDMuYW1lLmdibC9haWEvQ08xUEtJSU5UQ0EwMS5BTUUuR0JMX0FNRSUyMEluZnJhJTIwQ0ElMjAwNS5jcnQwUwYIKwYBBQUHMAKGR2h0dHA6Ly9jcmw0LmFtZS5nYmwvYWlhL0NPMVBLSUlOVENBMDEuQU1FLkdCTF9BTUUlMjBJbmZyYSUyMENBJTIwMDUuY3J0MB0GA1UdDgQWBBTkDCwlzPvFs769Ab_QQx8W_EeO0DAOBgNVHQ8BAf8EBAMCBaAwggEmBgNVHR8EggEdMIIBGTCCARWgggERoIIBDYY_aHR0cDovL2NybC5taWNyb3NvZnQuY29tL3BraWluZnJhL0NSTC9BTUUlMjBJbmZyYSUyMENBJTIwMDUuY3JshjFodHRwOi8vY3JsMS5hbWUuZ2JsL2NybC9BTUUlMjBJbmZyYSUyMENBJTIwMDUuY3JshjFodHRwOi8vY3JsMi5hbWUuZ2JsL2NybC9BTUUlMjBJbmZyYSUyMENBJTIwMDUuY3JshjFodHRwOi8vY3JsMy5hbWUuZ2JsL2NybC9BTUUlMjBJbmZyYSUyMENBJTIwMDUuY3JshjFodHRwOi8vY3JsNC5hbWUuZ2JsL2NybC9BTUUlMjBJbmZyYSUyMENBJTIwMDUuY3JsMBcGA1UdIAQQMA4wDAYKKwYBBAGCN3sBATAfBgNVHSMEGDAWgBR61hmFKHlscXYeYPjzS--iBUIWHTAdBgNVHSUEFjAUBggrBgEFBQcDAQYIKwYBBQUHAwIwDQYJKoZIhvcNAQELBQADggEBAJ-6aG3jwyd99FDf0mv60D3VvRrxjvV6U4HiqwVQxEKwPQZNHm1kcECNs1rT2-P4sErBJDDd7jXZ4hrfov8CAnHDO2Zed-44FHFVRDaqmkGjwEQMoYgd2sJ7n8CH-9e5P10vQKFkvD3b6fMtwS-OJCP59VSS4hAMv6-hDdhmA0yfzU_F6urksdXHQoUENIaRzpoWltT9BInQRwMP8mmdjocHZ1n-cvoGU4-BxNNjTNAOQo0O6jSEtyRG6VZq2d9tfgpMQovst57UC603ayt-UkUAqO9E27ehsFLtYs76t7q1kGykK9t05TEB2Dcc9L7FEGvos2ht1Zgudr8Hi0aztFs&s=J-YEI_-WIUCyXxNXoYQamyQvMdyK7vHlMeJgibchrrctmSn-2OZ3wQjOf9VRv034gUA8TwkxSVS0JkpGBAPqMGt2E4CIeI6Y-Io1Rvi5-oALdCvvOlOH9sGl390oEg9UqQXuwtDb66sXYUD9-Q1UZpf4nkS6wMKVujXUBjzFFRUfuOcKxp-hDHr03azfceAffJGM1LIjk6lw5cCrSyq0_JGVFElK01h10yQIF4jB3skLbnFsE6IoKASQJt8EyfMuqBHA4q5K1LtzXByOB7OeC5kQsB1tYpNrI_S17EBOUl2tT0H_kYl16WLTMGjxYbs91UdFeKryubL1u08OwBKvqw&h=NvNC8heRItWZVmZ8DatWSZGAYSwwIM8IaVmFlr0OLuU",
      "EncodedRequestUri": "L3N1YnNjcmlwdGlvbnMvMjM1ODdlOTgtYjZhYy00MzI4LWE3NTMtMDNiY2QzYzhlNzQ0L3Byb3ZpZGVycy9NaWNyb3NvZnQuRG9jdW1lbnREQi9sb2NhdGlvbnMvZWFzdHVzL29wZXJhdGlvbnNTdGF0dXMvMzM2NTA1YjktOGRlOC00Y2JmLWE0OWItZWVjOWZiODFlN2NhP2FwaS12ZXJzaW9uPTIwMjMtMTEtMTUmdD02MzgzODExNTk3Mzc1NDE0NjcmYz1NSUlIQURDQ0JlaWdBd0lCQWdJVGZBUUxjYUNuZzRQYmtxZllnd0FBQkF0eG9EQU5CZ2txaGtpRzl3MEJBUXNGQURCRU1STXdFUVlLQ1pJbWlaUHlMR1FCR1JZRFIwSk1NUk13RVFZS0NaSW1pWlB5TEdRQkdSWURRVTFGTVJnd0ZnWURWUVFERXc5QlRVVWdTVzVtY21FZ1EwRWdNRFV3SGhjTk1qTXhNVEF4TVRJME16STNXaGNOTWpReE1ESTJNVEkwTXpJM1dqQkFNVDR3UEFZRFZRUURFelZoYzNsdVkyOXdaWEpoZEdsdmJuTnBaMjVwYm1kalpYSjBhV1pwWTJGMFpTNXRZVzVoWjJWdFpXNTBMbUY2ZFhKbExtTnZiVENDQVNJd0RRWUpLb1pJaHZjTkFRRUJCUUFEZ2dFUEFEQ0NBUW9DZ2dFQkFNQVNTLWhRSFpoM1hucnRjYXJqaWRCRlduck1KUUVKdnVWOGhtWDlaSlhRVVpxZFhrY3N5YkNtY1o2R3JENTNIbTdCTDBCUE11X2xKalV3azNwZ29nd1kxMUE2elNILW5yV1B5bFVpeVJmQjFZWGJBWlBpelM1VENHWktrTFVFWW1MekI3VTc5a2gzYjhCVjlVWU04NzVaQTNaVVNrS2pqMGdzVDl5dno0d1VGZmYySG5aUjZxdEZaTWtQR1ptUm5LWDZQUktPc1JkWlNXQkQ3aTdVVXFtWWNWaU9JRlFrdlpIdjZVZF9WaDREVjZMNmFVYVNjSlVDa3ZrVVl6MjA4R2ZnOGphNGNwekVQcjNkUE5xVmxndkJIWnR1Z1FmY3JWWHdsWGozdHlWcDhtaUhIcWNJODNYUS1QRDJjNVVLOHY2VVdycHExcWNabnRjT1JsMkVsaWtDQXdFQUFhT0NBLTB3Z2dQcE1DY0dDU3NHQVFRQmdqY1ZDZ1FhTUJnd0NnWUlLd1lCQlFVSEF3RXdDZ1lJS3dZQkJRVUhBd0l3UFFZSkt3WUJCQUdDTnhVSEJEQXdMZ1ltS3dZQkJBR0NOeFVJaHBEakRZVFZ0SGlFOFlzLWhadmRGczZkRW9GZ2d2WDJLNFB5MFNBQ0FXUUNBUW93Z2dITEJnZ3JCZ0VGQlFjQkFRU0NBYjB3Z2dHNU1HTUdDQ3NHQVFVRkJ6QUNobGRvZEhSd09pOHZZM0pzTG0xcFkzSnZjMjltZEM1amIyMHZjR3RwYVc1bWNtRXZRMlZ5ZEhNdlEwOHhVRXRKU1U1VVEwRXdNUzVCVFVVdVIwSk1YMEZOUlNVeU1FbHVabkpoSlRJd1EwRWxNakF3TlM1amNuUXdVd1lJS3dZQkJRVUhNQUtHUjJoMGRIQTZMeTlqY213eExtRnRaUzVuWW13dllXbGhMME5QTVZCTFNVbE9WRU5CTURFdVFVMUZMa2RDVEY5QlRVVWxNakJKYm1aeVlTVXlNRU5CSlRJd01EVXVZM0owTUZNR0NDc0dBUVVGQnpBQ2hrZG9kSFJ3T2k4dlkzSnNNaTVoYldVdVoySnNMMkZwWVM5RFR6RlFTMGxKVGxSRFFUQXhMa0ZOUlM1SFFreGZRVTFGSlRJd1NXNW1jbUVsTWpCRFFTVXlNREExTG1OeWREQlRCZ2dyQmdFRkJRY3dBb1pIYUhSMGNEb3ZMMk55YkRNdVlXMWxMbWRpYkM5aGFXRXZRMDh4VUV0SlNVNVVRMEV3TVM1QlRVVXVSMEpNWDBGTlJTVXlNRWx1Wm5KaEpUSXdRMEVsTWpBd05TNWpjblF3VXdZSUt3WUJCUVVITUFLR1IyaDBkSEE2THk5amNtdzBMbUZ0WlM1blltd3ZZV2xoTDBOUE1WQkxTVWxPVkVOQk1ERXVRVTFGTGtkQ1RGOUJUVVVsTWpCSmJtWnlZU1V5TUVOQkpUSXdNRFV1WTNKME1CMEdBMVVkRGdRV0JCVGtEQ3dselB2RnM3NjlBYl9RUXg4V19FZU8wREFPQmdOVkhROEJBZjhFQkFNQ0JhQXdnZ0VtQmdOVkhSOEVnZ0VkTUlJQkdUQ0NBUldnZ2dFUm9JSUJEWVlfYUhSMGNEb3ZMMk55YkM1dGFXTnliM052Wm5RdVkyOXRMM0JyYVdsdVpuSmhMME5TVEM5QlRVVWxNakJKYm1aeVlTVXlNRU5CSlRJd01EVXVZM0pzaGpGb2RIUndPaTh2WTNKc01TNWhiV1V1WjJKc0wyTnliQzlCVFVVbE1qQkpibVp5WVNVeU1FTkJKVEl3TURVdVkzSnNoakZvZEhSd09pOHZZM0pzTWk1aGJXVXVaMkpzTDJOeWJDOUJUVVVsTWpCSmJtWnlZU1V5TUVOQkpUSXdNRFV1WTNKc2hqRm9kSFJ3T2k4dlkzSnNNeTVoYldVdVoySnNMMk55YkM5QlRVVWxNakJKYm1aeVlTVXlNRU5CSlRJd01EVXVZM0pzaGpGb2RIUndPaTh2WTNKc05DNWhiV1V1WjJKc0wyTnliQzlCVFVVbE1qQkpibVp5WVNVeU1FTkJKVEl3TURVdVkzSnNNQmNHQTFVZElBUVFNQTR3REFZS0t3WUJCQUdDTjNzQkFUQWZCZ05WSFNNRUdEQVdnQlI2MWhtRktIbHNjWFllWVBqelMtLWlCVUlXSFRBZEJnTlZIU1VFRmpBVUJnZ3JCZ0VGQlFjREFRWUlLd1lCQlFVSEF3SXdEUVlKS29aSWh2Y05BUUVMQlFBRGdnRUJBSi02YUczand5ZDk5RkRmMG12NjBEM1Z2UnJ4anZWNlU0SGlxd1ZReEVLd1BRWk5IbTFrY0VDTnMxclQyLVA0c0VyQkpERGQ3alhaNGhyZm92OENBbkhETzJaZWQtNDRGSEZWUkRhcW1rR2p3RVFNb1lnZDJzSjduOENILTllNVAxMHZRS0ZrdkQzYjZmTXR3Uy1PSkNQNTlWU1M0aEFNdjYtaERkaG1BMHlmelVfRjZ1cmtzZFhIUW9VRU5JYVJ6cG9XbHRUOUJJblFSd01QOG1tZGpvY0haMW4tY3ZvR1U0LUJ4Tk5qVE5BT1FvME82alNFdHlSRzZWWnEyZDl0ZmdwTVFvdnN0NTdVQzYwM2F5dC1Va1VBcU85RTI3ZWhzRkx0WXM3NnQ3cTFrR3lrSzl0MDVURUIyRGNjOUw3RkVHdm9zMmh0MVpndWRyOEhpMGF6dEZzJnM9Si1ZRUlfLVdJVUN5WHhOWG9ZUWFteVF2TWR5Szd2SGxNZUpnaWJjaHJyY3RtU24tMk9aM3dRak9mOVZSdjAzNGdVQThUd2t4U1ZTMEprcEdCQVBxTUd0MkU0Q0llSTZZLUlvMVJ2aTUtb0FMZEN2dk9sT0g5c0dsMzkwb0VnOVVxUVh1d3REYjY2c1hZVUQ5LVExVVpwZjRua1M2d01LVnVqWFVCanpGRlJVZnVPY0t4cC1oREhyMDNhemZjZUFmZkpHTTFMSWprNmx3NWNDclN5cTBfSkdWRkVsSzAxaDEweVFJRjRqQjNza0xibkZzRTZJb0tBU1FKdDhFeWZNdXFCSEE0cTVLMUx0elhCeU9CN09lQzVrUXNCMXRZcE5ySV9TMTdFQk9VbDJ0VDBIX2tZbDE2V0xUTUdqeFliczkxVWRGZUtyeXViTDF1MDhPd0JLdnF3Jmg9TnZOQzhoZVJJdFdaVm1aOERhdFdTWkdBWVN3d0lNOElhVm1GbHIwT0x1VQ==",
      "RequestMethod": "GET",
      "RequestHeaders": {
        "x-ms-client-request-id": [
          "6ed0f137-b049-48da-a1b7-60f2edbe8ebe"
        ],
        "User-Agent": [
          "FxVersion/6.0.2523.51912",
          "OSName/Windows",
          "OSVersion/Microsoft.Windows.10.0.22621",
          "Microsoft.Azure.Management.CosmosDB.CosmosDBManagementClient/1.14.0"
        ]
      },
      "RequestBody": "",
      "ResponseHeaders": {
        "Cache-Control": [
          "no-store, no-cache"
        ],
        "Pragma": [
          "no-cache"
        ],
        "Strict-Transport-Security": [
          "max-age=31536000; includeSubDomains"
        ],
        "x-ms-gatewayversion": [
          "version=2.14.0"
        ],
        "x-ms-operation-identifier": [
          "appId=d2acab17-5eeb-497c-be35-9a48c149a367,tenantId=72f988bf-86f1-41af-91ab-2d7cd011db47,objectId=749ae451-1681-4488-ba62-98b91ab2e76e/eastus2euap/ef989b5f-ee9b-421f-abae-0817616cd66a"
        ],
        "x-ms-ratelimit-remaining-subscription-reads": [
          "11997"
        ],
        "x-ms-request-id": [
          "3f138443-4c70-4835-93fa-bd4ed33c1222"
        ],
        "x-ms-correlation-request-id": [
          "3f138443-4c70-4835-93fa-bd4ed33c1222"
        ],
        "x-ms-routing-request-id": [
          "EASTUS2EUAP:20231214T020104Z:3f138443-4c70-4835-93fa-bd4ed33c1222"
        ],
        "X-Content-Type-Options": [
          "nosniff"
        ],
        "X-Cache": [
          "CONFIG_NOCACHE"
        ],
        "X-MSEdge-Ref": [
          "Ref A: 60C0349B9B764E02A65475BBA1BC0A99 Ref B: CO6AA3150218017 Ref C: 2023-12-14T02:01:04Z"
        ],
        "Date": [
          "Thu, 14 Dec 2023 02:01:03 GMT"
        ],
        "Content-Length": [
          "21"
        ],
        "Content-Type": [
          "application/json"
        ]
      },
      "ResponseBody": "{\r\n  \"status\": \"Dequeued\"\r\n}",
      "StatusCode": 200
    },
    {
      "RequestUri": "/subscriptions/23587e98-b6ac-4328-a753-03bcd3c8e744/providers/Microsoft.DocumentDB/locations/eastus/operationsStatus/336505b9-8de8-4cbf-a49b-eec9fb81e7ca?api-version=2023-11-15&t=638381159737541467&c=MIIHADCCBeigAwIBAgITfAQLcaCng4PbkqfYgwAABAtxoDANBgkqhkiG9w0BAQsFADBEMRMwEQYKCZImiZPyLGQBGRYDR0JMMRMwEQYKCZImiZPyLGQBGRYDQU1FMRgwFgYDVQQDEw9BTUUgSW5mcmEgQ0EgMDUwHhcNMjMxMTAxMTI0MzI3WhcNMjQxMDI2MTI0MzI3WjBAMT4wPAYDVQQDEzVhc3luY29wZXJhdGlvbnNpZ25pbmdjZXJ0aWZpY2F0ZS5tYW5hZ2VtZW50LmF6dXJlLmNvbTCCASIwDQYJKoZIhvcNAQEBBQADggEPADCCAQoCggEBAMASS-hQHZh3XnrtcarjidBFWnrMJQEJvuV8hmX9ZJXQUZqdXkcsybCmcZ6GrD53Hm7BL0BPMu_lJjUwk3pgogwY11A6zSH-nrWPylUiyRfB1YXbAZPizS5TCGZKkLUEYmLzB7U79kh3b8BV9UYM875ZA3ZUSkKjj0gsT9yvz4wUFff2HnZR6qtFZMkPGZmRnKX6PRKOsRdZSWBD7i7UUqmYcViOIFQkvZHv6Ud_Vh4DV6L6aUaScJUCkvkUYz208Gfg8ja4cpzEPr3dPNqVlgvBHZtugQfcrVXwlXj3tyVp8miHHqcI83XQ-PD2c5UK8v6UWrpq1qcZntcORl2ElikCAwEAAaOCA-0wggPpMCcGCSsGAQQBgjcVCgQaMBgwCgYIKwYBBQUHAwEwCgYIKwYBBQUHAwIwPQYJKwYBBAGCNxUHBDAwLgYmKwYBBAGCNxUIhpDjDYTVtHiE8Ys-hZvdFs6dEoFggvX2K4Py0SACAWQCAQowggHLBggrBgEFBQcBAQSCAb0wggG5MGMGCCsGAQUFBzAChldodHRwOi8vY3JsLm1pY3Jvc29mdC5jb20vcGtpaW5mcmEvQ2VydHMvQ08xUEtJSU5UQ0EwMS5BTUUuR0JMX0FNRSUyMEluZnJhJTIwQ0ElMjAwNS5jcnQwUwYIKwYBBQUHMAKGR2h0dHA6Ly9jcmwxLmFtZS5nYmwvYWlhL0NPMVBLSUlOVENBMDEuQU1FLkdCTF9BTUUlMjBJbmZyYSUyMENBJTIwMDUuY3J0MFMGCCsGAQUFBzAChkdodHRwOi8vY3JsMi5hbWUuZ2JsL2FpYS9DTzFQS0lJTlRDQTAxLkFNRS5HQkxfQU1FJTIwSW5mcmElMjBDQSUyMDA1LmNydDBTBggrBgEFBQcwAoZHaHR0cDovL2NybDMuYW1lLmdibC9haWEvQ08xUEtJSU5UQ0EwMS5BTUUuR0JMX0FNRSUyMEluZnJhJTIwQ0ElMjAwNS5jcnQwUwYIKwYBBQUHMAKGR2h0dHA6Ly9jcmw0LmFtZS5nYmwvYWlhL0NPMVBLSUlOVENBMDEuQU1FLkdCTF9BTUUlMjBJbmZyYSUyMENBJTIwMDUuY3J0MB0GA1UdDgQWBBTkDCwlzPvFs769Ab_QQx8W_EeO0DAOBgNVHQ8BAf8EBAMCBaAwggEmBgNVHR8EggEdMIIBGTCCARWgggERoIIBDYY_aHR0cDovL2NybC5taWNyb3NvZnQuY29tL3BraWluZnJhL0NSTC9BTUUlMjBJbmZyYSUyMENBJTIwMDUuY3JshjFodHRwOi8vY3JsMS5hbWUuZ2JsL2NybC9BTUUlMjBJbmZyYSUyMENBJTIwMDUuY3JshjFodHRwOi8vY3JsMi5hbWUuZ2JsL2NybC9BTUUlMjBJbmZyYSUyMENBJTIwMDUuY3JshjFodHRwOi8vY3JsMy5hbWUuZ2JsL2NybC9BTUUlMjBJbmZyYSUyMENBJTIwMDUuY3JshjFodHRwOi8vY3JsNC5hbWUuZ2JsL2NybC9BTUUlMjBJbmZyYSUyMENBJTIwMDUuY3JsMBcGA1UdIAQQMA4wDAYKKwYBBAGCN3sBATAfBgNVHSMEGDAWgBR61hmFKHlscXYeYPjzS--iBUIWHTAdBgNVHSUEFjAUBggrBgEFBQcDAQYIKwYBBQUHAwIwDQYJKoZIhvcNAQELBQADggEBAJ-6aG3jwyd99FDf0mv60D3VvRrxjvV6U4HiqwVQxEKwPQZNHm1kcECNs1rT2-P4sErBJDDd7jXZ4hrfov8CAnHDO2Zed-44FHFVRDaqmkGjwEQMoYgd2sJ7n8CH-9e5P10vQKFkvD3b6fMtwS-OJCP59VSS4hAMv6-hDdhmA0yfzU_F6urksdXHQoUENIaRzpoWltT9BInQRwMP8mmdjocHZ1n-cvoGU4-BxNNjTNAOQo0O6jSEtyRG6VZq2d9tfgpMQovst57UC603ayt-UkUAqO9E27ehsFLtYs76t7q1kGykK9t05TEB2Dcc9L7FEGvos2ht1Zgudr8Hi0aztFs&s=J-YEI_-WIUCyXxNXoYQamyQvMdyK7vHlMeJgibchrrctmSn-2OZ3wQjOf9VRv034gUA8TwkxSVS0JkpGBAPqMGt2E4CIeI6Y-Io1Rvi5-oALdCvvOlOH9sGl390oEg9UqQXuwtDb66sXYUD9-Q1UZpf4nkS6wMKVujXUBjzFFRUfuOcKxp-hDHr03azfceAffJGM1LIjk6lw5cCrSyq0_JGVFElK01h10yQIF4jB3skLbnFsE6IoKASQJt8EyfMuqBHA4q5K1LtzXByOB7OeC5kQsB1tYpNrI_S17EBOUl2tT0H_kYl16WLTMGjxYbs91UdFeKryubL1u08OwBKvqw&h=NvNC8heRItWZVmZ8DatWSZGAYSwwIM8IaVmFlr0OLuU",
      "EncodedRequestUri": "L3N1YnNjcmlwdGlvbnMvMjM1ODdlOTgtYjZhYy00MzI4LWE3NTMtMDNiY2QzYzhlNzQ0L3Byb3ZpZGVycy9NaWNyb3NvZnQuRG9jdW1lbnREQi9sb2NhdGlvbnMvZWFzdHVzL29wZXJhdGlvbnNTdGF0dXMvMzM2NTA1YjktOGRlOC00Y2JmLWE0OWItZWVjOWZiODFlN2NhP2FwaS12ZXJzaW9uPTIwMjMtMTEtMTUmdD02MzgzODExNTk3Mzc1NDE0NjcmYz1NSUlIQURDQ0JlaWdBd0lCQWdJVGZBUUxjYUNuZzRQYmtxZllnd0FBQkF0eG9EQU5CZ2txaGtpRzl3MEJBUXNGQURCRU1STXdFUVlLQ1pJbWlaUHlMR1FCR1JZRFIwSk1NUk13RVFZS0NaSW1pWlB5TEdRQkdSWURRVTFGTVJnd0ZnWURWUVFERXc5QlRVVWdTVzVtY21FZ1EwRWdNRFV3SGhjTk1qTXhNVEF4TVRJME16STNXaGNOTWpReE1ESTJNVEkwTXpJM1dqQkFNVDR3UEFZRFZRUURFelZoYzNsdVkyOXdaWEpoZEdsdmJuTnBaMjVwYm1kalpYSjBhV1pwWTJGMFpTNXRZVzVoWjJWdFpXNTBMbUY2ZFhKbExtTnZiVENDQVNJd0RRWUpLb1pJaHZjTkFRRUJCUUFEZ2dFUEFEQ0NBUW9DZ2dFQkFNQVNTLWhRSFpoM1hucnRjYXJqaWRCRlduck1KUUVKdnVWOGhtWDlaSlhRVVpxZFhrY3N5YkNtY1o2R3JENTNIbTdCTDBCUE11X2xKalV3azNwZ29nd1kxMUE2elNILW5yV1B5bFVpeVJmQjFZWGJBWlBpelM1VENHWktrTFVFWW1MekI3VTc5a2gzYjhCVjlVWU04NzVaQTNaVVNrS2pqMGdzVDl5dno0d1VGZmYySG5aUjZxdEZaTWtQR1ptUm5LWDZQUktPc1JkWlNXQkQ3aTdVVXFtWWNWaU9JRlFrdlpIdjZVZF9WaDREVjZMNmFVYVNjSlVDa3ZrVVl6MjA4R2ZnOGphNGNwekVQcjNkUE5xVmxndkJIWnR1Z1FmY3JWWHdsWGozdHlWcDhtaUhIcWNJODNYUS1QRDJjNVVLOHY2VVdycHExcWNabnRjT1JsMkVsaWtDQXdFQUFhT0NBLTB3Z2dQcE1DY0dDU3NHQVFRQmdqY1ZDZ1FhTUJnd0NnWUlLd1lCQlFVSEF3RXdDZ1lJS3dZQkJRVUhBd0l3UFFZSkt3WUJCQUdDTnhVSEJEQXdMZ1ltS3dZQkJBR0NOeFVJaHBEakRZVFZ0SGlFOFlzLWhadmRGczZkRW9GZ2d2WDJLNFB5MFNBQ0FXUUNBUW93Z2dITEJnZ3JCZ0VGQlFjQkFRU0NBYjB3Z2dHNU1HTUdDQ3NHQVFVRkJ6QUNobGRvZEhSd09pOHZZM0pzTG0xcFkzSnZjMjltZEM1amIyMHZjR3RwYVc1bWNtRXZRMlZ5ZEhNdlEwOHhVRXRKU1U1VVEwRXdNUzVCVFVVdVIwSk1YMEZOUlNVeU1FbHVabkpoSlRJd1EwRWxNakF3TlM1amNuUXdVd1lJS3dZQkJRVUhNQUtHUjJoMGRIQTZMeTlqY213eExtRnRaUzVuWW13dllXbGhMME5QTVZCTFNVbE9WRU5CTURFdVFVMUZMa2RDVEY5QlRVVWxNakJKYm1aeVlTVXlNRU5CSlRJd01EVXVZM0owTUZNR0NDc0dBUVVGQnpBQ2hrZG9kSFJ3T2k4dlkzSnNNaTVoYldVdVoySnNMMkZwWVM5RFR6RlFTMGxKVGxSRFFUQXhMa0ZOUlM1SFFreGZRVTFGSlRJd1NXNW1jbUVsTWpCRFFTVXlNREExTG1OeWREQlRCZ2dyQmdFRkJRY3dBb1pIYUhSMGNEb3ZMMk55YkRNdVlXMWxMbWRpYkM5aGFXRXZRMDh4VUV0SlNVNVVRMEV3TVM1QlRVVXVSMEpNWDBGTlJTVXlNRWx1Wm5KaEpUSXdRMEVsTWpBd05TNWpjblF3VXdZSUt3WUJCUVVITUFLR1IyaDBkSEE2THk5amNtdzBMbUZ0WlM1blltd3ZZV2xoTDBOUE1WQkxTVWxPVkVOQk1ERXVRVTFGTGtkQ1RGOUJUVVVsTWpCSmJtWnlZU1V5TUVOQkpUSXdNRFV1WTNKME1CMEdBMVVkRGdRV0JCVGtEQ3dselB2RnM3NjlBYl9RUXg4V19FZU8wREFPQmdOVkhROEJBZjhFQkFNQ0JhQXdnZ0VtQmdOVkhSOEVnZ0VkTUlJQkdUQ0NBUldnZ2dFUm9JSUJEWVlfYUhSMGNEb3ZMMk55YkM1dGFXTnliM052Wm5RdVkyOXRMM0JyYVdsdVpuSmhMME5TVEM5QlRVVWxNakJKYm1aeVlTVXlNRU5CSlRJd01EVXVZM0pzaGpGb2RIUndPaTh2WTNKc01TNWhiV1V1WjJKc0wyTnliQzlCVFVVbE1qQkpibVp5WVNVeU1FTkJKVEl3TURVdVkzSnNoakZvZEhSd09pOHZZM0pzTWk1aGJXVXVaMkpzTDJOeWJDOUJUVVVsTWpCSmJtWnlZU1V5TUVOQkpUSXdNRFV1WTNKc2hqRm9kSFJ3T2k4dlkzSnNNeTVoYldVdVoySnNMMk55YkM5QlRVVWxNakJKYm1aeVlTVXlNRU5CSlRJd01EVXVZM0pzaGpGb2RIUndPaTh2WTNKc05DNWhiV1V1WjJKc0wyTnliQzlCVFVVbE1qQkpibVp5WVNVeU1FTkJKVEl3TURVdVkzSnNNQmNHQTFVZElBUVFNQTR3REFZS0t3WUJCQUdDTjNzQkFUQWZCZ05WSFNNRUdEQVdnQlI2MWhtRktIbHNjWFllWVBqelMtLWlCVUlXSFRBZEJnTlZIU1VFRmpBVUJnZ3JCZ0VGQlFjREFRWUlLd1lCQlFVSEF3SXdEUVlKS29aSWh2Y05BUUVMQlFBRGdnRUJBSi02YUczand5ZDk5RkRmMG12NjBEM1Z2UnJ4anZWNlU0SGlxd1ZReEVLd1BRWk5IbTFrY0VDTnMxclQyLVA0c0VyQkpERGQ3alhaNGhyZm92OENBbkhETzJaZWQtNDRGSEZWUkRhcW1rR2p3RVFNb1lnZDJzSjduOENILTllNVAxMHZRS0ZrdkQzYjZmTXR3Uy1PSkNQNTlWU1M0aEFNdjYtaERkaG1BMHlmelVfRjZ1cmtzZFhIUW9VRU5JYVJ6cG9XbHRUOUJJblFSd01QOG1tZGpvY0haMW4tY3ZvR1U0LUJ4Tk5qVE5BT1FvME82alNFdHlSRzZWWnEyZDl0ZmdwTVFvdnN0NTdVQzYwM2F5dC1Va1VBcU85RTI3ZWhzRkx0WXM3NnQ3cTFrR3lrSzl0MDVURUIyRGNjOUw3RkVHdm9zMmh0MVpndWRyOEhpMGF6dEZzJnM9Si1ZRUlfLVdJVUN5WHhOWG9ZUWFteVF2TWR5Szd2SGxNZUpnaWJjaHJyY3RtU24tMk9aM3dRak9mOVZSdjAzNGdVQThUd2t4U1ZTMEprcEdCQVBxTUd0MkU0Q0llSTZZLUlvMVJ2aTUtb0FMZEN2dk9sT0g5c0dsMzkwb0VnOVVxUVh1d3REYjY2c1hZVUQ5LVExVVpwZjRua1M2d01LVnVqWFVCanpGRlJVZnVPY0t4cC1oREhyMDNhemZjZUFmZkpHTTFMSWprNmx3NWNDclN5cTBfSkdWRkVsSzAxaDEweVFJRjRqQjNza0xibkZzRTZJb0tBU1FKdDhFeWZNdXFCSEE0cTVLMUx0elhCeU9CN09lQzVrUXNCMXRZcE5ySV9TMTdFQk9VbDJ0VDBIX2tZbDE2V0xUTUdqeFliczkxVWRGZUtyeXViTDF1MDhPd0JLdnF3Jmg9TnZOQzhoZVJJdFdaVm1aOERhdFdTWkdBWVN3d0lNOElhVm1GbHIwT0x1VQ==",
      "RequestMethod": "GET",
      "RequestHeaders": {
        "x-ms-client-request-id": [
          "6ed0f137-b049-48da-a1b7-60f2edbe8ebe"
        ],
        "User-Agent": [
          "FxVersion/6.0.2523.51912",
          "OSName/Windows",
          "OSVersion/Microsoft.Windows.10.0.22621",
          "Microsoft.Azure.Management.CosmosDB.CosmosDBManagementClient/1.14.0"
        ]
      },
      "RequestBody": "",
      "ResponseHeaders": {
        "Cache-Control": [
          "no-store, no-cache"
        ],
        "Pragma": [
          "no-cache"
        ],
        "Strict-Transport-Security": [
          "max-age=31536000; includeSubDomains"
        ],
        "x-ms-gatewayversion": [
          "version=2.14.0"
        ],
        "x-ms-operation-identifier": [
          "appId=d2acab17-5eeb-497c-be35-9a48c149a367,tenantId=72f988bf-86f1-41af-91ab-2d7cd011db47,objectId=749ae451-1681-4488-ba62-98b91ab2e76e/eastus2euap/3f049496-ff96-4ad0-9457-0f6d4d390a0c"
        ],
        "x-ms-ratelimit-remaining-subscription-reads": [
          "11996"
        ],
        "x-ms-request-id": [
          "920cde4e-c488-49b2-942a-42dd24354114"
        ],
        "x-ms-correlation-request-id": [
          "920cde4e-c488-49b2-942a-42dd24354114"
        ],
        "x-ms-routing-request-id": [
          "EASTUS2EUAP:20231214T020134Z:920cde4e-c488-49b2-942a-42dd24354114"
        ],
        "X-Content-Type-Options": [
          "nosniff"
        ],
        "X-Cache": [
          "CONFIG_NOCACHE"
        ],
        "X-MSEdge-Ref": [
          "Ref A: DCF0B2D1DC054F65826F7B6D173DC447 Ref B: CO6AA3150218017 Ref C: 2023-12-14T02:01:34Z"
        ],
        "Date": [
          "Thu, 14 Dec 2023 02:01:33 GMT"
        ],
        "Content-Length": [
          "21"
        ],
        "Content-Type": [
          "application/json"
        ]
      },
      "ResponseBody": "{\r\n  \"status\": \"Dequeued\"\r\n}",
      "StatusCode": 200
    },
    {
      "RequestUri": "/subscriptions/23587e98-b6ac-4328-a753-03bcd3c8e744/providers/Microsoft.DocumentDB/locations/eastus/operationsStatus/336505b9-8de8-4cbf-a49b-eec9fb81e7ca?api-version=2023-11-15&t=638381159737541467&c=MIIHADCCBeigAwIBAgITfAQLcaCng4PbkqfYgwAABAtxoDANBgkqhkiG9w0BAQsFADBEMRMwEQYKCZImiZPyLGQBGRYDR0JMMRMwEQYKCZImiZPyLGQBGRYDQU1FMRgwFgYDVQQDEw9BTUUgSW5mcmEgQ0EgMDUwHhcNMjMxMTAxMTI0MzI3WhcNMjQxMDI2MTI0MzI3WjBAMT4wPAYDVQQDEzVhc3luY29wZXJhdGlvbnNpZ25pbmdjZXJ0aWZpY2F0ZS5tYW5hZ2VtZW50LmF6dXJlLmNvbTCCASIwDQYJKoZIhvcNAQEBBQADggEPADCCAQoCggEBAMASS-hQHZh3XnrtcarjidBFWnrMJQEJvuV8hmX9ZJXQUZqdXkcsybCmcZ6GrD53Hm7BL0BPMu_lJjUwk3pgogwY11A6zSH-nrWPylUiyRfB1YXbAZPizS5TCGZKkLUEYmLzB7U79kh3b8BV9UYM875ZA3ZUSkKjj0gsT9yvz4wUFff2HnZR6qtFZMkPGZmRnKX6PRKOsRdZSWBD7i7UUqmYcViOIFQkvZHv6Ud_Vh4DV6L6aUaScJUCkvkUYz208Gfg8ja4cpzEPr3dPNqVlgvBHZtugQfcrVXwlXj3tyVp8miHHqcI83XQ-PD2c5UK8v6UWrpq1qcZntcORl2ElikCAwEAAaOCA-0wggPpMCcGCSsGAQQBgjcVCgQaMBgwCgYIKwYBBQUHAwEwCgYIKwYBBQUHAwIwPQYJKwYBBAGCNxUHBDAwLgYmKwYBBAGCNxUIhpDjDYTVtHiE8Ys-hZvdFs6dEoFggvX2K4Py0SACAWQCAQowggHLBggrBgEFBQcBAQSCAb0wggG5MGMGCCsGAQUFBzAChldodHRwOi8vY3JsLm1pY3Jvc29mdC5jb20vcGtpaW5mcmEvQ2VydHMvQ08xUEtJSU5UQ0EwMS5BTUUuR0JMX0FNRSUyMEluZnJhJTIwQ0ElMjAwNS5jcnQwUwYIKwYBBQUHMAKGR2h0dHA6Ly9jcmwxLmFtZS5nYmwvYWlhL0NPMVBLSUlOVENBMDEuQU1FLkdCTF9BTUUlMjBJbmZyYSUyMENBJTIwMDUuY3J0MFMGCCsGAQUFBzAChkdodHRwOi8vY3JsMi5hbWUuZ2JsL2FpYS9DTzFQS0lJTlRDQTAxLkFNRS5HQkxfQU1FJTIwSW5mcmElMjBDQSUyMDA1LmNydDBTBggrBgEFBQcwAoZHaHR0cDovL2NybDMuYW1lLmdibC9haWEvQ08xUEtJSU5UQ0EwMS5BTUUuR0JMX0FNRSUyMEluZnJhJTIwQ0ElMjAwNS5jcnQwUwYIKwYBBQUHMAKGR2h0dHA6Ly9jcmw0LmFtZS5nYmwvYWlhL0NPMVBLSUlOVENBMDEuQU1FLkdCTF9BTUUlMjBJbmZyYSUyMENBJTIwMDUuY3J0MB0GA1UdDgQWBBTkDCwlzPvFs769Ab_QQx8W_EeO0DAOBgNVHQ8BAf8EBAMCBaAwggEmBgNVHR8EggEdMIIBGTCCARWgggERoIIBDYY_aHR0cDovL2NybC5taWNyb3NvZnQuY29tL3BraWluZnJhL0NSTC9BTUUlMjBJbmZyYSUyMENBJTIwMDUuY3JshjFodHRwOi8vY3JsMS5hbWUuZ2JsL2NybC9BTUUlMjBJbmZyYSUyMENBJTIwMDUuY3JshjFodHRwOi8vY3JsMi5hbWUuZ2JsL2NybC9BTUUlMjBJbmZyYSUyMENBJTIwMDUuY3JshjFodHRwOi8vY3JsMy5hbWUuZ2JsL2NybC9BTUUlMjBJbmZyYSUyMENBJTIwMDUuY3JshjFodHRwOi8vY3JsNC5hbWUuZ2JsL2NybC9BTUUlMjBJbmZyYSUyMENBJTIwMDUuY3JsMBcGA1UdIAQQMA4wDAYKKwYBBAGCN3sBATAfBgNVHSMEGDAWgBR61hmFKHlscXYeYPjzS--iBUIWHTAdBgNVHSUEFjAUBggrBgEFBQcDAQYIKwYBBQUHAwIwDQYJKoZIhvcNAQELBQADggEBAJ-6aG3jwyd99FDf0mv60D3VvRrxjvV6U4HiqwVQxEKwPQZNHm1kcECNs1rT2-P4sErBJDDd7jXZ4hrfov8CAnHDO2Zed-44FHFVRDaqmkGjwEQMoYgd2sJ7n8CH-9e5P10vQKFkvD3b6fMtwS-OJCP59VSS4hAMv6-hDdhmA0yfzU_F6urksdXHQoUENIaRzpoWltT9BInQRwMP8mmdjocHZ1n-cvoGU4-BxNNjTNAOQo0O6jSEtyRG6VZq2d9tfgpMQovst57UC603ayt-UkUAqO9E27ehsFLtYs76t7q1kGykK9t05TEB2Dcc9L7FEGvos2ht1Zgudr8Hi0aztFs&s=J-YEI_-WIUCyXxNXoYQamyQvMdyK7vHlMeJgibchrrctmSn-2OZ3wQjOf9VRv034gUA8TwkxSVS0JkpGBAPqMGt2E4CIeI6Y-Io1Rvi5-oALdCvvOlOH9sGl390oEg9UqQXuwtDb66sXYUD9-Q1UZpf4nkS6wMKVujXUBjzFFRUfuOcKxp-hDHr03azfceAffJGM1LIjk6lw5cCrSyq0_JGVFElK01h10yQIF4jB3skLbnFsE6IoKASQJt8EyfMuqBHA4q5K1LtzXByOB7OeC5kQsB1tYpNrI_S17EBOUl2tT0H_kYl16WLTMGjxYbs91UdFeKryubL1u08OwBKvqw&h=NvNC8heRItWZVmZ8DatWSZGAYSwwIM8IaVmFlr0OLuU",
      "EncodedRequestUri": "L3N1YnNjcmlwdGlvbnMvMjM1ODdlOTgtYjZhYy00MzI4LWE3NTMtMDNiY2QzYzhlNzQ0L3Byb3ZpZGVycy9NaWNyb3NvZnQuRG9jdW1lbnREQi9sb2NhdGlvbnMvZWFzdHVzL29wZXJhdGlvbnNTdGF0dXMvMzM2NTA1YjktOGRlOC00Y2JmLWE0OWItZWVjOWZiODFlN2NhP2FwaS12ZXJzaW9uPTIwMjMtMTEtMTUmdD02MzgzODExNTk3Mzc1NDE0NjcmYz1NSUlIQURDQ0JlaWdBd0lCQWdJVGZBUUxjYUNuZzRQYmtxZllnd0FBQkF0eG9EQU5CZ2txaGtpRzl3MEJBUXNGQURCRU1STXdFUVlLQ1pJbWlaUHlMR1FCR1JZRFIwSk1NUk13RVFZS0NaSW1pWlB5TEdRQkdSWURRVTFGTVJnd0ZnWURWUVFERXc5QlRVVWdTVzVtY21FZ1EwRWdNRFV3SGhjTk1qTXhNVEF4TVRJME16STNXaGNOTWpReE1ESTJNVEkwTXpJM1dqQkFNVDR3UEFZRFZRUURFelZoYzNsdVkyOXdaWEpoZEdsdmJuTnBaMjVwYm1kalpYSjBhV1pwWTJGMFpTNXRZVzVoWjJWdFpXNTBMbUY2ZFhKbExtTnZiVENDQVNJd0RRWUpLb1pJaHZjTkFRRUJCUUFEZ2dFUEFEQ0NBUW9DZ2dFQkFNQVNTLWhRSFpoM1hucnRjYXJqaWRCRlduck1KUUVKdnVWOGhtWDlaSlhRVVpxZFhrY3N5YkNtY1o2R3JENTNIbTdCTDBCUE11X2xKalV3azNwZ29nd1kxMUE2elNILW5yV1B5bFVpeVJmQjFZWGJBWlBpelM1VENHWktrTFVFWW1MekI3VTc5a2gzYjhCVjlVWU04NzVaQTNaVVNrS2pqMGdzVDl5dno0d1VGZmYySG5aUjZxdEZaTWtQR1ptUm5LWDZQUktPc1JkWlNXQkQ3aTdVVXFtWWNWaU9JRlFrdlpIdjZVZF9WaDREVjZMNmFVYVNjSlVDa3ZrVVl6MjA4R2ZnOGphNGNwekVQcjNkUE5xVmxndkJIWnR1Z1FmY3JWWHdsWGozdHlWcDhtaUhIcWNJODNYUS1QRDJjNVVLOHY2VVdycHExcWNabnRjT1JsMkVsaWtDQXdFQUFhT0NBLTB3Z2dQcE1DY0dDU3NHQVFRQmdqY1ZDZ1FhTUJnd0NnWUlLd1lCQlFVSEF3RXdDZ1lJS3dZQkJRVUhBd0l3UFFZSkt3WUJCQUdDTnhVSEJEQXdMZ1ltS3dZQkJBR0NOeFVJaHBEakRZVFZ0SGlFOFlzLWhadmRGczZkRW9GZ2d2WDJLNFB5MFNBQ0FXUUNBUW93Z2dITEJnZ3JCZ0VGQlFjQkFRU0NBYjB3Z2dHNU1HTUdDQ3NHQVFVRkJ6QUNobGRvZEhSd09pOHZZM0pzTG0xcFkzSnZjMjltZEM1amIyMHZjR3RwYVc1bWNtRXZRMlZ5ZEhNdlEwOHhVRXRKU1U1VVEwRXdNUzVCVFVVdVIwSk1YMEZOUlNVeU1FbHVabkpoSlRJd1EwRWxNakF3TlM1amNuUXdVd1lJS3dZQkJRVUhNQUtHUjJoMGRIQTZMeTlqY213eExtRnRaUzVuWW13dllXbGhMME5QTVZCTFNVbE9WRU5CTURFdVFVMUZMa2RDVEY5QlRVVWxNakJKYm1aeVlTVXlNRU5CSlRJd01EVXVZM0owTUZNR0NDc0dBUVVGQnpBQ2hrZG9kSFJ3T2k4dlkzSnNNaTVoYldVdVoySnNMMkZwWVM5RFR6RlFTMGxKVGxSRFFUQXhMa0ZOUlM1SFFreGZRVTFGSlRJd1NXNW1jbUVsTWpCRFFTVXlNREExTG1OeWREQlRCZ2dyQmdFRkJRY3dBb1pIYUhSMGNEb3ZMMk55YkRNdVlXMWxMbWRpYkM5aGFXRXZRMDh4VUV0SlNVNVVRMEV3TVM1QlRVVXVSMEpNWDBGTlJTVXlNRWx1Wm5KaEpUSXdRMEVsTWpBd05TNWpjblF3VXdZSUt3WUJCUVVITUFLR1IyaDBkSEE2THk5amNtdzBMbUZ0WlM1blltd3ZZV2xoTDBOUE1WQkxTVWxPVkVOQk1ERXVRVTFGTGtkQ1RGOUJUVVVsTWpCSmJtWnlZU1V5TUVOQkpUSXdNRFV1WTNKME1CMEdBMVVkRGdRV0JCVGtEQ3dselB2RnM3NjlBYl9RUXg4V19FZU8wREFPQmdOVkhROEJBZjhFQkFNQ0JhQXdnZ0VtQmdOVkhSOEVnZ0VkTUlJQkdUQ0NBUldnZ2dFUm9JSUJEWVlfYUhSMGNEb3ZMMk55YkM1dGFXTnliM052Wm5RdVkyOXRMM0JyYVdsdVpuSmhMME5TVEM5QlRVVWxNakJKYm1aeVlTVXlNRU5CSlRJd01EVXVZM0pzaGpGb2RIUndPaTh2WTNKc01TNWhiV1V1WjJKc0wyTnliQzlCVFVVbE1qQkpibVp5WVNVeU1FTkJKVEl3TURVdVkzSnNoakZvZEhSd09pOHZZM0pzTWk1aGJXVXVaMkpzTDJOeWJDOUJUVVVsTWpCSmJtWnlZU1V5TUVOQkpUSXdNRFV1WTNKc2hqRm9kSFJ3T2k4dlkzSnNNeTVoYldVdVoySnNMMk55YkM5QlRVVWxNakJKYm1aeVlTVXlNRU5CSlRJd01EVXVZM0pzaGpGb2RIUndPaTh2WTNKc05DNWhiV1V1WjJKc0wyTnliQzlCVFVVbE1qQkpibVp5WVNVeU1FTkJKVEl3TURVdVkzSnNNQmNHQTFVZElBUVFNQTR3REFZS0t3WUJCQUdDTjNzQkFUQWZCZ05WSFNNRUdEQVdnQlI2MWhtRktIbHNjWFllWVBqelMtLWlCVUlXSFRBZEJnTlZIU1VFRmpBVUJnZ3JCZ0VGQlFjREFRWUlLd1lCQlFVSEF3SXdEUVlKS29aSWh2Y05BUUVMQlFBRGdnRUJBSi02YUczand5ZDk5RkRmMG12NjBEM1Z2UnJ4anZWNlU0SGlxd1ZReEVLd1BRWk5IbTFrY0VDTnMxclQyLVA0c0VyQkpERGQ3alhaNGhyZm92OENBbkhETzJaZWQtNDRGSEZWUkRhcW1rR2p3RVFNb1lnZDJzSjduOENILTllNVAxMHZRS0ZrdkQzYjZmTXR3Uy1PSkNQNTlWU1M0aEFNdjYtaERkaG1BMHlmelVfRjZ1cmtzZFhIUW9VRU5JYVJ6cG9XbHRUOUJJblFSd01QOG1tZGpvY0haMW4tY3ZvR1U0LUJ4Tk5qVE5BT1FvME82alNFdHlSRzZWWnEyZDl0ZmdwTVFvdnN0NTdVQzYwM2F5dC1Va1VBcU85RTI3ZWhzRkx0WXM3NnQ3cTFrR3lrSzl0MDVURUIyRGNjOUw3RkVHdm9zMmh0MVpndWRyOEhpMGF6dEZzJnM9Si1ZRUlfLVdJVUN5WHhOWG9ZUWFteVF2TWR5Szd2SGxNZUpnaWJjaHJyY3RtU24tMk9aM3dRak9mOVZSdjAzNGdVQThUd2t4U1ZTMEprcEdCQVBxTUd0MkU0Q0llSTZZLUlvMVJ2aTUtb0FMZEN2dk9sT0g5c0dsMzkwb0VnOVVxUVh1d3REYjY2c1hZVUQ5LVExVVpwZjRua1M2d01LVnVqWFVCanpGRlJVZnVPY0t4cC1oREhyMDNhemZjZUFmZkpHTTFMSWprNmx3NWNDclN5cTBfSkdWRkVsSzAxaDEweVFJRjRqQjNza0xibkZzRTZJb0tBU1FKdDhFeWZNdXFCSEE0cTVLMUx0elhCeU9CN09lQzVrUXNCMXRZcE5ySV9TMTdFQk9VbDJ0VDBIX2tZbDE2V0xUTUdqeFliczkxVWRGZUtyeXViTDF1MDhPd0JLdnF3Jmg9TnZOQzhoZVJJdFdaVm1aOERhdFdTWkdBWVN3d0lNOElhVm1GbHIwT0x1VQ==",
      "RequestMethod": "GET",
      "RequestHeaders": {
        "x-ms-client-request-id": [
          "6ed0f137-b049-48da-a1b7-60f2edbe8ebe"
        ],
        "User-Agent": [
          "FxVersion/6.0.2523.51912",
          "OSName/Windows",
          "OSVersion/Microsoft.Windows.10.0.22621",
          "Microsoft.Azure.Management.CosmosDB.CosmosDBManagementClient/1.14.0"
        ]
      },
      "RequestBody": "",
      "ResponseHeaders": {
        "Cache-Control": [
          "no-store, no-cache"
        ],
        "Pragma": [
          "no-cache"
        ],
        "Strict-Transport-Security": [
          "max-age=31536000; includeSubDomains"
        ],
        "x-ms-gatewayversion": [
          "version=2.14.0"
        ],
        "x-ms-operation-identifier": [
          "appId=d2acab17-5eeb-497c-be35-9a48c149a367,tenantId=72f988bf-86f1-41af-91ab-2d7cd011db47,objectId=749ae451-1681-4488-ba62-98b91ab2e76e/eastus2euap/5293ad25-504b-4c08-9634-7c006d883625"
        ],
        "x-ms-ratelimit-remaining-subscription-reads": [
          "11995"
        ],
        "x-ms-request-id": [
          "b8f46f15-ff4c-46e0-bf2a-1b612875458f"
        ],
        "x-ms-correlation-request-id": [
          "b8f46f15-ff4c-46e0-bf2a-1b612875458f"
        ],
        "x-ms-routing-request-id": [
          "EASTUS2EUAP:20231214T020204Z:b8f46f15-ff4c-46e0-bf2a-1b612875458f"
        ],
        "X-Content-Type-Options": [
          "nosniff"
        ],
        "X-Cache": [
          "CONFIG_NOCACHE"
        ],
        "X-MSEdge-Ref": [
          "Ref A: D99495640B5647AAAEA750F6BA2539E0 Ref B: CO6AA3150218017 Ref C: 2023-12-14T02:02:04Z"
        ],
        "Date": [
          "Thu, 14 Dec 2023 02:02:03 GMT"
        ],
        "Content-Length": [
          "22"
        ],
        "Content-Type": [
          "application/json"
        ]
      },
      "ResponseBody": "{\r\n  \"status\": \"Succeeded\"\r\n}",
      "StatusCode": 200
    }
  ],
  "Names": {},
  "Variables": {
    "SubscriptionId": "23587e98-b6ac-4328-a753-03bcd3c8e744"
  }
}