{
  "Entries": [
    {
      "RequestUri": "/subscriptions/12053b8f-cab5-4f5c-9c1a-870580142abd/resourceGroups/CosmosDBResourceGroup27/providers/Microsoft.DocumentDB/databaseAccounts/dbaccount27?api-version=2021-04-15",
      "EncodedRequestUri": "L3N1YnNjcmlwdGlvbnMvMTIwNTNiOGYtY2FiNS00ZjVjLTljMWEtODcwNTgwMTQyYWJkL3Jlc291cmNlR3JvdXBzL0Nvc21vc0RCUmVzb3VyY2VHcm91cDI3L3Byb3ZpZGVycy9NaWNyb3NvZnQuRG9jdW1lbnREQi9kYXRhYmFzZUFjY291bnRzL2RiYWNjb3VudDI3P2FwaS12ZXJzaW9uPTIwMjEtMDQtMTU=",
      "RequestMethod": "GET",
      "RequestBody": "",
      "RequestHeaders": {
        "x-ms-client-request-id": [
          "ad24f140-6fd4-4ee5-898f-3609b31b2f7a"
        ],
        "Accept-Language": [
          "en-US"
        ],
        "User-Agent": [
          "FxVersion/4.6.29916.01",
          "OSName/Windows",
          "OSVersion/Microsoft.Windows.10.0.19043.",
          "Microsoft.Azure.Management.CosmosDB.CosmosDBManagementClient/3.0.0.0"
        ]
      },
      "ResponseHeaders": {
        "Cache-Control": [
          "no-store, no-cache"
        ],
        "Pragma": [
          "no-cache"
        ],
        "Strict-Transport-Security": [
          "max-age=31536000; includeSubDomains"
        ],
        "x-ms-gatewayversion": [
          "version=2.11.0"
        ],
        "Server": [
          "Microsoft-HTTPAPI/2.0"
        ],
        "x-ms-ratelimit-remaining-subscription-reads": [
          "11999"
        ],
        "x-ms-request-id": [
          "ab0ac472-3d3d-4148-b659-8dfdc7152222"
        ],
        "x-ms-correlation-request-id": [
          "ab0ac472-3d3d-4148-b659-8dfdc7152222"
        ],
        "x-ms-routing-request-id": [
          "WESTCENTRALUS:20210511T075804Z:ab0ac472-3d3d-4148-b659-8dfdc7152222"
        ],
        "X-Content-Type-Options": [
          "nosniff"
        ],
        "Date": [
          "Tue, 11 May 2021 07:58:04 GMT"
        ],
        "Content-Length": [
          "2256"
        ],
        "Content-Type": [
          "application/json"
        ]
      },
      "ResponseBody": "{\r\n  \"id\": \"/subscriptions/12053b8f-cab5-4f5c-9c1a-870580142abd/resourceGroups/CosmosDBResourceGroup27/providers/Microsoft.DocumentDB/databaseAccounts/dbaccount27\",\r\n  \"name\": \"dbaccount27\",\r\n  \"location\": \"West US\",\r\n  \"type\": \"Microsoft.DocumentDB/databaseAccounts\",\r\n  \"kind\": \"GlobalDocumentDB\",\r\n  \"tags\": {\r\n    \"defaultExperience\": \"Core (SQL)\",\r\n    \"hidden-cosmos-mmspecial\": \"\"\r\n  },\r\n  \"systemData\": {\r\n    \"createdAt\": \"2021-05-11T07:53:43.5871183Z\"\r\n  },\r\n  \"properties\": {\r\n    \"provisioningState\": \"Succeeded\",\r\n    \"documentEndpoint\": \"https://dbaccount27.documents.azure.com:443/\",\r\n    \"publicNetworkAccess\": \"Enabled\",\r\n    \"enableAutomaticFailover\": false,\r\n    \"enableMultipleWriteLocations\": false,\r\n    \"enablePartitionKeyMonitor\": false,\r\n    \"isVirtualNetworkFilterEnabled\": false,\r\n    \"virtualNetworkRules\": [],\r\n    \"EnabledApiTypes\": \"Sql\",\r\n    \"disableKeyBasedMetadataWriteAccess\": false,\r\n    \"enableFreeTier\": false,\r\n    \"enableAnalyticalStorage\": false,\r\n    \"analyticalStorageConfiguration\": null,\r\n    \"instanceId\": \"8b787c46-23c9-4f33-8bd6-8c1feffee57e\",\r\n    \"createMode\": \"Default\",\r\n    \"databaseAccountOfferType\": \"Standard\",\r\n    \"enableCassandraConnector\": false,\r\n    \"connectorOffer\": \"\",\r\n    \"defaultIdentity\": \"FirstPartyIdentity\",\r\n    \"networkAclBypass\": \"None\",\r\n    \"consistencyPolicy\": {\r\n      \"defaultConsistencyLevel\": \"Session\",\r\n      \"maxIntervalInSeconds\": 5,\r\n      \"maxStalenessPrefix\": 100\r\n    },\r\n    \"configurationOverrides\": {},\r\n    \"writeLocations\": [\r\n      {\r\n        \"id\": \"dbaccount27-westus\",\r\n        \"locationName\": \"West US\",\r\n        \"documentEndpoint\": \"https://dbaccount27-westus.documents.azure.com:443/\",\r\n        \"provisioningState\": \"Succeeded\",\r\n        \"failoverPriority\": 0,\r\n        \"isZoneRedundant\": false\r\n      }\r\n    ],\r\n    \"readLocations\": [\r\n      {\r\n        \"id\": \"dbaccount27-westus\",\r\n        \"locationName\": \"West US\",\r\n        \"documentEndpoint\": \"https://dbaccount27-westus.documents.azure.com:443/\",\r\n        \"provisioningState\": \"Succeeded\",\r\n        \"failoverPriority\": 0,\r\n        \"isZoneRedundant\": false\r\n      }\r\n    ],\r\n    \"locations\": [\r\n      {\r\n        \"id\": \"dbaccount27-westus\",\r\n        \"locationName\": \"West US\",\r\n        \"documentEndpoint\": \"https://dbaccount27-westus.documents.azure.com:443/\",\r\n        \"provisioningState\": \"Succeeded\",\r\n        \"failoverPriority\": 0,\r\n        \"isZoneRedundant\": false\r\n      }\r\n    ],\r\n    \"failoverPolicies\": [\r\n      {\r\n        \"id\": \"dbaccount27-westus\",\r\n        \"locationName\": \"West US\",\r\n        \"failoverPriority\": 0\r\n      }\r\n    ],\r\n    \"cors\": [],\r\n    \"capabilities\": [],\r\n    \"ipRules\": [],\r\n    \"backupPolicy\": {\r\n      \"type\": \"Periodic\",\r\n      \"periodicModeProperties\": {\r\n        \"backupIntervalInMinutes\": 240,\r\n        \"backupRetentionIntervalInHours\": 8,\r\n        \"backupStorageRedundancy\": \"Geo\"\r\n      }\r\n    },\r\n    \"networkAclBypassResourceIds\": []\r\n  },\r\n  \"identity\": {\r\n    \"type\": \"None\"\r\n  }\r\n}",
      "StatusCode": 200
    },
    {
      "RequestUri": "/subscriptions/12053b8f-cab5-4f5c-9c1a-870580142abd/resourceGroups/CosmosDBResourceGroup27/providers/Microsoft.DocumentDB/databaseAccounts/dbaccount27?api-version=2021-04-15",
      "EncodedRequestUri": "L3N1YnNjcmlwdGlvbnMvMTIwNTNiOGYtY2FiNS00ZjVjLTljMWEtODcwNTgwMTQyYWJkL3Jlc291cmNlR3JvdXBzL0Nvc21vc0RCUmVzb3VyY2VHcm91cDI3L3Byb3ZpZGVycy9NaWNyb3NvZnQuRG9jdW1lbnREQi9kYXRhYmFzZUFjY291bnRzL2RiYWNjb3VudDI3P2FwaS12ZXJzaW9uPTIwMjEtMDQtMTU=",
      "RequestMethod": "GET",
      "RequestBody": "",
      "RequestHeaders": {
        "x-ms-client-request-id": [
          "108d878b-fe08-4fa4-b0b3-16de437d7550"
        ],
        "Accept-Language": [
          "en-US"
        ],
        "User-Agent": [
          "FxVersion/4.6.29916.01",
          "OSName/Windows",
          "OSVersion/Microsoft.Windows.10.0.19043.",
          "Microsoft.Azure.Management.CosmosDB.CosmosDBManagementClient/3.0.0.0"
        ]
      },
      "ResponseHeaders": {
        "Cache-Control": [
          "no-store, no-cache"
        ],
        "Pragma": [
          "no-cache"
        ],
        "Strict-Transport-Security": [
          "max-age=31536000; includeSubDomains"
        ],
        "x-ms-gatewayversion": [
          "version=2.11.0"
        ],
        "Server": [
          "Microsoft-HTTPAPI/2.0"
        ],
        "x-ms-ratelimit-remaining-subscription-reads": [
          "11998"
        ],
        "x-ms-request-id": [
          "7bd89b3e-fbea-45e8-b41c-8ba47188267d"
        ],
        "x-ms-correlation-request-id": [
          "7bd89b3e-fbea-45e8-b41c-8ba47188267d"
        ],
        "x-ms-routing-request-id": [
          "WESTCENTRALUS:20210511T075805Z:7bd89b3e-fbea-45e8-b41c-8ba47188267d"
        ],
        "X-Content-Type-Options": [
          "nosniff"
        ],
        "Date": [
          "Tue, 11 May 2021 07:58:04 GMT"
        ],
        "Content-Length": [
          "2256"
        ],
        "Content-Type": [
          "application/json"
        ]
      },
      "ResponseBody": "{\r\n  \"id\": \"/subscriptions/12053b8f-cab5-4f5c-9c1a-870580142abd/resourceGroups/CosmosDBResourceGroup27/providers/Microsoft.DocumentDB/databaseAccounts/dbaccount27\",\r\n  \"name\": \"dbaccount27\",\r\n  \"location\": \"West US\",\r\n  \"type\": \"Microsoft.DocumentDB/databaseAccounts\",\r\n  \"kind\": \"GlobalDocumentDB\",\r\n  \"tags\": {\r\n    \"defaultExperience\": \"Core (SQL)\",\r\n    \"hidden-cosmos-mmspecial\": \"\"\r\n  },\r\n  \"systemData\": {\r\n    \"createdAt\": \"2021-05-11T07:53:43.5871183Z\"\r\n  },\r\n  \"properties\": {\r\n    \"provisioningState\": \"Succeeded\",\r\n    \"documentEndpoint\": \"https://dbaccount27.documents.azure.com:443/\",\r\n    \"publicNetworkAccess\": \"Enabled\",\r\n    \"enableAutomaticFailover\": false,\r\n    \"enableMultipleWriteLocations\": false,\r\n    \"enablePartitionKeyMonitor\": false,\r\n    \"isVirtualNetworkFilterEnabled\": false,\r\n    \"virtualNetworkRules\": [],\r\n    \"EnabledApiTypes\": \"Sql\",\r\n    \"disableKeyBasedMetadataWriteAccess\": false,\r\n    \"enableFreeTier\": false,\r\n    \"enableAnalyticalStorage\": false,\r\n    \"analyticalStorageConfiguration\": null,\r\n    \"instanceId\": \"8b787c46-23c9-4f33-8bd6-8c1feffee57e\",\r\n    \"createMode\": \"Default\",\r\n    \"databaseAccountOfferType\": \"Standard\",\r\n    \"enableCassandraConnector\": false,\r\n    \"connectorOffer\": \"\",\r\n    \"defaultIdentity\": \"FirstPartyIdentity\",\r\n    \"networkAclBypass\": \"None\",\r\n    \"consistencyPolicy\": {\r\n      \"defaultConsistencyLevel\": \"Session\",\r\n      \"maxIntervalInSeconds\": 5,\r\n      \"maxStalenessPrefix\": 100\r\n    },\r\n    \"configurationOverrides\": {},\r\n    \"writeLocations\": [\r\n      {\r\n        \"id\": \"dbaccount27-westus\",\r\n        \"locationName\": \"West US\",\r\n        \"documentEndpoint\": \"https://dbaccount27-westus.documents.azure.com:443/\",\r\n        \"provisioningState\": \"Succeeded\",\r\n        \"failoverPriority\": 0,\r\n        \"isZoneRedundant\": false\r\n      }\r\n    ],\r\n    \"readLocations\": [\r\n      {\r\n        \"id\": \"dbaccount27-westus\",\r\n        \"locationName\": \"West US\",\r\n        \"documentEndpoint\": \"https://dbaccount27-westus.documents.azure.com:443/\",\r\n        \"provisioningState\": \"Succeeded\",\r\n        \"failoverPriority\": 0,\r\n        \"isZoneRedundant\": false\r\n      }\r\n    ],\r\n    \"locations\": [\r\n      {\r\n        \"id\": \"dbaccount27-westus\",\r\n        \"locationName\": \"West US\",\r\n        \"documentEndpoint\": \"https://dbaccount27-westus.documents.azure.com:443/\",\r\n        \"provisioningState\": \"Succeeded\",\r\n        \"failoverPriority\": 0,\r\n        \"isZoneRedundant\": false\r\n      }\r\n    ],\r\n    \"failoverPolicies\": [\r\n      {\r\n        \"id\": \"dbaccount27-westus\",\r\n        \"locationName\": \"West US\",\r\n        \"failoverPriority\": 0\r\n      }\r\n    ],\r\n    \"cors\": [],\r\n    \"capabilities\": [],\r\n    \"ipRules\": [],\r\n    \"backupPolicy\": {\r\n      \"type\": \"Periodic\",\r\n      \"periodicModeProperties\": {\r\n        \"backupIntervalInMinutes\": 240,\r\n        \"backupRetentionIntervalInHours\": 8,\r\n        \"backupStorageRedundancy\": \"Geo\"\r\n      }\r\n    },\r\n    \"networkAclBypassResourceIds\": []\r\n  },\r\n  \"identity\": {\r\n    \"type\": \"None\"\r\n  }\r\n}",
      "StatusCode": 200
    },
    {
      "RequestUri": "/subscriptions/12053b8f-cab5-4f5c-9c1a-870580142abd/resourceGroups/CosmosDBResourceGroup27/providers/Microsoft.DocumentDB/databaseAccounts/dbaccount27?api-version=2021-04-15",
      "EncodedRequestUri": "L3N1YnNjcmlwdGlvbnMvMTIwNTNiOGYtY2FiNS00ZjVjLTljMWEtODcwNTgwMTQyYWJkL3Jlc291cmNlR3JvdXBzL0Nvc21vc0RCUmVzb3VyY2VHcm91cDI3L3Byb3ZpZGVycy9NaWNyb3NvZnQuRG9jdW1lbnREQi9kYXRhYmFzZUFjY291bnRzL2RiYWNjb3VudDI3P2FwaS12ZXJzaW9uPTIwMjEtMDQtMTU=",
      "RequestMethod": "GET",
      "RequestBody": "",
      "RequestHeaders": {
        "x-ms-client-request-id": [
          "108d878b-fe08-4fa4-b0b3-16de437d7550"
        ],
        "User-Agent": [
          "FxVersion/4.6.29916.01",
          "OSName/Windows",
          "OSVersion/Microsoft.Windows.10.0.19043.",
          "Microsoft.Azure.Management.CosmosDB.CosmosDBManagementClient/3.0.0.0"
        ]
      },
      "ResponseHeaders": {
        "Cache-Control": [
          "no-store, no-cache"
        ],
        "Pragma": [
          "no-cache"
        ],
        "Strict-Transport-Security": [
          "max-age=31536000; includeSubDomains"
        ],
        "x-ms-gatewayversion": [
          "version=2.11.0"
        ],
        "Server": [
          "Microsoft-HTTPAPI/2.0"
        ],
        "x-ms-ratelimit-remaining-subscription-reads": [
          "11982"
        ],
        "x-ms-request-id": [
          "daa43cec-d012-4b0b-8f7b-4df13af2dcb0"
        ],
        "x-ms-correlation-request-id": [
          "daa43cec-d012-4b0b-8f7b-4df13af2dcb0"
        ],
        "x-ms-routing-request-id": [
          "WESTCENTRALUS:20210511T080540Z:daa43cec-d012-4b0b-8f7b-4df13af2dcb0"
        ],
        "X-Content-Type-Options": [
          "nosniff"
        ],
        "Date": [
          "Tue, 11 May 2021 08:05:39 GMT"
        ],
        "Content-Length": [
          "2282"
        ],
        "Content-Type": [
          "application/json"
        ]
      },
      "ResponseBody": "{\r\n  \"id\": \"/subscriptions/12053b8f-cab5-4f5c-9c1a-870580142abd/resourceGroups/CosmosDBResourceGroup27/providers/Microsoft.DocumentDB/databaseAccounts/dbaccount27\",\r\n  \"name\": \"dbaccount27\",\r\n  \"location\": \"West US\",\r\n  \"type\": \"Microsoft.DocumentDB/databaseAccounts\",\r\n  \"kind\": \"GlobalDocumentDB\",\r\n  \"tags\": {\r\n    \"Color\": \"Blue\",\r\n    \"Shape\": \"Square\",\r\n    \"name\": \"test\"\r\n  },\r\n  \"systemData\": {\r\n    \"createdAt\": \"2021-05-11T07:53:43.5871183Z\"\r\n  },\r\n  \"properties\": {\r\n    \"provisioningState\": \"Succeeded\",\r\n    \"documentEndpoint\": \"https://dbaccount27.documents.azure.com:443/\",\r\n    \"publicNetworkAccess\": \"Enabled\",\r\n    \"enableAutomaticFailover\": true,\r\n    \"enableMultipleWriteLocations\": false,\r\n    \"enablePartitionKeyMonitor\": false,\r\n    \"isVirtualNetworkFilterEnabled\": true,\r\n    \"virtualNetworkRules\": [],\r\n    \"EnabledApiTypes\": \"Sql\",\r\n    \"disableKeyBasedMetadataWriteAccess\": false,\r\n    \"enableFreeTier\": false,\r\n    \"enableAnalyticalStorage\": false,\r\n    \"analyticalStorageConfiguration\": null,\r\n    \"instanceId\": \"8b787c46-23c9-4f33-8bd6-8c1feffee57e\",\r\n    \"createMode\": \"Default\",\r\n    \"databaseAccountOfferType\": \"Standard\",\r\n    \"enableCassandraConnector\": false,\r\n    \"connectorOffer\": \"\",\r\n    \"defaultIdentity\": \"FirstPartyIdentity\",\r\n    \"networkAclBypass\": \"None\",\r\n    \"consistencyPolicy\": {\r\n      \"defaultConsistencyLevel\": \"BoundedStaleness\",\r\n      \"maxIntervalInSeconds\": 10,\r\n      \"maxStalenessPrefix\": 20\r\n    },\r\n    \"configurationOverrides\": {},\r\n    \"writeLocations\": [\r\n      {\r\n        \"id\": \"dbaccount27-westus\",\r\n        \"locationName\": \"West US\",\r\n        \"documentEndpoint\": \"https://dbaccount27-westus.documents.azure.com:443/\",\r\n        \"provisioningState\": \"Succeeded\",\r\n        \"failoverPriority\": 0,\r\n        \"isZoneRedundant\": false\r\n      }\r\n    ],\r\n    \"readLocations\": [\r\n      {\r\n        \"id\": \"dbaccount27-westus\",\r\n        \"locationName\": \"West US\",\r\n        \"documentEndpoint\": \"https://dbaccount27-westus.documents.azure.com:443/\",\r\n        \"provisioningState\": \"Succeeded\",\r\n        \"failoverPriority\": 0,\r\n        \"isZoneRedundant\": false\r\n      }\r\n    ],\r\n    \"locations\": [\r\n      {\r\n        \"id\": \"dbaccount27-westus\",\r\n        \"locationName\": \"West US\",\r\n        \"documentEndpoint\": \"https://dbaccount27-westus.documents.azure.com:443/\",\r\n        \"provisioningState\": \"Succeeded\",\r\n        \"failoverPriority\": 0,\r\n        \"isZoneRedundant\": false\r\n      }\r\n    ],\r\n    \"failoverPolicies\": [\r\n      {\r\n        \"id\": \"dbaccount27-westus\",\r\n        \"locationName\": \"West US\",\r\n        \"failoverPriority\": 0\r\n      }\r\n    ],\r\n    \"cors\": [],\r\n    \"capabilities\": [],\r\n    \"ipRules\": [\r\n      {\r\n        \"ipAddressOrRange\": \"201.168.50.1\"\r\n      }\r\n    ],\r\n    \"backupPolicy\": {\r\n      \"type\": \"Periodic\",\r\n      \"periodicModeProperties\": {\r\n        \"backupIntervalInMinutes\": 240,\r\n        \"backupRetentionIntervalInHours\": 8,\r\n        \"backupStorageRedundancy\": \"Geo\"\r\n      }\r\n    },\r\n    \"networkAclBypassResourceIds\": []\r\n  },\r\n  \"identity\": {\r\n    \"type\": \"None\"\r\n  }\r\n}",
      "StatusCode": 200
    },
    {
      "RequestUri": "/subscriptions/12053b8f-cab5-4f5c-9c1a-870580142abd/resourceGroups/CosmosDBResourceGroup27/providers/Microsoft.DocumentDB/databaseAccounts/dbaccount27?api-version=2021-04-15",
      "EncodedRequestUri": "L3N1YnNjcmlwdGlvbnMvMTIwNTNiOGYtY2FiNS00ZjVjLTljMWEtODcwNTgwMTQyYWJkL3Jlc291cmNlR3JvdXBzL0Nvc21vc0RCUmVzb3VyY2VHcm91cDI3L3Byb3ZpZGVycy9NaWNyb3NvZnQuRG9jdW1lbnREQi9kYXRhYmFzZUFjY291bnRzL2RiYWNjb3VudDI3P2FwaS12ZXJzaW9uPTIwMjEtMDQtMTU=",
      "RequestMethod": "GET",
      "RequestBody": "",
      "RequestHeaders": {
        "x-ms-client-request-id": [
          "9a0abe33-e6dc-4f3f-971d-0a85920b54c2"
        ],
        "Accept-Language": [
          "en-US"
        ],
        "User-Agent": [
          "FxVersion/4.6.29916.01",
          "OSName/Windows",
          "OSVersion/Microsoft.Windows.10.0.19043.",
          "Microsoft.Azure.Management.CosmosDB.CosmosDBManagementClient/3.0.0.0"
        ]
      },
      "ResponseHeaders": {
        "Cache-Control": [
          "no-store, no-cache"
        ],
        "Pragma": [
          "no-cache"
        ],
        "Strict-Transport-Security": [
          "max-age=31536000; includeSubDomains"
        ],
        "x-ms-gatewayversion": [
          "version=2.11.0"
        ],
        "Server": [
          "Microsoft-HTTPAPI/2.0"
        ],
        "x-ms-ratelimit-remaining-subscription-reads": [
          "11981"
        ],
        "x-ms-request-id": [
          "c587cb8d-5f1d-418c-9447-dbe583a9aa59"
        ],
        "x-ms-correlation-request-id": [
          "c587cb8d-5f1d-418c-9447-dbe583a9aa59"
        ],
        "x-ms-routing-request-id": [
          "WESTCENTRALUS:20210511T080540Z:c587cb8d-5f1d-418c-9447-dbe583a9aa59"
        ],
        "X-Content-Type-Options": [
          "nosniff"
        ],
        "Date": [
          "Tue, 11 May 2021 08:05:39 GMT"
        ],
        "Content-Length": [
          "2282"
        ],
        "Content-Type": [
          "application/json"
        ]
      },
      "ResponseBody": "{\r\n  \"id\": \"/subscriptions/12053b8f-cab5-4f5c-9c1a-870580142abd/resourceGroups/CosmosDBResourceGroup27/providers/Microsoft.DocumentDB/databaseAccounts/dbaccount27\",\r\n  \"name\": \"dbaccount27\",\r\n  \"location\": \"West US\",\r\n  \"type\": \"Microsoft.DocumentDB/databaseAccounts\",\r\n  \"kind\": \"GlobalDocumentDB\",\r\n  \"tags\": {\r\n    \"Color\": \"Blue\",\r\n    \"Shape\": \"Square\",\r\n    \"name\": \"test\"\r\n  },\r\n  \"systemData\": {\r\n    \"createdAt\": \"2021-05-11T07:53:43.5871183Z\"\r\n  },\r\n  \"properties\": {\r\n    \"provisioningState\": \"Succeeded\",\r\n    \"documentEndpoint\": \"https://dbaccount27.documents.azure.com:443/\",\r\n    \"publicNetworkAccess\": \"Enabled\",\r\n    \"enableAutomaticFailover\": true,\r\n    \"enableMultipleWriteLocations\": false,\r\n    \"enablePartitionKeyMonitor\": false,\r\n    \"isVirtualNetworkFilterEnabled\": true,\r\n    \"virtualNetworkRules\": [],\r\n    \"EnabledApiTypes\": \"Sql\",\r\n    \"disableKeyBasedMetadataWriteAccess\": false,\r\n    \"enableFreeTier\": false,\r\n    \"enableAnalyticalStorage\": false,\r\n    \"analyticalStorageConfiguration\": null,\r\n    \"instanceId\": \"8b787c46-23c9-4f33-8bd6-8c1feffee57e\",\r\n    \"createMode\": \"Default\",\r\n    \"databaseAccountOfferType\": \"Standard\",\r\n    \"enableCassandraConnector\": false,\r\n    \"connectorOffer\": \"\",\r\n    \"defaultIdentity\": \"FirstPartyIdentity\",\r\n    \"networkAclBypass\": \"None\",\r\n    \"consistencyPolicy\": {\r\n      \"defaultConsistencyLevel\": \"BoundedStaleness\",\r\n      \"maxIntervalInSeconds\": 10,\r\n      \"maxStalenessPrefix\": 20\r\n    },\r\n    \"configurationOverrides\": {},\r\n    \"writeLocations\": [\r\n      {\r\n        \"id\": \"dbaccount27-westus\",\r\n        \"locationName\": \"West US\",\r\n        \"documentEndpoint\": \"https://dbaccount27-westus.documents.azure.com:443/\",\r\n        \"provisioningState\": \"Succeeded\",\r\n        \"failoverPriority\": 0,\r\n        \"isZoneRedundant\": false\r\n      }\r\n    ],\r\n    \"readLocations\": [\r\n      {\r\n        \"id\": \"dbaccount27-westus\",\r\n        \"locationName\": \"West US\",\r\n        \"documentEndpoint\": \"https://dbaccount27-westus.documents.azure.com:443/\",\r\n        \"provisioningState\": \"Succeeded\",\r\n        \"failoverPriority\": 0,\r\n        \"isZoneRedundant\": false\r\n      }\r\n    ],\r\n    \"locations\": [\r\n      {\r\n        \"id\": \"dbaccount27-westus\",\r\n        \"locationName\": \"West US\",\r\n        \"documentEndpoint\": \"https://dbaccount27-westus.documents.azure.com:443/\",\r\n        \"provisioningState\": \"Succeeded\",\r\n        \"failoverPriority\": 0,\r\n        \"isZoneRedundant\": false\r\n      }\r\n    ],\r\n    \"failoverPolicies\": [\r\n      {\r\n        \"id\": \"dbaccount27-westus\",\r\n        \"locationName\": \"West US\",\r\n        \"failoverPriority\": 0\r\n      }\r\n    ],\r\n    \"cors\": [],\r\n    \"capabilities\": [],\r\n    \"ipRules\": [\r\n      {\r\n        \"ipAddressOrRange\": \"201.168.50.1\"\r\n      }\r\n    ],\r\n    \"backupPolicy\": {\r\n      \"type\": \"Periodic\",\r\n      \"periodicModeProperties\": {\r\n        \"backupIntervalInMinutes\": 240,\r\n        \"backupRetentionIntervalInHours\": 8,\r\n        \"backupStorageRedundancy\": \"Geo\"\r\n      }\r\n    },\r\n    \"networkAclBypassResourceIds\": []\r\n  },\r\n  \"identity\": {\r\n    \"type\": \"None\"\r\n  }\r\n}",
      "StatusCode": 200
    },
    {
      "RequestUri": "/subscriptions/12053b8f-cab5-4f5c-9c1a-870580142abd/resourceGroups/CosmosDBResourceGroup27/providers/Microsoft.DocumentDB/databaseAccounts/dbaccount27?api-version=2021-04-15",
      "EncodedRequestUri": "L3N1YnNjcmlwdGlvbnMvMTIwNTNiOGYtY2FiNS00ZjVjLTljMWEtODcwNTgwMTQyYWJkL3Jlc291cmNlR3JvdXBzL0Nvc21vc0RCUmVzb3VyY2VHcm91cDI3L3Byb3ZpZGVycy9NaWNyb3NvZnQuRG9jdW1lbnREQi9kYXRhYmFzZUFjY291bnRzL2RiYWNjb3VudDI3P2FwaS12ZXJzaW9uPTIwMjEtMDQtMTU=",
      "RequestMethod": "PATCH",
      "RequestBody": "{\r\n  \"tags\": {\r\n    \"Color\": \"Blue\",\r\n    \"Shape\": \"Square\",\r\n    \"name\": \"test\"\r\n  },\r\n  \"location\": \"West US\",\r\n  \"properties\": {\r\n    \"consistencyPolicy\": {\r\n      \"defaultConsistencyLevel\": \"BoundedStaleness\",\r\n      \"maxStalenessPrefix\": 20,\r\n      \"maxIntervalInSeconds\": 10\r\n    },\r\n    \"locations\": [\r\n      {\r\n        \"locationName\": \"West US\",\r\n        \"provisioningState\": \"Succeeded\",\r\n        \"failoverPriority\": 0,\r\n        \"isZoneRedundant\": false\r\n      }\r\n    ],\r\n    \"ipRules\": [\r\n      {\r\n        \"ipAddressOrRange\": \"201.168.50.1\"\r\n      }\r\n    ],\r\n    \"isVirtualNetworkFilterEnabled\": true,\r\n    \"enableAutomaticFailover\": true\r\n  }\r\n}",
      "RequestHeaders": {
        "x-ms-client-request-id": [
          "108d878b-fe08-4fa4-b0b3-16de437d7550"
        ],
        "Accept-Language": [
          "en-US"
        ],
        "User-Agent": [
          "FxVersion/4.6.29916.01",
          "OSName/Windows",
          "OSVersion/Microsoft.Windows.10.0.19043.",
          "Microsoft.Azure.Management.CosmosDB.CosmosDBManagementClient/3.0.0.0"
        ],
        "Content-Type": [
          "application/json; charset=utf-8"
        ],
        "Content-Length": [
          "656"
        ]
      },
      "ResponseHeaders": {
        "Cache-Control": [
          "no-store, no-cache"
        ],
        "Pragma": [
          "no-cache"
        ],
        "Location": [
          "https://management.azure.com/subscriptions/12053b8f-cab5-4f5c-9c1a-870580142abd/resourceGroups/CosmosDBResourceGroup27/providers/Microsoft.DocumentDB/databaseAccounts/dbaccount27/operationResults/3407fdf7-e4af-4ab0-8a64-8f241a150127?api-version=2021-04-15"
        ],
        "x-ms-request-id": [
          "3407fdf7-e4af-4ab0-8a64-8f241a150127"
        ],
        "Azure-AsyncOperation": [
          "https://management.azure.com/subscriptions/12053b8f-cab5-4f5c-9c1a-870580142abd/providers/Microsoft.DocumentDB/locations/westus/operationsStatus/3407fdf7-e4af-4ab0-8a64-8f241a150127?api-version=2021-04-15"
        ],
        "Strict-Transport-Security": [
          "max-age=31536000; includeSubDomains"
        ],
        "x-ms-gatewayversion": [
          "version=2.11.0"
        ],
        "Server": [
          "Microsoft-HTTPAPI/2.0"
        ],
        "x-ms-ratelimit-remaining-subscription-writes": [
          "1199"
        ],
        "x-ms-correlation-request-id": [
          "0ec23093-6262-4c55-94cc-a7a709c0915a"
        ],
        "x-ms-routing-request-id": [
          "WESTCENTRALUS:20210511T075808Z:0ec23093-6262-4c55-94cc-a7a709c0915a"
        ],
        "X-Content-Type-Options": [
          "nosniff"
        ],
        "Date": [
          "Tue, 11 May 2021 07:58:08 GMT"
        ],
        "Content-Length": [
          "2252"
        ],
        "Content-Type": [
          "application/json"
        ]
      },
      "ResponseBody": "{\r\n  \"id\": \"/subscriptions/12053b8f-cab5-4f5c-9c1a-870580142abd/resourceGroups/CosmosDBResourceGroup27/providers/Microsoft.DocumentDB/databaseAccounts/dbaccount27\",\r\n  \"name\": \"dbaccount27\",\r\n  \"location\": \"West US\",\r\n  \"type\": \"Microsoft.DocumentDB/databaseAccounts\",\r\n  \"kind\": \"GlobalDocumentDB\",\r\n  \"tags\": {\r\n    \"defaultExperience\": \"Core (SQL)\",\r\n    \"hidden-cosmos-mmspecial\": \"\"\r\n  },\r\n  \"systemData\": {\r\n    \"createdAt\": \"2021-05-11T07:53:43.5871183Z\"\r\n  },\r\n  \"properties\": {\r\n    \"provisioningState\": \"Updating\",\r\n    \"documentEndpoint\": \"https://dbaccount27.documents.azure.com:443/\",\r\n    \"publicNetworkAccess\": \"Enabled\",\r\n    \"enableAutomaticFailover\": false,\r\n    \"enableMultipleWriteLocations\": false,\r\n    \"enablePartitionKeyMonitor\": false,\r\n    \"isVirtualNetworkFilterEnabled\": false,\r\n    \"virtualNetworkRules\": [],\r\n    \"EnabledApiTypes\": \"Sql\",\r\n    \"disableKeyBasedMetadataWriteAccess\": false,\r\n    \"enableFreeTier\": false,\r\n    \"enableAnalyticalStorage\": false,\r\n    \"analyticalStorageConfiguration\": null,\r\n    \"instanceId\": \"8b787c46-23c9-4f33-8bd6-8c1feffee57e\",\r\n    \"createMode\": \"Default\",\r\n    \"databaseAccountOfferType\": \"Standard\",\r\n    \"enableCassandraConnector\": false,\r\n    \"connectorOffer\": \"\",\r\n    \"defaultIdentity\": \"FirstPartyIdentity\",\r\n    \"networkAclBypass\": \"None\",\r\n    \"consistencyPolicy\": {\r\n      \"defaultConsistencyLevel\": \"Session\",\r\n      \"maxIntervalInSeconds\": 5,\r\n      \"maxStalenessPrefix\": 100\r\n    },\r\n    \"configurationOverrides\": {},\r\n    \"writeLocations\": [\r\n      {\r\n        \"id\": \"dbaccount27-westus\",\r\n        \"locationName\": \"West US\",\r\n        \"documentEndpoint\": \"https://dbaccount27-westus.documents.azure.com:443/\",\r\n        \"provisioningState\": \"Updating\",\r\n        \"failoverPriority\": 0,\r\n        \"isZoneRedundant\": false\r\n      }\r\n    ],\r\n    \"readLocations\": [\r\n      {\r\n        \"id\": \"dbaccount27-westus\",\r\n        \"locationName\": \"West US\",\r\n        \"documentEndpoint\": \"https://dbaccount27-westus.documents.azure.com:443/\",\r\n        \"provisioningState\": \"Updating\",\r\n        \"failoverPriority\": 0,\r\n        \"isZoneRedundant\": false\r\n      }\r\n    ],\r\n    \"locations\": [\r\n      {\r\n        \"id\": \"dbaccount27-westus\",\r\n        \"locationName\": \"West US\",\r\n        \"documentEndpoint\": \"https://dbaccount27-westus.documents.azure.com:443/\",\r\n        \"provisioningState\": \"Updating\",\r\n        \"failoverPriority\": 0,\r\n        \"isZoneRedundant\": false\r\n      }\r\n    ],\r\n    \"failoverPolicies\": [\r\n      {\r\n        \"id\": \"dbaccount27-westus\",\r\n        \"locationName\": \"West US\",\r\n        \"failoverPriority\": 0\r\n      }\r\n    ],\r\n    \"cors\": [],\r\n    \"capabilities\": [],\r\n    \"ipRules\": [],\r\n    \"backupPolicy\": {\r\n      \"type\": \"Periodic\",\r\n      \"periodicModeProperties\": {\r\n        \"backupIntervalInMinutes\": 240,\r\n        \"backupRetentionIntervalInHours\": 8,\r\n        \"backupStorageRedundancy\": \"Geo\"\r\n      }\r\n    },\r\n    \"networkAclBypassResourceIds\": []\r\n  },\r\n  \"identity\": {\r\n    \"type\": \"None\"\r\n  }\r\n}",
      "StatusCode": 200
    },
    {
      "RequestUri": "/subscriptions/12053b8f-cab5-4f5c-9c1a-870580142abd/providers/Microsoft.DocumentDB/locations/westus/operationsStatus/3407fdf7-e4af-4ab0-8a64-8f241a150127?api-version=2021-04-15",
      "EncodedRequestUri": "L3N1YnNjcmlwdGlvbnMvMTIwNTNiOGYtY2FiNS00ZjVjLTljMWEtODcwNTgwMTQyYWJkL3Byb3ZpZGVycy9NaWNyb3NvZnQuRG9jdW1lbnREQi9sb2NhdGlvbnMvd2VzdHVzL29wZXJhdGlvbnNTdGF0dXMvMzQwN2ZkZjctZTRhZi00YWIwLThhNjQtOGYyNDFhMTUwMTI3P2FwaS12ZXJzaW9uPTIwMjEtMDQtMTU=",
      "RequestMethod": "GET",
      "RequestBody": "",
      "RequestHeaders": {
        "x-ms-client-request-id": [
          "108d878b-fe08-4fa4-b0b3-16de437d7550"
        ],
        "User-Agent": [
          "FxVersion/4.6.29916.01",
          "OSName/Windows",
          "OSVersion/Microsoft.Windows.10.0.19043.",
          "Microsoft.Azure.Management.CosmosDB.CosmosDBManagementClient/3.0.0.0"
        ]
      },
      "ResponseHeaders": {
        "Cache-Control": [
          "no-store, no-cache"
        ],
        "Pragma": [
          "no-cache"
        ],
        "Strict-Transport-Security": [
          "max-age=31536000; includeSubDomains"
        ],
        "x-ms-gatewayversion": [
          "version=2.11.0"
        ],
        "Server": [
          "Microsoft-HTTPAPI/2.0"
        ],
        "x-ms-ratelimit-remaining-subscription-reads": [
          "11997"
        ],
        "x-ms-request-id": [
          "b72bff51-5d49-4fdf-b25d-b0b3d686b1f8"
        ],
        "x-ms-correlation-request-id": [
          "b72bff51-5d49-4fdf-b25d-b0b3d686b1f8"
        ],
        "x-ms-routing-request-id": [
          "WESTCENTRALUS:20210511T075838Z:b72bff51-5d49-4fdf-b25d-b0b3d686b1f8"
        ],
        "X-Content-Type-Options": [
          "nosniff"
        ],
        "Date": [
          "Tue, 11 May 2021 07:58:38 GMT"
        ],
        "Content-Length": [
          "21"
        ],
        "Content-Type": [
          "application/json"
        ]
      },
      "ResponseBody": "{\r\n  \"status\": \"Dequeued\"\r\n}",
      "StatusCode": 200
    },
    {
      "RequestUri": "/subscriptions/12053b8f-cab5-4f5c-9c1a-870580142abd/providers/Microsoft.DocumentDB/locations/westus/operationsStatus/3407fdf7-e4af-4ab0-8a64-8f241a150127?api-version=2021-04-15",
      "EncodedRequestUri": "L3N1YnNjcmlwdGlvbnMvMTIwNTNiOGYtY2FiNS00ZjVjLTljMWEtODcwNTgwMTQyYWJkL3Byb3ZpZGVycy9NaWNyb3NvZnQuRG9jdW1lbnREQi9sb2NhdGlvbnMvd2VzdHVzL29wZXJhdGlvbnNTdGF0dXMvMzQwN2ZkZjctZTRhZi00YWIwLThhNjQtOGYyNDFhMTUwMTI3P2FwaS12ZXJzaW9uPTIwMjEtMDQtMTU=",
      "RequestMethod": "GET",
      "RequestBody": "",
      "RequestHeaders": {
        "x-ms-client-request-id": [
          "108d878b-fe08-4fa4-b0b3-16de437d7550"
        ],
        "User-Agent": [
          "FxVersion/4.6.29916.01",
          "OSName/Windows",
          "OSVersion/Microsoft.Windows.10.0.19043.",
          "Microsoft.Azure.Management.CosmosDB.CosmosDBManagementClient/3.0.0.0"
        ]
      },
      "ResponseHeaders": {
        "Cache-Control": [
          "no-store, no-cache"
        ],
        "Pragma": [
          "no-cache"
        ],
        "Strict-Transport-Security": [
          "max-age=31536000; includeSubDomains"
        ],
        "x-ms-gatewayversion": [
          "version=2.11.0"
        ],
        "Server": [
          "Microsoft-HTTPAPI/2.0"
        ],
        "x-ms-ratelimit-remaining-subscription-reads": [
          "11996"
        ],
        "x-ms-request-id": [
          "455cd60e-2f68-4e44-be91-8602cc63a826"
        ],
        "x-ms-correlation-request-id": [
          "455cd60e-2f68-4e44-be91-8602cc63a826"
        ],
        "x-ms-routing-request-id": [
          "WESTCENTRALUS:20210511T075908Z:455cd60e-2f68-4e44-be91-8602cc63a826"
        ],
        "X-Content-Type-Options": [
          "nosniff"
        ],
        "Date": [
          "Tue, 11 May 2021 07:59:07 GMT"
        ],
        "Content-Length": [
          "21"
        ],
        "Content-Type": [
          "application/json"
        ]
      },
      "ResponseBody": "{\r\n  \"status\": \"Dequeued\"\r\n}",
      "StatusCode": 200
    },
    {
      "RequestUri": "/subscriptions/12053b8f-cab5-4f5c-9c1a-870580142abd/providers/Microsoft.DocumentDB/locations/westus/operationsStatus/3407fdf7-e4af-4ab0-8a64-8f241a150127?api-version=2021-04-15",
      "EncodedRequestUri": "L3N1YnNjcmlwdGlvbnMvMTIwNTNiOGYtY2FiNS00ZjVjLTljMWEtODcwNTgwMTQyYWJkL3Byb3ZpZGVycy9NaWNyb3NvZnQuRG9jdW1lbnREQi9sb2NhdGlvbnMvd2VzdHVzL29wZXJhdGlvbnNTdGF0dXMvMzQwN2ZkZjctZTRhZi00YWIwLThhNjQtOGYyNDFhMTUwMTI3P2FwaS12ZXJzaW9uPTIwMjEtMDQtMTU=",
      "RequestMethod": "GET",
      "RequestBody": "",
      "RequestHeaders": {
        "x-ms-client-request-id": [
          "108d878b-fe08-4fa4-b0b3-16de437d7550"
        ],
        "User-Agent": [
          "FxVersion/4.6.29916.01",
          "OSName/Windows",
          "OSVersion/Microsoft.Windows.10.0.19043.",
          "Microsoft.Azure.Management.CosmosDB.CosmosDBManagementClient/3.0.0.0"
        ]
      },
      "ResponseHeaders": {
        "Cache-Control": [
          "no-store, no-cache"
        ],
        "Pragma": [
          "no-cache"
        ],
        "Strict-Transport-Security": [
          "max-age=31536000; includeSubDomains"
        ],
        "x-ms-gatewayversion": [
          "version=2.11.0"
        ],
        "Server": [
          "Microsoft-HTTPAPI/2.0"
        ],
        "x-ms-ratelimit-remaining-subscription-reads": [
          "11995"
        ],
        "x-ms-request-id": [
          "d3ea285f-61bd-44a6-abf8-9fa7a639c9c4"
        ],
        "x-ms-correlation-request-id": [
          "d3ea285f-61bd-44a6-abf8-9fa7a639c9c4"
        ],
        "x-ms-routing-request-id": [
          "WESTCENTRALUS:20210511T075938Z:d3ea285f-61bd-44a6-abf8-9fa7a639c9c4"
        ],
        "X-Content-Type-Options": [
          "nosniff"
        ],
        "Date": [
          "Tue, 11 May 2021 07:59:37 GMT"
        ],
        "Content-Length": [
          "21"
        ],
        "Content-Type": [
          "application/json"
        ]
      },
      "ResponseBody": "{\r\n  \"status\": \"Dequeued\"\r\n}",
      "StatusCode": 200
    },
    {
      "RequestUri": "/subscriptions/12053b8f-cab5-4f5c-9c1a-870580142abd/providers/Microsoft.DocumentDB/locations/westus/operationsStatus/3407fdf7-e4af-4ab0-8a64-8f241a150127?api-version=2021-04-15",
      "EncodedRequestUri": "L3N1YnNjcmlwdGlvbnMvMTIwNTNiOGYtY2FiNS00ZjVjLTljMWEtODcwNTgwMTQyYWJkL3Byb3ZpZGVycy9NaWNyb3NvZnQuRG9jdW1lbnREQi9sb2NhdGlvbnMvd2VzdHVzL29wZXJhdGlvbnNTdGF0dXMvMzQwN2ZkZjctZTRhZi00YWIwLThhNjQtOGYyNDFhMTUwMTI3P2FwaS12ZXJzaW9uPTIwMjEtMDQtMTU=",
      "RequestMethod": "GET",
      "RequestBody": "",
      "RequestHeaders": {
        "x-ms-client-request-id": [
          "108d878b-fe08-4fa4-b0b3-16de437d7550"
        ],
        "User-Agent": [
          "FxVersion/4.6.29916.01",
          "OSName/Windows",
          "OSVersion/Microsoft.Windows.10.0.19043.",
          "Microsoft.Azure.Management.CosmosDB.CosmosDBManagementClient/3.0.0.0"
        ]
      },
      "ResponseHeaders": {
        "Cache-Control": [
          "no-store, no-cache"
        ],
        "Pragma": [
          "no-cache"
        ],
        "Strict-Transport-Security": [
          "max-age=31536000; includeSubDomains"
        ],
        "x-ms-gatewayversion": [
          "version=2.11.0"
        ],
        "Server": [
          "Microsoft-HTTPAPI/2.0"
        ],
        "x-ms-ratelimit-remaining-subscription-reads": [
          "11994"
        ],
        "x-ms-request-id": [
          "e74e996c-5ce9-487e-b315-29da7e07cbd7"
        ],
        "x-ms-correlation-request-id": [
          "e74e996c-5ce9-487e-b315-29da7e07cbd7"
        ],
        "x-ms-routing-request-id": [
          "WESTCENTRALUS:20210511T080008Z:e74e996c-5ce9-487e-b315-29da7e07cbd7"
        ],
        "X-Content-Type-Options": [
          "nosniff"
        ],
        "Date": [
          "Tue, 11 May 2021 08:00:08 GMT"
        ],
        "Content-Length": [
          "21"
        ],
        "Content-Type": [
          "application/json"
        ]
      },
      "ResponseBody": "{\r\n  \"status\": \"Dequeued\"\r\n}",
      "StatusCode": 200
    },
    {
      "RequestUri": "/subscriptions/12053b8f-cab5-4f5c-9c1a-870580142abd/providers/Microsoft.DocumentDB/locations/westus/operationsStatus/3407fdf7-e4af-4ab0-8a64-8f241a150127?api-version=2021-04-15",
      "EncodedRequestUri": "L3N1YnNjcmlwdGlvbnMvMTIwNTNiOGYtY2FiNS00ZjVjLTljMWEtODcwNTgwMTQyYWJkL3Byb3ZpZGVycy9NaWNyb3NvZnQuRG9jdW1lbnREQi9sb2NhdGlvbnMvd2VzdHVzL29wZXJhdGlvbnNTdGF0dXMvMzQwN2ZkZjctZTRhZi00YWIwLThhNjQtOGYyNDFhMTUwMTI3P2FwaS12ZXJzaW9uPTIwMjEtMDQtMTU=",
      "RequestMethod": "GET",
      "RequestBody": "",
      "RequestHeaders": {
        "x-ms-client-request-id": [
          "108d878b-fe08-4fa4-b0b3-16de437d7550"
        ],
        "User-Agent": [
          "FxVersion/4.6.29916.01",
          "OSName/Windows",
          "OSVersion/Microsoft.Windows.10.0.19043.",
          "Microsoft.Azure.Management.CosmosDB.CosmosDBManagementClient/3.0.0.0"
        ]
      },
      "ResponseHeaders": {
        "Cache-Control": [
          "no-store, no-cache"
        ],
        "Pragma": [
          "no-cache"
        ],
        "Strict-Transport-Security": [
          "max-age=31536000; includeSubDomains"
        ],
        "x-ms-gatewayversion": [
          "version=2.11.0"
        ],
        "Server": [
          "Microsoft-HTTPAPI/2.0"
        ],
        "x-ms-ratelimit-remaining-subscription-reads": [
          "11993"
        ],
        "x-ms-request-id": [
          "04914b3b-51b4-4b0f-8e49-1e30183e270b"
        ],
        "x-ms-correlation-request-id": [
          "04914b3b-51b4-4b0f-8e49-1e30183e270b"
        ],
        "x-ms-routing-request-id": [
          "WESTCENTRALUS:20210511T080038Z:04914b3b-51b4-4b0f-8e49-1e30183e270b"
        ],
        "X-Content-Type-Options": [
          "nosniff"
        ],
        "Date": [
          "Tue, 11 May 2021 08:00:38 GMT"
        ],
        "Content-Length": [
          "21"
        ],
        "Content-Type": [
          "application/json"
        ]
      },
      "ResponseBody": "{\r\n  \"status\": \"Dequeued\"\r\n}",
      "StatusCode": 200
    },
    {
      "RequestUri": "/subscriptions/12053b8f-cab5-4f5c-9c1a-870580142abd/providers/Microsoft.DocumentDB/locations/westus/operationsStatus/3407fdf7-e4af-4ab0-8a64-8f241a150127?api-version=2021-04-15",
      "EncodedRequestUri": "L3N1YnNjcmlwdGlvbnMvMTIwNTNiOGYtY2FiNS00ZjVjLTljMWEtODcwNTgwMTQyYWJkL3Byb3ZpZGVycy9NaWNyb3NvZnQuRG9jdW1lbnREQi9sb2NhdGlvbnMvd2VzdHVzL29wZXJhdGlvbnNTdGF0dXMvMzQwN2ZkZjctZTRhZi00YWIwLThhNjQtOGYyNDFhMTUwMTI3P2FwaS12ZXJzaW9uPTIwMjEtMDQtMTU=",
      "RequestMethod": "GET",
      "RequestBody": "",
      "RequestHeaders": {
        "x-ms-client-request-id": [
          "108d878b-fe08-4fa4-b0b3-16de437d7550"
        ],
        "User-Agent": [
          "FxVersion/4.6.29916.01",
          "OSName/Windows",
          "OSVersion/Microsoft.Windows.10.0.19043.",
          "Microsoft.Azure.Management.CosmosDB.CosmosDBManagementClient/3.0.0.0"
        ]
      },
      "ResponseHeaders": {
        "Cache-Control": [
          "no-store, no-cache"
        ],
        "Pragma": [
          "no-cache"
        ],
        "Strict-Transport-Security": [
          "max-age=31536000; includeSubDomains"
        ],
        "x-ms-gatewayversion": [
          "version=2.11.0"
        ],
        "Server": [
          "Microsoft-HTTPAPI/2.0"
        ],
        "x-ms-ratelimit-remaining-subscription-reads": [
          "11992"
        ],
        "x-ms-request-id": [
          "63bd4d30-b805-4276-8b70-1f2174bdfaf6"
        ],
        "x-ms-correlation-request-id": [
          "63bd4d30-b805-4276-8b70-1f2174bdfaf6"
        ],
        "x-ms-routing-request-id": [
          "WESTCENTRALUS:20210511T080109Z:63bd4d30-b805-4276-8b70-1f2174bdfaf6"
        ],
        "X-Content-Type-Options": [
          "nosniff"
        ],
        "Date": [
          "Tue, 11 May 2021 08:01:08 GMT"
        ],
        "Content-Length": [
          "21"
        ],
        "Content-Type": [
          "application/json"
        ]
      },
      "ResponseBody": "{\r\n  \"status\": \"Dequeued\"\r\n}",
      "StatusCode": 200
    },
    {
      "RequestUri": "/subscriptions/12053b8f-cab5-4f5c-9c1a-870580142abd/providers/Microsoft.DocumentDB/locations/westus/operationsStatus/3407fdf7-e4af-4ab0-8a64-8f241a150127?api-version=2021-04-15",
      "EncodedRequestUri": "L3N1YnNjcmlwdGlvbnMvMTIwNTNiOGYtY2FiNS00ZjVjLTljMWEtODcwNTgwMTQyYWJkL3Byb3ZpZGVycy9NaWNyb3NvZnQuRG9jdW1lbnREQi9sb2NhdGlvbnMvd2VzdHVzL29wZXJhdGlvbnNTdGF0dXMvMzQwN2ZkZjctZTRhZi00YWIwLThhNjQtOGYyNDFhMTUwMTI3P2FwaS12ZXJzaW9uPTIwMjEtMDQtMTU=",
      "RequestMethod": "GET",
      "RequestBody": "",
      "RequestHeaders": {
        "x-ms-client-request-id": [
          "108d878b-fe08-4fa4-b0b3-16de437d7550"
        ],
        "User-Agent": [
          "FxVersion/4.6.29916.01",
          "OSName/Windows",
          "OSVersion/Microsoft.Windows.10.0.19043.",
          "Microsoft.Azure.Management.CosmosDB.CosmosDBManagementClient/3.0.0.0"
        ]
      },
      "ResponseHeaders": {
        "Cache-Control": [
          "no-store, no-cache"
        ],
        "Pragma": [
          "no-cache"
        ],
        "Strict-Transport-Security": [
          "max-age=31536000; includeSubDomains"
        ],
        "x-ms-gatewayversion": [
          "version=2.11.0"
        ],
        "Server": [
          "Microsoft-HTTPAPI/2.0"
        ],
        "x-ms-ratelimit-remaining-subscription-reads": [
          "11991"
        ],
        "x-ms-request-id": [
          "7c072c41-b34a-48f8-94d2-3a716389287b"
        ],
        "x-ms-correlation-request-id": [
          "7c072c41-b34a-48f8-94d2-3a716389287b"
        ],
        "x-ms-routing-request-id": [
          "WESTCENTRALUS:20210511T080139Z:7c072c41-b34a-48f8-94d2-3a716389287b"
        ],
        "X-Content-Type-Options": [
          "nosniff"
        ],
        "Date": [
          "Tue, 11 May 2021 08:01:38 GMT"
        ],
        "Content-Length": [
          "21"
        ],
        "Content-Type": [
          "application/json"
        ]
      },
      "ResponseBody": "{\r\n  \"status\": \"Dequeued\"\r\n}",
      "StatusCode": 200
    },
    {
      "RequestUri": "/subscriptions/12053b8f-cab5-4f5c-9c1a-870580142abd/providers/Microsoft.DocumentDB/locations/westus/operationsStatus/3407fdf7-e4af-4ab0-8a64-8f241a150127?api-version=2021-04-15",
      "EncodedRequestUri": "L3N1YnNjcmlwdGlvbnMvMTIwNTNiOGYtY2FiNS00ZjVjLTljMWEtODcwNTgwMTQyYWJkL3Byb3ZpZGVycy9NaWNyb3NvZnQuRG9jdW1lbnREQi9sb2NhdGlvbnMvd2VzdHVzL29wZXJhdGlvbnNTdGF0dXMvMzQwN2ZkZjctZTRhZi00YWIwLThhNjQtOGYyNDFhMTUwMTI3P2FwaS12ZXJzaW9uPTIwMjEtMDQtMTU=",
      "RequestMethod": "GET",
      "RequestBody": "",
      "RequestHeaders": {
        "x-ms-client-request-id": [
          "108d878b-fe08-4fa4-b0b3-16de437d7550"
        ],
        "User-Agent": [
          "FxVersion/4.6.29916.01",
          "OSName/Windows",
          "OSVersion/Microsoft.Windows.10.0.19043.",
          "Microsoft.Azure.Management.CosmosDB.CosmosDBManagementClient/3.0.0.0"
        ]
      },
      "ResponseHeaders": {
        "Cache-Control": [
          "no-store, no-cache"
        ],
        "Pragma": [
          "no-cache"
        ],
        "Strict-Transport-Security": [
          "max-age=31536000; includeSubDomains"
        ],
        "x-ms-gatewayversion": [
          "version=2.11.0"
        ],
        "Server": [
          "Microsoft-HTTPAPI/2.0"
        ],
        "x-ms-ratelimit-remaining-subscription-reads": [
          "11990"
        ],
        "x-ms-request-id": [
          "b7e4f02e-10ad-46b7-93f2-484ee987fd07"
        ],
        "x-ms-correlation-request-id": [
          "b7e4f02e-10ad-46b7-93f2-484ee987fd07"
        ],
        "x-ms-routing-request-id": [
          "WESTCENTRALUS:20210511T080209Z:b7e4f02e-10ad-46b7-93f2-484ee987fd07"
        ],
        "X-Content-Type-Options": [
          "nosniff"
        ],
        "Date": [
          "Tue, 11 May 2021 08:02:08 GMT"
        ],
        "Content-Length": [
          "21"
        ],
        "Content-Type": [
          "application/json"
        ]
      },
      "ResponseBody": "{\r\n  \"status\": \"Dequeued\"\r\n}",
      "StatusCode": 200
    },
    {
      "RequestUri": "/subscriptions/12053b8f-cab5-4f5c-9c1a-870580142abd/providers/Microsoft.DocumentDB/locations/westus/operationsStatus/3407fdf7-e4af-4ab0-8a64-8f241a150127?api-version=2021-04-15",
      "EncodedRequestUri": "L3N1YnNjcmlwdGlvbnMvMTIwNTNiOGYtY2FiNS00ZjVjLTljMWEtODcwNTgwMTQyYWJkL3Byb3ZpZGVycy9NaWNyb3NvZnQuRG9jdW1lbnREQi9sb2NhdGlvbnMvd2VzdHVzL29wZXJhdGlvbnNTdGF0dXMvMzQwN2ZkZjctZTRhZi00YWIwLThhNjQtOGYyNDFhMTUwMTI3P2FwaS12ZXJzaW9uPTIwMjEtMDQtMTU=",
      "RequestMethod": "GET",
      "RequestBody": "",
      "RequestHeaders": {
        "x-ms-client-request-id": [
          "108d878b-fe08-4fa4-b0b3-16de437d7550"
        ],
        "User-Agent": [
          "FxVersion/4.6.29916.01",
          "OSName/Windows",
          "OSVersion/Microsoft.Windows.10.0.19043.",
          "Microsoft.Azure.Management.CosmosDB.CosmosDBManagementClient/3.0.0.0"
        ]
      },
      "ResponseHeaders": {
        "Cache-Control": [
          "no-store, no-cache"
        ],
        "Pragma": [
          "no-cache"
        ],
        "Strict-Transport-Security": [
          "max-age=31536000; includeSubDomains"
        ],
        "x-ms-gatewayversion": [
          "version=2.11.0"
        ],
        "Server": [
          "Microsoft-HTTPAPI/2.0"
        ],
        "x-ms-ratelimit-remaining-subscription-reads": [
          "11989"
        ],
        "x-ms-request-id": [
          "a88b796d-e3d1-4967-ae3c-83cb168135d6"
        ],
        "x-ms-correlation-request-id": [
          "a88b796d-e3d1-4967-ae3c-83cb168135d6"
        ],
        "x-ms-routing-request-id": [
          "WESTCENTRALUS:20210511T080239Z:a88b796d-e3d1-4967-ae3c-83cb168135d6"
        ],
        "X-Content-Type-Options": [
          "nosniff"
        ],
        "Date": [
          "Tue, 11 May 2021 08:02:38 GMT"
        ],
        "Content-Length": [
          "21"
        ],
        "Content-Type": [
          "application/json"
        ]
      },
      "ResponseBody": "{\r\n  \"status\": \"Dequeued\"\r\n}",
      "StatusCode": 200
    },
    {
      "RequestUri": "/subscriptions/12053b8f-cab5-4f5c-9c1a-870580142abd/providers/Microsoft.DocumentDB/locations/westus/operationsStatus/3407fdf7-e4af-4ab0-8a64-8f241a150127?api-version=2021-04-15",
      "EncodedRequestUri": "L3N1YnNjcmlwdGlvbnMvMTIwNTNiOGYtY2FiNS00ZjVjLTljMWEtODcwNTgwMTQyYWJkL3Byb3ZpZGVycy9NaWNyb3NvZnQuRG9jdW1lbnREQi9sb2NhdGlvbnMvd2VzdHVzL29wZXJhdGlvbnNTdGF0dXMvMzQwN2ZkZjctZTRhZi00YWIwLThhNjQtOGYyNDFhMTUwMTI3P2FwaS12ZXJzaW9uPTIwMjEtMDQtMTU=",
      "RequestMethod": "GET",
      "RequestBody": "",
      "RequestHeaders": {
        "x-ms-client-request-id": [
          "108d878b-fe08-4fa4-b0b3-16de437d7550"
        ],
        "User-Agent": [
          "FxVersion/4.6.29916.01",
          "OSName/Windows",
          "OSVersion/Microsoft.Windows.10.0.19043.",
          "Microsoft.Azure.Management.CosmosDB.CosmosDBManagementClient/3.0.0.0"
        ]
      },
      "ResponseHeaders": {
        "Cache-Control": [
          "no-store, no-cache"
        ],
        "Pragma": [
          "no-cache"
        ],
        "Strict-Transport-Security": [
          "max-age=31536000; includeSubDomains"
        ],
        "x-ms-gatewayversion": [
          "version=2.11.0"
        ],
        "Server": [
          "Microsoft-HTTPAPI/2.0"
        ],
        "x-ms-ratelimit-remaining-subscription-reads": [
          "11988"
        ],
        "x-ms-request-id": [
          "608149c4-27ce-4336-baba-1f973e6541f9"
        ],
        "x-ms-correlation-request-id": [
          "608149c4-27ce-4336-baba-1f973e6541f9"
        ],
        "x-ms-routing-request-id": [
          "WESTCENTRALUS:20210511T080309Z:608149c4-27ce-4336-baba-1f973e6541f9"
        ],
        "X-Content-Type-Options": [
          "nosniff"
        ],
        "Date": [
          "Tue, 11 May 2021 08:03:08 GMT"
        ],
        "Content-Length": [
          "21"
        ],
        "Content-Type": [
          "application/json"
        ]
      },
      "ResponseBody": "{\r\n  \"status\": \"Dequeued\"\r\n}",
      "StatusCode": 200
    },
    {
      "RequestUri": "/subscriptions/12053b8f-cab5-4f5c-9c1a-870580142abd/providers/Microsoft.DocumentDB/locations/westus/operationsStatus/3407fdf7-e4af-4ab0-8a64-8f241a150127?api-version=2021-04-15",
      "EncodedRequestUri": "L3N1YnNjcmlwdGlvbnMvMTIwNTNiOGYtY2FiNS00ZjVjLTljMWEtODcwNTgwMTQyYWJkL3Byb3ZpZGVycy9NaWNyb3NvZnQuRG9jdW1lbnREQi9sb2NhdGlvbnMvd2VzdHVzL29wZXJhdGlvbnNTdGF0dXMvMzQwN2ZkZjctZTRhZi00YWIwLThhNjQtOGYyNDFhMTUwMTI3P2FwaS12ZXJzaW9uPTIwMjEtMDQtMTU=",
      "RequestMethod": "GET",
      "RequestBody": "",
      "RequestHeaders": {
        "x-ms-client-request-id": [
          "108d878b-fe08-4fa4-b0b3-16de437d7550"
        ],
        "User-Agent": [
          "FxVersion/4.6.29916.01",
          "OSName/Windows",
          "OSVersion/Microsoft.Windows.10.0.19043.",
          "Microsoft.Azure.Management.CosmosDB.CosmosDBManagementClient/3.0.0.0"
        ]
      },
      "ResponseHeaders": {
        "Cache-Control": [
          "no-store, no-cache"
        ],
        "Pragma": [
          "no-cache"
        ],
        "Strict-Transport-Security": [
          "max-age=31536000; includeSubDomains"
        ],
        "x-ms-gatewayversion": [
          "version=2.11.0"
        ],
        "Server": [
          "Microsoft-HTTPAPI/2.0"
        ],
        "x-ms-ratelimit-remaining-subscription-reads": [
          "11987"
        ],
        "x-ms-request-id": [
          "d2a2230e-3378-4f5e-abed-49c96dbe4c2d"
        ],
        "x-ms-correlation-request-id": [
          "d2a2230e-3378-4f5e-abed-49c96dbe4c2d"
        ],
        "x-ms-routing-request-id": [
          "WESTCENTRALUS:20210511T080339Z:d2a2230e-3378-4f5e-abed-49c96dbe4c2d"
        ],
        "X-Content-Type-Options": [
          "nosniff"
        ],
        "Date": [
          "Tue, 11 May 2021 08:03:38 GMT"
        ],
        "Content-Length": [
          "21"
        ],
        "Content-Type": [
          "application/json"
        ]
      },
      "ResponseBody": "{\r\n  \"status\": \"Dequeued\"\r\n}",
      "StatusCode": 200
    },
    {
      "RequestUri": "/subscriptions/12053b8f-cab5-4f5c-9c1a-870580142abd/providers/Microsoft.DocumentDB/locations/westus/operationsStatus/3407fdf7-e4af-4ab0-8a64-8f241a150127?api-version=2021-04-15",
      "EncodedRequestUri": "L3N1YnNjcmlwdGlvbnMvMTIwNTNiOGYtY2FiNS00ZjVjLTljMWEtODcwNTgwMTQyYWJkL3Byb3ZpZGVycy9NaWNyb3NvZnQuRG9jdW1lbnREQi9sb2NhdGlvbnMvd2VzdHVzL29wZXJhdGlvbnNTdGF0dXMvMzQwN2ZkZjctZTRhZi00YWIwLThhNjQtOGYyNDFhMTUwMTI3P2FwaS12ZXJzaW9uPTIwMjEtMDQtMTU=",
      "RequestMethod": "GET",
      "RequestBody": "",
      "RequestHeaders": {
        "x-ms-client-request-id": [
          "108d878b-fe08-4fa4-b0b3-16de437d7550"
        ],
        "User-Agent": [
          "FxVersion/4.6.29916.01",
          "OSName/Windows",
          "OSVersion/Microsoft.Windows.10.0.19043.",
          "Microsoft.Azure.Management.CosmosDB.CosmosDBManagementClient/3.0.0.0"
        ]
      },
      "ResponseHeaders": {
        "Cache-Control": [
          "no-store, no-cache"
        ],
        "Pragma": [
          "no-cache"
        ],
        "Strict-Transport-Security": [
          "max-age=31536000; includeSubDomains"
        ],
        "x-ms-gatewayversion": [
          "version=2.11.0"
        ],
        "Server": [
          "Microsoft-HTTPAPI/2.0"
        ],
        "x-ms-ratelimit-remaining-subscription-reads": [
          "11986"
        ],
        "x-ms-request-id": [
          "c64134e7-5619-48c7-90c6-638fca2e7a09"
        ],
        "x-ms-correlation-request-id": [
          "c64134e7-5619-48c7-90c6-638fca2e7a09"
        ],
        "x-ms-routing-request-id": [
          "WESTCENTRALUS:20210511T080409Z:c64134e7-5619-48c7-90c6-638fca2e7a09"
        ],
        "X-Content-Type-Options": [
          "nosniff"
        ],
        "Date": [
          "Tue, 11 May 2021 08:04:09 GMT"
        ],
        "Content-Length": [
          "21"
        ],
        "Content-Type": [
          "application/json"
        ]
      },
      "ResponseBody": "{\r\n  \"status\": \"Dequeued\"\r\n}",
      "StatusCode": 200
    },
    {
      "RequestUri": "/subscriptions/12053b8f-cab5-4f5c-9c1a-870580142abd/providers/Microsoft.DocumentDB/locations/westus/operationsStatus/3407fdf7-e4af-4ab0-8a64-8f241a150127?api-version=2021-04-15",
      "EncodedRequestUri": "L3N1YnNjcmlwdGlvbnMvMTIwNTNiOGYtY2FiNS00ZjVjLTljMWEtODcwNTgwMTQyYWJkL3Byb3ZpZGVycy9NaWNyb3NvZnQuRG9jdW1lbnREQi9sb2NhdGlvbnMvd2VzdHVzL29wZXJhdGlvbnNTdGF0dXMvMzQwN2ZkZjctZTRhZi00YWIwLThhNjQtOGYyNDFhMTUwMTI3P2FwaS12ZXJzaW9uPTIwMjEtMDQtMTU=",
      "RequestMethod": "GET",
      "RequestBody": "",
      "RequestHeaders": {
        "x-ms-client-request-id": [
          "108d878b-fe08-4fa4-b0b3-16de437d7550"
        ],
        "User-Agent": [
          "FxVersion/4.6.29916.01",
          "OSName/Windows",
          "OSVersion/Microsoft.Windows.10.0.19043.",
          "Microsoft.Azure.Management.CosmosDB.CosmosDBManagementClient/3.0.0.0"
        ]
      },
      "ResponseHeaders": {
        "Cache-Control": [
          "no-store, no-cache"
        ],
        "Pragma": [
          "no-cache"
        ],
        "Strict-Transport-Security": [
          "max-age=31536000; includeSubDomains"
        ],
        "x-ms-gatewayversion": [
          "version=2.11.0"
        ],
        "Server": [
          "Microsoft-HTTPAPI/2.0"
        ],
        "x-ms-ratelimit-remaining-subscription-reads": [
          "11985"
        ],
        "x-ms-request-id": [
          "2034dea1-bb18-41a0-83aa-772287b8c127"
        ],
        "x-ms-correlation-request-id": [
          "2034dea1-bb18-41a0-83aa-772287b8c127"
        ],
        "x-ms-routing-request-id": [
          "WESTCENTRALUS:20210511T080439Z:2034dea1-bb18-41a0-83aa-772287b8c127"
        ],
        "X-Content-Type-Options": [
          "nosniff"
        ],
        "Date": [
          "Tue, 11 May 2021 08:04:39 GMT"
        ],
        "Content-Length": [
          "21"
        ],
        "Content-Type": [
          "application/json"
        ]
      },
      "ResponseBody": "{\r\n  \"status\": \"Dequeued\"\r\n}",
      "StatusCode": 200
    },
    {
      "RequestUri": "/subscriptions/12053b8f-cab5-4f5c-9c1a-870580142abd/providers/Microsoft.DocumentDB/locations/westus/operationsStatus/3407fdf7-e4af-4ab0-8a64-8f241a150127?api-version=2021-04-15",
      "EncodedRequestUri": "L3N1YnNjcmlwdGlvbnMvMTIwNTNiOGYtY2FiNS00ZjVjLTljMWEtODcwNTgwMTQyYWJkL3Byb3ZpZGVycy9NaWNyb3NvZnQuRG9jdW1lbnREQi9sb2NhdGlvbnMvd2VzdHVzL29wZXJhdGlvbnNTdGF0dXMvMzQwN2ZkZjctZTRhZi00YWIwLThhNjQtOGYyNDFhMTUwMTI3P2FwaS12ZXJzaW9uPTIwMjEtMDQtMTU=",
      "RequestMethod": "GET",
      "RequestBody": "",
      "RequestHeaders": {
        "x-ms-client-request-id": [
          "108d878b-fe08-4fa4-b0b3-16de437d7550"
        ],
        "User-Agent": [
          "FxVersion/4.6.29916.01",
          "OSName/Windows",
          "OSVersion/Microsoft.Windows.10.0.19043.",
          "Microsoft.Azure.Management.CosmosDB.CosmosDBManagementClient/3.0.0.0"
        ]
      },
      "ResponseHeaders": {
        "Cache-Control": [
          "no-store, no-cache"
        ],
        "Pragma": [
          "no-cache"
        ],
        "Strict-Transport-Security": [
          "max-age=31536000; includeSubDomains"
        ],
        "x-ms-gatewayversion": [
          "version=2.11.0"
        ],
        "Server": [
          "Microsoft-HTTPAPI/2.0"
        ],
        "x-ms-ratelimit-remaining-subscription-reads": [
          "11984"
        ],
        "x-ms-request-id": [
          "7ae214af-2fcb-485f-82ef-798c12910a15"
        ],
        "x-ms-correlation-request-id": [
          "7ae214af-2fcb-485f-82ef-798c12910a15"
        ],
        "x-ms-routing-request-id": [
          "WESTCENTRALUS:20210511T080509Z:7ae214af-2fcb-485f-82ef-798c12910a15"
        ],
        "X-Content-Type-Options": [
          "nosniff"
        ],
        "Date": [
          "Tue, 11 May 2021 08:05:09 GMT"
        ],
        "Content-Length": [
          "21"
        ],
        "Content-Type": [
          "application/json"
        ]
      },
      "ResponseBody": "{\r\n  \"status\": \"Dequeued\"\r\n}",
      "StatusCode": 200
    },
    {
      "RequestUri": "/subscriptions/12053b8f-cab5-4f5c-9c1a-870580142abd/providers/Microsoft.DocumentDB/locations/westus/operationsStatus/3407fdf7-e4af-4ab0-8a64-8f241a150127?api-version=2021-04-15",
      "EncodedRequestUri": "L3N1YnNjcmlwdGlvbnMvMTIwNTNiOGYtY2FiNS00ZjVjLTljMWEtODcwNTgwMTQyYWJkL3Byb3ZpZGVycy9NaWNyb3NvZnQuRG9jdW1lbnREQi9sb2NhdGlvbnMvd2VzdHVzL29wZXJhdGlvbnNTdGF0dXMvMzQwN2ZkZjctZTRhZi00YWIwLThhNjQtOGYyNDFhMTUwMTI3P2FwaS12ZXJzaW9uPTIwMjEtMDQtMTU=",
      "RequestMethod": "GET",
      "RequestBody": "",
      "RequestHeaders": {
        "x-ms-client-request-id": [
          "108d878b-fe08-4fa4-b0b3-16de437d7550"
        ],
        "User-Agent": [
          "FxVersion/4.6.29916.01",
          "OSName/Windows",
          "OSVersion/Microsoft.Windows.10.0.19043.",
          "Microsoft.Azure.Management.CosmosDB.CosmosDBManagementClient/3.0.0.0"
        ]
      },
      "ResponseHeaders": {
        "Cache-Control": [
          "no-store, no-cache"
        ],
        "Pragma": [
          "no-cache"
        ],
        "Strict-Transport-Security": [
          "max-age=31536000; includeSubDomains"
        ],
        "x-ms-gatewayversion": [
          "version=2.11.0"
        ],
        "Server": [
          "Microsoft-HTTPAPI/2.0"
        ],
        "x-ms-ratelimit-remaining-subscription-reads": [
          "11983"
        ],
        "x-ms-request-id": [
          "960f5729-7ce6-4374-8453-439334be6766"
        ],
        "x-ms-correlation-request-id": [
          "960f5729-7ce6-4374-8453-439334be6766"
        ],
        "x-ms-routing-request-id": [
          "WESTCENTRALUS:20210511T080539Z:960f5729-7ce6-4374-8453-439334be6766"
        ],
        "X-Content-Type-Options": [
          "nosniff"
        ],
        "Date": [
          "Tue, 11 May 2021 08:05:39 GMT"
        ],
        "Content-Length": [
          "22"
        ],
        "Content-Type": [
          "application/json"
        ]
      },
      "ResponseBody": "{\r\n  \"status\": \"Succeeded\"\r\n}",
      "StatusCode": 200
    },
    {
      "RequestUri": "/subscriptions/12053b8f-cab5-4f5c-9c1a-870580142abd/resourceGroups/CosmosDBResourceGroup27/providers/Microsoft.DocumentDB/databaseAccounts/dbaccount27/listKeys?api-version=2021-04-15",
      "EncodedRequestUri": "L3N1YnNjcmlwdGlvbnMvMTIwNTNiOGYtY2FiNS00ZjVjLTljMWEtODcwNTgwMTQyYWJkL3Jlc291cmNlR3JvdXBzL0Nvc21vc0RCUmVzb3VyY2VHcm91cDI3L3Byb3ZpZGVycy9NaWNyb3NvZnQuRG9jdW1lbnREQi9kYXRhYmFzZUFjY291bnRzL2RiYWNjb3VudDI3L2xpc3RLZXlzP2FwaS12ZXJzaW9uPTIwMjEtMDQtMTU=",
      "RequestMethod": "POST",
      "RequestBody": "",
      "RequestHeaders": {
        "x-ms-client-request-id": [
          "680ee2b7-0fe7-4c39-a1ec-08b029f365f0"
        ],
        "Accept-Language": [
          "en-US"
        ],
        "User-Agent": [
          "FxVersion/4.6.29916.01",
          "OSName/Windows",
          "OSVersion/Microsoft.Windows.10.0.19043.",
          "Microsoft.Azure.Management.CosmosDB.CosmosDBManagementClient/3.0.0.0"
        ]
      },
      "ResponseHeaders": {
        "Cache-Control": [
          "no-store, no-cache"
        ],
        "Pragma": [
          "no-cache"
        ],
        "Strict-Transport-Security": [
          "max-age=31536000; includeSubDomains"
        ],
        "x-ms-gatewayversion": [
          "version=2.11.0"
        ],
        "Server": [
          "Microsoft-HTTPAPI/2.0"
        ],
        "x-ms-ratelimit-remaining-subscription-writes": [
          "1199"
        ],
        "x-ms-request-id": [
          "25d6bf40-4c9d-4c6a-9656-55d08ab13a7d"
        ],
        "x-ms-correlation-request-id": [
          "25d6bf40-4c9d-4c6a-9656-55d08ab13a7d"
        ],
        "x-ms-routing-request-id": [
          "WESTCENTRALUS:20210511T080540Z:25d6bf40-4c9d-4c6a-9656-55d08ab13a7d"
        ],
        "X-Content-Type-Options": [
          "nosniff"
        ],
        "Date": [
          "Tue, 11 May 2021 08:05:40 GMT"
        ],
        "Content-Length": [
          "461"
        ],
        "Content-Type": [
          "application/json"
        ]
      },
      "ResponseBody": "{\r\n  \"primaryMasterKey\": \"3sHQlvCaroXCQWQ0Qlh4lM1scf4rBjywJbGzhGrPoohP7wySXgqlAUYDpS9g0NCJNoMbFDXowXOCh2UqJK5FfQ==\",\r\n  \"secondaryMasterKey\": \"gmjazXVXg0vRTdK2F1ADHhbGKm1F2Q1S5dhp2gEkSfl47h6u2tuMydSfsShDSy2m4hciFENXHmmRLpCqF179XQ==\",\r\n  \"primaryReadonlyMasterKey\": \"JNjzzDTdUEm19o7Q6vfo7CmITaABsx1uZG9qXtXzQjzLiknQhL4eFmCFLkSpnQfUPwC4imp1rqyQq9eRALjn3w==\",\r\n  \"secondaryReadonlyMasterKey\": \"wes0IbppZWKUnGrfm2FyifKeAq4A0SoHtg2q68kqnFdxd97rH5QrWbdDe5qLMxgzziakOce2rluFfNdiYur87A==\"\r\n}",
      "StatusCode": 200
    },
    {
      "RequestUri": "/subscriptions/12053b8f-cab5-4f5c-9c1a-870580142abd/resourceGroups/CosmosDBResourceGroup27/providers/Microsoft.DocumentDB/databaseAccounts/dbaccount27/listKeys?api-version=2021-04-15",
      "EncodedRequestUri": "L3N1YnNjcmlwdGlvbnMvMTIwNTNiOGYtY2FiNS00ZjVjLTljMWEtODcwNTgwMTQyYWJkL3Jlc291cmNlR3JvdXBzL0Nvc21vc0RCUmVzb3VyY2VHcm91cDI3L3Byb3ZpZGVycy9NaWNyb3NvZnQuRG9jdW1lbnREQi9kYXRhYmFzZUFjY291bnRzL2RiYWNjb3VudDI3L2xpc3RLZXlzP2FwaS12ZXJzaW9uPTIwMjEtMDQtMTU=",
      "RequestMethod": "POST",
      "RequestBody": "",
      "RequestHeaders": {
        "x-ms-client-request-id": [
          "0e4e2dd1-340c-42df-b97f-e6c83eebf4f3"
        ],
        "Accept-Language": [
          "en-US"
        ],
        "User-Agent": [
          "FxVersion/4.6.29916.01",
          "OSName/Windows",
          "OSVersion/Microsoft.Windows.10.0.19043.",
          "Microsoft.Azure.Management.CosmosDB.CosmosDBManagementClient/3.0.0.0"
        ]
      },
      "ResponseHeaders": {
        "Cache-Control": [
          "no-store, no-cache"
        ],
        "Pragma": [
          "no-cache"
        ],
        "Strict-Transport-Security": [
          "max-age=31536000; includeSubDomains"
        ],
        "x-ms-gatewayversion": [
          "version=2.11.0"
        ],
        "Server": [
          "Microsoft-HTTPAPI/2.0"
        ],
        "x-ms-ratelimit-remaining-subscription-writes": [
          "1195"
        ],
        "x-ms-request-id": [
          "0782645d-101b-45fb-b5c4-6441f372b659"
        ],
        "x-ms-correlation-request-id": [
          "0782645d-101b-45fb-b5c4-6441f372b659"
        ],
        "x-ms-routing-request-id": [
          "WESTCENTRALUS:20210511T080612Z:0782645d-101b-45fb-b5c4-6441f372b659"
        ],
        "X-Content-Type-Options": [
          "nosniff"
        ],
        "Date": [
          "Tue, 11 May 2021 08:06:12 GMT"
        ],
        "Content-Length": [
          "461"
        ],
        "Content-Type": [
          "application/json"
        ]
      },
      "ResponseBody": "{\r\n  \"primaryMasterKey\": \"3sHQlvCaroXCQWQ0Qlh4lM1scf4rBjywJbGzhGrPoohP7wySXgqlAUYDpS9g0NCJNoMbFDXowXOCh2UqJK5FfQ==\",\r\n  \"secondaryMasterKey\": \"gmjazXVXg0vRTdK2F1ADHhbGKm1F2Q1S5dhp2gEkSfl47h6u2tuMydSfsShDSy2m4hciFENXHmmRLpCqF179XQ==\",\r\n  \"primaryReadonlyMasterKey\": \"ynwEZKl8gthZYimLNxtesfrbzhg4kzQbrljSGLvjGMpok1WWyUWpmob8qjDxa8wGjKFCfLnfy4SotNQiSqPWQA==\",\r\n  \"secondaryReadonlyMasterKey\": \"wes0IbppZWKUnGrfm2FyifKeAq4A0SoHtg2q68kqnFdxd97rH5QrWbdDe5qLMxgzziakOce2rluFfNdiYur87A==\"\r\n}",
      "StatusCode": 200
    },
    {
      "RequestUri": "/subscriptions/12053b8f-cab5-4f5c-9c1a-870580142abd/resourceGroups/CosmosDBResourceGroup27/providers/Microsoft.DocumentDB/databaseAccounts/dbaccount27/listConnectionStrings?api-version=2021-04-15",
      "EncodedRequestUri": "L3N1YnNjcmlwdGlvbnMvMTIwNTNiOGYtY2FiNS00ZjVjLTljMWEtODcwNTgwMTQyYWJkL3Jlc291cmNlR3JvdXBzL0Nvc21vc0RCUmVzb3VyY2VHcm91cDI3L3Byb3ZpZGVycy9NaWNyb3NvZnQuRG9jdW1lbnREQi9kYXRhYmFzZUFjY291bnRzL2RiYWNjb3VudDI3L2xpc3RDb25uZWN0aW9uU3RyaW5ncz9hcGktdmVyc2lvbj0yMDIxLTA0LTE1",
      "RequestMethod": "POST",
      "RequestBody": "",
      "RequestHeaders": {
        "x-ms-client-request-id": [
          "6cee7beb-55ae-47a9-91a7-8ca6aa21883e"
        ],
        "Accept-Language": [
          "en-US"
        ],
        "User-Agent": [
          "FxVersion/4.6.29916.01",
          "OSName/Windows",
          "OSVersion/Microsoft.Windows.10.0.19043.",
          "Microsoft.Azure.Management.CosmosDB.CosmosDBManagementClient/3.0.0.0"
        ]
      },
      "ResponseHeaders": {
        "Cache-Control": [
          "no-store, no-cache"
        ],
        "Pragma": [
          "no-cache"
        ],
        "Strict-Transport-Security": [
          "max-age=31536000; includeSubDomains"
        ],
        "x-ms-gatewayversion": [
          "version=2.11.0"
        ],
        "Server": [
          "Microsoft-HTTPAPI/2.0"
        ],
        "x-ms-ratelimit-remaining-subscription-writes": [
          "1198"
        ],
        "x-ms-request-id": [
          "6d3f295e-6036-4800-b823-b2ecac443db5"
        ],
        "x-ms-correlation-request-id": [
          "6d3f295e-6036-4800-b823-b2ecac443db5"
        ],
        "x-ms-routing-request-id": [
          "WESTCENTRALUS:20210511T080540Z:6d3f295e-6036-4800-b823-b2ecac443db5"
        ],
        "X-Content-Type-Options": [
          "nosniff"
        ],
        "Date": [
          "Tue, 11 May 2021 08:05:40 GMT"
        ],
        "Content-Length": [
          "971"
        ],
        "Content-Type": [
          "application/json"
        ]
      },
      "ResponseBody": "{\r\n  \"connectionStrings\": [\r\n    {\r\n      \"connectionString\": \"AccountEndpoint=https://dbaccount27.documents.azure.com:443/;AccountKey=3sHQlvCaroXCQWQ0Qlh4lM1scf4rBjywJbGzhGrPoohP7wySXgqlAUYDpS9g0NCJNoMbFDXowXOCh2UqJK5FfQ==;\",\r\n      \"description\": \"Primary SQL Connection String\"\r\n    },\r\n    {\r\n      \"connectionString\": \"AccountEndpoint=https://dbaccount27.documents.azure.com:443/;AccountKey=gmjazXVXg0vRTdK2F1ADHhbGKm1F2Q1S5dhp2gEkSfl47h6u2tuMydSfsShDSy2m4hciFENXHmmRLpCqF179XQ==;\",\r\n      \"description\": \"Secondary SQL Connection String\"\r\n    },\r\n    {\r\n      \"connectionString\": \"AccountEndpoint=https://dbaccount27.documents.azure.com:443/;AccountKey=JNjzzDTdUEm19o7Q6vfo7CmITaABsx1uZG9qXtXzQjzLiknQhL4eFmCFLkSpnQfUPwC4imp1rqyQq9eRALjn3w==;\",\r\n      \"description\": \"Primary Read-Only SQL Connection String\"\r\n    },\r\n    {\r\n      \"connectionString\": \"AccountEndpoint=https://dbaccount27.documents.azure.com:443/;AccountKey=wes0IbppZWKUnGrfm2FyifKeAq4A0SoHtg2q68kqnFdxd97rH5QrWbdDe5qLMxgzziakOce2rluFfNdiYur87A==;\",\r\n      \"description\": \"Secondary Read-Only SQL Connection String\"\r\n    }\r\n  ]\r\n}",
      "StatusCode": 200
    },
    {
      "RequestUri": "/subscriptions/12053b8f-cab5-4f5c-9c1a-870580142abd/resourceGroups/CosmosDBResourceGroup27/providers/Microsoft.DocumentDB/databaseAccounts/dbaccount27/readonlykeys?api-version=2021-04-15",
      "EncodedRequestUri": "L3N1YnNjcmlwdGlvbnMvMTIwNTNiOGYtY2FiNS00ZjVjLTljMWEtODcwNTgwMTQyYWJkL3Jlc291cmNlR3JvdXBzL0Nvc21vc0RCUmVzb3VyY2VHcm91cDI3L3Byb3ZpZGVycy9NaWNyb3NvZnQuRG9jdW1lbnREQi9kYXRhYmFzZUFjY291bnRzL2RiYWNjb3VudDI3L3JlYWRvbmx5a2V5cz9hcGktdmVyc2lvbj0yMDIxLTA0LTE1",
      "RequestMethod": "POST",
      "RequestBody": "",
      "RequestHeaders": {
        "x-ms-client-request-id": [
          "356f919a-1650-4d4f-bbb3-568be8c9613a"
        ],
        "Accept-Language": [
          "en-US"
        ],
        "User-Agent": [
          "FxVersion/4.6.29916.01",
          "OSName/Windows",
          "OSVersion/Microsoft.Windows.10.0.19043.",
          "Microsoft.Azure.Management.CosmosDB.CosmosDBManagementClient/3.0.0.0"
        ]
      },
      "ResponseHeaders": {
        "Cache-Control": [
          "no-store, no-cache"
        ],
        "Pragma": [
          "no-cache"
        ],
        "Strict-Transport-Security": [
          "max-age=31536000; includeSubDomains"
        ],
        "x-ms-gatewayversion": [
          "version=2.11.0"
        ],
        "Server": [
          "Microsoft-HTTPAPI/2.0"
        ],
        "x-ms-ratelimit-remaining-subscription-writes": [
          "1197"
        ],
        "x-ms-request-id": [
          "7eebfae8-7d37-44c2-800e-98bb0c75f9c4"
        ],
        "x-ms-correlation-request-id": [
          "7eebfae8-7d37-44c2-800e-98bb0c75f9c4"
        ],
        "x-ms-routing-request-id": [
          "WESTCENTRALUS:20210511T080541Z:7eebfae8-7d37-44c2-800e-98bb0c75f9c4"
        ],
        "X-Content-Type-Options": [
          "nosniff"
        ],
        "Date": [
          "Tue, 11 May 2021 08:05:40 GMT"
        ],
        "Content-Length": [
          "239"
        ],
        "Content-Type": [
          "application/json"
        ]
      },
      "ResponseBody": "{\r\n  \"primaryReadonlyMasterKey\": \"JNjzzDTdUEm19o7Q6vfo7CmITaABsx1uZG9qXtXzQjzLiknQhL4eFmCFLkSpnQfUPwC4imp1rqyQq9eRALjn3w==\",\r\n  \"secondaryReadonlyMasterKey\": \"wes0IbppZWKUnGrfm2FyifKeAq4A0SoHtg2q68kqnFdxd97rH5QrWbdDe5qLMxgzziakOce2rluFfNdiYur87A==\"\r\n}",
      "StatusCode": 200
    },
    {
      "RequestUri": "/subscriptions/12053b8f-cab5-4f5c-9c1a-870580142abd/resourceGroups/CosmosDBResourceGroup27/providers/Microsoft.DocumentDB/databaseAccounts/dbaccount27/regenerateKey?api-version=2021-04-15",
      "EncodedRequestUri": "L3N1YnNjcmlwdGlvbnMvMTIwNTNiOGYtY2FiNS00ZjVjLTljMWEtODcwNTgwMTQyYWJkL3Jlc291cmNlR3JvdXBzL0Nvc21vc0RCUmVzb3VyY2VHcm91cDI3L3Byb3ZpZGVycy9NaWNyb3NvZnQuRG9jdW1lbnREQi9kYXRhYmFzZUFjY291bnRzL2RiYWNjb3VudDI3L3JlZ2VuZXJhdGVLZXk/YXBpLXZlcnNpb249MjAyMS0wNC0xNQ==",
      "RequestMethod": "POST",
      "RequestBody": "{\r\n  \"keyKind\": \"primaryReadonly\"\r\n}",
      "RequestHeaders": {
        "x-ms-client-request-id": [
          "0e4e2dd1-340c-42df-b97f-e6c83eebf4f3"
        ],
        "Accept-Language": [
          "en-US"
        ],
        "User-Agent": [
          "FxVersion/4.6.29916.01",
          "OSName/Windows",
          "OSVersion/Microsoft.Windows.10.0.19043.",
          "Microsoft.Azure.Management.CosmosDB.CosmosDBManagementClient/3.0.0.0"
        ],
        "Content-Type": [
          "application/json; charset=utf-8"
        ],
        "Content-Length": [
          "36"
        ]
      },
      "ResponseHeaders": {
        "Cache-Control": [
          "no-store, no-cache"
        ],
        "Pragma": [
          "no-cache"
        ],
        "Location": [
          "https://management.azure.com/subscriptions/12053b8f-cab5-4f5c-9c1a-870580142abd/resourceGroups/CosmosDBResourceGroup27/providers/Microsoft.DocumentDB/databaseAccounts/dbaccount27/regenerateKey/operationResults/a17141df-e795-4dfc-8976-7b79f0e7ee0f?api-version=2021-04-15"
        ],
        "Azure-AsyncOperation": [
          "https://management.azure.com/subscriptions/12053b8f-cab5-4f5c-9c1a-870580142abd/providers/Microsoft.DocumentDB/locations/westus/operationsStatus/a17141df-e795-4dfc-8976-7b79f0e7ee0f?api-version=2021-04-15"
        ],
        "x-ms-request-id": [
          "a17141df-e795-4dfc-8976-7b79f0e7ee0f"
        ],
        "Strict-Transport-Security": [
          "max-age=31536000; includeSubDomains"
        ],
        "x-ms-gatewayversion": [
          "version=2.11.0"
        ],
        "Server": [
          "Microsoft-HTTPAPI/2.0"
        ],
        "x-ms-ratelimit-remaining-subscription-writes": [
          "1196"
        ],
        "x-ms-correlation-request-id": [
          "10f899c1-2ca9-42ff-b39a-d09e90525eb4"
        ],
        "x-ms-routing-request-id": [
          "WESTCENTRALUS:20210511T080542Z:10f899c1-2ca9-42ff-b39a-d09e90525eb4"
        ],
        "X-Content-Type-Options": [
          "nosniff"
        ],
        "Date": [
          "Tue, 11 May 2021 08:05:41 GMT"
        ],
        "Content-Length": [
          "21"
        ],
        "Content-Type": [
          "application/json"
        ]
      },
      "ResponseBody": "{\r\n  \"status\": \"Enqueued\"\r\n}",
      "StatusCode": 202
    },
    {
      "RequestUri": "/subscriptions/12053b8f-cab5-4f5c-9c1a-870580142abd/providers/Microsoft.DocumentDB/locations/westus/operationsStatus/a17141df-e795-4dfc-8976-7b79f0e7ee0f?api-version=2021-04-15",
      "EncodedRequestUri": "L3N1YnNjcmlwdGlvbnMvMTIwNTNiOGYtY2FiNS00ZjVjLTljMWEtODcwNTgwMTQyYWJkL3Byb3ZpZGVycy9NaWNyb3NvZnQuRG9jdW1lbnREQi9sb2NhdGlvbnMvd2VzdHVzL29wZXJhdGlvbnNTdGF0dXMvYTE3MTQxZGYtZTc5NS00ZGZjLTg5NzYtN2I3OWYwZTdlZTBmP2FwaS12ZXJzaW9uPTIwMjEtMDQtMTU=",
      "RequestMethod": "GET",
      "RequestBody": "",
      "RequestHeaders": {
        "x-ms-client-request-id": [
          "0e4e2dd1-340c-42df-b97f-e6c83eebf4f3"
        ],
        "User-Agent": [
          "FxVersion/4.6.29916.01",
          "OSName/Windows",
          "OSVersion/Microsoft.Windows.10.0.19043.",
          "Microsoft.Azure.Management.CosmosDB.CosmosDBManagementClient/3.0.0.0"
        ]
      },
      "ResponseHeaders": {
        "Cache-Control": [
          "no-store, no-cache"
        ],
        "Pragma": [
          "no-cache"
        ],
        "Strict-Transport-Security": [
          "max-age=31536000; includeSubDomains"
        ],
        "x-ms-gatewayversion": [
          "version=2.11.0"
        ],
        "Server": [
          "Microsoft-HTTPAPI/2.0"
        ],
        "x-ms-ratelimit-remaining-subscription-reads": [
          "11980"
        ],
        "x-ms-request-id": [
          "532b4e8b-eea0-464c-bdeb-8b8f24581d4c"
        ],
        "x-ms-correlation-request-id": [
          "532b4e8b-eea0-464c-bdeb-8b8f24581d4c"
        ],
        "x-ms-routing-request-id": [
          "WESTCENTRALUS:20210511T080612Z:532b4e8b-eea0-464c-bdeb-8b8f24581d4c"
        ],
        "X-Content-Type-Options": [
          "nosniff"
        ],
        "Date": [
          "Tue, 11 May 2021 08:06:11 GMT"
        ],
        "Content-Length": [
          "22"
        ],
        "Content-Type": [
          "application/json"
        ]
      },
      "ResponseBody": "{\r\n  \"status\": \"Succeeded\"\r\n}",
      "StatusCode": 200
    },
    {
      "RequestUri": "/subscriptions/12053b8f-cab5-4f5c-9c1a-870580142abd/resourceGroups/CosmosDBResourceGroup27/providers/Microsoft.DocumentDB/databaseAccounts/dbaccount27/regenerateKey/operationResults/a17141df-e795-4dfc-8976-7b79f0e7ee0f?api-version=2021-04-15",
      "EncodedRequestUri": "L3N1YnNjcmlwdGlvbnMvMTIwNTNiOGYtY2FiNS00ZjVjLTljMWEtODcwNTgwMTQyYWJkL3Jlc291cmNlR3JvdXBzL0Nvc21vc0RCUmVzb3VyY2VHcm91cDI3L3Byb3ZpZGVycy9NaWNyb3NvZnQuRG9jdW1lbnREQi9kYXRhYmFzZUFjY291bnRzL2RiYWNjb3VudDI3L3JlZ2VuZXJhdGVLZXkvb3BlcmF0aW9uUmVzdWx0cy9hMTcxNDFkZi1lNzk1LTRkZmMtODk3Ni03Yjc5ZjBlN2VlMGY/YXBpLXZlcnNpb249MjAyMS0wNC0xNQ==",
      "RequestMethod": "GET",
      "RequestBody": "",
      "RequestHeaders": {
        "x-ms-client-request-id": [
          "0e4e2dd1-340c-42df-b97f-e6c83eebf4f3"
        ],
        "User-Agent": [
          "FxVersion/4.6.29916.01",
          "OSName/Windows",
          "OSVersion/Microsoft.Windows.10.0.19043.",
          "Microsoft.Azure.Management.CosmosDB.CosmosDBManagementClient/3.0.0.0"
        ]
      },
      "ResponseHeaders": {
        "Cache-Control": [
          "no-store, no-cache"
        ],
        "Pragma": [
          "no-cache"
        ],
        "Strict-Transport-Security": [
          "max-age=31536000; includeSubDomains"
        ],
        "x-ms-gatewayversion": [
          "version=2.11.0"
        ],
        "Server": [
          "Microsoft-HTTPAPI/2.0"
        ],
        "x-ms-ratelimit-remaining-subscription-reads": [
          "11979"
        ],
        "x-ms-request-id": [
          "4efbd043-ef66-4505-b99f-ee21a3619264"
        ],
        "x-ms-correlation-request-id": [
          "4efbd043-ef66-4505-b99f-ee21a3619264"
        ],
        "x-ms-routing-request-id": [
          "WESTCENTRALUS:20210511T080612Z:4efbd043-ef66-4505-b99f-ee21a3619264"
        ],
        "X-Content-Type-Options": [
          "nosniff"
        ],
        "Date": [
          "Tue, 11 May 2021 08:06:11 GMT"
        ],
        "Content-Length": [
          "22"
        ],
        "Content-Type": [
          "application/json"
        ]
      },
      "ResponseBody": "{\r\n  \"status\": \"Succeeded\"\r\n}",
      "StatusCode": 200
    },
    {
      "RequestUri": "/subscriptions/12053b8f-cab5-4f5c-9c1a-870580142abd/resourceGroups/CosmosDBResourceGroup27/providers/Microsoft.DocumentDB/databaseAccounts/dbaccount27?api-version=2021-04-15",
      "EncodedRequestUri": "L3N1YnNjcmlwdGlvbnMvMTIwNTNiOGYtY2FiNS00ZjVjLTljMWEtODcwNTgwMTQyYWJkL3Jlc291cmNlR3JvdXBzL0Nvc21vc0RCUmVzb3VyY2VHcm91cDI3L3Byb3ZpZGVycy9NaWNyb3NvZnQuRG9jdW1lbnREQi9kYXRhYmFzZUFjY291bnRzL2RiYWNjb3VudDI3P2FwaS12ZXJzaW9uPTIwMjEtMDQtMTU=",
      "RequestMethod": "DELETE",
      "RequestBody": "",
      "RequestHeaders": {
        "x-ms-client-request-id": [
          "e165c38a-edc6-49f4-9ef7-3f59a238cceb"
        ],
        "Accept-Language": [
          "en-US"
        ],
        "User-Agent": [
          "FxVersion/4.6.29916.01",
          "OSName/Windows",
          "OSVersion/Microsoft.Windows.10.0.19043.",
          "Microsoft.Azure.Management.CosmosDB.CosmosDBManagementClient/3.0.0.0"
        ]
      },
      "ResponseHeaders": {
        "Cache-Control": [
          "no-store, no-cache"
        ],
        "Pragma": [
          "no-cache"
        ],
        "Location": [
          "https://management.azure.com/subscriptions/12053b8f-cab5-4f5c-9c1a-870580142abd/providers/Microsoft.DocumentDB/locations/westus/operationResults/b85373e4-66a4-4ef7-99fb-9416d2268e51?api-version=2021-04-15"
        ],
        "Azure-AsyncOperation": [
          "https://management.azure.com/subscriptions/12053b8f-cab5-4f5c-9c1a-870580142abd/providers/Microsoft.DocumentDB/locations/westus/operationsStatus/b85373e4-66a4-4ef7-99fb-9416d2268e51?api-version=2021-04-15"
        ],
        "x-ms-request-id": [
          "b85373e4-66a4-4ef7-99fb-9416d2268e51"
        ],
        "Strict-Transport-Security": [
          "max-age=31536000; includeSubDomains"
        ],
        "x-ms-gatewayversion": [
          "version=2.11.0"
        ],
        "Server": [
          "Microsoft-HTTPAPI/2.0"
        ],
        "x-ms-ratelimit-remaining-subscription-deletes": [
          "14999"
        ],
        "x-ms-correlation-request-id": [
          "9781e1c0-b308-4f6d-853d-ce2d4a1a7ae2"
        ],
        "x-ms-routing-request-id": [
          "WESTCENTRALUS:20210511T080614Z:9781e1c0-b308-4f6d-853d-ce2d4a1a7ae2"
        ],
        "X-Content-Type-Options": [
          "nosniff"
        ],
        "Date": [
          "Tue, 11 May 2021 08:06:13 GMT"
        ],
        "Content-Length": [
          "21"
        ],
        "Content-Type": [
          "application/json"
        ]
      },
      "ResponseBody": "{\r\n  \"status\": \"Enqueued\"\r\n}",
      "StatusCode": 202
    },
    {
      "RequestUri": "/subscriptions/12053b8f-cab5-4f5c-9c1a-870580142abd/providers/Microsoft.DocumentDB/locations/westus/operationsStatus/b85373e4-66a4-4ef7-99fb-9416d2268e51?api-version=2021-04-15",
      "EncodedRequestUri": "L3N1YnNjcmlwdGlvbnMvMTIwNTNiOGYtY2FiNS00ZjVjLTljMWEtODcwNTgwMTQyYWJkL3Byb3ZpZGVycy9NaWNyb3NvZnQuRG9jdW1lbnREQi9sb2NhdGlvbnMvd2VzdHVzL29wZXJhdGlvbnNTdGF0dXMvYjg1MzczZTQtNjZhNC00ZWY3LTk5ZmItOTQxNmQyMjY4ZTUxP2FwaS12ZXJzaW9uPTIwMjEtMDQtMTU=",
      "RequestMethod": "GET",
      "RequestBody": "",
      "RequestHeaders": {
        "x-ms-client-request-id": [
          "e165c38a-edc6-49f4-9ef7-3f59a238cceb"
        ],
        "User-Agent": [
          "FxVersion/4.6.29916.01",
          "OSName/Windows",
          "OSVersion/Microsoft.Windows.10.0.19043.",
          "Microsoft.Azure.Management.CosmosDB.CosmosDBManagementClient/3.0.0.0"
        ]
      },
      "ResponseHeaders": {
        "Cache-Control": [
          "no-store, no-cache"
        ],
        "Pragma": [
          "no-cache"
        ],
        "Strict-Transport-Security": [
          "max-age=31536000; includeSubDomains"
        ],
        "x-ms-gatewayversion": [
          "version=2.11.0"
        ],
        "Server": [
          "Microsoft-HTTPAPI/2.0"
        ],
        "x-ms-ratelimit-remaining-subscription-reads": [
          "11978"
        ],
        "x-ms-request-id": [
          "d084a89f-0e5d-4083-985d-ae2a0f657455"
        ],
        "x-ms-correlation-request-id": [
          "d084a89f-0e5d-4083-985d-ae2a0f657455"
        ],
        "x-ms-routing-request-id": [
          "WESTCENTRALUS:20210511T080644Z:d084a89f-0e5d-4083-985d-ae2a0f657455"
        ],
        "X-Content-Type-Options": [
          "nosniff"
        ],
        "Date": [
          "Tue, 11 May 2021 08:06:43 GMT"
        ],
        "Content-Length": [
          "21"
        ],
        "Content-Type": [
          "application/json"
        ]
      },
      "ResponseBody": "{\r\n  \"status\": \"Dequeued\"\r\n}",
      "StatusCode": 200
    },
    {
      "RequestUri": "/subscriptions/12053b8f-cab5-4f5c-9c1a-870580142abd/providers/Microsoft.DocumentDB/locations/westus/operationsStatus/b85373e4-66a4-4ef7-99fb-9416d2268e51?api-version=2021-04-15",
      "EncodedRequestUri": "L3N1YnNjcmlwdGlvbnMvMTIwNTNiOGYtY2FiNS00ZjVjLTljMWEtODcwNTgwMTQyYWJkL3Byb3ZpZGVycy9NaWNyb3NvZnQuRG9jdW1lbnREQi9sb2NhdGlvbnMvd2VzdHVzL29wZXJhdGlvbnNTdGF0dXMvYjg1MzczZTQtNjZhNC00ZWY3LTk5ZmItOTQxNmQyMjY4ZTUxP2FwaS12ZXJzaW9uPTIwMjEtMDQtMTU=",
      "RequestMethod": "GET",
      "RequestBody": "",
      "RequestHeaders": {
        "x-ms-client-request-id": [
          "e165c38a-edc6-49f4-9ef7-3f59a238cceb"
        ],
        "User-Agent": [
          "FxVersion/4.6.29916.01",
          "OSName/Windows",
          "OSVersion/Microsoft.Windows.10.0.19043.",
          "Microsoft.Azure.Management.CosmosDB.CosmosDBManagementClient/3.0.0.0"
        ]
      },
      "ResponseHeaders": {
        "Cache-Control": [
          "no-store, no-cache"
        ],
        "Pragma": [
          "no-cache"
        ],
        "Strict-Transport-Security": [
          "max-age=31536000; includeSubDomains"
        ],
        "x-ms-gatewayversion": [
          "version=2.11.0"
        ],
        "Server": [
          "Microsoft-HTTPAPI/2.0"
        ],
        "x-ms-ratelimit-remaining-subscription-reads": [
          "11977"
        ],
        "x-ms-request-id": [
          "f2dcb9f7-8ba0-45a0-8794-2fc5df20be4c"
        ],
        "x-ms-correlation-request-id": [
          "f2dcb9f7-8ba0-45a0-8794-2fc5df20be4c"
        ],
        "x-ms-routing-request-id": [
          "WESTCENTRALUS:20210511T080714Z:f2dcb9f7-8ba0-45a0-8794-2fc5df20be4c"
        ],
        "X-Content-Type-Options": [
          "nosniff"
        ],
        "Date": [
          "Tue, 11 May 2021 08:07:14 GMT"
        ],
        "Content-Length": [
          "21"
        ],
        "Content-Type": [
          "application/json"
        ]
      },
      "ResponseBody": "{\r\n  \"status\": \"Dequeued\"\r\n}",
      "StatusCode": 200
    },
    {
      "RequestUri": "/subscriptions/12053b8f-cab5-4f5c-9c1a-870580142abd/providers/Microsoft.DocumentDB/locations/westus/operationsStatus/b85373e4-66a4-4ef7-99fb-9416d2268e51?api-version=2021-04-15",
      "EncodedRequestUri": "L3N1YnNjcmlwdGlvbnMvMTIwNTNiOGYtY2FiNS00ZjVjLTljMWEtODcwNTgwMTQyYWJkL3Byb3ZpZGVycy9NaWNyb3NvZnQuRG9jdW1lbnREQi9sb2NhdGlvbnMvd2VzdHVzL29wZXJhdGlvbnNTdGF0dXMvYjg1MzczZTQtNjZhNC00ZWY3LTk5ZmItOTQxNmQyMjY4ZTUxP2FwaS12ZXJzaW9uPTIwMjEtMDQtMTU=",
      "RequestMethod": "GET",
      "RequestBody": "",
      "RequestHeaders": {
        "x-ms-client-request-id": [
          "e165c38a-edc6-49f4-9ef7-3f59a238cceb"
        ],
        "User-Agent": [
          "FxVersion/4.6.29916.01",
          "OSName/Windows",
          "OSVersion/Microsoft.Windows.10.0.19043.",
          "Microsoft.Azure.Management.CosmosDB.CosmosDBManagementClient/3.0.0.0"
        ]
      },
      "ResponseHeaders": {
        "Cache-Control": [
          "no-store, no-cache"
        ],
        "Pragma": [
          "no-cache"
        ],
        "Strict-Transport-Security": [
          "max-age=31536000; includeSubDomains"
        ],
        "x-ms-gatewayversion": [
          "version=2.11.0"
        ],
        "Server": [
          "Microsoft-HTTPAPI/2.0"
        ],
        "x-ms-ratelimit-remaining-subscription-reads": [
          "11976"
        ],
        "x-ms-request-id": [
          "d833042b-e63d-44b6-b8e3-95584266cb03"
        ],
        "x-ms-correlation-request-id": [
          "d833042b-e63d-44b6-b8e3-95584266cb03"
        ],
        "x-ms-routing-request-id": [
          "WESTCENTRALUS:20210511T080744Z:d833042b-e63d-44b6-b8e3-95584266cb03"
        ],
        "X-Content-Type-Options": [
          "nosniff"
        ],
        "Date": [
          "Tue, 11 May 2021 08:07:44 GMT"
        ],
        "Content-Length": [
          "21"
        ],
        "Content-Type": [
          "application/json"
        ]
      },
      "ResponseBody": "{\r\n  \"status\": \"Dequeued\"\r\n}",
      "StatusCode": 200
    },
    {
      "RequestUri": "/subscriptions/12053b8f-cab5-4f5c-9c1a-870580142abd/providers/Microsoft.DocumentDB/locations/westus/operationsStatus/b85373e4-66a4-4ef7-99fb-9416d2268e51?api-version=2021-04-15",
      "EncodedRequestUri": "L3N1YnNjcmlwdGlvbnMvMTIwNTNiOGYtY2FiNS00ZjVjLTljMWEtODcwNTgwMTQyYWJkL3Byb3ZpZGVycy9NaWNyb3NvZnQuRG9jdW1lbnREQi9sb2NhdGlvbnMvd2VzdHVzL29wZXJhdGlvbnNTdGF0dXMvYjg1MzczZTQtNjZhNC00ZWY3LTk5ZmItOTQxNmQyMjY4ZTUxP2FwaS12ZXJzaW9uPTIwMjEtMDQtMTU=",
      "RequestMethod": "GET",
      "RequestBody": "",
      "RequestHeaders": {
        "x-ms-client-request-id": [
          "e165c38a-edc6-49f4-9ef7-3f59a238cceb"
        ],
        "User-Agent": [
          "FxVersion/4.6.29916.01",
          "OSName/Windows",
          "OSVersion/Microsoft.Windows.10.0.19043.",
          "Microsoft.Azure.Management.CosmosDB.CosmosDBManagementClient/3.0.0.0"
        ]
      },
      "ResponseHeaders": {
        "Cache-Control": [
          "no-store, no-cache"
        ],
        "Pragma": [
          "no-cache"
        ],
        "Strict-Transport-Security": [
          "max-age=31536000; includeSubDomains"
        ],
        "x-ms-gatewayversion": [
          "version=2.11.0"
        ],
        "Server": [
          "Microsoft-HTTPAPI/2.0"
        ],
        "x-ms-ratelimit-remaining-subscription-reads": [
          "11975"
        ],
        "x-ms-request-id": [
          "f26730e1-1776-4220-bd9a-7e18b5af682b"
        ],
        "x-ms-correlation-request-id": [
          "f26730e1-1776-4220-bd9a-7e18b5af682b"
        ],
        "x-ms-routing-request-id": [
          "WESTCENTRALUS:20210511T080815Z:f26730e1-1776-4220-bd9a-7e18b5af682b"
        ],
        "X-Content-Type-Options": [
          "nosniff"
        ],
        "Date": [
          "Tue, 11 May 2021 08:08:14 GMT"
        ],
        "Content-Length": [
          "21"
        ],
        "Content-Type": [
          "application/json"
        ]
      },
      "ResponseBody": "{\r\n  \"status\": \"Dequeued\"\r\n}",
      "StatusCode": 200
    },
    {
      "RequestUri": "/subscriptions/12053b8f-cab5-4f5c-9c1a-870580142abd/providers/Microsoft.DocumentDB/locations/westus/operationsStatus/b85373e4-66a4-4ef7-99fb-9416d2268e51?api-version=2021-04-15",
      "EncodedRequestUri": "L3N1YnNjcmlwdGlvbnMvMTIwNTNiOGYtY2FiNS00ZjVjLTljMWEtODcwNTgwMTQyYWJkL3Byb3ZpZGVycy9NaWNyb3NvZnQuRG9jdW1lbnREQi9sb2NhdGlvbnMvd2VzdHVzL29wZXJhdGlvbnNTdGF0dXMvYjg1MzczZTQtNjZhNC00ZWY3LTk5ZmItOTQxNmQyMjY4ZTUxP2FwaS12ZXJzaW9uPTIwMjEtMDQtMTU=",
      "RequestMethod": "GET",
      "RequestBody": "",
      "RequestHeaders": {
        "x-ms-client-request-id": [
          "e165c38a-edc6-49f4-9ef7-3f59a238cceb"
        ],
        "User-Agent": [
          "FxVersion/4.6.29916.01",
          "OSName/Windows",
          "OSVersion/Microsoft.Windows.10.0.19043.",
          "Microsoft.Azure.Management.CosmosDB.CosmosDBManagementClient/3.0.0.0"
        ]
      },
      "ResponseHeaders": {
        "Cache-Control": [
          "no-store, no-cache"
        ],
        "Pragma": [
          "no-cache"
        ],
        "Strict-Transport-Security": [
          "max-age=31536000; includeSubDomains"
        ],
        "x-ms-gatewayversion": [
          "version=2.11.0"
        ],
        "Server": [
          "Microsoft-HTTPAPI/2.0"
        ],
        "x-ms-ratelimit-remaining-subscription-reads": [
          "11974"
        ],
        "x-ms-request-id": [
          "26f6b3f7-697c-41e5-990a-82adc17af450"
        ],
        "x-ms-correlation-request-id": [
          "26f6b3f7-697c-41e5-990a-82adc17af450"
        ],
        "x-ms-routing-request-id": [
          "WESTCENTRALUS:20210511T080845Z:26f6b3f7-697c-41e5-990a-82adc17af450"
        ],
        "X-Content-Type-Options": [
          "nosniff"
        ],
        "Date": [
          "Tue, 11 May 2021 08:08:44 GMT"
        ],
        "Content-Length": [
          "21"
        ],
        "Content-Type": [
          "application/json"
        ]
      },
      "ResponseBody": "{\r\n  \"status\": \"Dequeued\"\r\n}",
      "StatusCode": 200
    },
    {
      "RequestUri": "/subscriptions/12053b8f-cab5-4f5c-9c1a-870580142abd/providers/Microsoft.DocumentDB/locations/westus/operationsStatus/b85373e4-66a4-4ef7-99fb-9416d2268e51?api-version=2021-04-15",
      "EncodedRequestUri": "L3N1YnNjcmlwdGlvbnMvMTIwNTNiOGYtY2FiNS00ZjVjLTljMWEtODcwNTgwMTQyYWJkL3Byb3ZpZGVycy9NaWNyb3NvZnQuRG9jdW1lbnREQi9sb2NhdGlvbnMvd2VzdHVzL29wZXJhdGlvbnNTdGF0dXMvYjg1MzczZTQtNjZhNC00ZWY3LTk5ZmItOTQxNmQyMjY4ZTUxP2FwaS12ZXJzaW9uPTIwMjEtMDQtMTU=",
      "RequestMethod": "GET",
      "RequestBody": "",
      "RequestHeaders": {
        "x-ms-client-request-id": [
          "e165c38a-edc6-49f4-9ef7-3f59a238cceb"
        ],
        "User-Agent": [
          "FxVersion/4.6.29916.01",
          "OSName/Windows",
          "OSVersion/Microsoft.Windows.10.0.19043.",
          "Microsoft.Azure.Management.CosmosDB.CosmosDBManagementClient/3.0.0.0"
        ]
      },
      "ResponseHeaders": {
        "Cache-Control": [
          "no-store, no-cache"
        ],
        "Pragma": [
          "no-cache"
        ],
        "Strict-Transport-Security": [
          "max-age=31536000; includeSubDomains"
        ],
        "x-ms-gatewayversion": [
          "version=2.11.0"
        ],
        "Server": [
          "Microsoft-HTTPAPI/2.0"
        ],
        "x-ms-ratelimit-remaining-subscription-reads": [
          "11973"
        ],
        "x-ms-request-id": [
          "8428d6c3-0a36-48fb-ae72-66b967956855"
        ],
        "x-ms-correlation-request-id": [
          "8428d6c3-0a36-48fb-ae72-66b967956855"
        ],
        "x-ms-routing-request-id": [
          "WESTCENTRALUS:20210511T080915Z:8428d6c3-0a36-48fb-ae72-66b967956855"
        ],
        "X-Content-Type-Options": [
          "nosniff"
        ],
        "Date": [
          "Tue, 11 May 2021 08:09:15 GMT"
        ],
        "Content-Length": [
          "21"
        ],
        "Content-Type": [
          "application/json"
        ]
      },
      "ResponseBody": "{\r\n  \"status\": \"Dequeued\"\r\n}",
      "StatusCode": 200
    },
    {
      "RequestUri": "/subscriptions/12053b8f-cab5-4f5c-9c1a-870580142abd/providers/Microsoft.DocumentDB/locations/westus/operationsStatus/b85373e4-66a4-4ef7-99fb-9416d2268e51?api-version=2021-04-15",
      "EncodedRequestUri": "L3N1YnNjcmlwdGlvbnMvMTIwNTNiOGYtY2FiNS00ZjVjLTljMWEtODcwNTgwMTQyYWJkL3Byb3ZpZGVycy9NaWNyb3NvZnQuRG9jdW1lbnREQi9sb2NhdGlvbnMvd2VzdHVzL29wZXJhdGlvbnNTdGF0dXMvYjg1MzczZTQtNjZhNC00ZWY3LTk5ZmItOTQxNmQyMjY4ZTUxP2FwaS12ZXJzaW9uPTIwMjEtMDQtMTU=",
      "RequestMethod": "GET",
      "RequestBody": "",
      "RequestHeaders": {
        "x-ms-client-request-id": [
          "e165c38a-edc6-49f4-9ef7-3f59a238cceb"
        ],
        "User-Agent": [
          "FxVersion/4.6.29916.01",
          "OSName/Windows",
          "OSVersion/Microsoft.Windows.10.0.19043.",
          "Microsoft.Azure.Management.CosmosDB.CosmosDBManagementClient/3.0.0.0"
        ]
      },
      "ResponseHeaders": {
        "Cache-Control": [
          "no-store, no-cache"
        ],
        "Pragma": [
          "no-cache"
        ],
        "Strict-Transport-Security": [
          "max-age=31536000; includeSubDomains"
        ],
        "x-ms-gatewayversion": [
          "version=2.11.0"
        ],
        "Server": [
          "Microsoft-HTTPAPI/2.0"
        ],
        "x-ms-ratelimit-remaining-subscription-reads": [
          "11972"
        ],
        "x-ms-request-id": [
          "02a6f43a-7f7e-40be-a0dc-ea5cab2b5f82"
        ],
        "x-ms-correlation-request-id": [
          "02a6f43a-7f7e-40be-a0dc-ea5cab2b5f82"
        ],
        "x-ms-routing-request-id": [
          "WESTCENTRALUS:20210511T080945Z:02a6f43a-7f7e-40be-a0dc-ea5cab2b5f82"
        ],
        "X-Content-Type-Options": [
          "nosniff"
        ],
        "Date": [
          "Tue, 11 May 2021 08:09:44 GMT"
        ],
        "Content-Length": [
          "21"
        ],
        "Content-Type": [
          "application/json"
        ]
      },
      "ResponseBody": "{\r\n  \"status\": \"Dequeued\"\r\n}",
      "StatusCode": 200
    },
    {
      "RequestUri": "/subscriptions/12053b8f-cab5-4f5c-9c1a-870580142abd/providers/Microsoft.DocumentDB/locations/westus/operationsStatus/b85373e4-66a4-4ef7-99fb-9416d2268e51?api-version=2021-04-15",
      "EncodedRequestUri": "L3N1YnNjcmlwdGlvbnMvMTIwNTNiOGYtY2FiNS00ZjVjLTljMWEtODcwNTgwMTQyYWJkL3Byb3ZpZGVycy9NaWNyb3NvZnQuRG9jdW1lbnREQi9sb2NhdGlvbnMvd2VzdHVzL29wZXJhdGlvbnNTdGF0dXMvYjg1MzczZTQtNjZhNC00ZWY3LTk5ZmItOTQxNmQyMjY4ZTUxP2FwaS12ZXJzaW9uPTIwMjEtMDQtMTU=",
      "RequestMethod": "GET",
      "RequestBody": "",
      "RequestHeaders": {
        "x-ms-client-request-id": [
          "e165c38a-edc6-49f4-9ef7-3f59a238cceb"
        ],
        "User-Agent": [
          "FxVersion/4.6.29916.01",
          "OSName/Windows",
          "OSVersion/Microsoft.Windows.10.0.19043.",
          "Microsoft.Azure.Management.CosmosDB.CosmosDBManagementClient/3.0.0.0"
        ]
      },
      "ResponseHeaders": {
        "Cache-Control": [
          "no-store, no-cache"
        ],
        "Pragma": [
          "no-cache"
        ],
        "Strict-Transport-Security": [
          "max-age=31536000; includeSubDomains"
        ],
        "x-ms-gatewayversion": [
          "version=2.11.0"
        ],
        "Server": [
          "Microsoft-HTTPAPI/2.0"
        ],
        "x-ms-ratelimit-remaining-subscription-reads": [
          "11971"
        ],
        "x-ms-request-id": [
          "401e48a6-562d-47b3-981e-f91645ef1255"
        ],
        "x-ms-correlation-request-id": [
          "401e48a6-562d-47b3-981e-f91645ef1255"
        ],
        "x-ms-routing-request-id": [
          "WESTCENTRALUS:20210511T081015Z:401e48a6-562d-47b3-981e-f91645ef1255"
        ],
        "X-Content-Type-Options": [
          "nosniff"
        ],
        "Date": [
          "Tue, 11 May 2021 08:10:14 GMT"
        ],
        "Content-Length": [
          "21"
        ],
        "Content-Type": [
          "application/json"
        ]
      },
      "ResponseBody": "{\r\n  \"status\": \"Dequeued\"\r\n}",
      "StatusCode": 200
    },
    {
      "RequestUri": "/subscriptions/12053b8f-cab5-4f5c-9c1a-870580142abd/providers/Microsoft.DocumentDB/locations/westus/operationsStatus/b85373e4-66a4-4ef7-99fb-9416d2268e51?api-version=2021-04-15",
      "EncodedRequestUri": "L3N1YnNjcmlwdGlvbnMvMTIwNTNiOGYtY2FiNS00ZjVjLTljMWEtODcwNTgwMTQyYWJkL3Byb3ZpZGVycy9NaWNyb3NvZnQuRG9jdW1lbnREQi9sb2NhdGlvbnMvd2VzdHVzL29wZXJhdGlvbnNTdGF0dXMvYjg1MzczZTQtNjZhNC00ZWY3LTk5ZmItOTQxNmQyMjY4ZTUxP2FwaS12ZXJzaW9uPTIwMjEtMDQtMTU=",
      "RequestMethod": "GET",
      "RequestBody": "",
      "RequestHeaders": {
        "x-ms-client-request-id": [
          "e165c38a-edc6-49f4-9ef7-3f59a238cceb"
        ],
        "User-Agent": [
          "FxVersion/4.6.29916.01",
          "OSName/Windows",
          "OSVersion/Microsoft.Windows.10.0.19043.",
          "Microsoft.Azure.Management.CosmosDB.CosmosDBManagementClient/3.0.0.0"
        ]
      },
      "ResponseHeaders": {
        "Cache-Control": [
          "no-store, no-cache"
        ],
        "Pragma": [
          "no-cache"
        ],
        "Strict-Transport-Security": [
          "max-age=31536000; includeSubDomains"
        ],
        "x-ms-gatewayversion": [
          "version=2.11.0"
        ],
        "Server": [
          "Microsoft-HTTPAPI/2.0"
        ],
        "x-ms-ratelimit-remaining-subscription-reads": [
          "11970"
        ],
        "x-ms-request-id": [
          "fdb4a8f1-53c3-479a-948c-08ce702250ad"
        ],
        "x-ms-correlation-request-id": [
          "fdb4a8f1-53c3-479a-948c-08ce702250ad"
        ],
        "x-ms-routing-request-id": [
          "WESTCENTRALUS:20210511T081045Z:fdb4a8f1-53c3-479a-948c-08ce702250ad"
        ],
        "X-Content-Type-Options": [
          "nosniff"
        ],
        "Date": [
          "Tue, 11 May 2021 08:10:44 GMT"
        ],
        "Content-Length": [
          "21"
        ],
        "Content-Type": [
          "application/json"
        ]
      },
      "ResponseBody": "{\r\n  \"status\": \"Dequeued\"\r\n}",
      "StatusCode": 200
    },
    {
      "RequestUri": "/subscriptions/12053b8f-cab5-4f5c-9c1a-870580142abd/providers/Microsoft.DocumentDB/locations/westus/operationsStatus/b85373e4-66a4-4ef7-99fb-9416d2268e51?api-version=2021-04-15",
      "EncodedRequestUri": "L3N1YnNjcmlwdGlvbnMvMTIwNTNiOGYtY2FiNS00ZjVjLTljMWEtODcwNTgwMTQyYWJkL3Byb3ZpZGVycy9NaWNyb3NvZnQuRG9jdW1lbnREQi9sb2NhdGlvbnMvd2VzdHVzL29wZXJhdGlvbnNTdGF0dXMvYjg1MzczZTQtNjZhNC00ZWY3LTk5ZmItOTQxNmQyMjY4ZTUxP2FwaS12ZXJzaW9uPTIwMjEtMDQtMTU=",
      "RequestMethod": "GET",
      "RequestBody": "",
      "RequestHeaders": {
        "x-ms-client-request-id": [
          "e165c38a-edc6-49f4-9ef7-3f59a238cceb"
        ],
        "User-Agent": [
          "FxVersion/4.6.29916.01",
          "OSName/Windows",
          "OSVersion/Microsoft.Windows.10.0.19043.",
          "Microsoft.Azure.Management.CosmosDB.CosmosDBManagementClient/3.0.0.0"
        ]
      },
      "ResponseHeaders": {
        "Cache-Control": [
          "no-store, no-cache"
        ],
        "Pragma": [
          "no-cache"
        ],
        "Strict-Transport-Security": [
          "max-age=31536000; includeSubDomains"
        ],
        "x-ms-gatewayversion": [
          "version=2.11.0"
        ],
        "Server": [
          "Microsoft-HTTPAPI/2.0"
        ],
        "x-ms-ratelimit-remaining-subscription-reads": [
          "11969"
        ],
        "x-ms-request-id": [
          "cf6d164f-f2fb-42fa-98a9-5fad8920a010"
        ],
        "x-ms-correlation-request-id": [
          "cf6d164f-f2fb-42fa-98a9-5fad8920a010"
        ],
        "x-ms-routing-request-id": [
          "WESTCENTRALUS:20210511T081115Z:cf6d164f-f2fb-42fa-98a9-5fad8920a010"
        ],
        "X-Content-Type-Options": [
          "nosniff"
        ],
        "Date": [
          "Tue, 11 May 2021 08:11:15 GMT"
        ],
        "Content-Length": [
          "21"
        ],
        "Content-Type": [
          "application/json"
        ]
      },
      "ResponseBody": "{\r\n  \"status\": \"Dequeued\"\r\n}",
      "StatusCode": 200
    },
    {
      "RequestUri": "/subscriptions/12053b8f-cab5-4f5c-9c1a-870580142abd/providers/Microsoft.DocumentDB/locations/westus/operationsStatus/b85373e4-66a4-4ef7-99fb-9416d2268e51?api-version=2021-04-15",
      "EncodedRequestUri": "L3N1YnNjcmlwdGlvbnMvMTIwNTNiOGYtY2FiNS00ZjVjLTljMWEtODcwNTgwMTQyYWJkL3Byb3ZpZGVycy9NaWNyb3NvZnQuRG9jdW1lbnREQi9sb2NhdGlvbnMvd2VzdHVzL29wZXJhdGlvbnNTdGF0dXMvYjg1MzczZTQtNjZhNC00ZWY3LTk5ZmItOTQxNmQyMjY4ZTUxP2FwaS12ZXJzaW9uPTIwMjEtMDQtMTU=",
      "RequestMethod": "GET",
      "RequestBody": "",
      "RequestHeaders": {
        "x-ms-client-request-id": [
          "e165c38a-edc6-49f4-9ef7-3f59a238cceb"
        ],
        "User-Agent": [
          "FxVersion/4.6.29916.01",
          "OSName/Windows",
          "OSVersion/Microsoft.Windows.10.0.19043.",
          "Microsoft.Azure.Management.CosmosDB.CosmosDBManagementClient/3.0.0.0"
        ]
      },
      "ResponseHeaders": {
        "Cache-Control": [
          "no-store, no-cache"
        ],
        "Pragma": [
          "no-cache"
        ],
        "Strict-Transport-Security": [
          "max-age=31536000; includeSubDomains"
        ],
        "x-ms-gatewayversion": [
          "version=2.11.0"
        ],
        "Server": [
          "Microsoft-HTTPAPI/2.0"
        ],
        "x-ms-ratelimit-remaining-subscription-reads": [
          "11968"
        ],
        "x-ms-request-id": [
          "512e3592-670a-4d71-b2bb-4e398e2f6ded"
        ],
        "x-ms-correlation-request-id": [
          "512e3592-670a-4d71-b2bb-4e398e2f6ded"
        ],
        "x-ms-routing-request-id": [
          "WESTCENTRALUS:20210511T081145Z:512e3592-670a-4d71-b2bb-4e398e2f6ded"
        ],
        "X-Content-Type-Options": [
          "nosniff"
        ],
        "Date": [
          "Tue, 11 May 2021 08:11:45 GMT"
        ],
        "Content-Length": [
          "21"
        ],
        "Content-Type": [
          "application/json"
        ]
      },
      "ResponseBody": "{\r\n  \"status\": \"Dequeued\"\r\n}",
      "StatusCode": 200
    },
    {
      "RequestUri": "/subscriptions/12053b8f-cab5-4f5c-9c1a-870580142abd/providers/Microsoft.DocumentDB/locations/westus/operationsStatus/b85373e4-66a4-4ef7-99fb-9416d2268e51?api-version=2021-04-15",
      "EncodedRequestUri": "L3N1YnNjcmlwdGlvbnMvMTIwNTNiOGYtY2FiNS00ZjVjLTljMWEtODcwNTgwMTQyYWJkL3Byb3ZpZGVycy9NaWNyb3NvZnQuRG9jdW1lbnREQi9sb2NhdGlvbnMvd2VzdHVzL29wZXJhdGlvbnNTdGF0dXMvYjg1MzczZTQtNjZhNC00ZWY3LTk5ZmItOTQxNmQyMjY4ZTUxP2FwaS12ZXJzaW9uPTIwMjEtMDQtMTU=",
      "RequestMethod": "GET",
      "RequestBody": "",
      "RequestHeaders": {
        "x-ms-client-request-id": [
          "e165c38a-edc6-49f4-9ef7-3f59a238cceb"
        ],
        "User-Agent": [
          "FxVersion/4.6.29916.01",
          "OSName/Windows",
          "OSVersion/Microsoft.Windows.10.0.19043.",
          "Microsoft.Azure.Management.CosmosDB.CosmosDBManagementClient/3.0.0.0"
        ]
      },
      "ResponseHeaders": {
        "Cache-Control": [
          "no-store, no-cache"
        ],
        "Pragma": [
          "no-cache"
        ],
        "Strict-Transport-Security": [
          "max-age=31536000; includeSubDomains"
        ],
        "x-ms-gatewayversion": [
          "version=2.11.0"
        ],
        "Server": [
          "Microsoft-HTTPAPI/2.0"
        ],
        "x-ms-ratelimit-remaining-subscription-reads": [
          "11967"
        ],
        "x-ms-request-id": [
          "9c7653f9-7888-4089-863f-9eb691bfa7cf"
        ],
        "x-ms-correlation-request-id": [
          "9c7653f9-7888-4089-863f-9eb691bfa7cf"
        ],
        "x-ms-routing-request-id": [
          "WESTCENTRALUS:20210511T081215Z:9c7653f9-7888-4089-863f-9eb691bfa7cf"
        ],
        "X-Content-Type-Options": [
          "nosniff"
        ],
        "Date": [
          "Tue, 11 May 2021 08:12:15 GMT"
        ],
        "Content-Length": [
          "21"
        ],
        "Content-Type": [
          "application/json"
        ]
      },
      "ResponseBody": "{\r\n  \"status\": \"Dequeued\"\r\n}",
      "StatusCode": 200
    },
    {
      "RequestUri": "/subscriptions/12053b8f-cab5-4f5c-9c1a-870580142abd/providers/Microsoft.DocumentDB/locations/westus/operationsStatus/b85373e4-66a4-4ef7-99fb-9416d2268e51?api-version=2021-04-15",
      "EncodedRequestUri": "L3N1YnNjcmlwdGlvbnMvMTIwNTNiOGYtY2FiNS00ZjVjLTljMWEtODcwNTgwMTQyYWJkL3Byb3ZpZGVycy9NaWNyb3NvZnQuRG9jdW1lbnREQi9sb2NhdGlvbnMvd2VzdHVzL29wZXJhdGlvbnNTdGF0dXMvYjg1MzczZTQtNjZhNC00ZWY3LTk5ZmItOTQxNmQyMjY4ZTUxP2FwaS12ZXJzaW9uPTIwMjEtMDQtMTU=",
      "RequestMethod": "GET",
      "RequestBody": "",
      "RequestHeaders": {
        "x-ms-client-request-id": [
          "e165c38a-edc6-49f4-9ef7-3f59a238cceb"
        ],
        "User-Agent": [
          "FxVersion/4.6.29916.01",
          "OSName/Windows",
          "OSVersion/Microsoft.Windows.10.0.19043.",
          "Microsoft.Azure.Management.CosmosDB.CosmosDBManagementClient/3.0.0.0"
        ]
      },
      "ResponseHeaders": {
        "Cache-Control": [
          "no-store, no-cache"
        ],
        "Pragma": [
          "no-cache"
        ],
        "Strict-Transport-Security": [
          "max-age=31536000; includeSubDomains"
        ],
        "x-ms-gatewayversion": [
          "version=2.11.0"
        ],
        "Server": [
          "Microsoft-HTTPAPI/2.0"
        ],
        "x-ms-ratelimit-remaining-subscription-reads": [
          "11966"
        ],
        "x-ms-request-id": [
          "2a58ccbd-1c49-40d8-8ea8-d5857f006b66"
        ],
        "x-ms-correlation-request-id": [
          "2a58ccbd-1c49-40d8-8ea8-d5857f006b66"
        ],
        "x-ms-routing-request-id": [
          "WESTCENTRALUS:20210511T081245Z:2a58ccbd-1c49-40d8-8ea8-d5857f006b66"
        ],
        "X-Content-Type-Options": [
          "nosniff"
        ],
        "Date": [
          "Tue, 11 May 2021 08:12:45 GMT"
        ],
        "Content-Length": [
          "21"
        ],
        "Content-Type": [
          "application/json"
        ]
      },
      "ResponseBody": "{\r\n  \"status\": \"Dequeued\"\r\n}",
      "StatusCode": 200
    },
    {
      "RequestUri": "/subscriptions/12053b8f-cab5-4f5c-9c1a-870580142abd/providers/Microsoft.DocumentDB/locations/westus/operationsStatus/b85373e4-66a4-4ef7-99fb-9416d2268e51?api-version=2021-04-15",
      "EncodedRequestUri": "L3N1YnNjcmlwdGlvbnMvMTIwNTNiOGYtY2FiNS00ZjVjLTljMWEtODcwNTgwMTQyYWJkL3Byb3ZpZGVycy9NaWNyb3NvZnQuRG9jdW1lbnREQi9sb2NhdGlvbnMvd2VzdHVzL29wZXJhdGlvbnNTdGF0dXMvYjg1MzczZTQtNjZhNC00ZWY3LTk5ZmItOTQxNmQyMjY4ZTUxP2FwaS12ZXJzaW9uPTIwMjEtMDQtMTU=",
      "RequestMethod": "GET",
      "RequestBody": "",
      "RequestHeaders": {
        "x-ms-client-request-id": [
          "e165c38a-edc6-49f4-9ef7-3f59a238cceb"
        ],
        "User-Agent": [
          "FxVersion/4.6.29916.01",
          "OSName/Windows",
          "OSVersion/Microsoft.Windows.10.0.19043.",
          "Microsoft.Azure.Management.CosmosDB.CosmosDBManagementClient/3.0.0.0"
        ]
      },
      "ResponseHeaders": {
        "Cache-Control": [
          "no-store, no-cache"
        ],
        "Pragma": [
          "no-cache"
        ],
        "Strict-Transport-Security": [
          "max-age=31536000; includeSubDomains"
        ],
        "x-ms-gatewayversion": [
          "version=2.11.0"
        ],
        "Server": [
          "Microsoft-HTTPAPI/2.0"
        ],
        "x-ms-ratelimit-remaining-subscription-reads": [
          "11965"
        ],
        "x-ms-request-id": [
          "fa8f657d-ebff-4058-a8c1-1737018ea570"
        ],
        "x-ms-correlation-request-id": [
          "fa8f657d-ebff-4058-a8c1-1737018ea570"
        ],
        "x-ms-routing-request-id": [
          "WESTCENTRALUS:20210511T081316Z:fa8f657d-ebff-4058-a8c1-1737018ea570"
        ],
        "X-Content-Type-Options": [
          "nosniff"
        ],
        "Date": [
          "Tue, 11 May 2021 08:13:15 GMT"
        ],
        "Content-Length": [
          "21"
        ],
        "Content-Type": [
          "application/json"
        ]
      },
      "ResponseBody": "{\r\n  \"status\": \"Dequeued\"\r\n}",
      "StatusCode": 200
    },
    {
      "RequestUri": "/subscriptions/12053b8f-cab5-4f5c-9c1a-870580142abd/providers/Microsoft.DocumentDB/locations/westus/operationsStatus/b85373e4-66a4-4ef7-99fb-9416d2268e51?api-version=2021-04-15",
      "EncodedRequestUri": "L3N1YnNjcmlwdGlvbnMvMTIwNTNiOGYtY2FiNS00ZjVjLTljMWEtODcwNTgwMTQyYWJkL3Byb3ZpZGVycy9NaWNyb3NvZnQuRG9jdW1lbnREQi9sb2NhdGlvbnMvd2VzdHVzL29wZXJhdGlvbnNTdGF0dXMvYjg1MzczZTQtNjZhNC00ZWY3LTk5ZmItOTQxNmQyMjY4ZTUxP2FwaS12ZXJzaW9uPTIwMjEtMDQtMTU=",
      "RequestMethod": "GET",
      "RequestBody": "",
      "RequestHeaders": {
        "x-ms-client-request-id": [
          "e165c38a-edc6-49f4-9ef7-3f59a238cceb"
        ],
        "User-Agent": [
          "FxVersion/4.6.29916.01",
          "OSName/Windows",
          "OSVersion/Microsoft.Windows.10.0.19043.",
          "Microsoft.Azure.Management.CosmosDB.CosmosDBManagementClient/3.0.0.0"
        ]
      },
      "ResponseHeaders": {
        "Cache-Control": [
          "no-store, no-cache"
        ],
        "Pragma": [
          "no-cache"
        ],
        "Strict-Transport-Security": [
          "max-age=31536000; includeSubDomains"
        ],
        "x-ms-gatewayversion": [
          "version=2.11.0"
        ],
        "Server": [
          "Microsoft-HTTPAPI/2.0"
        ],
        "x-ms-ratelimit-remaining-subscription-reads": [
          "11964"
        ],
        "x-ms-request-id": [
          "e5c246e7-b8dd-470e-9cdb-f50bf11b5dba"
        ],
        "x-ms-correlation-request-id": [
          "e5c246e7-b8dd-470e-9cdb-f50bf11b5dba"
        ],
        "x-ms-routing-request-id": [
          "WESTCENTRALUS:20210511T081346Z:e5c246e7-b8dd-470e-9cdb-f50bf11b5dba"
        ],
        "X-Content-Type-Options": [
          "nosniff"
        ],
        "Date": [
          "Tue, 11 May 2021 08:13:45 GMT"
        ],
        "Content-Length": [
          "21"
        ],
        "Content-Type": [
          "application/json"
        ]
      },
      "ResponseBody": "{\r\n  \"status\": \"Dequeued\"\r\n}",
      "StatusCode": 200
    },
    {
      "RequestUri": "/subscriptions/12053b8f-cab5-4f5c-9c1a-870580142abd/providers/Microsoft.DocumentDB/locations/westus/operationsStatus/b85373e4-66a4-4ef7-99fb-9416d2268e51?api-version=2021-04-15",
      "EncodedRequestUri": "L3N1YnNjcmlwdGlvbnMvMTIwNTNiOGYtY2FiNS00ZjVjLTljMWEtODcwNTgwMTQyYWJkL3Byb3ZpZGVycy9NaWNyb3NvZnQuRG9jdW1lbnREQi9sb2NhdGlvbnMvd2VzdHVzL29wZXJhdGlvbnNTdGF0dXMvYjg1MzczZTQtNjZhNC00ZWY3LTk5ZmItOTQxNmQyMjY4ZTUxP2FwaS12ZXJzaW9uPTIwMjEtMDQtMTU=",
      "RequestMethod": "GET",
      "RequestBody": "",
      "RequestHeaders": {
        "x-ms-client-request-id": [
          "e165c38a-edc6-49f4-9ef7-3f59a238cceb"
        ],
        "User-Agent": [
          "FxVersion/4.6.29916.01",
          "OSName/Windows",
          "OSVersion/Microsoft.Windows.10.0.19043.",
          "Microsoft.Azure.Management.CosmosDB.CosmosDBManagementClient/3.0.0.0"
        ]
      },
      "ResponseHeaders": {
        "Cache-Control": [
          "no-store, no-cache"
        ],
        "Pragma": [
          "no-cache"
        ],
        "Strict-Transport-Security": [
          "max-age=31536000; includeSubDomains"
        ],
        "x-ms-gatewayversion": [
          "version=2.11.0"
        ],
        "Server": [
          "Microsoft-HTTPAPI/2.0"
        ],
        "x-ms-ratelimit-remaining-subscription-reads": [
          "11963"
        ],
        "x-ms-request-id": [
          "aa6a5459-70cb-4ea2-bef4-f281e07a55d0"
        ],
        "x-ms-correlation-request-id": [
          "aa6a5459-70cb-4ea2-bef4-f281e07a55d0"
        ],
        "x-ms-routing-request-id": [
          "WESTCENTRALUS:20210511T081416Z:aa6a5459-70cb-4ea2-bef4-f281e07a55d0"
        ],
        "X-Content-Type-Options": [
          "nosniff"
        ],
        "Date": [
          "Tue, 11 May 2021 08:14:16 GMT"
        ],
        "Content-Length": [
          "21"
        ],
        "Content-Type": [
          "application/json"
        ]
      },
      "ResponseBody": "{\r\n  \"status\": \"Dequeued\"\r\n}",
      "StatusCode": 200
    },
    {
      "RequestUri": "/subscriptions/12053b8f-cab5-4f5c-9c1a-870580142abd/providers/Microsoft.DocumentDB/locations/westus/operationsStatus/b85373e4-66a4-4ef7-99fb-9416d2268e51?api-version=2021-04-15",
      "EncodedRequestUri": "L3N1YnNjcmlwdGlvbnMvMTIwNTNiOGYtY2FiNS00ZjVjLTljMWEtODcwNTgwMTQyYWJkL3Byb3ZpZGVycy9NaWNyb3NvZnQuRG9jdW1lbnREQi9sb2NhdGlvbnMvd2VzdHVzL29wZXJhdGlvbnNTdGF0dXMvYjg1MzczZTQtNjZhNC00ZWY3LTk5ZmItOTQxNmQyMjY4ZTUxP2FwaS12ZXJzaW9uPTIwMjEtMDQtMTU=",
      "RequestMethod": "GET",
      "RequestBody": "",
      "RequestHeaders": {
        "x-ms-client-request-id": [
          "e165c38a-edc6-49f4-9ef7-3f59a238cceb"
        ],
        "User-Agent": [
          "FxVersion/4.6.29916.01",
          "OSName/Windows",
          "OSVersion/Microsoft.Windows.10.0.19043.",
          "Microsoft.Azure.Management.CosmosDB.CosmosDBManagementClient/3.0.0.0"
        ]
      },
      "ResponseHeaders": {
        "Cache-Control": [
          "no-store, no-cache"
        ],
        "Pragma": [
          "no-cache"
        ],
        "Strict-Transport-Security": [
          "max-age=31536000; includeSubDomains"
        ],
        "x-ms-gatewayversion": [
          "version=2.11.0"
        ],
        "Server": [
          "Microsoft-HTTPAPI/2.0"
        ],
        "x-ms-ratelimit-remaining-subscription-reads": [
          "11962"
        ],
        "x-ms-request-id": [
          "5bd0841b-6c85-47d5-9633-f5b866a50713"
        ],
        "x-ms-correlation-request-id": [
          "5bd0841b-6c85-47d5-9633-f5b866a50713"
        ],
        "x-ms-routing-request-id": [
          "WESTCENTRALUS:20210511T081446Z:5bd0841b-6c85-47d5-9633-f5b866a50713"
        ],
        "X-Content-Type-Options": [
          "nosniff"
        ],
        "Date": [
          "Tue, 11 May 2021 08:14:46 GMT"
        ],
        "Content-Length": [
          "22"
        ],
        "Content-Type": [
          "application/json"
        ]
      },
      "ResponseBody": "{\r\n  \"status\": \"Succeeded\"\r\n}",
      "StatusCode": 200
    },
    {
      "RequestUri": "/subscriptions/12053b8f-cab5-4f5c-9c1a-870580142abd/providers/Microsoft.DocumentDB/locations/westus/operationResults/b85373e4-66a4-4ef7-99fb-9416d2268e51?api-version=2021-04-15",
      "EncodedRequestUri": "L3N1YnNjcmlwdGlvbnMvMTIwNTNiOGYtY2FiNS00ZjVjLTljMWEtODcwNTgwMTQyYWJkL3Byb3ZpZGVycy9NaWNyb3NvZnQuRG9jdW1lbnREQi9sb2NhdGlvbnMvd2VzdHVzL29wZXJhdGlvblJlc3VsdHMvYjg1MzczZTQtNjZhNC00ZWY3LTk5ZmItOTQxNmQyMjY4ZTUxP2FwaS12ZXJzaW9uPTIwMjEtMDQtMTU=",
      "RequestMethod": "GET",
      "RequestBody": "",
      "RequestHeaders": {
        "x-ms-client-request-id": [
          "e165c38a-edc6-49f4-9ef7-3f59a238cceb"
        ],
        "User-Agent": [
          "FxVersion/4.6.29916.01",
          "OSName/Windows",
          "OSVersion/Microsoft.Windows.10.0.19043.",
          "Microsoft.Azure.Management.CosmosDB.CosmosDBManagementClient/3.0.0.0"
        ]
      },
      "ResponseHeaders": {
        "Cache-Control": [
          "no-store, no-cache"
        ],
        "Pragma": [
          "no-cache"
        ],
        "Strict-Transport-Security": [
          "max-age=31536000; includeSubDomains"
        ],
        "x-ms-activity-id": [
          "e165c38a-edc6-49f4-9ef7-3f59a238cceb"
        ],
        "Server": [
          "Microsoft-HTTPAPI/2.0"
        ],
        "x-ms-ratelimit-remaining-subscription-reads": [
          "11961"
        ],
        "x-ms-request-id": [
          "cc3f1b4e-5da6-481a-a583-cf941c6e5897"
        ],
        "x-ms-correlation-request-id": [
          "cc3f1b4e-5da6-481a-a583-cf941c6e5897"
        ],
        "x-ms-routing-request-id": [
          "WESTCENTRALUS:20210511T081446Z:cc3f1b4e-5da6-481a-a583-cf941c6e5897"
        ],
        "X-Content-Type-Options": [
          "nosniff"
        ],
        "Date": [
          "Tue, 11 May 2021 08:14:46 GMT"
        ],
        "Content-Length": [
          "0"
        ]
      },
      "ResponseBody": "",
      "StatusCode": 200
    }
  ],
  "Names": {},
  "Variables": {
    "SubscriptionId": "12053b8f-cab5-4f5c-9c1a-870580142abd"
  }
}