{
  "Entries": [
    {
      "RequestUri": "/subscriptions/c9cbd920-c00c-427c-852b-8aaf38badaeb/resourcegroups/movecircuit?api-version=2017-05-10",
      "EncodedRequestUri": "L3N1YnNjcmlwdGlvbnMvYzljYmQ5MjAtYzAwYy00MjdjLTg1MmItOGFhZjM4YmFkYWViL3Jlc291cmNlZ3JvdXBzL21vdmVjaXJjdWl0P2FwaS12ZXJzaW9uPTIwMTctMDUtMTA=",
      "RequestMethod": "HEAD",
      "RequestBody": "",
      "RequestHeaders": {
        "x-ms-client-request-id": [
          "f8b17cf0-461e-44ec-9c78-7aa52945a04e"
        ],
        "accept-language": [
          "en-US"
        ],
        "User-Agent": [
          "FxVersion/4.7.2633.0",
          "OSName/Windows10Enterprise",
          "OSVersion/6.3.16299",
          "Microsoft.Azure.Management.ResourceManager.ResourceManagementClient/1.6.0.0"
        ]
      },
      "ResponseBody": "",
      "ResponseHeaders": {
        "Content-Length": [
          "103"
        ],
        "Content-Type": [
          "application/json; charset=utf-8"
        ],
        "Expires": [
          "-1"
        ],
        "Pragma": [
          "no-cache"
        ],
        "x-ms-failure-cause": [
          "gateway"
        ],
        "x-ms-ratelimit-remaining-subscription-reads": [
          "11971"
        ],
        "x-ms-request-id": [
          "38e2003a-6875-4486-a4b6-be5d0a48fb64"
        ],
        "x-ms-correlation-request-id": [
          "38e2003a-6875-4486-a4b6-be5d0a48fb64"
        ],
        "x-ms-routing-request-id": [
          "WESTUS2:20180824T025656Z:38e2003a-6875-4486-a4b6-be5d0a48fb64"
        ],
        "Strict-Transport-Security": [
          "max-age=31536000; includeSubDomains"
        ],
        "X-Content-Type-Options": [
          "nosniff"
        ],
        "Cache-Control": [
          "no-cache"
        ],
        "Date": [
          "Fri, 24 Aug 2018 02:56:55 GMT"
        ]
      },
      "StatusCode": 404
    },
    {
      "RequestUri": "/subscriptions/c9cbd920-c00c-427c-852b-8aaf38badaeb/resourcegroups/movecircuit?api-version=2017-05-10",
      "EncodedRequestUri": "L3N1YnNjcmlwdGlvbnMvYzljYmQ5MjAtYzAwYy00MjdjLTg1MmItOGFhZjM4YmFkYWViL3Jlc291cmNlZ3JvdXBzL21vdmVjaXJjdWl0P2FwaS12ZXJzaW9uPTIwMTctMDUtMTA=",
      "RequestMethod": "HEAD",
      "RequestBody": "",
      "RequestHeaders": {
        "x-ms-client-request-id": [
          "24209514-00e6-4b1e-ac20-fb4ae486ce07"
        ],
        "accept-language": [
          "en-US"
        ],
        "User-Agent": [
          "FxVersion/4.7.2633.0",
          "OSName/Windows10Enterprise",
          "OSVersion/6.3.16299",
          "Microsoft.Azure.Management.ResourceManager.ResourceManagementClient/1.6.0.0"
        ]
      },
      "ResponseBody": "",
      "ResponseHeaders": {
        "Content-Length": [
          "0"
        ],
        "Expires": [
          "-1"
        ],
        "Pragma": [
          "no-cache"
        ],
        "x-ms-ratelimit-remaining-subscription-reads": [
          "11999"
        ],
        "x-ms-request-id": [
          "9bd44812-04ab-480a-b4ef-97aa38c8805e"
        ],
        "x-ms-correlation-request-id": [
          "9bd44812-04ab-480a-b4ef-97aa38c8805e"
        ],
        "x-ms-routing-request-id": [
          "WESTUS2:20180824T025943Z:9bd44812-04ab-480a-b4ef-97aa38c8805e"
        ],
        "Strict-Transport-Security": [
          "max-age=31536000; includeSubDomains"
        ],
        "X-Content-Type-Options": [
          "nosniff"
        ],
        "Cache-Control": [
          "no-cache"
        ],
        "Date": [
          "Fri, 24 Aug 2018 02:59:42 GMT"
        ]
      },
      "StatusCode": 204
    },
    {
      "RequestUri": "/subscriptions/c9cbd920-c00c-427c-852b-8aaf38badaeb/resourcegroups/movecircuit?api-version=2017-05-10",
      "EncodedRequestUri": "L3N1YnNjcmlwdGlvbnMvYzljYmQ5MjAtYzAwYy00MjdjLTg1MmItOGFhZjM4YmFkYWViL3Jlc291cmNlZ3JvdXBzL21vdmVjaXJjdWl0P2FwaS12ZXJzaW9uPTIwMTctMDUtMTA=",
      "RequestMethod": "PUT",
      "RequestBody": "{\r\n  \"location\": \"brazilSouth\"\r\n}",
      "RequestHeaders": {
        "Content-Type": [
          "application/json; charset=utf-8"
        ],
        "Content-Length": [
          "33"
        ],
        "x-ms-client-request-id": [
          "29c8442e-e286-4fbf-8d3a-1858cf308786"
        ],
        "accept-language": [
          "en-US"
        ],
        "User-Agent": [
          "FxVersion/4.7.2633.0",
          "OSName/Windows10Enterprise",
          "OSVersion/6.3.16299",
          "Microsoft.Azure.Management.ResourceManager.ResourceManagementClient/1.6.0.0"
        ]
      },
      "ResponseBody": "{\r\n  \"id\": \"/subscriptions/c9cbd920-c00c-427c-852b-8aaf38badaeb/resourceGroups/movecircuit\",\r\n  \"name\": \"movecircuit\",\r\n  \"location\": \"brazilsouth\",\r\n  \"properties\": {\r\n    \"provisioningState\": \"Succeeded\"\r\n  }\r\n}",
      "ResponseHeaders": {
        "Content-Length": [
          "180"
        ],
        "Content-Type": [
          "application/json; charset=utf-8"
        ],
        "Expires": [
          "-1"
        ],
        "Pragma": [
          "no-cache"
        ],
        "x-ms-ratelimit-remaining-subscription-writes": [
          "1193"
        ],
        "x-ms-request-id": [
          "b45ba1aa-d54c-4fa6-a980-fb04f5185264"
        ],
        "x-ms-correlation-request-id": [
          "b45ba1aa-d54c-4fa6-a980-fb04f5185264"
        ],
        "x-ms-routing-request-id": [
          "WESTUS2:20180824T025659Z:b45ba1aa-d54c-4fa6-a980-fb04f5185264"
        ],
        "Strict-Transport-Security": [
          "max-age=31536000; includeSubDomains"
        ],
        "X-Content-Type-Options": [
          "nosniff"
        ],
        "Cache-Control": [
          "no-cache"
        ],
        "Date": [
          "Fri, 24 Aug 2018 02:56:59 GMT"
        ]
      },
      "StatusCode": 201
    },
    {
      "RequestUri": "/subscriptions/c9cbd920-c00c-427c-852b-8aaf38badaeb/resourceGroups/movecircuit/providers/Microsoft.Network/expressRouteCircuits/ps9589?api-version=2017-10-01",
      "EncodedRequestUri": "L3N1YnNjcmlwdGlvbnMvYzljYmQ5MjAtYzAwYy00MjdjLTg1MmItOGFhZjM4YmFkYWViL3Jlc291cmNlR3JvdXBzL21vdmVjaXJjdWl0L3Byb3ZpZGVycy9NaWNyb3NvZnQuTmV0d29yay9leHByZXNzUm91dGVDaXJjdWl0cy9wczk1ODk/YXBpLXZlcnNpb249MjAxNy0xMC0wMQ==",
      "RequestMethod": "GET",
      "RequestBody": "",
      "RequestHeaders": {
        "x-ms-client-request-id": [
          "1fe731fd-3a7d-4183-bc00-1cf34c7c3d81"
        ],
        "accept-language": [
          "en-US"
        ],
        "User-Agent": [
          "FxVersion/4.7.2633.0",
          "OSName/Windows10Enterprise",
          "OSVersion/6.3.16299",
          "Microsoft.Azure.Management.Network.NetworkManagementClient/16.1.0.0"
        ]
      },
      "ResponseBody": "{\r\n  \"error\": {\r\n    \"code\": \"ResourceNotFound\",\r\n    \"message\": \"The Resource 'Microsoft.Network/expressRouteCircuits/ps9589' under resource group 'movecircuit' was not found.\"\r\n  }\r\n}",
      "ResponseHeaders": {
        "Content-Length": [
          "160"
        ],
        "Content-Type": [
          "application/json; charset=utf-8"
        ],
        "Expires": [
          "-1"
        ],
        "Pragma": [
          "no-cache"
        ],
        "x-ms-failure-cause": [
          "gateway"
        ],
        "x-ms-request-id": [
          "a7f7d032-63ea-4678-bfbd-4275d8b633f0"
        ],
        "x-ms-correlation-request-id": [
          "a7f7d032-63ea-4678-bfbd-4275d8b633f0"
        ],
        "x-ms-routing-request-id": [
          "WESTUS2:20180824T025700Z:a7f7d032-63ea-4678-bfbd-4275d8b633f0"
        ],
        "Strict-Transport-Security": [
          "max-age=31536000; includeSubDomains"
        ],
        "X-Content-Type-Options": [
          "nosniff"
        ],
        "Cache-Control": [
          "no-cache"
        ],
        "Date": [
          "Fri, 24 Aug 2018 02:57:00 GMT"
        ]
      },
      "StatusCode": 404
    },
    {
      "RequestUri": "/subscriptions/c9cbd920-c00c-427c-852b-8aaf38badaeb/resourceGroups/movecircuit/providers/Microsoft.Network/expressRouteCircuits/ps9589?api-version=2017-10-01",
      "EncodedRequestUri": "L3N1YnNjcmlwdGlvbnMvYzljYmQ5MjAtYzAwYy00MjdjLTg1MmItOGFhZjM4YmFkYWViL3Jlc291cmNlR3JvdXBzL21vdmVjaXJjdWl0L3Byb3ZpZGVycy9NaWNyb3NvZnQuTmV0d29yay9leHByZXNzUm91dGVDaXJjdWl0cy9wczk1ODk/YXBpLXZlcnNpb249MjAxNy0xMC0wMQ==",
      "RequestMethod": "GET",
      "RequestBody": "",
      "RequestHeaders": {
        "User-Agent": [
          "FxVersion/4.7.2633.0",
          "OSName/Windows10Enterprise",
          "OSVersion/6.3.16299",
          "Microsoft.Azure.Management.Network.NetworkManagementClient/16.1.0.0"
        ]
      },
      "ResponseBody": "{\r\n  \"name\": \"ps9589\",\r\n  \"id\": \"/subscriptions/c9cbd920-c00c-427c-852b-8aaf38badaeb/resourceGroups/movecircuit/providers/Microsoft.Network/expressRouteCircuits/ps9589\",\r\n  \"etag\": \"W/\\\"3c3e6433-06ea-43a9-b5e8-eab949a7b6f0\\\"\",\r\n  \"type\": \"Microsoft.Network/expressRouteCircuits\",\r\n  \"location\": \"brazilsouth\",\r\n  \"properties\": {\r\n    \"provisioningState\": \"Succeeded\",\r\n    \"resourceGuid\": \"30a6d724-75e2-4ae1-981a-3b7949c1f5e8\",\r\n    \"peerings\": [],\r\n    \"authorizations\": [],\r\n    \"serviceProviderProperties\": {\r\n      \"serviceProviderName\": \"equinix\",\r\n      \"peeringLocation\": \"Silicon Valley\",\r\n      \"bandwidthInMbps\": 500\r\n    },\r\n    \"circuitProvisioningState\": \"Enabled\",\r\n    \"allowClassicOperations\": true,\r\n    \"gatewayManagerEtag\": \"\",\r\n    \"serviceKey\": \"8bc3623a-d9ad-4a1c-8d69-1c23e26afde0\",\r\n    \"serviceProviderProvisioningState\": \"NotProvisioned\"\r\n  },\r\n  \"sku\": {\r\n    \"name\": \"Standard_MeteredData\",\r\n    \"tier\": \"Standard\",\r\n    \"family\": \"MeteredData\"\r\n  }\r\n}",
      "ResponseHeaders": {
        "Content-Length": [
          "981"
        ],
        "Content-Type": [
          "application/json; charset=utf-8"
        ],
        "Expires": [
          "-1"
        ],
        "Pragma": [
          "no-cache"
        ],
        "x-ms-request-id": [
          "50a55fa0-5b39-4439-9777-98edce49d31c"
        ],
        "x-ms-correlation-request-id": [
          "71a55a78-a5d1-4aca-be7f-d7c07d5999fb"
        ],
        "Strict-Transport-Security": [
          "max-age=31536000; includeSubDomains"
        ],
        "Cache-Control": [
          "no-cache"
        ],
        "Server": [
          "Microsoft-HTTPAPI/2.0",
          "Microsoft-HTTPAPI/2.0"
        ],
        "x-ms-ratelimit-remaining-subscription-reads": [
          "11968"
        ],
        "x-ms-routing-request-id": [
          "WESTUS2:20180824T025740Z:71a55a78-a5d1-4aca-be7f-d7c07d5999fb"
        ],
        "X-Content-Type-Options": [
          "nosniff"
        ],
        "Date": [
          "Fri, 24 Aug 2018 02:57:39 GMT"
        ]
      },
      "StatusCode": 200
    },
    {
      "RequestUri": "/subscriptions/c9cbd920-c00c-427c-852b-8aaf38badaeb/resourceGroups/movecircuit/providers/Microsoft.Network/expressRouteCircuits/ps9589?api-version=2017-10-01",
      "EncodedRequestUri": "L3N1YnNjcmlwdGlvbnMvYzljYmQ5MjAtYzAwYy00MjdjLTg1MmItOGFhZjM4YmFkYWViL3Jlc291cmNlR3JvdXBzL21vdmVjaXJjdWl0L3Byb3ZpZGVycy9NaWNyb3NvZnQuTmV0d29yay9leHByZXNzUm91dGVDaXJjdWl0cy9wczk1ODk/YXBpLXZlcnNpb249MjAxNy0xMC0wMQ==",
      "RequestMethod": "GET",
      "RequestBody": "",
      "RequestHeaders": {
        "x-ms-client-request-id": [
          "fc6cf820-18a5-446c-ad02-0a6786672cd1"
        ],
        "accept-language": [
          "en-US"
        ],
        "User-Agent": [
          "FxVersion/4.7.2633.0",
          "OSName/Windows10Enterprise",
          "OSVersion/6.3.16299",
          "Microsoft.Azure.Management.Network.NetworkManagementClient/16.1.0.0"
        ]
      },
      "ResponseBody": "{\r\n  \"name\": \"ps9589\",\r\n  \"id\": \"/subscriptions/c9cbd920-c00c-427c-852b-8aaf38badaeb/resourceGroups/movecircuit/providers/Microsoft.Network/expressRouteCircuits/ps9589\",\r\n  \"etag\": \"W/\\\"3c3e6433-06ea-43a9-b5e8-eab949a7b6f0\\\"\",\r\n  \"type\": \"Microsoft.Network/expressRouteCircuits\",\r\n  \"location\": \"brazilsouth\",\r\n  \"properties\": {\r\n    \"provisioningState\": \"Succeeded\",\r\n    \"resourceGuid\": \"30a6d724-75e2-4ae1-981a-3b7949c1f5e8\",\r\n    \"peerings\": [],\r\n    \"authorizations\": [],\r\n    \"serviceProviderProperties\": {\r\n      \"serviceProviderName\": \"equinix\",\r\n      \"peeringLocation\": \"Silicon Valley\",\r\n      \"bandwidthInMbps\": 500\r\n    },\r\n    \"circuitProvisioningState\": \"Enabled\",\r\n    \"allowClassicOperations\": true,\r\n    \"gatewayManagerEtag\": \"\",\r\n    \"serviceKey\": \"8bc3623a-d9ad-4a1c-8d69-1c23e26afde0\",\r\n    \"serviceProviderProvisioningState\": \"NotProvisioned\"\r\n  },\r\n  \"sku\": {\r\n    \"name\": \"Standard_MeteredData\",\r\n    \"tier\": \"Standard\",\r\n    \"family\": \"MeteredData\"\r\n  }\r\n}",
      "ResponseHeaders": {
        "Content-Length": [
          "981"
        ],
        "Content-Type": [
          "application/json; charset=utf-8"
        ],
        "Expires": [
          "-1"
        ],
        "Pragma": [
          "no-cache"
        ],
        "x-ms-request-id": [
          "b7ba23ff-3724-4af8-a949-32d7c5f0943f"
        ],
        "x-ms-correlation-request-id": [
          "1cdbab29-ceef-4a2a-931d-288c13e4d429"
        ],
        "Strict-Transport-Security": [
          "max-age=31536000; includeSubDomains"
        ],
        "Cache-Control": [
          "no-cache"
        ],
        "Server": [
          "Microsoft-HTTPAPI/2.0",
          "Microsoft-HTTPAPI/2.0"
        ],
        "x-ms-ratelimit-remaining-subscription-reads": [
          "11967"
        ],
        "x-ms-routing-request-id": [
          "WESTUS2:20180824T025741Z:1cdbab29-ceef-4a2a-931d-288c13e4d429"
        ],
        "X-Content-Type-Options": [
          "nosniff"
        ],
        "Date": [
          "Fri, 24 Aug 2018 02:57:40 GMT"
        ]
      },
      "StatusCode": 200
    },
    {
      "RequestUri": "/subscriptions/c9cbd920-c00c-427c-852b-8aaf38badaeb/resourceGroups/movecircuit/providers/Microsoft.Network/expressRouteCircuits/ps9589?api-version=2017-10-01",
      "EncodedRequestUri": "L3N1YnNjcmlwdGlvbnMvYzljYmQ5MjAtYzAwYy00MjdjLTg1MmItOGFhZjM4YmFkYWViL3Jlc291cmNlR3JvdXBzL21vdmVjaXJjdWl0L3Byb3ZpZGVycy9NaWNyb3NvZnQuTmV0d29yay9leHByZXNzUm91dGVDaXJjdWl0cy9wczk1ODk/YXBpLXZlcnNpb249MjAxNy0xMC0wMQ==",
      "RequestMethod": "GET",
      "RequestBody": "",
      "RequestHeaders": {
        "x-ms-client-request-id": [
          "9f066b81-6bc2-4d6a-81c9-1efb88edc8c8"
        ],
        "accept-language": [
          "en-US"
        ],
        "User-Agent": [
          "FxVersion/4.7.2633.0",
          "OSName/Windows10Enterprise",
          "OSVersion/6.3.16299",
          "Microsoft.Azure.Management.Network.NetworkManagementClient/16.1.0.0"
        ]
      },
      "ResponseBody": "{\r\n  \"name\": \"ps9589\",\r\n  \"id\": \"/subscriptions/c9cbd920-c00c-427c-852b-8aaf38badaeb/resourceGroups/movecircuit/providers/Microsoft.Network/expressRouteCircuits/ps9589\",\r\n  \"etag\": \"W/\\\"3c3e6433-06ea-43a9-b5e8-eab949a7b6f0\\\"\",\r\n  \"type\": \"Microsoft.Network/expressRouteCircuits\",\r\n  \"location\": \"brazilsouth\",\r\n  \"properties\": {\r\n    \"provisioningState\": \"Succeeded\",\r\n    \"resourceGuid\": \"30a6d724-75e2-4ae1-981a-3b7949c1f5e8\",\r\n    \"peerings\": [],\r\n    \"authorizations\": [],\r\n    \"serviceProviderProperties\": {\r\n      \"serviceProviderName\": \"equinix\",\r\n      \"peeringLocation\": \"Silicon Valley\",\r\n      \"bandwidthInMbps\": 500\r\n    },\r\n    \"circuitProvisioningState\": \"Enabled\",\r\n    \"allowClassicOperations\": true,\r\n    \"gatewayManagerEtag\": \"\",\r\n    \"serviceKey\": \"8bc3623a-d9ad-4a1c-8d69-1c23e26afde0\",\r\n    \"serviceProviderProvisioningState\": \"NotProvisioned\"\r\n  },\r\n  \"sku\": {\r\n    \"name\": \"Standard_MeteredData\",\r\n    \"tier\": \"Standard\",\r\n    \"family\": \"MeteredData\"\r\n  }\r\n}",
      "ResponseHeaders": {
        "Content-Length": [
          "981"
        ],
        "Content-Type": [
          "application/json; charset=utf-8"
        ],
        "Expires": [
          "-1"
        ],
        "Pragma": [
          "no-cache"
        ],
        "x-ms-request-id": [
          "4e99fba7-30c9-4f54-81ee-730f96221cb5"
        ],
        "x-ms-correlation-request-id": [
          "f8b499e9-bbe2-4dc2-8fc3-fd5e34394274"
        ],
        "Strict-Transport-Security": [
          "max-age=31536000; includeSubDomains"
        ],
        "Cache-Control": [
          "no-cache"
        ],
        "Server": [
          "Microsoft-HTTPAPI/2.0",
          "Microsoft-HTTPAPI/2.0"
        ],
        "x-ms-ratelimit-remaining-subscription-reads": [
          "11966"
        ],
        "x-ms-routing-request-id": [
          "WESTUS2:20180824T025742Z:f8b499e9-bbe2-4dc2-8fc3-fd5e34394274"
        ],
        "X-Content-Type-Options": [
          "nosniff"
        ],
        "Date": [
          "Fri, 24 Aug 2018 02:57:42 GMT"
        ]
      },
      "StatusCode": 200
    },
    {
      "RequestUri": "/subscriptions/c9cbd920-c00c-427c-852b-8aaf38badaeb/resourceGroups/movecircuit/providers/Microsoft.Network/expressRouteCircuits/ps9589?api-version=2017-10-01",
      "EncodedRequestUri": "L3N1YnNjcmlwdGlvbnMvYzljYmQ5MjAtYzAwYy00MjdjLTg1MmItOGFhZjM4YmFkYWViL3Jlc291cmNlR3JvdXBzL21vdmVjaXJjdWl0L3Byb3ZpZGVycy9NaWNyb3NvZnQuTmV0d29yay9leHByZXNzUm91dGVDaXJjdWl0cy9wczk1ODk/YXBpLXZlcnNpb249MjAxNy0xMC0wMQ==",
      "RequestMethod": "GET",
      "RequestBody": "",
      "RequestHeaders": {
        "x-ms-client-request-id": [
          "be8d3237-9a7b-488e-9376-e46b6e04411d"
        ],
        "accept-language": [
          "en-US"
        ],
        "User-Agent": [
          "FxVersion/4.7.2633.0",
          "OSName/Windows10Enterprise",
          "OSVersion/6.3.16299",
          "Microsoft.Azure.Management.Network.NetworkManagementClient/16.1.0.0"
        ]
      },
      "ResponseBody": "{\r\n  \"name\": \"ps9589\",\r\n  \"id\": \"/subscriptions/c9cbd920-c00c-427c-852b-8aaf38badaeb/resourceGroups/movecircuit/providers/Microsoft.Network/expressRouteCircuits/ps9589\",\r\n  \"etag\": \"W/\\\"3c3e6433-06ea-43a9-b5e8-eab949a7b6f0\\\"\",\r\n  \"type\": \"Microsoft.Network/expressRouteCircuits\",\r\n  \"location\": \"brazilsouth\",\r\n  \"properties\": {\r\n    \"provisioningState\": \"Succeeded\",\r\n    \"resourceGuid\": \"30a6d724-75e2-4ae1-981a-3b7949c1f5e8\",\r\n    \"peerings\": [],\r\n    \"authorizations\": [],\r\n    \"serviceProviderProperties\": {\r\n      \"serviceProviderName\": \"equinix\",\r\n      \"peeringLocation\": \"Silicon Valley\",\r\n      \"bandwidthInMbps\": 500\r\n    },\r\n    \"circuitProvisioningState\": \"Enabled\",\r\n    \"allowClassicOperations\": true,\r\n    \"gatewayManagerEtag\": \"\",\r\n    \"serviceKey\": \"8bc3623a-d9ad-4a1c-8d69-1c23e26afde0\",\r\n    \"serviceProviderProvisioningState\": \"NotProvisioned\"\r\n  },\r\n  \"sku\": {\r\n    \"name\": \"Standard_MeteredData\",\r\n    \"tier\": \"Standard\",\r\n    \"family\": \"MeteredData\"\r\n  }\r\n}",
      "ResponseHeaders": {
        "Content-Length": [
          "981"
        ],
        "Content-Type": [
          "application/json; charset=utf-8"
        ],
        "Expires": [
          "-1"
        ],
        "Pragma": [
          "no-cache"
        ],
        "x-ms-request-id": [
          "052048fc-8afc-408f-9dc0-7e7e3533fdf5"
        ],
        "x-ms-correlation-request-id": [
          "b91c5091-b2a4-4dfa-affa-4083207b96d6"
        ],
        "Strict-Transport-Security": [
          "max-age=31536000; includeSubDomains"
        ],
        "Cache-Control": [
          "no-cache"
        ],
        "Server": [
          "Microsoft-HTTPAPI/2.0",
          "Microsoft-HTTPAPI/2.0"
        ],
        "x-ms-ratelimit-remaining-subscription-reads": [
          "11965"
        ],
        "x-ms-routing-request-id": [
          "WESTUS2:20180824T025744Z:b91c5091-b2a4-4dfa-affa-4083207b96d6"
        ],
        "X-Content-Type-Options": [
          "nosniff"
        ],
        "Date": [
          "Fri, 24 Aug 2018 02:57:43 GMT"
        ]
      },
      "StatusCode": 200
    },
    {
      "RequestUri": "/subscriptions/c9cbd920-c00c-427c-852b-8aaf38badaeb/resourceGroups/movecircuit/providers/Microsoft.Network/expressRouteCircuits/ps9589?api-version=2017-10-01",
      "EncodedRequestUri": "L3N1YnNjcmlwdGlvbnMvYzljYmQ5MjAtYzAwYy00MjdjLTg1MmItOGFhZjM4YmFkYWViL3Jlc291cmNlR3JvdXBzL21vdmVjaXJjdWl0L3Byb3ZpZGVycy9NaWNyb3NvZnQuTmV0d29yay9leHByZXNzUm91dGVDaXJjdWl0cy9wczk1ODk/YXBpLXZlcnNpb249MjAxNy0xMC0wMQ==",
      "RequestMethod": "GET",
      "RequestBody": "",
      "RequestHeaders": {
        "User-Agent": [
          "FxVersion/4.7.2633.0",
          "OSName/Windows10Enterprise",
          "OSVersion/6.3.16299",
          "Microsoft.Azure.Management.Network.NetworkManagementClient/16.1.0.0"
        ]
      },
      "ResponseBody": "{\r\n  \"name\": \"ps9589\",\r\n  \"id\": \"/subscriptions/c9cbd920-c00c-427c-852b-8aaf38badaeb/resourceGroups/movecircuit/providers/Microsoft.Network/expressRouteCircuits/ps9589\",\r\n  \"etag\": \"W/\\\"76eaa520-df72-497e-b1a4-dcfb46a5e28a\\\"\",\r\n  \"type\": \"Microsoft.Network/expressRouteCircuits\",\r\n  \"location\": \"brazilsouth\",\r\n  \"properties\": {\r\n    \"provisioningState\": \"Succeeded\",\r\n    \"resourceGuid\": \"30a6d724-75e2-4ae1-981a-3b7949c1f5e8\",\r\n    \"peerings\": [],\r\n    \"authorizations\": [],\r\n    \"serviceProviderProperties\": {\r\n      \"serviceProviderName\": \"equinix\",\r\n      \"peeringLocation\": \"Silicon Valley\",\r\n      \"bandwidthInMbps\": 500\r\n    },\r\n    \"circuitProvisioningState\": \"Enabled\",\r\n    \"allowClassicOperations\": false,\r\n    \"gatewayManagerEtag\": \"\",\r\n    \"serviceKey\": \"8bc3623a-d9ad-4a1c-8d69-1c23e26afde0\",\r\n    \"serviceProviderProvisioningState\": \"NotProvisioned\"\r\n  },\r\n  \"sku\": {\r\n    \"name\": \"Standard_MeteredData\",\r\n    \"tier\": \"Standard\",\r\n    \"family\": \"MeteredData\"\r\n  }\r\n}",
      "ResponseHeaders": {
        "Content-Length": [
          "982"
        ],
        "Content-Type": [
          "application/json; charset=utf-8"
        ],
        "Expires": [
          "-1"
        ],
        "Pragma": [
          "no-cache"
        ],
        "x-ms-request-id": [
          "2cb42309-1385-474f-b3bc-977531c29c35"
        ],
        "x-ms-correlation-request-id": [
          "62a281f9-4421-49e1-aa76-4eec4dcb90c7"
        ],
        "Strict-Transport-Security": [
          "max-age=31536000; includeSubDomains"
        ],
        "Cache-Control": [
          "no-cache"
        ],
        "Server": [
          "Microsoft-HTTPAPI/2.0",
          "Microsoft-HTTPAPI/2.0"
        ],
        "x-ms-ratelimit-remaining-subscription-reads": [
          "11963"
        ],
        "x-ms-routing-request-id": [
          "WESTUS2:20180824T025756Z:62a281f9-4421-49e1-aa76-4eec4dcb90c7"
        ],
        "X-Content-Type-Options": [
          "nosniff"
        ],
        "Date": [
          "Fri, 24 Aug 2018 02:57:56 GMT"
        ]
      },
      "StatusCode": 200
    },
    {
      "RequestUri": "/subscriptions/c9cbd920-c00c-427c-852b-8aaf38badaeb/resourceGroups/movecircuit/providers/Microsoft.Network/expressRouteCircuits/ps9589?api-version=2017-10-01",
      "EncodedRequestUri": "L3N1YnNjcmlwdGlvbnMvYzljYmQ5MjAtYzAwYy00MjdjLTg1MmItOGFhZjM4YmFkYWViL3Jlc291cmNlR3JvdXBzL21vdmVjaXJjdWl0L3Byb3ZpZGVycy9NaWNyb3NvZnQuTmV0d29yay9leHByZXNzUm91dGVDaXJjdWl0cy9wczk1ODk/YXBpLXZlcnNpb249MjAxNy0xMC0wMQ==",
      "RequestMethod": "GET",
      "RequestBody": "",
      "RequestHeaders": {
        "x-ms-client-request-id": [
          "d1e00a3a-370e-499c-aaa5-147eaad2c5cb"
        ],
        "accept-language": [
          "en-US"
        ],
        "User-Agent": [
          "FxVersion/4.7.2633.0",
          "OSName/Windows10Enterprise",
          "OSVersion/6.3.16299",
          "Microsoft.Azure.Management.Network.NetworkManagementClient/16.1.0.0"
        ]
      },
      "ResponseBody": "{\r\n  \"name\": \"ps9589\",\r\n  \"id\": \"/subscriptions/c9cbd920-c00c-427c-852b-8aaf38badaeb/resourceGroups/movecircuit/providers/Microsoft.Network/expressRouteCircuits/ps9589\",\r\n  \"etag\": \"W/\\\"76eaa520-df72-497e-b1a4-dcfb46a5e28a\\\"\",\r\n  \"type\": \"Microsoft.Network/expressRouteCircuits\",\r\n  \"location\": \"brazilsouth\",\r\n  \"properties\": {\r\n    \"provisioningState\": \"Succeeded\",\r\n    \"resourceGuid\": \"30a6d724-75e2-4ae1-981a-3b7949c1f5e8\",\r\n    \"peerings\": [],\r\n    \"authorizations\": [],\r\n    \"serviceProviderProperties\": {\r\n      \"serviceProviderName\": \"equinix\",\r\n      \"peeringLocation\": \"Silicon Valley\",\r\n      \"bandwidthInMbps\": 500\r\n    },\r\n    \"circuitProvisioningState\": \"Enabled\",\r\n    \"allowClassicOperations\": false,\r\n    \"gatewayManagerEtag\": \"\",\r\n    \"serviceKey\": \"8bc3623a-d9ad-4a1c-8d69-1c23e26afde0\",\r\n    \"serviceProviderProvisioningState\": \"NotProvisioned\"\r\n  },\r\n  \"sku\": {\r\n    \"name\": \"Standard_MeteredData\",\r\n    \"tier\": \"Standard\",\r\n    \"family\": \"MeteredData\"\r\n  }\r\n}",
      "ResponseHeaders": {
        "Content-Length": [
          "982"
        ],
        "Content-Type": [
          "application/json; charset=utf-8"
        ],
        "Expires": [
          "-1"
        ],
        "Pragma": [
          "no-cache"
        ],
        "x-ms-request-id": [
          "5c51dfe1-e110-420e-a4e5-9f1256c56a81"
        ],
        "x-ms-correlation-request-id": [
          "6975a1c3-7c01-4bc4-aaa6-6565cfd31e38"
        ],
        "Strict-Transport-Security": [
          "max-age=31536000; includeSubDomains"
        ],
        "Cache-Control": [
          "no-cache"
        ],
        "Server": [
          "Microsoft-HTTPAPI/2.0",
          "Microsoft-HTTPAPI/2.0"
        ],
        "x-ms-ratelimit-remaining-subscription-reads": [
          "11962"
        ],
        "x-ms-routing-request-id": [
          "WESTUS2:20180824T025757Z:6975a1c3-7c01-4bc4-aaa6-6565cfd31e38"
        ],
        "X-Content-Type-Options": [
          "nosniff"
        ],
        "Date": [
          "Fri, 24 Aug 2018 02:57:57 GMT"
        ]
      },
      "StatusCode": 200
    },
    {
      "RequestUri": "/subscriptions/c9cbd920-c00c-427c-852b-8aaf38badaeb/resourceGroups/movecircuit/providers/Microsoft.Network/expressRouteCircuits/ps9589?api-version=2017-10-01",
      "EncodedRequestUri": "L3N1YnNjcmlwdGlvbnMvYzljYmQ5MjAtYzAwYy00MjdjLTg1MmItOGFhZjM4YmFkYWViL3Jlc291cmNlR3JvdXBzL21vdmVjaXJjdWl0L3Byb3ZpZGVycy9NaWNyb3NvZnQuTmV0d29yay9leHByZXNzUm91dGVDaXJjdWl0cy9wczk1ODk/YXBpLXZlcnNpb249MjAxNy0xMC0wMQ==",
      "RequestMethod": "GET",
      "RequestBody": "",
      "RequestHeaders": {
        "x-ms-client-request-id": [
          "e530982c-5f07-4d4d-aee0-44b80886d82c"
        ],
        "accept-language": [
          "en-US"
        ],
        "User-Agent": [
          "FxVersion/4.7.2633.0",
          "OSName/Windows10Enterprise",
          "OSVersion/6.3.16299",
          "Microsoft.Azure.Management.Network.NetworkManagementClient/16.1.0.0"
        ]
      },
      "ResponseBody": "{\r\n  \"name\": \"ps9589\",\r\n  \"id\": \"/subscriptions/c9cbd920-c00c-427c-852b-8aaf38badaeb/resourceGroups/movecircuit/providers/Microsoft.Network/expressRouteCircuits/ps9589\",\r\n  \"etag\": \"W/\\\"76eaa520-df72-497e-b1a4-dcfb46a5e28a\\\"\",\r\n  \"type\": \"Microsoft.Network/expressRouteCircuits\",\r\n  \"location\": \"brazilsouth\",\r\n  \"properties\": {\r\n    \"provisioningState\": \"Succeeded\",\r\n    \"resourceGuid\": \"30a6d724-75e2-4ae1-981a-3b7949c1f5e8\",\r\n    \"peerings\": [],\r\n    \"authorizations\": [],\r\n    \"serviceProviderProperties\": {\r\n      \"serviceProviderName\": \"equinix\",\r\n      \"peeringLocation\": \"Silicon Valley\",\r\n      \"bandwidthInMbps\": 500\r\n    },\r\n    \"circuitProvisioningState\": \"Enabled\",\r\n    \"allowClassicOperations\": false,\r\n    \"gatewayManagerEtag\": \"\",\r\n    \"serviceKey\": \"8bc3623a-d9ad-4a1c-8d69-1c23e26afde0\",\r\n    \"serviceProviderProvisioningState\": \"NotProvisioned\"\r\n  },\r\n  \"sku\": {\r\n    \"name\": \"Standard_MeteredData\",\r\n    \"tier\": \"Standard\",\r\n    \"family\": \"MeteredData\"\r\n  }\r\n}",
      "ResponseHeaders": {
        "Content-Length": [
          "982"
        ],
        "Content-Type": [
          "application/json; charset=utf-8"
        ],
        "Expires": [
          "-1"
        ],
        "Pragma": [
          "no-cache"
        ],
        "x-ms-request-id": [
          "84819eec-01fa-4b8e-8f19-c7eb326d6dee"
        ],
        "x-ms-correlation-request-id": [
          "90898868-32fa-4969-b0ef-78b10f67d318"
        ],
        "Strict-Transport-Security": [
          "max-age=31536000; includeSubDomains"
        ],
        "Cache-Control": [
          "no-cache"
        ],
        "Server": [
          "Microsoft-HTTPAPI/2.0",
          "Microsoft-HTTPAPI/2.0"
        ],
        "x-ms-ratelimit-remaining-subscription-reads": [
          "11960"
        ],
        "x-ms-routing-request-id": [
          "WESTUS2:20180824T025800Z:90898868-32fa-4969-b0ef-78b10f67d318"
        ],
        "X-Content-Type-Options": [
          "nosniff"
        ],
        "Date": [
          "Fri, 24 Aug 2018 02:58:00 GMT"
        ]
      },
      "StatusCode": 200
    },
    {
      "RequestUri": "/subscriptions/c9cbd920-c00c-427c-852b-8aaf38badaeb/resourceGroups/movecircuit/providers/Microsoft.Network/expressRouteCircuits/ps9589?api-version=2017-10-01",
      "EncodedRequestUri": "L3N1YnNjcmlwdGlvbnMvYzljYmQ5MjAtYzAwYy00MjdjLTg1MmItOGFhZjM4YmFkYWViL3Jlc291cmNlR3JvdXBzL21vdmVjaXJjdWl0L3Byb3ZpZGVycy9NaWNyb3NvZnQuTmV0d29yay9leHByZXNzUm91dGVDaXJjdWl0cy9wczk1ODk/YXBpLXZlcnNpb249MjAxNy0xMC0wMQ==",
      "RequestMethod": "PUT",
      "RequestBody": "{\r\n  \"sku\": {\r\n    \"name\": \"Standard_MeteredData\",\r\n    \"tier\": \"Standard\",\r\n    \"family\": \"MeteredData\"\r\n  },\r\n  \"properties\": {\r\n    \"allowClassicOperations\": true,\r\n    \"authorizations\": [],\r\n    \"peerings\": [],\r\n    \"serviceProviderProperties\": {\r\n      \"serviceProviderName\": \"equinix\",\r\n      \"peeringLocation\": \"Silicon Valley\",\r\n      \"bandwidthInMbps\": 500\r\n    }\r\n  },\r\n  \"location\": \"brazilSouth\"\r\n}",
      "RequestHeaders": {
        "Content-Type": [
          "application/json; charset=utf-8"
        ],
        "Content-Length": [
          "410"
        ],
        "x-ms-client-request-id": [
          "21e8e0d8-88ac-4f11-8fda-c57e867111b0"
        ],
        "accept-language": [
          "en-US"
        ],
        "User-Agent": [
          "FxVersion/4.7.2633.0",
          "OSName/Windows10Enterprise",
          "OSVersion/6.3.16299",
          "Microsoft.Azure.Management.Network.NetworkManagementClient/16.1.0.0"
        ]
      },
      "ResponseBody": "{\r\n  \"name\": \"ps9589\",\r\n  \"id\": \"/subscriptions/c9cbd920-c00c-427c-852b-8aaf38badaeb/resourceGroups/movecircuit/providers/Microsoft.Network/expressRouteCircuits/ps9589\",\r\n  \"etag\": \"W/\\\"f584ce5a-fb36-4004-b1d3-fe633048a225\\\"\",\r\n  \"type\": \"Microsoft.Network/expressRouteCircuits\",\r\n  \"location\": \"brazilsouth\",\r\n  \"properties\": {\r\n    \"provisioningState\": \"Updating\",\r\n    \"resourceGuid\": \"30a6d724-75e2-4ae1-981a-3b7949c1f5e8\",\r\n    \"peerings\": [],\r\n    \"authorizations\": [],\r\n    \"serviceProviderProperties\": {\r\n      \"serviceProviderName\": \"equinix\",\r\n      \"peeringLocation\": \"Silicon Valley\",\r\n      \"bandwidthInMbps\": 500\r\n    },\r\n    \"circuitProvisioningState\": \"Disabled\",\r\n    \"allowClassicOperations\": true,\r\n    \"serviceKey\": \"00000000-0000-0000-0000-000000000000\",\r\n    \"serviceProviderProvisioningState\": \"NotProvisioned\"\r\n  },\r\n  \"sku\": {\r\n    \"name\": \"Standard_MeteredData\",\r\n    \"tier\": \"Standard\",\r\n    \"family\": \"MeteredData\"\r\n  }\r\n}",
      "ResponseHeaders": {
        "Content-Length": [
          "950"
        ],
        "Content-Type": [
          "application/json; charset=utf-8"
        ],
        "Expires": [
          "-1"
        ],
        "Pragma": [
          "no-cache"
        ],
        "Retry-After": [
          "10"
        ],
        "x-ms-request-id": [
          "a5d46dde-2b79-404a-bc0a-5904a2b7bc97"
        ],
        "Azure-AsyncOperation": [
          "https://management.azure.com/subscriptions/c9cbd920-c00c-427c-852b-8aaf38badaeb/providers/Microsoft.Network/locations/brazilsouth/operations/a5d46dde-2b79-404a-bc0a-5904a2b7bc97?api-version=2017-10-01"
        ],
        "x-ms-correlation-request-id": [
          "5b76c69f-5604-4f23-a22b-b85c2dd9f5e2"
        ],
        "Strict-Transport-Security": [
          "max-age=31536000; includeSubDomains"
        ],
        "Cache-Control": [
          "no-cache"
        ],
        "Server": [
          "Microsoft-HTTPAPI/2.0",
          "Microsoft-HTTPAPI/2.0"
        ],
        "x-ms-ratelimit-remaining-subscription-writes": [
          "1199"
        ],
        "x-ms-routing-request-id": [
          "WESTUS2:20180824T025705Z:5b76c69f-5604-4f23-a22b-b85c2dd9f5e2"
        ],
        "X-Content-Type-Options": [
          "nosniff"
        ],
        "Date": [
          "Fri, 24 Aug 2018 02:57:05 GMT"
        ]
      },
      "StatusCode": 201
    },
    {
      "RequestUri": "/subscriptions/c9cbd920-c00c-427c-852b-8aaf38badaeb/resourceGroups/movecircuit/providers/Microsoft.Network/expressRouteCircuits/ps9589?api-version=2017-10-01",
      "EncodedRequestUri": "L3N1YnNjcmlwdGlvbnMvYzljYmQ5MjAtYzAwYy00MjdjLTg1MmItOGFhZjM4YmFkYWViL3Jlc291cmNlR3JvdXBzL21vdmVjaXJjdWl0L3Byb3ZpZGVycy9NaWNyb3NvZnQuTmV0d29yay9leHByZXNzUm91dGVDaXJjdWl0cy9wczk1ODk/YXBpLXZlcnNpb249MjAxNy0xMC0wMQ==",
      "RequestMethod": "PUT",
      "RequestBody": "{\r\n  \"sku\": {\r\n    \"name\": \"Standard_MeteredData\",\r\n    \"tier\": \"Standard\",\r\n    \"family\": \"MeteredData\"\r\n  },\r\n  \"properties\": {\r\n    \"allowClassicOperations\": false,\r\n    \"circuitProvisioningState\": \"Enabled\",\r\n    \"serviceProviderProvisioningState\": \"NotProvisioned\",\r\n    \"authorizations\": [],\r\n    \"peerings\": [],\r\n    \"serviceKey\": \"8bc3623a-d9ad-4a1c-8d69-1c23e26afde0\",\r\n    \"serviceProviderProperties\": {\r\n      \"serviceProviderName\": \"equinix\",\r\n      \"peeringLocation\": \"Silicon Valley\",\r\n      \"bandwidthInMbps\": 500\r\n    },\r\n    \"provisioningState\": \"Succeeded\",\r\n    \"gatewayManagerEtag\": \"\"\r\n  },\r\n  \"id\": \"/subscriptions/c9cbd920-c00c-427c-852b-8aaf38badaeb/resourceGroups/movecircuit/providers/Microsoft.Network/expressRouteCircuits/ps9589\",\r\n  \"location\": \"brazilsouth\"\r\n}",
      "RequestHeaders": {
        "Content-Type": [
          "application/json; charset=utf-8"
        ],
        "Content-Length": [
          "790"
        ],
        "x-ms-client-request-id": [
          "d174ad1d-3b88-4c75-a8e9-36e4d9b5340a"
        ],
        "accept-language": [
          "en-US"
        ],
        "User-Agent": [
          "FxVersion/4.7.2633.0",
          "OSName/Windows10Enterprise",
          "OSVersion/6.3.16299",
          "Microsoft.Azure.Management.Network.NetworkManagementClient/16.1.0.0"
        ]
      },
      "ResponseBody": "{\r\n  \"name\": \"ps9589\",\r\n  \"id\": \"/subscriptions/c9cbd920-c00c-427c-852b-8aaf38badaeb/resourceGroups/movecircuit/providers/Microsoft.Network/expressRouteCircuits/ps9589\",\r\n  \"etag\": \"W/\\\"1a3cb715-7153-4511-9cfa-29b07818e7bc\\\"\",\r\n  \"type\": \"Microsoft.Network/expressRouteCircuits\",\r\n  \"location\": \"brazilsouth\",\r\n  \"properties\": {\r\n    \"provisioningState\": \"Updating\",\r\n    \"resourceGuid\": \"30a6d724-75e2-4ae1-981a-3b7949c1f5e8\",\r\n    \"peerings\": [],\r\n    \"authorizations\": [],\r\n    \"serviceProviderProperties\": {\r\n      \"serviceProviderName\": \"equinix\",\r\n      \"peeringLocation\": \"Silicon Valley\",\r\n      \"bandwidthInMbps\": 500\r\n    },\r\n    \"circuitProvisioningState\": \"Disabled\",\r\n    \"allowClassicOperations\": false,\r\n    \"gatewayManagerEtag\": \"\",\r\n    \"serviceKey\": \"8bc3623a-d9ad-4a1c-8d69-1c23e26afde0\",\r\n    \"serviceProviderProvisioningState\": \"NotProvisioned\"\r\n  },\r\n  \"sku\": {\r\n    \"name\": \"Standard_MeteredData\",\r\n    \"tier\": \"Standard\",\r\n    \"family\": \"MeteredData\"\r\n  }\r\n}",
      "ResponseHeaders": {
        "Content-Length": [
          "982"
        ],
        "Content-Type": [
          "application/json; charset=utf-8"
        ],
        "Expires": [
          "-1"
        ],
        "Pragma": [
          "no-cache"
        ],
        "Retry-After": [
          "10"
        ],
        "x-ms-request-id": [
          "71157641-ddd4-4605-a5eb-7277b9b80f1b"
        ],
        "Azure-AsyncOperation": [
          "https://management.azure.com/subscriptions/c9cbd920-c00c-427c-852b-8aaf38badaeb/providers/Microsoft.Network/locations/brazilsouth/operations/71157641-ddd4-4605-a5eb-7277b9b80f1b?api-version=2017-10-01"
        ],
        "x-ms-correlation-request-id": [
          "e86c4f0d-ca09-40da-b728-e9ec495b2412"
        ],
        "Strict-Transport-Security": [
          "max-age=31536000; includeSubDomains"
        ],
        "Cache-Control": [
          "no-cache"
        ],
        "Server": [
          "Microsoft-HTTPAPI/2.0",
          "Microsoft-HTTPAPI/2.0"
        ],
        "x-ms-ratelimit-remaining-subscription-writes": [
          "1198"
        ],
        "x-ms-routing-request-id": [
          "WESTUS2:20180824T025745Z:e86c4f0d-ca09-40da-b728-e9ec495b2412"
        ],
        "X-Content-Type-Options": [
          "nosniff"
        ],
        "Date": [
          "Fri, 24 Aug 2018 02:57:45 GMT"
        ]
      },
      "StatusCode": 200
    },
    {
      "RequestUri": "/subscriptions/c9cbd920-c00c-427c-852b-8aaf38badaeb/resourceGroups/movecircuit/providers/Microsoft.Network/expressRouteCircuits/ps9589?api-version=2017-10-01",
      "EncodedRequestUri": "L3N1YnNjcmlwdGlvbnMvYzljYmQ5MjAtYzAwYy00MjdjLTg1MmItOGFhZjM4YmFkYWViL3Jlc291cmNlR3JvdXBzL21vdmVjaXJjdWl0L3Byb3ZpZGVycy9NaWNyb3NvZnQuTmV0d29yay9leHByZXNzUm91dGVDaXJjdWl0cy9wczk1ODk/YXBpLXZlcnNpb249MjAxNy0xMC0wMQ==",
      "RequestMethod": "PUT",
      "RequestBody": "{\r\n  \"properties\": {\r\n    \"authorizations\": [],\r\n    \"peerings\": [],\r\n    \"serviceKey\": \"8bc3623a-d9ad-4a1c-8d69-1c23e26afde0\"\r\n  },\r\n  \"location\": \"brazilSouth\"\r\n}",
      "RequestHeaders": {
        "Content-Type": [
          "application/json; charset=utf-8"
        ],
        "Content-Length": [
          "164"
        ],
        "x-ms-client-request-id": [
          "2acc7cc0-bfaf-47de-b4f5-0a5e70300203"
        ],
        "accept-language": [
          "en-US"
        ],
        "User-Agent": [
          "FxVersion/4.7.2633.0",
          "OSName/Windows10Enterprise",
          "OSVersion/6.3.16299",
          "Microsoft.Azure.Management.Network.NetworkManagementClient/16.1.0.0"
        ]
      },
      "ResponseBody": "{\r\n  \"error\": {\r\n    \"code\": \"InternalServerError\",\r\n    \"message\": \"An error occurred.\",\r\n    \"details\": []\r\n  }\r\n}",
      "ResponseHeaders": {
        "Content-Length": [
          "116"
        ],
        "Content-Type": [
          "application/json; charset=utf-8"
        ],
        "Expires": [
          "-1"
        ],
        "Pragma": [
          "no-cache"
        ],
        "x-ms-request-id": [
          "c8c70fa7-a652-4d9e-a22b-aa36c7b07dae"
        ],
        "x-ms-correlation-request-id": [
          "6620436e-5c72-4b2a-9b54-18ba6c4f850f"
        ],
        "Strict-Transport-Security": [
          "max-age=31536000; includeSubDomains"
        ],
        "Cache-Control": [
          "no-cache"
        ],
        "Server": [
          "Microsoft-HTTPAPI/2.0",
          "Microsoft-HTTPAPI/2.0"
        ],
        "x-ms-failure-cause": [
          "service"
        ],
        "x-ms-ratelimit-remaining-subscription-writes": [
          "1199"
        ],
        "x-ms-routing-request-id": [
          "WESTUS2:20180824T025827Z:6620436e-5c72-4b2a-9b54-18ba6c4f850f"
        ],
        "X-Content-Type-Options": [
          "nosniff"
        ],
        "Date": [
          "Fri, 24 Aug 2018 02:58:27 GMT"
        ],
        "Connection": [
          "close"
        ]
      },
      "StatusCode": 500
    },
    {
      "RequestUri": "/subscriptions/c9cbd920-c00c-427c-852b-8aaf38badaeb/providers/Microsoft.Network/locations/brazilsouth/operations/a5d46dde-2b79-404a-bc0a-5904a2b7bc97?api-version=2017-10-01",
      "EncodedRequestUri": "L3N1YnNjcmlwdGlvbnMvYzljYmQ5MjAtYzAwYy00MjdjLTg1MmItOGFhZjM4YmFkYWViL3Byb3ZpZGVycy9NaWNyb3NvZnQuTmV0d29yay9sb2NhdGlvbnMvYnJhemlsc291dGgvb3BlcmF0aW9ucy9hNWQ0NmRkZS0yYjc5LTQwNGEtYmMwYS01OTA0YTJiN2JjOTc/YXBpLXZlcnNpb249MjAxNy0xMC0wMQ==",
      "RequestMethod": "GET",
      "RequestBody": "",
      "RequestHeaders": {
        "User-Agent": [
          "FxVersion/4.7.2633.0",
          "OSName/Windows10Enterprise",
          "OSVersion/6.3.16299",
          "Microsoft.Azure.Management.Network.NetworkManagementClient/16.1.0.0"
        ]
      },
      "ResponseBody": "{\r\n  \"status\": \"InProgress\"\r\n}",
      "ResponseHeaders": {
        "Content-Length": [
          "30"
        ],
        "Content-Type": [
          "application/json; charset=utf-8"
        ],
        "Expires": [
          "-1"
        ],
        "Pragma": [
          "no-cache"
        ],
        "Retry-After": [
          "10"
        ],
        "x-ms-request-id": [
          "e60f9329-a992-4027-844c-7522520f6310"
        ],
        "x-ms-correlation-request-id": [
          "d91e4f61-a291-4412-a21a-90c7d0d78e5a"
        ],
        "Strict-Transport-Security": [
          "max-age=31536000; includeSubDomains"
        ],
        "Cache-Control": [
          "no-cache"
        ],
        "Server": [
          "Microsoft-HTTPAPI/2.0",
          "Microsoft-HTTPAPI/2.0"
        ],
        "x-ms-ratelimit-remaining-subscription-reads": [
          "11971"
        ],
        "x-ms-routing-request-id": [
          "WESTUS2:20180824T025716Z:d91e4f61-a291-4412-a21a-90c7d0d78e5a"
        ],
        "X-Content-Type-Options": [
          "nosniff"
        ],
        "Date": [
          "Fri, 24 Aug 2018 02:57:16 GMT"
        ]
      },
      "StatusCode": 200
    },
    {
      "RequestUri": "/subscriptions/c9cbd920-c00c-427c-852b-8aaf38badaeb/providers/Microsoft.Network/locations/brazilsouth/operations/a5d46dde-2b79-404a-bc0a-5904a2b7bc97?api-version=2017-10-01",
      "EncodedRequestUri": "L3N1YnNjcmlwdGlvbnMvYzljYmQ5MjAtYzAwYy00MjdjLTg1MmItOGFhZjM4YmFkYWViL3Byb3ZpZGVycy9NaWNyb3NvZnQuTmV0d29yay9sb2NhdGlvbnMvYnJhemlsc291dGgvb3BlcmF0aW9ucy9hNWQ0NmRkZS0yYjc5LTQwNGEtYmMwYS01OTA0YTJiN2JjOTc/YXBpLXZlcnNpb249MjAxNy0xMC0wMQ==",
      "RequestMethod": "GET",
      "RequestBody": "",
      "RequestHeaders": {
        "User-Agent": [
          "FxVersion/4.7.2633.0",
          "OSName/Windows10Enterprise",
          "OSVersion/6.3.16299",
          "Microsoft.Azure.Management.Network.NetworkManagementClient/16.1.0.0"
        ]
      },
      "ResponseBody": "{\r\n  \"status\": \"InProgress\"\r\n}",
      "ResponseHeaders": {
        "Content-Length": [
          "30"
        ],
        "Content-Type": [
          "application/json; charset=utf-8"
        ],
        "Expires": [
          "-1"
        ],
        "Pragma": [
          "no-cache"
        ],
        "Retry-After": [
          "10"
        ],
        "x-ms-request-id": [
          "88470f5b-530e-4851-b7f5-f3d2c9d44f60"
        ],
        "x-ms-correlation-request-id": [
          "15419e3e-f244-4c28-9708-6393298416ad"
        ],
        "Strict-Transport-Security": [
          "max-age=31536000; includeSubDomains"
        ],
        "Cache-Control": [
          "no-cache"
        ],
        "Server": [
          "Microsoft-HTTPAPI/2.0",
          "Microsoft-HTTPAPI/2.0"
        ],
        "x-ms-ratelimit-remaining-subscription-reads": [
          "11970"
        ],
        "x-ms-routing-request-id": [
          "WESTUS2:20180824T025726Z:15419e3e-f244-4c28-9708-6393298416ad"
        ],
        "X-Content-Type-Options": [
          "nosniff"
        ],
        "Date": [
          "Fri, 24 Aug 2018 02:57:26 GMT"
        ]
      },
      "StatusCode": 200
    },
    {
      "RequestUri": "/subscriptions/c9cbd920-c00c-427c-852b-8aaf38badaeb/providers/Microsoft.Network/locations/brazilsouth/operations/a5d46dde-2b79-404a-bc0a-5904a2b7bc97?api-version=2017-10-01",
      "EncodedRequestUri": "L3N1YnNjcmlwdGlvbnMvYzljYmQ5MjAtYzAwYy00MjdjLTg1MmItOGFhZjM4YmFkYWViL3Byb3ZpZGVycy9NaWNyb3NvZnQuTmV0d29yay9sb2NhdGlvbnMvYnJhemlsc291dGgvb3BlcmF0aW9ucy9hNWQ0NmRkZS0yYjc5LTQwNGEtYmMwYS01OTA0YTJiN2JjOTc/YXBpLXZlcnNpb249MjAxNy0xMC0wMQ==",
      "RequestMethod": "GET",
      "RequestBody": "",
      "RequestHeaders": {
        "User-Agent": [
          "FxVersion/4.7.2633.0",
          "OSName/Windows10Enterprise",
          "OSVersion/6.3.16299",
          "Microsoft.Azure.Management.Network.NetworkManagementClient/16.1.0.0"
        ]
      },
      "ResponseBody": "{\r\n  \"status\": \"Succeeded\"\r\n}",
      "ResponseHeaders": {
        "Content-Length": [
          "29"
        ],
        "Content-Type": [
          "application/json; charset=utf-8"
        ],
        "Expires": [
          "-1"
        ],
        "Pragma": [
          "no-cache"
        ],
        "x-ms-request-id": [
          "1878e9e1-bec9-402b-b479-e087c50d2835"
        ],
        "x-ms-correlation-request-id": [
          "277b388b-f9ba-4dfb-a95c-621101ed0480"
        ],
        "Strict-Transport-Security": [
          "max-age=31536000; includeSubDomains"
        ],
        "Cache-Control": [
          "no-cache"
        ],
        "Server": [
          "Microsoft-HTTPAPI/2.0",
          "Microsoft-HTTPAPI/2.0"
        ],
        "x-ms-ratelimit-remaining-subscription-reads": [
          "11969"
        ],
        "x-ms-routing-request-id": [
          "WESTUS2:20180824T025737Z:277b388b-f9ba-4dfb-a95c-621101ed0480"
        ],
        "X-Content-Type-Options": [
          "nosniff"
        ],
        "Date": [
          "Fri, 24 Aug 2018 02:57:36 GMT"
        ]
      },
      "StatusCode": 200
    },
    {
      "RequestUri": "/subscriptions/c9cbd920-c00c-427c-852b-8aaf38badaeb/providers/Microsoft.Network/locations/brazilsouth/operations/71157641-ddd4-4605-a5eb-7277b9b80f1b?api-version=2017-10-01",
      "EncodedRequestUri": "L3N1YnNjcmlwdGlvbnMvYzljYmQ5MjAtYzAwYy00MjdjLTg1MmItOGFhZjM4YmFkYWViL3Byb3ZpZGVycy9NaWNyb3NvZnQuTmV0d29yay9sb2NhdGlvbnMvYnJhemlsc291dGgvb3BlcmF0aW9ucy83MTE1NzY0MS1kZGQ0LTQ2MDUtYTVlYi03Mjc3YjliODBmMWI/YXBpLXZlcnNpb249MjAxNy0xMC0wMQ==",
      "RequestMethod": "GET",
      "RequestBody": "",
      "RequestHeaders": {
        "User-Agent": [
          "FxVersion/4.7.2633.0",
          "OSName/Windows10Enterprise",
          "OSVersion/6.3.16299",
          "Microsoft.Azure.Management.Network.NetworkManagementClient/16.1.0.0"
        ]
      },
      "ResponseBody": "{\r\n  \"status\": \"Succeeded\"\r\n}",
      "ResponseHeaders": {
        "Content-Length": [
          "29"
        ],
        "Content-Type": [
          "application/json; charset=utf-8"
        ],
        "Expires": [
          "-1"
        ],
        "Pragma": [
          "no-cache"
        ],
        "x-ms-request-id": [
          "443134de-59a2-4b3c-a189-d413b5e30d29"
        ],
        "x-ms-correlation-request-id": [
          "80bbcfa3-9443-45be-953f-b807b23235d5"
        ],
        "Strict-Transport-Security": [
          "max-age=31536000; includeSubDomains"
        ],
        "Cache-Control": [
          "no-cache"
        ],
        "Server": [
          "Microsoft-HTTPAPI/2.0",
          "Microsoft-HTTPAPI/2.0"
        ],
        "x-ms-ratelimit-remaining-subscription-reads": [
          "11964"
        ],
        "x-ms-routing-request-id": [
          "WESTUS2:20180824T025755Z:80bbcfa3-9443-45be-953f-b807b23235d5"
        ],
        "X-Content-Type-Options": [
          "nosniff"
        ],
        "Date": [
          "Fri, 24 Aug 2018 02:57:55 GMT"
        ]
      },
      "StatusCode": 200
    },
    {
      "RequestUri": "/subscriptions/c9cbd920-c00c-427c-852b-8aaf38badaeb/resourceGroups/movecircuit/providers/Microsoft.Network/expressRouteCircuits/ps9589/stats?api-version=2017-10-01",
      "EncodedRequestUri": "L3N1YnNjcmlwdGlvbnMvYzljYmQ5MjAtYzAwYy00MjdjLTg1MmItOGFhZjM4YmFkYWViL3Jlc291cmNlR3JvdXBzL21vdmVjaXJjdWl0L3Byb3ZpZGVycy9NaWNyb3NvZnQuTmV0d29yay9leHByZXNzUm91dGVDaXJjdWl0cy9wczk1ODkvc3RhdHM/YXBpLXZlcnNpb249MjAxNy0xMC0wMQ==",
      "RequestMethod": "GET",
      "RequestBody": "",
      "RequestHeaders": {
        "x-ms-client-request-id": [
          "3d590139-ea96-4c7f-baf5-fc051aca281f"
        ],
        "accept-language": [
          "en-US"
        ],
        "User-Agent": [
          "FxVersion/4.7.2633.0",
          "OSName/Windows10Enterprise",
          "OSVersion/6.3.16299",
          "Microsoft.Azure.Management.Network.NetworkManagementClient/16.1.0.0"
        ]
      },
      "ResponseBody": "{\r\n  \"primaryBytesIn\": 0,\r\n  \"primaryBytesOut\": 0,\r\n  \"secondaryBytesIn\": 0,\r\n  \"secondaryBytesOut\": 0\r\n}",
      "ResponseHeaders": {
        "Content-Length": [
          "105"
        ],
        "Content-Type": [
          "application/json; charset=utf-8"
        ],
        "Expires": [
          "-1"
        ],
        "Pragma": [
          "no-cache"
        ],
        "x-ms-request-id": [
          "2fd8e8a3-a77e-4952-9fad-046b0d768a3f"
        ],
        "x-ms-correlation-request-id": [
          "179c1b21-21d4-41ed-8305-def32c7b4b46"
        ],
        "Strict-Transport-Security": [
          "max-age=31536000; includeSubDomains"
        ],
        "Cache-Control": [
          "no-cache"
        ],
        "Server": [
          "Microsoft-HTTPAPI/2.0",
          "Microsoft-HTTPAPI/2.0"
        ],
        "x-ms-ratelimit-remaining-subscription-reads": [
          "11961"
        ],
        "x-ms-routing-request-id": [
          "WESTUS2:20180824T025759Z:179c1b21-21d4-41ed-8305-def32c7b4b46"
        ],
        "X-Content-Type-Options": [
          "nosniff"
        ],
        "Date": [
          "Fri, 24 Aug 2018 02:57:58 GMT"
        ]
      },
      "StatusCode": 200
    },
    {
      "RequestUri": "/subscriptions/c9cbd920-c00c-427c-852b-8aaf38badaeb/resourceGroups/movecircuit/providers/Microsoft.Network/expressRouteCircuits/ps9589?api-version=2017-10-01",
      "EncodedRequestUri": "L3N1YnNjcmlwdGlvbnMvYzljYmQ5MjAtYzAwYy00MjdjLTg1MmItOGFhZjM4YmFkYWViL3Jlc291cmNlR3JvdXBzL21vdmVjaXJjdWl0L3Byb3ZpZGVycy9NaWNyb3NvZnQuTmV0d29yay9leHByZXNzUm91dGVDaXJjdWl0cy9wczk1ODk/YXBpLXZlcnNpb249MjAxNy0xMC0wMQ==",
      "RequestMethod": "DELETE",
      "RequestBody": "",
      "RequestHeaders": {
        "x-ms-client-request-id": [
          "2ac4a459-9d57-4405-b1df-2333807595cf"
        ],
        "accept-language": [
          "en-US"
        ],
        "User-Agent": [
          "FxVersion/4.7.2633.0",
          "OSName/Windows10Enterprise",
          "OSVersion/6.3.16299",
          "Microsoft.Azure.Management.Network.NetworkManagementClient/16.1.0.0"
        ]
      },
      "ResponseBody": "",
      "ResponseHeaders": {
        "Content-Length": [
          "0"
        ],
        "Expires": [
          "-1"
        ],
        "Pragma": [
          "no-cache"
        ],
        "Retry-After": [
          "10"
        ],
        "x-ms-request-id": [
          "f41e889c-851f-4427-be6b-43677d378cb6"
        ],
        "Azure-AsyncOperation": [
          "https://management.azure.com/subscriptions/c9cbd920-c00c-427c-852b-8aaf38badaeb/providers/Microsoft.Network/locations/brazilsouth/operations/f41e889c-851f-4427-be6b-43677d378cb6?api-version=2017-10-01"
        ],
        "x-ms-correlation-request-id": [
          "5ccb8508-9109-4ace-80b5-f3db4bfe4012"
        ],
        "Strict-Transport-Security": [
          "max-age=31536000; includeSubDomains"
        ],
        "Cache-Control": [
          "no-cache"
        ],
        "Location": [
          "https://management.azure.com/subscriptions/c9cbd920-c00c-427c-852b-8aaf38badaeb/providers/Microsoft.Network/locations/brazilsouth/operationResults/f41e889c-851f-4427-be6b-43677d378cb6?api-version=2017-10-01"
        ],
        "Server": [
          "Microsoft-HTTPAPI/2.0",
          "Microsoft-HTTPAPI/2.0"
        ],
        "x-ms-ratelimit-remaining-subscription-deletes": [
          "14999"
        ],
        "x-ms-routing-request-id": [
          "WESTUS2:20180824T025830Z:5ccb8508-9109-4ace-80b5-f3db4bfe4012"
        ],
        "X-Content-Type-Options": [
          "nosniff"
        ],
        "Date": [
          "Fri, 24 Aug 2018 02:58:29 GMT"
        ]
      },
      "StatusCode": 202
    },
    {
      "RequestUri": "/subscriptions/c9cbd920-c00c-427c-852b-8aaf38badaeb/providers/Microsoft.Network/locations/brazilsouth/operations/f41e889c-851f-4427-be6b-43677d378cb6?api-version=2017-10-01",
      "EncodedRequestUri": "L3N1YnNjcmlwdGlvbnMvYzljYmQ5MjAtYzAwYy00MjdjLTg1MmItOGFhZjM4YmFkYWViL3Byb3ZpZGVycy9NaWNyb3NvZnQuTmV0d29yay9sb2NhdGlvbnMvYnJhemlsc291dGgvb3BlcmF0aW9ucy9mNDFlODg5Yy04NTFmLTQ0MjctYmU2Yi00MzY3N2QzNzhjYjY/YXBpLXZlcnNpb249MjAxNy0xMC0wMQ==",
      "RequestMethod": "GET",
      "RequestBody": "",
      "RequestHeaders": {
        "User-Agent": [
          "FxVersion/4.7.2633.0",
          "OSName/Windows10Enterprise",
          "OSVersion/6.3.16299",
          "Microsoft.Azure.Management.Network.NetworkManagementClient/16.1.0.0"
        ]
      },
      "ResponseBody": "{\r\n  \"status\": \"InProgress\"\r\n}",
      "ResponseHeaders": {
        "Content-Length": [
          "30"
        ],
        "Content-Type": [
          "application/json; charset=utf-8"
        ],
        "Expires": [
          "-1"
        ],
        "Pragma": [
          "no-cache"
        ],
        "Retry-After": [
          "10"
        ],
        "x-ms-request-id": [
          "bb1bb13c-ca52-4888-9184-57cc75661d93"
        ],
        "x-ms-correlation-request-id": [
          "32fe20d7-4f76-42e9-8e49-edba1540d847"
        ],
        "Strict-Transport-Security": [
          "max-age=31536000; includeSubDomains"
        ],
        "Cache-Control": [
          "no-cache"
        ],
        "Server": [
          "Microsoft-HTTPAPI/2.0",
          "Microsoft-HTTPAPI/2.0"
        ],
        "x-ms-ratelimit-remaining-subscription-reads": [
          "11999"
        ],
        "x-ms-routing-request-id": [
          "WESTUS2:20180824T025840Z:32fe20d7-4f76-42e9-8e49-edba1540d847"
        ],
        "X-Content-Type-Options": [
          "nosniff"
        ],
        "Date": [
          "Fri, 24 Aug 2018 02:58:40 GMT"
        ]
      },
      "StatusCode": 200
    },
    {
      "RequestUri": "/subscriptions/c9cbd920-c00c-427c-852b-8aaf38badaeb/providers/Microsoft.Network/locations/brazilsouth/operations/f41e889c-851f-4427-be6b-43677d378cb6?api-version=2017-10-01",
      "EncodedRequestUri": "L3N1YnNjcmlwdGlvbnMvYzljYmQ5MjAtYzAwYy00MjdjLTg1MmItOGFhZjM4YmFkYWViL3Byb3ZpZGVycy9NaWNyb3NvZnQuTmV0d29yay9sb2NhdGlvbnMvYnJhemlsc291dGgvb3BlcmF0aW9ucy9mNDFlODg5Yy04NTFmLTQ0MjctYmU2Yi00MzY3N2QzNzhjYjY/YXBpLXZlcnNpb249MjAxNy0xMC0wMQ==",
      "RequestMethod": "GET",
      "RequestBody": "",
      "RequestHeaders": {
        "User-Agent": [
          "FxVersion/4.7.2633.0",
          "OSName/Windows10Enterprise",
          "OSVersion/6.3.16299",
          "Microsoft.Azure.Management.Network.NetworkManagementClient/16.1.0.0"
        ]
      },
      "ResponseBody": "{\r\n  \"status\": \"InProgress\"\r\n}",
      "ResponseHeaders": {
        "Content-Length": [
          "30"
        ],
        "Content-Type": [
          "application/json; charset=utf-8"
        ],
        "Expires": [
          "-1"
        ],
        "Pragma": [
          "no-cache"
        ],
        "Retry-After": [
          "10"
        ],
        "x-ms-request-id": [
          "41bfc11e-457c-4aa5-81f6-89cc2e77e137"
        ],
        "x-ms-correlation-request-id": [
          "2bba71e5-46ba-4664-b2f4-6325c93b308b"
        ],
        "Strict-Transport-Security": [
          "max-age=31536000; includeSubDomains"
        ],
        "Cache-Control": [
          "no-cache"
        ],
        "Server": [
          "Microsoft-HTTPAPI/2.0",
          "Microsoft-HTTPAPI/2.0"
        ],
        "x-ms-ratelimit-remaining-subscription-reads": [
          "11998"
        ],
        "x-ms-routing-request-id": [
          "WESTUS2:20180824T025851Z:2bba71e5-46ba-4664-b2f4-6325c93b308b"
        ],
        "X-Content-Type-Options": [
          "nosniff"
        ],
        "Date": [
          "Fri, 24 Aug 2018 02:58:50 GMT"
        ]
      },
      "StatusCode": 200
    },
    {
      "RequestUri": "/subscriptions/c9cbd920-c00c-427c-852b-8aaf38badaeb/providers/Microsoft.Network/locations/brazilsouth/operations/f41e889c-851f-4427-be6b-43677d378cb6?api-version=2017-10-01",
      "EncodedRequestUri": "L3N1YnNjcmlwdGlvbnMvYzljYmQ5MjAtYzAwYy00MjdjLTg1MmItOGFhZjM4YmFkYWViL3Byb3ZpZGVycy9NaWNyb3NvZnQuTmV0d29yay9sb2NhdGlvbnMvYnJhemlsc291dGgvb3BlcmF0aW9ucy9mNDFlODg5Yy04NTFmLTQ0MjctYmU2Yi00MzY3N2QzNzhjYjY/YXBpLXZlcnNpb249MjAxNy0xMC0wMQ==",
      "RequestMethod": "GET",
      "RequestBody": "",
      "RequestHeaders": {
        "User-Agent": [
          "FxVersion/4.7.2633.0",
          "OSName/Windows10Enterprise",
          "OSVersion/6.3.16299",
          "Microsoft.Azure.Management.Network.NetworkManagementClient/16.1.0.0"
        ]
      },
      "ResponseBody": "{\r\n  \"status\": \"InProgress\"\r\n}",
      "ResponseHeaders": {
        "Content-Length": [
          "30"
        ],
        "Content-Type": [
          "application/json; charset=utf-8"
        ],
        "Expires": [
          "-1"
        ],
        "Pragma": [
          "no-cache"
        ],
        "Retry-After": [
          "10"
        ],
        "x-ms-request-id": [
          "a4ed292e-0a42-447a-a0f5-e13064135543"
        ],
        "x-ms-correlation-request-id": [
          "bd7a06f3-dcaa-42df-aa46-431fd0b0aa72"
        ],
        "Strict-Transport-Security": [
          "max-age=31536000; includeSubDomains"
        ],
        "Cache-Control": [
          "no-cache"
        ],
        "Server": [
          "Microsoft-HTTPAPI/2.0",
          "Microsoft-HTTPAPI/2.0"
        ],
        "x-ms-ratelimit-remaining-subscription-reads": [
          "11997"
        ],
        "x-ms-routing-request-id": [
          "WESTUS2:20180824T025901Z:bd7a06f3-dcaa-42df-aa46-431fd0b0aa72"
        ],
        "X-Content-Type-Options": [
          "nosniff"
        ],
        "Date": [
          "Fri, 24 Aug 2018 02:59:00 GMT"
        ]
      },
      "StatusCode": 200
    },
    {
      "RequestUri": "/subscriptions/c9cbd920-c00c-427c-852b-8aaf38badaeb/providers/Microsoft.Network/locations/brazilsouth/operations/f41e889c-851f-4427-be6b-43677d378cb6?api-version=2017-10-01",
      "EncodedRequestUri": "L3N1YnNjcmlwdGlvbnMvYzljYmQ5MjAtYzAwYy00MjdjLTg1MmItOGFhZjM4YmFkYWViL3Byb3ZpZGVycy9NaWNyb3NvZnQuTmV0d29yay9sb2NhdGlvbnMvYnJhemlsc291dGgvb3BlcmF0aW9ucy9mNDFlODg5Yy04NTFmLTQ0MjctYmU2Yi00MzY3N2QzNzhjYjY/YXBpLXZlcnNpb249MjAxNy0xMC0wMQ==",
      "RequestMethod": "GET",
      "RequestBody": "",
      "RequestHeaders": {
        "User-Agent": [
          "FxVersion/4.7.2633.0",
          "OSName/Windows10Enterprise",
          "OSVersion/6.3.16299",
          "Microsoft.Azure.Management.Network.NetworkManagementClient/16.1.0.0"
        ]
      },
      "ResponseBody": "{\r\n  \"status\": \"InProgress\"\r\n}",
      "ResponseHeaders": {
        "Content-Length": [
          "30"
        ],
        "Content-Type": [
          "application/json; charset=utf-8"
        ],
        "Expires": [
          "-1"
        ],
        "Pragma": [
          "no-cache"
        ],
        "Retry-After": [
          "10"
        ],
        "x-ms-request-id": [
          "61256422-5239-4112-b0de-25a2e68df486"
        ],
        "x-ms-correlation-request-id": [
          "14b1a43c-ef49-46fc-add7-61483c8883a8"
        ],
        "Strict-Transport-Security": [
          "max-age=31536000; includeSubDomains"
        ],
        "Cache-Control": [
          "no-cache"
        ],
        "Server": [
          "Microsoft-HTTPAPI/2.0",
          "Microsoft-HTTPAPI/2.0"
        ],
        "x-ms-ratelimit-remaining-subscription-reads": [
          "11996"
        ],
        "x-ms-routing-request-id": [
          "WESTUS2:20180824T025911Z:14b1a43c-ef49-46fc-add7-61483c8883a8"
        ],
        "X-Content-Type-Options": [
          "nosniff"
        ],
        "Date": [
          "Fri, 24 Aug 2018 02:59:10 GMT"
        ]
      },
      "StatusCode": 200
    },
    {
      "RequestUri": "/subscriptions/c9cbd920-c00c-427c-852b-8aaf38badaeb/providers/Microsoft.Network/locations/brazilsouth/operations/f41e889c-851f-4427-be6b-43677d378cb6?api-version=2017-10-01",
      "EncodedRequestUri": "L3N1YnNjcmlwdGlvbnMvYzljYmQ5MjAtYzAwYy00MjdjLTg1MmItOGFhZjM4YmFkYWViL3Byb3ZpZGVycy9NaWNyb3NvZnQuTmV0d29yay9sb2NhdGlvbnMvYnJhemlsc291dGgvb3BlcmF0aW9ucy9mNDFlODg5Yy04NTFmLTQ0MjctYmU2Yi00MzY3N2QzNzhjYjY/YXBpLXZlcnNpb249MjAxNy0xMC0wMQ==",
      "RequestMethod": "GET",
      "RequestBody": "",
      "RequestHeaders": {
        "User-Agent": [
          "FxVersion/4.7.2633.0",
          "OSName/Windows10Enterprise",
          "OSVersion/6.3.16299",
          "Microsoft.Azure.Management.Network.NetworkManagementClient/16.1.0.0"
        ]
      },
      "ResponseBody": "{\r\n  \"status\": \"InProgress\"\r\n}",
      "ResponseHeaders": {
        "Content-Length": [
          "30"
        ],
        "Content-Type": [
          "application/json; charset=utf-8"
        ],
        "Expires": [
          "-1"
        ],
        "Pragma": [
          "no-cache"
        ],
        "Retry-After": [
          "10"
        ],
        "x-ms-request-id": [
          "323773e6-8ccb-4ea8-b221-f9d322df25c7"
        ],
        "x-ms-correlation-request-id": [
          "f17dacce-a0d2-4f0b-8eae-168b599e9fce"
        ],
        "Strict-Transport-Security": [
          "max-age=31536000; includeSubDomains"
        ],
        "Cache-Control": [
          "no-cache"
        ],
        "Server": [
          "Microsoft-HTTPAPI/2.0",
          "Microsoft-HTTPAPI/2.0"
        ],
        "x-ms-ratelimit-remaining-subscription-reads": [
          "11995"
        ],
        "x-ms-routing-request-id": [
          "WESTUS2:20180824T025921Z:f17dacce-a0d2-4f0b-8eae-168b599e9fce"
        ],
        "X-Content-Type-Options": [
          "nosniff"
        ],
        "Date": [
          "Fri, 24 Aug 2018 02:59:21 GMT"
        ]
      },
      "StatusCode": 200
    },
    {
      "RequestUri": "/subscriptions/c9cbd920-c00c-427c-852b-8aaf38badaeb/providers/Microsoft.Network/locations/brazilsouth/operations/f41e889c-851f-4427-be6b-43677d378cb6?api-version=2017-10-01",
      "EncodedRequestUri": "L3N1YnNjcmlwdGlvbnMvYzljYmQ5MjAtYzAwYy00MjdjLTg1MmItOGFhZjM4YmFkYWViL3Byb3ZpZGVycy9NaWNyb3NvZnQuTmV0d29yay9sb2NhdGlvbnMvYnJhemlsc291dGgvb3BlcmF0aW9ucy9mNDFlODg5Yy04NTFmLTQ0MjctYmU2Yi00MzY3N2QzNzhjYjY/YXBpLXZlcnNpb249MjAxNy0xMC0wMQ==",
      "RequestMethod": "GET",
      "RequestBody": "",
      "RequestHeaders": {
        "User-Agent": [
          "FxVersion/4.7.2633.0",
          "OSName/Windows10Enterprise",
          "OSVersion/6.3.16299",
          "Microsoft.Azure.Management.Network.NetworkManagementClient/16.1.0.0"
        ]
      },
      "ResponseBody": "{\r\n  \"status\": \"InProgress\"\r\n}",
      "ResponseHeaders": {
        "Content-Length": [
          "30"
        ],
        "Content-Type": [
          "application/json; charset=utf-8"
        ],
        "Expires": [
          "-1"
        ],
        "Pragma": [
          "no-cache"
        ],
        "Retry-After": [
          "10"
        ],
        "x-ms-request-id": [
          "2e58d3ca-21c8-43c4-ba56-f7fcbd9a79cd"
        ],
        "x-ms-correlation-request-id": [
          "bde172c5-5235-44c7-8b82-f78c3460129e"
        ],
        "Strict-Transport-Security": [
          "max-age=31536000; includeSubDomains"
        ],
        "x-ms-ratelimit-remaining-subscription-reads": [
          "11994"
        ],
        "Cache-Control": [
          "no-cache"
        ],
        "Server": [
          "Microsoft-HTTPAPI/2.0",
          "Microsoft-HTTPAPI/2.0"
        ],
        "x-ms-routing-request-id": [
          "WESTUS2:20180824T025932Z:bde172c5-5235-44c7-8b82-f78c3460129e"
        ],
        "X-Content-Type-Options": [
          "nosniff"
        ],
        "Date": [
          "Fri, 24 Aug 2018 02:59:31 GMT"
        ]
      },
      "StatusCode": 200
    },
    {
      "RequestUri": "/subscriptions/c9cbd920-c00c-427c-852b-8aaf38badaeb/providers/Microsoft.Network/locations/brazilsouth/operations/f41e889c-851f-4427-be6b-43677d378cb6?api-version=2017-10-01",
      "EncodedRequestUri": "L3N1YnNjcmlwdGlvbnMvYzljYmQ5MjAtYzAwYy00MjdjLTg1MmItOGFhZjM4YmFkYWViL3Byb3ZpZGVycy9NaWNyb3NvZnQuTmV0d29yay9sb2NhdGlvbnMvYnJhemlsc291dGgvb3BlcmF0aW9ucy9mNDFlODg5Yy04NTFmLTQ0MjctYmU2Yi00MzY3N2QzNzhjYjY/YXBpLXZlcnNpb249MjAxNy0xMC0wMQ==",
      "RequestMethod": "GET",
      "RequestBody": "",
      "RequestHeaders": {
        "User-Agent": [
          "FxVersion/4.7.2633.0",
          "OSName/Windows10Enterprise",
          "OSVersion/6.3.16299",
          "Microsoft.Azure.Management.Network.NetworkManagementClient/16.1.0.0"
        ]
      },
      "ResponseBody": "{\r\n  \"status\": \"Succeeded\"\r\n}",
      "ResponseHeaders": {
        "Content-Length": [
          "29"
        ],
        "Content-Type": [
          "application/json; charset=utf-8"
        ],
        "Expires": [
          "-1"
        ],
        "Pragma": [
          "no-cache"
        ],
        "x-ms-request-id": [
          "67181bed-79dd-4a47-b032-4be3b36d5e4c"
        ],
        "x-ms-correlation-request-id": [
          "db734efa-bd55-4383-8499-80a34513f9ab"
        ],
        "Strict-Transport-Security": [
          "max-age=31536000; includeSubDomains"
        ],
        "Cache-Control": [
          "no-cache"
        ],
        "Server": [
          "Microsoft-HTTPAPI/2.0",
          "Microsoft-HTTPAPI/2.0"
        ],
        "x-ms-ratelimit-remaining-subscription-reads": [
          "11993"
        ],
        "x-ms-routing-request-id": [
          "WESTUS2:20180824T025943Z:db734efa-bd55-4383-8499-80a34513f9ab"
        ],
        "X-Content-Type-Options": [
          "nosniff"
        ],
        "Date": [
          "Fri, 24 Aug 2018 02:59:42 GMT"
        ]
      },
      "StatusCode": 200
    },
    {
      "RequestUri": "/subscriptions/c9cbd920-c00c-427c-852b-8aaf38badaeb/resourceGroups/movecircuit/providers/Microsoft.Network/expressRouteCircuits?api-version=2017-10-01",
      "EncodedRequestUri": "L3N1YnNjcmlwdGlvbnMvYzljYmQ5MjAtYzAwYy00MjdjLTg1MmItOGFhZjM4YmFkYWViL3Jlc291cmNlR3JvdXBzL21vdmVjaXJjdWl0L3Byb3ZpZGVycy9NaWNyb3NvZnQuTmV0d29yay9leHByZXNzUm91dGVDaXJjdWl0cz9hcGktdmVyc2lvbj0yMDE3LTEwLTAx",
      "RequestMethod": "GET",
      "RequestBody": "",
      "RequestHeaders": {
        "x-ms-client-request-id": [
          "0fb5a626-e85e-4fd0-a93e-244f81c99ba2"
        ],
        "accept-language": [
          "en-US"
        ],
        "User-Agent": [
          "FxVersion/4.7.2633.0",
          "OSName/Windows10Enterprise",
          "OSVersion/6.3.16299",
          "Microsoft.Azure.Management.Network.NetworkManagementClient/16.1.0.0"
        ]
      },
      "ResponseBody": "{\r\n  \"value\": []\r\n}",
      "ResponseHeaders": {
        "Content-Length": [
          "12"
        ],
        "Content-Type": [
          "application/json; charset=utf-8"
        ],
        "Expires": [
          "-1"
        ],
        "Pragma": [
          "no-cache"
        ],
        "x-ms-ratelimit-remaining-subscription-reads": [
          "11992"
        ],
        "x-ms-request-id": [
          "e3fe45f6-867f-4d78-a95f-8a00098ad59c"
        ],
        "x-ms-correlation-request-id": [
          "e3fe45f6-867f-4d78-a95f-8a00098ad59c"
        ],
        "x-ms-routing-request-id": [
          "WESTUS2:20180824T025943Z:e3fe45f6-867f-4d78-a95f-8a00098ad59c"
        ],
        "Strict-Transport-Security": [
          "max-age=31536000; includeSubDomains"
        ],
        "X-Content-Type-Options": [
          "nosniff"
        ],
        "Cache-Control": [
          "no-cache"
        ],
        "Date": [
          "Fri, 24 Aug 2018 02:59:42 GMT"
        ]
      },
      "StatusCode": 200
    },
    {
      "RequestUri": "/subscriptions/c9cbd920-c00c-427c-852b-8aaf38badaeb/resourcegroups/movecircuit?api-version=2017-05-10",
      "EncodedRequestUri": "L3N1YnNjcmlwdGlvbnMvYzljYmQ5MjAtYzAwYy00MjdjLTg1MmItOGFhZjM4YmFkYWViL3Jlc291cmNlZ3JvdXBzL21vdmVjaXJjdWl0P2FwaS12ZXJzaW9uPTIwMTctMDUtMTA=",
      "RequestMethod": "DELETE",
      "RequestBody": "",
      "RequestHeaders": {
        "x-ms-client-request-id": [
          "56df3347-7e19-4e6e-86c3-ca4bc2781db1"
        ],
        "accept-language": [
          "en-US"
        ],
        "User-Agent": [
          "FxVersion/4.7.2633.0",
          "OSName/Windows10Enterprise",
          "OSVersion/6.3.16299",
          "Microsoft.Azure.Management.ResourceManager.ResourceManagementClient/1.6.0.0"
        ]
      },
      "ResponseBody": "",
      "ResponseHeaders": {
        "Content-Length": [
          "0"
        ],
        "Expires": [
          "-1"
        ],
        "Pragma": [
          "no-cache"
        ],
        "Retry-After": [
          "15"
        ],
        "x-ms-ratelimit-remaining-subscription-deletes": [
          "14999"
        ],
        "x-ms-request-id": [
          "e2bf1096-63c6-40ea-8218-63bd14f2c5a4"
        ],
        "x-ms-correlation-request-id": [
          "e2bf1096-63c6-40ea-8218-63bd14f2c5a4"
        ],
        "x-ms-routing-request-id": [
          "WESTUS2:20180824T025947Z:e2bf1096-63c6-40ea-8218-63bd14f2c5a4"
        ],
        "Strict-Transport-Security": [
          "max-age=31536000; includeSubDomains"
        ],
        "X-Content-Type-Options": [
          "nosniff"
        ],
        "Cache-Control": [
          "no-cache"
        ],
        "Date": [
          "Fri, 24 Aug 2018 02:59:46 GMT"
        ],
        "Location": [
          "https://management.azure.com/subscriptions/c9cbd920-c00c-427c-852b-8aaf38badaeb/operationresults/eyJqb2JJZCI6IlJFU09VUkNFR1JPVVBERUxFVElPTkpPQi1NT1ZFQ0lSQ1VJVC1CUkFaSUxTT1VUSCIsImpvYkxvY2F0aW9uIjoiYnJhemlsc291dGgifQ?api-version=2017-05-10"
        ]
      },
      "StatusCode": 202
    },
    {
      "RequestUri": "/subscriptions/c9cbd920-c00c-427c-852b-8aaf38badaeb/operationresults/eyJqb2JJZCI6IlJFU09VUkNFR1JPVVBERUxFVElPTkpPQi1NT1ZFQ0lSQ1VJVC1CUkFaSUxTT1VUSCIsImpvYkxvY2F0aW9uIjoiYnJhemlsc291dGgifQ?api-version=2017-05-10",
      "EncodedRequestUri": "L3N1YnNjcmlwdGlvbnMvYzljYmQ5MjAtYzAwYy00MjdjLTg1MmItOGFhZjM4YmFkYWViL29wZXJhdGlvbnJlc3VsdHMvZXlKcWIySkpaQ0k2SWxKRlUwOVZVa05GUjFKUFZWQkVSVXhGVkVsUFRrcFBRaTFOVDFaRlEwbFNRMVZKVkMxQ1VrRmFTVXhUVDFWVVNDSXNJbXB2WWt4dlkyRjBhVzl1SWpvaVluSmhlbWxzYzI5MWRHZ2lmUT9hcGktdmVyc2lvbj0yMDE3LTA1LTEw",
      "RequestMethod": "GET",
      "RequestBody": "",
      "RequestHeaders": {
        "User-Agent": [
          "FxVersion/4.7.2633.0",
          "OSName/Windows10Enterprise",
          "OSVersion/6.3.16299",
          "Microsoft.Azure.Management.ResourceManager.ResourceManagementClient/1.6.0.0"
        ]
      },
      "ResponseBody": "",
      "ResponseHeaders": {
        "Content-Length": [
          "0"
        ],
        "Expires": [
          "-1"
        ],
        "Pragma": [
          "no-cache"
        ],
        "Retry-After": [
          "15"
        ],
        "x-ms-ratelimit-remaining-subscription-reads": [
          "11998"
        ],
        "x-ms-request-id": [
          "dc83c900-5df2-42e7-a72e-796e5775b9db"
        ],
        "x-ms-correlation-request-id": [
          "dc83c900-5df2-42e7-a72e-796e5775b9db"
        ],
        "x-ms-routing-request-id": [
          "WESTUS2:20180824T030002Z:dc83c900-5df2-42e7-a72e-796e5775b9db"
        ],
        "Strict-Transport-Security": [
          "max-age=31536000; includeSubDomains"
        ],
        "X-Content-Type-Options": [
          "nosniff"
        ],
        "Cache-Control": [
          "no-cache"
        ],
        "Date": [
          "Fri, 24 Aug 2018 03:00:02 GMT"
        ],
        "Location": [
          "https://management.azure.com/subscriptions/c9cbd920-c00c-427c-852b-8aaf38badaeb/operationresults/eyJqb2JJZCI6IlJFU09VUkNFR1JPVVBERUxFVElPTkpPQi1NT1ZFQ0lSQ1VJVC1CUkFaSUxTT1VUSCIsImpvYkxvY2F0aW9uIjoiYnJhemlsc291dGgifQ?api-version=2017-05-10"
        ]
      },
      "StatusCode": 202
    },
    {
      "RequestUri": "/subscriptions/c9cbd920-c00c-427c-852b-8aaf38badaeb/operationresults/eyJqb2JJZCI6IlJFU09VUkNFR1JPVVBERUxFVElPTkpPQi1NT1ZFQ0lSQ1VJVC1CUkFaSUxTT1VUSCIsImpvYkxvY2F0aW9uIjoiYnJhemlsc291dGgifQ?api-version=2017-05-10",
      "EncodedRequestUri": "L3N1YnNjcmlwdGlvbnMvYzljYmQ5MjAtYzAwYy00MjdjLTg1MmItOGFhZjM4YmFkYWViL29wZXJhdGlvbnJlc3VsdHMvZXlKcWIySkpaQ0k2SWxKRlUwOVZVa05GUjFKUFZWQkVSVXhGVkVsUFRrcFBRaTFOVDFaRlEwbFNRMVZKVkMxQ1VrRmFTVXhUVDFWVVNDSXNJbXB2WWt4dlkyRjBhVzl1SWpvaVluSmhlbWxzYzI5MWRHZ2lmUT9hcGktdmVyc2lvbj0yMDE3LTA1LTEw",
      "RequestMethod": "GET",
      "RequestBody": "",
      "RequestHeaders": {
        "User-Agent": [
          "FxVersion/4.7.2633.0",
          "OSName/Windows10Enterprise",
          "OSVersion/6.3.16299",
          "Microsoft.Azure.Management.ResourceManager.ResourceManagementClient/1.6.0.0"
        ]
      },
      "ResponseBody": "",
      "ResponseHeaders": {
        "Content-Length": [
          "0"
        ],
        "Expires": [
          "-1"
        ],
        "Pragma": [
          "no-cache"
        ],
        "Retry-After": [
          "15"
        ],
        "x-ms-ratelimit-remaining-subscription-reads": [
          "11997"
        ],
        "x-ms-request-id": [
          "b3c90424-363e-4705-aef5-1535897a01a0"
        ],
        "x-ms-correlation-request-id": [
          "b3c90424-363e-4705-aef5-1535897a01a0"
        ],
        "x-ms-routing-request-id": [
          "WESTUS2:20180824T030017Z:b3c90424-363e-4705-aef5-1535897a01a0"
        ],
        "Strict-Transport-Security": [
          "max-age=31536000; includeSubDomains"
        ],
        "X-Content-Type-Options": [
          "nosniff"
        ],
        "Cache-Control": [
          "no-cache"
        ],
        "Date": [
          "Fri, 24 Aug 2018 03:00:17 GMT"
        ],
        "Location": [
          "https://management.azure.com/subscriptions/c9cbd920-c00c-427c-852b-8aaf38badaeb/operationresults/eyJqb2JJZCI6IlJFU09VUkNFR1JPVVBERUxFVElPTkpPQi1NT1ZFQ0lSQ1VJVC1CUkFaSUxTT1VUSCIsImpvYkxvY2F0aW9uIjoiYnJhemlsc291dGgifQ?api-version=2017-05-10"
        ]
      },
      "StatusCode": 202
    },
    {
      "RequestUri": "/subscriptions/c9cbd920-c00c-427c-852b-8aaf38badaeb/operationresults/eyJqb2JJZCI6IlJFU09VUkNFR1JPVVBERUxFVElPTkpPQi1NT1ZFQ0lSQ1VJVC1CUkFaSUxTT1VUSCIsImpvYkxvY2F0aW9uIjoiYnJhemlsc291dGgifQ?api-version=2017-05-10",
      "EncodedRequestUri": "L3N1YnNjcmlwdGlvbnMvYzljYmQ5MjAtYzAwYy00MjdjLTg1MmItOGFhZjM4YmFkYWViL29wZXJhdGlvbnJlc3VsdHMvZXlKcWIySkpaQ0k2SWxKRlUwOVZVa05GUjFKUFZWQkVSVXhGVkVsUFRrcFBRaTFOVDFaRlEwbFNRMVZKVkMxQ1VrRmFTVXhUVDFWVVNDSXNJbXB2WWt4dlkyRjBhVzl1SWpvaVluSmhlbWxzYzI5MWRHZ2lmUT9hcGktdmVyc2lvbj0yMDE3LTA1LTEw",
      "RequestMethod": "GET",
      "RequestBody": "",
      "RequestHeaders": {
        "User-Agent": [
          "FxVersion/4.7.2633.0",
          "OSName/Windows10Enterprise",
          "OSVersion/6.3.16299",
          "Microsoft.Azure.Management.ResourceManager.ResourceManagementClient/1.6.0.0"
        ]
      },
      "ResponseBody": "",
      "ResponseHeaders": {
        "Content-Length": [
          "0"
        ],
        "Expires": [
          "-1"
        ],
        "Pragma": [
          "no-cache"
        ],
        "x-ms-ratelimit-remaining-subscription-reads": [
          "11996"
        ],
        "x-ms-request-id": [
          "0b95ae19-9420-484f-9e66-5615f864441c"
        ],
        "x-ms-correlation-request-id": [
          "0b95ae19-9420-484f-9e66-5615f864441c"
        ],
        "x-ms-routing-request-id": [
          "WESTUS2:20180824T030033Z:0b95ae19-9420-484f-9e66-5615f864441c"
        ],
        "Strict-Transport-Security": [
          "max-age=31536000; includeSubDomains"
        ],
        "X-Content-Type-Options": [
          "nosniff"
        ],
        "Cache-Control": [
          "no-cache"
        ],
        "Date": [
          "Fri, 24 Aug 2018 03:00:33 GMT"
        ]
      },
      "StatusCode": 200
    }
  ],
  "Names": {
    "Test-ExpressRouteCircuitStageCRUD": [
      "ps9589"
    ]
  },
  "Variables": {
    "SubscriptionId": "c9cbd920-c00c-427c-852b-8aaf38badaeb"
  }
}