{
  "Entries": [
    {
      "RequestUri": "/8448c020-6abd-43d5-8ebc-410f7b59ffa9/users/keyvaultsdktester1@keyvaultsdktestdg.onmicrosoft.com?api-version=1.42-previewInternal",
      "EncodedRequestUri": "Lzg0NDhjMDIwLTZhYmQtNDNkNS04ZWJjLTQxMGY3YjU5ZmZhOS91c2Vycy9rZXl2YXVsdHNka3Rlc3RlcjFAa2V5dmF1bHRzZGt0ZXN0ZGcub25taWNyb3NvZnQuY29tP2FwaS12ZXJzaW9uPTEuNDItcHJldmlld0ludGVybmFs",
      "RequestMethod": "GET",
      "RequestBody": "",
      "RequestHeaders": {
        "User-Agent": [
          "Microsoft.Azure.Graph.RBAC.GraphRbacManagementClient/1.0.0.0"
        ]
      },
      "ResponseBody": "{\r\n  \"odata.metadata\": \"https://graph.windows.net/8448c020-6abd-43d5-8ebc-410f7b59ffa9/$metadata#directoryObjects/Microsoft.WindowsAzure.ActiveDirectory.User/@Element\",\r\n  \"odata.type\": \"Microsoft.WindowsAzure.ActiveDirectory.User\",\r\n  \"objectType\": \"User\",\r\n  \"objectId\": \"c98f1ad6-17bd-46ef-b9c2-820ee601d54e\",\r\n  \"softDeletionTimestamp\": null,\r\n  \"acceptedAs\": null,\r\n  \"acceptedOn\": null,\r\n  \"accountEnabled\": true,\r\n  \"alternativeSecurityIds\": [],\r\n  \"appMetadata\": null,\r\n  \"assignedLicenses\": [],\r\n  \"assignedPlans\": [],\r\n  \"city\": null,\r\n  \"country\": null,\r\n  \"creationType\": null,\r\n  \"department\": null,\r\n  \"dirSyncEnabled\": null,\r\n  \"displayName\": \"KeyVaultSdkTester1\",\r\n  \"extensionAttribute1\": null,\r\n  \"extensionAttribute2\": null,\r\n  \"extensionAttribute3\": null,\r\n  \"extensionAttribute4\": null,\r\n  \"extensionAttribute5\": null,\r\n  \"extensionAttribute6\": null,\r\n  \"extensionAttribute7\": null,\r\n  \"extensionAttribute8\": null,\r\n  \"extensionAttribute9\": null,\r\n  \"extensionAttribute10\": null,\r\n  \"extensionAttribute11\": null,\r\n  \"extensionAttribute12\": null,\r\n  \"extensionAttribute13\": null,\r\n  \"extensionAttribute14\": null,\r\n  \"extensionAttribute15\": null,\r\n  \"facsimileTelephoneNumber\": null,\r\n  \"givenName\": \"KeyVaultSdkTester1\",\r\n  \"immutableId\": null,\r\n  \"invitedOn\": null,\r\n  \"inviteReplyUrl\": [],\r\n  \"inviteResources\": [],\r\n  \"inviteTicket\": [],\r\n  \"isCompromised\": null,\r\n  \"jobTitle\": null,\r\n  \"jrnlAddress\": null,\r\n  \"lastDirSyncTime\": null,\r\n  \"logonIdentifiers\": [],\r\n  \"mail\": null,\r\n  \"mailNickname\": \"keyvaultsdktester1\",\r\n  \"mobile\": null,\r\n  \"netId\": \"10037FFE9109F2F6\",\r\n  \"onPremiseSecurityIdentifier\": null,\r\n  \"otherMails\": [],\r\n  \"passwordPolicies\": \"None\",\r\n  \"passwordProfile\": null,\r\n  \"physicalDeliveryOfficeName\": null,\r\n  \"postalCode\": null,\r\n  \"preferredLanguage\": null,\r\n  \"primarySMTPAddress\": null,\r\n  \"provisionedPlans\": [],\r\n  \"provisioningErrors\": [],\r\n  \"proxyAddresses\": [],\r\n  \"searchableDeviceKey\": [],\r\n  \"selfServePasswordResetData\": null,\r\n  \"signInName\": \"keyvaultsdktester1@keyvaultsdktestdg.onmicrosoft.com\",\r\n  \"sipProxyAddress\": null,\r\n  \"smtpAddresses\": [],\r\n  \"state\": null,\r\n  \"streetAddress\": null,\r\n  \"surname\": null,\r\n  \"telephoneNumber\": null,\r\n  \"usageLocation\": null,\r\n  \"userPrincipalName\": \"keyvaultsdktester1@keyvaultsdktestdg.onmicrosoft.com\",\r\n  \"userState\": null,\r\n  \"userStateChangedOn\": null,\r\n  \"userType\": \"Member\"\r\n}",
      "ResponseHeaders": {
        "Content-Length": [
          "2019"
        ],
        "Content-Type": [
          "application/json; odata=minimalmetadata; streaming=true; charset=utf-8"
        ],
        "Expires": [
          "-1"
        ],
        "Pragma": [
          "no-cache"
        ],
        "ocp-aad-diagnostics-server-name": [
          "FpbEqwjNE5UgQMRKJCh+5oT77dK8Xy2HF5eIvb2XUK4="
        ],
        "request-id": [
          "772a57c9-9f5d-4b51-a7e9-32d504261043"
        ],
        "client-request-id": [
          "09d6d56e-0ac6-415d-9b2e-37e71f17d9d6"
        ],
        "x-ms-gateway-rewrite": [
          "false"
        ],
        "x-ms-dirapi-data-contract-version": [
          "1.42-previewInternal"
        ],
        "ocp-aad-session-key": [
          "fJU3o8Jq0qyakqAOpcxHfRH1S5MavRurKqb2BzDVw2azU5h5JySJmNQb3p7M9OgvoeruKxNCOyJWZF7zBy4UXD9MQm3GoP-2CigXEiPZLkgu26PZiIca-_O-zw-TFz9Hub2a6qE3WiLGQLopzzrVUw.OhSuIPIrAXREN3sJ3c7v-AEhbjLSKm_By2CBmGJs0P0"
        ],
        "X-Content-Type-Options": [
          "nosniff"
        ],
        "DataServiceVersion": [
          "3.0;"
        ],
        "Strict-Transport-Security": [
          "max-age=31536000; includeSubDomains"
        ],
        "Access-Control-Allow-Origin": [
          "*"
        ],
        "Cache-Control": [
          "no-cache"
        ],
        "Server": [
          "Microsoft-IIS/8.5"
        ],
        "X-AspNet-Version": [
          "4.0.30319"
        ],
        "X-Powered-By": [
          "ASP.NET",
          "ASP.NET"
        ],
        "Date": [
          "Tue, 16 Jun 2015 17:41:38 GMT"
        ]
      },
      "StatusCode": 200
    },
    {
      "RequestUri": "/subscriptions/31bdf18e-b058-4d3a-838c-e123ac60bc43/resourceGroups/pshtestrg6355/providers/Microsoft.KeyVault/vaults/pshtestvault4651?api-version=2015-06-01",
      "EncodedRequestUri": "L3N1YnNjcmlwdGlvbnMvMzFiZGYxOGUtYjA1OC00ZDNhLTgzOGMtZTEyM2FjNjBiYzQzL3Jlc291cmNlR3JvdXBzL3BzaHRlc3RyZzYzNTUvcHJvdmlkZXJzL01pY3Jvc29mdC5LZXlWYXVsdC92YXVsdHMvcHNodGVzdHZhdWx0NDY1MT9hcGktdmVyc2lvbj0yMDE1LTA2LTAx",
      "RequestMethod": "GET",
      "RequestBody": "",
      "RequestHeaders": {
        "User-Agent": [
          "Microsoft.Azure.Management.KeyVault.KeyVaultManagementClient/1.0.0.0"
        ]
      },
      "ResponseBody": "{\r\n  \"id\": \"/subscriptions/31bdf18e-b058-4d3a-838c-e123ac60bc43/resourceGroups/pshtestrg6355/providers/Microsoft.KeyVault/vaults/pshtestvault4651\",\r\n  \"name\": \"pshtestvault4651\",\r\n  \"type\": \"Microsoft.KeyVault/vaults\",\r\n  \"location\": \"northcentralus\",\r\n  \"tags\": {\r\n    \"testtag\": \"testvalue\"\r\n  },\r\n  \"properties\": {\r\n    \"sku\": {\r\n      \"family\": \"A\",\r\n      \"name\": \"Premium\"\r\n    },\r\n    \"tenantId\": \"8448c020-6abd-43d5-8ebc-410f7b59ffa9\",\r\n    \"accessPolicies\": [],\r\n    \"enabledForDeployment\": false,\r\n    \"vaultUri\": \"https://pshtestvault4651.vault.azure.net/\"\r\n  }\r\n}",
      "ResponseHeaders": {
        "Content-Length": [
          "469"
        ],
        "Content-Type": [
          "application/json; charset=utf-8"
        ],
        "Expires": [
          "-1"
        ],
        "Pragma": [
          "no-cache"
        ],
        "Strict-Transport-Security": [
          "max-age=31536000; includeSubDomains"
        ],
        "x-ms-ratelimit-remaining-subscription-reads": [
          "14990"
        ],
        "x-ms-request-id": [
          "a29c9798-3fe6-4825-aa03-bf716550bb72"
        ],
        "x-ms-correlation-request-id": [
          "a29c9798-3fe6-4825-aa03-bf716550bb72"
        ],
        "x-ms-routing-request-id": [
          "WESTUS:20150616T174139Z:a29c9798-3fe6-4825-aa03-bf716550bb72"
        ],
        "Cache-Control": [
          "no-cache"
        ],
        "Date": [
          "Tue, 16 Jun 2015 17:41:39 GMT"
        ],
        "Server": [
          "Microsoft-IIS/8.5"
        ],
        "X-AspNet-Version": [
          "4.0.30319"
        ],
        "X-Powered-By": [
          "ASP.NET"
        ]
      },
      "StatusCode": 200
    },
    {
      "RequestUri": "/subscriptions/31bdf18e-b058-4d3a-838c-e123ac60bc43/resourceGroups/pshtestrg6355/providers/Microsoft.KeyVault/vaults/pshtestvault4651?api-version=2015-06-01",
      "EncodedRequestUri": "L3N1YnNjcmlwdGlvbnMvMzFiZGYxOGUtYjA1OC00ZDNhLTgzOGMtZTEyM2FjNjBiYzQzL3Jlc291cmNlR3JvdXBzL3BzaHRlc3RyZzYzNTUvcHJvdmlkZXJzL01pY3Jvc29mdC5LZXlWYXVsdC92YXVsdHMvcHNodGVzdHZhdWx0NDY1MT9hcGktdmVyc2lvbj0yMDE1LTA2LTAx",
      "RequestMethod": "GET",
      "RequestBody": "",
      "RequestHeaders": {
        "User-Agent": [
          "Microsoft.Azure.Management.KeyVault.KeyVaultManagementClient/1.0.0.0"
        ]
      },
      "ResponseBody": "{\r\n  \"id\": \"/subscriptions/31bdf18e-b058-4d3a-838c-e123ac60bc43/resourceGroups/pshtestrg6355/providers/Microsoft.KeyVault/vaults/pshtestvault4651\",\r\n  \"name\": \"pshtestvault4651\",\r\n  \"type\": \"Microsoft.KeyVault/vaults\",\r\n  \"location\": \"northcentralus\",\r\n  \"tags\": {},\r\n  \"properties\": {\r\n    \"sku\": {\r\n      \"family\": \"A\",\r\n      \"name\": \"Premium\"\r\n    },\r\n    \"tenantId\": \"8448c020-6abd-43d5-8ebc-410f7b59ffa9\",\r\n    \"accessPolicies\": [\r\n      {\r\n        \"tenantId\": \"8448c020-6abd-43d5-8ebc-410f7b59ffa9\",\r\n        \"objectId\": \"c98f1ad6-17bd-46ef-b9c2-820ee601d54e\",\r\n        \"applicationId\": \"860e0108-2ed4-4cc4-a108-4e84d1c9e39f\",\r\n        \"permissions\": {\r\n          \"keys\": [\r\n            \"encrypt\",\r\n            \"decrypt\"\r\n          ]\r\n        }\r\n      }\r\n    ],\r\n    \"enabledForDeployment\": false,\r\n    \"vaultUri\": \"https://pshtestvault4651.vault.azure.net/\"\r\n  }\r\n}",
      "ResponseHeaders": {
        "Content-Length": [
          "649"
        ],
        "Content-Type": [
          "application/json; charset=utf-8"
        ],
        "Expires": [
          "-1"
        ],
        "Pragma": [
          "no-cache"
        ],
        "Strict-Transport-Security": [
          "max-age=31536000; includeSubDomains"
        ],
        "x-ms-ratelimit-remaining-subscription-reads": [
          "14989"
        ],
        "x-ms-request-id": [
          "770656f5-9fdf-4f8e-a5e4-e912bd2e2588"
        ],
        "x-ms-correlation-request-id": [
          "770656f5-9fdf-4f8e-a5e4-e912bd2e2588"
        ],
        "x-ms-routing-request-id": [
          "WESTUS:20150616T174141Z:770656f5-9fdf-4f8e-a5e4-e912bd2e2588"
        ],
        "Cache-Control": [
          "no-cache"
        ],
        "Date": [
          "Tue, 16 Jun 2015 17:41:41 GMT"
        ],
        "Server": [
          "Microsoft-IIS/8.5"
        ],
        "X-AspNet-Version": [
          "4.0.30319"
        ],
        "X-Powered-By": [
          "ASP.NET"
        ]
      },
      "StatusCode": 200
    },
    {
      "RequestUri": "/8448c020-6abd-43d5-8ebc-410f7b59ffa9/users/c98f1ad6-17bd-46ef-b9c2-820ee601d54e?api-version=1.42-previewInternal",
      "EncodedRequestUri": "Lzg0NDhjMDIwLTZhYmQtNDNkNS04ZWJjLTQxMGY3YjU5ZmZhOS91c2Vycy9jOThmMWFkNi0xN2JkLTQ2ZWYtYjljMi04MjBlZTYwMWQ1NGU/YXBpLXZlcnNpb249MS40Mi1wcmV2aWV3SW50ZXJuYWw=",
      "RequestMethod": "GET",
      "RequestBody": "",
      "RequestHeaders": {
        "User-Agent": [
          "Microsoft.Azure.Graph.RBAC.GraphRbacManagementClient/1.0.0.0"
        ]
      },
      "ResponseBody": "{\r\n  \"odata.metadata\": \"https://graph.windows.net/8448c020-6abd-43d5-8ebc-410f7b59ffa9/$metadata#directoryObjects/Microsoft.WindowsAzure.ActiveDirectory.User/@Element\",\r\n  \"odata.type\": \"Microsoft.WindowsAzure.ActiveDirectory.User\",\r\n  \"objectType\": \"User\",\r\n  \"objectId\": \"c98f1ad6-17bd-46ef-b9c2-820ee601d54e\",\r\n  \"softDeletionTimestamp\": null,\r\n  \"acceptedAs\": null,\r\n  \"acceptedOn\": null,\r\n  \"accountEnabled\": true,\r\n  \"alternativeSecurityIds\": [],\r\n  \"appMetadata\": null,\r\n  \"assignedLicenses\": [],\r\n  \"assignedPlans\": [],\r\n  \"city\": null,\r\n  \"country\": null,\r\n  \"creationType\": null,\r\n  \"department\": null,\r\n  \"dirSyncEnabled\": null,\r\n  \"displayName\": \"KeyVaultSdkTester1\",\r\n  \"extensionAttribute1\": null,\r\n  \"extensionAttribute2\": null,\r\n  \"extensionAttribute3\": null,\r\n  \"extensionAttribute4\": null,\r\n  \"extensionAttribute5\": null,\r\n  \"extensionAttribute6\": null,\r\n  \"extensionAttribute7\": null,\r\n  \"extensionAttribute8\": null,\r\n  \"extensionAttribute9\": null,\r\n  \"extensionAttribute10\": null,\r\n  \"extensionAttribute11\": null,\r\n  \"extensionAttribute12\": null,\r\n  \"extensionAttribute13\": null,\r\n  \"extensionAttribute14\": null,\r\n  \"extensionAttribute15\": null,\r\n  \"facsimileTelephoneNumber\": null,\r\n  \"givenName\": \"KeyVaultSdkTester1\",\r\n  \"immutableId\": null,\r\n  \"invitedOn\": null,\r\n  \"inviteReplyUrl\": [],\r\n  \"inviteResources\": [],\r\n  \"inviteTicket\": [],\r\n  \"isCompromised\": null,\r\n  \"jobTitle\": null,\r\n  \"jrnlAddress\": null,\r\n  \"lastDirSyncTime\": null,\r\n  \"logonIdentifiers\": [],\r\n  \"mail\": null,\r\n  \"mailNickname\": \"keyvaultsdktester1\",\r\n  \"mobile\": null,\r\n  \"netId\": \"10037FFE9109F2F6\",\r\n  \"onPremiseSecurityIdentifier\": null,\r\n  \"otherMails\": [],\r\n  \"passwordPolicies\": \"None\",\r\n  \"passwordProfile\": null,\r\n  \"physicalDeliveryOfficeName\": null,\r\n  \"postalCode\": null,\r\n  \"preferredLanguage\": null,\r\n  \"primarySMTPAddress\": null,\r\n  \"provisionedPlans\": [],\r\n  \"provisioningErrors\": [],\r\n  \"proxyAddresses\": [],\r\n  \"searchableDeviceKey\": [],\r\n  \"selfServePasswordResetData\": null,\r\n  \"signInName\": \"keyvaultsdktester1@keyvaultsdktestdg.onmicrosoft.com\",\r\n  \"sipProxyAddress\": null,\r\n  \"smtpAddresses\": [],\r\n  \"state\": null,\r\n  \"streetAddress\": null,\r\n  \"surname\": null,\r\n  \"telephoneNumber\": null,\r\n  \"usageLocation\": null,\r\n  \"userPrincipalName\": \"keyvaultsdktester1@keyvaultsdktestdg.onmicrosoft.com\",\r\n  \"userState\": null,\r\n  \"userStateChangedOn\": null,\r\n  \"userType\": \"Member\"\r\n}",
      "ResponseHeaders": {
        "Content-Length": [
          "2019"
        ],
        "Content-Type": [
          "application/json; odata=minimalmetadata; streaming=true; charset=utf-8"
        ],
        "Expires": [
          "-1"
        ],
        "Pragma": [
          "no-cache"
        ],
        "ocp-aad-diagnostics-server-name": [
          "MZl/hA8XpttsVIldt7MY8/8xS+QCIPIdkqsWyJMNDKo="
        ],
        "request-id": [
          "26de90fa-07b2-4239-bda4-b65680e68428"
        ],
        "client-request-id": [
          "690f320f-c32a-4f5d-b8a0-24f55e686d43"
        ],
        "x-ms-gateway-rewrite": [
          "false"
        ],
        "x-ms-dirapi-data-contract-version": [
          "1.42-previewInternal"
        ],
        "ocp-aad-session-key": [
          "dIYUHx7zx2rRFNkgiVlBwEnckO8X7GuMKKq0eKBo2k2kXak9a8uCdnwz7cDM0Kgcxk6TgfLxDRWQry23lPcb6j9-uUF-vCtyJ7hSNaW3Vn0jioSB4IcecgIoEr0GytB11WX9qGGeK_IuR-q3ZUfAdA.PEHUwdODX8HhuxmS4lsra6b71H8kr5dnu37n2p5Qfug"
        ],
        "X-Content-Type-Options": [
          "nosniff"
        ],
        "DataServiceVersion": [
          "3.0;"
        ],
        "Strict-Transport-Security": [
          "max-age=31536000; includeSubDomains"
        ],
        "Access-Control-Allow-Origin": [
          "*"
        ],
        "Cache-Control": [
          "no-cache"
        ],
        "Server": [
          "Microsoft-IIS/8.5"
        ],
        "X-AspNet-Version": [
          "4.0.30319"
        ],
        "X-Powered-By": [
          "ASP.NET",
          "ASP.NET"
        ],
        "Date": [
          "Tue, 16 Jun 2015 17:41:38 GMT"
        ]
      },
      "StatusCode": 200
    },
    {
      "RequestUri": "/8448c020-6abd-43d5-8ebc-410f7b59ffa9/users/c98f1ad6-17bd-46ef-b9c2-820ee601d54e?api-version=1.42-previewInternal",
      "EncodedRequestUri": "Lzg0NDhjMDIwLTZhYmQtNDNkNS04ZWJjLTQxMGY3YjU5ZmZhOS91c2Vycy9jOThmMWFkNi0xN2JkLTQ2ZWYtYjljMi04MjBlZTYwMWQ1NGU/YXBpLXZlcnNpb249MS40Mi1wcmV2aWV3SW50ZXJuYWw=",
      "RequestMethod": "GET",
      "RequestBody": "",
      "RequestHeaders": {
        "User-Agent": [
          "Microsoft.Azure.Graph.RBAC.GraphRbacManagementClient/1.0.0.0"
        ]
      },
      "ResponseBody": "{\r\n  \"odata.metadata\": \"https://graph.windows.net/8448c020-6abd-43d5-8ebc-410f7b59ffa9/$metadata#directoryObjects/Microsoft.WindowsAzure.ActiveDirectory.User/@Element\",\r\n  \"odata.type\": \"Microsoft.WindowsAzure.ActiveDirectory.User\",\r\n  \"objectType\": \"User\",\r\n  \"objectId\": \"c98f1ad6-17bd-46ef-b9c2-820ee601d54e\",\r\n  \"softDeletionTimestamp\": null,\r\n  \"acceptedAs\": null,\r\n  \"acceptedOn\": null,\r\n  \"accountEnabled\": true,\r\n  \"alternativeSecurityIds\": [],\r\n  \"appMetadata\": null,\r\n  \"assignedLicenses\": [],\r\n  \"assignedPlans\": [],\r\n  \"city\": null,\r\n  \"country\": null,\r\n  \"creationType\": null,\r\n  \"department\": null,\r\n  \"dirSyncEnabled\": null,\r\n  \"displayName\": \"KeyVaultSdkTester1\",\r\n  \"extensionAttribute1\": null,\r\n  \"extensionAttribute2\": null,\r\n  \"extensionAttribute3\": null,\r\n  \"extensionAttribute4\": null,\r\n  \"extensionAttribute5\": null,\r\n  \"extensionAttribute6\": null,\r\n  \"extensionAttribute7\": null,\r\n  \"extensionAttribute8\": null,\r\n  \"extensionAttribute9\": null,\r\n  \"extensionAttribute10\": null,\r\n  \"extensionAttribute11\": null,\r\n  \"extensionAttribute12\": null,\r\n  \"extensionAttribute13\": null,\r\n  \"extensionAttribute14\": null,\r\n  \"extensionAttribute15\": null,\r\n  \"facsimileTelephoneNumber\": null,\r\n  \"givenName\": \"KeyVaultSdkTester1\",\r\n  \"immutableId\": null,\r\n  \"invitedOn\": null,\r\n  \"inviteReplyUrl\": [],\r\n  \"inviteResources\": [],\r\n  \"inviteTicket\": [],\r\n  \"isCompromised\": null,\r\n  \"jobTitle\": null,\r\n  \"jrnlAddress\": null,\r\n  \"lastDirSyncTime\": null,\r\n  \"logonIdentifiers\": [],\r\n  \"mail\": null,\r\n  \"mailNickname\": \"keyvaultsdktester1\",\r\n  \"mobile\": null,\r\n  \"netId\": \"10037FFE9109F2F6\",\r\n  \"onPremiseSecurityIdentifier\": null,\r\n  \"otherMails\": [],\r\n  \"passwordPolicies\": \"None\",\r\n  \"passwordProfile\": null,\r\n  \"physicalDeliveryOfficeName\": null,\r\n  \"postalCode\": null,\r\n  \"preferredLanguage\": null,\r\n  \"primarySMTPAddress\": null,\r\n  \"provisionedPlans\": [],\r\n  \"provisioningErrors\": [],\r\n  \"proxyAddresses\": [],\r\n  \"searchableDeviceKey\": [],\r\n  \"selfServePasswordResetData\": null,\r\n  \"signInName\": \"keyvaultsdktester1@keyvaultsdktestdg.onmicrosoft.com\",\r\n  \"sipProxyAddress\": null,\r\n  \"smtpAddresses\": [],\r\n  \"state\": null,\r\n  \"streetAddress\": null,\r\n  \"surname\": null,\r\n  \"telephoneNumber\": null,\r\n  \"usageLocation\": null,\r\n  \"userPrincipalName\": \"keyvaultsdktester1@keyvaultsdktestdg.onmicrosoft.com\",\r\n  \"userState\": null,\r\n  \"userStateChangedOn\": null,\r\n  \"userType\": \"Member\"\r\n}",
      "ResponseHeaders": {
        "Content-Length": [
          "2019"
        ],
        "Content-Type": [
          "application/json; odata=minimalmetadata; streaming=true; charset=utf-8"
        ],
        "Expires": [
          "-1"
        ],
        "Pragma": [
          "no-cache"
        ],
        "ocp-aad-diagnostics-server-name": [
          "MZl/hA8XpttsVIldt7MY8/8xS+QCIPIdkqsWyJMNDKo="
        ],
        "request-id": [
          "0217e776-206b-421f-ba82-7fcf48ba037b"
        ],
        "client-request-id": [
          "c2c36f2e-fce2-4da2-8692-19a9c1dfff77"
        ],
        "x-ms-gateway-rewrite": [
          "false"
        ],
        "x-ms-dirapi-data-contract-version": [
          "1.42-previewInternal"
        ],
        "ocp-aad-session-key": [
          "jUjbzDqsN5TGWtTdvwuV798CwnHXQoOh-HlaNp7mmRaIgebZ_jFHmmFnLhJAiHbkJSNjAgNIyEn0q0Pq98qOFWea51qSKwInlJFI3fDYoS4D_zmBfaEnJjErO5LWh7LdlciIDSnyOjxXhYKSua1dUA.bXj4VR12exT4mZ2VJYvKHLleeGR3rsQ3mSnyQUp5kH4"
        ],
        "X-Content-Type-Options": [
          "nosniff"
        ],
        "DataServiceVersion": [
          "3.0;"
        ],
        "Strict-Transport-Security": [
          "max-age=31536000; includeSubDomains"
        ],
        "Access-Control-Allow-Origin": [
          "*"
        ],
        "Cache-Control": [
          "no-cache"
        ],
        "Server": [
          "Microsoft-IIS/8.5"
        ],
        "X-AspNet-Version": [
          "4.0.30319"
        ],
        "X-Powered-By": [
          "ASP.NET",
          "ASP.NET"
        ],
        "Date": [
          "Tue, 16 Jun 2015 17:41:41 GMT"
        ]
      },
      "StatusCode": 200
    },
    {
      "RequestUri": "/8448c020-6abd-43d5-8ebc-410f7b59ffa9/users/c98f1ad6-17bd-46ef-b9c2-820ee601d54e?api-version=1.42-previewInternal",
      "EncodedRequestUri": "Lzg0NDhjMDIwLTZhYmQtNDNkNS04ZWJjLTQxMGY3YjU5ZmZhOS91c2Vycy9jOThmMWFkNi0xN2JkLTQ2ZWYtYjljMi04MjBlZTYwMWQ1NGU/YXBpLXZlcnNpb249MS40Mi1wcmV2aWV3SW50ZXJuYWw=",
      "RequestMethod": "GET",
      "RequestBody": "",
      "RequestHeaders": {
        "User-Agent": [
          "Microsoft.Azure.Graph.RBAC.GraphRbacManagementClient/1.0.0.0"
        ]
      },
      "ResponseBody": "{\r\n  \"odata.metadata\": \"https://graph.windows.net/8448c020-6abd-43d5-8ebc-410f7b59ffa9/$metadata#directoryObjects/Microsoft.WindowsAzure.ActiveDirectory.User/@Element\",\r\n  \"odata.type\": \"Microsoft.WindowsAzure.ActiveDirectory.User\",\r\n  \"objectType\": \"User\",\r\n  \"objectId\": \"c98f1ad6-17bd-46ef-b9c2-820ee601d54e\",\r\n  \"softDeletionTimestamp\": null,\r\n  \"acceptedAs\": null,\r\n  \"acceptedOn\": null,\r\n  \"accountEnabled\": true,\r\n  \"alternativeSecurityIds\": [],\r\n  \"appMetadata\": null,\r\n  \"assignedLicenses\": [],\r\n  \"assignedPlans\": [],\r\n  \"city\": null,\r\n  \"country\": null,\r\n  \"creationType\": null,\r\n  \"department\": null,\r\n  \"dirSyncEnabled\": null,\r\n  \"displayName\": \"KeyVaultSdkTester1\",\r\n  \"extensionAttribute1\": null,\r\n  \"extensionAttribute2\": null,\r\n  \"extensionAttribute3\": null,\r\n  \"extensionAttribute4\": null,\r\n  \"extensionAttribute5\": null,\r\n  \"extensionAttribute6\": null,\r\n  \"extensionAttribute7\": null,\r\n  \"extensionAttribute8\": null,\r\n  \"extensionAttribute9\": null,\r\n  \"extensionAttribute10\": null,\r\n  \"extensionAttribute11\": null,\r\n  \"extensionAttribute12\": null,\r\n  \"extensionAttribute13\": null,\r\n  \"extensionAttribute14\": null,\r\n  \"extensionAttribute15\": null,\r\n  \"facsimileTelephoneNumber\": null,\r\n  \"givenName\": \"KeyVaultSdkTester1\",\r\n  \"immutableId\": null,\r\n  \"invitedOn\": null,\r\n  \"inviteReplyUrl\": [],\r\n  \"inviteResources\": [],\r\n  \"inviteTicket\": [],\r\n  \"isCompromised\": null,\r\n  \"jobTitle\": null,\r\n  \"jrnlAddress\": null,\r\n  \"lastDirSyncTime\": null,\r\n  \"logonIdentifiers\": [],\r\n  \"mail\": null,\r\n  \"mailNickname\": \"keyvaultsdktester1\",\r\n  \"mobile\": null,\r\n  \"netId\": \"10037FFE9109F2F6\",\r\n  \"onPremiseSecurityIdentifier\": null,\r\n  \"otherMails\": [],\r\n  \"passwordPolicies\": \"None\",\r\n  \"passwordProfile\": null,\r\n  \"physicalDeliveryOfficeName\": null,\r\n  \"postalCode\": null,\r\n  \"preferredLanguage\": null,\r\n  \"primarySMTPAddress\": null,\r\n  \"provisionedPlans\": [],\r\n  \"provisioningErrors\": [],\r\n  \"proxyAddresses\": [],\r\n  \"searchableDeviceKey\": [],\r\n  \"selfServePasswordResetData\": null,\r\n  \"signInName\": \"keyvaultsdktester1@keyvaultsdktestdg.onmicrosoft.com\",\r\n  \"sipProxyAddress\": null,\r\n  \"smtpAddresses\": [],\r\n  \"state\": null,\r\n  \"streetAddress\": null,\r\n  \"surname\": null,\r\n  \"telephoneNumber\": null,\r\n  \"usageLocation\": null,\r\n  \"userPrincipalName\": \"keyvaultsdktester1@keyvaultsdktestdg.onmicrosoft.com\",\r\n  \"userState\": null,\r\n  \"userStateChangedOn\": null,\r\n  \"userType\": \"Member\"\r\n}",
      "ResponseHeaders": {
        "Content-Length": [
          "2019"
        ],
        "Content-Type": [
          "application/json; odata=minimalmetadata; streaming=true; charset=utf-8"
        ],
        "Expires": [
          "-1"
        ],
        "Pragma": [
          "no-cache"
        ],
        "ocp-aad-diagnostics-server-name": [
          "FpbEqwjNE5UgQMRKJCh+5oT77dK8Xy2HF5eIvb2XUK4="
        ],
        "request-id": [
          "a24fe010-08a5-433a-a345-5ed42eb6de3b"
        ],
        "client-request-id": [
          "29166c33-b196-402a-b5ca-5989aaa5999e"
        ],
        "x-ms-gateway-rewrite": [
          "false"
        ],
        "x-ms-dirapi-data-contract-version": [
          "1.42-previewInternal"
        ],
        "ocp-aad-session-key": [
          "ugfecKbVB8JI_vS-1lmXGVRMUvp7N79QkIzPhn7QfWOKkvDicZJtJRt5D9qmmhojrKSWr7V8rl_zI0LGXh--jrMT7Y0ft_qi-GoZjjYlRf_g2JTcYNToVQdBQHgjy3Xz0j7uTtiMnFcxDILdKMxdPg.YHqAE9GBR7CITjlgYEpq8-tEG0uzi8O4YSvoeiBQrHU"
        ],
        "X-Content-Type-Options": [
          "nosniff"
        ],
        "DataServiceVersion": [
          "3.0;"
        ],
        "Strict-Transport-Security": [
          "max-age=31536000; includeSubDomains"
        ],
        "Access-Control-Allow-Origin": [
          "*"
        ],
        "Cache-Control": [
          "no-cache"
        ],
        "Server": [
          "Microsoft-IIS/8.5"
        ],
        "X-AspNet-Version": [
          "4.0.30319"
        ],
        "X-Powered-By": [
          "ASP.NET",
          "ASP.NET"
        ],
        "Date": [
          "Tue, 16 Jun 2015 17:41:41 GMT"
        ]
      },
      "StatusCode": 200
    },
    {
      "RequestUri": "/subscriptions/31bdf18e-b058-4d3a-838c-e123ac60bc43/resourceGroups/pshtestrg6355/providers/Microsoft.KeyVault/vaults/pshtestvault4651?api-version=2015-06-01",
      "EncodedRequestUri": "L3N1YnNjcmlwdGlvbnMvMzFiZGYxOGUtYjA1OC00ZDNhLTgzOGMtZTEyM2FjNjBiYzQzL3Jlc291cmNlR3JvdXBzL3BzaHRlc3RyZzYzNTUvcHJvdmlkZXJzL01pY3Jvc29mdC5LZXlWYXVsdC92YXVsdHMvcHNodGVzdHZhdWx0NDY1MT9hcGktdmVyc2lvbj0yMDE1LTA2LTAx",
      "RequestMethod": "PUT",
      "RequestBody": "{\r\n  \"properties\": {\r\n    \"vaultUri\": \"https://pshtestvault4651.vault.azure.net/\",\r\n    \"tenantId\": \"8448c020-6abd-43d5-8ebc-410f7b59ffa9\",\r\n    \"sku\": {\r\n      \"family\": \"A\",\r\n      \"name\": \"Premium\"\r\n    },\r\n    \"accessPolicies\": [\r\n      {\r\n        \"tenantId\": \"8448c020-6abd-43d5-8ebc-410f7b59ffa9\",\r\n        \"objectId\": \"c98f1ad6-17bd-46ef-b9c2-820ee601d54e\",\r\n        \"applicationId\": \"860e0108-2ed4-4cc4-a108-4e84d1c9e39f\",\r\n        \"permissions\": {\r\n          \"keys\": [\r\n            \"encrypt\",\r\n            \"decrypt\"\r\n          ]\r\n        }\r\n      }\r\n    ],\r\n    \"enabledForDeployment\": false\r\n  },\r\n  \"location\": \"northcentralus\",\r\n  \"tags\": {}\r\n}",
      "RequestHeaders": {
        "Content-Type": [
          "application/json; charset=utf-8"
        ],
        "Content-Length": [
          "656"
        ],
        "User-Agent": [
          "Microsoft.Azure.Management.KeyVault.KeyVaultManagementClient/1.0.0.0"
        ]
      },
      "ResponseBody": "{\r\n  \"id\": \"/subscriptions/31bdf18e-b058-4d3a-838c-e123ac60bc43/resourceGroups/pshtestrg6355/providers/Microsoft.KeyVault/vaults/pshtestvault4651\",\r\n  \"name\": \"pshtestvault4651\",\r\n  \"type\": \"Microsoft.KeyVault/vaults\",\r\n  \"location\": \"northcentralus\",\r\n  \"tags\": {},\r\n  \"properties\": {\r\n    \"sku\": {\r\n      \"family\": \"A\",\r\n      \"name\": \"Premium\"\r\n    },\r\n    \"tenantId\": \"8448c020-6abd-43d5-8ebc-410f7b59ffa9\",\r\n    \"accessPolicies\": [\r\n      {\r\n        \"tenantId\": \"8448c020-6abd-43d5-8ebc-410f7b59ffa9\",\r\n        \"objectId\": \"c98f1ad6-17bd-46ef-b9c2-820ee601d54e\",\r\n        \"applicationId\": \"860e0108-2ed4-4cc4-a108-4e84d1c9e39f\",\r\n        \"permissions\": {\r\n          \"keys\": [\r\n            \"encrypt\",\r\n            \"decrypt\"\r\n          ]\r\n        }\r\n      }\r\n    ],\r\n    \"enabledForDeployment\": false,\r\n    \"vaultUri\": \"https://pshtestvault4651.vault.azure.net/\"\r\n  }\r\n}",
      "ResponseHeaders": {
        "Content-Length": [
          "649"
        ],
        "Content-Type": [
          "application/json; charset=utf-8"
        ],
        "Expires": [
          "-1"
        ],
        "Pragma": [
          "no-cache"
        ],
        "Strict-Transport-Security": [
          "max-age=31536000; includeSubDomains"
        ],
        "x-ms-ratelimit-remaining-subscription-writes": [
          "1197"
        ],
        "x-ms-request-id": [
          "d8e5da83-fb88-4206-a8e2-4f1d8791dc7e"
        ],
        "x-ms-correlation-request-id": [
          "d8e5da83-fb88-4206-a8e2-4f1d8791dc7e"
        ],
        "x-ms-routing-request-id": [
          "WESTUS:20150616T174141Z:d8e5da83-fb88-4206-a8e2-4f1d8791dc7e"
        ],
        "Cache-Control": [
          "no-cache"
        ],
        "Date": [
          "Tue, 16 Jun 2015 17:41:41 GMT"
        ],
        "Server": [
          "Microsoft-IIS/8.5"
        ],
        "X-AspNet-Version": [
          "4.0.30319"
        ],
        "X-Powered-By": [
          "ASP.NET"
        ]
      },
      "StatusCode": 200
    },
    {
      "RequestUri": "/subscriptions/31bdf18e-b058-4d3a-838c-e123ac60bc43/resourceGroups/pshtestrg6355/providers/Microsoft.KeyVault/vaults/pshtestvault4651?api-version=2015-06-01",
      "EncodedRequestUri": "L3N1YnNjcmlwdGlvbnMvMzFiZGYxOGUtYjA1OC00ZDNhLTgzOGMtZTEyM2FjNjBiYzQzL3Jlc291cmNlR3JvdXBzL3BzaHRlc3RyZzYzNTUvcHJvdmlkZXJzL01pY3Jvc29mdC5LZXlWYXVsdC92YXVsdHMvcHNodGVzdHZhdWx0NDY1MT9hcGktdmVyc2lvbj0yMDE1LTA2LTAx",
      "RequestMethod": "PUT",
      "RequestBody": "{\r\n  \"properties\": {\r\n    \"vaultUri\": \"https://pshtestvault4651.vault.azure.net/\",\r\n    \"tenantId\": \"8448c020-6abd-43d5-8ebc-410f7b59ffa9\",\r\n    \"sku\": {\r\n      \"family\": \"A\",\r\n      \"name\": \"Premium\"\r\n    },\r\n    \"accessPolicies\": [],\r\n    \"enabledForDeployment\": true\r\n  },\r\n  \"location\": \"northcentralus\",\r\n  \"tags\": {}\r\n}",
      "RequestHeaders": {
        "Content-Type": [
          "application/json; charset=utf-8"
        ],
        "Content-Length": [
          "325"
        ],
        "User-Agent": [
          "Microsoft.Azure.Management.KeyVault.KeyVaultManagementClient/1.0.0.0"
        ]
      },
      "ResponseBody": "{\r\n  \"id\": \"/subscriptions/31bdf18e-b058-4d3a-838c-e123ac60bc43/resourceGroups/pshtestrg6355/providers/Microsoft.KeyVault/vaults/pshtestvault4651\",\r\n  \"name\": \"pshtestvault4651\",\r\n  \"type\": \"Microsoft.KeyVault/vaults\",\r\n  \"location\": \"northcentralus\",\r\n  \"tags\": {},\r\n  \"properties\": {\r\n    \"sku\": {\r\n      \"family\": \"A\",\r\n      \"name\": \"Premium\"\r\n    },\r\n    \"tenantId\": \"8448c020-6abd-43d5-8ebc-410f7b59ffa9\",\r\n    \"accessPolicies\": [],\r\n    \"enabledForDeployment\": true,\r\n    \"vaultUri\": \"https://pshtestvault4651.vault.azure.net/\"\r\n  }\r\n}",
      "ResponseHeaders": {
        "Content-Length": [
          "447"
        ],
        "Content-Type": [
          "application/json; charset=utf-8"
        ],
        "Expires": [
          "-1"
        ],
        "Pragma": [
          "no-cache"
        ],
        "Strict-Transport-Security": [
          "max-age=31536000; includeSubDomains"
        ],
        "x-ms-ratelimit-remaining-subscription-writes": [
          "1196"
        ],
        "x-ms-request-id": [
          "2e2c17ed-e81e-4324-87dc-68592e7444af"
        ],
        "x-ms-correlation-request-id": [
          "2e2c17ed-e81e-4324-87dc-68592e7444af"
        ],
        "x-ms-routing-request-id": [
          "WESTUS:20150616T174142Z:2e2c17ed-e81e-4324-87dc-68592e7444af"
        ],
        "Cache-Control": [
          "no-cache"
        ],
        "Date": [
          "Tue, 16 Jun 2015 17:41:42 GMT"
        ],
        "Server": [
          "Microsoft-IIS/8.5"
        ],
        "X-AspNet-Version": [
          "4.0.30319"
        ],
        "X-Powered-By": [
          "ASP.NET"
        ]
      },
      "StatusCode": 200
    }
  ],
  "Names": {},
  "Variables": {
    "ResourceGroupName": "pshtestrg6355",
    "Location": "northcentralus",
    "PreCreatedVault": "pshtestvault4651",
    "SubscriptionId": "31bdf18e-b058-4d3a-838c-e123ac60bc43",
    "User": "keyvaultsdktester1@keyvaultsdktestdg.onmicrosoft.com",
    "AppId1": "860e0108-2ed4-4cc4-a108-4e84d1c9e39f",
    "TenantId": "8448c020-6abd-43d5-8ebc-410f7b59ffa9",
    "Domain": "keyvaultsdktestdg.onmicrosoft.com"
  }
}