{
  "Entries": [
    {
      "RequestUri": "/subscriptions/86193581-bb76-44a9-9110-8cf6dbcbfea5/resourceGroups/pshtestrg2690/providers/Microsoft.KeyVault/vaults/pshtestvault2489?api-version=2014-12-19-PREVIEW",
      "EncodedRequestUri": "L3N1YnNjcmlwdGlvbnMvODYxOTM1ODEtYmI3Ni00NGE5LTkxMTAtOGNmNmRiY2JmZWE1L3Jlc291cmNlR3JvdXBzL3BzaHRlc3RyZzI2OTAvcHJvdmlkZXJzL01pY3Jvc29mdC5LZXlWYXVsdC92YXVsdHMvcHNodGVzdHZhdWx0MjQ4OT9hcGktdmVyc2lvbj0yMDE0LTEyLTE5LVBSRVZJRVc=",
      "RequestMethod": "GET",
      "RequestBody": "",
      "RequestHeaders": {
        "User-Agent": [
          "Microsoft.Azure.Management.KeyVault.KeyVaultManagementClient/0.9.0.0"
        ]
      },
      "ResponseBody": "{\r\n  \"id\": \"/subscriptions/86193581-bb76-44a9-9110-8cf6dbcbfea5/resourceGroups/pshtestrg2690/providers/Microsoft.KeyVault/vaults/pshtestvault2489\",\r\n  \"name\": \"pshtestvault2489\",\r\n  \"type\": \"Microsoft.KeyVault/vaults\",\r\n  \"location\": \"northcentralus\",\r\n  \"tags\": {\r\n    \"testtag\": \"testvalue\"\r\n  },\r\n  \"properties\": {\r\n    \"sku\": {\r\n      \"family\": \"A\",\r\n      \"name\": \"Premium\"\r\n    },\r\n    \"tenantId\": \"71ecaf6c-7521-4953-ba5f-e55c260af004\",\r\n    \"accessPolicies\": [],\r\n    \"enabledForDeployment\": false,\r\n    \"vaultUri\": \"https://pshtestvault2489.vault.azure.net/\"\r\n  }\r\n}",
      "ResponseHeaders": {
        "Content-Length": [
          "469"
        ],
        "Content-Type": [
          "application/json; charset=utf-8"
        ],
        "Expires": [
          "-1"
        ],
        "Pragma": [
          "no-cache"
        ],
        "Strict-Transport-Security": [
          "max-age=31536000; includeSubDomains"
        ],
        "x-ms-ratelimit-remaining-subscription-reads": [
          "14967"
        ],
        "x-ms-request-id": [
          "2b01e46a-bc23-4657-83f9-8690794e1717"
        ],
        "x-ms-correlation-request-id": [
          "2b01e46a-bc23-4657-83f9-8690794e1717"
        ],
        "x-ms-routing-request-id": [
          "WESTUS:20150515T233858Z:2b01e46a-bc23-4657-83f9-8690794e1717"
        ],
        "Cache-Control": [
          "no-cache"
        ],
        "Date": [
          "Fri, 15 May 2015 23:38:57 GMT"
        ],
        "Server": [
          "Microsoft-IIS/8.5"
        ],
        "X-AspNet-Version": [
          "4.0.30319"
        ],
        "X-Powered-By": [
          "ASP.NET"
        ]
      },
      "StatusCode": 200
    },
    {
      "RequestUri": "/subscriptions/86193581-bb76-44a9-9110-8cf6dbcbfea5/resourceGroups/pshtestrg2690/providers/Microsoft.KeyVault/vaults/pshtestvault2489?api-version=2014-12-19-PREVIEW",
      "EncodedRequestUri": "L3N1YnNjcmlwdGlvbnMvODYxOTM1ODEtYmI3Ni00NGE5LTkxMTAtOGNmNmRiY2JmZWE1L3Jlc291cmNlR3JvdXBzL3BzaHRlc3RyZzI2OTAvcHJvdmlkZXJzL01pY3Jvc29mdC5LZXlWYXVsdC92YXVsdHMvcHNodGVzdHZhdWx0MjQ4OT9hcGktdmVyc2lvbj0yMDE0LTEyLTE5LVBSRVZJRVc=",
      "RequestMethod": "GET",
      "RequestBody": "",
      "RequestHeaders": {
        "User-Agent": [
          "Microsoft.Azure.Management.KeyVault.KeyVaultManagementClient/0.9.0.0"
        ]
      },
      "ResponseBody": "{\r\n  \"id\": \"/subscriptions/86193581-bb76-44a9-9110-8cf6dbcbfea5/resourceGroups/pshtestrg2690/providers/Microsoft.KeyVault/vaults/pshtestvault2489\",\r\n  \"name\": \"pshtestvault2489\",\r\n  \"type\": \"Microsoft.KeyVault/vaults\",\r\n  \"location\": \"northcentralus\",\r\n  \"tags\": {},\r\n  \"properties\": {\r\n    \"sku\": {\r\n      \"family\": \"A\",\r\n      \"name\": \"Premium\"\r\n    },\r\n    \"tenantId\": \"71ecaf6c-7521-4953-ba5f-e55c260af004\",\r\n    \"accessPolicies\": [\r\n      {\r\n        \"tenantId\": \"71ecaf6c-7521-4953-ba5f-e55c260af004\",\r\n        \"objectId\": \"9a3042c3-fc03-4ee2-9930-7d48eb74563c\",\r\n        \"permissions\": {\r\n          \"keys\": [\r\n            \"encrypt\",\r\n            \"decrypt\",\r\n            \"unwrapKey\",\r\n            \"wrapKey\",\r\n            \"verify\",\r\n            \"sign\",\r\n            \"get\",\r\n            \"list\",\r\n            \"update\",\r\n            \"create\",\r\n            \"import\",\r\n            \"delete\",\r\n            \"backup\",\r\n            \"restore\"\r\n          ],\r\n          \"secrets\": [\r\n            \"get\",\r\n            \"list\",\r\n            \"set\",\r\n            \"delete\"\r\n          ]\r\n        }\r\n      }\r\n    ],\r\n    \"enabledForDeployment\": false,\r\n    \"vaultUri\": \"https://pshtestvault2489.vault.azure.net/\"\r\n  }\r\n}",
      "ResponseHeaders": {
        "Content-Length": [
          "740"
        ],
        "Content-Type": [
          "application/json; charset=utf-8"
        ],
        "Expires": [
          "-1"
        ],
        "Pragma": [
          "no-cache"
        ],
        "Strict-Transport-Security": [
          "max-age=31536000; includeSubDomains"
        ],
        "x-ms-ratelimit-remaining-subscription-reads": [
          "14966"
        ],
        "x-ms-request-id": [
          "32e50948-ef1a-4310-9969-d79261cb4136"
        ],
        "x-ms-correlation-request-id": [
          "32e50948-ef1a-4310-9969-d79261cb4136"
        ],
        "x-ms-routing-request-id": [
          "WESTUS:20150515T233901Z:32e50948-ef1a-4310-9969-d79261cb4136"
        ],
        "Cache-Control": [
          "no-cache"
        ],
        "Date": [
          "Fri, 15 May 2015 23:39:00 GMT"
        ],
        "Server": [
          "Microsoft-IIS/8.5"
        ],
        "X-AspNet-Version": [
          "4.0.30319"
        ],
        "X-Powered-By": [
          "ASP.NET"
        ]
      },
      "StatusCode": 200
    },
    {
      "RequestUri": "/71ecaf6c-7521-4953-ba5f-e55c260af004/users/kvtest@yuhuizhotmail.onmicrosoft.com?api-version=1.42-previewInternal",
      "EncodedRequestUri": "LzcxZWNhZjZjLTc1MjEtNDk1My1iYTVmLWU1NWMyNjBhZjAwNC91c2Vycy9rdnRlc3RAeXVodWl6aG90bWFpbC5vbm1pY3Jvc29mdC5jb20/YXBpLXZlcnNpb249MS40Mi1wcmV2aWV3SW50ZXJuYWw=",
      "RequestMethod": "GET",
      "RequestBody": "",
      "RequestHeaders": {
        "User-Agent": [
          "Microsoft.Azure.Graph.RBAC.GraphRbacManagementClient/1.0.0.0"
        ]
      },
      "ResponseBody": "{\r\n  \"odata.metadata\": \"https://graph.windows.net/71ecaf6c-7521-4953-ba5f-e55c260af004/$metadata#directoryObjects/Microsoft.WindowsAzure.ActiveDirectory.User/@Element\",\r\n  \"odata.type\": \"Microsoft.WindowsAzure.ActiveDirectory.User\",\r\n  \"objectType\": \"User\",\r\n  \"objectId\": \"9a3042c3-fc03-4ee2-9930-7d48eb74563c\",\r\n  \"softDeletionTimestamp\": null,\r\n  \"acceptedAs\": null,\r\n  \"acceptedOn\": null,\r\n  \"accountEnabled\": true,\r\n  \"alternativeSecurityIds\": [],\r\n  \"appMetadata\": null,\r\n  \"assignedLicenses\": [],\r\n  \"assignedPlans\": [],\r\n  \"city\": null,\r\n  \"country\": null,\r\n  \"creationType\": null,\r\n  \"department\": null,\r\n  \"dirSyncEnabled\": null,\r\n  \"displayName\": \"kvtest\",\r\n  \"extensionAttribute1\": null,\r\n  \"extensionAttribute2\": null,\r\n  \"extensionAttribute3\": null,\r\n  \"extensionAttribute4\": null,\r\n  \"extensionAttribute5\": null,\r\n  \"extensionAttribute6\": null,\r\n  \"extensionAttribute7\": null,\r\n  \"extensionAttribute8\": null,\r\n  \"extensionAttribute9\": null,\r\n  \"extensionAttribute10\": null,\r\n  \"extensionAttribute11\": null,\r\n  \"extensionAttribute12\": null,\r\n  \"extensionAttribute13\": null,\r\n  \"extensionAttribute14\": null,\r\n  \"extensionAttribute15\": null,\r\n  \"facsimileTelephoneNumber\": null,\r\n  \"givenName\": \"kvtest\",\r\n  \"immutableId\": null,\r\n  \"invitedOn\": null,\r\n  \"inviteReplyUrl\": [],\r\n  \"inviteResources\": [],\r\n  \"inviteTicket\": [],\r\n  \"isCompromised\": null,\r\n  \"jobTitle\": null,\r\n  \"jrnlAddress\": null,\r\n  \"lastDirSyncTime\": null,\r\n  \"logonIdentifiers\": [],\r\n  \"mail\": null,\r\n  \"mailNickname\": \"kvtest\",\r\n  \"mobile\": null,\r\n  \"netId\": \"1003BFFD90AD2ADE\",\r\n  \"onPremiseSecurityIdentifier\": null,\r\n  \"otherMails\": [],\r\n  \"passwordPolicies\": \"None\",\r\n  \"passwordProfile\": null,\r\n  \"physicalDeliveryOfficeName\": null,\r\n  \"postalCode\": null,\r\n  \"preferredLanguage\": null,\r\n  \"primarySMTPAddress\": null,\r\n  \"provisionedPlans\": [],\r\n  \"provisioningErrors\": [],\r\n  \"proxyAddresses\": [],\r\n  \"searchableDeviceKey\": [],\r\n  \"selfServePasswordResetData\": null,\r\n  \"signInName\": \"kvtest@yuhuizhotmail.onmicrosoft.com\",\r\n  \"sipProxyAddress\": null,\r\n  \"smtpAddresses\": [],\r\n  \"state\": null,\r\n  \"streetAddress\": null,\r\n  \"surname\": null,\r\n  \"telephoneNumber\": null,\r\n  \"usageLocation\": null,\r\n  \"userPrincipalName\": \"kvtest@yuhuizhotmail.onmicrosoft.com\",\r\n  \"userState\": null,\r\n  \"userStateChangedOn\": null,\r\n  \"userType\": \"Member\"\r\n}",
      "ResponseHeaders": {
        "Content-Length": [
          "1951"
        ],
        "Content-Type": [
          "application/json; odata=minimalmetadata; streaming=true; charset=utf-8"
        ],
        "Expires": [
          "-1"
        ],
        "Pragma": [
          "no-cache"
        ],
        "ocp-aad-diagnostics-server-name": [
          "Oqko02haJxDTRhctK/G36gK387+J0M2ZgOrTBM5zf4M="
        ],
        "request-id": [
          "3cd224fa-9298-431a-b12d-4c5d1087fcfd"
        ],
        "client-request-id": [
          "4ea5e33a-2db8-432f-ad07-f201f5e58c5f"
        ],
        "x-ms-gateway-rewrite": [
          "false"
        ],
        "x-ms-dirapi-data-contract-version": [
          "1.42-previewInternal"
        ],
        "ocp-aad-session-key": [
          "sYheaGY_1xRNET7LhN74jS55LCX5FzppE612ETEm47jcLzJjwp5KP0TryLVpyVBwlH5MWF4ikHbbkvoaAenpSyoaSQEOyvHD7sm-m6sGizRTgfua6sh_X2yZHXzMOyQjDvDSXXzRhAqqHmwwFGjZ1g._WjrqpsoR4pWRlT5FPIzupGNqMt7-D_XGrbLtZ4iNRU"
        ],
        "X-Content-Type-Options": [
          "nosniff"
        ],
        "DataServiceVersion": [
          "3.0;"
        ],
        "Strict-Transport-Security": [
          "max-age=31536000; includeSubDomains"
        ],
        "Access-Control-Allow-Origin": [
          "*"
        ],
        "Cache-Control": [
          "no-cache"
        ],
        "Server": [
          "Microsoft-IIS/8.5"
        ],
        "X-AspNet-Version": [
          "4.0.30319"
        ],
        "X-Powered-By": [
          "ASP.NET",
          "ASP.NET"
        ],
        "Date": [
          "Fri, 15 May 2015 23:38:58 GMT"
        ]
      },
      "StatusCode": 200
    },
    {
      "RequestUri": "/71ecaf6c-7521-4953-ba5f-e55c260af004/users/kvtest@yuhuizhotmail.onmicrosoft.com?api-version=1.42-previewInternal",
      "EncodedRequestUri": "LzcxZWNhZjZjLTc1MjEtNDk1My1iYTVmLWU1NWMyNjBhZjAwNC91c2Vycy9rdnRlc3RAeXVodWl6aG90bWFpbC5vbm1pY3Jvc29mdC5jb20/YXBpLXZlcnNpb249MS40Mi1wcmV2aWV3SW50ZXJuYWw=",
      "RequestMethod": "GET",
      "RequestBody": "",
      "RequestHeaders": {
        "User-Agent": [
          "Microsoft.Azure.Graph.RBAC.GraphRbacManagementClient/1.0.0.0"
        ]
      },
      "ResponseBody": "{\r\n  \"odata.metadata\": \"https://graph.windows.net/71ecaf6c-7521-4953-ba5f-e55c260af004/$metadata#directoryObjects/Microsoft.WindowsAzure.ActiveDirectory.User/@Element\",\r\n  \"odata.type\": \"Microsoft.WindowsAzure.ActiveDirectory.User\",\r\n  \"objectType\": \"User\",\r\n  \"objectId\": \"9a3042c3-fc03-4ee2-9930-7d48eb74563c\",\r\n  \"softDeletionTimestamp\": null,\r\n  \"acceptedAs\": null,\r\n  \"acceptedOn\": null,\r\n  \"accountEnabled\": true,\r\n  \"alternativeSecurityIds\": [],\r\n  \"appMetadata\": null,\r\n  \"assignedLicenses\": [],\r\n  \"assignedPlans\": [],\r\n  \"city\": null,\r\n  \"country\": null,\r\n  \"creationType\": null,\r\n  \"department\": null,\r\n  \"dirSyncEnabled\": null,\r\n  \"displayName\": \"kvtest\",\r\n  \"extensionAttribute1\": null,\r\n  \"extensionAttribute2\": null,\r\n  \"extensionAttribute3\": null,\r\n  \"extensionAttribute4\": null,\r\n  \"extensionAttribute5\": null,\r\n  \"extensionAttribute6\": null,\r\n  \"extensionAttribute7\": null,\r\n  \"extensionAttribute8\": null,\r\n  \"extensionAttribute9\": null,\r\n  \"extensionAttribute10\": null,\r\n  \"extensionAttribute11\": null,\r\n  \"extensionAttribute12\": null,\r\n  \"extensionAttribute13\": null,\r\n  \"extensionAttribute14\": null,\r\n  \"extensionAttribute15\": null,\r\n  \"facsimileTelephoneNumber\": null,\r\n  \"givenName\": \"kvtest\",\r\n  \"immutableId\": null,\r\n  \"invitedOn\": null,\r\n  \"inviteReplyUrl\": [],\r\n  \"inviteResources\": [],\r\n  \"inviteTicket\": [],\r\n  \"isCompromised\": null,\r\n  \"jobTitle\": null,\r\n  \"jrnlAddress\": null,\r\n  \"lastDirSyncTime\": null,\r\n  \"logonIdentifiers\": [],\r\n  \"mail\": null,\r\n  \"mailNickname\": \"kvtest\",\r\n  \"mobile\": null,\r\n  \"netId\": \"1003BFFD90AD2ADE\",\r\n  \"onPremiseSecurityIdentifier\": null,\r\n  \"otherMails\": [],\r\n  \"passwordPolicies\": \"None\",\r\n  \"passwordProfile\": null,\r\n  \"physicalDeliveryOfficeName\": null,\r\n  \"postalCode\": null,\r\n  \"preferredLanguage\": null,\r\n  \"primarySMTPAddress\": null,\r\n  \"provisionedPlans\": [],\r\n  \"provisioningErrors\": [],\r\n  \"proxyAddresses\": [],\r\n  \"searchableDeviceKey\": [],\r\n  \"selfServePasswordResetData\": null,\r\n  \"signInName\": \"kvtest@yuhuizhotmail.onmicrosoft.com\",\r\n  \"sipProxyAddress\": null,\r\n  \"smtpAddresses\": [],\r\n  \"state\": null,\r\n  \"streetAddress\": null,\r\n  \"surname\": null,\r\n  \"telephoneNumber\": null,\r\n  \"usageLocation\": null,\r\n  \"userPrincipalName\": \"kvtest@yuhuizhotmail.onmicrosoft.com\",\r\n  \"userState\": null,\r\n  \"userStateChangedOn\": null,\r\n  \"userType\": \"Member\"\r\n}",
      "ResponseHeaders": {
        "Content-Length": [
          "1951"
        ],
        "Content-Type": [
          "application/json; odata=minimalmetadata; streaming=true; charset=utf-8"
        ],
        "Expires": [
          "-1"
        ],
        "Pragma": [
          "no-cache"
        ],
        "ocp-aad-diagnostics-server-name": [
          "DY7TQaBcGBdxiyBwhXtHOCQG2f/I+ISxBVfzVwhFykU="
        ],
        "request-id": [
          "c0af0678-b787-47d1-8864-9746aada0cc5"
        ],
        "client-request-id": [
          "b9cc5b29-f2f4-4425-b703-f03399ba7fa6"
        ],
        "x-ms-gateway-rewrite": [
          "false"
        ],
        "x-ms-dirapi-data-contract-version": [
          "1.42-previewInternal"
        ],
        "ocp-aad-session-key": [
          "kyzI3srbpH9wQhOSYo48_peTuaKtmK6qxkxhNmiX3gLX74YTTip4Ovvd8ndofZ0UBl9Dt4zFGJTCY3GXsxIVq0ekYnTg9YXz62MZJxyrPxMm3CJeZm7GhUROZ77szw45xXn8_LF8y3OX6wM_0Jr6Bw.XQpgJ9sM87yKdj438LAstZQWgPgwYJV1rMBHKTAmcRM"
        ],
        "X-Content-Type-Options": [
          "nosniff"
        ],
        "DataServiceVersion": [
          "3.0;"
        ],
        "Strict-Transport-Security": [
          "max-age=31536000; includeSubDomains"
        ],
        "Access-Control-Allow-Origin": [
          "*"
        ],
        "Cache-Control": [
          "no-cache"
        ],
        "Server": [
          "Microsoft-IIS/8.5"
        ],
        "X-AspNet-Version": [
          "4.0.30319"
        ],
        "X-Powered-By": [
          "ASP.NET",
          "ASP.NET"
        ],
        "Date": [
          "Fri, 15 May 2015 23:39:01 GMT"
        ]
      },
      "StatusCode": 200
    },
    {
      "RequestUri": "/subscriptions/86193581-bb76-44a9-9110-8cf6dbcbfea5/resourceGroups/pshtestrg2690/providers/Microsoft.KeyVault/vaults/pshtestvault2489?api-version=2014-12-19-PREVIEW",
      "EncodedRequestUri": "L3N1YnNjcmlwdGlvbnMvODYxOTM1ODEtYmI3Ni00NGE5LTkxMTAtOGNmNmRiY2JmZWE1L3Jlc291cmNlR3JvdXBzL3BzaHRlc3RyZzI2OTAvcHJvdmlkZXJzL01pY3Jvc29mdC5LZXlWYXVsdC92YXVsdHMvcHNodGVzdHZhdWx0MjQ4OT9hcGktdmVyc2lvbj0yMDE0LTEyLTE5LVBSRVZJRVc=",
      "RequestMethod": "PUT",
      "RequestBody": "{\r\n  \"properties\": {\r\n    \"vaultUri\": \"https://pshtestvault2489.vault.azure.net/\",\r\n    \"tenantId\": \"71ecaf6c-7521-4953-ba5f-e55c260af004\",\r\n    \"sku\": {\r\n      \"family\": \"A\",\r\n      \"name\": \"Premium\"\r\n    },\r\n    \"accessPolicies\": [\r\n      {\r\n        \"tenantId\": \"71ecaf6c-7521-4953-ba5f-e55c260af004\",\r\n        \"objectId\": \"9a3042c3-fc03-4ee2-9930-7d48eb74563c\",\r\n        \"permissions\": {\r\n          \"keys\": [\r\n            \"encrypt\",\r\n            \"decrypt\",\r\n            \"unwrapKey\",\r\n            \"wrapKey\",\r\n            \"verify\",\r\n            \"sign\",\r\n            \"get\",\r\n            \"list\",\r\n            \"update\",\r\n            \"create\",\r\n            \"import\",\r\n            \"delete\",\r\n            \"backup\",\r\n            \"restore\"\r\n          ],\r\n          \"secrets\": [\r\n            \"get\",\r\n            \"list\",\r\n            \"set\",\r\n            \"delete\"\r\n          ]\r\n        }\r\n      }\r\n    ],\r\n    \"enabledForDeployment\": false\r\n  },\r\n  \"location\": \"northcentralus\",\r\n  \"tags\": {}\r\n}",
      "RequestHeaders": {
        "Content-Type": [
          "application/json; charset=utf-8"
        ],
        "Content-Length": [
          "985"
        ],
        "User-Agent": [
          "Microsoft.Azure.Management.KeyVault.KeyVaultManagementClient/0.9.0.0"
        ]
      },
      "ResponseBody": "{\r\n  \"id\": \"/subscriptions/86193581-bb76-44a9-9110-8cf6dbcbfea5/resourceGroups/pshtestrg2690/providers/Microsoft.KeyVault/vaults/pshtestvault2489\",\r\n  \"name\": \"pshtestvault2489\",\r\n  \"type\": \"Microsoft.KeyVault/vaults\",\r\n  \"location\": \"northcentralus\",\r\n  \"tags\": {},\r\n  \"properties\": {\r\n    \"sku\": {\r\n      \"family\": \"A\",\r\n      \"name\": \"Premium\"\r\n    },\r\n    \"tenantId\": \"71ecaf6c-7521-4953-ba5f-e55c260af004\",\r\n    \"accessPolicies\": [\r\n      {\r\n        \"tenantId\": \"71ecaf6c-7521-4953-ba5f-e55c260af004\",\r\n        \"objectId\": \"9a3042c3-fc03-4ee2-9930-7d48eb74563c\",\r\n        \"permissions\": {\r\n          \"keys\": [\r\n            \"encrypt\",\r\n            \"decrypt\",\r\n            \"unwrapKey\",\r\n            \"wrapKey\",\r\n            \"verify\",\r\n            \"sign\",\r\n            \"get\",\r\n            \"list\",\r\n            \"update\",\r\n            \"create\",\r\n            \"import\",\r\n            \"delete\",\r\n            \"backup\",\r\n            \"restore\"\r\n          ],\r\n          \"secrets\": [\r\n            \"get\",\r\n            \"list\",\r\n            \"set\",\r\n            \"delete\"\r\n          ]\r\n        }\r\n      }\r\n    ],\r\n    \"enabledForDeployment\": false,\r\n    \"vaultUri\": \"https://pshtestvault2489.vault.azure.net/\"\r\n  }\r\n}",
      "ResponseHeaders": {
        "Content-Length": [
          "740"
        ],
        "Content-Type": [
          "application/json; charset=utf-8"
        ],
        "Expires": [
          "-1"
        ],
        "Pragma": [
          "no-cache"
        ],
        "Strict-Transport-Security": [
          "max-age=31536000; includeSubDomains"
        ],
        "x-ms-ratelimit-remaining-subscription-writes": [
          "1177"
        ],
        "x-ms-request-id": [
          "e40547aa-babc-4fa1-95f8-b81684a06412"
        ],
        "x-ms-correlation-request-id": [
          "e40547aa-babc-4fa1-95f8-b81684a06412"
        ],
        "x-ms-routing-request-id": [
          "WESTUS:20150515T233900Z:e40547aa-babc-4fa1-95f8-b81684a06412"
        ],
        "Cache-Control": [
          "no-cache"
        ],
        "Date": [
          "Fri, 15 May 2015 23:38:59 GMT"
        ],
        "Server": [
          "Microsoft-IIS/8.5"
        ],
        "X-AspNet-Version": [
          "4.0.30319"
        ],
        "X-Powered-By": [
          "ASP.NET"
        ]
      },
      "StatusCode": 200
    },
    {
      "RequestUri": "/subscriptions/86193581-bb76-44a9-9110-8cf6dbcbfea5/resourceGroups/pshtestrg2690/providers/Microsoft.KeyVault/vaults/pshtestvault2489?api-version=2014-12-19-PREVIEW",
      "EncodedRequestUri": "L3N1YnNjcmlwdGlvbnMvODYxOTM1ODEtYmI3Ni00NGE5LTkxMTAtOGNmNmRiY2JmZWE1L3Jlc291cmNlR3JvdXBzL3BzaHRlc3RyZzI2OTAvcHJvdmlkZXJzL01pY3Jvc29mdC5LZXlWYXVsdC92YXVsdHMvcHNodGVzdHZhdWx0MjQ4OT9hcGktdmVyc2lvbj0yMDE0LTEyLTE5LVBSRVZJRVc=",
      "RequestMethod": "PUT",
      "RequestBody": "{\r\n  \"properties\": {\r\n    \"vaultUri\": \"https://pshtestvault2489.vault.azure.net/\",\r\n    \"tenantId\": \"71ecaf6c-7521-4953-ba5f-e55c260af004\",\r\n    \"sku\": {\r\n      \"family\": \"A\",\r\n      \"name\": \"Premium\"\r\n    },\r\n    \"accessPolicies\": [],\r\n    \"enabledForDeployment\": true\r\n  },\r\n  \"location\": \"northcentralus\",\r\n  \"tags\": {}\r\n}",
      "RequestHeaders": {
        "Content-Type": [
          "application/json; charset=utf-8"
        ],
        "Content-Length": [
          "325"
        ],
        "User-Agent": [
          "Microsoft.Azure.Management.KeyVault.KeyVaultManagementClient/0.9.0.0"
        ]
      },
      "ResponseBody": "{\r\n  \"id\": \"/subscriptions/86193581-bb76-44a9-9110-8cf6dbcbfea5/resourceGroups/pshtestrg2690/providers/Microsoft.KeyVault/vaults/pshtestvault2489\",\r\n  \"name\": \"pshtestvault2489\",\r\n  \"type\": \"Microsoft.KeyVault/vaults\",\r\n  \"location\": \"northcentralus\",\r\n  \"tags\": {},\r\n  \"properties\": {\r\n    \"sku\": {\r\n      \"family\": \"A\",\r\n      \"name\": \"Premium\"\r\n    },\r\n    \"tenantId\": \"71ecaf6c-7521-4953-ba5f-e55c260af004\",\r\n    \"accessPolicies\": [],\r\n    \"enabledForDeployment\": true,\r\n    \"vaultUri\": \"https://pshtestvault2489.vault.azure.net/\"\r\n  }\r\n}",
      "ResponseHeaders": {
        "Content-Length": [
          "447"
        ],
        "Content-Type": [
          "application/json; charset=utf-8"
        ],
        "Expires": [
          "-1"
        ],
        "Pragma": [
          "no-cache"
        ],
        "Strict-Transport-Security": [
          "max-age=31536000; includeSubDomains"
        ],
        "x-ms-ratelimit-remaining-subscription-writes": [
          "1176"
        ],
        "x-ms-request-id": [
          "b8e92383-9ad6-4edf-9349-8988a0840f21"
        ],
        "x-ms-correlation-request-id": [
          "b8e92383-9ad6-4edf-9349-8988a0840f21"
        ],
        "x-ms-routing-request-id": [
          "WESTUS:20150515T233901Z:b8e92383-9ad6-4edf-9349-8988a0840f21"
        ],
        "Cache-Control": [
          "no-cache"
        ],
        "Date": [
          "Fri, 15 May 2015 23:39:00 GMT"
        ],
        "Server": [
          "Microsoft-IIS/8.5"
        ],
        "X-AspNet-Version": [
          "4.0.30319"
        ],
        "X-Powered-By": [
          "ASP.NET"
        ]
      },
      "StatusCode": 200
    },
    {
      "RequestUri": "/71ecaf6c-7521-4953-ba5f-e55c260af004/users/9a3042c3-fc03-4ee2-9930-7d48eb74563c?api-version=1.42-previewInternal",
      "EncodedRequestUri": "LzcxZWNhZjZjLTc1MjEtNDk1My1iYTVmLWU1NWMyNjBhZjAwNC91c2Vycy85YTMwNDJjMy1mYzAzLTRlZTItOTkzMC03ZDQ4ZWI3NDU2M2M/YXBpLXZlcnNpb249MS40Mi1wcmV2aWV3SW50ZXJuYWw=",
      "RequestMethod": "GET",
      "RequestBody": "",
      "RequestHeaders": {
        "User-Agent": [
          "Microsoft.Azure.Graph.RBAC.GraphRbacManagementClient/1.0.0.0"
        ]
      },
      "ResponseBody": "{\r\n  \"odata.metadata\": \"https://graph.windows.net/71ecaf6c-7521-4953-ba5f-e55c260af004/$metadata#directoryObjects/Microsoft.WindowsAzure.ActiveDirectory.User/@Element\",\r\n  \"odata.type\": \"Microsoft.WindowsAzure.ActiveDirectory.User\",\r\n  \"objectType\": \"User\",\r\n  \"objectId\": \"9a3042c3-fc03-4ee2-9930-7d48eb74563c\",\r\n  \"softDeletionTimestamp\": null,\r\n  \"acceptedAs\": null,\r\n  \"acceptedOn\": null,\r\n  \"accountEnabled\": true,\r\n  \"alternativeSecurityIds\": [],\r\n  \"appMetadata\": null,\r\n  \"assignedLicenses\": [],\r\n  \"assignedPlans\": [],\r\n  \"city\": null,\r\n  \"country\": null,\r\n  \"creationType\": null,\r\n  \"department\": null,\r\n  \"dirSyncEnabled\": null,\r\n  \"displayName\": \"kvtest\",\r\n  \"extensionAttribute1\": null,\r\n  \"extensionAttribute2\": null,\r\n  \"extensionAttribute3\": null,\r\n  \"extensionAttribute4\": null,\r\n  \"extensionAttribute5\": null,\r\n  \"extensionAttribute6\": null,\r\n  \"extensionAttribute7\": null,\r\n  \"extensionAttribute8\": null,\r\n  \"extensionAttribute9\": null,\r\n  \"extensionAttribute10\": null,\r\n  \"extensionAttribute11\": null,\r\n  \"extensionAttribute12\": null,\r\n  \"extensionAttribute13\": null,\r\n  \"extensionAttribute14\": null,\r\n  \"extensionAttribute15\": null,\r\n  \"facsimileTelephoneNumber\": null,\r\n  \"givenName\": \"kvtest\",\r\n  \"immutableId\": null,\r\n  \"invitedOn\": null,\r\n  \"inviteReplyUrl\": [],\r\n  \"inviteResources\": [],\r\n  \"inviteTicket\": [],\r\n  \"isCompromised\": null,\r\n  \"jobTitle\": null,\r\n  \"jrnlAddress\": null,\r\n  \"lastDirSyncTime\": null,\r\n  \"logonIdentifiers\": [],\r\n  \"mail\": null,\r\n  \"mailNickname\": \"kvtest\",\r\n  \"mobile\": null,\r\n  \"netId\": \"1003BFFD90AD2ADE\",\r\n  \"onPremiseSecurityIdentifier\": null,\r\n  \"otherMails\": [],\r\n  \"passwordPolicies\": \"None\",\r\n  \"passwordProfile\": null,\r\n  \"physicalDeliveryOfficeName\": null,\r\n  \"postalCode\": null,\r\n  \"preferredLanguage\": null,\r\n  \"primarySMTPAddress\": null,\r\n  \"provisionedPlans\": [],\r\n  \"provisioningErrors\": [],\r\n  \"proxyAddresses\": [],\r\n  \"searchableDeviceKey\": [],\r\n  \"selfServePasswordResetData\": null,\r\n  \"signInName\": \"kvtest@yuhuizhotmail.onmicrosoft.com\",\r\n  \"sipProxyAddress\": null,\r\n  \"smtpAddresses\": [],\r\n  \"state\": null,\r\n  \"streetAddress\": null,\r\n  \"surname\": null,\r\n  \"telephoneNumber\": null,\r\n  \"usageLocation\": null,\r\n  \"userPrincipalName\": \"kvtest@yuhuizhotmail.onmicrosoft.com\",\r\n  \"userState\": null,\r\n  \"userStateChangedOn\": null,\r\n  \"userType\": \"Member\"\r\n}",
      "ResponseHeaders": {
        "Content-Length": [
          "1951"
        ],
        "Content-Type": [
          "application/json; odata=minimalmetadata; streaming=true; charset=utf-8"
        ],
        "Expires": [
          "-1"
        ],
        "Pragma": [
          "no-cache"
        ],
        "ocp-aad-diagnostics-server-name": [
          "WidflJ9mqequu8oD2vdZNqrS85ZDnXLVWdKHcPhx/k4="
        ],
        "request-id": [
          "a62b71b6-20e0-4117-8903-28e02aad09a1"
        ],
        "client-request-id": [
          "645aedca-a509-4682-bea6-a1a24557946d"
        ],
        "x-ms-gateway-rewrite": [
          "false"
        ],
        "x-ms-dirapi-data-contract-version": [
          "1.42-previewInternal"
        ],
        "ocp-aad-session-key": [
          "5snCNpItrG3N21-1seQbxvMkpnZQaTGp48ow4H6Vg1Ndzw0GkF67I5QPhXIhh-kiofC9fNU5fLKb2E1KWHI0E745OXI_Nt99ZZQfb8EVQZ0O8Z7Mmpf9MDvZZD31I26zu4REnx0rmQwC2xtz-oxufA.KbZh0S9qYJ1MZ1bBezNClNYhzKF-bR09WpNni-EhZ2Q"
        ],
        "X-Content-Type-Options": [
          "nosniff"
        ],
        "DataServiceVersion": [
          "3.0;"
        ],
        "Strict-Transport-Security": [
          "max-age=31536000; includeSubDomains"
        ],
        "Access-Control-Allow-Origin": [
          "*"
        ],
        "Cache-Control": [
          "no-cache"
        ],
        "Server": [
          "Microsoft-IIS/8.5"
        ],
        "X-AspNet-Version": [
          "4.0.30319"
        ],
        "X-Powered-By": [
          "ASP.NET",
          "ASP.NET"
        ],
        "Date": [
          "Fri, 15 May 2015 23:39:00 GMT"
        ]
      },
      "StatusCode": 200
    },
    {
      "RequestUri": "/71ecaf6c-7521-4953-ba5f-e55c260af004/users/9a3042c3-fc03-4ee2-9930-7d48eb74563c?api-version=1.42-previewInternal",
      "EncodedRequestUri": "LzcxZWNhZjZjLTc1MjEtNDk1My1iYTVmLWU1NWMyNjBhZjAwNC91c2Vycy85YTMwNDJjMy1mYzAzLTRlZTItOTkzMC03ZDQ4ZWI3NDU2M2M/YXBpLXZlcnNpb249MS40Mi1wcmV2aWV3SW50ZXJuYWw=",
      "RequestMethod": "GET",
      "RequestBody": "",
      "RequestHeaders": {
        "User-Agent": [
          "Microsoft.Azure.Graph.RBAC.GraphRbacManagementClient/1.0.0.0"
        ]
      },
      "ResponseBody": "{\r\n  \"odata.metadata\": \"https://graph.windows.net/71ecaf6c-7521-4953-ba5f-e55c260af004/$metadata#directoryObjects/Microsoft.WindowsAzure.ActiveDirectory.User/@Element\",\r\n  \"odata.type\": \"Microsoft.WindowsAzure.ActiveDirectory.User\",\r\n  \"objectType\": \"User\",\r\n  \"objectId\": \"9a3042c3-fc03-4ee2-9930-7d48eb74563c\",\r\n  \"softDeletionTimestamp\": null,\r\n  \"acceptedAs\": null,\r\n  \"acceptedOn\": null,\r\n  \"accountEnabled\": true,\r\n  \"alternativeSecurityIds\": [],\r\n  \"appMetadata\": null,\r\n  \"assignedLicenses\": [],\r\n  \"assignedPlans\": [],\r\n  \"city\": null,\r\n  \"country\": null,\r\n  \"creationType\": null,\r\n  \"department\": null,\r\n  \"dirSyncEnabled\": null,\r\n  \"displayName\": \"kvtest\",\r\n  \"extensionAttribute1\": null,\r\n  \"extensionAttribute2\": null,\r\n  \"extensionAttribute3\": null,\r\n  \"extensionAttribute4\": null,\r\n  \"extensionAttribute5\": null,\r\n  \"extensionAttribute6\": null,\r\n  \"extensionAttribute7\": null,\r\n  \"extensionAttribute8\": null,\r\n  \"extensionAttribute9\": null,\r\n  \"extensionAttribute10\": null,\r\n  \"extensionAttribute11\": null,\r\n  \"extensionAttribute12\": null,\r\n  \"extensionAttribute13\": null,\r\n  \"extensionAttribute14\": null,\r\n  \"extensionAttribute15\": null,\r\n  \"facsimileTelephoneNumber\": null,\r\n  \"givenName\": \"kvtest\",\r\n  \"immutableId\": null,\r\n  \"invitedOn\": null,\r\n  \"inviteReplyUrl\": [],\r\n  \"inviteResources\": [],\r\n  \"inviteTicket\": [],\r\n  \"isCompromised\": null,\r\n  \"jobTitle\": null,\r\n  \"jrnlAddress\": null,\r\n  \"lastDirSyncTime\": null,\r\n  \"logonIdentifiers\": [],\r\n  \"mail\": null,\r\n  \"mailNickname\": \"kvtest\",\r\n  \"mobile\": null,\r\n  \"netId\": \"1003BFFD90AD2ADE\",\r\n  \"onPremiseSecurityIdentifier\": null,\r\n  \"otherMails\": [],\r\n  \"passwordPolicies\": \"None\",\r\n  \"passwordProfile\": null,\r\n  \"physicalDeliveryOfficeName\": null,\r\n  \"postalCode\": null,\r\n  \"preferredLanguage\": null,\r\n  \"primarySMTPAddress\": null,\r\n  \"provisionedPlans\": [],\r\n  \"provisioningErrors\": [],\r\n  \"proxyAddresses\": [],\r\n  \"searchableDeviceKey\": [],\r\n  \"selfServePasswordResetData\": null,\r\n  \"signInName\": \"kvtest@yuhuizhotmail.onmicrosoft.com\",\r\n  \"sipProxyAddress\": null,\r\n  \"smtpAddresses\": [],\r\n  \"state\": null,\r\n  \"streetAddress\": null,\r\n  \"surname\": null,\r\n  \"telephoneNumber\": null,\r\n  \"usageLocation\": null,\r\n  \"userPrincipalName\": \"kvtest@yuhuizhotmail.onmicrosoft.com\",\r\n  \"userState\": null,\r\n  \"userStateChangedOn\": null,\r\n  \"userType\": \"Member\"\r\n}",
      "ResponseHeaders": {
        "Content-Length": [
          "1951"
        ],
        "Content-Type": [
          "application/json; odata=minimalmetadata; streaming=true; charset=utf-8"
        ],
        "Expires": [
          "-1"
        ],
        "Pragma": [
          "no-cache"
        ],
        "ocp-aad-diagnostics-server-name": [
          "Oqko02haJxDTRhctK/G36gK387+J0M2ZgOrTBM5zf4M="
        ],
        "request-id": [
          "8c0c8554-79c3-4dd0-a72a-ba9853afb267"
        ],
        "client-request-id": [
          "9ad3e2d6-a354-489b-baa9-95e77ec2e5ab"
        ],
        "x-ms-gateway-rewrite": [
          "false"
        ],
        "x-ms-dirapi-data-contract-version": [
          "1.42-previewInternal"
        ],
        "ocp-aad-session-key": [
          "-XwA9XpbhUqspbMetz-vazl3Jf0SoIcEm-qndTEGQDihGTagy43GnZ1yC90SzCdXbtJHsHZ--ZFJ4JVKemv-kmJEc7GO_WGs6DHqcI_e7A3r8pW4mI3JuUJ6CM3xLBfYOVYGP1E33EvVv5qKWVJBjQ.B14pMeqUvYaXSwf0WDOkgrLkQJuiTseg5p1GUexxI-8"
        ],
        "X-Content-Type-Options": [
          "nosniff"
        ],
        "DataServiceVersion": [
          "3.0;"
        ],
        "Strict-Transport-Security": [
          "max-age=31536000; includeSubDomains"
        ],
        "Access-Control-Allow-Origin": [
          "*"
        ],
        "Cache-Control": [
          "no-cache"
        ],
        "Server": [
          "Microsoft-IIS/8.5"
        ],
        "X-AspNet-Version": [
          "4.0.30319"
        ],
        "X-Powered-By": [
          "ASP.NET",
          "ASP.NET"
        ],
        "Date": [
          "Fri, 15 May 2015 23:39:00 GMT"
        ]
      },
      "StatusCode": 200
    }
  ],
  "Names": {},
  "Variables": {
    "ResourceGroupName": "pshtestrg2690",
    "Location": "northcentralus",
    "PreCreatedVault": "pshtestvault2489",
    "SubscriptionId": "86193581-bb76-44a9-9110-8cf6dbcbfea5",
    "User": "kvtest@yuhuizhotmail.onmicrosoft.com",
    "TenantId": "71ecaf6c-7521-4953-ba5f-e55c260af004",
    "Domain": "yuhuizhotmail.onmicrosoft.com"
  }
}