{
  "Entries": [
    {
      "RequestUri": "/subscriptions/31bdf18e-b058-4d3a-838c-e123ac60bc43/resources?$filter=resourceType%20eq%20'Microsoft.KeyVault%2Fvaults'&api-version=2014-04-01-preview",
      "EncodedRequestUri": "L3N1YnNjcmlwdGlvbnMvMzFiZGYxOGUtYjA1OC00ZDNhLTgzOGMtZTEyM2FjNjBiYzQzL3Jlc291cmNlcz8kZmlsdGVyPXJlc291cmNlVHlwZSUyMGVxJTIwJ01pY3Jvc29mdC5LZXlWYXVsdCUyRnZhdWx0cycmYXBpLXZlcnNpb249MjAxNC0wNC0wMS1wcmV2aWV3",
      "RequestMethod": "GET",
      "RequestBody": "",
      "RequestHeaders": {
        "User-Agent": [
          "Microsoft.Azure.Management.Resources.ResourceManagementClient/2.0.0.0"
        ]
      },
      "ResponseBody": "{\r\n  \"value\": [\r\n    {\r\n      \"id\": \"/subscriptions/31bdf18e-b058-4d3a-838c-e123ac60bc43/resourceGroups/DivyagResourceGroup1/providers/Microsoft.KeyVault/vaults/DivyaGVault1\",\r\n      \"name\": \"DivyaGVault1\",\r\n      \"type\": \"Microsoft.KeyVault/vaults\",\r\n      \"location\": \"eastus\",\r\n      \"tags\": {}\r\n    },\r\n    {\r\n      \"id\": \"/subscriptions/31bdf18e-b058-4d3a-838c-e123ac60bc43/resourceGroups/divyagresourcegroup1/providers/Microsoft.KeyVault/vaults/pshvault7\",\r\n      \"name\": \"pshvault7\",\r\n      \"type\": \"Microsoft.KeyVault/vaults\",\r\n      \"location\": \"eastus\"\r\n    },\r\n    {\r\n      \"id\": \"/subscriptions/31bdf18e-b058-4d3a-838c-e123ac60bc43/resourceGroups/DivyagResourceGroup2/providers/Microsoft.KeyVault/vaults/DivyaGVault2\",\r\n      \"name\": \"DivyaGVault2\",\r\n      \"type\": \"Microsoft.KeyVault/vaults\",\r\n      \"location\": \"eastus\",\r\n      \"tags\": {}\r\n    },\r\n    {\r\n      \"id\": \"/subscriptions/31bdf18e-b058-4d3a-838c-e123ac60bc43/resourceGroups/pshexamplerg/providers/Microsoft.KeyVault/vaults/pshexamplevault\",\r\n      \"name\": \"pshexamplevault\",\r\n      \"type\": \"Microsoft.KeyVault/vaults\",\r\n      \"location\": \"eastus\"\r\n    },\r\n    {\r\n      \"id\": \"/subscriptions/31bdf18e-b058-4d3a-838c-e123ac60bc43/resourceGroups/pshexamplerg/providers/Microsoft.KeyVault/vaults/pshexamplevault2\",\r\n      \"name\": \"pshexamplevault2\",\r\n      \"type\": \"Microsoft.KeyVault/vaults\",\r\n      \"location\": \"eastus\",\r\n      \"tags\": {\r\n        \"owner\": \"divyag\",\r\n        \"project\": \"powershell example\"\r\n      }\r\n    },\r\n    {\r\n      \"id\": \"/subscriptions/31bdf18e-b058-4d3a-838c-e123ac60bc43/resourceGroups/pshtestrg6355/providers/Microsoft.KeyVault/vaults/onesdk2202\",\r\n      \"name\": \"onesdk2202\",\r\n      \"type\": \"Microsoft.KeyVault/vaults\",\r\n      \"location\": \"northcentralus\",\r\n      \"tags\": {\r\n        \"testtag\": \"testvalue\"\r\n      }\r\n    },\r\n    {\r\n      \"id\": \"/subscriptions/31bdf18e-b058-4d3a-838c-e123ac60bc43/resourceGroups/pshtestrg6355/providers/Microsoft.KeyVault/vaults/onesdk6382\",\r\n      \"name\": \"onesdk6382\",\r\n      \"type\": \"Microsoft.KeyVault/vaults\",\r\n      \"location\": \"northcentralus\",\r\n      \"tags\": {}\r\n    },\r\n    {\r\n      \"id\": \"/subscriptions/31bdf18e-b058-4d3a-838c-e123ac60bc43/resourceGroups/pshtestrg6355/providers/Microsoft.KeyVault/vaults/pshtestvault4651\",\r\n      \"name\": \"pshtestvault4651\",\r\n      \"type\": \"Microsoft.KeyVault/vaults\",\r\n      \"location\": \"northcentralus\",\r\n      \"tags\": {}\r\n    },\r\n    {\r\n      \"id\": \"/subscriptions/31bdf18e-b058-4d3a-838c-e123ac60bc43/resourceGroups/rg1/providers/Microsoft.KeyVault/vaults/dgtestdirvault1\",\r\n      \"name\": \"dgtestdirvault1\",\r\n      \"type\": \"Microsoft.KeyVault/vaults\",\r\n      \"location\": \"eastus\",\r\n      \"tags\": {}\r\n    },\r\n    {\r\n      \"id\": \"/subscriptions/31bdf18e-b058-4d3a-838c-e123ac60bc43/resourceGroups/rg1/providers/Microsoft.KeyVault/vaults/testdirvault1\",\r\n      \"name\": \"testdirvault1\",\r\n      \"type\": \"Microsoft.KeyVault/vaults\",\r\n      \"location\": \"eastus\",\r\n      \"tags\": {}\r\n    }\r\n  ]\r\n}",
      "ResponseHeaders": {
        "Content-Length": [
          "2358"
        ],
        "Content-Type": [
          "application/json; charset=utf-8"
        ],
        "Expires": [
          "-1"
        ],
        "Pragma": [
          "no-cache"
        ],
        "x-ms-ratelimit-remaining-subscription-reads": [
          "14998"
        ],
        "x-ms-request-id": [
          "2f962270-7eac-4c71-a73c-612c12aa6a6c"
        ],
        "x-ms-correlation-request-id": [
          "2f962270-7eac-4c71-a73c-612c12aa6a6c"
        ],
        "x-ms-routing-request-id": [
          "WESTUS:20150616T173835Z:2f962270-7eac-4c71-a73c-612c12aa6a6c"
        ],
        "Strict-Transport-Security": [
          "max-age=31536000; includeSubDomains"
        ],
        "Cache-Control": [
          "no-cache"
        ],
        "Date": [
          "Tue, 16 Jun 2015 17:38:34 GMT"
        ]
      },
      "StatusCode": 200
    },
    {
      "RequestUri": "/8448c020-6abd-43d5-8ebc-410f7b59ffa9/users/keyvaultsdktester1@keyvaultsdktestdg.onmicrosoft.com?api-version=1.42-previewInternal",
      "EncodedRequestUri": "Lzg0NDhjMDIwLTZhYmQtNDNkNS04ZWJjLTQxMGY3YjU5ZmZhOS91c2Vycy9rZXl2YXVsdHNka3Rlc3RlcjFAa2V5dmF1bHRzZGt0ZXN0ZGcub25taWNyb3NvZnQuY29tP2FwaS12ZXJzaW9uPTEuNDItcHJldmlld0ludGVybmFs",
      "RequestMethod": "GET",
      "RequestBody": "",
      "RequestHeaders": {
        "User-Agent": [
          "Microsoft.Azure.Graph.RBAC.GraphRbacManagementClient/1.0.0.0"
        ]
      },
      "ResponseBody": "{\r\n  \"odata.metadata\": \"https://graph.windows.net/8448c020-6abd-43d5-8ebc-410f7b59ffa9/$metadata#directoryObjects/Microsoft.WindowsAzure.ActiveDirectory.User/@Element\",\r\n  \"odata.type\": \"Microsoft.WindowsAzure.ActiveDirectory.User\",\r\n  \"objectType\": \"User\",\r\n  \"objectId\": \"c98f1ad6-17bd-46ef-b9c2-820ee601d54e\",\r\n  \"softDeletionTimestamp\": null,\r\n  \"acceptedAs\": null,\r\n  \"acceptedOn\": null,\r\n  \"accountEnabled\": true,\r\n  \"alternativeSecurityIds\": [],\r\n  \"appMetadata\": null,\r\n  \"assignedLicenses\": [],\r\n  \"assignedPlans\": [],\r\n  \"city\": null,\r\n  \"country\": null,\r\n  \"creationType\": null,\r\n  \"department\": null,\r\n  \"dirSyncEnabled\": null,\r\n  \"displayName\": \"KeyVaultSdkTester1\",\r\n  \"extensionAttribute1\": null,\r\n  \"extensionAttribute2\": null,\r\n  \"extensionAttribute3\": null,\r\n  \"extensionAttribute4\": null,\r\n  \"extensionAttribute5\": null,\r\n  \"extensionAttribute6\": null,\r\n  \"extensionAttribute7\": null,\r\n  \"extensionAttribute8\": null,\r\n  \"extensionAttribute9\": null,\r\n  \"extensionAttribute10\": null,\r\n  \"extensionAttribute11\": null,\r\n  \"extensionAttribute12\": null,\r\n  \"extensionAttribute13\": null,\r\n  \"extensionAttribute14\": null,\r\n  \"extensionAttribute15\": null,\r\n  \"facsimileTelephoneNumber\": null,\r\n  \"givenName\": \"KeyVaultSdkTester1\",\r\n  \"immutableId\": null,\r\n  \"invitedOn\": null,\r\n  \"inviteReplyUrl\": [],\r\n  \"inviteResources\": [],\r\n  \"inviteTicket\": [],\r\n  \"isCompromised\": null,\r\n  \"jobTitle\": null,\r\n  \"jrnlAddress\": null,\r\n  \"lastDirSyncTime\": null,\r\n  \"logonIdentifiers\": [],\r\n  \"mail\": null,\r\n  \"mailNickname\": \"keyvaultsdktester1\",\r\n  \"mobile\": null,\r\n  \"netId\": \"10037FFE9109F2F6\",\r\n  \"onPremiseSecurityIdentifier\": null,\r\n  \"otherMails\": [],\r\n  \"passwordPolicies\": \"None\",\r\n  \"passwordProfile\": null,\r\n  \"physicalDeliveryOfficeName\": null,\r\n  \"postalCode\": null,\r\n  \"preferredLanguage\": null,\r\n  \"primarySMTPAddress\": null,\r\n  \"provisionedPlans\": [],\r\n  \"provisioningErrors\": [],\r\n  \"proxyAddresses\": [],\r\n  \"searchableDeviceKey\": [],\r\n  \"selfServePasswordResetData\": null,\r\n  \"signInName\": \"keyvaultsdktester1@keyvaultsdktestdg.onmicrosoft.com\",\r\n  \"sipProxyAddress\": null,\r\n  \"smtpAddresses\": [],\r\n  \"state\": null,\r\n  \"streetAddress\": null,\r\n  \"surname\": null,\r\n  \"telephoneNumber\": null,\r\n  \"usageLocation\": null,\r\n  \"userPrincipalName\": \"keyvaultsdktester1@keyvaultsdktestdg.onmicrosoft.com\",\r\n  \"userState\": null,\r\n  \"userStateChangedOn\": null,\r\n  \"userType\": \"Member\"\r\n}",
      "ResponseHeaders": {
        "Content-Length": [
          "2019"
        ],
        "Content-Type": [
          "application/json; odata=minimalmetadata; streaming=true; charset=utf-8"
        ],
        "Expires": [
          "-1"
        ],
        "Pragma": [
          "no-cache"
        ],
        "ocp-aad-diagnostics-server-name": [
          "iwKDoymUnP81eA76VoGDi2ZdIuYEu6F4Fd6YisuDkTg="
        ],
        "request-id": [
          "769c023f-d46a-42ca-8e56-b3102d80ddca"
        ],
        "client-request-id": [
          "e76bae5a-2c9b-4df8-bef0-6a79c9c55586"
        ],
        "x-ms-gateway-rewrite": [
          "false"
        ],
        "x-ms-dirapi-data-contract-version": [
          "1.42-previewInternal"
        ],
        "ocp-aad-session-key": [
          "vAMPnOAxdrKXjHFIpBqngJZWL29HqRw27p5dS-2AESogxJVZDz1OPYU1Jqu82EZHLjzXmNcTKTYDCCyy83ufU028kb8vtnFuOLz8UTd7IVdG-a1pTL-fkGYOq5l5FVnW.IjcWP4joxmBwjYVa8riGVzy6iip_-uWFrlywM4AOUQc"
        ],
        "X-Content-Type-Options": [
          "nosniff"
        ],
        "DataServiceVersion": [
          "3.0;"
        ],
        "Strict-Transport-Security": [
          "max-age=31536000; includeSubDomains"
        ],
        "Access-Control-Allow-Origin": [
          "*"
        ],
        "Cache-Control": [
          "no-cache"
        ],
        "Server": [
          "Microsoft-IIS/8.5"
        ],
        "X-AspNet-Version": [
          "4.0.30319"
        ],
        "X-Powered-By": [
          "ASP.NET",
          "ASP.NET"
        ],
        "Date": [
          "Tue, 16 Jun 2015 17:38:34 GMT"
        ]
      },
      "StatusCode": 200
    },
    {
      "RequestUri": "/subscriptions/31bdf18e-b058-4d3a-838c-e123ac60bc43/resourceGroups/pshtestrg6355/providers/Microsoft.KeyVault/vaults/onesdk6913?api-version=2015-06-01",
      "EncodedRequestUri": "L3N1YnNjcmlwdGlvbnMvMzFiZGYxOGUtYjA1OC00ZDNhLTgzOGMtZTEyM2FjNjBiYzQzL3Jlc291cmNlR3JvdXBzL3BzaHRlc3RyZzYzNTUvcHJvdmlkZXJzL01pY3Jvc29mdC5LZXlWYXVsdC92YXVsdHMvb25lc2RrNjkxMz9hcGktdmVyc2lvbj0yMDE1LTA2LTAx",
      "RequestMethod": "PUT",
      "RequestBody": "{\r\n  \"properties\": {\r\n    \"vaultUri\": \"\",\r\n    \"tenantId\": \"8448c020-6abd-43d5-8ebc-410f7b59ffa9\",\r\n    \"sku\": {\r\n      \"family\": \"A\",\r\n      \"name\": \"Standard\"\r\n    },\r\n    \"accessPolicies\": [\r\n      {\r\n        \"tenantId\": \"8448c020-6abd-43d5-8ebc-410f7b59ffa9\",\r\n        \"objectId\": \"c98f1ad6-17bd-46ef-b9c2-820ee601d54e\",\r\n        \"permissions\": {\r\n          \"keys\": [\r\n            \"get\",\r\n            \"create\",\r\n            \"delete\",\r\n            \"list\",\r\n            \"update\",\r\n            \"import\",\r\n            \"backup\",\r\n            \"restore\"\r\n          ],\r\n          \"secrets\": [\r\n            \"all\"\r\n          ]\r\n        }\r\n      }\r\n    ],\r\n    \"enabledForDeployment\": false\r\n  },\r\n  \"location\": \"northcentralus\"\r\n}",
      "RequestHeaders": {
        "Content-Type": [
          "application/json; charset=utf-8"
        ],
        "Content-Length": [
          "724"
        ],
        "User-Agent": [
          "Microsoft.Azure.Management.KeyVault.KeyVaultManagementClient/1.0.0.0"
        ]
      },
      "ResponseBody": "{\r\n  \"id\": \"/subscriptions/31bdf18e-b058-4d3a-838c-e123ac60bc43/resourceGroups/pshtestrg6355/providers/Microsoft.KeyVault/vaults/onesdk6913\",\r\n  \"name\": \"onesdk6913\",\r\n  \"type\": \"Microsoft.KeyVault/vaults\",\r\n  \"location\": \"northcentralus\",\r\n  \"tags\": {},\r\n  \"properties\": {\r\n    \"sku\": {\r\n      \"family\": \"A\",\r\n      \"name\": \"Standard\"\r\n    },\r\n    \"tenantId\": \"8448c020-6abd-43d5-8ebc-410f7b59ffa9\",\r\n    \"accessPolicies\": [\r\n      {\r\n        \"tenantId\": \"8448c020-6abd-43d5-8ebc-410f7b59ffa9\",\r\n        \"objectId\": \"c98f1ad6-17bd-46ef-b9c2-820ee601d54e\",\r\n        \"permissions\": {\r\n          \"keys\": [\r\n            \"get\",\r\n            \"create\",\r\n            \"delete\",\r\n            \"list\",\r\n            \"update\",\r\n            \"import\",\r\n            \"backup\",\r\n            \"restore\"\r\n          ],\r\n          \"secrets\": [\r\n            \"all\"\r\n          ]\r\n        }\r\n      }\r\n    ],\r\n    \"enabledForDeployment\": false,\r\n    \"vaultUri\": \"https://onesdk6913.vault.azure.net\"\r\n  }\r\n}",
      "ResponseHeaders": {
        "Content-Length": [
          "642"
        ],
        "Content-Type": [
          "application/json; charset=utf-8"
        ],
        "Expires": [
          "-1"
        ],
        "Pragma": [
          "no-cache"
        ],
        "Strict-Transport-Security": [
          "max-age=31536000; includeSubDomains"
        ],
        "x-ms-ratelimit-remaining-subscription-writes": [
          "1193"
        ],
        "x-ms-request-id": [
          "8839735b-366e-43a8-8a75-2377a80b23a5"
        ],
        "x-ms-correlation-request-id": [
          "8839735b-366e-43a8-8a75-2377a80b23a5"
        ],
        "x-ms-routing-request-id": [
          "WESTUS:20150616T173837Z:8839735b-366e-43a8-8a75-2377a80b23a5"
        ],
        "Cache-Control": [
          "no-cache"
        ],
        "Date": [
          "Tue, 16 Jun 2015 17:38:37 GMT"
        ],
        "Server": [
          "Microsoft-IIS/8.5"
        ],
        "X-AspNet-Version": [
          "4.0.30319"
        ],
        "X-Powered-By": [
          "ASP.NET"
        ]
      },
      "StatusCode": 200
    },
    {
      "RequestUri": "/8448c020-6abd-43d5-8ebc-410f7b59ffa9/users/c98f1ad6-17bd-46ef-b9c2-820ee601d54e?api-version=1.42-previewInternal",
      "EncodedRequestUri": "Lzg0NDhjMDIwLTZhYmQtNDNkNS04ZWJjLTQxMGY3YjU5ZmZhOS91c2Vycy9jOThmMWFkNi0xN2JkLTQ2ZWYtYjljMi04MjBlZTYwMWQ1NGU/YXBpLXZlcnNpb249MS40Mi1wcmV2aWV3SW50ZXJuYWw=",
      "RequestMethod": "GET",
      "RequestBody": "",
      "RequestHeaders": {
        "User-Agent": [
          "Microsoft.Azure.Graph.RBAC.GraphRbacManagementClient/1.0.0.0"
        ]
      },
      "ResponseBody": "{\r\n  \"odata.metadata\": \"https://graph.windows.net/8448c020-6abd-43d5-8ebc-410f7b59ffa9/$metadata#directoryObjects/Microsoft.WindowsAzure.ActiveDirectory.User/@Element\",\r\n  \"odata.type\": \"Microsoft.WindowsAzure.ActiveDirectory.User\",\r\n  \"objectType\": \"User\",\r\n  \"objectId\": \"c98f1ad6-17bd-46ef-b9c2-820ee601d54e\",\r\n  \"softDeletionTimestamp\": null,\r\n  \"acceptedAs\": null,\r\n  \"acceptedOn\": null,\r\n  \"accountEnabled\": true,\r\n  \"alternativeSecurityIds\": [],\r\n  \"appMetadata\": null,\r\n  \"assignedLicenses\": [],\r\n  \"assignedPlans\": [],\r\n  \"city\": null,\r\n  \"country\": null,\r\n  \"creationType\": null,\r\n  \"department\": null,\r\n  \"dirSyncEnabled\": null,\r\n  \"displayName\": \"KeyVaultSdkTester1\",\r\n  \"extensionAttribute1\": null,\r\n  \"extensionAttribute2\": null,\r\n  \"extensionAttribute3\": null,\r\n  \"extensionAttribute4\": null,\r\n  \"extensionAttribute5\": null,\r\n  \"extensionAttribute6\": null,\r\n  \"extensionAttribute7\": null,\r\n  \"extensionAttribute8\": null,\r\n  \"extensionAttribute9\": null,\r\n  \"extensionAttribute10\": null,\r\n  \"extensionAttribute11\": null,\r\n  \"extensionAttribute12\": null,\r\n  \"extensionAttribute13\": null,\r\n  \"extensionAttribute14\": null,\r\n  \"extensionAttribute15\": null,\r\n  \"facsimileTelephoneNumber\": null,\r\n  \"givenName\": \"KeyVaultSdkTester1\",\r\n  \"immutableId\": null,\r\n  \"invitedOn\": null,\r\n  \"inviteReplyUrl\": [],\r\n  \"inviteResources\": [],\r\n  \"inviteTicket\": [],\r\n  \"isCompromised\": null,\r\n  \"jobTitle\": null,\r\n  \"jrnlAddress\": null,\r\n  \"lastDirSyncTime\": null,\r\n  \"logonIdentifiers\": [],\r\n  \"mail\": null,\r\n  \"mailNickname\": \"keyvaultsdktester1\",\r\n  \"mobile\": null,\r\n  \"netId\": \"10037FFE9109F2F6\",\r\n  \"onPremiseSecurityIdentifier\": null,\r\n  \"otherMails\": [],\r\n  \"passwordPolicies\": \"None\",\r\n  \"passwordProfile\": null,\r\n  \"physicalDeliveryOfficeName\": null,\r\n  \"postalCode\": null,\r\n  \"preferredLanguage\": null,\r\n  \"primarySMTPAddress\": null,\r\n  \"provisionedPlans\": [],\r\n  \"provisioningErrors\": [],\r\n  \"proxyAddresses\": [],\r\n  \"searchableDeviceKey\": [],\r\n  \"selfServePasswordResetData\": null,\r\n  \"signInName\": \"keyvaultsdktester1@keyvaultsdktestdg.onmicrosoft.com\",\r\n  \"sipProxyAddress\": null,\r\n  \"smtpAddresses\": [],\r\n  \"state\": null,\r\n  \"streetAddress\": null,\r\n  \"surname\": null,\r\n  \"telephoneNumber\": null,\r\n  \"usageLocation\": null,\r\n  \"userPrincipalName\": \"keyvaultsdktester1@keyvaultsdktestdg.onmicrosoft.com\",\r\n  \"userState\": null,\r\n  \"userStateChangedOn\": null,\r\n  \"userType\": \"Member\"\r\n}",
      "ResponseHeaders": {
        "Content-Length": [
          "2019"
        ],
        "Content-Type": [
          "application/json; odata=minimalmetadata; streaming=true; charset=utf-8"
        ],
        "Expires": [
          "-1"
        ],
        "Pragma": [
          "no-cache"
        ],
        "ocp-aad-diagnostics-server-name": [
          "jyobu/yER2daUFpJq2oLdeE79e2GnwqPEUOxSEatNo0="
        ],
        "request-id": [
          "526c704a-742c-49f1-9a1a-71d1ae0f05f9"
        ],
        "client-request-id": [
          "f830f2bb-87a3-40ca-9011-ae191f9f70fb"
        ],
        "x-ms-gateway-rewrite": [
          "false"
        ],
        "x-ms-dirapi-data-contract-version": [
          "1.42-previewInternal"
        ],
        "ocp-aad-session-key": [
          "yWN3XUonV9zs3biy2RufFK-oO1SqHvvwQjimvuk9czSom3kZ_30ygZKY2Q3__J2UUgZwpOzMb5ntiR_mrxSOTDpwxYY8DuSuyQOUwbs7_YHIVTzoR_7Va5ziECdHQKoS.wfYsK83b_DIqdNn5DZ_gyDYBhu7OiOOh20zYJFA2zCU"
        ],
        "X-Content-Type-Options": [
          "nosniff"
        ],
        "DataServiceVersion": [
          "3.0;"
        ],
        "Strict-Transport-Security": [
          "max-age=31536000; includeSubDomains"
        ],
        "Access-Control-Allow-Origin": [
          "*"
        ],
        "Cache-Control": [
          "no-cache"
        ],
        "Server": [
          "Microsoft-IIS/8.5"
        ],
        "X-AspNet-Version": [
          "4.0.30319"
        ],
        "X-Powered-By": [
          "ASP.NET",
          "ASP.NET"
        ],
        "Date": [
          "Tue, 16 Jun 2015 17:38:37 GMT"
        ]
      },
      "StatusCode": 200
    }
  ],
  "Names": {
    "Test-CreateVaultPositionalParams": [
      "onesdk6913"
    ]
  },
  "Variables": {
    "ResourceGroupName": "pshtestrg6355",
    "Location": "northcentralus",
    "PreCreatedVault": "pshtestvault4651",
    "SubscriptionId": "31bdf18e-b058-4d3a-838c-e123ac60bc43",
    "TenantId": "8448c020-6abd-43d5-8ebc-410f7b59ffa9",
    "Domain": "keyvaultsdktestdg.onmicrosoft.com",
    "User": "keyvaultsdktester1@keyvaultsdktestdg.onmicrosoft.com"
  }
}