{
  "Entries": [
    {
      "RequestUri": "/subscriptions/2680339a-9c9f-4b37-9468-a3de1f19f74f/providers/Microsoft.DataLakeStore/register?api-version=2016-02-01",
      "EncodedRequestUri": "L3N1YnNjcmlwdGlvbnMvMjY4MDMzOWEtOWM5Zi00YjM3LTk0NjgtYTNkZTFmMTlmNzRmL3Byb3ZpZGVycy9NaWNyb3NvZnQuRGF0YUxha2VTdG9yZS9yZWdpc3Rlcj9hcGktdmVyc2lvbj0yMDE2LTAyLTAx",
      "RequestMethod": "POST",
      "RequestBody": "",
      "RequestHeaders": {
        "User-Agent": [
          "Microsoft.Azure.Management.Resources.ResourceManagementClient/2.0.0.0"
        ]
      },
      "ResponseBody": "{\r\n  \"id\": \"/subscriptions/2680339a-9c9f-4b37-9468-a3de1f19f74f/providers/Microsoft.DataLakeStore\",\r\n  \"namespace\": \"Microsoft.DataLakeStore\",\r\n  \"authorization\": {\r\n    \"applicationId\": \"e9f49c6b-5ce5-44c8-925d-015017e9f7ad\",\r\n    \"roleDefinitionId\": \"41c47f4b-8b45-4522-a73a-d20b16f0f1ec\"\r\n  },\r\n  \"resourceTypes\": [\r\n    {\r\n      \"resourceType\": \"accounts\",\r\n      \"locations\": [\r\n        \"Brazil South\",\r\n        \"Australia East\",\r\n        \"East US 2\",\r\n        \"East US\",\r\n        \"West US\",\r\n        \"North Central US\",\r\n        \"South Central US\",\r\n        \"Central US\",\r\n        \"Japan East\",\r\n        \"Japan West\",\r\n        \"North Europe\",\r\n        \"West Europe\",\r\n        \"East Asia\",\r\n        \"Southeast Asia\"\r\n      ],\r\n      \"apiVersions\": [\r\n        \"2016-11-01\",\r\n        \"2015-10-01-preview\"\r\n      ],\r\n      \"capabilities\": \"CrossResourceGroupResourceMove, CrossSubscriptionResourceMove, SystemAssignedResourceIdentity\"\r\n    },\r\n    {\r\n      \"resourceType\": \"accounts/firewallRules\",\r\n      \"locations\": [\r\n        \"Brazil South\",\r\n        \"Australia East\",\r\n        \"East US 2\",\r\n        \"East US\",\r\n        \"West US\",\r\n        \"North Central US\",\r\n        \"South Central US\",\r\n        \"Central US\",\r\n        \"Japan East\",\r\n        \"Japan West\",\r\n        \"North Europe\",\r\n        \"West Europe\",\r\n        \"East Asia\",\r\n        \"Southeast Asia\"\r\n      ],\r\n      \"apiVersions\": [\r\n        \"2016-11-01\",\r\n        \"2015-10-01-preview\"\r\n      ]\r\n    },\r\n    {\r\n      \"resourceType\": \"locations\",\r\n      \"locations\": [],\r\n      \"apiVersions\": [\r\n        \"2016-11-01\",\r\n        \"2015-10-01-preview\"\r\n      ]\r\n    },\r\n    {\r\n      \"resourceType\": \"locations/operationresults\",\r\n      \"locations\": [],\r\n      \"apiVersions\": [\r\n        \"2016-11-01\",\r\n        \"2015-10-01-preview\"\r\n      ]\r\n    },\r\n    {\r\n      \"resourceType\": \"locations/checkNameAvailability\",\r\n      \"locations\": [],\r\n      \"apiVersions\": [\r\n        \"2016-11-01\",\r\n        \"2015-10-01-preview\"\r\n      ]\r\n    },\r\n    {\r\n      \"resourceType\": \"locations/capability\",\r\n      \"locations\": [],\r\n      \"apiVersions\": [\r\n        \"2016-11-01\",\r\n        \"2015-10-01-preview\"\r\n      ]\r\n    },\r\n    {\r\n      \"resourceType\": \"operations\",\r\n      \"locations\": [],\r\n      \"apiVersions\": [\r\n        \"2016-11-01\",\r\n        \"2015-10-01-preview\"\r\n      ]\r\n    }\r\n  ],\r\n  \"registrationState\": \"Registered\"\r\n}",
      "ResponseHeaders": {
        "Content-Length": [
          "1542"
        ],
        "Content-Type": [
          "application/json; charset=utf-8"
        ],
        "Expires": [
          "-1"
        ],
        "Pragma": [
          "no-cache"
        ],
        "x-ms-ratelimit-remaining-subscription-writes": [
          "1195"
        ],
        "x-ms-request-id": [
          "ad54aae9-9afa-459c-8eaa-b8808039ce2b"
        ],
        "x-ms-correlation-request-id": [
          "ad54aae9-9afa-459c-8eaa-b8808039ce2b"
        ],
        "x-ms-routing-request-id": [
          "CENTRALUS:20161028T202136Z:ad54aae9-9afa-459c-8eaa-b8808039ce2b"
        ],
        "Strict-Transport-Security": [
          "max-age=31536000; includeSubDomains"
        ],
        "Cache-Control": [
          "no-cache"
        ],
        "Date": [
          "Fri, 28 Oct 2016 20:21:36 GMT"
        ]
      },
      "StatusCode": 200
    },
    {
      "RequestUri": "/subscriptions/2680339a-9c9f-4b37-9468-a3de1f19f74f/providers/Microsoft.DataLakeStore?api-version=2016-02-01",
      "EncodedRequestUri": "L3N1YnNjcmlwdGlvbnMvMjY4MDMzOWEtOWM5Zi00YjM3LTk0NjgtYTNkZTFmMTlmNzRmL3Byb3ZpZGVycy9NaWNyb3NvZnQuRGF0YUxha2VTdG9yZT9hcGktdmVyc2lvbj0yMDE2LTAyLTAx",
      "RequestMethod": "GET",
      "RequestBody": "",
      "RequestHeaders": {
        "User-Agent": [
          "Microsoft.Azure.Management.Resources.ResourceManagementClient/2.0.0.0"
        ]
      },
      "ResponseBody": "{\r\n  \"id\": \"/subscriptions/2680339a-9c9f-4b37-9468-a3de1f19f74f/providers/Microsoft.DataLakeStore\",\r\n  \"namespace\": \"Microsoft.DataLakeStore\",\r\n  \"authorization\": {\r\n    \"applicationId\": \"e9f49c6b-5ce5-44c8-925d-015017e9f7ad\",\r\n    \"roleDefinitionId\": \"41c47f4b-8b45-4522-a73a-d20b16f0f1ec\"\r\n  },\r\n  \"resourceTypes\": [\r\n    {\r\n      \"resourceType\": \"accounts\",\r\n      \"locations\": [\r\n        \"Brazil South\",\r\n        \"Australia East\",\r\n        \"East US 2\",\r\n        \"East US\",\r\n        \"West US\",\r\n        \"North Central US\",\r\n        \"South Central US\",\r\n        \"Central US\",\r\n        \"Japan East\",\r\n        \"Japan West\",\r\n        \"North Europe\",\r\n        \"West Europe\",\r\n        \"East Asia\",\r\n        \"Southeast Asia\"\r\n      ],\r\n      \"apiVersions\": [\r\n        \"2016-11-01\",\r\n        \"2015-10-01-preview\"\r\n      ],\r\n      \"capabilities\": \"CrossResourceGroupResourceMove, CrossSubscriptionResourceMove, SystemAssignedResourceIdentity\"\r\n    },\r\n    {\r\n      \"resourceType\": \"accounts/firewallRules\",\r\n      \"locations\": [\r\n        \"Brazil South\",\r\n        \"Australia East\",\r\n        \"East US 2\",\r\n        \"East US\",\r\n        \"West US\",\r\n        \"North Central US\",\r\n        \"South Central US\",\r\n        \"Central US\",\r\n        \"Japan East\",\r\n        \"Japan West\",\r\n        \"North Europe\",\r\n        \"West Europe\",\r\n        \"East Asia\",\r\n        \"Southeast Asia\"\r\n      ],\r\n      \"apiVersions\": [\r\n        \"2016-11-01\",\r\n        \"2015-10-01-preview\"\r\n      ]\r\n    },\r\n    {\r\n      \"resourceType\": \"locations\",\r\n      \"locations\": [],\r\n      \"apiVersions\": [\r\n        \"2016-11-01\",\r\n        \"2015-10-01-preview\"\r\n      ]\r\n    },\r\n    {\r\n      \"resourceType\": \"locations/operationresults\",\r\n      \"locations\": [],\r\n      \"apiVersions\": [\r\n        \"2016-11-01\",\r\n        \"2015-10-01-preview\"\r\n      ]\r\n    },\r\n    {\r\n      \"resourceType\": \"locations/checkNameAvailability\",\r\n      \"locations\": [],\r\n      \"apiVersions\": [\r\n        \"2016-11-01\",\r\n        \"2015-10-01-preview\"\r\n      ]\r\n    },\r\n    {\r\n      \"resourceType\": \"locations/capability\",\r\n      \"locations\": [],\r\n      \"apiVersions\": [\r\n        \"2016-11-01\",\r\n        \"2015-10-01-preview\"\r\n      ]\r\n    },\r\n    {\r\n      \"resourceType\": \"operations\",\r\n      \"locations\": [],\r\n      \"apiVersions\": [\r\n        \"2016-11-01\",\r\n        \"2015-10-01-preview\"\r\n      ]\r\n    }\r\n  ],\r\n  \"registrationState\": \"Registered\"\r\n}",
      "ResponseHeaders": {
        "Content-Length": [
          "1542"
        ],
        "Content-Type": [
          "application/json; charset=utf-8"
        ],
        "Expires": [
          "-1"
        ],
        "Pragma": [
          "no-cache"
        ],
        "x-ms-ratelimit-remaining-subscription-reads": [
          "14980"
        ],
        "x-ms-request-id": [
          "0b6ec048-51e7-436b-9ad5-e33718a01e3a"
        ],
        "x-ms-correlation-request-id": [
          "0b6ec048-51e7-436b-9ad5-e33718a01e3a"
        ],
        "x-ms-routing-request-id": [
          "CENTRALUS:20161028T202136Z:0b6ec048-51e7-436b-9ad5-e33718a01e3a"
        ],
        "Strict-Transport-Security": [
          "max-age=31536000; includeSubDomains"
        ],
        "Cache-Control": [
          "no-cache"
        ],
        "Date": [
          "Fri, 28 Oct 2016 20:21:36 GMT"
        ]
      },
      "StatusCode": 200
    },
    {
      "RequestUri": "/subscriptions/2680339a-9c9f-4b37-9468-a3de1f19f74f/resourcegroups/onesdk2865?api-version=2016-02-01",
      "EncodedRequestUri": "L3N1YnNjcmlwdGlvbnMvMjY4MDMzOWEtOWM5Zi00YjM3LTk0NjgtYTNkZTFmMTlmNzRmL3Jlc291cmNlZ3JvdXBzL29uZXNkazI4NjU/YXBpLXZlcnNpb249MjAxNi0wMi0wMQ==",
      "RequestMethod": "PUT",
      "RequestBody": "{\r\n  \"location\": \"West US\"\r\n}",
      "RequestHeaders": {
        "Content-Type": [
          "application/json; charset=utf-8"
        ],
        "Content-Length": [
          "29"
        ],
        "User-Agent": [
          "Microsoft.Azure.Management.Resources.ResourceManagementClient/2.0.0.0"
        ]
      },
      "ResponseBody": "{\r\n  \"id\": \"/subscriptions/2680339a-9c9f-4b37-9468-a3de1f19f74f/resourceGroups/onesdk2865\",\r\n  \"name\": \"onesdk2865\",\r\n  \"location\": \"westus\",\r\n  \"properties\": {\r\n    \"provisioningState\": \"Succeeded\"\r\n  }\r\n}",
      "ResponseHeaders": {
        "Content-Length": [
          "173"
        ],
        "Content-Type": [
          "application/json; charset=utf-8"
        ],
        "Expires": [
          "-1"
        ],
        "Pragma": [
          "no-cache"
        ],
        "x-ms-ratelimit-remaining-subscription-writes": [
          "1194"
        ],
        "x-ms-request-id": [
          "f16def95-4780-4069-8828-db60229e4966"
        ],
        "x-ms-correlation-request-id": [
          "f16def95-4780-4069-8828-db60229e4966"
        ],
        "x-ms-routing-request-id": [
          "CENTRALUS:20161028T202139Z:f16def95-4780-4069-8828-db60229e4966"
        ],
        "Strict-Transport-Security": [
          "max-age=31536000; includeSubDomains"
        ],
        "Cache-Control": [
          "no-cache"
        ],
        "Date": [
          "Fri, 28 Oct 2016 20:21:39 GMT"
        ]
      },
      "StatusCode": 201
    },
    {
      "RequestUri": "/subscriptions/2680339a-9c9f-4b37-9468-a3de1f19f74f/resourceGroups/onesdk2865/providers/Microsoft.AnalysisServices/servers/onesdk9075?api-version=2016-05-16",
      "EncodedRequestUri": "L3N1YnNjcmlwdGlvbnMvMjY4MDMzOWEtOWM5Zi00YjM3LTk0NjgtYTNkZTFmMTlmNzRmL3Jlc291cmNlR3JvdXBzL29uZXNkazI4NjUvcHJvdmlkZXJzL01pY3Jvc29mdC5BbmFseXNpc1NlcnZpY2VzL3NlcnZlcnMvb25lc2RrOTA3NT9hcGktdmVyc2lvbj0yMDE2LTA1LTE2",
      "RequestMethod": "GET",
      "RequestBody": "",
      "RequestHeaders": {
        "x-ms-client-request-id": [
          "d33b8e30-4d22-4d22-8fca-dbf51e13a4b8"
        ],
        "accept-language": [
          "en-US"
        ],
        "User-Agent": [
          "Microsoft.Azure.Management.Analysis.AnalysisServicesManagementClient/1.0.1-preview"
        ]
      },
      "ResponseBody": "{\r\n  \"error\": {\r\n    \"code\": \"ResourceNotFound\",\r\n    \"message\": \"The Resource 'Microsoft.AnalysisServices/servers/onesdk9075' under resource group 'onesdk2865' was not found.\"\r\n  }\r\n}",
      "ResponseHeaders": {
        "Content-Length": [
          "159"
        ],
        "Content-Type": [
          "application/json; charset=utf-8"
        ],
        "Expires": [
          "-1"
        ],
        "Pragma": [
          "no-cache"
        ],
        "x-ms-failure-cause": [
          "gateway"
        ],
        "x-ms-request-id": [
          "118231ce-981b-4597-8f74-48dd7671a923"
        ],
        "x-ms-correlation-request-id": [
          "118231ce-981b-4597-8f74-48dd7671a923"
        ],
        "x-ms-routing-request-id": [
          "CENTRALUS:20161028T202140Z:118231ce-981b-4597-8f74-48dd7671a923"
        ],
        "Strict-Transport-Security": [
          "max-age=31536000; includeSubDomains"
        ],
        "Cache-Control": [
          "no-cache"
        ],
        "Date": [
          "Fri, 28 Oct 2016 20:21:39 GMT"
        ]
      },
      "StatusCode": 404
    },
    {
      "RequestUri": "/subscriptions/2680339a-9c9f-4b37-9468-a3de1f19f74f/resourceGroups/onesdk2865/providers/Microsoft.AnalysisServices/servers/onesdk9075?api-version=2016-05-16",
      "EncodedRequestUri": "L3N1YnNjcmlwdGlvbnMvMjY4MDMzOWEtOWM5Zi00YjM3LTk0NjgtYTNkZTFmMTlmNzRmL3Jlc291cmNlR3JvdXBzL29uZXNkazI4NjUvcHJvdmlkZXJzL01pY3Jvc29mdC5BbmFseXNpc1NlcnZpY2VzL3NlcnZlcnMvb25lc2RrOTA3NT9hcGktdmVyc2lvbj0yMDE2LTA1LTE2",
      "RequestMethod": "GET",
      "RequestBody": "",
      "RequestHeaders": {
        "User-Agent": [
          "Microsoft.Azure.Management.Analysis.AnalysisServicesManagementClient/1.0.1-preview"
        ]
      },
      "ResponseBody": "{\r\n  \"id\": \"/subscriptions/2680339a-9c9f-4b37-9468-a3de1f19f74f/resourceGroups/onesdk2865/providers/Microsoft.AnalysisServices/servers/onesdk9075\",\r\n  \"name\": \"onesdk9075\",\r\n  \"type\": \"Microsoft.AnalysisServices/servers\",\r\n  \"location\": \"West US\",\r\n  \"sku\": {\r\n    \"name\": \"S1\",\r\n    \"tier\": \"Standard\"\r\n  },\r\n  \"tags\": {},\r\n  \"properties\": {\r\n    \"provisioningState\": \"Succeeded\",\r\n    \"serverFullName\": \"asazure://aspaasnightly1.asazure-int.windows.net/onesdk9075\",\r\n    \"asAdministrators\": {\r\n      \"members\": [\r\n        \"aztest0@stabletest.ccsctp.net\",\r\n        \"aztest1@stabletest.ccsctp.net\"\r\n      ]\r\n    }\r\n  }\r\n}",
      "ResponseHeaders": {
        "Content-Length": [
          "498"
        ],
        "Content-Type": [
          "application/json; charset=utf-8"
        ],
        "Expires": [
          "-1"
        ],
        "Pragma": [
          "no-cache"
        ],
        "Strict-Transport-Security": [
          "max-age=31536000; includeSubDomains"
        ],
        "x-ms-request-id": [
          "1c6c1c4e-af70-4b89-a531-20f1eada0e12"
        ],
        "x-ms-current-utc-date": [
          "10/28/2016 8:22:11 PM"
        ],
        "x-ms-ratelimit-remaining-subscription-reads": [
          "14976"
        ],
        "x-ms-correlation-request-id": [
          "24a4303f-9982-46a7-8b44-319a14aafcbd"
        ],
        "x-ms-routing-request-id": [
          "CENTRALUS:20161028T202213Z:24a4303f-9982-46a7-8b44-319a14aafcbd"
        ],
        "Cache-Control": [
          "no-cache"
        ],
        "Date": [
          "Fri, 28 Oct 2016 20:22:13 GMT"
        ],
        "Server": [
          "Microsoft-HTTPAPI/2.0"
        ]
      },
      "StatusCode": 200
    },
    {
      "RequestUri": "/subscriptions/2680339a-9c9f-4b37-9468-a3de1f19f74f/resourceGroups/onesdk2865/providers/Microsoft.AnalysisServices/servers/onesdk9075?api-version=2016-05-16",
      "EncodedRequestUri": "L3N1YnNjcmlwdGlvbnMvMjY4MDMzOWEtOWM5Zi00YjM3LTk0NjgtYTNkZTFmMTlmNzRmL3Jlc291cmNlR3JvdXBzL29uZXNkazI4NjUvcHJvdmlkZXJzL01pY3Jvc29mdC5BbmFseXNpc1NlcnZpY2VzL3NlcnZlcnMvb25lc2RrOTA3NT9hcGktdmVyc2lvbj0yMDE2LTA1LTE2",
      "RequestMethod": "GET",
      "RequestBody": "",
      "RequestHeaders": {
        "x-ms-client-request-id": [
          "a5732ed3-fd85-4e63-b95e-78700e7452e6"
        ],
        "accept-language": [
          "en-US"
        ],
        "User-Agent": [
          "Microsoft.Azure.Management.Analysis.AnalysisServicesManagementClient/1.0.1-preview"
        ]
      },
      "ResponseBody": "{\r\n  \"id\": \"/subscriptions/2680339a-9c9f-4b37-9468-a3de1f19f74f/resourceGroups/onesdk2865/providers/Microsoft.AnalysisServices/servers/onesdk9075\",\r\n  \"name\": \"onesdk9075\",\r\n  \"type\": \"Microsoft.AnalysisServices/servers\",\r\n  \"location\": \"West US\",\r\n  \"sku\": {\r\n    \"name\": \"S1\",\r\n    \"tier\": \"Standard\"\r\n  },\r\n  \"tags\": {},\r\n  \"properties\": {\r\n    \"provisioningState\": \"Succeeded\",\r\n    \"serverFullName\": \"asazure://aspaasnightly1.asazure-int.windows.net/onesdk9075\",\r\n    \"asAdministrators\": {\r\n      \"members\": [\r\n        \"aztest0@stabletest.ccsctp.net\",\r\n        \"aztest1@stabletest.ccsctp.net\"\r\n      ]\r\n    }\r\n  }\r\n}",
      "ResponseHeaders": {
        "Content-Length": [
          "498"
        ],
        "Content-Type": [
          "application/json; charset=utf-8"
        ],
        "Expires": [
          "-1"
        ],
        "Pragma": [
          "no-cache"
        ],
        "Strict-Transport-Security": [
          "max-age=31536000; includeSubDomains"
        ],
        "x-ms-request-id": [
          "1375a71a-de6d-43bb-a010-fa8ea758b043"
        ],
        "x-ms-current-utc-date": [
          "10/28/2016 8:22:11 PM"
        ],
        "x-ms-ratelimit-remaining-subscription-reads": [
          "14973"
        ],
        "x-ms-correlation-request-id": [
          "c5c06a7f-3d95-412c-bc9b-20f1ab219f25"
        ],
        "x-ms-routing-request-id": [
          "CENTRALUS:20161028T202214Z:c5c06a7f-3d95-412c-bc9b-20f1ab219f25"
        ],
        "Cache-Control": [
          "no-cache"
        ],
        "Date": [
          "Fri, 28 Oct 2016 20:22:13 GMT"
        ],
        "Server": [
          "Microsoft-HTTPAPI/2.0"
        ]
      },
      "StatusCode": 200
    },
    {
      "RequestUri": "/subscriptions/2680339a-9c9f-4b37-9468-a3de1f19f74f/resourceGroups/onesdk2865/providers/Microsoft.AnalysisServices/servers/onesdk9075?api-version=2016-05-16",
      "EncodedRequestUri": "L3N1YnNjcmlwdGlvbnMvMjY4MDMzOWEtOWM5Zi00YjM3LTk0NjgtYTNkZTFmMTlmNzRmL3Jlc291cmNlR3JvdXBzL29uZXNkazI4NjUvcHJvdmlkZXJzL01pY3Jvc29mdC5BbmFseXNpc1NlcnZpY2VzL3NlcnZlcnMvb25lc2RrOTA3NT9hcGktdmVyc2lvbj0yMDE2LTA1LTE2",
      "RequestMethod": "GET",
      "RequestBody": "",
      "RequestHeaders": {
        "x-ms-client-request-id": [
          "643d4066-9a1f-496a-9947-d77556ec1b60"
        ],
        "accept-language": [
          "en-US"
        ],
        "User-Agent": [
          "Microsoft.Azure.Management.Analysis.AnalysisServicesManagementClient/1.0.1-preview"
        ]
      },
      "ResponseBody": "{\r\n  \"error\": {\r\n    \"code\": \"ResourceNotFound\",\r\n    \"message\": \"The Resource 'Microsoft.AnalysisServices/servers/onesdk9075' under resource group 'onesdk2865' was not found.\"\r\n  }\r\n}",
      "ResponseHeaders": {
        "Content-Length": [
          "159"
        ],
        "Content-Type": [
          "application/json; charset=utf-8"
        ],
        "Expires": [
          "-1"
        ],
        "Pragma": [
          "no-cache"
        ],
        "x-ms-failure-cause": [
          "gateway"
        ],
        "x-ms-request-id": [
          "a19f6319-2651-41d4-abf8-c4c114cdd7c2"
        ],
        "x-ms-correlation-request-id": [
          "a19f6319-2651-41d4-abf8-c4c114cdd7c2"
        ],
        "x-ms-routing-request-id": [
          "CENTRALUS:20161028T202245Z:a19f6319-2651-41d4-abf8-c4c114cdd7c2"
        ],
        "Strict-Transport-Security": [
          "max-age=31536000; includeSubDomains"
        ],
        "Cache-Control": [
          "no-cache"
        ],
        "Date": [
          "Fri, 28 Oct 2016 20:22:44 GMT"
        ]
      },
      "StatusCode": 404
    },
    {
      "RequestUri": "/subscriptions/2680339a-9c9f-4b37-9468-a3de1f19f74f/resourceGroups/onesdk2865/providers/Microsoft.AnalysisServices/servers/onesdk9075?api-version=2016-05-16",
      "EncodedRequestUri": "L3N1YnNjcmlwdGlvbnMvMjY4MDMzOWEtOWM5Zi00YjM3LTk0NjgtYTNkZTFmMTlmNzRmL3Jlc291cmNlR3JvdXBzL29uZXNkazI4NjUvcHJvdmlkZXJzL01pY3Jvc29mdC5BbmFseXNpc1NlcnZpY2VzL3NlcnZlcnMvb25lc2RrOTA3NT9hcGktdmVyc2lvbj0yMDE2LTA1LTE2",
      "RequestMethod": "GET",
      "RequestBody": "",
      "RequestHeaders": {
        "x-ms-client-request-id": [
          "67e73ad2-b114-42da-893d-739c8a5ac830"
        ],
        "accept-language": [
          "en-US"
        ],
        "User-Agent": [
          "Microsoft.Azure.Management.Analysis.AnalysisServicesManagementClient/1.0.1-preview"
        ]
      },
      "ResponseBody": "{\r\n  \"error\": {\r\n    \"code\": \"ResourceNotFound\",\r\n    \"message\": \"The Resource 'Microsoft.AnalysisServices/servers/onesdk9075' under resource group 'onesdk2865' was not found.\"\r\n  }\r\n}",
      "ResponseHeaders": {
        "Content-Length": [
          "159"
        ],
        "Content-Type": [
          "application/json; charset=utf-8"
        ],
        "Expires": [
          "-1"
        ],
        "Pragma": [
          "no-cache"
        ],
        "x-ms-failure-cause": [
          "gateway"
        ],
        "x-ms-request-id": [
          "9fe83b33-64f1-4b05-b82a-fdc8026f2eb0"
        ],
        "x-ms-correlation-request-id": [
          "9fe83b33-64f1-4b05-b82a-fdc8026f2eb0"
        ],
        "x-ms-routing-request-id": [
          "CENTRALUS:20161028T202245Z:9fe83b33-64f1-4b05-b82a-fdc8026f2eb0"
        ],
        "Strict-Transport-Security": [
          "max-age=31536000; includeSubDomains"
        ],
        "Cache-Control": [
          "no-cache"
        ],
        "Date": [
          "Fri, 28 Oct 2016 20:22:44 GMT"
        ]
      },
      "StatusCode": 404
    },
    {
      "RequestUri": "/subscriptions/2680339a-9c9f-4b37-9468-a3de1f19f74f/resourceGroups/onesdk2865/providers/Microsoft.AnalysisServices/servers/onesdk9075?api-version=2016-05-16",
      "EncodedRequestUri": "L3N1YnNjcmlwdGlvbnMvMjY4MDMzOWEtOWM5Zi00YjM3LTk0NjgtYTNkZTFmMTlmNzRmL3Jlc291cmNlR3JvdXBzL29uZXNkazI4NjUvcHJvdmlkZXJzL01pY3Jvc29mdC5BbmFseXNpc1NlcnZpY2VzL3NlcnZlcnMvb25lc2RrOTA3NT9hcGktdmVyc2lvbj0yMDE2LTA1LTE2",
      "RequestMethod": "GET",
      "RequestBody": "",
      "RequestHeaders": {
        "x-ms-client-request-id": [
          "ff02c881-8e42-477f-b4ab-6cc94de98a3d"
        ],
        "accept-language": [
          "en-US"
        ],
        "User-Agent": [
          "Microsoft.Azure.Management.Analysis.AnalysisServicesManagementClient/1.0.1-preview"
        ]
      },
      "ResponseBody": "{\r\n  \"error\": {\r\n    \"code\": \"ResourceNotFound\",\r\n    \"message\": \"The Resource 'Microsoft.AnalysisServices/servers/onesdk9075' under resource group 'onesdk2865' was not found.\"\r\n  }\r\n}",
      "ResponseHeaders": {
        "Content-Length": [
          "159"
        ],
        "Content-Type": [
          "application/json; charset=utf-8"
        ],
        "Expires": [
          "-1"
        ],
        "Pragma": [
          "no-cache"
        ],
        "x-ms-failure-cause": [
          "gateway"
        ],
        "x-ms-request-id": [
          "c033fe38-ba1b-4e96-b47f-793ce61d127a"
        ],
        "x-ms-correlation-request-id": [
          "c033fe38-ba1b-4e96-b47f-793ce61d127a"
        ],
        "x-ms-routing-request-id": [
          "CENTRALUS:20161028T202245Z:c033fe38-ba1b-4e96-b47f-793ce61d127a"
        ],
        "Strict-Transport-Security": [
          "max-age=31536000; includeSubDomains"
        ],
        "Cache-Control": [
          "no-cache"
        ],
        "Date": [
          "Fri, 28 Oct 2016 20:22:45 GMT"
        ]
      },
      "StatusCode": 404
    },
    {
      "RequestUri": "/subscriptions/2680339a-9c9f-4b37-9468-a3de1f19f74f/resourceGroups/onesdk2865/providers/Microsoft.AnalysisServices/servers/onesdk9075?api-version=2016-05-16",
      "EncodedRequestUri": "L3N1YnNjcmlwdGlvbnMvMjY4MDMzOWEtOWM5Zi00YjM3LTk0NjgtYTNkZTFmMTlmNzRmL3Jlc291cmNlR3JvdXBzL29uZXNkazI4NjUvcHJvdmlkZXJzL01pY3Jvc29mdC5BbmFseXNpc1NlcnZpY2VzL3NlcnZlcnMvb25lc2RrOTA3NT9hcGktdmVyc2lvbj0yMDE2LTA1LTE2",
      "RequestMethod": "PUT",
      "RequestBody": "{\r\n  \"properties\": {\r\n    \"asAdministrators\": {\r\n      \"members\": [\r\n        \"aztest0@stabletest.ccsctp.net\",\r\n        \"aztest1@stabletest.ccsctp.net\"\r\n      ]\r\n    }\r\n  },\r\n  \"location\": \"West US\",\r\n  \"sku\": {\r\n    \"name\": \"S1\",\r\n    \"tier\": \"Standard\"\r\n  },\r\n  \"tags\": {}\r\n}",
      "RequestHeaders": {
        "Content-Type": [
          "application/json; charset=utf-8"
        ],
        "Content-Length": [
          "276"
        ],
        "x-ms-client-request-id": [
          "e2086921-3d6c-46d9-92cc-f8682a4f5e4d"
        ],
        "accept-language": [
          "en-US"
        ],
        "User-Agent": [
          "Microsoft.Azure.Management.Analysis.AnalysisServicesManagementClient/1.0.1-preview"
        ]
      },
      "ResponseBody": "{\r\n  \"id\": \"/subscriptions/2680339a-9c9f-4b37-9468-a3de1f19f74f/resourceGroups/onesdk2865/providers/Microsoft.AnalysisServices/servers/onesdk9075\",\r\n  \"name\": \"onesdk9075\",\r\n  \"type\": \"Microsoft.AnalysisServices/servers\",\r\n  \"location\": \"West US\",\r\n  \"sku\": {\r\n    \"name\": \"S1\",\r\n    \"tier\": \"Standard\"\r\n  },\r\n  \"tags\": {},\r\n  \"properties\": {\r\n    \"provisioningState\": \"Provisioning\",\r\n    \"serverFullName\": \"asazure://aspaasnightly1.asazure-int.windows.net/onesdk9075\",\r\n    \"asAdministrators\": {\r\n      \"members\": [\r\n        \"aztest0@stabletest.ccsctp.net\",\r\n        \"aztest1@stabletest.ccsctp.net\"\r\n      ]\r\n    }\r\n  }\r\n}",
      "ResponseHeaders": {
        "Content-Length": [
          "501"
        ],
        "Content-Type": [
          "application/json; charset=utf-8"
        ],
        "Expires": [
          "-1"
        ],
        "Pragma": [
          "no-cache"
        ],
        "Strict-Transport-Security": [
          "max-age=31536000; includeSubDomains"
        ],
        "Azure-AsyncOperation": [
          "https://api-dogfood.resources.windows-int.net/subscriptions/2680339a-9c9f-4b37-9468-a3de1f19f74f/providers/Microsoft.AnalysisServices/locations/westus/operationstatuses/4202187D-2D9F-4ACF-B70F-DAE96797DD5B?api-version=2016-05-16"
        ],
        "x-ms-request-id": [
          "7563a92b-24bf-4ec0-97d8-42b6a953c74e"
        ],
        "x-ms-current-utc-date": [
          "10/28/2016 8:21:38 PM"
        ],
        "x-ms-ratelimit-remaining-subscription-writes": [
          "1192"
        ],
        "x-ms-correlation-request-id": [
          "4a4d2f2e-ec6e-436f-bfbb-ec0c9b54eb54"
        ],
        "x-ms-routing-request-id": [
          "CENTRALUS:20161028T202143Z:4a4d2f2e-ec6e-436f-bfbb-ec0c9b54eb54"
        ],
        "Cache-Control": [
          "no-cache"
        ],
        "Date": [
          "Fri, 28 Oct 2016 20:21:42 GMT"
        ],
        "Location": [
          "https://api-dogfood.resources.windows-int.net/subscriptions/2680339a-9c9f-4b37-9468-a3de1f19f74f/providers/Microsoft.AnalysisServices/locations/westus/operationresults/4202187D-2D9F-4ACF-B70F-DAE96797DD5B?api-version=2016-05-16"
        ],
        "Server": [
          "Microsoft-HTTPAPI/2.0"
        ]
      },
      "StatusCode": 201
    },
    {
      "RequestUri": "/subscriptions/2680339a-9c9f-4b37-9468-a3de1f19f74f/providers/Microsoft.AnalysisServices/locations/westus/operationstatuses/4202187D-2D9F-4ACF-B70F-DAE96797DD5B?api-version=2016-05-16",
      "EncodedRequestUri": "L3N1YnNjcmlwdGlvbnMvMjY4MDMzOWEtOWM5Zi00YjM3LTk0NjgtYTNkZTFmMTlmNzRmL3Byb3ZpZGVycy9NaWNyb3NvZnQuQW5hbHlzaXNTZXJ2aWNlcy9sb2NhdGlvbnMvd2VzdHVzL29wZXJhdGlvbnN0YXR1c2VzLzQyMDIxODdELTJEOUYtNEFDRi1CNzBGLURBRTk2Nzk3REQ1Qj9hcGktdmVyc2lvbj0yMDE2LTA1LTE2",
      "RequestMethod": "GET",
      "RequestBody": "",
      "RequestHeaders": {
        "User-Agent": [
          "Microsoft.Azure.Management.Analysis.AnalysisServicesManagementClient/1.0.1-preview"
        ]
      },
      "ResponseBody": "{\r\n  \"id\": \"/subscriptions/2680339a-9c9f-4b37-9468-a3de1f19f74f/locations/westus/operationstatuses/4202187D-2D9F-4ACF-B70F-DAE96797DD5B\",\r\n  \"name\": \"4202187D-2D9F-4ACF-B70F-DAE96797DD5B\",\r\n  \"status\": \"Succeeded\",\r\n  \"startTime\": \"2016-10-28T20:21:39.717Z\",\r\n  \"endTime\": \"2016-10-28T20:22:08.06Z\"\r\n}",
      "ResponseHeaders": {
        "Content-Length": [
          "283"
        ],
        "Content-Type": [
          "application/json; charset=utf-8"
        ],
        "Expires": [
          "-1"
        ],
        "Pragma": [
          "no-cache"
        ],
        "Strict-Transport-Security": [
          "max-age=31536000; includeSubDomains"
        ],
        "x-ms-request-id": [
          "2404987d-0bfb-48b9-8845-ae4013cb502f"
        ],
        "x-ms-current-utc-date": [
          "10/28/2016 8:22:11 PM"
        ],
        "x-ms-ratelimit-remaining-subscription-reads": [
          "14977"
        ],
        "x-ms-correlation-request-id": [
          "dd8d145d-cf30-4ff2-be19-072d92a25ece"
        ],
        "x-ms-routing-request-id": [
          "CENTRALUS:20161028T202213Z:dd8d145d-cf30-4ff2-be19-072d92a25ece"
        ],
        "Cache-Control": [
          "no-cache"
        ],
        "Date": [
          "Fri, 28 Oct 2016 20:22:13 GMT"
        ],
        "Server": [
          "Microsoft-HTTPAPI/2.0"
        ]
      },
      "StatusCode": 200
    },
    {
      "RequestUri": "/subscriptions/2680339a-9c9f-4b37-9468-a3de1f19f74f/resourceGroups/onesdk2865/providers/Microsoft.AnalysisServices/servers/psfakeservertest?api-version=2016-05-16",
      "EncodedRequestUri": "L3N1YnNjcmlwdGlvbnMvMjY4MDMzOWEtOWM5Zi00YjM3LTk0NjgtYTNkZTFmMTlmNzRmL3Jlc291cmNlR3JvdXBzL29uZXNkazI4NjUvcHJvdmlkZXJzL01pY3Jvc29mdC5BbmFseXNpc1NlcnZpY2VzL3NlcnZlcnMvcHNmYWtlc2VydmVydGVzdD9hcGktdmVyc2lvbj0yMDE2LTA1LTE2",
      "RequestMethod": "GET",
      "RequestBody": "",
      "RequestHeaders": {
        "x-ms-client-request-id": [
          "2a6d7303-43db-46f6-a777-13d5e75bc1f8"
        ],
        "accept-language": [
          "en-US"
        ],
        "User-Agent": [
          "Microsoft.Azure.Management.Analysis.AnalysisServicesManagementClient/1.0.1-preview"
        ]
      },
      "ResponseBody": "{\r\n  \"error\": {\r\n    \"code\": \"ResourceNotFound\",\r\n    \"message\": \"The Resource 'Microsoft.AnalysisServices/servers/psfakeservertest' under resource group 'onesdk2865' was not found.\"\r\n  }\r\n}",
      "ResponseHeaders": {
        "Content-Length": [
          "165"
        ],
        "Content-Type": [
          "application/json; charset=utf-8"
        ],
        "Expires": [
          "-1"
        ],
        "Pragma": [
          "no-cache"
        ],
        "x-ms-failure-cause": [
          "gateway"
        ],
        "x-ms-request-id": [
          "c9de8f1e-be79-4ee6-a4ac-b461f9341ba8"
        ],
        "x-ms-correlation-request-id": [
          "c9de8f1e-be79-4ee6-a4ac-b461f9341ba8"
        ],
        "x-ms-routing-request-id": [
          "CENTRALUS:20161028T202213Z:c9de8f1e-be79-4ee6-a4ac-b461f9341ba8"
        ],
        "Strict-Transport-Security": [
          "max-age=31536000; includeSubDomains"
        ],
        "Cache-Control": [
          "no-cache"
        ],
        "Date": [
          "Fri, 28 Oct 2016 20:22:13 GMT"
        ]
      },
      "StatusCode": 404
    },
    {
      "RequestUri": "/subscriptions/2680339a-9c9f-4b37-9468-a3de1f19f74f/resourceGroups/onesdk2865/providers/Microsoft.AnalysisServices/servers/psfakeservertest?api-version=2016-05-16",
      "EncodedRequestUri": "L3N1YnNjcmlwdGlvbnMvMjY4MDMzOWEtOWM5Zi00YjM3LTk0NjgtYTNkZTFmMTlmNzRmL3Jlc291cmNlR3JvdXBzL29uZXNkazI4NjUvcHJvdmlkZXJzL01pY3Jvc29mdC5BbmFseXNpc1NlcnZpY2VzL3NlcnZlcnMvcHNmYWtlc2VydmVydGVzdD9hcGktdmVyc2lvbj0yMDE2LTA1LTE2",
      "RequestMethod": "GET",
      "RequestBody": "",
      "RequestHeaders": {
        "x-ms-client-request-id": [
          "517ec528-8a2f-4ccc-bf77-21637c706616"
        ],
        "accept-language": [
          "en-US"
        ],
        "User-Agent": [
          "Microsoft.Azure.Management.Analysis.AnalysisServicesManagementClient/1.0.1-preview"
        ]
      },
      "ResponseBody": "{\r\n  \"error\": {\r\n    \"code\": \"ResourceNotFound\",\r\n    \"message\": \"The Resource 'Microsoft.AnalysisServices/servers/psfakeservertest' under resource group 'onesdk2865' was not found.\"\r\n  }\r\n}",
      "ResponseHeaders": {
        "Content-Length": [
          "165"
        ],
        "Content-Type": [
          "application/json; charset=utf-8"
        ],
        "Expires": [
          "-1"
        ],
        "Pragma": [
          "no-cache"
        ],
        "x-ms-failure-cause": [
          "gateway"
        ],
        "x-ms-request-id": [
          "bff58a03-859f-4d5b-bcca-89eae3f777ef"
        ],
        "x-ms-correlation-request-id": [
          "bff58a03-859f-4d5b-bcca-89eae3f777ef"
        ],
        "x-ms-routing-request-id": [
          "CENTRALUS:20161028T202214Z:bff58a03-859f-4d5b-bcca-89eae3f777ef"
        ],
        "Strict-Transport-Security": [
          "max-age=31536000; includeSubDomains"
        ],
        "Cache-Control": [
          "no-cache"
        ],
        "Date": [
          "Fri, 28 Oct 2016 20:22:13 GMT"
        ]
      },
      "StatusCode": 404
    },
    {
      "RequestUri": "/subscriptions/2680339a-9c9f-4b37-9468-a3de1f19f74f/resourceGroups/onesdk2865/providers/Microsoft.AnalysisServices/servers/onesdk9075?api-version=2016-05-16",
      "EncodedRequestUri": "L3N1YnNjcmlwdGlvbnMvMjY4MDMzOWEtOWM5Zi00YjM3LTk0NjgtYTNkZTFmMTlmNzRmL3Jlc291cmNlR3JvdXBzL29uZXNkazI4NjUvcHJvdmlkZXJzL01pY3Jvc29mdC5BbmFseXNpc1NlcnZpY2VzL3NlcnZlcnMvb25lc2RrOTA3NT9hcGktdmVyc2lvbj0yMDE2LTA1LTE2",
      "RequestMethod": "DELETE",
      "RequestBody": "",
      "RequestHeaders": {
        "x-ms-client-request-id": [
          "4bf3d543-853a-46ff-bda0-565e0daf3ab9"
        ],
        "accept-language": [
          "en-US"
        ],
        "User-Agent": [
          "Microsoft.Azure.Management.Analysis.AnalysisServicesManagementClient/1.0.1-preview"
        ]
      },
      "ResponseBody": "",
      "ResponseHeaders": {
        "Content-Length": [
          "0"
        ],
        "Expires": [
          "-1"
        ],
        "Pragma": [
          "no-cache"
        ],
        "Strict-Transport-Security": [
          "max-age=31536000; includeSubDomains"
        ],
        "Azure-AsyncOperation": [
          "https://api-dogfood.resources.windows-int.net/subscriptions/2680339a-9c9f-4b37-9468-a3de1f19f74f/providers/Microsoft.AnalysisServices/locations/westus/operationstatuses/2EBFA8B8-3BA3-4A20-99D1-B95FF964AE47?api-version=2016-05-16"
        ],
        "x-ms-request-id": [
          "5c579c8e-6054-4c2f-9eb1-715b10ffd0a0"
        ],
        "x-ms-current-utc-date": [
          "10/28/2016 8:22:12 PM"
        ],
        "x-ms-ratelimit-remaining-subscription-writes": [
          "1191"
        ],
        "x-ms-correlation-request-id": [
          "a7679868-4453-456b-a97f-43eb985b72f3"
        ],
        "x-ms-routing-request-id": [
          "CENTRALUS:20161028T202215Z:a7679868-4453-456b-a97f-43eb985b72f3"
        ],
        "Cache-Control": [
          "no-cache"
        ],
        "Date": [
          "Fri, 28 Oct 2016 20:22:14 GMT"
        ],
        "Location": [
          "https://api-dogfood.resources.windows-int.net/subscriptions/2680339a-9c9f-4b37-9468-a3de1f19f74f/providers/Microsoft.AnalysisServices/locations/westus/operationresults/2EBFA8B8-3BA3-4A20-99D1-B95FF964AE47?api-version=2016-05-16"
        ],
        "Server": [
          "Microsoft-HTTPAPI/2.0"
        ]
      },
      "StatusCode": 202
    },
    {
      "RequestUri": "/subscriptions/2680339a-9c9f-4b37-9468-a3de1f19f74f/providers/Microsoft.AnalysisServices/locations/westus/operationstatuses/2EBFA8B8-3BA3-4A20-99D1-B95FF964AE47?api-version=2016-05-16",
      "EncodedRequestUri": "L3N1YnNjcmlwdGlvbnMvMjY4MDMzOWEtOWM5Zi00YjM3LTk0NjgtYTNkZTFmMTlmNzRmL3Byb3ZpZGVycy9NaWNyb3NvZnQuQW5hbHlzaXNTZXJ2aWNlcy9sb2NhdGlvbnMvd2VzdHVzL29wZXJhdGlvbnN0YXR1c2VzLzJFQkZBOEI4LTNCQTMtNEEyMC05OUQxLUI5NUZGOTY0QUU0Nz9hcGktdmVyc2lvbj0yMDE2LTA1LTE2",
      "RequestMethod": "GET",
      "RequestBody": "",
      "RequestHeaders": {
        "User-Agent": [
          "Microsoft.Azure.Management.Analysis.AnalysisServicesManagementClient/1.0.1-preview"
        ]
      },
      "ResponseBody": "{\r\n  \"id\": \"/subscriptions/2680339a-9c9f-4b37-9468-a3de1f19f74f/locations/westus/operationstatuses/2EBFA8B8-3BA3-4A20-99D1-B95FF964AE47\",\r\n  \"name\": \"2EBFA8B8-3BA3-4A20-99D1-B95FF964AE47\",\r\n  \"status\": \"Succeeded\",\r\n  \"startTime\": \"2016-10-28T20:22:13.093Z\",\r\n  \"endTime\": \"2016-10-28T20:22:25.67Z\"\r\n}",
      "ResponseHeaders": {
        "Content-Length": [
          "283"
        ],
        "Content-Type": [
          "application/json; charset=utf-8"
        ],
        "Expires": [
          "-1"
        ],
        "Pragma": [
          "no-cache"
        ],
        "Strict-Transport-Security": [
          "max-age=31536000; includeSubDomains"
        ],
        "x-ms-request-id": [
          "0b8cd3a0-5190-4425-947c-89d30ecbab44"
        ],
        "x-ms-current-utc-date": [
          "10/28/2016 8:22:42 PM"
        ],
        "x-ms-ratelimit-remaining-subscription-reads": [
          "14972"
        ],
        "x-ms-correlation-request-id": [
          "f5037993-8712-4a2f-b7fb-0d77c255f190"
        ],
        "x-ms-routing-request-id": [
          "CENTRALUS:20161028T202245Z:f5037993-8712-4a2f-b7fb-0d77c255f190"
        ],
        "Cache-Control": [
          "no-cache"
        ],
        "Date": [
          "Fri, 28 Oct 2016 20:22:44 GMT"
        ],
        "Server": [
          "Microsoft-HTTPAPI/2.0"
        ]
      },
      "StatusCode": 200
    },
    {
      "RequestUri": "/subscriptions/2680339a-9c9f-4b37-9468-a3de1f19f74f/resourcegroups/onesdk2865?api-version=2016-02-01",
      "EncodedRequestUri": "L3N1YnNjcmlwdGlvbnMvMjY4MDMzOWEtOWM5Zi00YjM3LTk0NjgtYTNkZTFmMTlmNzRmL3Jlc291cmNlZ3JvdXBzL29uZXNkazI4NjU/YXBpLXZlcnNpb249MjAxNi0wMi0wMQ==",
      "RequestMethod": "DELETE",
      "RequestBody": "",
      "RequestHeaders": {
        "User-Agent": [
          "Microsoft.Azure.Management.Resources.ResourceManagementClient/2.0.0.0"
        ]
      },
      "ResponseBody": "",
      "ResponseHeaders": {
        "Content-Length": [
          "0"
        ],
        "Expires": [
          "-1"
        ],
        "Pragma": [
          "no-cache"
        ],
        "Retry-After": [
          "15"
        ],
        "x-ms-ratelimit-remaining-subscription-writes": [
          "1190"
        ],
        "x-ms-request-id": [
          "bd106758-7824-4249-810a-45433d448a67"
        ],
        "x-ms-correlation-request-id": [
          "bd106758-7824-4249-810a-45433d448a67"
        ],
        "x-ms-routing-request-id": [
          "CENTRALUS:20161028T202245Z:bd106758-7824-4249-810a-45433d448a67"
        ],
        "Strict-Transport-Security": [
          "max-age=31536000; includeSubDomains"
        ],
        "Cache-Control": [
          "no-cache"
        ],
        "Date": [
          "Fri, 28 Oct 2016 20:22:44 GMT"
        ],
        "Location": [
          "https://api-dogfood.resources.windows-int.net/subscriptions/2680339a-9c9f-4b37-9468-a3de1f19f74f/operationresults/eyJqb2JJZCI6IlJFU09VUkNFR1JPVVBERUxFVElPTkpPQi1PTkVTREsyODY1LVdFU1RVUyIsImpvYkxvY2F0aW9uIjoid2VzdHVzIn0?api-version=2016-02-01"
        ]
      },
      "StatusCode": 202
    },
    {
      "RequestUri": "/subscriptions/2680339a-9c9f-4b37-9468-a3de1f19f74f/operationresults/eyJqb2JJZCI6IlJFU09VUkNFR1JPVVBERUxFVElPTkpPQi1PTkVTREsyODY1LVdFU1RVUyIsImpvYkxvY2F0aW9uIjoid2VzdHVzIn0?api-version=2016-02-01",
      "EncodedRequestUri": "L3N1YnNjcmlwdGlvbnMvMjY4MDMzOWEtOWM5Zi00YjM3LTk0NjgtYTNkZTFmMTlmNzRmL29wZXJhdGlvbnJlc3VsdHMvZXlKcWIySkpaQ0k2SWxKRlUwOVZVa05GUjFKUFZWQkVSVXhGVkVsUFRrcFBRaTFQVGtWVFJFc3lPRFkxTFZkRlUxUlZVeUlzSW1wdllreHZZMkYwYVc5dUlqb2lkMlZ6ZEhWekluMD9hcGktdmVyc2lvbj0yMDE2LTAyLTAx",
      "RequestMethod": "GET",
      "RequestBody": "",
      "RequestHeaders": {
        "x-ms-version": [
          "2016-02-01"
        ],
        "User-Agent": [
          "Microsoft.Azure.Management.Resources.ResourceManagementClient/2.0.0.0"
        ]
      },
      "ResponseBody": "",
      "ResponseHeaders": {
        "Content-Length": [
          "0"
        ],
        "Expires": [
          "-1"
        ],
        "Pragma": [
          "no-cache"
        ],
        "Retry-After": [
          "15"
        ],
        "x-ms-ratelimit-remaining-subscription-reads": [
          "14978"
        ],
        "x-ms-request-id": [
          "79a45296-56f8-4766-8837-21122c8a0bd8"
        ],
        "x-ms-correlation-request-id": [
          "79a45296-56f8-4766-8837-21122c8a0bd8"
        ],
        "x-ms-routing-request-id": [
          "CENTRALUS:20161028T202245Z:79a45296-56f8-4766-8837-21122c8a0bd8"
        ],
        "Strict-Transport-Security": [
          "max-age=31536000; includeSubDomains"
        ],
        "Cache-Control": [
          "no-cache"
        ],
        "Date": [
          "Fri, 28 Oct 2016 20:22:44 GMT"
        ],
        "Location": [
          "https://api-dogfood.resources.windows-int.net/subscriptions/2680339a-9c9f-4b37-9468-a3de1f19f74f/operationresults/eyJqb2JJZCI6IlJFU09VUkNFR1JPVVBERUxFVElPTkpPQi1PTkVTREsyODY1LVdFU1RVUyIsImpvYkxvY2F0aW9uIjoid2VzdHVzIn0?api-version=2016-02-01"
        ]
      },
      "StatusCode": 202
    },
    {
      "RequestUri": "/subscriptions/2680339a-9c9f-4b37-9468-a3de1f19f74f/operationresults/eyJqb2JJZCI6IlJFU09VUkNFR1JPVVBERUxFVElPTkpPQi1PTkVTREsyODY1LVdFU1RVUyIsImpvYkxvY2F0aW9uIjoid2VzdHVzIn0?api-version=2016-02-01",
      "EncodedRequestUri": "L3N1YnNjcmlwdGlvbnMvMjY4MDMzOWEtOWM5Zi00YjM3LTk0NjgtYTNkZTFmMTlmNzRmL29wZXJhdGlvbnJlc3VsdHMvZXlKcWIySkpaQ0k2SWxKRlUwOVZVa05GUjFKUFZWQkVSVXhGVkVsUFRrcFBRaTFQVGtWVFJFc3lPRFkxTFZkRlUxUlZVeUlzSW1wdllreHZZMkYwYVc5dUlqb2lkMlZ6ZEhWekluMD9hcGktdmVyc2lvbj0yMDE2LTAyLTAx",
      "RequestMethod": "GET",
      "RequestBody": "",
      "RequestHeaders": {
        "x-ms-version": [
          "2016-02-01"
        ],
        "User-Agent": [
          "Microsoft.Azure.Management.Resources.ResourceManagementClient/2.0.0.0"
        ]
      },
      "ResponseBody": "",
      "ResponseHeaders": {
        "Content-Length": [
          "0"
        ],
        "Expires": [
          "-1"
        ],
        "Pragma": [
          "no-cache"
        ],
        "Retry-After": [
          "15"
        ],
        "x-ms-ratelimit-remaining-subscription-reads": [
          "14975"
        ],
        "x-ms-request-id": [
          "c755b4ef-a22d-4940-8118-c18c9f649741"
        ],
        "x-ms-correlation-request-id": [
          "c755b4ef-a22d-4940-8118-c18c9f649741"
        ],
        "x-ms-routing-request-id": [
          "CENTRALUS:20161028T202300Z:c755b4ef-a22d-4940-8118-c18c9f649741"
        ],
        "Strict-Transport-Security": [
          "max-age=31536000; includeSubDomains"
        ],
        "Cache-Control": [
          "no-cache"
        ],
        "Date": [
          "Fri, 28 Oct 2016 20:23:00 GMT"
        ],
        "Location": [
          "https://api-dogfood.resources.windows-int.net/subscriptions/2680339a-9c9f-4b37-9468-a3de1f19f74f/operationresults/eyJqb2JJZCI6IlJFU09VUkNFR1JPVVBERUxFVElPTkpPQi1PTkVTREsyODY1LVdFU1RVUyIsImpvYkxvY2F0aW9uIjoid2VzdHVzIn0?api-version=2016-02-01"
        ]
      },
      "StatusCode": 202
    },
    {
      "RequestUri": "/subscriptions/2680339a-9c9f-4b37-9468-a3de1f19f74f/operationresults/eyJqb2JJZCI6IlJFU09VUkNFR1JPVVBERUxFVElPTkpPQi1PTkVTREsyODY1LVdFU1RVUyIsImpvYkxvY2F0aW9uIjoid2VzdHVzIn0?api-version=2016-02-01",
      "EncodedRequestUri": "L3N1YnNjcmlwdGlvbnMvMjY4MDMzOWEtOWM5Zi00YjM3LTk0NjgtYTNkZTFmMTlmNzRmL29wZXJhdGlvbnJlc3VsdHMvZXlKcWIySkpaQ0k2SWxKRlUwOVZVa05GUjFKUFZWQkVSVXhGVkVsUFRrcFBRaTFQVGtWVFJFc3lPRFkxTFZkRlUxUlZVeUlzSW1wdllreHZZMkYwYVc5dUlqb2lkMlZ6ZEhWekluMD9hcGktdmVyc2lvbj0yMDE2LTAyLTAx",
      "RequestMethod": "GET",
      "RequestBody": "",
      "RequestHeaders": {
        "x-ms-version": [
          "2016-02-01"
        ],
        "User-Agent": [
          "Microsoft.Azure.Management.Resources.ResourceManagementClient/2.0.0.0"
        ]
      },
      "ResponseBody": "",
      "ResponseHeaders": {
        "Content-Length": [
          "0"
        ],
        "Expires": [
          "-1"
        ],
        "Pragma": [
          "no-cache"
        ],
        "Retry-After": [
          "15"
        ],
        "x-ms-ratelimit-remaining-subscription-reads": [
          "14972"
        ],
        "x-ms-request-id": [
          "8a137589-0206-49ab-aaa9-4a5888780158"
        ],
        "x-ms-correlation-request-id": [
          "8a137589-0206-49ab-aaa9-4a5888780158"
        ],
        "x-ms-routing-request-id": [
          "CENTRALUS:20161028T202315Z:8a137589-0206-49ab-aaa9-4a5888780158"
        ],
        "Strict-Transport-Security": [
          "max-age=31536000; includeSubDomains"
        ],
        "Cache-Control": [
          "no-cache"
        ],
        "Date": [
          "Fri, 28 Oct 2016 20:23:15 GMT"
        ],
        "Location": [
          "https://api-dogfood.resources.windows-int.net/subscriptions/2680339a-9c9f-4b37-9468-a3de1f19f74f/operationresults/eyJqb2JJZCI6IlJFU09VUkNFR1JPVVBERUxFVElPTkpPQi1PTkVTREsyODY1LVdFU1RVUyIsImpvYkxvY2F0aW9uIjoid2VzdHVzIn0?api-version=2016-02-01"
        ]
      },
      "StatusCode": 202
    },
    {
      "RequestUri": "/subscriptions/2680339a-9c9f-4b37-9468-a3de1f19f74f/operationresults/eyJqb2JJZCI6IlJFU09VUkNFR1JPVVBERUxFVElPTkpPQi1PTkVTREsyODY1LVdFU1RVUyIsImpvYkxvY2F0aW9uIjoid2VzdHVzIn0?api-version=2016-02-01",
      "EncodedRequestUri": "L3N1YnNjcmlwdGlvbnMvMjY4MDMzOWEtOWM5Zi00YjM3LTk0NjgtYTNkZTFmMTlmNzRmL29wZXJhdGlvbnJlc3VsdHMvZXlKcWIySkpaQ0k2SWxKRlUwOVZVa05GUjFKUFZWQkVSVXhGVkVsUFRrcFBRaTFQVGtWVFJFc3lPRFkxTFZkRlUxUlZVeUlzSW1wdllreHZZMkYwYVc5dUlqb2lkMlZ6ZEhWekluMD9hcGktdmVyc2lvbj0yMDE2LTAyLTAx",
      "RequestMethod": "GET",
      "RequestBody": "",
      "RequestHeaders": {
        "x-ms-version": [
          "2016-02-01"
        ],
        "User-Agent": [
          "Microsoft.Azure.Management.Resources.ResourceManagementClient/2.0.0.0"
        ]
      },
      "ResponseBody": "",
      "ResponseHeaders": {
        "Content-Length": [
          "0"
        ],
        "Expires": [
          "-1"
        ],
        "Pragma": [
          "no-cache"
        ],
        "x-ms-ratelimit-remaining-subscription-reads": [
          "14970"
        ],
        "x-ms-request-id": [
          "ea20580d-a256-40dc-80b0-ed69814cebea"
        ],
        "x-ms-correlation-request-id": [
          "ea20580d-a256-40dc-80b0-ed69814cebea"
        ],
        "x-ms-routing-request-id": [
          "CENTRALUS:20161028T202330Z:ea20580d-a256-40dc-80b0-ed69814cebea"
        ],
        "Strict-Transport-Security": [
          "max-age=31536000; includeSubDomains"
        ],
        "Cache-Control": [
          "no-cache"
        ],
        "Date": [
          "Fri, 28 Oct 2016 20:23:30 GMT"
        ]
      },
      "StatusCode": 200
    }
  ],
  "Names": {
    "Test-NegativeAnalysisServicesServer": [
      "onesdk2865",
      "onesdk9075"
    ]
  },
  "Variables": {
    "SubscriptionId": "2680339a-9c9f-4b37-9468-a3de1f19f74f"
  }
}