{
  "ApplicationInsightsComponent+[NoContext]+Component+$PUT+https://management.azure.com/subscriptions/9e223dbe-3399-4e19-88eb-0975f02ac87f/resourceGroups/appInsights-qx65vu-test/providers/microsoft.insights/components/componentch2rdq?api-version=2020-02-02+1": {
    "Request": {
      "Method": "PUT",
      "RequestUri": "https://management.azure.com/subscriptions/9e223dbe-3399-4e19-88eb-0975f02ac87f/resourceGroups/appInsights-qx65vu-test/providers/microsoft.insights/components/componentch2rdq?api-version=2020-02-02",
      "Content": "{\r\n  \"location\": \"westus2\",\r\n  \"properties\": {\r\n    \"Application_Type\": \"web\"\r\n  },\r\n  \"kind\": \"web\"\r\n}",
      "isContentBase64": false,
      "Headers": {
      },
      "ContentHeaders": {
        "Content-Type": [ "application/json" ],
        "Content-Length": [ "103" ]
      }
    },
    "Response": {
      "StatusCode": 200,
      "Headers": {
        "Cache-Control": [ "no-cache" ],
        "Pragma": [ "no-cache" ],
        "x-ms-request-id": [ "e58c425e-26ba-4b7f-b246-86a9b6dcdf07" ],
        "X-Content-Type-Options": [ "nosniff" ],
        "Request-Context": [ "appId=cid-v1:920e14b1-13f3-461a-a4bb-b4fe6f1a4525" ],
        "Access-Control-Expose-Headers": [ "Request-Context" ],
        "Strict-Transport-Security": [ "max-age=31536000; includeSubDomains" ],
        "Server": [ "Microsoft-IIS/10.0" ],
        "X-Powered-By": [ "ASP.NET" ],
        "x-ms-ratelimit-remaining-subscription-writes": [ "1196" ],
        "x-ms-correlation-request-id": [ "1eafce60-cc49-46e1-b0a3-a681ca528dd8" ],
        "x-ms-routing-request-id": [ "SOUTHEASTASIA:20220410T163226Z:1eafce60-cc49-46e1-b0a3-a681ca528dd8" ],
        "Date": [ "Sun, 10 Apr 2022 16:32:26 GMT" ]
      },
      "ContentHeaders": {
        "Content-Length": [ "1018" ],
        "Content-Type": [ "application/json; charset=utf-8" ],
        "Expires": [ "-1" ]
      },
      "Content": "{\"id\":\"/subscriptions/9e223dbe-3399-4e19-88eb-0975f02ac87f/resourceGroups/appInsights-qx65vu-test/providers/microsoft.insights/components/componentch2rdq\",\"name\":\"componentch2rdq\",\"type\":\"microsoft.insights/components\",\"location\":\"westus2\",\"tags\":{},\"kind\":\"web\",\"etag\":\"\\\"00002cd6-0000-0600-0000-625306980000\\\"\",\"properties\":{\"Ver\":\"v2\",\"ApplicationId\":\"componentch2rdq\",\"AppId\":\"e1fb8925-bfc5-46e1-922e-dafbe149867d\",\"Application_Type\":\"web\",\"Flow_Type\":null,\"Request_Source\":null,\"InstrumentationKey\":\"886ec39a-432e-4c84-96f1-1db7b5cab397\",\"ConnectionString\":\"InstrumentationKey=886ec39a-432e-4c84-96f1-1db7b5cab397;IngestionEndpoint=https://westus2-1.in.applicationinsights.azure.com/\",\"Name\":\"componentch2rdq\",\"CreationDate\":\"2022-04-10T16:32:24.5543649+00:00\",\"TenantId\":\"9e223dbe-3399-4e19-88eb-0975f02ac87f\",\"provisioningState\":\"Succeeded\",\"SamplingPercentage\":null,\"RetentionInDays\":90,\"IngestionMode\":\"ApplicationInsights\",\"publicNetworkAccessForIngestion\":\"Enabled\",\"publicNetworkAccessForQuery\":\"Enabled\"}}",
      "isContentBase64": false
    }
  },
  "ApplicationInsightsComponent+[NoContext]+Component+$GET+https://management.azure.com/subscriptions/9e223dbe-3399-4e19-88eb-0975f02ac87f/resourceGroups/appInsights-qx65vu-test/providers/microsoft.insights/components/componentch2rdq?api-version=2020-02-02+2": {
    "Request": {
      "Method": "GET",
      "RequestUri": "https://management.azure.com/subscriptions/9e223dbe-3399-4e19-88eb-0975f02ac87f/resourceGroups/appInsights-qx65vu-test/providers/microsoft.insights/components/componentch2rdq?api-version=2020-02-02",
      "Content": null,
      "isContentBase64": false,
      "Headers": {
        "x-ms-unique-id": [ "6" ],
        "x-ms-client-request-id": [ "e2277b3a-e745-41ba-8e31-1226b9d2c4c7" ],
        "CommandName": [ "." ],
        "FullCommandName": [ "Get-AzApplicationInsights_Get" ],
        "ParameterSetName": [ "__AllParameterSets" ],
        "User-Agent": [ "AzurePowershell/v0.0.0", "Az.ApplicationInsights/0.1.0" ],
        "Authorization": [ "[Filtered]" ]
      },
      "ContentHeaders": {
      }
    },
    "Response": {
      "StatusCode": 200,
      "Headers": {
        "Cache-Control": [ "no-cache" ],
        "Pragma": [ "no-cache" ],
        "x-ms-request-id": [ "e2277b3a-e745-41ba-8e31-1226b9d2c4c7" ],
        "X-Content-Type-Options": [ "nosniff" ],
        "Request-Context": [ "appId=cid-v1:920e14b1-13f3-461a-a4bb-b4fe6f1a4525" ],
        "Access-Control-Expose-Headers": [ "Request-Context" ],
        "Strict-Transport-Security": [ "max-age=31536000; includeSubDomains" ],
        "Server": [ "Microsoft-IIS/10.0" ],
        "X-Powered-By": [ "ASP.NET" ],
        "x-ms-ratelimit-remaining-subscription-reads": [ "11999" ],
        "x-ms-correlation-request-id": [ "bcbdd2ba-70a7-4f52-b121-bb32cdf2d72c" ],
        "x-ms-routing-request-id": [ "SOUTHEASTASIA:20220410T163227Z:bcbdd2ba-70a7-4f52-b121-bb32cdf2d72c" ],
        "Date": [ "Sun, 10 Apr 2022 16:32:27 GMT" ]
      },
      "ContentHeaders": {
        "Content-Length": [ "1018" ],
        "Content-Type": [ "application/json; charset=utf-8" ],
        "Expires": [ "-1" ]
      },
      "Content": "{\"id\":\"/subscriptions/9e223dbe-3399-4e19-88eb-0975f02ac87f/resourceGroups/appInsights-qx65vu-test/providers/microsoft.insights/components/componentch2rdq\",\"name\":\"componentch2rdq\",\"type\":\"microsoft.insights/components\",\"location\":\"westus2\",\"tags\":{},\"kind\":\"web\",\"etag\":\"\\\"00002cd6-0000-0600-0000-625306980000\\\"\",\"properties\":{\"Ver\":\"v2\",\"ApplicationId\":\"componentch2rdq\",\"AppId\":\"e1fb8925-bfc5-46e1-922e-dafbe149867d\",\"Application_Type\":\"web\",\"Flow_Type\":null,\"Request_Source\":null,\"InstrumentationKey\":\"886ec39a-432e-4c84-96f1-1db7b5cab397\",\"ConnectionString\":\"InstrumentationKey=886ec39a-432e-4c84-96f1-1db7b5cab397;IngestionEndpoint=https://westus2-1.in.applicationinsights.azure.com/\",\"Name\":\"componentch2rdq\",\"CreationDate\":\"2022-04-10T16:32:24.5543649+00:00\",\"TenantId\":\"9e223dbe-3399-4e19-88eb-0975f02ac87f\",\"provisioningState\":\"Succeeded\",\"SamplingPercentage\":null,\"RetentionInDays\":90,\"IngestionMode\":\"ApplicationInsights\",\"publicNetworkAccessForIngestion\":\"Enabled\",\"publicNetworkAccessForQuery\":\"Enabled\"}}",
      "isContentBase64": false
    }
  },
  "ApplicationInsightsComponent+[NoContext]+Component+$PUT+https://management.azure.com/subscriptions/9e223dbe-3399-4e19-88eb-0975f02ac87f/resourceGroups/appInsights-qx65vu-test/providers/microsoft.insights/components/componentch2rdq?api-version=2020-02-02+3": {
    "Request": {
      "Method": "PUT",
      "RequestUri": "https://management.azure.com/subscriptions/9e223dbe-3399-4e19-88eb-0975f02ac87f/resourceGroups/appInsights-qx65vu-test/providers/microsoft.insights/components/componentch2rdq?api-version=2020-02-02",
      "Content": "{\r\n  \"location\": \"westus2\",\r\n  \"tags\": {\r\n    \"key\": \"val\"\r\n  },\r\n  \"properties\": {\r\n    \"Application_Type\": \"web\",\r\n    \"RetentionInDays\": 90,\r\n    \"publicNetworkAccessForIngestion\": \"Disabled\",\r\n    \"publicNetworkAccessForQuery\": \"Disabled\",\r\n    \"IngestionMode\": \"ApplicationInsights\"\r\n  },\r\n  \"kind\": \"web\",\r\n  \"etag\": \"\\\"00002cd6-0000-0600-0000-625306980000\\\"\"\r\n}",
      "isContentBase64": false,
      "Headers": {
      },
      "ContentHeaders": {
        "Content-Type": [ "application/json" ],
        "Content-Length": [ "368" ]
      }
    },
    "Response": {
      "StatusCode": 200,
      "Headers": {
        "Cache-Control": [ "no-cache" ],
        "Pragma": [ "no-cache" ],
        "x-ms-request-id": [ "e653d1a8-3dbc-4bec-983d-9670efcdafce" ],
        "X-Content-Type-Options": [ "nosniff" ],
        "Request-Context": [ "appId=cid-v1:920e14b1-13f3-461a-a4bb-b4fe6f1a4525" ],
        "Access-Control-Expose-Headers": [ "Request-Context" ],
        "Strict-Transport-Security": [ "max-age=31536000; includeSubDomains" ],
        "Server": [ "Microsoft-IIS/10.0" ],
        "X-Powered-By": [ "ASP.NET" ],
        "x-ms-ratelimit-remaining-subscription-writes": [ "1195" ],
        "x-ms-correlation-request-id": [ "a274718c-3f1b-421e-bf44-0b631016eb48" ],
        "x-ms-routing-request-id": [ "SOUTHEASTASIA:20220410T163233Z:a274718c-3f1b-421e-bf44-0b631016eb48" ],
        "Date": [ "Sun, 10 Apr 2022 16:32:32 GMT" ]
      },
      "ContentHeaders": {
        "Content-Length": [ "1050" ],
        "Content-Type": [ "application/json; charset=utf-8" ],
        "Expires": [ "-1" ]
      },
      "Content": "{\"id\":\"/subscriptions/9e223dbe-3399-4e19-88eb-0975f02ac87f/resourceGroups/appInsights-qx65vu-test/providers/microsoft.insights/components/componentch2rdq\",\"name\":\"componentch2rdq\",\"type\":\"microsoft.insights/components\",\"location\":\"westus2\",\"tags\":{\"key\":\"val\"},\"kind\":\"web\",\"etag\":\"\\\"00002ed6-0000-0600-0000-6253069e0000\\\"\",\"properties\":{\"Ver\":\"v2\",\"ApplicationId\":\"componentch2rdq\",\"AppId\":\"e1fb8925-bfc5-46e1-922e-dafbe149867d\",\"Application_Type\":\"web\",\"Flow_Type\":null,\"Request_Source\":null,\"InstrumentationKey\":\"886ec39a-432e-4c84-96f1-1db7b5cab397\",\"ConnectionString\":\"InstrumentationKey=886ec39a-432e-4c84-96f1-1db7b5cab397;IngestionEndpoint=https://westus2-1.in.applicationinsights.azure.com/\",\"Name\":\"componentch2rdq\",\"CreationDate\":\"2022-04-10T16:32:24.5543649+00:00\",\"TenantId\":\"9e223dbe-3399-4e19-88eb-0975f02ac87f\",\"provisioningState\":\"Succeeded\",\"SamplingPercentage\":null,\"RetentionInDays\":90,\"Retention\":\"P90D\",\"IngestionMode\":\"ApplicationInsights\",\"publicNetworkAccessForIngestion\":\"Disabled\",\"publicNetworkAccessForQuery\":\"Disabled\"}}",
      "isContentBase64": false
    }
  },
  "ApplicationInsightsComponent+[NoContext]+Component+$DELETE+https://management.azure.com/subscriptions/9e223dbe-3399-4e19-88eb-0975f02ac87f/resourceGroups/appInsights-qx65vu-test/providers/microsoft.insights/components/componentch2rdq?api-version=2020-02-02+4": {
    "Request": {
      "Method": "DELETE",
      "RequestUri": "https://management.azure.com/subscriptions/9e223dbe-3399-4e19-88eb-0975f02ac87f/resourceGroups/appInsights-qx65vu-test/providers/microsoft.insights/components/componentch2rdq?api-version=2020-02-02",
      "Content": null,
      "isContentBase64": false,
      "Headers": {
        "x-ms-unique-id": [ "9" ],
        "x-ms-client-request-id": [ "15b27916-24a6-420e-88cd-c36dcfb7f104" ],
        "CommandName": [ "Remove-AzApplicationInsights" ],
        "FullCommandName": [ "Remove-AzApplicationInsights_Delete" ],
        "ParameterSetName": [ "__AllParameterSets" ],
        "User-Agent": [ "AzurePowershell/v0.0.0", "Az.ApplicationInsights/0.1.0" ],
        "Authorization": [ "[Filtered]" ]
      },
      "ContentHeaders": {
      }
    },
    "Response": {
      "StatusCode": 200,
      "Headers": {
        "Cache-Control": [ "no-cache" ],
        "Pragma": [ "no-cache" ],
        "x-ms-request-id": [ "15b27916-24a6-420e-88cd-c36dcfb7f104" ],
        "X-Content-Type-Options": [ "nosniff" ],
        "Request-Context": [ "appId=cid-v1:920e14b1-13f3-461a-a4bb-b4fe6f1a4525" ],
        "Access-Control-Expose-Headers": [ "Request-Context" ],
        "Strict-Transport-Security": [ "max-age=31536000; includeSubDomains" ],
        "Server": [ "Microsoft-IIS/10.0" ],
        "X-Powered-By": [ "ASP.NET" ],
        "x-ms-ratelimit-remaining-subscription-deletes": [ "14999" ],
        "x-ms-correlation-request-id": [ "869d3b84-351d-437b-8f71-f457e844a7b5" ],
        "x-ms-routing-request-id": [ "SOUTHEASTASIA:20220410T163241Z:869d3b84-351d-437b-8f71-f457e844a7b5" ],
        "Date": [ "Sun, 10 Apr 2022 16:32:40 GMT" ]
      },
      "ContentHeaders": {
        "Expires": [ "-1" ],
        "Content-Length": [ "0" ]
      },
      "Content": null,
      "isContentBase64": false
    }
  }
}