{
  "Get-AzApplicationInsightsWorkbookRevision+[NoContext]+List+$PUT+https://management.azure.com/subscriptions/9e223dbe-3399-4e19-88eb-0975f02ac87f/resourceGroups/appInsights-hkrs2v-test/providers/microsoft.insights/workbooks/7f066122-885c-489b-b5f7-fa594c2775e5?api-version=2022-04-01+1": {
    "Request": {
      "Method": "PUT",
      "RequestUri": "https://management.azure.com/subscriptions/9e223dbe-3399-4e19-88eb-0975f02ac87f/resourceGroups/appInsights-hkrs2v-test/providers/microsoft.insights/workbooks/7f066122-885c-489b-b5f7-fa594c2775e5?api-version=2022-04-01",
      "Content": "{\r\n  \"location\": \"westus2\",\r\n  \"kind\": \"shared\",\r\n  \"properties\": {\r\n    \"displayName\": \"f48d5ba6-9da7-4dd2-aed4-71edd6e5e517-pwsh\",\r\n    \"serializedData\": \"\",\r\n    \"sourceId\": \"/subscriptions/9e223dbe-3399-4e19-88eb-0975f02ac87f/resourcegroups/appInsights-hkrs2v-test/providers/microsoft.insights/components/appInsights-48mah3-pwsh\"\r\n  }\r\n}",
      "isContentBase64": false,
      "Headers": {
      },
      "ContentHeaders": {
        "Content-Type": [ "application/json" ],
        "Content-Length": [ "341" ]
      }
    },
    "Response": {
      "StatusCode": 200,
      "Headers": {
        "Cache-Control": [ "no-cache" ],
        "Pragma": [ "no-cache" ],
        "Request-Context": [ "appId=cid-v1:7f83c1fe-8c94-4d55-9337-4ddc696f61ed" ],
        "Access-Control-Expose-Headers": [ "Request-Context" ],
        "Strict-Transport-Security": [ "max-age=31536000; includeSubDomains" ],
        "X-Content-Type-Options": [ "nosniff" ],
        "Server": [ "Microsoft-IIS/10.0" ],
        "X-Powered-By": [ "ASP.NET" ],
        "x-ms-ratelimit-remaining-subscription-writes": [ "1199" ],
        "x-ms-request-id": [ "56e3e72b-38c4-4fd5-88c9-b78590818cb3" ],
        "x-ms-correlation-request-id": [ "56e3e72b-38c4-4fd5-88c9-b78590818cb3" ],
        "x-ms-routing-request-id": [ "SOUTHEASTASIA:20221110T021203Z:56e3e72b-38c4-4fd5-88c9-b78590818cb3" ],
        "Date": [ "Thu, 10 Nov 2022 02:12:03 GMT" ]
      },
      "ContentHeaders": {
        "Content-Length": [ "983" ],
        "Content-Type": [ "application/json; charset=utf-8" ],
        "Expires": [ "-1" ]
      },
      "Content": "{\r\n  \"id\": \"/subscriptions/9e223dbe-3399-4e19-88eb-0975f02ac87f/resourcegroups/appinsights-hkrs2v-test/providers/microsoft.insights/workbooks/7f066122-885c-489b-b5f7-fa594c2775e5\",\r\n  \"name\": \"7f066122-885c-489b-b5f7-fa594c2775e5\",\r\n  \"type\": null,\r\n  \"location\": \"westus2\",\r\n  \"tags\": {\r\n    \"hidden-title\": \"f48d5ba6-9da7-4dd2-aed4-71edd6e5e517-pwsh\"\r\n  },\r\n  \"kind\": \"shared\",\r\n  \"etag\": \"\\\"0200986d-0000-0600-0000-636c5df20000\\\"\",\r\n  \"properties\": {\r\n    \"displayName\": \"f48d5ba6-9da7-4dd2-aed4-71edd6e5e517-pwsh\",\r\n    \"serializedData\": \"\",\r\n    \"version\": null,\r\n    \"category\": \"workbook\",\r\n    \"userId\": \"97deab6c-e478-40b4-b4da-e7d9353dc1e8\",\r\n    \"sourceId\": \"/subscriptions/9e223dbe-3399-4e19-88eb-0975f02ac87f/resourcegroups/appinsights-hkrs2v-test/providers/microsoft.insights/components/appinsights-48mah3-pwsh\",\r\n    \"timeModified\": \"2022-11-10T02:12:02.3836765Z\",\r\n    \"tags\": null,\r\n    \"storageUri\": null,\r\n    \"revision\": \"032976460fc94a40bf609c6ba9649d0f\"\r\n  }\r\n}",
      "isContentBase64": false
    }
  },
  "Get-AzApplicationInsightsWorkbookRevision+[NoContext]+List+$GET+https://management.azure.com/subscriptions/9e223dbe-3399-4e19-88eb-0975f02ac87f/resourceGroups/appInsights-hkrs2v-test/providers/microsoft.insights/workbooks/7f066122-885c-489b-b5f7-fa594c2775e5/revisions?api-version=2022-04-01+2": {
    "Request": {
      "Method": "GET",
      "RequestUri": "https://management.azure.com/subscriptions/9e223dbe-3399-4e19-88eb-0975f02ac87f/resourceGroups/appInsights-hkrs2v-test/providers/microsoft.insights/workbooks/7f066122-885c-489b-b5f7-fa594c2775e5/revisions?api-version=2022-04-01",
      "Content": null,
      "isContentBase64": false,
      "Headers": {
        "x-ms-unique-id": [ "2" ],
        "x-ms-client-request-id": [ "13054bc9-ec2f-45c6-9fa8-e0bcd6f56a50" ],
        "CommandName": [ "Get-AzApplicationInsightsWorkbookRevision" ],
        "FullCommandName": [ "Get-AzApplicationInsightsWorkbookRevision_List" ],
        "ParameterSetName": [ "__AllParameterSets" ],
        "User-Agent": [ "AzurePowershell/v0.0.0", "PSVersion/v7.1.4", "Az.ApplicationInsights/0.1.0" ],
        "Authorization": [ "[Filtered]" ]
      },
      "ContentHeaders": {
      }
    },
    "Response": {
      "StatusCode": 200,
      "Headers": {
        "Cache-Control": [ "no-cache" ],
        "Pragma": [ "no-cache" ],
        "Request-Context": [ "appId=cid-v1:7f83c1fe-8c94-4d55-9337-4ddc696f61ed" ],
        "Access-Control-Expose-Headers": [ "Request-Context" ],
        "Strict-Transport-Security": [ "max-age=31536000; includeSubDomains" ],
        "X-Content-Type-Options": [ "nosniff" ],
        "Server": [ "Microsoft-IIS/10.0" ],
        "X-Powered-By": [ "ASP.NET" ],
        "x-ms-ratelimit-remaining-subscription-reads": [ "11999" ],
        "x-ms-request-id": [ "255538da-288f-42d0-b800-2fc61171b130" ],
        "x-ms-correlation-request-id": [ "255538da-288f-42d0-b800-2fc61171b130" ],
        "x-ms-routing-request-id": [ "SOUTHEASTASIA:20221110T021204Z:255538da-288f-42d0-b800-2fc61171b130" ],
        "Date": [ "Thu, 10 Nov 2022 02:12:03 GMT" ]
      },
      "ContentHeaders": {
        "Content-Length": [ "7019" ],
        "Content-Type": [ "application/json; charset=utf-8" ],
        "Expires": [ "-1" ]
      },
      "Content": "{\r\n  \"value\": [\r\n    {\r\n      \"id\": \"/subscriptions/9e223dbe-3399-4e19-88eb-0975f02ac87f/resourcegroups/appinsights-hkrs2v-test/providers/microsoft.insights/workbooks/7f066122-885c-489b-b5f7-fa594c2775e5\",\r\n      \"name\": \"7f066122-885c-489b-b5f7-fa594c2775e5\",\r\n      \"type\": null,\r\n      \"location\": \"westus2\",\r\n      \"tags\": {\r\n        \"hidden-title\": \"f48d5ba6-9da7-4dd2-aed4-71edd6e5e517-pwsh\"\r\n      },\r\n      \"kind\": \"shared\",\r\n      \"etag\": \"\\\"b3008e8d-0000-0600-0000-636c5dc00000\\\"\",\r\n      \"properties\": {\r\n        \"displayName\": \"f48d5ba6-9da7-4dd2-aed4-71edd6e5e517-pwsh\",\r\n        \"serializedData\": null,\r\n        \"version\": null,\r\n        \"category\": \"workbook\",\r\n        \"userId\": \"97deab6c-e478-40b4-b4da-e7d9353dc1e8\",\r\n        \"sourceId\": \"/subscriptions/9e223dbe-3399-4e19-88eb-0975f02ac87f/resourcegroups/appinsights-hkrs2v-test/providers/microsoft.insights/components/appinsights-48mah3-pwsh\",\r\n        \"timeModified\": \"2022-11-10T02:11:12.5458038Z\",\r\n        \"tags\": null,\r\n        \"storageUri\": null,\r\n        \"revision\": \"7065ddafaeb4427fbf5828c5e0e32a33\"\r\n      }\r\n    },\r\n    {\r\n      \"id\": \"/subscriptions/9e223dbe-3399-4e19-88eb-0975f02ac87f/resourcegroups/appinsights-hkrs2v-test/providers/microsoft.insights/workbooks/7f066122-885c-489b-b5f7-fa594c2775e5\",\r\n      \"name\": \"7f066122-885c-489b-b5f7-fa594c2775e5\",\r\n      \"type\": null,\r\n      \"location\": \"westus2\",\r\n      \"tags\": {\r\n        \"hidden-title\": \"f48d5ba6-9da7-4dd2-aed4-71edd6e5e517-pwshnew\"\r\n      },\r\n      \"kind\": \"shared\",\r\n      \"etag\": \"\\\"b300968d-0000-0600-0000-636c5dc30000\\\"\",\r\n      \"properties\": {\r\n        \"displayName\": \"f48d5ba6-9da7-4dd2-aed4-71edd6e5e517-pwshnew\",\r\n        \"serializedData\": null,\r\n        \"version\": null,\r\n        \"category\": \"workbook\",\r\n        \"userId\": \"97deab6c-e478-40b4-b4da-e7d9353dc1e8\",\r\n        \"sourceId\": null,\r\n        \"timeModified\": \"2022-11-10T02:11:15.8172306Z\",\r\n        \"tags\": null,\r\n        \"storageUri\": null,\r\n        \"revision\": \"b9ef43e395c447ac96315a2f3741ba88\"\r\n      }\r\n    },\r\n    {\r\n      \"id\": \"/subscriptions/9e223dbe-3399-4e19-88eb-0975f02ac87f/resourcegroups/appinsights-hkrs2v-test/providers/microsoft.insights/workbooks/7f066122-885c-489b-b5f7-fa594c2775e5\",\r\n      \"name\": \"7f066122-885c-489b-b5f7-fa594c2775e5\",\r\n      \"type\": null,\r\n      \"location\": \"westus2\",\r\n      \"tags\": {\r\n        \"hidden-title\": \"f48d5ba6-9da7-4dd2-aed4-71edd6e5e517-pwshnew\"\r\n      },\r\n      \"kind\": \"shared\",\r\n      \"etag\": \"\\\"b300c78d-0000-0600-0000-636c5dc60000\\\"\",\r\n      \"properties\": {\r\n        \"displayName\": \"f48d5ba6-9da7-4dd2-aed4-71edd6e5e517-pwshnew\",\r\n        \"serializedData\": null,\r\n        \"version\": null,\r\n        \"category\": \"workbook\",\r\n        \"userId\": \"97deab6c-e478-40b4-b4da-e7d9353dc1e8\",\r\n        \"sourceId\": null,\r\n        \"timeModified\": \"2022-11-10T02:11:18.2547201Z\",\r\n        \"tags\": null,\r\n        \"storageUri\": null,\r\n        \"revision\": \"1d299211f66a4674965b027f05266947\"\r\n      }\r\n    },\r\n    {\r\n      \"id\": \"/subscriptions/9e223dbe-3399-4e19-88eb-0975f02ac87f/resourcegroups/appinsights-hkrs2v-test/providers/microsoft.insights/workbooks/7f066122-885c-489b-b5f7-fa594c2775e5\",\r\n      \"name\": \"7f066122-885c-489b-b5f7-fa594c2775e5\",\r\n      \"type\": null,\r\n      \"location\": \"westus2\",\r\n      \"tags\": {\r\n        \"hidden-title\": \"f48d5ba6-9da7-4dd2-aed4-71edd6e5e517-pwsh\"\r\n      },\r\n      \"kind\": \"shared\",\r\n      \"etag\": \"\\\"b300418e-0000-0600-0000-636c5dcc0000\\\"\",\r\n      \"properties\": {\r\n        \"displayName\": \"f48d5ba6-9da7-4dd2-aed4-71edd6e5e517-pwsh\",\r\n        \"serializedData\": null,\r\n        \"version\": null,\r\n        \"category\": \"workbook\",\r\n        \"userId\": \"97deab6c-e478-40b4-b4da-e7d9353dc1e8\",\r\n        \"sourceId\": \"/subscriptions/9e223dbe-3399-4e19-88eb-0975f02ac87f/resourcegroups/appinsights-hkrs2v-test/providers/microsoft.insights/components/appinsights-48mah3-pwsh\",\r\n        \"timeModified\": \"2022-11-10T02:11:23.9808413Z\",\r\n        \"tags\": null,\r\n        \"storageUri\": null,\r\n        \"revision\": \"e30b57ca4aab49a3aa63327a598a6958\"\r\n      }\r\n    },\r\n    {\r\n      \"id\": \"/subscriptions/9e223dbe-3399-4e19-88eb-0975f02ac87f/resourcegroups/appinsights-hkrs2v-test/providers/microsoft.insights/workbooks/7f066122-885c-489b-b5f7-fa594c2775e5\",\r\n      \"name\": \"7f066122-885c-489b-b5f7-fa594c2775e5\",\r\n      \"type\": null,\r\n      \"location\": \"westus2\",\r\n      \"tags\": {\r\n        \"hidden-title\": \"f48d5ba6-9da7-4dd2-aed4-71edd6e5e517-pwshnew\"\r\n      },\r\n      \"kind\": \"shared\",\r\n      \"etag\": \"\\\"b3007b8e-0000-0600-0000-636c5dcf0000\\\"\",\r\n      \"properties\": {\r\n        \"displayName\": \"f48d5ba6-9da7-4dd2-aed4-71edd6e5e517-pwshnew\",\r\n        \"serializedData\": null,\r\n        \"version\": null,\r\n        \"category\": \"workbook\",\r\n        \"userId\": \"97deab6c-e478-40b4-b4da-e7d9353dc1e8\",\r\n        \"sourceId\": null,\r\n        \"timeModified\": \"2022-11-10T02:11:27.0754006Z\",\r\n        \"tags\": null,\r\n        \"storageUri\": null,\r\n        \"revision\": \"8528f81398824699a247f9521775a030\"\r\n      }\r\n    },\r\n    {\r\n      \"id\": \"/subscriptions/9e223dbe-3399-4e19-88eb-0975f02ac87f/resourcegroups/appinsights-hkrs2v-test/providers/microsoft.insights/workbooks/7f066122-885c-489b-b5f7-fa594c2775e5\",\r\n      \"name\": \"7f066122-885c-489b-b5f7-fa594c2775e5\",\r\n      \"type\": null,\r\n      \"location\": \"westus2\",\r\n      \"tags\": {\r\n        \"hidden-title\": \"f48d5ba6-9da7-4dd2-aed4-71edd6e5e517-pwshnew\"\r\n      },\r\n      \"kind\": \"shared\",\r\n      \"etag\": \"\\\"b300ff8e-0000-0600-0000-636c5dd10000\\\"\",\r\n      \"properties\": {\r\n        \"displayName\": \"f48d5ba6-9da7-4dd2-aed4-71edd6e5e517-pwshnew\",\r\n        \"serializedData\": null,\r\n        \"version\": null,\r\n        \"category\": \"workbook\",\r\n        \"userId\": \"97deab6c-e478-40b4-b4da-e7d9353dc1e8\",\r\n        \"sourceId\": null,\r\n        \"timeModified\": \"2022-11-10T02:11:29.1096737Z\",\r\n        \"tags\": null,\r\n        \"storageUri\": null,\r\n        \"revision\": \"7bb669eabc564e4aaea9354d873f2f6b\"\r\n      }\r\n    },\r\n    {\r\n      \"id\": \"/subscriptions/9e223dbe-3399-4e19-88eb-0975f02ac87f/resourcegroups/appinsights-hkrs2v-test/providers/microsoft.insights/workbooks/7f066122-885c-489b-b5f7-fa594c2775e5\",\r\n      \"name\": \"7f066122-885c-489b-b5f7-fa594c2775e5\",\r\n      \"type\": null,\r\n      \"location\": \"westus2\",\r\n      \"tags\": {\r\n        \"hidden-title\": \"f48d5ba6-9da7-4dd2-aed4-71edd6e5e517-pwsh\"\r\n      },\r\n      \"kind\": \"shared\",\r\n      \"etag\": \"\\\"b3008892-0000-0600-0000-636c5df20000\\\"\",\r\n      \"properties\": {\r\n        \"displayName\": \"f48d5ba6-9da7-4dd2-aed4-71edd6e5e517-pwsh\",\r\n        \"serializedData\": null,\r\n        \"version\": null,\r\n        \"category\": \"workbook\",\r\n        \"userId\": \"97deab6c-e478-40b4-b4da-e7d9353dc1e8\",\r\n        \"sourceId\": \"/subscriptions/9e223dbe-3399-4e19-88eb-0975f02ac87f/resourcegroups/appinsights-hkrs2v-test/providers/microsoft.insights/components/appinsights-48mah3-pwsh\",\r\n        \"timeModified\": \"2022-11-10T02:12:02.3836765Z\",\r\n        \"tags\": null,\r\n        \"storageUri\": null,\r\n        \"revision\": \"032976460fc94a40bf609c6ba9649d0f\"\r\n      }\r\n    }\r\n  ],\r\n  \"nextLink\": null\r\n}",
      "isContentBase64": false
    }
  },
  "Get-AzApplicationInsightsWorkbookRevision+[NoContext]+List+$GET+https://management.azure.com/subscriptions/9e223dbe-3399-4e19-88eb-0975f02ac87f/resourceGroups/appInsights-hkrs2v-test/providers/microsoft.insights/workbooks/7f066122-885c-489b-b5f7-fa594c2775e5/revisions/7065ddafaeb4427fbf5828c5e0e32a33?api-version=2022-04-01+3": {
    "Request": {
      "Method": "GET",
      "RequestUri": "https://management.azure.com/subscriptions/9e223dbe-3399-4e19-88eb-0975f02ac87f/resourceGroups/appInsights-hkrs2v-test/providers/microsoft.insights/workbooks/7f066122-885c-489b-b5f7-fa594c2775e5/revisions/7065ddafaeb4427fbf5828c5e0e32a33?api-version=2022-04-01",
      "Content": null,
      "isContentBase64": false,
      "Headers": {
        "x-ms-unique-id": [ "3" ],
        "x-ms-client-request-id": [ "2a1433f3-d3ae-4af5-905b-f59330302c72" ],
        "CommandName": [ "Get-AzApplicationInsightsWorkbookRevision" ],
        "FullCommandName": [ "Get-AzApplicationInsightsWorkbookRevision_Get" ],
        "ParameterSetName": [ "__AllParameterSets" ],
        "User-Agent": [ "AzurePowershell/v0.0.0", "PSVersion/v7.1.4", "Az.ApplicationInsights/0.1.0" ],
        "Authorization": [ "[Filtered]" ]
      },
      "ContentHeaders": {
      }
    },
    "Response": {
      "StatusCode": 200,
      "Headers": {
        "Cache-Control": [ "no-cache" ],
        "Pragma": [ "no-cache" ],
        "Request-Context": [ "appId=cid-v1:7f83c1fe-8c94-4d55-9337-4ddc696f61ed" ],
        "Access-Control-Expose-Headers": [ "Request-Context" ],
        "Strict-Transport-Security": [ "max-age=31536000; includeSubDomains" ],
        "X-Content-Type-Options": [ "nosniff" ],
        "Server": [ "Microsoft-IIS/10.0" ],
        "X-Powered-By": [ "ASP.NET" ],
        "x-ms-ratelimit-remaining-subscription-reads": [ "11998" ],
        "x-ms-request-id": [ "43d6e98e-4430-4497-829e-25095b6cf030" ],
        "x-ms-correlation-request-id": [ "43d6e98e-4430-4497-829e-25095b6cf030" ],
        "x-ms-routing-request-id": [ "SOUTHEASTASIA:20221110T021204Z:43d6e98e-4430-4497-829e-25095b6cf030" ],
        "Date": [ "Thu, 10 Nov 2022 02:12:04 GMT" ]
      },
      "ContentHeaders": {
        "Content-Length": [ "983" ],
        "Content-Type": [ "application/json; charset=utf-8" ],
        "Expires": [ "-1" ]
      },
      "Content": "{\r\n  \"id\": \"/subscriptions/9e223dbe-3399-4e19-88eb-0975f02ac87f/resourcegroups/appinsights-hkrs2v-test/providers/microsoft.insights/workbooks/7f066122-885c-489b-b5f7-fa594c2775e5\",\r\n  \"name\": \"7f066122-885c-489b-b5f7-fa594c2775e5\",\r\n  \"type\": null,\r\n  \"location\": \"westus2\",\r\n  \"tags\": {\r\n    \"hidden-title\": \"f48d5ba6-9da7-4dd2-aed4-71edd6e5e517-pwsh\"\r\n  },\r\n  \"kind\": \"shared\",\r\n  \"etag\": \"\\\"b3008e8d-0000-0600-0000-636c5dc00000\\\"\",\r\n  \"properties\": {\r\n    \"displayName\": \"f48d5ba6-9da7-4dd2-aed4-71edd6e5e517-pwsh\",\r\n    \"serializedData\": \"\",\r\n    \"version\": null,\r\n    \"category\": \"workbook\",\r\n    \"userId\": \"97deab6c-e478-40b4-b4da-e7d9353dc1e8\",\r\n    \"sourceId\": \"/subscriptions/9e223dbe-3399-4e19-88eb-0975f02ac87f/resourcegroups/appinsights-hkrs2v-test/providers/microsoft.insights/components/appinsights-48mah3-pwsh\",\r\n    \"timeModified\": \"2022-11-10T02:11:12.5458038Z\",\r\n    \"tags\": null,\r\n    \"storageUri\": null,\r\n    \"revision\": \"7065ddafaeb4427fbf5828c5e0e32a33\"\r\n  }\r\n}",
      "isContentBase64": false
    }
  }
}