{
  "Entries": [
    {
      "RequestUri": "/subscriptions/12053b8f-cab5-4f5c-9c1a-870580142abd/resourceGroups/CosmosDBResourceGroup3668/providers/Microsoft.DocumentDB/databaseAccounts/db001?api-version=2019-08-01",
      "EncodedRequestUri": "L3N1YnNjcmlwdGlvbnMvMTIwNTNiOGYtY2FiNS00ZjVjLTljMWEtODcwNTgwMTQyYWJkL3Jlc291cmNlR3JvdXBzL0Nvc21vc0RCUmVzb3VyY2VHcm91cDM2NjgvcHJvdmlkZXJzL01pY3Jvc29mdC5Eb2N1bWVudERCL2RhdGFiYXNlQWNjb3VudHMvZGIwMDE/YXBpLXZlcnNpb249MjAxOS0wOC0wMQ==",
      "RequestMethod": "GET",
      "RequestBody": "",
      "RequestHeaders": {
        "x-ms-client-request-id": [
          "cec59213-f0e6-4605-b6b6-9bfa855aee3c"
        ],
        "Accept-Language": [
          "en-US"
        ],
        "User-Agent": [
          "FxVersion/4.6.27817.03",
          "OSName/Windows",
          "OSVersion/Microsoft.Windows.10.0.18363.",
          "Microsoft.Azure.Management.CosmosDB.CosmosDBManagementClient/1.0.1.0"
        ]
      },
      "ResponseHeaders": {
        "Cache-Control": [
          "no-store, no-cache"
        ],
        "Pragma": [
          "no-cache"
        ],
        "Strict-Transport-Security": [
          "max-age=31536000; includeSubDomains"
        ],
        "x-ms-gatewayversion": [
          "version=2.9.2"
        ],
        "Server": [
          "Microsoft-HTTPAPI/2.0"
        ],
        "x-ms-ratelimit-remaining-subscription-reads": [
          "11999"
        ],
        "x-ms-request-id": [
          "9df37aab-d66f-4e54-85d7-41f612a5f7c8"
        ],
        "x-ms-correlation-request-id": [
          "9df37aab-d66f-4e54-85d7-41f612a5f7c8"
        ],
        "x-ms-routing-request-id": [
          "WESTUS:20200205T205153Z:9df37aab-d66f-4e54-85d7-41f612a5f7c8"
        ],
        "X-Content-Type-Options": [
          "nosniff"
        ],
        "Date": [
          "Wed, 05 Feb 2020 20:51:53 GMT"
        ],
        "Content-Length": [
          "1621"
        ],
        "Content-Type": [
          "application/json"
        ],
        "Content-Location": [
          "https://management.documents.azure.com:450/subscriptions/12053b8f-cab5-4f5c-9c1a-870580142abd/resourceGroups/CosmosDBResourceGroup3668/providers/Microsoft.DocumentDB/databaseAccounts/db001?api-version=2019-08-01"
        ]
      },
      "ResponseBody": "{\r\n  \"id\": \"/subscriptions/12053b8f-cab5-4f5c-9c1a-870580142abd/resourceGroups/CosmosDBResourceGroup3668/providers/Microsoft.DocumentDB/databaseAccounts/db001\",\r\n  \"name\": \"db001\",\r\n  \"location\": \"East US\",\r\n  \"type\": \"Microsoft.DocumentDB/databaseAccounts\",\r\n  \"kind\": \"MongoDB\",\r\n  \"tags\": {},\r\n  \"properties\": {\r\n    \"provisioningState\": \"Succeeded\",\r\n    \"documentEndpoint\": \"https://db001.documents.azure.com:443/\",\r\n    \"ipRangeFilter\": \"\",\r\n    \"enableAutomaticFailover\": false,\r\n    \"enableMultipleWriteLocations\": false,\r\n    \"enablePartitionKeyMonitor\": false,\r\n    \"isVirtualNetworkFilterEnabled\": false,\r\n    \"virtualNetworkRules\": [],\r\n    \"EnabledApiTypes\": \"MongoDB\",\r\n    \"disableKeyBasedMetadataWriteAccess\": false,\r\n    \"databaseAccountOfferType\": \"Standard\",\r\n    \"enableCassandraConnector\": false,\r\n    \"connectorOffer\": \"\",\r\n    \"consistencyPolicy\": {\r\n      \"defaultConsistencyLevel\": \"Session\",\r\n      \"maxIntervalInSeconds\": 5,\r\n      \"maxStalenessPrefix\": 100\r\n    },\r\n    \"configurationOverrides\": {\r\n      \"EnableBsonSchema\": \"True\"\r\n    },\r\n    \"writeLocations\": [\r\n      {\r\n        \"id\": \"db001-eastus\",\r\n        \"locationName\": \"East US\",\r\n        \"documentEndpoint\": \"https://db001-eastus.documents.azure.com:443/\",\r\n        \"provisioningState\": \"Succeeded\",\r\n        \"failoverPriority\": 0,\r\n        \"isZoneRedundant\": false\r\n      }\r\n    ],\r\n    \"readLocations\": [\r\n      {\r\n        \"id\": \"db001-eastus\",\r\n        \"locationName\": \"East US\",\r\n        \"documentEndpoint\": \"https://db001-eastus.documents.azure.com:443/\",\r\n        \"provisioningState\": \"Succeeded\",\r\n        \"failoverPriority\": 0,\r\n        \"isZoneRedundant\": false\r\n      }\r\n    ],\r\n    \"locations\": [\r\n      {\r\n        \"id\": \"db001-eastus\",\r\n        \"locationName\": \"East US\",\r\n        \"documentEndpoint\": \"https://db001-eastus.documents.azure.com:443/\",\r\n        \"provisioningState\": \"Succeeded\",\r\n        \"failoverPriority\": 0,\r\n        \"isZoneRedundant\": false\r\n      }\r\n    ],\r\n    \"failoverPolicies\": [\r\n      {\r\n        \"id\": \"db001-eastus\",\r\n        \"locationName\": \"East US\",\r\n        \"failoverPriority\": 0\r\n      }\r\n    ],\r\n    \"cors\": [],\r\n    \"capabilities\": []\r\n  }\r\n}",
      "StatusCode": 200
    },
    {
      "RequestUri": "/subscriptions/12053b8f-cab5-4f5c-9c1a-870580142abd/resourceGroups/CosmosDBResourceGroup3668/providers/Microsoft.DocumentDB/databaseAccounts/db001/mongodbDatabases/dbName2?api-version=2019-08-01",
      "EncodedRequestUri": "L3N1YnNjcmlwdGlvbnMvMTIwNTNiOGYtY2FiNS00ZjVjLTljMWEtODcwNTgwMTQyYWJkL3Jlc291cmNlR3JvdXBzL0Nvc21vc0RCUmVzb3VyY2VHcm91cDM2NjgvcHJvdmlkZXJzL01pY3Jvc29mdC5Eb2N1bWVudERCL2RhdGFiYXNlQWNjb3VudHMvZGIwMDEvbW9uZ29kYkRhdGFiYXNlcy9kYk5hbWUyP2FwaS12ZXJzaW9uPTIwMTktMDgtMDE=",
      "RequestMethod": "PUT",
      "RequestBody": "{\r\n  \"properties\": {\r\n    \"resource\": {\r\n      \"id\": \"dbName2\"\r\n    },\r\n    \"options\": {}\r\n  }\r\n}",
      "RequestHeaders": {
        "x-ms-client-request-id": [
          "b589d82b-ac8f-4cf7-9c27-9014d431d316"
        ],
        "Accept-Language": [
          "en-US"
        ],
        "User-Agent": [
          "FxVersion/4.6.27817.03",
          "OSName/Windows",
          "OSVersion/Microsoft.Windows.10.0.18363.",
          "Microsoft.Azure.Management.CosmosDB.CosmosDBManagementClient/1.0.1.0"
        ],
        "Content-Type": [
          "application/json; charset=utf-8"
        ],
        "Content-Length": [
          "97"
        ]
      },
      "ResponseHeaders": {
        "Cache-Control": [
          "no-store, no-cache"
        ],
        "Pragma": [
          "no-cache"
        ],
        "Location": [
          "https://management.azure.com/subscriptions/12053b8f-cab5-4f5c-9c1a-870580142abd/resourceGroups/CosmosDBResourceGroup3668/providers/Microsoft.DocumentDB/databaseAccounts/db001/mongodbDatabases/dbName2/operationResults/1992a4f8-802a-4ab5-b7b7-e63aed29da46?api-version=2019-08-01"
        ],
        "Azure-AsyncOperation": [
          "https://management.azure.com/subscriptions/12053b8f-cab5-4f5c-9c1a-870580142abd/providers/Microsoft.DocumentDB/locations/eastus/operationsStatus/1992a4f8-802a-4ab5-b7b7-e63aed29da46?api-version=2019-08-01"
        ],
        "x-ms-request-id": [
          "1992a4f8-802a-4ab5-b7b7-e63aed29da46"
        ],
        "Strict-Transport-Security": [
          "max-age=31536000; includeSubDomains"
        ],
        "x-ms-gatewayversion": [
          "version=2.9.2"
        ],
        "Server": [
          "Microsoft-HTTPAPI/2.0"
        ],
        "x-ms-ratelimit-remaining-subscription-writes": [
          "1199"
        ],
        "x-ms-correlation-request-id": [
          "e960ade3-e5b1-4e41-ad73-f379ed3b9636"
        ],
        "x-ms-routing-request-id": [
          "WESTUS:20200205T205154Z:e960ade3-e5b1-4e41-ad73-f379ed3b9636"
        ],
        "X-Content-Type-Options": [
          "nosniff"
        ],
        "Date": [
          "Wed, 05 Feb 2020 20:51:54 GMT"
        ],
        "Content-Length": [
          "32"
        ],
        "Content-Type": [
          "application/json"
        ],
        "Content-Location": [
          "https://management.documents.azure.com:450/subscriptions/12053b8f-cab5-4f5c-9c1a-870580142abd/resourceGroups/CosmosDBResourceGroup3668/providers/Microsoft.DocumentDB/databaseAccounts/db001/mongodbDatabases/dbName2?api-version=2019-08-01"
        ]
      },
      "ResponseBody": "{\r\n  \"status\": \"Enqueued\",\r\n  \"error\": {}\r\n}",
      "StatusCode": 202
    },
    {
      "RequestUri": "/subscriptions/12053b8f-cab5-4f5c-9c1a-870580142abd/providers/Microsoft.DocumentDB/locations/eastus/operationsStatus/1992a4f8-802a-4ab5-b7b7-e63aed29da46?api-version=2019-08-01",
      "EncodedRequestUri": "L3N1YnNjcmlwdGlvbnMvMTIwNTNiOGYtY2FiNS00ZjVjLTljMWEtODcwNTgwMTQyYWJkL3Byb3ZpZGVycy9NaWNyb3NvZnQuRG9jdW1lbnREQi9sb2NhdGlvbnMvZWFzdHVzL29wZXJhdGlvbnNTdGF0dXMvMTk5MmE0ZjgtODAyYS00YWI1LWI3YjctZTYzYWVkMjlkYTQ2P2FwaS12ZXJzaW9uPTIwMTktMDgtMDE=",
      "RequestMethod": "GET",
      "RequestBody": "",
      "RequestHeaders": {
        "User-Agent": [
          "FxVersion/4.6.27817.03",
          "OSName/Windows",
          "OSVersion/Microsoft.Windows.10.0.18363.",
          "Microsoft.Azure.Management.CosmosDB.CosmosDBManagementClient/1.0.1.0"
        ]
      },
      "ResponseHeaders": {
        "Cache-Control": [
          "no-store, no-cache"
        ],
        "Pragma": [
          "no-cache"
        ],
        "Strict-Transport-Security": [
          "max-age=31536000; includeSubDomains"
        ],
        "x-ms-gatewayversion": [
          "version=2.9.2"
        ],
        "Server": [
          "Microsoft-HTTPAPI/2.0"
        ],
        "x-ms-ratelimit-remaining-subscription-reads": [
          "11998"
        ],
        "x-ms-request-id": [
          "a0292627-4444-42ba-8cad-dab8367e928e"
        ],
        "x-ms-correlation-request-id": [
          "a0292627-4444-42ba-8cad-dab8367e928e"
        ],
        "x-ms-routing-request-id": [
          "WESTUS:20200205T205224Z:a0292627-4444-42ba-8cad-dab8367e928e"
        ],
        "X-Content-Type-Options": [
          "nosniff"
        ],
        "Date": [
          "Wed, 05 Feb 2020 20:52:24 GMT"
        ],
        "Content-Length": [
          "33"
        ],
        "Content-Type": [
          "application/json"
        ],
        "Content-Location": [
          "https://management.documents.azure.com:450/subscriptions/12053b8f-cab5-4f5c-9c1a-870580142abd/providers/Microsoft.DocumentDB/locations/eastus/operationsStatus/1992a4f8-802a-4ab5-b7b7-e63aed29da46?api-version=2019-08-01"
        ]
      },
      "ResponseBody": "{\r\n  \"status\": \"Succeeded\",\r\n  \"error\": {}\r\n}",
      "StatusCode": 200
    },
    {
      "RequestUri": "/subscriptions/12053b8f-cab5-4f5c-9c1a-870580142abd/resourceGroups/CosmosDBResourceGroup3668/providers/Microsoft.DocumentDB/databaseAccounts/db001/mongodbDatabases/dbName2?api-version=2019-08-01",
      "EncodedRequestUri": "L3N1YnNjcmlwdGlvbnMvMTIwNTNiOGYtY2FiNS00ZjVjLTljMWEtODcwNTgwMTQyYWJkL3Jlc291cmNlR3JvdXBzL0Nvc21vc0RCUmVzb3VyY2VHcm91cDM2NjgvcHJvdmlkZXJzL01pY3Jvc29mdC5Eb2N1bWVudERCL2RhdGFiYXNlQWNjb3VudHMvZGIwMDEvbW9uZ29kYkRhdGFiYXNlcy9kYk5hbWUyP2FwaS12ZXJzaW9uPTIwMTktMDgtMDE=",
      "RequestMethod": "GET",
      "RequestBody": "",
      "RequestHeaders": {
        "User-Agent": [
          "FxVersion/4.6.27817.03",
          "OSName/Windows",
          "OSVersion/Microsoft.Windows.10.0.18363.",
          "Microsoft.Azure.Management.CosmosDB.CosmosDBManagementClient/1.0.1.0"
        ]
      },
      "ResponseHeaders": {
        "Cache-Control": [
          "no-store, no-cache"
        ],
        "Pragma": [
          "no-cache"
        ],
        "Strict-Transport-Security": [
          "max-age=31536000; includeSubDomains"
        ],
        "x-ms-gatewayversion": [
          "version=2.9.2"
        ],
        "Server": [
          "Microsoft-HTTPAPI/2.0"
        ],
        "x-ms-ratelimit-remaining-subscription-reads": [
          "11997"
        ],
        "x-ms-request-id": [
          "1e0b64ae-51fb-4a84-aff4-23521b1b7e1e"
        ],
        "x-ms-correlation-request-id": [
          "1e0b64ae-51fb-4a84-aff4-23521b1b7e1e"
        ],
        "x-ms-routing-request-id": [
          "WESTUS:20200205T205225Z:1e0b64ae-51fb-4a84-aff4-23521b1b7e1e"
        ],
        "X-Content-Type-Options": [
          "nosniff"
        ],
        "Date": [
          "Wed, 05 Feb 2020 20:52:24 GMT"
        ],
        "Content-Length": [
          "390"
        ],
        "Content-Type": [
          "application/json"
        ],
        "Content-Location": [
          "https://management.documents.azure.com:450/subscriptions/12053b8f-cab5-4f5c-9c1a-870580142abd/resourceGroups/CosmosDBResourceGroup3668/providers/Microsoft.DocumentDB/databaseAccounts/db001/mongodbDatabases/dbName2?api-version=2019-08-01"
        ]
      },
      "ResponseBody": "{\r\n  \"id\": \"/subscriptions/12053b8f-cab5-4f5c-9c1a-870580142abd/resourceGroups/CosmosDBResourceGroup3668/providers/Microsoft.DocumentDB/databaseAccounts/db001/mongodbDatabases/dbName2\",\r\n  \"type\": \"Microsoft.DocumentDB/databaseAccounts/mongodbDatabases\",\r\n  \"name\": \"dbName2\",\r\n  \"properties\": {\r\n    \"resource\": {\r\n      \"id\": \"dbName2\",\r\n      \"_rid\": \"VdlzAA==\",\r\n      \"_etag\": \"\\\"00007000-0000-0100-0000-5e3b2a500000\\\"\",\r\n      \"_ts\": 1580935760\r\n    }\r\n  }\r\n}",
      "StatusCode": 200
    },
    {
      "RequestUri": "/subscriptions/12053b8f-cab5-4f5c-9c1a-870580142abd/resourceGroups/CosmosDBResourceGroup3668/providers/Microsoft.DocumentDB/databaseAccounts/db001/mongodbDatabases/dbName2?api-version=2019-08-01",
      "EncodedRequestUri": "L3N1YnNjcmlwdGlvbnMvMTIwNTNiOGYtY2FiNS00ZjVjLTljMWEtODcwNTgwMTQyYWJkL3Jlc291cmNlR3JvdXBzL0Nvc21vc0RCUmVzb3VyY2VHcm91cDM2NjgvcHJvdmlkZXJzL01pY3Jvc29mdC5Eb2N1bWVudERCL2RhdGFiYXNlQWNjb3VudHMvZGIwMDEvbW9uZ29kYkRhdGFiYXNlcy9kYk5hbWUyP2FwaS12ZXJzaW9uPTIwMTktMDgtMDE=",
      "RequestMethod": "GET",
      "RequestBody": "",
      "RequestHeaders": {
        "x-ms-client-request-id": [
          "eb604003-c93f-4e52-a132-3c77d6d06682"
        ],
        "Accept-Language": [
          "en-US"
        ],
        "User-Agent": [
          "FxVersion/4.6.27817.03",
          "OSName/Windows",
          "OSVersion/Microsoft.Windows.10.0.18363.",
          "Microsoft.Azure.Management.CosmosDB.CosmosDBManagementClient/1.0.1.0"
        ]
      },
      "ResponseHeaders": {
        "Cache-Control": [
          "no-store, no-cache"
        ],
        "Pragma": [
          "no-cache"
        ],
        "Strict-Transport-Security": [
          "max-age=31536000; includeSubDomains"
        ],
        "x-ms-gatewayversion": [
          "version=2.9.2"
        ],
        "Server": [
          "Microsoft-HTTPAPI/2.0"
        ],
        "x-ms-ratelimit-remaining-subscription-reads": [
          "11994"
        ],
        "x-ms-request-id": [
          "ef9c04ef-3b39-47a3-b894-0b70a25a3e89"
        ],
        "x-ms-correlation-request-id": [
          "ef9c04ef-3b39-47a3-b894-0b70a25a3e89"
        ],
        "x-ms-routing-request-id": [
          "WESTUS:20200205T205256Z:ef9c04ef-3b39-47a3-b894-0b70a25a3e89"
        ],
        "X-Content-Type-Options": [
          "nosniff"
        ],
        "Date": [
          "Wed, 05 Feb 2020 20:52:55 GMT"
        ],
        "Content-Length": [
          "390"
        ],
        "Content-Type": [
          "application/json"
        ],
        "Content-Location": [
          "https://management.documents.azure.com:450/subscriptions/12053b8f-cab5-4f5c-9c1a-870580142abd/resourceGroups/CosmosDBResourceGroup3668/providers/Microsoft.DocumentDB/databaseAccounts/db001/mongodbDatabases/dbName2?api-version=2019-08-01"
        ]
      },
      "ResponseBody": "{\r\n  \"id\": \"/subscriptions/12053b8f-cab5-4f5c-9c1a-870580142abd/resourceGroups/CosmosDBResourceGroup3668/providers/Microsoft.DocumentDB/databaseAccounts/db001/mongodbDatabases/dbName2\",\r\n  \"type\": \"Microsoft.DocumentDB/databaseAccounts/mongodbDatabases\",\r\n  \"name\": \"dbName2\",\r\n  \"properties\": {\r\n    \"resource\": {\r\n      \"id\": \"dbName2\",\r\n      \"_rid\": \"VdlzAA==\",\r\n      \"_etag\": \"\\\"00007000-0000-0100-0000-5e3b2a500000\\\"\",\r\n      \"_ts\": 1580935760\r\n    }\r\n  }\r\n}",
      "StatusCode": 200
    },
    {
      "RequestUri": "/subscriptions/12053b8f-cab5-4f5c-9c1a-870580142abd/resourceGroups/CosmosDBResourceGroup3668/providers/Microsoft.DocumentDB/databaseAccounts/db001/mongodbDatabases/dbName2/collections/collection2?api-version=2019-08-01",
      "EncodedRequestUri": "L3N1YnNjcmlwdGlvbnMvMTIwNTNiOGYtY2FiNS00ZjVjLTljMWEtODcwNTgwMTQyYWJkL3Jlc291cmNlR3JvdXBzL0Nvc21vc0RCUmVzb3VyY2VHcm91cDM2NjgvcHJvdmlkZXJzL01pY3Jvc29mdC5Eb2N1bWVudERCL2RhdGFiYXNlQWNjb3VudHMvZGIwMDEvbW9uZ29kYkRhdGFiYXNlcy9kYk5hbWUyL2NvbGxlY3Rpb25zL2NvbGxlY3Rpb24yP2FwaS12ZXJzaW9uPTIwMTktMDgtMDE=",
      "RequestMethod": "PUT",
      "RequestBody": "{\r\n  \"properties\": {\r\n    \"resource\": {\r\n      \"id\": \"collection2\"\r\n    },\r\n    \"options\": {}\r\n  }\r\n}",
      "RequestHeaders": {
        "x-ms-client-request-id": [
          "517b9fbb-0fee-4e06-889e-3ad9f8f47dda"
        ],
        "Accept-Language": [
          "en-US"
        ],
        "User-Agent": [
          "FxVersion/4.6.27817.03",
          "OSName/Windows",
          "OSVersion/Microsoft.Windows.10.0.18363.",
          "Microsoft.Azure.Management.CosmosDB.CosmosDBManagementClient/1.0.1.0"
        ],
        "Content-Type": [
          "application/json; charset=utf-8"
        ],
        "Content-Length": [
          "101"
        ]
      },
      "ResponseHeaders": {
        "Cache-Control": [
          "no-store, no-cache"
        ],
        "Pragma": [
          "no-cache"
        ],
        "Location": [
          "https://management.azure.com/subscriptions/12053b8f-cab5-4f5c-9c1a-870580142abd/resourceGroups/CosmosDBResourceGroup3668/providers/Microsoft.DocumentDB/databaseAccounts/db001/mongodbDatabases/dbName2/collections/collection2/operationResults/04654eaf-9246-453a-bb84-8862a72aed54?api-version=2019-08-01"
        ],
        "Azure-AsyncOperation": [
          "https://management.azure.com/subscriptions/12053b8f-cab5-4f5c-9c1a-870580142abd/providers/Microsoft.DocumentDB/locations/eastus/operationsStatus/04654eaf-9246-453a-bb84-8862a72aed54?api-version=2019-08-01"
        ],
        "x-ms-request-id": [
          "04654eaf-9246-453a-bb84-8862a72aed54"
        ],
        "Strict-Transport-Security": [
          "max-age=31536000; includeSubDomains"
        ],
        "x-ms-gatewayversion": [
          "version=2.9.2"
        ],
        "Server": [
          "Microsoft-HTTPAPI/2.0"
        ],
        "x-ms-ratelimit-remaining-subscription-writes": [
          "1198"
        ],
        "x-ms-correlation-request-id": [
          "79862c89-d3bb-434e-acb1-c00d2aa826ad"
        ],
        "x-ms-routing-request-id": [
          "WESTUS:20200205T205225Z:79862c89-d3bb-434e-acb1-c00d2aa826ad"
        ],
        "X-Content-Type-Options": [
          "nosniff"
        ],
        "Date": [
          "Wed, 05 Feb 2020 20:52:25 GMT"
        ],
        "Content-Length": [
          "32"
        ],
        "Content-Type": [
          "application/json"
        ],
        "Content-Location": [
          "https://management.documents.azure.com:450/subscriptions/12053b8f-cab5-4f5c-9c1a-870580142abd/resourceGroups/CosmosDBResourceGroup3668/providers/Microsoft.DocumentDB/databaseAccounts/db001/mongodbDatabases/dbName2/collections/collection2?api-version=2019-08-01"
        ]
      },
      "ResponseBody": "{\r\n  \"status\": \"Enqueued\",\r\n  \"error\": {}\r\n}",
      "StatusCode": 202
    },
    {
      "RequestUri": "/subscriptions/12053b8f-cab5-4f5c-9c1a-870580142abd/providers/Microsoft.DocumentDB/locations/eastus/operationsStatus/04654eaf-9246-453a-bb84-8862a72aed54?api-version=2019-08-01",
      "EncodedRequestUri": "L3N1YnNjcmlwdGlvbnMvMTIwNTNiOGYtY2FiNS00ZjVjLTljMWEtODcwNTgwMTQyYWJkL3Byb3ZpZGVycy9NaWNyb3NvZnQuRG9jdW1lbnREQi9sb2NhdGlvbnMvZWFzdHVzL29wZXJhdGlvbnNTdGF0dXMvMDQ2NTRlYWYtOTI0Ni00NTNhLWJiODQtODg2MmE3MmFlZDU0P2FwaS12ZXJzaW9uPTIwMTktMDgtMDE=",
      "RequestMethod": "GET",
      "RequestBody": "",
      "RequestHeaders": {
        "User-Agent": [
          "FxVersion/4.6.27817.03",
          "OSName/Windows",
          "OSVersion/Microsoft.Windows.10.0.18363.",
          "Microsoft.Azure.Management.CosmosDB.CosmosDBManagementClient/1.0.1.0"
        ]
      },
      "ResponseHeaders": {
        "Cache-Control": [
          "no-store, no-cache"
        ],
        "Pragma": [
          "no-cache"
        ],
        "Strict-Transport-Security": [
          "max-age=31536000; includeSubDomains"
        ],
        "x-ms-gatewayversion": [
          "version=2.9.2"
        ],
        "Server": [
          "Microsoft-HTTPAPI/2.0"
        ],
        "x-ms-ratelimit-remaining-subscription-reads": [
          "11996"
        ],
        "x-ms-request-id": [
          "2d891a95-d0e3-46cc-b072-3bf3950e6a72"
        ],
        "x-ms-correlation-request-id": [
          "2d891a95-d0e3-46cc-b072-3bf3950e6a72"
        ],
        "x-ms-routing-request-id": [
          "WESTUS:20200205T205255Z:2d891a95-d0e3-46cc-b072-3bf3950e6a72"
        ],
        "X-Content-Type-Options": [
          "nosniff"
        ],
        "Date": [
          "Wed, 05 Feb 2020 20:52:55 GMT"
        ],
        "Content-Length": [
          "33"
        ],
        "Content-Type": [
          "application/json"
        ],
        "Content-Location": [
          "https://management.documents.azure.com:450/subscriptions/12053b8f-cab5-4f5c-9c1a-870580142abd/providers/Microsoft.DocumentDB/locations/eastus/operationsStatus/04654eaf-9246-453a-bb84-8862a72aed54?api-version=2019-08-01"
        ]
      },
      "ResponseBody": "{\r\n  \"status\": \"Succeeded\",\r\n  \"error\": {}\r\n}",
      "StatusCode": 200
    },
    {
      "RequestUri": "/subscriptions/12053b8f-cab5-4f5c-9c1a-870580142abd/resourceGroups/CosmosDBResourceGroup3668/providers/Microsoft.DocumentDB/databaseAccounts/db001/mongodbDatabases/dbName2/collections/collection2?api-version=2019-08-01",
      "EncodedRequestUri": "L3N1YnNjcmlwdGlvbnMvMTIwNTNiOGYtY2FiNS00ZjVjLTljMWEtODcwNTgwMTQyYWJkL3Jlc291cmNlR3JvdXBzL0Nvc21vc0RCUmVzb3VyY2VHcm91cDM2NjgvcHJvdmlkZXJzL01pY3Jvc29mdC5Eb2N1bWVudERCL2RhdGFiYXNlQWNjb3VudHMvZGIwMDEvbW9uZ29kYkRhdGFiYXNlcy9kYk5hbWUyL2NvbGxlY3Rpb25zL2NvbGxlY3Rpb24yP2FwaS12ZXJzaW9uPTIwMTktMDgtMDE=",
      "RequestMethod": "GET",
      "RequestBody": "",
      "RequestHeaders": {
        "User-Agent": [
          "FxVersion/4.6.27817.03",
          "OSName/Windows",
          "OSVersion/Microsoft.Windows.10.0.18363.",
          "Microsoft.Azure.Management.CosmosDB.CosmosDBManagementClient/1.0.1.0"
        ]
      },
      "ResponseHeaders": {
        "Cache-Control": [
          "no-store, no-cache"
        ],
        "Pragma": [
          "no-cache"
        ],
        "Strict-Transport-Security": [
          "max-age=31536000; includeSubDomains"
        ],
        "x-ms-gatewayversion": [
          "version=2.9.2"
        ],
        "Server": [
          "Microsoft-HTTPAPI/2.0"
        ],
        "x-ms-ratelimit-remaining-subscription-reads": [
          "11995"
        ],
        "x-ms-request-id": [
          "099a8517-2961-4d8a-8c28-bb8ac91f47c6"
        ],
        "x-ms-correlation-request-id": [
          "099a8517-2961-4d8a-8c28-bb8ac91f47c6"
        ],
        "x-ms-routing-request-id": [
          "WESTUS:20200205T205256Z:099a8517-2961-4d8a-8c28-bb8ac91f47c6"
        ],
        "X-Content-Type-Options": [
          "nosniff"
        ],
        "Date": [
          "Wed, 05 Feb 2020 20:52:55 GMT"
        ],
        "Content-Length": [
          "488"
        ],
        "Content-Type": [
          "application/json"
        ],
        "Content-Location": [
          "https://management.documents.azure.com:450/subscriptions/12053b8f-cab5-4f5c-9c1a-870580142abd/resourceGroups/CosmosDBResourceGroup3668/providers/Microsoft.DocumentDB/databaseAccounts/db001/mongodbDatabases/dbName2/collections/collection2?api-version=2019-08-01"
        ]
      },
      "ResponseBody": "{\r\n  \"id\": \"/subscriptions/12053b8f-cab5-4f5c-9c1a-870580142abd/resourceGroups/CosmosDBResourceGroup3668/providers/Microsoft.DocumentDB/databaseAccounts/db001/mongodbDatabases/dbName2/collections/collection2\",\r\n  \"type\": \"Microsoft.DocumentDB/databaseAccounts/mongodbDatabases/collections\",\r\n  \"name\": \"collection2\",\r\n  \"properties\": {\r\n    \"resource\": {\r\n      \"id\": \"collection2\",\r\n      \"_rid\": \"VdlzAIMcA9s=\",\r\n      \"_etag\": \"\\\"00007500-0000-0100-0000-5e3b2b0b0000\\\"\",\r\n      \"_ts\": 1580935947,\r\n      \"indexes\": [\r\n        {\r\n          \"key\": {\r\n            \"keys\": [\r\n              \"_id\"\r\n            ]\r\n          },\r\n          \"options\": {}\r\n        }\r\n      ]\r\n    }\r\n  }\r\n}",
      "StatusCode": 200
    },
    {
      "RequestUri": "/subscriptions/12053b8f-cab5-4f5c-9c1a-870580142abd/resourceGroups/CosmosDBResourceGroup3668/providers/Microsoft.DocumentDB/databaseAccounts/db001/mongodbDatabases/dbName2/collections/collection2?api-version=2019-08-01",
      "EncodedRequestUri": "L3N1YnNjcmlwdGlvbnMvMTIwNTNiOGYtY2FiNS00ZjVjLTljMWEtODcwNTgwMTQyYWJkL3Jlc291cmNlR3JvdXBzL0Nvc21vc0RCUmVzb3VyY2VHcm91cDM2NjgvcHJvdmlkZXJzL01pY3Jvc29mdC5Eb2N1bWVudERCL2RhdGFiYXNlQWNjb3VudHMvZGIwMDEvbW9uZ29kYkRhdGFiYXNlcy9kYk5hbWUyL2NvbGxlY3Rpb25zL2NvbGxlY3Rpb24yP2FwaS12ZXJzaW9uPTIwMTktMDgtMDE=",
      "RequestMethod": "GET",
      "RequestBody": "",
      "RequestHeaders": {
        "x-ms-client-request-id": [
          "2c3c5ded-1787-4b3d-9aa7-1804294df8b0"
        ],
        "Accept-Language": [
          "en-US"
        ],
        "User-Agent": [
          "FxVersion/4.6.27817.03",
          "OSName/Windows",
          "OSVersion/Microsoft.Windows.10.0.18363.",
          "Microsoft.Azure.Management.CosmosDB.CosmosDBManagementClient/1.0.1.0"
        ]
      },
      "ResponseHeaders": {
        "Cache-Control": [
          "no-store, no-cache"
        ],
        "Pragma": [
          "no-cache"
        ],
        "Strict-Transport-Security": [
          "max-age=31536000; includeSubDomains"
        ],
        "x-ms-gatewayversion": [
          "version=2.9.2"
        ],
        "Server": [
          "Microsoft-HTTPAPI/2.0"
        ],
        "x-ms-ratelimit-remaining-subscription-reads": [
          "11993"
        ],
        "x-ms-request-id": [
          "432e7569-f0eb-47ca-8beb-124112460d5d"
        ],
        "x-ms-correlation-request-id": [
          "432e7569-f0eb-47ca-8beb-124112460d5d"
        ],
        "x-ms-routing-request-id": [
          "WESTUS:20200205T205256Z:432e7569-f0eb-47ca-8beb-124112460d5d"
        ],
        "X-Content-Type-Options": [
          "nosniff"
        ],
        "Date": [
          "Wed, 05 Feb 2020 20:52:56 GMT"
        ],
        "Content-Length": [
          "488"
        ],
        "Content-Type": [
          "application/json"
        ],
        "Content-Location": [
          "https://management.documents.azure.com:450/subscriptions/12053b8f-cab5-4f5c-9c1a-870580142abd/resourceGroups/CosmosDBResourceGroup3668/providers/Microsoft.DocumentDB/databaseAccounts/db001/mongodbDatabases/dbName2/collections/collection2?api-version=2019-08-01"
        ]
      },
      "ResponseBody": "{\r\n  \"id\": \"/subscriptions/12053b8f-cab5-4f5c-9c1a-870580142abd/resourceGroups/CosmosDBResourceGroup3668/providers/Microsoft.DocumentDB/databaseAccounts/db001/mongodbDatabases/dbName2/collections/collection2\",\r\n  \"type\": \"Microsoft.DocumentDB/databaseAccounts/mongodbDatabases/collections\",\r\n  \"name\": \"collection2\",\r\n  \"properties\": {\r\n    \"resource\": {\r\n      \"id\": \"collection2\",\r\n      \"_rid\": \"VdlzAIMcA9s=\",\r\n      \"_etag\": \"\\\"00007500-0000-0100-0000-5e3b2b0b0000\\\"\",\r\n      \"_ts\": 1580935947,\r\n      \"indexes\": [\r\n        {\r\n          \"key\": {\r\n            \"keys\": [\r\n              \"_id\"\r\n            ]\r\n          },\r\n          \"options\": {}\r\n        }\r\n      ]\r\n    }\r\n  }\r\n}",
      "StatusCode": 200
    },
    {
      "RequestUri": "/subscriptions/12053b8f-cab5-4f5c-9c1a-870580142abd/resourceGroups/CosmosDBResourceGroup3668/providers/Microsoft.DocumentDB/databaseAccounts/db001/mongodbDatabases/dbName2/collections?api-version=2019-08-01",
      "EncodedRequestUri": "L3N1YnNjcmlwdGlvbnMvMTIwNTNiOGYtY2FiNS00ZjVjLTljMWEtODcwNTgwMTQyYWJkL3Jlc291cmNlR3JvdXBzL0Nvc21vc0RCUmVzb3VyY2VHcm91cDM2NjgvcHJvdmlkZXJzL01pY3Jvc29mdC5Eb2N1bWVudERCL2RhdGFiYXNlQWNjb3VudHMvZGIwMDEvbW9uZ29kYkRhdGFiYXNlcy9kYk5hbWUyL2NvbGxlY3Rpb25zP2FwaS12ZXJzaW9uPTIwMTktMDgtMDE=",
      "RequestMethod": "GET",
      "RequestBody": "",
      "RequestHeaders": {
        "x-ms-client-request-id": [
          "66fe78e7-c22a-4780-8c63-04151aaa4092"
        ],
        "Accept-Language": [
          "en-US"
        ],
        "User-Agent": [
          "FxVersion/4.6.27817.03",
          "OSName/Windows",
          "OSVersion/Microsoft.Windows.10.0.18363.",
          "Microsoft.Azure.Management.CosmosDB.CosmosDBManagementClient/1.0.1.0"
        ]
      },
      "ResponseHeaders": {
        "Cache-Control": [
          "no-store, no-cache"
        ],
        "Pragma": [
          "no-cache"
        ],
        "Strict-Transport-Security": [
          "max-age=31536000; includeSubDomains"
        ],
        "x-ms-gatewayversion": [
          "version=2.9.2"
        ],
        "Server": [
          "Microsoft-HTTPAPI/2.0"
        ],
        "x-ms-ratelimit-remaining-subscription-reads": [
          "11992"
        ],
        "x-ms-request-id": [
          "ff243153-7cb6-4329-b2ce-e6231d4312b9"
        ],
        "x-ms-correlation-request-id": [
          "ff243153-7cb6-4329-b2ce-e6231d4312b9"
        ],
        "x-ms-routing-request-id": [
          "WESTUS:20200205T205257Z:ff243153-7cb6-4329-b2ce-e6231d4312b9"
        ],
        "X-Content-Type-Options": [
          "nosniff"
        ],
        "Date": [
          "Wed, 05 Feb 2020 20:52:56 GMT"
        ],
        "Content-Length": [
          "500"
        ],
        "Content-Type": [
          "application/json"
        ],
        "Content-Location": [
          "https://management.documents.azure.com:450/subscriptions/12053b8f-cab5-4f5c-9c1a-870580142abd/resourceGroups/CosmosDBResourceGroup3668/providers/Microsoft.DocumentDB/databaseAccounts/db001/mongodbDatabases/dbName2/collections?api-version=2019-08-01"
        ]
      },
      "ResponseBody": "{\r\n  \"value\": [\r\n    {\r\n      \"id\": \"/subscriptions/12053b8f-cab5-4f5c-9c1a-870580142abd/resourceGroups/CosmosDBResourceGroup3668/providers/Microsoft.DocumentDB/databaseAccounts/db001/mongodbDatabases/dbName2/collections/collection2\",\r\n      \"type\": \"Microsoft.DocumentDB/databaseAccounts/mongodbDatabases/collections\",\r\n      \"name\": \"collection2\",\r\n      \"properties\": {\r\n        \"resource\": {\r\n          \"id\": \"collection2\",\r\n          \"_rid\": \"VdlzAIMcA9s=\",\r\n          \"_etag\": \"\\\"00007500-0000-0100-0000-5e3b2b0b0000\\\"\",\r\n          \"_ts\": 1580935947,\r\n          \"indexes\": [\r\n            {\r\n              \"key\": {\r\n                \"keys\": [\r\n                  \"_id\"\r\n                ]\r\n              },\r\n              \"options\": {}\r\n            }\r\n          ]\r\n        }\r\n      }\r\n    }\r\n  ]\r\n}",
      "StatusCode": 200
    },
    {
      "RequestUri": "/subscriptions/12053b8f-cab5-4f5c-9c1a-870580142abd/resourceGroups/CosmosDBResourceGroup3668/providers/Microsoft.DocumentDB/databaseAccounts/db001/mongodbDatabases?api-version=2019-08-01",
      "EncodedRequestUri": "L3N1YnNjcmlwdGlvbnMvMTIwNTNiOGYtY2FiNS00ZjVjLTljMWEtODcwNTgwMTQyYWJkL3Jlc291cmNlR3JvdXBzL0Nvc21vc0RCUmVzb3VyY2VHcm91cDM2NjgvcHJvdmlkZXJzL01pY3Jvc29mdC5Eb2N1bWVudERCL2RhdGFiYXNlQWNjb3VudHMvZGIwMDEvbW9uZ29kYkRhdGFiYXNlcz9hcGktdmVyc2lvbj0yMDE5LTA4LTAx",
      "RequestMethod": "GET",
      "RequestBody": "",
      "RequestHeaders": {
        "x-ms-client-request-id": [
          "5b1f166f-8da5-438a-b1db-99449bd92d10"
        ],
        "Accept-Language": [
          "en-US"
        ],
        "User-Agent": [
          "FxVersion/4.6.27817.03",
          "OSName/Windows",
          "OSVersion/Microsoft.Windows.10.0.18363.",
          "Microsoft.Azure.Management.CosmosDB.CosmosDBManagementClient/1.0.1.0"
        ]
      },
      "ResponseHeaders": {
        "Cache-Control": [
          "no-store, no-cache"
        ],
        "Pragma": [
          "no-cache"
        ],
        "Strict-Transport-Security": [
          "max-age=31536000; includeSubDomains"
        ],
        "x-ms-gatewayversion": [
          "version=2.9.2"
        ],
        "Server": [
          "Microsoft-HTTPAPI/2.0"
        ],
        "x-ms-ratelimit-remaining-subscription-reads": [
          "11991"
        ],
        "x-ms-request-id": [
          "7e62f8ff-7924-42b4-8802-fbce6f83c6be"
        ],
        "x-ms-correlation-request-id": [
          "7e62f8ff-7924-42b4-8802-fbce6f83c6be"
        ],
        "x-ms-routing-request-id": [
          "WESTUS:20200205T205257Z:7e62f8ff-7924-42b4-8802-fbce6f83c6be"
        ],
        "X-Content-Type-Options": [
          "nosniff"
        ],
        "Date": [
          "Wed, 05 Feb 2020 20:52:56 GMT"
        ],
        "Content-Length": [
          "790"
        ],
        "Content-Type": [
          "application/json"
        ],
        "Content-Location": [
          "https://management.documents.azure.com:450/subscriptions/12053b8f-cab5-4f5c-9c1a-870580142abd/resourceGroups/CosmosDBResourceGroup3668/providers/Microsoft.DocumentDB/databaseAccounts/db001/mongodbDatabases?api-version=2019-08-01"
        ]
      },
      "ResponseBody": "{\r\n  \"value\": [\r\n    {\r\n      \"id\": \"/subscriptions/12053b8f-cab5-4f5c-9c1a-870580142abd/resourceGroups/CosmosDBResourceGroup3668/providers/Microsoft.DocumentDB/databaseAccounts/db001/mongodbDatabases/dbName\",\r\n      \"type\": \"Microsoft.DocumentDB/databaseAccounts/mongodbDatabases\",\r\n      \"name\": \"dbName\",\r\n      \"properties\": {\r\n        \"resource\": {\r\n          \"id\": \"dbName\",\r\n          \"_rid\": \"6IgQAA==\",\r\n          \"_etag\": \"\\\"00004512-0000-0100-0000-5e3a4d170000\\\"\",\r\n          \"_ts\": 1580879127\r\n        }\r\n      }\r\n    },\r\n    {\r\n      \"id\": \"/subscriptions/12053b8f-cab5-4f5c-9c1a-870580142abd/resourceGroups/CosmosDBResourceGroup3668/providers/Microsoft.DocumentDB/databaseAccounts/db001/mongodbDatabases/dbName2\",\r\n      \"type\": \"Microsoft.DocumentDB/databaseAccounts/mongodbDatabases\",\r\n      \"name\": \"dbName2\",\r\n      \"properties\": {\r\n        \"resource\": {\r\n          \"id\": \"dbName2\",\r\n          \"_rid\": \"VdlzAA==\",\r\n          \"_etag\": \"\\\"00007000-0000-0100-0000-5e3b2a500000\\\"\",\r\n          \"_ts\": 1580935760\r\n        }\r\n      }\r\n    }\r\n  ]\r\n}",
      "StatusCode": 200
    },
    {
      "RequestUri": "/subscriptions/12053b8f-cab5-4f5c-9c1a-870580142abd/resourceGroups/CosmosDBResourceGroup3668/providers/Microsoft.DocumentDB/databaseAccounts/db001/mongodbDatabases/dbName2/collections/collection2?api-version=2019-08-01",
      "EncodedRequestUri": "L3N1YnNjcmlwdGlvbnMvMTIwNTNiOGYtY2FiNS00ZjVjLTljMWEtODcwNTgwMTQyYWJkL3Jlc291cmNlR3JvdXBzL0Nvc21vc0RCUmVzb3VyY2VHcm91cDM2NjgvcHJvdmlkZXJzL01pY3Jvc29mdC5Eb2N1bWVudERCL2RhdGFiYXNlQWNjb3VudHMvZGIwMDEvbW9uZ29kYkRhdGFiYXNlcy9kYk5hbWUyL2NvbGxlY3Rpb25zL2NvbGxlY3Rpb24yP2FwaS12ZXJzaW9uPTIwMTktMDgtMDE=",
      "RequestMethod": "DELETE",
      "RequestBody": "",
      "RequestHeaders": {
        "x-ms-client-request-id": [
          "31a62977-6b55-440f-ba30-58bbbbb025d3"
        ],
        "Accept-Language": [
          "en-US"
        ],
        "User-Agent": [
          "FxVersion/4.6.27817.03",
          "OSName/Windows",
          "OSVersion/Microsoft.Windows.10.0.18363.",
          "Microsoft.Azure.Management.CosmosDB.CosmosDBManagementClient/1.0.1.0"
        ]
      },
      "ResponseHeaders": {
        "Cache-Control": [
          "no-store, no-cache"
        ],
        "Pragma": [
          "no-cache"
        ],
        "Location": [
          "https://management.azure.com/subscriptions/12053b8f-cab5-4f5c-9c1a-870580142abd/resourceGroups/CosmosDBResourceGroup3668/providers/Microsoft.DocumentDB/databaseAccounts/db001/mongodbDatabases/dbName2/collections/collection2/operationResults/fef0bd91-d295-4ea3-a923-b6aa780c3e54?api-version=2019-08-01"
        ],
        "Azure-AsyncOperation": [
          "https://management.azure.com/subscriptions/12053b8f-cab5-4f5c-9c1a-870580142abd/providers/Microsoft.DocumentDB/locations/eastus/operationsStatus/fef0bd91-d295-4ea3-a923-b6aa780c3e54?api-version=2019-08-01"
        ],
        "x-ms-request-id": [
          "fef0bd91-d295-4ea3-a923-b6aa780c3e54"
        ],
        "Strict-Transport-Security": [
          "max-age=31536000; includeSubDomains"
        ],
        "x-ms-gatewayversion": [
          "version=2.9.2"
        ],
        "Server": [
          "Microsoft-HTTPAPI/2.0"
        ],
        "x-ms-ratelimit-remaining-subscription-deletes": [
          "14999"
        ],
        "x-ms-correlation-request-id": [
          "acbe6e7d-094b-4746-9eb8-6e6a87a2597c"
        ],
        "x-ms-routing-request-id": [
          "WESTUS:20200205T205257Z:acbe6e7d-094b-4746-9eb8-6e6a87a2597c"
        ],
        "X-Content-Type-Options": [
          "nosniff"
        ],
        "Date": [
          "Wed, 05 Feb 2020 20:52:57 GMT"
        ],
        "Content-Length": [
          "32"
        ],
        "Content-Type": [
          "application/json"
        ],
        "Content-Location": [
          "https://management.documents.azure.com:450/subscriptions/12053b8f-cab5-4f5c-9c1a-870580142abd/resourceGroups/CosmosDBResourceGroup3668/providers/Microsoft.DocumentDB/databaseAccounts/db001/mongodbDatabases/dbName2/collections/collection2?api-version=2019-08-01"
        ]
      },
      "ResponseBody": "{\r\n  \"status\": \"Enqueued\",\r\n  \"error\": {}\r\n}",
      "StatusCode": 202
    },
    {
      "RequestUri": "/subscriptions/12053b8f-cab5-4f5c-9c1a-870580142abd/providers/Microsoft.DocumentDB/locations/eastus/operationsStatus/fef0bd91-d295-4ea3-a923-b6aa780c3e54?api-version=2019-08-01",
      "EncodedRequestUri": "L3N1YnNjcmlwdGlvbnMvMTIwNTNiOGYtY2FiNS00ZjVjLTljMWEtODcwNTgwMTQyYWJkL3Byb3ZpZGVycy9NaWNyb3NvZnQuRG9jdW1lbnREQi9sb2NhdGlvbnMvZWFzdHVzL29wZXJhdGlvbnNTdGF0dXMvZmVmMGJkOTEtZDI5NS00ZWEzLWE5MjMtYjZhYTc4MGMzZTU0P2FwaS12ZXJzaW9uPTIwMTktMDgtMDE=",
      "RequestMethod": "GET",
      "RequestBody": "",
      "RequestHeaders": {
        "User-Agent": [
          "FxVersion/4.6.27817.03",
          "OSName/Windows",
          "OSVersion/Microsoft.Windows.10.0.18363.",
          "Microsoft.Azure.Management.CosmosDB.CosmosDBManagementClient/1.0.1.0"
        ]
      },
      "ResponseHeaders": {
        "Cache-Control": [
          "no-store, no-cache"
        ],
        "Pragma": [
          "no-cache"
        ],
        "Strict-Transport-Security": [
          "max-age=31536000; includeSubDomains"
        ],
        "x-ms-gatewayversion": [
          "version=2.9.2"
        ],
        "Server": [
          "Microsoft-HTTPAPI/2.0"
        ],
        "x-ms-ratelimit-remaining-subscription-reads": [
          "11990"
        ],
        "x-ms-request-id": [
          "5965259f-c5e1-4d83-bfbe-3cf2c4e4e3d4"
        ],
        "x-ms-correlation-request-id": [
          "5965259f-c5e1-4d83-bfbe-3cf2c4e4e3d4"
        ],
        "x-ms-routing-request-id": [
          "WESTUS:20200205T205328Z:5965259f-c5e1-4d83-bfbe-3cf2c4e4e3d4"
        ],
        "X-Content-Type-Options": [
          "nosniff"
        ],
        "Date": [
          "Wed, 05 Feb 2020 20:53:27 GMT"
        ],
        "Content-Length": [
          "33"
        ],
        "Content-Type": [
          "application/json"
        ],
        "Content-Location": [
          "https://management.documents.azure.com:450/subscriptions/12053b8f-cab5-4f5c-9c1a-870580142abd/providers/Microsoft.DocumentDB/locations/eastus/operationsStatus/fef0bd91-d295-4ea3-a923-b6aa780c3e54?api-version=2019-08-01"
        ]
      },
      "ResponseBody": "{\r\n  \"status\": \"Succeeded\",\r\n  \"error\": {}\r\n}",
      "StatusCode": 200
    },
    {
      "RequestUri": "/subscriptions/12053b8f-cab5-4f5c-9c1a-870580142abd/resourceGroups/CosmosDBResourceGroup3668/providers/Microsoft.DocumentDB/databaseAccounts/db001/mongodbDatabases/dbName2/collections/collection2/operationResults/fef0bd91-d295-4ea3-a923-b6aa780c3e54?api-version=2019-08-01",
      "EncodedRequestUri": "L3N1YnNjcmlwdGlvbnMvMTIwNTNiOGYtY2FiNS00ZjVjLTljMWEtODcwNTgwMTQyYWJkL3Jlc291cmNlR3JvdXBzL0Nvc21vc0RCUmVzb3VyY2VHcm91cDM2NjgvcHJvdmlkZXJzL01pY3Jvc29mdC5Eb2N1bWVudERCL2RhdGFiYXNlQWNjb3VudHMvZGIwMDEvbW9uZ29kYkRhdGFiYXNlcy9kYk5hbWUyL2NvbGxlY3Rpb25zL2NvbGxlY3Rpb24yL29wZXJhdGlvblJlc3VsdHMvZmVmMGJkOTEtZDI5NS00ZWEzLWE5MjMtYjZhYTc4MGMzZTU0P2FwaS12ZXJzaW9uPTIwMTktMDgtMDE=",
      "RequestMethod": "GET",
      "RequestBody": "",
      "RequestHeaders": {
        "User-Agent": [
          "FxVersion/4.6.27817.03",
          "OSName/Windows",
          "OSVersion/Microsoft.Windows.10.0.18363.",
          "Microsoft.Azure.Management.CosmosDB.CosmosDBManagementClient/1.0.1.0"
        ]
      },
      "ResponseHeaders": {
        "Cache-Control": [
          "no-store, no-cache"
        ],
        "Pragma": [
          "no-cache"
        ],
        "Strict-Transport-Security": [
          "max-age=31536000; includeSubDomains"
        ],
        "x-ms-gatewayversion": [
          "version=2.9.2"
        ],
        "Server": [
          "Microsoft-HTTPAPI/2.0"
        ],
        "x-ms-ratelimit-remaining-subscription-reads": [
          "11989"
        ],
        "x-ms-request-id": [
          "3441f14e-80ba-4593-9a81-94504df833c0"
        ],
        "x-ms-correlation-request-id": [
          "3441f14e-80ba-4593-9a81-94504df833c0"
        ],
        "x-ms-routing-request-id": [
          "WESTUS:20200205T205328Z:3441f14e-80ba-4593-9a81-94504df833c0"
        ],
        "X-Content-Type-Options": [
          "nosniff"
        ],
        "Date": [
          "Wed, 05 Feb 2020 20:53:27 GMT"
        ],
        "Content-Type": [
          "application/json"
        ],
        "Content-Location": [
          "https://management.documents.azure.com:450/subscriptions/12053b8f-cab5-4f5c-9c1a-870580142abd/resourceGroups/CosmosDBResourceGroup3668/providers/Microsoft.DocumentDB/databaseAccounts/db001/mongodbDatabases/dbName2/collections/collection2/operationResults/fef0bd91-d295-4ea3-a923-b6aa780c3e54?api-version=2019-08-01"
        ]
      },
      "ResponseBody": "",
      "StatusCode": 204
    },
    {
      "RequestUri": "/subscriptions/12053b8f-cab5-4f5c-9c1a-870580142abd/resourceGroups/CosmosDBResourceGroup3668/providers/Microsoft.DocumentDB/databaseAccounts/db001/mongodbDatabases/dbName2?api-version=2019-08-01",
      "EncodedRequestUri": "L3N1YnNjcmlwdGlvbnMvMTIwNTNiOGYtY2FiNS00ZjVjLTljMWEtODcwNTgwMTQyYWJkL3Jlc291cmNlR3JvdXBzL0Nvc21vc0RCUmVzb3VyY2VHcm91cDM2NjgvcHJvdmlkZXJzL01pY3Jvc29mdC5Eb2N1bWVudERCL2RhdGFiYXNlQWNjb3VudHMvZGIwMDEvbW9uZ29kYkRhdGFiYXNlcy9kYk5hbWUyP2FwaS12ZXJzaW9uPTIwMTktMDgtMDE=",
      "RequestMethod": "DELETE",
      "RequestBody": "",
      "RequestHeaders": {
        "x-ms-client-request-id": [
          "5c9a3e05-1b93-4d16-b78a-f269614714d7"
        ],
        "Accept-Language": [
          "en-US"
        ],
        "User-Agent": [
          "FxVersion/4.6.27817.03",
          "OSName/Windows",
          "OSVersion/Microsoft.Windows.10.0.18363.",
          "Microsoft.Azure.Management.CosmosDB.CosmosDBManagementClient/1.0.1.0"
        ]
      },
      "ResponseHeaders": {
        "Cache-Control": [
          "no-store, no-cache"
        ],
        "Pragma": [
          "no-cache"
        ],
        "Location": [
          "https://management.azure.com/subscriptions/12053b8f-cab5-4f5c-9c1a-870580142abd/resourceGroups/CosmosDBResourceGroup3668/providers/Microsoft.DocumentDB/databaseAccounts/db001/mongodbDatabases/dbName2/operationResults/41986db7-bbda-4f39-8d3d-bdf678f4c9ce?api-version=2019-08-01"
        ],
        "Azure-AsyncOperation": [
          "https://management.azure.com/subscriptions/12053b8f-cab5-4f5c-9c1a-870580142abd/providers/Microsoft.DocumentDB/locations/eastus/operationsStatus/41986db7-bbda-4f39-8d3d-bdf678f4c9ce?api-version=2019-08-01"
        ],
        "x-ms-request-id": [
          "41986db7-bbda-4f39-8d3d-bdf678f4c9ce"
        ],
        "Strict-Transport-Security": [
          "max-age=31536000; includeSubDomains"
        ],
        "x-ms-gatewayversion": [
          "version=2.9.2"
        ],
        "Server": [
          "Microsoft-HTTPAPI/2.0"
        ],
        "x-ms-ratelimit-remaining-subscription-deletes": [
          "14999"
        ],
        "x-ms-correlation-request-id": [
          "f078f61b-adc2-4a03-972c-6cd1d88eb759"
        ],
        "x-ms-routing-request-id": [
          "WESTUS:20200205T205329Z:f078f61b-adc2-4a03-972c-6cd1d88eb759"
        ],
        "X-Content-Type-Options": [
          "nosniff"
        ],
        "Date": [
          "Wed, 05 Feb 2020 20:53:28 GMT"
        ],
        "Content-Length": [
          "32"
        ],
        "Content-Type": [
          "application/json"
        ],
        "Content-Location": [
          "https://management.documents.azure.com:450/subscriptions/12053b8f-cab5-4f5c-9c1a-870580142abd/resourceGroups/CosmosDBResourceGroup3668/providers/Microsoft.DocumentDB/databaseAccounts/db001/mongodbDatabases/dbName2?api-version=2019-08-01"
        ]
      },
      "ResponseBody": "{\r\n  \"status\": \"Enqueued\",\r\n  \"error\": {}\r\n}",
      "StatusCode": 202
    },
    {
      "RequestUri": "/subscriptions/12053b8f-cab5-4f5c-9c1a-870580142abd/providers/Microsoft.DocumentDB/locations/eastus/operationsStatus/41986db7-bbda-4f39-8d3d-bdf678f4c9ce?api-version=2019-08-01",
      "EncodedRequestUri": "L3N1YnNjcmlwdGlvbnMvMTIwNTNiOGYtY2FiNS00ZjVjLTljMWEtODcwNTgwMTQyYWJkL3Byb3ZpZGVycy9NaWNyb3NvZnQuRG9jdW1lbnREQi9sb2NhdGlvbnMvZWFzdHVzL29wZXJhdGlvbnNTdGF0dXMvNDE5ODZkYjctYmJkYS00ZjM5LThkM2QtYmRmNjc4ZjRjOWNlP2FwaS12ZXJzaW9uPTIwMTktMDgtMDE=",
      "RequestMethod": "GET",
      "RequestBody": "",
      "RequestHeaders": {
        "User-Agent": [
          "FxVersion/4.6.27817.03",
          "OSName/Windows",
          "OSVersion/Microsoft.Windows.10.0.18363.",
          "Microsoft.Azure.Management.CosmosDB.CosmosDBManagementClient/1.0.1.0"
        ]
      },
      "ResponseHeaders": {
        "Cache-Control": [
          "no-store, no-cache"
        ],
        "Pragma": [
          "no-cache"
        ],
        "Strict-Transport-Security": [
          "max-age=31536000; includeSubDomains"
        ],
        "x-ms-gatewayversion": [
          "version=2.9.2"
        ],
        "Server": [
          "Microsoft-HTTPAPI/2.0"
        ],
        "x-ms-ratelimit-remaining-subscription-reads": [
          "11999"
        ],
        "x-ms-request-id": [
          "04ea5ee8-0b0e-4d67-97e2-fef83524ed46"
        ],
        "x-ms-correlation-request-id": [
          "04ea5ee8-0b0e-4d67-97e2-fef83524ed46"
        ],
        "x-ms-routing-request-id": [
          "WESTUS:20200205T205359Z:04ea5ee8-0b0e-4d67-97e2-fef83524ed46"
        ],
        "X-Content-Type-Options": [
          "nosniff"
        ],
        "Date": [
          "Wed, 05 Feb 2020 20:53:59 GMT"
        ],
        "Content-Length": [
          "33"
        ],
        "Content-Type": [
          "application/json"
        ],
        "Content-Location": [
          "https://management.documents.azure.com:450/subscriptions/12053b8f-cab5-4f5c-9c1a-870580142abd/providers/Microsoft.DocumentDB/locations/eastus/operationsStatus/41986db7-bbda-4f39-8d3d-bdf678f4c9ce?api-version=2019-08-01"
        ]
      },
      "ResponseBody": "{\r\n  \"status\": \"Succeeded\",\r\n  \"error\": {}\r\n}",
      "StatusCode": 200
    },
    {
      "RequestUri": "/subscriptions/12053b8f-cab5-4f5c-9c1a-870580142abd/resourceGroups/CosmosDBResourceGroup3668/providers/Microsoft.DocumentDB/databaseAccounts/db001/mongodbDatabases/dbName2/operationResults/41986db7-bbda-4f39-8d3d-bdf678f4c9ce?api-version=2019-08-01",
      "EncodedRequestUri": "L3N1YnNjcmlwdGlvbnMvMTIwNTNiOGYtY2FiNS00ZjVjLTljMWEtODcwNTgwMTQyYWJkL3Jlc291cmNlR3JvdXBzL0Nvc21vc0RCUmVzb3VyY2VHcm91cDM2NjgvcHJvdmlkZXJzL01pY3Jvc29mdC5Eb2N1bWVudERCL2RhdGFiYXNlQWNjb3VudHMvZGIwMDEvbW9uZ29kYkRhdGFiYXNlcy9kYk5hbWUyL29wZXJhdGlvblJlc3VsdHMvNDE5ODZkYjctYmJkYS00ZjM5LThkM2QtYmRmNjc4ZjRjOWNlP2FwaS12ZXJzaW9uPTIwMTktMDgtMDE=",
      "RequestMethod": "GET",
      "RequestBody": "",
      "RequestHeaders": {
        "User-Agent": [
          "FxVersion/4.6.27817.03",
          "OSName/Windows",
          "OSVersion/Microsoft.Windows.10.0.18363.",
          "Microsoft.Azure.Management.CosmosDB.CosmosDBManagementClient/1.0.1.0"
        ]
      },
      "ResponseHeaders": {
        "Cache-Control": [
          "no-store, no-cache"
        ],
        "Pragma": [
          "no-cache"
        ],
        "Strict-Transport-Security": [
          "max-age=31536000; includeSubDomains"
        ],
        "x-ms-gatewayversion": [
          "version=2.9.2"
        ],
        "Server": [
          "Microsoft-HTTPAPI/2.0"
        ],
        "x-ms-ratelimit-remaining-subscription-reads": [
          "11998"
        ],
        "x-ms-request-id": [
          "3a1e4bb4-2f6c-48be-8bdc-2736686dd0a1"
        ],
        "x-ms-correlation-request-id": [
          "3a1e4bb4-2f6c-48be-8bdc-2736686dd0a1"
        ],
        "x-ms-routing-request-id": [
          "WESTUS:20200205T205359Z:3a1e4bb4-2f6c-48be-8bdc-2736686dd0a1"
        ],
        "X-Content-Type-Options": [
          "nosniff"
        ],
        "Date": [
          "Wed, 05 Feb 2020 20:53:59 GMT"
        ],
        "Content-Type": [
          "application/json"
        ],
        "Content-Location": [
          "https://management.documents.azure.com:450/subscriptions/12053b8f-cab5-4f5c-9c1a-870580142abd/resourceGroups/CosmosDBResourceGroup3668/providers/Microsoft.DocumentDB/databaseAccounts/db001/mongodbDatabases/dbName2/operationResults/41986db7-bbda-4f39-8d3d-bdf678f4c9ce?api-version=2019-08-01"
        ]
      },
      "ResponseBody": "",
      "StatusCode": 204
    }
  ],
  "Names": {},
  "Variables": {
    "SubscriptionId": "12053b8f-cab5-4f5c-9c1a-870580142abd"
  }
}