{
  "Entries": [
    {
      "RequestUri": "/subscriptions/12053b8f-cab5-4f5c-9c1a-870580142abd/resourcegroups/mongorbactest-4414?api-version=2016-09-01",
      "EncodedRequestUri": "L3N1YnNjcmlwdGlvbnMvMTIwNTNiOGYtY2FiNS00ZjVjLTljMWEtODcwNTgwMTQyYWJkL3Jlc291cmNlZ3JvdXBzL21vbmdvcmJhY3Rlc3QtNDQxND9hcGktdmVyc2lvbj0yMDE2LTA5LTAx",
      "RequestMethod": "PUT",
      "RequestHeaders": {
        "x-ms-client-request-id": [
          "07724a1c-69a1-4b91-a18c-8c6d701d991f"
        ],
        "Accept-Language": [
          "en-US"
        ],
        "User-Agent": [
          "FxVersion/4.700.22.55902",
          "OSName/Windows",
          "OSVersion/Microsoft.Windows.10.0.22621",
          "Microsoft.Azure.Management.Internal.Resources.ResourceManagementClient/1.3.73"
        ],
        "Content-Type": [
          "application/json; charset=utf-8"
        ],
        "Content-Length": [
          "29"
        ]
      },
      "RequestBody": "{\r\n  \"location\": \"East US\"\r\n}",
      "ResponseHeaders": {
        "Cache-Control": [
          "no-cache"
        ],
        "Pragma": [
          "no-cache"
        ],
        "x-ms-ratelimit-remaining-subscription-writes": [
          "1199"
        ],
        "x-ms-request-id": [
          "5baecac8-1c4a-4956-b992-ced8c2a0b93e"
        ],
        "x-ms-correlation-request-id": [
          "5baecac8-1c4a-4956-b992-ced8c2a0b93e"
        ],
        "x-ms-routing-request-id": [
          "EASTUS:20230413T111207Z:5baecac8-1c4a-4956-b992-ced8c2a0b93e"
        ],
        "Strict-Transport-Security": [
          "max-age=31536000; includeSubDomains"
        ],
        "X-Content-Type-Options": [
          "nosniff"
        ],
        "Date": [
          "Thu, 13 Apr 2023 11:12:06 GMT"
        ],
        "Content-Length": [
          "189"
        ],
        "Content-Type": [
          "application/json; charset=utf-8"
        ],
        "Expires": [
          "-1"
        ]
      },
      "ResponseBody": "{\r\n  \"id\": \"/subscriptions/12053b8f-cab5-4f5c-9c1a-870580142abd/resourceGroups/mongorbactest-4414\",\r\n  \"name\": \"mongorbactest-4414\",\r\n  \"location\": \"eastus\",\r\n  \"properties\": {\r\n    \"provisioningState\": \"Succeeded\"\r\n  }\r\n}",
      "StatusCode": 201
    },
    {
      "RequestUri": "/subscriptions/12053b8f-cab5-4f5c-9c1a-870580142abd/resourceGroups/mongorbactest-4414/providers/Microsoft.DocumentDB/databaseAccounts/mongo-db0004414?api-version=2022-11-15-preview",
      "EncodedRequestUri": "L3N1YnNjcmlwdGlvbnMvMTIwNTNiOGYtY2FiNS00ZjVjLTljMWEtODcwNTgwMTQyYWJkL3Jlc291cmNlR3JvdXBzL21vbmdvcmJhY3Rlc3QtNDQxNC9wcm92aWRlcnMvTWljcm9zb2Z0LkRvY3VtZW50REIvZGF0YWJhc2VBY2NvdW50cy9tb25nby1kYjAwMDQ0MTQ/YXBpLXZlcnNpb249MjAyMi0xMS0xNS1wcmV2aWV3",
      "RequestMethod": "GET",
      "RequestHeaders": {
        "x-ms-client-request-id": [
          "923944df-6f2c-49f7-a849-8ef805b90da7"
        ],
        "Accept-Language": [
          "en-US"
        ],
        "User-Agent": [
          "FxVersion/4.700.22.55902",
          "OSName/Windows",
          "OSVersion/Microsoft.Windows.10.0.22621",
          "Microsoft.Azure.Management.CosmosDB.CosmosDBManagementClient/1.9.1"
        ]
      },
      "RequestBody": "",
      "ResponseHeaders": {
        "Cache-Control": [
          "no-cache"
        ],
        "Pragma": [
          "no-cache"
        ],
        "x-ms-failure-cause": [
          "gateway"
        ],
        "x-ms-request-id": [
          "a495e83f-b981-46d8-9466-284d71a38a72"
        ],
        "x-ms-correlation-request-id": [
          "a495e83f-b981-46d8-9466-284d71a38a72"
        ],
        "x-ms-routing-request-id": [
          "EASTUS:20230413T111207Z:a495e83f-b981-46d8-9466-284d71a38a72"
        ],
        "Strict-Transport-Security": [
          "max-age=31536000; includeSubDomains"
        ],
        "X-Content-Type-Options": [
          "nosniff"
        ],
        "Date": [
          "Thu, 13 Apr 2023 11:12:06 GMT"
        ],
        "Content-Type": [
          "application/json; charset=utf-8"
        ],
        "Expires": [
          "-1"
        ],
        "Content-Length": [
          "243"
        ]
      },
      "ResponseBody": "{\r\n  \"error\": {\r\n    \"code\": \"ResourceNotFound\",\r\n    \"message\": \"The Resource 'Microsoft.DocumentDB/databaseAccounts/mongo-db0004414' under resource group 'mongorbactest-4414' was not found. For more details please go to https://aka.ms/ARMResourceNotFoundFix\"\r\n  }\r\n}",
      "StatusCode": 404
    },
    {
      "RequestUri": "/subscriptions/12053b8f-cab5-4f5c-9c1a-870580142abd/resourceGroups/mongorbactest-4414/providers/Microsoft.DocumentDB/databaseAccounts/mongo-db0004414?api-version=2022-11-15-preview",
      "EncodedRequestUri": "L3N1YnNjcmlwdGlvbnMvMTIwNTNiOGYtY2FiNS00ZjVjLTljMWEtODcwNTgwMTQyYWJkL3Jlc291cmNlR3JvdXBzL21vbmdvcmJhY3Rlc3QtNDQxNC9wcm92aWRlcnMvTWljcm9zb2Z0LkRvY3VtZW50REIvZGF0YWJhc2VBY2NvdW50cy9tb25nby1kYjAwMDQ0MTQ/YXBpLXZlcnNpb249MjAyMi0xMS0xNS1wcmV2aWV3",
      "RequestMethod": "GET",
      "RequestHeaders": {
        "x-ms-client-request-id": [
          "923944df-6f2c-49f7-a849-8ef805b90da7"
        ],
        "User-Agent": [
          "FxVersion/4.700.22.55902",
          "OSName/Windows",
          "OSVersion/Microsoft.Windows.10.0.22621",
          "Microsoft.Azure.Management.CosmosDB.CosmosDBManagementClient/1.9.1"
        ]
      },
      "RequestBody": "",
      "ResponseHeaders": {
        "Cache-Control": [
          "no-store, no-cache"
        ],
        "Pragma": [
          "no-cache"
        ],
        "Strict-Transport-Security": [
          "max-age=31536000; includeSubDomains"
        ],
        "x-ms-gatewayversion": [
          "version=2.14.0"
        ],
        "Server": [
          "Microsoft-HTTPAPI/2.0"
        ],
        "x-ms-ratelimit-remaining-subscription-reads": [
          "11977"
        ],
        "x-ms-request-id": [
          "edb8da39-0731-4aba-9b4c-c8aade08099e"
        ],
        "x-ms-correlation-request-id": [
          "edb8da39-0731-4aba-9b4c-c8aade08099e"
        ],
        "x-ms-routing-request-id": [
          "EASTUS:20230413T111510Z:edb8da39-0731-4aba-9b4c-c8aade08099e"
        ],
        "X-Content-Type-Options": [
          "nosniff"
        ],
        "Date": [
          "Thu, 13 Apr 2023 11:15:10 GMT"
        ],
        "Content-Length": [
          "3004"
        ],
        "Content-Type": [
          "application/json"
        ]
      },
      "ResponseBody": "{\r\n  \"id\": \"/subscriptions/12053b8f-cab5-4f5c-9c1a-870580142abd/resourceGroups/mongorbactest-4414/providers/Microsoft.DocumentDB/databaseAccounts/mongo-db0004414\",\r\n  \"name\": \"mongo-db0004414\",\r\n  \"location\": \"East US\",\r\n  \"type\": \"Microsoft.DocumentDB/databaseAccounts\",\r\n  \"kind\": \"MongoDB\",\r\n  \"tags\": {},\r\n  \"systemData\": {\r\n    \"createdAt\": \"2023-04-13T11:14:29.7107095Z\"\r\n  },\r\n  \"properties\": {\r\n    \"provisioningState\": \"Succeeded\",\r\n    \"documentEndpoint\": \"https://mongo-db0004414.documents.azure.com:443/\",\r\n    \"sqlEndpoint\": \"https://mongo-db0004414.documents.azure.com:443/\",\r\n    \"mongoEndpoint\": \"https://mongo-db0004414.mongo.cosmos.azure.com:443/\",\r\n    \"publicNetworkAccess\": \"Enabled\",\r\n    \"enableAutomaticFailover\": false,\r\n    \"enableMultipleWriteLocations\": false,\r\n    \"enablePartitionKeyMonitor\": false,\r\n    \"isVirtualNetworkFilterEnabled\": false,\r\n    \"virtualNetworkRules\": [],\r\n    \"EnabledApiTypes\": \"MongoDB\",\r\n    \"disableKeyBasedMetadataWriteAccess\": false,\r\n    \"enableFreeTier\": false,\r\n    \"enableAnalyticalStorage\": false,\r\n    \"analyticalStorageConfiguration\": {\r\n      \"schemaType\": \"FullFidelity\"\r\n    },\r\n    \"instanceId\": \"d586b571-1633-4e4e-ae74-e78036e7ccae\",\r\n    \"databaseAccountOfferType\": \"Standard\",\r\n    \"enableCassandraConnector\": false,\r\n    \"connectorOffer\": \"\",\r\n    \"enableMaterializedViews\": false,\r\n    \"defaultIdentity\": \"FirstPartyIdentity\",\r\n    \"networkAclBypass\": \"None\",\r\n    \"disableLocalAuth\": false,\r\n    \"enablePartitionMerge\": false,\r\n    \"enableBurstCapacity\": false,\r\n    \"minimalTlsVersion\": \"Tls12\",\r\n    \"consistencyPolicy\": {\r\n      \"defaultConsistencyLevel\": \"Session\",\r\n      \"maxIntervalInSeconds\": 5,\r\n      \"maxStalenessPrefix\": 100\r\n    },\r\n    \"apiProperties\": {\r\n      \"serverVersion\": \"3.6\"\r\n    },\r\n    \"configurationOverrides\": {\r\n      \"EnableBsonSchema\": \"True\"\r\n    },\r\n    \"writeLocations\": [\r\n      {\r\n        \"id\": \"mongo-db0004414-eastus\",\r\n        \"locationName\": \"East US\",\r\n        \"documentEndpoint\": \"https://mongo-db0004414-eastus.documents.azure.com:443/\",\r\n        \"provisioningState\": \"Succeeded\",\r\n        \"failoverPriority\": 0,\r\n        \"isZoneRedundant\": false\r\n      }\r\n    ],\r\n    \"readLocations\": [\r\n      {\r\n        \"id\": \"mongo-db0004414-eastus\",\r\n        \"locationName\": \"East US\",\r\n        \"documentEndpoint\": \"https://mongo-db0004414-eastus.documents.azure.com:443/\",\r\n        \"provisioningState\": \"Succeeded\",\r\n        \"failoverPriority\": 0,\r\n        \"isZoneRedundant\": false\r\n      }\r\n    ],\r\n    \"locations\": [\r\n      {\r\n        \"id\": \"mongo-db0004414-eastus\",\r\n        \"locationName\": \"East US\",\r\n        \"documentEndpoint\": \"https://mongo-db0004414-eastus.documents.azure.com:443/\",\r\n        \"provisioningState\": \"Succeeded\",\r\n        \"failoverPriority\": 0,\r\n        \"isZoneRedundant\": false\r\n      }\r\n    ],\r\n    \"failoverPolicies\": [\r\n      {\r\n        \"id\": \"mongo-db0004414-eastus\",\r\n        \"locationName\": \"East US\",\r\n        \"failoverPriority\": 0\r\n      }\r\n    ],\r\n    \"cors\": [],\r\n    \"capabilities\": [\r\n      {\r\n        \"name\": \"EnableMongo\"\r\n      },\r\n      {\r\n        \"name\": \"EnableMongoRoleBasedAccessControl\"\r\n      }\r\n    ],\r\n    \"ipRules\": [],\r\n    \"backupPolicy\": {\r\n      \"type\": \"Periodic\",\r\n      \"periodicModeProperties\": {\r\n        \"backupIntervalInMinutes\": 240,\r\n        \"backupRetentionIntervalInHours\": 8,\r\n        \"backupStorageRedundancy\": \"Geo\"\r\n      }\r\n    },\r\n    \"networkAclBypassResourceIds\": [],\r\n    \"diagnosticLogSettings\": {\r\n      \"enableFullTextQuery\": \"None\"\r\n    },\r\n    \"keysMetadata\": {\r\n      \"primaryMasterKey\": {\r\n        \"generationTime\": \"2023-04-13T11:14:29.7107095Z\"\r\n      },\r\n      \"secondaryMasterKey\": {\r\n        \"generationTime\": \"2023-04-13T11:14:29.7107095Z\"\r\n      },\r\n      \"primaryReadonlyMasterKey\": {\r\n        \"generationTime\": \"2023-04-13T11:14:29.7107095Z\"\r\n      },\r\n      \"secondaryReadonlyMasterKey\": {\r\n        \"generationTime\": \"2023-04-13T11:14:29.7107095Z\"\r\n      }\r\n    }\r\n  },\r\n  \"identity\": {\r\n    \"type\": \"None\"\r\n  }\r\n}",
      "StatusCode": 200
    },
    {
      "RequestUri": "/subscriptions/12053b8f-cab5-4f5c-9c1a-870580142abd/resourceGroups/mongorbactest-4414/providers/Microsoft.DocumentDB/databaseAccounts/mongo-db0004414?api-version=2022-11-15-preview",
      "EncodedRequestUri": "L3N1YnNjcmlwdGlvbnMvMTIwNTNiOGYtY2FiNS00ZjVjLTljMWEtODcwNTgwMTQyYWJkL3Jlc291cmNlR3JvdXBzL21vbmdvcmJhY3Rlc3QtNDQxNC9wcm92aWRlcnMvTWljcm9zb2Z0LkRvY3VtZW50REIvZGF0YWJhc2VBY2NvdW50cy9tb25nby1kYjAwMDQ0MTQ/YXBpLXZlcnNpb249MjAyMi0xMS0xNS1wcmV2aWV3",
      "RequestMethod": "PUT",
      "RequestHeaders": {
        "x-ms-client-request-id": [
          "923944df-6f2c-49f7-a849-8ef805b90da7"
        ],
        "Accept-Language": [
          "en-US"
        ],
        "User-Agent": [
          "FxVersion/4.700.22.55902",
          "OSName/Windows",
          "OSVersion/Microsoft.Windows.10.0.22621",
          "Microsoft.Azure.Management.CosmosDB.CosmosDBManagementClient/1.9.1"
        ],
        "Content-Type": [
          "application/json; charset=utf-8"
        ],
        "Content-Length": [
          "765"
        ]
      },
      "RequestBody": "{\r\n  \"kind\": \"MongoDB\",\r\n  \"properties\": {\r\n    \"consistencyPolicy\": {\r\n      \"defaultConsistencyLevel\": \"Session\"\r\n    },\r\n    \"locations\": [\r\n      {\r\n        \"locationName\": \"East US\",\r\n        \"failoverPriority\": 0,\r\n        \"isZoneRedundant\": false\r\n      }\r\n    ],\r\n    \"isVirtualNetworkFilterEnabled\": false,\r\n    \"enableAutomaticFailover\": false,\r\n    \"capabilities\": [\r\n      {\r\n        \"name\": \"EnableMongo\"\r\n      },\r\n      {\r\n        \"name\": \"EnableMongoRoleBasedAccessControl\"\r\n      }\r\n    ],\r\n    \"virtualNetworkRules\": [],\r\n    \"enableMultipleWriteLocations\": false,\r\n    \"disableKeyBasedMetadataWriteAccess\": false,\r\n    \"networkAclBypassResourceIds\": [],\r\n    \"databaseAccountOfferType\": \"Standard\"\r\n  },\r\n  \"location\": \"East US\",\r\n  \"tags\": {}\r\n}",
      "ResponseHeaders": {
        "Cache-Control": [
          "no-store, no-cache"
        ],
        "Pragma": [
          "no-cache"
        ],
        "Location": [
          "https://management.azure.com/subscriptions/12053b8f-cab5-4f5c-9c1a-870580142abd/resourceGroups/mongorbactest-4414/providers/Microsoft.DocumentDB/databaseAccounts/mongo-db0004414/operationResults/8e296bdf-0138-463f-a73a-4cf28916f4a4?api-version=2022-11-15-preview"
        ],
        "x-ms-request-id": [
          "8e296bdf-0138-463f-a73a-4cf28916f4a4"
        ],
        "Azure-AsyncOperation": [
          "https://management.azure.com/subscriptions/12053b8f-cab5-4f5c-9c1a-870580142abd/providers/Microsoft.DocumentDB/locations/eastus/operationsStatus/8e296bdf-0138-463f-a73a-4cf28916f4a4?api-version=2022-11-15-preview"
        ],
        "Strict-Transport-Security": [
          "max-age=31536000; includeSubDomains"
        ],
        "x-ms-gatewayversion": [
          "version=2.14.0"
        ],
        "Server": [
          "Microsoft-HTTPAPI/2.0"
        ],
        "x-ms-ratelimit-remaining-subscription-writes": [
          "1195"
        ],
        "x-ms-correlation-request-id": [
          "82ec2844-945c-4fd9-8f4d-007e9cd41d3c"
        ],
        "x-ms-routing-request-id": [
          "EASTUS:20230413T111209Z:82ec2844-945c-4fd9-8f4d-007e9cd41d3c"
        ],
        "X-Content-Type-Options": [
          "nosniff"
        ],
        "Date": [
          "Thu, 13 Apr 2023 11:12:09 GMT"
        ],
        "Content-Length": [
          "2525"
        ],
        "Content-Type": [
          "application/json"
        ]
      },
      "ResponseBody": "{\r\n  \"id\": \"/subscriptions/12053b8f-cab5-4f5c-9c1a-870580142abd/resourceGroups/mongorbactest-4414/providers/Microsoft.DocumentDB/databaseAccounts/mongo-db0004414\",\r\n  \"name\": \"mongo-db0004414\",\r\n  \"location\": \"East US\",\r\n  \"type\": \"Microsoft.DocumentDB/databaseAccounts\",\r\n  \"kind\": \"MongoDB\",\r\n  \"tags\": {},\r\n  \"systemData\": {\r\n    \"createdAt\": \"2023-04-13T11:12:08.2746778Z\"\r\n  },\r\n  \"properties\": {\r\n    \"provisioningState\": \"Creating\",\r\n    \"publicNetworkAccess\": \"Enabled\",\r\n    \"enableAutomaticFailover\": false,\r\n    \"enableMultipleWriteLocations\": false,\r\n    \"enablePartitionKeyMonitor\": false,\r\n    \"isVirtualNetworkFilterEnabled\": false,\r\n    \"virtualNetworkRules\": [],\r\n    \"EnabledApiTypes\": \"MongoDB\",\r\n    \"disableKeyBasedMetadataWriteAccess\": false,\r\n    \"enableFreeTier\": false,\r\n    \"enableAnalyticalStorage\": false,\r\n    \"analyticalStorageConfiguration\": {\r\n      \"schemaType\": \"FullFidelity\"\r\n    },\r\n    \"instanceId\": \"d586b571-1633-4e4e-ae74-e78036e7ccae\",\r\n    \"databaseAccountOfferType\": \"Standard\",\r\n    \"enableCassandraConnector\": false,\r\n    \"connectorOffer\": \"\",\r\n    \"enableMaterializedViews\": false,\r\n    \"defaultIdentity\": \"\",\r\n    \"networkAclBypass\": \"None\",\r\n    \"disableLocalAuth\": false,\r\n    \"enablePartitionMerge\": false,\r\n    \"enableBurstCapacity\": false,\r\n    \"minimalTlsVersion\": \"Tls12\",\r\n    \"consistencyPolicy\": {\r\n      \"defaultConsistencyLevel\": \"Session\",\r\n      \"maxIntervalInSeconds\": 5,\r\n      \"maxStalenessPrefix\": 100\r\n    },\r\n    \"apiProperties\": {\r\n      \"serverVersion\": \"3.6\"\r\n    },\r\n    \"configurationOverrides\": {},\r\n    \"writeLocations\": [\r\n      {\r\n        \"id\": \"mongo-db0004414-eastus\",\r\n        \"locationName\": \"East US\",\r\n        \"provisioningState\": \"Creating\",\r\n        \"failoverPriority\": 0,\r\n        \"isZoneRedundant\": false\r\n      }\r\n    ],\r\n    \"readLocations\": [\r\n      {\r\n        \"id\": \"mongo-db0004414-eastus\",\r\n        \"locationName\": \"East US\",\r\n        \"provisioningState\": \"Creating\",\r\n        \"failoverPriority\": 0,\r\n        \"isZoneRedundant\": false\r\n      }\r\n    ],\r\n    \"locations\": [\r\n      {\r\n        \"id\": \"mongo-db0004414-eastus\",\r\n        \"locationName\": \"East US\",\r\n        \"provisioningState\": \"Creating\",\r\n        \"failoverPriority\": 0,\r\n        \"isZoneRedundant\": false\r\n      }\r\n    ],\r\n    \"failoverPolicies\": [\r\n      {\r\n        \"id\": \"mongo-db0004414-eastus\",\r\n        \"locationName\": \"East US\",\r\n        \"failoverPriority\": 0\r\n      }\r\n    ],\r\n    \"cors\": [],\r\n    \"capabilities\": [\r\n      {\r\n        \"name\": \"EnableMongo\"\r\n      },\r\n      {\r\n        \"name\": \"EnableMongoRoleBasedAccessControl\"\r\n      }\r\n    ],\r\n    \"ipRules\": [],\r\n    \"backupPolicy\": {\r\n      \"type\": \"Periodic\",\r\n      \"periodicModeProperties\": {\r\n        \"backupIntervalInMinutes\": 240,\r\n        \"backupRetentionIntervalInHours\": 8,\r\n        \"backupStorageRedundancy\": \"Invalid\"\r\n      }\r\n    },\r\n    \"networkAclBypassResourceIds\": [],\r\n    \"diagnosticLogSettings\": {\r\n      \"enableFullTextQuery\": \"None\"\r\n    },\r\n    \"keysMetadata\": {\r\n      \"primaryMasterKey\": {\r\n        \"generationTime\": \"2023-04-13T11:12:08.2746778Z\"\r\n      },\r\n      \"secondaryMasterKey\": {\r\n        \"generationTime\": \"2023-04-13T11:12:08.2746778Z\"\r\n      },\r\n      \"primaryReadonlyMasterKey\": {\r\n        \"generationTime\": \"2023-04-13T11:12:08.2746778Z\"\r\n      },\r\n      \"secondaryReadonlyMasterKey\": {\r\n        \"generationTime\": \"2023-04-13T11:12:08.2746778Z\"\r\n      }\r\n    }\r\n  },\r\n  \"identity\": {\r\n    \"type\": \"None\"\r\n  }\r\n}",
      "StatusCode": 200
    },
    {
      "RequestUri": "/subscriptions/12053b8f-cab5-4f5c-9c1a-870580142abd/providers/Microsoft.DocumentDB/locations/eastus/operationsStatus/8e296bdf-0138-463f-a73a-4cf28916f4a4?api-version=2022-11-15-preview",
      "EncodedRequestUri": "L3N1YnNjcmlwdGlvbnMvMTIwNTNiOGYtY2FiNS00ZjVjLTljMWEtODcwNTgwMTQyYWJkL3Byb3ZpZGVycy9NaWNyb3NvZnQuRG9jdW1lbnREQi9sb2NhdGlvbnMvZWFzdHVzL29wZXJhdGlvbnNTdGF0dXMvOGUyOTZiZGYtMDEzOC00NjNmLWE3M2EtNGNmMjg5MTZmNGE0P2FwaS12ZXJzaW9uPTIwMjItMTEtMTUtcHJldmlldw==",
      "RequestMethod": "GET",
      "RequestHeaders": {
        "x-ms-client-request-id": [
          "923944df-6f2c-49f7-a849-8ef805b90da7"
        ],
        "User-Agent": [
          "FxVersion/4.700.22.55902",
          "OSName/Windows",
          "OSVersion/Microsoft.Windows.10.0.22621",
          "Microsoft.Azure.Management.CosmosDB.CosmosDBManagementClient/1.9.1"
        ]
      },
      "RequestBody": "",
      "ResponseHeaders": {
        "Cache-Control": [
          "no-store, no-cache"
        ],
        "Pragma": [
          "no-cache"
        ],
        "Strict-Transport-Security": [
          "max-age=31536000; includeSubDomains"
        ],
        "x-ms-gatewayversion": [
          "version=2.14.0"
        ],
        "Server": [
          "Microsoft-HTTPAPI/2.0"
        ],
        "x-ms-ratelimit-remaining-subscription-reads": [
          "11983"
        ],
        "x-ms-request-id": [
          "74a7b3dd-e028-48cb-9263-d2129550775e"
        ],
        "x-ms-correlation-request-id": [
          "74a7b3dd-e028-48cb-9263-d2129550775e"
        ],
        "x-ms-routing-request-id": [
          "EASTUS:20230413T111239Z:74a7b3dd-e028-48cb-9263-d2129550775e"
        ],
        "X-Content-Type-Options": [
          "nosniff"
        ],
        "Date": [
          "Thu, 13 Apr 2023 11:12:39 GMT"
        ],
        "Content-Length": [
          "21"
        ],
        "Content-Type": [
          "application/json"
        ]
      },
      "ResponseBody": "{\r\n  \"status\": \"Dequeued\"\r\n}",
      "StatusCode": 200
    },
    {
      "RequestUri": "/subscriptions/12053b8f-cab5-4f5c-9c1a-870580142abd/providers/Microsoft.DocumentDB/locations/eastus/operationsStatus/8e296bdf-0138-463f-a73a-4cf28916f4a4?api-version=2022-11-15-preview",
      "EncodedRequestUri": "L3N1YnNjcmlwdGlvbnMvMTIwNTNiOGYtY2FiNS00ZjVjLTljMWEtODcwNTgwMTQyYWJkL3Byb3ZpZGVycy9NaWNyb3NvZnQuRG9jdW1lbnREQi9sb2NhdGlvbnMvZWFzdHVzL29wZXJhdGlvbnNTdGF0dXMvOGUyOTZiZGYtMDEzOC00NjNmLWE3M2EtNGNmMjg5MTZmNGE0P2FwaS12ZXJzaW9uPTIwMjItMTEtMTUtcHJldmlldw==",
      "RequestMethod": "GET",
      "RequestHeaders": {
        "x-ms-client-request-id": [
          "923944df-6f2c-49f7-a849-8ef805b90da7"
        ],
        "User-Agent": [
          "FxVersion/4.700.22.55902",
          "OSName/Windows",
          "OSVersion/Microsoft.Windows.10.0.22621",
          "Microsoft.Azure.Management.CosmosDB.CosmosDBManagementClient/1.9.1"
        ]
      },
      "RequestBody": "",
      "ResponseHeaders": {
        "Cache-Control": [
          "no-store, no-cache"
        ],
        "Pragma": [
          "no-cache"
        ],
        "Strict-Transport-Security": [
          "max-age=31536000; includeSubDomains"
        ],
        "x-ms-gatewayversion": [
          "version=2.14.0"
        ],
        "Server": [
          "Microsoft-HTTPAPI/2.0"
        ],
        "x-ms-ratelimit-remaining-subscription-reads": [
          "11982"
        ],
        "x-ms-request-id": [
          "10dbc58c-e295-4f98-bc22-b4b7bc86e98c"
        ],
        "x-ms-correlation-request-id": [
          "10dbc58c-e295-4f98-bc22-b4b7bc86e98c"
        ],
        "x-ms-routing-request-id": [
          "EASTUS:20230413T111309Z:10dbc58c-e295-4f98-bc22-b4b7bc86e98c"
        ],
        "X-Content-Type-Options": [
          "nosniff"
        ],
        "Date": [
          "Thu, 13 Apr 2023 11:13:09 GMT"
        ],
        "Content-Length": [
          "21"
        ],
        "Content-Type": [
          "application/json"
        ]
      },
      "ResponseBody": "{\r\n  \"status\": \"Dequeued\"\r\n}",
      "StatusCode": 200
    },
    {
      "RequestUri": "/subscriptions/12053b8f-cab5-4f5c-9c1a-870580142abd/providers/Microsoft.DocumentDB/locations/eastus/operationsStatus/8e296bdf-0138-463f-a73a-4cf28916f4a4?api-version=2022-11-15-preview",
      "EncodedRequestUri": "L3N1YnNjcmlwdGlvbnMvMTIwNTNiOGYtY2FiNS00ZjVjLTljMWEtODcwNTgwMTQyYWJkL3Byb3ZpZGVycy9NaWNyb3NvZnQuRG9jdW1lbnREQi9sb2NhdGlvbnMvZWFzdHVzL29wZXJhdGlvbnNTdGF0dXMvOGUyOTZiZGYtMDEzOC00NjNmLWE3M2EtNGNmMjg5MTZmNGE0P2FwaS12ZXJzaW9uPTIwMjItMTEtMTUtcHJldmlldw==",
      "RequestMethod": "GET",
      "RequestHeaders": {
        "x-ms-client-request-id": [
          "923944df-6f2c-49f7-a849-8ef805b90da7"
        ],
        "User-Agent": [
          "FxVersion/4.700.22.55902",
          "OSName/Windows",
          "OSVersion/Microsoft.Windows.10.0.22621",
          "Microsoft.Azure.Management.CosmosDB.CosmosDBManagementClient/1.9.1"
        ]
      },
      "RequestBody": "",
      "ResponseHeaders": {
        "Cache-Control": [
          "no-store, no-cache"
        ],
        "Pragma": [
          "no-cache"
        ],
        "Strict-Transport-Security": [
          "max-age=31536000; includeSubDomains"
        ],
        "x-ms-gatewayversion": [
          "version=2.14.0"
        ],
        "Server": [
          "Microsoft-HTTPAPI/2.0"
        ],
        "x-ms-ratelimit-remaining-subscription-reads": [
          "11981"
        ],
        "x-ms-request-id": [
          "f8858202-9912-40f9-b943-1495300fd74b"
        ],
        "x-ms-correlation-request-id": [
          "f8858202-9912-40f9-b943-1495300fd74b"
        ],
        "x-ms-routing-request-id": [
          "EASTUS:20230413T111339Z:f8858202-9912-40f9-b943-1495300fd74b"
        ],
        "X-Content-Type-Options": [
          "nosniff"
        ],
        "Date": [
          "Thu, 13 Apr 2023 11:13:39 GMT"
        ],
        "Content-Length": [
          "21"
        ],
        "Content-Type": [
          "application/json"
        ]
      },
      "ResponseBody": "{\r\n  \"status\": \"Dequeued\"\r\n}",
      "StatusCode": 200
    },
    {
      "RequestUri": "/subscriptions/12053b8f-cab5-4f5c-9c1a-870580142abd/providers/Microsoft.DocumentDB/locations/eastus/operationsStatus/8e296bdf-0138-463f-a73a-4cf28916f4a4?api-version=2022-11-15-preview",
      "EncodedRequestUri": "L3N1YnNjcmlwdGlvbnMvMTIwNTNiOGYtY2FiNS00ZjVjLTljMWEtODcwNTgwMTQyYWJkL3Byb3ZpZGVycy9NaWNyb3NvZnQuRG9jdW1lbnREQi9sb2NhdGlvbnMvZWFzdHVzL29wZXJhdGlvbnNTdGF0dXMvOGUyOTZiZGYtMDEzOC00NjNmLWE3M2EtNGNmMjg5MTZmNGE0P2FwaS12ZXJzaW9uPTIwMjItMTEtMTUtcHJldmlldw==",
      "RequestMethod": "GET",
      "RequestHeaders": {
        "x-ms-client-request-id": [
          "923944df-6f2c-49f7-a849-8ef805b90da7"
        ],
        "User-Agent": [
          "FxVersion/4.700.22.55902",
          "OSName/Windows",
          "OSVersion/Microsoft.Windows.10.0.22621",
          "Microsoft.Azure.Management.CosmosDB.CosmosDBManagementClient/1.9.1"
        ]
      },
      "RequestBody": "",
      "ResponseHeaders": {
        "Cache-Control": [
          "no-store, no-cache"
        ],
        "Pragma": [
          "no-cache"
        ],
        "Strict-Transport-Security": [
          "max-age=31536000; includeSubDomains"
        ],
        "x-ms-gatewayversion": [
          "version=2.14.0"
        ],
        "Server": [
          "Microsoft-HTTPAPI/2.0"
        ],
        "x-ms-ratelimit-remaining-subscription-reads": [
          "11980"
        ],
        "x-ms-request-id": [
          "af561469-112b-4ad5-b66f-ff3e4ec6d70d"
        ],
        "x-ms-correlation-request-id": [
          "af561469-112b-4ad5-b66f-ff3e4ec6d70d"
        ],
        "x-ms-routing-request-id": [
          "EASTUS:20230413T111410Z:af561469-112b-4ad5-b66f-ff3e4ec6d70d"
        ],
        "X-Content-Type-Options": [
          "nosniff"
        ],
        "Date": [
          "Thu, 13 Apr 2023 11:14:10 GMT"
        ],
        "Content-Length": [
          "21"
        ],
        "Content-Type": [
          "application/json"
        ]
      },
      "ResponseBody": "{\r\n  \"status\": \"Dequeued\"\r\n}",
      "StatusCode": 200
    },
    {
      "RequestUri": "/subscriptions/12053b8f-cab5-4f5c-9c1a-870580142abd/providers/Microsoft.DocumentDB/locations/eastus/operationsStatus/8e296bdf-0138-463f-a73a-4cf28916f4a4?api-version=2022-11-15-preview",
      "EncodedRequestUri": "L3N1YnNjcmlwdGlvbnMvMTIwNTNiOGYtY2FiNS00ZjVjLTljMWEtODcwNTgwMTQyYWJkL3Byb3ZpZGVycy9NaWNyb3NvZnQuRG9jdW1lbnREQi9sb2NhdGlvbnMvZWFzdHVzL29wZXJhdGlvbnNTdGF0dXMvOGUyOTZiZGYtMDEzOC00NjNmLWE3M2EtNGNmMjg5MTZmNGE0P2FwaS12ZXJzaW9uPTIwMjItMTEtMTUtcHJldmlldw==",
      "RequestMethod": "GET",
      "RequestHeaders": {
        "x-ms-client-request-id": [
          "923944df-6f2c-49f7-a849-8ef805b90da7"
        ],
        "User-Agent": [
          "FxVersion/4.700.22.55902",
          "OSName/Windows",
          "OSVersion/Microsoft.Windows.10.0.22621",
          "Microsoft.Azure.Management.CosmosDB.CosmosDBManagementClient/1.9.1"
        ]
      },
      "RequestBody": "",
      "ResponseHeaders": {
        "Cache-Control": [
          "no-store, no-cache"
        ],
        "Pragma": [
          "no-cache"
        ],
        "Strict-Transport-Security": [
          "max-age=31536000; includeSubDomains"
        ],
        "x-ms-gatewayversion": [
          "version=2.14.0"
        ],
        "Server": [
          "Microsoft-HTTPAPI/2.0"
        ],
        "x-ms-ratelimit-remaining-subscription-reads": [
          "11979"
        ],
        "x-ms-request-id": [
          "ff90bfe9-00d9-430c-9d20-ce6781d2c302"
        ],
        "x-ms-correlation-request-id": [
          "ff90bfe9-00d9-430c-9d20-ce6781d2c302"
        ],
        "x-ms-routing-request-id": [
          "EASTUS:20230413T111440Z:ff90bfe9-00d9-430c-9d20-ce6781d2c302"
        ],
        "X-Content-Type-Options": [
          "nosniff"
        ],
        "Date": [
          "Thu, 13 Apr 2023 11:14:40 GMT"
        ],
        "Content-Length": [
          "21"
        ],
        "Content-Type": [
          "application/json"
        ]
      },
      "ResponseBody": "{\r\n  \"status\": \"Dequeued\"\r\n}",
      "StatusCode": 200
    },
    {
      "RequestUri": "/subscriptions/12053b8f-cab5-4f5c-9c1a-870580142abd/providers/Microsoft.DocumentDB/locations/eastus/operationsStatus/8e296bdf-0138-463f-a73a-4cf28916f4a4?api-version=2022-11-15-preview",
      "EncodedRequestUri": "L3N1YnNjcmlwdGlvbnMvMTIwNTNiOGYtY2FiNS00ZjVjLTljMWEtODcwNTgwMTQyYWJkL3Byb3ZpZGVycy9NaWNyb3NvZnQuRG9jdW1lbnREQi9sb2NhdGlvbnMvZWFzdHVzL29wZXJhdGlvbnNTdGF0dXMvOGUyOTZiZGYtMDEzOC00NjNmLWE3M2EtNGNmMjg5MTZmNGE0P2FwaS12ZXJzaW9uPTIwMjItMTEtMTUtcHJldmlldw==",
      "RequestMethod": "GET",
      "RequestHeaders": {
        "x-ms-client-request-id": [
          "923944df-6f2c-49f7-a849-8ef805b90da7"
        ],
        "User-Agent": [
          "FxVersion/4.700.22.55902",
          "OSName/Windows",
          "OSVersion/Microsoft.Windows.10.0.22621",
          "Microsoft.Azure.Management.CosmosDB.CosmosDBManagementClient/1.9.1"
        ]
      },
      "RequestBody": "",
      "ResponseHeaders": {
        "Cache-Control": [
          "no-store, no-cache"
        ],
        "Pragma": [
          "no-cache"
        ],
        "Strict-Transport-Security": [
          "max-age=31536000; includeSubDomains"
        ],
        "x-ms-gatewayversion": [
          "version=2.14.0"
        ],
        "Server": [
          "Microsoft-HTTPAPI/2.0"
        ],
        "x-ms-ratelimit-remaining-subscription-reads": [
          "11978"
        ],
        "x-ms-request-id": [
          "89b6d6c5-2973-4eab-b9b9-26af621b694b"
        ],
        "x-ms-correlation-request-id": [
          "89b6d6c5-2973-4eab-b9b9-26af621b694b"
        ],
        "x-ms-routing-request-id": [
          "EASTUS:20230413T111510Z:89b6d6c5-2973-4eab-b9b9-26af621b694b"
        ],
        "X-Content-Type-Options": [
          "nosniff"
        ],
        "Date": [
          "Thu, 13 Apr 2023 11:15:10 GMT"
        ],
        "Content-Length": [
          "22"
        ],
        "Content-Type": [
          "application/json"
        ]
      },
      "ResponseBody": "{\r\n  \"status\": \"Succeeded\"\r\n}",
      "StatusCode": 200
    },
    {
      "RequestUri": "/subscriptions/12053b8f-cab5-4f5c-9c1a-870580142abd/resourceGroups/mongorbactest-4414/providers/Microsoft.DocumentDB/databaseAccounts/mongo-db0004414/mongodbDatabases/dbName?api-version=2022-11-15-preview",
      "EncodedRequestUri": "L3N1YnNjcmlwdGlvbnMvMTIwNTNiOGYtY2FiNS00ZjVjLTljMWEtODcwNTgwMTQyYWJkL3Jlc291cmNlR3JvdXBzL21vbmdvcmJhY3Rlc3QtNDQxNC9wcm92aWRlcnMvTWljcm9zb2Z0LkRvY3VtZW50REIvZGF0YWJhc2VBY2NvdW50cy9tb25nby1kYjAwMDQ0MTQvbW9uZ29kYkRhdGFiYXNlcy9kYk5hbWU/YXBpLXZlcnNpb249MjAyMi0xMS0xNS1wcmV2aWV3",
      "RequestMethod": "GET",
      "RequestHeaders": {
        "x-ms-client-request-id": [
          "88359c7e-add5-4391-b6be-92752f7365c1"
        ],
        "Accept-Language": [
          "en-US"
        ],
        "User-Agent": [
          "FxVersion/4.700.22.55902",
          "OSName/Windows",
          "OSVersion/Microsoft.Windows.10.0.22621",
          "Microsoft.Azure.Management.CosmosDB.CosmosDBManagementClient/1.9.1"
        ]
      },
      "RequestBody": "",
      "ResponseHeaders": {
        "Cache-Control": [
          "no-store, no-cache"
        ],
        "Pragma": [
          "no-cache"
        ],
        "Strict-Transport-Security": [
          "max-age=31536000; includeSubDomains"
        ],
        "x-ms-gatewayversion": [
          "version=2.14.0"
        ],
        "Server": [
          "Microsoft-HTTPAPI/2.0"
        ],
        "x-ms-ratelimit-remaining-subscription-reads": [
          "11961"
        ],
        "x-ms-request-id": [
          "149433e3-9206-4eb4-8016-07057a655b54"
        ],
        "x-ms-correlation-request-id": [
          "149433e3-9206-4eb4-8016-07057a655b54"
        ],
        "x-ms-routing-request-id": [
          "EASTUS:20230413T111510Z:149433e3-9206-4eb4-8016-07057a655b54"
        ],
        "X-Content-Type-Options": [
          "nosniff"
        ],
        "Date": [
          "Thu, 13 Apr 2023 11:15:09 GMT"
        ],
        "Content-Length": [
          "159"
        ],
        "Content-Type": [
          "application/json"
        ]
      },
      "ResponseBody": "{\r\n  \"code\": \"NotFound\",\r\n  \"message\": \"the database dbName doesn't exist.\\r\\nActivityId: 88359c7e-add5-4391-b6be-92752f7365c1, Microsoft.Azure.Documents.Common/2.14.0\"\r\n}",
      "StatusCode": 404
    },
    {
      "RequestUri": "/subscriptions/12053b8f-cab5-4f5c-9c1a-870580142abd/resourceGroups/mongorbactest-4414/providers/Microsoft.DocumentDB/databaseAccounts/mongo-db0004414/mongodbDatabases/dbName?api-version=2022-11-15-preview",
      "EncodedRequestUri": "L3N1YnNjcmlwdGlvbnMvMTIwNTNiOGYtY2FiNS00ZjVjLTljMWEtODcwNTgwMTQyYWJkL3Jlc291cmNlR3JvdXBzL21vbmdvcmJhY3Rlc3QtNDQxNC9wcm92aWRlcnMvTWljcm9zb2Z0LkRvY3VtZW50REIvZGF0YWJhc2VBY2NvdW50cy9tb25nby1kYjAwMDQ0MTQvbW9uZ29kYkRhdGFiYXNlcy9kYk5hbWU/YXBpLXZlcnNpb249MjAyMi0xMS0xNS1wcmV2aWV3",
      "RequestMethod": "GET",
      "RequestHeaders": {
        "x-ms-client-request-id": [
          "88359c7e-add5-4391-b6be-92752f7365c1"
        ],
        "User-Agent": [
          "FxVersion/4.700.22.55902",
          "OSName/Windows",
          "OSVersion/Microsoft.Windows.10.0.22621",
          "Microsoft.Azure.Management.CosmosDB.CosmosDBManagementClient/1.9.1"
        ]
      },
      "RequestBody": "",
      "ResponseHeaders": {
        "Cache-Control": [
          "no-store, no-cache"
        ],
        "Pragma": [
          "no-cache"
        ],
        "Strict-Transport-Security": [
          "max-age=31536000; includeSubDomains"
        ],
        "x-ms-gatewayversion": [
          "version=2.14.0"
        ],
        "Server": [
          "Microsoft-HTTPAPI/2.0"
        ],
        "x-ms-ratelimit-remaining-subscription-reads": [
          "11959"
        ],
        "x-ms-request-id": [
          "457975c4-4ef7-44de-a23c-06220d83547d"
        ],
        "x-ms-correlation-request-id": [
          "457975c4-4ef7-44de-a23c-06220d83547d"
        ],
        "x-ms-routing-request-id": [
          "EASTUS:20230413T111541Z:457975c4-4ef7-44de-a23c-06220d83547d"
        ],
        "X-Content-Type-Options": [
          "nosniff"
        ],
        "Date": [
          "Thu, 13 Apr 2023 11:15:41 GMT"
        ],
        "Content-Length": [
          "304"
        ],
        "Content-Type": [
          "application/json"
        ]
      },
      "ResponseBody": "{\r\n  \"id\": \"/subscriptions/12053b8f-cab5-4f5c-9c1a-870580142abd/resourceGroups/mongorbactest-4414/providers/Microsoft.DocumentDB/databaseAccounts/mongo-db0004414/mongodbDatabases/dbName\",\r\n  \"type\": \"Microsoft.DocumentDB/databaseAccounts/mongodbDatabases\",\r\n  \"name\": \"dbName\",\r\n  \"properties\": {\r\n    \"resource\": {\r\n      \"id\": \"dbName\"\r\n    }\r\n  }\r\n}",
      "StatusCode": 200
    },
    {
      "RequestUri": "/subscriptions/12053b8f-cab5-4f5c-9c1a-870580142abd/resourceGroups/mongorbactest-4414/providers/Microsoft.DocumentDB/databaseAccounts/mongo-db0004414/mongodbDatabases/dbName?api-version=2022-11-15-preview",
      "EncodedRequestUri": "L3N1YnNjcmlwdGlvbnMvMTIwNTNiOGYtY2FiNS00ZjVjLTljMWEtODcwNTgwMTQyYWJkL3Jlc291cmNlR3JvdXBzL21vbmdvcmJhY3Rlc3QtNDQxNC9wcm92aWRlcnMvTWljcm9zb2Z0LkRvY3VtZW50REIvZGF0YWJhc2VBY2NvdW50cy9tb25nby1kYjAwMDQ0MTQvbW9uZ29kYkRhdGFiYXNlcy9kYk5hbWU/YXBpLXZlcnNpb249MjAyMi0xMS0xNS1wcmV2aWV3",
      "RequestMethod": "PUT",
      "RequestHeaders": {
        "x-ms-client-request-id": [
          "88359c7e-add5-4391-b6be-92752f7365c1"
        ],
        "Accept-Language": [
          "en-US"
        ],
        "User-Agent": [
          "FxVersion/4.700.22.55902",
          "OSName/Windows",
          "OSVersion/Microsoft.Windows.10.0.22621",
          "Microsoft.Azure.Management.CosmosDB.CosmosDBManagementClient/1.9.1"
        ],
        "Content-Type": [
          "application/json; charset=utf-8"
        ],
        "Content-Length": [
          "96"
        ]
      },
      "RequestBody": "{\r\n  \"properties\": {\r\n    \"resource\": {\r\n      \"id\": \"dbName\"\r\n    },\r\n    \"options\": {}\r\n  }\r\n}",
      "ResponseHeaders": {
        "Cache-Control": [
          "no-store, no-cache"
        ],
        "Pragma": [
          "no-cache"
        ],
        "Location": [
          "https://management.azure.com/subscriptions/12053b8f-cab5-4f5c-9c1a-870580142abd/resourceGroups/mongorbactest-4414/providers/Microsoft.DocumentDB/databaseAccounts/mongo-db0004414/mongodbDatabases/dbName/operationResults/437a8a0d-5d6d-4c05-abd3-7e12a7699842?api-version=2022-11-15-preview"
        ],
        "Azure-AsyncOperation": [
          "https://management.azure.com/subscriptions/12053b8f-cab5-4f5c-9c1a-870580142abd/providers/Microsoft.DocumentDB/locations/eastus/operationsStatus/437a8a0d-5d6d-4c05-abd3-7e12a7699842?api-version=2022-11-15-preview"
        ],
        "x-ms-request-id": [
          "437a8a0d-5d6d-4c05-abd3-7e12a7699842"
        ],
        "Strict-Transport-Security": [
          "max-age=31536000; includeSubDomains"
        ],
        "x-ms-gatewayversion": [
          "version=2.14.0"
        ],
        "Server": [
          "Microsoft-HTTPAPI/2.0"
        ],
        "x-ms-ratelimit-remaining-subscription-writes": [
          "1196"
        ],
        "x-ms-correlation-request-id": [
          "7d0ec5d9-87bf-4b91-a61f-03760d09c038"
        ],
        "x-ms-routing-request-id": [
          "EASTUS:20230413T111511Z:7d0ec5d9-87bf-4b91-a61f-03760d09c038"
        ],
        "X-Content-Type-Options": [
          "nosniff"
        ],
        "Date": [
          "Thu, 13 Apr 2023 11:15:10 GMT"
        ],
        "Content-Length": [
          "21"
        ],
        "Content-Type": [
          "application/json"
        ]
      },
      "ResponseBody": "{\r\n  \"status\": \"Enqueued\"\r\n}",
      "StatusCode": 202
    },
    {
      "RequestUri": "/subscriptions/12053b8f-cab5-4f5c-9c1a-870580142abd/providers/Microsoft.DocumentDB/locations/eastus/operationsStatus/437a8a0d-5d6d-4c05-abd3-7e12a7699842?api-version=2022-11-15-preview",
      "EncodedRequestUri": "L3N1YnNjcmlwdGlvbnMvMTIwNTNiOGYtY2FiNS00ZjVjLTljMWEtODcwNTgwMTQyYWJkL3Byb3ZpZGVycy9NaWNyb3NvZnQuRG9jdW1lbnREQi9sb2NhdGlvbnMvZWFzdHVzL29wZXJhdGlvbnNTdGF0dXMvNDM3YThhMGQtNWQ2ZC00YzA1LWFiZDMtN2UxMmE3Njk5ODQyP2FwaS12ZXJzaW9uPTIwMjItMTEtMTUtcHJldmlldw==",
      "RequestMethod": "GET",
      "RequestHeaders": {
        "x-ms-client-request-id": [
          "88359c7e-add5-4391-b6be-92752f7365c1"
        ],
        "User-Agent": [
          "FxVersion/4.700.22.55902",
          "OSName/Windows",
          "OSVersion/Microsoft.Windows.10.0.22621",
          "Microsoft.Azure.Management.CosmosDB.CosmosDBManagementClient/1.9.1"
        ]
      },
      "RequestBody": "",
      "ResponseHeaders": {
        "Cache-Control": [
          "no-store, no-cache"
        ],
        "Pragma": [
          "no-cache"
        ],
        "Strict-Transport-Security": [
          "max-age=31536000; includeSubDomains"
        ],
        "x-ms-gatewayversion": [
          "version=2.14.0"
        ],
        "Server": [
          "Microsoft-HTTPAPI/2.0"
        ],
        "x-ms-ratelimit-remaining-subscription-reads": [
          "11960"
        ],
        "x-ms-request-id": [
          "184470a2-d23c-4bcd-8f08-8ea2cc96f3cc"
        ],
        "x-ms-correlation-request-id": [
          "184470a2-d23c-4bcd-8f08-8ea2cc96f3cc"
        ],
        "x-ms-routing-request-id": [
          "EASTUS:20230413T111541Z:184470a2-d23c-4bcd-8f08-8ea2cc96f3cc"
        ],
        "X-Content-Type-Options": [
          "nosniff"
        ],
        "Date": [
          "Thu, 13 Apr 2023 11:15:40 GMT"
        ],
        "Content-Length": [
          "22"
        ],
        "Content-Type": [
          "application/json"
        ]
      },
      "ResponseBody": "{\r\n  \"status\": \"Succeeded\"\r\n}",
      "StatusCode": 200
    },
    {
      "RequestUri": "/subscriptions/12053b8f-cab5-4f5c-9c1a-870580142abd/resourceGroups/mongorbactest-4414/providers/Microsoft.DocumentDB/databaseAccounts/mongo-db0004414/mongodbDatabases/dbName/collections/collection1?api-version=2022-11-15-preview",
      "EncodedRequestUri": "L3N1YnNjcmlwdGlvbnMvMTIwNTNiOGYtY2FiNS00ZjVjLTljMWEtODcwNTgwMTQyYWJkL3Jlc291cmNlR3JvdXBzL21vbmdvcmJhY3Rlc3QtNDQxNC9wcm92aWRlcnMvTWljcm9zb2Z0LkRvY3VtZW50REIvZGF0YWJhc2VBY2NvdW50cy9tb25nby1kYjAwMDQ0MTQvbW9uZ29kYkRhdGFiYXNlcy9kYk5hbWUvY29sbGVjdGlvbnMvY29sbGVjdGlvbjE/YXBpLXZlcnNpb249MjAyMi0xMS0xNS1wcmV2aWV3",
      "RequestMethod": "GET",
      "RequestHeaders": {
        "x-ms-client-request-id": [
          "9c7d3daf-aade-45f3-bfca-c3200dad5517"
        ],
        "Accept-Language": [
          "en-US"
        ],
        "User-Agent": [
          "FxVersion/4.700.22.55902",
          "OSName/Windows",
          "OSVersion/Microsoft.Windows.10.0.22621",
          "Microsoft.Azure.Management.CosmosDB.CosmosDBManagementClient/1.9.1"
        ]
      },
      "RequestBody": "",
      "ResponseHeaders": {
        "Cache-Control": [
          "no-store, no-cache"
        ],
        "Pragma": [
          "no-cache"
        ],
        "Strict-Transport-Security": [
          "max-age=31536000; includeSubDomains"
        ],
        "x-ms-gatewayversion": [
          "version=2.14.0"
        ],
        "Server": [
          "Microsoft-HTTPAPI/2.0"
        ],
        "x-ms-ratelimit-remaining-subscription-reads": [
          "11995"
        ],
        "x-ms-request-id": [
          "89c86866-62d0-43f9-b1f3-859e04d8801b"
        ],
        "x-ms-correlation-request-id": [
          "89c86866-62d0-43f9-b1f3-859e04d8801b"
        ],
        "x-ms-routing-request-id": [
          "EASTUS:20230413T111541Z:89c86866-62d0-43f9-b1f3-859e04d8801b"
        ],
        "X-Content-Type-Options": [
          "nosniff"
        ],
        "Date": [
          "Thu, 13 Apr 2023 11:15:41 GMT"
        ],
        "Content-Length": [
          "177"
        ],
        "Content-Type": [
          "application/json"
        ]
      },
      "ResponseBody": "{\r\n  \"code\": \"NotFound\",\r\n  \"message\": \"The collection 'dbName'.'collection1' doesn't exist.\\r\\nActivityId: 9c7d3daf-aade-45f3-bfca-c3200dad5517, Microsoft.Azure.Documents.Common/2.14.0\"\r\n}",
      "StatusCode": 404
    },
    {
      "RequestUri": "/subscriptions/12053b8f-cab5-4f5c-9c1a-870580142abd/resourceGroups/mongorbactest-4414/providers/Microsoft.DocumentDB/databaseAccounts/mongo-db0004414/mongodbDatabases/dbName/collections/collection1?api-version=2022-11-15-preview",
      "EncodedRequestUri": "L3N1YnNjcmlwdGlvbnMvMTIwNTNiOGYtY2FiNS00ZjVjLTljMWEtODcwNTgwMTQyYWJkL3Jlc291cmNlR3JvdXBzL21vbmdvcmJhY3Rlc3QtNDQxNC9wcm92aWRlcnMvTWljcm9zb2Z0LkRvY3VtZW50REIvZGF0YWJhc2VBY2NvdW50cy9tb25nby1kYjAwMDQ0MTQvbW9uZ29kYkRhdGFiYXNlcy9kYk5hbWUvY29sbGVjdGlvbnMvY29sbGVjdGlvbjE/YXBpLXZlcnNpb249MjAyMi0xMS0xNS1wcmV2aWV3",
      "RequestMethod": "GET",
      "RequestHeaders": {
        "x-ms-client-request-id": [
          "9c7d3daf-aade-45f3-bfca-c3200dad5517"
        ],
        "User-Agent": [
          "FxVersion/4.700.22.55902",
          "OSName/Windows",
          "OSVersion/Microsoft.Windows.10.0.22621",
          "Microsoft.Azure.Management.CosmosDB.CosmosDBManagementClient/1.9.1"
        ]
      },
      "RequestBody": "",
      "ResponseHeaders": {
        "Cache-Control": [
          "no-store, no-cache"
        ],
        "Pragma": [
          "no-cache"
        ],
        "Strict-Transport-Security": [
          "max-age=31536000; includeSubDomains"
        ],
        "x-ms-gatewayversion": [
          "version=2.14.0"
        ],
        "Server": [
          "Microsoft-HTTPAPI/2.0"
        ],
        "x-ms-ratelimit-remaining-subscription-reads": [
          "11993"
        ],
        "x-ms-request-id": [
          "dfc4a064-9005-44ec-b923-92dbb626582d"
        ],
        "x-ms-correlation-request-id": [
          "dfc4a064-9005-44ec-b923-92dbb626582d"
        ],
        "x-ms-routing-request-id": [
          "EASTUS:20230413T111612Z:dfc4a064-9005-44ec-b923-92dbb626582d"
        ],
        "X-Content-Type-Options": [
          "nosniff"
        ],
        "Date": [
          "Thu, 13 Apr 2023 11:16:12 GMT"
        ],
        "Content-Length": [
          "387"
        ],
        "Content-Type": [
          "application/json"
        ]
      },
      "ResponseBody": "{\r\n  \"id\": \"/subscriptions/12053b8f-cab5-4f5c-9c1a-870580142abd/resourceGroups/mongorbactest-4414/providers/Microsoft.DocumentDB/databaseAccounts/mongo-db0004414/mongodbDatabases/dbName/collections/collection1\",\r\n  \"type\": \"Microsoft.DocumentDB/databaseAccounts/mongodbDatabases/collections\",\r\n  \"name\": \"collection1\",\r\n  \"properties\": {\r\n    \"resource\": {\r\n      \"id\": \"collection1\",\r\n      \"indexes\": [\r\n        {\r\n          \"key\": {\r\n            \"keys\": [\r\n              \"_id\"\r\n            ]\r\n          }\r\n        }\r\n      ]\r\n    }\r\n  }\r\n}",
      "StatusCode": 200
    },
    {
      "RequestUri": "/subscriptions/12053b8f-cab5-4f5c-9c1a-870580142abd/resourceGroups/mongorbactest-4414/providers/Microsoft.DocumentDB/databaseAccounts/mongo-db0004414/mongodbDatabases/dbName/collections/collection1?api-version=2022-11-15-preview",
      "EncodedRequestUri": "L3N1YnNjcmlwdGlvbnMvMTIwNTNiOGYtY2FiNS00ZjVjLTljMWEtODcwNTgwMTQyYWJkL3Jlc291cmNlR3JvdXBzL21vbmdvcmJhY3Rlc3QtNDQxNC9wcm92aWRlcnMvTWljcm9zb2Z0LkRvY3VtZW50REIvZGF0YWJhc2VBY2NvdW50cy9tb25nby1kYjAwMDQ0MTQvbW9uZ29kYkRhdGFiYXNlcy9kYk5hbWUvY29sbGVjdGlvbnMvY29sbGVjdGlvbjE/YXBpLXZlcnNpb249MjAyMi0xMS0xNS1wcmV2aWV3",
      "RequestMethod": "PUT",
      "RequestHeaders": {
        "x-ms-client-request-id": [
          "9c7d3daf-aade-45f3-bfca-c3200dad5517"
        ],
        "Accept-Language": [
          "en-US"
        ],
        "User-Agent": [
          "FxVersion/4.700.22.55902",
          "OSName/Windows",
          "OSVersion/Microsoft.Windows.10.0.22621",
          "Microsoft.Azure.Management.CosmosDB.CosmosDBManagementClient/1.9.1"
        ],
        "Content-Type": [
          "application/json; charset=utf-8"
        ],
        "Content-Length": [
          "101"
        ]
      },
      "RequestBody": "{\r\n  \"properties\": {\r\n    \"resource\": {\r\n      \"id\": \"collection1\"\r\n    },\r\n    \"options\": {}\r\n  }\r\n}",
      "ResponseHeaders": {
        "Cache-Control": [
          "no-store, no-cache"
        ],
        "Pragma": [
          "no-cache"
        ],
        "Location": [
          "https://management.azure.com/subscriptions/12053b8f-cab5-4f5c-9c1a-870580142abd/resourceGroups/mongorbactest-4414/providers/Microsoft.DocumentDB/databaseAccounts/mongo-db0004414/mongodbDatabases/dbName/collections/collection1/operationResults/7482b346-ea0c-4650-bb5f-6531b746d5e1?api-version=2022-11-15-preview"
        ],
        "Azure-AsyncOperation": [
          "https://management.azure.com/subscriptions/12053b8f-cab5-4f5c-9c1a-870580142abd/providers/Microsoft.DocumentDB/locations/eastus/operationsStatus/7482b346-ea0c-4650-bb5f-6531b746d5e1?api-version=2022-11-15-preview"
        ],
        "x-ms-request-id": [
          "7482b346-ea0c-4650-bb5f-6531b746d5e1"
        ],
        "Strict-Transport-Security": [
          "max-age=31536000; includeSubDomains"
        ],
        "x-ms-gatewayversion": [
          "version=2.14.0"
        ],
        "Server": [
          "Microsoft-HTTPAPI/2.0"
        ],
        "x-ms-ratelimit-remaining-subscription-writes": [
          "1199"
        ],
        "x-ms-correlation-request-id": [
          "773e3f4d-ac6a-4d65-80ad-540387ee845b"
        ],
        "x-ms-routing-request-id": [
          "EASTUS:20230413T111542Z:773e3f4d-ac6a-4d65-80ad-540387ee845b"
        ],
        "X-Content-Type-Options": [
          "nosniff"
        ],
        "Date": [
          "Thu, 13 Apr 2023 11:15:42 GMT"
        ],
        "Content-Length": [
          "21"
        ],
        "Content-Type": [
          "application/json"
        ]
      },
      "ResponseBody": "{\r\n  \"status\": \"Enqueued\"\r\n}",
      "StatusCode": 202
    },
    {
      "RequestUri": "/subscriptions/12053b8f-cab5-4f5c-9c1a-870580142abd/providers/Microsoft.DocumentDB/locations/eastus/operationsStatus/7482b346-ea0c-4650-bb5f-6531b746d5e1?api-version=2022-11-15-preview",
      "EncodedRequestUri": "L3N1YnNjcmlwdGlvbnMvMTIwNTNiOGYtY2FiNS00ZjVjLTljMWEtODcwNTgwMTQyYWJkL3Byb3ZpZGVycy9NaWNyb3NvZnQuRG9jdW1lbnREQi9sb2NhdGlvbnMvZWFzdHVzL29wZXJhdGlvbnNTdGF0dXMvNzQ4MmIzNDYtZWEwYy00NjUwLWJiNWYtNjUzMWI3NDZkNWUxP2FwaS12ZXJzaW9uPTIwMjItMTEtMTUtcHJldmlldw==",
      "RequestMethod": "GET",
      "RequestHeaders": {
        "x-ms-client-request-id": [
          "9c7d3daf-aade-45f3-bfca-c3200dad5517"
        ],
        "User-Agent": [
          "FxVersion/4.700.22.55902",
          "OSName/Windows",
          "OSVersion/Microsoft.Windows.10.0.22621",
          "Microsoft.Azure.Management.CosmosDB.CosmosDBManagementClient/1.9.1"
        ]
      },
      "RequestBody": "",
      "ResponseHeaders": {
        "Cache-Control": [
          "no-store, no-cache"
        ],
        "Pragma": [
          "no-cache"
        ],
        "Strict-Transport-Security": [
          "max-age=31536000; includeSubDomains"
        ],
        "x-ms-gatewayversion": [
          "version=2.14.0"
        ],
        "Server": [
          "Microsoft-HTTPAPI/2.0"
        ],
        "x-ms-ratelimit-remaining-subscription-reads": [
          "11994"
        ],
        "x-ms-request-id": [
          "9d16670a-2fc4-4a28-bfc2-dcc40deb0397"
        ],
        "x-ms-correlation-request-id": [
          "9d16670a-2fc4-4a28-bfc2-dcc40deb0397"
        ],
        "x-ms-routing-request-id": [
          "EASTUS:20230413T111612Z:9d16670a-2fc4-4a28-bfc2-dcc40deb0397"
        ],
        "X-Content-Type-Options": [
          "nosniff"
        ],
        "Date": [
          "Thu, 13 Apr 2023 11:16:12 GMT"
        ],
        "Content-Length": [
          "22"
        ],
        "Content-Type": [
          "application/json"
        ]
      },
      "ResponseBody": "{\r\n  \"status\": \"Succeeded\"\r\n}",
      "StatusCode": 200
    },
    {
      "RequestUri": "/subscriptions/12053b8f-cab5-4f5c-9c1a-870580142abd/resourceGroups/mongorbactest-4414/providers/Microsoft.DocumentDB/databaseAccounts/mongo-db0004414/mongodbRoleDefinitions/dbName.mongoPSRole1?api-version=2022-11-15-preview",
      "EncodedRequestUri": "L3N1YnNjcmlwdGlvbnMvMTIwNTNiOGYtY2FiNS00ZjVjLTljMWEtODcwNTgwMTQyYWJkL3Jlc291cmNlR3JvdXBzL21vbmdvcmJhY3Rlc3QtNDQxNC9wcm92aWRlcnMvTWljcm9zb2Z0LkRvY3VtZW50REIvZGF0YWJhc2VBY2NvdW50cy9tb25nby1kYjAwMDQ0MTQvbW9uZ29kYlJvbGVEZWZpbml0aW9ucy9kYk5hbWUubW9uZ29QU1JvbGUxP2FwaS12ZXJzaW9uPTIwMjItMTEtMTUtcHJldmlldw==",
      "RequestMethod": "PUT",
      "RequestHeaders": {
        "x-ms-client-request-id": [
          "1140f211-f185-4900-9656-01c07d564a62"
        ],
        "Accept-Language": [
          "en-US"
        ],
        "User-Agent": [
          "FxVersion/4.700.22.55902",
          "OSName/Windows",
          "OSVersion/Microsoft.Windows.10.0.22621",
          "Microsoft.Azure.Management.CosmosDB.CosmosDBManagementClient/1.9.1"
        ],
        "Content-Type": [
          "application/json; charset=utf-8"
        ],
        "Content-Length": [
          "356"
        ]
      },
      "RequestBody": "{\r\n  \"properties\": {\r\n    \"roleName\": \"mongoPSRole1\",\r\n    \"type\": \"CustomRole\",\r\n    \"databaseName\": \"dbName\",\r\n    \"privileges\": [\r\n      {\r\n        \"resource\": {\r\n          \"db\": \"dbName\",\r\n          \"collection\": \"collection1\"\r\n        },\r\n        \"actions\": [\r\n          \"insert\",\r\n          \"find\"\r\n        ]\r\n      }\r\n    ],\r\n    \"roles\": []\r\n  }\r\n}",
      "ResponseHeaders": {
        "Cache-Control": [
          "no-store, no-cache"
        ],
        "Pragma": [
          "no-cache"
        ],
        "Location": [
          "https://management.azure.com/subscriptions/12053b8f-cab5-4f5c-9c1a-870580142abd/resourceGroups/mongorbactest-4414/providers/Microsoft.DocumentDB/databaseAccounts/mongo-db0004414/mongodbRoleDefinitions/dbName.mongoPSRole1/operationResults/36a54f5b-7bd0-4d4e-a394-2a778e4a7050?api-version=2022-11-15-preview"
        ],
        "Azure-AsyncOperation": [
          "https://management.azure.com/subscriptions/12053b8f-cab5-4f5c-9c1a-870580142abd/providers/Microsoft.DocumentDB/locations/eastus/operationsStatus/36a54f5b-7bd0-4d4e-a394-2a778e4a7050?api-version=2022-11-15-preview"
        ],
        "x-ms-request-id": [
          "36a54f5b-7bd0-4d4e-a394-2a778e4a7050"
        ],
        "Strict-Transport-Security": [
          "max-age=31536000; includeSubDomains"
        ],
        "x-ms-gatewayversion": [
          "version=2.14.0"
        ],
        "Server": [
          "Microsoft-HTTPAPI/2.0"
        ],
        "x-ms-ratelimit-remaining-subscription-writes": [
          "1196"
        ],
        "x-ms-correlation-request-id": [
          "d9f8836c-ccaa-4b7d-9bd1-c1eb951ca0be"
        ],
        "x-ms-routing-request-id": [
          "EASTUS:20230413T111613Z:d9f8836c-ccaa-4b7d-9bd1-c1eb951ca0be"
        ],
        "X-Content-Type-Options": [
          "nosniff"
        ],
        "Date": [
          "Thu, 13 Apr 2023 11:16:12 GMT"
        ],
        "Content-Length": [
          "21"
        ],
        "Content-Type": [
          "application/json"
        ]
      },
      "ResponseBody": "{\r\n  \"status\": \"Enqueued\"\r\n}",
      "StatusCode": 202
    },
    {
      "RequestUri": "/subscriptions/12053b8f-cab5-4f5c-9c1a-870580142abd/resourceGroups/mongorbactest-4414/providers/Microsoft.DocumentDB/databaseAccounts/mongo-db0004414/mongodbRoleDefinitions/dbName.mongoPSRole1?api-version=2022-11-15-preview",
      "EncodedRequestUri": "L3N1YnNjcmlwdGlvbnMvMTIwNTNiOGYtY2FiNS00ZjVjLTljMWEtODcwNTgwMTQyYWJkL3Jlc291cmNlR3JvdXBzL21vbmdvcmJhY3Rlc3QtNDQxNC9wcm92aWRlcnMvTWljcm9zb2Z0LkRvY3VtZW50REIvZGF0YWJhc2VBY2NvdW50cy9tb25nby1kYjAwMDQ0MTQvbW9uZ29kYlJvbGVEZWZpbml0aW9ucy9kYk5hbWUubW9uZ29QU1JvbGUxP2FwaS12ZXJzaW9uPTIwMjItMTEtMTUtcHJldmlldw==",
      "RequestMethod": "PUT",
      "RequestHeaders": {
        "x-ms-client-request-id": [
          "1e13c101-8afd-424e-9198-0fd32f3a9554"
        ],
        "Accept-Language": [
          "en-US"
        ],
        "User-Agent": [
          "FxVersion/4.700.22.55902",
          "OSName/Windows",
          "OSVersion/Microsoft.Windows.10.0.22621",
          "Microsoft.Azure.Management.CosmosDB.CosmosDBManagementClient/1.9.1"
        ],
        "Content-Type": [
          "application/json; charset=utf-8"
        ],
        "Content-Length": [
          "335"
        ]
      },
      "RequestBody": "{\r\n  \"properties\": {\r\n    \"roleName\": \"mongoPSRole1\",\r\n    \"type\": \"CustomRole\",\r\n    \"databaseName\": \"dbName\",\r\n    \"privileges\": [\r\n      {\r\n        \"resource\": {\r\n          \"db\": \"dbName\",\r\n          \"collection\": \"collection1\"\r\n        },\r\n        \"actions\": [\r\n          \"find\"\r\n        ]\r\n      }\r\n    ],\r\n    \"roles\": []\r\n  }\r\n}",
      "ResponseHeaders": {
        "Cache-Control": [
          "no-store, no-cache"
        ],
        "Pragma": [
          "no-cache"
        ],
        "Location": [
          "https://management.azure.com/subscriptions/12053b8f-cab5-4f5c-9c1a-870580142abd/resourceGroups/mongorbactest-4414/providers/Microsoft.DocumentDB/databaseAccounts/mongo-db0004414/mongodbRoleDefinitions/dbName.mongoPSRole1/operationResults/b650fd8b-d4fd-4f17-83ed-3f2fa789ec22?api-version=2022-11-15-preview"
        ],
        "Azure-AsyncOperation": [
          "https://management.azure.com/subscriptions/12053b8f-cab5-4f5c-9c1a-870580142abd/providers/Microsoft.DocumentDB/locations/eastus/operationsStatus/b650fd8b-d4fd-4f17-83ed-3f2fa789ec22?api-version=2022-11-15-preview"
        ],
        "x-ms-request-id": [
          "b650fd8b-d4fd-4f17-83ed-3f2fa789ec22"
        ],
        "Strict-Transport-Security": [
          "max-age=31536000; includeSubDomains"
        ],
        "x-ms-gatewayversion": [
          "version=2.14.0"
        ],
        "Server": [
          "Microsoft-HTTPAPI/2.0"
        ],
        "x-ms-ratelimit-remaining-subscription-writes": [
          "1199"
        ],
        "x-ms-correlation-request-id": [
          "947d4077-6e07-4436-909e-1e87cd8f5da6"
        ],
        "x-ms-routing-request-id": [
          "EASTUS:20230413T111644Z:947d4077-6e07-4436-909e-1e87cd8f5da6"
        ],
        "X-Content-Type-Options": [
          "nosniff"
        ],
        "Date": [
          "Thu, 13 Apr 2023 11:16:43 GMT"
        ],
        "Content-Length": [
          "21"
        ],
        "Content-Type": [
          "application/json"
        ]
      },
      "ResponseBody": "{\r\n  \"status\": \"Enqueued\"\r\n}",
      "StatusCode": 202
    },
    {
      "RequestUri": "/subscriptions/12053b8f-cab5-4f5c-9c1a-870580142abd/providers/Microsoft.DocumentDB/locations/eastus/operationsStatus/36a54f5b-7bd0-4d4e-a394-2a778e4a7050?api-version=2022-11-15-preview",
      "EncodedRequestUri": "L3N1YnNjcmlwdGlvbnMvMTIwNTNiOGYtY2FiNS00ZjVjLTljMWEtODcwNTgwMTQyYWJkL3Byb3ZpZGVycy9NaWNyb3NvZnQuRG9jdW1lbnREQi9sb2NhdGlvbnMvZWFzdHVzL29wZXJhdGlvbnNTdGF0dXMvMzZhNTRmNWItN2JkMC00ZDRlLWEzOTQtMmE3NzhlNGE3MDUwP2FwaS12ZXJzaW9uPTIwMjItMTEtMTUtcHJldmlldw==",
      "RequestMethod": "GET",
      "RequestHeaders": {
        "x-ms-client-request-id": [
          "1140f211-f185-4900-9656-01c07d564a62"
        ],
        "User-Agent": [
          "FxVersion/4.700.22.55902",
          "OSName/Windows",
          "OSVersion/Microsoft.Windows.10.0.22621",
          "Microsoft.Azure.Management.CosmosDB.CosmosDBManagementClient/1.9.1"
        ]
      },
      "RequestBody": "",
      "ResponseHeaders": {
        "Cache-Control": [
          "no-store, no-cache"
        ],
        "Pragma": [
          "no-cache"
        ],
        "Strict-Transport-Security": [
          "max-age=31536000; includeSubDomains"
        ],
        "x-ms-gatewayversion": [
          "version=2.14.0"
        ],
        "Server": [
          "Microsoft-HTTPAPI/2.0"
        ],
        "x-ms-ratelimit-remaining-subscription-reads": [
          "11986"
        ],
        "x-ms-request-id": [
          "b1693221-0add-4ce2-aafc-2270c8d7dfb7"
        ],
        "x-ms-correlation-request-id": [
          "b1693221-0add-4ce2-aafc-2270c8d7dfb7"
        ],
        "x-ms-routing-request-id": [
          "EASTUS:20230413T111643Z:b1693221-0add-4ce2-aafc-2270c8d7dfb7"
        ],
        "X-Content-Type-Options": [
          "nosniff"
        ],
        "Date": [
          "Thu, 13 Apr 2023 11:16:42 GMT"
        ],
        "Content-Length": [
          "22"
        ],
        "Content-Type": [
          "application/json"
        ]
      },
      "ResponseBody": "{\r\n  \"status\": \"Succeeded\"\r\n}",
      "StatusCode": 200
    },
    {
      "RequestUri": "/subscriptions/12053b8f-cab5-4f5c-9c1a-870580142abd/resourceGroups/mongorbactest-4414/providers/Microsoft.DocumentDB/databaseAccounts/mongo-db0004414/mongodbRoleDefinitions/dbName.mongoPSRole1?api-version=2022-11-15-preview",
      "EncodedRequestUri": "L3N1YnNjcmlwdGlvbnMvMTIwNTNiOGYtY2FiNS00ZjVjLTljMWEtODcwNTgwMTQyYWJkL3Jlc291cmNlR3JvdXBzL21vbmdvcmJhY3Rlc3QtNDQxNC9wcm92aWRlcnMvTWljcm9zb2Z0LkRvY3VtZW50REIvZGF0YWJhc2VBY2NvdW50cy9tb25nby1kYjAwMDQ0MTQvbW9uZ29kYlJvbGVEZWZpbml0aW9ucy9kYk5hbWUubW9uZ29QU1JvbGUxP2FwaS12ZXJzaW9uPTIwMjItMTEtMTUtcHJldmlldw==",
      "RequestMethod": "GET",
      "RequestHeaders": {
        "x-ms-client-request-id": [
          "1140f211-f185-4900-9656-01c07d564a62"
        ],
        "User-Agent": [
          "FxVersion/4.700.22.55902",
          "OSName/Windows",
          "OSVersion/Microsoft.Windows.10.0.22621",
          "Microsoft.Azure.Management.CosmosDB.CosmosDBManagementClient/1.9.1"
        ]
      },
      "RequestBody": "",
      "ResponseHeaders": {
        "Cache-Control": [
          "no-store, no-cache"
        ],
        "Pragma": [
          "no-cache"
        ],
        "Strict-Transport-Security": [
          "max-age=31536000; includeSubDomains"
        ],
        "x-ms-gatewayversion": [
          "version=2.14.0"
        ],
        "Server": [
          "Microsoft-HTTPAPI/2.0"
        ],
        "x-ms-ratelimit-remaining-subscription-reads": [
          "11985"
        ],
        "x-ms-request-id": [
          "d1ba1561-a50f-41c4-b064-0ca3507905a9"
        ],
        "x-ms-correlation-request-id": [
          "d1ba1561-a50f-41c4-b064-0ca3507905a9"
        ],
        "x-ms-routing-request-id": [
          "EASTUS:20230413T111643Z:d1ba1561-a50f-41c4-b064-0ca3507905a9"
        ],
        "X-Content-Type-Options": [
          "nosniff"
        ],
        "Date": [
          "Thu, 13 Apr 2023 11:16:42 GMT"
        ],
        "Content-Length": [
          "477"
        ],
        "Content-Type": [
          "application/json"
        ]
      },
      "ResponseBody": "{\r\n  \"id\": \"/subscriptions/12053b8f-cab5-4f5c-9c1a-870580142abd/resourceGroups/mongorbactest-4414/providers/Microsoft.DocumentDB/databaseAccounts/mongo-db0004414/mongodbRoleDefinitions/dbName.mongoPSRole1\",\r\n  \"name\": \"mongoPSRole1\",\r\n  \"properties\": {\r\n    \"roleName\": \"mongoPSRole1\",\r\n    \"type\": 1,\r\n    \"databaseName\": \"dbName\",\r\n    \"privileges\": [\r\n      {\r\n        \"resource\": {\r\n          \"db\": \"dbName\",\r\n          \"collection\": \"collection1\"\r\n        },\r\n        \"actions\": [\r\n          \"insert\",\r\n          \"find\"\r\n        ]\r\n      }\r\n    ],\r\n    \"roles\": []\r\n  },\r\n  \"type\": \"Microsoft.DocumentDB/databaseAccounts/mongodbRoleDefinitions\"\r\n}",
      "StatusCode": 200
    },
    {
      "RequestUri": "/subscriptions/12053b8f-cab5-4f5c-9c1a-870580142abd/resourceGroups/mongorbactest-4414/providers/Microsoft.DocumentDB/databaseAccounts/mongo-db0004414/mongodbRoleDefinitions/dbName.mongoPSRole1?api-version=2022-11-15-preview",
      "EncodedRequestUri": "L3N1YnNjcmlwdGlvbnMvMTIwNTNiOGYtY2FiNS00ZjVjLTljMWEtODcwNTgwMTQyYWJkL3Jlc291cmNlR3JvdXBzL21vbmdvcmJhY3Rlc3QtNDQxNC9wcm92aWRlcnMvTWljcm9zb2Z0LkRvY3VtZW50REIvZGF0YWJhc2VBY2NvdW50cy9tb25nby1kYjAwMDQ0MTQvbW9uZ29kYlJvbGVEZWZpbml0aW9ucy9kYk5hbWUubW9uZ29QU1JvbGUxP2FwaS12ZXJzaW9uPTIwMjItMTEtMTUtcHJldmlldw==",
      "RequestMethod": "GET",
      "RequestHeaders": {
        "x-ms-client-request-id": [
          "d2aa82ca-55c4-42bf-b44f-d0b8e8155539"
        ],
        "Accept-Language": [
          "en-US"
        ],
        "User-Agent": [
          "FxVersion/4.700.22.55902",
          "OSName/Windows",
          "OSVersion/Microsoft.Windows.10.0.22621",
          "Microsoft.Azure.Management.CosmosDB.CosmosDBManagementClient/1.9.1"
        ]
      },
      "RequestBody": "",
      "ResponseHeaders": {
        "Cache-Control": [
          "no-store, no-cache"
        ],
        "Pragma": [
          "no-cache"
        ],
        "Strict-Transport-Security": [
          "max-age=31536000; includeSubDomains"
        ],
        "x-ms-gatewayversion": [
          "version=2.14.0"
        ],
        "Server": [
          "Microsoft-HTTPAPI/2.0"
        ],
        "x-ms-ratelimit-remaining-subscription-reads": [
          "11999"
        ],
        "x-ms-request-id": [
          "00c49607-4f82-4d95-bbf4-c63402b4b469"
        ],
        "x-ms-correlation-request-id": [
          "00c49607-4f82-4d95-bbf4-c63402b4b469"
        ],
        "x-ms-routing-request-id": [
          "EASTUS:20230413T111643Z:00c49607-4f82-4d95-bbf4-c63402b4b469"
        ],
        "X-Content-Type-Options": [
          "nosniff"
        ],
        "Date": [
          "Thu, 13 Apr 2023 11:16:43 GMT"
        ],
        "Content-Length": [
          "477"
        ],
        "Content-Type": [
          "application/json"
        ]
      },
      "ResponseBody": "{\r\n  \"id\": \"/subscriptions/12053b8f-cab5-4f5c-9c1a-870580142abd/resourceGroups/mongorbactest-4414/providers/Microsoft.DocumentDB/databaseAccounts/mongo-db0004414/mongodbRoleDefinitions/dbName.mongoPSRole1\",\r\n  \"name\": \"mongoPSRole1\",\r\n  \"properties\": {\r\n    \"roleName\": \"mongoPSRole1\",\r\n    \"type\": 1,\r\n    \"databaseName\": \"dbName\",\r\n    \"privileges\": [\r\n      {\r\n        \"resource\": {\r\n          \"db\": \"dbName\",\r\n          \"collection\": \"collection1\"\r\n        },\r\n        \"actions\": [\r\n          \"insert\",\r\n          \"find\"\r\n        ]\r\n      }\r\n    ],\r\n    \"roles\": []\r\n  },\r\n  \"type\": \"Microsoft.DocumentDB/databaseAccounts/mongodbRoleDefinitions\"\r\n}",
      "StatusCode": 200
    },
    {
      "RequestUri": "/subscriptions/12053b8f-cab5-4f5c-9c1a-870580142abd/resourceGroups/mongorbactest-4414/providers/Microsoft.DocumentDB/databaseAccounts/mongo-db0004414/mongodbRoleDefinitions/dbName.mongoPSRole1?api-version=2022-11-15-preview",
      "EncodedRequestUri": "L3N1YnNjcmlwdGlvbnMvMTIwNTNiOGYtY2FiNS00ZjVjLTljMWEtODcwNTgwMTQyYWJkL3Jlc291cmNlR3JvdXBzL21vbmdvcmJhY3Rlc3QtNDQxNC9wcm92aWRlcnMvTWljcm9zb2Z0LkRvY3VtZW50REIvZGF0YWJhc2VBY2NvdW50cy9tb25nby1kYjAwMDQ0MTQvbW9uZ29kYlJvbGVEZWZpbml0aW9ucy9kYk5hbWUubW9uZ29QU1JvbGUxP2FwaS12ZXJzaW9uPTIwMjItMTEtMTUtcHJldmlldw==",
      "RequestMethod": "GET",
      "RequestHeaders": {
        "x-ms-client-request-id": [
          "1e13c101-8afd-424e-9198-0fd32f3a9554"
        ],
        "Accept-Language": [
          "en-US"
        ],
        "User-Agent": [
          "FxVersion/4.700.22.55902",
          "OSName/Windows",
          "OSVersion/Microsoft.Windows.10.0.22621",
          "Microsoft.Azure.Management.CosmosDB.CosmosDBManagementClient/1.9.1"
        ]
      },
      "RequestBody": "",
      "ResponseHeaders": {
        "Cache-Control": [
          "no-store, no-cache"
        ],
        "Pragma": [
          "no-cache"
        ],
        "Strict-Transport-Security": [
          "max-age=31536000; includeSubDomains"
        ],
        "x-ms-gatewayversion": [
          "version=2.14.0"
        ],
        "Server": [
          "Microsoft-HTTPAPI/2.0"
        ],
        "x-ms-ratelimit-remaining-subscription-reads": [
          "11999"
        ],
        "x-ms-request-id": [
          "288d740c-cf94-4d47-b05c-e9eafb5c8e55"
        ],
        "x-ms-correlation-request-id": [
          "288d740c-cf94-4d47-b05c-e9eafb5c8e55"
        ],
        "x-ms-routing-request-id": [
          "EASTUS:20230413T111644Z:288d740c-cf94-4d47-b05c-e9eafb5c8e55"
        ],
        "X-Content-Type-Options": [
          "nosniff"
        ],
        "Date": [
          "Thu, 13 Apr 2023 11:16:43 GMT"
        ],
        "Content-Length": [
          "477"
        ],
        "Content-Type": [
          "application/json"
        ]
      },
      "ResponseBody": "{\r\n  \"id\": \"/subscriptions/12053b8f-cab5-4f5c-9c1a-870580142abd/resourceGroups/mongorbactest-4414/providers/Microsoft.DocumentDB/databaseAccounts/mongo-db0004414/mongodbRoleDefinitions/dbName.mongoPSRole1\",\r\n  \"name\": \"mongoPSRole1\",\r\n  \"properties\": {\r\n    \"roleName\": \"mongoPSRole1\",\r\n    \"type\": 1,\r\n    \"databaseName\": \"dbName\",\r\n    \"privileges\": [\r\n      {\r\n        \"resource\": {\r\n          \"db\": \"dbName\",\r\n          \"collection\": \"collection1\"\r\n        },\r\n        \"actions\": [\r\n          \"insert\",\r\n          \"find\"\r\n        ]\r\n      }\r\n    ],\r\n    \"roles\": []\r\n  },\r\n  \"type\": \"Microsoft.DocumentDB/databaseAccounts/mongodbRoleDefinitions\"\r\n}",
      "StatusCode": 200
    },
    {
      "RequestUri": "/subscriptions/12053b8f-cab5-4f5c-9c1a-870580142abd/resourceGroups/mongorbactest-4414/providers/Microsoft.DocumentDB/databaseAccounts/mongo-db0004414/mongodbRoleDefinitions/dbName.mongoPSRole1?api-version=2022-11-15-preview",
      "EncodedRequestUri": "L3N1YnNjcmlwdGlvbnMvMTIwNTNiOGYtY2FiNS00ZjVjLTljMWEtODcwNTgwMTQyYWJkL3Jlc291cmNlR3JvdXBzL21vbmdvcmJhY3Rlc3QtNDQxNC9wcm92aWRlcnMvTWljcm9zb2Z0LkRvY3VtZW50REIvZGF0YWJhc2VBY2NvdW50cy9tb25nby1kYjAwMDQ0MTQvbW9uZ29kYlJvbGVEZWZpbml0aW9ucy9kYk5hbWUubW9uZ29QU1JvbGUxP2FwaS12ZXJzaW9uPTIwMjItMTEtMTUtcHJldmlldw==",
      "RequestMethod": "GET",
      "RequestHeaders": {
        "x-ms-client-request-id": [
          "1e13c101-8afd-424e-9198-0fd32f3a9554"
        ],
        "User-Agent": [
          "FxVersion/4.700.22.55902",
          "OSName/Windows",
          "OSVersion/Microsoft.Windows.10.0.22621",
          "Microsoft.Azure.Management.CosmosDB.CosmosDBManagementClient/1.9.1"
        ]
      },
      "RequestBody": "",
      "ResponseHeaders": {
        "Cache-Control": [
          "no-store, no-cache"
        ],
        "Pragma": [
          "no-cache"
        ],
        "Strict-Transport-Security": [
          "max-age=31536000; includeSubDomains"
        ],
        "x-ms-gatewayversion": [
          "version=2.14.0"
        ],
        "Server": [
          "Microsoft-HTTPAPI/2.0"
        ],
        "x-ms-ratelimit-remaining-subscription-reads": [
          "11997"
        ],
        "x-ms-request-id": [
          "58206e68-2f42-4009-8f63-17e633fabc48"
        ],
        "x-ms-correlation-request-id": [
          "58206e68-2f42-4009-8f63-17e633fabc48"
        ],
        "x-ms-routing-request-id": [
          "EASTUS:20230413T111715Z:58206e68-2f42-4009-8f63-17e633fabc48"
        ],
        "X-Content-Type-Options": [
          "nosniff"
        ],
        "Date": [
          "Thu, 13 Apr 2023 11:17:15 GMT"
        ],
        "Content-Length": [
          "468"
        ],
        "Content-Type": [
          "application/json"
        ]
      },
      "ResponseBody": "{\r\n  \"id\": \"/subscriptions/12053b8f-cab5-4f5c-9c1a-870580142abd/resourceGroups/mongorbactest-4414/providers/Microsoft.DocumentDB/databaseAccounts/mongo-db0004414/mongodbRoleDefinitions/dbName.mongoPSRole1\",\r\n  \"name\": \"mongoPSRole1\",\r\n  \"properties\": {\r\n    \"roleName\": \"mongoPSRole1\",\r\n    \"type\": 1,\r\n    \"databaseName\": \"dbName\",\r\n    \"privileges\": [\r\n      {\r\n        \"resource\": {\r\n          \"db\": \"dbName\",\r\n          \"collection\": \"collection1\"\r\n        },\r\n        \"actions\": [\r\n          \"find\"\r\n        ]\r\n      }\r\n    ],\r\n    \"roles\": []\r\n  },\r\n  \"type\": \"Microsoft.DocumentDB/databaseAccounts/mongodbRoleDefinitions\"\r\n}",
      "StatusCode": 200
    },
    {
      "RequestUri": "/subscriptions/12053b8f-cab5-4f5c-9c1a-870580142abd/providers/Microsoft.DocumentDB/locations/eastus/operationsStatus/b650fd8b-d4fd-4f17-83ed-3f2fa789ec22?api-version=2022-11-15-preview",
      "EncodedRequestUri": "L3N1YnNjcmlwdGlvbnMvMTIwNTNiOGYtY2FiNS00ZjVjLTljMWEtODcwNTgwMTQyYWJkL3Byb3ZpZGVycy9NaWNyb3NvZnQuRG9jdW1lbnREQi9sb2NhdGlvbnMvZWFzdHVzL29wZXJhdGlvbnNTdGF0dXMvYjY1MGZkOGItZDRmZC00ZjE3LTgzZWQtM2YyZmE3ODllYzIyP2FwaS12ZXJzaW9uPTIwMjItMTEtMTUtcHJldmlldw==",
      "RequestMethod": "GET",
      "RequestHeaders": {
        "x-ms-client-request-id": [
          "1e13c101-8afd-424e-9198-0fd32f3a9554"
        ],
        "User-Agent": [
          "FxVersion/4.700.22.55902",
          "OSName/Windows",
          "OSVersion/Microsoft.Windows.10.0.22621",
          "Microsoft.Azure.Management.CosmosDB.CosmosDBManagementClient/1.9.1"
        ]
      },
      "RequestBody": "",
      "ResponseHeaders": {
        "Cache-Control": [
          "no-store, no-cache"
        ],
        "Pragma": [
          "no-cache"
        ],
        "Strict-Transport-Security": [
          "max-age=31536000; includeSubDomains"
        ],
        "x-ms-gatewayversion": [
          "version=2.14.0"
        ],
        "Server": [
          "Microsoft-HTTPAPI/2.0"
        ],
        "x-ms-ratelimit-remaining-subscription-reads": [
          "11998"
        ],
        "x-ms-request-id": [
          "d394fba5-4a51-4b2f-91e4-d7373e1ace9a"
        ],
        "x-ms-correlation-request-id": [
          "d394fba5-4a51-4b2f-91e4-d7373e1ace9a"
        ],
        "x-ms-routing-request-id": [
          "EASTUS:20230413T111714Z:d394fba5-4a51-4b2f-91e4-d7373e1ace9a"
        ],
        "X-Content-Type-Options": [
          "nosniff"
        ],
        "Date": [
          "Thu, 13 Apr 2023 11:17:14 GMT"
        ],
        "Content-Length": [
          "22"
        ],
        "Content-Type": [
          "application/json"
        ]
      },
      "ResponseBody": "{\r\n  \"status\": \"Succeeded\"\r\n}",
      "StatusCode": 200
    },
    {
      "RequestUri": "/subscriptions/12053b8f-cab5-4f5c-9c1a-870580142abd/resourceGroups/mongorbactest-4414/providers/Microsoft.DocumentDB/databaseAccounts/mongo-db0004414/mongodbRoleDefinitions/dbName.mongoPSInheritedRole1?api-version=2022-11-15-preview",
      "EncodedRequestUri": "L3N1YnNjcmlwdGlvbnMvMTIwNTNiOGYtY2FiNS00ZjVjLTljMWEtODcwNTgwMTQyYWJkL3Jlc291cmNlR3JvdXBzL21vbmdvcmJhY3Rlc3QtNDQxNC9wcm92aWRlcnMvTWljcm9zb2Z0LkRvY3VtZW50REIvZGF0YWJhc2VBY2NvdW50cy9tb25nby1kYjAwMDQ0MTQvbW9uZ29kYlJvbGVEZWZpbml0aW9ucy9kYk5hbWUubW9uZ29QU0luaGVyaXRlZFJvbGUxP2FwaS12ZXJzaW9uPTIwMjItMTEtMTUtcHJldmlldw==",
      "RequestMethod": "PUT",
      "RequestHeaders": {
        "x-ms-client-request-id": [
          "31f26f1d-9996-4bf9-aca8-31897bd0765b"
        ],
        "Accept-Language": [
          "en-US"
        ],
        "User-Agent": [
          "FxVersion/4.700.22.55902",
          "OSName/Windows",
          "OSVersion/Microsoft.Windows.10.0.22621",
          "Microsoft.Azure.Management.CosmosDB.CosmosDBManagementClient/1.9.1"
        ],
        "Content-Type": [
          "application/json; charset=utf-8"
        ],
        "Content-Length": [
          "427"
        ]
      },
      "RequestBody": "{\r\n  \"properties\": {\r\n    \"roleName\": \"mongoPSInheritedRole1\",\r\n    \"type\": \"CustomRole\",\r\n    \"databaseName\": \"dbName\",\r\n    \"privileges\": [\r\n      {\r\n        \"resource\": {\r\n          \"db\": \"dbName\",\r\n          \"collection\": \"collection1\"\r\n        },\r\n        \"actions\": [\r\n          \"insert\"\r\n        ]\r\n      }\r\n    ],\r\n    \"roles\": [\r\n      {\r\n        \"db\": \"dbName\",\r\n        \"role\": \"mongoPSRole1\"\r\n      }\r\n    ]\r\n  }\r\n}",
      "ResponseHeaders": {
        "Cache-Control": [
          "no-store, no-cache"
        ],
        "Pragma": [
          "no-cache"
        ],
        "Location": [
          "https://management.azure.com/subscriptions/12053b8f-cab5-4f5c-9c1a-870580142abd/resourceGroups/mongorbactest-4414/providers/Microsoft.DocumentDB/databaseAccounts/mongo-db0004414/mongodbRoleDefinitions/dbName.mongoPSInheritedRole1/operationResults/d7dc5413-05b1-46c7-ab5c-e7c93b75d25b?api-version=2022-11-15-preview"
        ],
        "Azure-AsyncOperation": [
          "https://management.azure.com/subscriptions/12053b8f-cab5-4f5c-9c1a-870580142abd/providers/Microsoft.DocumentDB/locations/eastus/operationsStatus/d7dc5413-05b1-46c7-ab5c-e7c93b75d25b?api-version=2022-11-15-preview"
        ],
        "x-ms-request-id": [
          "d7dc5413-05b1-46c7-ab5c-e7c93b75d25b"
        ],
        "Strict-Transport-Security": [
          "max-age=31536000; includeSubDomains"
        ],
        "x-ms-gatewayversion": [
          "version=2.14.0"
        ],
        "Server": [
          "Microsoft-HTTPAPI/2.0"
        ],
        "x-ms-ratelimit-remaining-subscription-writes": [
          "1194"
        ],
        "x-ms-correlation-request-id": [
          "fcf9080d-50a4-4d85-8dd7-69f149217a57"
        ],
        "x-ms-routing-request-id": [
          "EASTUS:20230413T111715Z:fcf9080d-50a4-4d85-8dd7-69f149217a57"
        ],
        "X-Content-Type-Options": [
          "nosniff"
        ],
        "Date": [
          "Thu, 13 Apr 2023 11:17:14 GMT"
        ],
        "Content-Length": [
          "21"
        ],
        "Content-Type": [
          "application/json"
        ]
      },
      "ResponseBody": "{\r\n  \"status\": \"Enqueued\"\r\n}",
      "StatusCode": 202
    },
    {
      "RequestUri": "/subscriptions/12053b8f-cab5-4f5c-9c1a-870580142abd/providers/Microsoft.DocumentDB/locations/eastus/operationsStatus/d7dc5413-05b1-46c7-ab5c-e7c93b75d25b?api-version=2022-11-15-preview",
      "EncodedRequestUri": "L3N1YnNjcmlwdGlvbnMvMTIwNTNiOGYtY2FiNS00ZjVjLTljMWEtODcwNTgwMTQyYWJkL3Byb3ZpZGVycy9NaWNyb3NvZnQuRG9jdW1lbnREQi9sb2NhdGlvbnMvZWFzdHVzL29wZXJhdGlvbnNTdGF0dXMvZDdkYzU0MTMtMDViMS00NmM3LWFiNWMtZTdjOTNiNzVkMjViP2FwaS12ZXJzaW9uPTIwMjItMTEtMTUtcHJldmlldw==",
      "RequestMethod": "GET",
      "RequestHeaders": {
        "x-ms-client-request-id": [
          "31f26f1d-9996-4bf9-aca8-31897bd0765b"
        ],
        "User-Agent": [
          "FxVersion/4.700.22.55902",
          "OSName/Windows",
          "OSVersion/Microsoft.Windows.10.0.22621",
          "Microsoft.Azure.Management.CosmosDB.CosmosDBManagementClient/1.9.1"
        ]
      },
      "RequestBody": "",
      "ResponseHeaders": {
        "Cache-Control": [
          "no-store, no-cache"
        ],
        "Pragma": [
          "no-cache"
        ],
        "Strict-Transport-Security": [
          "max-age=31536000; includeSubDomains"
        ],
        "x-ms-gatewayversion": [
          "version=2.14.0"
        ],
        "Server": [
          "Microsoft-HTTPAPI/2.0"
        ],
        "x-ms-ratelimit-remaining-subscription-reads": [
          "11976"
        ],
        "x-ms-request-id": [
          "ba93efdb-7757-44e4-a28e-58b8442b5662"
        ],
        "x-ms-correlation-request-id": [
          "ba93efdb-7757-44e4-a28e-58b8442b5662"
        ],
        "x-ms-routing-request-id": [
          "EASTUS:20230413T111745Z:ba93efdb-7757-44e4-a28e-58b8442b5662"
        ],
        "X-Content-Type-Options": [
          "nosniff"
        ],
        "Date": [
          "Thu, 13 Apr 2023 11:17:45 GMT"
        ],
        "Content-Length": [
          "22"
        ],
        "Content-Type": [
          "application/json"
        ]
      },
      "ResponseBody": "{\r\n  \"status\": \"Succeeded\"\r\n}",
      "StatusCode": 200
    },
    {
      "RequestUri": "/subscriptions/12053b8f-cab5-4f5c-9c1a-870580142abd/resourceGroups/mongorbactest-4414/providers/Microsoft.DocumentDB/databaseAccounts/mongo-db0004414/mongodbRoleDefinitions/dbName.mongoPSInheritedRole1?api-version=2022-11-15-preview",
      "EncodedRequestUri": "L3N1YnNjcmlwdGlvbnMvMTIwNTNiOGYtY2FiNS00ZjVjLTljMWEtODcwNTgwMTQyYWJkL3Jlc291cmNlR3JvdXBzL21vbmdvcmJhY3Rlc3QtNDQxNC9wcm92aWRlcnMvTWljcm9zb2Z0LkRvY3VtZW50REIvZGF0YWJhc2VBY2NvdW50cy9tb25nby1kYjAwMDQ0MTQvbW9uZ29kYlJvbGVEZWZpbml0aW9ucy9kYk5hbWUubW9uZ29QU0luaGVyaXRlZFJvbGUxP2FwaS12ZXJzaW9uPTIwMjItMTEtMTUtcHJldmlldw==",
      "RequestMethod": "GET",
      "RequestHeaders": {
        "x-ms-client-request-id": [
          "31f26f1d-9996-4bf9-aca8-31897bd0765b"
        ],
        "User-Agent": [
          "FxVersion/4.700.22.55902",
          "OSName/Windows",
          "OSVersion/Microsoft.Windows.10.0.22621",
          "Microsoft.Azure.Management.CosmosDB.CosmosDBManagementClient/1.9.1"
        ]
      },
      "RequestBody": "",
      "ResponseHeaders": {
        "Cache-Control": [
          "no-store, no-cache"
        ],
        "Pragma": [
          "no-cache"
        ],
        "Strict-Transport-Security": [
          "max-age=31536000; includeSubDomains"
        ],
        "x-ms-gatewayversion": [
          "version=2.14.0"
        ],
        "Server": [
          "Microsoft-HTTPAPI/2.0"
        ],
        "x-ms-ratelimit-remaining-subscription-reads": [
          "11975"
        ],
        "x-ms-request-id": [
          "b16c6d03-0852-4aa6-94a0-320d3ce54293"
        ],
        "x-ms-correlation-request-id": [
          "b16c6d03-0852-4aa6-94a0-320d3ce54293"
        ],
        "x-ms-routing-request-id": [
          "EASTUS:20230413T111746Z:b16c6d03-0852-4aa6-94a0-320d3ce54293"
        ],
        "X-Content-Type-Options": [
          "nosniff"
        ],
        "Date": [
          "Thu, 13 Apr 2023 11:17:46 GMT"
        ],
        "Content-Length": [
          "534"
        ],
        "Content-Type": [
          "application/json"
        ]
      },
      "ResponseBody": "{\r\n  \"id\": \"/subscriptions/12053b8f-cab5-4f5c-9c1a-870580142abd/resourceGroups/mongorbactest-4414/providers/Microsoft.DocumentDB/databaseAccounts/mongo-db0004414/mongodbRoleDefinitions/dbName.mongoPSInheritedRole1\",\r\n  \"name\": \"mongoPSInheritedRole1\",\r\n  \"properties\": {\r\n    \"roleName\": \"mongoPSInheritedRole1\",\r\n    \"type\": 1,\r\n    \"databaseName\": \"dbName\",\r\n    \"privileges\": [\r\n      {\r\n        \"resource\": {\r\n          \"db\": \"dbName\",\r\n          \"collection\": \"collection1\"\r\n        },\r\n        \"actions\": [\r\n          \"insert\"\r\n        ]\r\n      }\r\n    ],\r\n    \"roles\": [\r\n      {\r\n        \"db\": \"dbName\",\r\n        \"role\": \"mongoPSRole1\"\r\n      }\r\n    ]\r\n  },\r\n  \"type\": \"Microsoft.DocumentDB/databaseAccounts/mongodbRoleDefinitions\"\r\n}",
      "StatusCode": 200
    },
    {
      "RequestUri": "/subscriptions/12053b8f-cab5-4f5c-9c1a-870580142abd/resourceGroups/mongorbactest-4414/providers/Microsoft.DocumentDB/databaseAccounts/mongo-db0004414/mongodbRoleDefinitions/dbName.mongoPSInheritedRole1?api-version=2022-11-15-preview",
      "EncodedRequestUri": "L3N1YnNjcmlwdGlvbnMvMTIwNTNiOGYtY2FiNS00ZjVjLTljMWEtODcwNTgwMTQyYWJkL3Jlc291cmNlR3JvdXBzL21vbmdvcmJhY3Rlc3QtNDQxNC9wcm92aWRlcnMvTWljcm9zb2Z0LkRvY3VtZW50REIvZGF0YWJhc2VBY2NvdW50cy9tb25nby1kYjAwMDQ0MTQvbW9uZ29kYlJvbGVEZWZpbml0aW9ucy9kYk5hbWUubW9uZ29QU0luaGVyaXRlZFJvbGUxP2FwaS12ZXJzaW9uPTIwMjItMTEtMTUtcHJldmlldw==",
      "RequestMethod": "GET",
      "RequestHeaders": {
        "x-ms-client-request-id": [
          "d5458a95-e534-499a-9990-6dc786751f03"
        ],
        "Accept-Language": [
          "en-US"
        ],
        "User-Agent": [
          "FxVersion/4.700.22.55902",
          "OSName/Windows",
          "OSVersion/Microsoft.Windows.10.0.22621",
          "Microsoft.Azure.Management.CosmosDB.CosmosDBManagementClient/1.9.1"
        ]
      },
      "RequestBody": "",
      "ResponseHeaders": {
        "Cache-Control": [
          "no-store, no-cache"
        ],
        "Pragma": [
          "no-cache"
        ],
        "Strict-Transport-Security": [
          "max-age=31536000; includeSubDomains"
        ],
        "x-ms-gatewayversion": [
          "version=2.14.0"
        ],
        "Server": [
          "Microsoft-HTTPAPI/2.0"
        ],
        "x-ms-ratelimit-remaining-subscription-reads": [
          "11991"
        ],
        "x-ms-request-id": [
          "311e347f-0057-4b24-a9fb-b258061f3b91"
        ],
        "x-ms-correlation-request-id": [
          "311e347f-0057-4b24-a9fb-b258061f3b91"
        ],
        "x-ms-routing-request-id": [
          "EASTUS:20230413T111746Z:311e347f-0057-4b24-a9fb-b258061f3b91"
        ],
        "X-Content-Type-Options": [
          "nosniff"
        ],
        "Date": [
          "Thu, 13 Apr 2023 11:17:45 GMT"
        ],
        "Content-Length": [
          "534"
        ],
        "Content-Type": [
          "application/json"
        ]
      },
      "ResponseBody": "{\r\n  \"id\": \"/subscriptions/12053b8f-cab5-4f5c-9c1a-870580142abd/resourceGroups/mongorbactest-4414/providers/Microsoft.DocumentDB/databaseAccounts/mongo-db0004414/mongodbRoleDefinitions/dbName.mongoPSInheritedRole1\",\r\n  \"name\": \"mongoPSInheritedRole1\",\r\n  \"properties\": {\r\n    \"roleName\": \"mongoPSInheritedRole1\",\r\n    \"type\": 1,\r\n    \"databaseName\": \"dbName\",\r\n    \"privileges\": [\r\n      {\r\n        \"resource\": {\r\n          \"db\": \"dbName\",\r\n          \"collection\": \"collection1\"\r\n        },\r\n        \"actions\": [\r\n          \"insert\"\r\n        ]\r\n      }\r\n    ],\r\n    \"roles\": [\r\n      {\r\n        \"db\": \"dbName\",\r\n        \"role\": \"mongoPSRole1\"\r\n      }\r\n    ]\r\n  },\r\n  \"type\": \"Microsoft.DocumentDB/databaseAccounts/mongodbRoleDefinitions\"\r\n}",
      "StatusCode": 200
    },
    {
      "RequestUri": "/subscriptions/12053b8f-cab5-4f5c-9c1a-870580142abd/resourceGroups/mongorbactest-4414/providers/Microsoft.DocumentDB/databaseAccounts/mongo-db0004414/mongodbUserDefinitions/dbName.testuser1?api-version=2022-11-15-preview",
      "EncodedRequestUri": "L3N1YnNjcmlwdGlvbnMvMTIwNTNiOGYtY2FiNS00ZjVjLTljMWEtODcwNTgwMTQyYWJkL3Jlc291cmNlR3JvdXBzL21vbmdvcmJhY3Rlc3QtNDQxNC9wcm92aWRlcnMvTWljcm9zb2Z0LkRvY3VtZW50REIvZGF0YWJhc2VBY2NvdW50cy9tb25nby1kYjAwMDQ0MTQvbW9uZ29kYlVzZXJEZWZpbml0aW9ucy9kYk5hbWUudGVzdHVzZXIxP2FwaS12ZXJzaW9uPTIwMjItMTEtMTUtcHJldmlldw==",
      "RequestMethod": "PUT",
      "RequestHeaders": {
        "x-ms-client-request-id": [
          "5a51dca3-5a10-4d1f-9c5f-5a9f7387f777"
        ],
        "Accept-Language": [
          "en-US"
        ],
        "User-Agent": [
          "FxVersion/4.700.22.55902",
          "OSName/Windows",
          "OSVersion/Microsoft.Windows.10.0.22621",
          "Microsoft.Azure.Management.CosmosDB.CosmosDBManagementClient/1.9.1"
        ],
        "Content-Type": [
          "application/json; charset=utf-8"
        ],
        "Content-Length": [
          "296"
        ]
      },
      "RequestBody": "{\r\n  \"properties\": {\r\n    \"userName\": \"testuser1\",\r\n    \"password\": \"testuserpass1\",\r\n    \"databaseName\": \"dbName\",\r\n    \"customData\": \"Test custom data\",\r\n    \"roles\": [\r\n      {\r\n        \"db\": \"dbName\",\r\n        \"role\": \"mongoPSRole1\"\r\n      }\r\n    ],\r\n    \"mechanisms\": \"SCRAM-SHA-256\"\r\n  }\r\n}",
      "ResponseHeaders": {
        "Cache-Control": [
          "no-store, no-cache"
        ],
        "Pragma": [
          "no-cache"
        ],
        "Location": [
          "https://management.azure.com/subscriptions/12053b8f-cab5-4f5c-9c1a-870580142abd/resourceGroups/mongorbactest-4414/providers/Microsoft.DocumentDB/databaseAccounts/mongo-db0004414/mongodbUserDefinitions/dbName.testuser1/operationResults/ad25e261-2cd0-4361-a325-9af764a1accd?api-version=2022-11-15-preview"
        ],
        "Azure-AsyncOperation": [
          "https://management.azure.com/subscriptions/12053b8f-cab5-4f5c-9c1a-870580142abd/providers/Microsoft.DocumentDB/locations/eastus/operationsStatus/ad25e261-2cd0-4361-a325-9af764a1accd?api-version=2022-11-15-preview"
        ],
        "x-ms-request-id": [
          "ad25e261-2cd0-4361-a325-9af764a1accd"
        ],
        "Strict-Transport-Security": [
          "max-age=31536000; includeSubDomains"
        ],
        "x-ms-gatewayversion": [
          "version=2.14.0"
        ],
        "Server": [
          "Microsoft-HTTPAPI/2.0"
        ],
        "x-ms-ratelimit-remaining-subscription-writes": [
          "1197"
        ],
        "x-ms-correlation-request-id": [
          "60115193-ab07-47d9-b0bb-496bcee9bd2a"
        ],
        "x-ms-routing-request-id": [
          "EASTUS:20230413T111747Z:60115193-ab07-47d9-b0bb-496bcee9bd2a"
        ],
        "X-Content-Type-Options": [
          "nosniff"
        ],
        "Date": [
          "Thu, 13 Apr 2023 11:17:46 GMT"
        ],
        "Content-Length": [
          "21"
        ],
        "Content-Type": [
          "application/json"
        ]
      },
      "ResponseBody": "{\r\n  \"status\": \"Enqueued\"\r\n}",
      "StatusCode": 202
    },
    {
      "RequestUri": "/subscriptions/12053b8f-cab5-4f5c-9c1a-870580142abd/resourceGroups/mongorbactest-4414/providers/Microsoft.DocumentDB/databaseAccounts/mongo-db0004414/mongodbUserDefinitions/dbName.testuser1?api-version=2022-11-15-preview",
      "EncodedRequestUri": "L3N1YnNjcmlwdGlvbnMvMTIwNTNiOGYtY2FiNS00ZjVjLTljMWEtODcwNTgwMTQyYWJkL3Jlc291cmNlR3JvdXBzL21vbmdvcmJhY3Rlc3QtNDQxNC9wcm92aWRlcnMvTWljcm9zb2Z0LkRvY3VtZW50REIvZGF0YWJhc2VBY2NvdW50cy9tb25nby1kYjAwMDQ0MTQvbW9uZ29kYlVzZXJEZWZpbml0aW9ucy9kYk5hbWUudGVzdHVzZXIxP2FwaS12ZXJzaW9uPTIwMjItMTEtMTUtcHJldmlldw==",
      "RequestMethod": "PUT",
      "RequestHeaders": {
        "x-ms-client-request-id": [
          "e00ea2a9-89a4-4e8d-9acb-b3c3e48b9d27"
        ],
        "Accept-Language": [
          "en-US"
        ],
        "User-Agent": [
          "FxVersion/4.700.22.55902",
          "OSName/Windows",
          "OSVersion/Microsoft.Windows.10.0.22621",
          "Microsoft.Azure.Management.CosmosDB.CosmosDBManagementClient/1.9.1"
        ],
        "Content-Type": [
          "application/json; charset=utf-8"
        ],
        "Content-Length": [
          "305"
        ]
      },
      "RequestBody": "{\r\n  \"properties\": {\r\n    \"userName\": \"testuser1\",\r\n    \"password\": \"testuserpass1\",\r\n    \"databaseName\": \"dbName\",\r\n    \"customData\": \"Test custom data\",\r\n    \"roles\": [\r\n      {\r\n        \"db\": \"dbName\",\r\n        \"role\": \"mongoPSInheritedRole1\"\r\n      }\r\n    ],\r\n    \"mechanisms\": \"SCRAM-SHA-256\"\r\n  }\r\n}",
      "ResponseHeaders": {
        "Cache-Control": [
          "no-store, no-cache"
        ],
        "Pragma": [
          "no-cache"
        ],
        "Location": [
          "https://management.azure.com/subscriptions/12053b8f-cab5-4f5c-9c1a-870580142abd/resourceGroups/mongorbactest-4414/providers/Microsoft.DocumentDB/databaseAccounts/mongo-db0004414/mongodbUserDefinitions/dbName.testuser1/operationResults/f2beae50-4251-4ce5-8b62-a3e11a7d3c55?api-version=2022-11-15-preview"
        ],
        "Azure-AsyncOperation": [
          "https://management.azure.com/subscriptions/12053b8f-cab5-4f5c-9c1a-870580142abd/providers/Microsoft.DocumentDB/locations/eastus/operationsStatus/f2beae50-4251-4ce5-8b62-a3e11a7d3c55?api-version=2022-11-15-preview"
        ],
        "x-ms-request-id": [
          "f2beae50-4251-4ce5-8b62-a3e11a7d3c55"
        ],
        "Strict-Transport-Security": [
          "max-age=31536000; includeSubDomains"
        ],
        "x-ms-gatewayversion": [
          "version=2.14.0"
        ],
        "Server": [
          "Microsoft-HTTPAPI/2.0"
        ],
        "x-ms-ratelimit-remaining-subscription-writes": [
          "1199"
        ],
        "x-ms-correlation-request-id": [
          "0ae31992-e6f1-4518-a2b1-84da548fc1ff"
        ],
        "x-ms-routing-request-id": [
          "EASTUS:20230413T111819Z:0ae31992-e6f1-4518-a2b1-84da548fc1ff"
        ],
        "X-Content-Type-Options": [
          "nosniff"
        ],
        "Date": [
          "Thu, 13 Apr 2023 11:18:19 GMT"
        ],
        "Content-Length": [
          "21"
        ],
        "Content-Type": [
          "application/json"
        ]
      },
      "ResponseBody": "{\r\n  \"status\": \"Enqueued\"\r\n}",
      "StatusCode": 202
    },
    {
      "RequestUri": "/subscriptions/12053b8f-cab5-4f5c-9c1a-870580142abd/providers/Microsoft.DocumentDB/locations/eastus/operationsStatus/ad25e261-2cd0-4361-a325-9af764a1accd?api-version=2022-11-15-preview",
      "EncodedRequestUri": "L3N1YnNjcmlwdGlvbnMvMTIwNTNiOGYtY2FiNS00ZjVjLTljMWEtODcwNTgwMTQyYWJkL3Byb3ZpZGVycy9NaWNyb3NvZnQuRG9jdW1lbnREQi9sb2NhdGlvbnMvZWFzdHVzL29wZXJhdGlvbnNTdGF0dXMvYWQyNWUyNjEtMmNkMC00MzYxLWEzMjUtOWFmNzY0YTFhY2NkP2FwaS12ZXJzaW9uPTIwMjItMTEtMTUtcHJldmlldw==",
      "RequestMethod": "GET",
      "RequestHeaders": {
        "x-ms-client-request-id": [
          "5a51dca3-5a10-4d1f-9c5f-5a9f7387f777"
        ],
        "User-Agent": [
          "FxVersion/4.700.22.55902",
          "OSName/Windows",
          "OSVersion/Microsoft.Windows.10.0.22621",
          "Microsoft.Azure.Management.CosmosDB.CosmosDBManagementClient/1.9.1"
        ]
      },
      "RequestBody": "",
      "ResponseHeaders": {
        "Cache-Control": [
          "no-store, no-cache"
        ],
        "Pragma": [
          "no-cache"
        ],
        "Strict-Transport-Security": [
          "max-age=31536000; includeSubDomains"
        ],
        "x-ms-gatewayversion": [
          "version=2.14.0"
        ],
        "Server": [
          "Microsoft-HTTPAPI/2.0"
        ],
        "x-ms-ratelimit-remaining-subscription-reads": [
          "11989"
        ],
        "x-ms-request-id": [
          "806cbebf-e307-4686-8abd-b489ba6c078c"
        ],
        "x-ms-correlation-request-id": [
          "806cbebf-e307-4686-8abd-b489ba6c078c"
        ],
        "x-ms-routing-request-id": [
          "EASTUS:20230413T111817Z:806cbebf-e307-4686-8abd-b489ba6c078c"
        ],
        "X-Content-Type-Options": [
          "nosniff"
        ],
        "Date": [
          "Thu, 13 Apr 2023 11:18:16 GMT"
        ],
        "Content-Length": [
          "22"
        ],
        "Content-Type": [
          "application/json"
        ]
      },
      "ResponseBody": "{\r\n  \"status\": \"Succeeded\"\r\n}",
      "StatusCode": 200
    },
    {
      "RequestUri": "/subscriptions/12053b8f-cab5-4f5c-9c1a-870580142abd/resourceGroups/mongorbactest-4414/providers/Microsoft.DocumentDB/databaseAccounts/mongo-db0004414/mongodbUserDefinitions/dbName.testuser1?api-version=2022-11-15-preview",
      "EncodedRequestUri": "L3N1YnNjcmlwdGlvbnMvMTIwNTNiOGYtY2FiNS00ZjVjLTljMWEtODcwNTgwMTQyYWJkL3Jlc291cmNlR3JvdXBzL21vbmdvcmJhY3Rlc3QtNDQxNC9wcm92aWRlcnMvTWljcm9zb2Z0LkRvY3VtZW50REIvZGF0YWJhc2VBY2NvdW50cy9tb25nby1kYjAwMDQ0MTQvbW9uZ29kYlVzZXJEZWZpbml0aW9ucy9kYk5hbWUudGVzdHVzZXIxP2FwaS12ZXJzaW9uPTIwMjItMTEtMTUtcHJldmlldw==",
      "RequestMethod": "GET",
      "RequestHeaders": {
        "x-ms-client-request-id": [
          "5a51dca3-5a10-4d1f-9c5f-5a9f7387f777"
        ],
        "User-Agent": [
          "FxVersion/4.700.22.55902",
          "OSName/Windows",
          "OSVersion/Microsoft.Windows.10.0.22621",
          "Microsoft.Azure.Management.CosmosDB.CosmosDBManagementClient/1.9.1"
        ]
      },
      "RequestBody": "",
      "ResponseHeaders": {
        "Cache-Control": [
          "no-store, no-cache"
        ],
        "Pragma": [
          "no-cache"
        ],
        "Strict-Transport-Security": [
          "max-age=31536000; includeSubDomains"
        ],
        "x-ms-gatewayversion": [
          "version=2.14.0"
        ],
        "Server": [
          "Microsoft-HTTPAPI/2.0"
        ],
        "x-ms-ratelimit-remaining-subscription-reads": [
          "11988"
        ],
        "x-ms-request-id": [
          "88357447-ee24-475c-80c2-5c363492cc2a"
        ],
        "x-ms-correlation-request-id": [
          "88357447-ee24-475c-80c2-5c363492cc2a"
        ],
        "x-ms-routing-request-id": [
          "EASTUS:20230413T111817Z:88357447-ee24-475c-80c2-5c363492cc2a"
        ],
        "X-Content-Type-Options": [
          "nosniff"
        ],
        "Date": [
          "Thu, 13 Apr 2023 11:18:17 GMT"
        ],
        "Content-Length": [
          "456"
        ],
        "Content-Type": [
          "application/json"
        ]
      },
      "ResponseBody": "{\r\n  \"id\": \"/subscriptions/12053b8f-cab5-4f5c-9c1a-870580142abd/resourceGroups/mongorbactest-4414/providers/Microsoft.DocumentDB/databaseAccounts/mongo-db0004414/mongodbUserDefinitions/dbName.testuser1\",\r\n  \"name\": \"testuser1\",\r\n  \"properties\": {\r\n    \"userName\": \"testuser1\",\r\n    \"password\": \"\",\r\n    \"databaseName\": \"dbName\",\r\n    \"customData\": \"\",\r\n    \"mechanisms\": \"SCRAM-SHA-256\",\r\n    \"roles\": [\r\n      {\r\n        \"db\": \"dbName\",\r\n        \"role\": \"mongoPSRole1\"\r\n      }\r\n    ]\r\n  },\r\n  \"type\": \"Microsoft.DocumentDB/databaseAccounts/mongodbUserDefinitions\"\r\n}",
      "StatusCode": 200
    },
    {
      "RequestUri": "/subscriptions/12053b8f-cab5-4f5c-9c1a-870580142abd/resourceGroups/mongorbactest-4414/providers/Microsoft.DocumentDB/databaseAccounts/mongo-db0004414/mongodbUserDefinitions/dbName.testuser1?api-version=2022-11-15-preview",
      "EncodedRequestUri": "L3N1YnNjcmlwdGlvbnMvMTIwNTNiOGYtY2FiNS00ZjVjLTljMWEtODcwNTgwMTQyYWJkL3Jlc291cmNlR3JvdXBzL21vbmdvcmJhY3Rlc3QtNDQxNC9wcm92aWRlcnMvTWljcm9zb2Z0LkRvY3VtZW50REIvZGF0YWJhc2VBY2NvdW50cy9tb25nby1kYjAwMDQ0MTQvbW9uZ29kYlVzZXJEZWZpbml0aW9ucy9kYk5hbWUudGVzdHVzZXIxP2FwaS12ZXJzaW9uPTIwMjItMTEtMTUtcHJldmlldw==",
      "RequestMethod": "GET",
      "RequestHeaders": {
        "x-ms-client-request-id": [
          "e6c42acc-b434-4001-9842-64bac26eebd0"
        ],
        "Accept-Language": [
          "en-US"
        ],
        "User-Agent": [
          "FxVersion/4.700.22.55902",
          "OSName/Windows",
          "OSVersion/Microsoft.Windows.10.0.22621",
          "Microsoft.Azure.Management.CosmosDB.CosmosDBManagementClient/1.9.1"
        ]
      },
      "RequestBody": "",
      "ResponseHeaders": {
        "Cache-Control": [
          "no-store, no-cache"
        ],
        "Pragma": [
          "no-cache"
        ],
        "Strict-Transport-Security": [
          "max-age=31536000; includeSubDomains"
        ],
        "x-ms-gatewayversion": [
          "version=2.14.0"
        ],
        "Server": [
          "Microsoft-HTTPAPI/2.0"
        ],
        "x-ms-ratelimit-remaining-subscription-reads": [
          "11999"
        ],
        "x-ms-request-id": [
          "545f43a8-64d6-470e-bf67-1b311dc18b2d"
        ],
        "x-ms-correlation-request-id": [
          "545f43a8-64d6-470e-bf67-1b311dc18b2d"
        ],
        "x-ms-routing-request-id": [
          "EASTUS:20230413T111818Z:545f43a8-64d6-470e-bf67-1b311dc18b2d"
        ],
        "X-Content-Type-Options": [
          "nosniff"
        ],
        "Date": [
          "Thu, 13 Apr 2023 11:18:18 GMT"
        ],
        "Content-Length": [
          "456"
        ],
        "Content-Type": [
          "application/json"
        ]
      },
      "ResponseBody": "{\r\n  \"id\": \"/subscriptions/12053b8f-cab5-4f5c-9c1a-870580142abd/resourceGroups/mongorbactest-4414/providers/Microsoft.DocumentDB/databaseAccounts/mongo-db0004414/mongodbUserDefinitions/dbName.testuser1\",\r\n  \"name\": \"testuser1\",\r\n  \"properties\": {\r\n    \"userName\": \"testuser1\",\r\n    \"password\": \"\",\r\n    \"databaseName\": \"dbName\",\r\n    \"customData\": \"\",\r\n    \"mechanisms\": \"SCRAM-SHA-256\",\r\n    \"roles\": [\r\n      {\r\n        \"db\": \"dbName\",\r\n        \"role\": \"mongoPSRole1\"\r\n      }\r\n    ]\r\n  },\r\n  \"type\": \"Microsoft.DocumentDB/databaseAccounts/mongodbUserDefinitions\"\r\n}",
      "StatusCode": 200
    },
    {
      "RequestUri": "/subscriptions/12053b8f-cab5-4f5c-9c1a-870580142abd/resourceGroups/mongorbactest-4414/providers/Microsoft.DocumentDB/databaseAccounts/mongo-db0004414/mongodbUserDefinitions/dbName.testuser1?api-version=2022-11-15-preview",
      "EncodedRequestUri": "L3N1YnNjcmlwdGlvbnMvMTIwNTNiOGYtY2FiNS00ZjVjLTljMWEtODcwNTgwMTQyYWJkL3Jlc291cmNlR3JvdXBzL21vbmdvcmJhY3Rlc3QtNDQxNC9wcm92aWRlcnMvTWljcm9zb2Z0LkRvY3VtZW50REIvZGF0YWJhc2VBY2NvdW50cy9tb25nby1kYjAwMDQ0MTQvbW9uZ29kYlVzZXJEZWZpbml0aW9ucy9kYk5hbWUudGVzdHVzZXIxP2FwaS12ZXJzaW9uPTIwMjItMTEtMTUtcHJldmlldw==",
      "RequestMethod": "GET",
      "RequestHeaders": {
        "x-ms-client-request-id": [
          "e00ea2a9-89a4-4e8d-9acb-b3c3e48b9d27"
        ],
        "Accept-Language": [
          "en-US"
        ],
        "User-Agent": [
          "FxVersion/4.700.22.55902",
          "OSName/Windows",
          "OSVersion/Microsoft.Windows.10.0.22621",
          "Microsoft.Azure.Management.CosmosDB.CosmosDBManagementClient/1.9.1"
        ]
      },
      "RequestBody": "",
      "ResponseHeaders": {
        "Cache-Control": [
          "no-store, no-cache"
        ],
        "Pragma": [
          "no-cache"
        ],
        "Strict-Transport-Security": [
          "max-age=31536000; includeSubDomains"
        ],
        "x-ms-gatewayversion": [
          "version=2.14.0"
        ],
        "Server": [
          "Microsoft-HTTPAPI/2.0"
        ],
        "x-ms-ratelimit-remaining-subscription-reads": [
          "11999"
        ],
        "x-ms-request-id": [
          "bada7931-0032-48e8-82f5-d5071151ddbf"
        ],
        "x-ms-correlation-request-id": [
          "bada7931-0032-48e8-82f5-d5071151ddbf"
        ],
        "x-ms-routing-request-id": [
          "EASTUS:20230413T111818Z:bada7931-0032-48e8-82f5-d5071151ddbf"
        ],
        "X-Content-Type-Options": [
          "nosniff"
        ],
        "Date": [
          "Thu, 13 Apr 2023 11:18:18 GMT"
        ],
        "Content-Length": [
          "456"
        ],
        "Content-Type": [
          "application/json"
        ]
      },
      "ResponseBody": "{\r\n  \"id\": \"/subscriptions/12053b8f-cab5-4f5c-9c1a-870580142abd/resourceGroups/mongorbactest-4414/providers/Microsoft.DocumentDB/databaseAccounts/mongo-db0004414/mongodbUserDefinitions/dbName.testuser1\",\r\n  \"name\": \"testuser1\",\r\n  \"properties\": {\r\n    \"userName\": \"testuser1\",\r\n    \"password\": \"\",\r\n    \"databaseName\": \"dbName\",\r\n    \"customData\": \"\",\r\n    \"mechanisms\": \"SCRAM-SHA-256\",\r\n    \"roles\": [\r\n      {\r\n        \"db\": \"dbName\",\r\n        \"role\": \"mongoPSRole1\"\r\n      }\r\n    ]\r\n  },\r\n  \"type\": \"Microsoft.DocumentDB/databaseAccounts/mongodbUserDefinitions\"\r\n}",
      "StatusCode": 200
    },
    {
      "RequestUri": "/subscriptions/12053b8f-cab5-4f5c-9c1a-870580142abd/resourceGroups/mongorbactest-4414/providers/Microsoft.DocumentDB/databaseAccounts/mongo-db0004414/mongodbUserDefinitions/dbName.testuser1?api-version=2022-11-15-preview",
      "EncodedRequestUri": "L3N1YnNjcmlwdGlvbnMvMTIwNTNiOGYtY2FiNS00ZjVjLTljMWEtODcwNTgwMTQyYWJkL3Jlc291cmNlR3JvdXBzL21vbmdvcmJhY3Rlc3QtNDQxNC9wcm92aWRlcnMvTWljcm9zb2Z0LkRvY3VtZW50REIvZGF0YWJhc2VBY2NvdW50cy9tb25nby1kYjAwMDQ0MTQvbW9uZ29kYlVzZXJEZWZpbml0aW9ucy9kYk5hbWUudGVzdHVzZXIxP2FwaS12ZXJzaW9uPTIwMjItMTEtMTUtcHJldmlldw==",
      "RequestMethod": "GET",
      "RequestHeaders": {
        "x-ms-client-request-id": [
          "e00ea2a9-89a4-4e8d-9acb-b3c3e48b9d27"
        ],
        "User-Agent": [
          "FxVersion/4.700.22.55902",
          "OSName/Windows",
          "OSVersion/Microsoft.Windows.10.0.22621",
          "Microsoft.Azure.Management.CosmosDB.CosmosDBManagementClient/1.9.1"
        ]
      },
      "RequestBody": "",
      "ResponseHeaders": {
        "Cache-Control": [
          "no-store, no-cache"
        ],
        "Pragma": [
          "no-cache"
        ],
        "Strict-Transport-Security": [
          "max-age=31536000; includeSubDomains"
        ],
        "x-ms-gatewayversion": [
          "version=2.14.0"
        ],
        "Server": [
          "Microsoft-HTTPAPI/2.0"
        ],
        "x-ms-ratelimit-remaining-subscription-reads": [
          "11997"
        ],
        "x-ms-request-id": [
          "334888e3-06bf-4d1e-a3c9-5ba000098d70"
        ],
        "x-ms-correlation-request-id": [
          "334888e3-06bf-4d1e-a3c9-5ba000098d70"
        ],
        "x-ms-routing-request-id": [
          "EASTUS:20230413T111849Z:334888e3-06bf-4d1e-a3c9-5ba000098d70"
        ],
        "X-Content-Type-Options": [
          "nosniff"
        ],
        "Date": [
          "Thu, 13 Apr 2023 11:18:49 GMT"
        ],
        "Content-Length": [
          "465"
        ],
        "Content-Type": [
          "application/json"
        ]
      },
      "ResponseBody": "{\r\n  \"id\": \"/subscriptions/12053b8f-cab5-4f5c-9c1a-870580142abd/resourceGroups/mongorbactest-4414/providers/Microsoft.DocumentDB/databaseAccounts/mongo-db0004414/mongodbUserDefinitions/dbName.testuser1\",\r\n  \"name\": \"testuser1\",\r\n  \"properties\": {\r\n    \"userName\": \"testuser1\",\r\n    \"password\": \"\",\r\n    \"databaseName\": \"dbName\",\r\n    \"customData\": \"\",\r\n    \"mechanisms\": \"SCRAM-SHA-256\",\r\n    \"roles\": [\r\n      {\r\n        \"db\": \"dbName\",\r\n        \"role\": \"mongoPSInheritedRole1\"\r\n      }\r\n    ]\r\n  },\r\n  \"type\": \"Microsoft.DocumentDB/databaseAccounts/mongodbUserDefinitions\"\r\n}",
      "StatusCode": 200
    },
    {
      "RequestUri": "/subscriptions/12053b8f-cab5-4f5c-9c1a-870580142abd/providers/Microsoft.DocumentDB/locations/eastus/operationsStatus/f2beae50-4251-4ce5-8b62-a3e11a7d3c55?api-version=2022-11-15-preview",
      "EncodedRequestUri": "L3N1YnNjcmlwdGlvbnMvMTIwNTNiOGYtY2FiNS00ZjVjLTljMWEtODcwNTgwMTQyYWJkL3Byb3ZpZGVycy9NaWNyb3NvZnQuRG9jdW1lbnREQi9sb2NhdGlvbnMvZWFzdHVzL29wZXJhdGlvbnNTdGF0dXMvZjJiZWFlNTAtNDI1MS00Y2U1LThiNjItYTNlMTFhN2QzYzU1P2FwaS12ZXJzaW9uPTIwMjItMTEtMTUtcHJldmlldw==",
      "RequestMethod": "GET",
      "RequestHeaders": {
        "x-ms-client-request-id": [
          "e00ea2a9-89a4-4e8d-9acb-b3c3e48b9d27"
        ],
        "User-Agent": [
          "FxVersion/4.700.22.55902",
          "OSName/Windows",
          "OSVersion/Microsoft.Windows.10.0.22621",
          "Microsoft.Azure.Management.CosmosDB.CosmosDBManagementClient/1.9.1"
        ]
      },
      "RequestBody": "",
      "ResponseHeaders": {
        "Cache-Control": [
          "no-store, no-cache"
        ],
        "Pragma": [
          "no-cache"
        ],
        "Strict-Transport-Security": [
          "max-age=31536000; includeSubDomains"
        ],
        "x-ms-gatewayversion": [
          "version=2.14.0"
        ],
        "Server": [
          "Microsoft-HTTPAPI/2.0"
        ],
        "x-ms-ratelimit-remaining-subscription-reads": [
          "11998"
        ],
        "x-ms-request-id": [
          "f3196459-4066-4583-b4ae-ec063a6bbd41"
        ],
        "x-ms-correlation-request-id": [
          "f3196459-4066-4583-b4ae-ec063a6bbd41"
        ],
        "x-ms-routing-request-id": [
          "EASTUS:20230413T111849Z:f3196459-4066-4583-b4ae-ec063a6bbd41"
        ],
        "X-Content-Type-Options": [
          "nosniff"
        ],
        "Date": [
          "Thu, 13 Apr 2023 11:18:49 GMT"
        ],
        "Content-Length": [
          "22"
        ],
        "Content-Type": [
          "application/json"
        ]
      },
      "ResponseBody": "{\r\n  \"status\": \"Succeeded\"\r\n}",
      "StatusCode": 200
    },
    {
      "RequestUri": "/subscriptions/12053b8f-cab5-4f5c-9c1a-870580142abd/resourceGroups/mongorbactest-4414/providers/Microsoft.DocumentDB/databaseAccounts/mongo-db0004414/mongodbUserDefinitions/dbName.testuser1?api-version=2022-11-15-preview",
      "EncodedRequestUri": "L3N1YnNjcmlwdGlvbnMvMTIwNTNiOGYtY2FiNS00ZjVjLTljMWEtODcwNTgwMTQyYWJkL3Jlc291cmNlR3JvdXBzL21vbmdvcmJhY3Rlc3QtNDQxNC9wcm92aWRlcnMvTWljcm9zb2Z0LkRvY3VtZW50REIvZGF0YWJhc2VBY2NvdW50cy9tb25nby1kYjAwMDQ0MTQvbW9uZ29kYlVzZXJEZWZpbml0aW9ucy9kYk5hbWUudGVzdHVzZXIxP2FwaS12ZXJzaW9uPTIwMjItMTEtMTUtcHJldmlldw==",
      "RequestMethod": "DELETE",
      "RequestHeaders": {
        "x-ms-client-request-id": [
          "88916258-9c4f-4fd2-bc90-dc6526b686ef"
        ],
        "Accept-Language": [
          "en-US"
        ],
        "User-Agent": [
          "FxVersion/4.700.22.55902",
          "OSName/Windows",
          "OSVersion/Microsoft.Windows.10.0.22621",
          "Microsoft.Azure.Management.CosmosDB.CosmosDBManagementClient/1.9.1"
        ]
      },
      "RequestBody": "",
      "ResponseHeaders": {
        "Cache-Control": [
          "no-store, no-cache"
        ],
        "Pragma": [
          "no-cache"
        ],
        "Location": [
          "https://management.azure.com/subscriptions/12053b8f-cab5-4f5c-9c1a-870580142abd/resourceGroups/mongorbactest-4414/providers/Microsoft.DocumentDB/databaseAccounts/mongo-db0004414/mongodbUserDefinitions/dbName.testuser1/operationResults/dfa2fc66-b6a7-4844-a150-4e51d884fc6a?api-version=2022-11-15-preview"
        ],
        "Azure-AsyncOperation": [
          "https://management.azure.com/subscriptions/12053b8f-cab5-4f5c-9c1a-870580142abd/providers/Microsoft.DocumentDB/locations/eastus/operationsStatus/dfa2fc66-b6a7-4844-a150-4e51d884fc6a?api-version=2022-11-15-preview"
        ],
        "x-ms-request-id": [
          "dfa2fc66-b6a7-4844-a150-4e51d884fc6a"
        ],
        "Strict-Transport-Security": [
          "max-age=31536000; includeSubDomains"
        ],
        "x-ms-gatewayversion": [
          "version=2.14.0"
        ],
        "Server": [
          "Microsoft-HTTPAPI/2.0"
        ],
        "x-ms-ratelimit-remaining-subscription-deletes": [
          "14999"
        ],
        "x-ms-correlation-request-id": [
          "606f4c9d-4ebe-4c41-a65f-fb177113c93f"
        ],
        "x-ms-routing-request-id": [
          "EASTUS:20230413T111850Z:606f4c9d-4ebe-4c41-a65f-fb177113c93f"
        ],
        "X-Content-Type-Options": [
          "nosniff"
        ],
        "Date": [
          "Thu, 13 Apr 2023 11:18:50 GMT"
        ],
        "Content-Length": [
          "21"
        ],
        "Content-Type": [
          "application/json"
        ]
      },
      "ResponseBody": "{\r\n  \"status\": \"Enqueued\"\r\n}",
      "StatusCode": 202
    },
    {
      "RequestUri": "/subscriptions/12053b8f-cab5-4f5c-9c1a-870580142abd/providers/Microsoft.DocumentDB/locations/eastus/operationsStatus/dfa2fc66-b6a7-4844-a150-4e51d884fc6a?api-version=2022-11-15-preview",
      "EncodedRequestUri": "L3N1YnNjcmlwdGlvbnMvMTIwNTNiOGYtY2FiNS00ZjVjLTljMWEtODcwNTgwMTQyYWJkL3Byb3ZpZGVycy9NaWNyb3NvZnQuRG9jdW1lbnREQi9sb2NhdGlvbnMvZWFzdHVzL29wZXJhdGlvbnNTdGF0dXMvZGZhMmZjNjYtYjZhNy00ODQ0LWExNTAtNGU1MWQ4ODRmYzZhP2FwaS12ZXJzaW9uPTIwMjItMTEtMTUtcHJldmlldw==",
      "RequestMethod": "GET",
      "RequestHeaders": {
        "x-ms-client-request-id": [
          "88916258-9c4f-4fd2-bc90-dc6526b686ef"
        ],
        "User-Agent": [
          "FxVersion/4.700.22.55902",
          "OSName/Windows",
          "OSVersion/Microsoft.Windows.10.0.22621",
          "Microsoft.Azure.Management.CosmosDB.CosmosDBManagementClient/1.9.1"
        ]
      },
      "RequestBody": "",
      "ResponseHeaders": {
        "Cache-Control": [
          "no-store, no-cache"
        ],
        "Pragma": [
          "no-cache"
        ],
        "Strict-Transport-Security": [
          "max-age=31536000; includeSubDomains"
        ],
        "x-ms-gatewayversion": [
          "version=2.14.0"
        ],
        "Server": [
          "Microsoft-HTTPAPI/2.0"
        ],
        "x-ms-ratelimit-remaining-subscription-reads": [
          "11999"
        ],
        "x-ms-request-id": [
          "1a6f0d73-5fde-4743-98d1-683a6deb4cb3"
        ],
        "x-ms-correlation-request-id": [
          "1a6f0d73-5fde-4743-98d1-683a6deb4cb3"
        ],
        "x-ms-routing-request-id": [
          "EASTUS:20230413T111920Z:1a6f0d73-5fde-4743-98d1-683a6deb4cb3"
        ],
        "X-Content-Type-Options": [
          "nosniff"
        ],
        "Date": [
          "Thu, 13 Apr 2023 11:19:20 GMT"
        ],
        "Content-Length": [
          "22"
        ],
        "Content-Type": [
          "application/json"
        ]
      },
      "ResponseBody": "{\r\n  \"status\": \"Succeeded\"\r\n}",
      "StatusCode": 200
    },
    {
      "RequestUri": "/subscriptions/12053b8f-cab5-4f5c-9c1a-870580142abd/resourceGroups/mongorbactest-4414/providers/Microsoft.DocumentDB/databaseAccounts/mongo-db0004414/mongodbUserDefinitions/dbName.testuser1/operationResults/dfa2fc66-b6a7-4844-a150-4e51d884fc6a?api-version=2022-11-15-preview",
      "EncodedRequestUri": "L3N1YnNjcmlwdGlvbnMvMTIwNTNiOGYtY2FiNS00ZjVjLTljMWEtODcwNTgwMTQyYWJkL3Jlc291cmNlR3JvdXBzL21vbmdvcmJhY3Rlc3QtNDQxNC9wcm92aWRlcnMvTWljcm9zb2Z0LkRvY3VtZW50REIvZGF0YWJhc2VBY2NvdW50cy9tb25nby1kYjAwMDQ0MTQvbW9uZ29kYlVzZXJEZWZpbml0aW9ucy9kYk5hbWUudGVzdHVzZXIxL29wZXJhdGlvblJlc3VsdHMvZGZhMmZjNjYtYjZhNy00ODQ0LWExNTAtNGU1MWQ4ODRmYzZhP2FwaS12ZXJzaW9uPTIwMjItMTEtMTUtcHJldmlldw==",
      "RequestMethod": "GET",
      "RequestHeaders": {
        "x-ms-client-request-id": [
          "88916258-9c4f-4fd2-bc90-dc6526b686ef"
        ],
        "User-Agent": [
          "FxVersion/4.700.22.55902",
          "OSName/Windows",
          "OSVersion/Microsoft.Windows.10.0.22621",
          "Microsoft.Azure.Management.CosmosDB.CosmosDBManagementClient/1.9.1"
        ]
      },
      "RequestBody": "",
      "ResponseHeaders": {
        "Cache-Control": [
          "no-store, no-cache"
        ],
        "Pragma": [
          "no-cache"
        ],
        "Strict-Transport-Security": [
          "max-age=31536000; includeSubDomains"
        ],
        "x-ms-gatewayversion": [
          "version=2.14.0"
        ],
        "Server": [
          "Microsoft-HTTPAPI/2.0"
        ],
        "x-ms-ratelimit-remaining-subscription-reads": [
          "11998"
        ],
        "x-ms-request-id": [
          "00d5be2d-337f-4542-a276-50f5ab88f475"
        ],
        "x-ms-correlation-request-id": [
          "00d5be2d-337f-4542-a276-50f5ab88f475"
        ],
        "x-ms-routing-request-id": [
          "EASTUS:20230413T111920Z:00d5be2d-337f-4542-a276-50f5ab88f475"
        ],
        "X-Content-Type-Options": [
          "nosniff"
        ],
        "Date": [
          "Thu, 13 Apr 2023 11:19:20 GMT"
        ],
        "Content-Length": [
          "22"
        ],
        "Content-Type": [
          "application/json"
        ]
      },
      "ResponseBody": "{\r\n  \"status\": \"Succeeded\"\r\n}",
      "StatusCode": 200
    },
    {
      "RequestUri": "/subscriptions/12053b8f-cab5-4f5c-9c1a-870580142abd/resourceGroups/mongorbactest-4414/providers/Microsoft.DocumentDB/databaseAccounts/mongo-db0004414/mongodbRoleDefinitions/dbName.mongoPSInheritedRole1?api-version=2022-11-15-preview",
      "EncodedRequestUri": "L3N1YnNjcmlwdGlvbnMvMTIwNTNiOGYtY2FiNS00ZjVjLTljMWEtODcwNTgwMTQyYWJkL3Jlc291cmNlR3JvdXBzL21vbmdvcmJhY3Rlc3QtNDQxNC9wcm92aWRlcnMvTWljcm9zb2Z0LkRvY3VtZW50REIvZGF0YWJhc2VBY2NvdW50cy9tb25nby1kYjAwMDQ0MTQvbW9uZ29kYlJvbGVEZWZpbml0aW9ucy9kYk5hbWUubW9uZ29QU0luaGVyaXRlZFJvbGUxP2FwaS12ZXJzaW9uPTIwMjItMTEtMTUtcHJldmlldw==",
      "RequestMethod": "DELETE",
      "RequestHeaders": {
        "x-ms-client-request-id": [
          "4ab37422-7a77-4aee-ba2b-19b39ccd815b"
        ],
        "Accept-Language": [
          "en-US"
        ],
        "User-Agent": [
          "FxVersion/4.700.22.55902",
          "OSName/Windows",
          "OSVersion/Microsoft.Windows.10.0.22621",
          "Microsoft.Azure.Management.CosmosDB.CosmosDBManagementClient/1.9.1"
        ]
      },
      "RequestBody": "",
      "ResponseHeaders": {
        "Cache-Control": [
          "no-store, no-cache"
        ],
        "Pragma": [
          "no-cache"
        ],
        "Location": [
          "https://management.azure.com/subscriptions/12053b8f-cab5-4f5c-9c1a-870580142abd/resourceGroups/mongorbactest-4414/providers/Microsoft.DocumentDB/databaseAccounts/mongo-db0004414/mongodbRoleDefinitions/dbName.mongoPSInheritedRole1/operationResults/5f58d766-1841-4a59-ba3e-2f7c93b804b0?api-version=2022-11-15-preview"
        ],
        "Azure-AsyncOperation": [
          "https://management.azure.com/subscriptions/12053b8f-cab5-4f5c-9c1a-870580142abd/providers/Microsoft.DocumentDB/locations/eastus/operationsStatus/5f58d766-1841-4a59-ba3e-2f7c93b804b0?api-version=2022-11-15-preview"
        ],
        "x-ms-request-id": [
          "5f58d766-1841-4a59-ba3e-2f7c93b804b0"
        ],
        "Strict-Transport-Security": [
          "max-age=31536000; includeSubDomains"
        ],
        "x-ms-gatewayversion": [
          "version=2.14.0"
        ],
        "Server": [
          "Microsoft-HTTPAPI/2.0"
        ],
        "x-ms-ratelimit-remaining-subscription-deletes": [
          "14998"
        ],
        "x-ms-correlation-request-id": [
          "fad4c1e2-9e73-436a-aa67-4811a6a0d243"
        ],
        "x-ms-routing-request-id": [
          "EASTUS:20230413T111921Z:fad4c1e2-9e73-436a-aa67-4811a6a0d243"
        ],
        "X-Content-Type-Options": [
          "nosniff"
        ],
        "Date": [
          "Thu, 13 Apr 2023 11:19:21 GMT"
        ],
        "Content-Length": [
          "21"
        ],
        "Content-Type": [
          "application/json"
        ]
      },
      "ResponseBody": "{\r\n  \"status\": \"Enqueued\"\r\n}",
      "StatusCode": 202
    },
    {
      "RequestUri": "/subscriptions/12053b8f-cab5-4f5c-9c1a-870580142abd/providers/Microsoft.DocumentDB/locations/eastus/operationsStatus/5f58d766-1841-4a59-ba3e-2f7c93b804b0?api-version=2022-11-15-preview",
      "EncodedRequestUri": "L3N1YnNjcmlwdGlvbnMvMTIwNTNiOGYtY2FiNS00ZjVjLTljMWEtODcwNTgwMTQyYWJkL3Byb3ZpZGVycy9NaWNyb3NvZnQuRG9jdW1lbnREQi9sb2NhdGlvbnMvZWFzdHVzL29wZXJhdGlvbnNTdGF0dXMvNWY1OGQ3NjYtMTg0MS00YTU5LWJhM2UtMmY3YzkzYjgwNGIwP2FwaS12ZXJzaW9uPTIwMjItMTEtMTUtcHJldmlldw==",
      "RequestMethod": "GET",
      "RequestHeaders": {
        "x-ms-client-request-id": [
          "4ab37422-7a77-4aee-ba2b-19b39ccd815b"
        ],
        "User-Agent": [
          "FxVersion/4.700.22.55902",
          "OSName/Windows",
          "OSVersion/Microsoft.Windows.10.0.22621",
          "Microsoft.Azure.Management.CosmosDB.CosmosDBManagementClient/1.9.1"
        ]
      },
      "RequestBody": "",
      "ResponseHeaders": {
        "Cache-Control": [
          "no-store, no-cache"
        ],
        "Pragma": [
          "no-cache"
        ],
        "Strict-Transport-Security": [
          "max-age=31536000; includeSubDomains"
        ],
        "x-ms-gatewayversion": [
          "version=2.14.0"
        ],
        "Server": [
          "Microsoft-HTTPAPI/2.0"
        ],
        "x-ms-ratelimit-remaining-subscription-reads": [
          "11998"
        ],
        "x-ms-request-id": [
          "f4f0df2e-e4a3-4066-8821-e67c181ec203"
        ],
        "x-ms-correlation-request-id": [
          "f4f0df2e-e4a3-4066-8821-e67c181ec203"
        ],
        "x-ms-routing-request-id": [
          "EASTUS:20230413T111951Z:f4f0df2e-e4a3-4066-8821-e67c181ec203"
        ],
        "X-Content-Type-Options": [
          "nosniff"
        ],
        "Date": [
          "Thu, 13 Apr 2023 11:19:51 GMT"
        ],
        "Content-Length": [
          "22"
        ],
        "Content-Type": [
          "application/json"
        ]
      },
      "ResponseBody": "{\r\n  \"status\": \"Succeeded\"\r\n}",
      "StatusCode": 200
    },
    {
      "RequestUri": "/subscriptions/12053b8f-cab5-4f5c-9c1a-870580142abd/resourceGroups/mongorbactest-4414/providers/Microsoft.DocumentDB/databaseAccounts/mongo-db0004414/mongodbRoleDefinitions/dbName.mongoPSInheritedRole1/operationResults/5f58d766-1841-4a59-ba3e-2f7c93b804b0?api-version=2022-11-15-preview",
      "EncodedRequestUri": "L3N1YnNjcmlwdGlvbnMvMTIwNTNiOGYtY2FiNS00ZjVjLTljMWEtODcwNTgwMTQyYWJkL3Jlc291cmNlR3JvdXBzL21vbmdvcmJhY3Rlc3QtNDQxNC9wcm92aWRlcnMvTWljcm9zb2Z0LkRvY3VtZW50REIvZGF0YWJhc2VBY2NvdW50cy9tb25nby1kYjAwMDQ0MTQvbW9uZ29kYlJvbGVEZWZpbml0aW9ucy9kYk5hbWUubW9uZ29QU0luaGVyaXRlZFJvbGUxL29wZXJhdGlvblJlc3VsdHMvNWY1OGQ3NjYtMTg0MS00YTU5LWJhM2UtMmY3YzkzYjgwNGIwP2FwaS12ZXJzaW9uPTIwMjItMTEtMTUtcHJldmlldw==",
      "RequestMethod": "GET",
      "RequestHeaders": {
        "x-ms-client-request-id": [
          "4ab37422-7a77-4aee-ba2b-19b39ccd815b"
        ],
        "User-Agent": [
          "FxVersion/4.700.22.55902",
          "OSName/Windows",
          "OSVersion/Microsoft.Windows.10.0.22621",
          "Microsoft.Azure.Management.CosmosDB.CosmosDBManagementClient/1.9.1"
        ]
      },
      "RequestBody": "",
      "ResponseHeaders": {
        "Cache-Control": [
          "no-store, no-cache"
        ],
        "Pragma": [
          "no-cache"
        ],
        "Strict-Transport-Security": [
          "max-age=31536000; includeSubDomains"
        ],
        "x-ms-gatewayversion": [
          "version=2.14.0"
        ],
        "Server": [
          "Microsoft-HTTPAPI/2.0"
        ],
        "x-ms-ratelimit-remaining-subscription-reads": [
          "11997"
        ],
        "x-ms-request-id": [
          "b5274e1f-b3fb-4301-821e-b99fc308a551"
        ],
        "x-ms-correlation-request-id": [
          "b5274e1f-b3fb-4301-821e-b99fc308a551"
        ],
        "x-ms-routing-request-id": [
          "EASTUS:20230413T111951Z:b5274e1f-b3fb-4301-821e-b99fc308a551"
        ],
        "X-Content-Type-Options": [
          "nosniff"
        ],
        "Date": [
          "Thu, 13 Apr 2023 11:19:51 GMT"
        ],
        "Content-Length": [
          "22"
        ],
        "Content-Type": [
          "application/json"
        ]
      },
      "ResponseBody": "{\r\n  \"status\": \"Succeeded\"\r\n}",
      "StatusCode": 200
    },
    {
      "RequestUri": "/subscriptions/12053b8f-cab5-4f5c-9c1a-870580142abd/resourceGroups/mongorbactest-4414/providers/Microsoft.DocumentDB/databaseAccounts/mongo-db0004414/mongodbRoleDefinitions/dbName.mongoPSRole1?api-version=2022-11-15-preview",
      "EncodedRequestUri": "L3N1YnNjcmlwdGlvbnMvMTIwNTNiOGYtY2FiNS00ZjVjLTljMWEtODcwNTgwMTQyYWJkL3Jlc291cmNlR3JvdXBzL21vbmdvcmJhY3Rlc3QtNDQxNC9wcm92aWRlcnMvTWljcm9zb2Z0LkRvY3VtZW50REIvZGF0YWJhc2VBY2NvdW50cy9tb25nby1kYjAwMDQ0MTQvbW9uZ29kYlJvbGVEZWZpbml0aW9ucy9kYk5hbWUubW9uZ29QU1JvbGUxP2FwaS12ZXJzaW9uPTIwMjItMTEtMTUtcHJldmlldw==",
      "RequestMethod": "DELETE",
      "RequestHeaders": {
        "x-ms-client-request-id": [
          "e0d7bd72-d677-441f-8d70-94bfd98c7a00"
        ],
        "Accept-Language": [
          "en-US"
        ],
        "User-Agent": [
          "FxVersion/4.700.22.55902",
          "OSName/Windows",
          "OSVersion/Microsoft.Windows.10.0.22621",
          "Microsoft.Azure.Management.CosmosDB.CosmosDBManagementClient/1.9.1"
        ]
      },
      "RequestBody": "",
      "ResponseHeaders": {
        "Cache-Control": [
          "no-store, no-cache"
        ],
        "Pragma": [
          "no-cache"
        ],
        "Location": [
          "https://management.azure.com/subscriptions/12053b8f-cab5-4f5c-9c1a-870580142abd/resourceGroups/mongorbactest-4414/providers/Microsoft.DocumentDB/databaseAccounts/mongo-db0004414/mongodbRoleDefinitions/dbName.mongoPSRole1/operationResults/696544d3-0af1-4b2b-84c6-e311f123c507?api-version=2022-11-15-preview"
        ],
        "Azure-AsyncOperation": [
          "https://management.azure.com/subscriptions/12053b8f-cab5-4f5c-9c1a-870580142abd/providers/Microsoft.DocumentDB/locations/eastus/operationsStatus/696544d3-0af1-4b2b-84c6-e311f123c507?api-version=2022-11-15-preview"
        ],
        "x-ms-request-id": [
          "696544d3-0af1-4b2b-84c6-e311f123c507"
        ],
        "Strict-Transport-Security": [
          "max-age=31536000; includeSubDomains"
        ],
        "x-ms-gatewayversion": [
          "version=2.14.0"
        ],
        "Server": [
          "Microsoft-HTTPAPI/2.0"
        ],
        "x-ms-ratelimit-remaining-subscription-deletes": [
          "14998"
        ],
        "x-ms-correlation-request-id": [
          "c0d1a1ef-d59b-464c-b456-1450a48d22c4"
        ],
        "x-ms-routing-request-id": [
          "EASTUS:20230413T111952Z:c0d1a1ef-d59b-464c-b456-1450a48d22c4"
        ],
        "X-Content-Type-Options": [
          "nosniff"
        ],
        "Date": [
          "Thu, 13 Apr 2023 11:19:52 GMT"
        ],
        "Content-Length": [
          "21"
        ],
        "Content-Type": [
          "application/json"
        ]
      },
      "ResponseBody": "{\r\n  \"status\": \"Enqueued\"\r\n}",
      "StatusCode": 202
    },
    {
      "RequestUri": "/subscriptions/12053b8f-cab5-4f5c-9c1a-870580142abd/providers/Microsoft.DocumentDB/locations/eastus/operationsStatus/696544d3-0af1-4b2b-84c6-e311f123c507?api-version=2022-11-15-preview",
      "EncodedRequestUri": "L3N1YnNjcmlwdGlvbnMvMTIwNTNiOGYtY2FiNS00ZjVjLTljMWEtODcwNTgwMTQyYWJkL3Byb3ZpZGVycy9NaWNyb3NvZnQuRG9jdW1lbnREQi9sb2NhdGlvbnMvZWFzdHVzL29wZXJhdGlvbnNTdGF0dXMvNjk2NTQ0ZDMtMGFmMS00YjJiLTg0YzYtZTMxMWYxMjNjNTA3P2FwaS12ZXJzaW9uPTIwMjItMTEtMTUtcHJldmlldw==",
      "RequestMethod": "GET",
      "RequestHeaders": {
        "x-ms-client-request-id": [
          "e0d7bd72-d677-441f-8d70-94bfd98c7a00"
        ],
        "User-Agent": [
          "FxVersion/4.700.22.55902",
          "OSName/Windows",
          "OSVersion/Microsoft.Windows.10.0.22621",
          "Microsoft.Azure.Management.CosmosDB.CosmosDBManagementClient/1.9.1"
        ]
      },
      "RequestBody": "",
      "ResponseHeaders": {
        "Cache-Control": [
          "no-store, no-cache"
        ],
        "Pragma": [
          "no-cache"
        ],
        "Strict-Transport-Security": [
          "max-age=31536000; includeSubDomains"
        ],
        "x-ms-gatewayversion": [
          "version=2.14.0"
        ],
        "Server": [
          "Microsoft-HTTPAPI/2.0"
        ],
        "x-ms-ratelimit-remaining-subscription-reads": [
          "11992"
        ],
        "x-ms-request-id": [
          "6c490078-fa07-4a34-ae26-31a35089d622"
        ],
        "x-ms-correlation-request-id": [
          "6c490078-fa07-4a34-ae26-31a35089d622"
        ],
        "x-ms-routing-request-id": [
          "EASTUS:20230413T112022Z:6c490078-fa07-4a34-ae26-31a35089d622"
        ],
        "X-Content-Type-Options": [
          "nosniff"
        ],
        "Date": [
          "Thu, 13 Apr 2023 11:20:22 GMT"
        ],
        "Content-Length": [
          "22"
        ],
        "Content-Type": [
          "application/json"
        ]
      },
      "ResponseBody": "{\r\n  \"status\": \"Succeeded\"\r\n}",
      "StatusCode": 200
    },
    {
      "RequestUri": "/subscriptions/12053b8f-cab5-4f5c-9c1a-870580142abd/resourceGroups/mongorbactest-4414/providers/Microsoft.DocumentDB/databaseAccounts/mongo-db0004414/mongodbRoleDefinitions/dbName.mongoPSRole1/operationResults/696544d3-0af1-4b2b-84c6-e311f123c507?api-version=2022-11-15-preview",
      "EncodedRequestUri": "L3N1YnNjcmlwdGlvbnMvMTIwNTNiOGYtY2FiNS00ZjVjLTljMWEtODcwNTgwMTQyYWJkL3Jlc291cmNlR3JvdXBzL21vbmdvcmJhY3Rlc3QtNDQxNC9wcm92aWRlcnMvTWljcm9zb2Z0LkRvY3VtZW50REIvZGF0YWJhc2VBY2NvdW50cy9tb25nby1kYjAwMDQ0MTQvbW9uZ29kYlJvbGVEZWZpbml0aW9ucy9kYk5hbWUubW9uZ29QU1JvbGUxL29wZXJhdGlvblJlc3VsdHMvNjk2NTQ0ZDMtMGFmMS00YjJiLTg0YzYtZTMxMWYxMjNjNTA3P2FwaS12ZXJzaW9uPTIwMjItMTEtMTUtcHJldmlldw==",
      "RequestMethod": "GET",
      "RequestHeaders": {
        "x-ms-client-request-id": [
          "e0d7bd72-d677-441f-8d70-94bfd98c7a00"
        ],
        "User-Agent": [
          "FxVersion/4.700.22.55902",
          "OSName/Windows",
          "OSVersion/Microsoft.Windows.10.0.22621",
          "Microsoft.Azure.Management.CosmosDB.CosmosDBManagementClient/1.9.1"
        ]
      },
      "RequestBody": "",
      "ResponseHeaders": {
        "Cache-Control": [
          "no-store, no-cache"
        ],
        "Pragma": [
          "no-cache"
        ],
        "Strict-Transport-Security": [
          "max-age=31536000; includeSubDomains"
        ],
        "x-ms-gatewayversion": [
          "version=2.14.0"
        ],
        "Server": [
          "Microsoft-HTTPAPI/2.0"
        ],
        "x-ms-ratelimit-remaining-subscription-reads": [
          "11991"
        ],
        "x-ms-request-id": [
          "ef14315f-35c2-4b2f-8305-1fd0347cd633"
        ],
        "x-ms-correlation-request-id": [
          "ef14315f-35c2-4b2f-8305-1fd0347cd633"
        ],
        "x-ms-routing-request-id": [
          "EASTUS:20230413T112022Z:ef14315f-35c2-4b2f-8305-1fd0347cd633"
        ],
        "X-Content-Type-Options": [
          "nosniff"
        ],
        "Date": [
          "Thu, 13 Apr 2023 11:20:22 GMT"
        ],
        "Content-Length": [
          "22"
        ],
        "Content-Type": [
          "application/json"
        ]
      },
      "ResponseBody": "{\r\n  \"status\": \"Succeeded\"\r\n}",
      "StatusCode": 200
    },
    {
      "RequestUri": "/subscriptions/12053b8f-cab5-4f5c-9c1a-870580142abd/resourceGroups/mongorbactest-4414/providers/Microsoft.DocumentDB/databaseAccounts/mongo-db0004414/mongodbDatabases/dbName/collections/collection1?api-version=2022-11-15-preview",
      "EncodedRequestUri": "L3N1YnNjcmlwdGlvbnMvMTIwNTNiOGYtY2FiNS00ZjVjLTljMWEtODcwNTgwMTQyYWJkL3Jlc291cmNlR3JvdXBzL21vbmdvcmJhY3Rlc3QtNDQxNC9wcm92aWRlcnMvTWljcm9zb2Z0LkRvY3VtZW50REIvZGF0YWJhc2VBY2NvdW50cy9tb25nby1kYjAwMDQ0MTQvbW9uZ29kYkRhdGFiYXNlcy9kYk5hbWUvY29sbGVjdGlvbnMvY29sbGVjdGlvbjE/YXBpLXZlcnNpb249MjAyMi0xMS0xNS1wcmV2aWV3",
      "RequestMethod": "DELETE",
      "RequestHeaders": {
        "x-ms-client-request-id": [
          "edeb2383-933f-4393-896d-3d1c8c672f0e"
        ],
        "Accept-Language": [
          "en-US"
        ],
        "User-Agent": [
          "FxVersion/4.700.22.55902",
          "OSName/Windows",
          "OSVersion/Microsoft.Windows.10.0.22621",
          "Microsoft.Azure.Management.CosmosDB.CosmosDBManagementClient/1.9.1"
        ]
      },
      "RequestBody": "",
      "ResponseHeaders": {
        "Cache-Control": [
          "no-store, no-cache"
        ],
        "Pragma": [
          "no-cache"
        ],
        "Location": [
          "https://management.azure.com/subscriptions/12053b8f-cab5-4f5c-9c1a-870580142abd/resourceGroups/mongorbactest-4414/providers/Microsoft.DocumentDB/databaseAccounts/mongo-db0004414/mongodbDatabases/dbName/collections/collection1/operationResults/4d8e290c-1283-43a8-b538-ad73ff261ee8?api-version=2022-11-15-preview"
        ],
        "Azure-AsyncOperation": [
          "https://management.azure.com/subscriptions/12053b8f-cab5-4f5c-9c1a-870580142abd/providers/Microsoft.DocumentDB/locations/eastus/operationsStatus/4d8e290c-1283-43a8-b538-ad73ff261ee8?api-version=2022-11-15-preview"
        ],
        "x-ms-request-id": [
          "4d8e290c-1283-43a8-b538-ad73ff261ee8"
        ],
        "Strict-Transport-Security": [
          "max-age=31536000; includeSubDomains"
        ],
        "x-ms-gatewayversion": [
          "version=2.14.0"
        ],
        "Server": [
          "Microsoft-HTTPAPI/2.0"
        ],
        "x-ms-ratelimit-remaining-subscription-deletes": [
          "14998"
        ],
        "x-ms-correlation-request-id": [
          "d2c607d4-1009-441b-acbc-db0a6a809e44"
        ],
        "x-ms-routing-request-id": [
          "EASTUS:20230413T112023Z:d2c607d4-1009-441b-acbc-db0a6a809e44"
        ],
        "X-Content-Type-Options": [
          "nosniff"
        ],
        "Date": [
          "Thu, 13 Apr 2023 11:20:22 GMT"
        ],
        "Content-Length": [
          "21"
        ],
        "Content-Type": [
          "application/json"
        ]
      },
      "ResponseBody": "{\r\n  \"status\": \"Enqueued\"\r\n}",
      "StatusCode": 202
    },
    {
      "RequestUri": "/subscriptions/12053b8f-cab5-4f5c-9c1a-870580142abd/resourceGroups/mongorbactest-4414/providers/Microsoft.DocumentDB/databaseAccounts/mongo-db0004414/mongodbDatabases/dbName/collections/collection1?api-version=2022-11-15-preview",
      "EncodedRequestUri": "L3N1YnNjcmlwdGlvbnMvMTIwNTNiOGYtY2FiNS00ZjVjLTljMWEtODcwNTgwMTQyYWJkL3Jlc291cmNlR3JvdXBzL21vbmdvcmJhY3Rlc3QtNDQxNC9wcm92aWRlcnMvTWljcm9zb2Z0LkRvY3VtZW50REIvZGF0YWJhc2VBY2NvdW50cy9tb25nby1kYjAwMDQ0MTQvbW9uZ29kYkRhdGFiYXNlcy9kYk5hbWUvY29sbGVjdGlvbnMvY29sbGVjdGlvbjE/YXBpLXZlcnNpb249MjAyMi0xMS0xNS1wcmV2aWV3",
      "RequestMethod": "DELETE",
      "RequestHeaders": {
        "x-ms-client-request-id": [
          "2cbe7a0b-7960-4205-addc-0faad5b3f0b0"
        ],
        "Accept-Language": [
          "en-US"
        ],
        "User-Agent": [
          "FxVersion/4.700.22.55902",
          "OSName/Windows",
          "OSVersion/Microsoft.Windows.10.0.22621",
          "Microsoft.Azure.Management.CosmosDB.CosmosDBManagementClient/1.9.1"
        ]
      },
      "RequestBody": "",
      "ResponseHeaders": {
        "Cache-Control": [
          "no-store, no-cache"
        ],
        "Pragma": [
          "no-cache"
        ],
        "Location": [
          "https://management.azure.com/subscriptions/12053b8f-cab5-4f5c-9c1a-870580142abd/resourceGroups/mongorbactest-4414/providers/Microsoft.DocumentDB/databaseAccounts/mongo-db0004414/mongodbDatabases/dbName/collections/collection1/operationResults/286b5459-db90-4f9c-9639-c9fa649a42b1?api-version=2022-11-15-preview"
        ],
        "Azure-AsyncOperation": [
          "https://management.azure.com/subscriptions/12053b8f-cab5-4f5c-9c1a-870580142abd/providers/Microsoft.DocumentDB/locations/eastus/operationsStatus/286b5459-db90-4f9c-9639-c9fa649a42b1?api-version=2022-11-15-preview"
        ],
        "x-ms-request-id": [
          "286b5459-db90-4f9c-9639-c9fa649a42b1"
        ],
        "Strict-Transport-Security": [
          "max-age=31536000; includeSubDomains"
        ],
        "x-ms-gatewayversion": [
          "version=2.14.0"
        ],
        "Server": [
          "Microsoft-HTTPAPI/2.0"
        ],
        "x-ms-ratelimit-remaining-subscription-deletes": [
          "14999"
        ],
        "x-ms-correlation-request-id": [
          "f9461a64-b343-48c2-96ab-4df680ca9b30"
        ],
        "x-ms-routing-request-id": [
          "EASTUS:20230413T112124Z:f9461a64-b343-48c2-96ab-4df680ca9b30"
        ],
        "X-Content-Type-Options": [
          "nosniff"
        ],
        "Date": [
          "Thu, 13 Apr 2023 11:21:24 GMT"
        ],
        "Content-Length": [
          "21"
        ],
        "Content-Type": [
          "application/json"
        ]
      },
      "ResponseBody": "{\r\n  \"status\": \"Enqueued\"\r\n}",
      "StatusCode": 202
    },
    {
      "RequestUri": "/subscriptions/12053b8f-cab5-4f5c-9c1a-870580142abd/providers/Microsoft.DocumentDB/locations/eastus/operationsStatus/4d8e290c-1283-43a8-b538-ad73ff261ee8?api-version=2022-11-15-preview",
      "EncodedRequestUri": "L3N1YnNjcmlwdGlvbnMvMTIwNTNiOGYtY2FiNS00ZjVjLTljMWEtODcwNTgwMTQyYWJkL3Byb3ZpZGVycy9NaWNyb3NvZnQuRG9jdW1lbnREQi9sb2NhdGlvbnMvZWFzdHVzL29wZXJhdGlvbnNTdGF0dXMvNGQ4ZTI5MGMtMTI4My00M2E4LWI1MzgtYWQ3M2ZmMjYxZWU4P2FwaS12ZXJzaW9uPTIwMjItMTEtMTUtcHJldmlldw==",
      "RequestMethod": "GET",
      "RequestHeaders": {
        "x-ms-client-request-id": [
          "edeb2383-933f-4393-896d-3d1c8c672f0e"
        ],
        "User-Agent": [
          "FxVersion/4.700.22.55902",
          "OSName/Windows",
          "OSVersion/Microsoft.Windows.10.0.22621",
          "Microsoft.Azure.Management.CosmosDB.CosmosDBManagementClient/1.9.1"
        ]
      },
      "RequestBody": "",
      "ResponseHeaders": {
        "Cache-Control": [
          "no-store, no-cache"
        ],
        "Pragma": [
          "no-cache"
        ],
        "Strict-Transport-Security": [
          "max-age=31536000; includeSubDomains"
        ],
        "x-ms-gatewayversion": [
          "version=2.14.0"
        ],
        "Server": [
          "Microsoft-HTTPAPI/2.0"
        ],
        "x-ms-ratelimit-remaining-subscription-reads": [
          "11994"
        ],
        "x-ms-request-id": [
          "b9156a7a-c459-48f2-aa0f-a5b9698b613e"
        ],
        "x-ms-correlation-request-id": [
          "b9156a7a-c459-48f2-aa0f-a5b9698b613e"
        ],
        "x-ms-routing-request-id": [
          "EASTUS:20230413T112053Z:b9156a7a-c459-48f2-aa0f-a5b9698b613e"
        ],
        "X-Content-Type-Options": [
          "nosniff"
        ],
        "Date": [
          "Thu, 13 Apr 2023 11:20:53 GMT"
        ],
        "Content-Length": [
          "22"
        ],
        "Content-Type": [
          "application/json"
        ]
      },
      "ResponseBody": "{\r\n  \"status\": \"Succeeded\"\r\n}",
      "StatusCode": 200
    },
    {
      "RequestUri": "/subscriptions/12053b8f-cab5-4f5c-9c1a-870580142abd/resourceGroups/mongorbactest-4414/providers/Microsoft.DocumentDB/databaseAccounts/mongo-db0004414/mongodbDatabases/dbName/collections/collection1/operationResults/4d8e290c-1283-43a8-b538-ad73ff261ee8?api-version=2022-11-15-preview",
      "EncodedRequestUri": "L3N1YnNjcmlwdGlvbnMvMTIwNTNiOGYtY2FiNS00ZjVjLTljMWEtODcwNTgwMTQyYWJkL3Jlc291cmNlR3JvdXBzL21vbmdvcmJhY3Rlc3QtNDQxNC9wcm92aWRlcnMvTWljcm9zb2Z0LkRvY3VtZW50REIvZGF0YWJhc2VBY2NvdW50cy9tb25nby1kYjAwMDQ0MTQvbW9uZ29kYkRhdGFiYXNlcy9kYk5hbWUvY29sbGVjdGlvbnMvY29sbGVjdGlvbjEvb3BlcmF0aW9uUmVzdWx0cy80ZDhlMjkwYy0xMjgzLTQzYTgtYjUzOC1hZDczZmYyNjFlZTg/YXBpLXZlcnNpb249MjAyMi0xMS0xNS1wcmV2aWV3",
      "RequestMethod": "GET",
      "RequestHeaders": {
        "x-ms-client-request-id": [
          "edeb2383-933f-4393-896d-3d1c8c672f0e"
        ],
        "User-Agent": [
          "FxVersion/4.700.22.55902",
          "OSName/Windows",
          "OSVersion/Microsoft.Windows.10.0.22621",
          "Microsoft.Azure.Management.CosmosDB.CosmosDBManagementClient/1.9.1"
        ]
      },
      "RequestBody": "",
      "ResponseHeaders": {
        "Cache-Control": [
          "no-store, no-cache"
        ],
        "Pragma": [
          "no-cache"
        ],
        "Strict-Transport-Security": [
          "max-age=31536000; includeSubDomains"
        ],
        "x-ms-activity-id": [
          "edeb2383-933f-4393-896d-3d1c8c672f0e"
        ],
        "Server": [
          "Microsoft-HTTPAPI/2.0"
        ],
        "x-ms-ratelimit-remaining-subscription-reads": [
          "11993"
        ],
        "x-ms-request-id": [
          "1d993cf6-43fe-4ec1-b33a-4cf98548566e"
        ],
        "x-ms-correlation-request-id": [
          "1d993cf6-43fe-4ec1-b33a-4cf98548566e"
        ],
        "x-ms-routing-request-id": [
          "EASTUS:20230413T112053Z:1d993cf6-43fe-4ec1-b33a-4cf98548566e"
        ],
        "X-Content-Type-Options": [
          "nosniff"
        ],
        "Date": [
          "Thu, 13 Apr 2023 11:20:53 GMT"
        ]
      },
      "ResponseBody": "",
      "StatusCode": 204
    },
    {
      "RequestUri": "/subscriptions/12053b8f-cab5-4f5c-9c1a-870580142abd/resourceGroups/mongorbactest-4414/providers/Microsoft.DocumentDB/databaseAccounts/mongo-db0004414/mongodbDatabases/dbName?api-version=2022-11-15-preview",
      "EncodedRequestUri": "L3N1YnNjcmlwdGlvbnMvMTIwNTNiOGYtY2FiNS00ZjVjLTljMWEtODcwNTgwMTQyYWJkL3Jlc291cmNlR3JvdXBzL21vbmdvcmJhY3Rlc3QtNDQxNC9wcm92aWRlcnMvTWljcm9zb2Z0LkRvY3VtZW50REIvZGF0YWJhc2VBY2NvdW50cy9tb25nby1kYjAwMDQ0MTQvbW9uZ29kYkRhdGFiYXNlcy9kYk5hbWU/YXBpLXZlcnNpb249MjAyMi0xMS0xNS1wcmV2aWV3",
      "RequestMethod": "DELETE",
      "RequestHeaders": {
        "x-ms-client-request-id": [
          "3d770855-c49c-4e6c-820a-777d585784e4"
        ],
        "Accept-Language": [
          "en-US"
        ],
        "User-Agent": [
          "FxVersion/4.700.22.55902",
          "OSName/Windows",
          "OSVersion/Microsoft.Windows.10.0.22621",
          "Microsoft.Azure.Management.CosmosDB.CosmosDBManagementClient/1.9.1"
        ]
      },
      "RequestBody": "",
      "ResponseHeaders": {
        "Cache-Control": [
          "no-store, no-cache"
        ],
        "Pragma": [
          "no-cache"
        ],
        "Location": [
          "https://management.azure.com/subscriptions/12053b8f-cab5-4f5c-9c1a-870580142abd/resourceGroups/mongorbactest-4414/providers/Microsoft.DocumentDB/databaseAccounts/mongo-db0004414/mongodbDatabases/dbName/operationResults/17c44b12-c30c-4a56-973c-ee5c91e6aee0?api-version=2022-11-15-preview"
        ],
        "Azure-AsyncOperation": [
          "https://management.azure.com/subscriptions/12053b8f-cab5-4f5c-9c1a-870580142abd/providers/Microsoft.DocumentDB/locations/eastus/operationsStatus/17c44b12-c30c-4a56-973c-ee5c91e6aee0?api-version=2022-11-15-preview"
        ],
        "x-ms-request-id": [
          "17c44b12-c30c-4a56-973c-ee5c91e6aee0"
        ],
        "Strict-Transport-Security": [
          "max-age=31536000; includeSubDomains"
        ],
        "x-ms-gatewayversion": [
          "version=2.14.0"
        ],
        "Server": [
          "Microsoft-HTTPAPI/2.0"
        ],
        "x-ms-ratelimit-remaining-subscription-deletes": [
          "14998"
        ],
        "x-ms-correlation-request-id": [
          "ec9e6fb3-d3f2-4081-b489-05039275e0fc"
        ],
        "x-ms-routing-request-id": [
          "EASTUS:20230413T112053Z:ec9e6fb3-d3f2-4081-b489-05039275e0fc"
        ],
        "X-Content-Type-Options": [
          "nosniff"
        ],
        "Date": [
          "Thu, 13 Apr 2023 11:20:53 GMT"
        ],
        "Content-Length": [
          "21"
        ],
        "Content-Type": [
          "application/json"
        ]
      },
      "ResponseBody": "{\r\n  \"status\": \"Enqueued\"\r\n}",
      "StatusCode": 202
    },
    {
      "RequestUri": "/subscriptions/12053b8f-cab5-4f5c-9c1a-870580142abd/resourceGroups/mongorbactest-4414/providers/Microsoft.DocumentDB/databaseAccounts/mongo-db0004414/mongodbDatabases/dbName?api-version=2022-11-15-preview",
      "EncodedRequestUri": "L3N1YnNjcmlwdGlvbnMvMTIwNTNiOGYtY2FiNS00ZjVjLTljMWEtODcwNTgwMTQyYWJkL3Jlc291cmNlR3JvdXBzL21vbmdvcmJhY3Rlc3QtNDQxNC9wcm92aWRlcnMvTWljcm9zb2Z0LkRvY3VtZW50REIvZGF0YWJhc2VBY2NvdW50cy9tb25nby1kYjAwMDQ0MTQvbW9uZ29kYkRhdGFiYXNlcy9kYk5hbWU/YXBpLXZlcnNpb249MjAyMi0xMS0xNS1wcmV2aWV3",
      "RequestMethod": "DELETE",
      "RequestHeaders": {
        "x-ms-client-request-id": [
          "90aa2919-898b-4049-ac8d-54836b9a6573"
        ],
        "Accept-Language": [
          "en-US"
        ],
        "User-Agent": [
          "FxVersion/4.700.22.55902",
          "OSName/Windows",
          "OSVersion/Microsoft.Windows.10.0.22621",
          "Microsoft.Azure.Management.CosmosDB.CosmosDBManagementClient/1.9.1"
        ]
      },
      "RequestBody": "",
      "ResponseHeaders": {
        "Cache-Control": [
          "no-store, no-cache"
        ],
        "Pragma": [
          "no-cache"
        ],
        "Location": [
          "https://management.azure.com/subscriptions/12053b8f-cab5-4f5c-9c1a-870580142abd/resourceGroups/mongorbactest-4414/providers/Microsoft.DocumentDB/databaseAccounts/mongo-db0004414/mongodbDatabases/dbName/operationResults/f8eac291-84cd-4996-8412-1e3f7c749532?api-version=2022-11-15-preview"
        ],
        "Azure-AsyncOperation": [
          "https://management.azure.com/subscriptions/12053b8f-cab5-4f5c-9c1a-870580142abd/providers/Microsoft.DocumentDB/locations/eastus/operationsStatus/f8eac291-84cd-4996-8412-1e3f7c749532?api-version=2022-11-15-preview"
        ],
        "x-ms-request-id": [
          "f8eac291-84cd-4996-8412-1e3f7c749532"
        ],
        "Strict-Transport-Security": [
          "max-age=31536000; includeSubDomains"
        ],
        "x-ms-gatewayversion": [
          "version=2.14.0"
        ],
        "Server": [
          "Microsoft-HTTPAPI/2.0"
        ],
        "x-ms-ratelimit-remaining-subscription-deletes": [
          "14996"
        ],
        "x-ms-correlation-request-id": [
          "6b92c387-1e74-4fe7-9003-f1102130ec57"
        ],
        "x-ms-routing-request-id": [
          "EASTUS:20230413T112154Z:6b92c387-1e74-4fe7-9003-f1102130ec57"
        ],
        "X-Content-Type-Options": [
          "nosniff"
        ],
        "Date": [
          "Thu, 13 Apr 2023 11:21:54 GMT"
        ],
        "Content-Length": [
          "21"
        ],
        "Content-Type": [
          "application/json"
        ]
      },
      "ResponseBody": "{\r\n  \"status\": \"Enqueued\"\r\n}",
      "StatusCode": 202
    },
    {
      "RequestUri": "/subscriptions/12053b8f-cab5-4f5c-9c1a-870580142abd/providers/Microsoft.DocumentDB/locations/eastus/operationsStatus/17c44b12-c30c-4a56-973c-ee5c91e6aee0?api-version=2022-11-15-preview",
      "EncodedRequestUri": "L3N1YnNjcmlwdGlvbnMvMTIwNTNiOGYtY2FiNS00ZjVjLTljMWEtODcwNTgwMTQyYWJkL3Byb3ZpZGVycy9NaWNyb3NvZnQuRG9jdW1lbnREQi9sb2NhdGlvbnMvZWFzdHVzL29wZXJhdGlvbnNTdGF0dXMvMTdjNDRiMTItYzMwYy00YTU2LTk3M2MtZWU1YzkxZTZhZWUwP2FwaS12ZXJzaW9uPTIwMjItMTEtMTUtcHJldmlldw==",
      "RequestMethod": "GET",
      "RequestHeaders": {
        "x-ms-client-request-id": [
          "3d770855-c49c-4e6c-820a-777d585784e4"
        ],
        "User-Agent": [
          "FxVersion/4.700.22.55902",
          "OSName/Windows",
          "OSVersion/Microsoft.Windows.10.0.22621",
          "Microsoft.Azure.Management.CosmosDB.CosmosDBManagementClient/1.9.1"
        ]
      },
      "RequestBody": "",
      "ResponseHeaders": {
        "Cache-Control": [
          "no-store, no-cache"
        ],
        "Pragma": [
          "no-cache"
        ],
        "Strict-Transport-Security": [
          "max-age=31536000; includeSubDomains"
        ],
        "x-ms-gatewayversion": [
          "version=2.14.0"
        ],
        "Server": [
          "Microsoft-HTTPAPI/2.0"
        ],
        "x-ms-ratelimit-remaining-subscription-reads": [
          "11992"
        ],
        "x-ms-request-id": [
          "1e8f6a17-6320-429c-92b5-d832707ac81f"
        ],
        "x-ms-correlation-request-id": [
          "1e8f6a17-6320-429c-92b5-d832707ac81f"
        ],
        "x-ms-routing-request-id": [
          "EASTUS:20230413T112123Z:1e8f6a17-6320-429c-92b5-d832707ac81f"
        ],
        "X-Content-Type-Options": [
          "nosniff"
        ],
        "Date": [
          "Thu, 13 Apr 2023 11:21:23 GMT"
        ],
        "Content-Length": [
          "22"
        ],
        "Content-Type": [
          "application/json"
        ]
      },
      "ResponseBody": "{\r\n  \"status\": \"Succeeded\"\r\n}",
      "StatusCode": 200
    },
    {
      "RequestUri": "/subscriptions/12053b8f-cab5-4f5c-9c1a-870580142abd/resourceGroups/mongorbactest-4414/providers/Microsoft.DocumentDB/databaseAccounts/mongo-db0004414/mongodbDatabases/dbName/operationResults/17c44b12-c30c-4a56-973c-ee5c91e6aee0?api-version=2022-11-15-preview",
      "EncodedRequestUri": "L3N1YnNjcmlwdGlvbnMvMTIwNTNiOGYtY2FiNS00ZjVjLTljMWEtODcwNTgwMTQyYWJkL3Jlc291cmNlR3JvdXBzL21vbmdvcmJhY3Rlc3QtNDQxNC9wcm92aWRlcnMvTWljcm9zb2Z0LkRvY3VtZW50REIvZGF0YWJhc2VBY2NvdW50cy9tb25nby1kYjAwMDQ0MTQvbW9uZ29kYkRhdGFiYXNlcy9kYk5hbWUvb3BlcmF0aW9uUmVzdWx0cy8xN2M0NGIxMi1jMzBjLTRhNTYtOTczYy1lZTVjOTFlNmFlZTA/YXBpLXZlcnNpb249MjAyMi0xMS0xNS1wcmV2aWV3",
      "RequestMethod": "GET",
      "RequestHeaders": {
        "x-ms-client-request-id": [
          "3d770855-c49c-4e6c-820a-777d585784e4"
        ],
        "User-Agent": [
          "FxVersion/4.700.22.55902",
          "OSName/Windows",
          "OSVersion/Microsoft.Windows.10.0.22621",
          "Microsoft.Azure.Management.CosmosDB.CosmosDBManagementClient/1.9.1"
        ]
      },
      "RequestBody": "",
      "ResponseHeaders": {
        "Cache-Control": [
          "no-store, no-cache"
        ],
        "Pragma": [
          "no-cache"
        ],
        "Strict-Transport-Security": [
          "max-age=31536000; includeSubDomains"
        ],
        "x-ms-activity-id": [
          "3d770855-c49c-4e6c-820a-777d585784e4"
        ],
        "Server": [
          "Microsoft-HTTPAPI/2.0"
        ],
        "x-ms-ratelimit-remaining-subscription-reads": [
          "11991"
        ],
        "x-ms-request-id": [
          "2414ea03-cfd9-4c69-b2d7-c9b225e38df8"
        ],
        "x-ms-correlation-request-id": [
          "2414ea03-cfd9-4c69-b2d7-c9b225e38df8"
        ],
        "x-ms-routing-request-id": [
          "EASTUS:20230413T112123Z:2414ea03-cfd9-4c69-b2d7-c9b225e38df8"
        ],
        "X-Content-Type-Options": [
          "nosniff"
        ],
        "Date": [
          "Thu, 13 Apr 2023 11:21:23 GMT"
        ]
      },
      "ResponseBody": "",
      "StatusCode": 204
    },
    {
      "RequestUri": "/subscriptions/12053b8f-cab5-4f5c-9c1a-870580142abd/providers/Microsoft.DocumentDB/locations/eastus/operationsStatus/286b5459-db90-4f9c-9639-c9fa649a42b1?api-version=2022-11-15-preview",
      "EncodedRequestUri": "L3N1YnNjcmlwdGlvbnMvMTIwNTNiOGYtY2FiNS00ZjVjLTljMWEtODcwNTgwMTQyYWJkL3Byb3ZpZGVycy9NaWNyb3NvZnQuRG9jdW1lbnREQi9sb2NhdGlvbnMvZWFzdHVzL29wZXJhdGlvbnNTdGF0dXMvMjg2YjU0NTktZGI5MC00ZjljLTk2MzktYzlmYTY0OWE0MmIxP2FwaS12ZXJzaW9uPTIwMjItMTEtMTUtcHJldmlldw==",
      "RequestMethod": "GET",
      "RequestHeaders": {
        "x-ms-client-request-id": [
          "2cbe7a0b-7960-4205-addc-0faad5b3f0b0"
        ],
        "User-Agent": [
          "FxVersion/4.700.22.55902",
          "OSName/Windows",
          "OSVersion/Microsoft.Windows.10.0.22621",
          "Microsoft.Azure.Management.CosmosDB.CosmosDBManagementClient/1.9.1"
        ]
      },
      "RequestBody": "",
      "ResponseHeaders": {
        "Cache-Control": [
          "no-store, no-cache"
        ],
        "Pragma": [
          "no-cache"
        ],
        "Strict-Transport-Security": [
          "max-age=31536000; includeSubDomains"
        ],
        "x-ms-gatewayversion": [
          "version=2.14.0"
        ],
        "Server": [
          "Microsoft-HTTPAPI/2.0"
        ],
        "x-ms-ratelimit-remaining-subscription-reads": [
          "11994"
        ],
        "x-ms-request-id": [
          "cd8fb0e0-037d-4afd-91d2-ac69ba49180d"
        ],
        "x-ms-correlation-request-id": [
          "cd8fb0e0-037d-4afd-91d2-ac69ba49180d"
        ],
        "x-ms-routing-request-id": [
          "EASTUS:20230413T112154Z:cd8fb0e0-037d-4afd-91d2-ac69ba49180d"
        ],
        "X-Content-Type-Options": [
          "nosniff"
        ],
        "Date": [
          "Thu, 13 Apr 2023 11:21:53 GMT"
        ],
        "Content-Length": [
          "22"
        ],
        "Content-Type": [
          "application/json"
        ]
      },
      "ResponseBody": "{\r\n  \"status\": \"Succeeded\"\r\n}",
      "StatusCode": 200
    },
    {
      "RequestUri": "/subscriptions/12053b8f-cab5-4f5c-9c1a-870580142abd/resourceGroups/mongorbactest-4414/providers/Microsoft.DocumentDB/databaseAccounts/mongo-db0004414/mongodbDatabases/dbName/collections/collection1/operationResults/286b5459-db90-4f9c-9639-c9fa649a42b1?api-version=2022-11-15-preview",
      "EncodedRequestUri": "L3N1YnNjcmlwdGlvbnMvMTIwNTNiOGYtY2FiNS00ZjVjLTljMWEtODcwNTgwMTQyYWJkL3Jlc291cmNlR3JvdXBzL21vbmdvcmJhY3Rlc3QtNDQxNC9wcm92aWRlcnMvTWljcm9zb2Z0LkRvY3VtZW50REIvZGF0YWJhc2VBY2NvdW50cy9tb25nby1kYjAwMDQ0MTQvbW9uZ29kYkRhdGFiYXNlcy9kYk5hbWUvY29sbGVjdGlvbnMvY29sbGVjdGlvbjEvb3BlcmF0aW9uUmVzdWx0cy8yODZiNTQ1OS1kYjkwLTRmOWMtOTYzOS1jOWZhNjQ5YTQyYjE/YXBpLXZlcnNpb249MjAyMi0xMS0xNS1wcmV2aWV3",
      "RequestMethod": "GET",
      "RequestHeaders": {
        "x-ms-client-request-id": [
          "2cbe7a0b-7960-4205-addc-0faad5b3f0b0"
        ],
        "User-Agent": [
          "FxVersion/4.700.22.55902",
          "OSName/Windows",
          "OSVersion/Microsoft.Windows.10.0.22621",
          "Microsoft.Azure.Management.CosmosDB.CosmosDBManagementClient/1.9.1"
        ]
      },
      "RequestBody": "",
      "ResponseHeaders": {
        "Cache-Control": [
          "no-store, no-cache"
        ],
        "Pragma": [
          "no-cache"
        ],
        "Strict-Transport-Security": [
          "max-age=31536000; includeSubDomains"
        ],
        "x-ms-activity-id": [
          "2cbe7a0b-7960-4205-addc-0faad5b3f0b0"
        ],
        "Server": [
          "Microsoft-HTTPAPI/2.0"
        ],
        "x-ms-ratelimit-remaining-subscription-reads": [
          "11993"
        ],
        "x-ms-request-id": [
          "514397cb-0dc7-45a8-8790-cf35956a4af4"
        ],
        "x-ms-correlation-request-id": [
          "514397cb-0dc7-45a8-8790-cf35956a4af4"
        ],
        "x-ms-routing-request-id": [
          "EASTUS:20230413T112154Z:514397cb-0dc7-45a8-8790-cf35956a4af4"
        ],
        "X-Content-Type-Options": [
          "nosniff"
        ],
        "Date": [
          "Thu, 13 Apr 2023 11:21:53 GMT"
        ]
      },
      "ResponseBody": "",
      "StatusCode": 204
    },
    {
      "RequestUri": "/subscriptions/12053b8f-cab5-4f5c-9c1a-870580142abd/providers/Microsoft.DocumentDB/locations/eastus/operationsStatus/f8eac291-84cd-4996-8412-1e3f7c749532?api-version=2022-11-15-preview",
      "EncodedRequestUri": "L3N1YnNjcmlwdGlvbnMvMTIwNTNiOGYtY2FiNS00ZjVjLTljMWEtODcwNTgwMTQyYWJkL3Byb3ZpZGVycy9NaWNyb3NvZnQuRG9jdW1lbnREQi9sb2NhdGlvbnMvZWFzdHVzL29wZXJhdGlvbnNTdGF0dXMvZjhlYWMyOTEtODRjZC00OTk2LTg0MTItMWUzZjdjNzQ5NTMyP2FwaS12ZXJzaW9uPTIwMjItMTEtMTUtcHJldmlldw==",
      "RequestMethod": "GET",
      "RequestHeaders": {
        "x-ms-client-request-id": [
          "90aa2919-898b-4049-ac8d-54836b9a6573"
        ],
        "User-Agent": [
          "FxVersion/4.700.22.55902",
          "OSName/Windows",
          "OSVersion/Microsoft.Windows.10.0.22621",
          "Microsoft.Azure.Management.CosmosDB.CosmosDBManagementClient/1.9.1"
        ]
      },
      "RequestBody": "",
      "ResponseHeaders": {
        "Cache-Control": [
          "no-store, no-cache"
        ],
        "Pragma": [
          "no-cache"
        ],
        "Strict-Transport-Security": [
          "max-age=31536000; includeSubDomains"
        ],
        "x-ms-gatewayversion": [
          "version=2.14.0"
        ],
        "Server": [
          "Microsoft-HTTPAPI/2.0"
        ],
        "x-ms-ratelimit-remaining-subscription-reads": [
          "11992"
        ],
        "x-ms-request-id": [
          "96e1d993-8c4e-4ddc-b454-2634c04e7221"
        ],
        "x-ms-correlation-request-id": [
          "96e1d993-8c4e-4ddc-b454-2634c04e7221"
        ],
        "x-ms-routing-request-id": [
          "EASTUS:20230413T112224Z:96e1d993-8c4e-4ddc-b454-2634c04e7221"
        ],
        "X-Content-Type-Options": [
          "nosniff"
        ],
        "Date": [
          "Thu, 13 Apr 2023 11:22:24 GMT"
        ],
        "Content-Length": [
          "22"
        ],
        "Content-Type": [
          "application/json"
        ]
      },
      "ResponseBody": "{\r\n  \"status\": \"Succeeded\"\r\n}",
      "StatusCode": 200
    },
    {
      "RequestUri": "/subscriptions/12053b8f-cab5-4f5c-9c1a-870580142abd/resourceGroups/mongorbactest-4414/providers/Microsoft.DocumentDB/databaseAccounts/mongo-db0004414/mongodbDatabases/dbName/operationResults/f8eac291-84cd-4996-8412-1e3f7c749532?api-version=2022-11-15-preview",
      "EncodedRequestUri": "L3N1YnNjcmlwdGlvbnMvMTIwNTNiOGYtY2FiNS00ZjVjLTljMWEtODcwNTgwMTQyYWJkL3Jlc291cmNlR3JvdXBzL21vbmdvcmJhY3Rlc3QtNDQxNC9wcm92aWRlcnMvTWljcm9zb2Z0LkRvY3VtZW50REIvZGF0YWJhc2VBY2NvdW50cy9tb25nby1kYjAwMDQ0MTQvbW9uZ29kYkRhdGFiYXNlcy9kYk5hbWUvb3BlcmF0aW9uUmVzdWx0cy9mOGVhYzI5MS04NGNkLTQ5OTYtODQxMi0xZTNmN2M3NDk1MzI/YXBpLXZlcnNpb249MjAyMi0xMS0xNS1wcmV2aWV3",
      "RequestMethod": "GET",
      "RequestHeaders": {
        "x-ms-client-request-id": [
          "90aa2919-898b-4049-ac8d-54836b9a6573"
        ],
        "User-Agent": [
          "FxVersion/4.700.22.55902",
          "OSName/Windows",
          "OSVersion/Microsoft.Windows.10.0.22621",
          "Microsoft.Azure.Management.CosmosDB.CosmosDBManagementClient/1.9.1"
        ]
      },
      "RequestBody": "",
      "ResponseHeaders": {
        "Cache-Control": [
          "no-store, no-cache"
        ],
        "Pragma": [
          "no-cache"
        ],
        "Strict-Transport-Security": [
          "max-age=31536000; includeSubDomains"
        ],
        "x-ms-activity-id": [
          "90aa2919-898b-4049-ac8d-54836b9a6573"
        ],
        "Server": [
          "Microsoft-HTTPAPI/2.0"
        ],
        "x-ms-ratelimit-remaining-subscription-reads": [
          "11991"
        ],
        "x-ms-request-id": [
          "59c152c4-7cac-4cb6-a659-cfa5dc3fc3e3"
        ],
        "x-ms-correlation-request-id": [
          "59c152c4-7cac-4cb6-a659-cfa5dc3fc3e3"
        ],
        "x-ms-routing-request-id": [
          "EASTUS:20230413T112225Z:59c152c4-7cac-4cb6-a659-cfa5dc3fc3e3"
        ],
        "X-Content-Type-Options": [
          "nosniff"
        ],
        "Date": [
          "Thu, 13 Apr 2023 11:22:24 GMT"
        ]
      },
      "ResponseBody": "",
      "StatusCode": 204
    }
  ],
  "Names": {},
  "Variables": {
    "SubscriptionId": "12053b8f-cab5-4f5c-9c1a-870580142abd"
  }
}