{
  "Entries": [
    {
      "RequestUri": "/subscriptions/259fbb24-9bcd-4cfc-865c-fc33b22fe38a/resourcegroups/CosmosDBResourceGroup29?api-version=2016-09-01",
      "EncodedRequestUri": "L3N1YnNjcmlwdGlvbnMvMjU5ZmJiMjQtOWJjZC00Y2ZjLTg2NWMtZmMzM2IyMmZlMzhhL3Jlc291cmNlZ3JvdXBzL0Nvc21vc0RCUmVzb3VyY2VHcm91cDI5P2FwaS12ZXJzaW9uPTIwMTYtMDktMDE=",
      "RequestMethod": "PUT",
      "RequestBody": "{\r\n  \"location\": \"East US\"\r\n}",
      "RequestHeaders": {
        "x-ms-client-request-id": [
          "b5b22ec7-4e45-408d-8015-18250a78b77e"
        ],
        "Accept-Language": [
          "en-US"
        ],
        "User-Agent": [
          "FxVersion/4.6.28207.03",
          "OSName/Windows",
          "OSVersion/Microsoft.Windows.10.0.19043.",
          "Microsoft.Azure.Management.Internal.Resources.ResourceManagementClient/1.3.51"
        ],
        "Content-Type": [
          "application/json; charset=utf-8"
        ],
        "Content-Length": [
          "29"
        ]
      },
      "ResponseHeaders": {
        "Cache-Control": [
          "no-cache"
        ],
        "Pragma": [
          "no-cache"
        ],
        "x-ms-ratelimit-remaining-subscription-writes": [
          "1199"
        ],
        "x-ms-request-id": [
          "b59c8796-1ad2-4cf2-9631-0126de9e0291"
        ],
        "x-ms-correlation-request-id": [
          "b59c8796-1ad2-4cf2-9631-0126de9e0291"
        ],
        "x-ms-routing-request-id": [
          "WESTUS2:20211026T235701Z:b59c8796-1ad2-4cf2-9631-0126de9e0291"
        ],
        "Strict-Transport-Security": [
          "max-age=31536000; includeSubDomains"
        ],
        "X-Content-Type-Options": [
          "nosniff"
        ],
        "Date": [
          "Tue, 26 Oct 2021 23:57:01 GMT"
        ],
        "Content-Length": [
          "199"
        ],
        "Content-Type": [
          "application/json; charset=utf-8"
        ],
        "Expires": [
          "-1"
        ]
      },
      "ResponseBody": "{\r\n  \"id\": \"/subscriptions/259fbb24-9bcd-4cfc-865c-fc33b22fe38a/resourceGroups/CosmosDBResourceGroup29\",\r\n  \"name\": \"CosmosDBResourceGroup29\",\r\n  \"location\": \"eastus\",\r\n  \"properties\": {\r\n    \"provisioningState\": \"Succeeded\"\r\n  }\r\n}",
      "StatusCode": 201
    },
    {
      "RequestUri": "/subscriptions/259fbb24-9bcd-4cfc-865c-fc33b22fe38a/resourceGroups/CosmosDBResourceGroup29/providers/Microsoft.DocumentDB/databaseAccounts/mongo-db0029?api-version=2021-10-15",
      "EncodedRequestUri": "L3N1YnNjcmlwdGlvbnMvMjU5ZmJiMjQtOWJjZC00Y2ZjLTg2NWMtZmMzM2IyMmZlMzhhL3Jlc291cmNlR3JvdXBzL0Nvc21vc0RCUmVzb3VyY2VHcm91cDI5L3Byb3ZpZGVycy9NaWNyb3NvZnQuRG9jdW1lbnREQi9kYXRhYmFzZUFjY291bnRzL21vbmdvLWRiMDAyOT9hcGktdmVyc2lvbj0yMDIxLTEwLTE1",
      "RequestMethod": "GET",
      "RequestBody": "",
      "RequestHeaders": {
        "x-ms-client-request-id": [
          "f26fe390-cac6-4609-89a3-82777398b79f"
        ],
        "Accept-Language": [
          "en-US"
        ],
        "User-Agent": [
          "FxVersion/4.6.28207.03",
          "OSName/Windows",
          "OSVersion/Microsoft.Windows.10.0.19043.",
          "Microsoft.Azure.Management.CosmosDB.CosmosDBManagementClient/3.2.0.0"
        ]
      },
      "ResponseHeaders": {
        "Cache-Control": [
          "no-cache"
        ],
        "Pragma": [
          "no-cache"
        ],
        "x-ms-failure-cause": [
          "gateway"
        ],
        "x-ms-request-id": [
          "9dc59425-dbcf-4584-b4c9-873019e24821"
        ],
        "x-ms-correlation-request-id": [
          "9dc59425-dbcf-4584-b4c9-873019e24821"
        ],
        "x-ms-routing-request-id": [
          "WESTUS2:20211026T235701Z:9dc59425-dbcf-4584-b4c9-873019e24821"
        ],
        "Strict-Transport-Security": [
          "max-age=31536000; includeSubDomains"
        ],
        "X-Content-Type-Options": [
          "nosniff"
        ],
        "Date": [
          "Tue, 26 Oct 2021 23:57:01 GMT"
        ],
        "Content-Type": [
          "application/json; charset=utf-8"
        ],
        "Expires": [
          "-1"
        ],
        "Content-Length": [
          "245"
        ]
      },
      "ResponseBody": "{\r\n  \"error\": {\r\n    \"code\": \"ResourceNotFound\",\r\n    \"message\": \"The Resource 'Microsoft.DocumentDB/databaseAccounts/mongo-db0029' under resource group 'CosmosDBResourceGroup29' was not found. For more details please go to https://aka.ms/ARMResourceNotFoundFix\"\r\n  }\r\n}",
      "StatusCode": 404
    },
    {
      "RequestUri": "/subscriptions/259fbb24-9bcd-4cfc-865c-fc33b22fe38a/resourceGroups/CosmosDBResourceGroup29/providers/Microsoft.DocumentDB/databaseAccounts/mongo-db0029?api-version=2021-10-15",
      "EncodedRequestUri": "L3N1YnNjcmlwdGlvbnMvMjU5ZmJiMjQtOWJjZC00Y2ZjLTg2NWMtZmMzM2IyMmZlMzhhL3Jlc291cmNlR3JvdXBzL0Nvc21vc0RCUmVzb3VyY2VHcm91cDI5L3Byb3ZpZGVycy9NaWNyb3NvZnQuRG9jdW1lbnREQi9kYXRhYmFzZUFjY291bnRzL21vbmdvLWRiMDAyOT9hcGktdmVyc2lvbj0yMDIxLTEwLTE1",
      "RequestMethod": "GET",
      "RequestBody": "",
      "RequestHeaders": {
        "x-ms-client-request-id": [
          "f26fe390-cac6-4609-89a3-82777398b79f"
        ],
        "User-Agent": [
          "FxVersion/4.6.28207.03",
          "OSName/Windows",
          "OSVersion/Microsoft.Windows.10.0.19043.",
          "Microsoft.Azure.Management.CosmosDB.CosmosDBManagementClient/3.2.0.0"
        ]
      },
      "ResponseHeaders": {
        "Cache-Control": [
          "no-store, no-cache"
        ],
        "Pragma": [
          "no-cache"
        ],
        "Strict-Transport-Security": [
          "max-age=31536000; includeSubDomains"
        ],
        "x-ms-gatewayversion": [
          "version=2.14.0"
        ],
        "Server": [
          "Microsoft-HTTPAPI/2.0"
        ],
        "x-ms-ratelimit-remaining-subscription-reads": [
          "11992"
        ],
        "x-ms-request-id": [
          "adc85cf8-3e6a-4668-afea-6309610abaab"
        ],
        "x-ms-correlation-request-id": [
          "adc85cf8-3e6a-4668-afea-6309610abaab"
        ],
        "x-ms-routing-request-id": [
          "WESTUS2:20211027T000008Z:adc85cf8-3e6a-4668-afea-6309610abaab"
        ],
        "X-Content-Type-Options": [
          "nosniff"
        ],
        "Date": [
          "Wed, 27 Oct 2021 00:00:08 GMT"
        ],
        "Content-Length": [
          "2328"
        ],
        "Content-Type": [
          "application/json"
        ]
      },
      "ResponseBody": "{\r\n  \"id\": \"/subscriptions/259fbb24-9bcd-4cfc-865c-fc33b22fe38a/resourceGroups/CosmosDBResourceGroup29/providers/Microsoft.DocumentDB/databaseAccounts/mongo-db0029\",\r\n  \"name\": \"mongo-db0029\",\r\n  \"location\": \"East US\",\r\n  \"type\": \"Microsoft.DocumentDB/databaseAccounts\",\r\n  \"kind\": \"MongoDB\",\r\n  \"tags\": {},\r\n  \"systemData\": {\r\n    \"createdAt\": \"2021-10-26T23:59:17.6505869Z\"\r\n  },\r\n  \"properties\": {\r\n    \"provisioningState\": \"Succeeded\",\r\n    \"documentEndpoint\": \"https://mongo-db0029.documents.azure.com:443/\",\r\n    \"mongoEndpoint\": \"https://mongo-db0029.mongo.cosmos.azure.com:443/\",\r\n    \"publicNetworkAccess\": \"Enabled\",\r\n    \"enableAutomaticFailover\": false,\r\n    \"enableMultipleWriteLocations\": false,\r\n    \"enablePartitionKeyMonitor\": false,\r\n    \"isVirtualNetworkFilterEnabled\": false,\r\n    \"virtualNetworkRules\": [],\r\n    \"EnabledApiTypes\": \"MongoDB\",\r\n    \"disableKeyBasedMetadataWriteAccess\": false,\r\n    \"enableFreeTier\": false,\r\n    \"enableAnalyticalStorage\": false,\r\n    \"analyticalStorageConfiguration\": {\r\n      \"schemaType\": \"FullFidelity\"\r\n    },\r\n    \"instanceId\": \"3a436a18-449f-463f-83d5-69c01e70f9c7\",\r\n    \"databaseAccountOfferType\": \"Standard\",\r\n    \"defaultIdentity\": \"FirstPartyIdentity\",\r\n    \"networkAclBypass\": \"None\",\r\n    \"disableLocalAuth\": false,\r\n    \"consistencyPolicy\": {\r\n      \"defaultConsistencyLevel\": \"Session\",\r\n      \"maxIntervalInSeconds\": 5,\r\n      \"maxStalenessPrefix\": 100\r\n    },\r\n    \"apiProperties\": {\r\n      \"serverVersion\": \"3.6\"\r\n    },\r\n    \"configurationOverrides\": {\r\n      \"EnableBsonSchema\": \"True\"\r\n    },\r\n    \"writeLocations\": [\r\n      {\r\n        \"id\": \"mongo-db0029-eastus\",\r\n        \"locationName\": \"East US\",\r\n        \"documentEndpoint\": \"https://mongo-db0029-eastus.documents.azure.com:443/\",\r\n        \"provisioningState\": \"Succeeded\",\r\n        \"failoverPriority\": 0,\r\n        \"isZoneRedundant\": false\r\n      }\r\n    ],\r\n    \"readLocations\": [\r\n      {\r\n        \"id\": \"mongo-db0029-eastus\",\r\n        \"locationName\": \"East US\",\r\n        \"documentEndpoint\": \"https://mongo-db0029-eastus.documents.azure.com:443/\",\r\n        \"provisioningState\": \"Succeeded\",\r\n        \"failoverPriority\": 0,\r\n        \"isZoneRedundant\": false\r\n      }\r\n    ],\r\n    \"locations\": [\r\n      {\r\n        \"id\": \"mongo-db0029-eastus\",\r\n        \"locationName\": \"East US\",\r\n        \"documentEndpoint\": \"https://mongo-db0029-eastus.documents.azure.com:443/\",\r\n        \"provisioningState\": \"Succeeded\",\r\n        \"failoverPriority\": 0,\r\n        \"isZoneRedundant\": false\r\n      }\r\n    ],\r\n    \"failoverPolicies\": [\r\n      {\r\n        \"id\": \"mongo-db0029-eastus\",\r\n        \"locationName\": \"East US\",\r\n        \"failoverPriority\": 0\r\n      }\r\n    ],\r\n    \"cors\": [],\r\n    \"capabilities\": [\r\n      {\r\n        \"name\": \"EnableMongo\"\r\n      }\r\n    ],\r\n    \"ipRules\": [],\r\n    \"backupPolicy\": {\r\n      \"type\": \"Periodic\",\r\n      \"periodicModeProperties\": {\r\n        \"backupIntervalInMinutes\": 240,\r\n        \"backupRetentionIntervalInHours\": 8,\r\n        \"backupStorageRedundancy\": \"Geo\"\r\n      }\r\n    },\r\n    \"networkAclBypassResourceIds\": []\r\n  },\r\n  \"identity\": {\r\n    \"type\": \"None\"\r\n  }\r\n}",
      "StatusCode": 200
    },
    {
      "RequestUri": "/subscriptions/259fbb24-9bcd-4cfc-865c-fc33b22fe38a/resourceGroups/CosmosDBResourceGroup29/providers/Microsoft.DocumentDB/databaseAccounts/mongo-db0029?api-version=2021-10-15",
      "EncodedRequestUri": "L3N1YnNjcmlwdGlvbnMvMjU5ZmJiMjQtOWJjZC00Y2ZjLTg2NWMtZmMzM2IyMmZlMzhhL3Jlc291cmNlR3JvdXBzL0Nvc21vc0RCUmVzb3VyY2VHcm91cDI5L3Byb3ZpZGVycy9NaWNyb3NvZnQuRG9jdW1lbnREQi9kYXRhYmFzZUFjY291bnRzL21vbmdvLWRiMDAyOT9hcGktdmVyc2lvbj0yMDIxLTEwLTE1",
      "RequestMethod": "GET",
      "RequestBody": "",
      "RequestHeaders": {
        "x-ms-client-request-id": [
          "2d4431a1-2e62-4c03-92a7-c1885551c199"
        ],
        "Accept-Language": [
          "en-US"
        ],
        "User-Agent": [
          "FxVersion/4.6.28207.03",
          "OSName/Windows",
          "OSVersion/Microsoft.Windows.10.0.19043.",
          "Microsoft.Azure.Management.CosmosDB.CosmosDBManagementClient/3.2.0.0"
        ]
      },
      "ResponseHeaders": {
        "Cache-Control": [
          "no-store, no-cache"
        ],
        "Pragma": [
          "no-cache"
        ],
        "Strict-Transport-Security": [
          "max-age=31536000; includeSubDomains"
        ],
        "x-ms-gatewayversion": [
          "version=2.14.0"
        ],
        "Server": [
          "Microsoft-HTTPAPI/2.0"
        ],
        "x-ms-ratelimit-remaining-subscription-reads": [
          "11985"
        ],
        "x-ms-request-id": [
          "14005d35-4f63-4616-9db3-f6e2601b4310"
        ],
        "x-ms-correlation-request-id": [
          "14005d35-4f63-4616-9db3-f6e2601b4310"
        ],
        "x-ms-routing-request-id": [
          "WESTUS2:20211027T000111Z:14005d35-4f63-4616-9db3-f6e2601b4310"
        ],
        "X-Content-Type-Options": [
          "nosniff"
        ],
        "Date": [
          "Wed, 27 Oct 2021 00:01:11 GMT"
        ],
        "Content-Length": [
          "2328"
        ],
        "Content-Type": [
          "application/json"
        ]
      },
      "ResponseBody": "{\r\n  \"id\": \"/subscriptions/259fbb24-9bcd-4cfc-865c-fc33b22fe38a/resourceGroups/CosmosDBResourceGroup29/providers/Microsoft.DocumentDB/databaseAccounts/mongo-db0029\",\r\n  \"name\": \"mongo-db0029\",\r\n  \"location\": \"East US\",\r\n  \"type\": \"Microsoft.DocumentDB/databaseAccounts\",\r\n  \"kind\": \"MongoDB\",\r\n  \"tags\": {},\r\n  \"systemData\": {\r\n    \"createdAt\": \"2021-10-26T23:59:17.6505869Z\"\r\n  },\r\n  \"properties\": {\r\n    \"provisioningState\": \"Succeeded\",\r\n    \"documentEndpoint\": \"https://mongo-db0029.documents.azure.com:443/\",\r\n    \"mongoEndpoint\": \"https://mongo-db0029.mongo.cosmos.azure.com:443/\",\r\n    \"publicNetworkAccess\": \"Enabled\",\r\n    \"enableAutomaticFailover\": false,\r\n    \"enableMultipleWriteLocations\": false,\r\n    \"enablePartitionKeyMonitor\": false,\r\n    \"isVirtualNetworkFilterEnabled\": false,\r\n    \"virtualNetworkRules\": [],\r\n    \"EnabledApiTypes\": \"MongoDB\",\r\n    \"disableKeyBasedMetadataWriteAccess\": false,\r\n    \"enableFreeTier\": false,\r\n    \"enableAnalyticalStorage\": false,\r\n    \"analyticalStorageConfiguration\": {\r\n      \"schemaType\": \"FullFidelity\"\r\n    },\r\n    \"instanceId\": \"3a436a18-449f-463f-83d5-69c01e70f9c7\",\r\n    \"databaseAccountOfferType\": \"Standard\",\r\n    \"defaultIdentity\": \"FirstPartyIdentity\",\r\n    \"networkAclBypass\": \"None\",\r\n    \"disableLocalAuth\": false,\r\n    \"consistencyPolicy\": {\r\n      \"defaultConsistencyLevel\": \"Session\",\r\n      \"maxIntervalInSeconds\": 5,\r\n      \"maxStalenessPrefix\": 100\r\n    },\r\n    \"apiProperties\": {\r\n      \"serverVersion\": \"3.6\"\r\n    },\r\n    \"configurationOverrides\": {\r\n      \"EnableBsonSchema\": \"True\"\r\n    },\r\n    \"writeLocations\": [\r\n      {\r\n        \"id\": \"mongo-db0029-eastus\",\r\n        \"locationName\": \"East US\",\r\n        \"documentEndpoint\": \"https://mongo-db0029-eastus.documents.azure.com:443/\",\r\n        \"provisioningState\": \"Succeeded\",\r\n        \"failoverPriority\": 0,\r\n        \"isZoneRedundant\": false\r\n      }\r\n    ],\r\n    \"readLocations\": [\r\n      {\r\n        \"id\": \"mongo-db0029-eastus\",\r\n        \"locationName\": \"East US\",\r\n        \"documentEndpoint\": \"https://mongo-db0029-eastus.documents.azure.com:443/\",\r\n        \"provisioningState\": \"Succeeded\",\r\n        \"failoverPriority\": 0,\r\n        \"isZoneRedundant\": false\r\n      }\r\n    ],\r\n    \"locations\": [\r\n      {\r\n        \"id\": \"mongo-db0029-eastus\",\r\n        \"locationName\": \"East US\",\r\n        \"documentEndpoint\": \"https://mongo-db0029-eastus.documents.azure.com:443/\",\r\n        \"provisioningState\": \"Succeeded\",\r\n        \"failoverPriority\": 0,\r\n        \"isZoneRedundant\": false\r\n      }\r\n    ],\r\n    \"failoverPolicies\": [\r\n      {\r\n        \"id\": \"mongo-db0029-eastus\",\r\n        \"locationName\": \"East US\",\r\n        \"failoverPriority\": 0\r\n      }\r\n    ],\r\n    \"cors\": [],\r\n    \"capabilities\": [\r\n      {\r\n        \"name\": \"EnableMongo\"\r\n      }\r\n    ],\r\n    \"ipRules\": [],\r\n    \"backupPolicy\": {\r\n      \"type\": \"Periodic\",\r\n      \"periodicModeProperties\": {\r\n        \"backupIntervalInMinutes\": 240,\r\n        \"backupRetentionIntervalInHours\": 8,\r\n        \"backupStorageRedundancy\": \"Geo\"\r\n      }\r\n    },\r\n    \"networkAclBypassResourceIds\": []\r\n  },\r\n  \"identity\": {\r\n    \"type\": \"None\"\r\n  }\r\n}",
      "StatusCode": 200
    },
    {
      "RequestUri": "/subscriptions/259fbb24-9bcd-4cfc-865c-fc33b22fe38a/resourceGroups/CosmosDBResourceGroup29/providers/Microsoft.DocumentDB/databaseAccounts/mongo-db0029?api-version=2021-10-15",
      "EncodedRequestUri": "L3N1YnNjcmlwdGlvbnMvMjU5ZmJiMjQtOWJjZC00Y2ZjLTg2NWMtZmMzM2IyMmZlMzhhL3Jlc291cmNlR3JvdXBzL0Nvc21vc0RCUmVzb3VyY2VHcm91cDI5L3Byb3ZpZGVycy9NaWNyb3NvZnQuRG9jdW1lbnREQi9kYXRhYmFzZUFjY291bnRzL21vbmdvLWRiMDAyOT9hcGktdmVyc2lvbj0yMDIxLTEwLTE1",
      "RequestMethod": "PUT",
      "RequestBody": "{\r\n  \"kind\": \"MongoDB\",\r\n  \"properties\": {\r\n    \"consistencyPolicy\": {\r\n      \"defaultConsistencyLevel\": \"Session\"\r\n    },\r\n    \"locations\": [\r\n      {\r\n        \"locationName\": \"East Us\",\r\n        \"failoverPriority\": 0,\r\n        \"isZoneRedundant\": false\r\n      }\r\n    ],\r\n    \"isVirtualNetworkFilterEnabled\": false,\r\n    \"enableAutomaticFailover\": false,\r\n    \"virtualNetworkRules\": [],\r\n    \"enableMultipleWriteLocations\": false,\r\n    \"disableKeyBasedMetadataWriteAccess\": false,\r\n    \"networkAclBypassResourceIds\": [],\r\n    \"databaseAccountOfferType\": \"Standard\"\r\n  },\r\n  \"location\": \"East Us\",\r\n  \"tags\": {}\r\n}",
      "RequestHeaders": {
        "x-ms-client-request-id": [
          "f26fe390-cac6-4609-89a3-82777398b79f"
        ],
        "Accept-Language": [
          "en-US"
        ],
        "User-Agent": [
          "FxVersion/4.6.28207.03",
          "OSName/Windows",
          "OSVersion/Microsoft.Windows.10.0.19043.",
          "Microsoft.Azure.Management.CosmosDB.CosmosDBManagementClient/3.2.0.0"
        ],
        "Content-Type": [
          "application/json; charset=utf-8"
        ],
        "Content-Length": [
          "613"
        ]
      },
      "ResponseHeaders": {
        "Cache-Control": [
          "no-store, no-cache"
        ],
        "Pragma": [
          "no-cache"
        ],
        "Location": [
          "https://management.azure.com/subscriptions/259fbb24-9bcd-4cfc-865c-fc33b22fe38a/resourceGroups/CosmosDBResourceGroup29/providers/Microsoft.DocumentDB/databaseAccounts/mongo-db0029/operationResults/44a73d1c-5830-4399-9fcf-29142de438c9?api-version=2021-10-15"
        ],
        "x-ms-request-id": [
          "44a73d1c-5830-4399-9fcf-29142de438c9"
        ],
        "Azure-AsyncOperation": [
          "https://management.azure.com/subscriptions/259fbb24-9bcd-4cfc-865c-fc33b22fe38a/providers/Microsoft.DocumentDB/locations/eastus/operationsStatus/44a73d1c-5830-4399-9fcf-29142de438c9?api-version=2021-10-15"
        ],
        "Strict-Transport-Security": [
          "max-age=31536000; includeSubDomains"
        ],
        "x-ms-gatewayversion": [
          "version=2.14.0"
        ],
        "Server": [
          "Microsoft-HTTPAPI/2.0"
        ],
        "x-ms-ratelimit-remaining-subscription-writes": [
          "1198"
        ],
        "x-ms-correlation-request-id": [
          "83313de4-8c83-4625-83d4-a0ff8f877b87"
        ],
        "x-ms-routing-request-id": [
          "WESTUS2:20211026T235707Z:83313de4-8c83-4625-83d4-a0ff8f877b87"
        ],
        "X-Content-Type-Options": [
          "nosniff"
        ],
        "Date": [
          "Tue, 26 Oct 2021 23:57:07 GMT"
        ],
        "Content-Length": [
          "1929"
        ],
        "Content-Type": [
          "application/json"
        ]
      },
      "ResponseBody": "{\r\n  \"id\": \"/subscriptions/259fbb24-9bcd-4cfc-865c-fc33b22fe38a/resourceGroups/CosmosDBResourceGroup29/providers/Microsoft.DocumentDB/databaseAccounts/mongo-db0029\",\r\n  \"name\": \"mongo-db0029\",\r\n  \"location\": \"East US\",\r\n  \"type\": \"Microsoft.DocumentDB/databaseAccounts\",\r\n  \"kind\": \"MongoDB\",\r\n  \"tags\": {},\r\n  \"systemData\": {\r\n    \"createdAt\": \"2021-10-26T23:57:05.2035093Z\"\r\n  },\r\n  \"properties\": {\r\n    \"provisioningState\": \"Creating\",\r\n    \"publicNetworkAccess\": \"Enabled\",\r\n    \"enableAutomaticFailover\": false,\r\n    \"enableMultipleWriteLocations\": false,\r\n    \"enablePartitionKeyMonitor\": false,\r\n    \"isVirtualNetworkFilterEnabled\": false,\r\n    \"virtualNetworkRules\": [],\r\n    \"EnabledApiTypes\": \"MongoDB\",\r\n    \"disableKeyBasedMetadataWriteAccess\": false,\r\n    \"enableFreeTier\": false,\r\n    \"enableAnalyticalStorage\": false,\r\n    \"analyticalStorageConfiguration\": {\r\n      \"schemaType\": \"FullFidelity\"\r\n    },\r\n    \"instanceId\": \"3a436a18-449f-463f-83d5-69c01e70f9c7\",\r\n    \"databaseAccountOfferType\": \"Standard\",\r\n    \"defaultIdentity\": \"\",\r\n    \"networkAclBypass\": \"None\",\r\n    \"disableLocalAuth\": false,\r\n    \"consistencyPolicy\": {\r\n      \"defaultConsistencyLevel\": \"Session\",\r\n      \"maxIntervalInSeconds\": 5,\r\n      \"maxStalenessPrefix\": 100\r\n    },\r\n    \"apiProperties\": {\r\n      \"serverVersion\": \"3.6\"\r\n    },\r\n    \"configurationOverrides\": {},\r\n    \"writeLocations\": [\r\n      {\r\n        \"id\": \"mongo-db0029-eastus\",\r\n        \"locationName\": \"East US\",\r\n        \"provisioningState\": \"Creating\",\r\n        \"failoverPriority\": 0,\r\n        \"isZoneRedundant\": false\r\n      }\r\n    ],\r\n    \"readLocations\": [\r\n      {\r\n        \"id\": \"mongo-db0029-eastus\",\r\n        \"locationName\": \"East US\",\r\n        \"provisioningState\": \"Creating\",\r\n        \"failoverPriority\": 0,\r\n        \"isZoneRedundant\": false\r\n      }\r\n    ],\r\n    \"locations\": [\r\n      {\r\n        \"id\": \"mongo-db0029-eastus\",\r\n        \"locationName\": \"East US\",\r\n        \"provisioningState\": \"Creating\",\r\n        \"failoverPriority\": 0,\r\n        \"isZoneRedundant\": false\r\n      }\r\n    ],\r\n    \"failoverPolicies\": [\r\n      {\r\n        \"id\": \"mongo-db0029-eastus\",\r\n        \"locationName\": \"East US\",\r\n        \"failoverPriority\": 0\r\n      }\r\n    ],\r\n    \"cors\": [],\r\n    \"capabilities\": [\r\n      {\r\n        \"name\": \"EnableMongo\"\r\n      }\r\n    ],\r\n    \"ipRules\": [],\r\n    \"backupPolicy\": {\r\n      \"type\": \"Periodic\",\r\n      \"periodicModeProperties\": {\r\n        \"backupIntervalInMinutes\": 240,\r\n        \"backupRetentionIntervalInHours\": 8,\r\n        \"backupStorageRedundancy\": \"Invalid\"\r\n      }\r\n    },\r\n    \"networkAclBypassResourceIds\": []\r\n  },\r\n  \"identity\": {\r\n    \"type\": \"None\"\r\n  }\r\n}",
      "StatusCode": 200
    },
    {
      "RequestUri": "/subscriptions/259fbb24-9bcd-4cfc-865c-fc33b22fe38a/providers/Microsoft.DocumentDB/locations/eastus/operationsStatus/44a73d1c-5830-4399-9fcf-29142de438c9?api-version=2021-10-15",
      "EncodedRequestUri": "L3N1YnNjcmlwdGlvbnMvMjU5ZmJiMjQtOWJjZC00Y2ZjLTg2NWMtZmMzM2IyMmZlMzhhL3Byb3ZpZGVycy9NaWNyb3NvZnQuRG9jdW1lbnREQi9sb2NhdGlvbnMvZWFzdHVzL29wZXJhdGlvbnNTdGF0dXMvNDRhNzNkMWMtNTgzMC00Mzk5LTlmY2YtMjkxNDJkZTQzOGM5P2FwaS12ZXJzaW9uPTIwMjEtMTAtMTU=",
      "RequestMethod": "GET",
      "RequestBody": "",
      "RequestHeaders": {
        "x-ms-client-request-id": [
          "f26fe390-cac6-4609-89a3-82777398b79f"
        ],
        "User-Agent": [
          "FxVersion/4.6.28207.03",
          "OSName/Windows",
          "OSVersion/Microsoft.Windows.10.0.19043.",
          "Microsoft.Azure.Management.CosmosDB.CosmosDBManagementClient/3.2.0.0"
        ]
      },
      "ResponseHeaders": {
        "Cache-Control": [
          "no-store, no-cache"
        ],
        "Pragma": [
          "no-cache"
        ],
        "Strict-Transport-Security": [
          "max-age=31536000; includeSubDomains"
        ],
        "x-ms-gatewayversion": [
          "version=2.14.0"
        ],
        "Server": [
          "Microsoft-HTTPAPI/2.0"
        ],
        "x-ms-ratelimit-remaining-subscription-reads": [
          "11998"
        ],
        "x-ms-request-id": [
          "417a91c7-9fa6-4d45-9000-e8725bf782a6"
        ],
        "x-ms-correlation-request-id": [
          "417a91c7-9fa6-4d45-9000-e8725bf782a6"
        ],
        "x-ms-routing-request-id": [
          "WESTUS2:20211026T235737Z:417a91c7-9fa6-4d45-9000-e8725bf782a6"
        ],
        "X-Content-Type-Options": [
          "nosniff"
        ],
        "Date": [
          "Tue, 26 Oct 2021 23:57:37 GMT"
        ],
        "Content-Length": [
          "21"
        ],
        "Content-Type": [
          "application/json"
        ]
      },
      "ResponseBody": "{\r\n  \"status\": \"Dequeued\"\r\n}",
      "StatusCode": 200
    },
    {
      "RequestUri": "/subscriptions/259fbb24-9bcd-4cfc-865c-fc33b22fe38a/providers/Microsoft.DocumentDB/locations/eastus/operationsStatus/44a73d1c-5830-4399-9fcf-29142de438c9?api-version=2021-10-15",
      "EncodedRequestUri": "L3N1YnNjcmlwdGlvbnMvMjU5ZmJiMjQtOWJjZC00Y2ZjLTg2NWMtZmMzM2IyMmZlMzhhL3Byb3ZpZGVycy9NaWNyb3NvZnQuRG9jdW1lbnREQi9sb2NhdGlvbnMvZWFzdHVzL29wZXJhdGlvbnNTdGF0dXMvNDRhNzNkMWMtNTgzMC00Mzk5LTlmY2YtMjkxNDJkZTQzOGM5P2FwaS12ZXJzaW9uPTIwMjEtMTAtMTU=",
      "RequestMethod": "GET",
      "RequestBody": "",
      "RequestHeaders": {
        "x-ms-client-request-id": [
          "f26fe390-cac6-4609-89a3-82777398b79f"
        ],
        "User-Agent": [
          "FxVersion/4.6.28207.03",
          "OSName/Windows",
          "OSVersion/Microsoft.Windows.10.0.19043.",
          "Microsoft.Azure.Management.CosmosDB.CosmosDBManagementClient/3.2.0.0"
        ]
      },
      "ResponseHeaders": {
        "Cache-Control": [
          "no-store, no-cache"
        ],
        "Pragma": [
          "no-cache"
        ],
        "Strict-Transport-Security": [
          "max-age=31536000; includeSubDomains"
        ],
        "x-ms-gatewayversion": [
          "version=2.14.0"
        ],
        "Server": [
          "Microsoft-HTTPAPI/2.0"
        ],
        "x-ms-ratelimit-remaining-subscription-reads": [
          "11997"
        ],
        "x-ms-request-id": [
          "71a41f7a-6d2b-46b9-9252-d1eb70347c6b"
        ],
        "x-ms-correlation-request-id": [
          "71a41f7a-6d2b-46b9-9252-d1eb70347c6b"
        ],
        "x-ms-routing-request-id": [
          "WESTUS2:20211026T235807Z:71a41f7a-6d2b-46b9-9252-d1eb70347c6b"
        ],
        "X-Content-Type-Options": [
          "nosniff"
        ],
        "Date": [
          "Tue, 26 Oct 2021 23:58:07 GMT"
        ],
        "Content-Length": [
          "21"
        ],
        "Content-Type": [
          "application/json"
        ]
      },
      "ResponseBody": "{\r\n  \"status\": \"Dequeued\"\r\n}",
      "StatusCode": 200
    },
    {
      "RequestUri": "/subscriptions/259fbb24-9bcd-4cfc-865c-fc33b22fe38a/providers/Microsoft.DocumentDB/locations/eastus/operationsStatus/44a73d1c-5830-4399-9fcf-29142de438c9?api-version=2021-10-15",
      "EncodedRequestUri": "L3N1YnNjcmlwdGlvbnMvMjU5ZmJiMjQtOWJjZC00Y2ZjLTg2NWMtZmMzM2IyMmZlMzhhL3Byb3ZpZGVycy9NaWNyb3NvZnQuRG9jdW1lbnREQi9sb2NhdGlvbnMvZWFzdHVzL29wZXJhdGlvbnNTdGF0dXMvNDRhNzNkMWMtNTgzMC00Mzk5LTlmY2YtMjkxNDJkZTQzOGM5P2FwaS12ZXJzaW9uPTIwMjEtMTAtMTU=",
      "RequestMethod": "GET",
      "RequestBody": "",
      "RequestHeaders": {
        "x-ms-client-request-id": [
          "f26fe390-cac6-4609-89a3-82777398b79f"
        ],
        "User-Agent": [
          "FxVersion/4.6.28207.03",
          "OSName/Windows",
          "OSVersion/Microsoft.Windows.10.0.19043.",
          "Microsoft.Azure.Management.CosmosDB.CosmosDBManagementClient/3.2.0.0"
        ]
      },
      "ResponseHeaders": {
        "Cache-Control": [
          "no-store, no-cache"
        ],
        "Pragma": [
          "no-cache"
        ],
        "Strict-Transport-Security": [
          "max-age=31536000; includeSubDomains"
        ],
        "x-ms-gatewayversion": [
          "version=2.14.0"
        ],
        "Server": [
          "Microsoft-HTTPAPI/2.0"
        ],
        "x-ms-ratelimit-remaining-subscription-reads": [
          "11996"
        ],
        "x-ms-request-id": [
          "48053e5f-c39d-4cc2-9e05-b238562fc24b"
        ],
        "x-ms-correlation-request-id": [
          "48053e5f-c39d-4cc2-9e05-b238562fc24b"
        ],
        "x-ms-routing-request-id": [
          "WESTUS2:20211026T235837Z:48053e5f-c39d-4cc2-9e05-b238562fc24b"
        ],
        "X-Content-Type-Options": [
          "nosniff"
        ],
        "Date": [
          "Tue, 26 Oct 2021 23:58:37 GMT"
        ],
        "Content-Length": [
          "21"
        ],
        "Content-Type": [
          "application/json"
        ]
      },
      "ResponseBody": "{\r\n  \"status\": \"Dequeued\"\r\n}",
      "StatusCode": 200
    },
    {
      "RequestUri": "/subscriptions/259fbb24-9bcd-4cfc-865c-fc33b22fe38a/providers/Microsoft.DocumentDB/locations/eastus/operationsStatus/44a73d1c-5830-4399-9fcf-29142de438c9?api-version=2021-10-15",
      "EncodedRequestUri": "L3N1YnNjcmlwdGlvbnMvMjU5ZmJiMjQtOWJjZC00Y2ZjLTg2NWMtZmMzM2IyMmZlMzhhL3Byb3ZpZGVycy9NaWNyb3NvZnQuRG9jdW1lbnREQi9sb2NhdGlvbnMvZWFzdHVzL29wZXJhdGlvbnNTdGF0dXMvNDRhNzNkMWMtNTgzMC00Mzk5LTlmY2YtMjkxNDJkZTQzOGM5P2FwaS12ZXJzaW9uPTIwMjEtMTAtMTU=",
      "RequestMethod": "GET",
      "RequestBody": "",
      "RequestHeaders": {
        "x-ms-client-request-id": [
          "f26fe390-cac6-4609-89a3-82777398b79f"
        ],
        "User-Agent": [
          "FxVersion/4.6.28207.03",
          "OSName/Windows",
          "OSVersion/Microsoft.Windows.10.0.19043.",
          "Microsoft.Azure.Management.CosmosDB.CosmosDBManagementClient/3.2.0.0"
        ]
      },
      "ResponseHeaders": {
        "Cache-Control": [
          "no-store, no-cache"
        ],
        "Pragma": [
          "no-cache"
        ],
        "Strict-Transport-Security": [
          "max-age=31536000; includeSubDomains"
        ],
        "x-ms-gatewayversion": [
          "version=2.14.0"
        ],
        "Server": [
          "Microsoft-HTTPAPI/2.0"
        ],
        "x-ms-ratelimit-remaining-subscription-reads": [
          "11995"
        ],
        "x-ms-request-id": [
          "4f8669e7-d54f-4324-87ed-9afe2002b90a"
        ],
        "x-ms-correlation-request-id": [
          "4f8669e7-d54f-4324-87ed-9afe2002b90a"
        ],
        "x-ms-routing-request-id": [
          "WESTUS2:20211026T235907Z:4f8669e7-d54f-4324-87ed-9afe2002b90a"
        ],
        "X-Content-Type-Options": [
          "nosniff"
        ],
        "Date": [
          "Tue, 26 Oct 2021 23:59:07 GMT"
        ],
        "Content-Length": [
          "21"
        ],
        "Content-Type": [
          "application/json"
        ]
      },
      "ResponseBody": "{\r\n  \"status\": \"Dequeued\"\r\n}",
      "StatusCode": 200
    },
    {
      "RequestUri": "/subscriptions/259fbb24-9bcd-4cfc-865c-fc33b22fe38a/providers/Microsoft.DocumentDB/locations/eastus/operationsStatus/44a73d1c-5830-4399-9fcf-29142de438c9?api-version=2021-10-15",
      "EncodedRequestUri": "L3N1YnNjcmlwdGlvbnMvMjU5ZmJiMjQtOWJjZC00Y2ZjLTg2NWMtZmMzM2IyMmZlMzhhL3Byb3ZpZGVycy9NaWNyb3NvZnQuRG9jdW1lbnREQi9sb2NhdGlvbnMvZWFzdHVzL29wZXJhdGlvbnNTdGF0dXMvNDRhNzNkMWMtNTgzMC00Mzk5LTlmY2YtMjkxNDJkZTQzOGM5P2FwaS12ZXJzaW9uPTIwMjEtMTAtMTU=",
      "RequestMethod": "GET",
      "RequestBody": "",
      "RequestHeaders": {
        "x-ms-client-request-id": [
          "f26fe390-cac6-4609-89a3-82777398b79f"
        ],
        "User-Agent": [
          "FxVersion/4.6.28207.03",
          "OSName/Windows",
          "OSVersion/Microsoft.Windows.10.0.19043.",
          "Microsoft.Azure.Management.CosmosDB.CosmosDBManagementClient/3.2.0.0"
        ]
      },
      "ResponseHeaders": {
        "Cache-Control": [
          "no-store, no-cache"
        ],
        "Pragma": [
          "no-cache"
        ],
        "Strict-Transport-Security": [
          "max-age=31536000; includeSubDomains"
        ],
        "x-ms-gatewayversion": [
          "version=2.14.0"
        ],
        "Server": [
          "Microsoft-HTTPAPI/2.0"
        ],
        "x-ms-ratelimit-remaining-subscription-reads": [
          "11994"
        ],
        "x-ms-request-id": [
          "3fd4c8db-9d6c-45a6-a8f5-9a6f45d211a9"
        ],
        "x-ms-correlation-request-id": [
          "3fd4c8db-9d6c-45a6-a8f5-9a6f45d211a9"
        ],
        "x-ms-routing-request-id": [
          "WESTUS2:20211026T235938Z:3fd4c8db-9d6c-45a6-a8f5-9a6f45d211a9"
        ],
        "X-Content-Type-Options": [
          "nosniff"
        ],
        "Date": [
          "Tue, 26 Oct 2021 23:59:37 GMT"
        ],
        "Content-Length": [
          "21"
        ],
        "Content-Type": [
          "application/json"
        ]
      },
      "ResponseBody": "{\r\n  \"status\": \"Dequeued\"\r\n}",
      "StatusCode": 200
    },
    {
      "RequestUri": "/subscriptions/259fbb24-9bcd-4cfc-865c-fc33b22fe38a/providers/Microsoft.DocumentDB/locations/eastus/operationsStatus/44a73d1c-5830-4399-9fcf-29142de438c9?api-version=2021-10-15",
      "EncodedRequestUri": "L3N1YnNjcmlwdGlvbnMvMjU5ZmJiMjQtOWJjZC00Y2ZjLTg2NWMtZmMzM2IyMmZlMzhhL3Byb3ZpZGVycy9NaWNyb3NvZnQuRG9jdW1lbnREQi9sb2NhdGlvbnMvZWFzdHVzL29wZXJhdGlvbnNTdGF0dXMvNDRhNzNkMWMtNTgzMC00Mzk5LTlmY2YtMjkxNDJkZTQzOGM5P2FwaS12ZXJzaW9uPTIwMjEtMTAtMTU=",
      "RequestMethod": "GET",
      "RequestBody": "",
      "RequestHeaders": {
        "x-ms-client-request-id": [
          "f26fe390-cac6-4609-89a3-82777398b79f"
        ],
        "User-Agent": [
          "FxVersion/4.6.28207.03",
          "OSName/Windows",
          "OSVersion/Microsoft.Windows.10.0.19043.",
          "Microsoft.Azure.Management.CosmosDB.CosmosDBManagementClient/3.2.0.0"
        ]
      },
      "ResponseHeaders": {
        "Cache-Control": [
          "no-store, no-cache"
        ],
        "Pragma": [
          "no-cache"
        ],
        "Strict-Transport-Security": [
          "max-age=31536000; includeSubDomains"
        ],
        "x-ms-gatewayversion": [
          "version=2.14.0"
        ],
        "Server": [
          "Microsoft-HTTPAPI/2.0"
        ],
        "x-ms-ratelimit-remaining-subscription-reads": [
          "11993"
        ],
        "x-ms-request-id": [
          "d0281669-58b1-4dd6-bc7c-24b901583855"
        ],
        "x-ms-correlation-request-id": [
          "d0281669-58b1-4dd6-bc7c-24b901583855"
        ],
        "x-ms-routing-request-id": [
          "WESTUS2:20211027T000008Z:d0281669-58b1-4dd6-bc7c-24b901583855"
        ],
        "X-Content-Type-Options": [
          "nosniff"
        ],
        "Date": [
          "Wed, 27 Oct 2021 00:00:07 GMT"
        ],
        "Content-Length": [
          "22"
        ],
        "Content-Type": [
          "application/json"
        ]
      },
      "ResponseBody": "{\r\n  \"status\": \"Succeeded\"\r\n}",
      "StatusCode": 200
    },
    {
      "RequestUri": "/subscriptions/259fbb24-9bcd-4cfc-865c-fc33b22fe38a/resourceGroups/CosmosDBResourceGroup29/providers/Microsoft.DocumentDB/databaseAccounts/mongo-db0029/mongodbDatabases/dbName4?api-version=2021-10-15",
      "EncodedRequestUri": "L3N1YnNjcmlwdGlvbnMvMjU5ZmJiMjQtOWJjZC00Y2ZjLTg2NWMtZmMzM2IyMmZlMzhhL3Jlc291cmNlR3JvdXBzL0Nvc21vc0RCUmVzb3VyY2VHcm91cDI5L3Byb3ZpZGVycy9NaWNyb3NvZnQuRG9jdW1lbnREQi9kYXRhYmFzZUFjY291bnRzL21vbmdvLWRiMDAyOS9tb25nb2RiRGF0YWJhc2VzL2RiTmFtZTQ/YXBpLXZlcnNpb249MjAyMS0xMC0xNQ==",
      "RequestMethod": "GET",
      "RequestBody": "",
      "RequestHeaders": {
        "x-ms-client-request-id": [
          "f5d7d34b-4cb1-4c62-9862-00b64454d6eb"
        ],
        "Accept-Language": [
          "en-US"
        ],
        "User-Agent": [
          "FxVersion/4.6.28207.03",
          "OSName/Windows",
          "OSVersion/Microsoft.Windows.10.0.19043.",
          "Microsoft.Azure.Management.CosmosDB.CosmosDBManagementClient/3.2.0.0"
        ]
      },
      "ResponseHeaders": {
        "Cache-Control": [
          "no-store, no-cache"
        ],
        "Pragma": [
          "no-cache"
        ],
        "Strict-Transport-Security": [
          "max-age=31536000; includeSubDomains"
        ],
        "x-ms-gatewayversion": [
          "version=2.14.0"
        ],
        "Server": [
          "Microsoft-HTTPAPI/2.0"
        ],
        "x-ms-ratelimit-remaining-subscription-reads": [
          "11991"
        ],
        "x-ms-request-id": [
          "67b3e01e-c6c1-4b38-a70b-f5d69ebe5d22"
        ],
        "x-ms-correlation-request-id": [
          "67b3e01e-c6c1-4b38-a70b-f5d69ebe5d22"
        ],
        "x-ms-routing-request-id": [
          "WESTUS2:20211027T000008Z:67b3e01e-c6c1-4b38-a70b-f5d69ebe5d22"
        ],
        "X-Content-Type-Options": [
          "nosniff"
        ],
        "Date": [
          "Wed, 27 Oct 2021 00:00:08 GMT"
        ],
        "Content-Length": [
          "160"
        ],
        "Content-Type": [
          "application/json"
        ]
      },
      "ResponseBody": "{\r\n  \"code\": \"NotFound\",\r\n  \"message\": \"the database dbName4 doesn't exist.\\r\\nActivityId: f5d7d34b-4cb1-4c62-9862-00b64454d6eb, Microsoft.Azure.Documents.Common/2.14.0\"\r\n}",
      "StatusCode": 404
    },
    {
      "RequestUri": "/subscriptions/259fbb24-9bcd-4cfc-865c-fc33b22fe38a/resourceGroups/CosmosDBResourceGroup29/providers/Microsoft.DocumentDB/databaseAccounts/mongo-db0029/mongodbDatabases/dbName4?api-version=2021-10-15",
      "EncodedRequestUri": "L3N1YnNjcmlwdGlvbnMvMjU5ZmJiMjQtOWJjZC00Y2ZjLTg2NWMtZmMzM2IyMmZlMzhhL3Jlc291cmNlR3JvdXBzL0Nvc21vc0RCUmVzb3VyY2VHcm91cDI5L3Byb3ZpZGVycy9NaWNyb3NvZnQuRG9jdW1lbnREQi9kYXRhYmFzZUFjY291bnRzL21vbmdvLWRiMDAyOS9tb25nb2RiRGF0YWJhc2VzL2RiTmFtZTQ/YXBpLXZlcnNpb249MjAyMS0xMC0xNQ==",
      "RequestMethod": "GET",
      "RequestBody": "",
      "RequestHeaders": {
        "x-ms-client-request-id": [
          "f5d7d34b-4cb1-4c62-9862-00b64454d6eb"
        ],
        "User-Agent": [
          "FxVersion/4.6.28207.03",
          "OSName/Windows",
          "OSVersion/Microsoft.Windows.10.0.19043.",
          "Microsoft.Azure.Management.CosmosDB.CosmosDBManagementClient/3.2.0.0"
        ]
      },
      "ResponseHeaders": {
        "Cache-Control": [
          "no-store, no-cache"
        ],
        "Pragma": [
          "no-cache"
        ],
        "Strict-Transport-Security": [
          "max-age=31536000; includeSubDomains"
        ],
        "x-ms-gatewayversion": [
          "version=2.14.0"
        ],
        "Server": [
          "Microsoft-HTTPAPI/2.0"
        ],
        "x-ms-ratelimit-remaining-subscription-reads": [
          "11989"
        ],
        "x-ms-request-id": [
          "208f7168-efba-400a-8d29-4c56546b605f"
        ],
        "x-ms-correlation-request-id": [
          "208f7168-efba-400a-8d29-4c56546b605f"
        ],
        "x-ms-routing-request-id": [
          "WESTUS2:20211027T000039Z:208f7168-efba-400a-8d29-4c56546b605f"
        ],
        "X-Content-Type-Options": [
          "nosniff"
        ],
        "Date": [
          "Wed, 27 Oct 2021 00:00:39 GMT"
        ],
        "Content-Length": [
          "309"
        ],
        "Content-Type": [
          "application/json"
        ]
      },
      "ResponseBody": "{\r\n  \"id\": \"/subscriptions/259fbb24-9bcd-4cfc-865c-fc33b22fe38a/resourceGroups/CosmosDBResourceGroup29/providers/Microsoft.DocumentDB/databaseAccounts/mongo-db0029/mongodbDatabases/dbName4\",\r\n  \"type\": \"Microsoft.DocumentDB/databaseAccounts/mongodbDatabases\",\r\n  \"name\": \"dbName4\",\r\n  \"properties\": {\r\n    \"resource\": {\r\n      \"id\": \"dbName4\"\r\n    }\r\n  }\r\n}",
      "StatusCode": 200
    },
    {
      "RequestUri": "/subscriptions/259fbb24-9bcd-4cfc-865c-fc33b22fe38a/resourceGroups/CosmosDBResourceGroup29/providers/Microsoft.DocumentDB/databaseAccounts/mongo-db0029/mongodbDatabases/dbName4?api-version=2021-10-15",
      "EncodedRequestUri": "L3N1YnNjcmlwdGlvbnMvMjU5ZmJiMjQtOWJjZC00Y2ZjLTg2NWMtZmMzM2IyMmZlMzhhL3Jlc291cmNlR3JvdXBzL0Nvc21vc0RCUmVzb3VyY2VHcm91cDI5L3Byb3ZpZGVycy9NaWNyb3NvZnQuRG9jdW1lbnREQi9kYXRhYmFzZUFjY291bnRzL21vbmdvLWRiMDAyOS9tb25nb2RiRGF0YWJhc2VzL2RiTmFtZTQ/YXBpLXZlcnNpb249MjAyMS0xMC0xNQ==",
      "RequestMethod": "PUT",
      "RequestBody": "{\r\n  \"properties\": {\r\n    \"resource\": {\r\n      \"id\": \"dbName4\"\r\n    },\r\n    \"options\": {\r\n      \"throughput\": 1200\r\n    }\r\n  }\r\n}",
      "RequestHeaders": {
        "x-ms-client-request-id": [
          "f5d7d34b-4cb1-4c62-9862-00b64454d6eb"
        ],
        "Accept-Language": [
          "en-US"
        ],
        "User-Agent": [
          "FxVersion/4.6.28207.03",
          "OSName/Windows",
          "OSVersion/Microsoft.Windows.10.0.19043.",
          "Microsoft.Azure.Management.CosmosDB.CosmosDBManagementClient/3.2.0.0"
        ],
        "Content-Type": [
          "application/json; charset=utf-8"
        ],
        "Content-Length": [
          "129"
        ]
      },
      "ResponseHeaders": {
        "Cache-Control": [
          "no-store, no-cache"
        ],
        "Pragma": [
          "no-cache"
        ],
        "Location": [
          "https://management.azure.com/subscriptions/259fbb24-9bcd-4cfc-865c-fc33b22fe38a/resourceGroups/CosmosDBResourceGroup29/providers/Microsoft.DocumentDB/databaseAccounts/mongo-db0029/mongodbDatabases/dbName4/operationResults/2eff9e08-2bf7-4847-86bb-95d8998e285d?api-version=2021-10-15"
        ],
        "Azure-AsyncOperation": [
          "https://management.azure.com/subscriptions/259fbb24-9bcd-4cfc-865c-fc33b22fe38a/providers/Microsoft.DocumentDB/locations/eastus/operationsStatus/2eff9e08-2bf7-4847-86bb-95d8998e285d?api-version=2021-10-15"
        ],
        "x-ms-request-id": [
          "2eff9e08-2bf7-4847-86bb-95d8998e285d"
        ],
        "Strict-Transport-Security": [
          "max-age=31536000; includeSubDomains"
        ],
        "x-ms-gatewayversion": [
          "version=2.14.0"
        ],
        "Server": [
          "Microsoft-HTTPAPI/2.0"
        ],
        "x-ms-ratelimit-remaining-subscription-writes": [
          "1197"
        ],
        "x-ms-correlation-request-id": [
          "46062466-ce21-41a1-bca0-e85097c648bc"
        ],
        "x-ms-routing-request-id": [
          "WESTUS2:20211027T000009Z:46062466-ce21-41a1-bca0-e85097c648bc"
        ],
        "X-Content-Type-Options": [
          "nosniff"
        ],
        "Date": [
          "Wed, 27 Oct 2021 00:00:09 GMT"
        ],
        "Content-Length": [
          "21"
        ],
        "Content-Type": [
          "application/json"
        ]
      },
      "ResponseBody": "{\r\n  \"status\": \"Enqueued\"\r\n}",
      "StatusCode": 202
    },
    {
      "RequestUri": "/subscriptions/259fbb24-9bcd-4cfc-865c-fc33b22fe38a/providers/Microsoft.DocumentDB/locations/eastus/operationsStatus/2eff9e08-2bf7-4847-86bb-95d8998e285d?api-version=2021-10-15",
      "EncodedRequestUri": "L3N1YnNjcmlwdGlvbnMvMjU5ZmJiMjQtOWJjZC00Y2ZjLTg2NWMtZmMzM2IyMmZlMzhhL3Byb3ZpZGVycy9NaWNyb3NvZnQuRG9jdW1lbnREQi9sb2NhdGlvbnMvZWFzdHVzL29wZXJhdGlvbnNTdGF0dXMvMmVmZjllMDgtMmJmNy00ODQ3LTg2YmItOTVkODk5OGUyODVkP2FwaS12ZXJzaW9uPTIwMjEtMTAtMTU=",
      "RequestMethod": "GET",
      "RequestBody": "",
      "RequestHeaders": {
        "x-ms-client-request-id": [
          "f5d7d34b-4cb1-4c62-9862-00b64454d6eb"
        ],
        "User-Agent": [
          "FxVersion/4.6.28207.03",
          "OSName/Windows",
          "OSVersion/Microsoft.Windows.10.0.19043.",
          "Microsoft.Azure.Management.CosmosDB.CosmosDBManagementClient/3.2.0.0"
        ]
      },
      "ResponseHeaders": {
        "Cache-Control": [
          "no-store, no-cache"
        ],
        "Pragma": [
          "no-cache"
        ],
        "Strict-Transport-Security": [
          "max-age=31536000; includeSubDomains"
        ],
        "x-ms-gatewayversion": [
          "version=2.14.0"
        ],
        "Server": [
          "Microsoft-HTTPAPI/2.0"
        ],
        "x-ms-ratelimit-remaining-subscription-reads": [
          "11990"
        ],
        "x-ms-request-id": [
          "2940e030-3586-4ead-8505-391b2a332aa7"
        ],
        "x-ms-correlation-request-id": [
          "2940e030-3586-4ead-8505-391b2a332aa7"
        ],
        "x-ms-routing-request-id": [
          "WESTUS2:20211027T000039Z:2940e030-3586-4ead-8505-391b2a332aa7"
        ],
        "X-Content-Type-Options": [
          "nosniff"
        ],
        "Date": [
          "Wed, 27 Oct 2021 00:00:39 GMT"
        ],
        "Content-Length": [
          "22"
        ],
        "Content-Type": [
          "application/json"
        ]
      },
      "ResponseBody": "{\r\n  \"status\": \"Succeeded\"\r\n}",
      "StatusCode": 200
    },
    {
      "RequestUri": "/subscriptions/259fbb24-9bcd-4cfc-865c-fc33b22fe38a/resourceGroups/CosmosDBResourceGroup29/providers/Microsoft.DocumentDB/databaseAccounts/mongo-db0029/mongodbDatabases/dbName4/throughputSettings/default?api-version=2021-10-15",
      "EncodedRequestUri": "L3N1YnNjcmlwdGlvbnMvMjU5ZmJiMjQtOWJjZC00Y2ZjLTg2NWMtZmMzM2IyMmZlMzhhL3Jlc291cmNlR3JvdXBzL0Nvc21vc0RCUmVzb3VyY2VHcm91cDI5L3Byb3ZpZGVycy9NaWNyb3NvZnQuRG9jdW1lbnREQi9kYXRhYmFzZUFjY291bnRzL21vbmdvLWRiMDAyOS9tb25nb2RiRGF0YWJhc2VzL2RiTmFtZTQvdGhyb3VnaHB1dFNldHRpbmdzL2RlZmF1bHQ/YXBpLXZlcnNpb249MjAyMS0xMC0xNQ==",
      "RequestMethod": "GET",
      "RequestBody": "",
      "RequestHeaders": {
        "x-ms-client-request-id": [
          "0dd48ebd-2a68-497b-bb15-7f50baa54bfd"
        ],
        "Accept-Language": [
          "en-US"
        ],
        "User-Agent": [
          "FxVersion/4.6.28207.03",
          "OSName/Windows",
          "OSVersion/Microsoft.Windows.10.0.19043.",
          "Microsoft.Azure.Management.CosmosDB.CosmosDBManagementClient/3.2.0.0"
        ]
      },
      "ResponseHeaders": {
        "Cache-Control": [
          "no-store, no-cache"
        ],
        "Pragma": [
          "no-cache"
        ],
        "Strict-Transport-Security": [
          "max-age=31536000; includeSubDomains"
        ],
        "x-ms-gatewayversion": [
          "version=2.14.0"
        ],
        "Server": [
          "Microsoft-HTTPAPI/2.0"
        ],
        "x-ms-ratelimit-remaining-subscription-reads": [
          "11988"
        ],
        "x-ms-request-id": [
          "a9d29e13-b50e-413c-88f6-4509caec0113"
        ],
        "x-ms-correlation-request-id": [
          "a9d29e13-b50e-413c-88f6-4509caec0113"
        ],
        "x-ms-routing-request-id": [
          "WESTUS2:20211027T000040Z:a9d29e13-b50e-413c-88f6-4509caec0113"
        ],
        "X-Content-Type-Options": [
          "nosniff"
        ],
        "Date": [
          "Wed, 27 Oct 2021 00:00:39 GMT"
        ],
        "Content-Length": [
          "381"
        ],
        "Content-Type": [
          "application/json"
        ]
      },
      "ResponseBody": "{\r\n  \"id\": \"/subscriptions/259fbb24-9bcd-4cfc-865c-fc33b22fe38a/resourceGroups/CosmosDBResourceGroup29/providers/Microsoft.DocumentDB/databaseAccounts/mongo-db0029/mongodbDatabases/dbName4/throughputSettings/default\",\r\n  \"type\": \"Microsoft.DocumentDB/databaseAccounts/mongodbDatabases/throughputSettings\",\r\n  \"name\": \"zacw\",\r\n  \"properties\": {\r\n    \"resource\": {\r\n      \"throughput\": 1200,\r\n      \"minimumThroughput\": \"400\"\r\n    }\r\n  }\r\n}",
      "StatusCode": 200
    },
    {
      "RequestUri": "/subscriptions/259fbb24-9bcd-4cfc-865c-fc33b22fe38a/resourceGroups/CosmosDBResourceGroup29/providers/Microsoft.DocumentDB/databaseAccounts/mongo-db0029/mongodbDatabases/dbName4/throughputSettings/default/migrateToAutoscale?api-version=2021-10-15",
      "EncodedRequestUri": "L3N1YnNjcmlwdGlvbnMvMjU5ZmJiMjQtOWJjZC00Y2ZjLTg2NWMtZmMzM2IyMmZlMzhhL3Jlc291cmNlR3JvdXBzL0Nvc21vc0RCUmVzb3VyY2VHcm91cDI5L3Byb3ZpZGVycy9NaWNyb3NvZnQuRG9jdW1lbnREQi9kYXRhYmFzZUFjY291bnRzL21vbmdvLWRiMDAyOS9tb25nb2RiRGF0YWJhc2VzL2RiTmFtZTQvdGhyb3VnaHB1dFNldHRpbmdzL2RlZmF1bHQvbWlncmF0ZVRvQXV0b3NjYWxlP2FwaS12ZXJzaW9uPTIwMjEtMTAtMTU=",
      "RequestMethod": "POST",
      "RequestBody": "",
      "RequestHeaders": {
        "x-ms-client-request-id": [
          "9355b209-6f60-4e05-80b9-55a997b24112"
        ],
        "Accept-Language": [
          "en-US"
        ],
        "User-Agent": [
          "FxVersion/4.6.28207.03",
          "OSName/Windows",
          "OSVersion/Microsoft.Windows.10.0.19043.",
          "Microsoft.Azure.Management.CosmosDB.CosmosDBManagementClient/3.2.0.0"
        ]
      },
      "ResponseHeaders": {
        "Cache-Control": [
          "no-store, no-cache"
        ],
        "Pragma": [
          "no-cache"
        ],
        "Location": [
          "https://management.azure.com/subscriptions/259fbb24-9bcd-4cfc-865c-fc33b22fe38a/resourceGroups/CosmosDBResourceGroup29/providers/Microsoft.DocumentDB/databaseAccounts/mongo-db0029/mongodbDatabases/dbName4/throughputSettings/default/migrateToAutoscale/operationResults/8e611973-10ba-410d-82f8-1df60fa74966?api-version=2021-10-15"
        ],
        "Azure-AsyncOperation": [
          "https://management.azure.com/subscriptions/259fbb24-9bcd-4cfc-865c-fc33b22fe38a/providers/Microsoft.DocumentDB/locations/eastus/operationsStatus/8e611973-10ba-410d-82f8-1df60fa74966?api-version=2021-10-15"
        ],
        "x-ms-request-id": [
          "8e611973-10ba-410d-82f8-1df60fa74966"
        ],
        "Strict-Transport-Security": [
          "max-age=31536000; includeSubDomains"
        ],
        "x-ms-gatewayversion": [
          "version=2.14.0"
        ],
        "Server": [
          "Microsoft-HTTPAPI/2.0"
        ],
        "x-ms-ratelimit-remaining-subscription-writes": [
          "1199"
        ],
        "x-ms-correlation-request-id": [
          "02266dfa-364f-474b-a4e8-b2b8fb20c511"
        ],
        "x-ms-routing-request-id": [
          "WESTUS2:20211027T000041Z:02266dfa-364f-474b-a4e8-b2b8fb20c511"
        ],
        "X-Content-Type-Options": [
          "nosniff"
        ],
        "Date": [
          "Wed, 27 Oct 2021 00:00:40 GMT"
        ],
        "Content-Length": [
          "21"
        ],
        "Content-Type": [
          "application/json"
        ]
      },
      "ResponseBody": "{\r\n  \"status\": \"Enqueued\"\r\n}",
      "StatusCode": 202
    },
    {
      "RequestUri": "/subscriptions/259fbb24-9bcd-4cfc-865c-fc33b22fe38a/providers/Microsoft.DocumentDB/locations/eastus/operationsStatus/8e611973-10ba-410d-82f8-1df60fa74966?api-version=2021-10-15",
      "EncodedRequestUri": "L3N1YnNjcmlwdGlvbnMvMjU5ZmJiMjQtOWJjZC00Y2ZjLTg2NWMtZmMzM2IyMmZlMzhhL3Byb3ZpZGVycy9NaWNyb3NvZnQuRG9jdW1lbnREQi9sb2NhdGlvbnMvZWFzdHVzL29wZXJhdGlvbnNTdGF0dXMvOGU2MTE5NzMtMTBiYS00MTBkLTgyZjgtMWRmNjBmYTc0OTY2P2FwaS12ZXJzaW9uPTIwMjEtMTAtMTU=",
      "RequestMethod": "GET",
      "RequestBody": "",
      "RequestHeaders": {
        "x-ms-client-request-id": [
          "9355b209-6f60-4e05-80b9-55a997b24112"
        ],
        "User-Agent": [
          "FxVersion/4.6.28207.03",
          "OSName/Windows",
          "OSVersion/Microsoft.Windows.10.0.19043.",
          "Microsoft.Azure.Management.CosmosDB.CosmosDBManagementClient/3.2.0.0"
        ]
      },
      "ResponseHeaders": {
        "Cache-Control": [
          "no-store, no-cache"
        ],
        "Pragma": [
          "no-cache"
        ],
        "Strict-Transport-Security": [
          "max-age=31536000; includeSubDomains"
        ],
        "x-ms-gatewayversion": [
          "version=2.14.0"
        ],
        "Server": [
          "Microsoft-HTTPAPI/2.0"
        ],
        "x-ms-ratelimit-remaining-subscription-reads": [
          "11987"
        ],
        "x-ms-request-id": [
          "8f2cf9bf-de6d-4d8b-8238-e6dd5f59f316"
        ],
        "x-ms-correlation-request-id": [
          "8f2cf9bf-de6d-4d8b-8238-e6dd5f59f316"
        ],
        "x-ms-routing-request-id": [
          "WESTUS2:20211027T000111Z:8f2cf9bf-de6d-4d8b-8238-e6dd5f59f316"
        ],
        "X-Content-Type-Options": [
          "nosniff"
        ],
        "Date": [
          "Wed, 27 Oct 2021 00:01:10 GMT"
        ],
        "Content-Length": [
          "22"
        ],
        "Content-Type": [
          "application/json"
        ]
      },
      "ResponseBody": "{\r\n  \"status\": \"Succeeded\"\r\n}",
      "StatusCode": 200
    },
    {
      "RequestUri": "/subscriptions/259fbb24-9bcd-4cfc-865c-fc33b22fe38a/resourceGroups/CosmosDBResourceGroup29/providers/Microsoft.DocumentDB/databaseAccounts/mongo-db0029/mongodbDatabases/dbName4/throughputSettings/default/migrateToAutoscale/operationResults/8e611973-10ba-410d-82f8-1df60fa74966?api-version=2021-10-15",
      "EncodedRequestUri": "L3N1YnNjcmlwdGlvbnMvMjU5ZmJiMjQtOWJjZC00Y2ZjLTg2NWMtZmMzM2IyMmZlMzhhL3Jlc291cmNlR3JvdXBzL0Nvc21vc0RCUmVzb3VyY2VHcm91cDI5L3Byb3ZpZGVycy9NaWNyb3NvZnQuRG9jdW1lbnREQi9kYXRhYmFzZUFjY291bnRzL21vbmdvLWRiMDAyOS9tb25nb2RiRGF0YWJhc2VzL2RiTmFtZTQvdGhyb3VnaHB1dFNldHRpbmdzL2RlZmF1bHQvbWlncmF0ZVRvQXV0b3NjYWxlL29wZXJhdGlvblJlc3VsdHMvOGU2MTE5NzMtMTBiYS00MTBkLTgyZjgtMWRmNjBmYTc0OTY2P2FwaS12ZXJzaW9uPTIwMjEtMTAtMTU=",
      "RequestMethod": "GET",
      "RequestBody": "",
      "RequestHeaders": {
        "x-ms-client-request-id": [
          "9355b209-6f60-4e05-80b9-55a997b24112"
        ],
        "User-Agent": [
          "FxVersion/4.6.28207.03",
          "OSName/Windows",
          "OSVersion/Microsoft.Windows.10.0.19043.",
          "Microsoft.Azure.Management.CosmosDB.CosmosDBManagementClient/3.2.0.0"
        ]
      },
      "ResponseHeaders": {
        "Cache-Control": [
          "no-store, no-cache"
        ],
        "Pragma": [
          "no-cache"
        ],
        "Strict-Transport-Security": [
          "max-age=31536000; includeSubDomains"
        ],
        "x-ms-gatewayversion": [
          "version=2.14.0"
        ],
        "Server": [
          "Microsoft-HTTPAPI/2.0"
        ],
        "x-ms-ratelimit-remaining-subscription-reads": [
          "11986"
        ],
        "x-ms-request-id": [
          "5ea629cd-c130-4211-8942-f6e0c79d56c3"
        ],
        "x-ms-correlation-request-id": [
          "5ea629cd-c130-4211-8942-f6e0c79d56c3"
        ],
        "x-ms-routing-request-id": [
          "WESTUS2:20211027T000111Z:5ea629cd-c130-4211-8942-f6e0c79d56c3"
        ],
        "X-Content-Type-Options": [
          "nosniff"
        ],
        "Date": [
          "Wed, 27 Oct 2021 00:01:11 GMT"
        ],
        "Content-Length": [
          "462"
        ],
        "Content-Type": [
          "application/json"
        ]
      },
      "ResponseBody": "{\r\n  \"id\": \"/subscriptions/259fbb24-9bcd-4cfc-865c-fc33b22fe38a/resourceGroups/CosmosDBResourceGroup29/providers/Microsoft.DocumentDB/databaseAccounts/mongo-db0029/mongodbDatabases/dbName4/throughputSettings/default/migrateToAutoscale\",\r\n  \"type\": \"Microsoft.DocumentDB/databaseAccounts/mongodbDatabases/throughputSettings/migrateToAutoscale\",\r\n  \"name\": \"zacw\",\r\n  \"properties\": {\r\n    \"resource\": {\r\n      \"throughput\": 400,\r\n      \"autoscaleSettings\": {\r\n        \"maxThroughput\": 4000\r\n      },\r\n      \"minimumThroughput\": \"4000\"\r\n    }\r\n  }\r\n}",
      "StatusCode": 200
    },
    {
      "RequestUri": "/subscriptions/259fbb24-9bcd-4cfc-865c-fc33b22fe38a/resourceGroups/CosmosDBResourceGroup29/providers/Microsoft.DocumentDB/databaseAccounts/mongo-db0029/mongodbDatabases/dbName4/throughputSettings/default/migrateToManualThroughput?api-version=2021-10-15",
      "EncodedRequestUri": "L3N1YnNjcmlwdGlvbnMvMjU5ZmJiMjQtOWJjZC00Y2ZjLTg2NWMtZmMzM2IyMmZlMzhhL3Jlc291cmNlR3JvdXBzL0Nvc21vc0RCUmVzb3VyY2VHcm91cDI5L3Byb3ZpZGVycy9NaWNyb3NvZnQuRG9jdW1lbnREQi9kYXRhYmFzZUFjY291bnRzL21vbmdvLWRiMDAyOS9tb25nb2RiRGF0YWJhc2VzL2RiTmFtZTQvdGhyb3VnaHB1dFNldHRpbmdzL2RlZmF1bHQvbWlncmF0ZVRvTWFudWFsVGhyb3VnaHB1dD9hcGktdmVyc2lvbj0yMDIxLTEwLTE1",
      "RequestMethod": "POST",
      "RequestBody": "",
      "RequestHeaders": {
        "x-ms-client-request-id": [
          "097982ee-7f00-4cbb-bce3-85243da651d3"
        ],
        "Accept-Language": [
          "en-US"
        ],
        "User-Agent": [
          "FxVersion/4.6.28207.03",
          "OSName/Windows",
          "OSVersion/Microsoft.Windows.10.0.19043.",
          "Microsoft.Azure.Management.CosmosDB.CosmosDBManagementClient/3.2.0.0"
        ]
      },
      "ResponseHeaders": {
        "Cache-Control": [
          "no-store, no-cache"
        ],
        "Pragma": [
          "no-cache"
        ],
        "Location": [
          "https://management.azure.com/subscriptions/259fbb24-9bcd-4cfc-865c-fc33b22fe38a/resourceGroups/CosmosDBResourceGroup29/providers/Microsoft.DocumentDB/databaseAccounts/mongo-db0029/mongodbDatabases/dbName4/throughputSettings/default/migrateToManualThroughput/operationResults/1d9df67b-9fb2-4d1d-a2cd-3127f7de96be?api-version=2021-10-15"
        ],
        "Azure-AsyncOperation": [
          "https://management.azure.com/subscriptions/259fbb24-9bcd-4cfc-865c-fc33b22fe38a/providers/Microsoft.DocumentDB/locations/eastus/operationsStatus/1d9df67b-9fb2-4d1d-a2cd-3127f7de96be?api-version=2021-10-15"
        ],
        "x-ms-request-id": [
          "1d9df67b-9fb2-4d1d-a2cd-3127f7de96be"
        ],
        "Strict-Transport-Security": [
          "max-age=31536000; includeSubDomains"
        ],
        "x-ms-gatewayversion": [
          "version=2.14.0"
        ],
        "Server": [
          "Microsoft-HTTPAPI/2.0"
        ],
        "x-ms-ratelimit-remaining-subscription-writes": [
          "1198"
        ],
        "x-ms-correlation-request-id": [
          "2ca97a6c-1dc7-457f-898b-98a715276fe8"
        ],
        "x-ms-routing-request-id": [
          "WESTUS2:20211027T000112Z:2ca97a6c-1dc7-457f-898b-98a715276fe8"
        ],
        "X-Content-Type-Options": [
          "nosniff"
        ],
        "Date": [
          "Wed, 27 Oct 2021 00:01:12 GMT"
        ],
        "Content-Length": [
          "21"
        ],
        "Content-Type": [
          "application/json"
        ]
      },
      "ResponseBody": "{\r\n  \"status\": \"Enqueued\"\r\n}",
      "StatusCode": 202
    },
    {
      "RequestUri": "/subscriptions/259fbb24-9bcd-4cfc-865c-fc33b22fe38a/providers/Microsoft.DocumentDB/locations/eastus/operationsStatus/1d9df67b-9fb2-4d1d-a2cd-3127f7de96be?api-version=2021-10-15",
      "EncodedRequestUri": "L3N1YnNjcmlwdGlvbnMvMjU5ZmJiMjQtOWJjZC00Y2ZjLTg2NWMtZmMzM2IyMmZlMzhhL3Byb3ZpZGVycy9NaWNyb3NvZnQuRG9jdW1lbnREQi9sb2NhdGlvbnMvZWFzdHVzL29wZXJhdGlvbnNTdGF0dXMvMWQ5ZGY2N2ItOWZiMi00ZDFkLWEyY2QtMzEyN2Y3ZGU5NmJlP2FwaS12ZXJzaW9uPTIwMjEtMTAtMTU=",
      "RequestMethod": "GET",
      "RequestBody": "",
      "RequestHeaders": {
        "x-ms-client-request-id": [
          "097982ee-7f00-4cbb-bce3-85243da651d3"
        ],
        "User-Agent": [
          "FxVersion/4.6.28207.03",
          "OSName/Windows",
          "OSVersion/Microsoft.Windows.10.0.19043.",
          "Microsoft.Azure.Management.CosmosDB.CosmosDBManagementClient/3.2.0.0"
        ]
      },
      "ResponseHeaders": {
        "Cache-Control": [
          "no-store, no-cache"
        ],
        "Pragma": [
          "no-cache"
        ],
        "Strict-Transport-Security": [
          "max-age=31536000; includeSubDomains"
        ],
        "x-ms-gatewayversion": [
          "version=2.14.0"
        ],
        "Server": [
          "Microsoft-HTTPAPI/2.0"
        ],
        "x-ms-ratelimit-remaining-subscription-reads": [
          "11984"
        ],
        "x-ms-request-id": [
          "4684b3eb-81d5-448b-9889-5a51e0d3909c"
        ],
        "x-ms-correlation-request-id": [
          "4684b3eb-81d5-448b-9889-5a51e0d3909c"
        ],
        "x-ms-routing-request-id": [
          "WESTUS2:20211027T000142Z:4684b3eb-81d5-448b-9889-5a51e0d3909c"
        ],
        "X-Content-Type-Options": [
          "nosniff"
        ],
        "Date": [
          "Wed, 27 Oct 2021 00:01:42 GMT"
        ],
        "Content-Length": [
          "22"
        ],
        "Content-Type": [
          "application/json"
        ]
      },
      "ResponseBody": "{\r\n  \"status\": \"Succeeded\"\r\n}",
      "StatusCode": 200
    },
    {
      "RequestUri": "/subscriptions/259fbb24-9bcd-4cfc-865c-fc33b22fe38a/resourceGroups/CosmosDBResourceGroup29/providers/Microsoft.DocumentDB/databaseAccounts/mongo-db0029/mongodbDatabases/dbName4/throughputSettings/default/migrateToManualThroughput/operationResults/1d9df67b-9fb2-4d1d-a2cd-3127f7de96be?api-version=2021-10-15",
      "EncodedRequestUri": "L3N1YnNjcmlwdGlvbnMvMjU5ZmJiMjQtOWJjZC00Y2ZjLTg2NWMtZmMzM2IyMmZlMzhhL3Jlc291cmNlR3JvdXBzL0Nvc21vc0RCUmVzb3VyY2VHcm91cDI5L3Byb3ZpZGVycy9NaWNyb3NvZnQuRG9jdW1lbnREQi9kYXRhYmFzZUFjY291bnRzL21vbmdvLWRiMDAyOS9tb25nb2RiRGF0YWJhc2VzL2RiTmFtZTQvdGhyb3VnaHB1dFNldHRpbmdzL2RlZmF1bHQvbWlncmF0ZVRvTWFudWFsVGhyb3VnaHB1dC9vcGVyYXRpb25SZXN1bHRzLzFkOWRmNjdiLTlmYjItNGQxZC1hMmNkLTMxMjdmN2RlOTZiZT9hcGktdmVyc2lvbj0yMDIxLTEwLTE1",
      "RequestMethod": "GET",
      "RequestBody": "",
      "RequestHeaders": {
        "x-ms-client-request-id": [
          "097982ee-7f00-4cbb-bce3-85243da651d3"
        ],
        "User-Agent": [
          "FxVersion/4.6.28207.03",
          "OSName/Windows",
          "OSVersion/Microsoft.Windows.10.0.19043.",
          "Microsoft.Azure.Management.CosmosDB.CosmosDBManagementClient/3.2.0.0"
        ]
      },
      "ResponseHeaders": {
        "Cache-Control": [
          "no-store, no-cache"
        ],
        "Pragma": [
          "no-cache"
        ],
        "Strict-Transport-Security": [
          "max-age=31536000; includeSubDomains"
        ],
        "x-ms-gatewayversion": [
          "version=2.14.0"
        ],
        "Server": [
          "Microsoft-HTTPAPI/2.0"
        ],
        "x-ms-ratelimit-remaining-subscription-reads": [
          "11983"
        ],
        "x-ms-request-id": [
          "a38e9ece-3702-46dd-a0ed-f2668648eaa0"
        ],
        "x-ms-correlation-request-id": [
          "a38e9ece-3702-46dd-a0ed-f2668648eaa0"
        ],
        "x-ms-routing-request-id": [
          "WESTUS2:20211027T000143Z:a38e9ece-3702-46dd-a0ed-f2668648eaa0"
        ],
        "X-Content-Type-Options": [
          "nosniff"
        ],
        "Date": [
          "Wed, 27 Oct 2021 00:01:42 GMT"
        ],
        "Content-Length": [
          "433"
        ],
        "Content-Type": [
          "application/json"
        ]
      },
      "ResponseBody": "{\r\n  \"id\": \"/subscriptions/259fbb24-9bcd-4cfc-865c-fc33b22fe38a/resourceGroups/CosmosDBResourceGroup29/providers/Microsoft.DocumentDB/databaseAccounts/mongo-db0029/mongodbDatabases/dbName4/throughputSettings/default/migrateToManualThroughput\",\r\n  \"type\": \"Microsoft.DocumentDB/databaseAccounts/mongodbDatabases/throughputSettings/migrateToManualThroughput\",\r\n  \"name\": \"zacw\",\r\n  \"properties\": {\r\n    \"resource\": {\r\n      \"throughput\": 4000,\r\n      \"minimumThroughput\": \"400\"\r\n    }\r\n  }\r\n}",
      "StatusCode": 200
    },
    {
      "RequestUri": "/subscriptions/259fbb24-9bcd-4cfc-865c-fc33b22fe38a/resourceGroups/CosmosDBResourceGroup29/providers/Microsoft.DocumentDB/databaseAccounts/mongo-db0029/mongodbDatabases/dbName4/collections/collectionName?api-version=2021-10-15",
      "EncodedRequestUri": "L3N1YnNjcmlwdGlvbnMvMjU5ZmJiMjQtOWJjZC00Y2ZjLTg2NWMtZmMzM2IyMmZlMzhhL3Jlc291cmNlR3JvdXBzL0Nvc21vc0RCUmVzb3VyY2VHcm91cDI5L3Byb3ZpZGVycy9NaWNyb3NvZnQuRG9jdW1lbnREQi9kYXRhYmFzZUFjY291bnRzL21vbmdvLWRiMDAyOS9tb25nb2RiRGF0YWJhc2VzL2RiTmFtZTQvY29sbGVjdGlvbnMvY29sbGVjdGlvbk5hbWU/YXBpLXZlcnNpb249MjAyMS0xMC0xNQ==",
      "RequestMethod": "GET",
      "RequestBody": "",
      "RequestHeaders": {
        "x-ms-client-request-id": [
          "33c72653-8e2e-4141-8beb-3d1f4efce7c9"
        ],
        "Accept-Language": [
          "en-US"
        ],
        "User-Agent": [
          "FxVersion/4.6.28207.03",
          "OSName/Windows",
          "OSVersion/Microsoft.Windows.10.0.19043.",
          "Microsoft.Azure.Management.CosmosDB.CosmosDBManagementClient/3.2.0.0"
        ]
      },
      "ResponseHeaders": {
        "Cache-Control": [
          "no-store, no-cache"
        ],
        "Pragma": [
          "no-cache"
        ],
        "Strict-Transport-Security": [
          "max-age=31536000; includeSubDomains"
        ],
        "x-ms-gatewayversion": [
          "version=2.14.0"
        ],
        "Server": [
          "Microsoft-HTTPAPI/2.0"
        ],
        "x-ms-ratelimit-remaining-subscription-reads": [
          "11982"
        ],
        "x-ms-request-id": [
          "20da805b-4d09-4482-a28e-10b8b70881c0"
        ],
        "x-ms-correlation-request-id": [
          "20da805b-4d09-4482-a28e-10b8b70881c0"
        ],
        "x-ms-routing-request-id": [
          "WESTUS2:20211027T000143Z:20da805b-4d09-4482-a28e-10b8b70881c0"
        ],
        "X-Content-Type-Options": [
          "nosniff"
        ],
        "Date": [
          "Wed, 27 Oct 2021 00:01:43 GMT"
        ],
        "Content-Length": [
          "181"
        ],
        "Content-Type": [
          "application/json"
        ]
      },
      "ResponseBody": "{\r\n  \"code\": \"NotFound\",\r\n  \"message\": \"The collection 'dbName4'.'collectionName' doesn't exist.\\r\\nActivityId: 33c72653-8e2e-4141-8beb-3d1f4efce7c9, Microsoft.Azure.Documents.Common/2.14.0\"\r\n}",
      "StatusCode": 404
    },
    {
      "RequestUri": "/subscriptions/259fbb24-9bcd-4cfc-865c-fc33b22fe38a/resourceGroups/CosmosDBResourceGroup29/providers/Microsoft.DocumentDB/databaseAccounts/mongo-db0029/mongodbDatabases/dbName4/collections/collectionName?api-version=2021-10-15",
      "EncodedRequestUri": "L3N1YnNjcmlwdGlvbnMvMjU5ZmJiMjQtOWJjZC00Y2ZjLTg2NWMtZmMzM2IyMmZlMzhhL3Jlc291cmNlR3JvdXBzL0Nvc21vc0RCUmVzb3VyY2VHcm91cDI5L3Byb3ZpZGVycy9NaWNyb3NvZnQuRG9jdW1lbnREQi9kYXRhYmFzZUFjY291bnRzL21vbmdvLWRiMDAyOS9tb25nb2RiRGF0YWJhc2VzL2RiTmFtZTQvY29sbGVjdGlvbnMvY29sbGVjdGlvbk5hbWU/YXBpLXZlcnNpb249MjAyMS0xMC0xNQ==",
      "RequestMethod": "GET",
      "RequestBody": "",
      "RequestHeaders": {
        "x-ms-client-request-id": [
          "33c72653-8e2e-4141-8beb-3d1f4efce7c9"
        ],
        "User-Agent": [
          "FxVersion/4.6.28207.03",
          "OSName/Windows",
          "OSVersion/Microsoft.Windows.10.0.19043.",
          "Microsoft.Azure.Management.CosmosDB.CosmosDBManagementClient/3.2.0.0"
        ]
      },
      "ResponseHeaders": {
        "Cache-Control": [
          "no-store, no-cache"
        ],
        "Pragma": [
          "no-cache"
        ],
        "Strict-Transport-Security": [
          "max-age=31536000; includeSubDomains"
        ],
        "x-ms-gatewayversion": [
          "version=2.14.0"
        ],
        "Server": [
          "Microsoft-HTTPAPI/2.0"
        ],
        "x-ms-ratelimit-remaining-subscription-reads": [
          "11980"
        ],
        "x-ms-request-id": [
          "8ee38626-5e92-4814-a382-e3754eb69570"
        ],
        "x-ms-correlation-request-id": [
          "8ee38626-5e92-4814-a382-e3754eb69570"
        ],
        "x-ms-routing-request-id": [
          "WESTUS2:20211027T000215Z:8ee38626-5e92-4814-a382-e3754eb69570"
        ],
        "X-Content-Type-Options": [
          "nosniff"
        ],
        "Date": [
          "Wed, 27 Oct 2021 00:02:14 GMT"
        ],
        "Content-Length": [
          "434"
        ],
        "Content-Type": [
          "application/json"
        ]
      },
      "ResponseBody": "{\r\n  \"id\": \"/subscriptions/259fbb24-9bcd-4cfc-865c-fc33b22fe38a/resourceGroups/CosmosDBResourceGroup29/providers/Microsoft.DocumentDB/databaseAccounts/mongo-db0029/mongodbDatabases/dbName4/collections/collectionName\",\r\n  \"type\": \"Microsoft.DocumentDB/databaseAccounts/mongodbDatabases/collections\",\r\n  \"name\": \"collectionName\",\r\n  \"properties\": {\r\n    \"resource\": {\r\n      \"id\": \"collectionName\",\r\n      \"shardKey\": {\r\n        \"shardKeyPath\": \"Hash\"\r\n      },\r\n      \"indexes\": [\r\n        {\r\n          \"key\": {\r\n            \"keys\": [\r\n              \"_id\"\r\n            ]\r\n          }\r\n        }\r\n      ]\r\n    }\r\n  }\r\n}",
      "StatusCode": 200
    },
    {
      "RequestUri": "/subscriptions/259fbb24-9bcd-4cfc-865c-fc33b22fe38a/resourceGroups/CosmosDBResourceGroup29/providers/Microsoft.DocumentDB/databaseAccounts/mongo-db0029/mongodbDatabases/dbName4/collections/collectionName?api-version=2021-10-15",
      "EncodedRequestUri": "L3N1YnNjcmlwdGlvbnMvMjU5ZmJiMjQtOWJjZC00Y2ZjLTg2NWMtZmMzM2IyMmZlMzhhL3Jlc291cmNlR3JvdXBzL0Nvc21vc0RCUmVzb3VyY2VHcm91cDI5L3Byb3ZpZGVycy9NaWNyb3NvZnQuRG9jdW1lbnREQi9kYXRhYmFzZUFjY291bnRzL21vbmdvLWRiMDAyOS9tb25nb2RiRGF0YWJhc2VzL2RiTmFtZTQvY29sbGVjdGlvbnMvY29sbGVjdGlvbk5hbWU/YXBpLXZlcnNpb249MjAyMS0xMC0xNQ==",
      "RequestMethod": "PUT",
      "RequestBody": "{\r\n  \"properties\": {\r\n    \"resource\": {\r\n      \"id\": \"collectionName\",\r\n      \"shardKey\": {\r\n        \"shardKeyPath\": \"Hash\"\r\n      }\r\n    },\r\n    \"options\": {\r\n      \"throughput\": 800\r\n    }\r\n  }\r\n}",
      "RequestHeaders": {
        "x-ms-client-request-id": [
          "33c72653-8e2e-4141-8beb-3d1f4efce7c9"
        ],
        "Accept-Language": [
          "en-US"
        ],
        "User-Agent": [
          "FxVersion/4.6.28207.03",
          "OSName/Windows",
          "OSVersion/Microsoft.Windows.10.0.19043.",
          "Microsoft.Azure.Management.CosmosDB.CosmosDBManagementClient/3.2.0.0"
        ],
        "Content-Type": [
          "application/json; charset=utf-8"
        ],
        "Content-Length": [
          "198"
        ]
      },
      "ResponseHeaders": {
        "Cache-Control": [
          "no-store, no-cache"
        ],
        "Pragma": [
          "no-cache"
        ],
        "Location": [
          "https://management.azure.com/subscriptions/259fbb24-9bcd-4cfc-865c-fc33b22fe38a/resourceGroups/CosmosDBResourceGroup29/providers/Microsoft.DocumentDB/databaseAccounts/mongo-db0029/mongodbDatabases/dbName4/collections/collectionName/operationResults/797a8666-76c7-4468-ab36-781b4d81825a?api-version=2021-10-15"
        ],
        "Azure-AsyncOperation": [
          "https://management.azure.com/subscriptions/259fbb24-9bcd-4cfc-865c-fc33b22fe38a/providers/Microsoft.DocumentDB/locations/eastus/operationsStatus/797a8666-76c7-4468-ab36-781b4d81825a?api-version=2021-10-15"
        ],
        "x-ms-request-id": [
          "797a8666-76c7-4468-ab36-781b4d81825a"
        ],
        "Strict-Transport-Security": [
          "max-age=31536000; includeSubDomains"
        ],
        "x-ms-gatewayversion": [
          "version=2.14.0"
        ],
        "Server": [
          "Microsoft-HTTPAPI/2.0"
        ],
        "x-ms-ratelimit-remaining-subscription-writes": [
          "1196"
        ],
        "x-ms-correlation-request-id": [
          "20510453-8fd3-4ec0-8c9d-20b38b7f3cdf"
        ],
        "x-ms-routing-request-id": [
          "WESTUS2:20211027T000144Z:20510453-8fd3-4ec0-8c9d-20b38b7f3cdf"
        ],
        "X-Content-Type-Options": [
          "nosniff"
        ],
        "Date": [
          "Wed, 27 Oct 2021 00:01:44 GMT"
        ],
        "Content-Length": [
          "21"
        ],
        "Content-Type": [
          "application/json"
        ]
      },
      "ResponseBody": "{\r\n  \"status\": \"Enqueued\"\r\n}",
      "StatusCode": 202
    },
    {
      "RequestUri": "/subscriptions/259fbb24-9bcd-4cfc-865c-fc33b22fe38a/providers/Microsoft.DocumentDB/locations/eastus/operationsStatus/797a8666-76c7-4468-ab36-781b4d81825a?api-version=2021-10-15",
      "EncodedRequestUri": "L3N1YnNjcmlwdGlvbnMvMjU5ZmJiMjQtOWJjZC00Y2ZjLTg2NWMtZmMzM2IyMmZlMzhhL3Byb3ZpZGVycy9NaWNyb3NvZnQuRG9jdW1lbnREQi9sb2NhdGlvbnMvZWFzdHVzL29wZXJhdGlvbnNTdGF0dXMvNzk3YTg2NjYtNzZjNy00NDY4LWFiMzYtNzgxYjRkODE4MjVhP2FwaS12ZXJzaW9uPTIwMjEtMTAtMTU=",
      "RequestMethod": "GET",
      "RequestBody": "",
      "RequestHeaders": {
        "x-ms-client-request-id": [
          "33c72653-8e2e-4141-8beb-3d1f4efce7c9"
        ],
        "User-Agent": [
          "FxVersion/4.6.28207.03",
          "OSName/Windows",
          "OSVersion/Microsoft.Windows.10.0.19043.",
          "Microsoft.Azure.Management.CosmosDB.CosmosDBManagementClient/3.2.0.0"
        ]
      },
      "ResponseHeaders": {
        "Cache-Control": [
          "no-store, no-cache"
        ],
        "Pragma": [
          "no-cache"
        ],
        "Strict-Transport-Security": [
          "max-age=31536000; includeSubDomains"
        ],
        "x-ms-gatewayversion": [
          "version=2.14.0"
        ],
        "Server": [
          "Microsoft-HTTPAPI/2.0"
        ],
        "x-ms-ratelimit-remaining-subscription-reads": [
          "11981"
        ],
        "x-ms-request-id": [
          "74755060-84f6-430f-a90b-b6ab72b43cc7"
        ],
        "x-ms-correlation-request-id": [
          "74755060-84f6-430f-a90b-b6ab72b43cc7"
        ],
        "x-ms-routing-request-id": [
          "WESTUS2:20211027T000215Z:74755060-84f6-430f-a90b-b6ab72b43cc7"
        ],
        "X-Content-Type-Options": [
          "nosniff"
        ],
        "Date": [
          "Wed, 27 Oct 2021 00:02:14 GMT"
        ],
        "Content-Length": [
          "22"
        ],
        "Content-Type": [
          "application/json"
        ]
      },
      "ResponseBody": "{\r\n  \"status\": \"Succeeded\"\r\n}",
      "StatusCode": 200
    },
    {
      "RequestUri": "/subscriptions/259fbb24-9bcd-4cfc-865c-fc33b22fe38a/resourceGroups/CosmosDBResourceGroup29/providers/Microsoft.DocumentDB/databaseAccounts/mongo-db0029/mongodbDatabases/dbName4/collections/collectionName/throughputSettings/default?api-version=2021-10-15",
      "EncodedRequestUri": "L3N1YnNjcmlwdGlvbnMvMjU5ZmJiMjQtOWJjZC00Y2ZjLTg2NWMtZmMzM2IyMmZlMzhhL3Jlc291cmNlR3JvdXBzL0Nvc21vc0RCUmVzb3VyY2VHcm91cDI5L3Byb3ZpZGVycy9NaWNyb3NvZnQuRG9jdW1lbnREQi9kYXRhYmFzZUFjY291bnRzL21vbmdvLWRiMDAyOS9tb25nb2RiRGF0YWJhc2VzL2RiTmFtZTQvY29sbGVjdGlvbnMvY29sbGVjdGlvbk5hbWUvdGhyb3VnaHB1dFNldHRpbmdzL2RlZmF1bHQ/YXBpLXZlcnNpb249MjAyMS0xMC0xNQ==",
      "RequestMethod": "GET",
      "RequestBody": "",
      "RequestHeaders": {
        "x-ms-client-request-id": [
          "2b5f2e54-3efe-47b8-adb0-1e4ccc84699a"
        ],
        "Accept-Language": [
          "en-US"
        ],
        "User-Agent": [
          "FxVersion/4.6.28207.03",
          "OSName/Windows",
          "OSVersion/Microsoft.Windows.10.0.19043.",
          "Microsoft.Azure.Management.CosmosDB.CosmosDBManagementClient/3.2.0.0"
        ]
      },
      "ResponseHeaders": {
        "Cache-Control": [
          "no-store, no-cache"
        ],
        "Pragma": [
          "no-cache"
        ],
        "Strict-Transport-Security": [
          "max-age=31536000; includeSubDomains"
        ],
        "x-ms-gatewayversion": [
          "version=2.14.0"
        ],
        "Server": [
          "Microsoft-HTTPAPI/2.0"
        ],
        "x-ms-ratelimit-remaining-subscription-reads": [
          "11979"
        ],
        "x-ms-request-id": [
          "ff618022-c008-4994-9f06-8e0c2044fb7b"
        ],
        "x-ms-correlation-request-id": [
          "ff618022-c008-4994-9f06-8e0c2044fb7b"
        ],
        "x-ms-routing-request-id": [
          "WESTUS2:20211027T000215Z:ff618022-c008-4994-9f06-8e0c2044fb7b"
        ],
        "X-Content-Type-Options": [
          "nosniff"
        ],
        "Date": [
          "Wed, 27 Oct 2021 00:02:14 GMT"
        ],
        "Content-Length": [
          "419"
        ],
        "Content-Type": [
          "application/json"
        ]
      },
      "ResponseBody": "{\r\n  \"id\": \"/subscriptions/259fbb24-9bcd-4cfc-865c-fc33b22fe38a/resourceGroups/CosmosDBResourceGroup29/providers/Microsoft.DocumentDB/databaseAccounts/mongo-db0029/mongodbDatabases/dbName4/collections/collectionName/throughputSettings/default\",\r\n  \"type\": \"Microsoft.DocumentDB/databaseAccounts/mongodbDatabases/collections/throughputSettings\",\r\n  \"name\": \"noIG\",\r\n  \"properties\": {\r\n    \"resource\": {\r\n      \"throughput\": 800,\r\n      \"minimumThroughput\": \"400\"\r\n    }\r\n  }\r\n}",
      "StatusCode": 200
    },
    {
      "RequestUri": "/subscriptions/259fbb24-9bcd-4cfc-865c-fc33b22fe38a/resourceGroups/CosmosDBResourceGroup29/providers/Microsoft.DocumentDB/databaseAccounts/mongo-db0029/mongodbDatabases/dbName4/collections/collectionName/throughputSettings/default/migrateToAutoscale?api-version=2021-10-15",
      "EncodedRequestUri": "L3N1YnNjcmlwdGlvbnMvMjU5ZmJiMjQtOWJjZC00Y2ZjLTg2NWMtZmMzM2IyMmZlMzhhL3Jlc291cmNlR3JvdXBzL0Nvc21vc0RCUmVzb3VyY2VHcm91cDI5L3Byb3ZpZGVycy9NaWNyb3NvZnQuRG9jdW1lbnREQi9kYXRhYmFzZUFjY291bnRzL21vbmdvLWRiMDAyOS9tb25nb2RiRGF0YWJhc2VzL2RiTmFtZTQvY29sbGVjdGlvbnMvY29sbGVjdGlvbk5hbWUvdGhyb3VnaHB1dFNldHRpbmdzL2RlZmF1bHQvbWlncmF0ZVRvQXV0b3NjYWxlP2FwaS12ZXJzaW9uPTIwMjEtMTAtMTU=",
      "RequestMethod": "POST",
      "RequestBody": "",
      "RequestHeaders": {
        "x-ms-client-request-id": [
          "5c75cbb8-e9a0-4d12-9474-c3fe26b35417"
        ],
        "Accept-Language": [
          "en-US"
        ],
        "User-Agent": [
          "FxVersion/4.6.28207.03",
          "OSName/Windows",
          "OSVersion/Microsoft.Windows.10.0.19043.",
          "Microsoft.Azure.Management.CosmosDB.CosmosDBManagementClient/3.2.0.0"
        ]
      },
      "ResponseHeaders": {
        "Cache-Control": [
          "no-store, no-cache"
        ],
        "Pragma": [
          "no-cache"
        ],
        "Location": [
          "https://management.azure.com/subscriptions/259fbb24-9bcd-4cfc-865c-fc33b22fe38a/resourceGroups/CosmosDBResourceGroup29/providers/Microsoft.DocumentDB/databaseAccounts/mongo-db0029/mongodbDatabases/dbName4/collections/collectionName/throughputSettings/default/migrateToAutoscale/operationResults/02bdf8da-8471-42a2-8027-48407abf3cf1?api-version=2021-10-15"
        ],
        "Azure-AsyncOperation": [
          "https://management.azure.com/subscriptions/259fbb24-9bcd-4cfc-865c-fc33b22fe38a/providers/Microsoft.DocumentDB/locations/eastus/operationsStatus/02bdf8da-8471-42a2-8027-48407abf3cf1?api-version=2021-10-15"
        ],
        "x-ms-request-id": [
          "02bdf8da-8471-42a2-8027-48407abf3cf1"
        ],
        "Strict-Transport-Security": [
          "max-age=31536000; includeSubDomains"
        ],
        "x-ms-gatewayversion": [
          "version=2.14.0"
        ],
        "Server": [
          "Microsoft-HTTPAPI/2.0"
        ],
        "x-ms-ratelimit-remaining-subscription-writes": [
          "1197"
        ],
        "x-ms-correlation-request-id": [
          "184ff7cf-02f2-47ef-af37-ceb920b16717"
        ],
        "x-ms-routing-request-id": [
          "WESTUS2:20211027T000216Z:184ff7cf-02f2-47ef-af37-ceb920b16717"
        ],
        "X-Content-Type-Options": [
          "nosniff"
        ],
        "Date": [
          "Wed, 27 Oct 2021 00:02:15 GMT"
        ],
        "Content-Length": [
          "21"
        ],
        "Content-Type": [
          "application/json"
        ]
      },
      "ResponseBody": "{\r\n  \"status\": \"Enqueued\"\r\n}",
      "StatusCode": 202
    },
    {
      "RequestUri": "/subscriptions/259fbb24-9bcd-4cfc-865c-fc33b22fe38a/providers/Microsoft.DocumentDB/locations/eastus/operationsStatus/02bdf8da-8471-42a2-8027-48407abf3cf1?api-version=2021-10-15",
      "EncodedRequestUri": "L3N1YnNjcmlwdGlvbnMvMjU5ZmJiMjQtOWJjZC00Y2ZjLTg2NWMtZmMzM2IyMmZlMzhhL3Byb3ZpZGVycy9NaWNyb3NvZnQuRG9jdW1lbnREQi9sb2NhdGlvbnMvZWFzdHVzL29wZXJhdGlvbnNTdGF0dXMvMDJiZGY4ZGEtODQ3MS00MmEyLTgwMjctNDg0MDdhYmYzY2YxP2FwaS12ZXJzaW9uPTIwMjEtMTAtMTU=",
      "RequestMethod": "GET",
      "RequestBody": "",
      "RequestHeaders": {
        "x-ms-client-request-id": [
          "5c75cbb8-e9a0-4d12-9474-c3fe26b35417"
        ],
        "User-Agent": [
          "FxVersion/4.6.28207.03",
          "OSName/Windows",
          "OSVersion/Microsoft.Windows.10.0.19043.",
          "Microsoft.Azure.Management.CosmosDB.CosmosDBManagementClient/3.2.0.0"
        ]
      },
      "ResponseHeaders": {
        "Cache-Control": [
          "no-store, no-cache"
        ],
        "Pragma": [
          "no-cache"
        ],
        "Strict-Transport-Security": [
          "max-age=31536000; includeSubDomains"
        ],
        "x-ms-gatewayversion": [
          "version=2.14.0"
        ],
        "Server": [
          "Microsoft-HTTPAPI/2.0"
        ],
        "x-ms-ratelimit-remaining-subscription-reads": [
          "11978"
        ],
        "x-ms-request-id": [
          "60b4fe70-0558-44c5-a5bd-205e90691d1d"
        ],
        "x-ms-correlation-request-id": [
          "60b4fe70-0558-44c5-a5bd-205e90691d1d"
        ],
        "x-ms-routing-request-id": [
          "WESTUS2:20211027T000246Z:60b4fe70-0558-44c5-a5bd-205e90691d1d"
        ],
        "X-Content-Type-Options": [
          "nosniff"
        ],
        "Date": [
          "Wed, 27 Oct 2021 00:02:46 GMT"
        ],
        "Content-Length": [
          "22"
        ],
        "Content-Type": [
          "application/json"
        ]
      },
      "ResponseBody": "{\r\n  \"status\": \"Succeeded\"\r\n}",
      "StatusCode": 200
    },
    {
      "RequestUri": "/subscriptions/259fbb24-9bcd-4cfc-865c-fc33b22fe38a/resourceGroups/CosmosDBResourceGroup29/providers/Microsoft.DocumentDB/databaseAccounts/mongo-db0029/mongodbDatabases/dbName4/collections/collectionName/throughputSettings/default/migrateToAutoscale/operationResults/02bdf8da-8471-42a2-8027-48407abf3cf1?api-version=2021-10-15",
      "EncodedRequestUri": "L3N1YnNjcmlwdGlvbnMvMjU5ZmJiMjQtOWJjZC00Y2ZjLTg2NWMtZmMzM2IyMmZlMzhhL3Jlc291cmNlR3JvdXBzL0Nvc21vc0RCUmVzb3VyY2VHcm91cDI5L3Byb3ZpZGVycy9NaWNyb3NvZnQuRG9jdW1lbnREQi9kYXRhYmFzZUFjY291bnRzL21vbmdvLWRiMDAyOS9tb25nb2RiRGF0YWJhc2VzL2RiTmFtZTQvY29sbGVjdGlvbnMvY29sbGVjdGlvbk5hbWUvdGhyb3VnaHB1dFNldHRpbmdzL2RlZmF1bHQvbWlncmF0ZVRvQXV0b3NjYWxlL29wZXJhdGlvblJlc3VsdHMvMDJiZGY4ZGEtODQ3MS00MmEyLTgwMjctNDg0MDdhYmYzY2YxP2FwaS12ZXJzaW9uPTIwMjEtMTAtMTU=",
      "RequestMethod": "GET",
      "RequestBody": "",
      "RequestHeaders": {
        "x-ms-client-request-id": [
          "5c75cbb8-e9a0-4d12-9474-c3fe26b35417"
        ],
        "User-Agent": [
          "FxVersion/4.6.28207.03",
          "OSName/Windows",
          "OSVersion/Microsoft.Windows.10.0.19043.",
          "Microsoft.Azure.Management.CosmosDB.CosmosDBManagementClient/3.2.0.0"
        ]
      },
      "ResponseHeaders": {
        "Cache-Control": [
          "no-store, no-cache"
        ],
        "Pragma": [
          "no-cache"
        ],
        "Strict-Transport-Security": [
          "max-age=31536000; includeSubDomains"
        ],
        "x-ms-gatewayversion": [
          "version=2.14.0"
        ],
        "Server": [
          "Microsoft-HTTPAPI/2.0"
        ],
        "x-ms-ratelimit-remaining-subscription-reads": [
          "11977"
        ],
        "x-ms-request-id": [
          "7cc34197-c0f1-4b82-86ec-0f1d3a4fdeb3"
        ],
        "x-ms-correlation-request-id": [
          "7cc34197-c0f1-4b82-86ec-0f1d3a4fdeb3"
        ],
        "x-ms-routing-request-id": [
          "WESTUS2:20211027T000246Z:7cc34197-c0f1-4b82-86ec-0f1d3a4fdeb3"
        ],
        "X-Content-Type-Options": [
          "nosniff"
        ],
        "Date": [
          "Wed, 27 Oct 2021 00:02:46 GMT"
        ],
        "Content-Length": [
          "501"
        ],
        "Content-Type": [
          "application/json"
        ]
      },
      "ResponseBody": "{\r\n  \"id\": \"/subscriptions/259fbb24-9bcd-4cfc-865c-fc33b22fe38a/resourceGroups/CosmosDBResourceGroup29/providers/Microsoft.DocumentDB/databaseAccounts/mongo-db0029/mongodbDatabases/dbName4/collections/collectionName/throughputSettings/default/migrateToAutoscale\",\r\n  \"type\": \"Microsoft.DocumentDB/databaseAccounts/mongodbDatabases/collections/throughputSettings/migrateToAutoscale\",\r\n  \"name\": \"noIG\",\r\n  \"properties\": {\r\n    \"resource\": {\r\n      \"throughput\": 400,\r\n      \"autoscaleSettings\": {\r\n        \"maxThroughput\": 4000\r\n      },\r\n      \"minimumThroughput\": \"4000\"\r\n    }\r\n  }\r\n}",
      "StatusCode": 200
    },
    {
      "RequestUri": "/subscriptions/259fbb24-9bcd-4cfc-865c-fc33b22fe38a/resourceGroups/CosmosDBResourceGroup29/providers/Microsoft.DocumentDB/databaseAccounts/mongo-db0029/mongodbDatabases/dbName4/collections/collectionName/throughputSettings/default/migrateToManualThroughput?api-version=2021-10-15",
      "EncodedRequestUri": "L3N1YnNjcmlwdGlvbnMvMjU5ZmJiMjQtOWJjZC00Y2ZjLTg2NWMtZmMzM2IyMmZlMzhhL3Jlc291cmNlR3JvdXBzL0Nvc21vc0RCUmVzb3VyY2VHcm91cDI5L3Byb3ZpZGVycy9NaWNyb3NvZnQuRG9jdW1lbnREQi9kYXRhYmFzZUFjY291bnRzL21vbmdvLWRiMDAyOS9tb25nb2RiRGF0YWJhc2VzL2RiTmFtZTQvY29sbGVjdGlvbnMvY29sbGVjdGlvbk5hbWUvdGhyb3VnaHB1dFNldHRpbmdzL2RlZmF1bHQvbWlncmF0ZVRvTWFudWFsVGhyb3VnaHB1dD9hcGktdmVyc2lvbj0yMDIxLTEwLTE1",
      "RequestMethod": "POST",
      "RequestBody": "",
      "RequestHeaders": {
        "x-ms-client-request-id": [
          "0eb8ce67-84b9-4ffb-8b76-89ebd0ef6996"
        ],
        "Accept-Language": [
          "en-US"
        ],
        "User-Agent": [
          "FxVersion/4.6.28207.03",
          "OSName/Windows",
          "OSVersion/Microsoft.Windows.10.0.19043.",
          "Microsoft.Azure.Management.CosmosDB.CosmosDBManagementClient/3.2.0.0"
        ]
      },
      "ResponseHeaders": {
        "Cache-Control": [
          "no-store, no-cache"
        ],
        "Pragma": [
          "no-cache"
        ],
        "Location": [
          "https://management.azure.com/subscriptions/259fbb24-9bcd-4cfc-865c-fc33b22fe38a/resourceGroups/CosmosDBResourceGroup29/providers/Microsoft.DocumentDB/databaseAccounts/mongo-db0029/mongodbDatabases/dbName4/collections/collectionName/throughputSettings/default/migrateToManualThroughput/operationResults/687c3005-2c69-4a58-b0a6-3369d10a1f29?api-version=2021-10-15"
        ],
        "Azure-AsyncOperation": [
          "https://management.azure.com/subscriptions/259fbb24-9bcd-4cfc-865c-fc33b22fe38a/providers/Microsoft.DocumentDB/locations/eastus/operationsStatus/687c3005-2c69-4a58-b0a6-3369d10a1f29?api-version=2021-10-15"
        ],
        "x-ms-request-id": [
          "687c3005-2c69-4a58-b0a6-3369d10a1f29"
        ],
        "Strict-Transport-Security": [
          "max-age=31536000; includeSubDomains"
        ],
        "x-ms-gatewayversion": [
          "version=2.14.0"
        ],
        "Server": [
          "Microsoft-HTTPAPI/2.0"
        ],
        "x-ms-ratelimit-remaining-subscription-writes": [
          "1196"
        ],
        "x-ms-correlation-request-id": [
          "4b465fe2-68e6-4005-9282-b6a036d72174"
        ],
        "x-ms-routing-request-id": [
          "WESTUS2:20211027T000247Z:4b465fe2-68e6-4005-9282-b6a036d72174"
        ],
        "X-Content-Type-Options": [
          "nosniff"
        ],
        "Date": [
          "Wed, 27 Oct 2021 00:02:47 GMT"
        ],
        "Content-Length": [
          "21"
        ],
        "Content-Type": [
          "application/json"
        ]
      },
      "ResponseBody": "{\r\n  \"status\": \"Enqueued\"\r\n}",
      "StatusCode": 202
    },
    {
      "RequestUri": "/subscriptions/259fbb24-9bcd-4cfc-865c-fc33b22fe38a/providers/Microsoft.DocumentDB/locations/eastus/operationsStatus/687c3005-2c69-4a58-b0a6-3369d10a1f29?api-version=2021-10-15",
      "EncodedRequestUri": "L3N1YnNjcmlwdGlvbnMvMjU5ZmJiMjQtOWJjZC00Y2ZjLTg2NWMtZmMzM2IyMmZlMzhhL3Byb3ZpZGVycy9NaWNyb3NvZnQuRG9jdW1lbnREQi9sb2NhdGlvbnMvZWFzdHVzL29wZXJhdGlvbnNTdGF0dXMvNjg3YzMwMDUtMmM2OS00YTU4LWIwYTYtMzM2OWQxMGExZjI5P2FwaS12ZXJzaW9uPTIwMjEtMTAtMTU=",
      "RequestMethod": "GET",
      "RequestBody": "",
      "RequestHeaders": {
        "x-ms-client-request-id": [
          "0eb8ce67-84b9-4ffb-8b76-89ebd0ef6996"
        ],
        "User-Agent": [
          "FxVersion/4.6.28207.03",
          "OSName/Windows",
          "OSVersion/Microsoft.Windows.10.0.19043.",
          "Microsoft.Azure.Management.CosmosDB.CosmosDBManagementClient/3.2.0.0"
        ]
      },
      "ResponseHeaders": {
        "Cache-Control": [
          "no-store, no-cache"
        ],
        "Pragma": [
          "no-cache"
        ],
        "Strict-Transport-Security": [
          "max-age=31536000; includeSubDomains"
        ],
        "x-ms-gatewayversion": [
          "version=2.14.0"
        ],
        "Server": [
          "Microsoft-HTTPAPI/2.0"
        ],
        "x-ms-ratelimit-remaining-subscription-reads": [
          "11976"
        ],
        "x-ms-request-id": [
          "982cd413-12c0-4d90-a648-a139a392bd9d"
        ],
        "x-ms-correlation-request-id": [
          "982cd413-12c0-4d90-a648-a139a392bd9d"
        ],
        "x-ms-routing-request-id": [
          "WESTUS2:20211027T000318Z:982cd413-12c0-4d90-a648-a139a392bd9d"
        ],
        "X-Content-Type-Options": [
          "nosniff"
        ],
        "Date": [
          "Wed, 27 Oct 2021 00:03:17 GMT"
        ],
        "Content-Length": [
          "22"
        ],
        "Content-Type": [
          "application/json"
        ]
      },
      "ResponseBody": "{\r\n  \"status\": \"Succeeded\"\r\n}",
      "StatusCode": 200
    },
    {
      "RequestUri": "/subscriptions/259fbb24-9bcd-4cfc-865c-fc33b22fe38a/resourceGroups/CosmosDBResourceGroup29/providers/Microsoft.DocumentDB/databaseAccounts/mongo-db0029/mongodbDatabases/dbName4/collections/collectionName/throughputSettings/default/migrateToManualThroughput/operationResults/687c3005-2c69-4a58-b0a6-3369d10a1f29?api-version=2021-10-15",
      "EncodedRequestUri": "L3N1YnNjcmlwdGlvbnMvMjU5ZmJiMjQtOWJjZC00Y2ZjLTg2NWMtZmMzM2IyMmZlMzhhL3Jlc291cmNlR3JvdXBzL0Nvc21vc0RCUmVzb3VyY2VHcm91cDI5L3Byb3ZpZGVycy9NaWNyb3NvZnQuRG9jdW1lbnREQi9kYXRhYmFzZUFjY291bnRzL21vbmdvLWRiMDAyOS9tb25nb2RiRGF0YWJhc2VzL2RiTmFtZTQvY29sbGVjdGlvbnMvY29sbGVjdGlvbk5hbWUvdGhyb3VnaHB1dFNldHRpbmdzL2RlZmF1bHQvbWlncmF0ZVRvTWFudWFsVGhyb3VnaHB1dC9vcGVyYXRpb25SZXN1bHRzLzY4N2MzMDA1LTJjNjktNGE1OC1iMGE2LTMzNjlkMTBhMWYyOT9hcGktdmVyc2lvbj0yMDIxLTEwLTE1",
      "RequestMethod": "GET",
      "RequestBody": "",
      "RequestHeaders": {
        "x-ms-client-request-id": [
          "0eb8ce67-84b9-4ffb-8b76-89ebd0ef6996"
        ],
        "User-Agent": [
          "FxVersion/4.6.28207.03",
          "OSName/Windows",
          "OSVersion/Microsoft.Windows.10.0.19043.",
          "Microsoft.Azure.Management.CosmosDB.CosmosDBManagementClient/3.2.0.0"
        ]
      },
      "ResponseHeaders": {
        "Cache-Control": [
          "no-store, no-cache"
        ],
        "Pragma": [
          "no-cache"
        ],
        "Strict-Transport-Security": [
          "max-age=31536000; includeSubDomains"
        ],
        "x-ms-gatewayversion": [
          "version=2.14.0"
        ],
        "Server": [
          "Microsoft-HTTPAPI/2.0"
        ],
        "x-ms-ratelimit-remaining-subscription-reads": [
          "11975"
        ],
        "x-ms-request-id": [
          "4181a428-4002-4f28-ac92-c295cb407702"
        ],
        "x-ms-correlation-request-id": [
          "4181a428-4002-4f28-ac92-c295cb407702"
        ],
        "x-ms-routing-request-id": [
          "WESTUS2:20211027T000318Z:4181a428-4002-4f28-ac92-c295cb407702"
        ],
        "X-Content-Type-Options": [
          "nosniff"
        ],
        "Date": [
          "Wed, 27 Oct 2021 00:03:18 GMT"
        ],
        "Content-Length": [
          "472"
        ],
        "Content-Type": [
          "application/json"
        ]
      },
      "ResponseBody": "{\r\n  \"id\": \"/subscriptions/259fbb24-9bcd-4cfc-865c-fc33b22fe38a/resourceGroups/CosmosDBResourceGroup29/providers/Microsoft.DocumentDB/databaseAccounts/mongo-db0029/mongodbDatabases/dbName4/collections/collectionName/throughputSettings/default/migrateToManualThroughput\",\r\n  \"type\": \"Microsoft.DocumentDB/databaseAccounts/mongodbDatabases/collections/throughputSettings/migrateToManualThroughput\",\r\n  \"name\": \"noIG\",\r\n  \"properties\": {\r\n    \"resource\": {\r\n      \"throughput\": 4000,\r\n      \"minimumThroughput\": \"400\"\r\n    }\r\n  }\r\n}",
      "StatusCode": 200
    },
    {
      "RequestUri": "/subscriptions/259fbb24-9bcd-4cfc-865c-fc33b22fe38a/resourceGroups/CosmosDBResourceGroup29/providers/Microsoft.DocumentDB/databaseAccounts/mongo-db0029/mongodbDatabases/dbName4/collections/collectionName?api-version=2021-10-15",
      "EncodedRequestUri": "L3N1YnNjcmlwdGlvbnMvMjU5ZmJiMjQtOWJjZC00Y2ZjLTg2NWMtZmMzM2IyMmZlMzhhL3Jlc291cmNlR3JvdXBzL0Nvc21vc0RCUmVzb3VyY2VHcm91cDI5L3Byb3ZpZGVycy9NaWNyb3NvZnQuRG9jdW1lbnREQi9kYXRhYmFzZUFjY291bnRzL21vbmdvLWRiMDAyOS9tb25nb2RiRGF0YWJhc2VzL2RiTmFtZTQvY29sbGVjdGlvbnMvY29sbGVjdGlvbk5hbWU/YXBpLXZlcnNpb249MjAyMS0xMC0xNQ==",
      "RequestMethod": "DELETE",
      "RequestBody": "",
      "RequestHeaders": {
        "x-ms-client-request-id": [
          "e8076e00-c948-406e-942a-5284dc353bf9"
        ],
        "Accept-Language": [
          "en-US"
        ],
        "User-Agent": [
          "FxVersion/4.6.28207.03",
          "OSName/Windows",
          "OSVersion/Microsoft.Windows.10.0.19043.",
          "Microsoft.Azure.Management.CosmosDB.CosmosDBManagementClient/3.2.0.0"
        ]
      },
      "ResponseHeaders": {
        "Cache-Control": [
          "no-store, no-cache"
        ],
        "Pragma": [
          "no-cache"
        ],
        "Location": [
          "https://management.azure.com/subscriptions/259fbb24-9bcd-4cfc-865c-fc33b22fe38a/resourceGroups/CosmosDBResourceGroup29/providers/Microsoft.DocumentDB/databaseAccounts/mongo-db0029/mongodbDatabases/dbName4/collections/collectionName/operationResults/77aa51e6-8082-4440-92da-e986eab5c64a?api-version=2021-10-15"
        ],
        "Azure-AsyncOperation": [
          "https://management.azure.com/subscriptions/259fbb24-9bcd-4cfc-865c-fc33b22fe38a/providers/Microsoft.DocumentDB/locations/eastus/operationsStatus/77aa51e6-8082-4440-92da-e986eab5c64a?api-version=2021-10-15"
        ],
        "x-ms-request-id": [
          "77aa51e6-8082-4440-92da-e986eab5c64a"
        ],
        "Strict-Transport-Security": [
          "max-age=31536000; includeSubDomains"
        ],
        "x-ms-gatewayversion": [
          "version=2.14.0"
        ],
        "Server": [
          "Microsoft-HTTPAPI/2.0"
        ],
        "x-ms-ratelimit-remaining-subscription-deletes": [
          "14999"
        ],
        "x-ms-correlation-request-id": [
          "2d73c5e0-6307-499a-86ee-bb92839a820e"
        ],
        "x-ms-routing-request-id": [
          "WESTUS2:20211027T000321Z:2d73c5e0-6307-499a-86ee-bb92839a820e"
        ],
        "X-Content-Type-Options": [
          "nosniff"
        ],
        "Date": [
          "Wed, 27 Oct 2021 00:03:21 GMT"
        ],
        "Content-Length": [
          "21"
        ],
        "Content-Type": [
          "application/json"
        ]
      },
      "ResponseBody": "{\r\n  \"status\": \"Enqueued\"\r\n}",
      "StatusCode": 202
    },
    {
      "RequestUri": "/subscriptions/259fbb24-9bcd-4cfc-865c-fc33b22fe38a/resourceGroups/CosmosDBResourceGroup29/providers/Microsoft.DocumentDB/databaseAccounts/mongo-db0029/mongodbDatabases/dbName4/collections/collectionName?api-version=2021-10-15",
      "EncodedRequestUri": "L3N1YnNjcmlwdGlvbnMvMjU5ZmJiMjQtOWJjZC00Y2ZjLTg2NWMtZmMzM2IyMmZlMzhhL3Jlc291cmNlR3JvdXBzL0Nvc21vc0RCUmVzb3VyY2VHcm91cDI5L3Byb3ZpZGVycy9NaWNyb3NvZnQuRG9jdW1lbnREQi9kYXRhYmFzZUFjY291bnRzL21vbmdvLWRiMDAyOS9tb25nb2RiRGF0YWJhc2VzL2RiTmFtZTQvY29sbGVjdGlvbnMvY29sbGVjdGlvbk5hbWU/YXBpLXZlcnNpb249MjAyMS0xMC0xNQ==",
      "RequestMethod": "DELETE",
      "RequestBody": "",
      "RequestHeaders": {
        "x-ms-client-request-id": [
          "93dacde7-a6b2-47aa-be40-6de163aa8de7"
        ],
        "Accept-Language": [
          "en-US"
        ],
        "User-Agent": [
          "FxVersion/4.6.28207.03",
          "OSName/Windows",
          "OSVersion/Microsoft.Windows.10.0.19043.",
          "Microsoft.Azure.Management.CosmosDB.CosmosDBManagementClient/3.2.0.0"
        ]
      },
      "ResponseHeaders": {
        "Cache-Control": [
          "no-store, no-cache"
        ],
        "Pragma": [
          "no-cache"
        ],
        "Location": [
          "https://management.azure.com/subscriptions/259fbb24-9bcd-4cfc-865c-fc33b22fe38a/resourceGroups/CosmosDBResourceGroup29/providers/Microsoft.DocumentDB/databaseAccounts/mongo-db0029/mongodbDatabases/dbName4/collections/collectionName/operationResults/998beaf3-033e-40a5-b448-f87b87cd997d?api-version=2021-10-15"
        ],
        "Azure-AsyncOperation": [
          "https://management.azure.com/subscriptions/259fbb24-9bcd-4cfc-865c-fc33b22fe38a/providers/Microsoft.DocumentDB/locations/eastus/operationsStatus/998beaf3-033e-40a5-b448-f87b87cd997d?api-version=2021-10-15"
        ],
        "x-ms-request-id": [
          "998beaf3-033e-40a5-b448-f87b87cd997d"
        ],
        "Strict-Transport-Security": [
          "max-age=31536000; includeSubDomains"
        ],
        "x-ms-gatewayversion": [
          "version=2.14.0"
        ],
        "Server": [
          "Microsoft-HTTPAPI/2.0"
        ],
        "x-ms-ratelimit-remaining-subscription-deletes": [
          "14999"
        ],
        "x-ms-correlation-request-id": [
          "8db9ebf0-34fe-452f-9dc6-41995b7541af"
        ],
        "x-ms-routing-request-id": [
          "WESTUS2:20211027T000423Z:8db9ebf0-34fe-452f-9dc6-41995b7541af"
        ],
        "X-Content-Type-Options": [
          "nosniff"
        ],
        "Date": [
          "Wed, 27 Oct 2021 00:04:23 GMT"
        ],
        "Content-Length": [
          "21"
        ],
        "Content-Type": [
          "application/json"
        ]
      },
      "ResponseBody": "{\r\n  \"status\": \"Enqueued\"\r\n}",
      "StatusCode": 202
    },
    {
      "RequestUri": "/subscriptions/259fbb24-9bcd-4cfc-865c-fc33b22fe38a/providers/Microsoft.DocumentDB/locations/eastus/operationsStatus/77aa51e6-8082-4440-92da-e986eab5c64a?api-version=2021-10-15",
      "EncodedRequestUri": "L3N1YnNjcmlwdGlvbnMvMjU5ZmJiMjQtOWJjZC00Y2ZjLTg2NWMtZmMzM2IyMmZlMzhhL3Byb3ZpZGVycy9NaWNyb3NvZnQuRG9jdW1lbnREQi9sb2NhdGlvbnMvZWFzdHVzL29wZXJhdGlvbnNTdGF0dXMvNzdhYTUxZTYtODA4Mi00NDQwLTkyZGEtZTk4NmVhYjVjNjRhP2FwaS12ZXJzaW9uPTIwMjEtMTAtMTU=",
      "RequestMethod": "GET",
      "RequestBody": "",
      "RequestHeaders": {
        "x-ms-client-request-id": [
          "e8076e00-c948-406e-942a-5284dc353bf9"
        ],
        "User-Agent": [
          "FxVersion/4.6.28207.03",
          "OSName/Windows",
          "OSVersion/Microsoft.Windows.10.0.19043.",
          "Microsoft.Azure.Management.CosmosDB.CosmosDBManagementClient/3.2.0.0"
        ]
      },
      "ResponseHeaders": {
        "Cache-Control": [
          "no-store, no-cache"
        ],
        "Pragma": [
          "no-cache"
        ],
        "Strict-Transport-Security": [
          "max-age=31536000; includeSubDomains"
        ],
        "x-ms-gatewayversion": [
          "version=2.14.0"
        ],
        "Server": [
          "Microsoft-HTTPAPI/2.0"
        ],
        "x-ms-ratelimit-remaining-subscription-reads": [
          "11974"
        ],
        "x-ms-request-id": [
          "41cb03da-d20f-4ae0-bcd4-e36f77c77283"
        ],
        "x-ms-correlation-request-id": [
          "41cb03da-d20f-4ae0-bcd4-e36f77c77283"
        ],
        "x-ms-routing-request-id": [
          "WESTUS2:20211027T000351Z:41cb03da-d20f-4ae0-bcd4-e36f77c77283"
        ],
        "X-Content-Type-Options": [
          "nosniff"
        ],
        "Date": [
          "Wed, 27 Oct 2021 00:03:51 GMT"
        ],
        "Content-Length": [
          "22"
        ],
        "Content-Type": [
          "application/json"
        ]
      },
      "ResponseBody": "{\r\n  \"status\": \"Succeeded\"\r\n}",
      "StatusCode": 200
    },
    {
      "RequestUri": "/subscriptions/259fbb24-9bcd-4cfc-865c-fc33b22fe38a/resourceGroups/CosmosDBResourceGroup29/providers/Microsoft.DocumentDB/databaseAccounts/mongo-db0029/mongodbDatabases/dbName4/collections/collectionName/operationResults/77aa51e6-8082-4440-92da-e986eab5c64a?api-version=2021-10-15",
      "EncodedRequestUri": "L3N1YnNjcmlwdGlvbnMvMjU5ZmJiMjQtOWJjZC00Y2ZjLTg2NWMtZmMzM2IyMmZlMzhhL3Jlc291cmNlR3JvdXBzL0Nvc21vc0RCUmVzb3VyY2VHcm91cDI5L3Byb3ZpZGVycy9NaWNyb3NvZnQuRG9jdW1lbnREQi9kYXRhYmFzZUFjY291bnRzL21vbmdvLWRiMDAyOS9tb25nb2RiRGF0YWJhc2VzL2RiTmFtZTQvY29sbGVjdGlvbnMvY29sbGVjdGlvbk5hbWUvb3BlcmF0aW9uUmVzdWx0cy83N2FhNTFlNi04MDgyLTQ0NDAtOTJkYS1lOTg2ZWFiNWM2NGE/YXBpLXZlcnNpb249MjAyMS0xMC0xNQ==",
      "RequestMethod": "GET",
      "RequestBody": "",
      "RequestHeaders": {
        "x-ms-client-request-id": [
          "e8076e00-c948-406e-942a-5284dc353bf9"
        ],
        "User-Agent": [
          "FxVersion/4.6.28207.03",
          "OSName/Windows",
          "OSVersion/Microsoft.Windows.10.0.19043.",
          "Microsoft.Azure.Management.CosmosDB.CosmosDBManagementClient/3.2.0.0"
        ]
      },
      "ResponseHeaders": {
        "Cache-Control": [
          "no-store, no-cache"
        ],
        "Pragma": [
          "no-cache"
        ],
        "Strict-Transport-Security": [
          "max-age=31536000; includeSubDomains"
        ],
        "x-ms-gatewayversion": [
          "version=2.14.0"
        ],
        "Server": [
          "Microsoft-HTTPAPI/2.0"
        ],
        "x-ms-ratelimit-remaining-subscription-reads": [
          "11973"
        ],
        "x-ms-request-id": [
          "20363c72-9101-4356-89fe-0ed3bce149d7"
        ],
        "x-ms-correlation-request-id": [
          "20363c72-9101-4356-89fe-0ed3bce149d7"
        ],
        "x-ms-routing-request-id": [
          "WESTUS2:20211027T000351Z:20363c72-9101-4356-89fe-0ed3bce149d7"
        ],
        "X-Content-Type-Options": [
          "nosniff"
        ],
        "Date": [
          "Wed, 27 Oct 2021 00:03:51 GMT"
        ],
        "Content-Type": [
          "application/json"
        ]
      },
      "ResponseBody": "",
      "StatusCode": 204
    },
    {
      "RequestUri": "/subscriptions/259fbb24-9bcd-4cfc-865c-fc33b22fe38a/resourceGroups/CosmosDBResourceGroup29/providers/Microsoft.DocumentDB/databaseAccounts/mongo-db0029/mongodbDatabases/dbName4?api-version=2021-10-15",
      "EncodedRequestUri": "L3N1YnNjcmlwdGlvbnMvMjU5ZmJiMjQtOWJjZC00Y2ZjLTg2NWMtZmMzM2IyMmZlMzhhL3Jlc291cmNlR3JvdXBzL0Nvc21vc0RCUmVzb3VyY2VHcm91cDI5L3Byb3ZpZGVycy9NaWNyb3NvZnQuRG9jdW1lbnREQi9kYXRhYmFzZUFjY291bnRzL21vbmdvLWRiMDAyOS9tb25nb2RiRGF0YWJhc2VzL2RiTmFtZTQ/YXBpLXZlcnNpb249MjAyMS0xMC0xNQ==",
      "RequestMethod": "DELETE",
      "RequestBody": "",
      "RequestHeaders": {
        "x-ms-client-request-id": [
          "a20b128f-fe0e-41ac-aad2-1ccc5227ed18"
        ],
        "Accept-Language": [
          "en-US"
        ],
        "User-Agent": [
          "FxVersion/4.6.28207.03",
          "OSName/Windows",
          "OSVersion/Microsoft.Windows.10.0.19043.",
          "Microsoft.Azure.Management.CosmosDB.CosmosDBManagementClient/3.2.0.0"
        ]
      },
      "ResponseHeaders": {
        "Cache-Control": [
          "no-store, no-cache"
        ],
        "Pragma": [
          "no-cache"
        ],
        "Location": [
          "https://management.azure.com/subscriptions/259fbb24-9bcd-4cfc-865c-fc33b22fe38a/resourceGroups/CosmosDBResourceGroup29/providers/Microsoft.DocumentDB/databaseAccounts/mongo-db0029/mongodbDatabases/dbName4/operationResults/c0afd6d2-7f74-4fa3-9097-f3bd0a9f31a0?api-version=2021-10-15"
        ],
        "Azure-AsyncOperation": [
          "https://management.azure.com/subscriptions/259fbb24-9bcd-4cfc-865c-fc33b22fe38a/providers/Microsoft.DocumentDB/locations/eastus/operationsStatus/c0afd6d2-7f74-4fa3-9097-f3bd0a9f31a0?api-version=2021-10-15"
        ],
        "x-ms-request-id": [
          "c0afd6d2-7f74-4fa3-9097-f3bd0a9f31a0"
        ],
        "Strict-Transport-Security": [
          "max-age=31536000; includeSubDomains"
        ],
        "x-ms-gatewayversion": [
          "version=2.14.0"
        ],
        "Server": [
          "Microsoft-HTTPAPI/2.0"
        ],
        "x-ms-ratelimit-remaining-subscription-deletes": [
          "14999"
        ],
        "x-ms-correlation-request-id": [
          "dfe15ec6-7ed5-4310-acd8-c88c00eee6e7"
        ],
        "x-ms-routing-request-id": [
          "WESTUS2:20211027T000352Z:dfe15ec6-7ed5-4310-acd8-c88c00eee6e7"
        ],
        "X-Content-Type-Options": [
          "nosniff"
        ],
        "Date": [
          "Wed, 27 Oct 2021 00:03:52 GMT"
        ],
        "Content-Length": [
          "21"
        ],
        "Content-Type": [
          "application/json"
        ]
      },
      "ResponseBody": "{\r\n  \"status\": \"Enqueued\"\r\n}",
      "StatusCode": 202
    },
    {
      "RequestUri": "/subscriptions/259fbb24-9bcd-4cfc-865c-fc33b22fe38a/resourceGroups/CosmosDBResourceGroup29/providers/Microsoft.DocumentDB/databaseAccounts/mongo-db0029/mongodbDatabases/dbName4?api-version=2021-10-15",
      "EncodedRequestUri": "L3N1YnNjcmlwdGlvbnMvMjU5ZmJiMjQtOWJjZC00Y2ZjLTg2NWMtZmMzM2IyMmZlMzhhL3Jlc291cmNlR3JvdXBzL0Nvc21vc0RCUmVzb3VyY2VHcm91cDI5L3Byb3ZpZGVycy9NaWNyb3NvZnQuRG9jdW1lbnREQi9kYXRhYmFzZUFjY291bnRzL21vbmdvLWRiMDAyOS9tb25nb2RiRGF0YWJhc2VzL2RiTmFtZTQ/YXBpLXZlcnNpb249MjAyMS0xMC0xNQ==",
      "RequestMethod": "DELETE",
      "RequestBody": "",
      "RequestHeaders": {
        "x-ms-client-request-id": [
          "7e29ee4f-180c-4410-8600-82ec7b37b1b0"
        ],
        "Accept-Language": [
          "en-US"
        ],
        "User-Agent": [
          "FxVersion/4.6.28207.03",
          "OSName/Windows",
          "OSVersion/Microsoft.Windows.10.0.19043.",
          "Microsoft.Azure.Management.CosmosDB.CosmosDBManagementClient/3.2.0.0"
        ]
      },
      "ResponseHeaders": {
        "Cache-Control": [
          "no-store, no-cache"
        ],
        "Pragma": [
          "no-cache"
        ],
        "Location": [
          "https://management.azure.com/subscriptions/259fbb24-9bcd-4cfc-865c-fc33b22fe38a/resourceGroups/CosmosDBResourceGroup29/providers/Microsoft.DocumentDB/databaseAccounts/mongo-db0029/mongodbDatabases/dbName4/operationResults/f1577226-7c5a-49e7-bc66-67572e5fe96f?api-version=2021-10-15"
        ],
        "Azure-AsyncOperation": [
          "https://management.azure.com/subscriptions/259fbb24-9bcd-4cfc-865c-fc33b22fe38a/providers/Microsoft.DocumentDB/locations/eastus/operationsStatus/f1577226-7c5a-49e7-bc66-67572e5fe96f?api-version=2021-10-15"
        ],
        "x-ms-request-id": [
          "f1577226-7c5a-49e7-bc66-67572e5fe96f"
        ],
        "Strict-Transport-Security": [
          "max-age=31536000; includeSubDomains"
        ],
        "x-ms-gatewayversion": [
          "version=2.14.0"
        ],
        "Server": [
          "Microsoft-HTTPAPI/2.0"
        ],
        "x-ms-ratelimit-remaining-subscription-deletes": [
          "14997"
        ],
        "x-ms-correlation-request-id": [
          "f4ff3a51-ed33-4b54-940c-cd6b3bfdf3a3"
        ],
        "x-ms-routing-request-id": [
          "WESTUS2:20211027T000458Z:f4ff3a51-ed33-4b54-940c-cd6b3bfdf3a3"
        ],
        "X-Content-Type-Options": [
          "nosniff"
        ],
        "Date": [
          "Wed, 27 Oct 2021 00:04:58 GMT"
        ],
        "Content-Length": [
          "21"
        ],
        "Content-Type": [
          "application/json"
        ]
      },
      "ResponseBody": "{\r\n  \"status\": \"Enqueued\"\r\n}",
      "StatusCode": 202
    },
    {
      "RequestUri": "/subscriptions/259fbb24-9bcd-4cfc-865c-fc33b22fe38a/providers/Microsoft.DocumentDB/locations/eastus/operationsStatus/c0afd6d2-7f74-4fa3-9097-f3bd0a9f31a0?api-version=2021-10-15",
      "EncodedRequestUri": "L3N1YnNjcmlwdGlvbnMvMjU5ZmJiMjQtOWJjZC00Y2ZjLTg2NWMtZmMzM2IyMmZlMzhhL3Byb3ZpZGVycy9NaWNyb3NvZnQuRG9jdW1lbnREQi9sb2NhdGlvbnMvZWFzdHVzL29wZXJhdGlvbnNTdGF0dXMvYzBhZmQ2ZDItN2Y3NC00ZmEzLTkwOTctZjNiZDBhOWYzMWEwP2FwaS12ZXJzaW9uPTIwMjEtMTAtMTU=",
      "RequestMethod": "GET",
      "RequestBody": "",
      "RequestHeaders": {
        "x-ms-client-request-id": [
          "a20b128f-fe0e-41ac-aad2-1ccc5227ed18"
        ],
        "User-Agent": [
          "FxVersion/4.6.28207.03",
          "OSName/Windows",
          "OSVersion/Microsoft.Windows.10.0.19043.",
          "Microsoft.Azure.Management.CosmosDB.CosmosDBManagementClient/3.2.0.0"
        ]
      },
      "ResponseHeaders": {
        "Cache-Control": [
          "no-store, no-cache"
        ],
        "Pragma": [
          "no-cache"
        ],
        "Strict-Transport-Security": [
          "max-age=31536000; includeSubDomains"
        ],
        "x-ms-gatewayversion": [
          "version=2.14.0"
        ],
        "Server": [
          "Microsoft-HTTPAPI/2.0"
        ],
        "x-ms-ratelimit-remaining-subscription-reads": [
          "11999"
        ],
        "x-ms-request-id": [
          "389a34e7-eebc-4531-983b-ec438263e2f1"
        ],
        "x-ms-correlation-request-id": [
          "389a34e7-eebc-4531-983b-ec438263e2f1"
        ],
        "x-ms-routing-request-id": [
          "WESTUS2:20211027T000422Z:389a34e7-eebc-4531-983b-ec438263e2f1"
        ],
        "X-Content-Type-Options": [
          "nosniff"
        ],
        "Date": [
          "Wed, 27 Oct 2021 00:04:21 GMT"
        ],
        "Content-Length": [
          "22"
        ],
        "Content-Type": [
          "application/json"
        ]
      },
      "ResponseBody": "{\r\n  \"status\": \"Succeeded\"\r\n}",
      "StatusCode": 200
    },
    {
      "RequestUri": "/subscriptions/259fbb24-9bcd-4cfc-865c-fc33b22fe38a/resourceGroups/CosmosDBResourceGroup29/providers/Microsoft.DocumentDB/databaseAccounts/mongo-db0029/mongodbDatabases/dbName4/operationResults/c0afd6d2-7f74-4fa3-9097-f3bd0a9f31a0?api-version=2021-10-15",
      "EncodedRequestUri": "L3N1YnNjcmlwdGlvbnMvMjU5ZmJiMjQtOWJjZC00Y2ZjLTg2NWMtZmMzM2IyMmZlMzhhL3Jlc291cmNlR3JvdXBzL0Nvc21vc0RCUmVzb3VyY2VHcm91cDI5L3Byb3ZpZGVycy9NaWNyb3NvZnQuRG9jdW1lbnREQi9kYXRhYmFzZUFjY291bnRzL21vbmdvLWRiMDAyOS9tb25nb2RiRGF0YWJhc2VzL2RiTmFtZTQvb3BlcmF0aW9uUmVzdWx0cy9jMGFmZDZkMi03Zjc0LTRmYTMtOTA5Ny1mM2JkMGE5ZjMxYTA/YXBpLXZlcnNpb249MjAyMS0xMC0xNQ==",
      "RequestMethod": "GET",
      "RequestBody": "",
      "RequestHeaders": {
        "x-ms-client-request-id": [
          "a20b128f-fe0e-41ac-aad2-1ccc5227ed18"
        ],
        "User-Agent": [
          "FxVersion/4.6.28207.03",
          "OSName/Windows",
          "OSVersion/Microsoft.Windows.10.0.19043.",
          "Microsoft.Azure.Management.CosmosDB.CosmosDBManagementClient/3.2.0.0"
        ]
      },
      "ResponseHeaders": {
        "Cache-Control": [
          "no-store, no-cache"
        ],
        "Pragma": [
          "no-cache"
        ],
        "Strict-Transport-Security": [
          "max-age=31536000; includeSubDomains"
        ],
        "x-ms-gatewayversion": [
          "version=2.14.0"
        ],
        "Server": [
          "Microsoft-HTTPAPI/2.0"
        ],
        "x-ms-ratelimit-remaining-subscription-reads": [
          "11998"
        ],
        "x-ms-request-id": [
          "8bc8336b-fea1-45e9-95ab-527d128e581c"
        ],
        "x-ms-correlation-request-id": [
          "8bc8336b-fea1-45e9-95ab-527d128e581c"
        ],
        "x-ms-routing-request-id": [
          "WESTUS2:20211027T000422Z:8bc8336b-fea1-45e9-95ab-527d128e581c"
        ],
        "X-Content-Type-Options": [
          "nosniff"
        ],
        "Date": [
          "Wed, 27 Oct 2021 00:04:22 GMT"
        ],
        "Content-Type": [
          "application/json"
        ]
      },
      "ResponseBody": "",
      "StatusCode": 204
    },
    {
      "RequestUri": "/subscriptions/259fbb24-9bcd-4cfc-865c-fc33b22fe38a/providers/Microsoft.DocumentDB/locations/eastus/operationsStatus/998beaf3-033e-40a5-b448-f87b87cd997d?api-version=2021-10-15",
      "EncodedRequestUri": "L3N1YnNjcmlwdGlvbnMvMjU5ZmJiMjQtOWJjZC00Y2ZjLTg2NWMtZmMzM2IyMmZlMzhhL3Byb3ZpZGVycy9NaWNyb3NvZnQuRG9jdW1lbnREQi9sb2NhdGlvbnMvZWFzdHVzL29wZXJhdGlvbnNTdGF0dXMvOTk4YmVhZjMtMDMzZS00MGE1LWI0NDgtZjg3Yjg3Y2Q5OTdkP2FwaS12ZXJzaW9uPTIwMjEtMTAtMTU=",
      "RequestMethod": "GET",
      "RequestBody": "",
      "RequestHeaders": {
        "x-ms-client-request-id": [
          "93dacde7-a6b2-47aa-be40-6de163aa8de7"
        ],
        "User-Agent": [
          "FxVersion/4.6.28207.03",
          "OSName/Windows",
          "OSVersion/Microsoft.Windows.10.0.19043.",
          "Microsoft.Azure.Management.CosmosDB.CosmosDBManagementClient/3.2.0.0"
        ]
      },
      "ResponseHeaders": {
        "Cache-Control": [
          "no-store, no-cache"
        ],
        "Pragma": [
          "no-cache"
        ],
        "Strict-Transport-Security": [
          "max-age=31536000; includeSubDomains"
        ],
        "x-ms-gatewayversion": [
          "version=2.14.0"
        ],
        "Server": [
          "Microsoft-HTTPAPI/2.0"
        ],
        "x-ms-ratelimit-remaining-subscription-reads": [
          "11999"
        ],
        "x-ms-request-id": [
          "7b066403-93d3-44b6-b916-3bd37d96114a"
        ],
        "x-ms-correlation-request-id": [
          "7b066403-93d3-44b6-b916-3bd37d96114a"
        ],
        "x-ms-routing-request-id": [
          "WESTUS2:20211027T000456Z:7b066403-93d3-44b6-b916-3bd37d96114a"
        ],
        "X-Content-Type-Options": [
          "nosniff"
        ],
        "Date": [
          "Wed, 27 Oct 2021 00:04:56 GMT"
        ],
        "Content-Length": [
          "22"
        ],
        "Content-Type": [
          "application/json"
        ]
      },
      "ResponseBody": "{\r\n  \"status\": \"Succeeded\"\r\n}",
      "StatusCode": 200
    },
    {
      "RequestUri": "/subscriptions/259fbb24-9bcd-4cfc-865c-fc33b22fe38a/resourceGroups/CosmosDBResourceGroup29/providers/Microsoft.DocumentDB/databaseAccounts/mongo-db0029/mongodbDatabases/dbName4/collections/collectionName/operationResults/998beaf3-033e-40a5-b448-f87b87cd997d?api-version=2021-10-15",
      "EncodedRequestUri": "L3N1YnNjcmlwdGlvbnMvMjU5ZmJiMjQtOWJjZC00Y2ZjLTg2NWMtZmMzM2IyMmZlMzhhL3Jlc291cmNlR3JvdXBzL0Nvc21vc0RCUmVzb3VyY2VHcm91cDI5L3Byb3ZpZGVycy9NaWNyb3NvZnQuRG9jdW1lbnREQi9kYXRhYmFzZUFjY291bnRzL21vbmdvLWRiMDAyOS9tb25nb2RiRGF0YWJhc2VzL2RiTmFtZTQvY29sbGVjdGlvbnMvY29sbGVjdGlvbk5hbWUvb3BlcmF0aW9uUmVzdWx0cy85OThiZWFmMy0wMzNlLTQwYTUtYjQ0OC1mODdiODdjZDk5N2Q/YXBpLXZlcnNpb249MjAyMS0xMC0xNQ==",
      "RequestMethod": "GET",
      "RequestBody": "",
      "RequestHeaders": {
        "x-ms-client-request-id": [
          "93dacde7-a6b2-47aa-be40-6de163aa8de7"
        ],
        "User-Agent": [
          "FxVersion/4.6.28207.03",
          "OSName/Windows",
          "OSVersion/Microsoft.Windows.10.0.19043.",
          "Microsoft.Azure.Management.CosmosDB.CosmosDBManagementClient/3.2.0.0"
        ]
      },
      "ResponseHeaders": {
        "Cache-Control": [
          "no-store, no-cache"
        ],
        "Pragma": [
          "no-cache"
        ],
        "Strict-Transport-Security": [
          "max-age=31536000; includeSubDomains"
        ],
        "x-ms-gatewayversion": [
          "version=2.14.0"
        ],
        "Server": [
          "Microsoft-HTTPAPI/2.0"
        ],
        "x-ms-ratelimit-remaining-subscription-reads": [
          "11998"
        ],
        "x-ms-request-id": [
          "4e724ebf-21c8-46ae-a117-daac440aad87"
        ],
        "x-ms-correlation-request-id": [
          "4e724ebf-21c8-46ae-a117-daac440aad87"
        ],
        "x-ms-routing-request-id": [
          "WESTUS2:20211027T000457Z:4e724ebf-21c8-46ae-a117-daac440aad87"
        ],
        "X-Content-Type-Options": [
          "nosniff"
        ],
        "Date": [
          "Wed, 27 Oct 2021 00:04:56 GMT"
        ],
        "Content-Type": [
          "application/json"
        ]
      },
      "ResponseBody": "",
      "StatusCode": 204
    },
    {
      "RequestUri": "/subscriptions/259fbb24-9bcd-4cfc-865c-fc33b22fe38a/providers/Microsoft.DocumentDB/locations/eastus/operationsStatus/f1577226-7c5a-49e7-bc66-67572e5fe96f?api-version=2021-10-15",
      "EncodedRequestUri": "L3N1YnNjcmlwdGlvbnMvMjU5ZmJiMjQtOWJjZC00Y2ZjLTg2NWMtZmMzM2IyMmZlMzhhL3Byb3ZpZGVycy9NaWNyb3NvZnQuRG9jdW1lbnREQi9sb2NhdGlvbnMvZWFzdHVzL29wZXJhdGlvbnNTdGF0dXMvZjE1NzcyMjYtN2M1YS00OWU3LWJjNjYtNjc1NzJlNWZlOTZmP2FwaS12ZXJzaW9uPTIwMjEtMTAtMTU=",
      "RequestMethod": "GET",
      "RequestBody": "",
      "RequestHeaders": {
        "x-ms-client-request-id": [
          "7e29ee4f-180c-4410-8600-82ec7b37b1b0"
        ],
        "User-Agent": [
          "FxVersion/4.6.28207.03",
          "OSName/Windows",
          "OSVersion/Microsoft.Windows.10.0.19043.",
          "Microsoft.Azure.Management.CosmosDB.CosmosDBManagementClient/3.2.0.0"
        ]
      },
      "ResponseHeaders": {
        "Cache-Control": [
          "no-store, no-cache"
        ],
        "Pragma": [
          "no-cache"
        ],
        "Strict-Transport-Security": [
          "max-age=31536000; includeSubDomains"
        ],
        "x-ms-gatewayversion": [
          "version=2.14.0"
        ],
        "Server": [
          "Microsoft-HTTPAPI/2.0"
        ],
        "x-ms-ratelimit-remaining-subscription-reads": [
          "11999"
        ],
        "x-ms-request-id": [
          "6aecde8e-3850-4e5c-bf43-6bf7a7b69671"
        ],
        "x-ms-correlation-request-id": [
          "6aecde8e-3850-4e5c-bf43-6bf7a7b69671"
        ],
        "x-ms-routing-request-id": [
          "WESTUS2:20211027T000528Z:6aecde8e-3850-4e5c-bf43-6bf7a7b69671"
        ],
        "X-Content-Type-Options": [
          "nosniff"
        ],
        "Date": [
          "Wed, 27 Oct 2021 00:05:27 GMT"
        ],
        "Content-Length": [
          "22"
        ],
        "Content-Type": [
          "application/json"
        ]
      },
      "ResponseBody": "{\r\n  \"status\": \"Succeeded\"\r\n}",
      "StatusCode": 200
    },
    {
      "RequestUri": "/subscriptions/259fbb24-9bcd-4cfc-865c-fc33b22fe38a/resourceGroups/CosmosDBResourceGroup29/providers/Microsoft.DocumentDB/databaseAccounts/mongo-db0029/mongodbDatabases/dbName4/operationResults/f1577226-7c5a-49e7-bc66-67572e5fe96f?api-version=2021-10-15",
      "EncodedRequestUri": "L3N1YnNjcmlwdGlvbnMvMjU5ZmJiMjQtOWJjZC00Y2ZjLTg2NWMtZmMzM2IyMmZlMzhhL3Jlc291cmNlR3JvdXBzL0Nvc21vc0RCUmVzb3VyY2VHcm91cDI5L3Byb3ZpZGVycy9NaWNyb3NvZnQuRG9jdW1lbnREQi9kYXRhYmFzZUFjY291bnRzL21vbmdvLWRiMDAyOS9tb25nb2RiRGF0YWJhc2VzL2RiTmFtZTQvb3BlcmF0aW9uUmVzdWx0cy9mMTU3NzIyNi03YzVhLTQ5ZTctYmM2Ni02NzU3MmU1ZmU5NmY/YXBpLXZlcnNpb249MjAyMS0xMC0xNQ==",
      "RequestMethod": "GET",
      "RequestBody": "",
      "RequestHeaders": {
        "x-ms-client-request-id": [
          "7e29ee4f-180c-4410-8600-82ec7b37b1b0"
        ],
        "User-Agent": [
          "FxVersion/4.6.28207.03",
          "OSName/Windows",
          "OSVersion/Microsoft.Windows.10.0.19043.",
          "Microsoft.Azure.Management.CosmosDB.CosmosDBManagementClient/3.2.0.0"
        ]
      },
      "ResponseHeaders": {
        "Cache-Control": [
          "no-store, no-cache"
        ],
        "Pragma": [
          "no-cache"
        ],
        "Strict-Transport-Security": [
          "max-age=31536000; includeSubDomains"
        ],
        "x-ms-gatewayversion": [
          "version=2.14.0"
        ],
        "Server": [
          "Microsoft-HTTPAPI/2.0"
        ],
        "x-ms-ratelimit-remaining-subscription-reads": [
          "11998"
        ],
        "x-ms-request-id": [
          "0c3edcca-5e19-499e-9287-b20246b27017"
        ],
        "x-ms-correlation-request-id": [
          "0c3edcca-5e19-499e-9287-b20246b27017"
        ],
        "x-ms-routing-request-id": [
          "WESTUS2:20211027T000528Z:0c3edcca-5e19-499e-9287-b20246b27017"
        ],
        "X-Content-Type-Options": [
          "nosniff"
        ],
        "Date": [
          "Wed, 27 Oct 2021 00:05:28 GMT"
        ],
        "Content-Type": [
          "application/json"
        ]
      },
      "ResponseBody": "",
      "StatusCode": 204
    }
  ],
  "Names": {},
  "Variables": {
    "SubscriptionId": "259fbb24-9bcd-4cfc-865c-fc33b22fe38a"
  }
}