{
  "Entries": [
    {
      "RequestUri": "/subscriptions/259fbb24-9bcd-4cfc-865c-fc33b22fe38a/resourcegroups/CosmosDBResourceGroup45?api-version=2016-09-01",
      "EncodedRequestUri": "L3N1YnNjcmlwdGlvbnMvMjU5ZmJiMjQtOWJjZC00Y2ZjLTg2NWMtZmMzM2IyMmZlMzhhL3Jlc291cmNlZ3JvdXBzL0Nvc21vc0RCUmVzb3VyY2VHcm91cDQ1P2FwaS12ZXJzaW9uPTIwMTYtMDktMDE=",
      "RequestMethod": "PUT",
      "RequestHeaders": {
        "x-ms-client-request-id": [
          "b80dde91-8069-422a-ab78-19c6dc50328d"
        ],
        "Accept-Language": [
          "en-US"
        ],
        "User-Agent": [
          "FxVersion/4.700.22.41602",
          "OSName/Windows",
          "OSVersion/Microsoft.Windows.10.0.19044",
          "Microsoft.Azure.Management.Internal.Resources.ResourceManagementClient/1.3.61"
        ],
        "Content-Type": [
          "application/json; charset=utf-8"
        ],
        "Content-Length": [
          "29"
        ]
      },
      "RequestBody": "{\r\n  \"location\": \"East US\"\r\n}",
      "ResponseHeaders": {
        "Cache-Control": [
          "no-cache"
        ],
        "Pragma": [
          "no-cache"
        ],
        "x-ms-ratelimit-remaining-subscription-writes": [
          "1199"
        ],
        "x-ms-request-id": [
          "55e2196a-e7ba-40eb-964d-79122cde0a4d"
        ],
        "x-ms-correlation-request-id": [
          "55e2196a-e7ba-40eb-964d-79122cde0a4d"
        ],
        "x-ms-routing-request-id": [
          "EASTUS:20220923T120517Z:55e2196a-e7ba-40eb-964d-79122cde0a4d"
        ],
        "Strict-Transport-Security": [
          "max-age=31536000; includeSubDomains"
        ],
        "X-Content-Type-Options": [
          "nosniff"
        ],
        "Date": [
          "Fri, 23 Sep 2022 12:05:16 GMT"
        ],
        "Content-Length": [
          "199"
        ],
        "Content-Type": [
          "application/json; charset=utf-8"
        ],
        "Expires": [
          "-1"
        ]
      },
      "ResponseBody": "{\r\n  \"id\": \"/subscriptions/259fbb24-9bcd-4cfc-865c-fc33b22fe38a/resourceGroups/CosmosDBResourceGroup45\",\r\n  \"name\": \"CosmosDBResourceGroup45\",\r\n  \"location\": \"eastus\",\r\n  \"properties\": {\r\n    \"provisioningState\": \"Succeeded\"\r\n  }\r\n}",
      "StatusCode": 201
    },
    {
      "RequestUri": "/subscriptions/259fbb24-9bcd-4cfc-865c-fc33b22fe38a/resourceGroups/CosmosDBResourceGroup45/providers/Microsoft.DocumentDB/databaseAccounts/mongo-db0045?api-version=2022-08-15-preview",
      "EncodedRequestUri": "L3N1YnNjcmlwdGlvbnMvMjU5ZmJiMjQtOWJjZC00Y2ZjLTg2NWMtZmMzM2IyMmZlMzhhL3Jlc291cmNlR3JvdXBzL0Nvc21vc0RCUmVzb3VyY2VHcm91cDQ1L3Byb3ZpZGVycy9NaWNyb3NvZnQuRG9jdW1lbnREQi9kYXRhYmFzZUFjY291bnRzL21vbmdvLWRiMDA0NT9hcGktdmVyc2lvbj0yMDIyLTA4LTE1LXByZXZpZXc=",
      "RequestMethod": "GET",
      "RequestHeaders": {
        "x-ms-client-request-id": [
          "bc464ff8-4da5-447b-965a-a696038280d0"
        ],
        "Accept-Language": [
          "en-US"
        ],
        "User-Agent": [
          "FxVersion/4.700.22.41602",
          "OSName/Windows",
          "OSVersion/Microsoft.Windows.10.0.19044",
          "Microsoft.Azure.Management.CosmosDB.CosmosDBManagementClient/3.7.0.0"
        ]
      },
      "RequestBody": "",
      "ResponseHeaders": {
        "Cache-Control": [
          "no-cache"
        ],
        "Pragma": [
          "no-cache"
        ],
        "x-ms-failure-cause": [
          "gateway"
        ],
        "x-ms-request-id": [
          "22c435e4-b4fd-49d7-9a7a-a0f7f8345c48"
        ],
        "x-ms-correlation-request-id": [
          "22c435e4-b4fd-49d7-9a7a-a0f7f8345c48"
        ],
        "x-ms-routing-request-id": [
          "EASTUS:20220923T120517Z:22c435e4-b4fd-49d7-9a7a-a0f7f8345c48"
        ],
        "Strict-Transport-Security": [
          "max-age=31536000; includeSubDomains"
        ],
        "X-Content-Type-Options": [
          "nosniff"
        ],
        "Date": [
          "Fri, 23 Sep 2022 12:05:17 GMT"
        ],
        "Content-Type": [
          "application/json; charset=utf-8"
        ],
        "Expires": [
          "-1"
        ],
        "Content-Length": [
          "245"
        ]
      },
      "ResponseBody": "{\r\n  \"error\": {\r\n    \"code\": \"ResourceNotFound\",\r\n    \"message\": \"The Resource 'Microsoft.DocumentDB/databaseAccounts/mongo-db0045' under resource group 'CosmosDBResourceGroup45' was not found. For more details please go to https://aka.ms/ARMResourceNotFoundFix\"\r\n  }\r\n}",
      "StatusCode": 404
    },
    {
      "RequestUri": "/subscriptions/259fbb24-9bcd-4cfc-865c-fc33b22fe38a/resourceGroups/CosmosDBResourceGroup45/providers/Microsoft.DocumentDB/databaseAccounts/mongo-db0045?api-version=2022-08-15-preview",
      "EncodedRequestUri": "L3N1YnNjcmlwdGlvbnMvMjU5ZmJiMjQtOWJjZC00Y2ZjLTg2NWMtZmMzM2IyMmZlMzhhL3Jlc291cmNlR3JvdXBzL0Nvc21vc0RCUmVzb3VyY2VHcm91cDQ1L3Byb3ZpZGVycy9NaWNyb3NvZnQuRG9jdW1lbnREQi9kYXRhYmFzZUFjY291bnRzL21vbmdvLWRiMDA0NT9hcGktdmVyc2lvbj0yMDIyLTA4LTE1LXByZXZpZXc=",
      "RequestMethod": "GET",
      "RequestHeaders": {
        "x-ms-client-request-id": [
          "bc464ff8-4da5-447b-965a-a696038280d0"
        ],
        "User-Agent": [
          "FxVersion/4.700.22.41602",
          "OSName/Windows",
          "OSVersion/Microsoft.Windows.10.0.19044",
          "Microsoft.Azure.Management.CosmosDB.CosmosDBManagementClient/3.7.0.0"
        ]
      },
      "RequestBody": "",
      "ResponseHeaders": {
        "Cache-Control": [
          "no-store, no-cache"
        ],
        "Pragma": [
          "no-cache"
        ],
        "Strict-Transport-Security": [
          "max-age=31536000; includeSubDomains"
        ],
        "x-ms-gatewayversion": [
          "version=2.14.0"
        ],
        "Server": [
          "Microsoft-HTTPAPI/2.0"
        ],
        "x-ms-ratelimit-remaining-subscription-reads": [
          "11978"
        ],
        "x-ms-request-id": [
          "eb357e91-3d98-4876-bc92-d41f37b39c03"
        ],
        "x-ms-correlation-request-id": [
          "eb357e91-3d98-4876-bc92-d41f37b39c03"
        ],
        "x-ms-routing-request-id": [
          "EASTUS:20220923T120922Z:eb357e91-3d98-4876-bc92-d41f37b39c03"
        ],
        "X-Content-Type-Options": [
          "nosniff"
        ],
        "Date": [
          "Fri, 23 Sep 2022 12:09:22 GMT"
        ],
        "Content-Length": [
          "2725"
        ],
        "Content-Type": [
          "application/json"
        ]
      },
      "ResponseBody": "{\r\n  \"id\": \"/subscriptions/259fbb24-9bcd-4cfc-865c-fc33b22fe38a/resourceGroups/CosmosDBResourceGroup45/providers/Microsoft.DocumentDB/databaseAccounts/mongo-db0045\",\r\n  \"name\": \"mongo-db0045\",\r\n  \"location\": \"East US\",\r\n  \"type\": \"Microsoft.DocumentDB/databaseAccounts\",\r\n  \"kind\": \"MongoDB\",\r\n  \"tags\": {},\r\n  \"systemData\": {\r\n    \"createdAt\": \"2022-09-23T12:08:27.5467855Z\"\r\n  },\r\n  \"properties\": {\r\n    \"provisioningState\": \"Succeeded\",\r\n    \"documentEndpoint\": \"https://mongo-db0045.documents.azure.com:443/\",\r\n    \"mongoEndpoint\": \"https://mongo-db0045.mongo.cosmos.azure.com:443/\",\r\n    \"publicNetworkAccess\": \"Enabled\",\r\n    \"enableAutomaticFailover\": false,\r\n    \"enableMultipleWriteLocations\": false,\r\n    \"enablePartitionKeyMonitor\": false,\r\n    \"isVirtualNetworkFilterEnabled\": false,\r\n    \"virtualNetworkRules\": [],\r\n    \"EnabledApiTypes\": \"MongoDB\",\r\n    \"disableKeyBasedMetadataWriteAccess\": false,\r\n    \"enableFreeTier\": false,\r\n    \"enableAnalyticalStorage\": false,\r\n    \"analyticalStorageConfiguration\": {\r\n      \"schemaType\": \"FullFidelity\"\r\n    },\r\n    \"instanceId\": \"cbabec72-32be-4f03-9b16-62c652f4b759\",\r\n    \"databaseAccountOfferType\": \"Standard\",\r\n    \"defaultIdentity\": \"FirstPartyIdentity\",\r\n    \"networkAclBypass\": \"None\",\r\n    \"disableLocalAuth\": false,\r\n    \"enablePartitionMerge\": false,\r\n    \"consistencyPolicy\": {\r\n      \"defaultConsistencyLevel\": \"Session\",\r\n      \"maxIntervalInSeconds\": 5,\r\n      \"maxStalenessPrefix\": 100\r\n    },\r\n    \"apiProperties\": {\r\n      \"serverVersion\": \"3.6\"\r\n    },\r\n    \"configurationOverrides\": {\r\n      \"EnableBsonSchema\": \"True\"\r\n    },\r\n    \"writeLocations\": [\r\n      {\r\n        \"id\": \"mongo-db0045-eastus\",\r\n        \"locationName\": \"East US\",\r\n        \"documentEndpoint\": \"https://mongo-db0045-eastus.documents.azure.com:443/\",\r\n        \"provisioningState\": \"Succeeded\",\r\n        \"failoverPriority\": 0,\r\n        \"isZoneRedundant\": false\r\n      }\r\n    ],\r\n    \"readLocations\": [\r\n      {\r\n        \"id\": \"mongo-db0045-eastus\",\r\n        \"locationName\": \"East US\",\r\n        \"documentEndpoint\": \"https://mongo-db0045-eastus.documents.azure.com:443/\",\r\n        \"provisioningState\": \"Succeeded\",\r\n        \"failoverPriority\": 0,\r\n        \"isZoneRedundant\": false\r\n      }\r\n    ],\r\n    \"locations\": [\r\n      {\r\n        \"id\": \"mongo-db0045-eastus\",\r\n        \"locationName\": \"East US\",\r\n        \"documentEndpoint\": \"https://mongo-db0045-eastus.documents.azure.com:443/\",\r\n        \"provisioningState\": \"Succeeded\",\r\n        \"failoverPriority\": 0,\r\n        \"isZoneRedundant\": false\r\n      }\r\n    ],\r\n    \"failoverPolicies\": [\r\n      {\r\n        \"id\": \"mongo-db0045-eastus\",\r\n        \"locationName\": \"East US\",\r\n        \"failoverPriority\": 0\r\n      }\r\n    ],\r\n    \"cors\": [],\r\n    \"capabilities\": [\r\n      {\r\n        \"name\": \"EnableMongo\"\r\n      }\r\n    ],\r\n    \"ipRules\": [],\r\n    \"backupPolicy\": {\r\n      \"type\": \"Periodic\",\r\n      \"periodicModeProperties\": {\r\n        \"backupIntervalInMinutes\": 240,\r\n        \"backupRetentionIntervalInHours\": 8,\r\n        \"backupStorageRedundancy\": \"Geo\"\r\n      }\r\n    },\r\n    \"networkAclBypassResourceIds\": [],\r\n    \"diagnosticLogSettings\": {\r\n      \"enableFullTextQuery\": \"None\"\r\n    },\r\n    \"keysMetadata\": {\r\n      \"primaryMasterKey\": {\r\n        \"generationTime\": \"2022-09-23T12:08:27.5467855Z\"\r\n      },\r\n      \"secondaryMasterKey\": {\r\n        \"generationTime\": \"2022-09-23T12:08:27.5467855Z\"\r\n      },\r\n      \"primaryReadonlyMasterKey\": {\r\n        \"generationTime\": \"2022-09-23T12:08:27.5467855Z\"\r\n      },\r\n      \"secondaryReadonlyMasterKey\": {\r\n        \"generationTime\": \"2022-09-23T12:08:27.5467855Z\"\r\n      }\r\n    }\r\n  },\r\n  \"identity\": {\r\n    \"type\": \"None\"\r\n  }\r\n}",
      "StatusCode": 200
    },
    {
      "RequestUri": "/subscriptions/259fbb24-9bcd-4cfc-865c-fc33b22fe38a/resourceGroups/CosmosDBResourceGroup45/providers/Microsoft.DocumentDB/databaseAccounts/mongo-db0045?api-version=2022-08-15-preview",
      "EncodedRequestUri": "L3N1YnNjcmlwdGlvbnMvMjU5ZmJiMjQtOWJjZC00Y2ZjLTg2NWMtZmMzM2IyMmZlMzhhL3Jlc291cmNlR3JvdXBzL0Nvc21vc0RCUmVzb3VyY2VHcm91cDQ1L3Byb3ZpZGVycy9NaWNyb3NvZnQuRG9jdW1lbnREQi9kYXRhYmFzZUFjY291bnRzL21vbmdvLWRiMDA0NT9hcGktdmVyc2lvbj0yMDIyLTA4LTE1LXByZXZpZXc=",
      "RequestMethod": "GET",
      "RequestHeaders": {
        "x-ms-client-request-id": [
          "e938bcd7-e6f2-4bc2-9be6-54e2e22ae716"
        ],
        "Accept-Language": [
          "en-US"
        ],
        "User-Agent": [
          "FxVersion/4.700.22.41602",
          "OSName/Windows",
          "OSVersion/Microsoft.Windows.10.0.19044",
          "Microsoft.Azure.Management.CosmosDB.CosmosDBManagementClient/3.7.0.0"
        ]
      },
      "RequestBody": "",
      "ResponseHeaders": {
        "Cache-Control": [
          "no-store, no-cache"
        ],
        "Pragma": [
          "no-cache"
        ],
        "Strict-Transport-Security": [
          "max-age=31536000; includeSubDomains"
        ],
        "x-ms-gatewayversion": [
          "version=2.14.0"
        ],
        "Server": [
          "Microsoft-HTTPAPI/2.0"
        ],
        "x-ms-ratelimit-remaining-subscription-reads": [
          "11999"
        ],
        "x-ms-request-id": [
          "402f181d-5756-4fbd-b105-dffecdc54ef4"
        ],
        "x-ms-correlation-request-id": [
          "402f181d-5756-4fbd-b105-dffecdc54ef4"
        ],
        "x-ms-routing-request-id": [
          "EASTUS:20220923T121025Z:402f181d-5756-4fbd-b105-dffecdc54ef4"
        ],
        "X-Content-Type-Options": [
          "nosniff"
        ],
        "Date": [
          "Fri, 23 Sep 2022 12:10:24 GMT"
        ],
        "Content-Length": [
          "2725"
        ],
        "Content-Type": [
          "application/json"
        ]
      },
      "ResponseBody": "{\r\n  \"id\": \"/subscriptions/259fbb24-9bcd-4cfc-865c-fc33b22fe38a/resourceGroups/CosmosDBResourceGroup45/providers/Microsoft.DocumentDB/databaseAccounts/mongo-db0045\",\r\n  \"name\": \"mongo-db0045\",\r\n  \"location\": \"East US\",\r\n  \"type\": \"Microsoft.DocumentDB/databaseAccounts\",\r\n  \"kind\": \"MongoDB\",\r\n  \"tags\": {},\r\n  \"systemData\": {\r\n    \"createdAt\": \"2022-09-23T12:08:27.5467855Z\"\r\n  },\r\n  \"properties\": {\r\n    \"provisioningState\": \"Succeeded\",\r\n    \"documentEndpoint\": \"https://mongo-db0045.documents.azure.com:443/\",\r\n    \"mongoEndpoint\": \"https://mongo-db0045.mongo.cosmos.azure.com:443/\",\r\n    \"publicNetworkAccess\": \"Enabled\",\r\n    \"enableAutomaticFailover\": false,\r\n    \"enableMultipleWriteLocations\": false,\r\n    \"enablePartitionKeyMonitor\": false,\r\n    \"isVirtualNetworkFilterEnabled\": false,\r\n    \"virtualNetworkRules\": [],\r\n    \"EnabledApiTypes\": \"MongoDB\",\r\n    \"disableKeyBasedMetadataWriteAccess\": false,\r\n    \"enableFreeTier\": false,\r\n    \"enableAnalyticalStorage\": false,\r\n    \"analyticalStorageConfiguration\": {\r\n      \"schemaType\": \"FullFidelity\"\r\n    },\r\n    \"instanceId\": \"cbabec72-32be-4f03-9b16-62c652f4b759\",\r\n    \"databaseAccountOfferType\": \"Standard\",\r\n    \"defaultIdentity\": \"FirstPartyIdentity\",\r\n    \"networkAclBypass\": \"None\",\r\n    \"disableLocalAuth\": false,\r\n    \"enablePartitionMerge\": false,\r\n    \"consistencyPolicy\": {\r\n      \"defaultConsistencyLevel\": \"Session\",\r\n      \"maxIntervalInSeconds\": 5,\r\n      \"maxStalenessPrefix\": 100\r\n    },\r\n    \"apiProperties\": {\r\n      \"serverVersion\": \"3.6\"\r\n    },\r\n    \"configurationOverrides\": {\r\n      \"EnableBsonSchema\": \"True\"\r\n    },\r\n    \"writeLocations\": [\r\n      {\r\n        \"id\": \"mongo-db0045-eastus\",\r\n        \"locationName\": \"East US\",\r\n        \"documentEndpoint\": \"https://mongo-db0045-eastus.documents.azure.com:443/\",\r\n        \"provisioningState\": \"Succeeded\",\r\n        \"failoverPriority\": 0,\r\n        \"isZoneRedundant\": false\r\n      }\r\n    ],\r\n    \"readLocations\": [\r\n      {\r\n        \"id\": \"mongo-db0045-eastus\",\r\n        \"locationName\": \"East US\",\r\n        \"documentEndpoint\": \"https://mongo-db0045-eastus.documents.azure.com:443/\",\r\n        \"provisioningState\": \"Succeeded\",\r\n        \"failoverPriority\": 0,\r\n        \"isZoneRedundant\": false\r\n      }\r\n    ],\r\n    \"locations\": [\r\n      {\r\n        \"id\": \"mongo-db0045-eastus\",\r\n        \"locationName\": \"East US\",\r\n        \"documentEndpoint\": \"https://mongo-db0045-eastus.documents.azure.com:443/\",\r\n        \"provisioningState\": \"Succeeded\",\r\n        \"failoverPriority\": 0,\r\n        \"isZoneRedundant\": false\r\n      }\r\n    ],\r\n    \"failoverPolicies\": [\r\n      {\r\n        \"id\": \"mongo-db0045-eastus\",\r\n        \"locationName\": \"East US\",\r\n        \"failoverPriority\": 0\r\n      }\r\n    ],\r\n    \"cors\": [],\r\n    \"capabilities\": [\r\n      {\r\n        \"name\": \"EnableMongo\"\r\n      }\r\n    ],\r\n    \"ipRules\": [],\r\n    \"backupPolicy\": {\r\n      \"type\": \"Periodic\",\r\n      \"periodicModeProperties\": {\r\n        \"backupIntervalInMinutes\": 240,\r\n        \"backupRetentionIntervalInHours\": 8,\r\n        \"backupStorageRedundancy\": \"Geo\"\r\n      }\r\n    },\r\n    \"networkAclBypassResourceIds\": [],\r\n    \"diagnosticLogSettings\": {\r\n      \"enableFullTextQuery\": \"None\"\r\n    },\r\n    \"keysMetadata\": {\r\n      \"primaryMasterKey\": {\r\n        \"generationTime\": \"2022-09-23T12:08:27.5467855Z\"\r\n      },\r\n      \"secondaryMasterKey\": {\r\n        \"generationTime\": \"2022-09-23T12:08:27.5467855Z\"\r\n      },\r\n      \"primaryReadonlyMasterKey\": {\r\n        \"generationTime\": \"2022-09-23T12:08:27.5467855Z\"\r\n      },\r\n      \"secondaryReadonlyMasterKey\": {\r\n        \"generationTime\": \"2022-09-23T12:08:27.5467855Z\"\r\n      }\r\n    }\r\n  },\r\n  \"identity\": {\r\n    \"type\": \"None\"\r\n  }\r\n}",
      "StatusCode": 200
    },
    {
      "RequestUri": "/subscriptions/259fbb24-9bcd-4cfc-865c-fc33b22fe38a/resourceGroups/CosmosDBResourceGroup45/providers/Microsoft.DocumentDB/databaseAccounts/mongo-db0045?api-version=2022-08-15-preview",
      "EncodedRequestUri": "L3N1YnNjcmlwdGlvbnMvMjU5ZmJiMjQtOWJjZC00Y2ZjLTg2NWMtZmMzM2IyMmZlMzhhL3Jlc291cmNlR3JvdXBzL0Nvc21vc0RCUmVzb3VyY2VHcm91cDQ1L3Byb3ZpZGVycy9NaWNyb3NvZnQuRG9jdW1lbnREQi9kYXRhYmFzZUFjY291bnRzL21vbmdvLWRiMDA0NT9hcGktdmVyc2lvbj0yMDIyLTA4LTE1LXByZXZpZXc=",
      "RequestMethod": "PUT",
      "RequestHeaders": {
        "x-ms-client-request-id": [
          "bc464ff8-4da5-447b-965a-a696038280d0"
        ],
        "Accept-Language": [
          "en-US"
        ],
        "User-Agent": [
          "FxVersion/4.700.22.41602",
          "OSName/Windows",
          "OSVersion/Microsoft.Windows.10.0.19044",
          "Microsoft.Azure.Management.CosmosDB.CosmosDBManagementClient/3.7.0.0"
        ],
        "Content-Type": [
          "application/json; charset=utf-8"
        ],
        "Content-Length": [
          "613"
        ]
      },
      "RequestBody": "{\r\n  \"kind\": \"MongoDB\",\r\n  \"properties\": {\r\n    \"consistencyPolicy\": {\r\n      \"defaultConsistencyLevel\": \"Session\"\r\n    },\r\n    \"locations\": [\r\n      {\r\n        \"locationName\": \"East Us\",\r\n        \"failoverPriority\": 0,\r\n        \"isZoneRedundant\": false\r\n      }\r\n    ],\r\n    \"isVirtualNetworkFilterEnabled\": false,\r\n    \"enableAutomaticFailover\": false,\r\n    \"virtualNetworkRules\": [],\r\n    \"enableMultipleWriteLocations\": false,\r\n    \"disableKeyBasedMetadataWriteAccess\": false,\r\n    \"networkAclBypassResourceIds\": [],\r\n    \"databaseAccountOfferType\": \"Standard\"\r\n  },\r\n  \"location\": \"East Us\",\r\n  \"tags\": {}\r\n}",
      "ResponseHeaders": {
        "Cache-Control": [
          "no-store, no-cache"
        ],
        "Pragma": [
          "no-cache"
        ],
        "Location": [
          "https://management.azure.com/subscriptions/259fbb24-9bcd-4cfc-865c-fc33b22fe38a/resourceGroups/CosmosDBResourceGroup45/providers/Microsoft.DocumentDB/databaseAccounts/mongo-db0045/operationResults/f4d73805-9284-4184-a395-488eede4361f?api-version=2022-08-15-preview"
        ],
        "x-ms-request-id": [
          "f4d73805-9284-4184-a395-488eede4361f"
        ],
        "Azure-AsyncOperation": [
          "https://management.azure.com/subscriptions/259fbb24-9bcd-4cfc-865c-fc33b22fe38a/providers/Microsoft.DocumentDB/locations/eastus/operationsStatus/f4d73805-9284-4184-a395-488eede4361f?api-version=2022-08-15-preview"
        ],
        "Strict-Transport-Security": [
          "max-age=31536000; includeSubDomains"
        ],
        "x-ms-gatewayversion": [
          "version=2.14.0"
        ],
        "Server": [
          "Microsoft-HTTPAPI/2.0"
        ],
        "x-ms-ratelimit-remaining-subscription-writes": [
          "1196"
        ],
        "x-ms-correlation-request-id": [
          "bdb46838-c84c-453f-8ea8-349e6c92f11f"
        ],
        "x-ms-routing-request-id": [
          "EASTUS:20220923T120522Z:bdb46838-c84c-453f-8ea8-349e6c92f11f"
        ],
        "X-Content-Type-Options": [
          "nosniff"
        ],
        "Date": [
          "Fri, 23 Sep 2022 12:05:21 GMT"
        ],
        "Content-Length": [
          "2326"
        ],
        "Content-Type": [
          "application/json"
        ]
      },
      "ResponseBody": "{\r\n  \"id\": \"/subscriptions/259fbb24-9bcd-4cfc-865c-fc33b22fe38a/resourceGroups/CosmosDBResourceGroup45/providers/Microsoft.DocumentDB/databaseAccounts/mongo-db0045\",\r\n  \"name\": \"mongo-db0045\",\r\n  \"location\": \"East US\",\r\n  \"type\": \"Microsoft.DocumentDB/databaseAccounts\",\r\n  \"kind\": \"MongoDB\",\r\n  \"tags\": {},\r\n  \"systemData\": {\r\n    \"createdAt\": \"2022-09-23T12:05:19.7305371Z\"\r\n  },\r\n  \"properties\": {\r\n    \"provisioningState\": \"Creating\",\r\n    \"publicNetworkAccess\": \"Enabled\",\r\n    \"enableAutomaticFailover\": false,\r\n    \"enableMultipleWriteLocations\": false,\r\n    \"enablePartitionKeyMonitor\": false,\r\n    \"isVirtualNetworkFilterEnabled\": false,\r\n    \"virtualNetworkRules\": [],\r\n    \"EnabledApiTypes\": \"MongoDB\",\r\n    \"disableKeyBasedMetadataWriteAccess\": false,\r\n    \"enableFreeTier\": false,\r\n    \"enableAnalyticalStorage\": false,\r\n    \"analyticalStorageConfiguration\": {\r\n      \"schemaType\": \"FullFidelity\"\r\n    },\r\n    \"instanceId\": \"cbabec72-32be-4f03-9b16-62c652f4b759\",\r\n    \"databaseAccountOfferType\": \"Standard\",\r\n    \"defaultIdentity\": \"\",\r\n    \"networkAclBypass\": \"None\",\r\n    \"disableLocalAuth\": false,\r\n    \"enablePartitionMerge\": false,\r\n    \"consistencyPolicy\": {\r\n      \"defaultConsistencyLevel\": \"Session\",\r\n      \"maxIntervalInSeconds\": 5,\r\n      \"maxStalenessPrefix\": 100\r\n    },\r\n    \"apiProperties\": {\r\n      \"serverVersion\": \"3.6\"\r\n    },\r\n    \"configurationOverrides\": {},\r\n    \"writeLocations\": [\r\n      {\r\n        \"id\": \"mongo-db0045-eastus\",\r\n        \"locationName\": \"East US\",\r\n        \"provisioningState\": \"Creating\",\r\n        \"failoverPriority\": 0,\r\n        \"isZoneRedundant\": false\r\n      }\r\n    ],\r\n    \"readLocations\": [\r\n      {\r\n        \"id\": \"mongo-db0045-eastus\",\r\n        \"locationName\": \"East US\",\r\n        \"provisioningState\": \"Creating\",\r\n        \"failoverPriority\": 0,\r\n        \"isZoneRedundant\": false\r\n      }\r\n    ],\r\n    \"locations\": [\r\n      {\r\n        \"id\": \"mongo-db0045-eastus\",\r\n        \"locationName\": \"East US\",\r\n        \"provisioningState\": \"Creating\",\r\n        \"failoverPriority\": 0,\r\n        \"isZoneRedundant\": false\r\n      }\r\n    ],\r\n    \"failoverPolicies\": [\r\n      {\r\n        \"id\": \"mongo-db0045-eastus\",\r\n        \"locationName\": \"East US\",\r\n        \"failoverPriority\": 0\r\n      }\r\n    ],\r\n    \"cors\": [],\r\n    \"capabilities\": [\r\n      {\r\n        \"name\": \"EnableMongo\"\r\n      }\r\n    ],\r\n    \"ipRules\": [],\r\n    \"backupPolicy\": {\r\n      \"type\": \"Periodic\",\r\n      \"periodicModeProperties\": {\r\n        \"backupIntervalInMinutes\": 240,\r\n        \"backupRetentionIntervalInHours\": 8,\r\n        \"backupStorageRedundancy\": \"Invalid\"\r\n      }\r\n    },\r\n    \"networkAclBypassResourceIds\": [],\r\n    \"diagnosticLogSettings\": {\r\n      \"enableFullTextQuery\": \"None\"\r\n    },\r\n    \"keysMetadata\": {\r\n      \"primaryMasterKey\": {\r\n        \"generationTime\": \"2022-09-23T12:05:19.7305371Z\"\r\n      },\r\n      \"secondaryMasterKey\": {\r\n        \"generationTime\": \"2022-09-23T12:05:19.7305371Z\"\r\n      },\r\n      \"primaryReadonlyMasterKey\": {\r\n        \"generationTime\": \"2022-09-23T12:05:19.7305371Z\"\r\n      },\r\n      \"secondaryReadonlyMasterKey\": {\r\n        \"generationTime\": \"2022-09-23T12:05:19.7305371Z\"\r\n      }\r\n    }\r\n  },\r\n  \"identity\": {\r\n    \"type\": \"None\"\r\n  }\r\n}",
      "StatusCode": 200
    },
    {
      "RequestUri": "/subscriptions/259fbb24-9bcd-4cfc-865c-fc33b22fe38a/providers/Microsoft.DocumentDB/locations/eastus/operationsStatus/f4d73805-9284-4184-a395-488eede4361f?api-version=2022-08-15-preview",
      "EncodedRequestUri": "L3N1YnNjcmlwdGlvbnMvMjU5ZmJiMjQtOWJjZC00Y2ZjLTg2NWMtZmMzM2IyMmZlMzhhL3Byb3ZpZGVycy9NaWNyb3NvZnQuRG9jdW1lbnREQi9sb2NhdGlvbnMvZWFzdHVzL29wZXJhdGlvbnNTdGF0dXMvZjRkNzM4MDUtOTI4NC00MTg0LWEzOTUtNDg4ZWVkZTQzNjFmP2FwaS12ZXJzaW9uPTIwMjItMDgtMTUtcHJldmlldw==",
      "RequestMethod": "GET",
      "RequestHeaders": {
        "x-ms-client-request-id": [
          "bc464ff8-4da5-447b-965a-a696038280d0"
        ],
        "User-Agent": [
          "FxVersion/4.700.22.41602",
          "OSName/Windows",
          "OSVersion/Microsoft.Windows.10.0.19044",
          "Microsoft.Azure.Management.CosmosDB.CosmosDBManagementClient/3.7.0.0"
        ]
      },
      "RequestBody": "",
      "ResponseHeaders": {
        "Cache-Control": [
          "no-store, no-cache"
        ],
        "Pragma": [
          "no-cache"
        ],
        "Strict-Transport-Security": [
          "max-age=31536000; includeSubDomains"
        ],
        "x-ms-gatewayversion": [
          "version=2.14.0"
        ],
        "Server": [
          "Microsoft-HTTPAPI/2.0"
        ],
        "x-ms-ratelimit-remaining-subscription-reads": [
          "11986"
        ],
        "x-ms-request-id": [
          "dd0875f8-f1e1-4d38-b90a-7c1a5437b594"
        ],
        "x-ms-correlation-request-id": [
          "dd0875f8-f1e1-4d38-b90a-7c1a5437b594"
        ],
        "x-ms-routing-request-id": [
          "EASTUS:20220923T120552Z:dd0875f8-f1e1-4d38-b90a-7c1a5437b594"
        ],
        "X-Content-Type-Options": [
          "nosniff"
        ],
        "Date": [
          "Fri, 23 Sep 2022 12:05:51 GMT"
        ],
        "Content-Length": [
          "21"
        ],
        "Content-Type": [
          "application/json"
        ]
      },
      "ResponseBody": "{\r\n  \"status\": \"Dequeued\"\r\n}",
      "StatusCode": 200
    },
    {
      "RequestUri": "/subscriptions/259fbb24-9bcd-4cfc-865c-fc33b22fe38a/providers/Microsoft.DocumentDB/locations/eastus/operationsStatus/f4d73805-9284-4184-a395-488eede4361f?api-version=2022-08-15-preview",
      "EncodedRequestUri": "L3N1YnNjcmlwdGlvbnMvMjU5ZmJiMjQtOWJjZC00Y2ZjLTg2NWMtZmMzM2IyMmZlMzhhL3Byb3ZpZGVycy9NaWNyb3NvZnQuRG9jdW1lbnREQi9sb2NhdGlvbnMvZWFzdHVzL29wZXJhdGlvbnNTdGF0dXMvZjRkNzM4MDUtOTI4NC00MTg0LWEzOTUtNDg4ZWVkZTQzNjFmP2FwaS12ZXJzaW9uPTIwMjItMDgtMTUtcHJldmlldw==",
      "RequestMethod": "GET",
      "RequestHeaders": {
        "x-ms-client-request-id": [
          "bc464ff8-4da5-447b-965a-a696038280d0"
        ],
        "User-Agent": [
          "FxVersion/4.700.22.41602",
          "OSName/Windows",
          "OSVersion/Microsoft.Windows.10.0.19044",
          "Microsoft.Azure.Management.CosmosDB.CosmosDBManagementClient/3.7.0.0"
        ]
      },
      "RequestBody": "",
      "ResponseHeaders": {
        "Cache-Control": [
          "no-store, no-cache"
        ],
        "Pragma": [
          "no-cache"
        ],
        "Strict-Transport-Security": [
          "max-age=31536000; includeSubDomains"
        ],
        "x-ms-gatewayversion": [
          "version=2.14.0"
        ],
        "Server": [
          "Microsoft-HTTPAPI/2.0"
        ],
        "x-ms-ratelimit-remaining-subscription-reads": [
          "11985"
        ],
        "x-ms-request-id": [
          "fb88e8e1-3904-4412-8bdc-b7cd16a5198b"
        ],
        "x-ms-correlation-request-id": [
          "fb88e8e1-3904-4412-8bdc-b7cd16a5198b"
        ],
        "x-ms-routing-request-id": [
          "EASTUS:20220923T120622Z:fb88e8e1-3904-4412-8bdc-b7cd16a5198b"
        ],
        "X-Content-Type-Options": [
          "nosniff"
        ],
        "Date": [
          "Fri, 23 Sep 2022 12:06:21 GMT"
        ],
        "Content-Length": [
          "21"
        ],
        "Content-Type": [
          "application/json"
        ]
      },
      "ResponseBody": "{\r\n  \"status\": \"Dequeued\"\r\n}",
      "StatusCode": 200
    },
    {
      "RequestUri": "/subscriptions/259fbb24-9bcd-4cfc-865c-fc33b22fe38a/providers/Microsoft.DocumentDB/locations/eastus/operationsStatus/f4d73805-9284-4184-a395-488eede4361f?api-version=2022-08-15-preview",
      "EncodedRequestUri": "L3N1YnNjcmlwdGlvbnMvMjU5ZmJiMjQtOWJjZC00Y2ZjLTg2NWMtZmMzM2IyMmZlMzhhL3Byb3ZpZGVycy9NaWNyb3NvZnQuRG9jdW1lbnREQi9sb2NhdGlvbnMvZWFzdHVzL29wZXJhdGlvbnNTdGF0dXMvZjRkNzM4MDUtOTI4NC00MTg0LWEzOTUtNDg4ZWVkZTQzNjFmP2FwaS12ZXJzaW9uPTIwMjItMDgtMTUtcHJldmlldw==",
      "RequestMethod": "GET",
      "RequestHeaders": {
        "x-ms-client-request-id": [
          "bc464ff8-4da5-447b-965a-a696038280d0"
        ],
        "User-Agent": [
          "FxVersion/4.700.22.41602",
          "OSName/Windows",
          "OSVersion/Microsoft.Windows.10.0.19044",
          "Microsoft.Azure.Management.CosmosDB.CosmosDBManagementClient/3.7.0.0"
        ]
      },
      "RequestBody": "",
      "ResponseHeaders": {
        "Cache-Control": [
          "no-store, no-cache"
        ],
        "Pragma": [
          "no-cache"
        ],
        "Strict-Transport-Security": [
          "max-age=31536000; includeSubDomains"
        ],
        "x-ms-gatewayversion": [
          "version=2.14.0"
        ],
        "Server": [
          "Microsoft-HTTPAPI/2.0"
        ],
        "x-ms-ratelimit-remaining-subscription-reads": [
          "11984"
        ],
        "x-ms-request-id": [
          "b0068964-3acf-4e3d-a0fe-ba90057f69aa"
        ],
        "x-ms-correlation-request-id": [
          "b0068964-3acf-4e3d-a0fe-ba90057f69aa"
        ],
        "x-ms-routing-request-id": [
          "EASTUS:20220923T120652Z:b0068964-3acf-4e3d-a0fe-ba90057f69aa"
        ],
        "X-Content-Type-Options": [
          "nosniff"
        ],
        "Date": [
          "Fri, 23 Sep 2022 12:06:51 GMT"
        ],
        "Content-Length": [
          "21"
        ],
        "Content-Type": [
          "application/json"
        ]
      },
      "ResponseBody": "{\r\n  \"status\": \"Dequeued\"\r\n}",
      "StatusCode": 200
    },
    {
      "RequestUri": "/subscriptions/259fbb24-9bcd-4cfc-865c-fc33b22fe38a/providers/Microsoft.DocumentDB/locations/eastus/operationsStatus/f4d73805-9284-4184-a395-488eede4361f?api-version=2022-08-15-preview",
      "EncodedRequestUri": "L3N1YnNjcmlwdGlvbnMvMjU5ZmJiMjQtOWJjZC00Y2ZjLTg2NWMtZmMzM2IyMmZlMzhhL3Byb3ZpZGVycy9NaWNyb3NvZnQuRG9jdW1lbnREQi9sb2NhdGlvbnMvZWFzdHVzL29wZXJhdGlvbnNTdGF0dXMvZjRkNzM4MDUtOTI4NC00MTg0LWEzOTUtNDg4ZWVkZTQzNjFmP2FwaS12ZXJzaW9uPTIwMjItMDgtMTUtcHJldmlldw==",
      "RequestMethod": "GET",
      "RequestHeaders": {
        "x-ms-client-request-id": [
          "bc464ff8-4da5-447b-965a-a696038280d0"
        ],
        "User-Agent": [
          "FxVersion/4.700.22.41602",
          "OSName/Windows",
          "OSVersion/Microsoft.Windows.10.0.19044",
          "Microsoft.Azure.Management.CosmosDB.CosmosDBManagementClient/3.7.0.0"
        ]
      },
      "RequestBody": "",
      "ResponseHeaders": {
        "Cache-Control": [
          "no-store, no-cache"
        ],
        "Pragma": [
          "no-cache"
        ],
        "Strict-Transport-Security": [
          "max-age=31536000; includeSubDomains"
        ],
        "x-ms-gatewayversion": [
          "version=2.14.0"
        ],
        "Server": [
          "Microsoft-HTTPAPI/2.0"
        ],
        "x-ms-ratelimit-remaining-subscription-reads": [
          "11983"
        ],
        "x-ms-request-id": [
          "7067e4e2-547c-4eeb-85af-4ad6020ee633"
        ],
        "x-ms-correlation-request-id": [
          "7067e4e2-547c-4eeb-85af-4ad6020ee633"
        ],
        "x-ms-routing-request-id": [
          "EASTUS:20220923T120722Z:7067e4e2-547c-4eeb-85af-4ad6020ee633"
        ],
        "X-Content-Type-Options": [
          "nosniff"
        ],
        "Date": [
          "Fri, 23 Sep 2022 12:07:22 GMT"
        ],
        "Content-Length": [
          "21"
        ],
        "Content-Type": [
          "application/json"
        ]
      },
      "ResponseBody": "{\r\n  \"status\": \"Dequeued\"\r\n}",
      "StatusCode": 200
    },
    {
      "RequestUri": "/subscriptions/259fbb24-9bcd-4cfc-865c-fc33b22fe38a/providers/Microsoft.DocumentDB/locations/eastus/operationsStatus/f4d73805-9284-4184-a395-488eede4361f?api-version=2022-08-15-preview",
      "EncodedRequestUri": "L3N1YnNjcmlwdGlvbnMvMjU5ZmJiMjQtOWJjZC00Y2ZjLTg2NWMtZmMzM2IyMmZlMzhhL3Byb3ZpZGVycy9NaWNyb3NvZnQuRG9jdW1lbnREQi9sb2NhdGlvbnMvZWFzdHVzL29wZXJhdGlvbnNTdGF0dXMvZjRkNzM4MDUtOTI4NC00MTg0LWEzOTUtNDg4ZWVkZTQzNjFmP2FwaS12ZXJzaW9uPTIwMjItMDgtMTUtcHJldmlldw==",
      "RequestMethod": "GET",
      "RequestHeaders": {
        "x-ms-client-request-id": [
          "bc464ff8-4da5-447b-965a-a696038280d0"
        ],
        "User-Agent": [
          "FxVersion/4.700.22.41602",
          "OSName/Windows",
          "OSVersion/Microsoft.Windows.10.0.19044",
          "Microsoft.Azure.Management.CosmosDB.CosmosDBManagementClient/3.7.0.0"
        ]
      },
      "RequestBody": "",
      "ResponseHeaders": {
        "Cache-Control": [
          "no-store, no-cache"
        ],
        "Pragma": [
          "no-cache"
        ],
        "Strict-Transport-Security": [
          "max-age=31536000; includeSubDomains"
        ],
        "x-ms-gatewayversion": [
          "version=2.14.0"
        ],
        "Server": [
          "Microsoft-HTTPAPI/2.0"
        ],
        "x-ms-ratelimit-remaining-subscription-reads": [
          "11982"
        ],
        "x-ms-request-id": [
          "1a3697b3-0556-481c-8207-0fa07ccb6d5b"
        ],
        "x-ms-correlation-request-id": [
          "1a3697b3-0556-481c-8207-0fa07ccb6d5b"
        ],
        "x-ms-routing-request-id": [
          "EASTUS:20220923T120752Z:1a3697b3-0556-481c-8207-0fa07ccb6d5b"
        ],
        "X-Content-Type-Options": [
          "nosniff"
        ],
        "Date": [
          "Fri, 23 Sep 2022 12:07:52 GMT"
        ],
        "Content-Length": [
          "21"
        ],
        "Content-Type": [
          "application/json"
        ]
      },
      "ResponseBody": "{\r\n  \"status\": \"Dequeued\"\r\n}",
      "StatusCode": 200
    },
    {
      "RequestUri": "/subscriptions/259fbb24-9bcd-4cfc-865c-fc33b22fe38a/providers/Microsoft.DocumentDB/locations/eastus/operationsStatus/f4d73805-9284-4184-a395-488eede4361f?api-version=2022-08-15-preview",
      "EncodedRequestUri": "L3N1YnNjcmlwdGlvbnMvMjU5ZmJiMjQtOWJjZC00Y2ZjLTg2NWMtZmMzM2IyMmZlMzhhL3Byb3ZpZGVycy9NaWNyb3NvZnQuRG9jdW1lbnREQi9sb2NhdGlvbnMvZWFzdHVzL29wZXJhdGlvbnNTdGF0dXMvZjRkNzM4MDUtOTI4NC00MTg0LWEzOTUtNDg4ZWVkZTQzNjFmP2FwaS12ZXJzaW9uPTIwMjItMDgtMTUtcHJldmlldw==",
      "RequestMethod": "GET",
      "RequestHeaders": {
        "x-ms-client-request-id": [
          "bc464ff8-4da5-447b-965a-a696038280d0"
        ],
        "User-Agent": [
          "FxVersion/4.700.22.41602",
          "OSName/Windows",
          "OSVersion/Microsoft.Windows.10.0.19044",
          "Microsoft.Azure.Management.CosmosDB.CosmosDBManagementClient/3.7.0.0"
        ]
      },
      "RequestBody": "",
      "ResponseHeaders": {
        "Cache-Control": [
          "no-store, no-cache"
        ],
        "Pragma": [
          "no-cache"
        ],
        "Strict-Transport-Security": [
          "max-age=31536000; includeSubDomains"
        ],
        "x-ms-gatewayversion": [
          "version=2.14.0"
        ],
        "Server": [
          "Microsoft-HTTPAPI/2.0"
        ],
        "x-ms-ratelimit-remaining-subscription-reads": [
          "11981"
        ],
        "x-ms-request-id": [
          "b462f666-3e75-4512-85c4-28b59d6e4df6"
        ],
        "x-ms-correlation-request-id": [
          "b462f666-3e75-4512-85c4-28b59d6e4df6"
        ],
        "x-ms-routing-request-id": [
          "EASTUS:20220923T120822Z:b462f666-3e75-4512-85c4-28b59d6e4df6"
        ],
        "X-Content-Type-Options": [
          "nosniff"
        ],
        "Date": [
          "Fri, 23 Sep 2022 12:08:22 GMT"
        ],
        "Content-Length": [
          "21"
        ],
        "Content-Type": [
          "application/json"
        ]
      },
      "ResponseBody": "{\r\n  \"status\": \"Dequeued\"\r\n}",
      "StatusCode": 200
    },
    {
      "RequestUri": "/subscriptions/259fbb24-9bcd-4cfc-865c-fc33b22fe38a/providers/Microsoft.DocumentDB/locations/eastus/operationsStatus/f4d73805-9284-4184-a395-488eede4361f?api-version=2022-08-15-preview",
      "EncodedRequestUri": "L3N1YnNjcmlwdGlvbnMvMjU5ZmJiMjQtOWJjZC00Y2ZjLTg2NWMtZmMzM2IyMmZlMzhhL3Byb3ZpZGVycy9NaWNyb3NvZnQuRG9jdW1lbnREQi9sb2NhdGlvbnMvZWFzdHVzL29wZXJhdGlvbnNTdGF0dXMvZjRkNzM4MDUtOTI4NC00MTg0LWEzOTUtNDg4ZWVkZTQzNjFmP2FwaS12ZXJzaW9uPTIwMjItMDgtMTUtcHJldmlldw==",
      "RequestMethod": "GET",
      "RequestHeaders": {
        "x-ms-client-request-id": [
          "bc464ff8-4da5-447b-965a-a696038280d0"
        ],
        "User-Agent": [
          "FxVersion/4.700.22.41602",
          "OSName/Windows",
          "OSVersion/Microsoft.Windows.10.0.19044",
          "Microsoft.Azure.Management.CosmosDB.CosmosDBManagementClient/3.7.0.0"
        ]
      },
      "RequestBody": "",
      "ResponseHeaders": {
        "Cache-Control": [
          "no-store, no-cache"
        ],
        "Pragma": [
          "no-cache"
        ],
        "Strict-Transport-Security": [
          "max-age=31536000; includeSubDomains"
        ],
        "x-ms-gatewayversion": [
          "version=2.14.0"
        ],
        "Server": [
          "Microsoft-HTTPAPI/2.0"
        ],
        "x-ms-ratelimit-remaining-subscription-reads": [
          "11980"
        ],
        "x-ms-request-id": [
          "953e8f26-0b3a-4bed-9568-18f5c75e43c0"
        ],
        "x-ms-correlation-request-id": [
          "953e8f26-0b3a-4bed-9568-18f5c75e43c0"
        ],
        "x-ms-routing-request-id": [
          "EASTUS:20220923T120852Z:953e8f26-0b3a-4bed-9568-18f5c75e43c0"
        ],
        "X-Content-Type-Options": [
          "nosniff"
        ],
        "Date": [
          "Fri, 23 Sep 2022 12:08:52 GMT"
        ],
        "Content-Length": [
          "21"
        ],
        "Content-Type": [
          "application/json"
        ]
      },
      "ResponseBody": "{\r\n  \"status\": \"Dequeued\"\r\n}",
      "StatusCode": 200
    },
    {
      "RequestUri": "/subscriptions/259fbb24-9bcd-4cfc-865c-fc33b22fe38a/providers/Microsoft.DocumentDB/locations/eastus/operationsStatus/f4d73805-9284-4184-a395-488eede4361f?api-version=2022-08-15-preview",
      "EncodedRequestUri": "L3N1YnNjcmlwdGlvbnMvMjU5ZmJiMjQtOWJjZC00Y2ZjLTg2NWMtZmMzM2IyMmZlMzhhL3Byb3ZpZGVycy9NaWNyb3NvZnQuRG9jdW1lbnREQi9sb2NhdGlvbnMvZWFzdHVzL29wZXJhdGlvbnNTdGF0dXMvZjRkNzM4MDUtOTI4NC00MTg0LWEzOTUtNDg4ZWVkZTQzNjFmP2FwaS12ZXJzaW9uPTIwMjItMDgtMTUtcHJldmlldw==",
      "RequestMethod": "GET",
      "RequestHeaders": {
        "x-ms-client-request-id": [
          "bc464ff8-4da5-447b-965a-a696038280d0"
        ],
        "User-Agent": [
          "FxVersion/4.700.22.41602",
          "OSName/Windows",
          "OSVersion/Microsoft.Windows.10.0.19044",
          "Microsoft.Azure.Management.CosmosDB.CosmosDBManagementClient/3.7.0.0"
        ]
      },
      "RequestBody": "",
      "ResponseHeaders": {
        "Cache-Control": [
          "no-store, no-cache"
        ],
        "Pragma": [
          "no-cache"
        ],
        "Strict-Transport-Security": [
          "max-age=31536000; includeSubDomains"
        ],
        "x-ms-gatewayversion": [
          "version=2.14.0"
        ],
        "Server": [
          "Microsoft-HTTPAPI/2.0"
        ],
        "x-ms-ratelimit-remaining-subscription-reads": [
          "11979"
        ],
        "x-ms-request-id": [
          "f6695da0-b144-4720-90ac-aebb931a1d8e"
        ],
        "x-ms-correlation-request-id": [
          "f6695da0-b144-4720-90ac-aebb931a1d8e"
        ],
        "x-ms-routing-request-id": [
          "EASTUS:20220923T120922Z:f6695da0-b144-4720-90ac-aebb931a1d8e"
        ],
        "X-Content-Type-Options": [
          "nosniff"
        ],
        "Date": [
          "Fri, 23 Sep 2022 12:09:22 GMT"
        ],
        "Content-Length": [
          "22"
        ],
        "Content-Type": [
          "application/json"
        ]
      },
      "ResponseBody": "{\r\n  \"status\": \"Succeeded\"\r\n}",
      "StatusCode": 200
    },
    {
      "RequestUri": "/subscriptions/259fbb24-9bcd-4cfc-865c-fc33b22fe38a/resourceGroups/CosmosDBResourceGroup45/providers/Microsoft.DocumentDB/databaseAccounts/mongo-db0045/mongodbDatabases/dbName3?api-version=2022-08-15-preview",
      "EncodedRequestUri": "L3N1YnNjcmlwdGlvbnMvMjU5ZmJiMjQtOWJjZC00Y2ZjLTg2NWMtZmMzM2IyMmZlMzhhL3Jlc291cmNlR3JvdXBzL0Nvc21vc0RCUmVzb3VyY2VHcm91cDQ1L3Byb3ZpZGVycy9NaWNyb3NvZnQuRG9jdW1lbnREQi9kYXRhYmFzZUFjY291bnRzL21vbmdvLWRiMDA0NS9tb25nb2RiRGF0YWJhc2VzL2RiTmFtZTM/YXBpLXZlcnNpb249MjAyMi0wOC0xNS1wcmV2aWV3",
      "RequestMethod": "GET",
      "RequestHeaders": {
        "x-ms-client-request-id": [
          "9f0858b5-1698-45d8-b8d0-20e49b2b88f9"
        ],
        "Accept-Language": [
          "en-US"
        ],
        "User-Agent": [
          "FxVersion/4.700.22.41602",
          "OSName/Windows",
          "OSVersion/Microsoft.Windows.10.0.19044",
          "Microsoft.Azure.Management.CosmosDB.CosmosDBManagementClient/3.7.0.0"
        ]
      },
      "RequestBody": "",
      "ResponseHeaders": {
        "Cache-Control": [
          "no-store, no-cache"
        ],
        "Pragma": [
          "no-cache"
        ],
        "Strict-Transport-Security": [
          "max-age=31536000; includeSubDomains"
        ],
        "x-ms-gatewayversion": [
          "version=2.14.0"
        ],
        "Server": [
          "Microsoft-HTTPAPI/2.0"
        ],
        "x-ms-ratelimit-remaining-subscription-reads": [
          "11999"
        ],
        "x-ms-request-id": [
          "ae33393c-4743-48e9-a4ea-fd8a51837bab"
        ],
        "x-ms-correlation-request-id": [
          "ae33393c-4743-48e9-a4ea-fd8a51837bab"
        ],
        "x-ms-routing-request-id": [
          "EASTUS:20220923T120923Z:ae33393c-4743-48e9-a4ea-fd8a51837bab"
        ],
        "X-Content-Type-Options": [
          "nosniff"
        ],
        "Date": [
          "Fri, 23 Sep 2022 12:09:22 GMT"
        ],
        "Content-Length": [
          "160"
        ],
        "Content-Type": [
          "application/json"
        ]
      },
      "ResponseBody": "{\r\n  \"code\": \"NotFound\",\r\n  \"message\": \"the database dbName3 doesn't exist.\\r\\nActivityId: 9f0858b5-1698-45d8-b8d0-20e49b2b88f9, Microsoft.Azure.Documents.Common/2.14.0\"\r\n}",
      "StatusCode": 404
    },
    {
      "RequestUri": "/subscriptions/259fbb24-9bcd-4cfc-865c-fc33b22fe38a/resourceGroups/CosmosDBResourceGroup45/providers/Microsoft.DocumentDB/databaseAccounts/mongo-db0045/mongodbDatabases/dbName3?api-version=2022-08-15-preview",
      "EncodedRequestUri": "L3N1YnNjcmlwdGlvbnMvMjU5ZmJiMjQtOWJjZC00Y2ZjLTg2NWMtZmMzM2IyMmZlMzhhL3Jlc291cmNlR3JvdXBzL0Nvc21vc0RCUmVzb3VyY2VHcm91cDQ1L3Byb3ZpZGVycy9NaWNyb3NvZnQuRG9jdW1lbnREQi9kYXRhYmFzZUFjY291bnRzL21vbmdvLWRiMDA0NS9tb25nb2RiRGF0YWJhc2VzL2RiTmFtZTM/YXBpLXZlcnNpb249MjAyMi0wOC0xNS1wcmV2aWV3",
      "RequestMethod": "GET",
      "RequestHeaders": {
        "x-ms-client-request-id": [
          "9f0858b5-1698-45d8-b8d0-20e49b2b88f9"
        ],
        "User-Agent": [
          "FxVersion/4.700.22.41602",
          "OSName/Windows",
          "OSVersion/Microsoft.Windows.10.0.19044",
          "Microsoft.Azure.Management.CosmosDB.CosmosDBManagementClient/3.7.0.0"
        ]
      },
      "RequestBody": "",
      "ResponseHeaders": {
        "Cache-Control": [
          "no-store, no-cache"
        ],
        "Pragma": [
          "no-cache"
        ],
        "Strict-Transport-Security": [
          "max-age=31536000; includeSubDomains"
        ],
        "x-ms-gatewayversion": [
          "version=2.14.0"
        ],
        "Server": [
          "Microsoft-HTTPAPI/2.0"
        ],
        "x-ms-ratelimit-remaining-subscription-reads": [
          "11997"
        ],
        "x-ms-request-id": [
          "97c5de11-4895-42f6-930f-ba3467f223de"
        ],
        "x-ms-correlation-request-id": [
          "97c5de11-4895-42f6-930f-ba3467f223de"
        ],
        "x-ms-routing-request-id": [
          "EASTUS:20220923T120954Z:97c5de11-4895-42f6-930f-ba3467f223de"
        ],
        "X-Content-Type-Options": [
          "nosniff"
        ],
        "Date": [
          "Fri, 23 Sep 2022 12:09:53 GMT"
        ],
        "Content-Length": [
          "309"
        ],
        "Content-Type": [
          "application/json"
        ]
      },
      "ResponseBody": "{\r\n  \"id\": \"/subscriptions/259fbb24-9bcd-4cfc-865c-fc33b22fe38a/resourceGroups/CosmosDBResourceGroup45/providers/Microsoft.DocumentDB/databaseAccounts/mongo-db0045/mongodbDatabases/dbName3\",\r\n  \"type\": \"Microsoft.DocumentDB/databaseAccounts/mongodbDatabases\",\r\n  \"name\": \"dbName3\",\r\n  \"properties\": {\r\n    \"resource\": {\r\n      \"id\": \"dbName3\"\r\n    }\r\n  }\r\n}",
      "StatusCode": 200
    },
    {
      "RequestUri": "/subscriptions/259fbb24-9bcd-4cfc-865c-fc33b22fe38a/resourceGroups/CosmosDBResourceGroup45/providers/Microsoft.DocumentDB/databaseAccounts/mongo-db0045/mongodbDatabases/dbName3?api-version=2022-08-15-preview",
      "EncodedRequestUri": "L3N1YnNjcmlwdGlvbnMvMjU5ZmJiMjQtOWJjZC00Y2ZjLTg2NWMtZmMzM2IyMmZlMzhhL3Jlc291cmNlR3JvdXBzL0Nvc21vc0RCUmVzb3VyY2VHcm91cDQ1L3Byb3ZpZGVycy9NaWNyb3NvZnQuRG9jdW1lbnREQi9kYXRhYmFzZUFjY291bnRzL21vbmdvLWRiMDA0NS9tb25nb2RiRGF0YWJhc2VzL2RiTmFtZTM/YXBpLXZlcnNpb249MjAyMi0wOC0xNS1wcmV2aWV3",
      "RequestMethod": "PUT",
      "RequestHeaders": {
        "x-ms-client-request-id": [
          "9f0858b5-1698-45d8-b8d0-20e49b2b88f9"
        ],
        "Accept-Language": [
          "en-US"
        ],
        "User-Agent": [
          "FxVersion/4.700.22.41602",
          "OSName/Windows",
          "OSVersion/Microsoft.Windows.10.0.19044",
          "Microsoft.Azure.Management.CosmosDB.CosmosDBManagementClient/3.7.0.0"
        ],
        "Content-Type": [
          "application/json; charset=utf-8"
        ],
        "Content-Length": [
          "129"
        ]
      },
      "RequestBody": "{\r\n  \"properties\": {\r\n    \"resource\": {\r\n      \"id\": \"dbName3\"\r\n    },\r\n    \"options\": {\r\n      \"throughput\": 1200\r\n    }\r\n  }\r\n}",
      "ResponseHeaders": {
        "Cache-Control": [
          "no-store, no-cache"
        ],
        "Pragma": [
          "no-cache"
        ],
        "Location": [
          "https://management.azure.com/subscriptions/259fbb24-9bcd-4cfc-865c-fc33b22fe38a/resourceGroups/CosmosDBResourceGroup45/providers/Microsoft.DocumentDB/databaseAccounts/mongo-db0045/mongodbDatabases/dbName3/operationResults/56fe4b5b-f91d-45dd-96e3-68907a38bf04?api-version=2022-08-15-preview"
        ],
        "Azure-AsyncOperation": [
          "https://management.azure.com/subscriptions/259fbb24-9bcd-4cfc-865c-fc33b22fe38a/providers/Microsoft.DocumentDB/locations/eastus/operationsStatus/56fe4b5b-f91d-45dd-96e3-68907a38bf04?api-version=2022-08-15-preview"
        ],
        "x-ms-request-id": [
          "56fe4b5b-f91d-45dd-96e3-68907a38bf04"
        ],
        "Strict-Transport-Security": [
          "max-age=31536000; includeSubDomains"
        ],
        "x-ms-gatewayversion": [
          "version=2.14.0"
        ],
        "Server": [
          "Microsoft-HTTPAPI/2.0"
        ],
        "x-ms-ratelimit-remaining-subscription-writes": [
          "1199"
        ],
        "x-ms-correlation-request-id": [
          "59bef81f-8e26-4c66-8340-9cf1215eb8da"
        ],
        "x-ms-routing-request-id": [
          "EASTUS:20220923T120924Z:59bef81f-8e26-4c66-8340-9cf1215eb8da"
        ],
        "X-Content-Type-Options": [
          "nosniff"
        ],
        "Date": [
          "Fri, 23 Sep 2022 12:09:23 GMT"
        ],
        "Content-Length": [
          "21"
        ],
        "Content-Type": [
          "application/json"
        ]
      },
      "ResponseBody": "{\r\n  \"status\": \"Enqueued\"\r\n}",
      "StatusCode": 202
    },
    {
      "RequestUri": "/subscriptions/259fbb24-9bcd-4cfc-865c-fc33b22fe38a/providers/Microsoft.DocumentDB/locations/eastus/operationsStatus/56fe4b5b-f91d-45dd-96e3-68907a38bf04?api-version=2022-08-15-preview",
      "EncodedRequestUri": "L3N1YnNjcmlwdGlvbnMvMjU5ZmJiMjQtOWJjZC00Y2ZjLTg2NWMtZmMzM2IyMmZlMzhhL3Byb3ZpZGVycy9NaWNyb3NvZnQuRG9jdW1lbnREQi9sb2NhdGlvbnMvZWFzdHVzL29wZXJhdGlvbnNTdGF0dXMvNTZmZTRiNWItZjkxZC00NWRkLTk2ZTMtNjg5MDdhMzhiZjA0P2FwaS12ZXJzaW9uPTIwMjItMDgtMTUtcHJldmlldw==",
      "RequestMethod": "GET",
      "RequestHeaders": {
        "x-ms-client-request-id": [
          "9f0858b5-1698-45d8-b8d0-20e49b2b88f9"
        ],
        "User-Agent": [
          "FxVersion/4.700.22.41602",
          "OSName/Windows",
          "OSVersion/Microsoft.Windows.10.0.19044",
          "Microsoft.Azure.Management.CosmosDB.CosmosDBManagementClient/3.7.0.0"
        ]
      },
      "RequestBody": "",
      "ResponseHeaders": {
        "Cache-Control": [
          "no-store, no-cache"
        ],
        "Pragma": [
          "no-cache"
        ],
        "Strict-Transport-Security": [
          "max-age=31536000; includeSubDomains"
        ],
        "x-ms-gatewayversion": [
          "version=2.14.0"
        ],
        "Server": [
          "Microsoft-HTTPAPI/2.0"
        ],
        "x-ms-ratelimit-remaining-subscription-reads": [
          "11998"
        ],
        "x-ms-request-id": [
          "8cd01f04-18d9-41be-834e-435089fce120"
        ],
        "x-ms-correlation-request-id": [
          "8cd01f04-18d9-41be-834e-435089fce120"
        ],
        "x-ms-routing-request-id": [
          "EASTUS:20220923T120954Z:8cd01f04-18d9-41be-834e-435089fce120"
        ],
        "X-Content-Type-Options": [
          "nosniff"
        ],
        "Date": [
          "Fri, 23 Sep 2022 12:09:53 GMT"
        ],
        "Content-Length": [
          "22"
        ],
        "Content-Type": [
          "application/json"
        ]
      },
      "ResponseBody": "{\r\n  \"status\": \"Succeeded\"\r\n}",
      "StatusCode": 200
    },
    {
      "RequestUri": "/subscriptions/259fbb24-9bcd-4cfc-865c-fc33b22fe38a/resourceGroups/CosmosDBResourceGroup45/providers/Microsoft.DocumentDB/databaseAccounts/mongo-db0045/mongodbDatabases/dbName3/throughputSettings/default?api-version=2022-08-15-preview",
      "EncodedRequestUri": "L3N1YnNjcmlwdGlvbnMvMjU5ZmJiMjQtOWJjZC00Y2ZjLTg2NWMtZmMzM2IyMmZlMzhhL3Jlc291cmNlR3JvdXBzL0Nvc21vc0RCUmVzb3VyY2VHcm91cDQ1L3Byb3ZpZGVycy9NaWNyb3NvZnQuRG9jdW1lbnREQi9kYXRhYmFzZUFjY291bnRzL21vbmdvLWRiMDA0NS9tb25nb2RiRGF0YWJhc2VzL2RiTmFtZTMvdGhyb3VnaHB1dFNldHRpbmdzL2RlZmF1bHQ/YXBpLXZlcnNpb249MjAyMi0wOC0xNS1wcmV2aWV3",
      "RequestMethod": "GET",
      "RequestHeaders": {
        "x-ms-client-request-id": [
          "c1ee2c00-7e50-475a-bcf0-a6c2c978d89a"
        ],
        "Accept-Language": [
          "en-US"
        ],
        "User-Agent": [
          "FxVersion/4.700.22.41602",
          "OSName/Windows",
          "OSVersion/Microsoft.Windows.10.0.19044",
          "Microsoft.Azure.Management.CosmosDB.CosmosDBManagementClient/3.7.0.0"
        ]
      },
      "RequestBody": "",
      "ResponseHeaders": {
        "Cache-Control": [
          "no-store, no-cache"
        ],
        "Pragma": [
          "no-cache"
        ],
        "Strict-Transport-Security": [
          "max-age=31536000; includeSubDomains"
        ],
        "x-ms-gatewayversion": [
          "version=2.14.0"
        ],
        "Server": [
          "Microsoft-HTTPAPI/2.0"
        ],
        "x-ms-ratelimit-remaining-subscription-reads": [
          "11999"
        ],
        "x-ms-request-id": [
          "a23b191d-9185-4313-89f1-8683b2f6fb3f"
        ],
        "x-ms-correlation-request-id": [
          "a23b191d-9185-4313-89f1-8683b2f6fb3f"
        ],
        "x-ms-routing-request-id": [
          "EASTUS:20220923T120954Z:a23b191d-9185-4313-89f1-8683b2f6fb3f"
        ],
        "X-Content-Type-Options": [
          "nosniff"
        ],
        "Date": [
          "Fri, 23 Sep 2022 12:09:53 GMT"
        ],
        "Content-Length": [
          "381"
        ],
        "Content-Type": [
          "application/json"
        ]
      },
      "ResponseBody": "{\r\n  \"id\": \"/subscriptions/259fbb24-9bcd-4cfc-865c-fc33b22fe38a/resourceGroups/CosmosDBResourceGroup45/providers/Microsoft.DocumentDB/databaseAccounts/mongo-db0045/mongodbDatabases/dbName3/throughputSettings/default\",\r\n  \"type\": \"Microsoft.DocumentDB/databaseAccounts/mongodbDatabases/throughputSettings\",\r\n  \"name\": \"9II5\",\r\n  \"properties\": {\r\n    \"resource\": {\r\n      \"throughput\": 1200,\r\n      \"minimumThroughput\": \"400\"\r\n    }\r\n  }\r\n}",
      "StatusCode": 200
    },
    {
      "RequestUri": "/subscriptions/259fbb24-9bcd-4cfc-865c-fc33b22fe38a/resourceGroups/CosmosDBResourceGroup45/providers/Microsoft.DocumentDB/databaseAccounts/mongo-db0045/mongodbDatabases/dbName3/throughputSettings/default?api-version=2022-08-15-preview",
      "EncodedRequestUri": "L3N1YnNjcmlwdGlvbnMvMjU5ZmJiMjQtOWJjZC00Y2ZjLTg2NWMtZmMzM2IyMmZlMzhhL3Jlc291cmNlR3JvdXBzL0Nvc21vc0RCUmVzb3VyY2VHcm91cDQ1L3Byb3ZpZGVycy9NaWNyb3NvZnQuRG9jdW1lbnREQi9kYXRhYmFzZUFjY291bnRzL21vbmdvLWRiMDA0NS9tb25nb2RiRGF0YWJhc2VzL2RiTmFtZTMvdGhyb3VnaHB1dFNldHRpbmdzL2RlZmF1bHQ/YXBpLXZlcnNpb249MjAyMi0wOC0xNS1wcmV2aWV3",
      "RequestMethod": "GET",
      "RequestHeaders": {
        "x-ms-client-request-id": [
          "d1e8c709-473b-4cce-8368-2bd1839dce8a"
        ],
        "User-Agent": [
          "FxVersion/4.700.22.41602",
          "OSName/Windows",
          "OSVersion/Microsoft.Windows.10.0.19044",
          "Microsoft.Azure.Management.CosmosDB.CosmosDBManagementClient/3.7.0.0"
        ]
      },
      "RequestBody": "",
      "ResponseHeaders": {
        "Cache-Control": [
          "no-store, no-cache"
        ],
        "Pragma": [
          "no-cache"
        ],
        "Strict-Transport-Security": [
          "max-age=31536000; includeSubDomains"
        ],
        "x-ms-gatewayversion": [
          "version=2.14.0"
        ],
        "Server": [
          "Microsoft-HTTPAPI/2.0"
        ],
        "x-ms-ratelimit-remaining-subscription-reads": [
          "11988"
        ],
        "x-ms-request-id": [
          "3c306549-e669-4467-8070-80be53b749a1"
        ],
        "x-ms-correlation-request-id": [
          "3c306549-e669-4467-8070-80be53b749a1"
        ],
        "x-ms-routing-request-id": [
          "EASTUS:20220923T121025Z:3c306549-e669-4467-8070-80be53b749a1"
        ],
        "X-Content-Type-Options": [
          "nosniff"
        ],
        "Date": [
          "Fri, 23 Sep 2022 12:10:24 GMT"
        ],
        "Content-Length": [
          "381"
        ],
        "Content-Type": [
          "application/json"
        ]
      },
      "ResponseBody": "{\r\n  \"id\": \"/subscriptions/259fbb24-9bcd-4cfc-865c-fc33b22fe38a/resourceGroups/CosmosDBResourceGroup45/providers/Microsoft.DocumentDB/databaseAccounts/mongo-db0045/mongodbDatabases/dbName3/throughputSettings/default\",\r\n  \"type\": \"Microsoft.DocumentDB/databaseAccounts/mongodbDatabases/throughputSettings\",\r\n  \"name\": \"9II5\",\r\n  \"properties\": {\r\n    \"resource\": {\r\n      \"throughput\": 1100,\r\n      \"minimumThroughput\": \"400\"\r\n    }\r\n  }\r\n}",
      "StatusCode": 200
    },
    {
      "RequestUri": "/subscriptions/259fbb24-9bcd-4cfc-865c-fc33b22fe38a/resourceGroups/CosmosDBResourceGroup45/providers/Microsoft.DocumentDB/databaseAccounts/mongo-db0045/mongodbDatabases/dbName3/throughputSettings/default?api-version=2022-08-15-preview",
      "EncodedRequestUri": "L3N1YnNjcmlwdGlvbnMvMjU5ZmJiMjQtOWJjZC00Y2ZjLTg2NWMtZmMzM2IyMmZlMzhhL3Jlc291cmNlR3JvdXBzL0Nvc21vc0RCUmVzb3VyY2VHcm91cDQ1L3Byb3ZpZGVycy9NaWNyb3NvZnQuRG9jdW1lbnREQi9kYXRhYmFzZUFjY291bnRzL21vbmdvLWRiMDA0NS9tb25nb2RiRGF0YWJhc2VzL2RiTmFtZTMvdGhyb3VnaHB1dFNldHRpbmdzL2RlZmF1bHQ/YXBpLXZlcnNpb249MjAyMi0wOC0xNS1wcmV2aWV3",
      "RequestMethod": "GET",
      "RequestHeaders": {
        "x-ms-client-request-id": [
          "018874b4-127b-42e2-81cd-ce62e65cac6f"
        ],
        "User-Agent": [
          "FxVersion/4.700.22.41602",
          "OSName/Windows",
          "OSVersion/Microsoft.Windows.10.0.19044",
          "Microsoft.Azure.Management.CosmosDB.CosmosDBManagementClient/3.7.0.0"
        ]
      },
      "RequestBody": "",
      "ResponseHeaders": {
        "Cache-Control": [
          "no-store, no-cache"
        ],
        "Pragma": [
          "no-cache"
        ],
        "Strict-Transport-Security": [
          "max-age=31536000; includeSubDomains"
        ],
        "x-ms-gatewayversion": [
          "version=2.14.0"
        ],
        "Server": [
          "Microsoft-HTTPAPI/2.0"
        ],
        "x-ms-ratelimit-remaining-subscription-reads": [
          "11997"
        ],
        "x-ms-request-id": [
          "873d543f-2488-45b1-b97b-e69ab33a61a5"
        ],
        "x-ms-correlation-request-id": [
          "873d543f-2488-45b1-b97b-e69ab33a61a5"
        ],
        "x-ms-routing-request-id": [
          "EASTUS:20220923T121057Z:873d543f-2488-45b1-b97b-e69ab33a61a5"
        ],
        "X-Content-Type-Options": [
          "nosniff"
        ],
        "Date": [
          "Fri, 23 Sep 2022 12:10:56 GMT"
        ],
        "Content-Length": [
          "381"
        ],
        "Content-Type": [
          "application/json"
        ]
      },
      "ResponseBody": "{\r\n  \"id\": \"/subscriptions/259fbb24-9bcd-4cfc-865c-fc33b22fe38a/resourceGroups/CosmosDBResourceGroup45/providers/Microsoft.DocumentDB/databaseAccounts/mongo-db0045/mongodbDatabases/dbName3/throughputSettings/default\",\r\n  \"type\": \"Microsoft.DocumentDB/databaseAccounts/mongodbDatabases/throughputSettings\",\r\n  \"name\": \"9II5\",\r\n  \"properties\": {\r\n    \"resource\": {\r\n      \"throughput\": 1000,\r\n      \"minimumThroughput\": \"400\"\r\n    }\r\n  }\r\n}",
      "StatusCode": 200
    },
    {
      "RequestUri": "/subscriptions/259fbb24-9bcd-4cfc-865c-fc33b22fe38a/resourceGroups/CosmosDBResourceGroup45/providers/Microsoft.DocumentDB/databaseAccounts/mongo-db0045/mongodbDatabases/dbName3/throughputSettings/default?api-version=2022-08-15-preview",
      "EncodedRequestUri": "L3N1YnNjcmlwdGlvbnMvMjU5ZmJiMjQtOWJjZC00Y2ZjLTg2NWMtZmMzM2IyMmZlMzhhL3Jlc291cmNlR3JvdXBzL0Nvc21vc0RCUmVzb3VyY2VHcm91cDQ1L3Byb3ZpZGVycy9NaWNyb3NvZnQuRG9jdW1lbnREQi9kYXRhYmFzZUFjY291bnRzL21vbmdvLWRiMDA0NS9tb25nb2RiRGF0YWJhc2VzL2RiTmFtZTMvdGhyb3VnaHB1dFNldHRpbmdzL2RlZmF1bHQ/YXBpLXZlcnNpb249MjAyMi0wOC0xNS1wcmV2aWV3",
      "RequestMethod": "GET",
      "RequestHeaders": {
        "x-ms-client-request-id": [
          "14de5d5f-915e-4edc-a107-2ef5505cd530"
        ],
        "User-Agent": [
          "FxVersion/4.700.22.41602",
          "OSName/Windows",
          "OSVersion/Microsoft.Windows.10.0.19044",
          "Microsoft.Azure.Management.CosmosDB.CosmosDBManagementClient/3.7.0.0"
        ]
      },
      "RequestBody": "",
      "ResponseHeaders": {
        "Cache-Control": [
          "no-store, no-cache"
        ],
        "Pragma": [
          "no-cache"
        ],
        "Strict-Transport-Security": [
          "max-age=31536000; includeSubDomains"
        ],
        "x-ms-gatewayversion": [
          "version=2.14.0"
        ],
        "Server": [
          "Microsoft-HTTPAPI/2.0"
        ],
        "x-ms-ratelimit-remaining-subscription-reads": [
          "11998"
        ],
        "x-ms-request-id": [
          "79344f87-82ff-43f7-ae9d-5da00f8ccb9c"
        ],
        "x-ms-correlation-request-id": [
          "79344f87-82ff-43f7-ae9d-5da00f8ccb9c"
        ],
        "x-ms-routing-request-id": [
          "EASTUS:20220923T121128Z:79344f87-82ff-43f7-ae9d-5da00f8ccb9c"
        ],
        "X-Content-Type-Options": [
          "nosniff"
        ],
        "Date": [
          "Fri, 23 Sep 2022 12:11:27 GMT"
        ],
        "Content-Length": [
          "380"
        ],
        "Content-Type": [
          "application/json"
        ]
      },
      "ResponseBody": "{\r\n  \"id\": \"/subscriptions/259fbb24-9bcd-4cfc-865c-fc33b22fe38a/resourceGroups/CosmosDBResourceGroup45/providers/Microsoft.DocumentDB/databaseAccounts/mongo-db0045/mongodbDatabases/dbName3/throughputSettings/default\",\r\n  \"type\": \"Microsoft.DocumentDB/databaseAccounts/mongodbDatabases/throughputSettings\",\r\n  \"name\": \"9II5\",\r\n  \"properties\": {\r\n    \"resource\": {\r\n      \"throughput\": 900,\r\n      \"minimumThroughput\": \"400\"\r\n    }\r\n  }\r\n}",
      "StatusCode": 200
    },
    {
      "RequestUri": "/subscriptions/259fbb24-9bcd-4cfc-865c-fc33b22fe38a/resourceGroups/CosmosDBResourceGroup45/providers/Microsoft.DocumentDB/databaseAccounts/mongo-db0045/mongodbDatabases/dbName3/throughputSettings/default?api-version=2022-08-15-preview",
      "EncodedRequestUri": "L3N1YnNjcmlwdGlvbnMvMjU5ZmJiMjQtOWJjZC00Y2ZjLTg2NWMtZmMzM2IyMmZlMzhhL3Jlc291cmNlR3JvdXBzL0Nvc21vc0RCUmVzb3VyY2VHcm91cDQ1L3Byb3ZpZGVycy9NaWNyb3NvZnQuRG9jdW1lbnREQi9kYXRhYmFzZUFjY291bnRzL21vbmdvLWRiMDA0NS9tb25nb2RiRGF0YWJhc2VzL2RiTmFtZTMvdGhyb3VnaHB1dFNldHRpbmdzL2RlZmF1bHQ/YXBpLXZlcnNpb249MjAyMi0wOC0xNS1wcmV2aWV3",
      "RequestMethod": "PUT",
      "RequestHeaders": {
        "x-ms-client-request-id": [
          "d1e8c709-473b-4cce-8368-2bd1839dce8a"
        ],
        "Accept-Language": [
          "en-US"
        ],
        "User-Agent": [
          "FxVersion/4.700.22.41602",
          "OSName/Windows",
          "OSVersion/Microsoft.Windows.10.0.19044",
          "Microsoft.Azure.Management.CosmosDB.CosmosDBManagementClient/3.7.0.0"
        ],
        "Content-Type": [
          "application/json; charset=utf-8"
        ],
        "Content-Length": [
          "80"
        ]
      },
      "RequestBody": "{\r\n  \"properties\": {\r\n    \"resource\": {\r\n      \"throughput\": 1100\r\n    }\r\n  }\r\n}",
      "ResponseHeaders": {
        "Cache-Control": [
          "no-store, no-cache"
        ],
        "Pragma": [
          "no-cache"
        ],
        "Location": [
          "https://management.azure.com/subscriptions/259fbb24-9bcd-4cfc-865c-fc33b22fe38a/resourceGroups/CosmosDBResourceGroup45/providers/Microsoft.DocumentDB/databaseAccounts/mongo-db0045/mongodbDatabases/dbName3/throughputSettings/default/operationResults/fb456978-ecc5-44cf-a76b-25fa1ba4f7e3?api-version=2022-08-15-preview"
        ],
        "Azure-AsyncOperation": [
          "https://management.azure.com/subscriptions/259fbb24-9bcd-4cfc-865c-fc33b22fe38a/providers/Microsoft.DocumentDB/locations/eastus/operationsStatus/fb456978-ecc5-44cf-a76b-25fa1ba4f7e3?api-version=2022-08-15-preview"
        ],
        "x-ms-request-id": [
          "fb456978-ecc5-44cf-a76b-25fa1ba4f7e3"
        ],
        "Strict-Transport-Security": [
          "max-age=31536000; includeSubDomains"
        ],
        "x-ms-gatewayversion": [
          "version=2.14.0"
        ],
        "Server": [
          "Microsoft-HTTPAPI/2.0"
        ],
        "x-ms-ratelimit-remaining-subscription-writes": [
          "1198"
        ],
        "x-ms-correlation-request-id": [
          "900b73ab-a3d6-4b21-9b15-771ca029ebc0"
        ],
        "x-ms-routing-request-id": [
          "EASTUS:20220923T120955Z:900b73ab-a3d6-4b21-9b15-771ca029ebc0"
        ],
        "X-Content-Type-Options": [
          "nosniff"
        ],
        "Date": [
          "Fri, 23 Sep 2022 12:09:54 GMT"
        ],
        "Content-Length": [
          "21"
        ],
        "Content-Type": [
          "application/json"
        ]
      },
      "ResponseBody": "{\r\n  \"status\": \"Enqueued\"\r\n}",
      "StatusCode": 202
    },
    {
      "RequestUri": "/subscriptions/259fbb24-9bcd-4cfc-865c-fc33b22fe38a/resourceGroups/CosmosDBResourceGroup45/providers/Microsoft.DocumentDB/databaseAccounts/mongo-db0045/mongodbDatabases/dbName3/throughputSettings/default?api-version=2022-08-15-preview",
      "EncodedRequestUri": "L3N1YnNjcmlwdGlvbnMvMjU5ZmJiMjQtOWJjZC00Y2ZjLTg2NWMtZmMzM2IyMmZlMzhhL3Jlc291cmNlR3JvdXBzL0Nvc21vc0RCUmVzb3VyY2VHcm91cDQ1L3Byb3ZpZGVycy9NaWNyb3NvZnQuRG9jdW1lbnREQi9kYXRhYmFzZUFjY291bnRzL21vbmdvLWRiMDA0NS9tb25nb2RiRGF0YWJhc2VzL2RiTmFtZTMvdGhyb3VnaHB1dFNldHRpbmdzL2RlZmF1bHQ/YXBpLXZlcnNpb249MjAyMi0wOC0xNS1wcmV2aWV3",
      "RequestMethod": "PUT",
      "RequestHeaders": {
        "x-ms-client-request-id": [
          "018874b4-127b-42e2-81cd-ce62e65cac6f"
        ],
        "Accept-Language": [
          "en-US"
        ],
        "User-Agent": [
          "FxVersion/4.700.22.41602",
          "OSName/Windows",
          "OSVersion/Microsoft.Windows.10.0.19044",
          "Microsoft.Azure.Management.CosmosDB.CosmosDBManagementClient/3.7.0.0"
        ],
        "Content-Type": [
          "application/json; charset=utf-8"
        ],
        "Content-Length": [
          "80"
        ]
      },
      "RequestBody": "{\r\n  \"properties\": {\r\n    \"resource\": {\r\n      \"throughput\": 1000\r\n    }\r\n  }\r\n}",
      "ResponseHeaders": {
        "Cache-Control": [
          "no-store, no-cache"
        ],
        "Pragma": [
          "no-cache"
        ],
        "Location": [
          "https://management.azure.com/subscriptions/259fbb24-9bcd-4cfc-865c-fc33b22fe38a/resourceGroups/CosmosDBResourceGroup45/providers/Microsoft.DocumentDB/databaseAccounts/mongo-db0045/mongodbDatabases/dbName3/throughputSettings/default/operationResults/fb0edd54-09c5-4cc2-a4b7-25e3767e78d1?api-version=2022-08-15-preview"
        ],
        "Azure-AsyncOperation": [
          "https://management.azure.com/subscriptions/259fbb24-9bcd-4cfc-865c-fc33b22fe38a/providers/Microsoft.DocumentDB/locations/eastus/operationsStatus/fb0edd54-09c5-4cc2-a4b7-25e3767e78d1?api-version=2022-08-15-preview"
        ],
        "x-ms-request-id": [
          "fb0edd54-09c5-4cc2-a4b7-25e3767e78d1"
        ],
        "Strict-Transport-Security": [
          "max-age=31536000; includeSubDomains"
        ],
        "x-ms-gatewayversion": [
          "version=2.14.0"
        ],
        "Server": [
          "Microsoft-HTTPAPI/2.0"
        ],
        "x-ms-ratelimit-remaining-subscription-writes": [
          "1199"
        ],
        "x-ms-correlation-request-id": [
          "8edcfec1-4762-42f6-846b-5e6dc95bd110"
        ],
        "x-ms-routing-request-id": [
          "EASTUS:20220923T121026Z:8edcfec1-4762-42f6-846b-5e6dc95bd110"
        ],
        "X-Content-Type-Options": [
          "nosniff"
        ],
        "Date": [
          "Fri, 23 Sep 2022 12:10:26 GMT"
        ],
        "Content-Length": [
          "21"
        ],
        "Content-Type": [
          "application/json"
        ]
      },
      "ResponseBody": "{\r\n  \"status\": \"Enqueued\"\r\n}",
      "StatusCode": 202
    },
    {
      "RequestUri": "/subscriptions/259fbb24-9bcd-4cfc-865c-fc33b22fe38a/resourceGroups/CosmosDBResourceGroup45/providers/Microsoft.DocumentDB/databaseAccounts/mongo-db0045/mongodbDatabases/dbName3/throughputSettings/default?api-version=2022-08-15-preview",
      "EncodedRequestUri": "L3N1YnNjcmlwdGlvbnMvMjU5ZmJiMjQtOWJjZC00Y2ZjLTg2NWMtZmMzM2IyMmZlMzhhL3Jlc291cmNlR3JvdXBzL0Nvc21vc0RCUmVzb3VyY2VHcm91cDQ1L3Byb3ZpZGVycy9NaWNyb3NvZnQuRG9jdW1lbnREQi9kYXRhYmFzZUFjY291bnRzL21vbmdvLWRiMDA0NS9tb25nb2RiRGF0YWJhc2VzL2RiTmFtZTMvdGhyb3VnaHB1dFNldHRpbmdzL2RlZmF1bHQ/YXBpLXZlcnNpb249MjAyMi0wOC0xNS1wcmV2aWV3",
      "RequestMethod": "PUT",
      "RequestHeaders": {
        "x-ms-client-request-id": [
          "14de5d5f-915e-4edc-a107-2ef5505cd530"
        ],
        "Accept-Language": [
          "en-US"
        ],
        "User-Agent": [
          "FxVersion/4.700.22.41602",
          "OSName/Windows",
          "OSVersion/Microsoft.Windows.10.0.19044",
          "Microsoft.Azure.Management.CosmosDB.CosmosDBManagementClient/3.7.0.0"
        ],
        "Content-Type": [
          "application/json; charset=utf-8"
        ],
        "Content-Length": [
          "79"
        ]
      },
      "RequestBody": "{\r\n  \"properties\": {\r\n    \"resource\": {\r\n      \"throughput\": 900\r\n    }\r\n  }\r\n}",
      "ResponseHeaders": {
        "Cache-Control": [
          "no-store, no-cache"
        ],
        "Pragma": [
          "no-cache"
        ],
        "Location": [
          "https://management.azure.com/subscriptions/259fbb24-9bcd-4cfc-865c-fc33b22fe38a/resourceGroups/CosmosDBResourceGroup45/providers/Microsoft.DocumentDB/databaseAccounts/mongo-db0045/mongodbDatabases/dbName3/throughputSettings/default/operationResults/5b314a0a-8171-4bb1-8b37-add68ee0e774?api-version=2022-08-15-preview"
        ],
        "Azure-AsyncOperation": [
          "https://management.azure.com/subscriptions/259fbb24-9bcd-4cfc-865c-fc33b22fe38a/providers/Microsoft.DocumentDB/locations/eastus/operationsStatus/5b314a0a-8171-4bb1-8b37-add68ee0e774?api-version=2022-08-15-preview"
        ],
        "x-ms-request-id": [
          "5b314a0a-8171-4bb1-8b37-add68ee0e774"
        ],
        "Strict-Transport-Security": [
          "max-age=31536000; includeSubDomains"
        ],
        "x-ms-gatewayversion": [
          "version=2.14.0"
        ],
        "Server": [
          "Microsoft-HTTPAPI/2.0"
        ],
        "x-ms-ratelimit-remaining-subscription-writes": [
          "1199"
        ],
        "x-ms-correlation-request-id": [
          "02d41dfc-a7be-45ee-9416-759ff7a21b9e"
        ],
        "x-ms-routing-request-id": [
          "EASTUS:20220923T121058Z:02d41dfc-a7be-45ee-9416-759ff7a21b9e"
        ],
        "X-Content-Type-Options": [
          "nosniff"
        ],
        "Date": [
          "Fri, 23 Sep 2022 12:10:57 GMT"
        ],
        "Content-Length": [
          "21"
        ],
        "Content-Type": [
          "application/json"
        ]
      },
      "ResponseBody": "{\r\n  \"status\": \"Enqueued\"\r\n}",
      "StatusCode": 202
    },
    {
      "RequestUri": "/subscriptions/259fbb24-9bcd-4cfc-865c-fc33b22fe38a/providers/Microsoft.DocumentDB/locations/eastus/operationsStatus/fb456978-ecc5-44cf-a76b-25fa1ba4f7e3?api-version=2022-08-15-preview",
      "EncodedRequestUri": "L3N1YnNjcmlwdGlvbnMvMjU5ZmJiMjQtOWJjZC00Y2ZjLTg2NWMtZmMzM2IyMmZlMzhhL3Byb3ZpZGVycy9NaWNyb3NvZnQuRG9jdW1lbnREQi9sb2NhdGlvbnMvZWFzdHVzL29wZXJhdGlvbnNTdGF0dXMvZmI0NTY5NzgtZWNjNS00NGNmLWE3NmItMjVmYTFiYTRmN2UzP2FwaS12ZXJzaW9uPTIwMjItMDgtMTUtcHJldmlldw==",
      "RequestMethod": "GET",
      "RequestHeaders": {
        "x-ms-client-request-id": [
          "d1e8c709-473b-4cce-8368-2bd1839dce8a"
        ],
        "User-Agent": [
          "FxVersion/4.700.22.41602",
          "OSName/Windows",
          "OSVersion/Microsoft.Windows.10.0.19044",
          "Microsoft.Azure.Management.CosmosDB.CosmosDBManagementClient/3.7.0.0"
        ]
      },
      "RequestBody": "",
      "ResponseHeaders": {
        "Cache-Control": [
          "no-store, no-cache"
        ],
        "Pragma": [
          "no-cache"
        ],
        "Strict-Transport-Security": [
          "max-age=31536000; includeSubDomains"
        ],
        "x-ms-gatewayversion": [
          "version=2.14.0"
        ],
        "Server": [
          "Microsoft-HTTPAPI/2.0"
        ],
        "x-ms-ratelimit-remaining-subscription-reads": [
          "11989"
        ],
        "x-ms-request-id": [
          "d7d6a667-f4f1-4195-b678-6e85f0c7d54a"
        ],
        "x-ms-correlation-request-id": [
          "d7d6a667-f4f1-4195-b678-6e85f0c7d54a"
        ],
        "x-ms-routing-request-id": [
          "EASTUS:20220923T121025Z:d7d6a667-f4f1-4195-b678-6e85f0c7d54a"
        ],
        "X-Content-Type-Options": [
          "nosniff"
        ],
        "Date": [
          "Fri, 23 Sep 2022 12:10:24 GMT"
        ],
        "Content-Length": [
          "22"
        ],
        "Content-Type": [
          "application/json"
        ]
      },
      "ResponseBody": "{\r\n  \"status\": \"Succeeded\"\r\n}",
      "StatusCode": 200
    },
    {
      "RequestUri": "/subscriptions/259fbb24-9bcd-4cfc-865c-fc33b22fe38a/providers/Microsoft.DocumentDB/locations/eastus/operationsStatus/fb0edd54-09c5-4cc2-a4b7-25e3767e78d1?api-version=2022-08-15-preview",
      "EncodedRequestUri": "L3N1YnNjcmlwdGlvbnMvMjU5ZmJiMjQtOWJjZC00Y2ZjLTg2NWMtZmMzM2IyMmZlMzhhL3Byb3ZpZGVycy9NaWNyb3NvZnQuRG9jdW1lbnREQi9sb2NhdGlvbnMvZWFzdHVzL29wZXJhdGlvbnNTdGF0dXMvZmIwZWRkNTQtMDljNS00Y2MyLWE0YjctMjVlMzc2N2U3OGQxP2FwaS12ZXJzaW9uPTIwMjItMDgtMTUtcHJldmlldw==",
      "RequestMethod": "GET",
      "RequestHeaders": {
        "x-ms-client-request-id": [
          "018874b4-127b-42e2-81cd-ce62e65cac6f"
        ],
        "User-Agent": [
          "FxVersion/4.700.22.41602",
          "OSName/Windows",
          "OSVersion/Microsoft.Windows.10.0.19044",
          "Microsoft.Azure.Management.CosmosDB.CosmosDBManagementClient/3.7.0.0"
        ]
      },
      "RequestBody": "",
      "ResponseHeaders": {
        "Cache-Control": [
          "no-store, no-cache"
        ],
        "Pragma": [
          "no-cache"
        ],
        "Strict-Transport-Security": [
          "max-age=31536000; includeSubDomains"
        ],
        "x-ms-gatewayversion": [
          "version=2.14.0"
        ],
        "Server": [
          "Microsoft-HTTPAPI/2.0"
        ],
        "x-ms-ratelimit-remaining-subscription-reads": [
          "11998"
        ],
        "x-ms-request-id": [
          "506fcab1-1e12-44e4-a0ea-0c518d0403da"
        ],
        "x-ms-correlation-request-id": [
          "506fcab1-1e12-44e4-a0ea-0c518d0403da"
        ],
        "x-ms-routing-request-id": [
          "EASTUS:20220923T121056Z:506fcab1-1e12-44e4-a0ea-0c518d0403da"
        ],
        "X-Content-Type-Options": [
          "nosniff"
        ],
        "Date": [
          "Fri, 23 Sep 2022 12:10:55 GMT"
        ],
        "Content-Length": [
          "22"
        ],
        "Content-Type": [
          "application/json"
        ]
      },
      "ResponseBody": "{\r\n  \"status\": \"Succeeded\"\r\n}",
      "StatusCode": 200
    },
    {
      "RequestUri": "/subscriptions/259fbb24-9bcd-4cfc-865c-fc33b22fe38a/providers/Microsoft.DocumentDB/locations/eastus/operationsStatus/5b314a0a-8171-4bb1-8b37-add68ee0e774?api-version=2022-08-15-preview",
      "EncodedRequestUri": "L3N1YnNjcmlwdGlvbnMvMjU5ZmJiMjQtOWJjZC00Y2ZjLTg2NWMtZmMzM2IyMmZlMzhhL3Byb3ZpZGVycy9NaWNyb3NvZnQuRG9jdW1lbnREQi9sb2NhdGlvbnMvZWFzdHVzL29wZXJhdGlvbnNTdGF0dXMvNWIzMTRhMGEtODE3MS00YmIxLThiMzctYWRkNjhlZTBlNzc0P2FwaS12ZXJzaW9uPTIwMjItMDgtMTUtcHJldmlldw==",
      "RequestMethod": "GET",
      "RequestHeaders": {
        "x-ms-client-request-id": [
          "14de5d5f-915e-4edc-a107-2ef5505cd530"
        ],
        "User-Agent": [
          "FxVersion/4.700.22.41602",
          "OSName/Windows",
          "OSVersion/Microsoft.Windows.10.0.19044",
          "Microsoft.Azure.Management.CosmosDB.CosmosDBManagementClient/3.7.0.0"
        ]
      },
      "RequestBody": "",
      "ResponseHeaders": {
        "Cache-Control": [
          "no-store, no-cache"
        ],
        "Pragma": [
          "no-cache"
        ],
        "Strict-Transport-Security": [
          "max-age=31536000; includeSubDomains"
        ],
        "x-ms-gatewayversion": [
          "version=2.14.0"
        ],
        "Server": [
          "Microsoft-HTTPAPI/2.0"
        ],
        "x-ms-ratelimit-remaining-subscription-reads": [
          "11999"
        ],
        "x-ms-request-id": [
          "e84ff357-375c-475a-970b-376065059824"
        ],
        "x-ms-correlation-request-id": [
          "e84ff357-375c-475a-970b-376065059824"
        ],
        "x-ms-routing-request-id": [
          "EASTUS:20220923T121128Z:e84ff357-375c-475a-970b-376065059824"
        ],
        "X-Content-Type-Options": [
          "nosniff"
        ],
        "Date": [
          "Fri, 23 Sep 2022 12:11:27 GMT"
        ],
        "Content-Length": [
          "22"
        ],
        "Content-Type": [
          "application/json"
        ]
      },
      "ResponseBody": "{\r\n  \"status\": \"Succeeded\"\r\n}",
      "StatusCode": 200
    },
    {
      "RequestUri": "/subscriptions/259fbb24-9bcd-4cfc-865c-fc33b22fe38a/resourceGroups/CosmosDBResourceGroup45/providers/Microsoft.DocumentDB/databaseAccounts/mongo-db0045/mongodbDatabases/dbName3/collections/collectionName?api-version=2022-08-15-preview",
      "EncodedRequestUri": "L3N1YnNjcmlwdGlvbnMvMjU5ZmJiMjQtOWJjZC00Y2ZjLTg2NWMtZmMzM2IyMmZlMzhhL3Jlc291cmNlR3JvdXBzL0Nvc21vc0RCUmVzb3VyY2VHcm91cDQ1L3Byb3ZpZGVycy9NaWNyb3NvZnQuRG9jdW1lbnREQi9kYXRhYmFzZUFjY291bnRzL21vbmdvLWRiMDA0NS9tb25nb2RiRGF0YWJhc2VzL2RiTmFtZTMvY29sbGVjdGlvbnMvY29sbGVjdGlvbk5hbWU/YXBpLXZlcnNpb249MjAyMi0wOC0xNS1wcmV2aWV3",
      "RequestMethod": "GET",
      "RequestHeaders": {
        "x-ms-client-request-id": [
          "ef154a16-24c0-43be-ba61-786c9d670f32"
        ],
        "Accept-Language": [
          "en-US"
        ],
        "User-Agent": [
          "FxVersion/4.700.22.41602",
          "OSName/Windows",
          "OSVersion/Microsoft.Windows.10.0.19044",
          "Microsoft.Azure.Management.CosmosDB.CosmosDBManagementClient/3.7.0.0"
        ]
      },
      "RequestBody": "",
      "ResponseHeaders": {
        "Cache-Control": [
          "no-store, no-cache"
        ],
        "Pragma": [
          "no-cache"
        ],
        "Strict-Transport-Security": [
          "max-age=31536000; includeSubDomains"
        ],
        "x-ms-gatewayversion": [
          "version=2.14.0"
        ],
        "Server": [
          "Microsoft-HTTPAPI/2.0"
        ],
        "x-ms-ratelimit-remaining-subscription-reads": [
          "11991"
        ],
        "x-ms-request-id": [
          "eb953d80-6147-4be9-9f55-d2d057379a05"
        ],
        "x-ms-correlation-request-id": [
          "eb953d80-6147-4be9-9f55-d2d057379a05"
        ],
        "x-ms-routing-request-id": [
          "EASTUS:20220923T121128Z:eb953d80-6147-4be9-9f55-d2d057379a05"
        ],
        "X-Content-Type-Options": [
          "nosniff"
        ],
        "Date": [
          "Fri, 23 Sep 2022 12:11:28 GMT"
        ],
        "Content-Length": [
          "181"
        ],
        "Content-Type": [
          "application/json"
        ]
      },
      "ResponseBody": "{\r\n  \"code\": \"NotFound\",\r\n  \"message\": \"The collection 'dbName3'.'collectionName' doesn't exist.\\r\\nActivityId: ef154a16-24c0-43be-ba61-786c9d670f32, Microsoft.Azure.Documents.Common/2.14.0\"\r\n}",
      "StatusCode": 404
    },
    {
      "RequestUri": "/subscriptions/259fbb24-9bcd-4cfc-865c-fc33b22fe38a/resourceGroups/CosmosDBResourceGroup45/providers/Microsoft.DocumentDB/databaseAccounts/mongo-db0045/mongodbDatabases/dbName3/collections/collectionName?api-version=2022-08-15-preview",
      "EncodedRequestUri": "L3N1YnNjcmlwdGlvbnMvMjU5ZmJiMjQtOWJjZC00Y2ZjLTg2NWMtZmMzM2IyMmZlMzhhL3Jlc291cmNlR3JvdXBzL0Nvc21vc0RCUmVzb3VyY2VHcm91cDQ1L3Byb3ZpZGVycy9NaWNyb3NvZnQuRG9jdW1lbnREQi9kYXRhYmFzZUFjY291bnRzL21vbmdvLWRiMDA0NS9tb25nb2RiRGF0YWJhc2VzL2RiTmFtZTMvY29sbGVjdGlvbnMvY29sbGVjdGlvbk5hbWU/YXBpLXZlcnNpb249MjAyMi0wOC0xNS1wcmV2aWV3",
      "RequestMethod": "GET",
      "RequestHeaders": {
        "x-ms-client-request-id": [
          "ef154a16-24c0-43be-ba61-786c9d670f32"
        ],
        "User-Agent": [
          "FxVersion/4.700.22.41602",
          "OSName/Windows",
          "OSVersion/Microsoft.Windows.10.0.19044",
          "Microsoft.Azure.Management.CosmosDB.CosmosDBManagementClient/3.7.0.0"
        ]
      },
      "RequestBody": "",
      "ResponseHeaders": {
        "Cache-Control": [
          "no-store, no-cache"
        ],
        "Pragma": [
          "no-cache"
        ],
        "Strict-Transport-Security": [
          "max-age=31536000; includeSubDomains"
        ],
        "x-ms-gatewayversion": [
          "version=2.14.0"
        ],
        "Server": [
          "Microsoft-HTTPAPI/2.0"
        ],
        "x-ms-ratelimit-remaining-subscription-reads": [
          "11989"
        ],
        "x-ms-request-id": [
          "b38a9e44-9ebb-4a63-a84b-5a435f74c622"
        ],
        "x-ms-correlation-request-id": [
          "b38a9e44-9ebb-4a63-a84b-5a435f74c622"
        ],
        "x-ms-routing-request-id": [
          "EASTUS:20220923T121159Z:b38a9e44-9ebb-4a63-a84b-5a435f74c622"
        ],
        "X-Content-Type-Options": [
          "nosniff"
        ],
        "Date": [
          "Fri, 23 Sep 2022 12:11:59 GMT"
        ],
        "Content-Length": [
          "434"
        ],
        "Content-Type": [
          "application/json"
        ]
      },
      "ResponseBody": "{\r\n  \"id\": \"/subscriptions/259fbb24-9bcd-4cfc-865c-fc33b22fe38a/resourceGroups/CosmosDBResourceGroup45/providers/Microsoft.DocumentDB/databaseAccounts/mongo-db0045/mongodbDatabases/dbName3/collections/collectionName\",\r\n  \"type\": \"Microsoft.DocumentDB/databaseAccounts/mongodbDatabases/collections\",\r\n  \"name\": \"collectionName\",\r\n  \"properties\": {\r\n    \"resource\": {\r\n      \"id\": \"collectionName\",\r\n      \"shardKey\": {\r\n        \"shardKeyPath\": \"Hash\"\r\n      },\r\n      \"indexes\": [\r\n        {\r\n          \"key\": {\r\n            \"keys\": [\r\n              \"_id\"\r\n            ]\r\n          }\r\n        }\r\n      ]\r\n    }\r\n  }\r\n}",
      "StatusCode": 200
    },
    {
      "RequestUri": "/subscriptions/259fbb24-9bcd-4cfc-865c-fc33b22fe38a/resourceGroups/CosmosDBResourceGroup45/providers/Microsoft.DocumentDB/databaseAccounts/mongo-db0045/mongodbDatabases/dbName3/collections/collectionName?api-version=2022-08-15-preview",
      "EncodedRequestUri": "L3N1YnNjcmlwdGlvbnMvMjU5ZmJiMjQtOWJjZC00Y2ZjLTg2NWMtZmMzM2IyMmZlMzhhL3Jlc291cmNlR3JvdXBzL0Nvc21vc0RCUmVzb3VyY2VHcm91cDQ1L3Byb3ZpZGVycy9NaWNyb3NvZnQuRG9jdW1lbnREQi9kYXRhYmFzZUFjY291bnRzL21vbmdvLWRiMDA0NS9tb25nb2RiRGF0YWJhc2VzL2RiTmFtZTMvY29sbGVjdGlvbnMvY29sbGVjdGlvbk5hbWU/YXBpLXZlcnNpb249MjAyMi0wOC0xNS1wcmV2aWV3",
      "RequestMethod": "PUT",
      "RequestHeaders": {
        "x-ms-client-request-id": [
          "ef154a16-24c0-43be-ba61-786c9d670f32"
        ],
        "Accept-Language": [
          "en-US"
        ],
        "User-Agent": [
          "FxVersion/4.700.22.41602",
          "OSName/Windows",
          "OSVersion/Microsoft.Windows.10.0.19044",
          "Microsoft.Azure.Management.CosmosDB.CosmosDBManagementClient/3.7.0.0"
        ],
        "Content-Type": [
          "application/json; charset=utf-8"
        ],
        "Content-Length": [
          "198"
        ]
      },
      "RequestBody": "{\r\n  \"properties\": {\r\n    \"resource\": {\r\n      \"id\": \"collectionName\",\r\n      \"shardKey\": {\r\n        \"shardKeyPath\": \"Hash\"\r\n      }\r\n    },\r\n    \"options\": {\r\n      \"throughput\": 800\r\n    }\r\n  }\r\n}",
      "ResponseHeaders": {
        "Cache-Control": [
          "no-store, no-cache"
        ],
        "Pragma": [
          "no-cache"
        ],
        "Location": [
          "https://management.azure.com/subscriptions/259fbb24-9bcd-4cfc-865c-fc33b22fe38a/resourceGroups/CosmosDBResourceGroup45/providers/Microsoft.DocumentDB/databaseAccounts/mongo-db0045/mongodbDatabases/dbName3/collections/collectionName/operationResults/cf0d00e8-e5ef-4ab4-8138-b5c11e200c94?api-version=2022-08-15-preview"
        ],
        "Azure-AsyncOperation": [
          "https://management.azure.com/subscriptions/259fbb24-9bcd-4cfc-865c-fc33b22fe38a/providers/Microsoft.DocumentDB/locations/eastus/operationsStatus/cf0d00e8-e5ef-4ab4-8138-b5c11e200c94?api-version=2022-08-15-preview"
        ],
        "x-ms-request-id": [
          "cf0d00e8-e5ef-4ab4-8138-b5c11e200c94"
        ],
        "Strict-Transport-Security": [
          "max-age=31536000; includeSubDomains"
        ],
        "x-ms-gatewayversion": [
          "version=2.14.0"
        ],
        "Server": [
          "Microsoft-HTTPAPI/2.0"
        ],
        "x-ms-ratelimit-remaining-subscription-writes": [
          "1198"
        ],
        "x-ms-correlation-request-id": [
          "c5b9e82e-2b1f-4891-8eb2-cfa259874a5a"
        ],
        "x-ms-routing-request-id": [
          "EASTUS:20220923T121129Z:c5b9e82e-2b1f-4891-8eb2-cfa259874a5a"
        ],
        "X-Content-Type-Options": [
          "nosniff"
        ],
        "Date": [
          "Fri, 23 Sep 2022 12:11:29 GMT"
        ],
        "Content-Length": [
          "21"
        ],
        "Content-Type": [
          "application/json"
        ]
      },
      "ResponseBody": "{\r\n  \"status\": \"Enqueued\"\r\n}",
      "StatusCode": 202
    },
    {
      "RequestUri": "/subscriptions/259fbb24-9bcd-4cfc-865c-fc33b22fe38a/providers/Microsoft.DocumentDB/locations/eastus/operationsStatus/cf0d00e8-e5ef-4ab4-8138-b5c11e200c94?api-version=2022-08-15-preview",
      "EncodedRequestUri": "L3N1YnNjcmlwdGlvbnMvMjU5ZmJiMjQtOWJjZC00Y2ZjLTg2NWMtZmMzM2IyMmZlMzhhL3Byb3ZpZGVycy9NaWNyb3NvZnQuRG9jdW1lbnREQi9sb2NhdGlvbnMvZWFzdHVzL29wZXJhdGlvbnNTdGF0dXMvY2YwZDAwZTgtZTVlZi00YWI0LTgxMzgtYjVjMTFlMjAwYzk0P2FwaS12ZXJzaW9uPTIwMjItMDgtMTUtcHJldmlldw==",
      "RequestMethod": "GET",
      "RequestHeaders": {
        "x-ms-client-request-id": [
          "ef154a16-24c0-43be-ba61-786c9d670f32"
        ],
        "User-Agent": [
          "FxVersion/4.700.22.41602",
          "OSName/Windows",
          "OSVersion/Microsoft.Windows.10.0.19044",
          "Microsoft.Azure.Management.CosmosDB.CosmosDBManagementClient/3.7.0.0"
        ]
      },
      "RequestBody": "",
      "ResponseHeaders": {
        "Cache-Control": [
          "no-store, no-cache"
        ],
        "Pragma": [
          "no-cache"
        ],
        "Strict-Transport-Security": [
          "max-age=31536000; includeSubDomains"
        ],
        "x-ms-gatewayversion": [
          "version=2.14.0"
        ],
        "Server": [
          "Microsoft-HTTPAPI/2.0"
        ],
        "x-ms-ratelimit-remaining-subscription-reads": [
          "11990"
        ],
        "x-ms-request-id": [
          "41ef30f5-551d-4f1c-98fc-3ffd24b98634"
        ],
        "x-ms-correlation-request-id": [
          "41ef30f5-551d-4f1c-98fc-3ffd24b98634"
        ],
        "x-ms-routing-request-id": [
          "EASTUS:20220923T121159Z:41ef30f5-551d-4f1c-98fc-3ffd24b98634"
        ],
        "X-Content-Type-Options": [
          "nosniff"
        ],
        "Date": [
          "Fri, 23 Sep 2022 12:11:59 GMT"
        ],
        "Content-Length": [
          "22"
        ],
        "Content-Type": [
          "application/json"
        ]
      },
      "ResponseBody": "{\r\n  \"status\": \"Succeeded\"\r\n}",
      "StatusCode": 200
    },
    {
      "RequestUri": "/subscriptions/259fbb24-9bcd-4cfc-865c-fc33b22fe38a/resourceGroups/CosmosDBResourceGroup45/providers/Microsoft.DocumentDB/databaseAccounts/mongo-db0045/mongodbDatabases/dbName3/collections/collectionName/throughputSettings/default?api-version=2022-08-15-preview",
      "EncodedRequestUri": "L3N1YnNjcmlwdGlvbnMvMjU5ZmJiMjQtOWJjZC00Y2ZjLTg2NWMtZmMzM2IyMmZlMzhhL3Jlc291cmNlR3JvdXBzL0Nvc21vc0RCUmVzb3VyY2VHcm91cDQ1L3Byb3ZpZGVycy9NaWNyb3NvZnQuRG9jdW1lbnREQi9kYXRhYmFzZUFjY291bnRzL21vbmdvLWRiMDA0NS9tb25nb2RiRGF0YWJhc2VzL2RiTmFtZTMvY29sbGVjdGlvbnMvY29sbGVjdGlvbk5hbWUvdGhyb3VnaHB1dFNldHRpbmdzL2RlZmF1bHQ/YXBpLXZlcnNpb249MjAyMi0wOC0xNS1wcmV2aWV3",
      "RequestMethod": "GET",
      "RequestHeaders": {
        "x-ms-client-request-id": [
          "dbdaa87f-595b-4b8b-a522-6bb122085609"
        ],
        "Accept-Language": [
          "en-US"
        ],
        "User-Agent": [
          "FxVersion/4.700.22.41602",
          "OSName/Windows",
          "OSVersion/Microsoft.Windows.10.0.19044",
          "Microsoft.Azure.Management.CosmosDB.CosmosDBManagementClient/3.7.0.0"
        ]
      },
      "RequestBody": "",
      "ResponseHeaders": {
        "Cache-Control": [
          "no-store, no-cache"
        ],
        "Pragma": [
          "no-cache"
        ],
        "Strict-Transport-Security": [
          "max-age=31536000; includeSubDomains"
        ],
        "x-ms-gatewayversion": [
          "version=2.14.0"
        ],
        "Server": [
          "Microsoft-HTTPAPI/2.0"
        ],
        "x-ms-ratelimit-remaining-subscription-reads": [
          "11999"
        ],
        "x-ms-request-id": [
          "485d2281-ce31-4915-9531-96557149c079"
        ],
        "x-ms-correlation-request-id": [
          "485d2281-ce31-4915-9531-96557149c079"
        ],
        "x-ms-routing-request-id": [
          "EASTUS:20220923T121159Z:485d2281-ce31-4915-9531-96557149c079"
        ],
        "X-Content-Type-Options": [
          "nosniff"
        ],
        "Date": [
          "Fri, 23 Sep 2022 12:11:59 GMT"
        ],
        "Content-Length": [
          "419"
        ],
        "Content-Type": [
          "application/json"
        ]
      },
      "ResponseBody": "{\r\n  \"id\": \"/subscriptions/259fbb24-9bcd-4cfc-865c-fc33b22fe38a/resourceGroups/CosmosDBResourceGroup45/providers/Microsoft.DocumentDB/databaseAccounts/mongo-db0045/mongodbDatabases/dbName3/collections/collectionName/throughputSettings/default\",\r\n  \"type\": \"Microsoft.DocumentDB/databaseAccounts/mongodbDatabases/collections/throughputSettings\",\r\n  \"name\": \"0EZu\",\r\n  \"properties\": {\r\n    \"resource\": {\r\n      \"throughput\": 800,\r\n      \"minimumThroughput\": \"400\"\r\n    }\r\n  }\r\n}",
      "StatusCode": 200
    },
    {
      "RequestUri": "/subscriptions/259fbb24-9bcd-4cfc-865c-fc33b22fe38a/resourceGroups/CosmosDBResourceGroup45/providers/Microsoft.DocumentDB/databaseAccounts/mongo-db0045/mongodbDatabases/dbName3/collections/collectionName/throughputSettings/default?api-version=2022-08-15-preview",
      "EncodedRequestUri": "L3N1YnNjcmlwdGlvbnMvMjU5ZmJiMjQtOWJjZC00Y2ZjLTg2NWMtZmMzM2IyMmZlMzhhL3Jlc291cmNlR3JvdXBzL0Nvc21vc0RCUmVzb3VyY2VHcm91cDQ1L3Byb3ZpZGVycy9NaWNyb3NvZnQuRG9jdW1lbnREQi9kYXRhYmFzZUFjY291bnRzL21vbmdvLWRiMDA0NS9tb25nb2RiRGF0YWJhc2VzL2RiTmFtZTMvY29sbGVjdGlvbnMvY29sbGVjdGlvbk5hbWUvdGhyb3VnaHB1dFNldHRpbmdzL2RlZmF1bHQ/YXBpLXZlcnNpb249MjAyMi0wOC0xNS1wcmV2aWV3",
      "RequestMethod": "GET",
      "RequestHeaders": {
        "x-ms-client-request-id": [
          "1a7af63a-86e1-4612-943d-edd96e154473"
        ],
        "User-Agent": [
          "FxVersion/4.700.22.41602",
          "OSName/Windows",
          "OSVersion/Microsoft.Windows.10.0.19044",
          "Microsoft.Azure.Management.CosmosDB.CosmosDBManagementClient/3.7.0.0"
        ]
      },
      "RequestBody": "",
      "ResponseHeaders": {
        "Cache-Control": [
          "no-store, no-cache"
        ],
        "Pragma": [
          "no-cache"
        ],
        "Strict-Transport-Security": [
          "max-age=31536000; includeSubDomains"
        ],
        "x-ms-gatewayversion": [
          "version=2.14.0"
        ],
        "Server": [
          "Microsoft-HTTPAPI/2.0"
        ],
        "x-ms-ratelimit-remaining-subscription-reads": [
          "11998"
        ],
        "x-ms-request-id": [
          "c170a4fe-bb4a-4f72-9d93-564cb3cc88c5"
        ],
        "x-ms-correlation-request-id": [
          "c170a4fe-bb4a-4f72-9d93-564cb3cc88c5"
        ],
        "x-ms-routing-request-id": [
          "EASTUS:20220923T121230Z:c170a4fe-bb4a-4f72-9d93-564cb3cc88c5"
        ],
        "X-Content-Type-Options": [
          "nosniff"
        ],
        "Date": [
          "Fri, 23 Sep 2022 12:12:30 GMT"
        ],
        "Content-Length": [
          "419"
        ],
        "Content-Type": [
          "application/json"
        ]
      },
      "ResponseBody": "{\r\n  \"id\": \"/subscriptions/259fbb24-9bcd-4cfc-865c-fc33b22fe38a/resourceGroups/CosmosDBResourceGroup45/providers/Microsoft.DocumentDB/databaseAccounts/mongo-db0045/mongodbDatabases/dbName3/collections/collectionName/throughputSettings/default\",\r\n  \"type\": \"Microsoft.DocumentDB/databaseAccounts/mongodbDatabases/collections/throughputSettings\",\r\n  \"name\": \"0EZu\",\r\n  \"properties\": {\r\n    \"resource\": {\r\n      \"throughput\": 700,\r\n      \"minimumThroughput\": \"400\"\r\n    }\r\n  }\r\n}",
      "StatusCode": 200
    },
    {
      "RequestUri": "/subscriptions/259fbb24-9bcd-4cfc-865c-fc33b22fe38a/resourceGroups/CosmosDBResourceGroup45/providers/Microsoft.DocumentDB/databaseAccounts/mongo-db0045/mongodbDatabases/dbName3/collections/collectionName/throughputSettings/default?api-version=2022-08-15-preview",
      "EncodedRequestUri": "L3N1YnNjcmlwdGlvbnMvMjU5ZmJiMjQtOWJjZC00Y2ZjLTg2NWMtZmMzM2IyMmZlMzhhL3Jlc291cmNlR3JvdXBzL0Nvc21vc0RCUmVzb3VyY2VHcm91cDQ1L3Byb3ZpZGVycy9NaWNyb3NvZnQuRG9jdW1lbnREQi9kYXRhYmFzZUFjY291bnRzL21vbmdvLWRiMDA0NS9tb25nb2RiRGF0YWJhc2VzL2RiTmFtZTMvY29sbGVjdGlvbnMvY29sbGVjdGlvbk5hbWUvdGhyb3VnaHB1dFNldHRpbmdzL2RlZmF1bHQ/YXBpLXZlcnNpb249MjAyMi0wOC0xNS1wcmV2aWV3",
      "RequestMethod": "GET",
      "RequestHeaders": {
        "x-ms-client-request-id": [
          "52f97dc0-2698-46a5-899d-2a391cdf843b"
        ],
        "User-Agent": [
          "FxVersion/4.700.22.41602",
          "OSName/Windows",
          "OSVersion/Microsoft.Windows.10.0.19044",
          "Microsoft.Azure.Management.CosmosDB.CosmosDBManagementClient/3.7.0.0"
        ]
      },
      "RequestBody": "",
      "ResponseHeaders": {
        "Cache-Control": [
          "no-store, no-cache"
        ],
        "Pragma": [
          "no-cache"
        ],
        "Strict-Transport-Security": [
          "max-age=31536000; includeSubDomains"
        ],
        "x-ms-gatewayversion": [
          "version=2.14.0"
        ],
        "Server": [
          "Microsoft-HTTPAPI/2.0"
        ],
        "x-ms-ratelimit-remaining-subscription-reads": [
          "11995"
        ],
        "x-ms-request-id": [
          "f6842041-1439-4f21-a2c1-cc2298ee2dc6"
        ],
        "x-ms-correlation-request-id": [
          "f6842041-1439-4f21-a2c1-cc2298ee2dc6"
        ],
        "x-ms-routing-request-id": [
          "EASTUS:20220923T121301Z:f6842041-1439-4f21-a2c1-cc2298ee2dc6"
        ],
        "X-Content-Type-Options": [
          "nosniff"
        ],
        "Date": [
          "Fri, 23 Sep 2022 12:13:01 GMT"
        ],
        "Content-Length": [
          "419"
        ],
        "Content-Type": [
          "application/json"
        ]
      },
      "ResponseBody": "{\r\n  \"id\": \"/subscriptions/259fbb24-9bcd-4cfc-865c-fc33b22fe38a/resourceGroups/CosmosDBResourceGroup45/providers/Microsoft.DocumentDB/databaseAccounts/mongo-db0045/mongodbDatabases/dbName3/collections/collectionName/throughputSettings/default\",\r\n  \"type\": \"Microsoft.DocumentDB/databaseAccounts/mongodbDatabases/collections/throughputSettings\",\r\n  \"name\": \"0EZu\",\r\n  \"properties\": {\r\n    \"resource\": {\r\n      \"throughput\": 600,\r\n      \"minimumThroughput\": \"400\"\r\n    }\r\n  }\r\n}",
      "StatusCode": 200
    },
    {
      "RequestUri": "/subscriptions/259fbb24-9bcd-4cfc-865c-fc33b22fe38a/resourceGroups/CosmosDBResourceGroup45/providers/Microsoft.DocumentDB/databaseAccounts/mongo-db0045/mongodbDatabases/dbName3/collections/collectionName/throughputSettings/default?api-version=2022-08-15-preview",
      "EncodedRequestUri": "L3N1YnNjcmlwdGlvbnMvMjU5ZmJiMjQtOWJjZC00Y2ZjLTg2NWMtZmMzM2IyMmZlMzhhL3Jlc291cmNlR3JvdXBzL0Nvc21vc0RCUmVzb3VyY2VHcm91cDQ1L3Byb3ZpZGVycy9NaWNyb3NvZnQuRG9jdW1lbnREQi9kYXRhYmFzZUFjY291bnRzL21vbmdvLWRiMDA0NS9tb25nb2RiRGF0YWJhc2VzL2RiTmFtZTMvY29sbGVjdGlvbnMvY29sbGVjdGlvbk5hbWUvdGhyb3VnaHB1dFNldHRpbmdzL2RlZmF1bHQ/YXBpLXZlcnNpb249MjAyMi0wOC0xNS1wcmV2aWV3",
      "RequestMethod": "GET",
      "RequestHeaders": {
        "x-ms-client-request-id": [
          "16623cc8-2625-43ee-9cb3-faacaca4e9f8"
        ],
        "User-Agent": [
          "FxVersion/4.700.22.41602",
          "OSName/Windows",
          "OSVersion/Microsoft.Windows.10.0.19044",
          "Microsoft.Azure.Management.CosmosDB.CosmosDBManagementClient/3.7.0.0"
        ]
      },
      "RequestBody": "",
      "ResponseHeaders": {
        "Cache-Control": [
          "no-store, no-cache"
        ],
        "Pragma": [
          "no-cache"
        ],
        "Strict-Transport-Security": [
          "max-age=31536000; includeSubDomains"
        ],
        "x-ms-gatewayversion": [
          "version=2.14.0"
        ],
        "Server": [
          "Microsoft-HTTPAPI/2.0"
        ],
        "x-ms-ratelimit-remaining-subscription-reads": [
          "11987"
        ],
        "x-ms-request-id": [
          "f0811b2d-4526-4865-b9d4-3a2b15db83bd"
        ],
        "x-ms-correlation-request-id": [
          "f0811b2d-4526-4865-b9d4-3a2b15db83bd"
        ],
        "x-ms-routing-request-id": [
          "EASTUS:20220923T121332Z:f0811b2d-4526-4865-b9d4-3a2b15db83bd"
        ],
        "X-Content-Type-Options": [
          "nosniff"
        ],
        "Date": [
          "Fri, 23 Sep 2022 12:13:32 GMT"
        ],
        "Content-Length": [
          "419"
        ],
        "Content-Type": [
          "application/json"
        ]
      },
      "ResponseBody": "{\r\n  \"id\": \"/subscriptions/259fbb24-9bcd-4cfc-865c-fc33b22fe38a/resourceGroups/CosmosDBResourceGroup45/providers/Microsoft.DocumentDB/databaseAccounts/mongo-db0045/mongodbDatabases/dbName3/collections/collectionName/throughputSettings/default\",\r\n  \"type\": \"Microsoft.DocumentDB/databaseAccounts/mongodbDatabases/collections/throughputSettings\",\r\n  \"name\": \"0EZu\",\r\n  \"properties\": {\r\n    \"resource\": {\r\n      \"throughput\": 500,\r\n      \"minimumThroughput\": \"400\"\r\n    }\r\n  }\r\n}",
      "StatusCode": 200
    },
    {
      "RequestUri": "/subscriptions/259fbb24-9bcd-4cfc-865c-fc33b22fe38a/resourceGroups/CosmosDBResourceGroup45/providers/Microsoft.DocumentDB/databaseAccounts/mongo-db0045/mongodbDatabases/dbName3/collections/collectionName/throughputSettings/default?api-version=2022-08-15-preview",
      "EncodedRequestUri": "L3N1YnNjcmlwdGlvbnMvMjU5ZmJiMjQtOWJjZC00Y2ZjLTg2NWMtZmMzM2IyMmZlMzhhL3Jlc291cmNlR3JvdXBzL0Nvc21vc0RCUmVzb3VyY2VHcm91cDQ1L3Byb3ZpZGVycy9NaWNyb3NvZnQuRG9jdW1lbnREQi9kYXRhYmFzZUFjY291bnRzL21vbmdvLWRiMDA0NS9tb25nb2RiRGF0YWJhc2VzL2RiTmFtZTMvY29sbGVjdGlvbnMvY29sbGVjdGlvbk5hbWUvdGhyb3VnaHB1dFNldHRpbmdzL2RlZmF1bHQ/YXBpLXZlcnNpb249MjAyMi0wOC0xNS1wcmV2aWV3",
      "RequestMethod": "PUT",
      "RequestHeaders": {
        "x-ms-client-request-id": [
          "1a7af63a-86e1-4612-943d-edd96e154473"
        ],
        "Accept-Language": [
          "en-US"
        ],
        "User-Agent": [
          "FxVersion/4.700.22.41602",
          "OSName/Windows",
          "OSVersion/Microsoft.Windows.10.0.19044",
          "Microsoft.Azure.Management.CosmosDB.CosmosDBManagementClient/3.7.0.0"
        ],
        "Content-Type": [
          "application/json; charset=utf-8"
        ],
        "Content-Length": [
          "79"
        ]
      },
      "RequestBody": "{\r\n  \"properties\": {\r\n    \"resource\": {\r\n      \"throughput\": 700\r\n    }\r\n  }\r\n}",
      "ResponseHeaders": {
        "Cache-Control": [
          "no-store, no-cache"
        ],
        "Pragma": [
          "no-cache"
        ],
        "Location": [
          "https://management.azure.com/subscriptions/259fbb24-9bcd-4cfc-865c-fc33b22fe38a/resourceGroups/CosmosDBResourceGroup45/providers/Microsoft.DocumentDB/databaseAccounts/mongo-db0045/mongodbDatabases/dbName3/collections/collectionName/throughputSettings/default/operationResults/910c83be-9748-478a-af70-41093bb8a890?api-version=2022-08-15-preview"
        ],
        "Azure-AsyncOperation": [
          "https://management.azure.com/subscriptions/259fbb24-9bcd-4cfc-865c-fc33b22fe38a/providers/Microsoft.DocumentDB/locations/eastus/operationsStatus/910c83be-9748-478a-af70-41093bb8a890?api-version=2022-08-15-preview"
        ],
        "x-ms-request-id": [
          "910c83be-9748-478a-af70-41093bb8a890"
        ],
        "Strict-Transport-Security": [
          "max-age=31536000; includeSubDomains"
        ],
        "x-ms-gatewayversion": [
          "version=2.14.0"
        ],
        "Server": [
          "Microsoft-HTTPAPI/2.0"
        ],
        "x-ms-ratelimit-remaining-subscription-writes": [
          "1199"
        ],
        "x-ms-correlation-request-id": [
          "a86e51ef-875b-498c-94f1-e6087d3710a1"
        ],
        "x-ms-routing-request-id": [
          "EASTUS:20220923T121200Z:a86e51ef-875b-498c-94f1-e6087d3710a1"
        ],
        "X-Content-Type-Options": [
          "nosniff"
        ],
        "Date": [
          "Fri, 23 Sep 2022 12:12:00 GMT"
        ],
        "Content-Length": [
          "21"
        ],
        "Content-Type": [
          "application/json"
        ]
      },
      "ResponseBody": "{\r\n  \"status\": \"Enqueued\"\r\n}",
      "StatusCode": 202
    },
    {
      "RequestUri": "/subscriptions/259fbb24-9bcd-4cfc-865c-fc33b22fe38a/resourceGroups/CosmosDBResourceGroup45/providers/Microsoft.DocumentDB/databaseAccounts/mongo-db0045/mongodbDatabases/dbName3/collections/collectionName/throughputSettings/default?api-version=2022-08-15-preview",
      "EncodedRequestUri": "L3N1YnNjcmlwdGlvbnMvMjU5ZmJiMjQtOWJjZC00Y2ZjLTg2NWMtZmMzM2IyMmZlMzhhL3Jlc291cmNlR3JvdXBzL0Nvc21vc0RCUmVzb3VyY2VHcm91cDQ1L3Byb3ZpZGVycy9NaWNyb3NvZnQuRG9jdW1lbnREQi9kYXRhYmFzZUFjY291bnRzL21vbmdvLWRiMDA0NS9tb25nb2RiRGF0YWJhc2VzL2RiTmFtZTMvY29sbGVjdGlvbnMvY29sbGVjdGlvbk5hbWUvdGhyb3VnaHB1dFNldHRpbmdzL2RlZmF1bHQ/YXBpLXZlcnNpb249MjAyMi0wOC0xNS1wcmV2aWV3",
      "RequestMethod": "PUT",
      "RequestHeaders": {
        "x-ms-client-request-id": [
          "52f97dc0-2698-46a5-899d-2a391cdf843b"
        ],
        "Accept-Language": [
          "en-US"
        ],
        "User-Agent": [
          "FxVersion/4.700.22.41602",
          "OSName/Windows",
          "OSVersion/Microsoft.Windows.10.0.19044",
          "Microsoft.Azure.Management.CosmosDB.CosmosDBManagementClient/3.7.0.0"
        ],
        "Content-Type": [
          "application/json; charset=utf-8"
        ],
        "Content-Length": [
          "79"
        ]
      },
      "RequestBody": "{\r\n  \"properties\": {\r\n    \"resource\": {\r\n      \"throughput\": 600\r\n    }\r\n  }\r\n}",
      "ResponseHeaders": {
        "Cache-Control": [
          "no-store, no-cache"
        ],
        "Pragma": [
          "no-cache"
        ],
        "Location": [
          "https://management.azure.com/subscriptions/259fbb24-9bcd-4cfc-865c-fc33b22fe38a/resourceGroups/CosmosDBResourceGroup45/providers/Microsoft.DocumentDB/databaseAccounts/mongo-db0045/mongodbDatabases/dbName3/collections/collectionName/throughputSettings/default/operationResults/4eccb0ad-84d8-4978-8b6b-2f6c0c86108b?api-version=2022-08-15-preview"
        ],
        "Azure-AsyncOperation": [
          "https://management.azure.com/subscriptions/259fbb24-9bcd-4cfc-865c-fc33b22fe38a/providers/Microsoft.DocumentDB/locations/eastus/operationsStatus/4eccb0ad-84d8-4978-8b6b-2f6c0c86108b?api-version=2022-08-15-preview"
        ],
        "x-ms-request-id": [
          "4eccb0ad-84d8-4978-8b6b-2f6c0c86108b"
        ],
        "Strict-Transport-Security": [
          "max-age=31536000; includeSubDomains"
        ],
        "x-ms-gatewayversion": [
          "version=2.14.0"
        ],
        "Server": [
          "Microsoft-HTTPAPI/2.0"
        ],
        "x-ms-ratelimit-remaining-subscription-writes": [
          "1198"
        ],
        "x-ms-correlation-request-id": [
          "f6904eb7-cad1-4135-9af2-fa568c02eab4"
        ],
        "x-ms-routing-request-id": [
          "EASTUS:20220923T121231Z:f6904eb7-cad1-4135-9af2-fa568c02eab4"
        ],
        "X-Content-Type-Options": [
          "nosniff"
        ],
        "Date": [
          "Fri, 23 Sep 2022 12:12:30 GMT"
        ],
        "Content-Length": [
          "21"
        ],
        "Content-Type": [
          "application/json"
        ]
      },
      "ResponseBody": "{\r\n  \"status\": \"Enqueued\"\r\n}",
      "StatusCode": 202
    },
    {
      "RequestUri": "/subscriptions/259fbb24-9bcd-4cfc-865c-fc33b22fe38a/resourceGroups/CosmosDBResourceGroup45/providers/Microsoft.DocumentDB/databaseAccounts/mongo-db0045/mongodbDatabases/dbName3/collections/collectionName/throughputSettings/default?api-version=2022-08-15-preview",
      "EncodedRequestUri": "L3N1YnNjcmlwdGlvbnMvMjU5ZmJiMjQtOWJjZC00Y2ZjLTg2NWMtZmMzM2IyMmZlMzhhL3Jlc291cmNlR3JvdXBzL0Nvc21vc0RCUmVzb3VyY2VHcm91cDQ1L3Byb3ZpZGVycy9NaWNyb3NvZnQuRG9jdW1lbnREQi9kYXRhYmFzZUFjY291bnRzL21vbmdvLWRiMDA0NS9tb25nb2RiRGF0YWJhc2VzL2RiTmFtZTMvY29sbGVjdGlvbnMvY29sbGVjdGlvbk5hbWUvdGhyb3VnaHB1dFNldHRpbmdzL2RlZmF1bHQ/YXBpLXZlcnNpb249MjAyMi0wOC0xNS1wcmV2aWV3",
      "RequestMethod": "PUT",
      "RequestHeaders": {
        "x-ms-client-request-id": [
          "16623cc8-2625-43ee-9cb3-faacaca4e9f8"
        ],
        "Accept-Language": [
          "en-US"
        ],
        "User-Agent": [
          "FxVersion/4.700.22.41602",
          "OSName/Windows",
          "OSVersion/Microsoft.Windows.10.0.19044",
          "Microsoft.Azure.Management.CosmosDB.CosmosDBManagementClient/3.7.0.0"
        ],
        "Content-Type": [
          "application/json; charset=utf-8"
        ],
        "Content-Length": [
          "79"
        ]
      },
      "RequestBody": "{\r\n  \"properties\": {\r\n    \"resource\": {\r\n      \"throughput\": 500\r\n    }\r\n  }\r\n}",
      "ResponseHeaders": {
        "Cache-Control": [
          "no-store, no-cache"
        ],
        "Pragma": [
          "no-cache"
        ],
        "Location": [
          "https://management.azure.com/subscriptions/259fbb24-9bcd-4cfc-865c-fc33b22fe38a/resourceGroups/CosmosDBResourceGroup45/providers/Microsoft.DocumentDB/databaseAccounts/mongo-db0045/mongodbDatabases/dbName3/collections/collectionName/throughputSettings/default/operationResults/2c875af6-fa8f-492e-a4fb-4409756c8c55?api-version=2022-08-15-preview"
        ],
        "Azure-AsyncOperation": [
          "https://management.azure.com/subscriptions/259fbb24-9bcd-4cfc-865c-fc33b22fe38a/providers/Microsoft.DocumentDB/locations/eastus/operationsStatus/2c875af6-fa8f-492e-a4fb-4409756c8c55?api-version=2022-08-15-preview"
        ],
        "x-ms-request-id": [
          "2c875af6-fa8f-492e-a4fb-4409756c8c55"
        ],
        "Strict-Transport-Security": [
          "max-age=31536000; includeSubDomains"
        ],
        "x-ms-gatewayversion": [
          "version=2.14.0"
        ],
        "Server": [
          "Microsoft-HTTPAPI/2.0"
        ],
        "x-ms-ratelimit-remaining-subscription-writes": [
          "1196"
        ],
        "x-ms-correlation-request-id": [
          "bb48222c-2c1c-4423-897b-613108259d77"
        ],
        "x-ms-routing-request-id": [
          "EASTUS:20220923T121302Z:bb48222c-2c1c-4423-897b-613108259d77"
        ],
        "X-Content-Type-Options": [
          "nosniff"
        ],
        "Date": [
          "Fri, 23 Sep 2022 12:13:01 GMT"
        ],
        "Content-Length": [
          "21"
        ],
        "Content-Type": [
          "application/json"
        ]
      },
      "ResponseBody": "{\r\n  \"status\": \"Enqueued\"\r\n}",
      "StatusCode": 202
    },
    {
      "RequestUri": "/subscriptions/259fbb24-9bcd-4cfc-865c-fc33b22fe38a/providers/Microsoft.DocumentDB/locations/eastus/operationsStatus/910c83be-9748-478a-af70-41093bb8a890?api-version=2022-08-15-preview",
      "EncodedRequestUri": "L3N1YnNjcmlwdGlvbnMvMjU5ZmJiMjQtOWJjZC00Y2ZjLTg2NWMtZmMzM2IyMmZlMzhhL3Byb3ZpZGVycy9NaWNyb3NvZnQuRG9jdW1lbnREQi9sb2NhdGlvbnMvZWFzdHVzL29wZXJhdGlvbnNTdGF0dXMvOTEwYzgzYmUtOTc0OC00NzhhLWFmNzAtNDEwOTNiYjhhODkwP2FwaS12ZXJzaW9uPTIwMjItMDgtMTUtcHJldmlldw==",
      "RequestMethod": "GET",
      "RequestHeaders": {
        "x-ms-client-request-id": [
          "1a7af63a-86e1-4612-943d-edd96e154473"
        ],
        "User-Agent": [
          "FxVersion/4.700.22.41602",
          "OSName/Windows",
          "OSVersion/Microsoft.Windows.10.0.19044",
          "Microsoft.Azure.Management.CosmosDB.CosmosDBManagementClient/3.7.0.0"
        ]
      },
      "RequestBody": "",
      "ResponseHeaders": {
        "Cache-Control": [
          "no-store, no-cache"
        ],
        "Pragma": [
          "no-cache"
        ],
        "Strict-Transport-Security": [
          "max-age=31536000; includeSubDomains"
        ],
        "x-ms-gatewayversion": [
          "version=2.14.0"
        ],
        "Server": [
          "Microsoft-HTTPAPI/2.0"
        ],
        "x-ms-ratelimit-remaining-subscription-reads": [
          "11999"
        ],
        "x-ms-request-id": [
          "6a756247-b334-48a3-8b45-cc7e1ad1cf14"
        ],
        "x-ms-correlation-request-id": [
          "6a756247-b334-48a3-8b45-cc7e1ad1cf14"
        ],
        "x-ms-routing-request-id": [
          "EASTUS:20220923T121230Z:6a756247-b334-48a3-8b45-cc7e1ad1cf14"
        ],
        "X-Content-Type-Options": [
          "nosniff"
        ],
        "Date": [
          "Fri, 23 Sep 2022 12:12:30 GMT"
        ],
        "Content-Length": [
          "22"
        ],
        "Content-Type": [
          "application/json"
        ]
      },
      "ResponseBody": "{\r\n  \"status\": \"Succeeded\"\r\n}",
      "StatusCode": 200
    },
    {
      "RequestUri": "/subscriptions/259fbb24-9bcd-4cfc-865c-fc33b22fe38a/providers/Microsoft.DocumentDB/locations/eastus/operationsStatus/4eccb0ad-84d8-4978-8b6b-2f6c0c86108b?api-version=2022-08-15-preview",
      "EncodedRequestUri": "L3N1YnNjcmlwdGlvbnMvMjU5ZmJiMjQtOWJjZC00Y2ZjLTg2NWMtZmMzM2IyMmZlMzhhL3Byb3ZpZGVycy9NaWNyb3NvZnQuRG9jdW1lbnREQi9sb2NhdGlvbnMvZWFzdHVzL29wZXJhdGlvbnNTdGF0dXMvNGVjY2IwYWQtODRkOC00OTc4LThiNmItMmY2YzBjODYxMDhiP2FwaS12ZXJzaW9uPTIwMjItMDgtMTUtcHJldmlldw==",
      "RequestMethod": "GET",
      "RequestHeaders": {
        "x-ms-client-request-id": [
          "52f97dc0-2698-46a5-899d-2a391cdf843b"
        ],
        "User-Agent": [
          "FxVersion/4.700.22.41602",
          "OSName/Windows",
          "OSVersion/Microsoft.Windows.10.0.19044",
          "Microsoft.Azure.Management.CosmosDB.CosmosDBManagementClient/3.7.0.0"
        ]
      },
      "RequestBody": "",
      "ResponseHeaders": {
        "Cache-Control": [
          "no-store, no-cache"
        ],
        "Pragma": [
          "no-cache"
        ],
        "Strict-Transport-Security": [
          "max-age=31536000; includeSubDomains"
        ],
        "x-ms-gatewayversion": [
          "version=2.14.0"
        ],
        "Server": [
          "Microsoft-HTTPAPI/2.0"
        ],
        "x-ms-ratelimit-remaining-subscription-reads": [
          "11996"
        ],
        "x-ms-request-id": [
          "5be1e382-5614-49ad-b60d-bcf8e69ec216"
        ],
        "x-ms-correlation-request-id": [
          "5be1e382-5614-49ad-b60d-bcf8e69ec216"
        ],
        "x-ms-routing-request-id": [
          "EASTUS:20220923T121301Z:5be1e382-5614-49ad-b60d-bcf8e69ec216"
        ],
        "X-Content-Type-Options": [
          "nosniff"
        ],
        "Date": [
          "Fri, 23 Sep 2022 12:13:01 GMT"
        ],
        "Content-Length": [
          "22"
        ],
        "Content-Type": [
          "application/json"
        ]
      },
      "ResponseBody": "{\r\n  \"status\": \"Succeeded\"\r\n}",
      "StatusCode": 200
    },
    {
      "RequestUri": "/subscriptions/259fbb24-9bcd-4cfc-865c-fc33b22fe38a/providers/Microsoft.DocumentDB/locations/eastus/operationsStatus/2c875af6-fa8f-492e-a4fb-4409756c8c55?api-version=2022-08-15-preview",
      "EncodedRequestUri": "L3N1YnNjcmlwdGlvbnMvMjU5ZmJiMjQtOWJjZC00Y2ZjLTg2NWMtZmMzM2IyMmZlMzhhL3Byb3ZpZGVycy9NaWNyb3NvZnQuRG9jdW1lbnREQi9sb2NhdGlvbnMvZWFzdHVzL29wZXJhdGlvbnNTdGF0dXMvMmM4NzVhZjYtZmE4Zi00OTJlLWE0ZmItNDQwOTc1NmM4YzU1P2FwaS12ZXJzaW9uPTIwMjItMDgtMTUtcHJldmlldw==",
      "RequestMethod": "GET",
      "RequestHeaders": {
        "x-ms-client-request-id": [
          "16623cc8-2625-43ee-9cb3-faacaca4e9f8"
        ],
        "User-Agent": [
          "FxVersion/4.700.22.41602",
          "OSName/Windows",
          "OSVersion/Microsoft.Windows.10.0.19044",
          "Microsoft.Azure.Management.CosmosDB.CosmosDBManagementClient/3.7.0.0"
        ]
      },
      "RequestBody": "",
      "ResponseHeaders": {
        "Cache-Control": [
          "no-store, no-cache"
        ],
        "Pragma": [
          "no-cache"
        ],
        "Strict-Transport-Security": [
          "max-age=31536000; includeSubDomains"
        ],
        "x-ms-gatewayversion": [
          "version=2.14.0"
        ],
        "Server": [
          "Microsoft-HTTPAPI/2.0"
        ],
        "x-ms-ratelimit-remaining-subscription-reads": [
          "11988"
        ],
        "x-ms-request-id": [
          "a33baec1-a773-48fc-a9bc-e138db44fbbe"
        ],
        "x-ms-correlation-request-id": [
          "a33baec1-a773-48fc-a9bc-e138db44fbbe"
        ],
        "x-ms-routing-request-id": [
          "EASTUS:20220923T121332Z:a33baec1-a773-48fc-a9bc-e138db44fbbe"
        ],
        "X-Content-Type-Options": [
          "nosniff"
        ],
        "Date": [
          "Fri, 23 Sep 2022 12:13:32 GMT"
        ],
        "Content-Length": [
          "22"
        ],
        "Content-Type": [
          "application/json"
        ]
      },
      "ResponseBody": "{\r\n  \"status\": \"Succeeded\"\r\n}",
      "StatusCode": 200
    },
    {
      "RequestUri": "/subscriptions/259fbb24-9bcd-4cfc-865c-fc33b22fe38a/resourceGroups/CosmosDBResourceGroup45/providers/Microsoft.DocumentDB/databaseAccounts/mongo-db0045/mongodbDatabases/dbName3/collections/collectionName?api-version=2022-08-15-preview",
      "EncodedRequestUri": "L3N1YnNjcmlwdGlvbnMvMjU5ZmJiMjQtOWJjZC00Y2ZjLTg2NWMtZmMzM2IyMmZlMzhhL3Jlc291cmNlR3JvdXBzL0Nvc21vc0RCUmVzb3VyY2VHcm91cDQ1L3Byb3ZpZGVycy9NaWNyb3NvZnQuRG9jdW1lbnREQi9kYXRhYmFzZUFjY291bnRzL21vbmdvLWRiMDA0NS9tb25nb2RiRGF0YWJhc2VzL2RiTmFtZTMvY29sbGVjdGlvbnMvY29sbGVjdGlvbk5hbWU/YXBpLXZlcnNpb249MjAyMi0wOC0xNS1wcmV2aWV3",
      "RequestMethod": "DELETE",
      "RequestHeaders": {
        "x-ms-client-request-id": [
          "910f6d00-bc88-4179-b662-c490e754e1ba"
        ],
        "Accept-Language": [
          "en-US"
        ],
        "User-Agent": [
          "FxVersion/4.700.22.41602",
          "OSName/Windows",
          "OSVersion/Microsoft.Windows.10.0.19044",
          "Microsoft.Azure.Management.CosmosDB.CosmosDBManagementClient/3.7.0.0"
        ]
      },
      "RequestBody": "",
      "ResponseHeaders": {
        "Cache-Control": [
          "no-store, no-cache"
        ],
        "Pragma": [
          "no-cache"
        ],
        "Location": [
          "https://management.azure.com/subscriptions/259fbb24-9bcd-4cfc-865c-fc33b22fe38a/resourceGroups/CosmosDBResourceGroup45/providers/Microsoft.DocumentDB/databaseAccounts/mongo-db0045/mongodbDatabases/dbName3/collections/collectionName/operationResults/b9360ffe-678e-45ce-9e25-32865ba677f7?api-version=2022-08-15-preview"
        ],
        "Azure-AsyncOperation": [
          "https://management.azure.com/subscriptions/259fbb24-9bcd-4cfc-865c-fc33b22fe38a/providers/Microsoft.DocumentDB/locations/eastus/operationsStatus/b9360ffe-678e-45ce-9e25-32865ba677f7?api-version=2022-08-15-preview"
        ],
        "x-ms-request-id": [
          "b9360ffe-678e-45ce-9e25-32865ba677f7"
        ],
        "Strict-Transport-Security": [
          "max-age=31536000; includeSubDomains"
        ],
        "x-ms-gatewayversion": [
          "version=2.14.0"
        ],
        "Server": [
          "Microsoft-HTTPAPI/2.0"
        ],
        "x-ms-ratelimit-remaining-subscription-deletes": [
          "14998"
        ],
        "x-ms-correlation-request-id": [
          "4de5992a-b647-42f2-ad4d-e35b026148f3"
        ],
        "x-ms-routing-request-id": [
          "EASTUS:20220923T121333Z:4de5992a-b647-42f2-ad4d-e35b026148f3"
        ],
        "X-Content-Type-Options": [
          "nosniff"
        ],
        "Date": [
          "Fri, 23 Sep 2022 12:13:32 GMT"
        ],
        "Content-Length": [
          "21"
        ],
        "Content-Type": [
          "application/json"
        ]
      },
      "ResponseBody": "{\r\n  \"status\": \"Enqueued\"\r\n}",
      "StatusCode": 202
    },
    {
      "RequestUri": "/subscriptions/259fbb24-9bcd-4cfc-865c-fc33b22fe38a/resourceGroups/CosmosDBResourceGroup45/providers/Microsoft.DocumentDB/databaseAccounts/mongo-db0045/mongodbDatabases/dbName3/collections/collectionName?api-version=2022-08-15-preview",
      "EncodedRequestUri": "L3N1YnNjcmlwdGlvbnMvMjU5ZmJiMjQtOWJjZC00Y2ZjLTg2NWMtZmMzM2IyMmZlMzhhL3Jlc291cmNlR3JvdXBzL0Nvc21vc0RCUmVzb3VyY2VHcm91cDQ1L3Byb3ZpZGVycy9NaWNyb3NvZnQuRG9jdW1lbnREQi9kYXRhYmFzZUFjY291bnRzL21vbmdvLWRiMDA0NS9tb25nb2RiRGF0YWJhc2VzL2RiTmFtZTMvY29sbGVjdGlvbnMvY29sbGVjdGlvbk5hbWU/YXBpLXZlcnNpb249MjAyMi0wOC0xNS1wcmV2aWV3",
      "RequestMethod": "DELETE",
      "RequestHeaders": {
        "x-ms-client-request-id": [
          "403f5ec3-4aa1-49fd-8d4b-6f26af79c719"
        ],
        "Accept-Language": [
          "en-US"
        ],
        "User-Agent": [
          "FxVersion/4.700.22.41602",
          "OSName/Windows",
          "OSVersion/Microsoft.Windows.10.0.19044",
          "Microsoft.Azure.Management.CosmosDB.CosmosDBManagementClient/3.7.0.0"
        ]
      },
      "RequestBody": "",
      "ResponseHeaders": {
        "Cache-Control": [
          "no-store, no-cache"
        ],
        "Pragma": [
          "no-cache"
        ],
        "Location": [
          "https://management.azure.com/subscriptions/259fbb24-9bcd-4cfc-865c-fc33b22fe38a/resourceGroups/CosmosDBResourceGroup45/providers/Microsoft.DocumentDB/databaseAccounts/mongo-db0045/mongodbDatabases/dbName3/collections/collectionName/operationResults/724988fd-7c0d-4687-80f8-67adbeb1a10d?api-version=2022-08-15-preview"
        ],
        "Azure-AsyncOperation": [
          "https://management.azure.com/subscriptions/259fbb24-9bcd-4cfc-865c-fc33b22fe38a/providers/Microsoft.DocumentDB/locations/eastus/operationsStatus/724988fd-7c0d-4687-80f8-67adbeb1a10d?api-version=2022-08-15-preview"
        ],
        "x-ms-request-id": [
          "724988fd-7c0d-4687-80f8-67adbeb1a10d"
        ],
        "Strict-Transport-Security": [
          "max-age=31536000; includeSubDomains"
        ],
        "x-ms-gatewayversion": [
          "version=2.14.0"
        ],
        "Server": [
          "Microsoft-HTTPAPI/2.0"
        ],
        "x-ms-ratelimit-remaining-subscription-deletes": [
          "14995"
        ],
        "x-ms-correlation-request-id": [
          "79a8d60d-66bb-4a0d-b0e4-a834964db68c"
        ],
        "x-ms-routing-request-id": [
          "EASTUS:20220923T121434Z:79a8d60d-66bb-4a0d-b0e4-a834964db68c"
        ],
        "X-Content-Type-Options": [
          "nosniff"
        ],
        "Date": [
          "Fri, 23 Sep 2022 12:14:34 GMT"
        ],
        "Content-Length": [
          "21"
        ],
        "Content-Type": [
          "application/json"
        ]
      },
      "ResponseBody": "{\r\n  \"status\": \"Enqueued\"\r\n}",
      "StatusCode": 202
    },
    {
      "RequestUri": "/subscriptions/259fbb24-9bcd-4cfc-865c-fc33b22fe38a/providers/Microsoft.DocumentDB/locations/eastus/operationsStatus/b9360ffe-678e-45ce-9e25-32865ba677f7?api-version=2022-08-15-preview",
      "EncodedRequestUri": "L3N1YnNjcmlwdGlvbnMvMjU5ZmJiMjQtOWJjZC00Y2ZjLTg2NWMtZmMzM2IyMmZlMzhhL3Byb3ZpZGVycy9NaWNyb3NvZnQuRG9jdW1lbnREQi9sb2NhdGlvbnMvZWFzdHVzL29wZXJhdGlvbnNTdGF0dXMvYjkzNjBmZmUtNjc4ZS00NWNlLTllMjUtMzI4NjViYTY3N2Y3P2FwaS12ZXJzaW9uPTIwMjItMDgtMTUtcHJldmlldw==",
      "RequestMethod": "GET",
      "RequestHeaders": {
        "x-ms-client-request-id": [
          "910f6d00-bc88-4179-b662-c490e754e1ba"
        ],
        "User-Agent": [
          "FxVersion/4.700.22.41602",
          "OSName/Windows",
          "OSVersion/Microsoft.Windows.10.0.19044",
          "Microsoft.Azure.Management.CosmosDB.CosmosDBManagementClient/3.7.0.0"
        ]
      },
      "RequestBody": "",
      "ResponseHeaders": {
        "Cache-Control": [
          "no-store, no-cache"
        ],
        "Pragma": [
          "no-cache"
        ],
        "Strict-Transport-Security": [
          "max-age=31536000; includeSubDomains"
        ],
        "x-ms-gatewayversion": [
          "version=2.14.0"
        ],
        "Server": [
          "Microsoft-HTTPAPI/2.0"
        ],
        "x-ms-ratelimit-remaining-subscription-reads": [
          "11995"
        ],
        "x-ms-request-id": [
          "d74eb2f5-3e2b-4134-a9f5-6eb0b2264fca"
        ],
        "x-ms-correlation-request-id": [
          "d74eb2f5-3e2b-4134-a9f5-6eb0b2264fca"
        ],
        "x-ms-routing-request-id": [
          "EASTUS:20220923T121403Z:d74eb2f5-3e2b-4134-a9f5-6eb0b2264fca"
        ],
        "X-Content-Type-Options": [
          "nosniff"
        ],
        "Date": [
          "Fri, 23 Sep 2022 12:14:02 GMT"
        ],
        "Content-Length": [
          "22"
        ],
        "Content-Type": [
          "application/json"
        ]
      },
      "ResponseBody": "{\r\n  \"status\": \"Succeeded\"\r\n}",
      "StatusCode": 200
    },
    {
      "RequestUri": "/subscriptions/259fbb24-9bcd-4cfc-865c-fc33b22fe38a/resourceGroups/CosmosDBResourceGroup45/providers/Microsoft.DocumentDB/databaseAccounts/mongo-db0045/mongodbDatabases/dbName3/collections/collectionName/operationResults/b9360ffe-678e-45ce-9e25-32865ba677f7?api-version=2022-08-15-preview",
      "EncodedRequestUri": "L3N1YnNjcmlwdGlvbnMvMjU5ZmJiMjQtOWJjZC00Y2ZjLTg2NWMtZmMzM2IyMmZlMzhhL3Jlc291cmNlR3JvdXBzL0Nvc21vc0RCUmVzb3VyY2VHcm91cDQ1L3Byb3ZpZGVycy9NaWNyb3NvZnQuRG9jdW1lbnREQi9kYXRhYmFzZUFjY291bnRzL21vbmdvLWRiMDA0NS9tb25nb2RiRGF0YWJhc2VzL2RiTmFtZTMvY29sbGVjdGlvbnMvY29sbGVjdGlvbk5hbWUvb3BlcmF0aW9uUmVzdWx0cy9iOTM2MGZmZS02NzhlLTQ1Y2UtOWUyNS0zMjg2NWJhNjc3Zjc/YXBpLXZlcnNpb249MjAyMi0wOC0xNS1wcmV2aWV3",
      "RequestMethod": "GET",
      "RequestHeaders": {
        "x-ms-client-request-id": [
          "910f6d00-bc88-4179-b662-c490e754e1ba"
        ],
        "User-Agent": [
          "FxVersion/4.700.22.41602",
          "OSName/Windows",
          "OSVersion/Microsoft.Windows.10.0.19044",
          "Microsoft.Azure.Management.CosmosDB.CosmosDBManagementClient/3.7.0.0"
        ]
      },
      "RequestBody": "",
      "ResponseHeaders": {
        "Cache-Control": [
          "no-store, no-cache"
        ],
        "Pragma": [
          "no-cache"
        ],
        "Strict-Transport-Security": [
          "max-age=31536000; includeSubDomains"
        ],
        "x-ms-gatewayversion": [
          "version=2.14.0"
        ],
        "Server": [
          "Microsoft-HTTPAPI/2.0"
        ],
        "x-ms-ratelimit-remaining-subscription-reads": [
          "11994"
        ],
        "x-ms-request-id": [
          "6fb59ce0-90a7-40b1-a14c-cd4dcd2b9475"
        ],
        "x-ms-correlation-request-id": [
          "6fb59ce0-90a7-40b1-a14c-cd4dcd2b9475"
        ],
        "x-ms-routing-request-id": [
          "EASTUS:20220923T121403Z:6fb59ce0-90a7-40b1-a14c-cd4dcd2b9475"
        ],
        "X-Content-Type-Options": [
          "nosniff"
        ],
        "Date": [
          "Fri, 23 Sep 2022 12:14:02 GMT"
        ],
        "Content-Type": [
          "application/json"
        ]
      },
      "ResponseBody": "",
      "StatusCode": 204
    },
    {
      "RequestUri": "/subscriptions/259fbb24-9bcd-4cfc-865c-fc33b22fe38a/resourceGroups/CosmosDBResourceGroup45/providers/Microsoft.DocumentDB/databaseAccounts/mongo-db0045/mongodbDatabases/dbName3?api-version=2022-08-15-preview",
      "EncodedRequestUri": "L3N1YnNjcmlwdGlvbnMvMjU5ZmJiMjQtOWJjZC00Y2ZjLTg2NWMtZmMzM2IyMmZlMzhhL3Jlc291cmNlR3JvdXBzL0Nvc21vc0RCUmVzb3VyY2VHcm91cDQ1L3Byb3ZpZGVycy9NaWNyb3NvZnQuRG9jdW1lbnREQi9kYXRhYmFzZUFjY291bnRzL21vbmdvLWRiMDA0NS9tb25nb2RiRGF0YWJhc2VzL2RiTmFtZTM/YXBpLXZlcnNpb249MjAyMi0wOC0xNS1wcmV2aWV3",
      "RequestMethod": "DELETE",
      "RequestHeaders": {
        "x-ms-client-request-id": [
          "2948bce4-21cd-4e59-ba67-227170a7b155"
        ],
        "Accept-Language": [
          "en-US"
        ],
        "User-Agent": [
          "FxVersion/4.700.22.41602",
          "OSName/Windows",
          "OSVersion/Microsoft.Windows.10.0.19044",
          "Microsoft.Azure.Management.CosmosDB.CosmosDBManagementClient/3.7.0.0"
        ]
      },
      "RequestBody": "",
      "ResponseHeaders": {
        "Cache-Control": [
          "no-store, no-cache"
        ],
        "Pragma": [
          "no-cache"
        ],
        "Location": [
          "https://management.azure.com/subscriptions/259fbb24-9bcd-4cfc-865c-fc33b22fe38a/resourceGroups/CosmosDBResourceGroup45/providers/Microsoft.DocumentDB/databaseAccounts/mongo-db0045/mongodbDatabases/dbName3/operationResults/20bbf5b4-f54b-489a-be6b-65e5650b4882?api-version=2022-08-15-preview"
        ],
        "Azure-AsyncOperation": [
          "https://management.azure.com/subscriptions/259fbb24-9bcd-4cfc-865c-fc33b22fe38a/providers/Microsoft.DocumentDB/locations/eastus/operationsStatus/20bbf5b4-f54b-489a-be6b-65e5650b4882?api-version=2022-08-15-preview"
        ],
        "x-ms-request-id": [
          "20bbf5b4-f54b-489a-be6b-65e5650b4882"
        ],
        "Strict-Transport-Security": [
          "max-age=31536000; includeSubDomains"
        ],
        "x-ms-gatewayversion": [
          "version=2.14.0"
        ],
        "Server": [
          "Microsoft-HTTPAPI/2.0"
        ],
        "x-ms-ratelimit-remaining-subscription-deletes": [
          "14996"
        ],
        "x-ms-correlation-request-id": [
          "8d7ba821-2791-4503-9bce-9638b5994d9a"
        ],
        "x-ms-routing-request-id": [
          "EASTUS:20220923T121403Z:8d7ba821-2791-4503-9bce-9638b5994d9a"
        ],
        "X-Content-Type-Options": [
          "nosniff"
        ],
        "Date": [
          "Fri, 23 Sep 2022 12:14:03 GMT"
        ],
        "Content-Length": [
          "21"
        ],
        "Content-Type": [
          "application/json"
        ]
      },
      "ResponseBody": "{\r\n  \"status\": \"Enqueued\"\r\n}",
      "StatusCode": 202
    },
    {
      "RequestUri": "/subscriptions/259fbb24-9bcd-4cfc-865c-fc33b22fe38a/resourceGroups/CosmosDBResourceGroup45/providers/Microsoft.DocumentDB/databaseAccounts/mongo-db0045/mongodbDatabases/dbName3?api-version=2022-08-15-preview",
      "EncodedRequestUri": "L3N1YnNjcmlwdGlvbnMvMjU5ZmJiMjQtOWJjZC00Y2ZjLTg2NWMtZmMzM2IyMmZlMzhhL3Jlc291cmNlR3JvdXBzL0Nvc21vc0RCUmVzb3VyY2VHcm91cDQ1L3Byb3ZpZGVycy9NaWNyb3NvZnQuRG9jdW1lbnREQi9kYXRhYmFzZUFjY291bnRzL21vbmdvLWRiMDA0NS9tb25nb2RiRGF0YWJhc2VzL2RiTmFtZTM/YXBpLXZlcnNpb249MjAyMi0wOC0xNS1wcmV2aWV3",
      "RequestMethod": "DELETE",
      "RequestHeaders": {
        "x-ms-client-request-id": [
          "108d2854-e400-4207-acda-4eb0ee3cf92d"
        ],
        "Accept-Language": [
          "en-US"
        ],
        "User-Agent": [
          "FxVersion/4.700.22.41602",
          "OSName/Windows",
          "OSVersion/Microsoft.Windows.10.0.19044",
          "Microsoft.Azure.Management.CosmosDB.CosmosDBManagementClient/3.7.0.0"
        ]
      },
      "RequestBody": "",
      "ResponseHeaders": {
        "Cache-Control": [
          "no-store, no-cache"
        ],
        "Pragma": [
          "no-cache"
        ],
        "Location": [
          "https://management.azure.com/subscriptions/259fbb24-9bcd-4cfc-865c-fc33b22fe38a/resourceGroups/CosmosDBResourceGroup45/providers/Microsoft.DocumentDB/databaseAccounts/mongo-db0045/mongodbDatabases/dbName3/operationResults/13a80d5a-a4eb-4545-88d0-0c10ca53eb6a?api-version=2022-08-15-preview"
        ],
        "Azure-AsyncOperation": [
          "https://management.azure.com/subscriptions/259fbb24-9bcd-4cfc-865c-fc33b22fe38a/providers/Microsoft.DocumentDB/locations/eastus/operationsStatus/13a80d5a-a4eb-4545-88d0-0c10ca53eb6a?api-version=2022-08-15-preview"
        ],
        "x-ms-request-id": [
          "13a80d5a-a4eb-4545-88d0-0c10ca53eb6a"
        ],
        "Strict-Transport-Security": [
          "max-age=31536000; includeSubDomains"
        ],
        "x-ms-gatewayversion": [
          "version=2.14.0"
        ],
        "Server": [
          "Microsoft-HTTPAPI/2.0"
        ],
        "x-ms-ratelimit-remaining-subscription-deletes": [
          "14998"
        ],
        "x-ms-correlation-request-id": [
          "965e6032-b999-42c9-83eb-7d348e422da9"
        ],
        "x-ms-routing-request-id": [
          "EASTUS:20220923T121505Z:965e6032-b999-42c9-83eb-7d348e422da9"
        ],
        "X-Content-Type-Options": [
          "nosniff"
        ],
        "Date": [
          "Fri, 23 Sep 2022 12:15:04 GMT"
        ],
        "Content-Length": [
          "21"
        ],
        "Content-Type": [
          "application/json"
        ]
      },
      "ResponseBody": "{\r\n  \"status\": \"Enqueued\"\r\n}",
      "StatusCode": 202
    },
    {
      "RequestUri": "/subscriptions/259fbb24-9bcd-4cfc-865c-fc33b22fe38a/providers/Microsoft.DocumentDB/locations/eastus/operationsStatus/20bbf5b4-f54b-489a-be6b-65e5650b4882?api-version=2022-08-15-preview",
      "EncodedRequestUri": "L3N1YnNjcmlwdGlvbnMvMjU5ZmJiMjQtOWJjZC00Y2ZjLTg2NWMtZmMzM2IyMmZlMzhhL3Byb3ZpZGVycy9NaWNyb3NvZnQuRG9jdW1lbnREQi9sb2NhdGlvbnMvZWFzdHVzL29wZXJhdGlvbnNTdGF0dXMvMjBiYmY1YjQtZjU0Yi00ODlhLWJlNmItNjVlNTY1MGI0ODgyP2FwaS12ZXJzaW9uPTIwMjItMDgtMTUtcHJldmlldw==",
      "RequestMethod": "GET",
      "RequestHeaders": {
        "x-ms-client-request-id": [
          "2948bce4-21cd-4e59-ba67-227170a7b155"
        ],
        "User-Agent": [
          "FxVersion/4.700.22.41602",
          "OSName/Windows",
          "OSVersion/Microsoft.Windows.10.0.19044",
          "Microsoft.Azure.Management.CosmosDB.CosmosDBManagementClient/3.7.0.0"
        ]
      },
      "RequestBody": "",
      "ResponseHeaders": {
        "Cache-Control": [
          "no-store, no-cache"
        ],
        "Pragma": [
          "no-cache"
        ],
        "Strict-Transport-Security": [
          "max-age=31536000; includeSubDomains"
        ],
        "x-ms-gatewayversion": [
          "version=2.14.0"
        ],
        "Server": [
          "Microsoft-HTTPAPI/2.0"
        ],
        "x-ms-ratelimit-remaining-subscription-reads": [
          "11970"
        ],
        "x-ms-request-id": [
          "7ea91a2f-0408-455c-bee9-beaddd384bab"
        ],
        "x-ms-correlation-request-id": [
          "7ea91a2f-0408-455c-bee9-beaddd384bab"
        ],
        "x-ms-routing-request-id": [
          "EASTUS:20220923T121433Z:7ea91a2f-0408-455c-bee9-beaddd384bab"
        ],
        "X-Content-Type-Options": [
          "nosniff"
        ],
        "Date": [
          "Fri, 23 Sep 2022 12:14:32 GMT"
        ],
        "Content-Length": [
          "22"
        ],
        "Content-Type": [
          "application/json"
        ]
      },
      "ResponseBody": "{\r\n  \"status\": \"Succeeded\"\r\n}",
      "StatusCode": 200
    },
    {
      "RequestUri": "/subscriptions/259fbb24-9bcd-4cfc-865c-fc33b22fe38a/resourceGroups/CosmosDBResourceGroup45/providers/Microsoft.DocumentDB/databaseAccounts/mongo-db0045/mongodbDatabases/dbName3/operationResults/20bbf5b4-f54b-489a-be6b-65e5650b4882?api-version=2022-08-15-preview",
      "EncodedRequestUri": "L3N1YnNjcmlwdGlvbnMvMjU5ZmJiMjQtOWJjZC00Y2ZjLTg2NWMtZmMzM2IyMmZlMzhhL3Jlc291cmNlR3JvdXBzL0Nvc21vc0RCUmVzb3VyY2VHcm91cDQ1L3Byb3ZpZGVycy9NaWNyb3NvZnQuRG9jdW1lbnREQi9kYXRhYmFzZUFjY291bnRzL21vbmdvLWRiMDA0NS9tb25nb2RiRGF0YWJhc2VzL2RiTmFtZTMvb3BlcmF0aW9uUmVzdWx0cy8yMGJiZjViNC1mNTRiLTQ4OWEtYmU2Yi02NWU1NjUwYjQ4ODI/YXBpLXZlcnNpb249MjAyMi0wOC0xNS1wcmV2aWV3",
      "RequestMethod": "GET",
      "RequestHeaders": {
        "x-ms-client-request-id": [
          "2948bce4-21cd-4e59-ba67-227170a7b155"
        ],
        "User-Agent": [
          "FxVersion/4.700.22.41602",
          "OSName/Windows",
          "OSVersion/Microsoft.Windows.10.0.19044",
          "Microsoft.Azure.Management.CosmosDB.CosmosDBManagementClient/3.7.0.0"
        ]
      },
      "RequestBody": "",
      "ResponseHeaders": {
        "Cache-Control": [
          "no-store, no-cache"
        ],
        "Pragma": [
          "no-cache"
        ],
        "Strict-Transport-Security": [
          "max-age=31536000; includeSubDomains"
        ],
        "x-ms-gatewayversion": [
          "version=2.14.0"
        ],
        "Server": [
          "Microsoft-HTTPAPI/2.0"
        ],
        "x-ms-ratelimit-remaining-subscription-reads": [
          "11969"
        ],
        "x-ms-request-id": [
          "e8597e79-7382-4f4a-a915-eeb794d70fc1"
        ],
        "x-ms-correlation-request-id": [
          "e8597e79-7382-4f4a-a915-eeb794d70fc1"
        ],
        "x-ms-routing-request-id": [
          "EASTUS:20220923T121433Z:e8597e79-7382-4f4a-a915-eeb794d70fc1"
        ],
        "X-Content-Type-Options": [
          "nosniff"
        ],
        "Date": [
          "Fri, 23 Sep 2022 12:14:32 GMT"
        ],
        "Content-Type": [
          "application/json"
        ]
      },
      "ResponseBody": "",
      "StatusCode": 204
    },
    {
      "RequestUri": "/subscriptions/259fbb24-9bcd-4cfc-865c-fc33b22fe38a/providers/Microsoft.DocumentDB/locations/eastus/operationsStatus/724988fd-7c0d-4687-80f8-67adbeb1a10d?api-version=2022-08-15-preview",
      "EncodedRequestUri": "L3N1YnNjcmlwdGlvbnMvMjU5ZmJiMjQtOWJjZC00Y2ZjLTg2NWMtZmMzM2IyMmZlMzhhL3Byb3ZpZGVycy9NaWNyb3NvZnQuRG9jdW1lbnREQi9sb2NhdGlvbnMvZWFzdHVzL29wZXJhdGlvbnNTdGF0dXMvNzI0OTg4ZmQtN2MwZC00Njg3LTgwZjgtNjdhZGJlYjFhMTBkP2FwaS12ZXJzaW9uPTIwMjItMDgtMTUtcHJldmlldw==",
      "RequestMethod": "GET",
      "RequestHeaders": {
        "x-ms-client-request-id": [
          "403f5ec3-4aa1-49fd-8d4b-6f26af79c719"
        ],
        "User-Agent": [
          "FxVersion/4.700.22.41602",
          "OSName/Windows",
          "OSVersion/Microsoft.Windows.10.0.19044",
          "Microsoft.Azure.Management.CosmosDB.CosmosDBManagementClient/3.7.0.0"
        ]
      },
      "RequestBody": "",
      "ResponseHeaders": {
        "Cache-Control": [
          "no-store, no-cache"
        ],
        "Pragma": [
          "no-cache"
        ],
        "Strict-Transport-Security": [
          "max-age=31536000; includeSubDomains"
        ],
        "x-ms-gatewayversion": [
          "version=2.14.0"
        ],
        "Server": [
          "Microsoft-HTTPAPI/2.0"
        ],
        "x-ms-ratelimit-remaining-subscription-reads": [
          "11980"
        ],
        "x-ms-request-id": [
          "68ed944d-a22a-4e65-b489-c5cd04d1ac05"
        ],
        "x-ms-correlation-request-id": [
          "68ed944d-a22a-4e65-b489-c5cd04d1ac05"
        ],
        "x-ms-routing-request-id": [
          "EASTUS:20220923T121504Z:68ed944d-a22a-4e65-b489-c5cd04d1ac05"
        ],
        "X-Content-Type-Options": [
          "nosniff"
        ],
        "Date": [
          "Fri, 23 Sep 2022 12:15:04 GMT"
        ],
        "Content-Length": [
          "22"
        ],
        "Content-Type": [
          "application/json"
        ]
      },
      "ResponseBody": "{\r\n  \"status\": \"Succeeded\"\r\n}",
      "StatusCode": 200
    },
    {
      "RequestUri": "/subscriptions/259fbb24-9bcd-4cfc-865c-fc33b22fe38a/resourceGroups/CosmosDBResourceGroup45/providers/Microsoft.DocumentDB/databaseAccounts/mongo-db0045/mongodbDatabases/dbName3/collections/collectionName/operationResults/724988fd-7c0d-4687-80f8-67adbeb1a10d?api-version=2022-08-15-preview",
      "EncodedRequestUri": "L3N1YnNjcmlwdGlvbnMvMjU5ZmJiMjQtOWJjZC00Y2ZjLTg2NWMtZmMzM2IyMmZlMzhhL3Jlc291cmNlR3JvdXBzL0Nvc21vc0RCUmVzb3VyY2VHcm91cDQ1L3Byb3ZpZGVycy9NaWNyb3NvZnQuRG9jdW1lbnREQi9kYXRhYmFzZUFjY291bnRzL21vbmdvLWRiMDA0NS9tb25nb2RiRGF0YWJhc2VzL2RiTmFtZTMvY29sbGVjdGlvbnMvY29sbGVjdGlvbk5hbWUvb3BlcmF0aW9uUmVzdWx0cy83MjQ5ODhmZC03YzBkLTQ2ODctODBmOC02N2FkYmViMWExMGQ/YXBpLXZlcnNpb249MjAyMi0wOC0xNS1wcmV2aWV3",
      "RequestMethod": "GET",
      "RequestHeaders": {
        "x-ms-client-request-id": [
          "403f5ec3-4aa1-49fd-8d4b-6f26af79c719"
        ],
        "User-Agent": [
          "FxVersion/4.700.22.41602",
          "OSName/Windows",
          "OSVersion/Microsoft.Windows.10.0.19044",
          "Microsoft.Azure.Management.CosmosDB.CosmosDBManagementClient/3.7.0.0"
        ]
      },
      "RequestBody": "",
      "ResponseHeaders": {
        "Cache-Control": [
          "no-store, no-cache"
        ],
        "Pragma": [
          "no-cache"
        ],
        "Strict-Transport-Security": [
          "max-age=31536000; includeSubDomains"
        ],
        "x-ms-gatewayversion": [
          "version=2.14.0"
        ],
        "Server": [
          "Microsoft-HTTPAPI/2.0"
        ],
        "x-ms-ratelimit-remaining-subscription-reads": [
          "11979"
        ],
        "x-ms-request-id": [
          "aeac44ab-e643-4b34-9704-97d2aa20c672"
        ],
        "x-ms-correlation-request-id": [
          "aeac44ab-e643-4b34-9704-97d2aa20c672"
        ],
        "x-ms-routing-request-id": [
          "EASTUS:20220923T121504Z:aeac44ab-e643-4b34-9704-97d2aa20c672"
        ],
        "X-Content-Type-Options": [
          "nosniff"
        ],
        "Date": [
          "Fri, 23 Sep 2022 12:15:04 GMT"
        ],
        "Content-Type": [
          "application/json"
        ]
      },
      "ResponseBody": "",
      "StatusCode": 204
    },
    {
      "RequestUri": "/subscriptions/259fbb24-9bcd-4cfc-865c-fc33b22fe38a/providers/Microsoft.DocumentDB/locations/eastus/operationsStatus/13a80d5a-a4eb-4545-88d0-0c10ca53eb6a?api-version=2022-08-15-preview",
      "EncodedRequestUri": "L3N1YnNjcmlwdGlvbnMvMjU5ZmJiMjQtOWJjZC00Y2ZjLTg2NWMtZmMzM2IyMmZlMzhhL3Byb3ZpZGVycy9NaWNyb3NvZnQuRG9jdW1lbnREQi9sb2NhdGlvbnMvZWFzdHVzL29wZXJhdGlvbnNTdGF0dXMvMTNhODBkNWEtYTRlYi00NTQ1LTg4ZDAtMGMxMGNhNTNlYjZhP2FwaS12ZXJzaW9uPTIwMjItMDgtMTUtcHJldmlldw==",
      "RequestMethod": "GET",
      "RequestHeaders": {
        "x-ms-client-request-id": [
          "108d2854-e400-4207-acda-4eb0ee3cf92d"
        ],
        "User-Agent": [
          "FxVersion/4.700.22.41602",
          "OSName/Windows",
          "OSVersion/Microsoft.Windows.10.0.19044",
          "Microsoft.Azure.Management.CosmosDB.CosmosDBManagementClient/3.7.0.0"
        ]
      },
      "RequestBody": "",
      "ResponseHeaders": {
        "Cache-Control": [
          "no-store, no-cache"
        ],
        "Pragma": [
          "no-cache"
        ],
        "Strict-Transport-Security": [
          "max-age=31536000; includeSubDomains"
        ],
        "x-ms-gatewayversion": [
          "version=2.14.0"
        ],
        "Server": [
          "Microsoft-HTTPAPI/2.0"
        ],
        "x-ms-ratelimit-remaining-subscription-reads": [
          "11991"
        ],
        "x-ms-request-id": [
          "ac71f263-1716-43ab-ad2c-101a5955f59f"
        ],
        "x-ms-correlation-request-id": [
          "ac71f263-1716-43ab-ad2c-101a5955f59f"
        ],
        "x-ms-routing-request-id": [
          "EASTUS:20220923T121535Z:ac71f263-1716-43ab-ad2c-101a5955f59f"
        ],
        "X-Content-Type-Options": [
          "nosniff"
        ],
        "Date": [
          "Fri, 23 Sep 2022 12:15:34 GMT"
        ],
        "Content-Length": [
          "22"
        ],
        "Content-Type": [
          "application/json"
        ]
      },
      "ResponseBody": "{\r\n  \"status\": \"Succeeded\"\r\n}",
      "StatusCode": 200
    },
    {
      "RequestUri": "/subscriptions/259fbb24-9bcd-4cfc-865c-fc33b22fe38a/resourceGroups/CosmosDBResourceGroup45/providers/Microsoft.DocumentDB/databaseAccounts/mongo-db0045/mongodbDatabases/dbName3/operationResults/13a80d5a-a4eb-4545-88d0-0c10ca53eb6a?api-version=2022-08-15-preview",
      "EncodedRequestUri": "L3N1YnNjcmlwdGlvbnMvMjU5ZmJiMjQtOWJjZC00Y2ZjLTg2NWMtZmMzM2IyMmZlMzhhL3Jlc291cmNlR3JvdXBzL0Nvc21vc0RCUmVzb3VyY2VHcm91cDQ1L3Byb3ZpZGVycy9NaWNyb3NvZnQuRG9jdW1lbnREQi9kYXRhYmFzZUFjY291bnRzL21vbmdvLWRiMDA0NS9tb25nb2RiRGF0YWJhc2VzL2RiTmFtZTMvb3BlcmF0aW9uUmVzdWx0cy8xM2E4MGQ1YS1hNGViLTQ1NDUtODhkMC0wYzEwY2E1M2ViNmE/YXBpLXZlcnNpb249MjAyMi0wOC0xNS1wcmV2aWV3",
      "RequestMethod": "GET",
      "RequestHeaders": {
        "x-ms-client-request-id": [
          "108d2854-e400-4207-acda-4eb0ee3cf92d"
        ],
        "User-Agent": [
          "FxVersion/4.700.22.41602",
          "OSName/Windows",
          "OSVersion/Microsoft.Windows.10.0.19044",
          "Microsoft.Azure.Management.CosmosDB.CosmosDBManagementClient/3.7.0.0"
        ]
      },
      "RequestBody": "",
      "ResponseHeaders": {
        "Cache-Control": [
          "no-store, no-cache"
        ],
        "Pragma": [
          "no-cache"
        ],
        "Strict-Transport-Security": [
          "max-age=31536000; includeSubDomains"
        ],
        "x-ms-gatewayversion": [
          "version=2.14.0"
        ],
        "Server": [
          "Microsoft-HTTPAPI/2.0"
        ],
        "x-ms-ratelimit-remaining-subscription-reads": [
          "11990"
        ],
        "x-ms-request-id": [
          "78ae7ffa-41fe-4ab3-b799-512f37d3454f"
        ],
        "x-ms-correlation-request-id": [
          "78ae7ffa-41fe-4ab3-b799-512f37d3454f"
        ],
        "x-ms-routing-request-id": [
          "EASTUS:20220923T121535Z:78ae7ffa-41fe-4ab3-b799-512f37d3454f"
        ],
        "X-Content-Type-Options": [
          "nosniff"
        ],
        "Date": [
          "Fri, 23 Sep 2022 12:15:34 GMT"
        ],
        "Content-Type": [
          "application/json"
        ]
      },
      "ResponseBody": "",
      "StatusCode": 204
    }
  ],
  "Names": {},
  "Variables": {}
}