{
  "Entries": [
    {
      "RequestUri": "/subscriptions/12053b8f-cab5-4f5c-9c1a-870580142abd/resourceGroups/CosmosDBResourceGroup3668/providers/Microsoft.DocumentDB/databaseAccounts/db001/mongodbDatabases/dbName3?api-version=2021-01-15",
      "EncodedRequestUri": "L3N1YnNjcmlwdGlvbnMvMTIwNTNiOGYtY2FiNS00ZjVjLTljMWEtODcwNTgwMTQyYWJkL3Jlc291cmNlR3JvdXBzL0Nvc21vc0RCUmVzb3VyY2VHcm91cDM2NjgvcHJvdmlkZXJzL01pY3Jvc29mdC5Eb2N1bWVudERCL2RhdGFiYXNlQWNjb3VudHMvZGIwMDEvbW9uZ29kYkRhdGFiYXNlcy9kYk5hbWUzP2FwaS12ZXJzaW9uPTIwMjEtMDEtMTU=",
      "RequestMethod": "GET",
      "RequestBody": "",
      "RequestHeaders": {
        "x-ms-client-request-id": [
          "bad016da-c8b1-42e2-98b1-378a4d1307c5"
        ],
        "Accept-Language": [
          "en-US"
        ],
        "User-Agent": [
          "FxVersion/4.6.29719.03",
          "OSName/Windows",
          "OSVersion/Microsoft.Windows.10.0.19042.",
          "Microsoft.Azure.Management.CosmosDB.CosmosDBManagementClient/2.0.0.0"
        ]
      },
      "ResponseHeaders": {
        "Cache-Control": [
          "no-store, no-cache"
        ],
        "Pragma": [
          "no-cache"
        ],
        "Strict-Transport-Security": [
          "max-age=31536000; includeSubDomains"
        ],
        "x-ms-gatewayversion": [
          "version=2.11.0"
        ],
        "Server": [
          "Microsoft-HTTPAPI/2.0"
        ],
        "x-ms-ratelimit-remaining-subscription-reads": [
          "11997"
        ],
        "x-ms-request-id": [
          "cb847348-332b-4a51-b8a8-23677def6a6e"
        ],
        "x-ms-correlation-request-id": [
          "cb847348-332b-4a51-b8a8-23677def6a6e"
        ],
        "x-ms-routing-request-id": [
          "WESTUS2:20210213T030319Z:cb847348-332b-4a51-b8a8-23677def6a6e"
        ],
        "X-Content-Type-Options": [
          "nosniff"
        ],
        "Date": [
          "Sat, 13 Feb 2021 03:03:19 GMT"
        ],
        "Content-Length": [
          "1779"
        ],
        "Content-Type": [
          "application/json"
        ]
      },
      "ResponseBody": "{\r\n  \"code\": \"NotFound\",\r\n  \"message\": \"Message: {\\\"code\\\":\\\"NotFound\\\",\\\"message\\\":\\\"Message: {\\\\\\\"Errors\\\\\\\":[\\\\\\\"Resource Not Found. Learn more: https:\\\\\\\\/\\\\\\\\/aka.ms\\\\\\\\/cosmosdb-tsg-not-found\\\\\\\"]}\\\\r\\\\nActivityId: bad016da-c8b1-42e2-98b1-378a4d1307c5, Request URI: /apps/f16794f1-66f3-4163-8d3e-7f76cdcef6a7/services/1b0b2282-67d8-4dab-ac7c-2032b455f5d3/partitions/3d375b6b-206c-4ff3-8979-be675cb87f79/replicas/132516802782246260s, RequestStats: \\\\r\\\\nRequestStartTime: 2021-02-13T03:03:19.6278448Z, RequestEndTime: 2021-02-13T03:03:19.6278448Z,  Number of regions attempted:1\\\\r\\\\nResponseTime: 2021-02-13T03:03:19.6278448Z, StoreResult: StorePhysicalAddress: rntbd://10.0.0.24:11000/apps/f16794f1-66f3-4163-8d3e-7f76cdcef6a7/services/1b0b2282-67d8-4dab-ac7c-2032b455f5d3/partitions/3d375b6b-206c-4ff3-8979-be675cb87f79/replicas/132516802782246260s, LSN: 1417, GlobalCommittedLsn: 1417, PartitionKeyRangeId: , IsValid: True, StatusCode: 404, SubStatusCode: 0, RequestCharge: 1, ItemLSN: -1, SessionToken: -1#1417, UsingLocalLSN: False, TransportException: null, ResourceType: Database, OperationType: Read\\\\r\\\\nResponseTime: 2021-02-13T03:03:19.6278448Z, StoreResult: StorePhysicalAddress: rntbd://10.0.0.26:11000/apps/f16794f1-66f3-4163-8d3e-7f76cdcef6a7/services/1b0b2282-67d8-4dab-ac7c-2032b455f5d3/partitions/3d375b6b-206c-4ff3-8979-be675cb87f79/replicas/132520819338267375s, LSN: 1417, GlobalCommittedLsn: 1417, PartitionKeyRangeId: , IsValid: True, StatusCode: 404, SubStatusCode: 0, RequestCharge: 1, ItemLSN: -1, SessionToken: -1#1417, UsingLocalLSN: False, TransportException: null, ResourceType: Database, OperationType: Read\\\\r\\\\n, SDK: Microsoft.Azure.Documents.Common/2.11.0\\\"}, Request URI: /dbs/dbName3, RequestStats: , SDK: Microsoft.Azure.Documents.Common/2.11.0\"\r\n}",
      "StatusCode": 404
    },
    {
      "RequestUri": "/subscriptions/12053b8f-cab5-4f5c-9c1a-870580142abd/resourceGroups/CosmosDBResourceGroup3668/providers/Microsoft.DocumentDB/databaseAccounts/db001/mongodbDatabases/dbName3?api-version=2021-01-15",
      "EncodedRequestUri": "L3N1YnNjcmlwdGlvbnMvMTIwNTNiOGYtY2FiNS00ZjVjLTljMWEtODcwNTgwMTQyYWJkL3Jlc291cmNlR3JvdXBzL0Nvc21vc0RCUmVzb3VyY2VHcm91cDM2NjgvcHJvdmlkZXJzL01pY3Jvc29mdC5Eb2N1bWVudERCL2RhdGFiYXNlQWNjb3VudHMvZGIwMDEvbW9uZ29kYkRhdGFiYXNlcy9kYk5hbWUzP2FwaS12ZXJzaW9uPTIwMjEtMDEtMTU=",
      "RequestMethod": "GET",
      "RequestBody": "",
      "RequestHeaders": {
        "x-ms-client-request-id": [
          "bad016da-c8b1-42e2-98b1-378a4d1307c5"
        ],
        "User-Agent": [
          "FxVersion/4.6.29719.03",
          "OSName/Windows",
          "OSVersion/Microsoft.Windows.10.0.19042.",
          "Microsoft.Azure.Management.CosmosDB.CosmosDBManagementClient/2.0.0.0"
        ]
      },
      "ResponseHeaders": {
        "Cache-Control": [
          "no-store, no-cache"
        ],
        "Pragma": [
          "no-cache"
        ],
        "Strict-Transport-Security": [
          "max-age=31536000; includeSubDomains"
        ],
        "x-ms-gatewayversion": [
          "version=2.11.0"
        ],
        "Server": [
          "Microsoft-HTTPAPI/2.0"
        ],
        "x-ms-ratelimit-remaining-subscription-reads": [
          "11995"
        ],
        "x-ms-request-id": [
          "775541f0-8eae-4802-90bb-34d5829dbf56"
        ],
        "x-ms-correlation-request-id": [
          "775541f0-8eae-4802-90bb-34d5829dbf56"
        ],
        "x-ms-routing-request-id": [
          "WESTUS2:20210213T030350Z:775541f0-8eae-4802-90bb-34d5829dbf56"
        ],
        "X-Content-Type-Options": [
          "nosniff"
        ],
        "Date": [
          "Sat, 13 Feb 2021 03:03:50 GMT"
        ],
        "Content-Length": [
          "390"
        ],
        "Content-Type": [
          "application/json"
        ]
      },
      "ResponseBody": "{\r\n  \"id\": \"/subscriptions/12053b8f-cab5-4f5c-9c1a-870580142abd/resourceGroups/CosmosDBResourceGroup3668/providers/Microsoft.DocumentDB/databaseAccounts/db001/mongodbDatabases/dbName3\",\r\n  \"type\": \"Microsoft.DocumentDB/databaseAccounts/mongodbDatabases\",\r\n  \"name\": \"dbName3\",\r\n  \"properties\": {\r\n    \"resource\": {\r\n      \"id\": \"dbName3\",\r\n      \"_rid\": \"3ukQAA==\",\r\n      \"_etag\": \"\\\"00005f00-0000-0100-0000-6027417c0000\\\"\",\r\n      \"_ts\": 1613185404\r\n    }\r\n  }\r\n}",
      "StatusCode": 200
    },
    {
      "RequestUri": "/subscriptions/12053b8f-cab5-4f5c-9c1a-870580142abd/resourceGroups/CosmosDBResourceGroup3668/providers/Microsoft.DocumentDB/databaseAccounts/db001/mongodbDatabases/dbName3?api-version=2021-01-15",
      "EncodedRequestUri": "L3N1YnNjcmlwdGlvbnMvMTIwNTNiOGYtY2FiNS00ZjVjLTljMWEtODcwNTgwMTQyYWJkL3Jlc291cmNlR3JvdXBzL0Nvc21vc0RCUmVzb3VyY2VHcm91cDM2NjgvcHJvdmlkZXJzL01pY3Jvc29mdC5Eb2N1bWVudERCL2RhdGFiYXNlQWNjb3VudHMvZGIwMDEvbW9uZ29kYkRhdGFiYXNlcy9kYk5hbWUzP2FwaS12ZXJzaW9uPTIwMjEtMDEtMTU=",
      "RequestMethod": "PUT",
      "RequestBody": "{\r\n  \"properties\": {\r\n    \"resource\": {\r\n      \"id\": \"dbName3\"\r\n    },\r\n    \"options\": {\r\n      \"throughput\": 1200\r\n    }\r\n  }\r\n}",
      "RequestHeaders": {
        "x-ms-client-request-id": [
          "bad016da-c8b1-42e2-98b1-378a4d1307c5"
        ],
        "Accept-Language": [
          "en-US"
        ],
        "User-Agent": [
          "FxVersion/4.6.29719.03",
          "OSName/Windows",
          "OSVersion/Microsoft.Windows.10.0.19042.",
          "Microsoft.Azure.Management.CosmosDB.CosmosDBManagementClient/2.0.0.0"
        ],
        "Content-Type": [
          "application/json; charset=utf-8"
        ],
        "Content-Length": [
          "129"
        ]
      },
      "ResponseHeaders": {
        "Cache-Control": [
          "no-store, no-cache"
        ],
        "Pragma": [
          "no-cache"
        ],
        "Location": [
          "https://management.azure.com/subscriptions/12053b8f-cab5-4f5c-9c1a-870580142abd/resourceGroups/CosmosDBResourceGroup3668/providers/Microsoft.DocumentDB/databaseAccounts/db001/mongodbDatabases/dbName3/operationResults/fedb8186-e163-4653-ad48-920023295971?api-version=2021-01-15"
        ],
        "Azure-AsyncOperation": [
          "https://management.azure.com/subscriptions/12053b8f-cab5-4f5c-9c1a-870580142abd/providers/Microsoft.DocumentDB/locations/eastus/operationsStatus/fedb8186-e163-4653-ad48-920023295971?api-version=2021-01-15"
        ],
        "x-ms-request-id": [
          "fedb8186-e163-4653-ad48-920023295971"
        ],
        "Strict-Transport-Security": [
          "max-age=31536000; includeSubDomains"
        ],
        "x-ms-gatewayversion": [
          "version=2.11.0"
        ],
        "Server": [
          "Microsoft-HTTPAPI/2.0"
        ],
        "x-ms-ratelimit-remaining-subscription-writes": [
          "1199"
        ],
        "x-ms-correlation-request-id": [
          "073536ee-d0e8-4dc3-9bca-5560b1f35963"
        ],
        "x-ms-routing-request-id": [
          "WESTUS2:20210213T030320Z:073536ee-d0e8-4dc3-9bca-5560b1f35963"
        ],
        "X-Content-Type-Options": [
          "nosniff"
        ],
        "Date": [
          "Sat, 13 Feb 2021 03:03:19 GMT"
        ],
        "Content-Length": [
          "21"
        ],
        "Content-Type": [
          "application/json"
        ]
      },
      "ResponseBody": "{\r\n  \"status\": \"Enqueued\"\r\n}",
      "StatusCode": 202
    },
    {
      "RequestUri": "/subscriptions/12053b8f-cab5-4f5c-9c1a-870580142abd/providers/Microsoft.DocumentDB/locations/eastus/operationsStatus/fedb8186-e163-4653-ad48-920023295971?api-version=2021-01-15",
      "EncodedRequestUri": "L3N1YnNjcmlwdGlvbnMvMTIwNTNiOGYtY2FiNS00ZjVjLTljMWEtODcwNTgwMTQyYWJkL3Byb3ZpZGVycy9NaWNyb3NvZnQuRG9jdW1lbnREQi9sb2NhdGlvbnMvZWFzdHVzL29wZXJhdGlvbnNTdGF0dXMvZmVkYjgxODYtZTE2My00NjUzLWFkNDgtOTIwMDIzMjk1OTcxP2FwaS12ZXJzaW9uPTIwMjEtMDEtMTU=",
      "RequestMethod": "GET",
      "RequestBody": "",
      "RequestHeaders": {
        "x-ms-client-request-id": [
          "bad016da-c8b1-42e2-98b1-378a4d1307c5"
        ],
        "User-Agent": [
          "FxVersion/4.6.29719.03",
          "OSName/Windows",
          "OSVersion/Microsoft.Windows.10.0.19042.",
          "Microsoft.Azure.Management.CosmosDB.CosmosDBManagementClient/2.0.0.0"
        ]
      },
      "ResponseHeaders": {
        "Cache-Control": [
          "no-store, no-cache"
        ],
        "Pragma": [
          "no-cache"
        ],
        "Strict-Transport-Security": [
          "max-age=31536000; includeSubDomains"
        ],
        "x-ms-gatewayversion": [
          "version=2.11.0"
        ],
        "Server": [
          "Microsoft-HTTPAPI/2.0"
        ],
        "x-ms-ratelimit-remaining-subscription-reads": [
          "11996"
        ],
        "x-ms-request-id": [
          "42bd262c-d7a7-43e7-82c6-dfdd0e63a9d3"
        ],
        "x-ms-correlation-request-id": [
          "42bd262c-d7a7-43e7-82c6-dfdd0e63a9d3"
        ],
        "x-ms-routing-request-id": [
          "WESTUS2:20210213T030350Z:42bd262c-d7a7-43e7-82c6-dfdd0e63a9d3"
        ],
        "X-Content-Type-Options": [
          "nosniff"
        ],
        "Date": [
          "Sat, 13 Feb 2021 03:03:50 GMT"
        ],
        "Content-Length": [
          "22"
        ],
        "Content-Type": [
          "application/json"
        ]
      },
      "ResponseBody": "{\r\n  \"status\": \"Succeeded\"\r\n}",
      "StatusCode": 200
    },
    {
      "RequestUri": "/subscriptions/12053b8f-cab5-4f5c-9c1a-870580142abd/resourceGroups/CosmosDBResourceGroup3668/providers/Microsoft.DocumentDB/databaseAccounts/db001/mongodbDatabases/dbName3/throughputSettings/default?api-version=2021-01-15",
      "EncodedRequestUri": "L3N1YnNjcmlwdGlvbnMvMTIwNTNiOGYtY2FiNS00ZjVjLTljMWEtODcwNTgwMTQyYWJkL3Jlc291cmNlR3JvdXBzL0Nvc21vc0RCUmVzb3VyY2VHcm91cDM2NjgvcHJvdmlkZXJzL01pY3Jvc29mdC5Eb2N1bWVudERCL2RhdGFiYXNlQWNjb3VudHMvZGIwMDEvbW9uZ29kYkRhdGFiYXNlcy9kYk5hbWUzL3Rocm91Z2hwdXRTZXR0aW5ncy9kZWZhdWx0P2FwaS12ZXJzaW9uPTIwMjEtMDEtMTU=",
      "RequestMethod": "GET",
      "RequestBody": "",
      "RequestHeaders": {
        "x-ms-client-request-id": [
          "419119b1-46a3-4c4f-8f27-0324b2b62a36"
        ],
        "Accept-Language": [
          "en-US"
        ],
        "User-Agent": [
          "FxVersion/4.6.29719.03",
          "OSName/Windows",
          "OSVersion/Microsoft.Windows.10.0.19042.",
          "Microsoft.Azure.Management.CosmosDB.CosmosDBManagementClient/2.0.0.0"
        ]
      },
      "ResponseHeaders": {
        "Cache-Control": [
          "no-store, no-cache"
        ],
        "Pragma": [
          "no-cache"
        ],
        "Strict-Transport-Security": [
          "max-age=31536000; includeSubDomains"
        ],
        "x-ms-gatewayversion": [
          "version=2.11.0"
        ],
        "Server": [
          "Microsoft-HTTPAPI/2.0"
        ],
        "x-ms-ratelimit-remaining-subscription-reads": [
          "11994"
        ],
        "x-ms-request-id": [
          "7ca90fbe-fd41-457e-bfc0-bdb2741d14d3"
        ],
        "x-ms-correlation-request-id": [
          "7ca90fbe-fd41-457e-bfc0-bdb2741d14d3"
        ],
        "x-ms-routing-request-id": [
          "WESTUS2:20210213T030351Z:7ca90fbe-fd41-457e-bfc0-bdb2741d14d3"
        ],
        "X-Content-Type-Options": [
          "nosniff"
        ],
        "Date": [
          "Sat, 13 Feb 2021 03:03:50 GMT"
        ],
        "Content-Length": [
          "376"
        ],
        "Content-Type": [
          "application/json"
        ]
      },
      "ResponseBody": "{\r\n  \"id\": \"/subscriptions/12053b8f-cab5-4f5c-9c1a-870580142abd/resourceGroups/CosmosDBResourceGroup3668/providers/Microsoft.DocumentDB/databaseAccounts/db001/mongodbDatabases/dbName3/throughputSettings/default\",\r\n  \"type\": \"Microsoft.DocumentDB/databaseAccounts/mongodbDatabases/throughputSettings\",\r\n  \"name\": \"8bhC\",\r\n  \"properties\": {\r\n    \"resource\": {\r\n      \"throughput\": 1200,\r\n      \"minimumThroughput\": \"400\"\r\n    }\r\n  }\r\n}",
      "StatusCode": 200
    },
    {
      "RequestUri": "/subscriptions/12053b8f-cab5-4f5c-9c1a-870580142abd/resourceGroups/CosmosDBResourceGroup3668/providers/Microsoft.DocumentDB/databaseAccounts/db001/mongodbDatabases/dbName3/throughputSettings/default?api-version=2021-01-15",
      "EncodedRequestUri": "L3N1YnNjcmlwdGlvbnMvMTIwNTNiOGYtY2FiNS00ZjVjLTljMWEtODcwNTgwMTQyYWJkL3Jlc291cmNlR3JvdXBzL0Nvc21vc0RCUmVzb3VyY2VHcm91cDM2NjgvcHJvdmlkZXJzL01pY3Jvc29mdC5Eb2N1bWVudERCL2RhdGFiYXNlQWNjb3VudHMvZGIwMDEvbW9uZ29kYkRhdGFiYXNlcy9kYk5hbWUzL3Rocm91Z2hwdXRTZXR0aW5ncy9kZWZhdWx0P2FwaS12ZXJzaW9uPTIwMjEtMDEtMTU=",
      "RequestMethod": "GET",
      "RequestBody": "",
      "RequestHeaders": {
        "x-ms-client-request-id": [
          "b5a6024c-69fd-4f41-a760-41dafd783d29"
        ],
        "User-Agent": [
          "FxVersion/4.6.29719.03",
          "OSName/Windows",
          "OSVersion/Microsoft.Windows.10.0.19042.",
          "Microsoft.Azure.Management.CosmosDB.CosmosDBManagementClient/2.0.0.0"
        ]
      },
      "ResponseHeaders": {
        "Cache-Control": [
          "no-store, no-cache"
        ],
        "Pragma": [
          "no-cache"
        ],
        "Strict-Transport-Security": [
          "max-age=31536000; includeSubDomains"
        ],
        "x-ms-gatewayversion": [
          "version=2.11.0"
        ],
        "Server": [
          "Microsoft-HTTPAPI/2.0"
        ],
        "x-ms-ratelimit-remaining-subscription-reads": [
          "11992"
        ],
        "x-ms-request-id": [
          "b2e9cd9c-35e4-41c7-ad5d-829417d5acc1"
        ],
        "x-ms-correlation-request-id": [
          "b2e9cd9c-35e4-41c7-ad5d-829417d5acc1"
        ],
        "x-ms-routing-request-id": [
          "WESTUS2:20210213T030422Z:b2e9cd9c-35e4-41c7-ad5d-829417d5acc1"
        ],
        "X-Content-Type-Options": [
          "nosniff"
        ],
        "Date": [
          "Sat, 13 Feb 2021 03:04:21 GMT"
        ],
        "Content-Length": [
          "376"
        ],
        "Content-Type": [
          "application/json"
        ]
      },
      "ResponseBody": "{\r\n  \"id\": \"/subscriptions/12053b8f-cab5-4f5c-9c1a-870580142abd/resourceGroups/CosmosDBResourceGroup3668/providers/Microsoft.DocumentDB/databaseAccounts/db001/mongodbDatabases/dbName3/throughputSettings/default\",\r\n  \"type\": \"Microsoft.DocumentDB/databaseAccounts/mongodbDatabases/throughputSettings\",\r\n  \"name\": \"8bhC\",\r\n  \"properties\": {\r\n    \"resource\": {\r\n      \"throughput\": 1100,\r\n      \"minimumThroughput\": \"400\"\r\n    }\r\n  }\r\n}",
      "StatusCode": 200
    },
    {
      "RequestUri": "/subscriptions/12053b8f-cab5-4f5c-9c1a-870580142abd/resourceGroups/CosmosDBResourceGroup3668/providers/Microsoft.DocumentDB/databaseAccounts/db001/mongodbDatabases/dbName3/throughputSettings/default?api-version=2021-01-15",
      "EncodedRequestUri": "L3N1YnNjcmlwdGlvbnMvMTIwNTNiOGYtY2FiNS00ZjVjLTljMWEtODcwNTgwMTQyYWJkL3Jlc291cmNlR3JvdXBzL0Nvc21vc0RCUmVzb3VyY2VHcm91cDM2NjgvcHJvdmlkZXJzL01pY3Jvc29mdC5Eb2N1bWVudERCL2RhdGFiYXNlQWNjb3VudHMvZGIwMDEvbW9uZ29kYkRhdGFiYXNlcy9kYk5hbWUzL3Rocm91Z2hwdXRTZXR0aW5ncy9kZWZhdWx0P2FwaS12ZXJzaW9uPTIwMjEtMDEtMTU=",
      "RequestMethod": "GET",
      "RequestBody": "",
      "RequestHeaders": {
        "x-ms-client-request-id": [
          "3a639917-17ea-4503-854a-618064f558d6"
        ],
        "User-Agent": [
          "FxVersion/4.6.29719.03",
          "OSName/Windows",
          "OSVersion/Microsoft.Windows.10.0.19042.",
          "Microsoft.Azure.Management.CosmosDB.CosmosDBManagementClient/2.0.0.0"
        ]
      },
      "ResponseHeaders": {
        "Cache-Control": [
          "no-store, no-cache"
        ],
        "Pragma": [
          "no-cache"
        ],
        "Strict-Transport-Security": [
          "max-age=31536000; includeSubDomains"
        ],
        "x-ms-gatewayversion": [
          "version=2.11.0"
        ],
        "Server": [
          "Microsoft-HTTPAPI/2.0"
        ],
        "x-ms-ratelimit-remaining-subscription-reads": [
          "11989"
        ],
        "x-ms-request-id": [
          "d12988e4-0c6e-4431-8a33-8f733fe365d8"
        ],
        "x-ms-correlation-request-id": [
          "d12988e4-0c6e-4431-8a33-8f733fe365d8"
        ],
        "x-ms-routing-request-id": [
          "WESTUS2:20210213T030454Z:d12988e4-0c6e-4431-8a33-8f733fe365d8"
        ],
        "X-Content-Type-Options": [
          "nosniff"
        ],
        "Date": [
          "Sat, 13 Feb 2021 03:04:54 GMT"
        ],
        "Content-Length": [
          "376"
        ],
        "Content-Type": [
          "application/json"
        ]
      },
      "ResponseBody": "{\r\n  \"id\": \"/subscriptions/12053b8f-cab5-4f5c-9c1a-870580142abd/resourceGroups/CosmosDBResourceGroup3668/providers/Microsoft.DocumentDB/databaseAccounts/db001/mongodbDatabases/dbName3/throughputSettings/default\",\r\n  \"type\": \"Microsoft.DocumentDB/databaseAccounts/mongodbDatabases/throughputSettings\",\r\n  \"name\": \"8bhC\",\r\n  \"properties\": {\r\n    \"resource\": {\r\n      \"throughput\": 1000,\r\n      \"minimumThroughput\": \"400\"\r\n    }\r\n  }\r\n}",
      "StatusCode": 200
    },
    {
      "RequestUri": "/subscriptions/12053b8f-cab5-4f5c-9c1a-870580142abd/resourceGroups/CosmosDBResourceGroup3668/providers/Microsoft.DocumentDB/databaseAccounts/db001/mongodbDatabases/dbName3/throughputSettings/default?api-version=2021-01-15",
      "EncodedRequestUri": "L3N1YnNjcmlwdGlvbnMvMTIwNTNiOGYtY2FiNS00ZjVjLTljMWEtODcwNTgwMTQyYWJkL3Jlc291cmNlR3JvdXBzL0Nvc21vc0RCUmVzb3VyY2VHcm91cDM2NjgvcHJvdmlkZXJzL01pY3Jvc29mdC5Eb2N1bWVudERCL2RhdGFiYXNlQWNjb3VudHMvZGIwMDEvbW9uZ29kYkRhdGFiYXNlcy9kYk5hbWUzL3Rocm91Z2hwdXRTZXR0aW5ncy9kZWZhdWx0P2FwaS12ZXJzaW9uPTIwMjEtMDEtMTU=",
      "RequestMethod": "GET",
      "RequestBody": "",
      "RequestHeaders": {
        "x-ms-client-request-id": [
          "ae2b1cd6-84a9-4b10-a7ac-99a2a39cb26b"
        ],
        "User-Agent": [
          "FxVersion/4.6.29719.03",
          "OSName/Windows",
          "OSVersion/Microsoft.Windows.10.0.19042.",
          "Microsoft.Azure.Management.CosmosDB.CosmosDBManagementClient/2.0.0.0"
        ]
      },
      "ResponseHeaders": {
        "Cache-Control": [
          "no-store, no-cache"
        ],
        "Pragma": [
          "no-cache"
        ],
        "Strict-Transport-Security": [
          "max-age=31536000; includeSubDomains"
        ],
        "x-ms-gatewayversion": [
          "version=2.11.0"
        ],
        "Server": [
          "Microsoft-HTTPAPI/2.0"
        ],
        "x-ms-ratelimit-remaining-subscription-reads": [
          "11987"
        ],
        "x-ms-request-id": [
          "d763a82a-33d7-4d88-a1c3-7c75c82aca7f"
        ],
        "x-ms-correlation-request-id": [
          "d763a82a-33d7-4d88-a1c3-7c75c82aca7f"
        ],
        "x-ms-routing-request-id": [
          "WESTUS2:20210213T030525Z:d763a82a-33d7-4d88-a1c3-7c75c82aca7f"
        ],
        "X-Content-Type-Options": [
          "nosniff"
        ],
        "Date": [
          "Sat, 13 Feb 2021 03:05:24 GMT"
        ],
        "Content-Length": [
          "375"
        ],
        "Content-Type": [
          "application/json"
        ]
      },
      "ResponseBody": "{\r\n  \"id\": \"/subscriptions/12053b8f-cab5-4f5c-9c1a-870580142abd/resourceGroups/CosmosDBResourceGroup3668/providers/Microsoft.DocumentDB/databaseAccounts/db001/mongodbDatabases/dbName3/throughputSettings/default\",\r\n  \"type\": \"Microsoft.DocumentDB/databaseAccounts/mongodbDatabases/throughputSettings\",\r\n  \"name\": \"8bhC\",\r\n  \"properties\": {\r\n    \"resource\": {\r\n      \"throughput\": 900,\r\n      \"minimumThroughput\": \"400\"\r\n    }\r\n  }\r\n}",
      "StatusCode": 200
    },
    {
      "RequestUri": "/subscriptions/12053b8f-cab5-4f5c-9c1a-870580142abd/resourceGroups/CosmosDBResourceGroup3668/providers/Microsoft.DocumentDB/databaseAccounts/db001/mongodbDatabases/dbName3/throughputSettings/default?api-version=2021-01-15",
      "EncodedRequestUri": "L3N1YnNjcmlwdGlvbnMvMTIwNTNiOGYtY2FiNS00ZjVjLTljMWEtODcwNTgwMTQyYWJkL3Jlc291cmNlR3JvdXBzL0Nvc21vc0RCUmVzb3VyY2VHcm91cDM2NjgvcHJvdmlkZXJzL01pY3Jvc29mdC5Eb2N1bWVudERCL2RhdGFiYXNlQWNjb3VudHMvZGIwMDEvbW9uZ29kYkRhdGFiYXNlcy9kYk5hbWUzL3Rocm91Z2hwdXRTZXR0aW5ncy9kZWZhdWx0P2FwaS12ZXJzaW9uPTIwMjEtMDEtMTU=",
      "RequestMethod": "PUT",
      "RequestBody": "{\r\n  \"properties\": {\r\n    \"resource\": {\r\n      \"throughput\": 1100\r\n    }\r\n  }\r\n}",
      "RequestHeaders": {
        "x-ms-client-request-id": [
          "b5a6024c-69fd-4f41-a760-41dafd783d29"
        ],
        "Accept-Language": [
          "en-US"
        ],
        "User-Agent": [
          "FxVersion/4.6.29719.03",
          "OSName/Windows",
          "OSVersion/Microsoft.Windows.10.0.19042.",
          "Microsoft.Azure.Management.CosmosDB.CosmosDBManagementClient/2.0.0.0"
        ],
        "Content-Type": [
          "application/json; charset=utf-8"
        ],
        "Content-Length": [
          "80"
        ]
      },
      "ResponseHeaders": {
        "Cache-Control": [
          "no-store, no-cache"
        ],
        "Pragma": [
          "no-cache"
        ],
        "Location": [
          "https://management.azure.com/subscriptions/12053b8f-cab5-4f5c-9c1a-870580142abd/resourceGroups/CosmosDBResourceGroup3668/providers/Microsoft.DocumentDB/databaseAccounts/db001/mongodbDatabases/dbName3/throughputSettings/default/operationResults/85b5a20e-abfa-471c-ab5f-4c899d616200?api-version=2021-01-15"
        ],
        "Azure-AsyncOperation": [
          "https://management.azure.com/subscriptions/12053b8f-cab5-4f5c-9c1a-870580142abd/providers/Microsoft.DocumentDB/locations/eastus/operationsStatus/85b5a20e-abfa-471c-ab5f-4c899d616200?api-version=2021-01-15"
        ],
        "x-ms-request-id": [
          "85b5a20e-abfa-471c-ab5f-4c899d616200"
        ],
        "Strict-Transport-Security": [
          "max-age=31536000; includeSubDomains"
        ],
        "x-ms-gatewayversion": [
          "version=2.11.0"
        ],
        "Server": [
          "Microsoft-HTTPAPI/2.0"
        ],
        "x-ms-ratelimit-remaining-subscription-writes": [
          "1198"
        ],
        "x-ms-correlation-request-id": [
          "d6e92deb-6175-48d7-81b9-2c720447b61f"
        ],
        "x-ms-routing-request-id": [
          "WESTUS2:20210213T030351Z:d6e92deb-6175-48d7-81b9-2c720447b61f"
        ],
        "X-Content-Type-Options": [
          "nosniff"
        ],
        "Date": [
          "Sat, 13 Feb 2021 03:03:51 GMT"
        ],
        "Content-Length": [
          "21"
        ],
        "Content-Type": [
          "application/json"
        ]
      },
      "ResponseBody": "{\r\n  \"status\": \"Enqueued\"\r\n}",
      "StatusCode": 202
    },
    {
      "RequestUri": "/subscriptions/12053b8f-cab5-4f5c-9c1a-870580142abd/resourceGroups/CosmosDBResourceGroup3668/providers/Microsoft.DocumentDB/databaseAccounts/db001/mongodbDatabases/dbName3/throughputSettings/default?api-version=2021-01-15",
      "EncodedRequestUri": "L3N1YnNjcmlwdGlvbnMvMTIwNTNiOGYtY2FiNS00ZjVjLTljMWEtODcwNTgwMTQyYWJkL3Jlc291cmNlR3JvdXBzL0Nvc21vc0RCUmVzb3VyY2VHcm91cDM2NjgvcHJvdmlkZXJzL01pY3Jvc29mdC5Eb2N1bWVudERCL2RhdGFiYXNlQWNjb3VudHMvZGIwMDEvbW9uZ29kYkRhdGFiYXNlcy9kYk5hbWUzL3Rocm91Z2hwdXRTZXR0aW5ncy9kZWZhdWx0P2FwaS12ZXJzaW9uPTIwMjEtMDEtMTU=",
      "RequestMethod": "PUT",
      "RequestBody": "{\r\n  \"properties\": {\r\n    \"resource\": {\r\n      \"throughput\": 1000\r\n    }\r\n  }\r\n}",
      "RequestHeaders": {
        "x-ms-client-request-id": [
          "3a639917-17ea-4503-854a-618064f558d6"
        ],
        "Accept-Language": [
          "en-US"
        ],
        "User-Agent": [
          "FxVersion/4.6.29719.03",
          "OSName/Windows",
          "OSVersion/Microsoft.Windows.10.0.19042.",
          "Microsoft.Azure.Management.CosmosDB.CosmosDBManagementClient/2.0.0.0"
        ],
        "Content-Type": [
          "application/json; charset=utf-8"
        ],
        "Content-Length": [
          "80"
        ]
      },
      "ResponseHeaders": {
        "Cache-Control": [
          "no-store, no-cache"
        ],
        "Pragma": [
          "no-cache"
        ],
        "Location": [
          "https://management.azure.com/subscriptions/12053b8f-cab5-4f5c-9c1a-870580142abd/resourceGroups/CosmosDBResourceGroup3668/providers/Microsoft.DocumentDB/databaseAccounts/db001/mongodbDatabases/dbName3/throughputSettings/default/operationResults/82327488-1c58-43ce-b82c-de2c82dbdb27?api-version=2021-01-15"
        ],
        "Azure-AsyncOperation": [
          "https://management.azure.com/subscriptions/12053b8f-cab5-4f5c-9c1a-870580142abd/providers/Microsoft.DocumentDB/locations/eastus/operationsStatus/82327488-1c58-43ce-b82c-de2c82dbdb27?api-version=2021-01-15"
        ],
        "x-ms-request-id": [
          "82327488-1c58-43ce-b82c-de2c82dbdb27"
        ],
        "Strict-Transport-Security": [
          "max-age=31536000; includeSubDomains"
        ],
        "x-ms-gatewayversion": [
          "version=2.11.0"
        ],
        "Server": [
          "Microsoft-HTTPAPI/2.0"
        ],
        "x-ms-ratelimit-remaining-subscription-writes": [
          "1197"
        ],
        "x-ms-correlation-request-id": [
          "ae02d35f-bd4d-45a4-8e52-1c0adf13838b"
        ],
        "x-ms-routing-request-id": [
          "WESTUS2:20210213T030423Z:ae02d35f-bd4d-45a4-8e52-1c0adf13838b"
        ],
        "X-Content-Type-Options": [
          "nosniff"
        ],
        "Date": [
          "Sat, 13 Feb 2021 03:04:22 GMT"
        ],
        "Content-Length": [
          "21"
        ],
        "Content-Type": [
          "application/json"
        ]
      },
      "ResponseBody": "{\r\n  \"status\": \"Enqueued\"\r\n}",
      "StatusCode": 202
    },
    {
      "RequestUri": "/subscriptions/12053b8f-cab5-4f5c-9c1a-870580142abd/resourceGroups/CosmosDBResourceGroup3668/providers/Microsoft.DocumentDB/databaseAccounts/db001/mongodbDatabases/dbName3/throughputSettings/default?api-version=2021-01-15",
      "EncodedRequestUri": "L3N1YnNjcmlwdGlvbnMvMTIwNTNiOGYtY2FiNS00ZjVjLTljMWEtODcwNTgwMTQyYWJkL3Jlc291cmNlR3JvdXBzL0Nvc21vc0RCUmVzb3VyY2VHcm91cDM2NjgvcHJvdmlkZXJzL01pY3Jvc29mdC5Eb2N1bWVudERCL2RhdGFiYXNlQWNjb3VudHMvZGIwMDEvbW9uZ29kYkRhdGFiYXNlcy9kYk5hbWUzL3Rocm91Z2hwdXRTZXR0aW5ncy9kZWZhdWx0P2FwaS12ZXJzaW9uPTIwMjEtMDEtMTU=",
      "RequestMethod": "PUT",
      "RequestBody": "{\r\n  \"properties\": {\r\n    \"resource\": {\r\n      \"throughput\": 900\r\n    }\r\n  }\r\n}",
      "RequestHeaders": {
        "x-ms-client-request-id": [
          "ae2b1cd6-84a9-4b10-a7ac-99a2a39cb26b"
        ],
        "Accept-Language": [
          "en-US"
        ],
        "User-Agent": [
          "FxVersion/4.6.29719.03",
          "OSName/Windows",
          "OSVersion/Microsoft.Windows.10.0.19042.",
          "Microsoft.Azure.Management.CosmosDB.CosmosDBManagementClient/2.0.0.0"
        ],
        "Content-Type": [
          "application/json; charset=utf-8"
        ],
        "Content-Length": [
          "79"
        ]
      },
      "ResponseHeaders": {
        "Cache-Control": [
          "no-store, no-cache"
        ],
        "Pragma": [
          "no-cache"
        ],
        "Location": [
          "https://management.azure.com/subscriptions/12053b8f-cab5-4f5c-9c1a-870580142abd/resourceGroups/CosmosDBResourceGroup3668/providers/Microsoft.DocumentDB/databaseAccounts/db001/mongodbDatabases/dbName3/throughputSettings/default/operationResults/116e65e7-2997-460d-bbb5-3306c6132d4c?api-version=2021-01-15"
        ],
        "Azure-AsyncOperation": [
          "https://management.azure.com/subscriptions/12053b8f-cab5-4f5c-9c1a-870580142abd/providers/Microsoft.DocumentDB/locations/eastus/operationsStatus/116e65e7-2997-460d-bbb5-3306c6132d4c?api-version=2021-01-15"
        ],
        "x-ms-request-id": [
          "116e65e7-2997-460d-bbb5-3306c6132d4c"
        ],
        "Strict-Transport-Security": [
          "max-age=31536000; includeSubDomains"
        ],
        "x-ms-gatewayversion": [
          "version=2.11.0"
        ],
        "Server": [
          "Microsoft-HTTPAPI/2.0"
        ],
        "x-ms-ratelimit-remaining-subscription-writes": [
          "1196"
        ],
        "x-ms-correlation-request-id": [
          "f4de7d01-14dd-456f-b8b3-70ac065af317"
        ],
        "x-ms-routing-request-id": [
          "WESTUS2:20210213T030454Z:f4de7d01-14dd-456f-b8b3-70ac065af317"
        ],
        "X-Content-Type-Options": [
          "nosniff"
        ],
        "Date": [
          "Sat, 13 Feb 2021 03:04:54 GMT"
        ],
        "Content-Length": [
          "21"
        ],
        "Content-Type": [
          "application/json"
        ]
      },
      "ResponseBody": "{\r\n  \"status\": \"Enqueued\"\r\n}",
      "StatusCode": 202
    },
    {
      "RequestUri": "/subscriptions/12053b8f-cab5-4f5c-9c1a-870580142abd/providers/Microsoft.DocumentDB/locations/eastus/operationsStatus/85b5a20e-abfa-471c-ab5f-4c899d616200?api-version=2021-01-15",
      "EncodedRequestUri": "L3N1YnNjcmlwdGlvbnMvMTIwNTNiOGYtY2FiNS00ZjVjLTljMWEtODcwNTgwMTQyYWJkL3Byb3ZpZGVycy9NaWNyb3NvZnQuRG9jdW1lbnREQi9sb2NhdGlvbnMvZWFzdHVzL29wZXJhdGlvbnNTdGF0dXMvODViNWEyMGUtYWJmYS00NzFjLWFiNWYtNGM4OTlkNjE2MjAwP2FwaS12ZXJzaW9uPTIwMjEtMDEtMTU=",
      "RequestMethod": "GET",
      "RequestBody": "",
      "RequestHeaders": {
        "x-ms-client-request-id": [
          "b5a6024c-69fd-4f41-a760-41dafd783d29"
        ],
        "User-Agent": [
          "FxVersion/4.6.29719.03",
          "OSName/Windows",
          "OSVersion/Microsoft.Windows.10.0.19042.",
          "Microsoft.Azure.Management.CosmosDB.CosmosDBManagementClient/2.0.0.0"
        ]
      },
      "ResponseHeaders": {
        "Cache-Control": [
          "no-store, no-cache"
        ],
        "Pragma": [
          "no-cache"
        ],
        "Strict-Transport-Security": [
          "max-age=31536000; includeSubDomains"
        ],
        "x-ms-gatewayversion": [
          "version=2.11.0"
        ],
        "Server": [
          "Microsoft-HTTPAPI/2.0"
        ],
        "x-ms-ratelimit-remaining-subscription-reads": [
          "11993"
        ],
        "x-ms-request-id": [
          "b20d80a1-cac4-4271-b49a-be1dd94e961d"
        ],
        "x-ms-correlation-request-id": [
          "b20d80a1-cac4-4271-b49a-be1dd94e961d"
        ],
        "x-ms-routing-request-id": [
          "WESTUS2:20210213T030421Z:b20d80a1-cac4-4271-b49a-be1dd94e961d"
        ],
        "X-Content-Type-Options": [
          "nosniff"
        ],
        "Date": [
          "Sat, 13 Feb 2021 03:04:21 GMT"
        ],
        "Content-Length": [
          "22"
        ],
        "Content-Type": [
          "application/json"
        ]
      },
      "ResponseBody": "{\r\n  \"status\": \"Succeeded\"\r\n}",
      "StatusCode": 200
    },
    {
      "RequestUri": "/subscriptions/12053b8f-cab5-4f5c-9c1a-870580142abd/resourceGroups/CosmosDBResourceGroup3668/providers/Microsoft.DocumentDB/databaseAccounts/db001?api-version=2021-01-15",
      "EncodedRequestUri": "L3N1YnNjcmlwdGlvbnMvMTIwNTNiOGYtY2FiNS00ZjVjLTljMWEtODcwNTgwMTQyYWJkL3Jlc291cmNlR3JvdXBzL0Nvc21vc0RCUmVzb3VyY2VHcm91cDM2NjgvcHJvdmlkZXJzL01pY3Jvc29mdC5Eb2N1bWVudERCL2RhdGFiYXNlQWNjb3VudHMvZGIwMDE/YXBpLXZlcnNpb249MjAyMS0wMS0xNQ==",
      "RequestMethod": "GET",
      "RequestBody": "",
      "RequestHeaders": {
        "x-ms-client-request-id": [
          "0d626605-095d-4257-a4ce-3f7b43c5e7a4"
        ],
        "Accept-Language": [
          "en-US"
        ],
        "User-Agent": [
          "FxVersion/4.6.29719.03",
          "OSName/Windows",
          "OSVersion/Microsoft.Windows.10.0.19042.",
          "Microsoft.Azure.Management.CosmosDB.CosmosDBManagementClient/2.0.0.0"
        ]
      },
      "ResponseHeaders": {
        "Cache-Control": [
          "no-store, no-cache"
        ],
        "Pragma": [
          "no-cache"
        ],
        "Strict-Transport-Security": [
          "max-age=31536000; includeSubDomains"
        ],
        "x-ms-gatewayversion": [
          "version=2.11.0"
        ],
        "Server": [
          "Microsoft-HTTPAPI/2.0"
        ],
        "x-ms-ratelimit-remaining-subscription-reads": [
          "11991"
        ],
        "x-ms-request-id": [
          "f85403cd-e406-4eb5-8e71-335382e7e200"
        ],
        "x-ms-correlation-request-id": [
          "f85403cd-e406-4eb5-8e71-335382e7e200"
        ],
        "x-ms-routing-request-id": [
          "WESTUS2:20210213T030422Z:f85403cd-e406-4eb5-8e71-335382e7e200"
        ],
        "X-Content-Type-Options": [
          "nosniff"
        ],
        "Date": [
          "Sat, 13 Feb 2021 03:04:21 GMT"
        ],
        "Content-Length": [
          "2192"
        ],
        "Content-Type": [
          "application/json"
        ]
      },
      "ResponseBody": "{\r\n  \"id\": \"/subscriptions/12053b8f-cab5-4f5c-9c1a-870580142abd/resourceGroups/CosmosDBResourceGroup3668/providers/Microsoft.DocumentDB/databaseAccounts/db001\",\r\n  \"name\": \"db001\",\r\n  \"location\": \"East US\",\r\n  \"type\": \"Microsoft.DocumentDB/databaseAccounts\",\r\n  \"kind\": \"MongoDB\",\r\n  \"tags\": {},\r\n  \"systemData\": {\r\n    \"createdAt\": \"2019-12-05T19:15:07.9711767Z\"\r\n  },\r\n  \"properties\": {\r\n    \"provisioningState\": \"Succeeded\",\r\n    \"documentEndpoint\": \"https://db001.documents.azure.com:443/\",\r\n    \"publicNetworkAccess\": \"Enabled\",\r\n    \"enableAutomaticFailover\": false,\r\n    \"enableMultipleWriteLocations\": false,\r\n    \"enablePartitionKeyMonitor\": false,\r\n    \"isVirtualNetworkFilterEnabled\": false,\r\n    \"virtualNetworkRules\": [],\r\n    \"EnabledApiTypes\": \"MongoDB\",\r\n    \"disableKeyBasedMetadataWriteAccess\": false,\r\n    \"enableFreeTier\": false,\r\n    \"enableAnalyticalStorage\": false,\r\n    \"instanceId\": \"ab545459-41a1-41fe-83e3-bc36bfbad31c\",\r\n    \"createMode\": \"Default\",\r\n    \"databaseAccountOfferType\": \"Standard\",\r\n    \"enableCassandraConnector\": false,\r\n    \"connectorOffer\": \"\",\r\n    \"networkAclBypass\": 0,\r\n    \"consistencyPolicy\": {\r\n      \"defaultConsistencyLevel\": \"Session\",\r\n      \"maxIntervalInSeconds\": 5,\r\n      \"maxStalenessPrefix\": 100\r\n    },\r\n    \"apiProperties\": {\r\n      \"serverVersion\": \"3.2\"\r\n    },\r\n    \"configurationOverrides\": {\r\n      \"EnableBsonSchema\": \"True\"\r\n    },\r\n    \"writeLocations\": [\r\n      {\r\n        \"id\": \"db001-eastus\",\r\n        \"locationName\": \"East US\",\r\n        \"documentEndpoint\": \"https://db001-eastus.documents.azure.com:443/\",\r\n        \"provisioningState\": \"Succeeded\",\r\n        \"failoverPriority\": 0,\r\n        \"isZoneRedundant\": false\r\n      }\r\n    ],\r\n    \"readLocations\": [\r\n      {\r\n        \"id\": \"db001-eastus\",\r\n        \"locationName\": \"East US\",\r\n        \"documentEndpoint\": \"https://db001-eastus.documents.azure.com:443/\",\r\n        \"provisioningState\": \"Succeeded\",\r\n        \"failoverPriority\": 0,\r\n        \"isZoneRedundant\": false\r\n      }\r\n    ],\r\n    \"locations\": [\r\n      {\r\n        \"id\": \"db001-eastus\",\r\n        \"locationName\": \"East US\",\r\n        \"documentEndpoint\": \"https://db001-eastus.documents.azure.com:443/\",\r\n        \"provisioningState\": \"Succeeded\",\r\n        \"failoverPriority\": 0,\r\n        \"isZoneRedundant\": false\r\n      }\r\n    ],\r\n    \"failoverPolicies\": [\r\n      {\r\n        \"id\": \"db001-eastus\",\r\n        \"locationName\": \"East US\",\r\n        \"failoverPriority\": 0\r\n      }\r\n    ],\r\n    \"cors\": [],\r\n    \"capabilities\": [\r\n      {\r\n        \"name\": \"AllowSelfServeUpgradeToMongo36\"\r\n      },\r\n      {\r\n        \"name\": \"DisableRateLimitingResponses\"\r\n      }\r\n    ],\r\n    \"ipRules\": [],\r\n    \"backupPolicy\": {\r\n      \"type\": \"Periodic\",\r\n      \"periodicModeProperties\": {\r\n        \"backupIntervalInMinutes\": 240,\r\n        \"backupRetentionIntervalInHours\": 8,\r\n        \"backupStorageRedundancy\": 1\r\n      }\r\n    },\r\n    \"networkAclBypassResourceIds\": []\r\n  },\r\n  \"identity\": {\r\n    \"type\": \"None\"\r\n  }\r\n}",
      "StatusCode": 200
    },
    {
      "RequestUri": "/subscriptions/12053b8f-cab5-4f5c-9c1a-870580142abd/providers/Microsoft.DocumentDB/locations/eastus/operationsStatus/82327488-1c58-43ce-b82c-de2c82dbdb27?api-version=2021-01-15",
      "EncodedRequestUri": "L3N1YnNjcmlwdGlvbnMvMTIwNTNiOGYtY2FiNS00ZjVjLTljMWEtODcwNTgwMTQyYWJkL3Byb3ZpZGVycy9NaWNyb3NvZnQuRG9jdW1lbnREQi9sb2NhdGlvbnMvZWFzdHVzL29wZXJhdGlvbnNTdGF0dXMvODIzMjc0ODgtMWM1OC00M2NlLWI4MmMtZGUyYzgyZGJkYjI3P2FwaS12ZXJzaW9uPTIwMjEtMDEtMTU=",
      "RequestMethod": "GET",
      "RequestBody": "",
      "RequestHeaders": {
        "x-ms-client-request-id": [
          "3a639917-17ea-4503-854a-618064f558d6"
        ],
        "User-Agent": [
          "FxVersion/4.6.29719.03",
          "OSName/Windows",
          "OSVersion/Microsoft.Windows.10.0.19042.",
          "Microsoft.Azure.Management.CosmosDB.CosmosDBManagementClient/2.0.0.0"
        ]
      },
      "ResponseHeaders": {
        "Cache-Control": [
          "no-store, no-cache"
        ],
        "Pragma": [
          "no-cache"
        ],
        "Strict-Transport-Security": [
          "max-age=31536000; includeSubDomains"
        ],
        "x-ms-gatewayversion": [
          "version=2.11.0"
        ],
        "Server": [
          "Microsoft-HTTPAPI/2.0"
        ],
        "x-ms-ratelimit-remaining-subscription-reads": [
          "11990"
        ],
        "x-ms-request-id": [
          "494d7d1f-fdd9-4fd9-a1ed-e6d5333785a3"
        ],
        "x-ms-correlation-request-id": [
          "494d7d1f-fdd9-4fd9-a1ed-e6d5333785a3"
        ],
        "x-ms-routing-request-id": [
          "WESTUS2:20210213T030453Z:494d7d1f-fdd9-4fd9-a1ed-e6d5333785a3"
        ],
        "X-Content-Type-Options": [
          "nosniff"
        ],
        "Date": [
          "Sat, 13 Feb 2021 03:04:53 GMT"
        ],
        "Content-Length": [
          "22"
        ],
        "Content-Type": [
          "application/json"
        ]
      },
      "ResponseBody": "{\r\n  \"status\": \"Succeeded\"\r\n}",
      "StatusCode": 200
    },
    {
      "RequestUri": "/subscriptions/12053b8f-cab5-4f5c-9c1a-870580142abd/providers/Microsoft.DocumentDB/locations/eastus/operationsStatus/116e65e7-2997-460d-bbb5-3306c6132d4c?api-version=2021-01-15",
      "EncodedRequestUri": "L3N1YnNjcmlwdGlvbnMvMTIwNTNiOGYtY2FiNS00ZjVjLTljMWEtODcwNTgwMTQyYWJkL3Byb3ZpZGVycy9NaWNyb3NvZnQuRG9jdW1lbnREQi9sb2NhdGlvbnMvZWFzdHVzL29wZXJhdGlvbnNTdGF0dXMvMTE2ZTY1ZTctMjk5Ny00NjBkLWJiYjUtMzMwNmM2MTMyZDRjP2FwaS12ZXJzaW9uPTIwMjEtMDEtMTU=",
      "RequestMethod": "GET",
      "RequestBody": "",
      "RequestHeaders": {
        "x-ms-client-request-id": [
          "ae2b1cd6-84a9-4b10-a7ac-99a2a39cb26b"
        ],
        "User-Agent": [
          "FxVersion/4.6.29719.03",
          "OSName/Windows",
          "OSVersion/Microsoft.Windows.10.0.19042.",
          "Microsoft.Azure.Management.CosmosDB.CosmosDBManagementClient/2.0.0.0"
        ]
      },
      "ResponseHeaders": {
        "Cache-Control": [
          "no-store, no-cache"
        ],
        "Pragma": [
          "no-cache"
        ],
        "Strict-Transport-Security": [
          "max-age=31536000; includeSubDomains"
        ],
        "x-ms-gatewayversion": [
          "version=2.11.0"
        ],
        "Server": [
          "Microsoft-HTTPAPI/2.0"
        ],
        "x-ms-ratelimit-remaining-subscription-reads": [
          "11988"
        ],
        "x-ms-request-id": [
          "2af6e2b7-1800-4b0a-83c0-e7389030a040"
        ],
        "x-ms-correlation-request-id": [
          "2af6e2b7-1800-4b0a-83c0-e7389030a040"
        ],
        "x-ms-routing-request-id": [
          "WESTUS2:20210213T030525Z:2af6e2b7-1800-4b0a-83c0-e7389030a040"
        ],
        "X-Content-Type-Options": [
          "nosniff"
        ],
        "Date": [
          "Sat, 13 Feb 2021 03:05:24 GMT"
        ],
        "Content-Length": [
          "22"
        ],
        "Content-Type": [
          "application/json"
        ]
      },
      "ResponseBody": "{\r\n  \"status\": \"Succeeded\"\r\n}",
      "StatusCode": 200
    },
    {
      "RequestUri": "/subscriptions/12053b8f-cab5-4f5c-9c1a-870580142abd/resourceGroups/CosmosDBResourceGroup3668/providers/Microsoft.DocumentDB/databaseAccounts/db001/mongodbDatabases/dbName3/collections/collectionName?api-version=2021-01-15",
      "EncodedRequestUri": "L3N1YnNjcmlwdGlvbnMvMTIwNTNiOGYtY2FiNS00ZjVjLTljMWEtODcwNTgwMTQyYWJkL3Jlc291cmNlR3JvdXBzL0Nvc21vc0RCUmVzb3VyY2VHcm91cDM2NjgvcHJvdmlkZXJzL01pY3Jvc29mdC5Eb2N1bWVudERCL2RhdGFiYXNlQWNjb3VudHMvZGIwMDEvbW9uZ29kYkRhdGFiYXNlcy9kYk5hbWUzL2NvbGxlY3Rpb25zL2NvbGxlY3Rpb25OYW1lP2FwaS12ZXJzaW9uPTIwMjEtMDEtMTU=",
      "RequestMethod": "GET",
      "RequestBody": "",
      "RequestHeaders": {
        "x-ms-client-request-id": [
          "c8af2ad8-ba4b-4105-a351-ae7f8bac3a4d"
        ],
        "Accept-Language": [
          "en-US"
        ],
        "User-Agent": [
          "FxVersion/4.6.29719.03",
          "OSName/Windows",
          "OSVersion/Microsoft.Windows.10.0.19042.",
          "Microsoft.Azure.Management.CosmosDB.CosmosDBManagementClient/2.0.0.0"
        ]
      },
      "ResponseHeaders": {
        "Cache-Control": [
          "no-store, no-cache"
        ],
        "Pragma": [
          "no-cache"
        ],
        "Strict-Transport-Security": [
          "max-age=31536000; includeSubDomains"
        ],
        "x-ms-gatewayversion": [
          "version=2.11.0"
        ],
        "Server": [
          "Microsoft-HTTPAPI/2.0"
        ],
        "x-ms-ratelimit-remaining-subscription-reads": [
          "11986"
        ],
        "x-ms-request-id": [
          "3897bd76-1de4-4fdc-b898-b626b9634b56"
        ],
        "x-ms-correlation-request-id": [
          "3897bd76-1de4-4fdc-b898-b626b9634b56"
        ],
        "x-ms-routing-request-id": [
          "WESTUS2:20210213T030525Z:3897bd76-1de4-4fdc-b898-b626b9634b56"
        ],
        "X-Content-Type-Options": [
          "nosniff"
        ],
        "Date": [
          "Sat, 13 Feb 2021 03:05:25 GMT"
        ],
        "Content-Length": [
          "1804"
        ],
        "Content-Type": [
          "application/json"
        ]
      },
      "ResponseBody": "{\r\n  \"code\": \"NotFound\",\r\n  \"message\": \"Message: {\\\"code\\\":\\\"NotFound\\\",\\\"message\\\":\\\"Message: {\\\\\\\"Errors\\\\\\\":[\\\\\\\"Resource Not Found. Learn more: https:\\\\\\\\/\\\\\\\\/aka.ms\\\\\\\\/cosmosdb-tsg-not-found\\\\\\\"]}\\\\r\\\\nActivityId: c8af2ad8-ba4b-4105-a351-ae7f8bac3a4d, Request URI: /apps/f16794f1-66f3-4163-8d3e-7f76cdcef6a7/services/1b0b2282-67d8-4dab-ac7c-2032b455f5d3/partitions/3d375b6b-206c-4ff3-8979-be675cb87f79/replicas/132520819338267375s, RequestStats: \\\\r\\\\nRequestStartTime: 2021-02-13T03:05:25.5904219Z, RequestEndTime: 2021-02-13T03:05:25.5904219Z,  Number of regions attempted:1\\\\r\\\\nResponseTime: 2021-02-13T03:05:25.5904219Z, StoreResult: StorePhysicalAddress: rntbd://10.0.0.26:11000/apps/f16794f1-66f3-4163-8d3e-7f76cdcef6a7/services/1b0b2282-67d8-4dab-ac7c-2032b455f5d3/partitions/3d375b6b-206c-4ff3-8979-be675cb87f79/replicas/132520819338267375s, LSN: 1421, GlobalCommittedLsn: 1421, PartitionKeyRangeId: , IsValid: True, StatusCode: 404, SubStatusCode: 0, RequestCharge: 1, ItemLSN: -1, SessionToken: -1#1421, UsingLocalLSN: False, TransportException: null, ResourceType: Collection, OperationType: Read\\\\r\\\\nResponseTime: 2021-02-13T03:05:25.5904219Z, StoreResult: StorePhysicalAddress: rntbd://10.0.0.28:11300/apps/f16794f1-66f3-4163-8d3e-7f76cdcef6a7/services/1b0b2282-67d8-4dab-ac7c-2032b455f5d3/partitions/3d375b6b-206c-4ff3-8979-be675cb87f79/replicas/132521192207293558s, LSN: 1421, GlobalCommittedLsn: 1421, PartitionKeyRangeId: , IsValid: True, StatusCode: 404, SubStatusCode: 0, RequestCharge: 1, ItemLSN: -1, SessionToken: -1#1421, UsingLocalLSN: False, TransportException: null, ResourceType: Collection, OperationType: Read\\\\r\\\\n, SDK: Microsoft.Azure.Documents.Common/2.11.0\\\"}, Request URI: /dbs/dbName3/colls/collectionName, RequestStats: , SDK: Microsoft.Azure.Documents.Common/2.11.0\"\r\n}",
      "StatusCode": 404
    },
    {
      "RequestUri": "/subscriptions/12053b8f-cab5-4f5c-9c1a-870580142abd/resourceGroups/CosmosDBResourceGroup3668/providers/Microsoft.DocumentDB/databaseAccounts/db001/mongodbDatabases/dbName3/collections/collectionName?api-version=2021-01-15",
      "EncodedRequestUri": "L3N1YnNjcmlwdGlvbnMvMTIwNTNiOGYtY2FiNS00ZjVjLTljMWEtODcwNTgwMTQyYWJkL3Jlc291cmNlR3JvdXBzL0Nvc21vc0RCUmVzb3VyY2VHcm91cDM2NjgvcHJvdmlkZXJzL01pY3Jvc29mdC5Eb2N1bWVudERCL2RhdGFiYXNlQWNjb3VudHMvZGIwMDEvbW9uZ29kYkRhdGFiYXNlcy9kYk5hbWUzL2NvbGxlY3Rpb25zL2NvbGxlY3Rpb25OYW1lP2FwaS12ZXJzaW9uPTIwMjEtMDEtMTU=",
      "RequestMethod": "GET",
      "RequestBody": "",
      "RequestHeaders": {
        "x-ms-client-request-id": [
          "c8af2ad8-ba4b-4105-a351-ae7f8bac3a4d"
        ],
        "User-Agent": [
          "FxVersion/4.6.29719.03",
          "OSName/Windows",
          "OSVersion/Microsoft.Windows.10.0.19042.",
          "Microsoft.Azure.Management.CosmosDB.CosmosDBManagementClient/2.0.0.0"
        ]
      },
      "ResponseHeaders": {
        "Cache-Control": [
          "no-store, no-cache"
        ],
        "Pragma": [
          "no-cache"
        ],
        "Strict-Transport-Security": [
          "max-age=31536000; includeSubDomains"
        ],
        "x-ms-gatewayversion": [
          "version=2.11.0"
        ],
        "Server": [
          "Microsoft-HTTPAPI/2.0"
        ],
        "x-ms-ratelimit-remaining-subscription-reads": [
          "11984"
        ],
        "x-ms-request-id": [
          "2d34421e-daa8-4a23-b99f-972fc13c6319"
        ],
        "x-ms-correlation-request-id": [
          "2d34421e-daa8-4a23-b99f-972fc13c6319"
        ],
        "x-ms-routing-request-id": [
          "WESTUS2:20210213T030556Z:2d34421e-daa8-4a23-b99f-972fc13c6319"
        ],
        "X-Content-Type-Options": [
          "nosniff"
        ],
        "Date": [
          "Sat, 13 Feb 2021 03:05:55 GMT"
        ],
        "Content-Length": [
          "589"
        ],
        "Content-Type": [
          "application/json"
        ]
      },
      "ResponseBody": "{\r\n  \"id\": \"/subscriptions/12053b8f-cab5-4f5c-9c1a-870580142abd/resourceGroups/CosmosDBResourceGroup3668/providers/Microsoft.DocumentDB/databaseAccounts/db001/mongodbDatabases/dbName3/collections/collectionName\",\r\n  \"type\": \"Microsoft.DocumentDB/databaseAccounts/mongodbDatabases/collections\",\r\n  \"name\": \"collectionName\",\r\n  \"properties\": {\r\n    \"resource\": {\r\n      \"id\": \"collectionName\",\r\n      \"_rid\": \"3ukQAJGQ+E8=\",\r\n      \"_etag\": \"\\\"00006900-0000-0100-0000-602741fb0000\\\"\",\r\n      \"_ts\": 1613185531,\r\n      \"shardKey\": {\r\n        \"shardKeyPath\": \"Hash\"\r\n      },\r\n      \"indexes\": [\r\n        {\r\n          \"key\": {\r\n            \"keys\": [\r\n              \"_id\"\r\n            ]\r\n          },\r\n          \"options\": {}\r\n        },\r\n        {\r\n          \"key\": {\r\n            \"keys\": [\r\n              \"DocumentDBDefaultIndex\"\r\n            ]\r\n          },\r\n          \"options\": {}\r\n        }\r\n      ]\r\n    }\r\n  }\r\n}",
      "StatusCode": 200
    },
    {
      "RequestUri": "/subscriptions/12053b8f-cab5-4f5c-9c1a-870580142abd/resourceGroups/CosmosDBResourceGroup3668/providers/Microsoft.DocumentDB/databaseAccounts/db001/mongodbDatabases/dbName3/collections/collectionName?api-version=2021-01-15",
      "EncodedRequestUri": "L3N1YnNjcmlwdGlvbnMvMTIwNTNiOGYtY2FiNS00ZjVjLTljMWEtODcwNTgwMTQyYWJkL3Jlc291cmNlR3JvdXBzL0Nvc21vc0RCUmVzb3VyY2VHcm91cDM2NjgvcHJvdmlkZXJzL01pY3Jvc29mdC5Eb2N1bWVudERCL2RhdGFiYXNlQWNjb3VudHMvZGIwMDEvbW9uZ29kYkRhdGFiYXNlcy9kYk5hbWUzL2NvbGxlY3Rpb25zL2NvbGxlY3Rpb25OYW1lP2FwaS12ZXJzaW9uPTIwMjEtMDEtMTU=",
      "RequestMethod": "PUT",
      "RequestBody": "{\r\n  \"properties\": {\r\n    \"resource\": {\r\n      \"id\": \"collectionName\",\r\n      \"shardKey\": {\r\n        \"shardKeyPath\": \"Hash\"\r\n      }\r\n    },\r\n    \"options\": {\r\n      \"throughput\": 800\r\n    }\r\n  }\r\n}",
      "RequestHeaders": {
        "x-ms-client-request-id": [
          "c8af2ad8-ba4b-4105-a351-ae7f8bac3a4d"
        ],
        "Accept-Language": [
          "en-US"
        ],
        "User-Agent": [
          "FxVersion/4.6.29719.03",
          "OSName/Windows",
          "OSVersion/Microsoft.Windows.10.0.19042.",
          "Microsoft.Azure.Management.CosmosDB.CosmosDBManagementClient/2.0.0.0"
        ],
        "Content-Type": [
          "application/json; charset=utf-8"
        ],
        "Content-Length": [
          "198"
        ]
      },
      "ResponseHeaders": {
        "Cache-Control": [
          "no-store, no-cache"
        ],
        "Pragma": [
          "no-cache"
        ],
        "Location": [
          "https://management.azure.com/subscriptions/12053b8f-cab5-4f5c-9c1a-870580142abd/resourceGroups/CosmosDBResourceGroup3668/providers/Microsoft.DocumentDB/databaseAccounts/db001/mongodbDatabases/dbName3/collections/collectionName/operationResults/52a47c4d-834d-4dbb-84c2-69a0b1294e1c?api-version=2021-01-15"
        ],
        "Azure-AsyncOperation": [
          "https://management.azure.com/subscriptions/12053b8f-cab5-4f5c-9c1a-870580142abd/providers/Microsoft.DocumentDB/locations/eastus/operationsStatus/52a47c4d-834d-4dbb-84c2-69a0b1294e1c?api-version=2021-01-15"
        ],
        "x-ms-request-id": [
          "52a47c4d-834d-4dbb-84c2-69a0b1294e1c"
        ],
        "Strict-Transport-Security": [
          "max-age=31536000; includeSubDomains"
        ],
        "x-ms-gatewayversion": [
          "version=2.11.0"
        ],
        "Server": [
          "Microsoft-HTTPAPI/2.0"
        ],
        "x-ms-ratelimit-remaining-subscription-writes": [
          "1195"
        ],
        "x-ms-correlation-request-id": [
          "6453afbc-43ff-439d-b4de-1093cb334f5f"
        ],
        "x-ms-routing-request-id": [
          "WESTUS2:20210213T030526Z:6453afbc-43ff-439d-b4de-1093cb334f5f"
        ],
        "X-Content-Type-Options": [
          "nosniff"
        ],
        "Date": [
          "Sat, 13 Feb 2021 03:05:25 GMT"
        ],
        "Content-Length": [
          "21"
        ],
        "Content-Type": [
          "application/json"
        ]
      },
      "ResponseBody": "{\r\n  \"status\": \"Enqueued\"\r\n}",
      "StatusCode": 202
    },
    {
      "RequestUri": "/subscriptions/12053b8f-cab5-4f5c-9c1a-870580142abd/providers/Microsoft.DocumentDB/locations/eastus/operationsStatus/52a47c4d-834d-4dbb-84c2-69a0b1294e1c?api-version=2021-01-15",
      "EncodedRequestUri": "L3N1YnNjcmlwdGlvbnMvMTIwNTNiOGYtY2FiNS00ZjVjLTljMWEtODcwNTgwMTQyYWJkL3Byb3ZpZGVycy9NaWNyb3NvZnQuRG9jdW1lbnREQi9sb2NhdGlvbnMvZWFzdHVzL29wZXJhdGlvbnNTdGF0dXMvNTJhNDdjNGQtODM0ZC00ZGJiLTg0YzItNjlhMGIxMjk0ZTFjP2FwaS12ZXJzaW9uPTIwMjEtMDEtMTU=",
      "RequestMethod": "GET",
      "RequestBody": "",
      "RequestHeaders": {
        "x-ms-client-request-id": [
          "c8af2ad8-ba4b-4105-a351-ae7f8bac3a4d"
        ],
        "User-Agent": [
          "FxVersion/4.6.29719.03",
          "OSName/Windows",
          "OSVersion/Microsoft.Windows.10.0.19042.",
          "Microsoft.Azure.Management.CosmosDB.CosmosDBManagementClient/2.0.0.0"
        ]
      },
      "ResponseHeaders": {
        "Cache-Control": [
          "no-store, no-cache"
        ],
        "Pragma": [
          "no-cache"
        ],
        "Strict-Transport-Security": [
          "max-age=31536000; includeSubDomains"
        ],
        "x-ms-gatewayversion": [
          "version=2.11.0"
        ],
        "Server": [
          "Microsoft-HTTPAPI/2.0"
        ],
        "x-ms-ratelimit-remaining-subscription-reads": [
          "11985"
        ],
        "x-ms-request-id": [
          "ceec77f6-bb3a-4ece-8efb-74dbea8dbb05"
        ],
        "x-ms-correlation-request-id": [
          "ceec77f6-bb3a-4ece-8efb-74dbea8dbb05"
        ],
        "x-ms-routing-request-id": [
          "WESTUS2:20210213T030556Z:ceec77f6-bb3a-4ece-8efb-74dbea8dbb05"
        ],
        "X-Content-Type-Options": [
          "nosniff"
        ],
        "Date": [
          "Sat, 13 Feb 2021 03:05:55 GMT"
        ],
        "Content-Length": [
          "22"
        ],
        "Content-Type": [
          "application/json"
        ]
      },
      "ResponseBody": "{\r\n  \"status\": \"Succeeded\"\r\n}",
      "StatusCode": 200
    },
    {
      "RequestUri": "/subscriptions/12053b8f-cab5-4f5c-9c1a-870580142abd/resourceGroups/CosmosDBResourceGroup3668/providers/Microsoft.DocumentDB/databaseAccounts/db001/mongodbDatabases/dbName3/collections/collectionName/throughputSettings/default?api-version=2021-01-15",
      "EncodedRequestUri": "L3N1YnNjcmlwdGlvbnMvMTIwNTNiOGYtY2FiNS00ZjVjLTljMWEtODcwNTgwMTQyYWJkL3Jlc291cmNlR3JvdXBzL0Nvc21vc0RCUmVzb3VyY2VHcm91cDM2NjgvcHJvdmlkZXJzL01pY3Jvc29mdC5Eb2N1bWVudERCL2RhdGFiYXNlQWNjb3VudHMvZGIwMDEvbW9uZ29kYkRhdGFiYXNlcy9kYk5hbWUzL2NvbGxlY3Rpb25zL2NvbGxlY3Rpb25OYW1lL3Rocm91Z2hwdXRTZXR0aW5ncy9kZWZhdWx0P2FwaS12ZXJzaW9uPTIwMjEtMDEtMTU=",
      "RequestMethod": "GET",
      "RequestBody": "",
      "RequestHeaders": {
        "x-ms-client-request-id": [
          "08180f8c-6584-417d-904c-a02b2017a077"
        ],
        "Accept-Language": [
          "en-US"
        ],
        "User-Agent": [
          "FxVersion/4.6.29719.03",
          "OSName/Windows",
          "OSVersion/Microsoft.Windows.10.0.19042.",
          "Microsoft.Azure.Management.CosmosDB.CosmosDBManagementClient/2.0.0.0"
        ]
      },
      "ResponseHeaders": {
        "Cache-Control": [
          "no-store, no-cache"
        ],
        "Pragma": [
          "no-cache"
        ],
        "Strict-Transport-Security": [
          "max-age=31536000; includeSubDomains"
        ],
        "x-ms-gatewayversion": [
          "version=2.11.0"
        ],
        "Server": [
          "Microsoft-HTTPAPI/2.0"
        ],
        "x-ms-ratelimit-remaining-subscription-reads": [
          "11983"
        ],
        "x-ms-request-id": [
          "b17b04e6-abf5-4be8-9977-e099b2718944"
        ],
        "x-ms-correlation-request-id": [
          "b17b04e6-abf5-4be8-9977-e099b2718944"
        ],
        "x-ms-routing-request-id": [
          "WESTUS2:20210213T030556Z:b17b04e6-abf5-4be8-9977-e099b2718944"
        ],
        "X-Content-Type-Options": [
          "nosniff"
        ],
        "Date": [
          "Sat, 13 Feb 2021 03:05:56 GMT"
        ],
        "Content-Length": [
          "414"
        ],
        "Content-Type": [
          "application/json"
        ]
      },
      "ResponseBody": "{\r\n  \"id\": \"/subscriptions/12053b8f-cab5-4f5c-9c1a-870580142abd/resourceGroups/CosmosDBResourceGroup3668/providers/Microsoft.DocumentDB/databaseAccounts/db001/mongodbDatabases/dbName3/collections/collectionName/throughputSettings/default\",\r\n  \"type\": \"Microsoft.DocumentDB/databaseAccounts/mongodbDatabases/collections/throughputSettings\",\r\n  \"name\": \"ioXf\",\r\n  \"properties\": {\r\n    \"resource\": {\r\n      \"throughput\": 800,\r\n      \"minimumThroughput\": \"400\"\r\n    }\r\n  }\r\n}",
      "StatusCode": 200
    },
    {
      "RequestUri": "/subscriptions/12053b8f-cab5-4f5c-9c1a-870580142abd/resourceGroups/CosmosDBResourceGroup3668/providers/Microsoft.DocumentDB/databaseAccounts/db001/mongodbDatabases/dbName3/collections/collectionName/throughputSettings/default?api-version=2021-01-15",
      "EncodedRequestUri": "L3N1YnNjcmlwdGlvbnMvMTIwNTNiOGYtY2FiNS00ZjVjLTljMWEtODcwNTgwMTQyYWJkL3Jlc291cmNlR3JvdXBzL0Nvc21vc0RCUmVzb3VyY2VHcm91cDM2NjgvcHJvdmlkZXJzL01pY3Jvc29mdC5Eb2N1bWVudERCL2RhdGFiYXNlQWNjb3VudHMvZGIwMDEvbW9uZ29kYkRhdGFiYXNlcy9kYk5hbWUzL2NvbGxlY3Rpb25zL2NvbGxlY3Rpb25OYW1lL3Rocm91Z2hwdXRTZXR0aW5ncy9kZWZhdWx0P2FwaS12ZXJzaW9uPTIwMjEtMDEtMTU=",
      "RequestMethod": "GET",
      "RequestBody": "",
      "RequestHeaders": {
        "x-ms-client-request-id": [
          "cb84325f-227f-4847-a95c-b478f71b5a4d"
        ],
        "User-Agent": [
          "FxVersion/4.6.29719.03",
          "OSName/Windows",
          "OSVersion/Microsoft.Windows.10.0.19042.",
          "Microsoft.Azure.Management.CosmosDB.CosmosDBManagementClient/2.0.0.0"
        ]
      },
      "ResponseHeaders": {
        "Cache-Control": [
          "no-store, no-cache"
        ],
        "Pragma": [
          "no-cache"
        ],
        "Strict-Transport-Security": [
          "max-age=31536000; includeSubDomains"
        ],
        "x-ms-gatewayversion": [
          "version=2.11.0"
        ],
        "Server": [
          "Microsoft-HTTPAPI/2.0"
        ],
        "x-ms-ratelimit-remaining-subscription-reads": [
          "11981"
        ],
        "x-ms-request-id": [
          "d23d6a5c-62b1-4298-afbd-c1f740f62a70"
        ],
        "x-ms-correlation-request-id": [
          "d23d6a5c-62b1-4298-afbd-c1f740f62a70"
        ],
        "x-ms-routing-request-id": [
          "WESTUS2:20210213T030628Z:d23d6a5c-62b1-4298-afbd-c1f740f62a70"
        ],
        "X-Content-Type-Options": [
          "nosniff"
        ],
        "Date": [
          "Sat, 13 Feb 2021 03:06:28 GMT"
        ],
        "Content-Length": [
          "414"
        ],
        "Content-Type": [
          "application/json"
        ]
      },
      "ResponseBody": "{\r\n  \"id\": \"/subscriptions/12053b8f-cab5-4f5c-9c1a-870580142abd/resourceGroups/CosmosDBResourceGroup3668/providers/Microsoft.DocumentDB/databaseAccounts/db001/mongodbDatabases/dbName3/collections/collectionName/throughputSettings/default\",\r\n  \"type\": \"Microsoft.DocumentDB/databaseAccounts/mongodbDatabases/collections/throughputSettings\",\r\n  \"name\": \"ioXf\",\r\n  \"properties\": {\r\n    \"resource\": {\r\n      \"throughput\": 700,\r\n      \"minimumThroughput\": \"400\"\r\n    }\r\n  }\r\n}",
      "StatusCode": 200
    },
    {
      "RequestUri": "/subscriptions/12053b8f-cab5-4f5c-9c1a-870580142abd/resourceGroups/CosmosDBResourceGroup3668/providers/Microsoft.DocumentDB/databaseAccounts/db001/mongodbDatabases/dbName3/collections/collectionName/throughputSettings/default?api-version=2021-01-15",
      "EncodedRequestUri": "L3N1YnNjcmlwdGlvbnMvMTIwNTNiOGYtY2FiNS00ZjVjLTljMWEtODcwNTgwMTQyYWJkL3Jlc291cmNlR3JvdXBzL0Nvc21vc0RCUmVzb3VyY2VHcm91cDM2NjgvcHJvdmlkZXJzL01pY3Jvc29mdC5Eb2N1bWVudERCL2RhdGFiYXNlQWNjb3VudHMvZGIwMDEvbW9uZ29kYkRhdGFiYXNlcy9kYk5hbWUzL2NvbGxlY3Rpb25zL2NvbGxlY3Rpb25OYW1lL3Rocm91Z2hwdXRTZXR0aW5ncy9kZWZhdWx0P2FwaS12ZXJzaW9uPTIwMjEtMDEtMTU=",
      "RequestMethod": "GET",
      "RequestBody": "",
      "RequestHeaders": {
        "x-ms-client-request-id": [
          "f8ee7b0b-a661-4ecf-83e6-defc71ae83c3"
        ],
        "User-Agent": [
          "FxVersion/4.6.29719.03",
          "OSName/Windows",
          "OSVersion/Microsoft.Windows.10.0.19042.",
          "Microsoft.Azure.Management.CosmosDB.CosmosDBManagementClient/2.0.0.0"
        ]
      },
      "ResponseHeaders": {
        "Cache-Control": [
          "no-store, no-cache"
        ],
        "Pragma": [
          "no-cache"
        ],
        "Strict-Transport-Security": [
          "max-age=31536000; includeSubDomains"
        ],
        "x-ms-gatewayversion": [
          "version=2.11.0"
        ],
        "Server": [
          "Microsoft-HTTPAPI/2.0"
        ],
        "x-ms-ratelimit-remaining-subscription-reads": [
          "11979"
        ],
        "x-ms-request-id": [
          "bacb5b75-fc65-443b-a3ff-60dff38bc983"
        ],
        "x-ms-correlation-request-id": [
          "bacb5b75-fc65-443b-a3ff-60dff38bc983"
        ],
        "x-ms-routing-request-id": [
          "WESTUS2:20210213T030659Z:bacb5b75-fc65-443b-a3ff-60dff38bc983"
        ],
        "X-Content-Type-Options": [
          "nosniff"
        ],
        "Date": [
          "Sat, 13 Feb 2021 03:06:58 GMT"
        ],
        "Content-Length": [
          "414"
        ],
        "Content-Type": [
          "application/json"
        ]
      },
      "ResponseBody": "{\r\n  \"id\": \"/subscriptions/12053b8f-cab5-4f5c-9c1a-870580142abd/resourceGroups/CosmosDBResourceGroup3668/providers/Microsoft.DocumentDB/databaseAccounts/db001/mongodbDatabases/dbName3/collections/collectionName/throughputSettings/default\",\r\n  \"type\": \"Microsoft.DocumentDB/databaseAccounts/mongodbDatabases/collections/throughputSettings\",\r\n  \"name\": \"ioXf\",\r\n  \"properties\": {\r\n    \"resource\": {\r\n      \"throughput\": 600,\r\n      \"minimumThroughput\": \"400\"\r\n    }\r\n  }\r\n}",
      "StatusCode": 200
    },
    {
      "RequestUri": "/subscriptions/12053b8f-cab5-4f5c-9c1a-870580142abd/resourceGroups/CosmosDBResourceGroup3668/providers/Microsoft.DocumentDB/databaseAccounts/db001/mongodbDatabases/dbName3/collections/collectionName/throughputSettings/default?api-version=2021-01-15",
      "EncodedRequestUri": "L3N1YnNjcmlwdGlvbnMvMTIwNTNiOGYtY2FiNS00ZjVjLTljMWEtODcwNTgwMTQyYWJkL3Jlc291cmNlR3JvdXBzL0Nvc21vc0RCUmVzb3VyY2VHcm91cDM2NjgvcHJvdmlkZXJzL01pY3Jvc29mdC5Eb2N1bWVudERCL2RhdGFiYXNlQWNjb3VudHMvZGIwMDEvbW9uZ29kYkRhdGFiYXNlcy9kYk5hbWUzL2NvbGxlY3Rpb25zL2NvbGxlY3Rpb25OYW1lL3Rocm91Z2hwdXRTZXR0aW5ncy9kZWZhdWx0P2FwaS12ZXJzaW9uPTIwMjEtMDEtMTU=",
      "RequestMethod": "GET",
      "RequestBody": "",
      "RequestHeaders": {
        "x-ms-client-request-id": [
          "0369d599-80d9-4b07-a625-02a6290bebe9"
        ],
        "User-Agent": [
          "FxVersion/4.6.29719.03",
          "OSName/Windows",
          "OSVersion/Microsoft.Windows.10.0.19042.",
          "Microsoft.Azure.Management.CosmosDB.CosmosDBManagementClient/2.0.0.0"
        ]
      },
      "ResponseHeaders": {
        "Cache-Control": [
          "no-store, no-cache"
        ],
        "Pragma": [
          "no-cache"
        ],
        "Strict-Transport-Security": [
          "max-age=31536000; includeSubDomains"
        ],
        "x-ms-gatewayversion": [
          "version=2.11.0"
        ],
        "Server": [
          "Microsoft-HTTPAPI/2.0"
        ],
        "x-ms-ratelimit-remaining-subscription-reads": [
          "11977"
        ],
        "x-ms-request-id": [
          "8923dc27-eb84-44bd-9711-c9fbf74d11a0"
        ],
        "x-ms-correlation-request-id": [
          "8923dc27-eb84-44bd-9711-c9fbf74d11a0"
        ],
        "x-ms-routing-request-id": [
          "WESTUS2:20210213T030730Z:8923dc27-eb84-44bd-9711-c9fbf74d11a0"
        ],
        "X-Content-Type-Options": [
          "nosniff"
        ],
        "Date": [
          "Sat, 13 Feb 2021 03:07:29 GMT"
        ],
        "Content-Length": [
          "414"
        ],
        "Content-Type": [
          "application/json"
        ]
      },
      "ResponseBody": "{\r\n  \"id\": \"/subscriptions/12053b8f-cab5-4f5c-9c1a-870580142abd/resourceGroups/CosmosDBResourceGroup3668/providers/Microsoft.DocumentDB/databaseAccounts/db001/mongodbDatabases/dbName3/collections/collectionName/throughputSettings/default\",\r\n  \"type\": \"Microsoft.DocumentDB/databaseAccounts/mongodbDatabases/collections/throughputSettings\",\r\n  \"name\": \"ioXf\",\r\n  \"properties\": {\r\n    \"resource\": {\r\n      \"throughput\": 500,\r\n      \"minimumThroughput\": \"400\"\r\n    }\r\n  }\r\n}",
      "StatusCode": 200
    },
    {
      "RequestUri": "/subscriptions/12053b8f-cab5-4f5c-9c1a-870580142abd/resourceGroups/CosmosDBResourceGroup3668/providers/Microsoft.DocumentDB/databaseAccounts/db001/mongodbDatabases/dbName3/collections/collectionName/throughputSettings/default?api-version=2021-01-15",
      "EncodedRequestUri": "L3N1YnNjcmlwdGlvbnMvMTIwNTNiOGYtY2FiNS00ZjVjLTljMWEtODcwNTgwMTQyYWJkL3Jlc291cmNlR3JvdXBzL0Nvc21vc0RCUmVzb3VyY2VHcm91cDM2NjgvcHJvdmlkZXJzL01pY3Jvc29mdC5Eb2N1bWVudERCL2RhdGFiYXNlQWNjb3VudHMvZGIwMDEvbW9uZ29kYkRhdGFiYXNlcy9kYk5hbWUzL2NvbGxlY3Rpb25zL2NvbGxlY3Rpb25OYW1lL3Rocm91Z2hwdXRTZXR0aW5ncy9kZWZhdWx0P2FwaS12ZXJzaW9uPTIwMjEtMDEtMTU=",
      "RequestMethod": "PUT",
      "RequestBody": "{\r\n  \"properties\": {\r\n    \"resource\": {\r\n      \"throughput\": 700\r\n    }\r\n  }\r\n}",
      "RequestHeaders": {
        "x-ms-client-request-id": [
          "cb84325f-227f-4847-a95c-b478f71b5a4d"
        ],
        "Accept-Language": [
          "en-US"
        ],
        "User-Agent": [
          "FxVersion/4.6.29719.03",
          "OSName/Windows",
          "OSVersion/Microsoft.Windows.10.0.19042.",
          "Microsoft.Azure.Management.CosmosDB.CosmosDBManagementClient/2.0.0.0"
        ],
        "Content-Type": [
          "application/json; charset=utf-8"
        ],
        "Content-Length": [
          "79"
        ]
      },
      "ResponseHeaders": {
        "Cache-Control": [
          "no-store, no-cache"
        ],
        "Pragma": [
          "no-cache"
        ],
        "Location": [
          "https://management.azure.com/subscriptions/12053b8f-cab5-4f5c-9c1a-870580142abd/resourceGroups/CosmosDBResourceGroup3668/providers/Microsoft.DocumentDB/databaseAccounts/db001/mongodbDatabases/dbName3/collections/collectionName/throughputSettings/default/operationResults/35bf7517-891b-43fb-96be-61599218ebb5?api-version=2021-01-15"
        ],
        "Azure-AsyncOperation": [
          "https://management.azure.com/subscriptions/12053b8f-cab5-4f5c-9c1a-870580142abd/providers/Microsoft.DocumentDB/locations/eastus/operationsStatus/35bf7517-891b-43fb-96be-61599218ebb5?api-version=2021-01-15"
        ],
        "x-ms-request-id": [
          "35bf7517-891b-43fb-96be-61599218ebb5"
        ],
        "Strict-Transport-Security": [
          "max-age=31536000; includeSubDomains"
        ],
        "x-ms-gatewayversion": [
          "version=2.11.0"
        ],
        "Server": [
          "Microsoft-HTTPAPI/2.0"
        ],
        "x-ms-ratelimit-remaining-subscription-writes": [
          "1194"
        ],
        "x-ms-correlation-request-id": [
          "63e57910-abcb-41de-9ecb-b19f1e074755"
        ],
        "x-ms-routing-request-id": [
          "WESTUS2:20210213T030557Z:63e57910-abcb-41de-9ecb-b19f1e074755"
        ],
        "X-Content-Type-Options": [
          "nosniff"
        ],
        "Date": [
          "Sat, 13 Feb 2021 03:05:56 GMT"
        ],
        "Content-Length": [
          "21"
        ],
        "Content-Type": [
          "application/json"
        ]
      },
      "ResponseBody": "{\r\n  \"status\": \"Enqueued\"\r\n}",
      "StatusCode": 202
    },
    {
      "RequestUri": "/subscriptions/12053b8f-cab5-4f5c-9c1a-870580142abd/resourceGroups/CosmosDBResourceGroup3668/providers/Microsoft.DocumentDB/databaseAccounts/db001/mongodbDatabases/dbName3/collections/collectionName/throughputSettings/default?api-version=2021-01-15",
      "EncodedRequestUri": "L3N1YnNjcmlwdGlvbnMvMTIwNTNiOGYtY2FiNS00ZjVjLTljMWEtODcwNTgwMTQyYWJkL3Jlc291cmNlR3JvdXBzL0Nvc21vc0RCUmVzb3VyY2VHcm91cDM2NjgvcHJvdmlkZXJzL01pY3Jvc29mdC5Eb2N1bWVudERCL2RhdGFiYXNlQWNjb3VudHMvZGIwMDEvbW9uZ29kYkRhdGFiYXNlcy9kYk5hbWUzL2NvbGxlY3Rpb25zL2NvbGxlY3Rpb25OYW1lL3Rocm91Z2hwdXRTZXR0aW5ncy9kZWZhdWx0P2FwaS12ZXJzaW9uPTIwMjEtMDEtMTU=",
      "RequestMethod": "PUT",
      "RequestBody": "{\r\n  \"properties\": {\r\n    \"resource\": {\r\n      \"throughput\": 600\r\n    }\r\n  }\r\n}",
      "RequestHeaders": {
        "x-ms-client-request-id": [
          "f8ee7b0b-a661-4ecf-83e6-defc71ae83c3"
        ],
        "Accept-Language": [
          "en-US"
        ],
        "User-Agent": [
          "FxVersion/4.6.29719.03",
          "OSName/Windows",
          "OSVersion/Microsoft.Windows.10.0.19042.",
          "Microsoft.Azure.Management.CosmosDB.CosmosDBManagementClient/2.0.0.0"
        ],
        "Content-Type": [
          "application/json; charset=utf-8"
        ],
        "Content-Length": [
          "79"
        ]
      },
      "ResponseHeaders": {
        "Cache-Control": [
          "no-store, no-cache"
        ],
        "Pragma": [
          "no-cache"
        ],
        "Location": [
          "https://management.azure.com/subscriptions/12053b8f-cab5-4f5c-9c1a-870580142abd/resourceGroups/CosmosDBResourceGroup3668/providers/Microsoft.DocumentDB/databaseAccounts/db001/mongodbDatabases/dbName3/collections/collectionName/throughputSettings/default/operationResults/63e2157d-a049-432f-921c-40f20349b652?api-version=2021-01-15"
        ],
        "Azure-AsyncOperation": [
          "https://management.azure.com/subscriptions/12053b8f-cab5-4f5c-9c1a-870580142abd/providers/Microsoft.DocumentDB/locations/eastus/operationsStatus/63e2157d-a049-432f-921c-40f20349b652?api-version=2021-01-15"
        ],
        "x-ms-request-id": [
          "63e2157d-a049-432f-921c-40f20349b652"
        ],
        "Strict-Transport-Security": [
          "max-age=31536000; includeSubDomains"
        ],
        "x-ms-gatewayversion": [
          "version=2.11.0"
        ],
        "Server": [
          "Microsoft-HTTPAPI/2.0"
        ],
        "x-ms-ratelimit-remaining-subscription-writes": [
          "1193"
        ],
        "x-ms-correlation-request-id": [
          "12e807bd-69fd-447e-9dda-0c9177eb4c21"
        ],
        "x-ms-routing-request-id": [
          "WESTUS2:20210213T030629Z:12e807bd-69fd-447e-9dda-0c9177eb4c21"
        ],
        "X-Content-Type-Options": [
          "nosniff"
        ],
        "Date": [
          "Sat, 13 Feb 2021 03:06:28 GMT"
        ],
        "Content-Length": [
          "21"
        ],
        "Content-Type": [
          "application/json"
        ]
      },
      "ResponseBody": "{\r\n  \"status\": \"Enqueued\"\r\n}",
      "StatusCode": 202
    },
    {
      "RequestUri": "/subscriptions/12053b8f-cab5-4f5c-9c1a-870580142abd/resourceGroups/CosmosDBResourceGroup3668/providers/Microsoft.DocumentDB/databaseAccounts/db001/mongodbDatabases/dbName3/collections/collectionName/throughputSettings/default?api-version=2021-01-15",
      "EncodedRequestUri": "L3N1YnNjcmlwdGlvbnMvMTIwNTNiOGYtY2FiNS00ZjVjLTljMWEtODcwNTgwMTQyYWJkL3Jlc291cmNlR3JvdXBzL0Nvc21vc0RCUmVzb3VyY2VHcm91cDM2NjgvcHJvdmlkZXJzL01pY3Jvc29mdC5Eb2N1bWVudERCL2RhdGFiYXNlQWNjb3VudHMvZGIwMDEvbW9uZ29kYkRhdGFiYXNlcy9kYk5hbWUzL2NvbGxlY3Rpb25zL2NvbGxlY3Rpb25OYW1lL3Rocm91Z2hwdXRTZXR0aW5ncy9kZWZhdWx0P2FwaS12ZXJzaW9uPTIwMjEtMDEtMTU=",
      "RequestMethod": "PUT",
      "RequestBody": "{\r\n  \"properties\": {\r\n    \"resource\": {\r\n      \"throughput\": 500\r\n    }\r\n  }\r\n}",
      "RequestHeaders": {
        "x-ms-client-request-id": [
          "0369d599-80d9-4b07-a625-02a6290bebe9"
        ],
        "Accept-Language": [
          "en-US"
        ],
        "User-Agent": [
          "FxVersion/4.6.29719.03",
          "OSName/Windows",
          "OSVersion/Microsoft.Windows.10.0.19042.",
          "Microsoft.Azure.Management.CosmosDB.CosmosDBManagementClient/2.0.0.0"
        ],
        "Content-Type": [
          "application/json; charset=utf-8"
        ],
        "Content-Length": [
          "79"
        ]
      },
      "ResponseHeaders": {
        "Cache-Control": [
          "no-store, no-cache"
        ],
        "Pragma": [
          "no-cache"
        ],
        "Location": [
          "https://management.azure.com/subscriptions/12053b8f-cab5-4f5c-9c1a-870580142abd/resourceGroups/CosmosDBResourceGroup3668/providers/Microsoft.DocumentDB/databaseAccounts/db001/mongodbDatabases/dbName3/collections/collectionName/throughputSettings/default/operationResults/3642fe35-1c82-4e25-b52c-b1aab822971a?api-version=2021-01-15"
        ],
        "Azure-AsyncOperation": [
          "https://management.azure.com/subscriptions/12053b8f-cab5-4f5c-9c1a-870580142abd/providers/Microsoft.DocumentDB/locations/eastus/operationsStatus/3642fe35-1c82-4e25-b52c-b1aab822971a?api-version=2021-01-15"
        ],
        "x-ms-request-id": [
          "3642fe35-1c82-4e25-b52c-b1aab822971a"
        ],
        "Strict-Transport-Security": [
          "max-age=31536000; includeSubDomains"
        ],
        "x-ms-gatewayversion": [
          "version=2.11.0"
        ],
        "Server": [
          "Microsoft-HTTPAPI/2.0"
        ],
        "x-ms-ratelimit-remaining-subscription-writes": [
          "1192"
        ],
        "x-ms-correlation-request-id": [
          "fb3ce076-7f25-41c5-bbb4-2df50be3d550"
        ],
        "x-ms-routing-request-id": [
          "WESTUS2:20210213T030700Z:fb3ce076-7f25-41c5-bbb4-2df50be3d550"
        ],
        "X-Content-Type-Options": [
          "nosniff"
        ],
        "Date": [
          "Sat, 13 Feb 2021 03:06:59 GMT"
        ],
        "Content-Length": [
          "21"
        ],
        "Content-Type": [
          "application/json"
        ]
      },
      "ResponseBody": "{\r\n  \"status\": \"Enqueued\"\r\n}",
      "StatusCode": 202
    },
    {
      "RequestUri": "/subscriptions/12053b8f-cab5-4f5c-9c1a-870580142abd/providers/Microsoft.DocumentDB/locations/eastus/operationsStatus/35bf7517-891b-43fb-96be-61599218ebb5?api-version=2021-01-15",
      "EncodedRequestUri": "L3N1YnNjcmlwdGlvbnMvMTIwNTNiOGYtY2FiNS00ZjVjLTljMWEtODcwNTgwMTQyYWJkL3Byb3ZpZGVycy9NaWNyb3NvZnQuRG9jdW1lbnREQi9sb2NhdGlvbnMvZWFzdHVzL29wZXJhdGlvbnNTdGF0dXMvMzViZjc1MTctODkxYi00M2ZiLTk2YmUtNjE1OTkyMThlYmI1P2FwaS12ZXJzaW9uPTIwMjEtMDEtMTU=",
      "RequestMethod": "GET",
      "RequestBody": "",
      "RequestHeaders": {
        "x-ms-client-request-id": [
          "cb84325f-227f-4847-a95c-b478f71b5a4d"
        ],
        "User-Agent": [
          "FxVersion/4.6.29719.03",
          "OSName/Windows",
          "OSVersion/Microsoft.Windows.10.0.19042.",
          "Microsoft.Azure.Management.CosmosDB.CosmosDBManagementClient/2.0.0.0"
        ]
      },
      "ResponseHeaders": {
        "Cache-Control": [
          "no-store, no-cache"
        ],
        "Pragma": [
          "no-cache"
        ],
        "Strict-Transport-Security": [
          "max-age=31536000; includeSubDomains"
        ],
        "x-ms-gatewayversion": [
          "version=2.11.0"
        ],
        "Server": [
          "Microsoft-HTTPAPI/2.0"
        ],
        "x-ms-ratelimit-remaining-subscription-reads": [
          "11982"
        ],
        "x-ms-request-id": [
          "45929b43-0989-4224-bb56-de5db05d5899"
        ],
        "x-ms-correlation-request-id": [
          "45929b43-0989-4224-bb56-de5db05d5899"
        ],
        "x-ms-routing-request-id": [
          "WESTUS2:20210213T030628Z:45929b43-0989-4224-bb56-de5db05d5899"
        ],
        "X-Content-Type-Options": [
          "nosniff"
        ],
        "Date": [
          "Sat, 13 Feb 2021 03:06:27 GMT"
        ],
        "Content-Length": [
          "22"
        ],
        "Content-Type": [
          "application/json"
        ]
      },
      "ResponseBody": "{\r\n  \"status\": \"Succeeded\"\r\n}",
      "StatusCode": 200
    },
    {
      "RequestUri": "/subscriptions/12053b8f-cab5-4f5c-9c1a-870580142abd/providers/Microsoft.DocumentDB/locations/eastus/operationsStatus/63e2157d-a049-432f-921c-40f20349b652?api-version=2021-01-15",
      "EncodedRequestUri": "L3N1YnNjcmlwdGlvbnMvMTIwNTNiOGYtY2FiNS00ZjVjLTljMWEtODcwNTgwMTQyYWJkL3Byb3ZpZGVycy9NaWNyb3NvZnQuRG9jdW1lbnREQi9sb2NhdGlvbnMvZWFzdHVzL29wZXJhdGlvbnNTdGF0dXMvNjNlMjE1N2QtYTA0OS00MzJmLTkyMWMtNDBmMjAzNDliNjUyP2FwaS12ZXJzaW9uPTIwMjEtMDEtMTU=",
      "RequestMethod": "GET",
      "RequestBody": "",
      "RequestHeaders": {
        "x-ms-client-request-id": [
          "f8ee7b0b-a661-4ecf-83e6-defc71ae83c3"
        ],
        "User-Agent": [
          "FxVersion/4.6.29719.03",
          "OSName/Windows",
          "OSVersion/Microsoft.Windows.10.0.19042.",
          "Microsoft.Azure.Management.CosmosDB.CosmosDBManagementClient/2.0.0.0"
        ]
      },
      "ResponseHeaders": {
        "Cache-Control": [
          "no-store, no-cache"
        ],
        "Pragma": [
          "no-cache"
        ],
        "Strict-Transport-Security": [
          "max-age=31536000; includeSubDomains"
        ],
        "x-ms-gatewayversion": [
          "version=2.11.0"
        ],
        "Server": [
          "Microsoft-HTTPAPI/2.0"
        ],
        "x-ms-ratelimit-remaining-subscription-reads": [
          "11980"
        ],
        "x-ms-request-id": [
          "8977b917-e2f5-4ab0-8c08-f1f9d63f6b3a"
        ],
        "x-ms-correlation-request-id": [
          "8977b917-e2f5-4ab0-8c08-f1f9d63f6b3a"
        ],
        "x-ms-routing-request-id": [
          "WESTUS2:20210213T030659Z:8977b917-e2f5-4ab0-8c08-f1f9d63f6b3a"
        ],
        "X-Content-Type-Options": [
          "nosniff"
        ],
        "Date": [
          "Sat, 13 Feb 2021 03:06:58 GMT"
        ],
        "Content-Length": [
          "22"
        ],
        "Content-Type": [
          "application/json"
        ]
      },
      "ResponseBody": "{\r\n  \"status\": \"Succeeded\"\r\n}",
      "StatusCode": 200
    },
    {
      "RequestUri": "/subscriptions/12053b8f-cab5-4f5c-9c1a-870580142abd/providers/Microsoft.DocumentDB/locations/eastus/operationsStatus/3642fe35-1c82-4e25-b52c-b1aab822971a?api-version=2021-01-15",
      "EncodedRequestUri": "L3N1YnNjcmlwdGlvbnMvMTIwNTNiOGYtY2FiNS00ZjVjLTljMWEtODcwNTgwMTQyYWJkL3Byb3ZpZGVycy9NaWNyb3NvZnQuRG9jdW1lbnREQi9sb2NhdGlvbnMvZWFzdHVzL29wZXJhdGlvbnNTdGF0dXMvMzY0MmZlMzUtMWM4Mi00ZTI1LWI1MmMtYjFhYWI4MjI5NzFhP2FwaS12ZXJzaW9uPTIwMjEtMDEtMTU=",
      "RequestMethod": "GET",
      "RequestBody": "",
      "RequestHeaders": {
        "x-ms-client-request-id": [
          "0369d599-80d9-4b07-a625-02a6290bebe9"
        ],
        "User-Agent": [
          "FxVersion/4.6.29719.03",
          "OSName/Windows",
          "OSVersion/Microsoft.Windows.10.0.19042.",
          "Microsoft.Azure.Management.CosmosDB.CosmosDBManagementClient/2.0.0.0"
        ]
      },
      "ResponseHeaders": {
        "Cache-Control": [
          "no-store, no-cache"
        ],
        "Pragma": [
          "no-cache"
        ],
        "Strict-Transport-Security": [
          "max-age=31536000; includeSubDomains"
        ],
        "x-ms-gatewayversion": [
          "version=2.11.0"
        ],
        "Server": [
          "Microsoft-HTTPAPI/2.0"
        ],
        "x-ms-ratelimit-remaining-subscription-reads": [
          "11978"
        ],
        "x-ms-request-id": [
          "5357fae6-7cdf-4b0a-bdb1-81602dc6c6b5"
        ],
        "x-ms-correlation-request-id": [
          "5357fae6-7cdf-4b0a-bdb1-81602dc6c6b5"
        ],
        "x-ms-routing-request-id": [
          "WESTUS2:20210213T030730Z:5357fae6-7cdf-4b0a-bdb1-81602dc6c6b5"
        ],
        "X-Content-Type-Options": [
          "nosniff"
        ],
        "Date": [
          "Sat, 13 Feb 2021 03:07:29 GMT"
        ],
        "Content-Length": [
          "22"
        ],
        "Content-Type": [
          "application/json"
        ]
      },
      "ResponseBody": "{\r\n  \"status\": \"Succeeded\"\r\n}",
      "StatusCode": 200
    },
    {
      "RequestUri": "/subscriptions/12053b8f-cab5-4f5c-9c1a-870580142abd/resourceGroups/CosmosDBResourceGroup3668/providers/Microsoft.DocumentDB/databaseAccounts/db001/mongodbDatabases/dbName3/collections/collectionName?api-version=2021-01-15",
      "EncodedRequestUri": "L3N1YnNjcmlwdGlvbnMvMTIwNTNiOGYtY2FiNS00ZjVjLTljMWEtODcwNTgwMTQyYWJkL3Jlc291cmNlR3JvdXBzL0Nvc21vc0RCUmVzb3VyY2VHcm91cDM2NjgvcHJvdmlkZXJzL01pY3Jvc29mdC5Eb2N1bWVudERCL2RhdGFiYXNlQWNjb3VudHMvZGIwMDEvbW9uZ29kYkRhdGFiYXNlcy9kYk5hbWUzL2NvbGxlY3Rpb25zL2NvbGxlY3Rpb25OYW1lP2FwaS12ZXJzaW9uPTIwMjEtMDEtMTU=",
      "RequestMethod": "DELETE",
      "RequestBody": "",
      "RequestHeaders": {
        "x-ms-client-request-id": [
          "93ed4329-f7e4-4674-8d74-bdf097492383"
        ],
        "Accept-Language": [
          "en-US"
        ],
        "User-Agent": [
          "FxVersion/4.6.29719.03",
          "OSName/Windows",
          "OSVersion/Microsoft.Windows.10.0.19042.",
          "Microsoft.Azure.Management.CosmosDB.CosmosDBManagementClient/2.0.0.0"
        ]
      },
      "ResponseHeaders": {
        "Cache-Control": [
          "no-store, no-cache"
        ],
        "Pragma": [
          "no-cache"
        ],
        "Location": [
          "https://management.azure.com/subscriptions/12053b8f-cab5-4f5c-9c1a-870580142abd/resourceGroups/CosmosDBResourceGroup3668/providers/Microsoft.DocumentDB/databaseAccounts/db001/mongodbDatabases/dbName3/collections/collectionName/operationResults/5ee714ad-9722-4f13-ac15-bfe2f43f10c6?api-version=2021-01-15"
        ],
        "Azure-AsyncOperation": [
          "https://management.azure.com/subscriptions/12053b8f-cab5-4f5c-9c1a-870580142abd/providers/Microsoft.DocumentDB/locations/eastus/operationsStatus/5ee714ad-9722-4f13-ac15-bfe2f43f10c6?api-version=2021-01-15"
        ],
        "x-ms-request-id": [
          "5ee714ad-9722-4f13-ac15-bfe2f43f10c6"
        ],
        "Strict-Transport-Security": [
          "max-age=31536000; includeSubDomains"
        ],
        "x-ms-gatewayversion": [
          "version=2.11.0"
        ],
        "Server": [
          "Microsoft-HTTPAPI/2.0"
        ],
        "x-ms-ratelimit-remaining-subscription-deletes": [
          "14997"
        ],
        "x-ms-correlation-request-id": [
          "fa7d5b32-a8bc-422f-9812-607b1b9e9382"
        ],
        "x-ms-routing-request-id": [
          "WESTUS2:20210213T030731Z:fa7d5b32-a8bc-422f-9812-607b1b9e9382"
        ],
        "X-Content-Type-Options": [
          "nosniff"
        ],
        "Date": [
          "Sat, 13 Feb 2021 03:07:31 GMT"
        ],
        "Content-Length": [
          "21"
        ],
        "Content-Type": [
          "application/json"
        ]
      },
      "ResponseBody": "{\r\n  \"status\": \"Enqueued\"\r\n}",
      "StatusCode": 202
    },
    {
      "RequestUri": "/subscriptions/12053b8f-cab5-4f5c-9c1a-870580142abd/resourceGroups/CosmosDBResourceGroup3668/providers/Microsoft.DocumentDB/databaseAccounts/db001/mongodbDatabases/dbName3/collections/collectionName?api-version=2021-01-15",
      "EncodedRequestUri": "L3N1YnNjcmlwdGlvbnMvMTIwNTNiOGYtY2FiNS00ZjVjLTljMWEtODcwNTgwMTQyYWJkL3Jlc291cmNlR3JvdXBzL0Nvc21vc0RCUmVzb3VyY2VHcm91cDM2NjgvcHJvdmlkZXJzL01pY3Jvc29mdC5Eb2N1bWVudERCL2RhdGFiYXNlQWNjb3VudHMvZGIwMDEvbW9uZ29kYkRhdGFiYXNlcy9kYk5hbWUzL2NvbGxlY3Rpb25zL2NvbGxlY3Rpb25OYW1lP2FwaS12ZXJzaW9uPTIwMjEtMDEtMTU=",
      "RequestMethod": "DELETE",
      "RequestBody": "",
      "RequestHeaders": {
        "x-ms-client-request-id": [
          "dd022212-9624-4d63-be3e-1f0a60453c45"
        ],
        "Accept-Language": [
          "en-US"
        ],
        "User-Agent": [
          "FxVersion/4.6.29719.03",
          "OSName/Windows",
          "OSVersion/Microsoft.Windows.10.0.19042.",
          "Microsoft.Azure.Management.CosmosDB.CosmosDBManagementClient/2.0.0.0"
        ]
      },
      "ResponseHeaders": {
        "Cache-Control": [
          "no-store, no-cache"
        ],
        "Pragma": [
          "no-cache"
        ],
        "Location": [
          "https://management.azure.com/subscriptions/12053b8f-cab5-4f5c-9c1a-870580142abd/resourceGroups/CosmosDBResourceGroup3668/providers/Microsoft.DocumentDB/databaseAccounts/db001/mongodbDatabases/dbName3/collections/collectionName/operationResults/819b6ca3-b331-432a-942f-addc8b3609db?api-version=2021-01-15"
        ],
        "Azure-AsyncOperation": [
          "https://management.azure.com/subscriptions/12053b8f-cab5-4f5c-9c1a-870580142abd/providers/Microsoft.DocumentDB/locations/eastus/operationsStatus/819b6ca3-b331-432a-942f-addc8b3609db?api-version=2021-01-15"
        ],
        "x-ms-request-id": [
          "819b6ca3-b331-432a-942f-addc8b3609db"
        ],
        "Strict-Transport-Security": [
          "max-age=31536000; includeSubDomains"
        ],
        "x-ms-gatewayversion": [
          "version=2.11.0"
        ],
        "Server": [
          "Microsoft-HTTPAPI/2.0"
        ],
        "x-ms-ratelimit-remaining-subscription-deletes": [
          "14999"
        ],
        "x-ms-correlation-request-id": [
          "9b0356c6-9d90-47e7-bec5-4f27aa58b8fb"
        ],
        "x-ms-routing-request-id": [
          "WESTUS2:20210213T030834Z:9b0356c6-9d90-47e7-bec5-4f27aa58b8fb"
        ],
        "X-Content-Type-Options": [
          "nosniff"
        ],
        "Date": [
          "Sat, 13 Feb 2021 03:08:33 GMT"
        ],
        "Content-Length": [
          "21"
        ],
        "Content-Type": [
          "application/json"
        ]
      },
      "ResponseBody": "{\r\n  \"status\": \"Enqueued\"\r\n}",
      "StatusCode": 202
    },
    {
      "RequestUri": "/subscriptions/12053b8f-cab5-4f5c-9c1a-870580142abd/providers/Microsoft.DocumentDB/locations/eastus/operationsStatus/5ee714ad-9722-4f13-ac15-bfe2f43f10c6?api-version=2021-01-15",
      "EncodedRequestUri": "L3N1YnNjcmlwdGlvbnMvMTIwNTNiOGYtY2FiNS00ZjVjLTljMWEtODcwNTgwMTQyYWJkL3Byb3ZpZGVycy9NaWNyb3NvZnQuRG9jdW1lbnREQi9sb2NhdGlvbnMvZWFzdHVzL29wZXJhdGlvbnNTdGF0dXMvNWVlNzE0YWQtOTcyMi00ZjEzLWFjMTUtYmZlMmY0M2YxMGM2P2FwaS12ZXJzaW9uPTIwMjEtMDEtMTU=",
      "RequestMethod": "GET",
      "RequestBody": "",
      "RequestHeaders": {
        "x-ms-client-request-id": [
          "93ed4329-f7e4-4674-8d74-bdf097492383"
        ],
        "User-Agent": [
          "FxVersion/4.6.29719.03",
          "OSName/Windows",
          "OSVersion/Microsoft.Windows.10.0.19042.",
          "Microsoft.Azure.Management.CosmosDB.CosmosDBManagementClient/2.0.0.0"
        ]
      },
      "ResponseHeaders": {
        "Cache-Control": [
          "no-store, no-cache"
        ],
        "Pragma": [
          "no-cache"
        ],
        "Strict-Transport-Security": [
          "max-age=31536000; includeSubDomains"
        ],
        "x-ms-gatewayversion": [
          "version=2.11.0"
        ],
        "Server": [
          "Microsoft-HTTPAPI/2.0"
        ],
        "x-ms-ratelimit-remaining-subscription-reads": [
          "11976"
        ],
        "x-ms-request-id": [
          "ec09d8fc-d68c-4bd4-aaa3-a6aad07ebd62"
        ],
        "x-ms-correlation-request-id": [
          "ec09d8fc-d68c-4bd4-aaa3-a6aad07ebd62"
        ],
        "x-ms-routing-request-id": [
          "WESTUS2:20210213T030801Z:ec09d8fc-d68c-4bd4-aaa3-a6aad07ebd62"
        ],
        "X-Content-Type-Options": [
          "nosniff"
        ],
        "Date": [
          "Sat, 13 Feb 2021 03:08:00 GMT"
        ],
        "Content-Length": [
          "22"
        ],
        "Content-Type": [
          "application/json"
        ]
      },
      "ResponseBody": "{\r\n  \"status\": \"Succeeded\"\r\n}",
      "StatusCode": 200
    },
    {
      "RequestUri": "/subscriptions/12053b8f-cab5-4f5c-9c1a-870580142abd/resourceGroups/CosmosDBResourceGroup3668/providers/Microsoft.DocumentDB/databaseAccounts/db001/mongodbDatabases/dbName3/collections/collectionName/operationResults/5ee714ad-9722-4f13-ac15-bfe2f43f10c6?api-version=2021-01-15",
      "EncodedRequestUri": "L3N1YnNjcmlwdGlvbnMvMTIwNTNiOGYtY2FiNS00ZjVjLTljMWEtODcwNTgwMTQyYWJkL3Jlc291cmNlR3JvdXBzL0Nvc21vc0RCUmVzb3VyY2VHcm91cDM2NjgvcHJvdmlkZXJzL01pY3Jvc29mdC5Eb2N1bWVudERCL2RhdGFiYXNlQWNjb3VudHMvZGIwMDEvbW9uZ29kYkRhdGFiYXNlcy9kYk5hbWUzL2NvbGxlY3Rpb25zL2NvbGxlY3Rpb25OYW1lL29wZXJhdGlvblJlc3VsdHMvNWVlNzE0YWQtOTcyMi00ZjEzLWFjMTUtYmZlMmY0M2YxMGM2P2FwaS12ZXJzaW9uPTIwMjEtMDEtMTU=",
      "RequestMethod": "GET",
      "RequestBody": "",
      "RequestHeaders": {
        "x-ms-client-request-id": [
          "93ed4329-f7e4-4674-8d74-bdf097492383"
        ],
        "User-Agent": [
          "FxVersion/4.6.29719.03",
          "OSName/Windows",
          "OSVersion/Microsoft.Windows.10.0.19042.",
          "Microsoft.Azure.Management.CosmosDB.CosmosDBManagementClient/2.0.0.0"
        ]
      },
      "ResponseHeaders": {
        "Cache-Control": [
          "no-store, no-cache"
        ],
        "Pragma": [
          "no-cache"
        ],
        "Strict-Transport-Security": [
          "max-age=31536000; includeSubDomains"
        ],
        "x-ms-gatewayversion": [
          "version=2.11.0"
        ],
        "Server": [
          "Microsoft-HTTPAPI/2.0"
        ],
        "x-ms-ratelimit-remaining-subscription-reads": [
          "11975"
        ],
        "x-ms-request-id": [
          "50ada0fc-03cd-49a7-9fec-905102f2333e"
        ],
        "x-ms-correlation-request-id": [
          "50ada0fc-03cd-49a7-9fec-905102f2333e"
        ],
        "x-ms-routing-request-id": [
          "WESTUS2:20210213T030801Z:50ada0fc-03cd-49a7-9fec-905102f2333e"
        ],
        "X-Content-Type-Options": [
          "nosniff"
        ],
        "Date": [
          "Sat, 13 Feb 2021 03:08:01 GMT"
        ],
        "Content-Type": [
          "application/json"
        ]
      },
      "ResponseBody": "",
      "StatusCode": 204
    },
    {
      "RequestUri": "/subscriptions/12053b8f-cab5-4f5c-9c1a-870580142abd/resourceGroups/CosmosDBResourceGroup3668/providers/Microsoft.DocumentDB/databaseAccounts/db001/mongodbDatabases/dbName3?api-version=2021-01-15",
      "EncodedRequestUri": "L3N1YnNjcmlwdGlvbnMvMTIwNTNiOGYtY2FiNS00ZjVjLTljMWEtODcwNTgwMTQyYWJkL3Jlc291cmNlR3JvdXBzL0Nvc21vc0RCUmVzb3VyY2VHcm91cDM2NjgvcHJvdmlkZXJzL01pY3Jvc29mdC5Eb2N1bWVudERCL2RhdGFiYXNlQWNjb3VudHMvZGIwMDEvbW9uZ29kYkRhdGFiYXNlcy9kYk5hbWUzP2FwaS12ZXJzaW9uPTIwMjEtMDEtMTU=",
      "RequestMethod": "DELETE",
      "RequestBody": "",
      "RequestHeaders": {
        "x-ms-client-request-id": [
          "be94a667-854e-4254-bfd7-773f757c4319"
        ],
        "Accept-Language": [
          "en-US"
        ],
        "User-Agent": [
          "FxVersion/4.6.29719.03",
          "OSName/Windows",
          "OSVersion/Microsoft.Windows.10.0.19042.",
          "Microsoft.Azure.Management.CosmosDB.CosmosDBManagementClient/2.0.0.0"
        ]
      },
      "ResponseHeaders": {
        "Cache-Control": [
          "no-store, no-cache"
        ],
        "Pragma": [
          "no-cache"
        ],
        "Location": [
          "https://management.azure.com/subscriptions/12053b8f-cab5-4f5c-9c1a-870580142abd/resourceGroups/CosmosDBResourceGroup3668/providers/Microsoft.DocumentDB/databaseAccounts/db001/mongodbDatabases/dbName3/operationResults/8062a22d-4183-4f76-b741-8a1132548a54?api-version=2021-01-15"
        ],
        "Azure-AsyncOperation": [
          "https://management.azure.com/subscriptions/12053b8f-cab5-4f5c-9c1a-870580142abd/providers/Microsoft.DocumentDB/locations/eastus/operationsStatus/8062a22d-4183-4f76-b741-8a1132548a54?api-version=2021-01-15"
        ],
        "x-ms-request-id": [
          "8062a22d-4183-4f76-b741-8a1132548a54"
        ],
        "Strict-Transport-Security": [
          "max-age=31536000; includeSubDomains"
        ],
        "x-ms-gatewayversion": [
          "version=2.11.0"
        ],
        "Server": [
          "Microsoft-HTTPAPI/2.0"
        ],
        "x-ms-ratelimit-remaining-subscription-deletes": [
          "14999"
        ],
        "x-ms-correlation-request-id": [
          "bc687f1b-fcd0-487e-bbc9-15a195acaf7a"
        ],
        "x-ms-routing-request-id": [
          "WESTUS2:20210213T030802Z:bc687f1b-fcd0-487e-bbc9-15a195acaf7a"
        ],
        "X-Content-Type-Options": [
          "nosniff"
        ],
        "Date": [
          "Sat, 13 Feb 2021 03:08:01 GMT"
        ],
        "Content-Length": [
          "21"
        ],
        "Content-Type": [
          "application/json"
        ]
      },
      "ResponseBody": "{\r\n  \"status\": \"Enqueued\"\r\n}",
      "StatusCode": 202
    },
    {
      "RequestUri": "/subscriptions/12053b8f-cab5-4f5c-9c1a-870580142abd/resourceGroups/CosmosDBResourceGroup3668/providers/Microsoft.DocumentDB/databaseAccounts/db001/mongodbDatabases/dbName3?api-version=2021-01-15",
      "EncodedRequestUri": "L3N1YnNjcmlwdGlvbnMvMTIwNTNiOGYtY2FiNS00ZjVjLTljMWEtODcwNTgwMTQyYWJkL3Jlc291cmNlR3JvdXBzL0Nvc21vc0RCUmVzb3VyY2VHcm91cDM2NjgvcHJvdmlkZXJzL01pY3Jvc29mdC5Eb2N1bWVudERCL2RhdGFiYXNlQWNjb3VudHMvZGIwMDEvbW9uZ29kYkRhdGFiYXNlcy9kYk5hbWUzP2FwaS12ZXJzaW9uPTIwMjEtMDEtMTU=",
      "RequestMethod": "DELETE",
      "RequestBody": "",
      "RequestHeaders": {
        "x-ms-client-request-id": [
          "b24f8b84-4d0a-4d2d-b660-3f7aead25cc5"
        ],
        "Accept-Language": [
          "en-US"
        ],
        "User-Agent": [
          "FxVersion/4.6.29719.03",
          "OSName/Windows",
          "OSVersion/Microsoft.Windows.10.0.19042.",
          "Microsoft.Azure.Management.CosmosDB.CosmosDBManagementClient/2.0.0.0"
        ]
      },
      "ResponseHeaders": {
        "Cache-Control": [
          "no-store, no-cache"
        ],
        "Pragma": [
          "no-cache"
        ],
        "Location": [
          "https://management.azure.com/subscriptions/12053b8f-cab5-4f5c-9c1a-870580142abd/resourceGroups/CosmosDBResourceGroup3668/providers/Microsoft.DocumentDB/databaseAccounts/db001/mongodbDatabases/dbName3/operationResults/53066d64-0f70-4ebd-b43d-e4be24943672?api-version=2021-01-15"
        ],
        "Azure-AsyncOperation": [
          "https://management.azure.com/subscriptions/12053b8f-cab5-4f5c-9c1a-870580142abd/providers/Microsoft.DocumentDB/locations/eastus/operationsStatus/53066d64-0f70-4ebd-b43d-e4be24943672?api-version=2021-01-15"
        ],
        "x-ms-request-id": [
          "53066d64-0f70-4ebd-b43d-e4be24943672"
        ],
        "Strict-Transport-Security": [
          "max-age=31536000; includeSubDomains"
        ],
        "x-ms-gatewayversion": [
          "version=2.11.0"
        ],
        "Server": [
          "Microsoft-HTTPAPI/2.0"
        ],
        "x-ms-ratelimit-remaining-subscription-deletes": [
          "14999"
        ],
        "x-ms-correlation-request-id": [
          "75542e01-e19b-46ca-86fd-ab7193450a91"
        ],
        "x-ms-routing-request-id": [
          "WESTUS2:20210213T030906Z:75542e01-e19b-46ca-86fd-ab7193450a91"
        ],
        "X-Content-Type-Options": [
          "nosniff"
        ],
        "Date": [
          "Sat, 13 Feb 2021 03:09:06 GMT"
        ],
        "Content-Length": [
          "21"
        ],
        "Content-Type": [
          "application/json"
        ]
      },
      "ResponseBody": "{\r\n  \"status\": \"Enqueued\"\r\n}",
      "StatusCode": 202
    },
    {
      "RequestUri": "/subscriptions/12053b8f-cab5-4f5c-9c1a-870580142abd/providers/Microsoft.DocumentDB/locations/eastus/operationsStatus/8062a22d-4183-4f76-b741-8a1132548a54?api-version=2021-01-15",
      "EncodedRequestUri": "L3N1YnNjcmlwdGlvbnMvMTIwNTNiOGYtY2FiNS00ZjVjLTljMWEtODcwNTgwMTQyYWJkL3Byb3ZpZGVycy9NaWNyb3NvZnQuRG9jdW1lbnREQi9sb2NhdGlvbnMvZWFzdHVzL29wZXJhdGlvbnNTdGF0dXMvODA2MmEyMmQtNDE4My00Zjc2LWI3NDEtOGExMTMyNTQ4YTU0P2FwaS12ZXJzaW9uPTIwMjEtMDEtMTU=",
      "RequestMethod": "GET",
      "RequestBody": "",
      "RequestHeaders": {
        "x-ms-client-request-id": [
          "be94a667-854e-4254-bfd7-773f757c4319"
        ],
        "User-Agent": [
          "FxVersion/4.6.29719.03",
          "OSName/Windows",
          "OSVersion/Microsoft.Windows.10.0.19042.",
          "Microsoft.Azure.Management.CosmosDB.CosmosDBManagementClient/2.0.0.0"
        ]
      },
      "ResponseHeaders": {
        "Cache-Control": [
          "no-store, no-cache"
        ],
        "Pragma": [
          "no-cache"
        ],
        "Strict-Transport-Security": [
          "max-age=31536000; includeSubDomains"
        ],
        "x-ms-gatewayversion": [
          "version=2.11.0"
        ],
        "Server": [
          "Microsoft-HTTPAPI/2.0"
        ],
        "x-ms-ratelimit-remaining-subscription-reads": [
          "11998"
        ],
        "x-ms-request-id": [
          "3c0c896b-ea5a-4840-8ed9-34417d87ac1a"
        ],
        "x-ms-correlation-request-id": [
          "3c0c896b-ea5a-4840-8ed9-34417d87ac1a"
        ],
        "x-ms-routing-request-id": [
          "WESTUS2:20210213T030833Z:3c0c896b-ea5a-4840-8ed9-34417d87ac1a"
        ],
        "X-Content-Type-Options": [
          "nosniff"
        ],
        "Date": [
          "Sat, 13 Feb 2021 03:08:33 GMT"
        ],
        "Content-Length": [
          "22"
        ],
        "Content-Type": [
          "application/json"
        ]
      },
      "ResponseBody": "{\r\n  \"status\": \"Succeeded\"\r\n}",
      "StatusCode": 200
    },
    {
      "RequestUri": "/subscriptions/12053b8f-cab5-4f5c-9c1a-870580142abd/resourceGroups/CosmosDBResourceGroup3668/providers/Microsoft.DocumentDB/databaseAccounts/db001/mongodbDatabases/dbName3/operationResults/8062a22d-4183-4f76-b741-8a1132548a54?api-version=2021-01-15",
      "EncodedRequestUri": "L3N1YnNjcmlwdGlvbnMvMTIwNTNiOGYtY2FiNS00ZjVjLTljMWEtODcwNTgwMTQyYWJkL3Jlc291cmNlR3JvdXBzL0Nvc21vc0RCUmVzb3VyY2VHcm91cDM2NjgvcHJvdmlkZXJzL01pY3Jvc29mdC5Eb2N1bWVudERCL2RhdGFiYXNlQWNjb3VudHMvZGIwMDEvbW9uZ29kYkRhdGFiYXNlcy9kYk5hbWUzL29wZXJhdGlvblJlc3VsdHMvODA2MmEyMmQtNDE4My00Zjc2LWI3NDEtOGExMTMyNTQ4YTU0P2FwaS12ZXJzaW9uPTIwMjEtMDEtMTU=",
      "RequestMethod": "GET",
      "RequestBody": "",
      "RequestHeaders": {
        "x-ms-client-request-id": [
          "be94a667-854e-4254-bfd7-773f757c4319"
        ],
        "User-Agent": [
          "FxVersion/4.6.29719.03",
          "OSName/Windows",
          "OSVersion/Microsoft.Windows.10.0.19042.",
          "Microsoft.Azure.Management.CosmosDB.CosmosDBManagementClient/2.0.0.0"
        ]
      },
      "ResponseHeaders": {
        "Cache-Control": [
          "no-store, no-cache"
        ],
        "Pragma": [
          "no-cache"
        ],
        "Strict-Transport-Security": [
          "max-age=31536000; includeSubDomains"
        ],
        "x-ms-gatewayversion": [
          "version=2.11.0"
        ],
        "Server": [
          "Microsoft-HTTPAPI/2.0"
        ],
        "x-ms-ratelimit-remaining-subscription-reads": [
          "11997"
        ],
        "x-ms-request-id": [
          "a9b12967-7cfc-402b-873e-4752fcabdca5"
        ],
        "x-ms-correlation-request-id": [
          "a9b12967-7cfc-402b-873e-4752fcabdca5"
        ],
        "x-ms-routing-request-id": [
          "WESTUS2:20210213T030833Z:a9b12967-7cfc-402b-873e-4752fcabdca5"
        ],
        "X-Content-Type-Options": [
          "nosniff"
        ],
        "Date": [
          "Sat, 13 Feb 2021 03:08:33 GMT"
        ],
        "Content-Type": [
          "application/json"
        ]
      },
      "ResponseBody": "",
      "StatusCode": 204
    },
    {
      "RequestUri": "/subscriptions/12053b8f-cab5-4f5c-9c1a-870580142abd/providers/Microsoft.DocumentDB/locations/eastus/operationsStatus/819b6ca3-b331-432a-942f-addc8b3609db?api-version=2021-01-15",
      "EncodedRequestUri": "L3N1YnNjcmlwdGlvbnMvMTIwNTNiOGYtY2FiNS00ZjVjLTljMWEtODcwNTgwMTQyYWJkL3Byb3ZpZGVycy9NaWNyb3NvZnQuRG9jdW1lbnREQi9sb2NhdGlvbnMvZWFzdHVzL29wZXJhdGlvbnNTdGF0dXMvODE5YjZjYTMtYjMzMS00MzJhLTk0MmYtYWRkYzhiMzYwOWRiP2FwaS12ZXJzaW9uPTIwMjEtMDEtMTU=",
      "RequestMethod": "GET",
      "RequestBody": "",
      "RequestHeaders": {
        "x-ms-client-request-id": [
          "dd022212-9624-4d63-be3e-1f0a60453c45"
        ],
        "User-Agent": [
          "FxVersion/4.6.29719.03",
          "OSName/Windows",
          "OSVersion/Microsoft.Windows.10.0.19042.",
          "Microsoft.Azure.Management.CosmosDB.CosmosDBManagementClient/2.0.0.0"
        ]
      },
      "ResponseHeaders": {
        "Cache-Control": [
          "no-store, no-cache"
        ],
        "Pragma": [
          "no-cache"
        ],
        "Strict-Transport-Security": [
          "max-age=31536000; includeSubDomains"
        ],
        "x-ms-gatewayversion": [
          "version=2.11.0"
        ],
        "Server": [
          "Microsoft-HTTPAPI/2.0"
        ],
        "x-ms-ratelimit-remaining-subscription-reads": [
          "11999"
        ],
        "x-ms-request-id": [
          "9e29aeda-239d-4ab1-ad43-27fe62954366"
        ],
        "x-ms-correlation-request-id": [
          "9e29aeda-239d-4ab1-ad43-27fe62954366"
        ],
        "x-ms-routing-request-id": [
          "WESTUS2:20210213T030905Z:9e29aeda-239d-4ab1-ad43-27fe62954366"
        ],
        "X-Content-Type-Options": [
          "nosniff"
        ],
        "Date": [
          "Sat, 13 Feb 2021 03:09:04 GMT"
        ],
        "Content-Length": [
          "22"
        ],
        "Content-Type": [
          "application/json"
        ]
      },
      "ResponseBody": "{\r\n  \"status\": \"Succeeded\"\r\n}",
      "StatusCode": 200
    },
    {
      "RequestUri": "/subscriptions/12053b8f-cab5-4f5c-9c1a-870580142abd/resourceGroups/CosmosDBResourceGroup3668/providers/Microsoft.DocumentDB/databaseAccounts/db001/mongodbDatabases/dbName3/collections/collectionName/operationResults/819b6ca3-b331-432a-942f-addc8b3609db?api-version=2021-01-15",
      "EncodedRequestUri": "L3N1YnNjcmlwdGlvbnMvMTIwNTNiOGYtY2FiNS00ZjVjLTljMWEtODcwNTgwMTQyYWJkL3Jlc291cmNlR3JvdXBzL0Nvc21vc0RCUmVzb3VyY2VHcm91cDM2NjgvcHJvdmlkZXJzL01pY3Jvc29mdC5Eb2N1bWVudERCL2RhdGFiYXNlQWNjb3VudHMvZGIwMDEvbW9uZ29kYkRhdGFiYXNlcy9kYk5hbWUzL2NvbGxlY3Rpb25zL2NvbGxlY3Rpb25OYW1lL29wZXJhdGlvblJlc3VsdHMvODE5YjZjYTMtYjMzMS00MzJhLTk0MmYtYWRkYzhiMzYwOWRiP2FwaS12ZXJzaW9uPTIwMjEtMDEtMTU=",
      "RequestMethod": "GET",
      "RequestBody": "",
      "RequestHeaders": {
        "x-ms-client-request-id": [
          "dd022212-9624-4d63-be3e-1f0a60453c45"
        ],
        "User-Agent": [
          "FxVersion/4.6.29719.03",
          "OSName/Windows",
          "OSVersion/Microsoft.Windows.10.0.19042.",
          "Microsoft.Azure.Management.CosmosDB.CosmosDBManagementClient/2.0.0.0"
        ]
      },
      "ResponseHeaders": {
        "Cache-Control": [
          "no-store, no-cache"
        ],
        "Pragma": [
          "no-cache"
        ],
        "Strict-Transport-Security": [
          "max-age=31536000; includeSubDomains"
        ],
        "x-ms-gatewayversion": [
          "version=2.11.0"
        ],
        "Server": [
          "Microsoft-HTTPAPI/2.0"
        ],
        "x-ms-ratelimit-remaining-subscription-reads": [
          "11998"
        ],
        "x-ms-request-id": [
          "db7a2cc6-bd8e-40f1-b122-dcaed14bea37"
        ],
        "x-ms-correlation-request-id": [
          "db7a2cc6-bd8e-40f1-b122-dcaed14bea37"
        ],
        "x-ms-routing-request-id": [
          "WESTUS2:20210213T030905Z:db7a2cc6-bd8e-40f1-b122-dcaed14bea37"
        ],
        "X-Content-Type-Options": [
          "nosniff"
        ],
        "Date": [
          "Sat, 13 Feb 2021 03:09:04 GMT"
        ],
        "Content-Type": [
          "application/json"
        ]
      },
      "ResponseBody": "",
      "StatusCode": 204
    },
    {
      "RequestUri": "/subscriptions/12053b8f-cab5-4f5c-9c1a-870580142abd/providers/Microsoft.DocumentDB/locations/eastus/operationsStatus/53066d64-0f70-4ebd-b43d-e4be24943672?api-version=2021-01-15",
      "EncodedRequestUri": "L3N1YnNjcmlwdGlvbnMvMTIwNTNiOGYtY2FiNS00ZjVjLTljMWEtODcwNTgwMTQyYWJkL3Byb3ZpZGVycy9NaWNyb3NvZnQuRG9jdW1lbnREQi9sb2NhdGlvbnMvZWFzdHVzL29wZXJhdGlvbnNTdGF0dXMvNTMwNjZkNjQtMGY3MC00ZWJkLWI0M2QtZTRiZTI0OTQzNjcyP2FwaS12ZXJzaW9uPTIwMjEtMDEtMTU=",
      "RequestMethod": "GET",
      "RequestBody": "",
      "RequestHeaders": {
        "x-ms-client-request-id": [
          "b24f8b84-4d0a-4d2d-b660-3f7aead25cc5"
        ],
        "User-Agent": [
          "FxVersion/4.6.29719.03",
          "OSName/Windows",
          "OSVersion/Microsoft.Windows.10.0.19042.",
          "Microsoft.Azure.Management.CosmosDB.CosmosDBManagementClient/2.0.0.0"
        ]
      },
      "ResponseHeaders": {
        "Cache-Control": [
          "no-store, no-cache"
        ],
        "Pragma": [
          "no-cache"
        ],
        "Strict-Transport-Security": [
          "max-age=31536000; includeSubDomains"
        ],
        "x-ms-gatewayversion": [
          "version=2.11.0"
        ],
        "Server": [
          "Microsoft-HTTPAPI/2.0"
        ],
        "x-ms-ratelimit-remaining-subscription-reads": [
          "11999"
        ],
        "x-ms-request-id": [
          "6925e6e5-b77e-4e62-a8c0-90d658ca0ee5"
        ],
        "x-ms-correlation-request-id": [
          "6925e6e5-b77e-4e62-a8c0-90d658ca0ee5"
        ],
        "x-ms-routing-request-id": [
          "WESTUS2:20210213T030936Z:6925e6e5-b77e-4e62-a8c0-90d658ca0ee5"
        ],
        "X-Content-Type-Options": [
          "nosniff"
        ],
        "Date": [
          "Sat, 13 Feb 2021 03:09:35 GMT"
        ],
        "Content-Length": [
          "22"
        ],
        "Content-Type": [
          "application/json"
        ]
      },
      "ResponseBody": "{\r\n  \"status\": \"Succeeded\"\r\n}",
      "StatusCode": 200
    },
    {
      "RequestUri": "/subscriptions/12053b8f-cab5-4f5c-9c1a-870580142abd/resourceGroups/CosmosDBResourceGroup3668/providers/Microsoft.DocumentDB/databaseAccounts/db001/mongodbDatabases/dbName3/operationResults/53066d64-0f70-4ebd-b43d-e4be24943672?api-version=2021-01-15",
      "EncodedRequestUri": "L3N1YnNjcmlwdGlvbnMvMTIwNTNiOGYtY2FiNS00ZjVjLTljMWEtODcwNTgwMTQyYWJkL3Jlc291cmNlR3JvdXBzL0Nvc21vc0RCUmVzb3VyY2VHcm91cDM2NjgvcHJvdmlkZXJzL01pY3Jvc29mdC5Eb2N1bWVudERCL2RhdGFiYXNlQWNjb3VudHMvZGIwMDEvbW9uZ29kYkRhdGFiYXNlcy9kYk5hbWUzL29wZXJhdGlvblJlc3VsdHMvNTMwNjZkNjQtMGY3MC00ZWJkLWI0M2QtZTRiZTI0OTQzNjcyP2FwaS12ZXJzaW9uPTIwMjEtMDEtMTU=",
      "RequestMethod": "GET",
      "RequestBody": "",
      "RequestHeaders": {
        "x-ms-client-request-id": [
          "b24f8b84-4d0a-4d2d-b660-3f7aead25cc5"
        ],
        "User-Agent": [
          "FxVersion/4.6.29719.03",
          "OSName/Windows",
          "OSVersion/Microsoft.Windows.10.0.19042.",
          "Microsoft.Azure.Management.CosmosDB.CosmosDBManagementClient/2.0.0.0"
        ]
      },
      "ResponseHeaders": {
        "Cache-Control": [
          "no-store, no-cache"
        ],
        "Pragma": [
          "no-cache"
        ],
        "Strict-Transport-Security": [
          "max-age=31536000; includeSubDomains"
        ],
        "x-ms-gatewayversion": [
          "version=2.11.0"
        ],
        "Server": [
          "Microsoft-HTTPAPI/2.0"
        ],
        "x-ms-ratelimit-remaining-subscription-reads": [
          "11998"
        ],
        "x-ms-request-id": [
          "98b75e17-d167-470f-bddb-9120a64fd5a3"
        ],
        "x-ms-correlation-request-id": [
          "98b75e17-d167-470f-bddb-9120a64fd5a3"
        ],
        "x-ms-routing-request-id": [
          "WESTUS2:20210213T030937Z:98b75e17-d167-470f-bddb-9120a64fd5a3"
        ],
        "X-Content-Type-Options": [
          "nosniff"
        ],
        "Date": [
          "Sat, 13 Feb 2021 03:09:36 GMT"
        ],
        "Content-Type": [
          "application/json"
        ]
      },
      "ResponseBody": "",
      "StatusCode": 204
    }
  ],
  "Names": {},
  "Variables": {
    "SubscriptionId": "12053b8f-cab5-4f5c-9c1a-870580142abd"
  }
}