{
  "Entries": [
    {
      "RequestUri": "/subscriptions/dec9ed54-2b7f-4476-9bd0-875544af59df/resourcegroups/CosmosDBResourceGroup49?api-version=2016-09-01",
      "EncodedRequestUri": "L3N1YnNjcmlwdGlvbnMvZGVjOWVkNTQtMmI3Zi00NDc2LTliZDAtODc1NTQ0YWY1OWRmL3Jlc291cmNlZ3JvdXBzL0Nvc21vc0RCUmVzb3VyY2VHcm91cDQ5P2FwaS12ZXJzaW9uPTIwMTYtMDktMDE=",
      "RequestMethod": "PUT",
      "RequestHeaders": {
        "x-ms-client-request-id": [
          "79097666-534c-4b87-9730-5af87af0fb25"
        ],
        "Accept-Language": [
          "en-US"
        ],
        "User-Agent": [
          "FxVersion/6.0.3624.51421",
          "OSName/Windows",
          "OSVersion/Microsoft.Windows.10.0.22631",
          "Microsoft.Azure.Management.Internal.Resources.ResourceManagementClient/1.3.102"
        ],
        "Content-Type": [
          "application/json; charset=utf-8"
        ],
        "Content-Length": [
          "29"
        ]
      },
      "RequestBody": "{\r\n  \"location\": \"West US\"\r\n}",
      "ResponseHeaders": {
        "Cache-Control": [
          "no-cache"
        ],
        "Pragma": [
          "no-cache"
        ],
        "WWW-Authenticate": [
          "Bearer authorization_uri=\"https://login.windows.net/72f988bf-86f1-41af-91ab-2d7cd011db47\", error=\"invalid_token\", error_description=\"The access token has expired.\""
        ],
        "x-ms-failure-cause": [
          "gateway"
        ],
        "x-ms-request-id": [
          "37612537-1c30-4390-b91a-d9340d23dca9"
        ],
        "x-ms-correlation-request-id": [
          "37612537-1c30-4390-b91a-d9340d23dca9"
        ],
        "x-ms-routing-request-id": [
          "EASTUS2:20241202T012924Z:37612537-1c30-4390-b91a-d9340d23dca9"
        ],
        "Strict-Transport-Security": [
          "max-age=31536000; includeSubDomains"
        ],
        "X-Content-Type-Options": [
          "nosniff"
        ],
        "X-Cache": [
          "CONFIG_NOCACHE"
        ],
        "X-MSEdge-Ref": [
          "Ref A: 38C1AB18F24E47B1920CB7B7BFD402EB Ref B: MNZ221060609011 Ref C: 2024-12-02T01:29:24Z"
        ],
        "Date": [
          "Mon, 02 Dec 2024 01:29:24 GMT"
        ],
        "Content-Length": [
          "172"
        ],
        "Content-Type": [
          "application/json; charset=utf-8"
        ],
        "Expires": [
          "-1"
        ]
      },
      "ResponseBody": "{\r\n  \"error\": {\r\n    \"code\": \"ExpiredAuthenticationToken\",\r\n    \"message\": \"The access token expiry UTC time '12/2/2024 1:29:17 AM' is earlier than current UTC time '12/2/2024 1:29:24 AM'.\"\r\n  }\r\n}",
      "StatusCode": 401
    },
    {
      "RequestUri": "/subscriptions/dec9ed54-2b7f-4476-9bd0-875544af59df/resourceGroups/CosmosDBResourceGroup49/providers/Microsoft.DocumentDB/databaseAccounts/mongo-db00049?api-version=2024-11-15",
      "EncodedRequestUri": "L3N1YnNjcmlwdGlvbnMvZGVjOWVkNTQtMmI3Zi00NDc2LTliZDAtODc1NTQ0YWY1OWRmL3Jlc291cmNlR3JvdXBzL0Nvc21vc0RCUmVzb3VyY2VHcm91cDQ5L3Byb3ZpZGVycy9NaWNyb3NvZnQuRG9jdW1lbnREQi9kYXRhYmFzZUFjY291bnRzL21vbmdvLWRiMDAwNDk/YXBpLXZlcnNpb249MjAyNC0xMS0xNQ==",
      "RequestMethod": "GET",
      "RequestHeaders": {
        "x-ms-client-request-id": [
          "0b4d4217-4385-49b1-81fe-1eeec997fdf9"
        ],
        "Accept-Language": [
          "en-US"
        ],
        "User-Agent": [
          "FxVersion/6.0.3624.51421",
          "OSName/Windows",
          "OSVersion/Microsoft.Windows.10.0.22631",
          "Microsoft.Azure.Management.CosmosDB.CosmosDBManagementClient/1.15.0"
        ]
      },
      "RequestBody": "",
      "ResponseHeaders": {
        "Cache-Control": [
          "no-cache"
        ],
        "Pragma": [
          "no-cache"
        ],
        "WWW-Authenticate": [
          "Bearer authorization_uri=\"https://login.windows.net/72f988bf-86f1-41af-91ab-2d7cd011db47\", error=\"invalid_token\", error_description=\"The access token has expired.\""
        ],
        "x-ms-failure-cause": [
          "gateway"
        ],
        "x-ms-request-id": [
          "a808269a-a26f-40c6-b475-896675d87838"
        ],
        "x-ms-correlation-request-id": [
          "a808269a-a26f-40c6-b475-896675d87838"
        ],
        "x-ms-routing-request-id": [
          "EASTUS2:20241202T012924Z:a808269a-a26f-40c6-b475-896675d87838"
        ],
        "Strict-Transport-Security": [
          "max-age=31536000; includeSubDomains"
        ],
        "X-Content-Type-Options": [
          "nosniff"
        ],
        "X-Cache": [
          "CONFIG_NOCACHE"
        ],
        "X-MSEdge-Ref": [
          "Ref A: A44BF37FA5654F7EAAF42776307D036A Ref B: MNZ221060608039 Ref C: 2024-12-02T01:29:24Z"
        ],
        "Date": [
          "Mon, 02 Dec 2024 01:29:24 GMT"
        ],
        "Content-Length": [
          "172"
        ],
        "Content-Type": [
          "application/json; charset=utf-8"
        ],
        "Expires": [
          "-1"
        ]
      },
      "ResponseBody": "{\r\n  \"error\": {\r\n    \"code\": \"ExpiredAuthenticationToken\",\r\n    \"message\": \"The access token expiry UTC time '12/2/2024 1:29:17 AM' is earlier than current UTC time '12/2/2024 1:29:24 AM'.\"\r\n  }\r\n}",
      "StatusCode": 401
    },
    {
      "RequestUri": "/subscriptions/dec9ed54-2b7f-4476-9bd0-875544af59df/resourceGroups/CosmosDBResourceGroup49/providers/Microsoft.DocumentDB/databaseAccounts/mongo-db00049/mongodbDatabases/dbName/collections/collection1?api-version=2024-11-15",
      "EncodedRequestUri": "L3N1YnNjcmlwdGlvbnMvZGVjOWVkNTQtMmI3Zi00NDc2LTliZDAtODc1NTQ0YWY1OWRmL3Jlc291cmNlR3JvdXBzL0Nvc21vc0RCUmVzb3VyY2VHcm91cDQ5L3Byb3ZpZGVycy9NaWNyb3NvZnQuRG9jdW1lbnREQi9kYXRhYmFzZUFjY291bnRzL21vbmdvLWRiMDAwNDkvbW9uZ29kYkRhdGFiYXNlcy9kYk5hbWUvY29sbGVjdGlvbnMvY29sbGVjdGlvbjE/YXBpLXZlcnNpb249MjAyNC0xMS0xNQ==",
      "RequestMethod": "DELETE",
      "RequestHeaders": {
        "x-ms-client-request-id": [
          "8eeecfa1-25d1-48b8-b7a1-663492a9577b"
        ],
        "Accept-Language": [
          "en-US"
        ],
        "User-Agent": [
          "FxVersion/6.0.3624.51421",
          "OSName/Windows",
          "OSVersion/Microsoft.Windows.10.0.22631",
          "Microsoft.Azure.Management.CosmosDB.CosmosDBManagementClient/1.15.0"
        ]
      },
      "RequestBody": "",
      "ResponseHeaders": {
        "Cache-Control": [
          "no-cache"
        ],
        "Pragma": [
          "no-cache"
        ],
        "WWW-Authenticate": [
          "Bearer authorization_uri=\"https://login.windows.net/72f988bf-86f1-41af-91ab-2d7cd011db47\", error=\"invalid_token\", error_description=\"The access token has expired.\""
        ],
        "x-ms-failure-cause": [
          "gateway"
        ],
        "x-ms-request-id": [
          "746b75ee-d6a4-4326-9692-a74aff5bc27e"
        ],
        "x-ms-correlation-request-id": [
          "746b75ee-d6a4-4326-9692-a74aff5bc27e"
        ],
        "x-ms-routing-request-id": [
          "EASTUS2:20241202T012924Z:746b75ee-d6a4-4326-9692-a74aff5bc27e"
        ],
        "Strict-Transport-Security": [
          "max-age=31536000; includeSubDomains"
        ],
        "X-Content-Type-Options": [
          "nosniff"
        ],
        "X-Cache": [
          "CONFIG_NOCACHE"
        ],
        "X-MSEdge-Ref": [
          "Ref A: E9CFB37DB2C74A09BFE479EA9BEE3624 Ref B: MNZ221060609011 Ref C: 2024-12-02T01:29:24Z"
        ],
        "Date": [
          "Mon, 02 Dec 2024 01:29:24 GMT"
        ],
        "Content-Length": [
          "172"
        ],
        "Content-Type": [
          "application/json; charset=utf-8"
        ],
        "Expires": [
          "-1"
        ]
      },
      "ResponseBody": "{\r\n  \"error\": {\r\n    \"code\": \"ExpiredAuthenticationToken\",\r\n    \"message\": \"The access token expiry UTC time '12/2/2024 1:29:17 AM' is earlier than current UTC time '12/2/2024 1:29:24 AM'.\"\r\n  }\r\n}",
      "StatusCode": 401
    }
  ],
  "Names": {},
  "Variables": {
    "SubscriptionId": "dec9ed54-2b7f-4476-9bd0-875544af59df"
  }
}