{
  "Entries": [
    {
      "RequestUri": "/subscriptions/12053b8f-cab5-4f5c-9c1a-870580142abd/resourcegroups/CosmosDBResourceGroup29?api-version=2016-09-01",
      "EncodedRequestUri": "L3N1YnNjcmlwdGlvbnMvMTIwNTNiOGYtY2FiNS00ZjVjLTljMWEtODcwNTgwMTQyYWJkL3Jlc291cmNlZ3JvdXBzL0Nvc21vc0RCUmVzb3VyY2VHcm91cDI5P2FwaS12ZXJzaW9uPTIwMTYtMDktMDE=",
      "RequestMethod": "PUT",
      "RequestHeaders": {
        "x-ms-client-request-id": [
          "28bdffba-ecfc-40ea-b66d-d1a838a54fa4"
        ],
        "Accept-Language": [
          "en-US"
        ],
        "User-Agent": [
          "FxVersion/4.700.22.55902",
          "OSName/Windows",
          "OSVersion/Microsoft.Windows.10.0.22621",
          "Microsoft.Azure.Management.Internal.Resources.ResourceManagementClient/1.3.73"
        ],
        "Content-Type": [
          "application/json; charset=utf-8"
        ],
        "Content-Length": [
          "29"
        ]
      },
      "RequestBody": "{\r\n  \"location\": \"East US\"\r\n}",
      "ResponseHeaders": {
        "Cache-Control": [
          "no-cache"
        ],
        "Pragma": [
          "no-cache"
        ],
        "x-ms-ratelimit-remaining-subscription-writes": [
          "1199"
        ],
        "x-ms-request-id": [
          "9fe41365-8e8c-45d6-8790-21f99a504cb0"
        ],
        "x-ms-correlation-request-id": [
          "9fe41365-8e8c-45d6-8790-21f99a504cb0"
        ],
        "x-ms-routing-request-id": [
          "EASTUS:20230720T151705Z:9fe41365-8e8c-45d6-8790-21f99a504cb0"
        ],
        "Strict-Transport-Security": [
          "max-age=31536000; includeSubDomains"
        ],
        "X-Content-Type-Options": [
          "nosniff"
        ],
        "Date": [
          "Thu, 20 Jul 2023 15:17:05 GMT"
        ],
        "Content-Length": [
          "199"
        ],
        "Content-Type": [
          "application/json; charset=utf-8"
        ],
        "Expires": [
          "-1"
        ]
      },
      "ResponseBody": "{\r\n  \"id\": \"/subscriptions/12053b8f-cab5-4f5c-9c1a-870580142abd/resourceGroups/CosmosDBResourceGroup29\",\r\n  \"name\": \"CosmosDBResourceGroup29\",\r\n  \"location\": \"eastus\",\r\n  \"properties\": {\r\n    \"provisioningState\": \"Succeeded\"\r\n  }\r\n}",
      "StatusCode": 201
    },
    {
      "RequestUri": "/subscriptions/12053b8f-cab5-4f5c-9c1a-870580142abd/resourceGroups/CosmosDBResourceGroup29/providers/Microsoft.DocumentDB/databaseAccounts/mongo-db0029?api-version=2023-03-15-preview",
      "EncodedRequestUri": "L3N1YnNjcmlwdGlvbnMvMTIwNTNiOGYtY2FiNS00ZjVjLTljMWEtODcwNTgwMTQyYWJkL3Jlc291cmNlR3JvdXBzL0Nvc21vc0RCUmVzb3VyY2VHcm91cDI5L3Byb3ZpZGVycy9NaWNyb3NvZnQuRG9jdW1lbnREQi9kYXRhYmFzZUFjY291bnRzL21vbmdvLWRiMDAyOT9hcGktdmVyc2lvbj0yMDIzLTAzLTE1LXByZXZpZXc=",
      "RequestMethod": "GET",
      "RequestHeaders": {
        "x-ms-client-request-id": [
          "dc70e251-d340-4797-a84b-08e9f8583ec1"
        ],
        "Accept-Language": [
          "en-US"
        ],
        "User-Agent": [
          "FxVersion/4.700.22.55902",
          "OSName/Windows",
          "OSVersion/Microsoft.Windows.10.0.22621",
          "Microsoft.Azure.Management.CosmosDB.CosmosDBManagementClient/2.0.5"
        ]
      },
      "RequestBody": "",
      "ResponseHeaders": {
        "Cache-Control": [
          "no-cache"
        ],
        "Pragma": [
          "no-cache"
        ],
        "x-ms-failure-cause": [
          "gateway"
        ],
        "x-ms-request-id": [
          "7299ee16-2515-458e-83c6-eed22404507e"
        ],
        "x-ms-correlation-request-id": [
          "7299ee16-2515-458e-83c6-eed22404507e"
        ],
        "x-ms-routing-request-id": [
          "EASTUS:20230720T151706Z:7299ee16-2515-458e-83c6-eed22404507e"
        ],
        "Strict-Transport-Security": [
          "max-age=31536000; includeSubDomains"
        ],
        "X-Content-Type-Options": [
          "nosniff"
        ],
        "Date": [
          "Thu, 20 Jul 2023 15:17:05 GMT"
        ],
        "Content-Type": [
          "application/json; charset=utf-8"
        ],
        "Expires": [
          "-1"
        ],
        "Content-Length": [
          "245"
        ]
      },
      "ResponseBody": "{\r\n  \"error\": {\r\n    \"code\": \"ResourceNotFound\",\r\n    \"message\": \"The Resource 'Microsoft.DocumentDB/databaseAccounts/mongo-db0029' under resource group 'CosmosDBResourceGroup29' was not found. For more details please go to https://aka.ms/ARMResourceNotFoundFix\"\r\n  }\r\n}",
      "StatusCode": 404
    },
    {
      "RequestUri": "/subscriptions/12053b8f-cab5-4f5c-9c1a-870580142abd/resourceGroups/CosmosDBResourceGroup29/providers/Microsoft.DocumentDB/databaseAccounts/mongo-db0029?api-version=2023-03-15-preview",
      "EncodedRequestUri": "L3N1YnNjcmlwdGlvbnMvMTIwNTNiOGYtY2FiNS00ZjVjLTljMWEtODcwNTgwMTQyYWJkL3Jlc291cmNlR3JvdXBzL0Nvc21vc0RCUmVzb3VyY2VHcm91cDI5L3Byb3ZpZGVycy9NaWNyb3NvZnQuRG9jdW1lbnREQi9kYXRhYmFzZUFjY291bnRzL21vbmdvLWRiMDAyOT9hcGktdmVyc2lvbj0yMDIzLTAzLTE1LXByZXZpZXc=",
      "RequestMethod": "GET",
      "RequestHeaders": {
        "x-ms-client-request-id": [
          "dc70e251-d340-4797-a84b-08e9f8583ec1"
        ],
        "User-Agent": [
          "FxVersion/4.700.22.55902",
          "OSName/Windows",
          "OSVersion/Microsoft.Windows.10.0.22621",
          "Microsoft.Azure.Management.CosmosDB.CosmosDBManagementClient/2.0.5"
        ]
      },
      "RequestBody": "",
      "ResponseHeaders": {
        "Cache-Control": [
          "no-store, no-cache"
        ],
        "Pragma": [
          "no-cache"
        ],
        "Strict-Transport-Security": [
          "max-age=31536000; includeSubDomains"
        ],
        "x-ms-gatewayversion": [
          "version=2.14.0"
        ],
        "Server": [
          "Microsoft-HTTPAPI/2.0"
        ],
        "x-ms-ratelimit-remaining-subscription-reads": [
          "11994"
        ],
        "x-ms-request-id": [
          "545348a5-4909-48b5-90ca-1c1a267a4584"
        ],
        "x-ms-correlation-request-id": [
          "545348a5-4909-48b5-90ca-1c1a267a4584"
        ],
        "x-ms-routing-request-id": [
          "EASTUS:20230720T151909Z:545348a5-4909-48b5-90ca-1c1a267a4584"
        ],
        "X-Content-Type-Options": [
          "nosniff"
        ],
        "Date": [
          "Thu, 20 Jul 2023 15:19:09 GMT"
        ],
        "Content-Length": [
          "2928"
        ],
        "Content-Type": [
          "application/json"
        ]
      },
      "ResponseBody": "{\r\n  \"id\": \"/subscriptions/12053b8f-cab5-4f5c-9c1a-870580142abd/resourceGroups/CosmosDBResourceGroup29/providers/Microsoft.DocumentDB/databaseAccounts/mongo-db0029\",\r\n  \"name\": \"mongo-db0029\",\r\n  \"location\": \"East US\",\r\n  \"type\": \"Microsoft.DocumentDB/databaseAccounts\",\r\n  \"kind\": \"MongoDB\",\r\n  \"tags\": {},\r\n  \"systemData\": {\r\n    \"createdAt\": \"2023-07-20T15:18:28.4919564Z\"\r\n  },\r\n  \"properties\": {\r\n    \"provisioningState\": \"Succeeded\",\r\n    \"documentEndpoint\": \"https://mongo-db0029.documents.azure.com:443/\",\r\n    \"sqlEndpoint\": \"https://mongo-db0029.documents.azure.com:443/\",\r\n    \"mongoEndpoint\": \"https://mongo-db0029.mongo.cosmos.azure.com:443/\",\r\n    \"publicNetworkAccess\": \"Enabled\",\r\n    \"enableAutomaticFailover\": false,\r\n    \"enableMultipleWriteLocations\": false,\r\n    \"enablePartitionKeyMonitor\": false,\r\n    \"isVirtualNetworkFilterEnabled\": false,\r\n    \"virtualNetworkRules\": [],\r\n    \"EnabledApiTypes\": \"MongoDB\",\r\n    \"disableKeyBasedMetadataWriteAccess\": false,\r\n    \"enableFreeTier\": false,\r\n    \"enableAnalyticalStorage\": false,\r\n    \"analyticalStorageConfiguration\": {\r\n      \"schemaType\": \"FullFidelity\"\r\n    },\r\n    \"instanceId\": \"9510af81-2a29-401e-a9c6-bc71bdb2375c\",\r\n    \"databaseAccountOfferType\": \"Standard\",\r\n    \"enableCassandraConnector\": false,\r\n    \"connectorOffer\": \"\",\r\n    \"enableMaterializedViews\": false,\r\n    \"defaultIdentity\": \"FirstPartyIdentity\",\r\n    \"networkAclBypass\": \"None\",\r\n    \"disableLocalAuth\": false,\r\n    \"enablePartitionMerge\": false,\r\n    \"enableBurstCapacity\": false,\r\n    \"minimalTlsVersion\": \"Tls12\",\r\n    \"consistencyPolicy\": {\r\n      \"defaultConsistencyLevel\": \"Session\",\r\n      \"maxIntervalInSeconds\": 5,\r\n      \"maxStalenessPrefix\": 100\r\n    },\r\n    \"apiProperties\": {\r\n      \"serverVersion\": \"3.6\"\r\n    },\r\n    \"configurationOverrides\": {\r\n      \"EnableBsonSchema\": \"True\"\r\n    },\r\n    \"writeLocations\": [\r\n      {\r\n        \"id\": \"mongo-db0029-eastus\",\r\n        \"locationName\": \"East US\",\r\n        \"documentEndpoint\": \"https://mongo-db0029-eastus.documents.azure.com:443/\",\r\n        \"provisioningState\": \"Succeeded\",\r\n        \"failoverPriority\": 0,\r\n        \"isZoneRedundant\": false\r\n      }\r\n    ],\r\n    \"readLocations\": [\r\n      {\r\n        \"id\": \"mongo-db0029-eastus\",\r\n        \"locationName\": \"East US\",\r\n        \"documentEndpoint\": \"https://mongo-db0029-eastus.documents.azure.com:443/\",\r\n        \"provisioningState\": \"Succeeded\",\r\n        \"failoverPriority\": 0,\r\n        \"isZoneRedundant\": false\r\n      }\r\n    ],\r\n    \"locations\": [\r\n      {\r\n        \"id\": \"mongo-db0029-eastus\",\r\n        \"locationName\": \"East US\",\r\n        \"documentEndpoint\": \"https://mongo-db0029-eastus.documents.azure.com:443/\",\r\n        \"provisioningState\": \"Succeeded\",\r\n        \"failoverPriority\": 0,\r\n        \"isZoneRedundant\": false\r\n      }\r\n    ],\r\n    \"failoverPolicies\": [\r\n      {\r\n        \"id\": \"mongo-db0029-eastus\",\r\n        \"locationName\": \"East US\",\r\n        \"failoverPriority\": 0\r\n      }\r\n    ],\r\n    \"cors\": [],\r\n    \"capabilities\": [\r\n      {\r\n        \"name\": \"EnableMongo\"\r\n      }\r\n    ],\r\n    \"ipRules\": [],\r\n    \"backupPolicy\": {\r\n      \"type\": \"Periodic\",\r\n      \"periodicModeProperties\": {\r\n        \"backupIntervalInMinutes\": 240,\r\n        \"backupRetentionIntervalInHours\": 8,\r\n        \"backupStorageRedundancy\": \"Geo\"\r\n      }\r\n    },\r\n    \"networkAclBypassResourceIds\": [],\r\n    \"diagnosticLogSettings\": {\r\n      \"enableFullTextQuery\": \"None\"\r\n    },\r\n    \"keysMetadata\": {\r\n      \"primaryMasterKey\": {\r\n        \"generationTime\": \"2023-07-20T15:18:28.4919564Z\"\r\n      },\r\n      \"secondaryMasterKey\": {\r\n        \"generationTime\": \"2023-07-20T15:18:28.4919564Z\"\r\n      },\r\n      \"primaryReadonlyMasterKey\": {\r\n        \"generationTime\": \"2023-07-20T15:18:28.4919564Z\"\r\n      },\r\n      \"secondaryReadonlyMasterKey\": {\r\n        \"generationTime\": \"2023-07-20T15:18:28.4919564Z\"\r\n      }\r\n    }\r\n  },\r\n  \"identity\": {\r\n    \"type\": \"None\"\r\n  }\r\n}",
      "StatusCode": 200
    },
    {
      "RequestUri": "/subscriptions/12053b8f-cab5-4f5c-9c1a-870580142abd/resourceGroups/CosmosDBResourceGroup29/providers/Microsoft.DocumentDB/databaseAccounts/mongo-db0029?api-version=2023-03-15-preview",
      "EncodedRequestUri": "L3N1YnNjcmlwdGlvbnMvMTIwNTNiOGYtY2FiNS00ZjVjLTljMWEtODcwNTgwMTQyYWJkL3Jlc291cmNlR3JvdXBzL0Nvc21vc0RCUmVzb3VyY2VHcm91cDI5L3Byb3ZpZGVycy9NaWNyb3NvZnQuRG9jdW1lbnREQi9kYXRhYmFzZUFjY291bnRzL21vbmdvLWRiMDAyOT9hcGktdmVyc2lvbj0yMDIzLTAzLTE1LXByZXZpZXc=",
      "RequestMethod": "GET",
      "RequestHeaders": {
        "x-ms-client-request-id": [
          "aa126c74-f1ad-47a7-aeb3-644e3d7b168e"
        ],
        "Accept-Language": [
          "en-US"
        ],
        "User-Agent": [
          "FxVersion/4.700.22.55902",
          "OSName/Windows",
          "OSVersion/Microsoft.Windows.10.0.22621",
          "Microsoft.Azure.Management.CosmosDB.CosmosDBManagementClient/2.0.5"
        ]
      },
      "RequestBody": "",
      "ResponseHeaders": {
        "Cache-Control": [
          "no-store, no-cache"
        ],
        "Pragma": [
          "no-cache"
        ],
        "Strict-Transport-Security": [
          "max-age=31536000; includeSubDomains"
        ],
        "x-ms-gatewayversion": [
          "version=2.14.0"
        ],
        "Server": [
          "Microsoft-HTTPAPI/2.0"
        ],
        "x-ms-ratelimit-remaining-subscription-reads": [
          "11997"
        ],
        "x-ms-request-id": [
          "e2756ae6-b54f-42da-b97c-9345b52433e4"
        ],
        "x-ms-correlation-request-id": [
          "e2756ae6-b54f-42da-b97c-9345b52433e4"
        ],
        "x-ms-routing-request-id": [
          "EASTUS:20230720T152011Z:e2756ae6-b54f-42da-b97c-9345b52433e4"
        ],
        "X-Content-Type-Options": [
          "nosniff"
        ],
        "Date": [
          "Thu, 20 Jul 2023 15:20:10 GMT"
        ],
        "Content-Length": [
          "2928"
        ],
        "Content-Type": [
          "application/json"
        ]
      },
      "ResponseBody": "{\r\n  \"id\": \"/subscriptions/12053b8f-cab5-4f5c-9c1a-870580142abd/resourceGroups/CosmosDBResourceGroup29/providers/Microsoft.DocumentDB/databaseAccounts/mongo-db0029\",\r\n  \"name\": \"mongo-db0029\",\r\n  \"location\": \"East US\",\r\n  \"type\": \"Microsoft.DocumentDB/databaseAccounts\",\r\n  \"kind\": \"MongoDB\",\r\n  \"tags\": {},\r\n  \"systemData\": {\r\n    \"createdAt\": \"2023-07-20T15:18:28.4919564Z\"\r\n  },\r\n  \"properties\": {\r\n    \"provisioningState\": \"Succeeded\",\r\n    \"documentEndpoint\": \"https://mongo-db0029.documents.azure.com:443/\",\r\n    \"sqlEndpoint\": \"https://mongo-db0029.documents.azure.com:443/\",\r\n    \"mongoEndpoint\": \"https://mongo-db0029.mongo.cosmos.azure.com:443/\",\r\n    \"publicNetworkAccess\": \"Enabled\",\r\n    \"enableAutomaticFailover\": false,\r\n    \"enableMultipleWriteLocations\": false,\r\n    \"enablePartitionKeyMonitor\": false,\r\n    \"isVirtualNetworkFilterEnabled\": false,\r\n    \"virtualNetworkRules\": [],\r\n    \"EnabledApiTypes\": \"MongoDB\",\r\n    \"disableKeyBasedMetadataWriteAccess\": false,\r\n    \"enableFreeTier\": false,\r\n    \"enableAnalyticalStorage\": false,\r\n    \"analyticalStorageConfiguration\": {\r\n      \"schemaType\": \"FullFidelity\"\r\n    },\r\n    \"instanceId\": \"9510af81-2a29-401e-a9c6-bc71bdb2375c\",\r\n    \"databaseAccountOfferType\": \"Standard\",\r\n    \"enableCassandraConnector\": false,\r\n    \"connectorOffer\": \"\",\r\n    \"enableMaterializedViews\": false,\r\n    \"defaultIdentity\": \"FirstPartyIdentity\",\r\n    \"networkAclBypass\": \"None\",\r\n    \"disableLocalAuth\": false,\r\n    \"enablePartitionMerge\": false,\r\n    \"enableBurstCapacity\": false,\r\n    \"minimalTlsVersion\": \"Tls12\",\r\n    \"consistencyPolicy\": {\r\n      \"defaultConsistencyLevel\": \"Session\",\r\n      \"maxIntervalInSeconds\": 5,\r\n      \"maxStalenessPrefix\": 100\r\n    },\r\n    \"apiProperties\": {\r\n      \"serverVersion\": \"3.6\"\r\n    },\r\n    \"configurationOverrides\": {\r\n      \"EnableBsonSchema\": \"True\"\r\n    },\r\n    \"writeLocations\": [\r\n      {\r\n        \"id\": \"mongo-db0029-eastus\",\r\n        \"locationName\": \"East US\",\r\n        \"documentEndpoint\": \"https://mongo-db0029-eastus.documents.azure.com:443/\",\r\n        \"provisioningState\": \"Succeeded\",\r\n        \"failoverPriority\": 0,\r\n        \"isZoneRedundant\": false\r\n      }\r\n    ],\r\n    \"readLocations\": [\r\n      {\r\n        \"id\": \"mongo-db0029-eastus\",\r\n        \"locationName\": \"East US\",\r\n        \"documentEndpoint\": \"https://mongo-db0029-eastus.documents.azure.com:443/\",\r\n        \"provisioningState\": \"Succeeded\",\r\n        \"failoverPriority\": 0,\r\n        \"isZoneRedundant\": false\r\n      }\r\n    ],\r\n    \"locations\": [\r\n      {\r\n        \"id\": \"mongo-db0029-eastus\",\r\n        \"locationName\": \"East US\",\r\n        \"documentEndpoint\": \"https://mongo-db0029-eastus.documents.azure.com:443/\",\r\n        \"provisioningState\": \"Succeeded\",\r\n        \"failoverPriority\": 0,\r\n        \"isZoneRedundant\": false\r\n      }\r\n    ],\r\n    \"failoverPolicies\": [\r\n      {\r\n        \"id\": \"mongo-db0029-eastus\",\r\n        \"locationName\": \"East US\",\r\n        \"failoverPriority\": 0\r\n      }\r\n    ],\r\n    \"cors\": [],\r\n    \"capabilities\": [\r\n      {\r\n        \"name\": \"EnableMongo\"\r\n      }\r\n    ],\r\n    \"ipRules\": [],\r\n    \"backupPolicy\": {\r\n      \"type\": \"Periodic\",\r\n      \"periodicModeProperties\": {\r\n        \"backupIntervalInMinutes\": 240,\r\n        \"backupRetentionIntervalInHours\": 8,\r\n        \"backupStorageRedundancy\": \"Geo\"\r\n      }\r\n    },\r\n    \"networkAclBypassResourceIds\": [],\r\n    \"diagnosticLogSettings\": {\r\n      \"enableFullTextQuery\": \"None\"\r\n    },\r\n    \"keysMetadata\": {\r\n      \"primaryMasterKey\": {\r\n        \"generationTime\": \"2023-07-20T15:18:28.4919564Z\"\r\n      },\r\n      \"secondaryMasterKey\": {\r\n        \"generationTime\": \"2023-07-20T15:18:28.4919564Z\"\r\n      },\r\n      \"primaryReadonlyMasterKey\": {\r\n        \"generationTime\": \"2023-07-20T15:18:28.4919564Z\"\r\n      },\r\n      \"secondaryReadonlyMasterKey\": {\r\n        \"generationTime\": \"2023-07-20T15:18:28.4919564Z\"\r\n      }\r\n    }\r\n  },\r\n  \"identity\": {\r\n    \"type\": \"None\"\r\n  }\r\n}",
      "StatusCode": 200
    },
    {
      "RequestUri": "/subscriptions/12053b8f-cab5-4f5c-9c1a-870580142abd/resourceGroups/CosmosDBResourceGroup29/providers/Microsoft.DocumentDB/databaseAccounts/mongo-db0029?api-version=2023-03-15-preview",
      "EncodedRequestUri": "L3N1YnNjcmlwdGlvbnMvMTIwNTNiOGYtY2FiNS00ZjVjLTljMWEtODcwNTgwMTQyYWJkL3Jlc291cmNlR3JvdXBzL0Nvc21vc0RCUmVzb3VyY2VHcm91cDI5L3Byb3ZpZGVycy9NaWNyb3NvZnQuRG9jdW1lbnREQi9kYXRhYmFzZUFjY291bnRzL21vbmdvLWRiMDAyOT9hcGktdmVyc2lvbj0yMDIzLTAzLTE1LXByZXZpZXc=",
      "RequestMethod": "PUT",
      "RequestHeaders": {
        "x-ms-client-request-id": [
          "dc70e251-d340-4797-a84b-08e9f8583ec1"
        ],
        "Accept-Language": [
          "en-US"
        ],
        "User-Agent": [
          "FxVersion/4.700.22.55902",
          "OSName/Windows",
          "OSVersion/Microsoft.Windows.10.0.22621",
          "Microsoft.Azure.Management.CosmosDB.CosmosDBManagementClient/2.0.5"
        ],
        "Content-Type": [
          "application/json; charset=utf-8"
        ],
        "Content-Length": [
          "613"
        ]
      },
      "RequestBody": "{\r\n  \"kind\": \"MongoDB\",\r\n  \"properties\": {\r\n    \"consistencyPolicy\": {\r\n      \"defaultConsistencyLevel\": \"Session\"\r\n    },\r\n    \"locations\": [\r\n      {\r\n        \"locationName\": \"East Us\",\r\n        \"failoverPriority\": 0,\r\n        \"isZoneRedundant\": false\r\n      }\r\n    ],\r\n    \"isVirtualNetworkFilterEnabled\": false,\r\n    \"enableAutomaticFailover\": false,\r\n    \"virtualNetworkRules\": [],\r\n    \"enableMultipleWriteLocations\": false,\r\n    \"disableKeyBasedMetadataWriteAccess\": false,\r\n    \"networkAclBypassResourceIds\": [],\r\n    \"databaseAccountOfferType\": \"Standard\"\r\n  },\r\n  \"location\": \"East Us\",\r\n  \"tags\": {}\r\n}",
      "ResponseHeaders": {
        "Cache-Control": [
          "no-store, no-cache"
        ],
        "Pragma": [
          "no-cache"
        ],
        "Location": [
          "https://management.azure.com/subscriptions/12053b8f-cab5-4f5c-9c1a-870580142abd/resourceGroups/CosmosDBResourceGroup29/providers/Microsoft.DocumentDB/databaseAccounts/mongo-db0029/operationResults/09d6cbf9-dec2-4854-a59c-b84adc6e8b3c?api-version=2023-03-15-preview"
        ],
        "x-ms-request-id": [
          "09d6cbf9-dec2-4854-a59c-b84adc6e8b3c"
        ],
        "Azure-AsyncOperation": [
          "https://management.azure.com/subscriptions/12053b8f-cab5-4f5c-9c1a-870580142abd/providers/Microsoft.DocumentDB/locations/eastus/operationsStatus/09d6cbf9-dec2-4854-a59c-b84adc6e8b3c?api-version=2023-03-15-preview"
        ],
        "Strict-Transport-Security": [
          "max-age=31536000; includeSubDomains"
        ],
        "x-ms-gatewayversion": [
          "version=2.14.0"
        ],
        "Server": [
          "Microsoft-HTTPAPI/2.0"
        ],
        "x-ms-ratelimit-remaining-subscription-writes": [
          "1199"
        ],
        "x-ms-correlation-request-id": [
          "3558e680-b1e7-4482-aa01-8c827a7463c4"
        ],
        "x-ms-routing-request-id": [
          "EASTUS:20230720T151708Z:3558e680-b1e7-4482-aa01-8c827a7463c4"
        ],
        "X-Content-Type-Options": [
          "nosniff"
        ],
        "Date": [
          "Thu, 20 Jul 2023 15:17:08 GMT"
        ],
        "Content-Length": [
          "2467"
        ],
        "Content-Type": [
          "application/json"
        ]
      },
      "ResponseBody": "{\r\n  \"id\": \"/subscriptions/12053b8f-cab5-4f5c-9c1a-870580142abd/resourceGroups/CosmosDBResourceGroup29/providers/Microsoft.DocumentDB/databaseAccounts/mongo-db0029\",\r\n  \"name\": \"mongo-db0029\",\r\n  \"location\": \"East US\",\r\n  \"type\": \"Microsoft.DocumentDB/databaseAccounts\",\r\n  \"kind\": \"MongoDB\",\r\n  \"tags\": {},\r\n  \"systemData\": {\r\n    \"createdAt\": \"2023-07-20T15:17:07.5219257Z\"\r\n  },\r\n  \"properties\": {\r\n    \"provisioningState\": \"Creating\",\r\n    \"publicNetworkAccess\": \"Enabled\",\r\n    \"enableAutomaticFailover\": false,\r\n    \"enableMultipleWriteLocations\": false,\r\n    \"enablePartitionKeyMonitor\": false,\r\n    \"isVirtualNetworkFilterEnabled\": false,\r\n    \"virtualNetworkRules\": [],\r\n    \"EnabledApiTypes\": \"MongoDB\",\r\n    \"disableKeyBasedMetadataWriteAccess\": false,\r\n    \"enableFreeTier\": false,\r\n    \"enableAnalyticalStorage\": false,\r\n    \"analyticalStorageConfiguration\": {\r\n      \"schemaType\": \"FullFidelity\"\r\n    },\r\n    \"instanceId\": \"9510af81-2a29-401e-a9c6-bc71bdb2375c\",\r\n    \"databaseAccountOfferType\": \"Standard\",\r\n    \"enableCassandraConnector\": false,\r\n    \"connectorOffer\": \"\",\r\n    \"enableMaterializedViews\": false,\r\n    \"defaultIdentity\": \"\",\r\n    \"networkAclBypass\": \"None\",\r\n    \"disableLocalAuth\": false,\r\n    \"enablePartitionMerge\": false,\r\n    \"enableBurstCapacity\": false,\r\n    \"minimalTlsVersion\": \"Tls12\",\r\n    \"consistencyPolicy\": {\r\n      \"defaultConsistencyLevel\": \"Session\",\r\n      \"maxIntervalInSeconds\": 5,\r\n      \"maxStalenessPrefix\": 100\r\n    },\r\n    \"apiProperties\": {\r\n      \"serverVersion\": \"3.6\"\r\n    },\r\n    \"configurationOverrides\": {},\r\n    \"writeLocations\": [\r\n      {\r\n        \"id\": \"mongo-db0029-eastus\",\r\n        \"locationName\": \"East US\",\r\n        \"provisioningState\": \"Creating\",\r\n        \"failoverPriority\": 0,\r\n        \"isZoneRedundant\": false\r\n      }\r\n    ],\r\n    \"readLocations\": [\r\n      {\r\n        \"id\": \"mongo-db0029-eastus\",\r\n        \"locationName\": \"East US\",\r\n        \"provisioningState\": \"Creating\",\r\n        \"failoverPriority\": 0,\r\n        \"isZoneRedundant\": false\r\n      }\r\n    ],\r\n    \"locations\": [\r\n      {\r\n        \"id\": \"mongo-db0029-eastus\",\r\n        \"locationName\": \"East US\",\r\n        \"provisioningState\": \"Creating\",\r\n        \"failoverPriority\": 0,\r\n        \"isZoneRedundant\": false\r\n      }\r\n    ],\r\n    \"failoverPolicies\": [\r\n      {\r\n        \"id\": \"mongo-db0029-eastus\",\r\n        \"locationName\": \"East US\",\r\n        \"failoverPriority\": 0\r\n      }\r\n    ],\r\n    \"cors\": [],\r\n    \"capabilities\": [\r\n      {\r\n        \"name\": \"EnableMongo\"\r\n      }\r\n    ],\r\n    \"ipRules\": [],\r\n    \"backupPolicy\": {\r\n      \"type\": \"Periodic\",\r\n      \"periodicModeProperties\": {\r\n        \"backupIntervalInMinutes\": 240,\r\n        \"backupRetentionIntervalInHours\": 8,\r\n        \"backupStorageRedundancy\": \"Invalid\"\r\n      }\r\n    },\r\n    \"networkAclBypassResourceIds\": [],\r\n    \"diagnosticLogSettings\": {\r\n      \"enableFullTextQuery\": \"None\"\r\n    },\r\n    \"keysMetadata\": {\r\n      \"primaryMasterKey\": {\r\n        \"generationTime\": \"2023-07-20T15:17:07.5219257Z\"\r\n      },\r\n      \"secondaryMasterKey\": {\r\n        \"generationTime\": \"2023-07-20T15:17:07.5219257Z\"\r\n      },\r\n      \"primaryReadonlyMasterKey\": {\r\n        \"generationTime\": \"2023-07-20T15:17:07.5219257Z\"\r\n      },\r\n      \"secondaryReadonlyMasterKey\": {\r\n        \"generationTime\": \"2023-07-20T15:17:07.5219257Z\"\r\n      }\r\n    }\r\n  },\r\n  \"identity\": {\r\n    \"type\": \"None\"\r\n  }\r\n}",
      "StatusCode": 200
    },
    {
      "RequestUri": "/subscriptions/12053b8f-cab5-4f5c-9c1a-870580142abd/providers/Microsoft.DocumentDB/locations/eastus/operationsStatus/09d6cbf9-dec2-4854-a59c-b84adc6e8b3c?api-version=2023-03-15-preview",
      "EncodedRequestUri": "L3N1YnNjcmlwdGlvbnMvMTIwNTNiOGYtY2FiNS00ZjVjLTljMWEtODcwNTgwMTQyYWJkL3Byb3ZpZGVycy9NaWNyb3NvZnQuRG9jdW1lbnREQi9sb2NhdGlvbnMvZWFzdHVzL29wZXJhdGlvbnNTdGF0dXMvMDlkNmNiZjktZGVjMi00ODU0LWE1OWMtYjg0YWRjNmU4YjNjP2FwaS12ZXJzaW9uPTIwMjMtMDMtMTUtcHJldmlldw==",
      "RequestMethod": "GET",
      "RequestHeaders": {
        "x-ms-client-request-id": [
          "dc70e251-d340-4797-a84b-08e9f8583ec1"
        ],
        "User-Agent": [
          "FxVersion/4.700.22.55902",
          "OSName/Windows",
          "OSVersion/Microsoft.Windows.10.0.22621",
          "Microsoft.Azure.Management.CosmosDB.CosmosDBManagementClient/2.0.5"
        ]
      },
      "RequestBody": "",
      "ResponseHeaders": {
        "Cache-Control": [
          "no-store, no-cache"
        ],
        "Pragma": [
          "no-cache"
        ],
        "Strict-Transport-Security": [
          "max-age=31536000; includeSubDomains"
        ],
        "x-ms-gatewayversion": [
          "version=2.14.0"
        ],
        "Server": [
          "Microsoft-HTTPAPI/2.0"
        ],
        "x-ms-ratelimit-remaining-subscription-reads": [
          "11998"
        ],
        "x-ms-request-id": [
          "c1f008fd-d7b0-4b27-a7f4-c92a89853745"
        ],
        "x-ms-correlation-request-id": [
          "c1f008fd-d7b0-4b27-a7f4-c92a89853745"
        ],
        "x-ms-routing-request-id": [
          "EASTUS:20230720T151739Z:c1f008fd-d7b0-4b27-a7f4-c92a89853745"
        ],
        "X-Content-Type-Options": [
          "nosniff"
        ],
        "Date": [
          "Thu, 20 Jul 2023 15:17:38 GMT"
        ],
        "Content-Length": [
          "21"
        ],
        "Content-Type": [
          "application/json"
        ]
      },
      "ResponseBody": "{\r\n  \"status\": \"Dequeued\"\r\n}",
      "StatusCode": 200
    },
    {
      "RequestUri": "/subscriptions/12053b8f-cab5-4f5c-9c1a-870580142abd/providers/Microsoft.DocumentDB/locations/eastus/operationsStatus/09d6cbf9-dec2-4854-a59c-b84adc6e8b3c?api-version=2023-03-15-preview",
      "EncodedRequestUri": "L3N1YnNjcmlwdGlvbnMvMTIwNTNiOGYtY2FiNS00ZjVjLTljMWEtODcwNTgwMTQyYWJkL3Byb3ZpZGVycy9NaWNyb3NvZnQuRG9jdW1lbnREQi9sb2NhdGlvbnMvZWFzdHVzL29wZXJhdGlvbnNTdGF0dXMvMDlkNmNiZjktZGVjMi00ODU0LWE1OWMtYjg0YWRjNmU4YjNjP2FwaS12ZXJzaW9uPTIwMjMtMDMtMTUtcHJldmlldw==",
      "RequestMethod": "GET",
      "RequestHeaders": {
        "x-ms-client-request-id": [
          "dc70e251-d340-4797-a84b-08e9f8583ec1"
        ],
        "User-Agent": [
          "FxVersion/4.700.22.55902",
          "OSName/Windows",
          "OSVersion/Microsoft.Windows.10.0.22621",
          "Microsoft.Azure.Management.CosmosDB.CosmosDBManagementClient/2.0.5"
        ]
      },
      "RequestBody": "",
      "ResponseHeaders": {
        "Cache-Control": [
          "no-store, no-cache"
        ],
        "Pragma": [
          "no-cache"
        ],
        "Strict-Transport-Security": [
          "max-age=31536000; includeSubDomains"
        ],
        "x-ms-gatewayversion": [
          "version=2.14.0"
        ],
        "Server": [
          "Microsoft-HTTPAPI/2.0"
        ],
        "x-ms-ratelimit-remaining-subscription-reads": [
          "11997"
        ],
        "x-ms-request-id": [
          "8876feee-058e-4e18-aa16-ce4ce831e587"
        ],
        "x-ms-correlation-request-id": [
          "8876feee-058e-4e18-aa16-ce4ce831e587"
        ],
        "x-ms-routing-request-id": [
          "EASTUS:20230720T151809Z:8876feee-058e-4e18-aa16-ce4ce831e587"
        ],
        "X-Content-Type-Options": [
          "nosniff"
        ],
        "Date": [
          "Thu, 20 Jul 2023 15:18:08 GMT"
        ],
        "Content-Length": [
          "21"
        ],
        "Content-Type": [
          "application/json"
        ]
      },
      "ResponseBody": "{\r\n  \"status\": \"Dequeued\"\r\n}",
      "StatusCode": 200
    },
    {
      "RequestUri": "/subscriptions/12053b8f-cab5-4f5c-9c1a-870580142abd/providers/Microsoft.DocumentDB/locations/eastus/operationsStatus/09d6cbf9-dec2-4854-a59c-b84adc6e8b3c?api-version=2023-03-15-preview",
      "EncodedRequestUri": "L3N1YnNjcmlwdGlvbnMvMTIwNTNiOGYtY2FiNS00ZjVjLTljMWEtODcwNTgwMTQyYWJkL3Byb3ZpZGVycy9NaWNyb3NvZnQuRG9jdW1lbnREQi9sb2NhdGlvbnMvZWFzdHVzL29wZXJhdGlvbnNTdGF0dXMvMDlkNmNiZjktZGVjMi00ODU0LWE1OWMtYjg0YWRjNmU4YjNjP2FwaS12ZXJzaW9uPTIwMjMtMDMtMTUtcHJldmlldw==",
      "RequestMethod": "GET",
      "RequestHeaders": {
        "x-ms-client-request-id": [
          "dc70e251-d340-4797-a84b-08e9f8583ec1"
        ],
        "User-Agent": [
          "FxVersion/4.700.22.55902",
          "OSName/Windows",
          "OSVersion/Microsoft.Windows.10.0.22621",
          "Microsoft.Azure.Management.CosmosDB.CosmosDBManagementClient/2.0.5"
        ]
      },
      "RequestBody": "",
      "ResponseHeaders": {
        "Cache-Control": [
          "no-store, no-cache"
        ],
        "Pragma": [
          "no-cache"
        ],
        "Strict-Transport-Security": [
          "max-age=31536000; includeSubDomains"
        ],
        "x-ms-gatewayversion": [
          "version=2.14.0"
        ],
        "Server": [
          "Microsoft-HTTPAPI/2.0"
        ],
        "x-ms-ratelimit-remaining-subscription-reads": [
          "11996"
        ],
        "x-ms-request-id": [
          "4e370c44-3818-4cf5-81c2-5cf45d6e893b"
        ],
        "x-ms-correlation-request-id": [
          "4e370c44-3818-4cf5-81c2-5cf45d6e893b"
        ],
        "x-ms-routing-request-id": [
          "EASTUS:20230720T151839Z:4e370c44-3818-4cf5-81c2-5cf45d6e893b"
        ],
        "X-Content-Type-Options": [
          "nosniff"
        ],
        "Date": [
          "Thu, 20 Jul 2023 15:18:39 GMT"
        ],
        "Content-Length": [
          "21"
        ],
        "Content-Type": [
          "application/json"
        ]
      },
      "ResponseBody": "{\r\n  \"status\": \"Dequeued\"\r\n}",
      "StatusCode": 200
    },
    {
      "RequestUri": "/subscriptions/12053b8f-cab5-4f5c-9c1a-870580142abd/providers/Microsoft.DocumentDB/locations/eastus/operationsStatus/09d6cbf9-dec2-4854-a59c-b84adc6e8b3c?api-version=2023-03-15-preview",
      "EncodedRequestUri": "L3N1YnNjcmlwdGlvbnMvMTIwNTNiOGYtY2FiNS00ZjVjLTljMWEtODcwNTgwMTQyYWJkL3Byb3ZpZGVycy9NaWNyb3NvZnQuRG9jdW1lbnREQi9sb2NhdGlvbnMvZWFzdHVzL29wZXJhdGlvbnNTdGF0dXMvMDlkNmNiZjktZGVjMi00ODU0LWE1OWMtYjg0YWRjNmU4YjNjP2FwaS12ZXJzaW9uPTIwMjMtMDMtMTUtcHJldmlldw==",
      "RequestMethod": "GET",
      "RequestHeaders": {
        "x-ms-client-request-id": [
          "dc70e251-d340-4797-a84b-08e9f8583ec1"
        ],
        "User-Agent": [
          "FxVersion/4.700.22.55902",
          "OSName/Windows",
          "OSVersion/Microsoft.Windows.10.0.22621",
          "Microsoft.Azure.Management.CosmosDB.CosmosDBManagementClient/2.0.5"
        ]
      },
      "RequestBody": "",
      "ResponseHeaders": {
        "Cache-Control": [
          "no-store, no-cache"
        ],
        "Pragma": [
          "no-cache"
        ],
        "Strict-Transport-Security": [
          "max-age=31536000; includeSubDomains"
        ],
        "x-ms-gatewayversion": [
          "version=2.14.0"
        ],
        "Server": [
          "Microsoft-HTTPAPI/2.0"
        ],
        "x-ms-ratelimit-remaining-subscription-reads": [
          "11995"
        ],
        "x-ms-request-id": [
          "f8e018f0-bcb0-4417-8a93-aec794585a8a"
        ],
        "x-ms-correlation-request-id": [
          "f8e018f0-bcb0-4417-8a93-aec794585a8a"
        ],
        "x-ms-routing-request-id": [
          "EASTUS:20230720T151909Z:f8e018f0-bcb0-4417-8a93-aec794585a8a"
        ],
        "X-Content-Type-Options": [
          "nosniff"
        ],
        "Date": [
          "Thu, 20 Jul 2023 15:19:08 GMT"
        ],
        "Content-Length": [
          "22"
        ],
        "Content-Type": [
          "application/json"
        ]
      },
      "ResponseBody": "{\r\n  \"status\": \"Succeeded\"\r\n}",
      "StatusCode": 200
    },
    {
      "RequestUri": "/subscriptions/12053b8f-cab5-4f5c-9c1a-870580142abd/resourceGroups/CosmosDBResourceGroup29/providers/Microsoft.DocumentDB/databaseAccounts/mongo-db0029/mongodbDatabases/dbName4?api-version=2023-03-15-preview",
      "EncodedRequestUri": "L3N1YnNjcmlwdGlvbnMvMTIwNTNiOGYtY2FiNS00ZjVjLTljMWEtODcwNTgwMTQyYWJkL3Jlc291cmNlR3JvdXBzL0Nvc21vc0RCUmVzb3VyY2VHcm91cDI5L3Byb3ZpZGVycy9NaWNyb3NvZnQuRG9jdW1lbnREQi9kYXRhYmFzZUFjY291bnRzL21vbmdvLWRiMDAyOS9tb25nb2RiRGF0YWJhc2VzL2RiTmFtZTQ/YXBpLXZlcnNpb249MjAyMy0wMy0xNS1wcmV2aWV3",
      "RequestMethod": "GET",
      "RequestHeaders": {
        "x-ms-client-request-id": [
          "31da1f65-8c19-425f-b99a-8f9e82f86fbe"
        ],
        "Accept-Language": [
          "en-US"
        ],
        "User-Agent": [
          "FxVersion/4.700.22.55902",
          "OSName/Windows",
          "OSVersion/Microsoft.Windows.10.0.22621",
          "Microsoft.Azure.Management.CosmosDB.CosmosDBManagementClient/2.0.5"
        ]
      },
      "RequestBody": "",
      "ResponseHeaders": {
        "Cache-Control": [
          "no-store, no-cache"
        ],
        "Pragma": [
          "no-cache"
        ],
        "Strict-Transport-Security": [
          "max-age=31536000; includeSubDomains"
        ],
        "x-ms-gatewayversion": [
          "version=2.14.0"
        ],
        "Server": [
          "Microsoft-HTTPAPI/2.0"
        ],
        "x-ms-ratelimit-remaining-subscription-reads": [
          "11999"
        ],
        "x-ms-request-id": [
          "d80a921d-4728-44d3-96af-68679e0aed6d"
        ],
        "x-ms-correlation-request-id": [
          "d80a921d-4728-44d3-96af-68679e0aed6d"
        ],
        "x-ms-routing-request-id": [
          "EASTUS:20230720T151909Z:d80a921d-4728-44d3-96af-68679e0aed6d"
        ],
        "X-Content-Type-Options": [
          "nosniff"
        ],
        "Date": [
          "Thu, 20 Jul 2023 15:19:08 GMT"
        ],
        "Content-Length": [
          "160"
        ],
        "Content-Type": [
          "application/json"
        ]
      },
      "ResponseBody": "{\r\n  \"code\": \"NotFound\",\r\n  \"message\": \"the database dbName4 doesn't exist.\\r\\nActivityId: 31da1f65-8c19-425f-b99a-8f9e82f86fbe, Microsoft.Azure.Documents.Common/2.14.0\"\r\n}",
      "StatusCode": 404
    },
    {
      "RequestUri": "/subscriptions/12053b8f-cab5-4f5c-9c1a-870580142abd/resourceGroups/CosmosDBResourceGroup29/providers/Microsoft.DocumentDB/databaseAccounts/mongo-db0029/mongodbDatabases/dbName4?api-version=2023-03-15-preview",
      "EncodedRequestUri": "L3N1YnNjcmlwdGlvbnMvMTIwNTNiOGYtY2FiNS00ZjVjLTljMWEtODcwNTgwMTQyYWJkL3Jlc291cmNlR3JvdXBzL0Nvc21vc0RCUmVzb3VyY2VHcm91cDI5L3Byb3ZpZGVycy9NaWNyb3NvZnQuRG9jdW1lbnREQi9kYXRhYmFzZUFjY291bnRzL21vbmdvLWRiMDAyOS9tb25nb2RiRGF0YWJhc2VzL2RiTmFtZTQ/YXBpLXZlcnNpb249MjAyMy0wMy0xNS1wcmV2aWV3",
      "RequestMethod": "GET",
      "RequestHeaders": {
        "x-ms-client-request-id": [
          "31da1f65-8c19-425f-b99a-8f9e82f86fbe"
        ],
        "User-Agent": [
          "FxVersion/4.700.22.55902",
          "OSName/Windows",
          "OSVersion/Microsoft.Windows.10.0.22621",
          "Microsoft.Azure.Management.CosmosDB.CosmosDBManagementClient/2.0.5"
        ]
      },
      "RequestBody": "",
      "ResponseHeaders": {
        "Cache-Control": [
          "no-store, no-cache"
        ],
        "Pragma": [
          "no-cache"
        ],
        "Strict-Transport-Security": [
          "max-age=31536000; includeSubDomains"
        ],
        "x-ms-gatewayversion": [
          "version=2.14.0"
        ],
        "Server": [
          "Microsoft-HTTPAPI/2.0"
        ],
        "x-ms-ratelimit-remaining-subscription-reads": [
          "11997"
        ],
        "x-ms-request-id": [
          "a52691a8-1918-4088-ab18-b70f89048742"
        ],
        "x-ms-correlation-request-id": [
          "a52691a8-1918-4088-ab18-b70f89048742"
        ],
        "x-ms-routing-request-id": [
          "EASTUS:20230720T151940Z:a52691a8-1918-4088-ab18-b70f89048742"
        ],
        "X-Content-Type-Options": [
          "nosniff"
        ],
        "Date": [
          "Thu, 20 Jul 2023 15:19:40 GMT"
        ],
        "Content-Length": [
          "309"
        ],
        "Content-Type": [
          "application/json"
        ]
      },
      "ResponseBody": "{\r\n  \"id\": \"/subscriptions/12053b8f-cab5-4f5c-9c1a-870580142abd/resourceGroups/CosmosDBResourceGroup29/providers/Microsoft.DocumentDB/databaseAccounts/mongo-db0029/mongodbDatabases/dbName4\",\r\n  \"type\": \"Microsoft.DocumentDB/databaseAccounts/mongodbDatabases\",\r\n  \"name\": \"dbName4\",\r\n  \"properties\": {\r\n    \"resource\": {\r\n      \"id\": \"dbName4\"\r\n    }\r\n  }\r\n}",
      "StatusCode": 200
    },
    {
      "RequestUri": "/subscriptions/12053b8f-cab5-4f5c-9c1a-870580142abd/resourceGroups/CosmosDBResourceGroup29/providers/Microsoft.DocumentDB/databaseAccounts/mongo-db0029/mongodbDatabases/dbName4?api-version=2023-03-15-preview",
      "EncodedRequestUri": "L3N1YnNjcmlwdGlvbnMvMTIwNTNiOGYtY2FiNS00ZjVjLTljMWEtODcwNTgwMTQyYWJkL3Jlc291cmNlR3JvdXBzL0Nvc21vc0RCUmVzb3VyY2VHcm91cDI5L3Byb3ZpZGVycy9NaWNyb3NvZnQuRG9jdW1lbnREQi9kYXRhYmFzZUFjY291bnRzL21vbmdvLWRiMDAyOS9tb25nb2RiRGF0YWJhc2VzL2RiTmFtZTQ/YXBpLXZlcnNpb249MjAyMy0wMy0xNS1wcmV2aWV3",
      "RequestMethod": "PUT",
      "RequestHeaders": {
        "x-ms-client-request-id": [
          "31da1f65-8c19-425f-b99a-8f9e82f86fbe"
        ],
        "Accept-Language": [
          "en-US"
        ],
        "User-Agent": [
          "FxVersion/4.700.22.55902",
          "OSName/Windows",
          "OSVersion/Microsoft.Windows.10.0.22621",
          "Microsoft.Azure.Management.CosmosDB.CosmosDBManagementClient/2.0.5"
        ],
        "Content-Type": [
          "application/json; charset=utf-8"
        ],
        "Content-Length": [
          "129"
        ]
      },
      "RequestBody": "{\r\n  \"properties\": {\r\n    \"resource\": {\r\n      \"id\": \"dbName4\"\r\n    },\r\n    \"options\": {\r\n      \"throughput\": 1200\r\n    }\r\n  }\r\n}",
      "ResponseHeaders": {
        "Cache-Control": [
          "no-store, no-cache"
        ],
        "Pragma": [
          "no-cache"
        ],
        "Location": [
          "https://management.azure.com/subscriptions/12053b8f-cab5-4f5c-9c1a-870580142abd/resourceGroups/CosmosDBResourceGroup29/providers/Microsoft.DocumentDB/databaseAccounts/mongo-db0029/mongodbDatabases/dbName4/operationResults/8cb3a0b7-3bd2-45fe-bdcf-2b060756896b?api-version=2023-03-15-preview"
        ],
        "Azure-AsyncOperation": [
          "https://management.azure.com/subscriptions/12053b8f-cab5-4f5c-9c1a-870580142abd/providers/Microsoft.DocumentDB/locations/eastus/operationsStatus/8cb3a0b7-3bd2-45fe-bdcf-2b060756896b?api-version=2023-03-15-preview"
        ],
        "x-ms-request-id": [
          "8cb3a0b7-3bd2-45fe-bdcf-2b060756896b"
        ],
        "Strict-Transport-Security": [
          "max-age=31536000; includeSubDomains"
        ],
        "x-ms-gatewayversion": [
          "version=2.14.0"
        ],
        "Server": [
          "Microsoft-HTTPAPI/2.0"
        ],
        "x-ms-ratelimit-remaining-subscription-writes": [
          "1199"
        ],
        "x-ms-correlation-request-id": [
          "d77ceba9-68c9-472e-b6d9-cc5eb372d2bb"
        ],
        "x-ms-routing-request-id": [
          "EASTUS:20230720T151910Z:d77ceba9-68c9-472e-b6d9-cc5eb372d2bb"
        ],
        "X-Content-Type-Options": [
          "nosniff"
        ],
        "Date": [
          "Thu, 20 Jul 2023 15:19:09 GMT"
        ],
        "Content-Length": [
          "21"
        ],
        "Content-Type": [
          "application/json"
        ]
      },
      "ResponseBody": "{\r\n  \"status\": \"Enqueued\"\r\n}",
      "StatusCode": 202
    },
    {
      "RequestUri": "/subscriptions/12053b8f-cab5-4f5c-9c1a-870580142abd/providers/Microsoft.DocumentDB/locations/eastus/operationsStatus/8cb3a0b7-3bd2-45fe-bdcf-2b060756896b?api-version=2023-03-15-preview",
      "EncodedRequestUri": "L3N1YnNjcmlwdGlvbnMvMTIwNTNiOGYtY2FiNS00ZjVjLTljMWEtODcwNTgwMTQyYWJkL3Byb3ZpZGVycy9NaWNyb3NvZnQuRG9jdW1lbnREQi9sb2NhdGlvbnMvZWFzdHVzL29wZXJhdGlvbnNTdGF0dXMvOGNiM2EwYjctM2JkMi00NWZlLWJkY2YtMmIwNjA3NTY4OTZiP2FwaS12ZXJzaW9uPTIwMjMtMDMtMTUtcHJldmlldw==",
      "RequestMethod": "GET",
      "RequestHeaders": {
        "x-ms-client-request-id": [
          "31da1f65-8c19-425f-b99a-8f9e82f86fbe"
        ],
        "User-Agent": [
          "FxVersion/4.700.22.55902",
          "OSName/Windows",
          "OSVersion/Microsoft.Windows.10.0.22621",
          "Microsoft.Azure.Management.CosmosDB.CosmosDBManagementClient/2.0.5"
        ]
      },
      "RequestBody": "",
      "ResponseHeaders": {
        "Cache-Control": [
          "no-store, no-cache"
        ],
        "Pragma": [
          "no-cache"
        ],
        "Strict-Transport-Security": [
          "max-age=31536000; includeSubDomains"
        ],
        "x-ms-gatewayversion": [
          "version=2.14.0"
        ],
        "Server": [
          "Microsoft-HTTPAPI/2.0"
        ],
        "x-ms-ratelimit-remaining-subscription-reads": [
          "11998"
        ],
        "x-ms-request-id": [
          "147abd5f-87a3-4d23-b2d0-a94cd0d7b919"
        ],
        "x-ms-correlation-request-id": [
          "147abd5f-87a3-4d23-b2d0-a94cd0d7b919"
        ],
        "x-ms-routing-request-id": [
          "EASTUS:20230720T151940Z:147abd5f-87a3-4d23-b2d0-a94cd0d7b919"
        ],
        "X-Content-Type-Options": [
          "nosniff"
        ],
        "Date": [
          "Thu, 20 Jul 2023 15:19:40 GMT"
        ],
        "Content-Length": [
          "22"
        ],
        "Content-Type": [
          "application/json"
        ]
      },
      "ResponseBody": "{\r\n  \"status\": \"Succeeded\"\r\n}",
      "StatusCode": 200
    },
    {
      "RequestUri": "/subscriptions/12053b8f-cab5-4f5c-9c1a-870580142abd/resourceGroups/CosmosDBResourceGroup29/providers/Microsoft.DocumentDB/databaseAccounts/mongo-db0029/mongodbDatabases/dbName4/throughputSettings/default?api-version=2023-03-15-preview",
      "EncodedRequestUri": "L3N1YnNjcmlwdGlvbnMvMTIwNTNiOGYtY2FiNS00ZjVjLTljMWEtODcwNTgwMTQyYWJkL3Jlc291cmNlR3JvdXBzL0Nvc21vc0RCUmVzb3VyY2VHcm91cDI5L3Byb3ZpZGVycy9NaWNyb3NvZnQuRG9jdW1lbnREQi9kYXRhYmFzZUFjY291bnRzL21vbmdvLWRiMDAyOS9tb25nb2RiRGF0YWJhc2VzL2RiTmFtZTQvdGhyb3VnaHB1dFNldHRpbmdzL2RlZmF1bHQ/YXBpLXZlcnNpb249MjAyMy0wMy0xNS1wcmV2aWV3",
      "RequestMethod": "GET",
      "RequestHeaders": {
        "x-ms-client-request-id": [
          "4692b9c8-03d0-4d3b-a549-19f1103704be"
        ],
        "Accept-Language": [
          "en-US"
        ],
        "User-Agent": [
          "FxVersion/4.700.22.55902",
          "OSName/Windows",
          "OSVersion/Microsoft.Windows.10.0.22621",
          "Microsoft.Azure.Management.CosmosDB.CosmosDBManagementClient/2.0.5"
        ]
      },
      "RequestBody": "",
      "ResponseHeaders": {
        "Cache-Control": [
          "no-store, no-cache"
        ],
        "Pragma": [
          "no-cache"
        ],
        "Strict-Transport-Security": [
          "max-age=31536000; includeSubDomains"
        ],
        "x-ms-gatewayversion": [
          "version=2.14.0"
        ],
        "Server": [
          "Microsoft-HTTPAPI/2.0"
        ],
        "x-ms-ratelimit-remaining-subscription-reads": [
          "11996"
        ],
        "x-ms-request-id": [
          "f873d91b-20ee-43a0-ae30-02a5a718c7c4"
        ],
        "x-ms-correlation-request-id": [
          "f873d91b-20ee-43a0-ae30-02a5a718c7c4"
        ],
        "x-ms-routing-request-id": [
          "EASTUS:20230720T151940Z:f873d91b-20ee-43a0-ae30-02a5a718c7c4"
        ],
        "X-Content-Type-Options": [
          "nosniff"
        ],
        "Date": [
          "Thu, 20 Jul 2023 15:19:40 GMT"
        ],
        "Content-Length": [
          "381"
        ],
        "Content-Type": [
          "application/json"
        ]
      },
      "ResponseBody": "{\r\n  \"id\": \"/subscriptions/12053b8f-cab5-4f5c-9c1a-870580142abd/resourceGroups/CosmosDBResourceGroup29/providers/Microsoft.DocumentDB/databaseAccounts/mongo-db0029/mongodbDatabases/dbName4/throughputSettings/default\",\r\n  \"type\": \"Microsoft.DocumentDB/databaseAccounts/mongodbDatabases/throughputSettings\",\r\n  \"name\": \"Ue9H\",\r\n  \"properties\": {\r\n    \"resource\": {\r\n      \"throughput\": 1200,\r\n      \"minimumThroughput\": \"400\"\r\n    }\r\n  }\r\n}",
      "StatusCode": 200
    },
    {
      "RequestUri": "/subscriptions/12053b8f-cab5-4f5c-9c1a-870580142abd/resourceGroups/CosmosDBResourceGroup29/providers/Microsoft.DocumentDB/databaseAccounts/mongo-db0029/mongodbDatabases/dbName4/throughputSettings/default/migrateToAutoscale?api-version=2023-03-15-preview",
      "EncodedRequestUri": "L3N1YnNjcmlwdGlvbnMvMTIwNTNiOGYtY2FiNS00ZjVjLTljMWEtODcwNTgwMTQyYWJkL3Jlc291cmNlR3JvdXBzL0Nvc21vc0RCUmVzb3VyY2VHcm91cDI5L3Byb3ZpZGVycy9NaWNyb3NvZnQuRG9jdW1lbnREQi9kYXRhYmFzZUFjY291bnRzL21vbmdvLWRiMDAyOS9tb25nb2RiRGF0YWJhc2VzL2RiTmFtZTQvdGhyb3VnaHB1dFNldHRpbmdzL2RlZmF1bHQvbWlncmF0ZVRvQXV0b3NjYWxlP2FwaS12ZXJzaW9uPTIwMjMtMDMtMTUtcHJldmlldw==",
      "RequestMethod": "POST",
      "RequestHeaders": {
        "x-ms-client-request-id": [
          "21d0dc03-c954-4879-88fa-2238df1c2b97"
        ],
        "Accept-Language": [
          "en-US"
        ],
        "User-Agent": [
          "FxVersion/4.700.22.55902",
          "OSName/Windows",
          "OSVersion/Microsoft.Windows.10.0.22621",
          "Microsoft.Azure.Management.CosmosDB.CosmosDBManagementClient/2.0.5"
        ]
      },
      "RequestBody": "",
      "ResponseHeaders": {
        "Cache-Control": [
          "no-store, no-cache"
        ],
        "Pragma": [
          "no-cache"
        ],
        "Location": [
          "https://management.azure.com/subscriptions/12053b8f-cab5-4f5c-9c1a-870580142abd/resourceGroups/CosmosDBResourceGroup29/providers/Microsoft.DocumentDB/databaseAccounts/mongo-db0029/mongodbDatabases/dbName4/throughputSettings/default/migrateToAutoscale/operationResults/f0e51a0b-df59-466b-8d66-b89f5f56da25?api-version=2023-03-15-preview"
        ],
        "Azure-AsyncOperation": [
          "https://management.azure.com/subscriptions/12053b8f-cab5-4f5c-9c1a-870580142abd/providers/Microsoft.DocumentDB/locations/eastus/operationsStatus/f0e51a0b-df59-466b-8d66-b89f5f56da25?api-version=2023-03-15-preview"
        ],
        "x-ms-request-id": [
          "f0e51a0b-df59-466b-8d66-b89f5f56da25"
        ],
        "Strict-Transport-Security": [
          "max-age=31536000; includeSubDomains"
        ],
        "x-ms-gatewayversion": [
          "version=2.14.0"
        ],
        "Server": [
          "Microsoft-HTTPAPI/2.0"
        ],
        "x-ms-ratelimit-remaining-subscription-writes": [
          "1199"
        ],
        "x-ms-correlation-request-id": [
          "00cfa700-1bc0-4ccd-864f-a9455c1783e9"
        ],
        "x-ms-routing-request-id": [
          "EASTUS:20230720T151941Z:00cfa700-1bc0-4ccd-864f-a9455c1783e9"
        ],
        "X-Content-Type-Options": [
          "nosniff"
        ],
        "Date": [
          "Thu, 20 Jul 2023 15:19:41 GMT"
        ],
        "Content-Length": [
          "21"
        ],
        "Content-Type": [
          "application/json"
        ]
      },
      "ResponseBody": "{\r\n  \"status\": \"Enqueued\"\r\n}",
      "StatusCode": 202
    },
    {
      "RequestUri": "/subscriptions/12053b8f-cab5-4f5c-9c1a-870580142abd/providers/Microsoft.DocumentDB/locations/eastus/operationsStatus/f0e51a0b-df59-466b-8d66-b89f5f56da25?api-version=2023-03-15-preview",
      "EncodedRequestUri": "L3N1YnNjcmlwdGlvbnMvMTIwNTNiOGYtY2FiNS00ZjVjLTljMWEtODcwNTgwMTQyYWJkL3Byb3ZpZGVycy9NaWNyb3NvZnQuRG9jdW1lbnREQi9sb2NhdGlvbnMvZWFzdHVzL29wZXJhdGlvbnNTdGF0dXMvZjBlNTFhMGItZGY1OS00NjZiLThkNjYtYjg5ZjVmNTZkYTI1P2FwaS12ZXJzaW9uPTIwMjMtMDMtMTUtcHJldmlldw==",
      "RequestMethod": "GET",
      "RequestHeaders": {
        "x-ms-client-request-id": [
          "21d0dc03-c954-4879-88fa-2238df1c2b97"
        ],
        "User-Agent": [
          "FxVersion/4.700.22.55902",
          "OSName/Windows",
          "OSVersion/Microsoft.Windows.10.0.22621",
          "Microsoft.Azure.Management.CosmosDB.CosmosDBManagementClient/2.0.5"
        ]
      },
      "RequestBody": "",
      "ResponseHeaders": {
        "Cache-Control": [
          "no-store, no-cache"
        ],
        "Pragma": [
          "no-cache"
        ],
        "Strict-Transport-Security": [
          "max-age=31536000; includeSubDomains"
        ],
        "x-ms-gatewayversion": [
          "version=2.14.0"
        ],
        "Server": [
          "Microsoft-HTTPAPI/2.0"
        ],
        "x-ms-ratelimit-remaining-subscription-reads": [
          "11999"
        ],
        "x-ms-request-id": [
          "09bf7a3b-9a55-4f15-86a3-2a73d2481e6c"
        ],
        "x-ms-correlation-request-id": [
          "09bf7a3b-9a55-4f15-86a3-2a73d2481e6c"
        ],
        "x-ms-routing-request-id": [
          "EASTUS:20230720T152011Z:09bf7a3b-9a55-4f15-86a3-2a73d2481e6c"
        ],
        "X-Content-Type-Options": [
          "nosniff"
        ],
        "Date": [
          "Thu, 20 Jul 2023 15:20:11 GMT"
        ],
        "Content-Length": [
          "22"
        ],
        "Content-Type": [
          "application/json"
        ]
      },
      "ResponseBody": "{\r\n  \"status\": \"Succeeded\"\r\n}",
      "StatusCode": 200
    },
    {
      "RequestUri": "/subscriptions/12053b8f-cab5-4f5c-9c1a-870580142abd/resourceGroups/CosmosDBResourceGroup29/providers/Microsoft.DocumentDB/databaseAccounts/mongo-db0029/mongodbDatabases/dbName4/throughputSettings/default/migrateToAutoscale/operationResults/f0e51a0b-df59-466b-8d66-b89f5f56da25?api-version=2023-03-15-preview",
      "EncodedRequestUri": "L3N1YnNjcmlwdGlvbnMvMTIwNTNiOGYtY2FiNS00ZjVjLTljMWEtODcwNTgwMTQyYWJkL3Jlc291cmNlR3JvdXBzL0Nvc21vc0RCUmVzb3VyY2VHcm91cDI5L3Byb3ZpZGVycy9NaWNyb3NvZnQuRG9jdW1lbnREQi9kYXRhYmFzZUFjY291bnRzL21vbmdvLWRiMDAyOS9tb25nb2RiRGF0YWJhc2VzL2RiTmFtZTQvdGhyb3VnaHB1dFNldHRpbmdzL2RlZmF1bHQvbWlncmF0ZVRvQXV0b3NjYWxlL29wZXJhdGlvblJlc3VsdHMvZjBlNTFhMGItZGY1OS00NjZiLThkNjYtYjg5ZjVmNTZkYTI1P2FwaS12ZXJzaW9uPTIwMjMtMDMtMTUtcHJldmlldw==",
      "RequestMethod": "GET",
      "RequestHeaders": {
        "x-ms-client-request-id": [
          "21d0dc03-c954-4879-88fa-2238df1c2b97"
        ],
        "User-Agent": [
          "FxVersion/4.700.22.55902",
          "OSName/Windows",
          "OSVersion/Microsoft.Windows.10.0.22621",
          "Microsoft.Azure.Management.CosmosDB.CosmosDBManagementClient/2.0.5"
        ]
      },
      "RequestBody": "",
      "ResponseHeaders": {
        "Cache-Control": [
          "no-store, no-cache"
        ],
        "Pragma": [
          "no-cache"
        ],
        "Strict-Transport-Security": [
          "max-age=31536000; includeSubDomains"
        ],
        "x-ms-gatewayversion": [
          "version=2.14.0"
        ],
        "Server": [
          "Microsoft-HTTPAPI/2.0"
        ],
        "x-ms-ratelimit-remaining-subscription-reads": [
          "11998"
        ],
        "x-ms-request-id": [
          "eb8d6670-202a-435a-89b4-d49c56080d7e"
        ],
        "x-ms-correlation-request-id": [
          "eb8d6670-202a-435a-89b4-d49c56080d7e"
        ],
        "x-ms-routing-request-id": [
          "EASTUS:20230720T152011Z:eb8d6670-202a-435a-89b4-d49c56080d7e"
        ],
        "X-Content-Type-Options": [
          "nosniff"
        ],
        "Date": [
          "Thu, 20 Jul 2023 15:20:11 GMT"
        ],
        "Content-Length": [
          "462"
        ],
        "Content-Type": [
          "application/json"
        ]
      },
      "ResponseBody": "{\r\n  \"id\": \"/subscriptions/12053b8f-cab5-4f5c-9c1a-870580142abd/resourceGroups/CosmosDBResourceGroup29/providers/Microsoft.DocumentDB/databaseAccounts/mongo-db0029/mongodbDatabases/dbName4/throughputSettings/default/migrateToAutoscale\",\r\n  \"type\": \"Microsoft.DocumentDB/databaseAccounts/mongodbDatabases/throughputSettings/migrateToAutoscale\",\r\n  \"name\": \"Ue9H\",\r\n  \"properties\": {\r\n    \"resource\": {\r\n      \"throughput\": 200,\r\n      \"autoscaleSettings\": {\r\n        \"maxThroughput\": 2000\r\n      },\r\n      \"minimumThroughput\": \"1000\"\r\n    }\r\n  }\r\n}",
      "StatusCode": 200
    },
    {
      "RequestUri": "/subscriptions/12053b8f-cab5-4f5c-9c1a-870580142abd/resourceGroups/CosmosDBResourceGroup29/providers/Microsoft.DocumentDB/databaseAccounts/mongo-db0029/mongodbDatabases/dbName4/throughputSettings/default/migrateToManualThroughput?api-version=2023-03-15-preview",
      "EncodedRequestUri": "L3N1YnNjcmlwdGlvbnMvMTIwNTNiOGYtY2FiNS00ZjVjLTljMWEtODcwNTgwMTQyYWJkL3Jlc291cmNlR3JvdXBzL0Nvc21vc0RCUmVzb3VyY2VHcm91cDI5L3Byb3ZpZGVycy9NaWNyb3NvZnQuRG9jdW1lbnREQi9kYXRhYmFzZUFjY291bnRzL21vbmdvLWRiMDAyOS9tb25nb2RiRGF0YWJhc2VzL2RiTmFtZTQvdGhyb3VnaHB1dFNldHRpbmdzL2RlZmF1bHQvbWlncmF0ZVRvTWFudWFsVGhyb3VnaHB1dD9hcGktdmVyc2lvbj0yMDIzLTAzLTE1LXByZXZpZXc=",
      "RequestMethod": "POST",
      "RequestHeaders": {
        "x-ms-client-request-id": [
          "5ca7af19-c74c-481b-bc8b-041e4df1068e"
        ],
        "Accept-Language": [
          "en-US"
        ],
        "User-Agent": [
          "FxVersion/4.700.22.55902",
          "OSName/Windows",
          "OSVersion/Microsoft.Windows.10.0.22621",
          "Microsoft.Azure.Management.CosmosDB.CosmosDBManagementClient/2.0.5"
        ]
      },
      "RequestBody": "",
      "ResponseHeaders": {
        "Cache-Control": [
          "no-store, no-cache"
        ],
        "Pragma": [
          "no-cache"
        ],
        "Location": [
          "https://management.azure.com/subscriptions/12053b8f-cab5-4f5c-9c1a-870580142abd/resourceGroups/CosmosDBResourceGroup29/providers/Microsoft.DocumentDB/databaseAccounts/mongo-db0029/mongodbDatabases/dbName4/throughputSettings/default/migrateToManualThroughput/operationResults/ef86f962-e639-4dff-b9c2-58475ec64be8?api-version=2023-03-15-preview"
        ],
        "Azure-AsyncOperation": [
          "https://management.azure.com/subscriptions/12053b8f-cab5-4f5c-9c1a-870580142abd/providers/Microsoft.DocumentDB/locations/eastus/operationsStatus/ef86f962-e639-4dff-b9c2-58475ec64be8?api-version=2023-03-15-preview"
        ],
        "x-ms-request-id": [
          "ef86f962-e639-4dff-b9c2-58475ec64be8"
        ],
        "Strict-Transport-Security": [
          "max-age=31536000; includeSubDomains"
        ],
        "x-ms-gatewayversion": [
          "version=2.14.0"
        ],
        "Server": [
          "Microsoft-HTTPAPI/2.0"
        ],
        "x-ms-ratelimit-remaining-subscription-writes": [
          "1199"
        ],
        "x-ms-correlation-request-id": [
          "c521aead-d04c-4a03-9857-52d329127133"
        ],
        "x-ms-routing-request-id": [
          "EASTUS:20230720T152012Z:c521aead-d04c-4a03-9857-52d329127133"
        ],
        "X-Content-Type-Options": [
          "nosniff"
        ],
        "Date": [
          "Thu, 20 Jul 2023 15:20:11 GMT"
        ],
        "Content-Length": [
          "21"
        ],
        "Content-Type": [
          "application/json"
        ]
      },
      "ResponseBody": "{\r\n  \"status\": \"Enqueued\"\r\n}",
      "StatusCode": 202
    },
    {
      "RequestUri": "/subscriptions/12053b8f-cab5-4f5c-9c1a-870580142abd/providers/Microsoft.DocumentDB/locations/eastus/operationsStatus/ef86f962-e639-4dff-b9c2-58475ec64be8?api-version=2023-03-15-preview",
      "EncodedRequestUri": "L3N1YnNjcmlwdGlvbnMvMTIwNTNiOGYtY2FiNS00ZjVjLTljMWEtODcwNTgwMTQyYWJkL3Byb3ZpZGVycy9NaWNyb3NvZnQuRG9jdW1lbnREQi9sb2NhdGlvbnMvZWFzdHVzL29wZXJhdGlvbnNTdGF0dXMvZWY4NmY5NjItZTYzOS00ZGZmLWI5YzItNTg0NzVlYzY0YmU4P2FwaS12ZXJzaW9uPTIwMjMtMDMtMTUtcHJldmlldw==",
      "RequestMethod": "GET",
      "RequestHeaders": {
        "x-ms-client-request-id": [
          "5ca7af19-c74c-481b-bc8b-041e4df1068e"
        ],
        "User-Agent": [
          "FxVersion/4.700.22.55902",
          "OSName/Windows",
          "OSVersion/Microsoft.Windows.10.0.22621",
          "Microsoft.Azure.Management.CosmosDB.CosmosDBManagementClient/2.0.5"
        ]
      },
      "RequestBody": "",
      "ResponseHeaders": {
        "Cache-Control": [
          "no-store, no-cache"
        ],
        "Pragma": [
          "no-cache"
        ],
        "Strict-Transport-Security": [
          "max-age=31536000; includeSubDomains"
        ],
        "x-ms-gatewayversion": [
          "version=2.14.0"
        ],
        "Server": [
          "Microsoft-HTTPAPI/2.0"
        ],
        "x-ms-ratelimit-remaining-subscription-reads": [
          "11984"
        ],
        "x-ms-request-id": [
          "794032c6-4ed3-4505-84bf-be7affa5f0a5"
        ],
        "x-ms-correlation-request-id": [
          "794032c6-4ed3-4505-84bf-be7affa5f0a5"
        ],
        "x-ms-routing-request-id": [
          "EASTUS:20230720T152042Z:794032c6-4ed3-4505-84bf-be7affa5f0a5"
        ],
        "X-Content-Type-Options": [
          "nosniff"
        ],
        "Date": [
          "Thu, 20 Jul 2023 15:20:42 GMT"
        ],
        "Content-Length": [
          "22"
        ],
        "Content-Type": [
          "application/json"
        ]
      },
      "ResponseBody": "{\r\n  \"status\": \"Succeeded\"\r\n}",
      "StatusCode": 200
    },
    {
      "RequestUri": "/subscriptions/12053b8f-cab5-4f5c-9c1a-870580142abd/resourceGroups/CosmosDBResourceGroup29/providers/Microsoft.DocumentDB/databaseAccounts/mongo-db0029/mongodbDatabases/dbName4/throughputSettings/default/migrateToManualThroughput/operationResults/ef86f962-e639-4dff-b9c2-58475ec64be8?api-version=2023-03-15-preview",
      "EncodedRequestUri": "L3N1YnNjcmlwdGlvbnMvMTIwNTNiOGYtY2FiNS00ZjVjLTljMWEtODcwNTgwMTQyYWJkL3Jlc291cmNlR3JvdXBzL0Nvc21vc0RCUmVzb3VyY2VHcm91cDI5L3Byb3ZpZGVycy9NaWNyb3NvZnQuRG9jdW1lbnREQi9kYXRhYmFzZUFjY291bnRzL21vbmdvLWRiMDAyOS9tb25nb2RiRGF0YWJhc2VzL2RiTmFtZTQvdGhyb3VnaHB1dFNldHRpbmdzL2RlZmF1bHQvbWlncmF0ZVRvTWFudWFsVGhyb3VnaHB1dC9vcGVyYXRpb25SZXN1bHRzL2VmODZmOTYyLWU2MzktNGRmZi1iOWMyLTU4NDc1ZWM2NGJlOD9hcGktdmVyc2lvbj0yMDIzLTAzLTE1LXByZXZpZXc=",
      "RequestMethod": "GET",
      "RequestHeaders": {
        "x-ms-client-request-id": [
          "5ca7af19-c74c-481b-bc8b-041e4df1068e"
        ],
        "User-Agent": [
          "FxVersion/4.700.22.55902",
          "OSName/Windows",
          "OSVersion/Microsoft.Windows.10.0.22621",
          "Microsoft.Azure.Management.CosmosDB.CosmosDBManagementClient/2.0.5"
        ]
      },
      "RequestBody": "",
      "ResponseHeaders": {
        "Cache-Control": [
          "no-store, no-cache"
        ],
        "Pragma": [
          "no-cache"
        ],
        "Strict-Transport-Security": [
          "max-age=31536000; includeSubDomains"
        ],
        "x-ms-gatewayversion": [
          "version=2.14.0"
        ],
        "Server": [
          "Microsoft-HTTPAPI/2.0"
        ],
        "x-ms-ratelimit-remaining-subscription-reads": [
          "11983"
        ],
        "x-ms-request-id": [
          "fa052ba2-356d-49a4-a372-14e002b24dd8"
        ],
        "x-ms-correlation-request-id": [
          "fa052ba2-356d-49a4-a372-14e002b24dd8"
        ],
        "x-ms-routing-request-id": [
          "EASTUS:20230720T152042Z:fa052ba2-356d-49a4-a372-14e002b24dd8"
        ],
        "X-Content-Type-Options": [
          "nosniff"
        ],
        "Date": [
          "Thu, 20 Jul 2023 15:20:42 GMT"
        ],
        "Content-Length": [
          "433"
        ],
        "Content-Type": [
          "application/json"
        ]
      },
      "ResponseBody": "{\r\n  \"id\": \"/subscriptions/12053b8f-cab5-4f5c-9c1a-870580142abd/resourceGroups/CosmosDBResourceGroup29/providers/Microsoft.DocumentDB/databaseAccounts/mongo-db0029/mongodbDatabases/dbName4/throughputSettings/default/migrateToManualThroughput\",\r\n  \"type\": \"Microsoft.DocumentDB/databaseAccounts/mongodbDatabases/throughputSettings/migrateToManualThroughput\",\r\n  \"name\": \"Ue9H\",\r\n  \"properties\": {\r\n    \"resource\": {\r\n      \"throughput\": 2000,\r\n      \"minimumThroughput\": \"400\"\r\n    }\r\n  }\r\n}",
      "StatusCode": 200
    },
    {
      "RequestUri": "/subscriptions/12053b8f-cab5-4f5c-9c1a-870580142abd/resourceGroups/CosmosDBResourceGroup29/providers/Microsoft.DocumentDB/databaseAccounts/mongo-db0029/mongodbDatabases/dbName4/collections/collectionName?api-version=2023-03-15-preview",
      "EncodedRequestUri": "L3N1YnNjcmlwdGlvbnMvMTIwNTNiOGYtY2FiNS00ZjVjLTljMWEtODcwNTgwMTQyYWJkL3Jlc291cmNlR3JvdXBzL0Nvc21vc0RCUmVzb3VyY2VHcm91cDI5L3Byb3ZpZGVycy9NaWNyb3NvZnQuRG9jdW1lbnREQi9kYXRhYmFzZUFjY291bnRzL21vbmdvLWRiMDAyOS9tb25nb2RiRGF0YWJhc2VzL2RiTmFtZTQvY29sbGVjdGlvbnMvY29sbGVjdGlvbk5hbWU/YXBpLXZlcnNpb249MjAyMy0wMy0xNS1wcmV2aWV3",
      "RequestMethod": "GET",
      "RequestHeaders": {
        "x-ms-client-request-id": [
          "078cb16c-9428-4b17-abef-83584825d3b5"
        ],
        "Accept-Language": [
          "en-US"
        ],
        "User-Agent": [
          "FxVersion/4.700.22.55902",
          "OSName/Windows",
          "OSVersion/Microsoft.Windows.10.0.22621",
          "Microsoft.Azure.Management.CosmosDB.CosmosDBManagementClient/2.0.5"
        ]
      },
      "RequestBody": "",
      "ResponseHeaders": {
        "Cache-Control": [
          "no-store, no-cache"
        ],
        "Pragma": [
          "no-cache"
        ],
        "Strict-Transport-Security": [
          "max-age=31536000; includeSubDomains"
        ],
        "x-ms-gatewayversion": [
          "version=2.14.0"
        ],
        "Server": [
          "Microsoft-HTTPAPI/2.0"
        ],
        "x-ms-ratelimit-remaining-subscription-reads": [
          "11999"
        ],
        "x-ms-request-id": [
          "2a2d3bca-5d3b-4262-99ff-e7cbf01e8121"
        ],
        "x-ms-correlation-request-id": [
          "2a2d3bca-5d3b-4262-99ff-e7cbf01e8121"
        ],
        "x-ms-routing-request-id": [
          "EASTUS:20230720T152043Z:2a2d3bca-5d3b-4262-99ff-e7cbf01e8121"
        ],
        "X-Content-Type-Options": [
          "nosniff"
        ],
        "Date": [
          "Thu, 20 Jul 2023 15:20:42 GMT"
        ],
        "Content-Length": [
          "181"
        ],
        "Content-Type": [
          "application/json"
        ]
      },
      "ResponseBody": "{\r\n  \"code\": \"NotFound\",\r\n  \"message\": \"The collection 'dbName4'.'collectionName' doesn't exist.\\r\\nActivityId: 078cb16c-9428-4b17-abef-83584825d3b5, Microsoft.Azure.Documents.Common/2.14.0\"\r\n}",
      "StatusCode": 404
    },
    {
      "RequestUri": "/subscriptions/12053b8f-cab5-4f5c-9c1a-870580142abd/resourceGroups/CosmosDBResourceGroup29/providers/Microsoft.DocumentDB/databaseAccounts/mongo-db0029/mongodbDatabases/dbName4/collections/collectionName?api-version=2023-03-15-preview",
      "EncodedRequestUri": "L3N1YnNjcmlwdGlvbnMvMTIwNTNiOGYtY2FiNS00ZjVjLTljMWEtODcwNTgwMTQyYWJkL3Jlc291cmNlR3JvdXBzL0Nvc21vc0RCUmVzb3VyY2VHcm91cDI5L3Byb3ZpZGVycy9NaWNyb3NvZnQuRG9jdW1lbnREQi9kYXRhYmFzZUFjY291bnRzL21vbmdvLWRiMDAyOS9tb25nb2RiRGF0YWJhc2VzL2RiTmFtZTQvY29sbGVjdGlvbnMvY29sbGVjdGlvbk5hbWU/YXBpLXZlcnNpb249MjAyMy0wMy0xNS1wcmV2aWV3",
      "RequestMethod": "GET",
      "RequestHeaders": {
        "x-ms-client-request-id": [
          "078cb16c-9428-4b17-abef-83584825d3b5"
        ],
        "User-Agent": [
          "FxVersion/4.700.22.55902",
          "OSName/Windows",
          "OSVersion/Microsoft.Windows.10.0.22621",
          "Microsoft.Azure.Management.CosmosDB.CosmosDBManagementClient/2.0.5"
        ]
      },
      "RequestBody": "",
      "ResponseHeaders": {
        "Cache-Control": [
          "no-store, no-cache"
        ],
        "Pragma": [
          "no-cache"
        ],
        "Strict-Transport-Security": [
          "max-age=31536000; includeSubDomains"
        ],
        "x-ms-gatewayversion": [
          "version=2.14.0"
        ],
        "Server": [
          "Microsoft-HTTPAPI/2.0"
        ],
        "x-ms-ratelimit-remaining-subscription-reads": [
          "11997"
        ],
        "x-ms-request-id": [
          "cf457445-498e-4e56-8a08-45f14482b7df"
        ],
        "x-ms-correlation-request-id": [
          "cf457445-498e-4e56-8a08-45f14482b7df"
        ],
        "x-ms-routing-request-id": [
          "EASTUS:20230720T152114Z:cf457445-498e-4e56-8a08-45f14482b7df"
        ],
        "X-Content-Type-Options": [
          "nosniff"
        ],
        "Date": [
          "Thu, 20 Jul 2023 15:21:13 GMT"
        ],
        "Content-Length": [
          "434"
        ],
        "Content-Type": [
          "application/json"
        ]
      },
      "ResponseBody": "{\r\n  \"id\": \"/subscriptions/12053b8f-cab5-4f5c-9c1a-870580142abd/resourceGroups/CosmosDBResourceGroup29/providers/Microsoft.DocumentDB/databaseAccounts/mongo-db0029/mongodbDatabases/dbName4/collections/collectionName\",\r\n  \"type\": \"Microsoft.DocumentDB/databaseAccounts/mongodbDatabases/collections\",\r\n  \"name\": \"collectionName\",\r\n  \"properties\": {\r\n    \"resource\": {\r\n      \"id\": \"collectionName\",\r\n      \"shardKey\": {\r\n        \"shardKeyPath\": \"Hash\"\r\n      },\r\n      \"indexes\": [\r\n        {\r\n          \"key\": {\r\n            \"keys\": [\r\n              \"_id\"\r\n            ]\r\n          }\r\n        }\r\n      ]\r\n    }\r\n  }\r\n}",
      "StatusCode": 200
    },
    {
      "RequestUri": "/subscriptions/12053b8f-cab5-4f5c-9c1a-870580142abd/resourceGroups/CosmosDBResourceGroup29/providers/Microsoft.DocumentDB/databaseAccounts/mongo-db0029/mongodbDatabases/dbName4/collections/collectionName?api-version=2023-03-15-preview",
      "EncodedRequestUri": "L3N1YnNjcmlwdGlvbnMvMTIwNTNiOGYtY2FiNS00ZjVjLTljMWEtODcwNTgwMTQyYWJkL3Jlc291cmNlR3JvdXBzL0Nvc21vc0RCUmVzb3VyY2VHcm91cDI5L3Byb3ZpZGVycy9NaWNyb3NvZnQuRG9jdW1lbnREQi9kYXRhYmFzZUFjY291bnRzL21vbmdvLWRiMDAyOS9tb25nb2RiRGF0YWJhc2VzL2RiTmFtZTQvY29sbGVjdGlvbnMvY29sbGVjdGlvbk5hbWU/YXBpLXZlcnNpb249MjAyMy0wMy0xNS1wcmV2aWV3",
      "RequestMethod": "PUT",
      "RequestHeaders": {
        "x-ms-client-request-id": [
          "078cb16c-9428-4b17-abef-83584825d3b5"
        ],
        "Accept-Language": [
          "en-US"
        ],
        "User-Agent": [
          "FxVersion/4.700.22.55902",
          "OSName/Windows",
          "OSVersion/Microsoft.Windows.10.0.22621",
          "Microsoft.Azure.Management.CosmosDB.CosmosDBManagementClient/2.0.5"
        ],
        "Content-Type": [
          "application/json; charset=utf-8"
        ],
        "Content-Length": [
          "198"
        ]
      },
      "RequestBody": "{\r\n  \"properties\": {\r\n    \"resource\": {\r\n      \"id\": \"collectionName\",\r\n      \"shardKey\": {\r\n        \"shardKeyPath\": \"Hash\"\r\n      }\r\n    },\r\n    \"options\": {\r\n      \"throughput\": 800\r\n    }\r\n  }\r\n}",
      "ResponseHeaders": {
        "Cache-Control": [
          "no-store, no-cache"
        ],
        "Pragma": [
          "no-cache"
        ],
        "Location": [
          "https://management.azure.com/subscriptions/12053b8f-cab5-4f5c-9c1a-870580142abd/resourceGroups/CosmosDBResourceGroup29/providers/Microsoft.DocumentDB/databaseAccounts/mongo-db0029/mongodbDatabases/dbName4/collections/collectionName/operationResults/ead3b920-969c-47b1-8f3d-eeb572ceb98a?api-version=2023-03-15-preview"
        ],
        "Azure-AsyncOperation": [
          "https://management.azure.com/subscriptions/12053b8f-cab5-4f5c-9c1a-870580142abd/providers/Microsoft.DocumentDB/locations/eastus/operationsStatus/ead3b920-969c-47b1-8f3d-eeb572ceb98a?api-version=2023-03-15-preview"
        ],
        "x-ms-request-id": [
          "ead3b920-969c-47b1-8f3d-eeb572ceb98a"
        ],
        "Strict-Transport-Security": [
          "max-age=31536000; includeSubDomains"
        ],
        "x-ms-gatewayversion": [
          "version=2.14.0"
        ],
        "Server": [
          "Microsoft-HTTPAPI/2.0"
        ],
        "x-ms-ratelimit-remaining-subscription-writes": [
          "1199"
        ],
        "x-ms-correlation-request-id": [
          "2202817c-fc46-4fb2-83c6-67faab16a2ff"
        ],
        "x-ms-routing-request-id": [
          "EASTUS:20230720T152043Z:2202817c-fc46-4fb2-83c6-67faab16a2ff"
        ],
        "X-Content-Type-Options": [
          "nosniff"
        ],
        "Date": [
          "Thu, 20 Jul 2023 15:20:43 GMT"
        ],
        "Content-Length": [
          "21"
        ],
        "Content-Type": [
          "application/json"
        ]
      },
      "ResponseBody": "{\r\n  \"status\": \"Enqueued\"\r\n}",
      "StatusCode": 202
    },
    {
      "RequestUri": "/subscriptions/12053b8f-cab5-4f5c-9c1a-870580142abd/providers/Microsoft.DocumentDB/locations/eastus/operationsStatus/ead3b920-969c-47b1-8f3d-eeb572ceb98a?api-version=2023-03-15-preview",
      "EncodedRequestUri": "L3N1YnNjcmlwdGlvbnMvMTIwNTNiOGYtY2FiNS00ZjVjLTljMWEtODcwNTgwMTQyYWJkL3Byb3ZpZGVycy9NaWNyb3NvZnQuRG9jdW1lbnREQi9sb2NhdGlvbnMvZWFzdHVzL29wZXJhdGlvbnNTdGF0dXMvZWFkM2I5MjAtOTY5Yy00N2IxLThmM2QtZWViNTcyY2ViOThhP2FwaS12ZXJzaW9uPTIwMjMtMDMtMTUtcHJldmlldw==",
      "RequestMethod": "GET",
      "RequestHeaders": {
        "x-ms-client-request-id": [
          "078cb16c-9428-4b17-abef-83584825d3b5"
        ],
        "User-Agent": [
          "FxVersion/4.700.22.55902",
          "OSName/Windows",
          "OSVersion/Microsoft.Windows.10.0.22621",
          "Microsoft.Azure.Management.CosmosDB.CosmosDBManagementClient/2.0.5"
        ]
      },
      "RequestBody": "",
      "ResponseHeaders": {
        "Cache-Control": [
          "no-store, no-cache"
        ],
        "Pragma": [
          "no-cache"
        ],
        "Strict-Transport-Security": [
          "max-age=31536000; includeSubDomains"
        ],
        "x-ms-gatewayversion": [
          "version=2.14.0"
        ],
        "Server": [
          "Microsoft-HTTPAPI/2.0"
        ],
        "x-ms-ratelimit-remaining-subscription-reads": [
          "11998"
        ],
        "x-ms-request-id": [
          "e319782e-4231-417e-bc37-72c78f17036f"
        ],
        "x-ms-correlation-request-id": [
          "e319782e-4231-417e-bc37-72c78f17036f"
        ],
        "x-ms-routing-request-id": [
          "EASTUS:20230720T152113Z:e319782e-4231-417e-bc37-72c78f17036f"
        ],
        "X-Content-Type-Options": [
          "nosniff"
        ],
        "Date": [
          "Thu, 20 Jul 2023 15:21:12 GMT"
        ],
        "Content-Length": [
          "22"
        ],
        "Content-Type": [
          "application/json"
        ]
      },
      "ResponseBody": "{\r\n  \"status\": \"Succeeded\"\r\n}",
      "StatusCode": 200
    },
    {
      "RequestUri": "/subscriptions/12053b8f-cab5-4f5c-9c1a-870580142abd/resourceGroups/CosmosDBResourceGroup29/providers/Microsoft.DocumentDB/databaseAccounts/mongo-db0029/mongodbDatabases/dbName4/collections/collectionName/throughputSettings/default?api-version=2023-03-15-preview",
      "EncodedRequestUri": "L3N1YnNjcmlwdGlvbnMvMTIwNTNiOGYtY2FiNS00ZjVjLTljMWEtODcwNTgwMTQyYWJkL3Jlc291cmNlR3JvdXBzL0Nvc21vc0RCUmVzb3VyY2VHcm91cDI5L3Byb3ZpZGVycy9NaWNyb3NvZnQuRG9jdW1lbnREQi9kYXRhYmFzZUFjY291bnRzL21vbmdvLWRiMDAyOS9tb25nb2RiRGF0YWJhc2VzL2RiTmFtZTQvY29sbGVjdGlvbnMvY29sbGVjdGlvbk5hbWUvdGhyb3VnaHB1dFNldHRpbmdzL2RlZmF1bHQ/YXBpLXZlcnNpb249MjAyMy0wMy0xNS1wcmV2aWV3",
      "RequestMethod": "GET",
      "RequestHeaders": {
        "x-ms-client-request-id": [
          "fdcbd71b-147b-4360-8b29-d4b0a663c287"
        ],
        "Accept-Language": [
          "en-US"
        ],
        "User-Agent": [
          "FxVersion/4.700.22.55902",
          "OSName/Windows",
          "OSVersion/Microsoft.Windows.10.0.22621",
          "Microsoft.Azure.Management.CosmosDB.CosmosDBManagementClient/2.0.5"
        ]
      },
      "RequestBody": "",
      "ResponseHeaders": {
        "Cache-Control": [
          "no-store, no-cache"
        ],
        "Pragma": [
          "no-cache"
        ],
        "Strict-Transport-Security": [
          "max-age=31536000; includeSubDomains"
        ],
        "x-ms-gatewayversion": [
          "version=2.14.0"
        ],
        "Server": [
          "Microsoft-HTTPAPI/2.0"
        ],
        "x-ms-ratelimit-remaining-subscription-reads": [
          "11997"
        ],
        "x-ms-request-id": [
          "43b7df21-9350-4384-bf36-983d2ecd51f5"
        ],
        "x-ms-correlation-request-id": [
          "43b7df21-9350-4384-bf36-983d2ecd51f5"
        ],
        "x-ms-routing-request-id": [
          "EASTUS:20230720T152114Z:43b7df21-9350-4384-bf36-983d2ecd51f5"
        ],
        "X-Content-Type-Options": [
          "nosniff"
        ],
        "Date": [
          "Thu, 20 Jul 2023 15:21:13 GMT"
        ],
        "Content-Length": [
          "419"
        ],
        "Content-Type": [
          "application/json"
        ]
      },
      "ResponseBody": "{\r\n  \"id\": \"/subscriptions/12053b8f-cab5-4f5c-9c1a-870580142abd/resourceGroups/CosmosDBResourceGroup29/providers/Microsoft.DocumentDB/databaseAccounts/mongo-db0029/mongodbDatabases/dbName4/collections/collectionName/throughputSettings/default\",\r\n  \"type\": \"Microsoft.DocumentDB/databaseAccounts/mongodbDatabases/collections/throughputSettings\",\r\n  \"name\": \"pbhD\",\r\n  \"properties\": {\r\n    \"resource\": {\r\n      \"throughput\": 800,\r\n      \"minimumThroughput\": \"400\"\r\n    }\r\n  }\r\n}",
      "StatusCode": 200
    },
    {
      "RequestUri": "/subscriptions/12053b8f-cab5-4f5c-9c1a-870580142abd/resourceGroups/CosmosDBResourceGroup29/providers/Microsoft.DocumentDB/databaseAccounts/mongo-db0029/mongodbDatabases/dbName4/collections/collectionName/throughputSettings/default/migrateToAutoscale?api-version=2023-03-15-preview",
      "EncodedRequestUri": "L3N1YnNjcmlwdGlvbnMvMTIwNTNiOGYtY2FiNS00ZjVjLTljMWEtODcwNTgwMTQyYWJkL3Jlc291cmNlR3JvdXBzL0Nvc21vc0RCUmVzb3VyY2VHcm91cDI5L3Byb3ZpZGVycy9NaWNyb3NvZnQuRG9jdW1lbnREQi9kYXRhYmFzZUFjY291bnRzL21vbmdvLWRiMDAyOS9tb25nb2RiRGF0YWJhc2VzL2RiTmFtZTQvY29sbGVjdGlvbnMvY29sbGVjdGlvbk5hbWUvdGhyb3VnaHB1dFNldHRpbmdzL2RlZmF1bHQvbWlncmF0ZVRvQXV0b3NjYWxlP2FwaS12ZXJzaW9uPTIwMjMtMDMtMTUtcHJldmlldw==",
      "RequestMethod": "POST",
      "RequestHeaders": {
        "x-ms-client-request-id": [
          "fbb672e2-7625-403f-9031-98be6bf89590"
        ],
        "Accept-Language": [
          "en-US"
        ],
        "User-Agent": [
          "FxVersion/4.700.22.55902",
          "OSName/Windows",
          "OSVersion/Microsoft.Windows.10.0.22621",
          "Microsoft.Azure.Management.CosmosDB.CosmosDBManagementClient/2.0.5"
        ]
      },
      "RequestBody": "",
      "ResponseHeaders": {
        "Cache-Control": [
          "no-store, no-cache"
        ],
        "Pragma": [
          "no-cache"
        ],
        "Location": [
          "https://management.azure.com/subscriptions/12053b8f-cab5-4f5c-9c1a-870580142abd/resourceGroups/CosmosDBResourceGroup29/providers/Microsoft.DocumentDB/databaseAccounts/mongo-db0029/mongodbDatabases/dbName4/collections/collectionName/throughputSettings/default/migrateToAutoscale/operationResults/b11c18a5-c04e-467a-ba93-a8312588efcf?api-version=2023-03-15-preview"
        ],
        "Azure-AsyncOperation": [
          "https://management.azure.com/subscriptions/12053b8f-cab5-4f5c-9c1a-870580142abd/providers/Microsoft.DocumentDB/locations/eastus/operationsStatus/b11c18a5-c04e-467a-ba93-a8312588efcf?api-version=2023-03-15-preview"
        ],
        "x-ms-request-id": [
          "b11c18a5-c04e-467a-ba93-a8312588efcf"
        ],
        "Strict-Transport-Security": [
          "max-age=31536000; includeSubDomains"
        ],
        "x-ms-gatewayversion": [
          "version=2.14.0"
        ],
        "Server": [
          "Microsoft-HTTPAPI/2.0"
        ],
        "x-ms-ratelimit-remaining-subscription-writes": [
          "1199"
        ],
        "x-ms-correlation-request-id": [
          "d710610c-59e9-4fb4-b2de-a31256e39852"
        ],
        "x-ms-routing-request-id": [
          "EASTUS:20230720T152114Z:d710610c-59e9-4fb4-b2de-a31256e39852"
        ],
        "X-Content-Type-Options": [
          "nosniff"
        ],
        "Date": [
          "Thu, 20 Jul 2023 15:21:14 GMT"
        ],
        "Content-Length": [
          "21"
        ],
        "Content-Type": [
          "application/json"
        ]
      },
      "ResponseBody": "{\r\n  \"status\": \"Enqueued\"\r\n}",
      "StatusCode": 202
    },
    {
      "RequestUri": "/subscriptions/12053b8f-cab5-4f5c-9c1a-870580142abd/providers/Microsoft.DocumentDB/locations/eastus/operationsStatus/b11c18a5-c04e-467a-ba93-a8312588efcf?api-version=2023-03-15-preview",
      "EncodedRequestUri": "L3N1YnNjcmlwdGlvbnMvMTIwNTNiOGYtY2FiNS00ZjVjLTljMWEtODcwNTgwMTQyYWJkL3Byb3ZpZGVycy9NaWNyb3NvZnQuRG9jdW1lbnREQi9sb2NhdGlvbnMvZWFzdHVzL29wZXJhdGlvbnNTdGF0dXMvYjExYzE4YTUtYzA0ZS00NjdhLWJhOTMtYTgzMTI1ODhlZmNmP2FwaS12ZXJzaW9uPTIwMjMtMDMtMTUtcHJldmlldw==",
      "RequestMethod": "GET",
      "RequestHeaders": {
        "x-ms-client-request-id": [
          "fbb672e2-7625-403f-9031-98be6bf89590"
        ],
        "User-Agent": [
          "FxVersion/4.700.22.55902",
          "OSName/Windows",
          "OSVersion/Microsoft.Windows.10.0.22621",
          "Microsoft.Azure.Management.CosmosDB.CosmosDBManagementClient/2.0.5"
        ]
      },
      "RequestBody": "",
      "ResponseHeaders": {
        "Cache-Control": [
          "no-store, no-cache"
        ],
        "Pragma": [
          "no-cache"
        ],
        "Strict-Transport-Security": [
          "max-age=31536000; includeSubDomains"
        ],
        "x-ms-gatewayversion": [
          "version=2.14.0"
        ],
        "Server": [
          "Microsoft-HTTPAPI/2.0"
        ],
        "x-ms-ratelimit-remaining-subscription-reads": [
          "11999"
        ],
        "x-ms-request-id": [
          "5b555bd2-4ab5-49a6-9d17-a3b260708e40"
        ],
        "x-ms-correlation-request-id": [
          "5b555bd2-4ab5-49a6-9d17-a3b260708e40"
        ],
        "x-ms-routing-request-id": [
          "EASTUS:20230720T152144Z:5b555bd2-4ab5-49a6-9d17-a3b260708e40"
        ],
        "X-Content-Type-Options": [
          "nosniff"
        ],
        "Date": [
          "Thu, 20 Jul 2023 15:21:44 GMT"
        ],
        "Content-Length": [
          "22"
        ],
        "Content-Type": [
          "application/json"
        ]
      },
      "ResponseBody": "{\r\n  \"status\": \"Succeeded\"\r\n}",
      "StatusCode": 200
    },
    {
      "RequestUri": "/subscriptions/12053b8f-cab5-4f5c-9c1a-870580142abd/resourceGroups/CosmosDBResourceGroup29/providers/Microsoft.DocumentDB/databaseAccounts/mongo-db0029/mongodbDatabases/dbName4/collections/collectionName/throughputSettings/default/migrateToAutoscale/operationResults/b11c18a5-c04e-467a-ba93-a8312588efcf?api-version=2023-03-15-preview",
      "EncodedRequestUri": "L3N1YnNjcmlwdGlvbnMvMTIwNTNiOGYtY2FiNS00ZjVjLTljMWEtODcwNTgwMTQyYWJkL3Jlc291cmNlR3JvdXBzL0Nvc21vc0RCUmVzb3VyY2VHcm91cDI5L3Byb3ZpZGVycy9NaWNyb3NvZnQuRG9jdW1lbnREQi9kYXRhYmFzZUFjY291bnRzL21vbmdvLWRiMDAyOS9tb25nb2RiRGF0YWJhc2VzL2RiTmFtZTQvY29sbGVjdGlvbnMvY29sbGVjdGlvbk5hbWUvdGhyb3VnaHB1dFNldHRpbmdzL2RlZmF1bHQvbWlncmF0ZVRvQXV0b3NjYWxlL29wZXJhdGlvblJlc3VsdHMvYjExYzE4YTUtYzA0ZS00NjdhLWJhOTMtYTgzMTI1ODhlZmNmP2FwaS12ZXJzaW9uPTIwMjMtMDMtMTUtcHJldmlldw==",
      "RequestMethod": "GET",
      "RequestHeaders": {
        "x-ms-client-request-id": [
          "fbb672e2-7625-403f-9031-98be6bf89590"
        ],
        "User-Agent": [
          "FxVersion/4.700.22.55902",
          "OSName/Windows",
          "OSVersion/Microsoft.Windows.10.0.22621",
          "Microsoft.Azure.Management.CosmosDB.CosmosDBManagementClient/2.0.5"
        ]
      },
      "RequestBody": "",
      "ResponseHeaders": {
        "Cache-Control": [
          "no-store, no-cache"
        ],
        "Pragma": [
          "no-cache"
        ],
        "Strict-Transport-Security": [
          "max-age=31536000; includeSubDomains"
        ],
        "x-ms-gatewayversion": [
          "version=2.14.0"
        ],
        "Server": [
          "Microsoft-HTTPAPI/2.0"
        ],
        "x-ms-ratelimit-remaining-subscription-reads": [
          "11998"
        ],
        "x-ms-request-id": [
          "bb36329c-3ef5-425d-a76b-f50d31619218"
        ],
        "x-ms-correlation-request-id": [
          "bb36329c-3ef5-425d-a76b-f50d31619218"
        ],
        "x-ms-routing-request-id": [
          "EASTUS:20230720T152145Z:bb36329c-3ef5-425d-a76b-f50d31619218"
        ],
        "X-Content-Type-Options": [
          "nosniff"
        ],
        "Date": [
          "Thu, 20 Jul 2023 15:21:44 GMT"
        ],
        "Content-Length": [
          "501"
        ],
        "Content-Type": [
          "application/json"
        ]
      },
      "ResponseBody": "{\r\n  \"id\": \"/subscriptions/12053b8f-cab5-4f5c-9c1a-870580142abd/resourceGroups/CosmosDBResourceGroup29/providers/Microsoft.DocumentDB/databaseAccounts/mongo-db0029/mongodbDatabases/dbName4/collections/collectionName/throughputSettings/default/migrateToAutoscale\",\r\n  \"type\": \"Microsoft.DocumentDB/databaseAccounts/mongodbDatabases/collections/throughputSettings/migrateToAutoscale\",\r\n  \"name\": \"pbhD\",\r\n  \"properties\": {\r\n    \"resource\": {\r\n      \"throughput\": 100,\r\n      \"autoscaleSettings\": {\r\n        \"maxThroughput\": 1000\r\n      },\r\n      \"minimumThroughput\": \"1000\"\r\n    }\r\n  }\r\n}",
      "StatusCode": 200
    },
    {
      "RequestUri": "/subscriptions/12053b8f-cab5-4f5c-9c1a-870580142abd/resourceGroups/CosmosDBResourceGroup29/providers/Microsoft.DocumentDB/databaseAccounts/mongo-db0029/mongodbDatabases/dbName4/collections/collectionName/throughputSettings/default/migrateToManualThroughput?api-version=2023-03-15-preview",
      "EncodedRequestUri": "L3N1YnNjcmlwdGlvbnMvMTIwNTNiOGYtY2FiNS00ZjVjLTljMWEtODcwNTgwMTQyYWJkL3Jlc291cmNlR3JvdXBzL0Nvc21vc0RCUmVzb3VyY2VHcm91cDI5L3Byb3ZpZGVycy9NaWNyb3NvZnQuRG9jdW1lbnREQi9kYXRhYmFzZUFjY291bnRzL21vbmdvLWRiMDAyOS9tb25nb2RiRGF0YWJhc2VzL2RiTmFtZTQvY29sbGVjdGlvbnMvY29sbGVjdGlvbk5hbWUvdGhyb3VnaHB1dFNldHRpbmdzL2RlZmF1bHQvbWlncmF0ZVRvTWFudWFsVGhyb3VnaHB1dD9hcGktdmVyc2lvbj0yMDIzLTAzLTE1LXByZXZpZXc=",
      "RequestMethod": "POST",
      "RequestHeaders": {
        "x-ms-client-request-id": [
          "7e2912f6-c3c4-456c-8c1f-0d1e17a357f4"
        ],
        "Accept-Language": [
          "en-US"
        ],
        "User-Agent": [
          "FxVersion/4.700.22.55902",
          "OSName/Windows",
          "OSVersion/Microsoft.Windows.10.0.22621",
          "Microsoft.Azure.Management.CosmosDB.CosmosDBManagementClient/2.0.5"
        ]
      },
      "RequestBody": "",
      "ResponseHeaders": {
        "Cache-Control": [
          "no-store, no-cache"
        ],
        "Pragma": [
          "no-cache"
        ],
        "Location": [
          "https://management.azure.com/subscriptions/12053b8f-cab5-4f5c-9c1a-870580142abd/resourceGroups/CosmosDBResourceGroup29/providers/Microsoft.DocumentDB/databaseAccounts/mongo-db0029/mongodbDatabases/dbName4/collections/collectionName/throughputSettings/default/migrateToManualThroughput/operationResults/c92a870f-af48-4a67-b908-9b2cb3bf17d9?api-version=2023-03-15-preview"
        ],
        "Azure-AsyncOperation": [
          "https://management.azure.com/subscriptions/12053b8f-cab5-4f5c-9c1a-870580142abd/providers/Microsoft.DocumentDB/locations/eastus/operationsStatus/c92a870f-af48-4a67-b908-9b2cb3bf17d9?api-version=2023-03-15-preview"
        ],
        "x-ms-request-id": [
          "c92a870f-af48-4a67-b908-9b2cb3bf17d9"
        ],
        "Strict-Transport-Security": [
          "max-age=31536000; includeSubDomains"
        ],
        "x-ms-gatewayversion": [
          "version=2.14.0"
        ],
        "Server": [
          "Microsoft-HTTPAPI/2.0"
        ],
        "x-ms-ratelimit-remaining-subscription-writes": [
          "1199"
        ],
        "x-ms-correlation-request-id": [
          "af8a3ff9-4260-41a5-abed-1604932c82dc"
        ],
        "x-ms-routing-request-id": [
          "EASTUS:20230720T152145Z:af8a3ff9-4260-41a5-abed-1604932c82dc"
        ],
        "X-Content-Type-Options": [
          "nosniff"
        ],
        "Date": [
          "Thu, 20 Jul 2023 15:21:45 GMT"
        ],
        "Content-Length": [
          "21"
        ],
        "Content-Type": [
          "application/json"
        ]
      },
      "ResponseBody": "{\r\n  \"status\": \"Enqueued\"\r\n}",
      "StatusCode": 202
    },
    {
      "RequestUri": "/subscriptions/12053b8f-cab5-4f5c-9c1a-870580142abd/providers/Microsoft.DocumentDB/locations/eastus/operationsStatus/c92a870f-af48-4a67-b908-9b2cb3bf17d9?api-version=2023-03-15-preview",
      "EncodedRequestUri": "L3N1YnNjcmlwdGlvbnMvMTIwNTNiOGYtY2FiNS00ZjVjLTljMWEtODcwNTgwMTQyYWJkL3Byb3ZpZGVycy9NaWNyb3NvZnQuRG9jdW1lbnREQi9sb2NhdGlvbnMvZWFzdHVzL29wZXJhdGlvbnNTdGF0dXMvYzkyYTg3MGYtYWY0OC00YTY3LWI5MDgtOWIyY2IzYmYxN2Q5P2FwaS12ZXJzaW9uPTIwMjMtMDMtMTUtcHJldmlldw==",
      "RequestMethod": "GET",
      "RequestHeaders": {
        "x-ms-client-request-id": [
          "7e2912f6-c3c4-456c-8c1f-0d1e17a357f4"
        ],
        "User-Agent": [
          "FxVersion/4.700.22.55902",
          "OSName/Windows",
          "OSVersion/Microsoft.Windows.10.0.22621",
          "Microsoft.Azure.Management.CosmosDB.CosmosDBManagementClient/2.0.5"
        ]
      },
      "RequestBody": "",
      "ResponseHeaders": {
        "Cache-Control": [
          "no-store, no-cache"
        ],
        "Pragma": [
          "no-cache"
        ],
        "Strict-Transport-Security": [
          "max-age=31536000; includeSubDomains"
        ],
        "x-ms-gatewayversion": [
          "version=2.14.0"
        ],
        "Server": [
          "Microsoft-HTTPAPI/2.0"
        ],
        "x-ms-ratelimit-remaining-subscription-reads": [
          "11999"
        ],
        "x-ms-request-id": [
          "82669d6a-2c9a-493c-b763-ad12b5b2cce5"
        ],
        "x-ms-correlation-request-id": [
          "82669d6a-2c9a-493c-b763-ad12b5b2cce5"
        ],
        "x-ms-routing-request-id": [
          "EASTUS:20230720T152215Z:82669d6a-2c9a-493c-b763-ad12b5b2cce5"
        ],
        "X-Content-Type-Options": [
          "nosniff"
        ],
        "Date": [
          "Thu, 20 Jul 2023 15:22:14 GMT"
        ],
        "Content-Length": [
          "22"
        ],
        "Content-Type": [
          "application/json"
        ]
      },
      "ResponseBody": "{\r\n  \"status\": \"Succeeded\"\r\n}",
      "StatusCode": 200
    },
    {
      "RequestUri": "/subscriptions/12053b8f-cab5-4f5c-9c1a-870580142abd/resourceGroups/CosmosDBResourceGroup29/providers/Microsoft.DocumentDB/databaseAccounts/mongo-db0029/mongodbDatabases/dbName4/collections/collectionName/throughputSettings/default/migrateToManualThroughput/operationResults/c92a870f-af48-4a67-b908-9b2cb3bf17d9?api-version=2023-03-15-preview",
      "EncodedRequestUri": "L3N1YnNjcmlwdGlvbnMvMTIwNTNiOGYtY2FiNS00ZjVjLTljMWEtODcwNTgwMTQyYWJkL3Jlc291cmNlR3JvdXBzL0Nvc21vc0RCUmVzb3VyY2VHcm91cDI5L3Byb3ZpZGVycy9NaWNyb3NvZnQuRG9jdW1lbnREQi9kYXRhYmFzZUFjY291bnRzL21vbmdvLWRiMDAyOS9tb25nb2RiRGF0YWJhc2VzL2RiTmFtZTQvY29sbGVjdGlvbnMvY29sbGVjdGlvbk5hbWUvdGhyb3VnaHB1dFNldHRpbmdzL2RlZmF1bHQvbWlncmF0ZVRvTWFudWFsVGhyb3VnaHB1dC9vcGVyYXRpb25SZXN1bHRzL2M5MmE4NzBmLWFmNDgtNGE2Ny1iOTA4LTliMmNiM2JmMTdkOT9hcGktdmVyc2lvbj0yMDIzLTAzLTE1LXByZXZpZXc=",
      "RequestMethod": "GET",
      "RequestHeaders": {
        "x-ms-client-request-id": [
          "7e2912f6-c3c4-456c-8c1f-0d1e17a357f4"
        ],
        "User-Agent": [
          "FxVersion/4.700.22.55902",
          "OSName/Windows",
          "OSVersion/Microsoft.Windows.10.0.22621",
          "Microsoft.Azure.Management.CosmosDB.CosmosDBManagementClient/2.0.5"
        ]
      },
      "RequestBody": "",
      "ResponseHeaders": {
        "Cache-Control": [
          "no-store, no-cache"
        ],
        "Pragma": [
          "no-cache"
        ],
        "Strict-Transport-Security": [
          "max-age=31536000; includeSubDomains"
        ],
        "x-ms-gatewayversion": [
          "version=2.14.0"
        ],
        "Server": [
          "Microsoft-HTTPAPI/2.0"
        ],
        "x-ms-ratelimit-remaining-subscription-reads": [
          "11998"
        ],
        "x-ms-request-id": [
          "859511d2-7d7a-4894-88bf-dc00987fd8ce"
        ],
        "x-ms-correlation-request-id": [
          "859511d2-7d7a-4894-88bf-dc00987fd8ce"
        ],
        "x-ms-routing-request-id": [
          "EASTUS:20230720T152215Z:859511d2-7d7a-4894-88bf-dc00987fd8ce"
        ],
        "X-Content-Type-Options": [
          "nosniff"
        ],
        "Date": [
          "Thu, 20 Jul 2023 15:22:14 GMT"
        ],
        "Content-Length": [
          "472"
        ],
        "Content-Type": [
          "application/json"
        ]
      },
      "ResponseBody": "{\r\n  \"id\": \"/subscriptions/12053b8f-cab5-4f5c-9c1a-870580142abd/resourceGroups/CosmosDBResourceGroup29/providers/Microsoft.DocumentDB/databaseAccounts/mongo-db0029/mongodbDatabases/dbName4/collections/collectionName/throughputSettings/default/migrateToManualThroughput\",\r\n  \"type\": \"Microsoft.DocumentDB/databaseAccounts/mongodbDatabases/collections/throughputSettings/migrateToManualThroughput\",\r\n  \"name\": \"pbhD\",\r\n  \"properties\": {\r\n    \"resource\": {\r\n      \"throughput\": 1000,\r\n      \"minimumThroughput\": \"400\"\r\n    }\r\n  }\r\n}",
      "StatusCode": 200
    },
    {
      "RequestUri": "/subscriptions/12053b8f-cab5-4f5c-9c1a-870580142abd/resourceGroups/CosmosDBResourceGroup29/providers/Microsoft.DocumentDB/databaseAccounts/mongo-db0029/mongodbDatabases/dbName4/collections/collectionName?api-version=2023-03-15-preview",
      "EncodedRequestUri": "L3N1YnNjcmlwdGlvbnMvMTIwNTNiOGYtY2FiNS00ZjVjLTljMWEtODcwNTgwMTQyYWJkL3Jlc291cmNlR3JvdXBzL0Nvc21vc0RCUmVzb3VyY2VHcm91cDI5L3Byb3ZpZGVycy9NaWNyb3NvZnQuRG9jdW1lbnREQi9kYXRhYmFzZUFjY291bnRzL21vbmdvLWRiMDAyOS9tb25nb2RiRGF0YWJhc2VzL2RiTmFtZTQvY29sbGVjdGlvbnMvY29sbGVjdGlvbk5hbWU/YXBpLXZlcnNpb249MjAyMy0wMy0xNS1wcmV2aWV3",
      "RequestMethod": "DELETE",
      "RequestHeaders": {
        "x-ms-client-request-id": [
          "03f832b2-24dc-4e7f-8c04-c656059bf0d5"
        ],
        "Accept-Language": [
          "en-US"
        ],
        "User-Agent": [
          "FxVersion/4.700.22.55902",
          "OSName/Windows",
          "OSVersion/Microsoft.Windows.10.0.22621",
          "Microsoft.Azure.Management.CosmosDB.CosmosDBManagementClient/2.0.5"
        ]
      },
      "RequestBody": "",
      "ResponseHeaders": {
        "Cache-Control": [
          "no-store, no-cache"
        ],
        "Pragma": [
          "no-cache"
        ],
        "Location": [
          "https://management.azure.com/subscriptions/12053b8f-cab5-4f5c-9c1a-870580142abd/resourceGroups/CosmosDBResourceGroup29/providers/Microsoft.DocumentDB/databaseAccounts/mongo-db0029/mongodbDatabases/dbName4/collections/collectionName/operationResults/0e683ef6-6b74-4e47-9205-f1cbc5ea65c4?api-version=2023-03-15-preview"
        ],
        "Azure-AsyncOperation": [
          "https://management.azure.com/subscriptions/12053b8f-cab5-4f5c-9c1a-870580142abd/providers/Microsoft.DocumentDB/locations/eastus/operationsStatus/0e683ef6-6b74-4e47-9205-f1cbc5ea65c4?api-version=2023-03-15-preview"
        ],
        "x-ms-request-id": [
          "0e683ef6-6b74-4e47-9205-f1cbc5ea65c4"
        ],
        "Strict-Transport-Security": [
          "max-age=31536000; includeSubDomains"
        ],
        "x-ms-gatewayversion": [
          "version=2.14.0"
        ],
        "Server": [
          "Microsoft-HTTPAPI/2.0"
        ],
        "x-ms-ratelimit-remaining-subscription-deletes": [
          "14999"
        ],
        "x-ms-correlation-request-id": [
          "68d85cbc-3191-4041-91df-b9aafc0151ec"
        ],
        "x-ms-routing-request-id": [
          "EASTUS:20230720T152216Z:68d85cbc-3191-4041-91df-b9aafc0151ec"
        ],
        "X-Content-Type-Options": [
          "nosniff"
        ],
        "Date": [
          "Thu, 20 Jul 2023 15:22:15 GMT"
        ],
        "Content-Length": [
          "21"
        ],
        "Content-Type": [
          "application/json"
        ]
      },
      "ResponseBody": "{\r\n  \"status\": \"Enqueued\"\r\n}",
      "StatusCode": 202
    },
    {
      "RequestUri": "/subscriptions/12053b8f-cab5-4f5c-9c1a-870580142abd/resourceGroups/CosmosDBResourceGroup29/providers/Microsoft.DocumentDB/databaseAccounts/mongo-db0029/mongodbDatabases/dbName4/collections/collectionName?api-version=2023-03-15-preview",
      "EncodedRequestUri": "L3N1YnNjcmlwdGlvbnMvMTIwNTNiOGYtY2FiNS00ZjVjLTljMWEtODcwNTgwMTQyYWJkL3Jlc291cmNlR3JvdXBzL0Nvc21vc0RCUmVzb3VyY2VHcm91cDI5L3Byb3ZpZGVycy9NaWNyb3NvZnQuRG9jdW1lbnREQi9kYXRhYmFzZUFjY291bnRzL21vbmdvLWRiMDAyOS9tb25nb2RiRGF0YWJhc2VzL2RiTmFtZTQvY29sbGVjdGlvbnMvY29sbGVjdGlvbk5hbWU/YXBpLXZlcnNpb249MjAyMy0wMy0xNS1wcmV2aWV3",
      "RequestMethod": "DELETE",
      "RequestHeaders": {
        "x-ms-client-request-id": [
          "119d3c78-a2cb-42b4-bb12-68d4ce366a77"
        ],
        "Accept-Language": [
          "en-US"
        ],
        "User-Agent": [
          "FxVersion/4.700.22.55902",
          "OSName/Windows",
          "OSVersion/Microsoft.Windows.10.0.22621",
          "Microsoft.Azure.Management.CosmosDB.CosmosDBManagementClient/2.0.5"
        ]
      },
      "RequestBody": "",
      "ResponseHeaders": {
        "Cache-Control": [
          "no-store, no-cache"
        ],
        "Pragma": [
          "no-cache"
        ],
        "Location": [
          "https://management.azure.com/subscriptions/12053b8f-cab5-4f5c-9c1a-870580142abd/resourceGroups/CosmosDBResourceGroup29/providers/Microsoft.DocumentDB/databaseAccounts/mongo-db0029/mongodbDatabases/dbName4/collections/collectionName/operationResults/5480e1f7-7c9d-4716-94d8-cca4c2148eeb?api-version=2023-03-15-preview"
        ],
        "Azure-AsyncOperation": [
          "https://management.azure.com/subscriptions/12053b8f-cab5-4f5c-9c1a-870580142abd/providers/Microsoft.DocumentDB/locations/eastus/operationsStatus/5480e1f7-7c9d-4716-94d8-cca4c2148eeb?api-version=2023-03-15-preview"
        ],
        "x-ms-request-id": [
          "5480e1f7-7c9d-4716-94d8-cca4c2148eeb"
        ],
        "Strict-Transport-Security": [
          "max-age=31536000; includeSubDomains"
        ],
        "x-ms-gatewayversion": [
          "version=2.14.0"
        ],
        "Server": [
          "Microsoft-HTTPAPI/2.0"
        ],
        "x-ms-ratelimit-remaining-subscription-deletes": [
          "14999"
        ],
        "x-ms-correlation-request-id": [
          "b1fdc4b5-8082-4bff-ad92-52912b9dd83e"
        ],
        "x-ms-routing-request-id": [
          "EASTUS:20230720T152317Z:b1fdc4b5-8082-4bff-ad92-52912b9dd83e"
        ],
        "X-Content-Type-Options": [
          "nosniff"
        ],
        "Date": [
          "Thu, 20 Jul 2023 15:23:17 GMT"
        ],
        "Content-Length": [
          "21"
        ],
        "Content-Type": [
          "application/json"
        ]
      },
      "ResponseBody": "{\r\n  \"status\": \"Enqueued\"\r\n}",
      "StatusCode": 202
    },
    {
      "RequestUri": "/subscriptions/12053b8f-cab5-4f5c-9c1a-870580142abd/providers/Microsoft.DocumentDB/locations/eastus/operationsStatus/0e683ef6-6b74-4e47-9205-f1cbc5ea65c4?api-version=2023-03-15-preview",
      "EncodedRequestUri": "L3N1YnNjcmlwdGlvbnMvMTIwNTNiOGYtY2FiNS00ZjVjLTljMWEtODcwNTgwMTQyYWJkL3Byb3ZpZGVycy9NaWNyb3NvZnQuRG9jdW1lbnREQi9sb2NhdGlvbnMvZWFzdHVzL29wZXJhdGlvbnNTdGF0dXMvMGU2ODNlZjYtNmI3NC00ZTQ3LTkyMDUtZjFjYmM1ZWE2NWM0P2FwaS12ZXJzaW9uPTIwMjMtMDMtMTUtcHJldmlldw==",
      "RequestMethod": "GET",
      "RequestHeaders": {
        "x-ms-client-request-id": [
          "03f832b2-24dc-4e7f-8c04-c656059bf0d5"
        ],
        "User-Agent": [
          "FxVersion/4.700.22.55902",
          "OSName/Windows",
          "OSVersion/Microsoft.Windows.10.0.22621",
          "Microsoft.Azure.Management.CosmosDB.CosmosDBManagementClient/2.0.5"
        ]
      },
      "RequestBody": "",
      "ResponseHeaders": {
        "Cache-Control": [
          "no-store, no-cache"
        ],
        "Pragma": [
          "no-cache"
        ],
        "Strict-Transport-Security": [
          "max-age=31536000; includeSubDomains"
        ],
        "x-ms-gatewayversion": [
          "version=2.14.0"
        ],
        "Server": [
          "Microsoft-HTTPAPI/2.0"
        ],
        "x-ms-ratelimit-remaining-subscription-reads": [
          "11996"
        ],
        "x-ms-request-id": [
          "021c8057-975e-4a83-985b-5201917055cc"
        ],
        "x-ms-correlation-request-id": [
          "021c8057-975e-4a83-985b-5201917055cc"
        ],
        "x-ms-routing-request-id": [
          "EASTUS:20230720T152246Z:021c8057-975e-4a83-985b-5201917055cc"
        ],
        "X-Content-Type-Options": [
          "nosniff"
        ],
        "Date": [
          "Thu, 20 Jul 2023 15:22:45 GMT"
        ],
        "Content-Length": [
          "22"
        ],
        "Content-Type": [
          "application/json"
        ]
      },
      "ResponseBody": "{\r\n  \"status\": \"Succeeded\"\r\n}",
      "StatusCode": 200
    },
    {
      "RequestUri": "/subscriptions/12053b8f-cab5-4f5c-9c1a-870580142abd/resourceGroups/CosmosDBResourceGroup29/providers/Microsoft.DocumentDB/databaseAccounts/mongo-db0029/mongodbDatabases/dbName4/collections/collectionName/operationResults/0e683ef6-6b74-4e47-9205-f1cbc5ea65c4?api-version=2023-03-15-preview",
      "EncodedRequestUri": "L3N1YnNjcmlwdGlvbnMvMTIwNTNiOGYtY2FiNS00ZjVjLTljMWEtODcwNTgwMTQyYWJkL3Jlc291cmNlR3JvdXBzL0Nvc21vc0RCUmVzb3VyY2VHcm91cDI5L3Byb3ZpZGVycy9NaWNyb3NvZnQuRG9jdW1lbnREQi9kYXRhYmFzZUFjY291bnRzL21vbmdvLWRiMDAyOS9tb25nb2RiRGF0YWJhc2VzL2RiTmFtZTQvY29sbGVjdGlvbnMvY29sbGVjdGlvbk5hbWUvb3BlcmF0aW9uUmVzdWx0cy8wZTY4M2VmNi02Yjc0LTRlNDctOTIwNS1mMWNiYzVlYTY1YzQ/YXBpLXZlcnNpb249MjAyMy0wMy0xNS1wcmV2aWV3",
      "RequestMethod": "GET",
      "RequestHeaders": {
        "x-ms-client-request-id": [
          "03f832b2-24dc-4e7f-8c04-c656059bf0d5"
        ],
        "User-Agent": [
          "FxVersion/4.700.22.55902",
          "OSName/Windows",
          "OSVersion/Microsoft.Windows.10.0.22621",
          "Microsoft.Azure.Management.CosmosDB.CosmosDBManagementClient/2.0.5"
        ]
      },
      "RequestBody": "",
      "ResponseHeaders": {
        "Cache-Control": [
          "no-store, no-cache"
        ],
        "Pragma": [
          "no-cache"
        ],
        "Strict-Transport-Security": [
          "max-age=31536000; includeSubDomains"
        ],
        "x-ms-activity-id": [
          "03f832b2-24dc-4e7f-8c04-c656059bf0d5"
        ],
        "Server": [
          "Microsoft-HTTPAPI/2.0"
        ],
        "x-ms-ratelimit-remaining-subscription-reads": [
          "11995"
        ],
        "x-ms-request-id": [
          "67ddb52c-c37f-4a00-9da5-e7a3da53c78d"
        ],
        "x-ms-correlation-request-id": [
          "67ddb52c-c37f-4a00-9da5-e7a3da53c78d"
        ],
        "x-ms-routing-request-id": [
          "EASTUS:20230720T152246Z:67ddb52c-c37f-4a00-9da5-e7a3da53c78d"
        ],
        "X-Content-Type-Options": [
          "nosniff"
        ],
        "Date": [
          "Thu, 20 Jul 2023 15:22:45 GMT"
        ]
      },
      "ResponseBody": "",
      "StatusCode": 204
    },
    {
      "RequestUri": "/subscriptions/12053b8f-cab5-4f5c-9c1a-870580142abd/resourceGroups/CosmosDBResourceGroup29/providers/Microsoft.DocumentDB/databaseAccounts/mongo-db0029/mongodbDatabases/dbName4?api-version=2023-03-15-preview",
      "EncodedRequestUri": "L3N1YnNjcmlwdGlvbnMvMTIwNTNiOGYtY2FiNS00ZjVjLTljMWEtODcwNTgwMTQyYWJkL3Jlc291cmNlR3JvdXBzL0Nvc21vc0RCUmVzb3VyY2VHcm91cDI5L3Byb3ZpZGVycy9NaWNyb3NvZnQuRG9jdW1lbnREQi9kYXRhYmFzZUFjY291bnRzL21vbmdvLWRiMDAyOS9tb25nb2RiRGF0YWJhc2VzL2RiTmFtZTQ/YXBpLXZlcnNpb249MjAyMy0wMy0xNS1wcmV2aWV3",
      "RequestMethod": "DELETE",
      "RequestHeaders": {
        "x-ms-client-request-id": [
          "55289b5d-3cb2-4dbc-b13e-910a87508c27"
        ],
        "Accept-Language": [
          "en-US"
        ],
        "User-Agent": [
          "FxVersion/4.700.22.55902",
          "OSName/Windows",
          "OSVersion/Microsoft.Windows.10.0.22621",
          "Microsoft.Azure.Management.CosmosDB.CosmosDBManagementClient/2.0.5"
        ]
      },
      "RequestBody": "",
      "ResponseHeaders": {
        "Cache-Control": [
          "no-store, no-cache"
        ],
        "Pragma": [
          "no-cache"
        ],
        "Location": [
          "https://management.azure.com/subscriptions/12053b8f-cab5-4f5c-9c1a-870580142abd/resourceGroups/CosmosDBResourceGroup29/providers/Microsoft.DocumentDB/databaseAccounts/mongo-db0029/mongodbDatabases/dbName4/operationResults/7b56ce0e-8f87-4752-90b8-813a68caad58?api-version=2023-03-15-preview"
        ],
        "Azure-AsyncOperation": [
          "https://management.azure.com/subscriptions/12053b8f-cab5-4f5c-9c1a-870580142abd/providers/Microsoft.DocumentDB/locations/eastus/operationsStatus/7b56ce0e-8f87-4752-90b8-813a68caad58?api-version=2023-03-15-preview"
        ],
        "x-ms-request-id": [
          "7b56ce0e-8f87-4752-90b8-813a68caad58"
        ],
        "Strict-Transport-Security": [
          "max-age=31536000; includeSubDomains"
        ],
        "x-ms-gatewayversion": [
          "version=2.14.0"
        ],
        "Server": [
          "Microsoft-HTTPAPI/2.0"
        ],
        "x-ms-ratelimit-remaining-subscription-deletes": [
          "14999"
        ],
        "x-ms-correlation-request-id": [
          "18edb432-0283-450a-90e6-3d75203a5da0"
        ],
        "x-ms-routing-request-id": [
          "EASTUS:20230720T152246Z:18edb432-0283-450a-90e6-3d75203a5da0"
        ],
        "X-Content-Type-Options": [
          "nosniff"
        ],
        "Date": [
          "Thu, 20 Jul 2023 15:22:45 GMT"
        ],
        "Content-Length": [
          "21"
        ],
        "Content-Type": [
          "application/json"
        ]
      },
      "ResponseBody": "{\r\n  \"status\": \"Enqueued\"\r\n}",
      "StatusCode": 202
    },
    {
      "RequestUri": "/subscriptions/12053b8f-cab5-4f5c-9c1a-870580142abd/resourceGroups/CosmosDBResourceGroup29/providers/Microsoft.DocumentDB/databaseAccounts/mongo-db0029/mongodbDatabases/dbName4?api-version=2023-03-15-preview",
      "EncodedRequestUri": "L3N1YnNjcmlwdGlvbnMvMTIwNTNiOGYtY2FiNS00ZjVjLTljMWEtODcwNTgwMTQyYWJkL3Jlc291cmNlR3JvdXBzL0Nvc21vc0RCUmVzb3VyY2VHcm91cDI5L3Byb3ZpZGVycy9NaWNyb3NvZnQuRG9jdW1lbnREQi9kYXRhYmFzZUFjY291bnRzL21vbmdvLWRiMDAyOS9tb25nb2RiRGF0YWJhc2VzL2RiTmFtZTQ/YXBpLXZlcnNpb249MjAyMy0wMy0xNS1wcmV2aWV3",
      "RequestMethod": "DELETE",
      "RequestHeaders": {
        "x-ms-client-request-id": [
          "d15a1135-19ed-47fe-8616-503bc50e12c0"
        ],
        "Accept-Language": [
          "en-US"
        ],
        "User-Agent": [
          "FxVersion/4.700.22.55902",
          "OSName/Windows",
          "OSVersion/Microsoft.Windows.10.0.22621",
          "Microsoft.Azure.Management.CosmosDB.CosmosDBManagementClient/2.0.5"
        ]
      },
      "RequestBody": "",
      "ResponseHeaders": {
        "Cache-Control": [
          "no-store, no-cache"
        ],
        "Pragma": [
          "no-cache"
        ],
        "Location": [
          "https://management.azure.com/subscriptions/12053b8f-cab5-4f5c-9c1a-870580142abd/resourceGroups/CosmosDBResourceGroup29/providers/Microsoft.DocumentDB/databaseAccounts/mongo-db0029/mongodbDatabases/dbName4/operationResults/8f757010-80f2-4540-a6c4-274cd0f4a667?api-version=2023-03-15-preview"
        ],
        "Azure-AsyncOperation": [
          "https://management.azure.com/subscriptions/12053b8f-cab5-4f5c-9c1a-870580142abd/providers/Microsoft.DocumentDB/locations/eastus/operationsStatus/8f757010-80f2-4540-a6c4-274cd0f4a667?api-version=2023-03-15-preview"
        ],
        "x-ms-request-id": [
          "8f757010-80f2-4540-a6c4-274cd0f4a667"
        ],
        "Strict-Transport-Security": [
          "max-age=31536000; includeSubDomains"
        ],
        "x-ms-gatewayversion": [
          "version=2.14.0"
        ],
        "Server": [
          "Microsoft-HTTPAPI/2.0"
        ],
        "x-ms-ratelimit-remaining-subscription-deletes": [
          "14999"
        ],
        "x-ms-correlation-request-id": [
          "33e286cd-b831-4225-9590-cb95eba54e1d"
        ],
        "x-ms-routing-request-id": [
          "EASTUS:20230720T152348Z:33e286cd-b831-4225-9590-cb95eba54e1d"
        ],
        "X-Content-Type-Options": [
          "nosniff"
        ],
        "Date": [
          "Thu, 20 Jul 2023 15:23:47 GMT"
        ],
        "Content-Length": [
          "21"
        ],
        "Content-Type": [
          "application/json"
        ]
      },
      "ResponseBody": "{\r\n  \"status\": \"Enqueued\"\r\n}",
      "StatusCode": 202
    },
    {
      "RequestUri": "/subscriptions/12053b8f-cab5-4f5c-9c1a-870580142abd/providers/Microsoft.DocumentDB/locations/eastus/operationsStatus/7b56ce0e-8f87-4752-90b8-813a68caad58?api-version=2023-03-15-preview",
      "EncodedRequestUri": "L3N1YnNjcmlwdGlvbnMvMTIwNTNiOGYtY2FiNS00ZjVjLTljMWEtODcwNTgwMTQyYWJkL3Byb3ZpZGVycy9NaWNyb3NvZnQuRG9jdW1lbnREQi9sb2NhdGlvbnMvZWFzdHVzL29wZXJhdGlvbnNTdGF0dXMvN2I1NmNlMGUtOGY4Ny00NzUyLTkwYjgtODEzYTY4Y2FhZDU4P2FwaS12ZXJzaW9uPTIwMjMtMDMtMTUtcHJldmlldw==",
      "RequestMethod": "GET",
      "RequestHeaders": {
        "x-ms-client-request-id": [
          "55289b5d-3cb2-4dbc-b13e-910a87508c27"
        ],
        "User-Agent": [
          "FxVersion/4.700.22.55902",
          "OSName/Windows",
          "OSVersion/Microsoft.Windows.10.0.22621",
          "Microsoft.Azure.Management.CosmosDB.CosmosDBManagementClient/2.0.5"
        ]
      },
      "RequestBody": "",
      "ResponseHeaders": {
        "Cache-Control": [
          "no-store, no-cache"
        ],
        "Pragma": [
          "no-cache"
        ],
        "Strict-Transport-Security": [
          "max-age=31536000; includeSubDomains"
        ],
        "x-ms-gatewayversion": [
          "version=2.14.0"
        ],
        "Server": [
          "Microsoft-HTTPAPI/2.0"
        ],
        "x-ms-ratelimit-remaining-subscription-reads": [
          "11999"
        ],
        "x-ms-request-id": [
          "3507ab39-3852-43c0-b73b-141f2a6af079"
        ],
        "x-ms-correlation-request-id": [
          "3507ab39-3852-43c0-b73b-141f2a6af079"
        ],
        "x-ms-routing-request-id": [
          "EASTUS:20230720T152316Z:3507ab39-3852-43c0-b73b-141f2a6af079"
        ],
        "X-Content-Type-Options": [
          "nosniff"
        ],
        "Date": [
          "Thu, 20 Jul 2023 15:23:15 GMT"
        ],
        "Content-Length": [
          "22"
        ],
        "Content-Type": [
          "application/json"
        ]
      },
      "ResponseBody": "{\r\n  \"status\": \"Succeeded\"\r\n}",
      "StatusCode": 200
    },
    {
      "RequestUri": "/subscriptions/12053b8f-cab5-4f5c-9c1a-870580142abd/resourceGroups/CosmosDBResourceGroup29/providers/Microsoft.DocumentDB/databaseAccounts/mongo-db0029/mongodbDatabases/dbName4/operationResults/7b56ce0e-8f87-4752-90b8-813a68caad58?api-version=2023-03-15-preview",
      "EncodedRequestUri": "L3N1YnNjcmlwdGlvbnMvMTIwNTNiOGYtY2FiNS00ZjVjLTljMWEtODcwNTgwMTQyYWJkL3Jlc291cmNlR3JvdXBzL0Nvc21vc0RCUmVzb3VyY2VHcm91cDI5L3Byb3ZpZGVycy9NaWNyb3NvZnQuRG9jdW1lbnREQi9kYXRhYmFzZUFjY291bnRzL21vbmdvLWRiMDAyOS9tb25nb2RiRGF0YWJhc2VzL2RiTmFtZTQvb3BlcmF0aW9uUmVzdWx0cy83YjU2Y2UwZS04Zjg3LTQ3NTItOTBiOC04MTNhNjhjYWFkNTg/YXBpLXZlcnNpb249MjAyMy0wMy0xNS1wcmV2aWV3",
      "RequestMethod": "GET",
      "RequestHeaders": {
        "x-ms-client-request-id": [
          "55289b5d-3cb2-4dbc-b13e-910a87508c27"
        ],
        "User-Agent": [
          "FxVersion/4.700.22.55902",
          "OSName/Windows",
          "OSVersion/Microsoft.Windows.10.0.22621",
          "Microsoft.Azure.Management.CosmosDB.CosmosDBManagementClient/2.0.5"
        ]
      },
      "RequestBody": "",
      "ResponseHeaders": {
        "Cache-Control": [
          "no-store, no-cache"
        ],
        "Pragma": [
          "no-cache"
        ],
        "Strict-Transport-Security": [
          "max-age=31536000; includeSubDomains"
        ],
        "x-ms-activity-id": [
          "55289b5d-3cb2-4dbc-b13e-910a87508c27"
        ],
        "Server": [
          "Microsoft-HTTPAPI/2.0"
        ],
        "x-ms-ratelimit-remaining-subscription-reads": [
          "11998"
        ],
        "x-ms-request-id": [
          "97448ad8-c5c1-438c-bc26-66f25ff07ae5"
        ],
        "x-ms-correlation-request-id": [
          "97448ad8-c5c1-438c-bc26-66f25ff07ae5"
        ],
        "x-ms-routing-request-id": [
          "EASTUS:20230720T152316Z:97448ad8-c5c1-438c-bc26-66f25ff07ae5"
        ],
        "X-Content-Type-Options": [
          "nosniff"
        ],
        "Date": [
          "Thu, 20 Jul 2023 15:23:15 GMT"
        ]
      },
      "ResponseBody": "",
      "StatusCode": 204
    },
    {
      "RequestUri": "/subscriptions/12053b8f-cab5-4f5c-9c1a-870580142abd/providers/Microsoft.DocumentDB/locations/eastus/operationsStatus/5480e1f7-7c9d-4716-94d8-cca4c2148eeb?api-version=2023-03-15-preview",
      "EncodedRequestUri": "L3N1YnNjcmlwdGlvbnMvMTIwNTNiOGYtY2FiNS00ZjVjLTljMWEtODcwNTgwMTQyYWJkL3Byb3ZpZGVycy9NaWNyb3NvZnQuRG9jdW1lbnREQi9sb2NhdGlvbnMvZWFzdHVzL29wZXJhdGlvbnNTdGF0dXMvNTQ4MGUxZjctN2M5ZC00NzE2LTk0ZDgtY2NhNGMyMTQ4ZWViP2FwaS12ZXJzaW9uPTIwMjMtMDMtMTUtcHJldmlldw==",
      "RequestMethod": "GET",
      "RequestHeaders": {
        "x-ms-client-request-id": [
          "119d3c78-a2cb-42b4-bb12-68d4ce366a77"
        ],
        "User-Agent": [
          "FxVersion/4.700.22.55902",
          "OSName/Windows",
          "OSVersion/Microsoft.Windows.10.0.22621",
          "Microsoft.Azure.Management.CosmosDB.CosmosDBManagementClient/2.0.5"
        ]
      },
      "RequestBody": "",
      "ResponseHeaders": {
        "Cache-Control": [
          "no-store, no-cache"
        ],
        "Pragma": [
          "no-cache"
        ],
        "Strict-Transport-Security": [
          "max-age=31536000; includeSubDomains"
        ],
        "x-ms-gatewayversion": [
          "version=2.14.0"
        ],
        "Server": [
          "Microsoft-HTTPAPI/2.0"
        ],
        "x-ms-ratelimit-remaining-subscription-reads": [
          "11999"
        ],
        "x-ms-request-id": [
          "c3a8c8ce-c0e2-4246-b254-e9a1b0b91fd7"
        ],
        "x-ms-correlation-request-id": [
          "c3a8c8ce-c0e2-4246-b254-e9a1b0b91fd7"
        ],
        "x-ms-routing-request-id": [
          "EASTUS:20230720T152347Z:c3a8c8ce-c0e2-4246-b254-e9a1b0b91fd7"
        ],
        "X-Content-Type-Options": [
          "nosniff"
        ],
        "Date": [
          "Thu, 20 Jul 2023 15:23:47 GMT"
        ],
        "Content-Length": [
          "22"
        ],
        "Content-Type": [
          "application/json"
        ]
      },
      "ResponseBody": "{\r\n  \"status\": \"Succeeded\"\r\n}",
      "StatusCode": 200
    },
    {
      "RequestUri": "/subscriptions/12053b8f-cab5-4f5c-9c1a-870580142abd/resourceGroups/CosmosDBResourceGroup29/providers/Microsoft.DocumentDB/databaseAccounts/mongo-db0029/mongodbDatabases/dbName4/collections/collectionName/operationResults/5480e1f7-7c9d-4716-94d8-cca4c2148eeb?api-version=2023-03-15-preview",
      "EncodedRequestUri": "L3N1YnNjcmlwdGlvbnMvMTIwNTNiOGYtY2FiNS00ZjVjLTljMWEtODcwNTgwMTQyYWJkL3Jlc291cmNlR3JvdXBzL0Nvc21vc0RCUmVzb3VyY2VHcm91cDI5L3Byb3ZpZGVycy9NaWNyb3NvZnQuRG9jdW1lbnREQi9kYXRhYmFzZUFjY291bnRzL21vbmdvLWRiMDAyOS9tb25nb2RiRGF0YWJhc2VzL2RiTmFtZTQvY29sbGVjdGlvbnMvY29sbGVjdGlvbk5hbWUvb3BlcmF0aW9uUmVzdWx0cy81NDgwZTFmNy03YzlkLTQ3MTYtOTRkOC1jY2E0YzIxNDhlZWI/YXBpLXZlcnNpb249MjAyMy0wMy0xNS1wcmV2aWV3",
      "RequestMethod": "GET",
      "RequestHeaders": {
        "x-ms-client-request-id": [
          "119d3c78-a2cb-42b4-bb12-68d4ce366a77"
        ],
        "User-Agent": [
          "FxVersion/4.700.22.55902",
          "OSName/Windows",
          "OSVersion/Microsoft.Windows.10.0.22621",
          "Microsoft.Azure.Management.CosmosDB.CosmosDBManagementClient/2.0.5"
        ]
      },
      "RequestBody": "",
      "ResponseHeaders": {
        "Cache-Control": [
          "no-store, no-cache"
        ],
        "Pragma": [
          "no-cache"
        ],
        "Strict-Transport-Security": [
          "max-age=31536000; includeSubDomains"
        ],
        "x-ms-activity-id": [
          "119d3c78-a2cb-42b4-bb12-68d4ce366a77"
        ],
        "Server": [
          "Microsoft-HTTPAPI/2.0"
        ],
        "x-ms-ratelimit-remaining-subscription-reads": [
          "11998"
        ],
        "x-ms-request-id": [
          "8b578b83-3136-474c-b1e1-b0ca025eb017"
        ],
        "x-ms-correlation-request-id": [
          "8b578b83-3136-474c-b1e1-b0ca025eb017"
        ],
        "x-ms-routing-request-id": [
          "EASTUS:20230720T152347Z:8b578b83-3136-474c-b1e1-b0ca025eb017"
        ],
        "X-Content-Type-Options": [
          "nosniff"
        ],
        "Date": [
          "Thu, 20 Jul 2023 15:23:47 GMT"
        ]
      },
      "ResponseBody": "",
      "StatusCode": 204
    },
    {
      "RequestUri": "/subscriptions/12053b8f-cab5-4f5c-9c1a-870580142abd/providers/Microsoft.DocumentDB/locations/eastus/operationsStatus/8f757010-80f2-4540-a6c4-274cd0f4a667?api-version=2023-03-15-preview",
      "EncodedRequestUri": "L3N1YnNjcmlwdGlvbnMvMTIwNTNiOGYtY2FiNS00ZjVjLTljMWEtODcwNTgwMTQyYWJkL3Byb3ZpZGVycy9NaWNyb3NvZnQuRG9jdW1lbnREQi9sb2NhdGlvbnMvZWFzdHVzL29wZXJhdGlvbnNTdGF0dXMvOGY3NTcwMTAtODBmMi00NTQwLWE2YzQtMjc0Y2QwZjRhNjY3P2FwaS12ZXJzaW9uPTIwMjMtMDMtMTUtcHJldmlldw==",
      "RequestMethod": "GET",
      "RequestHeaders": {
        "x-ms-client-request-id": [
          "d15a1135-19ed-47fe-8616-503bc50e12c0"
        ],
        "User-Agent": [
          "FxVersion/4.700.22.55902",
          "OSName/Windows",
          "OSVersion/Microsoft.Windows.10.0.22621",
          "Microsoft.Azure.Management.CosmosDB.CosmosDBManagementClient/2.0.5"
        ]
      },
      "RequestBody": "",
      "ResponseHeaders": {
        "Cache-Control": [
          "no-store, no-cache"
        ],
        "Pragma": [
          "no-cache"
        ],
        "Strict-Transport-Security": [
          "max-age=31536000; includeSubDomains"
        ],
        "x-ms-gatewayversion": [
          "version=2.14.0"
        ],
        "Server": [
          "Microsoft-HTTPAPI/2.0"
        ],
        "x-ms-ratelimit-remaining-subscription-reads": [
          "11999"
        ],
        "x-ms-request-id": [
          "4c27ea06-1312-4c6f-a4e9-089c79223f2f"
        ],
        "x-ms-correlation-request-id": [
          "4c27ea06-1312-4c6f-a4e9-089c79223f2f"
        ],
        "x-ms-routing-request-id": [
          "EASTUS:20230720T152418Z:4c27ea06-1312-4c6f-a4e9-089c79223f2f"
        ],
        "X-Content-Type-Options": [
          "nosniff"
        ],
        "Date": [
          "Thu, 20 Jul 2023 15:24:17 GMT"
        ],
        "Content-Length": [
          "22"
        ],
        "Content-Type": [
          "application/json"
        ]
      },
      "ResponseBody": "{\r\n  \"status\": \"Succeeded\"\r\n}",
      "StatusCode": 200
    },
    {
      "RequestUri": "/subscriptions/12053b8f-cab5-4f5c-9c1a-870580142abd/resourceGroups/CosmosDBResourceGroup29/providers/Microsoft.DocumentDB/databaseAccounts/mongo-db0029/mongodbDatabases/dbName4/operationResults/8f757010-80f2-4540-a6c4-274cd0f4a667?api-version=2023-03-15-preview",
      "EncodedRequestUri": "L3N1YnNjcmlwdGlvbnMvMTIwNTNiOGYtY2FiNS00ZjVjLTljMWEtODcwNTgwMTQyYWJkL3Jlc291cmNlR3JvdXBzL0Nvc21vc0RCUmVzb3VyY2VHcm91cDI5L3Byb3ZpZGVycy9NaWNyb3NvZnQuRG9jdW1lbnREQi9kYXRhYmFzZUFjY291bnRzL21vbmdvLWRiMDAyOS9tb25nb2RiRGF0YWJhc2VzL2RiTmFtZTQvb3BlcmF0aW9uUmVzdWx0cy84Zjc1NzAxMC04MGYyLTQ1NDAtYTZjNC0yNzRjZDBmNGE2Njc/YXBpLXZlcnNpb249MjAyMy0wMy0xNS1wcmV2aWV3",
      "RequestMethod": "GET",
      "RequestHeaders": {
        "x-ms-client-request-id": [
          "d15a1135-19ed-47fe-8616-503bc50e12c0"
        ],
        "User-Agent": [
          "FxVersion/4.700.22.55902",
          "OSName/Windows",
          "OSVersion/Microsoft.Windows.10.0.22621",
          "Microsoft.Azure.Management.CosmosDB.CosmosDBManagementClient/2.0.5"
        ]
      },
      "RequestBody": "",
      "ResponseHeaders": {
        "Cache-Control": [
          "no-store, no-cache"
        ],
        "Pragma": [
          "no-cache"
        ],
        "Strict-Transport-Security": [
          "max-age=31536000; includeSubDomains"
        ],
        "x-ms-activity-id": [
          "d15a1135-19ed-47fe-8616-503bc50e12c0"
        ],
        "Server": [
          "Microsoft-HTTPAPI/2.0"
        ],
        "x-ms-ratelimit-remaining-subscription-reads": [
          "11998"
        ],
        "x-ms-request-id": [
          "44c84e2e-a002-4c55-859d-164d678ff0f2"
        ],
        "x-ms-correlation-request-id": [
          "44c84e2e-a002-4c55-859d-164d678ff0f2"
        ],
        "x-ms-routing-request-id": [
          "EASTUS:20230720T152418Z:44c84e2e-a002-4c55-859d-164d678ff0f2"
        ],
        "X-Content-Type-Options": [
          "nosniff"
        ],
        "Date": [
          "Thu, 20 Jul 2023 15:24:17 GMT"
        ]
      },
      "ResponseBody": "",
      "StatusCode": 204
    }
  ],
  "Names": {},
  "Variables": {
    "SubscriptionId": "12053b8f-cab5-4f5c-9c1a-870580142abd"
  }
}