{
  "Entries": [
    {
      "RequestUri": "/subscriptions/412b782d-2511-4c6d-98f2-3ea01b1c83c3/resourcegroups/ps1016?api-version=2016-09-01",
      "EncodedRequestUri": "L3N1YnNjcmlwdGlvbnMvNDEyYjc4MmQtMjUxMS00YzZkLTk4ZjItM2VhMDFiMWM4M2MzL3Jlc291cmNlZ3JvdXBzL3BzMTAxNj9hcGktdmVyc2lvbj0yMDE2LTA5LTAx",
      "RequestMethod": "PUT",
      "RequestBody": "{\r\n  \"location\": \"southeastasia\"\r\n}",
      "RequestHeaders": {
        "x-ms-client-request-id": [
          "f5f48105-b2a2-4917-8628-9fbdb29adc1d"
        ],
        "Accept-Language": [
          "en-US"
        ],
        "User-Agent": [
          "FxVersion/4.6.29812.02",
          "OSName/Windows",
          "OSVersion/Microsoft.Windows.10.0.14393.",
          "Microsoft.Azure.Management.Internal.Resources.ResourceManagementClient/1.3.31"
        ],
        "Content-Type": [
          "application/json; charset=utf-8"
        ],
        "Content-Length": [
          "35"
        ]
      },
      "ResponseHeaders": {
        "Cache-Control": [
          "no-cache"
        ],
        "Pragma": [
          "no-cache"
        ],
        "x-ms-ratelimit-remaining-subscription-writes": [
          "1199"
        ],
        "x-ms-request-id": [
          "d5607e1f-0ccb-4eb1-8144-2fcd6777878e"
        ],
        "x-ms-correlation-request-id": [
          "d5607e1f-0ccb-4eb1-8144-2fcd6777878e"
        ],
        "x-ms-routing-request-id": [
          "WESTCENTRALUS:20210317T050858Z:d5607e1f-0ccb-4eb1-8144-2fcd6777878e"
        ],
        "Strict-Transport-Security": [
          "max-age=31536000; includeSubDomains"
        ],
        "X-Content-Type-Options": [
          "nosniff"
        ],
        "Date": [
          "Wed, 17 Mar 2021 05:08:57 GMT"
        ],
        "Content-Length": [
          "172"
        ],
        "Content-Type": [
          "application/json; charset=utf-8"
        ],
        "Expires": [
          "-1"
        ]
      },
      "ResponseBody": "{\r\n  \"id\": \"/subscriptions/412b782d-2511-4c6d-98f2-3ea01b1c83c3/resourceGroups/ps1016\",\r\n  \"name\": \"ps1016\",\r\n  \"location\": \"southeastasia\",\r\n  \"properties\": {\r\n    \"provisioningState\": \"Succeeded\"\r\n  }\r\n}",
      "StatusCode": 201
    },
    {
      "RequestUri": "/subscriptions/412b782d-2511-4c6d-98f2-3ea01b1c83c3/resourceGroups/ps1016/providers/Microsoft.Sql/servers/ps1514?api-version=2019-06-01-preview",
      "EncodedRequestUri": "L3N1YnNjcmlwdGlvbnMvNDEyYjc4MmQtMjUxMS00YzZkLTk4ZjItM2VhMDFiMWM4M2MzL3Jlc291cmNlR3JvdXBzL3BzMTAxNi9wcm92aWRlcnMvTWljcm9zb2Z0LlNxbC9zZXJ2ZXJzL3BzMTUxND9hcGktdmVyc2lvbj0yMDE5LTA2LTAxLXByZXZpZXc=",
      "RequestMethod": "GET",
      "RequestBody": "",
      "RequestHeaders": {
        "x-ms-client-request-id": [
          "fac78e65-5e0b-4580-8fde-da59b5f84833"
        ],
        "Accept-Language": [
          "en-US"
        ],
        "User-Agent": [
          "FxVersion/4.6.29812.02",
          "OSName/Windows",
          "OSVersion/Microsoft.Windows.10.0.14393.",
          "Microsoft.Azure.Management.Sql.SqlManagementClient/1.50.0.0"
        ]
      },
      "ResponseHeaders": {
        "Cache-Control": [
          "no-cache"
        ],
        "Pragma": [
          "no-cache"
        ],
        "x-ms-failure-cause": [
          "gateway"
        ],
        "x-ms-request-id": [
          "fee530e5-4daf-483a-be1e-a859530ca9cb"
        ],
        "x-ms-correlation-request-id": [
          "fee530e5-4daf-483a-be1e-a859530ca9cb"
        ],
        "x-ms-routing-request-id": [
          "WESTCENTRALUS:20210317T050859Z:fee530e5-4daf-483a-be1e-a859530ca9cb"
        ],
        "Strict-Transport-Security": [
          "max-age=31536000; includeSubDomains"
        ],
        "X-Content-Type-Options": [
          "nosniff"
        ],
        "Date": [
          "Wed, 17 Mar 2021 05:08:58 GMT"
        ],
        "Content-Type": [
          "application/json; charset=utf-8"
        ],
        "Expires": [
          "-1"
        ],
        "Content-Length": [
          "206"
        ]
      },
      "ResponseBody": "{\r\n  \"error\": {\r\n    \"code\": \"ResourceNotFound\",\r\n    \"message\": \"The Resource 'Microsoft.Sql/servers/ps1514' under resource group 'ps1016' was not found. For more details please go to https://aka.ms/ARMResourceNotFoundFix\"\r\n  }\r\n}",
      "StatusCode": 404
    },
    {
      "RequestUri": "/subscriptions/412b782d-2511-4c6d-98f2-3ea01b1c83c3/resourceGroups/ps1016/providers/Microsoft.Sql/servers/ps1514?api-version=2019-06-01-preview",
      "EncodedRequestUri": "L3N1YnNjcmlwdGlvbnMvNDEyYjc4MmQtMjUxMS00YzZkLTk4ZjItM2VhMDFiMWM4M2MzL3Jlc291cmNlR3JvdXBzL3BzMTAxNi9wcm92aWRlcnMvTWljcm9zb2Z0LlNxbC9zZXJ2ZXJzL3BzMTUxND9hcGktdmVyc2lvbj0yMDE5LTA2LTAxLXByZXZpZXc=",
      "RequestMethod": "GET",
      "RequestBody": "",
      "RequestHeaders": {
        "x-ms-client-request-id": [
          "fac78e65-5e0b-4580-8fde-da59b5f84833"
        ],
        "User-Agent": [
          "FxVersion/4.6.29812.02",
          "OSName/Windows",
          "OSVersion/Microsoft.Windows.10.0.14393.",
          "Microsoft.Azure.Management.Sql.SqlManagementClient/1.50.0.0"
        ]
      },
      "ResponseHeaders": {
        "Cache-Control": [
          "no-cache"
        ],
        "Pragma": [
          "no-cache"
        ],
        "x-ms-request-id": [
          "cd461ca9-f3cf-4ff8-a5d7-d2ebd1fadca3"
        ],
        "Server": [
          "Microsoft-HTTPAPI/2.0"
        ],
        "x-ms-ratelimit-remaining-subscription-reads": [
          "11991"
        ],
        "x-ms-correlation-request-id": [
          "86594d8a-5f77-49b0-ae33-c0c1f5bda603"
        ],
        "x-ms-routing-request-id": [
          "WESTCENTRALUS:20210317T050950Z:86594d8a-5f77-49b0-ae33-c0c1f5bda603"
        ],
        "Strict-Transport-Security": [
          "max-age=31536000; includeSubDomains"
        ],
        "X-Content-Type-Options": [
          "nosniff"
        ],
        "Date": [
          "Wed, 17 Mar 2021 05:09:49 GMT"
        ],
        "Content-Length": [
          "415"
        ],
        "Content-Type": [
          "application/json; charset=utf-8"
        ],
        "Expires": [
          "-1"
        ]
      },
      "ResponseBody": "{\r\n  \"kind\": \"v12.0\",\r\n  \"properties\": {\r\n    \"administratorLogin\": \"testusername\",\r\n    \"version\": \"12.0\",\r\n    \"state\": \"Ready\",\r\n    \"fullyQualifiedDomainName\": \"ps1514.database.windows.net\",\r\n    \"privateEndpointConnections\": [],\r\n    \"publicNetworkAccess\": \"Enabled\"\r\n  },\r\n  \"location\": \"southeastasia\",\r\n  \"id\": \"/subscriptions/412b782d-2511-4c6d-98f2-3ea01b1c83c3/resourceGroups/ps1016/providers/Microsoft.Sql/servers/ps1514\",\r\n  \"name\": \"ps1514\",\r\n  \"type\": \"Microsoft.Sql/servers\"\r\n}",
      "StatusCode": 200
    },
    {
      "RequestUri": "/subscriptions/412b782d-2511-4c6d-98f2-3ea01b1c83c3/resourceGroups/ps1016/providers/Microsoft.Sql/servers/ps1514?api-version=2019-06-01-preview",
      "EncodedRequestUri": "L3N1YnNjcmlwdGlvbnMvNDEyYjc4MmQtMjUxMS00YzZkLTk4ZjItM2VhMDFiMWM4M2MzL3Jlc291cmNlR3JvdXBzL3BzMTAxNi9wcm92aWRlcnMvTWljcm9zb2Z0LlNxbC9zZXJ2ZXJzL3BzMTUxND9hcGktdmVyc2lvbj0yMDE5LTA2LTAxLXByZXZpZXc=",
      "RequestMethod": "GET",
      "RequestBody": "",
      "RequestHeaders": {
        "x-ms-client-request-id": [
          "6df8b593-3242-4454-bbd2-194bc4250f5c"
        ],
        "Accept-Language": [
          "en-US"
        ],
        "User-Agent": [
          "FxVersion/4.6.29812.02",
          "OSName/Windows",
          "OSVersion/Microsoft.Windows.10.0.14393.",
          "Microsoft.Azure.Management.Sql.SqlManagementClient/1.50.0.0"
        ]
      },
      "ResponseHeaders": {
        "Cache-Control": [
          "no-cache"
        ],
        "Pragma": [
          "no-cache"
        ],
        "x-ms-request-id": [
          "a43421d4-1dc6-45f0-b4b8-a0c968646718"
        ],
        "Server": [
          "Microsoft-HTTPAPI/2.0"
        ],
        "x-ms-ratelimit-remaining-subscription-reads": [
          "11990"
        ],
        "x-ms-correlation-request-id": [
          "8c322fcc-0854-4ad7-b36c-689446bfcef3"
        ],
        "x-ms-routing-request-id": [
          "WESTCENTRALUS:20210317T050950Z:8c322fcc-0854-4ad7-b36c-689446bfcef3"
        ],
        "Strict-Transport-Security": [
          "max-age=31536000; includeSubDomains"
        ],
        "X-Content-Type-Options": [
          "nosniff"
        ],
        "Date": [
          "Wed, 17 Mar 2021 05:09:49 GMT"
        ],
        "Content-Length": [
          "415"
        ],
        "Content-Type": [
          "application/json; charset=utf-8"
        ],
        "Expires": [
          "-1"
        ]
      },
      "ResponseBody": "{\r\n  \"kind\": \"v12.0\",\r\n  \"properties\": {\r\n    \"administratorLogin\": \"testusername\",\r\n    \"version\": \"12.0\",\r\n    \"state\": \"Ready\",\r\n    \"fullyQualifiedDomainName\": \"ps1514.database.windows.net\",\r\n    \"privateEndpointConnections\": [],\r\n    \"publicNetworkAccess\": \"Enabled\"\r\n  },\r\n  \"location\": \"southeastasia\",\r\n  \"id\": \"/subscriptions/412b782d-2511-4c6d-98f2-3ea01b1c83c3/resourceGroups/ps1016/providers/Microsoft.Sql/servers/ps1514\",\r\n  \"name\": \"ps1514\",\r\n  \"type\": \"Microsoft.Sql/servers\"\r\n}",
      "StatusCode": 200
    },
    {
      "RequestUri": "/subscriptions/412b782d-2511-4c6d-98f2-3ea01b1c83c3/resourceGroups/ps1016/providers/Microsoft.Sql/servers/ps1514?api-version=2019-06-01-preview",
      "EncodedRequestUri": "L3N1YnNjcmlwdGlvbnMvNDEyYjc4MmQtMjUxMS00YzZkLTk4ZjItM2VhMDFiMWM4M2MzL3Jlc291cmNlR3JvdXBzL3BzMTAxNi9wcm92aWRlcnMvTWljcm9zb2Z0LlNxbC9zZXJ2ZXJzL3BzMTUxND9hcGktdmVyc2lvbj0yMDE5LTA2LTAxLXByZXZpZXc=",
      "RequestMethod": "GET",
      "RequestBody": "",
      "RequestHeaders": {
        "x-ms-client-request-id": [
          "6df8b593-3242-4454-bbd2-194bc4250f5c"
        ],
        "Accept-Language": [
          "en-US"
        ],
        "User-Agent": [
          "FxVersion/4.6.29812.02",
          "OSName/Windows",
          "OSVersion/Microsoft.Windows.10.0.14393.",
          "Microsoft.Azure.Management.Sql.SqlManagementClient/1.50.0.0"
        ]
      },
      "ResponseHeaders": {
        "Cache-Control": [
          "no-cache"
        ],
        "Pragma": [
          "no-cache"
        ],
        "x-ms-request-id": [
          "2ae1f31c-8bd2-488a-9feb-a36f4a97054f"
        ],
        "Server": [
          "Microsoft-HTTPAPI/2.0"
        ],
        "x-ms-ratelimit-remaining-subscription-reads": [
          "11988"
        ],
        "x-ms-correlation-request-id": [
          "d1017352-5beb-4793-bedc-e20ef6ff5254"
        ],
        "x-ms-routing-request-id": [
          "WESTCENTRALUS:20210317T050951Z:d1017352-5beb-4793-bedc-e20ef6ff5254"
        ],
        "Strict-Transport-Security": [
          "max-age=31536000; includeSubDomains"
        ],
        "X-Content-Type-Options": [
          "nosniff"
        ],
        "Date": [
          "Wed, 17 Mar 2021 05:09:50 GMT"
        ],
        "Content-Length": [
          "415"
        ],
        "Content-Type": [
          "application/json; charset=utf-8"
        ],
        "Expires": [
          "-1"
        ]
      },
      "ResponseBody": "{\r\n  \"kind\": \"v12.0\",\r\n  \"properties\": {\r\n    \"administratorLogin\": \"testusername\",\r\n    \"version\": \"12.0\",\r\n    \"state\": \"Ready\",\r\n    \"fullyQualifiedDomainName\": \"ps1514.database.windows.net\",\r\n    \"privateEndpointConnections\": [],\r\n    \"publicNetworkAccess\": \"Enabled\"\r\n  },\r\n  \"location\": \"southeastasia\",\r\n  \"id\": \"/subscriptions/412b782d-2511-4c6d-98f2-3ea01b1c83c3/resourceGroups/ps1016/providers/Microsoft.Sql/servers/ps1514\",\r\n  \"name\": \"ps1514\",\r\n  \"type\": \"Microsoft.Sql/servers\"\r\n}",
      "StatusCode": 200
    },
    {
      "RequestUri": "/subscriptions/412b782d-2511-4c6d-98f2-3ea01b1c83c3/resourceGroups/ps1016/providers/Microsoft.Sql/servers/ps1514?api-version=2019-06-01-preview",
      "EncodedRequestUri": "L3N1YnNjcmlwdGlvbnMvNDEyYjc4MmQtMjUxMS00YzZkLTk4ZjItM2VhMDFiMWM4M2MzL3Jlc291cmNlR3JvdXBzL3BzMTAxNi9wcm92aWRlcnMvTWljcm9zb2Z0LlNxbC9zZXJ2ZXJzL3BzMTUxND9hcGktdmVyc2lvbj0yMDE5LTA2LTAxLXByZXZpZXc=",
      "RequestMethod": "PUT",
      "RequestBody": "{\r\n  \"properties\": {\r\n    \"administratorLogin\": \"testusername\",\r\n    \"administratorLoginPassword\": \"t357ingP@s5w0rd!\"\r\n  },\r\n  \"location\": \"southeastasia\"\r\n}",
      "RequestHeaders": {
        "x-ms-client-request-id": [
          "fac78e65-5e0b-4580-8fde-da59b5f84833"
        ],
        "Accept-Language": [
          "en-US"
        ],
        "User-Agent": [
          "FxVersion/4.6.29812.02",
          "OSName/Windows",
          "OSVersion/Microsoft.Windows.10.0.14393.",
          "Microsoft.Azure.Management.Sql.SqlManagementClient/1.50.0.0"
        ],
        "Content-Type": [
          "application/json; charset=utf-8"
        ],
        "Content-Length": [
          "157"
        ]
      },
      "ResponseHeaders": {
        "Cache-Control": [
          "no-cache"
        ],
        "Pragma": [
          "no-cache"
        ],
        "Location": [
          "https://management.azure.com/subscriptions/412b782d-2511-4c6d-98f2-3ea01b1c83c3/resourceGroups/ps1016/providers/Microsoft.Sql/locations/southeastasia/serverOperationResults/b82c2a4a-d0d7-4311-ac34-15ba837ad8a9?api-version=2019-06-01-preview"
        ],
        "Retry-After": [
          "1"
        ],
        "Azure-AsyncOperation": [
          "https://management.azure.com/subscriptions/412b782d-2511-4c6d-98f2-3ea01b1c83c3/resourceGroups/ps1016/providers/Microsoft.Sql/locations/southeastasia/serverAzureAsyncOperation/b82c2a4a-d0d7-4311-ac34-15ba837ad8a9?api-version=2019-06-01-preview"
        ],
        "x-ms-request-id": [
          "b82c2a4a-d0d7-4311-ac34-15ba837ad8a9"
        ],
        "Server": [
          "Microsoft-HTTPAPI/2.0"
        ],
        "x-ms-ratelimit-remaining-subscription-writes": [
          "1199"
        ],
        "x-ms-correlation-request-id": [
          "3a0eecc0-0d95-4f4c-8dd5-e2ab26a580e1"
        ],
        "x-ms-routing-request-id": [
          "WESTCENTRALUS:20210317T050903Z:3a0eecc0-0d95-4f4c-8dd5-e2ab26a580e1"
        ],
        "Strict-Transport-Security": [
          "max-age=31536000; includeSubDomains"
        ],
        "X-Content-Type-Options": [
          "nosniff"
        ],
        "Date": [
          "Wed, 17 Mar 2021 05:09:02 GMT"
        ],
        "Content-Length": [
          "73"
        ],
        "Content-Type": [
          "application/json; charset=utf-8"
        ],
        "Expires": [
          "-1"
        ]
      },
      "ResponseBody": "{\r\n  \"operation\": \"UpsertLogicalServer\",\r\n  \"startTime\": \"2021-03-17T05:09:03.31Z\"\r\n}",
      "StatusCode": 202
    },
    {
      "RequestUri": "/subscriptions/412b782d-2511-4c6d-98f2-3ea01b1c83c3/resourceGroups/ps1016/providers/Microsoft.Sql/locations/southeastasia/serverAzureAsyncOperation/b82c2a4a-d0d7-4311-ac34-15ba837ad8a9?api-version=2019-06-01-preview",
      "EncodedRequestUri": "L3N1YnNjcmlwdGlvbnMvNDEyYjc4MmQtMjUxMS00YzZkLTk4ZjItM2VhMDFiMWM4M2MzL3Jlc291cmNlR3JvdXBzL3BzMTAxNi9wcm92aWRlcnMvTWljcm9zb2Z0LlNxbC9sb2NhdGlvbnMvc291dGhlYXN0YXNpYS9zZXJ2ZXJBenVyZUFzeW5jT3BlcmF0aW9uL2I4MmMyYTRhLWQwZDctNDMxMS1hYzM0LTE1YmE4MzdhZDhhOT9hcGktdmVyc2lvbj0yMDE5LTA2LTAxLXByZXZpZXc=",
      "RequestMethod": "GET",
      "RequestBody": "",
      "RequestHeaders": {
        "x-ms-client-request-id": [
          "fac78e65-5e0b-4580-8fde-da59b5f84833"
        ],
        "User-Agent": [
          "FxVersion/4.6.29812.02",
          "OSName/Windows",
          "OSVersion/Microsoft.Windows.10.0.14393.",
          "Microsoft.Azure.Management.Sql.SqlManagementClient/1.50.0.0"
        ]
      },
      "ResponseHeaders": {
        "Cache-Control": [
          "no-cache"
        ],
        "Pragma": [
          "no-cache"
        ],
        "Retry-After": [
          "1"
        ],
        "x-ms-request-id": [
          "b9a1a61b-ad46-4eb2-a270-b0c80d0d4cfa"
        ],
        "Server": [
          "Microsoft-HTTPAPI/2.0"
        ],
        "x-ms-ratelimit-remaining-subscription-reads": [
          "11998"
        ],
        "x-ms-correlation-request-id": [
          "e554cced-0a2a-4cab-9ee1-26fe0387b947"
        ],
        "x-ms-routing-request-id": [
          "WESTCENTRALUS:20210317T050904Z:e554cced-0a2a-4cab-9ee1-26fe0387b947"
        ],
        "Strict-Transport-Security": [
          "max-age=31536000; includeSubDomains"
        ],
        "X-Content-Type-Options": [
          "nosniff"
        ],
        "Date": [
          "Wed, 17 Mar 2021 05:09:04 GMT"
        ],
        "Content-Length": [
          "107"
        ],
        "Content-Type": [
          "application/json; charset=utf-8"
        ],
        "Expires": [
          "-1"
        ]
      },
      "ResponseBody": "{\r\n  \"name\": \"b82c2a4a-d0d7-4311-ac34-15ba837ad8a9\",\r\n  \"status\": \"InProgress\",\r\n  \"startTime\": \"2021-03-17T05:09:03.31Z\"\r\n}",
      "StatusCode": 200
    },
    {
      "RequestUri": "/subscriptions/412b782d-2511-4c6d-98f2-3ea01b1c83c3/resourceGroups/ps1016/providers/Microsoft.Sql/locations/southeastasia/serverAzureAsyncOperation/b82c2a4a-d0d7-4311-ac34-15ba837ad8a9?api-version=2019-06-01-preview",
      "EncodedRequestUri": "L3N1YnNjcmlwdGlvbnMvNDEyYjc4MmQtMjUxMS00YzZkLTk4ZjItM2VhMDFiMWM4M2MzL3Jlc291cmNlR3JvdXBzL3BzMTAxNi9wcm92aWRlcnMvTWljcm9zb2Z0LlNxbC9sb2NhdGlvbnMvc291dGhlYXN0YXNpYS9zZXJ2ZXJBenVyZUFzeW5jT3BlcmF0aW9uL2I4MmMyYTRhLWQwZDctNDMxMS1hYzM0LTE1YmE4MzdhZDhhOT9hcGktdmVyc2lvbj0yMDE5LTA2LTAxLXByZXZpZXc=",
      "RequestMethod": "GET",
      "RequestBody": "",
      "RequestHeaders": {
        "x-ms-client-request-id": [
          "fac78e65-5e0b-4580-8fde-da59b5f84833"
        ],
        "User-Agent": [
          "FxVersion/4.6.29812.02",
          "OSName/Windows",
          "OSVersion/Microsoft.Windows.10.0.14393.",
          "Microsoft.Azure.Management.Sql.SqlManagementClient/1.50.0.0"
        ]
      },
      "ResponseHeaders": {
        "Cache-Control": [
          "no-cache"
        ],
        "Pragma": [
          "no-cache"
        ],
        "Retry-After": [
          "1"
        ],
        "x-ms-request-id": [
          "de8cf41e-0591-419d-80ac-6c7e9d9e9786"
        ],
        "Server": [
          "Microsoft-HTTPAPI/2.0"
        ],
        "x-ms-ratelimit-remaining-subscription-reads": [
          "11997"
        ],
        "x-ms-correlation-request-id": [
          "c03e18c6-ecce-4be4-aec6-8aabfa13fc80"
        ],
        "x-ms-routing-request-id": [
          "WESTCENTRALUS:20210317T050905Z:c03e18c6-ecce-4be4-aec6-8aabfa13fc80"
        ],
        "Strict-Transport-Security": [
          "max-age=31536000; includeSubDomains"
        ],
        "X-Content-Type-Options": [
          "nosniff"
        ],
        "Date": [
          "Wed, 17 Mar 2021 05:09:05 GMT"
        ],
        "Content-Length": [
          "107"
        ],
        "Content-Type": [
          "application/json; charset=utf-8"
        ],
        "Expires": [
          "-1"
        ]
      },
      "ResponseBody": "{\r\n  \"name\": \"b82c2a4a-d0d7-4311-ac34-15ba837ad8a9\",\r\n  \"status\": \"InProgress\",\r\n  \"startTime\": \"2021-03-17T05:09:03.31Z\"\r\n}",
      "StatusCode": 200
    },
    {
      "RequestUri": "/subscriptions/412b782d-2511-4c6d-98f2-3ea01b1c83c3/resourceGroups/ps1016/providers/Microsoft.Sql/locations/southeastasia/serverAzureAsyncOperation/b82c2a4a-d0d7-4311-ac34-15ba837ad8a9?api-version=2019-06-01-preview",
      "EncodedRequestUri": "L3N1YnNjcmlwdGlvbnMvNDEyYjc4MmQtMjUxMS00YzZkLTk4ZjItM2VhMDFiMWM4M2MzL3Jlc291cmNlR3JvdXBzL3BzMTAxNi9wcm92aWRlcnMvTWljcm9zb2Z0LlNxbC9sb2NhdGlvbnMvc291dGhlYXN0YXNpYS9zZXJ2ZXJBenVyZUFzeW5jT3BlcmF0aW9uL2I4MmMyYTRhLWQwZDctNDMxMS1hYzM0LTE1YmE4MzdhZDhhOT9hcGktdmVyc2lvbj0yMDE5LTA2LTAxLXByZXZpZXc=",
      "RequestMethod": "GET",
      "RequestBody": "",
      "RequestHeaders": {
        "x-ms-client-request-id": [
          "fac78e65-5e0b-4580-8fde-da59b5f84833"
        ],
        "User-Agent": [
          "FxVersion/4.6.29812.02",
          "OSName/Windows",
          "OSVersion/Microsoft.Windows.10.0.14393.",
          "Microsoft.Azure.Management.Sql.SqlManagementClient/1.50.0.0"
        ]
      },
      "ResponseHeaders": {
        "Cache-Control": [
          "no-cache"
        ],
        "Pragma": [
          "no-cache"
        ],
        "Retry-After": [
          "1"
        ],
        "x-ms-request-id": [
          "7726417e-c7b9-4001-9470-71512236b8d5"
        ],
        "Server": [
          "Microsoft-HTTPAPI/2.0"
        ],
        "x-ms-ratelimit-remaining-subscription-reads": [
          "11996"
        ],
        "x-ms-correlation-request-id": [
          "9e3aef70-219a-498a-8152-365cb92e005b"
        ],
        "x-ms-routing-request-id": [
          "WESTCENTRALUS:20210317T050907Z:9e3aef70-219a-498a-8152-365cb92e005b"
        ],
        "Strict-Transport-Security": [
          "max-age=31536000; includeSubDomains"
        ],
        "X-Content-Type-Options": [
          "nosniff"
        ],
        "Date": [
          "Wed, 17 Mar 2021 05:09:06 GMT"
        ],
        "Content-Length": [
          "107"
        ],
        "Content-Type": [
          "application/json; charset=utf-8"
        ],
        "Expires": [
          "-1"
        ]
      },
      "ResponseBody": "{\r\n  \"name\": \"b82c2a4a-d0d7-4311-ac34-15ba837ad8a9\",\r\n  \"status\": \"InProgress\",\r\n  \"startTime\": \"2021-03-17T05:09:03.31Z\"\r\n}",
      "StatusCode": 200
    },
    {
      "RequestUri": "/subscriptions/412b782d-2511-4c6d-98f2-3ea01b1c83c3/resourceGroups/ps1016/providers/Microsoft.Sql/locations/southeastasia/serverAzureAsyncOperation/b82c2a4a-d0d7-4311-ac34-15ba837ad8a9?api-version=2019-06-01-preview",
      "EncodedRequestUri": "L3N1YnNjcmlwdGlvbnMvNDEyYjc4MmQtMjUxMS00YzZkLTk4ZjItM2VhMDFiMWM4M2MzL3Jlc291cmNlR3JvdXBzL3BzMTAxNi9wcm92aWRlcnMvTWljcm9zb2Z0LlNxbC9sb2NhdGlvbnMvc291dGhlYXN0YXNpYS9zZXJ2ZXJBenVyZUFzeW5jT3BlcmF0aW9uL2I4MmMyYTRhLWQwZDctNDMxMS1hYzM0LTE1YmE4MzdhZDhhOT9hcGktdmVyc2lvbj0yMDE5LTA2LTAxLXByZXZpZXc=",
      "RequestMethod": "GET",
      "RequestBody": "",
      "RequestHeaders": {
        "x-ms-client-request-id": [
          "fac78e65-5e0b-4580-8fde-da59b5f84833"
        ],
        "User-Agent": [
          "FxVersion/4.6.29812.02",
          "OSName/Windows",
          "OSVersion/Microsoft.Windows.10.0.14393.",
          "Microsoft.Azure.Management.Sql.SqlManagementClient/1.50.0.0"
        ]
      },
      "ResponseHeaders": {
        "Cache-Control": [
          "no-cache"
        ],
        "Pragma": [
          "no-cache"
        ],
        "Retry-After": [
          "1"
        ],
        "x-ms-request-id": [
          "b32639c5-f732-42b1-8bfa-a952f41ba252"
        ],
        "Server": [
          "Microsoft-HTTPAPI/2.0"
        ],
        "x-ms-ratelimit-remaining-subscription-reads": [
          "11995"
        ],
        "x-ms-correlation-request-id": [
          "f91de73a-4960-4539-b55a-5837faf625e7"
        ],
        "x-ms-routing-request-id": [
          "WESTCENTRALUS:20210317T050908Z:f91de73a-4960-4539-b55a-5837faf625e7"
        ],
        "Strict-Transport-Security": [
          "max-age=31536000; includeSubDomains"
        ],
        "X-Content-Type-Options": [
          "nosniff"
        ],
        "Date": [
          "Wed, 17 Mar 2021 05:09:07 GMT"
        ],
        "Content-Length": [
          "107"
        ],
        "Content-Type": [
          "application/json; charset=utf-8"
        ],
        "Expires": [
          "-1"
        ]
      },
      "ResponseBody": "{\r\n  \"name\": \"b82c2a4a-d0d7-4311-ac34-15ba837ad8a9\",\r\n  \"status\": \"InProgress\",\r\n  \"startTime\": \"2021-03-17T05:09:03.31Z\"\r\n}",
      "StatusCode": 200
    },
    {
      "RequestUri": "/subscriptions/412b782d-2511-4c6d-98f2-3ea01b1c83c3/resourceGroups/ps1016/providers/Microsoft.Sql/locations/southeastasia/serverAzureAsyncOperation/b82c2a4a-d0d7-4311-ac34-15ba837ad8a9?api-version=2019-06-01-preview",
      "EncodedRequestUri": "L3N1YnNjcmlwdGlvbnMvNDEyYjc4MmQtMjUxMS00YzZkLTk4ZjItM2VhMDFiMWM4M2MzL3Jlc291cmNlR3JvdXBzL3BzMTAxNi9wcm92aWRlcnMvTWljcm9zb2Z0LlNxbC9sb2NhdGlvbnMvc291dGhlYXN0YXNpYS9zZXJ2ZXJBenVyZUFzeW5jT3BlcmF0aW9uL2I4MmMyYTRhLWQwZDctNDMxMS1hYzM0LTE1YmE4MzdhZDhhOT9hcGktdmVyc2lvbj0yMDE5LTA2LTAxLXByZXZpZXc=",
      "RequestMethod": "GET",
      "RequestBody": "",
      "RequestHeaders": {
        "x-ms-client-request-id": [
          "fac78e65-5e0b-4580-8fde-da59b5f84833"
        ],
        "User-Agent": [
          "FxVersion/4.6.29812.02",
          "OSName/Windows",
          "OSVersion/Microsoft.Windows.10.0.14393.",
          "Microsoft.Azure.Management.Sql.SqlManagementClient/1.50.0.0"
        ]
      },
      "ResponseHeaders": {
        "Cache-Control": [
          "no-cache"
        ],
        "Pragma": [
          "no-cache"
        ],
        "Retry-After": [
          "20"
        ],
        "x-ms-request-id": [
          "877563e8-08a5-4cf2-902e-134f2f62594e"
        ],
        "Server": [
          "Microsoft-HTTPAPI/2.0"
        ],
        "x-ms-ratelimit-remaining-subscription-reads": [
          "11994"
        ],
        "x-ms-correlation-request-id": [
          "d30703a6-c4a4-4051-8bb6-1e800eb9c216"
        ],
        "x-ms-routing-request-id": [
          "WESTCENTRALUS:20210317T050909Z:d30703a6-c4a4-4051-8bb6-1e800eb9c216"
        ],
        "Strict-Transport-Security": [
          "max-age=31536000; includeSubDomains"
        ],
        "X-Content-Type-Options": [
          "nosniff"
        ],
        "Date": [
          "Wed, 17 Mar 2021 05:09:09 GMT"
        ],
        "Content-Length": [
          "107"
        ],
        "Content-Type": [
          "application/json; charset=utf-8"
        ],
        "Expires": [
          "-1"
        ]
      },
      "ResponseBody": "{\r\n  \"name\": \"b82c2a4a-d0d7-4311-ac34-15ba837ad8a9\",\r\n  \"status\": \"InProgress\",\r\n  \"startTime\": \"2021-03-17T05:09:03.31Z\"\r\n}",
      "StatusCode": 200
    },
    {
      "RequestUri": "/subscriptions/412b782d-2511-4c6d-98f2-3ea01b1c83c3/resourceGroups/ps1016/providers/Microsoft.Sql/locations/southeastasia/serverAzureAsyncOperation/b82c2a4a-d0d7-4311-ac34-15ba837ad8a9?api-version=2019-06-01-preview",
      "EncodedRequestUri": "L3N1YnNjcmlwdGlvbnMvNDEyYjc4MmQtMjUxMS00YzZkLTk4ZjItM2VhMDFiMWM4M2MzL3Jlc291cmNlR3JvdXBzL3BzMTAxNi9wcm92aWRlcnMvTWljcm9zb2Z0LlNxbC9sb2NhdGlvbnMvc291dGhlYXN0YXNpYS9zZXJ2ZXJBenVyZUFzeW5jT3BlcmF0aW9uL2I4MmMyYTRhLWQwZDctNDMxMS1hYzM0LTE1YmE4MzdhZDhhOT9hcGktdmVyc2lvbj0yMDE5LTA2LTAxLXByZXZpZXc=",
      "RequestMethod": "GET",
      "RequestBody": "",
      "RequestHeaders": {
        "x-ms-client-request-id": [
          "fac78e65-5e0b-4580-8fde-da59b5f84833"
        ],
        "User-Agent": [
          "FxVersion/4.6.29812.02",
          "OSName/Windows",
          "OSVersion/Microsoft.Windows.10.0.14393.",
          "Microsoft.Azure.Management.Sql.SqlManagementClient/1.50.0.0"
        ]
      },
      "ResponseHeaders": {
        "Cache-Control": [
          "no-cache"
        ],
        "Pragma": [
          "no-cache"
        ],
        "Retry-After": [
          "20"
        ],
        "x-ms-request-id": [
          "acf8518b-2b76-42f7-8d39-d81192671993"
        ],
        "Server": [
          "Microsoft-HTTPAPI/2.0"
        ],
        "x-ms-ratelimit-remaining-subscription-reads": [
          "11993"
        ],
        "x-ms-correlation-request-id": [
          "7c80f347-79df-45af-bd64-88d2f3c9215f"
        ],
        "x-ms-routing-request-id": [
          "WESTCENTRALUS:20210317T050929Z:7c80f347-79df-45af-bd64-88d2f3c9215f"
        ],
        "Strict-Transport-Security": [
          "max-age=31536000; includeSubDomains"
        ],
        "X-Content-Type-Options": [
          "nosniff"
        ],
        "Date": [
          "Wed, 17 Mar 2021 05:09:29 GMT"
        ],
        "Content-Length": [
          "107"
        ],
        "Content-Type": [
          "application/json; charset=utf-8"
        ],
        "Expires": [
          "-1"
        ]
      },
      "ResponseBody": "{\r\n  \"name\": \"b82c2a4a-d0d7-4311-ac34-15ba837ad8a9\",\r\n  \"status\": \"InProgress\",\r\n  \"startTime\": \"2021-03-17T05:09:03.31Z\"\r\n}",
      "StatusCode": 200
    },
    {
      "RequestUri": "/subscriptions/412b782d-2511-4c6d-98f2-3ea01b1c83c3/resourceGroups/ps1016/providers/Microsoft.Sql/locations/southeastasia/serverAzureAsyncOperation/b82c2a4a-d0d7-4311-ac34-15ba837ad8a9?api-version=2019-06-01-preview",
      "EncodedRequestUri": "L3N1YnNjcmlwdGlvbnMvNDEyYjc4MmQtMjUxMS00YzZkLTk4ZjItM2VhMDFiMWM4M2MzL3Jlc291cmNlR3JvdXBzL3BzMTAxNi9wcm92aWRlcnMvTWljcm9zb2Z0LlNxbC9sb2NhdGlvbnMvc291dGhlYXN0YXNpYS9zZXJ2ZXJBenVyZUFzeW5jT3BlcmF0aW9uL2I4MmMyYTRhLWQwZDctNDMxMS1hYzM0LTE1YmE4MzdhZDhhOT9hcGktdmVyc2lvbj0yMDE5LTA2LTAxLXByZXZpZXc=",
      "RequestMethod": "GET",
      "RequestBody": "",
      "RequestHeaders": {
        "x-ms-client-request-id": [
          "fac78e65-5e0b-4580-8fde-da59b5f84833"
        ],
        "User-Agent": [
          "FxVersion/4.6.29812.02",
          "OSName/Windows",
          "OSVersion/Microsoft.Windows.10.0.14393.",
          "Microsoft.Azure.Management.Sql.SqlManagementClient/1.50.0.0"
        ]
      },
      "ResponseHeaders": {
        "Cache-Control": [
          "no-cache"
        ],
        "Pragma": [
          "no-cache"
        ],
        "Retry-After": [
          "15"
        ],
        "x-ms-request-id": [
          "2a4760d8-82f2-4382-9dcd-e119372c528a"
        ],
        "Server": [
          "Microsoft-HTTPAPI/2.0"
        ],
        "x-ms-ratelimit-remaining-subscription-reads": [
          "11992"
        ],
        "x-ms-correlation-request-id": [
          "8c49263a-6c2a-4a54-976e-4e7093be49f7"
        ],
        "x-ms-routing-request-id": [
          "WESTCENTRALUS:20210317T050950Z:8c49263a-6c2a-4a54-976e-4e7093be49f7"
        ],
        "Strict-Transport-Security": [
          "max-age=31536000; includeSubDomains"
        ],
        "X-Content-Type-Options": [
          "nosniff"
        ],
        "Date": [
          "Wed, 17 Mar 2021 05:09:49 GMT"
        ],
        "Content-Length": [
          "106"
        ],
        "Content-Type": [
          "application/json; charset=utf-8"
        ],
        "Expires": [
          "-1"
        ]
      },
      "ResponseBody": "{\r\n  \"name\": \"b82c2a4a-d0d7-4311-ac34-15ba837ad8a9\",\r\n  \"status\": \"Succeeded\",\r\n  \"startTime\": \"2021-03-17T05:09:03.31Z\"\r\n}",
      "StatusCode": 200
    },
    {
      "RequestUri": "/subscriptions/412b782d-2511-4c6d-98f2-3ea01b1c83c3/resourceGroups/ps1016/providers/Microsoft.Sql/servers/ps1514/databases/ps1253?api-version=2020-11-01-preview",
      "EncodedRequestUri": "L3N1YnNjcmlwdGlvbnMvNDEyYjc4MmQtMjUxMS00YzZkLTk4ZjItM2VhMDFiMWM4M2MzL3Jlc291cmNlR3JvdXBzL3BzMTAxNi9wcm92aWRlcnMvTWljcm9zb2Z0LlNxbC9zZXJ2ZXJzL3BzMTUxNC9kYXRhYmFzZXMvcHMxMjUzP2FwaS12ZXJzaW9uPTIwMjAtMTEtMDEtcHJldmlldw==",
      "RequestMethod": "GET",
      "RequestBody": "",
      "RequestHeaders": {
        "x-ms-client-request-id": [
          "6df8b593-3242-4454-bbd2-194bc4250f5c"
        ],
        "Accept-Language": [
          "en-US"
        ],
        "User-Agent": [
          "FxVersion/4.6.29812.02",
          "OSName/Windows",
          "OSVersion/Microsoft.Windows.10.0.14393.",
          "Microsoft.Azure.Management.Sql.SqlManagementClient/1.50.0.0"
        ]
      },
      "ResponseHeaders": {
        "Cache-Control": [
          "no-cache"
        ],
        "Pragma": [
          "no-cache"
        ],
        "x-ms-failure-cause": [
          "gateway"
        ],
        "x-ms-request-id": [
          "66e748e5-1985-40c0-b515-40005a97abdb"
        ],
        "x-ms-correlation-request-id": [
          "66e748e5-1985-40c0-b515-40005a97abdb"
        ],
        "x-ms-routing-request-id": [
          "WESTCENTRALUS:20210317T050950Z:66e748e5-1985-40c0-b515-40005a97abdb"
        ],
        "Strict-Transport-Security": [
          "max-age=31536000; includeSubDomains"
        ],
        "X-Content-Type-Options": [
          "nosniff"
        ],
        "Date": [
          "Wed, 17 Mar 2021 05:09:49 GMT"
        ],
        "Content-Type": [
          "application/json; charset=utf-8"
        ],
        "Expires": [
          "-1"
        ],
        "Content-Length": [
          "223"
        ]
      },
      "ResponseBody": "{\r\n  \"error\": {\r\n    \"code\": \"ResourceNotFound\",\r\n    \"message\": \"The Resource 'Microsoft.Sql/servers/ps1514/databases/ps1253' under resource group 'ps1016' was not found. For more details please go to https://aka.ms/ARMResourceNotFoundFix\"\r\n  }\r\n}",
      "StatusCode": 404
    },
    {
      "RequestUri": "/subscriptions/412b782d-2511-4c6d-98f2-3ea01b1c83c3/resourceGroups/ps1016/providers/Microsoft.Sql/servers/ps1514/databases/ps1253?api-version=2020-11-01-preview",
      "EncodedRequestUri": "L3N1YnNjcmlwdGlvbnMvNDEyYjc4MmQtMjUxMS00YzZkLTk4ZjItM2VhMDFiMWM4M2MzL3Jlc291cmNlR3JvdXBzL3BzMTAxNi9wcm92aWRlcnMvTWljcm9zb2Z0LlNxbC9zZXJ2ZXJzL3BzMTUxNC9kYXRhYmFzZXMvcHMxMjUzP2FwaS12ZXJzaW9uPTIwMjAtMTEtMDEtcHJldmlldw==",
      "RequestMethod": "GET",
      "RequestBody": "",
      "RequestHeaders": {
        "x-ms-client-request-id": [
          "6df8b593-3242-4454-bbd2-194bc4250f5c"
        ],
        "User-Agent": [
          "FxVersion/4.6.29812.02",
          "OSName/Windows",
          "OSVersion/Microsoft.Windows.10.0.14393.",
          "Microsoft.Azure.Management.Sql.SqlManagementClient/1.50.0.0"
        ]
      },
      "ResponseHeaders": {
        "Cache-Control": [
          "no-cache"
        ],
        "Pragma": [
          "no-cache"
        ],
        "x-ms-request-id": [
          "93d3f456-c497-4caa-98fe-c873873ae6e3"
        ],
        "Server": [
          "Microsoft-HTTPAPI/2.0"
        ],
        "x-ms-ratelimit-remaining-subscription-reads": [
          "11984"
        ],
        "x-ms-correlation-request-id": [
          "120080a1-f322-4432-98f2-664c2fe8b0c5"
        ],
        "x-ms-routing-request-id": [
          "WESTCENTRALUS:20210317T051041Z:120080a1-f322-4432-98f2-664c2fe8b0c5"
        ],
        "Strict-Transport-Security": [
          "max-age=31536000; includeSubDomains"
        ],
        "X-Content-Type-Options": [
          "nosniff"
        ],
        "Date": [
          "Wed, 17 Mar 2021 05:10:40 GMT"
        ],
        "Content-Length": [
          "1130"
        ],
        "Content-Type": [
          "application/json; charset=utf-8"
        ],
        "Expires": [
          "-1"
        ]
      },
      "ResponseBody": "{\r\n  \"sku\": {\r\n    \"name\": \"GP_Gen5\",\r\n    \"tier\": \"GeneralPurpose\",\r\n    \"family\": \"Gen5\",\r\n    \"capacity\": 2\r\n  },\r\n  \"kind\": \"v12.0,user,vcore\",\r\n  \"properties\": {\r\n    \"collation\": \"SQL_Latin1_General_CP1_CI_AS\",\r\n    \"maxSizeBytes\": 34359738368,\r\n    \"status\": \"Online\",\r\n    \"databaseId\": \"cb960671-80f5-43ef-9624-fae7114df272\",\r\n    \"creationDate\": \"2021-03-17T05:10:37.2Z\",\r\n    \"currentServiceObjectiveName\": \"GP_Gen5_2\",\r\n    \"requestedServiceObjectiveName\": \"GP_Gen5_2\",\r\n    \"defaultSecondaryLocation\": \"eastasia\",\r\n    \"catalogCollation\": \"SQL_Latin1_General_CP1_CI_AS\",\r\n    \"zoneRedundant\": false,\r\n    \"licenseType\": \"LicenseIncluded\",\r\n    \"maxLogSizeBytes\": 68719476736,\r\n    \"readScale\": \"Disabled\",\r\n    \"currentSku\": {\r\n      \"name\": \"GP_Gen5\",\r\n      \"tier\": \"GeneralPurpose\",\r\n      \"family\": \"Gen5\",\r\n      \"capacity\": 2\r\n    },\r\n    \"currentBackupStorageRedundancy\": \"Local\",\r\n    \"requestedBackupStorageRedundancy\": \"Local\",\r\n    \"maintenanceConfigurationId\": \"/subscriptions/412b782d-2511-4c6d-98f2-3ea01b1c83c3/providers/Microsoft.Maintenance/publicMaintenanceConfigurations/SQL_Default\"\r\n  },\r\n  \"location\": \"southeastasia\",\r\n  \"id\": \"/subscriptions/412b782d-2511-4c6d-98f2-3ea01b1c83c3/resourceGroups/ps1016/providers/Microsoft.Sql/servers/ps1514/databases/ps1253\",\r\n  \"name\": \"ps1253\",\r\n  \"type\": \"Microsoft.Sql/servers/databases\"\r\n}",
      "StatusCode": 200
    },
    {
      "RequestUri": "/subscriptions/412b782d-2511-4c6d-98f2-3ea01b1c83c3/resourceGroups/ps1016/providers/Microsoft.Sql/servers/ps1514/databases/ps1253?api-version=2020-11-01-preview",
      "EncodedRequestUri": "L3N1YnNjcmlwdGlvbnMvNDEyYjc4MmQtMjUxMS00YzZkLTk4ZjItM2VhMDFiMWM4M2MzL3Jlc291cmNlR3JvdXBzL3BzMTAxNi9wcm92aWRlcnMvTWljcm9zb2Z0LlNxbC9zZXJ2ZXJzL3BzMTUxNC9kYXRhYmFzZXMvcHMxMjUzP2FwaS12ZXJzaW9uPTIwMjAtMTEtMDEtcHJldmlldw==",
      "RequestMethod": "PUT",
      "RequestBody": "{\r\n  \"properties\": {\r\n    \"maxSizeBytes\": 0,\r\n    \"readScale\": \"\",\r\n    \"requestedBackupStorageRedundancy\": \"Local\"\r\n  },\r\n  \"location\": \"southeastasia\"\r\n}",
      "RequestHeaders": {
        "x-ms-client-request-id": [
          "6df8b593-3242-4454-bbd2-194bc4250f5c"
        ],
        "Accept-Language": [
          "en-US"
        ],
        "User-Agent": [
          "FxVersion/4.6.29812.02",
          "OSName/Windows",
          "OSVersion/Microsoft.Windows.10.0.14393.",
          "Microsoft.Azure.Management.Sql.SqlManagementClient/1.50.0.0"
        ],
        "Content-Type": [
          "application/json; charset=utf-8"
        ],
        "Content-Length": [
          "155"
        ]
      },
      "ResponseHeaders": {
        "Cache-Control": [
          "no-cache"
        ],
        "Pragma": [
          "no-cache"
        ],
        "Location": [
          "https://management.azure.com/subscriptions/412b782d-2511-4c6d-98f2-3ea01b1c83c3/resourceGroups/ps1016/providers/Microsoft.Sql/locations/southeastasia/databaseOperationResults/3e393085-ed01-4e9b-bfac-c92b4b4ffb80?api-version=2020-11-01-preview"
        ],
        "Retry-After": [
          "15"
        ],
        "Azure-AsyncOperation": [
          "https://management.azure.com/subscriptions/412b782d-2511-4c6d-98f2-3ea01b1c83c3/resourceGroups/ps1016/providers/Microsoft.Sql/locations/southeastasia/databaseAzureAsyncOperation/3e393085-ed01-4e9b-bfac-c92b4b4ffb80?api-version=2020-11-01-preview"
        ],
        "x-ms-request-id": [
          "3e393085-ed01-4e9b-bfac-c92b4b4ffb80"
        ],
        "Server": [
          "Microsoft-HTTPAPI/2.0"
        ],
        "x-ms-ratelimit-remaining-subscription-writes": [
          "1198"
        ],
        "x-ms-correlation-request-id": [
          "b990d004-758c-4810-8606-2a8a1c7f6a27"
        ],
        "x-ms-routing-request-id": [
          "WESTCENTRALUS:20210317T050955Z:b990d004-758c-4810-8606-2a8a1c7f6a27"
        ],
        "Strict-Transport-Security": [
          "max-age=31536000; includeSubDomains"
        ],
        "X-Content-Type-Options": [
          "nosniff"
        ],
        "Date": [
          "Wed, 17 Mar 2021 05:09:54 GMT"
        ],
        "Content-Length": [
          "75"
        ],
        "Content-Type": [
          "application/json; charset=utf-8"
        ],
        "Expires": [
          "-1"
        ]
      },
      "ResponseBody": "{\r\n  \"operation\": \"CreateLogicalDatabase\",\r\n  \"startTime\": \"2021-03-17T05:09:54.95Z\"\r\n}",
      "StatusCode": 202
    },
    {
      "RequestUri": "/subscriptions/412b782d-2511-4c6d-98f2-3ea01b1c83c3/resourceGroups/ps1016/providers/Microsoft.Sql/locations/southeastasia/databaseAzureAsyncOperation/3e393085-ed01-4e9b-bfac-c92b4b4ffb80?api-version=2020-11-01-preview",
      "EncodedRequestUri": "L3N1YnNjcmlwdGlvbnMvNDEyYjc4MmQtMjUxMS00YzZkLTk4ZjItM2VhMDFiMWM4M2MzL3Jlc291cmNlR3JvdXBzL3BzMTAxNi9wcm92aWRlcnMvTWljcm9zb2Z0LlNxbC9sb2NhdGlvbnMvc291dGhlYXN0YXNpYS9kYXRhYmFzZUF6dXJlQXN5bmNPcGVyYXRpb24vM2UzOTMwODUtZWQwMS00ZTliLWJmYWMtYzkyYjRiNGZmYjgwP2FwaS12ZXJzaW9uPTIwMjAtMTEtMDEtcHJldmlldw==",
      "RequestMethod": "GET",
      "RequestBody": "",
      "RequestHeaders": {
        "x-ms-client-request-id": [
          "6df8b593-3242-4454-bbd2-194bc4250f5c"
        ],
        "User-Agent": [
          "FxVersion/4.6.29812.02",
          "OSName/Windows",
          "OSVersion/Microsoft.Windows.10.0.14393.",
          "Microsoft.Azure.Management.Sql.SqlManagementClient/1.50.0.0"
        ]
      },
      "ResponseHeaders": {
        "Cache-Control": [
          "no-cache"
        ],
        "Pragma": [
          "no-cache"
        ],
        "Retry-After": [
          "15"
        ],
        "x-ms-request-id": [
          "a457e546-ee63-45bd-a762-129bed363bd2"
        ],
        "Server": [
          "Microsoft-HTTPAPI/2.0"
        ],
        "x-ms-ratelimit-remaining-subscription-reads": [
          "11987"
        ],
        "x-ms-correlation-request-id": [
          "1048b8ec-f605-4745-8737-2b82179248cb"
        ],
        "x-ms-routing-request-id": [
          "WESTCENTRALUS:20210317T051010Z:1048b8ec-f605-4745-8737-2b82179248cb"
        ],
        "Strict-Transport-Security": [
          "max-age=31536000; includeSubDomains"
        ],
        "X-Content-Type-Options": [
          "nosniff"
        ],
        "Date": [
          "Wed, 17 Mar 2021 05:10:09 GMT"
        ],
        "Content-Length": [
          "107"
        ],
        "Content-Type": [
          "application/json; charset=utf-8"
        ],
        "Expires": [
          "-1"
        ]
      },
      "ResponseBody": "{\r\n  \"name\": \"3e393085-ed01-4e9b-bfac-c92b4b4ffb80\",\r\n  \"status\": \"InProgress\",\r\n  \"startTime\": \"2021-03-17T05:09:54.95Z\"\r\n}",
      "StatusCode": 200
    },
    {
      "RequestUri": "/subscriptions/412b782d-2511-4c6d-98f2-3ea01b1c83c3/resourceGroups/ps1016/providers/Microsoft.Sql/locations/southeastasia/databaseAzureAsyncOperation/3e393085-ed01-4e9b-bfac-c92b4b4ffb80?api-version=2020-11-01-preview",
      "EncodedRequestUri": "L3N1YnNjcmlwdGlvbnMvNDEyYjc4MmQtMjUxMS00YzZkLTk4ZjItM2VhMDFiMWM4M2MzL3Jlc291cmNlR3JvdXBzL3BzMTAxNi9wcm92aWRlcnMvTWljcm9zb2Z0LlNxbC9sb2NhdGlvbnMvc291dGhlYXN0YXNpYS9kYXRhYmFzZUF6dXJlQXN5bmNPcGVyYXRpb24vM2UzOTMwODUtZWQwMS00ZTliLWJmYWMtYzkyYjRiNGZmYjgwP2FwaS12ZXJzaW9uPTIwMjAtMTEtMDEtcHJldmlldw==",
      "RequestMethod": "GET",
      "RequestBody": "",
      "RequestHeaders": {
        "x-ms-client-request-id": [
          "6df8b593-3242-4454-bbd2-194bc4250f5c"
        ],
        "User-Agent": [
          "FxVersion/4.6.29812.02",
          "OSName/Windows",
          "OSVersion/Microsoft.Windows.10.0.14393.",
          "Microsoft.Azure.Management.Sql.SqlManagementClient/1.50.0.0"
        ]
      },
      "ResponseHeaders": {
        "Cache-Control": [
          "no-cache"
        ],
        "Pragma": [
          "no-cache"
        ],
        "Retry-After": [
          "15"
        ],
        "x-ms-request-id": [
          "48e8ec71-8a17-49e5-bb92-80e952cf1e00"
        ],
        "Server": [
          "Microsoft-HTTPAPI/2.0"
        ],
        "x-ms-ratelimit-remaining-subscription-reads": [
          "11986"
        ],
        "x-ms-correlation-request-id": [
          "9b068d5a-2b80-4f49-9351-b84be883eb74"
        ],
        "x-ms-routing-request-id": [
          "WESTCENTRALUS:20210317T051025Z:9b068d5a-2b80-4f49-9351-b84be883eb74"
        ],
        "Strict-Transport-Security": [
          "max-age=31536000; includeSubDomains"
        ],
        "X-Content-Type-Options": [
          "nosniff"
        ],
        "Date": [
          "Wed, 17 Mar 2021 05:10:25 GMT"
        ],
        "Content-Length": [
          "107"
        ],
        "Content-Type": [
          "application/json; charset=utf-8"
        ],
        "Expires": [
          "-1"
        ]
      },
      "ResponseBody": "{\r\n  \"name\": \"3e393085-ed01-4e9b-bfac-c92b4b4ffb80\",\r\n  \"status\": \"InProgress\",\r\n  \"startTime\": \"2021-03-17T05:09:54.95Z\"\r\n}",
      "StatusCode": 200
    },
    {
      "RequestUri": "/subscriptions/412b782d-2511-4c6d-98f2-3ea01b1c83c3/resourceGroups/ps1016/providers/Microsoft.Sql/locations/southeastasia/databaseAzureAsyncOperation/3e393085-ed01-4e9b-bfac-c92b4b4ffb80?api-version=2020-11-01-preview",
      "EncodedRequestUri": "L3N1YnNjcmlwdGlvbnMvNDEyYjc4MmQtMjUxMS00YzZkLTk4ZjItM2VhMDFiMWM4M2MzL3Jlc291cmNlR3JvdXBzL3BzMTAxNi9wcm92aWRlcnMvTWljcm9zb2Z0LlNxbC9sb2NhdGlvbnMvc291dGhlYXN0YXNpYS9kYXRhYmFzZUF6dXJlQXN5bmNPcGVyYXRpb24vM2UzOTMwODUtZWQwMS00ZTliLWJmYWMtYzkyYjRiNGZmYjgwP2FwaS12ZXJzaW9uPTIwMjAtMTEtMDEtcHJldmlldw==",
      "RequestMethod": "GET",
      "RequestBody": "",
      "RequestHeaders": {
        "x-ms-client-request-id": [
          "6df8b593-3242-4454-bbd2-194bc4250f5c"
        ],
        "User-Agent": [
          "FxVersion/4.6.29812.02",
          "OSName/Windows",
          "OSVersion/Microsoft.Windows.10.0.14393.",
          "Microsoft.Azure.Management.Sql.SqlManagementClient/1.50.0.0"
        ]
      },
      "ResponseHeaders": {
        "Cache-Control": [
          "no-cache"
        ],
        "Pragma": [
          "no-cache"
        ],
        "Retry-After": [
          "15"
        ],
        "x-ms-request-id": [
          "49073c64-ee34-4f7a-b901-5d1332179cf8"
        ],
        "Server": [
          "Microsoft-HTTPAPI/2.0"
        ],
        "x-ms-ratelimit-remaining-subscription-reads": [
          "11985"
        ],
        "x-ms-correlation-request-id": [
          "a8224cef-e129-4de4-beb2-e862c7a5cd73"
        ],
        "x-ms-routing-request-id": [
          "WESTCENTRALUS:20210317T051040Z:a8224cef-e129-4de4-beb2-e862c7a5cd73"
        ],
        "Strict-Transport-Security": [
          "max-age=31536000; includeSubDomains"
        ],
        "X-Content-Type-Options": [
          "nosniff"
        ],
        "Date": [
          "Wed, 17 Mar 2021 05:10:40 GMT"
        ],
        "Content-Length": [
          "106"
        ],
        "Content-Type": [
          "application/json; charset=utf-8"
        ],
        "Expires": [
          "-1"
        ]
      },
      "ResponseBody": "{\r\n  \"name\": \"3e393085-ed01-4e9b-bfac-c92b4b4ffb80\",\r\n  \"status\": \"Succeeded\",\r\n  \"startTime\": \"2021-03-17T05:09:54.95Z\"\r\n}",
      "StatusCode": 200
    },
    {
      "RequestUri": "/subscriptions/412b782d-2511-4c6d-98f2-3ea01b1c83c3/resourcegroups/ps1016?api-version=2016-09-01",
      "EncodedRequestUri": "L3N1YnNjcmlwdGlvbnMvNDEyYjc4MmQtMjUxMS00YzZkLTk4ZjItM2VhMDFiMWM4M2MzL3Jlc291cmNlZ3JvdXBzL3BzMTAxNj9hcGktdmVyc2lvbj0yMDE2LTA5LTAx",
      "RequestMethod": "DELETE",
      "RequestBody": "",
      "RequestHeaders": {
        "x-ms-client-request-id": [
          "51ad004e-5291-44a3-a9cf-cf836101c281"
        ],
        "Accept-Language": [
          "en-US"
        ],
        "User-Agent": [
          "FxVersion/4.6.29812.02",
          "OSName/Windows",
          "OSVersion/Microsoft.Windows.10.0.14393.",
          "Microsoft.Azure.Management.Internal.Resources.ResourceManagementClient/1.3.31"
        ]
      },
      "ResponseHeaders": {
        "Cache-Control": [
          "no-cache"
        ],
        "Pragma": [
          "no-cache"
        ],
        "Location": [
          "https://management.azure.com/subscriptions/412b782d-2511-4c6d-98f2-3ea01b1c83c3/operationresults/eyJqb2JJZCI6IlJFU09VUkNFR1JPVVBERUxFVElPTkpPQi1QUzEwMTYtU09VVEhFQVNUQVNJQSIsImpvYkxvY2F0aW9uIjoic291dGhlYXN0YXNpYSJ9?api-version=2016-09-01"
        ],
        "Retry-After": [
          "15"
        ],
        "x-ms-ratelimit-remaining-subscription-deletes": [
          "14999"
        ],
        "x-ms-request-id": [
          "eb109c91-af8c-4d00-98d2-5b387bc8b2dc"
        ],
        "x-ms-correlation-request-id": [
          "eb109c91-af8c-4d00-98d2-5b387bc8b2dc"
        ],
        "x-ms-routing-request-id": [
          "WESTCENTRALUS:20210317T051044Z:eb109c91-af8c-4d00-98d2-5b387bc8b2dc"
        ],
        "Strict-Transport-Security": [
          "max-age=31536000; includeSubDomains"
        ],
        "X-Content-Type-Options": [
          "nosniff"
        ],
        "Date": [
          "Wed, 17 Mar 2021 05:10:44 GMT"
        ],
        "Expires": [
          "-1"
        ],
        "Content-Length": [
          "0"
        ]
      },
      "ResponseBody": "",
      "StatusCode": 202
    },
    {
      "RequestUri": "/subscriptions/412b782d-2511-4c6d-98f2-3ea01b1c83c3/operationresults/eyJqb2JJZCI6IlJFU09VUkNFR1JPVVBERUxFVElPTkpPQi1QUzEwMTYtU09VVEhFQVNUQVNJQSIsImpvYkxvY2F0aW9uIjoic291dGhlYXN0YXNpYSJ9?api-version=2016-09-01",
      "EncodedRequestUri": "L3N1YnNjcmlwdGlvbnMvNDEyYjc4MmQtMjUxMS00YzZkLTk4ZjItM2VhMDFiMWM4M2MzL29wZXJhdGlvbnJlc3VsdHMvZXlKcWIySkpaQ0k2SWxKRlUwOVZVa05GUjFKUFZWQkVSVXhGVkVsUFRrcFBRaTFRVXpFd01UWXRVMDlWVkVoRlFWTlVRVk5KUVNJc0ltcHZZa3h2WTJGMGFXOXVJam9pYzI5MWRHaGxZWE4wWVhOcFlTSjk/YXBpLXZlcnNpb249MjAxNi0wOS0wMQ==",
      "RequestMethod": "GET",
      "RequestBody": "",
      "RequestHeaders": {
        "User-Agent": [
          "FxVersion/4.6.29812.02",
          "OSName/Windows",
          "OSVersion/Microsoft.Windows.10.0.14393.",
          "Microsoft.Azure.Management.Internal.Resources.ResourceManagementClient/1.3.31"
        ]
      },
      "ResponseHeaders": {
        "Cache-Control": [
          "no-cache"
        ],
        "Pragma": [
          "no-cache"
        ],
        "Location": [
          "https://management.azure.com/subscriptions/412b782d-2511-4c6d-98f2-3ea01b1c83c3/operationresults/eyJqb2JJZCI6IlJFU09VUkNFR1JPVVBERUxFVElPTkpPQi1QUzEwMTYtU09VVEhFQVNUQVNJQSIsImpvYkxvY2F0aW9uIjoic291dGhlYXN0YXNpYSJ9?api-version=2016-09-01"
        ],
        "Retry-After": [
          "15"
        ],
        "x-ms-ratelimit-remaining-subscription-reads": [
          "11999"
        ],
        "x-ms-request-id": [
          "8800b8ab-185b-43f6-87e6-53d545c7feb1"
        ],
        "x-ms-correlation-request-id": [
          "8800b8ab-185b-43f6-87e6-53d545c7feb1"
        ],
        "x-ms-routing-request-id": [
          "WESTCENTRALUS:20210317T051100Z:8800b8ab-185b-43f6-87e6-53d545c7feb1"
        ],
        "Strict-Transport-Security": [
          "max-age=31536000; includeSubDomains"
        ],
        "X-Content-Type-Options": [
          "nosniff"
        ],
        "Date": [
          "Wed, 17 Mar 2021 05:10:59 GMT"
        ],
        "Expires": [
          "-1"
        ],
        "Content-Length": [
          "0"
        ]
      },
      "ResponseBody": "",
      "StatusCode": 202
    },
    {
      "RequestUri": "/subscriptions/412b782d-2511-4c6d-98f2-3ea01b1c83c3/operationresults/eyJqb2JJZCI6IlJFU09VUkNFR1JPVVBERUxFVElPTkpPQi1QUzEwMTYtU09VVEhFQVNUQVNJQSIsImpvYkxvY2F0aW9uIjoic291dGhlYXN0YXNpYSJ9?api-version=2016-09-01",
      "EncodedRequestUri": "L3N1YnNjcmlwdGlvbnMvNDEyYjc4MmQtMjUxMS00YzZkLTk4ZjItM2VhMDFiMWM4M2MzL29wZXJhdGlvbnJlc3VsdHMvZXlKcWIySkpaQ0k2SWxKRlUwOVZVa05GUjFKUFZWQkVSVXhGVkVsUFRrcFBRaTFRVXpFd01UWXRVMDlWVkVoRlFWTlVRVk5KUVNJc0ltcHZZa3h2WTJGMGFXOXVJam9pYzI5MWRHaGxZWE4wWVhOcFlTSjk/YXBpLXZlcnNpb249MjAxNi0wOS0wMQ==",
      "RequestMethod": "GET",
      "RequestBody": "",
      "RequestHeaders": {
        "User-Agent": [
          "FxVersion/4.6.29812.02",
          "OSName/Windows",
          "OSVersion/Microsoft.Windows.10.0.14393.",
          "Microsoft.Azure.Management.Internal.Resources.ResourceManagementClient/1.3.31"
        ]
      },
      "ResponseHeaders": {
        "Cache-Control": [
          "no-cache"
        ],
        "Pragma": [
          "no-cache"
        ],
        "Location": [
          "https://management.azure.com/subscriptions/412b782d-2511-4c6d-98f2-3ea01b1c83c3/operationresults/eyJqb2JJZCI6IlJFU09VUkNFR1JPVVBERUxFVElPTkpPQi1QUzEwMTYtU09VVEhFQVNUQVNJQSIsImpvYkxvY2F0aW9uIjoic291dGhlYXN0YXNpYSJ9?api-version=2016-09-01"
        ],
        "Retry-After": [
          "15"
        ],
        "x-ms-ratelimit-remaining-subscription-reads": [
          "11998"
        ],
        "x-ms-request-id": [
          "d9aecdad-ba6d-4c36-a23b-3b9f01f44c22"
        ],
        "x-ms-correlation-request-id": [
          "d9aecdad-ba6d-4c36-a23b-3b9f01f44c22"
        ],
        "x-ms-routing-request-id": [
          "WESTCENTRALUS:20210317T051115Z:d9aecdad-ba6d-4c36-a23b-3b9f01f44c22"
        ],
        "Strict-Transport-Security": [
          "max-age=31536000; includeSubDomains"
        ],
        "X-Content-Type-Options": [
          "nosniff"
        ],
        "Date": [
          "Wed, 17 Mar 2021 05:11:15 GMT"
        ],
        "Expires": [
          "-1"
        ],
        "Content-Length": [
          "0"
        ]
      },
      "ResponseBody": "",
      "StatusCode": 202
    },
    {
      "RequestUri": "/subscriptions/412b782d-2511-4c6d-98f2-3ea01b1c83c3/operationresults/eyJqb2JJZCI6IlJFU09VUkNFR1JPVVBERUxFVElPTkpPQi1QUzEwMTYtU09VVEhFQVNUQVNJQSIsImpvYkxvY2F0aW9uIjoic291dGhlYXN0YXNpYSJ9?api-version=2016-09-01",
      "EncodedRequestUri": "L3N1YnNjcmlwdGlvbnMvNDEyYjc4MmQtMjUxMS00YzZkLTk4ZjItM2VhMDFiMWM4M2MzL29wZXJhdGlvbnJlc3VsdHMvZXlKcWIySkpaQ0k2SWxKRlUwOVZVa05GUjFKUFZWQkVSVXhGVkVsUFRrcFBRaTFRVXpFd01UWXRVMDlWVkVoRlFWTlVRVk5KUVNJc0ltcHZZa3h2WTJGMGFXOXVJam9pYzI5MWRHaGxZWE4wWVhOcFlTSjk/YXBpLXZlcnNpb249MjAxNi0wOS0wMQ==",
      "RequestMethod": "GET",
      "RequestBody": "",
      "RequestHeaders": {
        "User-Agent": [
          "FxVersion/4.6.29812.02",
          "OSName/Windows",
          "OSVersion/Microsoft.Windows.10.0.14393.",
          "Microsoft.Azure.Management.Internal.Resources.ResourceManagementClient/1.3.31"
        ]
      },
      "ResponseHeaders": {
        "Cache-Control": [
          "no-cache"
        ],
        "Pragma": [
          "no-cache"
        ],
        "Location": [
          "https://management.azure.com/subscriptions/412b782d-2511-4c6d-98f2-3ea01b1c83c3/operationresults/eyJqb2JJZCI6IlJFU09VUkNFR1JPVVBERUxFVElPTkpPQi1QUzEwMTYtU09VVEhFQVNUQVNJQSIsImpvYkxvY2F0aW9uIjoic291dGhlYXN0YXNpYSJ9?api-version=2016-09-01"
        ],
        "Retry-After": [
          "15"
        ],
        "x-ms-ratelimit-remaining-subscription-reads": [
          "11997"
        ],
        "x-ms-request-id": [
          "7463fa9a-3e20-4548-828a-84b92c1b867d"
        ],
        "x-ms-correlation-request-id": [
          "7463fa9a-3e20-4548-828a-84b92c1b867d"
        ],
        "x-ms-routing-request-id": [
          "WESTCENTRALUS:20210317T051131Z:7463fa9a-3e20-4548-828a-84b92c1b867d"
        ],
        "Strict-Transport-Security": [
          "max-age=31536000; includeSubDomains"
        ],
        "X-Content-Type-Options": [
          "nosniff"
        ],
        "Date": [
          "Wed, 17 Mar 2021 05:11:30 GMT"
        ],
        "Expires": [
          "-1"
        ],
        "Content-Length": [
          "0"
        ]
      },
      "ResponseBody": "",
      "StatusCode": 202
    },
    {
      "RequestUri": "/subscriptions/412b782d-2511-4c6d-98f2-3ea01b1c83c3/operationresults/eyJqb2JJZCI6IlJFU09VUkNFR1JPVVBERUxFVElPTkpPQi1QUzEwMTYtU09VVEhFQVNUQVNJQSIsImpvYkxvY2F0aW9uIjoic291dGhlYXN0YXNpYSJ9?api-version=2016-09-01",
      "EncodedRequestUri": "L3N1YnNjcmlwdGlvbnMvNDEyYjc4MmQtMjUxMS00YzZkLTk4ZjItM2VhMDFiMWM4M2MzL29wZXJhdGlvbnJlc3VsdHMvZXlKcWIySkpaQ0k2SWxKRlUwOVZVa05GUjFKUFZWQkVSVXhGVkVsUFRrcFBRaTFRVXpFd01UWXRVMDlWVkVoRlFWTlVRVk5KUVNJc0ltcHZZa3h2WTJGMGFXOXVJam9pYzI5MWRHaGxZWE4wWVhOcFlTSjk/YXBpLXZlcnNpb249MjAxNi0wOS0wMQ==",
      "RequestMethod": "GET",
      "RequestBody": "",
      "RequestHeaders": {
        "User-Agent": [
          "FxVersion/4.6.29812.02",
          "OSName/Windows",
          "OSVersion/Microsoft.Windows.10.0.14393.",
          "Microsoft.Azure.Management.Internal.Resources.ResourceManagementClient/1.3.31"
        ]
      },
      "ResponseHeaders": {
        "Cache-Control": [
          "no-cache"
        ],
        "Pragma": [
          "no-cache"
        ],
        "Location": [
          "https://management.azure.com/subscriptions/412b782d-2511-4c6d-98f2-3ea01b1c83c3/operationresults/eyJqb2JJZCI6IlJFU09VUkNFR1JPVVBERUxFVElPTkpPQi1QUzEwMTYtU09VVEhFQVNUQVNJQSIsImpvYkxvY2F0aW9uIjoic291dGhlYXN0YXNpYSJ9?api-version=2016-09-01"
        ],
        "Retry-After": [
          "15"
        ],
        "x-ms-ratelimit-remaining-subscription-reads": [
          "11996"
        ],
        "x-ms-request-id": [
          "6c95c6bb-32df-4fe0-9f85-48c461ad3f6b"
        ],
        "x-ms-correlation-request-id": [
          "6c95c6bb-32df-4fe0-9f85-48c461ad3f6b"
        ],
        "x-ms-routing-request-id": [
          "WESTCENTRALUS:20210317T051146Z:6c95c6bb-32df-4fe0-9f85-48c461ad3f6b"
        ],
        "Strict-Transport-Security": [
          "max-age=31536000; includeSubDomains"
        ],
        "X-Content-Type-Options": [
          "nosniff"
        ],
        "Date": [
          "Wed, 17 Mar 2021 05:11:45 GMT"
        ],
        "Expires": [
          "-1"
        ],
        "Content-Length": [
          "0"
        ]
      },
      "ResponseBody": "",
      "StatusCode": 202
    },
    {
      "RequestUri": "/subscriptions/412b782d-2511-4c6d-98f2-3ea01b1c83c3/operationresults/eyJqb2JJZCI6IlJFU09VUkNFR1JPVVBERUxFVElPTkpPQi1QUzEwMTYtU09VVEhFQVNUQVNJQSIsImpvYkxvY2F0aW9uIjoic291dGhlYXN0YXNpYSJ9?api-version=2016-09-01",
      "EncodedRequestUri": "L3N1YnNjcmlwdGlvbnMvNDEyYjc4MmQtMjUxMS00YzZkLTk4ZjItM2VhMDFiMWM4M2MzL29wZXJhdGlvbnJlc3VsdHMvZXlKcWIySkpaQ0k2SWxKRlUwOVZVa05GUjFKUFZWQkVSVXhGVkVsUFRrcFBRaTFRVXpFd01UWXRVMDlWVkVoRlFWTlVRVk5KUVNJc0ltcHZZa3h2WTJGMGFXOXVJam9pYzI5MWRHaGxZWE4wWVhOcFlTSjk/YXBpLXZlcnNpb249MjAxNi0wOS0wMQ==",
      "RequestMethod": "GET",
      "RequestBody": "",
      "RequestHeaders": {
        "User-Agent": [
          "FxVersion/4.6.29812.02",
          "OSName/Windows",
          "OSVersion/Microsoft.Windows.10.0.14393.",
          "Microsoft.Azure.Management.Internal.Resources.ResourceManagementClient/1.3.31"
        ]
      },
      "ResponseHeaders": {
        "Cache-Control": [
          "no-cache"
        ],
        "Pragma": [
          "no-cache"
        ],
        "Location": [
          "https://management.azure.com/subscriptions/412b782d-2511-4c6d-98f2-3ea01b1c83c3/operationresults/eyJqb2JJZCI6IlJFU09VUkNFR1JPVVBERUxFVElPTkpPQi1QUzEwMTYtU09VVEhFQVNUQVNJQSIsImpvYkxvY2F0aW9uIjoic291dGhlYXN0YXNpYSJ9?api-version=2016-09-01"
        ],
        "Retry-After": [
          "15"
        ],
        "x-ms-ratelimit-remaining-subscription-reads": [
          "11995"
        ],
        "x-ms-request-id": [
          "463953c4-3d06-48ba-ba72-3f1a01ff972b"
        ],
        "x-ms-correlation-request-id": [
          "463953c4-3d06-48ba-ba72-3f1a01ff972b"
        ],
        "x-ms-routing-request-id": [
          "WESTCENTRALUS:20210317T051202Z:463953c4-3d06-48ba-ba72-3f1a01ff972b"
        ],
        "Strict-Transport-Security": [
          "max-age=31536000; includeSubDomains"
        ],
        "X-Content-Type-Options": [
          "nosniff"
        ],
        "Date": [
          "Wed, 17 Mar 2021 05:12:01 GMT"
        ],
        "Expires": [
          "-1"
        ],
        "Content-Length": [
          "0"
        ]
      },
      "ResponseBody": "",
      "StatusCode": 202
    },
    {
      "RequestUri": "/subscriptions/412b782d-2511-4c6d-98f2-3ea01b1c83c3/operationresults/eyJqb2JJZCI6IlJFU09VUkNFR1JPVVBERUxFVElPTkpPQi1QUzEwMTYtU09VVEhFQVNUQVNJQSIsImpvYkxvY2F0aW9uIjoic291dGhlYXN0YXNpYSJ9?api-version=2016-09-01",
      "EncodedRequestUri": "L3N1YnNjcmlwdGlvbnMvNDEyYjc4MmQtMjUxMS00YzZkLTk4ZjItM2VhMDFiMWM4M2MzL29wZXJhdGlvbnJlc3VsdHMvZXlKcWIySkpaQ0k2SWxKRlUwOVZVa05GUjFKUFZWQkVSVXhGVkVsUFRrcFBRaTFRVXpFd01UWXRVMDlWVkVoRlFWTlVRVk5KUVNJc0ltcHZZa3h2WTJGMGFXOXVJam9pYzI5MWRHaGxZWE4wWVhOcFlTSjk/YXBpLXZlcnNpb249MjAxNi0wOS0wMQ==",
      "RequestMethod": "GET",
      "RequestBody": "",
      "RequestHeaders": {
        "User-Agent": [
          "FxVersion/4.6.29812.02",
          "OSName/Windows",
          "OSVersion/Microsoft.Windows.10.0.14393.",
          "Microsoft.Azure.Management.Internal.Resources.ResourceManagementClient/1.3.31"
        ]
      },
      "ResponseHeaders": {
        "Cache-Control": [
          "no-cache"
        ],
        "Pragma": [
          "no-cache"
        ],
        "Location": [
          "https://management.azure.com/subscriptions/412b782d-2511-4c6d-98f2-3ea01b1c83c3/operationresults/eyJqb2JJZCI6IlJFU09VUkNFR1JPVVBERUxFVElPTkpPQi1QUzEwMTYtU09VVEhFQVNUQVNJQSIsImpvYkxvY2F0aW9uIjoic291dGhlYXN0YXNpYSJ9?api-version=2016-09-01"
        ],
        "Retry-After": [
          "15"
        ],
        "x-ms-ratelimit-remaining-subscription-reads": [
          "11994"
        ],
        "x-ms-request-id": [
          "b42e6fed-d0bb-4e0f-add3-205ec19b9034"
        ],
        "x-ms-correlation-request-id": [
          "b42e6fed-d0bb-4e0f-add3-205ec19b9034"
        ],
        "x-ms-routing-request-id": [
          "WESTCENTRALUS:20210317T051217Z:b42e6fed-d0bb-4e0f-add3-205ec19b9034"
        ],
        "Strict-Transport-Security": [
          "max-age=31536000; includeSubDomains"
        ],
        "X-Content-Type-Options": [
          "nosniff"
        ],
        "Date": [
          "Wed, 17 Mar 2021 05:12:16 GMT"
        ],
        "Expires": [
          "-1"
        ],
        "Content-Length": [
          "0"
        ]
      },
      "ResponseBody": "",
      "StatusCode": 202
    },
    {
      "RequestUri": "/subscriptions/412b782d-2511-4c6d-98f2-3ea01b1c83c3/operationresults/eyJqb2JJZCI6IlJFU09VUkNFR1JPVVBERUxFVElPTkpPQi1QUzEwMTYtU09VVEhFQVNUQVNJQSIsImpvYkxvY2F0aW9uIjoic291dGhlYXN0YXNpYSJ9?api-version=2016-09-01",
      "EncodedRequestUri": "L3N1YnNjcmlwdGlvbnMvNDEyYjc4MmQtMjUxMS00YzZkLTk4ZjItM2VhMDFiMWM4M2MzL29wZXJhdGlvbnJlc3VsdHMvZXlKcWIySkpaQ0k2SWxKRlUwOVZVa05GUjFKUFZWQkVSVXhGVkVsUFRrcFBRaTFRVXpFd01UWXRVMDlWVkVoRlFWTlVRVk5KUVNJc0ltcHZZa3h2WTJGMGFXOXVJam9pYzI5MWRHaGxZWE4wWVhOcFlTSjk/YXBpLXZlcnNpb249MjAxNi0wOS0wMQ==",
      "RequestMethod": "GET",
      "RequestBody": "",
      "RequestHeaders": {
        "User-Agent": [
          "FxVersion/4.6.29812.02",
          "OSName/Windows",
          "OSVersion/Microsoft.Windows.10.0.14393.",
          "Microsoft.Azure.Management.Internal.Resources.ResourceManagementClient/1.3.31"
        ]
      },
      "ResponseHeaders": {
        "Cache-Control": [
          "no-cache"
        ],
        "Pragma": [
          "no-cache"
        ],
        "x-ms-ratelimit-remaining-subscription-reads": [
          "11993"
        ],
        "x-ms-request-id": [
          "cc6a0a63-6c6e-4de8-bc1b-65e6528a58fd"
        ],
        "x-ms-correlation-request-id": [
          "cc6a0a63-6c6e-4de8-bc1b-65e6528a58fd"
        ],
        "x-ms-routing-request-id": [
          "WESTCENTRALUS:20210317T051232Z:cc6a0a63-6c6e-4de8-bc1b-65e6528a58fd"
        ],
        "Strict-Transport-Security": [
          "max-age=31536000; includeSubDomains"
        ],
        "X-Content-Type-Options": [
          "nosniff"
        ],
        "Date": [
          "Wed, 17 Mar 2021 05:12:31 GMT"
        ],
        "Expires": [
          "-1"
        ],
        "Content-Length": [
          "0"
        ]
      },
      "ResponseBody": "",
      "StatusCode": 200
    },
    {
      "RequestUri": "/subscriptions/412b782d-2511-4c6d-98f2-3ea01b1c83c3/operationresults/eyJqb2JJZCI6IlJFU09VUkNFR1JPVVBERUxFVElPTkpPQi1QUzEwMTYtU09VVEhFQVNUQVNJQSIsImpvYkxvY2F0aW9uIjoic291dGhlYXN0YXNpYSJ9?api-version=2016-09-01",
      "EncodedRequestUri": "L3N1YnNjcmlwdGlvbnMvNDEyYjc4MmQtMjUxMS00YzZkLTk4ZjItM2VhMDFiMWM4M2MzL29wZXJhdGlvbnJlc3VsdHMvZXlKcWIySkpaQ0k2SWxKRlUwOVZVa05GUjFKUFZWQkVSVXhGVkVsUFRrcFBRaTFRVXpFd01UWXRVMDlWVkVoRlFWTlVRVk5KUVNJc0ltcHZZa3h2WTJGMGFXOXVJam9pYzI5MWRHaGxZWE4wWVhOcFlTSjk/YXBpLXZlcnNpb249MjAxNi0wOS0wMQ==",
      "RequestMethod": "GET",
      "RequestBody": "",
      "RequestHeaders": {
        "User-Agent": [
          "FxVersion/4.6.29812.02",
          "OSName/Windows",
          "OSVersion/Microsoft.Windows.10.0.14393.",
          "Microsoft.Azure.Management.Internal.Resources.ResourceManagementClient/1.3.31"
        ]
      },
      "ResponseHeaders": {
        "Cache-Control": [
          "no-cache"
        ],
        "Pragma": [
          "no-cache"
        ],
        "x-ms-ratelimit-remaining-subscription-reads": [
          "11992"
        ],
        "x-ms-request-id": [
          "7bfddcb7-787a-4348-8bb2-3f3120deeb69"
        ],
        "x-ms-correlation-request-id": [
          "7bfddcb7-787a-4348-8bb2-3f3120deeb69"
        ],
        "x-ms-routing-request-id": [
          "WESTCENTRALUS:20210317T051233Z:7bfddcb7-787a-4348-8bb2-3f3120deeb69"
        ],
        "Strict-Transport-Security": [
          "max-age=31536000; includeSubDomains"
        ],
        "X-Content-Type-Options": [
          "nosniff"
        ],
        "Date": [
          "Wed, 17 Mar 2021 05:12:32 GMT"
        ],
        "Expires": [
          "-1"
        ],
        "Content-Length": [
          "0"
        ]
      },
      "ResponseBody": "",
      "StatusCode": 200
    }
  ],
  "Names": {
    "Test-CreateDatabaseWithBackupStorageRedundancy": [
      "ps1016",
      "ps1514",
      "ps1253"
    ]
  },
  "Variables": {
    "SubscriptionId": "412b782d-2511-4c6d-98f2-3ea01b1c83c3"
  }
}