{
  "Entries": [
    {
      "RequestUri": "/subscriptions/412b782d-2511-4c6d-98f2-3ea01b1c83c3/resourcegroups/ps8439?api-version=2016-09-01",
      "EncodedRequestUri": "L3N1YnNjcmlwdGlvbnMvNDEyYjc4MmQtMjUxMS00YzZkLTk4ZjItM2VhMDFiMWM4M2MzL3Jlc291cmNlZ3JvdXBzL3BzODQzOT9hcGktdmVyc2lvbj0yMDE2LTA5LTAx",
      "RequestMethod": "PUT",
      "RequestBody": "{\r\n  \"location\": \"westcentralus\"\r\n}",
      "RequestHeaders": {
        "x-ms-client-request-id": [
          "947d7aac-5074-407b-bc17-7f1b30c1c59b"
        ],
        "Accept-Language": [
          "en-US"
        ],
        "User-Agent": [
          "FxVersion/4.6.29812.02",
          "OSName/Windows",
          "OSVersion/Microsoft.Windows.10.0.14393.",
          "Microsoft.Azure.Management.Internal.Resources.ResourceManagementClient/1.3.31"
        ],
        "Content-Type": [
          "application/json; charset=utf-8"
        ],
        "Content-Length": [
          "35"
        ]
      },
      "ResponseHeaders": {
        "Cache-Control": [
          "no-cache"
        ],
        "Pragma": [
          "no-cache"
        ],
        "x-ms-ratelimit-remaining-subscription-writes": [
          "1199"
        ],
        "x-ms-request-id": [
          "a196ffc9-719f-427d-946d-e13d0f5dd0ec"
        ],
        "x-ms-correlation-request-id": [
          "a196ffc9-719f-427d-946d-e13d0f5dd0ec"
        ],
        "x-ms-routing-request-id": [
          "WESTCENTRALUS:20210317T021516Z:a196ffc9-719f-427d-946d-e13d0f5dd0ec"
        ],
        "Strict-Transport-Security": [
          "max-age=31536000; includeSubDomains"
        ],
        "X-Content-Type-Options": [
          "nosniff"
        ],
        "Date": [
          "Wed, 17 Mar 2021 02:15:16 GMT"
        ],
        "Content-Length": [
          "172"
        ],
        "Content-Type": [
          "application/json; charset=utf-8"
        ],
        "Expires": [
          "-1"
        ]
      },
      "ResponseBody": "{\r\n  \"id\": \"/subscriptions/412b782d-2511-4c6d-98f2-3ea01b1c83c3/resourceGroups/ps8439\",\r\n  \"name\": \"ps8439\",\r\n  \"location\": \"westcentralus\",\r\n  \"properties\": {\r\n    \"provisioningState\": \"Succeeded\"\r\n  }\r\n}",
      "StatusCode": 201
    },
    {
      "RequestUri": "/subscriptions/412b782d-2511-4c6d-98f2-3ea01b1c83c3/resourceGroups/ps8439/providers/Microsoft.Sql/servers/ps1026?api-version=2019-06-01-preview",
      "EncodedRequestUri": "L3N1YnNjcmlwdGlvbnMvNDEyYjc4MmQtMjUxMS00YzZkLTk4ZjItM2VhMDFiMWM4M2MzL3Jlc291cmNlR3JvdXBzL3BzODQzOS9wcm92aWRlcnMvTWljcm9zb2Z0LlNxbC9zZXJ2ZXJzL3BzMTAyNj9hcGktdmVyc2lvbj0yMDE5LTA2LTAxLXByZXZpZXc=",
      "RequestMethod": "GET",
      "RequestBody": "",
      "RequestHeaders": {
        "x-ms-client-request-id": [
          "1d6c0ba1-a293-46eb-9a6d-573f76911d4d"
        ],
        "Accept-Language": [
          "en-US"
        ],
        "User-Agent": [
          "FxVersion/4.6.29812.02",
          "OSName/Windows",
          "OSVersion/Microsoft.Windows.10.0.14393.",
          "Microsoft.Azure.Management.Sql.SqlManagementClient/1.50.0.0"
        ]
      },
      "ResponseHeaders": {
        "Cache-Control": [
          "no-cache"
        ],
        "Pragma": [
          "no-cache"
        ],
        "x-ms-failure-cause": [
          "gateway"
        ],
        "x-ms-request-id": [
          "283cf8b8-8c9c-4771-ae3d-92f7259f9c74"
        ],
        "x-ms-correlation-request-id": [
          "283cf8b8-8c9c-4771-ae3d-92f7259f9c74"
        ],
        "x-ms-routing-request-id": [
          "WESTCENTRALUS:20210317T021516Z:283cf8b8-8c9c-4771-ae3d-92f7259f9c74"
        ],
        "Strict-Transport-Security": [
          "max-age=31536000; includeSubDomains"
        ],
        "X-Content-Type-Options": [
          "nosniff"
        ],
        "Date": [
          "Wed, 17 Mar 2021 02:15:16 GMT"
        ],
        "Content-Type": [
          "application/json; charset=utf-8"
        ],
        "Expires": [
          "-1"
        ],
        "Content-Length": [
          "206"
        ]
      },
      "ResponseBody": "{\r\n  \"error\": {\r\n    \"code\": \"ResourceNotFound\",\r\n    \"message\": \"The Resource 'Microsoft.Sql/servers/ps1026' under resource group 'ps8439' was not found. For more details please go to https://aka.ms/ARMResourceNotFoundFix\"\r\n  }\r\n}",
      "StatusCode": 404
    },
    {
      "RequestUri": "/subscriptions/412b782d-2511-4c6d-98f2-3ea01b1c83c3/resourceGroups/ps8439/providers/Microsoft.Sql/servers/ps1026?api-version=2019-06-01-preview",
      "EncodedRequestUri": "L3N1YnNjcmlwdGlvbnMvNDEyYjc4MmQtMjUxMS00YzZkLTk4ZjItM2VhMDFiMWM4M2MzL3Jlc291cmNlR3JvdXBzL3BzODQzOS9wcm92aWRlcnMvTWljcm9zb2Z0LlNxbC9zZXJ2ZXJzL3BzMTAyNj9hcGktdmVyc2lvbj0yMDE5LTA2LTAxLXByZXZpZXc=",
      "RequestMethod": "GET",
      "RequestBody": "",
      "RequestHeaders": {
        "x-ms-client-request-id": [
          "1d6c0ba1-a293-46eb-9a6d-573f76911d4d"
        ],
        "User-Agent": [
          "FxVersion/4.6.29812.02",
          "OSName/Windows",
          "OSVersion/Microsoft.Windows.10.0.14393.",
          "Microsoft.Azure.Management.Sql.SqlManagementClient/1.50.0.0"
        ]
      },
      "ResponseHeaders": {
        "Cache-Control": [
          "no-cache"
        ],
        "Pragma": [
          "no-cache"
        ],
        "x-ms-request-id": [
          "47761bcc-0594-4d3d-965f-cc4efdc4d4a3"
        ],
        "Server": [
          "Microsoft-HTTPAPI/2.0"
        ],
        "x-ms-ratelimit-remaining-subscription-reads": [
          "11991"
        ],
        "x-ms-correlation-request-id": [
          "b1da221b-4103-4752-bcfb-955d77a4f82e"
        ],
        "x-ms-routing-request-id": [
          "WESTCENTRALUS:20210317T021604Z:b1da221b-4103-4752-bcfb-955d77a4f82e"
        ],
        "Strict-Transport-Security": [
          "max-age=31536000; includeSubDomains"
        ],
        "X-Content-Type-Options": [
          "nosniff"
        ],
        "Date": [
          "Wed, 17 Mar 2021 02:16:03 GMT"
        ],
        "Content-Length": [
          "415"
        ],
        "Content-Type": [
          "application/json; charset=utf-8"
        ],
        "Expires": [
          "-1"
        ]
      },
      "ResponseBody": "{\r\n  \"kind\": \"v12.0\",\r\n  \"properties\": {\r\n    \"administratorLogin\": \"testusername\",\r\n    \"version\": \"12.0\",\r\n    \"state\": \"Ready\",\r\n    \"fullyQualifiedDomainName\": \"ps1026.database.windows.net\",\r\n    \"privateEndpointConnections\": [],\r\n    \"publicNetworkAccess\": \"Enabled\"\r\n  },\r\n  \"location\": \"southeastasia\",\r\n  \"id\": \"/subscriptions/412b782d-2511-4c6d-98f2-3ea01b1c83c3/resourceGroups/ps8439/providers/Microsoft.Sql/servers/ps1026\",\r\n  \"name\": \"ps1026\",\r\n  \"type\": \"Microsoft.Sql/servers\"\r\n}",
      "StatusCode": 200
    },
    {
      "RequestUri": "/subscriptions/412b782d-2511-4c6d-98f2-3ea01b1c83c3/resourceGroups/ps8439/providers/Microsoft.Sql/servers/ps1026?api-version=2019-06-01-preview",
      "EncodedRequestUri": "L3N1YnNjcmlwdGlvbnMvNDEyYjc4MmQtMjUxMS00YzZkLTk4ZjItM2VhMDFiMWM4M2MzL3Jlc291cmNlR3JvdXBzL3BzODQzOS9wcm92aWRlcnMvTWljcm9zb2Z0LlNxbC9zZXJ2ZXJzL3BzMTAyNj9hcGktdmVyc2lvbj0yMDE5LTA2LTAxLXByZXZpZXc=",
      "RequestMethod": "GET",
      "RequestBody": "",
      "RequestHeaders": {
        "x-ms-client-request-id": [
          "b798fcce-2541-4ab7-a90d-012a46871992"
        ],
        "Accept-Language": [
          "en-US"
        ],
        "User-Agent": [
          "FxVersion/4.6.29812.02",
          "OSName/Windows",
          "OSVersion/Microsoft.Windows.10.0.14393.",
          "Microsoft.Azure.Management.Sql.SqlManagementClient/1.50.0.0"
        ]
      },
      "ResponseHeaders": {
        "Cache-Control": [
          "no-cache"
        ],
        "Pragma": [
          "no-cache"
        ],
        "x-ms-request-id": [
          "24492dad-be6e-432b-a33c-b4ad4aa2eb80"
        ],
        "Server": [
          "Microsoft-HTTPAPI/2.0"
        ],
        "x-ms-ratelimit-remaining-subscription-reads": [
          "11990"
        ],
        "x-ms-correlation-request-id": [
          "089a3eb3-aab7-4ecf-a09f-e991256e27cb"
        ],
        "x-ms-routing-request-id": [
          "WESTCENTRALUS:20210317T021604Z:089a3eb3-aab7-4ecf-a09f-e991256e27cb"
        ],
        "Strict-Transport-Security": [
          "max-age=31536000; includeSubDomains"
        ],
        "X-Content-Type-Options": [
          "nosniff"
        ],
        "Date": [
          "Wed, 17 Mar 2021 02:16:04 GMT"
        ],
        "Content-Length": [
          "415"
        ],
        "Content-Type": [
          "application/json; charset=utf-8"
        ],
        "Expires": [
          "-1"
        ]
      },
      "ResponseBody": "{\r\n  \"kind\": \"v12.0\",\r\n  \"properties\": {\r\n    \"administratorLogin\": \"testusername\",\r\n    \"version\": \"12.0\",\r\n    \"state\": \"Ready\",\r\n    \"fullyQualifiedDomainName\": \"ps1026.database.windows.net\",\r\n    \"privateEndpointConnections\": [],\r\n    \"publicNetworkAccess\": \"Enabled\"\r\n  },\r\n  \"location\": \"southeastasia\",\r\n  \"id\": \"/subscriptions/412b782d-2511-4c6d-98f2-3ea01b1c83c3/resourceGroups/ps8439/providers/Microsoft.Sql/servers/ps1026\",\r\n  \"name\": \"ps1026\",\r\n  \"type\": \"Microsoft.Sql/servers\"\r\n}",
      "StatusCode": 200
    },
    {
      "RequestUri": "/subscriptions/412b782d-2511-4c6d-98f2-3ea01b1c83c3/resourceGroups/ps8439/providers/Microsoft.Sql/servers/ps1026?api-version=2019-06-01-preview",
      "EncodedRequestUri": "L3N1YnNjcmlwdGlvbnMvNDEyYjc4MmQtMjUxMS00YzZkLTk4ZjItM2VhMDFiMWM4M2MzL3Jlc291cmNlR3JvdXBzL3BzODQzOS9wcm92aWRlcnMvTWljcm9zb2Z0LlNxbC9zZXJ2ZXJzL3BzMTAyNj9hcGktdmVyc2lvbj0yMDE5LTA2LTAxLXByZXZpZXc=",
      "RequestMethod": "GET",
      "RequestBody": "",
      "RequestHeaders": {
        "x-ms-client-request-id": [
          "b798fcce-2541-4ab7-a90d-012a46871992"
        ],
        "Accept-Language": [
          "en-US"
        ],
        "User-Agent": [
          "FxVersion/4.6.29812.02",
          "OSName/Windows",
          "OSVersion/Microsoft.Windows.10.0.14393.",
          "Microsoft.Azure.Management.Sql.SqlManagementClient/1.50.0.0"
        ]
      },
      "ResponseHeaders": {
        "Cache-Control": [
          "no-cache"
        ],
        "Pragma": [
          "no-cache"
        ],
        "x-ms-request-id": [
          "cab05f2c-aa6a-4e05-9254-a111caba26fc"
        ],
        "Server": [
          "Microsoft-HTTPAPI/2.0"
        ],
        "x-ms-ratelimit-remaining-subscription-reads": [
          "11988"
        ],
        "x-ms-correlation-request-id": [
          "5851c8cc-04cc-48de-abd6-8a035c28c5d2"
        ],
        "x-ms-routing-request-id": [
          "WESTCENTRALUS:20210317T021605Z:5851c8cc-04cc-48de-abd6-8a035c28c5d2"
        ],
        "Strict-Transport-Security": [
          "max-age=31536000; includeSubDomains"
        ],
        "X-Content-Type-Options": [
          "nosniff"
        ],
        "Date": [
          "Wed, 17 Mar 2021 02:16:04 GMT"
        ],
        "Content-Length": [
          "415"
        ],
        "Content-Type": [
          "application/json; charset=utf-8"
        ],
        "Expires": [
          "-1"
        ]
      },
      "ResponseBody": "{\r\n  \"kind\": \"v12.0\",\r\n  \"properties\": {\r\n    \"administratorLogin\": \"testusername\",\r\n    \"version\": \"12.0\",\r\n    \"state\": \"Ready\",\r\n    \"fullyQualifiedDomainName\": \"ps1026.database.windows.net\",\r\n    \"privateEndpointConnections\": [],\r\n    \"publicNetworkAccess\": \"Enabled\"\r\n  },\r\n  \"location\": \"southeastasia\",\r\n  \"id\": \"/subscriptions/412b782d-2511-4c6d-98f2-3ea01b1c83c3/resourceGroups/ps8439/providers/Microsoft.Sql/servers/ps1026\",\r\n  \"name\": \"ps1026\",\r\n  \"type\": \"Microsoft.Sql/servers\"\r\n}",
      "StatusCode": 200
    },
    {
      "RequestUri": "/subscriptions/412b782d-2511-4c6d-98f2-3ea01b1c83c3/resourceGroups/ps8439/providers/Microsoft.Sql/servers/ps1026?api-version=2019-06-01-preview",
      "EncodedRequestUri": "L3N1YnNjcmlwdGlvbnMvNDEyYjc4MmQtMjUxMS00YzZkLTk4ZjItM2VhMDFiMWM4M2MzL3Jlc291cmNlR3JvdXBzL3BzODQzOS9wcm92aWRlcnMvTWljcm9zb2Z0LlNxbC9zZXJ2ZXJzL3BzMTAyNj9hcGktdmVyc2lvbj0yMDE5LTA2LTAxLXByZXZpZXc=",
      "RequestMethod": "GET",
      "RequestBody": "",
      "RequestHeaders": {
        "x-ms-client-request-id": [
          "dd78456e-654d-4eeb-b340-a3cb9a67d1ca"
        ],
        "Accept-Language": [
          "en-US"
        ],
        "User-Agent": [
          "FxVersion/4.6.29812.02",
          "OSName/Windows",
          "OSVersion/Microsoft.Windows.10.0.14393.",
          "Microsoft.Azure.Management.Sql.SqlManagementClient/1.50.0.0"
        ]
      },
      "ResponseHeaders": {
        "Cache-Control": [
          "no-cache"
        ],
        "Pragma": [
          "no-cache"
        ],
        "x-ms-request-id": [
          "79c95968-1d24-4832-b322-839b2792bb7f"
        ],
        "Server": [
          "Microsoft-HTTPAPI/2.0"
        ],
        "x-ms-ratelimit-remaining-subscription-reads": [
          "11983"
        ],
        "x-ms-correlation-request-id": [
          "0c03fb1e-9a51-489f-b7e2-849f595992a5"
        ],
        "x-ms-routing-request-id": [
          "WESTCENTRALUS:20210317T021651Z:0c03fb1e-9a51-489f-b7e2-849f595992a5"
        ],
        "Strict-Transport-Security": [
          "max-age=31536000; includeSubDomains"
        ],
        "X-Content-Type-Options": [
          "nosniff"
        ],
        "Date": [
          "Wed, 17 Mar 2021 02:16:51 GMT"
        ],
        "Content-Length": [
          "415"
        ],
        "Content-Type": [
          "application/json; charset=utf-8"
        ],
        "Expires": [
          "-1"
        ]
      },
      "ResponseBody": "{\r\n  \"kind\": \"v12.0\",\r\n  \"properties\": {\r\n    \"administratorLogin\": \"testusername\",\r\n    \"version\": \"12.0\",\r\n    \"state\": \"Ready\",\r\n    \"fullyQualifiedDomainName\": \"ps1026.database.windows.net\",\r\n    \"privateEndpointConnections\": [],\r\n    \"publicNetworkAccess\": \"Enabled\"\r\n  },\r\n  \"location\": \"southeastasia\",\r\n  \"id\": \"/subscriptions/412b782d-2511-4c6d-98f2-3ea01b1c83c3/resourceGroups/ps8439/providers/Microsoft.Sql/servers/ps1026\",\r\n  \"name\": \"ps1026\",\r\n  \"type\": \"Microsoft.Sql/servers\"\r\n}",
      "StatusCode": 200
    },
    {
      "RequestUri": "/subscriptions/412b782d-2511-4c6d-98f2-3ea01b1c83c3/resourceGroups/ps8439/providers/Microsoft.Sql/servers/ps1026?api-version=2019-06-01-preview",
      "EncodedRequestUri": "L3N1YnNjcmlwdGlvbnMvNDEyYjc4MmQtMjUxMS00YzZkLTk4ZjItM2VhMDFiMWM4M2MzL3Jlc291cmNlR3JvdXBzL3BzODQzOS9wcm92aWRlcnMvTWljcm9zb2Z0LlNxbC9zZXJ2ZXJzL3BzMTAyNj9hcGktdmVyc2lvbj0yMDE5LTA2LTAxLXByZXZpZXc=",
      "RequestMethod": "GET",
      "RequestBody": "",
      "RequestHeaders": {
        "x-ms-client-request-id": [
          "dd78456e-654d-4eeb-b340-a3cb9a67d1ca"
        ],
        "Accept-Language": [
          "en-US"
        ],
        "User-Agent": [
          "FxVersion/4.6.29812.02",
          "OSName/Windows",
          "OSVersion/Microsoft.Windows.10.0.14393.",
          "Microsoft.Azure.Management.Sql.SqlManagementClient/1.50.0.0"
        ]
      },
      "ResponseHeaders": {
        "Cache-Control": [
          "no-cache"
        ],
        "Pragma": [
          "no-cache"
        ],
        "x-ms-request-id": [
          "bf858aff-b498-4b19-bbf6-2fa5a1a33f94"
        ],
        "Server": [
          "Microsoft-HTTPAPI/2.0"
        ],
        "x-ms-ratelimit-remaining-subscription-reads": [
          "11981"
        ],
        "x-ms-correlation-request-id": [
          "e2e8d240-2f1a-4419-8f5a-eccee5581fa0"
        ],
        "x-ms-routing-request-id": [
          "WESTCENTRALUS:20210317T021652Z:e2e8d240-2f1a-4419-8f5a-eccee5581fa0"
        ],
        "Strict-Transport-Security": [
          "max-age=31536000; includeSubDomains"
        ],
        "X-Content-Type-Options": [
          "nosniff"
        ],
        "Date": [
          "Wed, 17 Mar 2021 02:16:51 GMT"
        ],
        "Content-Length": [
          "415"
        ],
        "Content-Type": [
          "application/json; charset=utf-8"
        ],
        "Expires": [
          "-1"
        ]
      },
      "ResponseBody": "{\r\n  \"kind\": \"v12.0\",\r\n  \"properties\": {\r\n    \"administratorLogin\": \"testusername\",\r\n    \"version\": \"12.0\",\r\n    \"state\": \"Ready\",\r\n    \"fullyQualifiedDomainName\": \"ps1026.database.windows.net\",\r\n    \"privateEndpointConnections\": [],\r\n    \"publicNetworkAccess\": \"Enabled\"\r\n  },\r\n  \"location\": \"southeastasia\",\r\n  \"id\": \"/subscriptions/412b782d-2511-4c6d-98f2-3ea01b1c83c3/resourceGroups/ps8439/providers/Microsoft.Sql/servers/ps1026\",\r\n  \"name\": \"ps1026\",\r\n  \"type\": \"Microsoft.Sql/servers\"\r\n}",
      "StatusCode": 200
    },
    {
      "RequestUri": "/subscriptions/412b782d-2511-4c6d-98f2-3ea01b1c83c3/resourceGroups/ps8439/providers/Microsoft.Sql/servers/ps1026?api-version=2019-06-01-preview",
      "EncodedRequestUri": "L3N1YnNjcmlwdGlvbnMvNDEyYjc4MmQtMjUxMS00YzZkLTk4ZjItM2VhMDFiMWM4M2MzL3Jlc291cmNlR3JvdXBzL3BzODQzOS9wcm92aWRlcnMvTWljcm9zb2Z0LlNxbC9zZXJ2ZXJzL3BzMTAyNj9hcGktdmVyc2lvbj0yMDE5LTA2LTAxLXByZXZpZXc=",
      "RequestMethod": "GET",
      "RequestBody": "",
      "RequestHeaders": {
        "x-ms-client-request-id": [
          "89040609-4ab2-4b0a-8033-901a110f23b8"
        ],
        "Accept-Language": [
          "en-US"
        ],
        "User-Agent": [
          "FxVersion/4.6.29812.02",
          "OSName/Windows",
          "OSVersion/Microsoft.Windows.10.0.14393.",
          "Microsoft.Azure.Management.Sql.SqlManagementClient/1.50.0.0"
        ]
      },
      "ResponseHeaders": {
        "Cache-Control": [
          "no-cache"
        ],
        "Pragma": [
          "no-cache"
        ],
        "x-ms-request-id": [
          "fd9b868f-cb1d-4eaa-8025-cf411e78e272"
        ],
        "Server": [
          "Microsoft-HTTPAPI/2.0"
        ],
        "x-ms-ratelimit-remaining-subscription-reads": [
          "11976"
        ],
        "x-ms-correlation-request-id": [
          "aef65b42-943e-4f2a-926f-31637973b494"
        ],
        "x-ms-routing-request-id": [
          "WESTCENTRALUS:20210317T021738Z:aef65b42-943e-4f2a-926f-31637973b494"
        ],
        "Strict-Transport-Security": [
          "max-age=31536000; includeSubDomains"
        ],
        "X-Content-Type-Options": [
          "nosniff"
        ],
        "Date": [
          "Wed, 17 Mar 2021 02:17:38 GMT"
        ],
        "Content-Length": [
          "415"
        ],
        "Content-Type": [
          "application/json; charset=utf-8"
        ],
        "Expires": [
          "-1"
        ]
      },
      "ResponseBody": "{\r\n  \"kind\": \"v12.0\",\r\n  \"properties\": {\r\n    \"administratorLogin\": \"testusername\",\r\n    \"version\": \"12.0\",\r\n    \"state\": \"Ready\",\r\n    \"fullyQualifiedDomainName\": \"ps1026.database.windows.net\",\r\n    \"privateEndpointConnections\": [],\r\n    \"publicNetworkAccess\": \"Enabled\"\r\n  },\r\n  \"location\": \"southeastasia\",\r\n  \"id\": \"/subscriptions/412b782d-2511-4c6d-98f2-3ea01b1c83c3/resourceGroups/ps8439/providers/Microsoft.Sql/servers/ps1026\",\r\n  \"name\": \"ps1026\",\r\n  \"type\": \"Microsoft.Sql/servers\"\r\n}",
      "StatusCode": 200
    },
    {
      "RequestUri": "/subscriptions/412b782d-2511-4c6d-98f2-3ea01b1c83c3/resourceGroups/ps8439/providers/Microsoft.Sql/servers/ps1026?api-version=2019-06-01-preview",
      "EncodedRequestUri": "L3N1YnNjcmlwdGlvbnMvNDEyYjc4MmQtMjUxMS00YzZkLTk4ZjItM2VhMDFiMWM4M2MzL3Jlc291cmNlR3JvdXBzL3BzODQzOS9wcm92aWRlcnMvTWljcm9zb2Z0LlNxbC9zZXJ2ZXJzL3BzMTAyNj9hcGktdmVyc2lvbj0yMDE5LTA2LTAxLXByZXZpZXc=",
      "RequestMethod": "GET",
      "RequestBody": "",
      "RequestHeaders": {
        "x-ms-client-request-id": [
          "89040609-4ab2-4b0a-8033-901a110f23b8"
        ],
        "Accept-Language": [
          "en-US"
        ],
        "User-Agent": [
          "FxVersion/4.6.29812.02",
          "OSName/Windows",
          "OSVersion/Microsoft.Windows.10.0.14393.",
          "Microsoft.Azure.Management.Sql.SqlManagementClient/1.50.0.0"
        ]
      },
      "ResponseHeaders": {
        "Cache-Control": [
          "no-cache"
        ],
        "Pragma": [
          "no-cache"
        ],
        "x-ms-request-id": [
          "b6916655-5985-48b0-8653-67a23a2e709c"
        ],
        "Server": [
          "Microsoft-HTTPAPI/2.0"
        ],
        "x-ms-ratelimit-remaining-subscription-reads": [
          "11974"
        ],
        "x-ms-correlation-request-id": [
          "6da731bc-36d5-43a3-a37c-73ca0cfc6095"
        ],
        "x-ms-routing-request-id": [
          "WESTCENTRALUS:20210317T021739Z:6da731bc-36d5-43a3-a37c-73ca0cfc6095"
        ],
        "Strict-Transport-Security": [
          "max-age=31536000; includeSubDomains"
        ],
        "X-Content-Type-Options": [
          "nosniff"
        ],
        "Date": [
          "Wed, 17 Mar 2021 02:17:38 GMT"
        ],
        "Content-Length": [
          "415"
        ],
        "Content-Type": [
          "application/json; charset=utf-8"
        ],
        "Expires": [
          "-1"
        ]
      },
      "ResponseBody": "{\r\n  \"kind\": \"v12.0\",\r\n  \"properties\": {\r\n    \"administratorLogin\": \"testusername\",\r\n    \"version\": \"12.0\",\r\n    \"state\": \"Ready\",\r\n    \"fullyQualifiedDomainName\": \"ps1026.database.windows.net\",\r\n    \"privateEndpointConnections\": [],\r\n    \"publicNetworkAccess\": \"Enabled\"\r\n  },\r\n  \"location\": \"southeastasia\",\r\n  \"id\": \"/subscriptions/412b782d-2511-4c6d-98f2-3ea01b1c83c3/resourceGroups/ps8439/providers/Microsoft.Sql/servers/ps1026\",\r\n  \"name\": \"ps1026\",\r\n  \"type\": \"Microsoft.Sql/servers\"\r\n}",
      "StatusCode": 200
    },
    {
      "RequestUri": "/subscriptions/412b782d-2511-4c6d-98f2-3ea01b1c83c3/resourceGroups/ps8439/providers/Microsoft.Sql/servers/ps1026?api-version=2019-06-01-preview",
      "EncodedRequestUri": "L3N1YnNjcmlwdGlvbnMvNDEyYjc4MmQtMjUxMS00YzZkLTk4ZjItM2VhMDFiMWM4M2MzL3Jlc291cmNlR3JvdXBzL3BzODQzOS9wcm92aWRlcnMvTWljcm9zb2Z0LlNxbC9zZXJ2ZXJzL3BzMTAyNj9hcGktdmVyc2lvbj0yMDE5LTA2LTAxLXByZXZpZXc=",
      "RequestMethod": "PUT",
      "RequestBody": "{\r\n  \"properties\": {\r\n    \"administratorLogin\": \"testusername\",\r\n    \"administratorLoginPassword\": \"t357ingP@s5w0rd!\"\r\n  },\r\n  \"location\": \"southeastasia\"\r\n}",
      "RequestHeaders": {
        "x-ms-client-request-id": [
          "1d6c0ba1-a293-46eb-9a6d-573f76911d4d"
        ],
        "Accept-Language": [
          "en-US"
        ],
        "User-Agent": [
          "FxVersion/4.6.29812.02",
          "OSName/Windows",
          "OSVersion/Microsoft.Windows.10.0.14393.",
          "Microsoft.Azure.Management.Sql.SqlManagementClient/1.50.0.0"
        ],
        "Content-Type": [
          "application/json; charset=utf-8"
        ],
        "Content-Length": [
          "157"
        ]
      },
      "ResponseHeaders": {
        "Cache-Control": [
          "no-cache"
        ],
        "Pragma": [
          "no-cache"
        ],
        "Location": [
          "https://management.azure.com/subscriptions/412b782d-2511-4c6d-98f2-3ea01b1c83c3/resourceGroups/ps8439/providers/Microsoft.Sql/locations/southeastasia/serverOperationResults/8a9ba9f0-6631-4cb1-b17d-713777dbc52f?api-version=2019-06-01-preview"
        ],
        "Retry-After": [
          "1"
        ],
        "Azure-AsyncOperation": [
          "https://management.azure.com/subscriptions/412b782d-2511-4c6d-98f2-3ea01b1c83c3/resourceGroups/ps8439/providers/Microsoft.Sql/locations/southeastasia/serverAzureAsyncOperation/8a9ba9f0-6631-4cb1-b17d-713777dbc52f?api-version=2019-06-01-preview"
        ],
        "x-ms-request-id": [
          "8a9ba9f0-6631-4cb1-b17d-713777dbc52f"
        ],
        "Server": [
          "Microsoft-HTTPAPI/2.0"
        ],
        "x-ms-ratelimit-remaining-subscription-writes": [
          "1199"
        ],
        "x-ms-correlation-request-id": [
          "dc0638ab-7bf5-4267-8af3-e3d34d4c3dfe"
        ],
        "x-ms-routing-request-id": [
          "WESTCENTRALUS:20210317T021517Z:dc0638ab-7bf5-4267-8af3-e3d34d4c3dfe"
        ],
        "Strict-Transport-Security": [
          "max-age=31536000; includeSubDomains"
        ],
        "X-Content-Type-Options": [
          "nosniff"
        ],
        "Date": [
          "Wed, 17 Mar 2021 02:15:17 GMT"
        ],
        "Content-Length": [
          "73"
        ],
        "Content-Type": [
          "application/json; charset=utf-8"
        ],
        "Expires": [
          "-1"
        ]
      },
      "ResponseBody": "{\r\n  \"operation\": \"UpsertLogicalServer\",\r\n  \"startTime\": \"2021-03-17T02:15:17.63Z\"\r\n}",
      "StatusCode": 202
    },
    {
      "RequestUri": "/subscriptions/412b782d-2511-4c6d-98f2-3ea01b1c83c3/resourceGroups/ps8439/providers/Microsoft.Sql/locations/southeastasia/serverAzureAsyncOperation/8a9ba9f0-6631-4cb1-b17d-713777dbc52f?api-version=2019-06-01-preview",
      "EncodedRequestUri": "L3N1YnNjcmlwdGlvbnMvNDEyYjc4MmQtMjUxMS00YzZkLTk4ZjItM2VhMDFiMWM4M2MzL3Jlc291cmNlR3JvdXBzL3BzODQzOS9wcm92aWRlcnMvTWljcm9zb2Z0LlNxbC9sb2NhdGlvbnMvc291dGhlYXN0YXNpYS9zZXJ2ZXJBenVyZUFzeW5jT3BlcmF0aW9uLzhhOWJhOWYwLTY2MzEtNGNiMS1iMTdkLTcxMzc3N2RiYzUyZj9hcGktdmVyc2lvbj0yMDE5LTA2LTAxLXByZXZpZXc=",
      "RequestMethod": "GET",
      "RequestBody": "",
      "RequestHeaders": {
        "x-ms-client-request-id": [
          "1d6c0ba1-a293-46eb-9a6d-573f76911d4d"
        ],
        "User-Agent": [
          "FxVersion/4.6.29812.02",
          "OSName/Windows",
          "OSVersion/Microsoft.Windows.10.0.14393.",
          "Microsoft.Azure.Management.Sql.SqlManagementClient/1.50.0.0"
        ]
      },
      "ResponseHeaders": {
        "Cache-Control": [
          "no-cache"
        ],
        "Pragma": [
          "no-cache"
        ],
        "Retry-After": [
          "1"
        ],
        "x-ms-request-id": [
          "9bda9a3e-2eb8-4d46-939f-0f8628e9ced7"
        ],
        "Server": [
          "Microsoft-HTTPAPI/2.0"
        ],
        "x-ms-ratelimit-remaining-subscription-reads": [
          "11998"
        ],
        "x-ms-correlation-request-id": [
          "6a5d160e-cbaf-4100-b114-33c93903513d"
        ],
        "x-ms-routing-request-id": [
          "WESTCENTRALUS:20210317T021518Z:6a5d160e-cbaf-4100-b114-33c93903513d"
        ],
        "Strict-Transport-Security": [
          "max-age=31536000; includeSubDomains"
        ],
        "X-Content-Type-Options": [
          "nosniff"
        ],
        "Date": [
          "Wed, 17 Mar 2021 02:15:18 GMT"
        ],
        "Content-Length": [
          "107"
        ],
        "Content-Type": [
          "application/json; charset=utf-8"
        ],
        "Expires": [
          "-1"
        ]
      },
      "ResponseBody": "{\r\n  \"name\": \"8a9ba9f0-6631-4cb1-b17d-713777dbc52f\",\r\n  \"status\": \"InProgress\",\r\n  \"startTime\": \"2021-03-17T02:15:17.63Z\"\r\n}",
      "StatusCode": 200
    },
    {
      "RequestUri": "/subscriptions/412b782d-2511-4c6d-98f2-3ea01b1c83c3/resourceGroups/ps8439/providers/Microsoft.Sql/locations/southeastasia/serverAzureAsyncOperation/8a9ba9f0-6631-4cb1-b17d-713777dbc52f?api-version=2019-06-01-preview",
      "EncodedRequestUri": "L3N1YnNjcmlwdGlvbnMvNDEyYjc4MmQtMjUxMS00YzZkLTk4ZjItM2VhMDFiMWM4M2MzL3Jlc291cmNlR3JvdXBzL3BzODQzOS9wcm92aWRlcnMvTWljcm9zb2Z0LlNxbC9sb2NhdGlvbnMvc291dGhlYXN0YXNpYS9zZXJ2ZXJBenVyZUFzeW5jT3BlcmF0aW9uLzhhOWJhOWYwLTY2MzEtNGNiMS1iMTdkLTcxMzc3N2RiYzUyZj9hcGktdmVyc2lvbj0yMDE5LTA2LTAxLXByZXZpZXc=",
      "RequestMethod": "GET",
      "RequestBody": "",
      "RequestHeaders": {
        "x-ms-client-request-id": [
          "1d6c0ba1-a293-46eb-9a6d-573f76911d4d"
        ],
        "User-Agent": [
          "FxVersion/4.6.29812.02",
          "OSName/Windows",
          "OSVersion/Microsoft.Windows.10.0.14393.",
          "Microsoft.Azure.Management.Sql.SqlManagementClient/1.50.0.0"
        ]
      },
      "ResponseHeaders": {
        "Cache-Control": [
          "no-cache"
        ],
        "Pragma": [
          "no-cache"
        ],
        "Retry-After": [
          "1"
        ],
        "x-ms-request-id": [
          "9c0276c3-90bb-46fb-a7d7-1d5e0e890ec4"
        ],
        "Server": [
          "Microsoft-HTTPAPI/2.0"
        ],
        "x-ms-ratelimit-remaining-subscription-reads": [
          "11997"
        ],
        "x-ms-correlation-request-id": [
          "d5d7002f-3c4b-41c0-bb8d-da186952ae46"
        ],
        "x-ms-routing-request-id": [
          "WESTCENTRALUS:20210317T021520Z:d5d7002f-3c4b-41c0-bb8d-da186952ae46"
        ],
        "Strict-Transport-Security": [
          "max-age=31536000; includeSubDomains"
        ],
        "X-Content-Type-Options": [
          "nosniff"
        ],
        "Date": [
          "Wed, 17 Mar 2021 02:15:19 GMT"
        ],
        "Content-Length": [
          "107"
        ],
        "Content-Type": [
          "application/json; charset=utf-8"
        ],
        "Expires": [
          "-1"
        ]
      },
      "ResponseBody": "{\r\n  \"name\": \"8a9ba9f0-6631-4cb1-b17d-713777dbc52f\",\r\n  \"status\": \"InProgress\",\r\n  \"startTime\": \"2021-03-17T02:15:17.63Z\"\r\n}",
      "StatusCode": 200
    },
    {
      "RequestUri": "/subscriptions/412b782d-2511-4c6d-98f2-3ea01b1c83c3/resourceGroups/ps8439/providers/Microsoft.Sql/locations/southeastasia/serverAzureAsyncOperation/8a9ba9f0-6631-4cb1-b17d-713777dbc52f?api-version=2019-06-01-preview",
      "EncodedRequestUri": "L3N1YnNjcmlwdGlvbnMvNDEyYjc4MmQtMjUxMS00YzZkLTk4ZjItM2VhMDFiMWM4M2MzL3Jlc291cmNlR3JvdXBzL3BzODQzOS9wcm92aWRlcnMvTWljcm9zb2Z0LlNxbC9sb2NhdGlvbnMvc291dGhlYXN0YXNpYS9zZXJ2ZXJBenVyZUFzeW5jT3BlcmF0aW9uLzhhOWJhOWYwLTY2MzEtNGNiMS1iMTdkLTcxMzc3N2RiYzUyZj9hcGktdmVyc2lvbj0yMDE5LTA2LTAxLXByZXZpZXc=",
      "RequestMethod": "GET",
      "RequestBody": "",
      "RequestHeaders": {
        "x-ms-client-request-id": [
          "1d6c0ba1-a293-46eb-9a6d-573f76911d4d"
        ],
        "User-Agent": [
          "FxVersion/4.6.29812.02",
          "OSName/Windows",
          "OSVersion/Microsoft.Windows.10.0.14393.",
          "Microsoft.Azure.Management.Sql.SqlManagementClient/1.50.0.0"
        ]
      },
      "ResponseHeaders": {
        "Cache-Control": [
          "no-cache"
        ],
        "Pragma": [
          "no-cache"
        ],
        "Retry-After": [
          "1"
        ],
        "x-ms-request-id": [
          "8935492b-b43a-4fbe-825e-7583af4e0138"
        ],
        "Server": [
          "Microsoft-HTTPAPI/2.0"
        ],
        "x-ms-ratelimit-remaining-subscription-reads": [
          "11996"
        ],
        "x-ms-correlation-request-id": [
          "2d33aef2-45a3-4e13-a7b6-ff5ba80a291a"
        ],
        "x-ms-routing-request-id": [
          "WESTCENTRALUS:20210317T021521Z:2d33aef2-45a3-4e13-a7b6-ff5ba80a291a"
        ],
        "Strict-Transport-Security": [
          "max-age=31536000; includeSubDomains"
        ],
        "X-Content-Type-Options": [
          "nosniff"
        ],
        "Date": [
          "Wed, 17 Mar 2021 02:15:21 GMT"
        ],
        "Content-Length": [
          "107"
        ],
        "Content-Type": [
          "application/json; charset=utf-8"
        ],
        "Expires": [
          "-1"
        ]
      },
      "ResponseBody": "{\r\n  \"name\": \"8a9ba9f0-6631-4cb1-b17d-713777dbc52f\",\r\n  \"status\": \"InProgress\",\r\n  \"startTime\": \"2021-03-17T02:15:17.63Z\"\r\n}",
      "StatusCode": 200
    },
    {
      "RequestUri": "/subscriptions/412b782d-2511-4c6d-98f2-3ea01b1c83c3/resourceGroups/ps8439/providers/Microsoft.Sql/locations/southeastasia/serverAzureAsyncOperation/8a9ba9f0-6631-4cb1-b17d-713777dbc52f?api-version=2019-06-01-preview",
      "EncodedRequestUri": "L3N1YnNjcmlwdGlvbnMvNDEyYjc4MmQtMjUxMS00YzZkLTk4ZjItM2VhMDFiMWM4M2MzL3Jlc291cmNlR3JvdXBzL3BzODQzOS9wcm92aWRlcnMvTWljcm9zb2Z0LlNxbC9sb2NhdGlvbnMvc291dGhlYXN0YXNpYS9zZXJ2ZXJBenVyZUFzeW5jT3BlcmF0aW9uLzhhOWJhOWYwLTY2MzEtNGNiMS1iMTdkLTcxMzc3N2RiYzUyZj9hcGktdmVyc2lvbj0yMDE5LTA2LTAxLXByZXZpZXc=",
      "RequestMethod": "GET",
      "RequestBody": "",
      "RequestHeaders": {
        "x-ms-client-request-id": [
          "1d6c0ba1-a293-46eb-9a6d-573f76911d4d"
        ],
        "User-Agent": [
          "FxVersion/4.6.29812.02",
          "OSName/Windows",
          "OSVersion/Microsoft.Windows.10.0.14393.",
          "Microsoft.Azure.Management.Sql.SqlManagementClient/1.50.0.0"
        ]
      },
      "ResponseHeaders": {
        "Cache-Control": [
          "no-cache"
        ],
        "Pragma": [
          "no-cache"
        ],
        "Retry-After": [
          "1"
        ],
        "x-ms-request-id": [
          "7a26da68-dbd8-4de4-afc0-46b255de2c72"
        ],
        "Server": [
          "Microsoft-HTTPAPI/2.0"
        ],
        "x-ms-ratelimit-remaining-subscription-reads": [
          "11995"
        ],
        "x-ms-correlation-request-id": [
          "d930081a-dbaf-463d-a021-cba6b348787a"
        ],
        "x-ms-routing-request-id": [
          "WESTCENTRALUS:20210317T021522Z:d930081a-dbaf-463d-a021-cba6b348787a"
        ],
        "Strict-Transport-Security": [
          "max-age=31536000; includeSubDomains"
        ],
        "X-Content-Type-Options": [
          "nosniff"
        ],
        "Date": [
          "Wed, 17 Mar 2021 02:15:22 GMT"
        ],
        "Content-Length": [
          "107"
        ],
        "Content-Type": [
          "application/json; charset=utf-8"
        ],
        "Expires": [
          "-1"
        ]
      },
      "ResponseBody": "{\r\n  \"name\": \"8a9ba9f0-6631-4cb1-b17d-713777dbc52f\",\r\n  \"status\": \"InProgress\",\r\n  \"startTime\": \"2021-03-17T02:15:17.63Z\"\r\n}",
      "StatusCode": 200
    },
    {
      "RequestUri": "/subscriptions/412b782d-2511-4c6d-98f2-3ea01b1c83c3/resourceGroups/ps8439/providers/Microsoft.Sql/locations/southeastasia/serverAzureAsyncOperation/8a9ba9f0-6631-4cb1-b17d-713777dbc52f?api-version=2019-06-01-preview",
      "EncodedRequestUri": "L3N1YnNjcmlwdGlvbnMvNDEyYjc4MmQtMjUxMS00YzZkLTk4ZjItM2VhMDFiMWM4M2MzL3Jlc291cmNlR3JvdXBzL3BzODQzOS9wcm92aWRlcnMvTWljcm9zb2Z0LlNxbC9sb2NhdGlvbnMvc291dGhlYXN0YXNpYS9zZXJ2ZXJBenVyZUFzeW5jT3BlcmF0aW9uLzhhOWJhOWYwLTY2MzEtNGNiMS1iMTdkLTcxMzc3N2RiYzUyZj9hcGktdmVyc2lvbj0yMDE5LTA2LTAxLXByZXZpZXc=",
      "RequestMethod": "GET",
      "RequestBody": "",
      "RequestHeaders": {
        "x-ms-client-request-id": [
          "1d6c0ba1-a293-46eb-9a6d-573f76911d4d"
        ],
        "User-Agent": [
          "FxVersion/4.6.29812.02",
          "OSName/Windows",
          "OSVersion/Microsoft.Windows.10.0.14393.",
          "Microsoft.Azure.Management.Sql.SqlManagementClient/1.50.0.0"
        ]
      },
      "ResponseHeaders": {
        "Cache-Control": [
          "no-cache"
        ],
        "Pragma": [
          "no-cache"
        ],
        "Retry-After": [
          "20"
        ],
        "x-ms-request-id": [
          "7b6771f0-a76f-41ab-9919-0f2f504ae567"
        ],
        "Server": [
          "Microsoft-HTTPAPI/2.0"
        ],
        "x-ms-ratelimit-remaining-subscription-reads": [
          "11994"
        ],
        "x-ms-correlation-request-id": [
          "09080ae2-b19c-476e-9971-19c5b0c2b4a4"
        ],
        "x-ms-routing-request-id": [
          "WESTCENTRALUS:20210317T021523Z:09080ae2-b19c-476e-9971-19c5b0c2b4a4"
        ],
        "Strict-Transport-Security": [
          "max-age=31536000; includeSubDomains"
        ],
        "X-Content-Type-Options": [
          "nosniff"
        ],
        "Date": [
          "Wed, 17 Mar 2021 02:15:23 GMT"
        ],
        "Content-Length": [
          "107"
        ],
        "Content-Type": [
          "application/json; charset=utf-8"
        ],
        "Expires": [
          "-1"
        ]
      },
      "ResponseBody": "{\r\n  \"name\": \"8a9ba9f0-6631-4cb1-b17d-713777dbc52f\",\r\n  \"status\": \"InProgress\",\r\n  \"startTime\": \"2021-03-17T02:15:17.63Z\"\r\n}",
      "StatusCode": 200
    },
    {
      "RequestUri": "/subscriptions/412b782d-2511-4c6d-98f2-3ea01b1c83c3/resourceGroups/ps8439/providers/Microsoft.Sql/locations/southeastasia/serverAzureAsyncOperation/8a9ba9f0-6631-4cb1-b17d-713777dbc52f?api-version=2019-06-01-preview",
      "EncodedRequestUri": "L3N1YnNjcmlwdGlvbnMvNDEyYjc4MmQtMjUxMS00YzZkLTk4ZjItM2VhMDFiMWM4M2MzL3Jlc291cmNlR3JvdXBzL3BzODQzOS9wcm92aWRlcnMvTWljcm9zb2Z0LlNxbC9sb2NhdGlvbnMvc291dGhlYXN0YXNpYS9zZXJ2ZXJBenVyZUFzeW5jT3BlcmF0aW9uLzhhOWJhOWYwLTY2MzEtNGNiMS1iMTdkLTcxMzc3N2RiYzUyZj9hcGktdmVyc2lvbj0yMDE5LTA2LTAxLXByZXZpZXc=",
      "RequestMethod": "GET",
      "RequestBody": "",
      "RequestHeaders": {
        "x-ms-client-request-id": [
          "1d6c0ba1-a293-46eb-9a6d-573f76911d4d"
        ],
        "User-Agent": [
          "FxVersion/4.6.29812.02",
          "OSName/Windows",
          "OSVersion/Microsoft.Windows.10.0.14393.",
          "Microsoft.Azure.Management.Sql.SqlManagementClient/1.50.0.0"
        ]
      },
      "ResponseHeaders": {
        "Cache-Control": [
          "no-cache"
        ],
        "Pragma": [
          "no-cache"
        ],
        "Retry-After": [
          "20"
        ],
        "x-ms-request-id": [
          "046a1efe-c71e-4c5f-9751-d6a30bde1519"
        ],
        "Server": [
          "Microsoft-HTTPAPI/2.0"
        ],
        "x-ms-ratelimit-remaining-subscription-reads": [
          "11993"
        ],
        "x-ms-correlation-request-id": [
          "6c3e2604-dece-4134-a30b-601abf2b31ca"
        ],
        "x-ms-routing-request-id": [
          "WESTCENTRALUS:20210317T021544Z:6c3e2604-dece-4134-a30b-601abf2b31ca"
        ],
        "Strict-Transport-Security": [
          "max-age=31536000; includeSubDomains"
        ],
        "X-Content-Type-Options": [
          "nosniff"
        ],
        "Date": [
          "Wed, 17 Mar 2021 02:15:43 GMT"
        ],
        "Content-Length": [
          "107"
        ],
        "Content-Type": [
          "application/json; charset=utf-8"
        ],
        "Expires": [
          "-1"
        ]
      },
      "ResponseBody": "{\r\n  \"name\": \"8a9ba9f0-6631-4cb1-b17d-713777dbc52f\",\r\n  \"status\": \"InProgress\",\r\n  \"startTime\": \"2021-03-17T02:15:17.63Z\"\r\n}",
      "StatusCode": 200
    },
    {
      "RequestUri": "/subscriptions/412b782d-2511-4c6d-98f2-3ea01b1c83c3/resourceGroups/ps8439/providers/Microsoft.Sql/locations/southeastasia/serverAzureAsyncOperation/8a9ba9f0-6631-4cb1-b17d-713777dbc52f?api-version=2019-06-01-preview",
      "EncodedRequestUri": "L3N1YnNjcmlwdGlvbnMvNDEyYjc4MmQtMjUxMS00YzZkLTk4ZjItM2VhMDFiMWM4M2MzL3Jlc291cmNlR3JvdXBzL3BzODQzOS9wcm92aWRlcnMvTWljcm9zb2Z0LlNxbC9sb2NhdGlvbnMvc291dGhlYXN0YXNpYS9zZXJ2ZXJBenVyZUFzeW5jT3BlcmF0aW9uLzhhOWJhOWYwLTY2MzEtNGNiMS1iMTdkLTcxMzc3N2RiYzUyZj9hcGktdmVyc2lvbj0yMDE5LTA2LTAxLXByZXZpZXc=",
      "RequestMethod": "GET",
      "RequestBody": "",
      "RequestHeaders": {
        "x-ms-client-request-id": [
          "1d6c0ba1-a293-46eb-9a6d-573f76911d4d"
        ],
        "User-Agent": [
          "FxVersion/4.6.29812.02",
          "OSName/Windows",
          "OSVersion/Microsoft.Windows.10.0.14393.",
          "Microsoft.Azure.Management.Sql.SqlManagementClient/1.50.0.0"
        ]
      },
      "ResponseHeaders": {
        "Cache-Control": [
          "no-cache"
        ],
        "Pragma": [
          "no-cache"
        ],
        "Retry-After": [
          "15"
        ],
        "x-ms-request-id": [
          "1627b0c7-917d-4d0f-abe3-b78355a2ad0c"
        ],
        "Server": [
          "Microsoft-HTTPAPI/2.0"
        ],
        "x-ms-ratelimit-remaining-subscription-reads": [
          "11992"
        ],
        "x-ms-correlation-request-id": [
          "6e45325a-3608-49a3-b6c2-6eae9fd434ae"
        ],
        "x-ms-routing-request-id": [
          "WESTCENTRALUS:20210317T021604Z:6e45325a-3608-49a3-b6c2-6eae9fd434ae"
        ],
        "Strict-Transport-Security": [
          "max-age=31536000; includeSubDomains"
        ],
        "X-Content-Type-Options": [
          "nosniff"
        ],
        "Date": [
          "Wed, 17 Mar 2021 02:16:03 GMT"
        ],
        "Content-Length": [
          "106"
        ],
        "Content-Type": [
          "application/json; charset=utf-8"
        ],
        "Expires": [
          "-1"
        ]
      },
      "ResponseBody": "{\r\n  \"name\": \"8a9ba9f0-6631-4cb1-b17d-713777dbc52f\",\r\n  \"status\": \"Succeeded\",\r\n  \"startTime\": \"2021-03-17T02:15:17.63Z\"\r\n}",
      "StatusCode": 200
    },
    {
      "RequestUri": "/subscriptions/412b782d-2511-4c6d-98f2-3ea01b1c83c3/resourceGroups/ps8439/providers/Microsoft.Sql/servers/ps1026/databases/ps4577?api-version=2020-11-01-preview",
      "EncodedRequestUri": "L3N1YnNjcmlwdGlvbnMvNDEyYjc4MmQtMjUxMS00YzZkLTk4ZjItM2VhMDFiMWM4M2MzL3Jlc291cmNlR3JvdXBzL3BzODQzOS9wcm92aWRlcnMvTWljcm9zb2Z0LlNxbC9zZXJ2ZXJzL3BzMTAyNi9kYXRhYmFzZXMvcHM0NTc3P2FwaS12ZXJzaW9uPTIwMjAtMTEtMDEtcHJldmlldw==",
      "RequestMethod": "GET",
      "RequestBody": "",
      "RequestHeaders": {
        "x-ms-client-request-id": [
          "b798fcce-2541-4ab7-a90d-012a46871992"
        ],
        "Accept-Language": [
          "en-US"
        ],
        "User-Agent": [
          "FxVersion/4.6.29812.02",
          "OSName/Windows",
          "OSVersion/Microsoft.Windows.10.0.14393.",
          "Microsoft.Azure.Management.Sql.SqlManagementClient/1.50.0.0"
        ]
      },
      "ResponseHeaders": {
        "Cache-Control": [
          "no-cache"
        ],
        "Pragma": [
          "no-cache"
        ],
        "x-ms-failure-cause": [
          "gateway"
        ],
        "x-ms-request-id": [
          "a0a9d830-3047-447c-83b4-c6f20fdb4933"
        ],
        "x-ms-correlation-request-id": [
          "a0a9d830-3047-447c-83b4-c6f20fdb4933"
        ],
        "x-ms-routing-request-id": [
          "WESTCENTRALUS:20210317T021604Z:a0a9d830-3047-447c-83b4-c6f20fdb4933"
        ],
        "Strict-Transport-Security": [
          "max-age=31536000; includeSubDomains"
        ],
        "X-Content-Type-Options": [
          "nosniff"
        ],
        "Date": [
          "Wed, 17 Mar 2021 02:16:04 GMT"
        ],
        "Content-Type": [
          "application/json; charset=utf-8"
        ],
        "Expires": [
          "-1"
        ],
        "Content-Length": [
          "223"
        ]
      },
      "ResponseBody": "{\r\n  \"error\": {\r\n    \"code\": \"ResourceNotFound\",\r\n    \"message\": \"The Resource 'Microsoft.Sql/servers/ps1026/databases/ps4577' under resource group 'ps8439' was not found. For more details please go to https://aka.ms/ARMResourceNotFoundFix\"\r\n  }\r\n}",
      "StatusCode": 404
    },
    {
      "RequestUri": "/subscriptions/412b782d-2511-4c6d-98f2-3ea01b1c83c3/resourceGroups/ps8439/providers/Microsoft.Sql/servers/ps1026/databases/ps4577?api-version=2020-11-01-preview",
      "EncodedRequestUri": "L3N1YnNjcmlwdGlvbnMvNDEyYjc4MmQtMjUxMS00YzZkLTk4ZjItM2VhMDFiMWM4M2MzL3Jlc291cmNlR3JvdXBzL3BzODQzOS9wcm92aWRlcnMvTWljcm9zb2Z0LlNxbC9zZXJ2ZXJzL3BzMTAyNi9kYXRhYmFzZXMvcHM0NTc3P2FwaS12ZXJzaW9uPTIwMjAtMTEtMDEtcHJldmlldw==",
      "RequestMethod": "GET",
      "RequestBody": "",
      "RequestHeaders": {
        "x-ms-client-request-id": [
          "b798fcce-2541-4ab7-a90d-012a46871992"
        ],
        "User-Agent": [
          "FxVersion/4.6.29812.02",
          "OSName/Windows",
          "OSVersion/Microsoft.Windows.10.0.14393.",
          "Microsoft.Azure.Management.Sql.SqlManagementClient/1.50.0.0"
        ]
      },
      "ResponseHeaders": {
        "Cache-Control": [
          "no-cache"
        ],
        "Pragma": [
          "no-cache"
        ],
        "x-ms-request-id": [
          "61600318-3c23-417d-b4f4-262097be5d20"
        ],
        "Server": [
          "Microsoft-HTTPAPI/2.0"
        ],
        "x-ms-ratelimit-remaining-subscription-reads": [
          "11984"
        ],
        "x-ms-correlation-request-id": [
          "e2967983-a294-4b66-8833-374bd9160993"
        ],
        "x-ms-routing-request-id": [
          "WESTCENTRALUS:20210317T021651Z:e2967983-a294-4b66-8833-374bd9160993"
        ],
        "Strict-Transport-Security": [
          "max-age=31536000; includeSubDomains"
        ],
        "X-Content-Type-Options": [
          "nosniff"
        ],
        "Date": [
          "Wed, 17 Mar 2021 02:16:51 GMT"
        ],
        "Content-Length": [
          "1126"
        ],
        "Content-Type": [
          "application/json; charset=utf-8"
        ],
        "Expires": [
          "-1"
        ]
      },
      "ResponseBody": "{\r\n  \"sku\": {\r\n    \"name\": \"GP_Gen5\",\r\n    \"tier\": \"GeneralPurpose\",\r\n    \"family\": \"Gen5\",\r\n    \"capacity\": 2\r\n  },\r\n  \"kind\": \"v12.0,user,vcore\",\r\n  \"properties\": {\r\n    \"collation\": \"SQL_Latin1_General_CP1_CI_AS\",\r\n    \"maxSizeBytes\": 1073741824,\r\n    \"status\": \"Online\",\r\n    \"databaseId\": \"7c9eb766-8d02-4e04-bb26-65c4add2a2c7\",\r\n    \"creationDate\": \"2021-03-17T02:16:41.38Z\",\r\n    \"currentServiceObjectiveName\": \"GP_Gen5_2\",\r\n    \"requestedServiceObjectiveName\": \"GP_Gen5_2\",\r\n    \"defaultSecondaryLocation\": \"eastasia\",\r\n    \"catalogCollation\": \"SQL_Latin1_General_CP1_CI_AS\",\r\n    \"zoneRedundant\": false,\r\n    \"licenseType\": \"LicenseIncluded\",\r\n    \"maxLogSizeBytes\": 68719476736,\r\n    \"readScale\": \"Disabled\",\r\n    \"currentSku\": {\r\n      \"name\": \"GP_Gen5\",\r\n      \"tier\": \"GeneralPurpose\",\r\n      \"family\": \"Gen5\",\r\n      \"capacity\": 2\r\n    },\r\n    \"currentBackupStorageRedundancy\": \"Geo\",\r\n    \"requestedBackupStorageRedundancy\": \"Geo\",\r\n    \"maintenanceConfigurationId\": \"/subscriptions/412b782d-2511-4c6d-98f2-3ea01b1c83c3/providers/Microsoft.Maintenance/publicMaintenanceConfigurations/SQL_Default\"\r\n  },\r\n  \"location\": \"southeastasia\",\r\n  \"id\": \"/subscriptions/412b782d-2511-4c6d-98f2-3ea01b1c83c3/resourceGroups/ps8439/providers/Microsoft.Sql/servers/ps1026/databases/ps4577\",\r\n  \"name\": \"ps4577\",\r\n  \"type\": \"Microsoft.Sql/servers/databases\"\r\n}",
      "StatusCode": 200
    },
    {
      "RequestUri": "/subscriptions/412b782d-2511-4c6d-98f2-3ea01b1c83c3/resourceGroups/ps8439/providers/Microsoft.Sql/servers/ps1026/databases/ps4577?api-version=2020-11-01-preview",
      "EncodedRequestUri": "L3N1YnNjcmlwdGlvbnMvNDEyYjc4MmQtMjUxMS00YzZkLTk4ZjItM2VhMDFiMWM4M2MzL3Jlc291cmNlR3JvdXBzL3BzODQzOS9wcm92aWRlcnMvTWljcm9zb2Z0LlNxbC9zZXJ2ZXJzL3BzMTAyNi9kYXRhYmFzZXMvcHM0NTc3P2FwaS12ZXJzaW9uPTIwMjAtMTEtMDEtcHJldmlldw==",
      "RequestMethod": "GET",
      "RequestBody": "",
      "RequestHeaders": {
        "x-ms-client-request-id": [
          "291e79bb-0d6e-4683-a8b5-e89380711a76"
        ],
        "Accept-Language": [
          "en-US"
        ],
        "User-Agent": [
          "FxVersion/4.6.29812.02",
          "OSName/Windows",
          "OSVersion/Microsoft.Windows.10.0.14393.",
          "Microsoft.Azure.Management.Sql.SqlManagementClient/1.50.0.0"
        ]
      },
      "ResponseHeaders": {
        "Cache-Control": [
          "no-cache"
        ],
        "Pragma": [
          "no-cache"
        ],
        "x-ms-request-id": [
          "53a0c162-7fb1-4bfd-925a-27a08487c313"
        ],
        "Server": [
          "Microsoft-HTTPAPI/2.0"
        ],
        "x-ms-ratelimit-remaining-subscription-reads": [
          "11962"
        ],
        "x-ms-correlation-request-id": [
          "d3abb881-c854-4cb4-97bb-956076304351"
        ],
        "x-ms-routing-request-id": [
          "WESTCENTRALUS:20210317T021942Z:d3abb881-c854-4cb4-97bb-956076304351"
        ],
        "Strict-Transport-Security": [
          "max-age=31536000; includeSubDomains"
        ],
        "X-Content-Type-Options": [
          "nosniff"
        ],
        "Date": [
          "Wed, 17 Mar 2021 02:19:41 GMT"
        ],
        "Content-Length": [
          "1171"
        ],
        "Content-Type": [
          "application/json; charset=utf-8"
        ],
        "Expires": [
          "-1"
        ]
      },
      "ResponseBody": "{\r\n  \"sku\": {\r\n    \"name\": \"GP_Gen5\",\r\n    \"tier\": \"GeneralPurpose\",\r\n    \"family\": \"Gen5\",\r\n    \"capacity\": 2\r\n  },\r\n  \"kind\": \"v12.0,user,vcore\",\r\n  \"properties\": {\r\n    \"collation\": \"SQL_Latin1_General_CP1_CI_AS\",\r\n    \"maxSizeBytes\": 1073741824,\r\n    \"status\": \"Online\",\r\n    \"databaseId\": \"7c9eb766-8d02-4e04-bb26-65c4add2a2c7\",\r\n    \"creationDate\": \"2021-03-17T02:16:41.38Z\",\r\n    \"currentServiceObjectiveName\": \"GP_Gen5_2\",\r\n    \"requestedServiceObjectiveName\": \"GP_Gen5_2\",\r\n    \"defaultSecondaryLocation\": \"eastasia\",\r\n    \"catalogCollation\": \"SQL_Latin1_General_CP1_CI_AS\",\r\n    \"zoneRedundant\": false,\r\n    \"licenseType\": \"LicenseIncluded\",\r\n    \"maxLogSizeBytes\": 68719476736,\r\n    \"earliestRestoreDate\": \"2021-03-17T02:18:26Z\",\r\n    \"readScale\": \"Disabled\",\r\n    \"currentSku\": {\r\n      \"name\": \"GP_Gen5\",\r\n      \"tier\": \"GeneralPurpose\",\r\n      \"family\": \"Gen5\",\r\n      \"capacity\": 2\r\n    },\r\n    \"currentBackupStorageRedundancy\": \"Geo\",\r\n    \"requestedBackupStorageRedundancy\": \"Geo\",\r\n    \"maintenanceConfigurationId\": \"/subscriptions/412b782d-2511-4c6d-98f2-3ea01b1c83c3/providers/Microsoft.Maintenance/publicMaintenanceConfigurations/SQL_Default\"\r\n  },\r\n  \"location\": \"southeastasia\",\r\n  \"id\": \"/subscriptions/412b782d-2511-4c6d-98f2-3ea01b1c83c3/resourceGroups/ps8439/providers/Microsoft.Sql/servers/ps1026/databases/ps4577\",\r\n  \"name\": \"ps4577\",\r\n  \"type\": \"Microsoft.Sql/servers/databases\"\r\n}",
      "StatusCode": 200
    },
    {
      "RequestUri": "/subscriptions/412b782d-2511-4c6d-98f2-3ea01b1c83c3/resourceGroups/ps8439/providers/Microsoft.Sql/servers/ps1026/databases/ps4577?api-version=2020-11-01-preview",
      "EncodedRequestUri": "L3N1YnNjcmlwdGlvbnMvNDEyYjc4MmQtMjUxMS00YzZkLTk4ZjItM2VhMDFiMWM4M2MzL3Jlc291cmNlR3JvdXBzL3BzODQzOS9wcm92aWRlcnMvTWljcm9zb2Z0LlNxbC9zZXJ2ZXJzL3BzMTAyNi9kYXRhYmFzZXMvcHM0NTc3P2FwaS12ZXJzaW9uPTIwMjAtMTEtMDEtcHJldmlldw==",
      "RequestMethod": "PUT",
      "RequestBody": "{\r\n  \"properties\": {\r\n    \"maxSizeBytes\": 1073741824,\r\n    \"readScale\": \"\"\r\n  },\r\n  \"location\": \"southeastasia\"\r\n}",
      "RequestHeaders": {
        "x-ms-client-request-id": [
          "b798fcce-2541-4ab7-a90d-012a46871992"
        ],
        "Accept-Language": [
          "en-US"
        ],
        "User-Agent": [
          "FxVersion/4.6.29812.02",
          "OSName/Windows",
          "OSVersion/Microsoft.Windows.10.0.14393.",
          "Microsoft.Azure.Management.Sql.SqlManagementClient/1.50.0.0"
        ],
        "Content-Type": [
          "application/json; charset=utf-8"
        ],
        "Content-Length": [
          "114"
        ]
      },
      "ResponseHeaders": {
        "Cache-Control": [
          "no-cache"
        ],
        "Pragma": [
          "no-cache"
        ],
        "Location": [
          "https://management.azure.com/subscriptions/412b782d-2511-4c6d-98f2-3ea01b1c83c3/resourceGroups/ps8439/providers/Microsoft.Sql/locations/southeastasia/databaseOperationResults/9dd50ba7-40f6-4f79-9028-e011b2c3bd84?api-version=2020-11-01-preview"
        ],
        "Retry-After": [
          "15"
        ],
        "Azure-AsyncOperation": [
          "https://management.azure.com/subscriptions/412b782d-2511-4c6d-98f2-3ea01b1c83c3/resourceGroups/ps8439/providers/Microsoft.Sql/locations/southeastasia/databaseAzureAsyncOperation/9dd50ba7-40f6-4f79-9028-e011b2c3bd84?api-version=2020-11-01-preview"
        ],
        "x-ms-request-id": [
          "9dd50ba7-40f6-4f79-9028-e011b2c3bd84"
        ],
        "Server": [
          "Microsoft-HTTPAPI/2.0"
        ],
        "x-ms-ratelimit-remaining-subscription-writes": [
          "1198"
        ],
        "x-ms-correlation-request-id": [
          "3d255b98-5d3d-42ee-b13d-b9b41b98e4d2"
        ],
        "x-ms-routing-request-id": [
          "WESTCENTRALUS:20210317T021605Z:3d255b98-5d3d-42ee-b13d-b9b41b98e4d2"
        ],
        "Strict-Transport-Security": [
          "max-age=31536000; includeSubDomains"
        ],
        "X-Content-Type-Options": [
          "nosniff"
        ],
        "Date": [
          "Wed, 17 Mar 2021 02:16:04 GMT"
        ],
        "Content-Length": [
          "76"
        ],
        "Content-Type": [
          "application/json; charset=utf-8"
        ],
        "Expires": [
          "-1"
        ]
      },
      "ResponseBody": "{\r\n  \"operation\": \"CreateLogicalDatabase\",\r\n  \"startTime\": \"2021-03-17T02:16:05.427Z\"\r\n}",
      "StatusCode": 202
    },
    {
      "RequestUri": "/subscriptions/412b782d-2511-4c6d-98f2-3ea01b1c83c3/resourceGroups/ps8439/providers/Microsoft.Sql/locations/southeastasia/databaseAzureAsyncOperation/9dd50ba7-40f6-4f79-9028-e011b2c3bd84?api-version=2020-11-01-preview",
      "EncodedRequestUri": "L3N1YnNjcmlwdGlvbnMvNDEyYjc4MmQtMjUxMS00YzZkLTk4ZjItM2VhMDFiMWM4M2MzL3Jlc291cmNlR3JvdXBzL3BzODQzOS9wcm92aWRlcnMvTWljcm9zb2Z0LlNxbC9sb2NhdGlvbnMvc291dGhlYXN0YXNpYS9kYXRhYmFzZUF6dXJlQXN5bmNPcGVyYXRpb24vOWRkNTBiYTctNDBmNi00Zjc5LTkwMjgtZTAxMWIyYzNiZDg0P2FwaS12ZXJzaW9uPTIwMjAtMTEtMDEtcHJldmlldw==",
      "RequestMethod": "GET",
      "RequestBody": "",
      "RequestHeaders": {
        "x-ms-client-request-id": [
          "b798fcce-2541-4ab7-a90d-012a46871992"
        ],
        "User-Agent": [
          "FxVersion/4.6.29812.02",
          "OSName/Windows",
          "OSVersion/Microsoft.Windows.10.0.14393.",
          "Microsoft.Azure.Management.Sql.SqlManagementClient/1.50.0.0"
        ]
      },
      "ResponseHeaders": {
        "Cache-Control": [
          "no-cache"
        ],
        "Pragma": [
          "no-cache"
        ],
        "Retry-After": [
          "15"
        ],
        "x-ms-request-id": [
          "3a80336a-d63e-40f1-b76e-a4499efdbebd"
        ],
        "Server": [
          "Microsoft-HTTPAPI/2.0"
        ],
        "x-ms-ratelimit-remaining-subscription-reads": [
          "11987"
        ],
        "x-ms-correlation-request-id": [
          "1308cb90-93a5-484e-93ca-009455d8abd4"
        ],
        "x-ms-routing-request-id": [
          "WESTCENTRALUS:20210317T021620Z:1308cb90-93a5-484e-93ca-009455d8abd4"
        ],
        "Strict-Transport-Security": [
          "max-age=31536000; includeSubDomains"
        ],
        "X-Content-Type-Options": [
          "nosniff"
        ],
        "Date": [
          "Wed, 17 Mar 2021 02:16:19 GMT"
        ],
        "Content-Length": [
          "108"
        ],
        "Content-Type": [
          "application/json; charset=utf-8"
        ],
        "Expires": [
          "-1"
        ]
      },
      "ResponseBody": "{\r\n  \"name\": \"9dd50ba7-40f6-4f79-9028-e011b2c3bd84\",\r\n  \"status\": \"InProgress\",\r\n  \"startTime\": \"2021-03-17T02:16:05.427Z\"\r\n}",
      "StatusCode": 200
    },
    {
      "RequestUri": "/subscriptions/412b782d-2511-4c6d-98f2-3ea01b1c83c3/resourceGroups/ps8439/providers/Microsoft.Sql/locations/southeastasia/databaseAzureAsyncOperation/9dd50ba7-40f6-4f79-9028-e011b2c3bd84?api-version=2020-11-01-preview",
      "EncodedRequestUri": "L3N1YnNjcmlwdGlvbnMvNDEyYjc4MmQtMjUxMS00YzZkLTk4ZjItM2VhMDFiMWM4M2MzL3Jlc291cmNlR3JvdXBzL3BzODQzOS9wcm92aWRlcnMvTWljcm9zb2Z0LlNxbC9sb2NhdGlvbnMvc291dGhlYXN0YXNpYS9kYXRhYmFzZUF6dXJlQXN5bmNPcGVyYXRpb24vOWRkNTBiYTctNDBmNi00Zjc5LTkwMjgtZTAxMWIyYzNiZDg0P2FwaS12ZXJzaW9uPTIwMjAtMTEtMDEtcHJldmlldw==",
      "RequestMethod": "GET",
      "RequestBody": "",
      "RequestHeaders": {
        "x-ms-client-request-id": [
          "b798fcce-2541-4ab7-a90d-012a46871992"
        ],
        "User-Agent": [
          "FxVersion/4.6.29812.02",
          "OSName/Windows",
          "OSVersion/Microsoft.Windows.10.0.14393.",
          "Microsoft.Azure.Management.Sql.SqlManagementClient/1.50.0.0"
        ]
      },
      "ResponseHeaders": {
        "Cache-Control": [
          "no-cache"
        ],
        "Pragma": [
          "no-cache"
        ],
        "Retry-After": [
          "15"
        ],
        "x-ms-request-id": [
          "67a55376-31c5-434f-8729-24484b196b81"
        ],
        "Server": [
          "Microsoft-HTTPAPI/2.0"
        ],
        "x-ms-ratelimit-remaining-subscription-reads": [
          "11986"
        ],
        "x-ms-correlation-request-id": [
          "57ac6cc3-469c-4428-96f7-9504aaf33484"
        ],
        "x-ms-routing-request-id": [
          "WESTCENTRALUS:20210317T021636Z:57ac6cc3-469c-4428-96f7-9504aaf33484"
        ],
        "Strict-Transport-Security": [
          "max-age=31536000; includeSubDomains"
        ],
        "X-Content-Type-Options": [
          "nosniff"
        ],
        "Date": [
          "Wed, 17 Mar 2021 02:16:35 GMT"
        ],
        "Content-Length": [
          "108"
        ],
        "Content-Type": [
          "application/json; charset=utf-8"
        ],
        "Expires": [
          "-1"
        ]
      },
      "ResponseBody": "{\r\n  \"name\": \"9dd50ba7-40f6-4f79-9028-e011b2c3bd84\",\r\n  \"status\": \"InProgress\",\r\n  \"startTime\": \"2021-03-17T02:16:05.427Z\"\r\n}",
      "StatusCode": 200
    },
    {
      "RequestUri": "/subscriptions/412b782d-2511-4c6d-98f2-3ea01b1c83c3/resourceGroups/ps8439/providers/Microsoft.Sql/locations/southeastasia/databaseAzureAsyncOperation/9dd50ba7-40f6-4f79-9028-e011b2c3bd84?api-version=2020-11-01-preview",
      "EncodedRequestUri": "L3N1YnNjcmlwdGlvbnMvNDEyYjc4MmQtMjUxMS00YzZkLTk4ZjItM2VhMDFiMWM4M2MzL3Jlc291cmNlR3JvdXBzL3BzODQzOS9wcm92aWRlcnMvTWljcm9zb2Z0LlNxbC9sb2NhdGlvbnMvc291dGhlYXN0YXNpYS9kYXRhYmFzZUF6dXJlQXN5bmNPcGVyYXRpb24vOWRkNTBiYTctNDBmNi00Zjc5LTkwMjgtZTAxMWIyYzNiZDg0P2FwaS12ZXJzaW9uPTIwMjAtMTEtMDEtcHJldmlldw==",
      "RequestMethod": "GET",
      "RequestBody": "",
      "RequestHeaders": {
        "x-ms-client-request-id": [
          "b798fcce-2541-4ab7-a90d-012a46871992"
        ],
        "User-Agent": [
          "FxVersion/4.6.29812.02",
          "OSName/Windows",
          "OSVersion/Microsoft.Windows.10.0.14393.",
          "Microsoft.Azure.Management.Sql.SqlManagementClient/1.50.0.0"
        ]
      },
      "ResponseHeaders": {
        "Cache-Control": [
          "no-cache"
        ],
        "Pragma": [
          "no-cache"
        ],
        "Retry-After": [
          "15"
        ],
        "x-ms-request-id": [
          "af0e9558-05ff-461c-a7dc-397623e6c986"
        ],
        "Server": [
          "Microsoft-HTTPAPI/2.0"
        ],
        "x-ms-ratelimit-remaining-subscription-reads": [
          "11985"
        ],
        "x-ms-correlation-request-id": [
          "b5d75182-e049-43b1-826b-6d2202e70b4b"
        ],
        "x-ms-routing-request-id": [
          "WESTCENTRALUS:20210317T021651Z:b5d75182-e049-43b1-826b-6d2202e70b4b"
        ],
        "Strict-Transport-Security": [
          "max-age=31536000; includeSubDomains"
        ],
        "X-Content-Type-Options": [
          "nosniff"
        ],
        "Date": [
          "Wed, 17 Mar 2021 02:16:51 GMT"
        ],
        "Content-Length": [
          "107"
        ],
        "Content-Type": [
          "application/json; charset=utf-8"
        ],
        "Expires": [
          "-1"
        ]
      },
      "ResponseBody": "{\r\n  \"name\": \"9dd50ba7-40f6-4f79-9028-e011b2c3bd84\",\r\n  \"status\": \"Succeeded\",\r\n  \"startTime\": \"2021-03-17T02:16:05.427Z\"\r\n}",
      "StatusCode": 200
    },
    {
      "RequestUri": "/subscriptions/412b782d-2511-4c6d-98f2-3ea01b1c83c3/resourceGroups/ps8439/providers/Microsoft.Sql/servers/ps1026/databases/ps159?api-version=2020-11-01-preview",
      "EncodedRequestUri": "L3N1YnNjcmlwdGlvbnMvNDEyYjc4MmQtMjUxMS00YzZkLTk4ZjItM2VhMDFiMWM4M2MzL3Jlc291cmNlR3JvdXBzL3BzODQzOS9wcm92aWRlcnMvTWljcm9zb2Z0LlNxbC9zZXJ2ZXJzL3BzMTAyNi9kYXRhYmFzZXMvcHMxNTk/YXBpLXZlcnNpb249MjAyMC0xMS0wMS1wcmV2aWV3",
      "RequestMethod": "GET",
      "RequestBody": "",
      "RequestHeaders": {
        "x-ms-client-request-id": [
          "dd78456e-654d-4eeb-b340-a3cb9a67d1ca"
        ],
        "Accept-Language": [
          "en-US"
        ],
        "User-Agent": [
          "FxVersion/4.6.29812.02",
          "OSName/Windows",
          "OSVersion/Microsoft.Windows.10.0.14393.",
          "Microsoft.Azure.Management.Sql.SqlManagementClient/1.50.0.0"
        ]
      },
      "ResponseHeaders": {
        "Cache-Control": [
          "no-cache"
        ],
        "Pragma": [
          "no-cache"
        ],
        "x-ms-failure-cause": [
          "gateway"
        ],
        "x-ms-request-id": [
          "1940119f-c50b-41aa-a87d-55c0062b470b"
        ],
        "x-ms-correlation-request-id": [
          "1940119f-c50b-41aa-a87d-55c0062b470b"
        ],
        "x-ms-routing-request-id": [
          "WESTCENTRALUS:20210317T021651Z:1940119f-c50b-41aa-a87d-55c0062b470b"
        ],
        "Strict-Transport-Security": [
          "max-age=31536000; includeSubDomains"
        ],
        "X-Content-Type-Options": [
          "nosniff"
        ],
        "Date": [
          "Wed, 17 Mar 2021 02:16:51 GMT"
        ],
        "Content-Type": [
          "application/json; charset=utf-8"
        ],
        "Expires": [
          "-1"
        ],
        "Content-Length": [
          "222"
        ]
      },
      "ResponseBody": "{\r\n  \"error\": {\r\n    \"code\": \"ResourceNotFound\",\r\n    \"message\": \"The Resource 'Microsoft.Sql/servers/ps1026/databases/ps159' under resource group 'ps8439' was not found. For more details please go to https://aka.ms/ARMResourceNotFoundFix\"\r\n  }\r\n}",
      "StatusCode": 404
    },
    {
      "RequestUri": "/subscriptions/412b782d-2511-4c6d-98f2-3ea01b1c83c3/resourceGroups/ps8439/providers/Microsoft.Sql/servers/ps1026/databases/ps159?api-version=2020-11-01-preview",
      "EncodedRequestUri": "L3N1YnNjcmlwdGlvbnMvNDEyYjc4MmQtMjUxMS00YzZkLTk4ZjItM2VhMDFiMWM4M2MzL3Jlc291cmNlR3JvdXBzL3BzODQzOS9wcm92aWRlcnMvTWljcm9zb2Z0LlNxbC9zZXJ2ZXJzL3BzMTAyNi9kYXRhYmFzZXMvcHMxNTk/YXBpLXZlcnNpb249MjAyMC0xMS0wMS1wcmV2aWV3",
      "RequestMethod": "GET",
      "RequestBody": "",
      "RequestHeaders": {
        "x-ms-client-request-id": [
          "dd78456e-654d-4eeb-b340-a3cb9a67d1ca"
        ],
        "User-Agent": [
          "FxVersion/4.6.29812.02",
          "OSName/Windows",
          "OSVersion/Microsoft.Windows.10.0.14393.",
          "Microsoft.Azure.Management.Sql.SqlManagementClient/1.50.0.0"
        ]
      },
      "ResponseHeaders": {
        "Cache-Control": [
          "no-cache"
        ],
        "Pragma": [
          "no-cache"
        ],
        "x-ms-request-id": [
          "cf3ebc81-42bd-46c9-b87a-12035e571d57"
        ],
        "Server": [
          "Microsoft-HTTPAPI/2.0"
        ],
        "x-ms-ratelimit-remaining-subscription-reads": [
          "11977"
        ],
        "x-ms-correlation-request-id": [
          "862e82bf-2963-49c1-8123-6e088b3ee313"
        ],
        "x-ms-routing-request-id": [
          "WESTCENTRALUS:20210317T021738Z:862e82bf-2963-49c1-8123-6e088b3ee313"
        ],
        "Strict-Transport-Security": [
          "max-age=31536000; includeSubDomains"
        ],
        "X-Content-Type-Options": [
          "nosniff"
        ],
        "Date": [
          "Wed, 17 Mar 2021 02:17:37 GMT"
        ],
        "Content-Length": [
          "998"
        ],
        "Content-Type": [
          "application/json; charset=utf-8"
        ],
        "Expires": [
          "-1"
        ]
      },
      "ResponseBody": "{\r\n  \"sku\": {\r\n    \"name\": \"Basic\",\r\n    \"tier\": \"Basic\",\r\n    \"capacity\": 5\r\n  },\r\n  \"kind\": \"v12.0,user\",\r\n  \"properties\": {\r\n    \"collation\": \"Japanese_Bushu_Kakusu_100_CS_AS\",\r\n    \"maxSizeBytes\": 1073741824,\r\n    \"status\": \"Online\",\r\n    \"databaseId\": \"c6cfc9e9-9d11-402b-a248-743599a7ec31\",\r\n    \"creationDate\": \"2021-03-17T02:17:32.647Z\",\r\n    \"currentServiceObjectiveName\": \"Basic\",\r\n    \"requestedServiceObjectiveName\": \"Basic\",\r\n    \"defaultSecondaryLocation\": \"eastasia\",\r\n    \"catalogCollation\": \"SQL_Latin1_General_CP1_CI_AS\",\r\n    \"zoneRedundant\": false,\r\n    \"readScale\": \"Disabled\",\r\n    \"currentSku\": {\r\n      \"name\": \"Basic\",\r\n      \"tier\": \"Basic\",\r\n      \"capacity\": 5\r\n    },\r\n    \"currentBackupStorageRedundancy\": \"Geo\",\r\n    \"requestedBackupStorageRedundancy\": \"Geo\",\r\n    \"maintenanceConfigurationId\": \"/subscriptions/412b782d-2511-4c6d-98f2-3ea01b1c83c3/providers/Microsoft.Maintenance/publicMaintenanceConfigurations/SQL_Default\"\r\n  },\r\n  \"location\": \"southeastasia\",\r\n  \"id\": \"/subscriptions/412b782d-2511-4c6d-98f2-3ea01b1c83c3/resourceGroups/ps8439/providers/Microsoft.Sql/servers/ps1026/databases/ps159\",\r\n  \"name\": \"ps159\",\r\n  \"type\": \"Microsoft.Sql/servers/databases\"\r\n}",
      "StatusCode": 200
    },
    {
      "RequestUri": "/subscriptions/412b782d-2511-4c6d-98f2-3ea01b1c83c3/resourceGroups/ps8439/providers/Microsoft.Sql/servers/ps1026/databases/ps159?api-version=2020-11-01-preview",
      "EncodedRequestUri": "L3N1YnNjcmlwdGlvbnMvNDEyYjc4MmQtMjUxMS00YzZkLTk4ZjItM2VhMDFiMWM4M2MzL3Jlc291cmNlR3JvdXBzL3BzODQzOS9wcm92aWRlcnMvTWljcm9zb2Z0LlNxbC9zZXJ2ZXJzL3BzMTAyNi9kYXRhYmFzZXMvcHMxNTk/YXBpLXZlcnNpb249MjAyMC0xMS0wMS1wcmV2aWV3",
      "RequestMethod": "GET",
      "RequestBody": "",
      "RequestHeaders": {
        "x-ms-client-request-id": [
          "03821d86-22fa-4122-943c-517e0d5b2c5d"
        ],
        "Accept-Language": [
          "en-US"
        ],
        "User-Agent": [
          "FxVersion/4.6.29812.02",
          "OSName/Windows",
          "OSVersion/Microsoft.Windows.10.0.14393.",
          "Microsoft.Azure.Management.Sql.SqlManagementClient/1.50.0.0"
        ]
      },
      "ResponseHeaders": {
        "Cache-Control": [
          "no-cache"
        ],
        "Pragma": [
          "no-cache"
        ],
        "x-ms-request-id": [
          "37430658-c86d-411f-a468-e1ce61d73e29"
        ],
        "Server": [
          "Microsoft-HTTPAPI/2.0"
        ],
        "x-ms-ratelimit-remaining-subscription-reads": [
          "11961"
        ],
        "x-ms-correlation-request-id": [
          "ec7b9cc1-d291-4bee-806d-497d0eb82e8f"
        ],
        "x-ms-routing-request-id": [
          "WESTCENTRALUS:20210317T021942Z:ec7b9cc1-d291-4bee-806d-497d0eb82e8f"
        ],
        "Strict-Transport-Security": [
          "max-age=31536000; includeSubDomains"
        ],
        "X-Content-Type-Options": [
          "nosniff"
        ],
        "Date": [
          "Wed, 17 Mar 2021 02:19:41 GMT"
        ],
        "Content-Length": [
          "998"
        ],
        "Content-Type": [
          "application/json; charset=utf-8"
        ],
        "Expires": [
          "-1"
        ]
      },
      "ResponseBody": "{\r\n  \"sku\": {\r\n    \"name\": \"Basic\",\r\n    \"tier\": \"Basic\",\r\n    \"capacity\": 5\r\n  },\r\n  \"kind\": \"v12.0,user\",\r\n  \"properties\": {\r\n    \"collation\": \"Japanese_Bushu_Kakusu_100_CS_AS\",\r\n    \"maxSizeBytes\": 1073741824,\r\n    \"status\": \"Online\",\r\n    \"databaseId\": \"c6cfc9e9-9d11-402b-a248-743599a7ec31\",\r\n    \"creationDate\": \"2021-03-17T02:17:32.647Z\",\r\n    \"currentServiceObjectiveName\": \"Basic\",\r\n    \"requestedServiceObjectiveName\": \"Basic\",\r\n    \"defaultSecondaryLocation\": \"eastasia\",\r\n    \"catalogCollation\": \"SQL_Latin1_General_CP1_CI_AS\",\r\n    \"zoneRedundant\": false,\r\n    \"readScale\": \"Disabled\",\r\n    \"currentSku\": {\r\n      \"name\": \"Basic\",\r\n      \"tier\": \"Basic\",\r\n      \"capacity\": 5\r\n    },\r\n    \"currentBackupStorageRedundancy\": \"Geo\",\r\n    \"requestedBackupStorageRedundancy\": \"Geo\",\r\n    \"maintenanceConfigurationId\": \"/subscriptions/412b782d-2511-4c6d-98f2-3ea01b1c83c3/providers/Microsoft.Maintenance/publicMaintenanceConfigurations/SQL_Default\"\r\n  },\r\n  \"location\": \"southeastasia\",\r\n  \"id\": \"/subscriptions/412b782d-2511-4c6d-98f2-3ea01b1c83c3/resourceGroups/ps8439/providers/Microsoft.Sql/servers/ps1026/databases/ps159\",\r\n  \"name\": \"ps159\",\r\n  \"type\": \"Microsoft.Sql/servers/databases\"\r\n}",
      "StatusCode": 200
    },
    {
      "RequestUri": "/subscriptions/412b782d-2511-4c6d-98f2-3ea01b1c83c3/resourceGroups/ps8439/providers/Microsoft.Sql/servers/ps1026/databases/ps159?api-version=2020-11-01-preview",
      "EncodedRequestUri": "L3N1YnNjcmlwdGlvbnMvNDEyYjc4MmQtMjUxMS00YzZkLTk4ZjItM2VhMDFiMWM4M2MzL3Jlc291cmNlR3JvdXBzL3BzODQzOS9wcm92aWRlcnMvTWljcm9zb2Z0LlNxbC9zZXJ2ZXJzL3BzMTAyNi9kYXRhYmFzZXMvcHMxNTk/YXBpLXZlcnNpb249MjAyMC0xMS0wMS1wcmV2aWV3",
      "RequestMethod": "PUT",
      "RequestBody": "{\r\n  \"sku\": {\r\n    \"name\": \"Basic\",\r\n    \"tier\": \"Basic\"\r\n  },\r\n  \"properties\": {\r\n    \"collation\": \"Japanese_Bushu_Kakusu_100_CS_AS\",\r\n    \"maxSizeBytes\": 1073741824,\r\n    \"readScale\": \"\"\r\n  },\r\n  \"location\": \"southeastasia\"\r\n}",
      "RequestHeaders": {
        "x-ms-client-request-id": [
          "dd78456e-654d-4eeb-b340-a3cb9a67d1ca"
        ],
        "Accept-Language": [
          "en-US"
        ],
        "User-Agent": [
          "FxVersion/4.6.29812.02",
          "OSName/Windows",
          "OSVersion/Microsoft.Windows.10.0.14393.",
          "Microsoft.Azure.Management.Sql.SqlManagementClient/1.50.0.0"
        ],
        "Content-Type": [
          "application/json; charset=utf-8"
        ],
        "Content-Length": [
          "228"
        ]
      },
      "ResponseHeaders": {
        "Cache-Control": [
          "no-cache"
        ],
        "Pragma": [
          "no-cache"
        ],
        "Location": [
          "https://management.azure.com/subscriptions/412b782d-2511-4c6d-98f2-3ea01b1c83c3/resourceGroups/ps8439/providers/Microsoft.Sql/locations/southeastasia/databaseOperationResults/831c2a76-bfce-427e-a4eb-457548b1c1c3?api-version=2020-11-01-preview"
        ],
        "Retry-After": [
          "15"
        ],
        "Azure-AsyncOperation": [
          "https://management.azure.com/subscriptions/412b782d-2511-4c6d-98f2-3ea01b1c83c3/resourceGroups/ps8439/providers/Microsoft.Sql/locations/southeastasia/databaseAzureAsyncOperation/831c2a76-bfce-427e-a4eb-457548b1c1c3?api-version=2020-11-01-preview"
        ],
        "x-ms-request-id": [
          "831c2a76-bfce-427e-a4eb-457548b1c1c3"
        ],
        "Server": [
          "Microsoft-HTTPAPI/2.0"
        ],
        "x-ms-ratelimit-remaining-subscription-writes": [
          "1197"
        ],
        "x-ms-correlation-request-id": [
          "4924a973-6f36-4e93-a428-90cdb78dccdd"
        ],
        "x-ms-routing-request-id": [
          "WESTCENTRALUS:20210317T021652Z:4924a973-6f36-4e93-a428-90cdb78dccdd"
        ],
        "Strict-Transport-Security": [
          "max-age=31536000; includeSubDomains"
        ],
        "X-Content-Type-Options": [
          "nosniff"
        ],
        "Date": [
          "Wed, 17 Mar 2021 02:16:52 GMT"
        ],
        "Content-Length": [
          "76"
        ],
        "Content-Type": [
          "application/json; charset=utf-8"
        ],
        "Expires": [
          "-1"
        ]
      },
      "ResponseBody": "{\r\n  \"operation\": \"CreateLogicalDatabase\",\r\n  \"startTime\": \"2021-03-17T02:16:52.457Z\"\r\n}",
      "StatusCode": 202
    },
    {
      "RequestUri": "/subscriptions/412b782d-2511-4c6d-98f2-3ea01b1c83c3/resourceGroups/ps8439/providers/Microsoft.Sql/locations/southeastasia/databaseAzureAsyncOperation/831c2a76-bfce-427e-a4eb-457548b1c1c3?api-version=2020-11-01-preview",
      "EncodedRequestUri": "L3N1YnNjcmlwdGlvbnMvNDEyYjc4MmQtMjUxMS00YzZkLTk4ZjItM2VhMDFiMWM4M2MzL3Jlc291cmNlR3JvdXBzL3BzODQzOS9wcm92aWRlcnMvTWljcm9zb2Z0LlNxbC9sb2NhdGlvbnMvc291dGhlYXN0YXNpYS9kYXRhYmFzZUF6dXJlQXN5bmNPcGVyYXRpb24vODMxYzJhNzYtYmZjZS00MjdlLWE0ZWItNDU3NTQ4YjFjMWMzP2FwaS12ZXJzaW9uPTIwMjAtMTEtMDEtcHJldmlldw==",
      "RequestMethod": "GET",
      "RequestBody": "",
      "RequestHeaders": {
        "x-ms-client-request-id": [
          "dd78456e-654d-4eeb-b340-a3cb9a67d1ca"
        ],
        "User-Agent": [
          "FxVersion/4.6.29812.02",
          "OSName/Windows",
          "OSVersion/Microsoft.Windows.10.0.14393.",
          "Microsoft.Azure.Management.Sql.SqlManagementClient/1.50.0.0"
        ]
      },
      "ResponseHeaders": {
        "Cache-Control": [
          "no-cache"
        ],
        "Pragma": [
          "no-cache"
        ],
        "Retry-After": [
          "15"
        ],
        "x-ms-request-id": [
          "aa0828b9-6c00-4102-bc0a-2f7ce8a10198"
        ],
        "Server": [
          "Microsoft-HTTPAPI/2.0"
        ],
        "x-ms-ratelimit-remaining-subscription-reads": [
          "11980"
        ],
        "x-ms-correlation-request-id": [
          "2a458230-c862-47c3-ba0e-eab8e6ab7b0e"
        ],
        "x-ms-routing-request-id": [
          "WESTCENTRALUS:20210317T021707Z:2a458230-c862-47c3-ba0e-eab8e6ab7b0e"
        ],
        "Strict-Transport-Security": [
          "max-age=31536000; includeSubDomains"
        ],
        "X-Content-Type-Options": [
          "nosniff"
        ],
        "Date": [
          "Wed, 17 Mar 2021 02:17:07 GMT"
        ],
        "Content-Length": [
          "108"
        ],
        "Content-Type": [
          "application/json; charset=utf-8"
        ],
        "Expires": [
          "-1"
        ]
      },
      "ResponseBody": "{\r\n  \"name\": \"831c2a76-bfce-427e-a4eb-457548b1c1c3\",\r\n  \"status\": \"InProgress\",\r\n  \"startTime\": \"2021-03-17T02:16:52.457Z\"\r\n}",
      "StatusCode": 200
    },
    {
      "RequestUri": "/subscriptions/412b782d-2511-4c6d-98f2-3ea01b1c83c3/resourceGroups/ps8439/providers/Microsoft.Sql/locations/southeastasia/databaseAzureAsyncOperation/831c2a76-bfce-427e-a4eb-457548b1c1c3?api-version=2020-11-01-preview",
      "EncodedRequestUri": "L3N1YnNjcmlwdGlvbnMvNDEyYjc4MmQtMjUxMS00YzZkLTk4ZjItM2VhMDFiMWM4M2MzL3Jlc291cmNlR3JvdXBzL3BzODQzOS9wcm92aWRlcnMvTWljcm9zb2Z0LlNxbC9sb2NhdGlvbnMvc291dGhlYXN0YXNpYS9kYXRhYmFzZUF6dXJlQXN5bmNPcGVyYXRpb24vODMxYzJhNzYtYmZjZS00MjdlLWE0ZWItNDU3NTQ4YjFjMWMzP2FwaS12ZXJzaW9uPTIwMjAtMTEtMDEtcHJldmlldw==",
      "RequestMethod": "GET",
      "RequestBody": "",
      "RequestHeaders": {
        "x-ms-client-request-id": [
          "dd78456e-654d-4eeb-b340-a3cb9a67d1ca"
        ],
        "User-Agent": [
          "FxVersion/4.6.29812.02",
          "OSName/Windows",
          "OSVersion/Microsoft.Windows.10.0.14393.",
          "Microsoft.Azure.Management.Sql.SqlManagementClient/1.50.0.0"
        ]
      },
      "ResponseHeaders": {
        "Cache-Control": [
          "no-cache"
        ],
        "Pragma": [
          "no-cache"
        ],
        "Retry-After": [
          "15"
        ],
        "x-ms-request-id": [
          "484aae8c-dd41-4f2f-9320-5917bd6b4acd"
        ],
        "Server": [
          "Microsoft-HTTPAPI/2.0"
        ],
        "x-ms-ratelimit-remaining-subscription-reads": [
          "11979"
        ],
        "x-ms-correlation-request-id": [
          "3b3d9da2-c05e-424e-9e62-a24cd0b7ab08"
        ],
        "x-ms-routing-request-id": [
          "WESTCENTRALUS:20210317T021723Z:3b3d9da2-c05e-424e-9e62-a24cd0b7ab08"
        ],
        "Strict-Transport-Security": [
          "max-age=31536000; includeSubDomains"
        ],
        "X-Content-Type-Options": [
          "nosniff"
        ],
        "Date": [
          "Wed, 17 Mar 2021 02:17:22 GMT"
        ],
        "Content-Length": [
          "108"
        ],
        "Content-Type": [
          "application/json; charset=utf-8"
        ],
        "Expires": [
          "-1"
        ]
      },
      "ResponseBody": "{\r\n  \"name\": \"831c2a76-bfce-427e-a4eb-457548b1c1c3\",\r\n  \"status\": \"InProgress\",\r\n  \"startTime\": \"2021-03-17T02:16:52.457Z\"\r\n}",
      "StatusCode": 200
    },
    {
      "RequestUri": "/subscriptions/412b782d-2511-4c6d-98f2-3ea01b1c83c3/resourceGroups/ps8439/providers/Microsoft.Sql/locations/southeastasia/databaseAzureAsyncOperation/831c2a76-bfce-427e-a4eb-457548b1c1c3?api-version=2020-11-01-preview",
      "EncodedRequestUri": "L3N1YnNjcmlwdGlvbnMvNDEyYjc4MmQtMjUxMS00YzZkLTk4ZjItM2VhMDFiMWM4M2MzL3Jlc291cmNlR3JvdXBzL3BzODQzOS9wcm92aWRlcnMvTWljcm9zb2Z0LlNxbC9sb2NhdGlvbnMvc291dGhlYXN0YXNpYS9kYXRhYmFzZUF6dXJlQXN5bmNPcGVyYXRpb24vODMxYzJhNzYtYmZjZS00MjdlLWE0ZWItNDU3NTQ4YjFjMWMzP2FwaS12ZXJzaW9uPTIwMjAtMTEtMDEtcHJldmlldw==",
      "RequestMethod": "GET",
      "RequestBody": "",
      "RequestHeaders": {
        "x-ms-client-request-id": [
          "dd78456e-654d-4eeb-b340-a3cb9a67d1ca"
        ],
        "User-Agent": [
          "FxVersion/4.6.29812.02",
          "OSName/Windows",
          "OSVersion/Microsoft.Windows.10.0.14393.",
          "Microsoft.Azure.Management.Sql.SqlManagementClient/1.50.0.0"
        ]
      },
      "ResponseHeaders": {
        "Cache-Control": [
          "no-cache"
        ],
        "Pragma": [
          "no-cache"
        ],
        "Retry-After": [
          "15"
        ],
        "x-ms-request-id": [
          "acdd6907-f0d5-4009-b996-e21b64b2160a"
        ],
        "Server": [
          "Microsoft-HTTPAPI/2.0"
        ],
        "x-ms-ratelimit-remaining-subscription-reads": [
          "11978"
        ],
        "x-ms-correlation-request-id": [
          "ea2e0ab5-b8a8-4a4b-b812-12dba6ff49ab"
        ],
        "x-ms-routing-request-id": [
          "WESTCENTRALUS:20210317T021738Z:ea2e0ab5-b8a8-4a4b-b812-12dba6ff49ab"
        ],
        "Strict-Transport-Security": [
          "max-age=31536000; includeSubDomains"
        ],
        "X-Content-Type-Options": [
          "nosniff"
        ],
        "Date": [
          "Wed, 17 Mar 2021 02:17:37 GMT"
        ],
        "Content-Length": [
          "107"
        ],
        "Content-Type": [
          "application/json; charset=utf-8"
        ],
        "Expires": [
          "-1"
        ]
      },
      "ResponseBody": "{\r\n  \"name\": \"831c2a76-bfce-427e-a4eb-457548b1c1c3\",\r\n  \"status\": \"Succeeded\",\r\n  \"startTime\": \"2021-03-17T02:16:52.457Z\"\r\n}",
      "StatusCode": 200
    },
    {
      "RequestUri": "/subscriptions/412b782d-2511-4c6d-98f2-3ea01b1c83c3/resourceGroups/ps8439/providers/Microsoft.Sql/servers/ps1026/databases/ps1693?api-version=2020-11-01-preview",
      "EncodedRequestUri": "L3N1YnNjcmlwdGlvbnMvNDEyYjc4MmQtMjUxMS00YzZkLTk4ZjItM2VhMDFiMWM4M2MzL3Jlc291cmNlR3JvdXBzL3BzODQzOS9wcm92aWRlcnMvTWljcm9zb2Z0LlNxbC9zZXJ2ZXJzL3BzMTAyNi9kYXRhYmFzZXMvcHMxNjkzP2FwaS12ZXJzaW9uPTIwMjAtMTEtMDEtcHJldmlldw==",
      "RequestMethod": "GET",
      "RequestBody": "",
      "RequestHeaders": {
        "x-ms-client-request-id": [
          "89040609-4ab2-4b0a-8033-901a110f23b8"
        ],
        "Accept-Language": [
          "en-US"
        ],
        "User-Agent": [
          "FxVersion/4.6.29812.02",
          "OSName/Windows",
          "OSVersion/Microsoft.Windows.10.0.14393.",
          "Microsoft.Azure.Management.Sql.SqlManagementClient/1.50.0.0"
        ]
      },
      "ResponseHeaders": {
        "Cache-Control": [
          "no-cache"
        ],
        "Pragma": [
          "no-cache"
        ],
        "x-ms-failure-cause": [
          "gateway"
        ],
        "x-ms-request-id": [
          "f1c1c649-537f-4771-ac37-99dbcbb6aa23"
        ],
        "x-ms-correlation-request-id": [
          "f1c1c649-537f-4771-ac37-99dbcbb6aa23"
        ],
        "x-ms-routing-request-id": [
          "WESTCENTRALUS:20210317T021738Z:f1c1c649-537f-4771-ac37-99dbcbb6aa23"
        ],
        "Strict-Transport-Security": [
          "max-age=31536000; includeSubDomains"
        ],
        "X-Content-Type-Options": [
          "nosniff"
        ],
        "Date": [
          "Wed, 17 Mar 2021 02:17:38 GMT"
        ],
        "Content-Type": [
          "application/json; charset=utf-8"
        ],
        "Expires": [
          "-1"
        ],
        "Content-Length": [
          "223"
        ]
      },
      "ResponseBody": "{\r\n  \"error\": {\r\n    \"code\": \"ResourceNotFound\",\r\n    \"message\": \"The Resource 'Microsoft.Sql/servers/ps1026/databases/ps1693' under resource group 'ps8439' was not found. For more details please go to https://aka.ms/ARMResourceNotFoundFix\"\r\n  }\r\n}",
      "StatusCode": 404
    },
    {
      "RequestUri": "/subscriptions/412b782d-2511-4c6d-98f2-3ea01b1c83c3/resourceGroups/ps8439/providers/Microsoft.Sql/servers/ps1026/databases/ps1693?api-version=2020-11-01-preview",
      "EncodedRequestUri": "L3N1YnNjcmlwdGlvbnMvNDEyYjc4MmQtMjUxMS00YzZkLTk4ZjItM2VhMDFiMWM4M2MzL3Jlc291cmNlR3JvdXBzL3BzODQzOS9wcm92aWRlcnMvTWljcm9zb2Z0LlNxbC9zZXJ2ZXJzL3BzMTAyNi9kYXRhYmFzZXMvcHMxNjkzP2FwaS12ZXJzaW9uPTIwMjAtMTEtMDEtcHJldmlldw==",
      "RequestMethod": "GET",
      "RequestBody": "",
      "RequestHeaders": {
        "x-ms-client-request-id": [
          "89040609-4ab2-4b0a-8033-901a110f23b8"
        ],
        "User-Agent": [
          "FxVersion/4.6.29812.02",
          "OSName/Windows",
          "OSVersion/Microsoft.Windows.10.0.14393.",
          "Microsoft.Azure.Management.Sql.SqlManagementClient/1.50.0.0"
        ]
      },
      "ResponseHeaders": {
        "Cache-Control": [
          "no-cache"
        ],
        "Pragma": [
          "no-cache"
        ],
        "x-ms-request-id": [
          "84dc1dbb-85b0-4ede-9c7b-654e518972e1"
        ],
        "Server": [
          "Microsoft-HTTPAPI/2.0"
        ],
        "x-ms-ratelimit-remaining-subscription-reads": [
          "11965"
        ],
        "x-ms-correlation-request-id": [
          "42347b31-be30-4a2c-a055-5f5ec31b5bb1"
        ],
        "x-ms-routing-request-id": [
          "WESTCENTRALUS:20210317T021941Z:42347b31-be30-4a2c-a055-5f5ec31b5bb1"
        ],
        "Strict-Transport-Security": [
          "max-age=31536000; includeSubDomains"
        ],
        "X-Content-Type-Options": [
          "nosniff"
        ],
        "Date": [
          "Wed, 17 Mar 2021 02:19:40 GMT"
        ],
        "Content-Length": [
          "1034"
        ],
        "Content-Type": [
          "application/json; charset=utf-8"
        ],
        "Expires": [
          "-1"
        ]
      },
      "ResponseBody": "{\r\n  \"sku\": {\r\n    \"name\": \"DataWarehouse\",\r\n    \"tier\": \"DataWarehouse\",\r\n    \"capacity\": 900\r\n  },\r\n  \"kind\": \"v12.0,user,datawarehouse,gen2\",\r\n  \"properties\": {\r\n    \"collation\": \"SQL_Latin1_General_CP1_CI_AS\",\r\n    \"maxSizeBytes\": 268435456000,\r\n    \"status\": \"Online\",\r\n    \"databaseId\": \"17c77a11-3f28-41ca-a38b-60e58e53fdcc\",\r\n    \"creationDate\": \"2021-03-17T02:19:39.553Z\",\r\n    \"currentServiceObjectiveName\": \"DW100c\",\r\n    \"requestedServiceObjectiveName\": \"DW100c\",\r\n    \"defaultSecondaryLocation\": \"eastasia\",\r\n    \"catalogCollation\": \"SQL_Latin1_General_CP1_CI_AS\",\r\n    \"readScale\": \"Disabled\",\r\n    \"currentSku\": {\r\n      \"name\": \"DataWarehouse\",\r\n      \"tier\": \"DataWarehouse\",\r\n      \"capacity\": 900\r\n    },\r\n    \"currentBackupStorageRedundancy\": \"Geo\",\r\n    \"requestedBackupStorageRedundancy\": \"Geo\",\r\n    \"maintenanceConfigurationId\": \"/subscriptions/412b782d-2511-4c6d-98f2-3ea01b1c83c3/providers/Microsoft.Maintenance/publicMaintenanceConfigurations/SQL_Default\"\r\n  },\r\n  \"location\": \"southeastasia\",\r\n  \"id\": \"/subscriptions/412b782d-2511-4c6d-98f2-3ea01b1c83c3/resourceGroups/ps8439/providers/Microsoft.Sql/servers/ps1026/databases/ps1693\",\r\n  \"name\": \"ps1693\",\r\n  \"type\": \"Microsoft.Sql/servers/databases\"\r\n}",
      "StatusCode": 200
    },
    {
      "RequestUri": "/subscriptions/412b782d-2511-4c6d-98f2-3ea01b1c83c3/resourceGroups/ps8439/providers/Microsoft.Sql/servers/ps1026/databases/ps1693?api-version=2020-11-01-preview",
      "EncodedRequestUri": "L3N1YnNjcmlwdGlvbnMvNDEyYjc4MmQtMjUxMS00YzZkLTk4ZjItM2VhMDFiMWM4M2MzL3Jlc291cmNlR3JvdXBzL3BzODQzOS9wcm92aWRlcnMvTWljcm9zb2Z0LlNxbC9zZXJ2ZXJzL3BzMTAyNi9kYXRhYmFzZXMvcHMxNjkzP2FwaS12ZXJzaW9uPTIwMjAtMTEtMDEtcHJldmlldw==",
      "RequestMethod": "GET",
      "RequestBody": "",
      "RequestHeaders": {
        "x-ms-client-request-id": [
          "01e3e280-0ef0-4c14-a3d7-674bc6e9a030"
        ],
        "Accept-Language": [
          "en-US"
        ],
        "User-Agent": [
          "FxVersion/4.6.29812.02",
          "OSName/Windows",
          "OSVersion/Microsoft.Windows.10.0.14393.",
          "Microsoft.Azure.Management.Sql.SqlManagementClient/1.50.0.0"
        ]
      },
      "ResponseHeaders": {
        "Cache-Control": [
          "no-cache"
        ],
        "Pragma": [
          "no-cache"
        ],
        "x-ms-request-id": [
          "cc55c5db-4019-4ca7-ae1b-893914ad3a84"
        ],
        "Server": [
          "Microsoft-HTTPAPI/2.0"
        ],
        "x-ms-ratelimit-remaining-subscription-reads": [
          "11964"
        ],
        "x-ms-correlation-request-id": [
          "3a9b1ac7-c099-4ccc-9f18-10ce01c01c13"
        ],
        "x-ms-routing-request-id": [
          "WESTCENTRALUS:20210317T021941Z:3a9b1ac7-c099-4ccc-9f18-10ce01c01c13"
        ],
        "Strict-Transport-Security": [
          "max-age=31536000; includeSubDomains"
        ],
        "X-Content-Type-Options": [
          "nosniff"
        ],
        "Date": [
          "Wed, 17 Mar 2021 02:19:41 GMT"
        ],
        "Content-Length": [
          "1034"
        ],
        "Content-Type": [
          "application/json; charset=utf-8"
        ],
        "Expires": [
          "-1"
        ]
      },
      "ResponseBody": "{\r\n  \"sku\": {\r\n    \"name\": \"DataWarehouse\",\r\n    \"tier\": \"DataWarehouse\",\r\n    \"capacity\": 900\r\n  },\r\n  \"kind\": \"v12.0,user,datawarehouse,gen2\",\r\n  \"properties\": {\r\n    \"collation\": \"SQL_Latin1_General_CP1_CI_AS\",\r\n    \"maxSizeBytes\": 268435456000,\r\n    \"status\": \"Online\",\r\n    \"databaseId\": \"17c77a11-3f28-41ca-a38b-60e58e53fdcc\",\r\n    \"creationDate\": \"2021-03-17T02:19:39.553Z\",\r\n    \"currentServiceObjectiveName\": \"DW100c\",\r\n    \"requestedServiceObjectiveName\": \"DW100c\",\r\n    \"defaultSecondaryLocation\": \"eastasia\",\r\n    \"catalogCollation\": \"SQL_Latin1_General_CP1_CI_AS\",\r\n    \"readScale\": \"Disabled\",\r\n    \"currentSku\": {\r\n      \"name\": \"DataWarehouse\",\r\n      \"tier\": \"DataWarehouse\",\r\n      \"capacity\": 900\r\n    },\r\n    \"currentBackupStorageRedundancy\": \"Geo\",\r\n    \"requestedBackupStorageRedundancy\": \"Geo\",\r\n    \"maintenanceConfigurationId\": \"/subscriptions/412b782d-2511-4c6d-98f2-3ea01b1c83c3/providers/Microsoft.Maintenance/publicMaintenanceConfigurations/SQL_Default\"\r\n  },\r\n  \"location\": \"southeastasia\",\r\n  \"id\": \"/subscriptions/412b782d-2511-4c6d-98f2-3ea01b1c83c3/resourceGroups/ps8439/providers/Microsoft.Sql/servers/ps1026/databases/ps1693\",\r\n  \"name\": \"ps1693\",\r\n  \"type\": \"Microsoft.Sql/servers/databases\"\r\n}",
      "StatusCode": 200
    },
    {
      "RequestUri": "/subscriptions/412b782d-2511-4c6d-98f2-3ea01b1c83c3/resourceGroups/ps8439/providers/Microsoft.Sql/servers/ps1026/databases/ps1693?api-version=2020-11-01-preview",
      "EncodedRequestUri": "L3N1YnNjcmlwdGlvbnMvNDEyYjc4MmQtMjUxMS00YzZkLTk4ZjItM2VhMDFiMWM4M2MzL3Jlc291cmNlR3JvdXBzL3BzODQzOS9wcm92aWRlcnMvTWljcm9zb2Z0LlNxbC9zZXJ2ZXJzL3BzMTAyNi9kYXRhYmFzZXMvcHMxNjkzP2FwaS12ZXJzaW9uPTIwMjAtMTEtMDEtcHJldmlldw==",
      "RequestMethod": "PUT",
      "RequestBody": "{\r\n  \"sku\": {\r\n    \"name\": \"DW100c\",\r\n    \"tier\": \"DataWarehouse\"\r\n  },\r\n  \"properties\": {\r\n    \"collation\": \"SQL_Latin1_General_CP1_CI_AS\",\r\n    \"maxSizeBytes\": 268435456000,\r\n    \"readScale\": \"\"\r\n  },\r\n  \"location\": \"southeastasia\"\r\n}",
      "RequestHeaders": {
        "x-ms-client-request-id": [
          "89040609-4ab2-4b0a-8033-901a110f23b8"
        ],
        "Accept-Language": [
          "en-US"
        ],
        "User-Agent": [
          "FxVersion/4.6.29812.02",
          "OSName/Windows",
          "OSVersion/Microsoft.Windows.10.0.14393.",
          "Microsoft.Azure.Management.Sql.SqlManagementClient/1.50.0.0"
        ],
        "Content-Type": [
          "application/json; charset=utf-8"
        ],
        "Content-Length": [
          "236"
        ]
      },
      "ResponseHeaders": {
        "Cache-Control": [
          "no-cache"
        ],
        "Pragma": [
          "no-cache"
        ],
        "Location": [
          "https://management.azure.com/subscriptions/412b782d-2511-4c6d-98f2-3ea01b1c83c3/resourceGroups/ps8439/providers/Microsoft.Sql/locations/southeastasia/databaseOperationResults/2c597b9c-17b2-4f7c-8a83-22b3bcac35d3?api-version=2020-11-01-preview"
        ],
        "Retry-After": [
          "15"
        ],
        "Azure-AsyncOperation": [
          "https://management.azure.com/subscriptions/412b782d-2511-4c6d-98f2-3ea01b1c83c3/resourceGroups/ps8439/providers/Microsoft.Sql/locations/southeastasia/databaseAzureAsyncOperation/2c597b9c-17b2-4f7c-8a83-22b3bcac35d3?api-version=2020-11-01-preview"
        ],
        "x-ms-request-id": [
          "2c597b9c-17b2-4f7c-8a83-22b3bcac35d3"
        ],
        "Server": [
          "Microsoft-HTTPAPI/2.0"
        ],
        "x-ms-ratelimit-remaining-subscription-writes": [
          "1196"
        ],
        "x-ms-correlation-request-id": [
          "eb6a3e8a-14aa-4d20-9514-ec66a7e7177a"
        ],
        "x-ms-routing-request-id": [
          "WESTCENTRALUS:20210317T021739Z:eb6a3e8a-14aa-4d20-9514-ec66a7e7177a"
        ],
        "Strict-Transport-Security": [
          "max-age=31536000; includeSubDomains"
        ],
        "X-Content-Type-Options": [
          "nosniff"
        ],
        "Date": [
          "Wed, 17 Mar 2021 02:17:38 GMT"
        ],
        "Content-Length": [
          "75"
        ],
        "Content-Type": [
          "application/json; charset=utf-8"
        ],
        "Expires": [
          "-1"
        ]
      },
      "ResponseBody": "{\r\n  \"operation\": \"CreateLogicalDatabase\",\r\n  \"startTime\": \"2021-03-17T02:17:39.38Z\"\r\n}",
      "StatusCode": 202
    },
    {
      "RequestUri": "/subscriptions/412b782d-2511-4c6d-98f2-3ea01b1c83c3/resourceGroups/ps8439/providers/Microsoft.Sql/locations/southeastasia/databaseAzureAsyncOperation/2c597b9c-17b2-4f7c-8a83-22b3bcac35d3?api-version=2020-11-01-preview",
      "EncodedRequestUri": "L3N1YnNjcmlwdGlvbnMvNDEyYjc4MmQtMjUxMS00YzZkLTk4ZjItM2VhMDFiMWM4M2MzL3Jlc291cmNlR3JvdXBzL3BzODQzOS9wcm92aWRlcnMvTWljcm9zb2Z0LlNxbC9sb2NhdGlvbnMvc291dGhlYXN0YXNpYS9kYXRhYmFzZUF6dXJlQXN5bmNPcGVyYXRpb24vMmM1OTdiOWMtMTdiMi00ZjdjLThhODMtMjJiM2JjYWMzNWQzP2FwaS12ZXJzaW9uPTIwMjAtMTEtMDEtcHJldmlldw==",
      "RequestMethod": "GET",
      "RequestBody": "",
      "RequestHeaders": {
        "x-ms-client-request-id": [
          "89040609-4ab2-4b0a-8033-901a110f23b8"
        ],
        "User-Agent": [
          "FxVersion/4.6.29812.02",
          "OSName/Windows",
          "OSVersion/Microsoft.Windows.10.0.14393.",
          "Microsoft.Azure.Management.Sql.SqlManagementClient/1.50.0.0"
        ]
      },
      "ResponseHeaders": {
        "Cache-Control": [
          "no-cache"
        ],
        "Pragma": [
          "no-cache"
        ],
        "Retry-After": [
          "15"
        ],
        "x-ms-request-id": [
          "1610786c-9acb-45a5-bc65-9a2c176c1f04"
        ],
        "Server": [
          "Microsoft-HTTPAPI/2.0"
        ],
        "x-ms-ratelimit-remaining-subscription-reads": [
          "11973"
        ],
        "x-ms-correlation-request-id": [
          "1350095a-640a-44cc-9850-ad1eeed62a84"
        ],
        "x-ms-routing-request-id": [
          "WESTCENTRALUS:20210317T021754Z:1350095a-640a-44cc-9850-ad1eeed62a84"
        ],
        "Strict-Transport-Security": [
          "max-age=31536000; includeSubDomains"
        ],
        "X-Content-Type-Options": [
          "nosniff"
        ],
        "Date": [
          "Wed, 17 Mar 2021 02:17:53 GMT"
        ],
        "Content-Length": [
          "107"
        ],
        "Content-Type": [
          "application/json; charset=utf-8"
        ],
        "Expires": [
          "-1"
        ]
      },
      "ResponseBody": "{\r\n  \"name\": \"2c597b9c-17b2-4f7c-8a83-22b3bcac35d3\",\r\n  \"status\": \"InProgress\",\r\n  \"startTime\": \"2021-03-17T02:17:39.38Z\"\r\n}",
      "StatusCode": 200
    },
    {
      "RequestUri": "/subscriptions/412b782d-2511-4c6d-98f2-3ea01b1c83c3/resourceGroups/ps8439/providers/Microsoft.Sql/locations/southeastasia/databaseAzureAsyncOperation/2c597b9c-17b2-4f7c-8a83-22b3bcac35d3?api-version=2020-11-01-preview",
      "EncodedRequestUri": "L3N1YnNjcmlwdGlvbnMvNDEyYjc4MmQtMjUxMS00YzZkLTk4ZjItM2VhMDFiMWM4M2MzL3Jlc291cmNlR3JvdXBzL3BzODQzOS9wcm92aWRlcnMvTWljcm9zb2Z0LlNxbC9sb2NhdGlvbnMvc291dGhlYXN0YXNpYS9kYXRhYmFzZUF6dXJlQXN5bmNPcGVyYXRpb24vMmM1OTdiOWMtMTdiMi00ZjdjLThhODMtMjJiM2JjYWMzNWQzP2FwaS12ZXJzaW9uPTIwMjAtMTEtMDEtcHJldmlldw==",
      "RequestMethod": "GET",
      "RequestBody": "",
      "RequestHeaders": {
        "x-ms-client-request-id": [
          "89040609-4ab2-4b0a-8033-901a110f23b8"
        ],
        "User-Agent": [
          "FxVersion/4.6.29812.02",
          "OSName/Windows",
          "OSVersion/Microsoft.Windows.10.0.14393.",
          "Microsoft.Azure.Management.Sql.SqlManagementClient/1.50.0.0"
        ]
      },
      "ResponseHeaders": {
        "Cache-Control": [
          "no-cache"
        ],
        "Pragma": [
          "no-cache"
        ],
        "Retry-After": [
          "15"
        ],
        "x-ms-request-id": [
          "40420183-49cc-4c90-93af-d37ca8aaa8a0"
        ],
        "Server": [
          "Microsoft-HTTPAPI/2.0"
        ],
        "x-ms-ratelimit-remaining-subscription-reads": [
          "11972"
        ],
        "x-ms-correlation-request-id": [
          "f5efc42b-85cb-432d-bc49-1cff4c08d1bc"
        ],
        "x-ms-routing-request-id": [
          "WESTCENTRALUS:20210317T021810Z:f5efc42b-85cb-432d-bc49-1cff4c08d1bc"
        ],
        "Strict-Transport-Security": [
          "max-age=31536000; includeSubDomains"
        ],
        "X-Content-Type-Options": [
          "nosniff"
        ],
        "Date": [
          "Wed, 17 Mar 2021 02:18:09 GMT"
        ],
        "Content-Length": [
          "107"
        ],
        "Content-Type": [
          "application/json; charset=utf-8"
        ],
        "Expires": [
          "-1"
        ]
      },
      "ResponseBody": "{\r\n  \"name\": \"2c597b9c-17b2-4f7c-8a83-22b3bcac35d3\",\r\n  \"status\": \"InProgress\",\r\n  \"startTime\": \"2021-03-17T02:17:39.38Z\"\r\n}",
      "StatusCode": 200
    },
    {
      "RequestUri": "/subscriptions/412b782d-2511-4c6d-98f2-3ea01b1c83c3/resourceGroups/ps8439/providers/Microsoft.Sql/locations/southeastasia/databaseAzureAsyncOperation/2c597b9c-17b2-4f7c-8a83-22b3bcac35d3?api-version=2020-11-01-preview",
      "EncodedRequestUri": "L3N1YnNjcmlwdGlvbnMvNDEyYjc4MmQtMjUxMS00YzZkLTk4ZjItM2VhMDFiMWM4M2MzL3Jlc291cmNlR3JvdXBzL3BzODQzOS9wcm92aWRlcnMvTWljcm9zb2Z0LlNxbC9sb2NhdGlvbnMvc291dGhlYXN0YXNpYS9kYXRhYmFzZUF6dXJlQXN5bmNPcGVyYXRpb24vMmM1OTdiOWMtMTdiMi00ZjdjLThhODMtMjJiM2JjYWMzNWQzP2FwaS12ZXJzaW9uPTIwMjAtMTEtMDEtcHJldmlldw==",
      "RequestMethod": "GET",
      "RequestBody": "",
      "RequestHeaders": {
        "x-ms-client-request-id": [
          "89040609-4ab2-4b0a-8033-901a110f23b8"
        ],
        "User-Agent": [
          "FxVersion/4.6.29812.02",
          "OSName/Windows",
          "OSVersion/Microsoft.Windows.10.0.14393.",
          "Microsoft.Azure.Management.Sql.SqlManagementClient/1.50.0.0"
        ]
      },
      "ResponseHeaders": {
        "Cache-Control": [
          "no-cache"
        ],
        "Pragma": [
          "no-cache"
        ],
        "Retry-After": [
          "15"
        ],
        "x-ms-request-id": [
          "fb8a82fc-ae1e-43dc-92be-da0cf0b3de3a"
        ],
        "Server": [
          "Microsoft-HTTPAPI/2.0"
        ],
        "x-ms-ratelimit-remaining-subscription-reads": [
          "11971"
        ],
        "x-ms-correlation-request-id": [
          "1cfe9197-fc50-4f86-a9ef-bc0ce5b8ab83"
        ],
        "x-ms-routing-request-id": [
          "WESTCENTRALUS:20210317T021825Z:1cfe9197-fc50-4f86-a9ef-bc0ce5b8ab83"
        ],
        "Strict-Transport-Security": [
          "max-age=31536000; includeSubDomains"
        ],
        "X-Content-Type-Options": [
          "nosniff"
        ],
        "Date": [
          "Wed, 17 Mar 2021 02:18:25 GMT"
        ],
        "Content-Length": [
          "107"
        ],
        "Content-Type": [
          "application/json; charset=utf-8"
        ],
        "Expires": [
          "-1"
        ]
      },
      "ResponseBody": "{\r\n  \"name\": \"2c597b9c-17b2-4f7c-8a83-22b3bcac35d3\",\r\n  \"status\": \"InProgress\",\r\n  \"startTime\": \"2021-03-17T02:17:39.38Z\"\r\n}",
      "StatusCode": 200
    },
    {
      "RequestUri": "/subscriptions/412b782d-2511-4c6d-98f2-3ea01b1c83c3/resourceGroups/ps8439/providers/Microsoft.Sql/locations/southeastasia/databaseAzureAsyncOperation/2c597b9c-17b2-4f7c-8a83-22b3bcac35d3?api-version=2020-11-01-preview",
      "EncodedRequestUri": "L3N1YnNjcmlwdGlvbnMvNDEyYjc4MmQtMjUxMS00YzZkLTk4ZjItM2VhMDFiMWM4M2MzL3Jlc291cmNlR3JvdXBzL3BzODQzOS9wcm92aWRlcnMvTWljcm9zb2Z0LlNxbC9sb2NhdGlvbnMvc291dGhlYXN0YXNpYS9kYXRhYmFzZUF6dXJlQXN5bmNPcGVyYXRpb24vMmM1OTdiOWMtMTdiMi00ZjdjLThhODMtMjJiM2JjYWMzNWQzP2FwaS12ZXJzaW9uPTIwMjAtMTEtMDEtcHJldmlldw==",
      "RequestMethod": "GET",
      "RequestBody": "",
      "RequestHeaders": {
        "x-ms-client-request-id": [
          "89040609-4ab2-4b0a-8033-901a110f23b8"
        ],
        "User-Agent": [
          "FxVersion/4.6.29812.02",
          "OSName/Windows",
          "OSVersion/Microsoft.Windows.10.0.14393.",
          "Microsoft.Azure.Management.Sql.SqlManagementClient/1.50.0.0"
        ]
      },
      "ResponseHeaders": {
        "Cache-Control": [
          "no-cache"
        ],
        "Pragma": [
          "no-cache"
        ],
        "Retry-After": [
          "15"
        ],
        "x-ms-request-id": [
          "5eafd0f5-994e-46d1-9df1-0a1f8dced360"
        ],
        "Server": [
          "Microsoft-HTTPAPI/2.0"
        ],
        "x-ms-ratelimit-remaining-subscription-reads": [
          "11970"
        ],
        "x-ms-correlation-request-id": [
          "cf053fe8-e389-4727-abb5-7bbc763d5e8f"
        ],
        "x-ms-routing-request-id": [
          "WESTCENTRALUS:20210317T021840Z:cf053fe8-e389-4727-abb5-7bbc763d5e8f"
        ],
        "Strict-Transport-Security": [
          "max-age=31536000; includeSubDomains"
        ],
        "X-Content-Type-Options": [
          "nosniff"
        ],
        "Date": [
          "Wed, 17 Mar 2021 02:18:40 GMT"
        ],
        "Content-Length": [
          "107"
        ],
        "Content-Type": [
          "application/json; charset=utf-8"
        ],
        "Expires": [
          "-1"
        ]
      },
      "ResponseBody": "{\r\n  \"name\": \"2c597b9c-17b2-4f7c-8a83-22b3bcac35d3\",\r\n  \"status\": \"InProgress\",\r\n  \"startTime\": \"2021-03-17T02:17:39.38Z\"\r\n}",
      "StatusCode": 200
    },
    {
      "RequestUri": "/subscriptions/412b782d-2511-4c6d-98f2-3ea01b1c83c3/resourceGroups/ps8439/providers/Microsoft.Sql/locations/southeastasia/databaseAzureAsyncOperation/2c597b9c-17b2-4f7c-8a83-22b3bcac35d3?api-version=2020-11-01-preview",
      "EncodedRequestUri": "L3N1YnNjcmlwdGlvbnMvNDEyYjc4MmQtMjUxMS00YzZkLTk4ZjItM2VhMDFiMWM4M2MzL3Jlc291cmNlR3JvdXBzL3BzODQzOS9wcm92aWRlcnMvTWljcm9zb2Z0LlNxbC9sb2NhdGlvbnMvc291dGhlYXN0YXNpYS9kYXRhYmFzZUF6dXJlQXN5bmNPcGVyYXRpb24vMmM1OTdiOWMtMTdiMi00ZjdjLThhODMtMjJiM2JjYWMzNWQzP2FwaS12ZXJzaW9uPTIwMjAtMTEtMDEtcHJldmlldw==",
      "RequestMethod": "GET",
      "RequestBody": "",
      "RequestHeaders": {
        "x-ms-client-request-id": [
          "89040609-4ab2-4b0a-8033-901a110f23b8"
        ],
        "User-Agent": [
          "FxVersion/4.6.29812.02",
          "OSName/Windows",
          "OSVersion/Microsoft.Windows.10.0.14393.",
          "Microsoft.Azure.Management.Sql.SqlManagementClient/1.50.0.0"
        ]
      },
      "ResponseHeaders": {
        "Cache-Control": [
          "no-cache"
        ],
        "Pragma": [
          "no-cache"
        ],
        "Retry-After": [
          "15"
        ],
        "x-ms-request-id": [
          "7f8b3269-76eb-4413-81eb-1664bd8087a0"
        ],
        "Server": [
          "Microsoft-HTTPAPI/2.0"
        ],
        "x-ms-ratelimit-remaining-subscription-reads": [
          "11969"
        ],
        "x-ms-correlation-request-id": [
          "6592eab9-fe44-4d08-be3e-f95d7590347b"
        ],
        "x-ms-routing-request-id": [
          "WESTCENTRALUS:20210317T021855Z:6592eab9-fe44-4d08-be3e-f95d7590347b"
        ],
        "Strict-Transport-Security": [
          "max-age=31536000; includeSubDomains"
        ],
        "X-Content-Type-Options": [
          "nosniff"
        ],
        "Date": [
          "Wed, 17 Mar 2021 02:18:55 GMT"
        ],
        "Content-Length": [
          "107"
        ],
        "Content-Type": [
          "application/json; charset=utf-8"
        ],
        "Expires": [
          "-1"
        ]
      },
      "ResponseBody": "{\r\n  \"name\": \"2c597b9c-17b2-4f7c-8a83-22b3bcac35d3\",\r\n  \"status\": \"InProgress\",\r\n  \"startTime\": \"2021-03-17T02:17:39.38Z\"\r\n}",
      "StatusCode": 200
    },
    {
      "RequestUri": "/subscriptions/412b782d-2511-4c6d-98f2-3ea01b1c83c3/resourceGroups/ps8439/providers/Microsoft.Sql/locations/southeastasia/databaseAzureAsyncOperation/2c597b9c-17b2-4f7c-8a83-22b3bcac35d3?api-version=2020-11-01-preview",
      "EncodedRequestUri": "L3N1YnNjcmlwdGlvbnMvNDEyYjc4MmQtMjUxMS00YzZkLTk4ZjItM2VhMDFiMWM4M2MzL3Jlc291cmNlR3JvdXBzL3BzODQzOS9wcm92aWRlcnMvTWljcm9zb2Z0LlNxbC9sb2NhdGlvbnMvc291dGhlYXN0YXNpYS9kYXRhYmFzZUF6dXJlQXN5bmNPcGVyYXRpb24vMmM1OTdiOWMtMTdiMi00ZjdjLThhODMtMjJiM2JjYWMzNWQzP2FwaS12ZXJzaW9uPTIwMjAtMTEtMDEtcHJldmlldw==",
      "RequestMethod": "GET",
      "RequestBody": "",
      "RequestHeaders": {
        "x-ms-client-request-id": [
          "89040609-4ab2-4b0a-8033-901a110f23b8"
        ],
        "User-Agent": [
          "FxVersion/4.6.29812.02",
          "OSName/Windows",
          "OSVersion/Microsoft.Windows.10.0.14393.",
          "Microsoft.Azure.Management.Sql.SqlManagementClient/1.50.0.0"
        ]
      },
      "ResponseHeaders": {
        "Cache-Control": [
          "no-cache"
        ],
        "Pragma": [
          "no-cache"
        ],
        "Retry-After": [
          "15"
        ],
        "x-ms-request-id": [
          "00cff13e-d6ae-4ec9-8d11-f5e3e174d61d"
        ],
        "Server": [
          "Microsoft-HTTPAPI/2.0"
        ],
        "x-ms-ratelimit-remaining-subscription-reads": [
          "11968"
        ],
        "x-ms-correlation-request-id": [
          "bb206f61-6450-4517-8759-c7e76b7be13b"
        ],
        "x-ms-routing-request-id": [
          "WESTCENTRALUS:20210317T021911Z:bb206f61-6450-4517-8759-c7e76b7be13b"
        ],
        "Strict-Transport-Security": [
          "max-age=31536000; includeSubDomains"
        ],
        "X-Content-Type-Options": [
          "nosniff"
        ],
        "Date": [
          "Wed, 17 Mar 2021 02:19:10 GMT"
        ],
        "Content-Length": [
          "107"
        ],
        "Content-Type": [
          "application/json; charset=utf-8"
        ],
        "Expires": [
          "-1"
        ]
      },
      "ResponseBody": "{\r\n  \"name\": \"2c597b9c-17b2-4f7c-8a83-22b3bcac35d3\",\r\n  \"status\": \"InProgress\",\r\n  \"startTime\": \"2021-03-17T02:17:39.38Z\"\r\n}",
      "StatusCode": 200
    },
    {
      "RequestUri": "/subscriptions/412b782d-2511-4c6d-98f2-3ea01b1c83c3/resourceGroups/ps8439/providers/Microsoft.Sql/locations/southeastasia/databaseAzureAsyncOperation/2c597b9c-17b2-4f7c-8a83-22b3bcac35d3?api-version=2020-11-01-preview",
      "EncodedRequestUri": "L3N1YnNjcmlwdGlvbnMvNDEyYjc4MmQtMjUxMS00YzZkLTk4ZjItM2VhMDFiMWM4M2MzL3Jlc291cmNlR3JvdXBzL3BzODQzOS9wcm92aWRlcnMvTWljcm9zb2Z0LlNxbC9sb2NhdGlvbnMvc291dGhlYXN0YXNpYS9kYXRhYmFzZUF6dXJlQXN5bmNPcGVyYXRpb24vMmM1OTdiOWMtMTdiMi00ZjdjLThhODMtMjJiM2JjYWMzNWQzP2FwaS12ZXJzaW9uPTIwMjAtMTEtMDEtcHJldmlldw==",
      "RequestMethod": "GET",
      "RequestBody": "",
      "RequestHeaders": {
        "x-ms-client-request-id": [
          "89040609-4ab2-4b0a-8033-901a110f23b8"
        ],
        "User-Agent": [
          "FxVersion/4.6.29812.02",
          "OSName/Windows",
          "OSVersion/Microsoft.Windows.10.0.14393.",
          "Microsoft.Azure.Management.Sql.SqlManagementClient/1.50.0.0"
        ]
      },
      "ResponseHeaders": {
        "Cache-Control": [
          "no-cache"
        ],
        "Pragma": [
          "no-cache"
        ],
        "Retry-After": [
          "15"
        ],
        "x-ms-request-id": [
          "cb7c22df-5e67-47c8-8360-200ab28dfd92"
        ],
        "Server": [
          "Microsoft-HTTPAPI/2.0"
        ],
        "x-ms-ratelimit-remaining-subscription-reads": [
          "11967"
        ],
        "x-ms-correlation-request-id": [
          "192cec43-8804-4dcb-a442-216a1df247ff"
        ],
        "x-ms-routing-request-id": [
          "WESTCENTRALUS:20210317T021926Z:192cec43-8804-4dcb-a442-216a1df247ff"
        ],
        "Strict-Transport-Security": [
          "max-age=31536000; includeSubDomains"
        ],
        "X-Content-Type-Options": [
          "nosniff"
        ],
        "Date": [
          "Wed, 17 Mar 2021 02:19:25 GMT"
        ],
        "Content-Length": [
          "107"
        ],
        "Content-Type": [
          "application/json; charset=utf-8"
        ],
        "Expires": [
          "-1"
        ]
      },
      "ResponseBody": "{\r\n  \"name\": \"2c597b9c-17b2-4f7c-8a83-22b3bcac35d3\",\r\n  \"status\": \"InProgress\",\r\n  \"startTime\": \"2021-03-17T02:17:39.38Z\"\r\n}",
      "StatusCode": 200
    },
    {
      "RequestUri": "/subscriptions/412b782d-2511-4c6d-98f2-3ea01b1c83c3/resourceGroups/ps8439/providers/Microsoft.Sql/locations/southeastasia/databaseAzureAsyncOperation/2c597b9c-17b2-4f7c-8a83-22b3bcac35d3?api-version=2020-11-01-preview",
      "EncodedRequestUri": "L3N1YnNjcmlwdGlvbnMvNDEyYjc4MmQtMjUxMS00YzZkLTk4ZjItM2VhMDFiMWM4M2MzL3Jlc291cmNlR3JvdXBzL3BzODQzOS9wcm92aWRlcnMvTWljcm9zb2Z0LlNxbC9sb2NhdGlvbnMvc291dGhlYXN0YXNpYS9kYXRhYmFzZUF6dXJlQXN5bmNPcGVyYXRpb24vMmM1OTdiOWMtMTdiMi00ZjdjLThhODMtMjJiM2JjYWMzNWQzP2FwaS12ZXJzaW9uPTIwMjAtMTEtMDEtcHJldmlldw==",
      "RequestMethod": "GET",
      "RequestBody": "",
      "RequestHeaders": {
        "x-ms-client-request-id": [
          "89040609-4ab2-4b0a-8033-901a110f23b8"
        ],
        "User-Agent": [
          "FxVersion/4.6.29812.02",
          "OSName/Windows",
          "OSVersion/Microsoft.Windows.10.0.14393.",
          "Microsoft.Azure.Management.Sql.SqlManagementClient/1.50.0.0"
        ]
      },
      "ResponseHeaders": {
        "Cache-Control": [
          "no-cache"
        ],
        "Pragma": [
          "no-cache"
        ],
        "Retry-After": [
          "15"
        ],
        "x-ms-request-id": [
          "db08fa7f-6071-47b2-8e8b-6bad03f87e26"
        ],
        "Server": [
          "Microsoft-HTTPAPI/2.0"
        ],
        "x-ms-ratelimit-remaining-subscription-reads": [
          "11966"
        ],
        "x-ms-correlation-request-id": [
          "7427d6b6-8d2e-49c6-8f2d-5639a69029a5"
        ],
        "x-ms-routing-request-id": [
          "WESTCENTRALUS:20210317T021941Z:7427d6b6-8d2e-49c6-8f2d-5639a69029a5"
        ],
        "Strict-Transport-Security": [
          "max-age=31536000; includeSubDomains"
        ],
        "X-Content-Type-Options": [
          "nosniff"
        ],
        "Date": [
          "Wed, 17 Mar 2021 02:19:40 GMT"
        ],
        "Content-Length": [
          "106"
        ],
        "Content-Type": [
          "application/json; charset=utf-8"
        ],
        "Expires": [
          "-1"
        ]
      },
      "ResponseBody": "{\r\n  \"name\": \"2c597b9c-17b2-4f7c-8a83-22b3bcac35d3\",\r\n  \"status\": \"Succeeded\",\r\n  \"startTime\": \"2021-03-17T02:17:39.38Z\"\r\n}",
      "StatusCode": 200
    },
    {
      "RequestUri": "/subscriptions/412b782d-2511-4c6d-98f2-3ea01b1c83c3/resourceGroups/ps8439/providers/Microsoft.Sql/servers/ps1026/databases?api-version=2020-11-01-preview",
      "EncodedRequestUri": "L3N1YnNjcmlwdGlvbnMvNDEyYjc4MmQtMjUxMS00YzZkLTk4ZjItM2VhMDFiMWM4M2MzL3Jlc291cmNlR3JvdXBzL3BzODQzOS9wcm92aWRlcnMvTWljcm9zb2Z0LlNxbC9zZXJ2ZXJzL3BzMTAyNi9kYXRhYmFzZXM/YXBpLXZlcnNpb249MjAyMC0xMS0wMS1wcmV2aWV3",
      "RequestMethod": "GET",
      "RequestBody": "",
      "RequestHeaders": {
        "x-ms-client-request-id": [
          "e9e50d22-c7dc-4248-979f-526c79feacd7"
        ],
        "Accept-Language": [
          "en-US"
        ],
        "User-Agent": [
          "FxVersion/4.6.29812.02",
          "OSName/Windows",
          "OSVersion/Microsoft.Windows.10.0.14393.",
          "Microsoft.Azure.Management.Sql.SqlManagementClient/1.50.0.0"
        ]
      },
      "ResponseHeaders": {
        "Cache-Control": [
          "no-cache"
        ],
        "Pragma": [
          "no-cache"
        ],
        "x-ms-request-id": [
          "fbf82c2e-bd2c-430e-9439-a6549f71e45d"
        ],
        "Server": [
          "Microsoft-HTTPAPI/2.0"
        ],
        "x-ms-ratelimit-remaining-subscription-reads": [
          "11963"
        ],
        "x-ms-correlation-request-id": [
          "f0dc6d7b-e327-4b02-81b8-1dcd05299f14"
        ],
        "x-ms-routing-request-id": [
          "WESTCENTRALUS:20210317T021942Z:f0dc6d7b-e327-4b02-81b8-1dcd05299f14"
        ],
        "Strict-Transport-Security": [
          "max-age=31536000; includeSubDomains"
        ],
        "X-Content-Type-Options": [
          "nosniff"
        ],
        "Date": [
          "Wed, 17 Mar 2021 02:19:41 GMT"
        ],
        "Content-Length": [
          "4357"
        ],
        "Content-Type": [
          "application/json; charset=utf-8"
        ],
        "Expires": [
          "-1"
        ]
      },
      "ResponseBody": "{\r\n  \"value\": [\r\n    {\r\n      \"sku\": {\r\n        \"name\": \"System\",\r\n        \"tier\": \"System\",\r\n        \"capacity\": 0\r\n      },\r\n      \"kind\": \"v12.0,system\",\r\n      \"managedBy\": \"/subscriptions/412b782d-2511-4c6d-98f2-3ea01b1c83c3/resourceGroups/ps8439/providers/Microsoft.Sql/servers/ps1026\",\r\n      \"properties\": {\r\n        \"collation\": \"SQL_Latin1_General_CP1_CI_AS\",\r\n        \"maxSizeBytes\": 32212254720,\r\n        \"status\": \"Online\",\r\n        \"databaseId\": \"9937fef1-2b9d-4381-91eb-6b5455f0474e\",\r\n        \"creationDate\": \"2021-03-17T02:16:00.567Z\",\r\n        \"currentServiceObjectiveName\": \"System2\",\r\n        \"requestedServiceObjectiveName\": \"System2\",\r\n        \"defaultSecondaryLocation\": \"eastasia\",\r\n        \"catalogCollation\": \"SQL_Latin1_General_CP1_CI_AS\",\r\n        \"zoneRedundant\": false,\r\n        \"readScale\": \"Disabled\",\r\n        \"currentSku\": {\r\n          \"name\": \"System\",\r\n          \"tier\": \"System\",\r\n          \"capacity\": 0\r\n        },\r\n        \"currentBackupStorageRedundancy\": \"Local\",\r\n        \"requestedBackupStorageRedundancy\": \"Local\",\r\n        \"maintenanceConfigurationId\": \"/subscriptions/412b782d-2511-4c6d-98f2-3ea01b1c83c3/providers/Microsoft.Maintenance/publicMaintenanceConfigurations/SQL_Default\"\r\n      },\r\n      \"location\": \"southeastasia\",\r\n      \"id\": \"/subscriptions/412b782d-2511-4c6d-98f2-3ea01b1c83c3/resourceGroups/ps8439/providers/Microsoft.Sql/servers/ps1026/databases/master\",\r\n      \"name\": \"master\",\r\n      \"type\": \"Microsoft.Sql/servers/databases\"\r\n    },\r\n    {\r\n      \"sku\": {\r\n        \"name\": \"Basic\",\r\n        \"tier\": \"Basic\",\r\n        \"capacity\": 5\r\n      },\r\n      \"kind\": \"v12.0,user\",\r\n      \"properties\": {\r\n        \"collation\": \"Japanese_Bushu_Kakusu_100_CS_AS\",\r\n        \"maxSizeBytes\": 1073741824,\r\n        \"status\": \"Online\",\r\n        \"databaseId\": \"c6cfc9e9-9d11-402b-a248-743599a7ec31\",\r\n        \"creationDate\": \"2021-03-17T02:17:32.647Z\",\r\n        \"currentServiceObjectiveName\": \"Basic\",\r\n        \"requestedServiceObjectiveName\": \"Basic\",\r\n        \"defaultSecondaryLocation\": \"eastasia\",\r\n        \"catalogCollation\": \"SQL_Latin1_General_CP1_CI_AS\",\r\n        \"zoneRedundant\": false,\r\n        \"readScale\": \"Disabled\",\r\n        \"currentSku\": {\r\n          \"name\": \"Basic\",\r\n          \"tier\": \"Basic\",\r\n          \"capacity\": 5\r\n        },\r\n        \"currentBackupStorageRedundancy\": \"Geo\",\r\n        \"requestedBackupStorageRedundancy\": \"Geo\",\r\n        \"maintenanceConfigurationId\": \"/subscriptions/412b782d-2511-4c6d-98f2-3ea01b1c83c3/providers/Microsoft.Maintenance/publicMaintenanceConfigurations/SQL_Default\"\r\n      },\r\n      \"location\": \"southeastasia\",\r\n      \"id\": \"/subscriptions/412b782d-2511-4c6d-98f2-3ea01b1c83c3/resourceGroups/ps8439/providers/Microsoft.Sql/servers/ps1026/databases/ps159\",\r\n      \"name\": \"ps159\",\r\n      \"type\": \"Microsoft.Sql/servers/databases\"\r\n    },\r\n    {\r\n      \"sku\": {\r\n        \"name\": \"DataWarehouse\",\r\n        \"tier\": \"DataWarehouse\",\r\n        \"capacity\": 900\r\n      },\r\n      \"kind\": \"v12.0,user,datawarehouse,gen2\",\r\n      \"properties\": {\r\n        \"collation\": \"SQL_Latin1_General_CP1_CI_AS\",\r\n        \"maxSizeBytes\": 268435456000,\r\n        \"status\": \"Online\",\r\n        \"databaseId\": \"17c77a11-3f28-41ca-a38b-60e58e53fdcc\",\r\n        \"creationDate\": \"2021-03-17T02:19:39.553Z\",\r\n        \"currentServiceObjectiveName\": \"DW100c\",\r\n        \"requestedServiceObjectiveName\": \"DW100c\",\r\n        \"defaultSecondaryLocation\": \"eastasia\",\r\n        \"catalogCollation\": \"SQL_Latin1_General_CP1_CI_AS\",\r\n        \"readScale\": \"Disabled\",\r\n        \"currentSku\": {\r\n          \"name\": \"DataWarehouse\",\r\n          \"tier\": \"DataWarehouse\",\r\n          \"capacity\": 900\r\n        },\r\n        \"currentBackupStorageRedundancy\": \"Geo\",\r\n        \"requestedBackupStorageRedundancy\": \"Geo\",\r\n        \"maintenanceConfigurationId\": \"/subscriptions/412b782d-2511-4c6d-98f2-3ea01b1c83c3/providers/Microsoft.Maintenance/publicMaintenanceConfigurations/SQL_Default\"\r\n      },\r\n      \"location\": \"southeastasia\",\r\n      \"id\": \"/subscriptions/412b782d-2511-4c6d-98f2-3ea01b1c83c3/resourceGroups/ps8439/providers/Microsoft.Sql/servers/ps1026/databases/ps1693\",\r\n      \"name\": \"ps1693\",\r\n      \"type\": \"Microsoft.Sql/servers/databases\"\r\n    },\r\n    {\r\n      \"sku\": {\r\n        \"name\": \"GP_Gen5\",\r\n        \"tier\": \"GeneralPurpose\",\r\n        \"family\": \"Gen5\",\r\n        \"capacity\": 2\r\n      },\r\n      \"kind\": \"v12.0,user,vcore\",\r\n      \"properties\": {\r\n        \"collation\": \"SQL_Latin1_General_CP1_CI_AS\",\r\n        \"maxSizeBytes\": 1073741824,\r\n        \"status\": \"Online\",\r\n        \"databaseId\": \"7c9eb766-8d02-4e04-bb26-65c4add2a2c7\",\r\n        \"creationDate\": \"2021-03-17T02:16:41.38Z\",\r\n        \"currentServiceObjectiveName\": \"GP_Gen5_2\",\r\n        \"requestedServiceObjectiveName\": \"GP_Gen5_2\",\r\n        \"defaultSecondaryLocation\": \"eastasia\",\r\n        \"catalogCollation\": \"SQL_Latin1_General_CP1_CI_AS\",\r\n        \"zoneRedundant\": false,\r\n        \"licenseType\": \"LicenseIncluded\",\r\n        \"maxLogSizeBytes\": 68719476736,\r\n        \"earliestRestoreDate\": \"2021-03-17T02:18:26Z\",\r\n        \"readScale\": \"Disabled\",\r\n        \"currentSku\": {\r\n          \"name\": \"GP_Gen5\",\r\n          \"tier\": \"GeneralPurpose\",\r\n          \"family\": \"Gen5\",\r\n          \"capacity\": 2\r\n        },\r\n        \"currentBackupStorageRedundancy\": \"Geo\",\r\n        \"requestedBackupStorageRedundancy\": \"Geo\",\r\n        \"maintenanceConfigurationId\": \"/subscriptions/412b782d-2511-4c6d-98f2-3ea01b1c83c3/providers/Microsoft.Maintenance/publicMaintenanceConfigurations/SQL_Default\"\r\n      },\r\n      \"location\": \"southeastasia\",\r\n      \"id\": \"/subscriptions/412b782d-2511-4c6d-98f2-3ea01b1c83c3/resourceGroups/ps8439/providers/Microsoft.Sql/servers/ps1026/databases/ps4577\",\r\n      \"name\": \"ps4577\",\r\n      \"type\": \"Microsoft.Sql/servers/databases\"\r\n    }\r\n  ]\r\n}",
      "StatusCode": 200
    },
    {
      "RequestUri": "/subscriptions/412b782d-2511-4c6d-98f2-3ea01b1c83c3/resourcegroups/ps8439?api-version=2016-09-01",
      "EncodedRequestUri": "L3N1YnNjcmlwdGlvbnMvNDEyYjc4MmQtMjUxMS00YzZkLTk4ZjItM2VhMDFiMWM4M2MzL3Jlc291cmNlZ3JvdXBzL3BzODQzOT9hcGktdmVyc2lvbj0yMDE2LTA5LTAx",
      "RequestMethod": "DELETE",
      "RequestBody": "",
      "RequestHeaders": {
        "x-ms-client-request-id": [
          "222a5f5f-97ad-4188-b66c-fd3aadd53d61"
        ],
        "Accept-Language": [
          "en-US"
        ],
        "User-Agent": [
          "FxVersion/4.6.29812.02",
          "OSName/Windows",
          "OSVersion/Microsoft.Windows.10.0.14393.",
          "Microsoft.Azure.Management.Internal.Resources.ResourceManagementClient/1.3.31"
        ]
      },
      "ResponseHeaders": {
        "Cache-Control": [
          "no-cache"
        ],
        "Pragma": [
          "no-cache"
        ],
        "Location": [
          "https://management.azure.com/subscriptions/412b782d-2511-4c6d-98f2-3ea01b1c83c3/operationresults/eyJqb2JJZCI6IlJFU09VUkNFR1JPVVBERUxFVElPTkpPQi1QUzg0MzktV0VTVENFTlRSQUxVUyIsImpvYkxvY2F0aW9uIjoid2VzdGNlbnRyYWx1cyJ9?api-version=2016-09-01"
        ],
        "Retry-After": [
          "15"
        ],
        "x-ms-ratelimit-remaining-subscription-deletes": [
          "14999"
        ],
        "x-ms-request-id": [
          "3d45f152-2ae5-4466-bdd4-e4748734163c"
        ],
        "x-ms-correlation-request-id": [
          "3d45f152-2ae5-4466-bdd4-e4748734163c"
        ],
        "x-ms-routing-request-id": [
          "WESTUS:20210317T021943Z:3d45f152-2ae5-4466-bdd4-e4748734163c"
        ],
        "Strict-Transport-Security": [
          "max-age=31536000; includeSubDomains"
        ],
        "X-Content-Type-Options": [
          "nosniff"
        ],
        "Date": [
          "Wed, 17 Mar 2021 02:19:43 GMT"
        ],
        "Expires": [
          "-1"
        ],
        "Content-Length": [
          "0"
        ]
      },
      "ResponseBody": "",
      "StatusCode": 202
    },
    {
      "RequestUri": "/subscriptions/412b782d-2511-4c6d-98f2-3ea01b1c83c3/operationresults/eyJqb2JJZCI6IlJFU09VUkNFR1JPVVBERUxFVElPTkpPQi1QUzg0MzktV0VTVENFTlRSQUxVUyIsImpvYkxvY2F0aW9uIjoid2VzdGNlbnRyYWx1cyJ9?api-version=2016-09-01",
      "EncodedRequestUri": "L3N1YnNjcmlwdGlvbnMvNDEyYjc4MmQtMjUxMS00YzZkLTk4ZjItM2VhMDFiMWM4M2MzL29wZXJhdGlvbnJlc3VsdHMvZXlKcWIySkpaQ0k2SWxKRlUwOVZVa05GUjFKUFZWQkVSVXhGVkVsUFRrcFBRaTFRVXpnME16a3RWMFZUVkVORlRsUlNRVXhWVXlJc0ltcHZZa3h2WTJGMGFXOXVJam9pZDJWemRHTmxiblJ5WVd4MWN5Sjk/YXBpLXZlcnNpb249MjAxNi0wOS0wMQ==",
      "RequestMethod": "GET",
      "RequestBody": "",
      "RequestHeaders": {
        "User-Agent": [
          "FxVersion/4.6.29812.02",
          "OSName/Windows",
          "OSVersion/Microsoft.Windows.10.0.14393.",
          "Microsoft.Azure.Management.Internal.Resources.ResourceManagementClient/1.3.31"
        ]
      },
      "ResponseHeaders": {
        "Cache-Control": [
          "no-cache"
        ],
        "Pragma": [
          "no-cache"
        ],
        "Location": [
          "https://management.azure.com/subscriptions/412b782d-2511-4c6d-98f2-3ea01b1c83c3/operationresults/eyJqb2JJZCI6IlJFU09VUkNFR1JPVVBERUxFVElPTkpPQi1QUzg0MzktV0VTVENFTlRSQUxVUyIsImpvYkxvY2F0aW9uIjoid2VzdGNlbnRyYWx1cyJ9?api-version=2016-09-01"
        ],
        "Retry-After": [
          "15"
        ],
        "x-ms-ratelimit-remaining-subscription-reads": [
          "11999"
        ],
        "x-ms-request-id": [
          "22b74495-4f6d-4448-938b-8dc9af9a9538"
        ],
        "x-ms-correlation-request-id": [
          "22b74495-4f6d-4448-938b-8dc9af9a9538"
        ],
        "x-ms-routing-request-id": [
          "WESTUS:20210317T021959Z:22b74495-4f6d-4448-938b-8dc9af9a9538"
        ],
        "Strict-Transport-Security": [
          "max-age=31536000; includeSubDomains"
        ],
        "X-Content-Type-Options": [
          "nosniff"
        ],
        "Date": [
          "Wed, 17 Mar 2021 02:19:58 GMT"
        ],
        "Expires": [
          "-1"
        ],
        "Content-Length": [
          "0"
        ]
      },
      "ResponseBody": "",
      "StatusCode": 202
    },
    {
      "RequestUri": "/subscriptions/412b782d-2511-4c6d-98f2-3ea01b1c83c3/operationresults/eyJqb2JJZCI6IlJFU09VUkNFR1JPVVBERUxFVElPTkpPQi1QUzg0MzktV0VTVENFTlRSQUxVUyIsImpvYkxvY2F0aW9uIjoid2VzdGNlbnRyYWx1cyJ9?api-version=2016-09-01",
      "EncodedRequestUri": "L3N1YnNjcmlwdGlvbnMvNDEyYjc4MmQtMjUxMS00YzZkLTk4ZjItM2VhMDFiMWM4M2MzL29wZXJhdGlvbnJlc3VsdHMvZXlKcWIySkpaQ0k2SWxKRlUwOVZVa05GUjFKUFZWQkVSVXhGVkVsUFRrcFBRaTFRVXpnME16a3RWMFZUVkVORlRsUlNRVXhWVXlJc0ltcHZZa3h2WTJGMGFXOXVJam9pZDJWemRHTmxiblJ5WVd4MWN5Sjk/YXBpLXZlcnNpb249MjAxNi0wOS0wMQ==",
      "RequestMethod": "GET",
      "RequestBody": "",
      "RequestHeaders": {
        "User-Agent": [
          "FxVersion/4.6.29812.02",
          "OSName/Windows",
          "OSVersion/Microsoft.Windows.10.0.14393.",
          "Microsoft.Azure.Management.Internal.Resources.ResourceManagementClient/1.3.31"
        ]
      },
      "ResponseHeaders": {
        "Cache-Control": [
          "no-cache"
        ],
        "Pragma": [
          "no-cache"
        ],
        "Location": [
          "https://management.azure.com/subscriptions/412b782d-2511-4c6d-98f2-3ea01b1c83c3/operationresults/eyJqb2JJZCI6IlJFU09VUkNFR1JPVVBERUxFVElPTkpPQi1QUzg0MzktV0VTVENFTlRSQUxVUyIsImpvYkxvY2F0aW9uIjoid2VzdGNlbnRyYWx1cyJ9?api-version=2016-09-01"
        ],
        "Retry-After": [
          "15"
        ],
        "x-ms-ratelimit-remaining-subscription-reads": [
          "11998"
        ],
        "x-ms-request-id": [
          "d978f344-eabb-4f88-a78b-52ec108ba0e4"
        ],
        "x-ms-correlation-request-id": [
          "d978f344-eabb-4f88-a78b-52ec108ba0e4"
        ],
        "x-ms-routing-request-id": [
          "WESTUS:20210317T022014Z:d978f344-eabb-4f88-a78b-52ec108ba0e4"
        ],
        "Strict-Transport-Security": [
          "max-age=31536000; includeSubDomains"
        ],
        "X-Content-Type-Options": [
          "nosniff"
        ],
        "Date": [
          "Wed, 17 Mar 2021 02:20:13 GMT"
        ],
        "Expires": [
          "-1"
        ],
        "Content-Length": [
          "0"
        ]
      },
      "ResponseBody": "",
      "StatusCode": 202
    },
    {
      "RequestUri": "/subscriptions/412b782d-2511-4c6d-98f2-3ea01b1c83c3/operationresults/eyJqb2JJZCI6IlJFU09VUkNFR1JPVVBERUxFVElPTkpPQi1QUzg0MzktV0VTVENFTlRSQUxVUyIsImpvYkxvY2F0aW9uIjoid2VzdGNlbnRyYWx1cyJ9?api-version=2016-09-01",
      "EncodedRequestUri": "L3N1YnNjcmlwdGlvbnMvNDEyYjc4MmQtMjUxMS00YzZkLTk4ZjItM2VhMDFiMWM4M2MzL29wZXJhdGlvbnJlc3VsdHMvZXlKcWIySkpaQ0k2SWxKRlUwOVZVa05GUjFKUFZWQkVSVXhGVkVsUFRrcFBRaTFRVXpnME16a3RWMFZUVkVORlRsUlNRVXhWVXlJc0ltcHZZa3h2WTJGMGFXOXVJam9pZDJWemRHTmxiblJ5WVd4MWN5Sjk/YXBpLXZlcnNpb249MjAxNi0wOS0wMQ==",
      "RequestMethod": "GET",
      "RequestBody": "",
      "RequestHeaders": {
        "User-Agent": [
          "FxVersion/4.6.29812.02",
          "OSName/Windows",
          "OSVersion/Microsoft.Windows.10.0.14393.",
          "Microsoft.Azure.Management.Internal.Resources.ResourceManagementClient/1.3.31"
        ]
      },
      "ResponseHeaders": {
        "Cache-Control": [
          "no-cache"
        ],
        "Pragma": [
          "no-cache"
        ],
        "Location": [
          "https://management.azure.com/subscriptions/412b782d-2511-4c6d-98f2-3ea01b1c83c3/operationresults/eyJqb2JJZCI6IlJFU09VUkNFR1JPVVBERUxFVElPTkpPQi1QUzg0MzktV0VTVENFTlRSQUxVUyIsImpvYkxvY2F0aW9uIjoid2VzdGNlbnRyYWx1cyJ9?api-version=2016-09-01"
        ],
        "Retry-After": [
          "15"
        ],
        "x-ms-ratelimit-remaining-subscription-reads": [
          "11997"
        ],
        "x-ms-request-id": [
          "e7e1af63-e03c-413a-9906-71a128f2d645"
        ],
        "x-ms-correlation-request-id": [
          "e7e1af63-e03c-413a-9906-71a128f2d645"
        ],
        "x-ms-routing-request-id": [
          "WESTUS:20210317T022029Z:e7e1af63-e03c-413a-9906-71a128f2d645"
        ],
        "Strict-Transport-Security": [
          "max-age=31536000; includeSubDomains"
        ],
        "X-Content-Type-Options": [
          "nosniff"
        ],
        "Date": [
          "Wed, 17 Mar 2021 02:20:28 GMT"
        ],
        "Expires": [
          "-1"
        ],
        "Content-Length": [
          "0"
        ]
      },
      "ResponseBody": "",
      "StatusCode": 202
    },
    {
      "RequestUri": "/subscriptions/412b782d-2511-4c6d-98f2-3ea01b1c83c3/operationresults/eyJqb2JJZCI6IlJFU09VUkNFR1JPVVBERUxFVElPTkpPQi1QUzg0MzktV0VTVENFTlRSQUxVUyIsImpvYkxvY2F0aW9uIjoid2VzdGNlbnRyYWx1cyJ9?api-version=2016-09-01",
      "EncodedRequestUri": "L3N1YnNjcmlwdGlvbnMvNDEyYjc4MmQtMjUxMS00YzZkLTk4ZjItM2VhMDFiMWM4M2MzL29wZXJhdGlvbnJlc3VsdHMvZXlKcWIySkpaQ0k2SWxKRlUwOVZVa05GUjFKUFZWQkVSVXhGVkVsUFRrcFBRaTFRVXpnME16a3RWMFZUVkVORlRsUlNRVXhWVXlJc0ltcHZZa3h2WTJGMGFXOXVJam9pZDJWemRHTmxiblJ5WVd4MWN5Sjk/YXBpLXZlcnNpb249MjAxNi0wOS0wMQ==",
      "RequestMethod": "GET",
      "RequestBody": "",
      "RequestHeaders": {
        "User-Agent": [
          "FxVersion/4.6.29812.02",
          "OSName/Windows",
          "OSVersion/Microsoft.Windows.10.0.14393.",
          "Microsoft.Azure.Management.Internal.Resources.ResourceManagementClient/1.3.31"
        ]
      },
      "ResponseHeaders": {
        "Cache-Control": [
          "no-cache"
        ],
        "Pragma": [
          "no-cache"
        ],
        "Location": [
          "https://management.azure.com/subscriptions/412b782d-2511-4c6d-98f2-3ea01b1c83c3/operationresults/eyJqb2JJZCI6IlJFU09VUkNFR1JPVVBERUxFVElPTkpPQi1QUzg0MzktV0VTVENFTlRSQUxVUyIsImpvYkxvY2F0aW9uIjoid2VzdGNlbnRyYWx1cyJ9?api-version=2016-09-01"
        ],
        "Retry-After": [
          "15"
        ],
        "x-ms-ratelimit-remaining-subscription-reads": [
          "11996"
        ],
        "x-ms-request-id": [
          "4eb9de7b-27e3-4e5c-959f-f85fb41678d8"
        ],
        "x-ms-correlation-request-id": [
          "4eb9de7b-27e3-4e5c-959f-f85fb41678d8"
        ],
        "x-ms-routing-request-id": [
          "WESTUS:20210317T022044Z:4eb9de7b-27e3-4e5c-959f-f85fb41678d8"
        ],
        "Strict-Transport-Security": [
          "max-age=31536000; includeSubDomains"
        ],
        "X-Content-Type-Options": [
          "nosniff"
        ],
        "Date": [
          "Wed, 17 Mar 2021 02:20:43 GMT"
        ],
        "Expires": [
          "-1"
        ],
        "Content-Length": [
          "0"
        ]
      },
      "ResponseBody": "",
      "StatusCode": 202
    },
    {
      "RequestUri": "/subscriptions/412b782d-2511-4c6d-98f2-3ea01b1c83c3/operationresults/eyJqb2JJZCI6IlJFU09VUkNFR1JPVVBERUxFVElPTkpPQi1QUzg0MzktV0VTVENFTlRSQUxVUyIsImpvYkxvY2F0aW9uIjoid2VzdGNlbnRyYWx1cyJ9?api-version=2016-09-01",
      "EncodedRequestUri": "L3N1YnNjcmlwdGlvbnMvNDEyYjc4MmQtMjUxMS00YzZkLTk4ZjItM2VhMDFiMWM4M2MzL29wZXJhdGlvbnJlc3VsdHMvZXlKcWIySkpaQ0k2SWxKRlUwOVZVa05GUjFKUFZWQkVSVXhGVkVsUFRrcFBRaTFRVXpnME16a3RWMFZUVkVORlRsUlNRVXhWVXlJc0ltcHZZa3h2WTJGMGFXOXVJam9pZDJWemRHTmxiblJ5WVd4MWN5Sjk/YXBpLXZlcnNpb249MjAxNi0wOS0wMQ==",
      "RequestMethod": "GET",
      "RequestBody": "",
      "RequestHeaders": {
        "User-Agent": [
          "FxVersion/4.6.29812.02",
          "OSName/Windows",
          "OSVersion/Microsoft.Windows.10.0.14393.",
          "Microsoft.Azure.Management.Internal.Resources.ResourceManagementClient/1.3.31"
        ]
      },
      "ResponseHeaders": {
        "Cache-Control": [
          "no-cache"
        ],
        "Pragma": [
          "no-cache"
        ],
        "Location": [
          "https://management.azure.com/subscriptions/412b782d-2511-4c6d-98f2-3ea01b1c83c3/operationresults/eyJqb2JJZCI6IlJFU09VUkNFR1JPVVBERUxFVElPTkpPQi1QUzg0MzktV0VTVENFTlRSQUxVUyIsImpvYkxvY2F0aW9uIjoid2VzdGNlbnRyYWx1cyJ9?api-version=2016-09-01"
        ],
        "Retry-After": [
          "15"
        ],
        "x-ms-ratelimit-remaining-subscription-reads": [
          "11995"
        ],
        "x-ms-request-id": [
          "004c6494-854b-426e-8480-8585aa9bd74a"
        ],
        "x-ms-correlation-request-id": [
          "004c6494-854b-426e-8480-8585aa9bd74a"
        ],
        "x-ms-routing-request-id": [
          "WESTUS:20210317T022059Z:004c6494-854b-426e-8480-8585aa9bd74a"
        ],
        "Strict-Transport-Security": [
          "max-age=31536000; includeSubDomains"
        ],
        "X-Content-Type-Options": [
          "nosniff"
        ],
        "Date": [
          "Wed, 17 Mar 2021 02:20:58 GMT"
        ],
        "Expires": [
          "-1"
        ],
        "Content-Length": [
          "0"
        ]
      },
      "ResponseBody": "",
      "StatusCode": 202
    },
    {
      "RequestUri": "/subscriptions/412b782d-2511-4c6d-98f2-3ea01b1c83c3/operationresults/eyJqb2JJZCI6IlJFU09VUkNFR1JPVVBERUxFVElPTkpPQi1QUzg0MzktV0VTVENFTlRSQUxVUyIsImpvYkxvY2F0aW9uIjoid2VzdGNlbnRyYWx1cyJ9?api-version=2016-09-01",
      "EncodedRequestUri": "L3N1YnNjcmlwdGlvbnMvNDEyYjc4MmQtMjUxMS00YzZkLTk4ZjItM2VhMDFiMWM4M2MzL29wZXJhdGlvbnJlc3VsdHMvZXlKcWIySkpaQ0k2SWxKRlUwOVZVa05GUjFKUFZWQkVSVXhGVkVsUFRrcFBRaTFRVXpnME16a3RWMFZUVkVORlRsUlNRVXhWVXlJc0ltcHZZa3h2WTJGMGFXOXVJam9pZDJWemRHTmxiblJ5WVd4MWN5Sjk/YXBpLXZlcnNpb249MjAxNi0wOS0wMQ==",
      "RequestMethod": "GET",
      "RequestBody": "",
      "RequestHeaders": {
        "User-Agent": [
          "FxVersion/4.6.29812.02",
          "OSName/Windows",
          "OSVersion/Microsoft.Windows.10.0.14393.",
          "Microsoft.Azure.Management.Internal.Resources.ResourceManagementClient/1.3.31"
        ]
      },
      "ResponseHeaders": {
        "Cache-Control": [
          "no-cache"
        ],
        "Pragma": [
          "no-cache"
        ],
        "Location": [
          "https://management.azure.com/subscriptions/412b782d-2511-4c6d-98f2-3ea01b1c83c3/operationresults/eyJqb2JJZCI6IlJFU09VUkNFR1JPVVBERUxFVElPTkpPQi1QUzg0MzktV0VTVENFTlRSQUxVUyIsImpvYkxvY2F0aW9uIjoid2VzdGNlbnRyYWx1cyJ9?api-version=2016-09-01"
        ],
        "Retry-After": [
          "15"
        ],
        "x-ms-ratelimit-remaining-subscription-reads": [
          "11994"
        ],
        "x-ms-request-id": [
          "9746fcea-9181-4676-9635-c946200bf316"
        ],
        "x-ms-correlation-request-id": [
          "9746fcea-9181-4676-9635-c946200bf316"
        ],
        "x-ms-routing-request-id": [
          "WESTUS:20210317T022114Z:9746fcea-9181-4676-9635-c946200bf316"
        ],
        "Strict-Transport-Security": [
          "max-age=31536000; includeSubDomains"
        ],
        "X-Content-Type-Options": [
          "nosniff"
        ],
        "Date": [
          "Wed, 17 Mar 2021 02:21:13 GMT"
        ],
        "Expires": [
          "-1"
        ],
        "Content-Length": [
          "0"
        ]
      },
      "ResponseBody": "",
      "StatusCode": 202
    },
    {
      "RequestUri": "/subscriptions/412b782d-2511-4c6d-98f2-3ea01b1c83c3/operationresults/eyJqb2JJZCI6IlJFU09VUkNFR1JPVVBERUxFVElPTkpPQi1QUzg0MzktV0VTVENFTlRSQUxVUyIsImpvYkxvY2F0aW9uIjoid2VzdGNlbnRyYWx1cyJ9?api-version=2016-09-01",
      "EncodedRequestUri": "L3N1YnNjcmlwdGlvbnMvNDEyYjc4MmQtMjUxMS00YzZkLTk4ZjItM2VhMDFiMWM4M2MzL29wZXJhdGlvbnJlc3VsdHMvZXlKcWIySkpaQ0k2SWxKRlUwOVZVa05GUjFKUFZWQkVSVXhGVkVsUFRrcFBRaTFRVXpnME16a3RWMFZUVkVORlRsUlNRVXhWVXlJc0ltcHZZa3h2WTJGMGFXOXVJam9pZDJWemRHTmxiblJ5WVd4MWN5Sjk/YXBpLXZlcnNpb249MjAxNi0wOS0wMQ==",
      "RequestMethod": "GET",
      "RequestBody": "",
      "RequestHeaders": {
        "User-Agent": [
          "FxVersion/4.6.29812.02",
          "OSName/Windows",
          "OSVersion/Microsoft.Windows.10.0.14393.",
          "Microsoft.Azure.Management.Internal.Resources.ResourceManagementClient/1.3.31"
        ]
      },
      "ResponseHeaders": {
        "Cache-Control": [
          "no-cache"
        ],
        "Pragma": [
          "no-cache"
        ],
        "x-ms-ratelimit-remaining-subscription-reads": [
          "11993"
        ],
        "x-ms-request-id": [
          "8e4e4d65-4cf9-4cd1-abd1-b7196f23103b"
        ],
        "x-ms-correlation-request-id": [
          "8e4e4d65-4cf9-4cd1-abd1-b7196f23103b"
        ],
        "x-ms-routing-request-id": [
          "WESTUS:20210317T022129Z:8e4e4d65-4cf9-4cd1-abd1-b7196f23103b"
        ],
        "Strict-Transport-Security": [
          "max-age=31536000; includeSubDomains"
        ],
        "X-Content-Type-Options": [
          "nosniff"
        ],
        "Date": [
          "Wed, 17 Mar 2021 02:21:29 GMT"
        ],
        "Expires": [
          "-1"
        ],
        "Content-Length": [
          "0"
        ]
      },
      "ResponseBody": "",
      "StatusCode": 200
    },
    {
      "RequestUri": "/subscriptions/412b782d-2511-4c6d-98f2-3ea01b1c83c3/operationresults/eyJqb2JJZCI6IlJFU09VUkNFR1JPVVBERUxFVElPTkpPQi1QUzg0MzktV0VTVENFTlRSQUxVUyIsImpvYkxvY2F0aW9uIjoid2VzdGNlbnRyYWx1cyJ9?api-version=2016-09-01",
      "EncodedRequestUri": "L3N1YnNjcmlwdGlvbnMvNDEyYjc4MmQtMjUxMS00YzZkLTk4ZjItM2VhMDFiMWM4M2MzL29wZXJhdGlvbnJlc3VsdHMvZXlKcWIySkpaQ0k2SWxKRlUwOVZVa05GUjFKUFZWQkVSVXhGVkVsUFRrcFBRaTFRVXpnME16a3RWMFZUVkVORlRsUlNRVXhWVXlJc0ltcHZZa3h2WTJGMGFXOXVJam9pZDJWemRHTmxiblJ5WVd4MWN5Sjk/YXBpLXZlcnNpb249MjAxNi0wOS0wMQ==",
      "RequestMethod": "GET",
      "RequestBody": "",
      "RequestHeaders": {
        "User-Agent": [
          "FxVersion/4.6.29812.02",
          "OSName/Windows",
          "OSVersion/Microsoft.Windows.10.0.14393.",
          "Microsoft.Azure.Management.Internal.Resources.ResourceManagementClient/1.3.31"
        ]
      },
      "ResponseHeaders": {
        "Cache-Control": [
          "no-cache"
        ],
        "Pragma": [
          "no-cache"
        ],
        "x-ms-ratelimit-remaining-subscription-reads": [
          "11992"
        ],
        "x-ms-request-id": [
          "529a3121-e1a3-4944-a290-58a79e6d318f"
        ],
        "x-ms-correlation-request-id": [
          "529a3121-e1a3-4944-a290-58a79e6d318f"
        ],
        "x-ms-routing-request-id": [
          "WESTUS:20210317T022129Z:529a3121-e1a3-4944-a290-58a79e6d318f"
        ],
        "Strict-Transport-Security": [
          "max-age=31536000; includeSubDomains"
        ],
        "X-Content-Type-Options": [
          "nosniff"
        ],
        "Date": [
          "Wed, 17 Mar 2021 02:21:29 GMT"
        ],
        "Expires": [
          "-1"
        ],
        "Content-Length": [
          "0"
        ]
      },
      "ResponseBody": "",
      "StatusCode": 200
    }
  ],
  "Names": {
    "Test-GetDatabase": [
      "ps8439",
      "ps1026",
      "ps4577",
      "ps159",
      "ps1693"
    ]
  },
  "Variables": {
    "SubscriptionId": "412b782d-2511-4c6d-98f2-3ea01b1c83c3"
  }
}