{
  "Entries": [
    {
      "RequestUri": "/subscriptions/2c647056-bab2-4175-b172-493ff049eb29/resourcegroups/ps7949?api-version=2016-09-01",
      "EncodedRequestUri": "L3N1YnNjcmlwdGlvbnMvMmM2NDcwNTYtYmFiMi00MTc1LWIxNzItNDkzZmYwNDllYjI5L3Jlc291cmNlZ3JvdXBzL3BzNzk0OT9hcGktdmVyc2lvbj0yMDE2LTA5LTAx",
      "RequestMethod": "PUT",
      "RequestBody": "{\r\n  \"location\": \"westcentralus\"\r\n}",
      "RequestHeaders": {
        "x-ms-client-request-id": [
          "46ca548f-cedf-459d-af37-6eb8631fdfa8"
        ],
        "Accept-Language": [
          "en-US"
        ],
        "User-Agent": [
          "FxVersion/4.6.29916.01",
          "OSName/Windows",
          "OSVersion/Microsoft.Windows.10.0.14393.",
          "Microsoft.Azure.Management.Internal.Resources.ResourceManagementClient/1.3.32"
        ],
        "Content-Type": [
          "application/json; charset=utf-8"
        ],
        "Content-Length": [
          "35"
        ]
      },
      "ResponseHeaders": {
        "Cache-Control": [
          "no-cache"
        ],
        "Pragma": [
          "no-cache"
        ],
        "x-ms-ratelimit-remaining-subscription-writes": [
          "1199"
        ],
        "x-ms-request-id": [
          "0ab9f836-db66-46e1-8373-b51ef7641799"
        ],
        "x-ms-correlation-request-id": [
          "0ab9f836-db66-46e1-8373-b51ef7641799"
        ],
        "x-ms-routing-request-id": [
          "WESTUS:20210517T152056Z:0ab9f836-db66-46e1-8373-b51ef7641799"
        ],
        "Strict-Transport-Security": [
          "max-age=31536000; includeSubDomains"
        ],
        "X-Content-Type-Options": [
          "nosniff"
        ],
        "Date": [
          "Mon, 17 May 2021 15:20:56 GMT"
        ],
        "Content-Length": [
          "172"
        ],
        "Content-Type": [
          "application/json; charset=utf-8"
        ],
        "Expires": [
          "-1"
        ]
      },
      "ResponseBody": "{\r\n  \"id\": \"/subscriptions/2c647056-bab2-4175-b172-493ff049eb29/resourceGroups/ps7949\",\r\n  \"name\": \"ps7949\",\r\n  \"location\": \"westcentralus\",\r\n  \"properties\": {\r\n    \"provisioningState\": \"Succeeded\"\r\n  }\r\n}",
      "StatusCode": 201
    },
    {
      "RequestUri": "/subscriptions/2c647056-bab2-4175-b172-493ff049eb29/resourceGroups/ps7949/providers/Microsoft.Sql/servers/ps4559?api-version=2020-11-01-preview",
      "EncodedRequestUri": "L3N1YnNjcmlwdGlvbnMvMmM2NDcwNTYtYmFiMi00MTc1LWIxNzItNDkzZmYwNDllYjI5L3Jlc291cmNlR3JvdXBzL3BzNzk0OS9wcm92aWRlcnMvTWljcm9zb2Z0LlNxbC9zZXJ2ZXJzL3BzNDU1OT9hcGktdmVyc2lvbj0yMDIwLTExLTAxLXByZXZpZXc=",
      "RequestMethod": "GET",
      "RequestBody": "",
      "RequestHeaders": {
        "x-ms-client-request-id": [
          "caace058-bf8a-4460-b6ab-c59289e02df0"
        ],
        "Accept-Language": [
          "en-US"
        ],
        "User-Agent": [
          "FxVersion/4.6.29916.01",
          "OSName/Windows",
          "OSVersion/Microsoft.Windows.10.0.14393.",
          "Microsoft.Azure.Management.Sql.SqlManagementClient/1.52.0.0"
        ]
      },
      "ResponseHeaders": {
        "Cache-Control": [
          "no-cache"
        ],
        "Pragma": [
          "no-cache"
        ],
        "x-ms-failure-cause": [
          "gateway"
        ],
        "x-ms-request-id": [
          "a73a5046-75c2-4909-b972-37f2ba479c8b"
        ],
        "x-ms-correlation-request-id": [
          "a73a5046-75c2-4909-b972-37f2ba479c8b"
        ],
        "x-ms-routing-request-id": [
          "WESTUS:20210517T152056Z:a73a5046-75c2-4909-b972-37f2ba479c8b"
        ],
        "Strict-Transport-Security": [
          "max-age=31536000; includeSubDomains"
        ],
        "X-Content-Type-Options": [
          "nosniff"
        ],
        "Date": [
          "Mon, 17 May 2021 15:20:56 GMT"
        ],
        "Content-Type": [
          "application/json; charset=utf-8"
        ],
        "Expires": [
          "-1"
        ],
        "Content-Length": [
          "206"
        ]
      },
      "ResponseBody": "{\r\n  \"error\": {\r\n    \"code\": \"ResourceNotFound\",\r\n    \"message\": \"The Resource 'Microsoft.Sql/servers/ps4559' under resource group 'ps7949' was not found. For more details please go to https://aka.ms/ARMResourceNotFoundFix\"\r\n  }\r\n}",
      "StatusCode": 404
    },
    {
      "RequestUri": "/subscriptions/2c647056-bab2-4175-b172-493ff049eb29/resourceGroups/ps7949/providers/Microsoft.Sql/servers/ps4559?api-version=2020-11-01-preview",
      "EncodedRequestUri": "L3N1YnNjcmlwdGlvbnMvMmM2NDcwNTYtYmFiMi00MTc1LWIxNzItNDkzZmYwNDllYjI5L3Jlc291cmNlR3JvdXBzL3BzNzk0OS9wcm92aWRlcnMvTWljcm9zb2Z0LlNxbC9zZXJ2ZXJzL3BzNDU1OT9hcGktdmVyc2lvbj0yMDIwLTExLTAxLXByZXZpZXc=",
      "RequestMethod": "GET",
      "RequestBody": "",
      "RequestHeaders": {
        "x-ms-client-request-id": [
          "caace058-bf8a-4460-b6ab-c59289e02df0"
        ],
        "User-Agent": [
          "FxVersion/4.6.29916.01",
          "OSName/Windows",
          "OSVersion/Microsoft.Windows.10.0.14393.",
          "Microsoft.Azure.Management.Sql.SqlManagementClient/1.52.0.0"
        ]
      },
      "ResponseHeaders": {
        "Cache-Control": [
          "no-cache"
        ],
        "Pragma": [
          "no-cache"
        ],
        "x-ms-request-id": [
          "45dd6904-2e50-4d20-8477-f58991ed1d79"
        ],
        "Server": [
          "Microsoft-HTTPAPI/2.0"
        ],
        "x-ms-ratelimit-remaining-subscription-reads": [
          "11990"
        ],
        "x-ms-correlation-request-id": [
          "760b8543-175b-4407-90c0-9a35684014cc"
        ],
        "x-ms-routing-request-id": [
          "WESTUS:20210517T152204Z:760b8543-175b-4407-90c0-9a35684014cc"
        ],
        "Strict-Transport-Security": [
          "max-age=31536000; includeSubDomains"
        ],
        "X-Content-Type-Options": [
          "nosniff"
        ],
        "Date": [
          "Mon, 17 May 2021 15:22:03 GMT"
        ],
        "Content-Length": [
          "415"
        ],
        "Content-Type": [
          "application/json; charset=utf-8"
        ],
        "Expires": [
          "-1"
        ]
      },
      "ResponseBody": "{\r\n  \"kind\": \"v12.0\",\r\n  \"properties\": {\r\n    \"administratorLogin\": \"testusername\",\r\n    \"version\": \"12.0\",\r\n    \"state\": \"Ready\",\r\n    \"fullyQualifiedDomainName\": \"ps4559.database.windows.net\",\r\n    \"privateEndpointConnections\": [],\r\n    \"publicNetworkAccess\": \"Enabled\"\r\n  },\r\n  \"location\": \"southeastasia\",\r\n  \"id\": \"/subscriptions/2c647056-bab2-4175-b172-493ff049eb29/resourceGroups/ps7949/providers/Microsoft.Sql/servers/ps4559\",\r\n  \"name\": \"ps4559\",\r\n  \"type\": \"Microsoft.Sql/servers\"\r\n}",
      "StatusCode": 200
    },
    {
      "RequestUri": "/subscriptions/2c647056-bab2-4175-b172-493ff049eb29/resourceGroups/ps7949/providers/Microsoft.Sql/servers/ps4559?api-version=2020-11-01-preview",
      "EncodedRequestUri": "L3N1YnNjcmlwdGlvbnMvMmM2NDcwNTYtYmFiMi00MTc1LWIxNzItNDkzZmYwNDllYjI5L3Jlc291cmNlR3JvdXBzL3BzNzk0OS9wcm92aWRlcnMvTWljcm9zb2Z0LlNxbC9zZXJ2ZXJzL3BzNDU1OT9hcGktdmVyc2lvbj0yMDIwLTExLTAxLXByZXZpZXc=",
      "RequestMethod": "GET",
      "RequestBody": "",
      "RequestHeaders": {
        "x-ms-client-request-id": [
          "a0ac6642-e645-4faa-bdd5-9870c1b35de2"
        ],
        "Accept-Language": [
          "en-US"
        ],
        "User-Agent": [
          "FxVersion/4.6.29916.01",
          "OSName/Windows",
          "OSVersion/Microsoft.Windows.10.0.14393.",
          "Microsoft.Azure.Management.Sql.SqlManagementClient/1.52.0.0"
        ]
      },
      "ResponseHeaders": {
        "Cache-Control": [
          "no-cache"
        ],
        "Pragma": [
          "no-cache"
        ],
        "x-ms-request-id": [
          "f21b96a2-6a9a-4189-ac41-0ec40356dd5e"
        ],
        "Server": [
          "Microsoft-HTTPAPI/2.0"
        ],
        "x-ms-ratelimit-remaining-subscription-reads": [
          "11989"
        ],
        "x-ms-correlation-request-id": [
          "b473be0f-8a6c-4e24-8da6-ca8f92d91ee5"
        ],
        "x-ms-routing-request-id": [
          "WESTUS:20210517T152205Z:b473be0f-8a6c-4e24-8da6-ca8f92d91ee5"
        ],
        "Strict-Transport-Security": [
          "max-age=31536000; includeSubDomains"
        ],
        "X-Content-Type-Options": [
          "nosniff"
        ],
        "Date": [
          "Mon, 17 May 2021 15:22:04 GMT"
        ],
        "Content-Length": [
          "415"
        ],
        "Content-Type": [
          "application/json; charset=utf-8"
        ],
        "Expires": [
          "-1"
        ]
      },
      "ResponseBody": "{\r\n  \"kind\": \"v12.0\",\r\n  \"properties\": {\r\n    \"administratorLogin\": \"testusername\",\r\n    \"version\": \"12.0\",\r\n    \"state\": \"Ready\",\r\n    \"fullyQualifiedDomainName\": \"ps4559.database.windows.net\",\r\n    \"privateEndpointConnections\": [],\r\n    \"publicNetworkAccess\": \"Enabled\"\r\n  },\r\n  \"location\": \"southeastasia\",\r\n  \"id\": \"/subscriptions/2c647056-bab2-4175-b172-493ff049eb29/resourceGroups/ps7949/providers/Microsoft.Sql/servers/ps4559\",\r\n  \"name\": \"ps4559\",\r\n  \"type\": \"Microsoft.Sql/servers\"\r\n}",
      "StatusCode": 200
    },
    {
      "RequestUri": "/subscriptions/2c647056-bab2-4175-b172-493ff049eb29/resourceGroups/ps7949/providers/Microsoft.Sql/servers/ps4559?api-version=2020-11-01-preview",
      "EncodedRequestUri": "L3N1YnNjcmlwdGlvbnMvMmM2NDcwNTYtYmFiMi00MTc1LWIxNzItNDkzZmYwNDllYjI5L3Jlc291cmNlR3JvdXBzL3BzNzk0OS9wcm92aWRlcnMvTWljcm9zb2Z0LlNxbC9zZXJ2ZXJzL3BzNDU1OT9hcGktdmVyc2lvbj0yMDIwLTExLTAxLXByZXZpZXc=",
      "RequestMethod": "GET",
      "RequestBody": "",
      "RequestHeaders": {
        "x-ms-client-request-id": [
          "a0ac6642-e645-4faa-bdd5-9870c1b35de2"
        ],
        "Accept-Language": [
          "en-US"
        ],
        "User-Agent": [
          "FxVersion/4.6.29916.01",
          "OSName/Windows",
          "OSVersion/Microsoft.Windows.10.0.14393.",
          "Microsoft.Azure.Management.Sql.SqlManagementClient/1.52.0.0"
        ]
      },
      "ResponseHeaders": {
        "Cache-Control": [
          "no-cache"
        ],
        "Pragma": [
          "no-cache"
        ],
        "x-ms-request-id": [
          "6551d2d4-7a91-44c4-81fd-742186a6dbf1"
        ],
        "Server": [
          "Microsoft-HTTPAPI/2.0"
        ],
        "x-ms-ratelimit-remaining-subscription-reads": [
          "11987"
        ],
        "x-ms-correlation-request-id": [
          "5226e152-e0ff-483a-8ad0-182f267f00fb"
        ],
        "x-ms-routing-request-id": [
          "WESTUS:20210517T152205Z:5226e152-e0ff-483a-8ad0-182f267f00fb"
        ],
        "Strict-Transport-Security": [
          "max-age=31536000; includeSubDomains"
        ],
        "X-Content-Type-Options": [
          "nosniff"
        ],
        "Date": [
          "Mon, 17 May 2021 15:22:04 GMT"
        ],
        "Content-Length": [
          "415"
        ],
        "Content-Type": [
          "application/json; charset=utf-8"
        ],
        "Expires": [
          "-1"
        ]
      },
      "ResponseBody": "{\r\n  \"kind\": \"v12.0\",\r\n  \"properties\": {\r\n    \"administratorLogin\": \"testusername\",\r\n    \"version\": \"12.0\",\r\n    \"state\": \"Ready\",\r\n    \"fullyQualifiedDomainName\": \"ps4559.database.windows.net\",\r\n    \"privateEndpointConnections\": [],\r\n    \"publicNetworkAccess\": \"Enabled\"\r\n  },\r\n  \"location\": \"southeastasia\",\r\n  \"id\": \"/subscriptions/2c647056-bab2-4175-b172-493ff049eb29/resourceGroups/ps7949/providers/Microsoft.Sql/servers/ps4559\",\r\n  \"name\": \"ps4559\",\r\n  \"type\": \"Microsoft.Sql/servers\"\r\n}",
      "StatusCode": 200
    },
    {
      "RequestUri": "/subscriptions/2c647056-bab2-4175-b172-493ff049eb29/resourceGroups/ps7949/providers/Microsoft.Sql/servers/ps4559?api-version=2020-11-01-preview",
      "EncodedRequestUri": "L3N1YnNjcmlwdGlvbnMvMmM2NDcwNTYtYmFiMi00MTc1LWIxNzItNDkzZmYwNDllYjI5L3Jlc291cmNlR3JvdXBzL3BzNzk0OS9wcm92aWRlcnMvTWljcm9zb2Z0LlNxbC9zZXJ2ZXJzL3BzNDU1OT9hcGktdmVyc2lvbj0yMDIwLTExLTAxLXByZXZpZXc=",
      "RequestMethod": "PUT",
      "RequestBody": "{\r\n  \"properties\": {\r\n    \"administratorLogin\": \"testusername\",\r\n    \"administratorLoginPassword\": \"t357ingP@s5w0rd!\"\r\n  },\r\n  \"location\": \"southeastasia\"\r\n}",
      "RequestHeaders": {
        "x-ms-client-request-id": [
          "caace058-bf8a-4460-b6ab-c59289e02df0"
        ],
        "Accept-Language": [
          "en-US"
        ],
        "User-Agent": [
          "FxVersion/4.6.29916.01",
          "OSName/Windows",
          "OSVersion/Microsoft.Windows.10.0.14393.",
          "Microsoft.Azure.Management.Sql.SqlManagementClient/1.52.0.0"
        ],
        "Content-Type": [
          "application/json; charset=utf-8"
        ],
        "Content-Length": [
          "157"
        ]
      },
      "ResponseHeaders": {
        "Cache-Control": [
          "no-cache"
        ],
        "Pragma": [
          "no-cache"
        ],
        "Location": [
          "https://management.azure.com/subscriptions/2c647056-bab2-4175-b172-493ff049eb29/resourceGroups/ps7949/providers/Microsoft.Sql/locations/southeastasia/serverOperationResults/4d4adc4f-6784-4052-8a7c-a6407a1f8188?api-version=2020-11-01-preview"
        ],
        "Retry-After": [
          "1"
        ],
        "Azure-AsyncOperation": [
          "https://management.azure.com/subscriptions/2c647056-bab2-4175-b172-493ff049eb29/resourceGroups/ps7949/providers/Microsoft.Sql/locations/southeastasia/serverAzureAsyncOperation/4d4adc4f-6784-4052-8a7c-a6407a1f8188?api-version=2020-11-01-preview"
        ],
        "x-ms-request-id": [
          "4d4adc4f-6784-4052-8a7c-a6407a1f8188"
        ],
        "Server": [
          "Microsoft-HTTPAPI/2.0"
        ],
        "x-ms-ratelimit-remaining-subscription-writes": [
          "1198"
        ],
        "x-ms-correlation-request-id": [
          "d93bdf6f-d86f-45c6-9547-2c901a6a9eda"
        ],
        "x-ms-routing-request-id": [
          "WESTUS:20210517T152059Z:d93bdf6f-d86f-45c6-9547-2c901a6a9eda"
        ],
        "Strict-Transport-Security": [
          "max-age=31536000; includeSubDomains"
        ],
        "X-Content-Type-Options": [
          "nosniff"
        ],
        "Date": [
          "Mon, 17 May 2021 15:20:58 GMT"
        ],
        "Content-Length": [
          "74"
        ],
        "Content-Type": [
          "application/json; charset=utf-8"
        ],
        "Expires": [
          "-1"
        ]
      },
      "ResponseBody": "{\r\n  \"operation\": \"UpsertLogicalServer\",\r\n  \"startTime\": \"2021-05-17T15:20:58.833Z\"\r\n}",
      "StatusCode": 202
    },
    {
      "RequestUri": "/subscriptions/2c647056-bab2-4175-b172-493ff049eb29/resourceGroups/ps7949/providers/Microsoft.Sql/locations/southeastasia/serverAzureAsyncOperation/4d4adc4f-6784-4052-8a7c-a6407a1f8188?api-version=2020-11-01-preview",
      "EncodedRequestUri": "L3N1YnNjcmlwdGlvbnMvMmM2NDcwNTYtYmFiMi00MTc1LWIxNzItNDkzZmYwNDllYjI5L3Jlc291cmNlR3JvdXBzL3BzNzk0OS9wcm92aWRlcnMvTWljcm9zb2Z0LlNxbC9sb2NhdGlvbnMvc291dGhlYXN0YXNpYS9zZXJ2ZXJBenVyZUFzeW5jT3BlcmF0aW9uLzRkNGFkYzRmLTY3ODQtNDA1Mi04YTdjLWE2NDA3YTFmODE4OD9hcGktdmVyc2lvbj0yMDIwLTExLTAxLXByZXZpZXc=",
      "RequestMethod": "GET",
      "RequestBody": "",
      "RequestHeaders": {
        "x-ms-client-request-id": [
          "caace058-bf8a-4460-b6ab-c59289e02df0"
        ],
        "User-Agent": [
          "FxVersion/4.6.29916.01",
          "OSName/Windows",
          "OSVersion/Microsoft.Windows.10.0.14393.",
          "Microsoft.Azure.Management.Sql.SqlManagementClient/1.52.0.0"
        ]
      },
      "ResponseHeaders": {
        "Cache-Control": [
          "no-cache"
        ],
        "Pragma": [
          "no-cache"
        ],
        "Retry-After": [
          "1"
        ],
        "x-ms-request-id": [
          "c2fe55b4-c228-448b-b921-73568138a4ae"
        ],
        "Server": [
          "Microsoft-HTTPAPI/2.0"
        ],
        "x-ms-ratelimit-remaining-subscription-reads": [
          "11997"
        ],
        "x-ms-correlation-request-id": [
          "dbf627b6-c038-4f41-9afe-4796b0c66151"
        ],
        "x-ms-routing-request-id": [
          "WESTUS:20210517T152100Z:dbf627b6-c038-4f41-9afe-4796b0c66151"
        ],
        "Strict-Transport-Security": [
          "max-age=31536000; includeSubDomains"
        ],
        "X-Content-Type-Options": [
          "nosniff"
        ],
        "Date": [
          "Mon, 17 May 2021 15:20:59 GMT"
        ],
        "Content-Length": [
          "108"
        ],
        "Content-Type": [
          "application/json; charset=utf-8"
        ],
        "Expires": [
          "-1"
        ]
      },
      "ResponseBody": "{\r\n  \"name\": \"4d4adc4f-6784-4052-8a7c-a6407a1f8188\",\r\n  \"status\": \"InProgress\",\r\n  \"startTime\": \"2021-05-17T15:20:58.833Z\"\r\n}",
      "StatusCode": 200
    },
    {
      "RequestUri": "/subscriptions/2c647056-bab2-4175-b172-493ff049eb29/resourceGroups/ps7949/providers/Microsoft.Sql/locations/southeastasia/serverAzureAsyncOperation/4d4adc4f-6784-4052-8a7c-a6407a1f8188?api-version=2020-11-01-preview",
      "EncodedRequestUri": "L3N1YnNjcmlwdGlvbnMvMmM2NDcwNTYtYmFiMi00MTc1LWIxNzItNDkzZmYwNDllYjI5L3Jlc291cmNlR3JvdXBzL3BzNzk0OS9wcm92aWRlcnMvTWljcm9zb2Z0LlNxbC9sb2NhdGlvbnMvc291dGhlYXN0YXNpYS9zZXJ2ZXJBenVyZUFzeW5jT3BlcmF0aW9uLzRkNGFkYzRmLTY3ODQtNDA1Mi04YTdjLWE2NDA3YTFmODE4OD9hcGktdmVyc2lvbj0yMDIwLTExLTAxLXByZXZpZXc=",
      "RequestMethod": "GET",
      "RequestBody": "",
      "RequestHeaders": {
        "x-ms-client-request-id": [
          "caace058-bf8a-4460-b6ab-c59289e02df0"
        ],
        "User-Agent": [
          "FxVersion/4.6.29916.01",
          "OSName/Windows",
          "OSVersion/Microsoft.Windows.10.0.14393.",
          "Microsoft.Azure.Management.Sql.SqlManagementClient/1.52.0.0"
        ]
      },
      "ResponseHeaders": {
        "Cache-Control": [
          "no-cache"
        ],
        "Pragma": [
          "no-cache"
        ],
        "Retry-After": [
          "1"
        ],
        "x-ms-request-id": [
          "5e19012a-d885-49de-8d37-83125c6a2a52"
        ],
        "Server": [
          "Microsoft-HTTPAPI/2.0"
        ],
        "x-ms-ratelimit-remaining-subscription-reads": [
          "11996"
        ],
        "x-ms-correlation-request-id": [
          "5d8f8d65-2c2f-457d-803c-e1c9a3f147d9"
        ],
        "x-ms-routing-request-id": [
          "WESTUS:20210517T152101Z:5d8f8d65-2c2f-457d-803c-e1c9a3f147d9"
        ],
        "Strict-Transport-Security": [
          "max-age=31536000; includeSubDomains"
        ],
        "X-Content-Type-Options": [
          "nosniff"
        ],
        "Date": [
          "Mon, 17 May 2021 15:21:00 GMT"
        ],
        "Content-Length": [
          "108"
        ],
        "Content-Type": [
          "application/json; charset=utf-8"
        ],
        "Expires": [
          "-1"
        ]
      },
      "ResponseBody": "{\r\n  \"name\": \"4d4adc4f-6784-4052-8a7c-a6407a1f8188\",\r\n  \"status\": \"InProgress\",\r\n  \"startTime\": \"2021-05-17T15:20:58.833Z\"\r\n}",
      "StatusCode": 200
    },
    {
      "RequestUri": "/subscriptions/2c647056-bab2-4175-b172-493ff049eb29/resourceGroups/ps7949/providers/Microsoft.Sql/locations/southeastasia/serverAzureAsyncOperation/4d4adc4f-6784-4052-8a7c-a6407a1f8188?api-version=2020-11-01-preview",
      "EncodedRequestUri": "L3N1YnNjcmlwdGlvbnMvMmM2NDcwNTYtYmFiMi00MTc1LWIxNzItNDkzZmYwNDllYjI5L3Jlc291cmNlR3JvdXBzL3BzNzk0OS9wcm92aWRlcnMvTWljcm9zb2Z0LlNxbC9sb2NhdGlvbnMvc291dGhlYXN0YXNpYS9zZXJ2ZXJBenVyZUFzeW5jT3BlcmF0aW9uLzRkNGFkYzRmLTY3ODQtNDA1Mi04YTdjLWE2NDA3YTFmODE4OD9hcGktdmVyc2lvbj0yMDIwLTExLTAxLXByZXZpZXc=",
      "RequestMethod": "GET",
      "RequestBody": "",
      "RequestHeaders": {
        "x-ms-client-request-id": [
          "caace058-bf8a-4460-b6ab-c59289e02df0"
        ],
        "User-Agent": [
          "FxVersion/4.6.29916.01",
          "OSName/Windows",
          "OSVersion/Microsoft.Windows.10.0.14393.",
          "Microsoft.Azure.Management.Sql.SqlManagementClient/1.52.0.0"
        ]
      },
      "ResponseHeaders": {
        "Cache-Control": [
          "no-cache"
        ],
        "Pragma": [
          "no-cache"
        ],
        "Retry-After": [
          "1"
        ],
        "x-ms-request-id": [
          "cf0f8749-22e3-4523-a5bb-4842728283d6"
        ],
        "Server": [
          "Microsoft-HTTPAPI/2.0"
        ],
        "x-ms-ratelimit-remaining-subscription-reads": [
          "11995"
        ],
        "x-ms-correlation-request-id": [
          "b492fc27-5d9e-4a1b-a85c-13a328e7e3ed"
        ],
        "x-ms-routing-request-id": [
          "WESTUS:20210517T152102Z:b492fc27-5d9e-4a1b-a85c-13a328e7e3ed"
        ],
        "Strict-Transport-Security": [
          "max-age=31536000; includeSubDomains"
        ],
        "X-Content-Type-Options": [
          "nosniff"
        ],
        "Date": [
          "Mon, 17 May 2021 15:21:02 GMT"
        ],
        "Content-Length": [
          "108"
        ],
        "Content-Type": [
          "application/json; charset=utf-8"
        ],
        "Expires": [
          "-1"
        ]
      },
      "ResponseBody": "{\r\n  \"name\": \"4d4adc4f-6784-4052-8a7c-a6407a1f8188\",\r\n  \"status\": \"InProgress\",\r\n  \"startTime\": \"2021-05-17T15:20:58.833Z\"\r\n}",
      "StatusCode": 200
    },
    {
      "RequestUri": "/subscriptions/2c647056-bab2-4175-b172-493ff049eb29/resourceGroups/ps7949/providers/Microsoft.Sql/locations/southeastasia/serverAzureAsyncOperation/4d4adc4f-6784-4052-8a7c-a6407a1f8188?api-version=2020-11-01-preview",
      "EncodedRequestUri": "L3N1YnNjcmlwdGlvbnMvMmM2NDcwNTYtYmFiMi00MTc1LWIxNzItNDkzZmYwNDllYjI5L3Jlc291cmNlR3JvdXBzL3BzNzk0OS9wcm92aWRlcnMvTWljcm9zb2Z0LlNxbC9sb2NhdGlvbnMvc291dGhlYXN0YXNpYS9zZXJ2ZXJBenVyZUFzeW5jT3BlcmF0aW9uLzRkNGFkYzRmLTY3ODQtNDA1Mi04YTdjLWE2NDA3YTFmODE4OD9hcGktdmVyc2lvbj0yMDIwLTExLTAxLXByZXZpZXc=",
      "RequestMethod": "GET",
      "RequestBody": "",
      "RequestHeaders": {
        "x-ms-client-request-id": [
          "caace058-bf8a-4460-b6ab-c59289e02df0"
        ],
        "User-Agent": [
          "FxVersion/4.6.29916.01",
          "OSName/Windows",
          "OSVersion/Microsoft.Windows.10.0.14393.",
          "Microsoft.Azure.Management.Sql.SqlManagementClient/1.52.0.0"
        ]
      },
      "ResponseHeaders": {
        "Cache-Control": [
          "no-cache"
        ],
        "Pragma": [
          "no-cache"
        ],
        "Retry-After": [
          "20"
        ],
        "x-ms-request-id": [
          "032de580-f049-4c59-afab-7069b59a2a35"
        ],
        "Server": [
          "Microsoft-HTTPAPI/2.0"
        ],
        "x-ms-ratelimit-remaining-subscription-reads": [
          "11994"
        ],
        "x-ms-correlation-request-id": [
          "35d0c28d-b59c-4bb6-a47c-1b2815a1ae6c"
        ],
        "x-ms-routing-request-id": [
          "WESTUS:20210517T152103Z:35d0c28d-b59c-4bb6-a47c-1b2815a1ae6c"
        ],
        "Strict-Transport-Security": [
          "max-age=31536000; includeSubDomains"
        ],
        "X-Content-Type-Options": [
          "nosniff"
        ],
        "Date": [
          "Mon, 17 May 2021 15:21:03 GMT"
        ],
        "Content-Length": [
          "108"
        ],
        "Content-Type": [
          "application/json; charset=utf-8"
        ],
        "Expires": [
          "-1"
        ]
      },
      "ResponseBody": "{\r\n  \"name\": \"4d4adc4f-6784-4052-8a7c-a6407a1f8188\",\r\n  \"status\": \"InProgress\",\r\n  \"startTime\": \"2021-05-17T15:20:58.833Z\"\r\n}",
      "StatusCode": 200
    },
    {
      "RequestUri": "/subscriptions/2c647056-bab2-4175-b172-493ff049eb29/resourceGroups/ps7949/providers/Microsoft.Sql/locations/southeastasia/serverAzureAsyncOperation/4d4adc4f-6784-4052-8a7c-a6407a1f8188?api-version=2020-11-01-preview",
      "EncodedRequestUri": "L3N1YnNjcmlwdGlvbnMvMmM2NDcwNTYtYmFiMi00MTc1LWIxNzItNDkzZmYwNDllYjI5L3Jlc291cmNlR3JvdXBzL3BzNzk0OS9wcm92aWRlcnMvTWljcm9zb2Z0LlNxbC9sb2NhdGlvbnMvc291dGhlYXN0YXNpYS9zZXJ2ZXJBenVyZUFzeW5jT3BlcmF0aW9uLzRkNGFkYzRmLTY3ODQtNDA1Mi04YTdjLWE2NDA3YTFmODE4OD9hcGktdmVyc2lvbj0yMDIwLTExLTAxLXByZXZpZXc=",
      "RequestMethod": "GET",
      "RequestBody": "",
      "RequestHeaders": {
        "x-ms-client-request-id": [
          "caace058-bf8a-4460-b6ab-c59289e02df0"
        ],
        "User-Agent": [
          "FxVersion/4.6.29916.01",
          "OSName/Windows",
          "OSVersion/Microsoft.Windows.10.0.14393.",
          "Microsoft.Azure.Management.Sql.SqlManagementClient/1.52.0.0"
        ]
      },
      "ResponseHeaders": {
        "Cache-Control": [
          "no-cache"
        ],
        "Pragma": [
          "no-cache"
        ],
        "Retry-After": [
          "20"
        ],
        "x-ms-request-id": [
          "c4a70734-bace-4913-8de8-006762f939fb"
        ],
        "Server": [
          "Microsoft-HTTPAPI/2.0"
        ],
        "x-ms-ratelimit-remaining-subscription-reads": [
          "11993"
        ],
        "x-ms-correlation-request-id": [
          "aeebc1d0-de8d-4223-b58e-6dcd687a1869"
        ],
        "x-ms-routing-request-id": [
          "WESTUS:20210517T152124Z:aeebc1d0-de8d-4223-b58e-6dcd687a1869"
        ],
        "Strict-Transport-Security": [
          "max-age=31536000; includeSubDomains"
        ],
        "X-Content-Type-Options": [
          "nosniff"
        ],
        "Date": [
          "Mon, 17 May 2021 15:21:23 GMT"
        ],
        "Content-Length": [
          "108"
        ],
        "Content-Type": [
          "application/json; charset=utf-8"
        ],
        "Expires": [
          "-1"
        ]
      },
      "ResponseBody": "{\r\n  \"name\": \"4d4adc4f-6784-4052-8a7c-a6407a1f8188\",\r\n  \"status\": \"InProgress\",\r\n  \"startTime\": \"2021-05-17T15:20:58.833Z\"\r\n}",
      "StatusCode": 200
    },
    {
      "RequestUri": "/subscriptions/2c647056-bab2-4175-b172-493ff049eb29/resourceGroups/ps7949/providers/Microsoft.Sql/locations/southeastasia/serverAzureAsyncOperation/4d4adc4f-6784-4052-8a7c-a6407a1f8188?api-version=2020-11-01-preview",
      "EncodedRequestUri": "L3N1YnNjcmlwdGlvbnMvMmM2NDcwNTYtYmFiMi00MTc1LWIxNzItNDkzZmYwNDllYjI5L3Jlc291cmNlR3JvdXBzL3BzNzk0OS9wcm92aWRlcnMvTWljcm9zb2Z0LlNxbC9sb2NhdGlvbnMvc291dGhlYXN0YXNpYS9zZXJ2ZXJBenVyZUFzeW5jT3BlcmF0aW9uLzRkNGFkYzRmLTY3ODQtNDA1Mi04YTdjLWE2NDA3YTFmODE4OD9hcGktdmVyc2lvbj0yMDIwLTExLTAxLXByZXZpZXc=",
      "RequestMethod": "GET",
      "RequestBody": "",
      "RequestHeaders": {
        "x-ms-client-request-id": [
          "caace058-bf8a-4460-b6ab-c59289e02df0"
        ],
        "User-Agent": [
          "FxVersion/4.6.29916.01",
          "OSName/Windows",
          "OSVersion/Microsoft.Windows.10.0.14393.",
          "Microsoft.Azure.Management.Sql.SqlManagementClient/1.52.0.0"
        ]
      },
      "ResponseHeaders": {
        "Cache-Control": [
          "no-cache"
        ],
        "Pragma": [
          "no-cache"
        ],
        "Retry-After": [
          "20"
        ],
        "x-ms-request-id": [
          "ded4146c-d3f4-4fd6-873b-fb46ebda5e6b"
        ],
        "Server": [
          "Microsoft-HTTPAPI/2.0"
        ],
        "x-ms-ratelimit-remaining-subscription-reads": [
          "11992"
        ],
        "x-ms-correlation-request-id": [
          "3c22b6b0-4b74-4d17-97ad-9d8fdc4646a3"
        ],
        "x-ms-routing-request-id": [
          "WESTUS:20210517T152144Z:3c22b6b0-4b74-4d17-97ad-9d8fdc4646a3"
        ],
        "Strict-Transport-Security": [
          "max-age=31536000; includeSubDomains"
        ],
        "X-Content-Type-Options": [
          "nosniff"
        ],
        "Date": [
          "Mon, 17 May 2021 15:21:43 GMT"
        ],
        "Content-Length": [
          "108"
        ],
        "Content-Type": [
          "application/json; charset=utf-8"
        ],
        "Expires": [
          "-1"
        ]
      },
      "ResponseBody": "{\r\n  \"name\": \"4d4adc4f-6784-4052-8a7c-a6407a1f8188\",\r\n  \"status\": \"InProgress\",\r\n  \"startTime\": \"2021-05-17T15:20:58.833Z\"\r\n}",
      "StatusCode": 200
    },
    {
      "RequestUri": "/subscriptions/2c647056-bab2-4175-b172-493ff049eb29/resourceGroups/ps7949/providers/Microsoft.Sql/locations/southeastasia/serverAzureAsyncOperation/4d4adc4f-6784-4052-8a7c-a6407a1f8188?api-version=2020-11-01-preview",
      "EncodedRequestUri": "L3N1YnNjcmlwdGlvbnMvMmM2NDcwNTYtYmFiMi00MTc1LWIxNzItNDkzZmYwNDllYjI5L3Jlc291cmNlR3JvdXBzL3BzNzk0OS9wcm92aWRlcnMvTWljcm9zb2Z0LlNxbC9sb2NhdGlvbnMvc291dGhlYXN0YXNpYS9zZXJ2ZXJBenVyZUFzeW5jT3BlcmF0aW9uLzRkNGFkYzRmLTY3ODQtNDA1Mi04YTdjLWE2NDA3YTFmODE4OD9hcGktdmVyc2lvbj0yMDIwLTExLTAxLXByZXZpZXc=",
      "RequestMethod": "GET",
      "RequestBody": "",
      "RequestHeaders": {
        "x-ms-client-request-id": [
          "caace058-bf8a-4460-b6ab-c59289e02df0"
        ],
        "User-Agent": [
          "FxVersion/4.6.29916.01",
          "OSName/Windows",
          "OSVersion/Microsoft.Windows.10.0.14393.",
          "Microsoft.Azure.Management.Sql.SqlManagementClient/1.52.0.0"
        ]
      },
      "ResponseHeaders": {
        "Cache-Control": [
          "no-cache"
        ],
        "Pragma": [
          "no-cache"
        ],
        "Retry-After": [
          "15"
        ],
        "x-ms-request-id": [
          "43112e03-869b-4a0c-b1d9-29e2ace231c2"
        ],
        "Server": [
          "Microsoft-HTTPAPI/2.0"
        ],
        "x-ms-ratelimit-remaining-subscription-reads": [
          "11991"
        ],
        "x-ms-correlation-request-id": [
          "8e4d0a76-2251-4ffd-9c1b-de07b561b0b4"
        ],
        "x-ms-routing-request-id": [
          "WESTUS:20210517T152204Z:8e4d0a76-2251-4ffd-9c1b-de07b561b0b4"
        ],
        "Strict-Transport-Security": [
          "max-age=31536000; includeSubDomains"
        ],
        "X-Content-Type-Options": [
          "nosniff"
        ],
        "Date": [
          "Mon, 17 May 2021 15:22:03 GMT"
        ],
        "Content-Length": [
          "107"
        ],
        "Content-Type": [
          "application/json; charset=utf-8"
        ],
        "Expires": [
          "-1"
        ]
      },
      "ResponseBody": "{\r\n  \"name\": \"4d4adc4f-6784-4052-8a7c-a6407a1f8188\",\r\n  \"status\": \"Succeeded\",\r\n  \"startTime\": \"2021-05-17T15:20:58.833Z\"\r\n}",
      "StatusCode": 200
    },
    {
      "RequestUri": "/subscriptions/2c647056-bab2-4175-b172-493ff049eb29/resourceGroups/ps7949/providers/Microsoft.Sql/servers/ps4559/databases/ps7581?api-version=2021-02-01-preview",
      "EncodedRequestUri": "L3N1YnNjcmlwdGlvbnMvMmM2NDcwNTYtYmFiMi00MTc1LWIxNzItNDkzZmYwNDllYjI5L3Jlc291cmNlR3JvdXBzL3BzNzk0OS9wcm92aWRlcnMvTWljcm9zb2Z0LlNxbC9zZXJ2ZXJzL3BzNDU1OS9kYXRhYmFzZXMvcHM3NTgxP2FwaS12ZXJzaW9uPTIwMjEtMDItMDEtcHJldmlldw==",
      "RequestMethod": "GET",
      "RequestBody": "",
      "RequestHeaders": {
        "x-ms-client-request-id": [
          "a0ac6642-e645-4faa-bdd5-9870c1b35de2"
        ],
        "Accept-Language": [
          "en-US"
        ],
        "User-Agent": [
          "FxVersion/4.6.29916.01",
          "OSName/Windows",
          "OSVersion/Microsoft.Windows.10.0.14393.",
          "Microsoft.Azure.Management.Sql.SqlManagementClient/1.52.0.0"
        ]
      },
      "ResponseHeaders": {
        "Cache-Control": [
          "no-cache"
        ],
        "Pragma": [
          "no-cache"
        ],
        "x-ms-failure-cause": [
          "gateway"
        ],
        "x-ms-request-id": [
          "56b4b836-034f-434b-8334-86760729e756"
        ],
        "x-ms-correlation-request-id": [
          "56b4b836-034f-434b-8334-86760729e756"
        ],
        "x-ms-routing-request-id": [
          "WESTUS:20210517T152205Z:56b4b836-034f-434b-8334-86760729e756"
        ],
        "Strict-Transport-Security": [
          "max-age=31536000; includeSubDomains"
        ],
        "X-Content-Type-Options": [
          "nosniff"
        ],
        "Date": [
          "Mon, 17 May 2021 15:22:04 GMT"
        ],
        "Content-Type": [
          "application/json; charset=utf-8"
        ],
        "Expires": [
          "-1"
        ],
        "Content-Length": [
          "223"
        ]
      },
      "ResponseBody": "{\r\n  \"error\": {\r\n    \"code\": \"ResourceNotFound\",\r\n    \"message\": \"The Resource 'Microsoft.Sql/servers/ps4559/databases/ps7581' under resource group 'ps7949' was not found. For more details please go to https://aka.ms/ARMResourceNotFoundFix\"\r\n  }\r\n}",
      "StatusCode": 404
    },
    {
      "RequestUri": "/subscriptions/2c647056-bab2-4175-b172-493ff049eb29/resourceGroups/ps7949/providers/Microsoft.Sql/servers/ps4559/databases/ps7581?api-version=2021-02-01-preview",
      "EncodedRequestUri": "L3N1YnNjcmlwdGlvbnMvMmM2NDcwNTYtYmFiMi00MTc1LWIxNzItNDkzZmYwNDllYjI5L3Jlc291cmNlR3JvdXBzL3BzNzk0OS9wcm92aWRlcnMvTWljcm9zb2Z0LlNxbC9zZXJ2ZXJzL3BzNDU1OS9kYXRhYmFzZXMvcHM3NTgxP2FwaS12ZXJzaW9uPTIwMjEtMDItMDEtcHJldmlldw==",
      "RequestMethod": "GET",
      "RequestBody": "",
      "RequestHeaders": {
        "x-ms-client-request-id": [
          "a0ac6642-e645-4faa-bdd5-9870c1b35de2"
        ],
        "User-Agent": [
          "FxVersion/4.6.29916.01",
          "OSName/Windows",
          "OSVersion/Microsoft.Windows.10.0.14393.",
          "Microsoft.Azure.Management.Sql.SqlManagementClient/1.52.0.0"
        ]
      },
      "ResponseHeaders": {
        "Cache-Control": [
          "no-cache"
        ],
        "Pragma": [
          "no-cache"
        ],
        "x-ms-request-id": [
          "4523fc27-06eb-4a02-9258-a0fa80dc37e7"
        ],
        "Server": [
          "Microsoft-HTTPAPI/2.0"
        ],
        "x-ms-ratelimit-remaining-subscription-reads": [
          "11982"
        ],
        "x-ms-correlation-request-id": [
          "57f1542c-9437-4638-9513-e89757eb1c47"
        ],
        "x-ms-routing-request-id": [
          "WESTUS:20210517T152308Z:57f1542c-9437-4638-9513-e89757eb1c47"
        ],
        "Strict-Transport-Security": [
          "max-age=31536000; includeSubDomains"
        ],
        "X-Content-Type-Options": [
          "nosniff"
        ],
        "Date": [
          "Mon, 17 May 2021 15:23:07 GMT"
        ],
        "Content-Length": [
          "1027"
        ],
        "Content-Type": [
          "application/json; charset=utf-8"
        ],
        "Expires": [
          "-1"
        ]
      },
      "ResponseBody": "{\r\n  \"sku\": {\r\n    \"name\": \"Basic\",\r\n    \"tier\": \"Basic\",\r\n    \"capacity\": 5\r\n  },\r\n  \"kind\": \"v12.0,user\",\r\n  \"properties\": {\r\n    \"collation\": \"SQL_Latin1_General_CP1_CI_AS\",\r\n    \"maxSizeBytes\": 2147483648,\r\n    \"status\": \"Online\",\r\n    \"databaseId\": \"8bff92a0-fee2-4aba-be29-5bdc0e687d7a\",\r\n    \"creationDate\": \"2021-05-17T15:22:56.77Z\",\r\n    \"currentServiceObjectiveName\": \"Basic\",\r\n    \"requestedServiceObjectiveName\": \"Basic\",\r\n    \"defaultSecondaryLocation\": \"eastasia\",\r\n    \"catalogCollation\": \"SQL_Latin1_General_CP1_CI_AS\",\r\n    \"zoneRedundant\": false,\r\n    \"readScale\": \"Disabled\",\r\n    \"currentSku\": {\r\n      \"name\": \"Basic\",\r\n      \"tier\": \"Basic\",\r\n      \"capacity\": 5\r\n    },\r\n    \"currentBackupStorageRedundancy\": \"Geo\",\r\n    \"requestedBackupStorageRedundancy\": \"Geo\",\r\n    \"maintenanceConfigurationId\": \"/subscriptions/2c647056-bab2-4175-b172-493ff049eb29/providers/Microsoft.Maintenance/publicMaintenanceConfigurations/SQL_Default\"\r\n  },\r\n  \"location\": \"southeastasia\",\r\n  \"tags\": {\r\n    \"tag_key\": \"tag_value\"\r\n  },\r\n  \"id\": \"/subscriptions/2c647056-bab2-4175-b172-493ff049eb29/resourceGroups/ps7949/providers/Microsoft.Sql/servers/ps4559/databases/ps7581\",\r\n  \"name\": \"ps7581\",\r\n  \"type\": \"Microsoft.Sql/servers/databases\"\r\n}",
      "StatusCode": 200
    },
    {
      "RequestUri": "/subscriptions/2c647056-bab2-4175-b172-493ff049eb29/resourceGroups/ps7949/providers/Microsoft.Sql/servers/ps4559/databases/ps7581?api-version=2021-02-01-preview",
      "EncodedRequestUri": "L3N1YnNjcmlwdGlvbnMvMmM2NDcwNTYtYmFiMi00MTc1LWIxNzItNDkzZmYwNDllYjI5L3Jlc291cmNlR3JvdXBzL3BzNzk0OS9wcm92aWRlcnMvTWljcm9zb2Z0LlNxbC9zZXJ2ZXJzL3BzNDU1OS9kYXRhYmFzZXMvcHM3NTgxP2FwaS12ZXJzaW9uPTIwMjEtMDItMDEtcHJldmlldw==",
      "RequestMethod": "PUT",
      "RequestBody": "{\r\n  \"sku\": {\r\n    \"name\": \"Basic\"\r\n  },\r\n  \"properties\": {\r\n    \"maxSizeBytes\": 0,\r\n    \"sampleName\": \"AdventureWorksLT\",\r\n    \"readScale\": \"\"\r\n  },\r\n  \"location\": \"southeastasia\",\r\n  \"tags\": {\r\n    \"tag_key\": \"tag_value\"\r\n  }\r\n}",
      "RequestHeaders": {
        "x-ms-client-request-id": [
          "a0ac6642-e645-4faa-bdd5-9870c1b35de2"
        ],
        "Accept-Language": [
          "en-US"
        ],
        "User-Agent": [
          "FxVersion/4.6.29916.01",
          "OSName/Windows",
          "OSVersion/Microsoft.Windows.10.0.14393.",
          "Microsoft.Azure.Management.Sql.SqlManagementClient/1.52.0.0"
        ],
        "Content-Type": [
          "application/json; charset=utf-8"
        ],
        "Content-Length": [
          "230"
        ]
      },
      "ResponseHeaders": {
        "Cache-Control": [
          "no-cache"
        ],
        "Pragma": [
          "no-cache"
        ],
        "Location": [
          "https://management.azure.com/subscriptions/2c647056-bab2-4175-b172-493ff049eb29/resourceGroups/ps7949/providers/Microsoft.Sql/locations/southeastasia/databaseOperationResults/c9e173f9-88e4-44be-b314-ad096843b359?api-version=2021-02-01-preview"
        ],
        "Retry-After": [
          "15"
        ],
        "Azure-AsyncOperation": [
          "https://management.azure.com/subscriptions/2c647056-bab2-4175-b172-493ff049eb29/resourceGroups/ps7949/providers/Microsoft.Sql/locations/southeastasia/databaseAzureAsyncOperation/c9e173f9-88e4-44be-b314-ad096843b359?api-version=2021-02-01-preview"
        ],
        "x-ms-request-id": [
          "c9e173f9-88e4-44be-b314-ad096843b359"
        ],
        "Server": [
          "Microsoft-HTTPAPI/2.0"
        ],
        "x-ms-ratelimit-remaining-subscription-writes": [
          "1197"
        ],
        "x-ms-correlation-request-id": [
          "52ba8f2a-48f4-4678-92d6-5714f324f629"
        ],
        "x-ms-routing-request-id": [
          "WESTUS:20210517T152206Z:52ba8f2a-48f4-4678-92d6-5714f324f629"
        ],
        "Strict-Transport-Security": [
          "max-age=31536000; includeSubDomains"
        ],
        "X-Content-Type-Options": [
          "nosniff"
        ],
        "Date": [
          "Mon, 17 May 2021 15:22:05 GMT"
        ],
        "Content-Length": [
          "76"
        ],
        "Content-Type": [
          "application/json; charset=utf-8"
        ],
        "Expires": [
          "-1"
        ]
      },
      "ResponseBody": "{\r\n  \"operation\": \"CreateLogicalDatabase\",\r\n  \"startTime\": \"2021-05-17T15:22:06.707Z\"\r\n}",
      "StatusCode": 202
    },
    {
      "RequestUri": "/subscriptions/2c647056-bab2-4175-b172-493ff049eb29/resourceGroups/ps7949/providers/Microsoft.Sql/locations/southeastasia/databaseAzureAsyncOperation/c9e173f9-88e4-44be-b314-ad096843b359?api-version=2021-02-01-preview",
      "EncodedRequestUri": "L3N1YnNjcmlwdGlvbnMvMmM2NDcwNTYtYmFiMi00MTc1LWIxNzItNDkzZmYwNDllYjI5L3Jlc291cmNlR3JvdXBzL3BzNzk0OS9wcm92aWRlcnMvTWljcm9zb2Z0LlNxbC9sb2NhdGlvbnMvc291dGhlYXN0YXNpYS9kYXRhYmFzZUF6dXJlQXN5bmNPcGVyYXRpb24vYzllMTczZjktODhlNC00NGJlLWIzMTQtYWQwOTY4NDNiMzU5P2FwaS12ZXJzaW9uPTIwMjEtMDItMDEtcHJldmlldw==",
      "RequestMethod": "GET",
      "RequestBody": "",
      "RequestHeaders": {
        "x-ms-client-request-id": [
          "a0ac6642-e645-4faa-bdd5-9870c1b35de2"
        ],
        "User-Agent": [
          "FxVersion/4.6.29916.01",
          "OSName/Windows",
          "OSVersion/Microsoft.Windows.10.0.14393.",
          "Microsoft.Azure.Management.Sql.SqlManagementClient/1.52.0.0"
        ]
      },
      "ResponseHeaders": {
        "Cache-Control": [
          "no-cache"
        ],
        "Pragma": [
          "no-cache"
        ],
        "Retry-After": [
          "15"
        ],
        "x-ms-request-id": [
          "b69fa3bd-1493-4838-ae86-f367adf09f9e"
        ],
        "Server": [
          "Microsoft-HTTPAPI/2.0"
        ],
        "x-ms-ratelimit-remaining-subscription-reads": [
          "11986"
        ],
        "x-ms-correlation-request-id": [
          "b12bb429-c887-4be4-a314-e5fee8540db1"
        ],
        "x-ms-routing-request-id": [
          "WESTUS:20210517T152222Z:b12bb429-c887-4be4-a314-e5fee8540db1"
        ],
        "Strict-Transport-Security": [
          "max-age=31536000; includeSubDomains"
        ],
        "X-Content-Type-Options": [
          "nosniff"
        ],
        "Date": [
          "Mon, 17 May 2021 15:22:22 GMT"
        ],
        "Content-Length": [
          "108"
        ],
        "Content-Type": [
          "application/json; charset=utf-8"
        ],
        "Expires": [
          "-1"
        ]
      },
      "ResponseBody": "{\r\n  \"name\": \"c9e173f9-88e4-44be-b314-ad096843b359\",\r\n  \"status\": \"InProgress\",\r\n  \"startTime\": \"2021-05-17T15:22:06.707Z\"\r\n}",
      "StatusCode": 200
    },
    {
      "RequestUri": "/subscriptions/2c647056-bab2-4175-b172-493ff049eb29/resourceGroups/ps7949/providers/Microsoft.Sql/locations/southeastasia/databaseAzureAsyncOperation/c9e173f9-88e4-44be-b314-ad096843b359?api-version=2021-02-01-preview",
      "EncodedRequestUri": "L3N1YnNjcmlwdGlvbnMvMmM2NDcwNTYtYmFiMi00MTc1LWIxNzItNDkzZmYwNDllYjI5L3Jlc291cmNlR3JvdXBzL3BzNzk0OS9wcm92aWRlcnMvTWljcm9zb2Z0LlNxbC9sb2NhdGlvbnMvc291dGhlYXN0YXNpYS9kYXRhYmFzZUF6dXJlQXN5bmNPcGVyYXRpb24vYzllMTczZjktODhlNC00NGJlLWIzMTQtYWQwOTY4NDNiMzU5P2FwaS12ZXJzaW9uPTIwMjEtMDItMDEtcHJldmlldw==",
      "RequestMethod": "GET",
      "RequestBody": "",
      "RequestHeaders": {
        "x-ms-client-request-id": [
          "a0ac6642-e645-4faa-bdd5-9870c1b35de2"
        ],
        "User-Agent": [
          "FxVersion/4.6.29916.01",
          "OSName/Windows",
          "OSVersion/Microsoft.Windows.10.0.14393.",
          "Microsoft.Azure.Management.Sql.SqlManagementClient/1.52.0.0"
        ]
      },
      "ResponseHeaders": {
        "Cache-Control": [
          "no-cache"
        ],
        "Pragma": [
          "no-cache"
        ],
        "Retry-After": [
          "15"
        ],
        "x-ms-request-id": [
          "f6c349c0-37ef-4d8d-a64f-a9f9907db38e"
        ],
        "Server": [
          "Microsoft-HTTPAPI/2.0"
        ],
        "x-ms-ratelimit-remaining-subscription-reads": [
          "11985"
        ],
        "x-ms-correlation-request-id": [
          "bba9ccd7-5cce-4372-bbcc-d0056ed26498"
        ],
        "x-ms-routing-request-id": [
          "WESTUS:20210517T152237Z:bba9ccd7-5cce-4372-bbcc-d0056ed26498"
        ],
        "Strict-Transport-Security": [
          "max-age=31536000; includeSubDomains"
        ],
        "X-Content-Type-Options": [
          "nosniff"
        ],
        "Date": [
          "Mon, 17 May 2021 15:22:37 GMT"
        ],
        "Content-Length": [
          "108"
        ],
        "Content-Type": [
          "application/json; charset=utf-8"
        ],
        "Expires": [
          "-1"
        ]
      },
      "ResponseBody": "{\r\n  \"name\": \"c9e173f9-88e4-44be-b314-ad096843b359\",\r\n  \"status\": \"InProgress\",\r\n  \"startTime\": \"2021-05-17T15:22:06.707Z\"\r\n}",
      "StatusCode": 200
    },
    {
      "RequestUri": "/subscriptions/2c647056-bab2-4175-b172-493ff049eb29/resourceGroups/ps7949/providers/Microsoft.Sql/locations/southeastasia/databaseAzureAsyncOperation/c9e173f9-88e4-44be-b314-ad096843b359?api-version=2021-02-01-preview",
      "EncodedRequestUri": "L3N1YnNjcmlwdGlvbnMvMmM2NDcwNTYtYmFiMi00MTc1LWIxNzItNDkzZmYwNDllYjI5L3Jlc291cmNlR3JvdXBzL3BzNzk0OS9wcm92aWRlcnMvTWljcm9zb2Z0LlNxbC9sb2NhdGlvbnMvc291dGhlYXN0YXNpYS9kYXRhYmFzZUF6dXJlQXN5bmNPcGVyYXRpb24vYzllMTczZjktODhlNC00NGJlLWIzMTQtYWQwOTY4NDNiMzU5P2FwaS12ZXJzaW9uPTIwMjEtMDItMDEtcHJldmlldw==",
      "RequestMethod": "GET",
      "RequestBody": "",
      "RequestHeaders": {
        "x-ms-client-request-id": [
          "a0ac6642-e645-4faa-bdd5-9870c1b35de2"
        ],
        "User-Agent": [
          "FxVersion/4.6.29916.01",
          "OSName/Windows",
          "OSVersion/Microsoft.Windows.10.0.14393.",
          "Microsoft.Azure.Management.Sql.SqlManagementClient/1.52.0.0"
        ]
      },
      "ResponseHeaders": {
        "Cache-Control": [
          "no-cache"
        ],
        "Pragma": [
          "no-cache"
        ],
        "Retry-After": [
          "15"
        ],
        "x-ms-request-id": [
          "d1dc639b-473a-4d67-be66-2cb3e3324c0d"
        ],
        "Server": [
          "Microsoft-HTTPAPI/2.0"
        ],
        "x-ms-ratelimit-remaining-subscription-reads": [
          "11984"
        ],
        "x-ms-correlation-request-id": [
          "f83557e1-5582-4724-9e76-5525683f790a"
        ],
        "x-ms-routing-request-id": [
          "WESTUS:20210517T152252Z:f83557e1-5582-4724-9e76-5525683f790a"
        ],
        "Strict-Transport-Security": [
          "max-age=31536000; includeSubDomains"
        ],
        "X-Content-Type-Options": [
          "nosniff"
        ],
        "Date": [
          "Mon, 17 May 2021 15:22:52 GMT"
        ],
        "Content-Length": [
          "108"
        ],
        "Content-Type": [
          "application/json; charset=utf-8"
        ],
        "Expires": [
          "-1"
        ]
      },
      "ResponseBody": "{\r\n  \"name\": \"c9e173f9-88e4-44be-b314-ad096843b359\",\r\n  \"status\": \"InProgress\",\r\n  \"startTime\": \"2021-05-17T15:22:06.707Z\"\r\n}",
      "StatusCode": 200
    },
    {
      "RequestUri": "/subscriptions/2c647056-bab2-4175-b172-493ff049eb29/resourceGroups/ps7949/providers/Microsoft.Sql/locations/southeastasia/databaseAzureAsyncOperation/c9e173f9-88e4-44be-b314-ad096843b359?api-version=2021-02-01-preview",
      "EncodedRequestUri": "L3N1YnNjcmlwdGlvbnMvMmM2NDcwNTYtYmFiMi00MTc1LWIxNzItNDkzZmYwNDllYjI5L3Jlc291cmNlR3JvdXBzL3BzNzk0OS9wcm92aWRlcnMvTWljcm9zb2Z0LlNxbC9sb2NhdGlvbnMvc291dGhlYXN0YXNpYS9kYXRhYmFzZUF6dXJlQXN5bmNPcGVyYXRpb24vYzllMTczZjktODhlNC00NGJlLWIzMTQtYWQwOTY4NDNiMzU5P2FwaS12ZXJzaW9uPTIwMjEtMDItMDEtcHJldmlldw==",
      "RequestMethod": "GET",
      "RequestBody": "",
      "RequestHeaders": {
        "x-ms-client-request-id": [
          "a0ac6642-e645-4faa-bdd5-9870c1b35de2"
        ],
        "User-Agent": [
          "FxVersion/4.6.29916.01",
          "OSName/Windows",
          "OSVersion/Microsoft.Windows.10.0.14393.",
          "Microsoft.Azure.Management.Sql.SqlManagementClient/1.52.0.0"
        ]
      },
      "ResponseHeaders": {
        "Cache-Control": [
          "no-cache"
        ],
        "Pragma": [
          "no-cache"
        ],
        "Retry-After": [
          "15"
        ],
        "x-ms-request-id": [
          "d84a45a2-3943-4df2-b3db-a1ed44ce3414"
        ],
        "Server": [
          "Microsoft-HTTPAPI/2.0"
        ],
        "x-ms-ratelimit-remaining-subscription-reads": [
          "11983"
        ],
        "x-ms-correlation-request-id": [
          "a4756959-9391-4e21-a690-b6b6607cdf07"
        ],
        "x-ms-routing-request-id": [
          "WESTUS:20210517T152307Z:a4756959-9391-4e21-a690-b6b6607cdf07"
        ],
        "Strict-Transport-Security": [
          "max-age=31536000; includeSubDomains"
        ],
        "X-Content-Type-Options": [
          "nosniff"
        ],
        "Date": [
          "Mon, 17 May 2021 15:23:07 GMT"
        ],
        "Content-Length": [
          "107"
        ],
        "Content-Type": [
          "application/json; charset=utf-8"
        ],
        "Expires": [
          "-1"
        ]
      },
      "ResponseBody": "{\r\n  \"name\": \"c9e173f9-88e4-44be-b314-ad096843b359\",\r\n  \"status\": \"Succeeded\",\r\n  \"startTime\": \"2021-05-17T15:22:06.707Z\"\r\n}",
      "StatusCode": 200
    },
    {
      "RequestUri": "/subscriptions/2c647056-bab2-4175-b172-493ff049eb29/resourcegroups/ps7949?api-version=2016-09-01",
      "EncodedRequestUri": "L3N1YnNjcmlwdGlvbnMvMmM2NDcwNTYtYmFiMi00MTc1LWIxNzItNDkzZmYwNDllYjI5L3Jlc291cmNlZ3JvdXBzL3BzNzk0OT9hcGktdmVyc2lvbj0yMDE2LTA5LTAx",
      "RequestMethod": "DELETE",
      "RequestBody": "",
      "RequestHeaders": {
        "x-ms-client-request-id": [
          "7d9f7645-bc6d-4b9b-901b-e267c218e442"
        ],
        "Accept-Language": [
          "en-US"
        ],
        "User-Agent": [
          "FxVersion/4.6.29916.01",
          "OSName/Windows",
          "OSVersion/Microsoft.Windows.10.0.14393.",
          "Microsoft.Azure.Management.Internal.Resources.ResourceManagementClient/1.3.32"
        ]
      },
      "ResponseHeaders": {
        "Cache-Control": [
          "no-cache"
        ],
        "Pragma": [
          "no-cache"
        ],
        "Location": [
          "https://management.azure.com/subscriptions/2c647056-bab2-4175-b172-493ff049eb29/operationresults/eyJqb2JJZCI6IlJFU09VUkNFR1JPVVBERUxFVElPTkpPQi1QUzc5NDktV0VTVENFTlRSQUxVUyIsImpvYkxvY2F0aW9uIjoid2VzdGNlbnRyYWx1cyJ9?api-version=2016-09-01"
        ],
        "Retry-After": [
          "15"
        ],
        "x-ms-ratelimit-remaining-subscription-deletes": [
          "14999"
        ],
        "x-ms-request-id": [
          "1b2c6dc6-3d6b-4061-8733-953b41284ac0"
        ],
        "x-ms-correlation-request-id": [
          "1b2c6dc6-3d6b-4061-8733-953b41284ac0"
        ],
        "x-ms-routing-request-id": [
          "WESTUS:20210517T152309Z:1b2c6dc6-3d6b-4061-8733-953b41284ac0"
        ],
        "Strict-Transport-Security": [
          "max-age=31536000; includeSubDomains"
        ],
        "X-Content-Type-Options": [
          "nosniff"
        ],
        "Date": [
          "Mon, 17 May 2021 15:23:08 GMT"
        ],
        "Expires": [
          "-1"
        ],
        "Content-Length": [
          "0"
        ]
      },
      "ResponseBody": "",
      "StatusCode": 202
    },
    {
      "RequestUri": "/subscriptions/2c647056-bab2-4175-b172-493ff049eb29/operationresults/eyJqb2JJZCI6IlJFU09VUkNFR1JPVVBERUxFVElPTkpPQi1QUzc5NDktV0VTVENFTlRSQUxVUyIsImpvYkxvY2F0aW9uIjoid2VzdGNlbnRyYWx1cyJ9?api-version=2016-09-01",
      "EncodedRequestUri": "L3N1YnNjcmlwdGlvbnMvMmM2NDcwNTYtYmFiMi00MTc1LWIxNzItNDkzZmYwNDllYjI5L29wZXJhdGlvbnJlc3VsdHMvZXlKcWIySkpaQ0k2SWxKRlUwOVZVa05GUjFKUFZWQkVSVXhGVkVsUFRrcFBRaTFRVXpjNU5Ea3RWMFZUVkVORlRsUlNRVXhWVXlJc0ltcHZZa3h2WTJGMGFXOXVJam9pZDJWemRHTmxiblJ5WVd4MWN5Sjk/YXBpLXZlcnNpb249MjAxNi0wOS0wMQ==",
      "RequestMethod": "GET",
      "RequestBody": "",
      "RequestHeaders": {
        "User-Agent": [
          "FxVersion/4.6.29916.01",
          "OSName/Windows",
          "OSVersion/Microsoft.Windows.10.0.14393.",
          "Microsoft.Azure.Management.Internal.Resources.ResourceManagementClient/1.3.32"
        ]
      },
      "ResponseHeaders": {
        "Cache-Control": [
          "no-cache"
        ],
        "Pragma": [
          "no-cache"
        ],
        "Location": [
          "https://management.azure.com/subscriptions/2c647056-bab2-4175-b172-493ff049eb29/operationresults/eyJqb2JJZCI6IlJFU09VUkNFR1JPVVBERUxFVElPTkpPQi1QUzc5NDktV0VTVENFTlRSQUxVUyIsImpvYkxvY2F0aW9uIjoid2VzdGNlbnRyYWx1cyJ9?api-version=2016-09-01"
        ],
        "Retry-After": [
          "15"
        ],
        "x-ms-ratelimit-remaining-subscription-reads": [
          "11999"
        ],
        "x-ms-request-id": [
          "dbc2d955-e2e9-4cd8-9da6-064bae9d1700"
        ],
        "x-ms-correlation-request-id": [
          "dbc2d955-e2e9-4cd8-9da6-064bae9d1700"
        ],
        "x-ms-routing-request-id": [
          "WESTUS:20210517T152324Z:dbc2d955-e2e9-4cd8-9da6-064bae9d1700"
        ],
        "Strict-Transport-Security": [
          "max-age=31536000; includeSubDomains"
        ],
        "X-Content-Type-Options": [
          "nosniff"
        ],
        "Date": [
          "Mon, 17 May 2021 15:23:23 GMT"
        ],
        "Expires": [
          "-1"
        ],
        "Content-Length": [
          "0"
        ]
      },
      "ResponseBody": "",
      "StatusCode": 202
    },
    {
      "RequestUri": "/subscriptions/2c647056-bab2-4175-b172-493ff049eb29/operationresults/eyJqb2JJZCI6IlJFU09VUkNFR1JPVVBERUxFVElPTkpPQi1QUzc5NDktV0VTVENFTlRSQUxVUyIsImpvYkxvY2F0aW9uIjoid2VzdGNlbnRyYWx1cyJ9?api-version=2016-09-01",
      "EncodedRequestUri": "L3N1YnNjcmlwdGlvbnMvMmM2NDcwNTYtYmFiMi00MTc1LWIxNzItNDkzZmYwNDllYjI5L29wZXJhdGlvbnJlc3VsdHMvZXlKcWIySkpaQ0k2SWxKRlUwOVZVa05GUjFKUFZWQkVSVXhGVkVsUFRrcFBRaTFRVXpjNU5Ea3RWMFZUVkVORlRsUlNRVXhWVXlJc0ltcHZZa3h2WTJGMGFXOXVJam9pZDJWemRHTmxiblJ5WVd4MWN5Sjk/YXBpLXZlcnNpb249MjAxNi0wOS0wMQ==",
      "RequestMethod": "GET",
      "RequestBody": "",
      "RequestHeaders": {
        "User-Agent": [
          "FxVersion/4.6.29916.01",
          "OSName/Windows",
          "OSVersion/Microsoft.Windows.10.0.14393.",
          "Microsoft.Azure.Management.Internal.Resources.ResourceManagementClient/1.3.32"
        ]
      },
      "ResponseHeaders": {
        "Cache-Control": [
          "no-cache"
        ],
        "Pragma": [
          "no-cache"
        ],
        "Location": [
          "https://management.azure.com/subscriptions/2c647056-bab2-4175-b172-493ff049eb29/operationresults/eyJqb2JJZCI6IlJFU09VUkNFR1JPVVBERUxFVElPTkpPQi1QUzc5NDktV0VTVENFTlRSQUxVUyIsImpvYkxvY2F0aW9uIjoid2VzdGNlbnRyYWx1cyJ9?api-version=2016-09-01"
        ],
        "Retry-After": [
          "15"
        ],
        "x-ms-ratelimit-remaining-subscription-reads": [
          "11998"
        ],
        "x-ms-request-id": [
          "0dffec6c-2aa1-4c22-95b3-2c005930f953"
        ],
        "x-ms-correlation-request-id": [
          "0dffec6c-2aa1-4c22-95b3-2c005930f953"
        ],
        "x-ms-routing-request-id": [
          "WESTUS:20210517T152339Z:0dffec6c-2aa1-4c22-95b3-2c005930f953"
        ],
        "Strict-Transport-Security": [
          "max-age=31536000; includeSubDomains"
        ],
        "X-Content-Type-Options": [
          "nosniff"
        ],
        "Date": [
          "Mon, 17 May 2021 15:23:38 GMT"
        ],
        "Expires": [
          "-1"
        ],
        "Content-Length": [
          "0"
        ]
      },
      "ResponseBody": "",
      "StatusCode": 202
    },
    {
      "RequestUri": "/subscriptions/2c647056-bab2-4175-b172-493ff049eb29/operationresults/eyJqb2JJZCI6IlJFU09VUkNFR1JPVVBERUxFVElPTkpPQi1QUzc5NDktV0VTVENFTlRSQUxVUyIsImpvYkxvY2F0aW9uIjoid2VzdGNlbnRyYWx1cyJ9?api-version=2016-09-01",
      "EncodedRequestUri": "L3N1YnNjcmlwdGlvbnMvMmM2NDcwNTYtYmFiMi00MTc1LWIxNzItNDkzZmYwNDllYjI5L29wZXJhdGlvbnJlc3VsdHMvZXlKcWIySkpaQ0k2SWxKRlUwOVZVa05GUjFKUFZWQkVSVXhGVkVsUFRrcFBRaTFRVXpjNU5Ea3RWMFZUVkVORlRsUlNRVXhWVXlJc0ltcHZZa3h2WTJGMGFXOXVJam9pZDJWemRHTmxiblJ5WVd4MWN5Sjk/YXBpLXZlcnNpb249MjAxNi0wOS0wMQ==",
      "RequestMethod": "GET",
      "RequestBody": "",
      "RequestHeaders": {
        "User-Agent": [
          "FxVersion/4.6.29916.01",
          "OSName/Windows",
          "OSVersion/Microsoft.Windows.10.0.14393.",
          "Microsoft.Azure.Management.Internal.Resources.ResourceManagementClient/1.3.32"
        ]
      },
      "ResponseHeaders": {
        "Cache-Control": [
          "no-cache"
        ],
        "Pragma": [
          "no-cache"
        ],
        "Location": [
          "https://management.azure.com/subscriptions/2c647056-bab2-4175-b172-493ff049eb29/operationresults/eyJqb2JJZCI6IlJFU09VUkNFR1JPVVBERUxFVElPTkpPQi1QUzc5NDktV0VTVENFTlRSQUxVUyIsImpvYkxvY2F0aW9uIjoid2VzdGNlbnRyYWx1cyJ9?api-version=2016-09-01"
        ],
        "Retry-After": [
          "15"
        ],
        "x-ms-ratelimit-remaining-subscription-reads": [
          "11997"
        ],
        "x-ms-request-id": [
          "e0f5c6c9-9014-4cdc-ade8-6dad0b9e7fe4"
        ],
        "x-ms-correlation-request-id": [
          "e0f5c6c9-9014-4cdc-ade8-6dad0b9e7fe4"
        ],
        "x-ms-routing-request-id": [
          "WESTUS:20210517T152354Z:e0f5c6c9-9014-4cdc-ade8-6dad0b9e7fe4"
        ],
        "Strict-Transport-Security": [
          "max-age=31536000; includeSubDomains"
        ],
        "X-Content-Type-Options": [
          "nosniff"
        ],
        "Date": [
          "Mon, 17 May 2021 15:23:53 GMT"
        ],
        "Expires": [
          "-1"
        ],
        "Content-Length": [
          "0"
        ]
      },
      "ResponseBody": "",
      "StatusCode": 202
    },
    {
      "RequestUri": "/subscriptions/2c647056-bab2-4175-b172-493ff049eb29/operationresults/eyJqb2JJZCI6IlJFU09VUkNFR1JPVVBERUxFVElPTkpPQi1QUzc5NDktV0VTVENFTlRSQUxVUyIsImpvYkxvY2F0aW9uIjoid2VzdGNlbnRyYWx1cyJ9?api-version=2016-09-01",
      "EncodedRequestUri": "L3N1YnNjcmlwdGlvbnMvMmM2NDcwNTYtYmFiMi00MTc1LWIxNzItNDkzZmYwNDllYjI5L29wZXJhdGlvbnJlc3VsdHMvZXlKcWIySkpaQ0k2SWxKRlUwOVZVa05GUjFKUFZWQkVSVXhGVkVsUFRrcFBRaTFRVXpjNU5Ea3RWMFZUVkVORlRsUlNRVXhWVXlJc0ltcHZZa3h2WTJGMGFXOXVJam9pZDJWemRHTmxiblJ5WVd4MWN5Sjk/YXBpLXZlcnNpb249MjAxNi0wOS0wMQ==",
      "RequestMethod": "GET",
      "RequestBody": "",
      "RequestHeaders": {
        "User-Agent": [
          "FxVersion/4.6.29916.01",
          "OSName/Windows",
          "OSVersion/Microsoft.Windows.10.0.14393.",
          "Microsoft.Azure.Management.Internal.Resources.ResourceManagementClient/1.3.32"
        ]
      },
      "ResponseHeaders": {
        "Cache-Control": [
          "no-cache"
        ],
        "Pragma": [
          "no-cache"
        ],
        "Location": [
          "https://management.azure.com/subscriptions/2c647056-bab2-4175-b172-493ff049eb29/operationresults/eyJqb2JJZCI6IlJFU09VUkNFR1JPVVBERUxFVElPTkpPQi1QUzc5NDktV0VTVENFTlRSQUxVUyIsImpvYkxvY2F0aW9uIjoid2VzdGNlbnRyYWx1cyJ9?api-version=2016-09-01"
        ],
        "Retry-After": [
          "15"
        ],
        "x-ms-ratelimit-remaining-subscription-reads": [
          "11996"
        ],
        "x-ms-request-id": [
          "2e3da2d6-be24-494a-bb98-289667405302"
        ],
        "x-ms-correlation-request-id": [
          "2e3da2d6-be24-494a-bb98-289667405302"
        ],
        "x-ms-routing-request-id": [
          "WESTUS:20210517T152409Z:2e3da2d6-be24-494a-bb98-289667405302"
        ],
        "Strict-Transport-Security": [
          "max-age=31536000; includeSubDomains"
        ],
        "X-Content-Type-Options": [
          "nosniff"
        ],
        "Date": [
          "Mon, 17 May 2021 15:24:08 GMT"
        ],
        "Expires": [
          "-1"
        ],
        "Content-Length": [
          "0"
        ]
      },
      "ResponseBody": "",
      "StatusCode": 202
    },
    {
      "RequestUri": "/subscriptions/2c647056-bab2-4175-b172-493ff049eb29/operationresults/eyJqb2JJZCI6IlJFU09VUkNFR1JPVVBERUxFVElPTkpPQi1QUzc5NDktV0VTVENFTlRSQUxVUyIsImpvYkxvY2F0aW9uIjoid2VzdGNlbnRyYWx1cyJ9?api-version=2016-09-01",
      "EncodedRequestUri": "L3N1YnNjcmlwdGlvbnMvMmM2NDcwNTYtYmFiMi00MTc1LWIxNzItNDkzZmYwNDllYjI5L29wZXJhdGlvbnJlc3VsdHMvZXlKcWIySkpaQ0k2SWxKRlUwOVZVa05GUjFKUFZWQkVSVXhGVkVsUFRrcFBRaTFRVXpjNU5Ea3RWMFZUVkVORlRsUlNRVXhWVXlJc0ltcHZZa3h2WTJGMGFXOXVJam9pZDJWemRHTmxiblJ5WVd4MWN5Sjk/YXBpLXZlcnNpb249MjAxNi0wOS0wMQ==",
      "RequestMethod": "GET",
      "RequestBody": "",
      "RequestHeaders": {
        "User-Agent": [
          "FxVersion/4.6.29916.01",
          "OSName/Windows",
          "OSVersion/Microsoft.Windows.10.0.14393.",
          "Microsoft.Azure.Management.Internal.Resources.ResourceManagementClient/1.3.32"
        ]
      },
      "ResponseHeaders": {
        "Cache-Control": [
          "no-cache"
        ],
        "Pragma": [
          "no-cache"
        ],
        "Location": [
          "https://management.azure.com/subscriptions/2c647056-bab2-4175-b172-493ff049eb29/operationresults/eyJqb2JJZCI6IlJFU09VUkNFR1JPVVBERUxFVElPTkpPQi1QUzc5NDktV0VTVENFTlRSQUxVUyIsImpvYkxvY2F0aW9uIjoid2VzdGNlbnRyYWx1cyJ9?api-version=2016-09-01"
        ],
        "Retry-After": [
          "15"
        ],
        "x-ms-ratelimit-remaining-subscription-reads": [
          "11995"
        ],
        "x-ms-request-id": [
          "eb8961b6-7223-4e6b-bc1f-ad3a74584385"
        ],
        "x-ms-correlation-request-id": [
          "eb8961b6-7223-4e6b-bc1f-ad3a74584385"
        ],
        "x-ms-routing-request-id": [
          "WESTUS:20210517T152424Z:eb8961b6-7223-4e6b-bc1f-ad3a74584385"
        ],
        "Strict-Transport-Security": [
          "max-age=31536000; includeSubDomains"
        ],
        "X-Content-Type-Options": [
          "nosniff"
        ],
        "Date": [
          "Mon, 17 May 2021 15:24:23 GMT"
        ],
        "Expires": [
          "-1"
        ],
        "Content-Length": [
          "0"
        ]
      },
      "ResponseBody": "",
      "StatusCode": 202
    },
    {
      "RequestUri": "/subscriptions/2c647056-bab2-4175-b172-493ff049eb29/operationresults/eyJqb2JJZCI6IlJFU09VUkNFR1JPVVBERUxFVElPTkpPQi1QUzc5NDktV0VTVENFTlRSQUxVUyIsImpvYkxvY2F0aW9uIjoid2VzdGNlbnRyYWx1cyJ9?api-version=2016-09-01",
      "EncodedRequestUri": "L3N1YnNjcmlwdGlvbnMvMmM2NDcwNTYtYmFiMi00MTc1LWIxNzItNDkzZmYwNDllYjI5L29wZXJhdGlvbnJlc3VsdHMvZXlKcWIySkpaQ0k2SWxKRlUwOVZVa05GUjFKUFZWQkVSVXhGVkVsUFRrcFBRaTFRVXpjNU5Ea3RWMFZUVkVORlRsUlNRVXhWVXlJc0ltcHZZa3h2WTJGMGFXOXVJam9pZDJWemRHTmxiblJ5WVd4MWN5Sjk/YXBpLXZlcnNpb249MjAxNi0wOS0wMQ==",
      "RequestMethod": "GET",
      "RequestBody": "",
      "RequestHeaders": {
        "User-Agent": [
          "FxVersion/4.6.29916.01",
          "OSName/Windows",
          "OSVersion/Microsoft.Windows.10.0.14393.",
          "Microsoft.Azure.Management.Internal.Resources.ResourceManagementClient/1.3.32"
        ]
      },
      "ResponseHeaders": {
        "Cache-Control": [
          "no-cache"
        ],
        "Pragma": [
          "no-cache"
        ],
        "Location": [
          "https://management.azure.com/subscriptions/2c647056-bab2-4175-b172-493ff049eb29/operationresults/eyJqb2JJZCI6IlJFU09VUkNFR1JPVVBERUxFVElPTkpPQi1QUzc5NDktV0VTVENFTlRSQUxVUyIsImpvYkxvY2F0aW9uIjoid2VzdGNlbnRyYWx1cyJ9?api-version=2016-09-01"
        ],
        "Retry-After": [
          "15"
        ],
        "x-ms-ratelimit-remaining-subscription-reads": [
          "11994"
        ],
        "x-ms-request-id": [
          "65a82468-994f-4db7-9b84-305eddea74ca"
        ],
        "x-ms-correlation-request-id": [
          "65a82468-994f-4db7-9b84-305eddea74ca"
        ],
        "x-ms-routing-request-id": [
          "WESTUS:20210517T152439Z:65a82468-994f-4db7-9b84-305eddea74ca"
        ],
        "Strict-Transport-Security": [
          "max-age=31536000; includeSubDomains"
        ],
        "X-Content-Type-Options": [
          "nosniff"
        ],
        "Date": [
          "Mon, 17 May 2021 15:24:38 GMT"
        ],
        "Expires": [
          "-1"
        ],
        "Content-Length": [
          "0"
        ]
      },
      "ResponseBody": "",
      "StatusCode": 202
    },
    {
      "RequestUri": "/subscriptions/2c647056-bab2-4175-b172-493ff049eb29/operationresults/eyJqb2JJZCI6IlJFU09VUkNFR1JPVVBERUxFVElPTkpPQi1QUzc5NDktV0VTVENFTlRSQUxVUyIsImpvYkxvY2F0aW9uIjoid2VzdGNlbnRyYWx1cyJ9?api-version=2016-09-01",
      "EncodedRequestUri": "L3N1YnNjcmlwdGlvbnMvMmM2NDcwNTYtYmFiMi00MTc1LWIxNzItNDkzZmYwNDllYjI5L29wZXJhdGlvbnJlc3VsdHMvZXlKcWIySkpaQ0k2SWxKRlUwOVZVa05GUjFKUFZWQkVSVXhGVkVsUFRrcFBRaTFRVXpjNU5Ea3RWMFZUVkVORlRsUlNRVXhWVXlJc0ltcHZZa3h2WTJGMGFXOXVJam9pZDJWemRHTmxiblJ5WVd4MWN5Sjk/YXBpLXZlcnNpb249MjAxNi0wOS0wMQ==",
      "RequestMethod": "GET",
      "RequestBody": "",
      "RequestHeaders": {
        "User-Agent": [
          "FxVersion/4.6.29916.01",
          "OSName/Windows",
          "OSVersion/Microsoft.Windows.10.0.14393.",
          "Microsoft.Azure.Management.Internal.Resources.ResourceManagementClient/1.3.32"
        ]
      },
      "ResponseHeaders": {
        "Cache-Control": [
          "no-cache"
        ],
        "Pragma": [
          "no-cache"
        ],
        "x-ms-ratelimit-remaining-subscription-reads": [
          "11993"
        ],
        "x-ms-request-id": [
          "9d843f3a-ae13-439e-bce7-da6c1b123448"
        ],
        "x-ms-correlation-request-id": [
          "9d843f3a-ae13-439e-bce7-da6c1b123448"
        ],
        "x-ms-routing-request-id": [
          "WESTUS:20210517T152454Z:9d843f3a-ae13-439e-bce7-da6c1b123448"
        ],
        "Strict-Transport-Security": [
          "max-age=31536000; includeSubDomains"
        ],
        "X-Content-Type-Options": [
          "nosniff"
        ],
        "Date": [
          "Mon, 17 May 2021 15:24:54 GMT"
        ],
        "Expires": [
          "-1"
        ],
        "Content-Length": [
          "0"
        ]
      },
      "ResponseBody": "",
      "StatusCode": 200
    },
    {
      "RequestUri": "/subscriptions/2c647056-bab2-4175-b172-493ff049eb29/operationresults/eyJqb2JJZCI6IlJFU09VUkNFR1JPVVBERUxFVElPTkpPQi1QUzc5NDktV0VTVENFTlRSQUxVUyIsImpvYkxvY2F0aW9uIjoid2VzdGNlbnRyYWx1cyJ9?api-version=2016-09-01",
      "EncodedRequestUri": "L3N1YnNjcmlwdGlvbnMvMmM2NDcwNTYtYmFiMi00MTc1LWIxNzItNDkzZmYwNDllYjI5L29wZXJhdGlvbnJlc3VsdHMvZXlKcWIySkpaQ0k2SWxKRlUwOVZVa05GUjFKUFZWQkVSVXhGVkVsUFRrcFBRaTFRVXpjNU5Ea3RWMFZUVkVORlRsUlNRVXhWVXlJc0ltcHZZa3h2WTJGMGFXOXVJam9pZDJWemRHTmxiblJ5WVd4MWN5Sjk/YXBpLXZlcnNpb249MjAxNi0wOS0wMQ==",
      "RequestMethod": "GET",
      "RequestBody": "",
      "RequestHeaders": {
        "User-Agent": [
          "FxVersion/4.6.29916.01",
          "OSName/Windows",
          "OSVersion/Microsoft.Windows.10.0.14393.",
          "Microsoft.Azure.Management.Internal.Resources.ResourceManagementClient/1.3.32"
        ]
      },
      "ResponseHeaders": {
        "Cache-Control": [
          "no-cache"
        ],
        "Pragma": [
          "no-cache"
        ],
        "x-ms-ratelimit-remaining-subscription-reads": [
          "11992"
        ],
        "x-ms-request-id": [
          "2a4452cb-2940-4a23-b831-55f3e98ea575"
        ],
        "x-ms-correlation-request-id": [
          "2a4452cb-2940-4a23-b831-55f3e98ea575"
        ],
        "x-ms-routing-request-id": [
          "WESTUS:20210517T152454Z:2a4452cb-2940-4a23-b831-55f3e98ea575"
        ],
        "Strict-Transport-Security": [
          "max-age=31536000; includeSubDomains"
        ],
        "X-Content-Type-Options": [
          "nosniff"
        ],
        "Date": [
          "Mon, 17 May 2021 15:24:54 GMT"
        ],
        "Expires": [
          "-1"
        ],
        "Content-Length": [
          "0"
        ]
      },
      "ResponseBody": "",
      "StatusCode": 200
    }
  ],
  "Names": {
    "Test-CreateDatabaseWithSampleName": [
      "ps7949",
      "ps4559",
      "ps7581"
    ]
  },
  "Variables": {
    "SubscriptionId": "2c647056-bab2-4175-b172-493ff049eb29"
  }
}