{
  "Entries": [
    {
      "RequestUri": "/subscriptions/91446693-dafa-4cc0-8b12-ec2c6c3f6250/resourcegroups/ps3343?api-version=2016-09-01",
      "EncodedRequestUri": "L3N1YnNjcmlwdGlvbnMvOTE0NDY2OTMtZGFmYS00Y2MwLThiMTItZWMyYzZjM2Y2MjUwL3Jlc291cmNlZ3JvdXBzL3BzMzM0Mz9hcGktdmVyc2lvbj0yMDE2LTA5LTAx",
      "RequestMethod": "PUT",
      "RequestBody": "{\r\n  \"location\": \"westcentralus\"\r\n}",
      "RequestHeaders": {
        "x-ms-client-request-id": [
          "0da689ee-f843-49b3-8a8d-e948a559fc44"
        ],
        "Accept-Language": [
          "en-US"
        ],
        "User-Agent": [
          "FxVersion/4.6.29321.03",
          "OSName/Windows",
          "OSVersion/Microsoft.Windows.10.0.17763.",
          "Microsoft.Azure.Management.Internal.Resources.ResourceManagementClient/1.3.29"
        ],
        "Content-Type": [
          "application/json; charset=utf-8"
        ],
        "Content-Length": [
          "35"
        ]
      },
      "ResponseHeaders": {
        "Cache-Control": [
          "no-cache"
        ],
        "Pragma": [
          "no-cache"
        ],
        "x-ms-ratelimit-remaining-subscription-writes": [
          "1199"
        ],
        "x-ms-request-id": [
          "a8d7b38e-e9f7-4f81-b864-5824158ce7b5"
        ],
        "x-ms-correlation-request-id": [
          "a8d7b38e-e9f7-4f81-b864-5824158ce7b5"
        ],
        "x-ms-routing-request-id": [
          "WESTCENTRALUS:20201117T173306Z:a8d7b38e-e9f7-4f81-b864-5824158ce7b5"
        ],
        "Strict-Transport-Security": [
          "max-age=31536000; includeSubDomains"
        ],
        "X-Content-Type-Options": [
          "nosniff"
        ],
        "Date": [
          "Tue, 17 Nov 2020 17:33:06 GMT"
        ],
        "Content-Length": [
          "172"
        ],
        "Content-Type": [
          "application/json; charset=utf-8"
        ],
        "Expires": [
          "-1"
        ]
      },
      "ResponseBody": "{\r\n  \"id\": \"/subscriptions/91446693-dafa-4cc0-8b12-ec2c6c3f6250/resourceGroups/ps3343\",\r\n  \"name\": \"ps3343\",\r\n  \"location\": \"westcentralus\",\r\n  \"properties\": {\r\n    \"provisioningState\": \"Succeeded\"\r\n  }\r\n}",
      "StatusCode": 201
    },
    {
      "RequestUri": "/subscriptions/91446693-dafa-4cc0-8b12-ec2c6c3f6250/resourceGroups/ps3343/providers/Microsoft.Sql/servers/ps7021?api-version=2019-06-01-preview",
      "EncodedRequestUri": "L3N1YnNjcmlwdGlvbnMvOTE0NDY2OTMtZGFmYS00Y2MwLThiMTItZWMyYzZjM2Y2MjUwL3Jlc291cmNlR3JvdXBzL3BzMzM0My9wcm92aWRlcnMvTWljcm9zb2Z0LlNxbC9zZXJ2ZXJzL3BzNzAyMT9hcGktdmVyc2lvbj0yMDE5LTA2LTAxLXByZXZpZXc=",
      "RequestMethod": "GET",
      "RequestBody": "",
      "RequestHeaders": {
        "x-ms-client-request-id": [
          "235690cc-fa83-458a-ac77-1df0f83523e3"
        ],
        "Accept-Language": [
          "en-US"
        ],
        "User-Agent": [
          "FxVersion/4.6.29321.03",
          "OSName/Windows",
          "OSVersion/Microsoft.Windows.10.0.17763.",
          "Microsoft.Azure.Management.Sql.SqlManagementClient/1.46.0.0"
        ]
      },
      "ResponseHeaders": {
        "Cache-Control": [
          "no-cache"
        ],
        "Pragma": [
          "no-cache"
        ],
        "x-ms-failure-cause": [
          "gateway"
        ],
        "x-ms-request-id": [
          "15fe8383-78f6-4f12-849c-2a2f8a0f46a4"
        ],
        "x-ms-correlation-request-id": [
          "15fe8383-78f6-4f12-849c-2a2f8a0f46a4"
        ],
        "x-ms-routing-request-id": [
          "WESTCENTRALUS:20201117T173307Z:15fe8383-78f6-4f12-849c-2a2f8a0f46a4"
        ],
        "Strict-Transport-Security": [
          "max-age=31536000; includeSubDomains"
        ],
        "X-Content-Type-Options": [
          "nosniff"
        ],
        "Date": [
          "Tue, 17 Nov 2020 17:33:06 GMT"
        ],
        "Content-Type": [
          "application/json; charset=utf-8"
        ],
        "Expires": [
          "-1"
        ],
        "Content-Length": [
          "206"
        ]
      },
      "ResponseBody": "{\r\n  \"error\": {\r\n    \"code\": \"ResourceNotFound\",\r\n    \"message\": \"The Resource 'Microsoft.Sql/servers/ps7021' under resource group 'ps3343' was not found. For more details please go to https://aka.ms/ARMResourceNotFoundFix\"\r\n  }\r\n}",
      "StatusCode": 404
    },
    {
      "RequestUri": "/subscriptions/91446693-dafa-4cc0-8b12-ec2c6c3f6250/resourceGroups/ps3343/providers/Microsoft.Sql/servers/ps7021?api-version=2019-06-01-preview",
      "EncodedRequestUri": "L3N1YnNjcmlwdGlvbnMvOTE0NDY2OTMtZGFmYS00Y2MwLThiMTItZWMyYzZjM2Y2MjUwL3Jlc291cmNlR3JvdXBzL3BzMzM0My9wcm92aWRlcnMvTWljcm9zb2Z0LlNxbC9zZXJ2ZXJzL3BzNzAyMT9hcGktdmVyc2lvbj0yMDE5LTA2LTAxLXByZXZpZXc=",
      "RequestMethod": "GET",
      "RequestBody": "",
      "RequestHeaders": {
        "User-Agent": [
          "FxVersion/4.6.29321.03",
          "OSName/Windows",
          "OSVersion/Microsoft.Windows.10.0.17763.",
          "Microsoft.Azure.Management.Sql.SqlManagementClient/1.46.0.0"
        ]
      },
      "ResponseHeaders": {
        "Cache-Control": [
          "no-cache"
        ],
        "Pragma": [
          "no-cache"
        ],
        "x-ms-request-id": [
          "d4d8636c-4125-40a1-bef9-6113c75012ee"
        ],
        "Server": [
          "Microsoft-HTTPAPI/2.0"
        ],
        "x-ms-ratelimit-remaining-subscription-reads": [
          "11992"
        ],
        "x-ms-correlation-request-id": [
          "caf0794c-14ee-4e84-bb80-7f55bd0cbc68"
        ],
        "x-ms-routing-request-id": [
          "WESTCENTRALUS:20201117T173355Z:caf0794c-14ee-4e84-bb80-7f55bd0cbc68"
        ],
        "Strict-Transport-Security": [
          "max-age=31536000; includeSubDomains"
        ],
        "X-Content-Type-Options": [
          "nosniff"
        ],
        "Date": [
          "Tue, 17 Nov 2020 17:33:54 GMT"
        ],
        "Content-Length": [
          "415"
        ],
        "Content-Type": [
          "application/json; charset=utf-8"
        ],
        "Expires": [
          "-1"
        ]
      },
      "ResponseBody": "{\r\n  \"kind\": \"v12.0\",\r\n  \"properties\": {\r\n    \"administratorLogin\": \"testusername\",\r\n    \"version\": \"12.0\",\r\n    \"state\": \"Ready\",\r\n    \"fullyQualifiedDomainName\": \"ps7021.database.windows.net\",\r\n    \"privateEndpointConnections\": [],\r\n    \"publicNetworkAccess\": \"Enabled\"\r\n  },\r\n  \"location\": \"southeastasia\",\r\n  \"id\": \"/subscriptions/91446693-dafa-4cc0-8b12-ec2c6c3f6250/resourceGroups/ps3343/providers/Microsoft.Sql/servers/ps7021\",\r\n  \"name\": \"ps7021\",\r\n  \"type\": \"Microsoft.Sql/servers\"\r\n}",
      "StatusCode": 200
    },
    {
      "RequestUri": "/subscriptions/91446693-dafa-4cc0-8b12-ec2c6c3f6250/resourceGroups/ps3343/providers/Microsoft.Sql/servers/ps7021?api-version=2019-06-01-preview",
      "EncodedRequestUri": "L3N1YnNjcmlwdGlvbnMvOTE0NDY2OTMtZGFmYS00Y2MwLThiMTItZWMyYzZjM2Y2MjUwL3Jlc291cmNlR3JvdXBzL3BzMzM0My9wcm92aWRlcnMvTWljcm9zb2Z0LlNxbC9zZXJ2ZXJzL3BzNzAyMT9hcGktdmVyc2lvbj0yMDE5LTA2LTAxLXByZXZpZXc=",
      "RequestMethod": "GET",
      "RequestBody": "",
      "RequestHeaders": {
        "x-ms-client-request-id": [
          "484a936e-950a-479d-83b8-8f08082f66b0"
        ],
        "Accept-Language": [
          "en-US"
        ],
        "User-Agent": [
          "FxVersion/4.6.29321.03",
          "OSName/Windows",
          "OSVersion/Microsoft.Windows.10.0.17763.",
          "Microsoft.Azure.Management.Sql.SqlManagementClient/1.46.0.0"
        ]
      },
      "ResponseHeaders": {
        "Cache-Control": [
          "no-cache"
        ],
        "Pragma": [
          "no-cache"
        ],
        "x-ms-request-id": [
          "79a9f57d-710f-4375-841b-4fb6ce748a0d"
        ],
        "Server": [
          "Microsoft-HTTPAPI/2.0"
        ],
        "x-ms-ratelimit-remaining-subscription-reads": [
          "11991"
        ],
        "x-ms-correlation-request-id": [
          "e6e683ea-4b17-4b18-9ad5-8023e937c0f4"
        ],
        "x-ms-routing-request-id": [
          "WESTCENTRALUS:20201117T173355Z:e6e683ea-4b17-4b18-9ad5-8023e937c0f4"
        ],
        "Strict-Transport-Security": [
          "max-age=31536000; includeSubDomains"
        ],
        "X-Content-Type-Options": [
          "nosniff"
        ],
        "Date": [
          "Tue, 17 Nov 2020 17:33:55 GMT"
        ],
        "Content-Length": [
          "415"
        ],
        "Content-Type": [
          "application/json; charset=utf-8"
        ],
        "Expires": [
          "-1"
        ]
      },
      "ResponseBody": "{\r\n  \"kind\": \"v12.0\",\r\n  \"properties\": {\r\n    \"administratorLogin\": \"testusername\",\r\n    \"version\": \"12.0\",\r\n    \"state\": \"Ready\",\r\n    \"fullyQualifiedDomainName\": \"ps7021.database.windows.net\",\r\n    \"privateEndpointConnections\": [],\r\n    \"publicNetworkAccess\": \"Enabled\"\r\n  },\r\n  \"location\": \"southeastasia\",\r\n  \"id\": \"/subscriptions/91446693-dafa-4cc0-8b12-ec2c6c3f6250/resourceGroups/ps3343/providers/Microsoft.Sql/servers/ps7021\",\r\n  \"name\": \"ps7021\",\r\n  \"type\": \"Microsoft.Sql/servers\"\r\n}",
      "StatusCode": 200
    },
    {
      "RequestUri": "/subscriptions/91446693-dafa-4cc0-8b12-ec2c6c3f6250/resourceGroups/ps3343/providers/Microsoft.Sql/servers/ps7021?api-version=2019-06-01-preview",
      "EncodedRequestUri": "L3N1YnNjcmlwdGlvbnMvOTE0NDY2OTMtZGFmYS00Y2MwLThiMTItZWMyYzZjM2Y2MjUwL3Jlc291cmNlR3JvdXBzL3BzMzM0My9wcm92aWRlcnMvTWljcm9zb2Z0LlNxbC9zZXJ2ZXJzL3BzNzAyMT9hcGktdmVyc2lvbj0yMDE5LTA2LTAxLXByZXZpZXc=",
      "RequestMethod": "GET",
      "RequestBody": "",
      "RequestHeaders": {
        "x-ms-client-request-id": [
          "674b22d5-cfcd-43fb-97c4-8f68ead73791"
        ],
        "Accept-Language": [
          "en-US"
        ],
        "User-Agent": [
          "FxVersion/4.6.29321.03",
          "OSName/Windows",
          "OSVersion/Microsoft.Windows.10.0.17763.",
          "Microsoft.Azure.Management.Sql.SqlManagementClient/1.46.0.0"
        ]
      },
      "ResponseHeaders": {
        "Cache-Control": [
          "no-cache"
        ],
        "Pragma": [
          "no-cache"
        ],
        "x-ms-request-id": [
          "95bbb5e6-5ccc-44ac-9a03-66a54b33f887"
        ],
        "Server": [
          "Microsoft-HTTPAPI/2.0"
        ],
        "x-ms-ratelimit-remaining-subscription-reads": [
          "11989"
        ],
        "x-ms-correlation-request-id": [
          "3d275cb3-66ba-4d46-befb-dd1c650a0d8e"
        ],
        "x-ms-routing-request-id": [
          "WESTCENTRALUS:20201117T173356Z:3d275cb3-66ba-4d46-befb-dd1c650a0d8e"
        ],
        "Strict-Transport-Security": [
          "max-age=31536000; includeSubDomains"
        ],
        "X-Content-Type-Options": [
          "nosniff"
        ],
        "Date": [
          "Tue, 17 Nov 2020 17:33:55 GMT"
        ],
        "Content-Length": [
          "415"
        ],
        "Content-Type": [
          "application/json; charset=utf-8"
        ],
        "Expires": [
          "-1"
        ]
      },
      "ResponseBody": "{\r\n  \"kind\": \"v12.0\",\r\n  \"properties\": {\r\n    \"administratorLogin\": \"testusername\",\r\n    \"version\": \"12.0\",\r\n    \"state\": \"Ready\",\r\n    \"fullyQualifiedDomainName\": \"ps7021.database.windows.net\",\r\n    \"privateEndpointConnections\": [],\r\n    \"publicNetworkAccess\": \"Enabled\"\r\n  },\r\n  \"location\": \"southeastasia\",\r\n  \"id\": \"/subscriptions/91446693-dafa-4cc0-8b12-ec2c6c3f6250/resourceGroups/ps3343/providers/Microsoft.Sql/servers/ps7021\",\r\n  \"name\": \"ps7021\",\r\n  \"type\": \"Microsoft.Sql/servers\"\r\n}",
      "StatusCode": 200
    },
    {
      "RequestUri": "/subscriptions/91446693-dafa-4cc0-8b12-ec2c6c3f6250/resourceGroups/ps3343/providers/Microsoft.Sql/servers/ps7021?api-version=2019-06-01-preview",
      "EncodedRequestUri": "L3N1YnNjcmlwdGlvbnMvOTE0NDY2OTMtZGFmYS00Y2MwLThiMTItZWMyYzZjM2Y2MjUwL3Jlc291cmNlR3JvdXBzL3BzMzM0My9wcm92aWRlcnMvTWljcm9zb2Z0LlNxbC9zZXJ2ZXJzL3BzNzAyMT9hcGktdmVyc2lvbj0yMDE5LTA2LTAxLXByZXZpZXc=",
      "RequestMethod": "GET",
      "RequestBody": "",
      "RequestHeaders": {
        "x-ms-client-request-id": [
          "0611bbe0-3272-45b3-b273-c0afc62ad5f7"
        ],
        "Accept-Language": [
          "en-US"
        ],
        "User-Agent": [
          "FxVersion/4.6.29321.03",
          "OSName/Windows",
          "OSVersion/Microsoft.Windows.10.0.17763.",
          "Microsoft.Azure.Management.Sql.SqlManagementClient/1.46.0.0"
        ]
      },
      "ResponseHeaders": {
        "Cache-Control": [
          "no-cache"
        ],
        "Pragma": [
          "no-cache"
        ],
        "x-ms-request-id": [
          "d3f49698-7135-45a7-b431-ba0dd54b6a2f"
        ],
        "Server": [
          "Microsoft-HTTPAPI/2.0"
        ],
        "x-ms-ratelimit-remaining-subscription-reads": [
          "11983"
        ],
        "x-ms-correlation-request-id": [
          "61a4a4e7-871b-427e-8b56-d698540e58d7"
        ],
        "x-ms-routing-request-id": [
          "WESTCENTRALUS:20201117T173458Z:61a4a4e7-871b-427e-8b56-d698540e58d7"
        ],
        "Strict-Transport-Security": [
          "max-age=31536000; includeSubDomains"
        ],
        "X-Content-Type-Options": [
          "nosniff"
        ],
        "Date": [
          "Tue, 17 Nov 2020 17:34:58 GMT"
        ],
        "Content-Length": [
          "415"
        ],
        "Content-Type": [
          "application/json; charset=utf-8"
        ],
        "Expires": [
          "-1"
        ]
      },
      "ResponseBody": "{\r\n  \"kind\": \"v12.0\",\r\n  \"properties\": {\r\n    \"administratorLogin\": \"testusername\",\r\n    \"version\": \"12.0\",\r\n    \"state\": \"Ready\",\r\n    \"fullyQualifiedDomainName\": \"ps7021.database.windows.net\",\r\n    \"privateEndpointConnections\": [],\r\n    \"publicNetworkAccess\": \"Enabled\"\r\n  },\r\n  \"location\": \"southeastasia\",\r\n  \"id\": \"/subscriptions/91446693-dafa-4cc0-8b12-ec2c6c3f6250/resourceGroups/ps3343/providers/Microsoft.Sql/servers/ps7021\",\r\n  \"name\": \"ps7021\",\r\n  \"type\": \"Microsoft.Sql/servers\"\r\n}",
      "StatusCode": 200
    },
    {
      "RequestUri": "/subscriptions/91446693-dafa-4cc0-8b12-ec2c6c3f6250/resourceGroups/ps3343/providers/Microsoft.Sql/servers/ps7021?api-version=2019-06-01-preview",
      "EncodedRequestUri": "L3N1YnNjcmlwdGlvbnMvOTE0NDY2OTMtZGFmYS00Y2MwLThiMTItZWMyYzZjM2Y2MjUwL3Jlc291cmNlR3JvdXBzL3BzMzM0My9wcm92aWRlcnMvTWljcm9zb2Z0LlNxbC9zZXJ2ZXJzL3BzNzAyMT9hcGktdmVyc2lvbj0yMDE5LTA2LTAxLXByZXZpZXc=",
      "RequestMethod": "GET",
      "RequestBody": "",
      "RequestHeaders": {
        "x-ms-client-request-id": [
          "bca5fc2a-ba97-4af1-b69b-790fe6628e2a"
        ],
        "Accept-Language": [
          "en-US"
        ],
        "User-Agent": [
          "FxVersion/4.6.29321.03",
          "OSName/Windows",
          "OSVersion/Microsoft.Windows.10.0.17763.",
          "Microsoft.Azure.Management.Sql.SqlManagementClient/1.46.0.0"
        ]
      },
      "ResponseHeaders": {
        "Cache-Control": [
          "no-cache"
        ],
        "Pragma": [
          "no-cache"
        ],
        "x-ms-request-id": [
          "0c9de76f-47cd-4b6a-87e7-4378779e2e59"
        ],
        "Server": [
          "Microsoft-HTTPAPI/2.0"
        ],
        "x-ms-ratelimit-remaining-subscription-reads": [
          "11976"
        ],
        "x-ms-correlation-request-id": [
          "b2bf7971-82e4-4d8a-8fd2-49d6cd3e9fbf"
        ],
        "x-ms-routing-request-id": [
          "WESTCENTRALUS:20201117T173546Z:b2bf7971-82e4-4d8a-8fd2-49d6cd3e9fbf"
        ],
        "Strict-Transport-Security": [
          "max-age=31536000; includeSubDomains"
        ],
        "X-Content-Type-Options": [
          "nosniff"
        ],
        "Date": [
          "Tue, 17 Nov 2020 17:35:46 GMT"
        ],
        "Content-Length": [
          "415"
        ],
        "Content-Type": [
          "application/json; charset=utf-8"
        ],
        "Expires": [
          "-1"
        ]
      },
      "ResponseBody": "{\r\n  \"kind\": \"v12.0\",\r\n  \"properties\": {\r\n    \"administratorLogin\": \"testusername\",\r\n    \"version\": \"12.0\",\r\n    \"state\": \"Ready\",\r\n    \"fullyQualifiedDomainName\": \"ps7021.database.windows.net\",\r\n    \"privateEndpointConnections\": [],\r\n    \"publicNetworkAccess\": \"Enabled\"\r\n  },\r\n  \"location\": \"southeastasia\",\r\n  \"id\": \"/subscriptions/91446693-dafa-4cc0-8b12-ec2c6c3f6250/resourceGroups/ps3343/providers/Microsoft.Sql/servers/ps7021\",\r\n  \"name\": \"ps7021\",\r\n  \"type\": \"Microsoft.Sql/servers\"\r\n}",
      "StatusCode": 200
    },
    {
      "RequestUri": "/subscriptions/91446693-dafa-4cc0-8b12-ec2c6c3f6250/resourceGroups/ps3343/providers/Microsoft.Sql/servers/ps7021?api-version=2019-06-01-preview",
      "EncodedRequestUri": "L3N1YnNjcmlwdGlvbnMvOTE0NDY2OTMtZGFmYS00Y2MwLThiMTItZWMyYzZjM2Y2MjUwL3Jlc291cmNlR3JvdXBzL3BzMzM0My9wcm92aWRlcnMvTWljcm9zb2Z0LlNxbC9zZXJ2ZXJzL3BzNzAyMT9hcGktdmVyc2lvbj0yMDE5LTA2LTAxLXByZXZpZXc=",
      "RequestMethod": "GET",
      "RequestBody": "",
      "RequestHeaders": {
        "x-ms-client-request-id": [
          "125dfe53-2753-4aed-bc7a-a58dce8957fb"
        ],
        "Accept-Language": [
          "en-US"
        ],
        "User-Agent": [
          "FxVersion/4.6.29321.03",
          "OSName/Windows",
          "OSVersion/Microsoft.Windows.10.0.17763.",
          "Microsoft.Azure.Management.Sql.SqlManagementClient/1.46.0.0"
        ]
      },
      "ResponseHeaders": {
        "Cache-Control": [
          "no-cache"
        ],
        "Pragma": [
          "no-cache"
        ],
        "x-ms-request-id": [
          "5c959862-bde4-4477-a7c3-fe93211a4d72"
        ],
        "Server": [
          "Microsoft-HTTPAPI/2.0"
        ],
        "x-ms-ratelimit-remaining-subscription-reads": [
          "11969"
        ],
        "x-ms-correlation-request-id": [
          "756180ae-86ea-4cd5-875c-82e681d69419"
        ],
        "x-ms-routing-request-id": [
          "WESTCENTRALUS:20201117T173633Z:756180ae-86ea-4cd5-875c-82e681d69419"
        ],
        "Strict-Transport-Security": [
          "max-age=31536000; includeSubDomains"
        ],
        "X-Content-Type-Options": [
          "nosniff"
        ],
        "Date": [
          "Tue, 17 Nov 2020 17:36:33 GMT"
        ],
        "Content-Length": [
          "415"
        ],
        "Content-Type": [
          "application/json; charset=utf-8"
        ],
        "Expires": [
          "-1"
        ]
      },
      "ResponseBody": "{\r\n  \"kind\": \"v12.0\",\r\n  \"properties\": {\r\n    \"administratorLogin\": \"testusername\",\r\n    \"version\": \"12.0\",\r\n    \"state\": \"Ready\",\r\n    \"fullyQualifiedDomainName\": \"ps7021.database.windows.net\",\r\n    \"privateEndpointConnections\": [],\r\n    \"publicNetworkAccess\": \"Enabled\"\r\n  },\r\n  \"location\": \"southeastasia\",\r\n  \"id\": \"/subscriptions/91446693-dafa-4cc0-8b12-ec2c6c3f6250/resourceGroups/ps3343/providers/Microsoft.Sql/servers/ps7021\",\r\n  \"name\": \"ps7021\",\r\n  \"type\": \"Microsoft.Sql/servers\"\r\n}",
      "StatusCode": 200
    },
    {
      "RequestUri": "/subscriptions/91446693-dafa-4cc0-8b12-ec2c6c3f6250/resourceGroups/ps3343/providers/Microsoft.Sql/servers/ps7021?api-version=2019-06-01-preview",
      "EncodedRequestUri": "L3N1YnNjcmlwdGlvbnMvOTE0NDY2OTMtZGFmYS00Y2MwLThiMTItZWMyYzZjM2Y2MjUwL3Jlc291cmNlR3JvdXBzL3BzMzM0My9wcm92aWRlcnMvTWljcm9zb2Z0LlNxbC9zZXJ2ZXJzL3BzNzAyMT9hcGktdmVyc2lvbj0yMDE5LTA2LTAxLXByZXZpZXc=",
      "RequestMethod": "GET",
      "RequestBody": "",
      "RequestHeaders": {
        "x-ms-client-request-id": [
          "074bf8b1-db45-4209-8068-178fec5a0d39"
        ],
        "Accept-Language": [
          "en-US"
        ],
        "User-Agent": [
          "FxVersion/4.6.29321.03",
          "OSName/Windows",
          "OSVersion/Microsoft.Windows.10.0.17763.",
          "Microsoft.Azure.Management.Sql.SqlManagementClient/1.46.0.0"
        ]
      },
      "ResponseHeaders": {
        "Cache-Control": [
          "no-cache"
        ],
        "Pragma": [
          "no-cache"
        ],
        "x-ms-request-id": [
          "f53cf6f4-6486-47fe-93fa-708c8d61b246"
        ],
        "Server": [
          "Microsoft-HTTPAPI/2.0"
        ],
        "x-ms-ratelimit-remaining-subscription-reads": [
          "11967"
        ],
        "x-ms-correlation-request-id": [
          "cfdf7341-7512-45f5-b27e-ba11fa8f3e28"
        ],
        "x-ms-routing-request-id": [
          "WESTCENTRALUS:20201117T173633Z:cfdf7341-7512-45f5-b27e-ba11fa8f3e28"
        ],
        "Strict-Transport-Security": [
          "max-age=31536000; includeSubDomains"
        ],
        "X-Content-Type-Options": [
          "nosniff"
        ],
        "Date": [
          "Tue, 17 Nov 2020 17:36:33 GMT"
        ],
        "Content-Length": [
          "415"
        ],
        "Content-Type": [
          "application/json; charset=utf-8"
        ],
        "Expires": [
          "-1"
        ]
      },
      "ResponseBody": "{\r\n  \"kind\": \"v12.0\",\r\n  \"properties\": {\r\n    \"administratorLogin\": \"testusername\",\r\n    \"version\": \"12.0\",\r\n    \"state\": \"Ready\",\r\n    \"fullyQualifiedDomainName\": \"ps7021.database.windows.net\",\r\n    \"privateEndpointConnections\": [],\r\n    \"publicNetworkAccess\": \"Enabled\"\r\n  },\r\n  \"location\": \"southeastasia\",\r\n  \"id\": \"/subscriptions/91446693-dafa-4cc0-8b12-ec2c6c3f6250/resourceGroups/ps3343/providers/Microsoft.Sql/servers/ps7021\",\r\n  \"name\": \"ps7021\",\r\n  \"type\": \"Microsoft.Sql/servers\"\r\n}",
      "StatusCode": 200
    },
    {
      "RequestUri": "/subscriptions/91446693-dafa-4cc0-8b12-ec2c6c3f6250/resourceGroups/ps3343/providers/Microsoft.Sql/servers/ps7021?api-version=2019-06-01-preview",
      "EncodedRequestUri": "L3N1YnNjcmlwdGlvbnMvOTE0NDY2OTMtZGFmYS00Y2MwLThiMTItZWMyYzZjM2Y2MjUwL3Jlc291cmNlR3JvdXBzL3BzMzM0My9wcm92aWRlcnMvTWljcm9zb2Z0LlNxbC9zZXJ2ZXJzL3BzNzAyMT9hcGktdmVyc2lvbj0yMDE5LTA2LTAxLXByZXZpZXc=",
      "RequestMethod": "GET",
      "RequestBody": "",
      "RequestHeaders": {
        "x-ms-client-request-id": [
          "d6e09bd9-3960-4d35-98ae-f2fda22f18a5"
        ],
        "Accept-Language": [
          "en-US"
        ],
        "User-Agent": [
          "FxVersion/4.6.29321.03",
          "OSName/Windows",
          "OSVersion/Microsoft.Windows.10.0.17763.",
          "Microsoft.Azure.Management.Sql.SqlManagementClient/1.46.0.0"
        ]
      },
      "ResponseHeaders": {
        "Cache-Control": [
          "no-cache"
        ],
        "Pragma": [
          "no-cache"
        ],
        "x-ms-request-id": [
          "2b1710a2-2b87-4ee6-b830-a73658217aff"
        ],
        "Server": [
          "Microsoft-HTTPAPI/2.0"
        ],
        "x-ms-ratelimit-remaining-subscription-reads": [
          "11957"
        ],
        "x-ms-correlation-request-id": [
          "5d9b5739-4a5d-4d5e-a166-d1a9ae6951a6"
        ],
        "x-ms-routing-request-id": [
          "WESTCENTRALUS:20201117T173838Z:5d9b5739-4a5d-4d5e-a166-d1a9ae6951a6"
        ],
        "Strict-Transport-Security": [
          "max-age=31536000; includeSubDomains"
        ],
        "X-Content-Type-Options": [
          "nosniff"
        ],
        "Date": [
          "Tue, 17 Nov 2020 17:38:37 GMT"
        ],
        "Content-Length": [
          "415"
        ],
        "Content-Type": [
          "application/json; charset=utf-8"
        ],
        "Expires": [
          "-1"
        ]
      },
      "ResponseBody": "{\r\n  \"kind\": \"v12.0\",\r\n  \"properties\": {\r\n    \"administratorLogin\": \"testusername\",\r\n    \"version\": \"12.0\",\r\n    \"state\": \"Ready\",\r\n    \"fullyQualifiedDomainName\": \"ps7021.database.windows.net\",\r\n    \"privateEndpointConnections\": [],\r\n    \"publicNetworkAccess\": \"Enabled\"\r\n  },\r\n  \"location\": \"southeastasia\",\r\n  \"id\": \"/subscriptions/91446693-dafa-4cc0-8b12-ec2c6c3f6250/resourceGroups/ps3343/providers/Microsoft.Sql/servers/ps7021\",\r\n  \"name\": \"ps7021\",\r\n  \"type\": \"Microsoft.Sql/servers\"\r\n}",
      "StatusCode": 200
    },
    {
      "RequestUri": "/subscriptions/91446693-dafa-4cc0-8b12-ec2c6c3f6250/resourceGroups/ps3343/providers/Microsoft.Sql/servers/ps7021?api-version=2019-06-01-preview",
      "EncodedRequestUri": "L3N1YnNjcmlwdGlvbnMvOTE0NDY2OTMtZGFmYS00Y2MwLThiMTItZWMyYzZjM2Y2MjUwL3Jlc291cmNlR3JvdXBzL3BzMzM0My9wcm92aWRlcnMvTWljcm9zb2Z0LlNxbC9zZXJ2ZXJzL3BzNzAyMT9hcGktdmVyc2lvbj0yMDE5LTA2LTAxLXByZXZpZXc=",
      "RequestMethod": "PUT",
      "RequestBody": "{\r\n  \"properties\": {\r\n    \"administratorLogin\": \"testusername\",\r\n    \"administratorLoginPassword\": \"t357ingP@s5w0rd!\"\r\n  },\r\n  \"location\": \"southeastasia\"\r\n}",
      "RequestHeaders": {
        "x-ms-client-request-id": [
          "a0eed25b-0494-405f-9903-215f05a68664"
        ],
        "Accept-Language": [
          "en-US"
        ],
        "User-Agent": [
          "FxVersion/4.6.29321.03",
          "OSName/Windows",
          "OSVersion/Microsoft.Windows.10.0.17763.",
          "Microsoft.Azure.Management.Sql.SqlManagementClient/1.46.0.0"
        ],
        "Content-Type": [
          "application/json; charset=utf-8"
        ],
        "Content-Length": [
          "157"
        ]
      },
      "ResponseHeaders": {
        "Cache-Control": [
          "no-cache"
        ],
        "Pragma": [
          "no-cache"
        ],
        "Location": [
          "https://management.azure.com/subscriptions/91446693-dafa-4cc0-8b12-ec2c6c3f6250/resourceGroups/ps3343/providers/Microsoft.Sql/locations/southeastasia/serverOperationResults/a6af8f54-fba9-4fe4-9545-0d5ec7a8d45d?api-version=2019-06-01-preview"
        ],
        "Retry-After": [
          "1"
        ],
        "Azure-AsyncOperation": [
          "https://management.azure.com/subscriptions/91446693-dafa-4cc0-8b12-ec2c6c3f6250/resourceGroups/ps3343/providers/Microsoft.Sql/locations/southeastasia/serverAzureAsyncOperation/a6af8f54-fba9-4fe4-9545-0d5ec7a8d45d?api-version=2019-06-01-preview"
        ],
        "x-ms-request-id": [
          "a6af8f54-fba9-4fe4-9545-0d5ec7a8d45d"
        ],
        "Server": [
          "Microsoft-HTTPAPI/2.0"
        ],
        "x-ms-ratelimit-remaining-subscription-writes": [
          "1199"
        ],
        "x-ms-correlation-request-id": [
          "27e2a5c7-4a9f-44d8-a23c-45f74f2094ca"
        ],
        "x-ms-routing-request-id": [
          "WESTCENTRALUS:20201117T173309Z:27e2a5c7-4a9f-44d8-a23c-45f74f2094ca"
        ],
        "Strict-Transport-Security": [
          "max-age=31536000; includeSubDomains"
        ],
        "X-Content-Type-Options": [
          "nosniff"
        ],
        "Date": [
          "Tue, 17 Nov 2020 17:33:08 GMT"
        ],
        "Content-Length": [
          "74"
        ],
        "Content-Type": [
          "application/json; charset=utf-8"
        ],
        "Expires": [
          "-1"
        ]
      },
      "ResponseBody": "{\r\n  \"operation\": \"UpsertLogicalServer\",\r\n  \"startTime\": \"2020-11-17T17:33:08.927Z\"\r\n}",
      "StatusCode": 202
    },
    {
      "RequestUri": "/subscriptions/91446693-dafa-4cc0-8b12-ec2c6c3f6250/resourceGroups/ps3343/providers/Microsoft.Sql/locations/southeastasia/serverAzureAsyncOperation/a6af8f54-fba9-4fe4-9545-0d5ec7a8d45d?api-version=2019-06-01-preview",
      "EncodedRequestUri": "L3N1YnNjcmlwdGlvbnMvOTE0NDY2OTMtZGFmYS00Y2MwLThiMTItZWMyYzZjM2Y2MjUwL3Jlc291cmNlR3JvdXBzL3BzMzM0My9wcm92aWRlcnMvTWljcm9zb2Z0LlNxbC9sb2NhdGlvbnMvc291dGhlYXN0YXNpYS9zZXJ2ZXJBenVyZUFzeW5jT3BlcmF0aW9uL2E2YWY4ZjU0LWZiYTktNGZlNC05NTQ1LTBkNWVjN2E4ZDQ1ZD9hcGktdmVyc2lvbj0yMDE5LTA2LTAxLXByZXZpZXc=",
      "RequestMethod": "GET",
      "RequestBody": "",
      "RequestHeaders": {
        "User-Agent": [
          "FxVersion/4.6.29321.03",
          "OSName/Windows",
          "OSVersion/Microsoft.Windows.10.0.17763.",
          "Microsoft.Azure.Management.Sql.SqlManagementClient/1.46.0.0"
        ]
      },
      "ResponseHeaders": {
        "Cache-Control": [
          "no-cache"
        ],
        "Pragma": [
          "no-cache"
        ],
        "Retry-After": [
          "1"
        ],
        "x-ms-request-id": [
          "f0836fbe-5758-4880-bb9d-48caa67f4841"
        ],
        "Server": [
          "Microsoft-HTTPAPI/2.0"
        ],
        "x-ms-ratelimit-remaining-subscription-reads": [
          "11998"
        ],
        "x-ms-correlation-request-id": [
          "ae2cfb9f-6efa-443d-8f3f-bd749cdeafc8"
        ],
        "x-ms-routing-request-id": [
          "WESTCENTRALUS:20201117T173310Z:ae2cfb9f-6efa-443d-8f3f-bd749cdeafc8"
        ],
        "Strict-Transport-Security": [
          "max-age=31536000; includeSubDomains"
        ],
        "X-Content-Type-Options": [
          "nosniff"
        ],
        "Date": [
          "Tue, 17 Nov 2020 17:33:10 GMT"
        ],
        "Content-Length": [
          "108"
        ],
        "Content-Type": [
          "application/json; charset=utf-8"
        ],
        "Expires": [
          "-1"
        ]
      },
      "ResponseBody": "{\r\n  \"name\": \"a6af8f54-fba9-4fe4-9545-0d5ec7a8d45d\",\r\n  \"status\": \"InProgress\",\r\n  \"startTime\": \"2020-11-17T17:33:08.927Z\"\r\n}",
      "StatusCode": 200
    },
    {
      "RequestUri": "/subscriptions/91446693-dafa-4cc0-8b12-ec2c6c3f6250/resourceGroups/ps3343/providers/Microsoft.Sql/locations/southeastasia/serverAzureAsyncOperation/a6af8f54-fba9-4fe4-9545-0d5ec7a8d45d?api-version=2019-06-01-preview",
      "EncodedRequestUri": "L3N1YnNjcmlwdGlvbnMvOTE0NDY2OTMtZGFmYS00Y2MwLThiMTItZWMyYzZjM2Y2MjUwL3Jlc291cmNlR3JvdXBzL3BzMzM0My9wcm92aWRlcnMvTWljcm9zb2Z0LlNxbC9sb2NhdGlvbnMvc291dGhlYXN0YXNpYS9zZXJ2ZXJBenVyZUFzeW5jT3BlcmF0aW9uL2E2YWY4ZjU0LWZiYTktNGZlNC05NTQ1LTBkNWVjN2E4ZDQ1ZD9hcGktdmVyc2lvbj0yMDE5LTA2LTAxLXByZXZpZXc=",
      "RequestMethod": "GET",
      "RequestBody": "",
      "RequestHeaders": {
        "User-Agent": [
          "FxVersion/4.6.29321.03",
          "OSName/Windows",
          "OSVersion/Microsoft.Windows.10.0.17763.",
          "Microsoft.Azure.Management.Sql.SqlManagementClient/1.46.0.0"
        ]
      },
      "ResponseHeaders": {
        "Cache-Control": [
          "no-cache"
        ],
        "Pragma": [
          "no-cache"
        ],
        "Retry-After": [
          "1"
        ],
        "x-ms-request-id": [
          "b39b4c7d-46c8-4aa7-b753-e7f3f14e26c2"
        ],
        "Server": [
          "Microsoft-HTTPAPI/2.0"
        ],
        "x-ms-ratelimit-remaining-subscription-reads": [
          "11997"
        ],
        "x-ms-correlation-request-id": [
          "4fe05dce-bea5-4c57-99d7-ca0790957f1e"
        ],
        "x-ms-routing-request-id": [
          "WESTCENTRALUS:20201117T173312Z:4fe05dce-bea5-4c57-99d7-ca0790957f1e"
        ],
        "Strict-Transport-Security": [
          "max-age=31536000; includeSubDomains"
        ],
        "X-Content-Type-Options": [
          "nosniff"
        ],
        "Date": [
          "Tue, 17 Nov 2020 17:33:11 GMT"
        ],
        "Content-Length": [
          "108"
        ],
        "Content-Type": [
          "application/json; charset=utf-8"
        ],
        "Expires": [
          "-1"
        ]
      },
      "ResponseBody": "{\r\n  \"name\": \"a6af8f54-fba9-4fe4-9545-0d5ec7a8d45d\",\r\n  \"status\": \"InProgress\",\r\n  \"startTime\": \"2020-11-17T17:33:08.927Z\"\r\n}",
      "StatusCode": 200
    },
    {
      "RequestUri": "/subscriptions/91446693-dafa-4cc0-8b12-ec2c6c3f6250/resourceGroups/ps3343/providers/Microsoft.Sql/locations/southeastasia/serverAzureAsyncOperation/a6af8f54-fba9-4fe4-9545-0d5ec7a8d45d?api-version=2019-06-01-preview",
      "EncodedRequestUri": "L3N1YnNjcmlwdGlvbnMvOTE0NDY2OTMtZGFmYS00Y2MwLThiMTItZWMyYzZjM2Y2MjUwL3Jlc291cmNlR3JvdXBzL3BzMzM0My9wcm92aWRlcnMvTWljcm9zb2Z0LlNxbC9sb2NhdGlvbnMvc291dGhlYXN0YXNpYS9zZXJ2ZXJBenVyZUFzeW5jT3BlcmF0aW9uL2E2YWY4ZjU0LWZiYTktNGZlNC05NTQ1LTBkNWVjN2E4ZDQ1ZD9hcGktdmVyc2lvbj0yMDE5LTA2LTAxLXByZXZpZXc=",
      "RequestMethod": "GET",
      "RequestBody": "",
      "RequestHeaders": {
        "User-Agent": [
          "FxVersion/4.6.29321.03",
          "OSName/Windows",
          "OSVersion/Microsoft.Windows.10.0.17763.",
          "Microsoft.Azure.Management.Sql.SqlManagementClient/1.46.0.0"
        ]
      },
      "ResponseHeaders": {
        "Cache-Control": [
          "no-cache"
        ],
        "Pragma": [
          "no-cache"
        ],
        "Retry-After": [
          "1"
        ],
        "x-ms-request-id": [
          "2adf5f6b-6d5b-454b-9e4d-0150f74a5620"
        ],
        "Server": [
          "Microsoft-HTTPAPI/2.0"
        ],
        "x-ms-ratelimit-remaining-subscription-reads": [
          "11996"
        ],
        "x-ms-correlation-request-id": [
          "a33a580d-406c-4a2a-8243-7a0f6421288d"
        ],
        "x-ms-routing-request-id": [
          "WESTCENTRALUS:20201117T173313Z:a33a580d-406c-4a2a-8243-7a0f6421288d"
        ],
        "Strict-Transport-Security": [
          "max-age=31536000; includeSubDomains"
        ],
        "X-Content-Type-Options": [
          "nosniff"
        ],
        "Date": [
          "Tue, 17 Nov 2020 17:33:13 GMT"
        ],
        "Content-Length": [
          "108"
        ],
        "Content-Type": [
          "application/json; charset=utf-8"
        ],
        "Expires": [
          "-1"
        ]
      },
      "ResponseBody": "{\r\n  \"name\": \"a6af8f54-fba9-4fe4-9545-0d5ec7a8d45d\",\r\n  \"status\": \"InProgress\",\r\n  \"startTime\": \"2020-11-17T17:33:08.927Z\"\r\n}",
      "StatusCode": 200
    },
    {
      "RequestUri": "/subscriptions/91446693-dafa-4cc0-8b12-ec2c6c3f6250/resourceGroups/ps3343/providers/Microsoft.Sql/locations/southeastasia/serverAzureAsyncOperation/a6af8f54-fba9-4fe4-9545-0d5ec7a8d45d?api-version=2019-06-01-preview",
      "EncodedRequestUri": "L3N1YnNjcmlwdGlvbnMvOTE0NDY2OTMtZGFmYS00Y2MwLThiMTItZWMyYzZjM2Y2MjUwL3Jlc291cmNlR3JvdXBzL3BzMzM0My9wcm92aWRlcnMvTWljcm9zb2Z0LlNxbC9sb2NhdGlvbnMvc291dGhlYXN0YXNpYS9zZXJ2ZXJBenVyZUFzeW5jT3BlcmF0aW9uL2E2YWY4ZjU0LWZiYTktNGZlNC05NTQ1LTBkNWVjN2E4ZDQ1ZD9hcGktdmVyc2lvbj0yMDE5LTA2LTAxLXByZXZpZXc=",
      "RequestMethod": "GET",
      "RequestBody": "",
      "RequestHeaders": {
        "User-Agent": [
          "FxVersion/4.6.29321.03",
          "OSName/Windows",
          "OSVersion/Microsoft.Windows.10.0.17763.",
          "Microsoft.Azure.Management.Sql.SqlManagementClient/1.46.0.0"
        ]
      },
      "ResponseHeaders": {
        "Cache-Control": [
          "no-cache"
        ],
        "Pragma": [
          "no-cache"
        ],
        "Retry-After": [
          "20"
        ],
        "x-ms-request-id": [
          "d1ca1fb1-21d2-4e96-91b8-b20d0a550527"
        ],
        "Server": [
          "Microsoft-HTTPAPI/2.0"
        ],
        "x-ms-ratelimit-remaining-subscription-reads": [
          "11995"
        ],
        "x-ms-correlation-request-id": [
          "b8099723-4301-4826-ad12-2c8fb617dcf1"
        ],
        "x-ms-routing-request-id": [
          "WESTCENTRALUS:20201117T173314Z:b8099723-4301-4826-ad12-2c8fb617dcf1"
        ],
        "Strict-Transport-Security": [
          "max-age=31536000; includeSubDomains"
        ],
        "X-Content-Type-Options": [
          "nosniff"
        ],
        "Date": [
          "Tue, 17 Nov 2020 17:33:14 GMT"
        ],
        "Content-Length": [
          "108"
        ],
        "Content-Type": [
          "application/json; charset=utf-8"
        ],
        "Expires": [
          "-1"
        ]
      },
      "ResponseBody": "{\r\n  \"name\": \"a6af8f54-fba9-4fe4-9545-0d5ec7a8d45d\",\r\n  \"status\": \"InProgress\",\r\n  \"startTime\": \"2020-11-17T17:33:08.927Z\"\r\n}",
      "StatusCode": 200
    },
    {
      "RequestUri": "/subscriptions/91446693-dafa-4cc0-8b12-ec2c6c3f6250/resourceGroups/ps3343/providers/Microsoft.Sql/locations/southeastasia/serverAzureAsyncOperation/a6af8f54-fba9-4fe4-9545-0d5ec7a8d45d?api-version=2019-06-01-preview",
      "EncodedRequestUri": "L3N1YnNjcmlwdGlvbnMvOTE0NDY2OTMtZGFmYS00Y2MwLThiMTItZWMyYzZjM2Y2MjUwL3Jlc291cmNlR3JvdXBzL3BzMzM0My9wcm92aWRlcnMvTWljcm9zb2Z0LlNxbC9sb2NhdGlvbnMvc291dGhlYXN0YXNpYS9zZXJ2ZXJBenVyZUFzeW5jT3BlcmF0aW9uL2E2YWY4ZjU0LWZiYTktNGZlNC05NTQ1LTBkNWVjN2E4ZDQ1ZD9hcGktdmVyc2lvbj0yMDE5LTA2LTAxLXByZXZpZXc=",
      "RequestMethod": "GET",
      "RequestBody": "",
      "RequestHeaders": {
        "User-Agent": [
          "FxVersion/4.6.29321.03",
          "OSName/Windows",
          "OSVersion/Microsoft.Windows.10.0.17763.",
          "Microsoft.Azure.Management.Sql.SqlManagementClient/1.46.0.0"
        ]
      },
      "ResponseHeaders": {
        "Cache-Control": [
          "no-cache"
        ],
        "Pragma": [
          "no-cache"
        ],
        "Retry-After": [
          "20"
        ],
        "x-ms-request-id": [
          "db743637-5fcc-4f0b-872c-a48c53c4f69b"
        ],
        "Server": [
          "Microsoft-HTTPAPI/2.0"
        ],
        "x-ms-ratelimit-remaining-subscription-reads": [
          "11994"
        ],
        "x-ms-correlation-request-id": [
          "378cb823-4a8b-475e-87e4-c09e28e5d7bd"
        ],
        "x-ms-routing-request-id": [
          "WESTCENTRALUS:20201117T173335Z:378cb823-4a8b-475e-87e4-c09e28e5d7bd"
        ],
        "Strict-Transport-Security": [
          "max-age=31536000; includeSubDomains"
        ],
        "X-Content-Type-Options": [
          "nosniff"
        ],
        "Date": [
          "Tue, 17 Nov 2020 17:33:34 GMT"
        ],
        "Content-Length": [
          "108"
        ],
        "Content-Type": [
          "application/json; charset=utf-8"
        ],
        "Expires": [
          "-1"
        ]
      },
      "ResponseBody": "{\r\n  \"name\": \"a6af8f54-fba9-4fe4-9545-0d5ec7a8d45d\",\r\n  \"status\": \"InProgress\",\r\n  \"startTime\": \"2020-11-17T17:33:08.927Z\"\r\n}",
      "StatusCode": 200
    },
    {
      "RequestUri": "/subscriptions/91446693-dafa-4cc0-8b12-ec2c6c3f6250/resourceGroups/ps3343/providers/Microsoft.Sql/locations/southeastasia/serverAzureAsyncOperation/a6af8f54-fba9-4fe4-9545-0d5ec7a8d45d?api-version=2019-06-01-preview",
      "EncodedRequestUri": "L3N1YnNjcmlwdGlvbnMvOTE0NDY2OTMtZGFmYS00Y2MwLThiMTItZWMyYzZjM2Y2MjUwL3Jlc291cmNlR3JvdXBzL3BzMzM0My9wcm92aWRlcnMvTWljcm9zb2Z0LlNxbC9sb2NhdGlvbnMvc291dGhlYXN0YXNpYS9zZXJ2ZXJBenVyZUFzeW5jT3BlcmF0aW9uL2E2YWY4ZjU0LWZiYTktNGZlNC05NTQ1LTBkNWVjN2E4ZDQ1ZD9hcGktdmVyc2lvbj0yMDE5LTA2LTAxLXByZXZpZXc=",
      "RequestMethod": "GET",
      "RequestBody": "",
      "RequestHeaders": {
        "User-Agent": [
          "FxVersion/4.6.29321.03",
          "OSName/Windows",
          "OSVersion/Microsoft.Windows.10.0.17763.",
          "Microsoft.Azure.Management.Sql.SqlManagementClient/1.46.0.0"
        ]
      },
      "ResponseHeaders": {
        "Cache-Control": [
          "no-cache"
        ],
        "Pragma": [
          "no-cache"
        ],
        "Retry-After": [
          "15"
        ],
        "x-ms-request-id": [
          "4fedc1ee-26a1-43c6-a118-dda799e97552"
        ],
        "Server": [
          "Microsoft-HTTPAPI/2.0"
        ],
        "x-ms-ratelimit-remaining-subscription-reads": [
          "11993"
        ],
        "x-ms-correlation-request-id": [
          "b4f1a4b8-8cf6-441c-a0f1-eca58a22a90f"
        ],
        "x-ms-routing-request-id": [
          "WESTCENTRALUS:20201117T173355Z:b4f1a4b8-8cf6-441c-a0f1-eca58a22a90f"
        ],
        "Strict-Transport-Security": [
          "max-age=31536000; includeSubDomains"
        ],
        "X-Content-Type-Options": [
          "nosniff"
        ],
        "Date": [
          "Tue, 17 Nov 2020 17:33:54 GMT"
        ],
        "Content-Length": [
          "107"
        ],
        "Content-Type": [
          "application/json; charset=utf-8"
        ],
        "Expires": [
          "-1"
        ]
      },
      "ResponseBody": "{\r\n  \"name\": \"a6af8f54-fba9-4fe4-9545-0d5ec7a8d45d\",\r\n  \"status\": \"Succeeded\",\r\n  \"startTime\": \"2020-11-17T17:33:08.927Z\"\r\n}",
      "StatusCode": 200
    },
    {
      "RequestUri": "/subscriptions/91446693-dafa-4cc0-8b12-ec2c6c3f6250/resourceGroups/ps3343/providers/Microsoft.Sql/servers/ps7021/databases/ps2914?api-version=2020-08-01-preview",
      "EncodedRequestUri": "L3N1YnNjcmlwdGlvbnMvOTE0NDY2OTMtZGFmYS00Y2MwLThiMTItZWMyYzZjM2Y2MjUwL3Jlc291cmNlR3JvdXBzL3BzMzM0My9wcm92aWRlcnMvTWljcm9zb2Z0LlNxbC9zZXJ2ZXJzL3BzNzAyMS9kYXRhYmFzZXMvcHMyOTE0P2FwaS12ZXJzaW9uPTIwMjAtMDgtMDEtcHJldmlldw==",
      "RequestMethod": "GET",
      "RequestBody": "",
      "RequestHeaders": {
        "x-ms-client-request-id": [
          "2449382c-0e29-4ff2-ba6b-321a4e27ce94"
        ],
        "Accept-Language": [
          "en-US"
        ],
        "User-Agent": [
          "FxVersion/4.6.29321.03",
          "OSName/Windows",
          "OSVersion/Microsoft.Windows.10.0.17763.",
          "Microsoft.Azure.Management.Sql.SqlManagementClient/1.46.0.0"
        ]
      },
      "ResponseHeaders": {
        "Cache-Control": [
          "no-cache"
        ],
        "Pragma": [
          "no-cache"
        ],
        "x-ms-failure-cause": [
          "gateway"
        ],
        "x-ms-request-id": [
          "4ef67fb3-aebd-4bfc-bb46-9f29a3af6eff"
        ],
        "x-ms-correlation-request-id": [
          "4ef67fb3-aebd-4bfc-bb46-9f29a3af6eff"
        ],
        "x-ms-routing-request-id": [
          "WESTCENTRALUS:20201117T173356Z:4ef67fb3-aebd-4bfc-bb46-9f29a3af6eff"
        ],
        "Strict-Transport-Security": [
          "max-age=31536000; includeSubDomains"
        ],
        "X-Content-Type-Options": [
          "nosniff"
        ],
        "Date": [
          "Tue, 17 Nov 2020 17:33:55 GMT"
        ],
        "Content-Type": [
          "application/json; charset=utf-8"
        ],
        "Expires": [
          "-1"
        ],
        "Content-Length": [
          "223"
        ]
      },
      "ResponseBody": "{\r\n  \"error\": {\r\n    \"code\": \"ResourceNotFound\",\r\n    \"message\": \"The Resource 'Microsoft.Sql/servers/ps7021/databases/ps2914' under resource group 'ps3343' was not found. For more details please go to https://aka.ms/ARMResourceNotFoundFix\"\r\n  }\r\n}",
      "StatusCode": 404
    },
    {
      "RequestUri": "/subscriptions/91446693-dafa-4cc0-8b12-ec2c6c3f6250/resourceGroups/ps3343/providers/Microsoft.Sql/servers/ps7021/databases/ps2914?api-version=2020-08-01-preview",
      "EncodedRequestUri": "L3N1YnNjcmlwdGlvbnMvOTE0NDY2OTMtZGFmYS00Y2MwLThiMTItZWMyYzZjM2Y2MjUwL3Jlc291cmNlR3JvdXBzL3BzMzM0My9wcm92aWRlcnMvTWljcm9zb2Z0LlNxbC9zZXJ2ZXJzL3BzNzAyMS9kYXRhYmFzZXMvcHMyOTE0P2FwaS12ZXJzaW9uPTIwMjAtMDgtMDEtcHJldmlldw==",
      "RequestMethod": "GET",
      "RequestBody": "",
      "RequestHeaders": {
        "User-Agent": [
          "FxVersion/4.6.29321.03",
          "OSName/Windows",
          "OSVersion/Microsoft.Windows.10.0.17763.",
          "Microsoft.Azure.Management.Sql.SqlManagementClient/1.46.0.0"
        ]
      },
      "ResponseHeaders": {
        "Cache-Control": [
          "no-cache"
        ],
        "Pragma": [
          "no-cache"
        ],
        "x-ms-request-id": [
          "07fd7c29-1efd-4ae5-bea7-9244e106b257"
        ],
        "Server": [
          "Microsoft-HTTPAPI/2.0"
        ],
        "x-ms-ratelimit-remaining-subscription-reads": [
          "11984"
        ],
        "x-ms-correlation-request-id": [
          "1ec53c55-63c9-4609-8421-d828f6ea765c"
        ],
        "x-ms-routing-request-id": [
          "WESTCENTRALUS:20201117T173458Z:1ec53c55-63c9-4609-8421-d828f6ea765c"
        ],
        "Strict-Transport-Security": [
          "max-age=31536000; includeSubDomains"
        ],
        "X-Content-Type-Options": [
          "nosniff"
        ],
        "Date": [
          "Tue, 17 Nov 2020 17:34:57 GMT"
        ],
        "Content-Length": [
          "842"
        ],
        "Content-Type": [
          "application/json; charset=utf-8"
        ],
        "Expires": [
          "-1"
        ]
      },
      "ResponseBody": "{\r\n  \"sku\": {\r\n    \"name\": \"Standard\",\r\n    \"tier\": \"Standard\",\r\n    \"capacity\": 10\r\n  },\r\n  \"kind\": \"v12.0,user\",\r\n  \"properties\": {\r\n    \"collation\": \"SQL_Latin1_General_CP1_CI_AS\",\r\n    \"maxSizeBytes\": 268435456000,\r\n    \"status\": \"Online\",\r\n    \"databaseId\": \"e6d6fe0a-0fbc-450c-ae8e-80f8f9cf5c04\",\r\n    \"creationDate\": \"2020-11-17T17:34:42.57Z\",\r\n    \"currentServiceObjectiveName\": \"S0\",\r\n    \"requestedServiceObjectiveName\": \"S0\",\r\n    \"defaultSecondaryLocation\": \"eastasia\",\r\n    \"catalogCollation\": \"SQL_Latin1_General_CP1_CI_AS\",\r\n    \"zoneRedundant\": false,\r\n    \"earliestRestoreDate\": \"2020-11-17T18:04:42.57Z\",\r\n    \"readScale\": \"Disabled\",\r\n    \"currentSku\": {\r\n      \"name\": \"Standard\",\r\n      \"tier\": \"Standard\",\r\n      \"capacity\": 10\r\n    },\r\n    \"storageAccountType\": \"GRS\"\r\n  },\r\n  \"location\": \"southeastasia\",\r\n  \"id\": \"/subscriptions/91446693-dafa-4cc0-8b12-ec2c6c3f6250/resourceGroups/ps3343/providers/Microsoft.Sql/servers/ps7021/databases/ps2914\",\r\n  \"name\": \"ps2914\",\r\n  \"type\": \"Microsoft.Sql/servers/databases\"\r\n}",
      "StatusCode": 200
    },
    {
      "RequestUri": "/subscriptions/91446693-dafa-4cc0-8b12-ec2c6c3f6250/resourceGroups/ps3343/providers/Microsoft.Sql/servers/ps7021/databases/ps2914?api-version=2020-08-01-preview",
      "EncodedRequestUri": "L3N1YnNjcmlwdGlvbnMvOTE0NDY2OTMtZGFmYS00Y2MwLThiMTItZWMyYzZjM2Y2MjUwL3Jlc291cmNlR3JvdXBzL3BzMzM0My9wcm92aWRlcnMvTWljcm9zb2Z0LlNxbC9zZXJ2ZXJzL3BzNzAyMS9kYXRhYmFzZXMvcHMyOTE0P2FwaS12ZXJzaW9uPTIwMjAtMDgtMDEtcHJldmlldw==",
      "RequestMethod": "GET",
      "RequestBody": "",
      "RequestHeaders": {
        "x-ms-client-request-id": [
          "a1bb49c3-7d8b-456f-9d65-f0abc3eae2f7"
        ],
        "Accept-Language": [
          "en-US"
        ],
        "User-Agent": [
          "FxVersion/4.6.29321.03",
          "OSName/Windows",
          "OSVersion/Microsoft.Windows.10.0.17763.",
          "Microsoft.Azure.Management.Sql.SqlManagementClient/1.46.0.0"
        ]
      },
      "ResponseHeaders": {
        "Cache-Control": [
          "no-cache"
        ],
        "Pragma": [
          "no-cache"
        ],
        "x-ms-request-id": [
          "fef84a50-fae9-4582-8754-ed28d75c7ad3"
        ],
        "Server": [
          "Microsoft-HTTPAPI/2.0"
        ],
        "x-ms-ratelimit-remaining-subscription-reads": [
          "11982"
        ],
        "x-ms-correlation-request-id": [
          "9263c31a-225a-4427-b742-bc5a5037166f"
        ],
        "x-ms-routing-request-id": [
          "WESTCENTRALUS:20201117T173458Z:9263c31a-225a-4427-b742-bc5a5037166f"
        ],
        "Strict-Transport-Security": [
          "max-age=31536000; includeSubDomains"
        ],
        "X-Content-Type-Options": [
          "nosniff"
        ],
        "Date": [
          "Tue, 17 Nov 2020 17:34:58 GMT"
        ],
        "Content-Length": [
          "842"
        ],
        "Content-Type": [
          "application/json; charset=utf-8"
        ],
        "Expires": [
          "-1"
        ]
      },
      "ResponseBody": "{\r\n  \"sku\": {\r\n    \"name\": \"Standard\",\r\n    \"tier\": \"Standard\",\r\n    \"capacity\": 10\r\n  },\r\n  \"kind\": \"v12.0,user\",\r\n  \"properties\": {\r\n    \"collation\": \"SQL_Latin1_General_CP1_CI_AS\",\r\n    \"maxSizeBytes\": 268435456000,\r\n    \"status\": \"Online\",\r\n    \"databaseId\": \"e6d6fe0a-0fbc-450c-ae8e-80f8f9cf5c04\",\r\n    \"creationDate\": \"2020-11-17T17:34:42.57Z\",\r\n    \"currentServiceObjectiveName\": \"S0\",\r\n    \"requestedServiceObjectiveName\": \"S0\",\r\n    \"defaultSecondaryLocation\": \"eastasia\",\r\n    \"catalogCollation\": \"SQL_Latin1_General_CP1_CI_AS\",\r\n    \"zoneRedundant\": false,\r\n    \"earliestRestoreDate\": \"2020-11-17T18:04:42.57Z\",\r\n    \"readScale\": \"Disabled\",\r\n    \"currentSku\": {\r\n      \"name\": \"Standard\",\r\n      \"tier\": \"Standard\",\r\n      \"capacity\": 10\r\n    },\r\n    \"storageAccountType\": \"GRS\"\r\n  },\r\n  \"location\": \"southeastasia\",\r\n  \"id\": \"/subscriptions/91446693-dafa-4cc0-8b12-ec2c6c3f6250/resourceGroups/ps3343/providers/Microsoft.Sql/servers/ps7021/databases/ps2914\",\r\n  \"name\": \"ps2914\",\r\n  \"type\": \"Microsoft.Sql/servers/databases\"\r\n}",
      "StatusCode": 200
    },
    {
      "RequestUri": "/subscriptions/91446693-dafa-4cc0-8b12-ec2c6c3f6250/resourceGroups/ps3343/providers/Microsoft.Sql/servers/ps7021/databases/ps2914?api-version=2020-08-01-preview",
      "EncodedRequestUri": "L3N1YnNjcmlwdGlvbnMvOTE0NDY2OTMtZGFmYS00Y2MwLThiMTItZWMyYzZjM2Y2MjUwL3Jlc291cmNlR3JvdXBzL3BzMzM0My9wcm92aWRlcnMvTWljcm9zb2Z0LlNxbC9zZXJ2ZXJzL3BzNzAyMS9kYXRhYmFzZXMvcHMyOTE0P2FwaS12ZXJzaW9uPTIwMjAtMDgtMDEtcHJldmlldw==",
      "RequestMethod": "GET",
      "RequestBody": "",
      "RequestHeaders": {
        "x-ms-client-request-id": [
          "46b68f9f-7167-4536-a5cd-8f928e94a7f3"
        ],
        "Accept-Language": [
          "en-US"
        ],
        "User-Agent": [
          "FxVersion/4.6.29321.03",
          "OSName/Windows",
          "OSVersion/Microsoft.Windows.10.0.17763.",
          "Microsoft.Azure.Management.Sql.SqlManagementClient/1.46.0.0"
        ]
      },
      "ResponseHeaders": {
        "Cache-Control": [
          "no-cache"
        ],
        "Pragma": [
          "no-cache"
        ],
        "x-ms-request-id": [
          "b4d5ae8d-8aa2-4e85-8fed-84af9ed52809"
        ],
        "Server": [
          "Microsoft-HTTPAPI/2.0"
        ],
        "x-ms-ratelimit-remaining-subscription-reads": [
          "11981"
        ],
        "x-ms-correlation-request-id": [
          "82ba2ea6-c2c1-4194-9b6e-408c83b68c0f"
        ],
        "x-ms-routing-request-id": [
          "WESTCENTRALUS:20201117T173459Z:82ba2ea6-c2c1-4194-9b6e-408c83b68c0f"
        ],
        "Strict-Transport-Security": [
          "max-age=31536000; includeSubDomains"
        ],
        "X-Content-Type-Options": [
          "nosniff"
        ],
        "Date": [
          "Tue, 17 Nov 2020 17:34:58 GMT"
        ],
        "Content-Length": [
          "842"
        ],
        "Content-Type": [
          "application/json; charset=utf-8"
        ],
        "Expires": [
          "-1"
        ]
      },
      "ResponseBody": "{\r\n  \"sku\": {\r\n    \"name\": \"Standard\",\r\n    \"tier\": \"Standard\",\r\n    \"capacity\": 10\r\n  },\r\n  \"kind\": \"v12.0,user\",\r\n  \"properties\": {\r\n    \"collation\": \"SQL_Latin1_General_CP1_CI_AS\",\r\n    \"maxSizeBytes\": 268435456000,\r\n    \"status\": \"Online\",\r\n    \"databaseId\": \"e6d6fe0a-0fbc-450c-ae8e-80f8f9cf5c04\",\r\n    \"creationDate\": \"2020-11-17T17:34:42.57Z\",\r\n    \"currentServiceObjectiveName\": \"S0\",\r\n    \"requestedServiceObjectiveName\": \"S0\",\r\n    \"defaultSecondaryLocation\": \"eastasia\",\r\n    \"catalogCollation\": \"SQL_Latin1_General_CP1_CI_AS\",\r\n    \"zoneRedundant\": false,\r\n    \"earliestRestoreDate\": \"2020-11-17T18:04:42.57Z\",\r\n    \"readScale\": \"Disabled\",\r\n    \"currentSku\": {\r\n      \"name\": \"Standard\",\r\n      \"tier\": \"Standard\",\r\n      \"capacity\": 10\r\n    },\r\n    \"storageAccountType\": \"GRS\"\r\n  },\r\n  \"location\": \"southeastasia\",\r\n  \"id\": \"/subscriptions/91446693-dafa-4cc0-8b12-ec2c6c3f6250/resourceGroups/ps3343/providers/Microsoft.Sql/servers/ps7021/databases/ps2914\",\r\n  \"name\": \"ps2914\",\r\n  \"type\": \"Microsoft.Sql/servers/databases\"\r\n}",
      "StatusCode": 200
    },
    {
      "RequestUri": "/subscriptions/91446693-dafa-4cc0-8b12-ec2c6c3f6250/resourceGroups/ps3343/providers/Microsoft.Sql/servers/ps7021/databases/ps2914?api-version=2020-08-01-preview",
      "EncodedRequestUri": "L3N1YnNjcmlwdGlvbnMvOTE0NDY2OTMtZGFmYS00Y2MwLThiMTItZWMyYzZjM2Y2MjUwL3Jlc291cmNlR3JvdXBzL3BzMzM0My9wcm92aWRlcnMvTWljcm9zb2Z0LlNxbC9zZXJ2ZXJzL3BzNzAyMS9kYXRhYmFzZXMvcHMyOTE0P2FwaS12ZXJzaW9uPTIwMjAtMDgtMDEtcHJldmlldw==",
      "RequestMethod": "GET",
      "RequestBody": "",
      "RequestHeaders": {
        "User-Agent": [
          "FxVersion/4.6.29321.03",
          "OSName/Windows",
          "OSVersion/Microsoft.Windows.10.0.17763.",
          "Microsoft.Azure.Management.Sql.SqlManagementClient/1.46.0.0"
        ]
      },
      "ResponseHeaders": {
        "Cache-Control": [
          "no-cache"
        ],
        "Pragma": [
          "no-cache"
        ],
        "x-ms-request-id": [
          "491ff415-a16a-4d69-8176-8f4892b16fb1"
        ],
        "Server": [
          "Microsoft-HTTPAPI/2.0"
        ],
        "x-ms-ratelimit-remaining-subscription-reads": [
          "11977"
        ],
        "x-ms-correlation-request-id": [
          "76ff3ebe-6a04-4ad9-bb42-ab886e023377"
        ],
        "x-ms-routing-request-id": [
          "WESTCENTRALUS:20201117T173545Z:76ff3ebe-6a04-4ad9-bb42-ab886e023377"
        ],
        "Strict-Transport-Security": [
          "max-age=31536000; includeSubDomains"
        ],
        "X-Content-Type-Options": [
          "nosniff"
        ],
        "Date": [
          "Tue, 17 Nov 2020 17:35:45 GMT"
        ],
        "Content-Length": [
          "867"
        ],
        "Content-Type": [
          "application/json; charset=utf-8"
        ],
        "Expires": [
          "-1"
        ]
      },
      "ResponseBody": "{\r\n  \"sku\": {\r\n    \"name\": \"Basic\",\r\n    \"tier\": \"Basic\",\r\n    \"capacity\": 5\r\n  },\r\n  \"kind\": \"v12.0,user\",\r\n  \"properties\": {\r\n    \"collation\": \"SQL_Latin1_General_CP1_CI_AS\",\r\n    \"maxSizeBytes\": 1073741824,\r\n    \"status\": \"Online\",\r\n    \"databaseId\": \"e6d6fe0a-0fbc-450c-ae8e-80f8f9cf5c04\",\r\n    \"creationDate\": \"2020-11-17T17:34:42.57Z\",\r\n    \"currentServiceObjectiveName\": \"Basic\",\r\n    \"requestedServiceObjectiveName\": \"Basic\",\r\n    \"defaultSecondaryLocation\": \"eastasia\",\r\n    \"catalogCollation\": \"SQL_Latin1_General_CP1_CI_AS\",\r\n    \"zoneRedundant\": false,\r\n    \"earliestRestoreDate\": \"2020-11-17T18:04:42.57Z\",\r\n    \"readScale\": \"Disabled\",\r\n    \"currentSku\": {\r\n      \"name\": \"Basic\",\r\n      \"tier\": \"Basic\",\r\n      \"capacity\": 5\r\n    },\r\n    \"storageAccountType\": \"GRS\"\r\n  },\r\n  \"location\": \"southeastasia\",\r\n  \"tags\": {\r\n    \"tag_key\": \"tag_new_value\"\r\n  },\r\n  \"id\": \"/subscriptions/91446693-dafa-4cc0-8b12-ec2c6c3f6250/resourceGroups/ps3343/providers/Microsoft.Sql/servers/ps7021/databases/ps2914\",\r\n  \"name\": \"ps2914\",\r\n  \"type\": \"Microsoft.Sql/servers/databases\"\r\n}",
      "StatusCode": 200
    },
    {
      "RequestUri": "/subscriptions/91446693-dafa-4cc0-8b12-ec2c6c3f6250/resourceGroups/ps3343/providers/Microsoft.Sql/servers/ps7021/databases/ps2914?api-version=2020-08-01-preview",
      "EncodedRequestUri": "L3N1YnNjcmlwdGlvbnMvOTE0NDY2OTMtZGFmYS00Y2MwLThiMTItZWMyYzZjM2Y2MjUwL3Jlc291cmNlR3JvdXBzL3BzMzM0My9wcm92aWRlcnMvTWljcm9zb2Z0LlNxbC9zZXJ2ZXJzL3BzNzAyMS9kYXRhYmFzZXMvcHMyOTE0P2FwaS12ZXJzaW9uPTIwMjAtMDgtMDEtcHJldmlldw==",
      "RequestMethod": "GET",
      "RequestBody": "",
      "RequestHeaders": {
        "x-ms-client-request-id": [
          "0f2bd0e6-feb0-4dc7-9954-9ff1bf687862"
        ],
        "Accept-Language": [
          "en-US"
        ],
        "User-Agent": [
          "FxVersion/4.6.29321.03",
          "OSName/Windows",
          "OSVersion/Microsoft.Windows.10.0.17763.",
          "Microsoft.Azure.Management.Sql.SqlManagementClient/1.46.0.0"
        ]
      },
      "ResponseHeaders": {
        "Cache-Control": [
          "no-cache"
        ],
        "Pragma": [
          "no-cache"
        ],
        "x-ms-request-id": [
          "42696e6f-7aca-4e86-8c2f-5867400ef051"
        ],
        "Server": [
          "Microsoft-HTTPAPI/2.0"
        ],
        "x-ms-ratelimit-remaining-subscription-reads": [
          "11975"
        ],
        "x-ms-correlation-request-id": [
          "d44d8eac-8031-48f3-8a9d-da100aa2b2bc"
        ],
        "x-ms-routing-request-id": [
          "WESTCENTRALUS:20201117T173546Z:d44d8eac-8031-48f3-8a9d-da100aa2b2bc"
        ],
        "Strict-Transport-Security": [
          "max-age=31536000; includeSubDomains"
        ],
        "X-Content-Type-Options": [
          "nosniff"
        ],
        "Date": [
          "Tue, 17 Nov 2020 17:35:46 GMT"
        ],
        "Content-Length": [
          "867"
        ],
        "Content-Type": [
          "application/json; charset=utf-8"
        ],
        "Expires": [
          "-1"
        ]
      },
      "ResponseBody": "{\r\n  \"sku\": {\r\n    \"name\": \"Basic\",\r\n    \"tier\": \"Basic\",\r\n    \"capacity\": 5\r\n  },\r\n  \"kind\": \"v12.0,user\",\r\n  \"properties\": {\r\n    \"collation\": \"SQL_Latin1_General_CP1_CI_AS\",\r\n    \"maxSizeBytes\": 1073741824,\r\n    \"status\": \"Online\",\r\n    \"databaseId\": \"e6d6fe0a-0fbc-450c-ae8e-80f8f9cf5c04\",\r\n    \"creationDate\": \"2020-11-17T17:34:42.57Z\",\r\n    \"currentServiceObjectiveName\": \"Basic\",\r\n    \"requestedServiceObjectiveName\": \"Basic\",\r\n    \"defaultSecondaryLocation\": \"eastasia\",\r\n    \"catalogCollation\": \"SQL_Latin1_General_CP1_CI_AS\",\r\n    \"zoneRedundant\": false,\r\n    \"earliestRestoreDate\": \"2020-11-17T18:04:42.57Z\",\r\n    \"readScale\": \"Disabled\",\r\n    \"currentSku\": {\r\n      \"name\": \"Basic\",\r\n      \"tier\": \"Basic\",\r\n      \"capacity\": 5\r\n    },\r\n    \"storageAccountType\": \"GRS\"\r\n  },\r\n  \"location\": \"southeastasia\",\r\n  \"tags\": {\r\n    \"tag_key\": \"tag_new_value\"\r\n  },\r\n  \"id\": \"/subscriptions/91446693-dafa-4cc0-8b12-ec2c6c3f6250/resourceGroups/ps3343/providers/Microsoft.Sql/servers/ps7021/databases/ps2914\",\r\n  \"name\": \"ps2914\",\r\n  \"type\": \"Microsoft.Sql/servers/databases\"\r\n}",
      "StatusCode": 200
    },
    {
      "RequestUri": "/subscriptions/91446693-dafa-4cc0-8b12-ec2c6c3f6250/resourceGroups/ps3343/providers/Microsoft.Sql/servers/ps7021/databases/ps2914?api-version=2020-08-01-preview",
      "EncodedRequestUri": "L3N1YnNjcmlwdGlvbnMvOTE0NDY2OTMtZGFmYS00Y2MwLThiMTItZWMyYzZjM2Y2MjUwL3Jlc291cmNlR3JvdXBzL3BzMzM0My9wcm92aWRlcnMvTWljcm9zb2Z0LlNxbC9zZXJ2ZXJzL3BzNzAyMS9kYXRhYmFzZXMvcHMyOTE0P2FwaS12ZXJzaW9uPTIwMjAtMDgtMDEtcHJldmlldw==",
      "RequestMethod": "GET",
      "RequestBody": "",
      "RequestHeaders": {
        "x-ms-client-request-id": [
          "8cf46f70-1349-4f68-a7a0-7e808ff847ec"
        ],
        "Accept-Language": [
          "en-US"
        ],
        "User-Agent": [
          "FxVersion/4.6.29321.03",
          "OSName/Windows",
          "OSVersion/Microsoft.Windows.10.0.17763.",
          "Microsoft.Azure.Management.Sql.SqlManagementClient/1.46.0.0"
        ]
      },
      "ResponseHeaders": {
        "Cache-Control": [
          "no-cache"
        ],
        "Pragma": [
          "no-cache"
        ],
        "x-ms-request-id": [
          "7e2bc13f-aeee-4a89-845a-8ba6c121ce2e"
        ],
        "Server": [
          "Microsoft-HTTPAPI/2.0"
        ],
        "x-ms-ratelimit-remaining-subscription-reads": [
          "11974"
        ],
        "x-ms-correlation-request-id": [
          "bd715344-57a1-4aa8-b411-8c6b73db3914"
        ],
        "x-ms-routing-request-id": [
          "WESTCENTRALUS:20201117T173546Z:bd715344-57a1-4aa8-b411-8c6b73db3914"
        ],
        "Strict-Transport-Security": [
          "max-age=31536000; includeSubDomains"
        ],
        "X-Content-Type-Options": [
          "nosniff"
        ],
        "Date": [
          "Tue, 17 Nov 2020 17:35:46 GMT"
        ],
        "Content-Length": [
          "867"
        ],
        "Content-Type": [
          "application/json; charset=utf-8"
        ],
        "Expires": [
          "-1"
        ]
      },
      "ResponseBody": "{\r\n  \"sku\": {\r\n    \"name\": \"Basic\",\r\n    \"tier\": \"Basic\",\r\n    \"capacity\": 5\r\n  },\r\n  \"kind\": \"v12.0,user\",\r\n  \"properties\": {\r\n    \"collation\": \"SQL_Latin1_General_CP1_CI_AS\",\r\n    \"maxSizeBytes\": 1073741824,\r\n    \"status\": \"Online\",\r\n    \"databaseId\": \"e6d6fe0a-0fbc-450c-ae8e-80f8f9cf5c04\",\r\n    \"creationDate\": \"2020-11-17T17:34:42.57Z\",\r\n    \"currentServiceObjectiveName\": \"Basic\",\r\n    \"requestedServiceObjectiveName\": \"Basic\",\r\n    \"defaultSecondaryLocation\": \"eastasia\",\r\n    \"catalogCollation\": \"SQL_Latin1_General_CP1_CI_AS\",\r\n    \"zoneRedundant\": false,\r\n    \"earliestRestoreDate\": \"2020-11-17T18:04:42.57Z\",\r\n    \"readScale\": \"Disabled\",\r\n    \"currentSku\": {\r\n      \"name\": \"Basic\",\r\n      \"tier\": \"Basic\",\r\n      \"capacity\": 5\r\n    },\r\n    \"storageAccountType\": \"GRS\"\r\n  },\r\n  \"location\": \"southeastasia\",\r\n  \"tags\": {\r\n    \"tag_key\": \"tag_new_value\"\r\n  },\r\n  \"id\": \"/subscriptions/91446693-dafa-4cc0-8b12-ec2c6c3f6250/resourceGroups/ps3343/providers/Microsoft.Sql/servers/ps7021/databases/ps2914\",\r\n  \"name\": \"ps2914\",\r\n  \"type\": \"Microsoft.Sql/servers/databases\"\r\n}",
      "StatusCode": 200
    },
    {
      "RequestUri": "/subscriptions/91446693-dafa-4cc0-8b12-ec2c6c3f6250/resourceGroups/ps3343/providers/Microsoft.Sql/servers/ps7021/databases/ps2914?api-version=2020-08-01-preview",
      "EncodedRequestUri": "L3N1YnNjcmlwdGlvbnMvOTE0NDY2OTMtZGFmYS00Y2MwLThiMTItZWMyYzZjM2Y2MjUwL3Jlc291cmNlR3JvdXBzL3BzMzM0My9wcm92aWRlcnMvTWljcm9zb2Z0LlNxbC9zZXJ2ZXJzL3BzNzAyMS9kYXRhYmFzZXMvcHMyOTE0P2FwaS12ZXJzaW9uPTIwMjAtMDgtMDEtcHJldmlldw==",
      "RequestMethod": "GET",
      "RequestBody": "",
      "RequestHeaders": {
        "User-Agent": [
          "FxVersion/4.6.29321.03",
          "OSName/Windows",
          "OSVersion/Microsoft.Windows.10.0.17763.",
          "Microsoft.Azure.Management.Sql.SqlManagementClient/1.46.0.0"
        ]
      },
      "ResponseHeaders": {
        "Cache-Control": [
          "no-cache"
        ],
        "Pragma": [
          "no-cache"
        ],
        "x-ms-request-id": [
          "387e5c76-f770-4f1c-989f-731ff0d9880c"
        ],
        "Server": [
          "Microsoft-HTTPAPI/2.0"
        ],
        "x-ms-ratelimit-remaining-subscription-reads": [
          "11970"
        ],
        "x-ms-correlation-request-id": [
          "d6c00831-bc8f-44b9-84c8-14adfcf86783"
        ],
        "x-ms-routing-request-id": [
          "WESTCENTRALUS:20201117T173633Z:d6c00831-bc8f-44b9-84c8-14adfcf86783"
        ],
        "Strict-Transport-Security": [
          "max-age=31536000; includeSubDomains"
        ],
        "X-Content-Type-Options": [
          "nosniff"
        ],
        "Date": [
          "Tue, 17 Nov 2020 17:36:32 GMT"
        ],
        "Content-Length": [
          "878"
        ],
        "Content-Type": [
          "application/json; charset=utf-8"
        ],
        "Expires": [
          "-1"
        ]
      },
      "ResponseBody": "{\r\n  \"sku\": {\r\n    \"name\": \"Standard\",\r\n    \"tier\": \"Standard\",\r\n    \"capacity\": 20\r\n  },\r\n  \"kind\": \"v12.0,user\",\r\n  \"properties\": {\r\n    \"collation\": \"SQL_Latin1_General_CP1_CI_AS\",\r\n    \"maxSizeBytes\": 107374182400,\r\n    \"status\": \"Online\",\r\n    \"databaseId\": \"e6d6fe0a-0fbc-450c-ae8e-80f8f9cf5c04\",\r\n    \"creationDate\": \"2020-11-17T17:34:42.57Z\",\r\n    \"currentServiceObjectiveName\": \"S1\",\r\n    \"requestedServiceObjectiveName\": \"S1\",\r\n    \"defaultSecondaryLocation\": \"eastasia\",\r\n    \"catalogCollation\": \"SQL_Latin1_General_CP1_CI_AS\",\r\n    \"zoneRedundant\": false,\r\n    \"earliestRestoreDate\": \"2020-11-17T18:04:42.57Z\",\r\n    \"readScale\": \"Disabled\",\r\n    \"currentSku\": {\r\n      \"name\": \"Standard\",\r\n      \"tier\": \"Standard\",\r\n      \"capacity\": 20\r\n    },\r\n    \"storageAccountType\": \"GRS\"\r\n  },\r\n  \"location\": \"southeastasia\",\r\n  \"tags\": {\r\n    \"tag_key\": \"tag_new_value2\"\r\n  },\r\n  \"id\": \"/subscriptions/91446693-dafa-4cc0-8b12-ec2c6c3f6250/resourceGroups/ps3343/providers/Microsoft.Sql/servers/ps7021/databases/ps2914\",\r\n  \"name\": \"ps2914\",\r\n  \"type\": \"Microsoft.Sql/servers/databases\"\r\n}",
      "StatusCode": 200
    },
    {
      "RequestUri": "/subscriptions/91446693-dafa-4cc0-8b12-ec2c6c3f6250/resourceGroups/ps3343/providers/Microsoft.Sql/servers/ps7021/databases/ps2914?api-version=2020-08-01-preview",
      "EncodedRequestUri": "L3N1YnNjcmlwdGlvbnMvOTE0NDY2OTMtZGFmYS00Y2MwLThiMTItZWMyYzZjM2Y2MjUwL3Jlc291cmNlR3JvdXBzL3BzMzM0My9wcm92aWRlcnMvTWljcm9zb2Z0LlNxbC9zZXJ2ZXJzL3BzNzAyMS9kYXRhYmFzZXMvcHMyOTE0P2FwaS12ZXJzaW9uPTIwMjAtMDgtMDEtcHJldmlldw==",
      "RequestMethod": "PUT",
      "RequestBody": "{\r\n  \"sku\": {\r\n    \"name\": \"S0\",\r\n    \"tier\": \"Standard\"\r\n  },\r\n  \"properties\": {\r\n    \"maxSizeBytes\": 268435456000,\r\n    \"readScale\": \"\"\r\n  },\r\n  \"location\": \"southeastasia\"\r\n}",
      "RequestHeaders": {
        "x-ms-client-request-id": [
          "b6d0f7fc-a20c-4478-a8d5-cdb41798937b"
        ],
        "Accept-Language": [
          "en-US"
        ],
        "User-Agent": [
          "FxVersion/4.6.29321.03",
          "OSName/Windows",
          "OSVersion/Microsoft.Windows.10.0.17763.",
          "Microsoft.Azure.Management.Sql.SqlManagementClient/1.46.0.0"
        ],
        "Content-Type": [
          "application/json; charset=utf-8"
        ],
        "Content-Length": [
          "177"
        ]
      },
      "ResponseHeaders": {
        "Cache-Control": [
          "no-cache"
        ],
        "Pragma": [
          "no-cache"
        ],
        "Location": [
          "https://management.azure.com/subscriptions/91446693-dafa-4cc0-8b12-ec2c6c3f6250/resourceGroups/ps3343/providers/Microsoft.Sql/locations/southeastasia/databaseOperationResults/e32fb6c9-aea2-4c17-b842-544088661712?api-version=2020-08-01-preview"
        ],
        "Retry-After": [
          "15"
        ],
        "Azure-AsyncOperation": [
          "https://management.azure.com/subscriptions/91446693-dafa-4cc0-8b12-ec2c6c3f6250/resourceGroups/ps3343/providers/Microsoft.Sql/locations/southeastasia/databaseAzureAsyncOperation/e32fb6c9-aea2-4c17-b842-544088661712?api-version=2020-08-01-preview"
        ],
        "x-ms-request-id": [
          "e32fb6c9-aea2-4c17-b842-544088661712"
        ],
        "Server": [
          "Microsoft-HTTPAPI/2.0"
        ],
        "x-ms-ratelimit-remaining-subscription-writes": [
          "1198"
        ],
        "x-ms-correlation-request-id": [
          "dbb581d0-3e0d-4ed5-8b30-6c286e3971f1"
        ],
        "x-ms-routing-request-id": [
          "WESTCENTRALUS:20201117T173357Z:dbb581d0-3e0d-4ed5-8b30-6c286e3971f1"
        ],
        "Strict-Transport-Security": [
          "max-age=31536000; includeSubDomains"
        ],
        "X-Content-Type-Options": [
          "nosniff"
        ],
        "Date": [
          "Tue, 17 Nov 2020 17:33:56 GMT"
        ],
        "Content-Length": [
          "76"
        ],
        "Content-Type": [
          "application/json; charset=utf-8"
        ],
        "Expires": [
          "-1"
        ]
      },
      "ResponseBody": "{\r\n  \"operation\": \"CreateLogicalDatabase\",\r\n  \"startTime\": \"2020-11-17T17:33:56.803Z\"\r\n}",
      "StatusCode": 202
    },
    {
      "RequestUri": "/subscriptions/91446693-dafa-4cc0-8b12-ec2c6c3f6250/resourceGroups/ps3343/providers/Microsoft.Sql/servers/ps7021/databases/ps2914?api-version=2020-08-01-preview",
      "EncodedRequestUri": "L3N1YnNjcmlwdGlvbnMvOTE0NDY2OTMtZGFmYS00Y2MwLThiMTItZWMyYzZjM2Y2MjUwL3Jlc291cmNlR3JvdXBzL3BzMzM0My9wcm92aWRlcnMvTWljcm9zb2Z0LlNxbC9zZXJ2ZXJzL3BzNzAyMS9kYXRhYmFzZXMvcHMyOTE0P2FwaS12ZXJzaW9uPTIwMjAtMDgtMDEtcHJldmlldw==",
      "RequestMethod": "PUT",
      "RequestBody": "{\r\n  \"sku\": {\r\n    \"name\": \"Basic\",\r\n    \"tier\": \"Basic\"\r\n  },\r\n  \"properties\": {\r\n    \"maxSizeBytes\": 1073741824,\r\n    \"readScale\": \"Disabled\"\r\n  },\r\n  \"location\": \"southeastasia\",\r\n  \"tags\": {\r\n    \"tag_key\": \"tag_new_value\"\r\n  }\r\n}",
      "RequestHeaders": {
        "x-ms-client-request-id": [
          "fdf4fadd-005b-402f-ae09-f0132934c19d"
        ],
        "Accept-Language": [
          "en-US"
        ],
        "User-Agent": [
          "FxVersion/4.6.29321.03",
          "OSName/Windows",
          "OSVersion/Microsoft.Windows.10.0.17763.",
          "Microsoft.Azure.Management.Sql.SqlManagementClient/1.46.0.0"
        ],
        "Content-Type": [
          "application/json; charset=utf-8"
        ],
        "Content-Length": [
          "234"
        ]
      },
      "ResponseHeaders": {
        "Cache-Control": [
          "no-cache"
        ],
        "Pragma": [
          "no-cache"
        ],
        "Location": [
          "https://management.azure.com/subscriptions/91446693-dafa-4cc0-8b12-ec2c6c3f6250/resourceGroups/ps3343/providers/Microsoft.Sql/locations/southeastasia/databaseOperationResults/e0fd2c59-0fab-43ca-99e3-5bd32e76a686?api-version=2020-08-01-preview"
        ],
        "Retry-After": [
          "15"
        ],
        "Azure-AsyncOperation": [
          "https://management.azure.com/subscriptions/91446693-dafa-4cc0-8b12-ec2c6c3f6250/resourceGroups/ps3343/providers/Microsoft.Sql/locations/southeastasia/databaseAzureAsyncOperation/e0fd2c59-0fab-43ca-99e3-5bd32e76a686?api-version=2020-08-01-preview"
        ],
        "x-ms-request-id": [
          "e0fd2c59-0fab-43ca-99e3-5bd32e76a686"
        ],
        "Server": [
          "Microsoft-HTTPAPI/2.0"
        ],
        "x-ms-ratelimit-remaining-subscription-writes": [
          "1197"
        ],
        "x-ms-correlation-request-id": [
          "99d5156b-577e-431e-ac1c-d4370199b4ca"
        ],
        "x-ms-routing-request-id": [
          "WESTCENTRALUS:20201117T173459Z:99d5156b-577e-431e-ac1c-d4370199b4ca"
        ],
        "Strict-Transport-Security": [
          "max-age=31536000; includeSubDomains"
        ],
        "X-Content-Type-Options": [
          "nosniff"
        ],
        "Date": [
          "Tue, 17 Nov 2020 17:34:59 GMT"
        ],
        "Content-Length": [
          "76"
        ],
        "Content-Type": [
          "application/json; charset=utf-8"
        ],
        "Expires": [
          "-1"
        ]
      },
      "ResponseBody": "{\r\n  \"operation\": \"UpdateLogicalDatabase\",\r\n  \"startTime\": \"2020-11-17T17:34:59.587Z\"\r\n}",
      "StatusCode": 202
    },
    {
      "RequestUri": "/subscriptions/91446693-dafa-4cc0-8b12-ec2c6c3f6250/resourceGroups/ps3343/providers/Microsoft.Sql/servers/ps7021/databases/ps2914?api-version=2020-08-01-preview",
      "EncodedRequestUri": "L3N1YnNjcmlwdGlvbnMvOTE0NDY2OTMtZGFmYS00Y2MwLThiMTItZWMyYzZjM2Y2MjUwL3Jlc291cmNlR3JvdXBzL3BzMzM0My9wcm92aWRlcnMvTWljcm9zb2Z0LlNxbC9zZXJ2ZXJzL3BzNzAyMS9kYXRhYmFzZXMvcHMyOTE0P2FwaS12ZXJzaW9uPTIwMjAtMDgtMDEtcHJldmlldw==",
      "RequestMethod": "PUT",
      "RequestBody": "{\r\n  \"sku\": {\r\n    \"name\": \"S1\",\r\n    \"tier\": \"Standard\"\r\n  },\r\n  \"properties\": {\r\n    \"maxSizeBytes\": 107374182400,\r\n    \"readScale\": \"Disabled\"\r\n  },\r\n  \"location\": \"southeastasia\",\r\n  \"tags\": {\r\n    \"tag_key\": \"tag_new_value2\"\r\n  }\r\n}",
      "RequestHeaders": {
        "x-ms-client-request-id": [
          "cd556427-6992-4340-b60e-372b332981c7"
        ],
        "Accept-Language": [
          "en-US"
        ],
        "User-Agent": [
          "FxVersion/4.6.29321.03",
          "OSName/Windows",
          "OSVersion/Microsoft.Windows.10.0.17763.",
          "Microsoft.Azure.Management.Sql.SqlManagementClient/1.46.0.0"
        ],
        "Content-Type": [
          "application/json; charset=utf-8"
        ],
        "Content-Length": [
          "237"
        ]
      },
      "ResponseHeaders": {
        "Cache-Control": [
          "no-cache"
        ],
        "Pragma": [
          "no-cache"
        ],
        "Location": [
          "https://management.azure.com/subscriptions/91446693-dafa-4cc0-8b12-ec2c6c3f6250/resourceGroups/ps3343/providers/Microsoft.Sql/locations/southeastasia/databaseOperationResults/a8f1d93a-57e9-49c4-ae57-cf75ea255f11?api-version=2020-08-01-preview"
        ],
        "Retry-After": [
          "15"
        ],
        "Azure-AsyncOperation": [
          "https://management.azure.com/subscriptions/91446693-dafa-4cc0-8b12-ec2c6c3f6250/resourceGroups/ps3343/providers/Microsoft.Sql/locations/southeastasia/databaseAzureAsyncOperation/a8f1d93a-57e9-49c4-ae57-cf75ea255f11?api-version=2020-08-01-preview"
        ],
        "x-ms-request-id": [
          "a8f1d93a-57e9-49c4-ae57-cf75ea255f11"
        ],
        "Server": [
          "Microsoft-HTTPAPI/2.0"
        ],
        "x-ms-ratelimit-remaining-subscription-writes": [
          "1196"
        ],
        "x-ms-correlation-request-id": [
          "cb8eb982-dd6d-43c7-8742-9e86d8d65351"
        ],
        "x-ms-routing-request-id": [
          "WESTCENTRALUS:20201117T173547Z:cb8eb982-dd6d-43c7-8742-9e86d8d65351"
        ],
        "Strict-Transport-Security": [
          "max-age=31536000; includeSubDomains"
        ],
        "X-Content-Type-Options": [
          "nosniff"
        ],
        "Date": [
          "Tue, 17 Nov 2020 17:35:47 GMT"
        ],
        "Content-Length": [
          "76"
        ],
        "Content-Type": [
          "application/json; charset=utf-8"
        ],
        "Expires": [
          "-1"
        ]
      },
      "ResponseBody": "{\r\n  \"operation\": \"UpdateLogicalDatabase\",\r\n  \"startTime\": \"2020-11-17T17:35:47.013Z\"\r\n}",
      "StatusCode": 202
    },
    {
      "RequestUri": "/subscriptions/91446693-dafa-4cc0-8b12-ec2c6c3f6250/resourceGroups/ps3343/providers/Microsoft.Sql/locations/southeastasia/databaseAzureAsyncOperation/e32fb6c9-aea2-4c17-b842-544088661712?api-version=2020-08-01-preview",
      "EncodedRequestUri": "L3N1YnNjcmlwdGlvbnMvOTE0NDY2OTMtZGFmYS00Y2MwLThiMTItZWMyYzZjM2Y2MjUwL3Jlc291cmNlR3JvdXBzL3BzMzM0My9wcm92aWRlcnMvTWljcm9zb2Z0LlNxbC9sb2NhdGlvbnMvc291dGhlYXN0YXNpYS9kYXRhYmFzZUF6dXJlQXN5bmNPcGVyYXRpb24vZTMyZmI2YzktYWVhMi00YzE3LWI4NDItNTQ0MDg4NjYxNzEyP2FwaS12ZXJzaW9uPTIwMjAtMDgtMDEtcHJldmlldw==",
      "RequestMethod": "GET",
      "RequestBody": "",
      "RequestHeaders": {
        "User-Agent": [
          "FxVersion/4.6.29321.03",
          "OSName/Windows",
          "OSVersion/Microsoft.Windows.10.0.17763.",
          "Microsoft.Azure.Management.Sql.SqlManagementClient/1.46.0.0"
        ]
      },
      "ResponseHeaders": {
        "Cache-Control": [
          "no-cache"
        ],
        "Pragma": [
          "no-cache"
        ],
        "Retry-After": [
          "15"
        ],
        "x-ms-request-id": [
          "4e6ae55f-b5eb-4895-9510-7d571ccf545c"
        ],
        "Server": [
          "Microsoft-HTTPAPI/2.0"
        ],
        "x-ms-ratelimit-remaining-subscription-reads": [
          "11988"
        ],
        "x-ms-correlation-request-id": [
          "7fe29773-26f9-4bc5-9409-32b3f21a6102"
        ],
        "x-ms-routing-request-id": [
          "WESTCENTRALUS:20201117T173412Z:7fe29773-26f9-4bc5-9409-32b3f21a6102"
        ],
        "Strict-Transport-Security": [
          "max-age=31536000; includeSubDomains"
        ],
        "X-Content-Type-Options": [
          "nosniff"
        ],
        "Date": [
          "Tue, 17 Nov 2020 17:34:12 GMT"
        ],
        "Content-Length": [
          "108"
        ],
        "Content-Type": [
          "application/json; charset=utf-8"
        ],
        "Expires": [
          "-1"
        ]
      },
      "ResponseBody": "{\r\n  \"name\": \"e32fb6c9-aea2-4c17-b842-544088661712\",\r\n  \"status\": \"InProgress\",\r\n  \"startTime\": \"2020-11-17T17:33:56.803Z\"\r\n}",
      "StatusCode": 200
    },
    {
      "RequestUri": "/subscriptions/91446693-dafa-4cc0-8b12-ec2c6c3f6250/resourceGroups/ps3343/providers/Microsoft.Sql/locations/southeastasia/databaseAzureAsyncOperation/e32fb6c9-aea2-4c17-b842-544088661712?api-version=2020-08-01-preview",
      "EncodedRequestUri": "L3N1YnNjcmlwdGlvbnMvOTE0NDY2OTMtZGFmYS00Y2MwLThiMTItZWMyYzZjM2Y2MjUwL3Jlc291cmNlR3JvdXBzL3BzMzM0My9wcm92aWRlcnMvTWljcm9zb2Z0LlNxbC9sb2NhdGlvbnMvc291dGhlYXN0YXNpYS9kYXRhYmFzZUF6dXJlQXN5bmNPcGVyYXRpb24vZTMyZmI2YzktYWVhMi00YzE3LWI4NDItNTQ0MDg4NjYxNzEyP2FwaS12ZXJzaW9uPTIwMjAtMDgtMDEtcHJldmlldw==",
      "RequestMethod": "GET",
      "RequestBody": "",
      "RequestHeaders": {
        "User-Agent": [
          "FxVersion/4.6.29321.03",
          "OSName/Windows",
          "OSVersion/Microsoft.Windows.10.0.17763.",
          "Microsoft.Azure.Management.Sql.SqlManagementClient/1.46.0.0"
        ]
      },
      "ResponseHeaders": {
        "Cache-Control": [
          "no-cache"
        ],
        "Pragma": [
          "no-cache"
        ],
        "Retry-After": [
          "15"
        ],
        "x-ms-request-id": [
          "bb4c5d07-436e-44e3-861e-13eee92e48d7"
        ],
        "Server": [
          "Microsoft-HTTPAPI/2.0"
        ],
        "x-ms-ratelimit-remaining-subscription-reads": [
          "11987"
        ],
        "x-ms-correlation-request-id": [
          "f42aca76-8ae4-4007-a5b1-91a6bc7f736f"
        ],
        "x-ms-routing-request-id": [
          "WESTCENTRALUS:20201117T173427Z:f42aca76-8ae4-4007-a5b1-91a6bc7f736f"
        ],
        "Strict-Transport-Security": [
          "max-age=31536000; includeSubDomains"
        ],
        "X-Content-Type-Options": [
          "nosniff"
        ],
        "Date": [
          "Tue, 17 Nov 2020 17:34:27 GMT"
        ],
        "Content-Length": [
          "108"
        ],
        "Content-Type": [
          "application/json; charset=utf-8"
        ],
        "Expires": [
          "-1"
        ]
      },
      "ResponseBody": "{\r\n  \"name\": \"e32fb6c9-aea2-4c17-b842-544088661712\",\r\n  \"status\": \"InProgress\",\r\n  \"startTime\": \"2020-11-17T17:33:56.803Z\"\r\n}",
      "StatusCode": 200
    },
    {
      "RequestUri": "/subscriptions/91446693-dafa-4cc0-8b12-ec2c6c3f6250/resourceGroups/ps3343/providers/Microsoft.Sql/locations/southeastasia/databaseAzureAsyncOperation/e32fb6c9-aea2-4c17-b842-544088661712?api-version=2020-08-01-preview",
      "EncodedRequestUri": "L3N1YnNjcmlwdGlvbnMvOTE0NDY2OTMtZGFmYS00Y2MwLThiMTItZWMyYzZjM2Y2MjUwL3Jlc291cmNlR3JvdXBzL3BzMzM0My9wcm92aWRlcnMvTWljcm9zb2Z0LlNxbC9sb2NhdGlvbnMvc291dGhlYXN0YXNpYS9kYXRhYmFzZUF6dXJlQXN5bmNPcGVyYXRpb24vZTMyZmI2YzktYWVhMi00YzE3LWI4NDItNTQ0MDg4NjYxNzEyP2FwaS12ZXJzaW9uPTIwMjAtMDgtMDEtcHJldmlldw==",
      "RequestMethod": "GET",
      "RequestBody": "",
      "RequestHeaders": {
        "User-Agent": [
          "FxVersion/4.6.29321.03",
          "OSName/Windows",
          "OSVersion/Microsoft.Windows.10.0.17763.",
          "Microsoft.Azure.Management.Sql.SqlManagementClient/1.46.0.0"
        ]
      },
      "ResponseHeaders": {
        "Cache-Control": [
          "no-cache"
        ],
        "Pragma": [
          "no-cache"
        ],
        "Retry-After": [
          "15"
        ],
        "x-ms-request-id": [
          "d49607e7-d0b8-4c37-bf23-e5699b35338a"
        ],
        "Server": [
          "Microsoft-HTTPAPI/2.0"
        ],
        "x-ms-ratelimit-remaining-subscription-reads": [
          "11986"
        ],
        "x-ms-correlation-request-id": [
          "f8abdbc1-1832-4c7d-86f2-0c7d4b51dba9"
        ],
        "x-ms-routing-request-id": [
          "WESTCENTRALUS:20201117T173442Z:f8abdbc1-1832-4c7d-86f2-0c7d4b51dba9"
        ],
        "Strict-Transport-Security": [
          "max-age=31536000; includeSubDomains"
        ],
        "X-Content-Type-Options": [
          "nosniff"
        ],
        "Date": [
          "Tue, 17 Nov 2020 17:34:42 GMT"
        ],
        "Content-Length": [
          "108"
        ],
        "Content-Type": [
          "application/json; charset=utf-8"
        ],
        "Expires": [
          "-1"
        ]
      },
      "ResponseBody": "{\r\n  \"name\": \"e32fb6c9-aea2-4c17-b842-544088661712\",\r\n  \"status\": \"InProgress\",\r\n  \"startTime\": \"2020-11-17T17:33:56.803Z\"\r\n}",
      "StatusCode": 200
    },
    {
      "RequestUri": "/subscriptions/91446693-dafa-4cc0-8b12-ec2c6c3f6250/resourceGroups/ps3343/providers/Microsoft.Sql/locations/southeastasia/databaseAzureAsyncOperation/e32fb6c9-aea2-4c17-b842-544088661712?api-version=2020-08-01-preview",
      "EncodedRequestUri": "L3N1YnNjcmlwdGlvbnMvOTE0NDY2OTMtZGFmYS00Y2MwLThiMTItZWMyYzZjM2Y2MjUwL3Jlc291cmNlR3JvdXBzL3BzMzM0My9wcm92aWRlcnMvTWljcm9zb2Z0LlNxbC9sb2NhdGlvbnMvc291dGhlYXN0YXNpYS9kYXRhYmFzZUF6dXJlQXN5bmNPcGVyYXRpb24vZTMyZmI2YzktYWVhMi00YzE3LWI4NDItNTQ0MDg4NjYxNzEyP2FwaS12ZXJzaW9uPTIwMjAtMDgtMDEtcHJldmlldw==",
      "RequestMethod": "GET",
      "RequestBody": "",
      "RequestHeaders": {
        "User-Agent": [
          "FxVersion/4.6.29321.03",
          "OSName/Windows",
          "OSVersion/Microsoft.Windows.10.0.17763.",
          "Microsoft.Azure.Management.Sql.SqlManagementClient/1.46.0.0"
        ]
      },
      "ResponseHeaders": {
        "Cache-Control": [
          "no-cache"
        ],
        "Pragma": [
          "no-cache"
        ],
        "Retry-After": [
          "15"
        ],
        "x-ms-request-id": [
          "ae9b1922-f9a3-40db-94f6-2c7a7e9535bf"
        ],
        "Server": [
          "Microsoft-HTTPAPI/2.0"
        ],
        "x-ms-ratelimit-remaining-subscription-reads": [
          "11985"
        ],
        "x-ms-correlation-request-id": [
          "219fefed-024b-4b62-a975-0bbf4b8288ad"
        ],
        "x-ms-routing-request-id": [
          "WESTCENTRALUS:20201117T173458Z:219fefed-024b-4b62-a975-0bbf4b8288ad"
        ],
        "Strict-Transport-Security": [
          "max-age=31536000; includeSubDomains"
        ],
        "X-Content-Type-Options": [
          "nosniff"
        ],
        "Date": [
          "Tue, 17 Nov 2020 17:34:57 GMT"
        ],
        "Content-Length": [
          "107"
        ],
        "Content-Type": [
          "application/json; charset=utf-8"
        ],
        "Expires": [
          "-1"
        ]
      },
      "ResponseBody": "{\r\n  \"name\": \"e32fb6c9-aea2-4c17-b842-544088661712\",\r\n  \"status\": \"Succeeded\",\r\n  \"startTime\": \"2020-11-17T17:33:56.803Z\"\r\n}",
      "StatusCode": 200
    },
    {
      "RequestUri": "/subscriptions/91446693-dafa-4cc0-8b12-ec2c6c3f6250/resourceGroups/ps3343/providers/Microsoft.Sql/locations/southeastasia/databaseAzureAsyncOperation/e0fd2c59-0fab-43ca-99e3-5bd32e76a686?api-version=2020-08-01-preview",
      "EncodedRequestUri": "L3N1YnNjcmlwdGlvbnMvOTE0NDY2OTMtZGFmYS00Y2MwLThiMTItZWMyYzZjM2Y2MjUwL3Jlc291cmNlR3JvdXBzL3BzMzM0My9wcm92aWRlcnMvTWljcm9zb2Z0LlNxbC9sb2NhdGlvbnMvc291dGhlYXN0YXNpYS9kYXRhYmFzZUF6dXJlQXN5bmNPcGVyYXRpb24vZTBmZDJjNTktMGZhYi00M2NhLTk5ZTMtNWJkMzJlNzZhNjg2P2FwaS12ZXJzaW9uPTIwMjAtMDgtMDEtcHJldmlldw==",
      "RequestMethod": "GET",
      "RequestBody": "",
      "RequestHeaders": {
        "User-Agent": [
          "FxVersion/4.6.29321.03",
          "OSName/Windows",
          "OSVersion/Microsoft.Windows.10.0.17763.",
          "Microsoft.Azure.Management.Sql.SqlManagementClient/1.46.0.0"
        ]
      },
      "ResponseHeaders": {
        "Cache-Control": [
          "no-cache"
        ],
        "Pragma": [
          "no-cache"
        ],
        "Retry-After": [
          "15"
        ],
        "x-ms-request-id": [
          "bc4b7e70-b676-46d1-b42e-be50b743e04f"
        ],
        "Server": [
          "Microsoft-HTTPAPI/2.0"
        ],
        "x-ms-ratelimit-remaining-subscription-reads": [
          "11980"
        ],
        "x-ms-correlation-request-id": [
          "6cf2df26-46b8-4c02-8da5-0a7e69846823"
        ],
        "x-ms-routing-request-id": [
          "WESTCENTRALUS:20201117T173515Z:6cf2df26-46b8-4c02-8da5-0a7e69846823"
        ],
        "Strict-Transport-Security": [
          "max-age=31536000; includeSubDomains"
        ],
        "X-Content-Type-Options": [
          "nosniff"
        ],
        "Date": [
          "Tue, 17 Nov 2020 17:35:14 GMT"
        ],
        "Content-Length": [
          "108"
        ],
        "Content-Type": [
          "application/json; charset=utf-8"
        ],
        "Expires": [
          "-1"
        ]
      },
      "ResponseBody": "{\r\n  \"name\": \"e0fd2c59-0fab-43ca-99e3-5bd32e76a686\",\r\n  \"status\": \"InProgress\",\r\n  \"startTime\": \"2020-11-17T17:34:59.587Z\"\r\n}",
      "StatusCode": 200
    },
    {
      "RequestUri": "/subscriptions/91446693-dafa-4cc0-8b12-ec2c6c3f6250/resourceGroups/ps3343/providers/Microsoft.Sql/locations/southeastasia/databaseAzureAsyncOperation/e0fd2c59-0fab-43ca-99e3-5bd32e76a686?api-version=2020-08-01-preview",
      "EncodedRequestUri": "L3N1YnNjcmlwdGlvbnMvOTE0NDY2OTMtZGFmYS00Y2MwLThiMTItZWMyYzZjM2Y2MjUwL3Jlc291cmNlR3JvdXBzL3BzMzM0My9wcm92aWRlcnMvTWljcm9zb2Z0LlNxbC9sb2NhdGlvbnMvc291dGhlYXN0YXNpYS9kYXRhYmFzZUF6dXJlQXN5bmNPcGVyYXRpb24vZTBmZDJjNTktMGZhYi00M2NhLTk5ZTMtNWJkMzJlNzZhNjg2P2FwaS12ZXJzaW9uPTIwMjAtMDgtMDEtcHJldmlldw==",
      "RequestMethod": "GET",
      "RequestBody": "",
      "RequestHeaders": {
        "User-Agent": [
          "FxVersion/4.6.29321.03",
          "OSName/Windows",
          "OSVersion/Microsoft.Windows.10.0.17763.",
          "Microsoft.Azure.Management.Sql.SqlManagementClient/1.46.0.0"
        ]
      },
      "ResponseHeaders": {
        "Cache-Control": [
          "no-cache"
        ],
        "Pragma": [
          "no-cache"
        ],
        "Retry-After": [
          "15"
        ],
        "x-ms-request-id": [
          "9e30347f-8c57-4623-abb3-a62b7315feac"
        ],
        "Server": [
          "Microsoft-HTTPAPI/2.0"
        ],
        "x-ms-ratelimit-remaining-subscription-reads": [
          "11979"
        ],
        "x-ms-correlation-request-id": [
          "ad71b8b4-0175-4e1c-8f66-95df20358455"
        ],
        "x-ms-routing-request-id": [
          "WESTCENTRALUS:20201117T173530Z:ad71b8b4-0175-4e1c-8f66-95df20358455"
        ],
        "Strict-Transport-Security": [
          "max-age=31536000; includeSubDomains"
        ],
        "X-Content-Type-Options": [
          "nosniff"
        ],
        "Date": [
          "Tue, 17 Nov 2020 17:35:29 GMT"
        ],
        "Content-Length": [
          "108"
        ],
        "Content-Type": [
          "application/json; charset=utf-8"
        ],
        "Expires": [
          "-1"
        ]
      },
      "ResponseBody": "{\r\n  \"name\": \"e0fd2c59-0fab-43ca-99e3-5bd32e76a686\",\r\n  \"status\": \"InProgress\",\r\n  \"startTime\": \"2020-11-17T17:34:59.587Z\"\r\n}",
      "StatusCode": 200
    },
    {
      "RequestUri": "/subscriptions/91446693-dafa-4cc0-8b12-ec2c6c3f6250/resourceGroups/ps3343/providers/Microsoft.Sql/locations/southeastasia/databaseAzureAsyncOperation/e0fd2c59-0fab-43ca-99e3-5bd32e76a686?api-version=2020-08-01-preview",
      "EncodedRequestUri": "L3N1YnNjcmlwdGlvbnMvOTE0NDY2OTMtZGFmYS00Y2MwLThiMTItZWMyYzZjM2Y2MjUwL3Jlc291cmNlR3JvdXBzL3BzMzM0My9wcm92aWRlcnMvTWljcm9zb2Z0LlNxbC9sb2NhdGlvbnMvc291dGhlYXN0YXNpYS9kYXRhYmFzZUF6dXJlQXN5bmNPcGVyYXRpb24vZTBmZDJjNTktMGZhYi00M2NhLTk5ZTMtNWJkMzJlNzZhNjg2P2FwaS12ZXJzaW9uPTIwMjAtMDgtMDEtcHJldmlldw==",
      "RequestMethod": "GET",
      "RequestBody": "",
      "RequestHeaders": {
        "User-Agent": [
          "FxVersion/4.6.29321.03",
          "OSName/Windows",
          "OSVersion/Microsoft.Windows.10.0.17763.",
          "Microsoft.Azure.Management.Sql.SqlManagementClient/1.46.0.0"
        ]
      },
      "ResponseHeaders": {
        "Cache-Control": [
          "no-cache"
        ],
        "Pragma": [
          "no-cache"
        ],
        "Retry-After": [
          "15"
        ],
        "x-ms-request-id": [
          "e7f20b1b-5b19-4fdb-b563-67c77d1a2cd5"
        ],
        "Server": [
          "Microsoft-HTTPAPI/2.0"
        ],
        "x-ms-ratelimit-remaining-subscription-reads": [
          "11978"
        ],
        "x-ms-correlation-request-id": [
          "04fec03e-c938-434b-8e21-962affc60a69"
        ],
        "x-ms-routing-request-id": [
          "WESTCENTRALUS:20201117T173545Z:04fec03e-c938-434b-8e21-962affc60a69"
        ],
        "Strict-Transport-Security": [
          "max-age=31536000; includeSubDomains"
        ],
        "X-Content-Type-Options": [
          "nosniff"
        ],
        "Date": [
          "Tue, 17 Nov 2020 17:35:45 GMT"
        ],
        "Content-Length": [
          "107"
        ],
        "Content-Type": [
          "application/json; charset=utf-8"
        ],
        "Expires": [
          "-1"
        ]
      },
      "ResponseBody": "{\r\n  \"name\": \"e0fd2c59-0fab-43ca-99e3-5bd32e76a686\",\r\n  \"status\": \"Succeeded\",\r\n  \"startTime\": \"2020-11-17T17:34:59.587Z\"\r\n}",
      "StatusCode": 200
    },
    {
      "RequestUri": "/subscriptions/91446693-dafa-4cc0-8b12-ec2c6c3f6250/resourceGroups/ps3343/providers/Microsoft.Sql/locations/southeastasia/databaseAzureAsyncOperation/a8f1d93a-57e9-49c4-ae57-cf75ea255f11?api-version=2020-08-01-preview",
      "EncodedRequestUri": "L3N1YnNjcmlwdGlvbnMvOTE0NDY2OTMtZGFmYS00Y2MwLThiMTItZWMyYzZjM2Y2MjUwL3Jlc291cmNlR3JvdXBzL3BzMzM0My9wcm92aWRlcnMvTWljcm9zb2Z0LlNxbC9sb2NhdGlvbnMvc291dGhlYXN0YXNpYS9kYXRhYmFzZUF6dXJlQXN5bmNPcGVyYXRpb24vYThmMWQ5M2EtNTdlOS00OWM0LWFlNTctY2Y3NWVhMjU1ZjExP2FwaS12ZXJzaW9uPTIwMjAtMDgtMDEtcHJldmlldw==",
      "RequestMethod": "GET",
      "RequestBody": "",
      "RequestHeaders": {
        "User-Agent": [
          "FxVersion/4.6.29321.03",
          "OSName/Windows",
          "OSVersion/Microsoft.Windows.10.0.17763.",
          "Microsoft.Azure.Management.Sql.SqlManagementClient/1.46.0.0"
        ]
      },
      "ResponseHeaders": {
        "Cache-Control": [
          "no-cache"
        ],
        "Pragma": [
          "no-cache"
        ],
        "Retry-After": [
          "15"
        ],
        "x-ms-request-id": [
          "f6494aef-db32-4b83-9ce5-6721952a4d4b"
        ],
        "Server": [
          "Microsoft-HTTPAPI/2.0"
        ],
        "x-ms-ratelimit-remaining-subscription-reads": [
          "11973"
        ],
        "x-ms-correlation-request-id": [
          "b4fe7cb4-1498-4e94-9485-fa5ee88e866b"
        ],
        "x-ms-routing-request-id": [
          "WESTCENTRALUS:20201117T173602Z:b4fe7cb4-1498-4e94-9485-fa5ee88e866b"
        ],
        "Strict-Transport-Security": [
          "max-age=31536000; includeSubDomains"
        ],
        "X-Content-Type-Options": [
          "nosniff"
        ],
        "Date": [
          "Tue, 17 Nov 2020 17:36:02 GMT"
        ],
        "Content-Length": [
          "108"
        ],
        "Content-Type": [
          "application/json; charset=utf-8"
        ],
        "Expires": [
          "-1"
        ]
      },
      "ResponseBody": "{\r\n  \"name\": \"a8f1d93a-57e9-49c4-ae57-cf75ea255f11\",\r\n  \"status\": \"InProgress\",\r\n  \"startTime\": \"2020-11-17T17:35:47.013Z\"\r\n}",
      "StatusCode": 200
    },
    {
      "RequestUri": "/subscriptions/91446693-dafa-4cc0-8b12-ec2c6c3f6250/resourceGroups/ps3343/providers/Microsoft.Sql/locations/southeastasia/databaseAzureAsyncOperation/a8f1d93a-57e9-49c4-ae57-cf75ea255f11?api-version=2020-08-01-preview",
      "EncodedRequestUri": "L3N1YnNjcmlwdGlvbnMvOTE0NDY2OTMtZGFmYS00Y2MwLThiMTItZWMyYzZjM2Y2MjUwL3Jlc291cmNlR3JvdXBzL3BzMzM0My9wcm92aWRlcnMvTWljcm9zb2Z0LlNxbC9sb2NhdGlvbnMvc291dGhlYXN0YXNpYS9kYXRhYmFzZUF6dXJlQXN5bmNPcGVyYXRpb24vYThmMWQ5M2EtNTdlOS00OWM0LWFlNTctY2Y3NWVhMjU1ZjExP2FwaS12ZXJzaW9uPTIwMjAtMDgtMDEtcHJldmlldw==",
      "RequestMethod": "GET",
      "RequestBody": "",
      "RequestHeaders": {
        "User-Agent": [
          "FxVersion/4.6.29321.03",
          "OSName/Windows",
          "OSVersion/Microsoft.Windows.10.0.17763.",
          "Microsoft.Azure.Management.Sql.SqlManagementClient/1.46.0.0"
        ]
      },
      "ResponseHeaders": {
        "Cache-Control": [
          "no-cache"
        ],
        "Pragma": [
          "no-cache"
        ],
        "Retry-After": [
          "15"
        ],
        "x-ms-request-id": [
          "fe02f0e2-cf3f-4f28-b479-300ef2895967"
        ],
        "Server": [
          "Microsoft-HTTPAPI/2.0"
        ],
        "x-ms-ratelimit-remaining-subscription-reads": [
          "11972"
        ],
        "x-ms-correlation-request-id": [
          "7424a173-3315-4380-9132-a0b703877e21"
        ],
        "x-ms-routing-request-id": [
          "WESTCENTRALUS:20201117T173617Z:7424a173-3315-4380-9132-a0b703877e21"
        ],
        "Strict-Transport-Security": [
          "max-age=31536000; includeSubDomains"
        ],
        "X-Content-Type-Options": [
          "nosniff"
        ],
        "Date": [
          "Tue, 17 Nov 2020 17:36:17 GMT"
        ],
        "Content-Length": [
          "108"
        ],
        "Content-Type": [
          "application/json; charset=utf-8"
        ],
        "Expires": [
          "-1"
        ]
      },
      "ResponseBody": "{\r\n  \"name\": \"a8f1d93a-57e9-49c4-ae57-cf75ea255f11\",\r\n  \"status\": \"InProgress\",\r\n  \"startTime\": \"2020-11-17T17:35:47.013Z\"\r\n}",
      "StatusCode": 200
    },
    {
      "RequestUri": "/subscriptions/91446693-dafa-4cc0-8b12-ec2c6c3f6250/resourceGroups/ps3343/providers/Microsoft.Sql/locations/southeastasia/databaseAzureAsyncOperation/a8f1d93a-57e9-49c4-ae57-cf75ea255f11?api-version=2020-08-01-preview",
      "EncodedRequestUri": "L3N1YnNjcmlwdGlvbnMvOTE0NDY2OTMtZGFmYS00Y2MwLThiMTItZWMyYzZjM2Y2MjUwL3Jlc291cmNlR3JvdXBzL3BzMzM0My9wcm92aWRlcnMvTWljcm9zb2Z0LlNxbC9sb2NhdGlvbnMvc291dGhlYXN0YXNpYS9kYXRhYmFzZUF6dXJlQXN5bmNPcGVyYXRpb24vYThmMWQ5M2EtNTdlOS00OWM0LWFlNTctY2Y3NWVhMjU1ZjExP2FwaS12ZXJzaW9uPTIwMjAtMDgtMDEtcHJldmlldw==",
      "RequestMethod": "GET",
      "RequestBody": "",
      "RequestHeaders": {
        "User-Agent": [
          "FxVersion/4.6.29321.03",
          "OSName/Windows",
          "OSVersion/Microsoft.Windows.10.0.17763.",
          "Microsoft.Azure.Management.Sql.SqlManagementClient/1.46.0.0"
        ]
      },
      "ResponseHeaders": {
        "Cache-Control": [
          "no-cache"
        ],
        "Pragma": [
          "no-cache"
        ],
        "Retry-After": [
          "15"
        ],
        "x-ms-request-id": [
          "160b98f9-2854-4235-b8b6-7777d6594fba"
        ],
        "Server": [
          "Microsoft-HTTPAPI/2.0"
        ],
        "x-ms-ratelimit-remaining-subscription-reads": [
          "11971"
        ],
        "x-ms-correlation-request-id": [
          "8796ccdc-f358-4c77-9b1e-3f15e60bc631"
        ],
        "x-ms-routing-request-id": [
          "WESTCENTRALUS:20201117T173633Z:8796ccdc-f358-4c77-9b1e-3f15e60bc631"
        ],
        "Strict-Transport-Security": [
          "max-age=31536000; includeSubDomains"
        ],
        "X-Content-Type-Options": [
          "nosniff"
        ],
        "Date": [
          "Tue, 17 Nov 2020 17:36:32 GMT"
        ],
        "Content-Length": [
          "107"
        ],
        "Content-Type": [
          "application/json; charset=utf-8"
        ],
        "Expires": [
          "-1"
        ]
      },
      "ResponseBody": "{\r\n  \"name\": \"a8f1d93a-57e9-49c4-ae57-cf75ea255f11\",\r\n  \"status\": \"Succeeded\",\r\n  \"startTime\": \"2020-11-17T17:35:47.013Z\"\r\n}",
      "StatusCode": 200
    },
    {
      "RequestUri": "/subscriptions/91446693-dafa-4cc0-8b12-ec2c6c3f6250/resourceGroups/ps3343/providers/Microsoft.Sql/servers/ps7021/databases/ps4439?api-version=2020-08-01-preview",
      "EncodedRequestUri": "L3N1YnNjcmlwdGlvbnMvOTE0NDY2OTMtZGFmYS00Y2MwLThiMTItZWMyYzZjM2Y2MjUwL3Jlc291cmNlR3JvdXBzL3BzMzM0My9wcm92aWRlcnMvTWljcm9zb2Z0LlNxbC9zZXJ2ZXJzL3BzNzAyMS9kYXRhYmFzZXMvcHM0NDM5P2FwaS12ZXJzaW9uPTIwMjAtMDgtMDEtcHJldmlldw==",
      "RequestMethod": "GET",
      "RequestBody": "",
      "RequestHeaders": {
        "x-ms-client-request-id": [
          "b7e4f951-8b1d-4598-9ed8-9f1507feca38"
        ],
        "Accept-Language": [
          "en-US"
        ],
        "User-Agent": [
          "FxVersion/4.6.29321.03",
          "OSName/Windows",
          "OSVersion/Microsoft.Windows.10.0.17763.",
          "Microsoft.Azure.Management.Sql.SqlManagementClient/1.46.0.0"
        ]
      },
      "ResponseHeaders": {
        "Cache-Control": [
          "no-cache"
        ],
        "Pragma": [
          "no-cache"
        ],
        "x-ms-failure-cause": [
          "gateway"
        ],
        "x-ms-request-id": [
          "6893f8c7-f1c6-4bce-b5d4-cbd89827a9d9"
        ],
        "x-ms-correlation-request-id": [
          "6893f8c7-f1c6-4bce-b5d4-cbd89827a9d9"
        ],
        "x-ms-routing-request-id": [
          "WESTCENTRALUS:20201117T173633Z:6893f8c7-f1c6-4bce-b5d4-cbd89827a9d9"
        ],
        "Strict-Transport-Security": [
          "max-age=31536000; includeSubDomains"
        ],
        "X-Content-Type-Options": [
          "nosniff"
        ],
        "Date": [
          "Tue, 17 Nov 2020 17:36:33 GMT"
        ],
        "Content-Type": [
          "application/json; charset=utf-8"
        ],
        "Expires": [
          "-1"
        ],
        "Content-Length": [
          "223"
        ]
      },
      "ResponseBody": "{\r\n  \"error\": {\r\n    \"code\": \"ResourceNotFound\",\r\n    \"message\": \"The Resource 'Microsoft.Sql/servers/ps7021/databases/ps4439' under resource group 'ps3343' was not found. For more details please go to https://aka.ms/ARMResourceNotFoundFix\"\r\n  }\r\n}",
      "StatusCode": 404
    },
    {
      "RequestUri": "/subscriptions/91446693-dafa-4cc0-8b12-ec2c6c3f6250/resourceGroups/ps3343/providers/Microsoft.Sql/servers/ps7021/databases/ps4439?api-version=2020-08-01-preview",
      "EncodedRequestUri": "L3N1YnNjcmlwdGlvbnMvOTE0NDY2OTMtZGFmYS00Y2MwLThiMTItZWMyYzZjM2Y2MjUwL3Jlc291cmNlR3JvdXBzL3BzMzM0My9wcm92aWRlcnMvTWljcm9zb2Z0LlNxbC9zZXJ2ZXJzL3BzNzAyMS9kYXRhYmFzZXMvcHM0NDM5P2FwaS12ZXJzaW9uPTIwMjAtMDgtMDEtcHJldmlldw==",
      "RequestMethod": "GET",
      "RequestBody": "",
      "RequestHeaders": {
        "User-Agent": [
          "FxVersion/4.6.29321.03",
          "OSName/Windows",
          "OSVersion/Microsoft.Windows.10.0.17763.",
          "Microsoft.Azure.Management.Sql.SqlManagementClient/1.46.0.0"
        ]
      },
      "ResponseHeaders": {
        "Cache-Control": [
          "no-cache"
        ],
        "Pragma": [
          "no-cache"
        ],
        "x-ms-request-id": [
          "036a5cb3-9586-44be-9bc3-aee067c0e66b"
        ],
        "Server": [
          "Microsoft-HTTPAPI/2.0"
        ],
        "x-ms-ratelimit-remaining-subscription-reads": [
          "11958"
        ],
        "x-ms-correlation-request-id": [
          "d231d58b-ab10-41f5-b780-26ca750e8ae7"
        ],
        "x-ms-routing-request-id": [
          "WESTCENTRALUS:20201117T173837Z:d231d58b-ab10-41f5-b780-26ca750e8ae7"
        ],
        "Strict-Transport-Security": [
          "max-age=31536000; includeSubDomains"
        ],
        "X-Content-Type-Options": [
          "nosniff"
        ],
        "Date": [
          "Tue, 17 Nov 2020 17:38:36 GMT"
        ],
        "Content-Length": [
          "822"
        ],
        "Content-Type": [
          "application/json; charset=utf-8"
        ],
        "Expires": [
          "-1"
        ]
      },
      "ResponseBody": "{\r\n  \"sku\": {\r\n    \"name\": \"DataWarehouse\",\r\n    \"tier\": \"DataWarehouse\",\r\n    \"capacity\": 900\r\n  },\r\n  \"kind\": \"v12.0,user,datawarehouse,gen2\",\r\n  \"properties\": {\r\n    \"collation\": \"SQL_Latin1_General_CP1_CI_AS\",\r\n    \"maxSizeBytes\": 268435456000,\r\n    \"status\": \"Online\",\r\n    \"databaseId\": \"feb30003-2e3f-47c5-bb2f-a883e726f7e4\",\r\n    \"creationDate\": \"2020-11-17T17:38:27.967Z\",\r\n    \"currentServiceObjectiveName\": \"DW100c\",\r\n    \"requestedServiceObjectiveName\": \"DW100c\",\r\n    \"defaultSecondaryLocation\": \"eastasia\",\r\n    \"catalogCollation\": \"SQL_Latin1_General_CP1_CI_AS\",\r\n    \"readScale\": \"Disabled\",\r\n    \"currentSku\": {\r\n      \"name\": \"DataWarehouse\",\r\n      \"tier\": \"DataWarehouse\",\r\n      \"capacity\": 900\r\n    },\r\n    \"storageAccountType\": \"GRS\"\r\n  },\r\n  \"location\": \"southeastasia\",\r\n  \"id\": \"/subscriptions/91446693-dafa-4cc0-8b12-ec2c6c3f6250/resourceGroups/ps3343/providers/Microsoft.Sql/servers/ps7021/databases/ps4439\",\r\n  \"name\": \"ps4439\",\r\n  \"type\": \"Microsoft.Sql/servers/databases\"\r\n}",
      "StatusCode": 200
    },
    {
      "RequestUri": "/subscriptions/91446693-dafa-4cc0-8b12-ec2c6c3f6250/resourceGroups/ps3343/providers/Microsoft.Sql/servers/ps7021/databases/ps4439?api-version=2020-08-01-preview",
      "EncodedRequestUri": "L3N1YnNjcmlwdGlvbnMvOTE0NDY2OTMtZGFmYS00Y2MwLThiMTItZWMyYzZjM2Y2MjUwL3Jlc291cmNlR3JvdXBzL3BzMzM0My9wcm92aWRlcnMvTWljcm9zb2Z0LlNxbC9zZXJ2ZXJzL3BzNzAyMS9kYXRhYmFzZXMvcHM0NDM5P2FwaS12ZXJzaW9uPTIwMjAtMDgtMDEtcHJldmlldw==",
      "RequestMethod": "GET",
      "RequestBody": "",
      "RequestHeaders": {
        "x-ms-client-request-id": [
          "c65558e7-ca88-4755-911e-8f7fc6da171a"
        ],
        "Accept-Language": [
          "en-US"
        ],
        "User-Agent": [
          "FxVersion/4.6.29321.03",
          "OSName/Windows",
          "OSVersion/Microsoft.Windows.10.0.17763.",
          "Microsoft.Azure.Management.Sql.SqlManagementClient/1.46.0.0"
        ]
      },
      "ResponseHeaders": {
        "Cache-Control": [
          "no-cache"
        ],
        "Pragma": [
          "no-cache"
        ],
        "x-ms-request-id": [
          "da9dea5e-9e23-423b-b6ff-6456a8da2537"
        ],
        "Server": [
          "Microsoft-HTTPAPI/2.0"
        ],
        "x-ms-ratelimit-remaining-subscription-reads": [
          "11956"
        ],
        "x-ms-correlation-request-id": [
          "56902ab2-0815-4203-9c33-bc37c858b20c"
        ],
        "x-ms-routing-request-id": [
          "WESTCENTRALUS:20201117T173838Z:56902ab2-0815-4203-9c33-bc37c858b20c"
        ],
        "Strict-Transport-Security": [
          "max-age=31536000; includeSubDomains"
        ],
        "X-Content-Type-Options": [
          "nosniff"
        ],
        "Date": [
          "Tue, 17 Nov 2020 17:38:37 GMT"
        ],
        "Content-Length": [
          "822"
        ],
        "Content-Type": [
          "application/json; charset=utf-8"
        ],
        "Expires": [
          "-1"
        ]
      },
      "ResponseBody": "{\r\n  \"sku\": {\r\n    \"name\": \"DataWarehouse\",\r\n    \"tier\": \"DataWarehouse\",\r\n    \"capacity\": 900\r\n  },\r\n  \"kind\": \"v12.0,user,datawarehouse,gen2\",\r\n  \"properties\": {\r\n    \"collation\": \"SQL_Latin1_General_CP1_CI_AS\",\r\n    \"maxSizeBytes\": 268435456000,\r\n    \"status\": \"Online\",\r\n    \"databaseId\": \"feb30003-2e3f-47c5-bb2f-a883e726f7e4\",\r\n    \"creationDate\": \"2020-11-17T17:38:27.967Z\",\r\n    \"currentServiceObjectiveName\": \"DW100c\",\r\n    \"requestedServiceObjectiveName\": \"DW100c\",\r\n    \"defaultSecondaryLocation\": \"eastasia\",\r\n    \"catalogCollation\": \"SQL_Latin1_General_CP1_CI_AS\",\r\n    \"readScale\": \"Disabled\",\r\n    \"currentSku\": {\r\n      \"name\": \"DataWarehouse\",\r\n      \"tier\": \"DataWarehouse\",\r\n      \"capacity\": 900\r\n    },\r\n    \"storageAccountType\": \"GRS\"\r\n  },\r\n  \"location\": \"southeastasia\",\r\n  \"id\": \"/subscriptions/91446693-dafa-4cc0-8b12-ec2c6c3f6250/resourceGroups/ps3343/providers/Microsoft.Sql/servers/ps7021/databases/ps4439\",\r\n  \"name\": \"ps4439\",\r\n  \"type\": \"Microsoft.Sql/servers/databases\"\r\n}",
      "StatusCode": 200
    },
    {
      "RequestUri": "/subscriptions/91446693-dafa-4cc0-8b12-ec2c6c3f6250/resourceGroups/ps3343/providers/Microsoft.Sql/servers/ps7021/databases/ps4439?api-version=2020-08-01-preview",
      "EncodedRequestUri": "L3N1YnNjcmlwdGlvbnMvOTE0NDY2OTMtZGFmYS00Y2MwLThiMTItZWMyYzZjM2Y2MjUwL3Jlc291cmNlR3JvdXBzL3BzMzM0My9wcm92aWRlcnMvTWljcm9zb2Z0LlNxbC9zZXJ2ZXJzL3BzNzAyMS9kYXRhYmFzZXMvcHM0NDM5P2FwaS12ZXJzaW9uPTIwMjAtMDgtMDEtcHJldmlldw==",
      "RequestMethod": "GET",
      "RequestBody": "",
      "RequestHeaders": {
        "x-ms-client-request-id": [
          "c54cbd66-037e-4157-890b-b316f9c95f53"
        ],
        "Accept-Language": [
          "en-US"
        ],
        "User-Agent": [
          "FxVersion/4.6.29321.03",
          "OSName/Windows",
          "OSVersion/Microsoft.Windows.10.0.17763.",
          "Microsoft.Azure.Management.Sql.SqlManagementClient/1.46.0.0"
        ]
      },
      "ResponseHeaders": {
        "Cache-Control": [
          "no-cache"
        ],
        "Pragma": [
          "no-cache"
        ],
        "x-ms-request-id": [
          "b2af3565-fab9-4869-bee1-0a7e2079ef9a"
        ],
        "Server": [
          "Microsoft-HTTPAPI/2.0"
        ],
        "x-ms-ratelimit-remaining-subscription-reads": [
          "11955"
        ],
        "x-ms-correlation-request-id": [
          "8ab49031-585b-449f-9a1e-813baed995df"
        ],
        "x-ms-routing-request-id": [
          "WESTCENTRALUS:20201117T173838Z:8ab49031-585b-449f-9a1e-813baed995df"
        ],
        "Strict-Transport-Security": [
          "max-age=31536000; includeSubDomains"
        ],
        "X-Content-Type-Options": [
          "nosniff"
        ],
        "Date": [
          "Tue, 17 Nov 2020 17:38:37 GMT"
        ],
        "Content-Length": [
          "822"
        ],
        "Content-Type": [
          "application/json; charset=utf-8"
        ],
        "Expires": [
          "-1"
        ]
      },
      "ResponseBody": "{\r\n  \"sku\": {\r\n    \"name\": \"DataWarehouse\",\r\n    \"tier\": \"DataWarehouse\",\r\n    \"capacity\": 900\r\n  },\r\n  \"kind\": \"v12.0,user,datawarehouse,gen2\",\r\n  \"properties\": {\r\n    \"collation\": \"SQL_Latin1_General_CP1_CI_AS\",\r\n    \"maxSizeBytes\": 268435456000,\r\n    \"status\": \"Online\",\r\n    \"databaseId\": \"feb30003-2e3f-47c5-bb2f-a883e726f7e4\",\r\n    \"creationDate\": \"2020-11-17T17:38:27.967Z\",\r\n    \"currentServiceObjectiveName\": \"DW100c\",\r\n    \"requestedServiceObjectiveName\": \"DW100c\",\r\n    \"defaultSecondaryLocation\": \"eastasia\",\r\n    \"catalogCollation\": \"SQL_Latin1_General_CP1_CI_AS\",\r\n    \"readScale\": \"Disabled\",\r\n    \"currentSku\": {\r\n      \"name\": \"DataWarehouse\",\r\n      \"tier\": \"DataWarehouse\",\r\n      \"capacity\": 900\r\n    },\r\n    \"storageAccountType\": \"GRS\"\r\n  },\r\n  \"location\": \"southeastasia\",\r\n  \"id\": \"/subscriptions/91446693-dafa-4cc0-8b12-ec2c6c3f6250/resourceGroups/ps3343/providers/Microsoft.Sql/servers/ps7021/databases/ps4439\",\r\n  \"name\": \"ps4439\",\r\n  \"type\": \"Microsoft.Sql/servers/databases\"\r\n}",
      "StatusCode": 200
    },
    {
      "RequestUri": "/subscriptions/91446693-dafa-4cc0-8b12-ec2c6c3f6250/resourceGroups/ps3343/providers/Microsoft.Sql/servers/ps7021/databases/ps4439?api-version=2020-08-01-preview",
      "EncodedRequestUri": "L3N1YnNjcmlwdGlvbnMvOTE0NDY2OTMtZGFmYS00Y2MwLThiMTItZWMyYzZjM2Y2MjUwL3Jlc291cmNlR3JvdXBzL3BzMzM0My9wcm92aWRlcnMvTWljcm9zb2Z0LlNxbC9zZXJ2ZXJzL3BzNzAyMS9kYXRhYmFzZXMvcHM0NDM5P2FwaS12ZXJzaW9uPTIwMjAtMDgtMDEtcHJldmlldw==",
      "RequestMethod": "GET",
      "RequestBody": "",
      "RequestHeaders": {
        "User-Agent": [
          "FxVersion/4.6.29321.03",
          "OSName/Windows",
          "OSVersion/Microsoft.Windows.10.0.17763.",
          "Microsoft.Azure.Management.Sql.SqlManagementClient/1.46.0.0"
        ]
      },
      "ResponseHeaders": {
        "Cache-Control": [
          "no-cache"
        ],
        "Pragma": [
          "no-cache"
        ],
        "x-ms-request-id": [
          "0dc0d151-8fa1-43e3-9deb-15cc2ff9dadc"
        ],
        "Server": [
          "Microsoft-HTTPAPI/2.0"
        ],
        "x-ms-ratelimit-remaining-subscription-reads": [
          "11941"
        ],
        "x-ms-correlation-request-id": [
          "794aa45f-3f9b-4a56-a524-65d6585a429c"
        ],
        "x-ms-routing-request-id": [
          "WESTCENTRALUS:20201117T174159Z:794aa45f-3f9b-4a56-a524-65d6585a429c"
        ],
        "Strict-Transport-Security": [
          "max-age=31536000; includeSubDomains"
        ],
        "X-Content-Type-Options": [
          "nosniff"
        ],
        "Date": [
          "Tue, 17 Nov 2020 17:41:58 GMT"
        ],
        "Content-Length": [
          "824"
        ],
        "Content-Type": [
          "application/json; charset=utf-8"
        ],
        "Expires": [
          "-1"
        ]
      },
      "ResponseBody": "{\r\n  \"sku\": {\r\n    \"name\": \"DataWarehouse\",\r\n    \"tier\": \"DataWarehouse\",\r\n    \"capacity\": 1800\r\n  },\r\n  \"kind\": \"v12.0,user,datawarehouse,gen2\",\r\n  \"properties\": {\r\n    \"collation\": \"SQL_Latin1_General_CP1_CI_AS\",\r\n    \"maxSizeBytes\": 268435456000,\r\n    \"status\": \"Online\",\r\n    \"databaseId\": \"feb30003-2e3f-47c5-bb2f-a883e726f7e4\",\r\n    \"creationDate\": \"2020-11-17T17:38:27.967Z\",\r\n    \"currentServiceObjectiveName\": \"DW200c\",\r\n    \"requestedServiceObjectiveName\": \"DW200c\",\r\n    \"defaultSecondaryLocation\": \"eastasia\",\r\n    \"catalogCollation\": \"SQL_Latin1_General_CP1_CI_AS\",\r\n    \"readScale\": \"Disabled\",\r\n    \"currentSku\": {\r\n      \"name\": \"DataWarehouse\",\r\n      \"tier\": \"DataWarehouse\",\r\n      \"capacity\": 1800\r\n    },\r\n    \"storageAccountType\": \"GRS\"\r\n  },\r\n  \"location\": \"southeastasia\",\r\n  \"id\": \"/subscriptions/91446693-dafa-4cc0-8b12-ec2c6c3f6250/resourceGroups/ps3343/providers/Microsoft.Sql/servers/ps7021/databases/ps4439\",\r\n  \"name\": \"ps4439\",\r\n  \"type\": \"Microsoft.Sql/servers/databases\"\r\n}",
      "StatusCode": 200
    },
    {
      "RequestUri": "/subscriptions/91446693-dafa-4cc0-8b12-ec2c6c3f6250/resourceGroups/ps3343/providers/Microsoft.Sql/servers/ps7021/databases/ps4439?api-version=2020-08-01-preview",
      "EncodedRequestUri": "L3N1YnNjcmlwdGlvbnMvOTE0NDY2OTMtZGFmYS00Y2MwLThiMTItZWMyYzZjM2Y2MjUwL3Jlc291cmNlR3JvdXBzL3BzMzM0My9wcm92aWRlcnMvTWljcm9zb2Z0LlNxbC9zZXJ2ZXJzL3BzNzAyMS9kYXRhYmFzZXMvcHM0NDM5P2FwaS12ZXJzaW9uPTIwMjAtMDgtMDEtcHJldmlldw==",
      "RequestMethod": "PUT",
      "RequestBody": "{\r\n  \"sku\": {\r\n    \"name\": \"DW100c\",\r\n    \"tier\": \"DataWarehouse\"\r\n  },\r\n  \"properties\": {\r\n    \"collation\": \"SQL_Latin1_General_CP1_CI_AS\",\r\n    \"maxSizeBytes\": 268435456000,\r\n    \"readScale\": \"\"\r\n  },\r\n  \"location\": \"southeastasia\"\r\n}",
      "RequestHeaders": {
        "x-ms-client-request-id": [
          "498265da-6c1b-457c-a8e3-4370c7f62967"
        ],
        "Accept-Language": [
          "en-US"
        ],
        "User-Agent": [
          "FxVersion/4.6.29321.03",
          "OSName/Windows",
          "OSVersion/Microsoft.Windows.10.0.17763.",
          "Microsoft.Azure.Management.Sql.SqlManagementClient/1.46.0.0"
        ],
        "Content-Type": [
          "application/json; charset=utf-8"
        ],
        "Content-Length": [
          "236"
        ]
      },
      "ResponseHeaders": {
        "Cache-Control": [
          "no-cache"
        ],
        "Pragma": [
          "no-cache"
        ],
        "Location": [
          "https://management.azure.com/subscriptions/91446693-dafa-4cc0-8b12-ec2c6c3f6250/resourceGroups/ps3343/providers/Microsoft.Sql/locations/southeastasia/databaseOperationResults/425a7cf5-ad10-4b2d-99c8-491069fc4312?api-version=2020-08-01-preview"
        ],
        "Retry-After": [
          "15"
        ],
        "Azure-AsyncOperation": [
          "https://management.azure.com/subscriptions/91446693-dafa-4cc0-8b12-ec2c6c3f6250/resourceGroups/ps3343/providers/Microsoft.Sql/locations/southeastasia/databaseAzureAsyncOperation/425a7cf5-ad10-4b2d-99c8-491069fc4312?api-version=2020-08-01-preview"
        ],
        "x-ms-request-id": [
          "425a7cf5-ad10-4b2d-99c8-491069fc4312"
        ],
        "Server": [
          "Microsoft-HTTPAPI/2.0"
        ],
        "x-ms-ratelimit-remaining-subscription-writes": [
          "1195"
        ],
        "x-ms-correlation-request-id": [
          "fe84cccf-4503-4bc6-9b91-ed08d86578e8"
        ],
        "x-ms-routing-request-id": [
          "WESTCENTRALUS:20201117T173634Z:fe84cccf-4503-4bc6-9b91-ed08d86578e8"
        ],
        "Strict-Transport-Security": [
          "max-age=31536000; includeSubDomains"
        ],
        "X-Content-Type-Options": [
          "nosniff"
        ],
        "Date": [
          "Tue, 17 Nov 2020 17:36:34 GMT"
        ],
        "Content-Length": [
          "75"
        ],
        "Content-Type": [
          "application/json; charset=utf-8"
        ],
        "Expires": [
          "-1"
        ]
      },
      "ResponseBody": "{\r\n  \"operation\": \"CreateLogicalDatabase\",\r\n  \"startTime\": \"2020-11-17T17:36:34.54Z\"\r\n}",
      "StatusCode": 202
    },
    {
      "RequestUri": "/subscriptions/91446693-dafa-4cc0-8b12-ec2c6c3f6250/resourceGroups/ps3343/providers/Microsoft.Sql/servers/ps7021/databases/ps4439?api-version=2020-08-01-preview",
      "EncodedRequestUri": "L3N1YnNjcmlwdGlvbnMvOTE0NDY2OTMtZGFmYS00Y2MwLThiMTItZWMyYzZjM2Y2MjUwL3Jlc291cmNlR3JvdXBzL3BzMzM0My9wcm92aWRlcnMvTWljcm9zb2Z0LlNxbC9zZXJ2ZXJzL3BzNzAyMS9kYXRhYmFzZXMvcHM0NDM5P2FwaS12ZXJzaW9uPTIwMjAtMDgtMDEtcHJldmlldw==",
      "RequestMethod": "PUT",
      "RequestBody": "{\r\n  \"sku\": {\r\n    \"name\": \"DW200c\",\r\n    \"tier\": \"DataWarehouse\"\r\n  },\r\n  \"properties\": {\r\n    \"maxSizeBytes\": 268435456000,\r\n    \"readScale\": \"Disabled\"\r\n  },\r\n  \"location\": \"southeastasia\"\r\n}",
      "RequestHeaders": {
        "x-ms-client-request-id": [
          "4c527c78-f06d-4370-8d89-95bbd36cad32"
        ],
        "Accept-Language": [
          "en-US"
        ],
        "User-Agent": [
          "FxVersion/4.6.29321.03",
          "OSName/Windows",
          "OSVersion/Microsoft.Windows.10.0.17763.",
          "Microsoft.Azure.Management.Sql.SqlManagementClient/1.46.0.0"
        ],
        "Content-Type": [
          "application/json; charset=utf-8"
        ],
        "Content-Length": [
          "194"
        ]
      },
      "ResponseHeaders": {
        "Cache-Control": [
          "no-cache"
        ],
        "Pragma": [
          "no-cache"
        ],
        "Location": [
          "https://management.azure.com/subscriptions/91446693-dafa-4cc0-8b12-ec2c6c3f6250/resourceGroups/ps3343/providers/Microsoft.Sql/locations/southeastasia/databaseOperationResults/b9146184-337c-43c8-a6c7-12e8e4b4265b?api-version=2020-08-01-preview"
        ],
        "Retry-After": [
          "15"
        ],
        "Azure-AsyncOperation": [
          "https://management.azure.com/subscriptions/91446693-dafa-4cc0-8b12-ec2c6c3f6250/resourceGroups/ps3343/providers/Microsoft.Sql/locations/southeastasia/databaseAzureAsyncOperation/b9146184-337c-43c8-a6c7-12e8e4b4265b?api-version=2020-08-01-preview"
        ],
        "x-ms-request-id": [
          "b9146184-337c-43c8-a6c7-12e8e4b4265b"
        ],
        "Server": [
          "Microsoft-HTTPAPI/2.0"
        ],
        "x-ms-ratelimit-remaining-subscription-writes": [
          "1194"
        ],
        "x-ms-correlation-request-id": [
          "fb065ae9-737b-47ab-a9c4-4513f39ad5e1"
        ],
        "x-ms-routing-request-id": [
          "WESTCENTRALUS:20201117T173839Z:fb065ae9-737b-47ab-a9c4-4513f39ad5e1"
        ],
        "Strict-Transport-Security": [
          "max-age=31536000; includeSubDomains"
        ],
        "X-Content-Type-Options": [
          "nosniff"
        ],
        "Date": [
          "Tue, 17 Nov 2020 17:38:38 GMT"
        ],
        "Content-Length": [
          "75"
        ],
        "Content-Type": [
          "application/json; charset=utf-8"
        ],
        "Expires": [
          "-1"
        ]
      },
      "ResponseBody": "{\r\n  \"operation\": \"UpdateLogicalDatabase\",\r\n  \"startTime\": \"2020-11-17T17:38:39.03Z\"\r\n}",
      "StatusCode": 202
    },
    {
      "RequestUri": "/subscriptions/91446693-dafa-4cc0-8b12-ec2c6c3f6250/resourceGroups/ps3343/providers/Microsoft.Sql/locations/southeastasia/databaseAzureAsyncOperation/425a7cf5-ad10-4b2d-99c8-491069fc4312?api-version=2020-08-01-preview",
      "EncodedRequestUri": "L3N1YnNjcmlwdGlvbnMvOTE0NDY2OTMtZGFmYS00Y2MwLThiMTItZWMyYzZjM2Y2MjUwL3Jlc291cmNlR3JvdXBzL3BzMzM0My9wcm92aWRlcnMvTWljcm9zb2Z0LlNxbC9sb2NhdGlvbnMvc291dGhlYXN0YXNpYS9kYXRhYmFzZUF6dXJlQXN5bmNPcGVyYXRpb24vNDI1YTdjZjUtYWQxMC00YjJkLTk5YzgtNDkxMDY5ZmM0MzEyP2FwaS12ZXJzaW9uPTIwMjAtMDgtMDEtcHJldmlldw==",
      "RequestMethod": "GET",
      "RequestBody": "",
      "RequestHeaders": {
        "User-Agent": [
          "FxVersion/4.6.29321.03",
          "OSName/Windows",
          "OSVersion/Microsoft.Windows.10.0.17763.",
          "Microsoft.Azure.Management.Sql.SqlManagementClient/1.46.0.0"
        ]
      },
      "ResponseHeaders": {
        "Cache-Control": [
          "no-cache"
        ],
        "Pragma": [
          "no-cache"
        ],
        "Retry-After": [
          "15"
        ],
        "x-ms-request-id": [
          "50ecf2a8-0748-4e0e-bfea-268683056346"
        ],
        "Server": [
          "Microsoft-HTTPAPI/2.0"
        ],
        "x-ms-ratelimit-remaining-subscription-reads": [
          "11966"
        ],
        "x-ms-correlation-request-id": [
          "fc9a938e-c5fe-4380-abfa-67cc8e93b422"
        ],
        "x-ms-routing-request-id": [
          "WESTCENTRALUS:20201117T173650Z:fc9a938e-c5fe-4380-abfa-67cc8e93b422"
        ],
        "Strict-Transport-Security": [
          "max-age=31536000; includeSubDomains"
        ],
        "X-Content-Type-Options": [
          "nosniff"
        ],
        "Date": [
          "Tue, 17 Nov 2020 17:36:50 GMT"
        ],
        "Content-Length": [
          "107"
        ],
        "Content-Type": [
          "application/json; charset=utf-8"
        ],
        "Expires": [
          "-1"
        ]
      },
      "ResponseBody": "{\r\n  \"name\": \"425a7cf5-ad10-4b2d-99c8-491069fc4312\",\r\n  \"status\": \"InProgress\",\r\n  \"startTime\": \"2020-11-17T17:36:34.54Z\"\r\n}",
      "StatusCode": 200
    },
    {
      "RequestUri": "/subscriptions/91446693-dafa-4cc0-8b12-ec2c6c3f6250/resourceGroups/ps3343/providers/Microsoft.Sql/locations/southeastasia/databaseAzureAsyncOperation/425a7cf5-ad10-4b2d-99c8-491069fc4312?api-version=2020-08-01-preview",
      "EncodedRequestUri": "L3N1YnNjcmlwdGlvbnMvOTE0NDY2OTMtZGFmYS00Y2MwLThiMTItZWMyYzZjM2Y2MjUwL3Jlc291cmNlR3JvdXBzL3BzMzM0My9wcm92aWRlcnMvTWljcm9zb2Z0LlNxbC9sb2NhdGlvbnMvc291dGhlYXN0YXNpYS9kYXRhYmFzZUF6dXJlQXN5bmNPcGVyYXRpb24vNDI1YTdjZjUtYWQxMC00YjJkLTk5YzgtNDkxMDY5ZmM0MzEyP2FwaS12ZXJzaW9uPTIwMjAtMDgtMDEtcHJldmlldw==",
      "RequestMethod": "GET",
      "RequestBody": "",
      "RequestHeaders": {
        "User-Agent": [
          "FxVersion/4.6.29321.03",
          "OSName/Windows",
          "OSVersion/Microsoft.Windows.10.0.17763.",
          "Microsoft.Azure.Management.Sql.SqlManagementClient/1.46.0.0"
        ]
      },
      "ResponseHeaders": {
        "Cache-Control": [
          "no-cache"
        ],
        "Pragma": [
          "no-cache"
        ],
        "Retry-After": [
          "15"
        ],
        "x-ms-request-id": [
          "c52dfaa0-6896-40de-b0f1-ea55bc8d2481"
        ],
        "Server": [
          "Microsoft-HTTPAPI/2.0"
        ],
        "x-ms-ratelimit-remaining-subscription-reads": [
          "11965"
        ],
        "x-ms-correlation-request-id": [
          "44b65a75-e39b-47a3-bd12-1e8da18d9ad9"
        ],
        "x-ms-routing-request-id": [
          "WESTCENTRALUS:20201117T173705Z:44b65a75-e39b-47a3-bd12-1e8da18d9ad9"
        ],
        "Strict-Transport-Security": [
          "max-age=31536000; includeSubDomains"
        ],
        "X-Content-Type-Options": [
          "nosniff"
        ],
        "Date": [
          "Tue, 17 Nov 2020 17:37:05 GMT"
        ],
        "Content-Length": [
          "107"
        ],
        "Content-Type": [
          "application/json; charset=utf-8"
        ],
        "Expires": [
          "-1"
        ]
      },
      "ResponseBody": "{\r\n  \"name\": \"425a7cf5-ad10-4b2d-99c8-491069fc4312\",\r\n  \"status\": \"InProgress\",\r\n  \"startTime\": \"2020-11-17T17:36:34.54Z\"\r\n}",
      "StatusCode": 200
    },
    {
      "RequestUri": "/subscriptions/91446693-dafa-4cc0-8b12-ec2c6c3f6250/resourceGroups/ps3343/providers/Microsoft.Sql/locations/southeastasia/databaseAzureAsyncOperation/425a7cf5-ad10-4b2d-99c8-491069fc4312?api-version=2020-08-01-preview",
      "EncodedRequestUri": "L3N1YnNjcmlwdGlvbnMvOTE0NDY2OTMtZGFmYS00Y2MwLThiMTItZWMyYzZjM2Y2MjUwL3Jlc291cmNlR3JvdXBzL3BzMzM0My9wcm92aWRlcnMvTWljcm9zb2Z0LlNxbC9sb2NhdGlvbnMvc291dGhlYXN0YXNpYS9kYXRhYmFzZUF6dXJlQXN5bmNPcGVyYXRpb24vNDI1YTdjZjUtYWQxMC00YjJkLTk5YzgtNDkxMDY5ZmM0MzEyP2FwaS12ZXJzaW9uPTIwMjAtMDgtMDEtcHJldmlldw==",
      "RequestMethod": "GET",
      "RequestBody": "",
      "RequestHeaders": {
        "User-Agent": [
          "FxVersion/4.6.29321.03",
          "OSName/Windows",
          "OSVersion/Microsoft.Windows.10.0.17763.",
          "Microsoft.Azure.Management.Sql.SqlManagementClient/1.46.0.0"
        ]
      },
      "ResponseHeaders": {
        "Cache-Control": [
          "no-cache"
        ],
        "Pragma": [
          "no-cache"
        ],
        "Retry-After": [
          "15"
        ],
        "x-ms-request-id": [
          "6248326b-a704-485b-8c10-e3f249093757"
        ],
        "Server": [
          "Microsoft-HTTPAPI/2.0"
        ],
        "x-ms-ratelimit-remaining-subscription-reads": [
          "11964"
        ],
        "x-ms-correlation-request-id": [
          "38ddd346-4918-4615-a2e8-972bf9dd5f80"
        ],
        "x-ms-routing-request-id": [
          "WESTCENTRALUS:20201117T173721Z:38ddd346-4918-4615-a2e8-972bf9dd5f80"
        ],
        "Strict-Transport-Security": [
          "max-age=31536000; includeSubDomains"
        ],
        "X-Content-Type-Options": [
          "nosniff"
        ],
        "Date": [
          "Tue, 17 Nov 2020 17:37:20 GMT"
        ],
        "Content-Length": [
          "107"
        ],
        "Content-Type": [
          "application/json; charset=utf-8"
        ],
        "Expires": [
          "-1"
        ]
      },
      "ResponseBody": "{\r\n  \"name\": \"425a7cf5-ad10-4b2d-99c8-491069fc4312\",\r\n  \"status\": \"InProgress\",\r\n  \"startTime\": \"2020-11-17T17:36:34.54Z\"\r\n}",
      "StatusCode": 200
    },
    {
      "RequestUri": "/subscriptions/91446693-dafa-4cc0-8b12-ec2c6c3f6250/resourceGroups/ps3343/providers/Microsoft.Sql/locations/southeastasia/databaseAzureAsyncOperation/425a7cf5-ad10-4b2d-99c8-491069fc4312?api-version=2020-08-01-preview",
      "EncodedRequestUri": "L3N1YnNjcmlwdGlvbnMvOTE0NDY2OTMtZGFmYS00Y2MwLThiMTItZWMyYzZjM2Y2MjUwL3Jlc291cmNlR3JvdXBzL3BzMzM0My9wcm92aWRlcnMvTWljcm9zb2Z0LlNxbC9sb2NhdGlvbnMvc291dGhlYXN0YXNpYS9kYXRhYmFzZUF6dXJlQXN5bmNPcGVyYXRpb24vNDI1YTdjZjUtYWQxMC00YjJkLTk5YzgtNDkxMDY5ZmM0MzEyP2FwaS12ZXJzaW9uPTIwMjAtMDgtMDEtcHJldmlldw==",
      "RequestMethod": "GET",
      "RequestBody": "",
      "RequestHeaders": {
        "User-Agent": [
          "FxVersion/4.6.29321.03",
          "OSName/Windows",
          "OSVersion/Microsoft.Windows.10.0.17763.",
          "Microsoft.Azure.Management.Sql.SqlManagementClient/1.46.0.0"
        ]
      },
      "ResponseHeaders": {
        "Cache-Control": [
          "no-cache"
        ],
        "Pragma": [
          "no-cache"
        ],
        "Retry-After": [
          "15"
        ],
        "x-ms-request-id": [
          "a04ae6c7-1078-4669-a568-7f3979ad0e06"
        ],
        "Server": [
          "Microsoft-HTTPAPI/2.0"
        ],
        "x-ms-ratelimit-remaining-subscription-reads": [
          "11963"
        ],
        "x-ms-correlation-request-id": [
          "51dda90c-3a9e-48a7-9561-58c08de623cd"
        ],
        "x-ms-routing-request-id": [
          "WESTCENTRALUS:20201117T173736Z:51dda90c-3a9e-48a7-9561-58c08de623cd"
        ],
        "Strict-Transport-Security": [
          "max-age=31536000; includeSubDomains"
        ],
        "X-Content-Type-Options": [
          "nosniff"
        ],
        "Date": [
          "Tue, 17 Nov 2020 17:37:36 GMT"
        ],
        "Content-Length": [
          "107"
        ],
        "Content-Type": [
          "application/json; charset=utf-8"
        ],
        "Expires": [
          "-1"
        ]
      },
      "ResponseBody": "{\r\n  \"name\": \"425a7cf5-ad10-4b2d-99c8-491069fc4312\",\r\n  \"status\": \"InProgress\",\r\n  \"startTime\": \"2020-11-17T17:36:34.54Z\"\r\n}",
      "StatusCode": 200
    },
    {
      "RequestUri": "/subscriptions/91446693-dafa-4cc0-8b12-ec2c6c3f6250/resourceGroups/ps3343/providers/Microsoft.Sql/locations/southeastasia/databaseAzureAsyncOperation/425a7cf5-ad10-4b2d-99c8-491069fc4312?api-version=2020-08-01-preview",
      "EncodedRequestUri": "L3N1YnNjcmlwdGlvbnMvOTE0NDY2OTMtZGFmYS00Y2MwLThiMTItZWMyYzZjM2Y2MjUwL3Jlc291cmNlR3JvdXBzL3BzMzM0My9wcm92aWRlcnMvTWljcm9zb2Z0LlNxbC9sb2NhdGlvbnMvc291dGhlYXN0YXNpYS9kYXRhYmFzZUF6dXJlQXN5bmNPcGVyYXRpb24vNDI1YTdjZjUtYWQxMC00YjJkLTk5YzgtNDkxMDY5ZmM0MzEyP2FwaS12ZXJzaW9uPTIwMjAtMDgtMDEtcHJldmlldw==",
      "RequestMethod": "GET",
      "RequestBody": "",
      "RequestHeaders": {
        "User-Agent": [
          "FxVersion/4.6.29321.03",
          "OSName/Windows",
          "OSVersion/Microsoft.Windows.10.0.17763.",
          "Microsoft.Azure.Management.Sql.SqlManagementClient/1.46.0.0"
        ]
      },
      "ResponseHeaders": {
        "Cache-Control": [
          "no-cache"
        ],
        "Pragma": [
          "no-cache"
        ],
        "Retry-After": [
          "15"
        ],
        "x-ms-request-id": [
          "b4f7f325-7f98-45b9-b4e2-801a2195f2c6"
        ],
        "Server": [
          "Microsoft-HTTPAPI/2.0"
        ],
        "x-ms-ratelimit-remaining-subscription-reads": [
          "11962"
        ],
        "x-ms-correlation-request-id": [
          "01d1b7ec-3f4b-4b9c-99d2-7df4c5db4d72"
        ],
        "x-ms-routing-request-id": [
          "WESTCENTRALUS:20201117T173751Z:01d1b7ec-3f4b-4b9c-99d2-7df4c5db4d72"
        ],
        "Strict-Transport-Security": [
          "max-age=31536000; includeSubDomains"
        ],
        "X-Content-Type-Options": [
          "nosniff"
        ],
        "Date": [
          "Tue, 17 Nov 2020 17:37:51 GMT"
        ],
        "Content-Length": [
          "107"
        ],
        "Content-Type": [
          "application/json; charset=utf-8"
        ],
        "Expires": [
          "-1"
        ]
      },
      "ResponseBody": "{\r\n  \"name\": \"425a7cf5-ad10-4b2d-99c8-491069fc4312\",\r\n  \"status\": \"InProgress\",\r\n  \"startTime\": \"2020-11-17T17:36:34.54Z\"\r\n}",
      "StatusCode": 200
    },
    {
      "RequestUri": "/subscriptions/91446693-dafa-4cc0-8b12-ec2c6c3f6250/resourceGroups/ps3343/providers/Microsoft.Sql/locations/southeastasia/databaseAzureAsyncOperation/425a7cf5-ad10-4b2d-99c8-491069fc4312?api-version=2020-08-01-preview",
      "EncodedRequestUri": "L3N1YnNjcmlwdGlvbnMvOTE0NDY2OTMtZGFmYS00Y2MwLThiMTItZWMyYzZjM2Y2MjUwL3Jlc291cmNlR3JvdXBzL3BzMzM0My9wcm92aWRlcnMvTWljcm9zb2Z0LlNxbC9sb2NhdGlvbnMvc291dGhlYXN0YXNpYS9kYXRhYmFzZUF6dXJlQXN5bmNPcGVyYXRpb24vNDI1YTdjZjUtYWQxMC00YjJkLTk5YzgtNDkxMDY5ZmM0MzEyP2FwaS12ZXJzaW9uPTIwMjAtMDgtMDEtcHJldmlldw==",
      "RequestMethod": "GET",
      "RequestBody": "",
      "RequestHeaders": {
        "User-Agent": [
          "FxVersion/4.6.29321.03",
          "OSName/Windows",
          "OSVersion/Microsoft.Windows.10.0.17763.",
          "Microsoft.Azure.Management.Sql.SqlManagementClient/1.46.0.0"
        ]
      },
      "ResponseHeaders": {
        "Cache-Control": [
          "no-cache"
        ],
        "Pragma": [
          "no-cache"
        ],
        "Retry-After": [
          "15"
        ],
        "x-ms-request-id": [
          "6cd46d8b-4bd2-4212-9707-7579df67fd14"
        ],
        "Server": [
          "Microsoft-HTTPAPI/2.0"
        ],
        "x-ms-ratelimit-remaining-subscription-reads": [
          "11961"
        ],
        "x-ms-correlation-request-id": [
          "25833ee4-9165-4eea-a871-b0ba41e45f27"
        ],
        "x-ms-routing-request-id": [
          "WESTCENTRALUS:20201117T173807Z:25833ee4-9165-4eea-a871-b0ba41e45f27"
        ],
        "Strict-Transport-Security": [
          "max-age=31536000; includeSubDomains"
        ],
        "X-Content-Type-Options": [
          "nosniff"
        ],
        "Date": [
          "Tue, 17 Nov 2020 17:38:06 GMT"
        ],
        "Content-Length": [
          "107"
        ],
        "Content-Type": [
          "application/json; charset=utf-8"
        ],
        "Expires": [
          "-1"
        ]
      },
      "ResponseBody": "{\r\n  \"name\": \"425a7cf5-ad10-4b2d-99c8-491069fc4312\",\r\n  \"status\": \"InProgress\",\r\n  \"startTime\": \"2020-11-17T17:36:34.54Z\"\r\n}",
      "StatusCode": 200
    },
    {
      "RequestUri": "/subscriptions/91446693-dafa-4cc0-8b12-ec2c6c3f6250/resourceGroups/ps3343/providers/Microsoft.Sql/locations/southeastasia/databaseAzureAsyncOperation/425a7cf5-ad10-4b2d-99c8-491069fc4312?api-version=2020-08-01-preview",
      "EncodedRequestUri": "L3N1YnNjcmlwdGlvbnMvOTE0NDY2OTMtZGFmYS00Y2MwLThiMTItZWMyYzZjM2Y2MjUwL3Jlc291cmNlR3JvdXBzL3BzMzM0My9wcm92aWRlcnMvTWljcm9zb2Z0LlNxbC9sb2NhdGlvbnMvc291dGhlYXN0YXNpYS9kYXRhYmFzZUF6dXJlQXN5bmNPcGVyYXRpb24vNDI1YTdjZjUtYWQxMC00YjJkLTk5YzgtNDkxMDY5ZmM0MzEyP2FwaS12ZXJzaW9uPTIwMjAtMDgtMDEtcHJldmlldw==",
      "RequestMethod": "GET",
      "RequestBody": "",
      "RequestHeaders": {
        "User-Agent": [
          "FxVersion/4.6.29321.03",
          "OSName/Windows",
          "OSVersion/Microsoft.Windows.10.0.17763.",
          "Microsoft.Azure.Management.Sql.SqlManagementClient/1.46.0.0"
        ]
      },
      "ResponseHeaders": {
        "Cache-Control": [
          "no-cache"
        ],
        "Pragma": [
          "no-cache"
        ],
        "Retry-After": [
          "15"
        ],
        "x-ms-request-id": [
          "961561b6-4796-4919-a576-e0d0dfb3096f"
        ],
        "Server": [
          "Microsoft-HTTPAPI/2.0"
        ],
        "x-ms-ratelimit-remaining-subscription-reads": [
          "11960"
        ],
        "x-ms-correlation-request-id": [
          "976760d6-5a90-400f-8ac0-cf26d3843bdf"
        ],
        "x-ms-routing-request-id": [
          "WESTCENTRALUS:20201117T173822Z:976760d6-5a90-400f-8ac0-cf26d3843bdf"
        ],
        "Strict-Transport-Security": [
          "max-age=31536000; includeSubDomains"
        ],
        "X-Content-Type-Options": [
          "nosniff"
        ],
        "Date": [
          "Tue, 17 Nov 2020 17:38:21 GMT"
        ],
        "Content-Length": [
          "107"
        ],
        "Content-Type": [
          "application/json; charset=utf-8"
        ],
        "Expires": [
          "-1"
        ]
      },
      "ResponseBody": "{\r\n  \"name\": \"425a7cf5-ad10-4b2d-99c8-491069fc4312\",\r\n  \"status\": \"InProgress\",\r\n  \"startTime\": \"2020-11-17T17:36:34.54Z\"\r\n}",
      "StatusCode": 200
    },
    {
      "RequestUri": "/subscriptions/91446693-dafa-4cc0-8b12-ec2c6c3f6250/resourceGroups/ps3343/providers/Microsoft.Sql/locations/southeastasia/databaseAzureAsyncOperation/425a7cf5-ad10-4b2d-99c8-491069fc4312?api-version=2020-08-01-preview",
      "EncodedRequestUri": "L3N1YnNjcmlwdGlvbnMvOTE0NDY2OTMtZGFmYS00Y2MwLThiMTItZWMyYzZjM2Y2MjUwL3Jlc291cmNlR3JvdXBzL3BzMzM0My9wcm92aWRlcnMvTWljcm9zb2Z0LlNxbC9sb2NhdGlvbnMvc291dGhlYXN0YXNpYS9kYXRhYmFzZUF6dXJlQXN5bmNPcGVyYXRpb24vNDI1YTdjZjUtYWQxMC00YjJkLTk5YzgtNDkxMDY5ZmM0MzEyP2FwaS12ZXJzaW9uPTIwMjAtMDgtMDEtcHJldmlldw==",
      "RequestMethod": "GET",
      "RequestBody": "",
      "RequestHeaders": {
        "User-Agent": [
          "FxVersion/4.6.29321.03",
          "OSName/Windows",
          "OSVersion/Microsoft.Windows.10.0.17763.",
          "Microsoft.Azure.Management.Sql.SqlManagementClient/1.46.0.0"
        ]
      },
      "ResponseHeaders": {
        "Cache-Control": [
          "no-cache"
        ],
        "Pragma": [
          "no-cache"
        ],
        "Retry-After": [
          "15"
        ],
        "x-ms-request-id": [
          "612f5d2b-b634-4b68-b61f-671fffc71ecf"
        ],
        "Server": [
          "Microsoft-HTTPAPI/2.0"
        ],
        "x-ms-ratelimit-remaining-subscription-reads": [
          "11959"
        ],
        "x-ms-correlation-request-id": [
          "485cdabb-81ab-4210-b754-197db4657d9b"
        ],
        "x-ms-routing-request-id": [
          "WESTCENTRALUS:20201117T173837Z:485cdabb-81ab-4210-b754-197db4657d9b"
        ],
        "Strict-Transport-Security": [
          "max-age=31536000; includeSubDomains"
        ],
        "X-Content-Type-Options": [
          "nosniff"
        ],
        "Date": [
          "Tue, 17 Nov 2020 17:38:36 GMT"
        ],
        "Content-Length": [
          "106"
        ],
        "Content-Type": [
          "application/json; charset=utf-8"
        ],
        "Expires": [
          "-1"
        ]
      },
      "ResponseBody": "{\r\n  \"name\": \"425a7cf5-ad10-4b2d-99c8-491069fc4312\",\r\n  \"status\": \"Succeeded\",\r\n  \"startTime\": \"2020-11-17T17:36:34.54Z\"\r\n}",
      "StatusCode": 200
    },
    {
      "RequestUri": "/subscriptions/91446693-dafa-4cc0-8b12-ec2c6c3f6250/resourceGroups/ps3343/providers/Microsoft.Sql/locations/southeastasia/databaseAzureAsyncOperation/b9146184-337c-43c8-a6c7-12e8e4b4265b?api-version=2020-08-01-preview",
      "EncodedRequestUri": "L3N1YnNjcmlwdGlvbnMvOTE0NDY2OTMtZGFmYS00Y2MwLThiMTItZWMyYzZjM2Y2MjUwL3Jlc291cmNlR3JvdXBzL3BzMzM0My9wcm92aWRlcnMvTWljcm9zb2Z0LlNxbC9sb2NhdGlvbnMvc291dGhlYXN0YXNpYS9kYXRhYmFzZUF6dXJlQXN5bmNPcGVyYXRpb24vYjkxNDYxODQtMzM3Yy00M2M4LWE2YzctMTJlOGU0YjQyNjViP2FwaS12ZXJzaW9uPTIwMjAtMDgtMDEtcHJldmlldw==",
      "RequestMethod": "GET",
      "RequestBody": "",
      "RequestHeaders": {
        "User-Agent": [
          "FxVersion/4.6.29321.03",
          "OSName/Windows",
          "OSVersion/Microsoft.Windows.10.0.17763.",
          "Microsoft.Azure.Management.Sql.SqlManagementClient/1.46.0.0"
        ]
      },
      "ResponseHeaders": {
        "Cache-Control": [
          "no-cache"
        ],
        "Pragma": [
          "no-cache"
        ],
        "Retry-After": [
          "15"
        ],
        "x-ms-request-id": [
          "8334f186-09be-4d9d-ac04-b02ead350428"
        ],
        "Server": [
          "Microsoft-HTTPAPI/2.0"
        ],
        "x-ms-ratelimit-remaining-subscription-reads": [
          "11954"
        ],
        "x-ms-correlation-request-id": [
          "3276a2c5-ae36-4256-beba-6d1b985a9452"
        ],
        "x-ms-routing-request-id": [
          "WESTCENTRALUS:20201117T173855Z:3276a2c5-ae36-4256-beba-6d1b985a9452"
        ],
        "Strict-Transport-Security": [
          "max-age=31536000; includeSubDomains"
        ],
        "X-Content-Type-Options": [
          "nosniff"
        ],
        "Date": [
          "Tue, 17 Nov 2020 17:38:55 GMT"
        ],
        "Content-Length": [
          "107"
        ],
        "Content-Type": [
          "application/json; charset=utf-8"
        ],
        "Expires": [
          "-1"
        ]
      },
      "ResponseBody": "{\r\n  \"name\": \"b9146184-337c-43c8-a6c7-12e8e4b4265b\",\r\n  \"status\": \"InProgress\",\r\n  \"startTime\": \"2020-11-17T17:38:39.03Z\"\r\n}",
      "StatusCode": 200
    },
    {
      "RequestUri": "/subscriptions/91446693-dafa-4cc0-8b12-ec2c6c3f6250/resourceGroups/ps3343/providers/Microsoft.Sql/locations/southeastasia/databaseAzureAsyncOperation/b9146184-337c-43c8-a6c7-12e8e4b4265b?api-version=2020-08-01-preview",
      "EncodedRequestUri": "L3N1YnNjcmlwdGlvbnMvOTE0NDY2OTMtZGFmYS00Y2MwLThiMTItZWMyYzZjM2Y2MjUwL3Jlc291cmNlR3JvdXBzL3BzMzM0My9wcm92aWRlcnMvTWljcm9zb2Z0LlNxbC9sb2NhdGlvbnMvc291dGhlYXN0YXNpYS9kYXRhYmFzZUF6dXJlQXN5bmNPcGVyYXRpb24vYjkxNDYxODQtMzM3Yy00M2M4LWE2YzctMTJlOGU0YjQyNjViP2FwaS12ZXJzaW9uPTIwMjAtMDgtMDEtcHJldmlldw==",
      "RequestMethod": "GET",
      "RequestBody": "",
      "RequestHeaders": {
        "User-Agent": [
          "FxVersion/4.6.29321.03",
          "OSName/Windows",
          "OSVersion/Microsoft.Windows.10.0.17763.",
          "Microsoft.Azure.Management.Sql.SqlManagementClient/1.46.0.0"
        ]
      },
      "ResponseHeaders": {
        "Cache-Control": [
          "no-cache"
        ],
        "Pragma": [
          "no-cache"
        ],
        "Retry-After": [
          "15"
        ],
        "x-ms-request-id": [
          "7f8de5d4-64e4-4096-b98a-81d7f97dfc46"
        ],
        "Server": [
          "Microsoft-HTTPAPI/2.0"
        ],
        "x-ms-ratelimit-remaining-subscription-reads": [
          "11953"
        ],
        "x-ms-correlation-request-id": [
          "9a55909d-52ae-434b-98be-b1e938b51ce3"
        ],
        "x-ms-routing-request-id": [
          "WESTCENTRALUS:20201117T173910Z:9a55909d-52ae-434b-98be-b1e938b51ce3"
        ],
        "Strict-Transport-Security": [
          "max-age=31536000; includeSubDomains"
        ],
        "X-Content-Type-Options": [
          "nosniff"
        ],
        "Date": [
          "Tue, 17 Nov 2020 17:39:10 GMT"
        ],
        "Content-Length": [
          "107"
        ],
        "Content-Type": [
          "application/json; charset=utf-8"
        ],
        "Expires": [
          "-1"
        ]
      },
      "ResponseBody": "{\r\n  \"name\": \"b9146184-337c-43c8-a6c7-12e8e4b4265b\",\r\n  \"status\": \"InProgress\",\r\n  \"startTime\": \"2020-11-17T17:38:39.03Z\"\r\n}",
      "StatusCode": 200
    },
    {
      "RequestUri": "/subscriptions/91446693-dafa-4cc0-8b12-ec2c6c3f6250/resourceGroups/ps3343/providers/Microsoft.Sql/locations/southeastasia/databaseAzureAsyncOperation/b9146184-337c-43c8-a6c7-12e8e4b4265b?api-version=2020-08-01-preview",
      "EncodedRequestUri": "L3N1YnNjcmlwdGlvbnMvOTE0NDY2OTMtZGFmYS00Y2MwLThiMTItZWMyYzZjM2Y2MjUwL3Jlc291cmNlR3JvdXBzL3BzMzM0My9wcm92aWRlcnMvTWljcm9zb2Z0LlNxbC9sb2NhdGlvbnMvc291dGhlYXN0YXNpYS9kYXRhYmFzZUF6dXJlQXN5bmNPcGVyYXRpb24vYjkxNDYxODQtMzM3Yy00M2M4LWE2YzctMTJlOGU0YjQyNjViP2FwaS12ZXJzaW9uPTIwMjAtMDgtMDEtcHJldmlldw==",
      "RequestMethod": "GET",
      "RequestBody": "",
      "RequestHeaders": {
        "User-Agent": [
          "FxVersion/4.6.29321.03",
          "OSName/Windows",
          "OSVersion/Microsoft.Windows.10.0.17763.",
          "Microsoft.Azure.Management.Sql.SqlManagementClient/1.46.0.0"
        ]
      },
      "ResponseHeaders": {
        "Cache-Control": [
          "no-cache"
        ],
        "Pragma": [
          "no-cache"
        ],
        "Retry-After": [
          "15"
        ],
        "x-ms-request-id": [
          "bda88af9-664c-4dc2-88d5-7ec743a451a2"
        ],
        "Server": [
          "Microsoft-HTTPAPI/2.0"
        ],
        "x-ms-ratelimit-remaining-subscription-reads": [
          "11952"
        ],
        "x-ms-correlation-request-id": [
          "ac71aaa1-5c6f-4dcc-8cb7-61ce73550df4"
        ],
        "x-ms-routing-request-id": [
          "WESTCENTRALUS:20201117T173925Z:ac71aaa1-5c6f-4dcc-8cb7-61ce73550df4"
        ],
        "Strict-Transport-Security": [
          "max-age=31536000; includeSubDomains"
        ],
        "X-Content-Type-Options": [
          "nosniff"
        ],
        "Date": [
          "Tue, 17 Nov 2020 17:39:25 GMT"
        ],
        "Content-Length": [
          "107"
        ],
        "Content-Type": [
          "application/json; charset=utf-8"
        ],
        "Expires": [
          "-1"
        ]
      },
      "ResponseBody": "{\r\n  \"name\": \"b9146184-337c-43c8-a6c7-12e8e4b4265b\",\r\n  \"status\": \"InProgress\",\r\n  \"startTime\": \"2020-11-17T17:38:39.03Z\"\r\n}",
      "StatusCode": 200
    },
    {
      "RequestUri": "/subscriptions/91446693-dafa-4cc0-8b12-ec2c6c3f6250/resourceGroups/ps3343/providers/Microsoft.Sql/locations/southeastasia/databaseAzureAsyncOperation/b9146184-337c-43c8-a6c7-12e8e4b4265b?api-version=2020-08-01-preview",
      "EncodedRequestUri": "L3N1YnNjcmlwdGlvbnMvOTE0NDY2OTMtZGFmYS00Y2MwLThiMTItZWMyYzZjM2Y2MjUwL3Jlc291cmNlR3JvdXBzL3BzMzM0My9wcm92aWRlcnMvTWljcm9zb2Z0LlNxbC9sb2NhdGlvbnMvc291dGhlYXN0YXNpYS9kYXRhYmFzZUF6dXJlQXN5bmNPcGVyYXRpb24vYjkxNDYxODQtMzM3Yy00M2M4LWE2YzctMTJlOGU0YjQyNjViP2FwaS12ZXJzaW9uPTIwMjAtMDgtMDEtcHJldmlldw==",
      "RequestMethod": "GET",
      "RequestBody": "",
      "RequestHeaders": {
        "User-Agent": [
          "FxVersion/4.6.29321.03",
          "OSName/Windows",
          "OSVersion/Microsoft.Windows.10.0.17763.",
          "Microsoft.Azure.Management.Sql.SqlManagementClient/1.46.0.0"
        ]
      },
      "ResponseHeaders": {
        "Cache-Control": [
          "no-cache"
        ],
        "Pragma": [
          "no-cache"
        ],
        "Retry-After": [
          "15"
        ],
        "x-ms-request-id": [
          "cfeb83f1-e9b5-466c-b1d6-02879a2b287a"
        ],
        "Server": [
          "Microsoft-HTTPAPI/2.0"
        ],
        "x-ms-ratelimit-remaining-subscription-reads": [
          "11951"
        ],
        "x-ms-correlation-request-id": [
          "375ec9c2-1b60-4094-a858-6474a963207f"
        ],
        "x-ms-routing-request-id": [
          "WESTCENTRALUS:20201117T173940Z:375ec9c2-1b60-4094-a858-6474a963207f"
        ],
        "Strict-Transport-Security": [
          "max-age=31536000; includeSubDomains"
        ],
        "X-Content-Type-Options": [
          "nosniff"
        ],
        "Date": [
          "Tue, 17 Nov 2020 17:39:40 GMT"
        ],
        "Content-Length": [
          "107"
        ],
        "Content-Type": [
          "application/json; charset=utf-8"
        ],
        "Expires": [
          "-1"
        ]
      },
      "ResponseBody": "{\r\n  \"name\": \"b9146184-337c-43c8-a6c7-12e8e4b4265b\",\r\n  \"status\": \"InProgress\",\r\n  \"startTime\": \"2020-11-17T17:38:39.03Z\"\r\n}",
      "StatusCode": 200
    },
    {
      "RequestUri": "/subscriptions/91446693-dafa-4cc0-8b12-ec2c6c3f6250/resourceGroups/ps3343/providers/Microsoft.Sql/locations/southeastasia/databaseAzureAsyncOperation/b9146184-337c-43c8-a6c7-12e8e4b4265b?api-version=2020-08-01-preview",
      "EncodedRequestUri": "L3N1YnNjcmlwdGlvbnMvOTE0NDY2OTMtZGFmYS00Y2MwLThiMTItZWMyYzZjM2Y2MjUwL3Jlc291cmNlR3JvdXBzL3BzMzM0My9wcm92aWRlcnMvTWljcm9zb2Z0LlNxbC9sb2NhdGlvbnMvc291dGhlYXN0YXNpYS9kYXRhYmFzZUF6dXJlQXN5bmNPcGVyYXRpb24vYjkxNDYxODQtMzM3Yy00M2M4LWE2YzctMTJlOGU0YjQyNjViP2FwaS12ZXJzaW9uPTIwMjAtMDgtMDEtcHJldmlldw==",
      "RequestMethod": "GET",
      "RequestBody": "",
      "RequestHeaders": {
        "User-Agent": [
          "FxVersion/4.6.29321.03",
          "OSName/Windows",
          "OSVersion/Microsoft.Windows.10.0.17763.",
          "Microsoft.Azure.Management.Sql.SqlManagementClient/1.46.0.0"
        ]
      },
      "ResponseHeaders": {
        "Cache-Control": [
          "no-cache"
        ],
        "Pragma": [
          "no-cache"
        ],
        "Retry-After": [
          "15"
        ],
        "x-ms-request-id": [
          "03265f2f-b824-4c0c-ae2a-ffe39228fd94"
        ],
        "Server": [
          "Microsoft-HTTPAPI/2.0"
        ],
        "x-ms-ratelimit-remaining-subscription-reads": [
          "11950"
        ],
        "x-ms-correlation-request-id": [
          "fc31fa37-e599-4de1-958d-cdfd7f020f14"
        ],
        "x-ms-routing-request-id": [
          "WESTCENTRALUS:20201117T173956Z:fc31fa37-e599-4de1-958d-cdfd7f020f14"
        ],
        "Strict-Transport-Security": [
          "max-age=31536000; includeSubDomains"
        ],
        "X-Content-Type-Options": [
          "nosniff"
        ],
        "Date": [
          "Tue, 17 Nov 2020 17:39:55 GMT"
        ],
        "Content-Length": [
          "107"
        ],
        "Content-Type": [
          "application/json; charset=utf-8"
        ],
        "Expires": [
          "-1"
        ]
      },
      "ResponseBody": "{\r\n  \"name\": \"b9146184-337c-43c8-a6c7-12e8e4b4265b\",\r\n  \"status\": \"InProgress\",\r\n  \"startTime\": \"2020-11-17T17:38:39.03Z\"\r\n}",
      "StatusCode": 200
    },
    {
      "RequestUri": "/subscriptions/91446693-dafa-4cc0-8b12-ec2c6c3f6250/resourceGroups/ps3343/providers/Microsoft.Sql/locations/southeastasia/databaseAzureAsyncOperation/b9146184-337c-43c8-a6c7-12e8e4b4265b?api-version=2020-08-01-preview",
      "EncodedRequestUri": "L3N1YnNjcmlwdGlvbnMvOTE0NDY2OTMtZGFmYS00Y2MwLThiMTItZWMyYzZjM2Y2MjUwL3Jlc291cmNlR3JvdXBzL3BzMzM0My9wcm92aWRlcnMvTWljcm9zb2Z0LlNxbC9sb2NhdGlvbnMvc291dGhlYXN0YXNpYS9kYXRhYmFzZUF6dXJlQXN5bmNPcGVyYXRpb24vYjkxNDYxODQtMzM3Yy00M2M4LWE2YzctMTJlOGU0YjQyNjViP2FwaS12ZXJzaW9uPTIwMjAtMDgtMDEtcHJldmlldw==",
      "RequestMethod": "GET",
      "RequestBody": "",
      "RequestHeaders": {
        "User-Agent": [
          "FxVersion/4.6.29321.03",
          "OSName/Windows",
          "OSVersion/Microsoft.Windows.10.0.17763.",
          "Microsoft.Azure.Management.Sql.SqlManagementClient/1.46.0.0"
        ]
      },
      "ResponseHeaders": {
        "Cache-Control": [
          "no-cache"
        ],
        "Pragma": [
          "no-cache"
        ],
        "Retry-After": [
          "15"
        ],
        "x-ms-request-id": [
          "555bd722-ba6e-4fc3-b71c-1a0f3c6a39bf"
        ],
        "Server": [
          "Microsoft-HTTPAPI/2.0"
        ],
        "x-ms-ratelimit-remaining-subscription-reads": [
          "11949"
        ],
        "x-ms-correlation-request-id": [
          "2994979a-6a3e-4041-998a-8af3c637fc59"
        ],
        "x-ms-routing-request-id": [
          "WESTCENTRALUS:20201117T174012Z:2994979a-6a3e-4041-998a-8af3c637fc59"
        ],
        "Strict-Transport-Security": [
          "max-age=31536000; includeSubDomains"
        ],
        "X-Content-Type-Options": [
          "nosniff"
        ],
        "Date": [
          "Tue, 17 Nov 2020 17:40:11 GMT"
        ],
        "Content-Length": [
          "107"
        ],
        "Content-Type": [
          "application/json; charset=utf-8"
        ],
        "Expires": [
          "-1"
        ]
      },
      "ResponseBody": "{\r\n  \"name\": \"b9146184-337c-43c8-a6c7-12e8e4b4265b\",\r\n  \"status\": \"InProgress\",\r\n  \"startTime\": \"2020-11-17T17:38:39.03Z\"\r\n}",
      "StatusCode": 200
    },
    {
      "RequestUri": "/subscriptions/91446693-dafa-4cc0-8b12-ec2c6c3f6250/resourceGroups/ps3343/providers/Microsoft.Sql/locations/southeastasia/databaseAzureAsyncOperation/b9146184-337c-43c8-a6c7-12e8e4b4265b?api-version=2020-08-01-preview",
      "EncodedRequestUri": "L3N1YnNjcmlwdGlvbnMvOTE0NDY2OTMtZGFmYS00Y2MwLThiMTItZWMyYzZjM2Y2MjUwL3Jlc291cmNlR3JvdXBzL3BzMzM0My9wcm92aWRlcnMvTWljcm9zb2Z0LlNxbC9sb2NhdGlvbnMvc291dGhlYXN0YXNpYS9kYXRhYmFzZUF6dXJlQXN5bmNPcGVyYXRpb24vYjkxNDYxODQtMzM3Yy00M2M4LWE2YzctMTJlOGU0YjQyNjViP2FwaS12ZXJzaW9uPTIwMjAtMDgtMDEtcHJldmlldw==",
      "RequestMethod": "GET",
      "RequestBody": "",
      "RequestHeaders": {
        "User-Agent": [
          "FxVersion/4.6.29321.03",
          "OSName/Windows",
          "OSVersion/Microsoft.Windows.10.0.17763.",
          "Microsoft.Azure.Management.Sql.SqlManagementClient/1.46.0.0"
        ]
      },
      "ResponseHeaders": {
        "Cache-Control": [
          "no-cache"
        ],
        "Pragma": [
          "no-cache"
        ],
        "Retry-After": [
          "15"
        ],
        "x-ms-request-id": [
          "7b65b690-38fd-41a4-9a6d-943ae7217622"
        ],
        "Server": [
          "Microsoft-HTTPAPI/2.0"
        ],
        "x-ms-ratelimit-remaining-subscription-reads": [
          "11948"
        ],
        "x-ms-correlation-request-id": [
          "3d4d1f6c-dc77-48a3-81a4-7fe491036b14"
        ],
        "x-ms-routing-request-id": [
          "WESTCENTRALUS:20201117T174027Z:3d4d1f6c-dc77-48a3-81a4-7fe491036b14"
        ],
        "Strict-Transport-Security": [
          "max-age=31536000; includeSubDomains"
        ],
        "X-Content-Type-Options": [
          "nosniff"
        ],
        "Date": [
          "Tue, 17 Nov 2020 17:40:26 GMT"
        ],
        "Content-Length": [
          "107"
        ],
        "Content-Type": [
          "application/json; charset=utf-8"
        ],
        "Expires": [
          "-1"
        ]
      },
      "ResponseBody": "{\r\n  \"name\": \"b9146184-337c-43c8-a6c7-12e8e4b4265b\",\r\n  \"status\": \"InProgress\",\r\n  \"startTime\": \"2020-11-17T17:38:39.03Z\"\r\n}",
      "StatusCode": 200
    },
    {
      "RequestUri": "/subscriptions/91446693-dafa-4cc0-8b12-ec2c6c3f6250/resourceGroups/ps3343/providers/Microsoft.Sql/locations/southeastasia/databaseAzureAsyncOperation/b9146184-337c-43c8-a6c7-12e8e4b4265b?api-version=2020-08-01-preview",
      "EncodedRequestUri": "L3N1YnNjcmlwdGlvbnMvOTE0NDY2OTMtZGFmYS00Y2MwLThiMTItZWMyYzZjM2Y2MjUwL3Jlc291cmNlR3JvdXBzL3BzMzM0My9wcm92aWRlcnMvTWljcm9zb2Z0LlNxbC9sb2NhdGlvbnMvc291dGhlYXN0YXNpYS9kYXRhYmFzZUF6dXJlQXN5bmNPcGVyYXRpb24vYjkxNDYxODQtMzM3Yy00M2M4LWE2YzctMTJlOGU0YjQyNjViP2FwaS12ZXJzaW9uPTIwMjAtMDgtMDEtcHJldmlldw==",
      "RequestMethod": "GET",
      "RequestBody": "",
      "RequestHeaders": {
        "User-Agent": [
          "FxVersion/4.6.29321.03",
          "OSName/Windows",
          "OSVersion/Microsoft.Windows.10.0.17763.",
          "Microsoft.Azure.Management.Sql.SqlManagementClient/1.46.0.0"
        ]
      },
      "ResponseHeaders": {
        "Cache-Control": [
          "no-cache"
        ],
        "Pragma": [
          "no-cache"
        ],
        "Retry-After": [
          "15"
        ],
        "x-ms-request-id": [
          "c97e68bb-fb2c-48b3-a5ee-88d0f09766aa"
        ],
        "Server": [
          "Microsoft-HTTPAPI/2.0"
        ],
        "x-ms-ratelimit-remaining-subscription-reads": [
          "11947"
        ],
        "x-ms-correlation-request-id": [
          "3fa9865f-58a1-4e63-b96b-681207b626c6"
        ],
        "x-ms-routing-request-id": [
          "WESTCENTRALUS:20201117T174042Z:3fa9865f-58a1-4e63-b96b-681207b626c6"
        ],
        "Strict-Transport-Security": [
          "max-age=31536000; includeSubDomains"
        ],
        "X-Content-Type-Options": [
          "nosniff"
        ],
        "Date": [
          "Tue, 17 Nov 2020 17:40:42 GMT"
        ],
        "Content-Length": [
          "107"
        ],
        "Content-Type": [
          "application/json; charset=utf-8"
        ],
        "Expires": [
          "-1"
        ]
      },
      "ResponseBody": "{\r\n  \"name\": \"b9146184-337c-43c8-a6c7-12e8e4b4265b\",\r\n  \"status\": \"InProgress\",\r\n  \"startTime\": \"2020-11-17T17:38:39.03Z\"\r\n}",
      "StatusCode": 200
    },
    {
      "RequestUri": "/subscriptions/91446693-dafa-4cc0-8b12-ec2c6c3f6250/resourceGroups/ps3343/providers/Microsoft.Sql/locations/southeastasia/databaseAzureAsyncOperation/b9146184-337c-43c8-a6c7-12e8e4b4265b?api-version=2020-08-01-preview",
      "EncodedRequestUri": "L3N1YnNjcmlwdGlvbnMvOTE0NDY2OTMtZGFmYS00Y2MwLThiMTItZWMyYzZjM2Y2MjUwL3Jlc291cmNlR3JvdXBzL3BzMzM0My9wcm92aWRlcnMvTWljcm9zb2Z0LlNxbC9sb2NhdGlvbnMvc291dGhlYXN0YXNpYS9kYXRhYmFzZUF6dXJlQXN5bmNPcGVyYXRpb24vYjkxNDYxODQtMzM3Yy00M2M4LWE2YzctMTJlOGU0YjQyNjViP2FwaS12ZXJzaW9uPTIwMjAtMDgtMDEtcHJldmlldw==",
      "RequestMethod": "GET",
      "RequestBody": "",
      "RequestHeaders": {
        "User-Agent": [
          "FxVersion/4.6.29321.03",
          "OSName/Windows",
          "OSVersion/Microsoft.Windows.10.0.17763.",
          "Microsoft.Azure.Management.Sql.SqlManagementClient/1.46.0.0"
        ]
      },
      "ResponseHeaders": {
        "Cache-Control": [
          "no-cache"
        ],
        "Pragma": [
          "no-cache"
        ],
        "Retry-After": [
          "15"
        ],
        "x-ms-request-id": [
          "d6c20249-59a4-4364-899e-ea2a0fa15c8e"
        ],
        "Server": [
          "Microsoft-HTTPAPI/2.0"
        ],
        "x-ms-ratelimit-remaining-subscription-reads": [
          "11946"
        ],
        "x-ms-correlation-request-id": [
          "171d8d2c-4349-408f-9dfb-635dbbbec8c4"
        ],
        "x-ms-routing-request-id": [
          "WESTCENTRALUS:20201117T174057Z:171d8d2c-4349-408f-9dfb-635dbbbec8c4"
        ],
        "Strict-Transport-Security": [
          "max-age=31536000; includeSubDomains"
        ],
        "X-Content-Type-Options": [
          "nosniff"
        ],
        "Date": [
          "Tue, 17 Nov 2020 17:40:57 GMT"
        ],
        "Content-Length": [
          "107"
        ],
        "Content-Type": [
          "application/json; charset=utf-8"
        ],
        "Expires": [
          "-1"
        ]
      },
      "ResponseBody": "{\r\n  \"name\": \"b9146184-337c-43c8-a6c7-12e8e4b4265b\",\r\n  \"status\": \"InProgress\",\r\n  \"startTime\": \"2020-11-17T17:38:39.03Z\"\r\n}",
      "StatusCode": 200
    },
    {
      "RequestUri": "/subscriptions/91446693-dafa-4cc0-8b12-ec2c6c3f6250/resourceGroups/ps3343/providers/Microsoft.Sql/locations/southeastasia/databaseAzureAsyncOperation/b9146184-337c-43c8-a6c7-12e8e4b4265b?api-version=2020-08-01-preview",
      "EncodedRequestUri": "L3N1YnNjcmlwdGlvbnMvOTE0NDY2OTMtZGFmYS00Y2MwLThiMTItZWMyYzZjM2Y2MjUwL3Jlc291cmNlR3JvdXBzL3BzMzM0My9wcm92aWRlcnMvTWljcm9zb2Z0LlNxbC9sb2NhdGlvbnMvc291dGhlYXN0YXNpYS9kYXRhYmFzZUF6dXJlQXN5bmNPcGVyYXRpb24vYjkxNDYxODQtMzM3Yy00M2M4LWE2YzctMTJlOGU0YjQyNjViP2FwaS12ZXJzaW9uPTIwMjAtMDgtMDEtcHJldmlldw==",
      "RequestMethod": "GET",
      "RequestBody": "",
      "RequestHeaders": {
        "User-Agent": [
          "FxVersion/4.6.29321.03",
          "OSName/Windows",
          "OSVersion/Microsoft.Windows.10.0.17763.",
          "Microsoft.Azure.Management.Sql.SqlManagementClient/1.46.0.0"
        ]
      },
      "ResponseHeaders": {
        "Cache-Control": [
          "no-cache"
        ],
        "Pragma": [
          "no-cache"
        ],
        "Retry-After": [
          "15"
        ],
        "x-ms-request-id": [
          "2729f7e4-262f-4b29-bf09-89920c518cac"
        ],
        "Server": [
          "Microsoft-HTTPAPI/2.0"
        ],
        "x-ms-ratelimit-remaining-subscription-reads": [
          "11945"
        ],
        "x-ms-correlation-request-id": [
          "773033a2-d06b-4c39-b175-92a5c8907ffe"
        ],
        "x-ms-routing-request-id": [
          "WESTCENTRALUS:20201117T174113Z:773033a2-d06b-4c39-b175-92a5c8907ffe"
        ],
        "Strict-Transport-Security": [
          "max-age=31536000; includeSubDomains"
        ],
        "X-Content-Type-Options": [
          "nosniff"
        ],
        "Date": [
          "Tue, 17 Nov 2020 17:41:12 GMT"
        ],
        "Content-Length": [
          "107"
        ],
        "Content-Type": [
          "application/json; charset=utf-8"
        ],
        "Expires": [
          "-1"
        ]
      },
      "ResponseBody": "{\r\n  \"name\": \"b9146184-337c-43c8-a6c7-12e8e4b4265b\",\r\n  \"status\": \"InProgress\",\r\n  \"startTime\": \"2020-11-17T17:38:39.03Z\"\r\n}",
      "StatusCode": 200
    },
    {
      "RequestUri": "/subscriptions/91446693-dafa-4cc0-8b12-ec2c6c3f6250/resourceGroups/ps3343/providers/Microsoft.Sql/locations/southeastasia/databaseAzureAsyncOperation/b9146184-337c-43c8-a6c7-12e8e4b4265b?api-version=2020-08-01-preview",
      "EncodedRequestUri": "L3N1YnNjcmlwdGlvbnMvOTE0NDY2OTMtZGFmYS00Y2MwLThiMTItZWMyYzZjM2Y2MjUwL3Jlc291cmNlR3JvdXBzL3BzMzM0My9wcm92aWRlcnMvTWljcm9zb2Z0LlNxbC9sb2NhdGlvbnMvc291dGhlYXN0YXNpYS9kYXRhYmFzZUF6dXJlQXN5bmNPcGVyYXRpb24vYjkxNDYxODQtMzM3Yy00M2M4LWE2YzctMTJlOGU0YjQyNjViP2FwaS12ZXJzaW9uPTIwMjAtMDgtMDEtcHJldmlldw==",
      "RequestMethod": "GET",
      "RequestBody": "",
      "RequestHeaders": {
        "User-Agent": [
          "FxVersion/4.6.29321.03",
          "OSName/Windows",
          "OSVersion/Microsoft.Windows.10.0.17763.",
          "Microsoft.Azure.Management.Sql.SqlManagementClient/1.46.0.0"
        ]
      },
      "ResponseHeaders": {
        "Cache-Control": [
          "no-cache"
        ],
        "Pragma": [
          "no-cache"
        ],
        "Retry-After": [
          "15"
        ],
        "x-ms-request-id": [
          "a808ebf7-878b-49bb-8c3a-81a87f39bf47"
        ],
        "Server": [
          "Microsoft-HTTPAPI/2.0"
        ],
        "x-ms-ratelimit-remaining-subscription-reads": [
          "11944"
        ],
        "x-ms-correlation-request-id": [
          "050d3553-8947-4515-9fdf-6a25dff65418"
        ],
        "x-ms-routing-request-id": [
          "WESTCENTRALUS:20201117T174128Z:050d3553-8947-4515-9fdf-6a25dff65418"
        ],
        "Strict-Transport-Security": [
          "max-age=31536000; includeSubDomains"
        ],
        "X-Content-Type-Options": [
          "nosniff"
        ],
        "Date": [
          "Tue, 17 Nov 2020 17:41:27 GMT"
        ],
        "Content-Length": [
          "107"
        ],
        "Content-Type": [
          "application/json; charset=utf-8"
        ],
        "Expires": [
          "-1"
        ]
      },
      "ResponseBody": "{\r\n  \"name\": \"b9146184-337c-43c8-a6c7-12e8e4b4265b\",\r\n  \"status\": \"InProgress\",\r\n  \"startTime\": \"2020-11-17T17:38:39.03Z\"\r\n}",
      "StatusCode": 200
    },
    {
      "RequestUri": "/subscriptions/91446693-dafa-4cc0-8b12-ec2c6c3f6250/resourceGroups/ps3343/providers/Microsoft.Sql/locations/southeastasia/databaseAzureAsyncOperation/b9146184-337c-43c8-a6c7-12e8e4b4265b?api-version=2020-08-01-preview",
      "EncodedRequestUri": "L3N1YnNjcmlwdGlvbnMvOTE0NDY2OTMtZGFmYS00Y2MwLThiMTItZWMyYzZjM2Y2MjUwL3Jlc291cmNlR3JvdXBzL3BzMzM0My9wcm92aWRlcnMvTWljcm9zb2Z0LlNxbC9sb2NhdGlvbnMvc291dGhlYXN0YXNpYS9kYXRhYmFzZUF6dXJlQXN5bmNPcGVyYXRpb24vYjkxNDYxODQtMzM3Yy00M2M4LWE2YzctMTJlOGU0YjQyNjViP2FwaS12ZXJzaW9uPTIwMjAtMDgtMDEtcHJldmlldw==",
      "RequestMethod": "GET",
      "RequestBody": "",
      "RequestHeaders": {
        "User-Agent": [
          "FxVersion/4.6.29321.03",
          "OSName/Windows",
          "OSVersion/Microsoft.Windows.10.0.17763.",
          "Microsoft.Azure.Management.Sql.SqlManagementClient/1.46.0.0"
        ]
      },
      "ResponseHeaders": {
        "Cache-Control": [
          "no-cache"
        ],
        "Pragma": [
          "no-cache"
        ],
        "Retry-After": [
          "15"
        ],
        "x-ms-request-id": [
          "cc290341-bc47-42d0-ac49-5567708efbde"
        ],
        "Server": [
          "Microsoft-HTTPAPI/2.0"
        ],
        "x-ms-ratelimit-remaining-subscription-reads": [
          "11943"
        ],
        "x-ms-correlation-request-id": [
          "a7815dd9-4dbb-448d-8cd7-599bbccdb571"
        ],
        "x-ms-routing-request-id": [
          "WESTCENTRALUS:20201117T174143Z:a7815dd9-4dbb-448d-8cd7-599bbccdb571"
        ],
        "Strict-Transport-Security": [
          "max-age=31536000; includeSubDomains"
        ],
        "X-Content-Type-Options": [
          "nosniff"
        ],
        "Date": [
          "Tue, 17 Nov 2020 17:41:43 GMT"
        ],
        "Content-Length": [
          "107"
        ],
        "Content-Type": [
          "application/json; charset=utf-8"
        ],
        "Expires": [
          "-1"
        ]
      },
      "ResponseBody": "{\r\n  \"name\": \"b9146184-337c-43c8-a6c7-12e8e4b4265b\",\r\n  \"status\": \"InProgress\",\r\n  \"startTime\": \"2020-11-17T17:38:39.03Z\"\r\n}",
      "StatusCode": 200
    },
    {
      "RequestUri": "/subscriptions/91446693-dafa-4cc0-8b12-ec2c6c3f6250/resourceGroups/ps3343/providers/Microsoft.Sql/locations/southeastasia/databaseAzureAsyncOperation/b9146184-337c-43c8-a6c7-12e8e4b4265b?api-version=2020-08-01-preview",
      "EncodedRequestUri": "L3N1YnNjcmlwdGlvbnMvOTE0NDY2OTMtZGFmYS00Y2MwLThiMTItZWMyYzZjM2Y2MjUwL3Jlc291cmNlR3JvdXBzL3BzMzM0My9wcm92aWRlcnMvTWljcm9zb2Z0LlNxbC9sb2NhdGlvbnMvc291dGhlYXN0YXNpYS9kYXRhYmFzZUF6dXJlQXN5bmNPcGVyYXRpb24vYjkxNDYxODQtMzM3Yy00M2M4LWE2YzctMTJlOGU0YjQyNjViP2FwaS12ZXJzaW9uPTIwMjAtMDgtMDEtcHJldmlldw==",
      "RequestMethod": "GET",
      "RequestBody": "",
      "RequestHeaders": {
        "User-Agent": [
          "FxVersion/4.6.29321.03",
          "OSName/Windows",
          "OSVersion/Microsoft.Windows.10.0.17763.",
          "Microsoft.Azure.Management.Sql.SqlManagementClient/1.46.0.0"
        ]
      },
      "ResponseHeaders": {
        "Cache-Control": [
          "no-cache"
        ],
        "Pragma": [
          "no-cache"
        ],
        "Retry-After": [
          "15"
        ],
        "x-ms-request-id": [
          "77156b5d-2d1d-45d6-b65d-b0b9b26ea9a5"
        ],
        "Server": [
          "Microsoft-HTTPAPI/2.0"
        ],
        "x-ms-ratelimit-remaining-subscription-reads": [
          "11942"
        ],
        "x-ms-correlation-request-id": [
          "8d2dcc18-5047-4d9d-b8aa-3e10c72cdea9"
        ],
        "x-ms-routing-request-id": [
          "WESTCENTRALUS:20201117T174159Z:8d2dcc18-5047-4d9d-b8aa-3e10c72cdea9"
        ],
        "Strict-Transport-Security": [
          "max-age=31536000; includeSubDomains"
        ],
        "X-Content-Type-Options": [
          "nosniff"
        ],
        "Date": [
          "Tue, 17 Nov 2020 17:41:58 GMT"
        ],
        "Content-Length": [
          "106"
        ],
        "Content-Type": [
          "application/json; charset=utf-8"
        ],
        "Expires": [
          "-1"
        ]
      },
      "ResponseBody": "{\r\n  \"name\": \"b9146184-337c-43c8-a6c7-12e8e4b4265b\",\r\n  \"status\": \"Succeeded\",\r\n  \"startTime\": \"2020-11-17T17:38:39.03Z\"\r\n}",
      "StatusCode": 200
    },
    {
      "RequestUri": "/subscriptions/91446693-dafa-4cc0-8b12-ec2c6c3f6250/resourcegroups/ps3343?api-version=2016-09-01",
      "EncodedRequestUri": "L3N1YnNjcmlwdGlvbnMvOTE0NDY2OTMtZGFmYS00Y2MwLThiMTItZWMyYzZjM2Y2MjUwL3Jlc291cmNlZ3JvdXBzL3BzMzM0Mz9hcGktdmVyc2lvbj0yMDE2LTA5LTAx",
      "RequestMethod": "DELETE",
      "RequestBody": "",
      "RequestHeaders": {
        "x-ms-client-request-id": [
          "fc4f70e5-c80c-4783-acc6-f395c782425c"
        ],
        "Accept-Language": [
          "en-US"
        ],
        "User-Agent": [
          "FxVersion/4.6.29321.03",
          "OSName/Windows",
          "OSVersion/Microsoft.Windows.10.0.17763.",
          "Microsoft.Azure.Management.Internal.Resources.ResourceManagementClient/1.3.29"
        ]
      },
      "ResponseHeaders": {
        "Cache-Control": [
          "no-cache"
        ],
        "Pragma": [
          "no-cache"
        ],
        "Location": [
          "https://management.azure.com/subscriptions/91446693-dafa-4cc0-8b12-ec2c6c3f6250/operationresults/eyJqb2JJZCI6IlJFU09VUkNFR1JPVVBERUxFVElPTkpPQi1QUzMzNDMtV0VTVENFTlRSQUxVUyIsImpvYkxvY2F0aW9uIjoid2VzdGNlbnRyYWx1cyJ9?api-version=2016-09-01"
        ],
        "Retry-After": [
          "15"
        ],
        "x-ms-ratelimit-remaining-subscription-deletes": [
          "14999"
        ],
        "x-ms-request-id": [
          "a13a336c-b093-47b2-b269-f8862ad510b4"
        ],
        "x-ms-correlation-request-id": [
          "a13a336c-b093-47b2-b269-f8862ad510b4"
        ],
        "x-ms-routing-request-id": [
          "WESTCENTRALUS:20201117T174159Z:a13a336c-b093-47b2-b269-f8862ad510b4"
        ],
        "Strict-Transport-Security": [
          "max-age=31536000; includeSubDomains"
        ],
        "X-Content-Type-Options": [
          "nosniff"
        ],
        "Date": [
          "Tue, 17 Nov 2020 17:41:59 GMT"
        ],
        "Expires": [
          "-1"
        ],
        "Content-Length": [
          "0"
        ]
      },
      "ResponseBody": "",
      "StatusCode": 202
    },
    {
      "RequestUri": "/subscriptions/91446693-dafa-4cc0-8b12-ec2c6c3f6250/operationresults/eyJqb2JJZCI6IlJFU09VUkNFR1JPVVBERUxFVElPTkpPQi1QUzMzNDMtV0VTVENFTlRSQUxVUyIsImpvYkxvY2F0aW9uIjoid2VzdGNlbnRyYWx1cyJ9?api-version=2016-09-01",
      "EncodedRequestUri": "L3N1YnNjcmlwdGlvbnMvOTE0NDY2OTMtZGFmYS00Y2MwLThiMTItZWMyYzZjM2Y2MjUwL29wZXJhdGlvbnJlc3VsdHMvZXlKcWIySkpaQ0k2SWxKRlUwOVZVa05GUjFKUFZWQkVSVXhGVkVsUFRrcFBRaTFRVXpNek5ETXRWMFZUVkVORlRsUlNRVXhWVXlJc0ltcHZZa3h2WTJGMGFXOXVJam9pZDJWemRHTmxiblJ5WVd4MWN5Sjk/YXBpLXZlcnNpb249MjAxNi0wOS0wMQ==",
      "RequestMethod": "GET",
      "RequestBody": "",
      "RequestHeaders": {
        "User-Agent": [
          "FxVersion/4.6.29321.03",
          "OSName/Windows",
          "OSVersion/Microsoft.Windows.10.0.17763.",
          "Microsoft.Azure.Management.Internal.Resources.ResourceManagementClient/1.3.29"
        ]
      },
      "ResponseHeaders": {
        "Cache-Control": [
          "no-cache"
        ],
        "Pragma": [
          "no-cache"
        ],
        "Location": [
          "https://management.azure.com/subscriptions/91446693-dafa-4cc0-8b12-ec2c6c3f6250/operationresults/eyJqb2JJZCI6IlJFU09VUkNFR1JPVVBERUxFVElPTkpPQi1QUzMzNDMtV0VTVENFTlRSQUxVUyIsImpvYkxvY2F0aW9uIjoid2VzdGNlbnRyYWx1cyJ9?api-version=2016-09-01"
        ],
        "Retry-After": [
          "15"
        ],
        "x-ms-ratelimit-remaining-subscription-reads": [
          "11999"
        ],
        "x-ms-request-id": [
          "22f446a7-a442-454e-aa6e-fefe724728c4"
        ],
        "x-ms-correlation-request-id": [
          "22f446a7-a442-454e-aa6e-fefe724728c4"
        ],
        "x-ms-routing-request-id": [
          "WESTCENTRALUS:20201117T174214Z:22f446a7-a442-454e-aa6e-fefe724728c4"
        ],
        "Strict-Transport-Security": [
          "max-age=31536000; includeSubDomains"
        ],
        "X-Content-Type-Options": [
          "nosniff"
        ],
        "Date": [
          "Tue, 17 Nov 2020 17:42:14 GMT"
        ],
        "Expires": [
          "-1"
        ],
        "Content-Length": [
          "0"
        ]
      },
      "ResponseBody": "",
      "StatusCode": 202
    },
    {
      "RequestUri": "/subscriptions/91446693-dafa-4cc0-8b12-ec2c6c3f6250/operationresults/eyJqb2JJZCI6IlJFU09VUkNFR1JPVVBERUxFVElPTkpPQi1QUzMzNDMtV0VTVENFTlRSQUxVUyIsImpvYkxvY2F0aW9uIjoid2VzdGNlbnRyYWx1cyJ9?api-version=2016-09-01",
      "EncodedRequestUri": "L3N1YnNjcmlwdGlvbnMvOTE0NDY2OTMtZGFmYS00Y2MwLThiMTItZWMyYzZjM2Y2MjUwL29wZXJhdGlvbnJlc3VsdHMvZXlKcWIySkpaQ0k2SWxKRlUwOVZVa05GUjFKUFZWQkVSVXhGVkVsUFRrcFBRaTFRVXpNek5ETXRWMFZUVkVORlRsUlNRVXhWVXlJc0ltcHZZa3h2WTJGMGFXOXVJam9pZDJWemRHTmxiblJ5WVd4MWN5Sjk/YXBpLXZlcnNpb249MjAxNi0wOS0wMQ==",
      "RequestMethod": "GET",
      "RequestBody": "",
      "RequestHeaders": {
        "User-Agent": [
          "FxVersion/4.6.29321.03",
          "OSName/Windows",
          "OSVersion/Microsoft.Windows.10.0.17763.",
          "Microsoft.Azure.Management.Internal.Resources.ResourceManagementClient/1.3.29"
        ]
      },
      "ResponseHeaders": {
        "Cache-Control": [
          "no-cache"
        ],
        "Pragma": [
          "no-cache"
        ],
        "Location": [
          "https://management.azure.com/subscriptions/91446693-dafa-4cc0-8b12-ec2c6c3f6250/operationresults/eyJqb2JJZCI6IlJFU09VUkNFR1JPVVBERUxFVElPTkpPQi1QUzMzNDMtV0VTVENFTlRSQUxVUyIsImpvYkxvY2F0aW9uIjoid2VzdGNlbnRyYWx1cyJ9?api-version=2016-09-01"
        ],
        "Retry-After": [
          "15"
        ],
        "x-ms-ratelimit-remaining-subscription-reads": [
          "11998"
        ],
        "x-ms-request-id": [
          "2e10d827-a375-45e3-b8e5-80b6fa41afdb"
        ],
        "x-ms-correlation-request-id": [
          "2e10d827-a375-45e3-b8e5-80b6fa41afdb"
        ],
        "x-ms-routing-request-id": [
          "WESTCENTRALUS:20201117T174229Z:2e10d827-a375-45e3-b8e5-80b6fa41afdb"
        ],
        "Strict-Transport-Security": [
          "max-age=31536000; includeSubDomains"
        ],
        "X-Content-Type-Options": [
          "nosniff"
        ],
        "Date": [
          "Tue, 17 Nov 2020 17:42:29 GMT"
        ],
        "Expires": [
          "-1"
        ],
        "Content-Length": [
          "0"
        ]
      },
      "ResponseBody": "",
      "StatusCode": 202
    },
    {
      "RequestUri": "/subscriptions/91446693-dafa-4cc0-8b12-ec2c6c3f6250/operationresults/eyJqb2JJZCI6IlJFU09VUkNFR1JPVVBERUxFVElPTkpPQi1QUzMzNDMtV0VTVENFTlRSQUxVUyIsImpvYkxvY2F0aW9uIjoid2VzdGNlbnRyYWx1cyJ9?api-version=2016-09-01",
      "EncodedRequestUri": "L3N1YnNjcmlwdGlvbnMvOTE0NDY2OTMtZGFmYS00Y2MwLThiMTItZWMyYzZjM2Y2MjUwL29wZXJhdGlvbnJlc3VsdHMvZXlKcWIySkpaQ0k2SWxKRlUwOVZVa05GUjFKUFZWQkVSVXhGVkVsUFRrcFBRaTFRVXpNek5ETXRWMFZUVkVORlRsUlNRVXhWVXlJc0ltcHZZa3h2WTJGMGFXOXVJam9pZDJWemRHTmxiblJ5WVd4MWN5Sjk/YXBpLXZlcnNpb249MjAxNi0wOS0wMQ==",
      "RequestMethod": "GET",
      "RequestBody": "",
      "RequestHeaders": {
        "User-Agent": [
          "FxVersion/4.6.29321.03",
          "OSName/Windows",
          "OSVersion/Microsoft.Windows.10.0.17763.",
          "Microsoft.Azure.Management.Internal.Resources.ResourceManagementClient/1.3.29"
        ]
      },
      "ResponseHeaders": {
        "Cache-Control": [
          "no-cache"
        ],
        "Pragma": [
          "no-cache"
        ],
        "Location": [
          "https://management.azure.com/subscriptions/91446693-dafa-4cc0-8b12-ec2c6c3f6250/operationresults/eyJqb2JJZCI6IlJFU09VUkNFR1JPVVBERUxFVElPTkpPQi1QUzMzNDMtV0VTVENFTlRSQUxVUyIsImpvYkxvY2F0aW9uIjoid2VzdGNlbnRyYWx1cyJ9?api-version=2016-09-01"
        ],
        "Retry-After": [
          "15"
        ],
        "x-ms-ratelimit-remaining-subscription-reads": [
          "11997"
        ],
        "x-ms-request-id": [
          "f45687d6-2807-4da7-ae80-a3cce6cfb113"
        ],
        "x-ms-correlation-request-id": [
          "f45687d6-2807-4da7-ae80-a3cce6cfb113"
        ],
        "x-ms-routing-request-id": [
          "WESTCENTRALUS:20201117T174244Z:f45687d6-2807-4da7-ae80-a3cce6cfb113"
        ],
        "Strict-Transport-Security": [
          "max-age=31536000; includeSubDomains"
        ],
        "X-Content-Type-Options": [
          "nosniff"
        ],
        "Date": [
          "Tue, 17 Nov 2020 17:42:44 GMT"
        ],
        "Expires": [
          "-1"
        ],
        "Content-Length": [
          "0"
        ]
      },
      "ResponseBody": "",
      "StatusCode": 202
    },
    {
      "RequestUri": "/subscriptions/91446693-dafa-4cc0-8b12-ec2c6c3f6250/operationresults/eyJqb2JJZCI6IlJFU09VUkNFR1JPVVBERUxFVElPTkpPQi1QUzMzNDMtV0VTVENFTlRSQUxVUyIsImpvYkxvY2F0aW9uIjoid2VzdGNlbnRyYWx1cyJ9?api-version=2016-09-01",
      "EncodedRequestUri": "L3N1YnNjcmlwdGlvbnMvOTE0NDY2OTMtZGFmYS00Y2MwLThiMTItZWMyYzZjM2Y2MjUwL29wZXJhdGlvbnJlc3VsdHMvZXlKcWIySkpaQ0k2SWxKRlUwOVZVa05GUjFKUFZWQkVSVXhGVkVsUFRrcFBRaTFRVXpNek5ETXRWMFZUVkVORlRsUlNRVXhWVXlJc0ltcHZZa3h2WTJGMGFXOXVJam9pZDJWemRHTmxiblJ5WVd4MWN5Sjk/YXBpLXZlcnNpb249MjAxNi0wOS0wMQ==",
      "RequestMethod": "GET",
      "RequestBody": "",
      "RequestHeaders": {
        "User-Agent": [
          "FxVersion/4.6.29321.03",
          "OSName/Windows",
          "OSVersion/Microsoft.Windows.10.0.17763.",
          "Microsoft.Azure.Management.Internal.Resources.ResourceManagementClient/1.3.29"
        ]
      },
      "ResponseHeaders": {
        "Cache-Control": [
          "no-cache"
        ],
        "Pragma": [
          "no-cache"
        ],
        "Location": [
          "https://management.azure.com/subscriptions/91446693-dafa-4cc0-8b12-ec2c6c3f6250/operationresults/eyJqb2JJZCI6IlJFU09VUkNFR1JPVVBERUxFVElPTkpPQi1QUzMzNDMtV0VTVENFTlRSQUxVUyIsImpvYkxvY2F0aW9uIjoid2VzdGNlbnRyYWx1cyJ9?api-version=2016-09-01"
        ],
        "Retry-After": [
          "15"
        ],
        "x-ms-ratelimit-remaining-subscription-reads": [
          "11996"
        ],
        "x-ms-request-id": [
          "78fb6879-ac4b-4b55-af64-e42c67f4e883"
        ],
        "x-ms-correlation-request-id": [
          "78fb6879-ac4b-4b55-af64-e42c67f4e883"
        ],
        "x-ms-routing-request-id": [
          "WESTCENTRALUS:20201117T174300Z:78fb6879-ac4b-4b55-af64-e42c67f4e883"
        ],
        "Strict-Transport-Security": [
          "max-age=31536000; includeSubDomains"
        ],
        "X-Content-Type-Options": [
          "nosniff"
        ],
        "Date": [
          "Tue, 17 Nov 2020 17:42:59 GMT"
        ],
        "Expires": [
          "-1"
        ],
        "Content-Length": [
          "0"
        ]
      },
      "ResponseBody": "",
      "StatusCode": 202
    },
    {
      "RequestUri": "/subscriptions/91446693-dafa-4cc0-8b12-ec2c6c3f6250/operationresults/eyJqb2JJZCI6IlJFU09VUkNFR1JPVVBERUxFVElPTkpPQi1QUzMzNDMtV0VTVENFTlRSQUxVUyIsImpvYkxvY2F0aW9uIjoid2VzdGNlbnRyYWx1cyJ9?api-version=2016-09-01",
      "EncodedRequestUri": "L3N1YnNjcmlwdGlvbnMvOTE0NDY2OTMtZGFmYS00Y2MwLThiMTItZWMyYzZjM2Y2MjUwL29wZXJhdGlvbnJlc3VsdHMvZXlKcWIySkpaQ0k2SWxKRlUwOVZVa05GUjFKUFZWQkVSVXhGVkVsUFRrcFBRaTFRVXpNek5ETXRWMFZUVkVORlRsUlNRVXhWVXlJc0ltcHZZa3h2WTJGMGFXOXVJam9pZDJWemRHTmxiblJ5WVd4MWN5Sjk/YXBpLXZlcnNpb249MjAxNi0wOS0wMQ==",
      "RequestMethod": "GET",
      "RequestBody": "",
      "RequestHeaders": {
        "User-Agent": [
          "FxVersion/4.6.29321.03",
          "OSName/Windows",
          "OSVersion/Microsoft.Windows.10.0.17763.",
          "Microsoft.Azure.Management.Internal.Resources.ResourceManagementClient/1.3.29"
        ]
      },
      "ResponseHeaders": {
        "Cache-Control": [
          "no-cache"
        ],
        "Pragma": [
          "no-cache"
        ],
        "Location": [
          "https://management.azure.com/subscriptions/91446693-dafa-4cc0-8b12-ec2c6c3f6250/operationresults/eyJqb2JJZCI6IlJFU09VUkNFR1JPVVBERUxFVElPTkpPQi1QUzMzNDMtV0VTVENFTlRSQUxVUyIsImpvYkxvY2F0aW9uIjoid2VzdGNlbnRyYWx1cyJ9?api-version=2016-09-01"
        ],
        "Retry-After": [
          "15"
        ],
        "x-ms-ratelimit-remaining-subscription-reads": [
          "11995"
        ],
        "x-ms-request-id": [
          "58c99cae-21d1-4fb7-9e86-6ed4fb44a78f"
        ],
        "x-ms-correlation-request-id": [
          "58c99cae-21d1-4fb7-9e86-6ed4fb44a78f"
        ],
        "x-ms-routing-request-id": [
          "WESTCENTRALUS:20201117T174315Z:58c99cae-21d1-4fb7-9e86-6ed4fb44a78f"
        ],
        "Strict-Transport-Security": [
          "max-age=31536000; includeSubDomains"
        ],
        "X-Content-Type-Options": [
          "nosniff"
        ],
        "Date": [
          "Tue, 17 Nov 2020 17:43:14 GMT"
        ],
        "Expires": [
          "-1"
        ],
        "Content-Length": [
          "0"
        ]
      },
      "ResponseBody": "",
      "StatusCode": 202
    },
    {
      "RequestUri": "/subscriptions/91446693-dafa-4cc0-8b12-ec2c6c3f6250/operationresults/eyJqb2JJZCI6IlJFU09VUkNFR1JPVVBERUxFVElPTkpPQi1QUzMzNDMtV0VTVENFTlRSQUxVUyIsImpvYkxvY2F0aW9uIjoid2VzdGNlbnRyYWx1cyJ9?api-version=2016-09-01",
      "EncodedRequestUri": "L3N1YnNjcmlwdGlvbnMvOTE0NDY2OTMtZGFmYS00Y2MwLThiMTItZWMyYzZjM2Y2MjUwL29wZXJhdGlvbnJlc3VsdHMvZXlKcWIySkpaQ0k2SWxKRlUwOVZVa05GUjFKUFZWQkVSVXhGVkVsUFRrcFBRaTFRVXpNek5ETXRWMFZUVkVORlRsUlNRVXhWVXlJc0ltcHZZa3h2WTJGMGFXOXVJam9pZDJWemRHTmxiblJ5WVd4MWN5Sjk/YXBpLXZlcnNpb249MjAxNi0wOS0wMQ==",
      "RequestMethod": "GET",
      "RequestBody": "",
      "RequestHeaders": {
        "User-Agent": [
          "FxVersion/4.6.29321.03",
          "OSName/Windows",
          "OSVersion/Microsoft.Windows.10.0.17763.",
          "Microsoft.Azure.Management.Internal.Resources.ResourceManagementClient/1.3.29"
        ]
      },
      "ResponseHeaders": {
        "Cache-Control": [
          "no-cache"
        ],
        "Pragma": [
          "no-cache"
        ],
        "Location": [
          "https://management.azure.com/subscriptions/91446693-dafa-4cc0-8b12-ec2c6c3f6250/operationresults/eyJqb2JJZCI6IlJFU09VUkNFR1JPVVBERUxFVElPTkpPQi1QUzMzNDMtV0VTVENFTlRSQUxVUyIsImpvYkxvY2F0aW9uIjoid2VzdGNlbnRyYWx1cyJ9?api-version=2016-09-01"
        ],
        "Retry-After": [
          "15"
        ],
        "x-ms-ratelimit-remaining-subscription-reads": [
          "11994"
        ],
        "x-ms-request-id": [
          "8901ad8b-df27-4dcf-a548-bf6b474ca6af"
        ],
        "x-ms-correlation-request-id": [
          "8901ad8b-df27-4dcf-a548-bf6b474ca6af"
        ],
        "x-ms-routing-request-id": [
          "WESTCENTRALUS:20201117T174330Z:8901ad8b-df27-4dcf-a548-bf6b474ca6af"
        ],
        "Strict-Transport-Security": [
          "max-age=31536000; includeSubDomains"
        ],
        "X-Content-Type-Options": [
          "nosniff"
        ],
        "Date": [
          "Tue, 17 Nov 2020 17:43:29 GMT"
        ],
        "Expires": [
          "-1"
        ],
        "Content-Length": [
          "0"
        ]
      },
      "ResponseBody": "",
      "StatusCode": 202
    },
    {
      "RequestUri": "/subscriptions/91446693-dafa-4cc0-8b12-ec2c6c3f6250/operationresults/eyJqb2JJZCI6IlJFU09VUkNFR1JPVVBERUxFVElPTkpPQi1QUzMzNDMtV0VTVENFTlRSQUxVUyIsImpvYkxvY2F0aW9uIjoid2VzdGNlbnRyYWx1cyJ9?api-version=2016-09-01",
      "EncodedRequestUri": "L3N1YnNjcmlwdGlvbnMvOTE0NDY2OTMtZGFmYS00Y2MwLThiMTItZWMyYzZjM2Y2MjUwL29wZXJhdGlvbnJlc3VsdHMvZXlKcWIySkpaQ0k2SWxKRlUwOVZVa05GUjFKUFZWQkVSVXhGVkVsUFRrcFBRaTFRVXpNek5ETXRWMFZUVkVORlRsUlNRVXhWVXlJc0ltcHZZa3h2WTJGMGFXOXVJam9pZDJWemRHTmxiblJ5WVd4MWN5Sjk/YXBpLXZlcnNpb249MjAxNi0wOS0wMQ==",
      "RequestMethod": "GET",
      "RequestBody": "",
      "RequestHeaders": {
        "User-Agent": [
          "FxVersion/4.6.29321.03",
          "OSName/Windows",
          "OSVersion/Microsoft.Windows.10.0.17763.",
          "Microsoft.Azure.Management.Internal.Resources.ResourceManagementClient/1.3.29"
        ]
      },
      "ResponseHeaders": {
        "Cache-Control": [
          "no-cache"
        ],
        "Pragma": [
          "no-cache"
        ],
        "x-ms-ratelimit-remaining-subscription-reads": [
          "11993"
        ],
        "x-ms-request-id": [
          "7c3cc188-17ed-4aff-bc15-5f8c9528b899"
        ],
        "x-ms-correlation-request-id": [
          "7c3cc188-17ed-4aff-bc15-5f8c9528b899"
        ],
        "x-ms-routing-request-id": [
          "WESTCENTRALUS:20201117T174345Z:7c3cc188-17ed-4aff-bc15-5f8c9528b899"
        ],
        "Strict-Transport-Security": [
          "max-age=31536000; includeSubDomains"
        ],
        "X-Content-Type-Options": [
          "nosniff"
        ],
        "Date": [
          "Tue, 17 Nov 2020 17:43:45 GMT"
        ],
        "Expires": [
          "-1"
        ],
        "Content-Length": [
          "0"
        ]
      },
      "ResponseBody": "",
      "StatusCode": 200
    },
    {
      "RequestUri": "/subscriptions/91446693-dafa-4cc0-8b12-ec2c6c3f6250/operationresults/eyJqb2JJZCI6IlJFU09VUkNFR1JPVVBERUxFVElPTkpPQi1QUzMzNDMtV0VTVENFTlRSQUxVUyIsImpvYkxvY2F0aW9uIjoid2VzdGNlbnRyYWx1cyJ9?api-version=2016-09-01",
      "EncodedRequestUri": "L3N1YnNjcmlwdGlvbnMvOTE0NDY2OTMtZGFmYS00Y2MwLThiMTItZWMyYzZjM2Y2MjUwL29wZXJhdGlvbnJlc3VsdHMvZXlKcWIySkpaQ0k2SWxKRlUwOVZVa05GUjFKUFZWQkVSVXhGVkVsUFRrcFBRaTFRVXpNek5ETXRWMFZUVkVORlRsUlNRVXhWVXlJc0ltcHZZa3h2WTJGMGFXOXVJam9pZDJWemRHTmxiblJ5WVd4MWN5Sjk/YXBpLXZlcnNpb249MjAxNi0wOS0wMQ==",
      "RequestMethod": "GET",
      "RequestBody": "",
      "RequestHeaders": {
        "User-Agent": [
          "FxVersion/4.6.29321.03",
          "OSName/Windows",
          "OSVersion/Microsoft.Windows.10.0.17763.",
          "Microsoft.Azure.Management.Internal.Resources.ResourceManagementClient/1.3.29"
        ]
      },
      "ResponseHeaders": {
        "Cache-Control": [
          "no-cache"
        ],
        "Pragma": [
          "no-cache"
        ],
        "x-ms-ratelimit-remaining-subscription-reads": [
          "11992"
        ],
        "x-ms-request-id": [
          "67c699b4-af72-4953-b694-cb68299bb0d2"
        ],
        "x-ms-correlation-request-id": [
          "67c699b4-af72-4953-b694-cb68299bb0d2"
        ],
        "x-ms-routing-request-id": [
          "WESTCENTRALUS:20201117T174345Z:67c699b4-af72-4953-b694-cb68299bb0d2"
        ],
        "Strict-Transport-Security": [
          "max-age=31536000; includeSubDomains"
        ],
        "X-Content-Type-Options": [
          "nosniff"
        ],
        "Date": [
          "Tue, 17 Nov 2020 17:43:45 GMT"
        ],
        "Expires": [
          "-1"
        ],
        "Content-Length": [
          "0"
        ]
      },
      "ResponseBody": "",
      "StatusCode": 200
    }
  ],
  "Names": {
    "Test-UpdateDatabase": [
      "ps3343",
      "ps7021",
      "ps2914",
      "ps4439"
    ]
  },
  "Variables": {
    "SubscriptionId": "91446693-dafa-4cc0-8b12-ec2c6c3f6250"
  }
}