{
  "Entries": [
    {
      "RequestUri": "/subscriptions/2c647056-bab2-4175-b172-493ff049eb29/resourcegroups/ps4019?api-version=2016-09-01",
      "EncodedRequestUri": "L3N1YnNjcmlwdGlvbnMvMmM2NDcwNTYtYmFiMi00MTc1LWIxNzItNDkzZmYwNDllYjI5L3Jlc291cmNlZ3JvdXBzL3BzNDAxOT9hcGktdmVyc2lvbj0yMDE2LTA5LTAx",
      "RequestMethod": "PUT",
      "RequestHeaders": {
        "x-ms-client-request-id": [
          "8603a491-66cb-40b9-b8d6-3dd38511c60c"
        ],
        "Accept-Language": [
          "en-US"
        ],
        "User-Agent": [
          "FxVersion/4.700.22.55902",
          "OSName/Windows",
          "OSVersion/Microsoft.Windows.10.0.22621",
          "Microsoft.Azure.Management.Internal.Resources.ResourceManagementClient/1.3.68"
        ],
        "Content-Type": [
          "application/json; charset=utf-8"
        ],
        "Content-Length": [
          "35"
        ]
      },
      "RequestBody": "{\r\n  \"location\": \"westcentralus\"\r\n}",
      "ResponseHeaders": {
        "Cache-Control": [
          "no-cache"
        ],
        "Pragma": [
          "no-cache"
        ],
        "x-ms-ratelimit-remaining-subscription-writes": [
          "1199"
        ],
        "x-ms-request-id": [
          "9693f17f-577b-447c-a884-719d02e7d78e"
        ],
        "x-ms-correlation-request-id": [
          "9693f17f-577b-447c-a884-719d02e7d78e"
        ],
        "x-ms-routing-request-id": [
          "WESTUS:20230217T202204Z:9693f17f-577b-447c-a884-719d02e7d78e"
        ],
        "Strict-Transport-Security": [
          "max-age=31536000; includeSubDomains"
        ],
        "X-Content-Type-Options": [
          "nosniff"
        ],
        "Date": [
          "Fri, 17 Feb 2023 20:22:04 GMT"
        ],
        "Content-Length": [
          "172"
        ],
        "Content-Type": [
          "application/json; charset=utf-8"
        ],
        "Expires": [
          "-1"
        ]
      },
      "ResponseBody": "{\r\n  \"id\": \"/subscriptions/2c647056-bab2-4175-b172-493ff049eb29/resourceGroups/ps4019\",\r\n  \"name\": \"ps4019\",\r\n  \"location\": \"westcentralus\",\r\n  \"properties\": {\r\n    \"provisioningState\": \"Succeeded\"\r\n  }\r\n}",
      "StatusCode": 201
    },
    {
      "RequestUri": "/subscriptions/2c647056-bab2-4175-b172-493ff049eb29/resourceGroups/ps4019/providers/Microsoft.Sql/servers/ps9232?api-version=2021-02-01-preview",
      "EncodedRequestUri": "L3N1YnNjcmlwdGlvbnMvMmM2NDcwNTYtYmFiMi00MTc1LWIxNzItNDkzZmYwNDllYjI5L3Jlc291cmNlR3JvdXBzL3BzNDAxOS9wcm92aWRlcnMvTWljcm9zb2Z0LlNxbC9zZXJ2ZXJzL3BzOTIzMj9hcGktdmVyc2lvbj0yMDIxLTAyLTAxLXByZXZpZXc=",
      "RequestMethod": "GET",
      "RequestHeaders": {
        "x-ms-client-request-id": [
          "666f941f-6b57-4440-9423-a4bef73d688e"
        ],
        "Accept-Language": [
          "en-US"
        ],
        "User-Agent": [
          "FxVersion/4.700.22.55902",
          "OSName/Windows",
          "OSVersion/Microsoft.Windows.10.0.22621",
          "Microsoft.Azure.Management.Sql.SqlManagementClient/4.3.0"
        ]
      },
      "RequestBody": "",
      "ResponseHeaders": {
        "Cache-Control": [
          "no-cache"
        ],
        "Pragma": [
          "no-cache"
        ],
        "x-ms-failure-cause": [
          "gateway"
        ],
        "x-ms-request-id": [
          "7cac03f3-d7eb-453d-9c91-118133769b91"
        ],
        "x-ms-correlation-request-id": [
          "7cac03f3-d7eb-453d-9c91-118133769b91"
        ],
        "x-ms-routing-request-id": [
          "WESTUS:20230217T202204Z:7cac03f3-d7eb-453d-9c91-118133769b91"
        ],
        "Strict-Transport-Security": [
          "max-age=31536000; includeSubDomains"
        ],
        "X-Content-Type-Options": [
          "nosniff"
        ],
        "Date": [
          "Fri, 17 Feb 2023 20:22:04 GMT"
        ],
        "Content-Type": [
          "application/json; charset=utf-8"
        ],
        "Expires": [
          "-1"
        ],
        "Content-Length": [
          "206"
        ]
      },
      "ResponseBody": "{\r\n  \"error\": {\r\n    \"code\": \"ResourceNotFound\",\r\n    \"message\": \"The Resource 'Microsoft.Sql/servers/ps9232' under resource group 'ps4019' was not found. For more details please go to https://aka.ms/ARMResourceNotFoundFix\"\r\n  }\r\n}",
      "StatusCode": 404
    },
    {
      "RequestUri": "/subscriptions/2c647056-bab2-4175-b172-493ff049eb29/resourceGroups/ps4019/providers/Microsoft.Sql/servers/ps9232?api-version=2021-02-01-preview",
      "EncodedRequestUri": "L3N1YnNjcmlwdGlvbnMvMmM2NDcwNTYtYmFiMi00MTc1LWIxNzItNDkzZmYwNDllYjI5L3Jlc291cmNlR3JvdXBzL3BzNDAxOS9wcm92aWRlcnMvTWljcm9zb2Z0LlNxbC9zZXJ2ZXJzL3BzOTIzMj9hcGktdmVyc2lvbj0yMDIxLTAyLTAxLXByZXZpZXc=",
      "RequestMethod": "GET",
      "RequestHeaders": {
        "x-ms-client-request-id": [
          "666f941f-6b57-4440-9423-a4bef73d688e"
        ],
        "User-Agent": [
          "FxVersion/4.700.22.55902",
          "OSName/Windows",
          "OSVersion/Microsoft.Windows.10.0.22621",
          "Microsoft.Azure.Management.Sql.SqlManagementClient/4.3.0"
        ]
      },
      "RequestBody": "",
      "ResponseHeaders": {
        "Cache-Control": [
          "no-cache"
        ],
        "Pragma": [
          "no-cache"
        ],
        "x-ms-request-id": [
          "95ef14eb-2125-4380-87fd-f3a7572436c7"
        ],
        "Server": [
          "Microsoft-HTTPAPI/2.0"
        ],
        "x-ms-ratelimit-remaining-subscription-reads": [
          "11990"
        ],
        "x-ms-correlation-request-id": [
          "23421d0f-c596-4b86-9d25-72b2a6c64748"
        ],
        "x-ms-routing-request-id": [
          "WESTUS:20230217T202312Z:23421d0f-c596-4b86-9d25-72b2a6c64748"
        ],
        "Strict-Transport-Security": [
          "max-age=31536000; includeSubDomains"
        ],
        "X-Content-Type-Options": [
          "nosniff"
        ],
        "Date": [
          "Fri, 17 Feb 2023 20:23:12 GMT"
        ],
        "Content-Length": [
          "456"
        ],
        "Content-Type": [
          "application/json; charset=utf-8"
        ],
        "Expires": [
          "-1"
        ]
      },
      "ResponseBody": "{\r\n  \"kind\": \"v12.0\",\r\n  \"properties\": {\r\n    \"administratorLogin\": \"testusername\",\r\n    \"version\": \"12.0\",\r\n    \"state\": \"Ready\",\r\n    \"fullyQualifiedDomainName\": \"ps9232.database.windows.net\",\r\n    \"privateEndpointConnections\": [],\r\n    \"publicNetworkAccess\": \"Enabled\",\r\n    \"restrictOutboundNetworkAccess\": \"Disabled\"\r\n  },\r\n  \"location\": \"eastus2euap\",\r\n  \"id\": \"/subscriptions/2c647056-bab2-4175-b172-493ff049eb29/resourceGroups/ps4019/providers/Microsoft.Sql/servers/ps9232\",\r\n  \"name\": \"ps9232\",\r\n  \"type\": \"Microsoft.Sql/servers\"\r\n}",
      "StatusCode": 200
    },
    {
      "RequestUri": "/subscriptions/2c647056-bab2-4175-b172-493ff049eb29/resourceGroups/ps4019/providers/Microsoft.Sql/servers/ps9232?api-version=2021-02-01-preview",
      "EncodedRequestUri": "L3N1YnNjcmlwdGlvbnMvMmM2NDcwNTYtYmFiMi00MTc1LWIxNzItNDkzZmYwNDllYjI5L3Jlc291cmNlR3JvdXBzL3BzNDAxOS9wcm92aWRlcnMvTWljcm9zb2Z0LlNxbC9zZXJ2ZXJzL3BzOTIzMj9hcGktdmVyc2lvbj0yMDIxLTAyLTAxLXByZXZpZXc=",
      "RequestMethod": "GET",
      "RequestHeaders": {
        "x-ms-client-request-id": [
          "6ec25a5a-a77e-403a-830d-a29b888779a0"
        ],
        "Accept-Language": [
          "en-US"
        ],
        "User-Agent": [
          "FxVersion/4.700.22.55902",
          "OSName/Windows",
          "OSVersion/Microsoft.Windows.10.0.22621",
          "Microsoft.Azure.Management.Sql.SqlManagementClient/4.3.0"
        ]
      },
      "RequestBody": "",
      "ResponseHeaders": {
        "Cache-Control": [
          "no-cache"
        ],
        "Pragma": [
          "no-cache"
        ],
        "x-ms-request-id": [
          "dc4e448d-7ad0-4967-af31-5d196b9e84ba"
        ],
        "Server": [
          "Microsoft-HTTPAPI/2.0"
        ],
        "x-ms-ratelimit-remaining-subscription-reads": [
          "11989"
        ],
        "x-ms-correlation-request-id": [
          "513bf2cb-4f09-42d5-8c3f-44ff46db74fb"
        ],
        "x-ms-routing-request-id": [
          "WESTUS:20230217T202312Z:513bf2cb-4f09-42d5-8c3f-44ff46db74fb"
        ],
        "Strict-Transport-Security": [
          "max-age=31536000; includeSubDomains"
        ],
        "X-Content-Type-Options": [
          "nosniff"
        ],
        "Date": [
          "Fri, 17 Feb 2023 20:23:12 GMT"
        ],
        "Content-Length": [
          "456"
        ],
        "Content-Type": [
          "application/json; charset=utf-8"
        ],
        "Expires": [
          "-1"
        ]
      },
      "ResponseBody": "{\r\n  \"kind\": \"v12.0\",\r\n  \"properties\": {\r\n    \"administratorLogin\": \"testusername\",\r\n    \"version\": \"12.0\",\r\n    \"state\": \"Ready\",\r\n    \"fullyQualifiedDomainName\": \"ps9232.database.windows.net\",\r\n    \"privateEndpointConnections\": [],\r\n    \"publicNetworkAccess\": \"Enabled\",\r\n    \"restrictOutboundNetworkAccess\": \"Disabled\"\r\n  },\r\n  \"location\": \"eastus2euap\",\r\n  \"id\": \"/subscriptions/2c647056-bab2-4175-b172-493ff049eb29/resourceGroups/ps4019/providers/Microsoft.Sql/servers/ps9232\",\r\n  \"name\": \"ps9232\",\r\n  \"type\": \"Microsoft.Sql/servers\"\r\n}",
      "StatusCode": 200
    },
    {
      "RequestUri": "/subscriptions/2c647056-bab2-4175-b172-493ff049eb29/resourceGroups/ps4019/providers/Microsoft.Sql/servers/ps9232?api-version=2021-02-01-preview",
      "EncodedRequestUri": "L3N1YnNjcmlwdGlvbnMvMmM2NDcwNTYtYmFiMi00MTc1LWIxNzItNDkzZmYwNDllYjI5L3Jlc291cmNlR3JvdXBzL3BzNDAxOS9wcm92aWRlcnMvTWljcm9zb2Z0LlNxbC9zZXJ2ZXJzL3BzOTIzMj9hcGktdmVyc2lvbj0yMDIxLTAyLTAxLXByZXZpZXc=",
      "RequestMethod": "GET",
      "RequestHeaders": {
        "x-ms-client-request-id": [
          "6ec25a5a-a77e-403a-830d-a29b888779a0"
        ],
        "Accept-Language": [
          "en-US"
        ],
        "User-Agent": [
          "FxVersion/4.700.22.55902",
          "OSName/Windows",
          "OSVersion/Microsoft.Windows.10.0.22621",
          "Microsoft.Azure.Management.Sql.SqlManagementClient/4.3.0"
        ]
      },
      "RequestBody": "",
      "ResponseHeaders": {
        "Cache-Control": [
          "no-cache"
        ],
        "Pragma": [
          "no-cache"
        ],
        "x-ms-request-id": [
          "822a9cd4-7e6c-4aa0-b0bd-6f1cafef120f"
        ],
        "Server": [
          "Microsoft-HTTPAPI/2.0"
        ],
        "x-ms-ratelimit-remaining-subscription-reads": [
          "11988"
        ],
        "x-ms-correlation-request-id": [
          "7b7969c5-4e95-4cd9-99ac-17b028eb87de"
        ],
        "x-ms-routing-request-id": [
          "WESTUS:20230217T202313Z:7b7969c5-4e95-4cd9-99ac-17b028eb87de"
        ],
        "Strict-Transport-Security": [
          "max-age=31536000; includeSubDomains"
        ],
        "X-Content-Type-Options": [
          "nosniff"
        ],
        "Date": [
          "Fri, 17 Feb 2023 20:23:13 GMT"
        ],
        "Content-Length": [
          "456"
        ],
        "Content-Type": [
          "application/json; charset=utf-8"
        ],
        "Expires": [
          "-1"
        ]
      },
      "ResponseBody": "{\r\n  \"kind\": \"v12.0\",\r\n  \"properties\": {\r\n    \"administratorLogin\": \"testusername\",\r\n    \"version\": \"12.0\",\r\n    \"state\": \"Ready\",\r\n    \"fullyQualifiedDomainName\": \"ps9232.database.windows.net\",\r\n    \"privateEndpointConnections\": [],\r\n    \"publicNetworkAccess\": \"Enabled\",\r\n    \"restrictOutboundNetworkAccess\": \"Disabled\"\r\n  },\r\n  \"location\": \"eastus2euap\",\r\n  \"id\": \"/subscriptions/2c647056-bab2-4175-b172-493ff049eb29/resourceGroups/ps4019/providers/Microsoft.Sql/servers/ps9232\",\r\n  \"name\": \"ps9232\",\r\n  \"type\": \"Microsoft.Sql/servers\"\r\n}",
      "StatusCode": 200
    },
    {
      "RequestUri": "/subscriptions/2c647056-bab2-4175-b172-493ff049eb29/resourceGroups/ps4019/providers/Microsoft.Sql/servers/ps9232?api-version=2021-02-01-preview",
      "EncodedRequestUri": "L3N1YnNjcmlwdGlvbnMvMmM2NDcwNTYtYmFiMi00MTc1LWIxNzItNDkzZmYwNDllYjI5L3Jlc291cmNlR3JvdXBzL3BzNDAxOS9wcm92aWRlcnMvTWljcm9zb2Z0LlNxbC9zZXJ2ZXJzL3BzOTIzMj9hcGktdmVyc2lvbj0yMDIxLTAyLTAxLXByZXZpZXc=",
      "RequestMethod": "PUT",
      "RequestHeaders": {
        "x-ms-client-request-id": [
          "666f941f-6b57-4440-9423-a4bef73d688e"
        ],
        "Accept-Language": [
          "en-US"
        ],
        "User-Agent": [
          "FxVersion/4.700.22.55902",
          "OSName/Windows",
          "OSVersion/Microsoft.Windows.10.0.22621",
          "Microsoft.Azure.Management.Sql.SqlManagementClient/4.3.0"
        ],
        "Content-Type": [
          "application/json; charset=utf-8"
        ],
        "Content-Length": [
          "155"
        ]
      },
      "RequestBody": "{\r\n  \"properties\": {\r\n    \"administratorLogin\": \"testusername\",\r\n    \"administratorLoginPassword\": \"t357ingP@s5w0rd!\"\r\n  },\r\n  \"location\": \"eastus2euap\"\r\n}",
      "ResponseHeaders": {
        "Cache-Control": [
          "no-cache"
        ],
        "Pragma": [
          "no-cache"
        ],
        "Location": [
          "https://management.azure.com/subscriptions/2c647056-bab2-4175-b172-493ff049eb29/resourceGroups/ps4019/providers/Microsoft.Sql/locations/eastus2euap/serverOperationResults/8c9efaa8-cecf-48b2-98a3-bb8f1d38e994?api-version=2021-02-01-preview"
        ],
        "Retry-After": [
          "1"
        ],
        "Azure-AsyncOperation": [
          "https://management.azure.com/subscriptions/2c647056-bab2-4175-b172-493ff049eb29/resourceGroups/ps4019/providers/Microsoft.Sql/locations/eastus2euap/serverAzureAsyncOperation/8c9efaa8-cecf-48b2-98a3-bb8f1d38e994?api-version=2021-02-01-preview"
        ],
        "x-ms-request-id": [
          "8c9efaa8-cecf-48b2-98a3-bb8f1d38e994"
        ],
        "Server": [
          "Microsoft-HTTPAPI/2.0"
        ],
        "x-ms-ratelimit-remaining-subscription-writes": [
          "1199"
        ],
        "x-ms-correlation-request-id": [
          "bfebff07-a790-4be9-a7f1-2af863ccf391"
        ],
        "x-ms-routing-request-id": [
          "WESTUS:20230217T202206Z:bfebff07-a790-4be9-a7f1-2af863ccf391"
        ],
        "Strict-Transport-Security": [
          "max-age=31536000; includeSubDomains"
        ],
        "X-Content-Type-Options": [
          "nosniff"
        ],
        "Date": [
          "Fri, 17 Feb 2023 20:22:06 GMT"
        ],
        "Content-Length": [
          "74"
        ],
        "Content-Type": [
          "application/json; charset=utf-8"
        ],
        "Expires": [
          "-1"
        ]
      },
      "ResponseBody": "{\r\n  \"operation\": \"UpsertLogicalServer\",\r\n  \"startTime\": \"2023-02-17T20:22:06.247Z\"\r\n}",
      "StatusCode": 202
    },
    {
      "RequestUri": "/subscriptions/2c647056-bab2-4175-b172-493ff049eb29/resourceGroups/ps4019/providers/Microsoft.Sql/locations/eastus2euap/serverAzureAsyncOperation/8c9efaa8-cecf-48b2-98a3-bb8f1d38e994?api-version=2021-02-01-preview",
      "EncodedRequestUri": "L3N1YnNjcmlwdGlvbnMvMmM2NDcwNTYtYmFiMi00MTc1LWIxNzItNDkzZmYwNDllYjI5L3Jlc291cmNlR3JvdXBzL3BzNDAxOS9wcm92aWRlcnMvTWljcm9zb2Z0LlNxbC9sb2NhdGlvbnMvZWFzdHVzMmV1YXAvc2VydmVyQXp1cmVBc3luY09wZXJhdGlvbi84YzllZmFhOC1jZWNmLTQ4YjItOThhMy1iYjhmMWQzOGU5OTQ/YXBpLXZlcnNpb249MjAyMS0wMi0wMS1wcmV2aWV3",
      "RequestMethod": "GET",
      "RequestHeaders": {
        "x-ms-client-request-id": [
          "666f941f-6b57-4440-9423-a4bef73d688e"
        ],
        "User-Agent": [
          "FxVersion/4.700.22.55902",
          "OSName/Windows",
          "OSVersion/Microsoft.Windows.10.0.22621",
          "Microsoft.Azure.Management.Sql.SqlManagementClient/4.3.0"
        ]
      },
      "RequestBody": "",
      "ResponseHeaders": {
        "Cache-Control": [
          "no-cache"
        ],
        "Pragma": [
          "no-cache"
        ],
        "Retry-After": [
          "1"
        ],
        "x-ms-request-id": [
          "1629cd7a-ae1a-4660-8222-7c82c7319363"
        ],
        "Server": [
          "Microsoft-HTTPAPI/2.0"
        ],
        "x-ms-ratelimit-remaining-subscription-reads": [
          "11998"
        ],
        "x-ms-correlation-request-id": [
          "e906167e-746c-4a9c-940e-459d32ed3d7f"
        ],
        "x-ms-routing-request-id": [
          "WESTUS:20230217T202207Z:e906167e-746c-4a9c-940e-459d32ed3d7f"
        ],
        "Strict-Transport-Security": [
          "max-age=31536000; includeSubDomains"
        ],
        "X-Content-Type-Options": [
          "nosniff"
        ],
        "Date": [
          "Fri, 17 Feb 2023 20:22:07 GMT"
        ],
        "Content-Length": [
          "108"
        ],
        "Content-Type": [
          "application/json; charset=utf-8"
        ],
        "Expires": [
          "-1"
        ]
      },
      "ResponseBody": "{\r\n  \"name\": \"8c9efaa8-cecf-48b2-98a3-bb8f1d38e994\",\r\n  \"status\": \"InProgress\",\r\n  \"startTime\": \"2023-02-17T20:22:06.247Z\"\r\n}",
      "StatusCode": 200
    },
    {
      "RequestUri": "/subscriptions/2c647056-bab2-4175-b172-493ff049eb29/resourceGroups/ps4019/providers/Microsoft.Sql/locations/eastus2euap/serverAzureAsyncOperation/8c9efaa8-cecf-48b2-98a3-bb8f1d38e994?api-version=2021-02-01-preview",
      "EncodedRequestUri": "L3N1YnNjcmlwdGlvbnMvMmM2NDcwNTYtYmFiMi00MTc1LWIxNzItNDkzZmYwNDllYjI5L3Jlc291cmNlR3JvdXBzL3BzNDAxOS9wcm92aWRlcnMvTWljcm9zb2Z0LlNxbC9sb2NhdGlvbnMvZWFzdHVzMmV1YXAvc2VydmVyQXp1cmVBc3luY09wZXJhdGlvbi84YzllZmFhOC1jZWNmLTQ4YjItOThhMy1iYjhmMWQzOGU5OTQ/YXBpLXZlcnNpb249MjAyMS0wMi0wMS1wcmV2aWV3",
      "RequestMethod": "GET",
      "RequestHeaders": {
        "x-ms-client-request-id": [
          "666f941f-6b57-4440-9423-a4bef73d688e"
        ],
        "User-Agent": [
          "FxVersion/4.700.22.55902",
          "OSName/Windows",
          "OSVersion/Microsoft.Windows.10.0.22621",
          "Microsoft.Azure.Management.Sql.SqlManagementClient/4.3.0"
        ]
      },
      "RequestBody": "",
      "ResponseHeaders": {
        "Cache-Control": [
          "no-cache"
        ],
        "Pragma": [
          "no-cache"
        ],
        "Retry-After": [
          "1"
        ],
        "x-ms-request-id": [
          "8a5a803d-df3b-467e-be09-56844c72dbc4"
        ],
        "Server": [
          "Microsoft-HTTPAPI/2.0"
        ],
        "x-ms-ratelimit-remaining-subscription-reads": [
          "11997"
        ],
        "x-ms-correlation-request-id": [
          "63fc7fc7-a461-4739-bdc4-5e252b28b6d4"
        ],
        "x-ms-routing-request-id": [
          "WESTUS:20230217T202208Z:63fc7fc7-a461-4739-bdc4-5e252b28b6d4"
        ],
        "Strict-Transport-Security": [
          "max-age=31536000; includeSubDomains"
        ],
        "X-Content-Type-Options": [
          "nosniff"
        ],
        "Date": [
          "Fri, 17 Feb 2023 20:22:08 GMT"
        ],
        "Content-Length": [
          "108"
        ],
        "Content-Type": [
          "application/json; charset=utf-8"
        ],
        "Expires": [
          "-1"
        ]
      },
      "ResponseBody": "{\r\n  \"name\": \"8c9efaa8-cecf-48b2-98a3-bb8f1d38e994\",\r\n  \"status\": \"InProgress\",\r\n  \"startTime\": \"2023-02-17T20:22:06.247Z\"\r\n}",
      "StatusCode": 200
    },
    {
      "RequestUri": "/subscriptions/2c647056-bab2-4175-b172-493ff049eb29/resourceGroups/ps4019/providers/Microsoft.Sql/locations/eastus2euap/serverAzureAsyncOperation/8c9efaa8-cecf-48b2-98a3-bb8f1d38e994?api-version=2021-02-01-preview",
      "EncodedRequestUri": "L3N1YnNjcmlwdGlvbnMvMmM2NDcwNTYtYmFiMi00MTc1LWIxNzItNDkzZmYwNDllYjI5L3Jlc291cmNlR3JvdXBzL3BzNDAxOS9wcm92aWRlcnMvTWljcm9zb2Z0LlNxbC9sb2NhdGlvbnMvZWFzdHVzMmV1YXAvc2VydmVyQXp1cmVBc3luY09wZXJhdGlvbi84YzllZmFhOC1jZWNmLTQ4YjItOThhMy1iYjhmMWQzOGU5OTQ/YXBpLXZlcnNpb249MjAyMS0wMi0wMS1wcmV2aWV3",
      "RequestMethod": "GET",
      "RequestHeaders": {
        "x-ms-client-request-id": [
          "666f941f-6b57-4440-9423-a4bef73d688e"
        ],
        "User-Agent": [
          "FxVersion/4.700.22.55902",
          "OSName/Windows",
          "OSVersion/Microsoft.Windows.10.0.22621",
          "Microsoft.Azure.Management.Sql.SqlManagementClient/4.3.0"
        ]
      },
      "RequestBody": "",
      "ResponseHeaders": {
        "Cache-Control": [
          "no-cache"
        ],
        "Pragma": [
          "no-cache"
        ],
        "Retry-After": [
          "1"
        ],
        "x-ms-request-id": [
          "d6069f5a-f7d7-4179-87f8-7a879e615afc"
        ],
        "Server": [
          "Microsoft-HTTPAPI/2.0"
        ],
        "x-ms-ratelimit-remaining-subscription-reads": [
          "11996"
        ],
        "x-ms-correlation-request-id": [
          "082d926d-1b10-4b2e-b366-b51ddb85c92e"
        ],
        "x-ms-routing-request-id": [
          "WESTUS:20230217T202209Z:082d926d-1b10-4b2e-b366-b51ddb85c92e"
        ],
        "Strict-Transport-Security": [
          "max-age=31536000; includeSubDomains"
        ],
        "X-Content-Type-Options": [
          "nosniff"
        ],
        "Date": [
          "Fri, 17 Feb 2023 20:22:09 GMT"
        ],
        "Content-Length": [
          "108"
        ],
        "Content-Type": [
          "application/json; charset=utf-8"
        ],
        "Expires": [
          "-1"
        ]
      },
      "ResponseBody": "{\r\n  \"name\": \"8c9efaa8-cecf-48b2-98a3-bb8f1d38e994\",\r\n  \"status\": \"InProgress\",\r\n  \"startTime\": \"2023-02-17T20:22:06.247Z\"\r\n}",
      "StatusCode": 200
    },
    {
      "RequestUri": "/subscriptions/2c647056-bab2-4175-b172-493ff049eb29/resourceGroups/ps4019/providers/Microsoft.Sql/locations/eastus2euap/serverAzureAsyncOperation/8c9efaa8-cecf-48b2-98a3-bb8f1d38e994?api-version=2021-02-01-preview",
      "EncodedRequestUri": "L3N1YnNjcmlwdGlvbnMvMmM2NDcwNTYtYmFiMi00MTc1LWIxNzItNDkzZmYwNDllYjI5L3Jlc291cmNlR3JvdXBzL3BzNDAxOS9wcm92aWRlcnMvTWljcm9zb2Z0LlNxbC9sb2NhdGlvbnMvZWFzdHVzMmV1YXAvc2VydmVyQXp1cmVBc3luY09wZXJhdGlvbi84YzllZmFhOC1jZWNmLTQ4YjItOThhMy1iYjhmMWQzOGU5OTQ/YXBpLXZlcnNpb249MjAyMS0wMi0wMS1wcmV2aWV3",
      "RequestMethod": "GET",
      "RequestHeaders": {
        "x-ms-client-request-id": [
          "666f941f-6b57-4440-9423-a4bef73d688e"
        ],
        "User-Agent": [
          "FxVersion/4.700.22.55902",
          "OSName/Windows",
          "OSVersion/Microsoft.Windows.10.0.22621",
          "Microsoft.Azure.Management.Sql.SqlManagementClient/4.3.0"
        ]
      },
      "RequestBody": "",
      "ResponseHeaders": {
        "Cache-Control": [
          "no-cache"
        ],
        "Pragma": [
          "no-cache"
        ],
        "Retry-After": [
          "1"
        ],
        "x-ms-request-id": [
          "c0b2ded1-0182-45b5-bae5-dc4bb7da09ba"
        ],
        "Server": [
          "Microsoft-HTTPAPI/2.0"
        ],
        "x-ms-ratelimit-remaining-subscription-reads": [
          "11995"
        ],
        "x-ms-correlation-request-id": [
          "4449a0ef-42c3-4cad-8ba7-708b86215ec2"
        ],
        "x-ms-routing-request-id": [
          "WESTUS:20230217T202210Z:4449a0ef-42c3-4cad-8ba7-708b86215ec2"
        ],
        "Strict-Transport-Security": [
          "max-age=31536000; includeSubDomains"
        ],
        "X-Content-Type-Options": [
          "nosniff"
        ],
        "Date": [
          "Fri, 17 Feb 2023 20:22:10 GMT"
        ],
        "Content-Length": [
          "108"
        ],
        "Content-Type": [
          "application/json; charset=utf-8"
        ],
        "Expires": [
          "-1"
        ]
      },
      "ResponseBody": "{\r\n  \"name\": \"8c9efaa8-cecf-48b2-98a3-bb8f1d38e994\",\r\n  \"status\": \"InProgress\",\r\n  \"startTime\": \"2023-02-17T20:22:06.247Z\"\r\n}",
      "StatusCode": 200
    },
    {
      "RequestUri": "/subscriptions/2c647056-bab2-4175-b172-493ff049eb29/resourceGroups/ps4019/providers/Microsoft.Sql/locations/eastus2euap/serverAzureAsyncOperation/8c9efaa8-cecf-48b2-98a3-bb8f1d38e994?api-version=2021-02-01-preview",
      "EncodedRequestUri": "L3N1YnNjcmlwdGlvbnMvMmM2NDcwNTYtYmFiMi00MTc1LWIxNzItNDkzZmYwNDllYjI5L3Jlc291cmNlR3JvdXBzL3BzNDAxOS9wcm92aWRlcnMvTWljcm9zb2Z0LlNxbC9sb2NhdGlvbnMvZWFzdHVzMmV1YXAvc2VydmVyQXp1cmVBc3luY09wZXJhdGlvbi84YzllZmFhOC1jZWNmLTQ4YjItOThhMy1iYjhmMWQzOGU5OTQ/YXBpLXZlcnNpb249MjAyMS0wMi0wMS1wcmV2aWV3",
      "RequestMethod": "GET",
      "RequestHeaders": {
        "x-ms-client-request-id": [
          "666f941f-6b57-4440-9423-a4bef73d688e"
        ],
        "User-Agent": [
          "FxVersion/4.700.22.55902",
          "OSName/Windows",
          "OSVersion/Microsoft.Windows.10.0.22621",
          "Microsoft.Azure.Management.Sql.SqlManagementClient/4.3.0"
        ]
      },
      "RequestBody": "",
      "ResponseHeaders": {
        "Cache-Control": [
          "no-cache"
        ],
        "Pragma": [
          "no-cache"
        ],
        "Retry-After": [
          "20"
        ],
        "x-ms-request-id": [
          "4b0ceb60-1d6a-4e81-93bb-c13c9551d644"
        ],
        "Server": [
          "Microsoft-HTTPAPI/2.0"
        ],
        "x-ms-ratelimit-remaining-subscription-reads": [
          "11994"
        ],
        "x-ms-correlation-request-id": [
          "9ca1fa70-0ae1-40e1-a32c-0a6f8460428a"
        ],
        "x-ms-routing-request-id": [
          "WESTUS:20230217T202212Z:9ca1fa70-0ae1-40e1-a32c-0a6f8460428a"
        ],
        "Strict-Transport-Security": [
          "max-age=31536000; includeSubDomains"
        ],
        "X-Content-Type-Options": [
          "nosniff"
        ],
        "Date": [
          "Fri, 17 Feb 2023 20:22:11 GMT"
        ],
        "Content-Length": [
          "108"
        ],
        "Content-Type": [
          "application/json; charset=utf-8"
        ],
        "Expires": [
          "-1"
        ]
      },
      "ResponseBody": "{\r\n  \"name\": \"8c9efaa8-cecf-48b2-98a3-bb8f1d38e994\",\r\n  \"status\": \"InProgress\",\r\n  \"startTime\": \"2023-02-17T20:22:06.247Z\"\r\n}",
      "StatusCode": 200
    },
    {
      "RequestUri": "/subscriptions/2c647056-bab2-4175-b172-493ff049eb29/resourceGroups/ps4019/providers/Microsoft.Sql/locations/eastus2euap/serverAzureAsyncOperation/8c9efaa8-cecf-48b2-98a3-bb8f1d38e994?api-version=2021-02-01-preview",
      "EncodedRequestUri": "L3N1YnNjcmlwdGlvbnMvMmM2NDcwNTYtYmFiMi00MTc1LWIxNzItNDkzZmYwNDllYjI5L3Jlc291cmNlR3JvdXBzL3BzNDAxOS9wcm92aWRlcnMvTWljcm9zb2Z0LlNxbC9sb2NhdGlvbnMvZWFzdHVzMmV1YXAvc2VydmVyQXp1cmVBc3luY09wZXJhdGlvbi84YzllZmFhOC1jZWNmLTQ4YjItOThhMy1iYjhmMWQzOGU5OTQ/YXBpLXZlcnNpb249MjAyMS0wMi0wMS1wcmV2aWV3",
      "RequestMethod": "GET",
      "RequestHeaders": {
        "x-ms-client-request-id": [
          "666f941f-6b57-4440-9423-a4bef73d688e"
        ],
        "User-Agent": [
          "FxVersion/4.700.22.55902",
          "OSName/Windows",
          "OSVersion/Microsoft.Windows.10.0.22621",
          "Microsoft.Azure.Management.Sql.SqlManagementClient/4.3.0"
        ]
      },
      "RequestBody": "",
      "ResponseHeaders": {
        "Cache-Control": [
          "no-cache"
        ],
        "Pragma": [
          "no-cache"
        ],
        "Retry-After": [
          "20"
        ],
        "x-ms-request-id": [
          "fe5bd748-90d1-4435-a3b0-ef20ba07c3a4"
        ],
        "Server": [
          "Microsoft-HTTPAPI/2.0"
        ],
        "x-ms-ratelimit-remaining-subscription-reads": [
          "11993"
        ],
        "x-ms-correlation-request-id": [
          "8cdad4e1-6029-477b-9bd6-2cea54d3b2c8"
        ],
        "x-ms-routing-request-id": [
          "WESTUS:20230217T202232Z:8cdad4e1-6029-477b-9bd6-2cea54d3b2c8"
        ],
        "Strict-Transport-Security": [
          "max-age=31536000; includeSubDomains"
        ],
        "X-Content-Type-Options": [
          "nosniff"
        ],
        "Date": [
          "Fri, 17 Feb 2023 20:22:31 GMT"
        ],
        "Content-Length": [
          "108"
        ],
        "Content-Type": [
          "application/json; charset=utf-8"
        ],
        "Expires": [
          "-1"
        ]
      },
      "ResponseBody": "{\r\n  \"name\": \"8c9efaa8-cecf-48b2-98a3-bb8f1d38e994\",\r\n  \"status\": \"InProgress\",\r\n  \"startTime\": \"2023-02-17T20:22:06.247Z\"\r\n}",
      "StatusCode": 200
    },
    {
      "RequestUri": "/subscriptions/2c647056-bab2-4175-b172-493ff049eb29/resourceGroups/ps4019/providers/Microsoft.Sql/locations/eastus2euap/serverAzureAsyncOperation/8c9efaa8-cecf-48b2-98a3-bb8f1d38e994?api-version=2021-02-01-preview",
      "EncodedRequestUri": "L3N1YnNjcmlwdGlvbnMvMmM2NDcwNTYtYmFiMi00MTc1LWIxNzItNDkzZmYwNDllYjI5L3Jlc291cmNlR3JvdXBzL3BzNDAxOS9wcm92aWRlcnMvTWljcm9zb2Z0LlNxbC9sb2NhdGlvbnMvZWFzdHVzMmV1YXAvc2VydmVyQXp1cmVBc3luY09wZXJhdGlvbi84YzllZmFhOC1jZWNmLTQ4YjItOThhMy1iYjhmMWQzOGU5OTQ/YXBpLXZlcnNpb249MjAyMS0wMi0wMS1wcmV2aWV3",
      "RequestMethod": "GET",
      "RequestHeaders": {
        "x-ms-client-request-id": [
          "666f941f-6b57-4440-9423-a4bef73d688e"
        ],
        "User-Agent": [
          "FxVersion/4.700.22.55902",
          "OSName/Windows",
          "OSVersion/Microsoft.Windows.10.0.22621",
          "Microsoft.Azure.Management.Sql.SqlManagementClient/4.3.0"
        ]
      },
      "RequestBody": "",
      "ResponseHeaders": {
        "Cache-Control": [
          "no-cache"
        ],
        "Pragma": [
          "no-cache"
        ],
        "Retry-After": [
          "20"
        ],
        "x-ms-request-id": [
          "7f4c2710-c4fb-4123-ba32-734e180bc730"
        ],
        "Server": [
          "Microsoft-HTTPAPI/2.0"
        ],
        "x-ms-ratelimit-remaining-subscription-reads": [
          "11992"
        ],
        "x-ms-correlation-request-id": [
          "07802df0-373c-4f21-bed7-aa5118f60a0f"
        ],
        "x-ms-routing-request-id": [
          "WESTUS:20230217T202252Z:07802df0-373c-4f21-bed7-aa5118f60a0f"
        ],
        "Strict-Transport-Security": [
          "max-age=31536000; includeSubDomains"
        ],
        "X-Content-Type-Options": [
          "nosniff"
        ],
        "Date": [
          "Fri, 17 Feb 2023 20:22:51 GMT"
        ],
        "Content-Length": [
          "108"
        ],
        "Content-Type": [
          "application/json; charset=utf-8"
        ],
        "Expires": [
          "-1"
        ]
      },
      "ResponseBody": "{\r\n  \"name\": \"8c9efaa8-cecf-48b2-98a3-bb8f1d38e994\",\r\n  \"status\": \"InProgress\",\r\n  \"startTime\": \"2023-02-17T20:22:06.247Z\"\r\n}",
      "StatusCode": 200
    },
    {
      "RequestUri": "/subscriptions/2c647056-bab2-4175-b172-493ff049eb29/resourceGroups/ps4019/providers/Microsoft.Sql/locations/eastus2euap/serverAzureAsyncOperation/8c9efaa8-cecf-48b2-98a3-bb8f1d38e994?api-version=2021-02-01-preview",
      "EncodedRequestUri": "L3N1YnNjcmlwdGlvbnMvMmM2NDcwNTYtYmFiMi00MTc1LWIxNzItNDkzZmYwNDllYjI5L3Jlc291cmNlR3JvdXBzL3BzNDAxOS9wcm92aWRlcnMvTWljcm9zb2Z0LlNxbC9sb2NhdGlvbnMvZWFzdHVzMmV1YXAvc2VydmVyQXp1cmVBc3luY09wZXJhdGlvbi84YzllZmFhOC1jZWNmLTQ4YjItOThhMy1iYjhmMWQzOGU5OTQ/YXBpLXZlcnNpb249MjAyMS0wMi0wMS1wcmV2aWV3",
      "RequestMethod": "GET",
      "RequestHeaders": {
        "x-ms-client-request-id": [
          "666f941f-6b57-4440-9423-a4bef73d688e"
        ],
        "User-Agent": [
          "FxVersion/4.700.22.55902",
          "OSName/Windows",
          "OSVersion/Microsoft.Windows.10.0.22621",
          "Microsoft.Azure.Management.Sql.SqlManagementClient/4.3.0"
        ]
      },
      "RequestBody": "",
      "ResponseHeaders": {
        "Cache-Control": [
          "no-cache"
        ],
        "Pragma": [
          "no-cache"
        ],
        "Retry-After": [
          "15"
        ],
        "x-ms-request-id": [
          "35eca031-5b99-427a-8d15-0b0fb314647e"
        ],
        "Server": [
          "Microsoft-HTTPAPI/2.0"
        ],
        "x-ms-ratelimit-remaining-subscription-reads": [
          "11991"
        ],
        "x-ms-correlation-request-id": [
          "d3a29890-64af-4502-824d-81ee0acbb84d"
        ],
        "x-ms-routing-request-id": [
          "WESTUS:20230217T202312Z:d3a29890-64af-4502-824d-81ee0acbb84d"
        ],
        "Strict-Transport-Security": [
          "max-age=31536000; includeSubDomains"
        ],
        "X-Content-Type-Options": [
          "nosniff"
        ],
        "Date": [
          "Fri, 17 Feb 2023 20:23:12 GMT"
        ],
        "Content-Length": [
          "107"
        ],
        "Content-Type": [
          "application/json; charset=utf-8"
        ],
        "Expires": [
          "-1"
        ]
      },
      "ResponseBody": "{\r\n  \"name\": \"8c9efaa8-cecf-48b2-98a3-bb8f1d38e994\",\r\n  \"status\": \"Succeeded\",\r\n  \"startTime\": \"2023-02-17T20:22:06.247Z\"\r\n}",
      "StatusCode": 200
    },
    {
      "RequestUri": "/subscriptions/2c647056-bab2-4175-b172-493ff049eb29/resourceGroups/ps4019/providers/Microsoft.Sql/servers/ps9232/databases/ps9309?api-version=2022-08-01-preview",
      "EncodedRequestUri": "L3N1YnNjcmlwdGlvbnMvMmM2NDcwNTYtYmFiMi00MTc1LWIxNzItNDkzZmYwNDllYjI5L3Jlc291cmNlR3JvdXBzL3BzNDAxOS9wcm92aWRlcnMvTWljcm9zb2Z0LlNxbC9zZXJ2ZXJzL3BzOTIzMi9kYXRhYmFzZXMvcHM5MzA5P2FwaS12ZXJzaW9uPTIwMjItMDgtMDEtcHJldmlldw==",
      "RequestMethod": "GET",
      "RequestHeaders": {
        "x-ms-client-request-id": [
          "6ec25a5a-a77e-403a-830d-a29b888779a0"
        ],
        "Accept-Language": [
          "en-US"
        ],
        "User-Agent": [
          "FxVersion/4.700.22.55902",
          "OSName/Windows",
          "OSVersion/Microsoft.Windows.10.0.22621",
          "Microsoft.Azure.Management.Sql.SqlManagementClient/4.3.0"
        ]
      },
      "RequestBody": "",
      "ResponseHeaders": {
        "Cache-Control": [
          "no-cache"
        ],
        "Pragma": [
          "no-cache"
        ],
        "x-ms-failure-cause": [
          "gateway"
        ],
        "x-ms-request-id": [
          "453b23a4-2531-4ca2-aea1-ca71d6852a9a"
        ],
        "x-ms-correlation-request-id": [
          "453b23a4-2531-4ca2-aea1-ca71d6852a9a"
        ],
        "x-ms-routing-request-id": [
          "WESTUS:20230217T202313Z:453b23a4-2531-4ca2-aea1-ca71d6852a9a"
        ],
        "Strict-Transport-Security": [
          "max-age=31536000; includeSubDomains"
        ],
        "X-Content-Type-Options": [
          "nosniff"
        ],
        "Date": [
          "Fri, 17 Feb 2023 20:23:12 GMT"
        ],
        "Content-Type": [
          "application/json; charset=utf-8"
        ],
        "Expires": [
          "-1"
        ],
        "Content-Length": [
          "223"
        ]
      },
      "ResponseBody": "{\r\n  \"error\": {\r\n    \"code\": \"ResourceNotFound\",\r\n    \"message\": \"The Resource 'Microsoft.Sql/servers/ps9232/databases/ps9309' under resource group 'ps4019' was not found. For more details please go to https://aka.ms/ARMResourceNotFoundFix\"\r\n  }\r\n}",
      "StatusCode": 404
    },
    {
      "RequestUri": "/subscriptions/2c647056-bab2-4175-b172-493ff049eb29/resourceGroups/ps4019/providers/Microsoft.Sql/servers/ps9232/databases/ps9309?api-version=2022-08-01-preview",
      "EncodedRequestUri": "L3N1YnNjcmlwdGlvbnMvMmM2NDcwNTYtYmFiMi00MTc1LWIxNzItNDkzZmYwNDllYjI5L3Jlc291cmNlR3JvdXBzL3BzNDAxOS9wcm92aWRlcnMvTWljcm9zb2Z0LlNxbC9zZXJ2ZXJzL3BzOTIzMi9kYXRhYmFzZXMvcHM5MzA5P2FwaS12ZXJzaW9uPTIwMjItMDgtMDEtcHJldmlldw==",
      "RequestMethod": "GET",
      "RequestHeaders": {
        "x-ms-client-request-id": [
          "6ec25a5a-a77e-403a-830d-a29b888779a0"
        ],
        "User-Agent": [
          "FxVersion/4.700.22.55902",
          "OSName/Windows",
          "OSVersion/Microsoft.Windows.10.0.22621",
          "Microsoft.Azure.Management.Sql.SqlManagementClient/4.3.0"
        ]
      },
      "RequestBody": "",
      "ResponseHeaders": {
        "Cache-Control": [
          "no-cache"
        ],
        "Pragma": [
          "no-cache"
        ],
        "x-ms-request-id": [
          "445a3b84-e777-42f4-8c35-867d76f6017f"
        ],
        "Server": [
          "Microsoft-HTTPAPI/2.0"
        ],
        "x-ms-ratelimit-remaining-subscription-reads": [
          "11994"
        ],
        "x-ms-correlation-request-id": [
          "23fe7eb1-caa9-4258-8c0d-a8a407dbcf62"
        ],
        "x-ms-routing-request-id": [
          "WESTUS:20230217T202431Z:23fe7eb1-caa9-4258-8c0d-a8a407dbcf62"
        ],
        "Strict-Transport-Security": [
          "max-age=31536000; includeSubDomains"
        ],
        "X-Content-Type-Options": [
          "nosniff"
        ],
        "Date": [
          "Fri, 17 Feb 2023 20:24:31 GMT"
        ],
        "Content-Length": [
          "1510"
        ],
        "Content-Type": [
          "application/json; charset=utf-8"
        ],
        "Expires": [
          "-1"
        ]
      },
      "ResponseBody": "{\r\n  \"sku\": {\r\n    \"name\": \"Standard\",\r\n    \"tier\": \"Standard\",\r\n    \"capacity\": 10\r\n  },\r\n  \"kind\": \"v12.0,user\",\r\n  \"identity\": {\r\n    \"type\": \"UserAssigned\",\r\n    \"userAssignedIdentities\": {\r\n      \"/subscriptions/2c647056-bab2-4175-b172-493ff049eb29/resourcegroups/pstest/providers/Microsoft.ManagedIdentity/userAssignedIdentities/pstestumi\": {\r\n        \"principalId\": \"781be676-54b8-46e5-ba30-4d9a18b13bf6\",\r\n        \"clientId\": \"6c97fcb9-7792-4aa9-b1e3-69d6d3857e68\"\r\n      }\r\n    }\r\n  },\r\n  \"properties\": {\r\n    \"collation\": \"SQL_Latin1_General_CP1_CI_AS\",\r\n    \"maxSizeBytes\": 268435456000,\r\n    \"status\": \"Online\",\r\n    \"databaseId\": \"32e30991-c4af-45c3-b53e-af5412a15362\",\r\n    \"creationDate\": \"2023-02-17T20:24:23.03Z\",\r\n    \"currentServiceObjectiveName\": \"S0\",\r\n    \"requestedServiceObjectiveName\": \"S0\",\r\n    \"defaultSecondaryLocation\": \"centraluseuap\",\r\n    \"catalogCollation\": \"SQL_Latin1_General_CP1_CI_AS\",\r\n    \"zoneRedundant\": false,\r\n    \"readScale\": \"Disabled\",\r\n    \"currentSku\": {\r\n      \"name\": \"Standard\",\r\n      \"tier\": \"Standard\",\r\n      \"capacity\": 10\r\n    },\r\n    \"currentBackupStorageRedundancy\": \"Geo\",\r\n    \"requestedBackupStorageRedundancy\": \"Geo\",\r\n    \"maintenanceConfigurationId\": \"/subscriptions/2c647056-bab2-4175-b172-493ff049eb29/providers/Microsoft.Maintenance/publicMaintenanceConfigurations/SQL_Default\",\r\n    \"isLedgerOn\": false,\r\n    \"isInfraEncryptionEnabled\": false,\r\n    \"encryptionProtector\": \"https://pstestkv.vault.azure.net/keys/testkey/f62d937858464f329ab4a8c2dc7e0fa4\",\r\n    \"availabilityZone\": \"NoPreference\"\r\n  },\r\n  \"location\": \"eastus2euap\",\r\n  \"id\": \"/subscriptions/2c647056-bab2-4175-b172-493ff049eb29/resourceGroups/ps4019/providers/Microsoft.Sql/servers/ps9232/databases/ps9309\",\r\n  \"name\": \"ps9309\",\r\n  \"type\": \"Microsoft.Sql/servers/databases\"\r\n}",
      "StatusCode": 200
    },
    {
      "RequestUri": "/subscriptions/2c647056-bab2-4175-b172-493ff049eb29/resourceGroups/ps4019/providers/Microsoft.Sql/servers/ps9232/databases/ps9309?api-version=2022-08-01-preview",
      "EncodedRequestUri": "L3N1YnNjcmlwdGlvbnMvMmM2NDcwNTYtYmFiMi00MTc1LWIxNzItNDkzZmYwNDllYjI5L3Jlc291cmNlR3JvdXBzL3BzNDAxOS9wcm92aWRlcnMvTWljcm9zb2Z0LlNxbC9zZXJ2ZXJzL3BzOTIzMi9kYXRhYmFzZXMvcHM5MzA5P2FwaS12ZXJzaW9uPTIwMjItMDgtMDEtcHJldmlldw==",
      "RequestMethod": "GET",
      "RequestHeaders": {
        "x-ms-client-request-id": [
          "8cbcfb32-647a-483e-a165-6e92f84551e9"
        ],
        "Accept-Language": [
          "en-US"
        ],
        "User-Agent": [
          "FxVersion/4.700.22.55902",
          "OSName/Windows",
          "OSVersion/Microsoft.Windows.10.0.22621",
          "Microsoft.Azure.Management.Sql.SqlManagementClient/4.3.0"
        ]
      },
      "RequestBody": "",
      "ResponseHeaders": {
        "Cache-Control": [
          "no-cache"
        ],
        "Pragma": [
          "no-cache"
        ],
        "x-ms-request-id": [
          "0b1d20e3-b65c-47f0-ac88-8fc2bd4df2eb"
        ],
        "Server": [
          "Microsoft-HTTPAPI/2.0"
        ],
        "x-ms-ratelimit-remaining-subscription-reads": [
          "11999"
        ],
        "x-ms-correlation-request-id": [
          "31c49eb7-7720-44bc-b376-0aaf6c4dccb0"
        ],
        "x-ms-routing-request-id": [
          "WESTUS:20230217T202431Z:31c49eb7-7720-44bc-b376-0aaf6c4dccb0"
        ],
        "Strict-Transport-Security": [
          "max-age=31536000; includeSubDomains"
        ],
        "X-Content-Type-Options": [
          "nosniff"
        ],
        "Date": [
          "Fri, 17 Feb 2023 20:24:31 GMT"
        ],
        "Content-Length": [
          "1510"
        ],
        "Content-Type": [
          "application/json; charset=utf-8"
        ],
        "Expires": [
          "-1"
        ]
      },
      "ResponseBody": "{\r\n  \"sku\": {\r\n    \"name\": \"Standard\",\r\n    \"tier\": \"Standard\",\r\n    \"capacity\": 10\r\n  },\r\n  \"kind\": \"v12.0,user\",\r\n  \"identity\": {\r\n    \"type\": \"UserAssigned\",\r\n    \"userAssignedIdentities\": {\r\n      \"/subscriptions/2c647056-bab2-4175-b172-493ff049eb29/resourcegroups/pstest/providers/Microsoft.ManagedIdentity/userAssignedIdentities/pstestumi\": {\r\n        \"principalId\": \"781be676-54b8-46e5-ba30-4d9a18b13bf6\",\r\n        \"clientId\": \"6c97fcb9-7792-4aa9-b1e3-69d6d3857e68\"\r\n      }\r\n    }\r\n  },\r\n  \"properties\": {\r\n    \"collation\": \"SQL_Latin1_General_CP1_CI_AS\",\r\n    \"maxSizeBytes\": 268435456000,\r\n    \"status\": \"Online\",\r\n    \"databaseId\": \"32e30991-c4af-45c3-b53e-af5412a15362\",\r\n    \"creationDate\": \"2023-02-17T20:24:23.03Z\",\r\n    \"currentServiceObjectiveName\": \"S0\",\r\n    \"requestedServiceObjectiveName\": \"S0\",\r\n    \"defaultSecondaryLocation\": \"centraluseuap\",\r\n    \"catalogCollation\": \"SQL_Latin1_General_CP1_CI_AS\",\r\n    \"zoneRedundant\": false,\r\n    \"readScale\": \"Disabled\",\r\n    \"currentSku\": {\r\n      \"name\": \"Standard\",\r\n      \"tier\": \"Standard\",\r\n      \"capacity\": 10\r\n    },\r\n    \"currentBackupStorageRedundancy\": \"Geo\",\r\n    \"requestedBackupStorageRedundancy\": \"Geo\",\r\n    \"maintenanceConfigurationId\": \"/subscriptions/2c647056-bab2-4175-b172-493ff049eb29/providers/Microsoft.Maintenance/publicMaintenanceConfigurations/SQL_Default\",\r\n    \"isLedgerOn\": false,\r\n    \"isInfraEncryptionEnabled\": false,\r\n    \"encryptionProtector\": \"https://pstestkv.vault.azure.net/keys/testkey/f62d937858464f329ab4a8c2dc7e0fa4\",\r\n    \"availabilityZone\": \"NoPreference\"\r\n  },\r\n  \"location\": \"eastus2euap\",\r\n  \"id\": \"/subscriptions/2c647056-bab2-4175-b172-493ff049eb29/resourceGroups/ps4019/providers/Microsoft.Sql/servers/ps9232/databases/ps9309\",\r\n  \"name\": \"ps9309\",\r\n  \"type\": \"Microsoft.Sql/servers/databases\"\r\n}",
      "StatusCode": 200
    },
    {
      "RequestUri": "/subscriptions/2c647056-bab2-4175-b172-493ff049eb29/resourceGroups/ps4019/providers/Microsoft.Sql/servers/ps9232/databases/ps9309?api-version=2022-08-01-preview",
      "EncodedRequestUri": "L3N1YnNjcmlwdGlvbnMvMmM2NDcwNTYtYmFiMi00MTc1LWIxNzItNDkzZmYwNDllYjI5L3Jlc291cmNlR3JvdXBzL3BzNDAxOS9wcm92aWRlcnMvTWljcm9zb2Z0LlNxbC9zZXJ2ZXJzL3BzOTIzMi9kYXRhYmFzZXMvcHM5MzA5P2FwaS12ZXJzaW9uPTIwMjItMDgtMDEtcHJldmlldw==",
      "RequestMethod": "PUT",
      "RequestHeaders": {
        "x-ms-client-request-id": [
          "6ec25a5a-a77e-403a-830d-a29b888779a0"
        ],
        "Accept-Language": [
          "en-US"
        ],
        "User-Agent": [
          "FxVersion/4.700.22.55902",
          "OSName/Windows",
          "OSVersion/Microsoft.Windows.10.0.22621",
          "Microsoft.Azure.Management.Sql.SqlManagementClient/4.3.0"
        ],
        "Content-Type": [
          "application/json; charset=utf-8"
        ],
        "Content-Length": [
          "478"
        ]
      },
      "RequestBody": "{\r\n  \"identity\": {\r\n    \"type\": \"UserAssigned\",\r\n    \"userAssignedIdentities\": {\r\n      \"/subscriptions/2c647056-bab2-4175-b172-493ff049eb29/resourceGroups/pstest/providers/Microsoft.ManagedIdentity/userAssignedIdentities/pstestumi\": {}\r\n    }\r\n  },\r\n  \"properties\": {\r\n    \"maxSizeBytes\": 0,\r\n    \"readScale\": \"\",\r\n    \"keys\": {},\r\n    \"encryptionProtector\": \"https://pstestkv.vault.azure.net/keys/testkey/f62d937858464f329ab4a8c2dc7e0fa4\"\r\n  },\r\n  \"location\": \"eastus2euap\"\r\n}",
      "ResponseHeaders": {
        "Cache-Control": [
          "no-cache"
        ],
        "Pragma": [
          "no-cache"
        ],
        "Location": [
          "https://management.azure.com/subscriptions/2c647056-bab2-4175-b172-493ff049eb29/resourceGroups/ps4019/providers/Microsoft.Sql/locations/eastus2euap/databaseOperationResults/a733d08f-7d0b-4a59-b5cc-53de1fe81a25?api-version=2022-08-01-preview"
        ],
        "Retry-After": [
          "15"
        ],
        "Azure-AsyncOperation": [
          "https://management.azure.com/subscriptions/2c647056-bab2-4175-b172-493ff049eb29/resourceGroups/ps4019/providers/Microsoft.Sql/locations/eastus2euap/databaseAzureAsyncOperation/a733d08f-7d0b-4a59-b5cc-53de1fe81a25?api-version=2022-08-01-preview"
        ],
        "x-ms-request-id": [
          "a733d08f-7d0b-4a59-b5cc-53de1fe81a25"
        ],
        "Server": [
          "Microsoft-HTTPAPI/2.0"
        ],
        "x-ms-ratelimit-remaining-subscription-writes": [
          "1199"
        ],
        "x-ms-correlation-request-id": [
          "1128e244-2941-47e2-87ce-64e933701ab6"
        ],
        "x-ms-routing-request-id": [
          "WESTUS:20230217T202315Z:1128e244-2941-47e2-87ce-64e933701ab6"
        ],
        "Strict-Transport-Security": [
          "max-age=31536000; includeSubDomains"
        ],
        "X-Content-Type-Options": [
          "nosniff"
        ],
        "Date": [
          "Fri, 17 Feb 2023 20:23:14 GMT"
        ],
        "Content-Length": [
          "75"
        ],
        "Content-Type": [
          "application/json; charset=utf-8"
        ],
        "Expires": [
          "-1"
        ]
      },
      "ResponseBody": "{\r\n  \"operation\": \"CreateLogicalDatabase\",\r\n  \"startTime\": \"2023-02-17T20:23:15.14Z\"\r\n}",
      "StatusCode": 202
    },
    {
      "RequestUri": "/subscriptions/2c647056-bab2-4175-b172-493ff049eb29/resourceGroups/ps4019/providers/Microsoft.Sql/locations/eastus2euap/databaseAzureAsyncOperation/a733d08f-7d0b-4a59-b5cc-53de1fe81a25?api-version=2022-08-01-preview",
      "EncodedRequestUri": "L3N1YnNjcmlwdGlvbnMvMmM2NDcwNTYtYmFiMi00MTc1LWIxNzItNDkzZmYwNDllYjI5L3Jlc291cmNlR3JvdXBzL3BzNDAxOS9wcm92aWRlcnMvTWljcm9zb2Z0LlNxbC9sb2NhdGlvbnMvZWFzdHVzMmV1YXAvZGF0YWJhc2VBenVyZUFzeW5jT3BlcmF0aW9uL2E3MzNkMDhmLTdkMGItNGE1OS1iNWNjLTUzZGUxZmU4MWEyNT9hcGktdmVyc2lvbj0yMDIyLTA4LTAxLXByZXZpZXc=",
      "RequestMethod": "GET",
      "RequestHeaders": {
        "x-ms-client-request-id": [
          "6ec25a5a-a77e-403a-830d-a29b888779a0"
        ],
        "User-Agent": [
          "FxVersion/4.700.22.55902",
          "OSName/Windows",
          "OSVersion/Microsoft.Windows.10.0.22621",
          "Microsoft.Azure.Management.Sql.SqlManagementClient/4.3.0"
        ]
      },
      "RequestBody": "",
      "ResponseHeaders": {
        "Cache-Control": [
          "no-cache"
        ],
        "Pragma": [
          "no-cache"
        ],
        "Retry-After": [
          "15"
        ],
        "x-ms-request-id": [
          "dff9d031-2e80-4768-92c0-32a8dcebfb13"
        ],
        "Server": [
          "Microsoft-HTTPAPI/2.0"
        ],
        "x-ms-ratelimit-remaining-subscription-reads": [
          "11999"
        ],
        "x-ms-correlation-request-id": [
          "3131a925-f752-496c-ae50-bb6aced4adc0"
        ],
        "x-ms-routing-request-id": [
          "WESTUS:20230217T202330Z:3131a925-f752-496c-ae50-bb6aced4adc0"
        ],
        "Strict-Transport-Security": [
          "max-age=31536000; includeSubDomains"
        ],
        "X-Content-Type-Options": [
          "nosniff"
        ],
        "Date": [
          "Fri, 17 Feb 2023 20:23:29 GMT"
        ],
        "Content-Length": [
          "107"
        ],
        "Content-Type": [
          "application/json; charset=utf-8"
        ],
        "Expires": [
          "-1"
        ]
      },
      "ResponseBody": "{\r\n  \"name\": \"a733d08f-7d0b-4a59-b5cc-53de1fe81a25\",\r\n  \"status\": \"InProgress\",\r\n  \"startTime\": \"2023-02-17T20:23:15.14Z\"\r\n}",
      "StatusCode": 200
    },
    {
      "RequestUri": "/subscriptions/2c647056-bab2-4175-b172-493ff049eb29/resourceGroups/ps4019/providers/Microsoft.Sql/locations/eastus2euap/databaseAzureAsyncOperation/a733d08f-7d0b-4a59-b5cc-53de1fe81a25?api-version=2022-08-01-preview",
      "EncodedRequestUri": "L3N1YnNjcmlwdGlvbnMvMmM2NDcwNTYtYmFiMi00MTc1LWIxNzItNDkzZmYwNDllYjI5L3Jlc291cmNlR3JvdXBzL3BzNDAxOS9wcm92aWRlcnMvTWljcm9zb2Z0LlNxbC9sb2NhdGlvbnMvZWFzdHVzMmV1YXAvZGF0YWJhc2VBenVyZUFzeW5jT3BlcmF0aW9uL2E3MzNkMDhmLTdkMGItNGE1OS1iNWNjLTUzZGUxZmU4MWEyNT9hcGktdmVyc2lvbj0yMDIyLTA4LTAxLXByZXZpZXc=",
      "RequestMethod": "GET",
      "RequestHeaders": {
        "x-ms-client-request-id": [
          "6ec25a5a-a77e-403a-830d-a29b888779a0"
        ],
        "User-Agent": [
          "FxVersion/4.700.22.55902",
          "OSName/Windows",
          "OSVersion/Microsoft.Windows.10.0.22621",
          "Microsoft.Azure.Management.Sql.SqlManagementClient/4.3.0"
        ]
      },
      "RequestBody": "",
      "ResponseHeaders": {
        "Cache-Control": [
          "no-cache"
        ],
        "Pragma": [
          "no-cache"
        ],
        "Retry-After": [
          "15"
        ],
        "x-ms-request-id": [
          "7cb2e157-b723-4937-a46a-5861904bad5b"
        ],
        "Server": [
          "Microsoft-HTTPAPI/2.0"
        ],
        "x-ms-ratelimit-remaining-subscription-reads": [
          "11998"
        ],
        "x-ms-correlation-request-id": [
          "07e3f415-228f-4458-8581-b0ceb105c300"
        ],
        "x-ms-routing-request-id": [
          "WESTUS:20230217T202345Z:07e3f415-228f-4458-8581-b0ceb105c300"
        ],
        "Strict-Transport-Security": [
          "max-age=31536000; includeSubDomains"
        ],
        "X-Content-Type-Options": [
          "nosniff"
        ],
        "Date": [
          "Fri, 17 Feb 2023 20:23:44 GMT"
        ],
        "Content-Length": [
          "107"
        ],
        "Content-Type": [
          "application/json; charset=utf-8"
        ],
        "Expires": [
          "-1"
        ]
      },
      "ResponseBody": "{\r\n  \"name\": \"a733d08f-7d0b-4a59-b5cc-53de1fe81a25\",\r\n  \"status\": \"InProgress\",\r\n  \"startTime\": \"2023-02-17T20:23:15.14Z\"\r\n}",
      "StatusCode": 200
    },
    {
      "RequestUri": "/subscriptions/2c647056-bab2-4175-b172-493ff049eb29/resourceGroups/ps4019/providers/Microsoft.Sql/locations/eastus2euap/databaseAzureAsyncOperation/a733d08f-7d0b-4a59-b5cc-53de1fe81a25?api-version=2022-08-01-preview",
      "EncodedRequestUri": "L3N1YnNjcmlwdGlvbnMvMmM2NDcwNTYtYmFiMi00MTc1LWIxNzItNDkzZmYwNDllYjI5L3Jlc291cmNlR3JvdXBzL3BzNDAxOS9wcm92aWRlcnMvTWljcm9zb2Z0LlNxbC9sb2NhdGlvbnMvZWFzdHVzMmV1YXAvZGF0YWJhc2VBenVyZUFzeW5jT3BlcmF0aW9uL2E3MzNkMDhmLTdkMGItNGE1OS1iNWNjLTUzZGUxZmU4MWEyNT9hcGktdmVyc2lvbj0yMDIyLTA4LTAxLXByZXZpZXc=",
      "RequestMethod": "GET",
      "RequestHeaders": {
        "x-ms-client-request-id": [
          "6ec25a5a-a77e-403a-830d-a29b888779a0"
        ],
        "User-Agent": [
          "FxVersion/4.700.22.55902",
          "OSName/Windows",
          "OSVersion/Microsoft.Windows.10.0.22621",
          "Microsoft.Azure.Management.Sql.SqlManagementClient/4.3.0"
        ]
      },
      "RequestBody": "",
      "ResponseHeaders": {
        "Cache-Control": [
          "no-cache"
        ],
        "Pragma": [
          "no-cache"
        ],
        "Retry-After": [
          "15"
        ],
        "x-ms-request-id": [
          "6e85a419-02ac-4a45-a2a7-ce5a81924528"
        ],
        "Server": [
          "Microsoft-HTTPAPI/2.0"
        ],
        "x-ms-ratelimit-remaining-subscription-reads": [
          "11997"
        ],
        "x-ms-correlation-request-id": [
          "60a665c4-a088-406b-9d6b-a122b0600c1c"
        ],
        "x-ms-routing-request-id": [
          "WESTUS:20230217T202400Z:60a665c4-a088-406b-9d6b-a122b0600c1c"
        ],
        "Strict-Transport-Security": [
          "max-age=31536000; includeSubDomains"
        ],
        "X-Content-Type-Options": [
          "nosniff"
        ],
        "Date": [
          "Fri, 17 Feb 2023 20:23:59 GMT"
        ],
        "Content-Length": [
          "107"
        ],
        "Content-Type": [
          "application/json; charset=utf-8"
        ],
        "Expires": [
          "-1"
        ]
      },
      "ResponseBody": "{\r\n  \"name\": \"a733d08f-7d0b-4a59-b5cc-53de1fe81a25\",\r\n  \"status\": \"InProgress\",\r\n  \"startTime\": \"2023-02-17T20:23:15.14Z\"\r\n}",
      "StatusCode": 200
    },
    {
      "RequestUri": "/subscriptions/2c647056-bab2-4175-b172-493ff049eb29/resourceGroups/ps4019/providers/Microsoft.Sql/locations/eastus2euap/databaseAzureAsyncOperation/a733d08f-7d0b-4a59-b5cc-53de1fe81a25?api-version=2022-08-01-preview",
      "EncodedRequestUri": "L3N1YnNjcmlwdGlvbnMvMmM2NDcwNTYtYmFiMi00MTc1LWIxNzItNDkzZmYwNDllYjI5L3Jlc291cmNlR3JvdXBzL3BzNDAxOS9wcm92aWRlcnMvTWljcm9zb2Z0LlNxbC9sb2NhdGlvbnMvZWFzdHVzMmV1YXAvZGF0YWJhc2VBenVyZUFzeW5jT3BlcmF0aW9uL2E3MzNkMDhmLTdkMGItNGE1OS1iNWNjLTUzZGUxZmU4MWEyNT9hcGktdmVyc2lvbj0yMDIyLTA4LTAxLXByZXZpZXc=",
      "RequestMethod": "GET",
      "RequestHeaders": {
        "x-ms-client-request-id": [
          "6ec25a5a-a77e-403a-830d-a29b888779a0"
        ],
        "User-Agent": [
          "FxVersion/4.700.22.55902",
          "OSName/Windows",
          "OSVersion/Microsoft.Windows.10.0.22621",
          "Microsoft.Azure.Management.Sql.SqlManagementClient/4.3.0"
        ]
      },
      "RequestBody": "",
      "ResponseHeaders": {
        "Cache-Control": [
          "no-cache"
        ],
        "Pragma": [
          "no-cache"
        ],
        "Retry-After": [
          "15"
        ],
        "x-ms-request-id": [
          "63c5118b-fcc2-4b6f-a3d7-c6b4068f9b8d"
        ],
        "Server": [
          "Microsoft-HTTPAPI/2.0"
        ],
        "x-ms-ratelimit-remaining-subscription-reads": [
          "11996"
        ],
        "x-ms-correlation-request-id": [
          "d8a4cc99-b6ea-4005-bcdd-88526c3725a6"
        ],
        "x-ms-routing-request-id": [
          "WESTUS:20230217T202415Z:d8a4cc99-b6ea-4005-bcdd-88526c3725a6"
        ],
        "Strict-Transport-Security": [
          "max-age=31536000; includeSubDomains"
        ],
        "X-Content-Type-Options": [
          "nosniff"
        ],
        "Date": [
          "Fri, 17 Feb 2023 20:24:15 GMT"
        ],
        "Content-Length": [
          "107"
        ],
        "Content-Type": [
          "application/json; charset=utf-8"
        ],
        "Expires": [
          "-1"
        ]
      },
      "ResponseBody": "{\r\n  \"name\": \"a733d08f-7d0b-4a59-b5cc-53de1fe81a25\",\r\n  \"status\": \"InProgress\",\r\n  \"startTime\": \"2023-02-17T20:23:15.14Z\"\r\n}",
      "StatusCode": 200
    },
    {
      "RequestUri": "/subscriptions/2c647056-bab2-4175-b172-493ff049eb29/resourceGroups/ps4019/providers/Microsoft.Sql/locations/eastus2euap/databaseAzureAsyncOperation/a733d08f-7d0b-4a59-b5cc-53de1fe81a25?api-version=2022-08-01-preview",
      "EncodedRequestUri": "L3N1YnNjcmlwdGlvbnMvMmM2NDcwNTYtYmFiMi00MTc1LWIxNzItNDkzZmYwNDllYjI5L3Jlc291cmNlR3JvdXBzL3BzNDAxOS9wcm92aWRlcnMvTWljcm9zb2Z0LlNxbC9sb2NhdGlvbnMvZWFzdHVzMmV1YXAvZGF0YWJhc2VBenVyZUFzeW5jT3BlcmF0aW9uL2E3MzNkMDhmLTdkMGItNGE1OS1iNWNjLTUzZGUxZmU4MWEyNT9hcGktdmVyc2lvbj0yMDIyLTA4LTAxLXByZXZpZXc=",
      "RequestMethod": "GET",
      "RequestHeaders": {
        "x-ms-client-request-id": [
          "6ec25a5a-a77e-403a-830d-a29b888779a0"
        ],
        "User-Agent": [
          "FxVersion/4.700.22.55902",
          "OSName/Windows",
          "OSVersion/Microsoft.Windows.10.0.22621",
          "Microsoft.Azure.Management.Sql.SqlManagementClient/4.3.0"
        ]
      },
      "RequestBody": "",
      "ResponseHeaders": {
        "Cache-Control": [
          "no-cache"
        ],
        "Pragma": [
          "no-cache"
        ],
        "Retry-After": [
          "15"
        ],
        "x-ms-request-id": [
          "0e890f42-8cdc-4b7d-9ff3-4eaf11556e63"
        ],
        "Server": [
          "Microsoft-HTTPAPI/2.0"
        ],
        "x-ms-ratelimit-remaining-subscription-reads": [
          "11995"
        ],
        "x-ms-correlation-request-id": [
          "66090931-7c05-425b-b3de-391facaedb74"
        ],
        "x-ms-routing-request-id": [
          "WESTUS:20230217T202431Z:66090931-7c05-425b-b3de-391facaedb74"
        ],
        "Strict-Transport-Security": [
          "max-age=31536000; includeSubDomains"
        ],
        "X-Content-Type-Options": [
          "nosniff"
        ],
        "Date": [
          "Fri, 17 Feb 2023 20:24:30 GMT"
        ],
        "Content-Length": [
          "106"
        ],
        "Content-Type": [
          "application/json; charset=utf-8"
        ],
        "Expires": [
          "-1"
        ]
      },
      "ResponseBody": "{\r\n  \"name\": \"a733d08f-7d0b-4a59-b5cc-53de1fe81a25\",\r\n  \"status\": \"Succeeded\",\r\n  \"startTime\": \"2023-02-17T20:23:15.14Z\"\r\n}",
      "StatusCode": 200
    },
    {
      "RequestUri": "/subscriptions/2c647056-bab2-4175-b172-493ff049eb29/resourcegroups/ps4019?api-version=2016-09-01",
      "EncodedRequestUri": "L3N1YnNjcmlwdGlvbnMvMmM2NDcwNTYtYmFiMi00MTc1LWIxNzItNDkzZmYwNDllYjI5L3Jlc291cmNlZ3JvdXBzL3BzNDAxOT9hcGktdmVyc2lvbj0yMDE2LTA5LTAx",
      "RequestMethod": "DELETE",
      "RequestHeaders": {
        "x-ms-client-request-id": [
          "545cb599-9025-4954-aa9b-c0d0bd4624f3"
        ],
        "Accept-Language": [
          "en-US"
        ],
        "User-Agent": [
          "FxVersion/4.700.22.55902",
          "OSName/Windows",
          "OSVersion/Microsoft.Windows.10.0.22621",
          "Microsoft.Azure.Management.Internal.Resources.ResourceManagementClient/1.3.68"
        ]
      },
      "RequestBody": "",
      "ResponseHeaders": {
        "Cache-Control": [
          "no-cache"
        ],
        "Pragma": [
          "no-cache"
        ],
        "Location": [
          "https://management.azure.com/subscriptions/2c647056-bab2-4175-b172-493ff049eb29/operationresults/eyJqb2JJZCI6IlJFU09VUkNFR1JPVVBERUxFVElPTkpPQi1QUzQwMTktV0VTVENFTlRSQUxVUyIsImpvYkxvY2F0aW9uIjoid2VzdGNlbnRyYWx1cyJ9?api-version=2016-09-01"
        ],
        "Retry-After": [
          "15"
        ],
        "x-ms-ratelimit-remaining-subscription-deletes": [
          "14999"
        ],
        "x-ms-request-id": [
          "f48e9f1a-2d7e-421e-a8b7-63c2a6b93e62"
        ],
        "x-ms-correlation-request-id": [
          "f48e9f1a-2d7e-421e-a8b7-63c2a6b93e62"
        ],
        "x-ms-routing-request-id": [
          "WESTUS:20230217T202433Z:f48e9f1a-2d7e-421e-a8b7-63c2a6b93e62"
        ],
        "Strict-Transport-Security": [
          "max-age=31536000; includeSubDomains"
        ],
        "X-Content-Type-Options": [
          "nosniff"
        ],
        "Date": [
          "Fri, 17 Feb 2023 20:24:32 GMT"
        ],
        "Expires": [
          "-1"
        ],
        "Content-Length": [
          "0"
        ]
      },
      "ResponseBody": "",
      "StatusCode": 202
    },
    {
      "RequestUri": "/subscriptions/2c647056-bab2-4175-b172-493ff049eb29/operationresults/eyJqb2JJZCI6IlJFU09VUkNFR1JPVVBERUxFVElPTkpPQi1QUzQwMTktV0VTVENFTlRSQUxVUyIsImpvYkxvY2F0aW9uIjoid2VzdGNlbnRyYWx1cyJ9?api-version=2016-09-01",
      "EncodedRequestUri": "L3N1YnNjcmlwdGlvbnMvMmM2NDcwNTYtYmFiMi00MTc1LWIxNzItNDkzZmYwNDllYjI5L29wZXJhdGlvbnJlc3VsdHMvZXlKcWIySkpaQ0k2SWxKRlUwOVZVa05GUjFKUFZWQkVSVXhGVkVsUFRrcFBRaTFRVXpRd01Ua3RWMFZUVkVORlRsUlNRVXhWVXlJc0ltcHZZa3h2WTJGMGFXOXVJam9pZDJWemRHTmxiblJ5WVd4MWN5Sjk/YXBpLXZlcnNpb249MjAxNi0wOS0wMQ==",
      "RequestMethod": "GET",
      "RequestHeaders": {
        "User-Agent": [
          "FxVersion/4.700.22.55902",
          "OSName/Windows",
          "OSVersion/Microsoft.Windows.10.0.22621",
          "Microsoft.Azure.Management.Internal.Resources.ResourceManagementClient/1.3.68"
        ]
      },
      "RequestBody": "",
      "ResponseHeaders": {
        "Cache-Control": [
          "no-cache"
        ],
        "Pragma": [
          "no-cache"
        ],
        "Location": [
          "https://management.azure.com/subscriptions/2c647056-bab2-4175-b172-493ff049eb29/operationresults/eyJqb2JJZCI6IlJFU09VUkNFR1JPVVBERUxFVElPTkpPQi1QUzQwMTktV0VTVENFTlRSQUxVUyIsImpvYkxvY2F0aW9uIjoid2VzdGNlbnRyYWx1cyJ9?api-version=2016-09-01"
        ],
        "Retry-After": [
          "15"
        ],
        "x-ms-ratelimit-remaining-subscription-reads": [
          "11999"
        ],
        "x-ms-request-id": [
          "eda433db-c1a0-4295-9051-708e6e13b33a"
        ],
        "x-ms-correlation-request-id": [
          "eda433db-c1a0-4295-9051-708e6e13b33a"
        ],
        "x-ms-routing-request-id": [
          "WESTUS:20230217T202448Z:eda433db-c1a0-4295-9051-708e6e13b33a"
        ],
        "Strict-Transport-Security": [
          "max-age=31536000; includeSubDomains"
        ],
        "X-Content-Type-Options": [
          "nosniff"
        ],
        "Date": [
          "Fri, 17 Feb 2023 20:24:47 GMT"
        ],
        "Expires": [
          "-1"
        ],
        "Content-Length": [
          "0"
        ]
      },
      "ResponseBody": "",
      "StatusCode": 202
    },
    {
      "RequestUri": "/subscriptions/2c647056-bab2-4175-b172-493ff049eb29/operationresults/eyJqb2JJZCI6IlJFU09VUkNFR1JPVVBERUxFVElPTkpPQi1QUzQwMTktV0VTVENFTlRSQUxVUyIsImpvYkxvY2F0aW9uIjoid2VzdGNlbnRyYWx1cyJ9?api-version=2016-09-01",
      "EncodedRequestUri": "L3N1YnNjcmlwdGlvbnMvMmM2NDcwNTYtYmFiMi00MTc1LWIxNzItNDkzZmYwNDllYjI5L29wZXJhdGlvbnJlc3VsdHMvZXlKcWIySkpaQ0k2SWxKRlUwOVZVa05GUjFKUFZWQkVSVXhGVkVsUFRrcFBRaTFRVXpRd01Ua3RWMFZUVkVORlRsUlNRVXhWVXlJc0ltcHZZa3h2WTJGMGFXOXVJam9pZDJWemRHTmxiblJ5WVd4MWN5Sjk/YXBpLXZlcnNpb249MjAxNi0wOS0wMQ==",
      "RequestMethod": "GET",
      "RequestHeaders": {
        "User-Agent": [
          "FxVersion/4.700.22.55902",
          "OSName/Windows",
          "OSVersion/Microsoft.Windows.10.0.22621",
          "Microsoft.Azure.Management.Internal.Resources.ResourceManagementClient/1.3.68"
        ]
      },
      "RequestBody": "",
      "ResponseHeaders": {
        "Cache-Control": [
          "no-cache"
        ],
        "Pragma": [
          "no-cache"
        ],
        "Location": [
          "https://management.azure.com/subscriptions/2c647056-bab2-4175-b172-493ff049eb29/operationresults/eyJqb2JJZCI6IlJFU09VUkNFR1JPVVBERUxFVElPTkpPQi1QUzQwMTktV0VTVENFTlRSQUxVUyIsImpvYkxvY2F0aW9uIjoid2VzdGNlbnRyYWx1cyJ9?api-version=2016-09-01"
        ],
        "Retry-After": [
          "15"
        ],
        "x-ms-ratelimit-remaining-subscription-reads": [
          "11998"
        ],
        "x-ms-request-id": [
          "2db0e247-a96a-4991-a223-2c966ae15ec1"
        ],
        "x-ms-correlation-request-id": [
          "2db0e247-a96a-4991-a223-2c966ae15ec1"
        ],
        "x-ms-routing-request-id": [
          "WESTUS:20230217T202503Z:2db0e247-a96a-4991-a223-2c966ae15ec1"
        ],
        "Strict-Transport-Security": [
          "max-age=31536000; includeSubDomains"
        ],
        "X-Content-Type-Options": [
          "nosniff"
        ],
        "Date": [
          "Fri, 17 Feb 2023 20:25:02 GMT"
        ],
        "Expires": [
          "-1"
        ],
        "Content-Length": [
          "0"
        ]
      },
      "ResponseBody": "",
      "StatusCode": 202
    },
    {
      "RequestUri": "/subscriptions/2c647056-bab2-4175-b172-493ff049eb29/operationresults/eyJqb2JJZCI6IlJFU09VUkNFR1JPVVBERUxFVElPTkpPQi1QUzQwMTktV0VTVENFTlRSQUxVUyIsImpvYkxvY2F0aW9uIjoid2VzdGNlbnRyYWx1cyJ9?api-version=2016-09-01",
      "EncodedRequestUri": "L3N1YnNjcmlwdGlvbnMvMmM2NDcwNTYtYmFiMi00MTc1LWIxNzItNDkzZmYwNDllYjI5L29wZXJhdGlvbnJlc3VsdHMvZXlKcWIySkpaQ0k2SWxKRlUwOVZVa05GUjFKUFZWQkVSVXhGVkVsUFRrcFBRaTFRVXpRd01Ua3RWMFZUVkVORlRsUlNRVXhWVXlJc0ltcHZZa3h2WTJGMGFXOXVJam9pZDJWemRHTmxiblJ5WVd4MWN5Sjk/YXBpLXZlcnNpb249MjAxNi0wOS0wMQ==",
      "RequestMethod": "GET",
      "RequestHeaders": {
        "User-Agent": [
          "FxVersion/4.700.22.55902",
          "OSName/Windows",
          "OSVersion/Microsoft.Windows.10.0.22621",
          "Microsoft.Azure.Management.Internal.Resources.ResourceManagementClient/1.3.68"
        ]
      },
      "RequestBody": "",
      "ResponseHeaders": {
        "Cache-Control": [
          "no-cache"
        ],
        "Pragma": [
          "no-cache"
        ],
        "Location": [
          "https://management.azure.com/subscriptions/2c647056-bab2-4175-b172-493ff049eb29/operationresults/eyJqb2JJZCI6IlJFU09VUkNFR1JPVVBERUxFVElPTkpPQi1QUzQwMTktV0VTVENFTlRSQUxVUyIsImpvYkxvY2F0aW9uIjoid2VzdGNlbnRyYWx1cyJ9?api-version=2016-09-01"
        ],
        "Retry-After": [
          "15"
        ],
        "x-ms-ratelimit-remaining-subscription-reads": [
          "11997"
        ],
        "x-ms-request-id": [
          "a48d3c94-391b-4bff-8a53-a2aa7a47ec5e"
        ],
        "x-ms-correlation-request-id": [
          "a48d3c94-391b-4bff-8a53-a2aa7a47ec5e"
        ],
        "x-ms-routing-request-id": [
          "WESTUS:20230217T202518Z:a48d3c94-391b-4bff-8a53-a2aa7a47ec5e"
        ],
        "Strict-Transport-Security": [
          "max-age=31536000; includeSubDomains"
        ],
        "X-Content-Type-Options": [
          "nosniff"
        ],
        "Date": [
          "Fri, 17 Feb 2023 20:25:17 GMT"
        ],
        "Expires": [
          "-1"
        ],
        "Content-Length": [
          "0"
        ]
      },
      "ResponseBody": "",
      "StatusCode": 202
    },
    {
      "RequestUri": "/subscriptions/2c647056-bab2-4175-b172-493ff049eb29/operationresults/eyJqb2JJZCI6IlJFU09VUkNFR1JPVVBERUxFVElPTkpPQi1QUzQwMTktV0VTVENFTlRSQUxVUyIsImpvYkxvY2F0aW9uIjoid2VzdGNlbnRyYWx1cyJ9?api-version=2016-09-01",
      "EncodedRequestUri": "L3N1YnNjcmlwdGlvbnMvMmM2NDcwNTYtYmFiMi00MTc1LWIxNzItNDkzZmYwNDllYjI5L29wZXJhdGlvbnJlc3VsdHMvZXlKcWIySkpaQ0k2SWxKRlUwOVZVa05GUjFKUFZWQkVSVXhGVkVsUFRrcFBRaTFRVXpRd01Ua3RWMFZUVkVORlRsUlNRVXhWVXlJc0ltcHZZa3h2WTJGMGFXOXVJam9pZDJWemRHTmxiblJ5WVd4MWN5Sjk/YXBpLXZlcnNpb249MjAxNi0wOS0wMQ==",
      "RequestMethod": "GET",
      "RequestHeaders": {
        "User-Agent": [
          "FxVersion/4.700.22.55902",
          "OSName/Windows",
          "OSVersion/Microsoft.Windows.10.0.22621",
          "Microsoft.Azure.Management.Internal.Resources.ResourceManagementClient/1.3.68"
        ]
      },
      "RequestBody": "",
      "ResponseHeaders": {
        "Cache-Control": [
          "no-cache"
        ],
        "Pragma": [
          "no-cache"
        ],
        "Location": [
          "https://management.azure.com/subscriptions/2c647056-bab2-4175-b172-493ff049eb29/operationresults/eyJqb2JJZCI6IlJFU09VUkNFR1JPVVBERUxFVElPTkpPQi1QUzQwMTktV0VTVENFTlRSQUxVUyIsImpvYkxvY2F0aW9uIjoid2VzdGNlbnRyYWx1cyJ9?api-version=2016-09-01"
        ],
        "Retry-After": [
          "15"
        ],
        "x-ms-ratelimit-remaining-subscription-reads": [
          "11996"
        ],
        "x-ms-request-id": [
          "32b421d0-45bf-4e86-a268-9feec43ff018"
        ],
        "x-ms-correlation-request-id": [
          "32b421d0-45bf-4e86-a268-9feec43ff018"
        ],
        "x-ms-routing-request-id": [
          "WESTUS:20230217T202533Z:32b421d0-45bf-4e86-a268-9feec43ff018"
        ],
        "Strict-Transport-Security": [
          "max-age=31536000; includeSubDomains"
        ],
        "X-Content-Type-Options": [
          "nosniff"
        ],
        "Date": [
          "Fri, 17 Feb 2023 20:25:32 GMT"
        ],
        "Expires": [
          "-1"
        ],
        "Content-Length": [
          "0"
        ]
      },
      "ResponseBody": "",
      "StatusCode": 202
    },
    {
      "RequestUri": "/subscriptions/2c647056-bab2-4175-b172-493ff049eb29/operationresults/eyJqb2JJZCI6IlJFU09VUkNFR1JPVVBERUxFVElPTkpPQi1QUzQwMTktV0VTVENFTlRSQUxVUyIsImpvYkxvY2F0aW9uIjoid2VzdGNlbnRyYWx1cyJ9?api-version=2016-09-01",
      "EncodedRequestUri": "L3N1YnNjcmlwdGlvbnMvMmM2NDcwNTYtYmFiMi00MTc1LWIxNzItNDkzZmYwNDllYjI5L29wZXJhdGlvbnJlc3VsdHMvZXlKcWIySkpaQ0k2SWxKRlUwOVZVa05GUjFKUFZWQkVSVXhGVkVsUFRrcFBRaTFRVXpRd01Ua3RWMFZUVkVORlRsUlNRVXhWVXlJc0ltcHZZa3h2WTJGMGFXOXVJam9pZDJWemRHTmxiblJ5WVd4MWN5Sjk/YXBpLXZlcnNpb249MjAxNi0wOS0wMQ==",
      "RequestMethod": "GET",
      "RequestHeaders": {
        "User-Agent": [
          "FxVersion/4.700.22.55902",
          "OSName/Windows",
          "OSVersion/Microsoft.Windows.10.0.22621",
          "Microsoft.Azure.Management.Internal.Resources.ResourceManagementClient/1.3.68"
        ]
      },
      "RequestBody": "",
      "ResponseHeaders": {
        "Cache-Control": [
          "no-cache"
        ],
        "Pragma": [
          "no-cache"
        ],
        "Location": [
          "https://management.azure.com/subscriptions/2c647056-bab2-4175-b172-493ff049eb29/operationresults/eyJqb2JJZCI6IlJFU09VUkNFR1JPVVBERUxFVElPTkpPQi1QUzQwMTktV0VTVENFTlRSQUxVUyIsImpvYkxvY2F0aW9uIjoid2VzdGNlbnRyYWx1cyJ9?api-version=2016-09-01"
        ],
        "Retry-After": [
          "15"
        ],
        "x-ms-ratelimit-remaining-subscription-reads": [
          "11995"
        ],
        "x-ms-request-id": [
          "f8f9ca4d-e2dc-43ef-b843-596935c4a838"
        ],
        "x-ms-correlation-request-id": [
          "f8f9ca4d-e2dc-43ef-b843-596935c4a838"
        ],
        "x-ms-routing-request-id": [
          "WESTUS:20230217T202548Z:f8f9ca4d-e2dc-43ef-b843-596935c4a838"
        ],
        "Strict-Transport-Security": [
          "max-age=31536000; includeSubDomains"
        ],
        "X-Content-Type-Options": [
          "nosniff"
        ],
        "Date": [
          "Fri, 17 Feb 2023 20:25:48 GMT"
        ],
        "Expires": [
          "-1"
        ],
        "Content-Length": [
          "0"
        ]
      },
      "ResponseBody": "",
      "StatusCode": 202
    },
    {
      "RequestUri": "/subscriptions/2c647056-bab2-4175-b172-493ff049eb29/operationresults/eyJqb2JJZCI6IlJFU09VUkNFR1JPVVBERUxFVElPTkpPQi1QUzQwMTktV0VTVENFTlRSQUxVUyIsImpvYkxvY2F0aW9uIjoid2VzdGNlbnRyYWx1cyJ9?api-version=2016-09-01",
      "EncodedRequestUri": "L3N1YnNjcmlwdGlvbnMvMmM2NDcwNTYtYmFiMi00MTc1LWIxNzItNDkzZmYwNDllYjI5L29wZXJhdGlvbnJlc3VsdHMvZXlKcWIySkpaQ0k2SWxKRlUwOVZVa05GUjFKUFZWQkVSVXhGVkVsUFRrcFBRaTFRVXpRd01Ua3RWMFZUVkVORlRsUlNRVXhWVXlJc0ltcHZZa3h2WTJGMGFXOXVJam9pZDJWemRHTmxiblJ5WVd4MWN5Sjk/YXBpLXZlcnNpb249MjAxNi0wOS0wMQ==",
      "RequestMethod": "GET",
      "RequestHeaders": {
        "User-Agent": [
          "FxVersion/4.700.22.55902",
          "OSName/Windows",
          "OSVersion/Microsoft.Windows.10.0.22621",
          "Microsoft.Azure.Management.Internal.Resources.ResourceManagementClient/1.3.68"
        ]
      },
      "RequestBody": "",
      "ResponseHeaders": {
        "Cache-Control": [
          "no-cache"
        ],
        "Pragma": [
          "no-cache"
        ],
        "Location": [
          "https://management.azure.com/subscriptions/2c647056-bab2-4175-b172-493ff049eb29/operationresults/eyJqb2JJZCI6IlJFU09VUkNFR1JPVVBERUxFVElPTkpPQi1QUzQwMTktV0VTVENFTlRSQUxVUyIsImpvYkxvY2F0aW9uIjoid2VzdGNlbnRyYWx1cyJ9?api-version=2016-09-01"
        ],
        "Retry-After": [
          "15"
        ],
        "x-ms-ratelimit-remaining-subscription-reads": [
          "11994"
        ],
        "x-ms-request-id": [
          "19717bf3-2a1d-40f8-927f-edb993d2b6b7"
        ],
        "x-ms-correlation-request-id": [
          "19717bf3-2a1d-40f8-927f-edb993d2b6b7"
        ],
        "x-ms-routing-request-id": [
          "WESTUS:20230217T202603Z:19717bf3-2a1d-40f8-927f-edb993d2b6b7"
        ],
        "Strict-Transport-Security": [
          "max-age=31536000; includeSubDomains"
        ],
        "X-Content-Type-Options": [
          "nosniff"
        ],
        "Date": [
          "Fri, 17 Feb 2023 20:26:03 GMT"
        ],
        "Expires": [
          "-1"
        ],
        "Content-Length": [
          "0"
        ]
      },
      "ResponseBody": "",
      "StatusCode": 202
    },
    {
      "RequestUri": "/subscriptions/2c647056-bab2-4175-b172-493ff049eb29/operationresults/eyJqb2JJZCI6IlJFU09VUkNFR1JPVVBERUxFVElPTkpPQi1QUzQwMTktV0VTVENFTlRSQUxVUyIsImpvYkxvY2F0aW9uIjoid2VzdGNlbnRyYWx1cyJ9?api-version=2016-09-01",
      "EncodedRequestUri": "L3N1YnNjcmlwdGlvbnMvMmM2NDcwNTYtYmFiMi00MTc1LWIxNzItNDkzZmYwNDllYjI5L29wZXJhdGlvbnJlc3VsdHMvZXlKcWIySkpaQ0k2SWxKRlUwOVZVa05GUjFKUFZWQkVSVXhGVkVsUFRrcFBRaTFRVXpRd01Ua3RWMFZUVkVORlRsUlNRVXhWVXlJc0ltcHZZa3h2WTJGMGFXOXVJam9pZDJWemRHTmxiblJ5WVd4MWN5Sjk/YXBpLXZlcnNpb249MjAxNi0wOS0wMQ==",
      "RequestMethod": "GET",
      "RequestHeaders": {
        "User-Agent": [
          "FxVersion/4.700.22.55902",
          "OSName/Windows",
          "OSVersion/Microsoft.Windows.10.0.22621",
          "Microsoft.Azure.Management.Internal.Resources.ResourceManagementClient/1.3.68"
        ]
      },
      "RequestBody": "",
      "ResponseHeaders": {
        "Cache-Control": [
          "no-cache"
        ],
        "Pragma": [
          "no-cache"
        ],
        "Location": [
          "https://management.azure.com/subscriptions/2c647056-bab2-4175-b172-493ff049eb29/operationresults/eyJqb2JJZCI6IlJFU09VUkNFR1JPVVBERUxFVElPTkpPQi1QUzQwMTktV0VTVENFTlRSQUxVUyIsImpvYkxvY2F0aW9uIjoid2VzdGNlbnRyYWx1cyJ9?api-version=2016-09-01"
        ],
        "Retry-After": [
          "15"
        ],
        "x-ms-ratelimit-remaining-subscription-reads": [
          "11993"
        ],
        "x-ms-request-id": [
          "084b127b-4083-455c-8577-faa09e35e969"
        ],
        "x-ms-correlation-request-id": [
          "084b127b-4083-455c-8577-faa09e35e969"
        ],
        "x-ms-routing-request-id": [
          "WESTUS:20230217T202618Z:084b127b-4083-455c-8577-faa09e35e969"
        ],
        "Strict-Transport-Security": [
          "max-age=31536000; includeSubDomains"
        ],
        "X-Content-Type-Options": [
          "nosniff"
        ],
        "Date": [
          "Fri, 17 Feb 2023 20:26:18 GMT"
        ],
        "Expires": [
          "-1"
        ],
        "Content-Length": [
          "0"
        ]
      },
      "ResponseBody": "",
      "StatusCode": 202
    },
    {
      "RequestUri": "/subscriptions/2c647056-bab2-4175-b172-493ff049eb29/operationresults/eyJqb2JJZCI6IlJFU09VUkNFR1JPVVBERUxFVElPTkpPQi1QUzQwMTktV0VTVENFTlRSQUxVUyIsImpvYkxvY2F0aW9uIjoid2VzdGNlbnRyYWx1cyJ9?api-version=2016-09-01",
      "EncodedRequestUri": "L3N1YnNjcmlwdGlvbnMvMmM2NDcwNTYtYmFiMi00MTc1LWIxNzItNDkzZmYwNDllYjI5L29wZXJhdGlvbnJlc3VsdHMvZXlKcWIySkpaQ0k2SWxKRlUwOVZVa05GUjFKUFZWQkVSVXhGVkVsUFRrcFBRaTFRVXpRd01Ua3RWMFZUVkVORlRsUlNRVXhWVXlJc0ltcHZZa3h2WTJGMGFXOXVJam9pZDJWemRHTmxiblJ5WVd4MWN5Sjk/YXBpLXZlcnNpb249MjAxNi0wOS0wMQ==",
      "RequestMethod": "GET",
      "RequestHeaders": {
        "User-Agent": [
          "FxVersion/4.700.22.55902",
          "OSName/Windows",
          "OSVersion/Microsoft.Windows.10.0.22621",
          "Microsoft.Azure.Management.Internal.Resources.ResourceManagementClient/1.3.68"
        ]
      },
      "RequestBody": "",
      "ResponseHeaders": {
        "Cache-Control": [
          "no-cache"
        ],
        "Pragma": [
          "no-cache"
        ],
        "Location": [
          "https://management.azure.com/subscriptions/2c647056-bab2-4175-b172-493ff049eb29/operationresults/eyJqb2JJZCI6IlJFU09VUkNFR1JPVVBERUxFVElPTkpPQi1QUzQwMTktV0VTVENFTlRSQUxVUyIsImpvYkxvY2F0aW9uIjoid2VzdGNlbnRyYWx1cyJ9?api-version=2016-09-01"
        ],
        "Retry-After": [
          "15"
        ],
        "x-ms-ratelimit-remaining-subscription-reads": [
          "11992"
        ],
        "x-ms-request-id": [
          "a4615747-d69b-4df9-aa47-5f791004b4b6"
        ],
        "x-ms-correlation-request-id": [
          "a4615747-d69b-4df9-aa47-5f791004b4b6"
        ],
        "x-ms-routing-request-id": [
          "WESTUS:20230217T202633Z:a4615747-d69b-4df9-aa47-5f791004b4b6"
        ],
        "Strict-Transport-Security": [
          "max-age=31536000; includeSubDomains"
        ],
        "X-Content-Type-Options": [
          "nosniff"
        ],
        "Date": [
          "Fri, 17 Feb 2023 20:26:33 GMT"
        ],
        "Expires": [
          "-1"
        ],
        "Content-Length": [
          "0"
        ]
      },
      "ResponseBody": "",
      "StatusCode": 202
    },
    {
      "RequestUri": "/subscriptions/2c647056-bab2-4175-b172-493ff049eb29/operationresults/eyJqb2JJZCI6IlJFU09VUkNFR1JPVVBERUxFVElPTkpPQi1QUzQwMTktV0VTVENFTlRSQUxVUyIsImpvYkxvY2F0aW9uIjoid2VzdGNlbnRyYWx1cyJ9?api-version=2016-09-01",
      "EncodedRequestUri": "L3N1YnNjcmlwdGlvbnMvMmM2NDcwNTYtYmFiMi00MTc1LWIxNzItNDkzZmYwNDllYjI5L29wZXJhdGlvbnJlc3VsdHMvZXlKcWIySkpaQ0k2SWxKRlUwOVZVa05GUjFKUFZWQkVSVXhGVkVsUFRrcFBRaTFRVXpRd01Ua3RWMFZUVkVORlRsUlNRVXhWVXlJc0ltcHZZa3h2WTJGMGFXOXVJam9pZDJWemRHTmxiblJ5WVd4MWN5Sjk/YXBpLXZlcnNpb249MjAxNi0wOS0wMQ==",
      "RequestMethod": "GET",
      "RequestHeaders": {
        "User-Agent": [
          "FxVersion/4.700.22.55902",
          "OSName/Windows",
          "OSVersion/Microsoft.Windows.10.0.22621",
          "Microsoft.Azure.Management.Internal.Resources.ResourceManagementClient/1.3.68"
        ]
      },
      "RequestBody": "",
      "ResponseHeaders": {
        "Cache-Control": [
          "no-cache"
        ],
        "Pragma": [
          "no-cache"
        ],
        "Location": [
          "https://management.azure.com/subscriptions/2c647056-bab2-4175-b172-493ff049eb29/operationresults/eyJqb2JJZCI6IlJFU09VUkNFR1JPVVBERUxFVElPTkpPQi1QUzQwMTktV0VTVENFTlRSQUxVUyIsImpvYkxvY2F0aW9uIjoid2VzdGNlbnRyYWx1cyJ9?api-version=2016-09-01"
        ],
        "Retry-After": [
          "15"
        ],
        "x-ms-ratelimit-remaining-subscription-reads": [
          "11991"
        ],
        "x-ms-request-id": [
          "a62d6ecc-d044-4941-b356-4e2b85fbcf51"
        ],
        "x-ms-correlation-request-id": [
          "a62d6ecc-d044-4941-b356-4e2b85fbcf51"
        ],
        "x-ms-routing-request-id": [
          "WESTUS:20230217T202648Z:a62d6ecc-d044-4941-b356-4e2b85fbcf51"
        ],
        "Strict-Transport-Security": [
          "max-age=31536000; includeSubDomains"
        ],
        "X-Content-Type-Options": [
          "nosniff"
        ],
        "Date": [
          "Fri, 17 Feb 2023 20:26:48 GMT"
        ],
        "Expires": [
          "-1"
        ],
        "Content-Length": [
          "0"
        ]
      },
      "ResponseBody": "",
      "StatusCode": 202
    },
    {
      "RequestUri": "/subscriptions/2c647056-bab2-4175-b172-493ff049eb29/operationresults/eyJqb2JJZCI6IlJFU09VUkNFR1JPVVBERUxFVElPTkpPQi1QUzQwMTktV0VTVENFTlRSQUxVUyIsImpvYkxvY2F0aW9uIjoid2VzdGNlbnRyYWx1cyJ9?api-version=2016-09-01",
      "EncodedRequestUri": "L3N1YnNjcmlwdGlvbnMvMmM2NDcwNTYtYmFiMi00MTc1LWIxNzItNDkzZmYwNDllYjI5L29wZXJhdGlvbnJlc3VsdHMvZXlKcWIySkpaQ0k2SWxKRlUwOVZVa05GUjFKUFZWQkVSVXhGVkVsUFRrcFBRaTFRVXpRd01Ua3RWMFZUVkVORlRsUlNRVXhWVXlJc0ltcHZZa3h2WTJGMGFXOXVJam9pZDJWemRHTmxiblJ5WVd4MWN5Sjk/YXBpLXZlcnNpb249MjAxNi0wOS0wMQ==",
      "RequestMethod": "GET",
      "RequestHeaders": {
        "User-Agent": [
          "FxVersion/4.700.22.55902",
          "OSName/Windows",
          "OSVersion/Microsoft.Windows.10.0.22621",
          "Microsoft.Azure.Management.Internal.Resources.ResourceManagementClient/1.3.68"
        ]
      },
      "RequestBody": "",
      "ResponseHeaders": {
        "Cache-Control": [
          "no-cache"
        ],
        "Pragma": [
          "no-cache"
        ],
        "Location": [
          "https://management.azure.com/subscriptions/2c647056-bab2-4175-b172-493ff049eb29/operationresults/eyJqb2JJZCI6IlJFU09VUkNFR1JPVVBERUxFVElPTkpPQi1QUzQwMTktV0VTVENFTlRSQUxVUyIsImpvYkxvY2F0aW9uIjoid2VzdGNlbnRyYWx1cyJ9?api-version=2016-09-01"
        ],
        "Retry-After": [
          "15"
        ],
        "x-ms-ratelimit-remaining-subscription-reads": [
          "11990"
        ],
        "x-ms-request-id": [
          "45cb5fa9-3e0b-4540-bbff-29628870cddc"
        ],
        "x-ms-correlation-request-id": [
          "45cb5fa9-3e0b-4540-bbff-29628870cddc"
        ],
        "x-ms-routing-request-id": [
          "WESTUS:20230217T202704Z:45cb5fa9-3e0b-4540-bbff-29628870cddc"
        ],
        "Strict-Transport-Security": [
          "max-age=31536000; includeSubDomains"
        ],
        "X-Content-Type-Options": [
          "nosniff"
        ],
        "Date": [
          "Fri, 17 Feb 2023 20:27:03 GMT"
        ],
        "Expires": [
          "-1"
        ],
        "Content-Length": [
          "0"
        ]
      },
      "ResponseBody": "",
      "StatusCode": 202
    },
    {
      "RequestUri": "/subscriptions/2c647056-bab2-4175-b172-493ff049eb29/operationresults/eyJqb2JJZCI6IlJFU09VUkNFR1JPVVBERUxFVElPTkpPQi1QUzQwMTktV0VTVENFTlRSQUxVUyIsImpvYkxvY2F0aW9uIjoid2VzdGNlbnRyYWx1cyJ9?api-version=2016-09-01",
      "EncodedRequestUri": "L3N1YnNjcmlwdGlvbnMvMmM2NDcwNTYtYmFiMi00MTc1LWIxNzItNDkzZmYwNDllYjI5L29wZXJhdGlvbnJlc3VsdHMvZXlKcWIySkpaQ0k2SWxKRlUwOVZVa05GUjFKUFZWQkVSVXhGVkVsUFRrcFBRaTFRVXpRd01Ua3RWMFZUVkVORlRsUlNRVXhWVXlJc0ltcHZZa3h2WTJGMGFXOXVJam9pZDJWemRHTmxiblJ5WVd4MWN5Sjk/YXBpLXZlcnNpb249MjAxNi0wOS0wMQ==",
      "RequestMethod": "GET",
      "RequestHeaders": {
        "User-Agent": [
          "FxVersion/4.700.22.55902",
          "OSName/Windows",
          "OSVersion/Microsoft.Windows.10.0.22621",
          "Microsoft.Azure.Management.Internal.Resources.ResourceManagementClient/1.3.68"
        ]
      },
      "RequestBody": "",
      "ResponseHeaders": {
        "Cache-Control": [
          "no-cache"
        ],
        "Pragma": [
          "no-cache"
        ],
        "Location": [
          "https://management.azure.com/subscriptions/2c647056-bab2-4175-b172-493ff049eb29/operationresults/eyJqb2JJZCI6IlJFU09VUkNFR1JPVVBERUxFVElPTkpPQi1QUzQwMTktV0VTVENFTlRSQUxVUyIsImpvYkxvY2F0aW9uIjoid2VzdGNlbnRyYWx1cyJ9?api-version=2016-09-01"
        ],
        "Retry-After": [
          "15"
        ],
        "x-ms-ratelimit-remaining-subscription-reads": [
          "11989"
        ],
        "x-ms-request-id": [
          "fb077bd4-585e-4ac9-bfd6-21fc60dfea86"
        ],
        "x-ms-correlation-request-id": [
          "fb077bd4-585e-4ac9-bfd6-21fc60dfea86"
        ],
        "x-ms-routing-request-id": [
          "WESTUS:20230217T202719Z:fb077bd4-585e-4ac9-bfd6-21fc60dfea86"
        ],
        "Strict-Transport-Security": [
          "max-age=31536000; includeSubDomains"
        ],
        "X-Content-Type-Options": [
          "nosniff"
        ],
        "Date": [
          "Fri, 17 Feb 2023 20:27:18 GMT"
        ],
        "Expires": [
          "-1"
        ],
        "Content-Length": [
          "0"
        ]
      },
      "ResponseBody": "",
      "StatusCode": 202
    },
    {
      "RequestUri": "/subscriptions/2c647056-bab2-4175-b172-493ff049eb29/operationresults/eyJqb2JJZCI6IlJFU09VUkNFR1JPVVBERUxFVElPTkpPQi1QUzQwMTktV0VTVENFTlRSQUxVUyIsImpvYkxvY2F0aW9uIjoid2VzdGNlbnRyYWx1cyJ9?api-version=2016-09-01",
      "EncodedRequestUri": "L3N1YnNjcmlwdGlvbnMvMmM2NDcwNTYtYmFiMi00MTc1LWIxNzItNDkzZmYwNDllYjI5L29wZXJhdGlvbnJlc3VsdHMvZXlKcWIySkpaQ0k2SWxKRlUwOVZVa05GUjFKUFZWQkVSVXhGVkVsUFRrcFBRaTFRVXpRd01Ua3RWMFZUVkVORlRsUlNRVXhWVXlJc0ltcHZZa3h2WTJGMGFXOXVJam9pZDJWemRHTmxiblJ5WVd4MWN5Sjk/YXBpLXZlcnNpb249MjAxNi0wOS0wMQ==",
      "RequestMethod": "GET",
      "RequestHeaders": {
        "User-Agent": [
          "FxVersion/4.700.22.55902",
          "OSName/Windows",
          "OSVersion/Microsoft.Windows.10.0.22621",
          "Microsoft.Azure.Management.Internal.Resources.ResourceManagementClient/1.3.68"
        ]
      },
      "RequestBody": "",
      "ResponseHeaders": {
        "Cache-Control": [
          "no-cache"
        ],
        "Pragma": [
          "no-cache"
        ],
        "Location": [
          "https://management.azure.com/subscriptions/2c647056-bab2-4175-b172-493ff049eb29/operationresults/eyJqb2JJZCI6IlJFU09VUkNFR1JPVVBERUxFVElPTkpPQi1QUzQwMTktV0VTVENFTlRSQUxVUyIsImpvYkxvY2F0aW9uIjoid2VzdGNlbnRyYWx1cyJ9?api-version=2016-09-01"
        ],
        "Retry-After": [
          "15"
        ],
        "x-ms-ratelimit-remaining-subscription-reads": [
          "11988"
        ],
        "x-ms-request-id": [
          "2fad5055-2d6e-4f5d-acdf-2884897b20f5"
        ],
        "x-ms-correlation-request-id": [
          "2fad5055-2d6e-4f5d-acdf-2884897b20f5"
        ],
        "x-ms-routing-request-id": [
          "WESTUS:20230217T202734Z:2fad5055-2d6e-4f5d-acdf-2884897b20f5"
        ],
        "Strict-Transport-Security": [
          "max-age=31536000; includeSubDomains"
        ],
        "X-Content-Type-Options": [
          "nosniff"
        ],
        "Date": [
          "Fri, 17 Feb 2023 20:27:33 GMT"
        ],
        "Expires": [
          "-1"
        ],
        "Content-Length": [
          "0"
        ]
      },
      "ResponseBody": "",
      "StatusCode": 202
    },
    {
      "RequestUri": "/subscriptions/2c647056-bab2-4175-b172-493ff049eb29/operationresults/eyJqb2JJZCI6IlJFU09VUkNFR1JPVVBERUxFVElPTkpPQi1QUzQwMTktV0VTVENFTlRSQUxVUyIsImpvYkxvY2F0aW9uIjoid2VzdGNlbnRyYWx1cyJ9?api-version=2016-09-01",
      "EncodedRequestUri": "L3N1YnNjcmlwdGlvbnMvMmM2NDcwNTYtYmFiMi00MTc1LWIxNzItNDkzZmYwNDllYjI5L29wZXJhdGlvbnJlc3VsdHMvZXlKcWIySkpaQ0k2SWxKRlUwOVZVa05GUjFKUFZWQkVSVXhGVkVsUFRrcFBRaTFRVXpRd01Ua3RWMFZUVkVORlRsUlNRVXhWVXlJc0ltcHZZa3h2WTJGMGFXOXVJam9pZDJWemRHTmxiblJ5WVd4MWN5Sjk/YXBpLXZlcnNpb249MjAxNi0wOS0wMQ==",
      "RequestMethod": "GET",
      "RequestHeaders": {
        "User-Agent": [
          "FxVersion/4.700.22.55902",
          "OSName/Windows",
          "OSVersion/Microsoft.Windows.10.0.22621",
          "Microsoft.Azure.Management.Internal.Resources.ResourceManagementClient/1.3.68"
        ]
      },
      "RequestBody": "",
      "ResponseHeaders": {
        "Cache-Control": [
          "no-cache"
        ],
        "Pragma": [
          "no-cache"
        ],
        "Location": [
          "https://management.azure.com/subscriptions/2c647056-bab2-4175-b172-493ff049eb29/operationresults/eyJqb2JJZCI6IlJFU09VUkNFR1JPVVBERUxFVElPTkpPQi1QUzQwMTktV0VTVENFTlRSQUxVUyIsImpvYkxvY2F0aW9uIjoid2VzdGNlbnRyYWx1cyJ9?api-version=2016-09-01"
        ],
        "Retry-After": [
          "15"
        ],
        "x-ms-ratelimit-remaining-subscription-reads": [
          "11987"
        ],
        "x-ms-request-id": [
          "fa9fadcf-b736-4d4a-87f3-3c9d9f4327be"
        ],
        "x-ms-correlation-request-id": [
          "fa9fadcf-b736-4d4a-87f3-3c9d9f4327be"
        ],
        "x-ms-routing-request-id": [
          "WESTUS:20230217T202749Z:fa9fadcf-b736-4d4a-87f3-3c9d9f4327be"
        ],
        "Strict-Transport-Security": [
          "max-age=31536000; includeSubDomains"
        ],
        "X-Content-Type-Options": [
          "nosniff"
        ],
        "Date": [
          "Fri, 17 Feb 2023 20:27:48 GMT"
        ],
        "Expires": [
          "-1"
        ],
        "Content-Length": [
          "0"
        ]
      },
      "ResponseBody": "",
      "StatusCode": 202
    },
    {
      "RequestUri": "/subscriptions/2c647056-bab2-4175-b172-493ff049eb29/operationresults/eyJqb2JJZCI6IlJFU09VUkNFR1JPVVBERUxFVElPTkpPQi1QUzQwMTktV0VTVENFTlRSQUxVUyIsImpvYkxvY2F0aW9uIjoid2VzdGNlbnRyYWx1cyJ9?api-version=2016-09-01",
      "EncodedRequestUri": "L3N1YnNjcmlwdGlvbnMvMmM2NDcwNTYtYmFiMi00MTc1LWIxNzItNDkzZmYwNDllYjI5L29wZXJhdGlvbnJlc3VsdHMvZXlKcWIySkpaQ0k2SWxKRlUwOVZVa05GUjFKUFZWQkVSVXhGVkVsUFRrcFBRaTFRVXpRd01Ua3RWMFZUVkVORlRsUlNRVXhWVXlJc0ltcHZZa3h2WTJGMGFXOXVJam9pZDJWemRHTmxiblJ5WVd4MWN5Sjk/YXBpLXZlcnNpb249MjAxNi0wOS0wMQ==",
      "RequestMethod": "GET",
      "RequestHeaders": {
        "User-Agent": [
          "FxVersion/4.700.22.55902",
          "OSName/Windows",
          "OSVersion/Microsoft.Windows.10.0.22621",
          "Microsoft.Azure.Management.Internal.Resources.ResourceManagementClient/1.3.68"
        ]
      },
      "RequestBody": "",
      "ResponseHeaders": {
        "Cache-Control": [
          "no-cache"
        ],
        "Pragma": [
          "no-cache"
        ],
        "Location": [
          "https://management.azure.com/subscriptions/2c647056-bab2-4175-b172-493ff049eb29/operationresults/eyJqb2JJZCI6IlJFU09VUkNFR1JPVVBERUxFVElPTkpPQi1QUzQwMTktV0VTVENFTlRSQUxVUyIsImpvYkxvY2F0aW9uIjoid2VzdGNlbnRyYWx1cyJ9?api-version=2016-09-01"
        ],
        "Retry-After": [
          "15"
        ],
        "x-ms-ratelimit-remaining-subscription-reads": [
          "11986"
        ],
        "x-ms-request-id": [
          "f259719c-38c4-47b0-b128-c2c6f7d82620"
        ],
        "x-ms-correlation-request-id": [
          "f259719c-38c4-47b0-b128-c2c6f7d82620"
        ],
        "x-ms-routing-request-id": [
          "WESTUS:20230217T202804Z:f259719c-38c4-47b0-b128-c2c6f7d82620"
        ],
        "Strict-Transport-Security": [
          "max-age=31536000; includeSubDomains"
        ],
        "X-Content-Type-Options": [
          "nosniff"
        ],
        "Date": [
          "Fri, 17 Feb 2023 20:28:04 GMT"
        ],
        "Expires": [
          "-1"
        ],
        "Content-Length": [
          "0"
        ]
      },
      "ResponseBody": "",
      "StatusCode": 202
    },
    {
      "RequestUri": "/subscriptions/2c647056-bab2-4175-b172-493ff049eb29/operationresults/eyJqb2JJZCI6IlJFU09VUkNFR1JPVVBERUxFVElPTkpPQi1QUzQwMTktV0VTVENFTlRSQUxVUyIsImpvYkxvY2F0aW9uIjoid2VzdGNlbnRyYWx1cyJ9?api-version=2016-09-01",
      "EncodedRequestUri": "L3N1YnNjcmlwdGlvbnMvMmM2NDcwNTYtYmFiMi00MTc1LWIxNzItNDkzZmYwNDllYjI5L29wZXJhdGlvbnJlc3VsdHMvZXlKcWIySkpaQ0k2SWxKRlUwOVZVa05GUjFKUFZWQkVSVXhGVkVsUFRrcFBRaTFRVXpRd01Ua3RWMFZUVkVORlRsUlNRVXhWVXlJc0ltcHZZa3h2WTJGMGFXOXVJam9pZDJWemRHTmxiblJ5WVd4MWN5Sjk/YXBpLXZlcnNpb249MjAxNi0wOS0wMQ==",
      "RequestMethod": "GET",
      "RequestHeaders": {
        "User-Agent": [
          "FxVersion/4.700.22.55902",
          "OSName/Windows",
          "OSVersion/Microsoft.Windows.10.0.22621",
          "Microsoft.Azure.Management.Internal.Resources.ResourceManagementClient/1.3.68"
        ]
      },
      "RequestBody": "",
      "ResponseHeaders": {
        "Cache-Control": [
          "no-cache"
        ],
        "Pragma": [
          "no-cache"
        ],
        "Location": [
          "https://management.azure.com/subscriptions/2c647056-bab2-4175-b172-493ff049eb29/operationresults/eyJqb2JJZCI6IlJFU09VUkNFR1JPVVBERUxFVElPTkpPQi1QUzQwMTktV0VTVENFTlRSQUxVUyIsImpvYkxvY2F0aW9uIjoid2VzdGNlbnRyYWx1cyJ9?api-version=2016-09-01"
        ],
        "Retry-After": [
          "15"
        ],
        "x-ms-ratelimit-remaining-subscription-reads": [
          "11985"
        ],
        "x-ms-request-id": [
          "2b1735eb-b276-4b16-94df-3fd0940e55e8"
        ],
        "x-ms-correlation-request-id": [
          "2b1735eb-b276-4b16-94df-3fd0940e55e8"
        ],
        "x-ms-routing-request-id": [
          "WESTUS:20230217T202819Z:2b1735eb-b276-4b16-94df-3fd0940e55e8"
        ],
        "Strict-Transport-Security": [
          "max-age=31536000; includeSubDomains"
        ],
        "X-Content-Type-Options": [
          "nosniff"
        ],
        "Date": [
          "Fri, 17 Feb 2023 20:28:19 GMT"
        ],
        "Expires": [
          "-1"
        ],
        "Content-Length": [
          "0"
        ]
      },
      "ResponseBody": "",
      "StatusCode": 202
    },
    {
      "RequestUri": "/subscriptions/2c647056-bab2-4175-b172-493ff049eb29/operationresults/eyJqb2JJZCI6IlJFU09VUkNFR1JPVVBERUxFVElPTkpPQi1QUzQwMTktV0VTVENFTlRSQUxVUyIsImpvYkxvY2F0aW9uIjoid2VzdGNlbnRyYWx1cyJ9?api-version=2016-09-01",
      "EncodedRequestUri": "L3N1YnNjcmlwdGlvbnMvMmM2NDcwNTYtYmFiMi00MTc1LWIxNzItNDkzZmYwNDllYjI5L29wZXJhdGlvbnJlc3VsdHMvZXlKcWIySkpaQ0k2SWxKRlUwOVZVa05GUjFKUFZWQkVSVXhGVkVsUFRrcFBRaTFRVXpRd01Ua3RWMFZUVkVORlRsUlNRVXhWVXlJc0ltcHZZa3h2WTJGMGFXOXVJam9pZDJWemRHTmxiblJ5WVd4MWN5Sjk/YXBpLXZlcnNpb249MjAxNi0wOS0wMQ==",
      "RequestMethod": "GET",
      "RequestHeaders": {
        "User-Agent": [
          "FxVersion/4.700.22.55902",
          "OSName/Windows",
          "OSVersion/Microsoft.Windows.10.0.22621",
          "Microsoft.Azure.Management.Internal.Resources.ResourceManagementClient/1.3.68"
        ]
      },
      "RequestBody": "",
      "ResponseHeaders": {
        "Cache-Control": [
          "no-cache"
        ],
        "Pragma": [
          "no-cache"
        ],
        "Location": [
          "https://management.azure.com/subscriptions/2c647056-bab2-4175-b172-493ff049eb29/operationresults/eyJqb2JJZCI6IlJFU09VUkNFR1JPVVBERUxFVElPTkpPQi1QUzQwMTktV0VTVENFTlRSQUxVUyIsImpvYkxvY2F0aW9uIjoid2VzdGNlbnRyYWx1cyJ9?api-version=2016-09-01"
        ],
        "Retry-After": [
          "15"
        ],
        "x-ms-ratelimit-remaining-subscription-reads": [
          "11984"
        ],
        "x-ms-request-id": [
          "da6cf86b-18f6-4d15-9546-3c365bc73778"
        ],
        "x-ms-correlation-request-id": [
          "da6cf86b-18f6-4d15-9546-3c365bc73778"
        ],
        "x-ms-routing-request-id": [
          "WESTUS:20230217T202834Z:da6cf86b-18f6-4d15-9546-3c365bc73778"
        ],
        "Strict-Transport-Security": [
          "max-age=31536000; includeSubDomains"
        ],
        "X-Content-Type-Options": [
          "nosniff"
        ],
        "Date": [
          "Fri, 17 Feb 2023 20:28:34 GMT"
        ],
        "Expires": [
          "-1"
        ],
        "Content-Length": [
          "0"
        ]
      },
      "ResponseBody": "",
      "StatusCode": 202
    },
    {
      "RequestUri": "/subscriptions/2c647056-bab2-4175-b172-493ff049eb29/operationresults/eyJqb2JJZCI6IlJFU09VUkNFR1JPVVBERUxFVElPTkpPQi1QUzQwMTktV0VTVENFTlRSQUxVUyIsImpvYkxvY2F0aW9uIjoid2VzdGNlbnRyYWx1cyJ9?api-version=2016-09-01",
      "EncodedRequestUri": "L3N1YnNjcmlwdGlvbnMvMmM2NDcwNTYtYmFiMi00MTc1LWIxNzItNDkzZmYwNDllYjI5L29wZXJhdGlvbnJlc3VsdHMvZXlKcWIySkpaQ0k2SWxKRlUwOVZVa05GUjFKUFZWQkVSVXhGVkVsUFRrcFBRaTFRVXpRd01Ua3RWMFZUVkVORlRsUlNRVXhWVXlJc0ltcHZZa3h2WTJGMGFXOXVJam9pZDJWemRHTmxiblJ5WVd4MWN5Sjk/YXBpLXZlcnNpb249MjAxNi0wOS0wMQ==",
      "RequestMethod": "GET",
      "RequestHeaders": {
        "User-Agent": [
          "FxVersion/4.700.22.55902",
          "OSName/Windows",
          "OSVersion/Microsoft.Windows.10.0.22621",
          "Microsoft.Azure.Management.Internal.Resources.ResourceManagementClient/1.3.68"
        ]
      },
      "RequestBody": "",
      "ResponseHeaders": {
        "Cache-Control": [
          "no-cache"
        ],
        "Pragma": [
          "no-cache"
        ],
        "Location": [
          "https://management.azure.com/subscriptions/2c647056-bab2-4175-b172-493ff049eb29/operationresults/eyJqb2JJZCI6IlJFU09VUkNFR1JPVVBERUxFVElPTkpPQi1QUzQwMTktV0VTVENFTlRSQUxVUyIsImpvYkxvY2F0aW9uIjoid2VzdGNlbnRyYWx1cyJ9?api-version=2016-09-01"
        ],
        "Retry-After": [
          "15"
        ],
        "x-ms-ratelimit-remaining-subscription-reads": [
          "11983"
        ],
        "x-ms-request-id": [
          "2210ee13-9e86-432c-a84a-783bd610d60b"
        ],
        "x-ms-correlation-request-id": [
          "2210ee13-9e86-432c-a84a-783bd610d60b"
        ],
        "x-ms-routing-request-id": [
          "WESTUS:20230217T202849Z:2210ee13-9e86-432c-a84a-783bd610d60b"
        ],
        "Strict-Transport-Security": [
          "max-age=31536000; includeSubDomains"
        ],
        "X-Content-Type-Options": [
          "nosniff"
        ],
        "Date": [
          "Fri, 17 Feb 2023 20:28:48 GMT"
        ],
        "Expires": [
          "-1"
        ],
        "Content-Length": [
          "0"
        ]
      },
      "ResponseBody": "",
      "StatusCode": 202
    },
    {
      "RequestUri": "/subscriptions/2c647056-bab2-4175-b172-493ff049eb29/operationresults/eyJqb2JJZCI6IlJFU09VUkNFR1JPVVBERUxFVElPTkpPQi1QUzQwMTktV0VTVENFTlRSQUxVUyIsImpvYkxvY2F0aW9uIjoid2VzdGNlbnRyYWx1cyJ9?api-version=2016-09-01",
      "EncodedRequestUri": "L3N1YnNjcmlwdGlvbnMvMmM2NDcwNTYtYmFiMi00MTc1LWIxNzItNDkzZmYwNDllYjI5L29wZXJhdGlvbnJlc3VsdHMvZXlKcWIySkpaQ0k2SWxKRlUwOVZVa05GUjFKUFZWQkVSVXhGVkVsUFRrcFBRaTFRVXpRd01Ua3RWMFZUVkVORlRsUlNRVXhWVXlJc0ltcHZZa3h2WTJGMGFXOXVJam9pZDJWemRHTmxiblJ5WVd4MWN5Sjk/YXBpLXZlcnNpb249MjAxNi0wOS0wMQ==",
      "RequestMethod": "GET",
      "RequestHeaders": {
        "User-Agent": [
          "FxVersion/4.700.22.55902",
          "OSName/Windows",
          "OSVersion/Microsoft.Windows.10.0.22621",
          "Microsoft.Azure.Management.Internal.Resources.ResourceManagementClient/1.3.68"
        ]
      },
      "RequestBody": "",
      "ResponseHeaders": {
        "Cache-Control": [
          "no-cache"
        ],
        "Pragma": [
          "no-cache"
        ],
        "Location": [
          "https://management.azure.com/subscriptions/2c647056-bab2-4175-b172-493ff049eb29/operationresults/eyJqb2JJZCI6IlJFU09VUkNFR1JPVVBERUxFVElPTkpPQi1QUzQwMTktV0VTVENFTlRSQUxVUyIsImpvYkxvY2F0aW9uIjoid2VzdGNlbnRyYWx1cyJ9?api-version=2016-09-01"
        ],
        "Retry-After": [
          "15"
        ],
        "x-ms-ratelimit-remaining-subscription-reads": [
          "11982"
        ],
        "x-ms-request-id": [
          "78631f43-8b08-4643-81a4-1e1554976ae8"
        ],
        "x-ms-correlation-request-id": [
          "78631f43-8b08-4643-81a4-1e1554976ae8"
        ],
        "x-ms-routing-request-id": [
          "WESTUS:20230217T202904Z:78631f43-8b08-4643-81a4-1e1554976ae8"
        ],
        "Strict-Transport-Security": [
          "max-age=31536000; includeSubDomains"
        ],
        "X-Content-Type-Options": [
          "nosniff"
        ],
        "Date": [
          "Fri, 17 Feb 2023 20:29:03 GMT"
        ],
        "Expires": [
          "-1"
        ],
        "Content-Length": [
          "0"
        ]
      },
      "ResponseBody": "",
      "StatusCode": 202
    },
    {
      "RequestUri": "/subscriptions/2c647056-bab2-4175-b172-493ff049eb29/operationresults/eyJqb2JJZCI6IlJFU09VUkNFR1JPVVBERUxFVElPTkpPQi1QUzQwMTktV0VTVENFTlRSQUxVUyIsImpvYkxvY2F0aW9uIjoid2VzdGNlbnRyYWx1cyJ9?api-version=2016-09-01",
      "EncodedRequestUri": "L3N1YnNjcmlwdGlvbnMvMmM2NDcwNTYtYmFiMi00MTc1LWIxNzItNDkzZmYwNDllYjI5L29wZXJhdGlvbnJlc3VsdHMvZXlKcWIySkpaQ0k2SWxKRlUwOVZVa05GUjFKUFZWQkVSVXhGVkVsUFRrcFBRaTFRVXpRd01Ua3RWMFZUVkVORlRsUlNRVXhWVXlJc0ltcHZZa3h2WTJGMGFXOXVJam9pZDJWemRHTmxiblJ5WVd4MWN5Sjk/YXBpLXZlcnNpb249MjAxNi0wOS0wMQ==",
      "RequestMethod": "GET",
      "RequestHeaders": {
        "User-Agent": [
          "FxVersion/4.700.22.55902",
          "OSName/Windows",
          "OSVersion/Microsoft.Windows.10.0.22621",
          "Microsoft.Azure.Management.Internal.Resources.ResourceManagementClient/1.3.68"
        ]
      },
      "RequestBody": "",
      "ResponseHeaders": {
        "Cache-Control": [
          "no-cache"
        ],
        "Pragma": [
          "no-cache"
        ],
        "Location": [
          "https://management.azure.com/subscriptions/2c647056-bab2-4175-b172-493ff049eb29/operationresults/eyJqb2JJZCI6IlJFU09VUkNFR1JPVVBERUxFVElPTkpPQi1QUzQwMTktV0VTVENFTlRSQUxVUyIsImpvYkxvY2F0aW9uIjoid2VzdGNlbnRyYWx1cyJ9?api-version=2016-09-01"
        ],
        "Retry-After": [
          "15"
        ],
        "x-ms-ratelimit-remaining-subscription-reads": [
          "11981"
        ],
        "x-ms-request-id": [
          "7bf65b61-5636-4a17-8d07-b09988e3aab9"
        ],
        "x-ms-correlation-request-id": [
          "7bf65b61-5636-4a17-8d07-b09988e3aab9"
        ],
        "x-ms-routing-request-id": [
          "WESTUS:20230217T202920Z:7bf65b61-5636-4a17-8d07-b09988e3aab9"
        ],
        "Strict-Transport-Security": [
          "max-age=31536000; includeSubDomains"
        ],
        "X-Content-Type-Options": [
          "nosniff"
        ],
        "Date": [
          "Fri, 17 Feb 2023 20:29:19 GMT"
        ],
        "Expires": [
          "-1"
        ],
        "Content-Length": [
          "0"
        ]
      },
      "ResponseBody": "",
      "StatusCode": 202
    },
    {
      "RequestUri": "/subscriptions/2c647056-bab2-4175-b172-493ff049eb29/operationresults/eyJqb2JJZCI6IlJFU09VUkNFR1JPVVBERUxFVElPTkpPQi1QUzQwMTktV0VTVENFTlRSQUxVUyIsImpvYkxvY2F0aW9uIjoid2VzdGNlbnRyYWx1cyJ9?api-version=2016-09-01",
      "EncodedRequestUri": "L3N1YnNjcmlwdGlvbnMvMmM2NDcwNTYtYmFiMi00MTc1LWIxNzItNDkzZmYwNDllYjI5L29wZXJhdGlvbnJlc3VsdHMvZXlKcWIySkpaQ0k2SWxKRlUwOVZVa05GUjFKUFZWQkVSVXhGVkVsUFRrcFBRaTFRVXpRd01Ua3RWMFZUVkVORlRsUlNRVXhWVXlJc0ltcHZZa3h2WTJGMGFXOXVJam9pZDJWemRHTmxiblJ5WVd4MWN5Sjk/YXBpLXZlcnNpb249MjAxNi0wOS0wMQ==",
      "RequestMethod": "GET",
      "RequestHeaders": {
        "User-Agent": [
          "FxVersion/4.700.22.55902",
          "OSName/Windows",
          "OSVersion/Microsoft.Windows.10.0.22621",
          "Microsoft.Azure.Management.Internal.Resources.ResourceManagementClient/1.3.68"
        ]
      },
      "RequestBody": "",
      "ResponseHeaders": {
        "Cache-Control": [
          "no-cache"
        ],
        "Pragma": [
          "no-cache"
        ],
        "Location": [
          "https://management.azure.com/subscriptions/2c647056-bab2-4175-b172-493ff049eb29/operationresults/eyJqb2JJZCI6IlJFU09VUkNFR1JPVVBERUxFVElPTkpPQi1QUzQwMTktV0VTVENFTlRSQUxVUyIsImpvYkxvY2F0aW9uIjoid2VzdGNlbnRyYWx1cyJ9?api-version=2016-09-01"
        ],
        "Retry-After": [
          "15"
        ],
        "x-ms-ratelimit-remaining-subscription-reads": [
          "11980"
        ],
        "x-ms-request-id": [
          "63067f37-ce69-40eb-9de8-d7972e32fbfe"
        ],
        "x-ms-correlation-request-id": [
          "63067f37-ce69-40eb-9de8-d7972e32fbfe"
        ],
        "x-ms-routing-request-id": [
          "WESTUS:20230217T202935Z:63067f37-ce69-40eb-9de8-d7972e32fbfe"
        ],
        "Strict-Transport-Security": [
          "max-age=31536000; includeSubDomains"
        ],
        "X-Content-Type-Options": [
          "nosniff"
        ],
        "Date": [
          "Fri, 17 Feb 2023 20:29:34 GMT"
        ],
        "Expires": [
          "-1"
        ],
        "Content-Length": [
          "0"
        ]
      },
      "ResponseBody": "",
      "StatusCode": 202
    },
    {
      "RequestUri": "/subscriptions/2c647056-bab2-4175-b172-493ff049eb29/operationresults/eyJqb2JJZCI6IlJFU09VUkNFR1JPVVBERUxFVElPTkpPQi1QUzQwMTktV0VTVENFTlRSQUxVUyIsImpvYkxvY2F0aW9uIjoid2VzdGNlbnRyYWx1cyJ9?api-version=2016-09-01",
      "EncodedRequestUri": "L3N1YnNjcmlwdGlvbnMvMmM2NDcwNTYtYmFiMi00MTc1LWIxNzItNDkzZmYwNDllYjI5L29wZXJhdGlvbnJlc3VsdHMvZXlKcWIySkpaQ0k2SWxKRlUwOVZVa05GUjFKUFZWQkVSVXhGVkVsUFRrcFBRaTFRVXpRd01Ua3RWMFZUVkVORlRsUlNRVXhWVXlJc0ltcHZZa3h2WTJGMGFXOXVJam9pZDJWemRHTmxiblJ5WVd4MWN5Sjk/YXBpLXZlcnNpb249MjAxNi0wOS0wMQ==",
      "RequestMethod": "GET",
      "RequestHeaders": {
        "User-Agent": [
          "FxVersion/4.700.22.55902",
          "OSName/Windows",
          "OSVersion/Microsoft.Windows.10.0.22621",
          "Microsoft.Azure.Management.Internal.Resources.ResourceManagementClient/1.3.68"
        ]
      },
      "RequestBody": "",
      "ResponseHeaders": {
        "Cache-Control": [
          "no-cache"
        ],
        "Pragma": [
          "no-cache"
        ],
        "Location": [
          "https://management.azure.com/subscriptions/2c647056-bab2-4175-b172-493ff049eb29/operationresults/eyJqb2JJZCI6IlJFU09VUkNFR1JPVVBERUxFVElPTkpPQi1QUzQwMTktV0VTVENFTlRSQUxVUyIsImpvYkxvY2F0aW9uIjoid2VzdGNlbnRyYWx1cyJ9?api-version=2016-09-01"
        ],
        "Retry-After": [
          "15"
        ],
        "x-ms-ratelimit-remaining-subscription-reads": [
          "11979"
        ],
        "x-ms-request-id": [
          "1b8f9171-0db1-4e84-a741-9235b5eee09d"
        ],
        "x-ms-correlation-request-id": [
          "1b8f9171-0db1-4e84-a741-9235b5eee09d"
        ],
        "x-ms-routing-request-id": [
          "WESTUS:20230217T202950Z:1b8f9171-0db1-4e84-a741-9235b5eee09d"
        ],
        "Strict-Transport-Security": [
          "max-age=31536000; includeSubDomains"
        ],
        "X-Content-Type-Options": [
          "nosniff"
        ],
        "Date": [
          "Fri, 17 Feb 2023 20:29:49 GMT"
        ],
        "Expires": [
          "-1"
        ],
        "Content-Length": [
          "0"
        ]
      },
      "ResponseBody": "",
      "StatusCode": 202
    },
    {
      "RequestUri": "/subscriptions/2c647056-bab2-4175-b172-493ff049eb29/operationresults/eyJqb2JJZCI6IlJFU09VUkNFR1JPVVBERUxFVElPTkpPQi1QUzQwMTktV0VTVENFTlRSQUxVUyIsImpvYkxvY2F0aW9uIjoid2VzdGNlbnRyYWx1cyJ9?api-version=2016-09-01",
      "EncodedRequestUri": "L3N1YnNjcmlwdGlvbnMvMmM2NDcwNTYtYmFiMi00MTc1LWIxNzItNDkzZmYwNDllYjI5L29wZXJhdGlvbnJlc3VsdHMvZXlKcWIySkpaQ0k2SWxKRlUwOVZVa05GUjFKUFZWQkVSVXhGVkVsUFRrcFBRaTFRVXpRd01Ua3RWMFZUVkVORlRsUlNRVXhWVXlJc0ltcHZZa3h2WTJGMGFXOXVJam9pZDJWemRHTmxiblJ5WVd4MWN5Sjk/YXBpLXZlcnNpb249MjAxNi0wOS0wMQ==",
      "RequestMethod": "GET",
      "RequestHeaders": {
        "User-Agent": [
          "FxVersion/4.700.22.55902",
          "OSName/Windows",
          "OSVersion/Microsoft.Windows.10.0.22621",
          "Microsoft.Azure.Management.Internal.Resources.ResourceManagementClient/1.3.68"
        ]
      },
      "RequestBody": "",
      "ResponseHeaders": {
        "Cache-Control": [
          "no-cache"
        ],
        "Pragma": [
          "no-cache"
        ],
        "Location": [
          "https://management.azure.com/subscriptions/2c647056-bab2-4175-b172-493ff049eb29/operationresults/eyJqb2JJZCI6IlJFU09VUkNFR1JPVVBERUxFVElPTkpPQi1QUzQwMTktV0VTVENFTlRSQUxVUyIsImpvYkxvY2F0aW9uIjoid2VzdGNlbnRyYWx1cyJ9?api-version=2016-09-01"
        ],
        "Retry-After": [
          "15"
        ],
        "x-ms-ratelimit-remaining-subscription-reads": [
          "11978"
        ],
        "x-ms-request-id": [
          "bbd4f135-5056-4fab-b7b3-cfb6634816f1"
        ],
        "x-ms-correlation-request-id": [
          "bbd4f135-5056-4fab-b7b3-cfb6634816f1"
        ],
        "x-ms-routing-request-id": [
          "WESTUS:20230217T203005Z:bbd4f135-5056-4fab-b7b3-cfb6634816f1"
        ],
        "Strict-Transport-Security": [
          "max-age=31536000; includeSubDomains"
        ],
        "X-Content-Type-Options": [
          "nosniff"
        ],
        "Date": [
          "Fri, 17 Feb 2023 20:30:04 GMT"
        ],
        "Expires": [
          "-1"
        ],
        "Content-Length": [
          "0"
        ]
      },
      "ResponseBody": "",
      "StatusCode": 202
    },
    {
      "RequestUri": "/subscriptions/2c647056-bab2-4175-b172-493ff049eb29/operationresults/eyJqb2JJZCI6IlJFU09VUkNFR1JPVVBERUxFVElPTkpPQi1QUzQwMTktV0VTVENFTlRSQUxVUyIsImpvYkxvY2F0aW9uIjoid2VzdGNlbnRyYWx1cyJ9?api-version=2016-09-01",
      "EncodedRequestUri": "L3N1YnNjcmlwdGlvbnMvMmM2NDcwNTYtYmFiMi00MTc1LWIxNzItNDkzZmYwNDllYjI5L29wZXJhdGlvbnJlc3VsdHMvZXlKcWIySkpaQ0k2SWxKRlUwOVZVa05GUjFKUFZWQkVSVXhGVkVsUFRrcFBRaTFRVXpRd01Ua3RWMFZUVkVORlRsUlNRVXhWVXlJc0ltcHZZa3h2WTJGMGFXOXVJam9pZDJWemRHTmxiblJ5WVd4MWN5Sjk/YXBpLXZlcnNpb249MjAxNi0wOS0wMQ==",
      "RequestMethod": "GET",
      "RequestHeaders": {
        "User-Agent": [
          "FxVersion/4.700.22.55902",
          "OSName/Windows",
          "OSVersion/Microsoft.Windows.10.0.22621",
          "Microsoft.Azure.Management.Internal.Resources.ResourceManagementClient/1.3.68"
        ]
      },
      "RequestBody": "",
      "ResponseHeaders": {
        "Cache-Control": [
          "no-cache"
        ],
        "Pragma": [
          "no-cache"
        ],
        "Location": [
          "https://management.azure.com/subscriptions/2c647056-bab2-4175-b172-493ff049eb29/operationresults/eyJqb2JJZCI6IlJFU09VUkNFR1JPVVBERUxFVElPTkpPQi1QUzQwMTktV0VTVENFTlRSQUxVUyIsImpvYkxvY2F0aW9uIjoid2VzdGNlbnRyYWx1cyJ9?api-version=2016-09-01"
        ],
        "Retry-After": [
          "15"
        ],
        "x-ms-ratelimit-remaining-subscription-reads": [
          "11977"
        ],
        "x-ms-request-id": [
          "67fa3e5a-0760-4f79-b0c3-03a7fdb46e77"
        ],
        "x-ms-correlation-request-id": [
          "67fa3e5a-0760-4f79-b0c3-03a7fdb46e77"
        ],
        "x-ms-routing-request-id": [
          "WESTUS:20230217T203020Z:67fa3e5a-0760-4f79-b0c3-03a7fdb46e77"
        ],
        "Strict-Transport-Security": [
          "max-age=31536000; includeSubDomains"
        ],
        "X-Content-Type-Options": [
          "nosniff"
        ],
        "Date": [
          "Fri, 17 Feb 2023 20:30:20 GMT"
        ],
        "Expires": [
          "-1"
        ],
        "Content-Length": [
          "0"
        ]
      },
      "ResponseBody": "",
      "StatusCode": 202
    },
    {
      "RequestUri": "/subscriptions/2c647056-bab2-4175-b172-493ff049eb29/operationresults/eyJqb2JJZCI6IlJFU09VUkNFR1JPVVBERUxFVElPTkpPQi1QUzQwMTktV0VTVENFTlRSQUxVUyIsImpvYkxvY2F0aW9uIjoid2VzdGNlbnRyYWx1cyJ9?api-version=2016-09-01",
      "EncodedRequestUri": "L3N1YnNjcmlwdGlvbnMvMmM2NDcwNTYtYmFiMi00MTc1LWIxNzItNDkzZmYwNDllYjI5L29wZXJhdGlvbnJlc3VsdHMvZXlKcWIySkpaQ0k2SWxKRlUwOVZVa05GUjFKUFZWQkVSVXhGVkVsUFRrcFBRaTFRVXpRd01Ua3RWMFZUVkVORlRsUlNRVXhWVXlJc0ltcHZZa3h2WTJGMGFXOXVJam9pZDJWemRHTmxiblJ5WVd4MWN5Sjk/YXBpLXZlcnNpb249MjAxNi0wOS0wMQ==",
      "RequestMethod": "GET",
      "RequestHeaders": {
        "User-Agent": [
          "FxVersion/4.700.22.55902",
          "OSName/Windows",
          "OSVersion/Microsoft.Windows.10.0.22621",
          "Microsoft.Azure.Management.Internal.Resources.ResourceManagementClient/1.3.68"
        ]
      },
      "RequestBody": "",
      "ResponseHeaders": {
        "Cache-Control": [
          "no-cache"
        ],
        "Pragma": [
          "no-cache"
        ],
        "Location": [
          "https://management.azure.com/subscriptions/2c647056-bab2-4175-b172-493ff049eb29/operationresults/eyJqb2JJZCI6IlJFU09VUkNFR1JPVVBERUxFVElPTkpPQi1QUzQwMTktV0VTVENFTlRSQUxVUyIsImpvYkxvY2F0aW9uIjoid2VzdGNlbnRyYWx1cyJ9?api-version=2016-09-01"
        ],
        "Retry-After": [
          "15"
        ],
        "x-ms-ratelimit-remaining-subscription-reads": [
          "11976"
        ],
        "x-ms-request-id": [
          "c1477f18-9c20-4b46-a5a3-afb1944548a4"
        ],
        "x-ms-correlation-request-id": [
          "c1477f18-9c20-4b46-a5a3-afb1944548a4"
        ],
        "x-ms-routing-request-id": [
          "WESTUS:20230217T203035Z:c1477f18-9c20-4b46-a5a3-afb1944548a4"
        ],
        "Strict-Transport-Security": [
          "max-age=31536000; includeSubDomains"
        ],
        "X-Content-Type-Options": [
          "nosniff"
        ],
        "Date": [
          "Fri, 17 Feb 2023 20:30:35 GMT"
        ],
        "Expires": [
          "-1"
        ],
        "Content-Length": [
          "0"
        ]
      },
      "ResponseBody": "",
      "StatusCode": 202
    },
    {
      "RequestUri": "/subscriptions/2c647056-bab2-4175-b172-493ff049eb29/operationresults/eyJqb2JJZCI6IlJFU09VUkNFR1JPVVBERUxFVElPTkpPQi1QUzQwMTktV0VTVENFTlRSQUxVUyIsImpvYkxvY2F0aW9uIjoid2VzdGNlbnRyYWx1cyJ9?api-version=2016-09-01",
      "EncodedRequestUri": "L3N1YnNjcmlwdGlvbnMvMmM2NDcwNTYtYmFiMi00MTc1LWIxNzItNDkzZmYwNDllYjI5L29wZXJhdGlvbnJlc3VsdHMvZXlKcWIySkpaQ0k2SWxKRlUwOVZVa05GUjFKUFZWQkVSVXhGVkVsUFRrcFBRaTFRVXpRd01Ua3RWMFZUVkVORlRsUlNRVXhWVXlJc0ltcHZZa3h2WTJGMGFXOXVJam9pZDJWemRHTmxiblJ5WVd4MWN5Sjk/YXBpLXZlcnNpb249MjAxNi0wOS0wMQ==",
      "RequestMethod": "GET",
      "RequestHeaders": {
        "User-Agent": [
          "FxVersion/4.700.22.55902",
          "OSName/Windows",
          "OSVersion/Microsoft.Windows.10.0.22621",
          "Microsoft.Azure.Management.Internal.Resources.ResourceManagementClient/1.3.68"
        ]
      },
      "RequestBody": "",
      "ResponseHeaders": {
        "Cache-Control": [
          "no-cache"
        ],
        "Pragma": [
          "no-cache"
        ],
        "Location": [
          "https://management.azure.com/subscriptions/2c647056-bab2-4175-b172-493ff049eb29/operationresults/eyJqb2JJZCI6IlJFU09VUkNFR1JPVVBERUxFVElPTkpPQi1QUzQwMTktV0VTVENFTlRSQUxVUyIsImpvYkxvY2F0aW9uIjoid2VzdGNlbnRyYWx1cyJ9?api-version=2016-09-01"
        ],
        "Retry-After": [
          "15"
        ],
        "x-ms-ratelimit-remaining-subscription-reads": [
          "11975"
        ],
        "x-ms-request-id": [
          "f3bc3541-a9b4-49ab-ab1e-d81d73ab3f40"
        ],
        "x-ms-correlation-request-id": [
          "f3bc3541-a9b4-49ab-ab1e-d81d73ab3f40"
        ],
        "x-ms-routing-request-id": [
          "WESTUS:20230217T203050Z:f3bc3541-a9b4-49ab-ab1e-d81d73ab3f40"
        ],
        "Strict-Transport-Security": [
          "max-age=31536000; includeSubDomains"
        ],
        "X-Content-Type-Options": [
          "nosniff"
        ],
        "Date": [
          "Fri, 17 Feb 2023 20:30:50 GMT"
        ],
        "Expires": [
          "-1"
        ],
        "Content-Length": [
          "0"
        ]
      },
      "ResponseBody": "",
      "StatusCode": 202
    },
    {
      "RequestUri": "/subscriptions/2c647056-bab2-4175-b172-493ff049eb29/operationresults/eyJqb2JJZCI6IlJFU09VUkNFR1JPVVBERUxFVElPTkpPQi1QUzQwMTktV0VTVENFTlRSQUxVUyIsImpvYkxvY2F0aW9uIjoid2VzdGNlbnRyYWx1cyJ9?api-version=2016-09-01",
      "EncodedRequestUri": "L3N1YnNjcmlwdGlvbnMvMmM2NDcwNTYtYmFiMi00MTc1LWIxNzItNDkzZmYwNDllYjI5L29wZXJhdGlvbnJlc3VsdHMvZXlKcWIySkpaQ0k2SWxKRlUwOVZVa05GUjFKUFZWQkVSVXhGVkVsUFRrcFBRaTFRVXpRd01Ua3RWMFZUVkVORlRsUlNRVXhWVXlJc0ltcHZZa3h2WTJGMGFXOXVJam9pZDJWemRHTmxiblJ5WVd4MWN5Sjk/YXBpLXZlcnNpb249MjAxNi0wOS0wMQ==",
      "RequestMethod": "GET",
      "RequestHeaders": {
        "User-Agent": [
          "FxVersion/4.700.22.55902",
          "OSName/Windows",
          "OSVersion/Microsoft.Windows.10.0.22621",
          "Microsoft.Azure.Management.Internal.Resources.ResourceManagementClient/1.3.68"
        ]
      },
      "RequestBody": "",
      "ResponseHeaders": {
        "Cache-Control": [
          "no-cache"
        ],
        "Pragma": [
          "no-cache"
        ],
        "Location": [
          "https://management.azure.com/subscriptions/2c647056-bab2-4175-b172-493ff049eb29/operationresults/eyJqb2JJZCI6IlJFU09VUkNFR1JPVVBERUxFVElPTkpPQi1QUzQwMTktV0VTVENFTlRSQUxVUyIsImpvYkxvY2F0aW9uIjoid2VzdGNlbnRyYWx1cyJ9?api-version=2016-09-01"
        ],
        "Retry-After": [
          "15"
        ],
        "x-ms-ratelimit-remaining-subscription-reads": [
          "11974"
        ],
        "x-ms-request-id": [
          "c349ff69-ae00-4598-8d76-17c14077d860"
        ],
        "x-ms-correlation-request-id": [
          "c349ff69-ae00-4598-8d76-17c14077d860"
        ],
        "x-ms-routing-request-id": [
          "WESTUS:20230217T203105Z:c349ff69-ae00-4598-8d76-17c14077d860"
        ],
        "Strict-Transport-Security": [
          "max-age=31536000; includeSubDomains"
        ],
        "X-Content-Type-Options": [
          "nosniff"
        ],
        "Date": [
          "Fri, 17 Feb 2023 20:31:05 GMT"
        ],
        "Expires": [
          "-1"
        ],
        "Content-Length": [
          "0"
        ]
      },
      "ResponseBody": "",
      "StatusCode": 202
    },
    {
      "RequestUri": "/subscriptions/2c647056-bab2-4175-b172-493ff049eb29/operationresults/eyJqb2JJZCI6IlJFU09VUkNFR1JPVVBERUxFVElPTkpPQi1QUzQwMTktV0VTVENFTlRSQUxVUyIsImpvYkxvY2F0aW9uIjoid2VzdGNlbnRyYWx1cyJ9?api-version=2016-09-01",
      "EncodedRequestUri": "L3N1YnNjcmlwdGlvbnMvMmM2NDcwNTYtYmFiMi00MTc1LWIxNzItNDkzZmYwNDllYjI5L29wZXJhdGlvbnJlc3VsdHMvZXlKcWIySkpaQ0k2SWxKRlUwOVZVa05GUjFKUFZWQkVSVXhGVkVsUFRrcFBRaTFRVXpRd01Ua3RWMFZUVkVORlRsUlNRVXhWVXlJc0ltcHZZa3h2WTJGMGFXOXVJam9pZDJWemRHTmxiblJ5WVd4MWN5Sjk/YXBpLXZlcnNpb249MjAxNi0wOS0wMQ==",
      "RequestMethod": "GET",
      "RequestHeaders": {
        "User-Agent": [
          "FxVersion/4.700.22.55902",
          "OSName/Windows",
          "OSVersion/Microsoft.Windows.10.0.22621",
          "Microsoft.Azure.Management.Internal.Resources.ResourceManagementClient/1.3.68"
        ]
      },
      "RequestBody": "",
      "ResponseHeaders": {
        "Cache-Control": [
          "no-cache"
        ],
        "Pragma": [
          "no-cache"
        ],
        "Location": [
          "https://management.azure.com/subscriptions/2c647056-bab2-4175-b172-493ff049eb29/operationresults/eyJqb2JJZCI6IlJFU09VUkNFR1JPVVBERUxFVElPTkpPQi1QUzQwMTktV0VTVENFTlRSQUxVUyIsImpvYkxvY2F0aW9uIjoid2VzdGNlbnRyYWx1cyJ9?api-version=2016-09-01"
        ],
        "Retry-After": [
          "15"
        ],
        "x-ms-ratelimit-remaining-subscription-reads": [
          "11973"
        ],
        "x-ms-request-id": [
          "8fc08425-9199-4b88-9c66-e8a6c685f638"
        ],
        "x-ms-correlation-request-id": [
          "8fc08425-9199-4b88-9c66-e8a6c685f638"
        ],
        "x-ms-routing-request-id": [
          "WESTUS:20230217T203120Z:8fc08425-9199-4b88-9c66-e8a6c685f638"
        ],
        "Strict-Transport-Security": [
          "max-age=31536000; includeSubDomains"
        ],
        "X-Content-Type-Options": [
          "nosniff"
        ],
        "Date": [
          "Fri, 17 Feb 2023 20:31:20 GMT"
        ],
        "Expires": [
          "-1"
        ],
        "Content-Length": [
          "0"
        ]
      },
      "ResponseBody": "",
      "StatusCode": 202
    },
    {
      "RequestUri": "/subscriptions/2c647056-bab2-4175-b172-493ff049eb29/operationresults/eyJqb2JJZCI6IlJFU09VUkNFR1JPVVBERUxFVElPTkpPQi1QUzQwMTktV0VTVENFTlRSQUxVUyIsImpvYkxvY2F0aW9uIjoid2VzdGNlbnRyYWx1cyJ9?api-version=2016-09-01",
      "EncodedRequestUri": "L3N1YnNjcmlwdGlvbnMvMmM2NDcwNTYtYmFiMi00MTc1LWIxNzItNDkzZmYwNDllYjI5L29wZXJhdGlvbnJlc3VsdHMvZXlKcWIySkpaQ0k2SWxKRlUwOVZVa05GUjFKUFZWQkVSVXhGVkVsUFRrcFBRaTFRVXpRd01Ua3RWMFZUVkVORlRsUlNRVXhWVXlJc0ltcHZZa3h2WTJGMGFXOXVJam9pZDJWemRHTmxiblJ5WVd4MWN5Sjk/YXBpLXZlcnNpb249MjAxNi0wOS0wMQ==",
      "RequestMethod": "GET",
      "RequestHeaders": {
        "User-Agent": [
          "FxVersion/4.700.22.55902",
          "OSName/Windows",
          "OSVersion/Microsoft.Windows.10.0.22621",
          "Microsoft.Azure.Management.Internal.Resources.ResourceManagementClient/1.3.68"
        ]
      },
      "RequestBody": "",
      "ResponseHeaders": {
        "Cache-Control": [
          "no-cache"
        ],
        "Pragma": [
          "no-cache"
        ],
        "x-ms-ratelimit-remaining-subscription-reads": [
          "11972"
        ],
        "x-ms-request-id": [
          "8b47bb74-a609-4105-a604-a6df2028b1d9"
        ],
        "x-ms-correlation-request-id": [
          "8b47bb74-a609-4105-a604-a6df2028b1d9"
        ],
        "x-ms-routing-request-id": [
          "WESTUS:20230217T203135Z:8b47bb74-a609-4105-a604-a6df2028b1d9"
        ],
        "Strict-Transport-Security": [
          "max-age=31536000; includeSubDomains"
        ],
        "X-Content-Type-Options": [
          "nosniff"
        ],
        "Date": [
          "Fri, 17 Feb 2023 20:31:35 GMT"
        ],
        "Content-Type": [
          "application/json; charset=utf-8"
        ],
        "Expires": [
          "-1"
        ],
        "Content-Length": [
          "923"
        ]
      },
      "ResponseBody": "{\r\n  \"error\": {\r\n    \"code\": \"ResourceGroupDeletionBlocked\",\r\n    \"message\": \"Deletion of resource group 'ps4019' failed as resources with identifiers 'Microsoft.Sql/servers/ps9232/databases/ps9309' could not be deleted. The provisioning state of the resource group will be rolled back. The tracking Id is 'f48e9f1a-2d7e-421e-a8b7-63c2a6b93e62'. Please check audit logs for more details.\",\r\n    \"details\": [\r\n      {\r\n        \"target\": \"/subscriptions/2c647056-bab2-4175-b172-493ff049eb29/resourceGroups/ps4019/providers/Microsoft.Sql/servers/ps9232/databases/ps9309\",\r\n        \"message\": \"{\\\"Error\\\":{\\\"Code\\\":\\\"ResourceDeletionFailed\\\",\\\"Target\\\":null,\\\"Message\\\":\\\"The request to delete the resource 'Microsoft.Sql/servers/ps9232/databases/ps9309' failed. subscription id '2c647056-bab2-4175-b172-493ff049eb29', activity id '8ac8acf7-586b-4530-9c11-d0213e30c4d9', request correlation id 'f48e9f1a-2d7e-421e-a8b7-63c2a6b93e62'.\\\",\\\"Details\\\":null,\\\"AdditionalInfo\\\":null}}\"\r\n      }\r\n    ]\r\n  }\r\n}",
      "StatusCode": 409
    }
  ],
  "Names": {
    "Test-DatabaseCreateWithPerDBCMK": [
      "ps4019",
      "ps9232",
      "ps9309"
    ]
  },
  "Variables": {
    "SubscriptionId": "2c647056-bab2-4175-b172-493ff049eb29"
  }
}