{
  "Entries": [
    {
      "RequestUri": "/subscriptions/2c647056-bab2-4175-b172-493ff049eb29/resourcegroups/ps6228?api-version=2016-09-01",
      "EncodedRequestUri": "L3N1YnNjcmlwdGlvbnMvMmM2NDcwNTYtYmFiMi00MTc1LWIxNzItNDkzZmYwNDllYjI5L3Jlc291cmNlZ3JvdXBzL3BzNjIyOD9hcGktdmVyc2lvbj0yMDE2LTA5LTAx",
      "RequestMethod": "PUT",
      "RequestHeaders": {
        "x-ms-client-request-id": [
          "ddd1a462-852b-464d-90de-792b11760ffe"
        ],
        "Accept-Language": [
          "en-US"
        ],
        "User-Agent": [
          "FxVersion/4.700.22.55902",
          "OSName/Windows",
          "OSVersion/Microsoft.Windows.10.0.22621",
          "Microsoft.Azure.Management.Internal.Resources.ResourceManagementClient/1.3.68"
        ],
        "Content-Type": [
          "application/json; charset=utf-8"
        ],
        "Content-Length": [
          "35"
        ]
      },
      "RequestBody": "{\r\n  \"location\": \"westcentralus\"\r\n}",
      "ResponseHeaders": {
        "Cache-Control": [
          "no-cache"
        ],
        "Pragma": [
          "no-cache"
        ],
        "x-ms-ratelimit-remaining-subscription-writes": [
          "1198"
        ],
        "x-ms-request-id": [
          "99924e6e-110c-469f-9a1f-dd8705221e38"
        ],
        "x-ms-correlation-request-id": [
          "99924e6e-110c-469f-9a1f-dd8705221e38"
        ],
        "x-ms-routing-request-id": [
          "WESTCENTRALUS:20230217T205723Z:99924e6e-110c-469f-9a1f-dd8705221e38"
        ],
        "Strict-Transport-Security": [
          "max-age=31536000; includeSubDomains"
        ],
        "X-Content-Type-Options": [
          "nosniff"
        ],
        "Date": [
          "Fri, 17 Feb 2023 20:57:22 GMT"
        ],
        "Content-Length": [
          "172"
        ],
        "Content-Type": [
          "application/json; charset=utf-8"
        ],
        "Expires": [
          "-1"
        ]
      },
      "ResponseBody": "{\r\n  \"id\": \"/subscriptions/2c647056-bab2-4175-b172-493ff049eb29/resourceGroups/ps6228\",\r\n  \"name\": \"ps6228\",\r\n  \"location\": \"westcentralus\",\r\n  \"properties\": {\r\n    \"provisioningState\": \"Succeeded\"\r\n  }\r\n}",
      "StatusCode": 201
    },
    {
      "RequestUri": "/subscriptions/2c647056-bab2-4175-b172-493ff049eb29/resourceGroups/ps6228/providers/Microsoft.Sql/servers/ps2860?api-version=2021-02-01-preview",
      "EncodedRequestUri": "L3N1YnNjcmlwdGlvbnMvMmM2NDcwNTYtYmFiMi00MTc1LWIxNzItNDkzZmYwNDllYjI5L3Jlc291cmNlR3JvdXBzL3BzNjIyOC9wcm92aWRlcnMvTWljcm9zb2Z0LlNxbC9zZXJ2ZXJzL3BzMjg2MD9hcGktdmVyc2lvbj0yMDIxLTAyLTAxLXByZXZpZXc=",
      "RequestMethod": "GET",
      "RequestHeaders": {
        "x-ms-client-request-id": [
          "c571f463-3ab4-413d-a12b-b42805e18701"
        ],
        "Accept-Language": [
          "en-US"
        ],
        "User-Agent": [
          "FxVersion/4.700.22.55902",
          "OSName/Windows",
          "OSVersion/Microsoft.Windows.10.0.22621",
          "Microsoft.Azure.Management.Sql.SqlManagementClient/4.3.0"
        ]
      },
      "RequestBody": "",
      "ResponseHeaders": {
        "Cache-Control": [
          "no-cache"
        ],
        "Pragma": [
          "no-cache"
        ],
        "x-ms-failure-cause": [
          "gateway"
        ],
        "x-ms-request-id": [
          "2b4f428f-d9af-4ee5-b82e-acfe8601ebe1"
        ],
        "x-ms-correlation-request-id": [
          "2b4f428f-d9af-4ee5-b82e-acfe8601ebe1"
        ],
        "x-ms-routing-request-id": [
          "WESTCENTRALUS:20230217T205723Z:2b4f428f-d9af-4ee5-b82e-acfe8601ebe1"
        ],
        "Strict-Transport-Security": [
          "max-age=31536000; includeSubDomains"
        ],
        "X-Content-Type-Options": [
          "nosniff"
        ],
        "Date": [
          "Fri, 17 Feb 2023 20:57:22 GMT"
        ],
        "Content-Type": [
          "application/json; charset=utf-8"
        ],
        "Expires": [
          "-1"
        ],
        "Content-Length": [
          "206"
        ]
      },
      "ResponseBody": "{\r\n  \"error\": {\r\n    \"code\": \"ResourceNotFound\",\r\n    \"message\": \"The Resource 'Microsoft.Sql/servers/ps2860' under resource group 'ps6228' was not found. For more details please go to https://aka.ms/ARMResourceNotFoundFix\"\r\n  }\r\n}",
      "StatusCode": 404
    },
    {
      "RequestUri": "/subscriptions/2c647056-bab2-4175-b172-493ff049eb29/resourceGroups/ps6228/providers/Microsoft.Sql/servers/ps2860?api-version=2021-02-01-preview",
      "EncodedRequestUri": "L3N1YnNjcmlwdGlvbnMvMmM2NDcwNTYtYmFiMi00MTc1LWIxNzItNDkzZmYwNDllYjI5L3Jlc291cmNlR3JvdXBzL3BzNjIyOC9wcm92aWRlcnMvTWljcm9zb2Z0LlNxbC9zZXJ2ZXJzL3BzMjg2MD9hcGktdmVyc2lvbj0yMDIxLTAyLTAxLXByZXZpZXc=",
      "RequestMethod": "GET",
      "RequestHeaders": {
        "x-ms-client-request-id": [
          "c571f463-3ab4-413d-a12b-b42805e18701"
        ],
        "User-Agent": [
          "FxVersion/4.700.22.55902",
          "OSName/Windows",
          "OSVersion/Microsoft.Windows.10.0.22621",
          "Microsoft.Azure.Management.Sql.SqlManagementClient/4.3.0"
        ]
      },
      "RequestBody": "",
      "ResponseHeaders": {
        "Cache-Control": [
          "no-cache"
        ],
        "Pragma": [
          "no-cache"
        ],
        "x-ms-request-id": [
          "c0ef7bde-e11f-4eea-850e-a4fe2a50c2f4"
        ],
        "Server": [
          "Microsoft-HTTPAPI/2.0"
        ],
        "x-ms-ratelimit-remaining-subscription-reads": [
          "11990"
        ],
        "x-ms-correlation-request-id": [
          "be6001ca-5370-4f9b-b1ae-1393629f1195"
        ],
        "x-ms-routing-request-id": [
          "WESTCENTRALUS:20230217T205831Z:be6001ca-5370-4f9b-b1ae-1393629f1195"
        ],
        "Strict-Transport-Security": [
          "max-age=31536000; includeSubDomains"
        ],
        "X-Content-Type-Options": [
          "nosniff"
        ],
        "Date": [
          "Fri, 17 Feb 2023 20:58:30 GMT"
        ],
        "Content-Length": [
          "455"
        ],
        "Content-Type": [
          "application/json; charset=utf-8"
        ],
        "Expires": [
          "-1"
        ]
      },
      "ResponseBody": "{\r\n  \"kind\": \"v12.0\",\r\n  \"properties\": {\r\n    \"administratorLogin\": \"testusername\",\r\n    \"version\": \"12.0\",\r\n    \"state\": \"Ready\",\r\n    \"fullyQualifiedDomainName\": \"ps2860.database.windows.net\",\r\n    \"privateEndpointConnections\": [],\r\n    \"publicNetworkAccess\": \"Enabled\",\r\n    \"restrictOutboundNetworkAccess\": \"Disabled\"\r\n  },\r\n  \"location\": \"westeurope\",\r\n  \"id\": \"/subscriptions/2c647056-bab2-4175-b172-493ff049eb29/resourceGroups/ps6228/providers/Microsoft.Sql/servers/ps2860\",\r\n  \"name\": \"ps2860\",\r\n  \"type\": \"Microsoft.Sql/servers\"\r\n}",
      "StatusCode": 200
    },
    {
      "RequestUri": "/subscriptions/2c647056-bab2-4175-b172-493ff049eb29/resourceGroups/ps6228/providers/Microsoft.Sql/servers/ps2860?api-version=2021-02-01-preview",
      "EncodedRequestUri": "L3N1YnNjcmlwdGlvbnMvMmM2NDcwNTYtYmFiMi00MTc1LWIxNzItNDkzZmYwNDllYjI5L3Jlc291cmNlR3JvdXBzL3BzNjIyOC9wcm92aWRlcnMvTWljcm9zb2Z0LlNxbC9zZXJ2ZXJzL3BzMjg2MD9hcGktdmVyc2lvbj0yMDIxLTAyLTAxLXByZXZpZXc=",
      "RequestMethod": "GET",
      "RequestHeaders": {
        "x-ms-client-request-id": [
          "01fcf721-698e-42b0-84b5-8cf019d9b2a8"
        ],
        "Accept-Language": [
          "en-US"
        ],
        "User-Agent": [
          "FxVersion/4.700.22.55902",
          "OSName/Windows",
          "OSVersion/Microsoft.Windows.10.0.22621",
          "Microsoft.Azure.Management.Sql.SqlManagementClient/4.3.0"
        ]
      },
      "RequestBody": "",
      "ResponseHeaders": {
        "Cache-Control": [
          "no-cache"
        ],
        "Pragma": [
          "no-cache"
        ],
        "x-ms-request-id": [
          "b5561c1f-57a4-4282-90bb-06163d232912"
        ],
        "Server": [
          "Microsoft-HTTPAPI/2.0"
        ],
        "x-ms-ratelimit-remaining-subscription-reads": [
          "11989"
        ],
        "x-ms-correlation-request-id": [
          "77c63aa1-4fd8-4970-94ef-03c7bc2f24f6"
        ],
        "x-ms-routing-request-id": [
          "WESTCENTRALUS:20230217T205831Z:77c63aa1-4fd8-4970-94ef-03c7bc2f24f6"
        ],
        "Strict-Transport-Security": [
          "max-age=31536000; includeSubDomains"
        ],
        "X-Content-Type-Options": [
          "nosniff"
        ],
        "Date": [
          "Fri, 17 Feb 2023 20:58:30 GMT"
        ],
        "Content-Length": [
          "455"
        ],
        "Content-Type": [
          "application/json; charset=utf-8"
        ],
        "Expires": [
          "-1"
        ]
      },
      "ResponseBody": "{\r\n  \"kind\": \"v12.0\",\r\n  \"properties\": {\r\n    \"administratorLogin\": \"testusername\",\r\n    \"version\": \"12.0\",\r\n    \"state\": \"Ready\",\r\n    \"fullyQualifiedDomainName\": \"ps2860.database.windows.net\",\r\n    \"privateEndpointConnections\": [],\r\n    \"publicNetworkAccess\": \"Enabled\",\r\n    \"restrictOutboundNetworkAccess\": \"Disabled\"\r\n  },\r\n  \"location\": \"westeurope\",\r\n  \"id\": \"/subscriptions/2c647056-bab2-4175-b172-493ff049eb29/resourceGroups/ps6228/providers/Microsoft.Sql/servers/ps2860\",\r\n  \"name\": \"ps2860\",\r\n  \"type\": \"Microsoft.Sql/servers\"\r\n}",
      "StatusCode": 200
    },
    {
      "RequestUri": "/subscriptions/2c647056-bab2-4175-b172-493ff049eb29/resourceGroups/ps6228/providers/Microsoft.Sql/servers/ps2860?api-version=2021-02-01-preview",
      "EncodedRequestUri": "L3N1YnNjcmlwdGlvbnMvMmM2NDcwNTYtYmFiMi00MTc1LWIxNzItNDkzZmYwNDllYjI5L3Jlc291cmNlR3JvdXBzL3BzNjIyOC9wcm92aWRlcnMvTWljcm9zb2Z0LlNxbC9zZXJ2ZXJzL3BzMjg2MD9hcGktdmVyc2lvbj0yMDIxLTAyLTAxLXByZXZpZXc=",
      "RequestMethod": "GET",
      "RequestHeaders": {
        "x-ms-client-request-id": [
          "01fcf721-698e-42b0-84b5-8cf019d9b2a8"
        ],
        "Accept-Language": [
          "en-US"
        ],
        "User-Agent": [
          "FxVersion/4.700.22.55902",
          "OSName/Windows",
          "OSVersion/Microsoft.Windows.10.0.22621",
          "Microsoft.Azure.Management.Sql.SqlManagementClient/4.3.0"
        ]
      },
      "RequestBody": "",
      "ResponseHeaders": {
        "Cache-Control": [
          "no-cache"
        ],
        "Pragma": [
          "no-cache"
        ],
        "x-ms-request-id": [
          "9648bad6-0b68-42f6-8868-39bddd4b6108"
        ],
        "Server": [
          "Microsoft-HTTPAPI/2.0"
        ],
        "x-ms-ratelimit-remaining-subscription-reads": [
          "11988"
        ],
        "x-ms-correlation-request-id": [
          "1658c49c-f047-4c10-a88d-5b86401599a8"
        ],
        "x-ms-routing-request-id": [
          "WESTCENTRALUS:20230217T205831Z:1658c49c-f047-4c10-a88d-5b86401599a8"
        ],
        "Strict-Transport-Security": [
          "max-age=31536000; includeSubDomains"
        ],
        "X-Content-Type-Options": [
          "nosniff"
        ],
        "Date": [
          "Fri, 17 Feb 2023 20:58:31 GMT"
        ],
        "Content-Length": [
          "455"
        ],
        "Content-Type": [
          "application/json; charset=utf-8"
        ],
        "Expires": [
          "-1"
        ]
      },
      "ResponseBody": "{\r\n  \"kind\": \"v12.0\",\r\n  \"properties\": {\r\n    \"administratorLogin\": \"testusername\",\r\n    \"version\": \"12.0\",\r\n    \"state\": \"Ready\",\r\n    \"fullyQualifiedDomainName\": \"ps2860.database.windows.net\",\r\n    \"privateEndpointConnections\": [],\r\n    \"publicNetworkAccess\": \"Enabled\",\r\n    \"restrictOutboundNetworkAccess\": \"Disabled\"\r\n  },\r\n  \"location\": \"westeurope\",\r\n  \"id\": \"/subscriptions/2c647056-bab2-4175-b172-493ff049eb29/resourceGroups/ps6228/providers/Microsoft.Sql/servers/ps2860\",\r\n  \"name\": \"ps2860\",\r\n  \"type\": \"Microsoft.Sql/servers\"\r\n}",
      "StatusCode": 200
    },
    {
      "RequestUri": "/subscriptions/2c647056-bab2-4175-b172-493ff049eb29/resourceGroups/ps6228/providers/Microsoft.Sql/servers/ps2860?api-version=2021-02-01-preview",
      "EncodedRequestUri": "L3N1YnNjcmlwdGlvbnMvMmM2NDcwNTYtYmFiMi00MTc1LWIxNzItNDkzZmYwNDllYjI5L3Jlc291cmNlR3JvdXBzL3BzNjIyOC9wcm92aWRlcnMvTWljcm9zb2Z0LlNxbC9zZXJ2ZXJzL3BzMjg2MD9hcGktdmVyc2lvbj0yMDIxLTAyLTAxLXByZXZpZXc=",
      "RequestMethod": "GET",
      "RequestHeaders": {
        "x-ms-client-request-id": [
          "d399520d-d74c-465e-8499-dd9ae9f19a5f"
        ],
        "Accept-Language": [
          "en-US"
        ],
        "User-Agent": [
          "FxVersion/4.700.22.55902",
          "OSName/Windows",
          "OSVersion/Microsoft.Windows.10.0.22621",
          "Microsoft.Azure.Management.Sql.SqlManagementClient/4.3.0"
        ]
      },
      "RequestBody": "",
      "ResponseHeaders": {
        "Cache-Control": [
          "no-cache"
        ],
        "Pragma": [
          "no-cache"
        ],
        "x-ms-request-id": [
          "d7d44b6f-5dd7-45b6-9cb6-5f3de5352a52"
        ],
        "Server": [
          "Microsoft-HTTPAPI/2.0"
        ],
        "x-ms-ratelimit-remaining-subscription-reads": [
          "11987"
        ],
        "x-ms-correlation-request-id": [
          "a62d5de5-944a-4c21-9c58-0e6e0569e556"
        ],
        "x-ms-routing-request-id": [
          "WESTCENTRALUS:20230217T205949Z:a62d5de5-944a-4c21-9c58-0e6e0569e556"
        ],
        "Strict-Transport-Security": [
          "max-age=31536000; includeSubDomains"
        ],
        "X-Content-Type-Options": [
          "nosniff"
        ],
        "Date": [
          "Fri, 17 Feb 2023 20:59:48 GMT"
        ],
        "Content-Length": [
          "455"
        ],
        "Content-Type": [
          "application/json; charset=utf-8"
        ],
        "Expires": [
          "-1"
        ]
      },
      "ResponseBody": "{\r\n  \"kind\": \"v12.0\",\r\n  \"properties\": {\r\n    \"administratorLogin\": \"testusername\",\r\n    \"version\": \"12.0\",\r\n    \"state\": \"Ready\",\r\n    \"fullyQualifiedDomainName\": \"ps2860.database.windows.net\",\r\n    \"privateEndpointConnections\": [],\r\n    \"publicNetworkAccess\": \"Enabled\",\r\n    \"restrictOutboundNetworkAccess\": \"Disabled\"\r\n  },\r\n  \"location\": \"westeurope\",\r\n  \"id\": \"/subscriptions/2c647056-bab2-4175-b172-493ff049eb29/resourceGroups/ps6228/providers/Microsoft.Sql/servers/ps2860\",\r\n  \"name\": \"ps2860\",\r\n  \"type\": \"Microsoft.Sql/servers\"\r\n}",
      "StatusCode": 200
    },
    {
      "RequestUri": "/subscriptions/2c647056-bab2-4175-b172-493ff049eb29/resourceGroups/ps6228/providers/Microsoft.Sql/servers/ps2860?api-version=2021-02-01-preview",
      "EncodedRequestUri": "L3N1YnNjcmlwdGlvbnMvMmM2NDcwNTYtYmFiMi00MTc1LWIxNzItNDkzZmYwNDllYjI5L3Jlc291cmNlR3JvdXBzL3BzNjIyOC9wcm92aWRlcnMvTWljcm9zb2Z0LlNxbC9zZXJ2ZXJzL3BzMjg2MD9hcGktdmVyc2lvbj0yMDIxLTAyLTAxLXByZXZpZXc=",
      "RequestMethod": "GET",
      "RequestHeaders": {
        "x-ms-client-request-id": [
          "d399520d-d74c-465e-8499-dd9ae9f19a5f"
        ],
        "Accept-Language": [
          "en-US"
        ],
        "User-Agent": [
          "FxVersion/4.700.22.55902",
          "OSName/Windows",
          "OSVersion/Microsoft.Windows.10.0.22621",
          "Microsoft.Azure.Management.Sql.SqlManagementClient/4.3.0"
        ]
      },
      "RequestBody": "",
      "ResponseHeaders": {
        "Cache-Control": [
          "no-cache"
        ],
        "Pragma": [
          "no-cache"
        ],
        "x-ms-request-id": [
          "35781fa3-93a3-4d6f-816b-585e55a8eee2"
        ],
        "Server": [
          "Microsoft-HTTPAPI/2.0"
        ],
        "x-ms-ratelimit-remaining-subscription-reads": [
          "11986"
        ],
        "x-ms-correlation-request-id": [
          "0d246369-8d6c-455b-bfb0-ad7d01e00964"
        ],
        "x-ms-routing-request-id": [
          "WESTCENTRALUS:20230217T205949Z:0d246369-8d6c-455b-bfb0-ad7d01e00964"
        ],
        "Strict-Transport-Security": [
          "max-age=31536000; includeSubDomains"
        ],
        "X-Content-Type-Options": [
          "nosniff"
        ],
        "Date": [
          "Fri, 17 Feb 2023 20:59:49 GMT"
        ],
        "Content-Length": [
          "455"
        ],
        "Content-Type": [
          "application/json; charset=utf-8"
        ],
        "Expires": [
          "-1"
        ]
      },
      "ResponseBody": "{\r\n  \"kind\": \"v12.0\",\r\n  \"properties\": {\r\n    \"administratorLogin\": \"testusername\",\r\n    \"version\": \"12.0\",\r\n    \"state\": \"Ready\",\r\n    \"fullyQualifiedDomainName\": \"ps2860.database.windows.net\",\r\n    \"privateEndpointConnections\": [],\r\n    \"publicNetworkAccess\": \"Enabled\",\r\n    \"restrictOutboundNetworkAccess\": \"Disabled\"\r\n  },\r\n  \"location\": \"westeurope\",\r\n  \"id\": \"/subscriptions/2c647056-bab2-4175-b172-493ff049eb29/resourceGroups/ps6228/providers/Microsoft.Sql/servers/ps2860\",\r\n  \"name\": \"ps2860\",\r\n  \"type\": \"Microsoft.Sql/servers\"\r\n}",
      "StatusCode": 200
    },
    {
      "RequestUri": "/subscriptions/2c647056-bab2-4175-b172-493ff049eb29/resourceGroups/ps6228/providers/Microsoft.Sql/servers/ps2860?api-version=2021-02-01-preview",
      "EncodedRequestUri": "L3N1YnNjcmlwdGlvbnMvMmM2NDcwNTYtYmFiMi00MTc1LWIxNzItNDkzZmYwNDllYjI5L3Jlc291cmNlR3JvdXBzL3BzNjIyOC9wcm92aWRlcnMvTWljcm9zb2Z0LlNxbC9zZXJ2ZXJzL3BzMjg2MD9hcGktdmVyc2lvbj0yMDIxLTAyLTAxLXByZXZpZXc=",
      "RequestMethod": "GET",
      "RequestHeaders": {
        "x-ms-client-request-id": [
          "c0e5256a-6020-4333-b4e5-fa52d7f23c88"
        ],
        "Accept-Language": [
          "en-US"
        ],
        "User-Agent": [
          "FxVersion/4.700.22.55902",
          "OSName/Windows",
          "OSVersion/Microsoft.Windows.10.0.22621",
          "Microsoft.Azure.Management.Sql.SqlManagementClient/4.3.0"
        ]
      },
      "RequestBody": "",
      "ResponseHeaders": {
        "Cache-Control": [
          "no-cache"
        ],
        "Pragma": [
          "no-cache"
        ],
        "x-ms-request-id": [
          "5256f8b2-1cbe-4507-aec8-0aeb4ceef649"
        ],
        "Server": [
          "Microsoft-HTTPAPI/2.0"
        ],
        "x-ms-ratelimit-remaining-subscription-reads": [
          "11985"
        ],
        "x-ms-correlation-request-id": [
          "ca25e0b3-c492-4f0a-b9f1-dad90bf78a67"
        ],
        "x-ms-routing-request-id": [
          "WESTCENTRALUS:20230217T210108Z:ca25e0b3-c492-4f0a-b9f1-dad90bf78a67"
        ],
        "Strict-Transport-Security": [
          "max-age=31536000; includeSubDomains"
        ],
        "X-Content-Type-Options": [
          "nosniff"
        ],
        "Date": [
          "Fri, 17 Feb 2023 21:01:07 GMT"
        ],
        "Content-Length": [
          "455"
        ],
        "Content-Type": [
          "application/json; charset=utf-8"
        ],
        "Expires": [
          "-1"
        ]
      },
      "ResponseBody": "{\r\n  \"kind\": \"v12.0\",\r\n  \"properties\": {\r\n    \"administratorLogin\": \"testusername\",\r\n    \"version\": \"12.0\",\r\n    \"state\": \"Ready\",\r\n    \"fullyQualifiedDomainName\": \"ps2860.database.windows.net\",\r\n    \"privateEndpointConnections\": [],\r\n    \"publicNetworkAccess\": \"Enabled\",\r\n    \"restrictOutboundNetworkAccess\": \"Disabled\"\r\n  },\r\n  \"location\": \"westeurope\",\r\n  \"id\": \"/subscriptions/2c647056-bab2-4175-b172-493ff049eb29/resourceGroups/ps6228/providers/Microsoft.Sql/servers/ps2860\",\r\n  \"name\": \"ps2860\",\r\n  \"type\": \"Microsoft.Sql/servers\"\r\n}",
      "StatusCode": 200
    },
    {
      "RequestUri": "/subscriptions/2c647056-bab2-4175-b172-493ff049eb29/resourceGroups/ps6228/providers/Microsoft.Sql/servers/ps2860?api-version=2021-02-01-preview",
      "EncodedRequestUri": "L3N1YnNjcmlwdGlvbnMvMmM2NDcwNTYtYmFiMi00MTc1LWIxNzItNDkzZmYwNDllYjI5L3Jlc291cmNlR3JvdXBzL3BzNjIyOC9wcm92aWRlcnMvTWljcm9zb2Z0LlNxbC9zZXJ2ZXJzL3BzMjg2MD9hcGktdmVyc2lvbj0yMDIxLTAyLTAxLXByZXZpZXc=",
      "RequestMethod": "GET",
      "RequestHeaders": {
        "x-ms-client-request-id": [
          "c0e5256a-6020-4333-b4e5-fa52d7f23c88"
        ],
        "Accept-Language": [
          "en-US"
        ],
        "User-Agent": [
          "FxVersion/4.700.22.55902",
          "OSName/Windows",
          "OSVersion/Microsoft.Windows.10.0.22621",
          "Microsoft.Azure.Management.Sql.SqlManagementClient/4.3.0"
        ]
      },
      "RequestBody": "",
      "ResponseHeaders": {
        "Cache-Control": [
          "no-cache"
        ],
        "Pragma": [
          "no-cache"
        ],
        "x-ms-request-id": [
          "3e1d9769-76ba-4fe6-bfea-ec8e569d034a"
        ],
        "Server": [
          "Microsoft-HTTPAPI/2.0"
        ],
        "x-ms-ratelimit-remaining-subscription-reads": [
          "11984"
        ],
        "x-ms-correlation-request-id": [
          "d4f0f231-bbe0-4855-96fa-8a34843f3cb5"
        ],
        "x-ms-routing-request-id": [
          "WESTCENTRALUS:20230217T210108Z:d4f0f231-bbe0-4855-96fa-8a34843f3cb5"
        ],
        "Strict-Transport-Security": [
          "max-age=31536000; includeSubDomains"
        ],
        "X-Content-Type-Options": [
          "nosniff"
        ],
        "Date": [
          "Fri, 17 Feb 2023 21:01:08 GMT"
        ],
        "Content-Length": [
          "455"
        ],
        "Content-Type": [
          "application/json; charset=utf-8"
        ],
        "Expires": [
          "-1"
        ]
      },
      "ResponseBody": "{\r\n  \"kind\": \"v12.0\",\r\n  \"properties\": {\r\n    \"administratorLogin\": \"testusername\",\r\n    \"version\": \"12.0\",\r\n    \"state\": \"Ready\",\r\n    \"fullyQualifiedDomainName\": \"ps2860.database.windows.net\",\r\n    \"privateEndpointConnections\": [],\r\n    \"publicNetworkAccess\": \"Enabled\",\r\n    \"restrictOutboundNetworkAccess\": \"Disabled\"\r\n  },\r\n  \"location\": \"westeurope\",\r\n  \"id\": \"/subscriptions/2c647056-bab2-4175-b172-493ff049eb29/resourceGroups/ps6228/providers/Microsoft.Sql/servers/ps2860\",\r\n  \"name\": \"ps2860\",\r\n  \"type\": \"Microsoft.Sql/servers\"\r\n}",
      "StatusCode": 200
    },
    {
      "RequestUri": "/subscriptions/2c647056-bab2-4175-b172-493ff049eb29/resourceGroups/ps6228/providers/Microsoft.Sql/servers/ps2860?api-version=2021-02-01-preview",
      "EncodedRequestUri": "L3N1YnNjcmlwdGlvbnMvMmM2NDcwNTYtYmFiMi00MTc1LWIxNzItNDkzZmYwNDllYjI5L3Jlc291cmNlR3JvdXBzL3BzNjIyOC9wcm92aWRlcnMvTWljcm9zb2Z0LlNxbC9zZXJ2ZXJzL3BzMjg2MD9hcGktdmVyc2lvbj0yMDIxLTAyLTAxLXByZXZpZXc=",
      "RequestMethod": "PUT",
      "RequestHeaders": {
        "x-ms-client-request-id": [
          "c571f463-3ab4-413d-a12b-b42805e18701"
        ],
        "Accept-Language": [
          "en-US"
        ],
        "User-Agent": [
          "FxVersion/4.700.22.55902",
          "OSName/Windows",
          "OSVersion/Microsoft.Windows.10.0.22621",
          "Microsoft.Azure.Management.Sql.SqlManagementClient/4.3.0"
        ],
        "Content-Type": [
          "application/json; charset=utf-8"
        ],
        "Content-Length": [
          "154"
        ]
      },
      "RequestBody": "{\r\n  \"properties\": {\r\n    \"administratorLogin\": \"testusername\",\r\n    \"administratorLoginPassword\": \"t357ingP@s5w0rd!\"\r\n  },\r\n  \"location\": \"westeurope\"\r\n}",
      "ResponseHeaders": {
        "Cache-Control": [
          "no-cache"
        ],
        "Pragma": [
          "no-cache"
        ],
        "Location": [
          "https://management.azure.com/subscriptions/2c647056-bab2-4175-b172-493ff049eb29/resourceGroups/ps6228/providers/Microsoft.Sql/locations/westeurope/serverOperationResults/43e59cb0-9937-4a17-82d8-67175fce22a0?api-version=2021-02-01-preview"
        ],
        "Retry-After": [
          "1"
        ],
        "Azure-AsyncOperation": [
          "https://management.azure.com/subscriptions/2c647056-bab2-4175-b172-493ff049eb29/resourceGroups/ps6228/providers/Microsoft.Sql/locations/westeurope/serverAzureAsyncOperation/43e59cb0-9937-4a17-82d8-67175fce22a0?api-version=2021-02-01-preview"
        ],
        "x-ms-request-id": [
          "43e59cb0-9937-4a17-82d8-67175fce22a0"
        ],
        "Server": [
          "Microsoft-HTTPAPI/2.0"
        ],
        "x-ms-ratelimit-remaining-subscription-writes": [
          "1199"
        ],
        "x-ms-correlation-request-id": [
          "77687c25-d89c-49c2-8754-19ddfcf4f9ce"
        ],
        "x-ms-routing-request-id": [
          "WESTCENTRALUS:20230217T205724Z:77687c25-d89c-49c2-8754-19ddfcf4f9ce"
        ],
        "Strict-Transport-Security": [
          "max-age=31536000; includeSubDomains"
        ],
        "X-Content-Type-Options": [
          "nosniff"
        ],
        "Date": [
          "Fri, 17 Feb 2023 20:57:23 GMT"
        ],
        "Content-Length": [
          "72"
        ],
        "Content-Type": [
          "application/json; charset=utf-8"
        ],
        "Expires": [
          "-1"
        ]
      },
      "ResponseBody": "{\r\n  \"operation\": \"UpsertLogicalServer\",\r\n  \"startTime\": \"2023-02-17T20:57:24.4Z\"\r\n}",
      "StatusCode": 202
    },
    {
      "RequestUri": "/subscriptions/2c647056-bab2-4175-b172-493ff049eb29/resourceGroups/ps6228/providers/Microsoft.Sql/locations/westeurope/serverAzureAsyncOperation/43e59cb0-9937-4a17-82d8-67175fce22a0?api-version=2021-02-01-preview",
      "EncodedRequestUri": "L3N1YnNjcmlwdGlvbnMvMmM2NDcwNTYtYmFiMi00MTc1LWIxNzItNDkzZmYwNDllYjI5L3Jlc291cmNlR3JvdXBzL3BzNjIyOC9wcm92aWRlcnMvTWljcm9zb2Z0LlNxbC9sb2NhdGlvbnMvd2VzdGV1cm9wZS9zZXJ2ZXJBenVyZUFzeW5jT3BlcmF0aW9uLzQzZTU5Y2IwLTk5MzctNGExNy04MmQ4LTY3MTc1ZmNlMjJhMD9hcGktdmVyc2lvbj0yMDIxLTAyLTAxLXByZXZpZXc=",
      "RequestMethod": "GET",
      "RequestHeaders": {
        "x-ms-client-request-id": [
          "c571f463-3ab4-413d-a12b-b42805e18701"
        ],
        "User-Agent": [
          "FxVersion/4.700.22.55902",
          "OSName/Windows",
          "OSVersion/Microsoft.Windows.10.0.22621",
          "Microsoft.Azure.Management.Sql.SqlManagementClient/4.3.0"
        ]
      },
      "RequestBody": "",
      "ResponseHeaders": {
        "Cache-Control": [
          "no-cache"
        ],
        "Pragma": [
          "no-cache"
        ],
        "Retry-After": [
          "1"
        ],
        "x-ms-request-id": [
          "b9ef9954-6087-479e-877a-54efebc1a3b2"
        ],
        "Server": [
          "Microsoft-HTTPAPI/2.0"
        ],
        "x-ms-ratelimit-remaining-subscription-reads": [
          "11998"
        ],
        "x-ms-correlation-request-id": [
          "446666af-b9d4-4e2a-a7b8-e638f2c21c5a"
        ],
        "x-ms-routing-request-id": [
          "WESTCENTRALUS:20230217T205725Z:446666af-b9d4-4e2a-a7b8-e638f2c21c5a"
        ],
        "Strict-Transport-Security": [
          "max-age=31536000; includeSubDomains"
        ],
        "X-Content-Type-Options": [
          "nosniff"
        ],
        "Date": [
          "Fri, 17 Feb 2023 20:57:25 GMT"
        ],
        "Content-Length": [
          "106"
        ],
        "Content-Type": [
          "application/json; charset=utf-8"
        ],
        "Expires": [
          "-1"
        ]
      },
      "ResponseBody": "{\r\n  \"name\": \"43e59cb0-9937-4a17-82d8-67175fce22a0\",\r\n  \"status\": \"InProgress\",\r\n  \"startTime\": \"2023-02-17T20:57:24.4Z\"\r\n}",
      "StatusCode": 200
    },
    {
      "RequestUri": "/subscriptions/2c647056-bab2-4175-b172-493ff049eb29/resourceGroups/ps6228/providers/Microsoft.Sql/locations/westeurope/serverAzureAsyncOperation/43e59cb0-9937-4a17-82d8-67175fce22a0?api-version=2021-02-01-preview",
      "EncodedRequestUri": "L3N1YnNjcmlwdGlvbnMvMmM2NDcwNTYtYmFiMi00MTc1LWIxNzItNDkzZmYwNDllYjI5L3Jlc291cmNlR3JvdXBzL3BzNjIyOC9wcm92aWRlcnMvTWljcm9zb2Z0LlNxbC9sb2NhdGlvbnMvd2VzdGV1cm9wZS9zZXJ2ZXJBenVyZUFzeW5jT3BlcmF0aW9uLzQzZTU5Y2IwLTk5MzctNGExNy04MmQ4LTY3MTc1ZmNlMjJhMD9hcGktdmVyc2lvbj0yMDIxLTAyLTAxLXByZXZpZXc=",
      "RequestMethod": "GET",
      "RequestHeaders": {
        "x-ms-client-request-id": [
          "c571f463-3ab4-413d-a12b-b42805e18701"
        ],
        "User-Agent": [
          "FxVersion/4.700.22.55902",
          "OSName/Windows",
          "OSVersion/Microsoft.Windows.10.0.22621",
          "Microsoft.Azure.Management.Sql.SqlManagementClient/4.3.0"
        ]
      },
      "RequestBody": "",
      "ResponseHeaders": {
        "Cache-Control": [
          "no-cache"
        ],
        "Pragma": [
          "no-cache"
        ],
        "Retry-After": [
          "1"
        ],
        "x-ms-request-id": [
          "09ea969d-ca42-4515-9109-f61b99d3bbe5"
        ],
        "Server": [
          "Microsoft-HTTPAPI/2.0"
        ],
        "x-ms-ratelimit-remaining-subscription-reads": [
          "11997"
        ],
        "x-ms-correlation-request-id": [
          "e53c7392-2a11-4830-8339-1b82ff2410eb"
        ],
        "x-ms-routing-request-id": [
          "WESTCENTRALUS:20230217T205726Z:e53c7392-2a11-4830-8339-1b82ff2410eb"
        ],
        "Strict-Transport-Security": [
          "max-age=31536000; includeSubDomains"
        ],
        "X-Content-Type-Options": [
          "nosniff"
        ],
        "Date": [
          "Fri, 17 Feb 2023 20:57:26 GMT"
        ],
        "Content-Length": [
          "106"
        ],
        "Content-Type": [
          "application/json; charset=utf-8"
        ],
        "Expires": [
          "-1"
        ]
      },
      "ResponseBody": "{\r\n  \"name\": \"43e59cb0-9937-4a17-82d8-67175fce22a0\",\r\n  \"status\": \"InProgress\",\r\n  \"startTime\": \"2023-02-17T20:57:24.4Z\"\r\n}",
      "StatusCode": 200
    },
    {
      "RequestUri": "/subscriptions/2c647056-bab2-4175-b172-493ff049eb29/resourceGroups/ps6228/providers/Microsoft.Sql/locations/westeurope/serverAzureAsyncOperation/43e59cb0-9937-4a17-82d8-67175fce22a0?api-version=2021-02-01-preview",
      "EncodedRequestUri": "L3N1YnNjcmlwdGlvbnMvMmM2NDcwNTYtYmFiMi00MTc1LWIxNzItNDkzZmYwNDllYjI5L3Jlc291cmNlR3JvdXBzL3BzNjIyOC9wcm92aWRlcnMvTWljcm9zb2Z0LlNxbC9sb2NhdGlvbnMvd2VzdGV1cm9wZS9zZXJ2ZXJBenVyZUFzeW5jT3BlcmF0aW9uLzQzZTU5Y2IwLTk5MzctNGExNy04MmQ4LTY3MTc1ZmNlMjJhMD9hcGktdmVyc2lvbj0yMDIxLTAyLTAxLXByZXZpZXc=",
      "RequestMethod": "GET",
      "RequestHeaders": {
        "x-ms-client-request-id": [
          "c571f463-3ab4-413d-a12b-b42805e18701"
        ],
        "User-Agent": [
          "FxVersion/4.700.22.55902",
          "OSName/Windows",
          "OSVersion/Microsoft.Windows.10.0.22621",
          "Microsoft.Azure.Management.Sql.SqlManagementClient/4.3.0"
        ]
      },
      "RequestBody": "",
      "ResponseHeaders": {
        "Cache-Control": [
          "no-cache"
        ],
        "Pragma": [
          "no-cache"
        ],
        "Retry-After": [
          "1"
        ],
        "x-ms-request-id": [
          "f154e03f-db11-415e-be58-cc46a18e5433"
        ],
        "Server": [
          "Microsoft-HTTPAPI/2.0"
        ],
        "x-ms-ratelimit-remaining-subscription-reads": [
          "11996"
        ],
        "x-ms-correlation-request-id": [
          "6bfdb50d-1771-43a8-a3ed-1e5056e2ff87"
        ],
        "x-ms-routing-request-id": [
          "WESTCENTRALUS:20230217T205728Z:6bfdb50d-1771-43a8-a3ed-1e5056e2ff87"
        ],
        "Strict-Transport-Security": [
          "max-age=31536000; includeSubDomains"
        ],
        "X-Content-Type-Options": [
          "nosniff"
        ],
        "Date": [
          "Fri, 17 Feb 2023 20:57:28 GMT"
        ],
        "Content-Length": [
          "106"
        ],
        "Content-Type": [
          "application/json; charset=utf-8"
        ],
        "Expires": [
          "-1"
        ]
      },
      "ResponseBody": "{\r\n  \"name\": \"43e59cb0-9937-4a17-82d8-67175fce22a0\",\r\n  \"status\": \"InProgress\",\r\n  \"startTime\": \"2023-02-17T20:57:24.4Z\"\r\n}",
      "StatusCode": 200
    },
    {
      "RequestUri": "/subscriptions/2c647056-bab2-4175-b172-493ff049eb29/resourceGroups/ps6228/providers/Microsoft.Sql/locations/westeurope/serverAzureAsyncOperation/43e59cb0-9937-4a17-82d8-67175fce22a0?api-version=2021-02-01-preview",
      "EncodedRequestUri": "L3N1YnNjcmlwdGlvbnMvMmM2NDcwNTYtYmFiMi00MTc1LWIxNzItNDkzZmYwNDllYjI5L3Jlc291cmNlR3JvdXBzL3BzNjIyOC9wcm92aWRlcnMvTWljcm9zb2Z0LlNxbC9sb2NhdGlvbnMvd2VzdGV1cm9wZS9zZXJ2ZXJBenVyZUFzeW5jT3BlcmF0aW9uLzQzZTU5Y2IwLTk5MzctNGExNy04MmQ4LTY3MTc1ZmNlMjJhMD9hcGktdmVyc2lvbj0yMDIxLTAyLTAxLXByZXZpZXc=",
      "RequestMethod": "GET",
      "RequestHeaders": {
        "x-ms-client-request-id": [
          "c571f463-3ab4-413d-a12b-b42805e18701"
        ],
        "User-Agent": [
          "FxVersion/4.700.22.55902",
          "OSName/Windows",
          "OSVersion/Microsoft.Windows.10.0.22621",
          "Microsoft.Azure.Management.Sql.SqlManagementClient/4.3.0"
        ]
      },
      "RequestBody": "",
      "ResponseHeaders": {
        "Cache-Control": [
          "no-cache"
        ],
        "Pragma": [
          "no-cache"
        ],
        "Retry-After": [
          "1"
        ],
        "x-ms-request-id": [
          "0ba00686-a073-46c2-8c6c-91f6a1e2d673"
        ],
        "Server": [
          "Microsoft-HTTPAPI/2.0"
        ],
        "x-ms-ratelimit-remaining-subscription-reads": [
          "11995"
        ],
        "x-ms-correlation-request-id": [
          "abf03a6e-9021-4adf-9e8e-e71f138ed627"
        ],
        "x-ms-routing-request-id": [
          "WESTCENTRALUS:20230217T205729Z:abf03a6e-9021-4adf-9e8e-e71f138ed627"
        ],
        "Strict-Transport-Security": [
          "max-age=31536000; includeSubDomains"
        ],
        "X-Content-Type-Options": [
          "nosniff"
        ],
        "Date": [
          "Fri, 17 Feb 2023 20:57:29 GMT"
        ],
        "Content-Length": [
          "106"
        ],
        "Content-Type": [
          "application/json; charset=utf-8"
        ],
        "Expires": [
          "-1"
        ]
      },
      "ResponseBody": "{\r\n  \"name\": \"43e59cb0-9937-4a17-82d8-67175fce22a0\",\r\n  \"status\": \"InProgress\",\r\n  \"startTime\": \"2023-02-17T20:57:24.4Z\"\r\n}",
      "StatusCode": 200
    },
    {
      "RequestUri": "/subscriptions/2c647056-bab2-4175-b172-493ff049eb29/resourceGroups/ps6228/providers/Microsoft.Sql/locations/westeurope/serverAzureAsyncOperation/43e59cb0-9937-4a17-82d8-67175fce22a0?api-version=2021-02-01-preview",
      "EncodedRequestUri": "L3N1YnNjcmlwdGlvbnMvMmM2NDcwNTYtYmFiMi00MTc1LWIxNzItNDkzZmYwNDllYjI5L3Jlc291cmNlR3JvdXBzL3BzNjIyOC9wcm92aWRlcnMvTWljcm9zb2Z0LlNxbC9sb2NhdGlvbnMvd2VzdGV1cm9wZS9zZXJ2ZXJBenVyZUFzeW5jT3BlcmF0aW9uLzQzZTU5Y2IwLTk5MzctNGExNy04MmQ4LTY3MTc1ZmNlMjJhMD9hcGktdmVyc2lvbj0yMDIxLTAyLTAxLXByZXZpZXc=",
      "RequestMethod": "GET",
      "RequestHeaders": {
        "x-ms-client-request-id": [
          "c571f463-3ab4-413d-a12b-b42805e18701"
        ],
        "User-Agent": [
          "FxVersion/4.700.22.55902",
          "OSName/Windows",
          "OSVersion/Microsoft.Windows.10.0.22621",
          "Microsoft.Azure.Management.Sql.SqlManagementClient/4.3.0"
        ]
      },
      "RequestBody": "",
      "ResponseHeaders": {
        "Cache-Control": [
          "no-cache"
        ],
        "Pragma": [
          "no-cache"
        ],
        "Retry-After": [
          "20"
        ],
        "x-ms-request-id": [
          "4ec09aca-274d-4903-bf67-604ca4b54e6c"
        ],
        "Server": [
          "Microsoft-HTTPAPI/2.0"
        ],
        "x-ms-ratelimit-remaining-subscription-reads": [
          "11994"
        ],
        "x-ms-correlation-request-id": [
          "9417b6ac-bb75-4c87-ae03-cfbb3a03b49c"
        ],
        "x-ms-routing-request-id": [
          "WESTCENTRALUS:20230217T205730Z:9417b6ac-bb75-4c87-ae03-cfbb3a03b49c"
        ],
        "Strict-Transport-Security": [
          "max-age=31536000; includeSubDomains"
        ],
        "X-Content-Type-Options": [
          "nosniff"
        ],
        "Date": [
          "Fri, 17 Feb 2023 20:57:30 GMT"
        ],
        "Content-Length": [
          "106"
        ],
        "Content-Type": [
          "application/json; charset=utf-8"
        ],
        "Expires": [
          "-1"
        ]
      },
      "ResponseBody": "{\r\n  \"name\": \"43e59cb0-9937-4a17-82d8-67175fce22a0\",\r\n  \"status\": \"InProgress\",\r\n  \"startTime\": \"2023-02-17T20:57:24.4Z\"\r\n}",
      "StatusCode": 200
    },
    {
      "RequestUri": "/subscriptions/2c647056-bab2-4175-b172-493ff049eb29/resourceGroups/ps6228/providers/Microsoft.Sql/locations/westeurope/serverAzureAsyncOperation/43e59cb0-9937-4a17-82d8-67175fce22a0?api-version=2021-02-01-preview",
      "EncodedRequestUri": "L3N1YnNjcmlwdGlvbnMvMmM2NDcwNTYtYmFiMi00MTc1LWIxNzItNDkzZmYwNDllYjI5L3Jlc291cmNlR3JvdXBzL3BzNjIyOC9wcm92aWRlcnMvTWljcm9zb2Z0LlNxbC9sb2NhdGlvbnMvd2VzdGV1cm9wZS9zZXJ2ZXJBenVyZUFzeW5jT3BlcmF0aW9uLzQzZTU5Y2IwLTk5MzctNGExNy04MmQ4LTY3MTc1ZmNlMjJhMD9hcGktdmVyc2lvbj0yMDIxLTAyLTAxLXByZXZpZXc=",
      "RequestMethod": "GET",
      "RequestHeaders": {
        "x-ms-client-request-id": [
          "c571f463-3ab4-413d-a12b-b42805e18701"
        ],
        "User-Agent": [
          "FxVersion/4.700.22.55902",
          "OSName/Windows",
          "OSVersion/Microsoft.Windows.10.0.22621",
          "Microsoft.Azure.Management.Sql.SqlManagementClient/4.3.0"
        ]
      },
      "RequestBody": "",
      "ResponseHeaders": {
        "Cache-Control": [
          "no-cache"
        ],
        "Pragma": [
          "no-cache"
        ],
        "Retry-After": [
          "20"
        ],
        "x-ms-request-id": [
          "a73ac067-a450-40b2-b1c8-3122b48e3383"
        ],
        "Server": [
          "Microsoft-HTTPAPI/2.0"
        ],
        "x-ms-ratelimit-remaining-subscription-reads": [
          "11993"
        ],
        "x-ms-correlation-request-id": [
          "aad1cb5e-c70a-4614-a4bc-f049e0234669"
        ],
        "x-ms-routing-request-id": [
          "WESTCENTRALUS:20230217T205750Z:aad1cb5e-c70a-4614-a4bc-f049e0234669"
        ],
        "Strict-Transport-Security": [
          "max-age=31536000; includeSubDomains"
        ],
        "X-Content-Type-Options": [
          "nosniff"
        ],
        "Date": [
          "Fri, 17 Feb 2023 20:57:50 GMT"
        ],
        "Content-Length": [
          "106"
        ],
        "Content-Type": [
          "application/json; charset=utf-8"
        ],
        "Expires": [
          "-1"
        ]
      },
      "ResponseBody": "{\r\n  \"name\": \"43e59cb0-9937-4a17-82d8-67175fce22a0\",\r\n  \"status\": \"InProgress\",\r\n  \"startTime\": \"2023-02-17T20:57:24.4Z\"\r\n}",
      "StatusCode": 200
    },
    {
      "RequestUri": "/subscriptions/2c647056-bab2-4175-b172-493ff049eb29/resourceGroups/ps6228/providers/Microsoft.Sql/locations/westeurope/serverAzureAsyncOperation/43e59cb0-9937-4a17-82d8-67175fce22a0?api-version=2021-02-01-preview",
      "EncodedRequestUri": "L3N1YnNjcmlwdGlvbnMvMmM2NDcwNTYtYmFiMi00MTc1LWIxNzItNDkzZmYwNDllYjI5L3Jlc291cmNlR3JvdXBzL3BzNjIyOC9wcm92aWRlcnMvTWljcm9zb2Z0LlNxbC9sb2NhdGlvbnMvd2VzdGV1cm9wZS9zZXJ2ZXJBenVyZUFzeW5jT3BlcmF0aW9uLzQzZTU5Y2IwLTk5MzctNGExNy04MmQ4LTY3MTc1ZmNlMjJhMD9hcGktdmVyc2lvbj0yMDIxLTAyLTAxLXByZXZpZXc=",
      "RequestMethod": "GET",
      "RequestHeaders": {
        "x-ms-client-request-id": [
          "c571f463-3ab4-413d-a12b-b42805e18701"
        ],
        "User-Agent": [
          "FxVersion/4.700.22.55902",
          "OSName/Windows",
          "OSVersion/Microsoft.Windows.10.0.22621",
          "Microsoft.Azure.Management.Sql.SqlManagementClient/4.3.0"
        ]
      },
      "RequestBody": "",
      "ResponseHeaders": {
        "Cache-Control": [
          "no-cache"
        ],
        "Pragma": [
          "no-cache"
        ],
        "Retry-After": [
          "20"
        ],
        "x-ms-request-id": [
          "bce374e9-1d72-426b-809f-b1ab857d8828"
        ],
        "Server": [
          "Microsoft-HTTPAPI/2.0"
        ],
        "x-ms-ratelimit-remaining-subscription-reads": [
          "11992"
        ],
        "x-ms-correlation-request-id": [
          "c24d30d4-ec6f-4b82-8bc0-27b1ca444f3f"
        ],
        "x-ms-routing-request-id": [
          "WESTCENTRALUS:20230217T205810Z:c24d30d4-ec6f-4b82-8bc0-27b1ca444f3f"
        ],
        "Strict-Transport-Security": [
          "max-age=31536000; includeSubDomains"
        ],
        "X-Content-Type-Options": [
          "nosniff"
        ],
        "Date": [
          "Fri, 17 Feb 2023 20:58:10 GMT"
        ],
        "Content-Length": [
          "106"
        ],
        "Content-Type": [
          "application/json; charset=utf-8"
        ],
        "Expires": [
          "-1"
        ]
      },
      "ResponseBody": "{\r\n  \"name\": \"43e59cb0-9937-4a17-82d8-67175fce22a0\",\r\n  \"status\": \"InProgress\",\r\n  \"startTime\": \"2023-02-17T20:57:24.4Z\"\r\n}",
      "StatusCode": 200
    },
    {
      "RequestUri": "/subscriptions/2c647056-bab2-4175-b172-493ff049eb29/resourceGroups/ps6228/providers/Microsoft.Sql/locations/westeurope/serverAzureAsyncOperation/43e59cb0-9937-4a17-82d8-67175fce22a0?api-version=2021-02-01-preview",
      "EncodedRequestUri": "L3N1YnNjcmlwdGlvbnMvMmM2NDcwNTYtYmFiMi00MTc1LWIxNzItNDkzZmYwNDllYjI5L3Jlc291cmNlR3JvdXBzL3BzNjIyOC9wcm92aWRlcnMvTWljcm9zb2Z0LlNxbC9sb2NhdGlvbnMvd2VzdGV1cm9wZS9zZXJ2ZXJBenVyZUFzeW5jT3BlcmF0aW9uLzQzZTU5Y2IwLTk5MzctNGExNy04MmQ4LTY3MTc1ZmNlMjJhMD9hcGktdmVyc2lvbj0yMDIxLTAyLTAxLXByZXZpZXc=",
      "RequestMethod": "GET",
      "RequestHeaders": {
        "x-ms-client-request-id": [
          "c571f463-3ab4-413d-a12b-b42805e18701"
        ],
        "User-Agent": [
          "FxVersion/4.700.22.55902",
          "OSName/Windows",
          "OSVersion/Microsoft.Windows.10.0.22621",
          "Microsoft.Azure.Management.Sql.SqlManagementClient/4.3.0"
        ]
      },
      "RequestBody": "",
      "ResponseHeaders": {
        "Cache-Control": [
          "no-cache"
        ],
        "Pragma": [
          "no-cache"
        ],
        "Retry-After": [
          "15"
        ],
        "x-ms-request-id": [
          "2bee3a18-262a-49dc-8736-a69e073b8582"
        ],
        "Server": [
          "Microsoft-HTTPAPI/2.0"
        ],
        "x-ms-ratelimit-remaining-subscription-reads": [
          "11991"
        ],
        "x-ms-correlation-request-id": [
          "607e9d16-f76f-47ab-97be-b197c3882aae"
        ],
        "x-ms-routing-request-id": [
          "WESTCENTRALUS:20230217T205831Z:607e9d16-f76f-47ab-97be-b197c3882aae"
        ],
        "Strict-Transport-Security": [
          "max-age=31536000; includeSubDomains"
        ],
        "X-Content-Type-Options": [
          "nosniff"
        ],
        "Date": [
          "Fri, 17 Feb 2023 20:58:30 GMT"
        ],
        "Content-Length": [
          "105"
        ],
        "Content-Type": [
          "application/json; charset=utf-8"
        ],
        "Expires": [
          "-1"
        ]
      },
      "ResponseBody": "{\r\n  \"name\": \"43e59cb0-9937-4a17-82d8-67175fce22a0\",\r\n  \"status\": \"Succeeded\",\r\n  \"startTime\": \"2023-02-17T20:57:24.4Z\"\r\n}",
      "StatusCode": 200
    },
    {
      "RequestUri": "/subscriptions/2c647056-bab2-4175-b172-493ff049eb29/resourceGroups/ps6228/providers/Microsoft.Sql/servers/ps2860/databases/ps8598?api-version=2022-08-01-preview",
      "EncodedRequestUri": "L3N1YnNjcmlwdGlvbnMvMmM2NDcwNTYtYmFiMi00MTc1LWIxNzItNDkzZmYwNDllYjI5L3Jlc291cmNlR3JvdXBzL3BzNjIyOC9wcm92aWRlcnMvTWljcm9zb2Z0LlNxbC9zZXJ2ZXJzL3BzMjg2MC9kYXRhYmFzZXMvcHM4NTk4P2FwaS12ZXJzaW9uPTIwMjItMDgtMDEtcHJldmlldw==",
      "RequestMethod": "GET",
      "RequestHeaders": {
        "x-ms-client-request-id": [
          "01fcf721-698e-42b0-84b5-8cf019d9b2a8"
        ],
        "Accept-Language": [
          "en-US"
        ],
        "User-Agent": [
          "FxVersion/4.700.22.55902",
          "OSName/Windows",
          "OSVersion/Microsoft.Windows.10.0.22621",
          "Microsoft.Azure.Management.Sql.SqlManagementClient/4.3.0"
        ]
      },
      "RequestBody": "",
      "ResponseHeaders": {
        "Cache-Control": [
          "no-cache"
        ],
        "Pragma": [
          "no-cache"
        ],
        "x-ms-failure-cause": [
          "gateway"
        ],
        "x-ms-request-id": [
          "68fd9d6d-7f72-488e-856f-00112442f3c8"
        ],
        "x-ms-correlation-request-id": [
          "68fd9d6d-7f72-488e-856f-00112442f3c8"
        ],
        "x-ms-routing-request-id": [
          "WESTCENTRALUS:20230217T205831Z:68fd9d6d-7f72-488e-856f-00112442f3c8"
        ],
        "Strict-Transport-Security": [
          "max-age=31536000; includeSubDomains"
        ],
        "X-Content-Type-Options": [
          "nosniff"
        ],
        "Date": [
          "Fri, 17 Feb 2023 20:58:31 GMT"
        ],
        "Content-Type": [
          "application/json; charset=utf-8"
        ],
        "Expires": [
          "-1"
        ],
        "Content-Length": [
          "223"
        ]
      },
      "ResponseBody": "{\r\n  \"error\": {\r\n    \"code\": \"ResourceNotFound\",\r\n    \"message\": \"The Resource 'Microsoft.Sql/servers/ps2860/databases/ps8598' under resource group 'ps6228' was not found. For more details please go to https://aka.ms/ARMResourceNotFoundFix\"\r\n  }\r\n}",
      "StatusCode": 404
    },
    {
      "RequestUri": "/subscriptions/2c647056-bab2-4175-b172-493ff049eb29/resourceGroups/ps6228/providers/Microsoft.Sql/servers/ps2860/databases/ps8598?api-version=2022-08-01-preview",
      "EncodedRequestUri": "L3N1YnNjcmlwdGlvbnMvMmM2NDcwNTYtYmFiMi00MTc1LWIxNzItNDkzZmYwNDllYjI5L3Jlc291cmNlR3JvdXBzL3BzNjIyOC9wcm92aWRlcnMvTWljcm9zb2Z0LlNxbC9zZXJ2ZXJzL3BzMjg2MC9kYXRhYmFzZXMvcHM4NTk4P2FwaS12ZXJzaW9uPTIwMjItMDgtMDEtcHJldmlldw==",
      "RequestMethod": "GET",
      "RequestHeaders": {
        "x-ms-client-request-id": [
          "01fcf721-698e-42b0-84b5-8cf019d9b2a8"
        ],
        "User-Agent": [
          "FxVersion/4.700.22.55902",
          "OSName/Windows",
          "OSVersion/Microsoft.Windows.10.0.22621",
          "Microsoft.Azure.Management.Sql.SqlManagementClient/4.3.0"
        ]
      },
      "RequestBody": "",
      "ResponseHeaders": {
        "Cache-Control": [
          "no-cache"
        ],
        "Pragma": [
          "no-cache"
        ],
        "x-ms-request-id": [
          "06664a9e-f947-4511-afb7-6f74bae99815"
        ],
        "Server": [
          "Microsoft-HTTPAPI/2.0"
        ],
        "x-ms-ratelimit-remaining-subscription-reads": [
          "11988"
        ],
        "x-ms-correlation-request-id": [
          "efbd665a-7b6f-405b-959f-8c1d2bfc2c1c"
        ],
        "x-ms-routing-request-id": [
          "WESTCENTRALUS:20230217T205949Z:efbd665a-7b6f-405b-959f-8c1d2bfc2c1c"
        ],
        "Strict-Transport-Security": [
          "max-age=31536000; includeSubDomains"
        ],
        "X-Content-Type-Options": [
          "nosniff"
        ],
        "Date": [
          "Fri, 17 Feb 2023 20:59:49 GMT"
        ],
        "Content-Length": [
          "1214"
        ],
        "Content-Type": [
          "application/json; charset=utf-8"
        ],
        "Expires": [
          "-1"
        ]
      },
      "ResponseBody": "{\r\n  \"sku\": {\r\n    \"name\": \"GP_Gen5\",\r\n    \"tier\": \"GeneralPurpose\",\r\n    \"family\": \"Gen5\",\r\n    \"capacity\": 2\r\n  },\r\n  \"kind\": \"v12.0,user,vcore\",\r\n  \"properties\": {\r\n    \"collation\": \"SQL_Latin1_General_CP1_CI_AS\",\r\n    \"maxSizeBytes\": 1073741824,\r\n    \"status\": \"Online\",\r\n    \"databaseId\": \"d8a8e1cb-eab7-4973-b597-bcf3ce093d12\",\r\n    \"creationDate\": \"2023-02-17T20:59:46.707Z\",\r\n    \"currentServiceObjectiveName\": \"GP_Gen5_2\",\r\n    \"requestedServiceObjectiveName\": \"GP_Gen5_2\",\r\n    \"defaultSecondaryLocation\": \"northeurope\",\r\n    \"catalogCollation\": \"SQL_Latin1_General_CP1_CI_AS\",\r\n    \"zoneRedundant\": false,\r\n    \"licenseType\": \"LicenseIncluded\",\r\n    \"maxLogSizeBytes\": 193273528320,\r\n    \"readScale\": \"Disabled\",\r\n    \"currentSku\": {\r\n      \"name\": \"GP_Gen5\",\r\n      \"tier\": \"GeneralPurpose\",\r\n      \"family\": \"Gen5\",\r\n      \"capacity\": 2\r\n    },\r\n    \"currentBackupStorageRedundancy\": \"Geo\",\r\n    \"requestedBackupStorageRedundancy\": \"Geo\",\r\n    \"maintenanceConfigurationId\": \"/subscriptions/2c647056-bab2-4175-b172-493ff049eb29/providers/Microsoft.Maintenance/publicMaintenanceConfigurations/SQL_Default\",\r\n    \"isLedgerOn\": false,\r\n    \"isInfraEncryptionEnabled\": false,\r\n    \"availabilityZone\": \"NoPreference\"\r\n  },\r\n  \"location\": \"westeurope\",\r\n  \"id\": \"/subscriptions/2c647056-bab2-4175-b172-493ff049eb29/resourceGroups/ps6228/providers/Microsoft.Sql/servers/ps2860/databases/ps8598\",\r\n  \"name\": \"ps8598\",\r\n  \"type\": \"Microsoft.Sql/servers/databases\"\r\n}",
      "StatusCode": 200
    },
    {
      "RequestUri": "/subscriptions/2c647056-bab2-4175-b172-493ff049eb29/resourceGroups/ps6228/providers/Microsoft.Sql/servers/ps2860/databases/ps8598?api-version=2022-08-01-preview",
      "EncodedRequestUri": "L3N1YnNjcmlwdGlvbnMvMmM2NDcwNTYtYmFiMi00MTc1LWIxNzItNDkzZmYwNDllYjI5L3Jlc291cmNlR3JvdXBzL3BzNjIyOC9wcm92aWRlcnMvTWljcm9zb2Z0LlNxbC9zZXJ2ZXJzL3BzMjg2MC9kYXRhYmFzZXMvcHM4NTk4P2FwaS12ZXJzaW9uPTIwMjItMDgtMDEtcHJldmlldw==",
      "RequestMethod": "GET",
      "RequestHeaders": {
        "x-ms-client-request-id": [
          "81d480a0-4892-4b41-a03a-20ec28186651"
        ],
        "Accept-Language": [
          "en-US"
        ],
        "User-Agent": [
          "FxVersion/4.700.22.55902",
          "OSName/Windows",
          "OSVersion/Microsoft.Windows.10.0.22621",
          "Microsoft.Azure.Management.Sql.SqlManagementClient/4.3.0"
        ]
      },
      "RequestBody": "",
      "ResponseHeaders": {
        "Cache-Control": [
          "no-cache"
        ],
        "Pragma": [
          "no-cache"
        ],
        "x-ms-request-id": [
          "98b71431-21de-4d39-bb41-8832c17b797a"
        ],
        "Server": [
          "Microsoft-HTTPAPI/2.0"
        ],
        "x-ms-ratelimit-remaining-subscription-reads": [
          "11999"
        ],
        "x-ms-correlation-request-id": [
          "3edb73ea-d475-4f24-9032-e5503daa18ba"
        ],
        "x-ms-routing-request-id": [
          "WESTUS:20230217T210604Z:3edb73ea-d475-4f24-9032-e5503daa18ba"
        ],
        "Strict-Transport-Security": [
          "max-age=31536000; includeSubDomains"
        ],
        "X-Content-Type-Options": [
          "nosniff"
        ],
        "Date": [
          "Fri, 17 Feb 2023 21:06:03 GMT"
        ],
        "Content-Length": [
          "1214"
        ],
        "Content-Type": [
          "application/json; charset=utf-8"
        ],
        "Expires": [
          "-1"
        ]
      },
      "ResponseBody": "{\r\n  \"sku\": {\r\n    \"name\": \"GP_Gen5\",\r\n    \"tier\": \"GeneralPurpose\",\r\n    \"family\": \"Gen5\",\r\n    \"capacity\": 2\r\n  },\r\n  \"kind\": \"v12.0,user,vcore\",\r\n  \"properties\": {\r\n    \"collation\": \"SQL_Latin1_General_CP1_CI_AS\",\r\n    \"maxSizeBytes\": 1073741824,\r\n    \"status\": \"Online\",\r\n    \"databaseId\": \"d8a8e1cb-eab7-4973-b597-bcf3ce093d12\",\r\n    \"creationDate\": \"2023-02-17T20:59:46.707Z\",\r\n    \"currentServiceObjectiveName\": \"GP_Gen5_2\",\r\n    \"requestedServiceObjectiveName\": \"GP_Gen5_2\",\r\n    \"defaultSecondaryLocation\": \"northeurope\",\r\n    \"catalogCollation\": \"SQL_Latin1_General_CP1_CI_AS\",\r\n    \"zoneRedundant\": false,\r\n    \"licenseType\": \"LicenseIncluded\",\r\n    \"maxLogSizeBytes\": 193273528320,\r\n    \"readScale\": \"Disabled\",\r\n    \"currentSku\": {\r\n      \"name\": \"GP_Gen5\",\r\n      \"tier\": \"GeneralPurpose\",\r\n      \"family\": \"Gen5\",\r\n      \"capacity\": 2\r\n    },\r\n    \"currentBackupStorageRedundancy\": \"Geo\",\r\n    \"requestedBackupStorageRedundancy\": \"Geo\",\r\n    \"maintenanceConfigurationId\": \"/subscriptions/2c647056-bab2-4175-b172-493ff049eb29/providers/Microsoft.Maintenance/publicMaintenanceConfigurations/SQL_Default\",\r\n    \"isLedgerOn\": false,\r\n    \"isInfraEncryptionEnabled\": false,\r\n    \"availabilityZone\": \"NoPreference\"\r\n  },\r\n  \"location\": \"westeurope\",\r\n  \"id\": \"/subscriptions/2c647056-bab2-4175-b172-493ff049eb29/resourceGroups/ps6228/providers/Microsoft.Sql/servers/ps2860/databases/ps8598\",\r\n  \"name\": \"ps8598\",\r\n  \"type\": \"Microsoft.Sql/servers/databases\"\r\n}",
      "StatusCode": 200
    },
    {
      "RequestUri": "/subscriptions/2c647056-bab2-4175-b172-493ff049eb29/resourceGroups/ps6228/providers/Microsoft.Sql/servers/ps2860/databases/ps8598?api-version=2022-08-01-preview",
      "EncodedRequestUri": "L3N1YnNjcmlwdGlvbnMvMmM2NDcwNTYtYmFiMi00MTc1LWIxNzItNDkzZmYwNDllYjI5L3Jlc291cmNlR3JvdXBzL3BzNjIyOC9wcm92aWRlcnMvTWljcm9zb2Z0LlNxbC9zZXJ2ZXJzL3BzMjg2MC9kYXRhYmFzZXMvcHM4NTk4P2FwaS12ZXJzaW9uPTIwMjItMDgtMDEtcHJldmlldw==",
      "RequestMethod": "PUT",
      "RequestHeaders": {
        "x-ms-client-request-id": [
          "01fcf721-698e-42b0-84b5-8cf019d9b2a8"
        ],
        "Accept-Language": [
          "en-US"
        ],
        "User-Agent": [
          "FxVersion/4.700.22.55902",
          "OSName/Windows",
          "OSVersion/Microsoft.Windows.10.0.22621",
          "Microsoft.Azure.Management.Sql.SqlManagementClient/4.3.0"
        ],
        "Content-Type": [
          "application/json; charset=utf-8"
        ],
        "Content-Length": [
          "128"
        ]
      },
      "RequestBody": "{\r\n  \"properties\": {\r\n    \"maxSizeBytes\": 1073741824,\r\n    \"readScale\": \"\",\r\n    \"keys\": {}\r\n  },\r\n  \"location\": \"westeurope\"\r\n}",
      "ResponseHeaders": {
        "Cache-Control": [
          "no-cache"
        ],
        "Pragma": [
          "no-cache"
        ],
        "Location": [
          "https://management.azure.com/subscriptions/2c647056-bab2-4175-b172-493ff049eb29/resourceGroups/ps6228/providers/Microsoft.Sql/locations/westeurope/databaseOperationResults/30caeb1d-7510-4671-ba87-f948291197bf?api-version=2022-08-01-preview"
        ],
        "Retry-After": [
          "15"
        ],
        "Azure-AsyncOperation": [
          "https://management.azure.com/subscriptions/2c647056-bab2-4175-b172-493ff049eb29/resourceGroups/ps6228/providers/Microsoft.Sql/locations/westeurope/databaseAzureAsyncOperation/30caeb1d-7510-4671-ba87-f948291197bf?api-version=2022-08-01-preview"
        ],
        "x-ms-request-id": [
          "30caeb1d-7510-4671-ba87-f948291197bf"
        ],
        "Server": [
          "Microsoft-HTTPAPI/2.0"
        ],
        "x-ms-ratelimit-remaining-subscription-writes": [
          "1199"
        ],
        "x-ms-correlation-request-id": [
          "44caf6a0-4d32-48e9-9aad-b8fb039d29d3"
        ],
        "x-ms-routing-request-id": [
          "WESTCENTRALUS:20230217T205833Z:44caf6a0-4d32-48e9-9aad-b8fb039d29d3"
        ],
        "Strict-Transport-Security": [
          "max-age=31536000; includeSubDomains"
        ],
        "X-Content-Type-Options": [
          "nosniff"
        ],
        "Date": [
          "Fri, 17 Feb 2023 20:58:32 GMT"
        ],
        "Content-Length": [
          "76"
        ],
        "Content-Type": [
          "application/json; charset=utf-8"
        ],
        "Expires": [
          "-1"
        ]
      },
      "ResponseBody": "{\r\n  \"operation\": \"CreateLogicalDatabase\",\r\n  \"startTime\": \"2023-02-17T20:58:32.957Z\"\r\n}",
      "StatusCode": 202
    },
    {
      "RequestUri": "/subscriptions/2c647056-bab2-4175-b172-493ff049eb29/resourceGroups/ps6228/providers/Microsoft.Sql/locations/westeurope/databaseAzureAsyncOperation/30caeb1d-7510-4671-ba87-f948291197bf?api-version=2022-08-01-preview",
      "EncodedRequestUri": "L3N1YnNjcmlwdGlvbnMvMmM2NDcwNTYtYmFiMi00MTc1LWIxNzItNDkzZmYwNDllYjI5L3Jlc291cmNlR3JvdXBzL3BzNjIyOC9wcm92aWRlcnMvTWljcm9zb2Z0LlNxbC9sb2NhdGlvbnMvd2VzdGV1cm9wZS9kYXRhYmFzZUF6dXJlQXN5bmNPcGVyYXRpb24vMzBjYWViMWQtNzUxMC00NjcxLWJhODctZjk0ODI5MTE5N2JmP2FwaS12ZXJzaW9uPTIwMjItMDgtMDEtcHJldmlldw==",
      "RequestMethod": "GET",
      "RequestHeaders": {
        "x-ms-client-request-id": [
          "01fcf721-698e-42b0-84b5-8cf019d9b2a8"
        ],
        "User-Agent": [
          "FxVersion/4.700.22.55902",
          "OSName/Windows",
          "OSVersion/Microsoft.Windows.10.0.22621",
          "Microsoft.Azure.Management.Sql.SqlManagementClient/4.3.0"
        ]
      },
      "RequestBody": "",
      "ResponseHeaders": {
        "Cache-Control": [
          "no-cache"
        ],
        "Pragma": [
          "no-cache"
        ],
        "Retry-After": [
          "15"
        ],
        "x-ms-request-id": [
          "4de0aa76-d9c2-476f-ac41-b7e46fc89e78"
        ],
        "Server": [
          "Microsoft-HTTPAPI/2.0"
        ],
        "x-ms-ratelimit-remaining-subscription-reads": [
          "11993"
        ],
        "x-ms-correlation-request-id": [
          "d9cdf815-26ac-41ae-bba6-3e19fcbe916a"
        ],
        "x-ms-routing-request-id": [
          "WESTCENTRALUS:20230217T205848Z:d9cdf815-26ac-41ae-bba6-3e19fcbe916a"
        ],
        "Strict-Transport-Security": [
          "max-age=31536000; includeSubDomains"
        ],
        "X-Content-Type-Options": [
          "nosniff"
        ],
        "Date": [
          "Fri, 17 Feb 2023 20:58:47 GMT"
        ],
        "Content-Length": [
          "108"
        ],
        "Content-Type": [
          "application/json; charset=utf-8"
        ],
        "Expires": [
          "-1"
        ]
      },
      "ResponseBody": "{\r\n  \"name\": \"30caeb1d-7510-4671-ba87-f948291197bf\",\r\n  \"status\": \"InProgress\",\r\n  \"startTime\": \"2023-02-17T20:58:32.957Z\"\r\n}",
      "StatusCode": 200
    },
    {
      "RequestUri": "/subscriptions/2c647056-bab2-4175-b172-493ff049eb29/resourceGroups/ps6228/providers/Microsoft.Sql/locations/westeurope/databaseAzureAsyncOperation/30caeb1d-7510-4671-ba87-f948291197bf?api-version=2022-08-01-preview",
      "EncodedRequestUri": "L3N1YnNjcmlwdGlvbnMvMmM2NDcwNTYtYmFiMi00MTc1LWIxNzItNDkzZmYwNDllYjI5L3Jlc291cmNlR3JvdXBzL3BzNjIyOC9wcm92aWRlcnMvTWljcm9zb2Z0LlNxbC9sb2NhdGlvbnMvd2VzdGV1cm9wZS9kYXRhYmFzZUF6dXJlQXN5bmNPcGVyYXRpb24vMzBjYWViMWQtNzUxMC00NjcxLWJhODctZjk0ODI5MTE5N2JmP2FwaS12ZXJzaW9uPTIwMjItMDgtMDEtcHJldmlldw==",
      "RequestMethod": "GET",
      "RequestHeaders": {
        "x-ms-client-request-id": [
          "01fcf721-698e-42b0-84b5-8cf019d9b2a8"
        ],
        "User-Agent": [
          "FxVersion/4.700.22.55902",
          "OSName/Windows",
          "OSVersion/Microsoft.Windows.10.0.22621",
          "Microsoft.Azure.Management.Sql.SqlManagementClient/4.3.0"
        ]
      },
      "RequestBody": "",
      "ResponseHeaders": {
        "Cache-Control": [
          "no-cache"
        ],
        "Pragma": [
          "no-cache"
        ],
        "Retry-After": [
          "15"
        ],
        "x-ms-request-id": [
          "411195a8-4aca-41f9-87e5-5aa95cbcffaf"
        ],
        "Server": [
          "Microsoft-HTTPAPI/2.0"
        ],
        "x-ms-ratelimit-remaining-subscription-reads": [
          "11992"
        ],
        "x-ms-correlation-request-id": [
          "2b7fb493-4ce2-42e2-828b-8f0c013e498a"
        ],
        "x-ms-routing-request-id": [
          "WESTCENTRALUS:20230217T205903Z:2b7fb493-4ce2-42e2-828b-8f0c013e498a"
        ],
        "Strict-Transport-Security": [
          "max-age=31536000; includeSubDomains"
        ],
        "X-Content-Type-Options": [
          "nosniff"
        ],
        "Date": [
          "Fri, 17 Feb 2023 20:59:03 GMT"
        ],
        "Content-Length": [
          "108"
        ],
        "Content-Type": [
          "application/json; charset=utf-8"
        ],
        "Expires": [
          "-1"
        ]
      },
      "ResponseBody": "{\r\n  \"name\": \"30caeb1d-7510-4671-ba87-f948291197bf\",\r\n  \"status\": \"InProgress\",\r\n  \"startTime\": \"2023-02-17T20:58:32.957Z\"\r\n}",
      "StatusCode": 200
    },
    {
      "RequestUri": "/subscriptions/2c647056-bab2-4175-b172-493ff049eb29/resourceGroups/ps6228/providers/Microsoft.Sql/locations/westeurope/databaseAzureAsyncOperation/30caeb1d-7510-4671-ba87-f948291197bf?api-version=2022-08-01-preview",
      "EncodedRequestUri": "L3N1YnNjcmlwdGlvbnMvMmM2NDcwNTYtYmFiMi00MTc1LWIxNzItNDkzZmYwNDllYjI5L3Jlc291cmNlR3JvdXBzL3BzNjIyOC9wcm92aWRlcnMvTWljcm9zb2Z0LlNxbC9sb2NhdGlvbnMvd2VzdGV1cm9wZS9kYXRhYmFzZUF6dXJlQXN5bmNPcGVyYXRpb24vMzBjYWViMWQtNzUxMC00NjcxLWJhODctZjk0ODI5MTE5N2JmP2FwaS12ZXJzaW9uPTIwMjItMDgtMDEtcHJldmlldw==",
      "RequestMethod": "GET",
      "RequestHeaders": {
        "x-ms-client-request-id": [
          "01fcf721-698e-42b0-84b5-8cf019d9b2a8"
        ],
        "User-Agent": [
          "FxVersion/4.700.22.55902",
          "OSName/Windows",
          "OSVersion/Microsoft.Windows.10.0.22621",
          "Microsoft.Azure.Management.Sql.SqlManagementClient/4.3.0"
        ]
      },
      "RequestBody": "",
      "ResponseHeaders": {
        "Cache-Control": [
          "no-cache"
        ],
        "Pragma": [
          "no-cache"
        ],
        "Retry-After": [
          "15"
        ],
        "x-ms-request-id": [
          "07d0dd5c-76e4-4360-90c0-7d0b593ac8e3"
        ],
        "Server": [
          "Microsoft-HTTPAPI/2.0"
        ],
        "x-ms-ratelimit-remaining-subscription-reads": [
          "11991"
        ],
        "x-ms-correlation-request-id": [
          "bab4d3c6-db86-4652-98a7-1d45797542b6"
        ],
        "x-ms-routing-request-id": [
          "WESTCENTRALUS:20230217T205918Z:bab4d3c6-db86-4652-98a7-1d45797542b6"
        ],
        "Strict-Transport-Security": [
          "max-age=31536000; includeSubDomains"
        ],
        "X-Content-Type-Options": [
          "nosniff"
        ],
        "Date": [
          "Fri, 17 Feb 2023 20:59:18 GMT"
        ],
        "Content-Length": [
          "108"
        ],
        "Content-Type": [
          "application/json; charset=utf-8"
        ],
        "Expires": [
          "-1"
        ]
      },
      "ResponseBody": "{\r\n  \"name\": \"30caeb1d-7510-4671-ba87-f948291197bf\",\r\n  \"status\": \"InProgress\",\r\n  \"startTime\": \"2023-02-17T20:58:32.957Z\"\r\n}",
      "StatusCode": 200
    },
    {
      "RequestUri": "/subscriptions/2c647056-bab2-4175-b172-493ff049eb29/resourceGroups/ps6228/providers/Microsoft.Sql/locations/westeurope/databaseAzureAsyncOperation/30caeb1d-7510-4671-ba87-f948291197bf?api-version=2022-08-01-preview",
      "EncodedRequestUri": "L3N1YnNjcmlwdGlvbnMvMmM2NDcwNTYtYmFiMi00MTc1LWIxNzItNDkzZmYwNDllYjI5L3Jlc291cmNlR3JvdXBzL3BzNjIyOC9wcm92aWRlcnMvTWljcm9zb2Z0LlNxbC9sb2NhdGlvbnMvd2VzdGV1cm9wZS9kYXRhYmFzZUF6dXJlQXN5bmNPcGVyYXRpb24vMzBjYWViMWQtNzUxMC00NjcxLWJhODctZjk0ODI5MTE5N2JmP2FwaS12ZXJzaW9uPTIwMjItMDgtMDEtcHJldmlldw==",
      "RequestMethod": "GET",
      "RequestHeaders": {
        "x-ms-client-request-id": [
          "01fcf721-698e-42b0-84b5-8cf019d9b2a8"
        ],
        "User-Agent": [
          "FxVersion/4.700.22.55902",
          "OSName/Windows",
          "OSVersion/Microsoft.Windows.10.0.22621",
          "Microsoft.Azure.Management.Sql.SqlManagementClient/4.3.0"
        ]
      },
      "RequestBody": "",
      "ResponseHeaders": {
        "Cache-Control": [
          "no-cache"
        ],
        "Pragma": [
          "no-cache"
        ],
        "Retry-After": [
          "15"
        ],
        "x-ms-request-id": [
          "58c444b3-c800-48f4-82d4-368d11c8684c"
        ],
        "Server": [
          "Microsoft-HTTPAPI/2.0"
        ],
        "x-ms-ratelimit-remaining-subscription-reads": [
          "11990"
        ],
        "x-ms-correlation-request-id": [
          "04cd8578-18d6-4cf7-8934-b53f3f2231cd"
        ],
        "x-ms-routing-request-id": [
          "WESTCENTRALUS:20230217T205933Z:04cd8578-18d6-4cf7-8934-b53f3f2231cd"
        ],
        "Strict-Transport-Security": [
          "max-age=31536000; includeSubDomains"
        ],
        "X-Content-Type-Options": [
          "nosniff"
        ],
        "Date": [
          "Fri, 17 Feb 2023 20:59:33 GMT"
        ],
        "Content-Length": [
          "108"
        ],
        "Content-Type": [
          "application/json; charset=utf-8"
        ],
        "Expires": [
          "-1"
        ]
      },
      "ResponseBody": "{\r\n  \"name\": \"30caeb1d-7510-4671-ba87-f948291197bf\",\r\n  \"status\": \"InProgress\",\r\n  \"startTime\": \"2023-02-17T20:58:32.957Z\"\r\n}",
      "StatusCode": 200
    },
    {
      "RequestUri": "/subscriptions/2c647056-bab2-4175-b172-493ff049eb29/resourceGroups/ps6228/providers/Microsoft.Sql/locations/westeurope/databaseAzureAsyncOperation/30caeb1d-7510-4671-ba87-f948291197bf?api-version=2022-08-01-preview",
      "EncodedRequestUri": "L3N1YnNjcmlwdGlvbnMvMmM2NDcwNTYtYmFiMi00MTc1LWIxNzItNDkzZmYwNDllYjI5L3Jlc291cmNlR3JvdXBzL3BzNjIyOC9wcm92aWRlcnMvTWljcm9zb2Z0LlNxbC9sb2NhdGlvbnMvd2VzdGV1cm9wZS9kYXRhYmFzZUF6dXJlQXN5bmNPcGVyYXRpb24vMzBjYWViMWQtNzUxMC00NjcxLWJhODctZjk0ODI5MTE5N2JmP2FwaS12ZXJzaW9uPTIwMjItMDgtMDEtcHJldmlldw==",
      "RequestMethod": "GET",
      "RequestHeaders": {
        "x-ms-client-request-id": [
          "01fcf721-698e-42b0-84b5-8cf019d9b2a8"
        ],
        "User-Agent": [
          "FxVersion/4.700.22.55902",
          "OSName/Windows",
          "OSVersion/Microsoft.Windows.10.0.22621",
          "Microsoft.Azure.Management.Sql.SqlManagementClient/4.3.0"
        ]
      },
      "RequestBody": "",
      "ResponseHeaders": {
        "Cache-Control": [
          "no-cache"
        ],
        "Pragma": [
          "no-cache"
        ],
        "Retry-After": [
          "15"
        ],
        "x-ms-request-id": [
          "ab879a8f-5ff4-4550-b892-c43f51cd5dc4"
        ],
        "Server": [
          "Microsoft-HTTPAPI/2.0"
        ],
        "x-ms-ratelimit-remaining-subscription-reads": [
          "11989"
        ],
        "x-ms-correlation-request-id": [
          "0759e1b7-6266-4d1f-b9c4-f5fdaed1ae39"
        ],
        "x-ms-routing-request-id": [
          "WESTCENTRALUS:20230217T205949Z:0759e1b7-6266-4d1f-b9c4-f5fdaed1ae39"
        ],
        "Strict-Transport-Security": [
          "max-age=31536000; includeSubDomains"
        ],
        "X-Content-Type-Options": [
          "nosniff"
        ],
        "Date": [
          "Fri, 17 Feb 2023 20:59:48 GMT"
        ],
        "Content-Length": [
          "107"
        ],
        "Content-Type": [
          "application/json; charset=utf-8"
        ],
        "Expires": [
          "-1"
        ]
      },
      "ResponseBody": "{\r\n  \"name\": \"30caeb1d-7510-4671-ba87-f948291197bf\",\r\n  \"status\": \"Succeeded\",\r\n  \"startTime\": \"2023-02-17T20:58:32.957Z\"\r\n}",
      "StatusCode": 200
    },
    {
      "RequestUri": "/subscriptions/2c647056-bab2-4175-b172-493ff049eb29/resourceGroups/ps6228/providers/Microsoft.Sql/servers/ps2860/databases/ps7510?api-version=2022-08-01-preview",
      "EncodedRequestUri": "L3N1YnNjcmlwdGlvbnMvMmM2NDcwNTYtYmFiMi00MTc1LWIxNzItNDkzZmYwNDllYjI5L3Jlc291cmNlR3JvdXBzL3BzNjIyOC9wcm92aWRlcnMvTWljcm9zb2Z0LlNxbC9zZXJ2ZXJzL3BzMjg2MC9kYXRhYmFzZXMvcHM3NTEwP2FwaS12ZXJzaW9uPTIwMjItMDgtMDEtcHJldmlldw==",
      "RequestMethod": "GET",
      "RequestHeaders": {
        "x-ms-client-request-id": [
          "d399520d-d74c-465e-8499-dd9ae9f19a5f"
        ],
        "Accept-Language": [
          "en-US"
        ],
        "User-Agent": [
          "FxVersion/4.700.22.55902",
          "OSName/Windows",
          "OSVersion/Microsoft.Windows.10.0.22621",
          "Microsoft.Azure.Management.Sql.SqlManagementClient/4.3.0"
        ]
      },
      "RequestBody": "",
      "ResponseHeaders": {
        "Cache-Control": [
          "no-cache"
        ],
        "Pragma": [
          "no-cache"
        ],
        "x-ms-failure-cause": [
          "gateway"
        ],
        "x-ms-request-id": [
          "71d5a51d-5c94-429c-864e-7428a1faa3eb"
        ],
        "x-ms-correlation-request-id": [
          "71d5a51d-5c94-429c-864e-7428a1faa3eb"
        ],
        "x-ms-routing-request-id": [
          "WESTCENTRALUS:20230217T205949Z:71d5a51d-5c94-429c-864e-7428a1faa3eb"
        ],
        "Strict-Transport-Security": [
          "max-age=31536000; includeSubDomains"
        ],
        "X-Content-Type-Options": [
          "nosniff"
        ],
        "Date": [
          "Fri, 17 Feb 2023 20:59:49 GMT"
        ],
        "Content-Type": [
          "application/json; charset=utf-8"
        ],
        "Expires": [
          "-1"
        ],
        "Content-Length": [
          "223"
        ]
      },
      "ResponseBody": "{\r\n  \"error\": {\r\n    \"code\": \"ResourceNotFound\",\r\n    \"message\": \"The Resource 'Microsoft.Sql/servers/ps2860/databases/ps7510' under resource group 'ps6228' was not found. For more details please go to https://aka.ms/ARMResourceNotFoundFix\"\r\n  }\r\n}",
      "StatusCode": 404
    },
    {
      "RequestUri": "/subscriptions/2c647056-bab2-4175-b172-493ff049eb29/resourceGroups/ps6228/providers/Microsoft.Sql/servers/ps2860/databases/ps7510?api-version=2022-08-01-preview",
      "EncodedRequestUri": "L3N1YnNjcmlwdGlvbnMvMmM2NDcwNTYtYmFiMi00MTc1LWIxNzItNDkzZmYwNDllYjI5L3Jlc291cmNlR3JvdXBzL3BzNjIyOC9wcm92aWRlcnMvTWljcm9zb2Z0LlNxbC9zZXJ2ZXJzL3BzMjg2MC9kYXRhYmFzZXMvcHM3NTEwP2FwaS12ZXJzaW9uPTIwMjItMDgtMDEtcHJldmlldw==",
      "RequestMethod": "GET",
      "RequestHeaders": {
        "x-ms-client-request-id": [
          "d399520d-d74c-465e-8499-dd9ae9f19a5f"
        ],
        "User-Agent": [
          "FxVersion/4.700.22.55902",
          "OSName/Windows",
          "OSVersion/Microsoft.Windows.10.0.22621",
          "Microsoft.Azure.Management.Sql.SqlManagementClient/4.3.0"
        ]
      },
      "RequestBody": "",
      "ResponseHeaders": {
        "Cache-Control": [
          "no-cache"
        ],
        "Pragma": [
          "no-cache"
        ],
        "x-ms-request-id": [
          "d96e060f-b7dd-4e34-8dc8-b8d516b3d56a"
        ],
        "Server": [
          "Microsoft-HTTPAPI/2.0"
        ],
        "x-ms-ratelimit-remaining-subscription-reads": [
          "11994"
        ],
        "x-ms-correlation-request-id": [
          "b47b38f5-5674-4b5b-80b9-72fa1f267a6f"
        ],
        "x-ms-routing-request-id": [
          "WESTCENTRALUS:20230217T210107Z:b47b38f5-5674-4b5b-80b9-72fa1f267a6f"
        ],
        "Strict-Transport-Security": [
          "max-age=31536000; includeSubDomains"
        ],
        "X-Content-Type-Options": [
          "nosniff"
        ],
        "Date": [
          "Fri, 17 Feb 2023 21:01:07 GMT"
        ],
        "Content-Length": [
          "1085"
        ],
        "Content-Type": [
          "application/json; charset=utf-8"
        ],
        "Expires": [
          "-1"
        ]
      },
      "ResponseBody": "{\r\n  \"sku\": {\r\n    \"name\": \"Basic\",\r\n    \"tier\": \"Basic\",\r\n    \"capacity\": 5\r\n  },\r\n  \"kind\": \"v12.0,user\",\r\n  \"properties\": {\r\n    \"collation\": \"Japanese_Bushu_Kakusu_100_CS_AS\",\r\n    \"maxSizeBytes\": 1073741824,\r\n    \"status\": \"Online\",\r\n    \"databaseId\": \"284eda90-fa6c-434c-9f56-a964e81a634e\",\r\n    \"creationDate\": \"2023-02-17T21:00:54.87Z\",\r\n    \"currentServiceObjectiveName\": \"Basic\",\r\n    \"requestedServiceObjectiveName\": \"Basic\",\r\n    \"defaultSecondaryLocation\": \"northeurope\",\r\n    \"catalogCollation\": \"SQL_Latin1_General_CP1_CI_AS\",\r\n    \"zoneRedundant\": false,\r\n    \"readScale\": \"Disabled\",\r\n    \"currentSku\": {\r\n      \"name\": \"Basic\",\r\n      \"tier\": \"Basic\",\r\n      \"capacity\": 5\r\n    },\r\n    \"currentBackupStorageRedundancy\": \"Geo\",\r\n    \"requestedBackupStorageRedundancy\": \"Geo\",\r\n    \"maintenanceConfigurationId\": \"/subscriptions/2c647056-bab2-4175-b172-493ff049eb29/providers/Microsoft.Maintenance/publicMaintenanceConfigurations/SQL_Default\",\r\n    \"isLedgerOn\": false,\r\n    \"isInfraEncryptionEnabled\": false,\r\n    \"availabilityZone\": \"NoPreference\"\r\n  },\r\n  \"location\": \"westeurope\",\r\n  \"id\": \"/subscriptions/2c647056-bab2-4175-b172-493ff049eb29/resourceGroups/ps6228/providers/Microsoft.Sql/servers/ps2860/databases/ps7510\",\r\n  \"name\": \"ps7510\",\r\n  \"type\": \"Microsoft.Sql/servers/databases\"\r\n}",
      "StatusCode": 200
    },
    {
      "RequestUri": "/subscriptions/2c647056-bab2-4175-b172-493ff049eb29/resourceGroups/ps6228/providers/Microsoft.Sql/servers/ps2860/databases/ps7510?api-version=2022-08-01-preview",
      "EncodedRequestUri": "L3N1YnNjcmlwdGlvbnMvMmM2NDcwNTYtYmFiMi00MTc1LWIxNzItNDkzZmYwNDllYjI5L3Jlc291cmNlR3JvdXBzL3BzNjIyOC9wcm92aWRlcnMvTWljcm9zb2Z0LlNxbC9zZXJ2ZXJzL3BzMjg2MC9kYXRhYmFzZXMvcHM3NTEwP2FwaS12ZXJzaW9uPTIwMjItMDgtMDEtcHJldmlldw==",
      "RequestMethod": "GET",
      "RequestHeaders": {
        "x-ms-client-request-id": [
          "fb4c9e7a-dcd2-46ce-a201-7e8410015468"
        ],
        "Accept-Language": [
          "en-US"
        ],
        "User-Agent": [
          "FxVersion/4.700.22.55902",
          "OSName/Windows",
          "OSVersion/Microsoft.Windows.10.0.22621",
          "Microsoft.Azure.Management.Sql.SqlManagementClient/4.3.0"
        ]
      },
      "RequestBody": "",
      "ResponseHeaders": {
        "Cache-Control": [
          "no-cache"
        ],
        "Pragma": [
          "no-cache"
        ],
        "x-ms-request-id": [
          "5bcfb025-4c48-4f65-873b-e4023a087689"
        ],
        "Server": [
          "Microsoft-HTTPAPI/2.0"
        ],
        "x-ms-ratelimit-remaining-subscription-reads": [
          "11999"
        ],
        "x-ms-correlation-request-id": [
          "54146ff9-2a18-4cb7-9c6c-fa930df63dfe"
        ],
        "x-ms-routing-request-id": [
          "WESTUS:20230217T210605Z:54146ff9-2a18-4cb7-9c6c-fa930df63dfe"
        ],
        "Strict-Transport-Security": [
          "max-age=31536000; includeSubDomains"
        ],
        "X-Content-Type-Options": [
          "nosniff"
        ],
        "Date": [
          "Fri, 17 Feb 2023 21:06:04 GMT"
        ],
        "Content-Length": [
          "1085"
        ],
        "Content-Type": [
          "application/json; charset=utf-8"
        ],
        "Expires": [
          "-1"
        ]
      },
      "ResponseBody": "{\r\n  \"sku\": {\r\n    \"name\": \"Basic\",\r\n    \"tier\": \"Basic\",\r\n    \"capacity\": 5\r\n  },\r\n  \"kind\": \"v12.0,user\",\r\n  \"properties\": {\r\n    \"collation\": \"Japanese_Bushu_Kakusu_100_CS_AS\",\r\n    \"maxSizeBytes\": 1073741824,\r\n    \"status\": \"Online\",\r\n    \"databaseId\": \"284eda90-fa6c-434c-9f56-a964e81a634e\",\r\n    \"creationDate\": \"2023-02-17T21:00:54.87Z\",\r\n    \"currentServiceObjectiveName\": \"Basic\",\r\n    \"requestedServiceObjectiveName\": \"Basic\",\r\n    \"defaultSecondaryLocation\": \"northeurope\",\r\n    \"catalogCollation\": \"SQL_Latin1_General_CP1_CI_AS\",\r\n    \"zoneRedundant\": false,\r\n    \"readScale\": \"Disabled\",\r\n    \"currentSku\": {\r\n      \"name\": \"Basic\",\r\n      \"tier\": \"Basic\",\r\n      \"capacity\": 5\r\n    },\r\n    \"currentBackupStorageRedundancy\": \"Geo\",\r\n    \"requestedBackupStorageRedundancy\": \"Geo\",\r\n    \"maintenanceConfigurationId\": \"/subscriptions/2c647056-bab2-4175-b172-493ff049eb29/providers/Microsoft.Maintenance/publicMaintenanceConfigurations/SQL_Default\",\r\n    \"isLedgerOn\": false,\r\n    \"isInfraEncryptionEnabled\": false,\r\n    \"availabilityZone\": \"NoPreference\"\r\n  },\r\n  \"location\": \"westeurope\",\r\n  \"id\": \"/subscriptions/2c647056-bab2-4175-b172-493ff049eb29/resourceGroups/ps6228/providers/Microsoft.Sql/servers/ps2860/databases/ps7510\",\r\n  \"name\": \"ps7510\",\r\n  \"type\": \"Microsoft.Sql/servers/databases\"\r\n}",
      "StatusCode": 200
    },
    {
      "RequestUri": "/subscriptions/2c647056-bab2-4175-b172-493ff049eb29/resourceGroups/ps6228/providers/Microsoft.Sql/servers/ps2860/databases/ps7510?api-version=2022-08-01-preview",
      "EncodedRequestUri": "L3N1YnNjcmlwdGlvbnMvMmM2NDcwNTYtYmFiMi00MTc1LWIxNzItNDkzZmYwNDllYjI5L3Jlc291cmNlR3JvdXBzL3BzNjIyOC9wcm92aWRlcnMvTWljcm9zb2Z0LlNxbC9zZXJ2ZXJzL3BzMjg2MC9kYXRhYmFzZXMvcHM3NTEwP2FwaS12ZXJzaW9uPTIwMjItMDgtMDEtcHJldmlldw==",
      "RequestMethod": "PUT",
      "RequestHeaders": {
        "x-ms-client-request-id": [
          "d399520d-d74c-465e-8499-dd9ae9f19a5f"
        ],
        "Accept-Language": [
          "en-US"
        ],
        "User-Agent": [
          "FxVersion/4.700.22.55902",
          "OSName/Windows",
          "OSVersion/Microsoft.Windows.10.0.22621",
          "Microsoft.Azure.Management.Sql.SqlManagementClient/4.3.0"
        ],
        "Content-Type": [
          "application/json; charset=utf-8"
        ],
        "Content-Length": [
          "242"
        ]
      },
      "RequestBody": "{\r\n  \"sku\": {\r\n    \"name\": \"Basic\",\r\n    \"tier\": \"Basic\"\r\n  },\r\n  \"properties\": {\r\n    \"collation\": \"Japanese_Bushu_Kakusu_100_CS_AS\",\r\n    \"maxSizeBytes\": 1073741824,\r\n    \"readScale\": \"\",\r\n    \"keys\": {}\r\n  },\r\n  \"location\": \"westeurope\"\r\n}",
      "ResponseHeaders": {
        "Cache-Control": [
          "no-cache"
        ],
        "Pragma": [
          "no-cache"
        ],
        "Location": [
          "https://management.azure.com/subscriptions/2c647056-bab2-4175-b172-493ff049eb29/resourceGroups/ps6228/providers/Microsoft.Sql/locations/westeurope/databaseOperationResults/a3acb3e5-115d-4de4-87af-8f6a40f1802e?api-version=2022-08-01-preview"
        ],
        "Retry-After": [
          "15"
        ],
        "Azure-AsyncOperation": [
          "https://management.azure.com/subscriptions/2c647056-bab2-4175-b172-493ff049eb29/resourceGroups/ps6228/providers/Microsoft.Sql/locations/westeurope/databaseAzureAsyncOperation/a3acb3e5-115d-4de4-87af-8f6a40f1802e?api-version=2022-08-01-preview"
        ],
        "x-ms-request-id": [
          "a3acb3e5-115d-4de4-87af-8f6a40f1802e"
        ],
        "Server": [
          "Microsoft-HTTPAPI/2.0"
        ],
        "x-ms-ratelimit-remaining-subscription-writes": [
          "1199"
        ],
        "x-ms-correlation-request-id": [
          "8ace2f42-4160-46c1-84a3-2fe4444633d7"
        ],
        "x-ms-routing-request-id": [
          "WESTCENTRALUS:20230217T205951Z:8ace2f42-4160-46c1-84a3-2fe4444633d7"
        ],
        "Strict-Transport-Security": [
          "max-age=31536000; includeSubDomains"
        ],
        "X-Content-Type-Options": [
          "nosniff"
        ],
        "Date": [
          "Fri, 17 Feb 2023 20:59:50 GMT"
        ],
        "Content-Length": [
          "75"
        ],
        "Content-Type": [
          "application/json; charset=utf-8"
        ],
        "Expires": [
          "-1"
        ]
      },
      "ResponseBody": "{\r\n  \"operation\": \"CreateLogicalDatabase\",\r\n  \"startTime\": \"2023-02-17T20:59:51.12Z\"\r\n}",
      "StatusCode": 202
    },
    {
      "RequestUri": "/subscriptions/2c647056-bab2-4175-b172-493ff049eb29/resourceGroups/ps6228/providers/Microsoft.Sql/locations/westeurope/databaseAzureAsyncOperation/a3acb3e5-115d-4de4-87af-8f6a40f1802e?api-version=2022-08-01-preview",
      "EncodedRequestUri": "L3N1YnNjcmlwdGlvbnMvMmM2NDcwNTYtYmFiMi00MTc1LWIxNzItNDkzZmYwNDllYjI5L3Jlc291cmNlR3JvdXBzL3BzNjIyOC9wcm92aWRlcnMvTWljcm9zb2Z0LlNxbC9sb2NhdGlvbnMvd2VzdGV1cm9wZS9kYXRhYmFzZUF6dXJlQXN5bmNPcGVyYXRpb24vYTNhY2IzZTUtMTE1ZC00ZGU0LTg3YWYtOGY2YTQwZjE4MDJlP2FwaS12ZXJzaW9uPTIwMjItMDgtMDEtcHJldmlldw==",
      "RequestMethod": "GET",
      "RequestHeaders": {
        "x-ms-client-request-id": [
          "d399520d-d74c-465e-8499-dd9ae9f19a5f"
        ],
        "User-Agent": [
          "FxVersion/4.700.22.55902",
          "OSName/Windows",
          "OSVersion/Microsoft.Windows.10.0.22621",
          "Microsoft.Azure.Management.Sql.SqlManagementClient/4.3.0"
        ]
      },
      "RequestBody": "",
      "ResponseHeaders": {
        "Cache-Control": [
          "no-cache"
        ],
        "Pragma": [
          "no-cache"
        ],
        "Retry-After": [
          "15"
        ],
        "x-ms-request-id": [
          "6bce052f-453c-41a3-9518-cf9e8d359bc6"
        ],
        "Server": [
          "Microsoft-HTTPAPI/2.0"
        ],
        "x-ms-ratelimit-remaining-subscription-reads": [
          "11999"
        ],
        "x-ms-correlation-request-id": [
          "e3c23251-d269-46bc-9f84-36dbe4dd055c"
        ],
        "x-ms-routing-request-id": [
          "WESTCENTRALUS:20230217T210006Z:e3c23251-d269-46bc-9f84-36dbe4dd055c"
        ],
        "Strict-Transport-Security": [
          "max-age=31536000; includeSubDomains"
        ],
        "X-Content-Type-Options": [
          "nosniff"
        ],
        "Date": [
          "Fri, 17 Feb 2023 21:00:05 GMT"
        ],
        "Content-Length": [
          "107"
        ],
        "Content-Type": [
          "application/json; charset=utf-8"
        ],
        "Expires": [
          "-1"
        ]
      },
      "ResponseBody": "{\r\n  \"name\": \"a3acb3e5-115d-4de4-87af-8f6a40f1802e\",\r\n  \"status\": \"InProgress\",\r\n  \"startTime\": \"2023-02-17T20:59:51.12Z\"\r\n}",
      "StatusCode": 200
    },
    {
      "RequestUri": "/subscriptions/2c647056-bab2-4175-b172-493ff049eb29/resourceGroups/ps6228/providers/Microsoft.Sql/locations/westeurope/databaseAzureAsyncOperation/a3acb3e5-115d-4de4-87af-8f6a40f1802e?api-version=2022-08-01-preview",
      "EncodedRequestUri": "L3N1YnNjcmlwdGlvbnMvMmM2NDcwNTYtYmFiMi00MTc1LWIxNzItNDkzZmYwNDllYjI5L3Jlc291cmNlR3JvdXBzL3BzNjIyOC9wcm92aWRlcnMvTWljcm9zb2Z0LlNxbC9sb2NhdGlvbnMvd2VzdGV1cm9wZS9kYXRhYmFzZUF6dXJlQXN5bmNPcGVyYXRpb24vYTNhY2IzZTUtMTE1ZC00ZGU0LTg3YWYtOGY2YTQwZjE4MDJlP2FwaS12ZXJzaW9uPTIwMjItMDgtMDEtcHJldmlldw==",
      "RequestMethod": "GET",
      "RequestHeaders": {
        "x-ms-client-request-id": [
          "d399520d-d74c-465e-8499-dd9ae9f19a5f"
        ],
        "User-Agent": [
          "FxVersion/4.700.22.55902",
          "OSName/Windows",
          "OSVersion/Microsoft.Windows.10.0.22621",
          "Microsoft.Azure.Management.Sql.SqlManagementClient/4.3.0"
        ]
      },
      "RequestBody": "",
      "ResponseHeaders": {
        "Cache-Control": [
          "no-cache"
        ],
        "Pragma": [
          "no-cache"
        ],
        "Retry-After": [
          "15"
        ],
        "x-ms-request-id": [
          "9ae56c51-6953-497b-a315-35e0b9bd5d8c"
        ],
        "Server": [
          "Microsoft-HTTPAPI/2.0"
        ],
        "x-ms-ratelimit-remaining-subscription-reads": [
          "11998"
        ],
        "x-ms-correlation-request-id": [
          "479d08e6-60ec-4ab5-be56-fff548cf5b85"
        ],
        "x-ms-routing-request-id": [
          "WESTCENTRALUS:20230217T210021Z:479d08e6-60ec-4ab5-be56-fff548cf5b85"
        ],
        "Strict-Transport-Security": [
          "max-age=31536000; includeSubDomains"
        ],
        "X-Content-Type-Options": [
          "nosniff"
        ],
        "Date": [
          "Fri, 17 Feb 2023 21:00:21 GMT"
        ],
        "Content-Length": [
          "107"
        ],
        "Content-Type": [
          "application/json; charset=utf-8"
        ],
        "Expires": [
          "-1"
        ]
      },
      "ResponseBody": "{\r\n  \"name\": \"a3acb3e5-115d-4de4-87af-8f6a40f1802e\",\r\n  \"status\": \"InProgress\",\r\n  \"startTime\": \"2023-02-17T20:59:51.12Z\"\r\n}",
      "StatusCode": 200
    },
    {
      "RequestUri": "/subscriptions/2c647056-bab2-4175-b172-493ff049eb29/resourceGroups/ps6228/providers/Microsoft.Sql/locations/westeurope/databaseAzureAsyncOperation/a3acb3e5-115d-4de4-87af-8f6a40f1802e?api-version=2022-08-01-preview",
      "EncodedRequestUri": "L3N1YnNjcmlwdGlvbnMvMmM2NDcwNTYtYmFiMi00MTc1LWIxNzItNDkzZmYwNDllYjI5L3Jlc291cmNlR3JvdXBzL3BzNjIyOC9wcm92aWRlcnMvTWljcm9zb2Z0LlNxbC9sb2NhdGlvbnMvd2VzdGV1cm9wZS9kYXRhYmFzZUF6dXJlQXN5bmNPcGVyYXRpb24vYTNhY2IzZTUtMTE1ZC00ZGU0LTg3YWYtOGY2YTQwZjE4MDJlP2FwaS12ZXJzaW9uPTIwMjItMDgtMDEtcHJldmlldw==",
      "RequestMethod": "GET",
      "RequestHeaders": {
        "x-ms-client-request-id": [
          "d399520d-d74c-465e-8499-dd9ae9f19a5f"
        ],
        "User-Agent": [
          "FxVersion/4.700.22.55902",
          "OSName/Windows",
          "OSVersion/Microsoft.Windows.10.0.22621",
          "Microsoft.Azure.Management.Sql.SqlManagementClient/4.3.0"
        ]
      },
      "RequestBody": "",
      "ResponseHeaders": {
        "Cache-Control": [
          "no-cache"
        ],
        "Pragma": [
          "no-cache"
        ],
        "Retry-After": [
          "15"
        ],
        "x-ms-request-id": [
          "8b0aedc8-fbbb-4136-ad2c-6f2196e30999"
        ],
        "Server": [
          "Microsoft-HTTPAPI/2.0"
        ],
        "x-ms-ratelimit-remaining-subscription-reads": [
          "11997"
        ],
        "x-ms-correlation-request-id": [
          "40da3a95-ed62-4bfe-8a84-32795e2b8748"
        ],
        "x-ms-routing-request-id": [
          "WESTCENTRALUS:20230217T210036Z:40da3a95-ed62-4bfe-8a84-32795e2b8748"
        ],
        "Strict-Transport-Security": [
          "max-age=31536000; includeSubDomains"
        ],
        "X-Content-Type-Options": [
          "nosniff"
        ],
        "Date": [
          "Fri, 17 Feb 2023 21:00:36 GMT"
        ],
        "Content-Length": [
          "107"
        ],
        "Content-Type": [
          "application/json; charset=utf-8"
        ],
        "Expires": [
          "-1"
        ]
      },
      "ResponseBody": "{\r\n  \"name\": \"a3acb3e5-115d-4de4-87af-8f6a40f1802e\",\r\n  \"status\": \"InProgress\",\r\n  \"startTime\": \"2023-02-17T20:59:51.12Z\"\r\n}",
      "StatusCode": 200
    },
    {
      "RequestUri": "/subscriptions/2c647056-bab2-4175-b172-493ff049eb29/resourceGroups/ps6228/providers/Microsoft.Sql/locations/westeurope/databaseAzureAsyncOperation/a3acb3e5-115d-4de4-87af-8f6a40f1802e?api-version=2022-08-01-preview",
      "EncodedRequestUri": "L3N1YnNjcmlwdGlvbnMvMmM2NDcwNTYtYmFiMi00MTc1LWIxNzItNDkzZmYwNDllYjI5L3Jlc291cmNlR3JvdXBzL3BzNjIyOC9wcm92aWRlcnMvTWljcm9zb2Z0LlNxbC9sb2NhdGlvbnMvd2VzdGV1cm9wZS9kYXRhYmFzZUF6dXJlQXN5bmNPcGVyYXRpb24vYTNhY2IzZTUtMTE1ZC00ZGU0LTg3YWYtOGY2YTQwZjE4MDJlP2FwaS12ZXJzaW9uPTIwMjItMDgtMDEtcHJldmlldw==",
      "RequestMethod": "GET",
      "RequestHeaders": {
        "x-ms-client-request-id": [
          "d399520d-d74c-465e-8499-dd9ae9f19a5f"
        ],
        "User-Agent": [
          "FxVersion/4.700.22.55902",
          "OSName/Windows",
          "OSVersion/Microsoft.Windows.10.0.22621",
          "Microsoft.Azure.Management.Sql.SqlManagementClient/4.3.0"
        ]
      },
      "RequestBody": "",
      "ResponseHeaders": {
        "Cache-Control": [
          "no-cache"
        ],
        "Pragma": [
          "no-cache"
        ],
        "Retry-After": [
          "15"
        ],
        "x-ms-request-id": [
          "01708c44-a739-454b-be82-7dcecc6a0220"
        ],
        "Server": [
          "Microsoft-HTTPAPI/2.0"
        ],
        "x-ms-ratelimit-remaining-subscription-reads": [
          "11996"
        ],
        "x-ms-correlation-request-id": [
          "1a7e9149-d836-4e5e-9b9d-991e0b536fb2"
        ],
        "x-ms-routing-request-id": [
          "WESTCENTRALUS:20230217T210052Z:1a7e9149-d836-4e5e-9b9d-991e0b536fb2"
        ],
        "Strict-Transport-Security": [
          "max-age=31536000; includeSubDomains"
        ],
        "X-Content-Type-Options": [
          "nosniff"
        ],
        "Date": [
          "Fri, 17 Feb 2023 21:00:51 GMT"
        ],
        "Content-Length": [
          "107"
        ],
        "Content-Type": [
          "application/json; charset=utf-8"
        ],
        "Expires": [
          "-1"
        ]
      },
      "ResponseBody": "{\r\n  \"name\": \"a3acb3e5-115d-4de4-87af-8f6a40f1802e\",\r\n  \"status\": \"InProgress\",\r\n  \"startTime\": \"2023-02-17T20:59:51.12Z\"\r\n}",
      "StatusCode": 200
    },
    {
      "RequestUri": "/subscriptions/2c647056-bab2-4175-b172-493ff049eb29/resourceGroups/ps6228/providers/Microsoft.Sql/locations/westeurope/databaseAzureAsyncOperation/a3acb3e5-115d-4de4-87af-8f6a40f1802e?api-version=2022-08-01-preview",
      "EncodedRequestUri": "L3N1YnNjcmlwdGlvbnMvMmM2NDcwNTYtYmFiMi00MTc1LWIxNzItNDkzZmYwNDllYjI5L3Jlc291cmNlR3JvdXBzL3BzNjIyOC9wcm92aWRlcnMvTWljcm9zb2Z0LlNxbC9sb2NhdGlvbnMvd2VzdGV1cm9wZS9kYXRhYmFzZUF6dXJlQXN5bmNPcGVyYXRpb24vYTNhY2IzZTUtMTE1ZC00ZGU0LTg3YWYtOGY2YTQwZjE4MDJlP2FwaS12ZXJzaW9uPTIwMjItMDgtMDEtcHJldmlldw==",
      "RequestMethod": "GET",
      "RequestHeaders": {
        "x-ms-client-request-id": [
          "d399520d-d74c-465e-8499-dd9ae9f19a5f"
        ],
        "User-Agent": [
          "FxVersion/4.700.22.55902",
          "OSName/Windows",
          "OSVersion/Microsoft.Windows.10.0.22621",
          "Microsoft.Azure.Management.Sql.SqlManagementClient/4.3.0"
        ]
      },
      "RequestBody": "",
      "ResponseHeaders": {
        "Cache-Control": [
          "no-cache"
        ],
        "Pragma": [
          "no-cache"
        ],
        "Retry-After": [
          "15"
        ],
        "x-ms-request-id": [
          "f76f216a-c9f5-418a-b7fd-55842c3b01ad"
        ],
        "Server": [
          "Microsoft-HTTPAPI/2.0"
        ],
        "x-ms-ratelimit-remaining-subscription-reads": [
          "11995"
        ],
        "x-ms-correlation-request-id": [
          "79b8f998-e045-4188-b8f8-e1c49089cd82"
        ],
        "x-ms-routing-request-id": [
          "WESTCENTRALUS:20230217T210107Z:79b8f998-e045-4188-b8f8-e1c49089cd82"
        ],
        "Strict-Transport-Security": [
          "max-age=31536000; includeSubDomains"
        ],
        "X-Content-Type-Options": [
          "nosniff"
        ],
        "Date": [
          "Fri, 17 Feb 2023 21:01:06 GMT"
        ],
        "Content-Length": [
          "106"
        ],
        "Content-Type": [
          "application/json; charset=utf-8"
        ],
        "Expires": [
          "-1"
        ]
      },
      "ResponseBody": "{\r\n  \"name\": \"a3acb3e5-115d-4de4-87af-8f6a40f1802e\",\r\n  \"status\": \"Succeeded\",\r\n  \"startTime\": \"2023-02-17T20:59:51.12Z\"\r\n}",
      "StatusCode": 200
    },
    {
      "RequestUri": "/subscriptions/2c647056-bab2-4175-b172-493ff049eb29/resourceGroups/ps6228/providers/Microsoft.Sql/servers/ps2860/databases/ps6061?api-version=2022-08-01-preview",
      "EncodedRequestUri": "L3N1YnNjcmlwdGlvbnMvMmM2NDcwNTYtYmFiMi00MTc1LWIxNzItNDkzZmYwNDllYjI5L3Jlc291cmNlR3JvdXBzL3BzNjIyOC9wcm92aWRlcnMvTWljcm9zb2Z0LlNxbC9zZXJ2ZXJzL3BzMjg2MC9kYXRhYmFzZXMvcHM2MDYxP2FwaS12ZXJzaW9uPTIwMjItMDgtMDEtcHJldmlldw==",
      "RequestMethod": "GET",
      "RequestHeaders": {
        "x-ms-client-request-id": [
          "c0e5256a-6020-4333-b4e5-fa52d7f23c88"
        ],
        "Accept-Language": [
          "en-US"
        ],
        "User-Agent": [
          "FxVersion/4.700.22.55902",
          "OSName/Windows",
          "OSVersion/Microsoft.Windows.10.0.22621",
          "Microsoft.Azure.Management.Sql.SqlManagementClient/4.3.0"
        ]
      },
      "RequestBody": "",
      "ResponseHeaders": {
        "Cache-Control": [
          "no-cache"
        ],
        "Pragma": [
          "no-cache"
        ],
        "x-ms-failure-cause": [
          "gateway"
        ],
        "x-ms-request-id": [
          "37d7b67a-8c81-4097-ab1f-2ae8c175f63d"
        ],
        "x-ms-correlation-request-id": [
          "37d7b67a-8c81-4097-ab1f-2ae8c175f63d"
        ],
        "x-ms-routing-request-id": [
          "WESTCENTRALUS:20230217T210108Z:37d7b67a-8c81-4097-ab1f-2ae8c175f63d"
        ],
        "Strict-Transport-Security": [
          "max-age=31536000; includeSubDomains"
        ],
        "X-Content-Type-Options": [
          "nosniff"
        ],
        "Date": [
          "Fri, 17 Feb 2023 21:01:07 GMT"
        ],
        "Content-Type": [
          "application/json; charset=utf-8"
        ],
        "Expires": [
          "-1"
        ],
        "Content-Length": [
          "223"
        ]
      },
      "ResponseBody": "{\r\n  \"error\": {\r\n    \"code\": \"ResourceNotFound\",\r\n    \"message\": \"The Resource 'Microsoft.Sql/servers/ps2860/databases/ps6061' under resource group 'ps6228' was not found. For more details please go to https://aka.ms/ARMResourceNotFoundFix\"\r\n  }\r\n}",
      "StatusCode": 404
    },
    {
      "RequestUri": "/subscriptions/2c647056-bab2-4175-b172-493ff049eb29/resourceGroups/ps6228/providers/Microsoft.Sql/servers/ps2860/databases/ps6061?api-version=2022-08-01-preview",
      "EncodedRequestUri": "L3N1YnNjcmlwdGlvbnMvMmM2NDcwNTYtYmFiMi00MTc1LWIxNzItNDkzZmYwNDllYjI5L3Jlc291cmNlR3JvdXBzL3BzNjIyOC9wcm92aWRlcnMvTWljcm9zb2Z0LlNxbC9zZXJ2ZXJzL3BzMjg2MC9kYXRhYmFzZXMvcHM2MDYxP2FwaS12ZXJzaW9uPTIwMjItMDgtMDEtcHJldmlldw==",
      "RequestMethod": "GET",
      "RequestHeaders": {
        "x-ms-client-request-id": [
          "c0e5256a-6020-4333-b4e5-fa52d7f23c88"
        ],
        "User-Agent": [
          "FxVersion/4.700.22.55902",
          "OSName/Windows",
          "OSVersion/Microsoft.Windows.10.0.22621",
          "Microsoft.Azure.Management.Sql.SqlManagementClient/4.3.0"
        ]
      },
      "RequestBody": "",
      "ResponseHeaders": {
        "Cache-Control": [
          "no-cache"
        ],
        "Pragma": [
          "no-cache"
        ],
        "x-ms-request-id": [
          "ac7e4faa-8594-43d1-9d6e-fbe253bd5f9c"
        ],
        "Server": [
          "Microsoft-HTTPAPI/2.0"
        ],
        "x-ms-ratelimit-remaining-subscription-reads": [
          "11980"
        ],
        "x-ms-correlation-request-id": [
          "637e91e4-1468-4a32-948a-b089da7bb96f"
        ],
        "x-ms-routing-request-id": [
          "WESTCENTRALUS:20230217T210601Z:637e91e4-1468-4a32-948a-b089da7bb96f"
        ],
        "Strict-Transport-Security": [
          "max-age=31536000; includeSubDomains"
        ],
        "X-Content-Type-Options": [
          "nosniff"
        ],
        "Date": [
          "Fri, 17 Feb 2023 21:06:01 GMT"
        ],
        "Content-Length": [
          "1119"
        ],
        "Content-Type": [
          "application/json; charset=utf-8"
        ],
        "Expires": [
          "-1"
        ]
      },
      "ResponseBody": "{\r\n  \"sku\": {\r\n    \"name\": \"DataWarehouse\",\r\n    \"tier\": \"DataWarehouse\",\r\n    \"capacity\": 900\r\n  },\r\n  \"kind\": \"v12.0,user,datawarehouse,gen2\",\r\n  \"properties\": {\r\n    \"collation\": \"SQL_Latin1_General_CP1_CI_AS\",\r\n    \"maxSizeBytes\": 268435456000,\r\n    \"status\": \"Online\",\r\n    \"databaseId\": \"00c182d6-f00c-4ddf-899d-9a3f113fe192\",\r\n    \"creationDate\": \"2023-02-17T21:05:47.42Z\",\r\n    \"currentServiceObjectiveName\": \"DW100c\",\r\n    \"requestedServiceObjectiveName\": \"DW100c\",\r\n    \"defaultSecondaryLocation\": \"northeurope\",\r\n    \"catalogCollation\": \"SQL_Latin1_General_CP1_CI_AS\",\r\n    \"readScale\": \"Disabled\",\r\n    \"currentSku\": {\r\n      \"name\": \"DataWarehouse\",\r\n      \"tier\": \"DataWarehouse\",\r\n      \"capacity\": 900\r\n    },\r\n    \"currentBackupStorageRedundancy\": \"Geo\",\r\n    \"requestedBackupStorageRedundancy\": \"Geo\",\r\n    \"maintenanceConfigurationId\": \"/subscriptions/2c647056-bab2-4175-b172-493ff049eb29/providers/Microsoft.Maintenance/publicMaintenanceConfigurations/SQL_Default\",\r\n    \"isLedgerOn\": false,\r\n    \"isInfraEncryptionEnabled\": false,\r\n    \"availabilityZone\": \"NoPreference\"\r\n  },\r\n  \"location\": \"westeurope\",\r\n  \"id\": \"/subscriptions/2c647056-bab2-4175-b172-493ff049eb29/resourceGroups/ps6228/providers/Microsoft.Sql/servers/ps2860/databases/ps6061\",\r\n  \"name\": \"ps6061\",\r\n  \"type\": \"Microsoft.Sql/servers/databases\"\r\n}",
      "StatusCode": 200
    },
    {
      "RequestUri": "/subscriptions/2c647056-bab2-4175-b172-493ff049eb29/resourceGroups/ps6228/providers/Microsoft.Sql/servers/ps2860/databases/ps6061?api-version=2022-08-01-preview",
      "EncodedRequestUri": "L3N1YnNjcmlwdGlvbnMvMmM2NDcwNTYtYmFiMi00MTc1LWIxNzItNDkzZmYwNDllYjI5L3Jlc291cmNlR3JvdXBzL3BzNjIyOC9wcm92aWRlcnMvTWljcm9zb2Z0LlNxbC9zZXJ2ZXJzL3BzMjg2MC9kYXRhYmFzZXMvcHM2MDYxP2FwaS12ZXJzaW9uPTIwMjItMDgtMDEtcHJldmlldw==",
      "RequestMethod": "GET",
      "RequestHeaders": {
        "x-ms-client-request-id": [
          "d4bed065-ae69-46e0-95b9-0519daf91491"
        ],
        "Accept-Language": [
          "en-US"
        ],
        "User-Agent": [
          "FxVersion/4.700.22.55902",
          "OSName/Windows",
          "OSVersion/Microsoft.Windows.10.0.22621",
          "Microsoft.Azure.Management.Sql.SqlManagementClient/4.3.0"
        ]
      },
      "RequestBody": "",
      "ResponseHeaders": {
        "Cache-Control": [
          "no-cache"
        ],
        "Pragma": [
          "no-cache"
        ],
        "x-ms-request-id": [
          "4d8f6224-19bd-43dd-912c-7c48bee0417c"
        ],
        "Server": [
          "Microsoft-HTTPAPI/2.0"
        ],
        "x-ms-ratelimit-remaining-subscription-reads": [
          "11999"
        ],
        "x-ms-correlation-request-id": [
          "a6f6116b-e74a-4baf-8b95-b217427b9e04"
        ],
        "x-ms-routing-request-id": [
          "WESTUS:20230217T210603Z:a6f6116b-e74a-4baf-8b95-b217427b9e04"
        ],
        "Strict-Transport-Security": [
          "max-age=31536000; includeSubDomains"
        ],
        "X-Content-Type-Options": [
          "nosniff"
        ],
        "Date": [
          "Fri, 17 Feb 2023 21:06:03 GMT"
        ],
        "Content-Length": [
          "1119"
        ],
        "Content-Type": [
          "application/json; charset=utf-8"
        ],
        "Expires": [
          "-1"
        ]
      },
      "ResponseBody": "{\r\n  \"sku\": {\r\n    \"name\": \"DataWarehouse\",\r\n    \"tier\": \"DataWarehouse\",\r\n    \"capacity\": 900\r\n  },\r\n  \"kind\": \"v12.0,user,datawarehouse,gen2\",\r\n  \"properties\": {\r\n    \"collation\": \"SQL_Latin1_General_CP1_CI_AS\",\r\n    \"maxSizeBytes\": 268435456000,\r\n    \"status\": \"Online\",\r\n    \"databaseId\": \"00c182d6-f00c-4ddf-899d-9a3f113fe192\",\r\n    \"creationDate\": \"2023-02-17T21:05:47.42Z\",\r\n    \"currentServiceObjectiveName\": \"DW100c\",\r\n    \"requestedServiceObjectiveName\": \"DW100c\",\r\n    \"defaultSecondaryLocation\": \"northeurope\",\r\n    \"catalogCollation\": \"SQL_Latin1_General_CP1_CI_AS\",\r\n    \"readScale\": \"Disabled\",\r\n    \"currentSku\": {\r\n      \"name\": \"DataWarehouse\",\r\n      \"tier\": \"DataWarehouse\",\r\n      \"capacity\": 900\r\n    },\r\n    \"currentBackupStorageRedundancy\": \"Geo\",\r\n    \"requestedBackupStorageRedundancy\": \"Geo\",\r\n    \"maintenanceConfigurationId\": \"/subscriptions/2c647056-bab2-4175-b172-493ff049eb29/providers/Microsoft.Maintenance/publicMaintenanceConfigurations/SQL_Default\",\r\n    \"isLedgerOn\": false,\r\n    \"isInfraEncryptionEnabled\": false,\r\n    \"availabilityZone\": \"NoPreference\"\r\n  },\r\n  \"location\": \"westeurope\",\r\n  \"id\": \"/subscriptions/2c647056-bab2-4175-b172-493ff049eb29/resourceGroups/ps6228/providers/Microsoft.Sql/servers/ps2860/databases/ps6061\",\r\n  \"name\": \"ps6061\",\r\n  \"type\": \"Microsoft.Sql/servers/databases\"\r\n}",
      "StatusCode": 200
    },
    {
      "RequestUri": "/subscriptions/2c647056-bab2-4175-b172-493ff049eb29/resourceGroups/ps6228/providers/Microsoft.Sql/servers/ps2860/databases/ps6061?api-version=2022-08-01-preview",
      "EncodedRequestUri": "L3N1YnNjcmlwdGlvbnMvMmM2NDcwNTYtYmFiMi00MTc1LWIxNzItNDkzZmYwNDllYjI5L3Jlc291cmNlR3JvdXBzL3BzNjIyOC9wcm92aWRlcnMvTWljcm9zb2Z0LlNxbC9zZXJ2ZXJzL3BzMjg2MC9kYXRhYmFzZXMvcHM2MDYxP2FwaS12ZXJzaW9uPTIwMjItMDgtMDEtcHJldmlldw==",
      "RequestMethod": "PUT",
      "RequestHeaders": {
        "x-ms-client-request-id": [
          "c0e5256a-6020-4333-b4e5-fa52d7f23c88"
        ],
        "Accept-Language": [
          "en-US"
        ],
        "User-Agent": [
          "FxVersion/4.700.22.55902",
          "OSName/Windows",
          "OSVersion/Microsoft.Windows.10.0.22621",
          "Microsoft.Azure.Management.Sql.SqlManagementClient/4.3.0"
        ],
        "Content-Type": [
          "application/json; charset=utf-8"
        ],
        "Content-Length": [
          "250"
        ]
      },
      "RequestBody": "{\r\n  \"sku\": {\r\n    \"name\": \"DW100c\",\r\n    \"tier\": \"DataWarehouse\"\r\n  },\r\n  \"properties\": {\r\n    \"collation\": \"SQL_Latin1_General_CP1_CI_AS\",\r\n    \"maxSizeBytes\": 268435456000,\r\n    \"readScale\": \"\",\r\n    \"keys\": {}\r\n  },\r\n  \"location\": \"westeurope\"\r\n}",
      "ResponseHeaders": {
        "Cache-Control": [
          "no-cache"
        ],
        "Pragma": [
          "no-cache"
        ],
        "Location": [
          "https://management.azure.com/subscriptions/2c647056-bab2-4175-b172-493ff049eb29/resourceGroups/ps6228/providers/Microsoft.Sql/locations/westeurope/databaseOperationResults/755983d8-6b87-4bac-b30f-58a4d0c8fbc0?api-version=2022-08-01-preview"
        ],
        "Retry-After": [
          "15"
        ],
        "Azure-AsyncOperation": [
          "https://management.azure.com/subscriptions/2c647056-bab2-4175-b172-493ff049eb29/resourceGroups/ps6228/providers/Microsoft.Sql/locations/westeurope/databaseAzureAsyncOperation/755983d8-6b87-4bac-b30f-58a4d0c8fbc0?api-version=2022-08-01-preview"
        ],
        "x-ms-request-id": [
          "755983d8-6b87-4bac-b30f-58a4d0c8fbc0"
        ],
        "Server": [
          "Microsoft-HTTPAPI/2.0"
        ],
        "x-ms-ratelimit-remaining-subscription-writes": [
          "1199"
        ],
        "x-ms-correlation-request-id": [
          "ae355823-493e-4b43-bc63-62f1d1fa757c"
        ],
        "x-ms-routing-request-id": [
          "WESTCENTRALUS:20230217T210110Z:ae355823-493e-4b43-bc63-62f1d1fa757c"
        ],
        "Strict-Transport-Security": [
          "max-age=31536000; includeSubDomains"
        ],
        "X-Content-Type-Options": [
          "nosniff"
        ],
        "Date": [
          "Fri, 17 Feb 2023 21:01:09 GMT"
        ],
        "Content-Length": [
          "76"
        ],
        "Content-Type": [
          "application/json; charset=utf-8"
        ],
        "Expires": [
          "-1"
        ]
      },
      "ResponseBody": "{\r\n  \"operation\": \"CreateLogicalDatabase\",\r\n  \"startTime\": \"2023-02-17T21:01:10.167Z\"\r\n}",
      "StatusCode": 202
    },
    {
      "RequestUri": "/subscriptions/2c647056-bab2-4175-b172-493ff049eb29/resourceGroups/ps6228/providers/Microsoft.Sql/locations/westeurope/databaseAzureAsyncOperation/755983d8-6b87-4bac-b30f-58a4d0c8fbc0?api-version=2022-08-01-preview",
      "EncodedRequestUri": "L3N1YnNjcmlwdGlvbnMvMmM2NDcwNTYtYmFiMi00MTc1LWIxNzItNDkzZmYwNDllYjI5L3Jlc291cmNlR3JvdXBzL3BzNjIyOC9wcm92aWRlcnMvTWljcm9zb2Z0LlNxbC9sb2NhdGlvbnMvd2VzdGV1cm9wZS9kYXRhYmFzZUF6dXJlQXN5bmNPcGVyYXRpb24vNzU1OTgzZDgtNmI4Ny00YmFjLWIzMGYtNThhNGQwYzhmYmMwP2FwaS12ZXJzaW9uPTIwMjItMDgtMDEtcHJldmlldw==",
      "RequestMethod": "GET",
      "RequestHeaders": {
        "x-ms-client-request-id": [
          "c0e5256a-6020-4333-b4e5-fa52d7f23c88"
        ],
        "User-Agent": [
          "FxVersion/4.700.22.55902",
          "OSName/Windows",
          "OSVersion/Microsoft.Windows.10.0.22621",
          "Microsoft.Azure.Management.Sql.SqlManagementClient/4.3.0"
        ]
      },
      "RequestBody": "",
      "ResponseHeaders": {
        "Cache-Control": [
          "no-cache"
        ],
        "Pragma": [
          "no-cache"
        ],
        "Retry-After": [
          "15"
        ],
        "x-ms-request-id": [
          "8a3bbefb-b462-4268-8781-e4be2ce3ddd5"
        ],
        "Server": [
          "Microsoft-HTTPAPI/2.0"
        ],
        "x-ms-ratelimit-remaining-subscription-reads": [
          "11999"
        ],
        "x-ms-correlation-request-id": [
          "25e71584-411e-4b8c-acd3-e60a044f0782"
        ],
        "x-ms-routing-request-id": [
          "WESTCENTRALUS:20230217T210125Z:25e71584-411e-4b8c-acd3-e60a044f0782"
        ],
        "Strict-Transport-Security": [
          "max-age=31536000; includeSubDomains"
        ],
        "X-Content-Type-Options": [
          "nosniff"
        ],
        "Date": [
          "Fri, 17 Feb 2023 21:01:25 GMT"
        ],
        "Content-Length": [
          "108"
        ],
        "Content-Type": [
          "application/json; charset=utf-8"
        ],
        "Expires": [
          "-1"
        ]
      },
      "ResponseBody": "{\r\n  \"name\": \"755983d8-6b87-4bac-b30f-58a4d0c8fbc0\",\r\n  \"status\": \"InProgress\",\r\n  \"startTime\": \"2023-02-17T21:01:10.167Z\"\r\n}",
      "StatusCode": 200
    },
    {
      "RequestUri": "/subscriptions/2c647056-bab2-4175-b172-493ff049eb29/resourceGroups/ps6228/providers/Microsoft.Sql/locations/westeurope/databaseAzureAsyncOperation/755983d8-6b87-4bac-b30f-58a4d0c8fbc0?api-version=2022-08-01-preview",
      "EncodedRequestUri": "L3N1YnNjcmlwdGlvbnMvMmM2NDcwNTYtYmFiMi00MTc1LWIxNzItNDkzZmYwNDllYjI5L3Jlc291cmNlR3JvdXBzL3BzNjIyOC9wcm92aWRlcnMvTWljcm9zb2Z0LlNxbC9sb2NhdGlvbnMvd2VzdGV1cm9wZS9kYXRhYmFzZUF6dXJlQXN5bmNPcGVyYXRpb24vNzU1OTgzZDgtNmI4Ny00YmFjLWIzMGYtNThhNGQwYzhmYmMwP2FwaS12ZXJzaW9uPTIwMjItMDgtMDEtcHJldmlldw==",
      "RequestMethod": "GET",
      "RequestHeaders": {
        "x-ms-client-request-id": [
          "c0e5256a-6020-4333-b4e5-fa52d7f23c88"
        ],
        "User-Agent": [
          "FxVersion/4.700.22.55902",
          "OSName/Windows",
          "OSVersion/Microsoft.Windows.10.0.22621",
          "Microsoft.Azure.Management.Sql.SqlManagementClient/4.3.0"
        ]
      },
      "RequestBody": "",
      "ResponseHeaders": {
        "Cache-Control": [
          "no-cache"
        ],
        "Pragma": [
          "no-cache"
        ],
        "Retry-After": [
          "15"
        ],
        "x-ms-request-id": [
          "da269c4b-f40a-461b-bd29-f31d927bb2da"
        ],
        "Server": [
          "Microsoft-HTTPAPI/2.0"
        ],
        "x-ms-ratelimit-remaining-subscription-reads": [
          "11998"
        ],
        "x-ms-correlation-request-id": [
          "9fd7dccf-0007-44ba-adf3-ab593a4cd3d3"
        ],
        "x-ms-routing-request-id": [
          "WESTCENTRALUS:20230217T210141Z:9fd7dccf-0007-44ba-adf3-ab593a4cd3d3"
        ],
        "Strict-Transport-Security": [
          "max-age=31536000; includeSubDomains"
        ],
        "X-Content-Type-Options": [
          "nosniff"
        ],
        "Date": [
          "Fri, 17 Feb 2023 21:01:40 GMT"
        ],
        "Content-Length": [
          "108"
        ],
        "Content-Type": [
          "application/json; charset=utf-8"
        ],
        "Expires": [
          "-1"
        ]
      },
      "ResponseBody": "{\r\n  \"name\": \"755983d8-6b87-4bac-b30f-58a4d0c8fbc0\",\r\n  \"status\": \"InProgress\",\r\n  \"startTime\": \"2023-02-17T21:01:10.167Z\"\r\n}",
      "StatusCode": 200
    },
    {
      "RequestUri": "/subscriptions/2c647056-bab2-4175-b172-493ff049eb29/resourceGroups/ps6228/providers/Microsoft.Sql/locations/westeurope/databaseAzureAsyncOperation/755983d8-6b87-4bac-b30f-58a4d0c8fbc0?api-version=2022-08-01-preview",
      "EncodedRequestUri": "L3N1YnNjcmlwdGlvbnMvMmM2NDcwNTYtYmFiMi00MTc1LWIxNzItNDkzZmYwNDllYjI5L3Jlc291cmNlR3JvdXBzL3BzNjIyOC9wcm92aWRlcnMvTWljcm9zb2Z0LlNxbC9sb2NhdGlvbnMvd2VzdGV1cm9wZS9kYXRhYmFzZUF6dXJlQXN5bmNPcGVyYXRpb24vNzU1OTgzZDgtNmI4Ny00YmFjLWIzMGYtNThhNGQwYzhmYmMwP2FwaS12ZXJzaW9uPTIwMjItMDgtMDEtcHJldmlldw==",
      "RequestMethod": "GET",
      "RequestHeaders": {
        "x-ms-client-request-id": [
          "c0e5256a-6020-4333-b4e5-fa52d7f23c88"
        ],
        "User-Agent": [
          "FxVersion/4.700.22.55902",
          "OSName/Windows",
          "OSVersion/Microsoft.Windows.10.0.22621",
          "Microsoft.Azure.Management.Sql.SqlManagementClient/4.3.0"
        ]
      },
      "RequestBody": "",
      "ResponseHeaders": {
        "Cache-Control": [
          "no-cache"
        ],
        "Pragma": [
          "no-cache"
        ],
        "Retry-After": [
          "15"
        ],
        "x-ms-request-id": [
          "750d7854-8513-47f0-9eeb-ba1781fa052f"
        ],
        "Server": [
          "Microsoft-HTTPAPI/2.0"
        ],
        "x-ms-ratelimit-remaining-subscription-reads": [
          "11997"
        ],
        "x-ms-correlation-request-id": [
          "bbbf5018-7e82-4371-9cd4-3a0814261273"
        ],
        "x-ms-routing-request-id": [
          "WESTCENTRALUS:20230217T210156Z:bbbf5018-7e82-4371-9cd4-3a0814261273"
        ],
        "Strict-Transport-Security": [
          "max-age=31536000; includeSubDomains"
        ],
        "X-Content-Type-Options": [
          "nosniff"
        ],
        "Date": [
          "Fri, 17 Feb 2023 21:01:56 GMT"
        ],
        "Content-Length": [
          "108"
        ],
        "Content-Type": [
          "application/json; charset=utf-8"
        ],
        "Expires": [
          "-1"
        ]
      },
      "ResponseBody": "{\r\n  \"name\": \"755983d8-6b87-4bac-b30f-58a4d0c8fbc0\",\r\n  \"status\": \"InProgress\",\r\n  \"startTime\": \"2023-02-17T21:01:10.167Z\"\r\n}",
      "StatusCode": 200
    },
    {
      "RequestUri": "/subscriptions/2c647056-bab2-4175-b172-493ff049eb29/resourceGroups/ps6228/providers/Microsoft.Sql/locations/westeurope/databaseAzureAsyncOperation/755983d8-6b87-4bac-b30f-58a4d0c8fbc0?api-version=2022-08-01-preview",
      "EncodedRequestUri": "L3N1YnNjcmlwdGlvbnMvMmM2NDcwNTYtYmFiMi00MTc1LWIxNzItNDkzZmYwNDllYjI5L3Jlc291cmNlR3JvdXBzL3BzNjIyOC9wcm92aWRlcnMvTWljcm9zb2Z0LlNxbC9sb2NhdGlvbnMvd2VzdGV1cm9wZS9kYXRhYmFzZUF6dXJlQXN5bmNPcGVyYXRpb24vNzU1OTgzZDgtNmI4Ny00YmFjLWIzMGYtNThhNGQwYzhmYmMwP2FwaS12ZXJzaW9uPTIwMjItMDgtMDEtcHJldmlldw==",
      "RequestMethod": "GET",
      "RequestHeaders": {
        "x-ms-client-request-id": [
          "c0e5256a-6020-4333-b4e5-fa52d7f23c88"
        ],
        "User-Agent": [
          "FxVersion/4.700.22.55902",
          "OSName/Windows",
          "OSVersion/Microsoft.Windows.10.0.22621",
          "Microsoft.Azure.Management.Sql.SqlManagementClient/4.3.0"
        ]
      },
      "RequestBody": "",
      "ResponseHeaders": {
        "Cache-Control": [
          "no-cache"
        ],
        "Pragma": [
          "no-cache"
        ],
        "Retry-After": [
          "15"
        ],
        "x-ms-request-id": [
          "5053326a-d9b5-416e-8a7a-e73eedab27f3"
        ],
        "Server": [
          "Microsoft-HTTPAPI/2.0"
        ],
        "x-ms-ratelimit-remaining-subscription-reads": [
          "11996"
        ],
        "x-ms-correlation-request-id": [
          "230c5032-7af2-4d59-9938-0323a8874d04"
        ],
        "x-ms-routing-request-id": [
          "WESTCENTRALUS:20230217T210211Z:230c5032-7af2-4d59-9938-0323a8874d04"
        ],
        "Strict-Transport-Security": [
          "max-age=31536000; includeSubDomains"
        ],
        "X-Content-Type-Options": [
          "nosniff"
        ],
        "Date": [
          "Fri, 17 Feb 2023 21:02:11 GMT"
        ],
        "Content-Length": [
          "108"
        ],
        "Content-Type": [
          "application/json; charset=utf-8"
        ],
        "Expires": [
          "-1"
        ]
      },
      "ResponseBody": "{\r\n  \"name\": \"755983d8-6b87-4bac-b30f-58a4d0c8fbc0\",\r\n  \"status\": \"InProgress\",\r\n  \"startTime\": \"2023-02-17T21:01:10.167Z\"\r\n}",
      "StatusCode": 200
    },
    {
      "RequestUri": "/subscriptions/2c647056-bab2-4175-b172-493ff049eb29/resourceGroups/ps6228/providers/Microsoft.Sql/locations/westeurope/databaseAzureAsyncOperation/755983d8-6b87-4bac-b30f-58a4d0c8fbc0?api-version=2022-08-01-preview",
      "EncodedRequestUri": "L3N1YnNjcmlwdGlvbnMvMmM2NDcwNTYtYmFiMi00MTc1LWIxNzItNDkzZmYwNDllYjI5L3Jlc291cmNlR3JvdXBzL3BzNjIyOC9wcm92aWRlcnMvTWljcm9zb2Z0LlNxbC9sb2NhdGlvbnMvd2VzdGV1cm9wZS9kYXRhYmFzZUF6dXJlQXN5bmNPcGVyYXRpb24vNzU1OTgzZDgtNmI4Ny00YmFjLWIzMGYtNThhNGQwYzhmYmMwP2FwaS12ZXJzaW9uPTIwMjItMDgtMDEtcHJldmlldw==",
      "RequestMethod": "GET",
      "RequestHeaders": {
        "x-ms-client-request-id": [
          "c0e5256a-6020-4333-b4e5-fa52d7f23c88"
        ],
        "User-Agent": [
          "FxVersion/4.700.22.55902",
          "OSName/Windows",
          "OSVersion/Microsoft.Windows.10.0.22621",
          "Microsoft.Azure.Management.Sql.SqlManagementClient/4.3.0"
        ]
      },
      "RequestBody": "",
      "ResponseHeaders": {
        "Cache-Control": [
          "no-cache"
        ],
        "Pragma": [
          "no-cache"
        ],
        "Retry-After": [
          "15"
        ],
        "x-ms-request-id": [
          "464660b1-5162-4c28-98b3-6efecbea025a"
        ],
        "Server": [
          "Microsoft-HTTPAPI/2.0"
        ],
        "x-ms-ratelimit-remaining-subscription-reads": [
          "11995"
        ],
        "x-ms-correlation-request-id": [
          "f87aa38c-6c4a-4bf4-9583-f38b053470f6"
        ],
        "x-ms-routing-request-id": [
          "WESTCENTRALUS:20230217T210227Z:f87aa38c-6c4a-4bf4-9583-f38b053470f6"
        ],
        "Strict-Transport-Security": [
          "max-age=31536000; includeSubDomains"
        ],
        "X-Content-Type-Options": [
          "nosniff"
        ],
        "Date": [
          "Fri, 17 Feb 2023 21:02:27 GMT"
        ],
        "Content-Length": [
          "108"
        ],
        "Content-Type": [
          "application/json; charset=utf-8"
        ],
        "Expires": [
          "-1"
        ]
      },
      "ResponseBody": "{\r\n  \"name\": \"755983d8-6b87-4bac-b30f-58a4d0c8fbc0\",\r\n  \"status\": \"InProgress\",\r\n  \"startTime\": \"2023-02-17T21:01:10.167Z\"\r\n}",
      "StatusCode": 200
    },
    {
      "RequestUri": "/subscriptions/2c647056-bab2-4175-b172-493ff049eb29/resourceGroups/ps6228/providers/Microsoft.Sql/locations/westeurope/databaseAzureAsyncOperation/755983d8-6b87-4bac-b30f-58a4d0c8fbc0?api-version=2022-08-01-preview",
      "EncodedRequestUri": "L3N1YnNjcmlwdGlvbnMvMmM2NDcwNTYtYmFiMi00MTc1LWIxNzItNDkzZmYwNDllYjI5L3Jlc291cmNlR3JvdXBzL3BzNjIyOC9wcm92aWRlcnMvTWljcm9zb2Z0LlNxbC9sb2NhdGlvbnMvd2VzdGV1cm9wZS9kYXRhYmFzZUF6dXJlQXN5bmNPcGVyYXRpb24vNzU1OTgzZDgtNmI4Ny00YmFjLWIzMGYtNThhNGQwYzhmYmMwP2FwaS12ZXJzaW9uPTIwMjItMDgtMDEtcHJldmlldw==",
      "RequestMethod": "GET",
      "RequestHeaders": {
        "x-ms-client-request-id": [
          "c0e5256a-6020-4333-b4e5-fa52d7f23c88"
        ],
        "User-Agent": [
          "FxVersion/4.700.22.55902",
          "OSName/Windows",
          "OSVersion/Microsoft.Windows.10.0.22621",
          "Microsoft.Azure.Management.Sql.SqlManagementClient/4.3.0"
        ]
      },
      "RequestBody": "",
      "ResponseHeaders": {
        "Cache-Control": [
          "no-cache"
        ],
        "Pragma": [
          "no-cache"
        ],
        "Retry-After": [
          "15"
        ],
        "x-ms-request-id": [
          "24332441-2ab5-4da9-85a9-5e007dd27abf"
        ],
        "Server": [
          "Microsoft-HTTPAPI/2.0"
        ],
        "x-ms-ratelimit-remaining-subscription-reads": [
          "11994"
        ],
        "x-ms-correlation-request-id": [
          "47f17798-8023-4cff-b181-67c56485d156"
        ],
        "x-ms-routing-request-id": [
          "WESTCENTRALUS:20230217T210242Z:47f17798-8023-4cff-b181-67c56485d156"
        ],
        "Strict-Transport-Security": [
          "max-age=31536000; includeSubDomains"
        ],
        "X-Content-Type-Options": [
          "nosniff"
        ],
        "Date": [
          "Fri, 17 Feb 2023 21:02:41 GMT"
        ],
        "Content-Length": [
          "108"
        ],
        "Content-Type": [
          "application/json; charset=utf-8"
        ],
        "Expires": [
          "-1"
        ]
      },
      "ResponseBody": "{\r\n  \"name\": \"755983d8-6b87-4bac-b30f-58a4d0c8fbc0\",\r\n  \"status\": \"InProgress\",\r\n  \"startTime\": \"2023-02-17T21:01:10.167Z\"\r\n}",
      "StatusCode": 200
    },
    {
      "RequestUri": "/subscriptions/2c647056-bab2-4175-b172-493ff049eb29/resourceGroups/ps6228/providers/Microsoft.Sql/locations/westeurope/databaseAzureAsyncOperation/755983d8-6b87-4bac-b30f-58a4d0c8fbc0?api-version=2022-08-01-preview",
      "EncodedRequestUri": "L3N1YnNjcmlwdGlvbnMvMmM2NDcwNTYtYmFiMi00MTc1LWIxNzItNDkzZmYwNDllYjI5L3Jlc291cmNlR3JvdXBzL3BzNjIyOC9wcm92aWRlcnMvTWljcm9zb2Z0LlNxbC9sb2NhdGlvbnMvd2VzdGV1cm9wZS9kYXRhYmFzZUF6dXJlQXN5bmNPcGVyYXRpb24vNzU1OTgzZDgtNmI4Ny00YmFjLWIzMGYtNThhNGQwYzhmYmMwP2FwaS12ZXJzaW9uPTIwMjItMDgtMDEtcHJldmlldw==",
      "RequestMethod": "GET",
      "RequestHeaders": {
        "x-ms-client-request-id": [
          "c0e5256a-6020-4333-b4e5-fa52d7f23c88"
        ],
        "User-Agent": [
          "FxVersion/4.700.22.55902",
          "OSName/Windows",
          "OSVersion/Microsoft.Windows.10.0.22621",
          "Microsoft.Azure.Management.Sql.SqlManagementClient/4.3.0"
        ]
      },
      "RequestBody": "",
      "ResponseHeaders": {
        "Cache-Control": [
          "no-cache"
        ],
        "Pragma": [
          "no-cache"
        ],
        "Retry-After": [
          "15"
        ],
        "x-ms-request-id": [
          "34825473-4625-4435-b136-e2f6639127ab"
        ],
        "Server": [
          "Microsoft-HTTPAPI/2.0"
        ],
        "x-ms-ratelimit-remaining-subscription-reads": [
          "11993"
        ],
        "x-ms-correlation-request-id": [
          "42baa47d-ced9-47f1-aec4-0b941b46336d"
        ],
        "x-ms-routing-request-id": [
          "WESTCENTRALUS:20230217T210257Z:42baa47d-ced9-47f1-aec4-0b941b46336d"
        ],
        "Strict-Transport-Security": [
          "max-age=31536000; includeSubDomains"
        ],
        "X-Content-Type-Options": [
          "nosniff"
        ],
        "Date": [
          "Fri, 17 Feb 2023 21:02:57 GMT"
        ],
        "Content-Length": [
          "108"
        ],
        "Content-Type": [
          "application/json; charset=utf-8"
        ],
        "Expires": [
          "-1"
        ]
      },
      "ResponseBody": "{\r\n  \"name\": \"755983d8-6b87-4bac-b30f-58a4d0c8fbc0\",\r\n  \"status\": \"InProgress\",\r\n  \"startTime\": \"2023-02-17T21:01:10.167Z\"\r\n}",
      "StatusCode": 200
    },
    {
      "RequestUri": "/subscriptions/2c647056-bab2-4175-b172-493ff049eb29/resourceGroups/ps6228/providers/Microsoft.Sql/locations/westeurope/databaseAzureAsyncOperation/755983d8-6b87-4bac-b30f-58a4d0c8fbc0?api-version=2022-08-01-preview",
      "EncodedRequestUri": "L3N1YnNjcmlwdGlvbnMvMmM2NDcwNTYtYmFiMi00MTc1LWIxNzItNDkzZmYwNDllYjI5L3Jlc291cmNlR3JvdXBzL3BzNjIyOC9wcm92aWRlcnMvTWljcm9zb2Z0LlNxbC9sb2NhdGlvbnMvd2VzdGV1cm9wZS9kYXRhYmFzZUF6dXJlQXN5bmNPcGVyYXRpb24vNzU1OTgzZDgtNmI4Ny00YmFjLWIzMGYtNThhNGQwYzhmYmMwP2FwaS12ZXJzaW9uPTIwMjItMDgtMDEtcHJldmlldw==",
      "RequestMethod": "GET",
      "RequestHeaders": {
        "x-ms-client-request-id": [
          "c0e5256a-6020-4333-b4e5-fa52d7f23c88"
        ],
        "User-Agent": [
          "FxVersion/4.700.22.55902",
          "OSName/Windows",
          "OSVersion/Microsoft.Windows.10.0.22621",
          "Microsoft.Azure.Management.Sql.SqlManagementClient/4.3.0"
        ]
      },
      "RequestBody": "",
      "ResponseHeaders": {
        "Cache-Control": [
          "no-cache"
        ],
        "Pragma": [
          "no-cache"
        ],
        "Retry-After": [
          "15"
        ],
        "x-ms-request-id": [
          "fbd20774-731b-4e8e-851c-f123a3730a78"
        ],
        "Server": [
          "Microsoft-HTTPAPI/2.0"
        ],
        "x-ms-ratelimit-remaining-subscription-reads": [
          "11992"
        ],
        "x-ms-correlation-request-id": [
          "f92db3c6-76d8-4e81-a2ac-cd59d1f7ac4c"
        ],
        "x-ms-routing-request-id": [
          "WESTCENTRALUS:20230217T210312Z:f92db3c6-76d8-4e81-a2ac-cd59d1f7ac4c"
        ],
        "Strict-Transport-Security": [
          "max-age=31536000; includeSubDomains"
        ],
        "X-Content-Type-Options": [
          "nosniff"
        ],
        "Date": [
          "Fri, 17 Feb 2023 21:03:12 GMT"
        ],
        "Content-Length": [
          "108"
        ],
        "Content-Type": [
          "application/json; charset=utf-8"
        ],
        "Expires": [
          "-1"
        ]
      },
      "ResponseBody": "{\r\n  \"name\": \"755983d8-6b87-4bac-b30f-58a4d0c8fbc0\",\r\n  \"status\": \"InProgress\",\r\n  \"startTime\": \"2023-02-17T21:01:10.167Z\"\r\n}",
      "StatusCode": 200
    },
    {
      "RequestUri": "/subscriptions/2c647056-bab2-4175-b172-493ff049eb29/resourceGroups/ps6228/providers/Microsoft.Sql/locations/westeurope/databaseAzureAsyncOperation/755983d8-6b87-4bac-b30f-58a4d0c8fbc0?api-version=2022-08-01-preview",
      "EncodedRequestUri": "L3N1YnNjcmlwdGlvbnMvMmM2NDcwNTYtYmFiMi00MTc1LWIxNzItNDkzZmYwNDllYjI5L3Jlc291cmNlR3JvdXBzL3BzNjIyOC9wcm92aWRlcnMvTWljcm9zb2Z0LlNxbC9sb2NhdGlvbnMvd2VzdGV1cm9wZS9kYXRhYmFzZUF6dXJlQXN5bmNPcGVyYXRpb24vNzU1OTgzZDgtNmI4Ny00YmFjLWIzMGYtNThhNGQwYzhmYmMwP2FwaS12ZXJzaW9uPTIwMjItMDgtMDEtcHJldmlldw==",
      "RequestMethod": "GET",
      "RequestHeaders": {
        "x-ms-client-request-id": [
          "c0e5256a-6020-4333-b4e5-fa52d7f23c88"
        ],
        "User-Agent": [
          "FxVersion/4.700.22.55902",
          "OSName/Windows",
          "OSVersion/Microsoft.Windows.10.0.22621",
          "Microsoft.Azure.Management.Sql.SqlManagementClient/4.3.0"
        ]
      },
      "RequestBody": "",
      "ResponseHeaders": {
        "Cache-Control": [
          "no-cache"
        ],
        "Pragma": [
          "no-cache"
        ],
        "Retry-After": [
          "15"
        ],
        "x-ms-request-id": [
          "61f8a9fd-48d6-4247-8e69-bbdd2d2b01ef"
        ],
        "Server": [
          "Microsoft-HTTPAPI/2.0"
        ],
        "x-ms-ratelimit-remaining-subscription-reads": [
          "11991"
        ],
        "x-ms-correlation-request-id": [
          "b2d532a6-9516-4683-9998-cf6094a45fae"
        ],
        "x-ms-routing-request-id": [
          "WESTCENTRALUS:20230217T210328Z:b2d532a6-9516-4683-9998-cf6094a45fae"
        ],
        "Strict-Transport-Security": [
          "max-age=31536000; includeSubDomains"
        ],
        "X-Content-Type-Options": [
          "nosniff"
        ],
        "Date": [
          "Fri, 17 Feb 2023 21:03:27 GMT"
        ],
        "Content-Length": [
          "108"
        ],
        "Content-Type": [
          "application/json; charset=utf-8"
        ],
        "Expires": [
          "-1"
        ]
      },
      "ResponseBody": "{\r\n  \"name\": \"755983d8-6b87-4bac-b30f-58a4d0c8fbc0\",\r\n  \"status\": \"InProgress\",\r\n  \"startTime\": \"2023-02-17T21:01:10.167Z\"\r\n}",
      "StatusCode": 200
    },
    {
      "RequestUri": "/subscriptions/2c647056-bab2-4175-b172-493ff049eb29/resourceGroups/ps6228/providers/Microsoft.Sql/locations/westeurope/databaseAzureAsyncOperation/755983d8-6b87-4bac-b30f-58a4d0c8fbc0?api-version=2022-08-01-preview",
      "EncodedRequestUri": "L3N1YnNjcmlwdGlvbnMvMmM2NDcwNTYtYmFiMi00MTc1LWIxNzItNDkzZmYwNDllYjI5L3Jlc291cmNlR3JvdXBzL3BzNjIyOC9wcm92aWRlcnMvTWljcm9zb2Z0LlNxbC9sb2NhdGlvbnMvd2VzdGV1cm9wZS9kYXRhYmFzZUF6dXJlQXN5bmNPcGVyYXRpb24vNzU1OTgzZDgtNmI4Ny00YmFjLWIzMGYtNThhNGQwYzhmYmMwP2FwaS12ZXJzaW9uPTIwMjItMDgtMDEtcHJldmlldw==",
      "RequestMethod": "GET",
      "RequestHeaders": {
        "x-ms-client-request-id": [
          "c0e5256a-6020-4333-b4e5-fa52d7f23c88"
        ],
        "User-Agent": [
          "FxVersion/4.700.22.55902",
          "OSName/Windows",
          "OSVersion/Microsoft.Windows.10.0.22621",
          "Microsoft.Azure.Management.Sql.SqlManagementClient/4.3.0"
        ]
      },
      "RequestBody": "",
      "ResponseHeaders": {
        "Cache-Control": [
          "no-cache"
        ],
        "Pragma": [
          "no-cache"
        ],
        "Retry-After": [
          "15"
        ],
        "x-ms-request-id": [
          "e1fa6cc3-5a16-4eaa-9f35-0887f31e10f8"
        ],
        "Server": [
          "Microsoft-HTTPAPI/2.0"
        ],
        "x-ms-ratelimit-remaining-subscription-reads": [
          "11990"
        ],
        "x-ms-correlation-request-id": [
          "9868e845-3929-48d5-9115-8b4b9c672241"
        ],
        "x-ms-routing-request-id": [
          "WESTCENTRALUS:20230217T210343Z:9868e845-3929-48d5-9115-8b4b9c672241"
        ],
        "Strict-Transport-Security": [
          "max-age=31536000; includeSubDomains"
        ],
        "X-Content-Type-Options": [
          "nosniff"
        ],
        "Date": [
          "Fri, 17 Feb 2023 21:03:42 GMT"
        ],
        "Content-Length": [
          "108"
        ],
        "Content-Type": [
          "application/json; charset=utf-8"
        ],
        "Expires": [
          "-1"
        ]
      },
      "ResponseBody": "{\r\n  \"name\": \"755983d8-6b87-4bac-b30f-58a4d0c8fbc0\",\r\n  \"status\": \"InProgress\",\r\n  \"startTime\": \"2023-02-17T21:01:10.167Z\"\r\n}",
      "StatusCode": 200
    },
    {
      "RequestUri": "/subscriptions/2c647056-bab2-4175-b172-493ff049eb29/resourceGroups/ps6228/providers/Microsoft.Sql/locations/westeurope/databaseAzureAsyncOperation/755983d8-6b87-4bac-b30f-58a4d0c8fbc0?api-version=2022-08-01-preview",
      "EncodedRequestUri": "L3N1YnNjcmlwdGlvbnMvMmM2NDcwNTYtYmFiMi00MTc1LWIxNzItNDkzZmYwNDllYjI5L3Jlc291cmNlR3JvdXBzL3BzNjIyOC9wcm92aWRlcnMvTWljcm9zb2Z0LlNxbC9sb2NhdGlvbnMvd2VzdGV1cm9wZS9kYXRhYmFzZUF6dXJlQXN5bmNPcGVyYXRpb24vNzU1OTgzZDgtNmI4Ny00YmFjLWIzMGYtNThhNGQwYzhmYmMwP2FwaS12ZXJzaW9uPTIwMjItMDgtMDEtcHJldmlldw==",
      "RequestMethod": "GET",
      "RequestHeaders": {
        "x-ms-client-request-id": [
          "c0e5256a-6020-4333-b4e5-fa52d7f23c88"
        ],
        "User-Agent": [
          "FxVersion/4.700.22.55902",
          "OSName/Windows",
          "OSVersion/Microsoft.Windows.10.0.22621",
          "Microsoft.Azure.Management.Sql.SqlManagementClient/4.3.0"
        ]
      },
      "RequestBody": "",
      "ResponseHeaders": {
        "Cache-Control": [
          "no-cache"
        ],
        "Pragma": [
          "no-cache"
        ],
        "Retry-After": [
          "15"
        ],
        "x-ms-request-id": [
          "86ead398-5be2-49eb-bb52-ee4553f6d4d1"
        ],
        "Server": [
          "Microsoft-HTTPAPI/2.0"
        ],
        "x-ms-ratelimit-remaining-subscription-reads": [
          "11989"
        ],
        "x-ms-correlation-request-id": [
          "d416018a-a722-4c86-b046-adfc11534853"
        ],
        "x-ms-routing-request-id": [
          "WESTCENTRALUS:20230217T210358Z:d416018a-a722-4c86-b046-adfc11534853"
        ],
        "Strict-Transport-Security": [
          "max-age=31536000; includeSubDomains"
        ],
        "X-Content-Type-Options": [
          "nosniff"
        ],
        "Date": [
          "Fri, 17 Feb 2023 21:03:58 GMT"
        ],
        "Content-Length": [
          "108"
        ],
        "Content-Type": [
          "application/json; charset=utf-8"
        ],
        "Expires": [
          "-1"
        ]
      },
      "ResponseBody": "{\r\n  \"name\": \"755983d8-6b87-4bac-b30f-58a4d0c8fbc0\",\r\n  \"status\": \"InProgress\",\r\n  \"startTime\": \"2023-02-17T21:01:10.167Z\"\r\n}",
      "StatusCode": 200
    },
    {
      "RequestUri": "/subscriptions/2c647056-bab2-4175-b172-493ff049eb29/resourceGroups/ps6228/providers/Microsoft.Sql/locations/westeurope/databaseAzureAsyncOperation/755983d8-6b87-4bac-b30f-58a4d0c8fbc0?api-version=2022-08-01-preview",
      "EncodedRequestUri": "L3N1YnNjcmlwdGlvbnMvMmM2NDcwNTYtYmFiMi00MTc1LWIxNzItNDkzZmYwNDllYjI5L3Jlc291cmNlR3JvdXBzL3BzNjIyOC9wcm92aWRlcnMvTWljcm9zb2Z0LlNxbC9sb2NhdGlvbnMvd2VzdGV1cm9wZS9kYXRhYmFzZUF6dXJlQXN5bmNPcGVyYXRpb24vNzU1OTgzZDgtNmI4Ny00YmFjLWIzMGYtNThhNGQwYzhmYmMwP2FwaS12ZXJzaW9uPTIwMjItMDgtMDEtcHJldmlldw==",
      "RequestMethod": "GET",
      "RequestHeaders": {
        "x-ms-client-request-id": [
          "c0e5256a-6020-4333-b4e5-fa52d7f23c88"
        ],
        "User-Agent": [
          "FxVersion/4.700.22.55902",
          "OSName/Windows",
          "OSVersion/Microsoft.Windows.10.0.22621",
          "Microsoft.Azure.Management.Sql.SqlManagementClient/4.3.0"
        ]
      },
      "RequestBody": "",
      "ResponseHeaders": {
        "Cache-Control": [
          "no-cache"
        ],
        "Pragma": [
          "no-cache"
        ],
        "Retry-After": [
          "15"
        ],
        "x-ms-request-id": [
          "74fd150b-a143-4faf-8cca-c55cfed6c6ef"
        ],
        "Server": [
          "Microsoft-HTTPAPI/2.0"
        ],
        "x-ms-ratelimit-remaining-subscription-reads": [
          "11988"
        ],
        "x-ms-correlation-request-id": [
          "f995dbc5-4577-47a2-84cf-b880f0d9c041"
        ],
        "x-ms-routing-request-id": [
          "WESTCENTRALUS:20230217T210413Z:f995dbc5-4577-47a2-84cf-b880f0d9c041"
        ],
        "Strict-Transport-Security": [
          "max-age=31536000; includeSubDomains"
        ],
        "X-Content-Type-Options": [
          "nosniff"
        ],
        "Date": [
          "Fri, 17 Feb 2023 21:04:13 GMT"
        ],
        "Content-Length": [
          "108"
        ],
        "Content-Type": [
          "application/json; charset=utf-8"
        ],
        "Expires": [
          "-1"
        ]
      },
      "ResponseBody": "{\r\n  \"name\": \"755983d8-6b87-4bac-b30f-58a4d0c8fbc0\",\r\n  \"status\": \"InProgress\",\r\n  \"startTime\": \"2023-02-17T21:01:10.167Z\"\r\n}",
      "StatusCode": 200
    },
    {
      "RequestUri": "/subscriptions/2c647056-bab2-4175-b172-493ff049eb29/resourceGroups/ps6228/providers/Microsoft.Sql/locations/westeurope/databaseAzureAsyncOperation/755983d8-6b87-4bac-b30f-58a4d0c8fbc0?api-version=2022-08-01-preview",
      "EncodedRequestUri": "L3N1YnNjcmlwdGlvbnMvMmM2NDcwNTYtYmFiMi00MTc1LWIxNzItNDkzZmYwNDllYjI5L3Jlc291cmNlR3JvdXBzL3BzNjIyOC9wcm92aWRlcnMvTWljcm9zb2Z0LlNxbC9sb2NhdGlvbnMvd2VzdGV1cm9wZS9kYXRhYmFzZUF6dXJlQXN5bmNPcGVyYXRpb24vNzU1OTgzZDgtNmI4Ny00YmFjLWIzMGYtNThhNGQwYzhmYmMwP2FwaS12ZXJzaW9uPTIwMjItMDgtMDEtcHJldmlldw==",
      "RequestMethod": "GET",
      "RequestHeaders": {
        "x-ms-client-request-id": [
          "c0e5256a-6020-4333-b4e5-fa52d7f23c88"
        ],
        "User-Agent": [
          "FxVersion/4.700.22.55902",
          "OSName/Windows",
          "OSVersion/Microsoft.Windows.10.0.22621",
          "Microsoft.Azure.Management.Sql.SqlManagementClient/4.3.0"
        ]
      },
      "RequestBody": "",
      "ResponseHeaders": {
        "Cache-Control": [
          "no-cache"
        ],
        "Pragma": [
          "no-cache"
        ],
        "Retry-After": [
          "15"
        ],
        "x-ms-request-id": [
          "9a18ab89-64da-405d-91a8-26c860bce107"
        ],
        "Server": [
          "Microsoft-HTTPAPI/2.0"
        ],
        "x-ms-ratelimit-remaining-subscription-reads": [
          "11987"
        ],
        "x-ms-correlation-request-id": [
          "fb02123c-6f84-4c97-ba5f-fec11080c9d4"
        ],
        "x-ms-routing-request-id": [
          "WESTCENTRALUS:20230217T210429Z:fb02123c-6f84-4c97-ba5f-fec11080c9d4"
        ],
        "Strict-Transport-Security": [
          "max-age=31536000; includeSubDomains"
        ],
        "X-Content-Type-Options": [
          "nosniff"
        ],
        "Date": [
          "Fri, 17 Feb 2023 21:04:28 GMT"
        ],
        "Content-Length": [
          "108"
        ],
        "Content-Type": [
          "application/json; charset=utf-8"
        ],
        "Expires": [
          "-1"
        ]
      },
      "ResponseBody": "{\r\n  \"name\": \"755983d8-6b87-4bac-b30f-58a4d0c8fbc0\",\r\n  \"status\": \"InProgress\",\r\n  \"startTime\": \"2023-02-17T21:01:10.167Z\"\r\n}",
      "StatusCode": 200
    },
    {
      "RequestUri": "/subscriptions/2c647056-bab2-4175-b172-493ff049eb29/resourceGroups/ps6228/providers/Microsoft.Sql/locations/westeurope/databaseAzureAsyncOperation/755983d8-6b87-4bac-b30f-58a4d0c8fbc0?api-version=2022-08-01-preview",
      "EncodedRequestUri": "L3N1YnNjcmlwdGlvbnMvMmM2NDcwNTYtYmFiMi00MTc1LWIxNzItNDkzZmYwNDllYjI5L3Jlc291cmNlR3JvdXBzL3BzNjIyOC9wcm92aWRlcnMvTWljcm9zb2Z0LlNxbC9sb2NhdGlvbnMvd2VzdGV1cm9wZS9kYXRhYmFzZUF6dXJlQXN5bmNPcGVyYXRpb24vNzU1OTgzZDgtNmI4Ny00YmFjLWIzMGYtNThhNGQwYzhmYmMwP2FwaS12ZXJzaW9uPTIwMjItMDgtMDEtcHJldmlldw==",
      "RequestMethod": "GET",
      "RequestHeaders": {
        "x-ms-client-request-id": [
          "c0e5256a-6020-4333-b4e5-fa52d7f23c88"
        ],
        "User-Agent": [
          "FxVersion/4.700.22.55902",
          "OSName/Windows",
          "OSVersion/Microsoft.Windows.10.0.22621",
          "Microsoft.Azure.Management.Sql.SqlManagementClient/4.3.0"
        ]
      },
      "RequestBody": "",
      "ResponseHeaders": {
        "Cache-Control": [
          "no-cache"
        ],
        "Pragma": [
          "no-cache"
        ],
        "Retry-After": [
          "15"
        ],
        "x-ms-request-id": [
          "91799bf9-8e9a-4636-8b80-9621794557c7"
        ],
        "Server": [
          "Microsoft-HTTPAPI/2.0"
        ],
        "x-ms-ratelimit-remaining-subscription-reads": [
          "11986"
        ],
        "x-ms-correlation-request-id": [
          "7eba7f03-09e6-4003-ac0d-3754b3e4184b"
        ],
        "x-ms-routing-request-id": [
          "WESTCENTRALUS:20230217T210444Z:7eba7f03-09e6-4003-ac0d-3754b3e4184b"
        ],
        "Strict-Transport-Security": [
          "max-age=31536000; includeSubDomains"
        ],
        "X-Content-Type-Options": [
          "nosniff"
        ],
        "Date": [
          "Fri, 17 Feb 2023 21:04:44 GMT"
        ],
        "Content-Length": [
          "108"
        ],
        "Content-Type": [
          "application/json; charset=utf-8"
        ],
        "Expires": [
          "-1"
        ]
      },
      "ResponseBody": "{\r\n  \"name\": \"755983d8-6b87-4bac-b30f-58a4d0c8fbc0\",\r\n  \"status\": \"InProgress\",\r\n  \"startTime\": \"2023-02-17T21:01:10.167Z\"\r\n}",
      "StatusCode": 200
    },
    {
      "RequestUri": "/subscriptions/2c647056-bab2-4175-b172-493ff049eb29/resourceGroups/ps6228/providers/Microsoft.Sql/locations/westeurope/databaseAzureAsyncOperation/755983d8-6b87-4bac-b30f-58a4d0c8fbc0?api-version=2022-08-01-preview",
      "EncodedRequestUri": "L3N1YnNjcmlwdGlvbnMvMmM2NDcwNTYtYmFiMi00MTc1LWIxNzItNDkzZmYwNDllYjI5L3Jlc291cmNlR3JvdXBzL3BzNjIyOC9wcm92aWRlcnMvTWljcm9zb2Z0LlNxbC9sb2NhdGlvbnMvd2VzdGV1cm9wZS9kYXRhYmFzZUF6dXJlQXN5bmNPcGVyYXRpb24vNzU1OTgzZDgtNmI4Ny00YmFjLWIzMGYtNThhNGQwYzhmYmMwP2FwaS12ZXJzaW9uPTIwMjItMDgtMDEtcHJldmlldw==",
      "RequestMethod": "GET",
      "RequestHeaders": {
        "x-ms-client-request-id": [
          "c0e5256a-6020-4333-b4e5-fa52d7f23c88"
        ],
        "User-Agent": [
          "FxVersion/4.700.22.55902",
          "OSName/Windows",
          "OSVersion/Microsoft.Windows.10.0.22621",
          "Microsoft.Azure.Management.Sql.SqlManagementClient/4.3.0"
        ]
      },
      "RequestBody": "",
      "ResponseHeaders": {
        "Cache-Control": [
          "no-cache"
        ],
        "Pragma": [
          "no-cache"
        ],
        "Retry-After": [
          "15"
        ],
        "x-ms-request-id": [
          "d3b7b457-a192-4833-9541-894352b5866a"
        ],
        "Server": [
          "Microsoft-HTTPAPI/2.0"
        ],
        "x-ms-ratelimit-remaining-subscription-reads": [
          "11985"
        ],
        "x-ms-correlation-request-id": [
          "28a0ae6a-bade-4aa0-a4f6-0b13d9f67c69"
        ],
        "x-ms-routing-request-id": [
          "WESTCENTRALUS:20230217T210459Z:28a0ae6a-bade-4aa0-a4f6-0b13d9f67c69"
        ],
        "Strict-Transport-Security": [
          "max-age=31536000; includeSubDomains"
        ],
        "X-Content-Type-Options": [
          "nosniff"
        ],
        "Date": [
          "Fri, 17 Feb 2023 21:04:59 GMT"
        ],
        "Content-Length": [
          "108"
        ],
        "Content-Type": [
          "application/json; charset=utf-8"
        ],
        "Expires": [
          "-1"
        ]
      },
      "ResponseBody": "{\r\n  \"name\": \"755983d8-6b87-4bac-b30f-58a4d0c8fbc0\",\r\n  \"status\": \"InProgress\",\r\n  \"startTime\": \"2023-02-17T21:01:10.167Z\"\r\n}",
      "StatusCode": 200
    },
    {
      "RequestUri": "/subscriptions/2c647056-bab2-4175-b172-493ff049eb29/resourceGroups/ps6228/providers/Microsoft.Sql/locations/westeurope/databaseAzureAsyncOperation/755983d8-6b87-4bac-b30f-58a4d0c8fbc0?api-version=2022-08-01-preview",
      "EncodedRequestUri": "L3N1YnNjcmlwdGlvbnMvMmM2NDcwNTYtYmFiMi00MTc1LWIxNzItNDkzZmYwNDllYjI5L3Jlc291cmNlR3JvdXBzL3BzNjIyOC9wcm92aWRlcnMvTWljcm9zb2Z0LlNxbC9sb2NhdGlvbnMvd2VzdGV1cm9wZS9kYXRhYmFzZUF6dXJlQXN5bmNPcGVyYXRpb24vNzU1OTgzZDgtNmI4Ny00YmFjLWIzMGYtNThhNGQwYzhmYmMwP2FwaS12ZXJzaW9uPTIwMjItMDgtMDEtcHJldmlldw==",
      "RequestMethod": "GET",
      "RequestHeaders": {
        "x-ms-client-request-id": [
          "c0e5256a-6020-4333-b4e5-fa52d7f23c88"
        ],
        "User-Agent": [
          "FxVersion/4.700.22.55902",
          "OSName/Windows",
          "OSVersion/Microsoft.Windows.10.0.22621",
          "Microsoft.Azure.Management.Sql.SqlManagementClient/4.3.0"
        ]
      },
      "RequestBody": "",
      "ResponseHeaders": {
        "Cache-Control": [
          "no-cache"
        ],
        "Pragma": [
          "no-cache"
        ],
        "Retry-After": [
          "15"
        ],
        "x-ms-request-id": [
          "eebcca53-0ea7-4522-9b0b-de2cf2e18f2c"
        ],
        "Server": [
          "Microsoft-HTTPAPI/2.0"
        ],
        "x-ms-ratelimit-remaining-subscription-reads": [
          "11984"
        ],
        "x-ms-correlation-request-id": [
          "9233c30d-d21c-4759-b1e8-66392b566cac"
        ],
        "x-ms-routing-request-id": [
          "WESTCENTRALUS:20230217T210515Z:9233c30d-d21c-4759-b1e8-66392b566cac"
        ],
        "Strict-Transport-Security": [
          "max-age=31536000; includeSubDomains"
        ],
        "X-Content-Type-Options": [
          "nosniff"
        ],
        "Date": [
          "Fri, 17 Feb 2023 21:05:14 GMT"
        ],
        "Content-Length": [
          "108"
        ],
        "Content-Type": [
          "application/json; charset=utf-8"
        ],
        "Expires": [
          "-1"
        ]
      },
      "ResponseBody": "{\r\n  \"name\": \"755983d8-6b87-4bac-b30f-58a4d0c8fbc0\",\r\n  \"status\": \"InProgress\",\r\n  \"startTime\": \"2023-02-17T21:01:10.167Z\"\r\n}",
      "StatusCode": 200
    },
    {
      "RequestUri": "/subscriptions/2c647056-bab2-4175-b172-493ff049eb29/resourceGroups/ps6228/providers/Microsoft.Sql/locations/westeurope/databaseAzureAsyncOperation/755983d8-6b87-4bac-b30f-58a4d0c8fbc0?api-version=2022-08-01-preview",
      "EncodedRequestUri": "L3N1YnNjcmlwdGlvbnMvMmM2NDcwNTYtYmFiMi00MTc1LWIxNzItNDkzZmYwNDllYjI5L3Jlc291cmNlR3JvdXBzL3BzNjIyOC9wcm92aWRlcnMvTWljcm9zb2Z0LlNxbC9sb2NhdGlvbnMvd2VzdGV1cm9wZS9kYXRhYmFzZUF6dXJlQXN5bmNPcGVyYXRpb24vNzU1OTgzZDgtNmI4Ny00YmFjLWIzMGYtNThhNGQwYzhmYmMwP2FwaS12ZXJzaW9uPTIwMjItMDgtMDEtcHJldmlldw==",
      "RequestMethod": "GET",
      "RequestHeaders": {
        "x-ms-client-request-id": [
          "c0e5256a-6020-4333-b4e5-fa52d7f23c88"
        ],
        "User-Agent": [
          "FxVersion/4.700.22.55902",
          "OSName/Windows",
          "OSVersion/Microsoft.Windows.10.0.22621",
          "Microsoft.Azure.Management.Sql.SqlManagementClient/4.3.0"
        ]
      },
      "RequestBody": "",
      "ResponseHeaders": {
        "Cache-Control": [
          "no-cache"
        ],
        "Pragma": [
          "no-cache"
        ],
        "Retry-After": [
          "15"
        ],
        "x-ms-request-id": [
          "a65e7fbd-84a6-4935-95e1-788f259e4bd4"
        ],
        "Server": [
          "Microsoft-HTTPAPI/2.0"
        ],
        "x-ms-ratelimit-remaining-subscription-reads": [
          "11983"
        ],
        "x-ms-correlation-request-id": [
          "58284f79-5d69-443e-9c04-99283e12aa26"
        ],
        "x-ms-routing-request-id": [
          "WESTCENTRALUS:20230217T210530Z:58284f79-5d69-443e-9c04-99283e12aa26"
        ],
        "Strict-Transport-Security": [
          "max-age=31536000; includeSubDomains"
        ],
        "X-Content-Type-Options": [
          "nosniff"
        ],
        "Date": [
          "Fri, 17 Feb 2023 21:05:29 GMT"
        ],
        "Content-Length": [
          "108"
        ],
        "Content-Type": [
          "application/json; charset=utf-8"
        ],
        "Expires": [
          "-1"
        ]
      },
      "ResponseBody": "{\r\n  \"name\": \"755983d8-6b87-4bac-b30f-58a4d0c8fbc0\",\r\n  \"status\": \"InProgress\",\r\n  \"startTime\": \"2023-02-17T21:01:10.167Z\"\r\n}",
      "StatusCode": 200
    },
    {
      "RequestUri": "/subscriptions/2c647056-bab2-4175-b172-493ff049eb29/resourceGroups/ps6228/providers/Microsoft.Sql/locations/westeurope/databaseAzureAsyncOperation/755983d8-6b87-4bac-b30f-58a4d0c8fbc0?api-version=2022-08-01-preview",
      "EncodedRequestUri": "L3N1YnNjcmlwdGlvbnMvMmM2NDcwNTYtYmFiMi00MTc1LWIxNzItNDkzZmYwNDllYjI5L3Jlc291cmNlR3JvdXBzL3BzNjIyOC9wcm92aWRlcnMvTWljcm9zb2Z0LlNxbC9sb2NhdGlvbnMvd2VzdGV1cm9wZS9kYXRhYmFzZUF6dXJlQXN5bmNPcGVyYXRpb24vNzU1OTgzZDgtNmI4Ny00YmFjLWIzMGYtNThhNGQwYzhmYmMwP2FwaS12ZXJzaW9uPTIwMjItMDgtMDEtcHJldmlldw==",
      "RequestMethod": "GET",
      "RequestHeaders": {
        "x-ms-client-request-id": [
          "c0e5256a-6020-4333-b4e5-fa52d7f23c88"
        ],
        "User-Agent": [
          "FxVersion/4.700.22.55902",
          "OSName/Windows",
          "OSVersion/Microsoft.Windows.10.0.22621",
          "Microsoft.Azure.Management.Sql.SqlManagementClient/4.3.0"
        ]
      },
      "RequestBody": "",
      "ResponseHeaders": {
        "Cache-Control": [
          "no-cache"
        ],
        "Pragma": [
          "no-cache"
        ],
        "Retry-After": [
          "15"
        ],
        "x-ms-request-id": [
          "7904222f-a97b-4b2d-af5f-8149eb23c0c1"
        ],
        "Server": [
          "Microsoft-HTTPAPI/2.0"
        ],
        "x-ms-ratelimit-remaining-subscription-reads": [
          "11982"
        ],
        "x-ms-correlation-request-id": [
          "29748038-392c-4f35-82c2-fcb8e4490d24"
        ],
        "x-ms-routing-request-id": [
          "WESTCENTRALUS:20230217T210546Z:29748038-392c-4f35-82c2-fcb8e4490d24"
        ],
        "Strict-Transport-Security": [
          "max-age=31536000; includeSubDomains"
        ],
        "X-Content-Type-Options": [
          "nosniff"
        ],
        "Date": [
          "Fri, 17 Feb 2023 21:05:45 GMT"
        ],
        "Content-Length": [
          "108"
        ],
        "Content-Type": [
          "application/json; charset=utf-8"
        ],
        "Expires": [
          "-1"
        ]
      },
      "ResponseBody": "{\r\n  \"name\": \"755983d8-6b87-4bac-b30f-58a4d0c8fbc0\",\r\n  \"status\": \"InProgress\",\r\n  \"startTime\": \"2023-02-17T21:01:10.167Z\"\r\n}",
      "StatusCode": 200
    },
    {
      "RequestUri": "/subscriptions/2c647056-bab2-4175-b172-493ff049eb29/resourceGroups/ps6228/providers/Microsoft.Sql/locations/westeurope/databaseAzureAsyncOperation/755983d8-6b87-4bac-b30f-58a4d0c8fbc0?api-version=2022-08-01-preview",
      "EncodedRequestUri": "L3N1YnNjcmlwdGlvbnMvMmM2NDcwNTYtYmFiMi00MTc1LWIxNzItNDkzZmYwNDllYjI5L3Jlc291cmNlR3JvdXBzL3BzNjIyOC9wcm92aWRlcnMvTWljcm9zb2Z0LlNxbC9sb2NhdGlvbnMvd2VzdGV1cm9wZS9kYXRhYmFzZUF6dXJlQXN5bmNPcGVyYXRpb24vNzU1OTgzZDgtNmI4Ny00YmFjLWIzMGYtNThhNGQwYzhmYmMwP2FwaS12ZXJzaW9uPTIwMjItMDgtMDEtcHJldmlldw==",
      "RequestMethod": "GET",
      "RequestHeaders": {
        "x-ms-client-request-id": [
          "c0e5256a-6020-4333-b4e5-fa52d7f23c88"
        ],
        "User-Agent": [
          "FxVersion/4.700.22.55902",
          "OSName/Windows",
          "OSVersion/Microsoft.Windows.10.0.22621",
          "Microsoft.Azure.Management.Sql.SqlManagementClient/4.3.0"
        ]
      },
      "RequestBody": "",
      "ResponseHeaders": {
        "Cache-Control": [
          "no-cache"
        ],
        "Pragma": [
          "no-cache"
        ],
        "Retry-After": [
          "15"
        ],
        "x-ms-request-id": [
          "495dbc22-2434-4a6a-ab6b-d371240f920e"
        ],
        "Server": [
          "Microsoft-HTTPAPI/2.0"
        ],
        "x-ms-ratelimit-remaining-subscription-reads": [
          "11981"
        ],
        "x-ms-correlation-request-id": [
          "e9d695c7-902d-4235-87c2-8df5342a1038"
        ],
        "x-ms-routing-request-id": [
          "WESTCENTRALUS:20230217T210601Z:e9d695c7-902d-4235-87c2-8df5342a1038"
        ],
        "Strict-Transport-Security": [
          "max-age=31536000; includeSubDomains"
        ],
        "X-Content-Type-Options": [
          "nosniff"
        ],
        "Date": [
          "Fri, 17 Feb 2023 21:06:01 GMT"
        ],
        "Content-Length": [
          "107"
        ],
        "Content-Type": [
          "application/json; charset=utf-8"
        ],
        "Expires": [
          "-1"
        ]
      },
      "ResponseBody": "{\r\n  \"name\": \"755983d8-6b87-4bac-b30f-58a4d0c8fbc0\",\r\n  \"status\": \"Succeeded\",\r\n  \"startTime\": \"2023-02-17T21:01:10.167Z\"\r\n}",
      "StatusCode": 200
    },
    {
      "RequestUri": "/subscriptions/2c647056-bab2-4175-b172-493ff049eb29/resourceGroups/ps6228/providers/Microsoft.Sql/servers/ps2860/databases?api-version=2022-08-01-preview",
      "EncodedRequestUri": "L3N1YnNjcmlwdGlvbnMvMmM2NDcwNTYtYmFiMi00MTc1LWIxNzItNDkzZmYwNDllYjI5L3Jlc291cmNlR3JvdXBzL3BzNjIyOC9wcm92aWRlcnMvTWljcm9zb2Z0LlNxbC9zZXJ2ZXJzL3BzMjg2MC9kYXRhYmFzZXM/YXBpLXZlcnNpb249MjAyMi0wOC0wMS1wcmV2aWV3",
      "RequestMethod": "GET",
      "RequestHeaders": {
        "x-ms-client-request-id": [
          "92bacd79-873f-445c-8c5a-5eae7840e52c"
        ],
        "Accept-Language": [
          "en-US"
        ],
        "User-Agent": [
          "FxVersion/4.700.22.55902",
          "OSName/Windows",
          "OSVersion/Microsoft.Windows.10.0.22621",
          "Microsoft.Azure.Management.Sql.SqlManagementClient/4.3.0"
        ]
      },
      "RequestBody": "",
      "ResponseHeaders": {
        "Cache-Control": [
          "no-cache"
        ],
        "Pragma": [
          "no-cache"
        ],
        "x-ms-request-id": [
          "06924aae-83a7-43e1-a115-15709702cd6f"
        ],
        "Server": [
          "Microsoft-HTTPAPI/2.0"
        ],
        "x-ms-ratelimit-remaining-subscription-reads": [
          "11999"
        ],
        "x-ms-correlation-request-id": [
          "18e87571-2cde-4adf-bee4-57472c8366bb"
        ],
        "x-ms-routing-request-id": [
          "WESTUS:20230217T210603Z:18e87571-2cde-4adf-bee4-57472c8366bb"
        ],
        "Strict-Transport-Security": [
          "max-age=31536000; includeSubDomains"
        ],
        "X-Content-Type-Options": [
          "nosniff"
        ],
        "Date": [
          "Fri, 17 Feb 2023 21:06:03 GMT"
        ],
        "Content-Length": [
          "4658"
        ],
        "Content-Type": [
          "application/json; charset=utf-8"
        ],
        "Expires": [
          "-1"
        ]
      },
      "ResponseBody": "{\r\n  \"value\": [\r\n    {\r\n      \"sku\": {\r\n        \"name\": \"DataWarehouse\",\r\n        \"tier\": \"DataWarehouse\",\r\n        \"capacity\": 900\r\n      },\r\n      \"kind\": \"v12.0,user,datawarehouse,gen2\",\r\n      \"properties\": {\r\n        \"collation\": \"SQL_Latin1_General_CP1_CI_AS\",\r\n        \"maxSizeBytes\": 268435456000,\r\n        \"status\": \"Online\",\r\n        \"databaseId\": \"00c182d6-f00c-4ddf-899d-9a3f113fe192\",\r\n        \"creationDate\": \"2023-02-17T21:05:47.42Z\",\r\n        \"currentServiceObjectiveName\": \"DW100c\",\r\n        \"requestedServiceObjectiveName\": \"DW100c\",\r\n        \"defaultSecondaryLocation\": \"northeurope\",\r\n        \"catalogCollation\": \"SQL_Latin1_General_CP1_CI_AS\",\r\n        \"readScale\": \"Disabled\",\r\n        \"currentSku\": {\r\n          \"name\": \"DataWarehouse\",\r\n          \"tier\": \"DataWarehouse\",\r\n          \"capacity\": 900\r\n        },\r\n        \"currentBackupStorageRedundancy\": \"Geo\",\r\n        \"requestedBackupStorageRedundancy\": \"Geo\",\r\n        \"maintenanceConfigurationId\": \"/subscriptions/2c647056-bab2-4175-b172-493ff049eb29/providers/Microsoft.Maintenance/publicMaintenanceConfigurations/SQL_Default\",\r\n        \"isLedgerOn\": false,\r\n        \"isInfraEncryptionEnabled\": false,\r\n        \"availabilityZone\": \"NoPreference\"\r\n      },\r\n      \"location\": \"westeurope\",\r\n      \"id\": \"/subscriptions/2c647056-bab2-4175-b172-493ff049eb29/resourceGroups/ps6228/providers/Microsoft.Sql/servers/ps2860/databases/ps6061\",\r\n      \"name\": \"ps6061\",\r\n      \"type\": \"Microsoft.Sql/servers/databases\"\r\n    },\r\n    {\r\n      \"sku\": {\r\n        \"name\": \"Basic\",\r\n        \"tier\": \"Basic\",\r\n        \"capacity\": 5\r\n      },\r\n      \"kind\": \"v12.0,user\",\r\n      \"properties\": {\r\n        \"collation\": \"Japanese_Bushu_Kakusu_100_CS_AS\",\r\n        \"maxSizeBytes\": 1073741824,\r\n        \"status\": \"Online\",\r\n        \"databaseId\": \"284eda90-fa6c-434c-9f56-a964e81a634e\",\r\n        \"creationDate\": \"2023-02-17T21:00:54.87Z\",\r\n        \"currentServiceObjectiveName\": \"Basic\",\r\n        \"requestedServiceObjectiveName\": \"Basic\",\r\n        \"defaultSecondaryLocation\": \"northeurope\",\r\n        \"catalogCollation\": \"SQL_Latin1_General_CP1_CI_AS\",\r\n        \"zoneRedundant\": false,\r\n        \"readScale\": \"Disabled\",\r\n        \"currentSku\": {\r\n          \"name\": \"Basic\",\r\n          \"tier\": \"Basic\",\r\n          \"capacity\": 5\r\n        },\r\n        \"currentBackupStorageRedundancy\": \"Geo\",\r\n        \"requestedBackupStorageRedundancy\": \"Geo\",\r\n        \"maintenanceConfigurationId\": \"/subscriptions/2c647056-bab2-4175-b172-493ff049eb29/providers/Microsoft.Maintenance/publicMaintenanceConfigurations/SQL_Default\",\r\n        \"isLedgerOn\": false,\r\n        \"isInfraEncryptionEnabled\": false,\r\n        \"availabilityZone\": \"NoPreference\"\r\n      },\r\n      \"location\": \"westeurope\",\r\n      \"id\": \"/subscriptions/2c647056-bab2-4175-b172-493ff049eb29/resourceGroups/ps6228/providers/Microsoft.Sql/servers/ps2860/databases/ps7510\",\r\n      \"name\": \"ps7510\",\r\n      \"type\": \"Microsoft.Sql/servers/databases\"\r\n    },\r\n    {\r\n      \"sku\": {\r\n        \"name\": \"GP_Gen5\",\r\n        \"tier\": \"GeneralPurpose\",\r\n        \"family\": \"Gen5\",\r\n        \"capacity\": 2\r\n      },\r\n      \"kind\": \"v12.0,user,vcore\",\r\n      \"properties\": {\r\n        \"collation\": \"SQL_Latin1_General_CP1_CI_AS\",\r\n        \"maxSizeBytes\": 1073741824,\r\n        \"status\": \"Online\",\r\n        \"databaseId\": \"d8a8e1cb-eab7-4973-b597-bcf3ce093d12\",\r\n        \"creationDate\": \"2023-02-17T20:59:46.707Z\",\r\n        \"currentServiceObjectiveName\": \"GP_Gen5_2\",\r\n        \"requestedServiceObjectiveName\": \"GP_Gen5_2\",\r\n        \"defaultSecondaryLocation\": \"northeurope\",\r\n        \"catalogCollation\": \"SQL_Latin1_General_CP1_CI_AS\",\r\n        \"zoneRedundant\": false,\r\n        \"licenseType\": \"LicenseIncluded\",\r\n        \"maxLogSizeBytes\": 193273528320,\r\n        \"readScale\": \"Disabled\",\r\n        \"currentSku\": {\r\n          \"name\": \"GP_Gen5\",\r\n          \"tier\": \"GeneralPurpose\",\r\n          \"family\": \"Gen5\",\r\n          \"capacity\": 2\r\n        },\r\n        \"currentBackupStorageRedundancy\": \"Geo\",\r\n        \"requestedBackupStorageRedundancy\": \"Geo\",\r\n        \"maintenanceConfigurationId\": \"/subscriptions/2c647056-bab2-4175-b172-493ff049eb29/providers/Microsoft.Maintenance/publicMaintenanceConfigurations/SQL_Default\",\r\n        \"isLedgerOn\": false,\r\n        \"isInfraEncryptionEnabled\": false,\r\n        \"availabilityZone\": \"NoPreference\"\r\n      },\r\n      \"location\": \"westeurope\",\r\n      \"id\": \"/subscriptions/2c647056-bab2-4175-b172-493ff049eb29/resourceGroups/ps6228/providers/Microsoft.Sql/servers/ps2860/databases/ps8598\",\r\n      \"name\": \"ps8598\",\r\n      \"type\": \"Microsoft.Sql/servers/databases\"\r\n    },\r\n    {\r\n      \"sku\": {\r\n        \"name\": \"System\",\r\n        \"tier\": \"System\",\r\n        \"capacity\": 0\r\n      },\r\n      \"kind\": \"v12.0,system\",\r\n      \"managedBy\": \"/subscriptions/2c647056-bab2-4175-b172-493ff049eb29/resourceGroups/ps6228/providers/Microsoft.Sql/servers/ps2860\",\r\n      \"properties\": {\r\n        \"collation\": \"SQL_Latin1_General_CP1_CI_AS\",\r\n        \"maxSizeBytes\": 53687091200,\r\n        \"status\": \"Online\",\r\n        \"databaseId\": \"c51afd99-0089-4a3b-bffd-febc8d3353b5\",\r\n        \"creationDate\": \"2023-02-17T20:58:28.043Z\",\r\n        \"currentServiceObjectiveName\": \"System2\",\r\n        \"requestedServiceObjectiveName\": \"System2\",\r\n        \"defaultSecondaryLocation\": \"northeurope\",\r\n        \"catalogCollation\": \"SQL_Latin1_General_CP1_CI_AS\",\r\n        \"zoneRedundant\": false,\r\n        \"readScale\": \"Disabled\",\r\n        \"currentSku\": {\r\n          \"name\": \"System\",\r\n          \"tier\": \"System\",\r\n          \"capacity\": 0\r\n        },\r\n        \"currentBackupStorageRedundancy\": \"Local\",\r\n        \"requestedBackupStorageRedundancy\": \"Local\",\r\n        \"maintenanceConfigurationId\": \"/subscriptions/2c647056-bab2-4175-b172-493ff049eb29/providers/Microsoft.Maintenance/publicMaintenanceConfigurations/SQL_Default\",\r\n        \"isLedgerOn\": false,\r\n        \"isInfraEncryptionEnabled\": false,\r\n        \"availabilityZone\": \"NoPreference\"\r\n      },\r\n      \"location\": \"westeurope\",\r\n      \"id\": \"/subscriptions/2c647056-bab2-4175-b172-493ff049eb29/resourceGroups/ps6228/providers/Microsoft.Sql/servers/ps2860/databases/master\",\r\n      \"name\": \"master\",\r\n      \"type\": \"Microsoft.Sql/servers/databases\"\r\n    }\r\n  ]\r\n}",
      "StatusCode": 200
    },
    {
      "RequestUri": "/subscriptions/2c647056-bab2-4175-b172-493ff049eb29/resourcegroups/ps6228?api-version=2016-09-01",
      "EncodedRequestUri": "L3N1YnNjcmlwdGlvbnMvMmM2NDcwNTYtYmFiMi00MTc1LWIxNzItNDkzZmYwNDllYjI5L3Jlc291cmNlZ3JvdXBzL3BzNjIyOD9hcGktdmVyc2lvbj0yMDE2LTA5LTAx",
      "RequestMethod": "DELETE",
      "RequestHeaders": {
        "x-ms-client-request-id": [
          "7199fd1e-1944-4826-bbf4-10ab5cb88702"
        ],
        "Accept-Language": [
          "en-US"
        ],
        "User-Agent": [
          "FxVersion/4.700.22.55902",
          "OSName/Windows",
          "OSVersion/Microsoft.Windows.10.0.22621",
          "Microsoft.Azure.Management.Internal.Resources.ResourceManagementClient/1.3.68"
        ]
      },
      "RequestBody": "",
      "ResponseHeaders": {
        "Cache-Control": [
          "no-cache"
        ],
        "Pragma": [
          "no-cache"
        ],
        "Location": [
          "https://management.azure.com/subscriptions/2c647056-bab2-4175-b172-493ff049eb29/operationresults/eyJqb2JJZCI6IlJFU09VUkNFR1JPVVBERUxFVElPTkpPQi1QUzYyMjgtV0VTVENFTlRSQUxVUyIsImpvYkxvY2F0aW9uIjoid2VzdGNlbnRyYWx1cyJ9?api-version=2016-09-01"
        ],
        "Retry-After": [
          "15"
        ],
        "x-ms-ratelimit-remaining-subscription-deletes": [
          "14999"
        ],
        "x-ms-request-id": [
          "55f04a38-7456-4836-8937-ca418a6d41eb"
        ],
        "x-ms-correlation-request-id": [
          "55f04a38-7456-4836-8937-ca418a6d41eb"
        ],
        "x-ms-routing-request-id": [
          "WESTUS:20230217T210605Z:55f04a38-7456-4836-8937-ca418a6d41eb"
        ],
        "Strict-Transport-Security": [
          "max-age=31536000; includeSubDomains"
        ],
        "X-Content-Type-Options": [
          "nosniff"
        ],
        "Date": [
          "Fri, 17 Feb 2023 21:06:05 GMT"
        ],
        "Expires": [
          "-1"
        ],
        "Content-Length": [
          "0"
        ]
      },
      "ResponseBody": "",
      "StatusCode": 202
    },
    {
      "RequestUri": "/subscriptions/2c647056-bab2-4175-b172-493ff049eb29/operationresults/eyJqb2JJZCI6IlJFU09VUkNFR1JPVVBERUxFVElPTkpPQi1QUzYyMjgtV0VTVENFTlRSQUxVUyIsImpvYkxvY2F0aW9uIjoid2VzdGNlbnRyYWx1cyJ9?api-version=2016-09-01",
      "EncodedRequestUri": "L3N1YnNjcmlwdGlvbnMvMmM2NDcwNTYtYmFiMi00MTc1LWIxNzItNDkzZmYwNDllYjI5L29wZXJhdGlvbnJlc3VsdHMvZXlKcWIySkpaQ0k2SWxKRlUwOVZVa05GUjFKUFZWQkVSVXhGVkVsUFRrcFBRaTFRVXpZeU1qZ3RWMFZUVkVORlRsUlNRVXhWVXlJc0ltcHZZa3h2WTJGMGFXOXVJam9pZDJWemRHTmxiblJ5WVd4MWN5Sjk/YXBpLXZlcnNpb249MjAxNi0wOS0wMQ==",
      "RequestMethod": "GET",
      "RequestHeaders": {
        "User-Agent": [
          "FxVersion/4.700.22.55902",
          "OSName/Windows",
          "OSVersion/Microsoft.Windows.10.0.22621",
          "Microsoft.Azure.Management.Internal.Resources.ResourceManagementClient/1.3.68"
        ]
      },
      "RequestBody": "",
      "ResponseHeaders": {
        "Cache-Control": [
          "no-cache"
        ],
        "Pragma": [
          "no-cache"
        ],
        "Location": [
          "https://management.azure.com/subscriptions/2c647056-bab2-4175-b172-493ff049eb29/operationresults/eyJqb2JJZCI6IlJFU09VUkNFR1JPVVBERUxFVElPTkpPQi1QUzYyMjgtV0VTVENFTlRSQUxVUyIsImpvYkxvY2F0aW9uIjoid2VzdGNlbnRyYWx1cyJ9?api-version=2016-09-01"
        ],
        "Retry-After": [
          "15"
        ],
        "x-ms-ratelimit-remaining-subscription-reads": [
          "11999"
        ],
        "x-ms-request-id": [
          "e0ed8420-addb-417d-a2f3-3beb34a2ca61"
        ],
        "x-ms-correlation-request-id": [
          "e0ed8420-addb-417d-a2f3-3beb34a2ca61"
        ],
        "x-ms-routing-request-id": [
          "WESTUS:20230217T210621Z:e0ed8420-addb-417d-a2f3-3beb34a2ca61"
        ],
        "Strict-Transport-Security": [
          "max-age=31536000; includeSubDomains"
        ],
        "X-Content-Type-Options": [
          "nosniff"
        ],
        "Date": [
          "Fri, 17 Feb 2023 21:06:20 GMT"
        ],
        "Expires": [
          "-1"
        ],
        "Content-Length": [
          "0"
        ]
      },
      "ResponseBody": "",
      "StatusCode": 202
    },
    {
      "RequestUri": "/subscriptions/2c647056-bab2-4175-b172-493ff049eb29/operationresults/eyJqb2JJZCI6IlJFU09VUkNFR1JPVVBERUxFVElPTkpPQi1QUzYyMjgtV0VTVENFTlRSQUxVUyIsImpvYkxvY2F0aW9uIjoid2VzdGNlbnRyYWx1cyJ9?api-version=2016-09-01",
      "EncodedRequestUri": "L3N1YnNjcmlwdGlvbnMvMmM2NDcwNTYtYmFiMi00MTc1LWIxNzItNDkzZmYwNDllYjI5L29wZXJhdGlvbnJlc3VsdHMvZXlKcWIySkpaQ0k2SWxKRlUwOVZVa05GUjFKUFZWQkVSVXhGVkVsUFRrcFBRaTFRVXpZeU1qZ3RWMFZUVkVORlRsUlNRVXhWVXlJc0ltcHZZa3h2WTJGMGFXOXVJam9pZDJWemRHTmxiblJ5WVd4MWN5Sjk/YXBpLXZlcnNpb249MjAxNi0wOS0wMQ==",
      "RequestMethod": "GET",
      "RequestHeaders": {
        "User-Agent": [
          "FxVersion/4.700.22.55902",
          "OSName/Windows",
          "OSVersion/Microsoft.Windows.10.0.22621",
          "Microsoft.Azure.Management.Internal.Resources.ResourceManagementClient/1.3.68"
        ]
      },
      "RequestBody": "",
      "ResponseHeaders": {
        "Cache-Control": [
          "no-cache"
        ],
        "Pragma": [
          "no-cache"
        ],
        "Location": [
          "https://management.azure.com/subscriptions/2c647056-bab2-4175-b172-493ff049eb29/operationresults/eyJqb2JJZCI6IlJFU09VUkNFR1JPVVBERUxFVElPTkpPQi1QUzYyMjgtV0VTVENFTlRSQUxVUyIsImpvYkxvY2F0aW9uIjoid2VzdGNlbnRyYWx1cyJ9?api-version=2016-09-01"
        ],
        "Retry-After": [
          "15"
        ],
        "x-ms-ratelimit-remaining-subscription-reads": [
          "11998"
        ],
        "x-ms-request-id": [
          "5f3cbd49-4215-4a1c-9125-1b96d5e1d4d6"
        ],
        "x-ms-correlation-request-id": [
          "5f3cbd49-4215-4a1c-9125-1b96d5e1d4d6"
        ],
        "x-ms-routing-request-id": [
          "WESTUS:20230217T210636Z:5f3cbd49-4215-4a1c-9125-1b96d5e1d4d6"
        ],
        "Strict-Transport-Security": [
          "max-age=31536000; includeSubDomains"
        ],
        "X-Content-Type-Options": [
          "nosniff"
        ],
        "Date": [
          "Fri, 17 Feb 2023 21:06:36 GMT"
        ],
        "Expires": [
          "-1"
        ],
        "Content-Length": [
          "0"
        ]
      },
      "ResponseBody": "",
      "StatusCode": 202
    },
    {
      "RequestUri": "/subscriptions/2c647056-bab2-4175-b172-493ff049eb29/operationresults/eyJqb2JJZCI6IlJFU09VUkNFR1JPVVBERUxFVElPTkpPQi1QUzYyMjgtV0VTVENFTlRSQUxVUyIsImpvYkxvY2F0aW9uIjoid2VzdGNlbnRyYWx1cyJ9?api-version=2016-09-01",
      "EncodedRequestUri": "L3N1YnNjcmlwdGlvbnMvMmM2NDcwNTYtYmFiMi00MTc1LWIxNzItNDkzZmYwNDllYjI5L29wZXJhdGlvbnJlc3VsdHMvZXlKcWIySkpaQ0k2SWxKRlUwOVZVa05GUjFKUFZWQkVSVXhGVkVsUFRrcFBRaTFRVXpZeU1qZ3RWMFZUVkVORlRsUlNRVXhWVXlJc0ltcHZZa3h2WTJGMGFXOXVJam9pZDJWemRHTmxiblJ5WVd4MWN5Sjk/YXBpLXZlcnNpb249MjAxNi0wOS0wMQ==",
      "RequestMethod": "GET",
      "RequestHeaders": {
        "User-Agent": [
          "FxVersion/4.700.22.55902",
          "OSName/Windows",
          "OSVersion/Microsoft.Windows.10.0.22621",
          "Microsoft.Azure.Management.Internal.Resources.ResourceManagementClient/1.3.68"
        ]
      },
      "RequestBody": "",
      "ResponseHeaders": {
        "Cache-Control": [
          "no-cache"
        ],
        "Pragma": [
          "no-cache"
        ],
        "Location": [
          "https://management.azure.com/subscriptions/2c647056-bab2-4175-b172-493ff049eb29/operationresults/eyJqb2JJZCI6IlJFU09VUkNFR1JPVVBERUxFVElPTkpPQi1QUzYyMjgtV0VTVENFTlRSQUxVUyIsImpvYkxvY2F0aW9uIjoid2VzdGNlbnRyYWx1cyJ9?api-version=2016-09-01"
        ],
        "Retry-After": [
          "15"
        ],
        "x-ms-ratelimit-remaining-subscription-reads": [
          "11997"
        ],
        "x-ms-request-id": [
          "62e15546-4b0e-474a-84d0-5dd95a971d04"
        ],
        "x-ms-correlation-request-id": [
          "62e15546-4b0e-474a-84d0-5dd95a971d04"
        ],
        "x-ms-routing-request-id": [
          "WESTUS:20230217T210651Z:62e15546-4b0e-474a-84d0-5dd95a971d04"
        ],
        "Strict-Transport-Security": [
          "max-age=31536000; includeSubDomains"
        ],
        "X-Content-Type-Options": [
          "nosniff"
        ],
        "Date": [
          "Fri, 17 Feb 2023 21:06:51 GMT"
        ],
        "Expires": [
          "-1"
        ],
        "Content-Length": [
          "0"
        ]
      },
      "ResponseBody": "",
      "StatusCode": 202
    },
    {
      "RequestUri": "/subscriptions/2c647056-bab2-4175-b172-493ff049eb29/operationresults/eyJqb2JJZCI6IlJFU09VUkNFR1JPVVBERUxFVElPTkpPQi1QUzYyMjgtV0VTVENFTlRSQUxVUyIsImpvYkxvY2F0aW9uIjoid2VzdGNlbnRyYWx1cyJ9?api-version=2016-09-01",
      "EncodedRequestUri": "L3N1YnNjcmlwdGlvbnMvMmM2NDcwNTYtYmFiMi00MTc1LWIxNzItNDkzZmYwNDllYjI5L29wZXJhdGlvbnJlc3VsdHMvZXlKcWIySkpaQ0k2SWxKRlUwOVZVa05GUjFKUFZWQkVSVXhGVkVsUFRrcFBRaTFRVXpZeU1qZ3RWMFZUVkVORlRsUlNRVXhWVXlJc0ltcHZZa3h2WTJGMGFXOXVJam9pZDJWemRHTmxiblJ5WVd4MWN5Sjk/YXBpLXZlcnNpb249MjAxNi0wOS0wMQ==",
      "RequestMethod": "GET",
      "RequestHeaders": {
        "User-Agent": [
          "FxVersion/4.700.22.55902",
          "OSName/Windows",
          "OSVersion/Microsoft.Windows.10.0.22621",
          "Microsoft.Azure.Management.Internal.Resources.ResourceManagementClient/1.3.68"
        ]
      },
      "RequestBody": "",
      "ResponseHeaders": {
        "Cache-Control": [
          "no-cache"
        ],
        "Pragma": [
          "no-cache"
        ],
        "Location": [
          "https://management.azure.com/subscriptions/2c647056-bab2-4175-b172-493ff049eb29/operationresults/eyJqb2JJZCI6IlJFU09VUkNFR1JPVVBERUxFVElPTkpPQi1QUzYyMjgtV0VTVENFTlRSQUxVUyIsImpvYkxvY2F0aW9uIjoid2VzdGNlbnRyYWx1cyJ9?api-version=2016-09-01"
        ],
        "Retry-After": [
          "15"
        ],
        "x-ms-ratelimit-remaining-subscription-reads": [
          "11996"
        ],
        "x-ms-request-id": [
          "959a3580-8a78-45d0-9401-aeda6d5056cc"
        ],
        "x-ms-correlation-request-id": [
          "959a3580-8a78-45d0-9401-aeda6d5056cc"
        ],
        "x-ms-routing-request-id": [
          "WESTUS:20230217T210706Z:959a3580-8a78-45d0-9401-aeda6d5056cc"
        ],
        "Strict-Transport-Security": [
          "max-age=31536000; includeSubDomains"
        ],
        "X-Content-Type-Options": [
          "nosniff"
        ],
        "Date": [
          "Fri, 17 Feb 2023 21:07:06 GMT"
        ],
        "Expires": [
          "-1"
        ],
        "Content-Length": [
          "0"
        ]
      },
      "ResponseBody": "",
      "StatusCode": 202
    },
    {
      "RequestUri": "/subscriptions/2c647056-bab2-4175-b172-493ff049eb29/operationresults/eyJqb2JJZCI6IlJFU09VUkNFR1JPVVBERUxFVElPTkpPQi1QUzYyMjgtV0VTVENFTlRSQUxVUyIsImpvYkxvY2F0aW9uIjoid2VzdGNlbnRyYWx1cyJ9?api-version=2016-09-01",
      "EncodedRequestUri": "L3N1YnNjcmlwdGlvbnMvMmM2NDcwNTYtYmFiMi00MTc1LWIxNzItNDkzZmYwNDllYjI5L29wZXJhdGlvbnJlc3VsdHMvZXlKcWIySkpaQ0k2SWxKRlUwOVZVa05GUjFKUFZWQkVSVXhGVkVsUFRrcFBRaTFRVXpZeU1qZ3RWMFZUVkVORlRsUlNRVXhWVXlJc0ltcHZZa3h2WTJGMGFXOXVJam9pZDJWemRHTmxiblJ5WVd4MWN5Sjk/YXBpLXZlcnNpb249MjAxNi0wOS0wMQ==",
      "RequestMethod": "GET",
      "RequestHeaders": {
        "User-Agent": [
          "FxVersion/4.700.22.55902",
          "OSName/Windows",
          "OSVersion/Microsoft.Windows.10.0.22621",
          "Microsoft.Azure.Management.Internal.Resources.ResourceManagementClient/1.3.68"
        ]
      },
      "RequestBody": "",
      "ResponseHeaders": {
        "Cache-Control": [
          "no-cache"
        ],
        "Pragma": [
          "no-cache"
        ],
        "x-ms-ratelimit-remaining-subscription-reads": [
          "11995"
        ],
        "x-ms-request-id": [
          "fa73a6d1-9491-488f-922a-27413e42b96c"
        ],
        "x-ms-correlation-request-id": [
          "fa73a6d1-9491-488f-922a-27413e42b96c"
        ],
        "x-ms-routing-request-id": [
          "WESTUS:20230217T210721Z:fa73a6d1-9491-488f-922a-27413e42b96c"
        ],
        "Strict-Transport-Security": [
          "max-age=31536000; includeSubDomains"
        ],
        "X-Content-Type-Options": [
          "nosniff"
        ],
        "Date": [
          "Fri, 17 Feb 2023 21:07:21 GMT"
        ],
        "Expires": [
          "-1"
        ],
        "Content-Length": [
          "0"
        ]
      },
      "ResponseBody": "",
      "StatusCode": 200
    },
    {
      "RequestUri": "/subscriptions/2c647056-bab2-4175-b172-493ff049eb29/operationresults/eyJqb2JJZCI6IlJFU09VUkNFR1JPVVBERUxFVElPTkpPQi1QUzYyMjgtV0VTVENFTlRSQUxVUyIsImpvYkxvY2F0aW9uIjoid2VzdGNlbnRyYWx1cyJ9?api-version=2016-09-01",
      "EncodedRequestUri": "L3N1YnNjcmlwdGlvbnMvMmM2NDcwNTYtYmFiMi00MTc1LWIxNzItNDkzZmYwNDllYjI5L29wZXJhdGlvbnJlc3VsdHMvZXlKcWIySkpaQ0k2SWxKRlUwOVZVa05GUjFKUFZWQkVSVXhGVkVsUFRrcFBRaTFRVXpZeU1qZ3RWMFZUVkVORlRsUlNRVXhWVXlJc0ltcHZZa3h2WTJGMGFXOXVJam9pZDJWemRHTmxiblJ5WVd4MWN5Sjk/YXBpLXZlcnNpb249MjAxNi0wOS0wMQ==",
      "RequestMethod": "GET",
      "RequestHeaders": {
        "User-Agent": [
          "FxVersion/4.700.22.55902",
          "OSName/Windows",
          "OSVersion/Microsoft.Windows.10.0.22621",
          "Microsoft.Azure.Management.Internal.Resources.ResourceManagementClient/1.3.68"
        ]
      },
      "RequestBody": "",
      "ResponseHeaders": {
        "Cache-Control": [
          "no-cache"
        ],
        "Pragma": [
          "no-cache"
        ],
        "x-ms-ratelimit-remaining-subscription-reads": [
          "11994"
        ],
        "x-ms-request-id": [
          "764035f7-43b4-4273-be3a-2a115e6bd380"
        ],
        "x-ms-correlation-request-id": [
          "764035f7-43b4-4273-be3a-2a115e6bd380"
        ],
        "x-ms-routing-request-id": [
          "WESTUS:20230217T210721Z:764035f7-43b4-4273-be3a-2a115e6bd380"
        ],
        "Strict-Transport-Security": [
          "max-age=31536000; includeSubDomains"
        ],
        "X-Content-Type-Options": [
          "nosniff"
        ],
        "Date": [
          "Fri, 17 Feb 2023 21:07:21 GMT"
        ],
        "Expires": [
          "-1"
        ],
        "Content-Length": [
          "0"
        ]
      },
      "ResponseBody": "",
      "StatusCode": 200
    }
  ],
  "Names": {
    "Test-GetDatabase": [
      "ps6228",
      "ps2860",
      "ps8598",
      "ps7510",
      "ps6061"
    ]
  },
  "Variables": {
    "SubscriptionId": "2c647056-bab2-4175-b172-493ff049eb29"
  }
}