{
  "Entries": [
    {
      "RequestUri": "/subscriptions/e64f3e8e-ab91-4a65-8cdd-5cd2f47d00b4/resourcegroups/ps778?api-version=2016-09-01",
      "EncodedRequestUri": "L3N1YnNjcmlwdGlvbnMvZTY0ZjNlOGUtYWI5MS00YTY1LThjZGQtNWNkMmY0N2QwMGI0L3Jlc291cmNlZ3JvdXBzL3BzNzc4P2FwaS12ZXJzaW9uPTIwMTYtMDktMDE=",
      "RequestMethod": "PUT",
      "RequestBody": "{\r\n  \"location\": \"westcentralus\"\r\n}",
      "RequestHeaders": {
        "x-ms-client-request-id": [
          "70fb4147-902b-41a3-8afb-c17f8e333f65"
        ],
        "Accept-Language": [
          "en-US"
        ],
        "User-Agent": [
          "FxVersion/4.6.29916.01",
          "OSName/Windows",
          "OSVersion/Microsoft.Windows.10.0.14393.",
          "Microsoft.Azure.Management.Internal.Resources.ResourceManagementClient/1.3.32"
        ],
        "Content-Type": [
          "application/json; charset=utf-8"
        ],
        "Content-Length": [
          "35"
        ]
      },
      "ResponseHeaders": {
        "Cache-Control": [
          "no-cache"
        ],
        "Pragma": [
          "no-cache"
        ],
        "x-ms-ratelimit-remaining-subscription-writes": [
          "1199"
        ],
        "x-ms-request-id": [
          "b113e83b-0ed4-421d-add9-8b3439240150"
        ],
        "x-ms-correlation-request-id": [
          "b113e83b-0ed4-421d-add9-8b3439240150"
        ],
        "x-ms-routing-request-id": [
          "WESTCENTRALUS:20210514T171811Z:b113e83b-0ed4-421d-add9-8b3439240150"
        ],
        "Strict-Transport-Security": [
          "max-age=31536000; includeSubDomains"
        ],
        "X-Content-Type-Options": [
          "nosniff"
        ],
        "Date": [
          "Fri, 14 May 2021 17:18:11 GMT"
        ],
        "Content-Length": [
          "170"
        ],
        "Content-Type": [
          "application/json; charset=utf-8"
        ],
        "Expires": [
          "-1"
        ]
      },
      "ResponseBody": "{\r\n  \"id\": \"/subscriptions/e64f3e8e-ab91-4a65-8cdd-5cd2f47d00b4/resourceGroups/ps778\",\r\n  \"name\": \"ps778\",\r\n  \"location\": \"westcentralus\",\r\n  \"properties\": {\r\n    \"provisioningState\": \"Succeeded\"\r\n  }\r\n}",
      "StatusCode": 201
    },
    {
      "RequestUri": "/subscriptions/e64f3e8e-ab91-4a65-8cdd-5cd2f47d00b4/resourceGroups/ps778/providers/Microsoft.Sql/servers/ps160?api-version=2020-11-01-preview",
      "EncodedRequestUri": "L3N1YnNjcmlwdGlvbnMvZTY0ZjNlOGUtYWI5MS00YTY1LThjZGQtNWNkMmY0N2QwMGI0L3Jlc291cmNlR3JvdXBzL3BzNzc4L3Byb3ZpZGVycy9NaWNyb3NvZnQuU3FsL3NlcnZlcnMvcHMxNjA/YXBpLXZlcnNpb249MjAyMC0xMS0wMS1wcmV2aWV3",
      "RequestMethod": "GET",
      "RequestBody": "",
      "RequestHeaders": {
        "x-ms-client-request-id": [
          "5abada18-e0bd-4a8d-b47b-586c51f3c401"
        ],
        "Accept-Language": [
          "en-US"
        ],
        "User-Agent": [
          "FxVersion/4.6.29916.01",
          "OSName/Windows",
          "OSVersion/Microsoft.Windows.10.0.14393.",
          "Microsoft.Azure.Management.Sql.SqlManagementClient/1.52.0.0"
        ]
      },
      "ResponseHeaders": {
        "Cache-Control": [
          "no-cache"
        ],
        "Pragma": [
          "no-cache"
        ],
        "x-ms-failure-cause": [
          "gateway"
        ],
        "x-ms-request-id": [
          "61398b59-19eb-40e7-8dad-0f672d30035e"
        ],
        "x-ms-correlation-request-id": [
          "61398b59-19eb-40e7-8dad-0f672d30035e"
        ],
        "x-ms-routing-request-id": [
          "WESTUS:20210514T171812Z:61398b59-19eb-40e7-8dad-0f672d30035e"
        ],
        "Strict-Transport-Security": [
          "max-age=31536000; includeSubDomains"
        ],
        "X-Content-Type-Options": [
          "nosniff"
        ],
        "Date": [
          "Fri, 14 May 2021 17:18:11 GMT"
        ],
        "Content-Type": [
          "application/json; charset=utf-8"
        ],
        "Expires": [
          "-1"
        ],
        "Content-Length": [
          "204"
        ]
      },
      "ResponseBody": "{\r\n  \"error\": {\r\n    \"code\": \"ResourceNotFound\",\r\n    \"message\": \"The Resource 'Microsoft.Sql/servers/ps160' under resource group 'ps778' was not found. For more details please go to https://aka.ms/ARMResourceNotFoundFix\"\r\n  }\r\n}",
      "StatusCode": 404
    },
    {
      "RequestUri": "/subscriptions/e64f3e8e-ab91-4a65-8cdd-5cd2f47d00b4/resourceGroups/ps778/providers/Microsoft.Sql/servers/ps160?api-version=2020-11-01-preview",
      "EncodedRequestUri": "L3N1YnNjcmlwdGlvbnMvZTY0ZjNlOGUtYWI5MS00YTY1LThjZGQtNWNkMmY0N2QwMGI0L3Jlc291cmNlR3JvdXBzL3BzNzc4L3Byb3ZpZGVycy9NaWNyb3NvZnQuU3FsL3NlcnZlcnMvcHMxNjA/YXBpLXZlcnNpb249MjAyMC0xMS0wMS1wcmV2aWV3",
      "RequestMethod": "GET",
      "RequestBody": "",
      "RequestHeaders": {
        "x-ms-client-request-id": [
          "5abada18-e0bd-4a8d-b47b-586c51f3c401"
        ],
        "User-Agent": [
          "FxVersion/4.6.29916.01",
          "OSName/Windows",
          "OSVersion/Microsoft.Windows.10.0.14393.",
          "Microsoft.Azure.Management.Sql.SqlManagementClient/1.52.0.0"
        ]
      },
      "ResponseHeaders": {
        "Cache-Control": [
          "no-cache"
        ],
        "Pragma": [
          "no-cache"
        ],
        "x-ms-request-id": [
          "82b676d1-c314-4eed-8db6-c8d49f7fd7f1"
        ],
        "Server": [
          "Microsoft-HTTPAPI/2.0"
        ],
        "x-ms-ratelimit-remaining-subscription-reads": [
          "11990"
        ],
        "x-ms-correlation-request-id": [
          "cae9cf40-7c62-462a-a19f-af70d0ce37c8"
        ],
        "x-ms-routing-request-id": [
          "WESTUS:20210514T171920Z:cae9cf40-7c62-462a-a19f-af70d0ce37c8"
        ],
        "Strict-Transport-Security": [
          "max-age=31536000; includeSubDomains"
        ],
        "X-Content-Type-Options": [
          "nosniff"
        ],
        "Date": [
          "Fri, 14 May 2021 17:19:20 GMT"
        ],
        "Content-Length": [
          "409"
        ],
        "Content-Type": [
          "application/json; charset=utf-8"
        ],
        "Expires": [
          "-1"
        ]
      },
      "ResponseBody": "{\r\n  \"kind\": \"v12.0\",\r\n  \"properties\": {\r\n    \"administratorLogin\": \"testusername\",\r\n    \"version\": \"12.0\",\r\n    \"state\": \"Ready\",\r\n    \"fullyQualifiedDomainName\": \"ps160.database.windows.net\",\r\n    \"privateEndpointConnections\": [],\r\n    \"publicNetworkAccess\": \"Enabled\"\r\n  },\r\n  \"location\": \"eastus2euap\",\r\n  \"id\": \"/subscriptions/e64f3e8e-ab91-4a65-8cdd-5cd2f47d00b4/resourceGroups/ps778/providers/Microsoft.Sql/servers/ps160\",\r\n  \"name\": \"ps160\",\r\n  \"type\": \"Microsoft.Sql/servers\"\r\n}",
      "StatusCode": 200
    },
    {
      "RequestUri": "/subscriptions/e64f3e8e-ab91-4a65-8cdd-5cd2f47d00b4/resourceGroups/ps778/providers/Microsoft.Sql/servers/ps160?api-version=2020-11-01-preview",
      "EncodedRequestUri": "L3N1YnNjcmlwdGlvbnMvZTY0ZjNlOGUtYWI5MS00YTY1LThjZGQtNWNkMmY0N2QwMGI0L3Jlc291cmNlR3JvdXBzL3BzNzc4L3Byb3ZpZGVycy9NaWNyb3NvZnQuU3FsL3NlcnZlcnMvcHMxNjA/YXBpLXZlcnNpb249MjAyMC0xMS0wMS1wcmV2aWV3",
      "RequestMethod": "GET",
      "RequestBody": "",
      "RequestHeaders": {
        "x-ms-client-request-id": [
          "cf1710c3-f854-4bf2-a3dd-f6fb282a65a1"
        ],
        "Accept-Language": [
          "en-US"
        ],
        "User-Agent": [
          "FxVersion/4.6.29916.01",
          "OSName/Windows",
          "OSVersion/Microsoft.Windows.10.0.14393.",
          "Microsoft.Azure.Management.Sql.SqlManagementClient/1.52.0.0"
        ]
      },
      "ResponseHeaders": {
        "Cache-Control": [
          "no-cache"
        ],
        "Pragma": [
          "no-cache"
        ],
        "x-ms-request-id": [
          "20178d21-cc2c-4006-a628-3305e7830c0b"
        ],
        "Server": [
          "Microsoft-HTTPAPI/2.0"
        ],
        "x-ms-ratelimit-remaining-subscription-reads": [
          "11989"
        ],
        "x-ms-correlation-request-id": [
          "571bce2e-a212-4c53-9f07-ea43cf53739d"
        ],
        "x-ms-routing-request-id": [
          "WESTUS:20210514T171920Z:571bce2e-a212-4c53-9f07-ea43cf53739d"
        ],
        "Strict-Transport-Security": [
          "max-age=31536000; includeSubDomains"
        ],
        "X-Content-Type-Options": [
          "nosniff"
        ],
        "Date": [
          "Fri, 14 May 2021 17:19:20 GMT"
        ],
        "Content-Length": [
          "409"
        ],
        "Content-Type": [
          "application/json; charset=utf-8"
        ],
        "Expires": [
          "-1"
        ]
      },
      "ResponseBody": "{\r\n  \"kind\": \"v12.0\",\r\n  \"properties\": {\r\n    \"administratorLogin\": \"testusername\",\r\n    \"version\": \"12.0\",\r\n    \"state\": \"Ready\",\r\n    \"fullyQualifiedDomainName\": \"ps160.database.windows.net\",\r\n    \"privateEndpointConnections\": [],\r\n    \"publicNetworkAccess\": \"Enabled\"\r\n  },\r\n  \"location\": \"eastus2euap\",\r\n  \"id\": \"/subscriptions/e64f3e8e-ab91-4a65-8cdd-5cd2f47d00b4/resourceGroups/ps778/providers/Microsoft.Sql/servers/ps160\",\r\n  \"name\": \"ps160\",\r\n  \"type\": \"Microsoft.Sql/servers\"\r\n}",
      "StatusCode": 200
    },
    {
      "RequestUri": "/subscriptions/e64f3e8e-ab91-4a65-8cdd-5cd2f47d00b4/resourceGroups/ps778/providers/Microsoft.Sql/servers/ps160?api-version=2020-11-01-preview",
      "EncodedRequestUri": "L3N1YnNjcmlwdGlvbnMvZTY0ZjNlOGUtYWI5MS00YTY1LThjZGQtNWNkMmY0N2QwMGI0L3Jlc291cmNlR3JvdXBzL3BzNzc4L3Byb3ZpZGVycy9NaWNyb3NvZnQuU3FsL3NlcnZlcnMvcHMxNjA/YXBpLXZlcnNpb249MjAyMC0xMS0wMS1wcmV2aWV3",
      "RequestMethod": "GET",
      "RequestBody": "",
      "RequestHeaders": {
        "x-ms-client-request-id": [
          "cf1710c3-f854-4bf2-a3dd-f6fb282a65a1"
        ],
        "Accept-Language": [
          "en-US"
        ],
        "User-Agent": [
          "FxVersion/4.6.29916.01",
          "OSName/Windows",
          "OSVersion/Microsoft.Windows.10.0.14393.",
          "Microsoft.Azure.Management.Sql.SqlManagementClient/1.52.0.0"
        ]
      },
      "ResponseHeaders": {
        "Cache-Control": [
          "no-cache"
        ],
        "Pragma": [
          "no-cache"
        ],
        "x-ms-request-id": [
          "e16f86b2-8ede-4efc-912c-a6ef7d3dcbfe"
        ],
        "Server": [
          "Microsoft-HTTPAPI/2.0"
        ],
        "x-ms-ratelimit-remaining-subscription-reads": [
          "11987"
        ],
        "x-ms-correlation-request-id": [
          "2a14ef3f-a8d2-4255-bf5a-4bef64b72d80"
        ],
        "x-ms-routing-request-id": [
          "WESTUS:20210514T171921Z:2a14ef3f-a8d2-4255-bf5a-4bef64b72d80"
        ],
        "Strict-Transport-Security": [
          "max-age=31536000; includeSubDomains"
        ],
        "X-Content-Type-Options": [
          "nosniff"
        ],
        "Date": [
          "Fri, 14 May 2021 17:19:20 GMT"
        ],
        "Content-Length": [
          "409"
        ],
        "Content-Type": [
          "application/json; charset=utf-8"
        ],
        "Expires": [
          "-1"
        ]
      },
      "ResponseBody": "{\r\n  \"kind\": \"v12.0\",\r\n  \"properties\": {\r\n    \"administratorLogin\": \"testusername\",\r\n    \"version\": \"12.0\",\r\n    \"state\": \"Ready\",\r\n    \"fullyQualifiedDomainName\": \"ps160.database.windows.net\",\r\n    \"privateEndpointConnections\": [],\r\n    \"publicNetworkAccess\": \"Enabled\"\r\n  },\r\n  \"location\": \"eastus2euap\",\r\n  \"id\": \"/subscriptions/e64f3e8e-ab91-4a65-8cdd-5cd2f47d00b4/resourceGroups/ps778/providers/Microsoft.Sql/servers/ps160\",\r\n  \"name\": \"ps160\",\r\n  \"type\": \"Microsoft.Sql/servers\"\r\n}",
      "StatusCode": 200
    },
    {
      "RequestUri": "/subscriptions/e64f3e8e-ab91-4a65-8cdd-5cd2f47d00b4/resourceGroups/ps778/providers/Microsoft.Sql/servers/ps160?api-version=2020-11-01-preview",
      "EncodedRequestUri": "L3N1YnNjcmlwdGlvbnMvZTY0ZjNlOGUtYWI5MS00YTY1LThjZGQtNWNkMmY0N2QwMGI0L3Jlc291cmNlR3JvdXBzL3BzNzc4L3Byb3ZpZGVycy9NaWNyb3NvZnQuU3FsL3NlcnZlcnMvcHMxNjA/YXBpLXZlcnNpb249MjAyMC0xMS0wMS1wcmV2aWV3",
      "RequestMethod": "PUT",
      "RequestBody": "{\r\n  \"properties\": {\r\n    \"administratorLogin\": \"testusername\",\r\n    \"administratorLoginPassword\": \"t357ingP@s5w0rd!\"\r\n  },\r\n  \"location\": \"eastus2euap\"\r\n}",
      "RequestHeaders": {
        "x-ms-client-request-id": [
          "5abada18-e0bd-4a8d-b47b-586c51f3c401"
        ],
        "Accept-Language": [
          "en-US"
        ],
        "User-Agent": [
          "FxVersion/4.6.29916.01",
          "OSName/Windows",
          "OSVersion/Microsoft.Windows.10.0.14393.",
          "Microsoft.Azure.Management.Sql.SqlManagementClient/1.52.0.0"
        ],
        "Content-Type": [
          "application/json; charset=utf-8"
        ],
        "Content-Length": [
          "155"
        ]
      },
      "ResponseHeaders": {
        "Cache-Control": [
          "no-cache"
        ],
        "Pragma": [
          "no-cache"
        ],
        "Location": [
          "https://management.azure.com/subscriptions/e64f3e8e-ab91-4a65-8cdd-5cd2f47d00b4/resourceGroups/ps778/providers/Microsoft.Sql/locations/eastus2euap/serverOperationResults/2880c904-d37d-4024-a46e-7e36025dea7f?api-version=2020-11-01-preview"
        ],
        "Retry-After": [
          "1"
        ],
        "Azure-AsyncOperation": [
          "https://management.azure.com/subscriptions/e64f3e8e-ab91-4a65-8cdd-5cd2f47d00b4/resourceGroups/ps778/providers/Microsoft.Sql/locations/eastus2euap/serverAzureAsyncOperation/2880c904-d37d-4024-a46e-7e36025dea7f?api-version=2020-11-01-preview"
        ],
        "x-ms-request-id": [
          "2880c904-d37d-4024-a46e-7e36025dea7f"
        ],
        "Server": [
          "Microsoft-HTTPAPI/2.0"
        ],
        "x-ms-ratelimit-remaining-subscription-writes": [
          "1199"
        ],
        "x-ms-correlation-request-id": [
          "57e131df-0657-4b85-a07d-276e670abdc4"
        ],
        "x-ms-routing-request-id": [
          "WESTUS:20210514T171814Z:57e131df-0657-4b85-a07d-276e670abdc4"
        ],
        "Strict-Transport-Security": [
          "max-age=31536000; includeSubDomains"
        ],
        "X-Content-Type-Options": [
          "nosniff"
        ],
        "Date": [
          "Fri, 14 May 2021 17:18:13 GMT"
        ],
        "Content-Length": [
          "74"
        ],
        "Content-Type": [
          "application/json; charset=utf-8"
        ],
        "Expires": [
          "-1"
        ]
      },
      "ResponseBody": "{\r\n  \"operation\": \"UpsertLogicalServer\",\r\n  \"startTime\": \"2021-05-14T17:18:13.967Z\"\r\n}",
      "StatusCode": 202
    },
    {
      "RequestUri": "/subscriptions/e64f3e8e-ab91-4a65-8cdd-5cd2f47d00b4/resourceGroups/ps778/providers/Microsoft.Sql/locations/eastus2euap/serverAzureAsyncOperation/2880c904-d37d-4024-a46e-7e36025dea7f?api-version=2020-11-01-preview",
      "EncodedRequestUri": "L3N1YnNjcmlwdGlvbnMvZTY0ZjNlOGUtYWI5MS00YTY1LThjZGQtNWNkMmY0N2QwMGI0L3Jlc291cmNlR3JvdXBzL3BzNzc4L3Byb3ZpZGVycy9NaWNyb3NvZnQuU3FsL2xvY2F0aW9ucy9lYXN0dXMyZXVhcC9zZXJ2ZXJBenVyZUFzeW5jT3BlcmF0aW9uLzI4ODBjOTA0LWQzN2QtNDAyNC1hNDZlLTdlMzYwMjVkZWE3Zj9hcGktdmVyc2lvbj0yMDIwLTExLTAxLXByZXZpZXc=",
      "RequestMethod": "GET",
      "RequestBody": "",
      "RequestHeaders": {
        "x-ms-client-request-id": [
          "5abada18-e0bd-4a8d-b47b-586c51f3c401"
        ],
        "User-Agent": [
          "FxVersion/4.6.29916.01",
          "OSName/Windows",
          "OSVersion/Microsoft.Windows.10.0.14393.",
          "Microsoft.Azure.Management.Sql.SqlManagementClient/1.52.0.0"
        ]
      },
      "ResponseHeaders": {
        "Cache-Control": [
          "no-cache"
        ],
        "Pragma": [
          "no-cache"
        ],
        "Retry-After": [
          "1"
        ],
        "x-ms-request-id": [
          "ceb5cb0c-3ae4-4171-9dad-e5431be3d188"
        ],
        "Server": [
          "Microsoft-HTTPAPI/2.0"
        ],
        "x-ms-ratelimit-remaining-subscription-reads": [
          "11998"
        ],
        "x-ms-correlation-request-id": [
          "ce2aa176-029a-4815-9bc3-b9c6c203faf1"
        ],
        "x-ms-routing-request-id": [
          "WESTUS:20210514T171815Z:ce2aa176-029a-4815-9bc3-b9c6c203faf1"
        ],
        "Strict-Transport-Security": [
          "max-age=31536000; includeSubDomains"
        ],
        "X-Content-Type-Options": [
          "nosniff"
        ],
        "Date": [
          "Fri, 14 May 2021 17:18:15 GMT"
        ],
        "Content-Length": [
          "108"
        ],
        "Content-Type": [
          "application/json; charset=utf-8"
        ],
        "Expires": [
          "-1"
        ]
      },
      "ResponseBody": "{\r\n  \"name\": \"2880c904-d37d-4024-a46e-7e36025dea7f\",\r\n  \"status\": \"InProgress\",\r\n  \"startTime\": \"2021-05-14T17:18:13.967Z\"\r\n}",
      "StatusCode": 200
    },
    {
      "RequestUri": "/subscriptions/e64f3e8e-ab91-4a65-8cdd-5cd2f47d00b4/resourceGroups/ps778/providers/Microsoft.Sql/locations/eastus2euap/serverAzureAsyncOperation/2880c904-d37d-4024-a46e-7e36025dea7f?api-version=2020-11-01-preview",
      "EncodedRequestUri": "L3N1YnNjcmlwdGlvbnMvZTY0ZjNlOGUtYWI5MS00YTY1LThjZGQtNWNkMmY0N2QwMGI0L3Jlc291cmNlR3JvdXBzL3BzNzc4L3Byb3ZpZGVycy9NaWNyb3NvZnQuU3FsL2xvY2F0aW9ucy9lYXN0dXMyZXVhcC9zZXJ2ZXJBenVyZUFzeW5jT3BlcmF0aW9uLzI4ODBjOTA0LWQzN2QtNDAyNC1hNDZlLTdlMzYwMjVkZWE3Zj9hcGktdmVyc2lvbj0yMDIwLTExLTAxLXByZXZpZXc=",
      "RequestMethod": "GET",
      "RequestBody": "",
      "RequestHeaders": {
        "x-ms-client-request-id": [
          "5abada18-e0bd-4a8d-b47b-586c51f3c401"
        ],
        "User-Agent": [
          "FxVersion/4.6.29916.01",
          "OSName/Windows",
          "OSVersion/Microsoft.Windows.10.0.14393.",
          "Microsoft.Azure.Management.Sql.SqlManagementClient/1.52.0.0"
        ]
      },
      "ResponseHeaders": {
        "Cache-Control": [
          "no-cache"
        ],
        "Pragma": [
          "no-cache"
        ],
        "Retry-After": [
          "1"
        ],
        "x-ms-request-id": [
          "506c460a-6b61-4aef-bf78-08e7cbf70c8e"
        ],
        "Server": [
          "Microsoft-HTTPAPI/2.0"
        ],
        "x-ms-ratelimit-remaining-subscription-reads": [
          "11997"
        ],
        "x-ms-correlation-request-id": [
          "970b6d97-4af6-49b8-8622-d3bcc154e761"
        ],
        "x-ms-routing-request-id": [
          "WESTUS:20210514T171816Z:970b6d97-4af6-49b8-8622-d3bcc154e761"
        ],
        "Strict-Transport-Security": [
          "max-age=31536000; includeSubDomains"
        ],
        "X-Content-Type-Options": [
          "nosniff"
        ],
        "Date": [
          "Fri, 14 May 2021 17:18:16 GMT"
        ],
        "Content-Length": [
          "108"
        ],
        "Content-Type": [
          "application/json; charset=utf-8"
        ],
        "Expires": [
          "-1"
        ]
      },
      "ResponseBody": "{\r\n  \"name\": \"2880c904-d37d-4024-a46e-7e36025dea7f\",\r\n  \"status\": \"InProgress\",\r\n  \"startTime\": \"2021-05-14T17:18:13.967Z\"\r\n}",
      "StatusCode": 200
    },
    {
      "RequestUri": "/subscriptions/e64f3e8e-ab91-4a65-8cdd-5cd2f47d00b4/resourceGroups/ps778/providers/Microsoft.Sql/locations/eastus2euap/serverAzureAsyncOperation/2880c904-d37d-4024-a46e-7e36025dea7f?api-version=2020-11-01-preview",
      "EncodedRequestUri": "L3N1YnNjcmlwdGlvbnMvZTY0ZjNlOGUtYWI5MS00YTY1LThjZGQtNWNkMmY0N2QwMGI0L3Jlc291cmNlR3JvdXBzL3BzNzc4L3Byb3ZpZGVycy9NaWNyb3NvZnQuU3FsL2xvY2F0aW9ucy9lYXN0dXMyZXVhcC9zZXJ2ZXJBenVyZUFzeW5jT3BlcmF0aW9uLzI4ODBjOTA0LWQzN2QtNDAyNC1hNDZlLTdlMzYwMjVkZWE3Zj9hcGktdmVyc2lvbj0yMDIwLTExLTAxLXByZXZpZXc=",
      "RequestMethod": "GET",
      "RequestBody": "",
      "RequestHeaders": {
        "x-ms-client-request-id": [
          "5abada18-e0bd-4a8d-b47b-586c51f3c401"
        ],
        "User-Agent": [
          "FxVersion/4.6.29916.01",
          "OSName/Windows",
          "OSVersion/Microsoft.Windows.10.0.14393.",
          "Microsoft.Azure.Management.Sql.SqlManagementClient/1.52.0.0"
        ]
      },
      "ResponseHeaders": {
        "Cache-Control": [
          "no-cache"
        ],
        "Pragma": [
          "no-cache"
        ],
        "Retry-After": [
          "1"
        ],
        "x-ms-request-id": [
          "7ebd0955-0173-4c14-9835-13a745578870"
        ],
        "Server": [
          "Microsoft-HTTPAPI/2.0"
        ],
        "x-ms-ratelimit-remaining-subscription-reads": [
          "11996"
        ],
        "x-ms-correlation-request-id": [
          "86239e7d-98e6-4077-b70e-a79c04ba4df7"
        ],
        "x-ms-routing-request-id": [
          "WESTUS:20210514T171817Z:86239e7d-98e6-4077-b70e-a79c04ba4df7"
        ],
        "Strict-Transport-Security": [
          "max-age=31536000; includeSubDomains"
        ],
        "X-Content-Type-Options": [
          "nosniff"
        ],
        "Date": [
          "Fri, 14 May 2021 17:18:17 GMT"
        ],
        "Content-Length": [
          "108"
        ],
        "Content-Type": [
          "application/json; charset=utf-8"
        ],
        "Expires": [
          "-1"
        ]
      },
      "ResponseBody": "{\r\n  \"name\": \"2880c904-d37d-4024-a46e-7e36025dea7f\",\r\n  \"status\": \"InProgress\",\r\n  \"startTime\": \"2021-05-14T17:18:13.967Z\"\r\n}",
      "StatusCode": 200
    },
    {
      "RequestUri": "/subscriptions/e64f3e8e-ab91-4a65-8cdd-5cd2f47d00b4/resourceGroups/ps778/providers/Microsoft.Sql/locations/eastus2euap/serverAzureAsyncOperation/2880c904-d37d-4024-a46e-7e36025dea7f?api-version=2020-11-01-preview",
      "EncodedRequestUri": "L3N1YnNjcmlwdGlvbnMvZTY0ZjNlOGUtYWI5MS00YTY1LThjZGQtNWNkMmY0N2QwMGI0L3Jlc291cmNlR3JvdXBzL3BzNzc4L3Byb3ZpZGVycy9NaWNyb3NvZnQuU3FsL2xvY2F0aW9ucy9lYXN0dXMyZXVhcC9zZXJ2ZXJBenVyZUFzeW5jT3BlcmF0aW9uLzI4ODBjOTA0LWQzN2QtNDAyNC1hNDZlLTdlMzYwMjVkZWE3Zj9hcGktdmVyc2lvbj0yMDIwLTExLTAxLXByZXZpZXc=",
      "RequestMethod": "GET",
      "RequestBody": "",
      "RequestHeaders": {
        "x-ms-client-request-id": [
          "5abada18-e0bd-4a8d-b47b-586c51f3c401"
        ],
        "User-Agent": [
          "FxVersion/4.6.29916.01",
          "OSName/Windows",
          "OSVersion/Microsoft.Windows.10.0.14393.",
          "Microsoft.Azure.Management.Sql.SqlManagementClient/1.52.0.0"
        ]
      },
      "ResponseHeaders": {
        "Cache-Control": [
          "no-cache"
        ],
        "Pragma": [
          "no-cache"
        ],
        "Retry-After": [
          "1"
        ],
        "x-ms-request-id": [
          "cd0a1cd1-d3e7-4404-8c70-c81b321ba93e"
        ],
        "Server": [
          "Microsoft-HTTPAPI/2.0"
        ],
        "x-ms-ratelimit-remaining-subscription-reads": [
          "11995"
        ],
        "x-ms-correlation-request-id": [
          "4a026afb-d7e1-463e-9b53-288b00604298"
        ],
        "x-ms-routing-request-id": [
          "WESTUS:20210514T171818Z:4a026afb-d7e1-463e-9b53-288b00604298"
        ],
        "Strict-Transport-Security": [
          "max-age=31536000; includeSubDomains"
        ],
        "X-Content-Type-Options": [
          "nosniff"
        ],
        "Date": [
          "Fri, 14 May 2021 17:18:18 GMT"
        ],
        "Content-Length": [
          "108"
        ],
        "Content-Type": [
          "application/json; charset=utf-8"
        ],
        "Expires": [
          "-1"
        ]
      },
      "ResponseBody": "{\r\n  \"name\": \"2880c904-d37d-4024-a46e-7e36025dea7f\",\r\n  \"status\": \"InProgress\",\r\n  \"startTime\": \"2021-05-14T17:18:13.967Z\"\r\n}",
      "StatusCode": 200
    },
    {
      "RequestUri": "/subscriptions/e64f3e8e-ab91-4a65-8cdd-5cd2f47d00b4/resourceGroups/ps778/providers/Microsoft.Sql/locations/eastus2euap/serverAzureAsyncOperation/2880c904-d37d-4024-a46e-7e36025dea7f?api-version=2020-11-01-preview",
      "EncodedRequestUri": "L3N1YnNjcmlwdGlvbnMvZTY0ZjNlOGUtYWI5MS00YTY1LThjZGQtNWNkMmY0N2QwMGI0L3Jlc291cmNlR3JvdXBzL3BzNzc4L3Byb3ZpZGVycy9NaWNyb3NvZnQuU3FsL2xvY2F0aW9ucy9lYXN0dXMyZXVhcC9zZXJ2ZXJBenVyZUFzeW5jT3BlcmF0aW9uLzI4ODBjOTA0LWQzN2QtNDAyNC1hNDZlLTdlMzYwMjVkZWE3Zj9hcGktdmVyc2lvbj0yMDIwLTExLTAxLXByZXZpZXc=",
      "RequestMethod": "GET",
      "RequestBody": "",
      "RequestHeaders": {
        "x-ms-client-request-id": [
          "5abada18-e0bd-4a8d-b47b-586c51f3c401"
        ],
        "User-Agent": [
          "FxVersion/4.6.29916.01",
          "OSName/Windows",
          "OSVersion/Microsoft.Windows.10.0.14393.",
          "Microsoft.Azure.Management.Sql.SqlManagementClient/1.52.0.0"
        ]
      },
      "ResponseHeaders": {
        "Cache-Control": [
          "no-cache"
        ],
        "Pragma": [
          "no-cache"
        ],
        "Retry-After": [
          "20"
        ],
        "x-ms-request-id": [
          "4384d7b0-2b00-45ba-8cdd-56109115e66d"
        ],
        "Server": [
          "Microsoft-HTTPAPI/2.0"
        ],
        "x-ms-ratelimit-remaining-subscription-reads": [
          "11994"
        ],
        "x-ms-correlation-request-id": [
          "4029ee47-8c67-4976-8b86-1c2a9d65d2fc"
        ],
        "x-ms-routing-request-id": [
          "WESTUS:20210514T171820Z:4029ee47-8c67-4976-8b86-1c2a9d65d2fc"
        ],
        "Strict-Transport-Security": [
          "max-age=31536000; includeSubDomains"
        ],
        "X-Content-Type-Options": [
          "nosniff"
        ],
        "Date": [
          "Fri, 14 May 2021 17:18:20 GMT"
        ],
        "Content-Length": [
          "108"
        ],
        "Content-Type": [
          "application/json; charset=utf-8"
        ],
        "Expires": [
          "-1"
        ]
      },
      "ResponseBody": "{\r\n  \"name\": \"2880c904-d37d-4024-a46e-7e36025dea7f\",\r\n  \"status\": \"InProgress\",\r\n  \"startTime\": \"2021-05-14T17:18:13.967Z\"\r\n}",
      "StatusCode": 200
    },
    {
      "RequestUri": "/subscriptions/e64f3e8e-ab91-4a65-8cdd-5cd2f47d00b4/resourceGroups/ps778/providers/Microsoft.Sql/locations/eastus2euap/serverAzureAsyncOperation/2880c904-d37d-4024-a46e-7e36025dea7f?api-version=2020-11-01-preview",
      "EncodedRequestUri": "L3N1YnNjcmlwdGlvbnMvZTY0ZjNlOGUtYWI5MS00YTY1LThjZGQtNWNkMmY0N2QwMGI0L3Jlc291cmNlR3JvdXBzL3BzNzc4L3Byb3ZpZGVycy9NaWNyb3NvZnQuU3FsL2xvY2F0aW9ucy9lYXN0dXMyZXVhcC9zZXJ2ZXJBenVyZUFzeW5jT3BlcmF0aW9uLzI4ODBjOTA0LWQzN2QtNDAyNC1hNDZlLTdlMzYwMjVkZWE3Zj9hcGktdmVyc2lvbj0yMDIwLTExLTAxLXByZXZpZXc=",
      "RequestMethod": "GET",
      "RequestBody": "",
      "RequestHeaders": {
        "x-ms-client-request-id": [
          "5abada18-e0bd-4a8d-b47b-586c51f3c401"
        ],
        "User-Agent": [
          "FxVersion/4.6.29916.01",
          "OSName/Windows",
          "OSVersion/Microsoft.Windows.10.0.14393.",
          "Microsoft.Azure.Management.Sql.SqlManagementClient/1.52.0.0"
        ]
      },
      "ResponseHeaders": {
        "Cache-Control": [
          "no-cache"
        ],
        "Pragma": [
          "no-cache"
        ],
        "Retry-After": [
          "20"
        ],
        "x-ms-request-id": [
          "9dd00620-d9d4-49fa-975b-531fb0fc9ed4"
        ],
        "Server": [
          "Microsoft-HTTPAPI/2.0"
        ],
        "x-ms-ratelimit-remaining-subscription-reads": [
          "11993"
        ],
        "x-ms-correlation-request-id": [
          "ad5e509d-3817-4b4f-aa9d-eef262b62b7c"
        ],
        "x-ms-routing-request-id": [
          "WESTUS:20210514T171840Z:ad5e509d-3817-4b4f-aa9d-eef262b62b7c"
        ],
        "Strict-Transport-Security": [
          "max-age=31536000; includeSubDomains"
        ],
        "X-Content-Type-Options": [
          "nosniff"
        ],
        "Date": [
          "Fri, 14 May 2021 17:18:40 GMT"
        ],
        "Content-Length": [
          "108"
        ],
        "Content-Type": [
          "application/json; charset=utf-8"
        ],
        "Expires": [
          "-1"
        ]
      },
      "ResponseBody": "{\r\n  \"name\": \"2880c904-d37d-4024-a46e-7e36025dea7f\",\r\n  \"status\": \"InProgress\",\r\n  \"startTime\": \"2021-05-14T17:18:13.967Z\"\r\n}",
      "StatusCode": 200
    },
    {
      "RequestUri": "/subscriptions/e64f3e8e-ab91-4a65-8cdd-5cd2f47d00b4/resourceGroups/ps778/providers/Microsoft.Sql/locations/eastus2euap/serverAzureAsyncOperation/2880c904-d37d-4024-a46e-7e36025dea7f?api-version=2020-11-01-preview",
      "EncodedRequestUri": "L3N1YnNjcmlwdGlvbnMvZTY0ZjNlOGUtYWI5MS00YTY1LThjZGQtNWNkMmY0N2QwMGI0L3Jlc291cmNlR3JvdXBzL3BzNzc4L3Byb3ZpZGVycy9NaWNyb3NvZnQuU3FsL2xvY2F0aW9ucy9lYXN0dXMyZXVhcC9zZXJ2ZXJBenVyZUFzeW5jT3BlcmF0aW9uLzI4ODBjOTA0LWQzN2QtNDAyNC1hNDZlLTdlMzYwMjVkZWE3Zj9hcGktdmVyc2lvbj0yMDIwLTExLTAxLXByZXZpZXc=",
      "RequestMethod": "GET",
      "RequestBody": "",
      "RequestHeaders": {
        "x-ms-client-request-id": [
          "5abada18-e0bd-4a8d-b47b-586c51f3c401"
        ],
        "User-Agent": [
          "FxVersion/4.6.29916.01",
          "OSName/Windows",
          "OSVersion/Microsoft.Windows.10.0.14393.",
          "Microsoft.Azure.Management.Sql.SqlManagementClient/1.52.0.0"
        ]
      },
      "ResponseHeaders": {
        "Cache-Control": [
          "no-cache"
        ],
        "Pragma": [
          "no-cache"
        ],
        "Retry-After": [
          "20"
        ],
        "x-ms-request-id": [
          "8b886128-515e-4aca-9059-3d41a23a1b31"
        ],
        "Server": [
          "Microsoft-HTTPAPI/2.0"
        ],
        "x-ms-ratelimit-remaining-subscription-reads": [
          "11992"
        ],
        "x-ms-correlation-request-id": [
          "62447bbf-eada-4ad4-9372-265025d088da"
        ],
        "x-ms-routing-request-id": [
          "WESTUS:20210514T171900Z:62447bbf-eada-4ad4-9372-265025d088da"
        ],
        "Strict-Transport-Security": [
          "max-age=31536000; includeSubDomains"
        ],
        "X-Content-Type-Options": [
          "nosniff"
        ],
        "Date": [
          "Fri, 14 May 2021 17:18:59 GMT"
        ],
        "Content-Length": [
          "108"
        ],
        "Content-Type": [
          "application/json; charset=utf-8"
        ],
        "Expires": [
          "-1"
        ]
      },
      "ResponseBody": "{\r\n  \"name\": \"2880c904-d37d-4024-a46e-7e36025dea7f\",\r\n  \"status\": \"InProgress\",\r\n  \"startTime\": \"2021-05-14T17:18:13.967Z\"\r\n}",
      "StatusCode": 200
    },
    {
      "RequestUri": "/subscriptions/e64f3e8e-ab91-4a65-8cdd-5cd2f47d00b4/resourceGroups/ps778/providers/Microsoft.Sql/locations/eastus2euap/serverAzureAsyncOperation/2880c904-d37d-4024-a46e-7e36025dea7f?api-version=2020-11-01-preview",
      "EncodedRequestUri": "L3N1YnNjcmlwdGlvbnMvZTY0ZjNlOGUtYWI5MS00YTY1LThjZGQtNWNkMmY0N2QwMGI0L3Jlc291cmNlR3JvdXBzL3BzNzc4L3Byb3ZpZGVycy9NaWNyb3NvZnQuU3FsL2xvY2F0aW9ucy9lYXN0dXMyZXVhcC9zZXJ2ZXJBenVyZUFzeW5jT3BlcmF0aW9uLzI4ODBjOTA0LWQzN2QtNDAyNC1hNDZlLTdlMzYwMjVkZWE3Zj9hcGktdmVyc2lvbj0yMDIwLTExLTAxLXByZXZpZXc=",
      "RequestMethod": "GET",
      "RequestBody": "",
      "RequestHeaders": {
        "x-ms-client-request-id": [
          "5abada18-e0bd-4a8d-b47b-586c51f3c401"
        ],
        "User-Agent": [
          "FxVersion/4.6.29916.01",
          "OSName/Windows",
          "OSVersion/Microsoft.Windows.10.0.14393.",
          "Microsoft.Azure.Management.Sql.SqlManagementClient/1.52.0.0"
        ]
      },
      "ResponseHeaders": {
        "Cache-Control": [
          "no-cache"
        ],
        "Pragma": [
          "no-cache"
        ],
        "Retry-After": [
          "15"
        ],
        "x-ms-request-id": [
          "9ca22d6b-7c91-4b08-bc8e-63b258cd0247"
        ],
        "Server": [
          "Microsoft-HTTPAPI/2.0"
        ],
        "x-ms-ratelimit-remaining-subscription-reads": [
          "11991"
        ],
        "x-ms-correlation-request-id": [
          "5975b9e0-5b60-4b59-b35f-ac5019290d4c"
        ],
        "x-ms-routing-request-id": [
          "WESTUS:20210514T171920Z:5975b9e0-5b60-4b59-b35f-ac5019290d4c"
        ],
        "Strict-Transport-Security": [
          "max-age=31536000; includeSubDomains"
        ],
        "X-Content-Type-Options": [
          "nosniff"
        ],
        "Date": [
          "Fri, 14 May 2021 17:19:19 GMT"
        ],
        "Content-Length": [
          "107"
        ],
        "Content-Type": [
          "application/json; charset=utf-8"
        ],
        "Expires": [
          "-1"
        ]
      },
      "ResponseBody": "{\r\n  \"name\": \"2880c904-d37d-4024-a46e-7e36025dea7f\",\r\n  \"status\": \"Succeeded\",\r\n  \"startTime\": \"2021-05-14T17:18:13.967Z\"\r\n}",
      "StatusCode": 200
    },
    {
      "RequestUri": "/subscriptions/e64f3e8e-ab91-4a65-8cdd-5cd2f47d00b4/resourceGroups/ps778/providers/Microsoft.Sql/servers/ps160/databases/ps5364?api-version=2021-02-01-preview",
      "EncodedRequestUri": "L3N1YnNjcmlwdGlvbnMvZTY0ZjNlOGUtYWI5MS00YTY1LThjZGQtNWNkMmY0N2QwMGI0L3Jlc291cmNlR3JvdXBzL3BzNzc4L3Byb3ZpZGVycy9NaWNyb3NvZnQuU3FsL3NlcnZlcnMvcHMxNjAvZGF0YWJhc2VzL3BzNTM2ND9hcGktdmVyc2lvbj0yMDIxLTAyLTAxLXByZXZpZXc=",
      "RequestMethod": "GET",
      "RequestBody": "",
      "RequestHeaders": {
        "x-ms-client-request-id": [
          "cf1710c3-f854-4bf2-a3dd-f6fb282a65a1"
        ],
        "Accept-Language": [
          "en-US"
        ],
        "User-Agent": [
          "FxVersion/4.6.29916.01",
          "OSName/Windows",
          "OSVersion/Microsoft.Windows.10.0.14393.",
          "Microsoft.Azure.Management.Sql.SqlManagementClient/1.52.0.0"
        ]
      },
      "ResponseHeaders": {
        "Cache-Control": [
          "no-cache"
        ],
        "Pragma": [
          "no-cache"
        ],
        "x-ms-failure-cause": [
          "gateway"
        ],
        "x-ms-request-id": [
          "3eca3339-f689-4872-97c4-562c96bb3624"
        ],
        "x-ms-correlation-request-id": [
          "3eca3339-f689-4872-97c4-562c96bb3624"
        ],
        "x-ms-routing-request-id": [
          "WESTUS:20210514T171920Z:3eca3339-f689-4872-97c4-562c96bb3624"
        ],
        "Strict-Transport-Security": [
          "max-age=31536000; includeSubDomains"
        ],
        "X-Content-Type-Options": [
          "nosniff"
        ],
        "Date": [
          "Fri, 14 May 2021 17:19:20 GMT"
        ],
        "Content-Type": [
          "application/json; charset=utf-8"
        ],
        "Expires": [
          "-1"
        ],
        "Content-Length": [
          "221"
        ]
      },
      "ResponseBody": "{\r\n  \"error\": {\r\n    \"code\": \"ResourceNotFound\",\r\n    \"message\": \"The Resource 'Microsoft.Sql/servers/ps160/databases/ps5364' under resource group 'ps778' was not found. For more details please go to https://aka.ms/ARMResourceNotFoundFix\"\r\n  }\r\n}",
      "StatusCode": 404
    },
    {
      "RequestUri": "/subscriptions/e64f3e8e-ab91-4a65-8cdd-5cd2f47d00b4/resourceGroups/ps778/providers/Microsoft.Sql/servers/ps160/databases/ps5364?api-version=2021-02-01-preview",
      "EncodedRequestUri": "L3N1YnNjcmlwdGlvbnMvZTY0ZjNlOGUtYWI5MS00YTY1LThjZGQtNWNkMmY0N2QwMGI0L3Jlc291cmNlR3JvdXBzL3BzNzc4L3Byb3ZpZGVycy9NaWNyb3NvZnQuU3FsL3NlcnZlcnMvcHMxNjAvZGF0YWJhc2VzL3BzNTM2ND9hcGktdmVyc2lvbj0yMDIxLTAyLTAxLXByZXZpZXc=",
      "RequestMethod": "GET",
      "RequestBody": "",
      "RequestHeaders": {
        "x-ms-client-request-id": [
          "cf1710c3-f854-4bf2-a3dd-f6fb282a65a1"
        ],
        "User-Agent": [
          "FxVersion/4.6.29916.01",
          "OSName/Windows",
          "OSVersion/Microsoft.Windows.10.0.14393.",
          "Microsoft.Azure.Management.Sql.SqlManagementClient/1.52.0.0"
        ]
      },
      "ResponseHeaders": {
        "Cache-Control": [
          "no-cache"
        ],
        "Pragma": [
          "no-cache"
        ],
        "x-ms-request-id": [
          "4f7de850-857b-4af7-8c4a-8ca5b7273ce6"
        ],
        "Server": [
          "Microsoft-HTTPAPI/2.0"
        ],
        "x-ms-ratelimit-remaining-subscription-reads": [
          "11983"
        ],
        "x-ms-correlation-request-id": [
          "b25026cd-a56b-4e68-9261-d0038227b911"
        ],
        "x-ms-routing-request-id": [
          "WESTUS:20210514T172007Z:b25026cd-a56b-4e68-9261-d0038227b911"
        ],
        "Strict-Transport-Security": [
          "max-age=31536000; includeSubDomains"
        ],
        "X-Content-Type-Options": [
          "nosniff"
        ],
        "Date": [
          "Fri, 14 May 2021 17:20:07 GMT"
        ],
        "Content-Length": [
          "1058"
        ],
        "Content-Type": [
          "application/json; charset=utf-8"
        ],
        "Expires": [
          "-1"
        ]
      },
      "ResponseBody": "{\r\n  \"sku\": {\r\n    \"name\": \"Standard\",\r\n    \"tier\": \"Standard\",\r\n    \"capacity\": 10\r\n  },\r\n  \"kind\": \"v12.0,user\",\r\n  \"properties\": {\r\n    \"collation\": \"SQL_Latin1_General_CP1_CI_AS\",\r\n    \"maxSizeBytes\": 268435456000,\r\n    \"status\": \"Online\",\r\n    \"databaseId\": \"38f4896d-b02d-42df-9a69-abbcdf901f11\",\r\n    \"creationDate\": \"2021-05-14T17:20:06.01Z\",\r\n    \"currentServiceObjectiveName\": \"S0\",\r\n    \"requestedServiceObjectiveName\": \"S0\",\r\n    \"defaultSecondaryLocation\": \"centraluseuap\",\r\n    \"catalogCollation\": \"SQL_Latin1_General_CP1_CI_AS\",\r\n    \"zoneRedundant\": false,\r\n    \"readScale\": \"Disabled\",\r\n    \"currentSku\": {\r\n      \"name\": \"Standard\",\r\n      \"tier\": \"Standard\",\r\n      \"capacity\": 10\r\n    },\r\n    \"currentBackupStorageRedundancy\": \"Geo\",\r\n    \"requestedBackupStorageRedundancy\": \"Geo\",\r\n    \"maintenanceConfigurationId\": \"/subscriptions/e64f3e8e-ab91-4a65-8cdd-5cd2f47d00b4/providers/Microsoft.Maintenance/publicMaintenanceConfigurations/SQL_Default\",\r\n    \"isLedgerOn\": true,\r\n    \"isInfraEncryptionEnabled\": false\r\n  },\r\n  \"location\": \"eastus2euap\",\r\n  \"id\": \"/subscriptions/e64f3e8e-ab91-4a65-8cdd-5cd2f47d00b4/resourceGroups/ps778/providers/Microsoft.Sql/servers/ps160/databases/ps5364\",\r\n  \"name\": \"ps5364\",\r\n  \"type\": \"Microsoft.Sql/servers/databases\"\r\n}",
      "StatusCode": 200
    },
    {
      "RequestUri": "/subscriptions/e64f3e8e-ab91-4a65-8cdd-5cd2f47d00b4/resourceGroups/ps778/providers/Microsoft.Sql/servers/ps160/databases/ps5364?api-version=2021-02-01-preview",
      "EncodedRequestUri": "L3N1YnNjcmlwdGlvbnMvZTY0ZjNlOGUtYWI5MS00YTY1LThjZGQtNWNkMmY0N2QwMGI0L3Jlc291cmNlR3JvdXBzL3BzNzc4L3Byb3ZpZGVycy9NaWNyb3NvZnQuU3FsL3NlcnZlcnMvcHMxNjAvZGF0YWJhc2VzL3BzNTM2ND9hcGktdmVyc2lvbj0yMDIxLTAyLTAxLXByZXZpZXc=",
      "RequestMethod": "GET",
      "RequestBody": "",
      "RequestHeaders": {
        "x-ms-client-request-id": [
          "ed890fc2-cd16-4c75-ac56-4440263684d9"
        ],
        "Accept-Language": [
          "en-US"
        ],
        "User-Agent": [
          "FxVersion/4.6.29916.01",
          "OSName/Windows",
          "OSVersion/Microsoft.Windows.10.0.14393.",
          "Microsoft.Azure.Management.Sql.SqlManagementClient/1.52.0.0"
        ]
      },
      "ResponseHeaders": {
        "Cache-Control": [
          "no-cache"
        ],
        "Pragma": [
          "no-cache"
        ],
        "x-ms-request-id": [
          "59775e04-9a29-4792-b81a-de3cb5da9f19"
        ],
        "Server": [
          "Microsoft-HTTPAPI/2.0"
        ],
        "x-ms-ratelimit-remaining-subscription-reads": [
          "11982"
        ],
        "x-ms-correlation-request-id": [
          "c10dbb85-a1f6-498c-a3e2-111a8a96e662"
        ],
        "x-ms-routing-request-id": [
          "WESTUS:20210514T172008Z:c10dbb85-a1f6-498c-a3e2-111a8a96e662"
        ],
        "Strict-Transport-Security": [
          "max-age=31536000; includeSubDomains"
        ],
        "X-Content-Type-Options": [
          "nosniff"
        ],
        "Date": [
          "Fri, 14 May 2021 17:20:07 GMT"
        ],
        "Content-Length": [
          "1058"
        ],
        "Content-Type": [
          "application/json; charset=utf-8"
        ],
        "Expires": [
          "-1"
        ]
      },
      "ResponseBody": "{\r\n  \"sku\": {\r\n    \"name\": \"Standard\",\r\n    \"tier\": \"Standard\",\r\n    \"capacity\": 10\r\n  },\r\n  \"kind\": \"v12.0,user\",\r\n  \"properties\": {\r\n    \"collation\": \"SQL_Latin1_General_CP1_CI_AS\",\r\n    \"maxSizeBytes\": 268435456000,\r\n    \"status\": \"Online\",\r\n    \"databaseId\": \"38f4896d-b02d-42df-9a69-abbcdf901f11\",\r\n    \"creationDate\": \"2021-05-14T17:20:06.01Z\",\r\n    \"currentServiceObjectiveName\": \"S0\",\r\n    \"requestedServiceObjectiveName\": \"S0\",\r\n    \"defaultSecondaryLocation\": \"centraluseuap\",\r\n    \"catalogCollation\": \"SQL_Latin1_General_CP1_CI_AS\",\r\n    \"zoneRedundant\": false,\r\n    \"readScale\": \"Disabled\",\r\n    \"currentSku\": {\r\n      \"name\": \"Standard\",\r\n      \"tier\": \"Standard\",\r\n      \"capacity\": 10\r\n    },\r\n    \"currentBackupStorageRedundancy\": \"Geo\",\r\n    \"requestedBackupStorageRedundancy\": \"Geo\",\r\n    \"maintenanceConfigurationId\": \"/subscriptions/e64f3e8e-ab91-4a65-8cdd-5cd2f47d00b4/providers/Microsoft.Maintenance/publicMaintenanceConfigurations/SQL_Default\",\r\n    \"isLedgerOn\": true,\r\n    \"isInfraEncryptionEnabled\": false\r\n  },\r\n  \"location\": \"eastus2euap\",\r\n  \"id\": \"/subscriptions/e64f3e8e-ab91-4a65-8cdd-5cd2f47d00b4/resourceGroups/ps778/providers/Microsoft.Sql/servers/ps160/databases/ps5364\",\r\n  \"name\": \"ps5364\",\r\n  \"type\": \"Microsoft.Sql/servers/databases\"\r\n}",
      "StatusCode": 200
    },
    {
      "RequestUri": "/subscriptions/e64f3e8e-ab91-4a65-8cdd-5cd2f47d00b4/resourceGroups/ps778/providers/Microsoft.Sql/servers/ps160/databases/ps5364?api-version=2021-02-01-preview",
      "EncodedRequestUri": "L3N1YnNjcmlwdGlvbnMvZTY0ZjNlOGUtYWI5MS00YTY1LThjZGQtNWNkMmY0N2QwMGI0L3Jlc291cmNlR3JvdXBzL3BzNzc4L3Byb3ZpZGVycy9NaWNyb3NvZnQuU3FsL3NlcnZlcnMvcHMxNjAvZGF0YWJhc2VzL3BzNTM2ND9hcGktdmVyc2lvbj0yMDIxLTAyLTAxLXByZXZpZXc=",
      "RequestMethod": "PUT",
      "RequestBody": "{\r\n  \"properties\": {\r\n    \"maxSizeBytes\": 0,\r\n    \"readScale\": \"\",\r\n    \"isLedgerOn\": true\r\n  },\r\n  \"location\": \"eastus2euap\"\r\n}",
      "RequestHeaders": {
        "x-ms-client-request-id": [
          "cf1710c3-f854-4bf2-a3dd-f6fb282a65a1"
        ],
        "Accept-Language": [
          "en-US"
        ],
        "User-Agent": [
          "FxVersion/4.6.29916.01",
          "OSName/Windows",
          "OSVersion/Microsoft.Windows.10.0.14393.",
          "Microsoft.Azure.Management.Sql.SqlManagementClient/1.52.0.0"
        ],
        "Content-Type": [
          "application/json; charset=utf-8"
        ],
        "Content-Length": [
          "128"
        ]
      },
      "ResponseHeaders": {
        "Cache-Control": [
          "no-cache"
        ],
        "Pragma": [
          "no-cache"
        ],
        "Location": [
          "https://management.azure.com/subscriptions/e64f3e8e-ab91-4a65-8cdd-5cd2f47d00b4/resourceGroups/ps778/providers/Microsoft.Sql/locations/eastus2euap/databaseOperationResults/f1a990f2-7aeb-400f-93b4-e2bdde04c7a0?api-version=2021-02-01-preview"
        ],
        "Retry-After": [
          "15"
        ],
        "Azure-AsyncOperation": [
          "https://management.azure.com/subscriptions/e64f3e8e-ab91-4a65-8cdd-5cd2f47d00b4/resourceGroups/ps778/providers/Microsoft.Sql/locations/eastus2euap/databaseAzureAsyncOperation/f1a990f2-7aeb-400f-93b4-e2bdde04c7a0?api-version=2021-02-01-preview"
        ],
        "x-ms-request-id": [
          "f1a990f2-7aeb-400f-93b4-e2bdde04c7a0"
        ],
        "Server": [
          "Microsoft-HTTPAPI/2.0"
        ],
        "x-ms-ratelimit-remaining-subscription-writes": [
          "1198"
        ],
        "x-ms-correlation-request-id": [
          "954344aa-82de-4d59-b102-10a8bffbbb67"
        ],
        "x-ms-routing-request-id": [
          "WESTUS:20210514T171922Z:954344aa-82de-4d59-b102-10a8bffbbb67"
        ],
        "Strict-Transport-Security": [
          "max-age=31536000; includeSubDomains"
        ],
        "X-Content-Type-Options": [
          "nosniff"
        ],
        "Date": [
          "Fri, 14 May 2021 17:19:21 GMT"
        ],
        "Content-Length": [
          "76"
        ],
        "Content-Type": [
          "application/json; charset=utf-8"
        ],
        "Expires": [
          "-1"
        ]
      },
      "ResponseBody": "{\r\n  \"operation\": \"CreateLogicalDatabase\",\r\n  \"startTime\": \"2021-05-14T17:19:22.257Z\"\r\n}",
      "StatusCode": 202
    },
    {
      "RequestUri": "/subscriptions/e64f3e8e-ab91-4a65-8cdd-5cd2f47d00b4/resourceGroups/ps778/providers/Microsoft.Sql/locations/eastus2euap/databaseAzureAsyncOperation/f1a990f2-7aeb-400f-93b4-e2bdde04c7a0?api-version=2021-02-01-preview",
      "EncodedRequestUri": "L3N1YnNjcmlwdGlvbnMvZTY0ZjNlOGUtYWI5MS00YTY1LThjZGQtNWNkMmY0N2QwMGI0L3Jlc291cmNlR3JvdXBzL3BzNzc4L3Byb3ZpZGVycy9NaWNyb3NvZnQuU3FsL2xvY2F0aW9ucy9lYXN0dXMyZXVhcC9kYXRhYmFzZUF6dXJlQXN5bmNPcGVyYXRpb24vZjFhOTkwZjItN2FlYi00MDBmLTkzYjQtZTJiZGRlMDRjN2EwP2FwaS12ZXJzaW9uPTIwMjEtMDItMDEtcHJldmlldw==",
      "RequestMethod": "GET",
      "RequestBody": "",
      "RequestHeaders": {
        "x-ms-client-request-id": [
          "cf1710c3-f854-4bf2-a3dd-f6fb282a65a1"
        ],
        "User-Agent": [
          "FxVersion/4.6.29916.01",
          "OSName/Windows",
          "OSVersion/Microsoft.Windows.10.0.14393.",
          "Microsoft.Azure.Management.Sql.SqlManagementClient/1.52.0.0"
        ]
      },
      "ResponseHeaders": {
        "Cache-Control": [
          "no-cache"
        ],
        "Pragma": [
          "no-cache"
        ],
        "Retry-After": [
          "15"
        ],
        "x-ms-request-id": [
          "845c34c5-3aa8-4e3d-a250-293afaf963cf"
        ],
        "Server": [
          "Microsoft-HTTPAPI/2.0"
        ],
        "x-ms-ratelimit-remaining-subscription-reads": [
          "11986"
        ],
        "x-ms-correlation-request-id": [
          "ec351598-3235-4846-b058-cbb00d617fba"
        ],
        "x-ms-routing-request-id": [
          "WESTUS:20210514T171937Z:ec351598-3235-4846-b058-cbb00d617fba"
        ],
        "Strict-Transport-Security": [
          "max-age=31536000; includeSubDomains"
        ],
        "X-Content-Type-Options": [
          "nosniff"
        ],
        "Date": [
          "Fri, 14 May 2021 17:19:37 GMT"
        ],
        "Content-Length": [
          "108"
        ],
        "Content-Type": [
          "application/json; charset=utf-8"
        ],
        "Expires": [
          "-1"
        ]
      },
      "ResponseBody": "{\r\n  \"name\": \"f1a990f2-7aeb-400f-93b4-e2bdde04c7a0\",\r\n  \"status\": \"InProgress\",\r\n  \"startTime\": \"2021-05-14T17:19:22.257Z\"\r\n}",
      "StatusCode": 200
    },
    {
      "RequestUri": "/subscriptions/e64f3e8e-ab91-4a65-8cdd-5cd2f47d00b4/resourceGroups/ps778/providers/Microsoft.Sql/locations/eastus2euap/databaseAzureAsyncOperation/f1a990f2-7aeb-400f-93b4-e2bdde04c7a0?api-version=2021-02-01-preview",
      "EncodedRequestUri": "L3N1YnNjcmlwdGlvbnMvZTY0ZjNlOGUtYWI5MS00YTY1LThjZGQtNWNkMmY0N2QwMGI0L3Jlc291cmNlR3JvdXBzL3BzNzc4L3Byb3ZpZGVycy9NaWNyb3NvZnQuU3FsL2xvY2F0aW9ucy9lYXN0dXMyZXVhcC9kYXRhYmFzZUF6dXJlQXN5bmNPcGVyYXRpb24vZjFhOTkwZjItN2FlYi00MDBmLTkzYjQtZTJiZGRlMDRjN2EwP2FwaS12ZXJzaW9uPTIwMjEtMDItMDEtcHJldmlldw==",
      "RequestMethod": "GET",
      "RequestBody": "",
      "RequestHeaders": {
        "x-ms-client-request-id": [
          "cf1710c3-f854-4bf2-a3dd-f6fb282a65a1"
        ],
        "User-Agent": [
          "FxVersion/4.6.29916.01",
          "OSName/Windows",
          "OSVersion/Microsoft.Windows.10.0.14393.",
          "Microsoft.Azure.Management.Sql.SqlManagementClient/1.52.0.0"
        ]
      },
      "ResponseHeaders": {
        "Cache-Control": [
          "no-cache"
        ],
        "Pragma": [
          "no-cache"
        ],
        "Retry-After": [
          "15"
        ],
        "x-ms-request-id": [
          "5739e247-6f75-4fe2-8198-6d3e9d4ecf6b"
        ],
        "Server": [
          "Microsoft-HTTPAPI/2.0"
        ],
        "x-ms-ratelimit-remaining-subscription-reads": [
          "11985"
        ],
        "x-ms-correlation-request-id": [
          "a6c46f54-ee47-41cf-9615-06ce20d7a3b4"
        ],
        "x-ms-routing-request-id": [
          "WESTUS:20210514T171952Z:a6c46f54-ee47-41cf-9615-06ce20d7a3b4"
        ],
        "Strict-Transport-Security": [
          "max-age=31536000; includeSubDomains"
        ],
        "X-Content-Type-Options": [
          "nosniff"
        ],
        "Date": [
          "Fri, 14 May 2021 17:19:52 GMT"
        ],
        "Content-Length": [
          "108"
        ],
        "Content-Type": [
          "application/json; charset=utf-8"
        ],
        "Expires": [
          "-1"
        ]
      },
      "ResponseBody": "{\r\n  \"name\": \"f1a990f2-7aeb-400f-93b4-e2bdde04c7a0\",\r\n  \"status\": \"InProgress\",\r\n  \"startTime\": \"2021-05-14T17:19:22.257Z\"\r\n}",
      "StatusCode": 200
    },
    {
      "RequestUri": "/subscriptions/e64f3e8e-ab91-4a65-8cdd-5cd2f47d00b4/resourceGroups/ps778/providers/Microsoft.Sql/locations/eastus2euap/databaseAzureAsyncOperation/f1a990f2-7aeb-400f-93b4-e2bdde04c7a0?api-version=2021-02-01-preview",
      "EncodedRequestUri": "L3N1YnNjcmlwdGlvbnMvZTY0ZjNlOGUtYWI5MS00YTY1LThjZGQtNWNkMmY0N2QwMGI0L3Jlc291cmNlR3JvdXBzL3BzNzc4L3Byb3ZpZGVycy9NaWNyb3NvZnQuU3FsL2xvY2F0aW9ucy9lYXN0dXMyZXVhcC9kYXRhYmFzZUF6dXJlQXN5bmNPcGVyYXRpb24vZjFhOTkwZjItN2FlYi00MDBmLTkzYjQtZTJiZGRlMDRjN2EwP2FwaS12ZXJzaW9uPTIwMjEtMDItMDEtcHJldmlldw==",
      "RequestMethod": "GET",
      "RequestBody": "",
      "RequestHeaders": {
        "x-ms-client-request-id": [
          "cf1710c3-f854-4bf2-a3dd-f6fb282a65a1"
        ],
        "User-Agent": [
          "FxVersion/4.6.29916.01",
          "OSName/Windows",
          "OSVersion/Microsoft.Windows.10.0.14393.",
          "Microsoft.Azure.Management.Sql.SqlManagementClient/1.52.0.0"
        ]
      },
      "ResponseHeaders": {
        "Cache-Control": [
          "no-cache"
        ],
        "Pragma": [
          "no-cache"
        ],
        "Retry-After": [
          "15"
        ],
        "x-ms-request-id": [
          "ab1aa1b0-b3ca-499e-916d-7c1daa7c06b5"
        ],
        "Server": [
          "Microsoft-HTTPAPI/2.0"
        ],
        "x-ms-ratelimit-remaining-subscription-reads": [
          "11984"
        ],
        "x-ms-correlation-request-id": [
          "a999923f-6a39-4e24-b982-65ae5f253965"
        ],
        "x-ms-routing-request-id": [
          "WESTUS:20210514T172007Z:a999923f-6a39-4e24-b982-65ae5f253965"
        ],
        "Strict-Transport-Security": [
          "max-age=31536000; includeSubDomains"
        ],
        "X-Content-Type-Options": [
          "nosniff"
        ],
        "Date": [
          "Fri, 14 May 2021 17:20:07 GMT"
        ],
        "Content-Length": [
          "107"
        ],
        "Content-Type": [
          "application/json; charset=utf-8"
        ],
        "Expires": [
          "-1"
        ]
      },
      "ResponseBody": "{\r\n  \"name\": \"f1a990f2-7aeb-400f-93b4-e2bdde04c7a0\",\r\n  \"status\": \"Succeeded\",\r\n  \"startTime\": \"2021-05-14T17:19:22.257Z\"\r\n}",
      "StatusCode": 200
    },
    {
      "RequestUri": "/subscriptions/e64f3e8e-ab91-4a65-8cdd-5cd2f47d00b4/resourcegroups/ps778?api-version=2016-09-01",
      "EncodedRequestUri": "L3N1YnNjcmlwdGlvbnMvZTY0ZjNlOGUtYWI5MS00YTY1LThjZGQtNWNkMmY0N2QwMGI0L3Jlc291cmNlZ3JvdXBzL3BzNzc4P2FwaS12ZXJzaW9uPTIwMTYtMDktMDE=",
      "RequestMethod": "DELETE",
      "RequestBody": "",
      "RequestHeaders": {
        "x-ms-client-request-id": [
          "6a124b3f-a891-4901-ba9d-6e4bd89edb1d"
        ],
        "Accept-Language": [
          "en-US"
        ],
        "User-Agent": [
          "FxVersion/4.6.29916.01",
          "OSName/Windows",
          "OSVersion/Microsoft.Windows.10.0.14393.",
          "Microsoft.Azure.Management.Internal.Resources.ResourceManagementClient/1.3.32"
        ]
      },
      "ResponseHeaders": {
        "Cache-Control": [
          "no-cache"
        ],
        "Pragma": [
          "no-cache"
        ],
        "Location": [
          "https://management.azure.com/subscriptions/e64f3e8e-ab91-4a65-8cdd-5cd2f47d00b4/operationresults/eyJqb2JJZCI6IlJFU09VUkNFR1JPVVBERUxFVElPTkpPQi1QUzc3OC1XRVNUQ0VOVFJBTFVTIiwiam9iTG9jYXRpb24iOiJ3ZXN0Y2VudHJhbHVzIn0?api-version=2016-09-01"
        ],
        "Retry-After": [
          "15"
        ],
        "x-ms-ratelimit-remaining-subscription-deletes": [
          "14999"
        ],
        "x-ms-request-id": [
          "b9151e71-da41-4f94-a5b7-e45fa06b2812"
        ],
        "x-ms-correlation-request-id": [
          "b9151e71-da41-4f94-a5b7-e45fa06b2812"
        ],
        "x-ms-routing-request-id": [
          "WESTCENTRALUS:20210514T172008Z:b9151e71-da41-4f94-a5b7-e45fa06b2812"
        ],
        "Strict-Transport-Security": [
          "max-age=31536000; includeSubDomains"
        ],
        "X-Content-Type-Options": [
          "nosniff"
        ],
        "Date": [
          "Fri, 14 May 2021 17:20:07 GMT"
        ],
        "Expires": [
          "-1"
        ],
        "Content-Length": [
          "0"
        ]
      },
      "ResponseBody": "",
      "StatusCode": 202
    },
    {
      "RequestUri": "/subscriptions/e64f3e8e-ab91-4a65-8cdd-5cd2f47d00b4/operationresults/eyJqb2JJZCI6IlJFU09VUkNFR1JPVVBERUxFVElPTkpPQi1QUzc3OC1XRVNUQ0VOVFJBTFVTIiwiam9iTG9jYXRpb24iOiJ3ZXN0Y2VudHJhbHVzIn0?api-version=2016-09-01",
      "EncodedRequestUri": "L3N1YnNjcmlwdGlvbnMvZTY0ZjNlOGUtYWI5MS00YTY1LThjZGQtNWNkMmY0N2QwMGI0L29wZXJhdGlvbnJlc3VsdHMvZXlKcWIySkpaQ0k2SWxKRlUwOVZVa05GUjFKUFZWQkVSVXhGVkVsUFRrcFBRaTFRVXpjM09DMVhSVk5VUTBWT1ZGSkJURlZUSWl3aWFtOWlURzlqWVhScGIyNGlPaUozWlhOMFkyVnVkSEpoYkhWekluMD9hcGktdmVyc2lvbj0yMDE2LTA5LTAx",
      "RequestMethod": "GET",
      "RequestBody": "",
      "RequestHeaders": {
        "User-Agent": [
          "FxVersion/4.6.29916.01",
          "OSName/Windows",
          "OSVersion/Microsoft.Windows.10.0.14393.",
          "Microsoft.Azure.Management.Internal.Resources.ResourceManagementClient/1.3.32"
        ]
      },
      "ResponseHeaders": {
        "Cache-Control": [
          "no-cache"
        ],
        "Pragma": [
          "no-cache"
        ],
        "Location": [
          "https://management.azure.com/subscriptions/e64f3e8e-ab91-4a65-8cdd-5cd2f47d00b4/operationresults/eyJqb2JJZCI6IlJFU09VUkNFR1JPVVBERUxFVElPTkpPQi1QUzc3OC1XRVNUQ0VOVFJBTFVTIiwiam9iTG9jYXRpb24iOiJ3ZXN0Y2VudHJhbHVzIn0?api-version=2016-09-01"
        ],
        "Retry-After": [
          "15"
        ],
        "x-ms-ratelimit-remaining-subscription-reads": [
          "11999"
        ],
        "x-ms-request-id": [
          "b96b8f95-2936-4656-9d6e-86e5df0a0b5e"
        ],
        "x-ms-correlation-request-id": [
          "b96b8f95-2936-4656-9d6e-86e5df0a0b5e"
        ],
        "x-ms-routing-request-id": [
          "WESTCENTRALUS:20210514T172023Z:b96b8f95-2936-4656-9d6e-86e5df0a0b5e"
        ],
        "Strict-Transport-Security": [
          "max-age=31536000; includeSubDomains"
        ],
        "X-Content-Type-Options": [
          "nosniff"
        ],
        "Date": [
          "Fri, 14 May 2021 17:20:22 GMT"
        ],
        "Expires": [
          "-1"
        ],
        "Content-Length": [
          "0"
        ]
      },
      "ResponseBody": "",
      "StatusCode": 202
    },
    {
      "RequestUri": "/subscriptions/e64f3e8e-ab91-4a65-8cdd-5cd2f47d00b4/operationresults/eyJqb2JJZCI6IlJFU09VUkNFR1JPVVBERUxFVElPTkpPQi1QUzc3OC1XRVNUQ0VOVFJBTFVTIiwiam9iTG9jYXRpb24iOiJ3ZXN0Y2VudHJhbHVzIn0?api-version=2016-09-01",
      "EncodedRequestUri": "L3N1YnNjcmlwdGlvbnMvZTY0ZjNlOGUtYWI5MS00YTY1LThjZGQtNWNkMmY0N2QwMGI0L29wZXJhdGlvbnJlc3VsdHMvZXlKcWIySkpaQ0k2SWxKRlUwOVZVa05GUjFKUFZWQkVSVXhGVkVsUFRrcFBRaTFRVXpjM09DMVhSVk5VUTBWT1ZGSkJURlZUSWl3aWFtOWlURzlqWVhScGIyNGlPaUozWlhOMFkyVnVkSEpoYkhWekluMD9hcGktdmVyc2lvbj0yMDE2LTA5LTAx",
      "RequestMethod": "GET",
      "RequestBody": "",
      "RequestHeaders": {
        "User-Agent": [
          "FxVersion/4.6.29916.01",
          "OSName/Windows",
          "OSVersion/Microsoft.Windows.10.0.14393.",
          "Microsoft.Azure.Management.Internal.Resources.ResourceManagementClient/1.3.32"
        ]
      },
      "ResponseHeaders": {
        "Cache-Control": [
          "no-cache"
        ],
        "Pragma": [
          "no-cache"
        ],
        "Location": [
          "https://management.azure.com/subscriptions/e64f3e8e-ab91-4a65-8cdd-5cd2f47d00b4/operationresults/eyJqb2JJZCI6IlJFU09VUkNFR1JPVVBERUxFVElPTkpPQi1QUzc3OC1XRVNUQ0VOVFJBTFVTIiwiam9iTG9jYXRpb24iOiJ3ZXN0Y2VudHJhbHVzIn0?api-version=2016-09-01"
        ],
        "Retry-After": [
          "15"
        ],
        "x-ms-ratelimit-remaining-subscription-reads": [
          "11998"
        ],
        "x-ms-request-id": [
          "c76eac48-ccb5-4820-b65d-fab69a2f8c2f"
        ],
        "x-ms-correlation-request-id": [
          "c76eac48-ccb5-4820-b65d-fab69a2f8c2f"
        ],
        "x-ms-routing-request-id": [
          "WESTCENTRALUS:20210514T172038Z:c76eac48-ccb5-4820-b65d-fab69a2f8c2f"
        ],
        "Strict-Transport-Security": [
          "max-age=31536000; includeSubDomains"
        ],
        "X-Content-Type-Options": [
          "nosniff"
        ],
        "Date": [
          "Fri, 14 May 2021 17:20:38 GMT"
        ],
        "Expires": [
          "-1"
        ],
        "Content-Length": [
          "0"
        ]
      },
      "ResponseBody": "",
      "StatusCode": 202
    },
    {
      "RequestUri": "/subscriptions/e64f3e8e-ab91-4a65-8cdd-5cd2f47d00b4/operationresults/eyJqb2JJZCI6IlJFU09VUkNFR1JPVVBERUxFVElPTkpPQi1QUzc3OC1XRVNUQ0VOVFJBTFVTIiwiam9iTG9jYXRpb24iOiJ3ZXN0Y2VudHJhbHVzIn0?api-version=2016-09-01",
      "EncodedRequestUri": "L3N1YnNjcmlwdGlvbnMvZTY0ZjNlOGUtYWI5MS00YTY1LThjZGQtNWNkMmY0N2QwMGI0L29wZXJhdGlvbnJlc3VsdHMvZXlKcWIySkpaQ0k2SWxKRlUwOVZVa05GUjFKUFZWQkVSVXhGVkVsUFRrcFBRaTFRVXpjM09DMVhSVk5VUTBWT1ZGSkJURlZUSWl3aWFtOWlURzlqWVhScGIyNGlPaUozWlhOMFkyVnVkSEpoYkhWekluMD9hcGktdmVyc2lvbj0yMDE2LTA5LTAx",
      "RequestMethod": "GET",
      "RequestBody": "",
      "RequestHeaders": {
        "User-Agent": [
          "FxVersion/4.6.29916.01",
          "OSName/Windows",
          "OSVersion/Microsoft.Windows.10.0.14393.",
          "Microsoft.Azure.Management.Internal.Resources.ResourceManagementClient/1.3.32"
        ]
      },
      "ResponseHeaders": {
        "Cache-Control": [
          "no-cache"
        ],
        "Pragma": [
          "no-cache"
        ],
        "Location": [
          "https://management.azure.com/subscriptions/e64f3e8e-ab91-4a65-8cdd-5cd2f47d00b4/operationresults/eyJqb2JJZCI6IlJFU09VUkNFR1JPVVBERUxFVElPTkpPQi1QUzc3OC1XRVNUQ0VOVFJBTFVTIiwiam9iTG9jYXRpb24iOiJ3ZXN0Y2VudHJhbHVzIn0?api-version=2016-09-01"
        ],
        "Retry-After": [
          "15"
        ],
        "x-ms-ratelimit-remaining-subscription-reads": [
          "11997"
        ],
        "x-ms-request-id": [
          "4d60097a-1295-498b-95ff-12e2bd2112f6"
        ],
        "x-ms-correlation-request-id": [
          "4d60097a-1295-498b-95ff-12e2bd2112f6"
        ],
        "x-ms-routing-request-id": [
          "WESTCENTRALUS:20210514T172053Z:4d60097a-1295-498b-95ff-12e2bd2112f6"
        ],
        "Strict-Transport-Security": [
          "max-age=31536000; includeSubDomains"
        ],
        "X-Content-Type-Options": [
          "nosniff"
        ],
        "Date": [
          "Fri, 14 May 2021 17:20:53 GMT"
        ],
        "Expires": [
          "-1"
        ],
        "Content-Length": [
          "0"
        ]
      },
      "ResponseBody": "",
      "StatusCode": 202
    },
    {
      "RequestUri": "/subscriptions/e64f3e8e-ab91-4a65-8cdd-5cd2f47d00b4/operationresults/eyJqb2JJZCI6IlJFU09VUkNFR1JPVVBERUxFVElPTkpPQi1QUzc3OC1XRVNUQ0VOVFJBTFVTIiwiam9iTG9jYXRpb24iOiJ3ZXN0Y2VudHJhbHVzIn0?api-version=2016-09-01",
      "EncodedRequestUri": "L3N1YnNjcmlwdGlvbnMvZTY0ZjNlOGUtYWI5MS00YTY1LThjZGQtNWNkMmY0N2QwMGI0L29wZXJhdGlvbnJlc3VsdHMvZXlKcWIySkpaQ0k2SWxKRlUwOVZVa05GUjFKUFZWQkVSVXhGVkVsUFRrcFBRaTFRVXpjM09DMVhSVk5VUTBWT1ZGSkJURlZUSWl3aWFtOWlURzlqWVhScGIyNGlPaUozWlhOMFkyVnVkSEpoYkhWekluMD9hcGktdmVyc2lvbj0yMDE2LTA5LTAx",
      "RequestMethod": "GET",
      "RequestBody": "",
      "RequestHeaders": {
        "User-Agent": [
          "FxVersion/4.6.29916.01",
          "OSName/Windows",
          "OSVersion/Microsoft.Windows.10.0.14393.",
          "Microsoft.Azure.Management.Internal.Resources.ResourceManagementClient/1.3.32"
        ]
      },
      "ResponseHeaders": {
        "Cache-Control": [
          "no-cache"
        ],
        "Pragma": [
          "no-cache"
        ],
        "Location": [
          "https://management.azure.com/subscriptions/e64f3e8e-ab91-4a65-8cdd-5cd2f47d00b4/operationresults/eyJqb2JJZCI6IlJFU09VUkNFR1JPVVBERUxFVElPTkpPQi1QUzc3OC1XRVNUQ0VOVFJBTFVTIiwiam9iTG9jYXRpb24iOiJ3ZXN0Y2VudHJhbHVzIn0?api-version=2016-09-01"
        ],
        "Retry-After": [
          "15"
        ],
        "x-ms-ratelimit-remaining-subscription-reads": [
          "11996"
        ],
        "x-ms-request-id": [
          "85a5910d-60c2-4658-aba0-f1769c5bd860"
        ],
        "x-ms-correlation-request-id": [
          "85a5910d-60c2-4658-aba0-f1769c5bd860"
        ],
        "x-ms-routing-request-id": [
          "WESTCENTRALUS:20210514T172108Z:85a5910d-60c2-4658-aba0-f1769c5bd860"
        ],
        "Strict-Transport-Security": [
          "max-age=31536000; includeSubDomains"
        ],
        "X-Content-Type-Options": [
          "nosniff"
        ],
        "Date": [
          "Fri, 14 May 2021 17:21:08 GMT"
        ],
        "Expires": [
          "-1"
        ],
        "Content-Length": [
          "0"
        ]
      },
      "ResponseBody": "",
      "StatusCode": 202
    },
    {
      "RequestUri": "/subscriptions/e64f3e8e-ab91-4a65-8cdd-5cd2f47d00b4/operationresults/eyJqb2JJZCI6IlJFU09VUkNFR1JPVVBERUxFVElPTkpPQi1QUzc3OC1XRVNUQ0VOVFJBTFVTIiwiam9iTG9jYXRpb24iOiJ3ZXN0Y2VudHJhbHVzIn0?api-version=2016-09-01",
      "EncodedRequestUri": "L3N1YnNjcmlwdGlvbnMvZTY0ZjNlOGUtYWI5MS00YTY1LThjZGQtNWNkMmY0N2QwMGI0L29wZXJhdGlvbnJlc3VsdHMvZXlKcWIySkpaQ0k2SWxKRlUwOVZVa05GUjFKUFZWQkVSVXhGVkVsUFRrcFBRaTFRVXpjM09DMVhSVk5VUTBWT1ZGSkJURlZUSWl3aWFtOWlURzlqWVhScGIyNGlPaUozWlhOMFkyVnVkSEpoYkhWekluMD9hcGktdmVyc2lvbj0yMDE2LTA5LTAx",
      "RequestMethod": "GET",
      "RequestBody": "",
      "RequestHeaders": {
        "User-Agent": [
          "FxVersion/4.6.29916.01",
          "OSName/Windows",
          "OSVersion/Microsoft.Windows.10.0.14393.",
          "Microsoft.Azure.Management.Internal.Resources.ResourceManagementClient/1.3.32"
        ]
      },
      "ResponseHeaders": {
        "Cache-Control": [
          "no-cache"
        ],
        "Pragma": [
          "no-cache"
        ],
        "Location": [
          "https://management.azure.com/subscriptions/e64f3e8e-ab91-4a65-8cdd-5cd2f47d00b4/operationresults/eyJqb2JJZCI6IlJFU09VUkNFR1JPVVBERUxFVElPTkpPQi1QUzc3OC1XRVNUQ0VOVFJBTFVTIiwiam9iTG9jYXRpb24iOiJ3ZXN0Y2VudHJhbHVzIn0?api-version=2016-09-01"
        ],
        "Retry-After": [
          "15"
        ],
        "x-ms-ratelimit-remaining-subscription-reads": [
          "11995"
        ],
        "x-ms-request-id": [
          "cca9f261-fb2e-412a-b53a-4bcd8c861efa"
        ],
        "x-ms-correlation-request-id": [
          "cca9f261-fb2e-412a-b53a-4bcd8c861efa"
        ],
        "x-ms-routing-request-id": [
          "WESTCENTRALUS:20210514T172123Z:cca9f261-fb2e-412a-b53a-4bcd8c861efa"
        ],
        "Strict-Transport-Security": [
          "max-age=31536000; includeSubDomains"
        ],
        "X-Content-Type-Options": [
          "nosniff"
        ],
        "Date": [
          "Fri, 14 May 2021 17:21:23 GMT"
        ],
        "Expires": [
          "-1"
        ],
        "Content-Length": [
          "0"
        ]
      },
      "ResponseBody": "",
      "StatusCode": 202
    },
    {
      "RequestUri": "/subscriptions/e64f3e8e-ab91-4a65-8cdd-5cd2f47d00b4/operationresults/eyJqb2JJZCI6IlJFU09VUkNFR1JPVVBERUxFVElPTkpPQi1QUzc3OC1XRVNUQ0VOVFJBTFVTIiwiam9iTG9jYXRpb24iOiJ3ZXN0Y2VudHJhbHVzIn0?api-version=2016-09-01",
      "EncodedRequestUri": "L3N1YnNjcmlwdGlvbnMvZTY0ZjNlOGUtYWI5MS00YTY1LThjZGQtNWNkMmY0N2QwMGI0L29wZXJhdGlvbnJlc3VsdHMvZXlKcWIySkpaQ0k2SWxKRlUwOVZVa05GUjFKUFZWQkVSVXhGVkVsUFRrcFBRaTFRVXpjM09DMVhSVk5VUTBWT1ZGSkJURlZUSWl3aWFtOWlURzlqWVhScGIyNGlPaUozWlhOMFkyVnVkSEpoYkhWekluMD9hcGktdmVyc2lvbj0yMDE2LTA5LTAx",
      "RequestMethod": "GET",
      "RequestBody": "",
      "RequestHeaders": {
        "User-Agent": [
          "FxVersion/4.6.29916.01",
          "OSName/Windows",
          "OSVersion/Microsoft.Windows.10.0.14393.",
          "Microsoft.Azure.Management.Internal.Resources.ResourceManagementClient/1.3.32"
        ]
      },
      "ResponseHeaders": {
        "Cache-Control": [
          "no-cache"
        ],
        "Pragma": [
          "no-cache"
        ],
        "Location": [
          "https://management.azure.com/subscriptions/e64f3e8e-ab91-4a65-8cdd-5cd2f47d00b4/operationresults/eyJqb2JJZCI6IlJFU09VUkNFR1JPVVBERUxFVElPTkpPQi1QUzc3OC1XRVNUQ0VOVFJBTFVTIiwiam9iTG9jYXRpb24iOiJ3ZXN0Y2VudHJhbHVzIn0?api-version=2016-09-01"
        ],
        "Retry-After": [
          "15"
        ],
        "x-ms-ratelimit-remaining-subscription-reads": [
          "11994"
        ],
        "x-ms-request-id": [
          "7ec343ea-34aa-4376-9a2b-9d9bd871b002"
        ],
        "x-ms-correlation-request-id": [
          "7ec343ea-34aa-4376-9a2b-9d9bd871b002"
        ],
        "x-ms-routing-request-id": [
          "WESTCENTRALUS:20210514T172138Z:7ec343ea-34aa-4376-9a2b-9d9bd871b002"
        ],
        "Strict-Transport-Security": [
          "max-age=31536000; includeSubDomains"
        ],
        "X-Content-Type-Options": [
          "nosniff"
        ],
        "Date": [
          "Fri, 14 May 2021 17:21:38 GMT"
        ],
        "Expires": [
          "-1"
        ],
        "Content-Length": [
          "0"
        ]
      },
      "ResponseBody": "",
      "StatusCode": 202
    },
    {
      "RequestUri": "/subscriptions/e64f3e8e-ab91-4a65-8cdd-5cd2f47d00b4/operationresults/eyJqb2JJZCI6IlJFU09VUkNFR1JPVVBERUxFVElPTkpPQi1QUzc3OC1XRVNUQ0VOVFJBTFVTIiwiam9iTG9jYXRpb24iOiJ3ZXN0Y2VudHJhbHVzIn0?api-version=2016-09-01",
      "EncodedRequestUri": "L3N1YnNjcmlwdGlvbnMvZTY0ZjNlOGUtYWI5MS00YTY1LThjZGQtNWNkMmY0N2QwMGI0L29wZXJhdGlvbnJlc3VsdHMvZXlKcWIySkpaQ0k2SWxKRlUwOVZVa05GUjFKUFZWQkVSVXhGVkVsUFRrcFBRaTFRVXpjM09DMVhSVk5VUTBWT1ZGSkJURlZUSWl3aWFtOWlURzlqWVhScGIyNGlPaUozWlhOMFkyVnVkSEpoYkhWekluMD9hcGktdmVyc2lvbj0yMDE2LTA5LTAx",
      "RequestMethod": "GET",
      "RequestBody": "",
      "RequestHeaders": {
        "User-Agent": [
          "FxVersion/4.6.29916.01",
          "OSName/Windows",
          "OSVersion/Microsoft.Windows.10.0.14393.",
          "Microsoft.Azure.Management.Internal.Resources.ResourceManagementClient/1.3.32"
        ]
      },
      "ResponseHeaders": {
        "Cache-Control": [
          "no-cache"
        ],
        "Pragma": [
          "no-cache"
        ],
        "x-ms-ratelimit-remaining-subscription-reads": [
          "11993"
        ],
        "x-ms-request-id": [
          "55c8a138-0c72-47aa-bd7a-810e504c7a10"
        ],
        "x-ms-correlation-request-id": [
          "55c8a138-0c72-47aa-bd7a-810e504c7a10"
        ],
        "x-ms-routing-request-id": [
          "WESTCENTRALUS:20210514T172153Z:55c8a138-0c72-47aa-bd7a-810e504c7a10"
        ],
        "Strict-Transport-Security": [
          "max-age=31536000; includeSubDomains"
        ],
        "X-Content-Type-Options": [
          "nosniff"
        ],
        "Date": [
          "Fri, 14 May 2021 17:21:52 GMT"
        ],
        "Expires": [
          "-1"
        ],
        "Content-Length": [
          "0"
        ]
      },
      "ResponseBody": "",
      "StatusCode": 200
    },
    {
      "RequestUri": "/subscriptions/e64f3e8e-ab91-4a65-8cdd-5cd2f47d00b4/operationresults/eyJqb2JJZCI6IlJFU09VUkNFR1JPVVBERUxFVElPTkpPQi1QUzc3OC1XRVNUQ0VOVFJBTFVTIiwiam9iTG9jYXRpb24iOiJ3ZXN0Y2VudHJhbHVzIn0?api-version=2016-09-01",
      "EncodedRequestUri": "L3N1YnNjcmlwdGlvbnMvZTY0ZjNlOGUtYWI5MS00YTY1LThjZGQtNWNkMmY0N2QwMGI0L29wZXJhdGlvbnJlc3VsdHMvZXlKcWIySkpaQ0k2SWxKRlUwOVZVa05GUjFKUFZWQkVSVXhGVkVsUFRrcFBRaTFRVXpjM09DMVhSVk5VUTBWT1ZGSkJURlZUSWl3aWFtOWlURzlqWVhScGIyNGlPaUozWlhOMFkyVnVkSEpoYkhWekluMD9hcGktdmVyc2lvbj0yMDE2LTA5LTAx",
      "RequestMethod": "GET",
      "RequestBody": "",
      "RequestHeaders": {
        "User-Agent": [
          "FxVersion/4.6.29916.01",
          "OSName/Windows",
          "OSVersion/Microsoft.Windows.10.0.14393.",
          "Microsoft.Azure.Management.Internal.Resources.ResourceManagementClient/1.3.32"
        ]
      },
      "ResponseHeaders": {
        "Cache-Control": [
          "no-cache"
        ],
        "Pragma": [
          "no-cache"
        ],
        "x-ms-ratelimit-remaining-subscription-reads": [
          "11992"
        ],
        "x-ms-request-id": [
          "f702d5ef-15ac-420a-b154-7d0beecaf930"
        ],
        "x-ms-correlation-request-id": [
          "f702d5ef-15ac-420a-b154-7d0beecaf930"
        ],
        "x-ms-routing-request-id": [
          "WESTCENTRALUS:20210514T172153Z:f702d5ef-15ac-420a-b154-7d0beecaf930"
        ],
        "Strict-Transport-Security": [
          "max-age=31536000; includeSubDomains"
        ],
        "X-Content-Type-Options": [
          "nosniff"
        ],
        "Date": [
          "Fri, 14 May 2021 17:21:53 GMT"
        ],
        "Expires": [
          "-1"
        ],
        "Content-Length": [
          "0"
        ]
      },
      "ResponseBody": "",
      "StatusCode": 200
    }
  ],
  "Names": {
    "Test-DatabaseCreateWithLedgerEnabled": [
      "ps778",
      "ps160",
      "ps5364"
    ]
  },
  "Variables": {
    "SubscriptionId": "e64f3e8e-ab91-4a65-8cdd-5cd2f47d00b4"
  }
}