{
  "Entries": [
    {
      "RequestUri": "/subscriptions/412b782d-2511-4c6d-98f2-3ea01b1c83c3/resourcegroups/ps1650?api-version=2016-09-01",
      "EncodedRequestUri": "L3N1YnNjcmlwdGlvbnMvNDEyYjc4MmQtMjUxMS00YzZkLTk4ZjItM2VhMDFiMWM4M2MzL3Jlc291cmNlZ3JvdXBzL3BzMTY1MD9hcGktdmVyc2lvbj0yMDE2LTA5LTAx",
      "RequestMethod": "PUT",
      "RequestBody": "{\r\n  \"location\": \"westcentralus\"\r\n}",
      "RequestHeaders": {
        "x-ms-client-request-id": [
          "0ddaff00-a377-42bd-92c3-90cec75f6aa3"
        ],
        "Accept-Language": [
          "en-US"
        ],
        "User-Agent": [
          "FxVersion/4.6.29130.01",
          "OSName/Windows",
          "OSVersion/Microsoft.Windows.10.0.14393.",
          "Microsoft.Azure.Management.Internal.Resources.ResourceManagementClient/1.3.23"
        ],
        "Content-Type": [
          "application/json; charset=utf-8"
        ],
        "Content-Length": [
          "35"
        ]
      },
      "ResponseHeaders": {
        "Cache-Control": [
          "no-cache"
        ],
        "Pragma": [
          "no-cache"
        ],
        "x-ms-ratelimit-remaining-subscription-writes": [
          "1194"
        ],
        "x-ms-request-id": [
          "828fd5cb-19d0-4131-8d1a-165d5a98011e"
        ],
        "x-ms-correlation-request-id": [
          "828fd5cb-19d0-4131-8d1a-165d5a98011e"
        ],
        "x-ms-routing-request-id": [
          "WESTUS:20200913T163227Z:828fd5cb-19d0-4131-8d1a-165d5a98011e"
        ],
        "Strict-Transport-Security": [
          "max-age=31536000; includeSubDomains"
        ],
        "X-Content-Type-Options": [
          "nosniff"
        ],
        "Date": [
          "Sun, 13 Sep 2020 16:32:27 GMT"
        ],
        "Content-Length": [
          "172"
        ],
        "Content-Type": [
          "application/json; charset=utf-8"
        ],
        "Expires": [
          "-1"
        ]
      },
      "ResponseBody": "{\r\n  \"id\": \"/subscriptions/412b782d-2511-4c6d-98f2-3ea01b1c83c3/resourceGroups/ps1650\",\r\n  \"name\": \"ps1650\",\r\n  \"location\": \"westcentralus\",\r\n  \"properties\": {\r\n    \"provisioningState\": \"Succeeded\"\r\n  }\r\n}",
      "StatusCode": 201
    },
    {
      "RequestUri": "/subscriptions/412b782d-2511-4c6d-98f2-3ea01b1c83c3/resourceGroups/ps1650/providers/Microsoft.Sql/servers/ps888?api-version=2019-06-01-preview",
      "EncodedRequestUri": "L3N1YnNjcmlwdGlvbnMvNDEyYjc4MmQtMjUxMS00YzZkLTk4ZjItM2VhMDFiMWM4M2MzL3Jlc291cmNlR3JvdXBzL3BzMTY1MC9wcm92aWRlcnMvTWljcm9zb2Z0LlNxbC9zZXJ2ZXJzL3BzODg4P2FwaS12ZXJzaW9uPTIwMTktMDYtMDEtcHJldmlldw==",
      "RequestMethod": "GET",
      "RequestBody": "",
      "RequestHeaders": {
        "x-ms-client-request-id": [
          "93443f27-7f09-49e5-947f-b0d0a6fb9cf4"
        ],
        "Accept-Language": [
          "en-US"
        ],
        "User-Agent": [
          "FxVersion/4.6.29130.01",
          "OSName/Windows",
          "OSVersion/Microsoft.Windows.10.0.14393.",
          "Microsoft.Azure.Management.Sql.SqlManagementClient/1.44.2.0"
        ]
      },
      "ResponseHeaders": {
        "Cache-Control": [
          "no-cache"
        ],
        "Pragma": [
          "no-cache"
        ],
        "x-ms-failure-cause": [
          "gateway"
        ],
        "x-ms-request-id": [
          "05dda099-437a-4356-9f42-9ff929f85a6d"
        ],
        "x-ms-correlation-request-id": [
          "05dda099-437a-4356-9f42-9ff929f85a6d"
        ],
        "x-ms-routing-request-id": [
          "WESTUS:20200913T163228Z:05dda099-437a-4356-9f42-9ff929f85a6d"
        ],
        "Strict-Transport-Security": [
          "max-age=31536000; includeSubDomains"
        ],
        "X-Content-Type-Options": [
          "nosniff"
        ],
        "Date": [
          "Sun, 13 Sep 2020 16:32:27 GMT"
        ],
        "Content-Type": [
          "application/json; charset=utf-8"
        ],
        "Expires": [
          "-1"
        ],
        "Content-Length": [
          "205"
        ]
      },
      "ResponseBody": "{\r\n  \"error\": {\r\n    \"code\": \"ResourceNotFound\",\r\n    \"message\": \"The Resource 'Microsoft.Sql/servers/ps888' under resource group 'ps1650' was not found. For more details please go to https://aka.ms/ARMResourceNotFoundFix\"\r\n  }\r\n}",
      "StatusCode": 404
    },
    {
      "RequestUri": "/subscriptions/412b782d-2511-4c6d-98f2-3ea01b1c83c3/resourceGroups/ps1650/providers/Microsoft.Sql/servers/ps888?api-version=2019-06-01-preview",
      "EncodedRequestUri": "L3N1YnNjcmlwdGlvbnMvNDEyYjc4MmQtMjUxMS00YzZkLTk4ZjItM2VhMDFiMWM4M2MzL3Jlc291cmNlR3JvdXBzL3BzMTY1MC9wcm92aWRlcnMvTWljcm9zb2Z0LlNxbC9zZXJ2ZXJzL3BzODg4P2FwaS12ZXJzaW9uPTIwMTktMDYtMDEtcHJldmlldw==",
      "RequestMethod": "GET",
      "RequestBody": "",
      "RequestHeaders": {
        "User-Agent": [
          "FxVersion/4.6.29130.01",
          "OSName/Windows",
          "OSVersion/Microsoft.Windows.10.0.14393.",
          "Microsoft.Azure.Management.Sql.SqlManagementClient/1.44.2.0"
        ]
      },
      "ResponseHeaders": {
        "Cache-Control": [
          "no-cache"
        ],
        "Pragma": [
          "no-cache"
        ],
        "x-ms-request-id": [
          "1ba17f9f-f203-49d4-8e01-2ac9aaced5e1"
        ],
        "Server": [
          "Microsoft-HTTPAPI/2.0"
        ],
        "x-ms-ratelimit-remaining-subscription-reads": [
          "11992"
        ],
        "x-ms-correlation-request-id": [
          "c90f53db-d143-44e8-a558-4c440e439881"
        ],
        "x-ms-routing-request-id": [
          "WESTUS:20200913T163315Z:c90f53db-d143-44e8-a558-4c440e439881"
        ],
        "Strict-Transport-Security": [
          "max-age=31536000; includeSubDomains"
        ],
        "X-Content-Type-Options": [
          "nosniff"
        ],
        "Date": [
          "Sun, 13 Sep 2020 16:33:14 GMT"
        ],
        "Content-Length": [
          "412"
        ],
        "Content-Type": [
          "application/json; charset=utf-8"
        ],
        "Expires": [
          "-1"
        ]
      },
      "ResponseBody": "{\r\n  \"kind\": \"v12.0\",\r\n  \"properties\": {\r\n    \"administratorLogin\": \"testusername\",\r\n    \"version\": \"12.0\",\r\n    \"state\": \"Ready\",\r\n    \"fullyQualifiedDomainName\": \"ps888.database.windows.net\",\r\n    \"privateEndpointConnections\": [],\r\n    \"publicNetworkAccess\": \"Enabled\"\r\n  },\r\n  \"location\": \"southeastasia\",\r\n  \"id\": \"/subscriptions/412b782d-2511-4c6d-98f2-3ea01b1c83c3/resourceGroups/ps1650/providers/Microsoft.Sql/servers/ps888\",\r\n  \"name\": \"ps888\",\r\n  \"type\": \"Microsoft.Sql/servers\"\r\n}",
      "StatusCode": 200
    },
    {
      "RequestUri": "/subscriptions/412b782d-2511-4c6d-98f2-3ea01b1c83c3/resourceGroups/ps1650/providers/Microsoft.Sql/servers/ps888?api-version=2019-06-01-preview",
      "EncodedRequestUri": "L3N1YnNjcmlwdGlvbnMvNDEyYjc4MmQtMjUxMS00YzZkLTk4ZjItM2VhMDFiMWM4M2MzL3Jlc291cmNlR3JvdXBzL3BzMTY1MC9wcm92aWRlcnMvTWljcm9zb2Z0LlNxbC9zZXJ2ZXJzL3BzODg4P2FwaS12ZXJzaW9uPTIwMTktMDYtMDEtcHJldmlldw==",
      "RequestMethod": "GET",
      "RequestBody": "",
      "RequestHeaders": {
        "x-ms-client-request-id": [
          "f6681f70-62e7-46bd-9c05-1a8984c8df3a"
        ],
        "Accept-Language": [
          "en-US"
        ],
        "User-Agent": [
          "FxVersion/4.6.29130.01",
          "OSName/Windows",
          "OSVersion/Microsoft.Windows.10.0.14393.",
          "Microsoft.Azure.Management.Sql.SqlManagementClient/1.44.2.0"
        ]
      },
      "ResponseHeaders": {
        "Cache-Control": [
          "no-cache"
        ],
        "Pragma": [
          "no-cache"
        ],
        "x-ms-request-id": [
          "6a0dd73b-1952-4736-bad5-0850b2c02b17"
        ],
        "Server": [
          "Microsoft-HTTPAPI/2.0"
        ],
        "x-ms-ratelimit-remaining-subscription-reads": [
          "11991"
        ],
        "x-ms-correlation-request-id": [
          "b6373eca-3076-4eef-b32b-a07548733134"
        ],
        "x-ms-routing-request-id": [
          "WESTUS:20200913T163315Z:b6373eca-3076-4eef-b32b-a07548733134"
        ],
        "Strict-Transport-Security": [
          "max-age=31536000; includeSubDomains"
        ],
        "X-Content-Type-Options": [
          "nosniff"
        ],
        "Date": [
          "Sun, 13 Sep 2020 16:33:14 GMT"
        ],
        "Content-Length": [
          "412"
        ],
        "Content-Type": [
          "application/json; charset=utf-8"
        ],
        "Expires": [
          "-1"
        ]
      },
      "ResponseBody": "{\r\n  \"kind\": \"v12.0\",\r\n  \"properties\": {\r\n    \"administratorLogin\": \"testusername\",\r\n    \"version\": \"12.0\",\r\n    \"state\": \"Ready\",\r\n    \"fullyQualifiedDomainName\": \"ps888.database.windows.net\",\r\n    \"privateEndpointConnections\": [],\r\n    \"publicNetworkAccess\": \"Enabled\"\r\n  },\r\n  \"location\": \"southeastasia\",\r\n  \"id\": \"/subscriptions/412b782d-2511-4c6d-98f2-3ea01b1c83c3/resourceGroups/ps1650/providers/Microsoft.Sql/servers/ps888\",\r\n  \"name\": \"ps888\",\r\n  \"type\": \"Microsoft.Sql/servers\"\r\n}",
      "StatusCode": 200
    },
    {
      "RequestUri": "/subscriptions/412b782d-2511-4c6d-98f2-3ea01b1c83c3/resourceGroups/ps1650/providers/Microsoft.Sql/servers/ps888?api-version=2019-06-01-preview",
      "EncodedRequestUri": "L3N1YnNjcmlwdGlvbnMvNDEyYjc4MmQtMjUxMS00YzZkLTk4ZjItM2VhMDFiMWM4M2MzL3Jlc291cmNlR3JvdXBzL3BzMTY1MC9wcm92aWRlcnMvTWljcm9zb2Z0LlNxbC9zZXJ2ZXJzL3BzODg4P2FwaS12ZXJzaW9uPTIwMTktMDYtMDEtcHJldmlldw==",
      "RequestMethod": "GET",
      "RequestBody": "",
      "RequestHeaders": {
        "x-ms-client-request-id": [
          "e4a7548f-e6ff-4298-90d8-e62f92b37506"
        ],
        "Accept-Language": [
          "en-US"
        ],
        "User-Agent": [
          "FxVersion/4.6.29130.01",
          "OSName/Windows",
          "OSVersion/Microsoft.Windows.10.0.14393.",
          "Microsoft.Azure.Management.Sql.SqlManagementClient/1.44.2.0"
        ]
      },
      "ResponseHeaders": {
        "Cache-Control": [
          "no-cache"
        ],
        "Pragma": [
          "no-cache"
        ],
        "x-ms-request-id": [
          "667f5807-101a-40c2-af40-c61b3a7fc121"
        ],
        "Server": [
          "Microsoft-HTTPAPI/2.0"
        ],
        "x-ms-ratelimit-remaining-subscription-reads": [
          "11989"
        ],
        "x-ms-correlation-request-id": [
          "7dbc68df-6c78-4765-9c58-387308c86baf"
        ],
        "x-ms-routing-request-id": [
          "WESTUS:20200913T163315Z:7dbc68df-6c78-4765-9c58-387308c86baf"
        ],
        "Strict-Transport-Security": [
          "max-age=31536000; includeSubDomains"
        ],
        "X-Content-Type-Options": [
          "nosniff"
        ],
        "Date": [
          "Sun, 13 Sep 2020 16:33:14 GMT"
        ],
        "Content-Length": [
          "412"
        ],
        "Content-Type": [
          "application/json; charset=utf-8"
        ],
        "Expires": [
          "-1"
        ]
      },
      "ResponseBody": "{\r\n  \"kind\": \"v12.0\",\r\n  \"properties\": {\r\n    \"administratorLogin\": \"testusername\",\r\n    \"version\": \"12.0\",\r\n    \"state\": \"Ready\",\r\n    \"fullyQualifiedDomainName\": \"ps888.database.windows.net\",\r\n    \"privateEndpointConnections\": [],\r\n    \"publicNetworkAccess\": \"Enabled\"\r\n  },\r\n  \"location\": \"southeastasia\",\r\n  \"id\": \"/subscriptions/412b782d-2511-4c6d-98f2-3ea01b1c83c3/resourceGroups/ps1650/providers/Microsoft.Sql/servers/ps888\",\r\n  \"name\": \"ps888\",\r\n  \"type\": \"Microsoft.Sql/servers\"\r\n}",
      "StatusCode": 200
    },
    {
      "RequestUri": "/subscriptions/412b782d-2511-4c6d-98f2-3ea01b1c83c3/resourceGroups/ps1650/providers/Microsoft.Sql/servers/ps888?api-version=2019-06-01-preview",
      "EncodedRequestUri": "L3N1YnNjcmlwdGlvbnMvNDEyYjc4MmQtMjUxMS00YzZkLTk4ZjItM2VhMDFiMWM4M2MzL3Jlc291cmNlR3JvdXBzL3BzMTY1MC9wcm92aWRlcnMvTWljcm9zb2Z0LlNxbC9zZXJ2ZXJzL3BzODg4P2FwaS12ZXJzaW9uPTIwMTktMDYtMDEtcHJldmlldw==",
      "RequestMethod": "GET",
      "RequestBody": "",
      "RequestHeaders": {
        "x-ms-client-request-id": [
          "a56f610d-ab0d-476d-805a-20d1667b89f0"
        ],
        "Accept-Language": [
          "en-US"
        ],
        "User-Agent": [
          "FxVersion/4.6.29130.01",
          "OSName/Windows",
          "OSVersion/Microsoft.Windows.10.0.14393.",
          "Microsoft.Azure.Management.Sql.SqlManagementClient/1.44.2.0"
        ]
      },
      "ResponseHeaders": {
        "Cache-Control": [
          "no-cache"
        ],
        "Pragma": [
          "no-cache"
        ],
        "x-ms-request-id": [
          "37af349f-dd16-4dd6-b6e4-7d94853d7389"
        ],
        "Server": [
          "Microsoft-HTTPAPI/2.0"
        ],
        "x-ms-ratelimit-remaining-subscription-reads": [
          "11972"
        ],
        "x-ms-correlation-request-id": [
          "908bdf89-be0d-4722-8510-4606e5ca451f"
        ],
        "x-ms-routing-request-id": [
          "WESTUS:20200913T163539Z:908bdf89-be0d-4722-8510-4606e5ca451f"
        ],
        "Strict-Transport-Security": [
          "max-age=31536000; includeSubDomains"
        ],
        "X-Content-Type-Options": [
          "nosniff"
        ],
        "Date": [
          "Sun, 13 Sep 2020 16:35:38 GMT"
        ],
        "Content-Length": [
          "412"
        ],
        "Content-Type": [
          "application/json; charset=utf-8"
        ],
        "Expires": [
          "-1"
        ]
      },
      "ResponseBody": "{\r\n  \"kind\": \"v12.0\",\r\n  \"properties\": {\r\n    \"administratorLogin\": \"testusername\",\r\n    \"version\": \"12.0\",\r\n    \"state\": \"Ready\",\r\n    \"fullyQualifiedDomainName\": \"ps888.database.windows.net\",\r\n    \"privateEndpointConnections\": [],\r\n    \"publicNetworkAccess\": \"Enabled\"\r\n  },\r\n  \"location\": \"southeastasia\",\r\n  \"id\": \"/subscriptions/412b782d-2511-4c6d-98f2-3ea01b1c83c3/resourceGroups/ps1650/providers/Microsoft.Sql/servers/ps888\",\r\n  \"name\": \"ps888\",\r\n  \"type\": \"Microsoft.Sql/servers\"\r\n}",
      "StatusCode": 200
    },
    {
      "RequestUri": "/subscriptions/412b782d-2511-4c6d-98f2-3ea01b1c83c3/resourceGroups/ps1650/providers/Microsoft.Sql/servers/ps888?api-version=2019-06-01-preview",
      "EncodedRequestUri": "L3N1YnNjcmlwdGlvbnMvNDEyYjc4MmQtMjUxMS00YzZkLTk4ZjItM2VhMDFiMWM4M2MzL3Jlc291cmNlR3JvdXBzL3BzMTY1MC9wcm92aWRlcnMvTWljcm9zb2Z0LlNxbC9zZXJ2ZXJzL3BzODg4P2FwaS12ZXJzaW9uPTIwMTktMDYtMDEtcHJldmlldw==",
      "RequestMethod": "GET",
      "RequestBody": "",
      "RequestHeaders": {
        "x-ms-client-request-id": [
          "7b71e294-34e5-402c-ad80-5049239c8b87"
        ],
        "Accept-Language": [
          "en-US"
        ],
        "User-Agent": [
          "FxVersion/4.6.29130.01",
          "OSName/Windows",
          "OSVersion/Microsoft.Windows.10.0.14393.",
          "Microsoft.Azure.Management.Sql.SqlManagementClient/1.44.2.0"
        ]
      },
      "ResponseHeaders": {
        "Cache-Control": [
          "no-cache"
        ],
        "Pragma": [
          "no-cache"
        ],
        "x-ms-request-id": [
          "c42872e8-c8c6-431d-9d9b-1daecbedb74b"
        ],
        "Server": [
          "Microsoft-HTTPAPI/2.0"
        ],
        "x-ms-ratelimit-remaining-subscription-reads": [
          "11970"
        ],
        "x-ms-correlation-request-id": [
          "7ccadf11-72be-4bfc-b1cc-f302895256f9"
        ],
        "x-ms-routing-request-id": [
          "WESTUS:20200913T163539Z:7ccadf11-72be-4bfc-b1cc-f302895256f9"
        ],
        "Strict-Transport-Security": [
          "max-age=31536000; includeSubDomains"
        ],
        "X-Content-Type-Options": [
          "nosniff"
        ],
        "Date": [
          "Sun, 13 Sep 2020 16:35:38 GMT"
        ],
        "Content-Length": [
          "412"
        ],
        "Content-Type": [
          "application/json; charset=utf-8"
        ],
        "Expires": [
          "-1"
        ]
      },
      "ResponseBody": "{\r\n  \"kind\": \"v12.0\",\r\n  \"properties\": {\r\n    \"administratorLogin\": \"testusername\",\r\n    \"version\": \"12.0\",\r\n    \"state\": \"Ready\",\r\n    \"fullyQualifiedDomainName\": \"ps888.database.windows.net\",\r\n    \"privateEndpointConnections\": [],\r\n    \"publicNetworkAccess\": \"Enabled\"\r\n  },\r\n  \"location\": \"southeastasia\",\r\n  \"id\": \"/subscriptions/412b782d-2511-4c6d-98f2-3ea01b1c83c3/resourceGroups/ps1650/providers/Microsoft.Sql/servers/ps888\",\r\n  \"name\": \"ps888\",\r\n  \"type\": \"Microsoft.Sql/servers\"\r\n}",
      "StatusCode": 200
    },
    {
      "RequestUri": "/subscriptions/412b782d-2511-4c6d-98f2-3ea01b1c83c3/resourceGroups/ps1650/providers/Microsoft.Sql/servers/ps888?api-version=2019-06-01-preview",
      "EncodedRequestUri": "L3N1YnNjcmlwdGlvbnMvNDEyYjc4MmQtMjUxMS00YzZkLTk4ZjItM2VhMDFiMWM4M2MzL3Jlc291cmNlR3JvdXBzL3BzMTY1MC9wcm92aWRlcnMvTWljcm9zb2Z0LlNxbC9zZXJ2ZXJzL3BzODg4P2FwaS12ZXJzaW9uPTIwMTktMDYtMDEtcHJldmlldw==",
      "RequestMethod": "PUT",
      "RequestBody": "{\r\n  \"properties\": {\r\n    \"administratorLogin\": \"testusername\",\r\n    \"administratorLoginPassword\": \"t357ingP@s5w0rd!\"\r\n  },\r\n  \"location\": \"southeastasia\"\r\n}",
      "RequestHeaders": {
        "x-ms-client-request-id": [
          "094d50db-dc47-49d0-99ab-9f8a671b5106"
        ],
        "Accept-Language": [
          "en-US"
        ],
        "User-Agent": [
          "FxVersion/4.6.29130.01",
          "OSName/Windows",
          "OSVersion/Microsoft.Windows.10.0.14393.",
          "Microsoft.Azure.Management.Sql.SqlManagementClient/1.44.2.0"
        ],
        "Content-Type": [
          "application/json; charset=utf-8"
        ],
        "Content-Length": [
          "157"
        ]
      },
      "ResponseHeaders": {
        "Cache-Control": [
          "no-cache"
        ],
        "Pragma": [
          "no-cache"
        ],
        "Location": [
          "https://management.azure.com/subscriptions/412b782d-2511-4c6d-98f2-3ea01b1c83c3/resourceGroups/ps1650/providers/Microsoft.Sql/locations/southeastasia/serverOperationResults/da3523e8-83a2-4357-8a9c-522da650c7de?api-version=2019-06-01-preview"
        ],
        "Retry-After": [
          "1"
        ],
        "Azure-AsyncOperation": [
          "https://management.azure.com/subscriptions/412b782d-2511-4c6d-98f2-3ea01b1c83c3/resourceGroups/ps1650/providers/Microsoft.Sql/locations/southeastasia/serverAzureAsyncOperation/da3523e8-83a2-4357-8a9c-522da650c7de?api-version=2019-06-01-preview"
        ],
        "x-ms-request-id": [
          "da3523e8-83a2-4357-8a9c-522da650c7de"
        ],
        "Server": [
          "Microsoft-HTTPAPI/2.0"
        ],
        "x-ms-ratelimit-remaining-subscription-writes": [
          "1199"
        ],
        "x-ms-correlation-request-id": [
          "870237bb-95e7-49ff-8444-40c4d2d79131"
        ],
        "x-ms-routing-request-id": [
          "WESTUS:20200913T163229Z:870237bb-95e7-49ff-8444-40c4d2d79131"
        ],
        "Strict-Transport-Security": [
          "max-age=31536000; includeSubDomains"
        ],
        "X-Content-Type-Options": [
          "nosniff"
        ],
        "Date": [
          "Sun, 13 Sep 2020 16:32:28 GMT"
        ],
        "Content-Length": [
          "73"
        ],
        "Content-Type": [
          "application/json; charset=utf-8"
        ],
        "Expires": [
          "-1"
        ]
      },
      "ResponseBody": "{\r\n  \"operation\": \"UpsertLogicalServer\",\r\n  \"startTime\": \"2020-09-13T16:32:29.28Z\"\r\n}",
      "StatusCode": 202
    },
    {
      "RequestUri": "/subscriptions/412b782d-2511-4c6d-98f2-3ea01b1c83c3/resourceGroups/ps1650/providers/Microsoft.Sql/locations/southeastasia/serverAzureAsyncOperation/da3523e8-83a2-4357-8a9c-522da650c7de?api-version=2019-06-01-preview",
      "EncodedRequestUri": "L3N1YnNjcmlwdGlvbnMvNDEyYjc4MmQtMjUxMS00YzZkLTk4ZjItM2VhMDFiMWM4M2MzL3Jlc291cmNlR3JvdXBzL3BzMTY1MC9wcm92aWRlcnMvTWljcm9zb2Z0LlNxbC9sb2NhdGlvbnMvc291dGhlYXN0YXNpYS9zZXJ2ZXJBenVyZUFzeW5jT3BlcmF0aW9uL2RhMzUyM2U4LTgzYTItNDM1Ny04YTljLTUyMmRhNjUwYzdkZT9hcGktdmVyc2lvbj0yMDE5LTA2LTAxLXByZXZpZXc=",
      "RequestMethod": "GET",
      "RequestBody": "",
      "RequestHeaders": {
        "User-Agent": [
          "FxVersion/4.6.29130.01",
          "OSName/Windows",
          "OSVersion/Microsoft.Windows.10.0.14393.",
          "Microsoft.Azure.Management.Sql.SqlManagementClient/1.44.2.0"
        ]
      },
      "ResponseHeaders": {
        "Cache-Control": [
          "no-cache"
        ],
        "Pragma": [
          "no-cache"
        ],
        "Retry-After": [
          "1"
        ],
        "x-ms-request-id": [
          "12f25814-2466-4369-b81f-b3d466dbddde"
        ],
        "Server": [
          "Microsoft-HTTPAPI/2.0"
        ],
        "x-ms-ratelimit-remaining-subscription-reads": [
          "11998"
        ],
        "x-ms-correlation-request-id": [
          "17cfe5eb-9fb9-4786-b5f9-09b68cdde548"
        ],
        "x-ms-routing-request-id": [
          "WESTUS:20200913T163230Z:17cfe5eb-9fb9-4786-b5f9-09b68cdde548"
        ],
        "Strict-Transport-Security": [
          "max-age=31536000; includeSubDomains"
        ],
        "X-Content-Type-Options": [
          "nosniff"
        ],
        "Date": [
          "Sun, 13 Sep 2020 16:32:30 GMT"
        ],
        "Content-Length": [
          "107"
        ],
        "Content-Type": [
          "application/json; charset=utf-8"
        ],
        "Expires": [
          "-1"
        ]
      },
      "ResponseBody": "{\r\n  \"name\": \"da3523e8-83a2-4357-8a9c-522da650c7de\",\r\n  \"status\": \"InProgress\",\r\n  \"startTime\": \"2020-09-13T16:32:29.28Z\"\r\n}",
      "StatusCode": 200
    },
    {
      "RequestUri": "/subscriptions/412b782d-2511-4c6d-98f2-3ea01b1c83c3/resourceGroups/ps1650/providers/Microsoft.Sql/locations/southeastasia/serverAzureAsyncOperation/da3523e8-83a2-4357-8a9c-522da650c7de?api-version=2019-06-01-preview",
      "EncodedRequestUri": "L3N1YnNjcmlwdGlvbnMvNDEyYjc4MmQtMjUxMS00YzZkLTk4ZjItM2VhMDFiMWM4M2MzL3Jlc291cmNlR3JvdXBzL3BzMTY1MC9wcm92aWRlcnMvTWljcm9zb2Z0LlNxbC9sb2NhdGlvbnMvc291dGhlYXN0YXNpYS9zZXJ2ZXJBenVyZUFzeW5jT3BlcmF0aW9uL2RhMzUyM2U4LTgzYTItNDM1Ny04YTljLTUyMmRhNjUwYzdkZT9hcGktdmVyc2lvbj0yMDE5LTA2LTAxLXByZXZpZXc=",
      "RequestMethod": "GET",
      "RequestBody": "",
      "RequestHeaders": {
        "User-Agent": [
          "FxVersion/4.6.29130.01",
          "OSName/Windows",
          "OSVersion/Microsoft.Windows.10.0.14393.",
          "Microsoft.Azure.Management.Sql.SqlManagementClient/1.44.2.0"
        ]
      },
      "ResponseHeaders": {
        "Cache-Control": [
          "no-cache"
        ],
        "Pragma": [
          "no-cache"
        ],
        "Retry-After": [
          "1"
        ],
        "x-ms-request-id": [
          "f2987d8f-4479-4b3a-bbf5-98652a1db560"
        ],
        "Server": [
          "Microsoft-HTTPAPI/2.0"
        ],
        "x-ms-ratelimit-remaining-subscription-reads": [
          "11997"
        ],
        "x-ms-correlation-request-id": [
          "e57af8b4-1fa7-48ee-bf0b-fd4c1ca62054"
        ],
        "x-ms-routing-request-id": [
          "WESTUS:20200913T163231Z:e57af8b4-1fa7-48ee-bf0b-fd4c1ca62054"
        ],
        "Strict-Transport-Security": [
          "max-age=31536000; includeSubDomains"
        ],
        "X-Content-Type-Options": [
          "nosniff"
        ],
        "Date": [
          "Sun, 13 Sep 2020 16:32:31 GMT"
        ],
        "Content-Length": [
          "107"
        ],
        "Content-Type": [
          "application/json; charset=utf-8"
        ],
        "Expires": [
          "-1"
        ]
      },
      "ResponseBody": "{\r\n  \"name\": \"da3523e8-83a2-4357-8a9c-522da650c7de\",\r\n  \"status\": \"InProgress\",\r\n  \"startTime\": \"2020-09-13T16:32:29.28Z\"\r\n}",
      "StatusCode": 200
    },
    {
      "RequestUri": "/subscriptions/412b782d-2511-4c6d-98f2-3ea01b1c83c3/resourceGroups/ps1650/providers/Microsoft.Sql/locations/southeastasia/serverAzureAsyncOperation/da3523e8-83a2-4357-8a9c-522da650c7de?api-version=2019-06-01-preview",
      "EncodedRequestUri": "L3N1YnNjcmlwdGlvbnMvNDEyYjc4MmQtMjUxMS00YzZkLTk4ZjItM2VhMDFiMWM4M2MzL3Jlc291cmNlR3JvdXBzL3BzMTY1MC9wcm92aWRlcnMvTWljcm9zb2Z0LlNxbC9sb2NhdGlvbnMvc291dGhlYXN0YXNpYS9zZXJ2ZXJBenVyZUFzeW5jT3BlcmF0aW9uL2RhMzUyM2U4LTgzYTItNDM1Ny04YTljLTUyMmRhNjUwYzdkZT9hcGktdmVyc2lvbj0yMDE5LTA2LTAxLXByZXZpZXc=",
      "RequestMethod": "GET",
      "RequestBody": "",
      "RequestHeaders": {
        "User-Agent": [
          "FxVersion/4.6.29130.01",
          "OSName/Windows",
          "OSVersion/Microsoft.Windows.10.0.14393.",
          "Microsoft.Azure.Management.Sql.SqlManagementClient/1.44.2.0"
        ]
      },
      "ResponseHeaders": {
        "Cache-Control": [
          "no-cache"
        ],
        "Pragma": [
          "no-cache"
        ],
        "Retry-After": [
          "1"
        ],
        "x-ms-request-id": [
          "10634a92-74e0-4acd-8f10-4035483df38a"
        ],
        "Server": [
          "Microsoft-HTTPAPI/2.0"
        ],
        "x-ms-ratelimit-remaining-subscription-reads": [
          "11996"
        ],
        "x-ms-correlation-request-id": [
          "74475630-4bb0-433c-b524-3778ea1893d6"
        ],
        "x-ms-routing-request-id": [
          "WESTUS:20200913T163233Z:74475630-4bb0-433c-b524-3778ea1893d6"
        ],
        "Strict-Transport-Security": [
          "max-age=31536000; includeSubDomains"
        ],
        "X-Content-Type-Options": [
          "nosniff"
        ],
        "Date": [
          "Sun, 13 Sep 2020 16:32:32 GMT"
        ],
        "Content-Length": [
          "107"
        ],
        "Content-Type": [
          "application/json; charset=utf-8"
        ],
        "Expires": [
          "-1"
        ]
      },
      "ResponseBody": "{\r\n  \"name\": \"da3523e8-83a2-4357-8a9c-522da650c7de\",\r\n  \"status\": \"InProgress\",\r\n  \"startTime\": \"2020-09-13T16:32:29.28Z\"\r\n}",
      "StatusCode": 200
    },
    {
      "RequestUri": "/subscriptions/412b782d-2511-4c6d-98f2-3ea01b1c83c3/resourceGroups/ps1650/providers/Microsoft.Sql/locations/southeastasia/serverAzureAsyncOperation/da3523e8-83a2-4357-8a9c-522da650c7de?api-version=2019-06-01-preview",
      "EncodedRequestUri": "L3N1YnNjcmlwdGlvbnMvNDEyYjc4MmQtMjUxMS00YzZkLTk4ZjItM2VhMDFiMWM4M2MzL3Jlc291cmNlR3JvdXBzL3BzMTY1MC9wcm92aWRlcnMvTWljcm9zb2Z0LlNxbC9sb2NhdGlvbnMvc291dGhlYXN0YXNpYS9zZXJ2ZXJBenVyZUFzeW5jT3BlcmF0aW9uL2RhMzUyM2U4LTgzYTItNDM1Ny04YTljLTUyMmRhNjUwYzdkZT9hcGktdmVyc2lvbj0yMDE5LTA2LTAxLXByZXZpZXc=",
      "RequestMethod": "GET",
      "RequestBody": "",
      "RequestHeaders": {
        "User-Agent": [
          "FxVersion/4.6.29130.01",
          "OSName/Windows",
          "OSVersion/Microsoft.Windows.10.0.14393.",
          "Microsoft.Azure.Management.Sql.SqlManagementClient/1.44.2.0"
        ]
      },
      "ResponseHeaders": {
        "Cache-Control": [
          "no-cache"
        ],
        "Pragma": [
          "no-cache"
        ],
        "Retry-After": [
          "20"
        ],
        "x-ms-request-id": [
          "10a9a421-7d44-43d1-97cf-db1a80a99192"
        ],
        "Server": [
          "Microsoft-HTTPAPI/2.0"
        ],
        "x-ms-ratelimit-remaining-subscription-reads": [
          "11995"
        ],
        "x-ms-correlation-request-id": [
          "7346a3a8-58d0-4f0f-b5ce-fb610c28423d"
        ],
        "x-ms-routing-request-id": [
          "WESTUS:20200913T163234Z:7346a3a8-58d0-4f0f-b5ce-fb610c28423d"
        ],
        "Strict-Transport-Security": [
          "max-age=31536000; includeSubDomains"
        ],
        "X-Content-Type-Options": [
          "nosniff"
        ],
        "Date": [
          "Sun, 13 Sep 2020 16:32:33 GMT"
        ],
        "Content-Length": [
          "107"
        ],
        "Content-Type": [
          "application/json; charset=utf-8"
        ],
        "Expires": [
          "-1"
        ]
      },
      "ResponseBody": "{\r\n  \"name\": \"da3523e8-83a2-4357-8a9c-522da650c7de\",\r\n  \"status\": \"InProgress\",\r\n  \"startTime\": \"2020-09-13T16:32:29.28Z\"\r\n}",
      "StatusCode": 200
    },
    {
      "RequestUri": "/subscriptions/412b782d-2511-4c6d-98f2-3ea01b1c83c3/resourceGroups/ps1650/providers/Microsoft.Sql/locations/southeastasia/serverAzureAsyncOperation/da3523e8-83a2-4357-8a9c-522da650c7de?api-version=2019-06-01-preview",
      "EncodedRequestUri": "L3N1YnNjcmlwdGlvbnMvNDEyYjc4MmQtMjUxMS00YzZkLTk4ZjItM2VhMDFiMWM4M2MzL3Jlc291cmNlR3JvdXBzL3BzMTY1MC9wcm92aWRlcnMvTWljcm9zb2Z0LlNxbC9sb2NhdGlvbnMvc291dGhlYXN0YXNpYS9zZXJ2ZXJBenVyZUFzeW5jT3BlcmF0aW9uL2RhMzUyM2U4LTgzYTItNDM1Ny04YTljLTUyMmRhNjUwYzdkZT9hcGktdmVyc2lvbj0yMDE5LTA2LTAxLXByZXZpZXc=",
      "RequestMethod": "GET",
      "RequestBody": "",
      "RequestHeaders": {
        "User-Agent": [
          "FxVersion/4.6.29130.01",
          "OSName/Windows",
          "OSVersion/Microsoft.Windows.10.0.14393.",
          "Microsoft.Azure.Management.Sql.SqlManagementClient/1.44.2.0"
        ]
      },
      "ResponseHeaders": {
        "Cache-Control": [
          "no-cache"
        ],
        "Pragma": [
          "no-cache"
        ],
        "Retry-After": [
          "20"
        ],
        "x-ms-request-id": [
          "8fec7ae0-fb28-4dc5-a070-81cc0a581ac2"
        ],
        "Server": [
          "Microsoft-HTTPAPI/2.0"
        ],
        "x-ms-ratelimit-remaining-subscription-reads": [
          "11994"
        ],
        "x-ms-correlation-request-id": [
          "3954dc07-6e3c-4709-b874-d061332a818a"
        ],
        "x-ms-routing-request-id": [
          "WESTUS:20200913T163254Z:3954dc07-6e3c-4709-b874-d061332a818a"
        ],
        "Strict-Transport-Security": [
          "max-age=31536000; includeSubDomains"
        ],
        "X-Content-Type-Options": [
          "nosniff"
        ],
        "Date": [
          "Sun, 13 Sep 2020 16:32:53 GMT"
        ],
        "Content-Length": [
          "107"
        ],
        "Content-Type": [
          "application/json; charset=utf-8"
        ],
        "Expires": [
          "-1"
        ]
      },
      "ResponseBody": "{\r\n  \"name\": \"da3523e8-83a2-4357-8a9c-522da650c7de\",\r\n  \"status\": \"InProgress\",\r\n  \"startTime\": \"2020-09-13T16:32:29.28Z\"\r\n}",
      "StatusCode": 200
    },
    {
      "RequestUri": "/subscriptions/412b782d-2511-4c6d-98f2-3ea01b1c83c3/resourceGroups/ps1650/providers/Microsoft.Sql/locations/southeastasia/serverAzureAsyncOperation/da3523e8-83a2-4357-8a9c-522da650c7de?api-version=2019-06-01-preview",
      "EncodedRequestUri": "L3N1YnNjcmlwdGlvbnMvNDEyYjc4MmQtMjUxMS00YzZkLTk4ZjItM2VhMDFiMWM4M2MzL3Jlc291cmNlR3JvdXBzL3BzMTY1MC9wcm92aWRlcnMvTWljcm9zb2Z0LlNxbC9sb2NhdGlvbnMvc291dGhlYXN0YXNpYS9zZXJ2ZXJBenVyZUFzeW5jT3BlcmF0aW9uL2RhMzUyM2U4LTgzYTItNDM1Ny04YTljLTUyMmRhNjUwYzdkZT9hcGktdmVyc2lvbj0yMDE5LTA2LTAxLXByZXZpZXc=",
      "RequestMethod": "GET",
      "RequestBody": "",
      "RequestHeaders": {
        "User-Agent": [
          "FxVersion/4.6.29130.01",
          "OSName/Windows",
          "OSVersion/Microsoft.Windows.10.0.14393.",
          "Microsoft.Azure.Management.Sql.SqlManagementClient/1.44.2.0"
        ]
      },
      "ResponseHeaders": {
        "Cache-Control": [
          "no-cache"
        ],
        "Pragma": [
          "no-cache"
        ],
        "Retry-After": [
          "15"
        ],
        "x-ms-request-id": [
          "4520cc7d-9508-40d0-98b8-c38c3dd92f23"
        ],
        "Server": [
          "Microsoft-HTTPAPI/2.0"
        ],
        "x-ms-ratelimit-remaining-subscription-reads": [
          "11993"
        ],
        "x-ms-correlation-request-id": [
          "05c8def3-3dab-4f32-88b0-35ad92bb67ff"
        ],
        "x-ms-routing-request-id": [
          "WESTUS:20200913T163314Z:05c8def3-3dab-4f32-88b0-35ad92bb67ff"
        ],
        "Strict-Transport-Security": [
          "max-age=31536000; includeSubDomains"
        ],
        "X-Content-Type-Options": [
          "nosniff"
        ],
        "Date": [
          "Sun, 13 Sep 2020 16:33:13 GMT"
        ],
        "Content-Length": [
          "106"
        ],
        "Content-Type": [
          "application/json; charset=utf-8"
        ],
        "Expires": [
          "-1"
        ]
      },
      "ResponseBody": "{\r\n  \"name\": \"da3523e8-83a2-4357-8a9c-522da650c7de\",\r\n  \"status\": \"Succeeded\",\r\n  \"startTime\": \"2020-09-13T16:32:29.28Z\"\r\n}",
      "StatusCode": 200
    },
    {
      "RequestUri": "/subscriptions/412b782d-2511-4c6d-98f2-3ea01b1c83c3/resourceGroups/ps1650/providers/Microsoft.Sql/servers/ps888/databases/ps2917?api-version=2019-06-01-preview",
      "EncodedRequestUri": "L3N1YnNjcmlwdGlvbnMvNDEyYjc4MmQtMjUxMS00YzZkLTk4ZjItM2VhMDFiMWM4M2MzL3Jlc291cmNlR3JvdXBzL3BzMTY1MC9wcm92aWRlcnMvTWljcm9zb2Z0LlNxbC9zZXJ2ZXJzL3BzODg4L2RhdGFiYXNlcy9wczI5MTc/YXBpLXZlcnNpb249MjAxOS0wNi0wMS1wcmV2aWV3",
      "RequestMethod": "GET",
      "RequestBody": "",
      "RequestHeaders": {
        "x-ms-client-request-id": [
          "36340ef2-47b0-4e0e-b55a-72b619909dd3"
        ],
        "Accept-Language": [
          "en-US"
        ],
        "User-Agent": [
          "FxVersion/4.6.29130.01",
          "OSName/Windows",
          "OSVersion/Microsoft.Windows.10.0.14393.",
          "Microsoft.Azure.Management.Sql.SqlManagementClient/1.44.2.0"
        ]
      },
      "ResponseHeaders": {
        "Cache-Control": [
          "no-cache"
        ],
        "Pragma": [
          "no-cache"
        ],
        "x-ms-failure-cause": [
          "gateway"
        ],
        "x-ms-request-id": [
          "a2aa7455-629e-470f-b363-7bc35c320499"
        ],
        "x-ms-correlation-request-id": [
          "a2aa7455-629e-470f-b363-7bc35c320499"
        ],
        "x-ms-routing-request-id": [
          "WESTUS:20200913T163315Z:a2aa7455-629e-470f-b363-7bc35c320499"
        ],
        "Strict-Transport-Security": [
          "max-age=31536000; includeSubDomains"
        ],
        "X-Content-Type-Options": [
          "nosniff"
        ],
        "Date": [
          "Sun, 13 Sep 2020 16:33:14 GMT"
        ],
        "Content-Type": [
          "application/json; charset=utf-8"
        ],
        "Expires": [
          "-1"
        ],
        "Content-Length": [
          "222"
        ]
      },
      "ResponseBody": "{\r\n  \"error\": {\r\n    \"code\": \"ResourceNotFound\",\r\n    \"message\": \"The Resource 'Microsoft.Sql/servers/ps888/databases/ps2917' under resource group 'ps1650' was not found. For more details please go to https://aka.ms/ARMResourceNotFoundFix\"\r\n  }\r\n}",
      "StatusCode": 404
    },
    {
      "RequestUri": "/subscriptions/412b782d-2511-4c6d-98f2-3ea01b1c83c3/resourceGroups/ps1650/providers/Microsoft.Sql/servers/ps888/databases/ps2917?api-version=2019-06-01-preview",
      "EncodedRequestUri": "L3N1YnNjcmlwdGlvbnMvNDEyYjc4MmQtMjUxMS00YzZkLTk4ZjItM2VhMDFiMWM4M2MzL3Jlc291cmNlR3JvdXBzL3BzMTY1MC9wcm92aWRlcnMvTWljcm9zb2Z0LlNxbC9zZXJ2ZXJzL3BzODg4L2RhdGFiYXNlcy9wczI5MTc/YXBpLXZlcnNpb249MjAxOS0wNi0wMS1wcmV2aWV3",
      "RequestMethod": "GET",
      "RequestBody": "",
      "RequestHeaders": {
        "User-Agent": [
          "FxVersion/4.6.29130.01",
          "OSName/Windows",
          "OSVersion/Microsoft.Windows.10.0.14393.",
          "Microsoft.Azure.Management.Sql.SqlManagementClient/1.44.2.0"
        ]
      },
      "ResponseHeaders": {
        "Cache-Control": [
          "no-cache"
        ],
        "Pragma": [
          "no-cache"
        ],
        "x-ms-request-id": [
          "8914a6a7-d6a7-4e6c-a434-2edf9a603d6a"
        ],
        "Server": [
          "Microsoft-HTTPAPI/2.0"
        ],
        "x-ms-ratelimit-remaining-subscription-reads": [
          "11985"
        ],
        "x-ms-correlation-request-id": [
          "9a1e9387-11dd-4b9e-a64e-febc7461f30e"
        ],
        "x-ms-routing-request-id": [
          "WESTUS:20200913T163403Z:9a1e9387-11dd-4b9e-a64e-febc7461f30e"
        ],
        "Strict-Transport-Security": [
          "max-age=31536000; includeSubDomains"
        ],
        "X-Content-Type-Options": [
          "nosniff"
        ],
        "Date": [
          "Sun, 13 Sep 2020 16:34:03 GMT"
        ],
        "Content-Length": [
          "856"
        ],
        "Content-Type": [
          "application/json; charset=utf-8"
        ],
        "Expires": [
          "-1"
        ]
      },
      "ResponseBody": "{\r\n  \"sku\": {\r\n    \"name\": \"Standard\",\r\n    \"tier\": \"Standard\",\r\n    \"capacity\": 10\r\n  },\r\n  \"kind\": \"v12.0,user\",\r\n  \"properties\": {\r\n    \"collation\": \"SQL_Latin1_General_CP1_CI_AS\",\r\n    \"maxSizeBytes\": 268435456000,\r\n    \"status\": \"Online\",\r\n    \"databaseId\": \"19e54955-8682-46cd-979a-ba304f83d2a5\",\r\n    \"creationDate\": \"2020-09-13T16:33:59Z\",\r\n    \"currentServiceObjectiveName\": \"S0\",\r\n    \"requestedServiceObjectiveName\": \"S0\",\r\n    \"defaultSecondaryLocation\": \"eastasia\",\r\n    \"catalogCollation\": \"SQL_Latin1_General_CP1_CI_AS\",\r\n    \"zoneRedundant\": false,\r\n    \"earliestRestoreDate\": \"2020-09-13T17:03:59Z\",\r\n    \"readScale\": \"Disabled\",\r\n    \"readReplicaCount\": 0,\r\n    \"currentSku\": {\r\n      \"name\": \"Standard\",\r\n      \"tier\": \"Standard\",\r\n      \"capacity\": 10\r\n    },\r\n    \"storageAccountType\": \"GRS\"\r\n  },\r\n  \"location\": \"southeastasia\",\r\n  \"id\": \"/subscriptions/412b782d-2511-4c6d-98f2-3ea01b1c83c3/resourceGroups/ps1650/providers/Microsoft.Sql/servers/ps888/databases/ps2917\",\r\n  \"name\": \"ps2917\",\r\n  \"type\": \"Microsoft.Sql/servers/databases\"\r\n}",
      "StatusCode": 200
    },
    {
      "RequestUri": "/subscriptions/412b782d-2511-4c6d-98f2-3ea01b1c83c3/resourceGroups/ps1650/providers/Microsoft.Sql/servers/ps888/databases/ps2917?api-version=2019-06-01-preview",
      "EncodedRequestUri": "L3N1YnNjcmlwdGlvbnMvNDEyYjc4MmQtMjUxMS00YzZkLTk4ZjItM2VhMDFiMWM4M2MzL3Jlc291cmNlR3JvdXBzL3BzMTY1MC9wcm92aWRlcnMvTWljcm9zb2Z0LlNxbC9zZXJ2ZXJzL3BzODg4L2RhdGFiYXNlcy9wczI5MTc/YXBpLXZlcnNpb249MjAxOS0wNi0wMS1wcmV2aWV3",
      "RequestMethod": "GET",
      "RequestBody": "",
      "RequestHeaders": {
        "x-ms-client-request-id": [
          "176b207e-63de-4610-8bdb-ae8355643c5c"
        ],
        "Accept-Language": [
          "en-US"
        ],
        "User-Agent": [
          "FxVersion/4.6.29130.01",
          "OSName/Windows",
          "OSVersion/Microsoft.Windows.10.0.14393.",
          "Microsoft.Azure.Management.Sql.SqlManagementClient/1.44.2.0"
        ]
      },
      "ResponseHeaders": {
        "Cache-Control": [
          "no-cache"
        ],
        "Pragma": [
          "no-cache"
        ],
        "x-ms-request-id": [
          "1f7e0cb9-d73e-4d62-aed7-6da427bf2a2c"
        ],
        "Server": [
          "Microsoft-HTTPAPI/2.0"
        ],
        "x-ms-ratelimit-remaining-subscription-reads": [
          "11984"
        ],
        "x-ms-correlation-request-id": [
          "8d1050a1-6fad-4745-bb81-75499aba59db"
        ],
        "x-ms-routing-request-id": [
          "WESTUS:20200913T163403Z:8d1050a1-6fad-4745-bb81-75499aba59db"
        ],
        "Strict-Transport-Security": [
          "max-age=31536000; includeSubDomains"
        ],
        "X-Content-Type-Options": [
          "nosniff"
        ],
        "Date": [
          "Sun, 13 Sep 2020 16:34:03 GMT"
        ],
        "Content-Length": [
          "856"
        ],
        "Content-Type": [
          "application/json; charset=utf-8"
        ],
        "Expires": [
          "-1"
        ]
      },
      "ResponseBody": "{\r\n  \"sku\": {\r\n    \"name\": \"Standard\",\r\n    \"tier\": \"Standard\",\r\n    \"capacity\": 10\r\n  },\r\n  \"kind\": \"v12.0,user\",\r\n  \"properties\": {\r\n    \"collation\": \"SQL_Latin1_General_CP1_CI_AS\",\r\n    \"maxSizeBytes\": 268435456000,\r\n    \"status\": \"Online\",\r\n    \"databaseId\": \"19e54955-8682-46cd-979a-ba304f83d2a5\",\r\n    \"creationDate\": \"2020-09-13T16:33:59Z\",\r\n    \"currentServiceObjectiveName\": \"S0\",\r\n    \"requestedServiceObjectiveName\": \"S0\",\r\n    \"defaultSecondaryLocation\": \"eastasia\",\r\n    \"catalogCollation\": \"SQL_Latin1_General_CP1_CI_AS\",\r\n    \"zoneRedundant\": false,\r\n    \"earliestRestoreDate\": \"2020-09-13T17:03:59Z\",\r\n    \"readScale\": \"Disabled\",\r\n    \"readReplicaCount\": 0,\r\n    \"currentSku\": {\r\n      \"name\": \"Standard\",\r\n      \"tier\": \"Standard\",\r\n      \"capacity\": 10\r\n    },\r\n    \"storageAccountType\": \"GRS\"\r\n  },\r\n  \"location\": \"southeastasia\",\r\n  \"id\": \"/subscriptions/412b782d-2511-4c6d-98f2-3ea01b1c83c3/resourceGroups/ps1650/providers/Microsoft.Sql/servers/ps888/databases/ps2917\",\r\n  \"name\": \"ps2917\",\r\n  \"type\": \"Microsoft.Sql/servers/databases\"\r\n}",
      "StatusCode": 200
    },
    {
      "RequestUri": "/subscriptions/412b782d-2511-4c6d-98f2-3ea01b1c83c3/resourceGroups/ps1650/providers/Microsoft.Sql/servers/ps888/databases/ps2917?api-version=2019-06-01-preview",
      "EncodedRequestUri": "L3N1YnNjcmlwdGlvbnMvNDEyYjc4MmQtMjUxMS00YzZkLTk4ZjItM2VhMDFiMWM4M2MzL3Jlc291cmNlR3JvdXBzL3BzMTY1MC9wcm92aWRlcnMvTWljcm9zb2Z0LlNxbC9zZXJ2ZXJzL3BzODg4L2RhdGFiYXNlcy9wczI5MTc/YXBpLXZlcnNpb249MjAxOS0wNi0wMS1wcmV2aWV3",
      "RequestMethod": "GET",
      "RequestBody": "",
      "RequestHeaders": {
        "x-ms-client-request-id": [
          "5e106eac-3308-40a4-885f-8b6580fdb479"
        ],
        "Accept-Language": [
          "en-US"
        ],
        "User-Agent": [
          "FxVersion/4.6.29130.01",
          "OSName/Windows",
          "OSVersion/Microsoft.Windows.10.0.14393.",
          "Microsoft.Azure.Management.Sql.SqlManagementClient/1.44.2.0"
        ]
      },
      "ResponseHeaders": {
        "Cache-Control": [
          "no-cache"
        ],
        "Pragma": [
          "no-cache"
        ],
        "x-ms-request-id": [
          "3f1f3a41-6267-4fd5-bcda-5d5b3996d8bc"
        ],
        "Server": [
          "Microsoft-HTTPAPI/2.0"
        ],
        "x-ms-ratelimit-remaining-subscription-reads": [
          "11983"
        ],
        "x-ms-correlation-request-id": [
          "819f813a-a873-4dec-a3cd-05f668fe5183"
        ],
        "x-ms-routing-request-id": [
          "WESTUS:20200913T163403Z:819f813a-a873-4dec-a3cd-05f668fe5183"
        ],
        "Strict-Transport-Security": [
          "max-age=31536000; includeSubDomains"
        ],
        "X-Content-Type-Options": [
          "nosniff"
        ],
        "Date": [
          "Sun, 13 Sep 2020 16:34:03 GMT"
        ],
        "Content-Length": [
          "856"
        ],
        "Content-Type": [
          "application/json; charset=utf-8"
        ],
        "Expires": [
          "-1"
        ]
      },
      "ResponseBody": "{\r\n  \"sku\": {\r\n    \"name\": \"Standard\",\r\n    \"tier\": \"Standard\",\r\n    \"capacity\": 10\r\n  },\r\n  \"kind\": \"v12.0,user\",\r\n  \"properties\": {\r\n    \"collation\": \"SQL_Latin1_General_CP1_CI_AS\",\r\n    \"maxSizeBytes\": 268435456000,\r\n    \"status\": \"Online\",\r\n    \"databaseId\": \"19e54955-8682-46cd-979a-ba304f83d2a5\",\r\n    \"creationDate\": \"2020-09-13T16:33:59Z\",\r\n    \"currentServiceObjectiveName\": \"S0\",\r\n    \"requestedServiceObjectiveName\": \"S0\",\r\n    \"defaultSecondaryLocation\": \"eastasia\",\r\n    \"catalogCollation\": \"SQL_Latin1_General_CP1_CI_AS\",\r\n    \"zoneRedundant\": false,\r\n    \"earliestRestoreDate\": \"2020-09-13T17:03:59Z\",\r\n    \"readScale\": \"Disabled\",\r\n    \"readReplicaCount\": 0,\r\n    \"currentSku\": {\r\n      \"name\": \"Standard\",\r\n      \"tier\": \"Standard\",\r\n      \"capacity\": 10\r\n    },\r\n    \"storageAccountType\": \"GRS\"\r\n  },\r\n  \"location\": \"southeastasia\",\r\n  \"id\": \"/subscriptions/412b782d-2511-4c6d-98f2-3ea01b1c83c3/resourceGroups/ps1650/providers/Microsoft.Sql/servers/ps888/databases/ps2917\",\r\n  \"name\": \"ps2917\",\r\n  \"type\": \"Microsoft.Sql/servers/databases\"\r\n}",
      "StatusCode": 200
    },
    {
      "RequestUri": "/subscriptions/412b782d-2511-4c6d-98f2-3ea01b1c83c3/resourceGroups/ps1650/providers/Microsoft.Sql/servers/ps888/databases/ps2917?api-version=2019-06-01-preview",
      "EncodedRequestUri": "L3N1YnNjcmlwdGlvbnMvNDEyYjc4MmQtMjUxMS00YzZkLTk4ZjItM2VhMDFiMWM4M2MzL3Jlc291cmNlR3JvdXBzL3BzMTY1MC9wcm92aWRlcnMvTWljcm9zb2Z0LlNxbC9zZXJ2ZXJzL3BzODg4L2RhdGFiYXNlcy9wczI5MTc/YXBpLXZlcnNpb249MjAxOS0wNi0wMS1wcmV2aWV3",
      "RequestMethod": "GET",
      "RequestBody": "",
      "RequestHeaders": {
        "User-Agent": [
          "FxVersion/4.6.29130.01",
          "OSName/Windows",
          "OSVersion/Microsoft.Windows.10.0.14393.",
          "Microsoft.Azure.Management.Sql.SqlManagementClient/1.44.2.0"
        ]
      },
      "ResponseHeaders": {
        "Cache-Control": [
          "no-cache"
        ],
        "Pragma": [
          "no-cache"
        ],
        "x-ms-request-id": [
          "ac4f6073-f800-46e4-8626-ae1252656b24"
        ],
        "Server": [
          "Microsoft-HTTPAPI/2.0"
        ],
        "x-ms-ratelimit-remaining-subscription-reads": [
          "11979"
        ],
        "x-ms-correlation-request-id": [
          "4aa4a838-462b-4b16-ab80-3bd8f9bd1021"
        ],
        "x-ms-routing-request-id": [
          "WESTUS:20200913T163451Z:4aa4a838-462b-4b16-ab80-3bd8f9bd1021"
        ],
        "Strict-Transport-Security": [
          "max-age=31536000; includeSubDomains"
        ],
        "X-Content-Type-Options": [
          "nosniff"
        ],
        "Date": [
          "Sun, 13 Sep 2020 16:34:51 GMT"
        ],
        "Content-Length": [
          "881"
        ],
        "Content-Type": [
          "application/json; charset=utf-8"
        ],
        "Expires": [
          "-1"
        ]
      },
      "ResponseBody": "{\r\n  \"sku\": {\r\n    \"name\": \"Basic\",\r\n    \"tier\": \"Basic\",\r\n    \"capacity\": 5\r\n  },\r\n  \"kind\": \"v12.0,user\",\r\n  \"properties\": {\r\n    \"collation\": \"SQL_Latin1_General_CP1_CI_AS\",\r\n    \"maxSizeBytes\": 1073741824,\r\n    \"status\": \"Online\",\r\n    \"databaseId\": \"19e54955-8682-46cd-979a-ba304f83d2a5\",\r\n    \"creationDate\": \"2020-09-13T16:33:59Z\",\r\n    \"currentServiceObjectiveName\": \"Basic\",\r\n    \"requestedServiceObjectiveName\": \"Basic\",\r\n    \"defaultSecondaryLocation\": \"eastasia\",\r\n    \"catalogCollation\": \"SQL_Latin1_General_CP1_CI_AS\",\r\n    \"zoneRedundant\": false,\r\n    \"earliestRestoreDate\": \"2020-09-13T17:03:59Z\",\r\n    \"readScale\": \"Disabled\",\r\n    \"readReplicaCount\": 0,\r\n    \"currentSku\": {\r\n      \"name\": \"Basic\",\r\n      \"tier\": \"Basic\",\r\n      \"capacity\": 5\r\n    },\r\n    \"storageAccountType\": \"GRS\"\r\n  },\r\n  \"location\": \"southeastasia\",\r\n  \"tags\": {\r\n    \"tag_key\": \"tag_new_value\"\r\n  },\r\n  \"id\": \"/subscriptions/412b782d-2511-4c6d-98f2-3ea01b1c83c3/resourceGroups/ps1650/providers/Microsoft.Sql/servers/ps888/databases/ps2917\",\r\n  \"name\": \"ps2917\",\r\n  \"type\": \"Microsoft.Sql/servers/databases\"\r\n}",
      "StatusCode": 200
    },
    {
      "RequestUri": "/subscriptions/412b782d-2511-4c6d-98f2-3ea01b1c83c3/resourceGroups/ps1650/providers/Microsoft.Sql/servers/ps888/databases/ps2917?api-version=2019-06-01-preview",
      "EncodedRequestUri": "L3N1YnNjcmlwdGlvbnMvNDEyYjc4MmQtMjUxMS00YzZkLTk4ZjItM2VhMDFiMWM4M2MzL3Jlc291cmNlR3JvdXBzL3BzMTY1MC9wcm92aWRlcnMvTWljcm9zb2Z0LlNxbC9zZXJ2ZXJzL3BzODg4L2RhdGFiYXNlcy9wczI5MTc/YXBpLXZlcnNpb249MjAxOS0wNi0wMS1wcmV2aWV3",
      "RequestMethod": "GET",
      "RequestBody": "",
      "RequestHeaders": {
        "x-ms-client-request-id": [
          "f822d244-959c-40ad-a41a-63e54d487ba4"
        ],
        "Accept-Language": [
          "en-US"
        ],
        "User-Agent": [
          "FxVersion/4.6.29130.01",
          "OSName/Windows",
          "OSVersion/Microsoft.Windows.10.0.14393.",
          "Microsoft.Azure.Management.Sql.SqlManagementClient/1.44.2.0"
        ]
      },
      "ResponseHeaders": {
        "Cache-Control": [
          "no-cache"
        ],
        "Pragma": [
          "no-cache"
        ],
        "x-ms-request-id": [
          "567d25b8-f98a-47cb-84ef-025d037560f8"
        ],
        "Server": [
          "Microsoft-HTTPAPI/2.0"
        ],
        "x-ms-ratelimit-remaining-subscription-reads": [
          "11978"
        ],
        "x-ms-correlation-request-id": [
          "d66da483-979b-4763-8aca-7ad7862d997f"
        ],
        "x-ms-routing-request-id": [
          "WESTUS:20200913T163452Z:d66da483-979b-4763-8aca-7ad7862d997f"
        ],
        "Strict-Transport-Security": [
          "max-age=31536000; includeSubDomains"
        ],
        "X-Content-Type-Options": [
          "nosniff"
        ],
        "Date": [
          "Sun, 13 Sep 2020 16:34:51 GMT"
        ],
        "Content-Length": [
          "881"
        ],
        "Content-Type": [
          "application/json; charset=utf-8"
        ],
        "Expires": [
          "-1"
        ]
      },
      "ResponseBody": "{\r\n  \"sku\": {\r\n    \"name\": \"Basic\",\r\n    \"tier\": \"Basic\",\r\n    \"capacity\": 5\r\n  },\r\n  \"kind\": \"v12.0,user\",\r\n  \"properties\": {\r\n    \"collation\": \"SQL_Latin1_General_CP1_CI_AS\",\r\n    \"maxSizeBytes\": 1073741824,\r\n    \"status\": \"Online\",\r\n    \"databaseId\": \"19e54955-8682-46cd-979a-ba304f83d2a5\",\r\n    \"creationDate\": \"2020-09-13T16:33:59Z\",\r\n    \"currentServiceObjectiveName\": \"Basic\",\r\n    \"requestedServiceObjectiveName\": \"Basic\",\r\n    \"defaultSecondaryLocation\": \"eastasia\",\r\n    \"catalogCollation\": \"SQL_Latin1_General_CP1_CI_AS\",\r\n    \"zoneRedundant\": false,\r\n    \"earliestRestoreDate\": \"2020-09-13T17:03:59Z\",\r\n    \"readScale\": \"Disabled\",\r\n    \"readReplicaCount\": 0,\r\n    \"currentSku\": {\r\n      \"name\": \"Basic\",\r\n      \"tier\": \"Basic\",\r\n      \"capacity\": 5\r\n    },\r\n    \"storageAccountType\": \"GRS\"\r\n  },\r\n  \"location\": \"southeastasia\",\r\n  \"tags\": {\r\n    \"tag_key\": \"tag_new_value\"\r\n  },\r\n  \"id\": \"/subscriptions/412b782d-2511-4c6d-98f2-3ea01b1c83c3/resourceGroups/ps1650/providers/Microsoft.Sql/servers/ps888/databases/ps2917\",\r\n  \"name\": \"ps2917\",\r\n  \"type\": \"Microsoft.Sql/servers/databases\"\r\n}",
      "StatusCode": 200
    },
    {
      "RequestUri": "/subscriptions/412b782d-2511-4c6d-98f2-3ea01b1c83c3/resourceGroups/ps1650/providers/Microsoft.Sql/servers/ps888/databases/ps2917?api-version=2019-06-01-preview",
      "EncodedRequestUri": "L3N1YnNjcmlwdGlvbnMvNDEyYjc4MmQtMjUxMS00YzZkLTk4ZjItM2VhMDFiMWM4M2MzL3Jlc291cmNlR3JvdXBzL3BzMTY1MC9wcm92aWRlcnMvTWljcm9zb2Z0LlNxbC9zZXJ2ZXJzL3BzODg4L2RhdGFiYXNlcy9wczI5MTc/YXBpLXZlcnNpb249MjAxOS0wNi0wMS1wcmV2aWV3",
      "RequestMethod": "GET",
      "RequestBody": "",
      "RequestHeaders": {
        "x-ms-client-request-id": [
          "5c847275-9b5e-4baa-bc7d-b5d4f32a59ae"
        ],
        "Accept-Language": [
          "en-US"
        ],
        "User-Agent": [
          "FxVersion/4.6.29130.01",
          "OSName/Windows",
          "OSVersion/Microsoft.Windows.10.0.14393.",
          "Microsoft.Azure.Management.Sql.SqlManagementClient/1.44.2.0"
        ]
      },
      "ResponseHeaders": {
        "Cache-Control": [
          "no-cache"
        ],
        "Pragma": [
          "no-cache"
        ],
        "x-ms-request-id": [
          "61e8fa17-9f5c-49c3-9285-d4d187ca3a4f"
        ],
        "Server": [
          "Microsoft-HTTPAPI/2.0"
        ],
        "x-ms-ratelimit-remaining-subscription-reads": [
          "11977"
        ],
        "x-ms-correlation-request-id": [
          "87ddb8a7-a468-4273-9007-8c266fb91fd8"
        ],
        "x-ms-routing-request-id": [
          "WESTUS:20200913T163452Z:87ddb8a7-a468-4273-9007-8c266fb91fd8"
        ],
        "Strict-Transport-Security": [
          "max-age=31536000; includeSubDomains"
        ],
        "X-Content-Type-Options": [
          "nosniff"
        ],
        "Date": [
          "Sun, 13 Sep 2020 16:34:51 GMT"
        ],
        "Content-Length": [
          "881"
        ],
        "Content-Type": [
          "application/json; charset=utf-8"
        ],
        "Expires": [
          "-1"
        ]
      },
      "ResponseBody": "{\r\n  \"sku\": {\r\n    \"name\": \"Basic\",\r\n    \"tier\": \"Basic\",\r\n    \"capacity\": 5\r\n  },\r\n  \"kind\": \"v12.0,user\",\r\n  \"properties\": {\r\n    \"collation\": \"SQL_Latin1_General_CP1_CI_AS\",\r\n    \"maxSizeBytes\": 1073741824,\r\n    \"status\": \"Online\",\r\n    \"databaseId\": \"19e54955-8682-46cd-979a-ba304f83d2a5\",\r\n    \"creationDate\": \"2020-09-13T16:33:59Z\",\r\n    \"currentServiceObjectiveName\": \"Basic\",\r\n    \"requestedServiceObjectiveName\": \"Basic\",\r\n    \"defaultSecondaryLocation\": \"eastasia\",\r\n    \"catalogCollation\": \"SQL_Latin1_General_CP1_CI_AS\",\r\n    \"zoneRedundant\": false,\r\n    \"earliestRestoreDate\": \"2020-09-13T17:03:59Z\",\r\n    \"readScale\": \"Disabled\",\r\n    \"readReplicaCount\": 0,\r\n    \"currentSku\": {\r\n      \"name\": \"Basic\",\r\n      \"tier\": \"Basic\",\r\n      \"capacity\": 5\r\n    },\r\n    \"storageAccountType\": \"GRS\"\r\n  },\r\n  \"location\": \"southeastasia\",\r\n  \"tags\": {\r\n    \"tag_key\": \"tag_new_value\"\r\n  },\r\n  \"id\": \"/subscriptions/412b782d-2511-4c6d-98f2-3ea01b1c83c3/resourceGroups/ps1650/providers/Microsoft.Sql/servers/ps888/databases/ps2917\",\r\n  \"name\": \"ps2917\",\r\n  \"type\": \"Microsoft.Sql/servers/databases\"\r\n}",
      "StatusCode": 200
    },
    {
      "RequestUri": "/subscriptions/412b782d-2511-4c6d-98f2-3ea01b1c83c3/resourceGroups/ps1650/providers/Microsoft.Sql/servers/ps888/databases/ps2917?api-version=2019-06-01-preview",
      "EncodedRequestUri": "L3N1YnNjcmlwdGlvbnMvNDEyYjc4MmQtMjUxMS00YzZkLTk4ZjItM2VhMDFiMWM4M2MzL3Jlc291cmNlR3JvdXBzL3BzMTY1MC9wcm92aWRlcnMvTWljcm9zb2Z0LlNxbC9zZXJ2ZXJzL3BzODg4L2RhdGFiYXNlcy9wczI5MTc/YXBpLXZlcnNpb249MjAxOS0wNi0wMS1wcmV2aWV3",
      "RequestMethod": "GET",
      "RequestBody": "",
      "RequestHeaders": {
        "User-Agent": [
          "FxVersion/4.6.29130.01",
          "OSName/Windows",
          "OSVersion/Microsoft.Windows.10.0.14393.",
          "Microsoft.Azure.Management.Sql.SqlManagementClient/1.44.2.0"
        ]
      },
      "ResponseHeaders": {
        "Cache-Control": [
          "no-cache"
        ],
        "Pragma": [
          "no-cache"
        ],
        "x-ms-request-id": [
          "8ef19e89-00a5-4b4a-abfb-63dd0b7ddeed"
        ],
        "Server": [
          "Microsoft-HTTPAPI/2.0"
        ],
        "x-ms-ratelimit-remaining-subscription-reads": [
          "11973"
        ],
        "x-ms-correlation-request-id": [
          "43cd76d9-7297-4292-aa72-c7c000a66c6d"
        ],
        "x-ms-routing-request-id": [
          "WESTUS:20200913T163539Z:43cd76d9-7297-4292-aa72-c7c000a66c6d"
        ],
        "Strict-Transport-Security": [
          "max-age=31536000; includeSubDomains"
        ],
        "X-Content-Type-Options": [
          "nosniff"
        ],
        "Date": [
          "Sun, 13 Sep 2020 16:35:38 GMT"
        ],
        "Content-Length": [
          "892"
        ],
        "Content-Type": [
          "application/json; charset=utf-8"
        ],
        "Expires": [
          "-1"
        ]
      },
      "ResponseBody": "{\r\n  \"sku\": {\r\n    \"name\": \"Standard\",\r\n    \"tier\": \"Standard\",\r\n    \"capacity\": 20\r\n  },\r\n  \"kind\": \"v12.0,user\",\r\n  \"properties\": {\r\n    \"collation\": \"SQL_Latin1_General_CP1_CI_AS\",\r\n    \"maxSizeBytes\": 107374182400,\r\n    \"status\": \"Online\",\r\n    \"databaseId\": \"19e54955-8682-46cd-979a-ba304f83d2a5\",\r\n    \"creationDate\": \"2020-09-13T16:33:59Z\",\r\n    \"currentServiceObjectiveName\": \"S1\",\r\n    \"requestedServiceObjectiveName\": \"S1\",\r\n    \"defaultSecondaryLocation\": \"eastasia\",\r\n    \"catalogCollation\": \"SQL_Latin1_General_CP1_CI_AS\",\r\n    \"zoneRedundant\": false,\r\n    \"earliestRestoreDate\": \"2020-09-13T17:03:59Z\",\r\n    \"readScale\": \"Disabled\",\r\n    \"readReplicaCount\": 0,\r\n    \"currentSku\": {\r\n      \"name\": \"Standard\",\r\n      \"tier\": \"Standard\",\r\n      \"capacity\": 20\r\n    },\r\n    \"storageAccountType\": \"GRS\"\r\n  },\r\n  \"location\": \"southeastasia\",\r\n  \"tags\": {\r\n    \"tag_key\": \"tag_new_value2\"\r\n  },\r\n  \"id\": \"/subscriptions/412b782d-2511-4c6d-98f2-3ea01b1c83c3/resourceGroups/ps1650/providers/Microsoft.Sql/servers/ps888/databases/ps2917\",\r\n  \"name\": \"ps2917\",\r\n  \"type\": \"Microsoft.Sql/servers/databases\"\r\n}",
      "StatusCode": 200
    },
    {
      "RequestUri": "/subscriptions/412b782d-2511-4c6d-98f2-3ea01b1c83c3/resourceGroups/ps1650/providers/Microsoft.Sql/servers/ps888/databases/ps2917?api-version=2019-06-01-preview",
      "EncodedRequestUri": "L3N1YnNjcmlwdGlvbnMvNDEyYjc4MmQtMjUxMS00YzZkLTk4ZjItM2VhMDFiMWM4M2MzL3Jlc291cmNlR3JvdXBzL3BzMTY1MC9wcm92aWRlcnMvTWljcm9zb2Z0LlNxbC9zZXJ2ZXJzL3BzODg4L2RhdGFiYXNlcy9wczI5MTc/YXBpLXZlcnNpb249MjAxOS0wNi0wMS1wcmV2aWV3",
      "RequestMethod": "PUT",
      "RequestBody": "{\r\n  \"sku\": {\r\n    \"name\": \"S0\",\r\n    \"tier\": \"Standard\"\r\n  },\r\n  \"properties\": {\r\n    \"maxSizeBytes\": 268435456000,\r\n    \"readScale\": \"\"\r\n  },\r\n  \"location\": \"southeastasia\"\r\n}",
      "RequestHeaders": {
        "x-ms-client-request-id": [
          "1f81e658-d4ec-4c75-aac8-835baad3c1fe"
        ],
        "Accept-Language": [
          "en-US"
        ],
        "User-Agent": [
          "FxVersion/4.6.29130.01",
          "OSName/Windows",
          "OSVersion/Microsoft.Windows.10.0.14393.",
          "Microsoft.Azure.Management.Sql.SqlManagementClient/1.44.2.0"
        ],
        "Content-Type": [
          "application/json; charset=utf-8"
        ],
        "Content-Length": [
          "177"
        ]
      },
      "ResponseHeaders": {
        "Cache-Control": [
          "no-cache"
        ],
        "Pragma": [
          "no-cache"
        ],
        "Location": [
          "https://management.azure.com/subscriptions/412b782d-2511-4c6d-98f2-3ea01b1c83c3/resourceGroups/ps1650/providers/Microsoft.Sql/locations/southeastasia/databaseOperationResults/6d16be47-6666-45d1-8326-0b9cedf4aed5?api-version=2019-06-01-preview"
        ],
        "Retry-After": [
          "15"
        ],
        "Azure-AsyncOperation": [
          "https://management.azure.com/subscriptions/412b782d-2511-4c6d-98f2-3ea01b1c83c3/resourceGroups/ps1650/providers/Microsoft.Sql/locations/southeastasia/databaseAzureAsyncOperation/6d16be47-6666-45d1-8326-0b9cedf4aed5?api-version=2019-06-01-preview"
        ],
        "x-ms-request-id": [
          "6d16be47-6666-45d1-8326-0b9cedf4aed5"
        ],
        "Server": [
          "Microsoft-HTTPAPI/2.0"
        ],
        "x-ms-ratelimit-remaining-subscription-writes": [
          "1198"
        ],
        "x-ms-correlation-request-id": [
          "29494dc9-392e-4c17-9bc9-cb78869d58eb"
        ],
        "x-ms-routing-request-id": [
          "WESTUS:20200913T163316Z:29494dc9-392e-4c17-9bc9-cb78869d58eb"
        ],
        "Strict-Transport-Security": [
          "max-age=31536000; includeSubDomains"
        ],
        "X-Content-Type-Options": [
          "nosniff"
        ],
        "Date": [
          "Sun, 13 Sep 2020 16:33:15 GMT"
        ],
        "Content-Length": [
          "75"
        ],
        "Content-Type": [
          "application/json; charset=utf-8"
        ],
        "Expires": [
          "-1"
        ]
      },
      "ResponseBody": "{\r\n  \"operation\": \"CreateLogicalDatabase\",\r\n  \"startTime\": \"2020-09-13T16:33:16.36Z\"\r\n}",
      "StatusCode": 202
    },
    {
      "RequestUri": "/subscriptions/412b782d-2511-4c6d-98f2-3ea01b1c83c3/resourceGroups/ps1650/providers/Microsoft.Sql/servers/ps888/databases/ps2917?api-version=2019-06-01-preview",
      "EncodedRequestUri": "L3N1YnNjcmlwdGlvbnMvNDEyYjc4MmQtMjUxMS00YzZkLTk4ZjItM2VhMDFiMWM4M2MzL3Jlc291cmNlR3JvdXBzL3BzMTY1MC9wcm92aWRlcnMvTWljcm9zb2Z0LlNxbC9zZXJ2ZXJzL3BzODg4L2RhdGFiYXNlcy9wczI5MTc/YXBpLXZlcnNpb249MjAxOS0wNi0wMS1wcmV2aWV3",
      "RequestMethod": "PUT",
      "RequestBody": "{\r\n  \"sku\": {\r\n    \"name\": \"Basic\",\r\n    \"tier\": \"Basic\"\r\n  },\r\n  \"properties\": {\r\n    \"maxSizeBytes\": 1073741824,\r\n    \"readScale\": \"Disabled\"\r\n  },\r\n  \"location\": \"southeastasia\",\r\n  \"tags\": {\r\n    \"tag_key\": \"tag_new_value\"\r\n  }\r\n}",
      "RequestHeaders": {
        "x-ms-client-request-id": [
          "c4e73dec-f432-40e3-bf18-166b381b91e8"
        ],
        "Accept-Language": [
          "en-US"
        ],
        "User-Agent": [
          "FxVersion/4.6.29130.01",
          "OSName/Windows",
          "OSVersion/Microsoft.Windows.10.0.14393.",
          "Microsoft.Azure.Management.Sql.SqlManagementClient/1.44.2.0"
        ],
        "Content-Type": [
          "application/json; charset=utf-8"
        ],
        "Content-Length": [
          "234"
        ]
      },
      "ResponseHeaders": {
        "Cache-Control": [
          "no-cache"
        ],
        "Pragma": [
          "no-cache"
        ],
        "Location": [
          "https://management.azure.com/subscriptions/412b782d-2511-4c6d-98f2-3ea01b1c83c3/resourceGroups/ps1650/providers/Microsoft.Sql/locations/southeastasia/databaseOperationResults/bf6da168-6c01-49b3-aa5e-b13a3d885c58?api-version=2019-06-01-preview"
        ],
        "Retry-After": [
          "15"
        ],
        "Azure-AsyncOperation": [
          "https://management.azure.com/subscriptions/412b782d-2511-4c6d-98f2-3ea01b1c83c3/resourceGroups/ps1650/providers/Microsoft.Sql/locations/southeastasia/databaseAzureAsyncOperation/bf6da168-6c01-49b3-aa5e-b13a3d885c58?api-version=2019-06-01-preview"
        ],
        "x-ms-request-id": [
          "bf6da168-6c01-49b3-aa5e-b13a3d885c58"
        ],
        "Server": [
          "Microsoft-HTTPAPI/2.0"
        ],
        "x-ms-ratelimit-remaining-subscription-writes": [
          "1197"
        ],
        "x-ms-correlation-request-id": [
          "aca185a9-8d5f-4f52-9172-d6e23ad7cbe2"
        ],
        "x-ms-routing-request-id": [
          "WESTUS:20200913T163405Z:aca185a9-8d5f-4f52-9172-d6e23ad7cbe2"
        ],
        "Strict-Transport-Security": [
          "max-age=31536000; includeSubDomains"
        ],
        "X-Content-Type-Options": [
          "nosniff"
        ],
        "Date": [
          "Sun, 13 Sep 2020 16:34:05 GMT"
        ],
        "Content-Length": [
          "76"
        ],
        "Content-Type": [
          "application/json; charset=utf-8"
        ],
        "Expires": [
          "-1"
        ]
      },
      "ResponseBody": "{\r\n  \"operation\": \"UpdateLogicalDatabase\",\r\n  \"startTime\": \"2020-09-13T16:34:05.577Z\"\r\n}",
      "StatusCode": 202
    },
    {
      "RequestUri": "/subscriptions/412b782d-2511-4c6d-98f2-3ea01b1c83c3/resourceGroups/ps1650/providers/Microsoft.Sql/servers/ps888/databases/ps2917?api-version=2019-06-01-preview",
      "EncodedRequestUri": "L3N1YnNjcmlwdGlvbnMvNDEyYjc4MmQtMjUxMS00YzZkLTk4ZjItM2VhMDFiMWM4M2MzL3Jlc291cmNlR3JvdXBzL3BzMTY1MC9wcm92aWRlcnMvTWljcm9zb2Z0LlNxbC9zZXJ2ZXJzL3BzODg4L2RhdGFiYXNlcy9wczI5MTc/YXBpLXZlcnNpb249MjAxOS0wNi0wMS1wcmV2aWV3",
      "RequestMethod": "PUT",
      "RequestBody": "{\r\n  \"sku\": {\r\n    \"name\": \"S1\",\r\n    \"tier\": \"Standard\"\r\n  },\r\n  \"properties\": {\r\n    \"maxSizeBytes\": 107374182400,\r\n    \"readScale\": \"Disabled\"\r\n  },\r\n  \"location\": \"southeastasia\",\r\n  \"tags\": {\r\n    \"tag_key\": \"tag_new_value2\"\r\n  }\r\n}",
      "RequestHeaders": {
        "x-ms-client-request-id": [
          "e6a98d20-4b89-447c-b820-affb0a41be0b"
        ],
        "Accept-Language": [
          "en-US"
        ],
        "User-Agent": [
          "FxVersion/4.6.29130.01",
          "OSName/Windows",
          "OSVersion/Microsoft.Windows.10.0.14393.",
          "Microsoft.Azure.Management.Sql.SqlManagementClient/1.44.2.0"
        ],
        "Content-Type": [
          "application/json; charset=utf-8"
        ],
        "Content-Length": [
          "237"
        ]
      },
      "ResponseHeaders": {
        "Cache-Control": [
          "no-cache"
        ],
        "Pragma": [
          "no-cache"
        ],
        "Location": [
          "https://management.azure.com/subscriptions/412b782d-2511-4c6d-98f2-3ea01b1c83c3/resourceGroups/ps1650/providers/Microsoft.Sql/locations/southeastasia/databaseOperationResults/93000144-dedc-4527-9f7f-1fb70dff204c?api-version=2019-06-01-preview"
        ],
        "Retry-After": [
          "15"
        ],
        "Azure-AsyncOperation": [
          "https://management.azure.com/subscriptions/412b782d-2511-4c6d-98f2-3ea01b1c83c3/resourceGroups/ps1650/providers/Microsoft.Sql/locations/southeastasia/databaseAzureAsyncOperation/93000144-dedc-4527-9f7f-1fb70dff204c?api-version=2019-06-01-preview"
        ],
        "x-ms-request-id": [
          "93000144-dedc-4527-9f7f-1fb70dff204c"
        ],
        "Server": [
          "Microsoft-HTTPAPI/2.0"
        ],
        "x-ms-ratelimit-remaining-subscription-writes": [
          "1196"
        ],
        "x-ms-correlation-request-id": [
          "9e9ca744-fd16-4651-b247-fd68a622e255"
        ],
        "x-ms-routing-request-id": [
          "WESTUS:20200913T163453Z:9e9ca744-fd16-4651-b247-fd68a622e255"
        ],
        "Strict-Transport-Security": [
          "max-age=31536000; includeSubDomains"
        ],
        "X-Content-Type-Options": [
          "nosniff"
        ],
        "Date": [
          "Sun, 13 Sep 2020 16:34:52 GMT"
        ],
        "Content-Length": [
          "76"
        ],
        "Content-Type": [
          "application/json; charset=utf-8"
        ],
        "Expires": [
          "-1"
        ]
      },
      "ResponseBody": "{\r\n  \"operation\": \"UpdateLogicalDatabase\",\r\n  \"startTime\": \"2020-09-13T16:34:52.753Z\"\r\n}",
      "StatusCode": 202
    },
    {
      "RequestUri": "/subscriptions/412b782d-2511-4c6d-98f2-3ea01b1c83c3/resourceGroups/ps1650/providers/Microsoft.Sql/locations/southeastasia/databaseAzureAsyncOperation/6d16be47-6666-45d1-8326-0b9cedf4aed5?api-version=2019-06-01-preview",
      "EncodedRequestUri": "L3N1YnNjcmlwdGlvbnMvNDEyYjc4MmQtMjUxMS00YzZkLTk4ZjItM2VhMDFiMWM4M2MzL3Jlc291cmNlR3JvdXBzL3BzMTY1MC9wcm92aWRlcnMvTWljcm9zb2Z0LlNxbC9sb2NhdGlvbnMvc291dGhlYXN0YXNpYS9kYXRhYmFzZUF6dXJlQXN5bmNPcGVyYXRpb24vNmQxNmJlNDctNjY2Ni00NWQxLTgzMjYtMGI5Y2VkZjRhZWQ1P2FwaS12ZXJzaW9uPTIwMTktMDYtMDEtcHJldmlldw==",
      "RequestMethod": "GET",
      "RequestBody": "",
      "RequestHeaders": {
        "User-Agent": [
          "FxVersion/4.6.29130.01",
          "OSName/Windows",
          "OSVersion/Microsoft.Windows.10.0.14393.",
          "Microsoft.Azure.Management.Sql.SqlManagementClient/1.44.2.0"
        ]
      },
      "ResponseHeaders": {
        "Cache-Control": [
          "no-cache"
        ],
        "Pragma": [
          "no-cache"
        ],
        "Retry-After": [
          "15"
        ],
        "x-ms-request-id": [
          "47259710-8ffd-4001-825c-bcbc9c4c408b"
        ],
        "Server": [
          "Microsoft-HTTPAPI/2.0"
        ],
        "x-ms-ratelimit-remaining-subscription-reads": [
          "11988"
        ],
        "x-ms-correlation-request-id": [
          "dfc84b58-72e8-440c-8499-59c548d9cbe1"
        ],
        "x-ms-routing-request-id": [
          "WESTUS:20200913T163331Z:dfc84b58-72e8-440c-8499-59c548d9cbe1"
        ],
        "Strict-Transport-Security": [
          "max-age=31536000; includeSubDomains"
        ],
        "X-Content-Type-Options": [
          "nosniff"
        ],
        "Date": [
          "Sun, 13 Sep 2020 16:33:31 GMT"
        ],
        "Content-Length": [
          "107"
        ],
        "Content-Type": [
          "application/json; charset=utf-8"
        ],
        "Expires": [
          "-1"
        ]
      },
      "ResponseBody": "{\r\n  \"name\": \"6d16be47-6666-45d1-8326-0b9cedf4aed5\",\r\n  \"status\": \"InProgress\",\r\n  \"startTime\": \"2020-09-13T16:33:16.36Z\"\r\n}",
      "StatusCode": 200
    },
    {
      "RequestUri": "/subscriptions/412b782d-2511-4c6d-98f2-3ea01b1c83c3/resourceGroups/ps1650/providers/Microsoft.Sql/locations/southeastasia/databaseAzureAsyncOperation/6d16be47-6666-45d1-8326-0b9cedf4aed5?api-version=2019-06-01-preview",
      "EncodedRequestUri": "L3N1YnNjcmlwdGlvbnMvNDEyYjc4MmQtMjUxMS00YzZkLTk4ZjItM2VhMDFiMWM4M2MzL3Jlc291cmNlR3JvdXBzL3BzMTY1MC9wcm92aWRlcnMvTWljcm9zb2Z0LlNxbC9sb2NhdGlvbnMvc291dGhlYXN0YXNpYS9kYXRhYmFzZUF6dXJlQXN5bmNPcGVyYXRpb24vNmQxNmJlNDctNjY2Ni00NWQxLTgzMjYtMGI5Y2VkZjRhZWQ1P2FwaS12ZXJzaW9uPTIwMTktMDYtMDEtcHJldmlldw==",
      "RequestMethod": "GET",
      "RequestBody": "",
      "RequestHeaders": {
        "User-Agent": [
          "FxVersion/4.6.29130.01",
          "OSName/Windows",
          "OSVersion/Microsoft.Windows.10.0.14393.",
          "Microsoft.Azure.Management.Sql.SqlManagementClient/1.44.2.0"
        ]
      },
      "ResponseHeaders": {
        "Cache-Control": [
          "no-cache"
        ],
        "Pragma": [
          "no-cache"
        ],
        "Retry-After": [
          "15"
        ],
        "x-ms-request-id": [
          "51d11ab1-d4d5-4e83-a5b1-25482f959044"
        ],
        "Server": [
          "Microsoft-HTTPAPI/2.0"
        ],
        "x-ms-ratelimit-remaining-subscription-reads": [
          "11987"
        ],
        "x-ms-correlation-request-id": [
          "7349758c-77a7-4013-86bf-f60335fddead"
        ],
        "x-ms-routing-request-id": [
          "WESTUS:20200913T163347Z:7349758c-77a7-4013-86bf-f60335fddead"
        ],
        "Strict-Transport-Security": [
          "max-age=31536000; includeSubDomains"
        ],
        "X-Content-Type-Options": [
          "nosniff"
        ],
        "Date": [
          "Sun, 13 Sep 2020 16:33:47 GMT"
        ],
        "Content-Length": [
          "107"
        ],
        "Content-Type": [
          "application/json; charset=utf-8"
        ],
        "Expires": [
          "-1"
        ]
      },
      "ResponseBody": "{\r\n  \"name\": \"6d16be47-6666-45d1-8326-0b9cedf4aed5\",\r\n  \"status\": \"InProgress\",\r\n  \"startTime\": \"2020-09-13T16:33:16.36Z\"\r\n}",
      "StatusCode": 200
    },
    {
      "RequestUri": "/subscriptions/412b782d-2511-4c6d-98f2-3ea01b1c83c3/resourceGroups/ps1650/providers/Microsoft.Sql/locations/southeastasia/databaseAzureAsyncOperation/6d16be47-6666-45d1-8326-0b9cedf4aed5?api-version=2019-06-01-preview",
      "EncodedRequestUri": "L3N1YnNjcmlwdGlvbnMvNDEyYjc4MmQtMjUxMS00YzZkLTk4ZjItM2VhMDFiMWM4M2MzL3Jlc291cmNlR3JvdXBzL3BzMTY1MC9wcm92aWRlcnMvTWljcm9zb2Z0LlNxbC9sb2NhdGlvbnMvc291dGhlYXN0YXNpYS9kYXRhYmFzZUF6dXJlQXN5bmNPcGVyYXRpb24vNmQxNmJlNDctNjY2Ni00NWQxLTgzMjYtMGI5Y2VkZjRhZWQ1P2FwaS12ZXJzaW9uPTIwMTktMDYtMDEtcHJldmlldw==",
      "RequestMethod": "GET",
      "RequestBody": "",
      "RequestHeaders": {
        "User-Agent": [
          "FxVersion/4.6.29130.01",
          "OSName/Windows",
          "OSVersion/Microsoft.Windows.10.0.14393.",
          "Microsoft.Azure.Management.Sql.SqlManagementClient/1.44.2.0"
        ]
      },
      "ResponseHeaders": {
        "Cache-Control": [
          "no-cache"
        ],
        "Pragma": [
          "no-cache"
        ],
        "Retry-After": [
          "15"
        ],
        "x-ms-request-id": [
          "f2e20d3c-57ec-446b-bce1-2d77f09a5fa9"
        ],
        "Server": [
          "Microsoft-HTTPAPI/2.0"
        ],
        "x-ms-ratelimit-remaining-subscription-reads": [
          "11986"
        ],
        "x-ms-correlation-request-id": [
          "135a0a6c-562b-417e-9934-e783fbe3ad4d"
        ],
        "x-ms-routing-request-id": [
          "WESTUS:20200913T163402Z:135a0a6c-562b-417e-9934-e783fbe3ad4d"
        ],
        "Strict-Transport-Security": [
          "max-age=31536000; includeSubDomains"
        ],
        "X-Content-Type-Options": [
          "nosniff"
        ],
        "Date": [
          "Sun, 13 Sep 2020 16:34:02 GMT"
        ],
        "Content-Length": [
          "106"
        ],
        "Content-Type": [
          "application/json; charset=utf-8"
        ],
        "Expires": [
          "-1"
        ]
      },
      "ResponseBody": "{\r\n  \"name\": \"6d16be47-6666-45d1-8326-0b9cedf4aed5\",\r\n  \"status\": \"Succeeded\",\r\n  \"startTime\": \"2020-09-13T16:33:16.36Z\"\r\n}",
      "StatusCode": 200
    },
    {
      "RequestUri": "/subscriptions/412b782d-2511-4c6d-98f2-3ea01b1c83c3/resourceGroups/ps1650/providers/Microsoft.Sql/locations/southeastasia/databaseAzureAsyncOperation/bf6da168-6c01-49b3-aa5e-b13a3d885c58?api-version=2019-06-01-preview",
      "EncodedRequestUri": "L3N1YnNjcmlwdGlvbnMvNDEyYjc4MmQtMjUxMS00YzZkLTk4ZjItM2VhMDFiMWM4M2MzL3Jlc291cmNlR3JvdXBzL3BzMTY1MC9wcm92aWRlcnMvTWljcm9zb2Z0LlNxbC9sb2NhdGlvbnMvc291dGhlYXN0YXNpYS9kYXRhYmFzZUF6dXJlQXN5bmNPcGVyYXRpb24vYmY2ZGExNjgtNmMwMS00OWIzLWFhNWUtYjEzYTNkODg1YzU4P2FwaS12ZXJzaW9uPTIwMTktMDYtMDEtcHJldmlldw==",
      "RequestMethod": "GET",
      "RequestBody": "",
      "RequestHeaders": {
        "User-Agent": [
          "FxVersion/4.6.29130.01",
          "OSName/Windows",
          "OSVersion/Microsoft.Windows.10.0.14393.",
          "Microsoft.Azure.Management.Sql.SqlManagementClient/1.44.2.0"
        ]
      },
      "ResponseHeaders": {
        "Cache-Control": [
          "no-cache"
        ],
        "Pragma": [
          "no-cache"
        ],
        "Retry-After": [
          "15"
        ],
        "x-ms-request-id": [
          "602fd31e-e5b3-4467-90ef-2814fc89418b"
        ],
        "Server": [
          "Microsoft-HTTPAPI/2.0"
        ],
        "x-ms-ratelimit-remaining-subscription-reads": [
          "11982"
        ],
        "x-ms-correlation-request-id": [
          "734401bf-2036-4e54-873b-0f08bb5f89f6"
        ],
        "x-ms-routing-request-id": [
          "WESTUS:20200913T163421Z:734401bf-2036-4e54-873b-0f08bb5f89f6"
        ],
        "Strict-Transport-Security": [
          "max-age=31536000; includeSubDomains"
        ],
        "X-Content-Type-Options": [
          "nosniff"
        ],
        "Date": [
          "Sun, 13 Sep 2020 16:34:20 GMT"
        ],
        "Content-Length": [
          "108"
        ],
        "Content-Type": [
          "application/json; charset=utf-8"
        ],
        "Expires": [
          "-1"
        ]
      },
      "ResponseBody": "{\r\n  \"name\": \"bf6da168-6c01-49b3-aa5e-b13a3d885c58\",\r\n  \"status\": \"InProgress\",\r\n  \"startTime\": \"2020-09-13T16:34:05.577Z\"\r\n}",
      "StatusCode": 200
    },
    {
      "RequestUri": "/subscriptions/412b782d-2511-4c6d-98f2-3ea01b1c83c3/resourceGroups/ps1650/providers/Microsoft.Sql/locations/southeastasia/databaseAzureAsyncOperation/bf6da168-6c01-49b3-aa5e-b13a3d885c58?api-version=2019-06-01-preview",
      "EncodedRequestUri": "L3N1YnNjcmlwdGlvbnMvNDEyYjc4MmQtMjUxMS00YzZkLTk4ZjItM2VhMDFiMWM4M2MzL3Jlc291cmNlR3JvdXBzL3BzMTY1MC9wcm92aWRlcnMvTWljcm9zb2Z0LlNxbC9sb2NhdGlvbnMvc291dGhlYXN0YXNpYS9kYXRhYmFzZUF6dXJlQXN5bmNPcGVyYXRpb24vYmY2ZGExNjgtNmMwMS00OWIzLWFhNWUtYjEzYTNkODg1YzU4P2FwaS12ZXJzaW9uPTIwMTktMDYtMDEtcHJldmlldw==",
      "RequestMethod": "GET",
      "RequestBody": "",
      "RequestHeaders": {
        "User-Agent": [
          "FxVersion/4.6.29130.01",
          "OSName/Windows",
          "OSVersion/Microsoft.Windows.10.0.14393.",
          "Microsoft.Azure.Management.Sql.SqlManagementClient/1.44.2.0"
        ]
      },
      "ResponseHeaders": {
        "Cache-Control": [
          "no-cache"
        ],
        "Pragma": [
          "no-cache"
        ],
        "Retry-After": [
          "15"
        ],
        "x-ms-request-id": [
          "b20ea515-ff52-433d-a8b2-5d91baf08363"
        ],
        "Server": [
          "Microsoft-HTTPAPI/2.0"
        ],
        "x-ms-ratelimit-remaining-subscription-reads": [
          "11981"
        ],
        "x-ms-correlation-request-id": [
          "7221ed21-d747-4349-800d-5aea75944454"
        ],
        "x-ms-routing-request-id": [
          "WESTUS:20200913T163436Z:7221ed21-d747-4349-800d-5aea75944454"
        ],
        "Strict-Transport-Security": [
          "max-age=31536000; includeSubDomains"
        ],
        "X-Content-Type-Options": [
          "nosniff"
        ],
        "Date": [
          "Sun, 13 Sep 2020 16:34:35 GMT"
        ],
        "Content-Length": [
          "108"
        ],
        "Content-Type": [
          "application/json; charset=utf-8"
        ],
        "Expires": [
          "-1"
        ]
      },
      "ResponseBody": "{\r\n  \"name\": \"bf6da168-6c01-49b3-aa5e-b13a3d885c58\",\r\n  \"status\": \"InProgress\",\r\n  \"startTime\": \"2020-09-13T16:34:05.577Z\"\r\n}",
      "StatusCode": 200
    },
    {
      "RequestUri": "/subscriptions/412b782d-2511-4c6d-98f2-3ea01b1c83c3/resourceGroups/ps1650/providers/Microsoft.Sql/locations/southeastasia/databaseAzureAsyncOperation/bf6da168-6c01-49b3-aa5e-b13a3d885c58?api-version=2019-06-01-preview",
      "EncodedRequestUri": "L3N1YnNjcmlwdGlvbnMvNDEyYjc4MmQtMjUxMS00YzZkLTk4ZjItM2VhMDFiMWM4M2MzL3Jlc291cmNlR3JvdXBzL3BzMTY1MC9wcm92aWRlcnMvTWljcm9zb2Z0LlNxbC9sb2NhdGlvbnMvc291dGhlYXN0YXNpYS9kYXRhYmFzZUF6dXJlQXN5bmNPcGVyYXRpb24vYmY2ZGExNjgtNmMwMS00OWIzLWFhNWUtYjEzYTNkODg1YzU4P2FwaS12ZXJzaW9uPTIwMTktMDYtMDEtcHJldmlldw==",
      "RequestMethod": "GET",
      "RequestBody": "",
      "RequestHeaders": {
        "User-Agent": [
          "FxVersion/4.6.29130.01",
          "OSName/Windows",
          "OSVersion/Microsoft.Windows.10.0.14393.",
          "Microsoft.Azure.Management.Sql.SqlManagementClient/1.44.2.0"
        ]
      },
      "ResponseHeaders": {
        "Cache-Control": [
          "no-cache"
        ],
        "Pragma": [
          "no-cache"
        ],
        "Retry-After": [
          "15"
        ],
        "x-ms-request-id": [
          "ea230964-e7b9-4cc8-9a5c-510c606d7e8f"
        ],
        "Server": [
          "Microsoft-HTTPAPI/2.0"
        ],
        "x-ms-ratelimit-remaining-subscription-reads": [
          "11980"
        ],
        "x-ms-correlation-request-id": [
          "c2f03021-2687-4ba2-8897-9e538ad4833c"
        ],
        "x-ms-routing-request-id": [
          "WESTUS:20200913T163451Z:c2f03021-2687-4ba2-8897-9e538ad4833c"
        ],
        "Strict-Transport-Security": [
          "max-age=31536000; includeSubDomains"
        ],
        "X-Content-Type-Options": [
          "nosniff"
        ],
        "Date": [
          "Sun, 13 Sep 2020 16:34:51 GMT"
        ],
        "Content-Length": [
          "107"
        ],
        "Content-Type": [
          "application/json; charset=utf-8"
        ],
        "Expires": [
          "-1"
        ]
      },
      "ResponseBody": "{\r\n  \"name\": \"bf6da168-6c01-49b3-aa5e-b13a3d885c58\",\r\n  \"status\": \"Succeeded\",\r\n  \"startTime\": \"2020-09-13T16:34:05.577Z\"\r\n}",
      "StatusCode": 200
    },
    {
      "RequestUri": "/subscriptions/412b782d-2511-4c6d-98f2-3ea01b1c83c3/resourceGroups/ps1650/providers/Microsoft.Sql/locations/southeastasia/databaseAzureAsyncOperation/93000144-dedc-4527-9f7f-1fb70dff204c?api-version=2019-06-01-preview",
      "EncodedRequestUri": "L3N1YnNjcmlwdGlvbnMvNDEyYjc4MmQtMjUxMS00YzZkLTk4ZjItM2VhMDFiMWM4M2MzL3Jlc291cmNlR3JvdXBzL3BzMTY1MC9wcm92aWRlcnMvTWljcm9zb2Z0LlNxbC9sb2NhdGlvbnMvc291dGhlYXN0YXNpYS9kYXRhYmFzZUF6dXJlQXN5bmNPcGVyYXRpb24vOTMwMDAxNDQtZGVkYy00NTI3LTlmN2YtMWZiNzBkZmYyMDRjP2FwaS12ZXJzaW9uPTIwMTktMDYtMDEtcHJldmlldw==",
      "RequestMethod": "GET",
      "RequestBody": "",
      "RequestHeaders": {
        "User-Agent": [
          "FxVersion/4.6.29130.01",
          "OSName/Windows",
          "OSVersion/Microsoft.Windows.10.0.14393.",
          "Microsoft.Azure.Management.Sql.SqlManagementClient/1.44.2.0"
        ]
      },
      "ResponseHeaders": {
        "Cache-Control": [
          "no-cache"
        ],
        "Pragma": [
          "no-cache"
        ],
        "Retry-After": [
          "15"
        ],
        "x-ms-request-id": [
          "af9c3096-db25-4bce-a39c-ce5b3be11d9d"
        ],
        "Server": [
          "Microsoft-HTTPAPI/2.0"
        ],
        "x-ms-ratelimit-remaining-subscription-reads": [
          "11976"
        ],
        "x-ms-correlation-request-id": [
          "8a2eaacb-3748-422a-b5a9-5dafe0d74929"
        ],
        "x-ms-routing-request-id": [
          "WESTUS:20200913T163508Z:8a2eaacb-3748-422a-b5a9-5dafe0d74929"
        ],
        "Strict-Transport-Security": [
          "max-age=31536000; includeSubDomains"
        ],
        "X-Content-Type-Options": [
          "nosniff"
        ],
        "Date": [
          "Sun, 13 Sep 2020 16:35:07 GMT"
        ],
        "Content-Length": [
          "108"
        ],
        "Content-Type": [
          "application/json; charset=utf-8"
        ],
        "Expires": [
          "-1"
        ]
      },
      "ResponseBody": "{\r\n  \"name\": \"93000144-dedc-4527-9f7f-1fb70dff204c\",\r\n  \"status\": \"InProgress\",\r\n  \"startTime\": \"2020-09-13T16:34:52.753Z\"\r\n}",
      "StatusCode": 200
    },
    {
      "RequestUri": "/subscriptions/412b782d-2511-4c6d-98f2-3ea01b1c83c3/resourceGroups/ps1650/providers/Microsoft.Sql/locations/southeastasia/databaseAzureAsyncOperation/93000144-dedc-4527-9f7f-1fb70dff204c?api-version=2019-06-01-preview",
      "EncodedRequestUri": "L3N1YnNjcmlwdGlvbnMvNDEyYjc4MmQtMjUxMS00YzZkLTk4ZjItM2VhMDFiMWM4M2MzL3Jlc291cmNlR3JvdXBzL3BzMTY1MC9wcm92aWRlcnMvTWljcm9zb2Z0LlNxbC9sb2NhdGlvbnMvc291dGhlYXN0YXNpYS9kYXRhYmFzZUF6dXJlQXN5bmNPcGVyYXRpb24vOTMwMDAxNDQtZGVkYy00NTI3LTlmN2YtMWZiNzBkZmYyMDRjP2FwaS12ZXJzaW9uPTIwMTktMDYtMDEtcHJldmlldw==",
      "RequestMethod": "GET",
      "RequestBody": "",
      "RequestHeaders": {
        "User-Agent": [
          "FxVersion/4.6.29130.01",
          "OSName/Windows",
          "OSVersion/Microsoft.Windows.10.0.14393.",
          "Microsoft.Azure.Management.Sql.SqlManagementClient/1.44.2.0"
        ]
      },
      "ResponseHeaders": {
        "Cache-Control": [
          "no-cache"
        ],
        "Pragma": [
          "no-cache"
        ],
        "Retry-After": [
          "15"
        ],
        "x-ms-request-id": [
          "0d828fca-6d10-4769-9958-914714d1a5b9"
        ],
        "Server": [
          "Microsoft-HTTPAPI/2.0"
        ],
        "x-ms-ratelimit-remaining-subscription-reads": [
          "11975"
        ],
        "x-ms-correlation-request-id": [
          "3e5d4d63-c7c4-41f2-ba6c-344cccaff5ee"
        ],
        "x-ms-routing-request-id": [
          "WESTUS:20200913T163523Z:3e5d4d63-c7c4-41f2-ba6c-344cccaff5ee"
        ],
        "Strict-Transport-Security": [
          "max-age=31536000; includeSubDomains"
        ],
        "X-Content-Type-Options": [
          "nosniff"
        ],
        "Date": [
          "Sun, 13 Sep 2020 16:35:22 GMT"
        ],
        "Content-Length": [
          "108"
        ],
        "Content-Type": [
          "application/json; charset=utf-8"
        ],
        "Expires": [
          "-1"
        ]
      },
      "ResponseBody": "{\r\n  \"name\": \"93000144-dedc-4527-9f7f-1fb70dff204c\",\r\n  \"status\": \"InProgress\",\r\n  \"startTime\": \"2020-09-13T16:34:52.753Z\"\r\n}",
      "StatusCode": 200
    },
    {
      "RequestUri": "/subscriptions/412b782d-2511-4c6d-98f2-3ea01b1c83c3/resourceGroups/ps1650/providers/Microsoft.Sql/locations/southeastasia/databaseAzureAsyncOperation/93000144-dedc-4527-9f7f-1fb70dff204c?api-version=2019-06-01-preview",
      "EncodedRequestUri": "L3N1YnNjcmlwdGlvbnMvNDEyYjc4MmQtMjUxMS00YzZkLTk4ZjItM2VhMDFiMWM4M2MzL3Jlc291cmNlR3JvdXBzL3BzMTY1MC9wcm92aWRlcnMvTWljcm9zb2Z0LlNxbC9sb2NhdGlvbnMvc291dGhlYXN0YXNpYS9kYXRhYmFzZUF6dXJlQXN5bmNPcGVyYXRpb24vOTMwMDAxNDQtZGVkYy00NTI3LTlmN2YtMWZiNzBkZmYyMDRjP2FwaS12ZXJzaW9uPTIwMTktMDYtMDEtcHJldmlldw==",
      "RequestMethod": "GET",
      "RequestBody": "",
      "RequestHeaders": {
        "User-Agent": [
          "FxVersion/4.6.29130.01",
          "OSName/Windows",
          "OSVersion/Microsoft.Windows.10.0.14393.",
          "Microsoft.Azure.Management.Sql.SqlManagementClient/1.44.2.0"
        ]
      },
      "ResponseHeaders": {
        "Cache-Control": [
          "no-cache"
        ],
        "Pragma": [
          "no-cache"
        ],
        "Retry-After": [
          "15"
        ],
        "x-ms-request-id": [
          "f2dc9f7e-d541-4321-a695-844da84b19f1"
        ],
        "Server": [
          "Microsoft-HTTPAPI/2.0"
        ],
        "x-ms-ratelimit-remaining-subscription-reads": [
          "11974"
        ],
        "x-ms-correlation-request-id": [
          "72d27c2e-22b5-4eb7-ae2b-be6e5bf57605"
        ],
        "x-ms-routing-request-id": [
          "WESTUS:20200913T163538Z:72d27c2e-22b5-4eb7-ae2b-be6e5bf57605"
        ],
        "Strict-Transport-Security": [
          "max-age=31536000; includeSubDomains"
        ],
        "X-Content-Type-Options": [
          "nosniff"
        ],
        "Date": [
          "Sun, 13 Sep 2020 16:35:37 GMT"
        ],
        "Content-Length": [
          "107"
        ],
        "Content-Type": [
          "application/json; charset=utf-8"
        ],
        "Expires": [
          "-1"
        ]
      },
      "ResponseBody": "{\r\n  \"name\": \"93000144-dedc-4527-9f7f-1fb70dff204c\",\r\n  \"status\": \"Succeeded\",\r\n  \"startTime\": \"2020-09-13T16:34:52.753Z\"\r\n}",
      "StatusCode": 200
    },
    {
      "RequestUri": "/subscriptions/412b782d-2511-4c6d-98f2-3ea01b1c83c3/resourceGroups/ps1650/providers/Microsoft.Sql/servers/ps888/databases/ps5269?api-version=2019-06-01-preview",
      "EncodedRequestUri": "L3N1YnNjcmlwdGlvbnMvNDEyYjc4MmQtMjUxMS00YzZkLTk4ZjItM2VhMDFiMWM4M2MzL3Jlc291cmNlR3JvdXBzL3BzMTY1MC9wcm92aWRlcnMvTWljcm9zb2Z0LlNxbC9zZXJ2ZXJzL3BzODg4L2RhdGFiYXNlcy9wczUyNjk/YXBpLXZlcnNpb249MjAxOS0wNi0wMS1wcmV2aWV3",
      "RequestMethod": "GET",
      "RequestBody": "",
      "RequestHeaders": {
        "x-ms-client-request-id": [
          "3c0a52d3-dbb0-4a02-bd19-c0a6a1b6b253"
        ],
        "Accept-Language": [
          "en-US"
        ],
        "User-Agent": [
          "FxVersion/4.6.29130.01",
          "OSName/Windows",
          "OSVersion/Microsoft.Windows.10.0.14393.",
          "Microsoft.Azure.Management.Sql.SqlManagementClient/1.44.2.0"
        ]
      },
      "ResponseHeaders": {
        "Cache-Control": [
          "no-cache"
        ],
        "Pragma": [
          "no-cache"
        ],
        "x-ms-failure-cause": [
          "gateway"
        ],
        "x-ms-request-id": [
          "7adf7836-6342-47a6-a884-ea3caf457081"
        ],
        "x-ms-correlation-request-id": [
          "7adf7836-6342-47a6-a884-ea3caf457081"
        ],
        "x-ms-routing-request-id": [
          "WESTUS:20200913T163539Z:7adf7836-6342-47a6-a884-ea3caf457081"
        ],
        "Strict-Transport-Security": [
          "max-age=31536000; includeSubDomains"
        ],
        "X-Content-Type-Options": [
          "nosniff"
        ],
        "Date": [
          "Sun, 13 Sep 2020 16:35:38 GMT"
        ],
        "Content-Type": [
          "application/json; charset=utf-8"
        ],
        "Expires": [
          "-1"
        ],
        "Content-Length": [
          "222"
        ]
      },
      "ResponseBody": "{\r\n  \"error\": {\r\n    \"code\": \"ResourceNotFound\",\r\n    \"message\": \"The Resource 'Microsoft.Sql/servers/ps888/databases/ps5269' under resource group 'ps1650' was not found. For more details please go to https://aka.ms/ARMResourceNotFoundFix\"\r\n  }\r\n}",
      "StatusCode": 404
    },
    {
      "RequestUri": "/subscriptions/412b782d-2511-4c6d-98f2-3ea01b1c83c3/resourceGroups/ps1650/providers/Microsoft.Sql/servers/ps888/databases/ps5269?api-version=2019-06-01-preview",
      "EncodedRequestUri": "L3N1YnNjcmlwdGlvbnMvNDEyYjc4MmQtMjUxMS00YzZkLTk4ZjItM2VhMDFiMWM4M2MzL3Jlc291cmNlR3JvdXBzL3BzMTY1MC9wcm92aWRlcnMvTWljcm9zb2Z0LlNxbC9zZXJ2ZXJzL3BzODg4L2RhdGFiYXNlcy9wczUyNjk/YXBpLXZlcnNpb249MjAxOS0wNi0wMS1wcmV2aWV3",
      "RequestMethod": "GET",
      "RequestBody": "",
      "RequestHeaders": {
        "User-Agent": [
          "FxVersion/4.6.29130.01",
          "OSName/Windows",
          "OSVersion/Microsoft.Windows.10.0.14393.",
          "Microsoft.Azure.Management.Sql.SqlManagementClient/1.44.2.0"
        ]
      },
      "ResponseHeaders": {
        "Cache-Control": [
          "no-cache"
        ],
        "Pragma": [
          "no-cache"
        ],
        "x-ms-request-id": [
          "8b4fde32-c51c-479f-a20f-67aa6766ffdf"
        ],
        "Server": [
          "Microsoft-HTTPAPI/2.0"
        ],
        "x-ms-ratelimit-remaining-subscription-reads": [
          "11963"
        ],
        "x-ms-correlation-request-id": [
          "fc56d215-f6d4-4b67-bf7f-c48057892e31"
        ],
        "x-ms-routing-request-id": [
          "WESTUS:20200913T163712Z:fc56d215-f6d4-4b67-bf7f-c48057892e31"
        ],
        "Strict-Transport-Security": [
          "max-age=31536000; includeSubDomains"
        ],
        "X-Content-Type-Options": [
          "nosniff"
        ],
        "Date": [
          "Sun, 13 Sep 2020 16:37:11 GMT"
        ],
        "Content-Length": [
          "834"
        ],
        "Content-Type": [
          "application/json; charset=utf-8"
        ],
        "Expires": [
          "-1"
        ]
      },
      "ResponseBody": "{\r\n  \"sku\": {\r\n    \"name\": \"DataWarehouse\",\r\n    \"tier\": \"DataWarehouse\",\r\n    \"capacity\": 750\r\n  },\r\n  \"kind\": \"v12.0,user,datawarehouse\",\r\n  \"properties\": {\r\n    \"collation\": \"SQL_Latin1_General_CP1_CI_AS\",\r\n    \"maxSizeBytes\": 268435456000,\r\n    \"status\": \"Online\",\r\n    \"databaseId\": \"cace53e9-6b40-46e7-8179-4f0a1523b9c3\",\r\n    \"creationDate\": \"2020-09-13T16:37:07.71Z\",\r\n    \"currentServiceObjectiveName\": \"DW100\",\r\n    \"requestedServiceObjectiveName\": \"DW100\",\r\n    \"defaultSecondaryLocation\": \"eastasia\",\r\n    \"catalogCollation\": \"SQL_Latin1_General_CP1_CI_AS\",\r\n    \"readScale\": \"Disabled\",\r\n    \"readReplicaCount\": 0,\r\n    \"currentSku\": {\r\n      \"name\": \"DataWarehouse\",\r\n      \"tier\": \"DataWarehouse\",\r\n      \"capacity\": 750\r\n    },\r\n    \"storageAccountType\": \"GRS\"\r\n  },\r\n  \"location\": \"southeastasia\",\r\n  \"id\": \"/subscriptions/412b782d-2511-4c6d-98f2-3ea01b1c83c3/resourceGroups/ps1650/providers/Microsoft.Sql/servers/ps888/databases/ps5269\",\r\n  \"name\": \"ps5269\",\r\n  \"type\": \"Microsoft.Sql/servers/databases\"\r\n}",
      "StatusCode": 200
    },
    {
      "RequestUri": "/subscriptions/412b782d-2511-4c6d-98f2-3ea01b1c83c3/resourceGroups/ps1650/providers/Microsoft.Sql/servers/ps888/databases/ps5269?api-version=2019-06-01-preview",
      "EncodedRequestUri": "L3N1YnNjcmlwdGlvbnMvNDEyYjc4MmQtMjUxMS00YzZkLTk4ZjItM2VhMDFiMWM4M2MzL3Jlc291cmNlR3JvdXBzL3BzMTY1MC9wcm92aWRlcnMvTWljcm9zb2Z0LlNxbC9zZXJ2ZXJzL3BzODg4L2RhdGFiYXNlcy9wczUyNjk/YXBpLXZlcnNpb249MjAxOS0wNi0wMS1wcmV2aWV3",
      "RequestMethod": "GET",
      "RequestBody": "",
      "RequestHeaders": {
        "x-ms-client-request-id": [
          "e2d3ce32-0ffd-42b9-a78e-c73349be2488"
        ],
        "Accept-Language": [
          "en-US"
        ],
        "User-Agent": [
          "FxVersion/4.6.29130.01",
          "OSName/Windows",
          "OSVersion/Microsoft.Windows.10.0.14393.",
          "Microsoft.Azure.Management.Sql.SqlManagementClient/1.44.2.0"
        ]
      },
      "ResponseHeaders": {
        "Cache-Control": [
          "no-cache"
        ],
        "Pragma": [
          "no-cache"
        ],
        "x-ms-request-id": [
          "262e3e34-23bb-40bf-b319-9e56a1bf1654"
        ],
        "Server": [
          "Microsoft-HTTPAPI/2.0"
        ],
        "x-ms-ratelimit-remaining-subscription-reads": [
          "11962"
        ],
        "x-ms-correlation-request-id": [
          "ac1b0d64-8e22-47e5-ad76-ddc1e4de25c1"
        ],
        "x-ms-routing-request-id": [
          "WESTUS:20200913T163712Z:ac1b0d64-8e22-47e5-ad76-ddc1e4de25c1"
        ],
        "Strict-Transport-Security": [
          "max-age=31536000; includeSubDomains"
        ],
        "X-Content-Type-Options": [
          "nosniff"
        ],
        "Date": [
          "Sun, 13 Sep 2020 16:37:12 GMT"
        ],
        "Content-Length": [
          "834"
        ],
        "Content-Type": [
          "application/json; charset=utf-8"
        ],
        "Expires": [
          "-1"
        ]
      },
      "ResponseBody": "{\r\n  \"sku\": {\r\n    \"name\": \"DataWarehouse\",\r\n    \"tier\": \"DataWarehouse\",\r\n    \"capacity\": 750\r\n  },\r\n  \"kind\": \"v12.0,user,datawarehouse\",\r\n  \"properties\": {\r\n    \"collation\": \"SQL_Latin1_General_CP1_CI_AS\",\r\n    \"maxSizeBytes\": 268435456000,\r\n    \"status\": \"Online\",\r\n    \"databaseId\": \"cace53e9-6b40-46e7-8179-4f0a1523b9c3\",\r\n    \"creationDate\": \"2020-09-13T16:37:07.71Z\",\r\n    \"currentServiceObjectiveName\": \"DW100\",\r\n    \"requestedServiceObjectiveName\": \"DW100\",\r\n    \"defaultSecondaryLocation\": \"eastasia\",\r\n    \"catalogCollation\": \"SQL_Latin1_General_CP1_CI_AS\",\r\n    \"readScale\": \"Disabled\",\r\n    \"readReplicaCount\": 0,\r\n    \"currentSku\": {\r\n      \"name\": \"DataWarehouse\",\r\n      \"tier\": \"DataWarehouse\",\r\n      \"capacity\": 750\r\n    },\r\n    \"storageAccountType\": \"GRS\"\r\n  },\r\n  \"location\": \"southeastasia\",\r\n  \"id\": \"/subscriptions/412b782d-2511-4c6d-98f2-3ea01b1c83c3/resourceGroups/ps1650/providers/Microsoft.Sql/servers/ps888/databases/ps5269\",\r\n  \"name\": \"ps5269\",\r\n  \"type\": \"Microsoft.Sql/servers/databases\"\r\n}",
      "StatusCode": 200
    },
    {
      "RequestUri": "/subscriptions/412b782d-2511-4c6d-98f2-3ea01b1c83c3/resourceGroups/ps1650/providers/Microsoft.Sql/servers/ps888/databases/ps5269?api-version=2019-06-01-preview",
      "EncodedRequestUri": "L3N1YnNjcmlwdGlvbnMvNDEyYjc4MmQtMjUxMS00YzZkLTk4ZjItM2VhMDFiMWM4M2MzL3Jlc291cmNlR3JvdXBzL3BzMTY1MC9wcm92aWRlcnMvTWljcm9zb2Z0LlNxbC9zZXJ2ZXJzL3BzODg4L2RhdGFiYXNlcy9wczUyNjk/YXBpLXZlcnNpb249MjAxOS0wNi0wMS1wcmV2aWV3",
      "RequestMethod": "GET",
      "RequestBody": "",
      "RequestHeaders": {
        "x-ms-client-request-id": [
          "25514b5d-8ffc-46b2-bb7a-c5345a073a0f"
        ],
        "Accept-Language": [
          "en-US"
        ],
        "User-Agent": [
          "FxVersion/4.6.29130.01",
          "OSName/Windows",
          "OSVersion/Microsoft.Windows.10.0.14393.",
          "Microsoft.Azure.Management.Sql.SqlManagementClient/1.44.2.0"
        ]
      },
      "ResponseHeaders": {
        "Cache-Control": [
          "no-cache"
        ],
        "Pragma": [
          "no-cache"
        ],
        "x-ms-request-id": [
          "a36c012b-740e-4f63-af1d-b7ea51120f58"
        ],
        "Server": [
          "Microsoft-HTTPAPI/2.0"
        ],
        "x-ms-ratelimit-remaining-subscription-reads": [
          "11961"
        ],
        "x-ms-correlation-request-id": [
          "086e0a21-6863-492a-bb20-7ce8b56834fb"
        ],
        "x-ms-routing-request-id": [
          "WESTUS:20200913T163712Z:086e0a21-6863-492a-bb20-7ce8b56834fb"
        ],
        "Strict-Transport-Security": [
          "max-age=31536000; includeSubDomains"
        ],
        "X-Content-Type-Options": [
          "nosniff"
        ],
        "Date": [
          "Sun, 13 Sep 2020 16:37:12 GMT"
        ],
        "Content-Length": [
          "834"
        ],
        "Content-Type": [
          "application/json; charset=utf-8"
        ],
        "Expires": [
          "-1"
        ]
      },
      "ResponseBody": "{\r\n  \"sku\": {\r\n    \"name\": \"DataWarehouse\",\r\n    \"tier\": \"DataWarehouse\",\r\n    \"capacity\": 750\r\n  },\r\n  \"kind\": \"v12.0,user,datawarehouse\",\r\n  \"properties\": {\r\n    \"collation\": \"SQL_Latin1_General_CP1_CI_AS\",\r\n    \"maxSizeBytes\": 268435456000,\r\n    \"status\": \"Online\",\r\n    \"databaseId\": \"cace53e9-6b40-46e7-8179-4f0a1523b9c3\",\r\n    \"creationDate\": \"2020-09-13T16:37:07.71Z\",\r\n    \"currentServiceObjectiveName\": \"DW100\",\r\n    \"requestedServiceObjectiveName\": \"DW100\",\r\n    \"defaultSecondaryLocation\": \"eastasia\",\r\n    \"catalogCollation\": \"SQL_Latin1_General_CP1_CI_AS\",\r\n    \"readScale\": \"Disabled\",\r\n    \"readReplicaCount\": 0,\r\n    \"currentSku\": {\r\n      \"name\": \"DataWarehouse\",\r\n      \"tier\": \"DataWarehouse\",\r\n      \"capacity\": 750\r\n    },\r\n    \"storageAccountType\": \"GRS\"\r\n  },\r\n  \"location\": \"southeastasia\",\r\n  \"id\": \"/subscriptions/412b782d-2511-4c6d-98f2-3ea01b1c83c3/resourceGroups/ps1650/providers/Microsoft.Sql/servers/ps888/databases/ps5269\",\r\n  \"name\": \"ps5269\",\r\n  \"type\": \"Microsoft.Sql/servers/databases\"\r\n}",
      "StatusCode": 200
    },
    {
      "RequestUri": "/subscriptions/412b782d-2511-4c6d-98f2-3ea01b1c83c3/resourceGroups/ps1650/providers/Microsoft.Sql/servers/ps888/databases/ps5269?api-version=2019-06-01-preview",
      "EncodedRequestUri": "L3N1YnNjcmlwdGlvbnMvNDEyYjc4MmQtMjUxMS00YzZkLTk4ZjItM2VhMDFiMWM4M2MzL3Jlc291cmNlR3JvdXBzL3BzMTY1MC9wcm92aWRlcnMvTWljcm9zb2Z0LlNxbC9zZXJ2ZXJzL3BzODg4L2RhdGFiYXNlcy9wczUyNjk/YXBpLXZlcnNpb249MjAxOS0wNi0wMS1wcmV2aWV3",
      "RequestMethod": "GET",
      "RequestBody": "",
      "RequestHeaders": {
        "User-Agent": [
          "FxVersion/4.6.29130.01",
          "OSName/Windows",
          "OSVersion/Microsoft.Windows.10.0.14393.",
          "Microsoft.Azure.Management.Sql.SqlManagementClient/1.44.2.0"
        ]
      },
      "ResponseHeaders": {
        "Cache-Control": [
          "no-cache"
        ],
        "Pragma": [
          "no-cache"
        ],
        "x-ms-request-id": [
          "9ea7ca00-fb2c-478e-88ab-4dbab4e006aa"
        ],
        "Server": [
          "Microsoft-HTTPAPI/2.0"
        ],
        "x-ms-ratelimit-remaining-subscription-reads": [
          "11951"
        ],
        "x-ms-correlation-request-id": [
          "bb9ae084-02a1-438b-8e10-0fc466fc6f49"
        ],
        "x-ms-routing-request-id": [
          "WESTUS:20200913T163930Z:bb9ae084-02a1-438b-8e10-0fc466fc6f49"
        ],
        "Strict-Transport-Security": [
          "max-age=31536000; includeSubDomains"
        ],
        "X-Content-Type-Options": [
          "nosniff"
        ],
        "Date": [
          "Sun, 13 Sep 2020 16:39:30 GMT"
        ],
        "Content-Length": [
          "836"
        ],
        "Content-Type": [
          "application/json; charset=utf-8"
        ],
        "Expires": [
          "-1"
        ]
      },
      "ResponseBody": "{\r\n  \"sku\": {\r\n    \"name\": \"DataWarehouse\",\r\n    \"tier\": \"DataWarehouse\",\r\n    \"capacity\": 1500\r\n  },\r\n  \"kind\": \"v12.0,user,datawarehouse\",\r\n  \"properties\": {\r\n    \"collation\": \"SQL_Latin1_General_CP1_CI_AS\",\r\n    \"maxSizeBytes\": 268435456000,\r\n    \"status\": \"Online\",\r\n    \"databaseId\": \"cace53e9-6b40-46e7-8179-4f0a1523b9c3\",\r\n    \"creationDate\": \"2020-09-13T16:37:07.71Z\",\r\n    \"currentServiceObjectiveName\": \"DW200\",\r\n    \"requestedServiceObjectiveName\": \"DW200\",\r\n    \"defaultSecondaryLocation\": \"eastasia\",\r\n    \"catalogCollation\": \"SQL_Latin1_General_CP1_CI_AS\",\r\n    \"readScale\": \"Disabled\",\r\n    \"readReplicaCount\": 0,\r\n    \"currentSku\": {\r\n      \"name\": \"DataWarehouse\",\r\n      \"tier\": \"DataWarehouse\",\r\n      \"capacity\": 1500\r\n    },\r\n    \"storageAccountType\": \"GRS\"\r\n  },\r\n  \"location\": \"southeastasia\",\r\n  \"id\": \"/subscriptions/412b782d-2511-4c6d-98f2-3ea01b1c83c3/resourceGroups/ps1650/providers/Microsoft.Sql/servers/ps888/databases/ps5269\",\r\n  \"name\": \"ps5269\",\r\n  \"type\": \"Microsoft.Sql/servers/databases\"\r\n}",
      "StatusCode": 200
    },
    {
      "RequestUri": "/subscriptions/412b782d-2511-4c6d-98f2-3ea01b1c83c3/resourceGroups/ps1650/providers/Microsoft.Sql/servers/ps888/databases/ps5269?api-version=2019-06-01-preview",
      "EncodedRequestUri": "L3N1YnNjcmlwdGlvbnMvNDEyYjc4MmQtMjUxMS00YzZkLTk4ZjItM2VhMDFiMWM4M2MzL3Jlc291cmNlR3JvdXBzL3BzMTY1MC9wcm92aWRlcnMvTWljcm9zb2Z0LlNxbC9zZXJ2ZXJzL3BzODg4L2RhdGFiYXNlcy9wczUyNjk/YXBpLXZlcnNpb249MjAxOS0wNi0wMS1wcmV2aWV3",
      "RequestMethod": "PUT",
      "RequestBody": "{\r\n  \"sku\": {\r\n    \"name\": \"DW100\",\r\n    \"tier\": \"DataWarehouse\"\r\n  },\r\n  \"properties\": {\r\n    \"collation\": \"SQL_Latin1_General_CP1_CI_AS\",\r\n    \"maxSizeBytes\": 268435456000,\r\n    \"readScale\": \"\"\r\n  },\r\n  \"location\": \"southeastasia\"\r\n}",
      "RequestHeaders": {
        "x-ms-client-request-id": [
          "83692a5f-9575-4cf9-97e6-e262aa66d766"
        ],
        "Accept-Language": [
          "en-US"
        ],
        "User-Agent": [
          "FxVersion/4.6.29130.01",
          "OSName/Windows",
          "OSVersion/Microsoft.Windows.10.0.14393.",
          "Microsoft.Azure.Management.Sql.SqlManagementClient/1.44.2.0"
        ],
        "Content-Type": [
          "application/json; charset=utf-8"
        ],
        "Content-Length": [
          "235"
        ]
      },
      "ResponseHeaders": {
        "Cache-Control": [
          "no-cache"
        ],
        "Pragma": [
          "no-cache"
        ],
        "Location": [
          "https://management.azure.com/subscriptions/412b782d-2511-4c6d-98f2-3ea01b1c83c3/resourceGroups/ps1650/providers/Microsoft.Sql/locations/southeastasia/databaseOperationResults/e7eb1108-65d2-4da1-9400-39f3133adf13?api-version=2019-06-01-preview"
        ],
        "Retry-After": [
          "15"
        ],
        "Azure-AsyncOperation": [
          "https://management.azure.com/subscriptions/412b782d-2511-4c6d-98f2-3ea01b1c83c3/resourceGroups/ps1650/providers/Microsoft.Sql/locations/southeastasia/databaseAzureAsyncOperation/e7eb1108-65d2-4da1-9400-39f3133adf13?api-version=2019-06-01-preview"
        ],
        "x-ms-request-id": [
          "e7eb1108-65d2-4da1-9400-39f3133adf13"
        ],
        "Server": [
          "Microsoft-HTTPAPI/2.0"
        ],
        "x-ms-ratelimit-remaining-subscription-writes": [
          "1195"
        ],
        "x-ms-correlation-request-id": [
          "aaa8807a-d601-43e2-9729-6e01203c31a1"
        ],
        "x-ms-routing-request-id": [
          "WESTUS:20200913T163540Z:aaa8807a-d601-43e2-9729-6e01203c31a1"
        ],
        "Strict-Transport-Security": [
          "max-age=31536000; includeSubDomains"
        ],
        "X-Content-Type-Options": [
          "nosniff"
        ],
        "Date": [
          "Sun, 13 Sep 2020 16:35:39 GMT"
        ],
        "Content-Length": [
          "75"
        ],
        "Content-Type": [
          "application/json; charset=utf-8"
        ],
        "Expires": [
          "-1"
        ]
      },
      "ResponseBody": "{\r\n  \"operation\": \"CreateLogicalDatabase\",\r\n  \"startTime\": \"2020-09-13T16:35:40.32Z\"\r\n}",
      "StatusCode": 202
    },
    {
      "RequestUri": "/subscriptions/412b782d-2511-4c6d-98f2-3ea01b1c83c3/resourceGroups/ps1650/providers/Microsoft.Sql/servers/ps888/databases/ps5269?api-version=2019-06-01-preview",
      "EncodedRequestUri": "L3N1YnNjcmlwdGlvbnMvNDEyYjc4MmQtMjUxMS00YzZkLTk4ZjItM2VhMDFiMWM4M2MzL3Jlc291cmNlR3JvdXBzL3BzMTY1MC9wcm92aWRlcnMvTWljcm9zb2Z0LlNxbC9zZXJ2ZXJzL3BzODg4L2RhdGFiYXNlcy9wczUyNjk/YXBpLXZlcnNpb249MjAxOS0wNi0wMS1wcmV2aWV3",
      "RequestMethod": "PUT",
      "RequestBody": "{\r\n  \"sku\": {\r\n    \"name\": \"DW200\",\r\n    \"tier\": \"DataWarehouse\"\r\n  },\r\n  \"properties\": {\r\n    \"maxSizeBytes\": 268435456000,\r\n    \"readScale\": \"Disabled\"\r\n  },\r\n  \"location\": \"southeastasia\"\r\n}",
      "RequestHeaders": {
        "x-ms-client-request-id": [
          "a846c442-3e2d-486b-898f-d4e8205068d1"
        ],
        "Accept-Language": [
          "en-US"
        ],
        "User-Agent": [
          "FxVersion/4.6.29130.01",
          "OSName/Windows",
          "OSVersion/Microsoft.Windows.10.0.14393.",
          "Microsoft.Azure.Management.Sql.SqlManagementClient/1.44.2.0"
        ],
        "Content-Type": [
          "application/json; charset=utf-8"
        ],
        "Content-Length": [
          "193"
        ]
      },
      "ResponseHeaders": {
        "Cache-Control": [
          "no-cache"
        ],
        "Pragma": [
          "no-cache"
        ],
        "Location": [
          "https://management.azure.com/subscriptions/412b782d-2511-4c6d-98f2-3ea01b1c83c3/resourceGroups/ps1650/providers/Microsoft.Sql/locations/southeastasia/databaseOperationResults/eb4c75ac-daf7-4b1b-850f-4df9dc155867?api-version=2019-06-01-preview"
        ],
        "Retry-After": [
          "15"
        ],
        "Azure-AsyncOperation": [
          "https://management.azure.com/subscriptions/412b782d-2511-4c6d-98f2-3ea01b1c83c3/resourceGroups/ps1650/providers/Microsoft.Sql/locations/southeastasia/databaseAzureAsyncOperation/eb4c75ac-daf7-4b1b-850f-4df9dc155867?api-version=2019-06-01-preview"
        ],
        "x-ms-request-id": [
          "eb4c75ac-daf7-4b1b-850f-4df9dc155867"
        ],
        "Server": [
          "Microsoft-HTTPAPI/2.0"
        ],
        "x-ms-ratelimit-remaining-subscription-writes": [
          "1194"
        ],
        "x-ms-correlation-request-id": [
          "cf29ee88-114d-49db-949e-77df83c6fa4e"
        ],
        "x-ms-routing-request-id": [
          "WESTUS:20200913T163713Z:cf29ee88-114d-49db-949e-77df83c6fa4e"
        ],
        "Strict-Transport-Security": [
          "max-age=31536000; includeSubDomains"
        ],
        "X-Content-Type-Options": [
          "nosniff"
        ],
        "Date": [
          "Sun, 13 Sep 2020 16:37:12 GMT"
        ],
        "Content-Length": [
          "75"
        ],
        "Content-Type": [
          "application/json; charset=utf-8"
        ],
        "Expires": [
          "-1"
        ]
      },
      "ResponseBody": "{\r\n  \"operation\": \"UpdateLogicalDatabase\",\r\n  \"startTime\": \"2020-09-13T16:37:13.04Z\"\r\n}",
      "StatusCode": 202
    },
    {
      "RequestUri": "/subscriptions/412b782d-2511-4c6d-98f2-3ea01b1c83c3/resourceGroups/ps1650/providers/Microsoft.Sql/locations/southeastasia/databaseAzureAsyncOperation/e7eb1108-65d2-4da1-9400-39f3133adf13?api-version=2019-06-01-preview",
      "EncodedRequestUri": "L3N1YnNjcmlwdGlvbnMvNDEyYjc4MmQtMjUxMS00YzZkLTk4ZjItM2VhMDFiMWM4M2MzL3Jlc291cmNlR3JvdXBzL3BzMTY1MC9wcm92aWRlcnMvTWljcm9zb2Z0LlNxbC9sb2NhdGlvbnMvc291dGhlYXN0YXNpYS9kYXRhYmFzZUF6dXJlQXN5bmNPcGVyYXRpb24vZTdlYjExMDgtNjVkMi00ZGExLTk0MDAtMzlmMzEzM2FkZjEzP2FwaS12ZXJzaW9uPTIwMTktMDYtMDEtcHJldmlldw==",
      "RequestMethod": "GET",
      "RequestBody": "",
      "RequestHeaders": {
        "User-Agent": [
          "FxVersion/4.6.29130.01",
          "OSName/Windows",
          "OSVersion/Microsoft.Windows.10.0.14393.",
          "Microsoft.Azure.Management.Sql.SqlManagementClient/1.44.2.0"
        ]
      },
      "ResponseHeaders": {
        "Cache-Control": [
          "no-cache"
        ],
        "Pragma": [
          "no-cache"
        ],
        "Retry-After": [
          "15"
        ],
        "x-ms-request-id": [
          "d7b3404c-753d-4c80-87b3-d3099c0b4ae5"
        ],
        "Server": [
          "Microsoft-HTTPAPI/2.0"
        ],
        "x-ms-ratelimit-remaining-subscription-reads": [
          "11969"
        ],
        "x-ms-correlation-request-id": [
          "f46c1f59-f73a-440a-ba94-176466ab4ba1"
        ],
        "x-ms-routing-request-id": [
          "WESTUS:20200913T163555Z:f46c1f59-f73a-440a-ba94-176466ab4ba1"
        ],
        "Strict-Transport-Security": [
          "max-age=31536000; includeSubDomains"
        ],
        "X-Content-Type-Options": [
          "nosniff"
        ],
        "Date": [
          "Sun, 13 Sep 2020 16:35:54 GMT"
        ],
        "Content-Length": [
          "107"
        ],
        "Content-Type": [
          "application/json; charset=utf-8"
        ],
        "Expires": [
          "-1"
        ]
      },
      "ResponseBody": "{\r\n  \"name\": \"e7eb1108-65d2-4da1-9400-39f3133adf13\",\r\n  \"status\": \"InProgress\",\r\n  \"startTime\": \"2020-09-13T16:35:40.32Z\"\r\n}",
      "StatusCode": 200
    },
    {
      "RequestUri": "/subscriptions/412b782d-2511-4c6d-98f2-3ea01b1c83c3/resourceGroups/ps1650/providers/Microsoft.Sql/locations/southeastasia/databaseAzureAsyncOperation/e7eb1108-65d2-4da1-9400-39f3133adf13?api-version=2019-06-01-preview",
      "EncodedRequestUri": "L3N1YnNjcmlwdGlvbnMvNDEyYjc4MmQtMjUxMS00YzZkLTk4ZjItM2VhMDFiMWM4M2MzL3Jlc291cmNlR3JvdXBzL3BzMTY1MC9wcm92aWRlcnMvTWljcm9zb2Z0LlNxbC9sb2NhdGlvbnMvc291dGhlYXN0YXNpYS9kYXRhYmFzZUF6dXJlQXN5bmNPcGVyYXRpb24vZTdlYjExMDgtNjVkMi00ZGExLTk0MDAtMzlmMzEzM2FkZjEzP2FwaS12ZXJzaW9uPTIwMTktMDYtMDEtcHJldmlldw==",
      "RequestMethod": "GET",
      "RequestBody": "",
      "RequestHeaders": {
        "User-Agent": [
          "FxVersion/4.6.29130.01",
          "OSName/Windows",
          "OSVersion/Microsoft.Windows.10.0.14393.",
          "Microsoft.Azure.Management.Sql.SqlManagementClient/1.44.2.0"
        ]
      },
      "ResponseHeaders": {
        "Cache-Control": [
          "no-cache"
        ],
        "Pragma": [
          "no-cache"
        ],
        "Retry-After": [
          "15"
        ],
        "x-ms-request-id": [
          "dcc8a06e-d188-4774-b46b-eeaf27151030"
        ],
        "Server": [
          "Microsoft-HTTPAPI/2.0"
        ],
        "x-ms-ratelimit-remaining-subscription-reads": [
          "11968"
        ],
        "x-ms-correlation-request-id": [
          "86b4123b-30f7-44d3-95af-f9c2f50cd27d"
        ],
        "x-ms-routing-request-id": [
          "WESTUS:20200913T163610Z:86b4123b-30f7-44d3-95af-f9c2f50cd27d"
        ],
        "Strict-Transport-Security": [
          "max-age=31536000; includeSubDomains"
        ],
        "X-Content-Type-Options": [
          "nosniff"
        ],
        "Date": [
          "Sun, 13 Sep 2020 16:36:10 GMT"
        ],
        "Content-Length": [
          "107"
        ],
        "Content-Type": [
          "application/json; charset=utf-8"
        ],
        "Expires": [
          "-1"
        ]
      },
      "ResponseBody": "{\r\n  \"name\": \"e7eb1108-65d2-4da1-9400-39f3133adf13\",\r\n  \"status\": \"InProgress\",\r\n  \"startTime\": \"2020-09-13T16:35:40.32Z\"\r\n}",
      "StatusCode": 200
    },
    {
      "RequestUri": "/subscriptions/412b782d-2511-4c6d-98f2-3ea01b1c83c3/resourceGroups/ps1650/providers/Microsoft.Sql/locations/southeastasia/databaseAzureAsyncOperation/e7eb1108-65d2-4da1-9400-39f3133adf13?api-version=2019-06-01-preview",
      "EncodedRequestUri": "L3N1YnNjcmlwdGlvbnMvNDEyYjc4MmQtMjUxMS00YzZkLTk4ZjItM2VhMDFiMWM4M2MzL3Jlc291cmNlR3JvdXBzL3BzMTY1MC9wcm92aWRlcnMvTWljcm9zb2Z0LlNxbC9sb2NhdGlvbnMvc291dGhlYXN0YXNpYS9kYXRhYmFzZUF6dXJlQXN5bmNPcGVyYXRpb24vZTdlYjExMDgtNjVkMi00ZGExLTk0MDAtMzlmMzEzM2FkZjEzP2FwaS12ZXJzaW9uPTIwMTktMDYtMDEtcHJldmlldw==",
      "RequestMethod": "GET",
      "RequestBody": "",
      "RequestHeaders": {
        "User-Agent": [
          "FxVersion/4.6.29130.01",
          "OSName/Windows",
          "OSVersion/Microsoft.Windows.10.0.14393.",
          "Microsoft.Azure.Management.Sql.SqlManagementClient/1.44.2.0"
        ]
      },
      "ResponseHeaders": {
        "Cache-Control": [
          "no-cache"
        ],
        "Pragma": [
          "no-cache"
        ],
        "Retry-After": [
          "15"
        ],
        "x-ms-request-id": [
          "171bf7b4-0e07-4e10-a5e4-761bcc2bb9a7"
        ],
        "Server": [
          "Microsoft-HTTPAPI/2.0"
        ],
        "x-ms-ratelimit-remaining-subscription-reads": [
          "11967"
        ],
        "x-ms-correlation-request-id": [
          "62620543-dae2-456a-b91a-340aa2cf38f7"
        ],
        "x-ms-routing-request-id": [
          "WESTUS:20200913T163626Z:62620543-dae2-456a-b91a-340aa2cf38f7"
        ],
        "Strict-Transport-Security": [
          "max-age=31536000; includeSubDomains"
        ],
        "X-Content-Type-Options": [
          "nosniff"
        ],
        "Date": [
          "Sun, 13 Sep 2020 16:36:26 GMT"
        ],
        "Content-Length": [
          "107"
        ],
        "Content-Type": [
          "application/json; charset=utf-8"
        ],
        "Expires": [
          "-1"
        ]
      },
      "ResponseBody": "{\r\n  \"name\": \"e7eb1108-65d2-4da1-9400-39f3133adf13\",\r\n  \"status\": \"InProgress\",\r\n  \"startTime\": \"2020-09-13T16:35:40.32Z\"\r\n}",
      "StatusCode": 200
    },
    {
      "RequestUri": "/subscriptions/412b782d-2511-4c6d-98f2-3ea01b1c83c3/resourceGroups/ps1650/providers/Microsoft.Sql/locations/southeastasia/databaseAzureAsyncOperation/e7eb1108-65d2-4da1-9400-39f3133adf13?api-version=2019-06-01-preview",
      "EncodedRequestUri": "L3N1YnNjcmlwdGlvbnMvNDEyYjc4MmQtMjUxMS00YzZkLTk4ZjItM2VhMDFiMWM4M2MzL3Jlc291cmNlR3JvdXBzL3BzMTY1MC9wcm92aWRlcnMvTWljcm9zb2Z0LlNxbC9sb2NhdGlvbnMvc291dGhlYXN0YXNpYS9kYXRhYmFzZUF6dXJlQXN5bmNPcGVyYXRpb24vZTdlYjExMDgtNjVkMi00ZGExLTk0MDAtMzlmMzEzM2FkZjEzP2FwaS12ZXJzaW9uPTIwMTktMDYtMDEtcHJldmlldw==",
      "RequestMethod": "GET",
      "RequestBody": "",
      "RequestHeaders": {
        "User-Agent": [
          "FxVersion/4.6.29130.01",
          "OSName/Windows",
          "OSVersion/Microsoft.Windows.10.0.14393.",
          "Microsoft.Azure.Management.Sql.SqlManagementClient/1.44.2.0"
        ]
      },
      "ResponseHeaders": {
        "Cache-Control": [
          "no-cache"
        ],
        "Pragma": [
          "no-cache"
        ],
        "Retry-After": [
          "15"
        ],
        "x-ms-request-id": [
          "3cee77ed-8d22-43b3-99d7-d11aa2ba5287"
        ],
        "Server": [
          "Microsoft-HTTPAPI/2.0"
        ],
        "x-ms-ratelimit-remaining-subscription-reads": [
          "11966"
        ],
        "x-ms-correlation-request-id": [
          "96578846-1fa1-442d-9c2b-b7a46b42bb05"
        ],
        "x-ms-routing-request-id": [
          "WESTUS:20200913T163641Z:96578846-1fa1-442d-9c2b-b7a46b42bb05"
        ],
        "Strict-Transport-Security": [
          "max-age=31536000; includeSubDomains"
        ],
        "X-Content-Type-Options": [
          "nosniff"
        ],
        "Date": [
          "Sun, 13 Sep 2020 16:36:41 GMT"
        ],
        "Content-Length": [
          "107"
        ],
        "Content-Type": [
          "application/json; charset=utf-8"
        ],
        "Expires": [
          "-1"
        ]
      },
      "ResponseBody": "{\r\n  \"name\": \"e7eb1108-65d2-4da1-9400-39f3133adf13\",\r\n  \"status\": \"InProgress\",\r\n  \"startTime\": \"2020-09-13T16:35:40.32Z\"\r\n}",
      "StatusCode": 200
    },
    {
      "RequestUri": "/subscriptions/412b782d-2511-4c6d-98f2-3ea01b1c83c3/resourceGroups/ps1650/providers/Microsoft.Sql/locations/southeastasia/databaseAzureAsyncOperation/e7eb1108-65d2-4da1-9400-39f3133adf13?api-version=2019-06-01-preview",
      "EncodedRequestUri": "L3N1YnNjcmlwdGlvbnMvNDEyYjc4MmQtMjUxMS00YzZkLTk4ZjItM2VhMDFiMWM4M2MzL3Jlc291cmNlR3JvdXBzL3BzMTY1MC9wcm92aWRlcnMvTWljcm9zb2Z0LlNxbC9sb2NhdGlvbnMvc291dGhlYXN0YXNpYS9kYXRhYmFzZUF6dXJlQXN5bmNPcGVyYXRpb24vZTdlYjExMDgtNjVkMi00ZGExLTk0MDAtMzlmMzEzM2FkZjEzP2FwaS12ZXJzaW9uPTIwMTktMDYtMDEtcHJldmlldw==",
      "RequestMethod": "GET",
      "RequestBody": "",
      "RequestHeaders": {
        "User-Agent": [
          "FxVersion/4.6.29130.01",
          "OSName/Windows",
          "OSVersion/Microsoft.Windows.10.0.14393.",
          "Microsoft.Azure.Management.Sql.SqlManagementClient/1.44.2.0"
        ]
      },
      "ResponseHeaders": {
        "Cache-Control": [
          "no-cache"
        ],
        "Pragma": [
          "no-cache"
        ],
        "Retry-After": [
          "15"
        ],
        "x-ms-request-id": [
          "91b84f65-f458-4f9c-a06e-9c6ae3ccadea"
        ],
        "Server": [
          "Microsoft-HTTPAPI/2.0"
        ],
        "x-ms-ratelimit-remaining-subscription-reads": [
          "11965"
        ],
        "x-ms-correlation-request-id": [
          "d29474a7-ce35-4eef-86a5-0ec8537d1e2b"
        ],
        "x-ms-routing-request-id": [
          "WESTUS:20200913T163656Z:d29474a7-ce35-4eef-86a5-0ec8537d1e2b"
        ],
        "Strict-Transport-Security": [
          "max-age=31536000; includeSubDomains"
        ],
        "X-Content-Type-Options": [
          "nosniff"
        ],
        "Date": [
          "Sun, 13 Sep 2020 16:36:56 GMT"
        ],
        "Content-Length": [
          "107"
        ],
        "Content-Type": [
          "application/json; charset=utf-8"
        ],
        "Expires": [
          "-1"
        ]
      },
      "ResponseBody": "{\r\n  \"name\": \"e7eb1108-65d2-4da1-9400-39f3133adf13\",\r\n  \"status\": \"InProgress\",\r\n  \"startTime\": \"2020-09-13T16:35:40.32Z\"\r\n}",
      "StatusCode": 200
    },
    {
      "RequestUri": "/subscriptions/412b782d-2511-4c6d-98f2-3ea01b1c83c3/resourceGroups/ps1650/providers/Microsoft.Sql/locations/southeastasia/databaseAzureAsyncOperation/e7eb1108-65d2-4da1-9400-39f3133adf13?api-version=2019-06-01-preview",
      "EncodedRequestUri": "L3N1YnNjcmlwdGlvbnMvNDEyYjc4MmQtMjUxMS00YzZkLTk4ZjItM2VhMDFiMWM4M2MzL3Jlc291cmNlR3JvdXBzL3BzMTY1MC9wcm92aWRlcnMvTWljcm9zb2Z0LlNxbC9sb2NhdGlvbnMvc291dGhlYXN0YXNpYS9kYXRhYmFzZUF6dXJlQXN5bmNPcGVyYXRpb24vZTdlYjExMDgtNjVkMi00ZGExLTk0MDAtMzlmMzEzM2FkZjEzP2FwaS12ZXJzaW9uPTIwMTktMDYtMDEtcHJldmlldw==",
      "RequestMethod": "GET",
      "RequestBody": "",
      "RequestHeaders": {
        "User-Agent": [
          "FxVersion/4.6.29130.01",
          "OSName/Windows",
          "OSVersion/Microsoft.Windows.10.0.14393.",
          "Microsoft.Azure.Management.Sql.SqlManagementClient/1.44.2.0"
        ]
      },
      "ResponseHeaders": {
        "Cache-Control": [
          "no-cache"
        ],
        "Pragma": [
          "no-cache"
        ],
        "Retry-After": [
          "15"
        ],
        "x-ms-request-id": [
          "7c8b7c6b-cc62-42df-b532-7159aabb7404"
        ],
        "Server": [
          "Microsoft-HTTPAPI/2.0"
        ],
        "x-ms-ratelimit-remaining-subscription-reads": [
          "11964"
        ],
        "x-ms-correlation-request-id": [
          "720af6ed-5a72-4d99-be68-892e763878cd"
        ],
        "x-ms-routing-request-id": [
          "WESTUS:20200913T163711Z:720af6ed-5a72-4d99-be68-892e763878cd"
        ],
        "Strict-Transport-Security": [
          "max-age=31536000; includeSubDomains"
        ],
        "X-Content-Type-Options": [
          "nosniff"
        ],
        "Date": [
          "Sun, 13 Sep 2020 16:37:11 GMT"
        ],
        "Content-Length": [
          "106"
        ],
        "Content-Type": [
          "application/json; charset=utf-8"
        ],
        "Expires": [
          "-1"
        ]
      },
      "ResponseBody": "{\r\n  \"name\": \"e7eb1108-65d2-4da1-9400-39f3133adf13\",\r\n  \"status\": \"Succeeded\",\r\n  \"startTime\": \"2020-09-13T16:35:40.32Z\"\r\n}",
      "StatusCode": 200
    },
    {
      "RequestUri": "/subscriptions/412b782d-2511-4c6d-98f2-3ea01b1c83c3/resourceGroups/ps1650/providers/Microsoft.Sql/locations/southeastasia/databaseAzureAsyncOperation/eb4c75ac-daf7-4b1b-850f-4df9dc155867?api-version=2019-06-01-preview",
      "EncodedRequestUri": "L3N1YnNjcmlwdGlvbnMvNDEyYjc4MmQtMjUxMS00YzZkLTk4ZjItM2VhMDFiMWM4M2MzL3Jlc291cmNlR3JvdXBzL3BzMTY1MC9wcm92aWRlcnMvTWljcm9zb2Z0LlNxbC9sb2NhdGlvbnMvc291dGhlYXN0YXNpYS9kYXRhYmFzZUF6dXJlQXN5bmNPcGVyYXRpb24vZWI0Yzc1YWMtZGFmNy00YjFiLTg1MGYtNGRmOWRjMTU1ODY3P2FwaS12ZXJzaW9uPTIwMTktMDYtMDEtcHJldmlldw==",
      "RequestMethod": "GET",
      "RequestBody": "",
      "RequestHeaders": {
        "User-Agent": [
          "FxVersion/4.6.29130.01",
          "OSName/Windows",
          "OSVersion/Microsoft.Windows.10.0.14393.",
          "Microsoft.Azure.Management.Sql.SqlManagementClient/1.44.2.0"
        ]
      },
      "ResponseHeaders": {
        "Cache-Control": [
          "no-cache"
        ],
        "Pragma": [
          "no-cache"
        ],
        "Retry-After": [
          "15"
        ],
        "x-ms-request-id": [
          "e261a1a5-c5ab-4bc3-ad7e-25d2a33fd7f6"
        ],
        "Server": [
          "Microsoft-HTTPAPI/2.0"
        ],
        "x-ms-ratelimit-remaining-subscription-reads": [
          "11960"
        ],
        "x-ms-correlation-request-id": [
          "fc74767f-c70d-40d7-8735-bfe8bf04c24d"
        ],
        "x-ms-routing-request-id": [
          "WESTUS:20200913T163728Z:fc74767f-c70d-40d7-8735-bfe8bf04c24d"
        ],
        "Strict-Transport-Security": [
          "max-age=31536000; includeSubDomains"
        ],
        "X-Content-Type-Options": [
          "nosniff"
        ],
        "Date": [
          "Sun, 13 Sep 2020 16:37:27 GMT"
        ],
        "Content-Length": [
          "107"
        ],
        "Content-Type": [
          "application/json; charset=utf-8"
        ],
        "Expires": [
          "-1"
        ]
      },
      "ResponseBody": "{\r\n  \"name\": \"eb4c75ac-daf7-4b1b-850f-4df9dc155867\",\r\n  \"status\": \"InProgress\",\r\n  \"startTime\": \"2020-09-13T16:37:13.04Z\"\r\n}",
      "StatusCode": 200
    },
    {
      "RequestUri": "/subscriptions/412b782d-2511-4c6d-98f2-3ea01b1c83c3/resourceGroups/ps1650/providers/Microsoft.Sql/locations/southeastasia/databaseAzureAsyncOperation/eb4c75ac-daf7-4b1b-850f-4df9dc155867?api-version=2019-06-01-preview",
      "EncodedRequestUri": "L3N1YnNjcmlwdGlvbnMvNDEyYjc4MmQtMjUxMS00YzZkLTk4ZjItM2VhMDFiMWM4M2MzL3Jlc291cmNlR3JvdXBzL3BzMTY1MC9wcm92aWRlcnMvTWljcm9zb2Z0LlNxbC9sb2NhdGlvbnMvc291dGhlYXN0YXNpYS9kYXRhYmFzZUF6dXJlQXN5bmNPcGVyYXRpb24vZWI0Yzc1YWMtZGFmNy00YjFiLTg1MGYtNGRmOWRjMTU1ODY3P2FwaS12ZXJzaW9uPTIwMTktMDYtMDEtcHJldmlldw==",
      "RequestMethod": "GET",
      "RequestBody": "",
      "RequestHeaders": {
        "User-Agent": [
          "FxVersion/4.6.29130.01",
          "OSName/Windows",
          "OSVersion/Microsoft.Windows.10.0.14393.",
          "Microsoft.Azure.Management.Sql.SqlManagementClient/1.44.2.0"
        ]
      },
      "ResponseHeaders": {
        "Cache-Control": [
          "no-cache"
        ],
        "Pragma": [
          "no-cache"
        ],
        "Retry-After": [
          "15"
        ],
        "x-ms-request-id": [
          "2ebaab36-e37e-4a88-af6f-3564b19cf7f9"
        ],
        "Server": [
          "Microsoft-HTTPAPI/2.0"
        ],
        "x-ms-ratelimit-remaining-subscription-reads": [
          "11959"
        ],
        "x-ms-correlation-request-id": [
          "41bf8eac-1a18-4c85-bb4f-fa052eb50824"
        ],
        "x-ms-routing-request-id": [
          "WESTUS:20200913T163743Z:41bf8eac-1a18-4c85-bb4f-fa052eb50824"
        ],
        "Strict-Transport-Security": [
          "max-age=31536000; includeSubDomains"
        ],
        "X-Content-Type-Options": [
          "nosniff"
        ],
        "Date": [
          "Sun, 13 Sep 2020 16:37:42 GMT"
        ],
        "Content-Length": [
          "107"
        ],
        "Content-Type": [
          "application/json; charset=utf-8"
        ],
        "Expires": [
          "-1"
        ]
      },
      "ResponseBody": "{\r\n  \"name\": \"eb4c75ac-daf7-4b1b-850f-4df9dc155867\",\r\n  \"status\": \"InProgress\",\r\n  \"startTime\": \"2020-09-13T16:37:13.04Z\"\r\n}",
      "StatusCode": 200
    },
    {
      "RequestUri": "/subscriptions/412b782d-2511-4c6d-98f2-3ea01b1c83c3/resourceGroups/ps1650/providers/Microsoft.Sql/locations/southeastasia/databaseAzureAsyncOperation/eb4c75ac-daf7-4b1b-850f-4df9dc155867?api-version=2019-06-01-preview",
      "EncodedRequestUri": "L3N1YnNjcmlwdGlvbnMvNDEyYjc4MmQtMjUxMS00YzZkLTk4ZjItM2VhMDFiMWM4M2MzL3Jlc291cmNlR3JvdXBzL3BzMTY1MC9wcm92aWRlcnMvTWljcm9zb2Z0LlNxbC9sb2NhdGlvbnMvc291dGhlYXN0YXNpYS9kYXRhYmFzZUF6dXJlQXN5bmNPcGVyYXRpb24vZWI0Yzc1YWMtZGFmNy00YjFiLTg1MGYtNGRmOWRjMTU1ODY3P2FwaS12ZXJzaW9uPTIwMTktMDYtMDEtcHJldmlldw==",
      "RequestMethod": "GET",
      "RequestBody": "",
      "RequestHeaders": {
        "User-Agent": [
          "FxVersion/4.6.29130.01",
          "OSName/Windows",
          "OSVersion/Microsoft.Windows.10.0.14393.",
          "Microsoft.Azure.Management.Sql.SqlManagementClient/1.44.2.0"
        ]
      },
      "ResponseHeaders": {
        "Cache-Control": [
          "no-cache"
        ],
        "Pragma": [
          "no-cache"
        ],
        "Retry-After": [
          "15"
        ],
        "x-ms-request-id": [
          "87a0827b-cb86-45f6-a497-885852a92e6c"
        ],
        "Server": [
          "Microsoft-HTTPAPI/2.0"
        ],
        "x-ms-ratelimit-remaining-subscription-reads": [
          "11958"
        ],
        "x-ms-correlation-request-id": [
          "91f89bc0-4a5e-4682-ad5c-381c9a2cd825"
        ],
        "x-ms-routing-request-id": [
          "WESTUS:20200913T163758Z:91f89bc0-4a5e-4682-ad5c-381c9a2cd825"
        ],
        "Strict-Transport-Security": [
          "max-age=31536000; includeSubDomains"
        ],
        "X-Content-Type-Options": [
          "nosniff"
        ],
        "Date": [
          "Sun, 13 Sep 2020 16:37:58 GMT"
        ],
        "Content-Length": [
          "107"
        ],
        "Content-Type": [
          "application/json; charset=utf-8"
        ],
        "Expires": [
          "-1"
        ]
      },
      "ResponseBody": "{\r\n  \"name\": \"eb4c75ac-daf7-4b1b-850f-4df9dc155867\",\r\n  \"status\": \"InProgress\",\r\n  \"startTime\": \"2020-09-13T16:37:13.04Z\"\r\n}",
      "StatusCode": 200
    },
    {
      "RequestUri": "/subscriptions/412b782d-2511-4c6d-98f2-3ea01b1c83c3/resourceGroups/ps1650/providers/Microsoft.Sql/locations/southeastasia/databaseAzureAsyncOperation/eb4c75ac-daf7-4b1b-850f-4df9dc155867?api-version=2019-06-01-preview",
      "EncodedRequestUri": "L3N1YnNjcmlwdGlvbnMvNDEyYjc4MmQtMjUxMS00YzZkLTk4ZjItM2VhMDFiMWM4M2MzL3Jlc291cmNlR3JvdXBzL3BzMTY1MC9wcm92aWRlcnMvTWljcm9zb2Z0LlNxbC9sb2NhdGlvbnMvc291dGhlYXN0YXNpYS9kYXRhYmFzZUF6dXJlQXN5bmNPcGVyYXRpb24vZWI0Yzc1YWMtZGFmNy00YjFiLTg1MGYtNGRmOWRjMTU1ODY3P2FwaS12ZXJzaW9uPTIwMTktMDYtMDEtcHJldmlldw==",
      "RequestMethod": "GET",
      "RequestBody": "",
      "RequestHeaders": {
        "User-Agent": [
          "FxVersion/4.6.29130.01",
          "OSName/Windows",
          "OSVersion/Microsoft.Windows.10.0.14393.",
          "Microsoft.Azure.Management.Sql.SqlManagementClient/1.44.2.0"
        ]
      },
      "ResponseHeaders": {
        "Cache-Control": [
          "no-cache"
        ],
        "Pragma": [
          "no-cache"
        ],
        "Retry-After": [
          "15"
        ],
        "x-ms-request-id": [
          "0be88179-b0be-4020-810b-a0469dc88161"
        ],
        "Server": [
          "Microsoft-HTTPAPI/2.0"
        ],
        "x-ms-ratelimit-remaining-subscription-reads": [
          "11957"
        ],
        "x-ms-correlation-request-id": [
          "2a20f29b-3b27-4f45-ac82-de9afd9715ba"
        ],
        "x-ms-routing-request-id": [
          "WESTUS:20200913T163814Z:2a20f29b-3b27-4f45-ac82-de9afd9715ba"
        ],
        "Strict-Transport-Security": [
          "max-age=31536000; includeSubDomains"
        ],
        "X-Content-Type-Options": [
          "nosniff"
        ],
        "Date": [
          "Sun, 13 Sep 2020 16:38:13 GMT"
        ],
        "Content-Length": [
          "107"
        ],
        "Content-Type": [
          "application/json; charset=utf-8"
        ],
        "Expires": [
          "-1"
        ]
      },
      "ResponseBody": "{\r\n  \"name\": \"eb4c75ac-daf7-4b1b-850f-4df9dc155867\",\r\n  \"status\": \"InProgress\",\r\n  \"startTime\": \"2020-09-13T16:37:13.04Z\"\r\n}",
      "StatusCode": 200
    },
    {
      "RequestUri": "/subscriptions/412b782d-2511-4c6d-98f2-3ea01b1c83c3/resourceGroups/ps1650/providers/Microsoft.Sql/locations/southeastasia/databaseAzureAsyncOperation/eb4c75ac-daf7-4b1b-850f-4df9dc155867?api-version=2019-06-01-preview",
      "EncodedRequestUri": "L3N1YnNjcmlwdGlvbnMvNDEyYjc4MmQtMjUxMS00YzZkLTk4ZjItM2VhMDFiMWM4M2MzL3Jlc291cmNlR3JvdXBzL3BzMTY1MC9wcm92aWRlcnMvTWljcm9zb2Z0LlNxbC9sb2NhdGlvbnMvc291dGhlYXN0YXNpYS9kYXRhYmFzZUF6dXJlQXN5bmNPcGVyYXRpb24vZWI0Yzc1YWMtZGFmNy00YjFiLTg1MGYtNGRmOWRjMTU1ODY3P2FwaS12ZXJzaW9uPTIwMTktMDYtMDEtcHJldmlldw==",
      "RequestMethod": "GET",
      "RequestBody": "",
      "RequestHeaders": {
        "User-Agent": [
          "FxVersion/4.6.29130.01",
          "OSName/Windows",
          "OSVersion/Microsoft.Windows.10.0.14393.",
          "Microsoft.Azure.Management.Sql.SqlManagementClient/1.44.2.0"
        ]
      },
      "ResponseHeaders": {
        "Cache-Control": [
          "no-cache"
        ],
        "Pragma": [
          "no-cache"
        ],
        "Retry-After": [
          "15"
        ],
        "x-ms-request-id": [
          "827c6990-d299-4277-bcfe-4b68b128edc4"
        ],
        "Server": [
          "Microsoft-HTTPAPI/2.0"
        ],
        "x-ms-ratelimit-remaining-subscription-reads": [
          "11956"
        ],
        "x-ms-correlation-request-id": [
          "28dfed56-35ba-4a59-8a6e-71a6d505129c"
        ],
        "x-ms-routing-request-id": [
          "WESTUS:20200913T163829Z:28dfed56-35ba-4a59-8a6e-71a6d505129c"
        ],
        "Strict-Transport-Security": [
          "max-age=31536000; includeSubDomains"
        ],
        "X-Content-Type-Options": [
          "nosniff"
        ],
        "Date": [
          "Sun, 13 Sep 2020 16:38:28 GMT"
        ],
        "Content-Length": [
          "107"
        ],
        "Content-Type": [
          "application/json; charset=utf-8"
        ],
        "Expires": [
          "-1"
        ]
      },
      "ResponseBody": "{\r\n  \"name\": \"eb4c75ac-daf7-4b1b-850f-4df9dc155867\",\r\n  \"status\": \"InProgress\",\r\n  \"startTime\": \"2020-09-13T16:37:13.04Z\"\r\n}",
      "StatusCode": 200
    },
    {
      "RequestUri": "/subscriptions/412b782d-2511-4c6d-98f2-3ea01b1c83c3/resourceGroups/ps1650/providers/Microsoft.Sql/locations/southeastasia/databaseAzureAsyncOperation/eb4c75ac-daf7-4b1b-850f-4df9dc155867?api-version=2019-06-01-preview",
      "EncodedRequestUri": "L3N1YnNjcmlwdGlvbnMvNDEyYjc4MmQtMjUxMS00YzZkLTk4ZjItM2VhMDFiMWM4M2MzL3Jlc291cmNlR3JvdXBzL3BzMTY1MC9wcm92aWRlcnMvTWljcm9zb2Z0LlNxbC9sb2NhdGlvbnMvc291dGhlYXN0YXNpYS9kYXRhYmFzZUF6dXJlQXN5bmNPcGVyYXRpb24vZWI0Yzc1YWMtZGFmNy00YjFiLTg1MGYtNGRmOWRjMTU1ODY3P2FwaS12ZXJzaW9uPTIwMTktMDYtMDEtcHJldmlldw==",
      "RequestMethod": "GET",
      "RequestBody": "",
      "RequestHeaders": {
        "User-Agent": [
          "FxVersion/4.6.29130.01",
          "OSName/Windows",
          "OSVersion/Microsoft.Windows.10.0.14393.",
          "Microsoft.Azure.Management.Sql.SqlManagementClient/1.44.2.0"
        ]
      },
      "ResponseHeaders": {
        "Cache-Control": [
          "no-cache"
        ],
        "Pragma": [
          "no-cache"
        ],
        "Retry-After": [
          "15"
        ],
        "x-ms-request-id": [
          "2bca983a-4580-4011-b201-7db1ee1fba8c"
        ],
        "Server": [
          "Microsoft-HTTPAPI/2.0"
        ],
        "x-ms-ratelimit-remaining-subscription-reads": [
          "11955"
        ],
        "x-ms-correlation-request-id": [
          "574819ac-9a72-4511-acaa-e0d216e36637"
        ],
        "x-ms-routing-request-id": [
          "WESTUS:20200913T163844Z:574819ac-9a72-4511-acaa-e0d216e36637"
        ],
        "Strict-Transport-Security": [
          "max-age=31536000; includeSubDomains"
        ],
        "X-Content-Type-Options": [
          "nosniff"
        ],
        "Date": [
          "Sun, 13 Sep 2020 16:38:44 GMT"
        ],
        "Content-Length": [
          "107"
        ],
        "Content-Type": [
          "application/json; charset=utf-8"
        ],
        "Expires": [
          "-1"
        ]
      },
      "ResponseBody": "{\r\n  \"name\": \"eb4c75ac-daf7-4b1b-850f-4df9dc155867\",\r\n  \"status\": \"InProgress\",\r\n  \"startTime\": \"2020-09-13T16:37:13.04Z\"\r\n}",
      "StatusCode": 200
    },
    {
      "RequestUri": "/subscriptions/412b782d-2511-4c6d-98f2-3ea01b1c83c3/resourceGroups/ps1650/providers/Microsoft.Sql/locations/southeastasia/databaseAzureAsyncOperation/eb4c75ac-daf7-4b1b-850f-4df9dc155867?api-version=2019-06-01-preview",
      "EncodedRequestUri": "L3N1YnNjcmlwdGlvbnMvNDEyYjc4MmQtMjUxMS00YzZkLTk4ZjItM2VhMDFiMWM4M2MzL3Jlc291cmNlR3JvdXBzL3BzMTY1MC9wcm92aWRlcnMvTWljcm9zb2Z0LlNxbC9sb2NhdGlvbnMvc291dGhlYXN0YXNpYS9kYXRhYmFzZUF6dXJlQXN5bmNPcGVyYXRpb24vZWI0Yzc1YWMtZGFmNy00YjFiLTg1MGYtNGRmOWRjMTU1ODY3P2FwaS12ZXJzaW9uPTIwMTktMDYtMDEtcHJldmlldw==",
      "RequestMethod": "GET",
      "RequestBody": "",
      "RequestHeaders": {
        "User-Agent": [
          "FxVersion/4.6.29130.01",
          "OSName/Windows",
          "OSVersion/Microsoft.Windows.10.0.14393.",
          "Microsoft.Azure.Management.Sql.SqlManagementClient/1.44.2.0"
        ]
      },
      "ResponseHeaders": {
        "Cache-Control": [
          "no-cache"
        ],
        "Pragma": [
          "no-cache"
        ],
        "Retry-After": [
          "15"
        ],
        "x-ms-request-id": [
          "76a93919-328a-4463-98ca-0f838a0c99a3"
        ],
        "Server": [
          "Microsoft-HTTPAPI/2.0"
        ],
        "x-ms-ratelimit-remaining-subscription-reads": [
          "11954"
        ],
        "x-ms-correlation-request-id": [
          "8ec878aa-1393-470c-bb83-d448c93fd327"
        ],
        "x-ms-routing-request-id": [
          "WESTUS:20200913T163859Z:8ec878aa-1393-470c-bb83-d448c93fd327"
        ],
        "Strict-Transport-Security": [
          "max-age=31536000; includeSubDomains"
        ],
        "X-Content-Type-Options": [
          "nosniff"
        ],
        "Date": [
          "Sun, 13 Sep 2020 16:38:59 GMT"
        ],
        "Content-Length": [
          "107"
        ],
        "Content-Type": [
          "application/json; charset=utf-8"
        ],
        "Expires": [
          "-1"
        ]
      },
      "ResponseBody": "{\r\n  \"name\": \"eb4c75ac-daf7-4b1b-850f-4df9dc155867\",\r\n  \"status\": \"InProgress\",\r\n  \"startTime\": \"2020-09-13T16:37:13.04Z\"\r\n}",
      "StatusCode": 200
    },
    {
      "RequestUri": "/subscriptions/412b782d-2511-4c6d-98f2-3ea01b1c83c3/resourceGroups/ps1650/providers/Microsoft.Sql/locations/southeastasia/databaseAzureAsyncOperation/eb4c75ac-daf7-4b1b-850f-4df9dc155867?api-version=2019-06-01-preview",
      "EncodedRequestUri": "L3N1YnNjcmlwdGlvbnMvNDEyYjc4MmQtMjUxMS00YzZkLTk4ZjItM2VhMDFiMWM4M2MzL3Jlc291cmNlR3JvdXBzL3BzMTY1MC9wcm92aWRlcnMvTWljcm9zb2Z0LlNxbC9sb2NhdGlvbnMvc291dGhlYXN0YXNpYS9kYXRhYmFzZUF6dXJlQXN5bmNPcGVyYXRpb24vZWI0Yzc1YWMtZGFmNy00YjFiLTg1MGYtNGRmOWRjMTU1ODY3P2FwaS12ZXJzaW9uPTIwMTktMDYtMDEtcHJldmlldw==",
      "RequestMethod": "GET",
      "RequestBody": "",
      "RequestHeaders": {
        "User-Agent": [
          "FxVersion/4.6.29130.01",
          "OSName/Windows",
          "OSVersion/Microsoft.Windows.10.0.14393.",
          "Microsoft.Azure.Management.Sql.SqlManagementClient/1.44.2.0"
        ]
      },
      "ResponseHeaders": {
        "Cache-Control": [
          "no-cache"
        ],
        "Pragma": [
          "no-cache"
        ],
        "Retry-After": [
          "15"
        ],
        "x-ms-request-id": [
          "044b78ee-d971-4257-92dd-44a4270cb489"
        ],
        "x-ms-ratelimit-remaining-subscription-reads": [
          "11953"
        ],
        "Server": [
          "Microsoft-HTTPAPI/2.0"
        ],
        "x-ms-correlation-request-id": [
          "98f47843-e20a-43b0-bac9-c0e2839b5b54"
        ],
        "x-ms-routing-request-id": [
          "WESTUS:20200913T163915Z:98f47843-e20a-43b0-bac9-c0e2839b5b54"
        ],
        "Strict-Transport-Security": [
          "max-age=31536000; includeSubDomains"
        ],
        "X-Content-Type-Options": [
          "nosniff"
        ],
        "Date": [
          "Sun, 13 Sep 2020 16:39:14 GMT"
        ],
        "Content-Length": [
          "107"
        ],
        "Content-Type": [
          "application/json; charset=utf-8"
        ],
        "Expires": [
          "-1"
        ]
      },
      "ResponseBody": "{\r\n  \"name\": \"eb4c75ac-daf7-4b1b-850f-4df9dc155867\",\r\n  \"status\": \"InProgress\",\r\n  \"startTime\": \"2020-09-13T16:37:13.04Z\"\r\n}",
      "StatusCode": 200
    },
    {
      "RequestUri": "/subscriptions/412b782d-2511-4c6d-98f2-3ea01b1c83c3/resourceGroups/ps1650/providers/Microsoft.Sql/locations/southeastasia/databaseAzureAsyncOperation/eb4c75ac-daf7-4b1b-850f-4df9dc155867?api-version=2019-06-01-preview",
      "EncodedRequestUri": "L3N1YnNjcmlwdGlvbnMvNDEyYjc4MmQtMjUxMS00YzZkLTk4ZjItM2VhMDFiMWM4M2MzL3Jlc291cmNlR3JvdXBzL3BzMTY1MC9wcm92aWRlcnMvTWljcm9zb2Z0LlNxbC9sb2NhdGlvbnMvc291dGhlYXN0YXNpYS9kYXRhYmFzZUF6dXJlQXN5bmNPcGVyYXRpb24vZWI0Yzc1YWMtZGFmNy00YjFiLTg1MGYtNGRmOWRjMTU1ODY3P2FwaS12ZXJzaW9uPTIwMTktMDYtMDEtcHJldmlldw==",
      "RequestMethod": "GET",
      "RequestBody": "",
      "RequestHeaders": {
        "User-Agent": [
          "FxVersion/4.6.29130.01",
          "OSName/Windows",
          "OSVersion/Microsoft.Windows.10.0.14393.",
          "Microsoft.Azure.Management.Sql.SqlManagementClient/1.44.2.0"
        ]
      },
      "ResponseHeaders": {
        "Cache-Control": [
          "no-cache"
        ],
        "Pragma": [
          "no-cache"
        ],
        "Retry-After": [
          "15"
        ],
        "x-ms-request-id": [
          "033677af-9093-42de-82b9-763361450c88"
        ],
        "Server": [
          "Microsoft-HTTPAPI/2.0"
        ],
        "x-ms-ratelimit-remaining-subscription-reads": [
          "11952"
        ],
        "x-ms-correlation-request-id": [
          "39eeb6b1-50f6-4f70-a46e-f915c159ec1f"
        ],
        "x-ms-routing-request-id": [
          "WESTUS:20200913T163930Z:39eeb6b1-50f6-4f70-a46e-f915c159ec1f"
        ],
        "Strict-Transport-Security": [
          "max-age=31536000; includeSubDomains"
        ],
        "X-Content-Type-Options": [
          "nosniff"
        ],
        "Date": [
          "Sun, 13 Sep 2020 16:39:30 GMT"
        ],
        "Content-Length": [
          "106"
        ],
        "Content-Type": [
          "application/json; charset=utf-8"
        ],
        "Expires": [
          "-1"
        ]
      },
      "ResponseBody": "{\r\n  \"name\": \"eb4c75ac-daf7-4b1b-850f-4df9dc155867\",\r\n  \"status\": \"Succeeded\",\r\n  \"startTime\": \"2020-09-13T16:37:13.04Z\"\r\n}",
      "StatusCode": 200
    },
    {
      "RequestUri": "/subscriptions/412b782d-2511-4c6d-98f2-3ea01b1c83c3/resourcegroups/ps1650?api-version=2016-09-01",
      "EncodedRequestUri": "L3N1YnNjcmlwdGlvbnMvNDEyYjc4MmQtMjUxMS00YzZkLTk4ZjItM2VhMDFiMWM4M2MzL3Jlc291cmNlZ3JvdXBzL3BzMTY1MD9hcGktdmVyc2lvbj0yMDE2LTA5LTAx",
      "RequestMethod": "DELETE",
      "RequestBody": "",
      "RequestHeaders": {
        "x-ms-client-request-id": [
          "fcba65c4-b0bb-40d6-bdb4-07f5a0b6833b"
        ],
        "Accept-Language": [
          "en-US"
        ],
        "User-Agent": [
          "FxVersion/4.6.29130.01",
          "OSName/Windows",
          "OSVersion/Microsoft.Windows.10.0.14393.",
          "Microsoft.Azure.Management.Internal.Resources.ResourceManagementClient/1.3.23"
        ]
      },
      "ResponseHeaders": {
        "Cache-Control": [
          "no-cache"
        ],
        "Pragma": [
          "no-cache"
        ],
        "Location": [
          "https://management.azure.com/subscriptions/412b782d-2511-4c6d-98f2-3ea01b1c83c3/operationresults/eyJqb2JJZCI6IlJFU09VUkNFR1JPVVBERUxFVElPTkpPQi1QUzE2NTAtV0VTVENFTlRSQUxVUyIsImpvYkxvY2F0aW9uIjoid2VzdGNlbnRyYWx1cyJ9?api-version=2016-09-01"
        ],
        "Retry-After": [
          "15"
        ],
        "x-ms-ratelimit-remaining-subscription-deletes": [
          "14999"
        ],
        "x-ms-request-id": [
          "25d38cde-834a-400d-8d2a-50037ed903d9"
        ],
        "x-ms-correlation-request-id": [
          "25d38cde-834a-400d-8d2a-50037ed903d9"
        ],
        "x-ms-routing-request-id": [
          "WESTUS:20200913T163931Z:25d38cde-834a-400d-8d2a-50037ed903d9"
        ],
        "Strict-Transport-Security": [
          "max-age=31536000; includeSubDomains"
        ],
        "X-Content-Type-Options": [
          "nosniff"
        ],
        "Date": [
          "Sun, 13 Sep 2020 16:39:31 GMT"
        ],
        "Expires": [
          "-1"
        ],
        "Content-Length": [
          "0"
        ]
      },
      "ResponseBody": "",
      "StatusCode": 202
    },
    {
      "RequestUri": "/subscriptions/412b782d-2511-4c6d-98f2-3ea01b1c83c3/operationresults/eyJqb2JJZCI6IlJFU09VUkNFR1JPVVBERUxFVElPTkpPQi1QUzE2NTAtV0VTVENFTlRSQUxVUyIsImpvYkxvY2F0aW9uIjoid2VzdGNlbnRyYWx1cyJ9?api-version=2016-09-01",
      "EncodedRequestUri": "L3N1YnNjcmlwdGlvbnMvNDEyYjc4MmQtMjUxMS00YzZkLTk4ZjItM2VhMDFiMWM4M2MzL29wZXJhdGlvbnJlc3VsdHMvZXlKcWIySkpaQ0k2SWxKRlUwOVZVa05GUjFKUFZWQkVSVXhGVkVsUFRrcFBRaTFRVXpFMk5UQXRWMFZUVkVORlRsUlNRVXhWVXlJc0ltcHZZa3h2WTJGMGFXOXVJam9pZDJWemRHTmxiblJ5WVd4MWN5Sjk/YXBpLXZlcnNpb249MjAxNi0wOS0wMQ==",
      "RequestMethod": "GET",
      "RequestBody": "",
      "RequestHeaders": {
        "User-Agent": [
          "FxVersion/4.6.29130.01",
          "OSName/Windows",
          "OSVersion/Microsoft.Windows.10.0.14393.",
          "Microsoft.Azure.Management.Internal.Resources.ResourceManagementClient/1.3.23"
        ]
      },
      "ResponseHeaders": {
        "Cache-Control": [
          "no-cache"
        ],
        "Pragma": [
          "no-cache"
        ],
        "Location": [
          "https://management.azure.com/subscriptions/412b782d-2511-4c6d-98f2-3ea01b1c83c3/operationresults/eyJqb2JJZCI6IlJFU09VUkNFR1JPVVBERUxFVElPTkpPQi1QUzE2NTAtV0VTVENFTlRSQUxVUyIsImpvYkxvY2F0aW9uIjoid2VzdGNlbnRyYWx1cyJ9?api-version=2016-09-01"
        ],
        "Retry-After": [
          "15"
        ],
        "x-ms-ratelimit-remaining-subscription-reads": [
          "11999"
        ],
        "x-ms-request-id": [
          "33e58c2f-9e22-46a0-bf23-814d0e3dab7f"
        ],
        "x-ms-correlation-request-id": [
          "33e58c2f-9e22-46a0-bf23-814d0e3dab7f"
        ],
        "x-ms-routing-request-id": [
          "WESTUS:20200913T163946Z:33e58c2f-9e22-46a0-bf23-814d0e3dab7f"
        ],
        "Strict-Transport-Security": [
          "max-age=31536000; includeSubDomains"
        ],
        "X-Content-Type-Options": [
          "nosniff"
        ],
        "Date": [
          "Sun, 13 Sep 2020 16:39:46 GMT"
        ],
        "Expires": [
          "-1"
        ],
        "Content-Length": [
          "0"
        ]
      },
      "ResponseBody": "",
      "StatusCode": 202
    },
    {
      "RequestUri": "/subscriptions/412b782d-2511-4c6d-98f2-3ea01b1c83c3/operationresults/eyJqb2JJZCI6IlJFU09VUkNFR1JPVVBERUxFVElPTkpPQi1QUzE2NTAtV0VTVENFTlRSQUxVUyIsImpvYkxvY2F0aW9uIjoid2VzdGNlbnRyYWx1cyJ9?api-version=2016-09-01",
      "EncodedRequestUri": "L3N1YnNjcmlwdGlvbnMvNDEyYjc4MmQtMjUxMS00YzZkLTk4ZjItM2VhMDFiMWM4M2MzL29wZXJhdGlvbnJlc3VsdHMvZXlKcWIySkpaQ0k2SWxKRlUwOVZVa05GUjFKUFZWQkVSVXhGVkVsUFRrcFBRaTFRVXpFMk5UQXRWMFZUVkVORlRsUlNRVXhWVXlJc0ltcHZZa3h2WTJGMGFXOXVJam9pZDJWemRHTmxiblJ5WVd4MWN5Sjk/YXBpLXZlcnNpb249MjAxNi0wOS0wMQ==",
      "RequestMethod": "GET",
      "RequestBody": "",
      "RequestHeaders": {
        "User-Agent": [
          "FxVersion/4.6.29130.01",
          "OSName/Windows",
          "OSVersion/Microsoft.Windows.10.0.14393.",
          "Microsoft.Azure.Management.Internal.Resources.ResourceManagementClient/1.3.23"
        ]
      },
      "ResponseHeaders": {
        "Cache-Control": [
          "no-cache"
        ],
        "Pragma": [
          "no-cache"
        ],
        "Location": [
          "https://management.azure.com/subscriptions/412b782d-2511-4c6d-98f2-3ea01b1c83c3/operationresults/eyJqb2JJZCI6IlJFU09VUkNFR1JPVVBERUxFVElPTkpPQi1QUzE2NTAtV0VTVENFTlRSQUxVUyIsImpvYkxvY2F0aW9uIjoid2VzdGNlbnRyYWx1cyJ9?api-version=2016-09-01"
        ],
        "Retry-After": [
          "15"
        ],
        "x-ms-ratelimit-remaining-subscription-reads": [
          "11998"
        ],
        "x-ms-request-id": [
          "b0687b3c-95b1-4900-be7b-4b0b66989173"
        ],
        "x-ms-correlation-request-id": [
          "b0687b3c-95b1-4900-be7b-4b0b66989173"
        ],
        "x-ms-routing-request-id": [
          "WESTUS:20200913T164001Z:b0687b3c-95b1-4900-be7b-4b0b66989173"
        ],
        "Strict-Transport-Security": [
          "max-age=31536000; includeSubDomains"
        ],
        "X-Content-Type-Options": [
          "nosniff"
        ],
        "Date": [
          "Sun, 13 Sep 2020 16:40:01 GMT"
        ],
        "Expires": [
          "-1"
        ],
        "Content-Length": [
          "0"
        ]
      },
      "ResponseBody": "",
      "StatusCode": 202
    },
    {
      "RequestUri": "/subscriptions/412b782d-2511-4c6d-98f2-3ea01b1c83c3/operationresults/eyJqb2JJZCI6IlJFU09VUkNFR1JPVVBERUxFVElPTkpPQi1QUzE2NTAtV0VTVENFTlRSQUxVUyIsImpvYkxvY2F0aW9uIjoid2VzdGNlbnRyYWx1cyJ9?api-version=2016-09-01",
      "EncodedRequestUri": "L3N1YnNjcmlwdGlvbnMvNDEyYjc4MmQtMjUxMS00YzZkLTk4ZjItM2VhMDFiMWM4M2MzL29wZXJhdGlvbnJlc3VsdHMvZXlKcWIySkpaQ0k2SWxKRlUwOVZVa05GUjFKUFZWQkVSVXhGVkVsUFRrcFBRaTFRVXpFMk5UQXRWMFZUVkVORlRsUlNRVXhWVXlJc0ltcHZZa3h2WTJGMGFXOXVJam9pZDJWemRHTmxiblJ5WVd4MWN5Sjk/YXBpLXZlcnNpb249MjAxNi0wOS0wMQ==",
      "RequestMethod": "GET",
      "RequestBody": "",
      "RequestHeaders": {
        "User-Agent": [
          "FxVersion/4.6.29130.01",
          "OSName/Windows",
          "OSVersion/Microsoft.Windows.10.0.14393.",
          "Microsoft.Azure.Management.Internal.Resources.ResourceManagementClient/1.3.23"
        ]
      },
      "ResponseHeaders": {
        "Cache-Control": [
          "no-cache"
        ],
        "Pragma": [
          "no-cache"
        ],
        "Location": [
          "https://management.azure.com/subscriptions/412b782d-2511-4c6d-98f2-3ea01b1c83c3/operationresults/eyJqb2JJZCI6IlJFU09VUkNFR1JPVVBERUxFVElPTkpPQi1QUzE2NTAtV0VTVENFTlRSQUxVUyIsImpvYkxvY2F0aW9uIjoid2VzdGNlbnRyYWx1cyJ9?api-version=2016-09-01"
        ],
        "Retry-After": [
          "15"
        ],
        "x-ms-ratelimit-remaining-subscription-reads": [
          "11997"
        ],
        "x-ms-request-id": [
          "17387700-b087-4244-9c8d-af89f3baf729"
        ],
        "x-ms-correlation-request-id": [
          "17387700-b087-4244-9c8d-af89f3baf729"
        ],
        "x-ms-routing-request-id": [
          "WESTUS:20200913T164016Z:17387700-b087-4244-9c8d-af89f3baf729"
        ],
        "Strict-Transport-Security": [
          "max-age=31536000; includeSubDomains"
        ],
        "X-Content-Type-Options": [
          "nosniff"
        ],
        "Date": [
          "Sun, 13 Sep 2020 16:40:16 GMT"
        ],
        "Expires": [
          "-1"
        ],
        "Content-Length": [
          "0"
        ]
      },
      "ResponseBody": "",
      "StatusCode": 202
    },
    {
      "RequestUri": "/subscriptions/412b782d-2511-4c6d-98f2-3ea01b1c83c3/operationresults/eyJqb2JJZCI6IlJFU09VUkNFR1JPVVBERUxFVElPTkpPQi1QUzE2NTAtV0VTVENFTlRSQUxVUyIsImpvYkxvY2F0aW9uIjoid2VzdGNlbnRyYWx1cyJ9?api-version=2016-09-01",
      "EncodedRequestUri": "L3N1YnNjcmlwdGlvbnMvNDEyYjc4MmQtMjUxMS00YzZkLTk4ZjItM2VhMDFiMWM4M2MzL29wZXJhdGlvbnJlc3VsdHMvZXlKcWIySkpaQ0k2SWxKRlUwOVZVa05GUjFKUFZWQkVSVXhGVkVsUFRrcFBRaTFRVXpFMk5UQXRWMFZUVkVORlRsUlNRVXhWVXlJc0ltcHZZa3h2WTJGMGFXOXVJam9pZDJWemRHTmxiblJ5WVd4MWN5Sjk/YXBpLXZlcnNpb249MjAxNi0wOS0wMQ==",
      "RequestMethod": "GET",
      "RequestBody": "",
      "RequestHeaders": {
        "User-Agent": [
          "FxVersion/4.6.29130.01",
          "OSName/Windows",
          "OSVersion/Microsoft.Windows.10.0.14393.",
          "Microsoft.Azure.Management.Internal.Resources.ResourceManagementClient/1.3.23"
        ]
      },
      "ResponseHeaders": {
        "Cache-Control": [
          "no-cache"
        ],
        "Pragma": [
          "no-cache"
        ],
        "Location": [
          "https://management.azure.com/subscriptions/412b782d-2511-4c6d-98f2-3ea01b1c83c3/operationresults/eyJqb2JJZCI6IlJFU09VUkNFR1JPVVBERUxFVElPTkpPQi1QUzE2NTAtV0VTVENFTlRSQUxVUyIsImpvYkxvY2F0aW9uIjoid2VzdGNlbnRyYWx1cyJ9?api-version=2016-09-01"
        ],
        "Retry-After": [
          "15"
        ],
        "x-ms-ratelimit-remaining-subscription-reads": [
          "11996"
        ],
        "x-ms-request-id": [
          "560ae684-4a19-4831-b060-99fea6fff2b6"
        ],
        "x-ms-correlation-request-id": [
          "560ae684-4a19-4831-b060-99fea6fff2b6"
        ],
        "x-ms-routing-request-id": [
          "WESTUS:20200913T164032Z:560ae684-4a19-4831-b060-99fea6fff2b6"
        ],
        "Strict-Transport-Security": [
          "max-age=31536000; includeSubDomains"
        ],
        "X-Content-Type-Options": [
          "nosniff"
        ],
        "Date": [
          "Sun, 13 Sep 2020 16:40:31 GMT"
        ],
        "Expires": [
          "-1"
        ],
        "Content-Length": [
          "0"
        ]
      },
      "ResponseBody": "",
      "StatusCode": 202
    },
    {
      "RequestUri": "/subscriptions/412b782d-2511-4c6d-98f2-3ea01b1c83c3/operationresults/eyJqb2JJZCI6IlJFU09VUkNFR1JPVVBERUxFVElPTkpPQi1QUzE2NTAtV0VTVENFTlRSQUxVUyIsImpvYkxvY2F0aW9uIjoid2VzdGNlbnRyYWx1cyJ9?api-version=2016-09-01",
      "EncodedRequestUri": "L3N1YnNjcmlwdGlvbnMvNDEyYjc4MmQtMjUxMS00YzZkLTk4ZjItM2VhMDFiMWM4M2MzL29wZXJhdGlvbnJlc3VsdHMvZXlKcWIySkpaQ0k2SWxKRlUwOVZVa05GUjFKUFZWQkVSVXhGVkVsUFRrcFBRaTFRVXpFMk5UQXRWMFZUVkVORlRsUlNRVXhWVXlJc0ltcHZZa3h2WTJGMGFXOXVJam9pZDJWemRHTmxiblJ5WVd4MWN5Sjk/YXBpLXZlcnNpb249MjAxNi0wOS0wMQ==",
      "RequestMethod": "GET",
      "RequestBody": "",
      "RequestHeaders": {
        "User-Agent": [
          "FxVersion/4.6.29130.01",
          "OSName/Windows",
          "OSVersion/Microsoft.Windows.10.0.14393.",
          "Microsoft.Azure.Management.Internal.Resources.ResourceManagementClient/1.3.23"
        ]
      },
      "ResponseHeaders": {
        "Cache-Control": [
          "no-cache"
        ],
        "Pragma": [
          "no-cache"
        ],
        "Location": [
          "https://management.azure.com/subscriptions/412b782d-2511-4c6d-98f2-3ea01b1c83c3/operationresults/eyJqb2JJZCI6IlJFU09VUkNFR1JPVVBERUxFVElPTkpPQi1QUzE2NTAtV0VTVENFTlRSQUxVUyIsImpvYkxvY2F0aW9uIjoid2VzdGNlbnRyYWx1cyJ9?api-version=2016-09-01"
        ],
        "Retry-After": [
          "15"
        ],
        "x-ms-ratelimit-remaining-subscription-reads": [
          "11995"
        ],
        "x-ms-request-id": [
          "888f56b1-90e3-442f-ae24-e05d66dc65ec"
        ],
        "x-ms-correlation-request-id": [
          "888f56b1-90e3-442f-ae24-e05d66dc65ec"
        ],
        "x-ms-routing-request-id": [
          "WESTUS:20200913T164047Z:888f56b1-90e3-442f-ae24-e05d66dc65ec"
        ],
        "Strict-Transport-Security": [
          "max-age=31536000; includeSubDomains"
        ],
        "X-Content-Type-Options": [
          "nosniff"
        ],
        "Date": [
          "Sun, 13 Sep 2020 16:40:46 GMT"
        ],
        "Expires": [
          "-1"
        ],
        "Content-Length": [
          "0"
        ]
      },
      "ResponseBody": "",
      "StatusCode": 202
    },
    {
      "RequestUri": "/subscriptions/412b782d-2511-4c6d-98f2-3ea01b1c83c3/operationresults/eyJqb2JJZCI6IlJFU09VUkNFR1JPVVBERUxFVElPTkpPQi1QUzE2NTAtV0VTVENFTlRSQUxVUyIsImpvYkxvY2F0aW9uIjoid2VzdGNlbnRyYWx1cyJ9?api-version=2016-09-01",
      "EncodedRequestUri": "L3N1YnNjcmlwdGlvbnMvNDEyYjc4MmQtMjUxMS00YzZkLTk4ZjItM2VhMDFiMWM4M2MzL29wZXJhdGlvbnJlc3VsdHMvZXlKcWIySkpaQ0k2SWxKRlUwOVZVa05GUjFKUFZWQkVSVXhGVkVsUFRrcFBRaTFRVXpFMk5UQXRWMFZUVkVORlRsUlNRVXhWVXlJc0ltcHZZa3h2WTJGMGFXOXVJam9pZDJWemRHTmxiblJ5WVd4MWN5Sjk/YXBpLXZlcnNpb249MjAxNi0wOS0wMQ==",
      "RequestMethod": "GET",
      "RequestBody": "",
      "RequestHeaders": {
        "User-Agent": [
          "FxVersion/4.6.29130.01",
          "OSName/Windows",
          "OSVersion/Microsoft.Windows.10.0.14393.",
          "Microsoft.Azure.Management.Internal.Resources.ResourceManagementClient/1.3.23"
        ]
      },
      "ResponseHeaders": {
        "Cache-Control": [
          "no-cache"
        ],
        "Pragma": [
          "no-cache"
        ],
        "Location": [
          "https://management.azure.com/subscriptions/412b782d-2511-4c6d-98f2-3ea01b1c83c3/operationresults/eyJqb2JJZCI6IlJFU09VUkNFR1JPVVBERUxFVElPTkpPQi1QUzE2NTAtV0VTVENFTlRSQUxVUyIsImpvYkxvY2F0aW9uIjoid2VzdGNlbnRyYWx1cyJ9?api-version=2016-09-01"
        ],
        "Retry-After": [
          "15"
        ],
        "x-ms-ratelimit-remaining-subscription-reads": [
          "11994"
        ],
        "x-ms-request-id": [
          "6f571157-94c0-4923-bef4-905d66621098"
        ],
        "x-ms-correlation-request-id": [
          "6f571157-94c0-4923-bef4-905d66621098"
        ],
        "x-ms-routing-request-id": [
          "WESTUS:20200913T164102Z:6f571157-94c0-4923-bef4-905d66621098"
        ],
        "Strict-Transport-Security": [
          "max-age=31536000; includeSubDomains"
        ],
        "X-Content-Type-Options": [
          "nosniff"
        ],
        "Date": [
          "Sun, 13 Sep 2020 16:41:02 GMT"
        ],
        "Expires": [
          "-1"
        ],
        "Content-Length": [
          "0"
        ]
      },
      "ResponseBody": "",
      "StatusCode": 202
    },
    {
      "RequestUri": "/subscriptions/412b782d-2511-4c6d-98f2-3ea01b1c83c3/operationresults/eyJqb2JJZCI6IlJFU09VUkNFR1JPVVBERUxFVElPTkpPQi1QUzE2NTAtV0VTVENFTlRSQUxVUyIsImpvYkxvY2F0aW9uIjoid2VzdGNlbnRyYWx1cyJ9?api-version=2016-09-01",
      "EncodedRequestUri": "L3N1YnNjcmlwdGlvbnMvNDEyYjc4MmQtMjUxMS00YzZkLTk4ZjItM2VhMDFiMWM4M2MzL29wZXJhdGlvbnJlc3VsdHMvZXlKcWIySkpaQ0k2SWxKRlUwOVZVa05GUjFKUFZWQkVSVXhGVkVsUFRrcFBRaTFRVXpFMk5UQXRWMFZUVkVORlRsUlNRVXhWVXlJc0ltcHZZa3h2WTJGMGFXOXVJam9pZDJWemRHTmxiblJ5WVd4MWN5Sjk/YXBpLXZlcnNpb249MjAxNi0wOS0wMQ==",
      "RequestMethod": "GET",
      "RequestBody": "",
      "RequestHeaders": {
        "User-Agent": [
          "FxVersion/4.6.29130.01",
          "OSName/Windows",
          "OSVersion/Microsoft.Windows.10.0.14393.",
          "Microsoft.Azure.Management.Internal.Resources.ResourceManagementClient/1.3.23"
        ]
      },
      "ResponseHeaders": {
        "Cache-Control": [
          "no-cache"
        ],
        "Pragma": [
          "no-cache"
        ],
        "Location": [
          "https://management.azure.com/subscriptions/412b782d-2511-4c6d-98f2-3ea01b1c83c3/operationresults/eyJqb2JJZCI6IlJFU09VUkNFR1JPVVBERUxFVElPTkpPQi1QUzE2NTAtV0VTVENFTlRSQUxVUyIsImpvYkxvY2F0aW9uIjoid2VzdGNlbnRyYWx1cyJ9?api-version=2016-09-01"
        ],
        "Retry-After": [
          "15"
        ],
        "x-ms-ratelimit-remaining-subscription-reads": [
          "11993"
        ],
        "x-ms-request-id": [
          "e474f088-b8bc-4542-bbc3-145f4674be6a"
        ],
        "x-ms-correlation-request-id": [
          "e474f088-b8bc-4542-bbc3-145f4674be6a"
        ],
        "x-ms-routing-request-id": [
          "WESTUS:20200913T164117Z:e474f088-b8bc-4542-bbc3-145f4674be6a"
        ],
        "Strict-Transport-Security": [
          "max-age=31536000; includeSubDomains"
        ],
        "X-Content-Type-Options": [
          "nosniff"
        ],
        "Date": [
          "Sun, 13 Sep 2020 16:41:17 GMT"
        ],
        "Expires": [
          "-1"
        ],
        "Content-Length": [
          "0"
        ]
      },
      "ResponseBody": "",
      "StatusCode": 202
    },
    {
      "RequestUri": "/subscriptions/412b782d-2511-4c6d-98f2-3ea01b1c83c3/operationresults/eyJqb2JJZCI6IlJFU09VUkNFR1JPVVBERUxFVElPTkpPQi1QUzE2NTAtV0VTVENFTlRSQUxVUyIsImpvYkxvY2F0aW9uIjoid2VzdGNlbnRyYWx1cyJ9?api-version=2016-09-01",
      "EncodedRequestUri": "L3N1YnNjcmlwdGlvbnMvNDEyYjc4MmQtMjUxMS00YzZkLTk4ZjItM2VhMDFiMWM4M2MzL29wZXJhdGlvbnJlc3VsdHMvZXlKcWIySkpaQ0k2SWxKRlUwOVZVa05GUjFKUFZWQkVSVXhGVkVsUFRrcFBRaTFRVXpFMk5UQXRWMFZUVkVORlRsUlNRVXhWVXlJc0ltcHZZa3h2WTJGMGFXOXVJam9pZDJWemRHTmxiblJ5WVd4MWN5Sjk/YXBpLXZlcnNpb249MjAxNi0wOS0wMQ==",
      "RequestMethod": "GET",
      "RequestBody": "",
      "RequestHeaders": {
        "User-Agent": [
          "FxVersion/4.6.29130.01",
          "OSName/Windows",
          "OSVersion/Microsoft.Windows.10.0.14393.",
          "Microsoft.Azure.Management.Internal.Resources.ResourceManagementClient/1.3.23"
        ]
      },
      "ResponseHeaders": {
        "Cache-Control": [
          "no-cache"
        ],
        "Pragma": [
          "no-cache"
        ],
        "Location": [
          "https://management.azure.com/subscriptions/412b782d-2511-4c6d-98f2-3ea01b1c83c3/operationresults/eyJqb2JJZCI6IlJFU09VUkNFR1JPVVBERUxFVElPTkpPQi1QUzE2NTAtV0VTVENFTlRSQUxVUyIsImpvYkxvY2F0aW9uIjoid2VzdGNlbnRyYWx1cyJ9?api-version=2016-09-01"
        ],
        "Retry-After": [
          "15"
        ],
        "x-ms-ratelimit-remaining-subscription-reads": [
          "11992"
        ],
        "x-ms-request-id": [
          "75c37b8a-c840-4941-92d5-b092a921f3c4"
        ],
        "x-ms-correlation-request-id": [
          "75c37b8a-c840-4941-92d5-b092a921f3c4"
        ],
        "x-ms-routing-request-id": [
          "WESTUS:20200913T164132Z:75c37b8a-c840-4941-92d5-b092a921f3c4"
        ],
        "Strict-Transport-Security": [
          "max-age=31536000; includeSubDomains"
        ],
        "X-Content-Type-Options": [
          "nosniff"
        ],
        "Date": [
          "Sun, 13 Sep 2020 16:41:31 GMT"
        ],
        "Expires": [
          "-1"
        ],
        "Content-Length": [
          "0"
        ]
      },
      "ResponseBody": "",
      "StatusCode": 202
    },
    {
      "RequestUri": "/subscriptions/412b782d-2511-4c6d-98f2-3ea01b1c83c3/operationresults/eyJqb2JJZCI6IlJFU09VUkNFR1JPVVBERUxFVElPTkpPQi1QUzE2NTAtV0VTVENFTlRSQUxVUyIsImpvYkxvY2F0aW9uIjoid2VzdGNlbnRyYWx1cyJ9?api-version=2016-09-01",
      "EncodedRequestUri": "L3N1YnNjcmlwdGlvbnMvNDEyYjc4MmQtMjUxMS00YzZkLTk4ZjItM2VhMDFiMWM4M2MzL29wZXJhdGlvbnJlc3VsdHMvZXlKcWIySkpaQ0k2SWxKRlUwOVZVa05GUjFKUFZWQkVSVXhGVkVsUFRrcFBRaTFRVXpFMk5UQXRWMFZUVkVORlRsUlNRVXhWVXlJc0ltcHZZa3h2WTJGMGFXOXVJam9pZDJWemRHTmxiblJ5WVd4MWN5Sjk/YXBpLXZlcnNpb249MjAxNi0wOS0wMQ==",
      "RequestMethod": "GET",
      "RequestBody": "",
      "RequestHeaders": {
        "User-Agent": [
          "FxVersion/4.6.29130.01",
          "OSName/Windows",
          "OSVersion/Microsoft.Windows.10.0.14393.",
          "Microsoft.Azure.Management.Internal.Resources.ResourceManagementClient/1.3.23"
        ]
      },
      "ResponseHeaders": {
        "Cache-Control": [
          "no-cache"
        ],
        "Pragma": [
          "no-cache"
        ],
        "Location": [
          "https://management.azure.com/subscriptions/412b782d-2511-4c6d-98f2-3ea01b1c83c3/operationresults/eyJqb2JJZCI6IlJFU09VUkNFR1JPVVBERUxFVElPTkpPQi1QUzE2NTAtV0VTVENFTlRSQUxVUyIsImpvYkxvY2F0aW9uIjoid2VzdGNlbnRyYWx1cyJ9?api-version=2016-09-01"
        ],
        "Retry-After": [
          "15"
        ],
        "x-ms-ratelimit-remaining-subscription-reads": [
          "11991"
        ],
        "x-ms-request-id": [
          "5221a42b-92ab-4fd4-9e81-b9d1ca89c962"
        ],
        "x-ms-correlation-request-id": [
          "5221a42b-92ab-4fd4-9e81-b9d1ca89c962"
        ],
        "x-ms-routing-request-id": [
          "WESTUS:20200913T164147Z:5221a42b-92ab-4fd4-9e81-b9d1ca89c962"
        ],
        "Strict-Transport-Security": [
          "max-age=31536000; includeSubDomains"
        ],
        "X-Content-Type-Options": [
          "nosniff"
        ],
        "Date": [
          "Sun, 13 Sep 2020 16:41:46 GMT"
        ],
        "Expires": [
          "-1"
        ],
        "Content-Length": [
          "0"
        ]
      },
      "ResponseBody": "",
      "StatusCode": 202
    },
    {
      "RequestUri": "/subscriptions/412b782d-2511-4c6d-98f2-3ea01b1c83c3/operationresults/eyJqb2JJZCI6IlJFU09VUkNFR1JPVVBERUxFVElPTkpPQi1QUzE2NTAtV0VTVENFTlRSQUxVUyIsImpvYkxvY2F0aW9uIjoid2VzdGNlbnRyYWx1cyJ9?api-version=2016-09-01",
      "EncodedRequestUri": "L3N1YnNjcmlwdGlvbnMvNDEyYjc4MmQtMjUxMS00YzZkLTk4ZjItM2VhMDFiMWM4M2MzL29wZXJhdGlvbnJlc3VsdHMvZXlKcWIySkpaQ0k2SWxKRlUwOVZVa05GUjFKUFZWQkVSVXhGVkVsUFRrcFBRaTFRVXpFMk5UQXRWMFZUVkVORlRsUlNRVXhWVXlJc0ltcHZZa3h2WTJGMGFXOXVJam9pZDJWemRHTmxiblJ5WVd4MWN5Sjk/YXBpLXZlcnNpb249MjAxNi0wOS0wMQ==",
      "RequestMethod": "GET",
      "RequestBody": "",
      "RequestHeaders": {
        "User-Agent": [
          "FxVersion/4.6.29130.01",
          "OSName/Windows",
          "OSVersion/Microsoft.Windows.10.0.14393.",
          "Microsoft.Azure.Management.Internal.Resources.ResourceManagementClient/1.3.23"
        ]
      },
      "ResponseHeaders": {
        "Cache-Control": [
          "no-cache"
        ],
        "Pragma": [
          "no-cache"
        ],
        "Location": [
          "https://management.azure.com/subscriptions/412b782d-2511-4c6d-98f2-3ea01b1c83c3/operationresults/eyJqb2JJZCI6IlJFU09VUkNFR1JPVVBERUxFVElPTkpPQi1QUzE2NTAtV0VTVENFTlRSQUxVUyIsImpvYkxvY2F0aW9uIjoid2VzdGNlbnRyYWx1cyJ9?api-version=2016-09-01"
        ],
        "Retry-After": [
          "15"
        ],
        "x-ms-ratelimit-remaining-subscription-reads": [
          "11990"
        ],
        "x-ms-request-id": [
          "1cd2d57b-c7ee-42f5-b2a4-96f28c91c7b2"
        ],
        "x-ms-correlation-request-id": [
          "1cd2d57b-c7ee-42f5-b2a4-96f28c91c7b2"
        ],
        "x-ms-routing-request-id": [
          "WESTUS:20200913T164202Z:1cd2d57b-c7ee-42f5-b2a4-96f28c91c7b2"
        ],
        "Strict-Transport-Security": [
          "max-age=31536000; includeSubDomains"
        ],
        "X-Content-Type-Options": [
          "nosniff"
        ],
        "Date": [
          "Sun, 13 Sep 2020 16:42:01 GMT"
        ],
        "Expires": [
          "-1"
        ],
        "Content-Length": [
          "0"
        ]
      },
      "ResponseBody": "",
      "StatusCode": 202
    },
    {
      "RequestUri": "/subscriptions/412b782d-2511-4c6d-98f2-3ea01b1c83c3/operationresults/eyJqb2JJZCI6IlJFU09VUkNFR1JPVVBERUxFVElPTkpPQi1QUzE2NTAtV0VTVENFTlRSQUxVUyIsImpvYkxvY2F0aW9uIjoid2VzdGNlbnRyYWx1cyJ9?api-version=2016-09-01",
      "EncodedRequestUri": "L3N1YnNjcmlwdGlvbnMvNDEyYjc4MmQtMjUxMS00YzZkLTk4ZjItM2VhMDFiMWM4M2MzL29wZXJhdGlvbnJlc3VsdHMvZXlKcWIySkpaQ0k2SWxKRlUwOVZVa05GUjFKUFZWQkVSVXhGVkVsUFRrcFBRaTFRVXpFMk5UQXRWMFZUVkVORlRsUlNRVXhWVXlJc0ltcHZZa3h2WTJGMGFXOXVJam9pZDJWemRHTmxiblJ5WVd4MWN5Sjk/YXBpLXZlcnNpb249MjAxNi0wOS0wMQ==",
      "RequestMethod": "GET",
      "RequestBody": "",
      "RequestHeaders": {
        "User-Agent": [
          "FxVersion/4.6.29130.01",
          "OSName/Windows",
          "OSVersion/Microsoft.Windows.10.0.14393.",
          "Microsoft.Azure.Management.Internal.Resources.ResourceManagementClient/1.3.23"
        ]
      },
      "ResponseHeaders": {
        "Cache-Control": [
          "no-cache"
        ],
        "Pragma": [
          "no-cache"
        ],
        "x-ms-ratelimit-remaining-subscription-reads": [
          "11989"
        ],
        "x-ms-request-id": [
          "978b62ad-ffec-43ac-862e-0417beb6612a"
        ],
        "x-ms-correlation-request-id": [
          "978b62ad-ffec-43ac-862e-0417beb6612a"
        ],
        "x-ms-routing-request-id": [
          "WESTUS:20200913T164217Z:978b62ad-ffec-43ac-862e-0417beb6612a"
        ],
        "Strict-Transport-Security": [
          "max-age=31536000; includeSubDomains"
        ],
        "X-Content-Type-Options": [
          "nosniff"
        ],
        "Date": [
          "Sun, 13 Sep 2020 16:42:16 GMT"
        ],
        "Expires": [
          "-1"
        ],
        "Content-Length": [
          "0"
        ]
      },
      "ResponseBody": "",
      "StatusCode": 200
    },
    {
      "RequestUri": "/subscriptions/412b782d-2511-4c6d-98f2-3ea01b1c83c3/operationresults/eyJqb2JJZCI6IlJFU09VUkNFR1JPVVBERUxFVElPTkpPQi1QUzE2NTAtV0VTVENFTlRSQUxVUyIsImpvYkxvY2F0aW9uIjoid2VzdGNlbnRyYWx1cyJ9?api-version=2016-09-01",
      "EncodedRequestUri": "L3N1YnNjcmlwdGlvbnMvNDEyYjc4MmQtMjUxMS00YzZkLTk4ZjItM2VhMDFiMWM4M2MzL29wZXJhdGlvbnJlc3VsdHMvZXlKcWIySkpaQ0k2SWxKRlUwOVZVa05GUjFKUFZWQkVSVXhGVkVsUFRrcFBRaTFRVXpFMk5UQXRWMFZUVkVORlRsUlNRVXhWVXlJc0ltcHZZa3h2WTJGMGFXOXVJam9pZDJWemRHTmxiblJ5WVd4MWN5Sjk/YXBpLXZlcnNpb249MjAxNi0wOS0wMQ==",
      "RequestMethod": "GET",
      "RequestBody": "",
      "RequestHeaders": {
        "User-Agent": [
          "FxVersion/4.6.29130.01",
          "OSName/Windows",
          "OSVersion/Microsoft.Windows.10.0.14393.",
          "Microsoft.Azure.Management.Internal.Resources.ResourceManagementClient/1.3.23"
        ]
      },
      "ResponseHeaders": {
        "Cache-Control": [
          "no-cache"
        ],
        "Pragma": [
          "no-cache"
        ],
        "x-ms-ratelimit-remaining-subscription-reads": [
          "11988"
        ],
        "x-ms-request-id": [
          "fe8617ec-ca26-4179-a420-3397f3cf2bf2"
        ],
        "x-ms-correlation-request-id": [
          "fe8617ec-ca26-4179-a420-3397f3cf2bf2"
        ],
        "x-ms-routing-request-id": [
          "WESTUS:20200913T164217Z:fe8617ec-ca26-4179-a420-3397f3cf2bf2"
        ],
        "Strict-Transport-Security": [
          "max-age=31536000; includeSubDomains"
        ],
        "X-Content-Type-Options": [
          "nosniff"
        ],
        "Date": [
          "Sun, 13 Sep 2020 16:42:16 GMT"
        ],
        "Expires": [
          "-1"
        ],
        "Content-Length": [
          "0"
        ]
      },
      "ResponseBody": "",
      "StatusCode": 200
    }
  ],
  "Names": {
    "Test-UpdateDatabase": [
      "ps1650",
      "ps888",
      "ps2917",
      "ps5269"
    ]
  },
  "Variables": {
    "SubscriptionId": "412b782d-2511-4c6d-98f2-3ea01b1c83c3"
  }
}