{
  "Entries": [
    {
      "RequestUri": "/subscriptions/2c647056-bab2-4175-b172-493ff049eb29/resourcegroups/ps1805?api-version=2016-09-01",
      "EncodedRequestUri": "L3N1YnNjcmlwdGlvbnMvMmM2NDcwNTYtYmFiMi00MTc1LWIxNzItNDkzZmYwNDllYjI5L3Jlc291cmNlZ3JvdXBzL3BzMTgwNT9hcGktdmVyc2lvbj0yMDE2LTA5LTAx",
      "RequestMethod": "PUT",
      "RequestHeaders": {
        "x-ms-client-request-id": [
          "52101d6c-b4b2-40f7-a0a9-2003c8c406ed"
        ],
        "Accept-Language": [
          "en-US"
        ],
        "User-Agent": [
          "FxVersion/4.700.22.55902",
          "OSName/Windows",
          "OSVersion/Microsoft.Windows.10.0.22621",
          "Microsoft.Azure.Management.Internal.Resources.ResourceManagementClient/1.3.68"
        ],
        "Content-Type": [
          "application/json; charset=utf-8"
        ],
        "Content-Length": [
          "35"
        ]
      },
      "RequestBody": "{\r\n  \"location\": \"westcentralus\"\r\n}",
      "ResponseHeaders": {
        "Cache-Control": [
          "no-cache"
        ],
        "Pragma": [
          "no-cache"
        ],
        "x-ms-ratelimit-remaining-subscription-writes": [
          "1198"
        ],
        "x-ms-request-id": [
          "45d8e8b2-92f3-45e2-9a20-ef24934d6bad"
        ],
        "x-ms-correlation-request-id": [
          "45d8e8b2-92f3-45e2-9a20-ef24934d6bad"
        ],
        "x-ms-routing-request-id": [
          "WESTCENTRALUS:20230217T213540Z:45d8e8b2-92f3-45e2-9a20-ef24934d6bad"
        ],
        "Strict-Transport-Security": [
          "max-age=31536000; includeSubDomains"
        ],
        "X-Content-Type-Options": [
          "nosniff"
        ],
        "Date": [
          "Fri, 17 Feb 2023 21:35:40 GMT"
        ],
        "Content-Length": [
          "172"
        ],
        "Content-Type": [
          "application/json; charset=utf-8"
        ],
        "Expires": [
          "-1"
        ]
      },
      "ResponseBody": "{\r\n  \"id\": \"/subscriptions/2c647056-bab2-4175-b172-493ff049eb29/resourceGroups/ps1805\",\r\n  \"name\": \"ps1805\",\r\n  \"location\": \"westcentralus\",\r\n  \"properties\": {\r\n    \"provisioningState\": \"Succeeded\"\r\n  }\r\n}",
      "StatusCode": 201
    },
    {
      "RequestUri": "/subscriptions/2c647056-bab2-4175-b172-493ff049eb29/resourceGroups/ps1805/providers/Microsoft.Sql/servers/ps3176?api-version=2021-02-01-preview",
      "EncodedRequestUri": "L3N1YnNjcmlwdGlvbnMvMmM2NDcwNTYtYmFiMi00MTc1LWIxNzItNDkzZmYwNDllYjI5L3Jlc291cmNlR3JvdXBzL3BzMTgwNS9wcm92aWRlcnMvTWljcm9zb2Z0LlNxbC9zZXJ2ZXJzL3BzMzE3Nj9hcGktdmVyc2lvbj0yMDIxLTAyLTAxLXByZXZpZXc=",
      "RequestMethod": "GET",
      "RequestHeaders": {
        "x-ms-client-request-id": [
          "53d32af9-95c8-4266-a756-d0e1ce50d951"
        ],
        "Accept-Language": [
          "en-US"
        ],
        "User-Agent": [
          "FxVersion/4.700.22.55902",
          "OSName/Windows",
          "OSVersion/Microsoft.Windows.10.0.22621",
          "Microsoft.Azure.Management.Sql.SqlManagementClient/4.3.0"
        ]
      },
      "RequestBody": "",
      "ResponseHeaders": {
        "Cache-Control": [
          "no-cache"
        ],
        "Pragma": [
          "no-cache"
        ],
        "x-ms-failure-cause": [
          "gateway"
        ],
        "x-ms-request-id": [
          "2a10f268-b4f1-4032-8286-d60dcfa0307f"
        ],
        "x-ms-correlation-request-id": [
          "2a10f268-b4f1-4032-8286-d60dcfa0307f"
        ],
        "x-ms-routing-request-id": [
          "WESTCENTRALUS:20230217T213540Z:2a10f268-b4f1-4032-8286-d60dcfa0307f"
        ],
        "Strict-Transport-Security": [
          "max-age=31536000; includeSubDomains"
        ],
        "X-Content-Type-Options": [
          "nosniff"
        ],
        "Date": [
          "Fri, 17 Feb 2023 21:35:39 GMT"
        ],
        "Content-Type": [
          "application/json; charset=utf-8"
        ],
        "Expires": [
          "-1"
        ],
        "Content-Length": [
          "206"
        ]
      },
      "ResponseBody": "{\r\n  \"error\": {\r\n    \"code\": \"ResourceNotFound\",\r\n    \"message\": \"The Resource 'Microsoft.Sql/servers/ps3176' under resource group 'ps1805' was not found. For more details please go to https://aka.ms/ARMResourceNotFoundFix\"\r\n  }\r\n}",
      "StatusCode": 404
    },
    {
      "RequestUri": "/subscriptions/2c647056-bab2-4175-b172-493ff049eb29/resourceGroups/ps1805/providers/Microsoft.Sql/servers/ps3176?api-version=2021-02-01-preview",
      "EncodedRequestUri": "L3N1YnNjcmlwdGlvbnMvMmM2NDcwNTYtYmFiMi00MTc1LWIxNzItNDkzZmYwNDllYjI5L3Jlc291cmNlR3JvdXBzL3BzMTgwNS9wcm92aWRlcnMvTWljcm9zb2Z0LlNxbC9zZXJ2ZXJzL3BzMzE3Nj9hcGktdmVyc2lvbj0yMDIxLTAyLTAxLXByZXZpZXc=",
      "RequestMethod": "GET",
      "RequestHeaders": {
        "x-ms-client-request-id": [
          "53d32af9-95c8-4266-a756-d0e1ce50d951"
        ],
        "User-Agent": [
          "FxVersion/4.700.22.55902",
          "OSName/Windows",
          "OSVersion/Microsoft.Windows.10.0.22621",
          "Microsoft.Azure.Management.Sql.SqlManagementClient/4.3.0"
        ]
      },
      "RequestBody": "",
      "ResponseHeaders": {
        "Cache-Control": [
          "no-cache"
        ],
        "Pragma": [
          "no-cache"
        ],
        "x-ms-request-id": [
          "0eb7a87a-ffdf-4bac-84ba-d91622d78702"
        ],
        "Server": [
          "Microsoft-HTTPAPI/2.0"
        ],
        "x-ms-ratelimit-remaining-subscription-reads": [
          "11987"
        ],
        "x-ms-correlation-request-id": [
          "df563438-ce7e-40fa-b952-16b6fedc13ab"
        ],
        "x-ms-routing-request-id": [
          "WESTCENTRALUS:20230217T213648Z:df563438-ce7e-40fa-b952-16b6fedc13ab"
        ],
        "Strict-Transport-Security": [
          "max-age=31536000; includeSubDomains"
        ],
        "X-Content-Type-Options": [
          "nosniff"
        ],
        "Date": [
          "Fri, 17 Feb 2023 21:36:47 GMT"
        ],
        "Content-Length": [
          "455"
        ],
        "Content-Type": [
          "application/json; charset=utf-8"
        ],
        "Expires": [
          "-1"
        ]
      },
      "ResponseBody": "{\r\n  \"kind\": \"v12.0\",\r\n  \"properties\": {\r\n    \"administratorLogin\": \"testusername\",\r\n    \"version\": \"12.0\",\r\n    \"state\": \"Ready\",\r\n    \"fullyQualifiedDomainName\": \"ps3176.database.windows.net\",\r\n    \"privateEndpointConnections\": [],\r\n    \"publicNetworkAccess\": \"Enabled\",\r\n    \"restrictOutboundNetworkAccess\": \"Disabled\"\r\n  },\r\n  \"location\": \"westeurope\",\r\n  \"id\": \"/subscriptions/2c647056-bab2-4175-b172-493ff049eb29/resourceGroups/ps1805/providers/Microsoft.Sql/servers/ps3176\",\r\n  \"name\": \"ps3176\",\r\n  \"type\": \"Microsoft.Sql/servers\"\r\n}",
      "StatusCode": 200
    },
    {
      "RequestUri": "/subscriptions/2c647056-bab2-4175-b172-493ff049eb29/resourceGroups/ps1805/providers/Microsoft.Sql/servers/ps3176?api-version=2021-02-01-preview",
      "EncodedRequestUri": "L3N1YnNjcmlwdGlvbnMvMmM2NDcwNTYtYmFiMi00MTc1LWIxNzItNDkzZmYwNDllYjI5L3Jlc291cmNlR3JvdXBzL3BzMTgwNS9wcm92aWRlcnMvTWljcm9zb2Z0LlNxbC9zZXJ2ZXJzL3BzMzE3Nj9hcGktdmVyc2lvbj0yMDIxLTAyLTAxLXByZXZpZXc=",
      "RequestMethod": "GET",
      "RequestHeaders": {
        "x-ms-client-request-id": [
          "926da7bb-f134-4a83-8776-879ea639d23d"
        ],
        "Accept-Language": [
          "en-US"
        ],
        "User-Agent": [
          "FxVersion/4.700.22.55902",
          "OSName/Windows",
          "OSVersion/Microsoft.Windows.10.0.22621",
          "Microsoft.Azure.Management.Sql.SqlManagementClient/4.3.0"
        ]
      },
      "RequestBody": "",
      "ResponseHeaders": {
        "Cache-Control": [
          "no-cache"
        ],
        "Pragma": [
          "no-cache"
        ],
        "x-ms-request-id": [
          "f956ec17-1db8-45f2-8e6d-05f93a12dc62"
        ],
        "Server": [
          "Microsoft-HTTPAPI/2.0"
        ],
        "x-ms-ratelimit-remaining-subscription-reads": [
          "11986"
        ],
        "x-ms-correlation-request-id": [
          "60d4e16e-39be-4f38-a897-8b8f72fdb78f"
        ],
        "x-ms-routing-request-id": [
          "WESTCENTRALUS:20230217T213648Z:60d4e16e-39be-4f38-a897-8b8f72fdb78f"
        ],
        "Strict-Transport-Security": [
          "max-age=31536000; includeSubDomains"
        ],
        "X-Content-Type-Options": [
          "nosniff"
        ],
        "Date": [
          "Fri, 17 Feb 2023 21:36:48 GMT"
        ],
        "Content-Length": [
          "455"
        ],
        "Content-Type": [
          "application/json; charset=utf-8"
        ],
        "Expires": [
          "-1"
        ]
      },
      "ResponseBody": "{\r\n  \"kind\": \"v12.0\",\r\n  \"properties\": {\r\n    \"administratorLogin\": \"testusername\",\r\n    \"version\": \"12.0\",\r\n    \"state\": \"Ready\",\r\n    \"fullyQualifiedDomainName\": \"ps3176.database.windows.net\",\r\n    \"privateEndpointConnections\": [],\r\n    \"publicNetworkAccess\": \"Enabled\",\r\n    \"restrictOutboundNetworkAccess\": \"Disabled\"\r\n  },\r\n  \"location\": \"westeurope\",\r\n  \"id\": \"/subscriptions/2c647056-bab2-4175-b172-493ff049eb29/resourceGroups/ps1805/providers/Microsoft.Sql/servers/ps3176\",\r\n  \"name\": \"ps3176\",\r\n  \"type\": \"Microsoft.Sql/servers\"\r\n}",
      "StatusCode": 200
    },
    {
      "RequestUri": "/subscriptions/2c647056-bab2-4175-b172-493ff049eb29/resourceGroups/ps1805/providers/Microsoft.Sql/servers/ps3176?api-version=2021-02-01-preview",
      "EncodedRequestUri": "L3N1YnNjcmlwdGlvbnMvMmM2NDcwNTYtYmFiMi00MTc1LWIxNzItNDkzZmYwNDllYjI5L3Jlc291cmNlR3JvdXBzL3BzMTgwNS9wcm92aWRlcnMvTWljcm9zb2Z0LlNxbC9zZXJ2ZXJzL3BzMzE3Nj9hcGktdmVyc2lvbj0yMDIxLTAyLTAxLXByZXZpZXc=",
      "RequestMethod": "GET",
      "RequestHeaders": {
        "x-ms-client-request-id": [
          "926da7bb-f134-4a83-8776-879ea639d23d"
        ],
        "Accept-Language": [
          "en-US"
        ],
        "User-Agent": [
          "FxVersion/4.700.22.55902",
          "OSName/Windows",
          "OSVersion/Microsoft.Windows.10.0.22621",
          "Microsoft.Azure.Management.Sql.SqlManagementClient/4.3.0"
        ]
      },
      "RequestBody": "",
      "ResponseHeaders": {
        "Cache-Control": [
          "no-cache"
        ],
        "Pragma": [
          "no-cache"
        ],
        "x-ms-request-id": [
          "566ace60-6435-44e2-9267-8b046e63fb71"
        ],
        "Server": [
          "Microsoft-HTTPAPI/2.0"
        ],
        "x-ms-ratelimit-remaining-subscription-reads": [
          "11985"
        ],
        "x-ms-correlation-request-id": [
          "97e235db-1555-4bc8-bfd1-f0da036c3439"
        ],
        "x-ms-routing-request-id": [
          "WESTCENTRALUS:20230217T213649Z:97e235db-1555-4bc8-bfd1-f0da036c3439"
        ],
        "Strict-Transport-Security": [
          "max-age=31536000; includeSubDomains"
        ],
        "X-Content-Type-Options": [
          "nosniff"
        ],
        "Date": [
          "Fri, 17 Feb 2023 21:36:48 GMT"
        ],
        "Content-Length": [
          "455"
        ],
        "Content-Type": [
          "application/json; charset=utf-8"
        ],
        "Expires": [
          "-1"
        ]
      },
      "ResponseBody": "{\r\n  \"kind\": \"v12.0\",\r\n  \"properties\": {\r\n    \"administratorLogin\": \"testusername\",\r\n    \"version\": \"12.0\",\r\n    \"state\": \"Ready\",\r\n    \"fullyQualifiedDomainName\": \"ps3176.database.windows.net\",\r\n    \"privateEndpointConnections\": [],\r\n    \"publicNetworkAccess\": \"Enabled\",\r\n    \"restrictOutboundNetworkAccess\": \"Disabled\"\r\n  },\r\n  \"location\": \"westeurope\",\r\n  \"id\": \"/subscriptions/2c647056-bab2-4175-b172-493ff049eb29/resourceGroups/ps1805/providers/Microsoft.Sql/servers/ps3176\",\r\n  \"name\": \"ps3176\",\r\n  \"type\": \"Microsoft.Sql/servers\"\r\n}",
      "StatusCode": 200
    },
    {
      "RequestUri": "/subscriptions/2c647056-bab2-4175-b172-493ff049eb29/resourceGroups/ps1805/providers/Microsoft.Sql/servers/ps3176?api-version=2021-02-01-preview",
      "EncodedRequestUri": "L3N1YnNjcmlwdGlvbnMvMmM2NDcwNTYtYmFiMi00MTc1LWIxNzItNDkzZmYwNDllYjI5L3Jlc291cmNlR3JvdXBzL3BzMTgwNS9wcm92aWRlcnMvTWljcm9zb2Z0LlNxbC9zZXJ2ZXJzL3BzMzE3Nj9hcGktdmVyc2lvbj0yMDIxLTAyLTAxLXByZXZpZXc=",
      "RequestMethod": "PUT",
      "RequestHeaders": {
        "x-ms-client-request-id": [
          "53d32af9-95c8-4266-a756-d0e1ce50d951"
        ],
        "Accept-Language": [
          "en-US"
        ],
        "User-Agent": [
          "FxVersion/4.700.22.55902",
          "OSName/Windows",
          "OSVersion/Microsoft.Windows.10.0.22621",
          "Microsoft.Azure.Management.Sql.SqlManagementClient/4.3.0"
        ],
        "Content-Type": [
          "application/json; charset=utf-8"
        ],
        "Content-Length": [
          "154"
        ]
      },
      "RequestBody": "{\r\n  \"properties\": {\r\n    \"administratorLogin\": \"testusername\",\r\n    \"administratorLoginPassword\": \"t357ingP@s5w0rd!\"\r\n  },\r\n  \"location\": \"westeurope\"\r\n}",
      "ResponseHeaders": {
        "Cache-Control": [
          "no-cache"
        ],
        "Pragma": [
          "no-cache"
        ],
        "Location": [
          "https://management.azure.com/subscriptions/2c647056-bab2-4175-b172-493ff049eb29/resourceGroups/ps1805/providers/Microsoft.Sql/locations/westeurope/serverOperationResults/7152ae89-4a47-40a7-8e75-91093daf83ba?api-version=2021-02-01-preview"
        ],
        "Retry-After": [
          "1"
        ],
        "Azure-AsyncOperation": [
          "https://management.azure.com/subscriptions/2c647056-bab2-4175-b172-493ff049eb29/resourceGroups/ps1805/providers/Microsoft.Sql/locations/westeurope/serverAzureAsyncOperation/7152ae89-4a47-40a7-8e75-91093daf83ba?api-version=2021-02-01-preview"
        ],
        "x-ms-request-id": [
          "7152ae89-4a47-40a7-8e75-91093daf83ba"
        ],
        "Server": [
          "Microsoft-HTTPAPI/2.0"
        ],
        "x-ms-ratelimit-remaining-subscription-writes": [
          "1199"
        ],
        "x-ms-correlation-request-id": [
          "70bc4945-72c5-40fc-ac14-6799f9583acb"
        ],
        "x-ms-routing-request-id": [
          "WESTCENTRALUS:20230217T213541Z:70bc4945-72c5-40fc-ac14-6799f9583acb"
        ],
        "Strict-Transport-Security": [
          "max-age=31536000; includeSubDomains"
        ],
        "X-Content-Type-Options": [
          "nosniff"
        ],
        "Date": [
          "Fri, 17 Feb 2023 21:35:40 GMT"
        ],
        "Content-Length": [
          "74"
        ],
        "Content-Type": [
          "application/json; charset=utf-8"
        ],
        "Expires": [
          "-1"
        ]
      },
      "ResponseBody": "{\r\n  \"operation\": \"UpsertLogicalServer\",\r\n  \"startTime\": \"2023-02-17T21:35:41.317Z\"\r\n}",
      "StatusCode": 202
    },
    {
      "RequestUri": "/subscriptions/2c647056-bab2-4175-b172-493ff049eb29/resourceGroups/ps1805/providers/Microsoft.Sql/locations/westeurope/serverAzureAsyncOperation/7152ae89-4a47-40a7-8e75-91093daf83ba?api-version=2021-02-01-preview",
      "EncodedRequestUri": "L3N1YnNjcmlwdGlvbnMvMmM2NDcwNTYtYmFiMi00MTc1LWIxNzItNDkzZmYwNDllYjI5L3Jlc291cmNlR3JvdXBzL3BzMTgwNS9wcm92aWRlcnMvTWljcm9zb2Z0LlNxbC9sb2NhdGlvbnMvd2VzdGV1cm9wZS9zZXJ2ZXJBenVyZUFzeW5jT3BlcmF0aW9uLzcxNTJhZTg5LTRhNDctNDBhNy04ZTc1LTkxMDkzZGFmODNiYT9hcGktdmVyc2lvbj0yMDIxLTAyLTAxLXByZXZpZXc=",
      "RequestMethod": "GET",
      "RequestHeaders": {
        "x-ms-client-request-id": [
          "53d32af9-95c8-4266-a756-d0e1ce50d951"
        ],
        "User-Agent": [
          "FxVersion/4.700.22.55902",
          "OSName/Windows",
          "OSVersion/Microsoft.Windows.10.0.22621",
          "Microsoft.Azure.Management.Sql.SqlManagementClient/4.3.0"
        ]
      },
      "RequestBody": "",
      "ResponseHeaders": {
        "Cache-Control": [
          "no-cache"
        ],
        "Pragma": [
          "no-cache"
        ],
        "Retry-After": [
          "1"
        ],
        "x-ms-request-id": [
          "7124fded-738f-4dde-b9cd-a23592a84ec0"
        ],
        "Server": [
          "Microsoft-HTTPAPI/2.0"
        ],
        "x-ms-ratelimit-remaining-subscription-reads": [
          "11995"
        ],
        "x-ms-correlation-request-id": [
          "864ada47-13c8-4a24-88c2-e1b2a3067843"
        ],
        "x-ms-routing-request-id": [
          "WESTCENTRALUS:20230217T213542Z:864ada47-13c8-4a24-88c2-e1b2a3067843"
        ],
        "Strict-Transport-Security": [
          "max-age=31536000; includeSubDomains"
        ],
        "X-Content-Type-Options": [
          "nosniff"
        ],
        "Date": [
          "Fri, 17 Feb 2023 21:35:41 GMT"
        ],
        "Content-Length": [
          "108"
        ],
        "Content-Type": [
          "application/json; charset=utf-8"
        ],
        "Expires": [
          "-1"
        ]
      },
      "ResponseBody": "{\r\n  \"name\": \"7152ae89-4a47-40a7-8e75-91093daf83ba\",\r\n  \"status\": \"InProgress\",\r\n  \"startTime\": \"2023-02-17T21:35:41.317Z\"\r\n}",
      "StatusCode": 200
    },
    {
      "RequestUri": "/subscriptions/2c647056-bab2-4175-b172-493ff049eb29/resourceGroups/ps1805/providers/Microsoft.Sql/locations/westeurope/serverAzureAsyncOperation/7152ae89-4a47-40a7-8e75-91093daf83ba?api-version=2021-02-01-preview",
      "EncodedRequestUri": "L3N1YnNjcmlwdGlvbnMvMmM2NDcwNTYtYmFiMi00MTc1LWIxNzItNDkzZmYwNDllYjI5L3Jlc291cmNlR3JvdXBzL3BzMTgwNS9wcm92aWRlcnMvTWljcm9zb2Z0LlNxbC9sb2NhdGlvbnMvd2VzdGV1cm9wZS9zZXJ2ZXJBenVyZUFzeW5jT3BlcmF0aW9uLzcxNTJhZTg5LTRhNDctNDBhNy04ZTc1LTkxMDkzZGFmODNiYT9hcGktdmVyc2lvbj0yMDIxLTAyLTAxLXByZXZpZXc=",
      "RequestMethod": "GET",
      "RequestHeaders": {
        "x-ms-client-request-id": [
          "53d32af9-95c8-4266-a756-d0e1ce50d951"
        ],
        "User-Agent": [
          "FxVersion/4.700.22.55902",
          "OSName/Windows",
          "OSVersion/Microsoft.Windows.10.0.22621",
          "Microsoft.Azure.Management.Sql.SqlManagementClient/4.3.0"
        ]
      },
      "RequestBody": "",
      "ResponseHeaders": {
        "Cache-Control": [
          "no-cache"
        ],
        "Pragma": [
          "no-cache"
        ],
        "Retry-After": [
          "1"
        ],
        "x-ms-request-id": [
          "992428ac-89aa-4ffa-a50e-6a5cf214b322"
        ],
        "Server": [
          "Microsoft-HTTPAPI/2.0"
        ],
        "x-ms-ratelimit-remaining-subscription-reads": [
          "11994"
        ],
        "x-ms-correlation-request-id": [
          "35095f10-9ac4-49b0-b51f-27902ab5664d"
        ],
        "x-ms-routing-request-id": [
          "WESTCENTRALUS:20230217T213543Z:35095f10-9ac4-49b0-b51f-27902ab5664d"
        ],
        "Strict-Transport-Security": [
          "max-age=31536000; includeSubDomains"
        ],
        "X-Content-Type-Options": [
          "nosniff"
        ],
        "Date": [
          "Fri, 17 Feb 2023 21:35:42 GMT"
        ],
        "Content-Length": [
          "108"
        ],
        "Content-Type": [
          "application/json; charset=utf-8"
        ],
        "Expires": [
          "-1"
        ]
      },
      "ResponseBody": "{\r\n  \"name\": \"7152ae89-4a47-40a7-8e75-91093daf83ba\",\r\n  \"status\": \"InProgress\",\r\n  \"startTime\": \"2023-02-17T21:35:41.317Z\"\r\n}",
      "StatusCode": 200
    },
    {
      "RequestUri": "/subscriptions/2c647056-bab2-4175-b172-493ff049eb29/resourceGroups/ps1805/providers/Microsoft.Sql/locations/westeurope/serverAzureAsyncOperation/7152ae89-4a47-40a7-8e75-91093daf83ba?api-version=2021-02-01-preview",
      "EncodedRequestUri": "L3N1YnNjcmlwdGlvbnMvMmM2NDcwNTYtYmFiMi00MTc1LWIxNzItNDkzZmYwNDllYjI5L3Jlc291cmNlR3JvdXBzL3BzMTgwNS9wcm92aWRlcnMvTWljcm9zb2Z0LlNxbC9sb2NhdGlvbnMvd2VzdGV1cm9wZS9zZXJ2ZXJBenVyZUFzeW5jT3BlcmF0aW9uLzcxNTJhZTg5LTRhNDctNDBhNy04ZTc1LTkxMDkzZGFmODNiYT9hcGktdmVyc2lvbj0yMDIxLTAyLTAxLXByZXZpZXc=",
      "RequestMethod": "GET",
      "RequestHeaders": {
        "x-ms-client-request-id": [
          "53d32af9-95c8-4266-a756-d0e1ce50d951"
        ],
        "User-Agent": [
          "FxVersion/4.700.22.55902",
          "OSName/Windows",
          "OSVersion/Microsoft.Windows.10.0.22621",
          "Microsoft.Azure.Management.Sql.SqlManagementClient/4.3.0"
        ]
      },
      "RequestBody": "",
      "ResponseHeaders": {
        "Cache-Control": [
          "no-cache"
        ],
        "Pragma": [
          "no-cache"
        ],
        "Retry-After": [
          "1"
        ],
        "x-ms-request-id": [
          "a53378bc-0c5a-4713-a04f-ae7ca321a26c"
        ],
        "Server": [
          "Microsoft-HTTPAPI/2.0"
        ],
        "x-ms-ratelimit-remaining-subscription-reads": [
          "11993"
        ],
        "x-ms-correlation-request-id": [
          "eeab47c7-3bbb-4320-8594-3dc693298017"
        ],
        "x-ms-routing-request-id": [
          "WESTCENTRALUS:20230217T213544Z:eeab47c7-3bbb-4320-8594-3dc693298017"
        ],
        "Strict-Transport-Security": [
          "max-age=31536000; includeSubDomains"
        ],
        "X-Content-Type-Options": [
          "nosniff"
        ],
        "Date": [
          "Fri, 17 Feb 2023 21:35:44 GMT"
        ],
        "Content-Length": [
          "108"
        ],
        "Content-Type": [
          "application/json; charset=utf-8"
        ],
        "Expires": [
          "-1"
        ]
      },
      "ResponseBody": "{\r\n  \"name\": \"7152ae89-4a47-40a7-8e75-91093daf83ba\",\r\n  \"status\": \"InProgress\",\r\n  \"startTime\": \"2023-02-17T21:35:41.317Z\"\r\n}",
      "StatusCode": 200
    },
    {
      "RequestUri": "/subscriptions/2c647056-bab2-4175-b172-493ff049eb29/resourceGroups/ps1805/providers/Microsoft.Sql/locations/westeurope/serverAzureAsyncOperation/7152ae89-4a47-40a7-8e75-91093daf83ba?api-version=2021-02-01-preview",
      "EncodedRequestUri": "L3N1YnNjcmlwdGlvbnMvMmM2NDcwNTYtYmFiMi00MTc1LWIxNzItNDkzZmYwNDllYjI5L3Jlc291cmNlR3JvdXBzL3BzMTgwNS9wcm92aWRlcnMvTWljcm9zb2Z0LlNxbC9sb2NhdGlvbnMvd2VzdGV1cm9wZS9zZXJ2ZXJBenVyZUFzeW5jT3BlcmF0aW9uLzcxNTJhZTg5LTRhNDctNDBhNy04ZTc1LTkxMDkzZGFmODNiYT9hcGktdmVyc2lvbj0yMDIxLTAyLTAxLXByZXZpZXc=",
      "RequestMethod": "GET",
      "RequestHeaders": {
        "x-ms-client-request-id": [
          "53d32af9-95c8-4266-a756-d0e1ce50d951"
        ],
        "User-Agent": [
          "FxVersion/4.700.22.55902",
          "OSName/Windows",
          "OSVersion/Microsoft.Windows.10.0.22621",
          "Microsoft.Azure.Management.Sql.SqlManagementClient/4.3.0"
        ]
      },
      "RequestBody": "",
      "ResponseHeaders": {
        "Cache-Control": [
          "no-cache"
        ],
        "Pragma": [
          "no-cache"
        ],
        "Retry-After": [
          "1"
        ],
        "x-ms-request-id": [
          "fe6a24d6-28b6-4aeb-9946-c39b953ba25b"
        ],
        "Server": [
          "Microsoft-HTTPAPI/2.0"
        ],
        "x-ms-ratelimit-remaining-subscription-reads": [
          "11992"
        ],
        "x-ms-correlation-request-id": [
          "6ce7cc90-0502-4ecb-b1da-6767cafa7b3c"
        ],
        "x-ms-routing-request-id": [
          "WESTCENTRALUS:20230217T213546Z:6ce7cc90-0502-4ecb-b1da-6767cafa7b3c"
        ],
        "Strict-Transport-Security": [
          "max-age=31536000; includeSubDomains"
        ],
        "X-Content-Type-Options": [
          "nosniff"
        ],
        "Date": [
          "Fri, 17 Feb 2023 21:35:45 GMT"
        ],
        "Content-Length": [
          "108"
        ],
        "Content-Type": [
          "application/json; charset=utf-8"
        ],
        "Expires": [
          "-1"
        ]
      },
      "ResponseBody": "{\r\n  \"name\": \"7152ae89-4a47-40a7-8e75-91093daf83ba\",\r\n  \"status\": \"InProgress\",\r\n  \"startTime\": \"2023-02-17T21:35:41.317Z\"\r\n}",
      "StatusCode": 200
    },
    {
      "RequestUri": "/subscriptions/2c647056-bab2-4175-b172-493ff049eb29/resourceGroups/ps1805/providers/Microsoft.Sql/locations/westeurope/serverAzureAsyncOperation/7152ae89-4a47-40a7-8e75-91093daf83ba?api-version=2021-02-01-preview",
      "EncodedRequestUri": "L3N1YnNjcmlwdGlvbnMvMmM2NDcwNTYtYmFiMi00MTc1LWIxNzItNDkzZmYwNDllYjI5L3Jlc291cmNlR3JvdXBzL3BzMTgwNS9wcm92aWRlcnMvTWljcm9zb2Z0LlNxbC9sb2NhdGlvbnMvd2VzdGV1cm9wZS9zZXJ2ZXJBenVyZUFzeW5jT3BlcmF0aW9uLzcxNTJhZTg5LTRhNDctNDBhNy04ZTc1LTkxMDkzZGFmODNiYT9hcGktdmVyc2lvbj0yMDIxLTAyLTAxLXByZXZpZXc=",
      "RequestMethod": "GET",
      "RequestHeaders": {
        "x-ms-client-request-id": [
          "53d32af9-95c8-4266-a756-d0e1ce50d951"
        ],
        "User-Agent": [
          "FxVersion/4.700.22.55902",
          "OSName/Windows",
          "OSVersion/Microsoft.Windows.10.0.22621",
          "Microsoft.Azure.Management.Sql.SqlManagementClient/4.3.0"
        ]
      },
      "RequestBody": "",
      "ResponseHeaders": {
        "Cache-Control": [
          "no-cache"
        ],
        "Pragma": [
          "no-cache"
        ],
        "Retry-After": [
          "20"
        ],
        "x-ms-request-id": [
          "fb246859-a7d5-4493-aa86-c3330f294006"
        ],
        "Server": [
          "Microsoft-HTTPAPI/2.0"
        ],
        "x-ms-ratelimit-remaining-subscription-reads": [
          "11991"
        ],
        "x-ms-correlation-request-id": [
          "810945ee-18f1-4e50-a2e3-fc882ec180dd"
        ],
        "x-ms-routing-request-id": [
          "WESTCENTRALUS:20230217T213547Z:810945ee-18f1-4e50-a2e3-fc882ec180dd"
        ],
        "Strict-Transport-Security": [
          "max-age=31536000; includeSubDomains"
        ],
        "X-Content-Type-Options": [
          "nosniff"
        ],
        "Date": [
          "Fri, 17 Feb 2023 21:35:46 GMT"
        ],
        "Content-Length": [
          "108"
        ],
        "Content-Type": [
          "application/json; charset=utf-8"
        ],
        "Expires": [
          "-1"
        ]
      },
      "ResponseBody": "{\r\n  \"name\": \"7152ae89-4a47-40a7-8e75-91093daf83ba\",\r\n  \"status\": \"InProgress\",\r\n  \"startTime\": \"2023-02-17T21:35:41.317Z\"\r\n}",
      "StatusCode": 200
    },
    {
      "RequestUri": "/subscriptions/2c647056-bab2-4175-b172-493ff049eb29/resourceGroups/ps1805/providers/Microsoft.Sql/locations/westeurope/serverAzureAsyncOperation/7152ae89-4a47-40a7-8e75-91093daf83ba?api-version=2021-02-01-preview",
      "EncodedRequestUri": "L3N1YnNjcmlwdGlvbnMvMmM2NDcwNTYtYmFiMi00MTc1LWIxNzItNDkzZmYwNDllYjI5L3Jlc291cmNlR3JvdXBzL3BzMTgwNS9wcm92aWRlcnMvTWljcm9zb2Z0LlNxbC9sb2NhdGlvbnMvd2VzdGV1cm9wZS9zZXJ2ZXJBenVyZUFzeW5jT3BlcmF0aW9uLzcxNTJhZTg5LTRhNDctNDBhNy04ZTc1LTkxMDkzZGFmODNiYT9hcGktdmVyc2lvbj0yMDIxLTAyLTAxLXByZXZpZXc=",
      "RequestMethod": "GET",
      "RequestHeaders": {
        "x-ms-client-request-id": [
          "53d32af9-95c8-4266-a756-d0e1ce50d951"
        ],
        "User-Agent": [
          "FxVersion/4.700.22.55902",
          "OSName/Windows",
          "OSVersion/Microsoft.Windows.10.0.22621",
          "Microsoft.Azure.Management.Sql.SqlManagementClient/4.3.0"
        ]
      },
      "RequestBody": "",
      "ResponseHeaders": {
        "Cache-Control": [
          "no-cache"
        ],
        "Pragma": [
          "no-cache"
        ],
        "Retry-After": [
          "20"
        ],
        "x-ms-request-id": [
          "703d3140-87e5-414c-b31d-7b210ac663b2"
        ],
        "Server": [
          "Microsoft-HTTPAPI/2.0"
        ],
        "x-ms-ratelimit-remaining-subscription-reads": [
          "11990"
        ],
        "x-ms-correlation-request-id": [
          "222c2f9e-fd73-4b7e-be31-58e090281172"
        ],
        "x-ms-routing-request-id": [
          "WESTCENTRALUS:20230217T213607Z:222c2f9e-fd73-4b7e-be31-58e090281172"
        ],
        "Strict-Transport-Security": [
          "max-age=31536000; includeSubDomains"
        ],
        "X-Content-Type-Options": [
          "nosniff"
        ],
        "Date": [
          "Fri, 17 Feb 2023 21:36:07 GMT"
        ],
        "Content-Length": [
          "108"
        ],
        "Content-Type": [
          "application/json; charset=utf-8"
        ],
        "Expires": [
          "-1"
        ]
      },
      "ResponseBody": "{\r\n  \"name\": \"7152ae89-4a47-40a7-8e75-91093daf83ba\",\r\n  \"status\": \"InProgress\",\r\n  \"startTime\": \"2023-02-17T21:35:41.317Z\"\r\n}",
      "StatusCode": 200
    },
    {
      "RequestUri": "/subscriptions/2c647056-bab2-4175-b172-493ff049eb29/resourceGroups/ps1805/providers/Microsoft.Sql/locations/westeurope/serverAzureAsyncOperation/7152ae89-4a47-40a7-8e75-91093daf83ba?api-version=2021-02-01-preview",
      "EncodedRequestUri": "L3N1YnNjcmlwdGlvbnMvMmM2NDcwNTYtYmFiMi00MTc1LWIxNzItNDkzZmYwNDllYjI5L3Jlc291cmNlR3JvdXBzL3BzMTgwNS9wcm92aWRlcnMvTWljcm9zb2Z0LlNxbC9sb2NhdGlvbnMvd2VzdGV1cm9wZS9zZXJ2ZXJBenVyZUFzeW5jT3BlcmF0aW9uLzcxNTJhZTg5LTRhNDctNDBhNy04ZTc1LTkxMDkzZGFmODNiYT9hcGktdmVyc2lvbj0yMDIxLTAyLTAxLXByZXZpZXc=",
      "RequestMethod": "GET",
      "RequestHeaders": {
        "x-ms-client-request-id": [
          "53d32af9-95c8-4266-a756-d0e1ce50d951"
        ],
        "User-Agent": [
          "FxVersion/4.700.22.55902",
          "OSName/Windows",
          "OSVersion/Microsoft.Windows.10.0.22621",
          "Microsoft.Azure.Management.Sql.SqlManagementClient/4.3.0"
        ]
      },
      "RequestBody": "",
      "ResponseHeaders": {
        "Cache-Control": [
          "no-cache"
        ],
        "Pragma": [
          "no-cache"
        ],
        "Retry-After": [
          "20"
        ],
        "x-ms-request-id": [
          "decfdb4f-077d-489e-99e3-cb2e3918914c"
        ],
        "Server": [
          "Microsoft-HTTPAPI/2.0"
        ],
        "x-ms-ratelimit-remaining-subscription-reads": [
          "11989"
        ],
        "x-ms-correlation-request-id": [
          "01ac228f-0c39-4ce6-9b10-eeeba766d135"
        ],
        "x-ms-routing-request-id": [
          "WESTCENTRALUS:20230217T213627Z:01ac228f-0c39-4ce6-9b10-eeeba766d135"
        ],
        "Strict-Transport-Security": [
          "max-age=31536000; includeSubDomains"
        ],
        "X-Content-Type-Options": [
          "nosniff"
        ],
        "Date": [
          "Fri, 17 Feb 2023 21:36:27 GMT"
        ],
        "Content-Length": [
          "108"
        ],
        "Content-Type": [
          "application/json; charset=utf-8"
        ],
        "Expires": [
          "-1"
        ]
      },
      "ResponseBody": "{\r\n  \"name\": \"7152ae89-4a47-40a7-8e75-91093daf83ba\",\r\n  \"status\": \"InProgress\",\r\n  \"startTime\": \"2023-02-17T21:35:41.317Z\"\r\n}",
      "StatusCode": 200
    },
    {
      "RequestUri": "/subscriptions/2c647056-bab2-4175-b172-493ff049eb29/resourceGroups/ps1805/providers/Microsoft.Sql/locations/westeurope/serverAzureAsyncOperation/7152ae89-4a47-40a7-8e75-91093daf83ba?api-version=2021-02-01-preview",
      "EncodedRequestUri": "L3N1YnNjcmlwdGlvbnMvMmM2NDcwNTYtYmFiMi00MTc1LWIxNzItNDkzZmYwNDllYjI5L3Jlc291cmNlR3JvdXBzL3BzMTgwNS9wcm92aWRlcnMvTWljcm9zb2Z0LlNxbC9sb2NhdGlvbnMvd2VzdGV1cm9wZS9zZXJ2ZXJBenVyZUFzeW5jT3BlcmF0aW9uLzcxNTJhZTg5LTRhNDctNDBhNy04ZTc1LTkxMDkzZGFmODNiYT9hcGktdmVyc2lvbj0yMDIxLTAyLTAxLXByZXZpZXc=",
      "RequestMethod": "GET",
      "RequestHeaders": {
        "x-ms-client-request-id": [
          "53d32af9-95c8-4266-a756-d0e1ce50d951"
        ],
        "User-Agent": [
          "FxVersion/4.700.22.55902",
          "OSName/Windows",
          "OSVersion/Microsoft.Windows.10.0.22621",
          "Microsoft.Azure.Management.Sql.SqlManagementClient/4.3.0"
        ]
      },
      "RequestBody": "",
      "ResponseHeaders": {
        "Cache-Control": [
          "no-cache"
        ],
        "Pragma": [
          "no-cache"
        ],
        "Retry-After": [
          "15"
        ],
        "x-ms-request-id": [
          "55b13842-45b4-4047-a72f-7f4e5ecd4ccf"
        ],
        "Server": [
          "Microsoft-HTTPAPI/2.0"
        ],
        "x-ms-ratelimit-remaining-subscription-reads": [
          "11988"
        ],
        "x-ms-correlation-request-id": [
          "7b9bb416-b855-4d59-a2f7-79765c53da56"
        ],
        "x-ms-routing-request-id": [
          "WESTCENTRALUS:20230217T213648Z:7b9bb416-b855-4d59-a2f7-79765c53da56"
        ],
        "Strict-Transport-Security": [
          "max-age=31536000; includeSubDomains"
        ],
        "X-Content-Type-Options": [
          "nosniff"
        ],
        "Date": [
          "Fri, 17 Feb 2023 21:36:47 GMT"
        ],
        "Content-Length": [
          "107"
        ],
        "Content-Type": [
          "application/json; charset=utf-8"
        ],
        "Expires": [
          "-1"
        ]
      },
      "ResponseBody": "{\r\n  \"name\": \"7152ae89-4a47-40a7-8e75-91093daf83ba\",\r\n  \"status\": \"Succeeded\",\r\n  \"startTime\": \"2023-02-17T21:35:41.317Z\"\r\n}",
      "StatusCode": 200
    },
    {
      "RequestUri": "/subscriptions/2c647056-bab2-4175-b172-493ff049eb29/resourceGroups/ps1805/providers/Microsoft.Sql/servers/ps3176/databases/ps7866?api-version=2022-08-01-preview",
      "EncodedRequestUri": "L3N1YnNjcmlwdGlvbnMvMmM2NDcwNTYtYmFiMi00MTc1LWIxNzItNDkzZmYwNDllYjI5L3Jlc291cmNlR3JvdXBzL3BzMTgwNS9wcm92aWRlcnMvTWljcm9zb2Z0LlNxbC9zZXJ2ZXJzL3BzMzE3Ni9kYXRhYmFzZXMvcHM3ODY2P2FwaS12ZXJzaW9uPTIwMjItMDgtMDEtcHJldmlldw==",
      "RequestMethod": "GET",
      "RequestHeaders": {
        "x-ms-client-request-id": [
          "926da7bb-f134-4a83-8776-879ea639d23d"
        ],
        "Accept-Language": [
          "en-US"
        ],
        "User-Agent": [
          "FxVersion/4.700.22.55902",
          "OSName/Windows",
          "OSVersion/Microsoft.Windows.10.0.22621",
          "Microsoft.Azure.Management.Sql.SqlManagementClient/4.3.0"
        ]
      },
      "RequestBody": "",
      "ResponseHeaders": {
        "Cache-Control": [
          "no-cache"
        ],
        "Pragma": [
          "no-cache"
        ],
        "x-ms-failure-cause": [
          "gateway"
        ],
        "x-ms-request-id": [
          "76320611-6cae-41cd-bf84-888f7fca49fb"
        ],
        "x-ms-correlation-request-id": [
          "76320611-6cae-41cd-bf84-888f7fca49fb"
        ],
        "x-ms-routing-request-id": [
          "WESTUS:20230217T213649Z:76320611-6cae-41cd-bf84-888f7fca49fb"
        ],
        "Strict-Transport-Security": [
          "max-age=31536000; includeSubDomains"
        ],
        "X-Content-Type-Options": [
          "nosniff"
        ],
        "Date": [
          "Fri, 17 Feb 2023 21:36:48 GMT"
        ],
        "Content-Type": [
          "application/json; charset=utf-8"
        ],
        "Expires": [
          "-1"
        ],
        "Content-Length": [
          "223"
        ]
      },
      "ResponseBody": "{\r\n  \"error\": {\r\n    \"code\": \"ResourceNotFound\",\r\n    \"message\": \"The Resource 'Microsoft.Sql/servers/ps3176/databases/ps7866' under resource group 'ps1805' was not found. For more details please go to https://aka.ms/ARMResourceNotFoundFix\"\r\n  }\r\n}",
      "StatusCode": 404
    },
    {
      "RequestUri": "/subscriptions/2c647056-bab2-4175-b172-493ff049eb29/resourceGroups/ps1805/providers/Microsoft.Sql/servers/ps3176/databases/ps7866?api-version=2022-08-01-preview",
      "EncodedRequestUri": "L3N1YnNjcmlwdGlvbnMvMmM2NDcwNTYtYmFiMi00MTc1LWIxNzItNDkzZmYwNDllYjI5L3Jlc291cmNlR3JvdXBzL3BzMTgwNS9wcm92aWRlcnMvTWljcm9zb2Z0LlNxbC9zZXJ2ZXJzL3BzMzE3Ni9kYXRhYmFzZXMvcHM3ODY2P2FwaS12ZXJzaW9uPTIwMjItMDgtMDEtcHJldmlldw==",
      "RequestMethod": "GET",
      "RequestHeaders": {
        "x-ms-client-request-id": [
          "926da7bb-f134-4a83-8776-879ea639d23d"
        ],
        "User-Agent": [
          "FxVersion/4.700.22.55902",
          "OSName/Windows",
          "OSVersion/Microsoft.Windows.10.0.22621",
          "Microsoft.Azure.Management.Sql.SqlManagementClient/4.3.0"
        ]
      },
      "RequestBody": "",
      "ResponseHeaders": {
        "Cache-Control": [
          "no-cache"
        ],
        "Pragma": [
          "no-cache"
        ],
        "x-ms-request-id": [
          "16f54a71-71d5-4e1b-a1f2-1bbbada3fbba"
        ],
        "Server": [
          "Microsoft-HTTPAPI/2.0"
        ],
        "x-ms-ratelimit-remaining-subscription-reads": [
          "11995"
        ],
        "x-ms-correlation-request-id": [
          "95b5224a-d357-406d-9c99-89b694e50c89"
        ],
        "x-ms-routing-request-id": [
          "WESTUS:20230217T213755Z:95b5224a-d357-406d-9c99-89b694e50c89"
        ],
        "Strict-Transport-Security": [
          "max-age=31536000; includeSubDomains"
        ],
        "X-Content-Type-Options": [
          "nosniff"
        ],
        "Date": [
          "Fri, 17 Feb 2023 21:37:55 GMT"
        ],
        "Content-Length": [
          "1114"
        ],
        "Content-Type": [
          "application/json; charset=utf-8"
        ],
        "Expires": [
          "-1"
        ]
      },
      "ResponseBody": "{\r\n  \"sku\": {\r\n    \"name\": \"Basic\",\r\n    \"tier\": \"Basic\",\r\n    \"capacity\": 5\r\n  },\r\n  \"kind\": \"v12.0,user\",\r\n  \"properties\": {\r\n    \"collation\": \"SQL_Latin1_General_CP1_CI_AS\",\r\n    \"maxSizeBytes\": 2147483648,\r\n    \"status\": \"Online\",\r\n    \"databaseId\": \"79cd0dcb-856f-4c79-9b1d-d9e6559d256a\",\r\n    \"creationDate\": \"2023-02-17T21:37:44.723Z\",\r\n    \"currentServiceObjectiveName\": \"Basic\",\r\n    \"requestedServiceObjectiveName\": \"Basic\",\r\n    \"defaultSecondaryLocation\": \"northeurope\",\r\n    \"catalogCollation\": \"SQL_Latin1_General_CP1_CI_AS\",\r\n    \"zoneRedundant\": false,\r\n    \"readScale\": \"Disabled\",\r\n    \"currentSku\": {\r\n      \"name\": \"Basic\",\r\n      \"tier\": \"Basic\",\r\n      \"capacity\": 5\r\n    },\r\n    \"currentBackupStorageRedundancy\": \"Geo\",\r\n    \"requestedBackupStorageRedundancy\": \"Geo\",\r\n    \"maintenanceConfigurationId\": \"/subscriptions/2c647056-bab2-4175-b172-493ff049eb29/providers/Microsoft.Maintenance/publicMaintenanceConfigurations/SQL_Default\",\r\n    \"isLedgerOn\": false,\r\n    \"isInfraEncryptionEnabled\": false,\r\n    \"availabilityZone\": \"NoPreference\"\r\n  },\r\n  \"location\": \"westeurope\",\r\n  \"tags\": {\r\n    \"tag_key\": \"tag_value\"\r\n  },\r\n  \"id\": \"/subscriptions/2c647056-bab2-4175-b172-493ff049eb29/resourceGroups/ps1805/providers/Microsoft.Sql/servers/ps3176/databases/ps7866\",\r\n  \"name\": \"ps7866\",\r\n  \"type\": \"Microsoft.Sql/servers/databases\"\r\n}",
      "StatusCode": 200
    },
    {
      "RequestUri": "/subscriptions/2c647056-bab2-4175-b172-493ff049eb29/resourceGroups/ps1805/providers/Microsoft.Sql/servers/ps3176/databases/ps7866?api-version=2022-08-01-preview",
      "EncodedRequestUri": "L3N1YnNjcmlwdGlvbnMvMmM2NDcwNTYtYmFiMi00MTc1LWIxNzItNDkzZmYwNDllYjI5L3Jlc291cmNlR3JvdXBzL3BzMTgwNS9wcm92aWRlcnMvTWljcm9zb2Z0LlNxbC9zZXJ2ZXJzL3BzMzE3Ni9kYXRhYmFzZXMvcHM3ODY2P2FwaS12ZXJzaW9uPTIwMjItMDgtMDEtcHJldmlldw==",
      "RequestMethod": "PUT",
      "RequestHeaders": {
        "x-ms-client-request-id": [
          "926da7bb-f134-4a83-8776-879ea639d23d"
        ],
        "Accept-Language": [
          "en-US"
        ],
        "User-Agent": [
          "FxVersion/4.700.22.55902",
          "OSName/Windows",
          "OSVersion/Microsoft.Windows.10.0.22621",
          "Microsoft.Azure.Management.Sql.SqlManagementClient/4.3.0"
        ],
        "Content-Type": [
          "application/json; charset=utf-8"
        ],
        "Content-Length": [
          "244"
        ]
      },
      "RequestBody": "{\r\n  \"sku\": {\r\n    \"name\": \"Basic\"\r\n  },\r\n  \"properties\": {\r\n    \"maxSizeBytes\": 0,\r\n    \"sampleName\": \"AdventureWorksLT\",\r\n    \"readScale\": \"\",\r\n    \"keys\": {}\r\n  },\r\n  \"location\": \"westeurope\",\r\n  \"tags\": {\r\n    \"tag_key\": \"tag_value\"\r\n  }\r\n}",
      "ResponseHeaders": {
        "Cache-Control": [
          "no-cache"
        ],
        "Pragma": [
          "no-cache"
        ],
        "Location": [
          "https://management.azure.com/subscriptions/2c647056-bab2-4175-b172-493ff049eb29/resourceGroups/ps1805/providers/Microsoft.Sql/locations/westeurope/databaseOperationResults/2ff0d5eb-f71d-4996-948d-739f2953e981?api-version=2022-08-01-preview"
        ],
        "Retry-After": [
          "15"
        ],
        "Azure-AsyncOperation": [
          "https://management.azure.com/subscriptions/2c647056-bab2-4175-b172-493ff049eb29/resourceGroups/ps1805/providers/Microsoft.Sql/locations/westeurope/databaseAzureAsyncOperation/2ff0d5eb-f71d-4996-948d-739f2953e981?api-version=2022-08-01-preview"
        ],
        "x-ms-request-id": [
          "2ff0d5eb-f71d-4996-948d-739f2953e981"
        ],
        "Server": [
          "Microsoft-HTTPAPI/2.0"
        ],
        "x-ms-ratelimit-remaining-subscription-writes": [
          "1199"
        ],
        "x-ms-correlation-request-id": [
          "a6aad9b0-ae62-4c08-97db-58d47e4c52f2"
        ],
        "x-ms-routing-request-id": [
          "WESTUS:20230217T213652Z:a6aad9b0-ae62-4c08-97db-58d47e4c52f2"
        ],
        "Strict-Transport-Security": [
          "max-age=31536000; includeSubDomains"
        ],
        "X-Content-Type-Options": [
          "nosniff"
        ],
        "Date": [
          "Fri, 17 Feb 2023 21:36:51 GMT"
        ],
        "Content-Length": [
          "76"
        ],
        "Content-Type": [
          "application/json; charset=utf-8"
        ],
        "Expires": [
          "-1"
        ]
      },
      "ResponseBody": "{\r\n  \"operation\": \"CreateLogicalDatabase\",\r\n  \"startTime\": \"2023-02-17T21:36:52.253Z\"\r\n}",
      "StatusCode": 202
    },
    {
      "RequestUri": "/subscriptions/2c647056-bab2-4175-b172-493ff049eb29/resourceGroups/ps1805/providers/Microsoft.Sql/locations/westeurope/databaseAzureAsyncOperation/2ff0d5eb-f71d-4996-948d-739f2953e981?api-version=2022-08-01-preview",
      "EncodedRequestUri": "L3N1YnNjcmlwdGlvbnMvMmM2NDcwNTYtYmFiMi00MTc1LWIxNzItNDkzZmYwNDllYjI5L3Jlc291cmNlR3JvdXBzL3BzMTgwNS9wcm92aWRlcnMvTWljcm9zb2Z0LlNxbC9sb2NhdGlvbnMvd2VzdGV1cm9wZS9kYXRhYmFzZUF6dXJlQXN5bmNPcGVyYXRpb24vMmZmMGQ1ZWItZjcxZC00OTk2LTk0OGQtNzM5ZjI5NTNlOTgxP2FwaS12ZXJzaW9uPTIwMjItMDgtMDEtcHJldmlldw==",
      "RequestMethod": "GET",
      "RequestHeaders": {
        "x-ms-client-request-id": [
          "926da7bb-f134-4a83-8776-879ea639d23d"
        ],
        "User-Agent": [
          "FxVersion/4.700.22.55902",
          "OSName/Windows",
          "OSVersion/Microsoft.Windows.10.0.22621",
          "Microsoft.Azure.Management.Sql.SqlManagementClient/4.3.0"
        ]
      },
      "RequestBody": "",
      "ResponseHeaders": {
        "Cache-Control": [
          "no-cache"
        ],
        "Pragma": [
          "no-cache"
        ],
        "Retry-After": [
          "15"
        ],
        "x-ms-request-id": [
          "4c951cc1-02e3-4adc-80f4-6ef9ac5335b8"
        ],
        "Server": [
          "Microsoft-HTTPAPI/2.0"
        ],
        "x-ms-ratelimit-remaining-subscription-reads": [
          "11999"
        ],
        "x-ms-correlation-request-id": [
          "62115fa1-7ac2-4e66-800c-dfff5fa5a4c7"
        ],
        "x-ms-routing-request-id": [
          "WESTUS:20230217T213708Z:62115fa1-7ac2-4e66-800c-dfff5fa5a4c7"
        ],
        "Strict-Transport-Security": [
          "max-age=31536000; includeSubDomains"
        ],
        "X-Content-Type-Options": [
          "nosniff"
        ],
        "Date": [
          "Fri, 17 Feb 2023 21:37:07 GMT"
        ],
        "Content-Length": [
          "108"
        ],
        "Content-Type": [
          "application/json; charset=utf-8"
        ],
        "Expires": [
          "-1"
        ]
      },
      "ResponseBody": "{\r\n  \"name\": \"2ff0d5eb-f71d-4996-948d-739f2953e981\",\r\n  \"status\": \"InProgress\",\r\n  \"startTime\": \"2023-02-17T21:36:52.253Z\"\r\n}",
      "StatusCode": 200
    },
    {
      "RequestUri": "/subscriptions/2c647056-bab2-4175-b172-493ff049eb29/resourceGroups/ps1805/providers/Microsoft.Sql/locations/westeurope/databaseAzureAsyncOperation/2ff0d5eb-f71d-4996-948d-739f2953e981?api-version=2022-08-01-preview",
      "EncodedRequestUri": "L3N1YnNjcmlwdGlvbnMvMmM2NDcwNTYtYmFiMi00MTc1LWIxNzItNDkzZmYwNDllYjI5L3Jlc291cmNlR3JvdXBzL3BzMTgwNS9wcm92aWRlcnMvTWljcm9zb2Z0LlNxbC9sb2NhdGlvbnMvd2VzdGV1cm9wZS9kYXRhYmFzZUF6dXJlQXN5bmNPcGVyYXRpb24vMmZmMGQ1ZWItZjcxZC00OTk2LTk0OGQtNzM5ZjI5NTNlOTgxP2FwaS12ZXJzaW9uPTIwMjItMDgtMDEtcHJldmlldw==",
      "RequestMethod": "GET",
      "RequestHeaders": {
        "x-ms-client-request-id": [
          "926da7bb-f134-4a83-8776-879ea639d23d"
        ],
        "User-Agent": [
          "FxVersion/4.700.22.55902",
          "OSName/Windows",
          "OSVersion/Microsoft.Windows.10.0.22621",
          "Microsoft.Azure.Management.Sql.SqlManagementClient/4.3.0"
        ]
      },
      "RequestBody": "",
      "ResponseHeaders": {
        "Cache-Control": [
          "no-cache"
        ],
        "Pragma": [
          "no-cache"
        ],
        "Retry-After": [
          "15"
        ],
        "x-ms-request-id": [
          "c3591660-6701-4ac2-a12a-3701bef39c17"
        ],
        "Server": [
          "Microsoft-HTTPAPI/2.0"
        ],
        "x-ms-ratelimit-remaining-subscription-reads": [
          "11998"
        ],
        "x-ms-correlation-request-id": [
          "e35bc5f9-ff58-420f-a9de-52fd68644cb6"
        ],
        "x-ms-routing-request-id": [
          "WESTUS:20230217T213723Z:e35bc5f9-ff58-420f-a9de-52fd68644cb6"
        ],
        "Strict-Transport-Security": [
          "max-age=31536000; includeSubDomains"
        ],
        "X-Content-Type-Options": [
          "nosniff"
        ],
        "Date": [
          "Fri, 17 Feb 2023 21:37:22 GMT"
        ],
        "Content-Length": [
          "108"
        ],
        "Content-Type": [
          "application/json; charset=utf-8"
        ],
        "Expires": [
          "-1"
        ]
      },
      "ResponseBody": "{\r\n  \"name\": \"2ff0d5eb-f71d-4996-948d-739f2953e981\",\r\n  \"status\": \"InProgress\",\r\n  \"startTime\": \"2023-02-17T21:36:52.253Z\"\r\n}",
      "StatusCode": 200
    },
    {
      "RequestUri": "/subscriptions/2c647056-bab2-4175-b172-493ff049eb29/resourceGroups/ps1805/providers/Microsoft.Sql/locations/westeurope/databaseAzureAsyncOperation/2ff0d5eb-f71d-4996-948d-739f2953e981?api-version=2022-08-01-preview",
      "EncodedRequestUri": "L3N1YnNjcmlwdGlvbnMvMmM2NDcwNTYtYmFiMi00MTc1LWIxNzItNDkzZmYwNDllYjI5L3Jlc291cmNlR3JvdXBzL3BzMTgwNS9wcm92aWRlcnMvTWljcm9zb2Z0LlNxbC9sb2NhdGlvbnMvd2VzdGV1cm9wZS9kYXRhYmFzZUF6dXJlQXN5bmNPcGVyYXRpb24vMmZmMGQ1ZWItZjcxZC00OTk2LTk0OGQtNzM5ZjI5NTNlOTgxP2FwaS12ZXJzaW9uPTIwMjItMDgtMDEtcHJldmlldw==",
      "RequestMethod": "GET",
      "RequestHeaders": {
        "x-ms-client-request-id": [
          "926da7bb-f134-4a83-8776-879ea639d23d"
        ],
        "User-Agent": [
          "FxVersion/4.700.22.55902",
          "OSName/Windows",
          "OSVersion/Microsoft.Windows.10.0.22621",
          "Microsoft.Azure.Management.Sql.SqlManagementClient/4.3.0"
        ]
      },
      "RequestBody": "",
      "ResponseHeaders": {
        "Cache-Control": [
          "no-cache"
        ],
        "Pragma": [
          "no-cache"
        ],
        "Retry-After": [
          "15"
        ],
        "x-ms-request-id": [
          "a57559fa-946b-42d6-b4c3-fdd9f91ac28e"
        ],
        "Server": [
          "Microsoft-HTTPAPI/2.0"
        ],
        "x-ms-ratelimit-remaining-subscription-reads": [
          "11997"
        ],
        "x-ms-correlation-request-id": [
          "83e8acc8-c25f-44f3-b688-2409e943be6b"
        ],
        "x-ms-routing-request-id": [
          "WESTUS:20230217T213739Z:83e8acc8-c25f-44f3-b688-2409e943be6b"
        ],
        "Strict-Transport-Security": [
          "max-age=31536000; includeSubDomains"
        ],
        "X-Content-Type-Options": [
          "nosniff"
        ],
        "Date": [
          "Fri, 17 Feb 2023 21:37:39 GMT"
        ],
        "Content-Length": [
          "108"
        ],
        "Content-Type": [
          "application/json; charset=utf-8"
        ],
        "Expires": [
          "-1"
        ]
      },
      "ResponseBody": "{\r\n  \"name\": \"2ff0d5eb-f71d-4996-948d-739f2953e981\",\r\n  \"status\": \"InProgress\",\r\n  \"startTime\": \"2023-02-17T21:36:52.253Z\"\r\n}",
      "StatusCode": 200
    },
    {
      "RequestUri": "/subscriptions/2c647056-bab2-4175-b172-493ff049eb29/resourceGroups/ps1805/providers/Microsoft.Sql/locations/westeurope/databaseAzureAsyncOperation/2ff0d5eb-f71d-4996-948d-739f2953e981?api-version=2022-08-01-preview",
      "EncodedRequestUri": "L3N1YnNjcmlwdGlvbnMvMmM2NDcwNTYtYmFiMi00MTc1LWIxNzItNDkzZmYwNDllYjI5L3Jlc291cmNlR3JvdXBzL3BzMTgwNS9wcm92aWRlcnMvTWljcm9zb2Z0LlNxbC9sb2NhdGlvbnMvd2VzdGV1cm9wZS9kYXRhYmFzZUF6dXJlQXN5bmNPcGVyYXRpb24vMmZmMGQ1ZWItZjcxZC00OTk2LTk0OGQtNzM5ZjI5NTNlOTgxP2FwaS12ZXJzaW9uPTIwMjItMDgtMDEtcHJldmlldw==",
      "RequestMethod": "GET",
      "RequestHeaders": {
        "x-ms-client-request-id": [
          "926da7bb-f134-4a83-8776-879ea639d23d"
        ],
        "User-Agent": [
          "FxVersion/4.700.22.55902",
          "OSName/Windows",
          "OSVersion/Microsoft.Windows.10.0.22621",
          "Microsoft.Azure.Management.Sql.SqlManagementClient/4.3.0"
        ]
      },
      "RequestBody": "",
      "ResponseHeaders": {
        "Cache-Control": [
          "no-cache"
        ],
        "Pragma": [
          "no-cache"
        ],
        "Retry-After": [
          "15"
        ],
        "x-ms-request-id": [
          "e05fd131-6f03-4535-b299-c8ccb543e4d8"
        ],
        "Server": [
          "Microsoft-HTTPAPI/2.0"
        ],
        "x-ms-ratelimit-remaining-subscription-reads": [
          "11996"
        ],
        "x-ms-correlation-request-id": [
          "264fd9c3-d168-40ab-9a3a-5a2014cc72e9"
        ],
        "x-ms-routing-request-id": [
          "WESTUS:20230217T213755Z:264fd9c3-d168-40ab-9a3a-5a2014cc72e9"
        ],
        "Strict-Transport-Security": [
          "max-age=31536000; includeSubDomains"
        ],
        "X-Content-Type-Options": [
          "nosniff"
        ],
        "Date": [
          "Fri, 17 Feb 2023 21:37:54 GMT"
        ],
        "Content-Length": [
          "107"
        ],
        "Content-Type": [
          "application/json; charset=utf-8"
        ],
        "Expires": [
          "-1"
        ]
      },
      "ResponseBody": "{\r\n  \"name\": \"2ff0d5eb-f71d-4996-948d-739f2953e981\",\r\n  \"status\": \"Succeeded\",\r\n  \"startTime\": \"2023-02-17T21:36:52.253Z\"\r\n}",
      "StatusCode": 200
    },
    {
      "RequestUri": "/subscriptions/2c647056-bab2-4175-b172-493ff049eb29/resourcegroups/ps1805?api-version=2016-09-01",
      "EncodedRequestUri": "L3N1YnNjcmlwdGlvbnMvMmM2NDcwNTYtYmFiMi00MTc1LWIxNzItNDkzZmYwNDllYjI5L3Jlc291cmNlZ3JvdXBzL3BzMTgwNT9hcGktdmVyc2lvbj0yMDE2LTA5LTAx",
      "RequestMethod": "DELETE",
      "RequestHeaders": {
        "x-ms-client-request-id": [
          "38f25557-23f8-4b5a-82d2-33f01f557949"
        ],
        "Accept-Language": [
          "en-US"
        ],
        "User-Agent": [
          "FxVersion/4.700.22.55902",
          "OSName/Windows",
          "OSVersion/Microsoft.Windows.10.0.22621",
          "Microsoft.Azure.Management.Internal.Resources.ResourceManagementClient/1.3.68"
        ]
      },
      "RequestBody": "",
      "ResponseHeaders": {
        "Cache-Control": [
          "no-cache"
        ],
        "Pragma": [
          "no-cache"
        ],
        "Location": [
          "https://management.azure.com/subscriptions/2c647056-bab2-4175-b172-493ff049eb29/operationresults/eyJqb2JJZCI6IlJFU09VUkNFR1JPVVBERUxFVElPTkpPQi1QUzE4MDUtV0VTVENFTlRSQUxVUyIsImpvYkxvY2F0aW9uIjoid2VzdGNlbnRyYWx1cyJ9?api-version=2016-09-01"
        ],
        "Retry-After": [
          "15"
        ],
        "x-ms-ratelimit-remaining-subscription-deletes": [
          "14999"
        ],
        "x-ms-request-id": [
          "553a920e-8a4a-40b4-9e4c-128d5a355549"
        ],
        "x-ms-correlation-request-id": [
          "553a920e-8a4a-40b4-9e4c-128d5a355549"
        ],
        "x-ms-routing-request-id": [
          "WESTUS:20230217T213756Z:553a920e-8a4a-40b4-9e4c-128d5a355549"
        ],
        "Strict-Transport-Security": [
          "max-age=31536000; includeSubDomains"
        ],
        "X-Content-Type-Options": [
          "nosniff"
        ],
        "Date": [
          "Fri, 17 Feb 2023 21:37:55 GMT"
        ],
        "Expires": [
          "-1"
        ],
        "Content-Length": [
          "0"
        ]
      },
      "ResponseBody": "",
      "StatusCode": 202
    },
    {
      "RequestUri": "/subscriptions/2c647056-bab2-4175-b172-493ff049eb29/operationresults/eyJqb2JJZCI6IlJFU09VUkNFR1JPVVBERUxFVElPTkpPQi1QUzE4MDUtV0VTVENFTlRSQUxVUyIsImpvYkxvY2F0aW9uIjoid2VzdGNlbnRyYWx1cyJ9?api-version=2016-09-01",
      "EncodedRequestUri": "L3N1YnNjcmlwdGlvbnMvMmM2NDcwNTYtYmFiMi00MTc1LWIxNzItNDkzZmYwNDllYjI5L29wZXJhdGlvbnJlc3VsdHMvZXlKcWIySkpaQ0k2SWxKRlUwOVZVa05GUjFKUFZWQkVSVXhGVkVsUFRrcFBRaTFRVXpFNE1EVXRWMFZUVkVORlRsUlNRVXhWVXlJc0ltcHZZa3h2WTJGMGFXOXVJam9pZDJWemRHTmxiblJ5WVd4MWN5Sjk/YXBpLXZlcnNpb249MjAxNi0wOS0wMQ==",
      "RequestMethod": "GET",
      "RequestHeaders": {
        "User-Agent": [
          "FxVersion/4.700.22.55902",
          "OSName/Windows",
          "OSVersion/Microsoft.Windows.10.0.22621",
          "Microsoft.Azure.Management.Internal.Resources.ResourceManagementClient/1.3.68"
        ]
      },
      "RequestBody": "",
      "ResponseHeaders": {
        "Cache-Control": [
          "no-cache"
        ],
        "Pragma": [
          "no-cache"
        ],
        "Location": [
          "https://management.azure.com/subscriptions/2c647056-bab2-4175-b172-493ff049eb29/operationresults/eyJqb2JJZCI6IlJFU09VUkNFR1JPVVBERUxFVElPTkpPQi1QUzE4MDUtV0VTVENFTlRSQUxVUyIsImpvYkxvY2F0aW9uIjoid2VzdGNlbnRyYWx1cyJ9?api-version=2016-09-01"
        ],
        "Retry-After": [
          "15"
        ],
        "x-ms-ratelimit-remaining-subscription-reads": [
          "11999"
        ],
        "x-ms-request-id": [
          "ec1b63a7-1aa3-416b-9851-d534ff75c017"
        ],
        "x-ms-correlation-request-id": [
          "ec1b63a7-1aa3-416b-9851-d534ff75c017"
        ],
        "x-ms-routing-request-id": [
          "WESTUS:20230217T213811Z:ec1b63a7-1aa3-416b-9851-d534ff75c017"
        ],
        "Strict-Transport-Security": [
          "max-age=31536000; includeSubDomains"
        ],
        "X-Content-Type-Options": [
          "nosniff"
        ],
        "Date": [
          "Fri, 17 Feb 2023 21:38:10 GMT"
        ],
        "Expires": [
          "-1"
        ],
        "Content-Length": [
          "0"
        ]
      },
      "ResponseBody": "",
      "StatusCode": 202
    },
    {
      "RequestUri": "/subscriptions/2c647056-bab2-4175-b172-493ff049eb29/operationresults/eyJqb2JJZCI6IlJFU09VUkNFR1JPVVBERUxFVElPTkpPQi1QUzE4MDUtV0VTVENFTlRSQUxVUyIsImpvYkxvY2F0aW9uIjoid2VzdGNlbnRyYWx1cyJ9?api-version=2016-09-01",
      "EncodedRequestUri": "L3N1YnNjcmlwdGlvbnMvMmM2NDcwNTYtYmFiMi00MTc1LWIxNzItNDkzZmYwNDllYjI5L29wZXJhdGlvbnJlc3VsdHMvZXlKcWIySkpaQ0k2SWxKRlUwOVZVa05GUjFKUFZWQkVSVXhGVkVsUFRrcFBRaTFRVXpFNE1EVXRWMFZUVkVORlRsUlNRVXhWVXlJc0ltcHZZa3h2WTJGMGFXOXVJam9pZDJWemRHTmxiblJ5WVd4MWN5Sjk/YXBpLXZlcnNpb249MjAxNi0wOS0wMQ==",
      "RequestMethod": "GET",
      "RequestHeaders": {
        "User-Agent": [
          "FxVersion/4.700.22.55902",
          "OSName/Windows",
          "OSVersion/Microsoft.Windows.10.0.22621",
          "Microsoft.Azure.Management.Internal.Resources.ResourceManagementClient/1.3.68"
        ]
      },
      "RequestBody": "",
      "ResponseHeaders": {
        "Cache-Control": [
          "no-cache"
        ],
        "Pragma": [
          "no-cache"
        ],
        "Location": [
          "https://management.azure.com/subscriptions/2c647056-bab2-4175-b172-493ff049eb29/operationresults/eyJqb2JJZCI6IlJFU09VUkNFR1JPVVBERUxFVElPTkpPQi1QUzE4MDUtV0VTVENFTlRSQUxVUyIsImpvYkxvY2F0aW9uIjoid2VzdGNlbnRyYWx1cyJ9?api-version=2016-09-01"
        ],
        "Retry-After": [
          "15"
        ],
        "x-ms-ratelimit-remaining-subscription-reads": [
          "11998"
        ],
        "x-ms-request-id": [
          "2ca37c90-484b-447a-8846-b948edecb161"
        ],
        "x-ms-correlation-request-id": [
          "2ca37c90-484b-447a-8846-b948edecb161"
        ],
        "x-ms-routing-request-id": [
          "WESTUS:20230217T213826Z:2ca37c90-484b-447a-8846-b948edecb161"
        ],
        "Strict-Transport-Security": [
          "max-age=31536000; includeSubDomains"
        ],
        "X-Content-Type-Options": [
          "nosniff"
        ],
        "Date": [
          "Fri, 17 Feb 2023 21:38:26 GMT"
        ],
        "Expires": [
          "-1"
        ],
        "Content-Length": [
          "0"
        ]
      },
      "ResponseBody": "",
      "StatusCode": 202
    },
    {
      "RequestUri": "/subscriptions/2c647056-bab2-4175-b172-493ff049eb29/operationresults/eyJqb2JJZCI6IlJFU09VUkNFR1JPVVBERUxFVElPTkpPQi1QUzE4MDUtV0VTVENFTlRSQUxVUyIsImpvYkxvY2F0aW9uIjoid2VzdGNlbnRyYWx1cyJ9?api-version=2016-09-01",
      "EncodedRequestUri": "L3N1YnNjcmlwdGlvbnMvMmM2NDcwNTYtYmFiMi00MTc1LWIxNzItNDkzZmYwNDllYjI5L29wZXJhdGlvbnJlc3VsdHMvZXlKcWIySkpaQ0k2SWxKRlUwOVZVa05GUjFKUFZWQkVSVXhGVkVsUFRrcFBRaTFRVXpFNE1EVXRWMFZUVkVORlRsUlNRVXhWVXlJc0ltcHZZa3h2WTJGMGFXOXVJam9pZDJWemRHTmxiblJ5WVd4MWN5Sjk/YXBpLXZlcnNpb249MjAxNi0wOS0wMQ==",
      "RequestMethod": "GET",
      "RequestHeaders": {
        "User-Agent": [
          "FxVersion/4.700.22.55902",
          "OSName/Windows",
          "OSVersion/Microsoft.Windows.10.0.22621",
          "Microsoft.Azure.Management.Internal.Resources.ResourceManagementClient/1.3.68"
        ]
      },
      "RequestBody": "",
      "ResponseHeaders": {
        "Cache-Control": [
          "no-cache"
        ],
        "Pragma": [
          "no-cache"
        ],
        "Location": [
          "https://management.azure.com/subscriptions/2c647056-bab2-4175-b172-493ff049eb29/operationresults/eyJqb2JJZCI6IlJFU09VUkNFR1JPVVBERUxFVElPTkpPQi1QUzE4MDUtV0VTVENFTlRSQUxVUyIsImpvYkxvY2F0aW9uIjoid2VzdGNlbnRyYWx1cyJ9?api-version=2016-09-01"
        ],
        "Retry-After": [
          "15"
        ],
        "x-ms-ratelimit-remaining-subscription-reads": [
          "11997"
        ],
        "x-ms-request-id": [
          "ffd00024-4929-45e5-8f81-4e8a87566d4e"
        ],
        "x-ms-correlation-request-id": [
          "ffd00024-4929-45e5-8f81-4e8a87566d4e"
        ],
        "x-ms-routing-request-id": [
          "WESTUS:20230217T213841Z:ffd00024-4929-45e5-8f81-4e8a87566d4e"
        ],
        "Strict-Transport-Security": [
          "max-age=31536000; includeSubDomains"
        ],
        "X-Content-Type-Options": [
          "nosniff"
        ],
        "Date": [
          "Fri, 17 Feb 2023 21:38:41 GMT"
        ],
        "Expires": [
          "-1"
        ],
        "Content-Length": [
          "0"
        ]
      },
      "ResponseBody": "",
      "StatusCode": 202
    },
    {
      "RequestUri": "/subscriptions/2c647056-bab2-4175-b172-493ff049eb29/operationresults/eyJqb2JJZCI6IlJFU09VUkNFR1JPVVBERUxFVElPTkpPQi1QUzE4MDUtV0VTVENFTlRSQUxVUyIsImpvYkxvY2F0aW9uIjoid2VzdGNlbnRyYWx1cyJ9?api-version=2016-09-01",
      "EncodedRequestUri": "L3N1YnNjcmlwdGlvbnMvMmM2NDcwNTYtYmFiMi00MTc1LWIxNzItNDkzZmYwNDllYjI5L29wZXJhdGlvbnJlc3VsdHMvZXlKcWIySkpaQ0k2SWxKRlUwOVZVa05GUjFKUFZWQkVSVXhGVkVsUFRrcFBRaTFRVXpFNE1EVXRWMFZUVkVORlRsUlNRVXhWVXlJc0ltcHZZa3h2WTJGMGFXOXVJam9pZDJWemRHTmxiblJ5WVd4MWN5Sjk/YXBpLXZlcnNpb249MjAxNi0wOS0wMQ==",
      "RequestMethod": "GET",
      "RequestHeaders": {
        "User-Agent": [
          "FxVersion/4.700.22.55902",
          "OSName/Windows",
          "OSVersion/Microsoft.Windows.10.0.22621",
          "Microsoft.Azure.Management.Internal.Resources.ResourceManagementClient/1.3.68"
        ]
      },
      "RequestBody": "",
      "ResponseHeaders": {
        "Cache-Control": [
          "no-cache"
        ],
        "Pragma": [
          "no-cache"
        ],
        "Location": [
          "https://management.azure.com/subscriptions/2c647056-bab2-4175-b172-493ff049eb29/operationresults/eyJqb2JJZCI6IlJFU09VUkNFR1JPVVBERUxFVElPTkpPQi1QUzE4MDUtV0VTVENFTlRSQUxVUyIsImpvYkxvY2F0aW9uIjoid2VzdGNlbnRyYWx1cyJ9?api-version=2016-09-01"
        ],
        "Retry-After": [
          "15"
        ],
        "x-ms-ratelimit-remaining-subscription-reads": [
          "11996"
        ],
        "x-ms-request-id": [
          "f3d7290a-abdb-494e-8575-eaa789ddcc50"
        ],
        "x-ms-correlation-request-id": [
          "f3d7290a-abdb-494e-8575-eaa789ddcc50"
        ],
        "x-ms-routing-request-id": [
          "WESTUS:20230217T213856Z:f3d7290a-abdb-494e-8575-eaa789ddcc50"
        ],
        "Strict-Transport-Security": [
          "max-age=31536000; includeSubDomains"
        ],
        "X-Content-Type-Options": [
          "nosniff"
        ],
        "Date": [
          "Fri, 17 Feb 2023 21:38:56 GMT"
        ],
        "Expires": [
          "-1"
        ],
        "Content-Length": [
          "0"
        ]
      },
      "ResponseBody": "",
      "StatusCode": 202
    },
    {
      "RequestUri": "/subscriptions/2c647056-bab2-4175-b172-493ff049eb29/operationresults/eyJqb2JJZCI6IlJFU09VUkNFR1JPVVBERUxFVElPTkpPQi1QUzE4MDUtV0VTVENFTlRSQUxVUyIsImpvYkxvY2F0aW9uIjoid2VzdGNlbnRyYWx1cyJ9?api-version=2016-09-01",
      "EncodedRequestUri": "L3N1YnNjcmlwdGlvbnMvMmM2NDcwNTYtYmFiMi00MTc1LWIxNzItNDkzZmYwNDllYjI5L29wZXJhdGlvbnJlc3VsdHMvZXlKcWIySkpaQ0k2SWxKRlUwOVZVa05GUjFKUFZWQkVSVXhGVkVsUFRrcFBRaTFRVXpFNE1EVXRWMFZUVkVORlRsUlNRVXhWVXlJc0ltcHZZa3h2WTJGMGFXOXVJam9pZDJWemRHTmxiblJ5WVd4MWN5Sjk/YXBpLXZlcnNpb249MjAxNi0wOS0wMQ==",
      "RequestMethod": "GET",
      "RequestHeaders": {
        "User-Agent": [
          "FxVersion/4.700.22.55902",
          "OSName/Windows",
          "OSVersion/Microsoft.Windows.10.0.22621",
          "Microsoft.Azure.Management.Internal.Resources.ResourceManagementClient/1.3.68"
        ]
      },
      "RequestBody": "",
      "ResponseHeaders": {
        "Cache-Control": [
          "no-cache"
        ],
        "Pragma": [
          "no-cache"
        ],
        "x-ms-ratelimit-remaining-subscription-reads": [
          "11995"
        ],
        "x-ms-request-id": [
          "f67eb40b-547c-4961-80ab-42d4653098bc"
        ],
        "x-ms-correlation-request-id": [
          "f67eb40b-547c-4961-80ab-42d4653098bc"
        ],
        "x-ms-routing-request-id": [
          "WESTUS:20230217T213911Z:f67eb40b-547c-4961-80ab-42d4653098bc"
        ],
        "Strict-Transport-Security": [
          "max-age=31536000; includeSubDomains"
        ],
        "X-Content-Type-Options": [
          "nosniff"
        ],
        "Date": [
          "Fri, 17 Feb 2023 21:39:11 GMT"
        ],
        "Expires": [
          "-1"
        ],
        "Content-Length": [
          "0"
        ]
      },
      "ResponseBody": "",
      "StatusCode": 200
    },
    {
      "RequestUri": "/subscriptions/2c647056-bab2-4175-b172-493ff049eb29/operationresults/eyJqb2JJZCI6IlJFU09VUkNFR1JPVVBERUxFVElPTkpPQi1QUzE4MDUtV0VTVENFTlRSQUxVUyIsImpvYkxvY2F0aW9uIjoid2VzdGNlbnRyYWx1cyJ9?api-version=2016-09-01",
      "EncodedRequestUri": "L3N1YnNjcmlwdGlvbnMvMmM2NDcwNTYtYmFiMi00MTc1LWIxNzItNDkzZmYwNDllYjI5L29wZXJhdGlvbnJlc3VsdHMvZXlKcWIySkpaQ0k2SWxKRlUwOVZVa05GUjFKUFZWQkVSVXhGVkVsUFRrcFBRaTFRVXpFNE1EVXRWMFZUVkVORlRsUlNRVXhWVXlJc0ltcHZZa3h2WTJGMGFXOXVJam9pZDJWemRHTmxiblJ5WVd4MWN5Sjk/YXBpLXZlcnNpb249MjAxNi0wOS0wMQ==",
      "RequestMethod": "GET",
      "RequestHeaders": {
        "User-Agent": [
          "FxVersion/4.700.22.55902",
          "OSName/Windows",
          "OSVersion/Microsoft.Windows.10.0.22621",
          "Microsoft.Azure.Management.Internal.Resources.ResourceManagementClient/1.3.68"
        ]
      },
      "RequestBody": "",
      "ResponseHeaders": {
        "Cache-Control": [
          "no-cache"
        ],
        "Pragma": [
          "no-cache"
        ],
        "x-ms-ratelimit-remaining-subscription-reads": [
          "11994"
        ],
        "x-ms-request-id": [
          "0c36369f-de93-416a-91d7-b17ce0aaa356"
        ],
        "x-ms-correlation-request-id": [
          "0c36369f-de93-416a-91d7-b17ce0aaa356"
        ],
        "x-ms-routing-request-id": [
          "WESTUS:20230217T213911Z:0c36369f-de93-416a-91d7-b17ce0aaa356"
        ],
        "Strict-Transport-Security": [
          "max-age=31536000; includeSubDomains"
        ],
        "X-Content-Type-Options": [
          "nosniff"
        ],
        "Date": [
          "Fri, 17 Feb 2023 21:39:11 GMT"
        ],
        "Expires": [
          "-1"
        ],
        "Content-Length": [
          "0"
        ]
      },
      "ResponseBody": "",
      "StatusCode": 200
    }
  ],
  "Names": {
    "Test-CreateDatabaseWithSampleName": [
      "ps1805",
      "ps3176",
      "ps7866"
    ]
  },
  "Variables": {
    "SubscriptionId": "2c647056-bab2-4175-b172-493ff049eb29"
  }
}