{
  "Entries": [
    {
      "RequestUri": "/subscriptions/2c647056-bab2-4175-b172-493ff049eb29/resourcegroups/ps1959?api-version=2016-09-01",
      "EncodedRequestUri": "L3N1YnNjcmlwdGlvbnMvMmM2NDcwNTYtYmFiMi00MTc1LWIxNzItNDkzZmYwNDllYjI5L3Jlc291cmNlZ3JvdXBzL3BzMTk1OT9hcGktdmVyc2lvbj0yMDE2LTA5LTAx",
      "RequestMethod": "PUT",
      "RequestHeaders": {
        "x-ms-client-request-id": [
          "178b127f-51a4-4e04-b17e-44b17d8b8db2"
        ],
        "Accept-Language": [
          "en-US"
        ],
        "User-Agent": [
          "FxVersion/4.700.22.55902",
          "OSName/Windows",
          "OSVersion/Microsoft.Windows.10.0.22621",
          "Microsoft.Azure.Management.Internal.Resources.ResourceManagementClient/1.3.75"
        ],
        "Content-Type": [
          "application/json; charset=utf-8"
        ],
        "Content-Length": [
          "28"
        ]
      },
      "RequestBody": "{\r\n  \"location\": \"eastus\"\r\n}",
      "ResponseHeaders": {
        "Cache-Control": [
          "no-cache"
        ],
        "Pragma": [
          "no-cache"
        ],
        "x-ms-ratelimit-remaining-subscription-writes": [
          "1199"
        ],
        "x-ms-request-id": [
          "093a0c18-94f6-40a9-96cd-038b74218573"
        ],
        "x-ms-correlation-request-id": [
          "093a0c18-94f6-40a9-96cd-038b74218573"
        ],
        "x-ms-routing-request-id": [
          "WESTCENTRALUS:20230504T204430Z:093a0c18-94f6-40a9-96cd-038b74218573"
        ],
        "Strict-Transport-Security": [
          "max-age=31536000; includeSubDomains"
        ],
        "X-Content-Type-Options": [
          "nosniff"
        ],
        "Date": [
          "Thu, 04 May 2023 20:44:29 GMT"
        ],
        "Content-Length": [
          "165"
        ],
        "Content-Type": [
          "application/json; charset=utf-8"
        ],
        "Expires": [
          "-1"
        ]
      },
      "ResponseBody": "{\r\n  \"id\": \"/subscriptions/2c647056-bab2-4175-b172-493ff049eb29/resourceGroups/ps1959\",\r\n  \"name\": \"ps1959\",\r\n  \"location\": \"eastus\",\r\n  \"properties\": {\r\n    \"provisioningState\": \"Succeeded\"\r\n  }\r\n}",
      "StatusCode": 201
    },
    {
      "RequestUri": "/subscriptions/2c647056-bab2-4175-b172-493ff049eb29/resourceGroups/ps1959/providers/Microsoft.Sql/servers/ps6639?api-version=2022-08-01-preview",
      "EncodedRequestUri": "L3N1YnNjcmlwdGlvbnMvMmM2NDcwNTYtYmFiMi00MTc1LWIxNzItNDkzZmYwNDllYjI5L3Jlc291cmNlR3JvdXBzL3BzMTk1OS9wcm92aWRlcnMvTWljcm9zb2Z0LlNxbC9zZXJ2ZXJzL3BzNjYzOT9hcGktdmVyc2lvbj0yMDIyLTA4LTAxLXByZXZpZXc=",
      "RequestMethod": "GET",
      "RequestHeaders": {
        "x-ms-client-request-id": [
          "6e93e278-d2ad-48d1-a7ef-ead026e893de"
        ],
        "Accept-Language": [
          "en-US"
        ],
        "User-Agent": [
          "FxVersion/4.700.22.55902",
          "OSName/Windows",
          "OSVersion/Microsoft.Windows.10.0.22621",
          "Microsoft.Azure.Management.Sql.SqlManagementClient/4.6.0"
        ]
      },
      "RequestBody": "",
      "ResponseHeaders": {
        "Cache-Control": [
          "no-cache"
        ],
        "Pragma": [
          "no-cache"
        ],
        "x-ms-failure-cause": [
          "gateway"
        ],
        "x-ms-request-id": [
          "27e6f99a-7639-4b84-a41c-41fa3151ee56"
        ],
        "x-ms-correlation-request-id": [
          "27e6f99a-7639-4b84-a41c-41fa3151ee56"
        ],
        "x-ms-routing-request-id": [
          "WESTCENTRALUS:20230504T204431Z:27e6f99a-7639-4b84-a41c-41fa3151ee56"
        ],
        "Strict-Transport-Security": [
          "max-age=31536000; includeSubDomains"
        ],
        "X-Content-Type-Options": [
          "nosniff"
        ],
        "Date": [
          "Thu, 04 May 2023 20:44:30 GMT"
        ],
        "Content-Type": [
          "application/json; charset=utf-8"
        ],
        "Expires": [
          "-1"
        ],
        "Content-Length": [
          "206"
        ]
      },
      "ResponseBody": "{\r\n  \"error\": {\r\n    \"code\": \"ResourceNotFound\",\r\n    \"message\": \"The Resource 'Microsoft.Sql/servers/ps6639' under resource group 'ps1959' was not found. For more details please go to https://aka.ms/ARMResourceNotFoundFix\"\r\n  }\r\n}",
      "StatusCode": 404
    },
    {
      "RequestUri": "/subscriptions/2c647056-bab2-4175-b172-493ff049eb29/resourceGroups/ps1959/providers/Microsoft.Sql/servers/ps6639?api-version=2022-08-01-preview",
      "EncodedRequestUri": "L3N1YnNjcmlwdGlvbnMvMmM2NDcwNTYtYmFiMi00MTc1LWIxNzItNDkzZmYwNDllYjI5L3Jlc291cmNlR3JvdXBzL3BzMTk1OS9wcm92aWRlcnMvTWljcm9zb2Z0LlNxbC9zZXJ2ZXJzL3BzNjYzOT9hcGktdmVyc2lvbj0yMDIyLTA4LTAxLXByZXZpZXc=",
      "RequestMethod": "GET",
      "RequestHeaders": {
        "x-ms-client-request-id": [
          "6e93e278-d2ad-48d1-a7ef-ead026e893de"
        ],
        "User-Agent": [
          "FxVersion/4.700.22.55902",
          "OSName/Windows",
          "OSVersion/Microsoft.Windows.10.0.22621",
          "Microsoft.Azure.Management.Sql.SqlManagementClient/4.6.0"
        ]
      },
      "RequestBody": "",
      "ResponseHeaders": {
        "Cache-Control": [
          "no-cache"
        ],
        "Pragma": [
          "no-cache"
        ],
        "x-ms-request-id": [
          "72492b53-cdc7-4bd9-9579-afb9bd66df69"
        ],
        "Server": [
          "Microsoft-HTTPAPI/2.0"
        ],
        "x-ms-ratelimit-remaining-subscription-reads": [
          "11991"
        ],
        "x-ms-correlation-request-id": [
          "4c3d99b3-f260-4e5b-8117-cc73e48c26b4"
        ],
        "x-ms-routing-request-id": [
          "WESTCENTRALUS:20230504T204518Z:4c3d99b3-f260-4e5b-8117-cc73e48c26b4"
        ],
        "Strict-Transport-Security": [
          "max-age=31536000; includeSubDomains"
        ],
        "X-Content-Type-Options": [
          "nosniff"
        ],
        "Date": [
          "Thu, 04 May 2023 20:45:18 GMT"
        ],
        "Content-Length": [
          "489"
        ],
        "Content-Type": [
          "application/json; charset=utf-8"
        ],
        "Expires": [
          "-1"
        ]
      },
      "ResponseBody": "{\r\n  \"kind\": \"v12.0\",\r\n  \"properties\": {\r\n    \"administratorLogin\": \"testusername\",\r\n    \"version\": \"12.0\",\r\n    \"state\": \"Ready\",\r\n    \"fullyQualifiedDomainName\": \"ps6639.database.windows.net\",\r\n    \"privateEndpointConnections\": [],\r\n    \"publicNetworkAccess\": \"Enabled\",\r\n    \"restrictOutboundNetworkAccess\": \"Disabled\",\r\n    \"externalGovernanceStatus\": \"Disabled\"\r\n  },\r\n  \"location\": \"eastus\",\r\n  \"id\": \"/subscriptions/2c647056-bab2-4175-b172-493ff049eb29/resourceGroups/ps1959/providers/Microsoft.Sql/servers/ps6639\",\r\n  \"name\": \"ps6639\",\r\n  \"type\": \"Microsoft.Sql/servers\"\r\n}",
      "StatusCode": 200
    },
    {
      "RequestUri": "/subscriptions/2c647056-bab2-4175-b172-493ff049eb29/resourceGroups/ps1959/providers/Microsoft.Sql/servers/ps6639?api-version=2022-08-01-preview",
      "EncodedRequestUri": "L3N1YnNjcmlwdGlvbnMvMmM2NDcwNTYtYmFiMi00MTc1LWIxNzItNDkzZmYwNDllYjI5L3Jlc291cmNlR3JvdXBzL3BzMTk1OS9wcm92aWRlcnMvTWljcm9zb2Z0LlNxbC9zZXJ2ZXJzL3BzNjYzOT9hcGktdmVyc2lvbj0yMDIyLTA4LTAxLXByZXZpZXc=",
      "RequestMethod": "GET",
      "RequestHeaders": {
        "x-ms-client-request-id": [
          "b54d37d0-038c-42d8-928e-155e940b27bf"
        ],
        "Accept-Language": [
          "en-US"
        ],
        "User-Agent": [
          "FxVersion/4.700.22.55902",
          "OSName/Windows",
          "OSVersion/Microsoft.Windows.10.0.22621",
          "Microsoft.Azure.Management.Sql.SqlManagementClient/4.6.0"
        ]
      },
      "RequestBody": "",
      "ResponseHeaders": {
        "Cache-Control": [
          "no-cache"
        ],
        "Pragma": [
          "no-cache"
        ],
        "x-ms-request-id": [
          "6de75a2b-3999-4468-b9b9-c8fbbb8a1dde"
        ],
        "Server": [
          "Microsoft-HTTPAPI/2.0"
        ],
        "x-ms-ratelimit-remaining-subscription-reads": [
          "11990"
        ],
        "x-ms-correlation-request-id": [
          "ae0b288b-d506-47e7-8eeb-28667ac051a9"
        ],
        "x-ms-routing-request-id": [
          "WESTCENTRALUS:20230504T204519Z:ae0b288b-d506-47e7-8eeb-28667ac051a9"
        ],
        "Strict-Transport-Security": [
          "max-age=31536000; includeSubDomains"
        ],
        "X-Content-Type-Options": [
          "nosniff"
        ],
        "Date": [
          "Thu, 04 May 2023 20:45:18 GMT"
        ],
        "Content-Length": [
          "489"
        ],
        "Content-Type": [
          "application/json; charset=utf-8"
        ],
        "Expires": [
          "-1"
        ]
      },
      "ResponseBody": "{\r\n  \"kind\": \"v12.0\",\r\n  \"properties\": {\r\n    \"administratorLogin\": \"testusername\",\r\n    \"version\": \"12.0\",\r\n    \"state\": \"Ready\",\r\n    \"fullyQualifiedDomainName\": \"ps6639.database.windows.net\",\r\n    \"privateEndpointConnections\": [],\r\n    \"publicNetworkAccess\": \"Enabled\",\r\n    \"restrictOutboundNetworkAccess\": \"Disabled\",\r\n    \"externalGovernanceStatus\": \"Disabled\"\r\n  },\r\n  \"location\": \"eastus\",\r\n  \"id\": \"/subscriptions/2c647056-bab2-4175-b172-493ff049eb29/resourceGroups/ps1959/providers/Microsoft.Sql/servers/ps6639\",\r\n  \"name\": \"ps6639\",\r\n  \"type\": \"Microsoft.Sql/servers\"\r\n}",
      "StatusCode": 200
    },
    {
      "RequestUri": "/subscriptions/2c647056-bab2-4175-b172-493ff049eb29/resourceGroups/ps1959/providers/Microsoft.Sql/servers/ps6639?api-version=2022-08-01-preview",
      "EncodedRequestUri": "L3N1YnNjcmlwdGlvbnMvMmM2NDcwNTYtYmFiMi00MTc1LWIxNzItNDkzZmYwNDllYjI5L3Jlc291cmNlR3JvdXBzL3BzMTk1OS9wcm92aWRlcnMvTWljcm9zb2Z0LlNxbC9zZXJ2ZXJzL3BzNjYzOT9hcGktdmVyc2lvbj0yMDIyLTA4LTAxLXByZXZpZXc=",
      "RequestMethod": "GET",
      "RequestHeaders": {
        "x-ms-client-request-id": [
          "b54d37d0-038c-42d8-928e-155e940b27bf"
        ],
        "Accept-Language": [
          "en-US"
        ],
        "User-Agent": [
          "FxVersion/4.700.22.55902",
          "OSName/Windows",
          "OSVersion/Microsoft.Windows.10.0.22621",
          "Microsoft.Azure.Management.Sql.SqlManagementClient/4.6.0"
        ]
      },
      "RequestBody": "",
      "ResponseHeaders": {
        "Cache-Control": [
          "no-cache"
        ],
        "Pragma": [
          "no-cache"
        ],
        "x-ms-request-id": [
          "c4bc97fc-e1d6-428b-8424-aff89f6042a4"
        ],
        "Server": [
          "Microsoft-HTTPAPI/2.0"
        ],
        "x-ms-ratelimit-remaining-subscription-reads": [
          "11989"
        ],
        "x-ms-correlation-request-id": [
          "d5946425-ce88-460f-8eae-1ef015ec7887"
        ],
        "x-ms-routing-request-id": [
          "WESTCENTRALUS:20230504T204519Z:d5946425-ce88-460f-8eae-1ef015ec7887"
        ],
        "Strict-Transport-Security": [
          "max-age=31536000; includeSubDomains"
        ],
        "X-Content-Type-Options": [
          "nosniff"
        ],
        "Date": [
          "Thu, 04 May 2023 20:45:19 GMT"
        ],
        "Content-Length": [
          "489"
        ],
        "Content-Type": [
          "application/json; charset=utf-8"
        ],
        "Expires": [
          "-1"
        ]
      },
      "ResponseBody": "{\r\n  \"kind\": \"v12.0\",\r\n  \"properties\": {\r\n    \"administratorLogin\": \"testusername\",\r\n    \"version\": \"12.0\",\r\n    \"state\": \"Ready\",\r\n    \"fullyQualifiedDomainName\": \"ps6639.database.windows.net\",\r\n    \"privateEndpointConnections\": [],\r\n    \"publicNetworkAccess\": \"Enabled\",\r\n    \"restrictOutboundNetworkAccess\": \"Disabled\",\r\n    \"externalGovernanceStatus\": \"Disabled\"\r\n  },\r\n  \"location\": \"eastus\",\r\n  \"id\": \"/subscriptions/2c647056-bab2-4175-b172-493ff049eb29/resourceGroups/ps1959/providers/Microsoft.Sql/servers/ps6639\",\r\n  \"name\": \"ps6639\",\r\n  \"type\": \"Microsoft.Sql/servers\"\r\n}",
      "StatusCode": 200
    },
    {
      "RequestUri": "/subscriptions/2c647056-bab2-4175-b172-493ff049eb29/resourceGroups/ps1959/providers/Microsoft.Sql/servers/ps6639?api-version=2022-08-01-preview",
      "EncodedRequestUri": "L3N1YnNjcmlwdGlvbnMvMmM2NDcwNTYtYmFiMi00MTc1LWIxNzItNDkzZmYwNDllYjI5L3Jlc291cmNlR3JvdXBzL3BzMTk1OS9wcm92aWRlcnMvTWljcm9zb2Z0LlNxbC9zZXJ2ZXJzL3BzNjYzOT9hcGktdmVyc2lvbj0yMDIyLTA4LTAxLXByZXZpZXc=",
      "RequestMethod": "GET",
      "RequestHeaders": {
        "x-ms-client-request-id": [
          "4baa3d8e-d545-4b20-8a93-9092c72f6375"
        ],
        "Accept-Language": [
          "en-US"
        ],
        "User-Agent": [
          "FxVersion/4.700.22.55902",
          "OSName/Windows",
          "OSVersion/Microsoft.Windows.10.0.22621",
          "Microsoft.Azure.Management.Sql.SqlManagementClient/4.6.0"
        ]
      },
      "RequestBody": "",
      "ResponseHeaders": {
        "Cache-Control": [
          "no-cache"
        ],
        "Pragma": [
          "no-cache"
        ],
        "x-ms-request-id": [
          "6b440863-825d-4d9c-ab4f-edd1dcd02422"
        ],
        "Server": [
          "Microsoft-HTTPAPI/2.0"
        ],
        "x-ms-ratelimit-remaining-subscription-reads": [
          "11988"
        ],
        "x-ms-correlation-request-id": [
          "c4998343-c2bb-4a7a-871e-2b9fabd4274d"
        ],
        "x-ms-routing-request-id": [
          "WESTCENTRALUS:20230504T204638Z:c4998343-c2bb-4a7a-871e-2b9fabd4274d"
        ],
        "Strict-Transport-Security": [
          "max-age=31536000; includeSubDomains"
        ],
        "X-Content-Type-Options": [
          "nosniff"
        ],
        "Date": [
          "Thu, 04 May 2023 20:46:37 GMT"
        ],
        "Content-Length": [
          "489"
        ],
        "Content-Type": [
          "application/json; charset=utf-8"
        ],
        "Expires": [
          "-1"
        ]
      },
      "ResponseBody": "{\r\n  \"kind\": \"v12.0\",\r\n  \"properties\": {\r\n    \"administratorLogin\": \"testusername\",\r\n    \"version\": \"12.0\",\r\n    \"state\": \"Ready\",\r\n    \"fullyQualifiedDomainName\": \"ps6639.database.windows.net\",\r\n    \"privateEndpointConnections\": [],\r\n    \"publicNetworkAccess\": \"Enabled\",\r\n    \"restrictOutboundNetworkAccess\": \"Disabled\",\r\n    \"externalGovernanceStatus\": \"Disabled\"\r\n  },\r\n  \"location\": \"eastus\",\r\n  \"id\": \"/subscriptions/2c647056-bab2-4175-b172-493ff049eb29/resourceGroups/ps1959/providers/Microsoft.Sql/servers/ps6639\",\r\n  \"name\": \"ps6639\",\r\n  \"type\": \"Microsoft.Sql/servers\"\r\n}",
      "StatusCode": 200
    },
    {
      "RequestUri": "/subscriptions/2c647056-bab2-4175-b172-493ff049eb29/resourceGroups/ps1959/providers/Microsoft.Sql/servers/ps6639?api-version=2022-08-01-preview",
      "EncodedRequestUri": "L3N1YnNjcmlwdGlvbnMvMmM2NDcwNTYtYmFiMi00MTc1LWIxNzItNDkzZmYwNDllYjI5L3Jlc291cmNlR3JvdXBzL3BzMTk1OS9wcm92aWRlcnMvTWljcm9zb2Z0LlNxbC9zZXJ2ZXJzL3BzNjYzOT9hcGktdmVyc2lvbj0yMDIyLTA4LTAxLXByZXZpZXc=",
      "RequestMethod": "PUT",
      "RequestHeaders": {
        "x-ms-client-request-id": [
          "6e93e278-d2ad-48d1-a7ef-ead026e893de"
        ],
        "Accept-Language": [
          "en-US"
        ],
        "User-Agent": [
          "FxVersion/4.700.22.55902",
          "OSName/Windows",
          "OSVersion/Microsoft.Windows.10.0.22621",
          "Microsoft.Azure.Management.Sql.SqlManagementClient/4.6.0"
        ],
        "Content-Type": [
          "application/json; charset=utf-8"
        ],
        "Content-Length": [
          "150"
        ]
      },
      "RequestBody": "{\r\n  \"properties\": {\r\n    \"administratorLogin\": \"testusername\",\r\n    \"administratorLoginPassword\": \"t357ingP@s5w0rd!\"\r\n  },\r\n  \"location\": \"eastus\"\r\n}",
      "ResponseHeaders": {
        "Cache-Control": [
          "no-cache"
        ],
        "Pragma": [
          "no-cache"
        ],
        "Location": [
          "https://management.azure.com/subscriptions/2c647056-bab2-4175-b172-493ff049eb29/resourceGroups/ps1959/providers/Microsoft.Sql/locations/eastus/serverOperationResults/2c566601-8564-47eb-abd4-99e315c9de03?api-version=2022-08-01-preview"
        ],
        "Retry-After": [
          "1"
        ],
        "Azure-AsyncOperation": [
          "https://management.azure.com/subscriptions/2c647056-bab2-4175-b172-493ff049eb29/resourceGroups/ps1959/providers/Microsoft.Sql/locations/eastus/serverAzureAsyncOperation/2c566601-8564-47eb-abd4-99e315c9de03?api-version=2022-08-01-preview"
        ],
        "x-ms-request-id": [
          "2c566601-8564-47eb-abd4-99e315c9de03"
        ],
        "Server": [
          "Microsoft-HTTPAPI/2.0"
        ],
        "x-ms-ratelimit-remaining-subscription-writes": [
          "1199"
        ],
        "x-ms-correlation-request-id": [
          "6f2fb085-83f9-421c-ae53-19c31f9487cc"
        ],
        "x-ms-routing-request-id": [
          "WESTCENTRALUS:20230504T204432Z:6f2fb085-83f9-421c-ae53-19c31f9487cc"
        ],
        "Strict-Transport-Security": [
          "max-age=31536000; includeSubDomains"
        ],
        "X-Content-Type-Options": [
          "nosniff"
        ],
        "Date": [
          "Thu, 04 May 2023 20:44:31 GMT"
        ],
        "Content-Length": [
          "74"
        ],
        "Content-Type": [
          "application/json; charset=utf-8"
        ],
        "Expires": [
          "-1"
        ]
      },
      "ResponseBody": "{\r\n  \"operation\": \"UpsertLogicalServer\",\r\n  \"startTime\": \"2023-05-04T20:44:32.537Z\"\r\n}",
      "StatusCode": 202
    },
    {
      "RequestUri": "/subscriptions/2c647056-bab2-4175-b172-493ff049eb29/resourceGroups/ps1959/providers/Microsoft.Sql/locations/eastus/serverAzureAsyncOperation/2c566601-8564-47eb-abd4-99e315c9de03?api-version=2022-08-01-preview",
      "EncodedRequestUri": "L3N1YnNjcmlwdGlvbnMvMmM2NDcwNTYtYmFiMi00MTc1LWIxNzItNDkzZmYwNDllYjI5L3Jlc291cmNlR3JvdXBzL3BzMTk1OS9wcm92aWRlcnMvTWljcm9zb2Z0LlNxbC9sb2NhdGlvbnMvZWFzdHVzL3NlcnZlckF6dXJlQXN5bmNPcGVyYXRpb24vMmM1NjY2MDEtODU2NC00N2ViLWFiZDQtOTllMzE1YzlkZTAzP2FwaS12ZXJzaW9uPTIwMjItMDgtMDEtcHJldmlldw==",
      "RequestMethod": "GET",
      "RequestHeaders": {
        "x-ms-client-request-id": [
          "6e93e278-d2ad-48d1-a7ef-ead026e893de"
        ],
        "User-Agent": [
          "FxVersion/4.700.22.55902",
          "OSName/Windows",
          "OSVersion/Microsoft.Windows.10.0.22621",
          "Microsoft.Azure.Management.Sql.SqlManagementClient/4.6.0"
        ]
      },
      "RequestBody": "",
      "ResponseHeaders": {
        "Cache-Control": [
          "no-cache"
        ],
        "Pragma": [
          "no-cache"
        ],
        "Retry-After": [
          "1"
        ],
        "x-ms-request-id": [
          "39ac0db2-ea59-4b8d-8576-688131fde43b"
        ],
        "Server": [
          "Microsoft-HTTPAPI/2.0"
        ],
        "x-ms-ratelimit-remaining-subscription-reads": [
          "11998"
        ],
        "x-ms-correlation-request-id": [
          "6d7eabe4-2aa0-4dcb-bc39-af58a9906828"
        ],
        "x-ms-routing-request-id": [
          "WESTCENTRALUS:20230504T204433Z:6d7eabe4-2aa0-4dcb-bc39-af58a9906828"
        ],
        "Strict-Transport-Security": [
          "max-age=31536000; includeSubDomains"
        ],
        "X-Content-Type-Options": [
          "nosniff"
        ],
        "Date": [
          "Thu, 04 May 2023 20:44:33 GMT"
        ],
        "Content-Length": [
          "108"
        ],
        "Content-Type": [
          "application/json; charset=utf-8"
        ],
        "Expires": [
          "-1"
        ]
      },
      "ResponseBody": "{\r\n  \"name\": \"2c566601-8564-47eb-abd4-99e315c9de03\",\r\n  \"status\": \"InProgress\",\r\n  \"startTime\": \"2023-05-04T20:44:32.537Z\"\r\n}",
      "StatusCode": 200
    },
    {
      "RequestUri": "/subscriptions/2c647056-bab2-4175-b172-493ff049eb29/resourceGroups/ps1959/providers/Microsoft.Sql/locations/eastus/serverAzureAsyncOperation/2c566601-8564-47eb-abd4-99e315c9de03?api-version=2022-08-01-preview",
      "EncodedRequestUri": "L3N1YnNjcmlwdGlvbnMvMmM2NDcwNTYtYmFiMi00MTc1LWIxNzItNDkzZmYwNDllYjI5L3Jlc291cmNlR3JvdXBzL3BzMTk1OS9wcm92aWRlcnMvTWljcm9zb2Z0LlNxbC9sb2NhdGlvbnMvZWFzdHVzL3NlcnZlckF6dXJlQXN5bmNPcGVyYXRpb24vMmM1NjY2MDEtODU2NC00N2ViLWFiZDQtOTllMzE1YzlkZTAzP2FwaS12ZXJzaW9uPTIwMjItMDgtMDEtcHJldmlldw==",
      "RequestMethod": "GET",
      "RequestHeaders": {
        "x-ms-client-request-id": [
          "6e93e278-d2ad-48d1-a7ef-ead026e893de"
        ],
        "User-Agent": [
          "FxVersion/4.700.22.55902",
          "OSName/Windows",
          "OSVersion/Microsoft.Windows.10.0.22621",
          "Microsoft.Azure.Management.Sql.SqlManagementClient/4.6.0"
        ]
      },
      "RequestBody": "",
      "ResponseHeaders": {
        "Cache-Control": [
          "no-cache"
        ],
        "Pragma": [
          "no-cache"
        ],
        "Retry-After": [
          "1"
        ],
        "x-ms-request-id": [
          "ff31eb7a-8b44-46b2-8b40-5b8fedbf2c50"
        ],
        "Server": [
          "Microsoft-HTTPAPI/2.0"
        ],
        "x-ms-ratelimit-remaining-subscription-reads": [
          "11997"
        ],
        "x-ms-correlation-request-id": [
          "29faae2a-02b4-4071-9e80-8de62bded5a9"
        ],
        "x-ms-routing-request-id": [
          "WESTCENTRALUS:20230504T204434Z:29faae2a-02b4-4071-9e80-8de62bded5a9"
        ],
        "Strict-Transport-Security": [
          "max-age=31536000; includeSubDomains"
        ],
        "X-Content-Type-Options": [
          "nosniff"
        ],
        "Date": [
          "Thu, 04 May 2023 20:44:34 GMT"
        ],
        "Content-Length": [
          "108"
        ],
        "Content-Type": [
          "application/json; charset=utf-8"
        ],
        "Expires": [
          "-1"
        ]
      },
      "ResponseBody": "{\r\n  \"name\": \"2c566601-8564-47eb-abd4-99e315c9de03\",\r\n  \"status\": \"InProgress\",\r\n  \"startTime\": \"2023-05-04T20:44:32.537Z\"\r\n}",
      "StatusCode": 200
    },
    {
      "RequestUri": "/subscriptions/2c647056-bab2-4175-b172-493ff049eb29/resourceGroups/ps1959/providers/Microsoft.Sql/locations/eastus/serverAzureAsyncOperation/2c566601-8564-47eb-abd4-99e315c9de03?api-version=2022-08-01-preview",
      "EncodedRequestUri": "L3N1YnNjcmlwdGlvbnMvMmM2NDcwNTYtYmFiMi00MTc1LWIxNzItNDkzZmYwNDllYjI5L3Jlc291cmNlR3JvdXBzL3BzMTk1OS9wcm92aWRlcnMvTWljcm9zb2Z0LlNxbC9sb2NhdGlvbnMvZWFzdHVzL3NlcnZlckF6dXJlQXN5bmNPcGVyYXRpb24vMmM1NjY2MDEtODU2NC00N2ViLWFiZDQtOTllMzE1YzlkZTAzP2FwaS12ZXJzaW9uPTIwMjItMDgtMDEtcHJldmlldw==",
      "RequestMethod": "GET",
      "RequestHeaders": {
        "x-ms-client-request-id": [
          "6e93e278-d2ad-48d1-a7ef-ead026e893de"
        ],
        "User-Agent": [
          "FxVersion/4.700.22.55902",
          "OSName/Windows",
          "OSVersion/Microsoft.Windows.10.0.22621",
          "Microsoft.Azure.Management.Sql.SqlManagementClient/4.6.0"
        ]
      },
      "RequestBody": "",
      "ResponseHeaders": {
        "Cache-Control": [
          "no-cache"
        ],
        "Pragma": [
          "no-cache"
        ],
        "Retry-After": [
          "1"
        ],
        "x-ms-request-id": [
          "831e578b-e9d6-4ca9-b9ea-0d2c58d0e3ee"
        ],
        "Server": [
          "Microsoft-HTTPAPI/2.0"
        ],
        "x-ms-ratelimit-remaining-subscription-reads": [
          "11996"
        ],
        "x-ms-correlation-request-id": [
          "54dce087-3bc1-40f1-9378-baaa01ec308e"
        ],
        "x-ms-routing-request-id": [
          "WESTCENTRALUS:20230504T204436Z:54dce087-3bc1-40f1-9378-baaa01ec308e"
        ],
        "Strict-Transport-Security": [
          "max-age=31536000; includeSubDomains"
        ],
        "X-Content-Type-Options": [
          "nosniff"
        ],
        "Date": [
          "Thu, 04 May 2023 20:44:35 GMT"
        ],
        "Content-Length": [
          "108"
        ],
        "Content-Type": [
          "application/json; charset=utf-8"
        ],
        "Expires": [
          "-1"
        ]
      },
      "ResponseBody": "{\r\n  \"name\": \"2c566601-8564-47eb-abd4-99e315c9de03\",\r\n  \"status\": \"InProgress\",\r\n  \"startTime\": \"2023-05-04T20:44:32.537Z\"\r\n}",
      "StatusCode": 200
    },
    {
      "RequestUri": "/subscriptions/2c647056-bab2-4175-b172-493ff049eb29/resourceGroups/ps1959/providers/Microsoft.Sql/locations/eastus/serverAzureAsyncOperation/2c566601-8564-47eb-abd4-99e315c9de03?api-version=2022-08-01-preview",
      "EncodedRequestUri": "L3N1YnNjcmlwdGlvbnMvMmM2NDcwNTYtYmFiMi00MTc1LWIxNzItNDkzZmYwNDllYjI5L3Jlc291cmNlR3JvdXBzL3BzMTk1OS9wcm92aWRlcnMvTWljcm9zb2Z0LlNxbC9sb2NhdGlvbnMvZWFzdHVzL3NlcnZlckF6dXJlQXN5bmNPcGVyYXRpb24vMmM1NjY2MDEtODU2NC00N2ViLWFiZDQtOTllMzE1YzlkZTAzP2FwaS12ZXJzaW9uPTIwMjItMDgtMDEtcHJldmlldw==",
      "RequestMethod": "GET",
      "RequestHeaders": {
        "x-ms-client-request-id": [
          "6e93e278-d2ad-48d1-a7ef-ead026e893de"
        ],
        "User-Agent": [
          "FxVersion/4.700.22.55902",
          "OSName/Windows",
          "OSVersion/Microsoft.Windows.10.0.22621",
          "Microsoft.Azure.Management.Sql.SqlManagementClient/4.6.0"
        ]
      },
      "RequestBody": "",
      "ResponseHeaders": {
        "Cache-Control": [
          "no-cache"
        ],
        "Pragma": [
          "no-cache"
        ],
        "Retry-After": [
          "1"
        ],
        "x-ms-request-id": [
          "f3e410f9-cd99-490e-8ae6-59db22240dca"
        ],
        "Server": [
          "Microsoft-HTTPAPI/2.0"
        ],
        "x-ms-ratelimit-remaining-subscription-reads": [
          "11995"
        ],
        "x-ms-correlation-request-id": [
          "1f9f2169-84fb-44e3-be6f-e496f5fba0af"
        ],
        "x-ms-routing-request-id": [
          "WESTCENTRALUS:20230504T204437Z:1f9f2169-84fb-44e3-be6f-e496f5fba0af"
        ],
        "Strict-Transport-Security": [
          "max-age=31536000; includeSubDomains"
        ],
        "X-Content-Type-Options": [
          "nosniff"
        ],
        "Date": [
          "Thu, 04 May 2023 20:44:36 GMT"
        ],
        "Content-Length": [
          "108"
        ],
        "Content-Type": [
          "application/json; charset=utf-8"
        ],
        "Expires": [
          "-1"
        ]
      },
      "ResponseBody": "{\r\n  \"name\": \"2c566601-8564-47eb-abd4-99e315c9de03\",\r\n  \"status\": \"InProgress\",\r\n  \"startTime\": \"2023-05-04T20:44:32.537Z\"\r\n}",
      "StatusCode": 200
    },
    {
      "RequestUri": "/subscriptions/2c647056-bab2-4175-b172-493ff049eb29/resourceGroups/ps1959/providers/Microsoft.Sql/locations/eastus/serverAzureAsyncOperation/2c566601-8564-47eb-abd4-99e315c9de03?api-version=2022-08-01-preview",
      "EncodedRequestUri": "L3N1YnNjcmlwdGlvbnMvMmM2NDcwNTYtYmFiMi00MTc1LWIxNzItNDkzZmYwNDllYjI5L3Jlc291cmNlR3JvdXBzL3BzMTk1OS9wcm92aWRlcnMvTWljcm9zb2Z0LlNxbC9sb2NhdGlvbnMvZWFzdHVzL3NlcnZlckF6dXJlQXN5bmNPcGVyYXRpb24vMmM1NjY2MDEtODU2NC00N2ViLWFiZDQtOTllMzE1YzlkZTAzP2FwaS12ZXJzaW9uPTIwMjItMDgtMDEtcHJldmlldw==",
      "RequestMethod": "GET",
      "RequestHeaders": {
        "x-ms-client-request-id": [
          "6e93e278-d2ad-48d1-a7ef-ead026e893de"
        ],
        "User-Agent": [
          "FxVersion/4.700.22.55902",
          "OSName/Windows",
          "OSVersion/Microsoft.Windows.10.0.22621",
          "Microsoft.Azure.Management.Sql.SqlManagementClient/4.6.0"
        ]
      },
      "RequestBody": "",
      "ResponseHeaders": {
        "Cache-Control": [
          "no-cache"
        ],
        "Pragma": [
          "no-cache"
        ],
        "Retry-After": [
          "20"
        ],
        "x-ms-request-id": [
          "7a137feb-dbae-422e-9d89-3e6774133e0f"
        ],
        "Server": [
          "Microsoft-HTTPAPI/2.0"
        ],
        "x-ms-ratelimit-remaining-subscription-reads": [
          "11994"
        ],
        "x-ms-correlation-request-id": [
          "ad4bf978-aa18-4c18-8b9a-407da2c98d5e"
        ],
        "x-ms-routing-request-id": [
          "WESTCENTRALUS:20230504T204438Z:ad4bf978-aa18-4c18-8b9a-407da2c98d5e"
        ],
        "Strict-Transport-Security": [
          "max-age=31536000; includeSubDomains"
        ],
        "X-Content-Type-Options": [
          "nosniff"
        ],
        "Date": [
          "Thu, 04 May 2023 20:44:37 GMT"
        ],
        "Content-Length": [
          "108"
        ],
        "Content-Type": [
          "application/json; charset=utf-8"
        ],
        "Expires": [
          "-1"
        ]
      },
      "ResponseBody": "{\r\n  \"name\": \"2c566601-8564-47eb-abd4-99e315c9de03\",\r\n  \"status\": \"InProgress\",\r\n  \"startTime\": \"2023-05-04T20:44:32.537Z\"\r\n}",
      "StatusCode": 200
    },
    {
      "RequestUri": "/subscriptions/2c647056-bab2-4175-b172-493ff049eb29/resourceGroups/ps1959/providers/Microsoft.Sql/locations/eastus/serverAzureAsyncOperation/2c566601-8564-47eb-abd4-99e315c9de03?api-version=2022-08-01-preview",
      "EncodedRequestUri": "L3N1YnNjcmlwdGlvbnMvMmM2NDcwNTYtYmFiMi00MTc1LWIxNzItNDkzZmYwNDllYjI5L3Jlc291cmNlR3JvdXBzL3BzMTk1OS9wcm92aWRlcnMvTWljcm9zb2Z0LlNxbC9sb2NhdGlvbnMvZWFzdHVzL3NlcnZlckF6dXJlQXN5bmNPcGVyYXRpb24vMmM1NjY2MDEtODU2NC00N2ViLWFiZDQtOTllMzE1YzlkZTAzP2FwaS12ZXJzaW9uPTIwMjItMDgtMDEtcHJldmlldw==",
      "RequestMethod": "GET",
      "RequestHeaders": {
        "x-ms-client-request-id": [
          "6e93e278-d2ad-48d1-a7ef-ead026e893de"
        ],
        "User-Agent": [
          "FxVersion/4.700.22.55902",
          "OSName/Windows",
          "OSVersion/Microsoft.Windows.10.0.22621",
          "Microsoft.Azure.Management.Sql.SqlManagementClient/4.6.0"
        ]
      },
      "RequestBody": "",
      "ResponseHeaders": {
        "Cache-Control": [
          "no-cache"
        ],
        "Pragma": [
          "no-cache"
        ],
        "Retry-After": [
          "20"
        ],
        "x-ms-request-id": [
          "5b493c41-72d9-4017-816f-6667c13b9299"
        ],
        "Server": [
          "Microsoft-HTTPAPI/2.0"
        ],
        "x-ms-ratelimit-remaining-subscription-reads": [
          "11993"
        ],
        "x-ms-correlation-request-id": [
          "4a6b7766-82df-4eb3-bf76-cfba0f024d0f"
        ],
        "x-ms-routing-request-id": [
          "WESTCENTRALUS:20230504T204458Z:4a6b7766-82df-4eb3-bf76-cfba0f024d0f"
        ],
        "Strict-Transport-Security": [
          "max-age=31536000; includeSubDomains"
        ],
        "X-Content-Type-Options": [
          "nosniff"
        ],
        "Date": [
          "Thu, 04 May 2023 20:44:58 GMT"
        ],
        "Content-Length": [
          "108"
        ],
        "Content-Type": [
          "application/json; charset=utf-8"
        ],
        "Expires": [
          "-1"
        ]
      },
      "ResponseBody": "{\r\n  \"name\": \"2c566601-8564-47eb-abd4-99e315c9de03\",\r\n  \"status\": \"InProgress\",\r\n  \"startTime\": \"2023-05-04T20:44:32.537Z\"\r\n}",
      "StatusCode": 200
    },
    {
      "RequestUri": "/subscriptions/2c647056-bab2-4175-b172-493ff049eb29/resourceGroups/ps1959/providers/Microsoft.Sql/locations/eastus/serverAzureAsyncOperation/2c566601-8564-47eb-abd4-99e315c9de03?api-version=2022-08-01-preview",
      "EncodedRequestUri": "L3N1YnNjcmlwdGlvbnMvMmM2NDcwNTYtYmFiMi00MTc1LWIxNzItNDkzZmYwNDllYjI5L3Jlc291cmNlR3JvdXBzL3BzMTk1OS9wcm92aWRlcnMvTWljcm9zb2Z0LlNxbC9sb2NhdGlvbnMvZWFzdHVzL3NlcnZlckF6dXJlQXN5bmNPcGVyYXRpb24vMmM1NjY2MDEtODU2NC00N2ViLWFiZDQtOTllMzE1YzlkZTAzP2FwaS12ZXJzaW9uPTIwMjItMDgtMDEtcHJldmlldw==",
      "RequestMethod": "GET",
      "RequestHeaders": {
        "x-ms-client-request-id": [
          "6e93e278-d2ad-48d1-a7ef-ead026e893de"
        ],
        "User-Agent": [
          "FxVersion/4.700.22.55902",
          "OSName/Windows",
          "OSVersion/Microsoft.Windows.10.0.22621",
          "Microsoft.Azure.Management.Sql.SqlManagementClient/4.6.0"
        ]
      },
      "RequestBody": "",
      "ResponseHeaders": {
        "Cache-Control": [
          "no-cache"
        ],
        "Pragma": [
          "no-cache"
        ],
        "Retry-After": [
          "15"
        ],
        "x-ms-request-id": [
          "70f96e54-22dd-43b7-9da6-71c6261f2e3a"
        ],
        "Server": [
          "Microsoft-HTTPAPI/2.0"
        ],
        "x-ms-ratelimit-remaining-subscription-reads": [
          "11992"
        ],
        "x-ms-correlation-request-id": [
          "ea6ceafe-882f-4e29-ac9b-25367ff3ad36"
        ],
        "x-ms-routing-request-id": [
          "WESTCENTRALUS:20230504T204518Z:ea6ceafe-882f-4e29-ac9b-25367ff3ad36"
        ],
        "Strict-Transport-Security": [
          "max-age=31536000; includeSubDomains"
        ],
        "X-Content-Type-Options": [
          "nosniff"
        ],
        "Date": [
          "Thu, 04 May 2023 20:45:18 GMT"
        ],
        "Content-Length": [
          "107"
        ],
        "Content-Type": [
          "application/json; charset=utf-8"
        ],
        "Expires": [
          "-1"
        ]
      },
      "ResponseBody": "{\r\n  \"name\": \"2c566601-8564-47eb-abd4-99e315c9de03\",\r\n  \"status\": \"Succeeded\",\r\n  \"startTime\": \"2023-05-04T20:44:32.537Z\"\r\n}",
      "StatusCode": 200
    },
    {
      "RequestUri": "/subscriptions/2c647056-bab2-4175-b172-493ff049eb29/resourceGroups/ps1959/providers/Microsoft.Sql/servers/ps6639/databases/ps5784?api-version=2022-08-01-preview",
      "EncodedRequestUri": "L3N1YnNjcmlwdGlvbnMvMmM2NDcwNTYtYmFiMi00MTc1LWIxNzItNDkzZmYwNDllYjI5L3Jlc291cmNlR3JvdXBzL3BzMTk1OS9wcm92aWRlcnMvTWljcm9zb2Z0LlNxbC9zZXJ2ZXJzL3BzNjYzOS9kYXRhYmFzZXMvcHM1Nzg0P2FwaS12ZXJzaW9uPTIwMjItMDgtMDEtcHJldmlldw==",
      "RequestMethod": "GET",
      "RequestHeaders": {
        "x-ms-client-request-id": [
          "b54d37d0-038c-42d8-928e-155e940b27bf"
        ],
        "Accept-Language": [
          "en-US"
        ],
        "User-Agent": [
          "FxVersion/4.700.22.55902",
          "OSName/Windows",
          "OSVersion/Microsoft.Windows.10.0.22621",
          "Microsoft.Azure.Management.Sql.SqlManagementClient/4.6.0"
        ]
      },
      "RequestBody": "",
      "ResponseHeaders": {
        "Cache-Control": [
          "no-cache"
        ],
        "Pragma": [
          "no-cache"
        ],
        "x-ms-failure-cause": [
          "gateway"
        ],
        "x-ms-request-id": [
          "6445119b-d005-4a87-a909-062e8e5e99ac"
        ],
        "x-ms-correlation-request-id": [
          "6445119b-d005-4a87-a909-062e8e5e99ac"
        ],
        "x-ms-routing-request-id": [
          "WESTUS:20230504T204519Z:6445119b-d005-4a87-a909-062e8e5e99ac"
        ],
        "Strict-Transport-Security": [
          "max-age=31536000; includeSubDomains"
        ],
        "X-Content-Type-Options": [
          "nosniff"
        ],
        "Date": [
          "Thu, 04 May 2023 20:45:19 GMT"
        ],
        "Content-Type": [
          "application/json; charset=utf-8"
        ],
        "Expires": [
          "-1"
        ],
        "Content-Length": [
          "223"
        ]
      },
      "ResponseBody": "{\r\n  \"error\": {\r\n    \"code\": \"ResourceNotFound\",\r\n    \"message\": \"The Resource 'Microsoft.Sql/servers/ps6639/databases/ps5784' under resource group 'ps1959' was not found. For more details please go to https://aka.ms/ARMResourceNotFoundFix\"\r\n  }\r\n}",
      "StatusCode": 404
    },
    {
      "RequestUri": "/subscriptions/2c647056-bab2-4175-b172-493ff049eb29/resourceGroups/ps1959/providers/Microsoft.Sql/servers/ps6639/databases/ps5784?api-version=2022-08-01-preview",
      "EncodedRequestUri": "L3N1YnNjcmlwdGlvbnMvMmM2NDcwNTYtYmFiMi00MTc1LWIxNzItNDkzZmYwNDllYjI5L3Jlc291cmNlR3JvdXBzL3BzMTk1OS9wcm92aWRlcnMvTWljcm9zb2Z0LlNxbC9zZXJ2ZXJzL3BzNjYzOS9kYXRhYmFzZXMvcHM1Nzg0P2FwaS12ZXJzaW9uPTIwMjItMDgtMDEtcHJldmlldw==",
      "RequestMethod": "GET",
      "RequestHeaders": {
        "x-ms-client-request-id": [
          "b54d37d0-038c-42d8-928e-155e940b27bf"
        ],
        "User-Agent": [
          "FxVersion/4.700.22.55902",
          "OSName/Windows",
          "OSVersion/Microsoft.Windows.10.0.22621",
          "Microsoft.Azure.Management.Sql.SqlManagementClient/4.6.0"
        ]
      },
      "RequestBody": "",
      "ResponseHeaders": {
        "Cache-Control": [
          "no-cache"
        ],
        "Pragma": [
          "no-cache"
        ],
        "x-ms-request-id": [
          "731bb1fc-538e-4b3e-ae47-c22c01925bdd"
        ],
        "Server": [
          "Microsoft-HTTPAPI/2.0"
        ],
        "x-ms-ratelimit-remaining-subscription-reads": [
          "11994"
        ],
        "x-ms-correlation-request-id": [
          "90fbff51-5299-44db-902f-8ec6a38f7853"
        ],
        "x-ms-routing-request-id": [
          "WESTUS:20230504T204638Z:90fbff51-5299-44db-902f-8ec6a38f7853"
        ],
        "Strict-Transport-Security": [
          "max-age=31536000; includeSubDomains"
        ],
        "X-Content-Type-Options": [
          "nosniff"
        ],
        "Date": [
          "Thu, 04 May 2023 20:46:37 GMT"
        ],
        "Content-Length": [
          "1239"
        ],
        "Content-Type": [
          "application/json; charset=utf-8"
        ],
        "Expires": [
          "-1"
        ]
      },
      "ResponseBody": "{\r\n  \"sku\": {\r\n    \"name\": \"GP_Gen5\",\r\n    \"tier\": \"GeneralPurpose\",\r\n    \"family\": \"Gen5\",\r\n    \"capacity\": 2\r\n  },\r\n  \"kind\": \"v12.0,user,vcore\",\r\n  \"properties\": {\r\n    \"collation\": \"SQL_Latin1_General_CP1_CI_AS\",\r\n    \"maxSizeBytes\": 34359738368,\r\n    \"status\": \"Online\",\r\n    \"databaseId\": \"93f04f99-1a1c-46da-94b3-0f579c68bf29\",\r\n    \"creationDate\": \"2023-05-04T20:46:28.093Z\",\r\n    \"currentServiceObjectiveName\": \"GP_Gen5_2\",\r\n    \"requestedServiceObjectiveName\": \"GP_Gen5_2\",\r\n    \"defaultSecondaryLocation\": \"westus\",\r\n    \"catalogCollation\": \"SQL_Latin1_General_CP1_CI_AS\",\r\n    \"zoneRedundant\": false,\r\n    \"licenseType\": \"LicenseIncluded\",\r\n    \"maxLogSizeBytes\": 193273528320,\r\n    \"readScale\": \"Disabled\",\r\n    \"currentSku\": {\r\n      \"name\": \"GP_Gen5\",\r\n      \"tier\": \"GeneralPurpose\",\r\n      \"family\": \"Gen5\",\r\n      \"capacity\": 2\r\n    },\r\n    \"currentBackupStorageRedundancy\": \"Geo\",\r\n    \"requestedBackupStorageRedundancy\": \"Geo\",\r\n    \"maintenanceConfigurationId\": \"/subscriptions/2c647056-bab2-4175-b172-493ff049eb29/providers/Microsoft.Maintenance/publicMaintenanceConfigurations/SQL_Default\",\r\n    \"isLedgerOn\": false,\r\n    \"isInfraEncryptionEnabled\": false,\r\n    \"preferredEnclaveType\": \"Default\",\r\n    \"availabilityZone\": \"NoPreference\"\r\n  },\r\n  \"location\": \"eastus\",\r\n  \"id\": \"/subscriptions/2c647056-bab2-4175-b172-493ff049eb29/resourceGroups/ps1959/providers/Microsoft.Sql/servers/ps6639/databases/ps5784\",\r\n  \"name\": \"ps5784\",\r\n  \"type\": \"Microsoft.Sql/servers/databases\"\r\n}",
      "StatusCode": 200
    },
    {
      "RequestUri": "/subscriptions/2c647056-bab2-4175-b172-493ff049eb29/resourceGroups/ps1959/providers/Microsoft.Sql/servers/ps6639/databases/ps5784?api-version=2022-08-01-preview",
      "EncodedRequestUri": "L3N1YnNjcmlwdGlvbnMvMmM2NDcwNTYtYmFiMi00MTc1LWIxNzItNDkzZmYwNDllYjI5L3Jlc291cmNlR3JvdXBzL3BzMTk1OS9wcm92aWRlcnMvTWljcm9zb2Z0LlNxbC9zZXJ2ZXJzL3BzNjYzOS9kYXRhYmFzZXMvcHM1Nzg0P2FwaS12ZXJzaW9uPTIwMjItMDgtMDEtcHJldmlldw==",
      "RequestMethod": "GET",
      "RequestHeaders": {
        "x-ms-client-request-id": [
          "4baa3d8e-d545-4b20-8a93-9092c72f6375"
        ],
        "Accept-Language": [
          "en-US"
        ],
        "User-Agent": [
          "FxVersion/4.700.22.55902",
          "OSName/Windows",
          "OSVersion/Microsoft.Windows.10.0.22621",
          "Microsoft.Azure.Management.Sql.SqlManagementClient/4.6.0"
        ]
      },
      "RequestBody": "",
      "ResponseHeaders": {
        "Cache-Control": [
          "no-cache"
        ],
        "Pragma": [
          "no-cache"
        ],
        "x-ms-request-id": [
          "2d1eeaa1-cea6-4c90-b83f-3dde6115735c"
        ],
        "Server": [
          "Microsoft-HTTPAPI/2.0"
        ],
        "x-ms-ratelimit-remaining-subscription-reads": [
          "11999"
        ],
        "x-ms-correlation-request-id": [
          "92d11861-1428-4127-95c7-daf5937d4f5e"
        ],
        "x-ms-routing-request-id": [
          "WESTCENTRALUS:20230504T204639Z:92d11861-1428-4127-95c7-daf5937d4f5e"
        ],
        "Strict-Transport-Security": [
          "max-age=31536000; includeSubDomains"
        ],
        "X-Content-Type-Options": [
          "nosniff"
        ],
        "Date": [
          "Thu, 04 May 2023 20:46:38 GMT"
        ],
        "Content-Length": [
          "1239"
        ],
        "Content-Type": [
          "application/json; charset=utf-8"
        ],
        "Expires": [
          "-1"
        ]
      },
      "ResponseBody": "{\r\n  \"sku\": {\r\n    \"name\": \"GP_Gen5\",\r\n    \"tier\": \"GeneralPurpose\",\r\n    \"family\": \"Gen5\",\r\n    \"capacity\": 2\r\n  },\r\n  \"kind\": \"v12.0,user,vcore\",\r\n  \"properties\": {\r\n    \"collation\": \"SQL_Latin1_General_CP1_CI_AS\",\r\n    \"maxSizeBytes\": 34359738368,\r\n    \"status\": \"Online\",\r\n    \"databaseId\": \"93f04f99-1a1c-46da-94b3-0f579c68bf29\",\r\n    \"creationDate\": \"2023-05-04T20:46:28.093Z\",\r\n    \"currentServiceObjectiveName\": \"GP_Gen5_2\",\r\n    \"requestedServiceObjectiveName\": \"GP_Gen5_2\",\r\n    \"defaultSecondaryLocation\": \"westus\",\r\n    \"catalogCollation\": \"SQL_Latin1_General_CP1_CI_AS\",\r\n    \"zoneRedundant\": false,\r\n    \"licenseType\": \"LicenseIncluded\",\r\n    \"maxLogSizeBytes\": 193273528320,\r\n    \"readScale\": \"Disabled\",\r\n    \"currentSku\": {\r\n      \"name\": \"GP_Gen5\",\r\n      \"tier\": \"GeneralPurpose\",\r\n      \"family\": \"Gen5\",\r\n      \"capacity\": 2\r\n    },\r\n    \"currentBackupStorageRedundancy\": \"Geo\",\r\n    \"requestedBackupStorageRedundancy\": \"Geo\",\r\n    \"maintenanceConfigurationId\": \"/subscriptions/2c647056-bab2-4175-b172-493ff049eb29/providers/Microsoft.Maintenance/publicMaintenanceConfigurations/SQL_Default\",\r\n    \"isLedgerOn\": false,\r\n    \"isInfraEncryptionEnabled\": false,\r\n    \"preferredEnclaveType\": \"Default\",\r\n    \"availabilityZone\": \"NoPreference\"\r\n  },\r\n  \"location\": \"eastus\",\r\n  \"id\": \"/subscriptions/2c647056-bab2-4175-b172-493ff049eb29/resourceGroups/ps1959/providers/Microsoft.Sql/servers/ps6639/databases/ps5784\",\r\n  \"name\": \"ps5784\",\r\n  \"type\": \"Microsoft.Sql/servers/databases\"\r\n}",
      "StatusCode": 200
    },
    {
      "RequestUri": "/subscriptions/2c647056-bab2-4175-b172-493ff049eb29/resourceGroups/ps1959/providers/Microsoft.Sql/servers/ps6639/databases/ps5784?api-version=2022-08-01-preview",
      "EncodedRequestUri": "L3N1YnNjcmlwdGlvbnMvMmM2NDcwNTYtYmFiMi00MTc1LWIxNzItNDkzZmYwNDllYjI5L3Jlc291cmNlR3JvdXBzL3BzMTk1OS9wcm92aWRlcnMvTWljcm9zb2Z0LlNxbC9zZXJ2ZXJzL3BzNjYzOS9kYXRhYmFzZXMvcHM1Nzg0P2FwaS12ZXJzaW9uPTIwMjItMDgtMDEtcHJldmlldw==",
      "RequestMethod": "GET",
      "RequestHeaders": {
        "x-ms-client-request-id": [
          "4baa3d8e-d545-4b20-8a93-9092c72f6375"
        ],
        "User-Agent": [
          "FxVersion/4.700.22.55902",
          "OSName/Windows",
          "OSVersion/Microsoft.Windows.10.0.22621",
          "Microsoft.Azure.Management.Sql.SqlManagementClient/4.6.0"
        ]
      },
      "RequestBody": "",
      "ResponseHeaders": {
        "Cache-Control": [
          "no-cache"
        ],
        "Pragma": [
          "no-cache"
        ],
        "x-ms-request-id": [
          "20f0d307-54bd-4c9b-992b-93f2ff584472"
        ],
        "Server": [
          "Microsoft-HTTPAPI/2.0"
        ],
        "x-ms-ratelimit-remaining-subscription-reads": [
          "11998"
        ],
        "x-ms-correlation-request-id": [
          "8edecff3-f207-4a3e-b47c-062db33c7c51"
        ],
        "x-ms-routing-request-id": [
          "WESTCENTRALUS:20230504T204655Z:8edecff3-f207-4a3e-b47c-062db33c7c51"
        ],
        "Strict-Transport-Security": [
          "max-age=31536000; includeSubDomains"
        ],
        "X-Content-Type-Options": [
          "nosniff"
        ],
        "Date": [
          "Thu, 04 May 2023 20:46:55 GMT"
        ],
        "Content-Length": [
          "1235"
        ],
        "Content-Type": [
          "application/json; charset=utf-8"
        ],
        "Expires": [
          "-1"
        ]
      },
      "ResponseBody": "{\r\n  \"sku\": {\r\n    \"name\": \"GP_Gen5\",\r\n    \"tier\": \"GeneralPurpose\",\r\n    \"family\": \"Gen5\",\r\n    \"capacity\": 2\r\n  },\r\n  \"kind\": \"v12.0,user,vcore\",\r\n  \"properties\": {\r\n    \"collation\": \"SQL_Latin1_General_CP1_CI_AS\",\r\n    \"maxSizeBytes\": 34359738368,\r\n    \"status\": \"Online\",\r\n    \"databaseId\": \"93f04f99-1a1c-46da-94b3-0f579c68bf29\",\r\n    \"creationDate\": \"2023-05-04T20:46:28.093Z\",\r\n    \"currentServiceObjectiveName\": \"GP_Gen5_2\",\r\n    \"requestedServiceObjectiveName\": \"GP_Gen5_2\",\r\n    \"defaultSecondaryLocation\": \"westus\",\r\n    \"catalogCollation\": \"SQL_Latin1_General_CP1_CI_AS\",\r\n    \"zoneRedundant\": false,\r\n    \"licenseType\": \"LicenseIncluded\",\r\n    \"maxLogSizeBytes\": 193273528320,\r\n    \"readScale\": \"Disabled\",\r\n    \"currentSku\": {\r\n      \"name\": \"GP_Gen5\",\r\n      \"tier\": \"GeneralPurpose\",\r\n      \"family\": \"Gen5\",\r\n      \"capacity\": 2\r\n    },\r\n    \"currentBackupStorageRedundancy\": \"Geo\",\r\n    \"requestedBackupStorageRedundancy\": \"Geo\",\r\n    \"maintenanceConfigurationId\": \"/subscriptions/2c647056-bab2-4175-b172-493ff049eb29/providers/Microsoft.Maintenance/publicMaintenanceConfigurations/SQL_Default\",\r\n    \"isLedgerOn\": false,\r\n    \"isInfraEncryptionEnabled\": false,\r\n    \"preferredEnclaveType\": \"VBS\",\r\n    \"availabilityZone\": \"NoPreference\"\r\n  },\r\n  \"location\": \"eastus\",\r\n  \"id\": \"/subscriptions/2c647056-bab2-4175-b172-493ff049eb29/resourceGroups/ps1959/providers/Microsoft.Sql/servers/ps6639/databases/ps5784\",\r\n  \"name\": \"ps5784\",\r\n  \"type\": \"Microsoft.Sql/servers/databases\"\r\n}",
      "StatusCode": 200
    },
    {
      "RequestUri": "/subscriptions/2c647056-bab2-4175-b172-493ff049eb29/resourceGroups/ps1959/providers/Microsoft.Sql/servers/ps6639/databases/ps5784?api-version=2022-08-01-preview",
      "EncodedRequestUri": "L3N1YnNjcmlwdGlvbnMvMmM2NDcwNTYtYmFiMi00MTc1LWIxNzItNDkzZmYwNDllYjI5L3Jlc291cmNlR3JvdXBzL3BzMTk1OS9wcm92aWRlcnMvTWljcm9zb2Z0LlNxbC9zZXJ2ZXJzL3BzNjYzOS9kYXRhYmFzZXMvcHM1Nzg0P2FwaS12ZXJzaW9uPTIwMjItMDgtMDEtcHJldmlldw==",
      "RequestMethod": "PUT",
      "RequestHeaders": {
        "x-ms-client-request-id": [
          "b54d37d0-038c-42d8-928e-155e940b27bf"
        ],
        "Accept-Language": [
          "en-US"
        ],
        "User-Agent": [
          "FxVersion/4.700.22.55902",
          "OSName/Windows",
          "OSVersion/Microsoft.Windows.10.0.22621",
          "Microsoft.Azure.Management.Sql.SqlManagementClient/4.6.0"
        ],
        "Content-Type": [
          "application/json; charset=utf-8"
        ],
        "Content-Length": [
          "229"
        ]
      },
      "RequestBody": "{\r\n  \"sku\": {\r\n    \"name\": \"GP_Gen5_2\",\r\n    \"tier\": \"GeneralPurpose\"\r\n  },\r\n  \"properties\": {\r\n    \"maxSizeBytes\": 0,\r\n    \"readScale\": \"\",\r\n    \"keys\": {},\r\n    \"preferredEnclaveType\": \"Default\"\r\n  },\r\n  \"location\": \"eastus\"\r\n}",
      "ResponseHeaders": {
        "Cache-Control": [
          "no-cache"
        ],
        "Pragma": [
          "no-cache"
        ],
        "Location": [
          "https://management.azure.com/subscriptions/2c647056-bab2-4175-b172-493ff049eb29/resourceGroups/ps1959/providers/Microsoft.Sql/locations/eastus/databaseOperationResults/afcbafa1-2a2e-4ed9-88d3-c137445fe939?api-version=2022-08-01-preview"
        ],
        "Retry-After": [
          "15"
        ],
        "Azure-AsyncOperation": [
          "https://management.azure.com/subscriptions/2c647056-bab2-4175-b172-493ff049eb29/resourceGroups/ps1959/providers/Microsoft.Sql/locations/eastus/databaseAzureAsyncOperation/afcbafa1-2a2e-4ed9-88d3-c137445fe939?api-version=2022-08-01-preview"
        ],
        "x-ms-request-id": [
          "afcbafa1-2a2e-4ed9-88d3-c137445fe939"
        ],
        "Server": [
          "Microsoft-HTTPAPI/2.0"
        ],
        "x-ms-ratelimit-remaining-subscription-writes": [
          "1199"
        ],
        "x-ms-correlation-request-id": [
          "1c140bb0-11a8-4f3c-a95f-afb4b733a678"
        ],
        "x-ms-routing-request-id": [
          "WESTUS:20230504T204521Z:1c140bb0-11a8-4f3c-a95f-afb4b733a678"
        ],
        "Strict-Transport-Security": [
          "max-age=31536000; includeSubDomains"
        ],
        "X-Content-Type-Options": [
          "nosniff"
        ],
        "Date": [
          "Thu, 04 May 2023 20:45:21 GMT"
        ],
        "Content-Length": [
          "76"
        ],
        "Content-Type": [
          "application/json; charset=utf-8"
        ],
        "Expires": [
          "-1"
        ]
      },
      "ResponseBody": "{\r\n  \"operation\": \"CreateLogicalDatabase\",\r\n  \"startTime\": \"2023-05-04T20:45:21.767Z\"\r\n}",
      "StatusCode": 202
    },
    {
      "RequestUri": "/subscriptions/2c647056-bab2-4175-b172-493ff049eb29/resourceGroups/ps1959/providers/Microsoft.Sql/servers/ps6639/databases/ps5784?api-version=2022-08-01-preview",
      "EncodedRequestUri": "L3N1YnNjcmlwdGlvbnMvMmM2NDcwNTYtYmFiMi00MTc1LWIxNzItNDkzZmYwNDllYjI5L3Jlc291cmNlR3JvdXBzL3BzMTk1OS9wcm92aWRlcnMvTWljcm9zb2Z0LlNxbC9zZXJ2ZXJzL3BzNjYzOS9kYXRhYmFzZXMvcHM1Nzg0P2FwaS12ZXJzaW9uPTIwMjItMDgtMDEtcHJldmlldw==",
      "RequestMethod": "PUT",
      "RequestHeaders": {
        "x-ms-client-request-id": [
          "4baa3d8e-d545-4b20-8a93-9092c72f6375"
        ],
        "Accept-Language": [
          "en-US"
        ],
        "User-Agent": [
          "FxVersion/4.700.22.55902",
          "OSName/Windows",
          "OSVersion/Microsoft.Windows.10.0.22621",
          "Microsoft.Azure.Management.Sql.SqlManagementClient/4.6.0"
        ],
        "Content-Type": [
          "application/json; charset=utf-8"
        ],
        "Content-Length": [
          "173"
        ]
      },
      "RequestBody": "{\r\n  \"properties\": {\r\n    \"maxSizeBytes\": 0,\r\n    \"licenseType\": \"LicenseIncluded\",\r\n    \"readScale\": \"\",\r\n    \"preferredEnclaveType\": \"VBS\"\r\n  },\r\n  \"location\": \"eastus\"\r\n}",
      "ResponseHeaders": {
        "Cache-Control": [
          "no-cache"
        ],
        "Pragma": [
          "no-cache"
        ],
        "Location": [
          "https://management.azure.com/subscriptions/2c647056-bab2-4175-b172-493ff049eb29/resourceGroups/ps1959/providers/Microsoft.Sql/locations/eastus/databaseOperationResults/b37598cb-c9e3-44b8-a938-6238b8e13e3e?api-version=2022-08-01-preview"
        ],
        "Retry-After": [
          "15"
        ],
        "Azure-AsyncOperation": [
          "https://management.azure.com/subscriptions/2c647056-bab2-4175-b172-493ff049eb29/resourceGroups/ps1959/providers/Microsoft.Sql/locations/eastus/databaseAzureAsyncOperation/b37598cb-c9e3-44b8-a938-6238b8e13e3e?api-version=2022-08-01-preview"
        ],
        "x-ms-request-id": [
          "b37598cb-c9e3-44b8-a938-6238b8e13e3e"
        ],
        "Server": [
          "Microsoft-HTTPAPI/2.0"
        ],
        "x-ms-ratelimit-remaining-subscription-writes": [
          "1199"
        ],
        "x-ms-correlation-request-id": [
          "8a9c21d6-0023-4f57-bd6d-7e3d8dbc04ad"
        ],
        "x-ms-routing-request-id": [
          "WESTCENTRALUS:20230504T204640Z:8a9c21d6-0023-4f57-bd6d-7e3d8dbc04ad"
        ],
        "Strict-Transport-Security": [
          "max-age=31536000; includeSubDomains"
        ],
        "X-Content-Type-Options": [
          "nosniff"
        ],
        "Date": [
          "Thu, 04 May 2023 20:46:39 GMT"
        ],
        "Content-Length": [
          "76"
        ],
        "Content-Type": [
          "application/json; charset=utf-8"
        ],
        "Expires": [
          "-1"
        ]
      },
      "ResponseBody": "{\r\n  \"operation\": \"UpdateLogicalDatabase\",\r\n  \"startTime\": \"2023-05-04T20:46:40.137Z\"\r\n}",
      "StatusCode": 202
    },
    {
      "RequestUri": "/subscriptions/2c647056-bab2-4175-b172-493ff049eb29/resourceGroups/ps1959/providers/Microsoft.Sql/locations/eastus/databaseAzureAsyncOperation/afcbafa1-2a2e-4ed9-88d3-c137445fe939?api-version=2022-08-01-preview",
      "EncodedRequestUri": "L3N1YnNjcmlwdGlvbnMvMmM2NDcwNTYtYmFiMi00MTc1LWIxNzItNDkzZmYwNDllYjI5L3Jlc291cmNlR3JvdXBzL3BzMTk1OS9wcm92aWRlcnMvTWljcm9zb2Z0LlNxbC9sb2NhdGlvbnMvZWFzdHVzL2RhdGFiYXNlQXp1cmVBc3luY09wZXJhdGlvbi9hZmNiYWZhMS0yYTJlLTRlZDktODhkMy1jMTM3NDQ1ZmU5Mzk/YXBpLXZlcnNpb249MjAyMi0wOC0wMS1wcmV2aWV3",
      "RequestMethod": "GET",
      "RequestHeaders": {
        "x-ms-client-request-id": [
          "b54d37d0-038c-42d8-928e-155e940b27bf"
        ],
        "User-Agent": [
          "FxVersion/4.700.22.55902",
          "OSName/Windows",
          "OSVersion/Microsoft.Windows.10.0.22621",
          "Microsoft.Azure.Management.Sql.SqlManagementClient/4.6.0"
        ]
      },
      "RequestBody": "",
      "ResponseHeaders": {
        "Cache-Control": [
          "no-cache"
        ],
        "Pragma": [
          "no-cache"
        ],
        "Retry-After": [
          "15"
        ],
        "x-ms-request-id": [
          "19c49ee2-00bc-4c23-bd89-206950db2e25"
        ],
        "Server": [
          "Microsoft-HTTPAPI/2.0"
        ],
        "x-ms-ratelimit-remaining-subscription-reads": [
          "11999"
        ],
        "x-ms-correlation-request-id": [
          "9b9ec698-056c-462a-8c58-e0c410b8e357"
        ],
        "x-ms-routing-request-id": [
          "WESTUS:20230504T204537Z:9b9ec698-056c-462a-8c58-e0c410b8e357"
        ],
        "Strict-Transport-Security": [
          "max-age=31536000; includeSubDomains"
        ],
        "X-Content-Type-Options": [
          "nosniff"
        ],
        "Date": [
          "Thu, 04 May 2023 20:45:36 GMT"
        ],
        "Content-Length": [
          "108"
        ],
        "Content-Type": [
          "application/json; charset=utf-8"
        ],
        "Expires": [
          "-1"
        ]
      },
      "ResponseBody": "{\r\n  \"name\": \"afcbafa1-2a2e-4ed9-88d3-c137445fe939\",\r\n  \"status\": \"InProgress\",\r\n  \"startTime\": \"2023-05-04T20:45:21.767Z\"\r\n}",
      "StatusCode": 200
    },
    {
      "RequestUri": "/subscriptions/2c647056-bab2-4175-b172-493ff049eb29/resourceGroups/ps1959/providers/Microsoft.Sql/locations/eastus/databaseAzureAsyncOperation/afcbafa1-2a2e-4ed9-88d3-c137445fe939?api-version=2022-08-01-preview",
      "EncodedRequestUri": "L3N1YnNjcmlwdGlvbnMvMmM2NDcwNTYtYmFiMi00MTc1LWIxNzItNDkzZmYwNDllYjI5L3Jlc291cmNlR3JvdXBzL3BzMTk1OS9wcm92aWRlcnMvTWljcm9zb2Z0LlNxbC9sb2NhdGlvbnMvZWFzdHVzL2RhdGFiYXNlQXp1cmVBc3luY09wZXJhdGlvbi9hZmNiYWZhMS0yYTJlLTRlZDktODhkMy1jMTM3NDQ1ZmU5Mzk/YXBpLXZlcnNpb249MjAyMi0wOC0wMS1wcmV2aWV3",
      "RequestMethod": "GET",
      "RequestHeaders": {
        "x-ms-client-request-id": [
          "b54d37d0-038c-42d8-928e-155e940b27bf"
        ],
        "User-Agent": [
          "FxVersion/4.700.22.55902",
          "OSName/Windows",
          "OSVersion/Microsoft.Windows.10.0.22621",
          "Microsoft.Azure.Management.Sql.SqlManagementClient/4.6.0"
        ]
      },
      "RequestBody": "",
      "ResponseHeaders": {
        "Cache-Control": [
          "no-cache"
        ],
        "Pragma": [
          "no-cache"
        ],
        "Retry-After": [
          "15"
        ],
        "x-ms-request-id": [
          "980f2c68-b478-4711-be0f-a77a3dd2f0be"
        ],
        "Server": [
          "Microsoft-HTTPAPI/2.0"
        ],
        "x-ms-ratelimit-remaining-subscription-reads": [
          "11998"
        ],
        "x-ms-correlation-request-id": [
          "3fed3f9a-2ede-4339-9f48-155a9439f378"
        ],
        "x-ms-routing-request-id": [
          "WESTUS:20230504T204552Z:3fed3f9a-2ede-4339-9f48-155a9439f378"
        ],
        "Strict-Transport-Security": [
          "max-age=31536000; includeSubDomains"
        ],
        "X-Content-Type-Options": [
          "nosniff"
        ],
        "Date": [
          "Thu, 04 May 2023 20:45:52 GMT"
        ],
        "Content-Length": [
          "108"
        ],
        "Content-Type": [
          "application/json; charset=utf-8"
        ],
        "Expires": [
          "-1"
        ]
      },
      "ResponseBody": "{\r\n  \"name\": \"afcbafa1-2a2e-4ed9-88d3-c137445fe939\",\r\n  \"status\": \"InProgress\",\r\n  \"startTime\": \"2023-05-04T20:45:21.767Z\"\r\n}",
      "StatusCode": 200
    },
    {
      "RequestUri": "/subscriptions/2c647056-bab2-4175-b172-493ff049eb29/resourceGroups/ps1959/providers/Microsoft.Sql/locations/eastus/databaseAzureAsyncOperation/afcbafa1-2a2e-4ed9-88d3-c137445fe939?api-version=2022-08-01-preview",
      "EncodedRequestUri": "L3N1YnNjcmlwdGlvbnMvMmM2NDcwNTYtYmFiMi00MTc1LWIxNzItNDkzZmYwNDllYjI5L3Jlc291cmNlR3JvdXBzL3BzMTk1OS9wcm92aWRlcnMvTWljcm9zb2Z0LlNxbC9sb2NhdGlvbnMvZWFzdHVzL2RhdGFiYXNlQXp1cmVBc3luY09wZXJhdGlvbi9hZmNiYWZhMS0yYTJlLTRlZDktODhkMy1jMTM3NDQ1ZmU5Mzk/YXBpLXZlcnNpb249MjAyMi0wOC0wMS1wcmV2aWV3",
      "RequestMethod": "GET",
      "RequestHeaders": {
        "x-ms-client-request-id": [
          "b54d37d0-038c-42d8-928e-155e940b27bf"
        ],
        "User-Agent": [
          "FxVersion/4.700.22.55902",
          "OSName/Windows",
          "OSVersion/Microsoft.Windows.10.0.22621",
          "Microsoft.Azure.Management.Sql.SqlManagementClient/4.6.0"
        ]
      },
      "RequestBody": "",
      "ResponseHeaders": {
        "Cache-Control": [
          "no-cache"
        ],
        "Pragma": [
          "no-cache"
        ],
        "Retry-After": [
          "15"
        ],
        "x-ms-request-id": [
          "0e1a5f31-0f00-428b-8f42-2f1d9dda2e8b"
        ],
        "Server": [
          "Microsoft-HTTPAPI/2.0"
        ],
        "x-ms-ratelimit-remaining-subscription-reads": [
          "11997"
        ],
        "x-ms-correlation-request-id": [
          "bbea4b2a-55dc-48bd-bb4a-59e298b825c9"
        ],
        "x-ms-routing-request-id": [
          "WESTUS:20230504T204607Z:bbea4b2a-55dc-48bd-bb4a-59e298b825c9"
        ],
        "Strict-Transport-Security": [
          "max-age=31536000; includeSubDomains"
        ],
        "X-Content-Type-Options": [
          "nosniff"
        ],
        "Date": [
          "Thu, 04 May 2023 20:46:07 GMT"
        ],
        "Content-Length": [
          "108"
        ],
        "Content-Type": [
          "application/json; charset=utf-8"
        ],
        "Expires": [
          "-1"
        ]
      },
      "ResponseBody": "{\r\n  \"name\": \"afcbafa1-2a2e-4ed9-88d3-c137445fe939\",\r\n  \"status\": \"InProgress\",\r\n  \"startTime\": \"2023-05-04T20:45:21.767Z\"\r\n}",
      "StatusCode": 200
    },
    {
      "RequestUri": "/subscriptions/2c647056-bab2-4175-b172-493ff049eb29/resourceGroups/ps1959/providers/Microsoft.Sql/locations/eastus/databaseAzureAsyncOperation/afcbafa1-2a2e-4ed9-88d3-c137445fe939?api-version=2022-08-01-preview",
      "EncodedRequestUri": "L3N1YnNjcmlwdGlvbnMvMmM2NDcwNTYtYmFiMi00MTc1LWIxNzItNDkzZmYwNDllYjI5L3Jlc291cmNlR3JvdXBzL3BzMTk1OS9wcm92aWRlcnMvTWljcm9zb2Z0LlNxbC9sb2NhdGlvbnMvZWFzdHVzL2RhdGFiYXNlQXp1cmVBc3luY09wZXJhdGlvbi9hZmNiYWZhMS0yYTJlLTRlZDktODhkMy1jMTM3NDQ1ZmU5Mzk/YXBpLXZlcnNpb249MjAyMi0wOC0wMS1wcmV2aWV3",
      "RequestMethod": "GET",
      "RequestHeaders": {
        "x-ms-client-request-id": [
          "b54d37d0-038c-42d8-928e-155e940b27bf"
        ],
        "User-Agent": [
          "FxVersion/4.700.22.55902",
          "OSName/Windows",
          "OSVersion/Microsoft.Windows.10.0.22621",
          "Microsoft.Azure.Management.Sql.SqlManagementClient/4.6.0"
        ]
      },
      "RequestBody": "",
      "ResponseHeaders": {
        "Cache-Control": [
          "no-cache"
        ],
        "Pragma": [
          "no-cache"
        ],
        "Retry-After": [
          "15"
        ],
        "x-ms-request-id": [
          "69c967bf-b218-46cb-b74f-cf60760fa400"
        ],
        "Server": [
          "Microsoft-HTTPAPI/2.0"
        ],
        "x-ms-ratelimit-remaining-subscription-reads": [
          "11996"
        ],
        "x-ms-correlation-request-id": [
          "088f9a6f-6054-4da7-9c6e-89874be8aa25"
        ],
        "x-ms-routing-request-id": [
          "WESTUS:20230504T204622Z:088f9a6f-6054-4da7-9c6e-89874be8aa25"
        ],
        "Strict-Transport-Security": [
          "max-age=31536000; includeSubDomains"
        ],
        "X-Content-Type-Options": [
          "nosniff"
        ],
        "Date": [
          "Thu, 04 May 2023 20:46:22 GMT"
        ],
        "Content-Length": [
          "108"
        ],
        "Content-Type": [
          "application/json; charset=utf-8"
        ],
        "Expires": [
          "-1"
        ]
      },
      "ResponseBody": "{\r\n  \"name\": \"afcbafa1-2a2e-4ed9-88d3-c137445fe939\",\r\n  \"status\": \"InProgress\",\r\n  \"startTime\": \"2023-05-04T20:45:21.767Z\"\r\n}",
      "StatusCode": 200
    },
    {
      "RequestUri": "/subscriptions/2c647056-bab2-4175-b172-493ff049eb29/resourceGroups/ps1959/providers/Microsoft.Sql/locations/eastus/databaseAzureAsyncOperation/afcbafa1-2a2e-4ed9-88d3-c137445fe939?api-version=2022-08-01-preview",
      "EncodedRequestUri": "L3N1YnNjcmlwdGlvbnMvMmM2NDcwNTYtYmFiMi00MTc1LWIxNzItNDkzZmYwNDllYjI5L3Jlc291cmNlR3JvdXBzL3BzMTk1OS9wcm92aWRlcnMvTWljcm9zb2Z0LlNxbC9sb2NhdGlvbnMvZWFzdHVzL2RhdGFiYXNlQXp1cmVBc3luY09wZXJhdGlvbi9hZmNiYWZhMS0yYTJlLTRlZDktODhkMy1jMTM3NDQ1ZmU5Mzk/YXBpLXZlcnNpb249MjAyMi0wOC0wMS1wcmV2aWV3",
      "RequestMethod": "GET",
      "RequestHeaders": {
        "x-ms-client-request-id": [
          "b54d37d0-038c-42d8-928e-155e940b27bf"
        ],
        "User-Agent": [
          "FxVersion/4.700.22.55902",
          "OSName/Windows",
          "OSVersion/Microsoft.Windows.10.0.22621",
          "Microsoft.Azure.Management.Sql.SqlManagementClient/4.6.0"
        ]
      },
      "RequestBody": "",
      "ResponseHeaders": {
        "Cache-Control": [
          "no-cache"
        ],
        "Pragma": [
          "no-cache"
        ],
        "Retry-After": [
          "15"
        ],
        "x-ms-request-id": [
          "62134314-23bf-4cb6-8fc8-be85a3b6c73d"
        ],
        "Server": [
          "Microsoft-HTTPAPI/2.0"
        ],
        "x-ms-ratelimit-remaining-subscription-reads": [
          "11995"
        ],
        "x-ms-correlation-request-id": [
          "fe28227c-bc05-445e-a5cd-11159190cfe2"
        ],
        "x-ms-routing-request-id": [
          "WESTUS:20230504T204637Z:fe28227c-bc05-445e-a5cd-11159190cfe2"
        ],
        "Strict-Transport-Security": [
          "max-age=31536000; includeSubDomains"
        ],
        "X-Content-Type-Options": [
          "nosniff"
        ],
        "Date": [
          "Thu, 04 May 2023 20:46:37 GMT"
        ],
        "Content-Length": [
          "107"
        ],
        "Content-Type": [
          "application/json; charset=utf-8"
        ],
        "Expires": [
          "-1"
        ]
      },
      "ResponseBody": "{\r\n  \"name\": \"afcbafa1-2a2e-4ed9-88d3-c137445fe939\",\r\n  \"status\": \"Succeeded\",\r\n  \"startTime\": \"2023-05-04T20:45:21.767Z\"\r\n}",
      "StatusCode": 200
    },
    {
      "RequestUri": "/subscriptions/2c647056-bab2-4175-b172-493ff049eb29/resourceGroups/ps1959/providers/Microsoft.Sql/servers/ps6639/databases/ps5784?$expand=keys&api-version=2022-08-01-preview",
      "EncodedRequestUri": "L3N1YnNjcmlwdGlvbnMvMmM2NDcwNTYtYmFiMi00MTc1LWIxNzItNDkzZmYwNDllYjI5L3Jlc291cmNlR3JvdXBzL3BzMTk1OS9wcm92aWRlcnMvTWljcm9zb2Z0LlNxbC9zZXJ2ZXJzL3BzNjYzOS9kYXRhYmFzZXMvcHM1Nzg0PyRleHBhbmQ9a2V5cyZhcGktdmVyc2lvbj0yMDIyLTA4LTAxLXByZXZpZXc=",
      "RequestMethod": "GET",
      "RequestHeaders": {
        "x-ms-client-request-id": [
          "4baa3d8e-d545-4b20-8a93-9092c72f6375"
        ],
        "Accept-Language": [
          "en-US"
        ],
        "User-Agent": [
          "FxVersion/4.700.22.55902",
          "OSName/Windows",
          "OSVersion/Microsoft.Windows.10.0.22621",
          "Microsoft.Azure.Management.Sql.SqlManagementClient/4.6.0"
        ]
      },
      "RequestBody": "",
      "ResponseHeaders": {
        "Cache-Control": [
          "no-cache"
        ],
        "Pragma": [
          "no-cache"
        ],
        "x-ms-request-id": [
          "f57072dc-87ea-4663-aad6-c76ea5907e27"
        ],
        "Server": [
          "Microsoft-HTTPAPI/2.0"
        ],
        "x-ms-ratelimit-remaining-subscription-reads": [
          "11999"
        ],
        "x-ms-correlation-request-id": [
          "a5d15147-6f67-4d0d-8bb9-61ad63caf691"
        ],
        "x-ms-routing-request-id": [
          "WESTCENTRALUS:20230504T204638Z:a5d15147-6f67-4d0d-8bb9-61ad63caf691"
        ],
        "Strict-Transport-Security": [
          "max-age=31536000; includeSubDomains"
        ],
        "X-Content-Type-Options": [
          "nosniff"
        ],
        "Date": [
          "Thu, 04 May 2023 20:46:37 GMT"
        ],
        "Content-Length": [
          "1239"
        ],
        "Content-Type": [
          "application/json; charset=utf-8"
        ],
        "Expires": [
          "-1"
        ]
      },
      "ResponseBody": "{\r\n  \"sku\": {\r\n    \"name\": \"GP_Gen5\",\r\n    \"tier\": \"GeneralPurpose\",\r\n    \"family\": \"Gen5\",\r\n    \"capacity\": 2\r\n  },\r\n  \"kind\": \"v12.0,user,vcore\",\r\n  \"properties\": {\r\n    \"collation\": \"SQL_Latin1_General_CP1_CI_AS\",\r\n    \"maxSizeBytes\": 34359738368,\r\n    \"status\": \"Online\",\r\n    \"databaseId\": \"93f04f99-1a1c-46da-94b3-0f579c68bf29\",\r\n    \"creationDate\": \"2023-05-04T20:46:28.093Z\",\r\n    \"currentServiceObjectiveName\": \"GP_Gen5_2\",\r\n    \"requestedServiceObjectiveName\": \"GP_Gen5_2\",\r\n    \"defaultSecondaryLocation\": \"westus\",\r\n    \"catalogCollation\": \"SQL_Latin1_General_CP1_CI_AS\",\r\n    \"zoneRedundant\": false,\r\n    \"licenseType\": \"LicenseIncluded\",\r\n    \"maxLogSizeBytes\": 193273528320,\r\n    \"readScale\": \"Disabled\",\r\n    \"currentSku\": {\r\n      \"name\": \"GP_Gen5\",\r\n      \"tier\": \"GeneralPurpose\",\r\n      \"family\": \"Gen5\",\r\n      \"capacity\": 2\r\n    },\r\n    \"currentBackupStorageRedundancy\": \"Geo\",\r\n    \"requestedBackupStorageRedundancy\": \"Geo\",\r\n    \"maintenanceConfigurationId\": \"/subscriptions/2c647056-bab2-4175-b172-493ff049eb29/providers/Microsoft.Maintenance/publicMaintenanceConfigurations/SQL_Default\",\r\n    \"isLedgerOn\": false,\r\n    \"isInfraEncryptionEnabled\": false,\r\n    \"preferredEnclaveType\": \"Default\",\r\n    \"availabilityZone\": \"NoPreference\"\r\n  },\r\n  \"location\": \"eastus\",\r\n  \"id\": \"/subscriptions/2c647056-bab2-4175-b172-493ff049eb29/resourceGroups/ps1959/providers/Microsoft.Sql/servers/ps6639/databases/ps5784\",\r\n  \"name\": \"ps5784\",\r\n  \"type\": \"Microsoft.Sql/servers/databases\"\r\n}",
      "StatusCode": 200
    },
    {
      "RequestUri": "/subscriptions/2c647056-bab2-4175-b172-493ff049eb29/resourceGroups/ps1959/providers/Microsoft.Sql/locations/eastus/databaseAzureAsyncOperation/b37598cb-c9e3-44b8-a938-6238b8e13e3e?api-version=2022-08-01-preview",
      "EncodedRequestUri": "L3N1YnNjcmlwdGlvbnMvMmM2NDcwNTYtYmFiMi00MTc1LWIxNzItNDkzZmYwNDllYjI5L3Jlc291cmNlR3JvdXBzL3BzMTk1OS9wcm92aWRlcnMvTWljcm9zb2Z0LlNxbC9sb2NhdGlvbnMvZWFzdHVzL2RhdGFiYXNlQXp1cmVBc3luY09wZXJhdGlvbi9iMzc1OThjYi1jOWUzLTQ0YjgtYTkzOC02MjM4YjhlMTNlM2U/YXBpLXZlcnNpb249MjAyMi0wOC0wMS1wcmV2aWV3",
      "RequestMethod": "GET",
      "RequestHeaders": {
        "x-ms-client-request-id": [
          "4baa3d8e-d545-4b20-8a93-9092c72f6375"
        ],
        "User-Agent": [
          "FxVersion/4.700.22.55902",
          "OSName/Windows",
          "OSVersion/Microsoft.Windows.10.0.22621",
          "Microsoft.Azure.Management.Sql.SqlManagementClient/4.6.0"
        ]
      },
      "RequestBody": "",
      "ResponseHeaders": {
        "Cache-Control": [
          "no-cache"
        ],
        "Pragma": [
          "no-cache"
        ],
        "Retry-After": [
          "15"
        ],
        "x-ms-request-id": [
          "f31fe1a7-04f3-4db8-9997-10545de5865e"
        ],
        "Server": [
          "Microsoft-HTTPAPI/2.0"
        ],
        "x-ms-ratelimit-remaining-subscription-reads": [
          "11999"
        ],
        "x-ms-correlation-request-id": [
          "e0f0af22-0556-4c6f-a381-47ec93e355a8"
        ],
        "x-ms-routing-request-id": [
          "WESTCENTRALUS:20230504T204655Z:e0f0af22-0556-4c6f-a381-47ec93e355a8"
        ],
        "Strict-Transport-Security": [
          "max-age=31536000; includeSubDomains"
        ],
        "X-Content-Type-Options": [
          "nosniff"
        ],
        "Date": [
          "Thu, 04 May 2023 20:46:55 GMT"
        ],
        "Content-Length": [
          "107"
        ],
        "Content-Type": [
          "application/json; charset=utf-8"
        ],
        "Expires": [
          "-1"
        ]
      },
      "ResponseBody": "{\r\n  \"name\": \"b37598cb-c9e3-44b8-a938-6238b8e13e3e\",\r\n  \"status\": \"Succeeded\",\r\n  \"startTime\": \"2023-05-04T20:46:40.137Z\"\r\n}",
      "StatusCode": 200
    },
    {
      "RequestUri": "/subscriptions/2c647056-bab2-4175-b172-493ff049eb29/resourcegroups/ps1959?api-version=2016-09-01",
      "EncodedRequestUri": "L3N1YnNjcmlwdGlvbnMvMmM2NDcwNTYtYmFiMi00MTc1LWIxNzItNDkzZmYwNDllYjI5L3Jlc291cmNlZ3JvdXBzL3BzMTk1OT9hcGktdmVyc2lvbj0yMDE2LTA5LTAx",
      "RequestMethod": "DELETE",
      "RequestHeaders": {
        "x-ms-client-request-id": [
          "f7197bd5-3429-44b8-ba8a-cea5bdc2941b"
        ],
        "Accept-Language": [
          "en-US"
        ],
        "User-Agent": [
          "FxVersion/4.700.22.55902",
          "OSName/Windows",
          "OSVersion/Microsoft.Windows.10.0.22621",
          "Microsoft.Azure.Management.Internal.Resources.ResourceManagementClient/1.3.75"
        ]
      },
      "RequestBody": "",
      "ResponseHeaders": {
        "Cache-Control": [
          "no-cache"
        ],
        "Pragma": [
          "no-cache"
        ],
        "Location": [
          "https://management.azure.com/subscriptions/2c647056-bab2-4175-b172-493ff049eb29/operationresults/eyJqb2JJZCI6IlJFU09VUkNFR1JPVVBERUxFVElPTkpPQi1QUzE5NTktRUFTVFVTIiwiam9iTG9jYXRpb24iOiJlYXN0dXMifQ?api-version=2016-09-01"
        ],
        "Retry-After": [
          "15"
        ],
        "x-ms-ratelimit-remaining-subscription-deletes": [
          "14999"
        ],
        "x-ms-request-id": [
          "a2f8acb6-f550-48a4-bff4-c50e847edfac"
        ],
        "x-ms-correlation-request-id": [
          "a2f8acb6-f550-48a4-bff4-c50e847edfac"
        ],
        "x-ms-routing-request-id": [
          "WESTCENTRALUS:20230504T204657Z:a2f8acb6-f550-48a4-bff4-c50e847edfac"
        ],
        "Strict-Transport-Security": [
          "max-age=31536000; includeSubDomains"
        ],
        "X-Content-Type-Options": [
          "nosniff"
        ],
        "Date": [
          "Thu, 04 May 2023 20:46:57 GMT"
        ],
        "Expires": [
          "-1"
        ],
        "Content-Length": [
          "0"
        ]
      },
      "ResponseBody": "",
      "StatusCode": 202
    },
    {
      "RequestUri": "/subscriptions/2c647056-bab2-4175-b172-493ff049eb29/operationresults/eyJqb2JJZCI6IlJFU09VUkNFR1JPVVBERUxFVElPTkpPQi1QUzE5NTktRUFTVFVTIiwiam9iTG9jYXRpb24iOiJlYXN0dXMifQ?api-version=2016-09-01",
      "EncodedRequestUri": "L3N1YnNjcmlwdGlvbnMvMmM2NDcwNTYtYmFiMi00MTc1LWIxNzItNDkzZmYwNDllYjI5L29wZXJhdGlvbnJlc3VsdHMvZXlKcWIySkpaQ0k2SWxKRlUwOVZVa05GUjFKUFZWQkVSVXhGVkVsUFRrcFBRaTFRVXpFNU5Ua3RSVUZUVkZWVElpd2lhbTlpVEc5allYUnBiMjRpT2lKbFlYTjBkWE1pZlE/YXBpLXZlcnNpb249MjAxNi0wOS0wMQ==",
      "RequestMethod": "GET",
      "RequestHeaders": {
        "User-Agent": [
          "FxVersion/4.700.22.55902",
          "OSName/Windows",
          "OSVersion/Microsoft.Windows.10.0.22621",
          "Microsoft.Azure.Management.Internal.Resources.ResourceManagementClient/1.3.75"
        ]
      },
      "RequestBody": "",
      "ResponseHeaders": {
        "Cache-Control": [
          "no-cache"
        ],
        "Pragma": [
          "no-cache"
        ],
        "Location": [
          "https://management.azure.com/subscriptions/2c647056-bab2-4175-b172-493ff049eb29/operationresults/eyJqb2JJZCI6IlJFU09VUkNFR1JPVVBERUxFVElPTkpPQi1QUzE5NTktRUFTVFVTIiwiam9iTG9jYXRpb24iOiJlYXN0dXMifQ?api-version=2016-09-01"
        ],
        "Retry-After": [
          "15"
        ],
        "x-ms-ratelimit-remaining-subscription-reads": [
          "11999"
        ],
        "x-ms-request-id": [
          "dc1dd3a7-4817-44a4-a754-3091ddc7b019"
        ],
        "x-ms-correlation-request-id": [
          "dc1dd3a7-4817-44a4-a754-3091ddc7b019"
        ],
        "x-ms-routing-request-id": [
          "WESTCENTRALUS:20230504T204712Z:dc1dd3a7-4817-44a4-a754-3091ddc7b019"
        ],
        "Strict-Transport-Security": [
          "max-age=31536000; includeSubDomains"
        ],
        "X-Content-Type-Options": [
          "nosniff"
        ],
        "Date": [
          "Thu, 04 May 2023 20:47:12 GMT"
        ],
        "Expires": [
          "-1"
        ],
        "Content-Length": [
          "0"
        ]
      },
      "ResponseBody": "",
      "StatusCode": 202
    },
    {
      "RequestUri": "/subscriptions/2c647056-bab2-4175-b172-493ff049eb29/operationresults/eyJqb2JJZCI6IlJFU09VUkNFR1JPVVBERUxFVElPTkpPQi1QUzE5NTktRUFTVFVTIiwiam9iTG9jYXRpb24iOiJlYXN0dXMifQ?api-version=2016-09-01",
      "EncodedRequestUri": "L3N1YnNjcmlwdGlvbnMvMmM2NDcwNTYtYmFiMi00MTc1LWIxNzItNDkzZmYwNDllYjI5L29wZXJhdGlvbnJlc3VsdHMvZXlKcWIySkpaQ0k2SWxKRlUwOVZVa05GUjFKUFZWQkVSVXhGVkVsUFRrcFBRaTFRVXpFNU5Ua3RSVUZUVkZWVElpd2lhbTlpVEc5allYUnBiMjRpT2lKbFlYTjBkWE1pZlE/YXBpLXZlcnNpb249MjAxNi0wOS0wMQ==",
      "RequestMethod": "GET",
      "RequestHeaders": {
        "User-Agent": [
          "FxVersion/4.700.22.55902",
          "OSName/Windows",
          "OSVersion/Microsoft.Windows.10.0.22621",
          "Microsoft.Azure.Management.Internal.Resources.ResourceManagementClient/1.3.75"
        ]
      },
      "RequestBody": "",
      "ResponseHeaders": {
        "Cache-Control": [
          "no-cache"
        ],
        "Pragma": [
          "no-cache"
        ],
        "Location": [
          "https://management.azure.com/subscriptions/2c647056-bab2-4175-b172-493ff049eb29/operationresults/eyJqb2JJZCI6IlJFU09VUkNFR1JPVVBERUxFVElPTkpPQi1QUzE5NTktRUFTVFVTIiwiam9iTG9jYXRpb24iOiJlYXN0dXMifQ?api-version=2016-09-01"
        ],
        "Retry-After": [
          "15"
        ],
        "x-ms-ratelimit-remaining-subscription-reads": [
          "11998"
        ],
        "x-ms-request-id": [
          "c51dd78a-46fb-4100-b33d-1ca298accff8"
        ],
        "x-ms-correlation-request-id": [
          "c51dd78a-46fb-4100-b33d-1ca298accff8"
        ],
        "x-ms-routing-request-id": [
          "WESTCENTRALUS:20230504T204728Z:c51dd78a-46fb-4100-b33d-1ca298accff8"
        ],
        "Strict-Transport-Security": [
          "max-age=31536000; includeSubDomains"
        ],
        "X-Content-Type-Options": [
          "nosniff"
        ],
        "Date": [
          "Thu, 04 May 2023 20:47:27 GMT"
        ],
        "Expires": [
          "-1"
        ],
        "Content-Length": [
          "0"
        ]
      },
      "ResponseBody": "",
      "StatusCode": 202
    },
    {
      "RequestUri": "/subscriptions/2c647056-bab2-4175-b172-493ff049eb29/operationresults/eyJqb2JJZCI6IlJFU09VUkNFR1JPVVBERUxFVElPTkpPQi1QUzE5NTktRUFTVFVTIiwiam9iTG9jYXRpb24iOiJlYXN0dXMifQ?api-version=2016-09-01",
      "EncodedRequestUri": "L3N1YnNjcmlwdGlvbnMvMmM2NDcwNTYtYmFiMi00MTc1LWIxNzItNDkzZmYwNDllYjI5L29wZXJhdGlvbnJlc3VsdHMvZXlKcWIySkpaQ0k2SWxKRlUwOVZVa05GUjFKUFZWQkVSVXhGVkVsUFRrcFBRaTFRVXpFNU5Ua3RSVUZUVkZWVElpd2lhbTlpVEc5allYUnBiMjRpT2lKbFlYTjBkWE1pZlE/YXBpLXZlcnNpb249MjAxNi0wOS0wMQ==",
      "RequestMethod": "GET",
      "RequestHeaders": {
        "User-Agent": [
          "FxVersion/4.700.22.55902",
          "OSName/Windows",
          "OSVersion/Microsoft.Windows.10.0.22621",
          "Microsoft.Azure.Management.Internal.Resources.ResourceManagementClient/1.3.75"
        ]
      },
      "RequestBody": "",
      "ResponseHeaders": {
        "Cache-Control": [
          "no-cache"
        ],
        "Pragma": [
          "no-cache"
        ],
        "Location": [
          "https://management.azure.com/subscriptions/2c647056-bab2-4175-b172-493ff049eb29/operationresults/eyJqb2JJZCI6IlJFU09VUkNFR1JPVVBERUxFVElPTkpPQi1QUzE5NTktRUFTVFVTIiwiam9iTG9jYXRpb24iOiJlYXN0dXMifQ?api-version=2016-09-01"
        ],
        "Retry-After": [
          "15"
        ],
        "x-ms-ratelimit-remaining-subscription-reads": [
          "11997"
        ],
        "x-ms-request-id": [
          "4de57c7b-a8bc-48d8-8f73-d32ec2136f46"
        ],
        "x-ms-correlation-request-id": [
          "4de57c7b-a8bc-48d8-8f73-d32ec2136f46"
        ],
        "x-ms-routing-request-id": [
          "WESTCENTRALUS:20230504T204743Z:4de57c7b-a8bc-48d8-8f73-d32ec2136f46"
        ],
        "Strict-Transport-Security": [
          "max-age=31536000; includeSubDomains"
        ],
        "X-Content-Type-Options": [
          "nosniff"
        ],
        "Date": [
          "Thu, 04 May 2023 20:47:42 GMT"
        ],
        "Expires": [
          "-1"
        ],
        "Content-Length": [
          "0"
        ]
      },
      "ResponseBody": "",
      "StatusCode": 202
    },
    {
      "RequestUri": "/subscriptions/2c647056-bab2-4175-b172-493ff049eb29/operationresults/eyJqb2JJZCI6IlJFU09VUkNFR1JPVVBERUxFVElPTkpPQi1QUzE5NTktRUFTVFVTIiwiam9iTG9jYXRpb24iOiJlYXN0dXMifQ?api-version=2016-09-01",
      "EncodedRequestUri": "L3N1YnNjcmlwdGlvbnMvMmM2NDcwNTYtYmFiMi00MTc1LWIxNzItNDkzZmYwNDllYjI5L29wZXJhdGlvbnJlc3VsdHMvZXlKcWIySkpaQ0k2SWxKRlUwOVZVa05GUjFKUFZWQkVSVXhGVkVsUFRrcFBRaTFRVXpFNU5Ua3RSVUZUVkZWVElpd2lhbTlpVEc5allYUnBiMjRpT2lKbFlYTjBkWE1pZlE/YXBpLXZlcnNpb249MjAxNi0wOS0wMQ==",
      "RequestMethod": "GET",
      "RequestHeaders": {
        "User-Agent": [
          "FxVersion/4.700.22.55902",
          "OSName/Windows",
          "OSVersion/Microsoft.Windows.10.0.22621",
          "Microsoft.Azure.Management.Internal.Resources.ResourceManagementClient/1.3.75"
        ]
      },
      "RequestBody": "",
      "ResponseHeaders": {
        "Cache-Control": [
          "no-cache"
        ],
        "Pragma": [
          "no-cache"
        ],
        "Location": [
          "https://management.azure.com/subscriptions/2c647056-bab2-4175-b172-493ff049eb29/operationresults/eyJqb2JJZCI6IlJFU09VUkNFR1JPVVBERUxFVElPTkpPQi1QUzE5NTktRUFTVFVTIiwiam9iTG9jYXRpb24iOiJlYXN0dXMifQ?api-version=2016-09-01"
        ],
        "Retry-After": [
          "15"
        ],
        "x-ms-ratelimit-remaining-subscription-reads": [
          "11996"
        ],
        "x-ms-request-id": [
          "8d887236-37e8-424c-8b2b-1245d9716983"
        ],
        "x-ms-correlation-request-id": [
          "8d887236-37e8-424c-8b2b-1245d9716983"
        ],
        "x-ms-routing-request-id": [
          "WESTCENTRALUS:20230504T204758Z:8d887236-37e8-424c-8b2b-1245d9716983"
        ],
        "Strict-Transport-Security": [
          "max-age=31536000; includeSubDomains"
        ],
        "X-Content-Type-Options": [
          "nosniff"
        ],
        "Date": [
          "Thu, 04 May 2023 20:47:57 GMT"
        ],
        "Expires": [
          "-1"
        ],
        "Content-Length": [
          "0"
        ]
      },
      "ResponseBody": "",
      "StatusCode": 202
    },
    {
      "RequestUri": "/subscriptions/2c647056-bab2-4175-b172-493ff049eb29/operationresults/eyJqb2JJZCI6IlJFU09VUkNFR1JPVVBERUxFVElPTkpPQi1QUzE5NTktRUFTVFVTIiwiam9iTG9jYXRpb24iOiJlYXN0dXMifQ?api-version=2016-09-01",
      "EncodedRequestUri": "L3N1YnNjcmlwdGlvbnMvMmM2NDcwNTYtYmFiMi00MTc1LWIxNzItNDkzZmYwNDllYjI5L29wZXJhdGlvbnJlc3VsdHMvZXlKcWIySkpaQ0k2SWxKRlUwOVZVa05GUjFKUFZWQkVSVXhGVkVsUFRrcFBRaTFRVXpFNU5Ua3RSVUZUVkZWVElpd2lhbTlpVEc5allYUnBiMjRpT2lKbFlYTjBkWE1pZlE/YXBpLXZlcnNpb249MjAxNi0wOS0wMQ==",
      "RequestMethod": "GET",
      "RequestHeaders": {
        "User-Agent": [
          "FxVersion/4.700.22.55902",
          "OSName/Windows",
          "OSVersion/Microsoft.Windows.10.0.22621",
          "Microsoft.Azure.Management.Internal.Resources.ResourceManagementClient/1.3.75"
        ]
      },
      "RequestBody": "",
      "ResponseHeaders": {
        "Cache-Control": [
          "no-cache"
        ],
        "Pragma": [
          "no-cache"
        ],
        "Location": [
          "https://management.azure.com/subscriptions/2c647056-bab2-4175-b172-493ff049eb29/operationresults/eyJqb2JJZCI6IlJFU09VUkNFR1JPVVBERUxFVElPTkpPQi1QUzE5NTktRUFTVFVTIiwiam9iTG9jYXRpb24iOiJlYXN0dXMifQ?api-version=2016-09-01"
        ],
        "Retry-After": [
          "15"
        ],
        "x-ms-ratelimit-remaining-subscription-reads": [
          "11995"
        ],
        "x-ms-request-id": [
          "4c26eaed-4372-4d85-955b-6e10b463eaf3"
        ],
        "x-ms-correlation-request-id": [
          "4c26eaed-4372-4d85-955b-6e10b463eaf3"
        ],
        "x-ms-routing-request-id": [
          "WESTCENTRALUS:20230504T204813Z:4c26eaed-4372-4d85-955b-6e10b463eaf3"
        ],
        "Strict-Transport-Security": [
          "max-age=31536000; includeSubDomains"
        ],
        "X-Content-Type-Options": [
          "nosniff"
        ],
        "Date": [
          "Thu, 04 May 2023 20:48:12 GMT"
        ],
        "Expires": [
          "-1"
        ],
        "Content-Length": [
          "0"
        ]
      },
      "ResponseBody": "",
      "StatusCode": 202
    },
    {
      "RequestUri": "/subscriptions/2c647056-bab2-4175-b172-493ff049eb29/operationresults/eyJqb2JJZCI6IlJFU09VUkNFR1JPVVBERUxFVElPTkpPQi1QUzE5NTktRUFTVFVTIiwiam9iTG9jYXRpb24iOiJlYXN0dXMifQ?api-version=2016-09-01",
      "EncodedRequestUri": "L3N1YnNjcmlwdGlvbnMvMmM2NDcwNTYtYmFiMi00MTc1LWIxNzItNDkzZmYwNDllYjI5L29wZXJhdGlvbnJlc3VsdHMvZXlKcWIySkpaQ0k2SWxKRlUwOVZVa05GUjFKUFZWQkVSVXhGVkVsUFRrcFBRaTFRVXpFNU5Ua3RSVUZUVkZWVElpd2lhbTlpVEc5allYUnBiMjRpT2lKbFlYTjBkWE1pZlE/YXBpLXZlcnNpb249MjAxNi0wOS0wMQ==",
      "RequestMethod": "GET",
      "RequestHeaders": {
        "User-Agent": [
          "FxVersion/4.700.22.55902",
          "OSName/Windows",
          "OSVersion/Microsoft.Windows.10.0.22621",
          "Microsoft.Azure.Management.Internal.Resources.ResourceManagementClient/1.3.75"
        ]
      },
      "RequestBody": "",
      "ResponseHeaders": {
        "Cache-Control": [
          "no-cache"
        ],
        "Pragma": [
          "no-cache"
        ],
        "Location": [
          "https://management.azure.com/subscriptions/2c647056-bab2-4175-b172-493ff049eb29/operationresults/eyJqb2JJZCI6IlJFU09VUkNFR1JPVVBERUxFVElPTkpPQi1QUzE5NTktRUFTVFVTIiwiam9iTG9jYXRpb24iOiJlYXN0dXMifQ?api-version=2016-09-01"
        ],
        "Retry-After": [
          "15"
        ],
        "x-ms-ratelimit-remaining-subscription-reads": [
          "11994"
        ],
        "x-ms-request-id": [
          "05412d3c-10eb-4d4a-8292-7dae44fe7ba3"
        ],
        "x-ms-correlation-request-id": [
          "05412d3c-10eb-4d4a-8292-7dae44fe7ba3"
        ],
        "x-ms-routing-request-id": [
          "WESTCENTRALUS:20230504T204828Z:05412d3c-10eb-4d4a-8292-7dae44fe7ba3"
        ],
        "Strict-Transport-Security": [
          "max-age=31536000; includeSubDomains"
        ],
        "X-Content-Type-Options": [
          "nosniff"
        ],
        "Date": [
          "Thu, 04 May 2023 20:48:27 GMT"
        ],
        "Expires": [
          "-1"
        ],
        "Content-Length": [
          "0"
        ]
      },
      "ResponseBody": "",
      "StatusCode": 202
    },
    {
      "RequestUri": "/subscriptions/2c647056-bab2-4175-b172-493ff049eb29/operationresults/eyJqb2JJZCI6IlJFU09VUkNFR1JPVVBERUxFVElPTkpPQi1QUzE5NTktRUFTVFVTIiwiam9iTG9jYXRpb24iOiJlYXN0dXMifQ?api-version=2016-09-01",
      "EncodedRequestUri": "L3N1YnNjcmlwdGlvbnMvMmM2NDcwNTYtYmFiMi00MTc1LWIxNzItNDkzZmYwNDllYjI5L29wZXJhdGlvbnJlc3VsdHMvZXlKcWIySkpaQ0k2SWxKRlUwOVZVa05GUjFKUFZWQkVSVXhGVkVsUFRrcFBRaTFRVXpFNU5Ua3RSVUZUVkZWVElpd2lhbTlpVEc5allYUnBiMjRpT2lKbFlYTjBkWE1pZlE/YXBpLXZlcnNpb249MjAxNi0wOS0wMQ==",
      "RequestMethod": "GET",
      "RequestHeaders": {
        "User-Agent": [
          "FxVersion/4.700.22.55902",
          "OSName/Windows",
          "OSVersion/Microsoft.Windows.10.0.22621",
          "Microsoft.Azure.Management.Internal.Resources.ResourceManagementClient/1.3.75"
        ]
      },
      "RequestBody": "",
      "ResponseHeaders": {
        "Cache-Control": [
          "no-cache"
        ],
        "Pragma": [
          "no-cache"
        ],
        "Location": [
          "https://management.azure.com/subscriptions/2c647056-bab2-4175-b172-493ff049eb29/operationresults/eyJqb2JJZCI6IlJFU09VUkNFR1JPVVBERUxFVElPTkpPQi1QUzE5NTktRUFTVFVTIiwiam9iTG9jYXRpb24iOiJlYXN0dXMifQ?api-version=2016-09-01"
        ],
        "Retry-After": [
          "15"
        ],
        "x-ms-ratelimit-remaining-subscription-reads": [
          "11993"
        ],
        "x-ms-request-id": [
          "ad68a8cf-34e8-400c-aea6-ac95fb9eba4f"
        ],
        "x-ms-correlation-request-id": [
          "ad68a8cf-34e8-400c-aea6-ac95fb9eba4f"
        ],
        "x-ms-routing-request-id": [
          "WESTCENTRALUS:20230504T204844Z:ad68a8cf-34e8-400c-aea6-ac95fb9eba4f"
        ],
        "Strict-Transport-Security": [
          "max-age=31536000; includeSubDomains"
        ],
        "X-Content-Type-Options": [
          "nosniff"
        ],
        "Date": [
          "Thu, 04 May 2023 20:48:43 GMT"
        ],
        "Expires": [
          "-1"
        ],
        "Content-Length": [
          "0"
        ]
      },
      "ResponseBody": "",
      "StatusCode": 202
    },
    {
      "RequestUri": "/subscriptions/2c647056-bab2-4175-b172-493ff049eb29/operationresults/eyJqb2JJZCI6IlJFU09VUkNFR1JPVVBERUxFVElPTkpPQi1QUzE5NTktRUFTVFVTIiwiam9iTG9jYXRpb24iOiJlYXN0dXMifQ?api-version=2016-09-01",
      "EncodedRequestUri": "L3N1YnNjcmlwdGlvbnMvMmM2NDcwNTYtYmFiMi00MTc1LWIxNzItNDkzZmYwNDllYjI5L29wZXJhdGlvbnJlc3VsdHMvZXlKcWIySkpaQ0k2SWxKRlUwOVZVa05GUjFKUFZWQkVSVXhGVkVsUFRrcFBRaTFRVXpFNU5Ua3RSVUZUVkZWVElpd2lhbTlpVEc5allYUnBiMjRpT2lKbFlYTjBkWE1pZlE/YXBpLXZlcnNpb249MjAxNi0wOS0wMQ==",
      "RequestMethod": "GET",
      "RequestHeaders": {
        "User-Agent": [
          "FxVersion/4.700.22.55902",
          "OSName/Windows",
          "OSVersion/Microsoft.Windows.10.0.22621",
          "Microsoft.Azure.Management.Internal.Resources.ResourceManagementClient/1.3.75"
        ]
      },
      "RequestBody": "",
      "ResponseHeaders": {
        "Cache-Control": [
          "no-cache"
        ],
        "Pragma": [
          "no-cache"
        ],
        "Location": [
          "https://management.azure.com/subscriptions/2c647056-bab2-4175-b172-493ff049eb29/operationresults/eyJqb2JJZCI6IlJFU09VUkNFR1JPVVBERUxFVElPTkpPQi1QUzE5NTktRUFTVFVTIiwiam9iTG9jYXRpb24iOiJlYXN0dXMifQ?api-version=2016-09-01"
        ],
        "Retry-After": [
          "15"
        ],
        "x-ms-ratelimit-remaining-subscription-reads": [
          "11992"
        ],
        "x-ms-request-id": [
          "106c8cc2-a921-4d25-996c-bf684ba569eb"
        ],
        "x-ms-correlation-request-id": [
          "106c8cc2-a921-4d25-996c-bf684ba569eb"
        ],
        "x-ms-routing-request-id": [
          "WESTCENTRALUS:20230504T204859Z:106c8cc2-a921-4d25-996c-bf684ba569eb"
        ],
        "Strict-Transport-Security": [
          "max-age=31536000; includeSubDomains"
        ],
        "X-Content-Type-Options": [
          "nosniff"
        ],
        "Date": [
          "Thu, 04 May 2023 20:48:59 GMT"
        ],
        "Expires": [
          "-1"
        ],
        "Content-Length": [
          "0"
        ]
      },
      "ResponseBody": "",
      "StatusCode": 202
    },
    {
      "RequestUri": "/subscriptions/2c647056-bab2-4175-b172-493ff049eb29/operationresults/eyJqb2JJZCI6IlJFU09VUkNFR1JPVVBERUxFVElPTkpPQi1QUzE5NTktRUFTVFVTIiwiam9iTG9jYXRpb24iOiJlYXN0dXMifQ?api-version=2016-09-01",
      "EncodedRequestUri": "L3N1YnNjcmlwdGlvbnMvMmM2NDcwNTYtYmFiMi00MTc1LWIxNzItNDkzZmYwNDllYjI5L29wZXJhdGlvbnJlc3VsdHMvZXlKcWIySkpaQ0k2SWxKRlUwOVZVa05GUjFKUFZWQkVSVXhGVkVsUFRrcFBRaTFRVXpFNU5Ua3RSVUZUVkZWVElpd2lhbTlpVEc5allYUnBiMjRpT2lKbFlYTjBkWE1pZlE/YXBpLXZlcnNpb249MjAxNi0wOS0wMQ==",
      "RequestMethod": "GET",
      "RequestHeaders": {
        "User-Agent": [
          "FxVersion/4.700.22.55902",
          "OSName/Windows",
          "OSVersion/Microsoft.Windows.10.0.22621",
          "Microsoft.Azure.Management.Internal.Resources.ResourceManagementClient/1.3.75"
        ]
      },
      "RequestBody": "",
      "ResponseHeaders": {
        "Cache-Control": [
          "no-cache"
        ],
        "Pragma": [
          "no-cache"
        ],
        "x-ms-ratelimit-remaining-subscription-reads": [
          "11991"
        ],
        "x-ms-request-id": [
          "36a32deb-6e81-4c87-a923-0dacbbabc623"
        ],
        "x-ms-correlation-request-id": [
          "36a32deb-6e81-4c87-a923-0dacbbabc623"
        ],
        "x-ms-routing-request-id": [
          "WESTCENTRALUS:20230504T204914Z:36a32deb-6e81-4c87-a923-0dacbbabc623"
        ],
        "Strict-Transport-Security": [
          "max-age=31536000; includeSubDomains"
        ],
        "X-Content-Type-Options": [
          "nosniff"
        ],
        "Date": [
          "Thu, 04 May 2023 20:49:14 GMT"
        ],
        "Expires": [
          "-1"
        ],
        "Content-Length": [
          "0"
        ]
      },
      "ResponseBody": "",
      "StatusCode": 200
    },
    {
      "RequestUri": "/subscriptions/2c647056-bab2-4175-b172-493ff049eb29/operationresults/eyJqb2JJZCI6IlJFU09VUkNFR1JPVVBERUxFVElPTkpPQi1QUzE5NTktRUFTVFVTIiwiam9iTG9jYXRpb24iOiJlYXN0dXMifQ?api-version=2016-09-01",
      "EncodedRequestUri": "L3N1YnNjcmlwdGlvbnMvMmM2NDcwNTYtYmFiMi00MTc1LWIxNzItNDkzZmYwNDllYjI5L29wZXJhdGlvbnJlc3VsdHMvZXlKcWIySkpaQ0k2SWxKRlUwOVZVa05GUjFKUFZWQkVSVXhGVkVsUFRrcFBRaTFRVXpFNU5Ua3RSVUZUVkZWVElpd2lhbTlpVEc5allYUnBiMjRpT2lKbFlYTjBkWE1pZlE/YXBpLXZlcnNpb249MjAxNi0wOS0wMQ==",
      "RequestMethod": "GET",
      "RequestHeaders": {
        "User-Agent": [
          "FxVersion/4.700.22.55902",
          "OSName/Windows",
          "OSVersion/Microsoft.Windows.10.0.22621",
          "Microsoft.Azure.Management.Internal.Resources.ResourceManagementClient/1.3.75"
        ]
      },
      "RequestBody": "",
      "ResponseHeaders": {
        "Cache-Control": [
          "no-cache"
        ],
        "Pragma": [
          "no-cache"
        ],
        "x-ms-ratelimit-remaining-subscription-reads": [
          "11990"
        ],
        "x-ms-request-id": [
          "bf62d9d5-950f-4cd5-b666-a5ed3a21eaa9"
        ],
        "x-ms-correlation-request-id": [
          "bf62d9d5-950f-4cd5-b666-a5ed3a21eaa9"
        ],
        "x-ms-routing-request-id": [
          "WESTCENTRALUS:20230504T204914Z:bf62d9d5-950f-4cd5-b666-a5ed3a21eaa9"
        ],
        "Strict-Transport-Security": [
          "max-age=31536000; includeSubDomains"
        ],
        "X-Content-Type-Options": [
          "nosniff"
        ],
        "Date": [
          "Thu, 04 May 2023 20:49:14 GMT"
        ],
        "Expires": [
          "-1"
        ],
        "Content-Length": [
          "0"
        ]
      },
      "ResponseBody": "",
      "StatusCode": 200
    }
  ],
  "Names": {
    "Test-UpdateDatabaseWithPreferredEnclaveType": [
      "ps1959",
      "ps6639",
      "ps5784"
    ]
  },
  "Variables": {
    "SubscriptionId": "2c647056-bab2-4175-b172-493ff049eb29"
  }
}