{
  "Entries": [
    {
      "RequestUri": "/subscriptions/c39dce18-cead-4065-8fb1-3af7683a5038/resourcegroups/ps4471?api-version=2016-09-01",
      "EncodedRequestUri": "L3N1YnNjcmlwdGlvbnMvYzM5ZGNlMTgtY2VhZC00MDY1LThmYjEtM2FmNzY4M2E1MDM4L3Jlc291cmNlZ3JvdXBzL3BzNDQ3MT9hcGktdmVyc2lvbj0yMDE2LTA5LTAx",
      "RequestMethod": "PUT",
      "RequestBody": "{\r\n  \"location\": \"West US\"\r\n}",
      "RequestHeaders": {
        "Content-Type": [
          "application/json; charset=utf-8"
        ],
        "Content-Length": [
          "29"
        ],
        "x-ms-client-request-id": [
          "a329857d-d2ca-4fb2-a98e-3e28c3ebe87d"
        ],
        "accept-language": [
          "en-US"
        ],
        "User-Agent": [
          "FxVersion/4.7.2650.0",
          "OSName/Windows10Enterprise",
          "OSVersion/6.3.16299",
          "Microsoft.Azure.Management.Internal.Resources.ResourceManagementClient/4.1.0"
        ]
      },
      "ResponseBody": "{\r\n  \"id\": \"/subscriptions/c39dce18-cead-4065-8fb1-3af7683a5038/resourceGroups/ps4471\",\r\n  \"name\": \"ps4471\",\r\n  \"location\": \"westus\",\r\n  \"properties\": {\r\n    \"provisioningState\": \"Succeeded\"\r\n  }\r\n}",
      "ResponseHeaders": {
        "Content-Length": [
          "165"
        ],
        "Content-Type": [
          "application/json; charset=utf-8"
        ],
        "Expires": [
          "-1"
        ],
        "Pragma": [
          "no-cache"
        ],
        "x-ms-ratelimit-remaining-subscription-writes": [
          "1189"
        ],
        "x-ms-request-id": [
          "c32e075b-d9d3-4879-8a44-f80c8971c5b9"
        ],
        "x-ms-correlation-request-id": [
          "c32e075b-d9d3-4879-8a44-f80c8971c5b9"
        ],
        "x-ms-routing-request-id": [
          "NORTHEUROPE:20180713T200056Z:c32e075b-d9d3-4879-8a44-f80c8971c5b9"
        ],
        "Strict-Transport-Security": [
          "max-age=31536000; includeSubDomains"
        ],
        "X-Content-Type-Options": [
          "nosniff"
        ],
        "Cache-Control": [
          "no-cache"
        ],
        "Date": [
          "Fri, 13 Jul 2018 20:00:56 GMT"
        ]
      },
      "StatusCode": 201
    },
    {
      "RequestUri": "/subscriptions/c39dce18-cead-4065-8fb1-3af7683a5038/resourceGroups/ps4471/providers/Microsoft.DataFactory/factories/ps963?api-version=2018-06-01",
      "EncodedRequestUri": "L3N1YnNjcmlwdGlvbnMvYzM5ZGNlMTgtY2VhZC00MDY1LThmYjEtM2FmNzY4M2E1MDM4L3Jlc291cmNlR3JvdXBzL3BzNDQ3MS9wcm92aWRlcnMvTWljcm9zb2Z0LkRhdGFGYWN0b3J5L2ZhY3Rvcmllcy9wczk2Mz9hcGktdmVyc2lvbj0yMDE4LTA2LTAx",
      "RequestMethod": "PUT",
      "RequestBody": "{\r\n  \"identity\": {\r\n    \"type\": \"SystemAssigned\"\r\n  },\r\n  \"location\": \"West US\"\r\n}",
      "RequestHeaders": {
        "Content-Type": [
          "application/json; charset=utf-8"
        ],
        "Content-Length": [
          "82"
        ],
        "x-ms-client-request-id": [
          "a23a566e-e811-469c-9e7c-1eb42b2094ad"
        ],
        "accept-language": [
          "en-US"
        ],
        "User-Agent": [
          "FxVersion/4.7.2650.0",
          "OSName/Windows10Enterprise",
          "OSVersion/6.3.16299",
          "Microsoft.Azure.Management.DataFactory.DataFactoryManagementClient/1.0.0.0"
        ]
      },
      "ResponseBody": "{\r\n  \"name\": \"ps963\",\r\n  \"identity\": {\r\n    \"type\": \"SystemAssigned\",\r\n    \"principalId\": \"da297b27-c738-4f6d-b570-3ed7042f766b\",\r\n    \"tenantId\": \"f686d426-8d16-42db-81b7-ab578e110ccd\"\r\n  },\r\n  \"id\": \"/subscriptions/c39dce18-cead-4065-8fb1-3af7683a5038/resourceGroups/ps4471/providers/Microsoft.DataFactory/factories/ps963\",\r\n  \"type\": \"Microsoft.DataFactory/factories\",\r\n  \"properties\": {\r\n    \"provisioningState\": \"Succeeded\",\r\n    \"createTime\": \"2018-07-13T20:01:04.6988616Z\",\r\n    \"version\": \"2018-06-01\"\r\n  },\r\n  \"eTag\": \"\\\"00008405-0000-0000-0000-5b4905000000\\\"\",\r\n  \"location\": \"West US\",\r\n  \"tags\": {}\r\n}",
      "ResponseHeaders": {
        "Content-Length": [
          "521"
        ],
        "Content-Type": [
          "application/json; charset=utf-8"
        ],
        "Expires": [
          "-1"
        ],
        "Pragma": [
          "no-cache"
        ],
        "Strict-Transport-Security": [
          "max-age=31536000; includeSubDomains"
        ],
        "X-Content-Type-Options": [
          "nosniff"
        ],
        "x-ms-ratelimit-remaining-subscription-writes": [
          "1188"
        ],
        "x-ms-request-id": [
          "3f7db3f3-cccf-4157-b8b4-81478482d296"
        ],
        "x-ms-correlation-request-id": [
          "3f7db3f3-cccf-4157-b8b4-81478482d296"
        ],
        "x-ms-routing-request-id": [
          "NORTHEUROPE:20180713T200105Z:3f7db3f3-cccf-4157-b8b4-81478482d296"
        ],
        "Cache-Control": [
          "no-cache"
        ],
        "Date": [
          "Fri, 13 Jul 2018 20:01:05 GMT"
        ],
        "Server": [
          "Microsoft-IIS/8.5"
        ],
        "X-Powered-By": [
          "ASP.NET"
        ]
      },
      "StatusCode": 200
    },
    {
      "RequestUri": "/subscriptions/c39dce18-cead-4065-8fb1-3af7683a5038/resourceGroups/ps4471/providers/Microsoft.DataFactory/factories/ps963/linkedservices/foo1?api-version=2018-06-01",
      "EncodedRequestUri": "L3N1YnNjcmlwdGlvbnMvYzM5ZGNlMTgtY2VhZC00MDY1LThmYjEtM2FmNzY4M2E1MDM4L3Jlc291cmNlR3JvdXBzL3BzNDQ3MS9wcm92aWRlcnMvTWljcm9zb2Z0LkRhdGFGYWN0b3J5L2ZhY3Rvcmllcy9wczk2My9saW5rZWRzZXJ2aWNlcy9mb28xP2FwaS12ZXJzaW9uPTIwMTgtMDYtMDE=",
      "RequestMethod": "PUT",
      "RequestBody": "{\r\n  \"properties\": {\r\n    \"type\": \"AzureStorage\",\r\n    \"typeProperties\": {\r\n      \"connectionString\": \"DefaultEndpointsProtocol=https;AccountName=myaccount;AccountKey=myfakekey;\"\r\n    }\r\n  }\r\n}",
      "RequestHeaders": {
        "Content-Type": [
          "application/json; charset=utf-8"
        ],
        "Content-Length": [
          "193"
        ],
        "x-ms-client-request-id": [
          "f4f92d52-c1cd-4c78-8cda-40a506f389ef"
        ],
        "accept-language": [
          "en-US"
        ],
        "User-Agent": [
          "FxVersion/4.7.2650.0",
          "OSName/Windows10Enterprise",
          "OSVersion/6.3.16299",
          "Microsoft.Azure.Management.DataFactory.DataFactoryManagementClient/1.0.0.0"
        ]
      },
      "ResponseBody": "{\r\n  \"id\": \"/subscriptions/c39dce18-cead-4065-8fb1-3af7683a5038/resourceGroups/ps4471/providers/Microsoft.DataFactory/factories/ps963/linkedservices/foo1\",\r\n  \"name\": \"foo1\",\r\n  \"type\": \"Microsoft.DataFactory/factories/linkedservices\",\r\n  \"properties\": {\r\n    \"type\": \"AzureStorage\",\r\n    \"typeProperties\": {\r\n      \"connectionString\": \"DefaultEndpointsProtocol=https;AccountName=myaccount;\",\r\n      \"encryptedCredential\": \"ew0KICAiVmVyc2lvbiI6ICIyMDE3LTExLTMwIiwNCiAgIlByb3RlY3Rpb25Nb2RlIjogIktleSIsDQogICJTZWNyZXRDb250ZW50VHlwZSI6ICJQbGFpbnRleHQiLA0KICAiQ3JlZGVudGlhbElkIjogIlBTOTYzXzhmYjQzNTJlLTE3NGMtNDRjYS04YWVlLTUyZTIzYTgwM2U1ZSINCn0=\"\r\n    }\r\n  },\r\n  \"etag\": \"c20086dc-0000-0000-0000-5b4905030000\"\r\n}",
      "ResponseHeaders": {
        "Content-Length": [
          "638"
        ],
        "Content-Type": [
          "application/json; charset=utf-8"
        ],
        "Expires": [
          "-1"
        ],
        "Pragma": [
          "no-cache"
        ],
        "Strict-Transport-Security": [
          "max-age=31536000; includeSubDomains"
        ],
        "X-Content-Type-Options": [
          "nosniff"
        ],
        "x-ms-ratelimit-remaining-subscription-writes": [
          "1187"
        ],
        "x-ms-request-id": [
          "478bf160-cd89-48c3-bbbb-96806fde81c4"
        ],
        "x-ms-correlation-request-id": [
          "478bf160-cd89-48c3-bbbb-96806fde81c4"
        ],
        "x-ms-routing-request-id": [
          "NORTHEUROPE:20180713T200107Z:478bf160-cd89-48c3-bbbb-96806fde81c4"
        ],
        "Cache-Control": [
          "no-cache"
        ],
        "Date": [
          "Fri, 13 Jul 2018 20:01:07 GMT"
        ],
        "Server": [
          "Microsoft-IIS/8.5"
        ],
        "X-Powered-By": [
          "ASP.NET"
        ]
      },
      "StatusCode": 200
    },
    {
      "RequestUri": "/subscriptions/c39dce18-cead-4065-8fb1-3af7683a5038/resourceGroups/ps4471/providers/Microsoft.DataFactory/factories/ps963/datasets/foo2?api-version=2018-06-01",
      "EncodedRequestUri": "L3N1YnNjcmlwdGlvbnMvYzM5ZGNlMTgtY2VhZC00MDY1LThmYjEtM2FmNzY4M2E1MDM4L3Jlc291cmNlR3JvdXBzL3BzNDQ3MS9wcm92aWRlcnMvTWljcm9zb2Z0LkRhdGFGYWN0b3J5L2ZhY3Rvcmllcy9wczk2My9kYXRhc2V0cy9mb28yP2FwaS12ZXJzaW9uPTIwMTgtMDYtMDE=",
      "RequestMethod": "PUT",
      "RequestBody": "{\r\n  \"properties\": {\r\n    \"type\": \"CustomDataset\",\r\n    \"typeProperties\": {\r\n      \"tableName\": \"myTable\"\r\n    },\r\n    \"linkedServiceName\": {\r\n      \"referenceName\": \"foo1\",\r\n      \"type\": \"LinkedServiceReference\"\r\n    }\r\n  }\r\n}",
      "RequestHeaders": {
        "Content-Type": [
          "application/json; charset=utf-8"
        ],
        "Content-Length": [
          "228"
        ],
        "x-ms-client-request-id": [
          "b32d5013-af05-43b0-b9c9-ad7354cd6f89"
        ],
        "accept-language": [
          "en-US"
        ],
        "User-Agent": [
          "FxVersion/4.7.2650.0",
          "OSName/Windows10Enterprise",
          "OSVersion/6.3.16299",
          "Microsoft.Azure.Management.DataFactory.DataFactoryManagementClient/1.0.0.0"
        ]
      },
      "ResponseBody": "{\r\n  \"id\": \"/subscriptions/c39dce18-cead-4065-8fb1-3af7683a5038/resourceGroups/ps4471/providers/Microsoft.DataFactory/factories/ps963/datasets/foo2\",\r\n  \"name\": \"foo2\",\r\n  \"type\": \"Microsoft.DataFactory/factories/datasets\",\r\n  \"properties\": {\r\n    \"type\": \"CustomDataset\",\r\n    \"typeProperties\": {\r\n      \"tableName\": \"myTable\"\r\n    },\r\n    \"linkedServiceName\": {\r\n      \"referenceName\": \"foo1\",\r\n      \"type\": \"LinkedServiceReference\"\r\n    }\r\n  },\r\n  \"etag\": \"c20088dc-0000-0000-0000-5b4905040000\"\r\n}",
      "ResponseHeaders": {
        "Content-Length": [
          "410"
        ],
        "Content-Type": [
          "application/json; charset=utf-8"
        ],
        "Expires": [
          "-1"
        ],
        "Pragma": [
          "no-cache"
        ],
        "Strict-Transport-Security": [
          "max-age=31536000; includeSubDomains"
        ],
        "X-Content-Type-Options": [
          "nosniff"
        ],
        "x-ms-ratelimit-remaining-subscription-writes": [
          "1186"
        ],
        "x-ms-request-id": [
          "7e8a86db-2a6b-461d-b21e-450127d0067b"
        ],
        "x-ms-correlation-request-id": [
          "7e8a86db-2a6b-461d-b21e-450127d0067b"
        ],
        "x-ms-routing-request-id": [
          "NORTHEUROPE:20180713T200108Z:7e8a86db-2a6b-461d-b21e-450127d0067b"
        ],
        "Cache-Control": [
          "no-cache"
        ],
        "Date": [
          "Fri, 13 Jul 2018 20:01:07 GMT"
        ],
        "Server": [
          "Microsoft-IIS/8.5"
        ],
        "X-Powered-By": [
          "ASP.NET"
        ]
      },
      "StatusCode": 200
    },
    {
      "RequestUri": "/subscriptions/c39dce18-cead-4065-8fb1-3af7683a5038/resourceGroups/ps4471/providers/Microsoft.DataFactory/factories/ps963/datasets/foo2?api-version=2018-06-01",
      "EncodedRequestUri": "L3N1YnNjcmlwdGlvbnMvYzM5ZGNlMTgtY2VhZC00MDY1LThmYjEtM2FmNzY4M2E1MDM4L3Jlc291cmNlR3JvdXBzL3BzNDQ3MS9wcm92aWRlcnMvTWljcm9zb2Z0LkRhdGFGYWN0b3J5L2ZhY3Rvcmllcy9wczk2My9kYXRhc2V0cy9mb28yP2FwaS12ZXJzaW9uPTIwMTgtMDYtMDE=",
      "RequestMethod": "GET",
      "RequestBody": "",
      "RequestHeaders": {
        "x-ms-client-request-id": [
          "481d62ca-0371-40d0-96b2-55c16ac16129"
        ],
        "accept-language": [
          "en-US"
        ],
        "User-Agent": [
          "FxVersion/4.7.2650.0",
          "OSName/Windows10Enterprise",
          "OSVersion/6.3.16299",
          "Microsoft.Azure.Management.DataFactory.DataFactoryManagementClient/1.0.0.0"
        ]
      },
      "ResponseBody": "{\r\n  \"id\": \"/subscriptions/c39dce18-cead-4065-8fb1-3af7683a5038/resourceGroups/ps4471/providers/Microsoft.DataFactory/factories/ps963/datasets/foo2\",\r\n  \"name\": \"foo2\",\r\n  \"type\": \"Microsoft.DataFactory/factories/datasets\",\r\n  \"properties\": {\r\n    \"type\": \"CustomDataset\",\r\n    \"typeProperties\": {\r\n      \"tableName\": \"myTable\"\r\n    },\r\n    \"linkedServiceName\": {\r\n      \"referenceName\": \"foo1\",\r\n      \"type\": \"LinkedServiceReference\"\r\n    }\r\n  },\r\n  \"etag\": \"c20088dc-0000-0000-0000-5b4905040000\"\r\n}",
      "ResponseHeaders": {
        "Content-Length": [
          "410"
        ],
        "Content-Type": [
          "application/json; charset=utf-8"
        ],
        "Expires": [
          "-1"
        ],
        "Pragma": [
          "no-cache"
        ],
        "Strict-Transport-Security": [
          "max-age=31536000; includeSubDomains"
        ],
        "X-Content-Type-Options": [
          "nosniff"
        ],
        "x-ms-ratelimit-remaining-subscription-reads": [
          "14988"
        ],
        "x-ms-request-id": [
          "50b67cfe-007b-44db-8d8a-0baf13257fde"
        ],
        "x-ms-correlation-request-id": [
          "50b67cfe-007b-44db-8d8a-0baf13257fde"
        ],
        "x-ms-routing-request-id": [
          "NORTHEUROPE:20180713T200108Z:50b67cfe-007b-44db-8d8a-0baf13257fde"
        ],
        "Cache-Control": [
          "no-cache"
        ],
        "Date": [
          "Fri, 13 Jul 2018 20:01:08 GMT"
        ],
        "Server": [
          "Microsoft-IIS/8.5"
        ],
        "X-Powered-By": [
          "ASP.NET"
        ]
      },
      "StatusCode": 200
    },
    {
      "RequestUri": "/subscriptions/c39dce18-cead-4065-8fb1-3af7683a5038/resourceGroups/ps4471/providers/Microsoft.DataFactory/factories/ps963/datasets/foo2?api-version=2018-06-01",
      "EncodedRequestUri": "L3N1YnNjcmlwdGlvbnMvYzM5ZGNlMTgtY2VhZC00MDY1LThmYjEtM2FmNzY4M2E1MDM4L3Jlc291cmNlR3JvdXBzL3BzNDQ3MS9wcm92aWRlcnMvTWljcm9zb2Z0LkRhdGFGYWN0b3J5L2ZhY3Rvcmllcy9wczk2My9kYXRhc2V0cy9mb28yP2FwaS12ZXJzaW9uPTIwMTgtMDYtMDE=",
      "RequestMethod": "DELETE",
      "RequestBody": "",
      "RequestHeaders": {
        "x-ms-client-request-id": [
          "019c156f-6434-414e-b8ff-44adc25e0d7b"
        ],
        "accept-language": [
          "en-US"
        ],
        "User-Agent": [
          "FxVersion/4.7.2650.0",
          "OSName/Windows10Enterprise",
          "OSVersion/6.3.16299",
          "Microsoft.Azure.Management.DataFactory.DataFactoryManagementClient/1.0.0.0"
        ]
      },
      "ResponseBody": "",
      "ResponseHeaders": {
        "Content-Length": [
          "0"
        ],
        "Expires": [
          "-1"
        ],
        "Pragma": [
          "no-cache"
        ],
        "Strict-Transport-Security": [
          "max-age=31536000; includeSubDomains"
        ],
        "X-Content-Type-Options": [
          "nosniff"
        ],
        "x-ms-ratelimit-remaining-subscription-deletes": [
          "14986"
        ],
        "x-ms-request-id": [
          "2d8cc604-70a0-40b5-b5e5-a639e93d6bf5"
        ],
        "x-ms-correlation-request-id": [
          "2d8cc604-70a0-40b5-b5e5-a639e93d6bf5"
        ],
        "x-ms-routing-request-id": [
          "NORTHEUROPE:20180713T200109Z:2d8cc604-70a0-40b5-b5e5-a639e93d6bf5"
        ],
        "Cache-Control": [
          "no-cache"
        ],
        "Date": [
          "Fri, 13 Jul 2018 20:01:08 GMT"
        ],
        "Server": [
          "Microsoft-IIS/8.5"
        ],
        "X-Powered-By": [
          "ASP.NET"
        ]
      },
      "StatusCode": 200
    },
    {
      "RequestUri": "/subscriptions/c39dce18-cead-4065-8fb1-3af7683a5038/resourceGroups/ps4471/providers/Microsoft.DataFactory/factories/ps963?api-version=2018-06-01",
      "EncodedRequestUri": "L3N1YnNjcmlwdGlvbnMvYzM5ZGNlMTgtY2VhZC00MDY1LThmYjEtM2FmNzY4M2E1MDM4L3Jlc291cmNlR3JvdXBzL3BzNDQ3MS9wcm92aWRlcnMvTWljcm9zb2Z0LkRhdGFGYWN0b3J5L2ZhY3Rvcmllcy9wczk2Mz9hcGktdmVyc2lvbj0yMDE4LTA2LTAx",
      "RequestMethod": "DELETE",
      "RequestBody": "",
      "RequestHeaders": {
        "x-ms-client-request-id": [
          "5d5cfd32-ed39-4c70-bae4-2903fa383429"
        ],
        "accept-language": [
          "en-US"
        ],
        "User-Agent": [
          "FxVersion/4.7.2650.0",
          "OSName/Windows10Enterprise",
          "OSVersion/6.3.16299",
          "Microsoft.Azure.Management.DataFactory.DataFactoryManagementClient/1.0.0.0"
        ]
      },
      "ResponseBody": "",
      "ResponseHeaders": {
        "Content-Length": [
          "0"
        ],
        "Expires": [
          "-1"
        ],
        "Pragma": [
          "no-cache"
        ],
        "Strict-Transport-Security": [
          "max-age=31536000; includeSubDomains"
        ],
        "X-Content-Type-Options": [
          "nosniff"
        ],
        "x-ms-ratelimit-remaining-subscription-deletes": [
          "14985"
        ],
        "x-ms-request-id": [
          "9572775f-be4a-4dc2-89f9-ef5eb23b59fd"
        ],
        "x-ms-correlation-request-id": [
          "9572775f-be4a-4dc2-89f9-ef5eb23b59fd"
        ],
        "x-ms-routing-request-id": [
          "NORTHEUROPE:20180713T200110Z:9572775f-be4a-4dc2-89f9-ef5eb23b59fd"
        ],
        "Cache-Control": [
          "no-cache"
        ],
        "Date": [
          "Fri, 13 Jul 2018 20:01:10 GMT"
        ],
        "Server": [
          "Microsoft-IIS/8.5"
        ],
        "X-Powered-By": [
          "ASP.NET"
        ]
      },
      "StatusCode": 200
    },
    {
      "RequestUri": "/subscriptions/c39dce18-cead-4065-8fb1-3af7683a5038/resourcegroups/ps4471?api-version=2016-09-01",
      "EncodedRequestUri": "L3N1YnNjcmlwdGlvbnMvYzM5ZGNlMTgtY2VhZC00MDY1LThmYjEtM2FmNzY4M2E1MDM4L3Jlc291cmNlZ3JvdXBzL3BzNDQ3MT9hcGktdmVyc2lvbj0yMDE2LTA5LTAx",
      "RequestMethod": "DELETE",
      "RequestBody": "",
      "RequestHeaders": {
        "x-ms-client-request-id": [
          "17998847-e696-4d8d-aca5-58d9e5e03c6a"
        ],
        "accept-language": [
          "en-US"
        ],
        "User-Agent": [
          "FxVersion/4.7.2650.0",
          "OSName/Windows10Enterprise",
          "OSVersion/6.3.16299",
          "Microsoft.Azure.Management.Internal.Resources.ResourceManagementClient/4.1.0"
        ]
      },
      "ResponseBody": "",
      "ResponseHeaders": {
        "Content-Length": [
          "0"
        ],
        "Expires": [
          "-1"
        ],
        "Pragma": [
          "no-cache"
        ],
        "Retry-After": [
          "15"
        ],
        "x-ms-ratelimit-remaining-subscription-deletes": [
          "14988"
        ],
        "x-ms-request-id": [
          "da5da112-ad8b-4681-a46d-be62983cfbc1"
        ],
        "x-ms-correlation-request-id": [
          "da5da112-ad8b-4681-a46d-be62983cfbc1"
        ],
        "x-ms-routing-request-id": [
          "NORTHEUROPE:20180713T200112Z:da5da112-ad8b-4681-a46d-be62983cfbc1"
        ],
        "Strict-Transport-Security": [
          "max-age=31536000; includeSubDomains"
        ],
        "X-Content-Type-Options": [
          "nosniff"
        ],
        "Cache-Control": [
          "no-cache"
        ],
        "Date": [
          "Fri, 13 Jul 2018 20:01:11 GMT"
        ],
        "Location": [
          "https://api-dogfood.resources.windows-int.net/subscriptions/c39dce18-cead-4065-8fb1-3af7683a5038/operationresults/eyJqb2JJZCI6IlJFU09VUkNFR1JPVVBERUxFVElPTkpPQi1QUzQ0NzEtV0VTVFVTIiwiam9iTG9jYXRpb24iOiJ3ZXN0dXMifQ?api-version=2016-09-01"
        ]
      },
      "StatusCode": 202
    },
    {
      "RequestUri": "/subscriptions/c39dce18-cead-4065-8fb1-3af7683a5038/operationresults/eyJqb2JJZCI6IlJFU09VUkNFR1JPVVBERUxFVElPTkpPQi1QUzQ0NzEtV0VTVFVTIiwiam9iTG9jYXRpb24iOiJ3ZXN0dXMifQ?api-version=2016-09-01",
      "EncodedRequestUri": "L3N1YnNjcmlwdGlvbnMvYzM5ZGNlMTgtY2VhZC00MDY1LThmYjEtM2FmNzY4M2E1MDM4L29wZXJhdGlvbnJlc3VsdHMvZXlKcWIySkpaQ0k2SWxKRlUwOVZVa05GUjFKUFZWQkVSVXhGVkVsUFRrcFBRaTFRVXpRME56RXRWMFZUVkZWVElpd2lhbTlpVEc5allYUnBiMjRpT2lKM1pYTjBkWE1pZlE/YXBpLXZlcnNpb249MjAxNi0wOS0wMQ==",
      "RequestMethod": "GET",
      "RequestBody": "",
      "RequestHeaders": {
        "User-Agent": [
          "FxVersion/4.7.2650.0",
          "OSName/Windows10Enterprise",
          "OSVersion/6.3.16299",
          "Microsoft.Azure.Management.Internal.Resources.ResourceManagementClient/4.1.0"
        ]
      },
      "ResponseBody": "",
      "ResponseHeaders": {
        "Content-Length": [
          "0"
        ],
        "Expires": [
          "-1"
        ],
        "Pragma": [
          "no-cache"
        ],
        "Retry-After": [
          "15"
        ],
        "x-ms-ratelimit-remaining-subscription-reads": [
          "14980"
        ],
        "x-ms-request-id": [
          "de83bbf8-357e-4a4d-b789-abb225bfbe1e"
        ],
        "x-ms-correlation-request-id": [
          "de83bbf8-357e-4a4d-b789-abb225bfbe1e"
        ],
        "x-ms-routing-request-id": [
          "NORTHEUROPE:20180713T200127Z:de83bbf8-357e-4a4d-b789-abb225bfbe1e"
        ],
        "Strict-Transport-Security": [
          "max-age=31536000; includeSubDomains"
        ],
        "X-Content-Type-Options": [
          "nosniff"
        ],
        "Cache-Control": [
          "no-cache"
        ],
        "Date": [
          "Fri, 13 Jul 2018 20:01:27 GMT"
        ],
        "Location": [
          "https://api-dogfood.resources.windows-int.net/subscriptions/c39dce18-cead-4065-8fb1-3af7683a5038/operationresults/eyJqb2JJZCI6IlJFU09VUkNFR1JPVVBERUxFVElPTkpPQi1QUzQ0NzEtV0VTVFVTIiwiam9iTG9jYXRpb24iOiJ3ZXN0dXMifQ?api-version=2016-09-01"
        ]
      },
      "StatusCode": 202
    },
    {
      "RequestUri": "/subscriptions/c39dce18-cead-4065-8fb1-3af7683a5038/operationresults/eyJqb2JJZCI6IlJFU09VUkNFR1JPVVBERUxFVElPTkpPQi1QUzQ0NzEtV0VTVFVTIiwiam9iTG9jYXRpb24iOiJ3ZXN0dXMifQ?api-version=2016-09-01",
      "EncodedRequestUri": "L3N1YnNjcmlwdGlvbnMvYzM5ZGNlMTgtY2VhZC00MDY1LThmYjEtM2FmNzY4M2E1MDM4L29wZXJhdGlvbnJlc3VsdHMvZXlKcWIySkpaQ0k2SWxKRlUwOVZVa05GUjFKUFZWQkVSVXhGVkVsUFRrcFBRaTFRVXpRME56RXRWMFZUVkZWVElpd2lhbTlpVEc5allYUnBiMjRpT2lKM1pYTjBkWE1pZlE/YXBpLXZlcnNpb249MjAxNi0wOS0wMQ==",
      "RequestMethod": "GET",
      "RequestBody": "",
      "RequestHeaders": {
        "User-Agent": [
          "FxVersion/4.7.2650.0",
          "OSName/Windows10Enterprise",
          "OSVersion/6.3.16299",
          "Microsoft.Azure.Management.Internal.Resources.ResourceManagementClient/4.1.0"
        ]
      },
      "ResponseBody": "",
      "ResponseHeaders": {
        "Content-Length": [
          "0"
        ],
        "Expires": [
          "-1"
        ],
        "Pragma": [
          "no-cache"
        ],
        "Retry-After": [
          "15"
        ],
        "x-ms-ratelimit-remaining-subscription-reads": [
          "14979"
        ],
        "x-ms-request-id": [
          "b7244eb6-43ca-483f-b508-e54bbf8fc5e5"
        ],
        "x-ms-correlation-request-id": [
          "b7244eb6-43ca-483f-b508-e54bbf8fc5e5"
        ],
        "x-ms-routing-request-id": [
          "NORTHEUROPE:20180713T200143Z:b7244eb6-43ca-483f-b508-e54bbf8fc5e5"
        ],
        "Strict-Transport-Security": [
          "max-age=31536000; includeSubDomains"
        ],
        "X-Content-Type-Options": [
          "nosniff"
        ],
        "Cache-Control": [
          "no-cache"
        ],
        "Date": [
          "Fri, 13 Jul 2018 20:01:42 GMT"
        ],
        "Location": [
          "https://api-dogfood.resources.windows-int.net/subscriptions/c39dce18-cead-4065-8fb1-3af7683a5038/operationresults/eyJqb2JJZCI6IlJFU09VUkNFR1JPVVBERUxFVElPTkpPQi1QUzQ0NzEtV0VTVFVTIiwiam9iTG9jYXRpb24iOiJ3ZXN0dXMifQ?api-version=2016-09-01"
        ]
      },
      "StatusCode": 202
    },
    {
      "RequestUri": "/subscriptions/c39dce18-cead-4065-8fb1-3af7683a5038/operationresults/eyJqb2JJZCI6IlJFU09VUkNFR1JPVVBERUxFVElPTkpPQi1QUzQ0NzEtV0VTVFVTIiwiam9iTG9jYXRpb24iOiJ3ZXN0dXMifQ?api-version=2016-09-01",
      "EncodedRequestUri": "L3N1YnNjcmlwdGlvbnMvYzM5ZGNlMTgtY2VhZC00MDY1LThmYjEtM2FmNzY4M2E1MDM4L29wZXJhdGlvbnJlc3VsdHMvZXlKcWIySkpaQ0k2SWxKRlUwOVZVa05GUjFKUFZWQkVSVXhGVkVsUFRrcFBRaTFRVXpRME56RXRWMFZUVkZWVElpd2lhbTlpVEc5allYUnBiMjRpT2lKM1pYTjBkWE1pZlE/YXBpLXZlcnNpb249MjAxNi0wOS0wMQ==",
      "RequestMethod": "GET",
      "RequestBody": "",
      "RequestHeaders": {
        "User-Agent": [
          "FxVersion/4.7.2650.0",
          "OSName/Windows10Enterprise",
          "OSVersion/6.3.16299",
          "Microsoft.Azure.Management.Internal.Resources.ResourceManagementClient/4.1.0"
        ]
      },
      "ResponseBody": "",
      "ResponseHeaders": {
        "Content-Length": [
          "0"
        ],
        "Expires": [
          "-1"
        ],
        "Pragma": [
          "no-cache"
        ],
        "x-ms-ratelimit-remaining-subscription-reads": [
          "14978"
        ],
        "x-ms-request-id": [
          "7b517942-aafb-4514-9785-9bdf8db126d2"
        ],
        "x-ms-correlation-request-id": [
          "7b517942-aafb-4514-9785-9bdf8db126d2"
        ],
        "x-ms-routing-request-id": [
          "NORTHEUROPE:20180713T200158Z:7b517942-aafb-4514-9785-9bdf8db126d2"
        ],
        "Strict-Transport-Security": [
          "max-age=31536000; includeSubDomains"
        ],
        "X-Content-Type-Options": [
          "nosniff"
        ],
        "Cache-Control": [
          "no-cache"
        ],
        "Date": [
          "Fri, 13 Jul 2018 20:01:58 GMT"
        ]
      },
      "StatusCode": 200
    },
    {
      "RequestUri": "/subscriptions/c39dce18-cead-4065-8fb1-3af7683a5038/operationresults/eyJqb2JJZCI6IlJFU09VUkNFR1JPVVBERUxFVElPTkpPQi1QUzQ0NzEtV0VTVFVTIiwiam9iTG9jYXRpb24iOiJ3ZXN0dXMifQ?api-version=2016-09-01",
      "EncodedRequestUri": "L3N1YnNjcmlwdGlvbnMvYzM5ZGNlMTgtY2VhZC00MDY1LThmYjEtM2FmNzY4M2E1MDM4L29wZXJhdGlvbnJlc3VsdHMvZXlKcWIySkpaQ0k2SWxKRlUwOVZVa05GUjFKUFZWQkVSVXhGVkVsUFRrcFBRaTFRVXpRME56RXRWMFZUVkZWVElpd2lhbTlpVEc5allYUnBiMjRpT2lKM1pYTjBkWE1pZlE/YXBpLXZlcnNpb249MjAxNi0wOS0wMQ==",
      "RequestMethod": "GET",
      "RequestBody": "",
      "RequestHeaders": {
        "User-Agent": [
          "FxVersion/4.7.2650.0",
          "OSName/Windows10Enterprise",
          "OSVersion/6.3.16299",
          "Microsoft.Azure.Management.Internal.Resources.ResourceManagementClient/4.1.0"
        ]
      },
      "ResponseBody": "",
      "ResponseHeaders": {
        "Content-Length": [
          "0"
        ],
        "Expires": [
          "-1"
        ],
        "Pragma": [
          "no-cache"
        ],
        "x-ms-ratelimit-remaining-subscription-reads": [
          "14977"
        ],
        "x-ms-request-id": [
          "e44cab85-c73c-4069-bed3-d9a57b09638c"
        ],
        "x-ms-correlation-request-id": [
          "e44cab85-c73c-4069-bed3-d9a57b09638c"
        ],
        "x-ms-routing-request-id": [
          "NORTHEUROPE:20180713T200159Z:e44cab85-c73c-4069-bed3-d9a57b09638c"
        ],
        "Strict-Transport-Security": [
          "max-age=31536000; includeSubDomains"
        ],
        "X-Content-Type-Options": [
          "nosniff"
        ],
        "Cache-Control": [
          "no-cache"
        ],
        "Date": [
          "Fri, 13 Jul 2018 20:01:58 GMT"
        ]
      },
      "StatusCode": 200
    }
  ],
  "Names": {
    "Test-DatasetWithDataFactoryParameter": [
      "ps963",
      "ps4471"
    ]
  },
  "Variables": {
    "SubscriptionId": "c39dce18-cead-4065-8fb1-3af7683a5038"
  }
}