{
  "Entries": [
    {
      "RequestUri": "/subscriptions/783fd652-64f3-4680-81e9-0b978c542005/resourceGroups/mo-resources-eus/providers/Microsoft.Automation/automationAccounts/mo-aaa-eus2/softwareUpdateConfigurations/linx-suc-reboot?api-version=2019-06-01",
      "EncodedRequestUri": "L3N1YnNjcmlwdGlvbnMvNzgzZmQ2NTItNjRmMy00NjgwLTgxZTktMGI5NzhjNTQyMDA1L3Jlc291cmNlR3JvdXBzL21vLXJlc291cmNlcy1ldXMvcHJvdmlkZXJzL01pY3Jvc29mdC5BdXRvbWF0aW9uL2F1dG9tYXRpb25BY2NvdW50cy9tby1hYWEtZXVzMi9zb2Z0d2FyZVVwZGF0ZUNvbmZpZ3VyYXRpb25zL2xpbngtc3VjLXJlYm9vdD9hcGktdmVyc2lvbj0yMDE5LTA2LTAx",
      "RequestMethod": "PUT",
      "RequestHeaders": {
        "x-ms-client-request-id": [
          "19ea0e37-315d-4a91-965b-9609e0edae41"
        ],
        "Accept-Language": [
          "en-US"
        ],
        "User-Agent": [
          "FxVersion/4.700.22.47601",
          "OSName/Windows",
          "OSVersion/Microsoft.Windows.10.0.22621",
          "Microsoft.Azure.Management.Automation.AutomationClient/1.8.0"
        ],
        "x-ms-activity-id": [
          "aada3fe2-c847-47d2-a179-a1f50c4af431"
        ],
        "Content-Type": [
          "application/json; charset=utf-8"
        ],
        "Content-Length": [
          "1257"
        ]
      },
      "RequestBody": "{\r\n  \"properties\": {\r\n    \"updateConfiguration\": {\r\n      \"operatingSystem\": \"Linux\",\r\n      \"linux\": {\r\n        \"includedPackageClassifications\": \"Security,Critical\",\r\n        \"excludedPackageNameMasks\": [\r\n          \"Mask01\",\r\n          \"Mask02\"\r\n        ],\r\n        \"includedPackageNameMasks\": [\r\n          \"Mask100\"\r\n        ],\r\n        \"rebootSetting\": \"Never\"\r\n      },\r\n      \"duration\": \"PT2H\",\r\n      \"azureVirtualMachines\": [\r\n        \"/subscriptions/783fd652-64f3-4680-81e9-0b978c542005/resourceGroups/mo-compute/providers/Microsoft.Compute/virtualMachines/mo-vm-l-01\",\r\n        \"/subscriptions/783fd652-64f3-4680-81e9-0b978c542005/resourceGroups/mo-compute/providers/Microsoft.Compute/virtualMachines/mo-vm-l-02\"\r\n      ],\r\n      \"nonAzureComputerNames\": [\r\n        \"server-01\"\r\n      ]\r\n    },\r\n    \"scheduleInfo\": {\r\n      \"startTime\": \"2022-10-27T17:05:08.174727+05:30\",\r\n      \"expiryTime\": \"9999-12-31T23:59:59.9999999+05:30\",\r\n      \"expiryTimeOffsetMinutes\": 0.0,\r\n      \"isEnabled\": true,\r\n      \"nextRunOffsetMinutes\": 0.0,\r\n      \"frequency\": \"Onetime\",\r\n      \"creationTime\": \"0001-01-01T05:30:00+05:30\",\r\n      \"lastModifiedTime\": \"0001-01-01T05:30:00+05:30\",\r\n      \"description\": \"linux-suc-reboot\"\r\n    },\r\n    \"tasks\": {}\r\n  }\r\n}",
      "ResponseHeaders": {
        "Cache-Control": [
          "no-cache"
        ],
        "Pragma": [
          "no-cache"
        ],
        "Location": [
          "https://management.azure.com/subscriptions/783fd652-64f3-4680-81e9-0b978c542005/resourceGroups/mo-resources-eus/providers/Microsoft.Automation/automationAccounts/mo-aaa-eus2/softwareUpdateConfigurations/linx-suc-reboot?api-version=2019-06-01"
        ],
        "x-ms-request-id": [
          "aada3fe2-c847-47d2-a179-a1f50c4af431"
        ],
        "Server": [
          "Microsoft-HTTPAPI/2.0"
        ],
        "x-ms-ratelimit-remaining-subscription-resource-requests": [
          "99"
        ],
        "x-ms-correlation-request-id": [
          "5b19e519-fce9-43a5-8352-cefd8c4c4261"
        ],
        "x-ms-routing-request-id": [
          "JIOINDIAWEST:20221027T112510Z:5b19e519-fce9-43a5-8352-cefd8c4c4261"
        ],
        "Strict-Transport-Security": [
          "max-age=31536000; includeSubDomains"
        ],
        "X-Content-Type-Options": [
          "nosniff"
        ],
        "Date": [
          "Thu, 27 Oct 2022 11:25:10 GMT"
        ],
        "Content-Length": [
          "1559"
        ],
        "Content-Type": [
          "application/json; charset=utf-8"
        ],
        "Expires": [
          "-1"
        ]
      },
      "ResponseBody": "{\r\n  \"id\": \"/subscriptions/783fd652-64f3-4680-81e9-0b978c542005/resourceGroups/mo-resources-eus/providers/Microsoft.Automation/automationAccounts/mo-aaa-eus2/softwareUpdateConfigurations/linx-suc-reboot\",\r\n  \"name\": \"linx-suc-reboot\",\r\n  \"type\": null,\r\n  \"properties\": {\r\n    \"updateConfiguration\": {\r\n      \"operatingSystem\": \"Linux\",\r\n      \"windows\": null,\r\n      \"linux\": {\r\n        \"includedPackageClassifications\": \"Critical, Security\",\r\n        \"excludedPackageNameMasks\": [\r\n          \"Mask01\",\r\n          \"Mask02\"\r\n        ],\r\n        \"includedPackageNameMasks\": [\r\n          \"Mask100\"\r\n        ],\r\n        \"rebootSetting\": \"Never\"\r\n      },\r\n      \"targets\": null,\r\n      \"duration\": \"PT2H\",\r\n      \"azureVirtualMachines\": [\r\n        \"/subscriptions/783fd652-64f3-4680-81e9-0b978c542005/resourceGroups/mo-compute/providers/Microsoft.Compute/virtualMachines/mo-vm-l-01\",\r\n        \"/subscriptions/783fd652-64f3-4680-81e9-0b978c542005/resourceGroups/mo-compute/providers/Microsoft.Compute/virtualMachines/mo-vm-l-02\"\r\n      ],\r\n      \"nonAzureComputerNames\": [\r\n        \"server-01\"\r\n      ]\r\n    },\r\n    \"scheduleInfo\": {\r\n      \"description\": \"linux-suc-reboot\",\r\n      \"startTime\": \"2022-10-27T22:35:00+05:30\",\r\n      \"startTimeOffsetMinutes\": 0.0,\r\n      \"expiryTime\": \"2022-10-27T22:35:00+05:30\",\r\n      \"expiryTimeOffsetMinutes\": 0.0,\r\n      \"isEnabled\": true,\r\n      \"nextRun\": \"2022-10-27T22:35:00+05:30\",\r\n      \"nextRunOffsetMinutes\": 0.0,\r\n      \"interval\": null,\r\n      \"frequency\": \"OneTime\",\r\n      \"creationTime\": \"2022-10-27T16:55:10.2833333+05:30\",\r\n      \"lastModifiedTime\": \"2022-10-27T16:55:10.2833333+05:30\",\r\n      \"timeZone\": \"Etc/UTC\",\r\n      \"advancedSchedule\": null\r\n    },\r\n    \"provisioningState\": \"Provisioning\",\r\n    \"createdBy\": \"{scrubbed}\",\r\n    \"error\": null,\r\n    \"tasks\": {\r\n      \"preTask\": null,\r\n      \"postTask\": null\r\n    },\r\n    \"creationTime\": \"2022-10-27T16:55:10.3966667+05:30\",\r\n    \"lastModifiedBy\": null,\r\n    \"lastModifiedTime\": \"2022-10-27T16:55:10.3966667+05:30\"\r\n  }\r\n}",
      "StatusCode": 201
    },
    {
      "RequestUri": "/subscriptions/783fd652-64f3-4680-81e9-0b978c542005/resourceGroups/mo-resources-eus/providers/Microsoft.Automation/automationAccounts/mo-aaa-eus2/softwareUpdateConfigurations/linx-suc-reboot?api-version=2019-06-01",
      "EncodedRequestUri": "L3N1YnNjcmlwdGlvbnMvNzgzZmQ2NTItNjRmMy00NjgwLTgxZTktMGI5NzhjNTQyMDA1L3Jlc291cmNlR3JvdXBzL21vLXJlc291cmNlcy1ldXMvcHJvdmlkZXJzL01pY3Jvc29mdC5BdXRvbWF0aW9uL2F1dG9tYXRpb25BY2NvdW50cy9tby1hYWEtZXVzMi9zb2Z0d2FyZVVwZGF0ZUNvbmZpZ3VyYXRpb25zL2xpbngtc3VjLXJlYm9vdD9hcGktdmVyc2lvbj0yMDE5LTA2LTAx",
      "RequestMethod": "GET",
      "RequestHeaders": {
        "x-ms-client-request-id": [
          "ef7ec0f4-d221-4623-8550-5f17e31c8008"
        ],
        "Accept-Language": [
          "en-US"
        ],
        "User-Agent": [
          "FxVersion/4.700.22.47601",
          "OSName/Windows",
          "OSVersion/Microsoft.Windows.10.0.22621",
          "Microsoft.Azure.Management.Automation.AutomationClient/1.8.0"
        ],
        "x-ms-activity-id": [
          "63f1f267-9ce1-4664-88ff-b46098a26251"
        ]
      },
      "RequestBody": "",
      "ResponseHeaders": {
        "Cache-Control": [
          "no-cache"
        ],
        "Pragma": [
          "no-cache"
        ],
        "x-ms-request-id": [
          "63f1f267-9ce1-4664-88ff-b46098a26251"
        ],
        "Server": [
          "Microsoft-HTTPAPI/2.0"
        ],
        "x-ms-ratelimit-remaining-subscription-reads": [
          "11997"
        ],
        "x-ms-correlation-request-id": [
          "79c54ac0-79e1-4227-b156-c7085946040a"
        ],
        "x-ms-routing-request-id": [
          "JIOINDIAWEST:20221027T112511Z:79c54ac0-79e1-4227-b156-c7085946040a"
        ],
        "Strict-Transport-Security": [
          "max-age=31536000; includeSubDomains"
        ],
        "X-Content-Type-Options": [
          "nosniff"
        ],
        "Date": [
          "Thu, 27 Oct 2022 11:25:10 GMT"
        ],
        "Content-Length": [
          "1559"
        ],
        "Content-Type": [
          "application/json; charset=utf-8"
        ],
        "Expires": [
          "-1"
        ]
      },
      "ResponseBody": "{\r\n  \"id\": \"/subscriptions/783fd652-64f3-4680-81e9-0b978c542005/resourceGroups/mo-resources-eus/providers/Microsoft.Automation/automationAccounts/mo-aaa-eus2/softwareUpdateConfigurations/linx-suc-reboot\",\r\n  \"name\": \"linx-suc-reboot\",\r\n  \"type\": null,\r\n  \"properties\": {\r\n    \"updateConfiguration\": {\r\n      \"operatingSystem\": \"Linux\",\r\n      \"windows\": null,\r\n      \"linux\": {\r\n        \"includedPackageClassifications\": \"Critical, Security\",\r\n        \"excludedPackageNameMasks\": [\r\n          \"Mask01\",\r\n          \"Mask02\"\r\n        ],\r\n        \"includedPackageNameMasks\": [\r\n          \"Mask100\"\r\n        ],\r\n        \"rebootSetting\": \"Never\"\r\n      },\r\n      \"targets\": null,\r\n      \"duration\": \"PT2H\",\r\n      \"azureVirtualMachines\": [\r\n        \"/subscriptions/783fd652-64f3-4680-81e9-0b978c542005/resourceGroups/mo-compute/providers/Microsoft.Compute/virtualMachines/mo-vm-l-01\",\r\n        \"/subscriptions/783fd652-64f3-4680-81e9-0b978c542005/resourceGroups/mo-compute/providers/Microsoft.Compute/virtualMachines/mo-vm-l-02\"\r\n      ],\r\n      \"nonAzureComputerNames\": [\r\n        \"server-01\"\r\n      ]\r\n    },\r\n    \"scheduleInfo\": {\r\n      \"description\": \"linux-suc-reboot\",\r\n      \"startTime\": \"2022-10-27T22:35:00+05:30\",\r\n      \"startTimeOffsetMinutes\": 0.0,\r\n      \"expiryTime\": \"2022-10-27T22:35:00+05:30\",\r\n      \"expiryTimeOffsetMinutes\": 0.0,\r\n      \"isEnabled\": true,\r\n      \"nextRun\": \"2022-10-27T22:35:00+05:30\",\r\n      \"nextRunOffsetMinutes\": 0.0,\r\n      \"interval\": null,\r\n      \"frequency\": \"OneTime\",\r\n      \"creationTime\": \"2022-10-27T16:55:10.2833333+05:30\",\r\n      \"lastModifiedTime\": \"2022-10-27T16:55:10.2833333+05:30\",\r\n      \"timeZone\": \"Etc/UTC\",\r\n      \"advancedSchedule\": null\r\n    },\r\n    \"provisioningState\": \"Provisioning\",\r\n    \"createdBy\": \"{scrubbed}\",\r\n    \"error\": null,\r\n    \"tasks\": {\r\n      \"preTask\": null,\r\n      \"postTask\": null\r\n    },\r\n    \"creationTime\": \"2022-10-27T16:55:10.3966667+05:30\",\r\n    \"lastModifiedBy\": null,\r\n    \"lastModifiedTime\": \"2022-10-27T16:55:10.3966667+05:30\"\r\n  }\r\n}",
      "StatusCode": 200
    },
    {
      "RequestUri": "/subscriptions/783fd652-64f3-4680-81e9-0b978c542005/resourceGroups/mo-resources-eus/providers/Microsoft.Automation/automationAccounts/mo-aaa-eus2/softwareUpdateConfigurations/linx-suc-reboot?api-version=2019-06-01",
      "EncodedRequestUri": "L3N1YnNjcmlwdGlvbnMvNzgzZmQ2NTItNjRmMy00NjgwLTgxZTktMGI5NzhjNTQyMDA1L3Jlc291cmNlR3JvdXBzL21vLXJlc291cmNlcy1ldXMvcHJvdmlkZXJzL01pY3Jvc29mdC5BdXRvbWF0aW9uL2F1dG9tYXRpb25BY2NvdW50cy9tby1hYWEtZXVzMi9zb2Z0d2FyZVVwZGF0ZUNvbmZpZ3VyYXRpb25zL2xpbngtc3VjLXJlYm9vdD9hcGktdmVyc2lvbj0yMDE5LTA2LTAx",
      "RequestMethod": "GET",
      "RequestHeaders": {
        "x-ms-client-request-id": [
          "662af90b-bc40-4616-8da2-b50a13848c3a"
        ],
        "Accept-Language": [
          "en-US"
        ],
        "User-Agent": [
          "FxVersion/4.700.22.47601",
          "OSName/Windows",
          "OSVersion/Microsoft.Windows.10.0.22621",
          "Microsoft.Azure.Management.Automation.AutomationClient/1.8.0"
        ],
        "x-ms-activity-id": [
          "366ac0b4-dee5-4f76-ace2-41e9f848ab38"
        ]
      },
      "RequestBody": "",
      "ResponseHeaders": {
        "Cache-Control": [
          "no-cache"
        ],
        "Pragma": [
          "no-cache"
        ],
        "x-ms-request-id": [
          "366ac0b4-dee5-4f76-ace2-41e9f848ab38"
        ],
        "Server": [
          "Microsoft-HTTPAPI/2.0"
        ],
        "x-ms-ratelimit-remaining-subscription-reads": [
          "11998"
        ],
        "x-ms-correlation-request-id": [
          "96dc42a3-e823-478c-9aa7-e78feafb1c31"
        ],
        "x-ms-routing-request-id": [
          "JIOINDIAWEST:20221027T112514Z:96dc42a3-e823-478c-9aa7-e78feafb1c31"
        ],
        "Strict-Transport-Security": [
          "max-age=31536000; includeSubDomains"
        ],
        "X-Content-Type-Options": [
          "nosniff"
        ],
        "Date": [
          "Thu, 27 Oct 2022 11:25:13 GMT"
        ],
        "Content-Length": [
          "1559"
        ],
        "Content-Type": [
          "application/json; charset=utf-8"
        ],
        "Expires": [
          "-1"
        ]
      },
      "ResponseBody": "{\r\n  \"id\": \"/subscriptions/783fd652-64f3-4680-81e9-0b978c542005/resourceGroups/mo-resources-eus/providers/Microsoft.Automation/automationAccounts/mo-aaa-eus2/softwareUpdateConfigurations/linx-suc-reboot\",\r\n  \"name\": \"linx-suc-reboot\",\r\n  \"type\": null,\r\n  \"properties\": {\r\n    \"updateConfiguration\": {\r\n      \"operatingSystem\": \"Linux\",\r\n      \"windows\": null,\r\n      \"linux\": {\r\n        \"includedPackageClassifications\": \"Critical, Security\",\r\n        \"excludedPackageNameMasks\": [\r\n          \"Mask01\",\r\n          \"Mask02\"\r\n        ],\r\n        \"includedPackageNameMasks\": [\r\n          \"Mask100\"\r\n        ],\r\n        \"rebootSetting\": \"Never\"\r\n      },\r\n      \"targets\": null,\r\n      \"duration\": \"PT2H\",\r\n      \"azureVirtualMachines\": [\r\n        \"/subscriptions/783fd652-64f3-4680-81e9-0b978c542005/resourceGroups/mo-compute/providers/Microsoft.Compute/virtualMachines/mo-vm-l-01\",\r\n        \"/subscriptions/783fd652-64f3-4680-81e9-0b978c542005/resourceGroups/mo-compute/providers/Microsoft.Compute/virtualMachines/mo-vm-l-02\"\r\n      ],\r\n      \"nonAzureComputerNames\": [\r\n        \"server-01\"\r\n      ]\r\n    },\r\n    \"scheduleInfo\": {\r\n      \"description\": \"linux-suc-reboot\",\r\n      \"startTime\": \"2022-10-27T22:35:00+05:30\",\r\n      \"startTimeOffsetMinutes\": 0.0,\r\n      \"expiryTime\": \"2022-10-27T22:35:00+05:30\",\r\n      \"expiryTimeOffsetMinutes\": 0.0,\r\n      \"isEnabled\": true,\r\n      \"nextRun\": \"2022-10-27T22:35:00+05:30\",\r\n      \"nextRunOffsetMinutes\": 0.0,\r\n      \"interval\": null,\r\n      \"frequency\": \"OneTime\",\r\n      \"creationTime\": \"2022-10-27T16:55:10.2833333+05:30\",\r\n      \"lastModifiedTime\": \"2022-10-27T16:55:10.2833333+05:30\",\r\n      \"timeZone\": \"Etc/UTC\",\r\n      \"advancedSchedule\": null\r\n    },\r\n    \"provisioningState\": \"Provisioning\",\r\n    \"createdBy\": \"{scrubbed}\",\r\n    \"error\": null,\r\n    \"tasks\": {\r\n      \"preTask\": null,\r\n      \"postTask\": null\r\n    },\r\n    \"creationTime\": \"2022-10-27T16:55:10.3966667+05:30\",\r\n    \"lastModifiedBy\": null,\r\n    \"lastModifiedTime\": \"2022-10-27T16:55:10.3966667+05:30\"\r\n  }\r\n}",
      "StatusCode": 200
    },
    {
      "RequestUri": "/subscriptions/783fd652-64f3-4680-81e9-0b978c542005/resourceGroups/mo-resources-eus/providers/Microsoft.Automation/automationAccounts/mo-aaa-eus2/softwareUpdateConfigurations/linx-suc-reboot?api-version=2019-06-01",
      "EncodedRequestUri": "L3N1YnNjcmlwdGlvbnMvNzgzZmQ2NTItNjRmMy00NjgwLTgxZTktMGI5NzhjNTQyMDA1L3Jlc291cmNlR3JvdXBzL21vLXJlc291cmNlcy1ldXMvcHJvdmlkZXJzL01pY3Jvc29mdC5BdXRvbWF0aW9uL2F1dG9tYXRpb25BY2NvdW50cy9tby1hYWEtZXVzMi9zb2Z0d2FyZVVwZGF0ZUNvbmZpZ3VyYXRpb25zL2xpbngtc3VjLXJlYm9vdD9hcGktdmVyc2lvbj0yMDE5LTA2LTAx",
      "RequestMethod": "GET",
      "RequestHeaders": {
        "x-ms-client-request-id": [
          "57fa41c2-5edd-4ac2-b8c1-be90946057b9"
        ],
        "Accept-Language": [
          "en-US"
        ],
        "User-Agent": [
          "FxVersion/4.700.22.47601",
          "OSName/Windows",
          "OSVersion/Microsoft.Windows.10.0.22621",
          "Microsoft.Azure.Management.Automation.AutomationClient/1.8.0"
        ],
        "x-ms-activity-id": [
          "7707ff73-28db-44fe-a231-b46c8be9db77"
        ]
      },
      "RequestBody": "",
      "ResponseHeaders": {
        "Cache-Control": [
          "no-cache"
        ],
        "Pragma": [
          "no-cache"
        ],
        "x-ms-request-id": [
          "7707ff73-28db-44fe-a231-b46c8be9db77"
        ],
        "Server": [
          "Microsoft-HTTPAPI/2.0"
        ],
        "x-ms-ratelimit-remaining-subscription-reads": [
          "11998"
        ],
        "x-ms-correlation-request-id": [
          "1f23d04c-4151-4181-a64b-7ba41328f290"
        ],
        "x-ms-routing-request-id": [
          "WESTINDIA:20221027T112517Z:1f23d04c-4151-4181-a64b-7ba41328f290"
        ],
        "Strict-Transport-Security": [
          "max-age=31536000; includeSubDomains"
        ],
        "X-Content-Type-Options": [
          "nosniff"
        ],
        "Date": [
          "Thu, 27 Oct 2022 11:25:16 GMT"
        ],
        "Content-Length": [
          "2037"
        ],
        "Content-Type": [
          "application/json; charset=utf-8"
        ],
        "Expires": [
          "-1"
        ]
      },
      "ResponseBody": "{\r\n  \"id\": \"/subscriptions/783fd652-64f3-4680-81e9-0b978c542005/resourceGroups/mo-resources-eus/providers/Microsoft.Automation/automationAccounts/mo-aaa-eus2/softwareUpdateConfigurations/linx-suc-reboot\",\r\n  \"name\": \"linx-suc-reboot\",\r\n  \"type\": null,\r\n  \"properties\": {\r\n    \"updateConfiguration\": {\r\n      \"operatingSystem\": \"Linux\",\r\n      \"windows\": null,\r\n      \"linux\": {\r\n        \"includedPackageClassifications\": \"Critical, Security\",\r\n        \"excludedPackageNameMasks\": [\r\n          \"Mask01\",\r\n          \"Mask02\"\r\n        ],\r\n        \"includedPackageNameMasks\": [\r\n          \"Mask100\"\r\n        ],\r\n        \"rebootSetting\": \"Never\"\r\n      },\r\n      \"targets\": null,\r\n      \"duration\": \"PT2H\",\r\n      \"azureVirtualMachines\": [\r\n        \"/subscriptions/783fd652-64f3-4680-81e9-0b978c542005/resourceGroups/mo-compute/providers/Microsoft.Compute/virtualMachines/mo-vm-l-01\",\r\n        \"/subscriptions/783fd652-64f3-4680-81e9-0b978c542005/resourceGroups/mo-compute/providers/Microsoft.Compute/virtualMachines/mo-vm-l-02\"\r\n      ],\r\n      \"nonAzureComputerNames\": [\r\n        \"server-01\"\r\n      ]\r\n    },\r\n    \"scheduleInfo\": {\r\n      \"description\": \"linux-suc-reboot\",\r\n      \"startTime\": \"2022-10-27T22:35:00+05:30\",\r\n      \"startTimeOffsetMinutes\": 0.0,\r\n      \"expiryTime\": \"2022-10-27T22:35:00+05:30\",\r\n      \"expiryTimeOffsetMinutes\": 0.0,\r\n      \"isEnabled\": true,\r\n      \"nextRun\": \"2022-10-27T22:35:00+05:30\",\r\n      \"nextRunOffsetMinutes\": 0.0,\r\n      \"interval\": null,\r\n      \"frequency\": \"OneTime\",\r\n      \"creationTime\": \"2022-10-27T16:55:10.2833333+05:30\",\r\n      \"lastModifiedTime\": \"2022-10-27T16:55:10.2833333+05:30\",\r\n      \"timeZone\": \"Etc/UTC\",\r\n      \"advancedSchedule\": null\r\n    },\r\n    \"provisioningState\": \"Failed\",\r\n    \"createdBy\": \"{scrubbed}\",\r\n    \"error\": {\r\n      \"code\": null,\r\n      \"message\": \"You have requested to create an update configuration on a machine that is not registered for Update Management.  Assure that the machine is registered for Update Management.  Machine Name(s) or Id(s): /subscriptions/783fd652-64f3-4680-81e9-0b978c542005/resourceGroups/mo-compute/providers/Microsoft.Compute/virtualMachines/mo-vm-l-01,/subscriptions/783fd652-64f3-4680-81e9-0b978c542005/resourceGroups/mo-compute/providers/Microsoft.Compute/virtualMachines/mo-vm-l-02.\"\r\n    },\r\n    \"tasks\": {\r\n      \"preTask\": null,\r\n      \"postTask\": null\r\n    },\r\n    \"creationTime\": \"2022-10-27T16:55:10.3966667+05:30\",\r\n    \"lastModifiedBy\": null,\r\n    \"lastModifiedTime\": \"2022-10-27T16:55:14.58+05:30\"\r\n  }\r\n}",
      "StatusCode": 200
    }
  ],
  "Names": {},
  "Variables": {
    "SubscriptionId": "783fd652-64f3-4680-81e9-0b978c542005"
  }
}