{
  "Entries": [
    {
      "RequestUri": "/subscriptions/b8aef8e1-37df-4f17-a537-f10e183c8eca/resourceGroups/PwsTestRG/providers/Microsoft.RecoveryServices/vaults?api-version=2016-06-01",
      "EncodedRequestUri": "L3N1YnNjcmlwdGlvbnMvYjhhZWY4ZTEtMzdkZi00ZjE3LWE1MzctZjEwZTE4M2M4ZWNhL3Jlc291cmNlR3JvdXBzL1B3c1Rlc3RSRy9wcm92aWRlcnMvTWljcm9zb2Z0LlJlY292ZXJ5U2VydmljZXMvdmF1bHRzP2FwaS12ZXJzaW9uPTIwMTYtMDYtMDE=",
      "RequestMethod": "GET",
      "RequestBody": "",
      "RequestHeaders": {
        "x-ms-client-request-id": [
          "4ea1be6b-63c5-495a-a8bc-43d561860221"
        ],
        "Accept-Language": [
          "en-US"
        ],
        "User-Agent": [
          "FxVersion/4.6.29812.02",
          "OSName/Windows",
          "OSVersion/Microsoft.Windows.10.0.19042.",
          "Microsoft.Azure.Management.RecoveryServices.RecoveryServicesClient/4.3.1.0"
        ]
      },
      "ResponseHeaders": {
        "Cache-Control": [
          "no-cache"
        ],
        "Pragma": [
          "no-cache"
        ],
        "X-Content-Type-Options": [
          "nosniff"
        ],
        "x-ms-request-id": [
          "704e1de1-7a5e-4186-afdc-b66363d4b412"
        ],
        "x-ms-client-request-id": [
          "4ea1be6b-63c5-495a-a8bc-43d561860221"
        ],
        "Strict-Transport-Security": [
          "max-age=31536000; includeSubDomains"
        ],
        "Server": [
          "Microsoft-IIS/10.0"
        ],
        "x-ms-ratelimit-remaining-subscription-reads": [
          "11999"
        ],
        "x-ms-correlation-request-id": [
          "704e1de1-7a5e-4186-afdc-b66363d4b412"
        ],
        "x-ms-routing-request-id": [
          "CENTRALUSEUAP:20210407T110434Z:704e1de1-7a5e-4186-afdc-b66363d4b412"
        ],
        "Date": [
          "Wed, 07 Apr 2021 11:04:34 GMT"
        ],
        "Content-Length": [
          "474"
        ],
        "Content-Type": [
          "application/json"
        ],
        "Expires": [
          "-1"
        ]
      },
      "ResponseBody": "{\r\n  \"value\": [\r\n    {\r\n      \"location\": \"centraluseuap\",\r\n      \"name\": \"PwsTestVault\",\r\n      \"etag\": \"W/\\\"datetime'2021-03-24T14%3A01%3A50.8326358Z'\\\"\",\r\n      \"properties\": {\r\n        \"provisioningState\": \"Succeeded\",\r\n        \"privateEndpointStateForBackup\": \"None\",\r\n        \"privateEndpointStateForSiteRecovery\": \"None\"\r\n      },\r\n      \"id\": \"/subscriptions/b8aef8e1-37df-4f17-a537-f10e183c8eca/resourceGroups/PwsTestRG/providers/Microsoft.RecoveryServices/vaults/PwsTestVault\",\r\n      \"type\": \"Microsoft.RecoveryServices/vaults\",\r\n      \"sku\": {\r\n        \"name\": \"RS0\",\r\n        \"tier\": \"Standard\"\r\n      }\r\n    }\r\n  ]\r\n}",
      "StatusCode": 200
    },
    {
      "RequestUri": "/subscriptions/b8aef8e1-37df-4f17-a537-f10e183c8eca/resourceGroups/PwsTestRG/providers/Microsoft.RecoveryServices/vaults/PwsTestVault/replicationFabrics?api-version=2021-02-10",
      "EncodedRequestUri": "L3N1YnNjcmlwdGlvbnMvYjhhZWY4ZTEtMzdkZi00ZjE3LWE1MzctZjEwZTE4M2M4ZWNhL3Jlc291cmNlR3JvdXBzL1B3c1Rlc3RSRy9wcm92aWRlcnMvTWljcm9zb2Z0LlJlY292ZXJ5U2VydmljZXMvdmF1bHRzL1B3c1Rlc3RWYXVsdC9yZXBsaWNhdGlvbkZhYnJpY3M/YXBpLXZlcnNpb249MjAyMS0wMi0xMA==",
      "RequestMethod": "GET",
      "RequestBody": "",
      "RequestHeaders": {
        "x-ms-client-request-id": [
          "ed30ca2c-a658-4635-b196-870c81cc76d9"
        ],
        "Accept-Language": [
          "en-US"
        ],
        "Agent-Authentication": [
          "{\"NotBeforeTimestamp\":\"\\/Date(1617789874242)\\/\",\"NotAfterTimestamp\":\"\\/Date(1618394674242)\\/\",\"ClientRequestId\":\"ba385112-ea05-4d9e-bcd9-b981a5c8362e-2021-04-07 11:04:34Z-Ps\",\"HashFunction\":\"HMACSHA256\",\"Hmac\":\"lPDRAPCHdepC7/spFtPYuS1MJSRgo/fvrqspnPYxTPE=\",\"Version\":{\"Major\":1,\"Minor\":2,\"Build\":-1,\"Revision\":-1,\"MajorRevision\":-1,\"MinorRevision\":-1},\"PropertyBag\":{}}"
        ],
        "User-Agent": [
          "FxVersion/4.6.29812.02",
          "OSName/Windows",
          "OSVersion/Microsoft.Windows.10.0.19042.",
          "Microsoft.Azure.Management.RecoveryServices.SiteRecovery.SiteRecoveryManagementClient/2.1.4.0"
        ]
      },
      "ResponseHeaders": {
        "Cache-Control": [
          "no-cache"
        ],
        "Pragma": [
          "no-cache"
        ],
        "x-ms-ratelimit-remaining-subscription-reads": [
          "11999"
        ],
        "Server": [
          "Microsoft-IIS/10.0",
          "Kestrel"
        ],
        "Strict-Transport-Security": [
          "max-age=31536000; includeSubDomains"
        ],
        "x-ms-request-id": [
          "ed30ca2c-a658-4635-b196-870c81cc76d9 4/7/2021 11:04:35 AM"
        ],
        "X-Content-Type-Options": [
          "nosniff"
        ],
        "x-ms-client-request-id": [
          "ed30ca2c-a658-4635-b196-870c81cc76d9"
        ],
        "x-ms-correlation-request-id": [
          "e06de7df-8213-4ac8-a704-209718520456"
        ],
        "x-ms-routing-request-id": [
          "CENTRALUSEUAP:20210407T110435Z:e06de7df-8213-4ac8-a704-209718520456"
        ],
        "Date": [
          "Wed, 07 Apr 2021 11:04:34 GMT"
        ],
        "Content-Length": [
          "6343"
        ],
        "Content-Type": [
          "application/json"
        ],
        "Expires": [
          "-1"
        ]
      },
      "ResponseBody": "{\r\n  \"value\": [\r\n    {\r\n      \"name\": \"9a60d28b65543435e52e1b81073c6a3aca7dd5d00d201e49fbe4e86848c495ed\",\r\n      \"type\": \"Microsoft.RecoveryServices/vaults/replicationFabrics\",\r\n      \"id\": \"/Subscriptions/b8aef8e1-37df-4f17-a537-f10e183c8eca/resourceGroups/PwsTestRG/providers/Microsoft.RecoveryServices/vaults/PwsTestVault/replicationFabrics/9a60d28b65543435e52e1b81073c6a3aca7dd5d00d201e49fbe4e86848c495ed\",\r\n      \"properties\": {\r\n        \"friendlyName\": \"PwsTestCS\",\r\n        \"encryptionDetails\": {\r\n          \"kekState\": \"None\",\r\n          \"kekCertThumbprint\": null\r\n        },\r\n        \"rolloverEncryptionDetails\": {\r\n          \"kekState\": \"None\",\r\n          \"kekCertThumbprint\": null\r\n        },\r\n        \"internalIdentifier\": \"01fbe5d9-6391-45fc-a729-bef0b458c9fe\",\r\n        \"bcdrState\": \"Valid\",\r\n        \"customDetails\": {\r\n          \"instanceType\": \"VMware\",\r\n          \"processServers\": [\r\n            {\r\n              \"friendlyName\": \"V2A-PS-200\",\r\n              \"id\": \"30AE6187-5869-8E44-B8AF6AA66E3ECC8F\",\r\n              \"ipAddress\": \"10.150.108.21\",\r\n              \"osType\": \"Windows\",\r\n              \"agentVersion\": \"9.41.0.0\",\r\n              \"lastHeartbeat\": \"2021-04-07T11:01:05Z\",\r\n              \"versionStatus\": \"Supported\",\r\n              \"mobilityServiceUpdates\": [\r\n                {\r\n                  \"version\": \"9.41.0.0\",\r\n                  \"rebootStatus\": \"NotRequired\",\r\n                  \"osType\": \"Windows\"\r\n                },\r\n                {\r\n                  \"version\": \"9.41.0.0\",\r\n                  \"rebootStatus\": \"NotRequired\",\r\n                  \"osType\": \"Linux\"\r\n                }\r\n              ],\r\n              \"hostId\": \"30AE6187-5869-8E44-B8AF6AA66E3ECC8F\",\r\n              \"machineCount\": \"2\",\r\n              \"replicationPairCount\": \"4\",\r\n              \"systemLoad\": \"0\",\r\n              \"systemLoadStatus\": \"Green\",\r\n              \"cpuLoad\": \"0%\",\r\n              \"cpuLoadStatus\": \"Green\",\r\n              \"totalMemoryInBytes\": 5032087552,\r\n              \"availableMemoryInBytes\": 2890431090,\r\n              \"memoryUsageStatus\": \"Green\",\r\n              \"totalSpaceInBytes\": 107337478144,\r\n              \"availableSpaceInBytes\": 104852129109,\r\n              \"spaceUsageStatus\": \"Green\",\r\n              \"psServiceStatus\": \"Running\",\r\n              \"sslCertExpiryDate\": \"2024-03-22T14:18:58Z\",\r\n              \"sslCertExpiryRemainingDays\": 1080,\r\n              \"osVersion\": null,\r\n              \"healthErrors\": [],\r\n              \"agentExpiryDate\": \"9999-12-31T23:59:59.9999999\",\r\n              \"agentVersionDetails\": {\r\n                \"version\": \"9.41.0.0\",\r\n                \"expiryDate\": \"9999-12-31T23:59:59.9999999\",\r\n                \"status\": \"Supported\"\r\n              },\r\n              \"health\": \"Normal\",\r\n              \"historicHealth\": \"Normal\",\r\n              \"psStatsRefreshTime\": \"2021-04-07T11:04:07Z\",\r\n              \"throughputUploadPendingDataInBytes\": 0,\r\n              \"throughputInMBps\": 0,\r\n              \"throughputInBytes\": 10126,\r\n              \"throughputStatus\": \"Green\",\r\n              \"marsCommunicationStatus\": \"1\",\r\n              \"marsRegistrationStatus\": \"1\"\r\n            },\r\n            {\r\n              \"friendlyName\": \"PwsTestCS\",\r\n              \"id\": \"14968BDF-E18E-7F45-A9B0E3EFAC2DDCA2\",\r\n              \"ipAddress\": \"10.144.130.132\",\r\n              \"osType\": \"Windows\",\r\n              \"agentVersion\": \"9.41.0.0\",\r\n              \"lastHeartbeat\": \"2021-04-07T11:02:20Z\",\r\n              \"versionStatus\": \"Supported\",\r\n              \"mobilityServiceUpdates\": [\r\n                {\r\n                  \"version\": \"9.41.0.0\",\r\n                  \"rebootStatus\": \"NotRequired\",\r\n                  \"osType\": \"Windows\"\r\n                },\r\n                {\r\n                  \"version\": \"9.41.0.0\",\r\n                  \"rebootStatus\": \"NotRequired\",\r\n                  \"osType\": \"Linux\"\r\n                }\r\n              ],\r\n              \"hostId\": \"14968BDF-E18E-7F45-A9B0E3EFAC2DDCA2\",\r\n              \"machineCount\": \"0\",\r\n              \"replicationPairCount\": \"0\",\r\n              \"systemLoad\": \"0\",\r\n              \"systemLoadStatus\": \"Green\",\r\n              \"cpuLoad\": \"0%\",\r\n              \"cpuLoadStatus\": \"Green\",\r\n              \"totalMemoryInBytes\": 20266405888,\r\n              \"availableMemoryInBytes\": 15813876514,\r\n              \"memoryUsageStatus\": \"Green\",\r\n              \"totalSpaceInBytes\": 137435803648,\r\n              \"availableSpaceInBytes\": 133150328490,\r\n              \"spaceUsageStatus\": \"Green\",\r\n              \"psServiceStatus\": \"Running\",\r\n              \"sslCertExpiryDate\": \"2024-03-18T14:07:04Z\",\r\n              \"sslCertExpiryRemainingDays\": 1076,\r\n              \"osVersion\": null,\r\n              \"healthErrors\": [],\r\n              \"agentExpiryDate\": \"9999-12-31T23:59:59.9999999\",\r\n              \"agentVersionDetails\": {\r\n                \"version\": \"9.41.0.0\",\r\n                \"expiryDate\": \"9999-12-31T23:59:59.9999999\",\r\n                \"status\": \"Supported\"\r\n              },\r\n              \"health\": \"Normal\",\r\n              \"historicHealth\": \"Normal\",\r\n              \"psStatsRefreshTime\": \"2021-04-07T11:04:05Z\",\r\n              \"throughputUploadPendingDataInBytes\": 0,\r\n              \"throughputInMBps\": 0,\r\n              \"throughputInBytes\": 0,\r\n              \"throughputStatus\": \"Green\",\r\n              \"marsCommunicationStatus\": \"1\",\r\n              \"marsRegistrationStatus\": \"1\"\r\n            }\r\n          ],\r\n          \"masterTargetServers\": [\r\n            {\r\n              \"id\": \"14968BDF-E18E-7F45-A9B0E3EFAC2DDCA2\",\r\n              \"ipAddress\": \"10.144.130.132\",\r\n              \"name\": \"PwsTestCS\",\r\n              \"osType\": \"Windows\",\r\n              \"agentVersion\": \"9.41.0.0\",\r\n              \"lastHeartbeat\": \"2021-04-07T11:02:58Z\",\r\n              \"versionStatus\": \"Supported\",\r\n              \"retentionVolumes\": [\r\n                {\r\n                  \"volumeName\": \"D\",\r\n                  \"capacityInBytes\": 34357637120,\r\n                  \"freeSpaceInBytes\": 31186448384,\r\n                  \"thresholdPercentage\": null\r\n                }\r\n              ],\r\n              \"dataStores\": [],\r\n              \"validationErrors\": [],\r\n              \"healthErrors\": [],\r\n              \"diskCount\": 0,\r\n              \"osVersion\": \"Microsoft Windows Server 2016 Datacenter\",\r\n              \"agentExpiryDate\": \"9999-12-31T23:59:59.9999999\",\r\n              \"marsAgentVersion\": \"2.0.9202.0\",\r\n              \"marsAgentExpiryDate\": \"9999-12-31T23:59:59.9999999\",\r\n              \"agentVersionDetails\": {\r\n                \"version\": \"9.41.0.0\",\r\n                \"expiryDate\": \"9999-12-31T23:59:59.9999999\",\r\n                \"status\": \"Supported\"\r\n              },\r\n              \"marsAgentVersionDetails\": {\r\n                \"version\": \"2.0.9202.0\",\r\n                \"expiryDate\": \"9999-12-31T23:59:59.9999999\",\r\n                \"status\": \"Supported\"\r\n              }\r\n            },\r\n            {\r\n              \"id\": \"30AE6187-5869-8E44-B8AF6AA66E3ECC8F\",\r\n              \"ipAddress\": \"10.150.108.21\",\r\n              \"name\": \"V2A-PS-200\",\r\n              \"osType\": \"Windows\",\r\n              \"agentVersion\": \"9.41.0.0\",\r\n              \"lastHeartbeat\": \"2021-04-07T11:03:45Z\",\r\n              \"versionStatus\": \"Supported\",\r\n              \"retentionVolumes\": [\r\n                {\r\n                  \"volumeName\": \"F\",\r\n                  \"capacityInBytes\": 10734268416,\r\n                  \"freeSpaceInBytes\": 10688544768,\r\n                  \"thresholdPercentage\": null\r\n                }\r\n              ],\r\n              \"dataStores\": [\r\n                {\r\n                  \"symbolicName\": \"datastore1\",\r\n                  \"uuid\": \"6005a082-e4a06cce-c50c-f0d4e2e6578e\",\r\n                  \"capacity\": \"439.5\",\r\n                  \"freeSpace\": \"154.11\",\r\n                  \"type\": \"VMFS\"\r\n                },\r\n                {\r\n                  \"symbolicName\": \"DS-77\",\r\n                  \"uuid\": \"5c5d35b2-509cd314-afbf-f8bc124d5eea\",\r\n                  \"capacity\": \"2047.75\",\r\n                  \"freeSpace\": \"250.5\",\r\n                  \"type\": \"VMFS\"\r\n                }\r\n              ],\r\n              \"validationErrors\": [],\r\n              \"healthErrors\": [],\r\n              \"diskCount\": 3,\r\n              \"osVersion\": \"Microsoft Windows Server 2016 Datacenter\",\r\n              \"agentExpiryDate\": \"9999-12-31T23:59:59.9999999\",\r\n              \"marsAgentVersion\": \"2.0.9202.0\",\r\n              \"marsAgentExpiryDate\": \"9999-12-31T23:59:59.9999999\",\r\n              \"agentVersionDetails\": {\r\n                \"version\": \"9.41.0.0\",\r\n                \"expiryDate\": \"9999-12-31T23:59:59.9999999\",\r\n                \"status\": \"Supported\"\r\n              },\r\n              \"marsAgentVersionDetails\": {\r\n                \"version\": \"2.0.9202.0\",\r\n                \"expiryDate\": \"9999-12-31T23:59:59.9999999\",\r\n                \"status\": \"Supported\"\r\n              }\r\n            }\r\n          ],\r\n          \"runAsAccounts\": [\r\n            {\r\n              \"accountId\": \"1\",\r\n              \"accountName\": \"vcenteruser\"\r\n            },\r\n            {\r\n              \"accountId\": \"2\",\r\n              \"accountName\": \"windowsuser\"\r\n            },\r\n            {\r\n              \"accountId\": \"3\",\r\n              \"accountName\": \"linuxuser\"\r\n            }\r\n          ],\r\n          \"replicationPairCount\": \"4\",\r\n          \"processServerCount\": \"2\",\r\n          \"agentCount\": \"3\",\r\n          \"protectedServers\": \"2\",\r\n          \"systemLoad\": \"0\",\r\n          \"systemLoadStatus\": \"Green\",\r\n          \"cpuLoad\": \"0%\",\r\n          \"cpuLoadStatus\": \"Green\",\r\n          \"totalMemoryInBytes\": 20266405888,\r\n          \"availableMemoryInBytes\": 15813876514,\r\n          \"memoryUsageStatus\": \"Green\",\r\n          \"totalSpaceInBytes\": 137435803648,\r\n          \"availableSpaceInBytes\": 133150328490,\r\n          \"spaceUsageStatus\": \"Green\",\r\n          \"webLoad\": \"0\",\r\n          \"webLoadStatus\": \"Green\",\r\n          \"databaseServerLoad\": \"0.38\",\r\n          \"databaseServerLoadStatus\": \"Green\",\r\n          \"csServiceStatus\": \"Running\",\r\n          \"ipAddress\": \"10.144.130.132\",\r\n          \"agentVersion\": \"9.41.0.0\",\r\n          \"hostName\": \"PwsTestCS\",\r\n          \"lastHeartbeat\": \"2021-04-07T11:04:25.1607603Z\",\r\n          \"versionStatus\": \"Supported\",\r\n          \"sslCertExpiryDate\": \"2024-03-18T14:07:03Z\",\r\n          \"sslCertExpiryRemainingDays\": 1076,\r\n          \"psTemplateVersion\": \"202102.14.00\",\r\n          \"agentExpiryDate\": \"9999-12-31T23:59:59.9999999\",\r\n          \"agentVersionDetails\": {\r\n            \"version\": \"9.41.0.0\",\r\n            \"expiryDate\": \"9999-12-31T23:59:59.9999999\",\r\n            \"status\": \"Supported\"\r\n          }\r\n        },\r\n        \"healthErrorDetails\": [],\r\n        \"health\": \"Normal\"\r\n      }\r\n    }\r\n  ],\r\n  \"nextLink\": null\r\n}",
      "StatusCode": 200
    },
    {
      "RequestUri": "/subscriptions/b8aef8e1-37df-4f17-a537-f10e183c8eca/resourceGroups/PwsTestRG/providers/Microsoft.RecoveryServices/vaults/PwsTestVault/replicationFabrics/9a60d28b65543435e52e1b81073c6a3aca7dd5d00d201e49fbe4e86848c495ed?api-version=2021-02-10",
      "EncodedRequestUri": "L3N1YnNjcmlwdGlvbnMvYjhhZWY4ZTEtMzdkZi00ZjE3LWE1MzctZjEwZTE4M2M4ZWNhL3Jlc291cmNlR3JvdXBzL1B3c1Rlc3RSRy9wcm92aWRlcnMvTWljcm9zb2Z0LlJlY292ZXJ5U2VydmljZXMvdmF1bHRzL1B3c1Rlc3RWYXVsdC9yZXBsaWNhdGlvbkZhYnJpY3MvOWE2MGQyOGI2NTU0MzQzNWU1MmUxYjgxMDczYzZhM2FjYTdkZDVkMDBkMjAxZTQ5ZmJlNGU4Njg0OGM0OTVlZD9hcGktdmVyc2lvbj0yMDIxLTAyLTEw",
      "RequestMethod": "GET",
      "RequestBody": "",
      "RequestHeaders": {
        "x-ms-client-request-id": [
          "ed30ca2c-a658-4635-b196-870c81cc76d9"
        ],
        "Accept-Language": [
          "en-US"
        ],
        "Agent-Authentication": [
          "{\"NotBeforeTimestamp\":\"\\/Date(1617789875580)\\/\",\"NotAfterTimestamp\":\"\\/Date(1618394675580)\\/\",\"ClientRequestId\":\"81ad96dc-2281-45a4-9093-c70a7a5947f9-2021-04-07 11:04:35Z-Ps\",\"HashFunction\":\"HMACSHA256\",\"Hmac\":\"G1SgGGTFwKwx2t12CgXwfkbODH+RRiLq+m1HrE0Pzxs=\",\"Version\":{\"Major\":1,\"Minor\":2,\"Build\":-1,\"Revision\":-1,\"MajorRevision\":-1,\"MinorRevision\":-1},\"PropertyBag\":{}}"
        ],
        "User-Agent": [
          "FxVersion/4.6.29812.02",
          "OSName/Windows",
          "OSVersion/Microsoft.Windows.10.0.19042.",
          "Microsoft.Azure.Management.RecoveryServices.SiteRecovery.SiteRecoveryManagementClient/2.1.4.0"
        ]
      },
      "ResponseHeaders": {
        "Cache-Control": [
          "no-cache"
        ],
        "Pragma": [
          "no-cache"
        ],
        "x-ms-ratelimit-remaining-subscription-reads": [
          "11998"
        ],
        "Server": [
          "Microsoft-IIS/10.0",
          "Kestrel"
        ],
        "Strict-Transport-Security": [
          "max-age=31536000; includeSubDomains"
        ],
        "x-ms-request-id": [
          "ed30ca2c-a658-4635-b196-870c81cc76d9 4/7/2021 11:04:35 AM"
        ],
        "X-Content-Type-Options": [
          "nosniff"
        ],
        "x-ms-client-request-id": [
          "ed30ca2c-a658-4635-b196-870c81cc76d9"
        ],
        "x-ms-correlation-request-id": [
          "c2743acb-03e9-496e-8b06-91b224879401"
        ],
        "x-ms-routing-request-id": [
          "CENTRALUSEUAP:20210407T110435Z:c2743acb-03e9-496e-8b06-91b224879401"
        ],
        "Date": [
          "Wed, 07 Apr 2021 11:04:35 GMT"
        ],
        "Content-Length": [
          "6263"
        ],
        "Content-Type": [
          "application/json"
        ],
        "Expires": [
          "-1"
        ]
      },
      "ResponseBody": "{\r\n  \"name\": \"9a60d28b65543435e52e1b81073c6a3aca7dd5d00d201e49fbe4e86848c495ed\",\r\n  \"type\": \"Microsoft.RecoveryServices/vaults/replicationFabrics\",\r\n  \"id\": \"/Subscriptions/b8aef8e1-37df-4f17-a537-f10e183c8eca/resourceGroups/PwsTestRG/providers/Microsoft.RecoveryServices/vaults/PwsTestVault/replicationFabrics/9a60d28b65543435e52e1b81073c6a3aca7dd5d00d201e49fbe4e86848c495ed\",\r\n  \"properties\": {\r\n    \"friendlyName\": \"PwsTestCS\",\r\n    \"encryptionDetails\": {\r\n      \"kekState\": \"None\",\r\n      \"kekCertThumbprint\": null\r\n    },\r\n    \"rolloverEncryptionDetails\": {\r\n      \"kekState\": \"None\",\r\n      \"kekCertThumbprint\": null\r\n    },\r\n    \"internalIdentifier\": \"01fbe5d9-6391-45fc-a729-bef0b458c9fe\",\r\n    \"bcdrState\": \"Valid\",\r\n    \"customDetails\": {\r\n      \"instanceType\": \"VMware\",\r\n      \"processServers\": [\r\n        {\r\n          \"friendlyName\": \"V2A-PS-200\",\r\n          \"id\": \"30AE6187-5869-8E44-B8AF6AA66E3ECC8F\",\r\n          \"ipAddress\": \"10.150.108.21\",\r\n          \"osType\": \"Windows\",\r\n          \"agentVersion\": \"9.41.0.0\",\r\n          \"lastHeartbeat\": \"2021-04-07T11:01:05Z\",\r\n          \"versionStatus\": \"Supported\",\r\n          \"mobilityServiceUpdates\": [\r\n            {\r\n              \"version\": \"9.41.0.0\",\r\n              \"rebootStatus\": \"NotRequired\",\r\n              \"osType\": \"Windows\"\r\n            },\r\n            {\r\n              \"version\": \"9.41.0.0\",\r\n              \"rebootStatus\": \"NotRequired\",\r\n              \"osType\": \"Linux\"\r\n            }\r\n          ],\r\n          \"hostId\": \"30AE6187-5869-8E44-B8AF6AA66E3ECC8F\",\r\n          \"machineCount\": \"2\",\r\n          \"replicationPairCount\": \"4\",\r\n          \"systemLoad\": \"0\",\r\n          \"systemLoadStatus\": \"Green\",\r\n          \"cpuLoad\": \"0%\",\r\n          \"cpuLoadStatus\": \"Green\",\r\n          \"totalMemoryInBytes\": 5032087552,\r\n          \"availableMemoryInBytes\": 2890431090,\r\n          \"memoryUsageStatus\": \"Green\",\r\n          \"totalSpaceInBytes\": 107337478144,\r\n          \"availableSpaceInBytes\": 104852129109,\r\n          \"spaceUsageStatus\": \"Green\",\r\n          \"psServiceStatus\": \"Running\",\r\n          \"sslCertExpiryDate\": \"2024-03-22T14:18:58Z\",\r\n          \"sslCertExpiryRemainingDays\": 1080,\r\n          \"osVersion\": null,\r\n          \"healthErrors\": [],\r\n          \"agentExpiryDate\": \"9999-12-31T23:59:59.9999999\",\r\n          \"agentVersionDetails\": {\r\n            \"version\": \"9.41.0.0\",\r\n            \"expiryDate\": \"9999-12-31T23:59:59.9999999\",\r\n            \"status\": \"Supported\"\r\n          },\r\n          \"health\": \"Normal\",\r\n          \"psStatsRefreshTime\": \"2021-04-07T11:04:07Z\",\r\n          \"throughputUploadPendingDataInBytes\": 0,\r\n          \"throughputInMBps\": 0,\r\n          \"throughputInBytes\": 10126,\r\n          \"throughputStatus\": \"Green\",\r\n          \"marsCommunicationStatus\": \"1\",\r\n          \"marsRegistrationStatus\": \"1\"\r\n        },\r\n        {\r\n          \"friendlyName\": \"PwsTestCS\",\r\n          \"id\": \"14968BDF-E18E-7F45-A9B0E3EFAC2DDCA2\",\r\n          \"ipAddress\": \"10.144.130.132\",\r\n          \"osType\": \"Windows\",\r\n          \"agentVersion\": \"9.41.0.0\",\r\n          \"lastHeartbeat\": \"2021-04-07T11:02:20Z\",\r\n          \"versionStatus\": \"Supported\",\r\n          \"mobilityServiceUpdates\": [\r\n            {\r\n              \"version\": \"9.41.0.0\",\r\n              \"rebootStatus\": \"NotRequired\",\r\n              \"osType\": \"Windows\"\r\n            },\r\n            {\r\n              \"version\": \"9.41.0.0\",\r\n              \"rebootStatus\": \"NotRequired\",\r\n              \"osType\": \"Linux\"\r\n            }\r\n          ],\r\n          \"hostId\": \"14968BDF-E18E-7F45-A9B0E3EFAC2DDCA2\",\r\n          \"machineCount\": \"0\",\r\n          \"replicationPairCount\": \"0\",\r\n          \"systemLoad\": \"0\",\r\n          \"systemLoadStatus\": \"Green\",\r\n          \"cpuLoad\": \"0%\",\r\n          \"cpuLoadStatus\": \"Green\",\r\n          \"totalMemoryInBytes\": 20266405888,\r\n          \"availableMemoryInBytes\": 15813876514,\r\n          \"memoryUsageStatus\": \"Green\",\r\n          \"totalSpaceInBytes\": 137435803648,\r\n          \"availableSpaceInBytes\": 133150328490,\r\n          \"spaceUsageStatus\": \"Green\",\r\n          \"psServiceStatus\": \"Running\",\r\n          \"sslCertExpiryDate\": \"2024-03-18T14:07:04Z\",\r\n          \"sslCertExpiryRemainingDays\": 1076,\r\n          \"osVersion\": null,\r\n          \"healthErrors\": [],\r\n          \"agentExpiryDate\": \"9999-12-31T23:59:59.9999999\",\r\n          \"agentVersionDetails\": {\r\n            \"version\": \"9.41.0.0\",\r\n            \"expiryDate\": \"9999-12-31T23:59:59.9999999\",\r\n            \"status\": \"Supported\"\r\n          },\r\n          \"health\": \"Normal\",\r\n          \"psStatsRefreshTime\": \"2021-04-07T11:04:05Z\",\r\n          \"throughputUploadPendingDataInBytes\": 0,\r\n          \"throughputInMBps\": 0,\r\n          \"throughputInBytes\": 0,\r\n          \"throughputStatus\": \"Green\",\r\n          \"marsCommunicationStatus\": \"1\",\r\n          \"marsRegistrationStatus\": \"1\"\r\n        }\r\n      ],\r\n      \"masterTargetServers\": [\r\n        {\r\n          \"id\": \"14968BDF-E18E-7F45-A9B0E3EFAC2DDCA2\",\r\n          \"ipAddress\": \"10.144.130.132\",\r\n          \"name\": \"PwsTestCS\",\r\n          \"osType\": \"Windows\",\r\n          \"agentVersion\": \"9.41.0.0\",\r\n          \"lastHeartbeat\": \"2021-04-07T11:02:58Z\",\r\n          \"versionStatus\": \"Supported\",\r\n          \"retentionVolumes\": [\r\n            {\r\n              \"volumeName\": \"D\",\r\n              \"capacityInBytes\": 34357637120,\r\n              \"freeSpaceInBytes\": 31186448384,\r\n              \"thresholdPercentage\": null\r\n            }\r\n          ],\r\n          \"dataStores\": [],\r\n          \"validationErrors\": [],\r\n          \"healthErrors\": [],\r\n          \"diskCount\": 0,\r\n          \"osVersion\": \"Microsoft Windows Server 2016 Datacenter\",\r\n          \"agentExpiryDate\": \"9999-12-31T23:59:59.9999999\",\r\n          \"marsAgentVersion\": \"2.0.9202.0\",\r\n          \"marsAgentExpiryDate\": \"9999-12-31T23:59:59.9999999\",\r\n          \"agentVersionDetails\": {\r\n            \"version\": \"9.41.0.0\",\r\n            \"expiryDate\": \"9999-12-31T23:59:59.9999999\",\r\n            \"status\": \"Supported\"\r\n          },\r\n          \"marsAgentVersionDetails\": {\r\n            \"version\": \"2.0.9202.0\",\r\n            \"expiryDate\": \"9999-12-31T23:59:59.9999999\",\r\n            \"status\": \"Supported\"\r\n          }\r\n        },\r\n        {\r\n          \"id\": \"30AE6187-5869-8E44-B8AF6AA66E3ECC8F\",\r\n          \"ipAddress\": \"10.150.108.21\",\r\n          \"name\": \"V2A-PS-200\",\r\n          \"osType\": \"Windows\",\r\n          \"agentVersion\": \"9.41.0.0\",\r\n          \"lastHeartbeat\": \"2021-04-07T11:03:45Z\",\r\n          \"versionStatus\": \"Supported\",\r\n          \"retentionVolumes\": [\r\n            {\r\n              \"volumeName\": \"F\",\r\n              \"capacityInBytes\": 10734268416,\r\n              \"freeSpaceInBytes\": 10688544768,\r\n              \"thresholdPercentage\": null\r\n            }\r\n          ],\r\n          \"dataStores\": [\r\n            {\r\n              \"symbolicName\": \"datastore1\",\r\n              \"uuid\": \"6005a082-e4a06cce-c50c-f0d4e2e6578e\",\r\n              \"capacity\": \"439.5\",\r\n              \"freeSpace\": \"154.11\",\r\n              \"type\": \"VMFS\"\r\n            },\r\n            {\r\n              \"symbolicName\": \"DS-77\",\r\n              \"uuid\": \"5c5d35b2-509cd314-afbf-f8bc124d5eea\",\r\n              \"capacity\": \"2047.75\",\r\n              \"freeSpace\": \"250.5\",\r\n              \"type\": \"VMFS\"\r\n            }\r\n          ],\r\n          \"validationErrors\": [],\r\n          \"healthErrors\": [],\r\n          \"diskCount\": 3,\r\n          \"osVersion\": \"Microsoft Windows Server 2016 Datacenter\",\r\n          \"agentExpiryDate\": \"9999-12-31T23:59:59.9999999\",\r\n          \"marsAgentVersion\": \"2.0.9202.0\",\r\n          \"marsAgentExpiryDate\": \"9999-12-31T23:59:59.9999999\",\r\n          \"agentVersionDetails\": {\r\n            \"version\": \"9.41.0.0\",\r\n            \"expiryDate\": \"9999-12-31T23:59:59.9999999\",\r\n            \"status\": \"Supported\"\r\n          },\r\n          \"marsAgentVersionDetails\": {\r\n            \"version\": \"2.0.9202.0\",\r\n            \"expiryDate\": \"9999-12-31T23:59:59.9999999\",\r\n            \"status\": \"Supported\"\r\n          }\r\n        }\r\n      ],\r\n      \"runAsAccounts\": [\r\n        {\r\n          \"accountId\": \"1\",\r\n          \"accountName\": \"vcenteruser\"\r\n        },\r\n        {\r\n          \"accountId\": \"2\",\r\n          \"accountName\": \"windowsuser\"\r\n        },\r\n        {\r\n          \"accountId\": \"3\",\r\n          \"accountName\": \"linuxuser\"\r\n        }\r\n      ],\r\n      \"replicationPairCount\": \"4\",\r\n      \"processServerCount\": \"2\",\r\n      \"agentCount\": \"3\",\r\n      \"protectedServers\": \"2\",\r\n      \"systemLoad\": \"0\",\r\n      \"systemLoadStatus\": \"Green\",\r\n      \"cpuLoad\": \"0%\",\r\n      \"cpuLoadStatus\": \"Green\",\r\n      \"totalMemoryInBytes\": 20266405888,\r\n      \"availableMemoryInBytes\": 15813876514,\r\n      \"memoryUsageStatus\": \"Green\",\r\n      \"totalSpaceInBytes\": 137435803648,\r\n      \"availableSpaceInBytes\": 133150328490,\r\n      \"spaceUsageStatus\": \"Green\",\r\n      \"webLoad\": \"0\",\r\n      \"webLoadStatus\": \"Green\",\r\n      \"databaseServerLoad\": \"0.38\",\r\n      \"databaseServerLoadStatus\": \"Green\",\r\n      \"csServiceStatus\": \"Running\",\r\n      \"ipAddress\": \"10.144.130.132\",\r\n      \"agentVersion\": \"9.41.0.0\",\r\n      \"hostName\": \"PwsTestCS\",\r\n      \"lastHeartbeat\": \"2021-04-07T11:04:25.1607603Z\",\r\n      \"versionStatus\": \"Supported\",\r\n      \"sslCertExpiryDate\": \"2024-03-18T14:07:03Z\",\r\n      \"sslCertExpiryRemainingDays\": 1076,\r\n      \"psTemplateVersion\": \"202102.14.00\",\r\n      \"agentExpiryDate\": \"9999-12-31T23:59:59.9999999\",\r\n      \"agentVersionDetails\": {\r\n        \"version\": \"9.41.0.0\",\r\n        \"expiryDate\": \"9999-12-31T23:59:59.9999999\",\r\n        \"status\": \"Supported\"\r\n      }\r\n    },\r\n    \"healthErrorDetails\": [],\r\n    \"health\": \"Normal\"\r\n  }\r\n}",
      "StatusCode": 200
    },
    {
      "RequestUri": "/subscriptions/b8aef8e1-37df-4f17-a537-f10e183c8eca/resourceGroups/PwsTestRG/providers/Microsoft.RecoveryServices/vaults/PwsTestVault/replicationFabrics/9a60d28b65543435e52e1b81073c6a3aca7dd5d00d201e49fbe4e86848c495ed/replicationProtectionContainers?api-version=2021-02-10",
      "EncodedRequestUri": "L3N1YnNjcmlwdGlvbnMvYjhhZWY4ZTEtMzdkZi00ZjE3LWE1MzctZjEwZTE4M2M4ZWNhL3Jlc291cmNlR3JvdXBzL1B3c1Rlc3RSRy9wcm92aWRlcnMvTWljcm9zb2Z0LlJlY292ZXJ5U2VydmljZXMvdmF1bHRzL1B3c1Rlc3RWYXVsdC9yZXBsaWNhdGlvbkZhYnJpY3MvOWE2MGQyOGI2NTU0MzQzNWU1MmUxYjgxMDczYzZhM2FjYTdkZDVkMDBkMjAxZTQ5ZmJlNGU4Njg0OGM0OTVlZC9yZXBsaWNhdGlvblByb3RlY3Rpb25Db250YWluZXJzP2FwaS12ZXJzaW9uPTIwMjEtMDItMTA=",
      "RequestMethod": "GET",
      "RequestBody": "",
      "RequestHeaders": {
        "x-ms-client-request-id": [
          "68dbd4fd-db58-4dae-b0d5-16c0c077d6bc"
        ],
        "Accept-Language": [
          "en-US"
        ],
        "Agent-Authentication": [
          "{\"NotBeforeTimestamp\":\"\\/Date(1617789876055)\\/\",\"NotAfterTimestamp\":\"\\/Date(1618394676055)\\/\",\"ClientRequestId\":\"8060c9df-d40c-4e8d-85fe-82d12f14c938-2021-04-07 11:04:36Z-Ps\",\"HashFunction\":\"HMACSHA256\",\"Hmac\":\"g0io5ZatHTI2YxDvtyJMDy4zLEIwlhIkQLcoKkhqisE=\",\"Version\":{\"Major\":1,\"Minor\":2,\"Build\":-1,\"Revision\":-1,\"MajorRevision\":-1,\"MinorRevision\":-1},\"PropertyBag\":{}}"
        ],
        "User-Agent": [
          "FxVersion/4.6.29812.02",
          "OSName/Windows",
          "OSVersion/Microsoft.Windows.10.0.19042.",
          "Microsoft.Azure.Management.RecoveryServices.SiteRecovery.SiteRecoveryManagementClient/2.1.4.0"
        ]
      },
      "ResponseHeaders": {
        "Cache-Control": [
          "no-cache"
        ],
        "Pragma": [
          "no-cache"
        ],
        "x-ms-ratelimit-remaining-subscription-reads": [
          "11997"
        ],
        "Server": [
          "Microsoft-IIS/10.0",
          "Kestrel"
        ],
        "Strict-Transport-Security": [
          "max-age=31536000; includeSubDomains"
        ],
        "x-ms-request-id": [
          "68dbd4fd-db58-4dae-b0d5-16c0c077d6bc 4/7/2021 11:04:36 AM"
        ],
        "X-Content-Type-Options": [
          "nosniff"
        ],
        "x-ms-client-request-id": [
          "68dbd4fd-db58-4dae-b0d5-16c0c077d6bc"
        ],
        "x-ms-correlation-request-id": [
          "9f97f61b-6b73-4664-979c-3fa46df2e451"
        ],
        "x-ms-routing-request-id": [
          "CENTRALUSEUAP:20210407T110436Z:9f97f61b-6b73-4664-979c-3fa46df2e451"
        ],
        "Date": [
          "Wed, 07 Apr 2021 11:04:35 GMT"
        ],
        "Content-Length": [
          "666"
        ],
        "Content-Type": [
          "application/json"
        ],
        "Expires": [
          "-1"
        ]
      },
      "ResponseBody": "{\r\n  \"value\": [\r\n    {\r\n      \"id\": \"/Subscriptions/b8aef8e1-37df-4f17-a537-f10e183c8eca/resourceGroups/PwsTestRG/providers/Microsoft.RecoveryServices/vaults/PwsTestVault/replicationFabrics/9a60d28b65543435e52e1b81073c6a3aca7dd5d00d201e49fbe4e86848c495ed/replicationProtectionContainers/cloud_01fbe5d9-6391-45fc-a729-bef0b458c9fe\",\r\n      \"name\": \"cloud_01fbe5d9-6391-45fc-a729-bef0b458c9fe\",\r\n      \"type\": \"Microsoft.RecoveryServices/vaults/replicationFabrics/replicationProtectionContainers\",\r\n      \"properties\": {\r\n        \"fabricFriendlyName\": \"PwsTestCS\",\r\n        \"friendlyName\": \"PwsTestCS\",\r\n        \"fabricType\": \"VMware\",\r\n        \"protectedItemCount\": 2,\r\n        \"pairingStatus\": \"Paired\",\r\n        \"role\": \"Primary\",\r\n        \"fabricSpecificDetails\": null\r\n      }\r\n    }\r\n  ],\r\n  \"nextLink\": null\r\n}",
      "StatusCode": 200
    },
    {
      "RequestUri": "/subscriptions/b8aef8e1-37df-4f17-a537-f10e183c8eca/resourceGroups/PwsTestRG/providers/Microsoft.RecoveryServices/vaults/PwsTestVault/replicationFabrics/9a60d28b65543435e52e1b81073c6a3aca7dd5d00d201e49fbe4e86848c495ed/replicationProtectionContainers/cloud_01fbe5d9-6391-45fc-a729-bef0b458c9fe?api-version=2021-02-10",
      "EncodedRequestUri": "L3N1YnNjcmlwdGlvbnMvYjhhZWY4ZTEtMzdkZi00ZjE3LWE1MzctZjEwZTE4M2M4ZWNhL3Jlc291cmNlR3JvdXBzL1B3c1Rlc3RSRy9wcm92aWRlcnMvTWljcm9zb2Z0LlJlY292ZXJ5U2VydmljZXMvdmF1bHRzL1B3c1Rlc3RWYXVsdC9yZXBsaWNhdGlvbkZhYnJpY3MvOWE2MGQyOGI2NTU0MzQzNWU1MmUxYjgxMDczYzZhM2FjYTdkZDVkMDBkMjAxZTQ5ZmJlNGU4Njg0OGM0OTVlZC9yZXBsaWNhdGlvblByb3RlY3Rpb25Db250YWluZXJzL2Nsb3VkXzAxZmJlNWQ5LTYzOTEtNDVmYy1hNzI5LWJlZjBiNDU4YzlmZT9hcGktdmVyc2lvbj0yMDIxLTAyLTEw",
      "RequestMethod": "GET",
      "RequestBody": "",
      "RequestHeaders": {
        "x-ms-client-request-id": [
          "68dbd4fd-db58-4dae-b0d5-16c0c077d6bc"
        ],
        "Accept-Language": [
          "en-US"
        ],
        "Agent-Authentication": [
          "{\"NotBeforeTimestamp\":\"\\/Date(1617789876452)\\/\",\"NotAfterTimestamp\":\"\\/Date(1618394676452)\\/\",\"ClientRequestId\":\"a54f1b12-4948-4446-a1ed-c9cfdc55fffa-2021-04-07 11:04:36Z-Ps\",\"HashFunction\":\"HMACSHA256\",\"Hmac\":\"Zsi0Q/dGOlSkVJdELMu9/dXJ6gy3XAbiNZeuMvp9hwY=\",\"Version\":{\"Major\":1,\"Minor\":2,\"Build\":-1,\"Revision\":-1,\"MajorRevision\":-1,\"MinorRevision\":-1},\"PropertyBag\":{}}"
        ],
        "User-Agent": [
          "FxVersion/4.6.29812.02",
          "OSName/Windows",
          "OSVersion/Microsoft.Windows.10.0.19042.",
          "Microsoft.Azure.Management.RecoveryServices.SiteRecovery.SiteRecoveryManagementClient/2.1.4.0"
        ]
      },
      "ResponseHeaders": {
        "Cache-Control": [
          "no-cache"
        ],
        "Pragma": [
          "no-cache"
        ],
        "x-ms-ratelimit-remaining-subscription-reads": [
          "11996"
        ],
        "Server": [
          "Microsoft-IIS/10.0",
          "Kestrel"
        ],
        "Strict-Transport-Security": [
          "max-age=31536000; includeSubDomains"
        ],
        "x-ms-request-id": [
          "68dbd4fd-db58-4dae-b0d5-16c0c077d6bc 4/7/2021 11:04:36 AM"
        ],
        "X-Content-Type-Options": [
          "nosniff"
        ],
        "x-ms-client-request-id": [
          "68dbd4fd-db58-4dae-b0d5-16c0c077d6bc"
        ],
        "x-ms-correlation-request-id": [
          "7bcaeafa-3760-4935-bcf0-fcb15ebd9a10"
        ],
        "x-ms-routing-request-id": [
          "CENTRALUSEUAP:20210407T110436Z:7bcaeafa-3760-4935-bcf0-fcb15ebd9a10"
        ],
        "Date": [
          "Wed, 07 Apr 2021 11:04:35 GMT"
        ],
        "Content-Length": [
          "638"
        ],
        "Content-Type": [
          "application/json"
        ],
        "Expires": [
          "-1"
        ]
      },
      "ResponseBody": "{\r\n  \"id\": \"/Subscriptions/b8aef8e1-37df-4f17-a537-f10e183c8eca/resourceGroups/PwsTestRG/providers/Microsoft.RecoveryServices/vaults/PwsTestVault/replicationFabrics/9a60d28b65543435e52e1b81073c6a3aca7dd5d00d201e49fbe4e86848c495ed/replicationProtectionContainers/cloud_01fbe5d9-6391-45fc-a729-bef0b458c9fe\",\r\n  \"name\": \"cloud_01fbe5d9-6391-45fc-a729-bef0b458c9fe\",\r\n  \"type\": \"Microsoft.RecoveryServices/vaults/replicationFabrics/replicationProtectionContainers\",\r\n  \"properties\": {\r\n    \"fabricFriendlyName\": \"PwsTestCS\",\r\n    \"friendlyName\": \"PwsTestCS\",\r\n    \"fabricType\": \"VMware\",\r\n    \"protectedItemCount\": 2,\r\n    \"pairingStatus\": \"Paired\",\r\n    \"role\": \"Primary\",\r\n    \"fabricSpecificDetails\": null\r\n  }\r\n}",
      "StatusCode": 200
    },
    {
      "RequestUri": "/subscriptions/b8aef8e1-37df-4f17-a537-f10e183c8eca/resourceGroups/PwsTestRG/providers/Microsoft.RecoveryServices/vaults/PwsTestVault/replicationFabrics/9a60d28b65543435e52e1b81073c6a3aca7dd5d00d201e49fbe4e86848c495ed/replicationProtectionContainers/cloud_01fbe5d9-6391-45fc-a729-bef0b458c9fe/replicationProtectionContainerMappings?api-version=2021-02-10",
      "EncodedRequestUri": "L3N1YnNjcmlwdGlvbnMvYjhhZWY4ZTEtMzdkZi00ZjE3LWE1MzctZjEwZTE4M2M4ZWNhL3Jlc291cmNlR3JvdXBzL1B3c1Rlc3RSRy9wcm92aWRlcnMvTWljcm9zb2Z0LlJlY292ZXJ5U2VydmljZXMvdmF1bHRzL1B3c1Rlc3RWYXVsdC9yZXBsaWNhdGlvbkZhYnJpY3MvOWE2MGQyOGI2NTU0MzQzNWU1MmUxYjgxMDczYzZhM2FjYTdkZDVkMDBkMjAxZTQ5ZmJlNGU4Njg0OGM0OTVlZC9yZXBsaWNhdGlvblByb3RlY3Rpb25Db250YWluZXJzL2Nsb3VkXzAxZmJlNWQ5LTYzOTEtNDVmYy1hNzI5LWJlZjBiNDU4YzlmZS9yZXBsaWNhdGlvblByb3RlY3Rpb25Db250YWluZXJNYXBwaW5ncz9hcGktdmVyc2lvbj0yMDIxLTAyLTEw",
      "RequestMethod": "GET",
      "RequestBody": "",
      "RequestHeaders": {
        "x-ms-client-request-id": [
          "68dbd4fd-db58-4dae-b0d5-16c0c077d6bc"
        ],
        "Accept-Language": [
          "en-US"
        ],
        "Agent-Authentication": [
          "{\"NotBeforeTimestamp\":\"\\/Date(1617789876840)\\/\",\"NotAfterTimestamp\":\"\\/Date(1618394676840)\\/\",\"ClientRequestId\":\"01085035-12bd-461a-9a49-d5502674fceb-2021-04-07 11:04:36Z-Ps\",\"HashFunction\":\"HMACSHA256\",\"Hmac\":\"rP9s6JrVnIHuClNoy5ZSdjT3s9H+dC0BN7Ef0DxgUV8=\",\"Version\":{\"Major\":1,\"Minor\":2,\"Build\":-1,\"Revision\":-1,\"MajorRevision\":-1,\"MinorRevision\":-1},\"PropertyBag\":{}}"
        ],
        "User-Agent": [
          "FxVersion/4.6.29812.02",
          "OSName/Windows",
          "OSVersion/Microsoft.Windows.10.0.19042.",
          "Microsoft.Azure.Management.RecoveryServices.SiteRecovery.SiteRecoveryManagementClient/2.1.4.0"
        ]
      },
      "ResponseHeaders": {
        "Cache-Control": [
          "no-cache"
        ],
        "Pragma": [
          "no-cache"
        ],
        "x-ms-ratelimit-remaining-subscription-reads": [
          "11995"
        ],
        "Server": [
          "Microsoft-IIS/10.0",
          "Kestrel"
        ],
        "Strict-Transport-Security": [
          "max-age=31536000; includeSubDomains"
        ],
        "x-ms-request-id": [
          "68dbd4fd-db58-4dae-b0d5-16c0c077d6bc 4/7/2021 11:04:37 AM"
        ],
        "X-Content-Type-Options": [
          "nosniff"
        ],
        "x-ms-client-request-id": [
          "68dbd4fd-db58-4dae-b0d5-16c0c077d6bc"
        ],
        "x-ms-correlation-request-id": [
          "7833b950-dd88-4e35-82d2-57fdea61bfd4"
        ],
        "x-ms-routing-request-id": [
          "CENTRALUSEUAP:20210407T110437Z:7833b950-dd88-4e35-82d2-57fdea61bfd4"
        ],
        "Date": [
          "Wed, 07 Apr 2021 11:04:37 GMT"
        ],
        "Content-Length": [
          "2446"
        ],
        "Content-Type": [
          "application/json"
        ],
        "Expires": [
          "-1"
        ]
      },
      "ResponseBody": "{\r\n  \"value\": [\r\n    {\r\n      \"id\": \"/Subscriptions/b8aef8e1-37df-4f17-a537-f10e183c8eca/resourceGroups/PwsTestRG/providers/Microsoft.RecoveryServices/vaults/PwsTestVault/replicationFabrics/9a60d28b65543435e52e1b81073c6a3aca7dd5d00d201e49fbe4e86848c495ed/replicationProtectionContainers/cloud_01fbe5d9-6391-45fc-a729-bef0b458c9fe/replicationProtectionContainerMappings/reverseMapv2a\",\r\n      \"name\": \"reverseMapv2a\",\r\n      \"type\": \"Microsoft.RecoveryServices/vaults/replicationFabrics/replicationProtectionContainers/replicationProtectionContainerMappings\",\r\n      \"properties\": {\r\n        \"targetProtectionContainerId\": \"/Subscriptions/b8aef8e1-37df-4f17-a537-f10e183c8eca/resourceGroups/PwsTestRG/providers/Microsoft.RecoveryServices/vaults/PwsTestVault/replicationFabrics/9a60d28b65543435e52e1b81073c6a3aca7dd5d00d201e49fbe4e86848c495ed/replicationProtectionContainers/cloud_01fbe5d9-6391-45fc-a729-bef0b458c9fe\",\r\n        \"targetProtectionContainerFriendlyName\": \"PwsTestCS\",\r\n        \"providerSpecificDetails\": null,\r\n        \"health\": \"Normal\",\r\n        \"healthErrorDetails\": [],\r\n        \"policyId\": \"/Subscriptions/b8aef8e1-37df-4f17-a537-f10e183c8eca/resourceGroups/PwsTestRG/providers/Microsoft.RecoveryServices/vaults/PwsTestVault/replicationPolicies/Ploicyv2a-failback\",\r\n        \"state\": \"Paired\",\r\n        \"sourceProtectionContainerFriendlyName\": \"PwsTestCS\",\r\n        \"sourceFabricFriendlyName\": \"PwsTestCS\",\r\n        \"targetFabricFriendlyName\": \"PwsTestCS\",\r\n        \"policyFriendlyName\": \"Ploicyv2a-failback\"\r\n      }\r\n    },\r\n    {\r\n      \"id\": \"/Subscriptions/b8aef8e1-37df-4f17-a537-f10e183c8eca/resourceGroups/PwsTestRG/providers/Microsoft.RecoveryServices/vaults/PwsTestVault/replicationFabrics/9a60d28b65543435e52e1b81073c6a3aca7dd5d00d201e49fbe4e86848c495ed/replicationProtectionContainers/cloud_01fbe5d9-6391-45fc-a729-bef0b458c9fe/replicationProtectionContainerMappings/pcmmappingv2a\",\r\n      \"name\": \"pcmmappingv2a\",\r\n      \"type\": \"Microsoft.RecoveryServices/vaults/replicationFabrics/replicationProtectionContainers/replicationProtectionContainerMappings\",\r\n      \"properties\": {\r\n        \"targetProtectionContainerId\": \"Microsoft Azure\",\r\n        \"targetProtectionContainerFriendlyName\": \"Microsoft Azure\",\r\n        \"providerSpecificDetails\": null,\r\n        \"health\": \"Normal\",\r\n        \"healthErrorDetails\": [],\r\n        \"policyId\": \"/Subscriptions/b8aef8e1-37df-4f17-a537-f10e183c8eca/resourceGroups/PwsTestRG/providers/Microsoft.RecoveryServices/vaults/PwsTestVault/replicationPolicies/Policyv2a\",\r\n        \"state\": \"Paired\",\r\n        \"sourceProtectionContainerFriendlyName\": \"PwsTestCS\",\r\n        \"sourceFabricFriendlyName\": \"PwsTestCS\",\r\n        \"targetFabricFriendlyName\": \"Microsoft Azure\",\r\n        \"policyFriendlyName\": \"Policyv2a\"\r\n      }\r\n    }\r\n  ],\r\n  \"nextLink\": null\r\n}",
      "StatusCode": 200
    },
    {
      "RequestUri": "/subscriptions/b8aef8e1-37df-4f17-a537-f10e183c8eca/resourceGroups/PwsTestRG/providers/Microsoft.RecoveryServices/vaults/PwsTestVault/replicationPolicies/Ploicyv2a-failback?api-version=2021-02-10",
      "EncodedRequestUri": "L3N1YnNjcmlwdGlvbnMvYjhhZWY4ZTEtMzdkZi00ZjE3LWE1MzctZjEwZTE4M2M4ZWNhL3Jlc291cmNlR3JvdXBzL1B3c1Rlc3RSRy9wcm92aWRlcnMvTWljcm9zb2Z0LlJlY292ZXJ5U2VydmljZXMvdmF1bHRzL1B3c1Rlc3RWYXVsdC9yZXBsaWNhdGlvblBvbGljaWVzL1Bsb2ljeXYyYS1mYWlsYmFjaz9hcGktdmVyc2lvbj0yMDIxLTAyLTEw",
      "RequestMethod": "GET",
      "RequestBody": "",
      "RequestHeaders": {
        "x-ms-client-request-id": [
          "68dbd4fd-db58-4dae-b0d5-16c0c077d6bc"
        ],
        "Accept-Language": [
          "en-US"
        ],
        "Agent-Authentication": [
          "{\"NotBeforeTimestamp\":\"\\/Date(1617789877394)\\/\",\"NotAfterTimestamp\":\"\\/Date(1618394677394)\\/\",\"ClientRequestId\":\"1839c2f8-65a2-47bf-b408-0d44fcad563f-2021-04-07 11:04:37Z-Ps\",\"HashFunction\":\"HMACSHA256\",\"Hmac\":\"DBQFye9K3XUeEYq+Bp90XoZXLVwPDk2AJ7Hm0yFwLTQ=\",\"Version\":{\"Major\":1,\"Minor\":2,\"Build\":-1,\"Revision\":-1,\"MajorRevision\":-1,\"MinorRevision\":-1},\"PropertyBag\":{}}"
        ],
        "User-Agent": [
          "FxVersion/4.6.29812.02",
          "OSName/Windows",
          "OSVersion/Microsoft.Windows.10.0.19042.",
          "Microsoft.Azure.Management.RecoveryServices.SiteRecovery.SiteRecoveryManagementClient/2.1.4.0"
        ]
      },
      "ResponseHeaders": {
        "Cache-Control": [
          "no-cache"
        ],
        "Pragma": [
          "no-cache"
        ],
        "x-ms-ratelimit-remaining-subscription-reads": [
          "11994"
        ],
        "Server": [
          "Microsoft-IIS/10.0",
          "Kestrel"
        ],
        "Strict-Transport-Security": [
          "max-age=31536000; includeSubDomains"
        ],
        "x-ms-request-id": [
          "68dbd4fd-db58-4dae-b0d5-16c0c077d6bc 4/7/2021 11:04:37 AM"
        ],
        "X-Content-Type-Options": [
          "nosniff"
        ],
        "x-ms-client-request-id": [
          "68dbd4fd-db58-4dae-b0d5-16c0c077d6bc"
        ],
        "x-ms-correlation-request-id": [
          "ed7b7590-d634-489e-9af6-d1a575412c36"
        ],
        "x-ms-routing-request-id": [
          "CENTRALUSEUAP:20210407T110437Z:ed7b7590-d634-489e-9af6-d1a575412c36"
        ],
        "Date": [
          "Wed, 07 Apr 2021 11:04:37 GMT"
        ],
        "Content-Length": [
          "507"
        ],
        "Content-Type": [
          "application/json"
        ],
        "Expires": [
          "-1"
        ]
      },
      "ResponseBody": "{\r\n  \"id\": \"/Subscriptions/b8aef8e1-37df-4f17-a537-f10e183c8eca/resourceGroups/PwsTestRG/providers/Microsoft.RecoveryServices/vaults/PwsTestVault/replicationPolicies/Ploicyv2a-failback\",\r\n  \"name\": \"Ploicyv2a-failback\",\r\n  \"type\": \"Microsoft.RecoveryServices/vaults/replicationPolicies\",\r\n  \"properties\": {\r\n    \"friendlyName\": \"Ploicyv2a-failback\",\r\n    \"providerSpecificDetails\": {\r\n      \"instanceType\": \"InMage\",\r\n      \"recoveryPointThresholdInMinutes\": 15,\r\n      \"recoveryPointHistory\": 1440,\r\n      \"appConsistentFrequencyInMinutes\": 60,\r\n      \"multiVmSyncStatus\": \"Enabled\"\r\n    }\r\n  }\r\n}",
      "StatusCode": 200
    },
    {
      "RequestUri": "/subscriptions/b8aef8e1-37df-4f17-a537-f10e183c8eca/resourceGroups/PwsTestRG/providers/Microsoft.RecoveryServices/vaults/PwsTestVault/replicationPolicies/Policyv2a?api-version=2021-02-10",
      "EncodedRequestUri": "L3N1YnNjcmlwdGlvbnMvYjhhZWY4ZTEtMzdkZi00ZjE3LWE1MzctZjEwZTE4M2M4ZWNhL3Jlc291cmNlR3JvdXBzL1B3c1Rlc3RSRy9wcm92aWRlcnMvTWljcm9zb2Z0LlJlY292ZXJ5U2VydmljZXMvdmF1bHRzL1B3c1Rlc3RWYXVsdC9yZXBsaWNhdGlvblBvbGljaWVzL1BvbGljeXYyYT9hcGktdmVyc2lvbj0yMDIxLTAyLTEw",
      "RequestMethod": "GET",
      "RequestBody": "",
      "RequestHeaders": {
        "x-ms-client-request-id": [
          "68dbd4fd-db58-4dae-b0d5-16c0c077d6bc"
        ],
        "Accept-Language": [
          "en-US"
        ],
        "Agent-Authentication": [
          "{\"NotBeforeTimestamp\":\"\\/Date(1617789877784)\\/\",\"NotAfterTimestamp\":\"\\/Date(1618394677784)\\/\",\"ClientRequestId\":\"b6782f04-a1cf-47ea-8e99-4cc8ea4e454d-2021-04-07 11:04:37Z-Ps\",\"HashFunction\":\"HMACSHA256\",\"Hmac\":\"rfaDS5JWHrtxNEgRBbd5G1c6qnf26e4120WEMom8oFk=\",\"Version\":{\"Major\":1,\"Minor\":2,\"Build\":-1,\"Revision\":-1,\"MajorRevision\":-1,\"MinorRevision\":-1},\"PropertyBag\":{}}"
        ],
        "User-Agent": [
          "FxVersion/4.6.29812.02",
          "OSName/Windows",
          "OSVersion/Microsoft.Windows.10.0.19042.",
          "Microsoft.Azure.Management.RecoveryServices.SiteRecovery.SiteRecoveryManagementClient/2.1.4.0"
        ]
      },
      "ResponseHeaders": {
        "Cache-Control": [
          "no-cache"
        ],
        "Pragma": [
          "no-cache"
        ],
        "x-ms-ratelimit-remaining-subscription-reads": [
          "11993"
        ],
        "Server": [
          "Microsoft-IIS/10.0",
          "Kestrel"
        ],
        "Strict-Transport-Security": [
          "max-age=31536000; includeSubDomains"
        ],
        "x-ms-request-id": [
          "68dbd4fd-db58-4dae-b0d5-16c0c077d6bc 4/7/2021 11:04:37 AM"
        ],
        "X-Content-Type-Options": [
          "nosniff"
        ],
        "x-ms-client-request-id": [
          "68dbd4fd-db58-4dae-b0d5-16c0c077d6bc"
        ],
        "x-ms-correlation-request-id": [
          "34f51c19-f868-4d48-8c5c-e9e6e492c88b"
        ],
        "x-ms-routing-request-id": [
          "CENTRALUSEUAP:20210407T110437Z:34f51c19-f868-4d48-8c5c-e9e6e492c88b"
        ],
        "Date": [
          "Wed, 07 Apr 2021 11:04:37 GMT"
        ],
        "Content-Length": [
          "526"
        ],
        "Content-Type": [
          "application/json"
        ],
        "Expires": [
          "-1"
        ]
      },
      "ResponseBody": "{\r\n  \"id\": \"/Subscriptions/b8aef8e1-37df-4f17-a537-f10e183c8eca/resourceGroups/PwsTestRG/providers/Microsoft.RecoveryServices/vaults/PwsTestVault/replicationPolicies/Policyv2a\",\r\n  \"name\": \"Policyv2a\",\r\n  \"type\": \"Microsoft.RecoveryServices/vaults/replicationPolicies\",\r\n  \"properties\": {\r\n    \"friendlyName\": \"Policyv2a\",\r\n    \"providerSpecificDetails\": {\r\n      \"instanceType\": \"InMageAzureV2\",\r\n      \"crashConsistentFrequencyInMinutes\": 5,\r\n      \"recoveryPointThresholdInMinutes\": 15,\r\n      \"recoveryPointHistory\": 1440,\r\n      \"appConsistentFrequencyInMinutes\": 120,\r\n      \"multiVmSyncStatus\": \"Enabled\"\r\n    }\r\n  }\r\n}",
      "StatusCode": 200
    },
    {
      "RequestUri": "/subscriptions/b8aef8e1-37df-4f17-a537-f10e183c8eca/resourceGroups/PwsTestRG/providers/Microsoft.RecoveryServices/vaults/PwsTestVault/replicationFabrics/9a60d28b65543435e52e1b81073c6a3aca7dd5d00d201e49fbe4e86848c495ed/replicationProtectionContainers/cloud_01fbe5d9-6391-45fc-a729-bef0b458c9fe/replicationProtectedItems?api-version=2021-02-10",
      "EncodedRequestUri": "L3N1YnNjcmlwdGlvbnMvYjhhZWY4ZTEtMzdkZi00ZjE3LWE1MzctZjEwZTE4M2M4ZWNhL3Jlc291cmNlR3JvdXBzL1B3c1Rlc3RSRy9wcm92aWRlcnMvTWljcm9zb2Z0LlJlY292ZXJ5U2VydmljZXMvdmF1bHRzL1B3c1Rlc3RWYXVsdC9yZXBsaWNhdGlvbkZhYnJpY3MvOWE2MGQyOGI2NTU0MzQzNWU1MmUxYjgxMDczYzZhM2FjYTdkZDVkMDBkMjAxZTQ5ZmJlNGU4Njg0OGM0OTVlZC9yZXBsaWNhdGlvblByb3RlY3Rpb25Db250YWluZXJzL2Nsb3VkXzAxZmJlNWQ5LTYzOTEtNDVmYy1hNzI5LWJlZjBiNDU4YzlmZS9yZXBsaWNhdGlvblByb3RlY3RlZEl0ZW1zP2FwaS12ZXJzaW9uPTIwMjEtMDItMTA=",
      "RequestMethod": "GET",
      "RequestBody": "",
      "RequestHeaders": {
        "x-ms-client-request-id": [
          "7e95aee3-cc1e-4de1-aa23-17b48cc30819"
        ],
        "Accept-Language": [
          "en-US"
        ],
        "Agent-Authentication": [
          "{\"NotBeforeTimestamp\":\"\\/Date(1617789878121)\\/\",\"NotAfterTimestamp\":\"\\/Date(1618394678121)\\/\",\"ClientRequestId\":\"f7770c90-0a0f-45a1-8205-41c17f0557c6-2021-04-07 11:04:38Z-Ps\",\"HashFunction\":\"HMACSHA256\",\"Hmac\":\"u1UaZZebGgiJcB9evnvqth7XoD7MgFhM9uJ0NS03zOk=\",\"Version\":{\"Major\":1,\"Minor\":2,\"Build\":-1,\"Revision\":-1,\"MajorRevision\":-1,\"MinorRevision\":-1},\"PropertyBag\":{}}"
        ],
        "User-Agent": [
          "FxVersion/4.6.29812.02",
          "OSName/Windows",
          "OSVersion/Microsoft.Windows.10.0.19042.",
          "Microsoft.Azure.Management.RecoveryServices.SiteRecovery.SiteRecoveryManagementClient/2.1.4.0"
        ]
      },
      "ResponseHeaders": {
        "Cache-Control": [
          "no-cache"
        ],
        "Pragma": [
          "no-cache"
        ],
        "x-ms-ratelimit-remaining-subscription-reads": [
          "11992"
        ],
        "Server": [
          "Microsoft-IIS/10.0",
          "Kestrel"
        ],
        "Strict-Transport-Security": [
          "max-age=31536000; includeSubDomains"
        ],
        "x-ms-request-id": [
          "7e95aee3-cc1e-4de1-aa23-17b48cc30819 4/7/2021 11:04:38 AM"
        ],
        "X-Content-Type-Options": [
          "nosniff"
        ],
        "x-ms-client-request-id": [
          "7e95aee3-cc1e-4de1-aa23-17b48cc30819"
        ],
        "x-ms-correlation-request-id": [
          "f46232b4-0abc-4a3c-b700-75ab9fda7142"
        ],
        "x-ms-routing-request-id": [
          "CENTRALUSEUAP:20210407T110438Z:f46232b4-0abc-4a3c-b700-75ab9fda7142"
        ],
        "Date": [
          "Wed, 07 Apr 2021 11:04:38 GMT"
        ],
        "Content-Length": [
          "14876"
        ],
        "Content-Type": [
          "application/json"
        ],
        "Expires": [
          "-1"
        ]
      },
      "ResponseBody": "{\r\n  \"value\": [\r\n    {\r\n      \"id\": \"/Subscriptions/b8aef8e1-37df-4f17-a537-f10e183c8eca/resourceGroups/PwsTestRG/providers/Microsoft.RecoveryServices/vaults/PwsTestVault/replicationFabrics/9a60d28b65543435e52e1b81073c6a3aca7dd5d00d201e49fbe4e86848c495ed/replicationProtectionContainers/cloud_01fbe5d9-6391-45fc-a729-bef0b458c9fe/replicationProtectedItems/V2A-W2K16-201\",\r\n      \"name\": \"V2A-W2K16-201\",\r\n      \"type\": \"Microsoft.RecoveryServices/vaults/replicationFabrics/replicationProtectionContainers/replicationProtectedItems\",\r\n      \"properties\": {\r\n        \"friendlyName\": \"V2A-W2K16-201\",\r\n        \"protectedItemType\": \"\",\r\n        \"protectableItemId\": \"/Subscriptions/b8aef8e1-37df-4f17-a537-f10e183c8eca/resourceGroups/PwsTestRG/providers/Microsoft.RecoveryServices/vaults/PwsTestVault/replicationFabrics/9a60d28b65543435e52e1b81073c6a3aca7dd5d00d201e49fbe4e86848c495ed/replicationProtectionContainers/cloud_01fbe5d9-6391-45fc-a729-bef0b458c9fe/replicationProtectableItems/d3731098-963a-11eb-a892-000d3ad78fab\",\r\n        \"recoveryServicesProviderId\": \"/Subscriptions/b8aef8e1-37df-4f17-a537-f10e183c8eca/resourceGroups/PwsTestRG/providers/Microsoft.RecoveryServices/vaults/PwsTestVault/replicationFabrics/9a60d28b65543435e52e1b81073c6a3aca7dd5d00d201e49fbe4e86848c495ed/replicationRecoveryServicesProviders/01fbe5d9-6391-45fc-a729-bef0b458c9fe\",\r\n        \"primaryFabricFriendlyName\": \"PwsTestCS\",\r\n        \"primaryFabricProvider\": \"InMageFabric\",\r\n        \"recoveryFabricFriendlyName\": \"Microsoft Azure\",\r\n        \"recoveryFabricId\": \"Microsoft Azure\",\r\n        \"primaryProtectionContainerFriendlyName\": \"PwsTestCS\",\r\n        \"recoveryProtectionContainerFriendlyName\": \"Microsoft Azure\",\r\n        \"protectionState\": \"Protected\",\r\n        \"protectionStateDescription\": \"Protected\",\r\n        \"activeLocation\": \"Primary\",\r\n        \"testFailoverState\": \"None\",\r\n        \"testFailoverStateDescription\": \"None\",\r\n        \"allowedOperations\": [\r\n          \"UnplannedFailover\",\r\n          \"DisableProtection\",\r\n          \"TestFailover\"\r\n        ],\r\n        \"replicationHealth\": \"Normal\",\r\n        \"failoverHealth\": \"Warning\",\r\n        \"healthErrors\": [\r\n          {\r\n            \"innerHealthErrors\": [],\r\n            \"errorSource\": \"ReplicationUnitFailoverValidatorError\",\r\n            \"errorType\": \"8010\",\r\n            \"errorLevel\": \"Warning\",\r\n            \"errorCategory\": \"TestFailover\",\r\n            \"errorCode\": \"161011\",\r\n            \"summaryMessage\": \"\",\r\n            \"errorMessage\": \"No successful test failover has been done on the virtual machine 'V2A-W2K16-201'.\",\r\n            \"possibleCauses\": \"No successful test failover has been done on the virtual machine after it was replicated.\",\r\n            \"recommendedAction\": \"Do a test failover on the virtual machine.\",\r\n            \"creationTimeUtc\": \"2021-04-07T10:59:07.2294047Z\",\r\n            \"recoveryProviderErrorMessage\": null,\r\n            \"entityId\": \"d3731098-963a-11eb-a892-000d3ad78fab\",\r\n            \"errorId\": \"6:8010\",\r\n            \"customerResolvability\": \"NotAllowed\"\r\n          }\r\n        ],\r\n        \"policyId\": \"/Subscriptions/b8aef8e1-37df-4f17-a537-f10e183c8eca/resourceGroups/PwsTestRG/providers/Microsoft.RecoveryServices/vaults/PwsTestVault/replicationPolicies/Policyv2a\",\r\n        \"policyFriendlyName\": \"Policyv2a\",\r\n        \"currentScenario\": {\r\n          \"scenarioName\": \"None\",\r\n          \"jobId\": \"/Subscriptions/b8aef8e1-37df-4f17-a537-f10e183c8eca/resourceGroups/PwsTestRG/providers/Microsoft.RecoveryServices/vaults/PwsTestVault/replicationJobs/None\",\r\n          \"startTime\": \"1753-01-01T01:01:01Z\"\r\n        },\r\n        \"failoverRecoveryPointId\": null,\r\n        \"providerSpecificDetails\": {\r\n          \"instanceType\": \"InMageAzureV2\",\r\n          \"infrastructureVmId\": \"d3731098-963a-11eb-a892-000d3ad78fab\",\r\n          \"vCenterInfrastructureId\": \"9\",\r\n          \"protectionStage\": \"DifferentialSync\",\r\n          \"vmId\": \"d3731098-963a-11eb-a892-000d3ad78fab\",\r\n          \"vmProtectionState\": \"Protected\",\r\n          \"vmProtectionStateDescription\": \"Protected\",\r\n          \"resyncProgressPercentage\": 0,\r\n          \"rpoInSeconds\": 346,\r\n          \"compressedDataRateInMB\": 213.60445690155,\r\n          \"uncompressedDataRateInMB\": 213.60445690155,\r\n          \"ipAddress\": \"10.150.108.22\",\r\n          \"agentVersion\": \"9.41.0.0\",\r\n          \"agentExpiryDate\": \"9999-12-31T23:59:59.9999999\",\r\n          \"isAgentUpdateRequired\": \"NotRequired\",\r\n          \"isRebootAfterUpdateRequired\": \"NotRequired\",\r\n          \"lastHeartbeat\": \"2021-04-07T11:03:28Z\",\r\n          \"processServerId\": \"30AE6187-5869-8E44-B8AF6AA66E3ECC8F\",\r\n          \"processServerName\": \"V2A-PS-200\",\r\n          \"multiVmGroupId\": \"e456b8e2-e71a-4f57-9b34-b1aff1f1858f\",\r\n          \"multiVmGroupName\": \"e456b8e2-e71a-4f57-9b34-b1aff1f1858f\",\r\n          \"multiVmSyncStatus\": \"Enabled\",\r\n          \"protectedDisks\": [],\r\n          \"diskResized\": null,\r\n          \"masterTargetId\": null,\r\n          \"sourceVmCpuCount\": 0,\r\n          \"sourceVmRamSizeInMB\": 0,\r\n          \"osType\": \"Windows\",\r\n          \"vhdName\": null,\r\n          \"osDiskId\": null,\r\n          \"azureVMDiskDetails\": null,\r\n          \"recoveryAzureVMName\": \"V2A-W2K16-201\",\r\n          \"recoveryAzureVMSize\": \"Standard_F2s_v2\",\r\n          \"recoveryAzureStorageAccount\": null,\r\n          \"recoveryAzureLogStorageAccountId\": \"/subscriptions/b8aef8e1-37df-4f17-a537-f10e183c8eca/resourceGroups/PwsTestRG/providers/Microsoft.Storage/storageAccounts/pwsteststor\",\r\n          \"vmNics\": [\r\n            {\r\n              \"nicId\": \"00:50:56:95:F8:F5\",\r\n              \"replicaNicId\": null,\r\n              \"sourceNicArmId\": null,\r\n              \"vMNetworkName\": \"Intel(R) 82574L Gigabit Network Connection\",\r\n              \"recoveryVMNetworkId\": \"/subscriptions/b8aef8e1-37df-4f17-a537-f10e183c8eca/resourceGroups/PwsTestRG/providers/Microsoft.Network/virtualNetworks/PwsTestNw\",\r\n              \"ipConfigs\": [\r\n                {\r\n                  \"name\": null,\r\n                  \"isPrimary\": true,\r\n                  \"subnetName\": \"Subnet-1\",\r\n                  \"staticIPAddress\": null,\r\n                  \"ipAddressType\": \"Dynamic\",\r\n                  \"isSeletedForFailover\": true,\r\n                  \"recoverySubnetName\": \"subnet1\",\r\n                  \"recoveryStaticIPAddress\": null,\r\n                  \"recoveryIPAddressType\": \"Dynamic\",\r\n                  \"recoveryPublicIPAddressId\": null,\r\n                  \"recoveryLBBackendAddressPoolIds\": null,\r\n                  \"tfoSubnetName\": null,\r\n                  \"tfoStaticIPAddress\": null,\r\n                  \"tfoPublicIPAddressId\": null,\r\n                  \"tfoLBBackendAddressPoolIds\": null\r\n                }\r\n              ],\r\n              \"selectionType\": \"SelectedByUser\",\r\n              \"recoveryNetworkSecurityGroupId\": null,\r\n              \"enableAcceleratedNetworkingOnRecovery\": null,\r\n              \"tfoVMNetworkId\": null,\r\n              \"tfoNetworkSecurityGroupId\": null,\r\n              \"enableAcceleratedNetworkingOnTfo\": null,\r\n              \"recoveryNicName\": null,\r\n              \"recoveryNicResourceGroupName\": null,\r\n              \"reuseExistingNic\": false,\r\n              \"tfoRecoveryNicName\": null,\r\n              \"tfoRecoveryNicResourceGroupName\": null,\r\n              \"tfoReuseExistingNic\": false\r\n            }\r\n          ],\r\n          \"selectedRecoveryAzureNetworkId\": \"/subscriptions/b8aef8e1-37df-4f17-a537-f10e183c8eca/resourceGroups/PwsTestRG/providers/Microsoft.Network/virtualNetworks/PwsTestNw\",\r\n          \"selectedTfoAzureNetworkId\": null,\r\n          \"selectedSourceNicId\": \"00:50:56:95:F8:F5\",\r\n          \"discoveryType\": \"vCenter\",\r\n          \"enableRdpOnTargetOption\": \"Never\",\r\n          \"datastores\": [\r\n            \"datastore1\"\r\n          ],\r\n          \"targetVmId\": \"/subscriptions/b8aef8e1-37df-4f17-a537-f10e183c8eca/resourceGroups/PwsTestRG/providers/Microsoft.Compute/virtualMachines/\",\r\n          \"recoveryAzureResourceGroupId\": \"/subscriptions/b8aef8e1-37df-4f17-a537-f10e183c8eca/resourceGroups/PwsTestRG\",\r\n          \"recoveryAvailabilitySetId\": null,\r\n          \"targetAvailabilityZone\": null,\r\n          \"targetProximityPlacementGroupId\": \"/subscriptions/b8aef8e1-37df-4f17-a537-f10e183c8eca/resourceGroups/PwsTestRG/providers/Microsoft.Compute/proximityPlacementGroups/PwsTestPpg\",\r\n          \"useManagedDisks\": \"true\",\r\n          \"licenseType\": \"NotSpecified\",\r\n          \"sqlServerLicenseType\": \"NotSpecified\",\r\n          \"validationErrors\": [],\r\n          \"lastRpoCalculatedTime\": \"2021-04-07T11:03:31Z\",\r\n          \"lastUpdateReceivedTime\": \"2021-04-07T11:04:26.6764542Z\",\r\n          \"replicaId\": \"d3731098-963a-11eb-a892-000d3ad78fab_replica_cloud_01fbe5d9-6391-45fc-a729-bef0b458c9fe\",\r\n          \"osVersion\": \"Microsoft Windows Server 2016 Datacenter\",\r\n          \"protectedManagedDisks\": [],\r\n          \"lastRecoveryPointReceived\": \"2021-04-07T11:02:40.8589253Z\",\r\n          \"firmwareType\": \"UEFI\",\r\n          \"azureVmGeneration\": \"V2\",\r\n          \"isAdditionalStatsAvailable\": false,\r\n          \"totalDataTransferred\": -1,\r\n          \"totalProgressHealth\": \"Completed\",\r\n          \"targetVmTags\": {},\r\n          \"seedManagedDiskTags\": null,\r\n          \"targetManagedDiskTags\": null,\r\n          \"targetNicTags\": {}\r\n        },\r\n        \"recoveryContainerId\": \"/Subscriptions/b8aef8e1-37df-4f17-a537-f10e183c8eca/resourceGroups/PwsTestRG/providers/Microsoft.RecoveryServices/vaults/PwsTestVault/replicationFabrics/d49858f157601230a6ac5862fbbc6e63bf38d23ecd96cf953767945d457fe9d5/replicationProtectionContainers/d38048d4-b460-4791-8ece-108395ee8478\",\r\n        \"eventCorrelationId\": \"1f4e68a9-6022-4210-9f70-37148368e15a\"\r\n      }\r\n    },\r\n    {\r\n      \"id\": \"/Subscriptions/b8aef8e1-37df-4f17-a537-f10e183c8eca/resourceGroups/PwsTestRG/providers/Microsoft.RecoveryServices/vaults/PwsTestVault/replicationFabrics/9a60d28b65543435e52e1b81073c6a3aca7dd5d00d201e49fbe4e86848c495ed/replicationProtectionContainers/cloud_01fbe5d9-6391-45fc-a729-bef0b458c9fe/replicationProtectedItems/V2A-W2K19-202\",\r\n      \"name\": \"V2A-W2K19-202\",\r\n      \"type\": \"Microsoft.RecoveryServices/vaults/replicationFabrics/replicationProtectionContainers/replicationProtectedItems\",\r\n      \"properties\": {\r\n        \"friendlyName\": \"V2A-W2K19-202\",\r\n        \"protectedItemType\": \"\",\r\n        \"protectableItemId\": \"/Subscriptions/b8aef8e1-37df-4f17-a537-f10e183c8eca/resourceGroups/PwsTestRG/providers/Microsoft.RecoveryServices/vaults/PwsTestVault/replicationFabrics/9a60d28b65543435e52e1b81073c6a3aca7dd5d00d201e49fbe4e86848c495ed/replicationProtectionContainers/cloud_01fbe5d9-6391-45fc-a729-bef0b458c9fe/replicationProtectableItems/d375a4fa-963a-11eb-a892-000d3ad78fab\",\r\n        \"recoveryServicesProviderId\": \"/Subscriptions/b8aef8e1-37df-4f17-a537-f10e183c8eca/resourceGroups/PwsTestRG/providers/Microsoft.RecoveryServices/vaults/PwsTestVault/replicationFabrics/9a60d28b65543435e52e1b81073c6a3aca7dd5d00d201e49fbe4e86848c495ed/replicationRecoveryServicesProviders/01fbe5d9-6391-45fc-a729-bef0b458c9fe\",\r\n        \"primaryFabricFriendlyName\": \"PwsTestCS\",\r\n        \"primaryFabricProvider\": \"InMageFabric\",\r\n        \"recoveryFabricFriendlyName\": \"Microsoft Azure\",\r\n        \"recoveryFabricId\": \"Microsoft Azure\",\r\n        \"primaryProtectionContainerFriendlyName\": \"PwsTestCS\",\r\n        \"recoveryProtectionContainerFriendlyName\": \"Microsoft Azure\",\r\n        \"protectionState\": \"Protected\",\r\n        \"protectionStateDescription\": \"Protected\",\r\n        \"activeLocation\": \"Primary\",\r\n        \"testFailoverState\": \"None\",\r\n        \"testFailoverStateDescription\": \"None\",\r\n        \"allowedOperations\": [\r\n          \"UnplannedFailover\",\r\n          \"DisableProtection\",\r\n          \"TestFailover\"\r\n        ],\r\n        \"replicationHealth\": \"Normal\",\r\n        \"failoverHealth\": \"Warning\",\r\n        \"healthErrors\": [\r\n          {\r\n            \"innerHealthErrors\": [],\r\n            \"errorSource\": \"ReplicationUnitFailoverValidatorError\",\r\n            \"errorType\": \"8010\",\r\n            \"errorLevel\": \"Warning\",\r\n            \"errorCategory\": \"TestFailover\",\r\n            \"errorCode\": \"161011\",\r\n            \"summaryMessage\": \"\",\r\n            \"errorMessage\": \"No successful test failover has been done on the virtual machine 'V2A-W2K19-202'.\",\r\n            \"possibleCauses\": \"No successful test failover has been done on the virtual machine after it was replicated.\",\r\n            \"recommendedAction\": \"Do a test failover on the virtual machine.\",\r\n            \"creationTimeUtc\": \"2021-04-07T10:59:07.4594033Z\",\r\n            \"recoveryProviderErrorMessage\": null,\r\n            \"entityId\": \"d375a4fa-963a-11eb-a892-000d3ad78fab\",\r\n            \"errorId\": \"6:8010\",\r\n            \"customerResolvability\": \"NotAllowed\"\r\n          }\r\n        ],\r\n        \"policyId\": \"/Subscriptions/b8aef8e1-37df-4f17-a537-f10e183c8eca/resourceGroups/PwsTestRG/providers/Microsoft.RecoveryServices/vaults/PwsTestVault/replicationPolicies/Policyv2a\",\r\n        \"policyFriendlyName\": \"Policyv2a\",\r\n        \"currentScenario\": {\r\n          \"scenarioName\": \"None\",\r\n          \"jobId\": \"/Subscriptions/b8aef8e1-37df-4f17-a537-f10e183c8eca/resourceGroups/PwsTestRG/providers/Microsoft.RecoveryServices/vaults/PwsTestVault/replicationJobs/None\",\r\n          \"startTime\": \"1753-01-01T01:01:01Z\"\r\n        },\r\n        \"failoverRecoveryPointId\": null,\r\n        \"providerSpecificDetails\": {\r\n          \"instanceType\": \"InMageAzureV2\",\r\n          \"infrastructureVmId\": \"d375a4fa-963a-11eb-a892-000d3ad78fab\",\r\n          \"vCenterInfrastructureId\": \"9\",\r\n          \"protectionStage\": \"DifferentialSync\",\r\n          \"vmId\": \"d375a4fa-963a-11eb-a892-000d3ad78fab\",\r\n          \"vmProtectionState\": \"Protected\",\r\n          \"vmProtectionStateDescription\": \"Protected\",\r\n          \"resyncProgressPercentage\": 0,\r\n          \"rpoInSeconds\": 257,\r\n          \"compressedDataRateInMB\": 934.95414257049,\r\n          \"uncompressedDataRateInMB\": 934.95414257049,\r\n          \"ipAddress\": \"10.150.109.253\",\r\n          \"agentVersion\": \"9.41.0.0\",\r\n          \"agentExpiryDate\": \"9999-12-31T23:59:59.9999999\",\r\n          \"isAgentUpdateRequired\": \"NotRequired\",\r\n          \"isRebootAfterUpdateRequired\": \"NotRequired\",\r\n          \"lastHeartbeat\": \"2021-04-07T11:03:28Z\",\r\n          \"processServerId\": \"30AE6187-5869-8E44-B8AF6AA66E3ECC8F\",\r\n          \"processServerName\": \"V2A-PS-200\",\r\n          \"multiVmGroupId\": \"5d7a2c57-35c4-4d3b-b4bd-61e408298ea9\",\r\n          \"multiVmGroupName\": \"5d7a2c57-35c4-4d3b-b4bd-61e408298ea9\",\r\n          \"multiVmSyncStatus\": \"Enabled\",\r\n          \"protectedDisks\": [],\r\n          \"diskResized\": null,\r\n          \"masterTargetId\": null,\r\n          \"sourceVmCpuCount\": 0,\r\n          \"sourceVmRamSizeInMB\": 0,\r\n          \"osType\": \"Windows\",\r\n          \"vhdName\": null,\r\n          \"osDiskId\": null,\r\n          \"azureVMDiskDetails\": null,\r\n          \"recoveryAzureVMName\": \"V2A-W2K19-202\",\r\n          \"recoveryAzureVMSize\": \"Standard_F2s_v2\",\r\n          \"recoveryAzureStorageAccount\": null,\r\n          \"recoveryAzureLogStorageAccountId\": \"/subscriptions/b8aef8e1-37df-4f17-a537-f10e183c8eca/resourceGroups/PwsTestRG/providers/Microsoft.Storage/storageAccounts/pwsteststor\",\r\n          \"vmNics\": [\r\n            {\r\n              \"nicId\": \"00:50:56:95:14:5E\",\r\n              \"replicaNicId\": null,\r\n              \"sourceNicArmId\": null,\r\n              \"vMNetworkName\": \"Intel(R) 82574L Gigabit Network Connection\",\r\n              \"recoveryVMNetworkId\": \"/subscriptions/b8aef8e1-37df-4f17-a537-f10e183c8eca/resourceGroups/PwsTestRG/providers/Microsoft.Network/virtualNetworks/PwsTestNw\",\r\n              \"ipConfigs\": [\r\n                {\r\n                  \"name\": null,\r\n                  \"isPrimary\": true,\r\n                  \"subnetName\": \"Subnet-1\",\r\n                  \"staticIPAddress\": null,\r\n                  \"ipAddressType\": \"Dynamic\",\r\n                  \"isSeletedForFailover\": true,\r\n                  \"recoverySubnetName\": \"subnet1\",\r\n                  \"recoveryStaticIPAddress\": null,\r\n                  \"recoveryIPAddressType\": \"Dynamic\",\r\n                  \"recoveryPublicIPAddressId\": null,\r\n                  \"recoveryLBBackendAddressPoolIds\": null,\r\n                  \"tfoSubnetName\": null,\r\n                  \"tfoStaticIPAddress\": null,\r\n                  \"tfoPublicIPAddressId\": null,\r\n                  \"tfoLBBackendAddressPoolIds\": null\r\n                }\r\n              ],\r\n              \"selectionType\": \"SelectedByUser\",\r\n              \"recoveryNetworkSecurityGroupId\": null,\r\n              \"enableAcceleratedNetworkingOnRecovery\": null,\r\n              \"tfoVMNetworkId\": null,\r\n              \"tfoNetworkSecurityGroupId\": null,\r\n              \"enableAcceleratedNetworkingOnTfo\": null,\r\n              \"recoveryNicName\": null,\r\n              \"recoveryNicResourceGroupName\": null,\r\n              \"reuseExistingNic\": false,\r\n              \"tfoRecoveryNicName\": null,\r\n              \"tfoRecoveryNicResourceGroupName\": null,\r\n              \"tfoReuseExistingNic\": false\r\n            }\r\n          ],\r\n          \"selectedRecoveryAzureNetworkId\": \"/subscriptions/b8aef8e1-37df-4f17-a537-f10e183c8eca/resourceGroups/PwsTestRG/providers/Microsoft.Network/virtualNetworks/PwsTestNw\",\r\n          \"selectedTfoAzureNetworkId\": null,\r\n          \"selectedSourceNicId\": \"00:50:56:95:14:5E\",\r\n          \"discoveryType\": \"vCenter\",\r\n          \"enableRdpOnTargetOption\": \"Never\",\r\n          \"datastores\": [\r\n            \"datastore1\"\r\n          ],\r\n          \"targetVmId\": \"/subscriptions/b8aef8e1-37df-4f17-a537-f10e183c8eca/resourceGroups/PwsTestRG/providers/Microsoft.Compute/virtualMachines/\",\r\n          \"recoveryAzureResourceGroupId\": \"/subscriptions/b8aef8e1-37df-4f17-a537-f10e183c8eca/resourceGroups/PwsTestRG\",\r\n          \"recoveryAvailabilitySetId\": \"/subscriptions/b8aef8e1-37df-4f17-a537-f10e183c8eca/resourceGroups/PwsTestRG/providers/Microsoft.Compute/availabilitySets/PwsTestAvSet\",\r\n          \"targetAvailabilityZone\": null,\r\n          \"targetProximityPlacementGroupId\": \"/subscriptions/b8aef8e1-37df-4f17-a537-f10e183c8eca/resourceGroups/PwsTestRG/providers/Microsoft.Compute/proximityPlacementGroups/PwsTestPpg\",\r\n          \"useManagedDisks\": \"true\",\r\n          \"licenseType\": \"NotSpecified\",\r\n          \"sqlServerLicenseType\": \"AHUB\",\r\n          \"validationErrors\": [],\r\n          \"lastRpoCalculatedTime\": \"2021-04-07T11:03:31Z\",\r\n          \"lastUpdateReceivedTime\": \"2021-04-07T11:04:26.6764542Z\",\r\n          \"replicaId\": \"d375a4fa-963a-11eb-a892-000d3ad78fab_replica_cloud_01fbe5d9-6391-45fc-a729-bef0b458c9fe\",\r\n          \"osVersion\": \"Microsoft Windows Server 2019 Datacenter\",\r\n          \"protectedManagedDisks\": [],\r\n          \"lastRecoveryPointReceived\": \"2021-04-07T10:59:12.1861577Z\",\r\n          \"firmwareType\": \"UEFI\",\r\n          \"azureVmGeneration\": \"V2\",\r\n          \"isAdditionalStatsAvailable\": false,\r\n          \"totalDataTransferred\": -1,\r\n          \"totalProgressHealth\": \"Completed\",\r\n          \"targetVmTags\": {\r\n            \"vmTag1\": \"powershellVm\"\r\n          },\r\n          \"seedManagedDiskTags\": null,\r\n          \"targetManagedDiskTags\": null,\r\n          \"targetNicTags\": {\r\n            \"nicTag1\": \"powershellNic\"\r\n          }\r\n        },\r\n        \"recoveryContainerId\": \"/Subscriptions/b8aef8e1-37df-4f17-a537-f10e183c8eca/resourceGroups/PwsTestRG/providers/Microsoft.RecoveryServices/vaults/PwsTestVault/replicationFabrics/d49858f157601230a6ac5862fbbc6e63bf38d23ecd96cf953767945d457fe9d5/replicationProtectionContainers/d38048d4-b460-4791-8ece-108395ee8478\",\r\n        \"eventCorrelationId\": \"35ba92c6-b05b-4b5c-a43a-ffcf6e051bdc\"\r\n      }\r\n    }\r\n  ],\r\n  \"nextLink\": null\r\n}",
      "StatusCode": 200
    },
    {
      "RequestUri": "/subscriptions/b8aef8e1-37df-4f17-a537-f10e183c8eca/resourceGroups/PwsTestRG/providers/Microsoft.RecoveryServices/vaults/PwsTestVault/replicationFabrics/9a60d28b65543435e52e1b81073c6a3aca7dd5d00d201e49fbe4e86848c495ed/replicationProtectionContainers/cloud_01fbe5d9-6391-45fc-a729-bef0b458c9fe/replicationProtectedItems?api-version=2021-02-10",
      "EncodedRequestUri": "L3N1YnNjcmlwdGlvbnMvYjhhZWY4ZTEtMzdkZi00ZjE3LWE1MzctZjEwZTE4M2M4ZWNhL3Jlc291cmNlR3JvdXBzL1B3c1Rlc3RSRy9wcm92aWRlcnMvTWljcm9zb2Z0LlJlY292ZXJ5U2VydmljZXMvdmF1bHRzL1B3c1Rlc3RWYXVsdC9yZXBsaWNhdGlvbkZhYnJpY3MvOWE2MGQyOGI2NTU0MzQzNWU1MmUxYjgxMDczYzZhM2FjYTdkZDVkMDBkMjAxZTQ5ZmJlNGU4Njg0OGM0OTVlZC9yZXBsaWNhdGlvblByb3RlY3Rpb25Db250YWluZXJzL2Nsb3VkXzAxZmJlNWQ5LTYzOTEtNDVmYy1hNzI5LWJlZjBiNDU4YzlmZS9yZXBsaWNhdGlvblByb3RlY3RlZEl0ZW1zP2FwaS12ZXJzaW9uPTIwMjEtMDItMTA=",
      "RequestMethod": "GET",
      "RequestBody": "",
      "RequestHeaders": {
        "x-ms-client-request-id": [
          "7f753a60-4653-45a6-b3ad-9c702c77bd99"
        ],
        "Accept-Language": [
          "en-US"
        ],
        "Agent-Authentication": [
          "{\"NotBeforeTimestamp\":\"\\/Date(1617789882076)\\/\",\"NotAfterTimestamp\":\"\\/Date(1618394682076)\\/\",\"ClientRequestId\":\"533b64a1-f26c-4c0f-b4ef-7906a0f55447-2021-04-07 11:04:42Z-Ps\",\"HashFunction\":\"HMACSHA256\",\"Hmac\":\"IIe9vyO07teIgWTQvnqPNmu+Nip+9TONGyhyhS/puPI=\",\"Version\":{\"Major\":1,\"Minor\":2,\"Build\":-1,\"Revision\":-1,\"MajorRevision\":-1,\"MinorRevision\":-1},\"PropertyBag\":{}}"
        ],
        "User-Agent": [
          "FxVersion/4.6.29812.02",
          "OSName/Windows",
          "OSVersion/Microsoft.Windows.10.0.19042.",
          "Microsoft.Azure.Management.RecoveryServices.SiteRecovery.SiteRecoveryManagementClient/2.1.4.0"
        ]
      },
      "ResponseHeaders": {
        "Cache-Control": [
          "no-cache"
        ],
        "Pragma": [
          "no-cache"
        ],
        "x-ms-ratelimit-remaining-subscription-reads": [
          "11988"
        ],
        "Server": [
          "Microsoft-IIS/10.0",
          "Kestrel"
        ],
        "Strict-Transport-Security": [
          "max-age=31536000; includeSubDomains"
        ],
        "x-ms-request-id": [
          "7f753a60-4653-45a6-b3ad-9c702c77bd99 4/7/2021 11:04:42 AM"
        ],
        "X-Content-Type-Options": [
          "nosniff"
        ],
        "x-ms-client-request-id": [
          "7f753a60-4653-45a6-b3ad-9c702c77bd99"
        ],
        "x-ms-correlation-request-id": [
          "81289dbf-a7b5-45e2-b555-b570419bb05d"
        ],
        "x-ms-routing-request-id": [
          "CENTRALUSEUAP:20210407T110442Z:81289dbf-a7b5-45e2-b555-b570419bb05d"
        ],
        "Date": [
          "Wed, 07 Apr 2021 11:04:42 GMT"
        ],
        "Content-Length": [
          "14861"
        ],
        "Content-Type": [
          "application/json"
        ],
        "Expires": [
          "-1"
        ]
      },
      "ResponseBody": "{\r\n  \"value\": [\r\n    {\r\n      \"id\": \"/Subscriptions/b8aef8e1-37df-4f17-a537-f10e183c8eca/resourceGroups/PwsTestRG/providers/Microsoft.RecoveryServices/vaults/PwsTestVault/replicationFabrics/9a60d28b65543435e52e1b81073c6a3aca7dd5d00d201e49fbe4e86848c495ed/replicationProtectionContainers/cloud_01fbe5d9-6391-45fc-a729-bef0b458c9fe/replicationProtectedItems/V2A-W2K16-201\",\r\n      \"name\": \"V2A-W2K16-201\",\r\n      \"type\": \"Microsoft.RecoveryServices/vaults/replicationFabrics/replicationProtectionContainers/replicationProtectedItems\",\r\n      \"properties\": {\r\n        \"friendlyName\": \"V2A-W2K16-201\",\r\n        \"protectedItemType\": \"\",\r\n        \"protectableItemId\": \"/Subscriptions/b8aef8e1-37df-4f17-a537-f10e183c8eca/resourceGroups/PwsTestRG/providers/Microsoft.RecoveryServices/vaults/PwsTestVault/replicationFabrics/9a60d28b65543435e52e1b81073c6a3aca7dd5d00d201e49fbe4e86848c495ed/replicationProtectionContainers/cloud_01fbe5d9-6391-45fc-a729-bef0b458c9fe/replicationProtectableItems/d3731098-963a-11eb-a892-000d3ad78fab\",\r\n        \"recoveryServicesProviderId\": \"/Subscriptions/b8aef8e1-37df-4f17-a537-f10e183c8eca/resourceGroups/PwsTestRG/providers/Microsoft.RecoveryServices/vaults/PwsTestVault/replicationFabrics/9a60d28b65543435e52e1b81073c6a3aca7dd5d00d201e49fbe4e86848c495ed/replicationRecoveryServicesProviders/01fbe5d9-6391-45fc-a729-bef0b458c9fe\",\r\n        \"primaryFabricFriendlyName\": \"PwsTestCS\",\r\n        \"primaryFabricProvider\": \"InMageFabric\",\r\n        \"recoveryFabricFriendlyName\": \"Microsoft Azure\",\r\n        \"recoveryFabricId\": \"Microsoft Azure\",\r\n        \"primaryProtectionContainerFriendlyName\": \"PwsTestCS\",\r\n        \"recoveryProtectionContainerFriendlyName\": \"Microsoft Azure\",\r\n        \"protectionState\": \"Protected\",\r\n        \"protectionStateDescription\": \"Protected\",\r\n        \"activeLocation\": \"Primary\",\r\n        \"testFailoverState\": \"None\",\r\n        \"testFailoverStateDescription\": \"None\",\r\n        \"allowedOperations\": [\r\n          \"UnplannedFailover\",\r\n          \"DisableProtection\",\r\n          \"TestFailover\"\r\n        ],\r\n        \"replicationHealth\": \"Normal\",\r\n        \"failoverHealth\": \"Warning\",\r\n        \"healthErrors\": [\r\n          {\r\n            \"innerHealthErrors\": [],\r\n            \"errorSource\": \"ReplicationUnitFailoverValidatorError\",\r\n            \"errorType\": \"8010\",\r\n            \"errorLevel\": \"Warning\",\r\n            \"errorCategory\": \"TestFailover\",\r\n            \"errorCode\": \"161011\",\r\n            \"summaryMessage\": \"\",\r\n            \"errorMessage\": \"No successful test failover has been done on the virtual machine 'V2A-W2K16-201'.\",\r\n            \"possibleCauses\": \"No successful test failover has been done on the virtual machine after it was replicated.\",\r\n            \"recommendedAction\": \"Do a test failover on the virtual machine.\",\r\n            \"creationTimeUtc\": \"2021-04-07T10:59:07.2294047Z\",\r\n            \"recoveryProviderErrorMessage\": null,\r\n            \"entityId\": \"d3731098-963a-11eb-a892-000d3ad78fab\",\r\n            \"errorId\": \"6:8010\",\r\n            \"customerResolvability\": \"NotAllowed\"\r\n          }\r\n        ],\r\n        \"policyId\": \"/Subscriptions/b8aef8e1-37df-4f17-a537-f10e183c8eca/resourceGroups/PwsTestRG/providers/Microsoft.RecoveryServices/vaults/PwsTestVault/replicationPolicies/Policyv2a\",\r\n        \"policyFriendlyName\": \"Policyv2a\",\r\n        \"currentScenario\": {\r\n          \"scenarioName\": \"None\",\r\n          \"jobId\": \"/Subscriptions/b8aef8e1-37df-4f17-a537-f10e183c8eca/resourceGroups/PwsTestRG/providers/Microsoft.RecoveryServices/vaults/PwsTestVault/replicationJobs/None\",\r\n          \"startTime\": \"1753-01-01T01:01:01Z\"\r\n        },\r\n        \"failoverRecoveryPointId\": null,\r\n        \"providerSpecificDetails\": {\r\n          \"instanceType\": \"InMageAzureV2\",\r\n          \"infrastructureVmId\": \"d3731098-963a-11eb-a892-000d3ad78fab\",\r\n          \"vCenterInfrastructureId\": \"9\",\r\n          \"protectionStage\": \"DifferentialSync\",\r\n          \"vmId\": \"d3731098-963a-11eb-a892-000d3ad78fab\",\r\n          \"vmProtectionState\": \"Protected\",\r\n          \"vmProtectionStateDescription\": \"Protected\",\r\n          \"resyncProgressPercentage\": 0,\r\n          \"rpoInSeconds\": 346,\r\n          \"compressedDataRateInMB\": 213.60445690155,\r\n          \"uncompressedDataRateInMB\": 213.60445690155,\r\n          \"ipAddress\": \"10.150.108.22\",\r\n          \"agentVersion\": \"9.41.0.0\",\r\n          \"agentExpiryDate\": \"9999-12-31T23:59:59.9999999\",\r\n          \"isAgentUpdateRequired\": \"NotRequired\",\r\n          \"isRebootAfterUpdateRequired\": \"NotRequired\",\r\n          \"lastHeartbeat\": \"2021-04-07T11:03:28Z\",\r\n          \"processServerId\": \"30AE6187-5869-8E44-B8AF6AA66E3ECC8F\",\r\n          \"processServerName\": \"V2A-PS-200\",\r\n          \"multiVmGroupId\": \"e456b8e2-e71a-4f57-9b34-b1aff1f1858f\",\r\n          \"multiVmGroupName\": \"e456b8e2-e71a-4f57-9b34-b1aff1f1858f\",\r\n          \"multiVmSyncStatus\": \"Enabled\",\r\n          \"protectedDisks\": [],\r\n          \"diskResized\": null,\r\n          \"masterTargetId\": null,\r\n          \"sourceVmCpuCount\": 0,\r\n          \"sourceVmRamSizeInMB\": 0,\r\n          \"osType\": \"Windows\",\r\n          \"vhdName\": null,\r\n          \"osDiskId\": null,\r\n          \"azureVMDiskDetails\": null,\r\n          \"recoveryAzureVMName\": \"V2A-W2K16-201\",\r\n          \"recoveryAzureVMSize\": \"Standard_F2s_v2\",\r\n          \"recoveryAzureStorageAccount\": null,\r\n          \"recoveryAzureLogStorageAccountId\": \"/subscriptions/b8aef8e1-37df-4f17-a537-f10e183c8eca/resourceGroups/PwsTestRG/providers/Microsoft.Storage/storageAccounts/pwsteststor\",\r\n          \"vmNics\": [\r\n            {\r\n              \"nicId\": \"00:50:56:95:F8:F5\",\r\n              \"replicaNicId\": null,\r\n              \"sourceNicArmId\": null,\r\n              \"vMNetworkName\": \"Intel(R) 82574L Gigabit Network Connection\",\r\n              \"recoveryVMNetworkId\": \"/subscriptions/b8aef8e1-37df-4f17-a537-f10e183c8eca/resourceGroups/PwsTestRG/providers/Microsoft.Network/virtualNetworks/PwsTestNw\",\r\n              \"ipConfigs\": [\r\n                {\r\n                  \"name\": null,\r\n                  \"isPrimary\": true,\r\n                  \"subnetName\": \"Subnet-1\",\r\n                  \"staticIPAddress\": null,\r\n                  \"ipAddressType\": \"Dynamic\",\r\n                  \"isSeletedForFailover\": true,\r\n                  \"recoverySubnetName\": \"subnet1\",\r\n                  \"recoveryStaticIPAddress\": null,\r\n                  \"recoveryIPAddressType\": \"Dynamic\",\r\n                  \"recoveryPublicIPAddressId\": null,\r\n                  \"recoveryLBBackendAddressPoolIds\": null,\r\n                  \"tfoSubnetName\": null,\r\n                  \"tfoStaticIPAddress\": null,\r\n                  \"tfoPublicIPAddressId\": null,\r\n                  \"tfoLBBackendAddressPoolIds\": null\r\n                }\r\n              ],\r\n              \"selectionType\": \"SelectedByUser\",\r\n              \"recoveryNetworkSecurityGroupId\": null,\r\n              \"enableAcceleratedNetworkingOnRecovery\": null,\r\n              \"tfoVMNetworkId\": null,\r\n              \"tfoNetworkSecurityGroupId\": null,\r\n              \"enableAcceleratedNetworkingOnTfo\": null,\r\n              \"recoveryNicName\": null,\r\n              \"recoveryNicResourceGroupName\": null,\r\n              \"reuseExistingNic\": false,\r\n              \"tfoRecoveryNicName\": null,\r\n              \"tfoRecoveryNicResourceGroupName\": null,\r\n              \"tfoReuseExistingNic\": false\r\n            }\r\n          ],\r\n          \"selectedRecoveryAzureNetworkId\": \"/subscriptions/b8aef8e1-37df-4f17-a537-f10e183c8eca/resourceGroups/PwsTestRG/providers/Microsoft.Network/virtualNetworks/PwsTestNw\",\r\n          \"selectedTfoAzureNetworkId\": null,\r\n          \"selectedSourceNicId\": \"00:50:56:95:F8:F5\",\r\n          \"discoveryType\": \"vCenter\",\r\n          \"enableRdpOnTargetOption\": \"Never\",\r\n          \"datastores\": [\r\n            \"datastore1\"\r\n          ],\r\n          \"targetVmId\": \"/subscriptions/b8aef8e1-37df-4f17-a537-f10e183c8eca/resourceGroups/PwsTestRG/providers/Microsoft.Compute/virtualMachines/\",\r\n          \"recoveryAzureResourceGroupId\": \"/subscriptions/b8aef8e1-37df-4f17-a537-f10e183c8eca/resourceGroups/PwsTestRG\",\r\n          \"recoveryAvailabilitySetId\": null,\r\n          \"targetAvailabilityZone\": null,\r\n          \"targetProximityPlacementGroupId\": \"/subscriptions/b8aef8e1-37df-4f17-a537-f10e183c8eca/resourceGroups/PwsTestRG/providers/Microsoft.Compute/proximityPlacementGroups/PwsTestPpg\",\r\n          \"useManagedDisks\": \"true\",\r\n          \"licenseType\": \"NotSpecified\",\r\n          \"sqlServerLicenseType\": \"NotSpecified\",\r\n          \"validationErrors\": [],\r\n          \"lastRpoCalculatedTime\": \"2021-04-07T11:03:31Z\",\r\n          \"lastUpdateReceivedTime\": \"2021-04-07T11:04:26.6764542Z\",\r\n          \"replicaId\": \"d3731098-963a-11eb-a892-000d3ad78fab_replica_cloud_01fbe5d9-6391-45fc-a729-bef0b458c9fe\",\r\n          \"osVersion\": \"Microsoft Windows Server 2016 Datacenter\",\r\n          \"protectedManagedDisks\": [],\r\n          \"lastRecoveryPointReceived\": \"2021-04-07T11:02:40.8589253Z\",\r\n          \"firmwareType\": \"UEFI\",\r\n          \"azureVmGeneration\": \"V2\",\r\n          \"isAdditionalStatsAvailable\": false,\r\n          \"totalDataTransferred\": -1,\r\n          \"totalProgressHealth\": \"Completed\",\r\n          \"targetVmTags\": {},\r\n          \"seedManagedDiskTags\": null,\r\n          \"targetManagedDiskTags\": null,\r\n          \"targetNicTags\": {}\r\n        },\r\n        \"recoveryContainerId\": \"/Subscriptions/b8aef8e1-37df-4f17-a537-f10e183c8eca/resourceGroups/PwsTestRG/providers/Microsoft.RecoveryServices/vaults/PwsTestVault/replicationFabrics/d49858f157601230a6ac5862fbbc6e63bf38d23ecd96cf953767945d457fe9d5/replicationProtectionContainers/d38048d4-b460-4791-8ece-108395ee8478\",\r\n        \"eventCorrelationId\": \"1f4e68a9-6022-4210-9f70-37148368e15a\"\r\n      }\r\n    },\r\n    {\r\n      \"id\": \"/Subscriptions/b8aef8e1-37df-4f17-a537-f10e183c8eca/resourceGroups/PwsTestRG/providers/Microsoft.RecoveryServices/vaults/PwsTestVault/replicationFabrics/9a60d28b65543435e52e1b81073c6a3aca7dd5d00d201e49fbe4e86848c495ed/replicationProtectionContainers/cloud_01fbe5d9-6391-45fc-a729-bef0b458c9fe/replicationProtectedItems/V2A-W2K19-202\",\r\n      \"name\": \"V2A-W2K19-202\",\r\n      \"type\": \"Microsoft.RecoveryServices/vaults/replicationFabrics/replicationProtectionContainers/replicationProtectedItems\",\r\n      \"properties\": {\r\n        \"friendlyName\": \"V2A-W2K19-202\",\r\n        \"protectedItemType\": \"\",\r\n        \"protectableItemId\": \"/Subscriptions/b8aef8e1-37df-4f17-a537-f10e183c8eca/resourceGroups/PwsTestRG/providers/Microsoft.RecoveryServices/vaults/PwsTestVault/replicationFabrics/9a60d28b65543435e52e1b81073c6a3aca7dd5d00d201e49fbe4e86848c495ed/replicationProtectionContainers/cloud_01fbe5d9-6391-45fc-a729-bef0b458c9fe/replicationProtectableItems/d375a4fa-963a-11eb-a892-000d3ad78fab\",\r\n        \"recoveryServicesProviderId\": \"/Subscriptions/b8aef8e1-37df-4f17-a537-f10e183c8eca/resourceGroups/PwsTestRG/providers/Microsoft.RecoveryServices/vaults/PwsTestVault/replicationFabrics/9a60d28b65543435e52e1b81073c6a3aca7dd5d00d201e49fbe4e86848c495ed/replicationRecoveryServicesProviders/01fbe5d9-6391-45fc-a729-bef0b458c9fe\",\r\n        \"primaryFabricFriendlyName\": \"PwsTestCS\",\r\n        \"primaryFabricProvider\": \"InMageFabric\",\r\n        \"recoveryFabricFriendlyName\": \"Microsoft Azure\",\r\n        \"recoveryFabricId\": \"Microsoft Azure\",\r\n        \"primaryProtectionContainerFriendlyName\": \"PwsTestCS\",\r\n        \"recoveryProtectionContainerFriendlyName\": \"Microsoft Azure\",\r\n        \"protectionState\": \"Protected\",\r\n        \"protectionStateDescription\": \"Protected\",\r\n        \"activeLocation\": \"Primary\",\r\n        \"testFailoverState\": \"None\",\r\n        \"testFailoverStateDescription\": \"None\",\r\n        \"allowedOperations\": [\r\n          \"UnplannedFailover\",\r\n          \"DisableProtection\",\r\n          \"TestFailover\"\r\n        ],\r\n        \"replicationHealth\": \"Normal\",\r\n        \"failoverHealth\": \"Warning\",\r\n        \"healthErrors\": [\r\n          {\r\n            \"innerHealthErrors\": [],\r\n            \"errorSource\": \"ReplicationUnitFailoverValidatorError\",\r\n            \"errorType\": \"8010\",\r\n            \"errorLevel\": \"Warning\",\r\n            \"errorCategory\": \"TestFailover\",\r\n            \"errorCode\": \"161011\",\r\n            \"summaryMessage\": \"\",\r\n            \"errorMessage\": \"No successful test failover has been done on the virtual machine 'V2A-W2K19-202'.\",\r\n            \"possibleCauses\": \"No successful test failover has been done on the virtual machine after it was replicated.\",\r\n            \"recommendedAction\": \"Do a test failover on the virtual machine.\",\r\n            \"creationTimeUtc\": \"2021-04-07T10:59:07.4594033Z\",\r\n            \"recoveryProviderErrorMessage\": null,\r\n            \"entityId\": \"d375a4fa-963a-11eb-a892-000d3ad78fab\",\r\n            \"errorId\": \"6:8010\",\r\n            \"customerResolvability\": \"NotAllowed\"\r\n          }\r\n        ],\r\n        \"policyId\": \"/Subscriptions/b8aef8e1-37df-4f17-a537-f10e183c8eca/resourceGroups/PwsTestRG/providers/Microsoft.RecoveryServices/vaults/PwsTestVault/replicationPolicies/Policyv2a\",\r\n        \"policyFriendlyName\": \"Policyv2a\",\r\n        \"currentScenario\": {\r\n          \"scenarioName\": \"None\",\r\n          \"jobId\": \"/Subscriptions/b8aef8e1-37df-4f17-a537-f10e183c8eca/resourceGroups/PwsTestRG/providers/Microsoft.RecoveryServices/vaults/PwsTestVault/replicationJobs/None\",\r\n          \"startTime\": \"1753-01-01T01:01:01Z\"\r\n        },\r\n        \"failoverRecoveryPointId\": null,\r\n        \"providerSpecificDetails\": {\r\n          \"instanceType\": \"InMageAzureV2\",\r\n          \"infrastructureVmId\": \"d375a4fa-963a-11eb-a892-000d3ad78fab\",\r\n          \"vCenterInfrastructureId\": \"9\",\r\n          \"protectionStage\": \"DifferentialSync\",\r\n          \"vmId\": \"d375a4fa-963a-11eb-a892-000d3ad78fab\",\r\n          \"vmProtectionState\": \"Protected\",\r\n          \"vmProtectionStateDescription\": \"Protected\",\r\n          \"resyncProgressPercentage\": 0,\r\n          \"rpoInSeconds\": 257,\r\n          \"compressedDataRateInMB\": 934.95414257049,\r\n          \"uncompressedDataRateInMB\": 934.95414257049,\r\n          \"ipAddress\": \"10.150.109.253\",\r\n          \"agentVersion\": \"9.41.0.0\",\r\n          \"agentExpiryDate\": \"9999-12-31T23:59:59.9999999\",\r\n          \"isAgentUpdateRequired\": \"NotRequired\",\r\n          \"isRebootAfterUpdateRequired\": \"NotRequired\",\r\n          \"lastHeartbeat\": \"2021-04-07T11:03:28Z\",\r\n          \"processServerId\": \"30AE6187-5869-8E44-B8AF6AA66E3ECC8F\",\r\n          \"processServerName\": \"V2A-PS-200\",\r\n          \"multiVmGroupId\": \"5d7a2c57-35c4-4d3b-b4bd-61e408298ea9\",\r\n          \"multiVmGroupName\": \"5d7a2c57-35c4-4d3b-b4bd-61e408298ea9\",\r\n          \"multiVmSyncStatus\": \"Enabled\",\r\n          \"protectedDisks\": [],\r\n          \"diskResized\": null,\r\n          \"masterTargetId\": null,\r\n          \"sourceVmCpuCount\": 0,\r\n          \"sourceVmRamSizeInMB\": 0,\r\n          \"osType\": \"Windows\",\r\n          \"vhdName\": null,\r\n          \"osDiskId\": null,\r\n          \"azureVMDiskDetails\": null,\r\n          \"recoveryAzureVMName\": \"V2A-W2K19-202\",\r\n          \"recoveryAzureVMSize\": \"Standard_F2s_v2\",\r\n          \"recoveryAzureStorageAccount\": null,\r\n          \"recoveryAzureLogStorageAccountId\": \"/subscriptions/b8aef8e1-37df-4f17-a537-f10e183c8eca/resourceGroups/PwsTestRG/providers/Microsoft.Storage/storageAccounts/pwsteststor\",\r\n          \"vmNics\": [\r\n            {\r\n              \"nicId\": \"00:50:56:95:14:5E\",\r\n              \"replicaNicId\": null,\r\n              \"sourceNicArmId\": null,\r\n              \"vMNetworkName\": \"Intel(R) 82574L Gigabit Network Connection\",\r\n              \"recoveryVMNetworkId\": \"/subscriptions/b8aef8e1-37df-4f17-a537-f10e183c8eca/resourceGroups/PwsTestRG/providers/Microsoft.Network/virtualNetworks/PwsTestNw\",\r\n              \"ipConfigs\": [\r\n                {\r\n                  \"name\": null,\r\n                  \"isPrimary\": true,\r\n                  \"subnetName\": \"Subnet-1\",\r\n                  \"staticIPAddress\": null,\r\n                  \"ipAddressType\": \"Dynamic\",\r\n                  \"isSeletedForFailover\": true,\r\n                  \"recoverySubnetName\": \"subnet1\",\r\n                  \"recoveryStaticIPAddress\": \"\",\r\n                  \"recoveryIPAddressType\": \"Dynamic\",\r\n                  \"recoveryPublicIPAddressId\": \"\",\r\n                  \"recoveryLBBackendAddressPoolIds\": [],\r\n                  \"tfoSubnetName\": \"\",\r\n                  \"tfoStaticIPAddress\": \"\",\r\n                  \"tfoPublicIPAddressId\": null,\r\n                  \"tfoLBBackendAddressPoolIds\": null\r\n                }\r\n              ],\r\n              \"selectionType\": \"SelectedByUser\",\r\n              \"recoveryNetworkSecurityGroupId\": \"\",\r\n              \"enableAcceleratedNetworkingOnRecovery\": null,\r\n              \"tfoVMNetworkId\": null,\r\n              \"tfoNetworkSecurityGroupId\": \"\",\r\n              \"enableAcceleratedNetworkingOnTfo\": null,\r\n              \"recoveryNicName\": null,\r\n              \"recoveryNicResourceGroupName\": null,\r\n              \"reuseExistingNic\": false,\r\n              \"tfoRecoveryNicName\": null,\r\n              \"tfoRecoveryNicResourceGroupName\": null,\r\n              \"tfoReuseExistingNic\": false\r\n            }\r\n          ],\r\n          \"selectedRecoveryAzureNetworkId\": \"/subscriptions/b8aef8e1-37df-4f17-a537-f10e183c8eca/resourceGroups/PwsTestRG/providers/Microsoft.Network/virtualNetworks/PwsTestNw\",\r\n          \"selectedTfoAzureNetworkId\": null,\r\n          \"selectedSourceNicId\": \"00:50:56:95:14:5E\",\r\n          \"discoveryType\": \"vCenter\",\r\n          \"enableRdpOnTargetOption\": \"Never\",\r\n          \"datastores\": [\r\n            \"datastore1\"\r\n          ],\r\n          \"targetVmId\": \"/subscriptions/b8aef8e1-37df-4f17-a537-f10e183c8eca/resourceGroups/PwsTestRG/providers/Microsoft.Compute/virtualMachines/\",\r\n          \"recoveryAzureResourceGroupId\": \"/subscriptions/b8aef8e1-37df-4f17-a537-f10e183c8eca/resourceGroups/PwsTestRG\",\r\n          \"recoveryAvailabilitySetId\": \"/subscriptions/b8aef8e1-37df-4f17-a537-f10e183c8eca/resourceGroups/PwsTestRG/providers/Microsoft.Compute/availabilitySets/PwsTestAvSet\",\r\n          \"targetAvailabilityZone\": \"\",\r\n          \"targetProximityPlacementGroupId\": \"/subscriptions/b8aef8e1-37df-4f17-a537-f10e183c8eca/resourceGroups/PwsTestRG/providers/Microsoft.Compute/proximityPlacementGroups/PwsTestPpg\",\r\n          \"useManagedDisks\": \"true\",\r\n          \"licenseType\": \"WindowsServer\",\r\n          \"sqlServerLicenseType\": \"AHUB\",\r\n          \"validationErrors\": [],\r\n          \"lastRpoCalculatedTime\": \"2021-04-07T11:03:31Z\",\r\n          \"lastUpdateReceivedTime\": \"2021-04-07T11:04:26.6764542Z\",\r\n          \"replicaId\": \"d375a4fa-963a-11eb-a892-000d3ad78fab_replica_cloud_01fbe5d9-6391-45fc-a729-bef0b458c9fe\",\r\n          \"osVersion\": \"Microsoft Windows Server 2019 Datacenter\",\r\n          \"protectedManagedDisks\": [],\r\n          \"lastRecoveryPointReceived\": \"2021-04-07T10:59:12.1861577Z\",\r\n          \"firmwareType\": \"UEFI\",\r\n          \"azureVmGeneration\": \"V2\",\r\n          \"isAdditionalStatsAvailable\": false,\r\n          \"totalDataTransferred\": -1,\r\n          \"totalProgressHealth\": \"Completed\",\r\n          \"targetVmTags\": {\r\n            \"vmTag1\": \"powershellVm\"\r\n          },\r\n          \"seedManagedDiskTags\": null,\r\n          \"targetManagedDiskTags\": null,\r\n          \"targetNicTags\": {\r\n            \"nicTag1\": \"powershellNic\"\r\n          }\r\n        },\r\n        \"recoveryContainerId\": \"/Subscriptions/b8aef8e1-37df-4f17-a537-f10e183c8eca/resourceGroups/PwsTestRG/providers/Microsoft.RecoveryServices/vaults/PwsTestVault/replicationFabrics/d49858f157601230a6ac5862fbbc6e63bf38d23ecd96cf953767945d457fe9d5/replicationProtectionContainers/d38048d4-b460-4791-8ece-108395ee8478\",\r\n        \"eventCorrelationId\": \"35ba92c6-b05b-4b5c-a43a-ffcf6e051bdc\"\r\n      }\r\n    }\r\n  ],\r\n  \"nextLink\": null\r\n}",
      "StatusCode": 200
    },
    {
      "RequestUri": "/subscriptions/b8aef8e1-37df-4f17-a537-f10e183c8eca/resourceGroups/PwsTestRG/providers/Microsoft.RecoveryServices/vaults/PwsTestVault/replicationFabrics/9a60d28b65543435e52e1b81073c6a3aca7dd5d00d201e49fbe4e86848c495ed/replicationProtectionContainers/cloud_01fbe5d9-6391-45fc-a729-bef0b458c9fe/replicationProtectedItems/V2A-W2K19-202?api-version=2021-02-10",
      "EncodedRequestUri": "L3N1YnNjcmlwdGlvbnMvYjhhZWY4ZTEtMzdkZi00ZjE3LWE1MzctZjEwZTE4M2M4ZWNhL3Jlc291cmNlR3JvdXBzL1B3c1Rlc3RSRy9wcm92aWRlcnMvTWljcm9zb2Z0LlJlY292ZXJ5U2VydmljZXMvdmF1bHRzL1B3c1Rlc3RWYXVsdC9yZXBsaWNhdGlvbkZhYnJpY3MvOWE2MGQyOGI2NTU0MzQzNWU1MmUxYjgxMDczYzZhM2FjYTdkZDVkMDBkMjAxZTQ5ZmJlNGU4Njg0OGM0OTVlZC9yZXBsaWNhdGlvblByb3RlY3Rpb25Db250YWluZXJzL2Nsb3VkXzAxZmJlNWQ5LTYzOTEtNDVmYy1hNzI5LWJlZjBiNDU4YzlmZS9yZXBsaWNhdGlvblByb3RlY3RlZEl0ZW1zL1YyQS1XMksxOS0yMDI/YXBpLXZlcnNpb249MjAyMS0wMi0xMA==",
      "RequestMethod": "GET",
      "RequestBody": "",
      "RequestHeaders": {
        "x-ms-client-request-id": [
          "7e95aee3-cc1e-4de1-aa23-17b48cc30819"
        ],
        "Accept-Language": [
          "en-US"
        ],
        "Agent-Authentication": [
          "{\"NotBeforeTimestamp\":\"\\/Date(1617789878763)\\/\",\"NotAfterTimestamp\":\"\\/Date(1618394678763)\\/\",\"ClientRequestId\":\"11ab505e-b987-4147-942e-71b6241bcda0-2021-04-07 11:04:38Z-Ps\",\"HashFunction\":\"HMACSHA256\",\"Hmac\":\"f+ttmdPxpVBWTb4/IUgkvp+41dOA3Vt4wWRUY/oU1iQ=\",\"Version\":{\"Major\":1,\"Minor\":2,\"Build\":-1,\"Revision\":-1,\"MajorRevision\":-1,\"MinorRevision\":-1},\"PropertyBag\":{}}"
        ],
        "User-Agent": [
          "FxVersion/4.6.29812.02",
          "OSName/Windows",
          "OSVersion/Microsoft.Windows.10.0.19042.",
          "Microsoft.Azure.Management.RecoveryServices.SiteRecovery.SiteRecoveryManagementClient/2.1.4.0"
        ]
      },
      "ResponseHeaders": {
        "Cache-Control": [
          "no-cache"
        ],
        "Pragma": [
          "no-cache"
        ],
        "x-ms-ratelimit-remaining-subscription-reads": [
          "11991"
        ],
        "Server": [
          "Microsoft-IIS/10.0",
          "Kestrel"
        ],
        "Strict-Transport-Security": [
          "max-age=31536000; includeSubDomains"
        ],
        "x-ms-request-id": [
          "7e95aee3-cc1e-4de1-aa23-17b48cc30819 4/7/2021 11:04:39 AM"
        ],
        "X-Content-Type-Options": [
          "nosniff"
        ],
        "x-ms-client-request-id": [
          "7e95aee3-cc1e-4de1-aa23-17b48cc30819"
        ],
        "x-ms-correlation-request-id": [
          "c78db0c4-44cf-4181-af69-677da0e71b55"
        ],
        "x-ms-routing-request-id": [
          "CENTRALUSEUAP:20210407T110439Z:c78db0c4-44cf-4181-af69-677da0e71b55"
        ],
        "Date": [
          "Wed, 07 Apr 2021 11:04:38 GMT"
        ],
        "Content-Length": [
          "9634"
        ],
        "Content-Type": [
          "application/json"
        ],
        "Expires": [
          "-1"
        ]
      },
      "ResponseBody": "{\r\n  \"id\": \"/Subscriptions/b8aef8e1-37df-4f17-a537-f10e183c8eca/resourceGroups/PwsTestRG/providers/Microsoft.RecoveryServices/vaults/PwsTestVault/replicationFabrics/9a60d28b65543435e52e1b81073c6a3aca7dd5d00d201e49fbe4e86848c495ed/replicationProtectionContainers/cloud_01fbe5d9-6391-45fc-a729-bef0b458c9fe/replicationProtectedItems/V2A-W2K19-202\",\r\n  \"name\": \"V2A-W2K19-202\",\r\n  \"type\": \"Microsoft.RecoveryServices/vaults/replicationFabrics/replicationProtectionContainers/replicationProtectedItems\",\r\n  \"properties\": {\r\n    \"friendlyName\": \"V2A-W2K19-202\",\r\n    \"protectedItemType\": \"\",\r\n    \"protectableItemId\": \"/Subscriptions/b8aef8e1-37df-4f17-a537-f10e183c8eca/resourceGroups/PwsTestRG/providers/Microsoft.RecoveryServices/vaults/PwsTestVault/replicationFabrics/9a60d28b65543435e52e1b81073c6a3aca7dd5d00d201e49fbe4e86848c495ed/replicationProtectionContainers/cloud_01fbe5d9-6391-45fc-a729-bef0b458c9fe/replicationProtectableItems/d375a4fa-963a-11eb-a892-000d3ad78fab\",\r\n    \"recoveryServicesProviderId\": \"/Subscriptions/b8aef8e1-37df-4f17-a537-f10e183c8eca/resourceGroups/PwsTestRG/providers/Microsoft.RecoveryServices/vaults/PwsTestVault/replicationFabrics/9a60d28b65543435e52e1b81073c6a3aca7dd5d00d201e49fbe4e86848c495ed/replicationRecoveryServicesProviders/01fbe5d9-6391-45fc-a729-bef0b458c9fe\",\r\n    \"primaryFabricFriendlyName\": \"PwsTestCS\",\r\n    \"primaryFabricProvider\": \"InMageFabric\",\r\n    \"recoveryFabricFriendlyName\": \"Microsoft Azure\",\r\n    \"recoveryFabricId\": \"Microsoft Azure\",\r\n    \"primaryProtectionContainerFriendlyName\": \"PwsTestCS\",\r\n    \"recoveryProtectionContainerFriendlyName\": \"Microsoft Azure\",\r\n    \"protectionState\": \"Protected\",\r\n    \"protectionStateDescription\": \"Protected\",\r\n    \"activeLocation\": \"Primary\",\r\n    \"testFailoverState\": \"None\",\r\n    \"testFailoverStateDescription\": \"None\",\r\n    \"allowedOperations\": [\r\n      \"UnplannedFailover\",\r\n      \"DisableProtection\",\r\n      \"TestFailover\"\r\n    ],\r\n    \"replicationHealth\": \"Normal\",\r\n    \"failoverHealth\": \"Warning\",\r\n    \"healthErrors\": [\r\n      {\r\n        \"innerHealthErrors\": [],\r\n        \"errorSource\": \"ReplicationUnitFailoverValidatorError\",\r\n        \"errorType\": \"8010\",\r\n        \"errorLevel\": \"Warning\",\r\n        \"errorCategory\": \"TestFailover\",\r\n        \"errorCode\": \"161011\",\r\n        \"summaryMessage\": \"\",\r\n        \"errorMessage\": \"No successful test failover has been done on the virtual machine 'V2A-W2K19-202'.\",\r\n        \"possibleCauses\": \"No successful test failover has been done on the virtual machine after it was replicated.\",\r\n        \"recommendedAction\": \"Do a test failover on the virtual machine.\",\r\n        \"creationTimeUtc\": \"2021-04-07T10:59:07.4594033Z\",\r\n        \"recoveryProviderErrorMessage\": null,\r\n        \"entityId\": \"d375a4fa-963a-11eb-a892-000d3ad78fab\",\r\n        \"errorId\": \"6:8010\",\r\n        \"customerResolvability\": \"NotAllowed\"\r\n      }\r\n    ],\r\n    \"policyId\": \"/Subscriptions/b8aef8e1-37df-4f17-a537-f10e183c8eca/resourceGroups/PwsTestRG/providers/Microsoft.RecoveryServices/vaults/PwsTestVault/replicationPolicies/Policyv2a\",\r\n    \"policyFriendlyName\": \"Policyv2a\",\r\n    \"currentScenario\": {\r\n      \"scenarioName\": \"None\",\r\n      \"jobId\": \"/Subscriptions/b8aef8e1-37df-4f17-a537-f10e183c8eca/resourceGroups/PwsTestRG/providers/Microsoft.RecoveryServices/vaults/PwsTestVault/replicationJobs/None\",\r\n      \"startTime\": \"1753-01-01T01:01:01Z\"\r\n    },\r\n    \"failoverRecoveryPointId\": null,\r\n    \"providerSpecificDetails\": {\r\n      \"instanceType\": \"InMageAzureV2\",\r\n      \"infrastructureVmId\": \"d375a4fa-963a-11eb-a892-000d3ad78fab\",\r\n      \"vCenterInfrastructureId\": \"9\",\r\n      \"protectionStage\": \"DifferentialSync\",\r\n      \"vmId\": \"d375a4fa-963a-11eb-a892-000d3ad78fab\",\r\n      \"vmProtectionState\": \"Protected\",\r\n      \"vmProtectionStateDescription\": \"Protected\",\r\n      \"resyncProgressPercentage\": 0,\r\n      \"rpoInSeconds\": 257,\r\n      \"compressedDataRateInMB\": 934.95414257049,\r\n      \"uncompressedDataRateInMB\": 934.95414257049,\r\n      \"ipAddress\": \"10.150.109.253\",\r\n      \"agentVersion\": \"9.41.0.0\",\r\n      \"agentExpiryDate\": \"9999-12-31T23:59:59.9999999\",\r\n      \"isAgentUpdateRequired\": \"NotRequired\",\r\n      \"isRebootAfterUpdateRequired\": \"NotRequired\",\r\n      \"lastHeartbeat\": \"2021-04-07T11:03:28Z\",\r\n      \"processServerId\": \"30AE6187-5869-8E44-B8AF6AA66E3ECC8F\",\r\n      \"processServerName\": \"V2A-PS-200\",\r\n      \"multiVmGroupId\": \"5d7a2c57-35c4-4d3b-b4bd-61e408298ea9\",\r\n      \"multiVmGroupName\": \"5d7a2c57-35c4-4d3b-b4bd-61e408298ea9\",\r\n      \"multiVmSyncStatus\": \"Enabled\",\r\n      \"protectedDisks\": [\r\n        {\r\n          \"diskId\": \"{6FF6083E-D5EF-4388-9699-232B33441056}\",\r\n          \"diskName\": \"Disk1\",\r\n          \"protectionStage\": \"DifferentialSync\",\r\n          \"healthErrorCode\": null,\r\n          \"rpoInSeconds\": 255,\r\n          \"resyncRequired\": \"NotRequired\",\r\n          \"resyncProgressPercentage\": 0,\r\n          \"resyncDurationInSeconds\": 325,\r\n          \"diskCapacityInBytes\": 5368709120,\r\n          \"fileSystemCapacityInBytes\": 5368709120,\r\n          \"sourceDataInMegaBytes\": 0.0,\r\n          \"psDataInMegaBytes\": 0.0,\r\n          \"targetDataInMegaBytes\": 0.0,\r\n          \"diskResized\": \"NotResized\",\r\n          \"lastRpoCalculatedTime\": \"2021-04-07T11:03:31Z\",\r\n          \"resyncProcessedBytes\": 0,\r\n          \"resyncTotalTransferredBytes\": 0,\r\n          \"resyncLast15MinutesTransferredBytes\": 0,\r\n          \"resyncLastDataTransferTimeUTC\": null,\r\n          \"resyncStartTime\": null,\r\n          \"progressHealth\": \"Completed\",\r\n          \"progressStatus\": \"Grey\"\r\n        },\r\n        {\r\n          \"diskId\": \"{F3A82FA8-88DC-42F9-9464-5E6893CAAF33}\",\r\n          \"diskName\": \"Disk0\",\r\n          \"protectionStage\": \"DifferentialSync\",\r\n          \"healthErrorCode\": null,\r\n          \"rpoInSeconds\": 257,\r\n          \"resyncRequired\": \"NotRequired\",\r\n          \"resyncProgressPercentage\": 0,\r\n          \"resyncDurationInSeconds\": 606,\r\n          \"diskCapacityInBytes\": 32212254720,\r\n          \"fileSystemCapacityInBytes\": 32212254720,\r\n          \"sourceDataInMegaBytes\": 0.09,\r\n          \"psDataInMegaBytes\": 0.0,\r\n          \"targetDataInMegaBytes\": 0.0,\r\n          \"diskResized\": \"NotResized\",\r\n          \"lastRpoCalculatedTime\": \"2021-04-07T11:03:31Z\",\r\n          \"resyncProcessedBytes\": 0,\r\n          \"resyncTotalTransferredBytes\": 0,\r\n          \"resyncLast15MinutesTransferredBytes\": 0,\r\n          \"resyncLastDataTransferTimeUTC\": null,\r\n          \"resyncStartTime\": null,\r\n          \"progressHealth\": \"Completed\",\r\n          \"progressStatus\": \"Grey\"\r\n        }\r\n      ],\r\n      \"diskResized\": \"NotResized\",\r\n      \"masterTargetId\": \"30AE6187-5869-8E44-B8AF6AA66E3ECC8F\",\r\n      \"sourceVmCpuCount\": 4,\r\n      \"sourceVmRamSizeInMB\": 4094,\r\n      \"osType\": \"Windows\",\r\n      \"vhdName\": \"\\\\\\\\.\\\\PHYSICALDRIVE0\",\r\n      \"osDiskId\": \"{F3A82FA8-88DC-42F9-9464-5E6893CAAF33}\",\r\n      \"azureVMDiskDetails\": [],\r\n      \"recoveryAzureVMName\": \"V2A-W2K19-202\",\r\n      \"recoveryAzureVMSize\": \"Standard_F2s_v2\",\r\n      \"recoveryAzureStorageAccount\": null,\r\n      \"recoveryAzureLogStorageAccountId\": \"/subscriptions/b8aef8e1-37df-4f17-a537-f10e183c8eca/resourceGroups/PwsTestRG/providers/Microsoft.Storage/storageAccounts/pwsteststor\",\r\n      \"vmNics\": [\r\n        {\r\n          \"nicId\": \"00:50:56:95:14:5E\",\r\n          \"replicaNicId\": null,\r\n          \"sourceNicArmId\": null,\r\n          \"vMNetworkName\": \"Intel(R) 82574L Gigabit Network Connection\",\r\n          \"recoveryVMNetworkId\": \"/subscriptions/b8aef8e1-37df-4f17-a537-f10e183c8eca/resourceGroups/PwsTestRG/providers/Microsoft.Network/virtualNetworks/PwsTestNw\",\r\n          \"ipConfigs\": [\r\n            {\r\n              \"name\": null,\r\n              \"isPrimary\": true,\r\n              \"subnetName\": \"Subnet-1\",\r\n              \"staticIPAddress\": null,\r\n              \"ipAddressType\": \"Dynamic\",\r\n              \"isSeletedForFailover\": true,\r\n              \"recoverySubnetName\": \"subnet1\",\r\n              \"recoveryStaticIPAddress\": null,\r\n              \"recoveryIPAddressType\": \"Dynamic\",\r\n              \"recoveryPublicIPAddressId\": null,\r\n              \"recoveryLBBackendAddressPoolIds\": null,\r\n              \"tfoSubnetName\": null,\r\n              \"tfoStaticIPAddress\": null,\r\n              \"tfoPublicIPAddressId\": null,\r\n              \"tfoLBBackendAddressPoolIds\": null\r\n            }\r\n          ],\r\n          \"selectionType\": \"SelectedByUser\",\r\n          \"recoveryNetworkSecurityGroupId\": null,\r\n          \"enableAcceleratedNetworkingOnRecovery\": null,\r\n          \"tfoVMNetworkId\": null,\r\n          \"tfoNetworkSecurityGroupId\": null,\r\n          \"enableAcceleratedNetworkingOnTfo\": null,\r\n          \"recoveryNicName\": null,\r\n          \"recoveryNicResourceGroupName\": null,\r\n          \"reuseExistingNic\": false,\r\n          \"tfoRecoveryNicName\": null,\r\n          \"tfoRecoveryNicResourceGroupName\": null,\r\n          \"tfoReuseExistingNic\": false\r\n        }\r\n      ],\r\n      \"selectedRecoveryAzureNetworkId\": \"/subscriptions/b8aef8e1-37df-4f17-a537-f10e183c8eca/resourceGroups/PwsTestRG/providers/Microsoft.Network/virtualNetworks/PwsTestNw\",\r\n      \"selectedTfoAzureNetworkId\": null,\r\n      \"selectedSourceNicId\": \"00:50:56:95:14:5E\",\r\n      \"discoveryType\": \"vCenter\",\r\n      \"enableRdpOnTargetOption\": \"Never\",\r\n      \"datastores\": [\r\n        \"datastore1\"\r\n      ],\r\n      \"targetVmId\": \"/subscriptions/b8aef8e1-37df-4f17-a537-f10e183c8eca/resourceGroups/PwsTestRG/providers/Microsoft.Compute/virtualMachines/\",\r\n      \"recoveryAzureResourceGroupId\": \"/subscriptions/b8aef8e1-37df-4f17-a537-f10e183c8eca/resourceGroups/PwsTestRG\",\r\n      \"recoveryAvailabilitySetId\": \"/subscriptions/b8aef8e1-37df-4f17-a537-f10e183c8eca/resourceGroups/PwsTestRG/providers/Microsoft.Compute/availabilitySets/PwsTestAvSet\",\r\n      \"targetAvailabilityZone\": null,\r\n      \"targetProximityPlacementGroupId\": \"/subscriptions/b8aef8e1-37df-4f17-a537-f10e183c8eca/resourceGroups/PwsTestRG/providers/Microsoft.Compute/proximityPlacementGroups/PwsTestPpg\",\r\n      \"useManagedDisks\": \"true\",\r\n      \"licenseType\": \"NotSpecified\",\r\n      \"sqlServerLicenseType\": \"AHUB\",\r\n      \"validationErrors\": [],\r\n      \"lastRpoCalculatedTime\": \"2021-04-07T11:03:31Z\",\r\n      \"lastUpdateReceivedTime\": \"2021-04-07T11:04:26.6764542Z\",\r\n      \"replicaId\": \"d375a4fa-963a-11eb-a892-000d3ad78fab_replica_cloud_01fbe5d9-6391-45fc-a729-bef0b458c9fe\",\r\n      \"osVersion\": \"Microsoft Windows Server 2019 Datacenter\",\r\n      \"protectedManagedDisks\": [\r\n        {\r\n          \"diskId\": \"{6FF6083E-D5EF-4388-9699-232B33441056}\",\r\n          \"seedManagedDiskId\": \"/subscriptions/b8aef8e1-37df-4f17-a537-f10e183c8eca/resourceGroups/PwsTestRG/providers/Microsoft.Compute/disks/asrseeddisk-V2A_W2K1-PHYSICAL-5b8ce2ba-f971-4608-ac98-c98a34187470\",\r\n          \"replicaDiskType\": \"Standard_LRS\",\r\n          \"diskEncryptionSetId\": null\r\n        },\r\n        {\r\n          \"diskId\": \"{F3A82FA8-88DC-42F9-9464-5E6893CAAF33}\",\r\n          \"seedManagedDiskId\": \"/subscriptions/b8aef8e1-37df-4f17-a537-f10e183c8eca/resourceGroups/PwsTestRG/providers/Microsoft.Compute/disks/asrseeddisk-V2A_W2K1-PHYSICAL-0a7fe49b-130c-4970-8352-4493a53d3725\",\r\n          \"replicaDiskType\": \"Standard_LRS\",\r\n          \"diskEncryptionSetId\": null\r\n        }\r\n      ],\r\n      \"lastRecoveryPointReceived\": \"2021-04-07T10:59:12.1861577Z\",\r\n      \"firmwareType\": \"UEFI\",\r\n      \"azureVmGeneration\": \"V2\",\r\n      \"isAdditionalStatsAvailable\": false,\r\n      \"totalDataTransferred\": -1,\r\n      \"totalProgressHealth\": \"Completed\",\r\n      \"targetVmTags\": {\r\n        \"vmTag1\": \"powershellVm\"\r\n      },\r\n      \"seedManagedDiskTags\": {\r\n        \"diskTag1\": \"powershellDisk\"\r\n      },\r\n      \"targetManagedDiskTags\": {\r\n        \"diskTag1\": \"powershellDisk\"\r\n      },\r\n      \"targetNicTags\": {\r\n        \"nicTag1\": \"powershellNic\"\r\n      }\r\n    },\r\n    \"recoveryContainerId\": \"/Subscriptions/b8aef8e1-37df-4f17-a537-f10e183c8eca/resourceGroups/PwsTestRG/providers/Microsoft.RecoveryServices/vaults/PwsTestVault/replicationFabrics/d49858f157601230a6ac5862fbbc6e63bf38d23ecd96cf953767945d457fe9d5/replicationProtectionContainers/d38048d4-b460-4791-8ece-108395ee8478\",\r\n    \"eventCorrelationId\": \"35ba92c6-b05b-4b5c-a43a-ffcf6e051bdc\"\r\n  }\r\n}",
      "StatusCode": 200
    },
    {
      "RequestUri": "/subscriptions/b8aef8e1-37df-4f17-a537-f10e183c8eca/resourceGroups/PwsTestRG/providers/Microsoft.RecoveryServices/vaults/PwsTestVault/replicationFabrics/9a60d28b65543435e52e1b81073c6a3aca7dd5d00d201e49fbe4e86848c495ed/replicationProtectionContainers/cloud_01fbe5d9-6391-45fc-a729-bef0b458c9fe/replicationProtectedItems/V2A-W2K19-202?api-version=2021-02-10",
      "EncodedRequestUri": "L3N1YnNjcmlwdGlvbnMvYjhhZWY4ZTEtMzdkZi00ZjE3LWE1MzctZjEwZTE4M2M4ZWNhL3Jlc291cmNlR3JvdXBzL1B3c1Rlc3RSRy9wcm92aWRlcnMvTWljcm9zb2Z0LlJlY292ZXJ5U2VydmljZXMvdmF1bHRzL1B3c1Rlc3RWYXVsdC9yZXBsaWNhdGlvbkZhYnJpY3MvOWE2MGQyOGI2NTU0MzQzNWU1MmUxYjgxMDczYzZhM2FjYTdkZDVkMDBkMjAxZTQ5ZmJlNGU4Njg0OGM0OTVlZC9yZXBsaWNhdGlvblByb3RlY3Rpb25Db250YWluZXJzL2Nsb3VkXzAxZmJlNWQ5LTYzOTEtNDVmYy1hNzI5LWJlZjBiNDU4YzlmZS9yZXBsaWNhdGlvblByb3RlY3RlZEl0ZW1zL1YyQS1XMksxOS0yMDI/YXBpLXZlcnNpb249MjAyMS0wMi0xMA==",
      "RequestMethod": "GET",
      "RequestBody": "",
      "RequestHeaders": {
        "x-ms-client-request-id": [
          "6dc19297-bdd7-4a4f-990e-457111ca9ada"
        ],
        "Accept-Language": [
          "en-US"
        ],
        "Agent-Authentication": [
          "{\"NotBeforeTimestamp\":\"\\/Date(1617789879326)\\/\",\"NotAfterTimestamp\":\"\\/Date(1618394679326)\\/\",\"ClientRequestId\":\"bb9fcd49-6ecd-45c3-846a-3aec91c644a2-2021-04-07 11:04:39Z-Ps\",\"HashFunction\":\"HMACSHA256\",\"Hmac\":\"kKkkFvfcOO6hNh/boHWtzPKdMPTQdFBrpBs6dDOsZOo=\",\"Version\":{\"Major\":1,\"Minor\":2,\"Build\":-1,\"Revision\":-1,\"MajorRevision\":-1,\"MinorRevision\":-1},\"PropertyBag\":{}}"
        ],
        "User-Agent": [
          "FxVersion/4.6.29812.02",
          "OSName/Windows",
          "OSVersion/Microsoft.Windows.10.0.19042.",
          "Microsoft.Azure.Management.RecoveryServices.SiteRecovery.SiteRecoveryManagementClient/2.1.4.0"
        ]
      },
      "ResponseHeaders": {
        "Cache-Control": [
          "no-cache"
        ],
        "Pragma": [
          "no-cache"
        ],
        "x-ms-ratelimit-remaining-subscription-reads": [
          "11990"
        ],
        "Server": [
          "Microsoft-IIS/10.0",
          "Kestrel"
        ],
        "Strict-Transport-Security": [
          "max-age=31536000; includeSubDomains"
        ],
        "x-ms-request-id": [
          "6dc19297-bdd7-4a4f-990e-457111ca9ada 4/7/2021 11:04:39 AM"
        ],
        "X-Content-Type-Options": [
          "nosniff"
        ],
        "x-ms-client-request-id": [
          "6dc19297-bdd7-4a4f-990e-457111ca9ada"
        ],
        "x-ms-correlation-request-id": [
          "1bd32ef3-c34e-4add-af17-97fdff1ebc49"
        ],
        "x-ms-routing-request-id": [
          "CENTRALUSEUAP:20210407T110439Z:1bd32ef3-c34e-4add-af17-97fdff1ebc49"
        ],
        "Date": [
          "Wed, 07 Apr 2021 11:04:39 GMT"
        ],
        "Content-Length": [
          "9634"
        ],
        "Content-Type": [
          "application/json"
        ],
        "Expires": [
          "-1"
        ]
      },
      "ResponseBody": "{\r\n  \"id\": \"/Subscriptions/b8aef8e1-37df-4f17-a537-f10e183c8eca/resourceGroups/PwsTestRG/providers/Microsoft.RecoveryServices/vaults/PwsTestVault/replicationFabrics/9a60d28b65543435e52e1b81073c6a3aca7dd5d00d201e49fbe4e86848c495ed/replicationProtectionContainers/cloud_01fbe5d9-6391-45fc-a729-bef0b458c9fe/replicationProtectedItems/V2A-W2K19-202\",\r\n  \"name\": \"V2A-W2K19-202\",\r\n  \"type\": \"Microsoft.RecoveryServices/vaults/replicationFabrics/replicationProtectionContainers/replicationProtectedItems\",\r\n  \"properties\": {\r\n    \"friendlyName\": \"V2A-W2K19-202\",\r\n    \"protectedItemType\": \"\",\r\n    \"protectableItemId\": \"/Subscriptions/b8aef8e1-37df-4f17-a537-f10e183c8eca/resourceGroups/PwsTestRG/providers/Microsoft.RecoveryServices/vaults/PwsTestVault/replicationFabrics/9a60d28b65543435e52e1b81073c6a3aca7dd5d00d201e49fbe4e86848c495ed/replicationProtectionContainers/cloud_01fbe5d9-6391-45fc-a729-bef0b458c9fe/replicationProtectableItems/d375a4fa-963a-11eb-a892-000d3ad78fab\",\r\n    \"recoveryServicesProviderId\": \"/Subscriptions/b8aef8e1-37df-4f17-a537-f10e183c8eca/resourceGroups/PwsTestRG/providers/Microsoft.RecoveryServices/vaults/PwsTestVault/replicationFabrics/9a60d28b65543435e52e1b81073c6a3aca7dd5d00d201e49fbe4e86848c495ed/replicationRecoveryServicesProviders/01fbe5d9-6391-45fc-a729-bef0b458c9fe\",\r\n    \"primaryFabricFriendlyName\": \"PwsTestCS\",\r\n    \"primaryFabricProvider\": \"InMageFabric\",\r\n    \"recoveryFabricFriendlyName\": \"Microsoft Azure\",\r\n    \"recoveryFabricId\": \"Microsoft Azure\",\r\n    \"primaryProtectionContainerFriendlyName\": \"PwsTestCS\",\r\n    \"recoveryProtectionContainerFriendlyName\": \"Microsoft Azure\",\r\n    \"protectionState\": \"Protected\",\r\n    \"protectionStateDescription\": \"Protected\",\r\n    \"activeLocation\": \"Primary\",\r\n    \"testFailoverState\": \"None\",\r\n    \"testFailoverStateDescription\": \"None\",\r\n    \"allowedOperations\": [\r\n      \"UnplannedFailover\",\r\n      \"DisableProtection\",\r\n      \"TestFailover\"\r\n    ],\r\n    \"replicationHealth\": \"Normal\",\r\n    \"failoverHealth\": \"Warning\",\r\n    \"healthErrors\": [\r\n      {\r\n        \"innerHealthErrors\": [],\r\n        \"errorSource\": \"ReplicationUnitFailoverValidatorError\",\r\n        \"errorType\": \"8010\",\r\n        \"errorLevel\": \"Warning\",\r\n        \"errorCategory\": \"TestFailover\",\r\n        \"errorCode\": \"161011\",\r\n        \"summaryMessage\": \"\",\r\n        \"errorMessage\": \"No successful test failover has been done on the virtual machine 'V2A-W2K19-202'.\",\r\n        \"possibleCauses\": \"No successful test failover has been done on the virtual machine after it was replicated.\",\r\n        \"recommendedAction\": \"Do a test failover on the virtual machine.\",\r\n        \"creationTimeUtc\": \"2021-04-07T10:59:07.4594033Z\",\r\n        \"recoveryProviderErrorMessage\": null,\r\n        \"entityId\": \"d375a4fa-963a-11eb-a892-000d3ad78fab\",\r\n        \"errorId\": \"6:8010\",\r\n        \"customerResolvability\": \"NotAllowed\"\r\n      }\r\n    ],\r\n    \"policyId\": \"/Subscriptions/b8aef8e1-37df-4f17-a537-f10e183c8eca/resourceGroups/PwsTestRG/providers/Microsoft.RecoveryServices/vaults/PwsTestVault/replicationPolicies/Policyv2a\",\r\n    \"policyFriendlyName\": \"Policyv2a\",\r\n    \"currentScenario\": {\r\n      \"scenarioName\": \"None\",\r\n      \"jobId\": \"/Subscriptions/b8aef8e1-37df-4f17-a537-f10e183c8eca/resourceGroups/PwsTestRG/providers/Microsoft.RecoveryServices/vaults/PwsTestVault/replicationJobs/None\",\r\n      \"startTime\": \"1753-01-01T01:01:01Z\"\r\n    },\r\n    \"failoverRecoveryPointId\": null,\r\n    \"providerSpecificDetails\": {\r\n      \"instanceType\": \"InMageAzureV2\",\r\n      \"infrastructureVmId\": \"d375a4fa-963a-11eb-a892-000d3ad78fab\",\r\n      \"vCenterInfrastructureId\": \"9\",\r\n      \"protectionStage\": \"DifferentialSync\",\r\n      \"vmId\": \"d375a4fa-963a-11eb-a892-000d3ad78fab\",\r\n      \"vmProtectionState\": \"Protected\",\r\n      \"vmProtectionStateDescription\": \"Protected\",\r\n      \"resyncProgressPercentage\": 0,\r\n      \"rpoInSeconds\": 257,\r\n      \"compressedDataRateInMB\": 934.95414257049,\r\n      \"uncompressedDataRateInMB\": 934.95414257049,\r\n      \"ipAddress\": \"10.150.109.253\",\r\n      \"agentVersion\": \"9.41.0.0\",\r\n      \"agentExpiryDate\": \"9999-12-31T23:59:59.9999999\",\r\n      \"isAgentUpdateRequired\": \"NotRequired\",\r\n      \"isRebootAfterUpdateRequired\": \"NotRequired\",\r\n      \"lastHeartbeat\": \"2021-04-07T11:03:28Z\",\r\n      \"processServerId\": \"30AE6187-5869-8E44-B8AF6AA66E3ECC8F\",\r\n      \"processServerName\": \"V2A-PS-200\",\r\n      \"multiVmGroupId\": \"5d7a2c57-35c4-4d3b-b4bd-61e408298ea9\",\r\n      \"multiVmGroupName\": \"5d7a2c57-35c4-4d3b-b4bd-61e408298ea9\",\r\n      \"multiVmSyncStatus\": \"Enabled\",\r\n      \"protectedDisks\": [\r\n        {\r\n          \"diskId\": \"{6FF6083E-D5EF-4388-9699-232B33441056}\",\r\n          \"diskName\": \"Disk1\",\r\n          \"protectionStage\": \"DifferentialSync\",\r\n          \"healthErrorCode\": null,\r\n          \"rpoInSeconds\": 255,\r\n          \"resyncRequired\": \"NotRequired\",\r\n          \"resyncProgressPercentage\": 0,\r\n          \"resyncDurationInSeconds\": 325,\r\n          \"diskCapacityInBytes\": 5368709120,\r\n          \"fileSystemCapacityInBytes\": 5368709120,\r\n          \"sourceDataInMegaBytes\": 0.0,\r\n          \"psDataInMegaBytes\": 0.0,\r\n          \"targetDataInMegaBytes\": 0.0,\r\n          \"diskResized\": \"NotResized\",\r\n          \"lastRpoCalculatedTime\": \"2021-04-07T11:03:31Z\",\r\n          \"resyncProcessedBytes\": 0,\r\n          \"resyncTotalTransferredBytes\": 0,\r\n          \"resyncLast15MinutesTransferredBytes\": 0,\r\n          \"resyncLastDataTransferTimeUTC\": null,\r\n          \"resyncStartTime\": null,\r\n          \"progressHealth\": \"Completed\",\r\n          \"progressStatus\": \"Grey\"\r\n        },\r\n        {\r\n          \"diskId\": \"{F3A82FA8-88DC-42F9-9464-5E6893CAAF33}\",\r\n          \"diskName\": \"Disk0\",\r\n          \"protectionStage\": \"DifferentialSync\",\r\n          \"healthErrorCode\": null,\r\n          \"rpoInSeconds\": 257,\r\n          \"resyncRequired\": \"NotRequired\",\r\n          \"resyncProgressPercentage\": 0,\r\n          \"resyncDurationInSeconds\": 606,\r\n          \"diskCapacityInBytes\": 32212254720,\r\n          \"fileSystemCapacityInBytes\": 32212254720,\r\n          \"sourceDataInMegaBytes\": 0.09,\r\n          \"psDataInMegaBytes\": 0.0,\r\n          \"targetDataInMegaBytes\": 0.0,\r\n          \"diskResized\": \"NotResized\",\r\n          \"lastRpoCalculatedTime\": \"2021-04-07T11:03:31Z\",\r\n          \"resyncProcessedBytes\": 0,\r\n          \"resyncTotalTransferredBytes\": 0,\r\n          \"resyncLast15MinutesTransferredBytes\": 0,\r\n          \"resyncLastDataTransferTimeUTC\": null,\r\n          \"resyncStartTime\": null,\r\n          \"progressHealth\": \"Completed\",\r\n          \"progressStatus\": \"Grey\"\r\n        }\r\n      ],\r\n      \"diskResized\": \"NotResized\",\r\n      \"masterTargetId\": \"30AE6187-5869-8E44-B8AF6AA66E3ECC8F\",\r\n      \"sourceVmCpuCount\": 4,\r\n      \"sourceVmRamSizeInMB\": 4094,\r\n      \"osType\": \"Windows\",\r\n      \"vhdName\": \"\\\\\\\\.\\\\PHYSICALDRIVE0\",\r\n      \"osDiskId\": \"{F3A82FA8-88DC-42F9-9464-5E6893CAAF33}\",\r\n      \"azureVMDiskDetails\": [],\r\n      \"recoveryAzureVMName\": \"V2A-W2K19-202\",\r\n      \"recoveryAzureVMSize\": \"Standard_F2s_v2\",\r\n      \"recoveryAzureStorageAccount\": null,\r\n      \"recoveryAzureLogStorageAccountId\": \"/subscriptions/b8aef8e1-37df-4f17-a537-f10e183c8eca/resourceGroups/PwsTestRG/providers/Microsoft.Storage/storageAccounts/pwsteststor\",\r\n      \"vmNics\": [\r\n        {\r\n          \"nicId\": \"00:50:56:95:14:5E\",\r\n          \"replicaNicId\": null,\r\n          \"sourceNicArmId\": null,\r\n          \"vMNetworkName\": \"Intel(R) 82574L Gigabit Network Connection\",\r\n          \"recoveryVMNetworkId\": \"/subscriptions/b8aef8e1-37df-4f17-a537-f10e183c8eca/resourceGroups/PwsTestRG/providers/Microsoft.Network/virtualNetworks/PwsTestNw\",\r\n          \"ipConfigs\": [\r\n            {\r\n              \"name\": null,\r\n              \"isPrimary\": true,\r\n              \"subnetName\": \"Subnet-1\",\r\n              \"staticIPAddress\": null,\r\n              \"ipAddressType\": \"Dynamic\",\r\n              \"isSeletedForFailover\": true,\r\n              \"recoverySubnetName\": \"subnet1\",\r\n              \"recoveryStaticIPAddress\": null,\r\n              \"recoveryIPAddressType\": \"Dynamic\",\r\n              \"recoveryPublicIPAddressId\": null,\r\n              \"recoveryLBBackendAddressPoolIds\": null,\r\n              \"tfoSubnetName\": null,\r\n              \"tfoStaticIPAddress\": null,\r\n              \"tfoPublicIPAddressId\": null,\r\n              \"tfoLBBackendAddressPoolIds\": null\r\n            }\r\n          ],\r\n          \"selectionType\": \"SelectedByUser\",\r\n          \"recoveryNetworkSecurityGroupId\": null,\r\n          \"enableAcceleratedNetworkingOnRecovery\": null,\r\n          \"tfoVMNetworkId\": null,\r\n          \"tfoNetworkSecurityGroupId\": null,\r\n          \"enableAcceleratedNetworkingOnTfo\": null,\r\n          \"recoveryNicName\": null,\r\n          \"recoveryNicResourceGroupName\": null,\r\n          \"reuseExistingNic\": false,\r\n          \"tfoRecoveryNicName\": null,\r\n          \"tfoRecoveryNicResourceGroupName\": null,\r\n          \"tfoReuseExistingNic\": false\r\n        }\r\n      ],\r\n      \"selectedRecoveryAzureNetworkId\": \"/subscriptions/b8aef8e1-37df-4f17-a537-f10e183c8eca/resourceGroups/PwsTestRG/providers/Microsoft.Network/virtualNetworks/PwsTestNw\",\r\n      \"selectedTfoAzureNetworkId\": null,\r\n      \"selectedSourceNicId\": \"00:50:56:95:14:5E\",\r\n      \"discoveryType\": \"vCenter\",\r\n      \"enableRdpOnTargetOption\": \"Never\",\r\n      \"datastores\": [\r\n        \"datastore1\"\r\n      ],\r\n      \"targetVmId\": \"/subscriptions/b8aef8e1-37df-4f17-a537-f10e183c8eca/resourceGroups/PwsTestRG/providers/Microsoft.Compute/virtualMachines/\",\r\n      \"recoveryAzureResourceGroupId\": \"/subscriptions/b8aef8e1-37df-4f17-a537-f10e183c8eca/resourceGroups/PwsTestRG\",\r\n      \"recoveryAvailabilitySetId\": \"/subscriptions/b8aef8e1-37df-4f17-a537-f10e183c8eca/resourceGroups/PwsTestRG/providers/Microsoft.Compute/availabilitySets/PwsTestAvSet\",\r\n      \"targetAvailabilityZone\": null,\r\n      \"targetProximityPlacementGroupId\": \"/subscriptions/b8aef8e1-37df-4f17-a537-f10e183c8eca/resourceGroups/PwsTestRG/providers/Microsoft.Compute/proximityPlacementGroups/PwsTestPpg\",\r\n      \"useManagedDisks\": \"true\",\r\n      \"licenseType\": \"NotSpecified\",\r\n      \"sqlServerLicenseType\": \"AHUB\",\r\n      \"validationErrors\": [],\r\n      \"lastRpoCalculatedTime\": \"2021-04-07T11:03:31Z\",\r\n      \"lastUpdateReceivedTime\": \"2021-04-07T11:04:26.6764542Z\",\r\n      \"replicaId\": \"d375a4fa-963a-11eb-a892-000d3ad78fab_replica_cloud_01fbe5d9-6391-45fc-a729-bef0b458c9fe\",\r\n      \"osVersion\": \"Microsoft Windows Server 2019 Datacenter\",\r\n      \"protectedManagedDisks\": [\r\n        {\r\n          \"diskId\": \"{6FF6083E-D5EF-4388-9699-232B33441056}\",\r\n          \"seedManagedDiskId\": \"/subscriptions/b8aef8e1-37df-4f17-a537-f10e183c8eca/resourceGroups/PwsTestRG/providers/Microsoft.Compute/disks/asrseeddisk-V2A_W2K1-PHYSICAL-5b8ce2ba-f971-4608-ac98-c98a34187470\",\r\n          \"replicaDiskType\": \"Standard_LRS\",\r\n          \"diskEncryptionSetId\": null\r\n        },\r\n        {\r\n          \"diskId\": \"{F3A82FA8-88DC-42F9-9464-5E6893CAAF33}\",\r\n          \"seedManagedDiskId\": \"/subscriptions/b8aef8e1-37df-4f17-a537-f10e183c8eca/resourceGroups/PwsTestRG/providers/Microsoft.Compute/disks/asrseeddisk-V2A_W2K1-PHYSICAL-0a7fe49b-130c-4970-8352-4493a53d3725\",\r\n          \"replicaDiskType\": \"Standard_LRS\",\r\n          \"diskEncryptionSetId\": null\r\n        }\r\n      ],\r\n      \"lastRecoveryPointReceived\": \"2021-04-07T10:59:12.1861577Z\",\r\n      \"firmwareType\": \"UEFI\",\r\n      \"azureVmGeneration\": \"V2\",\r\n      \"isAdditionalStatsAvailable\": false,\r\n      \"totalDataTransferred\": -1,\r\n      \"totalProgressHealth\": \"Completed\",\r\n      \"targetVmTags\": {\r\n        \"vmTag1\": \"powershellVm\"\r\n      },\r\n      \"seedManagedDiskTags\": {\r\n        \"diskTag1\": \"powershellDisk\"\r\n      },\r\n      \"targetManagedDiskTags\": {\r\n        \"diskTag1\": \"powershellDisk\"\r\n      },\r\n      \"targetNicTags\": {\r\n        \"nicTag1\": \"powershellNic\"\r\n      }\r\n    },\r\n    \"recoveryContainerId\": \"/Subscriptions/b8aef8e1-37df-4f17-a537-f10e183c8eca/resourceGroups/PwsTestRG/providers/Microsoft.RecoveryServices/vaults/PwsTestVault/replicationFabrics/d49858f157601230a6ac5862fbbc6e63bf38d23ecd96cf953767945d457fe9d5/replicationProtectionContainers/d38048d4-b460-4791-8ece-108395ee8478\",\r\n    \"eventCorrelationId\": \"35ba92c6-b05b-4b5c-a43a-ffcf6e051bdc\"\r\n  }\r\n}",
      "StatusCode": 200
    },
    {
      "RequestUri": "/subscriptions/b8aef8e1-37df-4f17-a537-f10e183c8eca/resourceGroups/PwsTestRG/providers/Microsoft.RecoveryServices/vaults/PwsTestVault/replicationFabrics/9a60d28b65543435e52e1b81073c6a3aca7dd5d00d201e49fbe4e86848c495ed/replicationProtectionContainers/cloud_01fbe5d9-6391-45fc-a729-bef0b458c9fe/replicationProtectedItems/V2A-W2K19-202?api-version=2021-02-10",
      "EncodedRequestUri": "L3N1YnNjcmlwdGlvbnMvYjhhZWY4ZTEtMzdkZi00ZjE3LWE1MzctZjEwZTE4M2M4ZWNhL3Jlc291cmNlR3JvdXBzL1B3c1Rlc3RSRy9wcm92aWRlcnMvTWljcm9zb2Z0LlJlY292ZXJ5U2VydmljZXMvdmF1bHRzL1B3c1Rlc3RWYXVsdC9yZXBsaWNhdGlvbkZhYnJpY3MvOWE2MGQyOGI2NTU0MzQzNWU1MmUxYjgxMDczYzZhM2FjYTdkZDVkMDBkMjAxZTQ5ZmJlNGU4Njg0OGM0OTVlZC9yZXBsaWNhdGlvblByb3RlY3Rpb25Db250YWluZXJzL2Nsb3VkXzAxZmJlNWQ5LTYzOTEtNDVmYy1hNzI5LWJlZjBiNDU4YzlmZS9yZXBsaWNhdGlvblByb3RlY3RlZEl0ZW1zL1YyQS1XMksxOS0yMDI/YXBpLXZlcnNpb249MjAyMS0wMi0xMA==",
      "RequestMethod": "PATCH",
      "RequestBody": "{\r\n  \"properties\": {\r\n    \"recoveryAzureVMName\": \"V2A-W2K19-202\",\r\n    \"recoveryAzureVMSize\": \"Standard_F2s_v2\",\r\n    \"selectedRecoveryAzureNetworkId\": \"/subscriptions/b8aef8e1-37df-4f17-a537-f10e183c8eca/resourceGroups/PwsTestRG/providers/Microsoft.Network/virtualNetworks/PwsTestNw\",\r\n    \"selectedTfoAzureNetworkId\": \"\",\r\n    \"selectedSourceNicId\": \"00:50:56:95:14:5E\",\r\n    \"vmNics\": [\r\n      {\r\n        \"nicId\": \"00:50:56:95:14:5E\",\r\n        \"ipConfigs\": [\r\n          {\r\n            \"isPrimary\": true,\r\n            \"isSeletedForFailover\": true,\r\n            \"recoverySubnetName\": \"subnet1\"\r\n          }\r\n        ],\r\n        \"selectionType\": \"SelectedByUser\"\r\n      }\r\n    ],\r\n    \"licenseType\": \"WindowsServer\",\r\n    \"recoveryAvailabilitySetId\": \"/subscriptions/b8aef8e1-37df-4f17-a537-f10e183c8eca/resourceGroups/PwsTestRG/providers/Microsoft.Compute/availabilitySets/PwsTestAvSet\",\r\n    \"providerSpecificDetails\": {\r\n      \"instanceType\": \"InMageAzureV2\",\r\n      \"recoveryAzureV2ResourceGroupId\": \"/subscriptions/b8aef8e1-37df-4f17-a537-f10e183c8eca/resourceGroups/PwsTestRG\",\r\n      \"useManagedDisks\": \"true\",\r\n      \"targetProximityPlacementGroupId\": \"/subscriptions/b8aef8e1-37df-4f17-a537-f10e183c8eca/resourceGroups/PwsTestRG/providers/Microsoft.Compute/proximityPlacementGroups/PwsTestPpg\",\r\n      \"targetVmTags\": {\r\n        \"vmTag1\": \"powershellVm\"\r\n      },\r\n      \"targetManagedDiskTags\": {\r\n        \"diskTag1\": \"powershellDisk\"\r\n      },\r\n      \"targetNicTags\": {\r\n        \"nicTag1\": \"powershellNic\"\r\n      },\r\n      \"sqlServerLicenseType\": \"AHUB\"\r\n    }\r\n  }\r\n}",
      "RequestHeaders": {
        "x-ms-client-request-id": [
          "6dc19297-bdd7-4a4f-990e-457111ca9ada"
        ],
        "Accept-Language": [
          "en-US"
        ],
        "Agent-Authentication": [
          "{\"NotBeforeTimestamp\":\"\\/Date(1617789879788)\\/\",\"NotAfterTimestamp\":\"\\/Date(1618394679788)\\/\",\"ClientRequestId\":\"e672cb79-f179-4937-9ded-4516c235aa03-2021-04-07 11:04:39Z-Ps\",\"HashFunction\":\"HMACSHA256\",\"Hmac\":\"syMYER04OhcLxgxyFIAzOWmAczxXkOStlVuFDB0BOzU=\",\"Version\":{\"Major\":1,\"Minor\":2,\"Build\":-1,\"Revision\":-1,\"MajorRevision\":-1,\"MinorRevision\":-1},\"PropertyBag\":{}}"
        ],
        "User-Agent": [
          "FxVersion/4.6.29812.02",
          "OSName/Windows",
          "OSVersion/Microsoft.Windows.10.0.19042.",
          "Microsoft.Azure.Management.RecoveryServices.SiteRecovery.SiteRecoveryManagementClient/2.1.4.0"
        ],
        "Content-Type": [
          "application/json; charset=utf-8"
        ],
        "Content-Length": [
          "1579"
        ]
      },
      "ResponseHeaders": {
        "Cache-Control": [
          "no-cache"
        ],
        "Pragma": [
          "no-cache"
        ],
        "Location": [
          "https://centraluseuap.management.azure.com/Subscriptions/b8aef8e1-37df-4f17-a537-f10e183c8eca/resourceGroups/PwsTestRG/providers/Microsoft.RecoveryServices/vaults/PwsTestVault/replicationFabrics/9a60d28b65543435e52e1b81073c6a3aca7dd5d00d201e49fbe4e86848c495ed/replicationProtectionContainers/cloud_01fbe5d9-6391-45fc-a729-bef0b458c9fe/replicationProtectedItems/V2A-W2K19-202/operationresults/5ba01e80-bcdc-4325-b0da-b08b313b56cb?api-version=2021-02-10"
        ],
        "Retry-After": [
          "30"
        ],
        "Strict-Transport-Security": [
          "max-age=31536000; includeSubDomains"
        ],
        "x-ms-request-id": [
          "/Subscriptions/b8aef8e1-37df-4f17-a537-f10e183c8eca/resourceGroups/PwsTestRG/providers/Microsoft.RecoveryServices/vaults/PwsTestVault/replicationJobs/5ba01e80-bcdc-4325-b0da-b08b313b56cb",
          "/Subscriptions/b8aef8e1-37df-4f17-a537-f10e183c8eca/resourceGroups/PwsTestRG/providers/Microsoft.RecoveryServices/vaults/PwsTestVault/replicationJobs/5ba01e80-bcdc-4325-b0da-b08b313b56cb"
        ],
        "Azure-AsyncOperation": [
          "https://centraluseuap.management.azure.com/Subscriptions/b8aef8e1-37df-4f17-a537-f10e183c8eca/resourceGroups/PwsTestRG/providers/Microsoft.RecoveryServices/vaults/PwsTestVault/replicationOperationStatus/5ba01e80-bcdc-4325-b0da-b08b313b56cb?api-version=2021-02-10"
        ],
        "X-Content-Type-Options": [
          "nosniff"
        ],
        "x-ms-client-request-id": [
          "6dc19297-bdd7-4a4f-990e-457111ca9ada"
        ],
        "x-ms-ratelimit-remaining-subscription-writes": [
          "1199"
        ],
        "x-ms-correlation-request-id": [
          "7f5175f5-e1e0-409f-80a0-31084005148a"
        ],
        "x-ms-routing-request-id": [
          "CENTRALUSEUAP:20210407T110441Z:7f5175f5-e1e0-409f-80a0-31084005148a"
        ],
        "Date": [
          "Wed, 07 Apr 2021 11:04:41 GMT"
        ],
        "Expires": [
          "-1"
        ],
        "Content-Length": [
          "0"
        ]
      },
      "ResponseBody": "",
      "StatusCode": 202
    },
    {
      "RequestUri": "/subscriptions/b8aef8e1-37df-4f17-a537-f10e183c8eca/resourceGroups/PwsTestRG/providers/Microsoft.RecoveryServices/vaults/PwsTestVault/replicationJobs/5ba01e80-bcdc-4325-b0da-b08b313b56cb?api-version=2021-02-10",
      "EncodedRequestUri": "L3N1YnNjcmlwdGlvbnMvYjhhZWY4ZTEtMzdkZi00ZjE3LWE1MzctZjEwZTE4M2M4ZWNhL3Jlc291cmNlR3JvdXBzL1B3c1Rlc3RSRy9wcm92aWRlcnMvTWljcm9zb2Z0LlJlY292ZXJ5U2VydmljZXMvdmF1bHRzL1B3c1Rlc3RWYXVsdC9yZXBsaWNhdGlvbkpvYnMvNWJhMDFlODAtYmNkYy00MzI1LWIwZGEtYjA4YjMxM2I1NmNiP2FwaS12ZXJzaW9uPTIwMjEtMDItMTA=",
      "RequestMethod": "GET",
      "RequestBody": "",
      "RequestHeaders": {
        "x-ms-client-request-id": [
          "6dc19297-bdd7-4a4f-990e-457111ca9ada"
        ],
        "Accept-Language": [
          "en-US"
        ],
        "Agent-Authentication": [
          "{\"NotBeforeTimestamp\":\"\\/Date(1617789881641)\\/\",\"NotAfterTimestamp\":\"\\/Date(1618394681641)\\/\",\"ClientRequestId\":\"15d5fc59-0aee-480c-903a-b4bf33ab7217-2021-04-07 11:04:41Z-Ps\",\"HashFunction\":\"HMACSHA256\",\"Hmac\":\"ZCjQvMLf+0SJYReGEduwqdaJsDHSl/+38yY+Oq/KzEI=\",\"Version\":{\"Major\":1,\"Minor\":2,\"Build\":-1,\"Revision\":-1,\"MajorRevision\":-1,\"MinorRevision\":-1},\"PropertyBag\":{}}"
        ],
        "User-Agent": [
          "FxVersion/4.6.29812.02",
          "OSName/Windows",
          "OSVersion/Microsoft.Windows.10.0.19042.",
          "Microsoft.Azure.Management.RecoveryServices.SiteRecovery.SiteRecoveryManagementClient/2.1.4.0"
        ]
      },
      "ResponseHeaders": {
        "Cache-Control": [
          "no-cache"
        ],
        "Pragma": [
          "no-cache"
        ],
        "x-ms-ratelimit-remaining-subscription-reads": [
          "11989"
        ],
        "Server": [
          "Microsoft-IIS/10.0",
          "Kestrel"
        ],
        "Strict-Transport-Security": [
          "max-age=31536000; includeSubDomains"
        ],
        "x-ms-request-id": [
          "/Subscriptions/b8aef8e1-37df-4f17-a537-f10e183c8eca/resourceGroups/PwsTestRG/providers/Microsoft.RecoveryServices/vaults/PwsTestVault/replicationJobs/5ba01e80-bcdc-4325-b0da-b08b313b56cb"
        ],
        "X-Content-Type-Options": [
          "nosniff"
        ],
        "x-ms-client-request-id": [
          "6dc19297-bdd7-4a4f-990e-457111ca9ada"
        ],
        "x-ms-correlation-request-id": [
          "20293214-982c-4697-b43b-7a04c4cfeede"
        ],
        "x-ms-routing-request-id": [
          "CENTRALUSEUAP:20210407T110441Z:20293214-982c-4697-b43b-7a04c4cfeede"
        ],
        "Date": [
          "Wed, 07 Apr 2021 11:04:41 GMT"
        ],
        "Content-Length": [
          "1858"
        ],
        "Content-Type": [
          "application/json"
        ],
        "Expires": [
          "-1"
        ]
      },
      "ResponseBody": "{\r\n  \"id\": \"/Subscriptions/b8aef8e1-37df-4f17-a537-f10e183c8eca/resourceGroups/PwsTestRG/providers/Microsoft.RecoveryServices/vaults/PwsTestVault/replicationJobs/5ba01e80-bcdc-4325-b0da-b08b313b56cb\",\r\n  \"name\": \"5ba01e80-bcdc-4325-b0da-b08b313b56cb\",\r\n  \"type\": \"Microsoft.RecoveryServices/vaults/replicationJobs\",\r\n  \"properties\": {\r\n    \"activityId\": \"6dc19297-bdd7-4a4f-990e-457111ca9ada ActivityId: 7f5175f5-e1e0-409f-80a0-31084005148a\",\r\n    \"scenarioName\": \"UpdateVmProperties\",\r\n    \"friendlyName\": \"Update the virtual machine\",\r\n    \"state\": \"InProgress\",\r\n    \"stateDescription\": \"InProgress\",\r\n    \"tasks\": [\r\n      {\r\n        \"taskId\": \"6c6579df-9e6d-4f88-b363-e1154dd6031b\",\r\n        \"name\": \"UpdateVmPropertiesTask\",\r\n        \"startTime\": \"0001-01-01T00:00:00\",\r\n        \"endTime\": \"0001-01-01T00:00:00\",\r\n        \"allowedActions\": [],\r\n        \"friendlyName\": \"Update the virtual machine properties\",\r\n        \"state\": \"NotStarted\",\r\n        \"stateDescription\": \"NotStarted\",\r\n        \"taskType\": \"TaskDetails\",\r\n        \"customDetails\": {\r\n          \"instanceType\": \"TaskDetails\"\r\n        },\r\n        \"groupTaskCustomDetails\": null,\r\n        \"errors\": []\r\n      }\r\n    ],\r\n    \"errors\": [],\r\n    \"startTime\": \"2021-04-07T11:04:40.698787Z\",\r\n    \"allowedActions\": [],\r\n    \"targetObjectId\": \"d375a4fa-963a-11eb-a892-000d3ad78fab\",\r\n    \"targetObjectName\": \"V2A-W2K19-202\",\r\n    \"targetInstanceType\": \"ProtectionEntity\",\r\n    \"customDetails\": {\r\n      \"instanceType\": \"AsrJobDetails\",\r\n      \"affectedObjectDetails\": {\r\n        \"primaryVmId\": \"d375a4fa-963a-11eb-a892-000d3ad78fab\",\r\n        \"primaryVmName\": \"V2A-W2K19-202\",\r\n        \"recoveryVmId\": \"\",\r\n        \"recoveryVmName\": \"V2A-W2K19-202\",\r\n        \"protectionProfileId\": \"97f960e2-f741-5c0e-a2d3-ef69f120bab9\",\r\n        \"primaryCloudId\": \"cloud_01fbe5d9-6391-45fc-a729-bef0b458c9fe\",\r\n        \"primaryCloudName\": \"PwsTestCS\",\r\n        \"recoveryCloudId\": \"d38048d4-b460-4791-8ece-108395ee8478\",\r\n        \"recoveryCloudName\": \"Microsoft Azure\",\r\n        \"primaryVmmId\": \"01fbe5d9-6391-45fc-a729-bef0b458c9fe\",\r\n        \"primaryVmmName\": \"PwsTestCS\",\r\n        \"recoveryVmmId\": \"21a9403c-6ec1-44f2-b744-b4e50b792387\",\r\n        \"recoveryVmmName\": \"Microsoft Azure\",\r\n        \"primaryFabricProviderId\": \"VMware\",\r\n        \"recoveryFabricProviderId\": \"Azure\"\r\n      }\r\n    }\r\n  }\r\n}",
      "StatusCode": 200
    },
    {
      "RequestUri": "/subscriptions/b8aef8e1-37df-4f17-a537-f10e183c8eca/resourceGroups/PwsTestRG/providers/Microsoft.RecoveryServices/vaults/PwsTestVault/replicationFabrics/9a60d28b65543435e52e1b81073c6a3aca7dd5d00d201e49fbe4e86848c495ed/replicationProtectionContainers/cloud_01fbe5d9-6391-45fc-a729-bef0b458c9fe/replicationProtectedItems/V2A-W2K16-201?api-version=2021-02-10",
      "EncodedRequestUri": "L3N1YnNjcmlwdGlvbnMvYjhhZWY4ZTEtMzdkZi00ZjE3LWE1MzctZjEwZTE4M2M4ZWNhL3Jlc291cmNlR3JvdXBzL1B3c1Rlc3RSRy9wcm92aWRlcnMvTWljcm9zb2Z0LlJlY292ZXJ5U2VydmljZXMvdmF1bHRzL1B3c1Rlc3RWYXVsdC9yZXBsaWNhdGlvbkZhYnJpY3MvOWE2MGQyOGI2NTU0MzQzNWU1MmUxYjgxMDczYzZhM2FjYTdkZDVkMDBkMjAxZTQ5ZmJlNGU4Njg0OGM0OTVlZC9yZXBsaWNhdGlvblByb3RlY3Rpb25Db250YWluZXJzL2Nsb3VkXzAxZmJlNWQ5LTYzOTEtNDVmYy1hNzI5LWJlZjBiNDU4YzlmZS9yZXBsaWNhdGlvblByb3RlY3RlZEl0ZW1zL1YyQS1XMksxNi0yMDE/YXBpLXZlcnNpb249MjAyMS0wMi0xMA==",
      "RequestMethod": "GET",
      "RequestBody": "",
      "RequestHeaders": {
        "x-ms-client-request-id": [
          "7f753a60-4653-45a6-b3ad-9c702c77bd99"
        ],
        "Accept-Language": [
          "en-US"
        ],
        "Agent-Authentication": [
          "{\"NotBeforeTimestamp\":\"\\/Date(1617789882486)\\/\",\"NotAfterTimestamp\":\"\\/Date(1618394682486)\\/\",\"ClientRequestId\":\"4fad973c-03fc-41cc-a0c5-2703ecd5a9b9-2021-04-07 11:04:42Z-Ps\",\"HashFunction\":\"HMACSHA256\",\"Hmac\":\"QSd4QasdOF0RWjzL4cT5y0z/Qftgggcbz79mJbmdkjE=\",\"Version\":{\"Major\":1,\"Minor\":2,\"Build\":-1,\"Revision\":-1,\"MajorRevision\":-1,\"MinorRevision\":-1},\"PropertyBag\":{}}"
        ],
        "User-Agent": [
          "FxVersion/4.6.29812.02",
          "OSName/Windows",
          "OSVersion/Microsoft.Windows.10.0.19042.",
          "Microsoft.Azure.Management.RecoveryServices.SiteRecovery.SiteRecoveryManagementClient/2.1.4.0"
        ]
      },
      "ResponseHeaders": {
        "Cache-Control": [
          "no-cache"
        ],
        "Pragma": [
          "no-cache"
        ],
        "x-ms-ratelimit-remaining-subscription-reads": [
          "11987"
        ],
        "Server": [
          "Microsoft-IIS/10.0",
          "Kestrel"
        ],
        "Strict-Transport-Security": [
          "max-age=31536000; includeSubDomains"
        ],
        "x-ms-request-id": [
          "7f753a60-4653-45a6-b3ad-9c702c77bd99 4/7/2021 11:04:42 AM"
        ],
        "X-Content-Type-Options": [
          "nosniff"
        ],
        "x-ms-client-request-id": [
          "7f753a60-4653-45a6-b3ad-9c702c77bd99"
        ],
        "x-ms-correlation-request-id": [
          "db14c6ea-57c3-425e-8047-e134a0045111"
        ],
        "x-ms-routing-request-id": [
          "CENTRALUSEUAP:20210407T110442Z:db14c6ea-57c3-425e-8047-e134a0045111"
        ],
        "Date": [
          "Wed, 07 Apr 2021 11:04:42 GMT"
        ],
        "Content-Length": [
          "9409"
        ],
        "Content-Type": [
          "application/json"
        ],
        "Expires": [
          "-1"
        ]
      },
      "ResponseBody": "{\r\n  \"id\": \"/Subscriptions/b8aef8e1-37df-4f17-a537-f10e183c8eca/resourceGroups/PwsTestRG/providers/Microsoft.RecoveryServices/vaults/PwsTestVault/replicationFabrics/9a60d28b65543435e52e1b81073c6a3aca7dd5d00d201e49fbe4e86848c495ed/replicationProtectionContainers/cloud_01fbe5d9-6391-45fc-a729-bef0b458c9fe/replicationProtectedItems/V2A-W2K16-201\",\r\n  \"name\": \"V2A-W2K16-201\",\r\n  \"type\": \"Microsoft.RecoveryServices/vaults/replicationFabrics/replicationProtectionContainers/replicationProtectedItems\",\r\n  \"properties\": {\r\n    \"friendlyName\": \"V2A-W2K16-201\",\r\n    \"protectedItemType\": \"\",\r\n    \"protectableItemId\": \"/Subscriptions/b8aef8e1-37df-4f17-a537-f10e183c8eca/resourceGroups/PwsTestRG/providers/Microsoft.RecoveryServices/vaults/PwsTestVault/replicationFabrics/9a60d28b65543435e52e1b81073c6a3aca7dd5d00d201e49fbe4e86848c495ed/replicationProtectionContainers/cloud_01fbe5d9-6391-45fc-a729-bef0b458c9fe/replicationProtectableItems/d3731098-963a-11eb-a892-000d3ad78fab\",\r\n    \"recoveryServicesProviderId\": \"/Subscriptions/b8aef8e1-37df-4f17-a537-f10e183c8eca/resourceGroups/PwsTestRG/providers/Microsoft.RecoveryServices/vaults/PwsTestVault/replicationFabrics/9a60d28b65543435e52e1b81073c6a3aca7dd5d00d201e49fbe4e86848c495ed/replicationRecoveryServicesProviders/01fbe5d9-6391-45fc-a729-bef0b458c9fe\",\r\n    \"primaryFabricFriendlyName\": \"PwsTestCS\",\r\n    \"primaryFabricProvider\": \"InMageFabric\",\r\n    \"recoveryFabricFriendlyName\": \"Microsoft Azure\",\r\n    \"recoveryFabricId\": \"Microsoft Azure\",\r\n    \"primaryProtectionContainerFriendlyName\": \"PwsTestCS\",\r\n    \"recoveryProtectionContainerFriendlyName\": \"Microsoft Azure\",\r\n    \"protectionState\": \"Protected\",\r\n    \"protectionStateDescription\": \"Protected\",\r\n    \"activeLocation\": \"Primary\",\r\n    \"testFailoverState\": \"None\",\r\n    \"testFailoverStateDescription\": \"None\",\r\n    \"allowedOperations\": [\r\n      \"UnplannedFailover\",\r\n      \"DisableProtection\",\r\n      \"TestFailover\"\r\n    ],\r\n    \"replicationHealth\": \"Normal\",\r\n    \"failoverHealth\": \"Warning\",\r\n    \"healthErrors\": [\r\n      {\r\n        \"innerHealthErrors\": [],\r\n        \"errorSource\": \"ReplicationUnitFailoverValidatorError\",\r\n        \"errorType\": \"8010\",\r\n        \"errorLevel\": \"Warning\",\r\n        \"errorCategory\": \"TestFailover\",\r\n        \"errorCode\": \"161011\",\r\n        \"summaryMessage\": \"\",\r\n        \"errorMessage\": \"No successful test failover has been done on the virtual machine 'V2A-W2K16-201'.\",\r\n        \"possibleCauses\": \"No successful test failover has been done on the virtual machine after it was replicated.\",\r\n        \"recommendedAction\": \"Do a test failover on the virtual machine.\",\r\n        \"creationTimeUtc\": \"2021-04-07T10:59:07.2294047Z\",\r\n        \"recoveryProviderErrorMessage\": null,\r\n        \"entityId\": \"d3731098-963a-11eb-a892-000d3ad78fab\",\r\n        \"errorId\": \"6:8010\",\r\n        \"customerResolvability\": \"NotAllowed\"\r\n      }\r\n    ],\r\n    \"policyId\": \"/Subscriptions/b8aef8e1-37df-4f17-a537-f10e183c8eca/resourceGroups/PwsTestRG/providers/Microsoft.RecoveryServices/vaults/PwsTestVault/replicationPolicies/Policyv2a\",\r\n    \"policyFriendlyName\": \"Policyv2a\",\r\n    \"currentScenario\": {\r\n      \"scenarioName\": \"None\",\r\n      \"jobId\": \"/Subscriptions/b8aef8e1-37df-4f17-a537-f10e183c8eca/resourceGroups/PwsTestRG/providers/Microsoft.RecoveryServices/vaults/PwsTestVault/replicationJobs/None\",\r\n      \"startTime\": \"1753-01-01T01:01:01Z\"\r\n    },\r\n    \"failoverRecoveryPointId\": null,\r\n    \"providerSpecificDetails\": {\r\n      \"instanceType\": \"InMageAzureV2\",\r\n      \"infrastructureVmId\": \"d3731098-963a-11eb-a892-000d3ad78fab\",\r\n      \"vCenterInfrastructureId\": \"9\",\r\n      \"protectionStage\": \"DifferentialSync\",\r\n      \"vmId\": \"d3731098-963a-11eb-a892-000d3ad78fab\",\r\n      \"vmProtectionState\": \"Protected\",\r\n      \"vmProtectionStateDescription\": \"Protected\",\r\n      \"resyncProgressPercentage\": 0,\r\n      \"rpoInSeconds\": 346,\r\n      \"compressedDataRateInMB\": 213.60445690155,\r\n      \"uncompressedDataRateInMB\": 213.60445690155,\r\n      \"ipAddress\": \"10.150.108.22\",\r\n      \"agentVersion\": \"9.41.0.0\",\r\n      \"agentExpiryDate\": \"9999-12-31T23:59:59.9999999\",\r\n      \"isAgentUpdateRequired\": \"NotRequired\",\r\n      \"isRebootAfterUpdateRequired\": \"NotRequired\",\r\n      \"lastHeartbeat\": \"2021-04-07T11:03:28Z\",\r\n      \"processServerId\": \"30AE6187-5869-8E44-B8AF6AA66E3ECC8F\",\r\n      \"processServerName\": \"V2A-PS-200\",\r\n      \"multiVmGroupId\": \"e456b8e2-e71a-4f57-9b34-b1aff1f1858f\",\r\n      \"multiVmGroupName\": \"e456b8e2-e71a-4f57-9b34-b1aff1f1858f\",\r\n      \"multiVmSyncStatus\": \"Enabled\",\r\n      \"protectedDisks\": [\r\n        {\r\n          \"diskId\": \"{5D628CF2-6CAA-468D-9E7A-35881C0D00DE}\",\r\n          \"diskName\": \"Disk1\",\r\n          \"protectionStage\": \"DifferentialSync\",\r\n          \"healthErrorCode\": null,\r\n          \"rpoInSeconds\": 346,\r\n          \"resyncRequired\": \"NotRequired\",\r\n          \"resyncProgressPercentage\": 0,\r\n          \"resyncDurationInSeconds\": 538,\r\n          \"diskCapacityInBytes\": 5368709120,\r\n          \"fileSystemCapacityInBytes\": 5368709120,\r\n          \"sourceDataInMegaBytes\": 0.0,\r\n          \"psDataInMegaBytes\": 0.0,\r\n          \"targetDataInMegaBytes\": 0.0,\r\n          \"diskResized\": \"NotResized\",\r\n          \"lastRpoCalculatedTime\": \"2021-04-07T11:03:31Z\",\r\n          \"resyncProcessedBytes\": 0,\r\n          \"resyncTotalTransferredBytes\": 0,\r\n          \"resyncLast15MinutesTransferredBytes\": 0,\r\n          \"resyncLastDataTransferTimeUTC\": null,\r\n          \"resyncStartTime\": null,\r\n          \"progressHealth\": \"Completed\",\r\n          \"progressStatus\": \"Grey\"\r\n        },\r\n        {\r\n          \"diskId\": \"{A0F5A31E-BE66-4F83-A382-F3478D1C800F}\",\r\n          \"diskName\": \"Disk0\",\r\n          \"protectionStage\": \"DifferentialSync\",\r\n          \"healthErrorCode\": null,\r\n          \"rpoInSeconds\": 0,\r\n          \"resyncRequired\": \"NotRequired\",\r\n          \"resyncProgressPercentage\": 0,\r\n          \"resyncDurationInSeconds\": 739,\r\n          \"diskCapacityInBytes\": 32212254720,\r\n          \"fileSystemCapacityInBytes\": 32212254720,\r\n          \"sourceDataInMegaBytes\": 0.14,\r\n          \"psDataInMegaBytes\": 0.0,\r\n          \"targetDataInMegaBytes\": 0.0,\r\n          \"diskResized\": \"NotResized\",\r\n          \"lastRpoCalculatedTime\": \"2021-04-07T11:03:31Z\",\r\n          \"resyncProcessedBytes\": 0,\r\n          \"resyncTotalTransferredBytes\": 0,\r\n          \"resyncLast15MinutesTransferredBytes\": 0,\r\n          \"resyncLastDataTransferTimeUTC\": null,\r\n          \"resyncStartTime\": null,\r\n          \"progressHealth\": \"Completed\",\r\n          \"progressStatus\": \"Grey\"\r\n        }\r\n      ],\r\n      \"diskResized\": \"NotResized\",\r\n      \"masterTargetId\": \"30AE6187-5869-8E44-B8AF6AA66E3ECC8F\",\r\n      \"sourceVmCpuCount\": 4,\r\n      \"sourceVmRamSizeInMB\": 4094,\r\n      \"osType\": \"Windows\",\r\n      \"vhdName\": \"\\\\\\\\.\\\\PHYSICALDRIVE0\",\r\n      \"osDiskId\": \"{A0F5A31E-BE66-4F83-A382-F3478D1C800F}\",\r\n      \"azureVMDiskDetails\": [],\r\n      \"recoveryAzureVMName\": \"V2A-W2K16-201\",\r\n      \"recoveryAzureVMSize\": \"Standard_F2s_v2\",\r\n      \"recoveryAzureStorageAccount\": null,\r\n      \"recoveryAzureLogStorageAccountId\": \"/subscriptions/b8aef8e1-37df-4f17-a537-f10e183c8eca/resourceGroups/PwsTestRG/providers/Microsoft.Storage/storageAccounts/pwsteststor\",\r\n      \"vmNics\": [\r\n        {\r\n          \"nicId\": \"00:50:56:95:F8:F5\",\r\n          \"replicaNicId\": null,\r\n          \"sourceNicArmId\": null,\r\n          \"vMNetworkName\": \"Intel(R) 82574L Gigabit Network Connection\",\r\n          \"recoveryVMNetworkId\": \"/subscriptions/b8aef8e1-37df-4f17-a537-f10e183c8eca/resourceGroups/PwsTestRG/providers/Microsoft.Network/virtualNetworks/PwsTestNw\",\r\n          \"ipConfigs\": [\r\n            {\r\n              \"name\": null,\r\n              \"isPrimary\": true,\r\n              \"subnetName\": \"Subnet-1\",\r\n              \"staticIPAddress\": null,\r\n              \"ipAddressType\": \"Dynamic\",\r\n              \"isSeletedForFailover\": true,\r\n              \"recoverySubnetName\": \"subnet1\",\r\n              \"recoveryStaticIPAddress\": null,\r\n              \"recoveryIPAddressType\": \"Dynamic\",\r\n              \"recoveryPublicIPAddressId\": null,\r\n              \"recoveryLBBackendAddressPoolIds\": null,\r\n              \"tfoSubnetName\": null,\r\n              \"tfoStaticIPAddress\": null,\r\n              \"tfoPublicIPAddressId\": null,\r\n              \"tfoLBBackendAddressPoolIds\": null\r\n            }\r\n          ],\r\n          \"selectionType\": \"SelectedByUser\",\r\n          \"recoveryNetworkSecurityGroupId\": null,\r\n          \"enableAcceleratedNetworkingOnRecovery\": null,\r\n          \"tfoVMNetworkId\": null,\r\n          \"tfoNetworkSecurityGroupId\": null,\r\n          \"enableAcceleratedNetworkingOnTfo\": null,\r\n          \"recoveryNicName\": null,\r\n          \"recoveryNicResourceGroupName\": null,\r\n          \"reuseExistingNic\": false,\r\n          \"tfoRecoveryNicName\": null,\r\n          \"tfoRecoveryNicResourceGroupName\": null,\r\n          \"tfoReuseExistingNic\": false\r\n        }\r\n      ],\r\n      \"selectedRecoveryAzureNetworkId\": \"/subscriptions/b8aef8e1-37df-4f17-a537-f10e183c8eca/resourceGroups/PwsTestRG/providers/Microsoft.Network/virtualNetworks/PwsTestNw\",\r\n      \"selectedTfoAzureNetworkId\": null,\r\n      \"selectedSourceNicId\": \"00:50:56:95:F8:F5\",\r\n      \"discoveryType\": \"vCenter\",\r\n      \"enableRdpOnTargetOption\": \"Never\",\r\n      \"datastores\": [\r\n        \"datastore1\"\r\n      ],\r\n      \"targetVmId\": \"/subscriptions/b8aef8e1-37df-4f17-a537-f10e183c8eca/resourceGroups/PwsTestRG/providers/Microsoft.Compute/virtualMachines/\",\r\n      \"recoveryAzureResourceGroupId\": \"/subscriptions/b8aef8e1-37df-4f17-a537-f10e183c8eca/resourceGroups/PwsTestRG\",\r\n      \"recoveryAvailabilitySetId\": null,\r\n      \"targetAvailabilityZone\": null,\r\n      \"targetProximityPlacementGroupId\": \"/subscriptions/b8aef8e1-37df-4f17-a537-f10e183c8eca/resourceGroups/PwsTestRG/providers/Microsoft.Compute/proximityPlacementGroups/PwsTestPpg\",\r\n      \"useManagedDisks\": \"true\",\r\n      \"licenseType\": \"NotSpecified\",\r\n      \"sqlServerLicenseType\": \"NotSpecified\",\r\n      \"validationErrors\": [],\r\n      \"lastRpoCalculatedTime\": \"2021-04-07T11:03:31Z\",\r\n      \"lastUpdateReceivedTime\": \"2021-04-07T11:04:26.6764542Z\",\r\n      \"replicaId\": \"d3731098-963a-11eb-a892-000d3ad78fab_replica_cloud_01fbe5d9-6391-45fc-a729-bef0b458c9fe\",\r\n      \"osVersion\": \"Microsoft Windows Server 2016 Datacenter\",\r\n      \"protectedManagedDisks\": [\r\n        {\r\n          \"diskId\": \"{5D628CF2-6CAA-468D-9E7A-35881C0D00DE}\",\r\n          \"seedManagedDiskId\": \"/subscriptions/b8aef8e1-37df-4f17-a537-f10e183c8eca/resourceGroups/PwsTestRG/providers/Microsoft.Compute/disks/asrseeddisk-V2A_W2K1-PHYSICAL-7f18ef27-8c0e-4c52-96d7-4390b82ec778\",\r\n          \"replicaDiskType\": \"Standard_LRS\",\r\n          \"diskEncryptionSetId\": null\r\n        },\r\n        {\r\n          \"diskId\": \"{A0F5A31E-BE66-4F83-A382-F3478D1C800F}\",\r\n          \"seedManagedDiskId\": \"/subscriptions/b8aef8e1-37df-4f17-a537-f10e183c8eca/resourceGroups/PwsTestRG/providers/Microsoft.Compute/disks/asrseeddisk-V2A_W2K1-PHYSICAL-a4472da1-c127-40f2-8685-79cabef1a9ee\",\r\n          \"replicaDiskType\": \"Standard_LRS\",\r\n          \"diskEncryptionSetId\": null\r\n        }\r\n      ],\r\n      \"lastRecoveryPointReceived\": \"2021-04-07T11:02:40.8589253Z\",\r\n      \"firmwareType\": \"UEFI\",\r\n      \"azureVmGeneration\": \"V2\",\r\n      \"isAdditionalStatsAvailable\": false,\r\n      \"totalDataTransferred\": -1,\r\n      \"totalProgressHealth\": \"Completed\",\r\n      \"targetVmTags\": {},\r\n      \"seedManagedDiskTags\": null,\r\n      \"targetManagedDiskTags\": null,\r\n      \"targetNicTags\": {}\r\n    },\r\n    \"recoveryContainerId\": \"/Subscriptions/b8aef8e1-37df-4f17-a537-f10e183c8eca/resourceGroups/PwsTestRG/providers/Microsoft.RecoveryServices/vaults/PwsTestVault/replicationFabrics/d49858f157601230a6ac5862fbbc6e63bf38d23ecd96cf953767945d457fe9d5/replicationProtectionContainers/d38048d4-b460-4791-8ece-108395ee8478\",\r\n    \"eventCorrelationId\": \"1f4e68a9-6022-4210-9f70-37148368e15a\"\r\n  }\r\n}",
      "StatusCode": 200
    }
  ],
  "Names": {},
  "Variables": {
    "SubscriptionId": "b8aef8e1-37df-4f17-a537-f10e183c8eca"
  }
}