{
  "Entries": [
    {
      "RequestUri": "/subscriptions/b364ed8d-4279-4bf8-8fd1-56f8fa0ae05c/resourceGroups/vijami-rg/providers/Microsoft.RecoveryServices/vaults?api-version=2016-06-01",
      "EncodedRequestUri": "L3N1YnNjcmlwdGlvbnMvYjM2NGVkOGQtNDI3OS00YmY4LThmZDEtNTZmOGZhMGFlMDVjL3Jlc291cmNlR3JvdXBzL3ZpamFtaS1yZy9wcm92aWRlcnMvTWljcm9zb2Z0LlJlY292ZXJ5U2VydmljZXMvdmF1bHRzP2FwaS12ZXJzaW9uPTIwMTYtMDYtMDE=",
      "RequestMethod": "GET",
      "RequestBody": "",
      "RequestHeaders": {
        "x-ms-client-request-id": [
          "56843fec-0d8a-44fc-8b5a-4343560974cb"
        ],
        "Accept-Language": [
          "en-US"
        ],
        "User-Agent": [
          "FxVersion/4.6.29518.01",
          "OSName/Windows",
          "OSVersion/Microsoft.Windows.10.0.19042.",
          "Microsoft.Azure.Management.RecoveryServices.RecoveryServicesClient/4.3.1.0"
        ]
      },
      "ResponseHeaders": {
        "Cache-Control": [
          "no-cache"
        ],
        "Pragma": [
          "no-cache"
        ],
        "x-ms-original-request-ids": [
          "421f68de-c584-4cbb-a251-f5caf4bceaf7",
          "421f68de-c584-4cbb-a251-f5caf4bceaf7"
        ],
        "x-ms-ratelimit-remaining-subscription-reads": [
          "11988"
        ],
        "x-ms-request-id": [
          "421f68de-c584-4cbb-a251-f5caf4bceaf7"
        ],
        "x-ms-correlation-request-id": [
          "421f68de-c584-4cbb-a251-f5caf4bceaf7"
        ],
        "x-ms-routing-request-id": [
          "CENTRALINDIA:20210122T061912Z:421f68de-c584-4cbb-a251-f5caf4bceaf7"
        ],
        "Strict-Transport-Security": [
          "max-age=31536000; includeSubDomains"
        ],
        "X-Content-Type-Options": [
          "nosniff"
        ],
        "Date": [
          "Fri, 22 Jan 2021 06:19:12 GMT"
        ],
        "Content-Type": [
          "application/json; charset=utf-8"
        ],
        "Expires": [
          "-1"
        ],
        "Content-Length": [
          "1374"
        ]
      },
      "ResponseBody": "{\r\n  \"value\": [\r\n    {\r\n      \"location\": \"eastus\",\r\n      \"name\": \"vidyavault\",\r\n      \"etag\": \"W/\\\"datetime'2021-01-22T05%3A15%3A43.2034947Z'\\\"\",\r\n      \"properties\": {\r\n        \"provisioningState\": \"Succeeded\",\r\n        \"privateEndpointStateForBackup\": \"None\",\r\n        \"privateEndpointStateForSiteRecovery\": \"None\"\r\n      },\r\n      \"id\": \"/subscriptions/b364ed8d-4279-4bf8-8fd1-56f8fa0ae05c/resourceGroups/vijami-rg/providers/Microsoft.RecoveryServices/vaults/vidyavault\",\r\n      \"type\": \"Microsoft.RecoveryServices/vaults\",\r\n      \"sku\": {\r\n        \"name\": \"RS0\",\r\n        \"tier\": \"Standard\"\r\n      }\r\n    },\r\n    {\r\n      \"location\": \"eastus\",\r\n      \"name\": \"vijamivault\",\r\n      \"etag\": \"W/\\\"datetime'2021-01-19T08%3A03%3A26.3037424Z'\\\"\",\r\n      \"properties\": {\r\n        \"provisioningState\": \"Succeeded\",\r\n        \"privateEndpointStateForBackup\": \"None\",\r\n        \"privateEndpointStateForSiteRecovery\": \"None\"\r\n      },\r\n      \"id\": \"/subscriptions/b364ed8d-4279-4bf8-8fd1-56f8fa0ae05c/resourceGroups/vijami-rg/providers/Microsoft.RecoveryServices/vaults/vijamivault\",\r\n      \"type\": \"Microsoft.RecoveryServices/vaults\",\r\n      \"sku\": {\r\n        \"name\": \"RS0\",\r\n        \"tier\": \"Standard\"\r\n      }\r\n    },\r\n    {\r\n      \"location\": \"southeastasia\",\r\n      \"name\": \"testvault\",\r\n      \"etag\": \"W/\\\"datetime'2021-01-15T04%3A31%3A48.0780041Z'\\\"\",\r\n      \"properties\": {\r\n        \"provisioningState\": \"Succeeded\",\r\n        \"privateEndpointStateForBackup\": \"None\",\r\n        \"privateEndpointStateForSiteRecovery\": \"None\"\r\n      },\r\n      \"id\": \"/subscriptions/b364ed8d-4279-4bf8-8fd1-56f8fa0ae05c/resourceGroups/vijami-rg/providers/Microsoft.RecoveryServices/vaults/testvault\",\r\n      \"type\": \"Microsoft.RecoveryServices/vaults\",\r\n      \"sku\": {\r\n        \"name\": \"RS0\",\r\n        \"tier\": \"Standard\"\r\n      }\r\n    }\r\n  ]\r\n}",
      "StatusCode": 200
    },
    {
      "RequestUri": "/Subscriptions/b364ed8d-4279-4bf8-8fd1-56f8fa0ae05c/resourceGroups/vijami-rg/providers/Microsoft.RecoveryServices/vaults/vidyavault/replicationFabrics?api-version=2018-07-10",
      "EncodedRequestUri": "L1N1YnNjcmlwdGlvbnMvYjM2NGVkOGQtNDI3OS00YmY4LThmZDEtNTZmOGZhMGFlMDVjL3Jlc291cmNlR3JvdXBzL3ZpamFtaS1yZy9wcm92aWRlcnMvTWljcm9zb2Z0LlJlY292ZXJ5U2VydmljZXMvdmF1bHRzL3ZpZHlhdmF1bHQvcmVwbGljYXRpb25GYWJyaWNzP2FwaS12ZXJzaW9uPTIwMTgtMDctMTA=",
      "RequestMethod": "GET",
      "RequestBody": "",
      "RequestHeaders": {
        "x-ms-client-request-id": [
          "d6f41225-9b64-4bae-bf7f-f1aafe94b6d9"
        ],
        "Accept-Language": [
          "en-US"
        ],
        "Agent-Authentication": [
          "{\"NotBeforeTimestamp\":\"\\/Date(1611292752536)\\/\",\"NotAfterTimestamp\":\"\\/Date(1611897552536)\\/\",\"ClientRequestId\":\"a9da184f-dea0-47c0-8392-4f5a7dc51d57-2021-01-22 06:19:12Z-Ps\",\"HashFunction\":\"HMACSHA256\",\"Hmac\":\"8m3fHN1ijZwSUKjmJNs1w9kzMDPHv3xrA1HKUlIrwbE=\",\"Version\":{\"Major\":1,\"Minor\":2,\"Build\":-1,\"Revision\":-1,\"MajorRevision\":-1,\"MinorRevision\":-1},\"PropertyBag\":{}}"
        ],
        "User-Agent": [
          "FxVersion/4.6.29518.01",
          "OSName/Windows",
          "OSVersion/Microsoft.Windows.10.0.19042.",
          "Microsoft.Azure.Management.RecoveryServices.SiteRecovery.SiteRecoveryManagementClient/2.1.2.0"
        ]
      },
      "ResponseHeaders": {
        "Cache-Control": [
          "no-cache"
        ],
        "Pragma": [
          "no-cache"
        ],
        "x-ms-ratelimit-remaining-subscription-reads": [
          "11999"
        ],
        "Server": [
          "Microsoft-IIS/10.0",
          "Kestrel"
        ],
        "x-ms-request-id": [
          "d6f41225-9b64-4bae-bf7f-f1aafe94b6d9 1/22/2021 6:19:13 AM"
        ],
        "X-Content-Type-Options": [
          "nosniff"
        ],
        "x-ms-client-request-id": [
          "d6f41225-9b64-4bae-bf7f-f1aafe94b6d9"
        ],
        "Strict-Transport-Security": [
          "max-age=31536000; includeSubDomains"
        ],
        "x-ms-correlation-request-id": [
          "98ecdb7a-1c04-4d9b-8b50-0daf5f577499"
        ],
        "x-ms-routing-request-id": [
          "CENTRALINDIA:20210122T061914Z:98ecdb7a-1c04-4d9b-8b50-0daf5f577499"
        ],
        "Date": [
          "Fri, 22 Jan 2021 06:19:13 GMT"
        ],
        "Content-Length": [
          "9420"
        ],
        "Content-Type": [
          "application/json"
        ],
        "Expires": [
          "-1"
        ]
      },
      "ResponseBody": "{\r\n  \"value\": [\r\n    {\r\n      \"name\": \"hyperv\",\r\n      \"type\": \"Microsoft.RecoveryServices/vaults/replicationFabrics\",\r\n      \"id\": \"/Subscriptions/b364ed8d-4279-4bf8-8fd1-56f8fa0ae05c/resourceGroups/vijami-rg/providers/Microsoft.RecoveryServices/vaults/vidyavault/replicationFabrics/hyperv\",\r\n      \"properties\": {\r\n        \"friendlyName\": \"hyperv\",\r\n        \"encryptionDetails\": {\r\n          \"kekState\": \"None\",\r\n          \"kekCertThumbprint\": null\r\n        },\r\n        \"rolloverEncryptionDetails\": {\r\n          \"kekState\": \"None\",\r\n          \"kekCertThumbprint\": null\r\n        },\r\n        \"internalIdentifier\": \"46e5f324-c3fa-508e-8a90-a3232d20dce0\",\r\n        \"bcdrState\": \"Valid\",\r\n        \"customDetails\": {\r\n          \"instanceType\": \"HyperVSite\"\r\n        },\r\n        \"healthErrorDetails\": [],\r\n        \"health\": \"Normal\"\r\n      }\r\n    },\r\n    {\r\n      \"name\": \"f7b8c3cebff5ec9a201a5d3d0698584e7881b07453c8a6e6604a982c1f9eeb58\",\r\n      \"type\": \"Microsoft.RecoveryServices/vaults/replicationFabrics\",\r\n      \"id\": \"/Subscriptions/b364ed8d-4279-4bf8-8fd1-56f8fa0ae05c/resourceGroups/vijami-rg/providers/Microsoft.RecoveryServices/vaults/vidyavault/replicationFabrics/f7b8c3cebff5ec9a201a5d3d0698584e7881b07453c8a6e6604a982c1f9eeb58\",\r\n      \"properties\": {\r\n        \"friendlyName\": \"WIN-B6L6OJO1E6Q\",\r\n        \"encryptionDetails\": {\r\n          \"kekState\": \"None\",\r\n          \"kekCertThumbprint\": null\r\n        },\r\n        \"rolloverEncryptionDetails\": {\r\n          \"kekState\": \"None\",\r\n          \"kekCertThumbprint\": null\r\n        },\r\n        \"internalIdentifier\": \"50e59fc8-5876-4dec-b203-19d5bd69797f\",\r\n        \"bcdrState\": \"Valid\",\r\n        \"customDetails\": {\r\n          \"instanceType\": \"VMware\",\r\n          \"processServers\": [\r\n            {\r\n              \"friendlyName\": \"WIN-B6L6OJO1E6Q\",\r\n              \"id\": \"D10734D9-FD18-484A-9357660D51665E8F\",\r\n              \"ipAddress\": \"10.150.168.161\",\r\n              \"osType\": \"Windows\",\r\n              \"agentVersion\": \"9.31.0.0\",\r\n              \"lastHeartbeat\": \"2021-01-22T06:05:52Z\",\r\n              \"versionStatus\": \"NotSupported\",\r\n              \"mobilityServiceUpdates\": [\r\n                {\r\n                  \"version\": \"9.31.0.0\",\r\n                  \"rebootStatus\": \"NotRequired\",\r\n                  \"osType\": \"Windows\"\r\n                },\r\n                {\r\n                  \"version\": \"9.31.0.0\",\r\n                  \"rebootStatus\": \"NotRequired\",\r\n                  \"osType\": \"Linux\"\r\n                }\r\n              ],\r\n              \"hostId\": \"D10734D9-FD18-484A-9357660D51665E8F\",\r\n              \"machineCount\": \"1\",\r\n              \"replicationPairCount\": \"1\",\r\n              \"systemLoad\": \"4\",\r\n              \"systemLoadStatus\": \"Green\",\r\n              \"cpuLoad\": \"16%\",\r\n              \"cpuLoadStatus\": \"Green\",\r\n              \"totalMemoryInBytes\": 5032697856,\r\n              \"availableMemoryInBytes\": 2362348374,\r\n              \"memoryUsageStatus\": \"Green\",\r\n              \"totalSpaceInBytes\": 42580570112,\r\n              \"availableSpaceInBytes\": 24461930837,\r\n              \"spaceUsageStatus\": \"Green\",\r\n              \"psServiceStatus\": \"Running\",\r\n              \"sslCertExpiryDate\": \"2024-01-21T18:02:54Z\",\r\n              \"sslCertExpiryRemainingDays\": 1094,\r\n              \"osVersion\": null,\r\n              \"healthErrors\": [\r\n                {\r\n                  \"errorSource\": \"ProcessServer\",\r\n                  \"errorType\": null,\r\n                  \"errorLevel\": \"Error\",\r\n                  \"errorCategory\": \"VersionExpiry\",\r\n                  \"errorCode\": \"819\",\r\n                  \"summaryMessage\": \"Process server version is no longer supported.\",\r\n                  \"errorMessage\": \"The support for the version of Azure Site Recovery software (9.31.0.0) running on your Process Server ended on (01/01/0001). The service is currently running with limited functionality, upgrade Process Server to the latest version to resume full functionality. Read more https://aka.ms/asragentexpiry \",\r\n                  \"possibleCauses\": \"The Process Server has not been updated to the latest version. The latest version available is (9.40.0.0).\",\r\n                  \"recommendedAction\": \"Upgrade the Process Server now to restore full functionality on your Recovery Services vault.\",\r\n                  \"creationTimeUtc\": \"2021-01-21T10:17:16.3847973Z\",\r\n                  \"recoveryProviderErrorMessage\": null,\r\n                  \"entityId\": \"50e59fc8-5876-4dec-b203-19d5bd69797f\"\r\n                }\r\n              ],\r\n              \"agentExpiryDate\": \"0001-01-01T00:00:00\",\r\n              \"agentVersionDetails\": {\r\n                \"version\": \"9.31.0.0\",\r\n                \"expiryDate\": \"0001-01-01T00:00:00\",\r\n                \"status\": \"NotSupported\"\r\n              },\r\n              \"health\": \"Critical\",\r\n              \"historicHealth\": \"Normal\",\r\n              \"psStatsRefreshTime\": \"2021-01-22T06:09:19Z\",\r\n              \"throughputUploadPendingDataInBytes\": 0,\r\n              \"throughputInMBps\": 4,\r\n              \"throughputInBytes\": 4299319,\r\n              \"throughputStatus\": \"Green\",\r\n              \"marsCommunicationStatus\": null,\r\n              \"marsRegistrationStatus\": null\r\n            }\r\n          ],\r\n          \"masterTargetServers\": [\r\n            {\r\n              \"id\": \"D10734D9-FD18-484A-9357660D51665E8F\",\r\n              \"ipAddress\": \"10.150.168.161\",\r\n              \"name\": \"WIN-B6L6OJO1E6Q\",\r\n              \"osType\": \"Windows\",\r\n              \"agentVersion\": \"9.31.0.0\",\r\n              \"lastHeartbeat\": \"2021-01-22T06:09:19Z\",\r\n              \"versionStatus\": \"NotSupported\",\r\n              \"retentionVolumes\": [],\r\n              \"dataStores\": [\r\n                {\r\n                  \"symbolicName\": \"datastore1\",\r\n                  \"uuid\": \"5fda103a-1a1e7a80-f1bd-4cd98f63b7b7\",\r\n                  \"capacity\": \"550.75\",\r\n                  \"freeSpace\": \"206.12\",\r\n                  \"type\": \"VMFS\"\r\n                },\r\n                {\r\n                  \"symbolicName\": \"datastore78-ext2\",\r\n                  \"uuid\": \"5de660af-54cd74db-e392-f8bc124d6486\",\r\n                  \"capacity\": \"5119.75\",\r\n                  \"freeSpace\": \"419.13\",\r\n                  \"type\": \"VMFS\"\r\n                },\r\n                {\r\n                  \"symbolicName\": \"Newdatastore\",\r\n                  \"uuid\": \"5fe1f478-e5a7e09a-702b-4cd98f63b7b7\",\r\n                  \"capacity\": \"3071.75\",\r\n                  \"freeSpace\": \"560.02\",\r\n                  \"type\": \"VMFS\"\r\n                }\r\n              ],\r\n              \"validationErrors\": [],\r\n              \"healthErrors\": [\r\n                {\r\n                  \"errorSource\": \"MasterTarget\",\r\n                  \"errorType\": null,\r\n                  \"errorLevel\": \"Error\",\r\n                  \"errorCategory\": \"VersionExpiry\",\r\n                  \"errorCode\": \"822\",\r\n                  \"summaryMessage\": \"Master Target server version is no longer supported.\",\r\n                  \"errorMessage\": \"The support for the version of Azure Site Recovery software (9.31.0.0) running on your Master Target server ended on (01/01/0001). The service is currently running with limited functionality, upgrade Master Target server to the latest version to resume full functionality. Read more https://aka.ms/asragentexpiry \",\r\n                  \"possibleCauses\": \"The Master Target server has not been updated to the latest version. The latest version available is (9.40.0.0).\",\r\n                  \"recommendedAction\": \"Upgrade the Master Target server now to restore full functionality on your Recovery Services vault.\",\r\n                  \"creationTimeUtc\": \"2021-01-21T10:17:16.4198507Z\",\r\n                  \"recoveryProviderErrorMessage\": null,\r\n                  \"entityId\": \"50e59fc8-5876-4dec-b203-19d5bd69797f\"\r\n                }\r\n              ],\r\n              \"diskCount\": 1,\r\n              \"osVersion\": \"Microsoft Windows Server 2012 R2 Standard\",\r\n              \"agentExpiryDate\": \"0001-01-01T00:00:00\",\r\n              \"marsAgentVersion\": \"2.0.9165.0\",\r\n              \"marsAgentExpiryDate\": \"2021-01-07T00:00:00Z\",\r\n              \"agentVersionDetails\": {\r\n                \"version\": \"9.31.0.0\",\r\n                \"expiryDate\": \"0001-01-01T00:00:00\",\r\n                \"status\": \"NotSupported\"\r\n              },\r\n              \"marsAgentVersionDetails\": {\r\n                \"version\": \"2.0.9165.0\",\r\n                \"expiryDate\": \"2021-01-07T00:00:00Z\",\r\n                \"status\": \"UpdateRequired\"\r\n              }\r\n            }\r\n          ],\r\n          \"runAsAccounts\": [\r\n            {\r\n              \"accountId\": \"1\",\r\n              \"accountName\": \"winacc\"\r\n            },\r\n            {\r\n              \"accountId\": \"2\",\r\n              \"accountName\": \"vcenteracc\"\r\n            }\r\n          ],\r\n          \"replicationPairCount\": \"1\",\r\n          \"processServerCount\": \"1\",\r\n          \"agentCount\": \"1\",\r\n          \"protectedServers\": \"1\",\r\n          \"systemLoad\": \"4\",\r\n          \"systemLoadStatus\": \"Green\",\r\n          \"cpuLoad\": \"16%\",\r\n          \"cpuLoadStatus\": \"Green\",\r\n          \"totalMemoryInBytes\": 5032697856,\r\n          \"availableMemoryInBytes\": 2362348374,\r\n          \"memoryUsageStatus\": \"Green\",\r\n          \"totalSpaceInBytes\": 42580570112,\r\n          \"availableSpaceInBytes\": 24461930837,\r\n          \"spaceUsageStatus\": \"Green\",\r\n          \"webLoad\": \"0\",\r\n          \"webLoadStatus\": \"Green\",\r\n          \"databaseServerLoad\": \"0.25\",\r\n          \"databaseServerLoadStatus\": \"Green\",\r\n          \"csServiceStatus\": \"Running\",\r\n          \"ipAddress\": \"10.150.168.161\",\r\n          \"agentVersion\": \"9.31.0.0\",\r\n          \"hostName\": \"WIN-B6L6OJO1E6Q\",\r\n          \"lastHeartbeat\": \"2021-01-22T06:09:39.0026387Z\",\r\n          \"versionStatus\": \"NotSupported\",\r\n          \"sslCertExpiryDate\": \"2024-01-21T18:02:53Z\",\r\n          \"sslCertExpiryRemainingDays\": 1094,\r\n          \"psTemplateVersion\": \"202101.07.00\",\r\n          \"agentExpiryDate\": \"0001-01-01T00:00:00\",\r\n          \"agentVersionDetails\": {\r\n            \"version\": \"9.31.0.0\",\r\n            \"expiryDate\": \"0001-01-01T00:00:00\",\r\n            \"status\": \"NotSupported\"\r\n          }\r\n        },\r\n        \"healthErrorDetails\": [\r\n          {\r\n            \"errorSource\": \"ConfigurationServer\",\r\n            \"errorType\": null,\r\n            \"errorLevel\": \"Error\",\r\n            \"errorCategory\": \"VersionExpiry\",\r\n            \"errorCode\": \"816\",\r\n            \"summaryMessage\": \"Configuration server or Azure Site Recovery Provider version is no longer supported.\",\r\n            \"errorMessage\": \"The support for the version of Azure Site Recovery software (9.31.0.0) running on your Configuration Server or Azure Site Recovery Provider ended on (01/01/0001). The service is currently running with limited functionality, upgrade Configuration Server to the latest version to resume full functionality. Read more https://aka.ms/asragentexpiry \",\r\n            \"possibleCauses\": \"The Configuration Server or Azure Site Recovery Provider has not been updated to the latest version. The latest version available is (9.40.0.0).\",\r\n            \"recommendedAction\": \"Upgrade the Configuration Server or Azure Site Recovery Provider now to restore full functionality on your Recovery Services vault.\",\r\n            \"creationTimeUtc\": \"2021-01-21T10:17:16.4698556Z\",\r\n            \"recoveryProviderErrorMessage\": null,\r\n            \"entityId\": \"50e59fc8-5876-4dec-b203-19d5bd69797f\"\r\n          },\r\n          {\r\n            \"errorSource\": \"MasterTarget\",\r\n            \"errorType\": null,\r\n            \"errorLevel\": \"Error\",\r\n            \"errorCategory\": \"VersionExpiry\",\r\n            \"errorCode\": \"822\",\r\n            \"summaryMessage\": \"Master Target server version is no longer supported.\",\r\n            \"errorMessage\": \"The support for the version of Azure Site Recovery software (9.31.0.0) running on your Master Target server ended on (01/01/0001). The service is currently running with limited functionality, upgrade Master Target server to the latest version to resume full functionality. Read more https://aka.ms/asragentexpiry \",\r\n            \"possibleCauses\": \"The Master Target server has not been updated to the latest version. The latest version available is (9.40.0.0).\",\r\n            \"recommendedAction\": \"Upgrade the Master Target server now to restore full functionality on your Recovery Services vault.\",\r\n            \"creationTimeUtc\": \"2021-01-21T10:17:16.4198507Z\",\r\n            \"recoveryProviderErrorMessage\": null,\r\n            \"entityId\": \"50e59fc8-5876-4dec-b203-19d5bd69797f\"\r\n          },\r\n          {\r\n            \"errorSource\": \"ProcessServer\",\r\n            \"errorType\": null,\r\n            \"errorLevel\": \"Error\",\r\n            \"errorCategory\": \"VersionExpiry\",\r\n            \"errorCode\": \"819\",\r\n            \"summaryMessage\": \"Process server version is no longer supported.\",\r\n            \"errorMessage\": \"The support for the version of Azure Site Recovery software (9.31.0.0) running on your Process Server ended on (01/01/0001). The service is currently running with limited functionality, upgrade Process Server to the latest version to resume full functionality. Read more https://aka.ms/asragentexpiry \",\r\n            \"possibleCauses\": \"The Process Server has not been updated to the latest version. The latest version available is (9.40.0.0).\",\r\n            \"recommendedAction\": \"Upgrade the Process Server now to restore full functionality on your Recovery Services vault.\",\r\n            \"creationTimeUtc\": \"2021-01-21T10:17:16.3847973Z\",\r\n            \"recoveryProviderErrorMessage\": null,\r\n            \"entityId\": \"50e59fc8-5876-4dec-b203-19d5bd69797f\"\r\n          }\r\n        ],\r\n        \"health\": \"Normal\"\r\n      }\r\n    }\r\n  ],\r\n  \"nextLink\": null\r\n}",
      "StatusCode": 200
    },
    {
      "RequestUri": "/Subscriptions/b364ed8d-4279-4bf8-8fd1-56f8fa0ae05c/resourceGroups/vijami-rg/providers/Microsoft.RecoveryServices/vaults/vidyavault/replicationFabrics/f7b8c3cebff5ec9a201a5d3d0698584e7881b07453c8a6e6604a982c1f9eeb58?api-version=2018-07-10",
      "EncodedRequestUri": "L1N1YnNjcmlwdGlvbnMvYjM2NGVkOGQtNDI3OS00YmY4LThmZDEtNTZmOGZhMGFlMDVjL3Jlc291cmNlR3JvdXBzL3ZpamFtaS1yZy9wcm92aWRlcnMvTWljcm9zb2Z0LlJlY292ZXJ5U2VydmljZXMvdmF1bHRzL3ZpZHlhdmF1bHQvcmVwbGljYXRpb25GYWJyaWNzL2Y3YjhjM2NlYmZmNWVjOWEyMDFhNWQzZDA2OTg1ODRlNzg4MWIwNzQ1M2M4YTZlNjYwNGE5ODJjMWY5ZWViNTg/YXBpLXZlcnNpb249MjAxOC0wNy0xMA==",
      "RequestMethod": "GET",
      "RequestBody": "",
      "RequestHeaders": {
        "x-ms-client-request-id": [
          "d6f41225-9b64-4bae-bf7f-f1aafe94b6d9"
        ],
        "Accept-Language": [
          "en-US"
        ],
        "Agent-Authentication": [
          "{\"NotBeforeTimestamp\":\"\\/Date(1611292754189)\\/\",\"NotAfterTimestamp\":\"\\/Date(1611897554189)\\/\",\"ClientRequestId\":\"3a86d14b-47ba-44bf-8887-2a230908b77e-2021-01-22 06:19:14Z-Ps\",\"HashFunction\":\"HMACSHA256\",\"Hmac\":\"s7VbwMqYN3fLD37Xcbioc06cbUJOIvAd7LMOeKlzctY=\",\"Version\":{\"Major\":1,\"Minor\":2,\"Build\":-1,\"Revision\":-1,\"MajorRevision\":-1,\"MinorRevision\":-1},\"PropertyBag\":{}}"
        ],
        "User-Agent": [
          "FxVersion/4.6.29518.01",
          "OSName/Windows",
          "OSVersion/Microsoft.Windows.10.0.19042.",
          "Microsoft.Azure.Management.RecoveryServices.SiteRecovery.SiteRecoveryManagementClient/2.1.2.0"
        ]
      },
      "ResponseHeaders": {
        "Cache-Control": [
          "no-cache"
        ],
        "Pragma": [
          "no-cache"
        ],
        "x-ms-ratelimit-remaining-subscription-reads": [
          "11998"
        ],
        "Server": [
          "Microsoft-IIS/10.0",
          "Kestrel"
        ],
        "x-ms-request-id": [
          "d6f41225-9b64-4bae-bf7f-f1aafe94b6d9 1/22/2021 6:19:14 AM"
        ],
        "X-Content-Type-Options": [
          "nosniff"
        ],
        "x-ms-client-request-id": [
          "d6f41225-9b64-4bae-bf7f-f1aafe94b6d9"
        ],
        "Strict-Transport-Security": [
          "max-age=31536000; includeSubDomains"
        ],
        "x-ms-correlation-request-id": [
          "79a5ce11-b998-44b3-a279-7cc32a26d24a"
        ],
        "x-ms-routing-request-id": [
          "CENTRALINDIA:20210122T061914Z:79a5ce11-b998-44b3-a279-7cc32a26d24a"
        ],
        "Date": [
          "Fri, 22 Jan 2021 06:19:14 GMT"
        ],
        "Content-Length": [
          "8776"
        ],
        "Content-Type": [
          "application/json"
        ],
        "Expires": [
          "-1"
        ]
      },
      "ResponseBody": "{\r\n  \"name\": \"f7b8c3cebff5ec9a201a5d3d0698584e7881b07453c8a6e6604a982c1f9eeb58\",\r\n  \"type\": \"Microsoft.RecoveryServices/vaults/replicationFabrics\",\r\n  \"id\": \"/Subscriptions/b364ed8d-4279-4bf8-8fd1-56f8fa0ae05c/resourceGroups/vijami-rg/providers/Microsoft.RecoveryServices/vaults/vidyavault/replicationFabrics/f7b8c3cebff5ec9a201a5d3d0698584e7881b07453c8a6e6604a982c1f9eeb58\",\r\n  \"properties\": {\r\n    \"friendlyName\": \"WIN-B6L6OJO1E6Q\",\r\n    \"encryptionDetails\": {\r\n      \"kekState\": \"None\",\r\n      \"kekCertThumbprint\": null\r\n    },\r\n    \"rolloverEncryptionDetails\": {\r\n      \"kekState\": \"None\",\r\n      \"kekCertThumbprint\": null\r\n    },\r\n    \"internalIdentifier\": \"50e59fc8-5876-4dec-b203-19d5bd69797f\",\r\n    \"bcdrState\": \"Valid\",\r\n    \"customDetails\": {\r\n      \"instanceType\": \"VMware\",\r\n      \"processServers\": [\r\n        {\r\n          \"friendlyName\": \"WIN-B6L6OJO1E6Q\",\r\n          \"id\": \"D10734D9-FD18-484A-9357660D51665E8F\",\r\n          \"ipAddress\": \"10.150.168.161\",\r\n          \"osType\": \"Windows\",\r\n          \"agentVersion\": \"9.31.0.0\",\r\n          \"lastHeartbeat\": \"2021-01-22T06:05:52Z\",\r\n          \"versionStatus\": \"NotSupported\",\r\n          \"mobilityServiceUpdates\": [\r\n            {\r\n              \"version\": \"9.31.0.0\",\r\n              \"rebootStatus\": \"NotRequired\",\r\n              \"osType\": \"Windows\"\r\n            },\r\n            {\r\n              \"version\": \"9.31.0.0\",\r\n              \"rebootStatus\": \"NotRequired\",\r\n              \"osType\": \"Linux\"\r\n            }\r\n          ],\r\n          \"hostId\": \"D10734D9-FD18-484A-9357660D51665E8F\",\r\n          \"machineCount\": \"1\",\r\n          \"replicationPairCount\": \"1\",\r\n          \"systemLoad\": \"4\",\r\n          \"systemLoadStatus\": \"Green\",\r\n          \"cpuLoad\": \"16%\",\r\n          \"cpuLoadStatus\": \"Green\",\r\n          \"totalMemoryInBytes\": 5032697856,\r\n          \"availableMemoryInBytes\": 2362348374,\r\n          \"memoryUsageStatus\": \"Green\",\r\n          \"totalSpaceInBytes\": 42580570112,\r\n          \"availableSpaceInBytes\": 24461930837,\r\n          \"spaceUsageStatus\": \"Green\",\r\n          \"psServiceStatus\": \"Running\",\r\n          \"sslCertExpiryDate\": \"2024-01-21T18:02:54Z\",\r\n          \"sslCertExpiryRemainingDays\": 1094,\r\n          \"osVersion\": null,\r\n          \"healthErrors\": [\r\n            {\r\n              \"errorSource\": \"ProcessServer\",\r\n              \"errorType\": null,\r\n              \"errorLevel\": \"Error\",\r\n              \"errorCategory\": \"VersionExpiry\",\r\n              \"errorCode\": \"819\",\r\n              \"summaryMessage\": \"Process server version is no longer supported.\",\r\n              \"errorMessage\": \"The support for the version of Azure Site Recovery software (9.31.0.0) running on your Process Server ended on (01/01/0001). The service is currently running with limited functionality, upgrade Process Server to the latest version to resume full functionality. Read more https://aka.ms/asragentexpiry \",\r\n              \"possibleCauses\": \"The Process Server has not been updated to the latest version. The latest version available is (9.40.0.0).\",\r\n              \"recommendedAction\": \"Upgrade the Process Server now to restore full functionality on your Recovery Services vault.\",\r\n              \"creationTimeUtc\": \"2021-01-21T10:17:16.3847973Z\",\r\n              \"recoveryProviderErrorMessage\": null,\r\n              \"entityId\": \"50e59fc8-5876-4dec-b203-19d5bd69797f\"\r\n            }\r\n          ],\r\n          \"agentExpiryDate\": \"0001-01-01T00:00:00\",\r\n          \"agentVersionDetails\": {\r\n            \"version\": \"9.31.0.0\",\r\n            \"expiryDate\": \"0001-01-01T00:00:00\",\r\n            \"status\": \"NotSupported\"\r\n          },\r\n          \"health\": \"Critical\",\r\n          \"psStatsRefreshTime\": \"2021-01-22T06:09:19Z\",\r\n          \"throughputUploadPendingDataInBytes\": 0,\r\n          \"throughputInMBps\": 4,\r\n          \"throughputInBytes\": 4299319,\r\n          \"throughputStatus\": \"Green\",\r\n          \"marsCommunicationStatus\": null,\r\n          \"marsRegistrationStatus\": null\r\n        }\r\n      ],\r\n      \"masterTargetServers\": [\r\n        {\r\n          \"id\": \"D10734D9-FD18-484A-9357660D51665E8F\",\r\n          \"ipAddress\": \"10.150.168.161\",\r\n          \"name\": \"WIN-B6L6OJO1E6Q\",\r\n          \"osType\": \"Windows\",\r\n          \"agentVersion\": \"9.31.0.0\",\r\n          \"lastHeartbeat\": \"2021-01-22T06:09:19Z\",\r\n          \"versionStatus\": \"NotSupported\",\r\n          \"retentionVolumes\": [],\r\n          \"dataStores\": [\r\n            {\r\n              \"symbolicName\": \"datastore1\",\r\n              \"uuid\": \"5fda103a-1a1e7a80-f1bd-4cd98f63b7b7\",\r\n              \"capacity\": \"550.75\",\r\n              \"freeSpace\": \"206.12\",\r\n              \"type\": \"VMFS\"\r\n            },\r\n            {\r\n              \"symbolicName\": \"datastore78-ext2\",\r\n              \"uuid\": \"5de660af-54cd74db-e392-f8bc124d6486\",\r\n              \"capacity\": \"5119.75\",\r\n              \"freeSpace\": \"419.13\",\r\n              \"type\": \"VMFS\"\r\n            },\r\n            {\r\n              \"symbolicName\": \"Newdatastore\",\r\n              \"uuid\": \"5fe1f478-e5a7e09a-702b-4cd98f63b7b7\",\r\n              \"capacity\": \"3071.75\",\r\n              \"freeSpace\": \"560.02\",\r\n              \"type\": \"VMFS\"\r\n            }\r\n          ],\r\n          \"validationErrors\": [],\r\n          \"healthErrors\": [\r\n            {\r\n              \"errorSource\": \"MasterTarget\",\r\n              \"errorType\": null,\r\n              \"errorLevel\": \"Error\",\r\n              \"errorCategory\": \"VersionExpiry\",\r\n              \"errorCode\": \"822\",\r\n              \"summaryMessage\": \"Master Target server version is no longer supported.\",\r\n              \"errorMessage\": \"The support for the version of Azure Site Recovery software (9.31.0.0) running on your Master Target server ended on (01/01/0001). The service is currently running with limited functionality, upgrade Master Target server to the latest version to resume full functionality. Read more https://aka.ms/asragentexpiry \",\r\n              \"possibleCauses\": \"The Master Target server has not been updated to the latest version. The latest version available is (9.40.0.0).\",\r\n              \"recommendedAction\": \"Upgrade the Master Target server now to restore full functionality on your Recovery Services vault.\",\r\n              \"creationTimeUtc\": \"2021-01-21T10:17:16.4198507Z\",\r\n              \"recoveryProviderErrorMessage\": null,\r\n              \"entityId\": \"50e59fc8-5876-4dec-b203-19d5bd69797f\"\r\n            }\r\n          ],\r\n          \"diskCount\": 1,\r\n          \"osVersion\": \"Microsoft Windows Server 2012 R2 Standard\",\r\n          \"agentExpiryDate\": \"0001-01-01T00:00:00\",\r\n          \"marsAgentVersion\": \"2.0.9165.0\",\r\n          \"marsAgentExpiryDate\": \"2021-01-07T00:00:00Z\",\r\n          \"agentVersionDetails\": {\r\n            \"version\": \"9.31.0.0\",\r\n            \"expiryDate\": \"0001-01-01T00:00:00\",\r\n            \"status\": \"NotSupported\"\r\n          },\r\n          \"marsAgentVersionDetails\": {\r\n            \"version\": \"2.0.9165.0\",\r\n            \"expiryDate\": \"2021-01-07T00:00:00Z\",\r\n            \"status\": \"UpdateRequired\"\r\n          }\r\n        }\r\n      ],\r\n      \"runAsAccounts\": [\r\n        {\r\n          \"accountId\": \"1\",\r\n          \"accountName\": \"winacc\"\r\n        },\r\n        {\r\n          \"accountId\": \"2\",\r\n          \"accountName\": \"vcenteracc\"\r\n        }\r\n      ],\r\n      \"replicationPairCount\": \"1\",\r\n      \"processServerCount\": \"1\",\r\n      \"agentCount\": \"1\",\r\n      \"protectedServers\": \"1\",\r\n      \"systemLoad\": \"4\",\r\n      \"systemLoadStatus\": \"Green\",\r\n      \"cpuLoad\": \"16%\",\r\n      \"cpuLoadStatus\": \"Green\",\r\n      \"totalMemoryInBytes\": 5032697856,\r\n      \"availableMemoryInBytes\": 2362348374,\r\n      \"memoryUsageStatus\": \"Green\",\r\n      \"totalSpaceInBytes\": 42580570112,\r\n      \"availableSpaceInBytes\": 24461930837,\r\n      \"spaceUsageStatus\": \"Green\",\r\n      \"webLoad\": \"0\",\r\n      \"webLoadStatus\": \"Green\",\r\n      \"databaseServerLoad\": \"0.25\",\r\n      \"databaseServerLoadStatus\": \"Green\",\r\n      \"csServiceStatus\": \"Running\",\r\n      \"ipAddress\": \"10.150.168.161\",\r\n      \"agentVersion\": \"9.31.0.0\",\r\n      \"hostName\": \"WIN-B6L6OJO1E6Q\",\r\n      \"lastHeartbeat\": \"2021-01-22T06:09:39.0026387Z\",\r\n      \"versionStatus\": \"NotSupported\",\r\n      \"sslCertExpiryDate\": \"2024-01-21T18:02:53Z\",\r\n      \"sslCertExpiryRemainingDays\": 1094,\r\n      \"psTemplateVersion\": \"202101.07.00\",\r\n      \"agentExpiryDate\": \"0001-01-01T00:00:00\",\r\n      \"agentVersionDetails\": {\r\n        \"version\": \"9.31.0.0\",\r\n        \"expiryDate\": \"0001-01-01T00:00:00\",\r\n        \"status\": \"NotSupported\"\r\n      }\r\n    },\r\n    \"healthErrorDetails\": [\r\n      {\r\n        \"errorSource\": \"ConfigurationServer\",\r\n        \"errorType\": null,\r\n        \"errorLevel\": \"Error\",\r\n        \"errorCategory\": \"VersionExpiry\",\r\n        \"errorCode\": \"816\",\r\n        \"summaryMessage\": \"Configuration server or Azure Site Recovery Provider version is no longer supported.\",\r\n        \"errorMessage\": \"The support for the version of Azure Site Recovery software (9.31.0.0) running on your Configuration Server or Azure Site Recovery Provider ended on (01/01/0001). The service is currently running with limited functionality, upgrade Configuration Server to the latest version to resume full functionality. Read more https://aka.ms/asragentexpiry \",\r\n        \"possibleCauses\": \"The Configuration Server or Azure Site Recovery Provider has not been updated to the latest version. The latest version available is (9.40.0.0).\",\r\n        \"recommendedAction\": \"Upgrade the Configuration Server or Azure Site Recovery Provider now to restore full functionality on your Recovery Services vault.\",\r\n        \"creationTimeUtc\": \"2021-01-21T10:17:16.4698556Z\",\r\n        \"recoveryProviderErrorMessage\": null,\r\n        \"entityId\": \"50e59fc8-5876-4dec-b203-19d5bd69797f\"\r\n      },\r\n      {\r\n        \"errorSource\": \"MasterTarget\",\r\n        \"errorType\": null,\r\n        \"errorLevel\": \"Error\",\r\n        \"errorCategory\": \"VersionExpiry\",\r\n        \"errorCode\": \"822\",\r\n        \"summaryMessage\": \"Master Target server version is no longer supported.\",\r\n        \"errorMessage\": \"The support for the version of Azure Site Recovery software (9.31.0.0) running on your Master Target server ended on (01/01/0001). The service is currently running with limited functionality, upgrade Master Target server to the latest version to resume full functionality. Read more https://aka.ms/asragentexpiry \",\r\n        \"possibleCauses\": \"The Master Target server has not been updated to the latest version. The latest version available is (9.40.0.0).\",\r\n        \"recommendedAction\": \"Upgrade the Master Target server now to restore full functionality on your Recovery Services vault.\",\r\n        \"creationTimeUtc\": \"2021-01-21T10:17:16.4198507Z\",\r\n        \"recoveryProviderErrorMessage\": null,\r\n        \"entityId\": \"50e59fc8-5876-4dec-b203-19d5bd69797f\"\r\n      },\r\n      {\r\n        \"errorSource\": \"ProcessServer\",\r\n        \"errorType\": null,\r\n        \"errorLevel\": \"Error\",\r\n        \"errorCategory\": \"VersionExpiry\",\r\n        \"errorCode\": \"819\",\r\n        \"summaryMessage\": \"Process server version is no longer supported.\",\r\n        \"errorMessage\": \"The support for the version of Azure Site Recovery software (9.31.0.0) running on your Process Server ended on (01/01/0001). The service is currently running with limited functionality, upgrade Process Server to the latest version to resume full functionality. Read more https://aka.ms/asragentexpiry \",\r\n        \"possibleCauses\": \"The Process Server has not been updated to the latest version. The latest version available is (9.40.0.0).\",\r\n        \"recommendedAction\": \"Upgrade the Process Server now to restore full functionality on your Recovery Services vault.\",\r\n        \"creationTimeUtc\": \"2021-01-21T10:17:16.3847973Z\",\r\n        \"recoveryProviderErrorMessage\": null,\r\n        \"entityId\": \"50e59fc8-5876-4dec-b203-19d5bd69797f\"\r\n      }\r\n    ],\r\n    \"health\": \"Normal\"\r\n  }\r\n}",
      "StatusCode": 200
    },
    {
      "RequestUri": "/Subscriptions/b364ed8d-4279-4bf8-8fd1-56f8fa0ae05c/resourceGroups/vijami-rg/providers/Microsoft.RecoveryServices/vaults/vidyavault/replicationFabrics/f7b8c3cebff5ec9a201a5d3d0698584e7881b07453c8a6e6604a982c1f9eeb58/replicationProtectionContainers?api-version=2018-07-10",
      "EncodedRequestUri": "L1N1YnNjcmlwdGlvbnMvYjM2NGVkOGQtNDI3OS00YmY4LThmZDEtNTZmOGZhMGFlMDVjL3Jlc291cmNlR3JvdXBzL3ZpamFtaS1yZy9wcm92aWRlcnMvTWljcm9zb2Z0LlJlY292ZXJ5U2VydmljZXMvdmF1bHRzL3ZpZHlhdmF1bHQvcmVwbGljYXRpb25GYWJyaWNzL2Y3YjhjM2NlYmZmNWVjOWEyMDFhNWQzZDA2OTg1ODRlNzg4MWIwNzQ1M2M4YTZlNjYwNGE5ODJjMWY5ZWViNTgvcmVwbGljYXRpb25Qcm90ZWN0aW9uQ29udGFpbmVycz9hcGktdmVyc2lvbj0yMDE4LTA3LTEw",
      "RequestMethod": "GET",
      "RequestBody": "",
      "RequestHeaders": {
        "x-ms-client-request-id": [
          "d4a812cb-3cd9-4dd9-bc7a-b2264757b985"
        ],
        "Accept-Language": [
          "en-US"
        ],
        "Agent-Authentication": [
          "{\"NotBeforeTimestamp\":\"\\/Date(1611292754566)\\/\",\"NotAfterTimestamp\":\"\\/Date(1611897554566)\\/\",\"ClientRequestId\":\"e34188e4-b5a4-4038-be14-c10ded28e1a3-2021-01-22 06:19:14Z-Ps\",\"HashFunction\":\"HMACSHA256\",\"Hmac\":\"p+oOokbkTDtXmncvqPHgtob4KGX7fQ9dXd4KOnWNu4c=\",\"Version\":{\"Major\":1,\"Minor\":2,\"Build\":-1,\"Revision\":-1,\"MajorRevision\":-1,\"MinorRevision\":-1},\"PropertyBag\":{}}"
        ],
        "User-Agent": [
          "FxVersion/4.6.29518.01",
          "OSName/Windows",
          "OSVersion/Microsoft.Windows.10.0.19042.",
          "Microsoft.Azure.Management.RecoveryServices.SiteRecovery.SiteRecoveryManagementClient/2.1.2.0"
        ]
      },
      "ResponseHeaders": {
        "Cache-Control": [
          "no-cache"
        ],
        "Pragma": [
          "no-cache"
        ],
        "x-ms-ratelimit-remaining-subscription-reads": [
          "11997"
        ],
        "Server": [
          "Microsoft-IIS/10.0",
          "Kestrel"
        ],
        "x-ms-request-id": [
          "d4a812cb-3cd9-4dd9-bc7a-b2264757b985 1/22/2021 6:19:14 AM"
        ],
        "X-Content-Type-Options": [
          "nosniff"
        ],
        "x-ms-client-request-id": [
          "d4a812cb-3cd9-4dd9-bc7a-b2264757b985"
        ],
        "Strict-Transport-Security": [
          "max-age=31536000; includeSubDomains"
        ],
        "x-ms-correlation-request-id": [
          "0a8f0b9d-9afd-4637-bde7-a279da6f43d7"
        ],
        "x-ms-routing-request-id": [
          "CENTRALINDIA:20210122T061914Z:0a8f0b9d-9afd-4637-bde7-a279da6f43d7"
        ],
        "Date": [
          "Fri, 22 Jan 2021 06:19:14 GMT"
        ],
        "Content-Length": [
          "676"
        ],
        "Content-Type": [
          "application/json"
        ],
        "Expires": [
          "-1"
        ]
      },
      "ResponseBody": "{\r\n  \"value\": [\r\n    {\r\n      \"id\": \"/Subscriptions/b364ed8d-4279-4bf8-8fd1-56f8fa0ae05c/resourceGroups/vijami-rg/providers/Microsoft.RecoveryServices/vaults/vidyavault/replicationFabrics/f7b8c3cebff5ec9a201a5d3d0698584e7881b07453c8a6e6604a982c1f9eeb58/replicationProtectionContainers/cloud_50e59fc8-5876-4dec-b203-19d5bd69797f\",\r\n      \"name\": \"cloud_50e59fc8-5876-4dec-b203-19d5bd69797f\",\r\n      \"type\": \"Microsoft.RecoveryServices/vaults/replicationFabrics/replicationProtectionContainers\",\r\n      \"properties\": {\r\n        \"fabricFriendlyName\": \"WIN-B6L6OJO1E6Q\",\r\n        \"friendlyName\": \"WIN-B6L6OJO1E6Q\",\r\n        \"fabricType\": \"VMware\",\r\n        \"protectedItemCount\": 1,\r\n        \"pairingStatus\": \"Paired\",\r\n        \"role\": \"Primary\",\r\n        \"fabricSpecificDetails\": null\r\n      }\r\n    }\r\n  ],\r\n  \"nextLink\": null\r\n}",
      "StatusCode": 200
    },
    {
      "RequestUri": "/Subscriptions/b364ed8d-4279-4bf8-8fd1-56f8fa0ae05c/resourceGroups/vijami-rg/providers/Microsoft.RecoveryServices/vaults/vidyavault/replicationFabrics/f7b8c3cebff5ec9a201a5d3d0698584e7881b07453c8a6e6604a982c1f9eeb58/replicationProtectionContainers/cloud_50e59fc8-5876-4dec-b203-19d5bd69797f?api-version=2018-07-10",
      "EncodedRequestUri": "L1N1YnNjcmlwdGlvbnMvYjM2NGVkOGQtNDI3OS00YmY4LThmZDEtNTZmOGZhMGFlMDVjL3Jlc291cmNlR3JvdXBzL3ZpamFtaS1yZy9wcm92aWRlcnMvTWljcm9zb2Z0LlJlY292ZXJ5U2VydmljZXMvdmF1bHRzL3ZpZHlhdmF1bHQvcmVwbGljYXRpb25GYWJyaWNzL2Y3YjhjM2NlYmZmNWVjOWEyMDFhNWQzZDA2OTg1ODRlNzg4MWIwNzQ1M2M4YTZlNjYwNGE5ODJjMWY5ZWViNTgvcmVwbGljYXRpb25Qcm90ZWN0aW9uQ29udGFpbmVycy9jbG91ZF81MGU1OWZjOC01ODc2LTRkZWMtYjIwMy0xOWQ1YmQ2OTc5N2Y/YXBpLXZlcnNpb249MjAxOC0wNy0xMA==",
      "RequestMethod": "GET",
      "RequestBody": "",
      "RequestHeaders": {
        "x-ms-client-request-id": [
          "d4a812cb-3cd9-4dd9-bc7a-b2264757b985"
        ],
        "Accept-Language": [
          "en-US"
        ],
        "Agent-Authentication": [
          "{\"NotBeforeTimestamp\":\"\\/Date(1611292754953)\\/\",\"NotAfterTimestamp\":\"\\/Date(1611897554953)\\/\",\"ClientRequestId\":\"8c8c03b6-ee22-4a52-b3a5-1558159813cc-2021-01-22 06:19:14Z-Ps\",\"HashFunction\":\"HMACSHA256\",\"Hmac\":\"IzrjlbXZHojb3JWmdnwEpeML4hzsLjTp0CM47LJw6JE=\",\"Version\":{\"Major\":1,\"Minor\":2,\"Build\":-1,\"Revision\":-1,\"MajorRevision\":-1,\"MinorRevision\":-1},\"PropertyBag\":{}}"
        ],
        "User-Agent": [
          "FxVersion/4.6.29518.01",
          "OSName/Windows",
          "OSVersion/Microsoft.Windows.10.0.19042.",
          "Microsoft.Azure.Management.RecoveryServices.SiteRecovery.SiteRecoveryManagementClient/2.1.2.0"
        ]
      },
      "ResponseHeaders": {
        "Cache-Control": [
          "no-cache"
        ],
        "Pragma": [
          "no-cache"
        ],
        "x-ms-ratelimit-remaining-subscription-reads": [
          "11996"
        ],
        "Server": [
          "Microsoft-IIS/10.0",
          "Kestrel"
        ],
        "x-ms-request-id": [
          "d4a812cb-3cd9-4dd9-bc7a-b2264757b985 1/22/2021 6:19:15 AM"
        ],
        "X-Content-Type-Options": [
          "nosniff"
        ],
        "x-ms-client-request-id": [
          "d4a812cb-3cd9-4dd9-bc7a-b2264757b985"
        ],
        "Strict-Transport-Security": [
          "max-age=31536000; includeSubDomains"
        ],
        "x-ms-correlation-request-id": [
          "a6393658-7932-431d-b907-af54546fdeb7"
        ],
        "x-ms-routing-request-id": [
          "CENTRALINDIA:20210122T061915Z:a6393658-7932-431d-b907-af54546fdeb7"
        ],
        "Date": [
          "Fri, 22 Jan 2021 06:19:15 GMT"
        ],
        "Content-Length": [
          "648"
        ],
        "Content-Type": [
          "application/json"
        ],
        "Expires": [
          "-1"
        ]
      },
      "ResponseBody": "{\r\n  \"id\": \"/Subscriptions/b364ed8d-4279-4bf8-8fd1-56f8fa0ae05c/resourceGroups/vijami-rg/providers/Microsoft.RecoveryServices/vaults/vidyavault/replicationFabrics/f7b8c3cebff5ec9a201a5d3d0698584e7881b07453c8a6e6604a982c1f9eeb58/replicationProtectionContainers/cloud_50e59fc8-5876-4dec-b203-19d5bd69797f\",\r\n  \"name\": \"cloud_50e59fc8-5876-4dec-b203-19d5bd69797f\",\r\n  \"type\": \"Microsoft.RecoveryServices/vaults/replicationFabrics/replicationProtectionContainers\",\r\n  \"properties\": {\r\n    \"fabricFriendlyName\": \"WIN-B6L6OJO1E6Q\",\r\n    \"friendlyName\": \"WIN-B6L6OJO1E6Q\",\r\n    \"fabricType\": \"VMware\",\r\n    \"protectedItemCount\": 1,\r\n    \"pairingStatus\": \"Paired\",\r\n    \"role\": \"Primary\",\r\n    \"fabricSpecificDetails\": null\r\n  }\r\n}",
      "StatusCode": 200
    },
    {
      "RequestUri": "/Subscriptions/b364ed8d-4279-4bf8-8fd1-56f8fa0ae05c/resourceGroups/vijami-rg/providers/Microsoft.RecoveryServices/vaults/vidyavault/replicationFabrics/f7b8c3cebff5ec9a201a5d3d0698584e7881b07453c8a6e6604a982c1f9eeb58/replicationProtectionContainers/cloud_50e59fc8-5876-4dec-b203-19d5bd69797f/replicationProtectionContainerMappings?api-version=2018-07-10",
      "EncodedRequestUri": "L1N1YnNjcmlwdGlvbnMvYjM2NGVkOGQtNDI3OS00YmY4LThmZDEtNTZmOGZhMGFlMDVjL3Jlc291cmNlR3JvdXBzL3ZpamFtaS1yZy9wcm92aWRlcnMvTWljcm9zb2Z0LlJlY292ZXJ5U2VydmljZXMvdmF1bHRzL3ZpZHlhdmF1bHQvcmVwbGljYXRpb25GYWJyaWNzL2Y3YjhjM2NlYmZmNWVjOWEyMDFhNWQzZDA2OTg1ODRlNzg4MWIwNzQ1M2M4YTZlNjYwNGE5ODJjMWY5ZWViNTgvcmVwbGljYXRpb25Qcm90ZWN0aW9uQ29udGFpbmVycy9jbG91ZF81MGU1OWZjOC01ODc2LTRkZWMtYjIwMy0xOWQ1YmQ2OTc5N2YvcmVwbGljYXRpb25Qcm90ZWN0aW9uQ29udGFpbmVyTWFwcGluZ3M/YXBpLXZlcnNpb249MjAxOC0wNy0xMA==",
      "RequestMethod": "GET",
      "RequestBody": "",
      "RequestHeaders": {
        "x-ms-client-request-id": [
          "d4a812cb-3cd9-4dd9-bc7a-b2264757b985"
        ],
        "Accept-Language": [
          "en-US"
        ],
        "Agent-Authentication": [
          "{\"NotBeforeTimestamp\":\"\\/Date(1611292755309)\\/\",\"NotAfterTimestamp\":\"\\/Date(1611897555309)\\/\",\"ClientRequestId\":\"cf940efc-0cd8-4fa4-816f-968ea3d82aed-2021-01-22 06:19:15Z-Ps\",\"HashFunction\":\"HMACSHA256\",\"Hmac\":\"6iueRCHbl8L/VNTpAKxnYWwUwHU7U2Bm3HkjjsP5qD8=\",\"Version\":{\"Major\":1,\"Minor\":2,\"Build\":-1,\"Revision\":-1,\"MajorRevision\":-1,\"MinorRevision\":-1},\"PropertyBag\":{}}"
        ],
        "User-Agent": [
          "FxVersion/4.6.29518.01",
          "OSName/Windows",
          "OSVersion/Microsoft.Windows.10.0.19042.",
          "Microsoft.Azure.Management.RecoveryServices.SiteRecovery.SiteRecoveryManagementClient/2.1.2.0"
        ]
      },
      "ResponseHeaders": {
        "Cache-Control": [
          "no-cache"
        ],
        "Pragma": [
          "no-cache"
        ],
        "x-ms-ratelimit-remaining-subscription-reads": [
          "11995"
        ],
        "Server": [
          "Microsoft-IIS/10.0",
          "Kestrel"
        ],
        "x-ms-request-id": [
          "d4a812cb-3cd9-4dd9-bc7a-b2264757b985 1/22/2021 6:19:15 AM"
        ],
        "X-Content-Type-Options": [
          "nosniff"
        ],
        "x-ms-client-request-id": [
          "d4a812cb-3cd9-4dd9-bc7a-b2264757b985"
        ],
        "Strict-Transport-Security": [
          "max-age=31536000; includeSubDomains"
        ],
        "x-ms-correlation-request-id": [
          "f521624e-3a38-4e7a-9f5c-abb0ea9b4aa7"
        ],
        "x-ms-routing-request-id": [
          "CENTRALINDIA:20210122T061915Z:f521624e-3a38-4e7a-9f5c-abb0ea9b4aa7"
        ],
        "Date": [
          "Fri, 22 Jan 2021 06:19:15 GMT"
        ],
        "Content-Length": [
          "2572"
        ],
        "Content-Type": [
          "application/json"
        ],
        "Expires": [
          "-1"
        ]
      },
      "ResponseBody": "{\r\n  \"value\": [\r\n    {\r\n      \"id\": \"/Subscriptions/b364ed8d-4279-4bf8-8fd1-56f8fa0ae05c/resourceGroups/vijami-rg/providers/Microsoft.RecoveryServices/vaults/vidyavault/replicationFabrics/f7b8c3cebff5ec9a201a5d3d0698584e7881b07453c8a6e6604a982c1f9eeb58/replicationProtectionContainers/cloud_50e59fc8-5876-4dec-b203-19d5bd69797f/replicationProtectionContainerMappings/ae9dfb2d-7c1b-4df9-8947-b742d6172721\",\r\n      \"name\": \"ae9dfb2d-7c1b-4df9-8947-b742d6172721\",\r\n      \"type\": \"Microsoft.RecoveryServices/vaults/replicationFabrics/replicationProtectionContainers/replicationProtectionContainerMappings\",\r\n      \"properties\": {\r\n        \"targetProtectionContainerId\": \"/Subscriptions/b364ed8d-4279-4bf8-8fd1-56f8fa0ae05c/resourceGroups/vijami-rg/providers/Microsoft.RecoveryServices/vaults/vidyavault/replicationFabrics/f7b8c3cebff5ec9a201a5d3d0698584e7881b07453c8a6e6604a982c1f9eeb58/replicationProtectionContainers/cloud_50e59fc8-5876-4dec-b203-19d5bd69797f\",\r\n        \"targetProtectionContainerFriendlyName\": \"WIN-B6L6OJO1E6Q\",\r\n        \"providerSpecificDetails\": null,\r\n        \"health\": \"Normal\",\r\n        \"healthErrorDetails\": [],\r\n        \"policyId\": \"/Subscriptions/b364ed8d-4279-4bf8-8fd1-56f8fa0ae05c/resourceGroups/vijami-rg/providers/Microsoft.RecoveryServices/vaults/vidyavault/replicationPolicies/test-policy-failback\",\r\n        \"state\": \"Paired\",\r\n        \"sourceProtectionContainerFriendlyName\": \"WIN-B6L6OJO1E6Q\",\r\n        \"sourceFabricFriendlyName\": \"WIN-B6L6OJO1E6Q\",\r\n        \"targetFabricFriendlyName\": \"WIN-B6L6OJO1E6Q\",\r\n        \"policyFriendlyName\": \"test-policy-failback\"\r\n      }\r\n    },\r\n    {\r\n      \"id\": \"/Subscriptions/b364ed8d-4279-4bf8-8fd1-56f8fa0ae05c/resourceGroups/vijami-rg/providers/Microsoft.RecoveryServices/vaults/vidyavault/replicationFabrics/f7b8c3cebff5ec9a201a5d3d0698584e7881b07453c8a6e6604a982c1f9eeb58/replicationProtectionContainers/cloud_50e59fc8-5876-4dec-b203-19d5bd69797f/replicationProtectionContainerMappings/f858b936-ee57-44c4-9ff9-2907d418fbd2\",\r\n      \"name\": \"f858b936-ee57-44c4-9ff9-2907d418fbd2\",\r\n      \"type\": \"Microsoft.RecoveryServices/vaults/replicationFabrics/replicationProtectionContainers/replicationProtectionContainerMappings\",\r\n      \"properties\": {\r\n        \"targetProtectionContainerId\": \"Microsoft Azure\",\r\n        \"targetProtectionContainerFriendlyName\": \"Microsoft Azure\",\r\n        \"providerSpecificDetails\": null,\r\n        \"health\": \"Normal\",\r\n        \"healthErrorDetails\": [],\r\n        \"policyId\": \"/Subscriptions/b364ed8d-4279-4bf8-8fd1-56f8fa0ae05c/resourceGroups/vijami-rg/providers/Microsoft.RecoveryServices/vaults/vidyavault/replicationPolicies/test-policy\",\r\n        \"state\": \"Paired\",\r\n        \"sourceProtectionContainerFriendlyName\": \"WIN-B6L6OJO1E6Q\",\r\n        \"sourceFabricFriendlyName\": \"WIN-B6L6OJO1E6Q\",\r\n        \"targetFabricFriendlyName\": \"Microsoft Azure\",\r\n        \"policyFriendlyName\": \"test-policy\"\r\n      }\r\n    }\r\n  ],\r\n  \"nextLink\": null\r\n}",
      "StatusCode": 200
    },
    {
      "RequestUri": "/Subscriptions/b364ed8d-4279-4bf8-8fd1-56f8fa0ae05c/resourceGroups/vijami-rg/providers/Microsoft.RecoveryServices/vaults/vidyavault/replicationPolicies/test-policy-failback?api-version=2018-07-10",
      "EncodedRequestUri": "L1N1YnNjcmlwdGlvbnMvYjM2NGVkOGQtNDI3OS00YmY4LThmZDEtNTZmOGZhMGFlMDVjL3Jlc291cmNlR3JvdXBzL3ZpamFtaS1yZy9wcm92aWRlcnMvTWljcm9zb2Z0LlJlY292ZXJ5U2VydmljZXMvdmF1bHRzL3ZpZHlhdmF1bHQvcmVwbGljYXRpb25Qb2xpY2llcy90ZXN0LXBvbGljeS1mYWlsYmFjaz9hcGktdmVyc2lvbj0yMDE4LTA3LTEw",
      "RequestMethod": "GET",
      "RequestBody": "",
      "RequestHeaders": {
        "x-ms-client-request-id": [
          "d4a812cb-3cd9-4dd9-bc7a-b2264757b985"
        ],
        "Accept-Language": [
          "en-US"
        ],
        "Agent-Authentication": [
          "{\"NotBeforeTimestamp\":\"\\/Date(1611292755778)\\/\",\"NotAfterTimestamp\":\"\\/Date(1611897555778)\\/\",\"ClientRequestId\":\"190c6f51-0869-4edd-b1b6-0502b2afc2e8-2021-01-22 06:19:15Z-Ps\",\"HashFunction\":\"HMACSHA256\",\"Hmac\":\"LrNnv5bWLi2n1G2yV6LZ2+rCDMGrEfys3ftFoMWSo3A=\",\"Version\":{\"Major\":1,\"Minor\":2,\"Build\":-1,\"Revision\":-1,\"MajorRevision\":-1,\"MinorRevision\":-1},\"PropertyBag\":{}}"
        ],
        "User-Agent": [
          "FxVersion/4.6.29518.01",
          "OSName/Windows",
          "OSVersion/Microsoft.Windows.10.0.19042.",
          "Microsoft.Azure.Management.RecoveryServices.SiteRecovery.SiteRecoveryManagementClient/2.1.2.0"
        ]
      },
      "ResponseHeaders": {
        "Cache-Control": [
          "no-cache"
        ],
        "Pragma": [
          "no-cache"
        ],
        "x-ms-ratelimit-remaining-subscription-reads": [
          "11994"
        ],
        "Server": [
          "Microsoft-IIS/10.0",
          "Kestrel"
        ],
        "x-ms-request-id": [
          "d4a812cb-3cd9-4dd9-bc7a-b2264757b985 1/22/2021 6:19:15 AM"
        ],
        "X-Content-Type-Options": [
          "nosniff"
        ],
        "x-ms-client-request-id": [
          "d4a812cb-3cd9-4dd9-bc7a-b2264757b985"
        ],
        "Strict-Transport-Security": [
          "max-age=31536000; includeSubDomains"
        ],
        "x-ms-correlation-request-id": [
          "5171c217-af79-4177-ba6a-fe9f678a8e0a"
        ],
        "x-ms-routing-request-id": [
          "CENTRALINDIA:20210122T061916Z:5171c217-af79-4177-ba6a-fe9f678a8e0a"
        ],
        "Date": [
          "Fri, 22 Jan 2021 06:19:15 GMT"
        ],
        "Content-Length": [
          "511"
        ],
        "Content-Type": [
          "application/json"
        ],
        "Expires": [
          "-1"
        ]
      },
      "ResponseBody": "{\r\n  \"id\": \"/Subscriptions/b364ed8d-4279-4bf8-8fd1-56f8fa0ae05c/resourceGroups/vijami-rg/providers/Microsoft.RecoveryServices/vaults/vidyavault/replicationPolicies/test-policy-failback\",\r\n  \"name\": \"test-policy-failback\",\r\n  \"type\": \"Microsoft.RecoveryServices/vaults/replicationPolicies\",\r\n  \"properties\": {\r\n    \"friendlyName\": \"test-policy-failback\",\r\n    \"providerSpecificDetails\": {\r\n      \"instanceType\": \"InMage\",\r\n      \"recoveryPointThresholdInMinutes\": 60,\r\n      \"recoveryPointHistory\": 1440,\r\n      \"appConsistentFrequencyInMinutes\": 60,\r\n      \"multiVmSyncStatus\": \"Enabled\"\r\n    }\r\n  }\r\n}",
      "StatusCode": 200
    },
    {
      "RequestUri": "/Subscriptions/b364ed8d-4279-4bf8-8fd1-56f8fa0ae05c/resourceGroups/vijami-rg/providers/Microsoft.RecoveryServices/vaults/vidyavault/replicationPolicies/test-policy?api-version=2018-07-10",
      "EncodedRequestUri": "L1N1YnNjcmlwdGlvbnMvYjM2NGVkOGQtNDI3OS00YmY4LThmZDEtNTZmOGZhMGFlMDVjL3Jlc291cmNlR3JvdXBzL3ZpamFtaS1yZy9wcm92aWRlcnMvTWljcm9zb2Z0LlJlY292ZXJ5U2VydmljZXMvdmF1bHRzL3ZpZHlhdmF1bHQvcmVwbGljYXRpb25Qb2xpY2llcy90ZXN0LXBvbGljeT9hcGktdmVyc2lvbj0yMDE4LTA3LTEw",
      "RequestMethod": "GET",
      "RequestBody": "",
      "RequestHeaders": {
        "x-ms-client-request-id": [
          "d4a812cb-3cd9-4dd9-bc7a-b2264757b985"
        ],
        "Accept-Language": [
          "en-US"
        ],
        "Agent-Authentication": [
          "{\"NotBeforeTimestamp\":\"\\/Date(1611292756126)\\/\",\"NotAfterTimestamp\":\"\\/Date(1611897556126)\\/\",\"ClientRequestId\":\"c90a0a34-cec5-4732-ab92-1cb8785dc57f-2021-01-22 06:19:16Z-Ps\",\"HashFunction\":\"HMACSHA256\",\"Hmac\":\"mfSGP21mAO+ctBXTbHcVcv4boqii65TUKG/vAASvDWE=\",\"Version\":{\"Major\":1,\"Minor\":2,\"Build\":-1,\"Revision\":-1,\"MajorRevision\":-1,\"MinorRevision\":-1},\"PropertyBag\":{}}"
        ],
        "User-Agent": [
          "FxVersion/4.6.29518.01",
          "OSName/Windows",
          "OSVersion/Microsoft.Windows.10.0.19042.",
          "Microsoft.Azure.Management.RecoveryServices.SiteRecovery.SiteRecoveryManagementClient/2.1.2.0"
        ]
      },
      "ResponseHeaders": {
        "Cache-Control": [
          "no-cache"
        ],
        "Pragma": [
          "no-cache"
        ],
        "x-ms-ratelimit-remaining-subscription-reads": [
          "11993"
        ],
        "Server": [
          "Microsoft-IIS/10.0",
          "Kestrel"
        ],
        "x-ms-request-id": [
          "d4a812cb-3cd9-4dd9-bc7a-b2264757b985 1/22/2021 6:19:16 AM"
        ],
        "X-Content-Type-Options": [
          "nosniff"
        ],
        "x-ms-client-request-id": [
          "d4a812cb-3cd9-4dd9-bc7a-b2264757b985"
        ],
        "Strict-Transport-Security": [
          "max-age=31536000; includeSubDomains"
        ],
        "x-ms-correlation-request-id": [
          "540cf511-0bfb-48a8-bc61-77fba62b5cf3"
        ],
        "x-ms-routing-request-id": [
          "CENTRALINDIA:20210122T061916Z:540cf511-0bfb-48a8-bc61-77fba62b5cf3"
        ],
        "Date": [
          "Fri, 22 Jan 2021 06:19:16 GMT"
        ],
        "Content-Length": [
          "529"
        ],
        "Content-Type": [
          "application/json"
        ],
        "Expires": [
          "-1"
        ]
      },
      "ResponseBody": "{\r\n  \"id\": \"/Subscriptions/b364ed8d-4279-4bf8-8fd1-56f8fa0ae05c/resourceGroups/vijami-rg/providers/Microsoft.RecoveryServices/vaults/vidyavault/replicationPolicies/test-policy\",\r\n  \"name\": \"test-policy\",\r\n  \"type\": \"Microsoft.RecoveryServices/vaults/replicationPolicies\",\r\n  \"properties\": {\r\n    \"friendlyName\": \"test-policy\",\r\n    \"providerSpecificDetails\": {\r\n      \"instanceType\": \"InMageAzureV2\",\r\n      \"crashConsistentFrequencyInMinutes\": 5,\r\n      \"recoveryPointThresholdInMinutes\": 60,\r\n      \"recoveryPointHistory\": 1440,\r\n      \"appConsistentFrequencyInMinutes\": 60,\r\n      \"multiVmSyncStatus\": \"Enabled\"\r\n    }\r\n  }\r\n}",
      "StatusCode": 200
    },
    {
      "RequestUri": "/Subscriptions/b364ed8d-4279-4bf8-8fd1-56f8fa0ae05c/resourceGroups/vijami-rg/providers/Microsoft.RecoveryServices/vaults/vidyavault/replicationPolicies/test-policy?api-version=2018-07-10",
      "EncodedRequestUri": "L1N1YnNjcmlwdGlvbnMvYjM2NGVkOGQtNDI3OS00YmY4LThmZDEtNTZmOGZhMGFlMDVjL3Jlc291cmNlR3JvdXBzL3ZpamFtaS1yZy9wcm92aWRlcnMvTWljcm9zb2Z0LlJlY292ZXJ5U2VydmljZXMvdmF1bHRzL3ZpZHlhdmF1bHQvcmVwbGljYXRpb25Qb2xpY2llcy90ZXN0LXBvbGljeT9hcGktdmVyc2lvbj0yMDE4LTA3LTEw",
      "RequestMethod": "GET",
      "RequestBody": "",
      "RequestHeaders": {
        "x-ms-client-request-id": [
          "ed6a3baa-6528-4eaa-9f88-28463a036d36"
        ],
        "Accept-Language": [
          "en-US"
        ],
        "Agent-Authentication": [
          "{\"NotBeforeTimestamp\":\"\\/Date(1611292756542)\\/\",\"NotAfterTimestamp\":\"\\/Date(1611897556542)\\/\",\"ClientRequestId\":\"27a441af-e004-46bf-bc12-b7561c71d884-2021-01-22 06:19:16Z-Ps\",\"HashFunction\":\"HMACSHA256\",\"Hmac\":\"pk18hoNlLxRPVID7BkZBUN2/zHZdU0kVztQrHj/n8O8=\",\"Version\":{\"Major\":1,\"Minor\":2,\"Build\":-1,\"Revision\":-1,\"MajorRevision\":-1,\"MinorRevision\":-1},\"PropertyBag\":{}}"
        ],
        "User-Agent": [
          "FxVersion/4.6.29518.01",
          "OSName/Windows",
          "OSVersion/Microsoft.Windows.10.0.19042.",
          "Microsoft.Azure.Management.RecoveryServices.SiteRecovery.SiteRecoveryManagementClient/2.1.2.0"
        ]
      },
      "ResponseHeaders": {
        "Cache-Control": [
          "no-cache"
        ],
        "Pragma": [
          "no-cache"
        ],
        "x-ms-ratelimit-remaining-subscription-reads": [
          "11992"
        ],
        "Server": [
          "Microsoft-IIS/10.0",
          "Kestrel"
        ],
        "x-ms-request-id": [
          "ed6a3baa-6528-4eaa-9f88-28463a036d36 1/22/2021 6:19:16 AM"
        ],
        "X-Content-Type-Options": [
          "nosniff"
        ],
        "x-ms-client-request-id": [
          "ed6a3baa-6528-4eaa-9f88-28463a036d36"
        ],
        "Strict-Transport-Security": [
          "max-age=31536000; includeSubDomains"
        ],
        "x-ms-correlation-request-id": [
          "b77458f5-b7e5-4877-8f60-26f824861586"
        ],
        "x-ms-routing-request-id": [
          "CENTRALINDIA:20210122T061916Z:b77458f5-b7e5-4877-8f60-26f824861586"
        ],
        "Date": [
          "Fri, 22 Jan 2021 06:19:16 GMT"
        ],
        "Content-Length": [
          "529"
        ],
        "Content-Type": [
          "application/json"
        ],
        "Expires": [
          "-1"
        ]
      },
      "ResponseBody": "{\r\n  \"id\": \"/Subscriptions/b364ed8d-4279-4bf8-8fd1-56f8fa0ae05c/resourceGroups/vijami-rg/providers/Microsoft.RecoveryServices/vaults/vidyavault/replicationPolicies/test-policy\",\r\n  \"name\": \"test-policy\",\r\n  \"type\": \"Microsoft.RecoveryServices/vaults/replicationPolicies\",\r\n  \"properties\": {\r\n    \"friendlyName\": \"test-policy\",\r\n    \"providerSpecificDetails\": {\r\n      \"instanceType\": \"InMageAzureV2\",\r\n      \"crashConsistentFrequencyInMinutes\": 5,\r\n      \"recoveryPointThresholdInMinutes\": 60,\r\n      \"recoveryPointHistory\": 1440,\r\n      \"appConsistentFrequencyInMinutes\": 60,\r\n      \"multiVmSyncStatus\": \"Enabled\"\r\n    }\r\n  }\r\n}",
      "StatusCode": 200
    },
    {
      "RequestUri": "/Subscriptions/b364ed8d-4279-4bf8-8fd1-56f8fa0ae05c/resourceGroups/vijami-rg/providers/Microsoft.RecoveryServices/vaults/vidyavault/replicationFabrics/f7b8c3cebff5ec9a201a5d3d0698584e7881b07453c8a6e6604a982c1f9eeb58/replicationProtectionContainers/cloud_50e59fc8-5876-4dec-b203-19d5bd69797f/replicationProtectionContainerMappings/f858b936-ee57-44c4-9ff9-2907d418fbd2?api-version=2018-07-10",
      "EncodedRequestUri": "L1N1YnNjcmlwdGlvbnMvYjM2NGVkOGQtNDI3OS00YmY4LThmZDEtNTZmOGZhMGFlMDVjL3Jlc291cmNlR3JvdXBzL3ZpamFtaS1yZy9wcm92aWRlcnMvTWljcm9zb2Z0LlJlY292ZXJ5U2VydmljZXMvdmF1bHRzL3ZpZHlhdmF1bHQvcmVwbGljYXRpb25GYWJyaWNzL2Y3YjhjM2NlYmZmNWVjOWEyMDFhNWQzZDA2OTg1ODRlNzg4MWIwNzQ1M2M4YTZlNjYwNGE5ODJjMWY5ZWViNTgvcmVwbGljYXRpb25Qcm90ZWN0aW9uQ29udGFpbmVycy9jbG91ZF81MGU1OWZjOC01ODc2LTRkZWMtYjIwMy0xOWQ1YmQ2OTc5N2YvcmVwbGljYXRpb25Qcm90ZWN0aW9uQ29udGFpbmVyTWFwcGluZ3MvZjg1OGI5MzYtZWU1Ny00NGM0LTlmZjktMjkwN2Q0MThmYmQyP2FwaS12ZXJzaW9uPTIwMTgtMDctMTA=",
      "RequestMethod": "GET",
      "RequestBody": "",
      "RequestHeaders": {
        "x-ms-client-request-id": [
          "f0d4b2b5-eae3-4d90-a6c7-ca9535b1eae8"
        ],
        "Accept-Language": [
          "en-US"
        ],
        "Agent-Authentication": [
          "{\"NotBeforeTimestamp\":\"\\/Date(1611292756870)\\/\",\"NotAfterTimestamp\":\"\\/Date(1611897556870)\\/\",\"ClientRequestId\":\"b4df4b42-0f03-4b96-84c8-748c4cf76bbb-2021-01-22 06:19:16Z-Ps\",\"HashFunction\":\"HMACSHA256\",\"Hmac\":\"JKM6Vqr7BveUBM2LiWDFBqDZ8uCQiQnuav2ddxCrsIc=\",\"Version\":{\"Major\":1,\"Minor\":2,\"Build\":-1,\"Revision\":-1,\"MajorRevision\":-1,\"MinorRevision\":-1},\"PropertyBag\":{}}"
        ],
        "User-Agent": [
          "FxVersion/4.6.29518.01",
          "OSName/Windows",
          "OSVersion/Microsoft.Windows.10.0.19042.",
          "Microsoft.Azure.Management.RecoveryServices.SiteRecovery.SiteRecoveryManagementClient/2.1.2.0"
        ]
      },
      "ResponseHeaders": {
        "Cache-Control": [
          "no-cache"
        ],
        "Pragma": [
          "no-cache"
        ],
        "x-ms-ratelimit-remaining-subscription-reads": [
          "11991"
        ],
        "Server": [
          "Microsoft-IIS/10.0",
          "Kestrel"
        ],
        "x-ms-request-id": [
          "f0d4b2b5-eae3-4d90-a6c7-ca9535b1eae8 1/22/2021 6:19:17 AM"
        ],
        "X-Content-Type-Options": [
          "nosniff"
        ],
        "x-ms-client-request-id": [
          "f0d4b2b5-eae3-4d90-a6c7-ca9535b1eae8"
        ],
        "Strict-Transport-Security": [
          "max-age=31536000; includeSubDomains"
        ],
        "x-ms-correlation-request-id": [
          "8605bfdf-2b73-428e-add3-7986e934d980"
        ],
        "x-ms-routing-request-id": [
          "CENTRALINDIA:20210122T061917Z:8605bfdf-2b73-428e-add3-7986e934d980"
        ],
        "Date": [
          "Fri, 22 Jan 2021 06:19:16 GMT"
        ],
        "Content-Length": [
          "1125"
        ],
        "Content-Type": [
          "application/json"
        ],
        "Expires": [
          "-1"
        ]
      },
      "ResponseBody": "{\r\n  \"id\": \"/Subscriptions/b364ed8d-4279-4bf8-8fd1-56f8fa0ae05c/resourceGroups/vijami-rg/providers/Microsoft.RecoveryServices/vaults/vidyavault/replicationFabrics/f7b8c3cebff5ec9a201a5d3d0698584e7881b07453c8a6e6604a982c1f9eeb58/replicationProtectionContainers/cloud_50e59fc8-5876-4dec-b203-19d5bd69797f/replicationProtectionContainerMappings/f858b936-ee57-44c4-9ff9-2907d418fbd2\",\r\n  \"name\": \"f858b936-ee57-44c4-9ff9-2907d418fbd2\",\r\n  \"type\": \"Microsoft.RecoveryServices/vaults/replicationFabrics/replicationProtectionContainers/replicationProtectionContainerMappings\",\r\n  \"properties\": {\r\n    \"targetProtectionContainerId\": \"Microsoft Azure\",\r\n    \"targetProtectionContainerFriendlyName\": \"Microsoft Azure\",\r\n    \"providerSpecificDetails\": null,\r\n    \"health\": \"Normal\",\r\n    \"healthErrorDetails\": [],\r\n    \"policyId\": \"/Subscriptions/b364ed8d-4279-4bf8-8fd1-56f8fa0ae05c/resourceGroups/vijami-rg/providers/Microsoft.RecoveryServices/vaults/vidyavault/replicationPolicies/test-policy\",\r\n    \"state\": \"Paired\",\r\n    \"sourceProtectionContainerFriendlyName\": \"WIN-B6L6OJO1E6Q\",\r\n    \"sourceFabricFriendlyName\": \"WIN-B6L6OJO1E6Q\",\r\n    \"targetFabricFriendlyName\": \"Microsoft Azure\",\r\n    \"policyFriendlyName\": \"test-policy\"\r\n  }\r\n}",
      "StatusCode": 200
    },
    {
      "RequestUri": "/Subscriptions/b364ed8d-4279-4bf8-8fd1-56f8fa0ae05c/resourceGroups/vijami-rg/providers/Microsoft.RecoveryServices/vaults/vidyavault/replicationFabrics/f7b8c3cebff5ec9a201a5d3d0698584e7881b07453c8a6e6604a982c1f9eeb58/replicationProtectionContainers/cloud_50e59fc8-5876-4dec-b203-19d5bd69797f/replicationProtectedItems?api-version=2018-07-10",
      "EncodedRequestUri": "L1N1YnNjcmlwdGlvbnMvYjM2NGVkOGQtNDI3OS00YmY4LThmZDEtNTZmOGZhMGFlMDVjL3Jlc291cmNlR3JvdXBzL3ZpamFtaS1yZy9wcm92aWRlcnMvTWljcm9zb2Z0LlJlY292ZXJ5U2VydmljZXMvdmF1bHRzL3ZpZHlhdmF1bHQvcmVwbGljYXRpb25GYWJyaWNzL2Y3YjhjM2NlYmZmNWVjOWEyMDFhNWQzZDA2OTg1ODRlNzg4MWIwNzQ1M2M4YTZlNjYwNGE5ODJjMWY5ZWViNTgvcmVwbGljYXRpb25Qcm90ZWN0aW9uQ29udGFpbmVycy9jbG91ZF81MGU1OWZjOC01ODc2LTRkZWMtYjIwMy0xOWQ1YmQ2OTc5N2YvcmVwbGljYXRpb25Qcm90ZWN0ZWRJdGVtcz9hcGktdmVyc2lvbj0yMDE4LTA3LTEw",
      "RequestMethod": "GET",
      "RequestBody": "",
      "RequestHeaders": {
        "x-ms-client-request-id": [
          "57bcc500-90bc-4dd6-a6b2-eb125e99f9bc"
        ],
        "Accept-Language": [
          "en-US"
        ],
        "Agent-Authentication": [
          "{\"NotBeforeTimestamp\":\"\\/Date(1611292757241)\\/\",\"NotAfterTimestamp\":\"\\/Date(1611897557241)\\/\",\"ClientRequestId\":\"65eae2dc-be13-44e6-a386-c55ecef206f5-2021-01-22 06:19:17Z-Ps\",\"HashFunction\":\"HMACSHA256\",\"Hmac\":\"71j7v7gnneuOI0/pi9WMd0k86A7BsEyNkuiHwsKjVCM=\",\"Version\":{\"Major\":1,\"Minor\":2,\"Build\":-1,\"Revision\":-1,\"MajorRevision\":-1,\"MinorRevision\":-1},\"PropertyBag\":{}}"
        ],
        "User-Agent": [
          "FxVersion/4.6.29518.01",
          "OSName/Windows",
          "OSVersion/Microsoft.Windows.10.0.19042.",
          "Microsoft.Azure.Management.RecoveryServices.SiteRecovery.SiteRecoveryManagementClient/2.1.2.0"
        ]
      },
      "ResponseHeaders": {
        "Cache-Control": [
          "no-cache"
        ],
        "Pragma": [
          "no-cache"
        ],
        "x-ms-ratelimit-remaining-subscription-reads": [
          "11990"
        ],
        "Server": [
          "Microsoft-IIS/10.0",
          "Kestrel"
        ],
        "x-ms-request-id": [
          "57bcc500-90bc-4dd6-a6b2-eb125e99f9bc 1/22/2021 6:19:17 AM"
        ],
        "X-Content-Type-Options": [
          "nosniff"
        ],
        "x-ms-client-request-id": [
          "57bcc500-90bc-4dd6-a6b2-eb125e99f9bc"
        ],
        "Strict-Transport-Security": [
          "max-age=31536000; includeSubDomains"
        ],
        "x-ms-correlation-request-id": [
          "a8292e65-818e-4335-91c0-312f285339b2"
        ],
        "x-ms-routing-request-id": [
          "CENTRALINDIA:20210122T061917Z:a8292e65-818e-4335-91c0-312f285339b2"
        ],
        "Date": [
          "Fri, 22 Jan 2021 06:19:17 GMT"
        ],
        "Content-Length": [
          "8268"
        ],
        "Content-Type": [
          "application/json"
        ],
        "Expires": [
          "-1"
        ]
      },
      "ResponseBody": "{\r\n  \"value\": [\r\n    {\r\n      \"id\": \"/Subscriptions/b364ed8d-4279-4bf8-8fd1-56f8fa0ae05c/resourceGroups/vijami-rg/providers/Microsoft.RecoveryServices/vaults/vidyavault/replicationFabrics/f7b8c3cebff5ec9a201a5d3d0698584e7881b07453c8a6e6604a982c1f9eeb58/replicationProtectionContainers/cloud_50e59fc8-5876-4dec-b203-19d5bd69797f/replicationProtectedItems/vi-win-vm\",\r\n      \"name\": \"vi-win-vm\",\r\n      \"type\": \"Microsoft.RecoveryServices/vaults/replicationFabrics/replicationProtectionContainers/replicationProtectedItems\",\r\n      \"properties\": {\r\n        \"friendlyName\": \"vi-win-vm-new\",\r\n        \"protectedItemType\": \"\",\r\n        \"protectableItemId\": \"/Subscriptions/b364ed8d-4279-4bf8-8fd1-56f8fa0ae05c/resourceGroups/vijami-rg/providers/Microsoft.RecoveryServices/vaults/vidyavault/replicationFabrics/f7b8c3cebff5ec9a201a5d3d0698584e7881b07453c8a6e6604a982c1f9eeb58/replicationProtectionContainers/cloud_50e59fc8-5876-4dec-b203-19d5bd69797f/replicationProtectableItems/f9e8c75c-5bda-11eb-a6c3-0050568657ef\",\r\n        \"recoveryServicesProviderId\": \"/Subscriptions/b364ed8d-4279-4bf8-8fd1-56f8fa0ae05c/resourceGroups/vijami-rg/providers/Microsoft.RecoveryServices/vaults/vidyavault/replicationFabrics/f7b8c3cebff5ec9a201a5d3d0698584e7881b07453c8a6e6604a982c1f9eeb58/replicationRecoveryServicesProviders/50e59fc8-5876-4dec-b203-19d5bd69797f\",\r\n        \"primaryFabricFriendlyName\": \"WIN-B6L6OJO1E6Q\",\r\n        \"primaryFabricProvider\": \"InMageFabric\",\r\n        \"recoveryFabricFriendlyName\": \"Microsoft Azure\",\r\n        \"recoveryFabricId\": \"Microsoft Azure\",\r\n        \"primaryProtectionContainerFriendlyName\": \"WIN-B6L6OJO1E6Q\",\r\n        \"recoveryProtectionContainerFriendlyName\": \"Microsoft Azure\",\r\n        \"protectionState\": \"Protected\",\r\n        \"protectionStateDescription\": \"Protected\",\r\n        \"activeLocation\": \"Primary\",\r\n        \"testFailoverState\": \"None\",\r\n        \"testFailoverStateDescription\": \"None\",\r\n        \"allowedOperations\": [\r\n          \"UnplannedFailover\",\r\n          \"DisableProtection\",\r\n          \"TestFailover\"\r\n        ],\r\n        \"replicationHealth\": \"Normal\",\r\n        \"failoverHealth\": \"Warning\",\r\n        \"healthErrors\": [\r\n          {\r\n            \"innerHealthErrors\": [],\r\n            \"errorSource\": \"ReplicationUnitProviderErrorOnPrimary\",\r\n            \"errorType\": \"102\",\r\n            \"errorLevel\": \"Error\",\r\n            \"errorCategory\": \"VersionExpiry\",\r\n            \"errorCode\": \"78183\",\r\n            \"summaryMessage\": \"Mobility service version is nearing End-Of-Support\",\r\n            \"errorMessage\": \"The support for the version of Azure Site Recovery mobility service(9.32.0.0) running on your protected virtual machines ended on (01/07/2021). The service is currently running with limited functionality, upgrade mobility service to the latest version to resume full functionality. Read more https://aka.ms/asragentexpiry \",\r\n            \"possibleCauses\": \"The Mobility service has not been updated to the latest version. The latest version available is (9.40.0.0).\",\r\n            \"recommendedAction\": \"Upgrade the Mobility service now to restore full functionality on your Recovery Services vault.\",\r\n            \"creationTimeUtc\": \"2021-01-22T05:42:48.4447387Z\",\r\n            \"recoveryProviderErrorMessage\": null,\r\n            \"entityId\": \"f9e8c75c-5bda-11eb-a6c3-0050568657ef\",\r\n            \"errorId\": \"2:102\",\r\n            \"customerResolvability\": \"NotAllowed\"\r\n          },\r\n          {\r\n            \"innerHealthErrors\": [],\r\n            \"errorSource\": \"ReplicationUnitFailoverValidatorError\",\r\n            \"errorType\": \"8010\",\r\n            \"errorLevel\": \"Warning\",\r\n            \"errorCategory\": \"TestFailover\",\r\n            \"errorCode\": \"161011\",\r\n            \"summaryMessage\": \"\",\r\n            \"errorMessage\": \"No successful test failover has been done on the virtual machine 'vi-win-vm-new'.\",\r\n            \"possibleCauses\": \"No successful test failover has been done on the virtual machine after it was replicated.\",\r\n            \"recommendedAction\": \"Do a test failover on the virtual machine.\",\r\n            \"creationTimeUtc\": \"2021-01-22T06:17:47.841218Z\",\r\n            \"recoveryProviderErrorMessage\": null,\r\n            \"entityId\": \"f9e8c75c-5bda-11eb-a6c3-0050568657ef\",\r\n            \"errorId\": \"6:8010\",\r\n            \"customerResolvability\": \"NotAllowed\"\r\n          }\r\n        ],\r\n        \"policyId\": \"/Subscriptions/b364ed8d-4279-4bf8-8fd1-56f8fa0ae05c/resourceGroups/vijami-rg/providers/Microsoft.RecoveryServices/vaults/vidyavault/replicationPolicies/test-policy\",\r\n        \"policyFriendlyName\": \"test-policy\",\r\n        \"currentScenario\": {\r\n          \"scenarioName\": \"None\",\r\n          \"jobId\": \"/Subscriptions/b364ed8d-4279-4bf8-8fd1-56f8fa0ae05c/resourceGroups/vijami-rg/providers/Microsoft.RecoveryServices/vaults/vidyavault/replicationJobs/None\",\r\n          \"startTime\": \"1753-01-01T01:01:01Z\"\r\n        },\r\n        \"failoverRecoveryPointId\": null,\r\n        \"providerSpecificDetails\": {\r\n          \"instanceType\": \"InMageAzureV2\",\r\n          \"infrastructureVmId\": \"f9e8c75c-5bda-11eb-a6c3-0050568657ef\",\r\n          \"vCenterInfrastructureId\": \"1\",\r\n          \"protectionStage\": \"DifferentialSync\",\r\n          \"vmId\": \"f9e8c75c-5bda-11eb-a6c3-0050568657ef\",\r\n          \"vmProtectionState\": \"Protected\",\r\n          \"vmProtectionStateDescription\": \"Protected\",\r\n          \"resyncProgressPercentage\": 0,\r\n          \"rpoInSeconds\": 476,\r\n          \"compressedDataRateInMB\": 0.0,\r\n          \"uncompressedDataRateInMB\": 0.0,\r\n          \"ipAddress\": \"10.150.168.181\",\r\n          \"agentVersion\": \"9.32.0.0\",\r\n          \"agentExpiryDate\": \"2021-01-07T00:00:00Z\",\r\n          \"isAgentUpdateRequired\": \"NotRequired\",\r\n          \"isRebootAfterUpdateRequired\": \"NotRequired\",\r\n          \"lastHeartbeat\": \"2021-01-22T06:08:35Z\",\r\n          \"processServerId\": \"D10734D9-FD18-484A-9357660D51665E8F\",\r\n          \"processServerName\": \"WIN-B6L6OJO1E6Q\",\r\n          \"multiVmGroupId\": \"70374ed8-5fe0-4271-a73b-85f9dc9005cd\",\r\n          \"multiVmGroupName\": \"70374ed8-5fe0-4271-a73b-85f9dc9005cd\",\r\n          \"multiVmSyncStatus\": \"Enabled\",\r\n          \"protectedDisks\": [],\r\n          \"diskResized\": null,\r\n          \"masterTargetId\": null,\r\n          \"sourceVmCpuCount\": 0,\r\n          \"sourceVmRamSizeInMB\": 0,\r\n          \"osType\": \"Windows\",\r\n          \"vhdName\": null,\r\n          \"osDiskId\": null,\r\n          \"azureVMDiskDetails\": null,\r\n          \"recoveryAzureVMName\": \"vi-win-vm\",\r\n          \"recoveryAzureVMSize\": \"Standard_A2_v2\",\r\n          \"recoveryAzureStorageAccount\": null,\r\n          \"recoveryAzureLogStorageAccountId\": \"/subscriptions/b364ed8d-4279-4bf8-8fd1-56f8fa0ae05c/resourceGroups/vijami-rg/providers/Microsoft.Storage/storageAccounts/logstoracc123\",\r\n          \"vmNics\": [\r\n            {\r\n              \"nicId\": \"00:50:56:86:0B:DB\",\r\n              \"replicaNicId\": null,\r\n              \"sourceNicArmId\": null,\r\n              \"vMSubnetName\": \"Subnet-1\",\r\n              \"vMNetworkName\": \"Intel(R) PRO/1000 MT Network Connection\",\r\n              \"recoveryVMNetworkId\": \"/subscriptions/b364ed8d-4279-4bf8-8fd1-56f8fa0ae05c/resourceGroups/vijami-rg/providers/Microsoft.Network/virtualNetworks/vnet1\",\r\n              \"recoveryVMSubnetName\": \"default\",\r\n              \"ipAddressType\": \"Dynamic\",\r\n              \"primaryNicStaticIPAddress\": null,\r\n              \"replicaNicStaticIPAddress\": \"\",\r\n              \"selectionType\": \"SelectedByUser\",\r\n              \"recoveryNicIpAddressType\": \"Dynamic\",\r\n              \"recoveryPublicIpAddressId\": \"\",\r\n              \"recoveryNetworkSecurityGroupId\": \"\",\r\n              \"recoveryLBBackendAddressPoolIds\": [],\r\n              \"enableAcceleratedNetworkingOnRecovery\": null,\r\n              \"tfoVMNetworkId\": null,\r\n              \"tfoVMSubnetName\": \"\",\r\n              \"tfoNetworkSecurityGroupId\": \"\",\r\n              \"enableAcceleratedNetworkingOnTfo\": null,\r\n              \"tfoIPConfigs\": [\r\n                {\r\n                  \"staticIPAddress\": \"\",\r\n                  \"publicIpAddressId\": \"\",\r\n                  \"lBBackendAddressPoolIds\": []\r\n                }\r\n              ],\r\n              \"recoveryNicName\": null,\r\n              \"recoveryNicResourceGroupName\": null,\r\n              \"reuseExistingNic\": false,\r\n              \"tfoRecoveryNicName\": null,\r\n              \"tfoRecoveryNicResourceGroupName\": null,\r\n              \"tfoReuseExistingNic\": false\r\n            }\r\n          ],\r\n          \"selectedRecoveryAzureNetworkId\": \"/subscriptions/b364ed8d-4279-4bf8-8fd1-56f8fa0ae05c/resourceGroups/vijami-rg/providers/Microsoft.Network/virtualNetworks/vnet1\",\r\n          \"selectedTfoAzureNetworkId\": null,\r\n          \"selectedSourceNicId\": \"00:50:56:86:0B:DB\",\r\n          \"discoveryType\": \"vCenter\",\r\n          \"enableRdpOnTargetOption\": \"Never\",\r\n          \"datastores\": [\r\n            \"datastore78-ext2\"\r\n          ],\r\n          \"targetVmId\": \"/subscriptions/b364ed8d-4279-4bf8-8fd1-56f8fa0ae05c/resourceGroups/vijami-rg/providers/Microsoft.Compute/virtualMachines/\",\r\n          \"recoveryAzureResourceGroupId\": \"/subscriptions/b364ed8d-4279-4bf8-8fd1-56f8fa0ae05c/resourceGroups/vijami-rg\",\r\n          \"recoveryAvailabilitySetId\": \"\",\r\n          \"targetAvailabilityZone\": \"\",\r\n          \"targetProximityPlacementGroupId\": \"/subscriptions/b364ed8d-4279-4bf8-8fd1-56f8fa0ae05c/resourceGroups/vijami-rg/providers/Microsoft.Compute/proximityPlacementGroups/ppgus\",\r\n          \"useManagedDisks\": \"true\",\r\n          \"licenseType\": \"WindowsServer\",\r\n          \"validationErrors\": [],\r\n          \"lastRpoCalculatedTime\": \"2021-01-22T06:06:58Z\",\r\n          \"lastUpdateReceivedTime\": \"2021-01-22T06:09:39.6432666Z\",\r\n          \"replicaId\": \"f9e8c75c-5bda-11eb-a6c3-0050568657ef_replica_cloud_50e59fc8-5876-4dec-b203-19d5bd69797f\",\r\n          \"osVersion\": \"Microsoft Windows Server 2012 R2 Standard\",\r\n          \"protectedManagedDisks\": [],\r\n          \"lastRecoveryPointReceived\": \"2021-01-22T06:09:01.1793481Z\",\r\n          \"firmwareType\": \"BIOS\",\r\n          \"azureVmGeneration\": \"V1\",\r\n          \"isAdditionalStatsAvailable\": false,\r\n          \"totalDataTransferred\": 0,\r\n          \"totalProgressHealth\": null,\r\n          \"targetVmTags\": {},\r\n          \"seedManagedDiskTags\": null,\r\n          \"targetManagedDiskTags\": null,\r\n          \"targetNicTags\": {}\r\n        },\r\n        \"recoveryContainerId\": \"/Subscriptions/b364ed8d-4279-4bf8-8fd1-56f8fa0ae05c/resourceGroups/vijami-rg/providers/Microsoft.RecoveryServices/vaults/vidyavault/replicationFabrics/d49858f157601230a6ac5862fbbc6e63bf38d23ecd96cf953767945d457fe9d5/replicationProtectionContainers/d38048d4-b460-4791-8ece-108395ee8478\",\r\n        \"eventCorrelationId\": \"603b4e0f-4285-4c2c-bb8f-d8d5554bcc23\"\r\n      }\r\n    }\r\n  ],\r\n  \"nextLink\": null\r\n}",
      "StatusCode": 200
    },
    {
      "RequestUri": "/Subscriptions/b364ed8d-4279-4bf8-8fd1-56f8fa0ae05c/resourceGroups/vijami-rg/providers/Microsoft.RecoveryServices/vaults/vidyavault/replicationFabrics/f7b8c3cebff5ec9a201a5d3d0698584e7881b07453c8a6e6604a982c1f9eeb58/replicationProtectionContainers/cloud_50e59fc8-5876-4dec-b203-19d5bd69797f/replicationProtectedItems?api-version=2018-07-10",
      "EncodedRequestUri": "L1N1YnNjcmlwdGlvbnMvYjM2NGVkOGQtNDI3OS00YmY4LThmZDEtNTZmOGZhMGFlMDVjL3Jlc291cmNlR3JvdXBzL3ZpamFtaS1yZy9wcm92aWRlcnMvTWljcm9zb2Z0LlJlY292ZXJ5U2VydmljZXMvdmF1bHRzL3ZpZHlhdmF1bHQvcmVwbGljYXRpb25GYWJyaWNzL2Y3YjhjM2NlYmZmNWVjOWEyMDFhNWQzZDA2OTg1ODRlNzg4MWIwNzQ1M2M4YTZlNjYwNGE5ODJjMWY5ZWViNTgvcmVwbGljYXRpb25Qcm90ZWN0aW9uQ29udGFpbmVycy9jbG91ZF81MGU1OWZjOC01ODc2LTRkZWMtYjIwMy0xOWQ1YmQ2OTc5N2YvcmVwbGljYXRpb25Qcm90ZWN0ZWRJdGVtcz9hcGktdmVyc2lvbj0yMDE4LTA3LTEw",
      "RequestMethod": "GET",
      "RequestBody": "",
      "RequestHeaders": {
        "x-ms-client-request-id": [
          "87838601-3ca2-427c-af15-649288330959"
        ],
        "Accept-Language": [
          "en-US"
        ],
        "Agent-Authentication": [
          "{\"NotBeforeTimestamp\":\"\\/Date(1611292761154)\\/\",\"NotAfterTimestamp\":\"\\/Date(1611897561154)\\/\",\"ClientRequestId\":\"1b7ab012-b493-4d59-a748-51b2ec3a3c5d-2021-01-22 06:19:21Z-Ps\",\"HashFunction\":\"HMACSHA256\",\"Hmac\":\"8cjo7DbVd5b0R7aC5f64Qiep9k1aS8V5OiEGCUqx1Uo=\",\"Version\":{\"Major\":1,\"Minor\":2,\"Build\":-1,\"Revision\":-1,\"MajorRevision\":-1,\"MinorRevision\":-1},\"PropertyBag\":{}}"
        ],
        "User-Agent": [
          "FxVersion/4.6.29518.01",
          "OSName/Windows",
          "OSVersion/Microsoft.Windows.10.0.19042.",
          "Microsoft.Azure.Management.RecoveryServices.SiteRecovery.SiteRecoveryManagementClient/2.1.2.0"
        ]
      },
      "ResponseHeaders": {
        "Cache-Control": [
          "no-cache"
        ],
        "Pragma": [
          "no-cache"
        ],
        "x-ms-ratelimit-remaining-subscription-reads": [
          "11986"
        ],
        "Server": [
          "Microsoft-IIS/10.0",
          "Kestrel"
        ],
        "x-ms-request-id": [
          "87838601-3ca2-427c-af15-649288330959 1/22/2021 6:19:21 AM"
        ],
        "X-Content-Type-Options": [
          "nosniff"
        ],
        "x-ms-client-request-id": [
          "87838601-3ca2-427c-af15-649288330959"
        ],
        "Strict-Transport-Security": [
          "max-age=31536000; includeSubDomains"
        ],
        "x-ms-correlation-request-id": [
          "b8a90f53-46ce-4036-a32c-fafaadb6ebb6"
        ],
        "x-ms-routing-request-id": [
          "CENTRALINDIA:20210122T061921Z:b8a90f53-46ce-4036-a32c-fafaadb6ebb6"
        ],
        "Date": [
          "Fri, 22 Jan 2021 06:19:21 GMT"
        ],
        "Content-Length": [
          "8269"
        ],
        "Content-Type": [
          "application/json"
        ],
        "Expires": [
          "-1"
        ]
      },
      "ResponseBody": "{\r\n  \"value\": [\r\n    {\r\n      \"id\": \"/Subscriptions/b364ed8d-4279-4bf8-8fd1-56f8fa0ae05c/resourceGroups/vijami-rg/providers/Microsoft.RecoveryServices/vaults/vidyavault/replicationFabrics/f7b8c3cebff5ec9a201a5d3d0698584e7881b07453c8a6e6604a982c1f9eeb58/replicationProtectionContainers/cloud_50e59fc8-5876-4dec-b203-19d5bd69797f/replicationProtectedItems/vi-win-vm\",\r\n      \"name\": \"vi-win-vm\",\r\n      \"type\": \"Microsoft.RecoveryServices/vaults/replicationFabrics/replicationProtectionContainers/replicationProtectedItems\",\r\n      \"properties\": {\r\n        \"friendlyName\": \"vi-win-vm-new\",\r\n        \"protectedItemType\": \"\",\r\n        \"protectableItemId\": \"/Subscriptions/b364ed8d-4279-4bf8-8fd1-56f8fa0ae05c/resourceGroups/vijami-rg/providers/Microsoft.RecoveryServices/vaults/vidyavault/replicationFabrics/f7b8c3cebff5ec9a201a5d3d0698584e7881b07453c8a6e6604a982c1f9eeb58/replicationProtectionContainers/cloud_50e59fc8-5876-4dec-b203-19d5bd69797f/replicationProtectableItems/f9e8c75c-5bda-11eb-a6c3-0050568657ef\",\r\n        \"recoveryServicesProviderId\": \"/Subscriptions/b364ed8d-4279-4bf8-8fd1-56f8fa0ae05c/resourceGroups/vijami-rg/providers/Microsoft.RecoveryServices/vaults/vidyavault/replicationFabrics/f7b8c3cebff5ec9a201a5d3d0698584e7881b07453c8a6e6604a982c1f9eeb58/replicationRecoveryServicesProviders/50e59fc8-5876-4dec-b203-19d5bd69797f\",\r\n        \"primaryFabricFriendlyName\": \"WIN-B6L6OJO1E6Q\",\r\n        \"primaryFabricProvider\": \"InMageFabric\",\r\n        \"recoveryFabricFriendlyName\": \"Microsoft Azure\",\r\n        \"recoveryFabricId\": \"Microsoft Azure\",\r\n        \"primaryProtectionContainerFriendlyName\": \"WIN-B6L6OJO1E6Q\",\r\n        \"recoveryProtectionContainerFriendlyName\": \"Microsoft Azure\",\r\n        \"protectionState\": \"Protected\",\r\n        \"protectionStateDescription\": \"Protected\",\r\n        \"activeLocation\": \"Primary\",\r\n        \"testFailoverState\": \"None\",\r\n        \"testFailoverStateDescription\": \"None\",\r\n        \"allowedOperations\": [\r\n          \"UnplannedFailover\",\r\n          \"DisableProtection\",\r\n          \"TestFailover\"\r\n        ],\r\n        \"replicationHealth\": \"Normal\",\r\n        \"failoverHealth\": \"Warning\",\r\n        \"healthErrors\": [\r\n          {\r\n            \"innerHealthErrors\": [],\r\n            \"errorSource\": \"ReplicationUnitProviderErrorOnPrimary\",\r\n            \"errorType\": \"102\",\r\n            \"errorLevel\": \"Error\",\r\n            \"errorCategory\": \"VersionExpiry\",\r\n            \"errorCode\": \"78183\",\r\n            \"summaryMessage\": \"Mobility service version is nearing End-Of-Support\",\r\n            \"errorMessage\": \"The support for the version of Azure Site Recovery mobility service(9.32.0.0) running on your protected virtual machines ended on (01/07/2021). The service is currently running with limited functionality, upgrade mobility service to the latest version to resume full functionality. Read more https://aka.ms/asragentexpiry \",\r\n            \"possibleCauses\": \"The Mobility service has not been updated to the latest version. The latest version available is (9.40.0.0).\",\r\n            \"recommendedAction\": \"Upgrade the Mobility service now to restore full functionality on your Recovery Services vault.\",\r\n            \"creationTimeUtc\": \"2021-01-22T05:42:48.4447387Z\",\r\n            \"recoveryProviderErrorMessage\": null,\r\n            \"entityId\": \"f9e8c75c-5bda-11eb-a6c3-0050568657ef\",\r\n            \"errorId\": \"2:102\",\r\n            \"customerResolvability\": \"NotAllowed\"\r\n          },\r\n          {\r\n            \"innerHealthErrors\": [],\r\n            \"errorSource\": \"ReplicationUnitFailoverValidatorError\",\r\n            \"errorType\": \"8010\",\r\n            \"errorLevel\": \"Warning\",\r\n            \"errorCategory\": \"TestFailover\",\r\n            \"errorCode\": \"161011\",\r\n            \"summaryMessage\": \"\",\r\n            \"errorMessage\": \"No successful test failover has been done on the virtual machine 'vi-win-vm-new'.\",\r\n            \"possibleCauses\": \"No successful test failover has been done on the virtual machine after it was replicated.\",\r\n            \"recommendedAction\": \"Do a test failover on the virtual machine.\",\r\n            \"creationTimeUtc\": \"2021-01-22T06:17:47.841218Z\",\r\n            \"recoveryProviderErrorMessage\": null,\r\n            \"entityId\": \"f9e8c75c-5bda-11eb-a6c3-0050568657ef\",\r\n            \"errorId\": \"6:8010\",\r\n            \"customerResolvability\": \"NotAllowed\"\r\n          }\r\n        ],\r\n        \"policyId\": \"/Subscriptions/b364ed8d-4279-4bf8-8fd1-56f8fa0ae05c/resourceGroups/vijami-rg/providers/Microsoft.RecoveryServices/vaults/vidyavault/replicationPolicies/test-policy\",\r\n        \"policyFriendlyName\": \"test-policy\",\r\n        \"currentScenario\": {\r\n          \"scenarioName\": \"None\",\r\n          \"jobId\": \"/Subscriptions/b364ed8d-4279-4bf8-8fd1-56f8fa0ae05c/resourceGroups/vijami-rg/providers/Microsoft.RecoveryServices/vaults/vidyavault/replicationJobs/None\",\r\n          \"startTime\": \"1753-01-01T01:01:01Z\"\r\n        },\r\n        \"failoverRecoveryPointId\": null,\r\n        \"providerSpecificDetails\": {\r\n          \"instanceType\": \"InMageAzureV2\",\r\n          \"infrastructureVmId\": \"f9e8c75c-5bda-11eb-a6c3-0050568657ef\",\r\n          \"vCenterInfrastructureId\": \"1\",\r\n          \"protectionStage\": \"DifferentialSync\",\r\n          \"vmId\": \"f9e8c75c-5bda-11eb-a6c3-0050568657ef\",\r\n          \"vmProtectionState\": \"Protected\",\r\n          \"vmProtectionStateDescription\": \"Protected\",\r\n          \"resyncProgressPercentage\": 0,\r\n          \"rpoInSeconds\": 476,\r\n          \"compressedDataRateInMB\": 0.0,\r\n          \"uncompressedDataRateInMB\": 0.0,\r\n          \"ipAddress\": \"10.150.168.181\",\r\n          \"agentVersion\": \"9.32.0.0\",\r\n          \"agentExpiryDate\": \"2021-01-07T00:00:00Z\",\r\n          \"isAgentUpdateRequired\": \"NotRequired\",\r\n          \"isRebootAfterUpdateRequired\": \"NotRequired\",\r\n          \"lastHeartbeat\": \"2021-01-22T06:08:35Z\",\r\n          \"processServerId\": \"D10734D9-FD18-484A-9357660D51665E8F\",\r\n          \"processServerName\": \"WIN-B6L6OJO1E6Q\",\r\n          \"multiVmGroupId\": \"70374ed8-5fe0-4271-a73b-85f9dc9005cd\",\r\n          \"multiVmGroupName\": \"70374ed8-5fe0-4271-a73b-85f9dc9005cd\",\r\n          \"multiVmSyncStatus\": \"Enabled\",\r\n          \"protectedDisks\": [],\r\n          \"diskResized\": null,\r\n          \"masterTargetId\": null,\r\n          \"sourceVmCpuCount\": 0,\r\n          \"sourceVmRamSizeInMB\": 0,\r\n          \"osType\": \"Windows\",\r\n          \"vhdName\": null,\r\n          \"osDiskId\": null,\r\n          \"azureVMDiskDetails\": null,\r\n          \"recoveryAzureVMName\": \"vi-win-vm\",\r\n          \"recoveryAzureVMSize\": \"Standard_A2_v2\",\r\n          \"recoveryAzureStorageAccount\": null,\r\n          \"recoveryAzureLogStorageAccountId\": \"/subscriptions/b364ed8d-4279-4bf8-8fd1-56f8fa0ae05c/resourceGroups/vijami-rg/providers/Microsoft.Storage/storageAccounts/logstoracc123\",\r\n          \"vmNics\": [\r\n            {\r\n              \"nicId\": \"00:50:56:86:0B:DB\",\r\n              \"replicaNicId\": null,\r\n              \"sourceNicArmId\": null,\r\n              \"vMSubnetName\": \"Subnet-1\",\r\n              \"vMNetworkName\": \"Intel(R) PRO/1000 MT Network Connection\",\r\n              \"recoveryVMNetworkId\": \"/subscriptions/b364ed8d-4279-4bf8-8fd1-56f8fa0ae05c/resourceGroups/vijami-rg/providers/Microsoft.Network/virtualNetworks/vnet1\",\r\n              \"recoveryVMSubnetName\": \"default\",\r\n              \"ipAddressType\": \"Dynamic\",\r\n              \"primaryNicStaticIPAddress\": null,\r\n              \"replicaNicStaticIPAddress\": \"\",\r\n              \"selectionType\": \"SelectedByUser\",\r\n              \"recoveryNicIpAddressType\": \"Dynamic\",\r\n              \"recoveryPublicIpAddressId\": \"\",\r\n              \"recoveryNetworkSecurityGroupId\": \"\",\r\n              \"recoveryLBBackendAddressPoolIds\": [],\r\n              \"enableAcceleratedNetworkingOnRecovery\": null,\r\n              \"tfoVMNetworkId\": null,\r\n              \"tfoVMSubnetName\": \"\",\r\n              \"tfoNetworkSecurityGroupId\": \"\",\r\n              \"enableAcceleratedNetworkingOnTfo\": null,\r\n              \"tfoIPConfigs\": [\r\n                {\r\n                  \"staticIPAddress\": \"\",\r\n                  \"publicIpAddressId\": \"\",\r\n                  \"lBBackendAddressPoolIds\": []\r\n                }\r\n              ],\r\n              \"recoveryNicName\": null,\r\n              \"recoveryNicResourceGroupName\": null,\r\n              \"reuseExistingNic\": false,\r\n              \"tfoRecoveryNicName\": null,\r\n              \"tfoRecoveryNicResourceGroupName\": null,\r\n              \"tfoReuseExistingNic\": false\r\n            }\r\n          ],\r\n          \"selectedRecoveryAzureNetworkId\": \"/subscriptions/b364ed8d-4279-4bf8-8fd1-56f8fa0ae05c/resourceGroups/vijami-rg/providers/Microsoft.Network/virtualNetworks/vnet1\",\r\n          \"selectedTfoAzureNetworkId\": null,\r\n          \"selectedSourceNicId\": \"00:50:56:86:0B:DB\",\r\n          \"discoveryType\": \"vCenter\",\r\n          \"enableRdpOnTargetOption\": \"Never\",\r\n          \"datastores\": [\r\n            \"datastore78-ext2\"\r\n          ],\r\n          \"targetVmId\": \"/subscriptions/b364ed8d-4279-4bf8-8fd1-56f8fa0ae05c/resourceGroups/vijami-rg/providers/Microsoft.Compute/virtualMachines/\",\r\n          \"recoveryAzureResourceGroupId\": \"/subscriptions/b364ed8d-4279-4bf8-8fd1-56f8fa0ae05c/resourceGroups/vijami-rg\",\r\n          \"recoveryAvailabilitySetId\": \"\",\r\n          \"targetAvailabilityZone\": \"\",\r\n          \"targetProximityPlacementGroupId\": \"/subscriptions/b364ed8d-4279-4bf8-8fd1-56f8fa0ae05c/resourceGroups/vijami-rg/providers/Microsoft.Compute/proximityPlacementGroups/ppgnew\",\r\n          \"useManagedDisks\": \"true\",\r\n          \"licenseType\": \"WindowsServer\",\r\n          \"validationErrors\": [],\r\n          \"lastRpoCalculatedTime\": \"2021-01-22T06:06:58Z\",\r\n          \"lastUpdateReceivedTime\": \"2021-01-22T06:09:39.6432666Z\",\r\n          \"replicaId\": \"f9e8c75c-5bda-11eb-a6c3-0050568657ef_replica_cloud_50e59fc8-5876-4dec-b203-19d5bd69797f\",\r\n          \"osVersion\": \"Microsoft Windows Server 2012 R2 Standard\",\r\n          \"protectedManagedDisks\": [],\r\n          \"lastRecoveryPointReceived\": \"2021-01-22T06:09:01.1793481Z\",\r\n          \"firmwareType\": \"BIOS\",\r\n          \"azureVmGeneration\": \"V1\",\r\n          \"isAdditionalStatsAvailable\": false,\r\n          \"totalDataTransferred\": 0,\r\n          \"totalProgressHealth\": null,\r\n          \"targetVmTags\": {},\r\n          \"seedManagedDiskTags\": null,\r\n          \"targetManagedDiskTags\": null,\r\n          \"targetNicTags\": {}\r\n        },\r\n        \"recoveryContainerId\": \"/Subscriptions/b364ed8d-4279-4bf8-8fd1-56f8fa0ae05c/resourceGroups/vijami-rg/providers/Microsoft.RecoveryServices/vaults/vidyavault/replicationFabrics/d49858f157601230a6ac5862fbbc6e63bf38d23ecd96cf953767945d457fe9d5/replicationProtectionContainers/d38048d4-b460-4791-8ece-108395ee8478\",\r\n        \"eventCorrelationId\": \"603b4e0f-4285-4c2c-bb8f-d8d5554bcc23\"\r\n      }\r\n    }\r\n  ],\r\n  \"nextLink\": null\r\n}",
      "StatusCode": 200
    },
    {
      "RequestUri": "/Subscriptions/b364ed8d-4279-4bf8-8fd1-56f8fa0ae05c/resourceGroups/vijami-rg/providers/Microsoft.RecoveryServices/vaults/vidyavault/replicationFabrics/f7b8c3cebff5ec9a201a5d3d0698584e7881b07453c8a6e6604a982c1f9eeb58/replicationProtectionContainers/cloud_50e59fc8-5876-4dec-b203-19d5bd69797f/replicationProtectedItems/vi-win-vm?api-version=2018-07-10",
      "EncodedRequestUri": "L1N1YnNjcmlwdGlvbnMvYjM2NGVkOGQtNDI3OS00YmY4LThmZDEtNTZmOGZhMGFlMDVjL3Jlc291cmNlR3JvdXBzL3ZpamFtaS1yZy9wcm92aWRlcnMvTWljcm9zb2Z0LlJlY292ZXJ5U2VydmljZXMvdmF1bHRzL3ZpZHlhdmF1bHQvcmVwbGljYXRpb25GYWJyaWNzL2Y3YjhjM2NlYmZmNWVjOWEyMDFhNWQzZDA2OTg1ODRlNzg4MWIwNzQ1M2M4YTZlNjYwNGE5ODJjMWY5ZWViNTgvcmVwbGljYXRpb25Qcm90ZWN0aW9uQ29udGFpbmVycy9jbG91ZF81MGU1OWZjOC01ODc2LTRkZWMtYjIwMy0xOWQ1YmQ2OTc5N2YvcmVwbGljYXRpb25Qcm90ZWN0ZWRJdGVtcy92aS13aW4tdm0/YXBpLXZlcnNpb249MjAxOC0wNy0xMA==",
      "RequestMethod": "GET",
      "RequestBody": "",
      "RequestHeaders": {
        "x-ms-client-request-id": [
          "57bcc500-90bc-4dd6-a6b2-eb125e99f9bc"
        ],
        "Accept-Language": [
          "en-US"
        ],
        "Agent-Authentication": [
          "{\"NotBeforeTimestamp\":\"\\/Date(1611292757719)\\/\",\"NotAfterTimestamp\":\"\\/Date(1611897557719)\\/\",\"ClientRequestId\":\"ab297504-fdea-4e04-a476-140d86b08b90-2021-01-22 06:19:17Z-Ps\",\"HashFunction\":\"HMACSHA256\",\"Hmac\":\"peEocHFb20GtUdW42xOMMZjlMNHtqNmOXtU+mx97qoM=\",\"Version\":{\"Major\":1,\"Minor\":2,\"Build\":-1,\"Revision\":-1,\"MajorRevision\":-1,\"MinorRevision\":-1},\"PropertyBag\":{}}"
        ],
        "User-Agent": [
          "FxVersion/4.6.29518.01",
          "OSName/Windows",
          "OSVersion/Microsoft.Windows.10.0.19042.",
          "Microsoft.Azure.Management.RecoveryServices.SiteRecovery.SiteRecoveryManagementClient/2.1.2.0"
        ]
      },
      "ResponseHeaders": {
        "Cache-Control": [
          "no-cache"
        ],
        "Pragma": [
          "no-cache"
        ],
        "x-ms-ratelimit-remaining-subscription-reads": [
          "11989"
        ],
        "Server": [
          "Microsoft-IIS/10.0",
          "Kestrel"
        ],
        "x-ms-request-id": [
          "57bcc500-90bc-4dd6-a6b2-eb125e99f9bc 1/22/2021 6:19:17 AM"
        ],
        "X-Content-Type-Options": [
          "nosniff"
        ],
        "x-ms-client-request-id": [
          "57bcc500-90bc-4dd6-a6b2-eb125e99f9bc"
        ],
        "Strict-Transport-Security": [
          "max-age=31536000; includeSubDomains"
        ],
        "x-ms-correlation-request-id": [
          "1eda8825-1a88-473c-ab22-15828e20d502"
        ],
        "x-ms-routing-request-id": [
          "CENTRALINDIA:20210122T061918Z:1eda8825-1a88-473c-ab22-15828e20d502"
        ],
        "Date": [
          "Fri, 22 Jan 2021 06:19:17 GMT"
        ],
        "Content-Length": [
          "9240"
        ],
        "Content-Type": [
          "application/json"
        ],
        "Expires": [
          "-1"
        ]
      },
      "ResponseBody": "{\r\n  \"id\": \"/Subscriptions/b364ed8d-4279-4bf8-8fd1-56f8fa0ae05c/resourceGroups/vijami-rg/providers/Microsoft.RecoveryServices/vaults/vidyavault/replicationFabrics/f7b8c3cebff5ec9a201a5d3d0698584e7881b07453c8a6e6604a982c1f9eeb58/replicationProtectionContainers/cloud_50e59fc8-5876-4dec-b203-19d5bd69797f/replicationProtectedItems/vi-win-vm\",\r\n  \"name\": \"vi-win-vm\",\r\n  \"type\": \"Microsoft.RecoveryServices/vaults/replicationFabrics/replicationProtectionContainers/replicationProtectedItems\",\r\n  \"properties\": {\r\n    \"friendlyName\": \"vi-win-vm-new\",\r\n    \"protectedItemType\": \"\",\r\n    \"protectableItemId\": \"/Subscriptions/b364ed8d-4279-4bf8-8fd1-56f8fa0ae05c/resourceGroups/vijami-rg/providers/Microsoft.RecoveryServices/vaults/vidyavault/replicationFabrics/f7b8c3cebff5ec9a201a5d3d0698584e7881b07453c8a6e6604a982c1f9eeb58/replicationProtectionContainers/cloud_50e59fc8-5876-4dec-b203-19d5bd69797f/replicationProtectableItems/f9e8c75c-5bda-11eb-a6c3-0050568657ef\",\r\n    \"recoveryServicesProviderId\": \"/Subscriptions/b364ed8d-4279-4bf8-8fd1-56f8fa0ae05c/resourceGroups/vijami-rg/providers/Microsoft.RecoveryServices/vaults/vidyavault/replicationFabrics/f7b8c3cebff5ec9a201a5d3d0698584e7881b07453c8a6e6604a982c1f9eeb58/replicationRecoveryServicesProviders/50e59fc8-5876-4dec-b203-19d5bd69797f\",\r\n    \"primaryFabricFriendlyName\": \"WIN-B6L6OJO1E6Q\",\r\n    \"primaryFabricProvider\": \"InMageFabric\",\r\n    \"recoveryFabricFriendlyName\": \"Microsoft Azure\",\r\n    \"recoveryFabricId\": \"Microsoft Azure\",\r\n    \"primaryProtectionContainerFriendlyName\": \"WIN-B6L6OJO1E6Q\",\r\n    \"recoveryProtectionContainerFriendlyName\": \"Microsoft Azure\",\r\n    \"protectionState\": \"Protected\",\r\n    \"protectionStateDescription\": \"Protected\",\r\n    \"activeLocation\": \"Primary\",\r\n    \"testFailoverState\": \"None\",\r\n    \"testFailoverStateDescription\": \"None\",\r\n    \"allowedOperations\": [\r\n      \"UnplannedFailover\",\r\n      \"DisableProtection\",\r\n      \"TestFailover\"\r\n    ],\r\n    \"replicationHealth\": \"Normal\",\r\n    \"failoverHealth\": \"Warning\",\r\n    \"healthErrors\": [\r\n      {\r\n        \"innerHealthErrors\": [],\r\n        \"errorSource\": \"ReplicationUnitProviderErrorOnPrimary\",\r\n        \"errorType\": \"102\",\r\n        \"errorLevel\": \"Error\",\r\n        \"errorCategory\": \"VersionExpiry\",\r\n        \"errorCode\": \"78183\",\r\n        \"summaryMessage\": \"Mobility service version is nearing End-Of-Support\",\r\n        \"errorMessage\": \"The support for the version of Azure Site Recovery mobility service(9.32.0.0) running on your protected virtual machines ended on (01/07/2021). The service is currently running with limited functionality, upgrade mobility service to the latest version to resume full functionality. Read more https://aka.ms/asragentexpiry \",\r\n        \"possibleCauses\": \"The Mobility service has not been updated to the latest version. The latest version available is (9.40.0.0).\",\r\n        \"recommendedAction\": \"Upgrade the Mobility service now to restore full functionality on your Recovery Services vault.\",\r\n        \"creationTimeUtc\": \"2021-01-22T05:42:48.4447387Z\",\r\n        \"recoveryProviderErrorMessage\": null,\r\n        \"entityId\": \"f9e8c75c-5bda-11eb-a6c3-0050568657ef\",\r\n        \"errorId\": \"2:102\",\r\n        \"customerResolvability\": \"NotAllowed\"\r\n      },\r\n      {\r\n        \"innerHealthErrors\": [],\r\n        \"errorSource\": \"ReplicationUnitFailoverValidatorError\",\r\n        \"errorType\": \"8010\",\r\n        \"errorLevel\": \"Warning\",\r\n        \"errorCategory\": \"TestFailover\",\r\n        \"errorCode\": \"161011\",\r\n        \"summaryMessage\": \"\",\r\n        \"errorMessage\": \"No successful test failover has been done on the virtual machine 'vi-win-vm-new'.\",\r\n        \"possibleCauses\": \"No successful test failover has been done on the virtual machine after it was replicated.\",\r\n        \"recommendedAction\": \"Do a test failover on the virtual machine.\",\r\n        \"creationTimeUtc\": \"2021-01-22T06:17:47.841218Z\",\r\n        \"recoveryProviderErrorMessage\": null,\r\n        \"entityId\": \"f9e8c75c-5bda-11eb-a6c3-0050568657ef\",\r\n        \"errorId\": \"6:8010\",\r\n        \"customerResolvability\": \"NotAllowed\"\r\n      }\r\n    ],\r\n    \"policyId\": \"/Subscriptions/b364ed8d-4279-4bf8-8fd1-56f8fa0ae05c/resourceGroups/vijami-rg/providers/Microsoft.RecoveryServices/vaults/vidyavault/replicationPolicies/test-policy\",\r\n    \"policyFriendlyName\": \"test-policy\",\r\n    \"currentScenario\": {\r\n      \"scenarioName\": \"None\",\r\n      \"jobId\": \"/Subscriptions/b364ed8d-4279-4bf8-8fd1-56f8fa0ae05c/resourceGroups/vijami-rg/providers/Microsoft.RecoveryServices/vaults/vidyavault/replicationJobs/None\",\r\n      \"startTime\": \"1753-01-01T01:01:01Z\"\r\n    },\r\n    \"failoverRecoveryPointId\": null,\r\n    \"providerSpecificDetails\": {\r\n      \"instanceType\": \"InMageAzureV2\",\r\n      \"infrastructureVmId\": \"f9e8c75c-5bda-11eb-a6c3-0050568657ef\",\r\n      \"vCenterInfrastructureId\": \"1\",\r\n      \"protectionStage\": \"DifferentialSync\",\r\n      \"vmId\": \"f9e8c75c-5bda-11eb-a6c3-0050568657ef\",\r\n      \"vmProtectionState\": \"Protected\",\r\n      \"vmProtectionStateDescription\": \"Protected\",\r\n      \"resyncProgressPercentage\": 0,\r\n      \"rpoInSeconds\": 476,\r\n      \"compressedDataRateInMB\": 0.0,\r\n      \"uncompressedDataRateInMB\": 0.0,\r\n      \"ipAddress\": \"10.150.168.181\",\r\n      \"agentVersion\": \"9.32.0.0\",\r\n      \"agentExpiryDate\": \"2021-01-07T00:00:00Z\",\r\n      \"isAgentUpdateRequired\": \"NotRequired\",\r\n      \"isRebootAfterUpdateRequired\": \"NotRequired\",\r\n      \"lastHeartbeat\": \"2021-01-22T06:08:35Z\",\r\n      \"processServerId\": \"D10734D9-FD18-484A-9357660D51665E8F\",\r\n      \"processServerName\": \"WIN-B6L6OJO1E6Q\",\r\n      \"multiVmGroupId\": \"70374ed8-5fe0-4271-a73b-85f9dc9005cd\",\r\n      \"multiVmGroupName\": \"70374ed8-5fe0-4271-a73b-85f9dc9005cd\",\r\n      \"multiVmSyncStatus\": \"Enabled\",\r\n      \"protectedDisks\": [\r\n        {\r\n          \"diskId\": \"{3255470998}\",\r\n          \"diskName\": \"Disk0\",\r\n          \"protectionStage\": \"DifferentialSync\",\r\n          \"healthErrorCode\": null,\r\n          \"rpoInSeconds\": 476,\r\n          \"resyncRequired\": \"NotRequired\",\r\n          \"resyncProgressPercentage\": 0,\r\n          \"resyncDurationInSeconds\": 869,\r\n          \"diskCapacityInBytes\": 42949672960,\r\n          \"fileSystemCapacityInBytes\": 42949672960,\r\n          \"sourceDataInMegaBytes\": 0.11,\r\n          \"psDataInMegaBytes\": 0.32,\r\n          \"targetDataInMegaBytes\": 0.0,\r\n          \"diskResized\": \"NotResized\",\r\n          \"lastRpoCalculatedTime\": \"2021-01-22T06:06:58Z\",\r\n          \"resyncProcessedBytes\": 0,\r\n          \"resyncTotalTransferredBytes\": 0,\r\n          \"resyncLast15MinutesTransferredBytes\": 0,\r\n          \"resyncLastDataTransferTimeUTC\": null,\r\n          \"resyncStartTime\": null,\r\n          \"progressHealth\": null,\r\n          \"progressStatus\": null\r\n        }\r\n      ],\r\n      \"diskResized\": \"NotResized\",\r\n      \"masterTargetId\": \"D10734D9-FD18-484A-9357660D51665E8F\",\r\n      \"sourceVmCpuCount\": 1,\r\n      \"sourceVmRamSizeInMB\": 4095,\r\n      \"osType\": \"Windows\",\r\n      \"vhdName\": \"\\\\\\\\.\\\\PHYSICALDRIVE0\",\r\n      \"osDiskId\": \"{3255470998}\",\r\n      \"azureVMDiskDetails\": [],\r\n      \"recoveryAzureVMName\": \"vi-win-vm\",\r\n      \"recoveryAzureVMSize\": \"Standard_A2_v2\",\r\n      \"recoveryAzureStorageAccount\": null,\r\n      \"recoveryAzureLogStorageAccountId\": \"/subscriptions/b364ed8d-4279-4bf8-8fd1-56f8fa0ae05c/resourceGroups/vijami-rg/providers/Microsoft.Storage/storageAccounts/logstoracc123\",\r\n      \"vmNics\": [\r\n        {\r\n          \"nicId\": \"00:50:56:86:0B:DB\",\r\n          \"replicaNicId\": null,\r\n          \"sourceNicArmId\": null,\r\n          \"vMSubnetName\": \"Subnet-1\",\r\n          \"vMNetworkName\": \"Intel(R) PRO/1000 MT Network Connection\",\r\n          \"recoveryVMNetworkId\": \"/subscriptions/b364ed8d-4279-4bf8-8fd1-56f8fa0ae05c/resourceGroups/vijami-rg/providers/Microsoft.Network/virtualNetworks/vnet1\",\r\n          \"recoveryVMSubnetName\": \"default\",\r\n          \"ipAddressType\": \"Dynamic\",\r\n          \"primaryNicStaticIPAddress\": null,\r\n          \"replicaNicStaticIPAddress\": \"\",\r\n          \"selectionType\": \"SelectedByUser\",\r\n          \"recoveryNicIpAddressType\": \"Dynamic\",\r\n          \"recoveryPublicIpAddressId\": \"\",\r\n          \"recoveryNetworkSecurityGroupId\": \"\",\r\n          \"recoveryLBBackendAddressPoolIds\": [],\r\n          \"enableAcceleratedNetworkingOnRecovery\": null,\r\n          \"tfoVMNetworkId\": null,\r\n          \"tfoVMSubnetName\": \"\",\r\n          \"tfoNetworkSecurityGroupId\": \"\",\r\n          \"enableAcceleratedNetworkingOnTfo\": null,\r\n          \"tfoIPConfigs\": [\r\n            {\r\n              \"staticIPAddress\": \"\",\r\n              \"publicIpAddressId\": \"\",\r\n              \"lBBackendAddressPoolIds\": []\r\n            }\r\n          ],\r\n          \"recoveryNicName\": null,\r\n          \"recoveryNicResourceGroupName\": null,\r\n          \"reuseExistingNic\": false,\r\n          \"tfoRecoveryNicName\": null,\r\n          \"tfoRecoveryNicResourceGroupName\": null,\r\n          \"tfoReuseExistingNic\": false\r\n        }\r\n      ],\r\n      \"selectedRecoveryAzureNetworkId\": \"/subscriptions/b364ed8d-4279-4bf8-8fd1-56f8fa0ae05c/resourceGroups/vijami-rg/providers/Microsoft.Network/virtualNetworks/vnet1\",\r\n      \"selectedTfoAzureNetworkId\": null,\r\n      \"selectedSourceNicId\": \"00:50:56:86:0B:DB\",\r\n      \"discoveryType\": \"vCenter\",\r\n      \"enableRdpOnTargetOption\": \"Never\",\r\n      \"datastores\": [\r\n        \"datastore78-ext2\"\r\n      ],\r\n      \"targetVmId\": \"/subscriptions/b364ed8d-4279-4bf8-8fd1-56f8fa0ae05c/resourceGroups/vijami-rg/providers/Microsoft.Compute/virtualMachines/\",\r\n      \"recoveryAzureResourceGroupId\": \"/subscriptions/b364ed8d-4279-4bf8-8fd1-56f8fa0ae05c/resourceGroups/vijami-rg\",\r\n      \"recoveryAvailabilitySetId\": \"\",\r\n      \"targetAvailabilityZone\": \"\",\r\n      \"targetProximityPlacementGroupId\": \"/subscriptions/b364ed8d-4279-4bf8-8fd1-56f8fa0ae05c/resourceGroups/vijami-rg/providers/Microsoft.Compute/proximityPlacementGroups/ppgus\",\r\n      \"useManagedDisks\": \"true\",\r\n      \"licenseType\": \"WindowsServer\",\r\n      \"validationErrors\": [],\r\n      \"lastRpoCalculatedTime\": \"2021-01-22T06:06:58Z\",\r\n      \"lastUpdateReceivedTime\": \"2021-01-22T06:09:39.6432666Z\",\r\n      \"replicaId\": \"f9e8c75c-5bda-11eb-a6c3-0050568657ef_replica_cloud_50e59fc8-5876-4dec-b203-19d5bd69797f\",\r\n      \"osVersion\": \"Microsoft Windows Server 2012 R2 Standard\",\r\n      \"protectedManagedDisks\": [\r\n        {\r\n          \"diskId\": \"{3255470998}\",\r\n          \"seedManagedDiskId\": \"/subscriptions/b364ed8d-4279-4bf8-8fd1-56f8fa0ae05c/resourceGroups/vijami-rg/providers/Microsoft.Compute/disks/asrseeddisk-vi_win_v-PHYSICAL-91144b43-2577-45d4-9764-bbae61a2271b\",\r\n          \"replicaDiskType\": \"Standard_LRS\",\r\n          \"diskEncryptionSetId\": null\r\n        }\r\n      ],\r\n      \"lastRecoveryPointReceived\": \"2021-01-22T06:09:01.1793481Z\",\r\n      \"firmwareType\": \"BIOS\",\r\n      \"azureVmGeneration\": \"V1\",\r\n      \"isAdditionalStatsAvailable\": false,\r\n      \"totalDataTransferred\": 0,\r\n      \"totalProgressHealth\": null,\r\n      \"targetVmTags\": {},\r\n      \"seedManagedDiskTags\": null,\r\n      \"targetManagedDiskTags\": null,\r\n      \"targetNicTags\": {}\r\n    },\r\n    \"recoveryContainerId\": \"/Subscriptions/b364ed8d-4279-4bf8-8fd1-56f8fa0ae05c/resourceGroups/vijami-rg/providers/Microsoft.RecoveryServices/vaults/vidyavault/replicationFabrics/d49858f157601230a6ac5862fbbc6e63bf38d23ecd96cf953767945d457fe9d5/replicationProtectionContainers/d38048d4-b460-4791-8ece-108395ee8478\",\r\n    \"eventCorrelationId\": \"603b4e0f-4285-4c2c-bb8f-d8d5554bcc23\"\r\n  }\r\n}",
      "StatusCode": 200
    },
    {
      "RequestUri": "/Subscriptions/b364ed8d-4279-4bf8-8fd1-56f8fa0ae05c/resourceGroups/vijami-rg/providers/Microsoft.RecoveryServices/vaults/vidyavault/replicationFabrics/f7b8c3cebff5ec9a201a5d3d0698584e7881b07453c8a6e6604a982c1f9eeb58/replicationProtectionContainers/cloud_50e59fc8-5876-4dec-b203-19d5bd69797f/replicationProtectedItems/vi-win-vm?api-version=2018-07-10",
      "EncodedRequestUri": "L1N1YnNjcmlwdGlvbnMvYjM2NGVkOGQtNDI3OS00YmY4LThmZDEtNTZmOGZhMGFlMDVjL3Jlc291cmNlR3JvdXBzL3ZpamFtaS1yZy9wcm92aWRlcnMvTWljcm9zb2Z0LlJlY292ZXJ5U2VydmljZXMvdmF1bHRzL3ZpZHlhdmF1bHQvcmVwbGljYXRpb25GYWJyaWNzL2Y3YjhjM2NlYmZmNWVjOWEyMDFhNWQzZDA2OTg1ODRlNzg4MWIwNzQ1M2M4YTZlNjYwNGE5ODJjMWY5ZWViNTgvcmVwbGljYXRpb25Qcm90ZWN0aW9uQ29udGFpbmVycy9jbG91ZF81MGU1OWZjOC01ODc2LTRkZWMtYjIwMy0xOWQ1YmQ2OTc5N2YvcmVwbGljYXRpb25Qcm90ZWN0ZWRJdGVtcy92aS13aW4tdm0/YXBpLXZlcnNpb249MjAxOC0wNy0xMA==",
      "RequestMethod": "GET",
      "RequestBody": "",
      "RequestHeaders": {
        "x-ms-client-request-id": [
          "e06cbf8e-94cc-4858-a853-a6eb2a3d3589"
        ],
        "Accept-Language": [
          "en-US"
        ],
        "Agent-Authentication": [
          "{\"NotBeforeTimestamp\":\"\\/Date(1611292758232)\\/\",\"NotAfterTimestamp\":\"\\/Date(1611897558232)\\/\",\"ClientRequestId\":\"62277ae5-ce44-45c6-aba4-281acd4d966e-2021-01-22 06:19:18Z-Ps\",\"HashFunction\":\"HMACSHA256\",\"Hmac\":\"/pghAy5HklMiOXjuw9y1pNy+DbxFeZpnQweEaiQVibw=\",\"Version\":{\"Major\":1,\"Minor\":2,\"Build\":-1,\"Revision\":-1,\"MajorRevision\":-1,\"MinorRevision\":-1},\"PropertyBag\":{}}"
        ],
        "User-Agent": [
          "FxVersion/4.6.29518.01",
          "OSName/Windows",
          "OSVersion/Microsoft.Windows.10.0.19042.",
          "Microsoft.Azure.Management.RecoveryServices.SiteRecovery.SiteRecoveryManagementClient/2.1.2.0"
        ]
      },
      "ResponseHeaders": {
        "Cache-Control": [
          "no-cache"
        ],
        "Pragma": [
          "no-cache"
        ],
        "x-ms-ratelimit-remaining-subscription-reads": [
          "11988"
        ],
        "Server": [
          "Microsoft-IIS/10.0",
          "Kestrel"
        ],
        "x-ms-request-id": [
          "e06cbf8e-94cc-4858-a853-a6eb2a3d3589 1/22/2021 6:19:18 AM"
        ],
        "X-Content-Type-Options": [
          "nosniff"
        ],
        "x-ms-client-request-id": [
          "e06cbf8e-94cc-4858-a853-a6eb2a3d3589"
        ],
        "Strict-Transport-Security": [
          "max-age=31536000; includeSubDomains"
        ],
        "x-ms-correlation-request-id": [
          "971fd8a6-d8c3-49e1-a996-311405d3fe6b"
        ],
        "x-ms-routing-request-id": [
          "CENTRALINDIA:20210122T061918Z:971fd8a6-d8c3-49e1-a996-311405d3fe6b"
        ],
        "Date": [
          "Fri, 22 Jan 2021 06:19:18 GMT"
        ],
        "Content-Length": [
          "9240"
        ],
        "Content-Type": [
          "application/json"
        ],
        "Expires": [
          "-1"
        ]
      },
      "ResponseBody": "{\r\n  \"id\": \"/Subscriptions/b364ed8d-4279-4bf8-8fd1-56f8fa0ae05c/resourceGroups/vijami-rg/providers/Microsoft.RecoveryServices/vaults/vidyavault/replicationFabrics/f7b8c3cebff5ec9a201a5d3d0698584e7881b07453c8a6e6604a982c1f9eeb58/replicationProtectionContainers/cloud_50e59fc8-5876-4dec-b203-19d5bd69797f/replicationProtectedItems/vi-win-vm\",\r\n  \"name\": \"vi-win-vm\",\r\n  \"type\": \"Microsoft.RecoveryServices/vaults/replicationFabrics/replicationProtectionContainers/replicationProtectedItems\",\r\n  \"properties\": {\r\n    \"friendlyName\": \"vi-win-vm-new\",\r\n    \"protectedItemType\": \"\",\r\n    \"protectableItemId\": \"/Subscriptions/b364ed8d-4279-4bf8-8fd1-56f8fa0ae05c/resourceGroups/vijami-rg/providers/Microsoft.RecoveryServices/vaults/vidyavault/replicationFabrics/f7b8c3cebff5ec9a201a5d3d0698584e7881b07453c8a6e6604a982c1f9eeb58/replicationProtectionContainers/cloud_50e59fc8-5876-4dec-b203-19d5bd69797f/replicationProtectableItems/f9e8c75c-5bda-11eb-a6c3-0050568657ef\",\r\n    \"recoveryServicesProviderId\": \"/Subscriptions/b364ed8d-4279-4bf8-8fd1-56f8fa0ae05c/resourceGroups/vijami-rg/providers/Microsoft.RecoveryServices/vaults/vidyavault/replicationFabrics/f7b8c3cebff5ec9a201a5d3d0698584e7881b07453c8a6e6604a982c1f9eeb58/replicationRecoveryServicesProviders/50e59fc8-5876-4dec-b203-19d5bd69797f\",\r\n    \"primaryFabricFriendlyName\": \"WIN-B6L6OJO1E6Q\",\r\n    \"primaryFabricProvider\": \"InMageFabric\",\r\n    \"recoveryFabricFriendlyName\": \"Microsoft Azure\",\r\n    \"recoveryFabricId\": \"Microsoft Azure\",\r\n    \"primaryProtectionContainerFriendlyName\": \"WIN-B6L6OJO1E6Q\",\r\n    \"recoveryProtectionContainerFriendlyName\": \"Microsoft Azure\",\r\n    \"protectionState\": \"Protected\",\r\n    \"protectionStateDescription\": \"Protected\",\r\n    \"activeLocation\": \"Primary\",\r\n    \"testFailoverState\": \"None\",\r\n    \"testFailoverStateDescription\": \"None\",\r\n    \"allowedOperations\": [\r\n      \"UnplannedFailover\",\r\n      \"DisableProtection\",\r\n      \"TestFailover\"\r\n    ],\r\n    \"replicationHealth\": \"Normal\",\r\n    \"failoverHealth\": \"Warning\",\r\n    \"healthErrors\": [\r\n      {\r\n        \"innerHealthErrors\": [],\r\n        \"errorSource\": \"ReplicationUnitProviderErrorOnPrimary\",\r\n        \"errorType\": \"102\",\r\n        \"errorLevel\": \"Error\",\r\n        \"errorCategory\": \"VersionExpiry\",\r\n        \"errorCode\": \"78183\",\r\n        \"summaryMessage\": \"Mobility service version is nearing End-Of-Support\",\r\n        \"errorMessage\": \"The support for the version of Azure Site Recovery mobility service(9.32.0.0) running on your protected virtual machines ended on (01/07/2021). The service is currently running with limited functionality, upgrade mobility service to the latest version to resume full functionality. Read more https://aka.ms/asragentexpiry \",\r\n        \"possibleCauses\": \"The Mobility service has not been updated to the latest version. The latest version available is (9.40.0.0).\",\r\n        \"recommendedAction\": \"Upgrade the Mobility service now to restore full functionality on your Recovery Services vault.\",\r\n        \"creationTimeUtc\": \"2021-01-22T05:42:48.4447387Z\",\r\n        \"recoveryProviderErrorMessage\": null,\r\n        \"entityId\": \"f9e8c75c-5bda-11eb-a6c3-0050568657ef\",\r\n        \"errorId\": \"2:102\",\r\n        \"customerResolvability\": \"NotAllowed\"\r\n      },\r\n      {\r\n        \"innerHealthErrors\": [],\r\n        \"errorSource\": \"ReplicationUnitFailoverValidatorError\",\r\n        \"errorType\": \"8010\",\r\n        \"errorLevel\": \"Warning\",\r\n        \"errorCategory\": \"TestFailover\",\r\n        \"errorCode\": \"161011\",\r\n        \"summaryMessage\": \"\",\r\n        \"errorMessage\": \"No successful test failover has been done on the virtual machine 'vi-win-vm-new'.\",\r\n        \"possibleCauses\": \"No successful test failover has been done on the virtual machine after it was replicated.\",\r\n        \"recommendedAction\": \"Do a test failover on the virtual machine.\",\r\n        \"creationTimeUtc\": \"2021-01-22T06:17:47.841218Z\",\r\n        \"recoveryProviderErrorMessage\": null,\r\n        \"entityId\": \"f9e8c75c-5bda-11eb-a6c3-0050568657ef\",\r\n        \"errorId\": \"6:8010\",\r\n        \"customerResolvability\": \"NotAllowed\"\r\n      }\r\n    ],\r\n    \"policyId\": \"/Subscriptions/b364ed8d-4279-4bf8-8fd1-56f8fa0ae05c/resourceGroups/vijami-rg/providers/Microsoft.RecoveryServices/vaults/vidyavault/replicationPolicies/test-policy\",\r\n    \"policyFriendlyName\": \"test-policy\",\r\n    \"currentScenario\": {\r\n      \"scenarioName\": \"None\",\r\n      \"jobId\": \"/Subscriptions/b364ed8d-4279-4bf8-8fd1-56f8fa0ae05c/resourceGroups/vijami-rg/providers/Microsoft.RecoveryServices/vaults/vidyavault/replicationJobs/None\",\r\n      \"startTime\": \"1753-01-01T01:01:01Z\"\r\n    },\r\n    \"failoverRecoveryPointId\": null,\r\n    \"providerSpecificDetails\": {\r\n      \"instanceType\": \"InMageAzureV2\",\r\n      \"infrastructureVmId\": \"f9e8c75c-5bda-11eb-a6c3-0050568657ef\",\r\n      \"vCenterInfrastructureId\": \"1\",\r\n      \"protectionStage\": \"DifferentialSync\",\r\n      \"vmId\": \"f9e8c75c-5bda-11eb-a6c3-0050568657ef\",\r\n      \"vmProtectionState\": \"Protected\",\r\n      \"vmProtectionStateDescription\": \"Protected\",\r\n      \"resyncProgressPercentage\": 0,\r\n      \"rpoInSeconds\": 476,\r\n      \"compressedDataRateInMB\": 0.0,\r\n      \"uncompressedDataRateInMB\": 0.0,\r\n      \"ipAddress\": \"10.150.168.181\",\r\n      \"agentVersion\": \"9.32.0.0\",\r\n      \"agentExpiryDate\": \"2021-01-07T00:00:00Z\",\r\n      \"isAgentUpdateRequired\": \"NotRequired\",\r\n      \"isRebootAfterUpdateRequired\": \"NotRequired\",\r\n      \"lastHeartbeat\": \"2021-01-22T06:08:35Z\",\r\n      \"processServerId\": \"D10734D9-FD18-484A-9357660D51665E8F\",\r\n      \"processServerName\": \"WIN-B6L6OJO1E6Q\",\r\n      \"multiVmGroupId\": \"70374ed8-5fe0-4271-a73b-85f9dc9005cd\",\r\n      \"multiVmGroupName\": \"70374ed8-5fe0-4271-a73b-85f9dc9005cd\",\r\n      \"multiVmSyncStatus\": \"Enabled\",\r\n      \"protectedDisks\": [\r\n        {\r\n          \"diskId\": \"{3255470998}\",\r\n          \"diskName\": \"Disk0\",\r\n          \"protectionStage\": \"DifferentialSync\",\r\n          \"healthErrorCode\": null,\r\n          \"rpoInSeconds\": 476,\r\n          \"resyncRequired\": \"NotRequired\",\r\n          \"resyncProgressPercentage\": 0,\r\n          \"resyncDurationInSeconds\": 869,\r\n          \"diskCapacityInBytes\": 42949672960,\r\n          \"fileSystemCapacityInBytes\": 42949672960,\r\n          \"sourceDataInMegaBytes\": 0.11,\r\n          \"psDataInMegaBytes\": 0.32,\r\n          \"targetDataInMegaBytes\": 0.0,\r\n          \"diskResized\": \"NotResized\",\r\n          \"lastRpoCalculatedTime\": \"2021-01-22T06:06:58Z\",\r\n          \"resyncProcessedBytes\": 0,\r\n          \"resyncTotalTransferredBytes\": 0,\r\n          \"resyncLast15MinutesTransferredBytes\": 0,\r\n          \"resyncLastDataTransferTimeUTC\": null,\r\n          \"resyncStartTime\": null,\r\n          \"progressHealth\": null,\r\n          \"progressStatus\": null\r\n        }\r\n      ],\r\n      \"diskResized\": \"NotResized\",\r\n      \"masterTargetId\": \"D10734D9-FD18-484A-9357660D51665E8F\",\r\n      \"sourceVmCpuCount\": 1,\r\n      \"sourceVmRamSizeInMB\": 4095,\r\n      \"osType\": \"Windows\",\r\n      \"vhdName\": \"\\\\\\\\.\\\\PHYSICALDRIVE0\",\r\n      \"osDiskId\": \"{3255470998}\",\r\n      \"azureVMDiskDetails\": [],\r\n      \"recoveryAzureVMName\": \"vi-win-vm\",\r\n      \"recoveryAzureVMSize\": \"Standard_A2_v2\",\r\n      \"recoveryAzureStorageAccount\": null,\r\n      \"recoveryAzureLogStorageAccountId\": \"/subscriptions/b364ed8d-4279-4bf8-8fd1-56f8fa0ae05c/resourceGroups/vijami-rg/providers/Microsoft.Storage/storageAccounts/logstoracc123\",\r\n      \"vmNics\": [\r\n        {\r\n          \"nicId\": \"00:50:56:86:0B:DB\",\r\n          \"replicaNicId\": null,\r\n          \"sourceNicArmId\": null,\r\n          \"vMSubnetName\": \"Subnet-1\",\r\n          \"vMNetworkName\": \"Intel(R) PRO/1000 MT Network Connection\",\r\n          \"recoveryVMNetworkId\": \"/subscriptions/b364ed8d-4279-4bf8-8fd1-56f8fa0ae05c/resourceGroups/vijami-rg/providers/Microsoft.Network/virtualNetworks/vnet1\",\r\n          \"recoveryVMSubnetName\": \"default\",\r\n          \"ipAddressType\": \"Dynamic\",\r\n          \"primaryNicStaticIPAddress\": null,\r\n          \"replicaNicStaticIPAddress\": \"\",\r\n          \"selectionType\": \"SelectedByUser\",\r\n          \"recoveryNicIpAddressType\": \"Dynamic\",\r\n          \"recoveryPublicIpAddressId\": \"\",\r\n          \"recoveryNetworkSecurityGroupId\": \"\",\r\n          \"recoveryLBBackendAddressPoolIds\": [],\r\n          \"enableAcceleratedNetworkingOnRecovery\": null,\r\n          \"tfoVMNetworkId\": null,\r\n          \"tfoVMSubnetName\": \"\",\r\n          \"tfoNetworkSecurityGroupId\": \"\",\r\n          \"enableAcceleratedNetworkingOnTfo\": null,\r\n          \"tfoIPConfigs\": [\r\n            {\r\n              \"staticIPAddress\": \"\",\r\n              \"publicIpAddressId\": \"\",\r\n              \"lBBackendAddressPoolIds\": []\r\n            }\r\n          ],\r\n          \"recoveryNicName\": null,\r\n          \"recoveryNicResourceGroupName\": null,\r\n          \"reuseExistingNic\": false,\r\n          \"tfoRecoveryNicName\": null,\r\n          \"tfoRecoveryNicResourceGroupName\": null,\r\n          \"tfoReuseExistingNic\": false\r\n        }\r\n      ],\r\n      \"selectedRecoveryAzureNetworkId\": \"/subscriptions/b364ed8d-4279-4bf8-8fd1-56f8fa0ae05c/resourceGroups/vijami-rg/providers/Microsoft.Network/virtualNetworks/vnet1\",\r\n      \"selectedTfoAzureNetworkId\": null,\r\n      \"selectedSourceNicId\": \"00:50:56:86:0B:DB\",\r\n      \"discoveryType\": \"vCenter\",\r\n      \"enableRdpOnTargetOption\": \"Never\",\r\n      \"datastores\": [\r\n        \"datastore78-ext2\"\r\n      ],\r\n      \"targetVmId\": \"/subscriptions/b364ed8d-4279-4bf8-8fd1-56f8fa0ae05c/resourceGroups/vijami-rg/providers/Microsoft.Compute/virtualMachines/\",\r\n      \"recoveryAzureResourceGroupId\": \"/subscriptions/b364ed8d-4279-4bf8-8fd1-56f8fa0ae05c/resourceGroups/vijami-rg\",\r\n      \"recoveryAvailabilitySetId\": \"\",\r\n      \"targetAvailabilityZone\": \"\",\r\n      \"targetProximityPlacementGroupId\": \"/subscriptions/b364ed8d-4279-4bf8-8fd1-56f8fa0ae05c/resourceGroups/vijami-rg/providers/Microsoft.Compute/proximityPlacementGroups/ppgus\",\r\n      \"useManagedDisks\": \"true\",\r\n      \"licenseType\": \"WindowsServer\",\r\n      \"validationErrors\": [],\r\n      \"lastRpoCalculatedTime\": \"2021-01-22T06:06:58Z\",\r\n      \"lastUpdateReceivedTime\": \"2021-01-22T06:09:39.6432666Z\",\r\n      \"replicaId\": \"f9e8c75c-5bda-11eb-a6c3-0050568657ef_replica_cloud_50e59fc8-5876-4dec-b203-19d5bd69797f\",\r\n      \"osVersion\": \"Microsoft Windows Server 2012 R2 Standard\",\r\n      \"protectedManagedDisks\": [\r\n        {\r\n          \"diskId\": \"{3255470998}\",\r\n          \"seedManagedDiskId\": \"/subscriptions/b364ed8d-4279-4bf8-8fd1-56f8fa0ae05c/resourceGroups/vijami-rg/providers/Microsoft.Compute/disks/asrseeddisk-vi_win_v-PHYSICAL-91144b43-2577-45d4-9764-bbae61a2271b\",\r\n          \"replicaDiskType\": \"Standard_LRS\",\r\n          \"diskEncryptionSetId\": null\r\n        }\r\n      ],\r\n      \"lastRecoveryPointReceived\": \"2021-01-22T06:09:01.1793481Z\",\r\n      \"firmwareType\": \"BIOS\",\r\n      \"azureVmGeneration\": \"V1\",\r\n      \"isAdditionalStatsAvailable\": false,\r\n      \"totalDataTransferred\": 0,\r\n      \"totalProgressHealth\": null,\r\n      \"targetVmTags\": {},\r\n      \"seedManagedDiskTags\": null,\r\n      \"targetManagedDiskTags\": null,\r\n      \"targetNicTags\": {}\r\n    },\r\n    \"recoveryContainerId\": \"/Subscriptions/b364ed8d-4279-4bf8-8fd1-56f8fa0ae05c/resourceGroups/vijami-rg/providers/Microsoft.RecoveryServices/vaults/vidyavault/replicationFabrics/d49858f157601230a6ac5862fbbc6e63bf38d23ecd96cf953767945d457fe9d5/replicationProtectionContainers/d38048d4-b460-4791-8ece-108395ee8478\",\r\n    \"eventCorrelationId\": \"603b4e0f-4285-4c2c-bb8f-d8d5554bcc23\"\r\n  }\r\n}",
      "StatusCode": 200
    },
    {
      "RequestUri": "/Subscriptions/b364ed8d-4279-4bf8-8fd1-56f8fa0ae05c/resourceGroups/vijami-rg/providers/Microsoft.RecoveryServices/vaults/vidyavault/replicationFabrics/f7b8c3cebff5ec9a201a5d3d0698584e7881b07453c8a6e6604a982c1f9eeb58/replicationProtectionContainers/cloud_50e59fc8-5876-4dec-b203-19d5bd69797f/replicationProtectedItems/vi-win-vm?api-version=2018-07-10",
      "EncodedRequestUri": "L1N1YnNjcmlwdGlvbnMvYjM2NGVkOGQtNDI3OS00YmY4LThmZDEtNTZmOGZhMGFlMDVjL3Jlc291cmNlR3JvdXBzL3ZpamFtaS1yZy9wcm92aWRlcnMvTWljcm9zb2Z0LlJlY292ZXJ5U2VydmljZXMvdmF1bHRzL3ZpZHlhdmF1bHQvcmVwbGljYXRpb25GYWJyaWNzL2Y3YjhjM2NlYmZmNWVjOWEyMDFhNWQzZDA2OTg1ODRlNzg4MWIwNzQ1M2M4YTZlNjYwNGE5ODJjMWY5ZWViNTgvcmVwbGljYXRpb25Qcm90ZWN0aW9uQ29udGFpbmVycy9jbG91ZF81MGU1OWZjOC01ODc2LTRkZWMtYjIwMy0xOWQ1YmQ2OTc5N2YvcmVwbGljYXRpb25Qcm90ZWN0ZWRJdGVtcy92aS13aW4tdm0/YXBpLXZlcnNpb249MjAxOC0wNy0xMA==",
      "RequestMethod": "GET",
      "RequestBody": "",
      "RequestHeaders": {
        "x-ms-client-request-id": [
          "87838601-3ca2-427c-af15-649288330959"
        ],
        "Accept-Language": [
          "en-US"
        ],
        "Agent-Authentication": [
          "{\"NotBeforeTimestamp\":\"\\/Date(1611292761527)\\/\",\"NotAfterTimestamp\":\"\\/Date(1611897561527)\\/\",\"ClientRequestId\":\"5aab5bc6-5e8c-462b-a575-fc1ef68f475e-2021-01-22 06:19:21Z-Ps\",\"HashFunction\":\"HMACSHA256\",\"Hmac\":\"5DN5QV5NYeYp4pg9XPz5qfBWMW1LDEehBBJghoOLwz8=\",\"Version\":{\"Major\":1,\"Minor\":2,\"Build\":-1,\"Revision\":-1,\"MajorRevision\":-1,\"MinorRevision\":-1},\"PropertyBag\":{}}"
        ],
        "User-Agent": [
          "FxVersion/4.6.29518.01",
          "OSName/Windows",
          "OSVersion/Microsoft.Windows.10.0.19042.",
          "Microsoft.Azure.Management.RecoveryServices.SiteRecovery.SiteRecoveryManagementClient/2.1.2.0"
        ]
      },
      "ResponseHeaders": {
        "Cache-Control": [
          "no-cache"
        ],
        "Pragma": [
          "no-cache"
        ],
        "x-ms-ratelimit-remaining-subscription-reads": [
          "11985"
        ],
        "Server": [
          "Microsoft-IIS/10.0",
          "Kestrel"
        ],
        "x-ms-request-id": [
          "87838601-3ca2-427c-af15-649288330959 1/22/2021 6:19:21 AM"
        ],
        "X-Content-Type-Options": [
          "nosniff"
        ],
        "x-ms-client-request-id": [
          "87838601-3ca2-427c-af15-649288330959"
        ],
        "Strict-Transport-Security": [
          "max-age=31536000; includeSubDomains"
        ],
        "x-ms-correlation-request-id": [
          "03560161-5996-4e7a-93b7-fc353ddc17c9"
        ],
        "x-ms-routing-request-id": [
          "CENTRALINDIA:20210122T061921Z:03560161-5996-4e7a-93b7-fc353ddc17c9"
        ],
        "Date": [
          "Fri, 22 Jan 2021 06:19:21 GMT"
        ],
        "Content-Length": [
          "9241"
        ],
        "Content-Type": [
          "application/json"
        ],
        "Expires": [
          "-1"
        ]
      },
      "ResponseBody": "{\r\n  \"id\": \"/Subscriptions/b364ed8d-4279-4bf8-8fd1-56f8fa0ae05c/resourceGroups/vijami-rg/providers/Microsoft.RecoveryServices/vaults/vidyavault/replicationFabrics/f7b8c3cebff5ec9a201a5d3d0698584e7881b07453c8a6e6604a982c1f9eeb58/replicationProtectionContainers/cloud_50e59fc8-5876-4dec-b203-19d5bd69797f/replicationProtectedItems/vi-win-vm\",\r\n  \"name\": \"vi-win-vm\",\r\n  \"type\": \"Microsoft.RecoveryServices/vaults/replicationFabrics/replicationProtectionContainers/replicationProtectedItems\",\r\n  \"properties\": {\r\n    \"friendlyName\": \"vi-win-vm-new\",\r\n    \"protectedItemType\": \"\",\r\n    \"protectableItemId\": \"/Subscriptions/b364ed8d-4279-4bf8-8fd1-56f8fa0ae05c/resourceGroups/vijami-rg/providers/Microsoft.RecoveryServices/vaults/vidyavault/replicationFabrics/f7b8c3cebff5ec9a201a5d3d0698584e7881b07453c8a6e6604a982c1f9eeb58/replicationProtectionContainers/cloud_50e59fc8-5876-4dec-b203-19d5bd69797f/replicationProtectableItems/f9e8c75c-5bda-11eb-a6c3-0050568657ef\",\r\n    \"recoveryServicesProviderId\": \"/Subscriptions/b364ed8d-4279-4bf8-8fd1-56f8fa0ae05c/resourceGroups/vijami-rg/providers/Microsoft.RecoveryServices/vaults/vidyavault/replicationFabrics/f7b8c3cebff5ec9a201a5d3d0698584e7881b07453c8a6e6604a982c1f9eeb58/replicationRecoveryServicesProviders/50e59fc8-5876-4dec-b203-19d5bd69797f\",\r\n    \"primaryFabricFriendlyName\": \"WIN-B6L6OJO1E6Q\",\r\n    \"primaryFabricProvider\": \"InMageFabric\",\r\n    \"recoveryFabricFriendlyName\": \"Microsoft Azure\",\r\n    \"recoveryFabricId\": \"Microsoft Azure\",\r\n    \"primaryProtectionContainerFriendlyName\": \"WIN-B6L6OJO1E6Q\",\r\n    \"recoveryProtectionContainerFriendlyName\": \"Microsoft Azure\",\r\n    \"protectionState\": \"Protected\",\r\n    \"protectionStateDescription\": \"Protected\",\r\n    \"activeLocation\": \"Primary\",\r\n    \"testFailoverState\": \"None\",\r\n    \"testFailoverStateDescription\": \"None\",\r\n    \"allowedOperations\": [\r\n      \"UnplannedFailover\",\r\n      \"DisableProtection\",\r\n      \"TestFailover\"\r\n    ],\r\n    \"replicationHealth\": \"Normal\",\r\n    \"failoverHealth\": \"Warning\",\r\n    \"healthErrors\": [\r\n      {\r\n        \"innerHealthErrors\": [],\r\n        \"errorSource\": \"ReplicationUnitProviderErrorOnPrimary\",\r\n        \"errorType\": \"102\",\r\n        \"errorLevel\": \"Error\",\r\n        \"errorCategory\": \"VersionExpiry\",\r\n        \"errorCode\": \"78183\",\r\n        \"summaryMessage\": \"Mobility service version is nearing End-Of-Support\",\r\n        \"errorMessage\": \"The support for the version of Azure Site Recovery mobility service(9.32.0.0) running on your protected virtual machines ended on (01/07/2021). The service is currently running with limited functionality, upgrade mobility service to the latest version to resume full functionality. Read more https://aka.ms/asragentexpiry \",\r\n        \"possibleCauses\": \"The Mobility service has not been updated to the latest version. The latest version available is (9.40.0.0).\",\r\n        \"recommendedAction\": \"Upgrade the Mobility service now to restore full functionality on your Recovery Services vault.\",\r\n        \"creationTimeUtc\": \"2021-01-22T05:42:48.4447387Z\",\r\n        \"recoveryProviderErrorMessage\": null,\r\n        \"entityId\": \"f9e8c75c-5bda-11eb-a6c3-0050568657ef\",\r\n        \"errorId\": \"2:102\",\r\n        \"customerResolvability\": \"NotAllowed\"\r\n      },\r\n      {\r\n        \"innerHealthErrors\": [],\r\n        \"errorSource\": \"ReplicationUnitFailoverValidatorError\",\r\n        \"errorType\": \"8010\",\r\n        \"errorLevel\": \"Warning\",\r\n        \"errorCategory\": \"TestFailover\",\r\n        \"errorCode\": \"161011\",\r\n        \"summaryMessage\": \"\",\r\n        \"errorMessage\": \"No successful test failover has been done on the virtual machine 'vi-win-vm-new'.\",\r\n        \"possibleCauses\": \"No successful test failover has been done on the virtual machine after it was replicated.\",\r\n        \"recommendedAction\": \"Do a test failover on the virtual machine.\",\r\n        \"creationTimeUtc\": \"2021-01-22T06:17:47.841218Z\",\r\n        \"recoveryProviderErrorMessage\": null,\r\n        \"entityId\": \"f9e8c75c-5bda-11eb-a6c3-0050568657ef\",\r\n        \"errorId\": \"6:8010\",\r\n        \"customerResolvability\": \"NotAllowed\"\r\n      }\r\n    ],\r\n    \"policyId\": \"/Subscriptions/b364ed8d-4279-4bf8-8fd1-56f8fa0ae05c/resourceGroups/vijami-rg/providers/Microsoft.RecoveryServices/vaults/vidyavault/replicationPolicies/test-policy\",\r\n    \"policyFriendlyName\": \"test-policy\",\r\n    \"currentScenario\": {\r\n      \"scenarioName\": \"None\",\r\n      \"jobId\": \"/Subscriptions/b364ed8d-4279-4bf8-8fd1-56f8fa0ae05c/resourceGroups/vijami-rg/providers/Microsoft.RecoveryServices/vaults/vidyavault/replicationJobs/None\",\r\n      \"startTime\": \"1753-01-01T01:01:01Z\"\r\n    },\r\n    \"failoverRecoveryPointId\": null,\r\n    \"providerSpecificDetails\": {\r\n      \"instanceType\": \"InMageAzureV2\",\r\n      \"infrastructureVmId\": \"f9e8c75c-5bda-11eb-a6c3-0050568657ef\",\r\n      \"vCenterInfrastructureId\": \"1\",\r\n      \"protectionStage\": \"DifferentialSync\",\r\n      \"vmId\": \"f9e8c75c-5bda-11eb-a6c3-0050568657ef\",\r\n      \"vmProtectionState\": \"Protected\",\r\n      \"vmProtectionStateDescription\": \"Protected\",\r\n      \"resyncProgressPercentage\": 0,\r\n      \"rpoInSeconds\": 476,\r\n      \"compressedDataRateInMB\": 0.0,\r\n      \"uncompressedDataRateInMB\": 0.0,\r\n      \"ipAddress\": \"10.150.168.181\",\r\n      \"agentVersion\": \"9.32.0.0\",\r\n      \"agentExpiryDate\": \"2021-01-07T00:00:00Z\",\r\n      \"isAgentUpdateRequired\": \"NotRequired\",\r\n      \"isRebootAfterUpdateRequired\": \"NotRequired\",\r\n      \"lastHeartbeat\": \"2021-01-22T06:08:35Z\",\r\n      \"processServerId\": \"D10734D9-FD18-484A-9357660D51665E8F\",\r\n      \"processServerName\": \"WIN-B6L6OJO1E6Q\",\r\n      \"multiVmGroupId\": \"70374ed8-5fe0-4271-a73b-85f9dc9005cd\",\r\n      \"multiVmGroupName\": \"70374ed8-5fe0-4271-a73b-85f9dc9005cd\",\r\n      \"multiVmSyncStatus\": \"Enabled\",\r\n      \"protectedDisks\": [\r\n        {\r\n          \"diskId\": \"{3255470998}\",\r\n          \"diskName\": \"Disk0\",\r\n          \"protectionStage\": \"DifferentialSync\",\r\n          \"healthErrorCode\": null,\r\n          \"rpoInSeconds\": 476,\r\n          \"resyncRequired\": \"NotRequired\",\r\n          \"resyncProgressPercentage\": 0,\r\n          \"resyncDurationInSeconds\": 869,\r\n          \"diskCapacityInBytes\": 42949672960,\r\n          \"fileSystemCapacityInBytes\": 42949672960,\r\n          \"sourceDataInMegaBytes\": 0.11,\r\n          \"psDataInMegaBytes\": 0.32,\r\n          \"targetDataInMegaBytes\": 0.0,\r\n          \"diskResized\": \"NotResized\",\r\n          \"lastRpoCalculatedTime\": \"2021-01-22T06:06:58Z\",\r\n          \"resyncProcessedBytes\": 0,\r\n          \"resyncTotalTransferredBytes\": 0,\r\n          \"resyncLast15MinutesTransferredBytes\": 0,\r\n          \"resyncLastDataTransferTimeUTC\": null,\r\n          \"resyncStartTime\": null,\r\n          \"progressHealth\": null,\r\n          \"progressStatus\": null\r\n        }\r\n      ],\r\n      \"diskResized\": \"NotResized\",\r\n      \"masterTargetId\": \"D10734D9-FD18-484A-9357660D51665E8F\",\r\n      \"sourceVmCpuCount\": 1,\r\n      \"sourceVmRamSizeInMB\": 4095,\r\n      \"osType\": \"Windows\",\r\n      \"vhdName\": \"\\\\\\\\.\\\\PHYSICALDRIVE0\",\r\n      \"osDiskId\": \"{3255470998}\",\r\n      \"azureVMDiskDetails\": [],\r\n      \"recoveryAzureVMName\": \"vi-win-vm\",\r\n      \"recoveryAzureVMSize\": \"Standard_A2_v2\",\r\n      \"recoveryAzureStorageAccount\": null,\r\n      \"recoveryAzureLogStorageAccountId\": \"/subscriptions/b364ed8d-4279-4bf8-8fd1-56f8fa0ae05c/resourceGroups/vijami-rg/providers/Microsoft.Storage/storageAccounts/logstoracc123\",\r\n      \"vmNics\": [\r\n        {\r\n          \"nicId\": \"00:50:56:86:0B:DB\",\r\n          \"replicaNicId\": null,\r\n          \"sourceNicArmId\": null,\r\n          \"vMSubnetName\": \"Subnet-1\",\r\n          \"vMNetworkName\": \"Intel(R) PRO/1000 MT Network Connection\",\r\n          \"recoveryVMNetworkId\": \"/subscriptions/b364ed8d-4279-4bf8-8fd1-56f8fa0ae05c/resourceGroups/vijami-rg/providers/Microsoft.Network/virtualNetworks/vnet1\",\r\n          \"recoveryVMSubnetName\": \"default\",\r\n          \"ipAddressType\": \"Dynamic\",\r\n          \"primaryNicStaticIPAddress\": null,\r\n          \"replicaNicStaticIPAddress\": \"\",\r\n          \"selectionType\": \"SelectedByUser\",\r\n          \"recoveryNicIpAddressType\": \"Dynamic\",\r\n          \"recoveryPublicIpAddressId\": \"\",\r\n          \"recoveryNetworkSecurityGroupId\": \"\",\r\n          \"recoveryLBBackendAddressPoolIds\": [],\r\n          \"enableAcceleratedNetworkingOnRecovery\": null,\r\n          \"tfoVMNetworkId\": null,\r\n          \"tfoVMSubnetName\": \"\",\r\n          \"tfoNetworkSecurityGroupId\": \"\",\r\n          \"enableAcceleratedNetworkingOnTfo\": null,\r\n          \"tfoIPConfigs\": [\r\n            {\r\n              \"staticIPAddress\": \"\",\r\n              \"publicIpAddressId\": \"\",\r\n              \"lBBackendAddressPoolIds\": []\r\n            }\r\n          ],\r\n          \"recoveryNicName\": null,\r\n          \"recoveryNicResourceGroupName\": null,\r\n          \"reuseExistingNic\": false,\r\n          \"tfoRecoveryNicName\": null,\r\n          \"tfoRecoveryNicResourceGroupName\": null,\r\n          \"tfoReuseExistingNic\": false\r\n        }\r\n      ],\r\n      \"selectedRecoveryAzureNetworkId\": \"/subscriptions/b364ed8d-4279-4bf8-8fd1-56f8fa0ae05c/resourceGroups/vijami-rg/providers/Microsoft.Network/virtualNetworks/vnet1\",\r\n      \"selectedTfoAzureNetworkId\": null,\r\n      \"selectedSourceNicId\": \"00:50:56:86:0B:DB\",\r\n      \"discoveryType\": \"vCenter\",\r\n      \"enableRdpOnTargetOption\": \"Never\",\r\n      \"datastores\": [\r\n        \"datastore78-ext2\"\r\n      ],\r\n      \"targetVmId\": \"/subscriptions/b364ed8d-4279-4bf8-8fd1-56f8fa0ae05c/resourceGroups/vijami-rg/providers/Microsoft.Compute/virtualMachines/\",\r\n      \"recoveryAzureResourceGroupId\": \"/subscriptions/b364ed8d-4279-4bf8-8fd1-56f8fa0ae05c/resourceGroups/vijami-rg\",\r\n      \"recoveryAvailabilitySetId\": \"\",\r\n      \"targetAvailabilityZone\": \"\",\r\n      \"targetProximityPlacementGroupId\": \"/subscriptions/b364ed8d-4279-4bf8-8fd1-56f8fa0ae05c/resourceGroups/vijami-rg/providers/Microsoft.Compute/proximityPlacementGroups/ppgnew\",\r\n      \"useManagedDisks\": \"true\",\r\n      \"licenseType\": \"WindowsServer\",\r\n      \"validationErrors\": [],\r\n      \"lastRpoCalculatedTime\": \"2021-01-22T06:06:58Z\",\r\n      \"lastUpdateReceivedTime\": \"2021-01-22T06:09:39.6432666Z\",\r\n      \"replicaId\": \"f9e8c75c-5bda-11eb-a6c3-0050568657ef_replica_cloud_50e59fc8-5876-4dec-b203-19d5bd69797f\",\r\n      \"osVersion\": \"Microsoft Windows Server 2012 R2 Standard\",\r\n      \"protectedManagedDisks\": [\r\n        {\r\n          \"diskId\": \"{3255470998}\",\r\n          \"seedManagedDiskId\": \"/subscriptions/b364ed8d-4279-4bf8-8fd1-56f8fa0ae05c/resourceGroups/vijami-rg/providers/Microsoft.Compute/disks/asrseeddisk-vi_win_v-PHYSICAL-91144b43-2577-45d4-9764-bbae61a2271b\",\r\n          \"replicaDiskType\": \"Standard_LRS\",\r\n          \"diskEncryptionSetId\": null\r\n        }\r\n      ],\r\n      \"lastRecoveryPointReceived\": \"2021-01-22T06:09:01.1793481Z\",\r\n      \"firmwareType\": \"BIOS\",\r\n      \"azureVmGeneration\": \"V1\",\r\n      \"isAdditionalStatsAvailable\": false,\r\n      \"totalDataTransferred\": 0,\r\n      \"totalProgressHealth\": null,\r\n      \"targetVmTags\": {},\r\n      \"seedManagedDiskTags\": null,\r\n      \"targetManagedDiskTags\": null,\r\n      \"targetNicTags\": {}\r\n    },\r\n    \"recoveryContainerId\": \"/Subscriptions/b364ed8d-4279-4bf8-8fd1-56f8fa0ae05c/resourceGroups/vijami-rg/providers/Microsoft.RecoveryServices/vaults/vidyavault/replicationFabrics/d49858f157601230a6ac5862fbbc6e63bf38d23ecd96cf953767945d457fe9d5/replicationProtectionContainers/d38048d4-b460-4791-8ece-108395ee8478\",\r\n    \"eventCorrelationId\": \"603b4e0f-4285-4c2c-bb8f-d8d5554bcc23\"\r\n  }\r\n}",
      "StatusCode": 200
    },
    {
      "RequestUri": "/Subscriptions/b364ed8d-4279-4bf8-8fd1-56f8fa0ae05c/resourceGroups/vijami-rg/providers/Microsoft.RecoveryServices/vaults/vidyavault/replicationFabrics/f7b8c3cebff5ec9a201a5d3d0698584e7881b07453c8a6e6604a982c1f9eeb58/replicationProtectionContainers/cloud_50e59fc8-5876-4dec-b203-19d5bd69797f/replicationProtectedItems/vi-win-vm?api-version=2018-07-10",
      "EncodedRequestUri": "L1N1YnNjcmlwdGlvbnMvYjM2NGVkOGQtNDI3OS00YmY4LThmZDEtNTZmOGZhMGFlMDVjL3Jlc291cmNlR3JvdXBzL3ZpamFtaS1yZy9wcm92aWRlcnMvTWljcm9zb2Z0LlJlY292ZXJ5U2VydmljZXMvdmF1bHRzL3ZpZHlhdmF1bHQvcmVwbGljYXRpb25GYWJyaWNzL2Y3YjhjM2NlYmZmNWVjOWEyMDFhNWQzZDA2OTg1ODRlNzg4MWIwNzQ1M2M4YTZlNjYwNGE5ODJjMWY5ZWViNTgvcmVwbGljYXRpb25Qcm90ZWN0aW9uQ29udGFpbmVycy9jbG91ZF81MGU1OWZjOC01ODc2LTRkZWMtYjIwMy0xOWQ1YmQ2OTc5N2YvcmVwbGljYXRpb25Qcm90ZWN0ZWRJdGVtcy92aS13aW4tdm0/YXBpLXZlcnNpb249MjAxOC0wNy0xMA==",
      "RequestMethod": "PATCH",
      "RequestBody": "{\r\n  \"properties\": {\r\n    \"recoveryAzureVMName\": \"vi-win-vm\",\r\n    \"recoveryAzureVMSize\": \"Standard_A2_v2\",\r\n    \"selectedRecoveryAzureNetworkId\": \"/subscriptions/b364ed8d-4279-4bf8-8fd1-56f8fa0ae05c/resourceGroups/vijami-rg/providers/Microsoft.Network/virtualNetworks/vnet1\",\r\n    \"selectedTfoAzureNetworkId\": \"\",\r\n    \"selectedSourceNicId\": \"00:50:56:86:0B:DB\",\r\n    \"vmNics\": [\r\n      {\r\n        \"nicId\": \"00:50:56:86:0B:DB\",\r\n        \"recoveryVMSubnetName\": \"default\",\r\n        \"replicaNicStaticIPAddress\": \"\",\r\n        \"selectionType\": \"SelectedByUser\",\r\n        \"recoveryPublicIpAddressId\": \"\",\r\n        \"recoveryNetworkSecurityGroupId\": \"\",\r\n        \"recoveryLBBackendAddressPoolIds\": []\r\n      }\r\n    ],\r\n    \"licenseType\": \"WindowsServer\",\r\n    \"recoveryAvailabilitySetId\": \"\",\r\n    \"providerSpecificDetails\": {\r\n      \"instanceType\": \"InMageAzureV2\",\r\n      \"recoveryAzureV2ResourceGroupId\": \"/subscriptions/b364ed8d-4279-4bf8-8fd1-56f8fa0ae05c/resourceGroups/vijami-rg\",\r\n      \"useManagedDisks\": \"true\",\r\n      \"targetProximityPlacementGroupId\": \"/subscriptions/b364ed8d-4279-4bf8-8fd1-56f8fa0ae05c/resourceGroups/vijami-rg/providers/Microsoft.Compute/proximityPlacementGroups/ppgnew\",\r\n      \"targetAvailabilityZone\": \"\"\r\n    }\r\n  }\r\n}",
      "RequestHeaders": {
        "x-ms-client-request-id": [
          "e06cbf8e-94cc-4858-a853-a6eb2a3d3589"
        ],
        "Accept-Language": [
          "en-US"
        ],
        "Agent-Authentication": [
          "{\"NotBeforeTimestamp\":\"\\/Date(1611292758664)\\/\",\"NotAfterTimestamp\":\"\\/Date(1611897558664)\\/\",\"ClientRequestId\":\"7b9dc471-1644-424f-8396-082eb4514043-2021-01-22 06:19:18Z-Ps\",\"HashFunction\":\"HMACSHA256\",\"Hmac\":\"iD4tCC0RRA2Zo//clcG6u340AoP2bi7798uSIr/CbrM=\",\"Version\":{\"Major\":1,\"Minor\":2,\"Build\":-1,\"Revision\":-1,\"MajorRevision\":-1,\"MinorRevision\":-1},\"PropertyBag\":{}}"
        ],
        "User-Agent": [
          "FxVersion/4.6.29518.01",
          "OSName/Windows",
          "OSVersion/Microsoft.Windows.10.0.19042.",
          "Microsoft.Azure.Management.RecoveryServices.SiteRecovery.SiteRecoveryManagementClient/2.1.2.0"
        ],
        "Content-Type": [
          "application/json; charset=utf-8"
        ],
        "Content-Length": [
          "1248"
        ]
      },
      "ResponseHeaders": {
        "Cache-Control": [
          "no-cache"
        ],
        "Pragma": [
          "no-cache"
        ],
        "Location": [
          "https://management.azure.com/Subscriptions/b364ed8d-4279-4bf8-8fd1-56f8fa0ae05c/resourceGroups/vijami-rg/providers/Microsoft.RecoveryServices/vaults/vidyavault/replicationFabrics/f7b8c3cebff5ec9a201a5d3d0698584e7881b07453c8a6e6604a982c1f9eeb58/replicationProtectionContainers/cloud_50e59fc8-5876-4dec-b203-19d5bd69797f/replicationProtectedItems/vi-win-vm/operationresults/f8c8ec30-0c1d-490a-a8b5-6c75d76a3a83?api-version=2018-07-10"
        ],
        "Retry-After": [
          "30"
        ],
        "x-ms-request-id": [
          "/Subscriptions/b364ed8d-4279-4bf8-8fd1-56f8fa0ae05c/resourceGroups/vijami-rg/providers/Microsoft.RecoveryServices/vaults/vidyavault/replicationJobs/f8c8ec30-0c1d-490a-a8b5-6c75d76a3a83",
          "/Subscriptions/b364ed8d-4279-4bf8-8fd1-56f8fa0ae05c/resourceGroups/vijami-rg/providers/Microsoft.RecoveryServices/vaults/vidyavault/replicationJobs/f8c8ec30-0c1d-490a-a8b5-6c75d76a3a83"
        ],
        "Azure-AsyncOperation": [
          "https://management.azure.com/Subscriptions/b364ed8d-4279-4bf8-8fd1-56f8fa0ae05c/resourceGroups/vijami-rg/providers/Microsoft.RecoveryServices/vaults/vidyavault/replicationOperationStatus/f8c8ec30-0c1d-490a-a8b5-6c75d76a3a83?api-version=2018-07-10"
        ],
        "X-Content-Type-Options": [
          "nosniff"
        ],
        "x-ms-client-request-id": [
          "e06cbf8e-94cc-4858-a853-a6eb2a3d3589"
        ],
        "Strict-Transport-Security": [
          "max-age=31536000; includeSubDomains"
        ],
        "x-ms-ratelimit-remaining-subscription-writes": [
          "1199"
        ],
        "x-ms-correlation-request-id": [
          "d4f1df72-4006-4c44-af77-576c6af37f77"
        ],
        "x-ms-routing-request-id": [
          "CENTRALINDIA:20210122T061920Z:d4f1df72-4006-4c44-af77-576c6af37f77"
        ],
        "Date": [
          "Fri, 22 Jan 2021 06:19:20 GMT"
        ],
        "Expires": [
          "-1"
        ],
        "Content-Length": [
          "0"
        ]
      },
      "ResponseBody": "",
      "StatusCode": 202
    },
    {
      "RequestUri": "/Subscriptions/b364ed8d-4279-4bf8-8fd1-56f8fa0ae05c/resourceGroups/vijami-rg/providers/Microsoft.RecoveryServices/vaults/vidyavault/replicationJobs/f8c8ec30-0c1d-490a-a8b5-6c75d76a3a83?api-version=2018-07-10",
      "EncodedRequestUri": "L1N1YnNjcmlwdGlvbnMvYjM2NGVkOGQtNDI3OS00YmY4LThmZDEtNTZmOGZhMGFlMDVjL3Jlc291cmNlR3JvdXBzL3ZpamFtaS1yZy9wcm92aWRlcnMvTWljcm9zb2Z0LlJlY292ZXJ5U2VydmljZXMvdmF1bHRzL3ZpZHlhdmF1bHQvcmVwbGljYXRpb25Kb2JzL2Y4YzhlYzMwLTBjMWQtNDkwYS1hOGI1LTZjNzVkNzZhM2E4Mz9hcGktdmVyc2lvbj0yMDE4LTA3LTEw",
      "RequestMethod": "GET",
      "RequestBody": "",
      "RequestHeaders": {
        "x-ms-client-request-id": [
          "e06cbf8e-94cc-4858-a853-a6eb2a3d3589"
        ],
        "Accept-Language": [
          "en-US"
        ],
        "Agent-Authentication": [
          "{\"NotBeforeTimestamp\":\"\\/Date(1611292760781)\\/\",\"NotAfterTimestamp\":\"\\/Date(1611897560781)\\/\",\"ClientRequestId\":\"468993f9-a04d-44b0-9b14-53c28788ff4f-2021-01-22 06:19:20Z-Ps\",\"HashFunction\":\"HMACSHA256\",\"Hmac\":\"THreJvzekchA4DB6mQwuyQG578UF0jZTjsxDJfhD7kE=\",\"Version\":{\"Major\":1,\"Minor\":2,\"Build\":-1,\"Revision\":-1,\"MajorRevision\":-1,\"MinorRevision\":-1},\"PropertyBag\":{}}"
        ],
        "User-Agent": [
          "FxVersion/4.6.29518.01",
          "OSName/Windows",
          "OSVersion/Microsoft.Windows.10.0.19042.",
          "Microsoft.Azure.Management.RecoveryServices.SiteRecovery.SiteRecoveryManagementClient/2.1.2.0"
        ]
      },
      "ResponseHeaders": {
        "Cache-Control": [
          "no-cache"
        ],
        "Pragma": [
          "no-cache"
        ],
        "x-ms-ratelimit-remaining-subscription-reads": [
          "11987"
        ],
        "Server": [
          "Microsoft-IIS/10.0",
          "Kestrel"
        ],
        "x-ms-request-id": [
          "/Subscriptions/b364ed8d-4279-4bf8-8fd1-56f8fa0ae05c/resourceGroups/vijami-rg/providers/Microsoft.RecoveryServices/vaults/vidyavault/replicationJobs/f8c8ec30-0c1d-490a-a8b5-6c75d76a3a83"
        ],
        "X-Content-Type-Options": [
          "nosniff"
        ],
        "x-ms-client-request-id": [
          "e06cbf8e-94cc-4858-a853-a6eb2a3d3589"
        ],
        "Strict-Transport-Security": [
          "max-age=31536000; includeSubDomains"
        ],
        "x-ms-correlation-request-id": [
          "74b9d6d0-69af-4322-9133-9428d5b1af18"
        ],
        "x-ms-routing-request-id": [
          "CENTRALINDIA:20210122T061921Z:74b9d6d0-69af-4322-9133-9428d5b1af18"
        ],
        "Date": [
          "Fri, 22 Jan 2021 06:19:20 GMT"
        ],
        "Content-Length": [
          "1869"
        ],
        "Content-Type": [
          "application/json"
        ],
        "Expires": [
          "-1"
        ]
      },
      "ResponseBody": "{\r\n  \"id\": \"/Subscriptions/b364ed8d-4279-4bf8-8fd1-56f8fa0ae05c/resourceGroups/vijami-rg/providers/Microsoft.RecoveryServices/vaults/vidyavault/replicationJobs/f8c8ec30-0c1d-490a-a8b5-6c75d76a3a83\",\r\n  \"name\": \"f8c8ec30-0c1d-490a-a8b5-6c75d76a3a83\",\r\n  \"type\": \"Microsoft.RecoveryServices/vaults/replicationJobs\",\r\n  \"properties\": {\r\n    \"activityId\": \"e06cbf8e-94cc-4858-a853-a6eb2a3d3589 ActivityId: d4f1df72-4006-4c44-af77-576c6af37f77\",\r\n    \"scenarioName\": \"UpdateVmProperties\",\r\n    \"friendlyName\": \"Update the virtual machine\",\r\n    \"state\": \"InProgress\",\r\n    \"stateDescription\": \"InProgress\",\r\n    \"tasks\": [\r\n      {\r\n        \"taskId\": \"fb07303e-79be-495a-8bf6-78d2a18cd358\",\r\n        \"name\": \"UpdateVmPropertiesTask\",\r\n        \"startTime\": \"0001-01-01T00:00:00\",\r\n        \"endTime\": \"0001-01-01T00:00:00\",\r\n        \"allowedActions\": [],\r\n        \"friendlyName\": \"Update the virtual machine properties\",\r\n        \"state\": \"NotStarted\",\r\n        \"stateDescription\": \"NotStarted\",\r\n        \"taskType\": \"TaskDetails\",\r\n        \"customDetails\": {\r\n          \"instanceType\": \"TaskDetails\"\r\n        },\r\n        \"groupTaskCustomDetails\": null,\r\n        \"errors\": []\r\n      }\r\n    ],\r\n    \"errors\": [],\r\n    \"startTime\": \"2021-01-22T06:19:20.1316921Z\",\r\n    \"allowedActions\": [],\r\n    \"targetObjectId\": \"f9e8c75c-5bda-11eb-a6c3-0050568657ef\",\r\n    \"targetObjectName\": \"vi-win-vm-new\",\r\n    \"targetInstanceType\": \"ProtectionEntity\",\r\n    \"customDetails\": {\r\n      \"instanceType\": \"AsrJobDetails\",\r\n      \"affectedObjectDetails\": {\r\n        \"primaryVmId\": \"f9e8c75c-5bda-11eb-a6c3-0050568657ef\",\r\n        \"primaryVmName\": \"vi-win-vm-new\",\r\n        \"recoveryVmId\": \"\",\r\n        \"recoveryVmName\": \"vi-win-vm-new\",\r\n        \"protectionProfileId\": \"efede9dc-b50e-5723-93e9-4bd8604069c5\",\r\n        \"primaryCloudId\": \"cloud_50e59fc8-5876-4dec-b203-19d5bd69797f\",\r\n        \"primaryCloudName\": \"WIN-B6L6OJO1E6Q\",\r\n        \"recoveryCloudId\": \"d38048d4-b460-4791-8ece-108395ee8478\",\r\n        \"recoveryCloudName\": \"Microsoft Azure\",\r\n        \"primaryVmmId\": \"50e59fc8-5876-4dec-b203-19d5bd69797f\",\r\n        \"primaryVmmName\": \"WIN-B6L6OJO1E6Q\",\r\n        \"recoveryVmmId\": \"21a9403c-6ec1-44f2-b744-b4e50b792387\",\r\n        \"recoveryVmmName\": \"Microsoft Azure\",\r\n        \"primaryFabricProviderId\": \"VMware\",\r\n        \"recoveryFabricProviderId\": \"Azure\"\r\n      }\r\n    }\r\n  }\r\n}",
      "StatusCode": 200
    }
  ],
  "Names": {},
  "Variables": {
    "SubscriptionId": "b364ed8d-4279-4bf8-8fd1-56f8fa0ae05c"
  }
}