{
  "New-AzElasticSan+[NoContext]+CreateExpanded+$PUT+https://management.azure.com/subscriptions/45b60d85-fd72-427a-a708-f994d26e593e/resourceGroups/testelasticsanrg3xqpmojl/providers/Microsoft.ElasticSan/elasticSans/testsan3xqpmojl?api-version=2022-12-01-preview+1": {
    "Request": {
      "Method": "PUT",
      "RequestUri": "https://management.azure.com/subscriptions/45b60d85-fd72-427a-a708-f994d26e593e/resourceGroups/testelasticsanrg3xqpmojl/providers/Microsoft.ElasticSan/elasticSans/testsan3xqpmojl?api-version=2022-12-01-preview",
      "Content": "{\r\n  \"tags\": {\r\n    \"tag2\": \"value2\",\r\n    \"tag1\": \"value1\"\r\n  },\r\n  \"location\": \"eastus2euap\",\r\n  \"properties\": {\r\n    \"sku\": {\r\n      \"name\": \"Premium_LRS\"\r\n    },\r\n    \"baseSizeTiB\": 1,\r\n    \"extendedCapacitySizeTiB\": 6\r\n  }\r\n}",
      "isContentBase64": false,
      "Headers": {
      },
      "ContentHeaders": {
        "Content-Type": [ "application/json" ],
        "Content-Length": [ "230" ]
      }
    },
    "Response": {
      "StatusCode": 201,
      "Headers": {
        "Cache-Control": [ "no-cache" ],
        "Pragma": [ "no-cache" ],
        "Location": [ "https://management.azure.com/subscriptions/45b60d85-fd72-427a-a708-f994d26e593e/providers/Microsoft.ElasticSan/locations/eastus2euap/asyncoperations/ae2190ff-d2e4-4f91-babe-35f922b2fc3e?monitor=true\u0026api-version=2022-12-01-preview" ],
        "Retry-After": [ "17" ],
        "x-ms-request-id": [ "ae2190ff-d2e4-4f91-babe-35f922b2fc3e" ],
        "Strict-Transport-Security": [ "max-age=31536000; includeSubDomains" ],
        "Server": [ "Microsoft-Azure-Storage-Resource-Provider/1.0,Microsoft-HTTPAPI/2.0 Microsoft-HTTPAPI/2.0" ],
        "x-ms-ratelimit-remaining-subscription-writes": [ "1190" ],
        "x-ms-correlation-request-id": [ "7aae8c1e-516d-4940-8381-7cd1123d4a56" ],
        "x-ms-routing-request-id": [ "EASTUS2EUAP:20230718T054844Z:7aae8c1e-516d-4940-8381-7cd1123d4a56" ],
        "X-Content-Type-Options": [ "nosniff" ],
        "Date": [ "Tue, 18 Jul 2023 05:48:44 GMT" ]
      },
      "ContentHeaders": {
        "Content-Length": [ "782" ],
        "Content-Type": [ "application/json" ],
        "Expires": [ "-1" ]
      },
      "Content": "{\"location\":\"eastus2euap\",\"properties\":{\"sku\":{\"name\":\"Premium_LRS\"},\"provisioningState\":\"Creating\",\"baseSizeTiB\":1,\"extendedCapacitySizeTiB\":6,\"totalIops\":5000,\"totalMBps\":80,\"totalSizeTiB\":7,\"volumeGroupCount\":0,\"totalVolumeSizeGiB\":0},\"id\":\"/subscriptions/45b60d85-fd72-427a-a708-f994d26e593e/resourceGroups/testelasticsanrg3xqpmojl/providers/Microsoft.ElasticSan/elasticSans/testsan3xqpmojl\",\"name\":\"testsan3xqpmojl\",\"type\":\"Microsoft.ElasticSan/ElasticSans\",\"tags\":{\"tag2\":\"value2\",\"tag1\":\"value1\"},\"systemData\":{\"createdAt\":\"2023-07-18T05:48:44.3710972Z\",\"createdBy\":\"a000255f-5f09-45e0-a970-9d9ed9cc6453\",\"createdByType\":\"Application\",\"lastModifiedAt\":\"2023-07-18T05:48:44.3710972Z\",\"lastModifiedBy\":\"a000255f-5f09-45e0-a970-9d9ed9cc6453\",\"lastModifiedByType\":\"Application\"}}",
      "isContentBase64": false
    }
  },
  "New-AzElasticSan+[NoContext]+CreateExpanded+$GET+https://management.azure.com/subscriptions/45b60d85-fd72-427a-a708-f994d26e593e/providers/Microsoft.ElasticSan/locations/eastus2euap/asyncoperations/ae2190ff-d2e4-4f91-babe-35f922b2fc3e?monitor=true\u0026api-version=2022-12-01-preview+2": {
    "Request": {
      "Method": "GET",
      "RequestUri": "https://management.azure.com/subscriptions/45b60d85-fd72-427a-a708-f994d26e593e/providers/Microsoft.ElasticSan/locations/eastus2euap/asyncoperations/ae2190ff-d2e4-4f91-babe-35f922b2fc3e?monitor=true\u0026api-version=2022-12-01-preview",
      "Content": null,
      "isContentBase64": false,
      "Headers": {
        "Authorization": [ "[Filtered]" ],
        "x-ms-unique-id": [ "41" ],
        "x-ms-client-request-id": [ "ec2deea3-c71b-45ca-b7f5-fbc5bd24db76" ],
        "CommandName": [ "New-AzElasticSan" ],
        "FullCommandName": [ "New-AzElasticSan_CreateExpanded" ],
        "ParameterSetName": [ "__AllParameterSets" ],
        "User-Agent": [ "AzurePowershell/v0.0.0", "PSVersion/v7.2.12", "Az.ElasticSan/0.2.0" ]
      },
      "ContentHeaders": {
      }
    },
    "Response": {
      "StatusCode": 202,
      "Headers": {
        "Cache-Control": [ "no-cache" ],
        "Pragma": [ "no-cache" ],
        "Location": [ "https://management.azure.com/subscriptions/45b60d85-fd72-427a-a708-f994d26e593e/providers/Microsoft.ElasticSan/locations/eastus2euap/asyncoperations/ae2190ff-d2e4-4f91-babe-35f922b2fc3e?monitor=true\u0026api-version=2022-12-01-preview" ],
        "Retry-After": [ "17" ],
        "x-ms-request-id": [ "e7e5ab92-fb26-48bf-9a33-b1fea1b9c803" ],
        "Strict-Transport-Security": [ "max-age=31536000; includeSubDomains" ],
        "Server": [ "Microsoft-Azure-Storage-Resource-Provider/1.0,Microsoft-HTTPAPI/2.0 Microsoft-HTTPAPI/2.0" ],
        "x-ms-ratelimit-remaining-subscription-reads": [ "11968" ],
        "x-ms-correlation-request-id": [ "4dbe7eb3-6ac6-4ced-ab75-37c312effc1e" ],
        "x-ms-routing-request-id": [ "EASTUS2EUAP:20230718T054902Z:4dbe7eb3-6ac6-4ced-ab75-37c312effc1e" ],
        "X-Content-Type-Options": [ "nosniff" ],
        "Date": [ "Tue, 18 Jul 2023 05:49:02 GMT" ]
      },
      "ContentHeaders": {
        "Content-Type": [ "text/plain; charset=utf-8" ],
        "Expires": [ "-1" ],
        "Content-Length": [ "0" ]
      },
      "Content": null,
      "isContentBase64": false
    }
  },
  "New-AzElasticSan+[NoContext]+CreateExpanded+$GET+https://management.azure.com/subscriptions/45b60d85-fd72-427a-a708-f994d26e593e/providers/Microsoft.ElasticSan/locations/eastus2euap/asyncoperations/ae2190ff-d2e4-4f91-babe-35f922b2fc3e?monitor=true\u0026api-version=2022-12-01-preview+3": {
    "Request": {
      "Method": "GET",
      "RequestUri": "https://management.azure.com/subscriptions/45b60d85-fd72-427a-a708-f994d26e593e/providers/Microsoft.ElasticSan/locations/eastus2euap/asyncoperations/ae2190ff-d2e4-4f91-babe-35f922b2fc3e?monitor=true\u0026api-version=2022-12-01-preview",
      "Content": null,
      "isContentBase64": false,
      "Headers": {
        "Authorization": [ "[Filtered]" ],
        "x-ms-unique-id": [ "42" ],
        "x-ms-client-request-id": [ "ec2deea3-c71b-45ca-b7f5-fbc5bd24db76" ],
        "CommandName": [ "New-AzElasticSan" ],
        "FullCommandName": [ "New-AzElasticSan_CreateExpanded" ],
        "ParameterSetName": [ "__AllParameterSets" ],
        "User-Agent": [ "AzurePowershell/v0.0.0", "PSVersion/v7.2.12", "Az.ElasticSan/0.2.0" ]
      },
      "ContentHeaders": {
      }
    },
    "Response": {
      "StatusCode": 200,
      "Headers": {
        "Cache-Control": [ "no-cache" ],
        "Pragma": [ "no-cache" ],
        "x-ms-request-id": [ "c8087c9c-4250-4655-b65e-ab3fa24228d0" ],
        "Strict-Transport-Security": [ "max-age=31536000; includeSubDomains" ],
        "x-ms-ratelimit-remaining-subscription-reads": [ "11967" ],
        "Server": [ "Microsoft-Azure-Storage-Resource-Provider/1.0,Microsoft-HTTPAPI/2.0 Microsoft-HTTPAPI/2.0" ],
        "x-ms-correlation-request-id": [ "95e785b3-a9f8-4301-af6f-3437d9da57f2" ],
        "x-ms-routing-request-id": [ "EASTUS2EUAP:20230718T054920Z:95e785b3-a9f8-4301-af6f-3437d9da57f2" ],
        "X-Content-Type-Options": [ "nosniff" ],
        "Date": [ "Tue, 18 Jul 2023 05:49:19 GMT" ]
      },
      "ContentHeaders": {
        "Content-Length": [ "783" ],
        "Content-Type": [ "application/json" ],
        "Expires": [ "-1" ]
      },
      "Content": "{\"location\":\"eastus2euap\",\"properties\":{\"sku\":{\"name\":\"Premium_LRS\"},\"provisioningState\":\"Succeeded\",\"baseSizeTiB\":1,\"extendedCapacitySizeTiB\":6,\"totalIops\":5000,\"totalMBps\":80,\"totalSizeTiB\":7,\"volumeGroupCount\":0,\"totalVolumeSizeGiB\":0},\"id\":\"/subscriptions/45b60d85-fd72-427a-a708-f994d26e593e/resourceGroups/testelasticsanrg3xqpmojl/providers/Microsoft.ElasticSan/elasticSans/testsan3xqpmojl\",\"name\":\"testsan3xqpmojl\",\"type\":\"Microsoft.ElasticSan/ElasticSans\",\"tags\":{\"tag2\":\"value2\",\"tag1\":\"value1\"},\"systemData\":{\"createdAt\":\"2023-07-18T05:48:44.3710972Z\",\"createdBy\":\"a000255f-5f09-45e0-a970-9d9ed9cc6453\",\"createdByType\":\"Application\",\"lastModifiedAt\":\"2023-07-18T05:48:44.3710972Z\",\"lastModifiedBy\":\"a000255f-5f09-45e0-a970-9d9ed9cc6453\",\"lastModifiedByType\":\"Application\"}}",
      "isContentBase64": false
    }
  },
  "New-AzElasticSan+[NoContext]+CreateExpanded+$GET+https://management.azure.com/subscriptions/45b60d85-fd72-427a-a708-f994d26e593e/providers/Microsoft.ElasticSan/locations/eastus2euap/asyncoperations/ae2190ff-d2e4-4f91-babe-35f922b2fc3e?monitor=true\u0026api-version=2022-12-01-preview+4": {
    "Request": {
      "Method": "GET",
      "RequestUri": "https://management.azure.com/subscriptions/45b60d85-fd72-427a-a708-f994d26e593e/providers/Microsoft.ElasticSan/locations/eastus2euap/asyncoperations/ae2190ff-d2e4-4f91-babe-35f922b2fc3e?monitor=true\u0026api-version=2022-12-01-preview",
      "Content": null,
      "isContentBase64": false,
      "Headers": {
        "Authorization": [ "[Filtered]" ],
        "x-ms-unique-id": [ "43" ],
        "x-ms-client-request-id": [ "ec2deea3-c71b-45ca-b7f5-fbc5bd24db76" ],
        "CommandName": [ "New-AzElasticSan" ],
        "FullCommandName": [ "New-AzElasticSan_CreateExpanded" ],
        "ParameterSetName": [ "__AllParameterSets" ],
        "User-Agent": [ "AzurePowershell/v0.0.0", "PSVersion/v7.2.12", "Az.ElasticSan/0.2.0" ]
      },
      "ContentHeaders": {
      }
    },
    "Response": {
      "StatusCode": 200,
      "Headers": {
        "Cache-Control": [ "no-cache" ],
        "Pragma": [ "no-cache" ],
        "x-ms-request-id": [ "e6301dcf-b754-4ed2-b260-ba5ebc861288" ],
        "Strict-Transport-Security": [ "max-age=31536000; includeSubDomains" ],
        "Server": [ "Microsoft-Azure-Storage-Resource-Provider/1.0,Microsoft-HTTPAPI/2.0 Microsoft-HTTPAPI/2.0" ],
        "x-ms-ratelimit-remaining-subscription-reads": [ "11966" ],
        "x-ms-correlation-request-id": [ "72cf0069-81fd-409d-adc5-dd4a50c27a7a" ],
        "x-ms-routing-request-id": [ "EASTUS2EUAP:20230718T054921Z:72cf0069-81fd-409d-adc5-dd4a50c27a7a" ],
        "X-Content-Type-Options": [ "nosniff" ],
        "Date": [ "Tue, 18 Jul 2023 05:49:21 GMT" ]
      },
      "ContentHeaders": {
        "Content-Length": [ "783" ],
        "Content-Type": [ "application/json" ],
        "Expires": [ "-1" ]
      },
      "Content": "{\"location\":\"eastus2euap\",\"properties\":{\"sku\":{\"name\":\"Premium_LRS\"},\"provisioningState\":\"Succeeded\",\"baseSizeTiB\":1,\"extendedCapacitySizeTiB\":6,\"totalIops\":5000,\"totalMBps\":80,\"totalSizeTiB\":7,\"volumeGroupCount\":0,\"totalVolumeSizeGiB\":0},\"id\":\"/subscriptions/45b60d85-fd72-427a-a708-f994d26e593e/resourceGroups/testelasticsanrg3xqpmojl/providers/Microsoft.ElasticSan/elasticSans/testsan3xqpmojl\",\"name\":\"testsan3xqpmojl\",\"type\":\"Microsoft.ElasticSan/ElasticSans\",\"tags\":{\"tag2\":\"value2\",\"tag1\":\"value1\"},\"systemData\":{\"createdAt\":\"2023-07-18T05:48:44.3710972Z\",\"createdBy\":\"a000255f-5f09-45e0-a970-9d9ed9cc6453\",\"createdByType\":\"Application\",\"lastModifiedAt\":\"2023-07-18T05:48:44.3710972Z\",\"lastModifiedBy\":\"a000255f-5f09-45e0-a970-9d9ed9cc6453\",\"lastModifiedByType\":\"Application\"}}",
      "isContentBase64": false
    }
  }
}