{
  "Update-AzElasticSanVolume+[NoContext]+UpdateExpanded+$PATCH+https://management.azure.com/subscriptions/45b60d85-fd72-427a-a708-f994d26e593e/resourceGroups/testelasticsanrgo1emr6d5/providers/Microsoft.ElasticSan/elasticSans/testelasticsan1o1emr6d5/volumegroups/testvolgroupo1emr6d5/volumes/testvolo1emr6d5?api-version=2022-12-01-preview+1": {
    "Request": {
      "Method": "PATCH",
      "RequestUri": "https://management.azure.com/subscriptions/45b60d85-fd72-427a-a708-f994d26e593e/resourceGroups/testelasticsanrgo1emr6d5/providers/Microsoft.ElasticSan/elasticSans/testelasticsan1o1emr6d5/volumegroups/testvolgroupo1emr6d5/volumes/testvolo1emr6d5?api-version=2022-12-01-preview",
      "Content": "{\r\n  \"properties\": {\r\n    \"sizeGiB\": 120\r\n  }\r\n}",
      "isContentBase64": false,
      "Headers": {
      },
      "ContentHeaders": {
        "Content-Type": [ "application/json" ],
        "Content-Length": [ "48" ]
      }
    },
    "Response": {
      "StatusCode": 202,
      "Headers": {
        "Cache-Control": [ "no-cache" ],
        "Pragma": [ "no-cache" ],
        "Location": [ "https://management.azure.com/subscriptions/45b60d85-fd72-427a-a708-f994d26e593e/providers/Microsoft.ElasticSan/locations/eastus2euap/asyncoperations/450ecd85-59b5-4a5a-bb5f-f24fcd7d948d?monitor=true\u0026api-version=2022-12-01-preview" ],
        "Retry-After": [ "17" ],
        "x-ms-request-id": [ "450ecd85-59b5-4a5a-bb5f-f24fcd7d948d" ],
        "Strict-Transport-Security": [ "max-age=31536000; includeSubDomains" ],
        "Server": [ "Microsoft-Azure-Storage-Resource-Provider/1.0,Microsoft-HTTPAPI/2.0 Microsoft-HTTPAPI/2.0" ],
        "x-ms-ratelimit-remaining-subscription-writes": [ "1177" ],
        "x-ms-correlation-request-id": [ "88a17297-2bee-4f4b-838e-403d3fc18f19" ],
        "x-ms-routing-request-id": [ "EASTUS2EUAP:20230717T063045Z:88a17297-2bee-4f4b-838e-403d3fc18f19" ],
        "X-Content-Type-Options": [ "nosniff" ],
        "Date": [ "Mon, 17 Jul 2023 06:30:45 GMT" ]
      },
      "ContentHeaders": {
        "Content-Length": [ "938" ],
        "Content-Type": [ "application/json" ],
        "Expires": [ "-1" ]
      },
      "Content": "{\"properties\":{\"creationData\":{\"createSource\":\"None\"},\"sizeGiB\":120,\"storageTarget\":{\"targetIqn\":\"iqn.2023-07.net.windows.core.blob.ElasticSan.es-gld0v2w5tcn1:testvolo1emr6d5\",\"provisioningState\":\"Updating\",\"status\":\"Pending\",\"targetPortalHostname\":\"es-gld0v2w5tcn1.z9.blob.storage.azure.net\",\"targetPortalPort\":3260},\"volumeId\":\"8c29389b-ca37-4414-952c-7892c251fba4\"},\"id\":\"/subscriptions/45b60d85-fd72-427a-a708-f994d26e593e/resourceGroups/testelasticsanrgo1emr6d5/providers/Microsoft.ElasticSan/elasticSans/testelasticsan1o1emr6d5/volumegroups/testvolgroupo1emr6d5/volumes/testvolo1emr6d5\",\"name\":\"testvolo1emr6d5\",\"type\":\"Microsoft.ElasticSan/ElasticSans\",\"systemData\":{\"createdAt\":\"2023-07-17T06:30:45.7959806Z\",\"createdBy\":\"a000255f-5f09-45e0-a970-9d9ed9cc6453\",\"createdByType\":\"Application\",\"lastModifiedAt\":\"2023-07-17T06:30:45.7959806Z\",\"lastModifiedBy\":\"a000255f-5f09-45e0-a970-9d9ed9cc6453\",\"lastModifiedByType\":\"Application\"}}",
      "isContentBase64": false
    }
  },
  "Update-AzElasticSanVolume+[NoContext]+UpdateExpanded+$GET+https://management.azure.com/subscriptions/45b60d85-fd72-427a-a708-f994d26e593e/providers/Microsoft.ElasticSan/locations/eastus2euap/asyncoperations/450ecd85-59b5-4a5a-bb5f-f24fcd7d948d?monitor=true\u0026api-version=2022-12-01-preview+2": {
    "Request": {
      "Method": "GET",
      "RequestUri": "https://management.azure.com/subscriptions/45b60d85-fd72-427a-a708-f994d26e593e/providers/Microsoft.ElasticSan/locations/eastus2euap/asyncoperations/450ecd85-59b5-4a5a-bb5f-f24fcd7d948d?monitor=true\u0026api-version=2022-12-01-preview",
      "Content": null,
      "isContentBase64": false,
      "Headers": {
        "Authorization": [ "[Filtered]" ],
        "x-ms-unique-id": [ "94" ],
        "x-ms-client-request-id": [ "6c003c20-2f3a-4321-8af2-c668413a1a48" ],
        "CommandName": [ "Update-AzElasticSanVolume" ],
        "FullCommandName": [ "Update-AzElasticSanVolume_UpdateExpanded" ],
        "ParameterSetName": [ "__AllParameterSets" ],
        "User-Agent": [ "AzurePowershell/v0.0.0", "PSVersion/v7.2.12", "Az.ElasticSan/0.2.0" ]
      },
      "ContentHeaders": {
      }
    },
    "Response": {
      "StatusCode": 200,
      "Headers": {
        "Cache-Control": [ "no-cache" ],
        "Pragma": [ "no-cache" ],
        "x-ms-request-id": [ "e0e54ed8-331b-4818-85e8-fff772517061" ],
        "Strict-Transport-Security": [ "max-age=31536000; includeSubDomains" ],
        "Server": [ "Microsoft-Azure-Storage-Resource-Provider/1.0,Microsoft-HTTPAPI/2.0 Microsoft-HTTPAPI/2.0" ],
        "x-ms-ratelimit-remaining-subscription-reads": [ "11924" ],
        "x-ms-correlation-request-id": [ "03e1c603-eb4c-4482-be88-80f121df8805" ],
        "x-ms-routing-request-id": [ "EASTUS2EUAP:20230717T063103Z:03e1c603-eb4c-4482-be88-80f121df8805" ],
        "X-Content-Type-Options": [ "nosniff" ],
        "Date": [ "Mon, 17 Jul 2023 06:31:02 GMT" ]
      },
      "ContentHeaders": {
        "Content-Length": [ "939" ],
        "Content-Type": [ "application/json" ],
        "Expires": [ "-1" ]
      },
      "Content": "{\"properties\":{\"creationData\":{\"createSource\":\"None\"},\"sizeGiB\":120,\"storageTarget\":{\"targetIqn\":\"iqn.2023-07.net.windows.core.blob.ElasticSan.es-gld0v2w5tcn1:testvolo1emr6d5\",\"provisioningState\":\"Succeeded\",\"status\":\"Running\",\"targetPortalHostname\":\"es-gld0v2w5tcn1.z9.blob.storage.azure.net\",\"targetPortalPort\":3260},\"volumeId\":\"8c29389b-ca37-4414-952c-7892c251fba4\"},\"id\":\"/subscriptions/45b60d85-fd72-427a-a708-f994d26e593e/resourceGroups/testelasticsanrgo1emr6d5/providers/Microsoft.ElasticSan/elasticSans/testelasticsan1o1emr6d5/volumegroups/testvolgroupo1emr6d5/volumes/testvolo1emr6d5\",\"name\":\"testvolo1emr6d5\",\"type\":\"Microsoft.ElasticSan/ElasticSans\",\"systemData\":{\"createdAt\":\"2023-07-17T06:30:45.7959806Z\",\"createdBy\":\"a000255f-5f09-45e0-a970-9d9ed9cc6453\",\"createdByType\":\"Application\",\"lastModifiedAt\":\"2023-07-17T06:30:45.7959806Z\",\"lastModifiedBy\":\"a000255f-5f09-45e0-a970-9d9ed9cc6453\",\"lastModifiedByType\":\"Application\"}}",
      "isContentBase64": false
    }
  },
  "Update-AzElasticSanVolume+[NoContext]+UpdateExpanded+$GET+https://management.azure.com/subscriptions/45b60d85-fd72-427a-a708-f994d26e593e/resourceGroups/testelasticsanrgo1emr6d5/providers/Microsoft.ElasticSan/elasticSans/testelasticsan1o1emr6d5/volumegroups/testvolgroupo1emr6d5/volumes/testvolo1emr6d5?api-version=2022-12-01-preview+3": {
    "Request": {
      "Method": "GET",
      "RequestUri": "https://management.azure.com/subscriptions/45b60d85-fd72-427a-a708-f994d26e593e/resourceGroups/testelasticsanrgo1emr6d5/providers/Microsoft.ElasticSan/elasticSans/testelasticsan1o1emr6d5/volumegroups/testvolgroupo1emr6d5/volumes/testvolo1emr6d5?api-version=2022-12-01-preview",
      "Content": null,
      "isContentBase64": false,
      "Headers": {
        "x-ms-unique-id": [ "95" ],
        "x-ms-client-request-id": [ "4347b76e-314b-4cad-83e0-23324108742b" ],
        "CommandName": [ "Get-AzElasticSanVolume" ],
        "FullCommandName": [ "Get-AzElasticSanVolume_Get" ],
        "ParameterSetName": [ "__AllParameterSets" ],
        "User-Agent": [ "AzurePowershell/v0.0.0", "PSVersion/v7.2.12", "Az.ElasticSan/0.2.0" ],
        "Authorization": [ "[Filtered]" ]
      },
      "ContentHeaders": {
      }
    },
    "Response": {
      "StatusCode": 200,
      "Headers": {
        "Cache-Control": [ "no-cache" ],
        "Pragma": [ "no-cache" ],
        "x-ms-request-id": [ "4bfb2c23-1c20-42a3-af38-7371d0114ecb" ],
        "Strict-Transport-Security": [ "max-age=31536000; includeSubDomains" ],
        "Server": [ "Microsoft-Azure-Storage-Resource-Provider/1.0,Microsoft-HTTPAPI/2.0 Microsoft-HTTPAPI/2.0" ],
        "x-ms-ratelimit-remaining-subscription-reads": [ "11923" ],
        "x-ms-correlation-request-id": [ "2b68dd75-dd74-48e7-8b16-ff12af577aed" ],
        "x-ms-routing-request-id": [ "EASTUS2EUAP:20230717T063104Z:2b68dd75-dd74-48e7-8b16-ff12af577aed" ],
        "X-Content-Type-Options": [ "nosniff" ],
        "Date": [ "Mon, 17 Jul 2023 06:31:04 GMT" ]
      },
      "ContentHeaders": {
        "Content-Length": [ "939" ],
        "Content-Type": [ "application/json" ],
        "Expires": [ "-1" ]
      },
      "Content": "{\"properties\":{\"creationData\":{\"createSource\":\"None\"},\"sizeGiB\":120,\"storageTarget\":{\"targetIqn\":\"iqn.2023-07.net.windows.core.blob.ElasticSan.es-gld0v2w5tcn1:testvolo1emr6d5\",\"provisioningState\":\"Succeeded\",\"status\":\"Running\",\"targetPortalHostname\":\"es-gld0v2w5tcn1.z9.blob.storage.azure.net\",\"targetPortalPort\":3260},\"volumeId\":\"8c29389b-ca37-4414-952c-7892c251fba4\"},\"id\":\"/subscriptions/45b60d85-fd72-427a-a708-f994d26e593e/resourceGroups/testelasticsanrgo1emr6d5/providers/Microsoft.ElasticSan/elasticSans/testelasticsan1o1emr6d5/volumegroups/testvolgroupo1emr6d5/volumes/testvolo1emr6d5\",\"name\":\"testvolo1emr6d5\",\"type\":\"Microsoft.ElasticSan/ElasticSans\",\"systemData\":{\"createdAt\":\"2023-07-17T06:30:45.7959806Z\",\"createdBy\":\"a000255f-5f09-45e0-a970-9d9ed9cc6453\",\"createdByType\":\"Application\",\"lastModifiedAt\":\"2023-07-17T06:30:45.7959806Z\",\"lastModifiedBy\":\"a000255f-5f09-45e0-a970-9d9ed9cc6453\",\"lastModifiedByType\":\"Application\"}}",
      "isContentBase64": false
    }
  }
}