{
  "Update-AzElasticSan+[NoContext]+UpdateExpanded+$PATCH+https://management.azure.com/subscriptions/45b60d85-fd72-427a-a708-f994d26e593e/resourceGroups/testelasticsanrgo1emr6d5/providers/Microsoft.ElasticSan/elasticSans/testelasticsan1o1emr6d5?api-version=2022-12-01-preview+1": {
    "Request": {
      "Method": "PATCH",
      "RequestUri": "https://management.azure.com/subscriptions/45b60d85-fd72-427a-a708-f994d26e593e/resourceGroups/testelasticsanrgo1emr6d5/providers/Microsoft.ElasticSan/elasticSans/testelasticsan1o1emr6d5?api-version=2022-12-01-preview",
      "Content": "{\r\n  \"properties\": {\r\n    \"baseSizeTiB\": 2,\r\n    \"extendedCapacitySizeTiB\": 7\r\n  },\r\n  \"tags\": {\r\n    \"tag3\": \"value3\"\r\n  }\r\n}",
      "isContentBase64": false,
      "Headers": {
      },
      "ContentHeaders": {
        "Content-Type": [ "application/json" ],
        "Content-Length": [ "126" ]
      }
    },
    "Response": {
      "StatusCode": 202,
      "Headers": {
        "Cache-Control": [ "no-cache" ],
        "Pragma": [ "no-cache" ],
        "Location": [ "https://management.azure.com/subscriptions/45b60d85-fd72-427a-a708-f994d26e593e/providers/Microsoft.ElasticSan/locations/eastus2euap/asyncoperations/fc36b70f-378a-4b5f-98c9-e0cf8e6e1713?monitor=true\u0026api-version=2022-12-01-preview" ],
        "Retry-After": [ "17" ],
        "x-ms-request-id": [ "fc36b70f-378a-4b5f-98c9-e0cf8e6e1713" ],
        "Strict-Transport-Security": [ "max-age=31536000; includeSubDomains" ],
        "Server": [ "Microsoft-Azure-Storage-Resource-Provider/1.0,Microsoft-HTTPAPI/2.0 Microsoft-HTTPAPI/2.0" ],
        "x-ms-ratelimit-remaining-subscription-writes": [ "1178" ],
        "x-ms-correlation-request-id": [ "af159abf-089f-4dfa-b66e-289384bd25ff" ],
        "x-ms-routing-request-id": [ "EASTUS2EUAP:20230717T063025Z:af159abf-089f-4dfa-b66e-289384bd25ff" ],
        "X-Content-Type-Options": [ "nosniff" ],
        "Date": [ "Mon, 17 Jul 2023 06:30:25 GMT" ]
      },
      "ContentHeaders": {
        "Content-Length": [ "785" ],
        "Content-Type": [ "application/json" ],
        "Expires": [ "-1" ]
      },
      "Content": "{\"location\":\"eastus2euap\",\"properties\":{\"sku\":{\"name\":\"Premium_LRS\"},\"provisioningState\":\"Updating\",\"baseSizeTiB\":2,\"extendedCapacitySizeTiB\":7,\"totalIops\":10000,\"totalMBps\":160,\"totalSizeTiB\":9,\"volumeGroupCount\":1,\"totalVolumeSizeGiB\":100},\"id\":\"/subscriptions/45b60d85-fd72-427a-a708-f994d26e593e/resourceGroups/testelasticsanrgo1emr6d5/providers/Microsoft.ElasticSan/elasticSans/testelasticsan1o1emr6d5\",\"name\":\"testelasticsan1o1emr6d5\",\"type\":\"Microsoft.ElasticSan/ElasticSans\",\"tags\":{\"tag3\":\"value3\"},\"systemData\":{\"createdAt\":\"2023-07-17T06:21:04.045219Z\",\"createdBy\":\"a000255f-5f09-45e0-a970-9d9ed9cc6453\",\"createdByType\":\"Application\",\"lastModifiedAt\":\"2023-07-17T06:30:25.3586861Z\",\"lastModifiedBy\":\"a000255f-5f09-45e0-a970-9d9ed9cc6453\",\"lastModifiedByType\":\"Application\"}}",
      "isContentBase64": false
    }
  },
  "Update-AzElasticSan+[NoContext]+UpdateExpanded+$GET+https://management.azure.com/subscriptions/45b60d85-fd72-427a-a708-f994d26e593e/providers/Microsoft.ElasticSan/locations/eastus2euap/asyncoperations/fc36b70f-378a-4b5f-98c9-e0cf8e6e1713?monitor=true\u0026api-version=2022-12-01-preview+2": {
    "Request": {
      "Method": "GET",
      "RequestUri": "https://management.azure.com/subscriptions/45b60d85-fd72-427a-a708-f994d26e593e/providers/Microsoft.ElasticSan/locations/eastus2euap/asyncoperations/fc36b70f-378a-4b5f-98c9-e0cf8e6e1713?monitor=true\u0026api-version=2022-12-01-preview",
      "Content": null,
      "isContentBase64": false,
      "Headers": {
        "Authorization": [ "[Filtered]" ],
        "x-ms-unique-id": [ "90" ],
        "x-ms-client-request-id": [ "ad1f53db-810f-4dcc-82e6-8870ba5233dd" ],
        "CommandName": [ "Update-AzElasticSan" ],
        "FullCommandName": [ "Update-AzElasticSan_UpdateExpanded" ],
        "ParameterSetName": [ "__AllParameterSets" ],
        "User-Agent": [ "AzurePowershell/v0.0.0", "PSVersion/v7.2.12", "Az.ElasticSan/0.2.0" ]
      },
      "ContentHeaders": {
      }
    },
    "Response": {
      "StatusCode": 200,
      "Headers": {
        "Cache-Control": [ "no-cache" ],
        "Pragma": [ "no-cache" ],
        "x-ms-request-id": [ "535edb29-5880-4984-9353-1f7d1bbfa5c4" ],
        "Strict-Transport-Security": [ "max-age=31536000; includeSubDomains" ],
        "Server": [ "Microsoft-Azure-Storage-Resource-Provider/1.0,Microsoft-HTTPAPI/2.0 Microsoft-HTTPAPI/2.0" ],
        "x-ms-ratelimit-remaining-subscription-reads": [ "11927" ],
        "x-ms-correlation-request-id": [ "27cc8154-5f81-4235-93e4-a988eafc2454" ],
        "x-ms-routing-request-id": [ "EASTUS2EUAP:20230717T063043Z:27cc8154-5f81-4235-93e4-a988eafc2454" ],
        "X-Content-Type-Options": [ "nosniff" ],
        "Date": [ "Mon, 17 Jul 2023 06:30:43 GMT" ]
      },
      "ContentHeaders": {
        "Content-Length": [ "786" ],
        "Content-Type": [ "application/json" ],
        "Expires": [ "-1" ]
      },
      "Content": "{\"location\":\"eastus2euap\",\"properties\":{\"sku\":{\"name\":\"Premium_LRS\"},\"provisioningState\":\"Succeeded\",\"baseSizeTiB\":2,\"extendedCapacitySizeTiB\":7,\"totalIops\":10000,\"totalMBps\":160,\"totalSizeTiB\":9,\"volumeGroupCount\":1,\"totalVolumeSizeGiB\":100},\"id\":\"/subscriptions/45b60d85-fd72-427a-a708-f994d26e593e/resourceGroups/testelasticsanrgo1emr6d5/providers/Microsoft.ElasticSan/elasticSans/testelasticsan1o1emr6d5\",\"name\":\"testelasticsan1o1emr6d5\",\"type\":\"Microsoft.ElasticSan/ElasticSans\",\"tags\":{\"tag3\":\"value3\"},\"systemData\":{\"createdAt\":\"2023-07-17T06:21:04.045219Z\",\"createdBy\":\"a000255f-5f09-45e0-a970-9d9ed9cc6453\",\"createdByType\":\"Application\",\"lastModifiedAt\":\"2023-07-17T06:30:25.3586861Z\",\"lastModifiedBy\":\"a000255f-5f09-45e0-a970-9d9ed9cc6453\",\"lastModifiedByType\":\"Application\"}}",
      "isContentBase64": false
    }
  },
  "Update-AzElasticSan+[NoContext]+UpdateExpanded+$GET+https://management.azure.com/subscriptions/45b60d85-fd72-427a-a708-f994d26e593e/providers/Microsoft.ElasticSan/locations/eastus2euap/asyncoperations/fc36b70f-378a-4b5f-98c9-e0cf8e6e1713?monitor=true\u0026api-version=2022-12-01-preview+3": {
    "Request": {
      "Method": "GET",
      "RequestUri": "https://management.azure.com/subscriptions/45b60d85-fd72-427a-a708-f994d26e593e/providers/Microsoft.ElasticSan/locations/eastus2euap/asyncoperations/fc36b70f-378a-4b5f-98c9-e0cf8e6e1713?monitor=true\u0026api-version=2022-12-01-preview",
      "Content": null,
      "isContentBase64": false,
      "Headers": {
        "Authorization": [ "[Filtered]" ],
        "x-ms-unique-id": [ "91" ],
        "x-ms-client-request-id": [ "ad1f53db-810f-4dcc-82e6-8870ba5233dd" ],
        "CommandName": [ "Update-AzElasticSan" ],
        "FullCommandName": [ "Update-AzElasticSan_UpdateExpanded" ],
        "ParameterSetName": [ "__AllParameterSets" ],
        "User-Agent": [ "AzurePowershell/v0.0.0", "PSVersion/v7.2.12", "Az.ElasticSan/0.2.0" ]
      },
      "ContentHeaders": {
      }
    },
    "Response": {
      "StatusCode": 200,
      "Headers": {
        "Cache-Control": [ "no-cache" ],
        "Pragma": [ "no-cache" ],
        "x-ms-request-id": [ "8b325b5a-3f5b-43e2-bc1d-06f3ec61c117" ],
        "Strict-Transport-Security": [ "max-age=31536000; includeSubDomains" ],
        "Server": [ "Microsoft-Azure-Storage-Resource-Provider/1.0,Microsoft-HTTPAPI/2.0 Microsoft-HTTPAPI/2.0" ],
        "x-ms-ratelimit-remaining-subscription-reads": [ "11926" ],
        "x-ms-correlation-request-id": [ "8666bb31-3d7f-40d4-9a80-1b485003c465" ],
        "x-ms-routing-request-id": [ "EASTUS2EUAP:20230717T063043Z:8666bb31-3d7f-40d4-9a80-1b485003c465" ],
        "X-Content-Type-Options": [ "nosniff" ],
        "Date": [ "Mon, 17 Jul 2023 06:30:43 GMT" ]
      },
      "ContentHeaders": {
        "Content-Length": [ "786" ],
        "Content-Type": [ "application/json" ],
        "Expires": [ "-1" ]
      },
      "Content": "{\"location\":\"eastus2euap\",\"properties\":{\"sku\":{\"name\":\"Premium_LRS\"},\"provisioningState\":\"Succeeded\",\"baseSizeTiB\":2,\"extendedCapacitySizeTiB\":7,\"totalIops\":10000,\"totalMBps\":160,\"totalSizeTiB\":9,\"volumeGroupCount\":1,\"totalVolumeSizeGiB\":100},\"id\":\"/subscriptions/45b60d85-fd72-427a-a708-f994d26e593e/resourceGroups/testelasticsanrgo1emr6d5/providers/Microsoft.ElasticSan/elasticSans/testelasticsan1o1emr6d5\",\"name\":\"testelasticsan1o1emr6d5\",\"type\":\"Microsoft.ElasticSan/ElasticSans\",\"tags\":{\"tag3\":\"value3\"},\"systemData\":{\"createdAt\":\"2023-07-17T06:21:04.045219Z\",\"createdBy\":\"a000255f-5f09-45e0-a970-9d9ed9cc6453\",\"createdByType\":\"Application\",\"lastModifiedAt\":\"2023-07-17T06:30:25.3586861Z\",\"lastModifiedBy\":\"a000255f-5f09-45e0-a970-9d9ed9cc6453\",\"lastModifiedByType\":\"Application\"}}",
      "isContentBase64": false
    }
  },
  "Update-AzElasticSan+[NoContext]+UpdateExpanded+$GET+https://management.azure.com/subscriptions/45b60d85-fd72-427a-a708-f994d26e593e/resourceGroups/testelasticsanrgo1emr6d5/providers/Microsoft.ElasticSan/elasticSans/testelasticsan1o1emr6d5?api-version=2022-12-01-preview+4": {
    "Request": {
      "Method": "GET",
      "RequestUri": "https://management.azure.com/subscriptions/45b60d85-fd72-427a-a708-f994d26e593e/resourceGroups/testelasticsanrgo1emr6d5/providers/Microsoft.ElasticSan/elasticSans/testelasticsan1o1emr6d5?api-version=2022-12-01-preview",
      "Content": null,
      "isContentBase64": false,
      "Headers": {
        "x-ms-unique-id": [ "92" ],
        "x-ms-client-request-id": [ "69720b78-7233-4a9a-83ba-c5541a92d2df" ],
        "CommandName": [ "Get-AzElasticSan" ],
        "FullCommandName": [ "Get-AzElasticSan_Get" ],
        "ParameterSetName": [ "__AllParameterSets" ],
        "User-Agent": [ "AzurePowershell/v0.0.0", "PSVersion/v7.2.12", "Az.ElasticSan/0.2.0" ],
        "Authorization": [ "[Filtered]" ]
      },
      "ContentHeaders": {
      }
    },
    "Response": {
      "StatusCode": 200,
      "Headers": {
        "Cache-Control": [ "no-cache" ],
        "Pragma": [ "no-cache" ],
        "x-ms-request-id": [ "6def97eb-6c95-4796-96b5-766d3a2c0f6a" ],
        "Strict-Transport-Security": [ "max-age=31536000; includeSubDomains" ],
        "Server": [ "Microsoft-Azure-Storage-Resource-Provider/1.0,Microsoft-HTTPAPI/2.0 Microsoft-HTTPAPI/2.0" ],
        "x-ms-ratelimit-remaining-subscription-reads": [ "11925" ],
        "x-ms-correlation-request-id": [ "c55b156f-9162-43ca-aee1-be30454fd81e" ],
        "x-ms-routing-request-id": [ "EASTUS2EUAP:20230717T063044Z:c55b156f-9162-43ca-aee1-be30454fd81e" ],
        "X-Content-Type-Options": [ "nosniff" ],
        "Date": [ "Mon, 17 Jul 2023 06:30:44 GMT" ]
      },
      "ContentHeaders": {
        "Content-Length": [ "786" ],
        "Content-Type": [ "application/json" ],
        "Expires": [ "-1" ]
      },
      "Content": "{\"location\":\"eastus2euap\",\"properties\":{\"sku\":{\"name\":\"Premium_LRS\"},\"provisioningState\":\"Succeeded\",\"baseSizeTiB\":2,\"extendedCapacitySizeTiB\":7,\"totalIops\":10000,\"totalMBps\":160,\"totalSizeTiB\":9,\"volumeGroupCount\":1,\"totalVolumeSizeGiB\":100},\"id\":\"/subscriptions/45b60d85-fd72-427a-a708-f994d26e593e/resourceGroups/testelasticsanrgo1emr6d5/providers/Microsoft.ElasticSan/elasticSans/testelasticsan1o1emr6d5\",\"name\":\"testelasticsan1o1emr6d5\",\"type\":\"Microsoft.ElasticSan/ElasticSans\",\"tags\":{\"tag3\":\"value3\"},\"systemData\":{\"createdAt\":\"2023-07-17T06:21:04.045219Z\",\"createdBy\":\"a000255f-5f09-45e0-a970-9d9ed9cc6453\",\"createdByType\":\"Application\",\"lastModifiedAt\":\"2023-07-17T06:30:25.3586861Z\",\"lastModifiedBy\":\"a000255f-5f09-45e0-a970-9d9ed9cc6453\",\"lastModifiedByType\":\"Application\"}}",
      "isContentBase64": false
    }
  }
}