{
  "Entries": [
    {
      "RequestUri": "/subscriptions/4ce8c9fe-cadc-47d6-9c76-335812fd59df/resourcegroups/ps817?api-version=2021-04-01",
      "EncodedRequestUri": "L3N1YnNjcmlwdGlvbnMvNGNlOGM5ZmUtY2FkYy00N2Q2LTljNzYtMzM1ODEyZmQ1OWRmL3Jlc291cmNlZ3JvdXBzL3BzODE3P2FwaS12ZXJzaW9uPTIwMjEtMDQtMDE=",
      "RequestMethod": "HEAD",
      "RequestHeaders": {
        "x-ms-client-request-id": [
          "d6bea0a3-1c32-43fc-a2be-36e9aa166424"
        ],
        "Accept-Language": [
          "en-US"
        ],
        "User-Agent": [
          "FxVersion/4.700.22.51102",
          "OSName/Windows",
          "OSVersion/Microsoft.Windows.10.0.22621",
          "Microsoft.Azure.Management.ResourceManager.ResourceManagementClient/3.17.4.0"
        ]
      },
      "RequestBody": "",
      "ResponseHeaders": {
        "Cache-Control": [
          "no-cache"
        ],
        "Pragma": [
          "no-cache"
        ],
        "x-ms-failure-cause": [
          "gateway"
        ],
        "x-ms-ratelimit-remaining-subscription-reads": [
          "11999"
        ],
        "x-ms-request-id": [
          "525a07c0-e6fc-4ace-9489-0b9b5689326d"
        ],
        "x-ms-correlation-request-id": [
          "525a07c0-e6fc-4ace-9489-0b9b5689326d"
        ],
        "x-ms-routing-request-id": [
          "WESTUS:20221213T042250Z:525a07c0-e6fc-4ace-9489-0b9b5689326d"
        ],
        "Strict-Transport-Security": [
          "max-age=31536000; includeSubDomains"
        ],
        "X-Content-Type-Options": [
          "nosniff"
        ],
        "Date": [
          "Tue, 13 Dec 2022 04:22:50 GMT"
        ],
        "Content-Length": [
          "0"
        ],
        "Expires": [
          "-1"
        ],
        "Retry-After": [
          "0"
        ]
      },
      "ResponseBody": "",
      "StatusCode": 404
    },
    {
      "RequestUri": "/subscriptions/4ce8c9fe-cadc-47d6-9c76-335812fd59df/resourcegroups/ps817?api-version=2021-04-01",
      "EncodedRequestUri": "L3N1YnNjcmlwdGlvbnMvNGNlOGM5ZmUtY2FkYy00N2Q2LTljNzYtMzM1ODEyZmQ1OWRmL3Jlc291cmNlZ3JvdXBzL3BzODE3P2FwaS12ZXJzaW9uPTIwMjEtMDQtMDE=",
      "RequestMethod": "HEAD",
      "RequestHeaders": {
        "x-ms-client-request-id": [
          "54b4ec0a-3fdd-413a-b4f8-1066bd974643"
        ],
        "Accept-Language": [
          "en-US"
        ],
        "User-Agent": [
          "FxVersion/4.700.22.51102",
          "OSName/Windows",
          "OSVersion/Microsoft.Windows.10.0.22621",
          "Microsoft.Azure.Management.ResourceManager.ResourceManagementClient/3.17.4.0"
        ]
      },
      "RequestBody": "",
      "ResponseHeaders": {
        "Cache-Control": [
          "no-cache"
        ],
        "Pragma": [
          "no-cache"
        ],
        "x-ms-ratelimit-remaining-subscription-reads": [
          "11999"
        ],
        "x-ms-request-id": [
          "9584d8a8-62c8-47ad-820a-b8ed76f2b24d"
        ],
        "x-ms-correlation-request-id": [
          "9584d8a8-62c8-47ad-820a-b8ed76f2b24d"
        ],
        "x-ms-routing-request-id": [
          "WESTUS:20221213T042311Z:9584d8a8-62c8-47ad-820a-b8ed76f2b24d"
        ],
        "Strict-Transport-Security": [
          "max-age=31536000; includeSubDomains"
        ],
        "X-Content-Type-Options": [
          "nosniff"
        ],
        "Date": [
          "Tue, 13 Dec 2022 04:23:11 GMT"
        ],
        "Content-Length": [
          "0"
        ],
        "Expires": [
          "-1"
        ],
        "Retry-After": [
          "0"
        ]
      },
      "ResponseBody": "",
      "StatusCode": 204
    },
    {
      "RequestUri": "/subscriptions/4ce8c9fe-cadc-47d6-9c76-335812fd59df/resourcegroups/ps817?api-version=2021-04-01",
      "EncodedRequestUri": "L3N1YnNjcmlwdGlvbnMvNGNlOGM5ZmUtY2FkYy00N2Q2LTljNzYtMzM1ODEyZmQ1OWRmL3Jlc291cmNlZ3JvdXBzL3BzODE3P2FwaS12ZXJzaW9uPTIwMjEtMDQtMDE=",
      "RequestMethod": "PUT",
      "RequestHeaders": {
        "x-ms-client-request-id": [
          "d6bea0a3-1c32-43fc-a2be-36e9aa166424"
        ],
        "Accept-Language": [
          "en-US"
        ],
        "User-Agent": [
          "FxVersion/4.700.22.51102",
          "OSName/Windows",
          "OSVersion/Microsoft.Windows.10.0.22621",
          "Microsoft.Azure.Management.ResourceManager.ResourceManagementClient/3.17.4.0"
        ],
        "Content-Type": [
          "application/json; charset=utf-8"
        ],
        "Content-Length": [
          "31"
        ]
      },
      "RequestBody": "{\r\n  \"location\": \"West US 2\"\r\n}",
      "ResponseHeaders": {
        "Cache-Control": [
          "no-cache"
        ],
        "Pragma": [
          "no-cache"
        ],
        "x-ms-ratelimit-remaining-subscription-writes": [
          "1199"
        ],
        "x-ms-request-id": [
          "e415fcf2-560d-41c5-ac28-5658aead58de"
        ],
        "x-ms-correlation-request-id": [
          "e415fcf2-560d-41c5-ac28-5658aead58de"
        ],
        "x-ms-routing-request-id": [
          "WESTUS:20221213T042251Z:e415fcf2-560d-41c5-ac28-5658aead58de"
        ],
        "Strict-Transport-Security": [
          "max-age=31536000; includeSubDomains"
        ],
        "X-Content-Type-Options": [
          "nosniff"
        ],
        "Date": [
          "Tue, 13 Dec 2022 04:22:50 GMT"
        ],
        "Content-Length": [
          "208"
        ],
        "Content-Type": [
          "application/json; charset=utf-8"
        ],
        "Expires": [
          "-1"
        ],
        "Retry-After": [
          "0"
        ]
      },
      "ResponseBody": "{\r\n  \"id\": \"/subscriptions/4ce8c9fe-cadc-47d6-9c76-335812fd59df/resourceGroups/ps817\",\r\n  \"name\": \"ps817\",\r\n  \"type\": \"Microsoft.Resources/resourceGroups\",\r\n  \"location\": \"westus2\",\r\n  \"properties\": {\r\n    \"provisioningState\": \"Succeeded\"\r\n  }\r\n}",
      "StatusCode": 201
    },
    {
      "RequestUri": "/subscriptions/4ce8c9fe-cadc-47d6-9c76-335812fd59df/resourceGroups/ps817/providers/Microsoft.Resources/deploymentStacks/ps2812?api-version=2022-08-01-preview",
      "EncodedRequestUri": "L3N1YnNjcmlwdGlvbnMvNGNlOGM5ZmUtY2FkYy00N2Q2LTljNzYtMzM1ODEyZmQ1OWRmL3Jlc291cmNlR3JvdXBzL3BzODE3L3Byb3ZpZGVycy9NaWNyb3NvZnQuUmVzb3VyY2VzL2RlcGxveW1lbnRTdGFja3MvcHMyODEyP2FwaS12ZXJzaW9uPTIwMjItMDgtMDEtcHJldmlldw==",
      "RequestMethod": "PUT",
      "RequestHeaders": {
        "x-ms-client-request-id": [
          "d34c57fe-9783-413d-ad6b-577c83b896bb"
        ],
        "Accept-Language": [
          "en-US"
        ],
        "User-Agent": [
          "FxVersion/4.700.22.51102",
          "OSName/Windows",
          "OSVersion/Microsoft.Windows.10.0.22621",
          "Microsoft.Azure.Management.ResourceManager.DeploymentStacksClient/3.17.4.0"
        ],
        "Content-Type": [
          "application/json; charset=utf-8"
        ],
        "Content-Length": [
          "563"
        ]
      },
      "RequestBody": "{\r\n  \"properties\": {\r\n    \"template\": {\r\n      \"$schema\": \"http://schema.management.azure.com/schemas/2015-01-01/deploymentTemplate.json#\",\r\n      \"contentVersion\": \"1.0.0.0\",\r\n      \"parameters\": {},\r\n      \"variables\": {},\r\n      \"resources\": [],\r\n      \"outputs\": {}\r\n    },\r\n    \"parameters\": {},\r\n    \"actionOnUnmanage\": {\r\n      \"resources\": \"detach\",\r\n      \"resourceGroups\": \"detach\",\r\n      \"managementGroups\": \"detach\"\r\n    },\r\n    \"description\": \"A Stack\",\r\n    \"denySettings\": {\r\n      \"mode\": \"None\",\r\n      \"applyToChildScopes\": false\r\n    }\r\n  }\r\n}",
      "ResponseHeaders": {
        "Cache-Control": [
          "no-cache"
        ],
        "Pragma": [
          "no-cache"
        ],
        "Retry-After": [
          "0"
        ],
        "Azure-AsyncOperation": [
          "https://management.azure.com/subscriptions/4ce8c9fe-cadc-47d6-9c76-335812fd59df/providers/Microsoft.Resources/locations/westus2/deploymentStackOperationStatus/5e4a6953-2433-4628-baf3-2bdc0b4ca49c?api-version=2022-08-01-preview"
        ],
        "x-ms-request-id": [
          "9b1d3909-705a-4c0b-b43f-6656539038d4"
        ],
        "Server": [
          "Microsoft-HTTPAPI/2.0"
        ],
        "x-ms-ratelimit-remaining-subscription-writes": [
          "1199"
        ],
        "x-ms-correlation-request-id": [
          "9315cf8a-ffb1-41ff-98ff-cb8c2abb513b"
        ],
        "x-ms-routing-request-id": [
          "WESTUS:20221213T042252Z:9315cf8a-ffb1-41ff-98ff-cb8c2abb513b"
        ],
        "Strict-Transport-Security": [
          "max-age=31536000; includeSubDomains"
        ],
        "X-Content-Type-Options": [
          "nosniff"
        ],
        "Date": [
          "Tue, 13 Dec 2022 04:22:51 GMT"
        ],
        "Content-Length": [
          "997"
        ],
        "Content-Type": [
          "application/json; charset=utf-8"
        ],
        "Expires": [
          "-1"
        ]
      },
      "ResponseBody": "{\r\n  \"properties\": {\r\n    \"actionOnUnmanage\": {\r\n      \"resources\": \"detach\",\r\n      \"resourceGroups\": \"detach\",\r\n      \"managementGroups\": \"detach\"\r\n    },\r\n    \"description\": \"A Stack\",\r\n    \"denySettings\": {\r\n      \"mode\": \"none\",\r\n      \"applyToChildScopes\": false\r\n    },\r\n    \"parameters\": {},\r\n    \"resources\": [],\r\n    \"provisioningState\": \"initializing\",\r\n    \"detachedResources\": [],\r\n    \"deletedResources\": [],\r\n    \"failedResources\": []\r\n  },\r\n  \"systemData\": {\r\n    \"createdBy\": \"546094f3-32fa-493c-824c-bd9575b0d2fe\",\r\n    \"createdByType\": \"Application\",\r\n    \"createdAt\": \"2022-12-13T04:22:52.2434469Z\",\r\n    \"lastModifiedBy\": \"546094f3-32fa-493c-824c-bd9575b0d2fe\",\r\n    \"lastModifiedByType\": \"Application\",\r\n    \"lastModifiedAt\": \"2022-12-13T04:22:52.2434469Z\"\r\n  },\r\n  \"id\": \"/subscriptions/4ce8c9fe-cadc-47d6-9c76-335812fd59df/resourceGroups/ps817/providers/Microsoft.Resources/deploymentStacks/ps2812\",\r\n  \"type\": \"Microsoft.Resources/deploymentStacks\",\r\n  \"name\": \"ps2812\"\r\n}",
      "StatusCode": 201
    },
    {
      "RequestUri": "/subscriptions/4ce8c9fe-cadc-47d6-9c76-335812fd59df/resourceGroups/ps817/providers/Microsoft.Resources/deploymentStacks/ps2812?api-version=2022-08-01-preview",
      "EncodedRequestUri": "L3N1YnNjcmlwdGlvbnMvNGNlOGM5ZmUtY2FkYy00N2Q2LTljNzYtMzM1ODEyZmQ1OWRmL3Jlc291cmNlR3JvdXBzL3BzODE3L3Byb3ZpZGVycy9NaWNyb3NvZnQuUmVzb3VyY2VzL2RlcGxveW1lbnRTdGFja3MvcHMyODEyP2FwaS12ZXJzaW9uPTIwMjItMDgtMDEtcHJldmlldw==",
      "RequestMethod": "PUT",
      "RequestHeaders": {
        "x-ms-client-request-id": [
          "7e3fe1bd-4929-40a4-b7a7-b7aeed19759f"
        ],
        "Accept-Language": [
          "en-US"
        ],
        "User-Agent": [
          "FxVersion/4.700.22.51102",
          "OSName/Windows",
          "OSVersion/Microsoft.Windows.10.0.22621",
          "Microsoft.Azure.Management.ResourceManager.DeploymentStacksClient/3.17.4.0"
        ],
        "Content-Type": [
          "application/json; charset=utf-8"
        ],
        "Content-Length": [
          "1281"
        ]
      },
      "RequestBody": "{\r\n  \"properties\": {\r\n    \"template\": {\r\n      \"$schema\": \"https://schema.management.azure.com/schemas/2019-04-01/deploymentTemplate.json#\",\r\n      \"contentVersion\": \"1.0.0.0\",\r\n      \"parameters\": {\r\n        \"templateSpecName\": {\r\n          \"type\": \"string\",\r\n          \"defaultValue\": \"[format('MyTemplateSpec{0}', uniqueString(resourceGroup().id))]\"\r\n        },\r\n        \"location\": {\r\n          \"type\": \"string\",\r\n          \"defaultValue\": \"[resourceGroup().location]\"\r\n        }\r\n      },\r\n      \"resources\": [\r\n        {\r\n          \"type\": \"Microsoft.Resources/templateSpecs\",\r\n          \"apiVersion\": \"2022-02-01\",\r\n          \"name\": \"[parameters('templateSpecName')]\",\r\n          \"location\": \"[parameters('location')]\",\r\n          \"properties\": {\r\n            \"displayName\": \"MyTemplateSpec\",\r\n            \"description\": \"Template Spec for testing RG stacks.\"\r\n          }\r\n        }\r\n      ]\r\n    },\r\n    \"parameters\": {\r\n      \"templateSpecName\": {\r\n        \"value\": \"StacksScenarioTestSpec\"\r\n      }\r\n    },\r\n    \"actionOnUnmanage\": {\r\n      \"resources\": \"detach\",\r\n      \"resourceGroups\": \"detach\",\r\n      \"managementGroups\": \"detach\"\r\n    },\r\n    \"description\": \"A Stack\",\r\n    \"denySettings\": {\r\n      \"mode\": \"None\",\r\n      \"applyToChildScopes\": false\r\n    }\r\n  }\r\n}",
      "ResponseHeaders": {
        "Cache-Control": [
          "no-cache"
        ],
        "Pragma": [
          "no-cache"
        ],
        "Retry-After": [
          "0"
        ],
        "Azure-AsyncOperation": [
          "https://management.azure.com/subscriptions/4ce8c9fe-cadc-47d6-9c76-335812fd59df/providers/Microsoft.Resources/locations/westus2/deploymentStackOperationStatus/56ea69be-339e-4f3a-b249-0e629306dfbf?api-version=2022-08-01-preview"
        ],
        "x-ms-request-id": [
          "d03b637c-e03b-446a-8c43-ea58b116d13b"
        ],
        "Server": [
          "Microsoft-HTTPAPI/2.0"
        ],
        "x-ms-ratelimit-remaining-subscription-writes": [
          "1199"
        ],
        "x-ms-correlation-request-id": [
          "4ee183cb-fd19-4577-aa8d-43aa8576e4c0"
        ],
        "x-ms-routing-request-id": [
          "WESTUS:20221213T042300Z:4ee183cb-fd19-4577-aa8d-43aa8576e4c0"
        ],
        "Strict-Transport-Security": [
          "max-age=31536000; includeSubDomains"
        ],
        "X-Content-Type-Options": [
          "nosniff"
        ],
        "Date": [
          "Tue, 13 Dec 2022 04:22:59 GMT"
        ],
        "Content-Length": [
          "1084"
        ],
        "Content-Type": [
          "application/json; charset=utf-8"
        ],
        "Expires": [
          "-1"
        ]
      },
      "ResponseBody": "{\r\n  \"properties\": {\r\n    \"actionOnUnmanage\": {\r\n      \"resources\": \"detach\",\r\n      \"resourceGroups\": \"detach\",\r\n      \"managementGroups\": \"detach\"\r\n    },\r\n    \"description\": \"A Stack\",\r\n    \"denySettings\": {\r\n      \"mode\": \"none\",\r\n      \"applyToChildScopes\": false\r\n    },\r\n    \"parameters\": {\r\n      \"templateSpecName\": {\r\n        \"value\": \"StacksScenarioTestSpec\"\r\n      }\r\n    },\r\n    \"resources\": [],\r\n    \"provisioningState\": \"initializing\",\r\n    \"detachedResources\": [],\r\n    \"deletedResources\": [],\r\n    \"failedResources\": []\r\n  },\r\n  \"systemData\": {\r\n    \"createdBy\": \"546094f3-32fa-493c-824c-bd9575b0d2fe\",\r\n    \"createdByType\": \"Application\",\r\n    \"createdAt\": \"2022-12-13T04:22:52.2434469Z\",\r\n    \"lastModifiedBy\": \"546094f3-32fa-493c-824c-bd9575b0d2fe\",\r\n    \"lastModifiedByType\": \"Application\",\r\n    \"lastModifiedAt\": \"2022-12-13T04:22:59.8992548Z\"\r\n  },\r\n  \"id\": \"/subscriptions/4ce8c9fe-cadc-47d6-9c76-335812fd59df/resourceGroups/ps817/providers/Microsoft.Resources/deploymentStacks/ps2812\",\r\n  \"type\": \"Microsoft.Resources/deploymentStacks\",\r\n  \"name\": \"ps2812\"\r\n}",
      "StatusCode": 200
    },
    {
      "RequestUri": "/subscriptions/4ce8c9fe-cadc-47d6-9c76-335812fd59df/resourceGroups/ps817/providers/Microsoft.Resources/deploymentStacks/ps2812?api-version=2022-08-01-preview",
      "EncodedRequestUri": "L3N1YnNjcmlwdGlvbnMvNGNlOGM5ZmUtY2FkYy00N2Q2LTljNzYtMzM1ODEyZmQ1OWRmL3Jlc291cmNlR3JvdXBzL3BzODE3L3Byb3ZpZGVycy9NaWNyb3NvZnQuUmVzb3VyY2VzL2RlcGxveW1lbnRTdGFja3MvcHMyODEyP2FwaS12ZXJzaW9uPTIwMjItMDgtMDEtcHJldmlldw==",
      "RequestMethod": "PUT",
      "RequestHeaders": {
        "x-ms-client-request-id": [
          "7b111312-9e30-4759-9a64-cee2c0f4b286"
        ],
        "Accept-Language": [
          "en-US"
        ],
        "User-Agent": [
          "FxVersion/4.700.22.51102",
          "OSName/Windows",
          "OSVersion/Microsoft.Windows.10.0.22621",
          "Microsoft.Azure.Management.ResourceManager.DeploymentStacksClient/3.17.4.0"
        ],
        "Content-Type": [
          "application/json; charset=utf-8"
        ],
        "Content-Length": [
          "1281"
        ]
      },
      "RequestBody": "{\r\n  \"properties\": {\r\n    \"template\": {\r\n      \"$schema\": \"https://schema.management.azure.com/schemas/2019-04-01/deploymentTemplate.json#\",\r\n      \"contentVersion\": \"1.0.0.0\",\r\n      \"parameters\": {\r\n        \"templateSpecName\": {\r\n          \"type\": \"string\",\r\n          \"defaultValue\": \"[format('MyTemplateSpec{0}', uniqueString(resourceGroup().id))]\"\r\n        },\r\n        \"location\": {\r\n          \"type\": \"string\",\r\n          \"defaultValue\": \"[resourceGroup().location]\"\r\n        }\r\n      },\r\n      \"resources\": [\r\n        {\r\n          \"type\": \"Microsoft.Resources/templateSpecs\",\r\n          \"apiVersion\": \"2022-02-01\",\r\n          \"name\": \"[parameters('templateSpecName')]\",\r\n          \"location\": \"[parameters('location')]\",\r\n          \"properties\": {\r\n            \"displayName\": \"MyTemplateSpec\",\r\n            \"description\": \"Template Spec for testing RG stacks.\"\r\n          }\r\n        }\r\n      ]\r\n    },\r\n    \"parameters\": {\r\n      \"templateSpecName\": {\r\n        \"value\": \"StacksScenarioTestSpec\"\r\n      }\r\n    },\r\n    \"actionOnUnmanage\": {\r\n      \"resources\": \"detach\",\r\n      \"resourceGroups\": \"detach\",\r\n      \"managementGroups\": \"detach\"\r\n    },\r\n    \"description\": \"A Stack\",\r\n    \"denySettings\": {\r\n      \"mode\": \"None\",\r\n      \"applyToChildScopes\": false\r\n    }\r\n  }\r\n}",
      "ResponseHeaders": {
        "Cache-Control": [
          "no-cache"
        ],
        "Pragma": [
          "no-cache"
        ],
        "Retry-After": [
          "0"
        ],
        "Azure-AsyncOperation": [
          "https://management.azure.com/subscriptions/4ce8c9fe-cadc-47d6-9c76-335812fd59df/providers/Microsoft.Resources/locations/westus2/deploymentStackOperationStatus/ff26d378-bfda-4977-9af7-5e376859a7cd?api-version=2022-08-01-preview"
        ],
        "x-ms-request-id": [
          "3706c4d0-79ef-4626-8110-5d5c5313bd6d"
        ],
        "Server": [
          "Microsoft-HTTPAPI/2.0"
        ],
        "x-ms-ratelimit-remaining-subscription-writes": [
          "1199"
        ],
        "x-ms-correlation-request-id": [
          "35b9298b-2d7c-4129-a6a6-5857ce81e1b5"
        ],
        "x-ms-routing-request-id": [
          "WESTUS:20221213T042306Z:35b9298b-2d7c-4129-a6a6-5857ce81e1b5"
        ],
        "Strict-Transport-Security": [
          "max-age=31536000; includeSubDomains"
        ],
        "X-Content-Type-Options": [
          "nosniff"
        ],
        "Date": [
          "Tue, 13 Dec 2022 04:23:06 GMT"
        ],
        "Content-Length": [
          "1084"
        ],
        "Content-Type": [
          "application/json; charset=utf-8"
        ],
        "Expires": [
          "-1"
        ]
      },
      "ResponseBody": "{\r\n  \"properties\": {\r\n    \"actionOnUnmanage\": {\r\n      \"resources\": \"detach\",\r\n      \"resourceGroups\": \"detach\",\r\n      \"managementGroups\": \"detach\"\r\n    },\r\n    \"description\": \"A Stack\",\r\n    \"denySettings\": {\r\n      \"mode\": \"none\",\r\n      \"applyToChildScopes\": false\r\n    },\r\n    \"parameters\": {\r\n      \"templateSpecName\": {\r\n        \"value\": \"StacksScenarioTestSpec\"\r\n      }\r\n    },\r\n    \"resources\": [],\r\n    \"provisioningState\": \"initializing\",\r\n    \"detachedResources\": [],\r\n    \"deletedResources\": [],\r\n    \"failedResources\": []\r\n  },\r\n  \"systemData\": {\r\n    \"createdBy\": \"546094f3-32fa-493c-824c-bd9575b0d2fe\",\r\n    \"createdByType\": \"Application\",\r\n    \"createdAt\": \"2022-12-13T04:22:52.2434469Z\",\r\n    \"lastModifiedBy\": \"546094f3-32fa-493c-824c-bd9575b0d2fe\",\r\n    \"lastModifiedByType\": \"Application\",\r\n    \"lastModifiedAt\": \"2022-12-13T04:23:06.0328541Z\"\r\n  },\r\n  \"id\": \"/subscriptions/4ce8c9fe-cadc-47d6-9c76-335812fd59df/resourceGroups/ps817/providers/Microsoft.Resources/deploymentStacks/ps2812\",\r\n  \"type\": \"Microsoft.Resources/deploymentStacks\",\r\n  \"name\": \"ps2812\"\r\n}",
      "StatusCode": 200
    },
    {
      "RequestUri": "/subscriptions/4ce8c9fe-cadc-47d6-9c76-335812fd59df/resourceGroups/ps817/providers/Microsoft.Resources/deploymentStacks/ps2812?api-version=2022-08-01-preview",
      "EncodedRequestUri": "L3N1YnNjcmlwdGlvbnMvNGNlOGM5ZmUtY2FkYy00N2Q2LTljNzYtMzM1ODEyZmQ1OWRmL3Jlc291cmNlR3JvdXBzL3BzODE3L3Byb3ZpZGVycy9NaWNyb3NvZnQuUmVzb3VyY2VzL2RlcGxveW1lbnRTdGFja3MvcHMyODEyP2FwaS12ZXJzaW9uPTIwMjItMDgtMDEtcHJldmlldw==",
      "RequestMethod": "GET",
      "RequestHeaders": {
        "x-ms-client-request-id": [
          "d34c57fe-9783-413d-ad6b-577c83b896bb"
        ],
        "Accept-Language": [
          "en-US"
        ],
        "User-Agent": [
          "FxVersion/4.700.22.51102",
          "OSName/Windows",
          "OSVersion/Microsoft.Windows.10.0.22621",
          "Microsoft.Azure.Management.ResourceManager.DeploymentStacksClient/3.17.4.0"
        ]
      },
      "RequestBody": "",
      "ResponseHeaders": {
        "Cache-Control": [
          "no-cache"
        ],
        "Pragma": [
          "no-cache"
        ],
        "x-ms-request-id": [
          "5c2580e8-7b58-46a4-a4c1-da516d1c4ae3"
        ],
        "Server": [
          "Microsoft-HTTPAPI/2.0"
        ],
        "x-ms-ratelimit-remaining-subscription-reads": [
          "11999"
        ],
        "x-ms-correlation-request-id": [
          "c1ad3746-d538-4e93-88f2-b7faae173c85"
        ],
        "x-ms-routing-request-id": [
          "WESTUS:20221213T042253Z:c1ad3746-d538-4e93-88f2-b7faae173c85"
        ],
        "Strict-Transport-Security": [
          "max-age=31536000; includeSubDomains"
        ],
        "X-Content-Type-Options": [
          "nosniff"
        ],
        "Date": [
          "Tue, 13 Dec 2022 04:22:52 GMT"
        ],
        "Content-Length": [
          "997"
        ],
        "Content-Type": [
          "application/json; charset=utf-8"
        ],
        "Expires": [
          "-1"
        ],
        "Retry-After": [
          "0"
        ]
      },
      "ResponseBody": "{\r\n  \"properties\": {\r\n    \"actionOnUnmanage\": {\r\n      \"resources\": \"detach\",\r\n      \"resourceGroups\": \"detach\",\r\n      \"managementGroups\": \"detach\"\r\n    },\r\n    \"description\": \"A Stack\",\r\n    \"denySettings\": {\r\n      \"mode\": \"none\",\r\n      \"applyToChildScopes\": false\r\n    },\r\n    \"parameters\": {},\r\n    \"resources\": [],\r\n    \"provisioningState\": \"initializing\",\r\n    \"detachedResources\": [],\r\n    \"deletedResources\": [],\r\n    \"failedResources\": []\r\n  },\r\n  \"systemData\": {\r\n    \"createdBy\": \"546094f3-32fa-493c-824c-bd9575b0d2fe\",\r\n    \"createdByType\": \"Application\",\r\n    \"createdAt\": \"2022-12-13T04:22:52.2434469Z\",\r\n    \"lastModifiedBy\": \"546094f3-32fa-493c-824c-bd9575b0d2fe\",\r\n    \"lastModifiedByType\": \"Application\",\r\n    \"lastModifiedAt\": \"2022-12-13T04:22:52.2434469Z\"\r\n  },\r\n  \"id\": \"/subscriptions/4ce8c9fe-cadc-47d6-9c76-335812fd59df/resourceGroups/ps817/providers/Microsoft.Resources/deploymentStacks/ps2812\",\r\n  \"type\": \"Microsoft.Resources/deploymentStacks\",\r\n  \"name\": \"ps2812\"\r\n}",
      "StatusCode": 200
    },
    {
      "RequestUri": "/subscriptions/4ce8c9fe-cadc-47d6-9c76-335812fd59df/resourceGroups/ps817/providers/Microsoft.Resources/deploymentStacks/ps2812?api-version=2022-08-01-preview",
      "EncodedRequestUri": "L3N1YnNjcmlwdGlvbnMvNGNlOGM5ZmUtY2FkYy00N2Q2LTljNzYtMzM1ODEyZmQ1OWRmL3Jlc291cmNlR3JvdXBzL3BzODE3L3Byb3ZpZGVycy9NaWNyb3NvZnQuUmVzb3VyY2VzL2RlcGxveW1lbnRTdGFja3MvcHMyODEyP2FwaS12ZXJzaW9uPTIwMjItMDgtMDEtcHJldmlldw==",
      "RequestMethod": "GET",
      "RequestHeaders": {
        "x-ms-client-request-id": [
          "d34c57fe-9783-413d-ad6b-577c83b896bb"
        ],
        "Accept-Language": [
          "en-US"
        ],
        "User-Agent": [
          "FxVersion/4.700.22.51102",
          "OSName/Windows",
          "OSVersion/Microsoft.Windows.10.0.22621",
          "Microsoft.Azure.Management.ResourceManager.DeploymentStacksClient/3.17.4.0"
        ]
      },
      "RequestBody": "",
      "ResponseHeaders": {
        "Cache-Control": [
          "no-cache"
        ],
        "Pragma": [
          "no-cache"
        ],
        "x-ms-request-id": [
          "f9a07245-b492-4713-87c3-1c59f706437d"
        ],
        "Server": [
          "Microsoft-HTTPAPI/2.0"
        ],
        "x-ms-ratelimit-remaining-subscription-reads": [
          "11998"
        ],
        "x-ms-correlation-request-id": [
          "5590b35b-d313-4d4f-aff4-65947e31efa9"
        ],
        "x-ms-routing-request-id": [
          "WESTUS:20221213T042253Z:5590b35b-d313-4d4f-aff4-65947e31efa9"
        ],
        "Strict-Transport-Security": [
          "max-age=31536000; includeSubDomains"
        ],
        "X-Content-Type-Options": [
          "nosniff"
        ],
        "Date": [
          "Tue, 13 Dec 2022 04:22:52 GMT"
        ],
        "Content-Length": [
          "1166"
        ],
        "Content-Type": [
          "application/json; charset=utf-8"
        ],
        "Expires": [
          "-1"
        ],
        "Retry-After": [
          "0"
        ]
      },
      "ResponseBody": "{\r\n  \"properties\": {\r\n    \"actionOnUnmanage\": {\r\n      \"resources\": \"detach\",\r\n      \"resourceGroups\": \"detach\",\r\n      \"managementGroups\": \"detach\"\r\n    },\r\n    \"deploymentId\": \"/subscriptions/4ce8c9fe-cadc-47d6-9c76-335812fd59df/resourceGroups/ps817/providers/Microsoft.Resources/deployments/ps2812-2022-12-13-04-22-52-f7247\",\r\n    \"description\": \"A Stack\",\r\n    \"denySettings\": {\r\n      \"mode\": \"none\",\r\n      \"applyToChildScopes\": false\r\n    },\r\n    \"parameters\": {},\r\n    \"resources\": [],\r\n    \"provisioningState\": \"deploying\",\r\n    \"detachedResources\": [],\r\n    \"deletedResources\": [],\r\n    \"failedResources\": []\r\n  },\r\n  \"systemData\": {\r\n    \"createdBy\": \"546094f3-32fa-493c-824c-bd9575b0d2fe\",\r\n    \"createdByType\": \"Application\",\r\n    \"createdAt\": \"2022-12-13T04:22:52.2434469Z\",\r\n    \"lastModifiedBy\": \"546094f3-32fa-493c-824c-bd9575b0d2fe\",\r\n    \"lastModifiedByType\": \"Application\",\r\n    \"lastModifiedAt\": \"2022-12-13T04:22:52.2434469Z\"\r\n  },\r\n  \"id\": \"/subscriptions/4ce8c9fe-cadc-47d6-9c76-335812fd59df/resourceGroups/ps817/providers/Microsoft.Resources/deploymentStacks/ps2812\",\r\n  \"type\": \"Microsoft.Resources/deploymentStacks\",\r\n  \"name\": \"ps2812\"\r\n}",
      "StatusCode": 200
    },
    {
      "RequestUri": "/subscriptions/4ce8c9fe-cadc-47d6-9c76-335812fd59df/resourceGroups/ps817/providers/Microsoft.Resources/deploymentStacks/ps2812?api-version=2022-08-01-preview",
      "EncodedRequestUri": "L3N1YnNjcmlwdGlvbnMvNGNlOGM5ZmUtY2FkYy00N2Q2LTljNzYtMzM1ODEyZmQ1OWRmL3Jlc291cmNlR3JvdXBzL3BzODE3L3Byb3ZpZGVycy9NaWNyb3NvZnQuUmVzb3VyY2VzL2RlcGxveW1lbnRTdGFja3MvcHMyODEyP2FwaS12ZXJzaW9uPTIwMjItMDgtMDEtcHJldmlldw==",
      "RequestMethod": "GET",
      "RequestHeaders": {
        "x-ms-client-request-id": [
          "d34c57fe-9783-413d-ad6b-577c83b896bb"
        ],
        "Accept-Language": [
          "en-US"
        ],
        "User-Agent": [
          "FxVersion/4.700.22.51102",
          "OSName/Windows",
          "OSVersion/Microsoft.Windows.10.0.22621",
          "Microsoft.Azure.Management.ResourceManager.DeploymentStacksClient/3.17.4.0"
        ]
      },
      "RequestBody": "",
      "ResponseHeaders": {
        "Cache-Control": [
          "no-cache"
        ],
        "Pragma": [
          "no-cache"
        ],
        "x-ms-request-id": [
          "53f425ff-b8c9-420f-9956-381567c0434d"
        ],
        "Server": [
          "Microsoft-HTTPAPI/2.0"
        ],
        "x-ms-ratelimit-remaining-subscription-reads": [
          "11997"
        ],
        "x-ms-correlation-request-id": [
          "f74086ad-04a2-4beb-bdd1-2c8ea3ac5cab"
        ],
        "x-ms-routing-request-id": [
          "WESTUS:20221213T042253Z:f74086ad-04a2-4beb-bdd1-2c8ea3ac5cab"
        ],
        "Strict-Transport-Security": [
          "max-age=31536000; includeSubDomains"
        ],
        "X-Content-Type-Options": [
          "nosniff"
        ],
        "Date": [
          "Tue, 13 Dec 2022 04:22:52 GMT"
        ],
        "Content-Length": [
          "1166"
        ],
        "Content-Type": [
          "application/json; charset=utf-8"
        ],
        "Expires": [
          "-1"
        ],
        "Retry-After": [
          "0"
        ]
      },
      "ResponseBody": "{\r\n  \"properties\": {\r\n    \"actionOnUnmanage\": {\r\n      \"resources\": \"detach\",\r\n      \"resourceGroups\": \"detach\",\r\n      \"managementGroups\": \"detach\"\r\n    },\r\n    \"deploymentId\": \"/subscriptions/4ce8c9fe-cadc-47d6-9c76-335812fd59df/resourceGroups/ps817/providers/Microsoft.Resources/deployments/ps2812-2022-12-13-04-22-52-f7247\",\r\n    \"description\": \"A Stack\",\r\n    \"denySettings\": {\r\n      \"mode\": \"none\",\r\n      \"applyToChildScopes\": false\r\n    },\r\n    \"parameters\": {},\r\n    \"resources\": [],\r\n    \"provisioningState\": \"deploying\",\r\n    \"detachedResources\": [],\r\n    \"deletedResources\": [],\r\n    \"failedResources\": []\r\n  },\r\n  \"systemData\": {\r\n    \"createdBy\": \"546094f3-32fa-493c-824c-bd9575b0d2fe\",\r\n    \"createdByType\": \"Application\",\r\n    \"createdAt\": \"2022-12-13T04:22:52.2434469Z\",\r\n    \"lastModifiedBy\": \"546094f3-32fa-493c-824c-bd9575b0d2fe\",\r\n    \"lastModifiedByType\": \"Application\",\r\n    \"lastModifiedAt\": \"2022-12-13T04:22:52.2434469Z\"\r\n  },\r\n  \"id\": \"/subscriptions/4ce8c9fe-cadc-47d6-9c76-335812fd59df/resourceGroups/ps817/providers/Microsoft.Resources/deploymentStacks/ps2812\",\r\n  \"type\": \"Microsoft.Resources/deploymentStacks\",\r\n  \"name\": \"ps2812\"\r\n}",
      "StatusCode": 200
    },
    {
      "RequestUri": "/subscriptions/4ce8c9fe-cadc-47d6-9c76-335812fd59df/resourceGroups/ps817/providers/Microsoft.Resources/deploymentStacks/ps2812?api-version=2022-08-01-preview",
      "EncodedRequestUri": "L3N1YnNjcmlwdGlvbnMvNGNlOGM5ZmUtY2FkYy00N2Q2LTljNzYtMzM1ODEyZmQ1OWRmL3Jlc291cmNlR3JvdXBzL3BzODE3L3Byb3ZpZGVycy9NaWNyb3NvZnQuUmVzb3VyY2VzL2RlcGxveW1lbnRTdGFja3MvcHMyODEyP2FwaS12ZXJzaW9uPTIwMjItMDgtMDEtcHJldmlldw==",
      "RequestMethod": "GET",
      "RequestHeaders": {
        "x-ms-client-request-id": [
          "d34c57fe-9783-413d-ad6b-577c83b896bb"
        ],
        "Accept-Language": [
          "en-US"
        ],
        "User-Agent": [
          "FxVersion/4.700.22.51102",
          "OSName/Windows",
          "OSVersion/Microsoft.Windows.10.0.22621",
          "Microsoft.Azure.Management.ResourceManager.DeploymentStacksClient/3.17.4.0"
        ]
      },
      "RequestBody": "",
      "ResponseHeaders": {
        "Cache-Control": [
          "no-cache"
        ],
        "Pragma": [
          "no-cache"
        ],
        "x-ms-request-id": [
          "6afd2e77-92a1-47b0-a49f-127bf6a419f8"
        ],
        "Server": [
          "Microsoft-HTTPAPI/2.0"
        ],
        "x-ms-ratelimit-remaining-subscription-reads": [
          "11996"
        ],
        "x-ms-correlation-request-id": [
          "793e255c-b277-440e-b96e-9c243cfedb95"
        ],
        "x-ms-routing-request-id": [
          "WESTUS:20221213T042254Z:793e255c-b277-440e-b96e-9c243cfedb95"
        ],
        "Strict-Transport-Security": [
          "max-age=31536000; includeSubDomains"
        ],
        "X-Content-Type-Options": [
          "nosniff"
        ],
        "Date": [
          "Tue, 13 Dec 2022 04:22:53 GMT"
        ],
        "Content-Length": [
          "1166"
        ],
        "Content-Type": [
          "application/json; charset=utf-8"
        ],
        "Expires": [
          "-1"
        ],
        "Retry-After": [
          "0"
        ]
      },
      "ResponseBody": "{\r\n  \"properties\": {\r\n    \"actionOnUnmanage\": {\r\n      \"resources\": \"detach\",\r\n      \"resourceGroups\": \"detach\",\r\n      \"managementGroups\": \"detach\"\r\n    },\r\n    \"deploymentId\": \"/subscriptions/4ce8c9fe-cadc-47d6-9c76-335812fd59df/resourceGroups/ps817/providers/Microsoft.Resources/deployments/ps2812-2022-12-13-04-22-52-f7247\",\r\n    \"description\": \"A Stack\",\r\n    \"denySettings\": {\r\n      \"mode\": \"none\",\r\n      \"applyToChildScopes\": false\r\n    },\r\n    \"parameters\": {},\r\n    \"resources\": [],\r\n    \"provisioningState\": \"deploying\",\r\n    \"detachedResources\": [],\r\n    \"deletedResources\": [],\r\n    \"failedResources\": []\r\n  },\r\n  \"systemData\": {\r\n    \"createdBy\": \"546094f3-32fa-493c-824c-bd9575b0d2fe\",\r\n    \"createdByType\": \"Application\",\r\n    \"createdAt\": \"2022-12-13T04:22:52.2434469Z\",\r\n    \"lastModifiedBy\": \"546094f3-32fa-493c-824c-bd9575b0d2fe\",\r\n    \"lastModifiedByType\": \"Application\",\r\n    \"lastModifiedAt\": \"2022-12-13T04:22:52.2434469Z\"\r\n  },\r\n  \"id\": \"/subscriptions/4ce8c9fe-cadc-47d6-9c76-335812fd59df/resourceGroups/ps817/providers/Microsoft.Resources/deploymentStacks/ps2812\",\r\n  \"type\": \"Microsoft.Resources/deploymentStacks\",\r\n  \"name\": \"ps2812\"\r\n}",
      "StatusCode": 200
    },
    {
      "RequestUri": "/subscriptions/4ce8c9fe-cadc-47d6-9c76-335812fd59df/resourceGroups/ps817/providers/Microsoft.Resources/deploymentStacks/ps2812?api-version=2022-08-01-preview",
      "EncodedRequestUri": "L3N1YnNjcmlwdGlvbnMvNGNlOGM5ZmUtY2FkYy00N2Q2LTljNzYtMzM1ODEyZmQ1OWRmL3Jlc291cmNlR3JvdXBzL3BzODE3L3Byb3ZpZGVycy9NaWNyb3NvZnQuUmVzb3VyY2VzL2RlcGxveW1lbnRTdGFja3MvcHMyODEyP2FwaS12ZXJzaW9uPTIwMjItMDgtMDEtcHJldmlldw==",
      "RequestMethod": "GET",
      "RequestHeaders": {
        "x-ms-client-request-id": [
          "d34c57fe-9783-413d-ad6b-577c83b896bb"
        ],
        "Accept-Language": [
          "en-US"
        ],
        "User-Agent": [
          "FxVersion/4.700.22.51102",
          "OSName/Windows",
          "OSVersion/Microsoft.Windows.10.0.22621",
          "Microsoft.Azure.Management.ResourceManager.DeploymentStacksClient/3.17.4.0"
        ]
      },
      "RequestBody": "",
      "ResponseHeaders": {
        "Cache-Control": [
          "no-cache"
        ],
        "Pragma": [
          "no-cache"
        ],
        "x-ms-request-id": [
          "9e07c953-0463-45e0-99c5-68eb52f4e42e"
        ],
        "Server": [
          "Microsoft-HTTPAPI/2.0"
        ],
        "x-ms-ratelimit-remaining-subscription-reads": [
          "11995"
        ],
        "x-ms-correlation-request-id": [
          "7f0e564f-e234-4d79-8e52-cd99ad64c611"
        ],
        "x-ms-routing-request-id": [
          "WESTUS:20221213T042254Z:7f0e564f-e234-4d79-8e52-cd99ad64c611"
        ],
        "Strict-Transport-Security": [
          "max-age=31536000; includeSubDomains"
        ],
        "X-Content-Type-Options": [
          "nosniff"
        ],
        "Date": [
          "Tue, 13 Dec 2022 04:22:53 GMT"
        ],
        "Content-Length": [
          "1166"
        ],
        "Content-Type": [
          "application/json; charset=utf-8"
        ],
        "Expires": [
          "-1"
        ],
        "Retry-After": [
          "0"
        ]
      },
      "ResponseBody": "{\r\n  \"properties\": {\r\n    \"actionOnUnmanage\": {\r\n      \"resources\": \"detach\",\r\n      \"resourceGroups\": \"detach\",\r\n      \"managementGroups\": \"detach\"\r\n    },\r\n    \"deploymentId\": \"/subscriptions/4ce8c9fe-cadc-47d6-9c76-335812fd59df/resourceGroups/ps817/providers/Microsoft.Resources/deployments/ps2812-2022-12-13-04-22-52-f7247\",\r\n    \"description\": \"A Stack\",\r\n    \"denySettings\": {\r\n      \"mode\": \"none\",\r\n      \"applyToChildScopes\": false\r\n    },\r\n    \"parameters\": {},\r\n    \"resources\": [],\r\n    \"provisioningState\": \"deploying\",\r\n    \"detachedResources\": [],\r\n    \"deletedResources\": [],\r\n    \"failedResources\": []\r\n  },\r\n  \"systemData\": {\r\n    \"createdBy\": \"546094f3-32fa-493c-824c-bd9575b0d2fe\",\r\n    \"createdByType\": \"Application\",\r\n    \"createdAt\": \"2022-12-13T04:22:52.2434469Z\",\r\n    \"lastModifiedBy\": \"546094f3-32fa-493c-824c-bd9575b0d2fe\",\r\n    \"lastModifiedByType\": \"Application\",\r\n    \"lastModifiedAt\": \"2022-12-13T04:22:52.2434469Z\"\r\n  },\r\n  \"id\": \"/subscriptions/4ce8c9fe-cadc-47d6-9c76-335812fd59df/resourceGroups/ps817/providers/Microsoft.Resources/deploymentStacks/ps2812\",\r\n  \"type\": \"Microsoft.Resources/deploymentStacks\",\r\n  \"name\": \"ps2812\"\r\n}",
      "StatusCode": 200
    },
    {
      "RequestUri": "/subscriptions/4ce8c9fe-cadc-47d6-9c76-335812fd59df/resourceGroups/ps817/providers/Microsoft.Resources/deploymentStacks/ps2812?api-version=2022-08-01-preview",
      "EncodedRequestUri": "L3N1YnNjcmlwdGlvbnMvNGNlOGM5ZmUtY2FkYy00N2Q2LTljNzYtMzM1ODEyZmQ1OWRmL3Jlc291cmNlR3JvdXBzL3BzODE3L3Byb3ZpZGVycy9NaWNyb3NvZnQuUmVzb3VyY2VzL2RlcGxveW1lbnRTdGFja3MvcHMyODEyP2FwaS12ZXJzaW9uPTIwMjItMDgtMDEtcHJldmlldw==",
      "RequestMethod": "GET",
      "RequestHeaders": {
        "x-ms-client-request-id": [
          "d34c57fe-9783-413d-ad6b-577c83b896bb"
        ],
        "Accept-Language": [
          "en-US"
        ],
        "User-Agent": [
          "FxVersion/4.700.22.51102",
          "OSName/Windows",
          "OSVersion/Microsoft.Windows.10.0.22621",
          "Microsoft.Azure.Management.ResourceManager.DeploymentStacksClient/3.17.4.0"
        ]
      },
      "RequestBody": "",
      "ResponseHeaders": {
        "Cache-Control": [
          "no-cache"
        ],
        "Pragma": [
          "no-cache"
        ],
        "x-ms-request-id": [
          "ec64398e-14d6-4ec7-a10e-05c5ab05164c"
        ],
        "Server": [
          "Microsoft-HTTPAPI/2.0"
        ],
        "x-ms-ratelimit-remaining-subscription-reads": [
          "11994"
        ],
        "x-ms-correlation-request-id": [
          "d2a8cb30-c996-4bd5-9618-967edff8998b"
        ],
        "x-ms-routing-request-id": [
          "WESTUS:20221213T042254Z:d2a8cb30-c996-4bd5-9618-967edff8998b"
        ],
        "Strict-Transport-Security": [
          "max-age=31536000; includeSubDomains"
        ],
        "X-Content-Type-Options": [
          "nosniff"
        ],
        "Date": [
          "Tue, 13 Dec 2022 04:22:53 GMT"
        ],
        "Content-Length": [
          "1166"
        ],
        "Content-Type": [
          "application/json; charset=utf-8"
        ],
        "Expires": [
          "-1"
        ],
        "Retry-After": [
          "0"
        ]
      },
      "ResponseBody": "{\r\n  \"properties\": {\r\n    \"actionOnUnmanage\": {\r\n      \"resources\": \"detach\",\r\n      \"resourceGroups\": \"detach\",\r\n      \"managementGroups\": \"detach\"\r\n    },\r\n    \"deploymentId\": \"/subscriptions/4ce8c9fe-cadc-47d6-9c76-335812fd59df/resourceGroups/ps817/providers/Microsoft.Resources/deployments/ps2812-2022-12-13-04-22-52-f7247\",\r\n    \"description\": \"A Stack\",\r\n    \"denySettings\": {\r\n      \"mode\": \"none\",\r\n      \"applyToChildScopes\": false\r\n    },\r\n    \"parameters\": {},\r\n    \"resources\": [],\r\n    \"provisioningState\": \"deploying\",\r\n    \"detachedResources\": [],\r\n    \"deletedResources\": [],\r\n    \"failedResources\": []\r\n  },\r\n  \"systemData\": {\r\n    \"createdBy\": \"546094f3-32fa-493c-824c-bd9575b0d2fe\",\r\n    \"createdByType\": \"Application\",\r\n    \"createdAt\": \"2022-12-13T04:22:52.2434469Z\",\r\n    \"lastModifiedBy\": \"546094f3-32fa-493c-824c-bd9575b0d2fe\",\r\n    \"lastModifiedByType\": \"Application\",\r\n    \"lastModifiedAt\": \"2022-12-13T04:22:52.2434469Z\"\r\n  },\r\n  \"id\": \"/subscriptions/4ce8c9fe-cadc-47d6-9c76-335812fd59df/resourceGroups/ps817/providers/Microsoft.Resources/deploymentStacks/ps2812\",\r\n  \"type\": \"Microsoft.Resources/deploymentStacks\",\r\n  \"name\": \"ps2812\"\r\n}",
      "StatusCode": 200
    },
    {
      "RequestUri": "/subscriptions/4ce8c9fe-cadc-47d6-9c76-335812fd59df/resourceGroups/ps817/providers/Microsoft.Resources/deploymentStacks/ps2812?api-version=2022-08-01-preview",
      "EncodedRequestUri": "L3N1YnNjcmlwdGlvbnMvNGNlOGM5ZmUtY2FkYy00N2Q2LTljNzYtMzM1ODEyZmQ1OWRmL3Jlc291cmNlR3JvdXBzL3BzODE3L3Byb3ZpZGVycy9NaWNyb3NvZnQuUmVzb3VyY2VzL2RlcGxveW1lbnRTdGFja3MvcHMyODEyP2FwaS12ZXJzaW9uPTIwMjItMDgtMDEtcHJldmlldw==",
      "RequestMethod": "GET",
      "RequestHeaders": {
        "x-ms-client-request-id": [
          "d34c57fe-9783-413d-ad6b-577c83b896bb"
        ],
        "Accept-Language": [
          "en-US"
        ],
        "User-Agent": [
          "FxVersion/4.700.22.51102",
          "OSName/Windows",
          "OSVersion/Microsoft.Windows.10.0.22621",
          "Microsoft.Azure.Management.ResourceManager.DeploymentStacksClient/3.17.4.0"
        ]
      },
      "RequestBody": "",
      "ResponseHeaders": {
        "Cache-Control": [
          "no-cache"
        ],
        "Pragma": [
          "no-cache"
        ],
        "x-ms-request-id": [
          "3e0d94b4-75f7-4fc1-abba-f84055c56241"
        ],
        "Server": [
          "Microsoft-HTTPAPI/2.0"
        ],
        "x-ms-ratelimit-remaining-subscription-reads": [
          "11993"
        ],
        "x-ms-correlation-request-id": [
          "a0a287e7-6858-40a0-8d38-252d5a2acc49"
        ],
        "x-ms-routing-request-id": [
          "WESTUS:20221213T042255Z:a0a287e7-6858-40a0-8d38-252d5a2acc49"
        ],
        "Strict-Transport-Security": [
          "max-age=31536000; includeSubDomains"
        ],
        "X-Content-Type-Options": [
          "nosniff"
        ],
        "Date": [
          "Tue, 13 Dec 2022 04:22:54 GMT"
        ],
        "Content-Length": [
          "1166"
        ],
        "Content-Type": [
          "application/json; charset=utf-8"
        ],
        "Expires": [
          "-1"
        ],
        "Retry-After": [
          "0"
        ]
      },
      "ResponseBody": "{\r\n  \"properties\": {\r\n    \"actionOnUnmanage\": {\r\n      \"resources\": \"detach\",\r\n      \"resourceGroups\": \"detach\",\r\n      \"managementGroups\": \"detach\"\r\n    },\r\n    \"deploymentId\": \"/subscriptions/4ce8c9fe-cadc-47d6-9c76-335812fd59df/resourceGroups/ps817/providers/Microsoft.Resources/deployments/ps2812-2022-12-13-04-22-52-f7247\",\r\n    \"description\": \"A Stack\",\r\n    \"denySettings\": {\r\n      \"mode\": \"none\",\r\n      \"applyToChildScopes\": false\r\n    },\r\n    \"parameters\": {},\r\n    \"resources\": [],\r\n    \"provisioningState\": \"deploying\",\r\n    \"detachedResources\": [],\r\n    \"deletedResources\": [],\r\n    \"failedResources\": []\r\n  },\r\n  \"systemData\": {\r\n    \"createdBy\": \"546094f3-32fa-493c-824c-bd9575b0d2fe\",\r\n    \"createdByType\": \"Application\",\r\n    \"createdAt\": \"2022-12-13T04:22:52.2434469Z\",\r\n    \"lastModifiedBy\": \"546094f3-32fa-493c-824c-bd9575b0d2fe\",\r\n    \"lastModifiedByType\": \"Application\",\r\n    \"lastModifiedAt\": \"2022-12-13T04:22:52.2434469Z\"\r\n  },\r\n  \"id\": \"/subscriptions/4ce8c9fe-cadc-47d6-9c76-335812fd59df/resourceGroups/ps817/providers/Microsoft.Resources/deploymentStacks/ps2812\",\r\n  \"type\": \"Microsoft.Resources/deploymentStacks\",\r\n  \"name\": \"ps2812\"\r\n}",
      "StatusCode": 200
    },
    {
      "RequestUri": "/subscriptions/4ce8c9fe-cadc-47d6-9c76-335812fd59df/resourceGroups/ps817/providers/Microsoft.Resources/deploymentStacks/ps2812?api-version=2022-08-01-preview",
      "EncodedRequestUri": "L3N1YnNjcmlwdGlvbnMvNGNlOGM5ZmUtY2FkYy00N2Q2LTljNzYtMzM1ODEyZmQ1OWRmL3Jlc291cmNlR3JvdXBzL3BzODE3L3Byb3ZpZGVycy9NaWNyb3NvZnQuUmVzb3VyY2VzL2RlcGxveW1lbnRTdGFja3MvcHMyODEyP2FwaS12ZXJzaW9uPTIwMjItMDgtMDEtcHJldmlldw==",
      "RequestMethod": "GET",
      "RequestHeaders": {
        "x-ms-client-request-id": [
          "d34c57fe-9783-413d-ad6b-577c83b896bb"
        ],
        "Accept-Language": [
          "en-US"
        ],
        "User-Agent": [
          "FxVersion/4.700.22.51102",
          "OSName/Windows",
          "OSVersion/Microsoft.Windows.10.0.22621",
          "Microsoft.Azure.Management.ResourceManager.DeploymentStacksClient/3.17.4.0"
        ]
      },
      "RequestBody": "",
      "ResponseHeaders": {
        "Cache-Control": [
          "no-cache"
        ],
        "Pragma": [
          "no-cache"
        ],
        "x-ms-request-id": [
          "a06239de-00ce-4f60-9d7a-4186fa96d6f0"
        ],
        "Server": [
          "Microsoft-HTTPAPI/2.0"
        ],
        "x-ms-ratelimit-remaining-subscription-reads": [
          "11992"
        ],
        "x-ms-correlation-request-id": [
          "548ffdaa-5dd9-4e57-8cb3-569f903f4337"
        ],
        "x-ms-routing-request-id": [
          "WESTUS:20221213T042255Z:548ffdaa-5dd9-4e57-8cb3-569f903f4337"
        ],
        "Strict-Transport-Security": [
          "max-age=31536000; includeSubDomains"
        ],
        "X-Content-Type-Options": [
          "nosniff"
        ],
        "Date": [
          "Tue, 13 Dec 2022 04:22:54 GMT"
        ],
        "Content-Length": [
          "1166"
        ],
        "Content-Type": [
          "application/json; charset=utf-8"
        ],
        "Expires": [
          "-1"
        ],
        "Retry-After": [
          "0"
        ]
      },
      "ResponseBody": "{\r\n  \"properties\": {\r\n    \"actionOnUnmanage\": {\r\n      \"resources\": \"detach\",\r\n      \"resourceGroups\": \"detach\",\r\n      \"managementGroups\": \"detach\"\r\n    },\r\n    \"deploymentId\": \"/subscriptions/4ce8c9fe-cadc-47d6-9c76-335812fd59df/resourceGroups/ps817/providers/Microsoft.Resources/deployments/ps2812-2022-12-13-04-22-52-f7247\",\r\n    \"description\": \"A Stack\",\r\n    \"denySettings\": {\r\n      \"mode\": \"none\",\r\n      \"applyToChildScopes\": false\r\n    },\r\n    \"parameters\": {},\r\n    \"resources\": [],\r\n    \"provisioningState\": \"deploying\",\r\n    \"detachedResources\": [],\r\n    \"deletedResources\": [],\r\n    \"failedResources\": []\r\n  },\r\n  \"systemData\": {\r\n    \"createdBy\": \"546094f3-32fa-493c-824c-bd9575b0d2fe\",\r\n    \"createdByType\": \"Application\",\r\n    \"createdAt\": \"2022-12-13T04:22:52.2434469Z\",\r\n    \"lastModifiedBy\": \"546094f3-32fa-493c-824c-bd9575b0d2fe\",\r\n    \"lastModifiedByType\": \"Application\",\r\n    \"lastModifiedAt\": \"2022-12-13T04:22:52.2434469Z\"\r\n  },\r\n  \"id\": \"/subscriptions/4ce8c9fe-cadc-47d6-9c76-335812fd59df/resourceGroups/ps817/providers/Microsoft.Resources/deploymentStacks/ps2812\",\r\n  \"type\": \"Microsoft.Resources/deploymentStacks\",\r\n  \"name\": \"ps2812\"\r\n}",
      "StatusCode": 200
    },
    {
      "RequestUri": "/subscriptions/4ce8c9fe-cadc-47d6-9c76-335812fd59df/resourceGroups/ps817/providers/Microsoft.Resources/deploymentStacks/ps2812?api-version=2022-08-01-preview",
      "EncodedRequestUri": "L3N1YnNjcmlwdGlvbnMvNGNlOGM5ZmUtY2FkYy00N2Q2LTljNzYtMzM1ODEyZmQ1OWRmL3Jlc291cmNlR3JvdXBzL3BzODE3L3Byb3ZpZGVycy9NaWNyb3NvZnQuUmVzb3VyY2VzL2RlcGxveW1lbnRTdGFja3MvcHMyODEyP2FwaS12ZXJzaW9uPTIwMjItMDgtMDEtcHJldmlldw==",
      "RequestMethod": "GET",
      "RequestHeaders": {
        "x-ms-client-request-id": [
          "d34c57fe-9783-413d-ad6b-577c83b896bb"
        ],
        "Accept-Language": [
          "en-US"
        ],
        "User-Agent": [
          "FxVersion/4.700.22.51102",
          "OSName/Windows",
          "OSVersion/Microsoft.Windows.10.0.22621",
          "Microsoft.Azure.Management.ResourceManager.DeploymentStacksClient/3.17.4.0"
        ]
      },
      "RequestBody": "",
      "ResponseHeaders": {
        "Cache-Control": [
          "no-cache"
        ],
        "Pragma": [
          "no-cache"
        ],
        "x-ms-request-id": [
          "8820e6bf-dbf1-476b-8e6a-fd67f23a21c1"
        ],
        "Server": [
          "Microsoft-HTTPAPI/2.0"
        ],
        "x-ms-ratelimit-remaining-subscription-reads": [
          "11991"
        ],
        "x-ms-correlation-request-id": [
          "9d4b4fc6-58a2-4b18-8ec3-8614bcf759dc"
        ],
        "x-ms-routing-request-id": [
          "WESTUS:20221213T042256Z:9d4b4fc6-58a2-4b18-8ec3-8614bcf759dc"
        ],
        "Strict-Transport-Security": [
          "max-age=31536000; includeSubDomains"
        ],
        "X-Content-Type-Options": [
          "nosniff"
        ],
        "Date": [
          "Tue, 13 Dec 2022 04:22:55 GMT"
        ],
        "Content-Length": [
          "1166"
        ],
        "Content-Type": [
          "application/json; charset=utf-8"
        ],
        "Expires": [
          "-1"
        ],
        "Retry-After": [
          "0"
        ]
      },
      "ResponseBody": "{\r\n  \"properties\": {\r\n    \"actionOnUnmanage\": {\r\n      \"resources\": \"detach\",\r\n      \"resourceGroups\": \"detach\",\r\n      \"managementGroups\": \"detach\"\r\n    },\r\n    \"deploymentId\": \"/subscriptions/4ce8c9fe-cadc-47d6-9c76-335812fd59df/resourceGroups/ps817/providers/Microsoft.Resources/deployments/ps2812-2022-12-13-04-22-52-f7247\",\r\n    \"description\": \"A Stack\",\r\n    \"denySettings\": {\r\n      \"mode\": \"none\",\r\n      \"applyToChildScopes\": false\r\n    },\r\n    \"parameters\": {},\r\n    \"resources\": [],\r\n    \"provisioningState\": \"deploying\",\r\n    \"detachedResources\": [],\r\n    \"deletedResources\": [],\r\n    \"failedResources\": []\r\n  },\r\n  \"systemData\": {\r\n    \"createdBy\": \"546094f3-32fa-493c-824c-bd9575b0d2fe\",\r\n    \"createdByType\": \"Application\",\r\n    \"createdAt\": \"2022-12-13T04:22:52.2434469Z\",\r\n    \"lastModifiedBy\": \"546094f3-32fa-493c-824c-bd9575b0d2fe\",\r\n    \"lastModifiedByType\": \"Application\",\r\n    \"lastModifiedAt\": \"2022-12-13T04:22:52.2434469Z\"\r\n  },\r\n  \"id\": \"/subscriptions/4ce8c9fe-cadc-47d6-9c76-335812fd59df/resourceGroups/ps817/providers/Microsoft.Resources/deploymentStacks/ps2812\",\r\n  \"type\": \"Microsoft.Resources/deploymentStacks\",\r\n  \"name\": \"ps2812\"\r\n}",
      "StatusCode": 200
    },
    {
      "RequestUri": "/subscriptions/4ce8c9fe-cadc-47d6-9c76-335812fd59df/resourceGroups/ps817/providers/Microsoft.Resources/deploymentStacks/ps2812?api-version=2022-08-01-preview",
      "EncodedRequestUri": "L3N1YnNjcmlwdGlvbnMvNGNlOGM5ZmUtY2FkYy00N2Q2LTljNzYtMzM1ODEyZmQ1OWRmL3Jlc291cmNlR3JvdXBzL3BzODE3L3Byb3ZpZGVycy9NaWNyb3NvZnQuUmVzb3VyY2VzL2RlcGxveW1lbnRTdGFja3MvcHMyODEyP2FwaS12ZXJzaW9uPTIwMjItMDgtMDEtcHJldmlldw==",
      "RequestMethod": "GET",
      "RequestHeaders": {
        "x-ms-client-request-id": [
          "d34c57fe-9783-413d-ad6b-577c83b896bb"
        ],
        "Accept-Language": [
          "en-US"
        ],
        "User-Agent": [
          "FxVersion/4.700.22.51102",
          "OSName/Windows",
          "OSVersion/Microsoft.Windows.10.0.22621",
          "Microsoft.Azure.Management.ResourceManager.DeploymentStacksClient/3.17.4.0"
        ]
      },
      "RequestBody": "",
      "ResponseHeaders": {
        "Cache-Control": [
          "no-cache"
        ],
        "Pragma": [
          "no-cache"
        ],
        "x-ms-request-id": [
          "930e8031-97d0-4b21-9c02-36f94e9649eb"
        ],
        "Server": [
          "Microsoft-HTTPAPI/2.0"
        ],
        "x-ms-ratelimit-remaining-subscription-reads": [
          "11990"
        ],
        "x-ms-correlation-request-id": [
          "0176d63b-715e-4061-8321-a9337a64e21c"
        ],
        "x-ms-routing-request-id": [
          "WESTUS:20221213T042256Z:0176d63b-715e-4061-8321-a9337a64e21c"
        ],
        "Strict-Transport-Security": [
          "max-age=31536000; includeSubDomains"
        ],
        "X-Content-Type-Options": [
          "nosniff"
        ],
        "Date": [
          "Tue, 13 Dec 2022 04:22:55 GMT"
        ],
        "Content-Length": [
          "1166"
        ],
        "Content-Type": [
          "application/json; charset=utf-8"
        ],
        "Expires": [
          "-1"
        ],
        "Retry-After": [
          "0"
        ]
      },
      "ResponseBody": "{\r\n  \"properties\": {\r\n    \"actionOnUnmanage\": {\r\n      \"resources\": \"detach\",\r\n      \"resourceGroups\": \"detach\",\r\n      \"managementGroups\": \"detach\"\r\n    },\r\n    \"deploymentId\": \"/subscriptions/4ce8c9fe-cadc-47d6-9c76-335812fd59df/resourceGroups/ps817/providers/Microsoft.Resources/deployments/ps2812-2022-12-13-04-22-52-f7247\",\r\n    \"description\": \"A Stack\",\r\n    \"denySettings\": {\r\n      \"mode\": \"none\",\r\n      \"applyToChildScopes\": false\r\n    },\r\n    \"parameters\": {},\r\n    \"resources\": [],\r\n    \"provisioningState\": \"deploying\",\r\n    \"detachedResources\": [],\r\n    \"deletedResources\": [],\r\n    \"failedResources\": []\r\n  },\r\n  \"systemData\": {\r\n    \"createdBy\": \"546094f3-32fa-493c-824c-bd9575b0d2fe\",\r\n    \"createdByType\": \"Application\",\r\n    \"createdAt\": \"2022-12-13T04:22:52.2434469Z\",\r\n    \"lastModifiedBy\": \"546094f3-32fa-493c-824c-bd9575b0d2fe\",\r\n    \"lastModifiedByType\": \"Application\",\r\n    \"lastModifiedAt\": \"2022-12-13T04:22:52.2434469Z\"\r\n  },\r\n  \"id\": \"/subscriptions/4ce8c9fe-cadc-47d6-9c76-335812fd59df/resourceGroups/ps817/providers/Microsoft.Resources/deploymentStacks/ps2812\",\r\n  \"type\": \"Microsoft.Resources/deploymentStacks\",\r\n  \"name\": \"ps2812\"\r\n}",
      "StatusCode": 200
    },
    {
      "RequestUri": "/subscriptions/4ce8c9fe-cadc-47d6-9c76-335812fd59df/resourceGroups/ps817/providers/Microsoft.Resources/deploymentStacks/ps2812?api-version=2022-08-01-preview",
      "EncodedRequestUri": "L3N1YnNjcmlwdGlvbnMvNGNlOGM5ZmUtY2FkYy00N2Q2LTljNzYtMzM1ODEyZmQ1OWRmL3Jlc291cmNlR3JvdXBzL3BzODE3L3Byb3ZpZGVycy9NaWNyb3NvZnQuUmVzb3VyY2VzL2RlcGxveW1lbnRTdGFja3MvcHMyODEyP2FwaS12ZXJzaW9uPTIwMjItMDgtMDEtcHJldmlldw==",
      "RequestMethod": "GET",
      "RequestHeaders": {
        "x-ms-client-request-id": [
          "d34c57fe-9783-413d-ad6b-577c83b896bb"
        ],
        "Accept-Language": [
          "en-US"
        ],
        "User-Agent": [
          "FxVersion/4.700.22.51102",
          "OSName/Windows",
          "OSVersion/Microsoft.Windows.10.0.22621",
          "Microsoft.Azure.Management.ResourceManager.DeploymentStacksClient/3.17.4.0"
        ]
      },
      "RequestBody": "",
      "ResponseHeaders": {
        "Cache-Control": [
          "no-cache"
        ],
        "Pragma": [
          "no-cache"
        ],
        "x-ms-request-id": [
          "35f69efa-2a3e-4b20-b0d5-489c2c88bdac"
        ],
        "Server": [
          "Microsoft-HTTPAPI/2.0"
        ],
        "x-ms-ratelimit-remaining-subscription-reads": [
          "11989"
        ],
        "x-ms-correlation-request-id": [
          "a86b4ac5-29b0-4ea7-8542-89b5e7e3fffc"
        ],
        "x-ms-routing-request-id": [
          "WESTUS:20221213T042256Z:a86b4ac5-29b0-4ea7-8542-89b5e7e3fffc"
        ],
        "Strict-Transport-Security": [
          "max-age=31536000; includeSubDomains"
        ],
        "X-Content-Type-Options": [
          "nosniff"
        ],
        "Date": [
          "Tue, 13 Dec 2022 04:22:55 GMT"
        ],
        "Content-Length": [
          "1166"
        ],
        "Content-Type": [
          "application/json; charset=utf-8"
        ],
        "Expires": [
          "-1"
        ],
        "Retry-After": [
          "0"
        ]
      },
      "ResponseBody": "{\r\n  \"properties\": {\r\n    \"actionOnUnmanage\": {\r\n      \"resources\": \"detach\",\r\n      \"resourceGroups\": \"detach\",\r\n      \"managementGroups\": \"detach\"\r\n    },\r\n    \"deploymentId\": \"/subscriptions/4ce8c9fe-cadc-47d6-9c76-335812fd59df/resourceGroups/ps817/providers/Microsoft.Resources/deployments/ps2812-2022-12-13-04-22-52-f7247\",\r\n    \"description\": \"A Stack\",\r\n    \"denySettings\": {\r\n      \"mode\": \"none\",\r\n      \"applyToChildScopes\": false\r\n    },\r\n    \"parameters\": {},\r\n    \"resources\": [],\r\n    \"provisioningState\": \"deploying\",\r\n    \"detachedResources\": [],\r\n    \"deletedResources\": [],\r\n    \"failedResources\": []\r\n  },\r\n  \"systemData\": {\r\n    \"createdBy\": \"546094f3-32fa-493c-824c-bd9575b0d2fe\",\r\n    \"createdByType\": \"Application\",\r\n    \"createdAt\": \"2022-12-13T04:22:52.2434469Z\",\r\n    \"lastModifiedBy\": \"546094f3-32fa-493c-824c-bd9575b0d2fe\",\r\n    \"lastModifiedByType\": \"Application\",\r\n    \"lastModifiedAt\": \"2022-12-13T04:22:52.2434469Z\"\r\n  },\r\n  \"id\": \"/subscriptions/4ce8c9fe-cadc-47d6-9c76-335812fd59df/resourceGroups/ps817/providers/Microsoft.Resources/deploymentStacks/ps2812\",\r\n  \"type\": \"Microsoft.Resources/deploymentStacks\",\r\n  \"name\": \"ps2812\"\r\n}",
      "StatusCode": 200
    },
    {
      "RequestUri": "/subscriptions/4ce8c9fe-cadc-47d6-9c76-335812fd59df/resourceGroups/ps817/providers/Microsoft.Resources/deploymentStacks/ps2812?api-version=2022-08-01-preview",
      "EncodedRequestUri": "L3N1YnNjcmlwdGlvbnMvNGNlOGM5ZmUtY2FkYy00N2Q2LTljNzYtMzM1ODEyZmQ1OWRmL3Jlc291cmNlR3JvdXBzL3BzODE3L3Byb3ZpZGVycy9NaWNyb3NvZnQuUmVzb3VyY2VzL2RlcGxveW1lbnRTdGFja3MvcHMyODEyP2FwaS12ZXJzaW9uPTIwMjItMDgtMDEtcHJldmlldw==",
      "RequestMethod": "GET",
      "RequestHeaders": {
        "x-ms-client-request-id": [
          "d34c57fe-9783-413d-ad6b-577c83b896bb"
        ],
        "Accept-Language": [
          "en-US"
        ],
        "User-Agent": [
          "FxVersion/4.700.22.51102",
          "OSName/Windows",
          "OSVersion/Microsoft.Windows.10.0.22621",
          "Microsoft.Azure.Management.ResourceManager.DeploymentStacksClient/3.17.4.0"
        ]
      },
      "RequestBody": "",
      "ResponseHeaders": {
        "Cache-Control": [
          "no-cache"
        ],
        "Pragma": [
          "no-cache"
        ],
        "x-ms-request-id": [
          "e21c55a8-34bf-4f03-adb3-46ddaf35f96d"
        ],
        "Server": [
          "Microsoft-HTTPAPI/2.0"
        ],
        "x-ms-ratelimit-remaining-subscription-reads": [
          "11988"
        ],
        "x-ms-correlation-request-id": [
          "8af971ea-22b6-4add-a2f2-ee4983cf9b2b"
        ],
        "x-ms-routing-request-id": [
          "WESTUS:20221213T042256Z:8af971ea-22b6-4add-a2f2-ee4983cf9b2b"
        ],
        "Strict-Transport-Security": [
          "max-age=31536000; includeSubDomains"
        ],
        "X-Content-Type-Options": [
          "nosniff"
        ],
        "Date": [
          "Tue, 13 Dec 2022 04:22:55 GMT"
        ],
        "Content-Length": [
          "1166"
        ],
        "Content-Type": [
          "application/json; charset=utf-8"
        ],
        "Expires": [
          "-1"
        ],
        "Retry-After": [
          "0"
        ]
      },
      "ResponseBody": "{\r\n  \"properties\": {\r\n    \"actionOnUnmanage\": {\r\n      \"resources\": \"detach\",\r\n      \"resourceGroups\": \"detach\",\r\n      \"managementGroups\": \"detach\"\r\n    },\r\n    \"deploymentId\": \"/subscriptions/4ce8c9fe-cadc-47d6-9c76-335812fd59df/resourceGroups/ps817/providers/Microsoft.Resources/deployments/ps2812-2022-12-13-04-22-52-f7247\",\r\n    \"description\": \"A Stack\",\r\n    \"denySettings\": {\r\n      \"mode\": \"none\",\r\n      \"applyToChildScopes\": false\r\n    },\r\n    \"parameters\": {},\r\n    \"resources\": [],\r\n    \"provisioningState\": \"deploying\",\r\n    \"detachedResources\": [],\r\n    \"deletedResources\": [],\r\n    \"failedResources\": []\r\n  },\r\n  \"systemData\": {\r\n    \"createdBy\": \"546094f3-32fa-493c-824c-bd9575b0d2fe\",\r\n    \"createdByType\": \"Application\",\r\n    \"createdAt\": \"2022-12-13T04:22:52.2434469Z\",\r\n    \"lastModifiedBy\": \"546094f3-32fa-493c-824c-bd9575b0d2fe\",\r\n    \"lastModifiedByType\": \"Application\",\r\n    \"lastModifiedAt\": \"2022-12-13T04:22:52.2434469Z\"\r\n  },\r\n  \"id\": \"/subscriptions/4ce8c9fe-cadc-47d6-9c76-335812fd59df/resourceGroups/ps817/providers/Microsoft.Resources/deploymentStacks/ps2812\",\r\n  \"type\": \"Microsoft.Resources/deploymentStacks\",\r\n  \"name\": \"ps2812\"\r\n}",
      "StatusCode": 200
    },
    {
      "RequestUri": "/subscriptions/4ce8c9fe-cadc-47d6-9c76-335812fd59df/resourceGroups/ps817/providers/Microsoft.Resources/deploymentStacks/ps2812?api-version=2022-08-01-preview",
      "EncodedRequestUri": "L3N1YnNjcmlwdGlvbnMvNGNlOGM5ZmUtY2FkYy00N2Q2LTljNzYtMzM1ODEyZmQ1OWRmL3Jlc291cmNlR3JvdXBzL3BzODE3L3Byb3ZpZGVycy9NaWNyb3NvZnQuUmVzb3VyY2VzL2RlcGxveW1lbnRTdGFja3MvcHMyODEyP2FwaS12ZXJzaW9uPTIwMjItMDgtMDEtcHJldmlldw==",
      "RequestMethod": "GET",
      "RequestHeaders": {
        "x-ms-client-request-id": [
          "d34c57fe-9783-413d-ad6b-577c83b896bb"
        ],
        "Accept-Language": [
          "en-US"
        ],
        "User-Agent": [
          "FxVersion/4.700.22.51102",
          "OSName/Windows",
          "OSVersion/Microsoft.Windows.10.0.22621",
          "Microsoft.Azure.Management.ResourceManager.DeploymentStacksClient/3.17.4.0"
        ]
      },
      "RequestBody": "",
      "ResponseHeaders": {
        "Cache-Control": [
          "no-cache"
        ],
        "Pragma": [
          "no-cache"
        ],
        "x-ms-request-id": [
          "1d1239fc-301c-4113-be66-16808a76d20e"
        ],
        "Server": [
          "Microsoft-HTTPAPI/2.0"
        ],
        "x-ms-ratelimit-remaining-subscription-reads": [
          "11987"
        ],
        "x-ms-correlation-request-id": [
          "5e857489-d503-42b0-b015-0f56eb6a2859"
        ],
        "x-ms-routing-request-id": [
          "WESTUS:20221213T042257Z:5e857489-d503-42b0-b015-0f56eb6a2859"
        ],
        "Strict-Transport-Security": [
          "max-age=31536000; includeSubDomains"
        ],
        "X-Content-Type-Options": [
          "nosniff"
        ],
        "Date": [
          "Tue, 13 Dec 2022 04:22:56 GMT"
        ],
        "Content-Length": [
          "1219"
        ],
        "Content-Type": [
          "application/json; charset=utf-8"
        ],
        "Expires": [
          "-1"
        ],
        "Retry-After": [
          "0"
        ]
      },
      "ResponseBody": "{\r\n  \"properties\": {\r\n    \"actionOnUnmanage\": {\r\n      \"resources\": \"detach\",\r\n      \"resourceGroups\": \"detach\",\r\n      \"managementGroups\": \"detach\"\r\n    },\r\n    \"deploymentId\": \"/subscriptions/4ce8c9fe-cadc-47d6-9c76-335812fd59df/resourceGroups/ps817/providers/Microsoft.Resources/deployments/ps2812-2022-12-13-04-22-52-f7247\",\r\n    \"description\": \"A Stack\",\r\n    \"duration\": \"PT5.0140131S\",\r\n    \"denySettings\": {\r\n      \"mode\": \"none\",\r\n      \"applyToChildScopes\": false\r\n    },\r\n    \"outputs\": {},\r\n    \"parameters\": {},\r\n    \"resources\": [],\r\n    \"provisioningState\": \"succeeded\",\r\n    \"detachedResources\": [],\r\n    \"deletedResources\": [],\r\n    \"failedResources\": []\r\n  },\r\n  \"systemData\": {\r\n    \"createdBy\": \"546094f3-32fa-493c-824c-bd9575b0d2fe\",\r\n    \"createdByType\": \"Application\",\r\n    \"createdAt\": \"2022-12-13T04:22:52.2434469Z\",\r\n    \"lastModifiedBy\": \"546094f3-32fa-493c-824c-bd9575b0d2fe\",\r\n    \"lastModifiedByType\": \"Application\",\r\n    \"lastModifiedAt\": \"2022-12-13T04:22:52.2434469Z\"\r\n  },\r\n  \"id\": \"/subscriptions/4ce8c9fe-cadc-47d6-9c76-335812fd59df/resourceGroups/ps817/providers/Microsoft.Resources/deploymentStacks/ps2812\",\r\n  \"type\": \"Microsoft.Resources/deploymentStacks\",\r\n  \"name\": \"ps2812\"\r\n}",
      "StatusCode": 200
    },
    {
      "RequestUri": "/subscriptions/4ce8c9fe-cadc-47d6-9c76-335812fd59df/resourceGroups/ps817/providers/Microsoft.Resources/deploymentStacks/ps2812?api-version=2022-08-01-preview",
      "EncodedRequestUri": "L3N1YnNjcmlwdGlvbnMvNGNlOGM5ZmUtY2FkYy00N2Q2LTljNzYtMzM1ODEyZmQ1OWRmL3Jlc291cmNlR3JvdXBzL3BzODE3L3Byb3ZpZGVycy9NaWNyb3NvZnQuUmVzb3VyY2VzL2RlcGxveW1lbnRTdGFja3MvcHMyODEyP2FwaS12ZXJzaW9uPTIwMjItMDgtMDEtcHJldmlldw==",
      "RequestMethod": "GET",
      "RequestHeaders": {
        "x-ms-client-request-id": [
          "7e3fe1bd-4929-40a4-b7a7-b7aeed19759f"
        ],
        "Accept-Language": [
          "en-US"
        ],
        "User-Agent": [
          "FxVersion/4.700.22.51102",
          "OSName/Windows",
          "OSVersion/Microsoft.Windows.10.0.22621",
          "Microsoft.Azure.Management.ResourceManager.DeploymentStacksClient/3.17.4.0"
        ]
      },
      "RequestBody": "",
      "ResponseHeaders": {
        "Cache-Control": [
          "no-cache"
        ],
        "Pragma": [
          "no-cache"
        ],
        "x-ms-request-id": [
          "555bd43b-08f3-412b-bd1f-b49ec199f26f"
        ],
        "Server": [
          "Microsoft-HTTPAPI/2.0"
        ],
        "x-ms-ratelimit-remaining-subscription-reads": [
          "11999"
        ],
        "x-ms-correlation-request-id": [
          "434ecd0f-89d4-41b9-a251-dd1f7f283cbe"
        ],
        "x-ms-routing-request-id": [
          "WESTUS:20221213T042300Z:434ecd0f-89d4-41b9-a251-dd1f7f283cbe"
        ],
        "Strict-Transport-Security": [
          "max-age=31536000; includeSubDomains"
        ],
        "X-Content-Type-Options": [
          "nosniff"
        ],
        "Date": [
          "Tue, 13 Dec 2022 04:22:59 GMT"
        ],
        "Content-Length": [
          "1084"
        ],
        "Content-Type": [
          "application/json; charset=utf-8"
        ],
        "Expires": [
          "-1"
        ],
        "Retry-After": [
          "0"
        ]
      },
      "ResponseBody": "{\r\n  \"properties\": {\r\n    \"actionOnUnmanage\": {\r\n      \"resources\": \"detach\",\r\n      \"resourceGroups\": \"detach\",\r\n      \"managementGroups\": \"detach\"\r\n    },\r\n    \"description\": \"A Stack\",\r\n    \"denySettings\": {\r\n      \"mode\": \"none\",\r\n      \"applyToChildScopes\": false\r\n    },\r\n    \"parameters\": {\r\n      \"templateSpecName\": {\r\n        \"value\": \"StacksScenarioTestSpec\"\r\n      }\r\n    },\r\n    \"resources\": [],\r\n    \"provisioningState\": \"initializing\",\r\n    \"detachedResources\": [],\r\n    \"deletedResources\": [],\r\n    \"failedResources\": []\r\n  },\r\n  \"systemData\": {\r\n    \"createdBy\": \"546094f3-32fa-493c-824c-bd9575b0d2fe\",\r\n    \"createdByType\": \"Application\",\r\n    \"createdAt\": \"2022-12-13T04:22:52.2434469Z\",\r\n    \"lastModifiedBy\": \"546094f3-32fa-493c-824c-bd9575b0d2fe\",\r\n    \"lastModifiedByType\": \"Application\",\r\n    \"lastModifiedAt\": \"2022-12-13T04:22:59.8992548Z\"\r\n  },\r\n  \"id\": \"/subscriptions/4ce8c9fe-cadc-47d6-9c76-335812fd59df/resourceGroups/ps817/providers/Microsoft.Resources/deploymentStacks/ps2812\",\r\n  \"type\": \"Microsoft.Resources/deploymentStacks\",\r\n  \"name\": \"ps2812\"\r\n}",
      "StatusCode": 200
    },
    {
      "RequestUri": "/subscriptions/4ce8c9fe-cadc-47d6-9c76-335812fd59df/resourceGroups/ps817/providers/Microsoft.Resources/deploymentStacks/ps2812?api-version=2022-08-01-preview",
      "EncodedRequestUri": "L3N1YnNjcmlwdGlvbnMvNGNlOGM5ZmUtY2FkYy00N2Q2LTljNzYtMzM1ODEyZmQ1OWRmL3Jlc291cmNlR3JvdXBzL3BzODE3L3Byb3ZpZGVycy9NaWNyb3NvZnQuUmVzb3VyY2VzL2RlcGxveW1lbnRTdGFja3MvcHMyODEyP2FwaS12ZXJzaW9uPTIwMjItMDgtMDEtcHJldmlldw==",
      "RequestMethod": "GET",
      "RequestHeaders": {
        "x-ms-client-request-id": [
          "7e3fe1bd-4929-40a4-b7a7-b7aeed19759f"
        ],
        "Accept-Language": [
          "en-US"
        ],
        "User-Agent": [
          "FxVersion/4.700.22.51102",
          "OSName/Windows",
          "OSVersion/Microsoft.Windows.10.0.22621",
          "Microsoft.Azure.Management.ResourceManager.DeploymentStacksClient/3.17.4.0"
        ]
      },
      "RequestBody": "",
      "ResponseHeaders": {
        "Cache-Control": [
          "no-cache"
        ],
        "Pragma": [
          "no-cache"
        ],
        "x-ms-request-id": [
          "f94ea54e-35a7-42bf-befa-6634c3e90981"
        ],
        "Server": [
          "Microsoft-HTTPAPI/2.0"
        ],
        "x-ms-ratelimit-remaining-subscription-reads": [
          "11998"
        ],
        "x-ms-correlation-request-id": [
          "4f9d728f-f5b1-4200-812a-2158d3c833fc"
        ],
        "x-ms-routing-request-id": [
          "WESTUS:20221213T042300Z:4f9d728f-f5b1-4200-812a-2158d3c833fc"
        ],
        "Strict-Transport-Security": [
          "max-age=31536000; includeSubDomains"
        ],
        "X-Content-Type-Options": [
          "nosniff"
        ],
        "Date": [
          "Tue, 13 Dec 2022 04:23:00 GMT"
        ],
        "Content-Length": [
          "1084"
        ],
        "Content-Type": [
          "application/json; charset=utf-8"
        ],
        "Expires": [
          "-1"
        ],
        "Retry-After": [
          "0"
        ]
      },
      "ResponseBody": "{\r\n  \"properties\": {\r\n    \"actionOnUnmanage\": {\r\n      \"resources\": \"detach\",\r\n      \"resourceGroups\": \"detach\",\r\n      \"managementGroups\": \"detach\"\r\n    },\r\n    \"description\": \"A Stack\",\r\n    \"denySettings\": {\r\n      \"mode\": \"none\",\r\n      \"applyToChildScopes\": false\r\n    },\r\n    \"parameters\": {\r\n      \"templateSpecName\": {\r\n        \"value\": \"StacksScenarioTestSpec\"\r\n      }\r\n    },\r\n    \"resources\": [],\r\n    \"provisioningState\": \"initializing\",\r\n    \"detachedResources\": [],\r\n    \"deletedResources\": [],\r\n    \"failedResources\": []\r\n  },\r\n  \"systemData\": {\r\n    \"createdBy\": \"546094f3-32fa-493c-824c-bd9575b0d2fe\",\r\n    \"createdByType\": \"Application\",\r\n    \"createdAt\": \"2022-12-13T04:22:52.2434469Z\",\r\n    \"lastModifiedBy\": \"546094f3-32fa-493c-824c-bd9575b0d2fe\",\r\n    \"lastModifiedByType\": \"Application\",\r\n    \"lastModifiedAt\": \"2022-12-13T04:22:59.8992548Z\"\r\n  },\r\n  \"id\": \"/subscriptions/4ce8c9fe-cadc-47d6-9c76-335812fd59df/resourceGroups/ps817/providers/Microsoft.Resources/deploymentStacks/ps2812\",\r\n  \"type\": \"Microsoft.Resources/deploymentStacks\",\r\n  \"name\": \"ps2812\"\r\n}",
      "StatusCode": 200
    },
    {
      "RequestUri": "/subscriptions/4ce8c9fe-cadc-47d6-9c76-335812fd59df/resourceGroups/ps817/providers/Microsoft.Resources/deploymentStacks/ps2812?api-version=2022-08-01-preview",
      "EncodedRequestUri": "L3N1YnNjcmlwdGlvbnMvNGNlOGM5ZmUtY2FkYy00N2Q2LTljNzYtMzM1ODEyZmQ1OWRmL3Jlc291cmNlR3JvdXBzL3BzODE3L3Byb3ZpZGVycy9NaWNyb3NvZnQuUmVzb3VyY2VzL2RlcGxveW1lbnRTdGFja3MvcHMyODEyP2FwaS12ZXJzaW9uPTIwMjItMDgtMDEtcHJldmlldw==",
      "RequestMethod": "GET",
      "RequestHeaders": {
        "x-ms-client-request-id": [
          "7e3fe1bd-4929-40a4-b7a7-b7aeed19759f"
        ],
        "Accept-Language": [
          "en-US"
        ],
        "User-Agent": [
          "FxVersion/4.700.22.51102",
          "OSName/Windows",
          "OSVersion/Microsoft.Windows.10.0.22621",
          "Microsoft.Azure.Management.ResourceManager.DeploymentStacksClient/3.17.4.0"
        ]
      },
      "RequestBody": "",
      "ResponseHeaders": {
        "Cache-Control": [
          "no-cache"
        ],
        "Pragma": [
          "no-cache"
        ],
        "x-ms-request-id": [
          "ae068ada-c5f1-41e8-982f-eddddd41d236"
        ],
        "Server": [
          "Microsoft-HTTPAPI/2.0"
        ],
        "x-ms-ratelimit-remaining-subscription-reads": [
          "11997"
        ],
        "x-ms-correlation-request-id": [
          "39399601-2cc1-4812-b04a-656ace7473d9"
        ],
        "x-ms-routing-request-id": [
          "WESTUS:20221213T042300Z:39399601-2cc1-4812-b04a-656ace7473d9"
        ],
        "Strict-Transport-Security": [
          "max-age=31536000; includeSubDomains"
        ],
        "X-Content-Type-Options": [
          "nosniff"
        ],
        "Date": [
          "Tue, 13 Dec 2022 04:23:00 GMT"
        ],
        "Content-Length": [
          "1084"
        ],
        "Content-Type": [
          "application/json; charset=utf-8"
        ],
        "Expires": [
          "-1"
        ],
        "Retry-After": [
          "0"
        ]
      },
      "ResponseBody": "{\r\n  \"properties\": {\r\n    \"actionOnUnmanage\": {\r\n      \"resources\": \"detach\",\r\n      \"resourceGroups\": \"detach\",\r\n      \"managementGroups\": \"detach\"\r\n    },\r\n    \"description\": \"A Stack\",\r\n    \"denySettings\": {\r\n      \"mode\": \"none\",\r\n      \"applyToChildScopes\": false\r\n    },\r\n    \"parameters\": {\r\n      \"templateSpecName\": {\r\n        \"value\": \"StacksScenarioTestSpec\"\r\n      }\r\n    },\r\n    \"resources\": [],\r\n    \"provisioningState\": \"initializing\",\r\n    \"detachedResources\": [],\r\n    \"deletedResources\": [],\r\n    \"failedResources\": []\r\n  },\r\n  \"systemData\": {\r\n    \"createdBy\": \"546094f3-32fa-493c-824c-bd9575b0d2fe\",\r\n    \"createdByType\": \"Application\",\r\n    \"createdAt\": \"2022-12-13T04:22:52.2434469Z\",\r\n    \"lastModifiedBy\": \"546094f3-32fa-493c-824c-bd9575b0d2fe\",\r\n    \"lastModifiedByType\": \"Application\",\r\n    \"lastModifiedAt\": \"2022-12-13T04:22:59.8992548Z\"\r\n  },\r\n  \"id\": \"/subscriptions/4ce8c9fe-cadc-47d6-9c76-335812fd59df/resourceGroups/ps817/providers/Microsoft.Resources/deploymentStacks/ps2812\",\r\n  \"type\": \"Microsoft.Resources/deploymentStacks\",\r\n  \"name\": \"ps2812\"\r\n}",
      "StatusCode": 200
    },
    {
      "RequestUri": "/subscriptions/4ce8c9fe-cadc-47d6-9c76-335812fd59df/resourceGroups/ps817/providers/Microsoft.Resources/deploymentStacks/ps2812?api-version=2022-08-01-preview",
      "EncodedRequestUri": "L3N1YnNjcmlwdGlvbnMvNGNlOGM5ZmUtY2FkYy00N2Q2LTljNzYtMzM1ODEyZmQ1OWRmL3Jlc291cmNlR3JvdXBzL3BzODE3L3Byb3ZpZGVycy9NaWNyb3NvZnQuUmVzb3VyY2VzL2RlcGxveW1lbnRTdGFja3MvcHMyODEyP2FwaS12ZXJzaW9uPTIwMjItMDgtMDEtcHJldmlldw==",
      "RequestMethod": "GET",
      "RequestHeaders": {
        "x-ms-client-request-id": [
          "7e3fe1bd-4929-40a4-b7a7-b7aeed19759f"
        ],
        "Accept-Language": [
          "en-US"
        ],
        "User-Agent": [
          "FxVersion/4.700.22.51102",
          "OSName/Windows",
          "OSVersion/Microsoft.Windows.10.0.22621",
          "Microsoft.Azure.Management.ResourceManager.DeploymentStacksClient/3.17.4.0"
        ]
      },
      "RequestBody": "",
      "ResponseHeaders": {
        "Cache-Control": [
          "no-cache"
        ],
        "Pragma": [
          "no-cache"
        ],
        "x-ms-request-id": [
          "7afaf0ff-c0ac-4664-b686-04a14d95733a"
        ],
        "Server": [
          "Microsoft-HTTPAPI/2.0"
        ],
        "x-ms-ratelimit-remaining-subscription-reads": [
          "11996"
        ],
        "x-ms-correlation-request-id": [
          "3f63aef6-8a06-4801-9a77-02a8e70db6f0"
        ],
        "x-ms-routing-request-id": [
          "WESTUS:20221213T042300Z:3f63aef6-8a06-4801-9a77-02a8e70db6f0"
        ],
        "Strict-Transport-Security": [
          "max-age=31536000; includeSubDomains"
        ],
        "X-Content-Type-Options": [
          "nosniff"
        ],
        "Date": [
          "Tue, 13 Dec 2022 04:23:00 GMT"
        ],
        "Content-Length": [
          "1084"
        ],
        "Content-Type": [
          "application/json; charset=utf-8"
        ],
        "Expires": [
          "-1"
        ],
        "Retry-After": [
          "0"
        ]
      },
      "ResponseBody": "{\r\n  \"properties\": {\r\n    \"actionOnUnmanage\": {\r\n      \"resources\": \"detach\",\r\n      \"resourceGroups\": \"detach\",\r\n      \"managementGroups\": \"detach\"\r\n    },\r\n    \"description\": \"A Stack\",\r\n    \"denySettings\": {\r\n      \"mode\": \"none\",\r\n      \"applyToChildScopes\": false\r\n    },\r\n    \"parameters\": {\r\n      \"templateSpecName\": {\r\n        \"value\": \"StacksScenarioTestSpec\"\r\n      }\r\n    },\r\n    \"resources\": [],\r\n    \"provisioningState\": \"initializing\",\r\n    \"detachedResources\": [],\r\n    \"deletedResources\": [],\r\n    \"failedResources\": []\r\n  },\r\n  \"systemData\": {\r\n    \"createdBy\": \"546094f3-32fa-493c-824c-bd9575b0d2fe\",\r\n    \"createdByType\": \"Application\",\r\n    \"createdAt\": \"2022-12-13T04:22:52.2434469Z\",\r\n    \"lastModifiedBy\": \"546094f3-32fa-493c-824c-bd9575b0d2fe\",\r\n    \"lastModifiedByType\": \"Application\",\r\n    \"lastModifiedAt\": \"2022-12-13T04:22:59.8992548Z\"\r\n  },\r\n  \"id\": \"/subscriptions/4ce8c9fe-cadc-47d6-9c76-335812fd59df/resourceGroups/ps817/providers/Microsoft.Resources/deploymentStacks/ps2812\",\r\n  \"type\": \"Microsoft.Resources/deploymentStacks\",\r\n  \"name\": \"ps2812\"\r\n}",
      "StatusCode": 200
    },
    {
      "RequestUri": "/subscriptions/4ce8c9fe-cadc-47d6-9c76-335812fd59df/resourceGroups/ps817/providers/Microsoft.Resources/deploymentStacks/ps2812?api-version=2022-08-01-preview",
      "EncodedRequestUri": "L3N1YnNjcmlwdGlvbnMvNGNlOGM5ZmUtY2FkYy00N2Q2LTljNzYtMzM1ODEyZmQ1OWRmL3Jlc291cmNlR3JvdXBzL3BzODE3L3Byb3ZpZGVycy9NaWNyb3NvZnQuUmVzb3VyY2VzL2RlcGxveW1lbnRTdGFja3MvcHMyODEyP2FwaS12ZXJzaW9uPTIwMjItMDgtMDEtcHJldmlldw==",
      "RequestMethod": "GET",
      "RequestHeaders": {
        "x-ms-client-request-id": [
          "7e3fe1bd-4929-40a4-b7a7-b7aeed19759f"
        ],
        "Accept-Language": [
          "en-US"
        ],
        "User-Agent": [
          "FxVersion/4.700.22.51102",
          "OSName/Windows",
          "OSVersion/Microsoft.Windows.10.0.22621",
          "Microsoft.Azure.Management.ResourceManager.DeploymentStacksClient/3.17.4.0"
        ]
      },
      "RequestBody": "",
      "ResponseHeaders": {
        "Cache-Control": [
          "no-cache"
        ],
        "Pragma": [
          "no-cache"
        ],
        "x-ms-request-id": [
          "dea01cd1-32a5-4dee-a304-9fbfaffd9216"
        ],
        "Server": [
          "Microsoft-HTTPAPI/2.0"
        ],
        "x-ms-ratelimit-remaining-subscription-reads": [
          "11995"
        ],
        "x-ms-correlation-request-id": [
          "22dbe236-aefb-4c78-8c03-f83a81ac9cb2"
        ],
        "x-ms-routing-request-id": [
          "WESTUS:20221213T042301Z:22dbe236-aefb-4c78-8c03-f83a81ac9cb2"
        ],
        "Strict-Transport-Security": [
          "max-age=31536000; includeSubDomains"
        ],
        "X-Content-Type-Options": [
          "nosniff"
        ],
        "Date": [
          "Tue, 13 Dec 2022 04:23:00 GMT"
        ],
        "Content-Length": [
          "1084"
        ],
        "Content-Type": [
          "application/json; charset=utf-8"
        ],
        "Expires": [
          "-1"
        ],
        "Retry-After": [
          "0"
        ]
      },
      "ResponseBody": "{\r\n  \"properties\": {\r\n    \"actionOnUnmanage\": {\r\n      \"resources\": \"detach\",\r\n      \"resourceGroups\": \"detach\",\r\n      \"managementGroups\": \"detach\"\r\n    },\r\n    \"description\": \"A Stack\",\r\n    \"denySettings\": {\r\n      \"mode\": \"none\",\r\n      \"applyToChildScopes\": false\r\n    },\r\n    \"parameters\": {\r\n      \"templateSpecName\": {\r\n        \"value\": \"StacksScenarioTestSpec\"\r\n      }\r\n    },\r\n    \"resources\": [],\r\n    \"provisioningState\": \"initializing\",\r\n    \"detachedResources\": [],\r\n    \"deletedResources\": [],\r\n    \"failedResources\": []\r\n  },\r\n  \"systemData\": {\r\n    \"createdBy\": \"546094f3-32fa-493c-824c-bd9575b0d2fe\",\r\n    \"createdByType\": \"Application\",\r\n    \"createdAt\": \"2022-12-13T04:22:52.2434469Z\",\r\n    \"lastModifiedBy\": \"546094f3-32fa-493c-824c-bd9575b0d2fe\",\r\n    \"lastModifiedByType\": \"Application\",\r\n    \"lastModifiedAt\": \"2022-12-13T04:22:59.8992548Z\"\r\n  },\r\n  \"id\": \"/subscriptions/4ce8c9fe-cadc-47d6-9c76-335812fd59df/resourceGroups/ps817/providers/Microsoft.Resources/deploymentStacks/ps2812\",\r\n  \"type\": \"Microsoft.Resources/deploymentStacks\",\r\n  \"name\": \"ps2812\"\r\n}",
      "StatusCode": 200
    },
    {
      "RequestUri": "/subscriptions/4ce8c9fe-cadc-47d6-9c76-335812fd59df/resourceGroups/ps817/providers/Microsoft.Resources/deploymentStacks/ps2812?api-version=2022-08-01-preview",
      "EncodedRequestUri": "L3N1YnNjcmlwdGlvbnMvNGNlOGM5ZmUtY2FkYy00N2Q2LTljNzYtMzM1ODEyZmQ1OWRmL3Jlc291cmNlR3JvdXBzL3BzODE3L3Byb3ZpZGVycy9NaWNyb3NvZnQuUmVzb3VyY2VzL2RlcGxveW1lbnRTdGFja3MvcHMyODEyP2FwaS12ZXJzaW9uPTIwMjItMDgtMDEtcHJldmlldw==",
      "RequestMethod": "GET",
      "RequestHeaders": {
        "x-ms-client-request-id": [
          "7e3fe1bd-4929-40a4-b7a7-b7aeed19759f"
        ],
        "Accept-Language": [
          "en-US"
        ],
        "User-Agent": [
          "FxVersion/4.700.22.51102",
          "OSName/Windows",
          "OSVersion/Microsoft.Windows.10.0.22621",
          "Microsoft.Azure.Management.ResourceManager.DeploymentStacksClient/3.17.4.0"
        ]
      },
      "RequestBody": "",
      "ResponseHeaders": {
        "Cache-Control": [
          "no-cache"
        ],
        "Pragma": [
          "no-cache"
        ],
        "x-ms-request-id": [
          "352a9953-03da-4c1d-809b-001614219727"
        ],
        "Server": [
          "Microsoft-HTTPAPI/2.0"
        ],
        "x-ms-ratelimit-remaining-subscription-reads": [
          "11994"
        ],
        "x-ms-correlation-request-id": [
          "ca4954f0-b2e3-4a1e-813f-a6db0006ad36"
        ],
        "x-ms-routing-request-id": [
          "WESTUS:20221213T042301Z:ca4954f0-b2e3-4a1e-813f-a6db0006ad36"
        ],
        "Strict-Transport-Security": [
          "max-age=31536000; includeSubDomains"
        ],
        "X-Content-Type-Options": [
          "nosniff"
        ],
        "Date": [
          "Tue, 13 Dec 2022 04:23:01 GMT"
        ],
        "Content-Length": [
          "1084"
        ],
        "Content-Type": [
          "application/json; charset=utf-8"
        ],
        "Expires": [
          "-1"
        ],
        "Retry-After": [
          "0"
        ]
      },
      "ResponseBody": "{\r\n  \"properties\": {\r\n    \"actionOnUnmanage\": {\r\n      \"resources\": \"detach\",\r\n      \"resourceGroups\": \"detach\",\r\n      \"managementGroups\": \"detach\"\r\n    },\r\n    \"description\": \"A Stack\",\r\n    \"denySettings\": {\r\n      \"mode\": \"none\",\r\n      \"applyToChildScopes\": false\r\n    },\r\n    \"parameters\": {\r\n      \"templateSpecName\": {\r\n        \"value\": \"StacksScenarioTestSpec\"\r\n      }\r\n    },\r\n    \"resources\": [],\r\n    \"provisioningState\": \"initializing\",\r\n    \"detachedResources\": [],\r\n    \"deletedResources\": [],\r\n    \"failedResources\": []\r\n  },\r\n  \"systemData\": {\r\n    \"createdBy\": \"546094f3-32fa-493c-824c-bd9575b0d2fe\",\r\n    \"createdByType\": \"Application\",\r\n    \"createdAt\": \"2022-12-13T04:22:52.2434469Z\",\r\n    \"lastModifiedBy\": \"546094f3-32fa-493c-824c-bd9575b0d2fe\",\r\n    \"lastModifiedByType\": \"Application\",\r\n    \"lastModifiedAt\": \"2022-12-13T04:22:59.8992548Z\"\r\n  },\r\n  \"id\": \"/subscriptions/4ce8c9fe-cadc-47d6-9c76-335812fd59df/resourceGroups/ps817/providers/Microsoft.Resources/deploymentStacks/ps2812\",\r\n  \"type\": \"Microsoft.Resources/deploymentStacks\",\r\n  \"name\": \"ps2812\"\r\n}",
      "StatusCode": 200
    },
    {
      "RequestUri": "/subscriptions/4ce8c9fe-cadc-47d6-9c76-335812fd59df/resourceGroups/ps817/providers/Microsoft.Resources/deploymentStacks/ps2812?api-version=2022-08-01-preview",
      "EncodedRequestUri": "L3N1YnNjcmlwdGlvbnMvNGNlOGM5ZmUtY2FkYy00N2Q2LTljNzYtMzM1ODEyZmQ1OWRmL3Jlc291cmNlR3JvdXBzL3BzODE3L3Byb3ZpZGVycy9NaWNyb3NvZnQuUmVzb3VyY2VzL2RlcGxveW1lbnRTdGFja3MvcHMyODEyP2FwaS12ZXJzaW9uPTIwMjItMDgtMDEtcHJldmlldw==",
      "RequestMethod": "GET",
      "RequestHeaders": {
        "x-ms-client-request-id": [
          "7e3fe1bd-4929-40a4-b7a7-b7aeed19759f"
        ],
        "Accept-Language": [
          "en-US"
        ],
        "User-Agent": [
          "FxVersion/4.700.22.51102",
          "OSName/Windows",
          "OSVersion/Microsoft.Windows.10.0.22621",
          "Microsoft.Azure.Management.ResourceManager.DeploymentStacksClient/3.17.4.0"
        ]
      },
      "RequestBody": "",
      "ResponseHeaders": {
        "Cache-Control": [
          "no-cache"
        ],
        "Pragma": [
          "no-cache"
        ],
        "x-ms-request-id": [
          "9b4b4244-2ccf-41f5-8524-a4de37a5e8d5"
        ],
        "Server": [
          "Microsoft-HTTPAPI/2.0"
        ],
        "x-ms-ratelimit-remaining-subscription-reads": [
          "11993"
        ],
        "x-ms-correlation-request-id": [
          "0ac7af85-894d-4a9a-9bf6-7891ec436714"
        ],
        "x-ms-routing-request-id": [
          "WESTUS:20221213T042302Z:0ac7af85-894d-4a9a-9bf6-7891ec436714"
        ],
        "Strict-Transport-Security": [
          "max-age=31536000; includeSubDomains"
        ],
        "X-Content-Type-Options": [
          "nosniff"
        ],
        "Date": [
          "Tue, 13 Dec 2022 04:23:01 GMT"
        ],
        "Content-Length": [
          "1253"
        ],
        "Content-Type": [
          "application/json; charset=utf-8"
        ],
        "Expires": [
          "-1"
        ],
        "Retry-After": [
          "0"
        ]
      },
      "ResponseBody": "{\r\n  \"properties\": {\r\n    \"actionOnUnmanage\": {\r\n      \"resources\": \"detach\",\r\n      \"resourceGroups\": \"detach\",\r\n      \"managementGroups\": \"detach\"\r\n    },\r\n    \"deploymentId\": \"/subscriptions/4ce8c9fe-cadc-47d6-9c76-335812fd59df/resourceGroups/ps817/providers/Microsoft.Resources/deployments/ps2812-2022-12-13-04-23-00-fe84e\",\r\n    \"description\": \"A Stack\",\r\n    \"denySettings\": {\r\n      \"mode\": \"none\",\r\n      \"applyToChildScopes\": false\r\n    },\r\n    \"parameters\": {\r\n      \"templateSpecName\": {\r\n        \"value\": \"StacksScenarioTestSpec\"\r\n      }\r\n    },\r\n    \"resources\": [],\r\n    \"provisioningState\": \"deploying\",\r\n    \"detachedResources\": [],\r\n    \"deletedResources\": [],\r\n    \"failedResources\": []\r\n  },\r\n  \"systemData\": {\r\n    \"createdBy\": \"546094f3-32fa-493c-824c-bd9575b0d2fe\",\r\n    \"createdByType\": \"Application\",\r\n    \"createdAt\": \"2022-12-13T04:22:52.2434469Z\",\r\n    \"lastModifiedBy\": \"546094f3-32fa-493c-824c-bd9575b0d2fe\",\r\n    \"lastModifiedByType\": \"Application\",\r\n    \"lastModifiedAt\": \"2022-12-13T04:22:59.8992548Z\"\r\n  },\r\n  \"id\": \"/subscriptions/4ce8c9fe-cadc-47d6-9c76-335812fd59df/resourceGroups/ps817/providers/Microsoft.Resources/deploymentStacks/ps2812\",\r\n  \"type\": \"Microsoft.Resources/deploymentStacks\",\r\n  \"name\": \"ps2812\"\r\n}",
      "StatusCode": 200
    },
    {
      "RequestUri": "/subscriptions/4ce8c9fe-cadc-47d6-9c76-335812fd59df/resourceGroups/ps817/providers/Microsoft.Resources/deploymentStacks/ps2812?api-version=2022-08-01-preview",
      "EncodedRequestUri": "L3N1YnNjcmlwdGlvbnMvNGNlOGM5ZmUtY2FkYy00N2Q2LTljNzYtMzM1ODEyZmQ1OWRmL3Jlc291cmNlR3JvdXBzL3BzODE3L3Byb3ZpZGVycy9NaWNyb3NvZnQuUmVzb3VyY2VzL2RlcGxveW1lbnRTdGFja3MvcHMyODEyP2FwaS12ZXJzaW9uPTIwMjItMDgtMDEtcHJldmlldw==",
      "RequestMethod": "GET",
      "RequestHeaders": {
        "x-ms-client-request-id": [
          "7e3fe1bd-4929-40a4-b7a7-b7aeed19759f"
        ],
        "Accept-Language": [
          "en-US"
        ],
        "User-Agent": [
          "FxVersion/4.700.22.51102",
          "OSName/Windows",
          "OSVersion/Microsoft.Windows.10.0.22621",
          "Microsoft.Azure.Management.ResourceManager.DeploymentStacksClient/3.17.4.0"
        ]
      },
      "RequestBody": "",
      "ResponseHeaders": {
        "Cache-Control": [
          "no-cache"
        ],
        "Pragma": [
          "no-cache"
        ],
        "x-ms-request-id": [
          "b6fd3dc7-6561-4053-a877-88269f6afd11"
        ],
        "Server": [
          "Microsoft-HTTPAPI/2.0"
        ],
        "x-ms-ratelimit-remaining-subscription-reads": [
          "11992"
        ],
        "x-ms-correlation-request-id": [
          "7a073835-7d15-4b7d-8a8a-5f026235b986"
        ],
        "x-ms-routing-request-id": [
          "WESTUS:20221213T042302Z:7a073835-7d15-4b7d-8a8a-5f026235b986"
        ],
        "Strict-Transport-Security": [
          "max-age=31536000; includeSubDomains"
        ],
        "X-Content-Type-Options": [
          "nosniff"
        ],
        "Date": [
          "Tue, 13 Dec 2022 04:23:02 GMT"
        ],
        "Content-Length": [
          "1253"
        ],
        "Content-Type": [
          "application/json; charset=utf-8"
        ],
        "Expires": [
          "-1"
        ],
        "Retry-After": [
          "0"
        ]
      },
      "ResponseBody": "{\r\n  \"properties\": {\r\n    \"actionOnUnmanage\": {\r\n      \"resources\": \"detach\",\r\n      \"resourceGroups\": \"detach\",\r\n      \"managementGroups\": \"detach\"\r\n    },\r\n    \"deploymentId\": \"/subscriptions/4ce8c9fe-cadc-47d6-9c76-335812fd59df/resourceGroups/ps817/providers/Microsoft.Resources/deployments/ps2812-2022-12-13-04-23-00-fe84e\",\r\n    \"description\": \"A Stack\",\r\n    \"denySettings\": {\r\n      \"mode\": \"none\",\r\n      \"applyToChildScopes\": false\r\n    },\r\n    \"parameters\": {\r\n      \"templateSpecName\": {\r\n        \"value\": \"StacksScenarioTestSpec\"\r\n      }\r\n    },\r\n    \"resources\": [],\r\n    \"provisioningState\": \"deploying\",\r\n    \"detachedResources\": [],\r\n    \"deletedResources\": [],\r\n    \"failedResources\": []\r\n  },\r\n  \"systemData\": {\r\n    \"createdBy\": \"546094f3-32fa-493c-824c-bd9575b0d2fe\",\r\n    \"createdByType\": \"Application\",\r\n    \"createdAt\": \"2022-12-13T04:22:52.2434469Z\",\r\n    \"lastModifiedBy\": \"546094f3-32fa-493c-824c-bd9575b0d2fe\",\r\n    \"lastModifiedByType\": \"Application\",\r\n    \"lastModifiedAt\": \"2022-12-13T04:22:59.8992548Z\"\r\n  },\r\n  \"id\": \"/subscriptions/4ce8c9fe-cadc-47d6-9c76-335812fd59df/resourceGroups/ps817/providers/Microsoft.Resources/deploymentStacks/ps2812\",\r\n  \"type\": \"Microsoft.Resources/deploymentStacks\",\r\n  \"name\": \"ps2812\"\r\n}",
      "StatusCode": 200
    },
    {
      "RequestUri": "/subscriptions/4ce8c9fe-cadc-47d6-9c76-335812fd59df/resourceGroups/ps817/providers/Microsoft.Resources/deploymentStacks/ps2812?api-version=2022-08-01-preview",
      "EncodedRequestUri": "L3N1YnNjcmlwdGlvbnMvNGNlOGM5ZmUtY2FkYy00N2Q2LTljNzYtMzM1ODEyZmQ1OWRmL3Jlc291cmNlR3JvdXBzL3BzODE3L3Byb3ZpZGVycy9NaWNyb3NvZnQuUmVzb3VyY2VzL2RlcGxveW1lbnRTdGFja3MvcHMyODEyP2FwaS12ZXJzaW9uPTIwMjItMDgtMDEtcHJldmlldw==",
      "RequestMethod": "GET",
      "RequestHeaders": {
        "x-ms-client-request-id": [
          "7e3fe1bd-4929-40a4-b7a7-b7aeed19759f"
        ],
        "Accept-Language": [
          "en-US"
        ],
        "User-Agent": [
          "FxVersion/4.700.22.51102",
          "OSName/Windows",
          "OSVersion/Microsoft.Windows.10.0.22621",
          "Microsoft.Azure.Management.ResourceManager.DeploymentStacksClient/3.17.4.0"
        ]
      },
      "RequestBody": "",
      "ResponseHeaders": {
        "Cache-Control": [
          "no-cache"
        ],
        "Pragma": [
          "no-cache"
        ],
        "x-ms-request-id": [
          "28aa4b6a-d5df-4b24-a63a-3582a4ebf311"
        ],
        "Server": [
          "Microsoft-HTTPAPI/2.0"
        ],
        "x-ms-ratelimit-remaining-subscription-reads": [
          "11991"
        ],
        "x-ms-correlation-request-id": [
          "a973bcb5-4282-49bd-8760-8aec281f5797"
        ],
        "x-ms-routing-request-id": [
          "WESTUS:20221213T042302Z:a973bcb5-4282-49bd-8760-8aec281f5797"
        ],
        "Strict-Transport-Security": [
          "max-age=31536000; includeSubDomains"
        ],
        "X-Content-Type-Options": [
          "nosniff"
        ],
        "Date": [
          "Tue, 13 Dec 2022 04:23:02 GMT"
        ],
        "Content-Length": [
          "1253"
        ],
        "Content-Type": [
          "application/json; charset=utf-8"
        ],
        "Expires": [
          "-1"
        ],
        "Retry-After": [
          "0"
        ]
      },
      "ResponseBody": "{\r\n  \"properties\": {\r\n    \"actionOnUnmanage\": {\r\n      \"resources\": \"detach\",\r\n      \"resourceGroups\": \"detach\",\r\n      \"managementGroups\": \"detach\"\r\n    },\r\n    \"deploymentId\": \"/subscriptions/4ce8c9fe-cadc-47d6-9c76-335812fd59df/resourceGroups/ps817/providers/Microsoft.Resources/deployments/ps2812-2022-12-13-04-23-00-fe84e\",\r\n    \"description\": \"A Stack\",\r\n    \"denySettings\": {\r\n      \"mode\": \"none\",\r\n      \"applyToChildScopes\": false\r\n    },\r\n    \"parameters\": {\r\n      \"templateSpecName\": {\r\n        \"value\": \"StacksScenarioTestSpec\"\r\n      }\r\n    },\r\n    \"resources\": [],\r\n    \"provisioningState\": \"deploying\",\r\n    \"detachedResources\": [],\r\n    \"deletedResources\": [],\r\n    \"failedResources\": []\r\n  },\r\n  \"systemData\": {\r\n    \"createdBy\": \"546094f3-32fa-493c-824c-bd9575b0d2fe\",\r\n    \"createdByType\": \"Application\",\r\n    \"createdAt\": \"2022-12-13T04:22:52.2434469Z\",\r\n    \"lastModifiedBy\": \"546094f3-32fa-493c-824c-bd9575b0d2fe\",\r\n    \"lastModifiedByType\": \"Application\",\r\n    \"lastModifiedAt\": \"2022-12-13T04:22:59.8992548Z\"\r\n  },\r\n  \"id\": \"/subscriptions/4ce8c9fe-cadc-47d6-9c76-335812fd59df/resourceGroups/ps817/providers/Microsoft.Resources/deploymentStacks/ps2812\",\r\n  \"type\": \"Microsoft.Resources/deploymentStacks\",\r\n  \"name\": \"ps2812\"\r\n}",
      "StatusCode": 200
    },
    {
      "RequestUri": "/subscriptions/4ce8c9fe-cadc-47d6-9c76-335812fd59df/resourceGroups/ps817/providers/Microsoft.Resources/deploymentStacks/ps2812?api-version=2022-08-01-preview",
      "EncodedRequestUri": "L3N1YnNjcmlwdGlvbnMvNGNlOGM5ZmUtY2FkYy00N2Q2LTljNzYtMzM1ODEyZmQ1OWRmL3Jlc291cmNlR3JvdXBzL3BzODE3L3Byb3ZpZGVycy9NaWNyb3NvZnQuUmVzb3VyY2VzL2RlcGxveW1lbnRTdGFja3MvcHMyODEyP2FwaS12ZXJzaW9uPTIwMjItMDgtMDEtcHJldmlldw==",
      "RequestMethod": "GET",
      "RequestHeaders": {
        "x-ms-client-request-id": [
          "7e3fe1bd-4929-40a4-b7a7-b7aeed19759f"
        ],
        "Accept-Language": [
          "en-US"
        ],
        "User-Agent": [
          "FxVersion/4.700.22.51102",
          "OSName/Windows",
          "OSVersion/Microsoft.Windows.10.0.22621",
          "Microsoft.Azure.Management.ResourceManager.DeploymentStacksClient/3.17.4.0"
        ]
      },
      "RequestBody": "",
      "ResponseHeaders": {
        "Cache-Control": [
          "no-cache"
        ],
        "Pragma": [
          "no-cache"
        ],
        "x-ms-request-id": [
          "435f246f-0486-48dc-b2e7-19f641841350"
        ],
        "Server": [
          "Microsoft-HTTPAPI/2.0"
        ],
        "x-ms-ratelimit-remaining-subscription-reads": [
          "11990"
        ],
        "x-ms-correlation-request-id": [
          "88370753-cf12-484e-9100-c38bd7efe562"
        ],
        "x-ms-routing-request-id": [
          "WESTUS:20221213T042303Z:88370753-cf12-484e-9100-c38bd7efe562"
        ],
        "Strict-Transport-Security": [
          "max-age=31536000; includeSubDomains"
        ],
        "X-Content-Type-Options": [
          "nosniff"
        ],
        "Date": [
          "Tue, 13 Dec 2022 04:23:03 GMT"
        ],
        "Content-Length": [
          "1253"
        ],
        "Content-Type": [
          "application/json; charset=utf-8"
        ],
        "Expires": [
          "-1"
        ],
        "Retry-After": [
          "0"
        ]
      },
      "ResponseBody": "{\r\n  \"properties\": {\r\n    \"actionOnUnmanage\": {\r\n      \"resources\": \"detach\",\r\n      \"resourceGroups\": \"detach\",\r\n      \"managementGroups\": \"detach\"\r\n    },\r\n    \"deploymentId\": \"/subscriptions/4ce8c9fe-cadc-47d6-9c76-335812fd59df/resourceGroups/ps817/providers/Microsoft.Resources/deployments/ps2812-2022-12-13-04-23-00-fe84e\",\r\n    \"description\": \"A Stack\",\r\n    \"denySettings\": {\r\n      \"mode\": \"none\",\r\n      \"applyToChildScopes\": false\r\n    },\r\n    \"parameters\": {\r\n      \"templateSpecName\": {\r\n        \"value\": \"StacksScenarioTestSpec\"\r\n      }\r\n    },\r\n    \"resources\": [],\r\n    \"provisioningState\": \"deploying\",\r\n    \"detachedResources\": [],\r\n    \"deletedResources\": [],\r\n    \"failedResources\": []\r\n  },\r\n  \"systemData\": {\r\n    \"createdBy\": \"546094f3-32fa-493c-824c-bd9575b0d2fe\",\r\n    \"createdByType\": \"Application\",\r\n    \"createdAt\": \"2022-12-13T04:22:52.2434469Z\",\r\n    \"lastModifiedBy\": \"546094f3-32fa-493c-824c-bd9575b0d2fe\",\r\n    \"lastModifiedByType\": \"Application\",\r\n    \"lastModifiedAt\": \"2022-12-13T04:22:59.8992548Z\"\r\n  },\r\n  \"id\": \"/subscriptions/4ce8c9fe-cadc-47d6-9c76-335812fd59df/resourceGroups/ps817/providers/Microsoft.Resources/deploymentStacks/ps2812\",\r\n  \"type\": \"Microsoft.Resources/deploymentStacks\",\r\n  \"name\": \"ps2812\"\r\n}",
      "StatusCode": 200
    },
    {
      "RequestUri": "/subscriptions/4ce8c9fe-cadc-47d6-9c76-335812fd59df/resourceGroups/ps817/providers/Microsoft.Resources/deploymentStacks/ps2812?api-version=2022-08-01-preview",
      "EncodedRequestUri": "L3N1YnNjcmlwdGlvbnMvNGNlOGM5ZmUtY2FkYy00N2Q2LTljNzYtMzM1ODEyZmQ1OWRmL3Jlc291cmNlR3JvdXBzL3BzODE3L3Byb3ZpZGVycy9NaWNyb3NvZnQuUmVzb3VyY2VzL2RlcGxveW1lbnRTdGFja3MvcHMyODEyP2FwaS12ZXJzaW9uPTIwMjItMDgtMDEtcHJldmlldw==",
      "RequestMethod": "GET",
      "RequestHeaders": {
        "x-ms-client-request-id": [
          "7e3fe1bd-4929-40a4-b7a7-b7aeed19759f"
        ],
        "Accept-Language": [
          "en-US"
        ],
        "User-Agent": [
          "FxVersion/4.700.22.51102",
          "OSName/Windows",
          "OSVersion/Microsoft.Windows.10.0.22621",
          "Microsoft.Azure.Management.ResourceManager.DeploymentStacksClient/3.17.4.0"
        ]
      },
      "RequestBody": "",
      "ResponseHeaders": {
        "Cache-Control": [
          "no-cache"
        ],
        "Pragma": [
          "no-cache"
        ],
        "x-ms-request-id": [
          "8b532f3b-80ac-418f-96f8-526888c00ef9"
        ],
        "Server": [
          "Microsoft-HTTPAPI/2.0"
        ],
        "x-ms-ratelimit-remaining-subscription-reads": [
          "11989"
        ],
        "x-ms-correlation-request-id": [
          "b985218a-f2dd-431c-9fe1-cee60e32b2a1"
        ],
        "x-ms-routing-request-id": [
          "WESTUS:20221213T042303Z:b985218a-f2dd-431c-9fe1-cee60e32b2a1"
        ],
        "Strict-Transport-Security": [
          "max-age=31536000; includeSubDomains"
        ],
        "X-Content-Type-Options": [
          "nosniff"
        ],
        "Date": [
          "Tue, 13 Dec 2022 04:23:03 GMT"
        ],
        "Content-Length": [
          "1253"
        ],
        "Content-Type": [
          "application/json; charset=utf-8"
        ],
        "Expires": [
          "-1"
        ],
        "Retry-After": [
          "0"
        ]
      },
      "ResponseBody": "{\r\n  \"properties\": {\r\n    \"actionOnUnmanage\": {\r\n      \"resources\": \"detach\",\r\n      \"resourceGroups\": \"detach\",\r\n      \"managementGroups\": \"detach\"\r\n    },\r\n    \"deploymentId\": \"/subscriptions/4ce8c9fe-cadc-47d6-9c76-335812fd59df/resourceGroups/ps817/providers/Microsoft.Resources/deployments/ps2812-2022-12-13-04-23-00-fe84e\",\r\n    \"description\": \"A Stack\",\r\n    \"denySettings\": {\r\n      \"mode\": \"none\",\r\n      \"applyToChildScopes\": false\r\n    },\r\n    \"parameters\": {\r\n      \"templateSpecName\": {\r\n        \"value\": \"StacksScenarioTestSpec\"\r\n      }\r\n    },\r\n    \"resources\": [],\r\n    \"provisioningState\": \"deploying\",\r\n    \"detachedResources\": [],\r\n    \"deletedResources\": [],\r\n    \"failedResources\": []\r\n  },\r\n  \"systemData\": {\r\n    \"createdBy\": \"546094f3-32fa-493c-824c-bd9575b0d2fe\",\r\n    \"createdByType\": \"Application\",\r\n    \"createdAt\": \"2022-12-13T04:22:52.2434469Z\",\r\n    \"lastModifiedBy\": \"546094f3-32fa-493c-824c-bd9575b0d2fe\",\r\n    \"lastModifiedByType\": \"Application\",\r\n    \"lastModifiedAt\": \"2022-12-13T04:22:59.8992548Z\"\r\n  },\r\n  \"id\": \"/subscriptions/4ce8c9fe-cadc-47d6-9c76-335812fd59df/resourceGroups/ps817/providers/Microsoft.Resources/deploymentStacks/ps2812\",\r\n  \"type\": \"Microsoft.Resources/deploymentStacks\",\r\n  \"name\": \"ps2812\"\r\n}",
      "StatusCode": 200
    },
    {
      "RequestUri": "/subscriptions/4ce8c9fe-cadc-47d6-9c76-335812fd59df/resourceGroups/ps817/providers/Microsoft.Resources/deploymentStacks/ps2812?api-version=2022-08-01-preview",
      "EncodedRequestUri": "L3N1YnNjcmlwdGlvbnMvNGNlOGM5ZmUtY2FkYy00N2Q2LTljNzYtMzM1ODEyZmQ1OWRmL3Jlc291cmNlR3JvdXBzL3BzODE3L3Byb3ZpZGVycy9NaWNyb3NvZnQuUmVzb3VyY2VzL2RlcGxveW1lbnRTdGFja3MvcHMyODEyP2FwaS12ZXJzaW9uPTIwMjItMDgtMDEtcHJldmlldw==",
      "RequestMethod": "GET",
      "RequestHeaders": {
        "x-ms-client-request-id": [
          "7e3fe1bd-4929-40a4-b7a7-b7aeed19759f"
        ],
        "Accept-Language": [
          "en-US"
        ],
        "User-Agent": [
          "FxVersion/4.700.22.51102",
          "OSName/Windows",
          "OSVersion/Microsoft.Windows.10.0.22621",
          "Microsoft.Azure.Management.ResourceManager.DeploymentStacksClient/3.17.4.0"
        ]
      },
      "RequestBody": "",
      "ResponseHeaders": {
        "Cache-Control": [
          "no-cache"
        ],
        "Pragma": [
          "no-cache"
        ],
        "x-ms-request-id": [
          "b1705ffc-a60b-422f-94b4-9bcd449d3e3e"
        ],
        "Server": [
          "Microsoft-HTTPAPI/2.0"
        ],
        "x-ms-ratelimit-remaining-subscription-reads": [
          "11988"
        ],
        "x-ms-correlation-request-id": [
          "1f48c40a-2a2a-4b50-9653-2f52aaa80904"
        ],
        "x-ms-routing-request-id": [
          "WESTUS:20221213T042304Z:1f48c40a-2a2a-4b50-9653-2f52aaa80904"
        ],
        "Strict-Transport-Security": [
          "max-age=31536000; includeSubDomains"
        ],
        "X-Content-Type-Options": [
          "nosniff"
        ],
        "Date": [
          "Tue, 13 Dec 2022 04:23:03 GMT"
        ],
        "Content-Length": [
          "1253"
        ],
        "Content-Type": [
          "application/json; charset=utf-8"
        ],
        "Expires": [
          "-1"
        ],
        "Retry-After": [
          "0"
        ]
      },
      "ResponseBody": "{\r\n  \"properties\": {\r\n    \"actionOnUnmanage\": {\r\n      \"resources\": \"detach\",\r\n      \"resourceGroups\": \"detach\",\r\n      \"managementGroups\": \"detach\"\r\n    },\r\n    \"deploymentId\": \"/subscriptions/4ce8c9fe-cadc-47d6-9c76-335812fd59df/resourceGroups/ps817/providers/Microsoft.Resources/deployments/ps2812-2022-12-13-04-23-00-fe84e\",\r\n    \"description\": \"A Stack\",\r\n    \"denySettings\": {\r\n      \"mode\": \"none\",\r\n      \"applyToChildScopes\": false\r\n    },\r\n    \"parameters\": {\r\n      \"templateSpecName\": {\r\n        \"value\": \"StacksScenarioTestSpec\"\r\n      }\r\n    },\r\n    \"resources\": [],\r\n    \"provisioningState\": \"deploying\",\r\n    \"detachedResources\": [],\r\n    \"deletedResources\": [],\r\n    \"failedResources\": []\r\n  },\r\n  \"systemData\": {\r\n    \"createdBy\": \"546094f3-32fa-493c-824c-bd9575b0d2fe\",\r\n    \"createdByType\": \"Application\",\r\n    \"createdAt\": \"2022-12-13T04:22:52.2434469Z\",\r\n    \"lastModifiedBy\": \"546094f3-32fa-493c-824c-bd9575b0d2fe\",\r\n    \"lastModifiedByType\": \"Application\",\r\n    \"lastModifiedAt\": \"2022-12-13T04:22:59.8992548Z\"\r\n  },\r\n  \"id\": \"/subscriptions/4ce8c9fe-cadc-47d6-9c76-335812fd59df/resourceGroups/ps817/providers/Microsoft.Resources/deploymentStacks/ps2812\",\r\n  \"type\": \"Microsoft.Resources/deploymentStacks\",\r\n  \"name\": \"ps2812\"\r\n}",
      "StatusCode": 200
    },
    {
      "RequestUri": "/subscriptions/4ce8c9fe-cadc-47d6-9c76-335812fd59df/resourceGroups/ps817/providers/Microsoft.Resources/deploymentStacks/ps2812?api-version=2022-08-01-preview",
      "EncodedRequestUri": "L3N1YnNjcmlwdGlvbnMvNGNlOGM5ZmUtY2FkYy00N2Q2LTljNzYtMzM1ODEyZmQ1OWRmL3Jlc291cmNlR3JvdXBzL3BzODE3L3Byb3ZpZGVycy9NaWNyb3NvZnQuUmVzb3VyY2VzL2RlcGxveW1lbnRTdGFja3MvcHMyODEyP2FwaS12ZXJzaW9uPTIwMjItMDgtMDEtcHJldmlldw==",
      "RequestMethod": "GET",
      "RequestHeaders": {
        "x-ms-client-request-id": [
          "7e3fe1bd-4929-40a4-b7a7-b7aeed19759f"
        ],
        "Accept-Language": [
          "en-US"
        ],
        "User-Agent": [
          "FxVersion/4.700.22.51102",
          "OSName/Windows",
          "OSVersion/Microsoft.Windows.10.0.22621",
          "Microsoft.Azure.Management.ResourceManager.DeploymentStacksClient/3.17.4.0"
        ]
      },
      "RequestBody": "",
      "ResponseHeaders": {
        "Cache-Control": [
          "no-cache"
        ],
        "Pragma": [
          "no-cache"
        ],
        "x-ms-request-id": [
          "472caef0-d931-42bf-93d7-032e5a0230b1"
        ],
        "Server": [
          "Microsoft-HTTPAPI/2.0"
        ],
        "x-ms-ratelimit-remaining-subscription-reads": [
          "11987"
        ],
        "x-ms-correlation-request-id": [
          "e935ba4a-0a88-42ed-ac19-004e86831397"
        ],
        "x-ms-routing-request-id": [
          "WESTUS:20221213T042304Z:e935ba4a-0a88-42ed-ac19-004e86831397"
        ],
        "Strict-Transport-Security": [
          "max-age=31536000; includeSubDomains"
        ],
        "X-Content-Type-Options": [
          "nosniff"
        ],
        "Date": [
          "Tue, 13 Dec 2022 04:23:03 GMT"
        ],
        "Content-Length": [
          "1253"
        ],
        "Content-Type": [
          "application/json; charset=utf-8"
        ],
        "Expires": [
          "-1"
        ],
        "Retry-After": [
          "0"
        ]
      },
      "ResponseBody": "{\r\n  \"properties\": {\r\n    \"actionOnUnmanage\": {\r\n      \"resources\": \"detach\",\r\n      \"resourceGroups\": \"detach\",\r\n      \"managementGroups\": \"detach\"\r\n    },\r\n    \"deploymentId\": \"/subscriptions/4ce8c9fe-cadc-47d6-9c76-335812fd59df/resourceGroups/ps817/providers/Microsoft.Resources/deployments/ps2812-2022-12-13-04-23-00-fe84e\",\r\n    \"description\": \"A Stack\",\r\n    \"denySettings\": {\r\n      \"mode\": \"none\",\r\n      \"applyToChildScopes\": false\r\n    },\r\n    \"parameters\": {\r\n      \"templateSpecName\": {\r\n        \"value\": \"StacksScenarioTestSpec\"\r\n      }\r\n    },\r\n    \"resources\": [],\r\n    \"provisioningState\": \"deploying\",\r\n    \"detachedResources\": [],\r\n    \"deletedResources\": [],\r\n    \"failedResources\": []\r\n  },\r\n  \"systemData\": {\r\n    \"createdBy\": \"546094f3-32fa-493c-824c-bd9575b0d2fe\",\r\n    \"createdByType\": \"Application\",\r\n    \"createdAt\": \"2022-12-13T04:22:52.2434469Z\",\r\n    \"lastModifiedBy\": \"546094f3-32fa-493c-824c-bd9575b0d2fe\",\r\n    \"lastModifiedByType\": \"Application\",\r\n    \"lastModifiedAt\": \"2022-12-13T04:22:59.8992548Z\"\r\n  },\r\n  \"id\": \"/subscriptions/4ce8c9fe-cadc-47d6-9c76-335812fd59df/resourceGroups/ps817/providers/Microsoft.Resources/deploymentStacks/ps2812\",\r\n  \"type\": \"Microsoft.Resources/deploymentStacks\",\r\n  \"name\": \"ps2812\"\r\n}",
      "StatusCode": 200
    },
    {
      "RequestUri": "/subscriptions/4ce8c9fe-cadc-47d6-9c76-335812fd59df/resourceGroups/ps817/providers/Microsoft.Resources/deploymentStacks/ps2812?api-version=2022-08-01-preview",
      "EncodedRequestUri": "L3N1YnNjcmlwdGlvbnMvNGNlOGM5ZmUtY2FkYy00N2Q2LTljNzYtMzM1ODEyZmQ1OWRmL3Jlc291cmNlR3JvdXBzL3BzODE3L3Byb3ZpZGVycy9NaWNyb3NvZnQuUmVzb3VyY2VzL2RlcGxveW1lbnRTdGFja3MvcHMyODEyP2FwaS12ZXJzaW9uPTIwMjItMDgtMDEtcHJldmlldw==",
      "RequestMethod": "GET",
      "RequestHeaders": {
        "x-ms-client-request-id": [
          "7e3fe1bd-4929-40a4-b7a7-b7aeed19759f"
        ],
        "Accept-Language": [
          "en-US"
        ],
        "User-Agent": [
          "FxVersion/4.700.22.51102",
          "OSName/Windows",
          "OSVersion/Microsoft.Windows.10.0.22621",
          "Microsoft.Azure.Management.ResourceManager.DeploymentStacksClient/3.17.4.0"
        ]
      },
      "RequestBody": "",
      "ResponseHeaders": {
        "Cache-Control": [
          "no-cache"
        ],
        "Pragma": [
          "no-cache"
        ],
        "x-ms-request-id": [
          "c985fbf7-5b1a-47a6-a3f6-a1997472f252"
        ],
        "Server": [
          "Microsoft-HTTPAPI/2.0"
        ],
        "x-ms-ratelimit-remaining-subscription-reads": [
          "11986"
        ],
        "x-ms-correlation-request-id": [
          "14a3619b-195a-4f1c-89d6-88fb3e901f29"
        ],
        "x-ms-routing-request-id": [
          "WESTUS:20221213T042304Z:14a3619b-195a-4f1c-89d6-88fb3e901f29"
        ],
        "Strict-Transport-Security": [
          "max-age=31536000; includeSubDomains"
        ],
        "X-Content-Type-Options": [
          "nosniff"
        ],
        "Date": [
          "Tue, 13 Dec 2022 04:23:04 GMT"
        ],
        "Content-Length": [
          "1253"
        ],
        "Content-Type": [
          "application/json; charset=utf-8"
        ],
        "Expires": [
          "-1"
        ],
        "Retry-After": [
          "0"
        ]
      },
      "ResponseBody": "{\r\n  \"properties\": {\r\n    \"actionOnUnmanage\": {\r\n      \"resources\": \"detach\",\r\n      \"resourceGroups\": \"detach\",\r\n      \"managementGroups\": \"detach\"\r\n    },\r\n    \"deploymentId\": \"/subscriptions/4ce8c9fe-cadc-47d6-9c76-335812fd59df/resourceGroups/ps817/providers/Microsoft.Resources/deployments/ps2812-2022-12-13-04-23-00-fe84e\",\r\n    \"description\": \"A Stack\",\r\n    \"denySettings\": {\r\n      \"mode\": \"none\",\r\n      \"applyToChildScopes\": false\r\n    },\r\n    \"parameters\": {\r\n      \"templateSpecName\": {\r\n        \"value\": \"StacksScenarioTestSpec\"\r\n      }\r\n    },\r\n    \"resources\": [],\r\n    \"provisioningState\": \"deploying\",\r\n    \"detachedResources\": [],\r\n    \"deletedResources\": [],\r\n    \"failedResources\": []\r\n  },\r\n  \"systemData\": {\r\n    \"createdBy\": \"546094f3-32fa-493c-824c-bd9575b0d2fe\",\r\n    \"createdByType\": \"Application\",\r\n    \"createdAt\": \"2022-12-13T04:22:52.2434469Z\",\r\n    \"lastModifiedBy\": \"546094f3-32fa-493c-824c-bd9575b0d2fe\",\r\n    \"lastModifiedByType\": \"Application\",\r\n    \"lastModifiedAt\": \"2022-12-13T04:22:59.8992548Z\"\r\n  },\r\n  \"id\": \"/subscriptions/4ce8c9fe-cadc-47d6-9c76-335812fd59df/resourceGroups/ps817/providers/Microsoft.Resources/deploymentStacks/ps2812\",\r\n  \"type\": \"Microsoft.Resources/deploymentStacks\",\r\n  \"name\": \"ps2812\"\r\n}",
      "StatusCode": 200
    },
    {
      "RequestUri": "/subscriptions/4ce8c9fe-cadc-47d6-9c76-335812fd59df/resourceGroups/ps817/providers/Microsoft.Resources/deploymentStacks/ps2812?api-version=2022-08-01-preview",
      "EncodedRequestUri": "L3N1YnNjcmlwdGlvbnMvNGNlOGM5ZmUtY2FkYy00N2Q2LTljNzYtMzM1ODEyZmQ1OWRmL3Jlc291cmNlR3JvdXBzL3BzODE3L3Byb3ZpZGVycy9NaWNyb3NvZnQuUmVzb3VyY2VzL2RlcGxveW1lbnRTdGFja3MvcHMyODEyP2FwaS12ZXJzaW9uPTIwMjItMDgtMDEtcHJldmlldw==",
      "RequestMethod": "GET",
      "RequestHeaders": {
        "x-ms-client-request-id": [
          "7e3fe1bd-4929-40a4-b7a7-b7aeed19759f"
        ],
        "Accept-Language": [
          "en-US"
        ],
        "User-Agent": [
          "FxVersion/4.700.22.51102",
          "OSName/Windows",
          "OSVersion/Microsoft.Windows.10.0.22621",
          "Microsoft.Azure.Management.ResourceManager.DeploymentStacksClient/3.17.4.0"
        ]
      },
      "RequestBody": "",
      "ResponseHeaders": {
        "Cache-Control": [
          "no-cache"
        ],
        "Pragma": [
          "no-cache"
        ],
        "x-ms-request-id": [
          "5d86a257-d22f-4279-bffe-c09558cb0389"
        ],
        "Server": [
          "Microsoft-HTTPAPI/2.0"
        ],
        "x-ms-ratelimit-remaining-subscription-reads": [
          "11985"
        ],
        "x-ms-correlation-request-id": [
          "00048dfa-be5d-4f7e-b8e6-1c51dbe974dd"
        ],
        "x-ms-routing-request-id": [
          "WESTUS:20221213T042305Z:00048dfa-be5d-4f7e-b8e6-1c51dbe974dd"
        ],
        "Strict-Transport-Security": [
          "max-age=31536000; includeSubDomains"
        ],
        "X-Content-Type-Options": [
          "nosniff"
        ],
        "Date": [
          "Tue, 13 Dec 2022 04:23:04 GMT"
        ],
        "Content-Length": [
          "1253"
        ],
        "Content-Type": [
          "application/json; charset=utf-8"
        ],
        "Expires": [
          "-1"
        ],
        "Retry-After": [
          "0"
        ]
      },
      "ResponseBody": "{\r\n  \"properties\": {\r\n    \"actionOnUnmanage\": {\r\n      \"resources\": \"detach\",\r\n      \"resourceGroups\": \"detach\",\r\n      \"managementGroups\": \"detach\"\r\n    },\r\n    \"deploymentId\": \"/subscriptions/4ce8c9fe-cadc-47d6-9c76-335812fd59df/resourceGroups/ps817/providers/Microsoft.Resources/deployments/ps2812-2022-12-13-04-23-00-fe84e\",\r\n    \"description\": \"A Stack\",\r\n    \"denySettings\": {\r\n      \"mode\": \"none\",\r\n      \"applyToChildScopes\": false\r\n    },\r\n    \"parameters\": {\r\n      \"templateSpecName\": {\r\n        \"value\": \"StacksScenarioTestSpec\"\r\n      }\r\n    },\r\n    \"resources\": [],\r\n    \"provisioningState\": \"deploying\",\r\n    \"detachedResources\": [],\r\n    \"deletedResources\": [],\r\n    \"failedResources\": []\r\n  },\r\n  \"systemData\": {\r\n    \"createdBy\": \"546094f3-32fa-493c-824c-bd9575b0d2fe\",\r\n    \"createdByType\": \"Application\",\r\n    \"createdAt\": \"2022-12-13T04:22:52.2434469Z\",\r\n    \"lastModifiedBy\": \"546094f3-32fa-493c-824c-bd9575b0d2fe\",\r\n    \"lastModifiedByType\": \"Application\",\r\n    \"lastModifiedAt\": \"2022-12-13T04:22:59.8992548Z\"\r\n  },\r\n  \"id\": \"/subscriptions/4ce8c9fe-cadc-47d6-9c76-335812fd59df/resourceGroups/ps817/providers/Microsoft.Resources/deploymentStacks/ps2812\",\r\n  \"type\": \"Microsoft.Resources/deploymentStacks\",\r\n  \"name\": \"ps2812\"\r\n}",
      "StatusCode": 200
    },
    {
      "RequestUri": "/subscriptions/4ce8c9fe-cadc-47d6-9c76-335812fd59df/resourceGroups/ps817/providers/Microsoft.Resources/deploymentStacks/ps2812?api-version=2022-08-01-preview",
      "EncodedRequestUri": "L3N1YnNjcmlwdGlvbnMvNGNlOGM5ZmUtY2FkYy00N2Q2LTljNzYtMzM1ODEyZmQ1OWRmL3Jlc291cmNlR3JvdXBzL3BzODE3L3Byb3ZpZGVycy9NaWNyb3NvZnQuUmVzb3VyY2VzL2RlcGxveW1lbnRTdGFja3MvcHMyODEyP2FwaS12ZXJzaW9uPTIwMjItMDgtMDEtcHJldmlldw==",
      "RequestMethod": "GET",
      "RequestHeaders": {
        "x-ms-client-request-id": [
          "7e3fe1bd-4929-40a4-b7a7-b7aeed19759f"
        ],
        "Accept-Language": [
          "en-US"
        ],
        "User-Agent": [
          "FxVersion/4.700.22.51102",
          "OSName/Windows",
          "OSVersion/Microsoft.Windows.10.0.22621",
          "Microsoft.Azure.Management.ResourceManager.DeploymentStacksClient/3.17.4.0"
        ]
      },
      "RequestBody": "",
      "ResponseHeaders": {
        "Cache-Control": [
          "no-cache"
        ],
        "Pragma": [
          "no-cache"
        ],
        "x-ms-request-id": [
          "75a0c7fd-d393-457e-9f55-b1b1828dde97"
        ],
        "Server": [
          "Microsoft-HTTPAPI/2.0"
        ],
        "x-ms-ratelimit-remaining-subscription-reads": [
          "11984"
        ],
        "x-ms-correlation-request-id": [
          "512a6887-014d-4bef-9cbf-6bc6c8ec45f4"
        ],
        "x-ms-routing-request-id": [
          "WESTUS:20221213T042305Z:512a6887-014d-4bef-9cbf-6bc6c8ec45f4"
        ],
        "Strict-Transport-Security": [
          "max-age=31536000; includeSubDomains"
        ],
        "X-Content-Type-Options": [
          "nosniff"
        ],
        "Date": [
          "Tue, 13 Dec 2022 04:23:05 GMT"
        ],
        "Content-Length": [
          "1527"
        ],
        "Content-Type": [
          "application/json; charset=utf-8"
        ],
        "Expires": [
          "-1"
        ],
        "Retry-After": [
          "0"
        ]
      },
      "ResponseBody": "{\r\n  \"properties\": {\r\n    \"actionOnUnmanage\": {\r\n      \"resources\": \"detach\",\r\n      \"resourceGroups\": \"detach\",\r\n      \"managementGroups\": \"detach\"\r\n    },\r\n    \"deploymentId\": \"/subscriptions/4ce8c9fe-cadc-47d6-9c76-335812fd59df/resourceGroups/ps817/providers/Microsoft.Resources/deployments/ps2812-2022-12-13-04-23-00-fe84e\",\r\n    \"description\": \"A Stack\",\r\n    \"duration\": \"PT5.570493S\",\r\n    \"denySettings\": {\r\n      \"mode\": \"none\",\r\n      \"applyToChildScopes\": false\r\n    },\r\n    \"parameters\": {\r\n      \"templateSpecName\": {\r\n        \"value\": \"StacksScenarioTestSpec\"\r\n      }\r\n    },\r\n    \"resources\": [\r\n      {\r\n        \"status\": \"managed\",\r\n        \"denyStatus\": \"none\",\r\n        \"id\": \"/subscriptions/4ce8c9fe-cadc-47d6-9c76-335812fd59df/resourceGroups/ps817/providers/Microsoft.Resources/templateSpecs/StacksScenarioTestSpec\"\r\n      }\r\n    ],\r\n    \"provisioningState\": \"succeeded\",\r\n    \"detachedResources\": [],\r\n    \"deletedResources\": [],\r\n    \"failedResources\": []\r\n  },\r\n  \"systemData\": {\r\n    \"createdBy\": \"546094f3-32fa-493c-824c-bd9575b0d2fe\",\r\n    \"createdByType\": \"Application\",\r\n    \"createdAt\": \"2022-12-13T04:22:52.2434469Z\",\r\n    \"lastModifiedBy\": \"546094f3-32fa-493c-824c-bd9575b0d2fe\",\r\n    \"lastModifiedByType\": \"Application\",\r\n    \"lastModifiedAt\": \"2022-12-13T04:22:59.8992548Z\"\r\n  },\r\n  \"id\": \"/subscriptions/4ce8c9fe-cadc-47d6-9c76-335812fd59df/resourceGroups/ps817/providers/Microsoft.Resources/deploymentStacks/ps2812\",\r\n  \"type\": \"Microsoft.Resources/deploymentStacks\",\r\n  \"name\": \"ps2812\"\r\n}",
      "StatusCode": 200
    },
    {
      "RequestUri": "/subscriptions/4ce8c9fe-cadc-47d6-9c76-335812fd59df/resourceGroups/ps817/providers/Microsoft.Resources/deploymentStacks/ps2812?api-version=2022-08-01-preview",
      "EncodedRequestUri": "L3N1YnNjcmlwdGlvbnMvNGNlOGM5ZmUtY2FkYy00N2Q2LTljNzYtMzM1ODEyZmQ1OWRmL3Jlc291cmNlR3JvdXBzL3BzODE3L3Byb3ZpZGVycy9NaWNyb3NvZnQuUmVzb3VyY2VzL2RlcGxveW1lbnRTdGFja3MvcHMyODEyP2FwaS12ZXJzaW9uPTIwMjItMDgtMDEtcHJldmlldw==",
      "RequestMethod": "GET",
      "RequestHeaders": {
        "x-ms-client-request-id": [
          "7b111312-9e30-4759-9a64-cee2c0f4b286"
        ],
        "Accept-Language": [
          "en-US"
        ],
        "User-Agent": [
          "FxVersion/4.700.22.51102",
          "OSName/Windows",
          "OSVersion/Microsoft.Windows.10.0.22621",
          "Microsoft.Azure.Management.ResourceManager.DeploymentStacksClient/3.17.4.0"
        ]
      },
      "RequestBody": "",
      "ResponseHeaders": {
        "Cache-Control": [
          "no-cache"
        ],
        "Pragma": [
          "no-cache"
        ],
        "x-ms-request-id": [
          "21e87dd6-b3b3-45f3-8969-cdc166e21745"
        ],
        "Server": [
          "Microsoft-HTTPAPI/2.0"
        ],
        "x-ms-ratelimit-remaining-subscription-reads": [
          "11999"
        ],
        "x-ms-correlation-request-id": [
          "f274e5f5-6e5c-40ba-bc0b-a2e63e221c0d"
        ],
        "x-ms-routing-request-id": [
          "WESTUS:20221213T042306Z:f274e5f5-6e5c-40ba-bc0b-a2e63e221c0d"
        ],
        "Strict-Transport-Security": [
          "max-age=31536000; includeSubDomains"
        ],
        "X-Content-Type-Options": [
          "nosniff"
        ],
        "Date": [
          "Tue, 13 Dec 2022 04:23:06 GMT"
        ],
        "Content-Length": [
          "1084"
        ],
        "Content-Type": [
          "application/json; charset=utf-8"
        ],
        "Expires": [
          "-1"
        ],
        "Retry-After": [
          "0"
        ]
      },
      "ResponseBody": "{\r\n  \"properties\": {\r\n    \"actionOnUnmanage\": {\r\n      \"resources\": \"detach\",\r\n      \"resourceGroups\": \"detach\",\r\n      \"managementGroups\": \"detach\"\r\n    },\r\n    \"description\": \"A Stack\",\r\n    \"denySettings\": {\r\n      \"mode\": \"none\",\r\n      \"applyToChildScopes\": false\r\n    },\r\n    \"parameters\": {\r\n      \"templateSpecName\": {\r\n        \"value\": \"StacksScenarioTestSpec\"\r\n      }\r\n    },\r\n    \"resources\": [],\r\n    \"provisioningState\": \"initializing\",\r\n    \"detachedResources\": [],\r\n    \"deletedResources\": [],\r\n    \"failedResources\": []\r\n  },\r\n  \"systemData\": {\r\n    \"createdBy\": \"546094f3-32fa-493c-824c-bd9575b0d2fe\",\r\n    \"createdByType\": \"Application\",\r\n    \"createdAt\": \"2022-12-13T04:22:52.2434469Z\",\r\n    \"lastModifiedBy\": \"546094f3-32fa-493c-824c-bd9575b0d2fe\",\r\n    \"lastModifiedByType\": \"Application\",\r\n    \"lastModifiedAt\": \"2022-12-13T04:23:06.0328541Z\"\r\n  },\r\n  \"id\": \"/subscriptions/4ce8c9fe-cadc-47d6-9c76-335812fd59df/resourceGroups/ps817/providers/Microsoft.Resources/deploymentStacks/ps2812\",\r\n  \"type\": \"Microsoft.Resources/deploymentStacks\",\r\n  \"name\": \"ps2812\"\r\n}",
      "StatusCode": 200
    },
    {
      "RequestUri": "/subscriptions/4ce8c9fe-cadc-47d6-9c76-335812fd59df/resourceGroups/ps817/providers/Microsoft.Resources/deploymentStacks/ps2812?api-version=2022-08-01-preview",
      "EncodedRequestUri": "L3N1YnNjcmlwdGlvbnMvNGNlOGM5ZmUtY2FkYy00N2Q2LTljNzYtMzM1ODEyZmQ1OWRmL3Jlc291cmNlR3JvdXBzL3BzODE3L3Byb3ZpZGVycy9NaWNyb3NvZnQuUmVzb3VyY2VzL2RlcGxveW1lbnRTdGFja3MvcHMyODEyP2FwaS12ZXJzaW9uPTIwMjItMDgtMDEtcHJldmlldw==",
      "RequestMethod": "GET",
      "RequestHeaders": {
        "x-ms-client-request-id": [
          "7b111312-9e30-4759-9a64-cee2c0f4b286"
        ],
        "Accept-Language": [
          "en-US"
        ],
        "User-Agent": [
          "FxVersion/4.700.22.51102",
          "OSName/Windows",
          "OSVersion/Microsoft.Windows.10.0.22621",
          "Microsoft.Azure.Management.ResourceManager.DeploymentStacksClient/3.17.4.0"
        ]
      },
      "RequestBody": "",
      "ResponseHeaders": {
        "Cache-Control": [
          "no-cache"
        ],
        "Pragma": [
          "no-cache"
        ],
        "x-ms-request-id": [
          "ddb68fd4-524a-4b94-b3e5-ad2406eb541c"
        ],
        "Server": [
          "Microsoft-HTTPAPI/2.0"
        ],
        "x-ms-ratelimit-remaining-subscription-reads": [
          "11998"
        ],
        "x-ms-correlation-request-id": [
          "7cda4f39-1573-4a85-91b9-714d4c921444"
        ],
        "x-ms-routing-request-id": [
          "WESTUS:20221213T042307Z:7cda4f39-1573-4a85-91b9-714d4c921444"
        ],
        "Strict-Transport-Security": [
          "max-age=31536000; includeSubDomains"
        ],
        "X-Content-Type-Options": [
          "nosniff"
        ],
        "Date": [
          "Tue, 13 Dec 2022 04:23:06 GMT"
        ],
        "Content-Length": [
          "1084"
        ],
        "Content-Type": [
          "application/json; charset=utf-8"
        ],
        "Expires": [
          "-1"
        ],
        "Retry-After": [
          "0"
        ]
      },
      "ResponseBody": "{\r\n  \"properties\": {\r\n    \"actionOnUnmanage\": {\r\n      \"resources\": \"detach\",\r\n      \"resourceGroups\": \"detach\",\r\n      \"managementGroups\": \"detach\"\r\n    },\r\n    \"description\": \"A Stack\",\r\n    \"denySettings\": {\r\n      \"mode\": \"none\",\r\n      \"applyToChildScopes\": false\r\n    },\r\n    \"parameters\": {\r\n      \"templateSpecName\": {\r\n        \"value\": \"StacksScenarioTestSpec\"\r\n      }\r\n    },\r\n    \"resources\": [],\r\n    \"provisioningState\": \"initializing\",\r\n    \"detachedResources\": [],\r\n    \"deletedResources\": [],\r\n    \"failedResources\": []\r\n  },\r\n  \"systemData\": {\r\n    \"createdBy\": \"546094f3-32fa-493c-824c-bd9575b0d2fe\",\r\n    \"createdByType\": \"Application\",\r\n    \"createdAt\": \"2022-12-13T04:22:52.2434469Z\",\r\n    \"lastModifiedBy\": \"546094f3-32fa-493c-824c-bd9575b0d2fe\",\r\n    \"lastModifiedByType\": \"Application\",\r\n    \"lastModifiedAt\": \"2022-12-13T04:23:06.0328541Z\"\r\n  },\r\n  \"id\": \"/subscriptions/4ce8c9fe-cadc-47d6-9c76-335812fd59df/resourceGroups/ps817/providers/Microsoft.Resources/deploymentStacks/ps2812\",\r\n  \"type\": \"Microsoft.Resources/deploymentStacks\",\r\n  \"name\": \"ps2812\"\r\n}",
      "StatusCode": 200
    },
    {
      "RequestUri": "/subscriptions/4ce8c9fe-cadc-47d6-9c76-335812fd59df/resourceGroups/ps817/providers/Microsoft.Resources/deploymentStacks/ps2812?api-version=2022-08-01-preview",
      "EncodedRequestUri": "L3N1YnNjcmlwdGlvbnMvNGNlOGM5ZmUtY2FkYy00N2Q2LTljNzYtMzM1ODEyZmQ1OWRmL3Jlc291cmNlR3JvdXBzL3BzODE3L3Byb3ZpZGVycy9NaWNyb3NvZnQuUmVzb3VyY2VzL2RlcGxveW1lbnRTdGFja3MvcHMyODEyP2FwaS12ZXJzaW9uPTIwMjItMDgtMDEtcHJldmlldw==",
      "RequestMethod": "GET",
      "RequestHeaders": {
        "x-ms-client-request-id": [
          "7b111312-9e30-4759-9a64-cee2c0f4b286"
        ],
        "Accept-Language": [
          "en-US"
        ],
        "User-Agent": [
          "FxVersion/4.700.22.51102",
          "OSName/Windows",
          "OSVersion/Microsoft.Windows.10.0.22621",
          "Microsoft.Azure.Management.ResourceManager.DeploymentStacksClient/3.17.4.0"
        ]
      },
      "RequestBody": "",
      "ResponseHeaders": {
        "Cache-Control": [
          "no-cache"
        ],
        "Pragma": [
          "no-cache"
        ],
        "x-ms-request-id": [
          "dff0804d-8ac3-47f1-8fd9-7b4afa7ddd63"
        ],
        "Server": [
          "Microsoft-HTTPAPI/2.0"
        ],
        "x-ms-ratelimit-remaining-subscription-reads": [
          "11997"
        ],
        "x-ms-correlation-request-id": [
          "a0656ea7-0dd7-4ef4-8cd9-34668780fcd5"
        ],
        "x-ms-routing-request-id": [
          "WESTUS:20221213T042307Z:a0656ea7-0dd7-4ef4-8cd9-34668780fcd5"
        ],
        "Strict-Transport-Security": [
          "max-age=31536000; includeSubDomains"
        ],
        "X-Content-Type-Options": [
          "nosniff"
        ],
        "Date": [
          "Tue, 13 Dec 2022 04:23:07 GMT"
        ],
        "Content-Length": [
          "1253"
        ],
        "Content-Type": [
          "application/json; charset=utf-8"
        ],
        "Expires": [
          "-1"
        ],
        "Retry-After": [
          "0"
        ]
      },
      "ResponseBody": "{\r\n  \"properties\": {\r\n    \"actionOnUnmanage\": {\r\n      \"resources\": \"detach\",\r\n      \"resourceGroups\": \"detach\",\r\n      \"managementGroups\": \"detach\"\r\n    },\r\n    \"deploymentId\": \"/subscriptions/4ce8c9fe-cadc-47d6-9c76-335812fd59df/resourceGroups/ps817/providers/Microsoft.Resources/deployments/ps2812-2022-12-13-04-23-06-582f0\",\r\n    \"description\": \"A Stack\",\r\n    \"denySettings\": {\r\n      \"mode\": \"none\",\r\n      \"applyToChildScopes\": false\r\n    },\r\n    \"parameters\": {\r\n      \"templateSpecName\": {\r\n        \"value\": \"StacksScenarioTestSpec\"\r\n      }\r\n    },\r\n    \"resources\": [],\r\n    \"provisioningState\": \"deploying\",\r\n    \"detachedResources\": [],\r\n    \"deletedResources\": [],\r\n    \"failedResources\": []\r\n  },\r\n  \"systemData\": {\r\n    \"createdBy\": \"546094f3-32fa-493c-824c-bd9575b0d2fe\",\r\n    \"createdByType\": \"Application\",\r\n    \"createdAt\": \"2022-12-13T04:22:52.2434469Z\",\r\n    \"lastModifiedBy\": \"546094f3-32fa-493c-824c-bd9575b0d2fe\",\r\n    \"lastModifiedByType\": \"Application\",\r\n    \"lastModifiedAt\": \"2022-12-13T04:23:06.0328541Z\"\r\n  },\r\n  \"id\": \"/subscriptions/4ce8c9fe-cadc-47d6-9c76-335812fd59df/resourceGroups/ps817/providers/Microsoft.Resources/deploymentStacks/ps2812\",\r\n  \"type\": \"Microsoft.Resources/deploymentStacks\",\r\n  \"name\": \"ps2812\"\r\n}",
      "StatusCode": 200
    },
    {
      "RequestUri": "/subscriptions/4ce8c9fe-cadc-47d6-9c76-335812fd59df/resourceGroups/ps817/providers/Microsoft.Resources/deploymentStacks/ps2812?api-version=2022-08-01-preview",
      "EncodedRequestUri": "L3N1YnNjcmlwdGlvbnMvNGNlOGM5ZmUtY2FkYy00N2Q2LTljNzYtMzM1ODEyZmQ1OWRmL3Jlc291cmNlR3JvdXBzL3BzODE3L3Byb3ZpZGVycy9NaWNyb3NvZnQuUmVzb3VyY2VzL2RlcGxveW1lbnRTdGFja3MvcHMyODEyP2FwaS12ZXJzaW9uPTIwMjItMDgtMDEtcHJldmlldw==",
      "RequestMethod": "GET",
      "RequestHeaders": {
        "x-ms-client-request-id": [
          "7b111312-9e30-4759-9a64-cee2c0f4b286"
        ],
        "Accept-Language": [
          "en-US"
        ],
        "User-Agent": [
          "FxVersion/4.700.22.51102",
          "OSName/Windows",
          "OSVersion/Microsoft.Windows.10.0.22621",
          "Microsoft.Azure.Management.ResourceManager.DeploymentStacksClient/3.17.4.0"
        ]
      },
      "RequestBody": "",
      "ResponseHeaders": {
        "Cache-Control": [
          "no-cache"
        ],
        "Pragma": [
          "no-cache"
        ],
        "x-ms-request-id": [
          "eb95e64e-f6f3-4546-81dc-11c6511db175"
        ],
        "Server": [
          "Microsoft-HTTPAPI/2.0"
        ],
        "x-ms-ratelimit-remaining-subscription-reads": [
          "11996"
        ],
        "x-ms-correlation-request-id": [
          "7b4ac4f8-c9b9-4e6f-9386-590fd5f0b53c"
        ],
        "x-ms-routing-request-id": [
          "WESTUS:20221213T042307Z:7b4ac4f8-c9b9-4e6f-9386-590fd5f0b53c"
        ],
        "Strict-Transport-Security": [
          "max-age=31536000; includeSubDomains"
        ],
        "X-Content-Type-Options": [
          "nosniff"
        ],
        "Date": [
          "Tue, 13 Dec 2022 04:23:07 GMT"
        ],
        "Content-Length": [
          "1253"
        ],
        "Content-Type": [
          "application/json; charset=utf-8"
        ],
        "Expires": [
          "-1"
        ],
        "Retry-After": [
          "0"
        ]
      },
      "ResponseBody": "{\r\n  \"properties\": {\r\n    \"actionOnUnmanage\": {\r\n      \"resources\": \"detach\",\r\n      \"resourceGroups\": \"detach\",\r\n      \"managementGroups\": \"detach\"\r\n    },\r\n    \"deploymentId\": \"/subscriptions/4ce8c9fe-cadc-47d6-9c76-335812fd59df/resourceGroups/ps817/providers/Microsoft.Resources/deployments/ps2812-2022-12-13-04-23-06-582f0\",\r\n    \"description\": \"A Stack\",\r\n    \"denySettings\": {\r\n      \"mode\": \"none\",\r\n      \"applyToChildScopes\": false\r\n    },\r\n    \"parameters\": {\r\n      \"templateSpecName\": {\r\n        \"value\": \"StacksScenarioTestSpec\"\r\n      }\r\n    },\r\n    \"resources\": [],\r\n    \"provisioningState\": \"deploying\",\r\n    \"detachedResources\": [],\r\n    \"deletedResources\": [],\r\n    \"failedResources\": []\r\n  },\r\n  \"systemData\": {\r\n    \"createdBy\": \"546094f3-32fa-493c-824c-bd9575b0d2fe\",\r\n    \"createdByType\": \"Application\",\r\n    \"createdAt\": \"2022-12-13T04:22:52.2434469Z\",\r\n    \"lastModifiedBy\": \"546094f3-32fa-493c-824c-bd9575b0d2fe\",\r\n    \"lastModifiedByType\": \"Application\",\r\n    \"lastModifiedAt\": \"2022-12-13T04:23:06.0328541Z\"\r\n  },\r\n  \"id\": \"/subscriptions/4ce8c9fe-cadc-47d6-9c76-335812fd59df/resourceGroups/ps817/providers/Microsoft.Resources/deploymentStacks/ps2812\",\r\n  \"type\": \"Microsoft.Resources/deploymentStacks\",\r\n  \"name\": \"ps2812\"\r\n}",
      "StatusCode": 200
    },
    {
      "RequestUri": "/subscriptions/4ce8c9fe-cadc-47d6-9c76-335812fd59df/resourceGroups/ps817/providers/Microsoft.Resources/deploymentStacks/ps2812?api-version=2022-08-01-preview",
      "EncodedRequestUri": "L3N1YnNjcmlwdGlvbnMvNGNlOGM5ZmUtY2FkYy00N2Q2LTljNzYtMzM1ODEyZmQ1OWRmL3Jlc291cmNlR3JvdXBzL3BzODE3L3Byb3ZpZGVycy9NaWNyb3NvZnQuUmVzb3VyY2VzL2RlcGxveW1lbnRTdGFja3MvcHMyODEyP2FwaS12ZXJzaW9uPTIwMjItMDgtMDEtcHJldmlldw==",
      "RequestMethod": "GET",
      "RequestHeaders": {
        "x-ms-client-request-id": [
          "7b111312-9e30-4759-9a64-cee2c0f4b286"
        ],
        "Accept-Language": [
          "en-US"
        ],
        "User-Agent": [
          "FxVersion/4.700.22.51102",
          "OSName/Windows",
          "OSVersion/Microsoft.Windows.10.0.22621",
          "Microsoft.Azure.Management.ResourceManager.DeploymentStacksClient/3.17.4.0"
        ]
      },
      "RequestBody": "",
      "ResponseHeaders": {
        "Cache-Control": [
          "no-cache"
        ],
        "Pragma": [
          "no-cache"
        ],
        "x-ms-request-id": [
          "9f249ebe-2f1a-40df-9174-6af40f8c32e0"
        ],
        "Server": [
          "Microsoft-HTTPAPI/2.0"
        ],
        "x-ms-ratelimit-remaining-subscription-reads": [
          "11995"
        ],
        "x-ms-correlation-request-id": [
          "dc43f215-3e6e-4275-9a10-13e310e58d73"
        ],
        "x-ms-routing-request-id": [
          "WESTUS:20221213T042308Z:dc43f215-3e6e-4275-9a10-13e310e58d73"
        ],
        "Strict-Transport-Security": [
          "max-age=31536000; includeSubDomains"
        ],
        "X-Content-Type-Options": [
          "nosniff"
        ],
        "Date": [
          "Tue, 13 Dec 2022 04:23:08 GMT"
        ],
        "Content-Length": [
          "1253"
        ],
        "Content-Type": [
          "application/json; charset=utf-8"
        ],
        "Expires": [
          "-1"
        ],
        "Retry-After": [
          "0"
        ]
      },
      "ResponseBody": "{\r\n  \"properties\": {\r\n    \"actionOnUnmanage\": {\r\n      \"resources\": \"detach\",\r\n      \"resourceGroups\": \"detach\",\r\n      \"managementGroups\": \"detach\"\r\n    },\r\n    \"deploymentId\": \"/subscriptions/4ce8c9fe-cadc-47d6-9c76-335812fd59df/resourceGroups/ps817/providers/Microsoft.Resources/deployments/ps2812-2022-12-13-04-23-06-582f0\",\r\n    \"description\": \"A Stack\",\r\n    \"denySettings\": {\r\n      \"mode\": \"none\",\r\n      \"applyToChildScopes\": false\r\n    },\r\n    \"parameters\": {\r\n      \"templateSpecName\": {\r\n        \"value\": \"StacksScenarioTestSpec\"\r\n      }\r\n    },\r\n    \"resources\": [],\r\n    \"provisioningState\": \"deploying\",\r\n    \"detachedResources\": [],\r\n    \"deletedResources\": [],\r\n    \"failedResources\": []\r\n  },\r\n  \"systemData\": {\r\n    \"createdBy\": \"546094f3-32fa-493c-824c-bd9575b0d2fe\",\r\n    \"createdByType\": \"Application\",\r\n    \"createdAt\": \"2022-12-13T04:22:52.2434469Z\",\r\n    \"lastModifiedBy\": \"546094f3-32fa-493c-824c-bd9575b0d2fe\",\r\n    \"lastModifiedByType\": \"Application\",\r\n    \"lastModifiedAt\": \"2022-12-13T04:23:06.0328541Z\"\r\n  },\r\n  \"id\": \"/subscriptions/4ce8c9fe-cadc-47d6-9c76-335812fd59df/resourceGroups/ps817/providers/Microsoft.Resources/deploymentStacks/ps2812\",\r\n  \"type\": \"Microsoft.Resources/deploymentStacks\",\r\n  \"name\": \"ps2812\"\r\n}",
      "StatusCode": 200
    },
    {
      "RequestUri": "/subscriptions/4ce8c9fe-cadc-47d6-9c76-335812fd59df/resourceGroups/ps817/providers/Microsoft.Resources/deploymentStacks/ps2812?api-version=2022-08-01-preview",
      "EncodedRequestUri": "L3N1YnNjcmlwdGlvbnMvNGNlOGM5ZmUtY2FkYy00N2Q2LTljNzYtMzM1ODEyZmQ1OWRmL3Jlc291cmNlR3JvdXBzL3BzODE3L3Byb3ZpZGVycy9NaWNyb3NvZnQuUmVzb3VyY2VzL2RlcGxveW1lbnRTdGFja3MvcHMyODEyP2FwaS12ZXJzaW9uPTIwMjItMDgtMDEtcHJldmlldw==",
      "RequestMethod": "GET",
      "RequestHeaders": {
        "x-ms-client-request-id": [
          "7b111312-9e30-4759-9a64-cee2c0f4b286"
        ],
        "Accept-Language": [
          "en-US"
        ],
        "User-Agent": [
          "FxVersion/4.700.22.51102",
          "OSName/Windows",
          "OSVersion/Microsoft.Windows.10.0.22621",
          "Microsoft.Azure.Management.ResourceManager.DeploymentStacksClient/3.17.4.0"
        ]
      },
      "RequestBody": "",
      "ResponseHeaders": {
        "Cache-Control": [
          "no-cache"
        ],
        "Pragma": [
          "no-cache"
        ],
        "x-ms-request-id": [
          "9068536c-cf57-4d34-b966-4636f9aa7357"
        ],
        "Server": [
          "Microsoft-HTTPAPI/2.0"
        ],
        "x-ms-ratelimit-remaining-subscription-reads": [
          "11994"
        ],
        "x-ms-correlation-request-id": [
          "097dc9f1-442c-4d1a-a47e-9587269e94c6"
        ],
        "x-ms-routing-request-id": [
          "WESTUS:20221213T042308Z:097dc9f1-442c-4d1a-a47e-9587269e94c6"
        ],
        "Strict-Transport-Security": [
          "max-age=31536000; includeSubDomains"
        ],
        "X-Content-Type-Options": [
          "nosniff"
        ],
        "Date": [
          "Tue, 13 Dec 2022 04:23:08 GMT"
        ],
        "Content-Length": [
          "1253"
        ],
        "Content-Type": [
          "application/json; charset=utf-8"
        ],
        "Expires": [
          "-1"
        ],
        "Retry-After": [
          "0"
        ]
      },
      "ResponseBody": "{\r\n  \"properties\": {\r\n    \"actionOnUnmanage\": {\r\n      \"resources\": \"detach\",\r\n      \"resourceGroups\": \"detach\",\r\n      \"managementGroups\": \"detach\"\r\n    },\r\n    \"deploymentId\": \"/subscriptions/4ce8c9fe-cadc-47d6-9c76-335812fd59df/resourceGroups/ps817/providers/Microsoft.Resources/deployments/ps2812-2022-12-13-04-23-06-582f0\",\r\n    \"description\": \"A Stack\",\r\n    \"denySettings\": {\r\n      \"mode\": \"none\",\r\n      \"applyToChildScopes\": false\r\n    },\r\n    \"parameters\": {\r\n      \"templateSpecName\": {\r\n        \"value\": \"StacksScenarioTestSpec\"\r\n      }\r\n    },\r\n    \"resources\": [],\r\n    \"provisioningState\": \"deploying\",\r\n    \"detachedResources\": [],\r\n    \"deletedResources\": [],\r\n    \"failedResources\": []\r\n  },\r\n  \"systemData\": {\r\n    \"createdBy\": \"546094f3-32fa-493c-824c-bd9575b0d2fe\",\r\n    \"createdByType\": \"Application\",\r\n    \"createdAt\": \"2022-12-13T04:22:52.2434469Z\",\r\n    \"lastModifiedBy\": \"546094f3-32fa-493c-824c-bd9575b0d2fe\",\r\n    \"lastModifiedByType\": \"Application\",\r\n    \"lastModifiedAt\": \"2022-12-13T04:23:06.0328541Z\"\r\n  },\r\n  \"id\": \"/subscriptions/4ce8c9fe-cadc-47d6-9c76-335812fd59df/resourceGroups/ps817/providers/Microsoft.Resources/deploymentStacks/ps2812\",\r\n  \"type\": \"Microsoft.Resources/deploymentStacks\",\r\n  \"name\": \"ps2812\"\r\n}",
      "StatusCode": 200
    },
    {
      "RequestUri": "/subscriptions/4ce8c9fe-cadc-47d6-9c76-335812fd59df/resourceGroups/ps817/providers/Microsoft.Resources/deploymentStacks/ps2812?api-version=2022-08-01-preview",
      "EncodedRequestUri": "L3N1YnNjcmlwdGlvbnMvNGNlOGM5ZmUtY2FkYy00N2Q2LTljNzYtMzM1ODEyZmQ1OWRmL3Jlc291cmNlR3JvdXBzL3BzODE3L3Byb3ZpZGVycy9NaWNyb3NvZnQuUmVzb3VyY2VzL2RlcGxveW1lbnRTdGFja3MvcHMyODEyP2FwaS12ZXJzaW9uPTIwMjItMDgtMDEtcHJldmlldw==",
      "RequestMethod": "GET",
      "RequestHeaders": {
        "x-ms-client-request-id": [
          "7b111312-9e30-4759-9a64-cee2c0f4b286"
        ],
        "Accept-Language": [
          "en-US"
        ],
        "User-Agent": [
          "FxVersion/4.700.22.51102",
          "OSName/Windows",
          "OSVersion/Microsoft.Windows.10.0.22621",
          "Microsoft.Azure.Management.ResourceManager.DeploymentStacksClient/3.17.4.0"
        ]
      },
      "RequestBody": "",
      "ResponseHeaders": {
        "Cache-Control": [
          "no-cache"
        ],
        "Pragma": [
          "no-cache"
        ],
        "x-ms-request-id": [
          "0bac5d07-fd1a-4100-a811-c2b793fe5319"
        ],
        "Server": [
          "Microsoft-HTTPAPI/2.0"
        ],
        "x-ms-ratelimit-remaining-subscription-reads": [
          "11993"
        ],
        "x-ms-correlation-request-id": [
          "5a22508f-8694-4801-b92c-63858c3ae0cf"
        ],
        "x-ms-routing-request-id": [
          "WESTUS:20221213T042309Z:5a22508f-8694-4801-b92c-63858c3ae0cf"
        ],
        "Strict-Transport-Security": [
          "max-age=31536000; includeSubDomains"
        ],
        "X-Content-Type-Options": [
          "nosniff"
        ],
        "Date": [
          "Tue, 13 Dec 2022 04:23:09 GMT"
        ],
        "Content-Length": [
          "1253"
        ],
        "Content-Type": [
          "application/json; charset=utf-8"
        ],
        "Expires": [
          "-1"
        ],
        "Retry-After": [
          "0"
        ]
      },
      "ResponseBody": "{\r\n  \"properties\": {\r\n    \"actionOnUnmanage\": {\r\n      \"resources\": \"detach\",\r\n      \"resourceGroups\": \"detach\",\r\n      \"managementGroups\": \"detach\"\r\n    },\r\n    \"deploymentId\": \"/subscriptions/4ce8c9fe-cadc-47d6-9c76-335812fd59df/resourceGroups/ps817/providers/Microsoft.Resources/deployments/ps2812-2022-12-13-04-23-06-582f0\",\r\n    \"description\": \"A Stack\",\r\n    \"denySettings\": {\r\n      \"mode\": \"none\",\r\n      \"applyToChildScopes\": false\r\n    },\r\n    \"parameters\": {\r\n      \"templateSpecName\": {\r\n        \"value\": \"StacksScenarioTestSpec\"\r\n      }\r\n    },\r\n    \"resources\": [],\r\n    \"provisioningState\": \"deploying\",\r\n    \"detachedResources\": [],\r\n    \"deletedResources\": [],\r\n    \"failedResources\": []\r\n  },\r\n  \"systemData\": {\r\n    \"createdBy\": \"546094f3-32fa-493c-824c-bd9575b0d2fe\",\r\n    \"createdByType\": \"Application\",\r\n    \"createdAt\": \"2022-12-13T04:22:52.2434469Z\",\r\n    \"lastModifiedBy\": \"546094f3-32fa-493c-824c-bd9575b0d2fe\",\r\n    \"lastModifiedByType\": \"Application\",\r\n    \"lastModifiedAt\": \"2022-12-13T04:23:06.0328541Z\"\r\n  },\r\n  \"id\": \"/subscriptions/4ce8c9fe-cadc-47d6-9c76-335812fd59df/resourceGroups/ps817/providers/Microsoft.Resources/deploymentStacks/ps2812\",\r\n  \"type\": \"Microsoft.Resources/deploymentStacks\",\r\n  \"name\": \"ps2812\"\r\n}",
      "StatusCode": 200
    },
    {
      "RequestUri": "/subscriptions/4ce8c9fe-cadc-47d6-9c76-335812fd59df/resourceGroups/ps817/providers/Microsoft.Resources/deploymentStacks/ps2812?api-version=2022-08-01-preview",
      "EncodedRequestUri": "L3N1YnNjcmlwdGlvbnMvNGNlOGM5ZmUtY2FkYy00N2Q2LTljNzYtMzM1ODEyZmQ1OWRmL3Jlc291cmNlR3JvdXBzL3BzODE3L3Byb3ZpZGVycy9NaWNyb3NvZnQuUmVzb3VyY2VzL2RlcGxveW1lbnRTdGFja3MvcHMyODEyP2FwaS12ZXJzaW9uPTIwMjItMDgtMDEtcHJldmlldw==",
      "RequestMethod": "GET",
      "RequestHeaders": {
        "x-ms-client-request-id": [
          "7b111312-9e30-4759-9a64-cee2c0f4b286"
        ],
        "Accept-Language": [
          "en-US"
        ],
        "User-Agent": [
          "FxVersion/4.700.22.51102",
          "OSName/Windows",
          "OSVersion/Microsoft.Windows.10.0.22621",
          "Microsoft.Azure.Management.ResourceManager.DeploymentStacksClient/3.17.4.0"
        ]
      },
      "RequestBody": "",
      "ResponseHeaders": {
        "Cache-Control": [
          "no-cache"
        ],
        "Pragma": [
          "no-cache"
        ],
        "x-ms-request-id": [
          "a29a085b-3734-4e9b-ae0a-178a75c50483"
        ],
        "Server": [
          "Microsoft-HTTPAPI/2.0"
        ],
        "x-ms-ratelimit-remaining-subscription-reads": [
          "11992"
        ],
        "x-ms-correlation-request-id": [
          "e81ef1cf-f99e-48db-9de5-e0cb0fbf2124"
        ],
        "x-ms-routing-request-id": [
          "WESTUS:20221213T042309Z:e81ef1cf-f99e-48db-9de5-e0cb0fbf2124"
        ],
        "Strict-Transport-Security": [
          "max-age=31536000; includeSubDomains"
        ],
        "X-Content-Type-Options": [
          "nosniff"
        ],
        "Date": [
          "Tue, 13 Dec 2022 04:23:09 GMT"
        ],
        "Content-Length": [
          "1253"
        ],
        "Content-Type": [
          "application/json; charset=utf-8"
        ],
        "Expires": [
          "-1"
        ],
        "Retry-After": [
          "0"
        ]
      },
      "ResponseBody": "{\r\n  \"properties\": {\r\n    \"actionOnUnmanage\": {\r\n      \"resources\": \"detach\",\r\n      \"resourceGroups\": \"detach\",\r\n      \"managementGroups\": \"detach\"\r\n    },\r\n    \"deploymentId\": \"/subscriptions/4ce8c9fe-cadc-47d6-9c76-335812fd59df/resourceGroups/ps817/providers/Microsoft.Resources/deployments/ps2812-2022-12-13-04-23-06-582f0\",\r\n    \"description\": \"A Stack\",\r\n    \"denySettings\": {\r\n      \"mode\": \"none\",\r\n      \"applyToChildScopes\": false\r\n    },\r\n    \"parameters\": {\r\n      \"templateSpecName\": {\r\n        \"value\": \"StacksScenarioTestSpec\"\r\n      }\r\n    },\r\n    \"resources\": [],\r\n    \"provisioningState\": \"deploying\",\r\n    \"detachedResources\": [],\r\n    \"deletedResources\": [],\r\n    \"failedResources\": []\r\n  },\r\n  \"systemData\": {\r\n    \"createdBy\": \"546094f3-32fa-493c-824c-bd9575b0d2fe\",\r\n    \"createdByType\": \"Application\",\r\n    \"createdAt\": \"2022-12-13T04:22:52.2434469Z\",\r\n    \"lastModifiedBy\": \"546094f3-32fa-493c-824c-bd9575b0d2fe\",\r\n    \"lastModifiedByType\": \"Application\",\r\n    \"lastModifiedAt\": \"2022-12-13T04:23:06.0328541Z\"\r\n  },\r\n  \"id\": \"/subscriptions/4ce8c9fe-cadc-47d6-9c76-335812fd59df/resourceGroups/ps817/providers/Microsoft.Resources/deploymentStacks/ps2812\",\r\n  \"type\": \"Microsoft.Resources/deploymentStacks\",\r\n  \"name\": \"ps2812\"\r\n}",
      "StatusCode": 200
    },
    {
      "RequestUri": "/subscriptions/4ce8c9fe-cadc-47d6-9c76-335812fd59df/resourceGroups/ps817/providers/Microsoft.Resources/deploymentStacks/ps2812?api-version=2022-08-01-preview",
      "EncodedRequestUri": "L3N1YnNjcmlwdGlvbnMvNGNlOGM5ZmUtY2FkYy00N2Q2LTljNzYtMzM1ODEyZmQ1OWRmL3Jlc291cmNlR3JvdXBzL3BzODE3L3Byb3ZpZGVycy9NaWNyb3NvZnQuUmVzb3VyY2VzL2RlcGxveW1lbnRTdGFja3MvcHMyODEyP2FwaS12ZXJzaW9uPTIwMjItMDgtMDEtcHJldmlldw==",
      "RequestMethod": "GET",
      "RequestHeaders": {
        "x-ms-client-request-id": [
          "7b111312-9e30-4759-9a64-cee2c0f4b286"
        ],
        "Accept-Language": [
          "en-US"
        ],
        "User-Agent": [
          "FxVersion/4.700.22.51102",
          "OSName/Windows",
          "OSVersion/Microsoft.Windows.10.0.22621",
          "Microsoft.Azure.Management.ResourceManager.DeploymentStacksClient/3.17.4.0"
        ]
      },
      "RequestBody": "",
      "ResponseHeaders": {
        "Cache-Control": [
          "no-cache"
        ],
        "Pragma": [
          "no-cache"
        ],
        "x-ms-request-id": [
          "c8a5b321-3bb9-4493-95d4-506743be1c4e"
        ],
        "Server": [
          "Microsoft-HTTPAPI/2.0"
        ],
        "x-ms-ratelimit-remaining-subscription-reads": [
          "11991"
        ],
        "x-ms-correlation-request-id": [
          "0bf4835b-4e8b-4905-96af-beb1fa4ccdea"
        ],
        "x-ms-routing-request-id": [
          "WESTUS:20221213T042309Z:0bf4835b-4e8b-4905-96af-beb1fa4ccdea"
        ],
        "Strict-Transport-Security": [
          "max-age=31536000; includeSubDomains"
        ],
        "X-Content-Type-Options": [
          "nosniff"
        ],
        "Date": [
          "Tue, 13 Dec 2022 04:23:09 GMT"
        ],
        "Content-Length": [
          "1253"
        ],
        "Content-Type": [
          "application/json; charset=utf-8"
        ],
        "Expires": [
          "-1"
        ],
        "Retry-After": [
          "0"
        ]
      },
      "ResponseBody": "{\r\n  \"properties\": {\r\n    \"actionOnUnmanage\": {\r\n      \"resources\": \"detach\",\r\n      \"resourceGroups\": \"detach\",\r\n      \"managementGroups\": \"detach\"\r\n    },\r\n    \"deploymentId\": \"/subscriptions/4ce8c9fe-cadc-47d6-9c76-335812fd59df/resourceGroups/ps817/providers/Microsoft.Resources/deployments/ps2812-2022-12-13-04-23-06-582f0\",\r\n    \"description\": \"A Stack\",\r\n    \"denySettings\": {\r\n      \"mode\": \"none\",\r\n      \"applyToChildScopes\": false\r\n    },\r\n    \"parameters\": {\r\n      \"templateSpecName\": {\r\n        \"value\": \"StacksScenarioTestSpec\"\r\n      }\r\n    },\r\n    \"resources\": [],\r\n    \"provisioningState\": \"deploying\",\r\n    \"detachedResources\": [],\r\n    \"deletedResources\": [],\r\n    \"failedResources\": []\r\n  },\r\n  \"systemData\": {\r\n    \"createdBy\": \"546094f3-32fa-493c-824c-bd9575b0d2fe\",\r\n    \"createdByType\": \"Application\",\r\n    \"createdAt\": \"2022-12-13T04:22:52.2434469Z\",\r\n    \"lastModifiedBy\": \"546094f3-32fa-493c-824c-bd9575b0d2fe\",\r\n    \"lastModifiedByType\": \"Application\",\r\n    \"lastModifiedAt\": \"2022-12-13T04:23:06.0328541Z\"\r\n  },\r\n  \"id\": \"/subscriptions/4ce8c9fe-cadc-47d6-9c76-335812fd59df/resourceGroups/ps817/providers/Microsoft.Resources/deploymentStacks/ps2812\",\r\n  \"type\": \"Microsoft.Resources/deploymentStacks\",\r\n  \"name\": \"ps2812\"\r\n}",
      "StatusCode": 200
    },
    {
      "RequestUri": "/subscriptions/4ce8c9fe-cadc-47d6-9c76-335812fd59df/resourceGroups/ps817/providers/Microsoft.Resources/deploymentStacks/ps2812?api-version=2022-08-01-preview",
      "EncodedRequestUri": "L3N1YnNjcmlwdGlvbnMvNGNlOGM5ZmUtY2FkYy00N2Q2LTljNzYtMzM1ODEyZmQ1OWRmL3Jlc291cmNlR3JvdXBzL3BzODE3L3Byb3ZpZGVycy9NaWNyb3NvZnQuUmVzb3VyY2VzL2RlcGxveW1lbnRTdGFja3MvcHMyODEyP2FwaS12ZXJzaW9uPTIwMjItMDgtMDEtcHJldmlldw==",
      "RequestMethod": "GET",
      "RequestHeaders": {
        "x-ms-client-request-id": [
          "7b111312-9e30-4759-9a64-cee2c0f4b286"
        ],
        "Accept-Language": [
          "en-US"
        ],
        "User-Agent": [
          "FxVersion/4.700.22.51102",
          "OSName/Windows",
          "OSVersion/Microsoft.Windows.10.0.22621",
          "Microsoft.Azure.Management.ResourceManager.DeploymentStacksClient/3.17.4.0"
        ]
      },
      "RequestBody": "",
      "ResponseHeaders": {
        "Cache-Control": [
          "no-cache"
        ],
        "Pragma": [
          "no-cache"
        ],
        "x-ms-request-id": [
          "66856d5b-4985-4cd5-888f-2a3ce058af30"
        ],
        "Server": [
          "Microsoft-HTTPAPI/2.0"
        ],
        "x-ms-ratelimit-remaining-subscription-reads": [
          "11990"
        ],
        "x-ms-correlation-request-id": [
          "a9298d04-0b78-410a-a51e-e5f166e6ee77"
        ],
        "x-ms-routing-request-id": [
          "WESTUS:20221213T042310Z:a9298d04-0b78-410a-a51e-e5f166e6ee77"
        ],
        "Strict-Transport-Security": [
          "max-age=31536000; includeSubDomains"
        ],
        "X-Content-Type-Options": [
          "nosniff"
        ],
        "Date": [
          "Tue, 13 Dec 2022 04:23:10 GMT"
        ],
        "Content-Length": [
          "1253"
        ],
        "Content-Type": [
          "application/json; charset=utf-8"
        ],
        "Expires": [
          "-1"
        ],
        "Retry-After": [
          "0"
        ]
      },
      "ResponseBody": "{\r\n  \"properties\": {\r\n    \"actionOnUnmanage\": {\r\n      \"resources\": \"detach\",\r\n      \"resourceGroups\": \"detach\",\r\n      \"managementGroups\": \"detach\"\r\n    },\r\n    \"deploymentId\": \"/subscriptions/4ce8c9fe-cadc-47d6-9c76-335812fd59df/resourceGroups/ps817/providers/Microsoft.Resources/deployments/ps2812-2022-12-13-04-23-06-582f0\",\r\n    \"description\": \"A Stack\",\r\n    \"denySettings\": {\r\n      \"mode\": \"none\",\r\n      \"applyToChildScopes\": false\r\n    },\r\n    \"parameters\": {\r\n      \"templateSpecName\": {\r\n        \"value\": \"StacksScenarioTestSpec\"\r\n      }\r\n    },\r\n    \"resources\": [],\r\n    \"provisioningState\": \"deploying\",\r\n    \"detachedResources\": [],\r\n    \"deletedResources\": [],\r\n    \"failedResources\": []\r\n  },\r\n  \"systemData\": {\r\n    \"createdBy\": \"546094f3-32fa-493c-824c-bd9575b0d2fe\",\r\n    \"createdByType\": \"Application\",\r\n    \"createdAt\": \"2022-12-13T04:22:52.2434469Z\",\r\n    \"lastModifiedBy\": \"546094f3-32fa-493c-824c-bd9575b0d2fe\",\r\n    \"lastModifiedByType\": \"Application\",\r\n    \"lastModifiedAt\": \"2022-12-13T04:23:06.0328541Z\"\r\n  },\r\n  \"id\": \"/subscriptions/4ce8c9fe-cadc-47d6-9c76-335812fd59df/resourceGroups/ps817/providers/Microsoft.Resources/deploymentStacks/ps2812\",\r\n  \"type\": \"Microsoft.Resources/deploymentStacks\",\r\n  \"name\": \"ps2812\"\r\n}",
      "StatusCode": 200
    },
    {
      "RequestUri": "/subscriptions/4ce8c9fe-cadc-47d6-9c76-335812fd59df/resourceGroups/ps817/providers/Microsoft.Resources/deploymentStacks/ps2812?api-version=2022-08-01-preview",
      "EncodedRequestUri": "L3N1YnNjcmlwdGlvbnMvNGNlOGM5ZmUtY2FkYy00N2Q2LTljNzYtMzM1ODEyZmQ1OWRmL3Jlc291cmNlR3JvdXBzL3BzODE3L3Byb3ZpZGVycy9NaWNyb3NvZnQuUmVzb3VyY2VzL2RlcGxveW1lbnRTdGFja3MvcHMyODEyP2FwaS12ZXJzaW9uPTIwMjItMDgtMDEtcHJldmlldw==",
      "RequestMethod": "GET",
      "RequestHeaders": {
        "x-ms-client-request-id": [
          "7b111312-9e30-4759-9a64-cee2c0f4b286"
        ],
        "Accept-Language": [
          "en-US"
        ],
        "User-Agent": [
          "FxVersion/4.700.22.51102",
          "OSName/Windows",
          "OSVersion/Microsoft.Windows.10.0.22621",
          "Microsoft.Azure.Management.ResourceManager.DeploymentStacksClient/3.17.4.0"
        ]
      },
      "RequestBody": "",
      "ResponseHeaders": {
        "Cache-Control": [
          "no-cache"
        ],
        "Pragma": [
          "no-cache"
        ],
        "x-ms-request-id": [
          "44f44f5c-c022-45e0-9310-560af7464bd3"
        ],
        "Server": [
          "Microsoft-HTTPAPI/2.0"
        ],
        "x-ms-ratelimit-remaining-subscription-reads": [
          "11989"
        ],
        "x-ms-correlation-request-id": [
          "63ff7f38-b598-4d31-ab2c-0d9bd548a983"
        ],
        "x-ms-routing-request-id": [
          "WESTUS:20221213T042310Z:63ff7f38-b598-4d31-ab2c-0d9bd548a983"
        ],
        "Strict-Transport-Security": [
          "max-age=31536000; includeSubDomains"
        ],
        "X-Content-Type-Options": [
          "nosniff"
        ],
        "Date": [
          "Tue, 13 Dec 2022 04:23:10 GMT"
        ],
        "Content-Length": [
          "1253"
        ],
        "Content-Type": [
          "application/json; charset=utf-8"
        ],
        "Expires": [
          "-1"
        ],
        "Retry-After": [
          "0"
        ]
      },
      "ResponseBody": "{\r\n  \"properties\": {\r\n    \"actionOnUnmanage\": {\r\n      \"resources\": \"detach\",\r\n      \"resourceGroups\": \"detach\",\r\n      \"managementGroups\": \"detach\"\r\n    },\r\n    \"deploymentId\": \"/subscriptions/4ce8c9fe-cadc-47d6-9c76-335812fd59df/resourceGroups/ps817/providers/Microsoft.Resources/deployments/ps2812-2022-12-13-04-23-06-582f0\",\r\n    \"description\": \"A Stack\",\r\n    \"denySettings\": {\r\n      \"mode\": \"none\",\r\n      \"applyToChildScopes\": false\r\n    },\r\n    \"parameters\": {\r\n      \"templateSpecName\": {\r\n        \"value\": \"StacksScenarioTestSpec\"\r\n      }\r\n    },\r\n    \"resources\": [],\r\n    \"provisioningState\": \"deploying\",\r\n    \"detachedResources\": [],\r\n    \"deletedResources\": [],\r\n    \"failedResources\": []\r\n  },\r\n  \"systemData\": {\r\n    \"createdBy\": \"546094f3-32fa-493c-824c-bd9575b0d2fe\",\r\n    \"createdByType\": \"Application\",\r\n    \"createdAt\": \"2022-12-13T04:22:52.2434469Z\",\r\n    \"lastModifiedBy\": \"546094f3-32fa-493c-824c-bd9575b0d2fe\",\r\n    \"lastModifiedByType\": \"Application\",\r\n    \"lastModifiedAt\": \"2022-12-13T04:23:06.0328541Z\"\r\n  },\r\n  \"id\": \"/subscriptions/4ce8c9fe-cadc-47d6-9c76-335812fd59df/resourceGroups/ps817/providers/Microsoft.Resources/deploymentStacks/ps2812\",\r\n  \"type\": \"Microsoft.Resources/deploymentStacks\",\r\n  \"name\": \"ps2812\"\r\n}",
      "StatusCode": 200
    },
    {
      "RequestUri": "/subscriptions/4ce8c9fe-cadc-47d6-9c76-335812fd59df/resourceGroups/ps817/providers/Microsoft.Resources/deploymentStacks/ps2812?api-version=2022-08-01-preview",
      "EncodedRequestUri": "L3N1YnNjcmlwdGlvbnMvNGNlOGM5ZmUtY2FkYy00N2Q2LTljNzYtMzM1ODEyZmQ1OWRmL3Jlc291cmNlR3JvdXBzL3BzODE3L3Byb3ZpZGVycy9NaWNyb3NvZnQuUmVzb3VyY2VzL2RlcGxveW1lbnRTdGFja3MvcHMyODEyP2FwaS12ZXJzaW9uPTIwMjItMDgtMDEtcHJldmlldw==",
      "RequestMethod": "GET",
      "RequestHeaders": {
        "x-ms-client-request-id": [
          "7b111312-9e30-4759-9a64-cee2c0f4b286"
        ],
        "Accept-Language": [
          "en-US"
        ],
        "User-Agent": [
          "FxVersion/4.700.22.51102",
          "OSName/Windows",
          "OSVersion/Microsoft.Windows.10.0.22621",
          "Microsoft.Azure.Management.ResourceManager.DeploymentStacksClient/3.17.4.0"
        ]
      },
      "RequestBody": "",
      "ResponseHeaders": {
        "Cache-Control": [
          "no-cache"
        ],
        "Pragma": [
          "no-cache"
        ],
        "x-ms-request-id": [
          "c3e6751e-d16a-48f8-bf6d-df485a2813c4"
        ],
        "Server": [
          "Microsoft-HTTPAPI/2.0"
        ],
        "x-ms-ratelimit-remaining-subscription-reads": [
          "11988"
        ],
        "x-ms-correlation-request-id": [
          "b1f3dcac-fd43-422b-bf43-422d04d4773a"
        ],
        "x-ms-routing-request-id": [
          "WESTUS:20221213T042311Z:b1f3dcac-fd43-422b-bf43-422d04d4773a"
        ],
        "Strict-Transport-Security": [
          "max-age=31536000; includeSubDomains"
        ],
        "X-Content-Type-Options": [
          "nosniff"
        ],
        "Date": [
          "Tue, 13 Dec 2022 04:23:10 GMT"
        ],
        "Content-Length": [
          "1528"
        ],
        "Content-Type": [
          "application/json; charset=utf-8"
        ],
        "Expires": [
          "-1"
        ],
        "Retry-After": [
          "0"
        ]
      },
      "ResponseBody": "{\r\n  \"properties\": {\r\n    \"actionOnUnmanage\": {\r\n      \"resources\": \"detach\",\r\n      \"resourceGroups\": \"detach\",\r\n      \"managementGroups\": \"detach\"\r\n    },\r\n    \"deploymentId\": \"/subscriptions/4ce8c9fe-cadc-47d6-9c76-335812fd59df/resourceGroups/ps817/providers/Microsoft.Resources/deployments/ps2812-2022-12-13-04-23-06-582f0\",\r\n    \"description\": \"A Stack\",\r\n    \"duration\": \"PT4.8385929S\",\r\n    \"denySettings\": {\r\n      \"mode\": \"none\",\r\n      \"applyToChildScopes\": false\r\n    },\r\n    \"parameters\": {\r\n      \"templateSpecName\": {\r\n        \"value\": \"StacksScenarioTestSpec\"\r\n      }\r\n    },\r\n    \"resources\": [\r\n      {\r\n        \"status\": \"managed\",\r\n        \"denyStatus\": \"none\",\r\n        \"id\": \"/subscriptions/4ce8c9fe-cadc-47d6-9c76-335812fd59df/resourceGroups/ps817/providers/Microsoft.Resources/templateSpecs/StacksScenarioTestSpec\"\r\n      }\r\n    ],\r\n    \"provisioningState\": \"succeeded\",\r\n    \"detachedResources\": [],\r\n    \"deletedResources\": [],\r\n    \"failedResources\": []\r\n  },\r\n  \"systemData\": {\r\n    \"createdBy\": \"546094f3-32fa-493c-824c-bd9575b0d2fe\",\r\n    \"createdByType\": \"Application\",\r\n    \"createdAt\": \"2022-12-13T04:22:52.2434469Z\",\r\n    \"lastModifiedBy\": \"546094f3-32fa-493c-824c-bd9575b0d2fe\",\r\n    \"lastModifiedByType\": \"Application\",\r\n    \"lastModifiedAt\": \"2022-12-13T04:23:06.0328541Z\"\r\n  },\r\n  \"id\": \"/subscriptions/4ce8c9fe-cadc-47d6-9c76-335812fd59df/resourceGroups/ps817/providers/Microsoft.Resources/deploymentStacks/ps2812\",\r\n  \"type\": \"Microsoft.Resources/deploymentStacks\",\r\n  \"name\": \"ps2812\"\r\n}",
      "StatusCode": 200
    },
    {
      "RequestUri": "/subscriptions/4ce8c9fe-cadc-47d6-9c76-335812fd59df/resourceGroups/badRG114172/providers/Microsoft.Resources/deploymentStacks/ps2812?api-version=2022-08-01-preview",
      "EncodedRequestUri": "L3N1YnNjcmlwdGlvbnMvNGNlOGM5ZmUtY2FkYy00N2Q2LTljNzYtMzM1ODEyZmQ1OWRmL3Jlc291cmNlR3JvdXBzL2JhZFJHMTE0MTcyL3Byb3ZpZGVycy9NaWNyb3NvZnQuUmVzb3VyY2VzL2RlcGxveW1lbnRTdGFja3MvcHMyODEyP2FwaS12ZXJzaW9uPTIwMjItMDgtMDEtcHJldmlldw==",
      "RequestMethod": "PUT",
      "RequestHeaders": {
        "x-ms-client-request-id": [
          "a41ab297-5363-40c5-a844-a8ce315042aa"
        ],
        "Accept-Language": [
          "en-US"
        ],
        "User-Agent": [
          "FxVersion/4.700.22.51102",
          "OSName/Windows",
          "OSVersion/Microsoft.Windows.10.0.22621",
          "Microsoft.Azure.Management.ResourceManager.DeploymentStacksClient/3.17.4.0"
        ],
        "Content-Type": [
          "application/json; charset=utf-8"
        ],
        "Content-Length": [
          "563"
        ]
      },
      "RequestBody": "{\r\n  \"properties\": {\r\n    \"template\": {\r\n      \"$schema\": \"http://schema.management.azure.com/schemas/2015-01-01/deploymentTemplate.json#\",\r\n      \"contentVersion\": \"1.0.0.0\",\r\n      \"parameters\": {},\r\n      \"variables\": {},\r\n      \"resources\": [],\r\n      \"outputs\": {}\r\n    },\r\n    \"parameters\": {},\r\n    \"actionOnUnmanage\": {\r\n      \"resources\": \"detach\",\r\n      \"resourceGroups\": \"detach\",\r\n      \"managementGroups\": \"detach\"\r\n    },\r\n    \"description\": \"A Stack\",\r\n    \"denySettings\": {\r\n      \"mode\": \"None\",\r\n      \"applyToChildScopes\": false\r\n    }\r\n  }\r\n}",
      "ResponseHeaders": {
        "Cache-Control": [
          "no-cache"
        ],
        "Pragma": [
          "no-cache"
        ],
        "x-ms-failure-cause": [
          "gateway"
        ],
        "x-ms-request-id": [
          "3be4d85f-a733-41e3-8363-5130c97e41e4"
        ],
        "x-ms-correlation-request-id": [
          "3be4d85f-a733-41e3-8363-5130c97e41e4"
        ],
        "x-ms-routing-request-id": [
          "WESTUS:20221213T042259Z:3be4d85f-a733-41e3-8363-5130c97e41e4"
        ],
        "Strict-Transport-Security": [
          "max-age=31536000; includeSubDomains"
        ],
        "X-Content-Type-Options": [
          "nosniff"
        ],
        "Date": [
          "Tue, 13 Dec 2022 04:22:58 GMT"
        ],
        "Content-Type": [
          "application/json; charset=utf-8"
        ],
        "Expires": [
          "-1"
        ],
        "Content-Length": [
          "103"
        ],
        "Retry-After": [
          "0"
        ]
      },
      "ResponseBody": "{\r\n  \"error\": {\r\n    \"code\": \"ResourceGroupNotFound\",\r\n    \"message\": \"Resource group 'badRG114172' could not be found.\"\r\n  }\r\n}",
      "StatusCode": 404
    },
    {
      "RequestUri": "/subscriptions/4ce8c9fe-cadc-47d6-9c76-335812fd59df/resourcegroups/ps817?api-version=2021-04-01",
      "EncodedRequestUri": "L3N1YnNjcmlwdGlvbnMvNGNlOGM5ZmUtY2FkYy00N2Q2LTljNzYtMzM1ODEyZmQ1OWRmL3Jlc291cmNlZ3JvdXBzL3BzODE3P2FwaS12ZXJzaW9uPTIwMjEtMDQtMDE=",
      "RequestMethod": "DELETE",
      "RequestHeaders": {
        "x-ms-client-request-id": [
          "54b4ec0a-3fdd-413a-b4f8-1066bd974643"
        ],
        "Accept-Language": [
          "en-US"
        ],
        "User-Agent": [
          "FxVersion/4.700.22.51102",
          "OSName/Windows",
          "OSVersion/Microsoft.Windows.10.0.22621",
          "Microsoft.Azure.Management.ResourceManager.ResourceManagementClient/3.17.4.0"
        ]
      },
      "RequestBody": "",
      "ResponseHeaders": {
        "Cache-Control": [
          "no-cache"
        ],
        "Pragma": [
          "no-cache"
        ],
        "Location": [
          "https://management.azure.com/subscriptions/4ce8c9fe-cadc-47d6-9c76-335812fd59df/operationresults/eyJqb2JJZCI6IlJFU09VUkNFR1JPVVBERUxFVElPTkpPQi1QUzgxNy1XRVNUVVMyIiwiam9iTG9jYXRpb24iOiJ3ZXN0dXMyIn0?api-version=2021-04-01"
        ],
        "Retry-After": [
          "0"
        ],
        "x-ms-ratelimit-remaining-subscription-deletes": [
          "14999"
        ],
        "x-ms-request-id": [
          "34b4a76d-dfe5-4d1a-b5ca-ba3d2bbf8e12"
        ],
        "x-ms-correlation-request-id": [
          "34b4a76d-dfe5-4d1a-b5ca-ba3d2bbf8e12"
        ],
        "x-ms-routing-request-id": [
          "WESTUS:20221213T042312Z:34b4a76d-dfe5-4d1a-b5ca-ba3d2bbf8e12"
        ],
        "Strict-Transport-Security": [
          "max-age=31536000; includeSubDomains"
        ],
        "X-Content-Type-Options": [
          "nosniff"
        ],
        "Date": [
          "Tue, 13 Dec 2022 04:23:12 GMT"
        ],
        "Expires": [
          "-1"
        ],
        "Content-Length": [
          "0"
        ]
      },
      "ResponseBody": "",
      "StatusCode": 202
    },
    {
      "RequestUri": "/subscriptions/4ce8c9fe-cadc-47d6-9c76-335812fd59df/operationresults/eyJqb2JJZCI6IlJFU09VUkNFR1JPVVBERUxFVElPTkpPQi1QUzgxNy1XRVNUVVMyIiwiam9iTG9jYXRpb24iOiJ3ZXN0dXMyIn0?api-version=2021-04-01",
      "EncodedRequestUri": "L3N1YnNjcmlwdGlvbnMvNGNlOGM5ZmUtY2FkYy00N2Q2LTljNzYtMzM1ODEyZmQ1OWRmL29wZXJhdGlvbnJlc3VsdHMvZXlKcWIySkpaQ0k2SWxKRlUwOVZVa05GUjFKUFZWQkVSVXhGVkVsUFRrcFBRaTFRVXpneE55MVhSVk5VVlZNeUlpd2lhbTlpVEc5allYUnBiMjRpT2lKM1pYTjBkWE15SW4wP2FwaS12ZXJzaW9uPTIwMjEtMDQtMDE=",
      "RequestMethod": "GET",
      "RequestHeaders": {
        "x-ms-client-request-id": [
          "54b4ec0a-3fdd-413a-b4f8-1066bd974643"
        ],
        "User-Agent": [
          "FxVersion/4.700.22.51102",
          "OSName/Windows",
          "OSVersion/Microsoft.Windows.10.0.22621",
          "Microsoft.Azure.Management.ResourceManager.ResourceManagementClient/3.17.4.0"
        ]
      },
      "RequestBody": "",
      "ResponseHeaders": {
        "Cache-Control": [
          "no-cache"
        ],
        "Pragma": [
          "no-cache"
        ],
        "Location": [
          "https://management.azure.com/subscriptions/4ce8c9fe-cadc-47d6-9c76-335812fd59df/operationresults/eyJqb2JJZCI6IlJFU09VUkNFR1JPVVBERUxFVElPTkpPQi1QUzgxNy1XRVNUVVMyIiwiam9iTG9jYXRpb24iOiJ3ZXN0dXMyIn0?api-version=2021-04-01"
        ],
        "Retry-After": [
          "0"
        ],
        "x-ms-ratelimit-remaining-subscription-reads": [
          "11998"
        ],
        "x-ms-request-id": [
          "d9a30059-81fc-430b-a444-7570021e6f92"
        ],
        "x-ms-correlation-request-id": [
          "d9a30059-81fc-430b-a444-7570021e6f92"
        ],
        "x-ms-routing-request-id": [
          "WESTUS:20221213T042327Z:d9a30059-81fc-430b-a444-7570021e6f92"
        ],
        "Strict-Transport-Security": [
          "max-age=31536000; includeSubDomains"
        ],
        "X-Content-Type-Options": [
          "nosniff"
        ],
        "Date": [
          "Tue, 13 Dec 2022 04:23:27 GMT"
        ],
        "Expires": [
          "-1"
        ],
        "Content-Length": [
          "0"
        ]
      },
      "ResponseBody": "",
      "StatusCode": 202
    },
    {
      "RequestUri": "/subscriptions/4ce8c9fe-cadc-47d6-9c76-335812fd59df/operationresults/eyJqb2JJZCI6IlJFU09VUkNFR1JPVVBERUxFVElPTkpPQi1QUzgxNy1XRVNUVVMyIiwiam9iTG9jYXRpb24iOiJ3ZXN0dXMyIn0?api-version=2021-04-01",
      "EncodedRequestUri": "L3N1YnNjcmlwdGlvbnMvNGNlOGM5ZmUtY2FkYy00N2Q2LTljNzYtMzM1ODEyZmQ1OWRmL29wZXJhdGlvbnJlc3VsdHMvZXlKcWIySkpaQ0k2SWxKRlUwOVZVa05GUjFKUFZWQkVSVXhGVkVsUFRrcFBRaTFRVXpneE55MVhSVk5VVlZNeUlpd2lhbTlpVEc5allYUnBiMjRpT2lKM1pYTjBkWE15SW4wP2FwaS12ZXJzaW9uPTIwMjEtMDQtMDE=",
      "RequestMethod": "GET",
      "RequestHeaders": {
        "x-ms-client-request-id": [
          "54b4ec0a-3fdd-413a-b4f8-1066bd974643"
        ],
        "User-Agent": [
          "FxVersion/4.700.22.51102",
          "OSName/Windows",
          "OSVersion/Microsoft.Windows.10.0.22621",
          "Microsoft.Azure.Management.ResourceManager.ResourceManagementClient/3.17.4.0"
        ]
      },
      "RequestBody": "",
      "ResponseHeaders": {
        "Cache-Control": [
          "no-cache"
        ],
        "Pragma": [
          "no-cache"
        ],
        "Location": [
          "https://management.azure.com/subscriptions/4ce8c9fe-cadc-47d6-9c76-335812fd59df/operationresults/eyJqb2JJZCI6IlJFU09VUkNFR1JPVVBERUxFVElPTkpPQi1QUzgxNy1XRVNUVVMyIiwiam9iTG9jYXRpb24iOiJ3ZXN0dXMyIn0?api-version=2021-04-01"
        ],
        "Retry-After": [
          "0"
        ],
        "x-ms-ratelimit-remaining-subscription-reads": [
          "11997"
        ],
        "x-ms-request-id": [
          "d96da1b8-29a6-4a04-a0ba-e69f60c70c8a"
        ],
        "x-ms-correlation-request-id": [
          "d96da1b8-29a6-4a04-a0ba-e69f60c70c8a"
        ],
        "x-ms-routing-request-id": [
          "WESTUS:20221213T042342Z:d96da1b8-29a6-4a04-a0ba-e69f60c70c8a"
        ],
        "Strict-Transport-Security": [
          "max-age=31536000; includeSubDomains"
        ],
        "X-Content-Type-Options": [
          "nosniff"
        ],
        "Date": [
          "Tue, 13 Dec 2022 04:23:42 GMT"
        ],
        "Expires": [
          "-1"
        ],
        "Content-Length": [
          "0"
        ]
      },
      "ResponseBody": "",
      "StatusCode": 202
    },
    {
      "RequestUri": "/subscriptions/4ce8c9fe-cadc-47d6-9c76-335812fd59df/operationresults/eyJqb2JJZCI6IlJFU09VUkNFR1JPVVBERUxFVElPTkpPQi1QUzgxNy1XRVNUVVMyIiwiam9iTG9jYXRpb24iOiJ3ZXN0dXMyIn0?api-version=2021-04-01",
      "EncodedRequestUri": "L3N1YnNjcmlwdGlvbnMvNGNlOGM5ZmUtY2FkYy00N2Q2LTljNzYtMzM1ODEyZmQ1OWRmL29wZXJhdGlvbnJlc3VsdHMvZXlKcWIySkpaQ0k2SWxKRlUwOVZVa05GUjFKUFZWQkVSVXhGVkVsUFRrcFBRaTFRVXpneE55MVhSVk5VVlZNeUlpd2lhbTlpVEc5allYUnBiMjRpT2lKM1pYTjBkWE15SW4wP2FwaS12ZXJzaW9uPTIwMjEtMDQtMDE=",
      "RequestMethod": "GET",
      "RequestHeaders": {
        "x-ms-client-request-id": [
          "54b4ec0a-3fdd-413a-b4f8-1066bd974643"
        ],
        "User-Agent": [
          "FxVersion/4.700.22.51102",
          "OSName/Windows",
          "OSVersion/Microsoft.Windows.10.0.22621",
          "Microsoft.Azure.Management.ResourceManager.ResourceManagementClient/3.17.4.0"
        ]
      },
      "RequestBody": "",
      "ResponseHeaders": {
        "Cache-Control": [
          "no-cache"
        ],
        "Pragma": [
          "no-cache"
        ],
        "Location": [
          "https://management.azure.com/subscriptions/4ce8c9fe-cadc-47d6-9c76-335812fd59df/operationresults/eyJqb2JJZCI6IlJFU09VUkNFR1JPVVBERUxFVElPTkpPQi1QUzgxNy1XRVNUVVMyIiwiam9iTG9jYXRpb24iOiJ3ZXN0dXMyIn0?api-version=2021-04-01"
        ],
        "Retry-After": [
          "0"
        ],
        "x-ms-ratelimit-remaining-subscription-reads": [
          "11996"
        ],
        "x-ms-request-id": [
          "7ef603cf-dd1d-47e2-a512-ed391b73f973"
        ],
        "x-ms-correlation-request-id": [
          "7ef603cf-dd1d-47e2-a512-ed391b73f973"
        ],
        "x-ms-routing-request-id": [
          "WESTUS:20221213T042357Z:7ef603cf-dd1d-47e2-a512-ed391b73f973"
        ],
        "Strict-Transport-Security": [
          "max-age=31536000; includeSubDomains"
        ],
        "X-Content-Type-Options": [
          "nosniff"
        ],
        "Date": [
          "Tue, 13 Dec 2022 04:23:57 GMT"
        ],
        "Expires": [
          "-1"
        ],
        "Content-Length": [
          "0"
        ]
      },
      "ResponseBody": "",
      "StatusCode": 202
    },
    {
      "RequestUri": "/subscriptions/4ce8c9fe-cadc-47d6-9c76-335812fd59df/operationresults/eyJqb2JJZCI6IlJFU09VUkNFR1JPVVBERUxFVElPTkpPQi1QUzgxNy1XRVNUVVMyIiwiam9iTG9jYXRpb24iOiJ3ZXN0dXMyIn0?api-version=2021-04-01",
      "EncodedRequestUri": "L3N1YnNjcmlwdGlvbnMvNGNlOGM5ZmUtY2FkYy00N2Q2LTljNzYtMzM1ODEyZmQ1OWRmL29wZXJhdGlvbnJlc3VsdHMvZXlKcWIySkpaQ0k2SWxKRlUwOVZVa05GUjFKUFZWQkVSVXhGVkVsUFRrcFBRaTFRVXpneE55MVhSVk5VVlZNeUlpd2lhbTlpVEc5allYUnBiMjRpT2lKM1pYTjBkWE15SW4wP2FwaS12ZXJzaW9uPTIwMjEtMDQtMDE=",
      "RequestMethod": "GET",
      "RequestHeaders": {
        "x-ms-client-request-id": [
          "54b4ec0a-3fdd-413a-b4f8-1066bd974643"
        ],
        "User-Agent": [
          "FxVersion/4.700.22.51102",
          "OSName/Windows",
          "OSVersion/Microsoft.Windows.10.0.22621",
          "Microsoft.Azure.Management.ResourceManager.ResourceManagementClient/3.17.4.0"
        ]
      },
      "RequestBody": "",
      "ResponseHeaders": {
        "Cache-Control": [
          "no-cache"
        ],
        "Pragma": [
          "no-cache"
        ],
        "Location": [
          "https://management.azure.com/subscriptions/4ce8c9fe-cadc-47d6-9c76-335812fd59df/operationresults/eyJqb2JJZCI6IlJFU09VUkNFR1JPVVBERUxFVElPTkpPQi1QUzgxNy1XRVNUVVMyIiwiam9iTG9jYXRpb24iOiJ3ZXN0dXMyIn0?api-version=2021-04-01"
        ],
        "Retry-After": [
          "0"
        ],
        "x-ms-ratelimit-remaining-subscription-reads": [
          "11995"
        ],
        "x-ms-request-id": [
          "159cb6c1-80c1-4f6e-b63c-f08cf24bc5a7"
        ],
        "x-ms-correlation-request-id": [
          "159cb6c1-80c1-4f6e-b63c-f08cf24bc5a7"
        ],
        "x-ms-routing-request-id": [
          "WESTUS:20221213T042413Z:159cb6c1-80c1-4f6e-b63c-f08cf24bc5a7"
        ],
        "Strict-Transport-Security": [
          "max-age=31536000; includeSubDomains"
        ],
        "X-Content-Type-Options": [
          "nosniff"
        ],
        "Date": [
          "Tue, 13 Dec 2022 04:24:12 GMT"
        ],
        "Expires": [
          "-1"
        ],
        "Content-Length": [
          "0"
        ]
      },
      "ResponseBody": "",
      "StatusCode": 202
    },
    {
      "RequestUri": "/subscriptions/4ce8c9fe-cadc-47d6-9c76-335812fd59df/operationresults/eyJqb2JJZCI6IlJFU09VUkNFR1JPVVBERUxFVElPTkpPQi1QUzgxNy1XRVNUVVMyIiwiam9iTG9jYXRpb24iOiJ3ZXN0dXMyIn0?api-version=2021-04-01",
      "EncodedRequestUri": "L3N1YnNjcmlwdGlvbnMvNGNlOGM5ZmUtY2FkYy00N2Q2LTljNzYtMzM1ODEyZmQ1OWRmL29wZXJhdGlvbnJlc3VsdHMvZXlKcWIySkpaQ0k2SWxKRlUwOVZVa05GUjFKUFZWQkVSVXhGVkVsUFRrcFBRaTFRVXpneE55MVhSVk5VVlZNeUlpd2lhbTlpVEc5allYUnBiMjRpT2lKM1pYTjBkWE15SW4wP2FwaS12ZXJzaW9uPTIwMjEtMDQtMDE=",
      "RequestMethod": "GET",
      "RequestHeaders": {
        "x-ms-client-request-id": [
          "54b4ec0a-3fdd-413a-b4f8-1066bd974643"
        ],
        "User-Agent": [
          "FxVersion/4.700.22.51102",
          "OSName/Windows",
          "OSVersion/Microsoft.Windows.10.0.22621",
          "Microsoft.Azure.Management.ResourceManager.ResourceManagementClient/3.17.4.0"
        ]
      },
      "RequestBody": "",
      "ResponseHeaders": {
        "Cache-Control": [
          "no-cache"
        ],
        "Pragma": [
          "no-cache"
        ],
        "x-ms-ratelimit-remaining-subscription-reads": [
          "11994"
        ],
        "x-ms-request-id": [
          "53440541-961f-4d3f-83d0-7a396b4e9692"
        ],
        "x-ms-correlation-request-id": [
          "53440541-961f-4d3f-83d0-7a396b4e9692"
        ],
        "x-ms-routing-request-id": [
          "WESTUS:20221213T042428Z:53440541-961f-4d3f-83d0-7a396b4e9692"
        ],
        "Strict-Transport-Security": [
          "max-age=31536000; includeSubDomains"
        ],
        "X-Content-Type-Options": [
          "nosniff"
        ],
        "Date": [
          "Tue, 13 Dec 2022 04:24:27 GMT"
        ],
        "Expires": [
          "-1"
        ],
        "Content-Length": [
          "0"
        ],
        "Retry-After": [
          "0"
        ]
      },
      "ResponseBody": "",
      "StatusCode": 200
    },
    {
      "RequestUri": "/subscriptions/4ce8c9fe-cadc-47d6-9c76-335812fd59df/operationresults/eyJqb2JJZCI6IlJFU09VUkNFR1JPVVBERUxFVElPTkpPQi1QUzgxNy1XRVNUVVMyIiwiam9iTG9jYXRpb24iOiJ3ZXN0dXMyIn0?api-version=2021-04-01",
      "EncodedRequestUri": "L3N1YnNjcmlwdGlvbnMvNGNlOGM5ZmUtY2FkYy00N2Q2LTljNzYtMzM1ODEyZmQ1OWRmL29wZXJhdGlvbnJlc3VsdHMvZXlKcWIySkpaQ0k2SWxKRlUwOVZVa05GUjFKUFZWQkVSVXhGVkVsUFRrcFBRaTFRVXpneE55MVhSVk5VVlZNeUlpd2lhbTlpVEc5allYUnBiMjRpT2lKM1pYTjBkWE15SW4wP2FwaS12ZXJzaW9uPTIwMjEtMDQtMDE=",
      "RequestMethod": "GET",
      "RequestHeaders": {
        "x-ms-client-request-id": [
          "54b4ec0a-3fdd-413a-b4f8-1066bd974643"
        ],
        "User-Agent": [
          "FxVersion/4.700.22.51102",
          "OSName/Windows",
          "OSVersion/Microsoft.Windows.10.0.22621",
          "Microsoft.Azure.Management.ResourceManager.ResourceManagementClient/3.17.4.0"
        ]
      },
      "RequestBody": "",
      "ResponseHeaders": {
        "Cache-Control": [
          "no-cache"
        ],
        "Pragma": [
          "no-cache"
        ],
        "x-ms-ratelimit-remaining-subscription-reads": [
          "11993"
        ],
        "x-ms-request-id": [
          "d911f088-ec8d-4541-b7cb-b675aa8fc208"
        ],
        "x-ms-correlation-request-id": [
          "d911f088-ec8d-4541-b7cb-b675aa8fc208"
        ],
        "x-ms-routing-request-id": [
          "WESTUS:20221213T042428Z:d911f088-ec8d-4541-b7cb-b675aa8fc208"
        ],
        "Strict-Transport-Security": [
          "max-age=31536000; includeSubDomains"
        ],
        "X-Content-Type-Options": [
          "nosniff"
        ],
        "Date": [
          "Tue, 13 Dec 2022 04:24:27 GMT"
        ],
        "Expires": [
          "-1"
        ],
        "Content-Length": [
          "0"
        ],
        "Retry-After": [
          "0"
        ]
      },
      "ResponseBody": "",
      "StatusCode": 200
    }
  ],
  "Names": {
    "Test-NewResourceGroupDeploymentStack": [
      "ps817",
      "ps2812"
    ]
  },
  "Variables": {
    "SubscriptionId": "4ce8c9fe-cadc-47d6-9c76-335812fd59df"
  }
}