{
  "Entries": [
    {
      "RequestUri": "/subscriptions/4ce8c9fe-cadc-47d6-9c76-335812fd59df/resourcegroups/ps6118?api-version=2021-04-01",
      "EncodedRequestUri": "L3N1YnNjcmlwdGlvbnMvNGNlOGM5ZmUtY2FkYy00N2Q2LTljNzYtMzM1ODEyZmQ1OWRmL3Jlc291cmNlZ3JvdXBzL3BzNjExOD9hcGktdmVyc2lvbj0yMDIxLTA0LTAx",
      "RequestMethod": "HEAD",
      "RequestHeaders": {
        "x-ms-client-request-id": [
          "75686717-b77c-4b0a-a69c-dd132240577c"
        ],
        "Accept-Language": [
          "en-US"
        ],
        "User-Agent": [
          "FxVersion/4.700.22.51102",
          "OSName/Windows",
          "OSVersion/Microsoft.Windows.10.0.22621",
          "Microsoft.Azure.Management.ResourceManager.ResourceManagementClient/3.17.4.0"
        ]
      },
      "RequestBody": "",
      "ResponseHeaders": {
        "Cache-Control": [
          "no-cache"
        ],
        "Pragma": [
          "no-cache"
        ],
        "x-ms-failure-cause": [
          "gateway"
        ],
        "x-ms-ratelimit-remaining-subscription-reads": [
          "11999"
        ],
        "x-ms-request-id": [
          "19795d0f-57f6-4e73-ae6c-7cdb309ee3b5"
        ],
        "x-ms-correlation-request-id": [
          "19795d0f-57f6-4e73-ae6c-7cdb309ee3b5"
        ],
        "x-ms-routing-request-id": [
          "WESTUS:20221213T041802Z:19795d0f-57f6-4e73-ae6c-7cdb309ee3b5"
        ],
        "Strict-Transport-Security": [
          "max-age=31536000; includeSubDomains"
        ],
        "X-Content-Type-Options": [
          "nosniff"
        ],
        "Date": [
          "Tue, 13 Dec 2022 04:18:01 GMT"
        ],
        "Content-Length": [
          "0"
        ],
        "Expires": [
          "-1"
        ],
        "Retry-After": [
          "0"
        ]
      },
      "ResponseBody": "",
      "StatusCode": 404
    },
    {
      "RequestUri": "/subscriptions/4ce8c9fe-cadc-47d6-9c76-335812fd59df/resourcegroups/ps6118?api-version=2021-04-01",
      "EncodedRequestUri": "L3N1YnNjcmlwdGlvbnMvNGNlOGM5ZmUtY2FkYy00N2Q2LTljNzYtMzM1ODEyZmQ1OWRmL3Jlc291cmNlZ3JvdXBzL3BzNjExOD9hcGktdmVyc2lvbj0yMDIxLTA0LTAx",
      "RequestMethod": "HEAD",
      "RequestHeaders": {
        "x-ms-client-request-id": [
          "c98d7d86-542d-4df1-94aa-1f5af8a54e5a"
        ],
        "Accept-Language": [
          "en-US"
        ],
        "User-Agent": [
          "FxVersion/4.700.22.51102",
          "OSName/Windows",
          "OSVersion/Microsoft.Windows.10.0.22621",
          "Microsoft.Azure.Management.ResourceManager.ResourceManagementClient/3.17.4.0"
        ]
      },
      "RequestBody": "",
      "ResponseHeaders": {
        "Cache-Control": [
          "no-cache"
        ],
        "Pragma": [
          "no-cache"
        ],
        "x-ms-ratelimit-remaining-subscription-reads": [
          "11991"
        ],
        "x-ms-request-id": [
          "5afc61d1-51c6-469e-a4ae-8502abed445c"
        ],
        "x-ms-correlation-request-id": [
          "5afc61d1-51c6-469e-a4ae-8502abed445c"
        ],
        "x-ms-routing-request-id": [
          "WESTUS:20221213T041822Z:5afc61d1-51c6-469e-a4ae-8502abed445c"
        ],
        "Strict-Transport-Security": [
          "max-age=31536000; includeSubDomains"
        ],
        "X-Content-Type-Options": [
          "nosniff"
        ],
        "Date": [
          "Tue, 13 Dec 2022 04:18:21 GMT"
        ],
        "Content-Length": [
          "0"
        ],
        "Expires": [
          "-1"
        ],
        "Retry-After": [
          "0"
        ]
      },
      "ResponseBody": "",
      "StatusCode": 204
    },
    {
      "RequestUri": "/subscriptions/4ce8c9fe-cadc-47d6-9c76-335812fd59df/resourcegroups/ps6118?api-version=2021-04-01",
      "EncodedRequestUri": "L3N1YnNjcmlwdGlvbnMvNGNlOGM5ZmUtY2FkYy00N2Q2LTljNzYtMzM1ODEyZmQ1OWRmL3Jlc291cmNlZ3JvdXBzL3BzNjExOD9hcGktdmVyc2lvbj0yMDIxLTA0LTAx",
      "RequestMethod": "PUT",
      "RequestHeaders": {
        "x-ms-client-request-id": [
          "75686717-b77c-4b0a-a69c-dd132240577c"
        ],
        "Accept-Language": [
          "en-US"
        ],
        "User-Agent": [
          "FxVersion/4.700.22.51102",
          "OSName/Windows",
          "OSVersion/Microsoft.Windows.10.0.22621",
          "Microsoft.Azure.Management.ResourceManager.ResourceManagementClient/3.17.4.0"
        ],
        "Content-Type": [
          "application/json; charset=utf-8"
        ],
        "Content-Length": [
          "31"
        ]
      },
      "RequestBody": "{\r\n  \"location\": \"West US 2\"\r\n}",
      "ResponseHeaders": {
        "Cache-Control": [
          "no-cache"
        ],
        "Pragma": [
          "no-cache"
        ],
        "x-ms-ratelimit-remaining-subscription-writes": [
          "1199"
        ],
        "x-ms-request-id": [
          "d57887da-c1ec-4560-b206-fa046d8c1804"
        ],
        "x-ms-correlation-request-id": [
          "d57887da-c1ec-4560-b206-fa046d8c1804"
        ],
        "x-ms-routing-request-id": [
          "WESTUS:20221213T041803Z:d57887da-c1ec-4560-b206-fa046d8c1804"
        ],
        "Strict-Transport-Security": [
          "max-age=31536000; includeSubDomains"
        ],
        "X-Content-Type-Options": [
          "nosniff"
        ],
        "Date": [
          "Tue, 13 Dec 2022 04:18:02 GMT"
        ],
        "Content-Length": [
          "210"
        ],
        "Content-Type": [
          "application/json; charset=utf-8"
        ],
        "Expires": [
          "-1"
        ],
        "Retry-After": [
          "0"
        ]
      },
      "ResponseBody": "{\r\n  \"id\": \"/subscriptions/4ce8c9fe-cadc-47d6-9c76-335812fd59df/resourceGroups/ps6118\",\r\n  \"name\": \"ps6118\",\r\n  \"type\": \"Microsoft.Resources/resourceGroups\",\r\n  \"location\": \"westus2\",\r\n  \"properties\": {\r\n    \"provisioningState\": \"Succeeded\"\r\n  }\r\n}",
      "StatusCode": 201
    },
    {
      "RequestUri": "/subscriptions/4ce8c9fe-cadc-47d6-9c76-335812fd59df/resourceGroups/ps6118/providers/Microsoft.Resources/deploymentStacks/ps4130?api-version=2022-08-01-preview",
      "EncodedRequestUri": "L3N1YnNjcmlwdGlvbnMvNGNlOGM5ZmUtY2FkYy00N2Q2LTljNzYtMzM1ODEyZmQ1OWRmL3Jlc291cmNlR3JvdXBzL3BzNjExOC9wcm92aWRlcnMvTWljcm9zb2Z0LlJlc291cmNlcy9kZXBsb3ltZW50U3RhY2tzL3BzNDEzMD9hcGktdmVyc2lvbj0yMDIyLTA4LTAxLXByZXZpZXc=",
      "RequestMethod": "PUT",
      "RequestHeaders": {
        "x-ms-client-request-id": [
          "27a0f7c3-4e9f-499f-ab06-bc766a216a34"
        ],
        "Accept-Language": [
          "en-US"
        ],
        "User-Agent": [
          "FxVersion/4.700.22.51102",
          "OSName/Windows",
          "OSVersion/Microsoft.Windows.10.0.22621",
          "Microsoft.Azure.Management.ResourceManager.DeploymentStacksClient/3.17.4.0"
        ],
        "Content-Type": [
          "application/json; charset=utf-8"
        ],
        "Content-Length": [
          "1255"
        ]
      },
      "RequestBody": "{\r\n  \"properties\": {\r\n    \"template\": {\r\n      \"$schema\": \"https://schema.management.azure.com/schemas/2019-04-01/deploymentTemplate.json#\",\r\n      \"contentVersion\": \"1.0.0.0\",\r\n      \"parameters\": {\r\n        \"templateSpecName\": {\r\n          \"type\": \"string\",\r\n          \"defaultValue\": \"[format('MyTemplateSpec{0}', uniqueString(resourceGroup().id))]\"\r\n        },\r\n        \"location\": {\r\n          \"type\": \"string\",\r\n          \"defaultValue\": \"[resourceGroup().location]\"\r\n        }\r\n      },\r\n      \"resources\": [\r\n        {\r\n          \"type\": \"Microsoft.Resources/templateSpecs\",\r\n          \"apiVersion\": \"2022-02-01\",\r\n          \"name\": \"[parameters('templateSpecName')]\",\r\n          \"location\": \"[parameters('location')]\",\r\n          \"properties\": {\r\n            \"displayName\": \"MyTemplateSpec\",\r\n            \"description\": \"Template Spec for testing RG stacks.\"\r\n          }\r\n        }\r\n      ]\r\n    },\r\n    \"parameters\": {\r\n      \"templateSpecName\": {\r\n        \"value\": \"StacksScenarioTestSpec\"\r\n      }\r\n    },\r\n    \"actionOnUnmanage\": {\r\n      \"resources\": \"detach\",\r\n      \"resourceGroups\": \"detach\",\r\n      \"managementGroups\": \"detach\"\r\n    },\r\n    \"denySettings\": {\r\n      \"mode\": \"DenyDelete\",\r\n      \"applyToChildScopes\": true\r\n    }\r\n  }\r\n}",
      "ResponseHeaders": {
        "Cache-Control": [
          "no-cache"
        ],
        "Pragma": [
          "no-cache"
        ],
        "Retry-After": [
          "0"
        ],
        "Azure-AsyncOperation": [
          "https://management.azure.com/subscriptions/4ce8c9fe-cadc-47d6-9c76-335812fd59df/providers/Microsoft.Resources/locations/westus2/deploymentStackOperationStatus/c89964c5-b042-49a0-a20b-a608a23c33d0?api-version=2022-08-01-preview"
        ],
        "x-ms-request-id": [
          "21e03732-a976-4f73-97e0-887a3f4e0a46"
        ],
        "Server": [
          "Microsoft-HTTPAPI/2.0"
        ],
        "x-ms-ratelimit-remaining-subscription-writes": [
          "1199"
        ],
        "x-ms-correlation-request-id": [
          "4d551edb-963e-46e0-96b7-f2d8350205ff"
        ],
        "x-ms-routing-request-id": [
          "WESTUS:20221213T041804Z:4d551edb-963e-46e0-96b7-f2d8350205ff"
        ],
        "Strict-Transport-Security": [
          "max-age=31536000; includeSubDomains"
        ],
        "X-Content-Type-Options": [
          "nosniff"
        ],
        "Date": [
          "Tue, 13 Dec 2022 04:18:04 GMT"
        ],
        "Content-Length": [
          "1059"
        ],
        "Content-Type": [
          "application/json; charset=utf-8"
        ],
        "Expires": [
          "-1"
        ]
      },
      "ResponseBody": "{\r\n  \"properties\": {\r\n    \"actionOnUnmanage\": {\r\n      \"resources\": \"detach\",\r\n      \"resourceGroups\": \"detach\",\r\n      \"managementGroups\": \"detach\"\r\n    },\r\n    \"denySettings\": {\r\n      \"mode\": \"denyDelete\",\r\n      \"applyToChildScopes\": true\r\n    },\r\n    \"parameters\": {\r\n      \"templateSpecName\": {\r\n        \"value\": \"StacksScenarioTestSpec\"\r\n      }\r\n    },\r\n    \"resources\": [],\r\n    \"provisioningState\": \"initializing\",\r\n    \"detachedResources\": [],\r\n    \"deletedResources\": [],\r\n    \"failedResources\": []\r\n  },\r\n  \"systemData\": {\r\n    \"createdBy\": \"546094f3-32fa-493c-824c-bd9575b0d2fe\",\r\n    \"createdByType\": \"Application\",\r\n    \"createdAt\": \"2022-12-13T04:18:04.5359803Z\",\r\n    \"lastModifiedBy\": \"546094f3-32fa-493c-824c-bd9575b0d2fe\",\r\n    \"lastModifiedByType\": \"Application\",\r\n    \"lastModifiedAt\": \"2022-12-13T04:18:04.5359803Z\"\r\n  },\r\n  \"id\": \"/subscriptions/4ce8c9fe-cadc-47d6-9c76-335812fd59df/resourceGroups/ps6118/providers/Microsoft.Resources/deploymentStacks/ps4130\",\r\n  \"type\": \"Microsoft.Resources/deploymentStacks\",\r\n  \"name\": \"ps4130\"\r\n}",
      "StatusCode": 201
    },
    {
      "RequestUri": "/subscriptions/4ce8c9fe-cadc-47d6-9c76-335812fd59df/resourceGroups/ps6118/providers/Microsoft.Resources/deploymentStacks/ps4130?api-version=2022-08-01-preview",
      "EncodedRequestUri": "L3N1YnNjcmlwdGlvbnMvNGNlOGM5ZmUtY2FkYy00N2Q2LTljNzYtMzM1ODEyZmQ1OWRmL3Jlc291cmNlR3JvdXBzL3BzNjExOC9wcm92aWRlcnMvTWljcm9zb2Z0LlJlc291cmNlcy9kZXBsb3ltZW50U3RhY2tzL3BzNDEzMD9hcGktdmVyc2lvbj0yMDIyLTA4LTAxLXByZXZpZXc=",
      "RequestMethod": "PUT",
      "RequestHeaders": {
        "x-ms-client-request-id": [
          "cb26a9b8-93ca-48ed-b89f-0eff0017498f"
        ],
        "Accept-Language": [
          "en-US"
        ],
        "User-Agent": [
          "FxVersion/4.700.22.51102",
          "OSName/Windows",
          "OSVersion/Microsoft.Windows.10.0.22621",
          "Microsoft.Azure.Management.ResourceManager.DeploymentStacksClient/3.17.4.0"
        ],
        "Content-Type": [
          "application/json; charset=utf-8"
        ],
        "Content-Length": [
          "1255"
        ]
      },
      "RequestBody": "{\r\n  \"properties\": {\r\n    \"template\": {\r\n      \"$schema\": \"https://schema.management.azure.com/schemas/2019-04-01/deploymentTemplate.json#\",\r\n      \"contentVersion\": \"1.0.0.0\",\r\n      \"parameters\": {\r\n        \"templateSpecName\": {\r\n          \"type\": \"string\",\r\n          \"defaultValue\": \"[format('MyTemplateSpec{0}', uniqueString(resourceGroup().id))]\"\r\n        },\r\n        \"location\": {\r\n          \"type\": \"string\",\r\n          \"defaultValue\": \"[resourceGroup().location]\"\r\n        }\r\n      },\r\n      \"resources\": [\r\n        {\r\n          \"type\": \"Microsoft.Resources/templateSpecs\",\r\n          \"apiVersion\": \"2022-02-01\",\r\n          \"name\": \"[parameters('templateSpecName')]\",\r\n          \"location\": \"[parameters('location')]\",\r\n          \"properties\": {\r\n            \"displayName\": \"MyTemplateSpec\",\r\n            \"description\": \"Template Spec for testing RG stacks.\"\r\n          }\r\n        }\r\n      ]\r\n    },\r\n    \"parameters\": {\r\n      \"templateSpecName\": {\r\n        \"value\": \"StacksScenarioTestSpec\"\r\n      }\r\n    },\r\n    \"actionOnUnmanage\": {\r\n      \"resources\": \"detach\",\r\n      \"resourceGroups\": \"detach\",\r\n      \"managementGroups\": \"detach\"\r\n    },\r\n    \"denySettings\": {\r\n      \"mode\": \"DenyDelete\",\r\n      \"applyToChildScopes\": true\r\n    }\r\n  }\r\n}",
      "ResponseHeaders": {
        "Cache-Control": [
          "no-cache"
        ],
        "Pragma": [
          "no-cache"
        ],
        "Retry-After": [
          "0"
        ],
        "Azure-AsyncOperation": [
          "https://management.azure.com/subscriptions/4ce8c9fe-cadc-47d6-9c76-335812fd59df/providers/Microsoft.Resources/locations/westus2/deploymentStackOperationStatus/e8b7ec39-7961-4e5e-acf8-0115c5603095?api-version=2022-08-01-preview"
        ],
        "x-ms-request-id": [
          "8c58cfa6-6bef-48c2-b10b-36d38a8e3bc4"
        ],
        "Server": [
          "Microsoft-HTTPAPI/2.0"
        ],
        "x-ms-ratelimit-remaining-subscription-writes": [
          "1199"
        ],
        "x-ms-correlation-request-id": [
          "66c3bfcd-2be9-41c0-bfc8-2e648bd20c6c"
        ],
        "x-ms-routing-request-id": [
          "WESTUS:20221213T041814Z:66c3bfcd-2be9-41c0-bfc8-2e648bd20c6c"
        ],
        "Strict-Transport-Security": [
          "max-age=31536000; includeSubDomains"
        ],
        "X-Content-Type-Options": [
          "nosniff"
        ],
        "Date": [
          "Tue, 13 Dec 2022 04:18:13 GMT"
        ],
        "Content-Length": [
          "1059"
        ],
        "Content-Type": [
          "application/json; charset=utf-8"
        ],
        "Expires": [
          "-1"
        ]
      },
      "ResponseBody": "{\r\n  \"properties\": {\r\n    \"actionOnUnmanage\": {\r\n      \"resources\": \"detach\",\r\n      \"resourceGroups\": \"detach\",\r\n      \"managementGroups\": \"detach\"\r\n    },\r\n    \"denySettings\": {\r\n      \"mode\": \"denyDelete\",\r\n      \"applyToChildScopes\": true\r\n    },\r\n    \"parameters\": {\r\n      \"templateSpecName\": {\r\n        \"value\": \"StacksScenarioTestSpec\"\r\n      }\r\n    },\r\n    \"resources\": [],\r\n    \"provisioningState\": \"initializing\",\r\n    \"detachedResources\": [],\r\n    \"deletedResources\": [],\r\n    \"failedResources\": []\r\n  },\r\n  \"systemData\": {\r\n    \"createdBy\": \"546094f3-32fa-493c-824c-bd9575b0d2fe\",\r\n    \"createdByType\": \"Application\",\r\n    \"createdAt\": \"2022-12-13T04:18:04.5359803Z\",\r\n    \"lastModifiedBy\": \"546094f3-32fa-493c-824c-bd9575b0d2fe\",\r\n    \"lastModifiedByType\": \"Application\",\r\n    \"lastModifiedAt\": \"2022-12-13T04:18:14.1315284Z\"\r\n  },\r\n  \"id\": \"/subscriptions/4ce8c9fe-cadc-47d6-9c76-335812fd59df/resourceGroups/ps6118/providers/Microsoft.Resources/deploymentStacks/ps4130\",\r\n  \"type\": \"Microsoft.Resources/deploymentStacks\",\r\n  \"name\": \"ps4130\"\r\n}",
      "StatusCode": 200
    },
    {
      "RequestUri": "/subscriptions/4ce8c9fe-cadc-47d6-9c76-335812fd59df/resourceGroups/ps6118/providers/Microsoft.Resources/deploymentStacks/ps4130?api-version=2022-08-01-preview",
      "EncodedRequestUri": "L3N1YnNjcmlwdGlvbnMvNGNlOGM5ZmUtY2FkYy00N2Q2LTljNzYtMzM1ODEyZmQ1OWRmL3Jlc291cmNlR3JvdXBzL3BzNjExOC9wcm92aWRlcnMvTWljcm9zb2Z0LlJlc291cmNlcy9kZXBsb3ltZW50U3RhY2tzL3BzNDEzMD9hcGktdmVyc2lvbj0yMDIyLTA4LTAxLXByZXZpZXc=",
      "RequestMethod": "GET",
      "RequestHeaders": {
        "x-ms-client-request-id": [
          "27a0f7c3-4e9f-499f-ab06-bc766a216a34"
        ],
        "Accept-Language": [
          "en-US"
        ],
        "User-Agent": [
          "FxVersion/4.700.22.51102",
          "OSName/Windows",
          "OSVersion/Microsoft.Windows.10.0.22621",
          "Microsoft.Azure.Management.ResourceManager.DeploymentStacksClient/3.17.4.0"
        ]
      },
      "RequestBody": "",
      "ResponseHeaders": {
        "Cache-Control": [
          "no-cache"
        ],
        "Pragma": [
          "no-cache"
        ],
        "x-ms-request-id": [
          "c2c130bd-e8e7-4134-80f1-b36dbdc4e2e1"
        ],
        "Server": [
          "Microsoft-HTTPAPI/2.0"
        ],
        "x-ms-ratelimit-remaining-subscription-reads": [
          "11999"
        ],
        "x-ms-correlation-request-id": [
          "4be5c7b9-18af-4655-9d71-d372ceed0c46"
        ],
        "x-ms-routing-request-id": [
          "WESTUS:20221213T041805Z:4be5c7b9-18af-4655-9d71-d372ceed0c46"
        ],
        "Strict-Transport-Security": [
          "max-age=31536000; includeSubDomains"
        ],
        "X-Content-Type-Options": [
          "nosniff"
        ],
        "Date": [
          "Tue, 13 Dec 2022 04:18:04 GMT"
        ],
        "Content-Length": [
          "1059"
        ],
        "Content-Type": [
          "application/json; charset=utf-8"
        ],
        "Expires": [
          "-1"
        ],
        "Retry-After": [
          "0"
        ]
      },
      "ResponseBody": "{\r\n  \"properties\": {\r\n    \"actionOnUnmanage\": {\r\n      \"resources\": \"detach\",\r\n      \"resourceGroups\": \"detach\",\r\n      \"managementGroups\": \"detach\"\r\n    },\r\n    \"denySettings\": {\r\n      \"mode\": \"denyDelete\",\r\n      \"applyToChildScopes\": true\r\n    },\r\n    \"parameters\": {\r\n      \"templateSpecName\": {\r\n        \"value\": \"StacksScenarioTestSpec\"\r\n      }\r\n    },\r\n    \"resources\": [],\r\n    \"provisioningState\": \"initializing\",\r\n    \"detachedResources\": [],\r\n    \"deletedResources\": [],\r\n    \"failedResources\": []\r\n  },\r\n  \"systemData\": {\r\n    \"createdBy\": \"546094f3-32fa-493c-824c-bd9575b0d2fe\",\r\n    \"createdByType\": \"Application\",\r\n    \"createdAt\": \"2022-12-13T04:18:04.5359803Z\",\r\n    \"lastModifiedBy\": \"546094f3-32fa-493c-824c-bd9575b0d2fe\",\r\n    \"lastModifiedByType\": \"Application\",\r\n    \"lastModifiedAt\": \"2022-12-13T04:18:04.5359803Z\"\r\n  },\r\n  \"id\": \"/subscriptions/4ce8c9fe-cadc-47d6-9c76-335812fd59df/resourceGroups/ps6118/providers/Microsoft.Resources/deploymentStacks/ps4130\",\r\n  \"type\": \"Microsoft.Resources/deploymentStacks\",\r\n  \"name\": \"ps4130\"\r\n}",
      "StatusCode": 200
    },
    {
      "RequestUri": "/subscriptions/4ce8c9fe-cadc-47d6-9c76-335812fd59df/resourceGroups/ps6118/providers/Microsoft.Resources/deploymentStacks/ps4130?api-version=2022-08-01-preview",
      "EncodedRequestUri": "L3N1YnNjcmlwdGlvbnMvNGNlOGM5ZmUtY2FkYy00N2Q2LTljNzYtMzM1ODEyZmQ1OWRmL3Jlc291cmNlR3JvdXBzL3BzNjExOC9wcm92aWRlcnMvTWljcm9zb2Z0LlJlc291cmNlcy9kZXBsb3ltZW50U3RhY2tzL3BzNDEzMD9hcGktdmVyc2lvbj0yMDIyLTA4LTAxLXByZXZpZXc=",
      "RequestMethod": "GET",
      "RequestHeaders": {
        "x-ms-client-request-id": [
          "27a0f7c3-4e9f-499f-ab06-bc766a216a34"
        ],
        "Accept-Language": [
          "en-US"
        ],
        "User-Agent": [
          "FxVersion/4.700.22.51102",
          "OSName/Windows",
          "OSVersion/Microsoft.Windows.10.0.22621",
          "Microsoft.Azure.Management.ResourceManager.DeploymentStacksClient/3.17.4.0"
        ]
      },
      "RequestBody": "",
      "ResponseHeaders": {
        "Cache-Control": [
          "no-cache"
        ],
        "Pragma": [
          "no-cache"
        ],
        "x-ms-request-id": [
          "c57d1b4d-d200-4d95-a36c-fdf47e65d866"
        ],
        "Server": [
          "Microsoft-HTTPAPI/2.0"
        ],
        "x-ms-ratelimit-remaining-subscription-reads": [
          "11998"
        ],
        "x-ms-correlation-request-id": [
          "ac57892a-b658-4b85-b99c-4b6327ed749b"
        ],
        "x-ms-routing-request-id": [
          "WESTUS:20221213T041805Z:ac57892a-b658-4b85-b99c-4b6327ed749b"
        ],
        "Strict-Transport-Security": [
          "max-age=31536000; includeSubDomains"
        ],
        "X-Content-Type-Options": [
          "nosniff"
        ],
        "Date": [
          "Tue, 13 Dec 2022 04:18:04 GMT"
        ],
        "Content-Length": [
          "1059"
        ],
        "Content-Type": [
          "application/json; charset=utf-8"
        ],
        "Expires": [
          "-1"
        ],
        "Retry-After": [
          "0"
        ]
      },
      "ResponseBody": "{\r\n  \"properties\": {\r\n    \"actionOnUnmanage\": {\r\n      \"resources\": \"detach\",\r\n      \"resourceGroups\": \"detach\",\r\n      \"managementGroups\": \"detach\"\r\n    },\r\n    \"denySettings\": {\r\n      \"mode\": \"denyDelete\",\r\n      \"applyToChildScopes\": true\r\n    },\r\n    \"parameters\": {\r\n      \"templateSpecName\": {\r\n        \"value\": \"StacksScenarioTestSpec\"\r\n      }\r\n    },\r\n    \"resources\": [],\r\n    \"provisioningState\": \"initializing\",\r\n    \"detachedResources\": [],\r\n    \"deletedResources\": [],\r\n    \"failedResources\": []\r\n  },\r\n  \"systemData\": {\r\n    \"createdBy\": \"546094f3-32fa-493c-824c-bd9575b0d2fe\",\r\n    \"createdByType\": \"Application\",\r\n    \"createdAt\": \"2022-12-13T04:18:04.5359803Z\",\r\n    \"lastModifiedBy\": \"546094f3-32fa-493c-824c-bd9575b0d2fe\",\r\n    \"lastModifiedByType\": \"Application\",\r\n    \"lastModifiedAt\": \"2022-12-13T04:18:04.5359803Z\"\r\n  },\r\n  \"id\": \"/subscriptions/4ce8c9fe-cadc-47d6-9c76-335812fd59df/resourceGroups/ps6118/providers/Microsoft.Resources/deploymentStacks/ps4130\",\r\n  \"type\": \"Microsoft.Resources/deploymentStacks\",\r\n  \"name\": \"ps4130\"\r\n}",
      "StatusCode": 200
    },
    {
      "RequestUri": "/subscriptions/4ce8c9fe-cadc-47d6-9c76-335812fd59df/resourceGroups/ps6118/providers/Microsoft.Resources/deploymentStacks/ps4130?api-version=2022-08-01-preview",
      "EncodedRequestUri": "L3N1YnNjcmlwdGlvbnMvNGNlOGM5ZmUtY2FkYy00N2Q2LTljNzYtMzM1ODEyZmQ1OWRmL3Jlc291cmNlR3JvdXBzL3BzNjExOC9wcm92aWRlcnMvTWljcm9zb2Z0LlJlc291cmNlcy9kZXBsb3ltZW50U3RhY2tzL3BzNDEzMD9hcGktdmVyc2lvbj0yMDIyLTA4LTAxLXByZXZpZXc=",
      "RequestMethod": "GET",
      "RequestHeaders": {
        "x-ms-client-request-id": [
          "27a0f7c3-4e9f-499f-ab06-bc766a216a34"
        ],
        "Accept-Language": [
          "en-US"
        ],
        "User-Agent": [
          "FxVersion/4.700.22.51102",
          "OSName/Windows",
          "OSVersion/Microsoft.Windows.10.0.22621",
          "Microsoft.Azure.Management.ResourceManager.DeploymentStacksClient/3.17.4.0"
        ]
      },
      "RequestBody": "",
      "ResponseHeaders": {
        "Cache-Control": [
          "no-cache"
        ],
        "Pragma": [
          "no-cache"
        ],
        "x-ms-request-id": [
          "8f8c312b-b60b-412b-8296-29e51f3501e0"
        ],
        "Server": [
          "Microsoft-HTTPAPI/2.0"
        ],
        "x-ms-ratelimit-remaining-subscription-reads": [
          "11997"
        ],
        "x-ms-correlation-request-id": [
          "fa4bd0fe-114b-47df-bdde-02a6a87a88ef"
        ],
        "x-ms-routing-request-id": [
          "WESTUS:20221213T041805Z:fa4bd0fe-114b-47df-bdde-02a6a87a88ef"
        ],
        "Strict-Transport-Security": [
          "max-age=31536000; includeSubDomains"
        ],
        "X-Content-Type-Options": [
          "nosniff"
        ],
        "Date": [
          "Tue, 13 Dec 2022 04:18:05 GMT"
        ],
        "Content-Length": [
          "1059"
        ],
        "Content-Type": [
          "application/json; charset=utf-8"
        ],
        "Expires": [
          "-1"
        ],
        "Retry-After": [
          "0"
        ]
      },
      "ResponseBody": "{\r\n  \"properties\": {\r\n    \"actionOnUnmanage\": {\r\n      \"resources\": \"detach\",\r\n      \"resourceGroups\": \"detach\",\r\n      \"managementGroups\": \"detach\"\r\n    },\r\n    \"denySettings\": {\r\n      \"mode\": \"denyDelete\",\r\n      \"applyToChildScopes\": true\r\n    },\r\n    \"parameters\": {\r\n      \"templateSpecName\": {\r\n        \"value\": \"StacksScenarioTestSpec\"\r\n      }\r\n    },\r\n    \"resources\": [],\r\n    \"provisioningState\": \"initializing\",\r\n    \"detachedResources\": [],\r\n    \"deletedResources\": [],\r\n    \"failedResources\": []\r\n  },\r\n  \"systemData\": {\r\n    \"createdBy\": \"546094f3-32fa-493c-824c-bd9575b0d2fe\",\r\n    \"createdByType\": \"Application\",\r\n    \"createdAt\": \"2022-12-13T04:18:04.5359803Z\",\r\n    \"lastModifiedBy\": \"546094f3-32fa-493c-824c-bd9575b0d2fe\",\r\n    \"lastModifiedByType\": \"Application\",\r\n    \"lastModifiedAt\": \"2022-12-13T04:18:04.5359803Z\"\r\n  },\r\n  \"id\": \"/subscriptions/4ce8c9fe-cadc-47d6-9c76-335812fd59df/resourceGroups/ps6118/providers/Microsoft.Resources/deploymentStacks/ps4130\",\r\n  \"type\": \"Microsoft.Resources/deploymentStacks\",\r\n  \"name\": \"ps4130\"\r\n}",
      "StatusCode": 200
    },
    {
      "RequestUri": "/subscriptions/4ce8c9fe-cadc-47d6-9c76-335812fd59df/resourceGroups/ps6118/providers/Microsoft.Resources/deploymentStacks/ps4130?api-version=2022-08-01-preview",
      "EncodedRequestUri": "L3N1YnNjcmlwdGlvbnMvNGNlOGM5ZmUtY2FkYy00N2Q2LTljNzYtMzM1ODEyZmQ1OWRmL3Jlc291cmNlR3JvdXBzL3BzNjExOC9wcm92aWRlcnMvTWljcm9zb2Z0LlJlc291cmNlcy9kZXBsb3ltZW50U3RhY2tzL3BzNDEzMD9hcGktdmVyc2lvbj0yMDIyLTA4LTAxLXByZXZpZXc=",
      "RequestMethod": "GET",
      "RequestHeaders": {
        "x-ms-client-request-id": [
          "27a0f7c3-4e9f-499f-ab06-bc766a216a34"
        ],
        "Accept-Language": [
          "en-US"
        ],
        "User-Agent": [
          "FxVersion/4.700.22.51102",
          "OSName/Windows",
          "OSVersion/Microsoft.Windows.10.0.22621",
          "Microsoft.Azure.Management.ResourceManager.DeploymentStacksClient/3.17.4.0"
        ]
      },
      "RequestBody": "",
      "ResponseHeaders": {
        "Cache-Control": [
          "no-cache"
        ],
        "Pragma": [
          "no-cache"
        ],
        "x-ms-request-id": [
          "e3eb1924-5b11-4b83-83af-147719ae28d6"
        ],
        "Server": [
          "Microsoft-HTTPAPI/2.0"
        ],
        "x-ms-ratelimit-remaining-subscription-reads": [
          "11996"
        ],
        "x-ms-correlation-request-id": [
          "7877b747-d8eb-4e79-bbc7-ae8bcc00d6c3"
        ],
        "x-ms-routing-request-id": [
          "WESTUS:20221213T041805Z:7877b747-d8eb-4e79-bbc7-ae8bcc00d6c3"
        ],
        "Strict-Transport-Security": [
          "max-age=31536000; includeSubDomains"
        ],
        "X-Content-Type-Options": [
          "nosniff"
        ],
        "Date": [
          "Tue, 13 Dec 2022 04:18:05 GMT"
        ],
        "Content-Length": [
          "1229"
        ],
        "Content-Type": [
          "application/json; charset=utf-8"
        ],
        "Expires": [
          "-1"
        ],
        "Retry-After": [
          "0"
        ]
      },
      "ResponseBody": "{\r\n  \"properties\": {\r\n    \"actionOnUnmanage\": {\r\n      \"resources\": \"detach\",\r\n      \"resourceGroups\": \"detach\",\r\n      \"managementGroups\": \"detach\"\r\n    },\r\n    \"deploymentId\": \"/subscriptions/4ce8c9fe-cadc-47d6-9c76-335812fd59df/resourceGroups/ps6118/providers/Microsoft.Resources/deployments/ps4130-2022-12-13-04-18-04-dfc10\",\r\n    \"denySettings\": {\r\n      \"mode\": \"denyDelete\",\r\n      \"applyToChildScopes\": true\r\n    },\r\n    \"parameters\": {\r\n      \"templateSpecName\": {\r\n        \"value\": \"StacksScenarioTestSpec\"\r\n      }\r\n    },\r\n    \"resources\": [],\r\n    \"provisioningState\": \"deploying\",\r\n    \"detachedResources\": [],\r\n    \"deletedResources\": [],\r\n    \"failedResources\": []\r\n  },\r\n  \"systemData\": {\r\n    \"createdBy\": \"546094f3-32fa-493c-824c-bd9575b0d2fe\",\r\n    \"createdByType\": \"Application\",\r\n    \"createdAt\": \"2022-12-13T04:18:04.5359803Z\",\r\n    \"lastModifiedBy\": \"546094f3-32fa-493c-824c-bd9575b0d2fe\",\r\n    \"lastModifiedByType\": \"Application\",\r\n    \"lastModifiedAt\": \"2022-12-13T04:18:04.5359803Z\"\r\n  },\r\n  \"id\": \"/subscriptions/4ce8c9fe-cadc-47d6-9c76-335812fd59df/resourceGroups/ps6118/providers/Microsoft.Resources/deploymentStacks/ps4130\",\r\n  \"type\": \"Microsoft.Resources/deploymentStacks\",\r\n  \"name\": \"ps4130\"\r\n}",
      "StatusCode": 200
    },
    {
      "RequestUri": "/subscriptions/4ce8c9fe-cadc-47d6-9c76-335812fd59df/resourceGroups/ps6118/providers/Microsoft.Resources/deploymentStacks/ps4130?api-version=2022-08-01-preview",
      "EncodedRequestUri": "L3N1YnNjcmlwdGlvbnMvNGNlOGM5ZmUtY2FkYy00N2Q2LTljNzYtMzM1ODEyZmQ1OWRmL3Jlc291cmNlR3JvdXBzL3BzNjExOC9wcm92aWRlcnMvTWljcm9zb2Z0LlJlc291cmNlcy9kZXBsb3ltZW50U3RhY2tzL3BzNDEzMD9hcGktdmVyc2lvbj0yMDIyLTA4LTAxLXByZXZpZXc=",
      "RequestMethod": "GET",
      "RequestHeaders": {
        "x-ms-client-request-id": [
          "27a0f7c3-4e9f-499f-ab06-bc766a216a34"
        ],
        "Accept-Language": [
          "en-US"
        ],
        "User-Agent": [
          "FxVersion/4.700.22.51102",
          "OSName/Windows",
          "OSVersion/Microsoft.Windows.10.0.22621",
          "Microsoft.Azure.Management.ResourceManager.DeploymentStacksClient/3.17.4.0"
        ]
      },
      "RequestBody": "",
      "ResponseHeaders": {
        "Cache-Control": [
          "no-cache"
        ],
        "Pragma": [
          "no-cache"
        ],
        "x-ms-request-id": [
          "115998c8-bfb9-4d20-ac5a-3682298149f6"
        ],
        "Server": [
          "Microsoft-HTTPAPI/2.0"
        ],
        "x-ms-ratelimit-remaining-subscription-reads": [
          "11995"
        ],
        "x-ms-correlation-request-id": [
          "89122ecd-5bff-4040-af66-426914be0741"
        ],
        "x-ms-routing-request-id": [
          "WESTUS:20221213T041806Z:89122ecd-5bff-4040-af66-426914be0741"
        ],
        "Strict-Transport-Security": [
          "max-age=31536000; includeSubDomains"
        ],
        "X-Content-Type-Options": [
          "nosniff"
        ],
        "Date": [
          "Tue, 13 Dec 2022 04:18:05 GMT"
        ],
        "Content-Length": [
          "1229"
        ],
        "Content-Type": [
          "application/json; charset=utf-8"
        ],
        "Expires": [
          "-1"
        ],
        "Retry-After": [
          "0"
        ]
      },
      "ResponseBody": "{\r\n  \"properties\": {\r\n    \"actionOnUnmanage\": {\r\n      \"resources\": \"detach\",\r\n      \"resourceGroups\": \"detach\",\r\n      \"managementGroups\": \"detach\"\r\n    },\r\n    \"deploymentId\": \"/subscriptions/4ce8c9fe-cadc-47d6-9c76-335812fd59df/resourceGroups/ps6118/providers/Microsoft.Resources/deployments/ps4130-2022-12-13-04-18-04-dfc10\",\r\n    \"denySettings\": {\r\n      \"mode\": \"denyDelete\",\r\n      \"applyToChildScopes\": true\r\n    },\r\n    \"parameters\": {\r\n      \"templateSpecName\": {\r\n        \"value\": \"StacksScenarioTestSpec\"\r\n      }\r\n    },\r\n    \"resources\": [],\r\n    \"provisioningState\": \"deploying\",\r\n    \"detachedResources\": [],\r\n    \"deletedResources\": [],\r\n    \"failedResources\": []\r\n  },\r\n  \"systemData\": {\r\n    \"createdBy\": \"546094f3-32fa-493c-824c-bd9575b0d2fe\",\r\n    \"createdByType\": \"Application\",\r\n    \"createdAt\": \"2022-12-13T04:18:04.5359803Z\",\r\n    \"lastModifiedBy\": \"546094f3-32fa-493c-824c-bd9575b0d2fe\",\r\n    \"lastModifiedByType\": \"Application\",\r\n    \"lastModifiedAt\": \"2022-12-13T04:18:04.5359803Z\"\r\n  },\r\n  \"id\": \"/subscriptions/4ce8c9fe-cadc-47d6-9c76-335812fd59df/resourceGroups/ps6118/providers/Microsoft.Resources/deploymentStacks/ps4130\",\r\n  \"type\": \"Microsoft.Resources/deploymentStacks\",\r\n  \"name\": \"ps4130\"\r\n}",
      "StatusCode": 200
    },
    {
      "RequestUri": "/subscriptions/4ce8c9fe-cadc-47d6-9c76-335812fd59df/resourceGroups/ps6118/providers/Microsoft.Resources/deploymentStacks/ps4130?api-version=2022-08-01-preview",
      "EncodedRequestUri": "L3N1YnNjcmlwdGlvbnMvNGNlOGM5ZmUtY2FkYy00N2Q2LTljNzYtMzM1ODEyZmQ1OWRmL3Jlc291cmNlR3JvdXBzL3BzNjExOC9wcm92aWRlcnMvTWljcm9zb2Z0LlJlc291cmNlcy9kZXBsb3ltZW50U3RhY2tzL3BzNDEzMD9hcGktdmVyc2lvbj0yMDIyLTA4LTAxLXByZXZpZXc=",
      "RequestMethod": "GET",
      "RequestHeaders": {
        "x-ms-client-request-id": [
          "27a0f7c3-4e9f-499f-ab06-bc766a216a34"
        ],
        "Accept-Language": [
          "en-US"
        ],
        "User-Agent": [
          "FxVersion/4.700.22.51102",
          "OSName/Windows",
          "OSVersion/Microsoft.Windows.10.0.22621",
          "Microsoft.Azure.Management.ResourceManager.DeploymentStacksClient/3.17.4.0"
        ]
      },
      "RequestBody": "",
      "ResponseHeaders": {
        "Cache-Control": [
          "no-cache"
        ],
        "Pragma": [
          "no-cache"
        ],
        "x-ms-request-id": [
          "542ccc12-be2b-4a5f-9fd4-bbff76acd12f"
        ],
        "Server": [
          "Microsoft-HTTPAPI/2.0"
        ],
        "x-ms-ratelimit-remaining-subscription-reads": [
          "11994"
        ],
        "x-ms-correlation-request-id": [
          "98f7438e-cc1c-422a-afb7-4fd61c49bb53"
        ],
        "x-ms-routing-request-id": [
          "WESTUS:20221213T041806Z:98f7438e-cc1c-422a-afb7-4fd61c49bb53"
        ],
        "Strict-Transport-Security": [
          "max-age=31536000; includeSubDomains"
        ],
        "X-Content-Type-Options": [
          "nosniff"
        ],
        "Date": [
          "Tue, 13 Dec 2022 04:18:06 GMT"
        ],
        "Content-Length": [
          "1229"
        ],
        "Content-Type": [
          "application/json; charset=utf-8"
        ],
        "Expires": [
          "-1"
        ],
        "Retry-After": [
          "0"
        ]
      },
      "ResponseBody": "{\r\n  \"properties\": {\r\n    \"actionOnUnmanage\": {\r\n      \"resources\": \"detach\",\r\n      \"resourceGroups\": \"detach\",\r\n      \"managementGroups\": \"detach\"\r\n    },\r\n    \"deploymentId\": \"/subscriptions/4ce8c9fe-cadc-47d6-9c76-335812fd59df/resourceGroups/ps6118/providers/Microsoft.Resources/deployments/ps4130-2022-12-13-04-18-04-dfc10\",\r\n    \"denySettings\": {\r\n      \"mode\": \"denyDelete\",\r\n      \"applyToChildScopes\": true\r\n    },\r\n    \"parameters\": {\r\n      \"templateSpecName\": {\r\n        \"value\": \"StacksScenarioTestSpec\"\r\n      }\r\n    },\r\n    \"resources\": [],\r\n    \"provisioningState\": \"deploying\",\r\n    \"detachedResources\": [],\r\n    \"deletedResources\": [],\r\n    \"failedResources\": []\r\n  },\r\n  \"systemData\": {\r\n    \"createdBy\": \"546094f3-32fa-493c-824c-bd9575b0d2fe\",\r\n    \"createdByType\": \"Application\",\r\n    \"createdAt\": \"2022-12-13T04:18:04.5359803Z\",\r\n    \"lastModifiedBy\": \"546094f3-32fa-493c-824c-bd9575b0d2fe\",\r\n    \"lastModifiedByType\": \"Application\",\r\n    \"lastModifiedAt\": \"2022-12-13T04:18:04.5359803Z\"\r\n  },\r\n  \"id\": \"/subscriptions/4ce8c9fe-cadc-47d6-9c76-335812fd59df/resourceGroups/ps6118/providers/Microsoft.Resources/deploymentStacks/ps4130\",\r\n  \"type\": \"Microsoft.Resources/deploymentStacks\",\r\n  \"name\": \"ps4130\"\r\n}",
      "StatusCode": 200
    },
    {
      "RequestUri": "/subscriptions/4ce8c9fe-cadc-47d6-9c76-335812fd59df/resourceGroups/ps6118/providers/Microsoft.Resources/deploymentStacks/ps4130?api-version=2022-08-01-preview",
      "EncodedRequestUri": "L3N1YnNjcmlwdGlvbnMvNGNlOGM5ZmUtY2FkYy00N2Q2LTljNzYtMzM1ODEyZmQ1OWRmL3Jlc291cmNlR3JvdXBzL3BzNjExOC9wcm92aWRlcnMvTWljcm9zb2Z0LlJlc291cmNlcy9kZXBsb3ltZW50U3RhY2tzL3BzNDEzMD9hcGktdmVyc2lvbj0yMDIyLTA4LTAxLXByZXZpZXc=",
      "RequestMethod": "GET",
      "RequestHeaders": {
        "x-ms-client-request-id": [
          "27a0f7c3-4e9f-499f-ab06-bc766a216a34"
        ],
        "Accept-Language": [
          "en-US"
        ],
        "User-Agent": [
          "FxVersion/4.700.22.51102",
          "OSName/Windows",
          "OSVersion/Microsoft.Windows.10.0.22621",
          "Microsoft.Azure.Management.ResourceManager.DeploymentStacksClient/3.17.4.0"
        ]
      },
      "RequestBody": "",
      "ResponseHeaders": {
        "Cache-Control": [
          "no-cache"
        ],
        "Pragma": [
          "no-cache"
        ],
        "x-ms-request-id": [
          "c6db41ab-b8ec-469f-a560-ecc89c532676"
        ],
        "Server": [
          "Microsoft-HTTPAPI/2.0"
        ],
        "x-ms-ratelimit-remaining-subscription-reads": [
          "11993"
        ],
        "x-ms-correlation-request-id": [
          "511f509c-51c6-4350-b698-b39146bffa54"
        ],
        "x-ms-routing-request-id": [
          "WESTUS:20221213T041807Z:511f509c-51c6-4350-b698-b39146bffa54"
        ],
        "Strict-Transport-Security": [
          "max-age=31536000; includeSubDomains"
        ],
        "X-Content-Type-Options": [
          "nosniff"
        ],
        "Date": [
          "Tue, 13 Dec 2022 04:18:06 GMT"
        ],
        "Content-Length": [
          "1229"
        ],
        "Content-Type": [
          "application/json; charset=utf-8"
        ],
        "Expires": [
          "-1"
        ],
        "Retry-After": [
          "0"
        ]
      },
      "ResponseBody": "{\r\n  \"properties\": {\r\n    \"actionOnUnmanage\": {\r\n      \"resources\": \"detach\",\r\n      \"resourceGroups\": \"detach\",\r\n      \"managementGroups\": \"detach\"\r\n    },\r\n    \"deploymentId\": \"/subscriptions/4ce8c9fe-cadc-47d6-9c76-335812fd59df/resourceGroups/ps6118/providers/Microsoft.Resources/deployments/ps4130-2022-12-13-04-18-04-dfc10\",\r\n    \"denySettings\": {\r\n      \"mode\": \"denyDelete\",\r\n      \"applyToChildScopes\": true\r\n    },\r\n    \"parameters\": {\r\n      \"templateSpecName\": {\r\n        \"value\": \"StacksScenarioTestSpec\"\r\n      }\r\n    },\r\n    \"resources\": [],\r\n    \"provisioningState\": \"deploying\",\r\n    \"detachedResources\": [],\r\n    \"deletedResources\": [],\r\n    \"failedResources\": []\r\n  },\r\n  \"systemData\": {\r\n    \"createdBy\": \"546094f3-32fa-493c-824c-bd9575b0d2fe\",\r\n    \"createdByType\": \"Application\",\r\n    \"createdAt\": \"2022-12-13T04:18:04.5359803Z\",\r\n    \"lastModifiedBy\": \"546094f3-32fa-493c-824c-bd9575b0d2fe\",\r\n    \"lastModifiedByType\": \"Application\",\r\n    \"lastModifiedAt\": \"2022-12-13T04:18:04.5359803Z\"\r\n  },\r\n  \"id\": \"/subscriptions/4ce8c9fe-cadc-47d6-9c76-335812fd59df/resourceGroups/ps6118/providers/Microsoft.Resources/deploymentStacks/ps4130\",\r\n  \"type\": \"Microsoft.Resources/deploymentStacks\",\r\n  \"name\": \"ps4130\"\r\n}",
      "StatusCode": 200
    },
    {
      "RequestUri": "/subscriptions/4ce8c9fe-cadc-47d6-9c76-335812fd59df/resourceGroups/ps6118/providers/Microsoft.Resources/deploymentStacks/ps4130?api-version=2022-08-01-preview",
      "EncodedRequestUri": "L3N1YnNjcmlwdGlvbnMvNGNlOGM5ZmUtY2FkYy00N2Q2LTljNzYtMzM1ODEyZmQ1OWRmL3Jlc291cmNlR3JvdXBzL3BzNjExOC9wcm92aWRlcnMvTWljcm9zb2Z0LlJlc291cmNlcy9kZXBsb3ltZW50U3RhY2tzL3BzNDEzMD9hcGktdmVyc2lvbj0yMDIyLTA4LTAxLXByZXZpZXc=",
      "RequestMethod": "GET",
      "RequestHeaders": {
        "x-ms-client-request-id": [
          "27a0f7c3-4e9f-499f-ab06-bc766a216a34"
        ],
        "Accept-Language": [
          "en-US"
        ],
        "User-Agent": [
          "FxVersion/4.700.22.51102",
          "OSName/Windows",
          "OSVersion/Microsoft.Windows.10.0.22621",
          "Microsoft.Azure.Management.ResourceManager.DeploymentStacksClient/3.17.4.0"
        ]
      },
      "RequestBody": "",
      "ResponseHeaders": {
        "Cache-Control": [
          "no-cache"
        ],
        "Pragma": [
          "no-cache"
        ],
        "x-ms-request-id": [
          "a81f3b94-6bc4-4ccf-a0f8-44ecd2bfcf33"
        ],
        "Server": [
          "Microsoft-HTTPAPI/2.0"
        ],
        "x-ms-ratelimit-remaining-subscription-reads": [
          "11992"
        ],
        "x-ms-correlation-request-id": [
          "ad1f727c-01c0-4f8e-97a0-3be1b405f440"
        ],
        "x-ms-routing-request-id": [
          "WESTUS:20221213T041807Z:ad1f727c-01c0-4f8e-97a0-3be1b405f440"
        ],
        "Strict-Transport-Security": [
          "max-age=31536000; includeSubDomains"
        ],
        "X-Content-Type-Options": [
          "nosniff"
        ],
        "Date": [
          "Tue, 13 Dec 2022 04:18:06 GMT"
        ],
        "Content-Length": [
          "1229"
        ],
        "Content-Type": [
          "application/json; charset=utf-8"
        ],
        "Expires": [
          "-1"
        ],
        "Retry-After": [
          "0"
        ]
      },
      "ResponseBody": "{\r\n  \"properties\": {\r\n    \"actionOnUnmanage\": {\r\n      \"resources\": \"detach\",\r\n      \"resourceGroups\": \"detach\",\r\n      \"managementGroups\": \"detach\"\r\n    },\r\n    \"deploymentId\": \"/subscriptions/4ce8c9fe-cadc-47d6-9c76-335812fd59df/resourceGroups/ps6118/providers/Microsoft.Resources/deployments/ps4130-2022-12-13-04-18-04-dfc10\",\r\n    \"denySettings\": {\r\n      \"mode\": \"denyDelete\",\r\n      \"applyToChildScopes\": true\r\n    },\r\n    \"parameters\": {\r\n      \"templateSpecName\": {\r\n        \"value\": \"StacksScenarioTestSpec\"\r\n      }\r\n    },\r\n    \"resources\": [],\r\n    \"provisioningState\": \"deploying\",\r\n    \"detachedResources\": [],\r\n    \"deletedResources\": [],\r\n    \"failedResources\": []\r\n  },\r\n  \"systemData\": {\r\n    \"createdBy\": \"546094f3-32fa-493c-824c-bd9575b0d2fe\",\r\n    \"createdByType\": \"Application\",\r\n    \"createdAt\": \"2022-12-13T04:18:04.5359803Z\",\r\n    \"lastModifiedBy\": \"546094f3-32fa-493c-824c-bd9575b0d2fe\",\r\n    \"lastModifiedByType\": \"Application\",\r\n    \"lastModifiedAt\": \"2022-12-13T04:18:04.5359803Z\"\r\n  },\r\n  \"id\": \"/subscriptions/4ce8c9fe-cadc-47d6-9c76-335812fd59df/resourceGroups/ps6118/providers/Microsoft.Resources/deploymentStacks/ps4130\",\r\n  \"type\": \"Microsoft.Resources/deploymentStacks\",\r\n  \"name\": \"ps4130\"\r\n}",
      "StatusCode": 200
    },
    {
      "RequestUri": "/subscriptions/4ce8c9fe-cadc-47d6-9c76-335812fd59df/resourceGroups/ps6118/providers/Microsoft.Resources/deploymentStacks/ps4130?api-version=2022-08-01-preview",
      "EncodedRequestUri": "L3N1YnNjcmlwdGlvbnMvNGNlOGM5ZmUtY2FkYy00N2Q2LTljNzYtMzM1ODEyZmQ1OWRmL3Jlc291cmNlR3JvdXBzL3BzNjExOC9wcm92aWRlcnMvTWljcm9zb2Z0LlJlc291cmNlcy9kZXBsb3ltZW50U3RhY2tzL3BzNDEzMD9hcGktdmVyc2lvbj0yMDIyLTA4LTAxLXByZXZpZXc=",
      "RequestMethod": "GET",
      "RequestHeaders": {
        "x-ms-client-request-id": [
          "27a0f7c3-4e9f-499f-ab06-bc766a216a34"
        ],
        "Accept-Language": [
          "en-US"
        ],
        "User-Agent": [
          "FxVersion/4.700.22.51102",
          "OSName/Windows",
          "OSVersion/Microsoft.Windows.10.0.22621",
          "Microsoft.Azure.Management.ResourceManager.DeploymentStacksClient/3.17.4.0"
        ]
      },
      "RequestBody": "",
      "ResponseHeaders": {
        "Cache-Control": [
          "no-cache"
        ],
        "Pragma": [
          "no-cache"
        ],
        "x-ms-request-id": [
          "aa3faa85-6f53-416a-9ed7-cd63aff03118"
        ],
        "Server": [
          "Microsoft-HTTPAPI/2.0"
        ],
        "x-ms-ratelimit-remaining-subscription-reads": [
          "11991"
        ],
        "x-ms-correlation-request-id": [
          "5e0d771a-7e1a-4fa4-a423-6b49634c8e02"
        ],
        "x-ms-routing-request-id": [
          "WESTUS:20221213T041807Z:5e0d771a-7e1a-4fa4-a423-6b49634c8e02"
        ],
        "Strict-Transport-Security": [
          "max-age=31536000; includeSubDomains"
        ],
        "X-Content-Type-Options": [
          "nosniff"
        ],
        "Date": [
          "Tue, 13 Dec 2022 04:18:07 GMT"
        ],
        "Content-Length": [
          "1229"
        ],
        "Content-Type": [
          "application/json; charset=utf-8"
        ],
        "Expires": [
          "-1"
        ],
        "Retry-After": [
          "0"
        ]
      },
      "ResponseBody": "{\r\n  \"properties\": {\r\n    \"actionOnUnmanage\": {\r\n      \"resources\": \"detach\",\r\n      \"resourceGroups\": \"detach\",\r\n      \"managementGroups\": \"detach\"\r\n    },\r\n    \"deploymentId\": \"/subscriptions/4ce8c9fe-cadc-47d6-9c76-335812fd59df/resourceGroups/ps6118/providers/Microsoft.Resources/deployments/ps4130-2022-12-13-04-18-04-dfc10\",\r\n    \"denySettings\": {\r\n      \"mode\": \"denyDelete\",\r\n      \"applyToChildScopes\": true\r\n    },\r\n    \"parameters\": {\r\n      \"templateSpecName\": {\r\n        \"value\": \"StacksScenarioTestSpec\"\r\n      }\r\n    },\r\n    \"resources\": [],\r\n    \"provisioningState\": \"deploying\",\r\n    \"detachedResources\": [],\r\n    \"deletedResources\": [],\r\n    \"failedResources\": []\r\n  },\r\n  \"systemData\": {\r\n    \"createdBy\": \"546094f3-32fa-493c-824c-bd9575b0d2fe\",\r\n    \"createdByType\": \"Application\",\r\n    \"createdAt\": \"2022-12-13T04:18:04.5359803Z\",\r\n    \"lastModifiedBy\": \"546094f3-32fa-493c-824c-bd9575b0d2fe\",\r\n    \"lastModifiedByType\": \"Application\",\r\n    \"lastModifiedAt\": \"2022-12-13T04:18:04.5359803Z\"\r\n  },\r\n  \"id\": \"/subscriptions/4ce8c9fe-cadc-47d6-9c76-335812fd59df/resourceGroups/ps6118/providers/Microsoft.Resources/deploymentStacks/ps4130\",\r\n  \"type\": \"Microsoft.Resources/deploymentStacks\",\r\n  \"name\": \"ps4130\"\r\n}",
      "StatusCode": 200
    },
    {
      "RequestUri": "/subscriptions/4ce8c9fe-cadc-47d6-9c76-335812fd59df/resourceGroups/ps6118/providers/Microsoft.Resources/deploymentStacks/ps4130?api-version=2022-08-01-preview",
      "EncodedRequestUri": "L3N1YnNjcmlwdGlvbnMvNGNlOGM5ZmUtY2FkYy00N2Q2LTljNzYtMzM1ODEyZmQ1OWRmL3Jlc291cmNlR3JvdXBzL3BzNjExOC9wcm92aWRlcnMvTWljcm9zb2Z0LlJlc291cmNlcy9kZXBsb3ltZW50U3RhY2tzL3BzNDEzMD9hcGktdmVyc2lvbj0yMDIyLTA4LTAxLXByZXZpZXc=",
      "RequestMethod": "GET",
      "RequestHeaders": {
        "x-ms-client-request-id": [
          "27a0f7c3-4e9f-499f-ab06-bc766a216a34"
        ],
        "Accept-Language": [
          "en-US"
        ],
        "User-Agent": [
          "FxVersion/4.700.22.51102",
          "OSName/Windows",
          "OSVersion/Microsoft.Windows.10.0.22621",
          "Microsoft.Azure.Management.ResourceManager.DeploymentStacksClient/3.17.4.0"
        ]
      },
      "RequestBody": "",
      "ResponseHeaders": {
        "Cache-Control": [
          "no-cache"
        ],
        "Pragma": [
          "no-cache"
        ],
        "x-ms-request-id": [
          "6bf15a66-962b-416b-ba2b-d14c40612e93"
        ],
        "Server": [
          "Microsoft-HTTPAPI/2.0"
        ],
        "x-ms-ratelimit-remaining-subscription-reads": [
          "11990"
        ],
        "x-ms-correlation-request-id": [
          "30593ee3-12f9-4d8f-8ff8-c1b22c5eb15a"
        ],
        "x-ms-routing-request-id": [
          "WESTUS:20221213T041808Z:30593ee3-12f9-4d8f-8ff8-c1b22c5eb15a"
        ],
        "Strict-Transport-Security": [
          "max-age=31536000; includeSubDomains"
        ],
        "X-Content-Type-Options": [
          "nosniff"
        ],
        "Date": [
          "Tue, 13 Dec 2022 04:18:07 GMT"
        ],
        "Content-Length": [
          "1229"
        ],
        "Content-Type": [
          "application/json; charset=utf-8"
        ],
        "Expires": [
          "-1"
        ],
        "Retry-After": [
          "0"
        ]
      },
      "ResponseBody": "{\r\n  \"properties\": {\r\n    \"actionOnUnmanage\": {\r\n      \"resources\": \"detach\",\r\n      \"resourceGroups\": \"detach\",\r\n      \"managementGroups\": \"detach\"\r\n    },\r\n    \"deploymentId\": \"/subscriptions/4ce8c9fe-cadc-47d6-9c76-335812fd59df/resourceGroups/ps6118/providers/Microsoft.Resources/deployments/ps4130-2022-12-13-04-18-04-dfc10\",\r\n    \"denySettings\": {\r\n      \"mode\": \"denyDelete\",\r\n      \"applyToChildScopes\": true\r\n    },\r\n    \"parameters\": {\r\n      \"templateSpecName\": {\r\n        \"value\": \"StacksScenarioTestSpec\"\r\n      }\r\n    },\r\n    \"resources\": [],\r\n    \"provisioningState\": \"deploying\",\r\n    \"detachedResources\": [],\r\n    \"deletedResources\": [],\r\n    \"failedResources\": []\r\n  },\r\n  \"systemData\": {\r\n    \"createdBy\": \"546094f3-32fa-493c-824c-bd9575b0d2fe\",\r\n    \"createdByType\": \"Application\",\r\n    \"createdAt\": \"2022-12-13T04:18:04.5359803Z\",\r\n    \"lastModifiedBy\": \"546094f3-32fa-493c-824c-bd9575b0d2fe\",\r\n    \"lastModifiedByType\": \"Application\",\r\n    \"lastModifiedAt\": \"2022-12-13T04:18:04.5359803Z\"\r\n  },\r\n  \"id\": \"/subscriptions/4ce8c9fe-cadc-47d6-9c76-335812fd59df/resourceGroups/ps6118/providers/Microsoft.Resources/deploymentStacks/ps4130\",\r\n  \"type\": \"Microsoft.Resources/deploymentStacks\",\r\n  \"name\": \"ps4130\"\r\n}",
      "StatusCode": 200
    },
    {
      "RequestUri": "/subscriptions/4ce8c9fe-cadc-47d6-9c76-335812fd59df/resourceGroups/ps6118/providers/Microsoft.Resources/deploymentStacks/ps4130?api-version=2022-08-01-preview",
      "EncodedRequestUri": "L3N1YnNjcmlwdGlvbnMvNGNlOGM5ZmUtY2FkYy00N2Q2LTljNzYtMzM1ODEyZmQ1OWRmL3Jlc291cmNlR3JvdXBzL3BzNjExOC9wcm92aWRlcnMvTWljcm9zb2Z0LlJlc291cmNlcy9kZXBsb3ltZW50U3RhY2tzL3BzNDEzMD9hcGktdmVyc2lvbj0yMDIyLTA4LTAxLXByZXZpZXc=",
      "RequestMethod": "GET",
      "RequestHeaders": {
        "x-ms-client-request-id": [
          "27a0f7c3-4e9f-499f-ab06-bc766a216a34"
        ],
        "Accept-Language": [
          "en-US"
        ],
        "User-Agent": [
          "FxVersion/4.700.22.51102",
          "OSName/Windows",
          "OSVersion/Microsoft.Windows.10.0.22621",
          "Microsoft.Azure.Management.ResourceManager.DeploymentStacksClient/3.17.4.0"
        ]
      },
      "RequestBody": "",
      "ResponseHeaders": {
        "Cache-Control": [
          "no-cache"
        ],
        "Pragma": [
          "no-cache"
        ],
        "x-ms-request-id": [
          "167f2688-ba18-4c7f-865d-350c762518e1"
        ],
        "Server": [
          "Microsoft-HTTPAPI/2.0"
        ],
        "x-ms-ratelimit-remaining-subscription-reads": [
          "11989"
        ],
        "x-ms-correlation-request-id": [
          "a1a4b050-e221-4447-9286-c86807b480cd"
        ],
        "x-ms-routing-request-id": [
          "WESTUS:20221213T041808Z:a1a4b050-e221-4447-9286-c86807b480cd"
        ],
        "Strict-Transport-Security": [
          "max-age=31536000; includeSubDomains"
        ],
        "X-Content-Type-Options": [
          "nosniff"
        ],
        "Date": [
          "Tue, 13 Dec 2022 04:18:08 GMT"
        ],
        "Content-Length": [
          "1229"
        ],
        "Content-Type": [
          "application/json; charset=utf-8"
        ],
        "Expires": [
          "-1"
        ],
        "Retry-After": [
          "0"
        ]
      },
      "ResponseBody": "{\r\n  \"properties\": {\r\n    \"actionOnUnmanage\": {\r\n      \"resources\": \"detach\",\r\n      \"resourceGroups\": \"detach\",\r\n      \"managementGroups\": \"detach\"\r\n    },\r\n    \"deploymentId\": \"/subscriptions/4ce8c9fe-cadc-47d6-9c76-335812fd59df/resourceGroups/ps6118/providers/Microsoft.Resources/deployments/ps4130-2022-12-13-04-18-04-dfc10\",\r\n    \"denySettings\": {\r\n      \"mode\": \"denyDelete\",\r\n      \"applyToChildScopes\": true\r\n    },\r\n    \"parameters\": {\r\n      \"templateSpecName\": {\r\n        \"value\": \"StacksScenarioTestSpec\"\r\n      }\r\n    },\r\n    \"resources\": [],\r\n    \"provisioningState\": \"deploying\",\r\n    \"detachedResources\": [],\r\n    \"deletedResources\": [],\r\n    \"failedResources\": []\r\n  },\r\n  \"systemData\": {\r\n    \"createdBy\": \"546094f3-32fa-493c-824c-bd9575b0d2fe\",\r\n    \"createdByType\": \"Application\",\r\n    \"createdAt\": \"2022-12-13T04:18:04.5359803Z\",\r\n    \"lastModifiedBy\": \"546094f3-32fa-493c-824c-bd9575b0d2fe\",\r\n    \"lastModifiedByType\": \"Application\",\r\n    \"lastModifiedAt\": \"2022-12-13T04:18:04.5359803Z\"\r\n  },\r\n  \"id\": \"/subscriptions/4ce8c9fe-cadc-47d6-9c76-335812fd59df/resourceGroups/ps6118/providers/Microsoft.Resources/deploymentStacks/ps4130\",\r\n  \"type\": \"Microsoft.Resources/deploymentStacks\",\r\n  \"name\": \"ps4130\"\r\n}",
      "StatusCode": 200
    },
    {
      "RequestUri": "/subscriptions/4ce8c9fe-cadc-47d6-9c76-335812fd59df/resourceGroups/ps6118/providers/Microsoft.Resources/deploymentStacks/ps4130?api-version=2022-08-01-preview",
      "EncodedRequestUri": "L3N1YnNjcmlwdGlvbnMvNGNlOGM5ZmUtY2FkYy00N2Q2LTljNzYtMzM1ODEyZmQ1OWRmL3Jlc291cmNlR3JvdXBzL3BzNjExOC9wcm92aWRlcnMvTWljcm9zb2Z0LlJlc291cmNlcy9kZXBsb3ltZW50U3RhY2tzL3BzNDEzMD9hcGktdmVyc2lvbj0yMDIyLTA4LTAxLXByZXZpZXc=",
      "RequestMethod": "GET",
      "RequestHeaders": {
        "x-ms-client-request-id": [
          "27a0f7c3-4e9f-499f-ab06-bc766a216a34"
        ],
        "Accept-Language": [
          "en-US"
        ],
        "User-Agent": [
          "FxVersion/4.700.22.51102",
          "OSName/Windows",
          "OSVersion/Microsoft.Windows.10.0.22621",
          "Microsoft.Azure.Management.ResourceManager.DeploymentStacksClient/3.17.4.0"
        ]
      },
      "RequestBody": "",
      "ResponseHeaders": {
        "Cache-Control": [
          "no-cache"
        ],
        "Pragma": [
          "no-cache"
        ],
        "x-ms-request-id": [
          "73fe6a13-cd14-4f30-93e3-90f69fe617e7"
        ],
        "Server": [
          "Microsoft-HTTPAPI/2.0"
        ],
        "x-ms-ratelimit-remaining-subscription-reads": [
          "11988"
        ],
        "x-ms-correlation-request-id": [
          "a2a17ec7-786f-4c17-b2e8-68534fe99601"
        ],
        "x-ms-routing-request-id": [
          "WESTUS:20221213T041809Z:a2a17ec7-786f-4c17-b2e8-68534fe99601"
        ],
        "Strict-Transport-Security": [
          "max-age=31536000; includeSubDomains"
        ],
        "X-Content-Type-Options": [
          "nosniff"
        ],
        "Date": [
          "Tue, 13 Dec 2022 04:18:08 GMT"
        ],
        "Content-Length": [
          "1470"
        ],
        "Content-Type": [
          "application/json; charset=utf-8"
        ],
        "Expires": [
          "-1"
        ],
        "Retry-After": [
          "0"
        ]
      },
      "ResponseBody": "{\r\n  \"properties\": {\r\n    \"actionOnUnmanage\": {\r\n      \"resources\": \"detach\",\r\n      \"resourceGroups\": \"detach\",\r\n      \"managementGroups\": \"detach\"\r\n    },\r\n    \"deploymentId\": \"/subscriptions/4ce8c9fe-cadc-47d6-9c76-335812fd59df/resourceGroups/ps6118/providers/Microsoft.Resources/deployments/ps4130-2022-12-13-04-18-04-dfc10\",\r\n    \"denySettings\": {\r\n      \"mode\": \"denyDelete\",\r\n      \"applyToChildScopes\": true\r\n    },\r\n    \"parameters\": {\r\n      \"templateSpecName\": {\r\n        \"value\": \"StacksScenarioTestSpec\"\r\n      }\r\n    },\r\n    \"resources\": [\r\n      {\r\n        \"status\": \"managed\",\r\n        \"denyStatus\": \"none\",\r\n        \"id\": \"/subscriptions/4ce8c9fe-cadc-47d6-9c76-335812fd59df/resourceGroups/ps6118/providers/Microsoft.Resources/templateSpecs/StacksScenarioTestSpec\"\r\n      }\r\n    ],\r\n    \"provisioningState\": \"locking\",\r\n    \"detachedResources\": [],\r\n    \"deletedResources\": [],\r\n    \"failedResources\": []\r\n  },\r\n  \"systemData\": {\r\n    \"createdBy\": \"546094f3-32fa-493c-824c-bd9575b0d2fe\",\r\n    \"createdByType\": \"Application\",\r\n    \"createdAt\": \"2022-12-13T04:18:04.5359803Z\",\r\n    \"lastModifiedBy\": \"546094f3-32fa-493c-824c-bd9575b0d2fe\",\r\n    \"lastModifiedByType\": \"Application\",\r\n    \"lastModifiedAt\": \"2022-12-13T04:18:04.5359803Z\"\r\n  },\r\n  \"id\": \"/subscriptions/4ce8c9fe-cadc-47d6-9c76-335812fd59df/resourceGroups/ps6118/providers/Microsoft.Resources/deploymentStacks/ps4130\",\r\n  \"type\": \"Microsoft.Resources/deploymentStacks\",\r\n  \"name\": \"ps4130\"\r\n}",
      "StatusCode": 200
    },
    {
      "RequestUri": "/subscriptions/4ce8c9fe-cadc-47d6-9c76-335812fd59df/resourceGroups/ps6118/providers/Microsoft.Resources/deploymentStacks/ps4130?api-version=2022-08-01-preview",
      "EncodedRequestUri": "L3N1YnNjcmlwdGlvbnMvNGNlOGM5ZmUtY2FkYy00N2Q2LTljNzYtMzM1ODEyZmQ1OWRmL3Jlc291cmNlR3JvdXBzL3BzNjExOC9wcm92aWRlcnMvTWljcm9zb2Z0LlJlc291cmNlcy9kZXBsb3ltZW50U3RhY2tzL3BzNDEzMD9hcGktdmVyc2lvbj0yMDIyLTA4LTAxLXByZXZpZXc=",
      "RequestMethod": "GET",
      "RequestHeaders": {
        "x-ms-client-request-id": [
          "27a0f7c3-4e9f-499f-ab06-bc766a216a34"
        ],
        "Accept-Language": [
          "en-US"
        ],
        "User-Agent": [
          "FxVersion/4.700.22.51102",
          "OSName/Windows",
          "OSVersion/Microsoft.Windows.10.0.22621",
          "Microsoft.Azure.Management.ResourceManager.DeploymentStacksClient/3.17.4.0"
        ]
      },
      "RequestBody": "",
      "ResponseHeaders": {
        "Cache-Control": [
          "no-cache"
        ],
        "Pragma": [
          "no-cache"
        ],
        "x-ms-request-id": [
          "c5a54106-33c6-45dc-af34-b46b5de8b89f"
        ],
        "Server": [
          "Microsoft-HTTPAPI/2.0"
        ],
        "x-ms-ratelimit-remaining-subscription-reads": [
          "11987"
        ],
        "x-ms-correlation-request-id": [
          "fbb337c4-ea94-4dbd-8308-a6b40b50a7c2"
        ],
        "x-ms-routing-request-id": [
          "WESTUS:20221213T041809Z:fbb337c4-ea94-4dbd-8308-a6b40b50a7c2"
        ],
        "Strict-Transport-Security": [
          "max-age=31536000; includeSubDomains"
        ],
        "X-Content-Type-Options": [
          "nosniff"
        ],
        "Date": [
          "Tue, 13 Dec 2022 04:18:08 GMT"
        ],
        "Content-Length": [
          "1470"
        ],
        "Content-Type": [
          "application/json; charset=utf-8"
        ],
        "Expires": [
          "-1"
        ],
        "Retry-After": [
          "0"
        ]
      },
      "ResponseBody": "{\r\n  \"properties\": {\r\n    \"actionOnUnmanage\": {\r\n      \"resources\": \"detach\",\r\n      \"resourceGroups\": \"detach\",\r\n      \"managementGroups\": \"detach\"\r\n    },\r\n    \"deploymentId\": \"/subscriptions/4ce8c9fe-cadc-47d6-9c76-335812fd59df/resourceGroups/ps6118/providers/Microsoft.Resources/deployments/ps4130-2022-12-13-04-18-04-dfc10\",\r\n    \"denySettings\": {\r\n      \"mode\": \"denyDelete\",\r\n      \"applyToChildScopes\": true\r\n    },\r\n    \"parameters\": {\r\n      \"templateSpecName\": {\r\n        \"value\": \"StacksScenarioTestSpec\"\r\n      }\r\n    },\r\n    \"resources\": [\r\n      {\r\n        \"status\": \"managed\",\r\n        \"denyStatus\": \"none\",\r\n        \"id\": \"/subscriptions/4ce8c9fe-cadc-47d6-9c76-335812fd59df/resourceGroups/ps6118/providers/Microsoft.Resources/templateSpecs/StacksScenarioTestSpec\"\r\n      }\r\n    ],\r\n    \"provisioningState\": \"locking\",\r\n    \"detachedResources\": [],\r\n    \"deletedResources\": [],\r\n    \"failedResources\": []\r\n  },\r\n  \"systemData\": {\r\n    \"createdBy\": \"546094f3-32fa-493c-824c-bd9575b0d2fe\",\r\n    \"createdByType\": \"Application\",\r\n    \"createdAt\": \"2022-12-13T04:18:04.5359803Z\",\r\n    \"lastModifiedBy\": \"546094f3-32fa-493c-824c-bd9575b0d2fe\",\r\n    \"lastModifiedByType\": \"Application\",\r\n    \"lastModifiedAt\": \"2022-12-13T04:18:04.5359803Z\"\r\n  },\r\n  \"id\": \"/subscriptions/4ce8c9fe-cadc-47d6-9c76-335812fd59df/resourceGroups/ps6118/providers/Microsoft.Resources/deploymentStacks/ps4130\",\r\n  \"type\": \"Microsoft.Resources/deploymentStacks\",\r\n  \"name\": \"ps4130\"\r\n}",
      "StatusCode": 200
    },
    {
      "RequestUri": "/subscriptions/4ce8c9fe-cadc-47d6-9c76-335812fd59df/resourceGroups/ps6118/providers/Microsoft.Resources/deploymentStacks/ps4130?api-version=2022-08-01-preview",
      "EncodedRequestUri": "L3N1YnNjcmlwdGlvbnMvNGNlOGM5ZmUtY2FkYy00N2Q2LTljNzYtMzM1ODEyZmQ1OWRmL3Jlc291cmNlR3JvdXBzL3BzNjExOC9wcm92aWRlcnMvTWljcm9zb2Z0LlJlc291cmNlcy9kZXBsb3ltZW50U3RhY2tzL3BzNDEzMD9hcGktdmVyc2lvbj0yMDIyLTA4LTAxLXByZXZpZXc=",
      "RequestMethod": "GET",
      "RequestHeaders": {
        "x-ms-client-request-id": [
          "27a0f7c3-4e9f-499f-ab06-bc766a216a34"
        ],
        "Accept-Language": [
          "en-US"
        ],
        "User-Agent": [
          "FxVersion/4.700.22.51102",
          "OSName/Windows",
          "OSVersion/Microsoft.Windows.10.0.22621",
          "Microsoft.Azure.Management.ResourceManager.DeploymentStacksClient/3.17.4.0"
        ]
      },
      "RequestBody": "",
      "ResponseHeaders": {
        "Cache-Control": [
          "no-cache"
        ],
        "Pragma": [
          "no-cache"
        ],
        "x-ms-request-id": [
          "a7acbced-dc32-4dd9-a935-34adbb67e671"
        ],
        "Server": [
          "Microsoft-HTTPAPI/2.0"
        ],
        "x-ms-ratelimit-remaining-subscription-reads": [
          "11986"
        ],
        "x-ms-correlation-request-id": [
          "22571af1-a4f9-410b-a240-cae1bdbb6dca"
        ],
        "x-ms-routing-request-id": [
          "WESTUS:20221213T041809Z:22571af1-a4f9-410b-a240-cae1bdbb6dca"
        ],
        "Strict-Transport-Security": [
          "max-age=31536000; includeSubDomains"
        ],
        "X-Content-Type-Options": [
          "nosniff"
        ],
        "Date": [
          "Tue, 13 Dec 2022 04:18:09 GMT"
        ],
        "Content-Length": [
          "1470"
        ],
        "Content-Type": [
          "application/json; charset=utf-8"
        ],
        "Expires": [
          "-1"
        ],
        "Retry-After": [
          "0"
        ]
      },
      "ResponseBody": "{\r\n  \"properties\": {\r\n    \"actionOnUnmanage\": {\r\n      \"resources\": \"detach\",\r\n      \"resourceGroups\": \"detach\",\r\n      \"managementGroups\": \"detach\"\r\n    },\r\n    \"deploymentId\": \"/subscriptions/4ce8c9fe-cadc-47d6-9c76-335812fd59df/resourceGroups/ps6118/providers/Microsoft.Resources/deployments/ps4130-2022-12-13-04-18-04-dfc10\",\r\n    \"denySettings\": {\r\n      \"mode\": \"denyDelete\",\r\n      \"applyToChildScopes\": true\r\n    },\r\n    \"parameters\": {\r\n      \"templateSpecName\": {\r\n        \"value\": \"StacksScenarioTestSpec\"\r\n      }\r\n    },\r\n    \"resources\": [\r\n      {\r\n        \"status\": \"managed\",\r\n        \"denyStatus\": \"none\",\r\n        \"id\": \"/subscriptions/4ce8c9fe-cadc-47d6-9c76-335812fd59df/resourceGroups/ps6118/providers/Microsoft.Resources/templateSpecs/StacksScenarioTestSpec\"\r\n      }\r\n    ],\r\n    \"provisioningState\": \"locking\",\r\n    \"detachedResources\": [],\r\n    \"deletedResources\": [],\r\n    \"failedResources\": []\r\n  },\r\n  \"systemData\": {\r\n    \"createdBy\": \"546094f3-32fa-493c-824c-bd9575b0d2fe\",\r\n    \"createdByType\": \"Application\",\r\n    \"createdAt\": \"2022-12-13T04:18:04.5359803Z\",\r\n    \"lastModifiedBy\": \"546094f3-32fa-493c-824c-bd9575b0d2fe\",\r\n    \"lastModifiedByType\": \"Application\",\r\n    \"lastModifiedAt\": \"2022-12-13T04:18:04.5359803Z\"\r\n  },\r\n  \"id\": \"/subscriptions/4ce8c9fe-cadc-47d6-9c76-335812fd59df/resourceGroups/ps6118/providers/Microsoft.Resources/deploymentStacks/ps4130\",\r\n  \"type\": \"Microsoft.Resources/deploymentStacks\",\r\n  \"name\": \"ps4130\"\r\n}",
      "StatusCode": 200
    },
    {
      "RequestUri": "/subscriptions/4ce8c9fe-cadc-47d6-9c76-335812fd59df/resourceGroups/ps6118/providers/Microsoft.Resources/deploymentStacks/ps4130?api-version=2022-08-01-preview",
      "EncodedRequestUri": "L3N1YnNjcmlwdGlvbnMvNGNlOGM5ZmUtY2FkYy00N2Q2LTljNzYtMzM1ODEyZmQ1OWRmL3Jlc291cmNlR3JvdXBzL3BzNjExOC9wcm92aWRlcnMvTWljcm9zb2Z0LlJlc291cmNlcy9kZXBsb3ltZW50U3RhY2tzL3BzNDEzMD9hcGktdmVyc2lvbj0yMDIyLTA4LTAxLXByZXZpZXc=",
      "RequestMethod": "GET",
      "RequestHeaders": {
        "x-ms-client-request-id": [
          "27a0f7c3-4e9f-499f-ab06-bc766a216a34"
        ],
        "Accept-Language": [
          "en-US"
        ],
        "User-Agent": [
          "FxVersion/4.700.22.51102",
          "OSName/Windows",
          "OSVersion/Microsoft.Windows.10.0.22621",
          "Microsoft.Azure.Management.ResourceManager.DeploymentStacksClient/3.17.4.0"
        ]
      },
      "RequestBody": "",
      "ResponseHeaders": {
        "Cache-Control": [
          "no-cache"
        ],
        "Pragma": [
          "no-cache"
        ],
        "x-ms-request-id": [
          "b2826836-32c9-463c-99bb-2fa3535a6139"
        ],
        "Server": [
          "Microsoft-HTTPAPI/2.0"
        ],
        "x-ms-ratelimit-remaining-subscription-reads": [
          "11985"
        ],
        "x-ms-correlation-request-id": [
          "8cf09629-a62e-4737-afa3-550bef42c42c"
        ],
        "x-ms-routing-request-id": [
          "WESTUS:20221213T041809Z:8cf09629-a62e-4737-afa3-550bef42c42c"
        ],
        "Strict-Transport-Security": [
          "max-age=31536000; includeSubDomains"
        ],
        "X-Content-Type-Options": [
          "nosniff"
        ],
        "Date": [
          "Tue, 13 Dec 2022 04:18:09 GMT"
        ],
        "Content-Length": [
          "1470"
        ],
        "Content-Type": [
          "application/json; charset=utf-8"
        ],
        "Expires": [
          "-1"
        ],
        "Retry-After": [
          "0"
        ]
      },
      "ResponseBody": "{\r\n  \"properties\": {\r\n    \"actionOnUnmanage\": {\r\n      \"resources\": \"detach\",\r\n      \"resourceGroups\": \"detach\",\r\n      \"managementGroups\": \"detach\"\r\n    },\r\n    \"deploymentId\": \"/subscriptions/4ce8c9fe-cadc-47d6-9c76-335812fd59df/resourceGroups/ps6118/providers/Microsoft.Resources/deployments/ps4130-2022-12-13-04-18-04-dfc10\",\r\n    \"denySettings\": {\r\n      \"mode\": \"denyDelete\",\r\n      \"applyToChildScopes\": true\r\n    },\r\n    \"parameters\": {\r\n      \"templateSpecName\": {\r\n        \"value\": \"StacksScenarioTestSpec\"\r\n      }\r\n    },\r\n    \"resources\": [\r\n      {\r\n        \"status\": \"managed\",\r\n        \"denyStatus\": \"none\",\r\n        \"id\": \"/subscriptions/4ce8c9fe-cadc-47d6-9c76-335812fd59df/resourceGroups/ps6118/providers/Microsoft.Resources/templateSpecs/StacksScenarioTestSpec\"\r\n      }\r\n    ],\r\n    \"provisioningState\": \"locking\",\r\n    \"detachedResources\": [],\r\n    \"deletedResources\": [],\r\n    \"failedResources\": []\r\n  },\r\n  \"systemData\": {\r\n    \"createdBy\": \"546094f3-32fa-493c-824c-bd9575b0d2fe\",\r\n    \"createdByType\": \"Application\",\r\n    \"createdAt\": \"2022-12-13T04:18:04.5359803Z\",\r\n    \"lastModifiedBy\": \"546094f3-32fa-493c-824c-bd9575b0d2fe\",\r\n    \"lastModifiedByType\": \"Application\",\r\n    \"lastModifiedAt\": \"2022-12-13T04:18:04.5359803Z\"\r\n  },\r\n  \"id\": \"/subscriptions/4ce8c9fe-cadc-47d6-9c76-335812fd59df/resourceGroups/ps6118/providers/Microsoft.Resources/deploymentStacks/ps4130\",\r\n  \"type\": \"Microsoft.Resources/deploymentStacks\",\r\n  \"name\": \"ps4130\"\r\n}",
      "StatusCode": 200
    },
    {
      "RequestUri": "/subscriptions/4ce8c9fe-cadc-47d6-9c76-335812fd59df/resourceGroups/ps6118/providers/Microsoft.Resources/deploymentStacks/ps4130?api-version=2022-08-01-preview",
      "EncodedRequestUri": "L3N1YnNjcmlwdGlvbnMvNGNlOGM5ZmUtY2FkYy00N2Q2LTljNzYtMzM1ODEyZmQ1OWRmL3Jlc291cmNlR3JvdXBzL3BzNjExOC9wcm92aWRlcnMvTWljcm9zb2Z0LlJlc291cmNlcy9kZXBsb3ltZW50U3RhY2tzL3BzNDEzMD9hcGktdmVyc2lvbj0yMDIyLTA4LTAxLXByZXZpZXc=",
      "RequestMethod": "GET",
      "RequestHeaders": {
        "x-ms-client-request-id": [
          "27a0f7c3-4e9f-499f-ab06-bc766a216a34"
        ],
        "Accept-Language": [
          "en-US"
        ],
        "User-Agent": [
          "FxVersion/4.700.22.51102",
          "OSName/Windows",
          "OSVersion/Microsoft.Windows.10.0.22621",
          "Microsoft.Azure.Management.ResourceManager.DeploymentStacksClient/3.17.4.0"
        ]
      },
      "RequestBody": "",
      "ResponseHeaders": {
        "Cache-Control": [
          "no-cache"
        ],
        "Pragma": [
          "no-cache"
        ],
        "x-ms-request-id": [
          "f7eae502-e1c8-42a7-a963-36dec54f6918"
        ],
        "Server": [
          "Microsoft-HTTPAPI/2.0"
        ],
        "x-ms-ratelimit-remaining-subscription-reads": [
          "11984"
        ],
        "x-ms-correlation-request-id": [
          "5c5612d1-51bf-4495-a4ca-24f0b43d5a59"
        ],
        "x-ms-routing-request-id": [
          "WESTUS:20221213T041810Z:5c5612d1-51bf-4495-a4ca-24f0b43d5a59"
        ],
        "Strict-Transport-Security": [
          "max-age=31536000; includeSubDomains"
        ],
        "X-Content-Type-Options": [
          "nosniff"
        ],
        "Date": [
          "Tue, 13 Dec 2022 04:18:09 GMT"
        ],
        "Content-Length": [
          "1470"
        ],
        "Content-Type": [
          "application/json; charset=utf-8"
        ],
        "Expires": [
          "-1"
        ],
        "Retry-After": [
          "0"
        ]
      },
      "ResponseBody": "{\r\n  \"properties\": {\r\n    \"actionOnUnmanage\": {\r\n      \"resources\": \"detach\",\r\n      \"resourceGroups\": \"detach\",\r\n      \"managementGroups\": \"detach\"\r\n    },\r\n    \"deploymentId\": \"/subscriptions/4ce8c9fe-cadc-47d6-9c76-335812fd59df/resourceGroups/ps6118/providers/Microsoft.Resources/deployments/ps4130-2022-12-13-04-18-04-dfc10\",\r\n    \"denySettings\": {\r\n      \"mode\": \"denyDelete\",\r\n      \"applyToChildScopes\": true\r\n    },\r\n    \"parameters\": {\r\n      \"templateSpecName\": {\r\n        \"value\": \"StacksScenarioTestSpec\"\r\n      }\r\n    },\r\n    \"resources\": [\r\n      {\r\n        \"status\": \"managed\",\r\n        \"denyStatus\": \"none\",\r\n        \"id\": \"/subscriptions/4ce8c9fe-cadc-47d6-9c76-335812fd59df/resourceGroups/ps6118/providers/Microsoft.Resources/templateSpecs/StacksScenarioTestSpec\"\r\n      }\r\n    ],\r\n    \"provisioningState\": \"locking\",\r\n    \"detachedResources\": [],\r\n    \"deletedResources\": [],\r\n    \"failedResources\": []\r\n  },\r\n  \"systemData\": {\r\n    \"createdBy\": \"546094f3-32fa-493c-824c-bd9575b0d2fe\",\r\n    \"createdByType\": \"Application\",\r\n    \"createdAt\": \"2022-12-13T04:18:04.5359803Z\",\r\n    \"lastModifiedBy\": \"546094f3-32fa-493c-824c-bd9575b0d2fe\",\r\n    \"lastModifiedByType\": \"Application\",\r\n    \"lastModifiedAt\": \"2022-12-13T04:18:04.5359803Z\"\r\n  },\r\n  \"id\": \"/subscriptions/4ce8c9fe-cadc-47d6-9c76-335812fd59df/resourceGroups/ps6118/providers/Microsoft.Resources/deploymentStacks/ps4130\",\r\n  \"type\": \"Microsoft.Resources/deploymentStacks\",\r\n  \"name\": \"ps4130\"\r\n}",
      "StatusCode": 200
    },
    {
      "RequestUri": "/subscriptions/4ce8c9fe-cadc-47d6-9c76-335812fd59df/resourceGroups/ps6118/providers/Microsoft.Resources/deploymentStacks/ps4130?api-version=2022-08-01-preview",
      "EncodedRequestUri": "L3N1YnNjcmlwdGlvbnMvNGNlOGM5ZmUtY2FkYy00N2Q2LTljNzYtMzM1ODEyZmQ1OWRmL3Jlc291cmNlR3JvdXBzL3BzNjExOC9wcm92aWRlcnMvTWljcm9zb2Z0LlJlc291cmNlcy9kZXBsb3ltZW50U3RhY2tzL3BzNDEzMD9hcGktdmVyc2lvbj0yMDIyLTA4LTAxLXByZXZpZXc=",
      "RequestMethod": "GET",
      "RequestHeaders": {
        "x-ms-client-request-id": [
          "27a0f7c3-4e9f-499f-ab06-bc766a216a34"
        ],
        "Accept-Language": [
          "en-US"
        ],
        "User-Agent": [
          "FxVersion/4.700.22.51102",
          "OSName/Windows",
          "OSVersion/Microsoft.Windows.10.0.22621",
          "Microsoft.Azure.Management.ResourceManager.DeploymentStacksClient/3.17.4.0"
        ]
      },
      "RequestBody": "",
      "ResponseHeaders": {
        "Cache-Control": [
          "no-cache"
        ],
        "Pragma": [
          "no-cache"
        ],
        "x-ms-request-id": [
          "ad906110-89e4-4b3f-9bee-47e87bde6d63"
        ],
        "Server": [
          "Microsoft-HTTPAPI/2.0"
        ],
        "x-ms-ratelimit-remaining-subscription-reads": [
          "11983"
        ],
        "x-ms-correlation-request-id": [
          "45404775-3cc0-4370-a00e-3ad5d548eead"
        ],
        "x-ms-routing-request-id": [
          "WESTUS:20221213T041810Z:45404775-3cc0-4370-a00e-3ad5d548eead"
        ],
        "Strict-Transport-Security": [
          "max-age=31536000; includeSubDomains"
        ],
        "X-Content-Type-Options": [
          "nosniff"
        ],
        "Date": [
          "Tue, 13 Dec 2022 04:18:09 GMT"
        ],
        "Content-Length": [
          "1470"
        ],
        "Content-Type": [
          "application/json; charset=utf-8"
        ],
        "Expires": [
          "-1"
        ],
        "Retry-After": [
          "0"
        ]
      },
      "ResponseBody": "{\r\n  \"properties\": {\r\n    \"actionOnUnmanage\": {\r\n      \"resources\": \"detach\",\r\n      \"resourceGroups\": \"detach\",\r\n      \"managementGroups\": \"detach\"\r\n    },\r\n    \"deploymentId\": \"/subscriptions/4ce8c9fe-cadc-47d6-9c76-335812fd59df/resourceGroups/ps6118/providers/Microsoft.Resources/deployments/ps4130-2022-12-13-04-18-04-dfc10\",\r\n    \"denySettings\": {\r\n      \"mode\": \"denyDelete\",\r\n      \"applyToChildScopes\": true\r\n    },\r\n    \"parameters\": {\r\n      \"templateSpecName\": {\r\n        \"value\": \"StacksScenarioTestSpec\"\r\n      }\r\n    },\r\n    \"resources\": [\r\n      {\r\n        \"status\": \"managed\",\r\n        \"denyStatus\": \"none\",\r\n        \"id\": \"/subscriptions/4ce8c9fe-cadc-47d6-9c76-335812fd59df/resourceGroups/ps6118/providers/Microsoft.Resources/templateSpecs/StacksScenarioTestSpec\"\r\n      }\r\n    ],\r\n    \"provisioningState\": \"locking\",\r\n    \"detachedResources\": [],\r\n    \"deletedResources\": [],\r\n    \"failedResources\": []\r\n  },\r\n  \"systemData\": {\r\n    \"createdBy\": \"546094f3-32fa-493c-824c-bd9575b0d2fe\",\r\n    \"createdByType\": \"Application\",\r\n    \"createdAt\": \"2022-12-13T04:18:04.5359803Z\",\r\n    \"lastModifiedBy\": \"546094f3-32fa-493c-824c-bd9575b0d2fe\",\r\n    \"lastModifiedByType\": \"Application\",\r\n    \"lastModifiedAt\": \"2022-12-13T04:18:04.5359803Z\"\r\n  },\r\n  \"id\": \"/subscriptions/4ce8c9fe-cadc-47d6-9c76-335812fd59df/resourceGroups/ps6118/providers/Microsoft.Resources/deploymentStacks/ps4130\",\r\n  \"type\": \"Microsoft.Resources/deploymentStacks\",\r\n  \"name\": \"ps4130\"\r\n}",
      "StatusCode": 200
    },
    {
      "RequestUri": "/subscriptions/4ce8c9fe-cadc-47d6-9c76-335812fd59df/resourceGroups/ps6118/providers/Microsoft.Resources/deploymentStacks/ps4130?api-version=2022-08-01-preview",
      "EncodedRequestUri": "L3N1YnNjcmlwdGlvbnMvNGNlOGM5ZmUtY2FkYy00N2Q2LTljNzYtMzM1ODEyZmQ1OWRmL3Jlc291cmNlR3JvdXBzL3BzNjExOC9wcm92aWRlcnMvTWljcm9zb2Z0LlJlc291cmNlcy9kZXBsb3ltZW50U3RhY2tzL3BzNDEzMD9hcGktdmVyc2lvbj0yMDIyLTA4LTAxLXByZXZpZXc=",
      "RequestMethod": "GET",
      "RequestHeaders": {
        "x-ms-client-request-id": [
          "27a0f7c3-4e9f-499f-ab06-bc766a216a34"
        ],
        "Accept-Language": [
          "en-US"
        ],
        "User-Agent": [
          "FxVersion/4.700.22.51102",
          "OSName/Windows",
          "OSVersion/Microsoft.Windows.10.0.22621",
          "Microsoft.Azure.Management.ResourceManager.DeploymentStacksClient/3.17.4.0"
        ]
      },
      "RequestBody": "",
      "ResponseHeaders": {
        "Cache-Control": [
          "no-cache"
        ],
        "Pragma": [
          "no-cache"
        ],
        "x-ms-request-id": [
          "da08dcda-66e9-4650-a7c4-634e556e39e7"
        ],
        "Server": [
          "Microsoft-HTTPAPI/2.0"
        ],
        "x-ms-ratelimit-remaining-subscription-reads": [
          "11982"
        ],
        "x-ms-correlation-request-id": [
          "eb949192-3c62-468b-ae0b-c201b946638d"
        ],
        "x-ms-routing-request-id": [
          "WESTUS:20221213T041810Z:eb949192-3c62-468b-ae0b-c201b946638d"
        ],
        "Strict-Transport-Security": [
          "max-age=31536000; includeSubDomains"
        ],
        "X-Content-Type-Options": [
          "nosniff"
        ],
        "Date": [
          "Tue, 13 Dec 2022 04:18:09 GMT"
        ],
        "Content-Length": [
          "1470"
        ],
        "Content-Type": [
          "application/json; charset=utf-8"
        ],
        "Expires": [
          "-1"
        ],
        "Retry-After": [
          "0"
        ]
      },
      "ResponseBody": "{\r\n  \"properties\": {\r\n    \"actionOnUnmanage\": {\r\n      \"resources\": \"detach\",\r\n      \"resourceGroups\": \"detach\",\r\n      \"managementGroups\": \"detach\"\r\n    },\r\n    \"deploymentId\": \"/subscriptions/4ce8c9fe-cadc-47d6-9c76-335812fd59df/resourceGroups/ps6118/providers/Microsoft.Resources/deployments/ps4130-2022-12-13-04-18-04-dfc10\",\r\n    \"denySettings\": {\r\n      \"mode\": \"denyDelete\",\r\n      \"applyToChildScopes\": true\r\n    },\r\n    \"parameters\": {\r\n      \"templateSpecName\": {\r\n        \"value\": \"StacksScenarioTestSpec\"\r\n      }\r\n    },\r\n    \"resources\": [\r\n      {\r\n        \"status\": \"managed\",\r\n        \"denyStatus\": \"none\",\r\n        \"id\": \"/subscriptions/4ce8c9fe-cadc-47d6-9c76-335812fd59df/resourceGroups/ps6118/providers/Microsoft.Resources/templateSpecs/StacksScenarioTestSpec\"\r\n      }\r\n    ],\r\n    \"provisioningState\": \"locking\",\r\n    \"detachedResources\": [],\r\n    \"deletedResources\": [],\r\n    \"failedResources\": []\r\n  },\r\n  \"systemData\": {\r\n    \"createdBy\": \"546094f3-32fa-493c-824c-bd9575b0d2fe\",\r\n    \"createdByType\": \"Application\",\r\n    \"createdAt\": \"2022-12-13T04:18:04.5359803Z\",\r\n    \"lastModifiedBy\": \"546094f3-32fa-493c-824c-bd9575b0d2fe\",\r\n    \"lastModifiedByType\": \"Application\",\r\n    \"lastModifiedAt\": \"2022-12-13T04:18:04.5359803Z\"\r\n  },\r\n  \"id\": \"/subscriptions/4ce8c9fe-cadc-47d6-9c76-335812fd59df/resourceGroups/ps6118/providers/Microsoft.Resources/deploymentStacks/ps4130\",\r\n  \"type\": \"Microsoft.Resources/deploymentStacks\",\r\n  \"name\": \"ps4130\"\r\n}",
      "StatusCode": 200
    },
    {
      "RequestUri": "/subscriptions/4ce8c9fe-cadc-47d6-9c76-335812fd59df/resourceGroups/ps6118/providers/Microsoft.Resources/deploymentStacks/ps4130?api-version=2022-08-01-preview",
      "EncodedRequestUri": "L3N1YnNjcmlwdGlvbnMvNGNlOGM5ZmUtY2FkYy00N2Q2LTljNzYtMzM1ODEyZmQ1OWRmL3Jlc291cmNlR3JvdXBzL3BzNjExOC9wcm92aWRlcnMvTWljcm9zb2Z0LlJlc291cmNlcy9kZXBsb3ltZW50U3RhY2tzL3BzNDEzMD9hcGktdmVyc2lvbj0yMDIyLTA4LTAxLXByZXZpZXc=",
      "RequestMethod": "GET",
      "RequestHeaders": {
        "x-ms-client-request-id": [
          "27a0f7c3-4e9f-499f-ab06-bc766a216a34"
        ],
        "Accept-Language": [
          "en-US"
        ],
        "User-Agent": [
          "FxVersion/4.700.22.51102",
          "OSName/Windows",
          "OSVersion/Microsoft.Windows.10.0.22621",
          "Microsoft.Azure.Management.ResourceManager.DeploymentStacksClient/3.17.4.0"
        ]
      },
      "RequestBody": "",
      "ResponseHeaders": {
        "Cache-Control": [
          "no-cache"
        ],
        "Pragma": [
          "no-cache"
        ],
        "x-ms-request-id": [
          "2049ad40-8521-455a-be5b-eff2f6f05460"
        ],
        "Server": [
          "Microsoft-HTTPAPI/2.0"
        ],
        "x-ms-ratelimit-remaining-subscription-reads": [
          "11981"
        ],
        "x-ms-correlation-request-id": [
          "0fcce330-f7ce-49f6-89a7-25c7d8a4c798"
        ],
        "x-ms-routing-request-id": [
          "WESTUS:20221213T041811Z:0fcce330-f7ce-49f6-89a7-25c7d8a4c798"
        ],
        "Strict-Transport-Security": [
          "max-age=31536000; includeSubDomains"
        ],
        "X-Content-Type-Options": [
          "nosniff"
        ],
        "Date": [
          "Tue, 13 Dec 2022 04:18:10 GMT"
        ],
        "Content-Length": [
          "1470"
        ],
        "Content-Type": [
          "application/json; charset=utf-8"
        ],
        "Expires": [
          "-1"
        ],
        "Retry-After": [
          "0"
        ]
      },
      "ResponseBody": "{\r\n  \"properties\": {\r\n    \"actionOnUnmanage\": {\r\n      \"resources\": \"detach\",\r\n      \"resourceGroups\": \"detach\",\r\n      \"managementGroups\": \"detach\"\r\n    },\r\n    \"deploymentId\": \"/subscriptions/4ce8c9fe-cadc-47d6-9c76-335812fd59df/resourceGroups/ps6118/providers/Microsoft.Resources/deployments/ps4130-2022-12-13-04-18-04-dfc10\",\r\n    \"denySettings\": {\r\n      \"mode\": \"denyDelete\",\r\n      \"applyToChildScopes\": true\r\n    },\r\n    \"parameters\": {\r\n      \"templateSpecName\": {\r\n        \"value\": \"StacksScenarioTestSpec\"\r\n      }\r\n    },\r\n    \"resources\": [\r\n      {\r\n        \"status\": \"managed\",\r\n        \"denyStatus\": \"none\",\r\n        \"id\": \"/subscriptions/4ce8c9fe-cadc-47d6-9c76-335812fd59df/resourceGroups/ps6118/providers/Microsoft.Resources/templateSpecs/StacksScenarioTestSpec\"\r\n      }\r\n    ],\r\n    \"provisioningState\": \"locking\",\r\n    \"detachedResources\": [],\r\n    \"deletedResources\": [],\r\n    \"failedResources\": []\r\n  },\r\n  \"systemData\": {\r\n    \"createdBy\": \"546094f3-32fa-493c-824c-bd9575b0d2fe\",\r\n    \"createdByType\": \"Application\",\r\n    \"createdAt\": \"2022-12-13T04:18:04.5359803Z\",\r\n    \"lastModifiedBy\": \"546094f3-32fa-493c-824c-bd9575b0d2fe\",\r\n    \"lastModifiedByType\": \"Application\",\r\n    \"lastModifiedAt\": \"2022-12-13T04:18:04.5359803Z\"\r\n  },\r\n  \"id\": \"/subscriptions/4ce8c9fe-cadc-47d6-9c76-335812fd59df/resourceGroups/ps6118/providers/Microsoft.Resources/deploymentStacks/ps4130\",\r\n  \"type\": \"Microsoft.Resources/deploymentStacks\",\r\n  \"name\": \"ps4130\"\r\n}",
      "StatusCode": 200
    },
    {
      "RequestUri": "/subscriptions/4ce8c9fe-cadc-47d6-9c76-335812fd59df/resourceGroups/ps6118/providers/Microsoft.Resources/deploymentStacks/ps4130?api-version=2022-08-01-preview",
      "EncodedRequestUri": "L3N1YnNjcmlwdGlvbnMvNGNlOGM5ZmUtY2FkYy00N2Q2LTljNzYtMzM1ODEyZmQ1OWRmL3Jlc291cmNlR3JvdXBzL3BzNjExOC9wcm92aWRlcnMvTWljcm9zb2Z0LlJlc291cmNlcy9kZXBsb3ltZW50U3RhY2tzL3BzNDEzMD9hcGktdmVyc2lvbj0yMDIyLTA4LTAxLXByZXZpZXc=",
      "RequestMethod": "GET",
      "RequestHeaders": {
        "x-ms-client-request-id": [
          "27a0f7c3-4e9f-499f-ab06-bc766a216a34"
        ],
        "Accept-Language": [
          "en-US"
        ],
        "User-Agent": [
          "FxVersion/4.700.22.51102",
          "OSName/Windows",
          "OSVersion/Microsoft.Windows.10.0.22621",
          "Microsoft.Azure.Management.ResourceManager.DeploymentStacksClient/3.17.4.0"
        ]
      },
      "RequestBody": "",
      "ResponseHeaders": {
        "Cache-Control": [
          "no-cache"
        ],
        "Pragma": [
          "no-cache"
        ],
        "x-ms-request-id": [
          "6b16d1ab-881b-4508-8957-3bccc9a7e54e"
        ],
        "Server": [
          "Microsoft-HTTPAPI/2.0"
        ],
        "x-ms-ratelimit-remaining-subscription-reads": [
          "11980"
        ],
        "x-ms-correlation-request-id": [
          "d4f0ccfc-6240-4cea-96cd-4556371cbd1c"
        ],
        "x-ms-routing-request-id": [
          "WESTUS:20221213T041811Z:d4f0ccfc-6240-4cea-96cd-4556371cbd1c"
        ],
        "Strict-Transport-Security": [
          "max-age=31536000; includeSubDomains"
        ],
        "X-Content-Type-Options": [
          "nosniff"
        ],
        "Date": [
          "Tue, 13 Dec 2022 04:18:10 GMT"
        ],
        "Content-Length": [
          "1470"
        ],
        "Content-Type": [
          "application/json; charset=utf-8"
        ],
        "Expires": [
          "-1"
        ],
        "Retry-After": [
          "0"
        ]
      },
      "ResponseBody": "{\r\n  \"properties\": {\r\n    \"actionOnUnmanage\": {\r\n      \"resources\": \"detach\",\r\n      \"resourceGroups\": \"detach\",\r\n      \"managementGroups\": \"detach\"\r\n    },\r\n    \"deploymentId\": \"/subscriptions/4ce8c9fe-cadc-47d6-9c76-335812fd59df/resourceGroups/ps6118/providers/Microsoft.Resources/deployments/ps4130-2022-12-13-04-18-04-dfc10\",\r\n    \"denySettings\": {\r\n      \"mode\": \"denyDelete\",\r\n      \"applyToChildScopes\": true\r\n    },\r\n    \"parameters\": {\r\n      \"templateSpecName\": {\r\n        \"value\": \"StacksScenarioTestSpec\"\r\n      }\r\n    },\r\n    \"resources\": [\r\n      {\r\n        \"status\": \"managed\",\r\n        \"denyStatus\": \"none\",\r\n        \"id\": \"/subscriptions/4ce8c9fe-cadc-47d6-9c76-335812fd59df/resourceGroups/ps6118/providers/Microsoft.Resources/templateSpecs/StacksScenarioTestSpec\"\r\n      }\r\n    ],\r\n    \"provisioningState\": \"locking\",\r\n    \"detachedResources\": [],\r\n    \"deletedResources\": [],\r\n    \"failedResources\": []\r\n  },\r\n  \"systemData\": {\r\n    \"createdBy\": \"546094f3-32fa-493c-824c-bd9575b0d2fe\",\r\n    \"createdByType\": \"Application\",\r\n    \"createdAt\": \"2022-12-13T04:18:04.5359803Z\",\r\n    \"lastModifiedBy\": \"546094f3-32fa-493c-824c-bd9575b0d2fe\",\r\n    \"lastModifiedByType\": \"Application\",\r\n    \"lastModifiedAt\": \"2022-12-13T04:18:04.5359803Z\"\r\n  },\r\n  \"id\": \"/subscriptions/4ce8c9fe-cadc-47d6-9c76-335812fd59df/resourceGroups/ps6118/providers/Microsoft.Resources/deploymentStacks/ps4130\",\r\n  \"type\": \"Microsoft.Resources/deploymentStacks\",\r\n  \"name\": \"ps4130\"\r\n}",
      "StatusCode": 200
    },
    {
      "RequestUri": "/subscriptions/4ce8c9fe-cadc-47d6-9c76-335812fd59df/resourceGroups/ps6118/providers/Microsoft.Resources/deploymentStacks/ps4130?api-version=2022-08-01-preview",
      "EncodedRequestUri": "L3N1YnNjcmlwdGlvbnMvNGNlOGM5ZmUtY2FkYy00N2Q2LTljNzYtMzM1ODEyZmQ1OWRmL3Jlc291cmNlR3JvdXBzL3BzNjExOC9wcm92aWRlcnMvTWljcm9zb2Z0LlJlc291cmNlcy9kZXBsb3ltZW50U3RhY2tzL3BzNDEzMD9hcGktdmVyc2lvbj0yMDIyLTA4LTAxLXByZXZpZXc=",
      "RequestMethod": "GET",
      "RequestHeaders": {
        "x-ms-client-request-id": [
          "27a0f7c3-4e9f-499f-ab06-bc766a216a34"
        ],
        "Accept-Language": [
          "en-US"
        ],
        "User-Agent": [
          "FxVersion/4.700.22.51102",
          "OSName/Windows",
          "OSVersion/Microsoft.Windows.10.0.22621",
          "Microsoft.Azure.Management.ResourceManager.DeploymentStacksClient/3.17.4.0"
        ]
      },
      "RequestBody": "",
      "ResponseHeaders": {
        "Cache-Control": [
          "no-cache"
        ],
        "Pragma": [
          "no-cache"
        ],
        "x-ms-request-id": [
          "3eaef1aa-b13f-44f2-aaaa-375d58120d1b"
        ],
        "Server": [
          "Microsoft-HTTPAPI/2.0"
        ],
        "x-ms-ratelimit-remaining-subscription-reads": [
          "11979"
        ],
        "x-ms-correlation-request-id": [
          "b9f8f901-06f8-4ff1-8502-b8c3dfa20aa7"
        ],
        "x-ms-routing-request-id": [
          "WESTUS:20221213T041811Z:b9f8f901-06f8-4ff1-8502-b8c3dfa20aa7"
        ],
        "Strict-Transport-Security": [
          "max-age=31536000; includeSubDomains"
        ],
        "X-Content-Type-Options": [
          "nosniff"
        ],
        "Date": [
          "Tue, 13 Dec 2022 04:18:10 GMT"
        ],
        "Content-Length": [
          "1470"
        ],
        "Content-Type": [
          "application/json; charset=utf-8"
        ],
        "Expires": [
          "-1"
        ],
        "Retry-After": [
          "0"
        ]
      },
      "ResponseBody": "{\r\n  \"properties\": {\r\n    \"actionOnUnmanage\": {\r\n      \"resources\": \"detach\",\r\n      \"resourceGroups\": \"detach\",\r\n      \"managementGroups\": \"detach\"\r\n    },\r\n    \"deploymentId\": \"/subscriptions/4ce8c9fe-cadc-47d6-9c76-335812fd59df/resourceGroups/ps6118/providers/Microsoft.Resources/deployments/ps4130-2022-12-13-04-18-04-dfc10\",\r\n    \"denySettings\": {\r\n      \"mode\": \"denyDelete\",\r\n      \"applyToChildScopes\": true\r\n    },\r\n    \"parameters\": {\r\n      \"templateSpecName\": {\r\n        \"value\": \"StacksScenarioTestSpec\"\r\n      }\r\n    },\r\n    \"resources\": [\r\n      {\r\n        \"status\": \"managed\",\r\n        \"denyStatus\": \"none\",\r\n        \"id\": \"/subscriptions/4ce8c9fe-cadc-47d6-9c76-335812fd59df/resourceGroups/ps6118/providers/Microsoft.Resources/templateSpecs/StacksScenarioTestSpec\"\r\n      }\r\n    ],\r\n    \"provisioningState\": \"locking\",\r\n    \"detachedResources\": [],\r\n    \"deletedResources\": [],\r\n    \"failedResources\": []\r\n  },\r\n  \"systemData\": {\r\n    \"createdBy\": \"546094f3-32fa-493c-824c-bd9575b0d2fe\",\r\n    \"createdByType\": \"Application\",\r\n    \"createdAt\": \"2022-12-13T04:18:04.5359803Z\",\r\n    \"lastModifiedBy\": \"546094f3-32fa-493c-824c-bd9575b0d2fe\",\r\n    \"lastModifiedByType\": \"Application\",\r\n    \"lastModifiedAt\": \"2022-12-13T04:18:04.5359803Z\"\r\n  },\r\n  \"id\": \"/subscriptions/4ce8c9fe-cadc-47d6-9c76-335812fd59df/resourceGroups/ps6118/providers/Microsoft.Resources/deploymentStacks/ps4130\",\r\n  \"type\": \"Microsoft.Resources/deploymentStacks\",\r\n  \"name\": \"ps4130\"\r\n}",
      "StatusCode": 200
    },
    {
      "RequestUri": "/subscriptions/4ce8c9fe-cadc-47d6-9c76-335812fd59df/resourceGroups/ps6118/providers/Microsoft.Resources/deploymentStacks/ps4130?api-version=2022-08-01-preview",
      "EncodedRequestUri": "L3N1YnNjcmlwdGlvbnMvNGNlOGM5ZmUtY2FkYy00N2Q2LTljNzYtMzM1ODEyZmQ1OWRmL3Jlc291cmNlR3JvdXBzL3BzNjExOC9wcm92aWRlcnMvTWljcm9zb2Z0LlJlc291cmNlcy9kZXBsb3ltZW50U3RhY2tzL3BzNDEzMD9hcGktdmVyc2lvbj0yMDIyLTA4LTAxLXByZXZpZXc=",
      "RequestMethod": "GET",
      "RequestHeaders": {
        "x-ms-client-request-id": [
          "27a0f7c3-4e9f-499f-ab06-bc766a216a34"
        ],
        "Accept-Language": [
          "en-US"
        ],
        "User-Agent": [
          "FxVersion/4.700.22.51102",
          "OSName/Windows",
          "OSVersion/Microsoft.Windows.10.0.22621",
          "Microsoft.Azure.Management.ResourceManager.DeploymentStacksClient/3.17.4.0"
        ]
      },
      "RequestBody": "",
      "ResponseHeaders": {
        "Cache-Control": [
          "no-cache"
        ],
        "Pragma": [
          "no-cache"
        ],
        "x-ms-request-id": [
          "82eb8f38-7901-4c9f-b313-f4849aedd730"
        ],
        "Server": [
          "Microsoft-HTTPAPI/2.0"
        ],
        "x-ms-ratelimit-remaining-subscription-reads": [
          "11978"
        ],
        "x-ms-correlation-request-id": [
          "a23cce3c-7dae-41a1-a7af-fe4d8ae5f929"
        ],
        "x-ms-routing-request-id": [
          "WESTUS:20221213T041812Z:a23cce3c-7dae-41a1-a7af-fe4d8ae5f929"
        ],
        "Strict-Transport-Security": [
          "max-age=31536000; includeSubDomains"
        ],
        "X-Content-Type-Options": [
          "nosniff"
        ],
        "Date": [
          "Tue, 13 Dec 2022 04:18:11 GMT"
        ],
        "Content-Length": [
          "1470"
        ],
        "Content-Type": [
          "application/json; charset=utf-8"
        ],
        "Expires": [
          "-1"
        ],
        "Retry-After": [
          "0"
        ]
      },
      "ResponseBody": "{\r\n  \"properties\": {\r\n    \"actionOnUnmanage\": {\r\n      \"resources\": \"detach\",\r\n      \"resourceGroups\": \"detach\",\r\n      \"managementGroups\": \"detach\"\r\n    },\r\n    \"deploymentId\": \"/subscriptions/4ce8c9fe-cadc-47d6-9c76-335812fd59df/resourceGroups/ps6118/providers/Microsoft.Resources/deployments/ps4130-2022-12-13-04-18-04-dfc10\",\r\n    \"denySettings\": {\r\n      \"mode\": \"denyDelete\",\r\n      \"applyToChildScopes\": true\r\n    },\r\n    \"parameters\": {\r\n      \"templateSpecName\": {\r\n        \"value\": \"StacksScenarioTestSpec\"\r\n      }\r\n    },\r\n    \"resources\": [\r\n      {\r\n        \"status\": \"managed\",\r\n        \"denyStatus\": \"none\",\r\n        \"id\": \"/subscriptions/4ce8c9fe-cadc-47d6-9c76-335812fd59df/resourceGroups/ps6118/providers/Microsoft.Resources/templateSpecs/StacksScenarioTestSpec\"\r\n      }\r\n    ],\r\n    \"provisioningState\": \"locking\",\r\n    \"detachedResources\": [],\r\n    \"deletedResources\": [],\r\n    \"failedResources\": []\r\n  },\r\n  \"systemData\": {\r\n    \"createdBy\": \"546094f3-32fa-493c-824c-bd9575b0d2fe\",\r\n    \"createdByType\": \"Application\",\r\n    \"createdAt\": \"2022-12-13T04:18:04.5359803Z\",\r\n    \"lastModifiedBy\": \"546094f3-32fa-493c-824c-bd9575b0d2fe\",\r\n    \"lastModifiedByType\": \"Application\",\r\n    \"lastModifiedAt\": \"2022-12-13T04:18:04.5359803Z\"\r\n  },\r\n  \"id\": \"/subscriptions/4ce8c9fe-cadc-47d6-9c76-335812fd59df/resourceGroups/ps6118/providers/Microsoft.Resources/deploymentStacks/ps4130\",\r\n  \"type\": \"Microsoft.Resources/deploymentStacks\",\r\n  \"name\": \"ps4130\"\r\n}",
      "StatusCode": 200
    },
    {
      "RequestUri": "/subscriptions/4ce8c9fe-cadc-47d6-9c76-335812fd59df/resourceGroups/ps6118/providers/Microsoft.Resources/deploymentStacks/ps4130?api-version=2022-08-01-preview",
      "EncodedRequestUri": "L3N1YnNjcmlwdGlvbnMvNGNlOGM5ZmUtY2FkYy00N2Q2LTljNzYtMzM1ODEyZmQ1OWRmL3Jlc291cmNlR3JvdXBzL3BzNjExOC9wcm92aWRlcnMvTWljcm9zb2Z0LlJlc291cmNlcy9kZXBsb3ltZW50U3RhY2tzL3BzNDEzMD9hcGktdmVyc2lvbj0yMDIyLTA4LTAxLXByZXZpZXc=",
      "RequestMethod": "GET",
      "RequestHeaders": {
        "x-ms-client-request-id": [
          "27a0f7c3-4e9f-499f-ab06-bc766a216a34"
        ],
        "Accept-Language": [
          "en-US"
        ],
        "User-Agent": [
          "FxVersion/4.700.22.51102",
          "OSName/Windows",
          "OSVersion/Microsoft.Windows.10.0.22621",
          "Microsoft.Azure.Management.ResourceManager.DeploymentStacksClient/3.17.4.0"
        ]
      },
      "RequestBody": "",
      "ResponseHeaders": {
        "Cache-Control": [
          "no-cache"
        ],
        "Pragma": [
          "no-cache"
        ],
        "x-ms-request-id": [
          "bef901bf-810f-4384-953f-9e1f1f3b0e19"
        ],
        "Server": [
          "Microsoft-HTTPAPI/2.0"
        ],
        "x-ms-ratelimit-remaining-subscription-reads": [
          "11977"
        ],
        "x-ms-correlation-request-id": [
          "e7da779f-98ed-4a13-8db1-9b34bd9ed7d6"
        ],
        "x-ms-routing-request-id": [
          "WESTUS:20221213T041812Z:e7da779f-98ed-4a13-8db1-9b34bd9ed7d6"
        ],
        "Strict-Transport-Security": [
          "max-age=31536000; includeSubDomains"
        ],
        "X-Content-Type-Options": [
          "nosniff"
        ],
        "Date": [
          "Tue, 13 Dec 2022 04:18:12 GMT"
        ],
        "Content-Length": [
          "1470"
        ],
        "Content-Type": [
          "application/json; charset=utf-8"
        ],
        "Expires": [
          "-1"
        ],
        "Retry-After": [
          "0"
        ]
      },
      "ResponseBody": "{\r\n  \"properties\": {\r\n    \"actionOnUnmanage\": {\r\n      \"resources\": \"detach\",\r\n      \"resourceGroups\": \"detach\",\r\n      \"managementGroups\": \"detach\"\r\n    },\r\n    \"deploymentId\": \"/subscriptions/4ce8c9fe-cadc-47d6-9c76-335812fd59df/resourceGroups/ps6118/providers/Microsoft.Resources/deployments/ps4130-2022-12-13-04-18-04-dfc10\",\r\n    \"denySettings\": {\r\n      \"mode\": \"denyDelete\",\r\n      \"applyToChildScopes\": true\r\n    },\r\n    \"parameters\": {\r\n      \"templateSpecName\": {\r\n        \"value\": \"StacksScenarioTestSpec\"\r\n      }\r\n    },\r\n    \"resources\": [\r\n      {\r\n        \"status\": \"managed\",\r\n        \"denyStatus\": \"none\",\r\n        \"id\": \"/subscriptions/4ce8c9fe-cadc-47d6-9c76-335812fd59df/resourceGroups/ps6118/providers/Microsoft.Resources/templateSpecs/StacksScenarioTestSpec\"\r\n      }\r\n    ],\r\n    \"provisioningState\": \"locking\",\r\n    \"detachedResources\": [],\r\n    \"deletedResources\": [],\r\n    \"failedResources\": []\r\n  },\r\n  \"systemData\": {\r\n    \"createdBy\": \"546094f3-32fa-493c-824c-bd9575b0d2fe\",\r\n    \"createdByType\": \"Application\",\r\n    \"createdAt\": \"2022-12-13T04:18:04.5359803Z\",\r\n    \"lastModifiedBy\": \"546094f3-32fa-493c-824c-bd9575b0d2fe\",\r\n    \"lastModifiedByType\": \"Application\",\r\n    \"lastModifiedAt\": \"2022-12-13T04:18:04.5359803Z\"\r\n  },\r\n  \"id\": \"/subscriptions/4ce8c9fe-cadc-47d6-9c76-335812fd59df/resourceGroups/ps6118/providers/Microsoft.Resources/deploymentStacks/ps4130\",\r\n  \"type\": \"Microsoft.Resources/deploymentStacks\",\r\n  \"name\": \"ps4130\"\r\n}",
      "StatusCode": 200
    },
    {
      "RequestUri": "/subscriptions/4ce8c9fe-cadc-47d6-9c76-335812fd59df/resourceGroups/ps6118/providers/Microsoft.Resources/deploymentStacks/ps4130?api-version=2022-08-01-preview",
      "EncodedRequestUri": "L3N1YnNjcmlwdGlvbnMvNGNlOGM5ZmUtY2FkYy00N2Q2LTljNzYtMzM1ODEyZmQ1OWRmL3Jlc291cmNlR3JvdXBzL3BzNjExOC9wcm92aWRlcnMvTWljcm9zb2Z0LlJlc291cmNlcy9kZXBsb3ltZW50U3RhY2tzL3BzNDEzMD9hcGktdmVyc2lvbj0yMDIyLTA4LTAxLXByZXZpZXc=",
      "RequestMethod": "GET",
      "RequestHeaders": {
        "x-ms-client-request-id": [
          "27a0f7c3-4e9f-499f-ab06-bc766a216a34"
        ],
        "Accept-Language": [
          "en-US"
        ],
        "User-Agent": [
          "FxVersion/4.700.22.51102",
          "OSName/Windows",
          "OSVersion/Microsoft.Windows.10.0.22621",
          "Microsoft.Azure.Management.ResourceManager.DeploymentStacksClient/3.17.4.0"
        ]
      },
      "RequestBody": "",
      "ResponseHeaders": {
        "Cache-Control": [
          "no-cache"
        ],
        "Pragma": [
          "no-cache"
        ],
        "x-ms-request-id": [
          "ccc6e63c-898b-4f39-9415-9a38a63bf219"
        ],
        "Server": [
          "Microsoft-HTTPAPI/2.0"
        ],
        "x-ms-ratelimit-remaining-subscription-reads": [
          "11976"
        ],
        "x-ms-correlation-request-id": [
          "0fd37f63-e3c3-48c1-a51d-16b5fd47c81f"
        ],
        "x-ms-routing-request-id": [
          "WESTUS:20221213T041813Z:0fd37f63-e3c3-48c1-a51d-16b5fd47c81f"
        ],
        "Strict-Transport-Security": [
          "max-age=31536000; includeSubDomains"
        ],
        "X-Content-Type-Options": [
          "nosniff"
        ],
        "Date": [
          "Tue, 13 Dec 2022 04:18:12 GMT"
        ],
        "Content-Length": [
          "1541"
        ],
        "Content-Type": [
          "application/json; charset=utf-8"
        ],
        "Expires": [
          "-1"
        ],
        "Retry-After": [
          "0"
        ]
      },
      "ResponseBody": "{\r\n  \"properties\": {\r\n    \"actionOnUnmanage\": {\r\n      \"resources\": \"detach\",\r\n      \"resourceGroups\": \"detach\",\r\n      \"managementGroups\": \"detach\"\r\n    },\r\n    \"deploymentId\": \"/subscriptions/4ce8c9fe-cadc-47d6-9c76-335812fd59df/resourceGroups/ps6118/providers/Microsoft.Resources/deployments/ps4130-2022-12-13-04-18-04-dfc10\",\r\n    \"duration\": \"PT8.1714363S\",\r\n    \"denySettings\": {\r\n      \"mode\": \"denyDelete\",\r\n      \"applyToChildScopes\": true,\r\n      \"excludedActions\": []\r\n    },\r\n    \"parameters\": {\r\n      \"templateSpecName\": {\r\n        \"value\": \"StacksScenarioTestSpec\"\r\n      }\r\n    },\r\n    \"resources\": [\r\n      {\r\n        \"status\": \"managed\",\r\n        \"denyStatus\": \"denyDelete\",\r\n        \"id\": \"/subscriptions/4ce8c9fe-cadc-47d6-9c76-335812fd59df/resourceGroups/ps6118/providers/Microsoft.Resources/templateSpecs/StacksScenarioTestSpec\"\r\n      }\r\n    ],\r\n    \"provisioningState\": \"succeeded\",\r\n    \"detachedResources\": [],\r\n    \"deletedResources\": [],\r\n    \"failedResources\": []\r\n  },\r\n  \"systemData\": {\r\n    \"createdBy\": \"546094f3-32fa-493c-824c-bd9575b0d2fe\",\r\n    \"createdByType\": \"Application\",\r\n    \"createdAt\": \"2022-12-13T04:18:04.5359803Z\",\r\n    \"lastModifiedBy\": \"546094f3-32fa-493c-824c-bd9575b0d2fe\",\r\n    \"lastModifiedByType\": \"Application\",\r\n    \"lastModifiedAt\": \"2022-12-13T04:18:04.5359803Z\"\r\n  },\r\n  \"id\": \"/subscriptions/4ce8c9fe-cadc-47d6-9c76-335812fd59df/resourceGroups/ps6118/providers/Microsoft.Resources/deploymentStacks/ps4130\",\r\n  \"type\": \"Microsoft.Resources/deploymentStacks\",\r\n  \"name\": \"ps4130\"\r\n}",
      "StatusCode": 200
    },
    {
      "RequestUri": "/subscriptions/4ce8c9fe-cadc-47d6-9c76-335812fd59df/resourceGroups/ps6118/providers/Microsoft.Resources/deploymentStacks/ps4130?api-version=2022-08-01-preview",
      "EncodedRequestUri": "L3N1YnNjcmlwdGlvbnMvNGNlOGM5ZmUtY2FkYy00N2Q2LTljNzYtMzM1ODEyZmQ1OWRmL3Jlc291cmNlR3JvdXBzL3BzNjExOC9wcm92aWRlcnMvTWljcm9zb2Z0LlJlc291cmNlcy9kZXBsb3ltZW50U3RhY2tzL3BzNDEzMD9hcGktdmVyc2lvbj0yMDIyLTA4LTAxLXByZXZpZXc=",
      "RequestMethod": "GET",
      "RequestHeaders": {
        "x-ms-client-request-id": [
          "cb26a9b8-93ca-48ed-b89f-0eff0017498f"
        ],
        "Accept-Language": [
          "en-US"
        ],
        "User-Agent": [
          "FxVersion/4.700.22.51102",
          "OSName/Windows",
          "OSVersion/Microsoft.Windows.10.0.22621",
          "Microsoft.Azure.Management.ResourceManager.DeploymentStacksClient/3.17.4.0"
        ]
      },
      "RequestBody": "",
      "ResponseHeaders": {
        "Cache-Control": [
          "no-cache"
        ],
        "Pragma": [
          "no-cache"
        ],
        "x-ms-request-id": [
          "20389851-cdbd-4fcf-8579-9430c9833440"
        ],
        "Server": [
          "Microsoft-HTTPAPI/2.0"
        ],
        "x-ms-ratelimit-remaining-subscription-reads": [
          "11999"
        ],
        "x-ms-correlation-request-id": [
          "056bfcce-af18-4db6-8edf-280afb5ef11c"
        ],
        "x-ms-routing-request-id": [
          "WESTUS:20221213T041814Z:056bfcce-af18-4db6-8edf-280afb5ef11c"
        ],
        "Strict-Transport-Security": [
          "max-age=31536000; includeSubDomains"
        ],
        "X-Content-Type-Options": [
          "nosniff"
        ],
        "Date": [
          "Tue, 13 Dec 2022 04:18:14 GMT"
        ],
        "Content-Length": [
          "1059"
        ],
        "Content-Type": [
          "application/json; charset=utf-8"
        ],
        "Expires": [
          "-1"
        ],
        "Retry-After": [
          "0"
        ]
      },
      "ResponseBody": "{\r\n  \"properties\": {\r\n    \"actionOnUnmanage\": {\r\n      \"resources\": \"detach\",\r\n      \"resourceGroups\": \"detach\",\r\n      \"managementGroups\": \"detach\"\r\n    },\r\n    \"denySettings\": {\r\n      \"mode\": \"denyDelete\",\r\n      \"applyToChildScopes\": true\r\n    },\r\n    \"parameters\": {\r\n      \"templateSpecName\": {\r\n        \"value\": \"StacksScenarioTestSpec\"\r\n      }\r\n    },\r\n    \"resources\": [],\r\n    \"provisioningState\": \"initializing\",\r\n    \"detachedResources\": [],\r\n    \"deletedResources\": [],\r\n    \"failedResources\": []\r\n  },\r\n  \"systemData\": {\r\n    \"createdBy\": \"546094f3-32fa-493c-824c-bd9575b0d2fe\",\r\n    \"createdByType\": \"Application\",\r\n    \"createdAt\": \"2022-12-13T04:18:04.5359803Z\",\r\n    \"lastModifiedBy\": \"546094f3-32fa-493c-824c-bd9575b0d2fe\",\r\n    \"lastModifiedByType\": \"Application\",\r\n    \"lastModifiedAt\": \"2022-12-13T04:18:14.1315284Z\"\r\n  },\r\n  \"id\": \"/subscriptions/4ce8c9fe-cadc-47d6-9c76-335812fd59df/resourceGroups/ps6118/providers/Microsoft.Resources/deploymentStacks/ps4130\",\r\n  \"type\": \"Microsoft.Resources/deploymentStacks\",\r\n  \"name\": \"ps4130\"\r\n}",
      "StatusCode": 200
    },
    {
      "RequestUri": "/subscriptions/4ce8c9fe-cadc-47d6-9c76-335812fd59df/resourceGroups/ps6118/providers/Microsoft.Resources/deploymentStacks/ps4130?api-version=2022-08-01-preview",
      "EncodedRequestUri": "L3N1YnNjcmlwdGlvbnMvNGNlOGM5ZmUtY2FkYy00N2Q2LTljNzYtMzM1ODEyZmQ1OWRmL3Jlc291cmNlR3JvdXBzL3BzNjExOC9wcm92aWRlcnMvTWljcm9zb2Z0LlJlc291cmNlcy9kZXBsb3ltZW50U3RhY2tzL3BzNDEzMD9hcGktdmVyc2lvbj0yMDIyLTA4LTAxLXByZXZpZXc=",
      "RequestMethod": "GET",
      "RequestHeaders": {
        "x-ms-client-request-id": [
          "cb26a9b8-93ca-48ed-b89f-0eff0017498f"
        ],
        "Accept-Language": [
          "en-US"
        ],
        "User-Agent": [
          "FxVersion/4.700.22.51102",
          "OSName/Windows",
          "OSVersion/Microsoft.Windows.10.0.22621",
          "Microsoft.Azure.Management.ResourceManager.DeploymentStacksClient/3.17.4.0"
        ]
      },
      "RequestBody": "",
      "ResponseHeaders": {
        "Cache-Control": [
          "no-cache"
        ],
        "Pragma": [
          "no-cache"
        ],
        "x-ms-request-id": [
          "89d5407f-e752-4180-86e7-12309c91c4bb"
        ],
        "Server": [
          "Microsoft-HTTPAPI/2.0"
        ],
        "x-ms-ratelimit-remaining-subscription-reads": [
          "11998"
        ],
        "x-ms-correlation-request-id": [
          "d2f80778-dbf5-482f-b600-54498f9ea862"
        ],
        "x-ms-routing-request-id": [
          "WESTUS:20221213T041815Z:d2f80778-dbf5-482f-b600-54498f9ea862"
        ],
        "Strict-Transport-Security": [
          "max-age=31536000; includeSubDomains"
        ],
        "X-Content-Type-Options": [
          "nosniff"
        ],
        "Date": [
          "Tue, 13 Dec 2022 04:18:14 GMT"
        ],
        "Content-Length": [
          "1229"
        ],
        "Content-Type": [
          "application/json; charset=utf-8"
        ],
        "Expires": [
          "-1"
        ],
        "Retry-After": [
          "0"
        ]
      },
      "ResponseBody": "{\r\n  \"properties\": {\r\n    \"actionOnUnmanage\": {\r\n      \"resources\": \"detach\",\r\n      \"resourceGroups\": \"detach\",\r\n      \"managementGroups\": \"detach\"\r\n    },\r\n    \"deploymentId\": \"/subscriptions/4ce8c9fe-cadc-47d6-9c76-335812fd59df/resourceGroups/ps6118/providers/Microsoft.Resources/deployments/ps4130-2022-12-13-04-18-14-a4c4c\",\r\n    \"denySettings\": {\r\n      \"mode\": \"denyDelete\",\r\n      \"applyToChildScopes\": true\r\n    },\r\n    \"parameters\": {\r\n      \"templateSpecName\": {\r\n        \"value\": \"StacksScenarioTestSpec\"\r\n      }\r\n    },\r\n    \"resources\": [],\r\n    \"provisioningState\": \"deploying\",\r\n    \"detachedResources\": [],\r\n    \"deletedResources\": [],\r\n    \"failedResources\": []\r\n  },\r\n  \"systemData\": {\r\n    \"createdBy\": \"546094f3-32fa-493c-824c-bd9575b0d2fe\",\r\n    \"createdByType\": \"Application\",\r\n    \"createdAt\": \"2022-12-13T04:18:04.5359803Z\",\r\n    \"lastModifiedBy\": \"546094f3-32fa-493c-824c-bd9575b0d2fe\",\r\n    \"lastModifiedByType\": \"Application\",\r\n    \"lastModifiedAt\": \"2022-12-13T04:18:14.1315284Z\"\r\n  },\r\n  \"id\": \"/subscriptions/4ce8c9fe-cadc-47d6-9c76-335812fd59df/resourceGroups/ps6118/providers/Microsoft.Resources/deploymentStacks/ps4130\",\r\n  \"type\": \"Microsoft.Resources/deploymentStacks\",\r\n  \"name\": \"ps4130\"\r\n}",
      "StatusCode": 200
    },
    {
      "RequestUri": "/subscriptions/4ce8c9fe-cadc-47d6-9c76-335812fd59df/resourceGroups/ps6118/providers/Microsoft.Resources/deploymentStacks/ps4130?api-version=2022-08-01-preview",
      "EncodedRequestUri": "L3N1YnNjcmlwdGlvbnMvNGNlOGM5ZmUtY2FkYy00N2Q2LTljNzYtMzM1ODEyZmQ1OWRmL3Jlc291cmNlR3JvdXBzL3BzNjExOC9wcm92aWRlcnMvTWljcm9zb2Z0LlJlc291cmNlcy9kZXBsb3ltZW50U3RhY2tzL3BzNDEzMD9hcGktdmVyc2lvbj0yMDIyLTA4LTAxLXByZXZpZXc=",
      "RequestMethod": "GET",
      "RequestHeaders": {
        "x-ms-client-request-id": [
          "cb26a9b8-93ca-48ed-b89f-0eff0017498f"
        ],
        "Accept-Language": [
          "en-US"
        ],
        "User-Agent": [
          "FxVersion/4.700.22.51102",
          "OSName/Windows",
          "OSVersion/Microsoft.Windows.10.0.22621",
          "Microsoft.Azure.Management.ResourceManager.DeploymentStacksClient/3.17.4.0"
        ]
      },
      "RequestBody": "",
      "ResponseHeaders": {
        "Cache-Control": [
          "no-cache"
        ],
        "Pragma": [
          "no-cache"
        ],
        "x-ms-request-id": [
          "b8769d9b-e719-494c-93d3-92a7b7fc202f"
        ],
        "Server": [
          "Microsoft-HTTPAPI/2.0"
        ],
        "x-ms-ratelimit-remaining-subscription-reads": [
          "11997"
        ],
        "x-ms-correlation-request-id": [
          "ed1ce421-fecb-4dd0-a27c-46e0840f0361"
        ],
        "x-ms-routing-request-id": [
          "WESTUS:20221213T041815Z:ed1ce421-fecb-4dd0-a27c-46e0840f0361"
        ],
        "Strict-Transport-Security": [
          "max-age=31536000; includeSubDomains"
        ],
        "X-Content-Type-Options": [
          "nosniff"
        ],
        "Date": [
          "Tue, 13 Dec 2022 04:18:15 GMT"
        ],
        "Content-Length": [
          "1229"
        ],
        "Content-Type": [
          "application/json; charset=utf-8"
        ],
        "Expires": [
          "-1"
        ],
        "Retry-After": [
          "0"
        ]
      },
      "ResponseBody": "{\r\n  \"properties\": {\r\n    \"actionOnUnmanage\": {\r\n      \"resources\": \"detach\",\r\n      \"resourceGroups\": \"detach\",\r\n      \"managementGroups\": \"detach\"\r\n    },\r\n    \"deploymentId\": \"/subscriptions/4ce8c9fe-cadc-47d6-9c76-335812fd59df/resourceGroups/ps6118/providers/Microsoft.Resources/deployments/ps4130-2022-12-13-04-18-14-a4c4c\",\r\n    \"denySettings\": {\r\n      \"mode\": \"denyDelete\",\r\n      \"applyToChildScopes\": true\r\n    },\r\n    \"parameters\": {\r\n      \"templateSpecName\": {\r\n        \"value\": \"StacksScenarioTestSpec\"\r\n      }\r\n    },\r\n    \"resources\": [],\r\n    \"provisioningState\": \"deploying\",\r\n    \"detachedResources\": [],\r\n    \"deletedResources\": [],\r\n    \"failedResources\": []\r\n  },\r\n  \"systemData\": {\r\n    \"createdBy\": \"546094f3-32fa-493c-824c-bd9575b0d2fe\",\r\n    \"createdByType\": \"Application\",\r\n    \"createdAt\": \"2022-12-13T04:18:04.5359803Z\",\r\n    \"lastModifiedBy\": \"546094f3-32fa-493c-824c-bd9575b0d2fe\",\r\n    \"lastModifiedByType\": \"Application\",\r\n    \"lastModifiedAt\": \"2022-12-13T04:18:14.1315284Z\"\r\n  },\r\n  \"id\": \"/subscriptions/4ce8c9fe-cadc-47d6-9c76-335812fd59df/resourceGroups/ps6118/providers/Microsoft.Resources/deploymentStacks/ps4130\",\r\n  \"type\": \"Microsoft.Resources/deploymentStacks\",\r\n  \"name\": \"ps4130\"\r\n}",
      "StatusCode": 200
    },
    {
      "RequestUri": "/subscriptions/4ce8c9fe-cadc-47d6-9c76-335812fd59df/resourceGroups/ps6118/providers/Microsoft.Resources/deploymentStacks/ps4130?api-version=2022-08-01-preview",
      "EncodedRequestUri": "L3N1YnNjcmlwdGlvbnMvNGNlOGM5ZmUtY2FkYy00N2Q2LTljNzYtMzM1ODEyZmQ1OWRmL3Jlc291cmNlR3JvdXBzL3BzNjExOC9wcm92aWRlcnMvTWljcm9zb2Z0LlJlc291cmNlcy9kZXBsb3ltZW50U3RhY2tzL3BzNDEzMD9hcGktdmVyc2lvbj0yMDIyLTA4LTAxLXByZXZpZXc=",
      "RequestMethod": "GET",
      "RequestHeaders": {
        "x-ms-client-request-id": [
          "cb26a9b8-93ca-48ed-b89f-0eff0017498f"
        ],
        "Accept-Language": [
          "en-US"
        ],
        "User-Agent": [
          "FxVersion/4.700.22.51102",
          "OSName/Windows",
          "OSVersion/Microsoft.Windows.10.0.22621",
          "Microsoft.Azure.Management.ResourceManager.DeploymentStacksClient/3.17.4.0"
        ]
      },
      "RequestBody": "",
      "ResponseHeaders": {
        "Cache-Control": [
          "no-cache"
        ],
        "Pragma": [
          "no-cache"
        ],
        "x-ms-request-id": [
          "949cda73-0cb8-4c94-976f-afef13465247"
        ],
        "Server": [
          "Microsoft-HTTPAPI/2.0"
        ],
        "x-ms-ratelimit-remaining-subscription-reads": [
          "11996"
        ],
        "x-ms-correlation-request-id": [
          "f0279523-f9d9-49de-8f7e-795e0fc91627"
        ],
        "x-ms-routing-request-id": [
          "WESTUS:20221213T041816Z:f0279523-f9d9-49de-8f7e-795e0fc91627"
        ],
        "Strict-Transport-Security": [
          "max-age=31536000; includeSubDomains"
        ],
        "X-Content-Type-Options": [
          "nosniff"
        ],
        "Date": [
          "Tue, 13 Dec 2022 04:18:15 GMT"
        ],
        "Content-Length": [
          "1229"
        ],
        "Content-Type": [
          "application/json; charset=utf-8"
        ],
        "Expires": [
          "-1"
        ],
        "Retry-After": [
          "0"
        ]
      },
      "ResponseBody": "{\r\n  \"properties\": {\r\n    \"actionOnUnmanage\": {\r\n      \"resources\": \"detach\",\r\n      \"resourceGroups\": \"detach\",\r\n      \"managementGroups\": \"detach\"\r\n    },\r\n    \"deploymentId\": \"/subscriptions/4ce8c9fe-cadc-47d6-9c76-335812fd59df/resourceGroups/ps6118/providers/Microsoft.Resources/deployments/ps4130-2022-12-13-04-18-14-a4c4c\",\r\n    \"denySettings\": {\r\n      \"mode\": \"denyDelete\",\r\n      \"applyToChildScopes\": true\r\n    },\r\n    \"parameters\": {\r\n      \"templateSpecName\": {\r\n        \"value\": \"StacksScenarioTestSpec\"\r\n      }\r\n    },\r\n    \"resources\": [],\r\n    \"provisioningState\": \"deploying\",\r\n    \"detachedResources\": [],\r\n    \"deletedResources\": [],\r\n    \"failedResources\": []\r\n  },\r\n  \"systemData\": {\r\n    \"createdBy\": \"546094f3-32fa-493c-824c-bd9575b0d2fe\",\r\n    \"createdByType\": \"Application\",\r\n    \"createdAt\": \"2022-12-13T04:18:04.5359803Z\",\r\n    \"lastModifiedBy\": \"546094f3-32fa-493c-824c-bd9575b0d2fe\",\r\n    \"lastModifiedByType\": \"Application\",\r\n    \"lastModifiedAt\": \"2022-12-13T04:18:14.1315284Z\"\r\n  },\r\n  \"id\": \"/subscriptions/4ce8c9fe-cadc-47d6-9c76-335812fd59df/resourceGroups/ps6118/providers/Microsoft.Resources/deploymentStacks/ps4130\",\r\n  \"type\": \"Microsoft.Resources/deploymentStacks\",\r\n  \"name\": \"ps4130\"\r\n}",
      "StatusCode": 200
    },
    {
      "RequestUri": "/subscriptions/4ce8c9fe-cadc-47d6-9c76-335812fd59df/resourceGroups/ps6118/providers/Microsoft.Resources/deploymentStacks/ps4130?api-version=2022-08-01-preview",
      "EncodedRequestUri": "L3N1YnNjcmlwdGlvbnMvNGNlOGM5ZmUtY2FkYy00N2Q2LTljNzYtMzM1ODEyZmQ1OWRmL3Jlc291cmNlR3JvdXBzL3BzNjExOC9wcm92aWRlcnMvTWljcm9zb2Z0LlJlc291cmNlcy9kZXBsb3ltZW50U3RhY2tzL3BzNDEzMD9hcGktdmVyc2lvbj0yMDIyLTA4LTAxLXByZXZpZXc=",
      "RequestMethod": "GET",
      "RequestHeaders": {
        "x-ms-client-request-id": [
          "cb26a9b8-93ca-48ed-b89f-0eff0017498f"
        ],
        "Accept-Language": [
          "en-US"
        ],
        "User-Agent": [
          "FxVersion/4.700.22.51102",
          "OSName/Windows",
          "OSVersion/Microsoft.Windows.10.0.22621",
          "Microsoft.Azure.Management.ResourceManager.DeploymentStacksClient/3.17.4.0"
        ]
      },
      "RequestBody": "",
      "ResponseHeaders": {
        "Cache-Control": [
          "no-cache"
        ],
        "Pragma": [
          "no-cache"
        ],
        "x-ms-request-id": [
          "7691f508-e0f2-4d03-a58c-acceea6fcf51"
        ],
        "Server": [
          "Microsoft-HTTPAPI/2.0"
        ],
        "x-ms-ratelimit-remaining-subscription-reads": [
          "11995"
        ],
        "x-ms-correlation-request-id": [
          "5d2cf3ca-dbba-49ff-a4c0-d99670534ac2"
        ],
        "x-ms-routing-request-id": [
          "WESTUS:20221213T041816Z:5d2cf3ca-dbba-49ff-a4c0-d99670534ac2"
        ],
        "Strict-Transport-Security": [
          "max-age=31536000; includeSubDomains"
        ],
        "X-Content-Type-Options": [
          "nosniff"
        ],
        "Date": [
          "Tue, 13 Dec 2022 04:18:15 GMT"
        ],
        "Content-Length": [
          "1229"
        ],
        "Content-Type": [
          "application/json; charset=utf-8"
        ],
        "Expires": [
          "-1"
        ],
        "Retry-After": [
          "0"
        ]
      },
      "ResponseBody": "{\r\n  \"properties\": {\r\n    \"actionOnUnmanage\": {\r\n      \"resources\": \"detach\",\r\n      \"resourceGroups\": \"detach\",\r\n      \"managementGroups\": \"detach\"\r\n    },\r\n    \"deploymentId\": \"/subscriptions/4ce8c9fe-cadc-47d6-9c76-335812fd59df/resourceGroups/ps6118/providers/Microsoft.Resources/deployments/ps4130-2022-12-13-04-18-14-a4c4c\",\r\n    \"denySettings\": {\r\n      \"mode\": \"denyDelete\",\r\n      \"applyToChildScopes\": true\r\n    },\r\n    \"parameters\": {\r\n      \"templateSpecName\": {\r\n        \"value\": \"StacksScenarioTestSpec\"\r\n      }\r\n    },\r\n    \"resources\": [],\r\n    \"provisioningState\": \"deploying\",\r\n    \"detachedResources\": [],\r\n    \"deletedResources\": [],\r\n    \"failedResources\": []\r\n  },\r\n  \"systemData\": {\r\n    \"createdBy\": \"546094f3-32fa-493c-824c-bd9575b0d2fe\",\r\n    \"createdByType\": \"Application\",\r\n    \"createdAt\": \"2022-12-13T04:18:04.5359803Z\",\r\n    \"lastModifiedBy\": \"546094f3-32fa-493c-824c-bd9575b0d2fe\",\r\n    \"lastModifiedByType\": \"Application\",\r\n    \"lastModifiedAt\": \"2022-12-13T04:18:14.1315284Z\"\r\n  },\r\n  \"id\": \"/subscriptions/4ce8c9fe-cadc-47d6-9c76-335812fd59df/resourceGroups/ps6118/providers/Microsoft.Resources/deploymentStacks/ps4130\",\r\n  \"type\": \"Microsoft.Resources/deploymentStacks\",\r\n  \"name\": \"ps4130\"\r\n}",
      "StatusCode": 200
    },
    {
      "RequestUri": "/subscriptions/4ce8c9fe-cadc-47d6-9c76-335812fd59df/resourceGroups/ps6118/providers/Microsoft.Resources/deploymentStacks/ps4130?api-version=2022-08-01-preview",
      "EncodedRequestUri": "L3N1YnNjcmlwdGlvbnMvNGNlOGM5ZmUtY2FkYy00N2Q2LTljNzYtMzM1ODEyZmQ1OWRmL3Jlc291cmNlR3JvdXBzL3BzNjExOC9wcm92aWRlcnMvTWljcm9zb2Z0LlJlc291cmNlcy9kZXBsb3ltZW50U3RhY2tzL3BzNDEzMD9hcGktdmVyc2lvbj0yMDIyLTA4LTAxLXByZXZpZXc=",
      "RequestMethod": "GET",
      "RequestHeaders": {
        "x-ms-client-request-id": [
          "cb26a9b8-93ca-48ed-b89f-0eff0017498f"
        ],
        "Accept-Language": [
          "en-US"
        ],
        "User-Agent": [
          "FxVersion/4.700.22.51102",
          "OSName/Windows",
          "OSVersion/Microsoft.Windows.10.0.22621",
          "Microsoft.Azure.Management.ResourceManager.DeploymentStacksClient/3.17.4.0"
        ]
      },
      "RequestBody": "",
      "ResponseHeaders": {
        "Cache-Control": [
          "no-cache"
        ],
        "Pragma": [
          "no-cache"
        ],
        "x-ms-request-id": [
          "da599d29-535f-4676-8087-6c56f077e6f8"
        ],
        "Server": [
          "Microsoft-HTTPAPI/2.0"
        ],
        "x-ms-ratelimit-remaining-subscription-reads": [
          "11994"
        ],
        "x-ms-correlation-request-id": [
          "940e5a60-bafc-4337-84f7-9836e34784c6"
        ],
        "x-ms-routing-request-id": [
          "WESTUS:20221213T041817Z:940e5a60-bafc-4337-84f7-9836e34784c6"
        ],
        "Strict-Transport-Security": [
          "max-age=31536000; includeSubDomains"
        ],
        "X-Content-Type-Options": [
          "nosniff"
        ],
        "Date": [
          "Tue, 13 Dec 2022 04:18:16 GMT"
        ],
        "Content-Length": [
          "1229"
        ],
        "Content-Type": [
          "application/json; charset=utf-8"
        ],
        "Expires": [
          "-1"
        ],
        "Retry-After": [
          "0"
        ]
      },
      "ResponseBody": "{\r\n  \"properties\": {\r\n    \"actionOnUnmanage\": {\r\n      \"resources\": \"detach\",\r\n      \"resourceGroups\": \"detach\",\r\n      \"managementGroups\": \"detach\"\r\n    },\r\n    \"deploymentId\": \"/subscriptions/4ce8c9fe-cadc-47d6-9c76-335812fd59df/resourceGroups/ps6118/providers/Microsoft.Resources/deployments/ps4130-2022-12-13-04-18-14-a4c4c\",\r\n    \"denySettings\": {\r\n      \"mode\": \"denyDelete\",\r\n      \"applyToChildScopes\": true\r\n    },\r\n    \"parameters\": {\r\n      \"templateSpecName\": {\r\n        \"value\": \"StacksScenarioTestSpec\"\r\n      }\r\n    },\r\n    \"resources\": [],\r\n    \"provisioningState\": \"deploying\",\r\n    \"detachedResources\": [],\r\n    \"deletedResources\": [],\r\n    \"failedResources\": []\r\n  },\r\n  \"systemData\": {\r\n    \"createdBy\": \"546094f3-32fa-493c-824c-bd9575b0d2fe\",\r\n    \"createdByType\": \"Application\",\r\n    \"createdAt\": \"2022-12-13T04:18:04.5359803Z\",\r\n    \"lastModifiedBy\": \"546094f3-32fa-493c-824c-bd9575b0d2fe\",\r\n    \"lastModifiedByType\": \"Application\",\r\n    \"lastModifiedAt\": \"2022-12-13T04:18:14.1315284Z\"\r\n  },\r\n  \"id\": \"/subscriptions/4ce8c9fe-cadc-47d6-9c76-335812fd59df/resourceGroups/ps6118/providers/Microsoft.Resources/deploymentStacks/ps4130\",\r\n  \"type\": \"Microsoft.Resources/deploymentStacks\",\r\n  \"name\": \"ps4130\"\r\n}",
      "StatusCode": 200
    },
    {
      "RequestUri": "/subscriptions/4ce8c9fe-cadc-47d6-9c76-335812fd59df/resourceGroups/ps6118/providers/Microsoft.Resources/deploymentStacks/ps4130?api-version=2022-08-01-preview",
      "EncodedRequestUri": "L3N1YnNjcmlwdGlvbnMvNGNlOGM5ZmUtY2FkYy00N2Q2LTljNzYtMzM1ODEyZmQ1OWRmL3Jlc291cmNlR3JvdXBzL3BzNjExOC9wcm92aWRlcnMvTWljcm9zb2Z0LlJlc291cmNlcy9kZXBsb3ltZW50U3RhY2tzL3BzNDEzMD9hcGktdmVyc2lvbj0yMDIyLTA4LTAxLXByZXZpZXc=",
      "RequestMethod": "GET",
      "RequestHeaders": {
        "x-ms-client-request-id": [
          "cb26a9b8-93ca-48ed-b89f-0eff0017498f"
        ],
        "Accept-Language": [
          "en-US"
        ],
        "User-Agent": [
          "FxVersion/4.700.22.51102",
          "OSName/Windows",
          "OSVersion/Microsoft.Windows.10.0.22621",
          "Microsoft.Azure.Management.ResourceManager.DeploymentStacksClient/3.17.4.0"
        ]
      },
      "RequestBody": "",
      "ResponseHeaders": {
        "Cache-Control": [
          "no-cache"
        ],
        "Pragma": [
          "no-cache"
        ],
        "x-ms-request-id": [
          "d952729c-ce52-4202-b661-c9d51ac8eac9"
        ],
        "Server": [
          "Microsoft-HTTPAPI/2.0"
        ],
        "x-ms-ratelimit-remaining-subscription-reads": [
          "11993"
        ],
        "x-ms-correlation-request-id": [
          "9c91cb0b-dba9-4b1e-96ef-718b68aceb11"
        ],
        "x-ms-routing-request-id": [
          "WESTUS:20221213T041817Z:9c91cb0b-dba9-4b1e-96ef-718b68aceb11"
        ],
        "Strict-Transport-Security": [
          "max-age=31536000; includeSubDomains"
        ],
        "X-Content-Type-Options": [
          "nosniff"
        ],
        "Date": [
          "Tue, 13 Dec 2022 04:18:16 GMT"
        ],
        "Content-Length": [
          "1229"
        ],
        "Content-Type": [
          "application/json; charset=utf-8"
        ],
        "Expires": [
          "-1"
        ],
        "Retry-After": [
          "0"
        ]
      },
      "ResponseBody": "{\r\n  \"properties\": {\r\n    \"actionOnUnmanage\": {\r\n      \"resources\": \"detach\",\r\n      \"resourceGroups\": \"detach\",\r\n      \"managementGroups\": \"detach\"\r\n    },\r\n    \"deploymentId\": \"/subscriptions/4ce8c9fe-cadc-47d6-9c76-335812fd59df/resourceGroups/ps6118/providers/Microsoft.Resources/deployments/ps4130-2022-12-13-04-18-14-a4c4c\",\r\n    \"denySettings\": {\r\n      \"mode\": \"denyDelete\",\r\n      \"applyToChildScopes\": true\r\n    },\r\n    \"parameters\": {\r\n      \"templateSpecName\": {\r\n        \"value\": \"StacksScenarioTestSpec\"\r\n      }\r\n    },\r\n    \"resources\": [],\r\n    \"provisioningState\": \"deploying\",\r\n    \"detachedResources\": [],\r\n    \"deletedResources\": [],\r\n    \"failedResources\": []\r\n  },\r\n  \"systemData\": {\r\n    \"createdBy\": \"546094f3-32fa-493c-824c-bd9575b0d2fe\",\r\n    \"createdByType\": \"Application\",\r\n    \"createdAt\": \"2022-12-13T04:18:04.5359803Z\",\r\n    \"lastModifiedBy\": \"546094f3-32fa-493c-824c-bd9575b0d2fe\",\r\n    \"lastModifiedByType\": \"Application\",\r\n    \"lastModifiedAt\": \"2022-12-13T04:18:14.1315284Z\"\r\n  },\r\n  \"id\": \"/subscriptions/4ce8c9fe-cadc-47d6-9c76-335812fd59df/resourceGroups/ps6118/providers/Microsoft.Resources/deploymentStacks/ps4130\",\r\n  \"type\": \"Microsoft.Resources/deploymentStacks\",\r\n  \"name\": \"ps4130\"\r\n}",
      "StatusCode": 200
    },
    {
      "RequestUri": "/subscriptions/4ce8c9fe-cadc-47d6-9c76-335812fd59df/resourceGroups/ps6118/providers/Microsoft.Resources/deploymentStacks/ps4130?api-version=2022-08-01-preview",
      "EncodedRequestUri": "L3N1YnNjcmlwdGlvbnMvNGNlOGM5ZmUtY2FkYy00N2Q2LTljNzYtMzM1ODEyZmQ1OWRmL3Jlc291cmNlR3JvdXBzL3BzNjExOC9wcm92aWRlcnMvTWljcm9zb2Z0LlJlc291cmNlcy9kZXBsb3ltZW50U3RhY2tzL3BzNDEzMD9hcGktdmVyc2lvbj0yMDIyLTA4LTAxLXByZXZpZXc=",
      "RequestMethod": "GET",
      "RequestHeaders": {
        "x-ms-client-request-id": [
          "cb26a9b8-93ca-48ed-b89f-0eff0017498f"
        ],
        "Accept-Language": [
          "en-US"
        ],
        "User-Agent": [
          "FxVersion/4.700.22.51102",
          "OSName/Windows",
          "OSVersion/Microsoft.Windows.10.0.22621",
          "Microsoft.Azure.Management.ResourceManager.DeploymentStacksClient/3.17.4.0"
        ]
      },
      "RequestBody": "",
      "ResponseHeaders": {
        "Cache-Control": [
          "no-cache"
        ],
        "Pragma": [
          "no-cache"
        ],
        "x-ms-request-id": [
          "486e2412-f08b-4773-9423-97faa17001a4"
        ],
        "Server": [
          "Microsoft-HTTPAPI/2.0"
        ],
        "x-ms-ratelimit-remaining-subscription-reads": [
          "11992"
        ],
        "x-ms-correlation-request-id": [
          "5c0ac3e4-ce5d-47ed-8a1e-791fdc736548"
        ],
        "x-ms-routing-request-id": [
          "WESTUS:20221213T041818Z:5c0ac3e4-ce5d-47ed-8a1e-791fdc736548"
        ],
        "Strict-Transport-Security": [
          "max-age=31536000; includeSubDomains"
        ],
        "X-Content-Type-Options": [
          "nosniff"
        ],
        "Date": [
          "Tue, 13 Dec 2022 04:18:17 GMT"
        ],
        "Content-Length": [
          "1229"
        ],
        "Content-Type": [
          "application/json; charset=utf-8"
        ],
        "Expires": [
          "-1"
        ],
        "Retry-After": [
          "0"
        ]
      },
      "ResponseBody": "{\r\n  \"properties\": {\r\n    \"actionOnUnmanage\": {\r\n      \"resources\": \"detach\",\r\n      \"resourceGroups\": \"detach\",\r\n      \"managementGroups\": \"detach\"\r\n    },\r\n    \"deploymentId\": \"/subscriptions/4ce8c9fe-cadc-47d6-9c76-335812fd59df/resourceGroups/ps6118/providers/Microsoft.Resources/deployments/ps4130-2022-12-13-04-18-14-a4c4c\",\r\n    \"denySettings\": {\r\n      \"mode\": \"denyDelete\",\r\n      \"applyToChildScopes\": true\r\n    },\r\n    \"parameters\": {\r\n      \"templateSpecName\": {\r\n        \"value\": \"StacksScenarioTestSpec\"\r\n      }\r\n    },\r\n    \"resources\": [],\r\n    \"provisioningState\": \"deploying\",\r\n    \"detachedResources\": [],\r\n    \"deletedResources\": [],\r\n    \"failedResources\": []\r\n  },\r\n  \"systemData\": {\r\n    \"createdBy\": \"546094f3-32fa-493c-824c-bd9575b0d2fe\",\r\n    \"createdByType\": \"Application\",\r\n    \"createdAt\": \"2022-12-13T04:18:04.5359803Z\",\r\n    \"lastModifiedBy\": \"546094f3-32fa-493c-824c-bd9575b0d2fe\",\r\n    \"lastModifiedByType\": \"Application\",\r\n    \"lastModifiedAt\": \"2022-12-13T04:18:14.1315284Z\"\r\n  },\r\n  \"id\": \"/subscriptions/4ce8c9fe-cadc-47d6-9c76-335812fd59df/resourceGroups/ps6118/providers/Microsoft.Resources/deploymentStacks/ps4130\",\r\n  \"type\": \"Microsoft.Resources/deploymentStacks\",\r\n  \"name\": \"ps4130\"\r\n}",
      "StatusCode": 200
    },
    {
      "RequestUri": "/subscriptions/4ce8c9fe-cadc-47d6-9c76-335812fd59df/resourceGroups/ps6118/providers/Microsoft.Resources/deploymentStacks/ps4130?api-version=2022-08-01-preview",
      "EncodedRequestUri": "L3N1YnNjcmlwdGlvbnMvNGNlOGM5ZmUtY2FkYy00N2Q2LTljNzYtMzM1ODEyZmQ1OWRmL3Jlc291cmNlR3JvdXBzL3BzNjExOC9wcm92aWRlcnMvTWljcm9zb2Z0LlJlc291cmNlcy9kZXBsb3ltZW50U3RhY2tzL3BzNDEzMD9hcGktdmVyc2lvbj0yMDIyLTA4LTAxLXByZXZpZXc=",
      "RequestMethod": "GET",
      "RequestHeaders": {
        "x-ms-client-request-id": [
          "cb26a9b8-93ca-48ed-b89f-0eff0017498f"
        ],
        "Accept-Language": [
          "en-US"
        ],
        "User-Agent": [
          "FxVersion/4.700.22.51102",
          "OSName/Windows",
          "OSVersion/Microsoft.Windows.10.0.22621",
          "Microsoft.Azure.Management.ResourceManager.DeploymentStacksClient/3.17.4.0"
        ]
      },
      "RequestBody": "",
      "ResponseHeaders": {
        "Cache-Control": [
          "no-cache"
        ],
        "Pragma": [
          "no-cache"
        ],
        "x-ms-request-id": [
          "adaaf6e9-a6e8-4a40-a943-a21044b04b94"
        ],
        "Server": [
          "Microsoft-HTTPAPI/2.0"
        ],
        "x-ms-ratelimit-remaining-subscription-reads": [
          "11991"
        ],
        "x-ms-correlation-request-id": [
          "361d3587-aee3-4c3c-89dd-16c89487e32c"
        ],
        "x-ms-routing-request-id": [
          "WESTUS:20221213T041818Z:361d3587-aee3-4c3c-89dd-16c89487e32c"
        ],
        "Strict-Transport-Security": [
          "max-age=31536000; includeSubDomains"
        ],
        "X-Content-Type-Options": [
          "nosniff"
        ],
        "Date": [
          "Tue, 13 Dec 2022 04:18:17 GMT"
        ],
        "Content-Length": [
          "1229"
        ],
        "Content-Type": [
          "application/json; charset=utf-8"
        ],
        "Expires": [
          "-1"
        ],
        "Retry-After": [
          "0"
        ]
      },
      "ResponseBody": "{\r\n  \"properties\": {\r\n    \"actionOnUnmanage\": {\r\n      \"resources\": \"detach\",\r\n      \"resourceGroups\": \"detach\",\r\n      \"managementGroups\": \"detach\"\r\n    },\r\n    \"deploymentId\": \"/subscriptions/4ce8c9fe-cadc-47d6-9c76-335812fd59df/resourceGroups/ps6118/providers/Microsoft.Resources/deployments/ps4130-2022-12-13-04-18-14-a4c4c\",\r\n    \"denySettings\": {\r\n      \"mode\": \"denyDelete\",\r\n      \"applyToChildScopes\": true\r\n    },\r\n    \"parameters\": {\r\n      \"templateSpecName\": {\r\n        \"value\": \"StacksScenarioTestSpec\"\r\n      }\r\n    },\r\n    \"resources\": [],\r\n    \"provisioningState\": \"deploying\",\r\n    \"detachedResources\": [],\r\n    \"deletedResources\": [],\r\n    \"failedResources\": []\r\n  },\r\n  \"systemData\": {\r\n    \"createdBy\": \"546094f3-32fa-493c-824c-bd9575b0d2fe\",\r\n    \"createdByType\": \"Application\",\r\n    \"createdAt\": \"2022-12-13T04:18:04.5359803Z\",\r\n    \"lastModifiedBy\": \"546094f3-32fa-493c-824c-bd9575b0d2fe\",\r\n    \"lastModifiedByType\": \"Application\",\r\n    \"lastModifiedAt\": \"2022-12-13T04:18:14.1315284Z\"\r\n  },\r\n  \"id\": \"/subscriptions/4ce8c9fe-cadc-47d6-9c76-335812fd59df/resourceGroups/ps6118/providers/Microsoft.Resources/deploymentStacks/ps4130\",\r\n  \"type\": \"Microsoft.Resources/deploymentStacks\",\r\n  \"name\": \"ps4130\"\r\n}",
      "StatusCode": 200
    },
    {
      "RequestUri": "/subscriptions/4ce8c9fe-cadc-47d6-9c76-335812fd59df/resourceGroups/ps6118/providers/Microsoft.Resources/deploymentStacks/ps4130?api-version=2022-08-01-preview",
      "EncodedRequestUri": "L3N1YnNjcmlwdGlvbnMvNGNlOGM5ZmUtY2FkYy00N2Q2LTljNzYtMzM1ODEyZmQ1OWRmL3Jlc291cmNlR3JvdXBzL3BzNjExOC9wcm92aWRlcnMvTWljcm9zb2Z0LlJlc291cmNlcy9kZXBsb3ltZW50U3RhY2tzL3BzNDEzMD9hcGktdmVyc2lvbj0yMDIyLTA4LTAxLXByZXZpZXc=",
      "RequestMethod": "GET",
      "RequestHeaders": {
        "x-ms-client-request-id": [
          "cb26a9b8-93ca-48ed-b89f-0eff0017498f"
        ],
        "Accept-Language": [
          "en-US"
        ],
        "User-Agent": [
          "FxVersion/4.700.22.51102",
          "OSName/Windows",
          "OSVersion/Microsoft.Windows.10.0.22621",
          "Microsoft.Azure.Management.ResourceManager.DeploymentStacksClient/3.17.4.0"
        ]
      },
      "RequestBody": "",
      "ResponseHeaders": {
        "Cache-Control": [
          "no-cache"
        ],
        "Pragma": [
          "no-cache"
        ],
        "x-ms-request-id": [
          "f476b0d3-3047-48bb-82b6-9b6d3eb1912a"
        ],
        "Server": [
          "Microsoft-HTTPAPI/2.0"
        ],
        "x-ms-ratelimit-remaining-subscription-reads": [
          "11990"
        ],
        "x-ms-correlation-request-id": [
          "ee64f481-436c-4d44-826a-a406fd3a9965"
        ],
        "x-ms-routing-request-id": [
          "WESTUS:20221213T041819Z:ee64f481-436c-4d44-826a-a406fd3a9965"
        ],
        "Strict-Transport-Security": [
          "max-age=31536000; includeSubDomains"
        ],
        "X-Content-Type-Options": [
          "nosniff"
        ],
        "Date": [
          "Tue, 13 Dec 2022 04:18:18 GMT"
        ],
        "Content-Length": [
          "1476"
        ],
        "Content-Type": [
          "application/json; charset=utf-8"
        ],
        "Expires": [
          "-1"
        ],
        "Retry-After": [
          "0"
        ]
      },
      "ResponseBody": "{\r\n  \"properties\": {\r\n    \"actionOnUnmanage\": {\r\n      \"resources\": \"detach\",\r\n      \"resourceGroups\": \"detach\",\r\n      \"managementGroups\": \"detach\"\r\n    },\r\n    \"deploymentId\": \"/subscriptions/4ce8c9fe-cadc-47d6-9c76-335812fd59df/resourceGroups/ps6118/providers/Microsoft.Resources/deployments/ps4130-2022-12-13-04-18-14-a4c4c\",\r\n    \"denySettings\": {\r\n      \"mode\": \"denyDelete\",\r\n      \"applyToChildScopes\": true\r\n    },\r\n    \"parameters\": {\r\n      \"templateSpecName\": {\r\n        \"value\": \"StacksScenarioTestSpec\"\r\n      }\r\n    },\r\n    \"resources\": [\r\n      {\r\n        \"status\": \"managed\",\r\n        \"denyStatus\": \"denyDelete\",\r\n        \"id\": \"/subscriptions/4ce8c9fe-cadc-47d6-9c76-335812fd59df/resourceGroups/ps6118/providers/Microsoft.Resources/templateSpecs/StacksScenarioTestSpec\"\r\n      }\r\n    ],\r\n    \"provisioningState\": \"locking\",\r\n    \"detachedResources\": [],\r\n    \"deletedResources\": [],\r\n    \"failedResources\": []\r\n  },\r\n  \"systemData\": {\r\n    \"createdBy\": \"546094f3-32fa-493c-824c-bd9575b0d2fe\",\r\n    \"createdByType\": \"Application\",\r\n    \"createdAt\": \"2022-12-13T04:18:04.5359803Z\",\r\n    \"lastModifiedBy\": \"546094f3-32fa-493c-824c-bd9575b0d2fe\",\r\n    \"lastModifiedByType\": \"Application\",\r\n    \"lastModifiedAt\": \"2022-12-13T04:18:14.1315284Z\"\r\n  },\r\n  \"id\": \"/subscriptions/4ce8c9fe-cadc-47d6-9c76-335812fd59df/resourceGroups/ps6118/providers/Microsoft.Resources/deploymentStacks/ps4130\",\r\n  \"type\": \"Microsoft.Resources/deploymentStacks\",\r\n  \"name\": \"ps4130\"\r\n}",
      "StatusCode": 200
    },
    {
      "RequestUri": "/subscriptions/4ce8c9fe-cadc-47d6-9c76-335812fd59df/resourceGroups/ps6118/providers/Microsoft.Resources/deploymentStacks/ps4130?api-version=2022-08-01-preview",
      "EncodedRequestUri": "L3N1YnNjcmlwdGlvbnMvNGNlOGM5ZmUtY2FkYy00N2Q2LTljNzYtMzM1ODEyZmQ1OWRmL3Jlc291cmNlR3JvdXBzL3BzNjExOC9wcm92aWRlcnMvTWljcm9zb2Z0LlJlc291cmNlcy9kZXBsb3ltZW50U3RhY2tzL3BzNDEzMD9hcGktdmVyc2lvbj0yMDIyLTA4LTAxLXByZXZpZXc=",
      "RequestMethod": "GET",
      "RequestHeaders": {
        "x-ms-client-request-id": [
          "cb26a9b8-93ca-48ed-b89f-0eff0017498f"
        ],
        "Accept-Language": [
          "en-US"
        ],
        "User-Agent": [
          "FxVersion/4.700.22.51102",
          "OSName/Windows",
          "OSVersion/Microsoft.Windows.10.0.22621",
          "Microsoft.Azure.Management.ResourceManager.DeploymentStacksClient/3.17.4.0"
        ]
      },
      "RequestBody": "",
      "ResponseHeaders": {
        "Cache-Control": [
          "no-cache"
        ],
        "Pragma": [
          "no-cache"
        ],
        "x-ms-request-id": [
          "7026e86a-21e4-43e1-96f2-13186ea9a4cf"
        ],
        "Server": [
          "Microsoft-HTTPAPI/2.0"
        ],
        "x-ms-ratelimit-remaining-subscription-reads": [
          "11989"
        ],
        "x-ms-correlation-request-id": [
          "9a8ba533-498c-434e-a9f5-c7567308045b"
        ],
        "x-ms-routing-request-id": [
          "WESTUS:20221213T041819Z:9a8ba533-498c-434e-a9f5-c7567308045b"
        ],
        "Strict-Transport-Security": [
          "max-age=31536000; includeSubDomains"
        ],
        "X-Content-Type-Options": [
          "nosniff"
        ],
        "Date": [
          "Tue, 13 Dec 2022 04:18:18 GMT"
        ],
        "Content-Length": [
          "1476"
        ],
        "Content-Type": [
          "application/json; charset=utf-8"
        ],
        "Expires": [
          "-1"
        ],
        "Retry-After": [
          "0"
        ]
      },
      "ResponseBody": "{\r\n  \"properties\": {\r\n    \"actionOnUnmanage\": {\r\n      \"resources\": \"detach\",\r\n      \"resourceGroups\": \"detach\",\r\n      \"managementGroups\": \"detach\"\r\n    },\r\n    \"deploymentId\": \"/subscriptions/4ce8c9fe-cadc-47d6-9c76-335812fd59df/resourceGroups/ps6118/providers/Microsoft.Resources/deployments/ps4130-2022-12-13-04-18-14-a4c4c\",\r\n    \"denySettings\": {\r\n      \"mode\": \"denyDelete\",\r\n      \"applyToChildScopes\": true\r\n    },\r\n    \"parameters\": {\r\n      \"templateSpecName\": {\r\n        \"value\": \"StacksScenarioTestSpec\"\r\n      }\r\n    },\r\n    \"resources\": [\r\n      {\r\n        \"status\": \"managed\",\r\n        \"denyStatus\": \"denyDelete\",\r\n        \"id\": \"/subscriptions/4ce8c9fe-cadc-47d6-9c76-335812fd59df/resourceGroups/ps6118/providers/Microsoft.Resources/templateSpecs/StacksScenarioTestSpec\"\r\n      }\r\n    ],\r\n    \"provisioningState\": \"locking\",\r\n    \"detachedResources\": [],\r\n    \"deletedResources\": [],\r\n    \"failedResources\": []\r\n  },\r\n  \"systemData\": {\r\n    \"createdBy\": \"546094f3-32fa-493c-824c-bd9575b0d2fe\",\r\n    \"createdByType\": \"Application\",\r\n    \"createdAt\": \"2022-12-13T04:18:04.5359803Z\",\r\n    \"lastModifiedBy\": \"546094f3-32fa-493c-824c-bd9575b0d2fe\",\r\n    \"lastModifiedByType\": \"Application\",\r\n    \"lastModifiedAt\": \"2022-12-13T04:18:14.1315284Z\"\r\n  },\r\n  \"id\": \"/subscriptions/4ce8c9fe-cadc-47d6-9c76-335812fd59df/resourceGroups/ps6118/providers/Microsoft.Resources/deploymentStacks/ps4130\",\r\n  \"type\": \"Microsoft.Resources/deploymentStacks\",\r\n  \"name\": \"ps4130\"\r\n}",
      "StatusCode": 200
    },
    {
      "RequestUri": "/subscriptions/4ce8c9fe-cadc-47d6-9c76-335812fd59df/resourceGroups/ps6118/providers/Microsoft.Resources/deploymentStacks/ps4130?api-version=2022-08-01-preview",
      "EncodedRequestUri": "L3N1YnNjcmlwdGlvbnMvNGNlOGM5ZmUtY2FkYy00N2Q2LTljNzYtMzM1ODEyZmQ1OWRmL3Jlc291cmNlR3JvdXBzL3BzNjExOC9wcm92aWRlcnMvTWljcm9zb2Z0LlJlc291cmNlcy9kZXBsb3ltZW50U3RhY2tzL3BzNDEzMD9hcGktdmVyc2lvbj0yMDIyLTA4LTAxLXByZXZpZXc=",
      "RequestMethod": "GET",
      "RequestHeaders": {
        "x-ms-client-request-id": [
          "cb26a9b8-93ca-48ed-b89f-0eff0017498f"
        ],
        "Accept-Language": [
          "en-US"
        ],
        "User-Agent": [
          "FxVersion/4.700.22.51102",
          "OSName/Windows",
          "OSVersion/Microsoft.Windows.10.0.22621",
          "Microsoft.Azure.Management.ResourceManager.DeploymentStacksClient/3.17.4.0"
        ]
      },
      "RequestBody": "",
      "ResponseHeaders": {
        "Cache-Control": [
          "no-cache"
        ],
        "Pragma": [
          "no-cache"
        ],
        "x-ms-request-id": [
          "8a6ba028-5ce1-4dff-adaf-d989e290f410"
        ],
        "Server": [
          "Microsoft-HTTPAPI/2.0"
        ],
        "x-ms-ratelimit-remaining-subscription-reads": [
          "11988"
        ],
        "x-ms-correlation-request-id": [
          "1737ca1f-3c06-439b-897b-2e0cb83c4039"
        ],
        "x-ms-routing-request-id": [
          "WESTUS:20221213T041819Z:1737ca1f-3c06-439b-897b-2e0cb83c4039"
        ],
        "Strict-Transport-Security": [
          "max-age=31536000; includeSubDomains"
        ],
        "X-Content-Type-Options": [
          "nosniff"
        ],
        "Date": [
          "Tue, 13 Dec 2022 04:18:18 GMT"
        ],
        "Content-Length": [
          "1476"
        ],
        "Content-Type": [
          "application/json; charset=utf-8"
        ],
        "Expires": [
          "-1"
        ],
        "Retry-After": [
          "0"
        ]
      },
      "ResponseBody": "{\r\n  \"properties\": {\r\n    \"actionOnUnmanage\": {\r\n      \"resources\": \"detach\",\r\n      \"resourceGroups\": \"detach\",\r\n      \"managementGroups\": \"detach\"\r\n    },\r\n    \"deploymentId\": \"/subscriptions/4ce8c9fe-cadc-47d6-9c76-335812fd59df/resourceGroups/ps6118/providers/Microsoft.Resources/deployments/ps4130-2022-12-13-04-18-14-a4c4c\",\r\n    \"denySettings\": {\r\n      \"mode\": \"denyDelete\",\r\n      \"applyToChildScopes\": true\r\n    },\r\n    \"parameters\": {\r\n      \"templateSpecName\": {\r\n        \"value\": \"StacksScenarioTestSpec\"\r\n      }\r\n    },\r\n    \"resources\": [\r\n      {\r\n        \"status\": \"managed\",\r\n        \"denyStatus\": \"denyDelete\",\r\n        \"id\": \"/subscriptions/4ce8c9fe-cadc-47d6-9c76-335812fd59df/resourceGroups/ps6118/providers/Microsoft.Resources/templateSpecs/StacksScenarioTestSpec\"\r\n      }\r\n    ],\r\n    \"provisioningState\": \"locking\",\r\n    \"detachedResources\": [],\r\n    \"deletedResources\": [],\r\n    \"failedResources\": []\r\n  },\r\n  \"systemData\": {\r\n    \"createdBy\": \"546094f3-32fa-493c-824c-bd9575b0d2fe\",\r\n    \"createdByType\": \"Application\",\r\n    \"createdAt\": \"2022-12-13T04:18:04.5359803Z\",\r\n    \"lastModifiedBy\": \"546094f3-32fa-493c-824c-bd9575b0d2fe\",\r\n    \"lastModifiedByType\": \"Application\",\r\n    \"lastModifiedAt\": \"2022-12-13T04:18:14.1315284Z\"\r\n  },\r\n  \"id\": \"/subscriptions/4ce8c9fe-cadc-47d6-9c76-335812fd59df/resourceGroups/ps6118/providers/Microsoft.Resources/deploymentStacks/ps4130\",\r\n  \"type\": \"Microsoft.Resources/deploymentStacks\",\r\n  \"name\": \"ps4130\"\r\n}",
      "StatusCode": 200
    },
    {
      "RequestUri": "/subscriptions/4ce8c9fe-cadc-47d6-9c76-335812fd59df/resourceGroups/ps6118/providers/Microsoft.Resources/deploymentStacks/ps4130?api-version=2022-08-01-preview",
      "EncodedRequestUri": "L3N1YnNjcmlwdGlvbnMvNGNlOGM5ZmUtY2FkYy00N2Q2LTljNzYtMzM1ODEyZmQ1OWRmL3Jlc291cmNlR3JvdXBzL3BzNjExOC9wcm92aWRlcnMvTWljcm9zb2Z0LlJlc291cmNlcy9kZXBsb3ltZW50U3RhY2tzL3BzNDEzMD9hcGktdmVyc2lvbj0yMDIyLTA4LTAxLXByZXZpZXc=",
      "RequestMethod": "GET",
      "RequestHeaders": {
        "x-ms-client-request-id": [
          "cb26a9b8-93ca-48ed-b89f-0eff0017498f"
        ],
        "Accept-Language": [
          "en-US"
        ],
        "User-Agent": [
          "FxVersion/4.700.22.51102",
          "OSName/Windows",
          "OSVersion/Microsoft.Windows.10.0.22621",
          "Microsoft.Azure.Management.ResourceManager.DeploymentStacksClient/3.17.4.0"
        ]
      },
      "RequestBody": "",
      "ResponseHeaders": {
        "Cache-Control": [
          "no-cache"
        ],
        "Pragma": [
          "no-cache"
        ],
        "x-ms-request-id": [
          "3c5b8fb4-8eb0-42b1-8e2b-32ea06ad1e4d"
        ],
        "Server": [
          "Microsoft-HTTPAPI/2.0"
        ],
        "x-ms-ratelimit-remaining-subscription-reads": [
          "11987"
        ],
        "x-ms-correlation-request-id": [
          "738e06f4-731d-4a91-9781-e361e4f91e81"
        ],
        "x-ms-routing-request-id": [
          "WESTUS:20221213T041820Z:738e06f4-731d-4a91-9781-e361e4f91e81"
        ],
        "Strict-Transport-Security": [
          "max-age=31536000; includeSubDomains"
        ],
        "X-Content-Type-Options": [
          "nosniff"
        ],
        "Date": [
          "Tue, 13 Dec 2022 04:18:19 GMT"
        ],
        "Content-Length": [
          "1476"
        ],
        "Content-Type": [
          "application/json; charset=utf-8"
        ],
        "Expires": [
          "-1"
        ],
        "Retry-After": [
          "0"
        ]
      },
      "ResponseBody": "{\r\n  \"properties\": {\r\n    \"actionOnUnmanage\": {\r\n      \"resources\": \"detach\",\r\n      \"resourceGroups\": \"detach\",\r\n      \"managementGroups\": \"detach\"\r\n    },\r\n    \"deploymentId\": \"/subscriptions/4ce8c9fe-cadc-47d6-9c76-335812fd59df/resourceGroups/ps6118/providers/Microsoft.Resources/deployments/ps4130-2022-12-13-04-18-14-a4c4c\",\r\n    \"denySettings\": {\r\n      \"mode\": \"denyDelete\",\r\n      \"applyToChildScopes\": true\r\n    },\r\n    \"parameters\": {\r\n      \"templateSpecName\": {\r\n        \"value\": \"StacksScenarioTestSpec\"\r\n      }\r\n    },\r\n    \"resources\": [\r\n      {\r\n        \"status\": \"managed\",\r\n        \"denyStatus\": \"denyDelete\",\r\n        \"id\": \"/subscriptions/4ce8c9fe-cadc-47d6-9c76-335812fd59df/resourceGroups/ps6118/providers/Microsoft.Resources/templateSpecs/StacksScenarioTestSpec\"\r\n      }\r\n    ],\r\n    \"provisioningState\": \"locking\",\r\n    \"detachedResources\": [],\r\n    \"deletedResources\": [],\r\n    \"failedResources\": []\r\n  },\r\n  \"systemData\": {\r\n    \"createdBy\": \"546094f3-32fa-493c-824c-bd9575b0d2fe\",\r\n    \"createdByType\": \"Application\",\r\n    \"createdAt\": \"2022-12-13T04:18:04.5359803Z\",\r\n    \"lastModifiedBy\": \"546094f3-32fa-493c-824c-bd9575b0d2fe\",\r\n    \"lastModifiedByType\": \"Application\",\r\n    \"lastModifiedAt\": \"2022-12-13T04:18:14.1315284Z\"\r\n  },\r\n  \"id\": \"/subscriptions/4ce8c9fe-cadc-47d6-9c76-335812fd59df/resourceGroups/ps6118/providers/Microsoft.Resources/deploymentStacks/ps4130\",\r\n  \"type\": \"Microsoft.Resources/deploymentStacks\",\r\n  \"name\": \"ps4130\"\r\n}",
      "StatusCode": 200
    },
    {
      "RequestUri": "/subscriptions/4ce8c9fe-cadc-47d6-9c76-335812fd59df/resourceGroups/ps6118/providers/Microsoft.Resources/deploymentStacks/ps4130?api-version=2022-08-01-preview",
      "EncodedRequestUri": "L3N1YnNjcmlwdGlvbnMvNGNlOGM5ZmUtY2FkYy00N2Q2LTljNzYtMzM1ODEyZmQ1OWRmL3Jlc291cmNlR3JvdXBzL3BzNjExOC9wcm92aWRlcnMvTWljcm9zb2Z0LlJlc291cmNlcy9kZXBsb3ltZW50U3RhY2tzL3BzNDEzMD9hcGktdmVyc2lvbj0yMDIyLTA4LTAxLXByZXZpZXc=",
      "RequestMethod": "GET",
      "RequestHeaders": {
        "x-ms-client-request-id": [
          "cb26a9b8-93ca-48ed-b89f-0eff0017498f"
        ],
        "Accept-Language": [
          "en-US"
        ],
        "User-Agent": [
          "FxVersion/4.700.22.51102",
          "OSName/Windows",
          "OSVersion/Microsoft.Windows.10.0.22621",
          "Microsoft.Azure.Management.ResourceManager.DeploymentStacksClient/3.17.4.0"
        ]
      },
      "RequestBody": "",
      "ResponseHeaders": {
        "Cache-Control": [
          "no-cache"
        ],
        "Pragma": [
          "no-cache"
        ],
        "x-ms-request-id": [
          "06a55716-3714-4807-8f6a-9ed0375f3c63"
        ],
        "Server": [
          "Microsoft-HTTPAPI/2.0"
        ],
        "x-ms-ratelimit-remaining-subscription-reads": [
          "11986"
        ],
        "x-ms-correlation-request-id": [
          "5b9e8d0e-5d39-41bc-8d01-72e79c5c4589"
        ],
        "x-ms-routing-request-id": [
          "WESTUS:20221213T041820Z:5b9e8d0e-5d39-41bc-8d01-72e79c5c4589"
        ],
        "Strict-Transport-Security": [
          "max-age=31536000; includeSubDomains"
        ],
        "X-Content-Type-Options": [
          "nosniff"
        ],
        "Date": [
          "Tue, 13 Dec 2022 04:18:19 GMT"
        ],
        "Content-Length": [
          "1476"
        ],
        "Content-Type": [
          "application/json; charset=utf-8"
        ],
        "Expires": [
          "-1"
        ],
        "Retry-After": [
          "0"
        ]
      },
      "ResponseBody": "{\r\n  \"properties\": {\r\n    \"actionOnUnmanage\": {\r\n      \"resources\": \"detach\",\r\n      \"resourceGroups\": \"detach\",\r\n      \"managementGroups\": \"detach\"\r\n    },\r\n    \"deploymentId\": \"/subscriptions/4ce8c9fe-cadc-47d6-9c76-335812fd59df/resourceGroups/ps6118/providers/Microsoft.Resources/deployments/ps4130-2022-12-13-04-18-14-a4c4c\",\r\n    \"denySettings\": {\r\n      \"mode\": \"denyDelete\",\r\n      \"applyToChildScopes\": true\r\n    },\r\n    \"parameters\": {\r\n      \"templateSpecName\": {\r\n        \"value\": \"StacksScenarioTestSpec\"\r\n      }\r\n    },\r\n    \"resources\": [\r\n      {\r\n        \"status\": \"managed\",\r\n        \"denyStatus\": \"denyDelete\",\r\n        \"id\": \"/subscriptions/4ce8c9fe-cadc-47d6-9c76-335812fd59df/resourceGroups/ps6118/providers/Microsoft.Resources/templateSpecs/StacksScenarioTestSpec\"\r\n      }\r\n    ],\r\n    \"provisioningState\": \"locking\",\r\n    \"detachedResources\": [],\r\n    \"deletedResources\": [],\r\n    \"failedResources\": []\r\n  },\r\n  \"systemData\": {\r\n    \"createdBy\": \"546094f3-32fa-493c-824c-bd9575b0d2fe\",\r\n    \"createdByType\": \"Application\",\r\n    \"createdAt\": \"2022-12-13T04:18:04.5359803Z\",\r\n    \"lastModifiedBy\": \"546094f3-32fa-493c-824c-bd9575b0d2fe\",\r\n    \"lastModifiedByType\": \"Application\",\r\n    \"lastModifiedAt\": \"2022-12-13T04:18:14.1315284Z\"\r\n  },\r\n  \"id\": \"/subscriptions/4ce8c9fe-cadc-47d6-9c76-335812fd59df/resourceGroups/ps6118/providers/Microsoft.Resources/deploymentStacks/ps4130\",\r\n  \"type\": \"Microsoft.Resources/deploymentStacks\",\r\n  \"name\": \"ps4130\"\r\n}",
      "StatusCode": 200
    },
    {
      "RequestUri": "/subscriptions/4ce8c9fe-cadc-47d6-9c76-335812fd59df/resourceGroups/ps6118/providers/Microsoft.Resources/deploymentStacks/ps4130?api-version=2022-08-01-preview",
      "EncodedRequestUri": "L3N1YnNjcmlwdGlvbnMvNGNlOGM5ZmUtY2FkYy00N2Q2LTljNzYtMzM1ODEyZmQ1OWRmL3Jlc291cmNlR3JvdXBzL3BzNjExOC9wcm92aWRlcnMvTWljcm9zb2Z0LlJlc291cmNlcy9kZXBsb3ltZW50U3RhY2tzL3BzNDEzMD9hcGktdmVyc2lvbj0yMDIyLTA4LTAxLXByZXZpZXc=",
      "RequestMethod": "GET",
      "RequestHeaders": {
        "x-ms-client-request-id": [
          "cb26a9b8-93ca-48ed-b89f-0eff0017498f"
        ],
        "Accept-Language": [
          "en-US"
        ],
        "User-Agent": [
          "FxVersion/4.700.22.51102",
          "OSName/Windows",
          "OSVersion/Microsoft.Windows.10.0.22621",
          "Microsoft.Azure.Management.ResourceManager.DeploymentStacksClient/3.17.4.0"
        ]
      },
      "RequestBody": "",
      "ResponseHeaders": {
        "Cache-Control": [
          "no-cache"
        ],
        "Pragma": [
          "no-cache"
        ],
        "x-ms-request-id": [
          "0d361d47-4dba-4879-833b-1f08f222ecf0"
        ],
        "Server": [
          "Microsoft-HTTPAPI/2.0"
        ],
        "x-ms-ratelimit-remaining-subscription-reads": [
          "11985"
        ],
        "x-ms-correlation-request-id": [
          "d050672c-6d61-4d10-8e54-1920405d4d65"
        ],
        "x-ms-routing-request-id": [
          "WESTUS:20221213T041820Z:d050672c-6d61-4d10-8e54-1920405d4d65"
        ],
        "Strict-Transport-Security": [
          "max-age=31536000; includeSubDomains"
        ],
        "X-Content-Type-Options": [
          "nosniff"
        ],
        "Date": [
          "Tue, 13 Dec 2022 04:18:19 GMT"
        ],
        "Content-Length": [
          "1476"
        ],
        "Content-Type": [
          "application/json; charset=utf-8"
        ],
        "Expires": [
          "-1"
        ],
        "Retry-After": [
          "0"
        ]
      },
      "ResponseBody": "{\r\n  \"properties\": {\r\n    \"actionOnUnmanage\": {\r\n      \"resources\": \"detach\",\r\n      \"resourceGroups\": \"detach\",\r\n      \"managementGroups\": \"detach\"\r\n    },\r\n    \"deploymentId\": \"/subscriptions/4ce8c9fe-cadc-47d6-9c76-335812fd59df/resourceGroups/ps6118/providers/Microsoft.Resources/deployments/ps4130-2022-12-13-04-18-14-a4c4c\",\r\n    \"denySettings\": {\r\n      \"mode\": \"denyDelete\",\r\n      \"applyToChildScopes\": true\r\n    },\r\n    \"parameters\": {\r\n      \"templateSpecName\": {\r\n        \"value\": \"StacksScenarioTestSpec\"\r\n      }\r\n    },\r\n    \"resources\": [\r\n      {\r\n        \"status\": \"managed\",\r\n        \"denyStatus\": \"denyDelete\",\r\n        \"id\": \"/subscriptions/4ce8c9fe-cadc-47d6-9c76-335812fd59df/resourceGroups/ps6118/providers/Microsoft.Resources/templateSpecs/StacksScenarioTestSpec\"\r\n      }\r\n    ],\r\n    \"provisioningState\": \"locking\",\r\n    \"detachedResources\": [],\r\n    \"deletedResources\": [],\r\n    \"failedResources\": []\r\n  },\r\n  \"systemData\": {\r\n    \"createdBy\": \"546094f3-32fa-493c-824c-bd9575b0d2fe\",\r\n    \"createdByType\": \"Application\",\r\n    \"createdAt\": \"2022-12-13T04:18:04.5359803Z\",\r\n    \"lastModifiedBy\": \"546094f3-32fa-493c-824c-bd9575b0d2fe\",\r\n    \"lastModifiedByType\": \"Application\",\r\n    \"lastModifiedAt\": \"2022-12-13T04:18:14.1315284Z\"\r\n  },\r\n  \"id\": \"/subscriptions/4ce8c9fe-cadc-47d6-9c76-335812fd59df/resourceGroups/ps6118/providers/Microsoft.Resources/deploymentStacks/ps4130\",\r\n  \"type\": \"Microsoft.Resources/deploymentStacks\",\r\n  \"name\": \"ps4130\"\r\n}",
      "StatusCode": 200
    },
    {
      "RequestUri": "/subscriptions/4ce8c9fe-cadc-47d6-9c76-335812fd59df/resourceGroups/ps6118/providers/Microsoft.Resources/deploymentStacks/ps4130?api-version=2022-08-01-preview",
      "EncodedRequestUri": "L3N1YnNjcmlwdGlvbnMvNGNlOGM5ZmUtY2FkYy00N2Q2LTljNzYtMzM1ODEyZmQ1OWRmL3Jlc291cmNlR3JvdXBzL3BzNjExOC9wcm92aWRlcnMvTWljcm9zb2Z0LlJlc291cmNlcy9kZXBsb3ltZW50U3RhY2tzL3BzNDEzMD9hcGktdmVyc2lvbj0yMDIyLTA4LTAxLXByZXZpZXc=",
      "RequestMethod": "GET",
      "RequestHeaders": {
        "x-ms-client-request-id": [
          "cb26a9b8-93ca-48ed-b89f-0eff0017498f"
        ],
        "Accept-Language": [
          "en-US"
        ],
        "User-Agent": [
          "FxVersion/4.700.22.51102",
          "OSName/Windows",
          "OSVersion/Microsoft.Windows.10.0.22621",
          "Microsoft.Azure.Management.ResourceManager.DeploymentStacksClient/3.17.4.0"
        ]
      },
      "RequestBody": "",
      "ResponseHeaders": {
        "Cache-Control": [
          "no-cache"
        ],
        "Pragma": [
          "no-cache"
        ],
        "x-ms-request-id": [
          "381acbd4-fa83-43ad-a1bd-590d2ff13717"
        ],
        "Server": [
          "Microsoft-HTTPAPI/2.0"
        ],
        "x-ms-ratelimit-remaining-subscription-reads": [
          "11984"
        ],
        "x-ms-correlation-request-id": [
          "46a701e2-994e-4fad-8b97-fda2f8e84e36"
        ],
        "x-ms-routing-request-id": [
          "WESTUS:20221213T041820Z:46a701e2-994e-4fad-8b97-fda2f8e84e36"
        ],
        "Strict-Transport-Security": [
          "max-age=31536000; includeSubDomains"
        ],
        "X-Content-Type-Options": [
          "nosniff"
        ],
        "Date": [
          "Tue, 13 Dec 2022 04:18:20 GMT"
        ],
        "Content-Length": [
          "1476"
        ],
        "Content-Type": [
          "application/json; charset=utf-8"
        ],
        "Expires": [
          "-1"
        ],
        "Retry-After": [
          "0"
        ]
      },
      "ResponseBody": "{\r\n  \"properties\": {\r\n    \"actionOnUnmanage\": {\r\n      \"resources\": \"detach\",\r\n      \"resourceGroups\": \"detach\",\r\n      \"managementGroups\": \"detach\"\r\n    },\r\n    \"deploymentId\": \"/subscriptions/4ce8c9fe-cadc-47d6-9c76-335812fd59df/resourceGroups/ps6118/providers/Microsoft.Resources/deployments/ps4130-2022-12-13-04-18-14-a4c4c\",\r\n    \"denySettings\": {\r\n      \"mode\": \"denyDelete\",\r\n      \"applyToChildScopes\": true\r\n    },\r\n    \"parameters\": {\r\n      \"templateSpecName\": {\r\n        \"value\": \"StacksScenarioTestSpec\"\r\n      }\r\n    },\r\n    \"resources\": [\r\n      {\r\n        \"status\": \"managed\",\r\n        \"denyStatus\": \"denyDelete\",\r\n        \"id\": \"/subscriptions/4ce8c9fe-cadc-47d6-9c76-335812fd59df/resourceGroups/ps6118/providers/Microsoft.Resources/templateSpecs/StacksScenarioTestSpec\"\r\n      }\r\n    ],\r\n    \"provisioningState\": \"locking\",\r\n    \"detachedResources\": [],\r\n    \"deletedResources\": [],\r\n    \"failedResources\": []\r\n  },\r\n  \"systemData\": {\r\n    \"createdBy\": \"546094f3-32fa-493c-824c-bd9575b0d2fe\",\r\n    \"createdByType\": \"Application\",\r\n    \"createdAt\": \"2022-12-13T04:18:04.5359803Z\",\r\n    \"lastModifiedBy\": \"546094f3-32fa-493c-824c-bd9575b0d2fe\",\r\n    \"lastModifiedByType\": \"Application\",\r\n    \"lastModifiedAt\": \"2022-12-13T04:18:14.1315284Z\"\r\n  },\r\n  \"id\": \"/subscriptions/4ce8c9fe-cadc-47d6-9c76-335812fd59df/resourceGroups/ps6118/providers/Microsoft.Resources/deploymentStacks/ps4130\",\r\n  \"type\": \"Microsoft.Resources/deploymentStacks\",\r\n  \"name\": \"ps4130\"\r\n}",
      "StatusCode": 200
    },
    {
      "RequestUri": "/subscriptions/4ce8c9fe-cadc-47d6-9c76-335812fd59df/resourceGroups/ps6118/providers/Microsoft.Resources/deploymentStacks/ps4130?api-version=2022-08-01-preview",
      "EncodedRequestUri": "L3N1YnNjcmlwdGlvbnMvNGNlOGM5ZmUtY2FkYy00N2Q2LTljNzYtMzM1ODEyZmQ1OWRmL3Jlc291cmNlR3JvdXBzL3BzNjExOC9wcm92aWRlcnMvTWljcm9zb2Z0LlJlc291cmNlcy9kZXBsb3ltZW50U3RhY2tzL3BzNDEzMD9hcGktdmVyc2lvbj0yMDIyLTA4LTAxLXByZXZpZXc=",
      "RequestMethod": "GET",
      "RequestHeaders": {
        "x-ms-client-request-id": [
          "cb26a9b8-93ca-48ed-b89f-0eff0017498f"
        ],
        "Accept-Language": [
          "en-US"
        ],
        "User-Agent": [
          "FxVersion/4.700.22.51102",
          "OSName/Windows",
          "OSVersion/Microsoft.Windows.10.0.22621",
          "Microsoft.Azure.Management.ResourceManager.DeploymentStacksClient/3.17.4.0"
        ]
      },
      "RequestBody": "",
      "ResponseHeaders": {
        "Cache-Control": [
          "no-cache"
        ],
        "Pragma": [
          "no-cache"
        ],
        "x-ms-request-id": [
          "b19c711c-b2a0-440a-9864-a797d44a624d"
        ],
        "Server": [
          "Microsoft-HTTPAPI/2.0"
        ],
        "x-ms-ratelimit-remaining-subscription-reads": [
          "11983"
        ],
        "x-ms-correlation-request-id": [
          "3fd4344c-2eab-4445-b706-5131524bd675"
        ],
        "x-ms-routing-request-id": [
          "WESTUS:20221213T041821Z:3fd4344c-2eab-4445-b706-5131524bd675"
        ],
        "Strict-Transport-Security": [
          "max-age=31536000; includeSubDomains"
        ],
        "X-Content-Type-Options": [
          "nosniff"
        ],
        "Date": [
          "Tue, 13 Dec 2022 04:18:20 GMT"
        ],
        "Content-Length": [
          "1476"
        ],
        "Content-Type": [
          "application/json; charset=utf-8"
        ],
        "Expires": [
          "-1"
        ],
        "Retry-After": [
          "0"
        ]
      },
      "ResponseBody": "{\r\n  \"properties\": {\r\n    \"actionOnUnmanage\": {\r\n      \"resources\": \"detach\",\r\n      \"resourceGroups\": \"detach\",\r\n      \"managementGroups\": \"detach\"\r\n    },\r\n    \"deploymentId\": \"/subscriptions/4ce8c9fe-cadc-47d6-9c76-335812fd59df/resourceGroups/ps6118/providers/Microsoft.Resources/deployments/ps4130-2022-12-13-04-18-14-a4c4c\",\r\n    \"denySettings\": {\r\n      \"mode\": \"denyDelete\",\r\n      \"applyToChildScopes\": true\r\n    },\r\n    \"parameters\": {\r\n      \"templateSpecName\": {\r\n        \"value\": \"StacksScenarioTestSpec\"\r\n      }\r\n    },\r\n    \"resources\": [\r\n      {\r\n        \"status\": \"managed\",\r\n        \"denyStatus\": \"denyDelete\",\r\n        \"id\": \"/subscriptions/4ce8c9fe-cadc-47d6-9c76-335812fd59df/resourceGroups/ps6118/providers/Microsoft.Resources/templateSpecs/StacksScenarioTestSpec\"\r\n      }\r\n    ],\r\n    \"provisioningState\": \"locking\",\r\n    \"detachedResources\": [],\r\n    \"deletedResources\": [],\r\n    \"failedResources\": []\r\n  },\r\n  \"systemData\": {\r\n    \"createdBy\": \"546094f3-32fa-493c-824c-bd9575b0d2fe\",\r\n    \"createdByType\": \"Application\",\r\n    \"createdAt\": \"2022-12-13T04:18:04.5359803Z\",\r\n    \"lastModifiedBy\": \"546094f3-32fa-493c-824c-bd9575b0d2fe\",\r\n    \"lastModifiedByType\": \"Application\",\r\n    \"lastModifiedAt\": \"2022-12-13T04:18:14.1315284Z\"\r\n  },\r\n  \"id\": \"/subscriptions/4ce8c9fe-cadc-47d6-9c76-335812fd59df/resourceGroups/ps6118/providers/Microsoft.Resources/deploymentStacks/ps4130\",\r\n  \"type\": \"Microsoft.Resources/deploymentStacks\",\r\n  \"name\": \"ps4130\"\r\n}",
      "StatusCode": 200
    },
    {
      "RequestUri": "/subscriptions/4ce8c9fe-cadc-47d6-9c76-335812fd59df/resourceGroups/ps6118/providers/Microsoft.Resources/deploymentStacks/ps4130?api-version=2022-08-01-preview",
      "EncodedRequestUri": "L3N1YnNjcmlwdGlvbnMvNGNlOGM5ZmUtY2FkYy00N2Q2LTljNzYtMzM1ODEyZmQ1OWRmL3Jlc291cmNlR3JvdXBzL3BzNjExOC9wcm92aWRlcnMvTWljcm9zb2Z0LlJlc291cmNlcy9kZXBsb3ltZW50U3RhY2tzL3BzNDEzMD9hcGktdmVyc2lvbj0yMDIyLTA4LTAxLXByZXZpZXc=",
      "RequestMethod": "GET",
      "RequestHeaders": {
        "x-ms-client-request-id": [
          "cb26a9b8-93ca-48ed-b89f-0eff0017498f"
        ],
        "Accept-Language": [
          "en-US"
        ],
        "User-Agent": [
          "FxVersion/4.700.22.51102",
          "OSName/Windows",
          "OSVersion/Microsoft.Windows.10.0.22621",
          "Microsoft.Azure.Management.ResourceManager.DeploymentStacksClient/3.17.4.0"
        ]
      },
      "RequestBody": "",
      "ResponseHeaders": {
        "Cache-Control": [
          "no-cache"
        ],
        "Pragma": [
          "no-cache"
        ],
        "x-ms-request-id": [
          "3343b9e5-bb79-477b-a734-e0605ce8041a"
        ],
        "Server": [
          "Microsoft-HTTPAPI/2.0"
        ],
        "x-ms-ratelimit-remaining-subscription-reads": [
          "11982"
        ],
        "x-ms-correlation-request-id": [
          "e3117dd9-341b-4456-b1eb-cba24c80dc5e"
        ],
        "x-ms-routing-request-id": [
          "WESTUS:20221213T041821Z:e3117dd9-341b-4456-b1eb-cba24c80dc5e"
        ],
        "Strict-Transport-Security": [
          "max-age=31536000; includeSubDomains"
        ],
        "X-Content-Type-Options": [
          "nosniff"
        ],
        "Date": [
          "Tue, 13 Dec 2022 04:18:20 GMT"
        ],
        "Content-Length": [
          "1476"
        ],
        "Content-Type": [
          "application/json; charset=utf-8"
        ],
        "Expires": [
          "-1"
        ],
        "Retry-After": [
          "0"
        ]
      },
      "ResponseBody": "{\r\n  \"properties\": {\r\n    \"actionOnUnmanage\": {\r\n      \"resources\": \"detach\",\r\n      \"resourceGroups\": \"detach\",\r\n      \"managementGroups\": \"detach\"\r\n    },\r\n    \"deploymentId\": \"/subscriptions/4ce8c9fe-cadc-47d6-9c76-335812fd59df/resourceGroups/ps6118/providers/Microsoft.Resources/deployments/ps4130-2022-12-13-04-18-14-a4c4c\",\r\n    \"denySettings\": {\r\n      \"mode\": \"denyDelete\",\r\n      \"applyToChildScopes\": true\r\n    },\r\n    \"parameters\": {\r\n      \"templateSpecName\": {\r\n        \"value\": \"StacksScenarioTestSpec\"\r\n      }\r\n    },\r\n    \"resources\": [\r\n      {\r\n        \"status\": \"managed\",\r\n        \"denyStatus\": \"denyDelete\",\r\n        \"id\": \"/subscriptions/4ce8c9fe-cadc-47d6-9c76-335812fd59df/resourceGroups/ps6118/providers/Microsoft.Resources/templateSpecs/StacksScenarioTestSpec\"\r\n      }\r\n    ],\r\n    \"provisioningState\": \"locking\",\r\n    \"detachedResources\": [],\r\n    \"deletedResources\": [],\r\n    \"failedResources\": []\r\n  },\r\n  \"systemData\": {\r\n    \"createdBy\": \"546094f3-32fa-493c-824c-bd9575b0d2fe\",\r\n    \"createdByType\": \"Application\",\r\n    \"createdAt\": \"2022-12-13T04:18:04.5359803Z\",\r\n    \"lastModifiedBy\": \"546094f3-32fa-493c-824c-bd9575b0d2fe\",\r\n    \"lastModifiedByType\": \"Application\",\r\n    \"lastModifiedAt\": \"2022-12-13T04:18:14.1315284Z\"\r\n  },\r\n  \"id\": \"/subscriptions/4ce8c9fe-cadc-47d6-9c76-335812fd59df/resourceGroups/ps6118/providers/Microsoft.Resources/deploymentStacks/ps4130\",\r\n  \"type\": \"Microsoft.Resources/deploymentStacks\",\r\n  \"name\": \"ps4130\"\r\n}",
      "StatusCode": 200
    },
    {
      "RequestUri": "/subscriptions/4ce8c9fe-cadc-47d6-9c76-335812fd59df/resourceGroups/ps6118/providers/Microsoft.Resources/deploymentStacks/ps4130?api-version=2022-08-01-preview",
      "EncodedRequestUri": "L3N1YnNjcmlwdGlvbnMvNGNlOGM5ZmUtY2FkYy00N2Q2LTljNzYtMzM1ODEyZmQ1OWRmL3Jlc291cmNlR3JvdXBzL3BzNjExOC9wcm92aWRlcnMvTWljcm9zb2Z0LlJlc291cmNlcy9kZXBsb3ltZW50U3RhY2tzL3BzNDEzMD9hcGktdmVyc2lvbj0yMDIyLTA4LTAxLXByZXZpZXc=",
      "RequestMethod": "GET",
      "RequestHeaders": {
        "x-ms-client-request-id": [
          "cb26a9b8-93ca-48ed-b89f-0eff0017498f"
        ],
        "Accept-Language": [
          "en-US"
        ],
        "User-Agent": [
          "FxVersion/4.700.22.51102",
          "OSName/Windows",
          "OSVersion/Microsoft.Windows.10.0.22621",
          "Microsoft.Azure.Management.ResourceManager.DeploymentStacksClient/3.17.4.0"
        ]
      },
      "RequestBody": "",
      "ResponseHeaders": {
        "Cache-Control": [
          "no-cache"
        ],
        "Pragma": [
          "no-cache"
        ],
        "x-ms-request-id": [
          "441e76d6-5d4a-4119-9f5a-e9a4122b8db1"
        ],
        "Server": [
          "Microsoft-HTTPAPI/2.0"
        ],
        "x-ms-ratelimit-remaining-subscription-reads": [
          "11981"
        ],
        "x-ms-correlation-request-id": [
          "fd614a6f-6b18-45aa-ae7e-5f8acd509577"
        ],
        "x-ms-routing-request-id": [
          "WESTUS:20221213T041821Z:fd614a6f-6b18-45aa-ae7e-5f8acd509577"
        ],
        "Strict-Transport-Security": [
          "max-age=31536000; includeSubDomains"
        ],
        "X-Content-Type-Options": [
          "nosniff"
        ],
        "Date": [
          "Tue, 13 Dec 2022 04:18:20 GMT"
        ],
        "Content-Length": [
          "1476"
        ],
        "Content-Type": [
          "application/json; charset=utf-8"
        ],
        "Expires": [
          "-1"
        ],
        "Retry-After": [
          "0"
        ]
      },
      "ResponseBody": "{\r\n  \"properties\": {\r\n    \"actionOnUnmanage\": {\r\n      \"resources\": \"detach\",\r\n      \"resourceGroups\": \"detach\",\r\n      \"managementGroups\": \"detach\"\r\n    },\r\n    \"deploymentId\": \"/subscriptions/4ce8c9fe-cadc-47d6-9c76-335812fd59df/resourceGroups/ps6118/providers/Microsoft.Resources/deployments/ps4130-2022-12-13-04-18-14-a4c4c\",\r\n    \"denySettings\": {\r\n      \"mode\": \"denyDelete\",\r\n      \"applyToChildScopes\": true\r\n    },\r\n    \"parameters\": {\r\n      \"templateSpecName\": {\r\n        \"value\": \"StacksScenarioTestSpec\"\r\n      }\r\n    },\r\n    \"resources\": [\r\n      {\r\n        \"status\": \"managed\",\r\n        \"denyStatus\": \"denyDelete\",\r\n        \"id\": \"/subscriptions/4ce8c9fe-cadc-47d6-9c76-335812fd59df/resourceGroups/ps6118/providers/Microsoft.Resources/templateSpecs/StacksScenarioTestSpec\"\r\n      }\r\n    ],\r\n    \"provisioningState\": \"locking\",\r\n    \"detachedResources\": [],\r\n    \"deletedResources\": [],\r\n    \"failedResources\": []\r\n  },\r\n  \"systemData\": {\r\n    \"createdBy\": \"546094f3-32fa-493c-824c-bd9575b0d2fe\",\r\n    \"createdByType\": \"Application\",\r\n    \"createdAt\": \"2022-12-13T04:18:04.5359803Z\",\r\n    \"lastModifiedBy\": \"546094f3-32fa-493c-824c-bd9575b0d2fe\",\r\n    \"lastModifiedByType\": \"Application\",\r\n    \"lastModifiedAt\": \"2022-12-13T04:18:14.1315284Z\"\r\n  },\r\n  \"id\": \"/subscriptions/4ce8c9fe-cadc-47d6-9c76-335812fd59df/resourceGroups/ps6118/providers/Microsoft.Resources/deploymentStacks/ps4130\",\r\n  \"type\": \"Microsoft.Resources/deploymentStacks\",\r\n  \"name\": \"ps4130\"\r\n}",
      "StatusCode": 200
    },
    {
      "RequestUri": "/subscriptions/4ce8c9fe-cadc-47d6-9c76-335812fd59df/resourceGroups/ps6118/providers/Microsoft.Resources/deploymentStacks/ps4130?api-version=2022-08-01-preview",
      "EncodedRequestUri": "L3N1YnNjcmlwdGlvbnMvNGNlOGM5ZmUtY2FkYy00N2Q2LTljNzYtMzM1ODEyZmQ1OWRmL3Jlc291cmNlR3JvdXBzL3BzNjExOC9wcm92aWRlcnMvTWljcm9zb2Z0LlJlc291cmNlcy9kZXBsb3ltZW50U3RhY2tzL3BzNDEzMD9hcGktdmVyc2lvbj0yMDIyLTA4LTAxLXByZXZpZXc=",
      "RequestMethod": "GET",
      "RequestHeaders": {
        "x-ms-client-request-id": [
          "cb26a9b8-93ca-48ed-b89f-0eff0017498f"
        ],
        "Accept-Language": [
          "en-US"
        ],
        "User-Agent": [
          "FxVersion/4.700.22.51102",
          "OSName/Windows",
          "OSVersion/Microsoft.Windows.10.0.22621",
          "Microsoft.Azure.Management.ResourceManager.DeploymentStacksClient/3.17.4.0"
        ]
      },
      "RequestBody": "",
      "ResponseHeaders": {
        "Cache-Control": [
          "no-cache"
        ],
        "Pragma": [
          "no-cache"
        ],
        "x-ms-request-id": [
          "557ade97-b79d-453e-ae4f-b21a41b85806"
        ],
        "Server": [
          "Microsoft-HTTPAPI/2.0"
        ],
        "x-ms-ratelimit-remaining-subscription-reads": [
          "11980"
        ],
        "x-ms-correlation-request-id": [
          "bd295d27-bea8-40c6-93a7-0acf51e30f95"
        ],
        "x-ms-routing-request-id": [
          "WESTUS:20221213T041821Z:bd295d27-bea8-40c6-93a7-0acf51e30f95"
        ],
        "Strict-Transport-Security": [
          "max-age=31536000; includeSubDomains"
        ],
        "X-Content-Type-Options": [
          "nosniff"
        ],
        "Date": [
          "Tue, 13 Dec 2022 04:18:20 GMT"
        ],
        "Content-Length": [
          "1506"
        ],
        "Content-Type": [
          "application/json; charset=utf-8"
        ],
        "Expires": [
          "-1"
        ],
        "Retry-After": [
          "0"
        ]
      },
      "ResponseBody": "{\r\n  \"properties\": {\r\n    \"actionOnUnmanage\": {\r\n      \"resources\": \"detach\",\r\n      \"resourceGroups\": \"detach\",\r\n      \"managementGroups\": \"detach\"\r\n    },\r\n    \"deploymentId\": \"/subscriptions/4ce8c9fe-cadc-47d6-9c76-335812fd59df/resourceGroups/ps6118/providers/Microsoft.Resources/deployments/ps4130-2022-12-13-04-18-14-a4c4c\",\r\n    \"denySettings\": {\r\n      \"mode\": \"denyDelete\",\r\n      \"applyToChildScopes\": true,\r\n      \"excludedActions\": []\r\n    },\r\n    \"parameters\": {\r\n      \"templateSpecName\": {\r\n        \"value\": \"StacksScenarioTestSpec\"\r\n      }\r\n    },\r\n    \"resources\": [\r\n      {\r\n        \"status\": \"managed\",\r\n        \"denyStatus\": \"denyDelete\",\r\n        \"id\": \"/subscriptions/4ce8c9fe-cadc-47d6-9c76-335812fd59df/resourceGroups/ps6118/providers/Microsoft.Resources/templateSpecs/StacksScenarioTestSpec\"\r\n      }\r\n    ],\r\n    \"provisioningState\": \"locking\",\r\n    \"detachedResources\": [],\r\n    \"deletedResources\": [],\r\n    \"failedResources\": []\r\n  },\r\n  \"systemData\": {\r\n    \"createdBy\": \"546094f3-32fa-493c-824c-bd9575b0d2fe\",\r\n    \"createdByType\": \"Application\",\r\n    \"createdAt\": \"2022-12-13T04:18:04.5359803Z\",\r\n    \"lastModifiedBy\": \"546094f3-32fa-493c-824c-bd9575b0d2fe\",\r\n    \"lastModifiedByType\": \"Application\",\r\n    \"lastModifiedAt\": \"2022-12-13T04:18:14.1315284Z\"\r\n  },\r\n  \"id\": \"/subscriptions/4ce8c9fe-cadc-47d6-9c76-335812fd59df/resourceGroups/ps6118/providers/Microsoft.Resources/deploymentStacks/ps4130\",\r\n  \"type\": \"Microsoft.Resources/deploymentStacks\",\r\n  \"name\": \"ps4130\"\r\n}",
      "StatusCode": 200
    },
    {
      "RequestUri": "/subscriptions/4ce8c9fe-cadc-47d6-9c76-335812fd59df/resourceGroups/ps6118/providers/Microsoft.Resources/deploymentStacks/ps4130?api-version=2022-08-01-preview",
      "EncodedRequestUri": "L3N1YnNjcmlwdGlvbnMvNGNlOGM5ZmUtY2FkYy00N2Q2LTljNzYtMzM1ODEyZmQ1OWRmL3Jlc291cmNlR3JvdXBzL3BzNjExOC9wcm92aWRlcnMvTWljcm9zb2Z0LlJlc291cmNlcy9kZXBsb3ltZW50U3RhY2tzL3BzNDEzMD9hcGktdmVyc2lvbj0yMDIyLTA4LTAxLXByZXZpZXc=",
      "RequestMethod": "GET",
      "RequestHeaders": {
        "x-ms-client-request-id": [
          "cb26a9b8-93ca-48ed-b89f-0eff0017498f"
        ],
        "Accept-Language": [
          "en-US"
        ],
        "User-Agent": [
          "FxVersion/4.700.22.51102",
          "OSName/Windows",
          "OSVersion/Microsoft.Windows.10.0.22621",
          "Microsoft.Azure.Management.ResourceManager.DeploymentStacksClient/3.17.4.0"
        ]
      },
      "RequestBody": "",
      "ResponseHeaders": {
        "Cache-Control": [
          "no-cache"
        ],
        "Pragma": [
          "no-cache"
        ],
        "x-ms-request-id": [
          "c3b1de05-02ef-4f28-8d42-3445e1894f83"
        ],
        "Server": [
          "Microsoft-HTTPAPI/2.0"
        ],
        "x-ms-ratelimit-remaining-subscription-reads": [
          "11979"
        ],
        "x-ms-correlation-request-id": [
          "e9a915d0-e93d-424c-a6c5-1c360d505f9a"
        ],
        "x-ms-routing-request-id": [
          "WESTUS:20221213T041821Z:e9a915d0-e93d-424c-a6c5-1c360d505f9a"
        ],
        "Strict-Transport-Security": [
          "max-age=31536000; includeSubDomains"
        ],
        "X-Content-Type-Options": [
          "nosniff"
        ],
        "Date": [
          "Tue, 13 Dec 2022 04:18:21 GMT"
        ],
        "Content-Length": [
          "1541"
        ],
        "Content-Type": [
          "application/json; charset=utf-8"
        ],
        "Expires": [
          "-1"
        ],
        "Retry-After": [
          "0"
        ]
      },
      "ResponseBody": "{\r\n  \"properties\": {\r\n    \"actionOnUnmanage\": {\r\n      \"resources\": \"detach\",\r\n      \"resourceGroups\": \"detach\",\r\n      \"managementGroups\": \"detach\"\r\n    },\r\n    \"deploymentId\": \"/subscriptions/4ce8c9fe-cadc-47d6-9c76-335812fd59df/resourceGroups/ps6118/providers/Microsoft.Resources/deployments/ps4130-2022-12-13-04-18-14-a4c4c\",\r\n    \"duration\": \"PT7.5802699S\",\r\n    \"denySettings\": {\r\n      \"mode\": \"denyDelete\",\r\n      \"applyToChildScopes\": true,\r\n      \"excludedActions\": []\r\n    },\r\n    \"parameters\": {\r\n      \"templateSpecName\": {\r\n        \"value\": \"StacksScenarioTestSpec\"\r\n      }\r\n    },\r\n    \"resources\": [\r\n      {\r\n        \"status\": \"managed\",\r\n        \"denyStatus\": \"denyDelete\",\r\n        \"id\": \"/subscriptions/4ce8c9fe-cadc-47d6-9c76-335812fd59df/resourceGroups/ps6118/providers/Microsoft.Resources/templateSpecs/StacksScenarioTestSpec\"\r\n      }\r\n    ],\r\n    \"provisioningState\": \"succeeded\",\r\n    \"detachedResources\": [],\r\n    \"deletedResources\": [],\r\n    \"failedResources\": []\r\n  },\r\n  \"systemData\": {\r\n    \"createdBy\": \"546094f3-32fa-493c-824c-bd9575b0d2fe\",\r\n    \"createdByType\": \"Application\",\r\n    \"createdAt\": \"2022-12-13T04:18:04.5359803Z\",\r\n    \"lastModifiedBy\": \"546094f3-32fa-493c-824c-bd9575b0d2fe\",\r\n    \"lastModifiedByType\": \"Application\",\r\n    \"lastModifiedAt\": \"2022-12-13T04:18:14.1315284Z\"\r\n  },\r\n  \"id\": \"/subscriptions/4ce8c9fe-cadc-47d6-9c76-335812fd59df/resourceGroups/ps6118/providers/Microsoft.Resources/deploymentStacks/ps4130\",\r\n  \"type\": \"Microsoft.Resources/deploymentStacks\",\r\n  \"name\": \"ps4130\"\r\n}",
      "StatusCode": 200
    },
    {
      "RequestUri": "/subscriptions/4ce8c9fe-cadc-47d6-9c76-335812fd59df/resourcegroups/ps6118?api-version=2021-04-01",
      "EncodedRequestUri": "L3N1YnNjcmlwdGlvbnMvNGNlOGM5ZmUtY2FkYy00N2Q2LTljNzYtMzM1ODEyZmQ1OWRmL3Jlc291cmNlZ3JvdXBzL3BzNjExOD9hcGktdmVyc2lvbj0yMDIxLTA0LTAx",
      "RequestMethod": "DELETE",
      "RequestHeaders": {
        "x-ms-client-request-id": [
          "c98d7d86-542d-4df1-94aa-1f5af8a54e5a"
        ],
        "Accept-Language": [
          "en-US"
        ],
        "User-Agent": [
          "FxVersion/4.700.22.51102",
          "OSName/Windows",
          "OSVersion/Microsoft.Windows.10.0.22621",
          "Microsoft.Azure.Management.ResourceManager.ResourceManagementClient/3.17.4.0"
        ]
      },
      "RequestBody": "",
      "ResponseHeaders": {
        "Cache-Control": [
          "no-cache"
        ],
        "Pragma": [
          "no-cache"
        ],
        "Location": [
          "https://management.azure.com/subscriptions/4ce8c9fe-cadc-47d6-9c76-335812fd59df/operationresults/eyJqb2JJZCI6IlJFU09VUkNFR1JPVVBERUxFVElPTkpPQi1QUzYxMTgtV0VTVFVTMiIsImpvYkxvY2F0aW9uIjoid2VzdHVzMiJ9?api-version=2021-04-01"
        ],
        "Retry-After": [
          "0"
        ],
        "x-ms-ratelimit-remaining-subscription-deletes": [
          "14998"
        ],
        "x-ms-request-id": [
          "049f317d-27c8-4bfa-8b7a-6e696ba2f395"
        ],
        "x-ms-correlation-request-id": [
          "049f317d-27c8-4bfa-8b7a-6e696ba2f395"
        ],
        "x-ms-routing-request-id": [
          "WESTUS:20221213T041822Z:049f317d-27c8-4bfa-8b7a-6e696ba2f395"
        ],
        "Strict-Transport-Security": [
          "max-age=31536000; includeSubDomains"
        ],
        "X-Content-Type-Options": [
          "nosniff"
        ],
        "Date": [
          "Tue, 13 Dec 2022 04:18:22 GMT"
        ],
        "Connection": [
          "close"
        ],
        "Expires": [
          "-1"
        ],
        "Content-Length": [
          "0"
        ]
      },
      "ResponseBody": "",
      "StatusCode": 202
    },
    {
      "RequestUri": "/subscriptions/4ce8c9fe-cadc-47d6-9c76-335812fd59df/operationresults/eyJqb2JJZCI6IlJFU09VUkNFR1JPVVBERUxFVElPTkpPQi1QUzYxMTgtV0VTVFVTMiIsImpvYkxvY2F0aW9uIjoid2VzdHVzMiJ9?api-version=2021-04-01",
      "EncodedRequestUri": "L3N1YnNjcmlwdGlvbnMvNGNlOGM5ZmUtY2FkYy00N2Q2LTljNzYtMzM1ODEyZmQ1OWRmL29wZXJhdGlvbnJlc3VsdHMvZXlKcWIySkpaQ0k2SWxKRlUwOVZVa05GUjFKUFZWQkVSVXhGVkVsUFRrcFBRaTFRVXpZeE1UZ3RWMFZUVkZWVE1pSXNJbXB2WWt4dlkyRjBhVzl1SWpvaWQyVnpkSFZ6TWlKOT9hcGktdmVyc2lvbj0yMDIxLTA0LTAx",
      "RequestMethod": "GET",
      "RequestHeaders": {
        "x-ms-client-request-id": [
          "c98d7d86-542d-4df1-94aa-1f5af8a54e5a"
        ],
        "User-Agent": [
          "FxVersion/4.700.22.51102",
          "OSName/Windows",
          "OSVersion/Microsoft.Windows.10.0.22621",
          "Microsoft.Azure.Management.ResourceManager.ResourceManagementClient/3.17.4.0"
        ]
      },
      "RequestBody": "",
      "ResponseHeaders": {
        "Cache-Control": [
          "no-cache"
        ],
        "Pragma": [
          "no-cache"
        ],
        "Location": [
          "https://management.azure.com/subscriptions/4ce8c9fe-cadc-47d6-9c76-335812fd59df/operationresults/eyJqb2JJZCI6IlJFU09VUkNFR1JPVVBERUxFVElPTkpPQi1QUzYxMTgtV0VTVFVTMiIsImpvYkxvY2F0aW9uIjoid2VzdHVzMiJ9?api-version=2021-04-01"
        ],
        "Retry-After": [
          "0"
        ],
        "x-ms-ratelimit-remaining-subscription-reads": [
          "11999"
        ],
        "x-ms-request-id": [
          "c45dbd54-5131-400c-a78c-f0b29a9f5b57"
        ],
        "x-ms-correlation-request-id": [
          "c45dbd54-5131-400c-a78c-f0b29a9f5b57"
        ],
        "x-ms-routing-request-id": [
          "WESTUS:20221213T041838Z:c45dbd54-5131-400c-a78c-f0b29a9f5b57"
        ],
        "Strict-Transport-Security": [
          "max-age=31536000; includeSubDomains"
        ],
        "X-Content-Type-Options": [
          "nosniff"
        ],
        "Date": [
          "Tue, 13 Dec 2022 04:18:38 GMT"
        ],
        "Expires": [
          "-1"
        ],
        "Content-Length": [
          "0"
        ]
      },
      "ResponseBody": "",
      "StatusCode": 202
    },
    {
      "RequestUri": "/subscriptions/4ce8c9fe-cadc-47d6-9c76-335812fd59df/operationresults/eyJqb2JJZCI6IlJFU09VUkNFR1JPVVBERUxFVElPTkpPQi1QUzYxMTgtV0VTVFVTMiIsImpvYkxvY2F0aW9uIjoid2VzdHVzMiJ9?api-version=2021-04-01",
      "EncodedRequestUri": "L3N1YnNjcmlwdGlvbnMvNGNlOGM5ZmUtY2FkYy00N2Q2LTljNzYtMzM1ODEyZmQ1OWRmL29wZXJhdGlvbnJlc3VsdHMvZXlKcWIySkpaQ0k2SWxKRlUwOVZVa05GUjFKUFZWQkVSVXhGVkVsUFRrcFBRaTFRVXpZeE1UZ3RWMFZUVkZWVE1pSXNJbXB2WWt4dlkyRjBhVzl1SWpvaWQyVnpkSFZ6TWlKOT9hcGktdmVyc2lvbj0yMDIxLTA0LTAx",
      "RequestMethod": "GET",
      "RequestHeaders": {
        "x-ms-client-request-id": [
          "c98d7d86-542d-4df1-94aa-1f5af8a54e5a"
        ],
        "User-Agent": [
          "FxVersion/4.700.22.51102",
          "OSName/Windows",
          "OSVersion/Microsoft.Windows.10.0.22621",
          "Microsoft.Azure.Management.ResourceManager.ResourceManagementClient/3.17.4.0"
        ]
      },
      "RequestBody": "",
      "ResponseHeaders": {
        "Cache-Control": [
          "no-cache"
        ],
        "Pragma": [
          "no-cache"
        ],
        "Location": [
          "https://management.azure.com/subscriptions/4ce8c9fe-cadc-47d6-9c76-335812fd59df/operationresults/eyJqb2JJZCI6IlJFU09VUkNFR1JPVVBERUxFVElPTkpPQi1QUzYxMTgtV0VTVFVTMiIsImpvYkxvY2F0aW9uIjoid2VzdHVzMiJ9?api-version=2021-04-01"
        ],
        "Retry-After": [
          "0"
        ],
        "x-ms-ratelimit-remaining-subscription-reads": [
          "11998"
        ],
        "x-ms-request-id": [
          "87fbfafc-4658-4763-9895-aba030434964"
        ],
        "x-ms-correlation-request-id": [
          "87fbfafc-4658-4763-9895-aba030434964"
        ],
        "x-ms-routing-request-id": [
          "WESTUS:20221213T041854Z:87fbfafc-4658-4763-9895-aba030434964"
        ],
        "Strict-Transport-Security": [
          "max-age=31536000; includeSubDomains"
        ],
        "X-Content-Type-Options": [
          "nosniff"
        ],
        "Date": [
          "Tue, 13 Dec 2022 04:18:54 GMT"
        ],
        "Expires": [
          "-1"
        ],
        "Content-Length": [
          "0"
        ]
      },
      "ResponseBody": "",
      "StatusCode": 202
    },
    {
      "RequestUri": "/subscriptions/4ce8c9fe-cadc-47d6-9c76-335812fd59df/operationresults/eyJqb2JJZCI6IlJFU09VUkNFR1JPVVBERUxFVElPTkpPQi1QUzYxMTgtV0VTVFVTMiIsImpvYkxvY2F0aW9uIjoid2VzdHVzMiJ9?api-version=2021-04-01",
      "EncodedRequestUri": "L3N1YnNjcmlwdGlvbnMvNGNlOGM5ZmUtY2FkYy00N2Q2LTljNzYtMzM1ODEyZmQ1OWRmL29wZXJhdGlvbnJlc3VsdHMvZXlKcWIySkpaQ0k2SWxKRlUwOVZVa05GUjFKUFZWQkVSVXhGVkVsUFRrcFBRaTFRVXpZeE1UZ3RWMFZUVkZWVE1pSXNJbXB2WWt4dlkyRjBhVzl1SWpvaWQyVnpkSFZ6TWlKOT9hcGktdmVyc2lvbj0yMDIxLTA0LTAx",
      "RequestMethod": "GET",
      "RequestHeaders": {
        "x-ms-client-request-id": [
          "c98d7d86-542d-4df1-94aa-1f5af8a54e5a"
        ],
        "User-Agent": [
          "FxVersion/4.700.22.51102",
          "OSName/Windows",
          "OSVersion/Microsoft.Windows.10.0.22621",
          "Microsoft.Azure.Management.ResourceManager.ResourceManagementClient/3.17.4.0"
        ]
      },
      "RequestBody": "",
      "ResponseHeaders": {
        "Cache-Control": [
          "no-cache"
        ],
        "Pragma": [
          "no-cache"
        ],
        "Location": [
          "https://management.azure.com/subscriptions/4ce8c9fe-cadc-47d6-9c76-335812fd59df/operationresults/eyJqb2JJZCI6IlJFU09VUkNFR1JPVVBERUxFVElPTkpPQi1QUzYxMTgtV0VTVFVTMiIsImpvYkxvY2F0aW9uIjoid2VzdHVzMiJ9?api-version=2021-04-01"
        ],
        "Retry-After": [
          "0"
        ],
        "x-ms-ratelimit-remaining-subscription-reads": [
          "11997"
        ],
        "x-ms-request-id": [
          "5eb38824-dede-4228-92d3-21fd3200772a"
        ],
        "x-ms-correlation-request-id": [
          "5eb38824-dede-4228-92d3-21fd3200772a"
        ],
        "x-ms-routing-request-id": [
          "WESTUS:20221213T041909Z:5eb38824-dede-4228-92d3-21fd3200772a"
        ],
        "Strict-Transport-Security": [
          "max-age=31536000; includeSubDomains"
        ],
        "X-Content-Type-Options": [
          "nosniff"
        ],
        "Date": [
          "Tue, 13 Dec 2022 04:19:09 GMT"
        ],
        "Expires": [
          "-1"
        ],
        "Content-Length": [
          "0"
        ]
      },
      "ResponseBody": "",
      "StatusCode": 202
    },
    {
      "RequestUri": "/subscriptions/4ce8c9fe-cadc-47d6-9c76-335812fd59df/operationresults/eyJqb2JJZCI6IlJFU09VUkNFR1JPVVBERUxFVElPTkpPQi1QUzYxMTgtV0VTVFVTMiIsImpvYkxvY2F0aW9uIjoid2VzdHVzMiJ9?api-version=2021-04-01",
      "EncodedRequestUri": "L3N1YnNjcmlwdGlvbnMvNGNlOGM5ZmUtY2FkYy00N2Q2LTljNzYtMzM1ODEyZmQ1OWRmL29wZXJhdGlvbnJlc3VsdHMvZXlKcWIySkpaQ0k2SWxKRlUwOVZVa05GUjFKUFZWQkVSVXhGVkVsUFRrcFBRaTFRVXpZeE1UZ3RWMFZUVkZWVE1pSXNJbXB2WWt4dlkyRjBhVzl1SWpvaWQyVnpkSFZ6TWlKOT9hcGktdmVyc2lvbj0yMDIxLTA0LTAx",
      "RequestMethod": "GET",
      "RequestHeaders": {
        "x-ms-client-request-id": [
          "c98d7d86-542d-4df1-94aa-1f5af8a54e5a"
        ],
        "User-Agent": [
          "FxVersion/4.700.22.51102",
          "OSName/Windows",
          "OSVersion/Microsoft.Windows.10.0.22621",
          "Microsoft.Azure.Management.ResourceManager.ResourceManagementClient/3.17.4.0"
        ]
      },
      "RequestBody": "",
      "ResponseHeaders": {
        "Cache-Control": [
          "no-cache"
        ],
        "Pragma": [
          "no-cache"
        ],
        "x-ms-ratelimit-remaining-subscription-reads": [
          "11996"
        ],
        "x-ms-request-id": [
          "540628a7-47ad-400b-9dfa-6589465d200b"
        ],
        "x-ms-correlation-request-id": [
          "540628a7-47ad-400b-9dfa-6589465d200b"
        ],
        "x-ms-routing-request-id": [
          "WESTUS:20221213T041925Z:540628a7-47ad-400b-9dfa-6589465d200b"
        ],
        "Strict-Transport-Security": [
          "max-age=31536000; includeSubDomains"
        ],
        "X-Content-Type-Options": [
          "nosniff"
        ],
        "Date": [
          "Tue, 13 Dec 2022 04:19:24 GMT"
        ],
        "Expires": [
          "-1"
        ],
        "Content-Length": [
          "0"
        ],
        "Retry-After": [
          "0"
        ]
      },
      "ResponseBody": "",
      "StatusCode": 200
    },
    {
      "RequestUri": "/subscriptions/4ce8c9fe-cadc-47d6-9c76-335812fd59df/operationresults/eyJqb2JJZCI6IlJFU09VUkNFR1JPVVBERUxFVElPTkpPQi1QUzYxMTgtV0VTVFVTMiIsImpvYkxvY2F0aW9uIjoid2VzdHVzMiJ9?api-version=2021-04-01",
      "EncodedRequestUri": "L3N1YnNjcmlwdGlvbnMvNGNlOGM5ZmUtY2FkYy00N2Q2LTljNzYtMzM1ODEyZmQ1OWRmL29wZXJhdGlvbnJlc3VsdHMvZXlKcWIySkpaQ0k2SWxKRlUwOVZVa05GUjFKUFZWQkVSVXhGVkVsUFRrcFBRaTFRVXpZeE1UZ3RWMFZUVkZWVE1pSXNJbXB2WWt4dlkyRjBhVzl1SWpvaWQyVnpkSFZ6TWlKOT9hcGktdmVyc2lvbj0yMDIxLTA0LTAx",
      "RequestMethod": "GET",
      "RequestHeaders": {
        "x-ms-client-request-id": [
          "c98d7d86-542d-4df1-94aa-1f5af8a54e5a"
        ],
        "User-Agent": [
          "FxVersion/4.700.22.51102",
          "OSName/Windows",
          "OSVersion/Microsoft.Windows.10.0.22621",
          "Microsoft.Azure.Management.ResourceManager.ResourceManagementClient/3.17.4.0"
        ]
      },
      "RequestBody": "",
      "ResponseHeaders": {
        "Cache-Control": [
          "no-cache"
        ],
        "Pragma": [
          "no-cache"
        ],
        "x-ms-ratelimit-remaining-subscription-reads": [
          "11995"
        ],
        "x-ms-request-id": [
          "eb79fb94-1326-4967-b854-7df1a83684dc"
        ],
        "x-ms-correlation-request-id": [
          "eb79fb94-1326-4967-b854-7df1a83684dc"
        ],
        "x-ms-routing-request-id": [
          "WESTUS:20221213T041925Z:eb79fb94-1326-4967-b854-7df1a83684dc"
        ],
        "Strict-Transport-Security": [
          "max-age=31536000; includeSubDomains"
        ],
        "X-Content-Type-Options": [
          "nosniff"
        ],
        "Date": [
          "Tue, 13 Dec 2022 04:19:24 GMT"
        ],
        "Expires": [
          "-1"
        ],
        "Content-Length": [
          "0"
        ],
        "Retry-After": [
          "0"
        ]
      },
      "ResponseBody": "",
      "StatusCode": 200
    }
  ],
  "Names": {
    "Test-NewAndSetResourceGroupDeploymentStackDenySettings": [
      "ps6118",
      "ps4130"
    ]
  },
  "Variables": {
    "SubscriptionId": "4ce8c9fe-cadc-47d6-9c76-335812fd59df"
  }
}