{
  "Entries": [
    {
      "RequestUri": "/subscriptions/a1bfa635-f2bf-42f1-86b5-848c674fc321/resourcegroups/ps3501?api-version=2021-04-01",
      "EncodedRequestUri": "L3N1YnNjcmlwdGlvbnMvYTFiZmE2MzUtZjJiZi00MmYxLTg2YjUtODQ4YzY3NGZjMzIxL3Jlc291cmNlZ3JvdXBzL3BzMzUwMT9hcGktdmVyc2lvbj0yMDIxLTA0LTAx",
      "RequestMethod": "HEAD",
      "RequestHeaders": {
        "x-ms-client-request-id": [
          "8c24f20b-211b-4fc5-865a-aae434c62cc3"
        ],
        "Accept-Language": [
          "en-US"
        ],
        "User-Agent": [
          "FxVersion/4.700.22.55902",
          "OSName/Windows",
          "OSVersion/Microsoft.Windows.10.0.22621",
          "Microsoft.Azure.Management.ResourceManager.ResourceManagementClient/3.17.3.0"
        ]
      },
      "RequestBody": "",
      "ResponseHeaders": {
        "Cache-Control": [
          "no-cache"
        ],
        "Pragma": [
          "no-cache"
        ],
        "x-ms-failure-cause": [
          "gateway"
        ],
        "x-ms-ratelimit-remaining-subscription-reads": [
          "11999"
        ],
        "x-ms-request-id": [
          "2a164a2b-2f95-499e-a335-f358e4d5b575"
        ],
        "x-ms-correlation-request-id": [
          "2a164a2b-2f95-499e-a335-f358e4d5b575"
        ],
        "x-ms-routing-request-id": [
          "WESTUS:20230713T221349Z:2a164a2b-2f95-499e-a335-f358e4d5b575"
        ],
        "Strict-Transport-Security": [
          "max-age=31536000; includeSubDomains"
        ],
        "X-Content-Type-Options": [
          "nosniff"
        ],
        "Date": [
          "Thu, 13 Jul 2023 22:13:48 GMT"
        ],
        "Content-Length": [
          "0"
        ],
        "Expires": [
          "-1"
        ],
        "Retry-After": [
          "0"
        ]
      },
      "ResponseBody": "",
      "StatusCode": 404
    },
    {
      "RequestUri": "/subscriptions/a1bfa635-f2bf-42f1-86b5-848c674fc321/resourcegroups/ps3501?api-version=2021-04-01",
      "EncodedRequestUri": "L3N1YnNjcmlwdGlvbnMvYTFiZmE2MzUtZjJiZi00MmYxLTg2YjUtODQ4YzY3NGZjMzIxL3Jlc291cmNlZ3JvdXBzL3BzMzUwMT9hcGktdmVyc2lvbj0yMDIxLTA0LTAx",
      "RequestMethod": "HEAD",
      "RequestHeaders": {
        "x-ms-client-request-id": [
          "d475d7e8-0373-48a7-93b1-3ecd23a7874c"
        ],
        "Accept-Language": [
          "en-US"
        ],
        "User-Agent": [
          "FxVersion/4.700.22.55902",
          "OSName/Windows",
          "OSVersion/Microsoft.Windows.10.0.22621",
          "Microsoft.Azure.Management.ResourceManager.ResourceManagementClient/3.17.3.0"
        ]
      },
      "RequestBody": "",
      "ResponseHeaders": {
        "Cache-Control": [
          "no-cache"
        ],
        "Pragma": [
          "no-cache"
        ],
        "x-ms-ratelimit-remaining-subscription-reads": [
          "11999"
        ],
        "x-ms-request-id": [
          "5af2ca64-7fdf-4ddd-9906-aa55ec2c0ca0"
        ],
        "x-ms-correlation-request-id": [
          "5af2ca64-7fdf-4ddd-9906-aa55ec2c0ca0"
        ],
        "x-ms-routing-request-id": [
          "WESTUS:20230713T221438Z:5af2ca64-7fdf-4ddd-9906-aa55ec2c0ca0"
        ],
        "Strict-Transport-Security": [
          "max-age=31536000; includeSubDomains"
        ],
        "X-Content-Type-Options": [
          "nosniff"
        ],
        "Date": [
          "Thu, 13 Jul 2023 22:14:37 GMT"
        ],
        "Content-Length": [
          "0"
        ],
        "Expires": [
          "-1"
        ],
        "Retry-After": [
          "0"
        ]
      },
      "ResponseBody": "",
      "StatusCode": 204
    },
    {
      "RequestUri": "/subscriptions/a1bfa635-f2bf-42f1-86b5-848c674fc321/resourcegroups/ps3501?api-version=2021-04-01",
      "EncodedRequestUri": "L3N1YnNjcmlwdGlvbnMvYTFiZmE2MzUtZjJiZi00MmYxLTg2YjUtODQ4YzY3NGZjMzIxL3Jlc291cmNlZ3JvdXBzL3BzMzUwMT9hcGktdmVyc2lvbj0yMDIxLTA0LTAx",
      "RequestMethod": "PUT",
      "RequestHeaders": {
        "x-ms-client-request-id": [
          "8c24f20b-211b-4fc5-865a-aae434c62cc3"
        ],
        "Accept-Language": [
          "en-US"
        ],
        "User-Agent": [
          "FxVersion/4.700.22.55902",
          "OSName/Windows",
          "OSVersion/Microsoft.Windows.10.0.22621",
          "Microsoft.Azure.Management.ResourceManager.ResourceManagementClient/3.17.3.0"
        ],
        "Content-Type": [
          "application/json; charset=utf-8"
        ],
        "Content-Length": [
          "31"
        ]
      },
      "RequestBody": "{\r\n  \"location\": \"West US 2\"\r\n}",
      "ResponseHeaders": {
        "Cache-Control": [
          "no-cache"
        ],
        "Pragma": [
          "no-cache"
        ],
        "x-ms-ratelimit-remaining-subscription-writes": [
          "1199"
        ],
        "x-ms-request-id": [
          "a58a29f3-85fa-465b-8969-db6b3d778393"
        ],
        "x-ms-correlation-request-id": [
          "a58a29f3-85fa-465b-8969-db6b3d778393"
        ],
        "x-ms-routing-request-id": [
          "WESTUS:20230713T221349Z:a58a29f3-85fa-465b-8969-db6b3d778393"
        ],
        "Strict-Transport-Security": [
          "max-age=31536000; includeSubDomains"
        ],
        "X-Content-Type-Options": [
          "nosniff"
        ],
        "Date": [
          "Thu, 13 Jul 2023 22:13:49 GMT"
        ],
        "Content-Length": [
          "210"
        ],
        "Content-Type": [
          "application/json; charset=utf-8"
        ],
        "Expires": [
          "-1"
        ],
        "Retry-After": [
          "0"
        ]
      },
      "ResponseBody": "{\r\n  \"id\": \"/subscriptions/a1bfa635-f2bf-42f1-86b5-848c674fc321/resourceGroups/ps3501\",\r\n  \"name\": \"ps3501\",\r\n  \"type\": \"Microsoft.Resources/resourceGroups\",\r\n  \"location\": \"westus2\",\r\n  \"properties\": {\r\n    \"provisioningState\": \"Succeeded\"\r\n  }\r\n}",
      "StatusCode": 201
    },
    {
      "RequestUri": "/subscriptions/a1bfa635-f2bf-42f1-86b5-848c674fc321/resourceGroups/ps3501/providers/Microsoft.Resources/deploymentStacks/ps2407?api-version=2022-08-01-preview",
      "EncodedRequestUri": "L3N1YnNjcmlwdGlvbnMvYTFiZmE2MzUtZjJiZi00MmYxLTg2YjUtODQ4YzY3NGZjMzIxL3Jlc291cmNlR3JvdXBzL3BzMzUwMS9wcm92aWRlcnMvTWljcm9zb2Z0LlJlc291cmNlcy9kZXBsb3ltZW50U3RhY2tzL3BzMjQwNz9hcGktdmVyc2lvbj0yMDIyLTA4LTAxLXByZXZpZXc=",
      "RequestMethod": "GET",
      "RequestHeaders": {
        "x-ms-client-request-id": [
          "d47d0b70-2a82-4f71-9380-134d82187479"
        ],
        "Accept-Language": [
          "en-US"
        ],
        "User-Agent": [
          "FxVersion/4.700.22.55902",
          "OSName/Windows",
          "OSVersion/Microsoft.Windows.10.0.22621",
          "Microsoft.Azure.Management.Resources.DeploymentStacksClient/6.8.0"
        ]
      },
      "RequestBody": "",
      "ResponseHeaders": {
        "Cache-Control": [
          "no-cache"
        ],
        "Pragma": [
          "no-cache"
        ],
        "x-ms-request-id": [
          "4c18de9a-771a-4d63-be17-7edf3c220915"
        ],
        "Server": [
          "Microsoft-HTTPAPI/2.0"
        ],
        "x-ms-ratelimit-remaining-subscription-reads": [
          "11999"
        ],
        "x-ms-correlation-request-id": [
          "db7c96fe-832d-4142-8e37-a9242b4d05dc"
        ],
        "x-ms-routing-request-id": [
          "WESTUS:20230713T221350Z:db7c96fe-832d-4142-8e37-a9242b4d05dc"
        ],
        "Strict-Transport-Security": [
          "max-age=31536000; includeSubDomains"
        ],
        "X-Content-Type-Options": [
          "nosniff"
        ],
        "Date": [
          "Thu, 13 Jul 2023 22:13:49 GMT"
        ],
        "Content-Length": [
          "260"
        ],
        "Content-Type": [
          "application/json; charset=utf-8"
        ],
        "Expires": [
          "-1"
        ],
        "Retry-After": [
          "0"
        ]
      },
      "ResponseBody": "{\r\n  \"error\": {\r\n    \"code\": \"DeploymentStackResourceNotFound\",\r\n    \"message\": \"The deployment stack '/subscriptions/a1bfa635-f2bf-42f1-86b5-848c674fc321/resourceGroups/ps3501/providers/Microsoft.Resources/deploymentStacks/ps2407' could not be found.\"\r\n  }\r\n}",
      "StatusCode": 404
    },
    {
      "RequestUri": "/subscriptions/a1bfa635-f2bf-42f1-86b5-848c674fc321/resourceGroups/ps3501/providers/Microsoft.Resources/deploymentStacks/ps2407?api-version=2022-08-01-preview",
      "EncodedRequestUri": "L3N1YnNjcmlwdGlvbnMvYTFiZmE2MzUtZjJiZi00MmYxLTg2YjUtODQ4YzY3NGZjMzIxL3Jlc291cmNlR3JvdXBzL3BzMzUwMS9wcm92aWRlcnMvTWljcm9zb2Z0LlJlc291cmNlcy9kZXBsb3ltZW50U3RhY2tzL3BzMjQwNz9hcGktdmVyc2lvbj0yMDIyLTA4LTAxLXByZXZpZXc=",
      "RequestMethod": "GET",
      "RequestHeaders": {
        "x-ms-client-request-id": [
          "d47d0b70-2a82-4f71-9380-134d82187479"
        ],
        "Accept-Language": [
          "en-US"
        ],
        "User-Agent": [
          "FxVersion/4.700.22.55902",
          "OSName/Windows",
          "OSVersion/Microsoft.Windows.10.0.22621",
          "Microsoft.Azure.Management.Resources.DeploymentStacksClient/6.8.0"
        ]
      },
      "RequestBody": "",
      "ResponseHeaders": {
        "Cache-Control": [
          "no-cache"
        ],
        "Pragma": [
          "no-cache"
        ],
        "x-ms-request-id": [
          "4a6aea63-18fa-4a1a-bd7d-3cb0f9cc4df7"
        ],
        "Server": [
          "Microsoft-HTTPAPI/2.0"
        ],
        "x-ms-ratelimit-remaining-subscription-reads": [
          "11998"
        ],
        "x-ms-correlation-request-id": [
          "c99357f7-ba42-46e0-b9be-fc89318df08a"
        ],
        "x-ms-routing-request-id": [
          "WESTUS:20230713T221355Z:c99357f7-ba42-46e0-b9be-fc89318df08a"
        ],
        "Strict-Transport-Security": [
          "max-age=31536000; includeSubDomains"
        ],
        "X-Content-Type-Options": [
          "nosniff"
        ],
        "Date": [
          "Thu, 13 Jul 2023 22:13:54 GMT"
        ],
        "Content-Length": [
          "1232"
        ],
        "Content-Type": [
          "application/json; charset=utf-8"
        ],
        "Expires": [
          "-1"
        ],
        "Retry-After": [
          "0"
        ]
      },
      "ResponseBody": "{\r\n  \"tags\": {\r\n    \"key2\": \"value2\",\r\n    \"key1\": \"value1\"\r\n  },\r\n  \"properties\": {\r\n    \"actionOnUnmanage\": {\r\n      \"resources\": \"detach\",\r\n      \"resourceGroups\": \"detach\",\r\n      \"managementGroups\": \"detach\"\r\n    },\r\n    \"deploymentId\": \"/subscriptions/a1bfa635-f2bf-42f1-86b5-848c674fc321/resourceGroups/ps3501/providers/Microsoft.Resources/deployments/ps2407-2023-07-13-22-13-50-63263\",\r\n    \"description\": \"A Stack\",\r\n    \"denySettings\": {\r\n      \"mode\": \"none\",\r\n      \"applyToChildScopes\": false\r\n    },\r\n    \"parameters\": {},\r\n    \"resources\": [],\r\n    \"provisioningState\": \"deploying\",\r\n    \"detachedResources\": [],\r\n    \"deletedResources\": [],\r\n    \"failedResources\": []\r\n  },\r\n  \"systemData\": {\r\n    \"createdBy\": \"546094f3-32fa-493c-824c-bd9575b0d2fe\",\r\n    \"createdByType\": \"Application\",\r\n    \"createdAt\": \"2023-07-13T22:13:50.1992332Z\",\r\n    \"lastModifiedBy\": \"546094f3-32fa-493c-824c-bd9575b0d2fe\",\r\n    \"lastModifiedByType\": \"Application\",\r\n    \"lastModifiedAt\": \"2023-07-13T22:13:50.1992332Z\"\r\n  },\r\n  \"id\": \"/subscriptions/a1bfa635-f2bf-42f1-86b5-848c674fc321/resourceGroups/ps3501/providers/Microsoft.Resources/deploymentStacks/ps2407\",\r\n  \"type\": \"Microsoft.Resources/deploymentStacks\",\r\n  \"name\": \"ps2407\"\r\n}",
      "StatusCode": 200
    },
    {
      "RequestUri": "/subscriptions/a1bfa635-f2bf-42f1-86b5-848c674fc321/resourceGroups/ps3501/providers/Microsoft.Resources/deploymentStacks/ps2407?api-version=2022-08-01-preview",
      "EncodedRequestUri": "L3N1YnNjcmlwdGlvbnMvYTFiZmE2MzUtZjJiZi00MmYxLTg2YjUtODQ4YzY3NGZjMzIxL3Jlc291cmNlR3JvdXBzL3BzMzUwMS9wcm92aWRlcnMvTWljcm9zb2Z0LlJlc291cmNlcy9kZXBsb3ltZW50U3RhY2tzL3BzMjQwNz9hcGktdmVyc2lvbj0yMDIyLTA4LTAxLXByZXZpZXc=",
      "RequestMethod": "GET",
      "RequestHeaders": {
        "x-ms-client-request-id": [
          "d47d0b70-2a82-4f71-9380-134d82187479"
        ],
        "Accept-Language": [
          "en-US"
        ],
        "User-Agent": [
          "FxVersion/4.700.22.55902",
          "OSName/Windows",
          "OSVersion/Microsoft.Windows.10.0.22621",
          "Microsoft.Azure.Management.Resources.DeploymentStacksClient/6.8.0"
        ]
      },
      "RequestBody": "",
      "ResponseHeaders": {
        "Cache-Control": [
          "no-cache"
        ],
        "Pragma": [
          "no-cache"
        ],
        "x-ms-request-id": [
          "83c97ef3-0231-477d-8f2b-c68b2c696754"
        ],
        "Server": [
          "Microsoft-HTTPAPI/2.0"
        ],
        "x-ms-ratelimit-remaining-subscription-reads": [
          "11997"
        ],
        "x-ms-correlation-request-id": [
          "60d01df7-ba09-4307-ab84-14d97effe2cc"
        ],
        "x-ms-routing-request-id": [
          "WESTUS:20230713T221406Z:60d01df7-ba09-4307-ab84-14d97effe2cc"
        ],
        "Strict-Transport-Security": [
          "max-age=31536000; includeSubDomains"
        ],
        "X-Content-Type-Options": [
          "nosniff"
        ],
        "Date": [
          "Thu, 13 Jul 2023 22:14:06 GMT"
        ],
        "Content-Length": [
          "1285"
        ],
        "Content-Type": [
          "application/json; charset=utf-8"
        ],
        "Expires": [
          "-1"
        ],
        "Retry-After": [
          "0"
        ]
      },
      "ResponseBody": "{\r\n  \"tags\": {\r\n    \"key2\": \"value2\",\r\n    \"key1\": \"value1\"\r\n  },\r\n  \"properties\": {\r\n    \"actionOnUnmanage\": {\r\n      \"resources\": \"detach\",\r\n      \"resourceGroups\": \"detach\",\r\n      \"managementGroups\": \"detach\"\r\n    },\r\n    \"deploymentId\": \"/subscriptions/a1bfa635-f2bf-42f1-86b5-848c674fc321/resourceGroups/ps3501/providers/Microsoft.Resources/deployments/ps2407-2023-07-13-22-13-50-63263\",\r\n    \"description\": \"A Stack\",\r\n    \"duration\": \"PT6.8391353S\",\r\n    \"denySettings\": {\r\n      \"mode\": \"none\",\r\n      \"applyToChildScopes\": false\r\n    },\r\n    \"outputs\": {},\r\n    \"parameters\": {},\r\n    \"resources\": [],\r\n    \"provisioningState\": \"succeeded\",\r\n    \"detachedResources\": [],\r\n    \"deletedResources\": [],\r\n    \"failedResources\": []\r\n  },\r\n  \"systemData\": {\r\n    \"createdBy\": \"546094f3-32fa-493c-824c-bd9575b0d2fe\",\r\n    \"createdByType\": \"Application\",\r\n    \"createdAt\": \"2023-07-13T22:13:50.1992332Z\",\r\n    \"lastModifiedBy\": \"546094f3-32fa-493c-824c-bd9575b0d2fe\",\r\n    \"lastModifiedByType\": \"Application\",\r\n    \"lastModifiedAt\": \"2023-07-13T22:13:50.1992332Z\"\r\n  },\r\n  \"id\": \"/subscriptions/a1bfa635-f2bf-42f1-86b5-848c674fc321/resourceGroups/ps3501/providers/Microsoft.Resources/deploymentStacks/ps2407\",\r\n  \"type\": \"Microsoft.Resources/deploymentStacks\",\r\n  \"name\": \"ps2407\"\r\n}",
      "StatusCode": 200
    },
    {
      "RequestUri": "/subscriptions/a1bfa635-f2bf-42f1-86b5-848c674fc321/resourceGroups/ps3501/providers/Microsoft.Resources/deploymentStacks/ps2407?api-version=2022-08-01-preview",
      "EncodedRequestUri": "L3N1YnNjcmlwdGlvbnMvYTFiZmE2MzUtZjJiZi00MmYxLTg2YjUtODQ4YzY3NGZjMzIxL3Jlc291cmNlR3JvdXBzL3BzMzUwMS9wcm92aWRlcnMvTWljcm9zb2Z0LlJlc291cmNlcy9kZXBsb3ltZW50U3RhY2tzL3BzMjQwNz9hcGktdmVyc2lvbj0yMDIyLTA4LTAxLXByZXZpZXc=",
      "RequestMethod": "GET",
      "RequestHeaders": {
        "x-ms-client-request-id": [
          "1528266d-4b29-4fcb-bbea-f84b219f114c"
        ],
        "Accept-Language": [
          "en-US"
        ],
        "User-Agent": [
          "FxVersion/4.700.22.55902",
          "OSName/Windows",
          "OSVersion/Microsoft.Windows.10.0.22621",
          "Microsoft.Azure.Management.Resources.DeploymentStacksClient/6.8.0"
        ]
      },
      "RequestBody": "",
      "ResponseHeaders": {
        "Cache-Control": [
          "no-cache"
        ],
        "Pragma": [
          "no-cache"
        ],
        "x-ms-request-id": [
          "fb88f905-db68-4cf7-9308-afe54486dc87"
        ],
        "Server": [
          "Microsoft-HTTPAPI/2.0"
        ],
        "x-ms-ratelimit-remaining-subscription-reads": [
          "11999"
        ],
        "x-ms-correlation-request-id": [
          "bd98dcc5-349d-41cb-962c-0e4d50227fe7"
        ],
        "x-ms-routing-request-id": [
          "WESTUS:20230713T221406Z:bd98dcc5-349d-41cb-962c-0e4d50227fe7"
        ],
        "Strict-Transport-Security": [
          "max-age=31536000; includeSubDomains"
        ],
        "X-Content-Type-Options": [
          "nosniff"
        ],
        "Date": [
          "Thu, 13 Jul 2023 22:14:06 GMT"
        ],
        "Content-Length": [
          "1285"
        ],
        "Content-Type": [
          "application/json; charset=utf-8"
        ],
        "Expires": [
          "-1"
        ],
        "Retry-After": [
          "0"
        ]
      },
      "ResponseBody": "{\r\n  \"tags\": {\r\n    \"key2\": \"value2\",\r\n    \"key1\": \"value1\"\r\n  },\r\n  \"properties\": {\r\n    \"actionOnUnmanage\": {\r\n      \"resources\": \"detach\",\r\n      \"resourceGroups\": \"detach\",\r\n      \"managementGroups\": \"detach\"\r\n    },\r\n    \"deploymentId\": \"/subscriptions/a1bfa635-f2bf-42f1-86b5-848c674fc321/resourceGroups/ps3501/providers/Microsoft.Resources/deployments/ps2407-2023-07-13-22-13-50-63263\",\r\n    \"description\": \"A Stack\",\r\n    \"duration\": \"PT6.8391353S\",\r\n    \"denySettings\": {\r\n      \"mode\": \"none\",\r\n      \"applyToChildScopes\": false\r\n    },\r\n    \"outputs\": {},\r\n    \"parameters\": {},\r\n    \"resources\": [],\r\n    \"provisioningState\": \"succeeded\",\r\n    \"detachedResources\": [],\r\n    \"deletedResources\": [],\r\n    \"failedResources\": []\r\n  },\r\n  \"systemData\": {\r\n    \"createdBy\": \"546094f3-32fa-493c-824c-bd9575b0d2fe\",\r\n    \"createdByType\": \"Application\",\r\n    \"createdAt\": \"2023-07-13T22:13:50.1992332Z\",\r\n    \"lastModifiedBy\": \"546094f3-32fa-493c-824c-bd9575b0d2fe\",\r\n    \"lastModifiedByType\": \"Application\",\r\n    \"lastModifiedAt\": \"2023-07-13T22:13:50.1992332Z\"\r\n  },\r\n  \"id\": \"/subscriptions/a1bfa635-f2bf-42f1-86b5-848c674fc321/resourceGroups/ps3501/providers/Microsoft.Resources/deploymentStacks/ps2407\",\r\n  \"type\": \"Microsoft.Resources/deploymentStacks\",\r\n  \"name\": \"ps2407\"\r\n}",
      "StatusCode": 200
    },
    {
      "RequestUri": "/subscriptions/a1bfa635-f2bf-42f1-86b5-848c674fc321/resourceGroups/ps3501/providers/Microsoft.Resources/deploymentStacks/ps2407?api-version=2022-08-01-preview",
      "EncodedRequestUri": "L3N1YnNjcmlwdGlvbnMvYTFiZmE2MzUtZjJiZi00MmYxLTg2YjUtODQ4YzY3NGZjMzIxL3Jlc291cmNlR3JvdXBzL3BzMzUwMS9wcm92aWRlcnMvTWljcm9zb2Z0LlJlc291cmNlcy9kZXBsb3ltZW50U3RhY2tzL3BzMjQwNz9hcGktdmVyc2lvbj0yMDIyLTA4LTAxLXByZXZpZXc=",
      "RequestMethod": "GET",
      "RequestHeaders": {
        "x-ms-client-request-id": [
          "1528266d-4b29-4fcb-bbea-f84b219f114c"
        ],
        "Accept-Language": [
          "en-US"
        ],
        "User-Agent": [
          "FxVersion/4.700.22.55902",
          "OSName/Windows",
          "OSVersion/Microsoft.Windows.10.0.22621",
          "Microsoft.Azure.Management.Resources.DeploymentStacksClient/6.8.0"
        ]
      },
      "RequestBody": "",
      "ResponseHeaders": {
        "Cache-Control": [
          "no-cache"
        ],
        "Pragma": [
          "no-cache"
        ],
        "x-ms-request-id": [
          "09cd4a87-f9b0-47d0-8f8a-0a0f356a6d3b"
        ],
        "Server": [
          "Microsoft-HTTPAPI/2.0"
        ],
        "x-ms-ratelimit-remaining-subscription-reads": [
          "11998"
        ],
        "x-ms-correlation-request-id": [
          "1ff46824-a18f-4fe5-8d03-a37bbe8b4bf9"
        ],
        "x-ms-routing-request-id": [
          "WESTUS:20230713T221411Z:1ff46824-a18f-4fe5-8d03-a37bbe8b4bf9"
        ],
        "Strict-Transport-Security": [
          "max-age=31536000; includeSubDomains"
        ],
        "X-Content-Type-Options": [
          "nosniff"
        ],
        "Date": [
          "Thu, 13 Jul 2023 22:14:11 GMT"
        ],
        "Content-Length": [
          "1232"
        ],
        "Content-Type": [
          "application/json; charset=utf-8"
        ],
        "Expires": [
          "-1"
        ],
        "Retry-After": [
          "0"
        ]
      },
      "ResponseBody": "{\r\n  \"tags\": {\r\n    \"key2\": \"value2\",\r\n    \"key1\": \"value1\"\r\n  },\r\n  \"properties\": {\r\n    \"actionOnUnmanage\": {\r\n      \"resources\": \"detach\",\r\n      \"resourceGroups\": \"detach\",\r\n      \"managementGroups\": \"detach\"\r\n    },\r\n    \"deploymentId\": \"/subscriptions/a1bfa635-f2bf-42f1-86b5-848c674fc321/resourceGroups/ps3501/providers/Microsoft.Resources/deployments/ps2407-2023-07-13-22-14-06-f7557\",\r\n    \"description\": \"A Stack\",\r\n    \"denySettings\": {\r\n      \"mode\": \"none\",\r\n      \"applyToChildScopes\": false\r\n    },\r\n    \"parameters\": {},\r\n    \"resources\": [],\r\n    \"provisioningState\": \"deploying\",\r\n    \"detachedResources\": [],\r\n    \"deletedResources\": [],\r\n    \"failedResources\": []\r\n  },\r\n  \"systemData\": {\r\n    \"createdBy\": \"546094f3-32fa-493c-824c-bd9575b0d2fe\",\r\n    \"createdByType\": \"Application\",\r\n    \"createdAt\": \"2023-07-13T22:13:50.1992332Z\",\r\n    \"lastModifiedBy\": \"546094f3-32fa-493c-824c-bd9575b0d2fe\",\r\n    \"lastModifiedByType\": \"Application\",\r\n    \"lastModifiedAt\": \"2023-07-13T22:14:06.4653975Z\"\r\n  },\r\n  \"id\": \"/subscriptions/a1bfa635-f2bf-42f1-86b5-848c674fc321/resourceGroups/ps3501/providers/Microsoft.Resources/deploymentStacks/ps2407\",\r\n  \"type\": \"Microsoft.Resources/deploymentStacks\",\r\n  \"name\": \"ps2407\"\r\n}",
      "StatusCode": 200
    },
    {
      "RequestUri": "/subscriptions/a1bfa635-f2bf-42f1-86b5-848c674fc321/resourceGroups/ps3501/providers/Microsoft.Resources/deploymentStacks/ps2407?api-version=2022-08-01-preview",
      "EncodedRequestUri": "L3N1YnNjcmlwdGlvbnMvYTFiZmE2MzUtZjJiZi00MmYxLTg2YjUtODQ4YzY3NGZjMzIxL3Jlc291cmNlR3JvdXBzL3BzMzUwMS9wcm92aWRlcnMvTWljcm9zb2Z0LlJlc291cmNlcy9kZXBsb3ltZW50U3RhY2tzL3BzMjQwNz9hcGktdmVyc2lvbj0yMDIyLTA4LTAxLXByZXZpZXc=",
      "RequestMethod": "GET",
      "RequestHeaders": {
        "x-ms-client-request-id": [
          "1528266d-4b29-4fcb-bbea-f84b219f114c"
        ],
        "Accept-Language": [
          "en-US"
        ],
        "User-Agent": [
          "FxVersion/4.700.22.55902",
          "OSName/Windows",
          "OSVersion/Microsoft.Windows.10.0.22621",
          "Microsoft.Azure.Management.Resources.DeploymentStacksClient/6.8.0"
        ]
      },
      "RequestBody": "",
      "ResponseHeaders": {
        "Cache-Control": [
          "no-cache"
        ],
        "Pragma": [
          "no-cache"
        ],
        "x-ms-request-id": [
          "ebd767e3-358b-47f0-b810-3d4b6231dfa2"
        ],
        "Server": [
          "Microsoft-HTTPAPI/2.0"
        ],
        "x-ms-ratelimit-remaining-subscription-reads": [
          "11997"
        ],
        "x-ms-correlation-request-id": [
          "4933e71b-ffce-4976-b620-580e16cd6612"
        ],
        "x-ms-routing-request-id": [
          "WESTUS:20230713T221422Z:4933e71b-ffce-4976-b620-580e16cd6612"
        ],
        "Strict-Transport-Security": [
          "max-age=31536000; includeSubDomains"
        ],
        "X-Content-Type-Options": [
          "nosniff"
        ],
        "Date": [
          "Thu, 13 Jul 2023 22:14:21 GMT"
        ],
        "Content-Length": [
          "1285"
        ],
        "Content-Type": [
          "application/json; charset=utf-8"
        ],
        "Expires": [
          "-1"
        ],
        "Retry-After": [
          "0"
        ]
      },
      "ResponseBody": "{\r\n  \"tags\": {\r\n    \"key2\": \"value2\",\r\n    \"key1\": \"value1\"\r\n  },\r\n  \"properties\": {\r\n    \"actionOnUnmanage\": {\r\n      \"resources\": \"detach\",\r\n      \"resourceGroups\": \"detach\",\r\n      \"managementGroups\": \"detach\"\r\n    },\r\n    \"deploymentId\": \"/subscriptions/a1bfa635-f2bf-42f1-86b5-848c674fc321/resourceGroups/ps3501/providers/Microsoft.Resources/deployments/ps2407-2023-07-13-22-14-06-f7557\",\r\n    \"description\": \"A Stack\",\r\n    \"duration\": \"PT6.0111168S\",\r\n    \"denySettings\": {\r\n      \"mode\": \"none\",\r\n      \"applyToChildScopes\": false\r\n    },\r\n    \"outputs\": {},\r\n    \"parameters\": {},\r\n    \"resources\": [],\r\n    \"provisioningState\": \"succeeded\",\r\n    \"detachedResources\": [],\r\n    \"deletedResources\": [],\r\n    \"failedResources\": []\r\n  },\r\n  \"systemData\": {\r\n    \"createdBy\": \"546094f3-32fa-493c-824c-bd9575b0d2fe\",\r\n    \"createdByType\": \"Application\",\r\n    \"createdAt\": \"2023-07-13T22:13:50.1992332Z\",\r\n    \"lastModifiedBy\": \"546094f3-32fa-493c-824c-bd9575b0d2fe\",\r\n    \"lastModifiedByType\": \"Application\",\r\n    \"lastModifiedAt\": \"2023-07-13T22:14:06.4653975Z\"\r\n  },\r\n  \"id\": \"/subscriptions/a1bfa635-f2bf-42f1-86b5-848c674fc321/resourceGroups/ps3501/providers/Microsoft.Resources/deploymentStacks/ps2407\",\r\n  \"type\": \"Microsoft.Resources/deploymentStacks\",\r\n  \"name\": \"ps2407\"\r\n}",
      "StatusCode": 200
    },
    {
      "RequestUri": "/subscriptions/a1bfa635-f2bf-42f1-86b5-848c674fc321/resourceGroups/ps3501/providers/Microsoft.Resources/deploymentStacks/ps2407?api-version=2022-08-01-preview",
      "EncodedRequestUri": "L3N1YnNjcmlwdGlvbnMvYTFiZmE2MzUtZjJiZi00MmYxLTg2YjUtODQ4YzY3NGZjMzIxL3Jlc291cmNlR3JvdXBzL3BzMzUwMS9wcm92aWRlcnMvTWljcm9zb2Z0LlJlc291cmNlcy9kZXBsb3ltZW50U3RhY2tzL3BzMjQwNz9hcGktdmVyc2lvbj0yMDIyLTA4LTAxLXByZXZpZXc=",
      "RequestMethod": "GET",
      "RequestHeaders": {
        "x-ms-client-request-id": [
          "ac63abe1-fa5e-48f4-bc32-0fac3e43326b"
        ],
        "Accept-Language": [
          "en-US"
        ],
        "User-Agent": [
          "FxVersion/4.700.22.55902",
          "OSName/Windows",
          "OSVersion/Microsoft.Windows.10.0.22621",
          "Microsoft.Azure.Management.Resources.DeploymentStacksClient/6.8.0"
        ]
      },
      "RequestBody": "",
      "ResponseHeaders": {
        "Cache-Control": [
          "no-cache"
        ],
        "Pragma": [
          "no-cache"
        ],
        "x-ms-request-id": [
          "d4926b8b-9ccc-42c0-8e4d-f8d23a4bf111"
        ],
        "Server": [
          "Microsoft-HTTPAPI/2.0"
        ],
        "x-ms-ratelimit-remaining-subscription-reads": [
          "11999"
        ],
        "x-ms-correlation-request-id": [
          "185b6ae0-86c9-435c-8b20-86f256fcf751"
        ],
        "x-ms-routing-request-id": [
          "WESTUS:20230713T221422Z:185b6ae0-86c9-435c-8b20-86f256fcf751"
        ],
        "Strict-Transport-Security": [
          "max-age=31536000; includeSubDomains"
        ],
        "X-Content-Type-Options": [
          "nosniff"
        ],
        "Date": [
          "Thu, 13 Jul 2023 22:14:22 GMT"
        ],
        "Content-Length": [
          "1285"
        ],
        "Content-Type": [
          "application/json; charset=utf-8"
        ],
        "Expires": [
          "-1"
        ],
        "Retry-After": [
          "0"
        ]
      },
      "ResponseBody": "{\r\n  \"tags\": {\r\n    \"key2\": \"value2\",\r\n    \"key1\": \"value1\"\r\n  },\r\n  \"properties\": {\r\n    \"actionOnUnmanage\": {\r\n      \"resources\": \"detach\",\r\n      \"resourceGroups\": \"detach\",\r\n      \"managementGroups\": \"detach\"\r\n    },\r\n    \"deploymentId\": \"/subscriptions/a1bfa635-f2bf-42f1-86b5-848c674fc321/resourceGroups/ps3501/providers/Microsoft.Resources/deployments/ps2407-2023-07-13-22-14-06-f7557\",\r\n    \"description\": \"A Stack\",\r\n    \"duration\": \"PT6.0111168S\",\r\n    \"denySettings\": {\r\n      \"mode\": \"none\",\r\n      \"applyToChildScopes\": false\r\n    },\r\n    \"outputs\": {},\r\n    \"parameters\": {},\r\n    \"resources\": [],\r\n    \"provisioningState\": \"succeeded\",\r\n    \"detachedResources\": [],\r\n    \"deletedResources\": [],\r\n    \"failedResources\": []\r\n  },\r\n  \"systemData\": {\r\n    \"createdBy\": \"546094f3-32fa-493c-824c-bd9575b0d2fe\",\r\n    \"createdByType\": \"Application\",\r\n    \"createdAt\": \"2023-07-13T22:13:50.1992332Z\",\r\n    \"lastModifiedBy\": \"546094f3-32fa-493c-824c-bd9575b0d2fe\",\r\n    \"lastModifiedByType\": \"Application\",\r\n    \"lastModifiedAt\": \"2023-07-13T22:14:06.4653975Z\"\r\n  },\r\n  \"id\": \"/subscriptions/a1bfa635-f2bf-42f1-86b5-848c674fc321/resourceGroups/ps3501/providers/Microsoft.Resources/deploymentStacks/ps2407\",\r\n  \"type\": \"Microsoft.Resources/deploymentStacks\",\r\n  \"name\": \"ps2407\"\r\n}",
      "StatusCode": 200
    },
    {
      "RequestUri": "/subscriptions/a1bfa635-f2bf-42f1-86b5-848c674fc321/resourceGroups/ps3501/providers/Microsoft.Resources/deploymentStacks/ps2407?api-version=2022-08-01-preview",
      "EncodedRequestUri": "L3N1YnNjcmlwdGlvbnMvYTFiZmE2MzUtZjJiZi00MmYxLTg2YjUtODQ4YzY3NGZjMzIxL3Jlc291cmNlR3JvdXBzL3BzMzUwMS9wcm92aWRlcnMvTWljcm9zb2Z0LlJlc291cmNlcy9kZXBsb3ltZW50U3RhY2tzL3BzMjQwNz9hcGktdmVyc2lvbj0yMDIyLTA4LTAxLXByZXZpZXc=",
      "RequestMethod": "GET",
      "RequestHeaders": {
        "x-ms-client-request-id": [
          "ac63abe1-fa5e-48f4-bc32-0fac3e43326b"
        ],
        "Accept-Language": [
          "en-US"
        ],
        "User-Agent": [
          "FxVersion/4.700.22.55902",
          "OSName/Windows",
          "OSVersion/Microsoft.Windows.10.0.22621",
          "Microsoft.Azure.Management.Resources.DeploymentStacksClient/6.8.0"
        ]
      },
      "RequestBody": "",
      "ResponseHeaders": {
        "Cache-Control": [
          "no-cache"
        ],
        "Pragma": [
          "no-cache"
        ],
        "x-ms-request-id": [
          "5fc43cd7-19eb-41c1-b3bf-e3b297c8590f"
        ],
        "Server": [
          "Microsoft-HTTPAPI/2.0"
        ],
        "x-ms-ratelimit-remaining-subscription-reads": [
          "11998"
        ],
        "x-ms-correlation-request-id": [
          "0073dd11-1cc9-4fa1-835c-d9bf7d933775"
        ],
        "x-ms-routing-request-id": [
          "WESTUS:20230713T221428Z:0073dd11-1cc9-4fa1-835c-d9bf7d933775"
        ],
        "Strict-Transport-Security": [
          "max-age=31536000; includeSubDomains"
        ],
        "X-Content-Type-Options": [
          "nosniff"
        ],
        "Date": [
          "Thu, 13 Jul 2023 22:14:27 GMT"
        ],
        "Content-Length": [
          "1183"
        ],
        "Content-Type": [
          "application/json; charset=utf-8"
        ],
        "Expires": [
          "-1"
        ],
        "Retry-After": [
          "0"
        ]
      },
      "ResponseBody": "{\r\n  \"tags\": {},\r\n  \"properties\": {\r\n    \"actionOnUnmanage\": {\r\n      \"resources\": \"detach\",\r\n      \"resourceGroups\": \"detach\",\r\n      \"managementGroups\": \"detach\"\r\n    },\r\n    \"deploymentId\": \"/subscriptions/a1bfa635-f2bf-42f1-86b5-848c674fc321/resourceGroups/ps3501/providers/Microsoft.Resources/deployments/ps2407-2023-07-13-22-14-22-079e3\",\r\n    \"description\": \"A Stack\",\r\n    \"denySettings\": {\r\n      \"mode\": \"none\",\r\n      \"applyToChildScopes\": false\r\n    },\r\n    \"parameters\": {},\r\n    \"resources\": [],\r\n    \"provisioningState\": \"deploying\",\r\n    \"detachedResources\": [],\r\n    \"deletedResources\": [],\r\n    \"failedResources\": []\r\n  },\r\n  \"systemData\": {\r\n    \"createdBy\": \"546094f3-32fa-493c-824c-bd9575b0d2fe\",\r\n    \"createdByType\": \"Application\",\r\n    \"createdAt\": \"2023-07-13T22:13:50.1992332Z\",\r\n    \"lastModifiedBy\": \"546094f3-32fa-493c-824c-bd9575b0d2fe\",\r\n    \"lastModifiedByType\": \"Application\",\r\n    \"lastModifiedAt\": \"2023-07-13T22:14:22.7829742Z\"\r\n  },\r\n  \"id\": \"/subscriptions/a1bfa635-f2bf-42f1-86b5-848c674fc321/resourceGroups/ps3501/providers/Microsoft.Resources/deploymentStacks/ps2407\",\r\n  \"type\": \"Microsoft.Resources/deploymentStacks\",\r\n  \"name\": \"ps2407\"\r\n}",
      "StatusCode": 200
    },
    {
      "RequestUri": "/subscriptions/a1bfa635-f2bf-42f1-86b5-848c674fc321/resourceGroups/ps3501/providers/Microsoft.Resources/deploymentStacks/ps2407?api-version=2022-08-01-preview",
      "EncodedRequestUri": "L3N1YnNjcmlwdGlvbnMvYTFiZmE2MzUtZjJiZi00MmYxLTg2YjUtODQ4YzY3NGZjMzIxL3Jlc291cmNlR3JvdXBzL3BzMzUwMS9wcm92aWRlcnMvTWljcm9zb2Z0LlJlc291cmNlcy9kZXBsb3ltZW50U3RhY2tzL3BzMjQwNz9hcGktdmVyc2lvbj0yMDIyLTA4LTAxLXByZXZpZXc=",
      "RequestMethod": "GET",
      "RequestHeaders": {
        "x-ms-client-request-id": [
          "ac63abe1-fa5e-48f4-bc32-0fac3e43326b"
        ],
        "Accept-Language": [
          "en-US"
        ],
        "User-Agent": [
          "FxVersion/4.700.22.55902",
          "OSName/Windows",
          "OSVersion/Microsoft.Windows.10.0.22621",
          "Microsoft.Azure.Management.Resources.DeploymentStacksClient/6.8.0"
        ]
      },
      "RequestBody": "",
      "ResponseHeaders": {
        "Cache-Control": [
          "no-cache"
        ],
        "Pragma": [
          "no-cache"
        ],
        "x-ms-request-id": [
          "56a1b451-6009-4c96-ad3e-a0fb3eebdab4"
        ],
        "Server": [
          "Microsoft-HTTPAPI/2.0"
        ],
        "x-ms-ratelimit-remaining-subscription-reads": [
          "11997"
        ],
        "x-ms-correlation-request-id": [
          "d82d7ed1-4c78-455a-9062-0d2eec864b2a"
        ],
        "x-ms-routing-request-id": [
          "WESTUS:20230713T221438Z:d82d7ed1-4c78-455a-9062-0d2eec864b2a"
        ],
        "Strict-Transport-Security": [
          "max-age=31536000; includeSubDomains"
        ],
        "X-Content-Type-Options": [
          "nosniff"
        ],
        "Date": [
          "Thu, 13 Jul 2023 22:14:37 GMT"
        ],
        "Content-Length": [
          "1236"
        ],
        "Content-Type": [
          "application/json; charset=utf-8"
        ],
        "Expires": [
          "-1"
        ],
        "Retry-After": [
          "0"
        ]
      },
      "ResponseBody": "{\r\n  \"tags\": {},\r\n  \"properties\": {\r\n    \"actionOnUnmanage\": {\r\n      \"resources\": \"detach\",\r\n      \"resourceGroups\": \"detach\",\r\n      \"managementGroups\": \"detach\"\r\n    },\r\n    \"deploymentId\": \"/subscriptions/a1bfa635-f2bf-42f1-86b5-848c674fc321/resourceGroups/ps3501/providers/Microsoft.Resources/deployments/ps2407-2023-07-13-22-14-22-079e3\",\r\n    \"description\": \"A Stack\",\r\n    \"duration\": \"PT5.8398631S\",\r\n    \"denySettings\": {\r\n      \"mode\": \"none\",\r\n      \"applyToChildScopes\": false\r\n    },\r\n    \"outputs\": {},\r\n    \"parameters\": {},\r\n    \"resources\": [],\r\n    \"provisioningState\": \"succeeded\",\r\n    \"detachedResources\": [],\r\n    \"deletedResources\": [],\r\n    \"failedResources\": []\r\n  },\r\n  \"systemData\": {\r\n    \"createdBy\": \"546094f3-32fa-493c-824c-bd9575b0d2fe\",\r\n    \"createdByType\": \"Application\",\r\n    \"createdAt\": \"2023-07-13T22:13:50.1992332Z\",\r\n    \"lastModifiedBy\": \"546094f3-32fa-493c-824c-bd9575b0d2fe\",\r\n    \"lastModifiedByType\": \"Application\",\r\n    \"lastModifiedAt\": \"2023-07-13T22:14:22.7829742Z\"\r\n  },\r\n  \"id\": \"/subscriptions/a1bfa635-f2bf-42f1-86b5-848c674fc321/resourceGroups/ps3501/providers/Microsoft.Resources/deploymentStacks/ps2407\",\r\n  \"type\": \"Microsoft.Resources/deploymentStacks\",\r\n  \"name\": \"ps2407\"\r\n}",
      "StatusCode": 200
    },
    {
      "RequestUri": "/subscriptions/a1bfa635-f2bf-42f1-86b5-848c674fc321/resourceGroups/ps3501/providers/Microsoft.Resources/deploymentStacks/ps2407?api-version=2022-08-01-preview",
      "EncodedRequestUri": "L3N1YnNjcmlwdGlvbnMvYTFiZmE2MzUtZjJiZi00MmYxLTg2YjUtODQ4YzY3NGZjMzIxL3Jlc291cmNlR3JvdXBzL3BzMzUwMS9wcm92aWRlcnMvTWljcm9zb2Z0LlJlc291cmNlcy9kZXBsb3ltZW50U3RhY2tzL3BzMjQwNz9hcGktdmVyc2lvbj0yMDIyLTA4LTAxLXByZXZpZXc=",
      "RequestMethod": "PUT",
      "RequestHeaders": {
        "x-ms-client-request-id": [
          "d47d0b70-2a82-4f71-9380-134d82187479"
        ],
        "Accept-Language": [
          "en-US"
        ],
        "User-Agent": [
          "FxVersion/4.700.22.55902",
          "OSName/Windows",
          "OSVersion/Microsoft.Windows.10.0.22621",
          "Microsoft.Azure.Management.Resources.DeploymentStacksClient/6.8.0"
        ],
        "Content-Type": [
          "application/json; charset=utf-8"
        ],
        "Content-Length": [
          "627"
        ]
      },
      "RequestBody": "{\r\n  \"tags\": {\r\n    \"key2\": \"value2\",\r\n    \"key1\": \"value1\"\r\n  },\r\n  \"properties\": {\r\n    \"template\": {\r\n      \"$schema\": \"http://schema.management.azure.com/schemas/2015-01-01/deploymentTemplate.json#\",\r\n      \"contentVersion\": \"1.0.0.0\",\r\n      \"parameters\": {},\r\n      \"variables\": {},\r\n      \"resources\": [],\r\n      \"outputs\": {}\r\n    },\r\n    \"parameters\": {},\r\n    \"actionOnUnmanage\": {\r\n      \"resources\": \"detach\",\r\n      \"resourceGroups\": \"detach\",\r\n      \"managementGroups\": \"detach\"\r\n    },\r\n    \"description\": \"A Stack\",\r\n    \"denySettings\": {\r\n      \"mode\": \"None\",\r\n      \"applyToChildScopes\": false\r\n    }\r\n  }\r\n}",
      "ResponseHeaders": {
        "Cache-Control": [
          "no-cache"
        ],
        "Pragma": [
          "no-cache"
        ],
        "Retry-After": [
          "0"
        ],
        "Azure-AsyncOperation": [
          "https://management.azure.com/subscriptions/a1bfa635-f2bf-42f1-86b5-848c674fc321/providers/Microsoft.Resources/locations/westus2/deploymentStackOperationStatus/8dde5bc4-3140-4800-b57d-7d2cda488bd2?api-version=2022-08-01-preview&t=2023-07-13T22%3a13%3a50&c=MIIHHjCCBgagAwIBAgITfwFcc8LHb1vL7ITaVQAEAVxzwjANBgkqhkiG9w0BAQsFADBEMRMwEQYKCZImiZPyLGQBGRYDR0JMMRMwEQYKCZImiZPyLGQBGRYDQU1FMRgwFgYDVQQDEw9BTUUgSW5mcmEgQ0EgMDIwHhcNMjMwNTA0MDAxOTM3WhcNMjQwNDI4MDAxOTM3WjBAMT4wPAYDVQQDEzVhc3luY29wZXJhdGlvbnNpZ25pbmdjZXJ0aWZpY2F0ZS5tYW5hZ2VtZW50LmF6dXJlLmNvbTCCASIwDQYJKoZIhvcNAQEBBQADggEPADCCAQoCggEBAO9S-7ehkxQoCtPSttMML0agLWjgVt8ff-FSCrza-Lr8k3yV5CtTlAKSU8hnEnzA9YGaQofArx5AZsXsS7WA8UqEMLabHdpxOZ3YEaaLEh8Qsq43erF1KaDjxjlS4zTaIlntpR65kNwG_C8DQC7sHsnaXKJuZpnGOCoLydTLmfCXgDSXgiXA-6TKpSD0AN-7CvTgy8NFYmhBsdj4K5cedwZXnS1dC-SGQdGm5A090ZG5SzMDOj0Qf_FQvKKkN2wGp9DjGdiQuYjTfUMixIBVGcrG0JS8YpOU9rJ8VPSIC2BRb4VNs3CLM8A3JTMIwWLY9DdIRaXjuJSJwwR71qO7Vh0CAwEAAaOCBAswggQHMCcGCSsGAQQBgjcVCgQaMBgwCgYIKwYBBQUHAwEwCgYIKwYBBQUHAwIwPQYJKwYBBAGCNxUHBDAwLgYmKwYBBAGCNxUIhpDjDYTVtHiE8Ys-hZvdFs6dEoFggvX2K4Py0SACAWQCAQowggHaBggrBgEFBQcBAQSCAcwwggHIMGYGCCsGAQUFBzAChlpodHRwOi8vY3JsLm1pY3Jvc29mdC5jb20vcGtpaW5mcmEvQ2VydHMvQkwyUEtJSU5UQ0EwMS5BTUUuR0JMX0FNRSUyMEluZnJhJTIwQ0ElMjAwMig0KS5jcnQwVgYIKwYBBQUHMAKGSmh0dHA6Ly9jcmwxLmFtZS5nYmwvYWlhL0JMMlBLSUlOVENBMDEuQU1FLkdCTF9BTUUlMjBJbmZyYSUyMENBJTIwMDIoNCkuY3J0MFYGCCsGAQUFBzAChkpodHRwOi8vY3JsMi5hbWUuZ2JsL2FpYS9CTDJQS0lJTlRDQTAxLkFNRS5HQkxfQU1FJTIwSW5mcmElMjBDQSUyMDAyKDQpLmNydDBWBggrBgEFBQcwAoZKaHR0cDovL2NybDMuYW1lLmdibC9haWEvQkwyUEtJSU5UQ0EwMS5BTUUuR0JMX0FNRSUyMEluZnJhJTIwQ0ElMjAwMig0KS5jcnQwVgYIKwYBBQUHMAKGSmh0dHA6Ly9jcmw0LmFtZS5nYmwvYWlhL0JMMlBLSUlOVENBMDEuQU1FLkdCTF9BTUUlMjBJbmZyYSUyMENBJTIwMDIoNCkuY3J0MB0GA1UdDgQWBBR0_dsGipuRvjATtjEK0CXfsdKY_jAOBgNVHQ8BAf8EBAMCBaAwggE1BgNVHR8EggEsMIIBKDCCASSgggEgoIIBHIZCaHR0cDovL2NybC5taWNyb3NvZnQuY29tL3BraWluZnJhL0NSTC9BTUUlMjBJbmZyYSUyMENBJTIwMDIoNCkuY3JshjRodHRwOi8vY3JsMS5hbWUuZ2JsL2NybC9BTUUlMjBJbmZyYSUyMENBJTIwMDIoNCkuY3JshjRodHRwOi8vY3JsMi5hbWUuZ2JsL2NybC9BTUUlMjBJbmZyYSUyMENBJTIwMDIoNCkuY3JshjRodHRwOi8vY3JsMy5hbWUuZ2JsL2NybC9BTUUlMjBJbmZyYSUyMENBJTIwMDIoNCkuY3JshjRodHRwOi8vY3JsNC5hbWUuZ2JsL2NybC9BTUUlMjBJbmZyYSUyMENBJTIwMDIoNCkuY3JsMBcGA1UdIAQQMA4wDAYKKwYBBAGCN3sBATAfBgNVHSMEGDAWgBSuecJrXSWIEwb2BwnDl3x7l48dVTAdBgNVHSUEFjAUBggrBgEFBQcDAQYIKwYBBQUHAwIwDQYJKoZIhvcNAQELBQADggEBAFbpheDYPWEwuDXvrVwddrU7Xb1OJNmWjYpTfs3lbdJNzYLSxFeZszT5xCnxqivIGuLs2lMDg33wvYXdWOmUS-dgTWRX0TGmECiJhu2-PuXM48mrt1TPkWEUEYzkEltOoISUmKpN6mdWc3aACW4ujKs9PAHF-xpOxeplZCSiyWiSQfr77A0TWufAP4FFJDrL-sqf7r_FRW9wa0-Ct4fsIMFX1FxKeTBUw6J5rXWeY688S68Xwpo2ewuBMTMflQO9Y7ACBvnyz7GJfscGrnxdXznFiwRY6JvZxbcnjvNOf7tiB3CiPhp-7Y5Wr-sC5_KanwGiT76vbZgcSOSPvjUulbg&s=LQtLT-uWNYOrtjflCVdP2XeDlFaITvvH_RcbLF4GDJ1QNrp5hQW7F89A1SK1mOz34mmJ_rul0jQS3RrgEr8ZKszSUSMcmQWKjoVSfy3jzbNXxJdraMmG1Xvp6muouvy82DFvYLGo-aWVKAjxua8RSCzLIIEnlsvHYWVmWMHxm1HYRLrBVMgRe3SM62vQflT63UsmVbcqcdeWjQaE_CQ7Z4sKIEF53a_spsyzLcLk7gUL7jpDqf3YghORXzyO5k87RT3jrN_vjf9iA-3zTHzP_KcGk9Bdm1dznZ14MxHA08FTHRxAcNwNR9U9dY4VqP7e20DWJlT0bn_wY2xUuk385A&h=H2hrT_AXh92lxfBzgjeazV5532PEkA6GMffFZ8DETfk"
        ],
        "x-ms-request-id": [
          "935b3861-11a5-40d8-b985-8ed3d826c8c7"
        ],
        "Server": [
          "Microsoft-HTTPAPI/2.0"
        ],
        "x-ms-ratelimit-remaining-subscription-writes": [
          "1199"
        ],
        "x-ms-correlation-request-id": [
          "33ada9e2-7a24-43b6-9e89-018d203a67e6"
        ],
        "x-ms-routing-request-id": [
          "WESTUS:20230713T221350Z:33ada9e2-7a24-43b6-9e89-018d203a67e6"
        ],
        "Strict-Transport-Security": [
          "max-age=31536000; includeSubDomains"
        ],
        "X-Content-Type-Options": [
          "nosniff"
        ],
        "Date": [
          "Thu, 13 Jul 2023 22:13:49 GMT"
        ],
        "Content-Length": [
          "1062"
        ],
        "Content-Type": [
          "application/json; charset=utf-8"
        ],
        "Expires": [
          "-1"
        ]
      },
      "ResponseBody": "{\r\n  \"tags\": {\r\n    \"key2\": \"value2\",\r\n    \"key1\": \"value1\"\r\n  },\r\n  \"properties\": {\r\n    \"actionOnUnmanage\": {\r\n      \"resources\": \"detach\",\r\n      \"resourceGroups\": \"detach\",\r\n      \"managementGroups\": \"detach\"\r\n    },\r\n    \"description\": \"A Stack\",\r\n    \"denySettings\": {\r\n      \"mode\": \"none\",\r\n      \"applyToChildScopes\": false\r\n    },\r\n    \"parameters\": {},\r\n    \"resources\": [],\r\n    \"provisioningState\": \"initializing\",\r\n    \"detachedResources\": [],\r\n    \"deletedResources\": [],\r\n    \"failedResources\": []\r\n  },\r\n  \"systemData\": {\r\n    \"createdBy\": \"546094f3-32fa-493c-824c-bd9575b0d2fe\",\r\n    \"createdByType\": \"Application\",\r\n    \"createdAt\": \"2023-07-13T22:13:50.1992332Z\",\r\n    \"lastModifiedBy\": \"546094f3-32fa-493c-824c-bd9575b0d2fe\",\r\n    \"lastModifiedByType\": \"Application\",\r\n    \"lastModifiedAt\": \"2023-07-13T22:13:50.1992332Z\"\r\n  },\r\n  \"id\": \"/subscriptions/a1bfa635-f2bf-42f1-86b5-848c674fc321/resourceGroups/ps3501/providers/Microsoft.Resources/deploymentStacks/ps2407\",\r\n  \"type\": \"Microsoft.Resources/deploymentStacks\",\r\n  \"name\": \"ps2407\"\r\n}",
      "StatusCode": 201
    },
    {
      "RequestUri": "/subscriptions/a1bfa635-f2bf-42f1-86b5-848c674fc321/resourceGroups/ps3501/providers/Microsoft.Resources/deploymentStacks/ps2407?api-version=2022-08-01-preview",
      "EncodedRequestUri": "L3N1YnNjcmlwdGlvbnMvYTFiZmE2MzUtZjJiZi00MmYxLTg2YjUtODQ4YzY3NGZjMzIxL3Jlc291cmNlR3JvdXBzL3BzMzUwMS9wcm92aWRlcnMvTWljcm9zb2Z0LlJlc291cmNlcy9kZXBsb3ltZW50U3RhY2tzL3BzMjQwNz9hcGktdmVyc2lvbj0yMDIyLTA4LTAxLXByZXZpZXc=",
      "RequestMethod": "PUT",
      "RequestHeaders": {
        "x-ms-client-request-id": [
          "1528266d-4b29-4fcb-bbea-f84b219f114c"
        ],
        "Accept-Language": [
          "en-US"
        ],
        "User-Agent": [
          "FxVersion/4.700.22.55902",
          "OSName/Windows",
          "OSVersion/Microsoft.Windows.10.0.22621",
          "Microsoft.Azure.Management.Resources.DeploymentStacksClient/6.8.0"
        ],
        "Content-Type": [
          "application/json; charset=utf-8"
        ],
        "Content-Length": [
          "627"
        ]
      },
      "RequestBody": "{\r\n  \"tags\": {\r\n    \"key2\": \"value2\",\r\n    \"key1\": \"value1\"\r\n  },\r\n  \"properties\": {\r\n    \"template\": {\r\n      \"$schema\": \"http://schema.management.azure.com/schemas/2015-01-01/deploymentTemplate.json#\",\r\n      \"contentVersion\": \"1.0.0.0\",\r\n      \"parameters\": {},\r\n      \"variables\": {},\r\n      \"resources\": [],\r\n      \"outputs\": {}\r\n    },\r\n    \"parameters\": {},\r\n    \"actionOnUnmanage\": {\r\n      \"resources\": \"detach\",\r\n      \"resourceGroups\": \"detach\",\r\n      \"managementGroups\": \"detach\"\r\n    },\r\n    \"description\": \"A Stack\",\r\n    \"denySettings\": {\r\n      \"mode\": \"None\",\r\n      \"applyToChildScopes\": false\r\n    }\r\n  }\r\n}",
      "ResponseHeaders": {
        "Cache-Control": [
          "no-cache"
        ],
        "Pragma": [
          "no-cache"
        ],
        "Retry-After": [
          "0"
        ],
        "Azure-AsyncOperation": [
          "https://management.azure.com/subscriptions/a1bfa635-f2bf-42f1-86b5-848c674fc321/providers/Microsoft.Resources/locations/westus2/deploymentStackOperationStatus/40b6a67f-06ff-4d19-8dc2-e8ab533c746c?api-version=2022-08-01-preview&t=2023-07-13T22%3a14%3a06&c=MIIHHjCCBgagAwIBAgITfwFcc8LHb1vL7ITaVQAEAVxzwjANBgkqhkiG9w0BAQsFADBEMRMwEQYKCZImiZPyLGQBGRYDR0JMMRMwEQYKCZImiZPyLGQBGRYDQU1FMRgwFgYDVQQDEw9BTUUgSW5mcmEgQ0EgMDIwHhcNMjMwNTA0MDAxOTM3WhcNMjQwNDI4MDAxOTM3WjBAMT4wPAYDVQQDEzVhc3luY29wZXJhdGlvbnNpZ25pbmdjZXJ0aWZpY2F0ZS5tYW5hZ2VtZW50LmF6dXJlLmNvbTCCASIwDQYJKoZIhvcNAQEBBQADggEPADCCAQoCggEBAO9S-7ehkxQoCtPSttMML0agLWjgVt8ff-FSCrza-Lr8k3yV5CtTlAKSU8hnEnzA9YGaQofArx5AZsXsS7WA8UqEMLabHdpxOZ3YEaaLEh8Qsq43erF1KaDjxjlS4zTaIlntpR65kNwG_C8DQC7sHsnaXKJuZpnGOCoLydTLmfCXgDSXgiXA-6TKpSD0AN-7CvTgy8NFYmhBsdj4K5cedwZXnS1dC-SGQdGm5A090ZG5SzMDOj0Qf_FQvKKkN2wGp9DjGdiQuYjTfUMixIBVGcrG0JS8YpOU9rJ8VPSIC2BRb4VNs3CLM8A3JTMIwWLY9DdIRaXjuJSJwwR71qO7Vh0CAwEAAaOCBAswggQHMCcGCSsGAQQBgjcVCgQaMBgwCgYIKwYBBQUHAwEwCgYIKwYBBQUHAwIwPQYJKwYBBAGCNxUHBDAwLgYmKwYBBAGCNxUIhpDjDYTVtHiE8Ys-hZvdFs6dEoFggvX2K4Py0SACAWQCAQowggHaBggrBgEFBQcBAQSCAcwwggHIMGYGCCsGAQUFBzAChlpodHRwOi8vY3JsLm1pY3Jvc29mdC5jb20vcGtpaW5mcmEvQ2VydHMvQkwyUEtJSU5UQ0EwMS5BTUUuR0JMX0FNRSUyMEluZnJhJTIwQ0ElMjAwMig0KS5jcnQwVgYIKwYBBQUHMAKGSmh0dHA6Ly9jcmwxLmFtZS5nYmwvYWlhL0JMMlBLSUlOVENBMDEuQU1FLkdCTF9BTUUlMjBJbmZyYSUyMENBJTIwMDIoNCkuY3J0MFYGCCsGAQUFBzAChkpodHRwOi8vY3JsMi5hbWUuZ2JsL2FpYS9CTDJQS0lJTlRDQTAxLkFNRS5HQkxfQU1FJTIwSW5mcmElMjBDQSUyMDAyKDQpLmNydDBWBggrBgEFBQcwAoZKaHR0cDovL2NybDMuYW1lLmdibC9haWEvQkwyUEtJSU5UQ0EwMS5BTUUuR0JMX0FNRSUyMEluZnJhJTIwQ0ElMjAwMig0KS5jcnQwVgYIKwYBBQUHMAKGSmh0dHA6Ly9jcmw0LmFtZS5nYmwvYWlhL0JMMlBLSUlOVENBMDEuQU1FLkdCTF9BTUUlMjBJbmZyYSUyMENBJTIwMDIoNCkuY3J0MB0GA1UdDgQWBBR0_dsGipuRvjATtjEK0CXfsdKY_jAOBgNVHQ8BAf8EBAMCBaAwggE1BgNVHR8EggEsMIIBKDCCASSgggEgoIIBHIZCaHR0cDovL2NybC5taWNyb3NvZnQuY29tL3BraWluZnJhL0NSTC9BTUUlMjBJbmZyYSUyMENBJTIwMDIoNCkuY3JshjRodHRwOi8vY3JsMS5hbWUuZ2JsL2NybC9BTUUlMjBJbmZyYSUyMENBJTIwMDIoNCkuY3JshjRodHRwOi8vY3JsMi5hbWUuZ2JsL2NybC9BTUUlMjBJbmZyYSUyMENBJTIwMDIoNCkuY3JshjRodHRwOi8vY3JsMy5hbWUuZ2JsL2NybC9BTUUlMjBJbmZyYSUyMENBJTIwMDIoNCkuY3JshjRodHRwOi8vY3JsNC5hbWUuZ2JsL2NybC9BTUUlMjBJbmZyYSUyMENBJTIwMDIoNCkuY3JsMBcGA1UdIAQQMA4wDAYKKwYBBAGCN3sBATAfBgNVHSMEGDAWgBSuecJrXSWIEwb2BwnDl3x7l48dVTAdBgNVHSUEFjAUBggrBgEFBQcDAQYIKwYBBQUHAwIwDQYJKoZIhvcNAQELBQADggEBAFbpheDYPWEwuDXvrVwddrU7Xb1OJNmWjYpTfs3lbdJNzYLSxFeZszT5xCnxqivIGuLs2lMDg33wvYXdWOmUS-dgTWRX0TGmECiJhu2-PuXM48mrt1TPkWEUEYzkEltOoISUmKpN6mdWc3aACW4ujKs9PAHF-xpOxeplZCSiyWiSQfr77A0TWufAP4FFJDrL-sqf7r_FRW9wa0-Ct4fsIMFX1FxKeTBUw6J5rXWeY688S68Xwpo2ewuBMTMflQO9Y7ACBvnyz7GJfscGrnxdXznFiwRY6JvZxbcnjvNOf7tiB3CiPhp-7Y5Wr-sC5_KanwGiT76vbZgcSOSPvjUulbg&s=Mwsbi9Ua6fKlI4F9aWHg3lwHC3P4_l3QjWhzlNai2vi6eORQsg37vd2dFbmGlxYST5AtPPLWcqEhprwm-DXadDyFkvyPOIN0LXp4hPg78Zk0tjxdZ5VYg-F6DiAoTZwoPXSyJFVTa97ECTnvbRiuTRqoo9B2GxaThQuX5bG9kNTpG9uER8PziouPGTHFHyTElsyTAkZzoYKaeuXQjNnXLUj1q4Zgt4VxocuuDyYty1TojK69IRC0bOHXFHmKx2vvosVnaqocnvyBUEBuOnRNudKr92M-ov4S34ckFJCtSjxn0K_vlZw_7YmoPktcHtIX4VrCOcHYosqlbRqg_zx6MA&h=peD2W20e6pG8MxdAPIrVO00sLpRYzd0Kg1UlcdOnS48"
        ],
        "x-ms-request-id": [
          "5de1e1c0-63c0-4cb6-9865-1291a427d218"
        ],
        "Server": [
          "Microsoft-HTTPAPI/2.0"
        ],
        "x-ms-ratelimit-remaining-subscription-writes": [
          "1199"
        ],
        "x-ms-correlation-request-id": [
          "5526072f-4860-42c5-b9bb-ef0a4ef2769c"
        ],
        "x-ms-routing-request-id": [
          "WESTUS:20230713T221406Z:5526072f-4860-42c5-b9bb-ef0a4ef2769c"
        ],
        "Strict-Transport-Security": [
          "max-age=31536000; includeSubDomains"
        ],
        "X-Content-Type-Options": [
          "nosniff"
        ],
        "Date": [
          "Thu, 13 Jul 2023 22:14:06 GMT"
        ],
        "Content-Length": [
          "1062"
        ],
        "Content-Type": [
          "application/json; charset=utf-8"
        ],
        "Expires": [
          "-1"
        ]
      },
      "ResponseBody": "{\r\n  \"tags\": {\r\n    \"key2\": \"value2\",\r\n    \"key1\": \"value1\"\r\n  },\r\n  \"properties\": {\r\n    \"actionOnUnmanage\": {\r\n      \"resources\": \"detach\",\r\n      \"resourceGroups\": \"detach\",\r\n      \"managementGroups\": \"detach\"\r\n    },\r\n    \"description\": \"A Stack\",\r\n    \"denySettings\": {\r\n      \"mode\": \"none\",\r\n      \"applyToChildScopes\": false\r\n    },\r\n    \"parameters\": {},\r\n    \"resources\": [],\r\n    \"provisioningState\": \"initializing\",\r\n    \"detachedResources\": [],\r\n    \"deletedResources\": [],\r\n    \"failedResources\": []\r\n  },\r\n  \"systemData\": {\r\n    \"createdBy\": \"546094f3-32fa-493c-824c-bd9575b0d2fe\",\r\n    \"createdByType\": \"Application\",\r\n    \"createdAt\": \"2023-07-13T22:13:50.1992332Z\",\r\n    \"lastModifiedBy\": \"546094f3-32fa-493c-824c-bd9575b0d2fe\",\r\n    \"lastModifiedByType\": \"Application\",\r\n    \"lastModifiedAt\": \"2023-07-13T22:14:06.4653975Z\"\r\n  },\r\n  \"id\": \"/subscriptions/a1bfa635-f2bf-42f1-86b5-848c674fc321/resourceGroups/ps3501/providers/Microsoft.Resources/deploymentStacks/ps2407\",\r\n  \"type\": \"Microsoft.Resources/deploymentStacks\",\r\n  \"name\": \"ps2407\"\r\n}",
      "StatusCode": 200
    },
    {
      "RequestUri": "/subscriptions/a1bfa635-f2bf-42f1-86b5-848c674fc321/resourceGroups/ps3501/providers/Microsoft.Resources/deploymentStacks/ps2407?api-version=2022-08-01-preview",
      "EncodedRequestUri": "L3N1YnNjcmlwdGlvbnMvYTFiZmE2MzUtZjJiZi00MmYxLTg2YjUtODQ4YzY3NGZjMzIxL3Jlc291cmNlR3JvdXBzL3BzMzUwMS9wcm92aWRlcnMvTWljcm9zb2Z0LlJlc291cmNlcy9kZXBsb3ltZW50U3RhY2tzL3BzMjQwNz9hcGktdmVyc2lvbj0yMDIyLTA4LTAxLXByZXZpZXc=",
      "RequestMethod": "PUT",
      "RequestHeaders": {
        "x-ms-client-request-id": [
          "ac63abe1-fa5e-48f4-bc32-0fac3e43326b"
        ],
        "Accept-Language": [
          "en-US"
        ],
        "User-Agent": [
          "FxVersion/4.700.22.55902",
          "OSName/Windows",
          "OSVersion/Microsoft.Windows.10.0.22621",
          "Microsoft.Azure.Management.Resources.DeploymentStacksClient/6.8.0"
        ],
        "Content-Type": [
          "application/json; charset=utf-8"
        ],
        "Content-Length": [
          "578"
        ]
      },
      "RequestBody": "{\r\n  \"tags\": {},\r\n  \"properties\": {\r\n    \"template\": {\r\n      \"$schema\": \"http://schema.management.azure.com/schemas/2015-01-01/deploymentTemplate.json#\",\r\n      \"contentVersion\": \"1.0.0.0\",\r\n      \"parameters\": {},\r\n      \"variables\": {},\r\n      \"resources\": [],\r\n      \"outputs\": {}\r\n    },\r\n    \"parameters\": {},\r\n    \"actionOnUnmanage\": {\r\n      \"resources\": \"detach\",\r\n      \"resourceGroups\": \"detach\",\r\n      \"managementGroups\": \"detach\"\r\n    },\r\n    \"description\": \"A Stack\",\r\n    \"denySettings\": {\r\n      \"mode\": \"None\",\r\n      \"applyToChildScopes\": false\r\n    }\r\n  }\r\n}",
      "ResponseHeaders": {
        "Cache-Control": [
          "no-cache"
        ],
        "Pragma": [
          "no-cache"
        ],
        "Retry-After": [
          "0"
        ],
        "Azure-AsyncOperation": [
          "https://management.azure.com/subscriptions/a1bfa635-f2bf-42f1-86b5-848c674fc321/providers/Microsoft.Resources/locations/westus2/deploymentStackOperationStatus/24958e08-1fc1-4d4d-bc33-01b3578fde70?api-version=2022-08-01-preview&t=2023-07-13T22%3a14%3a22&c=MIIHHjCCBgagAwIBAgITfwFcc8LHb1vL7ITaVQAEAVxzwjANBgkqhkiG9w0BAQsFADBEMRMwEQYKCZImiZPyLGQBGRYDR0JMMRMwEQYKCZImiZPyLGQBGRYDQU1FMRgwFgYDVQQDEw9BTUUgSW5mcmEgQ0EgMDIwHhcNMjMwNTA0MDAxOTM3WhcNMjQwNDI4MDAxOTM3WjBAMT4wPAYDVQQDEzVhc3luY29wZXJhdGlvbnNpZ25pbmdjZXJ0aWZpY2F0ZS5tYW5hZ2VtZW50LmF6dXJlLmNvbTCCASIwDQYJKoZIhvcNAQEBBQADggEPADCCAQoCggEBAO9S-7ehkxQoCtPSttMML0agLWjgVt8ff-FSCrza-Lr8k3yV5CtTlAKSU8hnEnzA9YGaQofArx5AZsXsS7WA8UqEMLabHdpxOZ3YEaaLEh8Qsq43erF1KaDjxjlS4zTaIlntpR65kNwG_C8DQC7sHsnaXKJuZpnGOCoLydTLmfCXgDSXgiXA-6TKpSD0AN-7CvTgy8NFYmhBsdj4K5cedwZXnS1dC-SGQdGm5A090ZG5SzMDOj0Qf_FQvKKkN2wGp9DjGdiQuYjTfUMixIBVGcrG0JS8YpOU9rJ8VPSIC2BRb4VNs3CLM8A3JTMIwWLY9DdIRaXjuJSJwwR71qO7Vh0CAwEAAaOCBAswggQHMCcGCSsGAQQBgjcVCgQaMBgwCgYIKwYBBQUHAwEwCgYIKwYBBQUHAwIwPQYJKwYBBAGCNxUHBDAwLgYmKwYBBAGCNxUIhpDjDYTVtHiE8Ys-hZvdFs6dEoFggvX2K4Py0SACAWQCAQowggHaBggrBgEFBQcBAQSCAcwwggHIMGYGCCsGAQUFBzAChlpodHRwOi8vY3JsLm1pY3Jvc29mdC5jb20vcGtpaW5mcmEvQ2VydHMvQkwyUEtJSU5UQ0EwMS5BTUUuR0JMX0FNRSUyMEluZnJhJTIwQ0ElMjAwMig0KS5jcnQwVgYIKwYBBQUHMAKGSmh0dHA6Ly9jcmwxLmFtZS5nYmwvYWlhL0JMMlBLSUlOVENBMDEuQU1FLkdCTF9BTUUlMjBJbmZyYSUyMENBJTIwMDIoNCkuY3J0MFYGCCsGAQUFBzAChkpodHRwOi8vY3JsMi5hbWUuZ2JsL2FpYS9CTDJQS0lJTlRDQTAxLkFNRS5HQkxfQU1FJTIwSW5mcmElMjBDQSUyMDAyKDQpLmNydDBWBggrBgEFBQcwAoZKaHR0cDovL2NybDMuYW1lLmdibC9haWEvQkwyUEtJSU5UQ0EwMS5BTUUuR0JMX0FNRSUyMEluZnJhJTIwQ0ElMjAwMig0KS5jcnQwVgYIKwYBBQUHMAKGSmh0dHA6Ly9jcmw0LmFtZS5nYmwvYWlhL0JMMlBLSUlOVENBMDEuQU1FLkdCTF9BTUUlMjBJbmZyYSUyMENBJTIwMDIoNCkuY3J0MB0GA1UdDgQWBBR0_dsGipuRvjATtjEK0CXfsdKY_jAOBgNVHQ8BAf8EBAMCBaAwggE1BgNVHR8EggEsMIIBKDCCASSgggEgoIIBHIZCaHR0cDovL2NybC5taWNyb3NvZnQuY29tL3BraWluZnJhL0NSTC9BTUUlMjBJbmZyYSUyMENBJTIwMDIoNCkuY3JshjRodHRwOi8vY3JsMS5hbWUuZ2JsL2NybC9BTUUlMjBJbmZyYSUyMENBJTIwMDIoNCkuY3JshjRodHRwOi8vY3JsMi5hbWUuZ2JsL2NybC9BTUUlMjBJbmZyYSUyMENBJTIwMDIoNCkuY3JshjRodHRwOi8vY3JsMy5hbWUuZ2JsL2NybC9BTUUlMjBJbmZyYSUyMENBJTIwMDIoNCkuY3JshjRodHRwOi8vY3JsNC5hbWUuZ2JsL2NybC9BTUUlMjBJbmZyYSUyMENBJTIwMDIoNCkuY3JsMBcGA1UdIAQQMA4wDAYKKwYBBAGCN3sBATAfBgNVHSMEGDAWgBSuecJrXSWIEwb2BwnDl3x7l48dVTAdBgNVHSUEFjAUBggrBgEFBQcDAQYIKwYBBQUHAwIwDQYJKoZIhvcNAQELBQADggEBAFbpheDYPWEwuDXvrVwddrU7Xb1OJNmWjYpTfs3lbdJNzYLSxFeZszT5xCnxqivIGuLs2lMDg33wvYXdWOmUS-dgTWRX0TGmECiJhu2-PuXM48mrt1TPkWEUEYzkEltOoISUmKpN6mdWc3aACW4ujKs9PAHF-xpOxeplZCSiyWiSQfr77A0TWufAP4FFJDrL-sqf7r_FRW9wa0-Ct4fsIMFX1FxKeTBUw6J5rXWeY688S68Xwpo2ewuBMTMflQO9Y7ACBvnyz7GJfscGrnxdXznFiwRY6JvZxbcnjvNOf7tiB3CiPhp-7Y5Wr-sC5_KanwGiT76vbZgcSOSPvjUulbg&s=BoB03t7s_vpmsQDh-ylgg9BTnA_x-0SJzj9-cxA5MyboFByTUM9lsA3rS9pXmwADqzbpK5l7BjrCGrnEVfmaBFC1zmTpC8MbvBtCSm8zj8A2g-dx0pw9_XbLa05sJqUB3MeuSOHPoXClvlT3pvo037qxeo1IIhZHi4okr3NWdAK2rnWQkn62bxxlhfjQmpoC0RCjgKmamkxPsHDfBDPeguyhY178T_lfEd0ueecgFwlNuTzjjt-roI0Gh6d_bqT065FSPlDTGe6Gu6YRSdsNwZkzcfqTpEwNxlOucOKwhzeIjFZkXTdVuDwgjOurg0V3RsH6C8cFD6TMSskHBEdj9Q&h=4jLuvCqU40vqkPThpZtjYh2GLEBYr_F-fcPjnC3qJZs"
        ],
        "x-ms-request-id": [
          "b39583e4-10fd-423c-9e5d-aedaa7a76c8f"
        ],
        "Server": [
          "Microsoft-HTTPAPI/2.0"
        ],
        "x-ms-ratelimit-remaining-subscription-writes": [
          "1199"
        ],
        "x-ms-correlation-request-id": [
          "236622b8-3dac-46b7-aceb-52a70aa6650a"
        ],
        "x-ms-routing-request-id": [
          "WESTUS:20230713T221423Z:236622b8-3dac-46b7-aceb-52a70aa6650a"
        ],
        "Strict-Transport-Security": [
          "max-age=31536000; includeSubDomains"
        ],
        "X-Content-Type-Options": [
          "nosniff"
        ],
        "Date": [
          "Thu, 13 Jul 2023 22:14:22 GMT"
        ],
        "Content-Length": [
          "1013"
        ],
        "Content-Type": [
          "application/json; charset=utf-8"
        ],
        "Expires": [
          "-1"
        ]
      },
      "ResponseBody": "{\r\n  \"tags\": {},\r\n  \"properties\": {\r\n    \"actionOnUnmanage\": {\r\n      \"resources\": \"detach\",\r\n      \"resourceGroups\": \"detach\",\r\n      \"managementGroups\": \"detach\"\r\n    },\r\n    \"description\": \"A Stack\",\r\n    \"denySettings\": {\r\n      \"mode\": \"none\",\r\n      \"applyToChildScopes\": false\r\n    },\r\n    \"parameters\": {},\r\n    \"resources\": [],\r\n    \"provisioningState\": \"initializing\",\r\n    \"detachedResources\": [],\r\n    \"deletedResources\": [],\r\n    \"failedResources\": []\r\n  },\r\n  \"systemData\": {\r\n    \"createdBy\": \"546094f3-32fa-493c-824c-bd9575b0d2fe\",\r\n    \"createdByType\": \"Application\",\r\n    \"createdAt\": \"2023-07-13T22:13:50.1992332Z\",\r\n    \"lastModifiedBy\": \"546094f3-32fa-493c-824c-bd9575b0d2fe\",\r\n    \"lastModifiedByType\": \"Application\",\r\n    \"lastModifiedAt\": \"2023-07-13T22:14:22.7829742Z\"\r\n  },\r\n  \"id\": \"/subscriptions/a1bfa635-f2bf-42f1-86b5-848c674fc321/resourceGroups/ps3501/providers/Microsoft.Resources/deploymentStacks/ps2407\",\r\n  \"type\": \"Microsoft.Resources/deploymentStacks\",\r\n  \"name\": \"ps2407\"\r\n}",
      "StatusCode": 200
    },
    {
      "RequestUri": "/subscriptions/a1bfa635-f2bf-42f1-86b5-848c674fc321/resourcegroups/ps3501/deployments/ps2407-2023-07-13-22-13-50-63263/operations?api-version=2022-09-01",
      "EncodedRequestUri": "L3N1YnNjcmlwdGlvbnMvYTFiZmE2MzUtZjJiZi00MmYxLTg2YjUtODQ4YzY3NGZjMzIxL3Jlc291cmNlZ3JvdXBzL3BzMzUwMS9kZXBsb3ltZW50cy9wczI0MDctMjAyMy0wNy0xMy0yMi0xMy01MC02MzI2My9vcGVyYXRpb25zP2FwaS12ZXJzaW9uPTIwMjItMDktMDE=",
      "RequestMethod": "GET",
      "RequestHeaders": {
        "x-ms-client-request-id": [
          "d47d0b70-2a82-4f71-9380-134d82187479"
        ],
        "Accept-Language": [
          "en-US"
        ],
        "User-Agent": [
          "FxVersion/4.700.22.55902",
          "OSName/Windows",
          "OSVersion/Microsoft.Windows.10.0.22621",
          "Microsoft.Azure.Management.Resources.ResourceManagementClient/6.8.0"
        ]
      },
      "RequestBody": "",
      "ResponseHeaders": {
        "Cache-Control": [
          "no-cache"
        ],
        "Pragma": [
          "no-cache"
        ],
        "x-ms-ratelimit-remaining-subscription-reads": [
          "11999"
        ],
        "x-ms-request-id": [
          "7ea1c92e-90b2-4426-acfd-2b580d7f2935"
        ],
        "x-ms-correlation-request-id": [
          "7ea1c92e-90b2-4426-acfd-2b580d7f2935"
        ],
        "x-ms-routing-request-id": [
          "WESTUS:20230713T221400Z:7ea1c92e-90b2-4426-acfd-2b580d7f2935"
        ],
        "Strict-Transport-Security": [
          "max-age=31536000; includeSubDomains"
        ],
        "X-Content-Type-Options": [
          "nosniff"
        ],
        "Date": [
          "Thu, 13 Jul 2023 22:14:00 GMT"
        ],
        "Content-Type": [
          "application/json; charset=utf-8"
        ],
        "Expires": [
          "-1"
        ],
        "Content-Length": [
          "475"
        ],
        "Retry-After": [
          "0"
        ]
      },
      "ResponseBody": "{\r\n  \"value\": [\r\n    {\r\n      \"id\": \"/subscriptions/a1bfa635-f2bf-42f1-86b5-848c674fc321/resourceGroups/ps3501/providers/Microsoft.Resources/deployments/ps2407-2023-07-13-22-13-50-63263/operations/08585123204530914416\",\r\n      \"operationId\": \"08585123204530914416\",\r\n      \"properties\": {\r\n        \"provisioningOperation\": \"EvaluateDeploymentOutput\",\r\n        \"provisioningState\": \"Succeeded\",\r\n        \"timestamp\": \"2023-07-13T22:13:54.2651812Z\",\r\n        \"duration\": \"PT0.5496058S\",\r\n        \"trackingId\": \"694cc1a7-1f64-4d46-8cf1-4e146bf4711d\",\r\n        \"statusCode\": \"OK\"\r\n      }\r\n    }\r\n  ]\r\n}",
      "StatusCode": 200
    },
    {
      "RequestUri": "/subscriptions/a1bfa635-f2bf-42f1-86b5-848c674fc321/resourcegroups/ps3501/providers/Microsoft.Resources/deployments/ps2407-2023-07-13-22-13-50-63263?api-version=2022-09-01",
      "EncodedRequestUri": "L3N1YnNjcmlwdGlvbnMvYTFiZmE2MzUtZjJiZi00MmYxLTg2YjUtODQ4YzY3NGZjMzIxL3Jlc291cmNlZ3JvdXBzL3BzMzUwMS9wcm92aWRlcnMvTWljcm9zb2Z0LlJlc291cmNlcy9kZXBsb3ltZW50cy9wczI0MDctMjAyMy0wNy0xMy0yMi0xMy01MC02MzI2Mz9hcGktdmVyc2lvbj0yMDIyLTA5LTAx",
      "RequestMethod": "GET",
      "RequestHeaders": {
        "x-ms-client-request-id": [
          "d47d0b70-2a82-4f71-9380-134d82187479"
        ],
        "Accept-Language": [
          "en-US"
        ],
        "User-Agent": [
          "FxVersion/4.700.22.55902",
          "OSName/Windows",
          "OSVersion/Microsoft.Windows.10.0.22621",
          "Microsoft.Azure.Management.Resources.ResourceManagementClient/6.8.0"
        ]
      },
      "RequestBody": "",
      "ResponseHeaders": {
        "Cache-Control": [
          "no-cache"
        ],
        "Pragma": [
          "no-cache"
        ],
        "x-ms-ratelimit-remaining-subscription-reads": [
          "11998"
        ],
        "x-ms-request-id": [
          "9609a3b6-dc52-4f92-8908-4280c4c1ad81"
        ],
        "x-ms-correlation-request-id": [
          "9609a3b6-dc52-4f92-8908-4280c4c1ad81"
        ],
        "x-ms-routing-request-id": [
          "WESTUS:20230713T221400Z:9609a3b6-dc52-4f92-8908-4280c4c1ad81"
        ],
        "Strict-Transport-Security": [
          "max-age=31536000; includeSubDomains"
        ],
        "X-Content-Type-Options": [
          "nosniff"
        ],
        "Date": [
          "Thu, 13 Jul 2023 22:14:00 GMT"
        ],
        "Content-Type": [
          "application/json; charset=utf-8"
        ],
        "Expires": [
          "-1"
        ],
        "Content-Length": [
          "553"
        ],
        "Retry-After": [
          "0"
        ]
      },
      "ResponseBody": "{\r\n  \"id\": \"/subscriptions/a1bfa635-f2bf-42f1-86b5-848c674fc321/resourceGroups/ps3501/providers/Microsoft.Resources/deployments/ps2407-2023-07-13-22-13-50-63263\",\r\n  \"name\": \"ps2407-2023-07-13-22-13-50-63263\",\r\n  \"type\": \"Microsoft.Resources/deployments\",\r\n  \"properties\": {\r\n    \"templateHash\": \"10147608604393588405\",\r\n    \"parameters\": {},\r\n    \"mode\": \"Incremental\",\r\n    \"provisioningState\": \"Succeeded\",\r\n    \"timestamp\": \"2023-07-13T22:13:54.3932755Z\",\r\n    \"duration\": \"PT1.9909002S\",\r\n    \"correlationId\": \"33ada9e2-7a24-43b6-9e89-018d203a67e6\",\r\n    \"providers\": [],\r\n    \"dependencies\": [],\r\n    \"outputs\": {},\r\n    \"outputResources\": []\r\n  }\r\n}",
      "StatusCode": 200
    },
    {
      "RequestUri": "/subscriptions/a1bfa635-f2bf-42f1-86b5-848c674fc321/resourcegroups/ps3501/deployments/ps2407-2023-07-13-22-14-06-f7557/operations?api-version=2022-09-01",
      "EncodedRequestUri": "L3N1YnNjcmlwdGlvbnMvYTFiZmE2MzUtZjJiZi00MmYxLTg2YjUtODQ4YzY3NGZjMzIxL3Jlc291cmNlZ3JvdXBzL3BzMzUwMS9kZXBsb3ltZW50cy9wczI0MDctMjAyMy0wNy0xMy0yMi0xNC0wNi1mNzU1Ny9vcGVyYXRpb25zP2FwaS12ZXJzaW9uPTIwMjItMDktMDE=",
      "RequestMethod": "GET",
      "RequestHeaders": {
        "x-ms-client-request-id": [
          "1528266d-4b29-4fcb-bbea-f84b219f114c"
        ],
        "Accept-Language": [
          "en-US"
        ],
        "User-Agent": [
          "FxVersion/4.700.22.55902",
          "OSName/Windows",
          "OSVersion/Microsoft.Windows.10.0.22621",
          "Microsoft.Azure.Management.Resources.ResourceManagementClient/6.8.0"
        ]
      },
      "RequestBody": "",
      "ResponseHeaders": {
        "Cache-Control": [
          "no-cache"
        ],
        "Pragma": [
          "no-cache"
        ],
        "x-ms-ratelimit-remaining-subscription-reads": [
          "11999"
        ],
        "x-ms-request-id": [
          "0d36cdb1-2628-40fb-95ed-ea2fa4e177b0"
        ],
        "x-ms-correlation-request-id": [
          "0d36cdb1-2628-40fb-95ed-ea2fa4e177b0"
        ],
        "x-ms-routing-request-id": [
          "WESTUS:20230713T221416Z:0d36cdb1-2628-40fb-95ed-ea2fa4e177b0"
        ],
        "Strict-Transport-Security": [
          "max-age=31536000; includeSubDomains"
        ],
        "X-Content-Type-Options": [
          "nosniff"
        ],
        "Date": [
          "Thu, 13 Jul 2023 22:14:16 GMT"
        ],
        "Connection": [
          "close"
        ],
        "Content-Type": [
          "application/json; charset=utf-8"
        ],
        "Expires": [
          "-1"
        ],
        "Content-Length": [
          "474"
        ],
        "Retry-After": [
          "0"
        ]
      },
      "ResponseBody": "{\r\n  \"value\": [\r\n    {\r\n      \"id\": \"/subscriptions/a1bfa635-f2bf-42f1-86b5-848c674fc321/resourceGroups/ps3501/providers/Microsoft.Resources/deployments/ps2407-2023-07-13-22-14-06-f7557/operations/08585123204380047585\",\r\n      \"operationId\": \"08585123204380047585\",\r\n      \"properties\": {\r\n        \"provisioningOperation\": \"EvaluateDeploymentOutput\",\r\n        \"provisioningState\": \"Succeeded\",\r\n        \"timestamp\": \"2023-07-13T22:14:07.673225Z\",\r\n        \"duration\": \"PT0.0808401S\",\r\n        \"trackingId\": \"b0345705-e45b-4321-8c21-1a98504663e7\",\r\n        \"statusCode\": \"OK\"\r\n      }\r\n    }\r\n  ]\r\n}",
      "StatusCode": 200
    },
    {
      "RequestUri": "/subscriptions/a1bfa635-f2bf-42f1-86b5-848c674fc321/resourcegroups/ps3501/providers/Microsoft.Resources/deployments/ps2407-2023-07-13-22-14-06-f7557?api-version=2022-09-01",
      "EncodedRequestUri": "L3N1YnNjcmlwdGlvbnMvYTFiZmE2MzUtZjJiZi00MmYxLTg2YjUtODQ4YzY3NGZjMzIxL3Jlc291cmNlZ3JvdXBzL3BzMzUwMS9wcm92aWRlcnMvTWljcm9zb2Z0LlJlc291cmNlcy9kZXBsb3ltZW50cy9wczI0MDctMjAyMy0wNy0xMy0yMi0xNC0wNi1mNzU1Nz9hcGktdmVyc2lvbj0yMDIyLTA5LTAx",
      "RequestMethod": "GET",
      "RequestHeaders": {
        "x-ms-client-request-id": [
          "1528266d-4b29-4fcb-bbea-f84b219f114c"
        ],
        "Accept-Language": [
          "en-US"
        ],
        "User-Agent": [
          "FxVersion/4.700.22.55902",
          "OSName/Windows",
          "OSVersion/Microsoft.Windows.10.0.22621",
          "Microsoft.Azure.Management.Resources.ResourceManagementClient/6.8.0"
        ]
      },
      "RequestBody": "",
      "ResponseHeaders": {
        "Cache-Control": [
          "no-cache"
        ],
        "Pragma": [
          "no-cache"
        ],
        "x-ms-ratelimit-remaining-subscription-reads": [
          "11999"
        ],
        "x-ms-request-id": [
          "7cd37036-ac4b-47e8-9c5f-44ae4c806010"
        ],
        "x-ms-correlation-request-id": [
          "7cd37036-ac4b-47e8-9c5f-44ae4c806010"
        ],
        "x-ms-routing-request-id": [
          "WESTUS:20230713T221417Z:7cd37036-ac4b-47e8-9c5f-44ae4c806010"
        ],
        "Strict-Transport-Security": [
          "max-age=31536000; includeSubDomains"
        ],
        "X-Content-Type-Options": [
          "nosniff"
        ],
        "Date": [
          "Thu, 13 Jul 2023 22:14:17 GMT"
        ],
        "Content-Type": [
          "application/json; charset=utf-8"
        ],
        "Expires": [
          "-1"
        ],
        "Content-Length": [
          "553"
        ],
        "Retry-After": [
          "0"
        ]
      },
      "ResponseBody": "{\r\n  \"id\": \"/subscriptions/a1bfa635-f2bf-42f1-86b5-848c674fc321/resourceGroups/ps3501/providers/Microsoft.Resources/deployments/ps2407-2023-07-13-22-14-06-f7557\",\r\n  \"name\": \"ps2407-2023-07-13-22-14-06-f7557\",\r\n  \"type\": \"Microsoft.Resources/deployments\",\r\n  \"properties\": {\r\n    \"templateHash\": \"10147608604393588405\",\r\n    \"parameters\": {},\r\n    \"mode\": \"Incremental\",\r\n    \"provisioningState\": \"Succeeded\",\r\n    \"timestamp\": \"2023-07-13T22:14:07.6919063Z\",\r\n    \"duration\": \"PT0.2014066S\",\r\n    \"correlationId\": \"5526072f-4860-42c5-b9bb-ef0a4ef2769c\",\r\n    \"providers\": [],\r\n    \"dependencies\": [],\r\n    \"outputs\": {},\r\n    \"outputResources\": []\r\n  }\r\n}",
      "StatusCode": 200
    },
    {
      "RequestUri": "/subscriptions/a1bfa635-f2bf-42f1-86b5-848c674fc321/resourcegroups/ps3501/deployments/ps2407-2023-07-13-22-14-22-079e3/operations?api-version=2022-09-01",
      "EncodedRequestUri": "L3N1YnNjcmlwdGlvbnMvYTFiZmE2MzUtZjJiZi00MmYxLTg2YjUtODQ4YzY3NGZjMzIxL3Jlc291cmNlZ3JvdXBzL3BzMzUwMS9kZXBsb3ltZW50cy9wczI0MDctMjAyMy0wNy0xMy0yMi0xNC0yMi0wNzllMy9vcGVyYXRpb25zP2FwaS12ZXJzaW9uPTIwMjItMDktMDE=",
      "RequestMethod": "GET",
      "RequestHeaders": {
        "x-ms-client-request-id": [
          "ac63abe1-fa5e-48f4-bc32-0fac3e43326b"
        ],
        "Accept-Language": [
          "en-US"
        ],
        "User-Agent": [
          "FxVersion/4.700.22.55902",
          "OSName/Windows",
          "OSVersion/Microsoft.Windows.10.0.22621",
          "Microsoft.Azure.Management.Resources.ResourceManagementClient/6.8.0"
        ]
      },
      "RequestBody": "",
      "ResponseHeaders": {
        "Cache-Control": [
          "no-cache"
        ],
        "Pragma": [
          "no-cache"
        ],
        "x-ms-ratelimit-remaining-subscription-reads": [
          "11999"
        ],
        "x-ms-request-id": [
          "6ae7c7bf-63cf-46d9-927c-df80580cfc53"
        ],
        "x-ms-correlation-request-id": [
          "6ae7c7bf-63cf-46d9-927c-df80580cfc53"
        ],
        "x-ms-routing-request-id": [
          "WESTUS:20230713T221433Z:6ae7c7bf-63cf-46d9-927c-df80580cfc53"
        ],
        "Strict-Transport-Security": [
          "max-age=31536000; includeSubDomains"
        ],
        "X-Content-Type-Options": [
          "nosniff"
        ],
        "Date": [
          "Thu, 13 Jul 2023 22:14:33 GMT"
        ],
        "Content-Type": [
          "application/json; charset=utf-8"
        ],
        "Expires": [
          "-1"
        ],
        "Content-Length": [
          "473"
        ],
        "Retry-After": [
          "0"
        ]
      },
      "ResponseBody": "{\r\n  \"value\": [\r\n    {\r\n      \"id\": \"/subscriptions/a1bfa635-f2bf-42f1-86b5-848c674fc321/resourceGroups/ps3501/providers/Microsoft.Resources/deployments/ps2407-2023-07-13-22-14-22-079e3/operations/08585123204206153527\",\r\n      \"operationId\": \"08585123204206153527\",\r\n      \"properties\": {\r\n        \"provisioningOperation\": \"EvaluateDeploymentOutput\",\r\n        \"provisioningState\": \"Succeeded\",\r\n        \"timestamp\": \"2023-07-13T22:14:25.060513Z\",\r\n        \"duration\": \"PT0.078882S\",\r\n        \"trackingId\": \"7fab9838-abe1-4c2f-8eca-ac1f284110ad\",\r\n        \"statusCode\": \"OK\"\r\n      }\r\n    }\r\n  ]\r\n}",
      "StatusCode": 200
    },
    {
      "RequestUri": "/subscriptions/a1bfa635-f2bf-42f1-86b5-848c674fc321/resourcegroups/ps3501/providers/Microsoft.Resources/deployments/ps2407-2023-07-13-22-14-22-079e3?api-version=2022-09-01",
      "EncodedRequestUri": "L3N1YnNjcmlwdGlvbnMvYTFiZmE2MzUtZjJiZi00MmYxLTg2YjUtODQ4YzY3NGZjMzIxL3Jlc291cmNlZ3JvdXBzL3BzMzUwMS9wcm92aWRlcnMvTWljcm9zb2Z0LlJlc291cmNlcy9kZXBsb3ltZW50cy9wczI0MDctMjAyMy0wNy0xMy0yMi0xNC0yMi0wNzllMz9hcGktdmVyc2lvbj0yMDIyLTA5LTAx",
      "RequestMethod": "GET",
      "RequestHeaders": {
        "x-ms-client-request-id": [
          "ac63abe1-fa5e-48f4-bc32-0fac3e43326b"
        ],
        "Accept-Language": [
          "en-US"
        ],
        "User-Agent": [
          "FxVersion/4.700.22.55902",
          "OSName/Windows",
          "OSVersion/Microsoft.Windows.10.0.22621",
          "Microsoft.Azure.Management.Resources.ResourceManagementClient/6.8.0"
        ]
      },
      "RequestBody": "",
      "ResponseHeaders": {
        "Cache-Control": [
          "no-cache"
        ],
        "Pragma": [
          "no-cache"
        ],
        "x-ms-ratelimit-remaining-subscription-reads": [
          "11998"
        ],
        "x-ms-request-id": [
          "22c576f5-c131-4060-8342-36179267d92f"
        ],
        "x-ms-correlation-request-id": [
          "22c576f5-c131-4060-8342-36179267d92f"
        ],
        "x-ms-routing-request-id": [
          "WESTUS:20230713T221433Z:22c576f5-c131-4060-8342-36179267d92f"
        ],
        "Strict-Transport-Security": [
          "max-age=31536000; includeSubDomains"
        ],
        "X-Content-Type-Options": [
          "nosniff"
        ],
        "Date": [
          "Thu, 13 Jul 2023 22:14:33 GMT"
        ],
        "Content-Type": [
          "application/json; charset=utf-8"
        ],
        "Expires": [
          "-1"
        ],
        "Content-Length": [
          "553"
        ],
        "Retry-After": [
          "0"
        ]
      },
      "ResponseBody": "{\r\n  \"id\": \"/subscriptions/a1bfa635-f2bf-42f1-86b5-848c674fc321/resourceGroups/ps3501/providers/Microsoft.Resources/deployments/ps2407-2023-07-13-22-14-22-079e3\",\r\n  \"name\": \"ps2407-2023-07-13-22-14-22-079e3\",\r\n  \"type\": \"Microsoft.Resources/deployments\",\r\n  \"properties\": {\r\n    \"templateHash\": \"10147608604393588405\",\r\n    \"parameters\": {},\r\n    \"mode\": \"Incremental\",\r\n    \"provisioningState\": \"Succeeded\",\r\n    \"timestamp\": \"2023-07-13T22:14:25.0831125Z\",\r\n    \"duration\": \"PT0.2065468S\",\r\n    \"correlationId\": \"236622b8-3dac-46b7-aceb-52a70aa6650a\",\r\n    \"providers\": [],\r\n    \"dependencies\": [],\r\n    \"outputs\": {},\r\n    \"outputResources\": []\r\n  }\r\n}",
      "StatusCode": 200
    },
    {
      "RequestUri": "/subscriptions/a1bfa635-f2bf-42f1-86b5-848c674fc321/resourcegroups/ps3501?api-version=2021-04-01",
      "EncodedRequestUri": "L3N1YnNjcmlwdGlvbnMvYTFiZmE2MzUtZjJiZi00MmYxLTg2YjUtODQ4YzY3NGZjMzIxL3Jlc291cmNlZ3JvdXBzL3BzMzUwMT9hcGktdmVyc2lvbj0yMDIxLTA0LTAx",
      "RequestMethod": "DELETE",
      "RequestHeaders": {
        "x-ms-client-request-id": [
          "d475d7e8-0373-48a7-93b1-3ecd23a7874c"
        ],
        "Accept-Language": [
          "en-US"
        ],
        "User-Agent": [
          "FxVersion/4.700.22.55902",
          "OSName/Windows",
          "OSVersion/Microsoft.Windows.10.0.22621",
          "Microsoft.Azure.Management.ResourceManager.ResourceManagementClient/3.17.3.0"
        ]
      },
      "RequestBody": "",
      "ResponseHeaders": {
        "Cache-Control": [
          "no-cache"
        ],
        "Pragma": [
          "no-cache"
        ],
        "Location": [
          "https://management.azure.com/subscriptions/a1bfa635-f2bf-42f1-86b5-848c674fc321/operationresults/eyJqb2JJZCI6IlJFU09VUkNFR1JPVVBERUxFVElPTkpPQi1QUzM1MDEtV0VTVFVTMiIsImpvYkxvY2F0aW9uIjoid2VzdHVzMiJ9?api-version=2021-04-01"
        ],
        "Retry-After": [
          "0"
        ],
        "x-ms-ratelimit-remaining-subscription-deletes": [
          "14999"
        ],
        "x-ms-request-id": [
          "d125770f-1f6d-422c-9e29-55ba3e0c82aa"
        ],
        "x-ms-correlation-request-id": [
          "d125770f-1f6d-422c-9e29-55ba3e0c82aa"
        ],
        "x-ms-routing-request-id": [
          "WESTUS:20230713T221439Z:d125770f-1f6d-422c-9e29-55ba3e0c82aa"
        ],
        "Strict-Transport-Security": [
          "max-age=31536000; includeSubDomains"
        ],
        "X-Content-Type-Options": [
          "nosniff"
        ],
        "Date": [
          "Thu, 13 Jul 2023 22:14:38 GMT"
        ],
        "Expires": [
          "-1"
        ],
        "Content-Length": [
          "0"
        ]
      },
      "ResponseBody": "",
      "StatusCode": 202
    },
    {
      "RequestUri": "/subscriptions/a1bfa635-f2bf-42f1-86b5-848c674fc321/operationresults/eyJqb2JJZCI6IlJFU09VUkNFR1JPVVBERUxFVElPTkpPQi1QUzM1MDEtV0VTVFVTMiIsImpvYkxvY2F0aW9uIjoid2VzdHVzMiJ9?api-version=2021-04-01",
      "EncodedRequestUri": "L3N1YnNjcmlwdGlvbnMvYTFiZmE2MzUtZjJiZi00MmYxLTg2YjUtODQ4YzY3NGZjMzIxL29wZXJhdGlvbnJlc3VsdHMvZXlKcWIySkpaQ0k2SWxKRlUwOVZVa05GUjFKUFZWQkVSVXhGVkVsUFRrcFBRaTFRVXpNMU1ERXRWMFZUVkZWVE1pSXNJbXB2WWt4dlkyRjBhVzl1SWpvaWQyVnpkSFZ6TWlKOT9hcGktdmVyc2lvbj0yMDIxLTA0LTAx",
      "RequestMethod": "GET",
      "RequestHeaders": {
        "x-ms-client-request-id": [
          "d475d7e8-0373-48a7-93b1-3ecd23a7874c"
        ],
        "User-Agent": [
          "FxVersion/4.700.22.55902",
          "OSName/Windows",
          "OSVersion/Microsoft.Windows.10.0.22621",
          "Microsoft.Azure.Management.ResourceManager.ResourceManagementClient/3.17.3.0"
        ]
      },
      "RequestBody": "",
      "ResponseHeaders": {
        "Cache-Control": [
          "no-cache"
        ],
        "Pragma": [
          "no-cache"
        ],
        "x-ms-ratelimit-remaining-subscription-reads": [
          "11998"
        ],
        "x-ms-request-id": [
          "ac323348-9f26-4c27-a962-abc368f8a66c"
        ],
        "x-ms-correlation-request-id": [
          "ac323348-9f26-4c27-a962-abc368f8a66c"
        ],
        "x-ms-routing-request-id": [
          "WESTUS:20230713T221454Z:ac323348-9f26-4c27-a962-abc368f8a66c"
        ],
        "Strict-Transport-Security": [
          "max-age=31536000; includeSubDomains"
        ],
        "X-Content-Type-Options": [
          "nosniff"
        ],
        "Date": [
          "Thu, 13 Jul 2023 22:14:54 GMT"
        ],
        "Expires": [
          "-1"
        ],
        "Content-Length": [
          "0"
        ],
        "Retry-After": [
          "0"
        ]
      },
      "ResponseBody": "",
      "StatusCode": 200
    },
    {
      "RequestUri": "/subscriptions/a1bfa635-f2bf-42f1-86b5-848c674fc321/operationresults/eyJqb2JJZCI6IlJFU09VUkNFR1JPVVBERUxFVElPTkpPQi1QUzM1MDEtV0VTVFVTMiIsImpvYkxvY2F0aW9uIjoid2VzdHVzMiJ9?api-version=2021-04-01",
      "EncodedRequestUri": "L3N1YnNjcmlwdGlvbnMvYTFiZmE2MzUtZjJiZi00MmYxLTg2YjUtODQ4YzY3NGZjMzIxL29wZXJhdGlvbnJlc3VsdHMvZXlKcWIySkpaQ0k2SWxKRlUwOVZVa05GUjFKUFZWQkVSVXhGVkVsUFRrcFBRaTFRVXpNMU1ERXRWMFZUVkZWVE1pSXNJbXB2WWt4dlkyRjBhVzl1SWpvaWQyVnpkSFZ6TWlKOT9hcGktdmVyc2lvbj0yMDIxLTA0LTAx",
      "RequestMethod": "GET",
      "RequestHeaders": {
        "x-ms-client-request-id": [
          "d475d7e8-0373-48a7-93b1-3ecd23a7874c"
        ],
        "User-Agent": [
          "FxVersion/4.700.22.55902",
          "OSName/Windows",
          "OSVersion/Microsoft.Windows.10.0.22621",
          "Microsoft.Azure.Management.ResourceManager.ResourceManagementClient/3.17.3.0"
        ]
      },
      "RequestBody": "",
      "ResponseHeaders": {
        "Cache-Control": [
          "no-cache"
        ],
        "Pragma": [
          "no-cache"
        ],
        "x-ms-ratelimit-remaining-subscription-reads": [
          "11997"
        ],
        "x-ms-request-id": [
          "89eb8102-6ba7-4238-8a91-9a5ef4ff5149"
        ],
        "x-ms-correlation-request-id": [
          "89eb8102-6ba7-4238-8a91-9a5ef4ff5149"
        ],
        "x-ms-routing-request-id": [
          "WESTUS:20230713T221454Z:89eb8102-6ba7-4238-8a91-9a5ef4ff5149"
        ],
        "Strict-Transport-Security": [
          "max-age=31536000; includeSubDomains"
        ],
        "X-Content-Type-Options": [
          "nosniff"
        ],
        "Date": [
          "Thu, 13 Jul 2023 22:14:54 GMT"
        ],
        "Expires": [
          "-1"
        ],
        "Content-Length": [
          "0"
        ],
        "Retry-After": [
          "0"
        ]
      },
      "ResponseBody": "",
      "StatusCode": 200
    }
  ],
  "Names": {
    "Test-NewAndSetResourceGroupDeploymentStackWithTags": [
      "ps3501",
      "ps2407"
    ]
  },
  "Variables": {
    "SubscriptionId": "a1bfa635-f2bf-42f1-86b5-848c674fc321"
  }
}