{
  "Entries": [
    {
      "RequestUri": "/subscriptions/a1bfa635-f2bf-42f1-86b5-848c674fc321/resourcegroups/ps9981?api-version=2021-04-01",
      "EncodedRequestUri": "L3N1YnNjcmlwdGlvbnMvYTFiZmE2MzUtZjJiZi00MmYxLTg2YjUtODQ4YzY3NGZjMzIxL3Jlc291cmNlZ3JvdXBzL3BzOTk4MT9hcGktdmVyc2lvbj0yMDIxLTA0LTAx",
      "RequestMethod": "HEAD",
      "RequestBody": "",
      "RequestHeaders": {
        "x-ms-client-request-id": [
          "6a8cdbaf-97bb-4946-a639-3cc0a27d0997"
        ],
        "Accept-Language": [
          "en-US"
        ],
        "User-Agent": [
          "FxVersion/4.6.30411.01",
          "OSName/Windows",
          "OSVersion/Microsoft.Windows.10.0.22000.",
          "Microsoft.Azure.Management.ResourceManager.ResourceManagementClient/3.13.2.0"
        ]
      },
      "ResponseHeaders": {
        "Cache-Control": [
          "no-cache"
        ],
        "Pragma": [
          "no-cache"
        ],
        "x-ms-failure-cause": [
          "gateway"
        ],
        "x-ms-ratelimit-remaining-subscription-reads": [
          "11999"
        ],
        "x-ms-request-id": [
          "a4a29f50-08f2-4dac-9022-ac1b091e4306"
        ],
        "x-ms-correlation-request-id": [
          "a4a29f50-08f2-4dac-9022-ac1b091e4306"
        ],
        "x-ms-routing-request-id": [
          "EASTUS2:20220425T184345Z:a4a29f50-08f2-4dac-9022-ac1b091e4306"
        ],
        "Strict-Transport-Security": [
          "max-age=31536000; includeSubDomains"
        ],
        "X-Content-Type-Options": [
          "nosniff"
        ],
        "Date": [
          "Mon, 25 Apr 2022 18:43:45 GMT"
        ],
        "Content-Length": [
          "98"
        ],
        "Content-Type": [
          "application/json; charset=utf-8"
        ],
        "Expires": [
          "-1"
        ],
        "Retry-After": [
          "0"
        ]
      },
      "ResponseBody": "",
      "StatusCode": 404
    },
    {
      "RequestUri": "/subscriptions/a1bfa635-f2bf-42f1-86b5-848c674fc321/resourcegroups/ps9981?api-version=2021-04-01",
      "EncodedRequestUri": "L3N1YnNjcmlwdGlvbnMvYTFiZmE2MzUtZjJiZi00MmYxLTg2YjUtODQ4YzY3NGZjMzIxL3Jlc291cmNlZ3JvdXBzL3BzOTk4MT9hcGktdmVyc2lvbj0yMDIxLTA0LTAx",
      "RequestMethod": "HEAD",
      "RequestBody": "",
      "RequestHeaders": {
        "x-ms-client-request-id": [
          "fe0594d2-3b4b-44ec-ad4a-ccfda84d3c2c"
        ],
        "Accept-Language": [
          "en-US"
        ],
        "User-Agent": [
          "FxVersion/4.6.30411.01",
          "OSName/Windows",
          "OSVersion/Microsoft.Windows.10.0.22000.",
          "Microsoft.Azure.Management.ResourceManager.ResourceManagementClient/3.13.2.0"
        ]
      },
      "ResponseHeaders": {
        "Cache-Control": [
          "no-cache"
        ],
        "Pragma": [
          "no-cache"
        ],
        "x-ms-ratelimit-remaining-subscription-reads": [
          "11999"
        ],
        "x-ms-request-id": [
          "f3463bab-3826-45f0-b86e-e885d8f8446d"
        ],
        "x-ms-correlation-request-id": [
          "f3463bab-3826-45f0-b86e-e885d8f8446d"
        ],
        "x-ms-routing-request-id": [
          "EASTUS2:20220425T184405Z:f3463bab-3826-45f0-b86e-e885d8f8446d"
        ],
        "Strict-Transport-Security": [
          "max-age=31536000; includeSubDomains"
        ],
        "X-Content-Type-Options": [
          "nosniff"
        ],
        "Date": [
          "Mon, 25 Apr 2022 18:44:05 GMT"
        ],
        "Content-Length": [
          "0"
        ],
        "Expires": [
          "-1"
        ],
        "Retry-After": [
          "0"
        ]
      },
      "ResponseBody": "",
      "StatusCode": 204
    },
    {
      "RequestUri": "/subscriptions/a1bfa635-f2bf-42f1-86b5-848c674fc321/resourcegroups/ps9981?api-version=2021-04-01",
      "EncodedRequestUri": "L3N1YnNjcmlwdGlvbnMvYTFiZmE2MzUtZjJiZi00MmYxLTg2YjUtODQ4YzY3NGZjMzIxL3Jlc291cmNlZ3JvdXBzL3BzOTk4MT9hcGktdmVyc2lvbj0yMDIxLTA0LTAx",
      "RequestMethod": "HEAD",
      "RequestBody": "",
      "RequestHeaders": {
        "x-ms-client-request-id": [
          "13f9c667-97de-40a5-b05f-8ce756d2603b"
        ],
        "Accept-Language": [
          "en-US"
        ],
        "User-Agent": [
          "FxVersion/4.6.30411.01",
          "OSName/Windows",
          "OSVersion/Microsoft.Windows.10.0.22000.",
          "Microsoft.Azure.Management.ResourceManager.ResourceManagementClient/3.13.2.0"
        ]
      },
      "ResponseHeaders": {
        "Cache-Control": [
          "no-cache"
        ],
        "Pragma": [
          "no-cache"
        ],
        "x-ms-failure-cause": [
          "gateway"
        ],
        "x-ms-ratelimit-remaining-subscription-reads": [
          "11999"
        ],
        "x-ms-request-id": [
          "5823488c-3441-4f82-96c4-3b8ba838d4b8"
        ],
        "x-ms-correlation-request-id": [
          "5823488c-3441-4f82-96c4-3b8ba838d4b8"
        ],
        "x-ms-routing-request-id": [
          "EASTUS2:20220425T184625Z:5823488c-3441-4f82-96c4-3b8ba838d4b8"
        ],
        "Strict-Transport-Security": [
          "max-age=31536000; includeSubDomains"
        ],
        "X-Content-Type-Options": [
          "nosniff"
        ],
        "Date": [
          "Mon, 25 Apr 2022 18:46:24 GMT"
        ],
        "Content-Length": [
          "98"
        ],
        "Content-Type": [
          "application/json; charset=utf-8"
        ],
        "Expires": [
          "-1"
        ],
        "Retry-After": [
          "0"
        ]
      },
      "ResponseBody": "",
      "StatusCode": 404
    },
    {
      "RequestUri": "/subscriptions/a1bfa635-f2bf-42f1-86b5-848c674fc321/resourcegroups/ps9981?api-version=2021-04-01",
      "EncodedRequestUri": "L3N1YnNjcmlwdGlvbnMvYTFiZmE2MzUtZjJiZi00MmYxLTg2YjUtODQ4YzY3NGZjMzIxL3Jlc291cmNlZ3JvdXBzL3BzOTk4MT9hcGktdmVyc2lvbj0yMDIxLTA0LTAx",
      "RequestMethod": "HEAD",
      "RequestBody": "",
      "RequestHeaders": {
        "x-ms-client-request-id": [
          "aad0c87e-8652-47c9-90a1-99d8e809555a"
        ],
        "Accept-Language": [
          "en-US"
        ],
        "User-Agent": [
          "FxVersion/4.6.30411.01",
          "OSName/Windows",
          "OSVersion/Microsoft.Windows.10.0.22000.",
          "Microsoft.Azure.Management.ResourceManager.ResourceManagementClient/3.13.2.0"
        ]
      },
      "ResponseHeaders": {
        "Cache-Control": [
          "no-cache"
        ],
        "Pragma": [
          "no-cache"
        ],
        "x-ms-ratelimit-remaining-subscription-reads": [
          "11999"
        ],
        "x-ms-request-id": [
          "27e41fe7-87d7-4405-9375-1864ca31f28d"
        ],
        "x-ms-correlation-request-id": [
          "27e41fe7-87d7-4405-9375-1864ca31f28d"
        ],
        "x-ms-routing-request-id": [
          "EASTUS2:20220425T184655Z:27e41fe7-87d7-4405-9375-1864ca31f28d"
        ],
        "Strict-Transport-Security": [
          "max-age=31536000; includeSubDomains"
        ],
        "X-Content-Type-Options": [
          "nosniff"
        ],
        "Date": [
          "Mon, 25 Apr 2022 18:46:55 GMT"
        ],
        "Content-Length": [
          "0"
        ],
        "Expires": [
          "-1"
        ],
        "Retry-After": [
          "0"
        ]
      },
      "ResponseBody": "",
      "StatusCode": 204
    },
    {
      "RequestUri": "/subscriptions/a1bfa635-f2bf-42f1-86b5-848c674fc321/resourcegroups/ps9981?api-version=2021-04-01",
      "EncodedRequestUri": "L3N1YnNjcmlwdGlvbnMvYTFiZmE2MzUtZjJiZi00MmYxLTg2YjUtODQ4YzY3NGZjMzIxL3Jlc291cmNlZ3JvdXBzL3BzOTk4MT9hcGktdmVyc2lvbj0yMDIxLTA0LTAx",
      "RequestMethod": "PUT",
      "RequestBody": "{\r\n  \"location\": \"West US 2\"\r\n}",
      "RequestHeaders": {
        "x-ms-client-request-id": [
          "6a8cdbaf-97bb-4946-a639-3cc0a27d0997"
        ],
        "Accept-Language": [
          "en-US"
        ],
        "User-Agent": [
          "FxVersion/4.6.30411.01",
          "OSName/Windows",
          "OSVersion/Microsoft.Windows.10.0.22000.",
          "Microsoft.Azure.Management.ResourceManager.ResourceManagementClient/3.13.2.0"
        ],
        "Content-Type": [
          "application/json; charset=utf-8"
        ],
        "Content-Length": [
          "31"
        ]
      },
      "ResponseHeaders": {
        "Cache-Control": [
          "no-cache"
        ],
        "Pragma": [
          "no-cache"
        ],
        "x-ms-ratelimit-remaining-subscription-writes": [
          "1199"
        ],
        "x-ms-request-id": [
          "b38049a1-4a78-4452-9a97-f0479f15ff48"
        ],
        "x-ms-correlation-request-id": [
          "b38049a1-4a78-4452-9a97-f0479f15ff48"
        ],
        "x-ms-routing-request-id": [
          "EASTUS2:20220425T184346Z:b38049a1-4a78-4452-9a97-f0479f15ff48"
        ],
        "Strict-Transport-Security": [
          "max-age=31536000; includeSubDomains"
        ],
        "X-Content-Type-Options": [
          "nosniff"
        ],
        "Date": [
          "Mon, 25 Apr 2022 18:43:46 GMT"
        ],
        "Content-Length": [
          "210"
        ],
        "Content-Type": [
          "application/json; charset=utf-8"
        ],
        "Expires": [
          "-1"
        ],
        "Retry-After": [
          "0"
        ]
      },
      "ResponseBody": "{\r\n  \"id\": \"/subscriptions/a1bfa635-f2bf-42f1-86b5-848c674fc321/resourceGroups/ps9981\",\r\n  \"name\": \"ps9981\",\r\n  \"type\": \"Microsoft.Resources/resourceGroups\",\r\n  \"location\": \"westus2\",\r\n  \"properties\": {\r\n    \"provisioningState\": \"Succeeded\"\r\n  }\r\n}",
      "StatusCode": 201
    },
    {
      "RequestUri": "/subscriptions/a1bfa635-f2bf-42f1-86b5-848c674fc321/resourcegroups/ps9981?api-version=2021-04-01",
      "EncodedRequestUri": "L3N1YnNjcmlwdGlvbnMvYTFiZmE2MzUtZjJiZi00MmYxLTg2YjUtODQ4YzY3NGZjMzIxL3Jlc291cmNlZ3JvdXBzL3BzOTk4MT9hcGktdmVyc2lvbj0yMDIxLTA0LTAx",
      "RequestMethod": "PUT",
      "RequestBody": "{\r\n  \"location\": \"West US 2\"\r\n}",
      "RequestHeaders": {
        "x-ms-client-request-id": [
          "13f9c667-97de-40a5-b05f-8ce756d2603b"
        ],
        "Accept-Language": [
          "en-US"
        ],
        "User-Agent": [
          "FxVersion/4.6.30411.01",
          "OSName/Windows",
          "OSVersion/Microsoft.Windows.10.0.22000.",
          "Microsoft.Azure.Management.ResourceManager.ResourceManagementClient/3.13.2.0"
        ],
        "Content-Type": [
          "application/json; charset=utf-8"
        ],
        "Content-Length": [
          "31"
        ]
      },
      "ResponseHeaders": {
        "Cache-Control": [
          "no-cache"
        ],
        "Pragma": [
          "no-cache"
        ],
        "x-ms-ratelimit-remaining-subscription-writes": [
          "1199"
        ],
        "x-ms-request-id": [
          "d66a9a22-119e-45af-914d-afc7dd6b0d40"
        ],
        "x-ms-correlation-request-id": [
          "d66a9a22-119e-45af-914d-afc7dd6b0d40"
        ],
        "x-ms-routing-request-id": [
          "EASTUS2:20220425T184626Z:d66a9a22-119e-45af-914d-afc7dd6b0d40"
        ],
        "Strict-Transport-Security": [
          "max-age=31536000; includeSubDomains"
        ],
        "X-Content-Type-Options": [
          "nosniff"
        ],
        "Date": [
          "Mon, 25 Apr 2022 18:46:26 GMT"
        ],
        "Content-Length": [
          "210"
        ],
        "Content-Type": [
          "application/json; charset=utf-8"
        ],
        "Expires": [
          "-1"
        ],
        "Retry-After": [
          "0"
        ]
      },
      "ResponseBody": "{\r\n  \"id\": \"/subscriptions/a1bfa635-f2bf-42f1-86b5-848c674fc321/resourceGroups/ps9981\",\r\n  \"name\": \"ps9981\",\r\n  \"type\": \"Microsoft.Resources/resourceGroups\",\r\n  \"location\": \"westus2\",\r\n  \"properties\": {\r\n    \"provisioningState\": \"Succeeded\"\r\n  }\r\n}",
      "StatusCode": 201
    },
    {
      "RequestUri": "/subscriptions/a1bfa635-f2bf-42f1-86b5-848c674fc321/resourceGroups/ps9981/providers/Microsoft.Resources/deploymentStacks/ps9183?api-version=2021-05-01-preview",
      "EncodedRequestUri": "L3N1YnNjcmlwdGlvbnMvYTFiZmE2MzUtZjJiZi00MmYxLTg2YjUtODQ4YzY3NGZjMzIxL3Jlc291cmNlR3JvdXBzL3BzOTk4MS9wcm92aWRlcnMvTWljcm9zb2Z0LlJlc291cmNlcy9kZXBsb3ltZW50U3RhY2tzL3BzOTE4Mz9hcGktdmVyc2lvbj0yMDIxLTA1LTAxLXByZXZpZXc=",
      "RequestMethod": "GET",
      "RequestBody": "",
      "RequestHeaders": {
        "x-ms-client-request-id": [
          "b2cd53b0-0657-4d3f-a054-7cfa14aeeafc"
        ],
        "Accept-Language": [
          "en-US"
        ],
        "User-Agent": [
          "FxVersion/4.6.30411.01",
          "OSName/Windows",
          "OSVersion/Microsoft.Windows.10.0.22000.",
          "Microsoft.Azure.Management.ResourceManager.DeploymentStacksClient/3.13.2.0"
        ]
      },
      "ResponseHeaders": {
        "Cache-Control": [
          "no-cache"
        ],
        "Pragma": [
          "no-cache"
        ],
        "x-ms-request-id": [
          "f2591dee-5ab3-4bc2-9ef3-640b8cd76b5b"
        ],
        "Server": [
          "Microsoft-HTTPAPI/2.0"
        ],
        "x-ms-ratelimit-remaining-subscription-reads": [
          "11999"
        ],
        "x-ms-correlation-request-id": [
          "d3341c78-e254-4c3f-b31d-936ea3bcbb3f"
        ],
        "x-ms-routing-request-id": [
          "EASTUS2:20220425T184347Z:d3341c78-e254-4c3f-b31d-936ea3bcbb3f"
        ],
        "Strict-Transport-Security": [
          "max-age=31536000; includeSubDomains"
        ],
        "X-Content-Type-Options": [
          "nosniff"
        ],
        "Date": [
          "Mon, 25 Apr 2022 18:43:47 GMT"
        ],
        "Content-Length": [
          "260"
        ],
        "Content-Type": [
          "application/json; charset=utf-8"
        ],
        "Expires": [
          "-1"
        ],
        "Retry-After": [
          "0"
        ]
      },
      "ResponseBody": "{\r\n  \"error\": {\r\n    \"code\": \"DeploymentStackResourceNotFound\",\r\n    \"message\": \"The deployment stack '/subscriptions/a1bfa635-f2bf-42f1-86b5-848c674fc321/resourceGroups/ps9981/providers/Microsoft.Resources/deploymentStacks/ps9183' could not be found.\"\r\n  }\r\n}",
      "StatusCode": 404
    },
    {
      "RequestUri": "/subscriptions/a1bfa635-f2bf-42f1-86b5-848c674fc321/resourceGroups/ps9981/providers/Microsoft.Resources/deploymentStacks/ps9183?api-version=2021-05-01-preview",
      "EncodedRequestUri": "L3N1YnNjcmlwdGlvbnMvYTFiZmE2MzUtZjJiZi00MmYxLTg2YjUtODQ4YzY3NGZjMzIxL3Jlc291cmNlR3JvdXBzL3BzOTk4MS9wcm92aWRlcnMvTWljcm9zb2Z0LlJlc291cmNlcy9kZXBsb3ltZW50U3RhY2tzL3BzOTE4Mz9hcGktdmVyc2lvbj0yMDIxLTA1LTAxLXByZXZpZXc=",
      "RequestMethod": "GET",
      "RequestBody": "",
      "RequestHeaders": {
        "x-ms-client-request-id": [
          "b2cd53b0-0657-4d3f-a054-7cfa14aeeafc"
        ],
        "Accept-Language": [
          "en-US"
        ],
        "User-Agent": [
          "FxVersion/4.6.30411.01",
          "OSName/Windows",
          "OSVersion/Microsoft.Windows.10.0.22000.",
          "Microsoft.Azure.Management.ResourceManager.DeploymentStacksClient/3.13.2.0"
        ]
      },
      "ResponseHeaders": {
        "Cache-Control": [
          "no-cache"
        ],
        "Pragma": [
          "no-cache"
        ],
        "x-ms-request-id": [
          "1095296b-c6cb-410a-b905-7869b2ddf583"
        ],
        "Server": [
          "Microsoft-HTTPAPI/2.0"
        ],
        "x-ms-ratelimit-remaining-subscription-reads": [
          "11998"
        ],
        "x-ms-correlation-request-id": [
          "e68568c6-66d6-4091-b5eb-ea3ef9d9a5ec"
        ],
        "x-ms-routing-request-id": [
          "EASTUS2:20220425T184353Z:e68568c6-66d6-4091-b5eb-ea3ef9d9a5ec"
        ],
        "Strict-Transport-Security": [
          "max-age=31536000; includeSubDomains"
        ],
        "X-Content-Type-Options": [
          "nosniff"
        ],
        "Date": [
          "Mon, 25 Apr 2022 18:43:52 GMT"
        ],
        "Content-Length": [
          "2359"
        ],
        "Content-Type": [
          "application/json; charset=utf-8"
        ],
        "Expires": [
          "-1"
        ],
        "Retry-After": [
          "0"
        ]
      },
      "ResponseBody": "{\r\n  \"properties\": {\r\n    \"updateBehavior\": \"detachResources\",\r\n    \"deploymentId\": \"/subscriptions/a1bfa635-f2bf-42f1-86b5-848c674fc321/resourceGroups/ps9981/providers/Microsoft.Resources/deployments/ps9183-2022-04-25-18-43-47-44355\",\r\n    \"parameters\": {\r\n      \"siteLocation\": {\r\n        \"value\": \"East US\"\r\n      },\r\n      \"hostingPlanName\": {\r\n        \"value\": \"xDeploymentTestHost26669\"\r\n      },\r\n      \"workerSize\": {\r\n        \"value\": 0\r\n      },\r\n      \"sku\": {\r\n        \"value\": \"Basic\"\r\n      }\r\n    },\r\n    \"template\": {\r\n      \"$schema\": \"http://schema.management.azure.com/schemas/2014-04-01-preview/deploymentTemplate.json#\",\r\n      \"contentVersion\": \"1.0.0.0\",\r\n      \"parameters\": {\r\n        \"hostingPlanName\": {\r\n          \"type\": \"string\"\r\n        },\r\n        \"siteLocation\": {\r\n          \"type\": \"string\"\r\n        },\r\n        \"sku\": {\r\n          \"type\": \"string\",\r\n          \"allowedValues\": [\r\n            \"Free\",\r\n            \"Shared\",\r\n            \"Basic\",\r\n            \"Standard\"\r\n          ],\r\n          \"defaultValue\": \"Free\"\r\n        },\r\n        \"workerSize\": {\r\n          \"type\": \"int\",\r\n          \"allowedValues\": [\r\n            0,\r\n            1,\r\n            2\r\n          ],\r\n          \"defaultValue\": 0\r\n        }\r\n      },\r\n      \"resources\": [\r\n        {\r\n          \"apiVersion\": \"2014-04-01\",\r\n          \"name\": \"[parameters('hostingPlanName')]\",\r\n          \"type\": \"Microsoft.Web/serverfarms\",\r\n          \"location\": \"[parameters('siteLocation')]\",\r\n          \"properties\": {\r\n            \"name\": \"[parameters('hostingPlanName')]\",\r\n            \"sku\": \"[parameters('sku')]\",\r\n            \"workerSize\": \"[parameters('workerSize')]\",\r\n            \"numberOfWorkers\": 1\r\n          }\r\n        }\r\n      ]\r\n    },\r\n    \"managedResources\": [],\r\n    \"provisioningState\": \"deploying\"\r\n  },\r\n  \"systemData\": {\r\n    \"createdBy\": \"546094f3-32fa-493c-824c-bd9575b0d2fe\",\r\n    \"createdByType\": \"Application\",\r\n    \"createdAt\": \"2022-04-25T18:43:47.6393594Z\",\r\n    \"lastModifiedBy\": \"546094f3-32fa-493c-824c-bd9575b0d2fe\",\r\n    \"lastModifiedByType\": \"Application\",\r\n    \"lastModifiedAt\": \"2022-04-25T18:43:47.6393594Z\"\r\n  },\r\n  \"id\": \"/subscriptions/a1bfa635-f2bf-42f1-86b5-848c674fc321/resourceGroups/ps9981/providers/Microsoft.Resources/deploymentStacks/ps9183\",\r\n  \"type\": \"Microsoft.Resources/deploymentStacks\",\r\n  \"name\": \"ps9183\"\r\n}",
      "StatusCode": 200
    },
    {
      "RequestUri": "/subscriptions/a1bfa635-f2bf-42f1-86b5-848c674fc321/resourceGroups/ps9981/providers/Microsoft.Resources/deploymentStacks/ps9183?api-version=2021-05-01-preview",
      "EncodedRequestUri": "L3N1YnNjcmlwdGlvbnMvYTFiZmE2MzUtZjJiZi00MmYxLTg2YjUtODQ4YzY3NGZjMzIxL3Jlc291cmNlR3JvdXBzL3BzOTk4MS9wcm92aWRlcnMvTWljcm9zb2Z0LlJlc291cmNlcy9kZXBsb3ltZW50U3RhY2tzL3BzOTE4Mz9hcGktdmVyc2lvbj0yMDIxLTA1LTAxLXByZXZpZXc=",
      "RequestMethod": "GET",
      "RequestBody": "",
      "RequestHeaders": {
        "x-ms-client-request-id": [
          "b2cd53b0-0657-4d3f-a054-7cfa14aeeafc"
        ],
        "Accept-Language": [
          "en-US"
        ],
        "User-Agent": [
          "FxVersion/4.6.30411.01",
          "OSName/Windows",
          "OSVersion/Microsoft.Windows.10.0.22000.",
          "Microsoft.Azure.Management.ResourceManager.DeploymentStacksClient/3.13.2.0"
        ]
      },
      "ResponseHeaders": {
        "Cache-Control": [
          "no-cache"
        ],
        "Pragma": [
          "no-cache"
        ],
        "x-ms-request-id": [
          "77605218-2fdf-48c0-8e99-54ce4e629c26"
        ],
        "Server": [
          "Microsoft-HTTPAPI/2.0"
        ],
        "x-ms-ratelimit-remaining-subscription-reads": [
          "11997"
        ],
        "x-ms-correlation-request-id": [
          "8a85e7de-6e84-4130-8c8d-e7c68090c37c"
        ],
        "x-ms-routing-request-id": [
          "EASTUS2:20220425T184358Z:8a85e7de-6e84-4130-8c8d-e7c68090c37c"
        ],
        "Strict-Transport-Security": [
          "max-age=31536000; includeSubDomains"
        ],
        "X-Content-Type-Options": [
          "nosniff"
        ],
        "Date": [
          "Mon, 25 Apr 2022 18:43:58 GMT"
        ],
        "Content-Length": [
          "2750"
        ],
        "Content-Type": [
          "application/json; charset=utf-8"
        ],
        "Expires": [
          "-1"
        ],
        "Retry-After": [
          "0"
        ]
      },
      "ResponseBody": "{\r\n  \"properties\": {\r\n    \"snapshotId\": \"/subscriptions/a1bfa635-f2bf-42f1-86b5-848c674fc321/resourceGroups/ps9981/providers/Microsoft.Resources/deploymentStacks/ps9183/snapshots/2022-04-25-18-43-47-44355\",\r\n    \"updateBehavior\": \"detachResources\",\r\n    \"deploymentId\": \"/subscriptions/a1bfa635-f2bf-42f1-86b5-848c674fc321/resourceGroups/ps9981/providers/Microsoft.Resources/deployments/ps9183-2022-04-25-18-43-47-44355\",\r\n    \"parameters\": {\r\n      \"siteLocation\": {\r\n        \"value\": \"East US\"\r\n      },\r\n      \"hostingPlanName\": {\r\n        \"value\": \"xDeploymentTestHost26669\"\r\n      },\r\n      \"workerSize\": {\r\n        \"value\": 0\r\n      },\r\n      \"sku\": {\r\n        \"value\": \"Basic\"\r\n      }\r\n    },\r\n    \"template\": {\r\n      \"$schema\": \"http://schema.management.azure.com/schemas/2014-04-01-preview/deploymentTemplate.json#\",\r\n      \"contentVersion\": \"1.0.0.0\",\r\n      \"parameters\": {\r\n        \"hostingPlanName\": {\r\n          \"type\": \"string\"\r\n        },\r\n        \"siteLocation\": {\r\n          \"type\": \"string\"\r\n        },\r\n        \"sku\": {\r\n          \"type\": \"string\",\r\n          \"allowedValues\": [\r\n            \"Free\",\r\n            \"Shared\",\r\n            \"Basic\",\r\n            \"Standard\"\r\n          ],\r\n          \"defaultValue\": \"Free\"\r\n        },\r\n        \"workerSize\": {\r\n          \"type\": \"int\",\r\n          \"allowedValues\": [\r\n            0,\r\n            1,\r\n            2\r\n          ],\r\n          \"defaultValue\": 0\r\n        }\r\n      },\r\n      \"resources\": [\r\n        {\r\n          \"apiVersion\": \"2014-04-01\",\r\n          \"name\": \"[parameters('hostingPlanName')]\",\r\n          \"type\": \"Microsoft.Web/serverfarms\",\r\n          \"location\": \"[parameters('siteLocation')]\",\r\n          \"properties\": {\r\n            \"name\": \"[parameters('hostingPlanName')]\",\r\n            \"sku\": \"[parameters('sku')]\",\r\n            \"workerSize\": \"[parameters('workerSize')]\",\r\n            \"numberOfWorkers\": 1\r\n          }\r\n        }\r\n      ]\r\n    },\r\n    \"managedResources\": [\r\n      {\r\n        \"lockMode\": \"none\",\r\n        \"id\": \"/subscriptions/a1bfa635-f2bf-42f1-86b5-848c674fc321/resourceGroups/ps9981/providers/Microsoft.Web/serverfarms/xDeploymentTestHost26669\"\r\n      }\r\n    ],\r\n    \"provisioningState\": \"succeeded\"\r\n  },\r\n  \"systemData\": {\r\n    \"createdBy\": \"546094f3-32fa-493c-824c-bd9575b0d2fe\",\r\n    \"createdByType\": \"Application\",\r\n    \"createdAt\": \"2022-04-25T18:43:47.6393594Z\",\r\n    \"lastModifiedBy\": \"546094f3-32fa-493c-824c-bd9575b0d2fe\",\r\n    \"lastModifiedByType\": \"Application\",\r\n    \"lastModifiedAt\": \"2022-04-25T18:43:47.6393594Z\"\r\n  },\r\n  \"id\": \"/subscriptions/a1bfa635-f2bf-42f1-86b5-848c674fc321/resourceGroups/ps9981/providers/Microsoft.Resources/deploymentStacks/ps9183\",\r\n  \"type\": \"Microsoft.Resources/deploymentStacks\",\r\n  \"name\": \"ps9183\"\r\n}",
      "StatusCode": 200
    },
    {
      "RequestUri": "/subscriptions/a1bfa635-f2bf-42f1-86b5-848c674fc321/resourceGroups/ps9981/providers/Microsoft.Resources/deploymentStacks/ps9183?api-version=2021-05-01-preview",
      "EncodedRequestUri": "L3N1YnNjcmlwdGlvbnMvYTFiZmE2MzUtZjJiZi00MmYxLTg2YjUtODQ4YzY3NGZjMzIxL3Jlc291cmNlR3JvdXBzL3BzOTk4MS9wcm92aWRlcnMvTWljcm9zb2Z0LlJlc291cmNlcy9kZXBsb3ltZW50U3RhY2tzL3BzOTE4Mz9hcGktdmVyc2lvbj0yMDIxLTA1LTAxLXByZXZpZXc=",
      "RequestMethod": "GET",
      "RequestBody": "",
      "RequestHeaders": {
        "x-ms-client-request-id": [
          "79a85dc6-6325-4e43-9aff-6580ffe10ca6"
        ],
        "Accept-Language": [
          "en-US"
        ],
        "User-Agent": [
          "FxVersion/4.6.30411.01",
          "OSName/Windows",
          "OSVersion/Microsoft.Windows.10.0.22000.",
          "Microsoft.Azure.Management.ResourceManager.DeploymentStacksClient/3.13.2.0"
        ]
      },
      "ResponseHeaders": {
        "Cache-Control": [
          "no-cache"
        ],
        "Pragma": [
          "no-cache"
        ],
        "x-ms-request-id": [
          "976173b6-b589-4ae3-88e5-e7f230a90d08"
        ],
        "Server": [
          "Microsoft-HTTPAPI/2.0"
        ],
        "x-ms-ratelimit-remaining-subscription-reads": [
          "11998"
        ],
        "x-ms-correlation-request-id": [
          "08f5f08a-cb7c-4939-b84b-5188bac0c801"
        ],
        "x-ms-routing-request-id": [
          "EASTUS2:20220425T184404Z:08f5f08a-cb7c-4939-b84b-5188bac0c801"
        ],
        "Strict-Transport-Security": [
          "max-age=31536000; includeSubDomains"
        ],
        "X-Content-Type-Options": [
          "nosniff"
        ],
        "Date": [
          "Mon, 25 Apr 2022 18:44:04 GMT"
        ],
        "Content-Length": [
          "2750"
        ],
        "Content-Type": [
          "application/json; charset=utf-8"
        ],
        "Expires": [
          "-1"
        ],
        "Retry-After": [
          "0"
        ]
      },
      "ResponseBody": "{\r\n  \"properties\": {\r\n    \"snapshotId\": \"/subscriptions/a1bfa635-f2bf-42f1-86b5-848c674fc321/resourceGroups/ps9981/providers/Microsoft.Resources/deploymentStacks/ps9183/snapshots/2022-04-25-18-43-58-83a52\",\r\n    \"updateBehavior\": \"detachResources\",\r\n    \"deploymentId\": \"/subscriptions/a1bfa635-f2bf-42f1-86b5-848c674fc321/resourceGroups/ps9981/providers/Microsoft.Resources/deployments/ps9183-2022-04-25-18-43-58-83a52\",\r\n    \"parameters\": {\r\n      \"siteLocation\": {\r\n        \"value\": \"East US\"\r\n      },\r\n      \"hostingPlanName\": {\r\n        \"value\": \"xDeploymentTestHost26669\"\r\n      },\r\n      \"workerSize\": {\r\n        \"value\": 0\r\n      },\r\n      \"sku\": {\r\n        \"value\": \"Basic\"\r\n      }\r\n    },\r\n    \"template\": {\r\n      \"$schema\": \"http://schema.management.azure.com/schemas/2014-04-01-preview/deploymentTemplate.json#\",\r\n      \"contentVersion\": \"1.0.0.0\",\r\n      \"parameters\": {\r\n        \"hostingPlanName\": {\r\n          \"type\": \"string\"\r\n        },\r\n        \"siteLocation\": {\r\n          \"type\": \"string\"\r\n        },\r\n        \"sku\": {\r\n          \"type\": \"string\",\r\n          \"allowedValues\": [\r\n            \"Free\",\r\n            \"Shared\",\r\n            \"Basic\",\r\n            \"Standard\"\r\n          ],\r\n          \"defaultValue\": \"Free\"\r\n        },\r\n        \"workerSize\": {\r\n          \"type\": \"int\",\r\n          \"allowedValues\": [\r\n            0,\r\n            1,\r\n            2\r\n          ],\r\n          \"defaultValue\": 0\r\n        }\r\n      },\r\n      \"resources\": [\r\n        {\r\n          \"apiVersion\": \"2014-04-01\",\r\n          \"name\": \"[parameters('hostingPlanName')]\",\r\n          \"type\": \"Microsoft.Web/serverfarms\",\r\n          \"location\": \"[parameters('siteLocation')]\",\r\n          \"properties\": {\r\n            \"name\": \"[parameters('hostingPlanName')]\",\r\n            \"sku\": \"[parameters('sku')]\",\r\n            \"workerSize\": \"[parameters('workerSize')]\",\r\n            \"numberOfWorkers\": 1\r\n          }\r\n        }\r\n      ]\r\n    },\r\n    \"managedResources\": [\r\n      {\r\n        \"lockMode\": \"none\",\r\n        \"id\": \"/subscriptions/a1bfa635-f2bf-42f1-86b5-848c674fc321/resourceGroups/ps9981/providers/Microsoft.Web/serverfarms/xDeploymentTestHost26669\"\r\n      }\r\n    ],\r\n    \"provisioningState\": \"succeeded\"\r\n  },\r\n  \"systemData\": {\r\n    \"createdBy\": \"546094f3-32fa-493c-824c-bd9575b0d2fe\",\r\n    \"createdByType\": \"Application\",\r\n    \"createdAt\": \"2022-04-25T18:43:47.6393594Z\",\r\n    \"lastModifiedBy\": \"546094f3-32fa-493c-824c-bd9575b0d2fe\",\r\n    \"lastModifiedByType\": \"Application\",\r\n    \"lastModifiedAt\": \"2022-04-25T18:43:58.5689423Z\"\r\n  },\r\n  \"id\": \"/subscriptions/a1bfa635-f2bf-42f1-86b5-848c674fc321/resourceGroups/ps9981/providers/Microsoft.Resources/deploymentStacks/ps9183\",\r\n  \"type\": \"Microsoft.Resources/deploymentStacks\",\r\n  \"name\": \"ps9183\"\r\n}",
      "StatusCode": 200
    },
    {
      "RequestUri": "/subscriptions/a1bfa635-f2bf-42f1-86b5-848c674fc321/resourceGroups/ps9981/providers/Microsoft.Resources/deploymentStacks/ps9183?api-version=2021-05-01-preview",
      "EncodedRequestUri": "L3N1YnNjcmlwdGlvbnMvYTFiZmE2MzUtZjJiZi00MmYxLTg2YjUtODQ4YzY3NGZjMzIxL3Jlc291cmNlR3JvdXBzL3BzOTk4MS9wcm92aWRlcnMvTWljcm9zb2Z0LlJlc291cmNlcy9kZXBsb3ltZW50U3RhY2tzL3BzOTE4Mz9hcGktdmVyc2lvbj0yMDIxLTA1LTAxLXByZXZpZXc=",
      "RequestMethod": "GET",
      "RequestBody": "",
      "RequestHeaders": {
        "x-ms-client-request-id": [
          "f1380538-f402-40bb-a578-b592f2697317"
        ],
        "Accept-Language": [
          "en-US"
        ],
        "User-Agent": [
          "FxVersion/4.6.30411.01",
          "OSName/Windows",
          "OSVersion/Microsoft.Windows.10.0.22000.",
          "Microsoft.Azure.Management.ResourceManager.DeploymentStacksClient/3.13.2.0"
        ]
      },
      "ResponseHeaders": {
        "Cache-Control": [
          "no-cache"
        ],
        "Pragma": [
          "no-cache"
        ],
        "x-ms-request-id": [
          "3b5df7f1-2a62-40b6-8308-353b6fcd770f"
        ],
        "Server": [
          "Microsoft-HTTPAPI/2.0"
        ],
        "x-ms-ratelimit-remaining-subscription-reads": [
          "11999"
        ],
        "x-ms-correlation-request-id": [
          "a8d0346e-9998-4c36-bdb3-bfd0b89eaaba"
        ],
        "x-ms-routing-request-id": [
          "EASTUS2:20220425T184632Z:a8d0346e-9998-4c36-bdb3-bfd0b89eaaba"
        ],
        "Strict-Transport-Security": [
          "max-age=31536000; includeSubDomains"
        ],
        "X-Content-Type-Options": [
          "nosniff"
        ],
        "Date": [
          "Mon, 25 Apr 2022 18:46:32 GMT"
        ],
        "Content-Length": [
          "2359"
        ],
        "Content-Type": [
          "application/json; charset=utf-8"
        ],
        "Expires": [
          "-1"
        ],
        "Retry-After": [
          "0"
        ]
      },
      "ResponseBody": "{\r\n  \"properties\": {\r\n    \"updateBehavior\": \"detachResources\",\r\n    \"deploymentId\": \"/subscriptions/a1bfa635-f2bf-42f1-86b5-848c674fc321/resourceGroups/ps9981/providers/Microsoft.Resources/deployments/ps9183-2022-04-25-18-46-27-3e12b\",\r\n    \"parameters\": {\r\n      \"siteLocation\": {\r\n        \"value\": \"East US\"\r\n      },\r\n      \"hostingPlanName\": {\r\n        \"value\": \"xDeploymentTestHost26669\"\r\n      },\r\n      \"workerSize\": {\r\n        \"value\": 0\r\n      },\r\n      \"sku\": {\r\n        \"value\": \"Basic\"\r\n      }\r\n    },\r\n    \"template\": {\r\n      \"$schema\": \"http://schema.management.azure.com/schemas/2014-04-01-preview/deploymentTemplate.json#\",\r\n      \"contentVersion\": \"1.0.0.0\",\r\n      \"parameters\": {\r\n        \"hostingPlanName\": {\r\n          \"type\": \"string\"\r\n        },\r\n        \"siteLocation\": {\r\n          \"type\": \"string\"\r\n        },\r\n        \"sku\": {\r\n          \"type\": \"string\",\r\n          \"allowedValues\": [\r\n            \"Free\",\r\n            \"Shared\",\r\n            \"Basic\",\r\n            \"Standard\"\r\n          ],\r\n          \"defaultValue\": \"Free\"\r\n        },\r\n        \"workerSize\": {\r\n          \"type\": \"int\",\r\n          \"allowedValues\": [\r\n            0,\r\n            1,\r\n            2\r\n          ],\r\n          \"defaultValue\": 0\r\n        }\r\n      },\r\n      \"resources\": [\r\n        {\r\n          \"apiVersion\": \"2014-04-01\",\r\n          \"name\": \"[parameters('hostingPlanName')]\",\r\n          \"type\": \"Microsoft.Web/serverfarms\",\r\n          \"location\": \"[parameters('siteLocation')]\",\r\n          \"properties\": {\r\n            \"name\": \"[parameters('hostingPlanName')]\",\r\n            \"sku\": \"[parameters('sku')]\",\r\n            \"workerSize\": \"[parameters('workerSize')]\",\r\n            \"numberOfWorkers\": 1\r\n          }\r\n        }\r\n      ]\r\n    },\r\n    \"managedResources\": [],\r\n    \"provisioningState\": \"deploying\"\r\n  },\r\n  \"systemData\": {\r\n    \"createdBy\": \"546094f3-32fa-493c-824c-bd9575b0d2fe\",\r\n    \"createdByType\": \"Application\",\r\n    \"createdAt\": \"2022-04-25T18:46:27.0545703Z\",\r\n    \"lastModifiedBy\": \"546094f3-32fa-493c-824c-bd9575b0d2fe\",\r\n    \"lastModifiedByType\": \"Application\",\r\n    \"lastModifiedAt\": \"2022-04-25T18:46:27.0545703Z\"\r\n  },\r\n  \"id\": \"/subscriptions/a1bfa635-f2bf-42f1-86b5-848c674fc321/resourceGroups/ps9981/providers/Microsoft.Resources/deploymentStacks/ps9183\",\r\n  \"type\": \"Microsoft.Resources/deploymentStacks\",\r\n  \"name\": \"ps9183\"\r\n}",
      "StatusCode": 200
    },
    {
      "RequestUri": "/subscriptions/a1bfa635-f2bf-42f1-86b5-848c674fc321/resourceGroups/ps9981/providers/Microsoft.Resources/deploymentStacks/ps9183?api-version=2021-05-01-preview",
      "EncodedRequestUri": "L3N1YnNjcmlwdGlvbnMvYTFiZmE2MzUtZjJiZi00MmYxLTg2YjUtODQ4YzY3NGZjMzIxL3Jlc291cmNlR3JvdXBzL3BzOTk4MS9wcm92aWRlcnMvTWljcm9zb2Z0LlJlc291cmNlcy9kZXBsb3ltZW50U3RhY2tzL3BzOTE4Mz9hcGktdmVyc2lvbj0yMDIxLTA1LTAxLXByZXZpZXc=",
      "RequestMethod": "GET",
      "RequestBody": "",
      "RequestHeaders": {
        "x-ms-client-request-id": [
          "f1380538-f402-40bb-a578-b592f2697317"
        ],
        "Accept-Language": [
          "en-US"
        ],
        "User-Agent": [
          "FxVersion/4.6.30411.01",
          "OSName/Windows",
          "OSVersion/Microsoft.Windows.10.0.22000.",
          "Microsoft.Azure.Management.ResourceManager.DeploymentStacksClient/3.13.2.0"
        ]
      },
      "ResponseHeaders": {
        "Cache-Control": [
          "no-cache"
        ],
        "Pragma": [
          "no-cache"
        ],
        "x-ms-request-id": [
          "66f8c6d5-2f1d-4801-ac14-72cd45abe5d1"
        ],
        "Server": [
          "Microsoft-HTTPAPI/2.0"
        ],
        "x-ms-ratelimit-remaining-subscription-reads": [
          "11998"
        ],
        "x-ms-correlation-request-id": [
          "79407503-7e99-4a26-850b-244519782d0a"
        ],
        "x-ms-routing-request-id": [
          "EASTUS2:20220425T184638Z:79407503-7e99-4a26-850b-244519782d0a"
        ],
        "Strict-Transport-Security": [
          "max-age=31536000; includeSubDomains"
        ],
        "X-Content-Type-Options": [
          "nosniff"
        ],
        "Date": [
          "Mon, 25 Apr 2022 18:46:37 GMT"
        ],
        "Content-Length": [
          "2359"
        ],
        "Content-Type": [
          "application/json; charset=utf-8"
        ],
        "Expires": [
          "-1"
        ],
        "Retry-After": [
          "0"
        ]
      },
      "ResponseBody": "{\r\n  \"properties\": {\r\n    \"updateBehavior\": \"detachResources\",\r\n    \"deploymentId\": \"/subscriptions/a1bfa635-f2bf-42f1-86b5-848c674fc321/resourceGroups/ps9981/providers/Microsoft.Resources/deployments/ps9183-2022-04-25-18-46-27-3e12b\",\r\n    \"parameters\": {\r\n      \"siteLocation\": {\r\n        \"value\": \"East US\"\r\n      },\r\n      \"hostingPlanName\": {\r\n        \"value\": \"xDeploymentTestHost26669\"\r\n      },\r\n      \"workerSize\": {\r\n        \"value\": 0\r\n      },\r\n      \"sku\": {\r\n        \"value\": \"Basic\"\r\n      }\r\n    },\r\n    \"template\": {\r\n      \"$schema\": \"http://schema.management.azure.com/schemas/2014-04-01-preview/deploymentTemplate.json#\",\r\n      \"contentVersion\": \"1.0.0.0\",\r\n      \"parameters\": {\r\n        \"hostingPlanName\": {\r\n          \"type\": \"string\"\r\n        },\r\n        \"siteLocation\": {\r\n          \"type\": \"string\"\r\n        },\r\n        \"sku\": {\r\n          \"type\": \"string\",\r\n          \"allowedValues\": [\r\n            \"Free\",\r\n            \"Shared\",\r\n            \"Basic\",\r\n            \"Standard\"\r\n          ],\r\n          \"defaultValue\": \"Free\"\r\n        },\r\n        \"workerSize\": {\r\n          \"type\": \"int\",\r\n          \"allowedValues\": [\r\n            0,\r\n            1,\r\n            2\r\n          ],\r\n          \"defaultValue\": 0\r\n        }\r\n      },\r\n      \"resources\": [\r\n        {\r\n          \"apiVersion\": \"2014-04-01\",\r\n          \"name\": \"[parameters('hostingPlanName')]\",\r\n          \"type\": \"Microsoft.Web/serverfarms\",\r\n          \"location\": \"[parameters('siteLocation')]\",\r\n          \"properties\": {\r\n            \"name\": \"[parameters('hostingPlanName')]\",\r\n            \"sku\": \"[parameters('sku')]\",\r\n            \"workerSize\": \"[parameters('workerSize')]\",\r\n            \"numberOfWorkers\": 1\r\n          }\r\n        }\r\n      ]\r\n    },\r\n    \"managedResources\": [],\r\n    \"provisioningState\": \"deploying\"\r\n  },\r\n  \"systemData\": {\r\n    \"createdBy\": \"546094f3-32fa-493c-824c-bd9575b0d2fe\",\r\n    \"createdByType\": \"Application\",\r\n    \"createdAt\": \"2022-04-25T18:46:27.0545703Z\",\r\n    \"lastModifiedBy\": \"546094f3-32fa-493c-824c-bd9575b0d2fe\",\r\n    \"lastModifiedByType\": \"Application\",\r\n    \"lastModifiedAt\": \"2022-04-25T18:46:27.0545703Z\"\r\n  },\r\n  \"id\": \"/subscriptions/a1bfa635-f2bf-42f1-86b5-848c674fc321/resourceGroups/ps9981/providers/Microsoft.Resources/deploymentStacks/ps9183\",\r\n  \"type\": \"Microsoft.Resources/deploymentStacks\",\r\n  \"name\": \"ps9183\"\r\n}",
      "StatusCode": 200
    },
    {
      "RequestUri": "/subscriptions/a1bfa635-f2bf-42f1-86b5-848c674fc321/resourceGroups/ps9981/providers/Microsoft.Resources/deploymentStacks/ps9183?api-version=2021-05-01-preview",
      "EncodedRequestUri": "L3N1YnNjcmlwdGlvbnMvYTFiZmE2MzUtZjJiZi00MmYxLTg2YjUtODQ4YzY3NGZjMzIxL3Jlc291cmNlR3JvdXBzL3BzOTk4MS9wcm92aWRlcnMvTWljcm9zb2Z0LlJlc291cmNlcy9kZXBsb3ltZW50U3RhY2tzL3BzOTE4Mz9hcGktdmVyc2lvbj0yMDIxLTA1LTAxLXByZXZpZXc=",
      "RequestMethod": "GET",
      "RequestBody": "",
      "RequestHeaders": {
        "x-ms-client-request-id": [
          "f1380538-f402-40bb-a578-b592f2697317"
        ],
        "Accept-Language": [
          "en-US"
        ],
        "User-Agent": [
          "FxVersion/4.6.30411.01",
          "OSName/Windows",
          "OSVersion/Microsoft.Windows.10.0.22000.",
          "Microsoft.Azure.Management.ResourceManager.DeploymentStacksClient/3.13.2.0"
        ]
      },
      "ResponseHeaders": {
        "Cache-Control": [
          "no-cache"
        ],
        "Pragma": [
          "no-cache"
        ],
        "x-ms-request-id": [
          "16c3ec23-5120-420e-81ae-e8d89ce57e8e"
        ],
        "Server": [
          "Microsoft-HTTPAPI/2.0"
        ],
        "x-ms-ratelimit-remaining-subscription-reads": [
          "11997"
        ],
        "x-ms-correlation-request-id": [
          "a89d254d-2477-428f-931c-f87c7dac5cd8"
        ],
        "x-ms-routing-request-id": [
          "EASTUS2:20220425T184643Z:a89d254d-2477-428f-931c-f87c7dac5cd8"
        ],
        "Strict-Transport-Security": [
          "max-age=31536000; includeSubDomains"
        ],
        "X-Content-Type-Options": [
          "nosniff"
        ],
        "Date": [
          "Mon, 25 Apr 2022 18:46:42 GMT"
        ],
        "Content-Length": [
          "2750"
        ],
        "Content-Type": [
          "application/json; charset=utf-8"
        ],
        "Expires": [
          "-1"
        ],
        "Retry-After": [
          "0"
        ]
      },
      "ResponseBody": "{\r\n  \"properties\": {\r\n    \"snapshotId\": \"/subscriptions/a1bfa635-f2bf-42f1-86b5-848c674fc321/resourceGroups/ps9981/providers/Microsoft.Resources/deploymentStacks/ps9183/snapshots/2022-04-25-18-46-27-3e12b\",\r\n    \"updateBehavior\": \"detachResources\",\r\n    \"deploymentId\": \"/subscriptions/a1bfa635-f2bf-42f1-86b5-848c674fc321/resourceGroups/ps9981/providers/Microsoft.Resources/deployments/ps9183-2022-04-25-18-46-27-3e12b\",\r\n    \"parameters\": {\r\n      \"siteLocation\": {\r\n        \"value\": \"East US\"\r\n      },\r\n      \"hostingPlanName\": {\r\n        \"value\": \"xDeploymentTestHost26669\"\r\n      },\r\n      \"workerSize\": {\r\n        \"value\": 0\r\n      },\r\n      \"sku\": {\r\n        \"value\": \"Basic\"\r\n      }\r\n    },\r\n    \"template\": {\r\n      \"$schema\": \"http://schema.management.azure.com/schemas/2014-04-01-preview/deploymentTemplate.json#\",\r\n      \"contentVersion\": \"1.0.0.0\",\r\n      \"parameters\": {\r\n        \"hostingPlanName\": {\r\n          \"type\": \"string\"\r\n        },\r\n        \"siteLocation\": {\r\n          \"type\": \"string\"\r\n        },\r\n        \"sku\": {\r\n          \"type\": \"string\",\r\n          \"allowedValues\": [\r\n            \"Free\",\r\n            \"Shared\",\r\n            \"Basic\",\r\n            \"Standard\"\r\n          ],\r\n          \"defaultValue\": \"Free\"\r\n        },\r\n        \"workerSize\": {\r\n          \"type\": \"int\",\r\n          \"allowedValues\": [\r\n            0,\r\n            1,\r\n            2\r\n          ],\r\n          \"defaultValue\": 0\r\n        }\r\n      },\r\n      \"resources\": [\r\n        {\r\n          \"apiVersion\": \"2014-04-01\",\r\n          \"name\": \"[parameters('hostingPlanName')]\",\r\n          \"type\": \"Microsoft.Web/serverfarms\",\r\n          \"location\": \"[parameters('siteLocation')]\",\r\n          \"properties\": {\r\n            \"name\": \"[parameters('hostingPlanName')]\",\r\n            \"sku\": \"[parameters('sku')]\",\r\n            \"workerSize\": \"[parameters('workerSize')]\",\r\n            \"numberOfWorkers\": 1\r\n          }\r\n        }\r\n      ]\r\n    },\r\n    \"managedResources\": [\r\n      {\r\n        \"lockMode\": \"none\",\r\n        \"id\": \"/subscriptions/a1bfa635-f2bf-42f1-86b5-848c674fc321/resourceGroups/ps9981/providers/Microsoft.Web/serverfarms/xDeploymentTestHost26669\"\r\n      }\r\n    ],\r\n    \"provisioningState\": \"succeeded\"\r\n  },\r\n  \"systemData\": {\r\n    \"createdBy\": \"546094f3-32fa-493c-824c-bd9575b0d2fe\",\r\n    \"createdByType\": \"Application\",\r\n    \"createdAt\": \"2022-04-25T18:46:27.0545703Z\",\r\n    \"lastModifiedBy\": \"546094f3-32fa-493c-824c-bd9575b0d2fe\",\r\n    \"lastModifiedByType\": \"Application\",\r\n    \"lastModifiedAt\": \"2022-04-25T18:46:27.0545703Z\"\r\n  },\r\n  \"id\": \"/subscriptions/a1bfa635-f2bf-42f1-86b5-848c674fc321/resourceGroups/ps9981/providers/Microsoft.Resources/deploymentStacks/ps9183\",\r\n  \"type\": \"Microsoft.Resources/deploymentStacks\",\r\n  \"name\": \"ps9183\"\r\n}",
      "StatusCode": 200
    },
    {
      "RequestUri": "/subscriptions/a1bfa635-f2bf-42f1-86b5-848c674fc321/resourceGroups/ps9981/providers/Microsoft.Resources/deploymentStacks/ps9183?api-version=2021-05-01-preview",
      "EncodedRequestUri": "L3N1YnNjcmlwdGlvbnMvYTFiZmE2MzUtZjJiZi00MmYxLTg2YjUtODQ4YzY3NGZjMzIxL3Jlc291cmNlR3JvdXBzL3BzOTk4MS9wcm92aWRlcnMvTWljcm9zb2Z0LlJlc291cmNlcy9kZXBsb3ltZW50U3RhY2tzL3BzOTE4Mz9hcGktdmVyc2lvbj0yMDIxLTA1LTAxLXByZXZpZXc=",
      "RequestMethod": "GET",
      "RequestBody": "",
      "RequestHeaders": {
        "x-ms-client-request-id": [
          "77887a8e-4974-4071-88a9-b377a70cf956"
        ],
        "Accept-Language": [
          "en-US"
        ],
        "User-Agent": [
          "FxVersion/4.6.30411.01",
          "OSName/Windows",
          "OSVersion/Microsoft.Windows.10.0.22000.",
          "Microsoft.Azure.Management.ResourceManager.DeploymentStacksClient/3.13.2.0"
        ]
      },
      "ResponseHeaders": {
        "Cache-Control": [
          "no-cache"
        ],
        "Pragma": [
          "no-cache"
        ],
        "x-ms-request-id": [
          "25d0f4bf-2f96-44d2-8f79-e5bcc99d28bb"
        ],
        "Server": [
          "Microsoft-HTTPAPI/2.0"
        ],
        "x-ms-ratelimit-remaining-subscription-reads": [
          "11999"
        ],
        "x-ms-correlation-request-id": [
          "6aebdfed-06fb-4d34-999e-3ed07c14bce0"
        ],
        "x-ms-routing-request-id": [
          "EASTUS2:20220425T184649Z:6aebdfed-06fb-4d34-999e-3ed07c14bce0"
        ],
        "Strict-Transport-Security": [
          "max-age=31536000; includeSubDomains"
        ],
        "X-Content-Type-Options": [
          "nosniff"
        ],
        "Date": [
          "Mon, 25 Apr 2022 18:46:49 GMT"
        ],
        "Content-Length": [
          "2358"
        ],
        "Content-Type": [
          "application/json; charset=utf-8"
        ],
        "Expires": [
          "-1"
        ],
        "Retry-After": [
          "0"
        ]
      },
      "ResponseBody": "{\r\n  \"properties\": {\r\n    \"updateBehavior\": \"detachResources\",\r\n    \"deploymentId\": \"/subscriptions/a1bfa635-f2bf-42f1-86b5-848c674fc321/resourceGroups/ps9981/providers/Microsoft.Resources/deployments/ps9183-2022-04-25-18-46-43-7009e\",\r\n    \"parameters\": {\r\n      \"siteLocation\": {\r\n        \"value\": \"East US\"\r\n      },\r\n      \"hostingPlanName\": {\r\n        \"value\": \"xDeploymentTestHost26669\"\r\n      },\r\n      \"workerSize\": {\r\n        \"value\": 0\r\n      },\r\n      \"sku\": {\r\n        \"value\": \"Basic\"\r\n      }\r\n    },\r\n    \"template\": {\r\n      \"$schema\": \"http://schema.management.azure.com/schemas/2014-04-01-preview/deploymentTemplate.json#\",\r\n      \"contentVersion\": \"1.0.0.0\",\r\n      \"parameters\": {\r\n        \"hostingPlanName\": {\r\n          \"type\": \"string\"\r\n        },\r\n        \"siteLocation\": {\r\n          \"type\": \"string\"\r\n        },\r\n        \"sku\": {\r\n          \"type\": \"string\",\r\n          \"allowedValues\": [\r\n            \"Free\",\r\n            \"Shared\",\r\n            \"Basic\",\r\n            \"Standard\"\r\n          ],\r\n          \"defaultValue\": \"Free\"\r\n        },\r\n        \"workerSize\": {\r\n          \"type\": \"int\",\r\n          \"allowedValues\": [\r\n            0,\r\n            1,\r\n            2\r\n          ],\r\n          \"defaultValue\": 0\r\n        }\r\n      },\r\n      \"resources\": [\r\n        {\r\n          \"apiVersion\": \"2014-04-01\",\r\n          \"name\": \"[parameters('hostingPlanName')]\",\r\n          \"type\": \"Microsoft.Web/serverfarms\",\r\n          \"location\": \"[parameters('siteLocation')]\",\r\n          \"properties\": {\r\n            \"name\": \"[parameters('hostingPlanName')]\",\r\n            \"sku\": \"[parameters('sku')]\",\r\n            \"workerSize\": \"[parameters('workerSize')]\",\r\n            \"numberOfWorkers\": 1\r\n          }\r\n        }\r\n      ]\r\n    },\r\n    \"managedResources\": [],\r\n    \"provisioningState\": \"deploying\"\r\n  },\r\n  \"systemData\": {\r\n    \"createdBy\": \"546094f3-32fa-493c-824c-bd9575b0d2fe\",\r\n    \"createdByType\": \"Application\",\r\n    \"createdAt\": \"2022-04-25T18:46:27.0545703Z\",\r\n    \"lastModifiedBy\": \"546094f3-32fa-493c-824c-bd9575b0d2fe\",\r\n    \"lastModifiedByType\": \"Application\",\r\n    \"lastModifiedAt\": \"2022-04-25T18:46:43.517655Z\"\r\n  },\r\n  \"id\": \"/subscriptions/a1bfa635-f2bf-42f1-86b5-848c674fc321/resourceGroups/ps9981/providers/Microsoft.Resources/deploymentStacks/ps9183\",\r\n  \"type\": \"Microsoft.Resources/deploymentStacks\",\r\n  \"name\": \"ps9183\"\r\n}",
      "StatusCode": 200
    },
    {
      "RequestUri": "/subscriptions/a1bfa635-f2bf-42f1-86b5-848c674fc321/resourceGroups/ps9981/providers/Microsoft.Resources/deploymentStacks/ps9183?api-version=2021-05-01-preview",
      "EncodedRequestUri": "L3N1YnNjcmlwdGlvbnMvYTFiZmE2MzUtZjJiZi00MmYxLTg2YjUtODQ4YzY3NGZjMzIxL3Jlc291cmNlR3JvdXBzL3BzOTk4MS9wcm92aWRlcnMvTWljcm9zb2Z0LlJlc291cmNlcy9kZXBsb3ltZW50U3RhY2tzL3BzOTE4Mz9hcGktdmVyc2lvbj0yMDIxLTA1LTAxLXByZXZpZXc=",
      "RequestMethod": "GET",
      "RequestBody": "",
      "RequestHeaders": {
        "x-ms-client-request-id": [
          "77887a8e-4974-4071-88a9-b377a70cf956"
        ],
        "Accept-Language": [
          "en-US"
        ],
        "User-Agent": [
          "FxVersion/4.6.30411.01",
          "OSName/Windows",
          "OSVersion/Microsoft.Windows.10.0.22000.",
          "Microsoft.Azure.Management.ResourceManager.DeploymentStacksClient/3.13.2.0"
        ]
      },
      "ResponseHeaders": {
        "Cache-Control": [
          "no-cache"
        ],
        "Pragma": [
          "no-cache"
        ],
        "x-ms-request-id": [
          "59ecfb03-416f-469a-871d-6b5d074ee721"
        ],
        "Server": [
          "Microsoft-HTTPAPI/2.0"
        ],
        "x-ms-ratelimit-remaining-subscription-reads": [
          "11998"
        ],
        "x-ms-correlation-request-id": [
          "6180e3c1-416d-4aa4-859d-9813fa8d8ab5"
        ],
        "x-ms-routing-request-id": [
          "EASTUS2:20220425T184654Z:6180e3c1-416d-4aa4-859d-9813fa8d8ab5"
        ],
        "Strict-Transport-Security": [
          "max-age=31536000; includeSubDomains"
        ],
        "X-Content-Type-Options": [
          "nosniff"
        ],
        "Date": [
          "Mon, 25 Apr 2022 18:46:54 GMT"
        ],
        "Content-Length": [
          "2749"
        ],
        "Content-Type": [
          "application/json; charset=utf-8"
        ],
        "Expires": [
          "-1"
        ],
        "Retry-After": [
          "0"
        ]
      },
      "ResponseBody": "{\r\n  \"properties\": {\r\n    \"snapshotId\": \"/subscriptions/a1bfa635-f2bf-42f1-86b5-848c674fc321/resourceGroups/ps9981/providers/Microsoft.Resources/deploymentStacks/ps9183/snapshots/2022-04-25-18-46-43-7009e\",\r\n    \"updateBehavior\": \"detachResources\",\r\n    \"deploymentId\": \"/subscriptions/a1bfa635-f2bf-42f1-86b5-848c674fc321/resourceGroups/ps9981/providers/Microsoft.Resources/deployments/ps9183-2022-04-25-18-46-43-7009e\",\r\n    \"parameters\": {\r\n      \"siteLocation\": {\r\n        \"value\": \"East US\"\r\n      },\r\n      \"hostingPlanName\": {\r\n        \"value\": \"xDeploymentTestHost26669\"\r\n      },\r\n      \"workerSize\": {\r\n        \"value\": 0\r\n      },\r\n      \"sku\": {\r\n        \"value\": \"Basic\"\r\n      }\r\n    },\r\n    \"template\": {\r\n      \"$schema\": \"http://schema.management.azure.com/schemas/2014-04-01-preview/deploymentTemplate.json#\",\r\n      \"contentVersion\": \"1.0.0.0\",\r\n      \"parameters\": {\r\n        \"hostingPlanName\": {\r\n          \"type\": \"string\"\r\n        },\r\n        \"siteLocation\": {\r\n          \"type\": \"string\"\r\n        },\r\n        \"sku\": {\r\n          \"type\": \"string\",\r\n          \"allowedValues\": [\r\n            \"Free\",\r\n            \"Shared\",\r\n            \"Basic\",\r\n            \"Standard\"\r\n          ],\r\n          \"defaultValue\": \"Free\"\r\n        },\r\n        \"workerSize\": {\r\n          \"type\": \"int\",\r\n          \"allowedValues\": [\r\n            0,\r\n            1,\r\n            2\r\n          ],\r\n          \"defaultValue\": 0\r\n        }\r\n      },\r\n      \"resources\": [\r\n        {\r\n          \"apiVersion\": \"2014-04-01\",\r\n          \"name\": \"[parameters('hostingPlanName')]\",\r\n          \"type\": \"Microsoft.Web/serverfarms\",\r\n          \"location\": \"[parameters('siteLocation')]\",\r\n          \"properties\": {\r\n            \"name\": \"[parameters('hostingPlanName')]\",\r\n            \"sku\": \"[parameters('sku')]\",\r\n            \"workerSize\": \"[parameters('workerSize')]\",\r\n            \"numberOfWorkers\": 1\r\n          }\r\n        }\r\n      ]\r\n    },\r\n    \"managedResources\": [\r\n      {\r\n        \"lockMode\": \"none\",\r\n        \"id\": \"/subscriptions/a1bfa635-f2bf-42f1-86b5-848c674fc321/resourceGroups/ps9981/providers/Microsoft.Web/serverfarms/xDeploymentTestHost26669\"\r\n      }\r\n    ],\r\n    \"provisioningState\": \"succeeded\"\r\n  },\r\n  \"systemData\": {\r\n    \"createdBy\": \"546094f3-32fa-493c-824c-bd9575b0d2fe\",\r\n    \"createdByType\": \"Application\",\r\n    \"createdAt\": \"2022-04-25T18:46:27.0545703Z\",\r\n    \"lastModifiedBy\": \"546094f3-32fa-493c-824c-bd9575b0d2fe\",\r\n    \"lastModifiedByType\": \"Application\",\r\n    \"lastModifiedAt\": \"2022-04-25T18:46:43.517655Z\"\r\n  },\r\n  \"id\": \"/subscriptions/a1bfa635-f2bf-42f1-86b5-848c674fc321/resourceGroups/ps9981/providers/Microsoft.Resources/deploymentStacks/ps9183\",\r\n  \"type\": \"Microsoft.Resources/deploymentStacks\",\r\n  \"name\": \"ps9183\"\r\n}",
      "StatusCode": 200
    },
    {
      "RequestUri": "/subscriptions/a1bfa635-f2bf-42f1-86b5-848c674fc321/resourceGroups/ps9981/providers/Microsoft.Resources/deploymentStacks/ps9183?api-version=2021-05-01-preview",
      "EncodedRequestUri": "L3N1YnNjcmlwdGlvbnMvYTFiZmE2MzUtZjJiZi00MmYxLTg2YjUtODQ4YzY3NGZjMzIxL3Jlc291cmNlR3JvdXBzL3BzOTk4MS9wcm92aWRlcnMvTWljcm9zb2Z0LlJlc291cmNlcy9kZXBsb3ltZW50U3RhY2tzL3BzOTE4Mz9hcGktdmVyc2lvbj0yMDIxLTA1LTAxLXByZXZpZXc=",
      "RequestMethod": "PUT",
      "RequestBody": "{\r\n  \"properties\": {\r\n    \"template\": {\r\n      \"$schema\": \"http://schema.management.azure.com/schemas/2014-04-01-preview/deploymentTemplate.json#\",\r\n      \"contentVersion\": \"1.0.0.0\",\r\n      \"parameters\": {\r\n        \"hostingPlanName\": {\r\n          \"type\": \"string\"\r\n        },\r\n        \"siteLocation\": {\r\n          \"type\": \"string\"\r\n        },\r\n        \"sku\": {\r\n          \"type\": \"string\",\r\n          \"allowedValues\": [\r\n            \"Free\",\r\n            \"Shared\",\r\n            \"Basic\",\r\n            \"Standard\"\r\n          ],\r\n          \"defaultValue\": \"Free\"\r\n        },\r\n        \"workerSize\": {\r\n          \"type\": \"int\",\r\n          \"allowedValues\": [\r\n            0,\r\n            1,\r\n            2\r\n          ],\r\n          \"defaultValue\": 0\r\n        }\r\n      },\r\n      \"resources\": [\r\n        {\r\n          \"apiVersion\": \"2014-04-01\",\r\n          \"name\": \"[parameters('hostingPlanName')]\",\r\n          \"type\": \"Microsoft.Web/serverfarms\",\r\n          \"location\": \"[parameters('siteLocation')]\",\r\n          \"properties\": {\r\n            \"name\": \"[parameters('hostingPlanName')]\",\r\n            \"sku\": \"[parameters('sku')]\",\r\n            \"workerSize\": \"[parameters('workerSize')]\",\r\n            \"numberOfWorkers\": 1\r\n          }\r\n        }\r\n      ]\r\n    },\r\n    \"parameters\": {\r\n      \"siteLocation\": {\r\n        \"value\": \"East US\"\r\n      },\r\n      \"hostingPlanName\": {\r\n        \"value\": \"xDeploymentTestHost26669\"\r\n      },\r\n      \"workerSize\": {\r\n        \"value\": 0\r\n      },\r\n      \"sku\": {\r\n        \"value\": \"Basic\"\r\n      }\r\n    },\r\n    \"updateBehavior\": \"detachResources\"\r\n  }\r\n}",
      "RequestHeaders": {
        "x-ms-client-request-id": [
          "b2cd53b0-0657-4d3f-a054-7cfa14aeeafc"
        ],
        "Accept-Language": [
          "en-US"
        ],
        "User-Agent": [
          "FxVersion/4.6.30411.01",
          "OSName/Windows",
          "OSVersion/Microsoft.Windows.10.0.22000.",
          "Microsoft.Azure.Management.ResourceManager.DeploymentStacksClient/3.13.2.0"
        ],
        "Content-Type": [
          "application/json; charset=utf-8"
        ],
        "Content-Length": [
          "1577"
        ]
      },
      "ResponseHeaders": {
        "Cache-Control": [
          "no-cache"
        ],
        "Pragma": [
          "no-cache"
        ],
        "Retry-After": [
          "0"
        ],
        "Azure-AsyncOperation": [
          "https://management.azure.com/subscriptions/a1bfa635-f2bf-42f1-86b5-848c674fc321/providers/Microsoft.Resources/locations/westus2/deploymentStackOperationStatus/ded244be-2e36-495b-8164-71729e4c5c38?api-version=2021-05-01-preview"
        ],
        "x-ms-request-id": [
          "aa675466-5613-4e35-8b1d-6842fd5fb4d9"
        ],
        "Server": [
          "Microsoft-HTTPAPI/2.0"
        ],
        "x-ms-ratelimit-remaining-subscription-writes": [
          "1199"
        ],
        "x-ms-correlation-request-id": [
          "fc1294d7-f024-4646-933d-ab8eafd67e3f"
        ],
        "x-ms-routing-request-id": [
          "EASTUS2:20220425T184347Z:fc1294d7-f024-4646-933d-ab8eafd67e3f"
        ],
        "Strict-Transport-Security": [
          "max-age=31536000; includeSubDomains"
        ],
        "X-Content-Type-Options": [
          "nosniff"
        ],
        "Date": [
          "Mon, 25 Apr 2022 18:43:47 GMT"
        ],
        "Content-Length": [
          "2189"
        ],
        "Content-Type": [
          "application/json; charset=utf-8"
        ],
        "Expires": [
          "-1"
        ]
      },
      "ResponseBody": "{\r\n  \"properties\": {\r\n    \"updateBehavior\": \"detachResources\",\r\n    \"parameters\": {\r\n      \"siteLocation\": {\r\n        \"value\": \"East US\"\r\n      },\r\n      \"hostingPlanName\": {\r\n        \"value\": \"xDeploymentTestHost26669\"\r\n      },\r\n      \"workerSize\": {\r\n        \"value\": 0\r\n      },\r\n      \"sku\": {\r\n        \"value\": \"Basic\"\r\n      }\r\n    },\r\n    \"template\": {\r\n      \"$schema\": \"http://schema.management.azure.com/schemas/2014-04-01-preview/deploymentTemplate.json#\",\r\n      \"contentVersion\": \"1.0.0.0\",\r\n      \"parameters\": {\r\n        \"hostingPlanName\": {\r\n          \"type\": \"string\"\r\n        },\r\n        \"siteLocation\": {\r\n          \"type\": \"string\"\r\n        },\r\n        \"sku\": {\r\n          \"type\": \"string\",\r\n          \"allowedValues\": [\r\n            \"Free\",\r\n            \"Shared\",\r\n            \"Basic\",\r\n            \"Standard\"\r\n          ],\r\n          \"defaultValue\": \"Free\"\r\n        },\r\n        \"workerSize\": {\r\n          \"type\": \"int\",\r\n          \"allowedValues\": [\r\n            0,\r\n            1,\r\n            2\r\n          ],\r\n          \"defaultValue\": 0\r\n        }\r\n      },\r\n      \"resources\": [\r\n        {\r\n          \"apiVersion\": \"2014-04-01\",\r\n          \"name\": \"[parameters('hostingPlanName')]\",\r\n          \"type\": \"Microsoft.Web/serverfarms\",\r\n          \"location\": \"[parameters('siteLocation')]\",\r\n          \"properties\": {\r\n            \"name\": \"[parameters('hostingPlanName')]\",\r\n            \"sku\": \"[parameters('sku')]\",\r\n            \"workerSize\": \"[parameters('workerSize')]\",\r\n            \"numberOfWorkers\": 1\r\n          }\r\n        }\r\n      ]\r\n    },\r\n    \"managedResources\": [],\r\n    \"provisioningState\": \"initializing\"\r\n  },\r\n  \"systemData\": {\r\n    \"createdBy\": \"546094f3-32fa-493c-824c-bd9575b0d2fe\",\r\n    \"createdByType\": \"Application\",\r\n    \"createdAt\": \"2022-04-25T18:43:47.6393594Z\",\r\n    \"lastModifiedBy\": \"546094f3-32fa-493c-824c-bd9575b0d2fe\",\r\n    \"lastModifiedByType\": \"Application\",\r\n    \"lastModifiedAt\": \"2022-04-25T18:43:47.6393594Z\"\r\n  },\r\n  \"id\": \"/subscriptions/a1bfa635-f2bf-42f1-86b5-848c674fc321/resourceGroups/ps9981/providers/Microsoft.Resources/deploymentStacks/ps9183\",\r\n  \"type\": \"Microsoft.Resources/deploymentStacks\",\r\n  \"name\": \"ps9183\"\r\n}",
      "StatusCode": 201
    },
    {
      "RequestUri": "/subscriptions/a1bfa635-f2bf-42f1-86b5-848c674fc321/resourceGroups/ps9981/providers/Microsoft.Resources/deploymentStacks/ps9183?api-version=2021-05-01-preview",
      "EncodedRequestUri": "L3N1YnNjcmlwdGlvbnMvYTFiZmE2MzUtZjJiZi00MmYxLTg2YjUtODQ4YzY3NGZjMzIxL3Jlc291cmNlR3JvdXBzL3BzOTk4MS9wcm92aWRlcnMvTWljcm9zb2Z0LlJlc291cmNlcy9kZXBsb3ltZW50U3RhY2tzL3BzOTE4Mz9hcGktdmVyc2lvbj0yMDIxLTA1LTAxLXByZXZpZXc=",
      "RequestMethod": "PUT",
      "RequestBody": "{\r\n  \"properties\": {\r\n    \"template\": {\r\n      \"$schema\": \"http://schema.management.azure.com/schemas/2014-04-01-preview/deploymentTemplate.json#\",\r\n      \"contentVersion\": \"1.0.0.0\",\r\n      \"parameters\": {\r\n        \"hostingPlanName\": {\r\n          \"type\": \"string\"\r\n        },\r\n        \"siteLocation\": {\r\n          \"type\": \"string\"\r\n        },\r\n        \"sku\": {\r\n          \"type\": \"string\",\r\n          \"allowedValues\": [\r\n            \"Free\",\r\n            \"Shared\",\r\n            \"Basic\",\r\n            \"Standard\"\r\n          ],\r\n          \"defaultValue\": \"Free\"\r\n        },\r\n        \"workerSize\": {\r\n          \"type\": \"int\",\r\n          \"allowedValues\": [\r\n            0,\r\n            1,\r\n            2\r\n          ],\r\n          \"defaultValue\": 0\r\n        }\r\n      },\r\n      \"resources\": [\r\n        {\r\n          \"apiVersion\": \"2014-04-01\",\r\n          \"name\": \"[parameters('hostingPlanName')]\",\r\n          \"type\": \"Microsoft.Web/serverfarms\",\r\n          \"location\": \"[parameters('siteLocation')]\",\r\n          \"properties\": {\r\n            \"name\": \"[parameters('hostingPlanName')]\",\r\n            \"sku\": \"[parameters('sku')]\",\r\n            \"workerSize\": \"[parameters('workerSize')]\",\r\n            \"numberOfWorkers\": 1\r\n          }\r\n        }\r\n      ]\r\n    },\r\n    \"parameters\": {\r\n      \"siteLocation\": {\r\n        \"value\": \"East US\"\r\n      },\r\n      \"hostingPlanName\": {\r\n        \"value\": \"xDeploymentTestHost26669\"\r\n      },\r\n      \"workerSize\": {\r\n        \"value\": 0\r\n      },\r\n      \"sku\": {\r\n        \"value\": \"Basic\"\r\n      }\r\n    },\r\n    \"updateBehavior\": \"detachResources\"\r\n  }\r\n}",
      "RequestHeaders": {
        "x-ms-client-request-id": [
          "79a85dc6-6325-4e43-9aff-6580ffe10ca6"
        ],
        "Accept-Language": [
          "en-US"
        ],
        "User-Agent": [
          "FxVersion/4.6.30411.01",
          "OSName/Windows",
          "OSVersion/Microsoft.Windows.10.0.22000.",
          "Microsoft.Azure.Management.ResourceManager.DeploymentStacksClient/3.13.2.0"
        ],
        "Content-Type": [
          "application/json; charset=utf-8"
        ],
        "Content-Length": [
          "1577"
        ]
      },
      "ResponseHeaders": {
        "Cache-Control": [
          "no-cache"
        ],
        "Pragma": [
          "no-cache"
        ],
        "Retry-After": [
          "0"
        ],
        "Azure-AsyncOperation": [
          "https://management.azure.com/subscriptions/a1bfa635-f2bf-42f1-86b5-848c674fc321/providers/Microsoft.Resources/locations/westus2/deploymentStackOperationStatus/2c081127-048a-4204-9bdb-41dc3603bd38?api-version=2021-05-01-preview"
        ],
        "x-ms-request-id": [
          "ed1532c2-9d6f-4933-b5e9-6b66fef0df3b"
        ],
        "Server": [
          "Microsoft-HTTPAPI/2.0"
        ],
        "x-ms-ratelimit-remaining-subscription-writes": [
          "1199"
        ],
        "x-ms-correlation-request-id": [
          "faaeec3d-7642-4308-a457-3354ee62c657"
        ],
        "x-ms-routing-request-id": [
          "EASTUS2:20220425T184359Z:faaeec3d-7642-4308-a457-3354ee62c657"
        ],
        "Strict-Transport-Security": [
          "max-age=31536000; includeSubDomains"
        ],
        "X-Content-Type-Options": [
          "nosniff"
        ],
        "Date": [
          "Mon, 25 Apr 2022 18:43:58 GMT"
        ],
        "Content-Length": [
          "2189"
        ],
        "Content-Type": [
          "application/json; charset=utf-8"
        ],
        "Expires": [
          "-1"
        ]
      },
      "ResponseBody": "{\r\n  \"properties\": {\r\n    \"updateBehavior\": \"detachResources\",\r\n    \"parameters\": {\r\n      \"siteLocation\": {\r\n        \"value\": \"East US\"\r\n      },\r\n      \"hostingPlanName\": {\r\n        \"value\": \"xDeploymentTestHost26669\"\r\n      },\r\n      \"workerSize\": {\r\n        \"value\": 0\r\n      },\r\n      \"sku\": {\r\n        \"value\": \"Basic\"\r\n      }\r\n    },\r\n    \"template\": {\r\n      \"$schema\": \"http://schema.management.azure.com/schemas/2014-04-01-preview/deploymentTemplate.json#\",\r\n      \"contentVersion\": \"1.0.0.0\",\r\n      \"parameters\": {\r\n        \"hostingPlanName\": {\r\n          \"type\": \"string\"\r\n        },\r\n        \"siteLocation\": {\r\n          \"type\": \"string\"\r\n        },\r\n        \"sku\": {\r\n          \"type\": \"string\",\r\n          \"allowedValues\": [\r\n            \"Free\",\r\n            \"Shared\",\r\n            \"Basic\",\r\n            \"Standard\"\r\n          ],\r\n          \"defaultValue\": \"Free\"\r\n        },\r\n        \"workerSize\": {\r\n          \"type\": \"int\",\r\n          \"allowedValues\": [\r\n            0,\r\n            1,\r\n            2\r\n          ],\r\n          \"defaultValue\": 0\r\n        }\r\n      },\r\n      \"resources\": [\r\n        {\r\n          \"apiVersion\": \"2014-04-01\",\r\n          \"name\": \"[parameters('hostingPlanName')]\",\r\n          \"type\": \"Microsoft.Web/serverfarms\",\r\n          \"location\": \"[parameters('siteLocation')]\",\r\n          \"properties\": {\r\n            \"name\": \"[parameters('hostingPlanName')]\",\r\n            \"sku\": \"[parameters('sku')]\",\r\n            \"workerSize\": \"[parameters('workerSize')]\",\r\n            \"numberOfWorkers\": 1\r\n          }\r\n        }\r\n      ]\r\n    },\r\n    \"managedResources\": [],\r\n    \"provisioningState\": \"initializing\"\r\n  },\r\n  \"systemData\": {\r\n    \"createdBy\": \"546094f3-32fa-493c-824c-bd9575b0d2fe\",\r\n    \"createdByType\": \"Application\",\r\n    \"createdAt\": \"2022-04-25T18:43:47.6393594Z\",\r\n    \"lastModifiedBy\": \"546094f3-32fa-493c-824c-bd9575b0d2fe\",\r\n    \"lastModifiedByType\": \"Application\",\r\n    \"lastModifiedAt\": \"2022-04-25T18:43:58.5689423Z\"\r\n  },\r\n  \"id\": \"/subscriptions/a1bfa635-f2bf-42f1-86b5-848c674fc321/resourceGroups/ps9981/providers/Microsoft.Resources/deploymentStacks/ps9183\",\r\n  \"type\": \"Microsoft.Resources/deploymentStacks\",\r\n  \"name\": \"ps9183\"\r\n}",
      "StatusCode": 200
    },
    {
      "RequestUri": "/subscriptions/a1bfa635-f2bf-42f1-86b5-848c674fc321/resourceGroups/ps9981/providers/Microsoft.Resources/deploymentStacks/ps9183?api-version=2021-05-01-preview",
      "EncodedRequestUri": "L3N1YnNjcmlwdGlvbnMvYTFiZmE2MzUtZjJiZi00MmYxLTg2YjUtODQ4YzY3NGZjMzIxL3Jlc291cmNlR3JvdXBzL3BzOTk4MS9wcm92aWRlcnMvTWljcm9zb2Z0LlJlc291cmNlcy9kZXBsb3ltZW50U3RhY2tzL3BzOTE4Mz9hcGktdmVyc2lvbj0yMDIxLTA1LTAxLXByZXZpZXc=",
      "RequestMethod": "PUT",
      "RequestBody": "{\r\n  \"properties\": {\r\n    \"template\": {\r\n      \"$schema\": \"http://schema.management.azure.com/schemas/2014-04-01-preview/deploymentTemplate.json#\",\r\n      \"contentVersion\": \"1.0.0.0\",\r\n      \"parameters\": {\r\n        \"hostingPlanName\": {\r\n          \"type\": \"string\"\r\n        },\r\n        \"siteLocation\": {\r\n          \"type\": \"string\"\r\n        },\r\n        \"sku\": {\r\n          \"type\": \"string\",\r\n          \"allowedValues\": [\r\n            \"Free\",\r\n            \"Shared\",\r\n            \"Basic\",\r\n            \"Standard\"\r\n          ],\r\n          \"defaultValue\": \"Free\"\r\n        },\r\n        \"workerSize\": {\r\n          \"type\": \"int\",\r\n          \"allowedValues\": [\r\n            0,\r\n            1,\r\n            2\r\n          ],\r\n          \"defaultValue\": 0\r\n        }\r\n      },\r\n      \"resources\": [\r\n        {\r\n          \"apiVersion\": \"2014-04-01\",\r\n          \"name\": \"[parameters('hostingPlanName')]\",\r\n          \"type\": \"Microsoft.Web/serverfarms\",\r\n          \"location\": \"[parameters('siteLocation')]\",\r\n          \"properties\": {\r\n            \"name\": \"[parameters('hostingPlanName')]\",\r\n            \"sku\": \"[parameters('sku')]\",\r\n            \"workerSize\": \"[parameters('workerSize')]\",\r\n            \"numberOfWorkers\": 1\r\n          }\r\n        }\r\n      ]\r\n    },\r\n    \"parameters\": {\r\n      \"siteLocation\": {\r\n        \"value\": \"East US\"\r\n      },\r\n      \"hostingPlanName\": {\r\n        \"value\": \"xDeploymentTestHost26669\"\r\n      },\r\n      \"workerSize\": {\r\n        \"value\": 0\r\n      },\r\n      \"sku\": {\r\n        \"value\": \"Basic\"\r\n      }\r\n    },\r\n    \"updateBehavior\": \"detachResources\"\r\n  }\r\n}",
      "RequestHeaders": {
        "x-ms-client-request-id": [
          "f1380538-f402-40bb-a578-b592f2697317"
        ],
        "Accept-Language": [
          "en-US"
        ],
        "User-Agent": [
          "FxVersion/4.6.30411.01",
          "OSName/Windows",
          "OSVersion/Microsoft.Windows.10.0.22000.",
          "Microsoft.Azure.Management.ResourceManager.DeploymentStacksClient/3.13.2.0"
        ],
        "Content-Type": [
          "application/json; charset=utf-8"
        ],
        "Content-Length": [
          "1577"
        ]
      },
      "ResponseHeaders": {
        "Cache-Control": [
          "no-cache"
        ],
        "Pragma": [
          "no-cache"
        ],
        "Retry-After": [
          "0"
        ],
        "Azure-AsyncOperation": [
          "https://management.azure.com/subscriptions/a1bfa635-f2bf-42f1-86b5-848c674fc321/providers/Microsoft.Resources/locations/westus2/deploymentStackOperationStatus/f4622aa8-f17f-4dab-8376-e2a52ab704c1?api-version=2021-05-01-preview"
        ],
        "x-ms-request-id": [
          "c4040ebb-87a5-440e-a64c-395b6f7a8662"
        ],
        "Server": [
          "Microsoft-HTTPAPI/2.0"
        ],
        "x-ms-ratelimit-remaining-subscription-writes": [
          "1199"
        ],
        "x-ms-correlation-request-id": [
          "b648d0a2-16c0-43cb-8f02-38e20143aef3"
        ],
        "x-ms-routing-request-id": [
          "EASTUS2:20220425T184627Z:b648d0a2-16c0-43cb-8f02-38e20143aef3"
        ],
        "Strict-Transport-Security": [
          "max-age=31536000; includeSubDomains"
        ],
        "X-Content-Type-Options": [
          "nosniff"
        ],
        "Date": [
          "Mon, 25 Apr 2022 18:46:27 GMT"
        ],
        "Content-Length": [
          "2189"
        ],
        "Content-Type": [
          "application/json; charset=utf-8"
        ],
        "Expires": [
          "-1"
        ]
      },
      "ResponseBody": "{\r\n  \"properties\": {\r\n    \"updateBehavior\": \"detachResources\",\r\n    \"parameters\": {\r\n      \"siteLocation\": {\r\n        \"value\": \"East US\"\r\n      },\r\n      \"hostingPlanName\": {\r\n        \"value\": \"xDeploymentTestHost26669\"\r\n      },\r\n      \"workerSize\": {\r\n        \"value\": 0\r\n      },\r\n      \"sku\": {\r\n        \"value\": \"Basic\"\r\n      }\r\n    },\r\n    \"template\": {\r\n      \"$schema\": \"http://schema.management.azure.com/schemas/2014-04-01-preview/deploymentTemplate.json#\",\r\n      \"contentVersion\": \"1.0.0.0\",\r\n      \"parameters\": {\r\n        \"hostingPlanName\": {\r\n          \"type\": \"string\"\r\n        },\r\n        \"siteLocation\": {\r\n          \"type\": \"string\"\r\n        },\r\n        \"sku\": {\r\n          \"type\": \"string\",\r\n          \"allowedValues\": [\r\n            \"Free\",\r\n            \"Shared\",\r\n            \"Basic\",\r\n            \"Standard\"\r\n          ],\r\n          \"defaultValue\": \"Free\"\r\n        },\r\n        \"workerSize\": {\r\n          \"type\": \"int\",\r\n          \"allowedValues\": [\r\n            0,\r\n            1,\r\n            2\r\n          ],\r\n          \"defaultValue\": 0\r\n        }\r\n      },\r\n      \"resources\": [\r\n        {\r\n          \"apiVersion\": \"2014-04-01\",\r\n          \"name\": \"[parameters('hostingPlanName')]\",\r\n          \"type\": \"Microsoft.Web/serverfarms\",\r\n          \"location\": \"[parameters('siteLocation')]\",\r\n          \"properties\": {\r\n            \"name\": \"[parameters('hostingPlanName')]\",\r\n            \"sku\": \"[parameters('sku')]\",\r\n            \"workerSize\": \"[parameters('workerSize')]\",\r\n            \"numberOfWorkers\": 1\r\n          }\r\n        }\r\n      ]\r\n    },\r\n    \"managedResources\": [],\r\n    \"provisioningState\": \"initializing\"\r\n  },\r\n  \"systemData\": {\r\n    \"createdBy\": \"546094f3-32fa-493c-824c-bd9575b0d2fe\",\r\n    \"createdByType\": \"Application\",\r\n    \"createdAt\": \"2022-04-25T18:46:27.0545703Z\",\r\n    \"lastModifiedBy\": \"546094f3-32fa-493c-824c-bd9575b0d2fe\",\r\n    \"lastModifiedByType\": \"Application\",\r\n    \"lastModifiedAt\": \"2022-04-25T18:46:27.0545703Z\"\r\n  },\r\n  \"id\": \"/subscriptions/a1bfa635-f2bf-42f1-86b5-848c674fc321/resourceGroups/ps9981/providers/Microsoft.Resources/deploymentStacks/ps9183\",\r\n  \"type\": \"Microsoft.Resources/deploymentStacks\",\r\n  \"name\": \"ps9183\"\r\n}",
      "StatusCode": 201
    },
    {
      "RequestUri": "/subscriptions/a1bfa635-f2bf-42f1-86b5-848c674fc321/resourceGroups/ps9981/providers/Microsoft.Resources/deploymentStacks/ps9183?api-version=2021-05-01-preview",
      "EncodedRequestUri": "L3N1YnNjcmlwdGlvbnMvYTFiZmE2MzUtZjJiZi00MmYxLTg2YjUtODQ4YzY3NGZjMzIxL3Jlc291cmNlR3JvdXBzL3BzOTk4MS9wcm92aWRlcnMvTWljcm9zb2Z0LlJlc291cmNlcy9kZXBsb3ltZW50U3RhY2tzL3BzOTE4Mz9hcGktdmVyc2lvbj0yMDIxLTA1LTAxLXByZXZpZXc=",
      "RequestMethod": "PUT",
      "RequestBody": "{\r\n  \"properties\": {\r\n    \"template\": {\r\n      \"$schema\": \"http://schema.management.azure.com/schemas/2014-04-01-preview/deploymentTemplate.json#\",\r\n      \"contentVersion\": \"1.0.0.0\",\r\n      \"parameters\": {\r\n        \"hostingPlanName\": {\r\n          \"type\": \"string\"\r\n        },\r\n        \"siteLocation\": {\r\n          \"type\": \"string\"\r\n        },\r\n        \"sku\": {\r\n          \"type\": \"string\",\r\n          \"allowedValues\": [\r\n            \"Free\",\r\n            \"Shared\",\r\n            \"Basic\",\r\n            \"Standard\"\r\n          ],\r\n          \"defaultValue\": \"Free\"\r\n        },\r\n        \"workerSize\": {\r\n          \"type\": \"int\",\r\n          \"allowedValues\": [\r\n            0,\r\n            1,\r\n            2\r\n          ],\r\n          \"defaultValue\": 0\r\n        }\r\n      },\r\n      \"resources\": [\r\n        {\r\n          \"apiVersion\": \"2014-04-01\",\r\n          \"name\": \"[parameters('hostingPlanName')]\",\r\n          \"type\": \"Microsoft.Web/serverfarms\",\r\n          \"location\": \"[parameters('siteLocation')]\",\r\n          \"properties\": {\r\n            \"name\": \"[parameters('hostingPlanName')]\",\r\n            \"sku\": \"[parameters('sku')]\",\r\n            \"workerSize\": \"[parameters('workerSize')]\",\r\n            \"numberOfWorkers\": 1\r\n          }\r\n        }\r\n      ]\r\n    },\r\n    \"parameters\": {\r\n      \"siteLocation\": {\r\n        \"value\": \"East US\"\r\n      },\r\n      \"hostingPlanName\": {\r\n        \"value\": \"xDeploymentTestHost26669\"\r\n      },\r\n      \"workerSize\": {\r\n        \"value\": 0\r\n      },\r\n      \"sku\": {\r\n        \"value\": \"Basic\"\r\n      }\r\n    },\r\n    \"updateBehavior\": \"detachResources\"\r\n  }\r\n}",
      "RequestHeaders": {
        "x-ms-client-request-id": [
          "77887a8e-4974-4071-88a9-b377a70cf956"
        ],
        "Accept-Language": [
          "en-US"
        ],
        "User-Agent": [
          "FxVersion/4.6.30411.01",
          "OSName/Windows",
          "OSVersion/Microsoft.Windows.10.0.22000.",
          "Microsoft.Azure.Management.ResourceManager.DeploymentStacksClient/3.13.2.0"
        ],
        "Content-Type": [
          "application/json; charset=utf-8"
        ],
        "Content-Length": [
          "1577"
        ]
      },
      "ResponseHeaders": {
        "Cache-Control": [
          "no-cache"
        ],
        "Pragma": [
          "no-cache"
        ],
        "Retry-After": [
          "0"
        ],
        "Azure-AsyncOperation": [
          "https://management.azure.com/subscriptions/a1bfa635-f2bf-42f1-86b5-848c674fc321/providers/Microsoft.Resources/locations/westus2/deploymentStackOperationStatus/1f44dd21-24ed-4753-8ea4-f8477e639317?api-version=2021-05-01-preview"
        ],
        "x-ms-request-id": [
          "985e0a9b-5b9b-4a06-a56b-6d46cd0ebf67"
        ],
        "Server": [
          "Microsoft-HTTPAPI/2.0"
        ],
        "x-ms-ratelimit-remaining-subscription-writes": [
          "1199"
        ],
        "x-ms-correlation-request-id": [
          "c3c28bb6-7d80-410e-a660-5398a9ba0764"
        ],
        "x-ms-routing-request-id": [
          "EASTUS2:20220425T184644Z:c3c28bb6-7d80-410e-a660-5398a9ba0764"
        ],
        "Strict-Transport-Security": [
          "max-age=31536000; includeSubDomains"
        ],
        "X-Content-Type-Options": [
          "nosniff"
        ],
        "Date": [
          "Mon, 25 Apr 2022 18:46:43 GMT"
        ],
        "Content-Length": [
          "2188"
        ],
        "Content-Type": [
          "application/json; charset=utf-8"
        ],
        "Expires": [
          "-1"
        ]
      },
      "ResponseBody": "{\r\n  \"properties\": {\r\n    \"updateBehavior\": \"detachResources\",\r\n    \"parameters\": {\r\n      \"siteLocation\": {\r\n        \"value\": \"East US\"\r\n      },\r\n      \"hostingPlanName\": {\r\n        \"value\": \"xDeploymentTestHost26669\"\r\n      },\r\n      \"workerSize\": {\r\n        \"value\": 0\r\n      },\r\n      \"sku\": {\r\n        \"value\": \"Basic\"\r\n      }\r\n    },\r\n    \"template\": {\r\n      \"$schema\": \"http://schema.management.azure.com/schemas/2014-04-01-preview/deploymentTemplate.json#\",\r\n      \"contentVersion\": \"1.0.0.0\",\r\n      \"parameters\": {\r\n        \"hostingPlanName\": {\r\n          \"type\": \"string\"\r\n        },\r\n        \"siteLocation\": {\r\n          \"type\": \"string\"\r\n        },\r\n        \"sku\": {\r\n          \"type\": \"string\",\r\n          \"allowedValues\": [\r\n            \"Free\",\r\n            \"Shared\",\r\n            \"Basic\",\r\n            \"Standard\"\r\n          ],\r\n          \"defaultValue\": \"Free\"\r\n        },\r\n        \"workerSize\": {\r\n          \"type\": \"int\",\r\n          \"allowedValues\": [\r\n            0,\r\n            1,\r\n            2\r\n          ],\r\n          \"defaultValue\": 0\r\n        }\r\n      },\r\n      \"resources\": [\r\n        {\r\n          \"apiVersion\": \"2014-04-01\",\r\n          \"name\": \"[parameters('hostingPlanName')]\",\r\n          \"type\": \"Microsoft.Web/serverfarms\",\r\n          \"location\": \"[parameters('siteLocation')]\",\r\n          \"properties\": {\r\n            \"name\": \"[parameters('hostingPlanName')]\",\r\n            \"sku\": \"[parameters('sku')]\",\r\n            \"workerSize\": \"[parameters('workerSize')]\",\r\n            \"numberOfWorkers\": 1\r\n          }\r\n        }\r\n      ]\r\n    },\r\n    \"managedResources\": [],\r\n    \"provisioningState\": \"initializing\"\r\n  },\r\n  \"systemData\": {\r\n    \"createdBy\": \"546094f3-32fa-493c-824c-bd9575b0d2fe\",\r\n    \"createdByType\": \"Application\",\r\n    \"createdAt\": \"2022-04-25T18:46:27.0545703Z\",\r\n    \"lastModifiedBy\": \"546094f3-32fa-493c-824c-bd9575b0d2fe\",\r\n    \"lastModifiedByType\": \"Application\",\r\n    \"lastModifiedAt\": \"2022-04-25T18:46:43.517655Z\"\r\n  },\r\n  \"id\": \"/subscriptions/a1bfa635-f2bf-42f1-86b5-848c674fc321/resourceGroups/ps9981/providers/Microsoft.Resources/deploymentStacks/ps9183\",\r\n  \"type\": \"Microsoft.Resources/deploymentStacks\",\r\n  \"name\": \"ps9183\"\r\n}",
      "StatusCode": 200
    },
    {
      "RequestUri": "/subscriptions/a1bfa635-f2bf-42f1-86b5-848c674fc321/resourceGroups/ps9981/providers/Microsoft.Resources/deploymentStacks/ps9183/snapshots/2022-04-25-18-43-47-44355?api-version=2021-05-01-preview",
      "EncodedRequestUri": "L3N1YnNjcmlwdGlvbnMvYTFiZmE2MzUtZjJiZi00MmYxLTg2YjUtODQ4YzY3NGZjMzIxL3Jlc291cmNlR3JvdXBzL3BzOTk4MS9wcm92aWRlcnMvTWljcm9zb2Z0LlJlc291cmNlcy9kZXBsb3ltZW50U3RhY2tzL3BzOTE4My9zbmFwc2hvdHMvMjAyMi0wNC0yNS0xOC00My00Ny00NDM1NT9hcGktdmVyc2lvbj0yMDIxLTA1LTAxLXByZXZpZXc=",
      "RequestMethod": "DELETE",
      "RequestBody": "",
      "RequestHeaders": {
        "x-ms-client-request-id": [
          "c9c86c42-16c3-4a06-a8ee-e42693a1f43c"
        ],
        "Accept-Language": [
          "en-US"
        ],
        "User-Agent": [
          "FxVersion/4.6.30411.01",
          "OSName/Windows",
          "OSVersion/Microsoft.Windows.10.0.22000.",
          "Microsoft.Azure.Management.ResourceManager.DeploymentStacksClient/3.13.2.0"
        ]
      },
      "ResponseHeaders": {
        "Cache-Control": [
          "no-cache"
        ],
        "Pragma": [
          "no-cache"
        ],
        "x-ms-request-id": [
          "fcdd9f08-5559-4ac6-a3c9-cc07ac74481e"
        ],
        "Server": [
          "Microsoft-HTTPAPI/2.0"
        ],
        "x-ms-ratelimit-remaining-subscription-deletes": [
          "14999"
        ],
        "x-ms-correlation-request-id": [
          "ef284fd2-97e1-49e7-b5e5-fa81f8eade10"
        ],
        "x-ms-routing-request-id": [
          "EASTUS2:20220425T184405Z:ef284fd2-97e1-49e7-b5e5-fa81f8eade10"
        ],
        "Strict-Transport-Security": [
          "max-age=31536000; includeSubDomains"
        ],
        "X-Content-Type-Options": [
          "nosniff"
        ],
        "Date": [
          "Mon, 25 Apr 2022 18:44:04 GMT"
        ],
        "Expires": [
          "-1"
        ],
        "Content-Length": [
          "0"
        ],
        "Retry-After": [
          "0"
        ]
      },
      "ResponseBody": "",
      "StatusCode": 200
    },
    {
      "RequestUri": "/subscriptions/a1bfa635-f2bf-42f1-86b5-848c674fc321/resourcegroups/ps9981?api-version=2021-04-01",
      "EncodedRequestUri": "L3N1YnNjcmlwdGlvbnMvYTFiZmE2MzUtZjJiZi00MmYxLTg2YjUtODQ4YzY3NGZjMzIxL3Jlc291cmNlZ3JvdXBzL3BzOTk4MT9hcGktdmVyc2lvbj0yMDIxLTA0LTAx",
      "RequestMethod": "DELETE",
      "RequestBody": "",
      "RequestHeaders": {
        "x-ms-client-request-id": [
          "fe0594d2-3b4b-44ec-ad4a-ccfda84d3c2c"
        ],
        "Accept-Language": [
          "en-US"
        ],
        "User-Agent": [
          "FxVersion/4.6.30411.01",
          "OSName/Windows",
          "OSVersion/Microsoft.Windows.10.0.22000.",
          "Microsoft.Azure.Management.ResourceManager.ResourceManagementClient/3.13.2.0"
        ]
      },
      "ResponseHeaders": {
        "Cache-Control": [
          "no-cache"
        ],
        "Pragma": [
          "no-cache"
        ],
        "Location": [
          "https://management.azure.com/subscriptions/a1bfa635-f2bf-42f1-86b5-848c674fc321/operationresults/eyJqb2JJZCI6IlJFU09VUkNFR1JPVVBERUxFVElPTkpPQi1QUzk5ODEtV0VTVFVTMiIsImpvYkxvY2F0aW9uIjoid2VzdHVzMiJ9?api-version=2021-04-01"
        ],
        "Retry-After": [
          "0"
        ],
        "x-ms-ratelimit-remaining-subscription-deletes": [
          "14999"
        ],
        "x-ms-request-id": [
          "2516a756-b2b2-40c9-b667-f58ade9bce8d"
        ],
        "x-ms-correlation-request-id": [
          "2516a756-b2b2-40c9-b667-f58ade9bce8d"
        ],
        "x-ms-routing-request-id": [
          "EASTUS2:20220425T184407Z:2516a756-b2b2-40c9-b667-f58ade9bce8d"
        ],
        "Strict-Transport-Security": [
          "max-age=31536000; includeSubDomains"
        ],
        "X-Content-Type-Options": [
          "nosniff"
        ],
        "Date": [
          "Mon, 25 Apr 2022 18:44:07 GMT"
        ],
        "Expires": [
          "-1"
        ],
        "Content-Length": [
          "0"
        ]
      },
      "ResponseBody": "",
      "StatusCode": 202
    },
    {
      "RequestUri": "/subscriptions/a1bfa635-f2bf-42f1-86b5-848c674fc321/resourcegroups/ps9981?api-version=2021-04-01",
      "EncodedRequestUri": "L3N1YnNjcmlwdGlvbnMvYTFiZmE2MzUtZjJiZi00MmYxLTg2YjUtODQ4YzY3NGZjMzIxL3Jlc291cmNlZ3JvdXBzL3BzOTk4MT9hcGktdmVyc2lvbj0yMDIxLTA0LTAx",
      "RequestMethod": "DELETE",
      "RequestBody": "",
      "RequestHeaders": {
        "x-ms-client-request-id": [
          "aad0c87e-8652-47c9-90a1-99d8e809555a"
        ],
        "Accept-Language": [
          "en-US"
        ],
        "User-Agent": [
          "FxVersion/4.6.30411.01",
          "OSName/Windows",
          "OSVersion/Microsoft.Windows.10.0.22000.",
          "Microsoft.Azure.Management.ResourceManager.ResourceManagementClient/3.13.2.0"
        ]
      },
      "ResponseHeaders": {
        "Cache-Control": [
          "no-cache"
        ],
        "Pragma": [
          "no-cache"
        ],
        "Location": [
          "https://management.azure.com/subscriptions/a1bfa635-f2bf-42f1-86b5-848c674fc321/operationresults/eyJqb2JJZCI6IlJFU09VUkNFR1JPVVBERUxFVElPTkpPQi1QUzk5ODEtV0VTVFVTMiIsImpvYkxvY2F0aW9uIjoid2VzdHVzMiJ9?api-version=2021-04-01"
        ],
        "Retry-After": [
          "0"
        ],
        "x-ms-ratelimit-remaining-subscription-deletes": [
          "14999"
        ],
        "x-ms-request-id": [
          "8889707e-59f8-4e6f-ac8f-f9082b0371b2"
        ],
        "x-ms-correlation-request-id": [
          "8889707e-59f8-4e6f-ac8f-f9082b0371b2"
        ],
        "x-ms-routing-request-id": [
          "EASTUS2:20220425T184657Z:8889707e-59f8-4e6f-ac8f-f9082b0371b2"
        ],
        "Strict-Transport-Security": [
          "max-age=31536000; includeSubDomains"
        ],
        "X-Content-Type-Options": [
          "nosniff"
        ],
        "Date": [
          "Mon, 25 Apr 2022 18:46:57 GMT"
        ],
        "Expires": [
          "-1"
        ],
        "Content-Length": [
          "0"
        ]
      },
      "ResponseBody": "",
      "StatusCode": 202
    },
    {
      "RequestUri": "/subscriptions/a1bfa635-f2bf-42f1-86b5-848c674fc321/operationresults/eyJqb2JJZCI6IlJFU09VUkNFR1JPVVBERUxFVElPTkpPQi1QUzk5ODEtV0VTVFVTMiIsImpvYkxvY2F0aW9uIjoid2VzdHVzMiJ9?api-version=2021-04-01",
      "EncodedRequestUri": "L3N1YnNjcmlwdGlvbnMvYTFiZmE2MzUtZjJiZi00MmYxLTg2YjUtODQ4YzY3NGZjMzIxL29wZXJhdGlvbnJlc3VsdHMvZXlKcWIySkpaQ0k2SWxKRlUwOVZVa05GUjFKUFZWQkVSVXhGVkVsUFRrcFBRaTFRVXprNU9ERXRWMFZUVkZWVE1pSXNJbXB2WWt4dlkyRjBhVzl1SWpvaWQyVnpkSFZ6TWlKOT9hcGktdmVyc2lvbj0yMDIxLTA0LTAx",
      "RequestMethod": "GET",
      "RequestBody": "",
      "RequestHeaders": {
        "x-ms-client-request-id": [
          "fe0594d2-3b4b-44ec-ad4a-ccfda84d3c2c"
        ],
        "User-Agent": [
          "FxVersion/4.6.30411.01",
          "OSName/Windows",
          "OSVersion/Microsoft.Windows.10.0.22000.",
          "Microsoft.Azure.Management.ResourceManager.ResourceManagementClient/3.13.2.0"
        ]
      },
      "ResponseHeaders": {
        "Cache-Control": [
          "no-cache"
        ],
        "Pragma": [
          "no-cache"
        ],
        "Location": [
          "https://management.azure.com/subscriptions/a1bfa635-f2bf-42f1-86b5-848c674fc321/operationresults/eyJqb2JJZCI6IlJFU09VUkNFR1JPVVBERUxFVElPTkpPQi1QUzk5ODEtV0VTVFVTMiIsImpvYkxvY2F0aW9uIjoid2VzdHVzMiJ9?api-version=2021-04-01"
        ],
        "Retry-After": [
          "0"
        ],
        "x-ms-ratelimit-remaining-subscription-reads": [
          "11998"
        ],
        "x-ms-request-id": [
          "374fc086-a831-4471-a2a3-d3b360f1aebd"
        ],
        "x-ms-correlation-request-id": [
          "374fc086-a831-4471-a2a3-d3b360f1aebd"
        ],
        "x-ms-routing-request-id": [
          "EASTUS2:20220425T184423Z:374fc086-a831-4471-a2a3-d3b360f1aebd"
        ],
        "Strict-Transport-Security": [
          "max-age=31536000; includeSubDomains"
        ],
        "X-Content-Type-Options": [
          "nosniff"
        ],
        "Date": [
          "Mon, 25 Apr 2022 18:44:22 GMT"
        ],
        "Expires": [
          "-1"
        ],
        "Content-Length": [
          "0"
        ]
      },
      "ResponseBody": "",
      "StatusCode": 202
    },
    {
      "RequestUri": "/subscriptions/a1bfa635-f2bf-42f1-86b5-848c674fc321/operationresults/eyJqb2JJZCI6IlJFU09VUkNFR1JPVVBERUxFVElPTkpPQi1QUzk5ODEtV0VTVFVTMiIsImpvYkxvY2F0aW9uIjoid2VzdHVzMiJ9?api-version=2021-04-01",
      "EncodedRequestUri": "L3N1YnNjcmlwdGlvbnMvYTFiZmE2MzUtZjJiZi00MmYxLTg2YjUtODQ4YzY3NGZjMzIxL29wZXJhdGlvbnJlc3VsdHMvZXlKcWIySkpaQ0k2SWxKRlUwOVZVa05GUjFKUFZWQkVSVXhGVkVsUFRrcFBRaTFRVXprNU9ERXRWMFZUVkZWVE1pSXNJbXB2WWt4dlkyRjBhVzl1SWpvaWQyVnpkSFZ6TWlKOT9hcGktdmVyc2lvbj0yMDIxLTA0LTAx",
      "RequestMethod": "GET",
      "RequestBody": "",
      "RequestHeaders": {
        "x-ms-client-request-id": [
          "fe0594d2-3b4b-44ec-ad4a-ccfda84d3c2c"
        ],
        "User-Agent": [
          "FxVersion/4.6.30411.01",
          "OSName/Windows",
          "OSVersion/Microsoft.Windows.10.0.22000.",
          "Microsoft.Azure.Management.ResourceManager.ResourceManagementClient/3.13.2.0"
        ]
      },
      "ResponseHeaders": {
        "Cache-Control": [
          "no-cache"
        ],
        "Pragma": [
          "no-cache"
        ],
        "Location": [
          "https://management.azure.com/subscriptions/a1bfa635-f2bf-42f1-86b5-848c674fc321/operationresults/eyJqb2JJZCI6IlJFU09VUkNFR1JPVVBERUxFVElPTkpPQi1QUzk5ODEtV0VTVFVTMiIsImpvYkxvY2F0aW9uIjoid2VzdHVzMiJ9?api-version=2021-04-01"
        ],
        "Retry-After": [
          "0"
        ],
        "x-ms-ratelimit-remaining-subscription-reads": [
          "11997"
        ],
        "x-ms-request-id": [
          "2fd77040-8e5f-46be-a834-a64d6d1719f1"
        ],
        "x-ms-correlation-request-id": [
          "2fd77040-8e5f-46be-a834-a64d6d1719f1"
        ],
        "x-ms-routing-request-id": [
          "EASTUS2:20220425T184438Z:2fd77040-8e5f-46be-a834-a64d6d1719f1"
        ],
        "Strict-Transport-Security": [
          "max-age=31536000; includeSubDomains"
        ],
        "X-Content-Type-Options": [
          "nosniff"
        ],
        "Date": [
          "Mon, 25 Apr 2022 18:44:37 GMT"
        ],
        "Expires": [
          "-1"
        ],
        "Content-Length": [
          "0"
        ]
      },
      "ResponseBody": "",
      "StatusCode": 202
    },
    {
      "RequestUri": "/subscriptions/a1bfa635-f2bf-42f1-86b5-848c674fc321/operationresults/eyJqb2JJZCI6IlJFU09VUkNFR1JPVVBERUxFVElPTkpPQi1QUzk5ODEtV0VTVFVTMiIsImpvYkxvY2F0aW9uIjoid2VzdHVzMiJ9?api-version=2021-04-01",
      "EncodedRequestUri": "L3N1YnNjcmlwdGlvbnMvYTFiZmE2MzUtZjJiZi00MmYxLTg2YjUtODQ4YzY3NGZjMzIxL29wZXJhdGlvbnJlc3VsdHMvZXlKcWIySkpaQ0k2SWxKRlUwOVZVa05GUjFKUFZWQkVSVXhGVkVsUFRrcFBRaTFRVXprNU9ERXRWMFZUVkZWVE1pSXNJbXB2WWt4dlkyRjBhVzl1SWpvaWQyVnpkSFZ6TWlKOT9hcGktdmVyc2lvbj0yMDIxLTA0LTAx",
      "RequestMethod": "GET",
      "RequestBody": "",
      "RequestHeaders": {
        "x-ms-client-request-id": [
          "fe0594d2-3b4b-44ec-ad4a-ccfda84d3c2c"
        ],
        "User-Agent": [
          "FxVersion/4.6.30411.01",
          "OSName/Windows",
          "OSVersion/Microsoft.Windows.10.0.22000.",
          "Microsoft.Azure.Management.ResourceManager.ResourceManagementClient/3.13.2.0"
        ]
      },
      "ResponseHeaders": {
        "Cache-Control": [
          "no-cache"
        ],
        "Pragma": [
          "no-cache"
        ],
        "Location": [
          "https://management.azure.com/subscriptions/a1bfa635-f2bf-42f1-86b5-848c674fc321/operationresults/eyJqb2JJZCI6IlJFU09VUkNFR1JPVVBERUxFVElPTkpPQi1QUzk5ODEtV0VTVFVTMiIsImpvYkxvY2F0aW9uIjoid2VzdHVzMiJ9?api-version=2021-04-01"
        ],
        "Retry-After": [
          "0"
        ],
        "x-ms-ratelimit-remaining-subscription-reads": [
          "11996"
        ],
        "x-ms-request-id": [
          "43ddc95c-e13b-48ed-a3b5-d11dd05723ce"
        ],
        "x-ms-correlation-request-id": [
          "43ddc95c-e13b-48ed-a3b5-d11dd05723ce"
        ],
        "x-ms-routing-request-id": [
          "EASTUS2:20220425T184453Z:43ddc95c-e13b-48ed-a3b5-d11dd05723ce"
        ],
        "Strict-Transport-Security": [
          "max-age=31536000; includeSubDomains"
        ],
        "X-Content-Type-Options": [
          "nosniff"
        ],
        "Date": [
          "Mon, 25 Apr 2022 18:44:52 GMT"
        ],
        "Expires": [
          "-1"
        ],
        "Content-Length": [
          "0"
        ]
      },
      "ResponseBody": "",
      "StatusCode": 202
    },
    {
      "RequestUri": "/subscriptions/a1bfa635-f2bf-42f1-86b5-848c674fc321/operationresults/eyJqb2JJZCI6IlJFU09VUkNFR1JPVVBERUxFVElPTkpPQi1QUzk5ODEtV0VTVFVTMiIsImpvYkxvY2F0aW9uIjoid2VzdHVzMiJ9?api-version=2021-04-01",
      "EncodedRequestUri": "L3N1YnNjcmlwdGlvbnMvYTFiZmE2MzUtZjJiZi00MmYxLTg2YjUtODQ4YzY3NGZjMzIxL29wZXJhdGlvbnJlc3VsdHMvZXlKcWIySkpaQ0k2SWxKRlUwOVZVa05GUjFKUFZWQkVSVXhGVkVsUFRrcFBRaTFRVXprNU9ERXRWMFZUVkZWVE1pSXNJbXB2WWt4dlkyRjBhVzl1SWpvaWQyVnpkSFZ6TWlKOT9hcGktdmVyc2lvbj0yMDIxLTA0LTAx",
      "RequestMethod": "GET",
      "RequestBody": "",
      "RequestHeaders": {
        "x-ms-client-request-id": [
          "fe0594d2-3b4b-44ec-ad4a-ccfda84d3c2c"
        ],
        "User-Agent": [
          "FxVersion/4.6.30411.01",
          "OSName/Windows",
          "OSVersion/Microsoft.Windows.10.0.22000.",
          "Microsoft.Azure.Management.ResourceManager.ResourceManagementClient/3.13.2.0"
        ]
      },
      "ResponseHeaders": {
        "Cache-Control": [
          "no-cache"
        ],
        "Pragma": [
          "no-cache"
        ],
        "Location": [
          "https://management.azure.com/subscriptions/a1bfa635-f2bf-42f1-86b5-848c674fc321/operationresults/eyJqb2JJZCI6IlJFU09VUkNFR1JPVVBERUxFVElPTkpPQi1QUzk5ODEtV0VTVFVTMiIsImpvYkxvY2F0aW9uIjoid2VzdHVzMiJ9?api-version=2021-04-01"
        ],
        "Retry-After": [
          "0"
        ],
        "x-ms-ratelimit-remaining-subscription-reads": [
          "11995"
        ],
        "x-ms-request-id": [
          "689f3771-df56-4d34-a9d4-3cfa43c1c6be"
        ],
        "x-ms-correlation-request-id": [
          "689f3771-df56-4d34-a9d4-3cfa43c1c6be"
        ],
        "x-ms-routing-request-id": [
          "EASTUS2:20220425T184508Z:689f3771-df56-4d34-a9d4-3cfa43c1c6be"
        ],
        "Strict-Transport-Security": [
          "max-age=31536000; includeSubDomains"
        ],
        "X-Content-Type-Options": [
          "nosniff"
        ],
        "Date": [
          "Mon, 25 Apr 2022 18:45:08 GMT"
        ],
        "Expires": [
          "-1"
        ],
        "Content-Length": [
          "0"
        ]
      },
      "ResponseBody": "",
      "StatusCode": 202
    },
    {
      "RequestUri": "/subscriptions/a1bfa635-f2bf-42f1-86b5-848c674fc321/operationresults/eyJqb2JJZCI6IlJFU09VUkNFR1JPVVBERUxFVElPTkpPQi1QUzk5ODEtV0VTVFVTMiIsImpvYkxvY2F0aW9uIjoid2VzdHVzMiJ9?api-version=2021-04-01",
      "EncodedRequestUri": "L3N1YnNjcmlwdGlvbnMvYTFiZmE2MzUtZjJiZi00MmYxLTg2YjUtODQ4YzY3NGZjMzIxL29wZXJhdGlvbnJlc3VsdHMvZXlKcWIySkpaQ0k2SWxKRlUwOVZVa05GUjFKUFZWQkVSVXhGVkVsUFRrcFBRaTFRVXprNU9ERXRWMFZUVkZWVE1pSXNJbXB2WWt4dlkyRjBhVzl1SWpvaWQyVnpkSFZ6TWlKOT9hcGktdmVyc2lvbj0yMDIxLTA0LTAx",
      "RequestMethod": "GET",
      "RequestBody": "",
      "RequestHeaders": {
        "x-ms-client-request-id": [
          "fe0594d2-3b4b-44ec-ad4a-ccfda84d3c2c"
        ],
        "User-Agent": [
          "FxVersion/4.6.30411.01",
          "OSName/Windows",
          "OSVersion/Microsoft.Windows.10.0.22000.",
          "Microsoft.Azure.Management.ResourceManager.ResourceManagementClient/3.13.2.0"
        ]
      },
      "ResponseHeaders": {
        "Cache-Control": [
          "no-cache"
        ],
        "Pragma": [
          "no-cache"
        ],
        "Location": [
          "https://management.azure.com/subscriptions/a1bfa635-f2bf-42f1-86b5-848c674fc321/operationresults/eyJqb2JJZCI6IlJFU09VUkNFR1JPVVBERUxFVElPTkpPQi1QUzk5ODEtV0VTVFVTMiIsImpvYkxvY2F0aW9uIjoid2VzdHVzMiJ9?api-version=2021-04-01"
        ],
        "Retry-After": [
          "0"
        ],
        "x-ms-ratelimit-remaining-subscription-reads": [
          "11994"
        ],
        "x-ms-request-id": [
          "ffe434aa-1f50-43c7-8ee0-4a0bce75dcaa"
        ],
        "x-ms-correlation-request-id": [
          "ffe434aa-1f50-43c7-8ee0-4a0bce75dcaa"
        ],
        "x-ms-routing-request-id": [
          "EASTUS2:20220425T184523Z:ffe434aa-1f50-43c7-8ee0-4a0bce75dcaa"
        ],
        "Strict-Transport-Security": [
          "max-age=31536000; includeSubDomains"
        ],
        "X-Content-Type-Options": [
          "nosniff"
        ],
        "Date": [
          "Mon, 25 Apr 2022 18:45:23 GMT"
        ],
        "Expires": [
          "-1"
        ],
        "Content-Length": [
          "0"
        ]
      },
      "ResponseBody": "",
      "StatusCode": 202
    },
    {
      "RequestUri": "/subscriptions/a1bfa635-f2bf-42f1-86b5-848c674fc321/operationresults/eyJqb2JJZCI6IlJFU09VUkNFR1JPVVBERUxFVElPTkpPQi1QUzk5ODEtV0VTVFVTMiIsImpvYkxvY2F0aW9uIjoid2VzdHVzMiJ9?api-version=2021-04-01",
      "EncodedRequestUri": "L3N1YnNjcmlwdGlvbnMvYTFiZmE2MzUtZjJiZi00MmYxLTg2YjUtODQ4YzY3NGZjMzIxL29wZXJhdGlvbnJlc3VsdHMvZXlKcWIySkpaQ0k2SWxKRlUwOVZVa05GUjFKUFZWQkVSVXhGVkVsUFRrcFBRaTFRVXprNU9ERXRWMFZUVkZWVE1pSXNJbXB2WWt4dlkyRjBhVzl1SWpvaWQyVnpkSFZ6TWlKOT9hcGktdmVyc2lvbj0yMDIxLTA0LTAx",
      "RequestMethod": "GET",
      "RequestBody": "",
      "RequestHeaders": {
        "x-ms-client-request-id": [
          "fe0594d2-3b4b-44ec-ad4a-ccfda84d3c2c"
        ],
        "User-Agent": [
          "FxVersion/4.6.30411.01",
          "OSName/Windows",
          "OSVersion/Microsoft.Windows.10.0.22000.",
          "Microsoft.Azure.Management.ResourceManager.ResourceManagementClient/3.13.2.0"
        ]
      },
      "ResponseHeaders": {
        "Cache-Control": [
          "no-cache"
        ],
        "Pragma": [
          "no-cache"
        ],
        "Location": [
          "https://management.azure.com/subscriptions/a1bfa635-f2bf-42f1-86b5-848c674fc321/operationresults/eyJqb2JJZCI6IlJFU09VUkNFR1JPVVBERUxFVElPTkpPQi1QUzk5ODEtV0VTVFVTMiIsImpvYkxvY2F0aW9uIjoid2VzdHVzMiJ9?api-version=2021-04-01"
        ],
        "Retry-After": [
          "0"
        ],
        "x-ms-ratelimit-remaining-subscription-reads": [
          "11993"
        ],
        "x-ms-request-id": [
          "28b62f46-9e5d-4d8d-95c4-82aeba947078"
        ],
        "x-ms-correlation-request-id": [
          "28b62f46-9e5d-4d8d-95c4-82aeba947078"
        ],
        "x-ms-routing-request-id": [
          "EASTUS2:20220425T184539Z:28b62f46-9e5d-4d8d-95c4-82aeba947078"
        ],
        "Strict-Transport-Security": [
          "max-age=31536000; includeSubDomains"
        ],
        "X-Content-Type-Options": [
          "nosniff"
        ],
        "Date": [
          "Mon, 25 Apr 2022 18:45:38 GMT"
        ],
        "Expires": [
          "-1"
        ],
        "Content-Length": [
          "0"
        ]
      },
      "ResponseBody": "",
      "StatusCode": 202
    },
    {
      "RequestUri": "/subscriptions/a1bfa635-f2bf-42f1-86b5-848c674fc321/operationresults/eyJqb2JJZCI6IlJFU09VUkNFR1JPVVBERUxFVElPTkpPQi1QUzk5ODEtV0VTVFVTMiIsImpvYkxvY2F0aW9uIjoid2VzdHVzMiJ9?api-version=2021-04-01",
      "EncodedRequestUri": "L3N1YnNjcmlwdGlvbnMvYTFiZmE2MzUtZjJiZi00MmYxLTg2YjUtODQ4YzY3NGZjMzIxL29wZXJhdGlvbnJlc3VsdHMvZXlKcWIySkpaQ0k2SWxKRlUwOVZVa05GUjFKUFZWQkVSVXhGVkVsUFRrcFBRaTFRVXprNU9ERXRWMFZUVkZWVE1pSXNJbXB2WWt4dlkyRjBhVzl1SWpvaWQyVnpkSFZ6TWlKOT9hcGktdmVyc2lvbj0yMDIxLTA0LTAx",
      "RequestMethod": "GET",
      "RequestBody": "",
      "RequestHeaders": {
        "x-ms-client-request-id": [
          "fe0594d2-3b4b-44ec-ad4a-ccfda84d3c2c"
        ],
        "User-Agent": [
          "FxVersion/4.6.30411.01",
          "OSName/Windows",
          "OSVersion/Microsoft.Windows.10.0.22000.",
          "Microsoft.Azure.Management.ResourceManager.ResourceManagementClient/3.13.2.0"
        ]
      },
      "ResponseHeaders": {
        "Cache-Control": [
          "no-cache"
        ],
        "Pragma": [
          "no-cache"
        ],
        "Location": [
          "https://management.azure.com/subscriptions/a1bfa635-f2bf-42f1-86b5-848c674fc321/operationresults/eyJqb2JJZCI6IlJFU09VUkNFR1JPVVBERUxFVElPTkpPQi1QUzk5ODEtV0VTVFVTMiIsImpvYkxvY2F0aW9uIjoid2VzdHVzMiJ9?api-version=2021-04-01"
        ],
        "Retry-After": [
          "0"
        ],
        "x-ms-ratelimit-remaining-subscription-reads": [
          "11992"
        ],
        "x-ms-request-id": [
          "7d9ba677-1c1a-4ab6-bb83-e70955ebe3b4"
        ],
        "x-ms-correlation-request-id": [
          "7d9ba677-1c1a-4ab6-bb83-e70955ebe3b4"
        ],
        "x-ms-routing-request-id": [
          "EASTUS2:20220425T184554Z:7d9ba677-1c1a-4ab6-bb83-e70955ebe3b4"
        ],
        "Strict-Transport-Security": [
          "max-age=31536000; includeSubDomains"
        ],
        "X-Content-Type-Options": [
          "nosniff"
        ],
        "Date": [
          "Mon, 25 Apr 2022 18:45:53 GMT"
        ],
        "Expires": [
          "-1"
        ],
        "Content-Length": [
          "0"
        ]
      },
      "ResponseBody": "",
      "StatusCode": 202
    },
    {
      "RequestUri": "/subscriptions/a1bfa635-f2bf-42f1-86b5-848c674fc321/operationresults/eyJqb2JJZCI6IlJFU09VUkNFR1JPVVBERUxFVElPTkpPQi1QUzk5ODEtV0VTVFVTMiIsImpvYkxvY2F0aW9uIjoid2VzdHVzMiJ9?api-version=2021-04-01",
      "EncodedRequestUri": "L3N1YnNjcmlwdGlvbnMvYTFiZmE2MzUtZjJiZi00MmYxLTg2YjUtODQ4YzY3NGZjMzIxL29wZXJhdGlvbnJlc3VsdHMvZXlKcWIySkpaQ0k2SWxKRlUwOVZVa05GUjFKUFZWQkVSVXhGVkVsUFRrcFBRaTFRVXprNU9ERXRWMFZUVkZWVE1pSXNJbXB2WWt4dlkyRjBhVzl1SWpvaWQyVnpkSFZ6TWlKOT9hcGktdmVyc2lvbj0yMDIxLTA0LTAx",
      "RequestMethod": "GET",
      "RequestBody": "",
      "RequestHeaders": {
        "x-ms-client-request-id": [
          "fe0594d2-3b4b-44ec-ad4a-ccfda84d3c2c"
        ],
        "User-Agent": [
          "FxVersion/4.6.30411.01",
          "OSName/Windows",
          "OSVersion/Microsoft.Windows.10.0.22000.",
          "Microsoft.Azure.Management.ResourceManager.ResourceManagementClient/3.13.2.0"
        ]
      },
      "ResponseHeaders": {
        "Cache-Control": [
          "no-cache"
        ],
        "Pragma": [
          "no-cache"
        ],
        "Location": [
          "https://management.azure.com/subscriptions/a1bfa635-f2bf-42f1-86b5-848c674fc321/operationresults/eyJqb2JJZCI6IlJFU09VUkNFR1JPVVBERUxFVElPTkpPQi1QUzk5ODEtV0VTVFVTMiIsImpvYkxvY2F0aW9uIjoid2VzdHVzMiJ9?api-version=2021-04-01"
        ],
        "Retry-After": [
          "0"
        ],
        "x-ms-ratelimit-remaining-subscription-reads": [
          "11991"
        ],
        "x-ms-request-id": [
          "7802553e-d35f-47ad-acdf-57f6f2ff3d25"
        ],
        "x-ms-correlation-request-id": [
          "7802553e-d35f-47ad-acdf-57f6f2ff3d25"
        ],
        "x-ms-routing-request-id": [
          "EASTUS2:20220425T184609Z:7802553e-d35f-47ad-acdf-57f6f2ff3d25"
        ],
        "Strict-Transport-Security": [
          "max-age=31536000; includeSubDomains"
        ],
        "X-Content-Type-Options": [
          "nosniff"
        ],
        "Date": [
          "Mon, 25 Apr 2022 18:46:08 GMT"
        ],
        "Expires": [
          "-1"
        ],
        "Content-Length": [
          "0"
        ]
      },
      "ResponseBody": "",
      "StatusCode": 202
    },
    {
      "RequestUri": "/subscriptions/a1bfa635-f2bf-42f1-86b5-848c674fc321/operationresults/eyJqb2JJZCI6IlJFU09VUkNFR1JPVVBERUxFVElPTkpPQi1QUzk5ODEtV0VTVFVTMiIsImpvYkxvY2F0aW9uIjoid2VzdHVzMiJ9?api-version=2021-04-01",
      "EncodedRequestUri": "L3N1YnNjcmlwdGlvbnMvYTFiZmE2MzUtZjJiZi00MmYxLTg2YjUtODQ4YzY3NGZjMzIxL29wZXJhdGlvbnJlc3VsdHMvZXlKcWIySkpaQ0k2SWxKRlUwOVZVa05GUjFKUFZWQkVSVXhGVkVsUFRrcFBRaTFRVXprNU9ERXRWMFZUVkZWVE1pSXNJbXB2WWt4dlkyRjBhVzl1SWpvaWQyVnpkSFZ6TWlKOT9hcGktdmVyc2lvbj0yMDIxLTA0LTAx",
      "RequestMethod": "GET",
      "RequestBody": "",
      "RequestHeaders": {
        "x-ms-client-request-id": [
          "fe0594d2-3b4b-44ec-ad4a-ccfda84d3c2c"
        ],
        "User-Agent": [
          "FxVersion/4.6.30411.01",
          "OSName/Windows",
          "OSVersion/Microsoft.Windows.10.0.22000.",
          "Microsoft.Azure.Management.ResourceManager.ResourceManagementClient/3.13.2.0"
        ]
      },
      "ResponseHeaders": {
        "Cache-Control": [
          "no-cache"
        ],
        "Pragma": [
          "no-cache"
        ],
        "x-ms-ratelimit-remaining-subscription-reads": [
          "11990"
        ],
        "x-ms-request-id": [
          "c1ba93eb-e4e4-4512-8f05-ed4b0cec5f39"
        ],
        "x-ms-correlation-request-id": [
          "c1ba93eb-e4e4-4512-8f05-ed4b0cec5f39"
        ],
        "x-ms-routing-request-id": [
          "EASTUS2:20220425T184624Z:c1ba93eb-e4e4-4512-8f05-ed4b0cec5f39"
        ],
        "Strict-Transport-Security": [
          "max-age=31536000; includeSubDomains"
        ],
        "X-Content-Type-Options": [
          "nosniff"
        ],
        "Date": [
          "Mon, 25 Apr 2022 18:46:24 GMT"
        ],
        "Expires": [
          "-1"
        ],
        "Content-Length": [
          "0"
        ],
        "Retry-After": [
          "0"
        ]
      },
      "ResponseBody": "",
      "StatusCode": 200
    },
    {
      "RequestUri": "/subscriptions/a1bfa635-f2bf-42f1-86b5-848c674fc321/operationresults/eyJqb2JJZCI6IlJFU09VUkNFR1JPVVBERUxFVElPTkpPQi1QUzk5ODEtV0VTVFVTMiIsImpvYkxvY2F0aW9uIjoid2VzdHVzMiJ9?api-version=2021-04-01",
      "EncodedRequestUri": "L3N1YnNjcmlwdGlvbnMvYTFiZmE2MzUtZjJiZi00MmYxLTg2YjUtODQ4YzY3NGZjMzIxL29wZXJhdGlvbnJlc3VsdHMvZXlKcWIySkpaQ0k2SWxKRlUwOVZVa05GUjFKUFZWQkVSVXhGVkVsUFRrcFBRaTFRVXprNU9ERXRWMFZUVkZWVE1pSXNJbXB2WWt4dlkyRjBhVzl1SWpvaWQyVnpkSFZ6TWlKOT9hcGktdmVyc2lvbj0yMDIxLTA0LTAx",
      "RequestMethod": "GET",
      "RequestBody": "",
      "RequestHeaders": {
        "x-ms-client-request-id": [
          "fe0594d2-3b4b-44ec-ad4a-ccfda84d3c2c"
        ],
        "User-Agent": [
          "FxVersion/4.6.30411.01",
          "OSName/Windows",
          "OSVersion/Microsoft.Windows.10.0.22000.",
          "Microsoft.Azure.Management.ResourceManager.ResourceManagementClient/3.13.2.0"
        ]
      },
      "ResponseHeaders": {
        "Cache-Control": [
          "no-cache"
        ],
        "Pragma": [
          "no-cache"
        ],
        "x-ms-ratelimit-remaining-subscription-reads": [
          "11989"
        ],
        "x-ms-request-id": [
          "ab610a50-2a23-43dd-bb61-e44577fad7ae"
        ],
        "x-ms-correlation-request-id": [
          "ab610a50-2a23-43dd-bb61-e44577fad7ae"
        ],
        "x-ms-routing-request-id": [
          "EASTUS2:20220425T184624Z:ab610a50-2a23-43dd-bb61-e44577fad7ae"
        ],
        "Strict-Transport-Security": [
          "max-age=31536000; includeSubDomains"
        ],
        "X-Content-Type-Options": [
          "nosniff"
        ],
        "Date": [
          "Mon, 25 Apr 2022 18:46:24 GMT"
        ],
        "Expires": [
          "-1"
        ],
        "Content-Length": [
          "0"
        ],
        "Retry-After": [
          "0"
        ]
      },
      "ResponseBody": "",
      "StatusCode": 200
    },
    {
      "RequestUri": "/subscriptions/a1bfa635-f2bf-42f1-86b5-848c674fc321/operationresults/eyJqb2JJZCI6IlJFU09VUkNFR1JPVVBERUxFVElPTkpPQi1QUzk5ODEtV0VTVFVTMiIsImpvYkxvY2F0aW9uIjoid2VzdHVzMiJ9?api-version=2021-04-01",
      "EncodedRequestUri": "L3N1YnNjcmlwdGlvbnMvYTFiZmE2MzUtZjJiZi00MmYxLTg2YjUtODQ4YzY3NGZjMzIxL29wZXJhdGlvbnJlc3VsdHMvZXlKcWIySkpaQ0k2SWxKRlUwOVZVa05GUjFKUFZWQkVSVXhGVkVsUFRrcFBRaTFRVXprNU9ERXRWMFZUVkZWVE1pSXNJbXB2WWt4dlkyRjBhVzl1SWpvaWQyVnpkSFZ6TWlKOT9hcGktdmVyc2lvbj0yMDIxLTA0LTAx",
      "RequestMethod": "GET",
      "RequestBody": "",
      "RequestHeaders": {
        "x-ms-client-request-id": [
          "aad0c87e-8652-47c9-90a1-99d8e809555a"
        ],
        "User-Agent": [
          "FxVersion/4.6.30411.01",
          "OSName/Windows",
          "OSVersion/Microsoft.Windows.10.0.22000.",
          "Microsoft.Azure.Management.ResourceManager.ResourceManagementClient/3.13.2.0"
        ]
      },
      "ResponseHeaders": {
        "Cache-Control": [
          "no-cache"
        ],
        "Pragma": [
          "no-cache"
        ],
        "Location": [
          "https://management.azure.com/subscriptions/a1bfa635-f2bf-42f1-86b5-848c674fc321/operationresults/eyJqb2JJZCI6IlJFU09VUkNFR1JPVVBERUxFVElPTkpPQi1QUzk5ODEtV0VTVFVTMiIsImpvYkxvY2F0aW9uIjoid2VzdHVzMiJ9?api-version=2021-04-01"
        ],
        "Retry-After": [
          "0"
        ],
        "x-ms-ratelimit-remaining-subscription-reads": [
          "11998"
        ],
        "x-ms-request-id": [
          "d212ad34-e6b5-4cfe-b09f-8aeaafc1594d"
        ],
        "x-ms-correlation-request-id": [
          "d212ad34-e6b5-4cfe-b09f-8aeaafc1594d"
        ],
        "x-ms-routing-request-id": [
          "EASTUS2:20220425T184713Z:d212ad34-e6b5-4cfe-b09f-8aeaafc1594d"
        ],
        "Strict-Transport-Security": [
          "max-age=31536000; includeSubDomains"
        ],
        "X-Content-Type-Options": [
          "nosniff"
        ],
        "Date": [
          "Mon, 25 Apr 2022 18:47:12 GMT"
        ],
        "Expires": [
          "-1"
        ],
        "Content-Length": [
          "0"
        ]
      },
      "ResponseBody": "",
      "StatusCode": 202
    },
    {
      "RequestUri": "/subscriptions/a1bfa635-f2bf-42f1-86b5-848c674fc321/operationresults/eyJqb2JJZCI6IlJFU09VUkNFR1JPVVBERUxFVElPTkpPQi1QUzk5ODEtV0VTVFVTMiIsImpvYkxvY2F0aW9uIjoid2VzdHVzMiJ9?api-version=2021-04-01",
      "EncodedRequestUri": "L3N1YnNjcmlwdGlvbnMvYTFiZmE2MzUtZjJiZi00MmYxLTg2YjUtODQ4YzY3NGZjMzIxL29wZXJhdGlvbnJlc3VsdHMvZXlKcWIySkpaQ0k2SWxKRlUwOVZVa05GUjFKUFZWQkVSVXhGVkVsUFRrcFBRaTFRVXprNU9ERXRWMFZUVkZWVE1pSXNJbXB2WWt4dlkyRjBhVzl1SWpvaWQyVnpkSFZ6TWlKOT9hcGktdmVyc2lvbj0yMDIxLTA0LTAx",
      "RequestMethod": "GET",
      "RequestBody": "",
      "RequestHeaders": {
        "x-ms-client-request-id": [
          "aad0c87e-8652-47c9-90a1-99d8e809555a"
        ],
        "User-Agent": [
          "FxVersion/4.6.30411.01",
          "OSName/Windows",
          "OSVersion/Microsoft.Windows.10.0.22000.",
          "Microsoft.Azure.Management.ResourceManager.ResourceManagementClient/3.13.2.0"
        ]
      },
      "ResponseHeaders": {
        "Cache-Control": [
          "no-cache"
        ],
        "Pragma": [
          "no-cache"
        ],
        "Location": [
          "https://management.azure.com/subscriptions/a1bfa635-f2bf-42f1-86b5-848c674fc321/operationresults/eyJqb2JJZCI6IlJFU09VUkNFR1JPVVBERUxFVElPTkpPQi1QUzk5ODEtV0VTVFVTMiIsImpvYkxvY2F0aW9uIjoid2VzdHVzMiJ9?api-version=2021-04-01"
        ],
        "Retry-After": [
          "0"
        ],
        "x-ms-ratelimit-remaining-subscription-reads": [
          "11997"
        ],
        "x-ms-request-id": [
          "d6f9c8ac-ab97-4b03-85d0-ea7be97dc2e1"
        ],
        "x-ms-correlation-request-id": [
          "d6f9c8ac-ab97-4b03-85d0-ea7be97dc2e1"
        ],
        "x-ms-routing-request-id": [
          "EASTUS2:20220425T184728Z:d6f9c8ac-ab97-4b03-85d0-ea7be97dc2e1"
        ],
        "Strict-Transport-Security": [
          "max-age=31536000; includeSubDomains"
        ],
        "X-Content-Type-Options": [
          "nosniff"
        ],
        "Date": [
          "Mon, 25 Apr 2022 18:47:27 GMT"
        ],
        "Expires": [
          "-1"
        ],
        "Content-Length": [
          "0"
        ]
      },
      "ResponseBody": "",
      "StatusCode": 202
    },
    {
      "RequestUri": "/subscriptions/a1bfa635-f2bf-42f1-86b5-848c674fc321/operationresults/eyJqb2JJZCI6IlJFU09VUkNFR1JPVVBERUxFVElPTkpPQi1QUzk5ODEtV0VTVFVTMiIsImpvYkxvY2F0aW9uIjoid2VzdHVzMiJ9?api-version=2021-04-01",
      "EncodedRequestUri": "L3N1YnNjcmlwdGlvbnMvYTFiZmE2MzUtZjJiZi00MmYxLTg2YjUtODQ4YzY3NGZjMzIxL29wZXJhdGlvbnJlc3VsdHMvZXlKcWIySkpaQ0k2SWxKRlUwOVZVa05GUjFKUFZWQkVSVXhGVkVsUFRrcFBRaTFRVXprNU9ERXRWMFZUVkZWVE1pSXNJbXB2WWt4dlkyRjBhVzl1SWpvaWQyVnpkSFZ6TWlKOT9hcGktdmVyc2lvbj0yMDIxLTA0LTAx",
      "RequestMethod": "GET",
      "RequestBody": "",
      "RequestHeaders": {
        "x-ms-client-request-id": [
          "aad0c87e-8652-47c9-90a1-99d8e809555a"
        ],
        "User-Agent": [
          "FxVersion/4.6.30411.01",
          "OSName/Windows",
          "OSVersion/Microsoft.Windows.10.0.22000.",
          "Microsoft.Azure.Management.ResourceManager.ResourceManagementClient/3.13.2.0"
        ]
      },
      "ResponseHeaders": {
        "Cache-Control": [
          "no-cache"
        ],
        "Pragma": [
          "no-cache"
        ],
        "Location": [
          "https://management.azure.com/subscriptions/a1bfa635-f2bf-42f1-86b5-848c674fc321/operationresults/eyJqb2JJZCI6IlJFU09VUkNFR1JPVVBERUxFVElPTkpPQi1QUzk5ODEtV0VTVFVTMiIsImpvYkxvY2F0aW9uIjoid2VzdHVzMiJ9?api-version=2021-04-01"
        ],
        "Retry-After": [
          "0"
        ],
        "x-ms-ratelimit-remaining-subscription-reads": [
          "11996"
        ],
        "x-ms-request-id": [
          "abb26025-db2a-407b-924e-74545ebeea0f"
        ],
        "x-ms-correlation-request-id": [
          "abb26025-db2a-407b-924e-74545ebeea0f"
        ],
        "x-ms-routing-request-id": [
          "EASTUS2:20220425T184743Z:abb26025-db2a-407b-924e-74545ebeea0f"
        ],
        "Strict-Transport-Security": [
          "max-age=31536000; includeSubDomains"
        ],
        "X-Content-Type-Options": [
          "nosniff"
        ],
        "Date": [
          "Mon, 25 Apr 2022 18:47:42 GMT"
        ],
        "Expires": [
          "-1"
        ],
        "Content-Length": [
          "0"
        ]
      },
      "ResponseBody": "",
      "StatusCode": 202
    },
    {
      "RequestUri": "/subscriptions/a1bfa635-f2bf-42f1-86b5-848c674fc321/operationresults/eyJqb2JJZCI6IlJFU09VUkNFR1JPVVBERUxFVElPTkpPQi1QUzk5ODEtV0VTVFVTMiIsImpvYkxvY2F0aW9uIjoid2VzdHVzMiJ9?api-version=2021-04-01",
      "EncodedRequestUri": "L3N1YnNjcmlwdGlvbnMvYTFiZmE2MzUtZjJiZi00MmYxLTg2YjUtODQ4YzY3NGZjMzIxL29wZXJhdGlvbnJlc3VsdHMvZXlKcWIySkpaQ0k2SWxKRlUwOVZVa05GUjFKUFZWQkVSVXhGVkVsUFRrcFBRaTFRVXprNU9ERXRWMFZUVkZWVE1pSXNJbXB2WWt4dlkyRjBhVzl1SWpvaWQyVnpkSFZ6TWlKOT9hcGktdmVyc2lvbj0yMDIxLTA0LTAx",
      "RequestMethod": "GET",
      "RequestBody": "",
      "RequestHeaders": {
        "x-ms-client-request-id": [
          "aad0c87e-8652-47c9-90a1-99d8e809555a"
        ],
        "User-Agent": [
          "FxVersion/4.6.30411.01",
          "OSName/Windows",
          "OSVersion/Microsoft.Windows.10.0.22000.",
          "Microsoft.Azure.Management.ResourceManager.ResourceManagementClient/3.13.2.0"
        ]
      },
      "ResponseHeaders": {
        "Cache-Control": [
          "no-cache"
        ],
        "Pragma": [
          "no-cache"
        ],
        "Location": [
          "https://management.azure.com/subscriptions/a1bfa635-f2bf-42f1-86b5-848c674fc321/operationresults/eyJqb2JJZCI6IlJFU09VUkNFR1JPVVBERUxFVElPTkpPQi1QUzk5ODEtV0VTVFVTMiIsImpvYkxvY2F0aW9uIjoid2VzdHVzMiJ9?api-version=2021-04-01"
        ],
        "Retry-After": [
          "0"
        ],
        "x-ms-ratelimit-remaining-subscription-reads": [
          "11995"
        ],
        "x-ms-request-id": [
          "57f2c01c-c9a5-46b1-9aad-33fcde18ba7f"
        ],
        "x-ms-correlation-request-id": [
          "57f2c01c-c9a5-46b1-9aad-33fcde18ba7f"
        ],
        "x-ms-routing-request-id": [
          "EASTUS2:20220425T184758Z:57f2c01c-c9a5-46b1-9aad-33fcde18ba7f"
        ],
        "Strict-Transport-Security": [
          "max-age=31536000; includeSubDomains"
        ],
        "X-Content-Type-Options": [
          "nosniff"
        ],
        "Date": [
          "Mon, 25 Apr 2022 18:47:58 GMT"
        ],
        "Expires": [
          "-1"
        ],
        "Content-Length": [
          "0"
        ]
      },
      "ResponseBody": "",
      "StatusCode": 202
    },
    {
      "RequestUri": "/subscriptions/a1bfa635-f2bf-42f1-86b5-848c674fc321/operationresults/eyJqb2JJZCI6IlJFU09VUkNFR1JPVVBERUxFVElPTkpPQi1QUzk5ODEtV0VTVFVTMiIsImpvYkxvY2F0aW9uIjoid2VzdHVzMiJ9?api-version=2021-04-01",
      "EncodedRequestUri": "L3N1YnNjcmlwdGlvbnMvYTFiZmE2MzUtZjJiZi00MmYxLTg2YjUtODQ4YzY3NGZjMzIxL29wZXJhdGlvbnJlc3VsdHMvZXlKcWIySkpaQ0k2SWxKRlUwOVZVa05GUjFKUFZWQkVSVXhGVkVsUFRrcFBRaTFRVXprNU9ERXRWMFZUVkZWVE1pSXNJbXB2WWt4dlkyRjBhVzl1SWpvaWQyVnpkSFZ6TWlKOT9hcGktdmVyc2lvbj0yMDIxLTA0LTAx",
      "RequestMethod": "GET",
      "RequestBody": "",
      "RequestHeaders": {
        "x-ms-client-request-id": [
          "aad0c87e-8652-47c9-90a1-99d8e809555a"
        ],
        "User-Agent": [
          "FxVersion/4.6.30411.01",
          "OSName/Windows",
          "OSVersion/Microsoft.Windows.10.0.22000.",
          "Microsoft.Azure.Management.ResourceManager.ResourceManagementClient/3.13.2.0"
        ]
      },
      "ResponseHeaders": {
        "Cache-Control": [
          "no-cache"
        ],
        "Pragma": [
          "no-cache"
        ],
        "Location": [
          "https://management.azure.com/subscriptions/a1bfa635-f2bf-42f1-86b5-848c674fc321/operationresults/eyJqb2JJZCI6IlJFU09VUkNFR1JPVVBERUxFVElPTkpPQi1QUzk5ODEtV0VTVFVTMiIsImpvYkxvY2F0aW9uIjoid2VzdHVzMiJ9?api-version=2021-04-01"
        ],
        "Retry-After": [
          "0"
        ],
        "x-ms-ratelimit-remaining-subscription-reads": [
          "11994"
        ],
        "x-ms-request-id": [
          "febc6517-91e5-41e3-aaed-ed6882a753ff"
        ],
        "x-ms-correlation-request-id": [
          "febc6517-91e5-41e3-aaed-ed6882a753ff"
        ],
        "x-ms-routing-request-id": [
          "EASTUS2:20220425T184813Z:febc6517-91e5-41e3-aaed-ed6882a753ff"
        ],
        "Strict-Transport-Security": [
          "max-age=31536000; includeSubDomains"
        ],
        "X-Content-Type-Options": [
          "nosniff"
        ],
        "Date": [
          "Mon, 25 Apr 2022 18:48:13 GMT"
        ],
        "Expires": [
          "-1"
        ],
        "Content-Length": [
          "0"
        ]
      },
      "ResponseBody": "",
      "StatusCode": 202
    },
    {
      "RequestUri": "/subscriptions/a1bfa635-f2bf-42f1-86b5-848c674fc321/operationresults/eyJqb2JJZCI6IlJFU09VUkNFR1JPVVBERUxFVElPTkpPQi1QUzk5ODEtV0VTVFVTMiIsImpvYkxvY2F0aW9uIjoid2VzdHVzMiJ9?api-version=2021-04-01",
      "EncodedRequestUri": "L3N1YnNjcmlwdGlvbnMvYTFiZmE2MzUtZjJiZi00MmYxLTg2YjUtODQ4YzY3NGZjMzIxL29wZXJhdGlvbnJlc3VsdHMvZXlKcWIySkpaQ0k2SWxKRlUwOVZVa05GUjFKUFZWQkVSVXhGVkVsUFRrcFBRaTFRVXprNU9ERXRWMFZUVkZWVE1pSXNJbXB2WWt4dlkyRjBhVzl1SWpvaWQyVnpkSFZ6TWlKOT9hcGktdmVyc2lvbj0yMDIxLTA0LTAx",
      "RequestMethod": "GET",
      "RequestBody": "",
      "RequestHeaders": {
        "x-ms-client-request-id": [
          "aad0c87e-8652-47c9-90a1-99d8e809555a"
        ],
        "User-Agent": [
          "FxVersion/4.6.30411.01",
          "OSName/Windows",
          "OSVersion/Microsoft.Windows.10.0.22000.",
          "Microsoft.Azure.Management.ResourceManager.ResourceManagementClient/3.13.2.0"
        ]
      },
      "ResponseHeaders": {
        "Cache-Control": [
          "no-cache"
        ],
        "Pragma": [
          "no-cache"
        ],
        "Location": [
          "https://management.azure.com/subscriptions/a1bfa635-f2bf-42f1-86b5-848c674fc321/operationresults/eyJqb2JJZCI6IlJFU09VUkNFR1JPVVBERUxFVElPTkpPQi1QUzk5ODEtV0VTVFVTMiIsImpvYkxvY2F0aW9uIjoid2VzdHVzMiJ9?api-version=2021-04-01"
        ],
        "Retry-After": [
          "0"
        ],
        "x-ms-ratelimit-remaining-subscription-reads": [
          "11993"
        ],
        "x-ms-request-id": [
          "c6862a86-a1f6-4a6e-971e-f636571cf6d3"
        ],
        "x-ms-correlation-request-id": [
          "c6862a86-a1f6-4a6e-971e-f636571cf6d3"
        ],
        "x-ms-routing-request-id": [
          "EASTUS2:20220425T184829Z:c6862a86-a1f6-4a6e-971e-f636571cf6d3"
        ],
        "Strict-Transport-Security": [
          "max-age=31536000; includeSubDomains"
        ],
        "X-Content-Type-Options": [
          "nosniff"
        ],
        "Date": [
          "Mon, 25 Apr 2022 18:48:28 GMT"
        ],
        "Expires": [
          "-1"
        ],
        "Content-Length": [
          "0"
        ]
      },
      "ResponseBody": "",
      "StatusCode": 202
    },
    {
      "RequestUri": "/subscriptions/a1bfa635-f2bf-42f1-86b5-848c674fc321/operationresults/eyJqb2JJZCI6IlJFU09VUkNFR1JPVVBERUxFVElPTkpPQi1QUzk5ODEtV0VTVFVTMiIsImpvYkxvY2F0aW9uIjoid2VzdHVzMiJ9?api-version=2021-04-01",
      "EncodedRequestUri": "L3N1YnNjcmlwdGlvbnMvYTFiZmE2MzUtZjJiZi00MmYxLTg2YjUtODQ4YzY3NGZjMzIxL29wZXJhdGlvbnJlc3VsdHMvZXlKcWIySkpaQ0k2SWxKRlUwOVZVa05GUjFKUFZWQkVSVXhGVkVsUFRrcFBRaTFRVXprNU9ERXRWMFZUVkZWVE1pSXNJbXB2WWt4dlkyRjBhVzl1SWpvaWQyVnpkSFZ6TWlKOT9hcGktdmVyc2lvbj0yMDIxLTA0LTAx",
      "RequestMethod": "GET",
      "RequestBody": "",
      "RequestHeaders": {
        "x-ms-client-request-id": [
          "aad0c87e-8652-47c9-90a1-99d8e809555a"
        ],
        "User-Agent": [
          "FxVersion/4.6.30411.01",
          "OSName/Windows",
          "OSVersion/Microsoft.Windows.10.0.22000.",
          "Microsoft.Azure.Management.ResourceManager.ResourceManagementClient/3.13.2.0"
        ]
      },
      "ResponseHeaders": {
        "Cache-Control": [
          "no-cache"
        ],
        "Pragma": [
          "no-cache"
        ],
        "Location": [
          "https://management.azure.com/subscriptions/a1bfa635-f2bf-42f1-86b5-848c674fc321/operationresults/eyJqb2JJZCI6IlJFU09VUkNFR1JPVVBERUxFVElPTkpPQi1QUzk5ODEtV0VTVFVTMiIsImpvYkxvY2F0aW9uIjoid2VzdHVzMiJ9?api-version=2021-04-01"
        ],
        "Retry-After": [
          "0"
        ],
        "x-ms-ratelimit-remaining-subscription-reads": [
          "11992"
        ],
        "x-ms-request-id": [
          "433cbf67-7042-4c40-96b8-f1be994728d7"
        ],
        "x-ms-correlation-request-id": [
          "433cbf67-7042-4c40-96b8-f1be994728d7"
        ],
        "x-ms-routing-request-id": [
          "EASTUS2:20220425T184844Z:433cbf67-7042-4c40-96b8-f1be994728d7"
        ],
        "Strict-Transport-Security": [
          "max-age=31536000; includeSubDomains"
        ],
        "X-Content-Type-Options": [
          "nosniff"
        ],
        "Date": [
          "Mon, 25 Apr 2022 18:48:44 GMT"
        ],
        "Expires": [
          "-1"
        ],
        "Content-Length": [
          "0"
        ]
      },
      "ResponseBody": "",
      "StatusCode": 202
    },
    {
      "RequestUri": "/subscriptions/a1bfa635-f2bf-42f1-86b5-848c674fc321/operationresults/eyJqb2JJZCI6IlJFU09VUkNFR1JPVVBERUxFVElPTkpPQi1QUzk5ODEtV0VTVFVTMiIsImpvYkxvY2F0aW9uIjoid2VzdHVzMiJ9?api-version=2021-04-01",
      "EncodedRequestUri": "L3N1YnNjcmlwdGlvbnMvYTFiZmE2MzUtZjJiZi00MmYxLTg2YjUtODQ4YzY3NGZjMzIxL29wZXJhdGlvbnJlc3VsdHMvZXlKcWIySkpaQ0k2SWxKRlUwOVZVa05GUjFKUFZWQkVSVXhGVkVsUFRrcFBRaTFRVXprNU9ERXRWMFZUVkZWVE1pSXNJbXB2WWt4dlkyRjBhVzl1SWpvaWQyVnpkSFZ6TWlKOT9hcGktdmVyc2lvbj0yMDIxLTA0LTAx",
      "RequestMethod": "GET",
      "RequestBody": "",
      "RequestHeaders": {
        "x-ms-client-request-id": [
          "aad0c87e-8652-47c9-90a1-99d8e809555a"
        ],
        "User-Agent": [
          "FxVersion/4.6.30411.01",
          "OSName/Windows",
          "OSVersion/Microsoft.Windows.10.0.22000.",
          "Microsoft.Azure.Management.ResourceManager.ResourceManagementClient/3.13.2.0"
        ]
      },
      "ResponseHeaders": {
        "Cache-Control": [
          "no-cache"
        ],
        "Pragma": [
          "no-cache"
        ],
        "Location": [
          "https://management.azure.com/subscriptions/a1bfa635-f2bf-42f1-86b5-848c674fc321/operationresults/eyJqb2JJZCI6IlJFU09VUkNFR1JPVVBERUxFVElPTkpPQi1QUzk5ODEtV0VTVFVTMiIsImpvYkxvY2F0aW9uIjoid2VzdHVzMiJ9?api-version=2021-04-01"
        ],
        "Retry-After": [
          "0"
        ],
        "x-ms-ratelimit-remaining-subscription-reads": [
          "11991"
        ],
        "x-ms-request-id": [
          "f8f28973-ccd9-45de-baac-6411e5fe2dd8"
        ],
        "x-ms-correlation-request-id": [
          "f8f28973-ccd9-45de-baac-6411e5fe2dd8"
        ],
        "x-ms-routing-request-id": [
          "EASTUS2:20220425T184859Z:f8f28973-ccd9-45de-baac-6411e5fe2dd8"
        ],
        "Strict-Transport-Security": [
          "max-age=31536000; includeSubDomains"
        ],
        "X-Content-Type-Options": [
          "nosniff"
        ],
        "Date": [
          "Mon, 25 Apr 2022 18:48:58 GMT"
        ],
        "Expires": [
          "-1"
        ],
        "Content-Length": [
          "0"
        ]
      },
      "ResponseBody": "",
      "StatusCode": 202
    },
    {
      "RequestUri": "/subscriptions/a1bfa635-f2bf-42f1-86b5-848c674fc321/operationresults/eyJqb2JJZCI6IlJFU09VUkNFR1JPVVBERUxFVElPTkpPQi1QUzk5ODEtV0VTVFVTMiIsImpvYkxvY2F0aW9uIjoid2VzdHVzMiJ9?api-version=2021-04-01",
      "EncodedRequestUri": "L3N1YnNjcmlwdGlvbnMvYTFiZmE2MzUtZjJiZi00MmYxLTg2YjUtODQ4YzY3NGZjMzIxL29wZXJhdGlvbnJlc3VsdHMvZXlKcWIySkpaQ0k2SWxKRlUwOVZVa05GUjFKUFZWQkVSVXhGVkVsUFRrcFBRaTFRVXprNU9ERXRWMFZUVkZWVE1pSXNJbXB2WWt4dlkyRjBhVzl1SWpvaWQyVnpkSFZ6TWlKOT9hcGktdmVyc2lvbj0yMDIxLTA0LTAx",
      "RequestMethod": "GET",
      "RequestBody": "",
      "RequestHeaders": {
        "x-ms-client-request-id": [
          "aad0c87e-8652-47c9-90a1-99d8e809555a"
        ],
        "User-Agent": [
          "FxVersion/4.6.30411.01",
          "OSName/Windows",
          "OSVersion/Microsoft.Windows.10.0.22000.",
          "Microsoft.Azure.Management.ResourceManager.ResourceManagementClient/3.13.2.0"
        ]
      },
      "ResponseHeaders": {
        "Cache-Control": [
          "no-cache"
        ],
        "Pragma": [
          "no-cache"
        ],
        "x-ms-ratelimit-remaining-subscription-reads": [
          "11990"
        ],
        "x-ms-request-id": [
          "f5c9ff13-ad5f-4662-9515-667d05ef60aa"
        ],
        "x-ms-correlation-request-id": [
          "f5c9ff13-ad5f-4662-9515-667d05ef60aa"
        ],
        "x-ms-routing-request-id": [
          "EASTUS2:20220425T184914Z:f5c9ff13-ad5f-4662-9515-667d05ef60aa"
        ],
        "Strict-Transport-Security": [
          "max-age=31536000; includeSubDomains"
        ],
        "X-Content-Type-Options": [
          "nosniff"
        ],
        "Date": [
          "Mon, 25 Apr 2022 18:49:13 GMT"
        ],
        "Expires": [
          "-1"
        ],
        "Content-Length": [
          "0"
        ],
        "Retry-After": [
          "0"
        ]
      },
      "ResponseBody": "",
      "StatusCode": 200
    },
    {
      "RequestUri": "/subscriptions/a1bfa635-f2bf-42f1-86b5-848c674fc321/operationresults/eyJqb2JJZCI6IlJFU09VUkNFR1JPVVBERUxFVElPTkpPQi1QUzk5ODEtV0VTVFVTMiIsImpvYkxvY2F0aW9uIjoid2VzdHVzMiJ9?api-version=2021-04-01",
      "EncodedRequestUri": "L3N1YnNjcmlwdGlvbnMvYTFiZmE2MzUtZjJiZi00MmYxLTg2YjUtODQ4YzY3NGZjMzIxL29wZXJhdGlvbnJlc3VsdHMvZXlKcWIySkpaQ0k2SWxKRlUwOVZVa05GUjFKUFZWQkVSVXhGVkVsUFRrcFBRaTFRVXprNU9ERXRWMFZUVkZWVE1pSXNJbXB2WWt4dlkyRjBhVzl1SWpvaWQyVnpkSFZ6TWlKOT9hcGktdmVyc2lvbj0yMDIxLTA0LTAx",
      "RequestMethod": "GET",
      "RequestBody": "",
      "RequestHeaders": {
        "x-ms-client-request-id": [
          "aad0c87e-8652-47c9-90a1-99d8e809555a"
        ],
        "User-Agent": [
          "FxVersion/4.6.30411.01",
          "OSName/Windows",
          "OSVersion/Microsoft.Windows.10.0.22000.",
          "Microsoft.Azure.Management.ResourceManager.ResourceManagementClient/3.13.2.0"
        ]
      },
      "ResponseHeaders": {
        "Cache-Control": [
          "no-cache"
        ],
        "Pragma": [
          "no-cache"
        ],
        "x-ms-ratelimit-remaining-subscription-reads": [
          "11989"
        ],
        "x-ms-request-id": [
          "95fcf524-f24f-4d3a-96bb-1602f2cba761"
        ],
        "x-ms-correlation-request-id": [
          "95fcf524-f24f-4d3a-96bb-1602f2cba761"
        ],
        "x-ms-routing-request-id": [
          "EASTUS2:20220425T184915Z:95fcf524-f24f-4d3a-96bb-1602f2cba761"
        ],
        "Strict-Transport-Security": [
          "max-age=31536000; includeSubDomains"
        ],
        "X-Content-Type-Options": [
          "nosniff"
        ],
        "Date": [
          "Mon, 25 Apr 2022 18:49:14 GMT"
        ],
        "Expires": [
          "-1"
        ],
        "Content-Length": [
          "0"
        ],
        "Retry-After": [
          "0"
        ]
      },
      "ResponseBody": "",
      "StatusCode": 200
    },
    {
      "RequestUri": "/subscriptions/a1bfa635-f2bf-42f1-86b5-848c674fc321/resourceGroups/ps9981/providers/Microsoft.Resources/deploymentStacks/ps9183/snapshots/2022-04-25-18-46-27-3e12b?api-version=2021-05-01-preview",
      "EncodedRequestUri": "L3N1YnNjcmlwdGlvbnMvYTFiZmE2MzUtZjJiZi00MmYxLTg2YjUtODQ4YzY3NGZjMzIxL3Jlc291cmNlR3JvdXBzL3BzOTk4MS9wcm92aWRlcnMvTWljcm9zb2Z0LlJlc291cmNlcy9kZXBsb3ltZW50U3RhY2tzL3BzOTE4My9zbmFwc2hvdHMvMjAyMi0wNC0yNS0xOC00Ni0yNy0zZTEyYj9hcGktdmVyc2lvbj0yMDIxLTA1LTAxLXByZXZpZXc=",
      "RequestMethod": "DELETE",
      "RequestBody": "",
      "RequestHeaders": {
        "x-ms-client-request-id": [
          "ba6fb7c9-7285-4ae5-ab8e-b705c1131e44"
        ],
        "Accept-Language": [
          "en-US"
        ],
        "User-Agent": [
          "FxVersion/4.6.30411.01",
          "OSName/Windows",
          "OSVersion/Microsoft.Windows.10.0.22000.",
          "Microsoft.Azure.Management.ResourceManager.DeploymentStacksClient/3.13.2.0"
        ]
      },
      "ResponseHeaders": {
        "Cache-Control": [
          "no-cache"
        ],
        "Pragma": [
          "no-cache"
        ],
        "x-ms-request-id": [
          "91bfc884-6775-457b-aaa5-eb4c4887e076"
        ],
        "Server": [
          "Microsoft-HTTPAPI/2.0"
        ],
        "x-ms-ratelimit-remaining-subscription-deletes": [
          "14998"
        ],
        "x-ms-correlation-request-id": [
          "26e5c444-7b11-4581-aa69-3763d213934e"
        ],
        "x-ms-routing-request-id": [
          "EASTUS2:20220425T184655Z:26e5c444-7b11-4581-aa69-3763d213934e"
        ],
        "Strict-Transport-Security": [
          "max-age=31536000; includeSubDomains"
        ],
        "X-Content-Type-Options": [
          "nosniff"
        ],
        "Date": [
          "Mon, 25 Apr 2022 18:46:54 GMT"
        ],
        "Expires": [
          "-1"
        ],
        "Content-Length": [
          "0"
        ],
        "Retry-After": [
          "0"
        ]
      },
      "ResponseBody": "",
      "StatusCode": 200
    }
  ],
  "Names": {
    "Test-RemoveResourceGroupDeploymentStackSnapshot": [
      "ps9981",
      "ps9183"
    ]
  },
  "Variables": {
    "SubscriptionId": "a1bfa635-f2bf-42f1-86b5-848c674fc321"
  }
}