{
  "Entries": [
    {
      "RequestUri": "/providers/Microsoft.Management/managementGroups/AzBlueprintAssignTest/providers/Microsoft.Resources/deploymentStacks/ps9730?api-version=2022-08-01-preview",
      "EncodedRequestUri": "L3Byb3ZpZGVycy9NaWNyb3NvZnQuTWFuYWdlbWVudC9tYW5hZ2VtZW50R3JvdXBzL0F6Qmx1ZXByaW50QXNzaWduVGVzdC9wcm92aWRlcnMvTWljcm9zb2Z0LlJlc291cmNlcy9kZXBsb3ltZW50U3RhY2tzL3BzOTczMD9hcGktdmVyc2lvbj0yMDIyLTA4LTAxLXByZXZpZXc=",
      "RequestMethod": "GET",
      "RequestHeaders": {
        "x-ms-client-request-id": [
          "f6d28ea8-1d81-45eb-b128-791d7c4d016f"
        ],
        "Accept-Language": [
          "en-US"
        ],
        "User-Agent": [
          "FxVersion/6.0.2323.48002",
          "OSName/Windows",
          "OSVersion/Microsoft.Windows.10.0.22621",
          "Microsoft.Azure.Management.Resources.DeploymentStacksClient/6.9.1"
        ]
      },
      "RequestBody": "",
      "ResponseHeaders": {
        "Cache-Control": [
          "no-cache"
        ],
        "Pragma": [
          "no-cache"
        ],
        "x-ms-failure-cause": [
          "gateway"
        ],
        "x-ms-ratelimit-remaining-tenant-reads": [
          "11999"
        ],
        "x-ms-request-id": [
          "bbe12d54-de48-48e9-9f5e-afe37a88dc69"
        ],
        "x-ms-correlation-request-id": [
          "bbe12d54-de48-48e9-9f5e-afe37a88dc69"
        ],
        "x-ms-routing-request-id": [
          "WESTUS:20231018T214822Z:bbe12d54-de48-48e9-9f5e-afe37a88dc69"
        ],
        "Strict-Transport-Security": [
          "max-age=31536000; includeSubDomains"
        ],
        "X-Content-Type-Options": [
          "nosniff"
        ],
        "Date": [
          "Wed, 18 Oct 2023 21:48:22 GMT"
        ],
        "Content-Type": [
          "application/json; charset=utf-8"
        ],
        "Expires": [
          "-1"
        ],
        "Content-Length": [
          "154"
        ],
        "Retry-After": [
          "0"
        ]
      },
      "ResponseBody": "{\r\n  \"error\": {\r\n    \"code\": \"ResourceNotFound\",\r\n    \"message\": \"The resource 'ps9730' was not found. For more details please go to https://aka.ms/ARMResourceNotFoundFix\"\r\n  }\r\n}",
      "StatusCode": 404
    },
    {
      "RequestUri": "/providers/Microsoft.Management/managementGroups/AzBlueprintAssignTest/providers/Microsoft.Resources/deploymentStacks/ps9730?api-version=2022-08-01-preview",
      "EncodedRequestUri": "L3Byb3ZpZGVycy9NaWNyb3NvZnQuTWFuYWdlbWVudC9tYW5hZ2VtZW50R3JvdXBzL0F6Qmx1ZXByaW50QXNzaWduVGVzdC9wcm92aWRlcnMvTWljcm9zb2Z0LlJlc291cmNlcy9kZXBsb3ltZW50U3RhY2tzL3BzOTczMD9hcGktdmVyc2lvbj0yMDIyLTA4LTAxLXByZXZpZXc=",
      "RequestMethod": "GET",
      "RequestHeaders": {
        "x-ms-client-request-id": [
          "f6d28ea8-1d81-45eb-b128-791d7c4d016f"
        ],
        "Accept-Language": [
          "en-US"
        ],
        "User-Agent": [
          "FxVersion/6.0.2323.48002",
          "OSName/Windows",
          "OSVersion/Microsoft.Windows.10.0.22621",
          "Microsoft.Azure.Management.Resources.DeploymentStacksClient/6.9.1"
        ]
      },
      "RequestBody": "",
      "ResponseHeaders": {
        "Cache-Control": [
          "no-cache"
        ],
        "Pragma": [
          "no-cache"
        ],
        "x-ms-request-id": [
          "b778c5cc-21b9-44a2-b4c0-103d3b70f097"
        ],
        "Server": [
          "Microsoft-HTTPAPI/2.0"
        ],
        "x-ms-ratelimit-remaining-tenant-reads": [
          "11998"
        ],
        "x-ms-correlation-request-id": [
          "b1bc302f-b7a7-4cfc-a1c9-55bd608c83e8"
        ],
        "x-ms-routing-request-id": [
          "WESTUS:20231018T214828Z:b1bc302f-b7a7-4cfc-a1c9-55bd608c83e8"
        ],
        "Strict-Transport-Security": [
          "max-age=31536000; includeSubDomains"
        ],
        "X-Content-Type-Options": [
          "nosniff"
        ],
        "Date": [
          "Wed, 18 Oct 2023 21:48:28 GMT"
        ],
        "Content-Length": [
          "1301"
        ],
        "Content-Type": [
          "application/json; charset=utf-8"
        ],
        "Expires": [
          "-1"
        ],
        "Retry-After": [
          "0"
        ]
      },
      "ResponseBody": "{\r\n  \"location\": \"westus2\",\r\n  \"properties\": {\r\n    \"actionOnUnmanage\": {\r\n      \"resources\": \"detach\",\r\n      \"resourceGroups\": \"detach\",\r\n      \"managementGroups\": \"detach\"\r\n    },\r\n    \"deploymentId\": \"/subscriptions/a1bfa635-f2bf-42f1-86b5-848c674fc321/providers/Microsoft.Resources/deployments/ps9730-2023-10-18-21-48-23-2cd12\",\r\n    \"deploymentScope\": \"/subscriptions/a1bfa635-f2bf-42f1-86b5-848c674fc321\",\r\n    \"description\": \"A Stack\",\r\n    \"duration\": \"PT5.4327762S\",\r\n    \"denySettings\": {\r\n      \"mode\": \"none\",\r\n      \"applyToChildScopes\": false\r\n    },\r\n    \"outputs\": {},\r\n    \"parameters\": {},\r\n    \"resources\": [],\r\n    \"provisioningState\": \"succeeded\",\r\n    \"detachedResources\": [],\r\n    \"deletedResources\": [],\r\n    \"failedResources\": []\r\n  },\r\n  \"systemData\": {\r\n    \"createdBy\": \"546094f3-32fa-493c-824c-bd9575b0d2fe\",\r\n    \"createdByType\": \"Application\",\r\n    \"createdAt\": \"2023-10-18T21:48:22.9261849Z\",\r\n    \"lastModifiedBy\": \"546094f3-32fa-493c-824c-bd9575b0d2fe\",\r\n    \"lastModifiedByType\": \"Application\",\r\n    \"lastModifiedAt\": \"2023-10-18T21:48:22.9261849Z\"\r\n  },\r\n  \"id\": \"/providers/Microsoft.Management/managementGroups/AzBlueprintAssignTest/providers/Microsoft.Resources/deploymentStacks/ps9730\",\r\n  \"type\": \"Microsoft.Resources/deploymentStacks\",\r\n  \"name\": \"ps9730\"\r\n}",
      "StatusCode": 200
    },
    {
      "RequestUri": "/providers/Microsoft.Management/managementGroups/AzBlueprintAssignTest/providers/Microsoft.Resources/deploymentStacks/ps9730?api-version=2022-08-01-preview",
      "EncodedRequestUri": "L3Byb3ZpZGVycy9NaWNyb3NvZnQuTWFuYWdlbWVudC9tYW5hZ2VtZW50R3JvdXBzL0F6Qmx1ZXByaW50QXNzaWduVGVzdC9wcm92aWRlcnMvTWljcm9zb2Z0LlJlc291cmNlcy9kZXBsb3ltZW50U3RhY2tzL3BzOTczMD9hcGktdmVyc2lvbj0yMDIyLTA4LTAxLXByZXZpZXc=",
      "RequestMethod": "GET",
      "RequestHeaders": {
        "x-ms-client-request-id": [
          "cf8496ae-b6c3-42f6-afe5-dae7d4da81f1"
        ],
        "Accept-Language": [
          "en-US"
        ],
        "User-Agent": [
          "FxVersion/6.0.2323.48002",
          "OSName/Windows",
          "OSVersion/Microsoft.Windows.10.0.22621",
          "Microsoft.Azure.Management.Resources.DeploymentStacksClient/6.9.1"
        ]
      },
      "RequestBody": "",
      "ResponseHeaders": {
        "Cache-Control": [
          "no-cache"
        ],
        "Pragma": [
          "no-cache"
        ],
        "x-ms-request-id": [
          "42a72de1-3320-4254-8158-124c49f2a3af"
        ],
        "Server": [
          "Microsoft-HTTPAPI/2.0"
        ],
        "x-ms-ratelimit-remaining-tenant-reads": [
          "11998"
        ],
        "x-ms-correlation-request-id": [
          "8df0d44c-79a2-43a8-840c-f3bb269113d8"
        ],
        "x-ms-routing-request-id": [
          "WESTUS:20231018T214834Z:8df0d44c-79a2-43a8-840c-f3bb269113d8"
        ],
        "Strict-Transport-Security": [
          "max-age=31536000; includeSubDomains"
        ],
        "X-Content-Type-Options": [
          "nosniff"
        ],
        "Date": [
          "Wed, 18 Oct 2023 21:48:34 GMT"
        ],
        "Content-Length": [
          "1301"
        ],
        "Content-Type": [
          "application/json; charset=utf-8"
        ],
        "Expires": [
          "-1"
        ],
        "Retry-After": [
          "0"
        ]
      },
      "ResponseBody": "{\r\n  \"location\": \"westus2\",\r\n  \"properties\": {\r\n    \"actionOnUnmanage\": {\r\n      \"resources\": \"detach\",\r\n      \"resourceGroups\": \"detach\",\r\n      \"managementGroups\": \"detach\"\r\n    },\r\n    \"deploymentId\": \"/subscriptions/a1bfa635-f2bf-42f1-86b5-848c674fc321/providers/Microsoft.Resources/deployments/ps9730-2023-10-18-21-48-23-2cd12\",\r\n    \"deploymentScope\": \"/subscriptions/a1bfa635-f2bf-42f1-86b5-848c674fc321\",\r\n    \"description\": \"A Stack\",\r\n    \"duration\": \"PT5.4327762S\",\r\n    \"denySettings\": {\r\n      \"mode\": \"none\",\r\n      \"applyToChildScopes\": false\r\n    },\r\n    \"outputs\": {},\r\n    \"parameters\": {},\r\n    \"resources\": [],\r\n    \"provisioningState\": \"succeeded\",\r\n    \"detachedResources\": [],\r\n    \"deletedResources\": [],\r\n    \"failedResources\": []\r\n  },\r\n  \"systemData\": {\r\n    \"createdBy\": \"546094f3-32fa-493c-824c-bd9575b0d2fe\",\r\n    \"createdByType\": \"Application\",\r\n    \"createdAt\": \"2023-10-18T21:48:22.9261849Z\",\r\n    \"lastModifiedBy\": \"546094f3-32fa-493c-824c-bd9575b0d2fe\",\r\n    \"lastModifiedByType\": \"Application\",\r\n    \"lastModifiedAt\": \"2023-10-18T21:48:22.9261849Z\"\r\n  },\r\n  \"id\": \"/providers/Microsoft.Management/managementGroups/AzBlueprintAssignTest/providers/Microsoft.Resources/deploymentStacks/ps9730\",\r\n  \"type\": \"Microsoft.Resources/deploymentStacks\",\r\n  \"name\": \"ps9730\"\r\n}",
      "StatusCode": 200
    },
    {
      "RequestUri": "/providers/Microsoft.Management/managementGroups/AzBlueprintAssignTest/providers/Microsoft.Resources/deploymentStacks/ps9730?api-version=2022-08-01-preview",
      "EncodedRequestUri": "L3Byb3ZpZGVycy9NaWNyb3NvZnQuTWFuYWdlbWVudC9tYW5hZ2VtZW50R3JvdXBzL0F6Qmx1ZXByaW50QXNzaWduVGVzdC9wcm92aWRlcnMvTWljcm9zb2Z0LlJlc291cmNlcy9kZXBsb3ltZW50U3RhY2tzL3BzOTczMD9hcGktdmVyc2lvbj0yMDIyLTA4LTAxLXByZXZpZXc=",
      "RequestMethod": "GET",
      "RequestHeaders": {
        "x-ms-client-request-id": [
          "cf8496ae-b6c3-42f6-afe5-dae7d4da81f1"
        ],
        "Accept-Language": [
          "en-US"
        ],
        "User-Agent": [
          "FxVersion/6.0.2323.48002",
          "OSName/Windows",
          "OSVersion/Microsoft.Windows.10.0.22621",
          "Microsoft.Azure.Management.Resources.DeploymentStacksClient/6.9.1"
        ]
      },
      "RequestBody": "",
      "ResponseHeaders": {
        "Cache-Control": [
          "no-cache"
        ],
        "Pragma": [
          "no-cache"
        ],
        "x-ms-request-id": [
          "9be452b0-f81e-440d-9e0c-2c078d28268f"
        ],
        "Server": [
          "Microsoft-HTTPAPI/2.0"
        ],
        "x-ms-ratelimit-remaining-tenant-reads": [
          "11997"
        ],
        "x-ms-correlation-request-id": [
          "96b27544-2be2-40bc-92a4-585fe7b5e639"
        ],
        "x-ms-routing-request-id": [
          "WESTUS:20231018T214840Z:96b27544-2be2-40bc-92a4-585fe7b5e639"
        ],
        "Strict-Transport-Security": [
          "max-age=31536000; includeSubDomains"
        ],
        "X-Content-Type-Options": [
          "nosniff"
        ],
        "Date": [
          "Wed, 18 Oct 2023 21:48:39 GMT"
        ],
        "Content-Length": [
          "1576"
        ],
        "Content-Type": [
          "application/json; charset=utf-8"
        ],
        "Expires": [
          "-1"
        ],
        "Retry-After": [
          "0"
        ]
      },
      "ResponseBody": "{\r\n  \"location\": \"westus2\",\r\n  \"properties\": {\r\n    \"actionOnUnmanage\": {\r\n      \"resources\": \"detach\",\r\n      \"resourceGroups\": \"detach\",\r\n      \"managementGroups\": \"detach\"\r\n    },\r\n    \"deploymentId\": \"/subscriptions/a1bfa635-f2bf-42f1-86b5-848c674fc321/providers/Microsoft.Resources/deployments/ps9730-2023-10-18-21-48-34-977d9\",\r\n    \"deploymentScope\": \"/subscriptions/a1bfa635-f2bf-42f1-86b5-848c674fc321\",\r\n    \"description\": \"A Stack\",\r\n    \"denySettings\": {\r\n      \"mode\": \"none\",\r\n      \"applyToChildScopes\": false\r\n    },\r\n    \"parameters\": {\r\n      \"moduleName\": {\r\n        \"value\": \"stacksMGtestmod\",\r\n        \"type\": \"string\"\r\n      },\r\n      \"subId\": {\r\n        \"value\": \"4ce8c9fe-cadc-47d6-9c76-335812fd59df\",\r\n        \"type\": \"string\"\r\n      },\r\n      \"policyDefinitionName\": {\r\n        \"value\": \"PSCmdletTestPolicy476223\",\r\n        \"type\": \"string\"\r\n      }\r\n    },\r\n    \"resources\": [],\r\n    \"provisioningState\": \"deploying\",\r\n    \"detachedResources\": [],\r\n    \"deletedResources\": [],\r\n    \"failedResources\": []\r\n  },\r\n  \"systemData\": {\r\n    \"createdBy\": \"546094f3-32fa-493c-824c-bd9575b0d2fe\",\r\n    \"createdByType\": \"Application\",\r\n    \"createdAt\": \"2023-10-18T21:48:22.9261849Z\",\r\n    \"lastModifiedBy\": \"546094f3-32fa-493c-824c-bd9575b0d2fe\",\r\n    \"lastModifiedByType\": \"Application\",\r\n    \"lastModifiedAt\": \"2023-10-18T21:48:34.5525685Z\"\r\n  },\r\n  \"id\": \"/providers/Microsoft.Management/managementGroups/AzBlueprintAssignTest/providers/Microsoft.Resources/deploymentStacks/ps9730\",\r\n  \"type\": \"Microsoft.Resources/deploymentStacks\",\r\n  \"name\": \"ps9730\"\r\n}",
      "StatusCode": 200
    },
    {
      "RequestUri": "/providers/Microsoft.Management/managementGroups/AzBlueprintAssignTest/providers/Microsoft.Resources/deploymentStacks/ps9730?api-version=2022-08-01-preview",
      "EncodedRequestUri": "L3Byb3ZpZGVycy9NaWNyb3NvZnQuTWFuYWdlbWVudC9tYW5hZ2VtZW50R3JvdXBzL0F6Qmx1ZXByaW50QXNzaWduVGVzdC9wcm92aWRlcnMvTWljcm9zb2Z0LlJlc291cmNlcy9kZXBsb3ltZW50U3RhY2tzL3BzOTczMD9hcGktdmVyc2lvbj0yMDIyLTA4LTAxLXByZXZpZXc=",
      "RequestMethod": "GET",
      "RequestHeaders": {
        "x-ms-client-request-id": [
          "cf8496ae-b6c3-42f6-afe5-dae7d4da81f1"
        ],
        "Accept-Language": [
          "en-US"
        ],
        "User-Agent": [
          "FxVersion/6.0.2323.48002",
          "OSName/Windows",
          "OSVersion/Microsoft.Windows.10.0.22621",
          "Microsoft.Azure.Management.Resources.DeploymentStacksClient/6.9.1"
        ]
      },
      "RequestBody": "",
      "ResponseHeaders": {
        "Cache-Control": [
          "no-cache"
        ],
        "Pragma": [
          "no-cache"
        ],
        "x-ms-request-id": [
          "8636ca72-a36a-4125-8827-64e4e9a3361f"
        ],
        "Server": [
          "Microsoft-HTTPAPI/2.0"
        ],
        "x-ms-ratelimit-remaining-tenant-reads": [
          "11996"
        ],
        "x-ms-correlation-request-id": [
          "afbcd684-2bf7-4004-b877-0aa35d56bf27"
        ],
        "x-ms-routing-request-id": [
          "WESTUS:20231018T214859Z:afbcd684-2bf7-4004-b877-0aa35d56bf27"
        ],
        "Strict-Transport-Security": [
          "max-age=31536000; includeSubDomains"
        ],
        "X-Content-Type-Options": [
          "nosniff"
        ],
        "Date": [
          "Wed, 18 Oct 2023 21:48:59 GMT"
        ],
        "Content-Length": [
          "1576"
        ],
        "Content-Type": [
          "application/json; charset=utf-8"
        ],
        "Expires": [
          "-1"
        ],
        "Retry-After": [
          "0"
        ]
      },
      "ResponseBody": "{\r\n  \"location\": \"westus2\",\r\n  \"properties\": {\r\n    \"actionOnUnmanage\": {\r\n      \"resources\": \"detach\",\r\n      \"resourceGroups\": \"detach\",\r\n      \"managementGroups\": \"detach\"\r\n    },\r\n    \"deploymentId\": \"/subscriptions/a1bfa635-f2bf-42f1-86b5-848c674fc321/providers/Microsoft.Resources/deployments/ps9730-2023-10-18-21-48-34-977d9\",\r\n    \"deploymentScope\": \"/subscriptions/a1bfa635-f2bf-42f1-86b5-848c674fc321\",\r\n    \"description\": \"A Stack\",\r\n    \"denySettings\": {\r\n      \"mode\": \"none\",\r\n      \"applyToChildScopes\": false\r\n    },\r\n    \"parameters\": {\r\n      \"moduleName\": {\r\n        \"value\": \"stacksMGtestmod\",\r\n        \"type\": \"string\"\r\n      },\r\n      \"subId\": {\r\n        \"value\": \"4ce8c9fe-cadc-47d6-9c76-335812fd59df\",\r\n        \"type\": \"string\"\r\n      },\r\n      \"policyDefinitionName\": {\r\n        \"value\": \"PSCmdletTestPolicy476223\",\r\n        \"type\": \"string\"\r\n      }\r\n    },\r\n    \"resources\": [],\r\n    \"provisioningState\": \"deploying\",\r\n    \"detachedResources\": [],\r\n    \"deletedResources\": [],\r\n    \"failedResources\": []\r\n  },\r\n  \"systemData\": {\r\n    \"createdBy\": \"546094f3-32fa-493c-824c-bd9575b0d2fe\",\r\n    \"createdByType\": \"Application\",\r\n    \"createdAt\": \"2023-10-18T21:48:22.9261849Z\",\r\n    \"lastModifiedBy\": \"546094f3-32fa-493c-824c-bd9575b0d2fe\",\r\n    \"lastModifiedByType\": \"Application\",\r\n    \"lastModifiedAt\": \"2023-10-18T21:48:34.5525685Z\"\r\n  },\r\n  \"id\": \"/providers/Microsoft.Management/managementGroups/AzBlueprintAssignTest/providers/Microsoft.Resources/deploymentStacks/ps9730\",\r\n  \"type\": \"Microsoft.Resources/deploymentStacks\",\r\n  \"name\": \"ps9730\"\r\n}",
      "StatusCode": 200
    },
    {
      "RequestUri": "/providers/Microsoft.Management/managementGroups/AzBlueprintAssignTest/providers/Microsoft.Resources/deploymentStacks/ps9730?api-version=2022-08-01-preview",
      "EncodedRequestUri": "L3Byb3ZpZGVycy9NaWNyb3NvZnQuTWFuYWdlbWVudC9tYW5hZ2VtZW50R3JvdXBzL0F6Qmx1ZXByaW50QXNzaWduVGVzdC9wcm92aWRlcnMvTWljcm9zb2Z0LlJlc291cmNlcy9kZXBsb3ltZW50U3RhY2tzL3BzOTczMD9hcGktdmVyc2lvbj0yMDIyLTA4LTAxLXByZXZpZXc=",
      "RequestMethod": "GET",
      "RequestHeaders": {
        "x-ms-client-request-id": [
          "cf8496ae-b6c3-42f6-afe5-dae7d4da81f1"
        ],
        "Accept-Language": [
          "en-US"
        ],
        "User-Agent": [
          "FxVersion/6.0.2323.48002",
          "OSName/Windows",
          "OSVersion/Microsoft.Windows.10.0.22621",
          "Microsoft.Azure.Management.Resources.DeploymentStacksClient/6.9.1"
        ]
      },
      "RequestBody": "",
      "ResponseHeaders": {
        "Cache-Control": [
          "no-cache"
        ],
        "Pragma": [
          "no-cache"
        ],
        "x-ms-request-id": [
          "f1f34327-95e5-4a01-b20d-ee30aacdf8d2"
        ],
        "Server": [
          "Microsoft-HTTPAPI/2.0"
        ],
        "x-ms-ratelimit-remaining-tenant-reads": [
          "11995"
        ],
        "x-ms-correlation-request-id": [
          "9d5902c2-ac21-484e-a772-2bcecbbfde1e"
        ],
        "x-ms-routing-request-id": [
          "WESTUS:20231018T214904Z:9d5902c2-ac21-484e-a772-2bcecbbfde1e"
        ],
        "Strict-Transport-Security": [
          "max-age=31536000; includeSubDomains"
        ],
        "X-Content-Type-Options": [
          "nosniff"
        ],
        "Date": [
          "Wed, 18 Oct 2023 21:49:04 GMT"
        ],
        "Content-Length": [
          "1841"
        ],
        "Content-Type": [
          "application/json; charset=utf-8"
        ],
        "Expires": [
          "-1"
        ],
        "Retry-After": [
          "0"
        ]
      },
      "ResponseBody": "{\r\n  \"location\": \"westus2\",\r\n  \"properties\": {\r\n    \"actionOnUnmanage\": {\r\n      \"resources\": \"detach\",\r\n      \"resourceGroups\": \"detach\",\r\n      \"managementGroups\": \"detach\"\r\n    },\r\n    \"deploymentId\": \"/subscriptions/a1bfa635-f2bf-42f1-86b5-848c674fc321/providers/Microsoft.Resources/deployments/ps9730-2023-10-18-21-48-34-977d9\",\r\n    \"deploymentScope\": \"/subscriptions/a1bfa635-f2bf-42f1-86b5-848c674fc321\",\r\n    \"description\": \"A Stack\",\r\n    \"duration\": \"PT28.0731473S\",\r\n    \"denySettings\": {\r\n      \"mode\": \"none\",\r\n      \"applyToChildScopes\": false\r\n    },\r\n    \"parameters\": {\r\n      \"moduleName\": {\r\n        \"value\": \"stacksMGtestmod\",\r\n        \"type\": \"string\"\r\n      },\r\n      \"subId\": {\r\n        \"value\": \"4ce8c9fe-cadc-47d6-9c76-335812fd59df\",\r\n        \"type\": \"string\"\r\n      },\r\n      \"policyDefinitionName\": {\r\n        \"value\": \"PSCmdletTestPolicy476223\",\r\n        \"type\": \"string\"\r\n      }\r\n    },\r\n    \"resources\": [\r\n      {\r\n        \"status\": \"managed\",\r\n        \"denyStatus\": \"none\",\r\n        \"id\": \"/subscriptions/4ce8c9fe-cadc-47d6-9c76-335812fd59df/providers/Microsoft.Authorization/policyDefinitions/PSCmdletTestPolicy476223\"\r\n      }\r\n    ],\r\n    \"provisioningState\": \"succeeded\",\r\n    \"detachedResources\": [],\r\n    \"deletedResources\": [],\r\n    \"failedResources\": []\r\n  },\r\n  \"systemData\": {\r\n    \"createdBy\": \"546094f3-32fa-493c-824c-bd9575b0d2fe\",\r\n    \"createdByType\": \"Application\",\r\n    \"createdAt\": \"2023-10-18T21:48:22.9261849Z\",\r\n    \"lastModifiedBy\": \"546094f3-32fa-493c-824c-bd9575b0d2fe\",\r\n    \"lastModifiedByType\": \"Application\",\r\n    \"lastModifiedAt\": \"2023-10-18T21:48:34.5525685Z\"\r\n  },\r\n  \"id\": \"/providers/Microsoft.Management/managementGroups/AzBlueprintAssignTest/providers/Microsoft.Resources/deploymentStacks/ps9730\",\r\n  \"type\": \"Microsoft.Resources/deploymentStacks\",\r\n  \"name\": \"ps9730\"\r\n}",
      "StatusCode": 200
    },
    {
      "RequestUri": "/providers/Microsoft.Management/managementGroups/AzBlueprintAssignTest/providers/Microsoft.Resources/deploymentStacks/ps9730?api-version=2022-08-01-preview",
      "EncodedRequestUri": "L3Byb3ZpZGVycy9NaWNyb3NvZnQuTWFuYWdlbWVudC9tYW5hZ2VtZW50R3JvdXBzL0F6Qmx1ZXByaW50QXNzaWduVGVzdC9wcm92aWRlcnMvTWljcm9zb2Z0LlJlc291cmNlcy9kZXBsb3ltZW50U3RhY2tzL3BzOTczMD9hcGktdmVyc2lvbj0yMDIyLTA4LTAxLXByZXZpZXc=",
      "RequestMethod": "GET",
      "RequestHeaders": {
        "x-ms-client-request-id": [
          "25b150d6-6660-4e8b-bbbb-805e159c0fb2"
        ],
        "Accept-Language": [
          "en-US"
        ],
        "User-Agent": [
          "FxVersion/6.0.2323.48002",
          "OSName/Windows",
          "OSVersion/Microsoft.Windows.10.0.22621",
          "Microsoft.Azure.Management.Resources.DeploymentStacksClient/6.9.1"
        ]
      },
      "RequestBody": "",
      "ResponseHeaders": {
        "Cache-Control": [
          "no-cache"
        ],
        "Pragma": [
          "no-cache"
        ],
        "x-ms-request-id": [
          "7ce4f20b-d15b-4ed0-a40a-4845b6d5d580"
        ],
        "Server": [
          "Microsoft-HTTPAPI/2.0"
        ],
        "x-ms-ratelimit-remaining-tenant-reads": [
          "11999"
        ],
        "x-ms-correlation-request-id": [
          "60cebf03-c6ac-432b-8a72-d51bb459e6f8"
        ],
        "x-ms-routing-request-id": [
          "WESTUS:20231018T214904Z:60cebf03-c6ac-432b-8a72-d51bb459e6f8"
        ],
        "Strict-Transport-Security": [
          "max-age=31536000; includeSubDomains"
        ],
        "X-Content-Type-Options": [
          "nosniff"
        ],
        "Date": [
          "Wed, 18 Oct 2023 21:49:04 GMT"
        ],
        "Content-Length": [
          "1841"
        ],
        "Content-Type": [
          "application/json; charset=utf-8"
        ],
        "Expires": [
          "-1"
        ],
        "Retry-After": [
          "0"
        ]
      },
      "ResponseBody": "{\r\n  \"location\": \"westus2\",\r\n  \"properties\": {\r\n    \"actionOnUnmanage\": {\r\n      \"resources\": \"detach\",\r\n      \"resourceGroups\": \"detach\",\r\n      \"managementGroups\": \"detach\"\r\n    },\r\n    \"deploymentId\": \"/subscriptions/a1bfa635-f2bf-42f1-86b5-848c674fc321/providers/Microsoft.Resources/deployments/ps9730-2023-10-18-21-48-34-977d9\",\r\n    \"deploymentScope\": \"/subscriptions/a1bfa635-f2bf-42f1-86b5-848c674fc321\",\r\n    \"description\": \"A Stack\",\r\n    \"duration\": \"PT28.0731473S\",\r\n    \"denySettings\": {\r\n      \"mode\": \"none\",\r\n      \"applyToChildScopes\": false\r\n    },\r\n    \"parameters\": {\r\n      \"moduleName\": {\r\n        \"value\": \"stacksMGtestmod\",\r\n        \"type\": \"string\"\r\n      },\r\n      \"subId\": {\r\n        \"value\": \"4ce8c9fe-cadc-47d6-9c76-335812fd59df\",\r\n        \"type\": \"string\"\r\n      },\r\n      \"policyDefinitionName\": {\r\n        \"value\": \"PSCmdletTestPolicy476223\",\r\n        \"type\": \"string\"\r\n      }\r\n    },\r\n    \"resources\": [\r\n      {\r\n        \"status\": \"managed\",\r\n        \"denyStatus\": \"none\",\r\n        \"id\": \"/subscriptions/4ce8c9fe-cadc-47d6-9c76-335812fd59df/providers/Microsoft.Authorization/policyDefinitions/PSCmdletTestPolicy476223\"\r\n      }\r\n    ],\r\n    \"provisioningState\": \"succeeded\",\r\n    \"detachedResources\": [],\r\n    \"deletedResources\": [],\r\n    \"failedResources\": []\r\n  },\r\n  \"systemData\": {\r\n    \"createdBy\": \"546094f3-32fa-493c-824c-bd9575b0d2fe\",\r\n    \"createdByType\": \"Application\",\r\n    \"createdAt\": \"2023-10-18T21:48:22.9261849Z\",\r\n    \"lastModifiedBy\": \"546094f3-32fa-493c-824c-bd9575b0d2fe\",\r\n    \"lastModifiedByType\": \"Application\",\r\n    \"lastModifiedAt\": \"2023-10-18T21:48:34.5525685Z\"\r\n  },\r\n  \"id\": \"/providers/Microsoft.Management/managementGroups/AzBlueprintAssignTest/providers/Microsoft.Resources/deploymentStacks/ps9730\",\r\n  \"type\": \"Microsoft.Resources/deploymentStacks\",\r\n  \"name\": \"ps9730\"\r\n}",
      "StatusCode": 200
    },
    {
      "RequestUri": "/providers/Microsoft.Management/managementGroups/AzBlueprintAssignTest/providers/Microsoft.Resources/deploymentStacks/ps9730?api-version=2022-08-01-preview",
      "EncodedRequestUri": "L3Byb3ZpZGVycy9NaWNyb3NvZnQuTWFuYWdlbWVudC9tYW5hZ2VtZW50R3JvdXBzL0F6Qmx1ZXByaW50QXNzaWduVGVzdC9wcm92aWRlcnMvTWljcm9zb2Z0LlJlc291cmNlcy9kZXBsb3ltZW50U3RhY2tzL3BzOTczMD9hcGktdmVyc2lvbj0yMDIyLTA4LTAxLXByZXZpZXc=",
      "RequestMethod": "GET",
      "RequestHeaders": {
        "x-ms-client-request-id": [
          "25b150d6-6660-4e8b-bbbb-805e159c0fb2"
        ],
        "Accept-Language": [
          "en-US"
        ],
        "User-Agent": [
          "FxVersion/6.0.2323.48002",
          "OSName/Windows",
          "OSVersion/Microsoft.Windows.10.0.22621",
          "Microsoft.Azure.Management.Resources.DeploymentStacksClient/6.9.1"
        ]
      },
      "RequestBody": "",
      "ResponseHeaders": {
        "Cache-Control": [
          "no-cache"
        ],
        "Pragma": [
          "no-cache"
        ],
        "x-ms-request-id": [
          "6865e22c-d22e-4954-b40c-a8ef9f6fccd5"
        ],
        "Server": [
          "Microsoft-HTTPAPI/2.0"
        ],
        "x-ms-ratelimit-remaining-tenant-reads": [
          "11998"
        ],
        "x-ms-correlation-request-id": [
          "d4d00b65-dd76-41ee-8dd7-d8a279b93c13"
        ],
        "x-ms-routing-request-id": [
          "WESTUS:20231018T214910Z:d4d00b65-dd76-41ee-8dd7-d8a279b93c13"
        ],
        "Strict-Transport-Security": [
          "max-age=31536000; includeSubDomains"
        ],
        "X-Content-Type-Options": [
          "nosniff"
        ],
        "Date": [
          "Wed, 18 Oct 2023 21:49:09 GMT"
        ],
        "Content-Length": [
          "1188"
        ],
        "Content-Type": [
          "application/json; charset=utf-8"
        ],
        "Expires": [
          "-1"
        ],
        "Retry-After": [
          "0"
        ]
      },
      "ResponseBody": "{\r\n  \"location\": \"westus2\",\r\n  \"properties\": {\r\n    \"actionOnUnmanage\": {\r\n      \"resources\": \"detach\",\r\n      \"resourceGroups\": \"detach\",\r\n      \"managementGroups\": \"detach\"\r\n    },\r\n    \"deploymentId\": \"/providers/Microsoft.Management/managementGroups/AzBlueprintAssignTest/providers/Microsoft.Resources/deployments/ps9730-2023-10-18-21-49-05-9cc8e\",\r\n    \"description\": \"A Stack\",\r\n    \"denySettings\": {\r\n      \"mode\": \"none\",\r\n      \"applyToChildScopes\": false\r\n    },\r\n    \"parameters\": {},\r\n    \"resources\": [],\r\n    \"provisioningState\": \"deploying\",\r\n    \"detachedResources\": [],\r\n    \"deletedResources\": [],\r\n    \"failedResources\": []\r\n  },\r\n  \"systemData\": {\r\n    \"createdBy\": \"546094f3-32fa-493c-824c-bd9575b0d2fe\",\r\n    \"createdByType\": \"Application\",\r\n    \"createdAt\": \"2023-10-18T21:48:22.9261849Z\",\r\n    \"lastModifiedBy\": \"546094f3-32fa-493c-824c-bd9575b0d2fe\",\r\n    \"lastModifiedByType\": \"Application\",\r\n    \"lastModifiedAt\": \"2023-10-18T21:49:05.0241428Z\"\r\n  },\r\n  \"id\": \"/providers/Microsoft.Management/managementGroups/AzBlueprintAssignTest/providers/Microsoft.Resources/deploymentStacks/ps9730\",\r\n  \"type\": \"Microsoft.Resources/deploymentStacks\",\r\n  \"name\": \"ps9730\"\r\n}",
      "StatusCode": 200
    },
    {
      "RequestUri": "/providers/Microsoft.Management/managementGroups/AzBlueprintAssignTest/providers/Microsoft.Resources/deploymentStacks/ps9730?api-version=2022-08-01-preview",
      "EncodedRequestUri": "L3Byb3ZpZGVycy9NaWNyb3NvZnQuTWFuYWdlbWVudC9tYW5hZ2VtZW50R3JvdXBzL0F6Qmx1ZXByaW50QXNzaWduVGVzdC9wcm92aWRlcnMvTWljcm9zb2Z0LlJlc291cmNlcy9kZXBsb3ltZW50U3RhY2tzL3BzOTczMD9hcGktdmVyc2lvbj0yMDIyLTA4LTAxLXByZXZpZXc=",
      "RequestMethod": "GET",
      "RequestHeaders": {
        "x-ms-client-request-id": [
          "25b150d6-6660-4e8b-bbbb-805e159c0fb2"
        ],
        "Accept-Language": [
          "en-US"
        ],
        "User-Agent": [
          "FxVersion/6.0.2323.48002",
          "OSName/Windows",
          "OSVersion/Microsoft.Windows.10.0.22621",
          "Microsoft.Azure.Management.Resources.DeploymentStacksClient/6.9.1"
        ]
      },
      "RequestBody": "",
      "ResponseHeaders": {
        "Cache-Control": [
          "no-cache"
        ],
        "Pragma": [
          "no-cache"
        ],
        "x-ms-request-id": [
          "03c6c9bb-4134-4446-86ab-d6624db37f45"
        ],
        "Server": [
          "Microsoft-HTTPAPI/2.0"
        ],
        "x-ms-ratelimit-remaining-tenant-reads": [
          "11997"
        ],
        "x-ms-correlation-request-id": [
          "b023f5e8-4533-4318-8950-26ab72a19fb2"
        ],
        "x-ms-routing-request-id": [
          "WESTUS:20231018T214920Z:b023f5e8-4533-4318-8950-26ab72a19fb2"
        ],
        "Strict-Transport-Security": [
          "max-age=31536000; includeSubDomains"
        ],
        "X-Content-Type-Options": [
          "nosniff"
        ],
        "Date": [
          "Wed, 18 Oct 2023 21:49:19 GMT"
        ],
        "Content-Length": [
          "1637"
        ],
        "Content-Type": [
          "application/json; charset=utf-8"
        ],
        "Expires": [
          "-1"
        ],
        "Retry-After": [
          "0"
        ]
      },
      "ResponseBody": "{\r\n  \"location\": \"westus2\",\r\n  \"properties\": {\r\n    \"actionOnUnmanage\": {\r\n      \"resources\": \"detach\",\r\n      \"resourceGroups\": \"detach\",\r\n      \"managementGroups\": \"detach\"\r\n    },\r\n    \"deploymentId\": \"/providers/Microsoft.Management/managementGroups/AzBlueprintAssignTest/providers/Microsoft.Resources/deployments/ps9730-2023-10-18-21-49-05-9cc8e\",\r\n    \"description\": \"A Stack\",\r\n    \"duration\": \"PT6.6945441S\",\r\n    \"denySettings\": {\r\n      \"mode\": \"none\",\r\n      \"applyToChildScopes\": false\r\n    },\r\n    \"parameters\": {},\r\n    \"resources\": [\r\n      {\r\n        \"status\": \"managed\",\r\n        \"denyStatus\": \"none\",\r\n        \"id\": \"/providers/Microsoft.Management/managementGroups/AzBlueprintAssignTest/providers/Microsoft.Authorization/policyDefinitions/PSLocationAuditsTest\"\r\n      }\r\n    ],\r\n    \"provisioningState\": \"succeeded\",\r\n    \"detachedResources\": [\r\n      {\r\n        \"id\": \"/subscriptions/4ce8c9fe-cadc-47d6-9c76-335812fd59df/providers/Microsoft.Authorization/policyDefinitions/PSCmdletTestPolicy476223\"\r\n      }\r\n    ],\r\n    \"deletedResources\": [],\r\n    \"failedResources\": []\r\n  },\r\n  \"systemData\": {\r\n    \"createdBy\": \"546094f3-32fa-493c-824c-bd9575b0d2fe\",\r\n    \"createdByType\": \"Application\",\r\n    \"createdAt\": \"2023-10-18T21:48:22.9261849Z\",\r\n    \"lastModifiedBy\": \"546094f3-32fa-493c-824c-bd9575b0d2fe\",\r\n    \"lastModifiedByType\": \"Application\",\r\n    \"lastModifiedAt\": \"2023-10-18T21:49:05.0241428Z\"\r\n  },\r\n  \"id\": \"/providers/Microsoft.Management/managementGroups/AzBlueprintAssignTest/providers/Microsoft.Resources/deploymentStacks/ps9730\",\r\n  \"type\": \"Microsoft.Resources/deploymentStacks\",\r\n  \"name\": \"ps9730\"\r\n}",
      "StatusCode": 200
    },
    {
      "RequestUri": "/providers/Microsoft.Management/managementGroups/AzBlueprintAssignTest/providers/Microsoft.Resources/deploymentStacks/ps9730?api-version=2022-08-01-preview",
      "EncodedRequestUri": "L3Byb3ZpZGVycy9NaWNyb3NvZnQuTWFuYWdlbWVudC9tYW5hZ2VtZW50R3JvdXBzL0F6Qmx1ZXByaW50QXNzaWduVGVzdC9wcm92aWRlcnMvTWljcm9zb2Z0LlJlc291cmNlcy9kZXBsb3ltZW50U3RhY2tzL3BzOTczMD9hcGktdmVyc2lvbj0yMDIyLTA4LTAxLXByZXZpZXc=",
      "RequestMethod": "GET",
      "RequestHeaders": {
        "x-ms-client-request-id": [
          "08d02286-7cb6-4366-b330-f769c1fe2d0f"
        ],
        "Accept-Language": [
          "en-US"
        ],
        "User-Agent": [
          "FxVersion/6.0.2323.48002",
          "OSName/Windows",
          "OSVersion/Microsoft.Windows.10.0.22621",
          "Microsoft.Azure.Management.Resources.DeploymentStacksClient/6.9.1"
        ]
      },
      "RequestBody": "",
      "ResponseHeaders": {
        "Cache-Control": [
          "no-cache"
        ],
        "Pragma": [
          "no-cache"
        ],
        "x-ms-request-id": [
          "0b7fbbf5-5944-422e-8771-8ea2069feea1"
        ],
        "Server": [
          "Microsoft-HTTPAPI/2.0"
        ],
        "x-ms-ratelimit-remaining-tenant-reads": [
          "11999"
        ],
        "x-ms-correlation-request-id": [
          "a60e92b1-770f-4e1b-a849-b720f1a26e23"
        ],
        "x-ms-routing-request-id": [
          "WESTUS:20231018T214921Z:a60e92b1-770f-4e1b-a849-b720f1a26e23"
        ],
        "Strict-Transport-Security": [
          "max-age=31536000; includeSubDomains"
        ],
        "X-Content-Type-Options": [
          "nosniff"
        ],
        "Date": [
          "Wed, 18 Oct 2023 21:49:20 GMT"
        ],
        "Content-Length": [
          "1637"
        ],
        "Content-Type": [
          "application/json; charset=utf-8"
        ],
        "Expires": [
          "-1"
        ],
        "Retry-After": [
          "0"
        ]
      },
      "ResponseBody": "{\r\n  \"location\": \"westus2\",\r\n  \"properties\": {\r\n    \"actionOnUnmanage\": {\r\n      \"resources\": \"detach\",\r\n      \"resourceGroups\": \"detach\",\r\n      \"managementGroups\": \"detach\"\r\n    },\r\n    \"deploymentId\": \"/providers/Microsoft.Management/managementGroups/AzBlueprintAssignTest/providers/Microsoft.Resources/deployments/ps9730-2023-10-18-21-49-05-9cc8e\",\r\n    \"description\": \"A Stack\",\r\n    \"duration\": \"PT6.6945441S\",\r\n    \"denySettings\": {\r\n      \"mode\": \"none\",\r\n      \"applyToChildScopes\": false\r\n    },\r\n    \"parameters\": {},\r\n    \"resources\": [\r\n      {\r\n        \"status\": \"managed\",\r\n        \"denyStatus\": \"none\",\r\n        \"id\": \"/providers/Microsoft.Management/managementGroups/AzBlueprintAssignTest/providers/Microsoft.Authorization/policyDefinitions/PSLocationAuditsTest\"\r\n      }\r\n    ],\r\n    \"provisioningState\": \"succeeded\",\r\n    \"detachedResources\": [\r\n      {\r\n        \"id\": \"/subscriptions/4ce8c9fe-cadc-47d6-9c76-335812fd59df/providers/Microsoft.Authorization/policyDefinitions/PSCmdletTestPolicy476223\"\r\n      }\r\n    ],\r\n    \"deletedResources\": [],\r\n    \"failedResources\": []\r\n  },\r\n  \"systemData\": {\r\n    \"createdBy\": \"546094f3-32fa-493c-824c-bd9575b0d2fe\",\r\n    \"createdByType\": \"Application\",\r\n    \"createdAt\": \"2023-10-18T21:48:22.9261849Z\",\r\n    \"lastModifiedBy\": \"546094f3-32fa-493c-824c-bd9575b0d2fe\",\r\n    \"lastModifiedByType\": \"Application\",\r\n    \"lastModifiedAt\": \"2023-10-18T21:49:05.0241428Z\"\r\n  },\r\n  \"id\": \"/providers/Microsoft.Management/managementGroups/AzBlueprintAssignTest/providers/Microsoft.Resources/deploymentStacks/ps9730\",\r\n  \"type\": \"Microsoft.Resources/deploymentStacks\",\r\n  \"name\": \"ps9730\"\r\n}",
      "StatusCode": 200
    },
    {
      "RequestUri": "/providers/Microsoft.Management/managementGroups/AzBlueprintAssignTest/providers/Microsoft.Resources/deploymentStacks/ps9730?api-version=2022-08-01-preview",
      "EncodedRequestUri": "L3Byb3ZpZGVycy9NaWNyb3NvZnQuTWFuYWdlbWVudC9tYW5hZ2VtZW50R3JvdXBzL0F6Qmx1ZXByaW50QXNzaWduVGVzdC9wcm92aWRlcnMvTWljcm9zb2Z0LlJlc291cmNlcy9kZXBsb3ltZW50U3RhY2tzL3BzOTczMD9hcGktdmVyc2lvbj0yMDIyLTA4LTAxLXByZXZpZXc=",
      "RequestMethod": "GET",
      "RequestHeaders": {
        "x-ms-client-request-id": [
          "08d02286-7cb6-4366-b330-f769c1fe2d0f"
        ],
        "Accept-Language": [
          "en-US"
        ],
        "User-Agent": [
          "FxVersion/6.0.2323.48002",
          "OSName/Windows",
          "OSVersion/Microsoft.Windows.10.0.22621",
          "Microsoft.Azure.Management.Resources.DeploymentStacksClient/6.9.1"
        ]
      },
      "RequestBody": "",
      "ResponseHeaders": {
        "Cache-Control": [
          "no-cache"
        ],
        "Pragma": [
          "no-cache"
        ],
        "x-ms-request-id": [
          "60bf30cd-a727-47e8-8d62-4a0fb3863359"
        ],
        "Server": [
          "Microsoft-HTTPAPI/2.0"
        ],
        "x-ms-ratelimit-remaining-tenant-reads": [
          "11998"
        ],
        "x-ms-correlation-request-id": [
          "fc546415-1c3f-41da-a01c-54df879304ea"
        ],
        "x-ms-routing-request-id": [
          "WESTUS:20231018T214926Z:fc546415-1c3f-41da-a01c-54df879304ea"
        ],
        "Strict-Transport-Security": [
          "max-age=31536000; includeSubDomains"
        ],
        "X-Content-Type-Options": [
          "nosniff"
        ],
        "Date": [
          "Wed, 18 Oct 2023 21:49:26 GMT"
        ],
        "Content-Length": [
          "1576"
        ],
        "Content-Type": [
          "application/json; charset=utf-8"
        ],
        "Expires": [
          "-1"
        ],
        "Retry-After": [
          "0"
        ]
      },
      "ResponseBody": "{\r\n  \"location\": \"westus2\",\r\n  \"properties\": {\r\n    \"actionOnUnmanage\": {\r\n      \"resources\": \"detach\",\r\n      \"resourceGroups\": \"detach\",\r\n      \"managementGroups\": \"detach\"\r\n    },\r\n    \"deploymentId\": \"/subscriptions/a1bfa635-f2bf-42f1-86b5-848c674fc321/providers/Microsoft.Resources/deployments/ps9730-2023-10-18-21-49-21-aa43b\",\r\n    \"deploymentScope\": \"/subscriptions/a1bfa635-f2bf-42f1-86b5-848c674fc321\",\r\n    \"description\": \"A Stack\",\r\n    \"denySettings\": {\r\n      \"mode\": \"none\",\r\n      \"applyToChildScopes\": false\r\n    },\r\n    \"parameters\": {\r\n      \"moduleName\": {\r\n        \"value\": \"stacksMGtestmod\",\r\n        \"type\": \"string\"\r\n      },\r\n      \"subId\": {\r\n        \"value\": \"4ce8c9fe-cadc-47d6-9c76-335812fd59df\",\r\n        \"type\": \"string\"\r\n      },\r\n      \"policyDefinitionName\": {\r\n        \"value\": \"PSCmdletTestPolicy476223\",\r\n        \"type\": \"string\"\r\n      }\r\n    },\r\n    \"resources\": [],\r\n    \"provisioningState\": \"deploying\",\r\n    \"detachedResources\": [],\r\n    \"deletedResources\": [],\r\n    \"failedResources\": []\r\n  },\r\n  \"systemData\": {\r\n    \"createdBy\": \"546094f3-32fa-493c-824c-bd9575b0d2fe\",\r\n    \"createdByType\": \"Application\",\r\n    \"createdAt\": \"2023-10-18T21:48:22.9261849Z\",\r\n    \"lastModifiedBy\": \"546094f3-32fa-493c-824c-bd9575b0d2fe\",\r\n    \"lastModifiedByType\": \"Application\",\r\n    \"lastModifiedAt\": \"2023-10-18T21:49:21.2963081Z\"\r\n  },\r\n  \"id\": \"/providers/Microsoft.Management/managementGroups/AzBlueprintAssignTest/providers/Microsoft.Resources/deploymentStacks/ps9730\",\r\n  \"type\": \"Microsoft.Resources/deploymentStacks\",\r\n  \"name\": \"ps9730\"\r\n}",
      "StatusCode": 200
    },
    {
      "RequestUri": "/providers/Microsoft.Management/managementGroups/AzBlueprintAssignTest/providers/Microsoft.Resources/deploymentStacks/ps9730?api-version=2022-08-01-preview",
      "EncodedRequestUri": "L3Byb3ZpZGVycy9NaWNyb3NvZnQuTWFuYWdlbWVudC9tYW5hZ2VtZW50R3JvdXBzL0F6Qmx1ZXByaW50QXNzaWduVGVzdC9wcm92aWRlcnMvTWljcm9zb2Z0LlJlc291cmNlcy9kZXBsb3ltZW50U3RhY2tzL3BzOTczMD9hcGktdmVyc2lvbj0yMDIyLTA4LTAxLXByZXZpZXc=",
      "RequestMethod": "GET",
      "RequestHeaders": {
        "x-ms-client-request-id": [
          "08d02286-7cb6-4366-b330-f769c1fe2d0f"
        ],
        "Accept-Language": [
          "en-US"
        ],
        "User-Agent": [
          "FxVersion/6.0.2323.48002",
          "OSName/Windows",
          "OSVersion/Microsoft.Windows.10.0.22621",
          "Microsoft.Azure.Management.Resources.DeploymentStacksClient/6.9.1"
        ]
      },
      "RequestBody": "",
      "ResponseHeaders": {
        "Cache-Control": [
          "no-cache"
        ],
        "Pragma": [
          "no-cache"
        ],
        "x-ms-request-id": [
          "9ef72501-81b6-4519-b58f-4353bd4235b7"
        ],
        "Server": [
          "Microsoft-HTTPAPI/2.0"
        ],
        "x-ms-ratelimit-remaining-tenant-reads": [
          "11997"
        ],
        "x-ms-correlation-request-id": [
          "6d351283-5a60-4c2f-a225-7b2937748a84"
        ],
        "x-ms-routing-request-id": [
          "WESTUS:20231018T214946Z:6d351283-5a60-4c2f-a225-7b2937748a84"
        ],
        "Strict-Transport-Security": [
          "max-age=31536000; includeSubDomains"
        ],
        "X-Content-Type-Options": [
          "nosniff"
        ],
        "Date": [
          "Wed, 18 Oct 2023 21:49:45 GMT"
        ],
        "Content-Length": [
          "2026"
        ],
        "Content-Type": [
          "application/json; charset=utf-8"
        ],
        "Expires": [
          "-1"
        ],
        "Retry-After": [
          "0"
        ]
      },
      "ResponseBody": "{\r\n  \"location\": \"westus2\",\r\n  \"properties\": {\r\n    \"actionOnUnmanage\": {\r\n      \"resources\": \"detach\",\r\n      \"resourceGroups\": \"detach\",\r\n      \"managementGroups\": \"detach\"\r\n    },\r\n    \"deploymentId\": \"/subscriptions/a1bfa635-f2bf-42f1-86b5-848c674fc321/providers/Microsoft.Resources/deployments/ps9730-2023-10-18-21-49-21-aa43b\",\r\n    \"deploymentScope\": \"/subscriptions/a1bfa635-f2bf-42f1-86b5-848c674fc321\",\r\n    \"description\": \"A Stack\",\r\n    \"duration\": \"PT20.1147724S\",\r\n    \"denySettings\": {\r\n      \"mode\": \"none\",\r\n      \"applyToChildScopes\": false\r\n    },\r\n    \"parameters\": {\r\n      \"moduleName\": {\r\n        \"value\": \"stacksMGtestmod\",\r\n        \"type\": \"string\"\r\n      },\r\n      \"subId\": {\r\n        \"value\": \"4ce8c9fe-cadc-47d6-9c76-335812fd59df\",\r\n        \"type\": \"string\"\r\n      },\r\n      \"policyDefinitionName\": {\r\n        \"value\": \"PSCmdletTestPolicy476223\",\r\n        \"type\": \"string\"\r\n      }\r\n    },\r\n    \"resources\": [\r\n      {\r\n        \"status\": \"managed\",\r\n        \"denyStatus\": \"none\",\r\n        \"id\": \"/subscriptions/4ce8c9fe-cadc-47d6-9c76-335812fd59df/providers/Microsoft.Authorization/policyDefinitions/PSCmdletTestPolicy476223\"\r\n      }\r\n    ],\r\n    \"provisioningState\": \"succeeded\",\r\n    \"detachedResources\": [\r\n      {\r\n        \"id\": \"/providers/Microsoft.Management/managementGroups/AzBlueprintAssignTest/providers/Microsoft.Authorization/policyDefinitions/PSLocationAuditsTest\"\r\n      }\r\n    ],\r\n    \"deletedResources\": [],\r\n    \"failedResources\": []\r\n  },\r\n  \"systemData\": {\r\n    \"createdBy\": \"546094f3-32fa-493c-824c-bd9575b0d2fe\",\r\n    \"createdByType\": \"Application\",\r\n    \"createdAt\": \"2023-10-18T21:48:22.9261849Z\",\r\n    \"lastModifiedBy\": \"546094f3-32fa-493c-824c-bd9575b0d2fe\",\r\n    \"lastModifiedByType\": \"Application\",\r\n    \"lastModifiedAt\": \"2023-10-18T21:49:21.2963081Z\"\r\n  },\r\n  \"id\": \"/providers/Microsoft.Management/managementGroups/AzBlueprintAssignTest/providers/Microsoft.Resources/deploymentStacks/ps9730\",\r\n  \"type\": \"Microsoft.Resources/deploymentStacks\",\r\n  \"name\": \"ps9730\"\r\n}",
      "StatusCode": 200
    },
    {
      "RequestUri": "/providers/Microsoft.Management/managementGroups/AzBlueprintAssignTest/providers/Microsoft.Resources/deploymentStacks/ps9730?api-version=2022-08-01-preview",
      "EncodedRequestUri": "L3Byb3ZpZGVycy9NaWNyb3NvZnQuTWFuYWdlbWVudC9tYW5hZ2VtZW50R3JvdXBzL0F6Qmx1ZXByaW50QXNzaWduVGVzdC9wcm92aWRlcnMvTWljcm9zb2Z0LlJlc291cmNlcy9kZXBsb3ltZW50U3RhY2tzL3BzOTczMD9hcGktdmVyc2lvbj0yMDIyLTA4LTAxLXByZXZpZXc=",
      "RequestMethod": "PUT",
      "RequestHeaders": {
        "x-ms-client-request-id": [
          "f6d28ea8-1d81-45eb-b128-791d7c4d016f"
        ],
        "Accept-Language": [
          "en-US"
        ],
        "User-Agent": [
          "FxVersion/6.0.2323.48002",
          "OSName/Windows",
          "OSVersion/Microsoft.Windows.10.0.22621",
          "Microsoft.Azure.Management.Resources.DeploymentStacksClient/6.9.1"
        ],
        "Content-Type": [
          "application/json; charset=utf-8"
        ],
        "Content-Length": [
          "670"
        ]
      },
      "RequestBody": "{\r\n  \"location\": \"West US 2\",\r\n  \"properties\": {\r\n    \"template\": {\r\n      \"$schema\": \"http://schema.management.azure.com/schemas/2015-01-01/deploymentTemplate.json#\",\r\n      \"contentVersion\": \"1.0.0.0\",\r\n      \"parameters\": {},\r\n      \"variables\": {},\r\n      \"resources\": [],\r\n      \"outputs\": {}\r\n    },\r\n    \"parameters\": {},\r\n    \"actionOnUnmanage\": {\r\n      \"resources\": \"detach\",\r\n      \"resourceGroups\": \"detach\",\r\n      \"managementGroups\": \"detach\"\r\n    },\r\n    \"deploymentScope\": \"/subscriptions/a1bfa635-f2bf-42f1-86b5-848c674fc321\",\r\n    \"description\": \"A Stack\",\r\n    \"denySettings\": {\r\n      \"mode\": \"None\",\r\n      \"applyToChildScopes\": false\r\n    }\r\n  }\r\n}",
      "ResponseHeaders": {
        "Cache-Control": [
          "no-cache"
        ],
        "Pragma": [
          "no-cache"
        ],
        "Retry-After": [
          "0"
        ],
        "Azure-AsyncOperation": [
          "https://management.azure.com/providers/Microsoft.Resources/locations/westus2/deploymentStackOperationStatus/d8da97cb-e068-44c3-ad73-1f6f689575d1?api-version=2022-08-01-preview&t=638332625035980841&c=MIIHHjCCBgagAwIBAgITfwHQwFKsM_SaZ3oYQwAEAdDAUjANBgkqhkiG9w0BAQsFADBEMRMwEQYKCZImiZPyLGQBGRYDR0JMMRMwEQYKCZImiZPyLGQBGRYDQU1FMRgwFgYDVQQDEw9BTUUgSW5mcmEgQ0EgMDIwHhcNMjMwODAzMDkwMzExWhcNMjQwNzI4MDkwMzExWjBAMT4wPAYDVQQDEzVhc3luY29wZXJhdGlvbnNpZ25pbmdjZXJ0aWZpY2F0ZS5tYW5hZ2VtZW50LmF6dXJlLmNvbTCCASIwDQYJKoZIhvcNAQEBBQADggEPADCCAQoCggEBAJQbCh6bI1fy33ihbuhnYAi-tK-wY4yp8CUXk_uSV8w0AzXrOwZStPhGL2QLmMALLJhLlGruhSEdRUd-ej9YImb9EcB7Sxa7gZM4TttscUWTI37jWjJGvmL2IS8gO-V08sDqRJs9nd7v3NYjwkYwI6upPO198_TvDODjEOoXzdbqNzdg8HK9PRg4R6BQ2SYtQVjaKuTmTVPKtHbYjFDSwqH4QCNwKB-RWl8y_n0aagYHyQLs7HxDh_OYa_ragWKwpVX12uIkZZOlOYoo9z-B3yg2Qc6H93HIyyNLvYYyWvzsXlWbxsigQspOpB-JsijqIMX2LpkicZ9Qt3hdqEH3TgECAwEAAaOCBAswggQHMCcGCSsGAQQBgjcVCgQaMBgwCgYIKwYBBQUHAwEwCgYIKwYBBQUHAwIwPQYJKwYBBAGCNxUHBDAwLgYmKwYBBAGCNxUIhpDjDYTVtHiE8Ys-hZvdFs6dEoFggvX2K4Py0SACAWQCAQowggHaBggrBgEFBQcBAQSCAcwwggHIMGYGCCsGAQUFBzAChlpodHRwOi8vY3JsLm1pY3Jvc29mdC5jb20vcGtpaW5mcmEvQ2VydHMvQkwyUEtJSU5UQ0EwMS5BTUUuR0JMX0FNRSUyMEluZnJhJTIwQ0ElMjAwMig0KS5jcnQwVgYIKwYBBQUHMAKGSmh0dHA6Ly9jcmwxLmFtZS5nYmwvYWlhL0JMMlBLSUlOVENBMDEuQU1FLkdCTF9BTUUlMjBJbmZyYSUyMENBJTIwMDIoNCkuY3J0MFYGCCsGAQUFBzAChkpodHRwOi8vY3JsMi5hbWUuZ2JsL2FpYS9CTDJQS0lJTlRDQTAxLkFNRS5HQkxfQU1FJTIwSW5mcmElMjBDQSUyMDAyKDQpLmNydDBWBggrBgEFBQcwAoZKaHR0cDovL2NybDMuYW1lLmdibC9haWEvQkwyUEtJSU5UQ0EwMS5BTUUuR0JMX0FNRSUyMEluZnJhJTIwQ0ElMjAwMig0KS5jcnQwVgYIKwYBBQUHMAKGSmh0dHA6Ly9jcmw0LmFtZS5nYmwvYWlhL0JMMlBLSUlOVENBMDEuQU1FLkdCTF9BTUUlMjBJbmZyYSUyMENBJTIwMDIoNCkuY3J0MB0GA1UdDgQWBBSotg9l-TRXg2Od_Oq4_NlEL1rRszAOBgNVHQ8BAf8EBAMCBaAwggE1BgNVHR8EggEsMIIBKDCCASSgggEgoIIBHIZCaHR0cDovL2NybC5taWNyb3NvZnQuY29tL3BraWluZnJhL0NSTC9BTUUlMjBJbmZyYSUyMENBJTIwMDIoNCkuY3JshjRodHRwOi8vY3JsMS5hbWUuZ2JsL2NybC9BTUUlMjBJbmZyYSUyMENBJTIwMDIoNCkuY3JshjRodHRwOi8vY3JsMi5hbWUuZ2JsL2NybC9BTUUlMjBJbmZyYSUyMENBJTIwMDIoNCkuY3JshjRodHRwOi8vY3JsMy5hbWUuZ2JsL2NybC9BTUUlMjBJbmZyYSUyMENBJTIwMDIoNCkuY3JshjRodHRwOi8vY3JsNC5hbWUuZ2JsL2NybC9BTUUlMjBJbmZyYSUyMENBJTIwMDIoNCkuY3JsMBcGA1UdIAQQMA4wDAYKKwYBBAGCN3sBATAfBgNVHSMEGDAWgBSuecJrXSWIEwb2BwnDl3x7l48dVTAdBgNVHSUEFjAUBggrBgEFBQcDAQYIKwYBBQUHAwIwDQYJKoZIhvcNAQELBQADggEBAHXBDjxwU1_SCJTLnITpRn3jC6-hLvpBjlvAcTcon2IrYP1NmLYetTIHeRJIXmkXroCJpCUa740vZLaRyyZKweV_Xav9ODpmbAEriFc24VQpI0eCg5lZxjnpY3SF7pjsQN5R5iXCcf8uPGz-ehUdVqLsTHThEqxqeDjneKzUFHd67creOfJih1BzFDUzzkYs2_ffNVEd_BsQb1RKlb8H3uxdoUizcXw92vz3Ymkntcb6GBTSAp9uTnZyiJaZOtJ4w77PIJqK4IKM2vDqYN6xRIoo9iANNAPHuL8yUSgxYh2LMXQ9b1zW5XrNJ2Q1ajEsRu-zctoZJAYDXhLXDz04rSo&s=R1c6WSxNpYgDSY5QIx30u9a6RJnz7ra5f5X_WDWMOc2bgOG-jul3gtFO2hLF70nzmElIuH7__eF2ENoU8QYfDXdQKdeZjxo1KkGReCGV9wHKoS_c9_7ENGNaspBmr3UK4UzdYUAW2BLZaFISTqh2801UgUr3mApv2dofrHTyNU7DgNHlWwTmWXalHRi7oD9Fs7IX8MUVBG9xfT_ZhODcncZHQ_8DZ4vgpW1OInPeUuusYmQUoFGlaPNlP5ywx7SYI66uTx-cnJwv69iiw8VBc_sq9vockAb_4v_6e-7th-J-ebCJPNyw9Gtxl1ADfCUMCejPf3qcZSt4EtTfbxVpYA&h=TgZ6jT1YpK_BzaXUI764YUB3vEOBxzI4noFkgfheVWU"
        ],
        "x-ms-request-id": [
          "9c4fb132-e06a-4602-bb73-19625608eb2d"
        ],
        "Server": [
          "Microsoft-HTTPAPI/2.0"
        ],
        "x-ms-ratelimit-remaining-tenant-writes": [
          "1199"
        ],
        "x-ms-correlation-request-id": [
          "58d4840c-7826-4f9a-a19b-ec3df735fb78"
        ],
        "x-ms-routing-request-id": [
          "WESTUS:20231018T214823Z:58d4840c-7826-4f9a-a19b-ec3df735fb78"
        ],
        "Strict-Transport-Security": [
          "max-age=31536000; includeSubDomains"
        ],
        "X-Content-Type-Options": [
          "nosniff"
        ],
        "Date": [
          "Wed, 18 Oct 2023 21:48:23 GMT"
        ],
        "Content-Length": [
          "1100"
        ],
        "Content-Type": [
          "application/json; charset=utf-8"
        ],
        "Expires": [
          "-1"
        ]
      },
      "ResponseBody": "{\r\n  \"location\": \"westus2\",\r\n  \"properties\": {\r\n    \"actionOnUnmanage\": {\r\n      \"resources\": \"detach\",\r\n      \"resourceGroups\": \"detach\",\r\n      \"managementGroups\": \"detach\"\r\n    },\r\n    \"deploymentScope\": \"/subscriptions/a1bfa635-f2bf-42f1-86b5-848c674fc321\",\r\n    \"description\": \"A Stack\",\r\n    \"denySettings\": {\r\n      \"mode\": \"none\",\r\n      \"applyToChildScopes\": false\r\n    },\r\n    \"parameters\": {},\r\n    \"resources\": [],\r\n    \"provisioningState\": \"initializing\",\r\n    \"detachedResources\": [],\r\n    \"deletedResources\": [],\r\n    \"failedResources\": []\r\n  },\r\n  \"systemData\": {\r\n    \"createdBy\": \"546094f3-32fa-493c-824c-bd9575b0d2fe\",\r\n    \"createdByType\": \"Application\",\r\n    \"createdAt\": \"2023-10-18T21:48:22.9261849Z\",\r\n    \"lastModifiedBy\": \"546094f3-32fa-493c-824c-bd9575b0d2fe\",\r\n    \"lastModifiedByType\": \"Application\",\r\n    \"lastModifiedAt\": \"2023-10-18T21:48:22.9261849Z\"\r\n  },\r\n  \"id\": \"/providers/Microsoft.Management/managementGroups/AzBlueprintAssignTest/providers/Microsoft.Resources/deploymentStacks/ps9730\",\r\n  \"type\": \"Microsoft.Resources/deploymentStacks\",\r\n  \"name\": \"ps9730\"\r\n}",
      "StatusCode": 201
    },
    {
      "RequestUri": "/providers/Microsoft.Management/managementGroups/AzBlueprintAssignTest/providers/Microsoft.Resources/deploymentStacks/ps9730?api-version=2022-08-01-preview",
      "EncodedRequestUri": "L3Byb3ZpZGVycy9NaWNyb3NvZnQuTWFuYWdlbWVudC9tYW5hZ2VtZW50R3JvdXBzL0F6Qmx1ZXByaW50QXNzaWduVGVzdC9wcm92aWRlcnMvTWljcm9zb2Z0LlJlc291cmNlcy9kZXBsb3ltZW50U3RhY2tzL3BzOTczMD9hcGktdmVyc2lvbj0yMDIyLTA4LTAxLXByZXZpZXc=",
      "RequestMethod": "PUT",
      "RequestHeaders": {
        "x-ms-client-request-id": [
          "cf8496ae-b6c3-42f6-afe5-dae7d4da81f1"
        ],
        "Accept-Language": [
          "en-US"
        ],
        "User-Agent": [
          "FxVersion/6.0.2323.48002",
          "OSName/Windows",
          "OSVersion/Microsoft.Windows.10.0.22621",
          "Microsoft.Azure.Management.Resources.DeploymentStacksClient/6.9.1"
        ],
        "Content-Type": [
          "application/json; charset=utf-8"
        ],
        "Content-Length": [
          "3695"
        ]
      },
      "RequestBody": "{\r\n  \"location\": \"West US 2\",\r\n  \"properties\": {\r\n    \"template\": {\r\n      \"$schema\": \"https://schema.management.azure.com/schemas/2019-08-01/managementGroupDeploymentTemplate.json#\",\r\n      \"contentVersion\": \"1.0.0.0\",\r\n      \"metadata\": {\r\n        \"_generator\": {\r\n          \"name\": \"bicep\",\r\n          \"version\": \"0.16.2.56959\",\r\n          \"templateHash\": \"13529450622016881009\"\r\n        }\r\n      },\r\n      \"parameters\": {\r\n        \"subId\": {\r\n          \"type\": \"string\"\r\n        },\r\n        \"moduleName\": {\r\n          \"type\": \"string\"\r\n        },\r\n        \"policyDefinitionName\": {\r\n          \"type\": \"string\"\r\n        }\r\n      },\r\n      \"resources\": [\r\n        {\r\n          \"type\": \"Microsoft.Resources/deployments\",\r\n          \"apiVersion\": \"2022-09-01\",\r\n          \"name\": \"[parameters('moduleName')]\",\r\n          \"subscriptionId\": \"[parameters('subId')]\",\r\n          \"location\": \"[deployment().location]\",\r\n          \"properties\": {\r\n            \"expressionEvaluationOptions\": {\r\n              \"scope\": \"inner\"\r\n            },\r\n            \"mode\": \"Incremental\",\r\n            \"parameters\": {\r\n              \"policyDefinitionName\": {\r\n                \"value\": \"[parameters('policyDefinitionName')]\"\r\n              }\r\n            },\r\n            \"template\": {\r\n              \"$schema\": \"https://schema.management.azure.com/schemas/2018-05-01/subscriptionDeploymentTemplate.json#\",\r\n              \"contentVersion\": \"1.0.0.0\",\r\n              \"metadata\": {\r\n                \"_generator\": {\r\n                  \"name\": \"bicep\",\r\n                  \"version\": \"0.16.2.56959\",\r\n                  \"templateHash\": \"17912971569522144482\"\r\n                }\r\n              },\r\n              \"parameters\": {\r\n                \"allowedLocations\": {\r\n                  \"type\": \"array\",\r\n                  \"defaultValue\": [\r\n                    \"westus\"\r\n                  ],\r\n                  \"metadata\": {\r\n                    \"description\": \"An array of the allowed locations, all other locations will be denied by the created policy.\"\r\n                  }\r\n                },\r\n                \"policyDefinitionName\": {\r\n                  \"type\": \"string\"\r\n                }\r\n              },\r\n              \"resources\": [\r\n                {\r\n                  \"type\": \"Microsoft.Authorization/policyDefinitions\",\r\n                  \"apiVersion\": \"2020-03-01\",\r\n                  \"name\": \"[parameters('policyDefinitionName')]\",\r\n                  \"properties\": {\r\n                    \"policyType\": \"Custom\",\r\n                    \"mode\": \"All\",\r\n                    \"parameters\": {},\r\n                    \"policyRule\": {\r\n                      \"if\": {\r\n                        \"not\": {\r\n                          \"field\": \"location\",\r\n                          \"in\": \"[parameters('allowedLocations')]\"\r\n                        }\r\n                      },\r\n                      \"then\": {\r\n                        \"effect\": \"audit\"\r\n                      }\r\n                    }\r\n                  }\r\n                }\r\n              ]\r\n            }\r\n          }\r\n        }\r\n      ]\r\n    },\r\n    \"parameters\": {\r\n      \"moduleName\": {\r\n        \"value\": \"stacksMGtestmod\"\r\n      },\r\n      \"subId\": {\r\n        \"value\": \"4ce8c9fe-cadc-47d6-9c76-335812fd59df\"\r\n      },\r\n      \"policyDefinitionName\": {\r\n        \"value\": \"PSCmdletTestPolicy476223\"\r\n      }\r\n    },\r\n    \"actionOnUnmanage\": {\r\n      \"resources\": \"detach\",\r\n      \"resourceGroups\": \"detach\",\r\n      \"managementGroups\": \"detach\"\r\n    },\r\n    \"deploymentScope\": \"/subscriptions/a1bfa635-f2bf-42f1-86b5-848c674fc321\",\r\n    \"description\": \"A Stack\",\r\n    \"denySettings\": {\r\n      \"mode\": \"None\",\r\n      \"applyToChildScopes\": false\r\n    }\r\n  }\r\n}",
      "ResponseHeaders": {
        "Cache-Control": [
          "no-cache"
        ],
        "Pragma": [
          "no-cache"
        ],
        "Retry-After": [
          "0"
        ],
        "Azure-AsyncOperation": [
          "https://management.azure.com/providers/Microsoft.Resources/locations/westus2/deploymentStackOperationStatus/987a0271-aacc-4506-bad6-73fc66302592?api-version=2022-08-01-preview&t=638332625148650721&c=MIIHHjCCBgagAwIBAgITfwHQwFKsM_SaZ3oYQwAEAdDAUjANBgkqhkiG9w0BAQsFADBEMRMwEQYKCZImiZPyLGQBGRYDR0JMMRMwEQYKCZImiZPyLGQBGRYDQU1FMRgwFgYDVQQDEw9BTUUgSW5mcmEgQ0EgMDIwHhcNMjMwODAzMDkwMzExWhcNMjQwNzI4MDkwMzExWjBAMT4wPAYDVQQDEzVhc3luY29wZXJhdGlvbnNpZ25pbmdjZXJ0aWZpY2F0ZS5tYW5hZ2VtZW50LmF6dXJlLmNvbTCCASIwDQYJKoZIhvcNAQEBBQADggEPADCCAQoCggEBAJQbCh6bI1fy33ihbuhnYAi-tK-wY4yp8CUXk_uSV8w0AzXrOwZStPhGL2QLmMALLJhLlGruhSEdRUd-ej9YImb9EcB7Sxa7gZM4TttscUWTI37jWjJGvmL2IS8gO-V08sDqRJs9nd7v3NYjwkYwI6upPO198_TvDODjEOoXzdbqNzdg8HK9PRg4R6BQ2SYtQVjaKuTmTVPKtHbYjFDSwqH4QCNwKB-RWl8y_n0aagYHyQLs7HxDh_OYa_ragWKwpVX12uIkZZOlOYoo9z-B3yg2Qc6H93HIyyNLvYYyWvzsXlWbxsigQspOpB-JsijqIMX2LpkicZ9Qt3hdqEH3TgECAwEAAaOCBAswggQHMCcGCSsGAQQBgjcVCgQaMBgwCgYIKwYBBQUHAwEwCgYIKwYBBQUHAwIwPQYJKwYBBAGCNxUHBDAwLgYmKwYBBAGCNxUIhpDjDYTVtHiE8Ys-hZvdFs6dEoFggvX2K4Py0SACAWQCAQowggHaBggrBgEFBQcBAQSCAcwwggHIMGYGCCsGAQUFBzAChlpodHRwOi8vY3JsLm1pY3Jvc29mdC5jb20vcGtpaW5mcmEvQ2VydHMvQkwyUEtJSU5UQ0EwMS5BTUUuR0JMX0FNRSUyMEluZnJhJTIwQ0ElMjAwMig0KS5jcnQwVgYIKwYBBQUHMAKGSmh0dHA6Ly9jcmwxLmFtZS5nYmwvYWlhL0JMMlBLSUlOVENBMDEuQU1FLkdCTF9BTUUlMjBJbmZyYSUyMENBJTIwMDIoNCkuY3J0MFYGCCsGAQUFBzAChkpodHRwOi8vY3JsMi5hbWUuZ2JsL2FpYS9CTDJQS0lJTlRDQTAxLkFNRS5HQkxfQU1FJTIwSW5mcmElMjBDQSUyMDAyKDQpLmNydDBWBggrBgEFBQcwAoZKaHR0cDovL2NybDMuYW1lLmdibC9haWEvQkwyUEtJSU5UQ0EwMS5BTUUuR0JMX0FNRSUyMEluZnJhJTIwQ0ElMjAwMig0KS5jcnQwVgYIKwYBBQUHMAKGSmh0dHA6Ly9jcmw0LmFtZS5nYmwvYWlhL0JMMlBLSUlOVENBMDEuQU1FLkdCTF9BTUUlMjBJbmZyYSUyMENBJTIwMDIoNCkuY3J0MB0GA1UdDgQWBBSotg9l-TRXg2Od_Oq4_NlEL1rRszAOBgNVHQ8BAf8EBAMCBaAwggE1BgNVHR8EggEsMIIBKDCCASSgggEgoIIBHIZCaHR0cDovL2NybC5taWNyb3NvZnQuY29tL3BraWluZnJhL0NSTC9BTUUlMjBJbmZyYSUyMENBJTIwMDIoNCkuY3JshjRodHRwOi8vY3JsMS5hbWUuZ2JsL2NybC9BTUUlMjBJbmZyYSUyMENBJTIwMDIoNCkuY3JshjRodHRwOi8vY3JsMi5hbWUuZ2JsL2NybC9BTUUlMjBJbmZyYSUyMENBJTIwMDIoNCkuY3JshjRodHRwOi8vY3JsMy5hbWUuZ2JsL2NybC9BTUUlMjBJbmZyYSUyMENBJTIwMDIoNCkuY3JshjRodHRwOi8vY3JsNC5hbWUuZ2JsL2NybC9BTUUlMjBJbmZyYSUyMENBJTIwMDIoNCkuY3JsMBcGA1UdIAQQMA4wDAYKKwYBBAGCN3sBATAfBgNVHSMEGDAWgBSuecJrXSWIEwb2BwnDl3x7l48dVTAdBgNVHSUEFjAUBggrBgEFBQcDAQYIKwYBBQUHAwIwDQYJKoZIhvcNAQELBQADggEBAHXBDjxwU1_SCJTLnITpRn3jC6-hLvpBjlvAcTcon2IrYP1NmLYetTIHeRJIXmkXroCJpCUa740vZLaRyyZKweV_Xav9ODpmbAEriFc24VQpI0eCg5lZxjnpY3SF7pjsQN5R5iXCcf8uPGz-ehUdVqLsTHThEqxqeDjneKzUFHd67creOfJih1BzFDUzzkYs2_ffNVEd_BsQb1RKlb8H3uxdoUizcXw92vz3Ymkntcb6GBTSAp9uTnZyiJaZOtJ4w77PIJqK4IKM2vDqYN6xRIoo9iANNAPHuL8yUSgxYh2LMXQ9b1zW5XrNJ2Q1ajEsRu-zctoZJAYDXhLXDz04rSo&s=hwRot1tRZarY0aNmj2sX7CIlMLBU-G-DADrN13NX_1csAbSZqEzTMVVWbLEanvfCVb_cC7nf80QESoMXjlFZ0KtMBaLz8F09j39phUQZBz3w0Nx83DGa-zgoNnAGfR8PpJlG2jV35oTnUOY4zDpjK2BQGgpr6gnbNoHCDVchNqV3QrUBbdUx2vjlWHumzhFPTrrQb5AbBLDxlPMDUf0HdppuRseaTR1RfQRT8ZFlY7GWfyHNWIeiBIc7KN4ZczvalDPbe2bsLZE0t6Fjgohtc8IC_zOkfNwZ2TgNPLUsFlIPlj1t9IRbmAUze_UK0D50L-Hz3DcIu6PnWk9Tadl6iQ&h=SPtIxZjIsMIq43OBKRaJeKdhDkiu0UwowkRG_wr2lEo"
        ],
        "x-ms-request-id": [
          "fcdcadb7-8e7f-433e-acab-983494b99226"
        ],
        "Server": [
          "Microsoft-HTTPAPI/2.0"
        ],
        "x-ms-ratelimit-remaining-tenant-writes": [
          "1199"
        ],
        "x-ms-correlation-request-id": [
          "dbb0ccf6-fc6c-42f4-a069-f2818c5d3491"
        ],
        "x-ms-routing-request-id": [
          "WESTUS:20231018T214834Z:dbb0ccf6-fc6c-42f4-a069-f2818c5d3491"
        ],
        "Strict-Transport-Security": [
          "max-age=31536000; includeSubDomains"
        ],
        "X-Content-Type-Options": [
          "nosniff"
        ],
        "Date": [
          "Wed, 18 Oct 2023 21:48:34 GMT"
        ],
        "Content-Length": [
          "1428"
        ],
        "Content-Type": [
          "application/json; charset=utf-8"
        ],
        "Expires": [
          "-1"
        ]
      },
      "ResponseBody": "{\r\n  \"location\": \"westus2\",\r\n  \"properties\": {\r\n    \"actionOnUnmanage\": {\r\n      \"resources\": \"detach\",\r\n      \"resourceGroups\": \"detach\",\r\n      \"managementGroups\": \"detach\"\r\n    },\r\n    \"deploymentScope\": \"/subscriptions/a1bfa635-f2bf-42f1-86b5-848c674fc321\",\r\n    \"description\": \"A Stack\",\r\n    \"denySettings\": {\r\n      \"mode\": \"none\",\r\n      \"applyToChildScopes\": false\r\n    },\r\n    \"parameters\": {\r\n      \"moduleName\": {\r\n        \"value\": \"stacksMGtestmod\",\r\n        \"type\": \"string\"\r\n      },\r\n      \"subId\": {\r\n        \"value\": \"4ce8c9fe-cadc-47d6-9c76-335812fd59df\",\r\n        \"type\": \"string\"\r\n      },\r\n      \"policyDefinitionName\": {\r\n        \"value\": \"PSCmdletTestPolicy476223\",\r\n        \"type\": \"string\"\r\n      }\r\n    },\r\n    \"resources\": [],\r\n    \"provisioningState\": \"initializing\",\r\n    \"detachedResources\": [],\r\n    \"deletedResources\": [],\r\n    \"failedResources\": []\r\n  },\r\n  \"systemData\": {\r\n    \"createdBy\": \"546094f3-32fa-493c-824c-bd9575b0d2fe\",\r\n    \"createdByType\": \"Application\",\r\n    \"createdAt\": \"2023-10-18T21:48:22.9261849Z\",\r\n    \"lastModifiedBy\": \"546094f3-32fa-493c-824c-bd9575b0d2fe\",\r\n    \"lastModifiedByType\": \"Application\",\r\n    \"lastModifiedAt\": \"2023-10-18T21:48:34.5525685Z\"\r\n  },\r\n  \"id\": \"/providers/Microsoft.Management/managementGroups/AzBlueprintAssignTest/providers/Microsoft.Resources/deploymentStacks/ps9730\",\r\n  \"type\": \"Microsoft.Resources/deploymentStacks\",\r\n  \"name\": \"ps9730\"\r\n}",
      "StatusCode": 200
    },
    {
      "RequestUri": "/providers/Microsoft.Management/managementGroups/AzBlueprintAssignTest/providers/Microsoft.Resources/deploymentStacks/ps9730?api-version=2022-08-01-preview",
      "EncodedRequestUri": "L3Byb3ZpZGVycy9NaWNyb3NvZnQuTWFuYWdlbWVudC9tYW5hZ2VtZW50R3JvdXBzL0F6Qmx1ZXByaW50QXNzaWduVGVzdC9wcm92aWRlcnMvTWljcm9zb2Z0LlJlc291cmNlcy9kZXBsb3ltZW50U3RhY2tzL3BzOTczMD9hcGktdmVyc2lvbj0yMDIyLTA4LTAxLXByZXZpZXc=",
      "RequestMethod": "PUT",
      "RequestHeaders": {
        "x-ms-client-request-id": [
          "25b150d6-6660-4e8b-bbbb-805e159c0fb2"
        ],
        "Accept-Language": [
          "en-US"
        ],
        "User-Agent": [
          "FxVersion/6.0.2323.48002",
          "OSName/Windows",
          "OSVersion/Microsoft.Windows.10.0.22621",
          "Microsoft.Azure.Management.Resources.DeploymentStacksClient/6.9.1"
        ],
        "Content-Type": [
          "application/json; charset=utf-8"
        ],
        "Content-Length": [
          "1618"
        ]
      },
      "RequestBody": "{\r\n  \"location\": \"West US 2\",\r\n  \"properties\": {\r\n    \"template\": {\r\n      \"$schema\": \"https://schema.management.azure.com/schemas/2019-08-01/managementGroupDeploymentTemplate.json#\",\r\n      \"contentVersion\": \"1.0.0.0\",\r\n      \"metadata\": {\r\n        \"_generator\": {\r\n          \"name\": \"bicep\",\r\n          \"version\": \"0.22.6.54827\",\r\n          \"templateHash\": \"11839294822040509374\"\r\n        }\r\n      },\r\n      \"parameters\": {\r\n        \"allowedLocations\": {\r\n          \"type\": \"array\",\r\n          \"defaultValue\": [\r\n            \"westus\"\r\n          ],\r\n          \"metadata\": {\r\n            \"description\": \"An array of the allowed locations, all other locations will be denied by the created policy.\"\r\n          }\r\n        }\r\n      },\r\n      \"resources\": [\r\n        {\r\n          \"type\": \"Microsoft.Authorization/policyDefinitions\",\r\n          \"apiVersion\": \"2021-06-01\",\r\n          \"name\": \"PSLocationAuditsTest\",\r\n          \"properties\": {\r\n            \"policyType\": \"Custom\",\r\n            \"mode\": \"All\",\r\n            \"parameters\": {},\r\n            \"policyRule\": {\r\n              \"if\": {\r\n                \"field\": \"location\",\r\n                \"in\": \"[parameters('allowedLocations')]\"\r\n              },\r\n              \"then\": {\r\n                \"effect\": \"audit\"\r\n              }\r\n            }\r\n          }\r\n        }\r\n      ]\r\n    },\r\n    \"parameters\": {},\r\n    \"actionOnUnmanage\": {\r\n      \"resources\": \"detach\",\r\n      \"resourceGroups\": \"detach\",\r\n      \"managementGroups\": \"detach\"\r\n    },\r\n    \"description\": \"A Stack\",\r\n    \"denySettings\": {\r\n      \"mode\": \"None\",\r\n      \"applyToChildScopes\": false\r\n    }\r\n  }\r\n}",
      "ResponseHeaders": {
        "Cache-Control": [
          "no-cache"
        ],
        "Pragma": [
          "no-cache"
        ],
        "Retry-After": [
          "0"
        ],
        "Azure-AsyncOperation": [
          "https://management.azure.com/providers/Microsoft.Resources/locations/westus2/deploymentStackOperationStatus/57afb328-52c2-43a4-8d0f-4ae68c7ab23a?api-version=2022-08-01-preview&t=638332625451335530&c=MIIHHjCCBgagAwIBAgITfwHQwFKsM_SaZ3oYQwAEAdDAUjANBgkqhkiG9w0BAQsFADBEMRMwEQYKCZImiZPyLGQBGRYDR0JMMRMwEQYKCZImiZPyLGQBGRYDQU1FMRgwFgYDVQQDEw9BTUUgSW5mcmEgQ0EgMDIwHhcNMjMwODAzMDkwMzExWhcNMjQwNzI4MDkwMzExWjBAMT4wPAYDVQQDEzVhc3luY29wZXJhdGlvbnNpZ25pbmdjZXJ0aWZpY2F0ZS5tYW5hZ2VtZW50LmF6dXJlLmNvbTCCASIwDQYJKoZIhvcNAQEBBQADggEPADCCAQoCggEBAJQbCh6bI1fy33ihbuhnYAi-tK-wY4yp8CUXk_uSV8w0AzXrOwZStPhGL2QLmMALLJhLlGruhSEdRUd-ej9YImb9EcB7Sxa7gZM4TttscUWTI37jWjJGvmL2IS8gO-V08sDqRJs9nd7v3NYjwkYwI6upPO198_TvDODjEOoXzdbqNzdg8HK9PRg4R6BQ2SYtQVjaKuTmTVPKtHbYjFDSwqH4QCNwKB-RWl8y_n0aagYHyQLs7HxDh_OYa_ragWKwpVX12uIkZZOlOYoo9z-B3yg2Qc6H93HIyyNLvYYyWvzsXlWbxsigQspOpB-JsijqIMX2LpkicZ9Qt3hdqEH3TgECAwEAAaOCBAswggQHMCcGCSsGAQQBgjcVCgQaMBgwCgYIKwYBBQUHAwEwCgYIKwYBBQUHAwIwPQYJKwYBBAGCNxUHBDAwLgYmKwYBBAGCNxUIhpDjDYTVtHiE8Ys-hZvdFs6dEoFggvX2K4Py0SACAWQCAQowggHaBggrBgEFBQcBAQSCAcwwggHIMGYGCCsGAQUFBzAChlpodHRwOi8vY3JsLm1pY3Jvc29mdC5jb20vcGtpaW5mcmEvQ2VydHMvQkwyUEtJSU5UQ0EwMS5BTUUuR0JMX0FNRSUyMEluZnJhJTIwQ0ElMjAwMig0KS5jcnQwVgYIKwYBBQUHMAKGSmh0dHA6Ly9jcmwxLmFtZS5nYmwvYWlhL0JMMlBLSUlOVENBMDEuQU1FLkdCTF9BTUUlMjBJbmZyYSUyMENBJTIwMDIoNCkuY3J0MFYGCCsGAQUFBzAChkpodHRwOi8vY3JsMi5hbWUuZ2JsL2FpYS9CTDJQS0lJTlRDQTAxLkFNRS5HQkxfQU1FJTIwSW5mcmElMjBDQSUyMDAyKDQpLmNydDBWBggrBgEFBQcwAoZKaHR0cDovL2NybDMuYW1lLmdibC9haWEvQkwyUEtJSU5UQ0EwMS5BTUUuR0JMX0FNRSUyMEluZnJhJTIwQ0ElMjAwMig0KS5jcnQwVgYIKwYBBQUHMAKGSmh0dHA6Ly9jcmw0LmFtZS5nYmwvYWlhL0JMMlBLSUlOVENBMDEuQU1FLkdCTF9BTUUlMjBJbmZyYSUyMENBJTIwMDIoNCkuY3J0MB0GA1UdDgQWBBSotg9l-TRXg2Od_Oq4_NlEL1rRszAOBgNVHQ8BAf8EBAMCBaAwggE1BgNVHR8EggEsMIIBKDCCASSgggEgoIIBHIZCaHR0cDovL2NybC5taWNyb3NvZnQuY29tL3BraWluZnJhL0NSTC9BTUUlMjBJbmZyYSUyMENBJTIwMDIoNCkuY3JshjRodHRwOi8vY3JsMS5hbWUuZ2JsL2NybC9BTUUlMjBJbmZyYSUyMENBJTIwMDIoNCkuY3JshjRodHRwOi8vY3JsMi5hbWUuZ2JsL2NybC9BTUUlMjBJbmZyYSUyMENBJTIwMDIoNCkuY3JshjRodHRwOi8vY3JsMy5hbWUuZ2JsL2NybC9BTUUlMjBJbmZyYSUyMENBJTIwMDIoNCkuY3JshjRodHRwOi8vY3JsNC5hbWUuZ2JsL2NybC9BTUUlMjBJbmZyYSUyMENBJTIwMDIoNCkuY3JsMBcGA1UdIAQQMA4wDAYKKwYBBAGCN3sBATAfBgNVHSMEGDAWgBSuecJrXSWIEwb2BwnDl3x7l48dVTAdBgNVHSUEFjAUBggrBgEFBQcDAQYIKwYBBQUHAwIwDQYJKoZIhvcNAQELBQADggEBAHXBDjxwU1_SCJTLnITpRn3jC6-hLvpBjlvAcTcon2IrYP1NmLYetTIHeRJIXmkXroCJpCUa740vZLaRyyZKweV_Xav9ODpmbAEriFc24VQpI0eCg5lZxjnpY3SF7pjsQN5R5iXCcf8uPGz-ehUdVqLsTHThEqxqeDjneKzUFHd67creOfJih1BzFDUzzkYs2_ffNVEd_BsQb1RKlb8H3uxdoUizcXw92vz3Ymkntcb6GBTSAp9uTnZyiJaZOtJ4w77PIJqK4IKM2vDqYN6xRIoo9iANNAPHuL8yUSgxYh2LMXQ9b1zW5XrNJ2Q1ajEsRu-zctoZJAYDXhLXDz04rSo&s=CVizYOKr01jDJDjIJr2VyA1Am_5o3bDSquHgkuhwYI7SP26j3mMSuCGb0-B-_bUWvRpRn-z-fwVygv55FEeAH8VUjYbj1zxAdB__UoICtPsT8QqN5cxZ_Bpg88ktKPpw1envNKTs11R7aMrRVifkXQnkE7KOZYJ0_RQ9ZBBPbdz2dFTTtxOXw4w6sWooWtshEv2UX28YxjmQ9iyYxiY2zxWNgDq6i0gQxM0EPT5PyJEtzq3xTMcena10DeDTL9dcRwIC2U8wiuxa8NhAfuDcJD2WqwrlWSMgl3yeiwnwM7Zd9bSdhRjQWbts-J2fC9x6SNwtiVTzN59GBeehwI9oXw&h=jDuv1N7fG0zKgODAd8Hs-GfHCTDYq3sjCK58wMX4QwM"
        ],
        "x-ms-request-id": [
          "27b57557-acb5-4618-8864-1dea43f65dc1"
        ],
        "Server": [
          "Microsoft-HTTPAPI/2.0"
        ],
        "x-ms-ratelimit-remaining-tenant-writes": [
          "1198"
        ],
        "x-ms-correlation-request-id": [
          "00808146-9ff2-4d9e-8b90-7b7786583e17"
        ],
        "x-ms-routing-request-id": [
          "WESTUS:20231018T214905Z:00808146-9ff2-4d9e-8b90-7b7786583e17"
        ],
        "Strict-Transport-Security": [
          "max-age=31536000; includeSubDomains"
        ],
        "X-Content-Type-Options": [
          "nosniff"
        ],
        "Date": [
          "Wed, 18 Oct 2023 21:49:04 GMT"
        ],
        "Content-Length": [
          "1021"
        ],
        "Content-Type": [
          "application/json; charset=utf-8"
        ],
        "Expires": [
          "-1"
        ]
      },
      "ResponseBody": "{\r\n  \"location\": \"westus2\",\r\n  \"properties\": {\r\n    \"actionOnUnmanage\": {\r\n      \"resources\": \"detach\",\r\n      \"resourceGroups\": \"detach\",\r\n      \"managementGroups\": \"detach\"\r\n    },\r\n    \"description\": \"A Stack\",\r\n    \"denySettings\": {\r\n      \"mode\": \"none\",\r\n      \"applyToChildScopes\": false\r\n    },\r\n    \"parameters\": {},\r\n    \"resources\": [],\r\n    \"provisioningState\": \"initializing\",\r\n    \"detachedResources\": [],\r\n    \"deletedResources\": [],\r\n    \"failedResources\": []\r\n  },\r\n  \"systemData\": {\r\n    \"createdBy\": \"546094f3-32fa-493c-824c-bd9575b0d2fe\",\r\n    \"createdByType\": \"Application\",\r\n    \"createdAt\": \"2023-10-18T21:48:22.9261849Z\",\r\n    \"lastModifiedBy\": \"546094f3-32fa-493c-824c-bd9575b0d2fe\",\r\n    \"lastModifiedByType\": \"Application\",\r\n    \"lastModifiedAt\": \"2023-10-18T21:49:05.0241428Z\"\r\n  },\r\n  \"id\": \"/providers/Microsoft.Management/managementGroups/AzBlueprintAssignTest/providers/Microsoft.Resources/deploymentStacks/ps9730\",\r\n  \"type\": \"Microsoft.Resources/deploymentStacks\",\r\n  \"name\": \"ps9730\"\r\n}",
      "StatusCode": 200
    },
    {
      "RequestUri": "/providers/Microsoft.Management/managementGroups/AzBlueprintAssignTest/providers/Microsoft.Resources/deploymentStacks/ps9730?api-version=2022-08-01-preview",
      "EncodedRequestUri": "L3Byb3ZpZGVycy9NaWNyb3NvZnQuTWFuYWdlbWVudC9tYW5hZ2VtZW50R3JvdXBzL0F6Qmx1ZXByaW50QXNzaWduVGVzdC9wcm92aWRlcnMvTWljcm9zb2Z0LlJlc291cmNlcy9kZXBsb3ltZW50U3RhY2tzL3BzOTczMD9hcGktdmVyc2lvbj0yMDIyLTA4LTAxLXByZXZpZXc=",
      "RequestMethod": "PUT",
      "RequestHeaders": {
        "x-ms-client-request-id": [
          "08d02286-7cb6-4366-b330-f769c1fe2d0f"
        ],
        "Accept-Language": [
          "en-US"
        ],
        "User-Agent": [
          "FxVersion/6.0.2323.48002",
          "OSName/Windows",
          "OSVersion/Microsoft.Windows.10.0.22621",
          "Microsoft.Azure.Management.Resources.DeploymentStacksClient/6.9.1"
        ],
        "Content-Type": [
          "application/json; charset=utf-8"
        ],
        "Content-Length": [
          "3695"
        ]
      },
      "RequestBody": "{\r\n  \"location\": \"West US 2\",\r\n  \"properties\": {\r\n    \"template\": {\r\n      \"$schema\": \"https://schema.management.azure.com/schemas/2019-08-01/managementGroupDeploymentTemplate.json#\",\r\n      \"contentVersion\": \"1.0.0.0\",\r\n      \"metadata\": {\r\n        \"_generator\": {\r\n          \"name\": \"bicep\",\r\n          \"version\": \"0.16.2.56959\",\r\n          \"templateHash\": \"13529450622016881009\"\r\n        }\r\n      },\r\n      \"parameters\": {\r\n        \"subId\": {\r\n          \"type\": \"string\"\r\n        },\r\n        \"moduleName\": {\r\n          \"type\": \"string\"\r\n        },\r\n        \"policyDefinitionName\": {\r\n          \"type\": \"string\"\r\n        }\r\n      },\r\n      \"resources\": [\r\n        {\r\n          \"type\": \"Microsoft.Resources/deployments\",\r\n          \"apiVersion\": \"2022-09-01\",\r\n          \"name\": \"[parameters('moduleName')]\",\r\n          \"subscriptionId\": \"[parameters('subId')]\",\r\n          \"location\": \"[deployment().location]\",\r\n          \"properties\": {\r\n            \"expressionEvaluationOptions\": {\r\n              \"scope\": \"inner\"\r\n            },\r\n            \"mode\": \"Incremental\",\r\n            \"parameters\": {\r\n              \"policyDefinitionName\": {\r\n                \"value\": \"[parameters('policyDefinitionName')]\"\r\n              }\r\n            },\r\n            \"template\": {\r\n              \"$schema\": \"https://schema.management.azure.com/schemas/2018-05-01/subscriptionDeploymentTemplate.json#\",\r\n              \"contentVersion\": \"1.0.0.0\",\r\n              \"metadata\": {\r\n                \"_generator\": {\r\n                  \"name\": \"bicep\",\r\n                  \"version\": \"0.16.2.56959\",\r\n                  \"templateHash\": \"17912971569522144482\"\r\n                }\r\n              },\r\n              \"parameters\": {\r\n                \"allowedLocations\": {\r\n                  \"type\": \"array\",\r\n                  \"defaultValue\": [\r\n                    \"westus\"\r\n                  ],\r\n                  \"metadata\": {\r\n                    \"description\": \"An array of the allowed locations, all other locations will be denied by the created policy.\"\r\n                  }\r\n                },\r\n                \"policyDefinitionName\": {\r\n                  \"type\": \"string\"\r\n                }\r\n              },\r\n              \"resources\": [\r\n                {\r\n                  \"type\": \"Microsoft.Authorization/policyDefinitions\",\r\n                  \"apiVersion\": \"2020-03-01\",\r\n                  \"name\": \"[parameters('policyDefinitionName')]\",\r\n                  \"properties\": {\r\n                    \"policyType\": \"Custom\",\r\n                    \"mode\": \"All\",\r\n                    \"parameters\": {},\r\n                    \"policyRule\": {\r\n                      \"if\": {\r\n                        \"not\": {\r\n                          \"field\": \"location\",\r\n                          \"in\": \"[parameters('allowedLocations')]\"\r\n                        }\r\n                      },\r\n                      \"then\": {\r\n                        \"effect\": \"audit\"\r\n                      }\r\n                    }\r\n                  }\r\n                }\r\n              ]\r\n            }\r\n          }\r\n        }\r\n      ]\r\n    },\r\n    \"parameters\": {\r\n      \"moduleName\": {\r\n        \"value\": \"stacksMGtestmod\"\r\n      },\r\n      \"subId\": {\r\n        \"value\": \"4ce8c9fe-cadc-47d6-9c76-335812fd59df\"\r\n      },\r\n      \"policyDefinitionName\": {\r\n        \"value\": \"PSCmdletTestPolicy476223\"\r\n      }\r\n    },\r\n    \"actionOnUnmanage\": {\r\n      \"resources\": \"detach\",\r\n      \"resourceGroups\": \"detach\",\r\n      \"managementGroups\": \"detach\"\r\n    },\r\n    \"deploymentScope\": \"/subscriptions/a1bfa635-f2bf-42f1-86b5-848c674fc321\",\r\n    \"description\": \"A Stack\",\r\n    \"denySettings\": {\r\n      \"mode\": \"None\",\r\n      \"applyToChildScopes\": false\r\n    }\r\n  }\r\n}",
      "ResponseHeaders": {
        "Cache-Control": [
          "no-cache"
        ],
        "Pragma": [
          "no-cache"
        ],
        "Retry-After": [
          "0"
        ],
        "Azure-AsyncOperation": [
          "https://management.azure.com/providers/Microsoft.Resources/locations/westus2/deploymentStackOperationStatus/375e90b0-76b9-4379-8b64-1c6f125af5f8?api-version=2022-08-01-preview&t=638332625614525588&c=MIIHHjCCBgagAwIBAgITfwHQwFKsM_SaZ3oYQwAEAdDAUjANBgkqhkiG9w0BAQsFADBEMRMwEQYKCZImiZPyLGQBGRYDR0JMMRMwEQYKCZImiZPyLGQBGRYDQU1FMRgwFgYDVQQDEw9BTUUgSW5mcmEgQ0EgMDIwHhcNMjMwODAzMDkwMzExWhcNMjQwNzI4MDkwMzExWjBAMT4wPAYDVQQDEzVhc3luY29wZXJhdGlvbnNpZ25pbmdjZXJ0aWZpY2F0ZS5tYW5hZ2VtZW50LmF6dXJlLmNvbTCCASIwDQYJKoZIhvcNAQEBBQADggEPADCCAQoCggEBAJQbCh6bI1fy33ihbuhnYAi-tK-wY4yp8CUXk_uSV8w0AzXrOwZStPhGL2QLmMALLJhLlGruhSEdRUd-ej9YImb9EcB7Sxa7gZM4TttscUWTI37jWjJGvmL2IS8gO-V08sDqRJs9nd7v3NYjwkYwI6upPO198_TvDODjEOoXzdbqNzdg8HK9PRg4R6BQ2SYtQVjaKuTmTVPKtHbYjFDSwqH4QCNwKB-RWl8y_n0aagYHyQLs7HxDh_OYa_ragWKwpVX12uIkZZOlOYoo9z-B3yg2Qc6H93HIyyNLvYYyWvzsXlWbxsigQspOpB-JsijqIMX2LpkicZ9Qt3hdqEH3TgECAwEAAaOCBAswggQHMCcGCSsGAQQBgjcVCgQaMBgwCgYIKwYBBQUHAwEwCgYIKwYBBQUHAwIwPQYJKwYBBAGCNxUHBDAwLgYmKwYBBAGCNxUIhpDjDYTVtHiE8Ys-hZvdFs6dEoFggvX2K4Py0SACAWQCAQowggHaBggrBgEFBQcBAQSCAcwwggHIMGYGCCsGAQUFBzAChlpodHRwOi8vY3JsLm1pY3Jvc29mdC5jb20vcGtpaW5mcmEvQ2VydHMvQkwyUEtJSU5UQ0EwMS5BTUUuR0JMX0FNRSUyMEluZnJhJTIwQ0ElMjAwMig0KS5jcnQwVgYIKwYBBQUHMAKGSmh0dHA6Ly9jcmwxLmFtZS5nYmwvYWlhL0JMMlBLSUlOVENBMDEuQU1FLkdCTF9BTUUlMjBJbmZyYSUyMENBJTIwMDIoNCkuY3J0MFYGCCsGAQUFBzAChkpodHRwOi8vY3JsMi5hbWUuZ2JsL2FpYS9CTDJQS0lJTlRDQTAxLkFNRS5HQkxfQU1FJTIwSW5mcmElMjBDQSUyMDAyKDQpLmNydDBWBggrBgEFBQcwAoZKaHR0cDovL2NybDMuYW1lLmdibC9haWEvQkwyUEtJSU5UQ0EwMS5BTUUuR0JMX0FNRSUyMEluZnJhJTIwQ0ElMjAwMig0KS5jcnQwVgYIKwYBBQUHMAKGSmh0dHA6Ly9jcmw0LmFtZS5nYmwvYWlhL0JMMlBLSUlOVENBMDEuQU1FLkdCTF9BTUUlMjBJbmZyYSUyMENBJTIwMDIoNCkuY3J0MB0GA1UdDgQWBBSotg9l-TRXg2Od_Oq4_NlEL1rRszAOBgNVHQ8BAf8EBAMCBaAwggE1BgNVHR8EggEsMIIBKDCCASSgggEgoIIBHIZCaHR0cDovL2NybC5taWNyb3NvZnQuY29tL3BraWluZnJhL0NSTC9BTUUlMjBJbmZyYSUyMENBJTIwMDIoNCkuY3JshjRodHRwOi8vY3JsMS5hbWUuZ2JsL2NybC9BTUUlMjBJbmZyYSUyMENBJTIwMDIoNCkuY3JshjRodHRwOi8vY3JsMi5hbWUuZ2JsL2NybC9BTUUlMjBJbmZyYSUyMENBJTIwMDIoNCkuY3JshjRodHRwOi8vY3JsMy5hbWUuZ2JsL2NybC9BTUUlMjBJbmZyYSUyMENBJTIwMDIoNCkuY3JshjRodHRwOi8vY3JsNC5hbWUuZ2JsL2NybC9BTUUlMjBJbmZyYSUyMENBJTIwMDIoNCkuY3JsMBcGA1UdIAQQMA4wDAYKKwYBBAGCN3sBATAfBgNVHSMEGDAWgBSuecJrXSWIEwb2BwnDl3x7l48dVTAdBgNVHSUEFjAUBggrBgEFBQcDAQYIKwYBBQUHAwIwDQYJKoZIhvcNAQELBQADggEBAHXBDjxwU1_SCJTLnITpRn3jC6-hLvpBjlvAcTcon2IrYP1NmLYetTIHeRJIXmkXroCJpCUa740vZLaRyyZKweV_Xav9ODpmbAEriFc24VQpI0eCg5lZxjnpY3SF7pjsQN5R5iXCcf8uPGz-ehUdVqLsTHThEqxqeDjneKzUFHd67creOfJih1BzFDUzzkYs2_ffNVEd_BsQb1RKlb8H3uxdoUizcXw92vz3Ymkntcb6GBTSAp9uTnZyiJaZOtJ4w77PIJqK4IKM2vDqYN6xRIoo9iANNAPHuL8yUSgxYh2LMXQ9b1zW5XrNJ2Q1ajEsRu-zctoZJAYDXhLXDz04rSo&s=PEg9ICsmROz3dakkAhV-j58xApgQuv9NnilqG7ukkWgRBJRHEmNyjojzTU92CMz9YZghyLakRTe4Cz7-F_XgUGLKK5jghvGOd2XErbH96hXigWV4ZMnoTVPi4YZ2vP2xz1yFDqb_VOE2bqW6eq6X1kJyHTrW0pHRhRDbL3NLBwdWRdCK7FOvJkLURRnlYoFK91Pxb0v_RWPkaex6K-MQqz-xYP4u4bbHgm8u_-Zafi9dFfsuLREFnrRtas8oGcUsQVhbF57h2sUUZCAtGTDRy0TsI4M_SpiXpBaR8AjxSKNf2wFs2_vvAHjWGnUtCd-diA-t5FfabeD02m8WqVZHuA&h=DYqlskjGDd243qgtCgwo2nuBrPQfb4T7Hey_nCpf7Kk"
        ],
        "x-ms-request-id": [
          "3c585c45-9ef4-4061-938b-6f39186c6275"
        ],
        "Server": [
          "Microsoft-HTTPAPI/2.0"
        ],
        "x-ms-ratelimit-remaining-tenant-writes": [
          "1199"
        ],
        "x-ms-correlation-request-id": [
          "9fe1de3b-dd7c-4b09-b8e0-6c2a29c9712f"
        ],
        "x-ms-routing-request-id": [
          "WESTUS:20231018T214921Z:9fe1de3b-dd7c-4b09-b8e0-6c2a29c9712f"
        ],
        "Strict-Transport-Security": [
          "max-age=31536000; includeSubDomains"
        ],
        "X-Content-Type-Options": [
          "nosniff"
        ],
        "Date": [
          "Wed, 18 Oct 2023 21:49:20 GMT"
        ],
        "Content-Length": [
          "1428"
        ],
        "Content-Type": [
          "application/json; charset=utf-8"
        ],
        "Expires": [
          "-1"
        ]
      },
      "ResponseBody": "{\r\n  \"location\": \"westus2\",\r\n  \"properties\": {\r\n    \"actionOnUnmanage\": {\r\n      \"resources\": \"detach\",\r\n      \"resourceGroups\": \"detach\",\r\n      \"managementGroups\": \"detach\"\r\n    },\r\n    \"deploymentScope\": \"/subscriptions/a1bfa635-f2bf-42f1-86b5-848c674fc321\",\r\n    \"description\": \"A Stack\",\r\n    \"denySettings\": {\r\n      \"mode\": \"none\",\r\n      \"applyToChildScopes\": false\r\n    },\r\n    \"parameters\": {\r\n      \"moduleName\": {\r\n        \"value\": \"stacksMGtestmod\",\r\n        \"type\": \"string\"\r\n      },\r\n      \"subId\": {\r\n        \"value\": \"4ce8c9fe-cadc-47d6-9c76-335812fd59df\",\r\n        \"type\": \"string\"\r\n      },\r\n      \"policyDefinitionName\": {\r\n        \"value\": \"PSCmdletTestPolicy476223\",\r\n        \"type\": \"string\"\r\n      }\r\n    },\r\n    \"resources\": [],\r\n    \"provisioningState\": \"initializing\",\r\n    \"detachedResources\": [],\r\n    \"deletedResources\": [],\r\n    \"failedResources\": []\r\n  },\r\n  \"systemData\": {\r\n    \"createdBy\": \"546094f3-32fa-493c-824c-bd9575b0d2fe\",\r\n    \"createdByType\": \"Application\",\r\n    \"createdAt\": \"2023-10-18T21:48:22.9261849Z\",\r\n    \"lastModifiedBy\": \"546094f3-32fa-493c-824c-bd9575b0d2fe\",\r\n    \"lastModifiedByType\": \"Application\",\r\n    \"lastModifiedAt\": \"2023-10-18T21:49:21.2963081Z\"\r\n  },\r\n  \"id\": \"/providers/Microsoft.Management/managementGroups/AzBlueprintAssignTest/providers/Microsoft.Resources/deploymentStacks/ps9730\",\r\n  \"type\": \"Microsoft.Resources/deploymentStacks\",\r\n  \"name\": \"ps9730\"\r\n}",
      "StatusCode": 200
    },
    {
      "RequestUri": "/subscriptions/a1bfa635-f2bf-42f1-86b5-848c674fc321/providers/Microsoft.Resources/deployments/ps9730-2023-10-18-21-48-23-2cd12/operations?api-version=2022-09-01",
      "EncodedRequestUri": "L3N1YnNjcmlwdGlvbnMvYTFiZmE2MzUtZjJiZi00MmYxLTg2YjUtODQ4YzY3NGZjMzIxL3Byb3ZpZGVycy9NaWNyb3NvZnQuUmVzb3VyY2VzL2RlcGxveW1lbnRzL3BzOTczMC0yMDIzLTEwLTE4LTIxLTQ4LTIzLTJjZDEyL29wZXJhdGlvbnM/YXBpLXZlcnNpb249MjAyMi0wOS0wMQ==",
      "RequestMethod": "GET",
      "RequestHeaders": {
        "x-ms-client-request-id": [
          "f6d28ea8-1d81-45eb-b128-791d7c4d016f"
        ],
        "Accept-Language": [
          "en-US"
        ],
        "User-Agent": [
          "FxVersion/6.0.2323.48002",
          "OSName/Windows",
          "OSVersion/Microsoft.Windows.10.0.22621",
          "Microsoft.Azure.Management.Resources.ResourceManagementClient/6.9.1"
        ]
      },
      "RequestBody": "",
      "ResponseHeaders": {
        "Cache-Control": [
          "no-cache"
        ],
        "Pragma": [
          "no-cache"
        ],
        "x-ms-ratelimit-remaining-subscription-reads": [
          "11999"
        ],
        "x-ms-request-id": [
          "72fc4577-bc8d-45fd-b96c-08bf3723763a"
        ],
        "x-ms-correlation-request-id": [
          "72fc4577-bc8d-45fd-b96c-08bf3723763a"
        ],
        "x-ms-routing-request-id": [
          "WESTUS:20231018T214833Z:72fc4577-bc8d-45fd-b96c-08bf3723763a"
        ],
        "Strict-Transport-Security": [
          "max-age=31536000; includeSubDomains"
        ],
        "X-Content-Type-Options": [
          "nosniff"
        ],
        "Date": [
          "Wed, 18 Oct 2023 21:48:33 GMT"
        ],
        "Content-Type": [
          "application/json; charset=utf-8"
        ],
        "Expires": [
          "-1"
        ],
        "Content-Length": [
          "453"
        ],
        "Retry-After": [
          "0"
        ]
      },
      "ResponseBody": "{\r\n  \"value\": [\r\n    {\r\n      \"id\": \"/subscriptions/a1bfa635-f2bf-42f1-86b5-848c674fc321/providers/Microsoft.Resources/deployments/ps9730-2023-10-18-21-48-23-2cd12/operations/08585039411810331945\",\r\n      \"operationId\": \"08585039411810331945\",\r\n      \"properties\": {\r\n        \"provisioningOperation\": \"EvaluateDeploymentOutput\",\r\n        \"provisioningState\": \"Succeeded\",\r\n        \"timestamp\": \"2023-10-18T21:48:25.1453531Z\",\r\n        \"duration\": \"PT0.0617082S\",\r\n        \"trackingId\": \"89963827-1a7c-4184-8285-e643fdb0d332\",\r\n        \"statusCode\": \"OK\"\r\n      }\r\n    }\r\n  ]\r\n}",
      "StatusCode": 200
    },
    {
      "RequestUri": "/subscriptions/a1bfa635-f2bf-42f1-86b5-848c674fc321/providers/Microsoft.Resources/deployments/ps9730-2023-10-18-21-48-23-2cd12?api-version=2022-09-01",
      "EncodedRequestUri": "L3N1YnNjcmlwdGlvbnMvYTFiZmE2MzUtZjJiZi00MmYxLTg2YjUtODQ4YzY3NGZjMzIxL3Byb3ZpZGVycy9NaWNyb3NvZnQuUmVzb3VyY2VzL2RlcGxveW1lbnRzL3BzOTczMC0yMDIzLTEwLTE4LTIxLTQ4LTIzLTJjZDEyP2FwaS12ZXJzaW9uPTIwMjItMDktMDE=",
      "RequestMethod": "GET",
      "RequestHeaders": {
        "x-ms-client-request-id": [
          "f6d28ea8-1d81-45eb-b128-791d7c4d016f"
        ],
        "Accept-Language": [
          "en-US"
        ],
        "User-Agent": [
          "FxVersion/6.0.2323.48002",
          "OSName/Windows",
          "OSVersion/Microsoft.Windows.10.0.22621",
          "Microsoft.Azure.Management.Resources.ResourceManagementClient/6.9.1"
        ]
      },
      "RequestBody": "",
      "ResponseHeaders": {
        "Cache-Control": [
          "no-cache"
        ],
        "Pragma": [
          "no-cache"
        ],
        "x-ms-ratelimit-remaining-subscription-reads": [
          "11998"
        ],
        "x-ms-request-id": [
          "22a9bd88-2819-4db1-af7b-5dda102f2122"
        ],
        "x-ms-correlation-request-id": [
          "22a9bd88-2819-4db1-af7b-5dda102f2122"
        ],
        "x-ms-routing-request-id": [
          "WESTUS:20231018T214834Z:22a9bd88-2819-4db1-af7b-5dda102f2122"
        ],
        "Strict-Transport-Security": [
          "max-age=31536000; includeSubDomains"
        ],
        "X-Content-Type-Options": [
          "nosniff"
        ],
        "Date": [
          "Wed, 18 Oct 2023 21:48:33 GMT"
        ],
        "Content-Type": [
          "application/json; charset=utf-8"
        ],
        "Expires": [
          "-1"
        ],
        "Content-Length": [
          "552"
        ],
        "Retry-After": [
          "0"
        ]
      },
      "ResponseBody": "{\r\n  \"id\": \"/subscriptions/a1bfa635-f2bf-42f1-86b5-848c674fc321/providers/Microsoft.Resources/deployments/ps9730-2023-10-18-21-48-23-2cd12\",\r\n  \"name\": \"ps9730-2023-10-18-21-48-23-2cd12\",\r\n  \"type\": \"Microsoft.Resources/deployments\",\r\n  \"location\": \"westus2\",\r\n  \"properties\": {\r\n    \"templateHash\": \"10147608604393588405\",\r\n    \"parameters\": {},\r\n    \"mode\": \"Incremental\",\r\n    \"provisioningState\": \"Succeeded\",\r\n    \"timestamp\": \"2023-10-18T21:48:25.1609435Z\",\r\n    \"duration\": \"PT0.6657478S\",\r\n    \"correlationId\": \"58d4840c-7826-4f9a-a19b-ec3df735fb78\",\r\n    \"providers\": [],\r\n    \"dependencies\": [],\r\n    \"outputs\": {},\r\n    \"outputResources\": []\r\n  }\r\n}",
      "StatusCode": 200
    },
    {
      "RequestUri": "/subscriptions/a1bfa635-f2bf-42f1-86b5-848c674fc321/providers/Microsoft.Resources/deployments/ps9730-2023-10-18-21-48-34-977d9/operations?api-version=2022-09-01",
      "EncodedRequestUri": "L3N1YnNjcmlwdGlvbnMvYTFiZmE2MzUtZjJiZi00MmYxLTg2YjUtODQ4YzY3NGZjMzIxL3Byb3ZpZGVycy9NaWNyb3NvZnQuUmVzb3VyY2VzL2RlcGxveW1lbnRzL3BzOTczMC0yMDIzLTEwLTE4LTIxLTQ4LTM0LTk3N2Q5L29wZXJhdGlvbnM/YXBpLXZlcnNpb249MjAyMi0wOS0wMQ==",
      "RequestMethod": "GET",
      "RequestHeaders": {
        "x-ms-client-request-id": [
          "cf8496ae-b6c3-42f6-afe5-dae7d4da81f1"
        ],
        "Accept-Language": [
          "en-US"
        ],
        "User-Agent": [
          "FxVersion/6.0.2323.48002",
          "OSName/Windows",
          "OSVersion/Microsoft.Windows.10.0.22621",
          "Microsoft.Azure.Management.Resources.ResourceManagementClient/6.9.1"
        ]
      },
      "RequestBody": "",
      "ResponseHeaders": {
        "Cache-Control": [
          "no-cache"
        ],
        "Pragma": [
          "no-cache"
        ],
        "x-ms-ratelimit-remaining-subscription-reads": [
          "11999"
        ],
        "x-ms-request-id": [
          "fc640796-0fa5-44f7-8ae4-56f4ceda3679"
        ],
        "x-ms-correlation-request-id": [
          "fc640796-0fa5-44f7-8ae4-56f4ceda3679"
        ],
        "x-ms-routing-request-id": [
          "WESTUS:20231018T214845Z:fc640796-0fa5-44f7-8ae4-56f4ceda3679"
        ],
        "Strict-Transport-Security": [
          "max-age=31536000; includeSubDomains"
        ],
        "X-Content-Type-Options": [
          "nosniff"
        ],
        "Date": [
          "Wed, 18 Oct 2023 21:48:44 GMT"
        ],
        "Content-Type": [
          "application/json; charset=utf-8"
        ],
        "Expires": [
          "-1"
        ],
        "Content-Length": [
          "643"
        ],
        "Retry-After": [
          "0"
        ]
      },
      "ResponseBody": "{\r\n  \"value\": [\r\n    {\r\n      \"id\": \"/subscriptions/a1bfa635-f2bf-42f1-86b5-848c674fc321/providers/Microsoft.Resources/deployments/ps9730-2023-10-18-21-48-34-977d9/operations/38B77F1D7F608A8D\",\r\n      \"operationId\": \"38B77F1D7F608A8D\",\r\n      \"properties\": {\r\n        \"provisioningOperation\": \"Create\",\r\n        \"provisioningState\": \"Running\",\r\n        \"timestamp\": \"2023-10-18T21:48:36.9500307Z\",\r\n        \"duration\": \"PT0.7143335S\",\r\n        \"trackingId\": \"8233cda9-2add-4c2d-b1de-b3528b65e99c\",\r\n        \"statusCode\": \"OK\",\r\n        \"targetResource\": {\r\n          \"id\": \"/subscriptions/4ce8c9fe-cadc-47d6-9c76-335812fd59df/providers/Microsoft.Resources/deployments/stacksMGtestmod\",\r\n          \"resourceType\": \"Microsoft.Resources/deployments\",\r\n          \"resourceName\": \"stacksMGtestmod\"\r\n        }\r\n      }\r\n    }\r\n  ]\r\n}",
      "StatusCode": 200
    },
    {
      "RequestUri": "/subscriptions/a1bfa635-f2bf-42f1-86b5-848c674fc321/providers/Microsoft.Resources/deployments/ps9730-2023-10-18-21-48-34-977d9/operations?api-version=2022-09-01",
      "EncodedRequestUri": "L3N1YnNjcmlwdGlvbnMvYTFiZmE2MzUtZjJiZi00MmYxLTg2YjUtODQ4YzY3NGZjMzIxL3Byb3ZpZGVycy9NaWNyb3NvZnQuUmVzb3VyY2VzL2RlcGxveW1lbnRzL3BzOTczMC0yMDIzLTEwLTE4LTIxLTQ4LTM0LTk3N2Q5L29wZXJhdGlvbnM/YXBpLXZlcnNpb249MjAyMi0wOS0wMQ==",
      "RequestMethod": "GET",
      "RequestHeaders": {
        "x-ms-client-request-id": [
          "cf8496ae-b6c3-42f6-afe5-dae7d4da81f1"
        ],
        "Accept-Language": [
          "en-US"
        ],
        "User-Agent": [
          "FxVersion/6.0.2323.48002",
          "OSName/Windows",
          "OSVersion/Microsoft.Windows.10.0.22621",
          "Microsoft.Azure.Management.Resources.ResourceManagementClient/6.9.1"
        ]
      },
      "RequestBody": "",
      "ResponseHeaders": {
        "Cache-Control": [
          "no-cache"
        ],
        "Pragma": [
          "no-cache"
        ],
        "x-ms-ratelimit-remaining-subscription-reads": [
          "11997"
        ],
        "x-ms-request-id": [
          "e806b518-54f1-4742-9512-14ed8441814c"
        ],
        "x-ms-correlation-request-id": [
          "e806b518-54f1-4742-9512-14ed8441814c"
        ],
        "x-ms-routing-request-id": [
          "WESTUS:20231018T214854Z:e806b518-54f1-4742-9512-14ed8441814c"
        ],
        "Strict-Transport-Security": [
          "max-age=31536000; includeSubDomains"
        ],
        "X-Content-Type-Options": [
          "nosniff"
        ],
        "Date": [
          "Wed, 18 Oct 2023 21:48:53 GMT"
        ],
        "Content-Type": [
          "application/json; charset=utf-8"
        ],
        "Expires": [
          "-1"
        ],
        "Content-Length": [
          "1087"
        ],
        "Retry-After": [
          "0"
        ]
      },
      "ResponseBody": "{\r\n  \"value\": [\r\n    {\r\n      \"id\": \"/subscriptions/a1bfa635-f2bf-42f1-86b5-848c674fc321/providers/Microsoft.Resources/deployments/ps9730-2023-10-18-21-48-34-977d9/operations/38B77F1D7F608A8D\",\r\n      \"operationId\": \"38B77F1D7F608A8D\",\r\n      \"properties\": {\r\n        \"provisioningOperation\": \"Create\",\r\n        \"provisioningState\": \"Succeeded\",\r\n        \"timestamp\": \"2023-10-18T21:48:53.02756Z\",\r\n        \"duration\": \"PT16.7918628S\",\r\n        \"trackingId\": \"206a43f5-a262-4542-8135-a1491c144068\",\r\n        \"statusCode\": \"OK\",\r\n        \"targetResource\": {\r\n          \"id\": \"/subscriptions/4ce8c9fe-cadc-47d6-9c76-335812fd59df/providers/Microsoft.Resources/deployments/stacksMGtestmod\",\r\n          \"resourceType\": \"Microsoft.Resources/deployments\",\r\n          \"resourceName\": \"stacksMGtestmod\"\r\n        }\r\n      }\r\n    },\r\n    {\r\n      \"id\": \"/subscriptions/a1bfa635-f2bf-42f1-86b5-848c674fc321/providers/Microsoft.Resources/deployments/ps9730-2023-10-18-21-48-34-977d9/operations/08585039411697353649\",\r\n      \"operationId\": \"08585039411697353649\",\r\n      \"properties\": {\r\n        \"provisioningOperation\": \"EvaluateDeploymentOutput\",\r\n        \"provisioningState\": \"Succeeded\",\r\n        \"timestamp\": \"2023-10-18T21:48:53.5375463Z\",\r\n        \"duration\": \"PT17.3018491S\",\r\n        \"trackingId\": \"5f559760-e858-4c92-a51b-723b31609033\",\r\n        \"statusCode\": \"OK\"\r\n      }\r\n    }\r\n  ]\r\n}",
      "StatusCode": 200
    },
    {
      "RequestUri": "/subscriptions/4ce8c9fe-cadc-47d6-9c76-335812fd59df/providers/Microsoft.Resources/deployments/stacksMGtestmod?api-version=2022-09-01",
      "EncodedRequestUri": "L3N1YnNjcmlwdGlvbnMvNGNlOGM5ZmUtY2FkYy00N2Q2LTljNzYtMzM1ODEyZmQ1OWRmL3Byb3ZpZGVycy9NaWNyb3NvZnQuUmVzb3VyY2VzL2RlcGxveW1lbnRzL3N0YWNrc01HdGVzdG1vZD9hcGktdmVyc2lvbj0yMDIyLTA5LTAx",
      "RequestMethod": "HEAD",
      "RequestHeaders": {
        "x-ms-client-request-id": [
          "cf8496ae-b6c3-42f6-afe5-dae7d4da81f1"
        ],
        "Accept-Language": [
          "en-US"
        ],
        "User-Agent": [
          "FxVersion/6.0.2323.48002",
          "OSName/Windows",
          "OSVersion/Microsoft.Windows.10.0.22621",
          "Microsoft.Azure.Management.Resources.ResourceManagementClient/6.9.1"
        ]
      },
      "RequestBody": "",
      "ResponseHeaders": {
        "Cache-Control": [
          "no-cache"
        ],
        "Pragma": [
          "no-cache"
        ],
        "x-ms-ratelimit-remaining-subscription-reads": [
          "11999"
        ],
        "x-ms-request-id": [
          "40db2acc-be79-4b7d-8783-637e9c9f7290"
        ],
        "x-ms-correlation-request-id": [
          "40db2acc-be79-4b7d-8783-637e9c9f7290"
        ],
        "x-ms-routing-request-id": [
          "WESTUS:20231018T214845Z:40db2acc-be79-4b7d-8783-637e9c9f7290"
        ],
        "Strict-Transport-Security": [
          "max-age=31536000; includeSubDomains"
        ],
        "X-Content-Type-Options": [
          "nosniff"
        ],
        "Date": [
          "Wed, 18 Oct 2023 21:48:45 GMT"
        ],
        "Content-Length": [
          "0"
        ],
        "Expires": [
          "-1"
        ],
        "Retry-After": [
          "0"
        ]
      },
      "ResponseBody": "",
      "StatusCode": 204
    },
    {
      "RequestUri": "/subscriptions/4ce8c9fe-cadc-47d6-9c76-335812fd59df/providers/Microsoft.Resources/deployments/stacksMGtestmod?api-version=2022-09-01",
      "EncodedRequestUri": "L3N1YnNjcmlwdGlvbnMvNGNlOGM5ZmUtY2FkYy00N2Q2LTljNzYtMzM1ODEyZmQ1OWRmL3Byb3ZpZGVycy9NaWNyb3NvZnQuUmVzb3VyY2VzL2RlcGxveW1lbnRzL3N0YWNrc01HdGVzdG1vZD9hcGktdmVyc2lvbj0yMDIyLTA5LTAx",
      "RequestMethod": "HEAD",
      "RequestHeaders": {
        "x-ms-client-request-id": [
          "cf8496ae-b6c3-42f6-afe5-dae7d4da81f1"
        ],
        "Accept-Language": [
          "en-US"
        ],
        "User-Agent": [
          "FxVersion/6.0.2323.48002",
          "OSName/Windows",
          "OSVersion/Microsoft.Windows.10.0.22621",
          "Microsoft.Azure.Management.Resources.ResourceManagementClient/6.9.1"
        ]
      },
      "RequestBody": "",
      "ResponseHeaders": {
        "Cache-Control": [
          "no-cache"
        ],
        "Pragma": [
          "no-cache"
        ],
        "x-ms-ratelimit-remaining-subscription-reads": [
          "11997"
        ],
        "x-ms-request-id": [
          "cf30c124-e424-4f1a-be71-c507bdded43a"
        ],
        "x-ms-correlation-request-id": [
          "cf30c124-e424-4f1a-be71-c507bdded43a"
        ],
        "x-ms-routing-request-id": [
          "WESTUS:20231018T214854Z:cf30c124-e424-4f1a-be71-c507bdded43a"
        ],
        "Strict-Transport-Security": [
          "max-age=31536000; includeSubDomains"
        ],
        "X-Content-Type-Options": [
          "nosniff"
        ],
        "Date": [
          "Wed, 18 Oct 2023 21:48:53 GMT"
        ],
        "Content-Length": [
          "0"
        ],
        "Expires": [
          "-1"
        ],
        "Retry-After": [
          "0"
        ]
      },
      "ResponseBody": "",
      "StatusCode": 204
    },
    {
      "RequestUri": "/subscriptions/4ce8c9fe-cadc-47d6-9c76-335812fd59df/providers/Microsoft.Resources/deployments/stacksMGtestmod?api-version=2022-09-01",
      "EncodedRequestUri": "L3N1YnNjcmlwdGlvbnMvNGNlOGM5ZmUtY2FkYy00N2Q2LTljNzYtMzM1ODEyZmQ1OWRmL3Byb3ZpZGVycy9NaWNyb3NvZnQuUmVzb3VyY2VzL2RlcGxveW1lbnRzL3N0YWNrc01HdGVzdG1vZD9hcGktdmVyc2lvbj0yMDIyLTA5LTAx",
      "RequestMethod": "HEAD",
      "RequestHeaders": {
        "x-ms-client-request-id": [
          "08d02286-7cb6-4366-b330-f769c1fe2d0f"
        ],
        "Accept-Language": [
          "en-US"
        ],
        "User-Agent": [
          "FxVersion/6.0.2323.48002",
          "OSName/Windows",
          "OSVersion/Microsoft.Windows.10.0.22621",
          "Microsoft.Azure.Management.Resources.ResourceManagementClient/6.9.1"
        ]
      },
      "RequestBody": "",
      "ResponseHeaders": {
        "Cache-Control": [
          "no-cache"
        ],
        "Pragma": [
          "no-cache"
        ],
        "x-ms-ratelimit-remaining-subscription-reads": [
          "11999"
        ],
        "x-ms-request-id": [
          "a5ff92bc-b2c2-4268-83f6-e504d5a83f95"
        ],
        "x-ms-correlation-request-id": [
          "a5ff92bc-b2c2-4268-83f6-e504d5a83f95"
        ],
        "x-ms-routing-request-id": [
          "WESTUS:20231018T214932Z:a5ff92bc-b2c2-4268-83f6-e504d5a83f95"
        ],
        "Strict-Transport-Security": [
          "max-age=31536000; includeSubDomains"
        ],
        "X-Content-Type-Options": [
          "nosniff"
        ],
        "Date": [
          "Wed, 18 Oct 2023 21:49:31 GMT"
        ],
        "Content-Length": [
          "0"
        ],
        "Expires": [
          "-1"
        ],
        "Retry-After": [
          "0"
        ]
      },
      "ResponseBody": "",
      "StatusCode": 204
    },
    {
      "RequestUri": "/subscriptions/4ce8c9fe-cadc-47d6-9c76-335812fd59df/providers/Microsoft.Resources/deployments/stacksMGtestmod?api-version=2022-09-01",
      "EncodedRequestUri": "L3N1YnNjcmlwdGlvbnMvNGNlOGM5ZmUtY2FkYy00N2Q2LTljNzYtMzM1ODEyZmQ1OWRmL3Byb3ZpZGVycy9NaWNyb3NvZnQuUmVzb3VyY2VzL2RlcGxveW1lbnRzL3N0YWNrc01HdGVzdG1vZD9hcGktdmVyc2lvbj0yMDIyLTA5LTAx",
      "RequestMethod": "HEAD",
      "RequestHeaders": {
        "x-ms-client-request-id": [
          "08d02286-7cb6-4366-b330-f769c1fe2d0f"
        ],
        "Accept-Language": [
          "en-US"
        ],
        "User-Agent": [
          "FxVersion/6.0.2323.48002",
          "OSName/Windows",
          "OSVersion/Microsoft.Windows.10.0.22621",
          "Microsoft.Azure.Management.Resources.ResourceManagementClient/6.9.1"
        ]
      },
      "RequestBody": "",
      "ResponseHeaders": {
        "Cache-Control": [
          "no-cache"
        ],
        "Pragma": [
          "no-cache"
        ],
        "x-ms-ratelimit-remaining-subscription-reads": [
          "11997"
        ],
        "x-ms-request-id": [
          "4b20749b-2fcf-4334-b50f-cb599f5ec9a3"
        ],
        "x-ms-correlation-request-id": [
          "4b20749b-2fcf-4334-b50f-cb599f5ec9a3"
        ],
        "x-ms-routing-request-id": [
          "WESTUS:20231018T214940Z:4b20749b-2fcf-4334-b50f-cb599f5ec9a3"
        ],
        "Strict-Transport-Security": [
          "max-age=31536000; includeSubDomains"
        ],
        "X-Content-Type-Options": [
          "nosniff"
        ],
        "Date": [
          "Wed, 18 Oct 2023 21:49:40 GMT"
        ],
        "Content-Length": [
          "0"
        ],
        "Expires": [
          "-1"
        ],
        "Retry-After": [
          "0"
        ]
      },
      "ResponseBody": "",
      "StatusCode": 204
    },
    {
      "RequestUri": "/subscriptions/4ce8c9fe-cadc-47d6-9c76-335812fd59df/providers/Microsoft.Resources/deployments/stacksMGtestmod/operations?api-version=2022-09-01",
      "EncodedRequestUri": "L3N1YnNjcmlwdGlvbnMvNGNlOGM5ZmUtY2FkYy00N2Q2LTljNzYtMzM1ODEyZmQ1OWRmL3Byb3ZpZGVycy9NaWNyb3NvZnQuUmVzb3VyY2VzL2RlcGxveW1lbnRzL3N0YWNrc01HdGVzdG1vZC9vcGVyYXRpb25zP2FwaS12ZXJzaW9uPTIwMjItMDktMDE=",
      "RequestMethod": "GET",
      "RequestHeaders": {
        "x-ms-client-request-id": [
          "cf8496ae-b6c3-42f6-afe5-dae7d4da81f1"
        ],
        "Accept-Language": [
          "en-US"
        ],
        "User-Agent": [
          "FxVersion/6.0.2323.48002",
          "OSName/Windows",
          "OSVersion/Microsoft.Windows.10.0.22621",
          "Microsoft.Azure.Management.Resources.ResourceManagementClient/6.9.1"
        ]
      },
      "RequestBody": "",
      "ResponseHeaders": {
        "Cache-Control": [
          "no-cache"
        ],
        "Pragma": [
          "no-cache"
        ],
        "x-ms-ratelimit-remaining-subscription-reads": [
          "11998"
        ],
        "x-ms-request-id": [
          "6ade2c00-a7e8-4362-85ec-2e0bf5ecafea"
        ],
        "x-ms-correlation-request-id": [
          "6ade2c00-a7e8-4362-85ec-2e0bf5ecafea"
        ],
        "x-ms-routing-request-id": [
          "WESTUS:20231018T214845Z:6ade2c00-a7e8-4362-85ec-2e0bf5ecafea"
        ],
        "Strict-Transport-Security": [
          "max-age=31536000; includeSubDomains"
        ],
        "X-Content-Type-Options": [
          "nosniff"
        ],
        "Date": [
          "Wed, 18 Oct 2023 21:48:45 GMT"
        ],
        "Content-Type": [
          "application/json; charset=utf-8"
        ],
        "Expires": [
          "-1"
        ],
        "Content-Length": [
          "1095"
        ],
        "Retry-After": [
          "0"
        ]
      },
      "ResponseBody": "{\r\n  \"value\": [\r\n    {\r\n      \"id\": \"/subscriptions/4ce8c9fe-cadc-47d6-9c76-335812fd59df/providers/Microsoft.Resources/deployments/stacksMGtestmod/operations/12A33A1100F72FB9\",\r\n      \"operationId\": \"12A33A1100F72FB9\",\r\n      \"properties\": {\r\n        \"provisioningOperation\": \"Create\",\r\n        \"provisioningState\": \"Succeeded\",\r\n        \"timestamp\": \"2023-10-18T21:48:37.8471302Z\",\r\n        \"duration\": \"PT0.6299443S\",\r\n        \"trackingId\": \"f678096d-647e-4f58-b595-ab250a32bfd8\",\r\n        \"statusCode\": \"Created\",\r\n        \"targetResource\": {\r\n          \"id\": \"/subscriptions/4ce8c9fe-cadc-47d6-9c76-335812fd59df/providers/Microsoft.Authorization/policyDefinitions/PSCmdletTestPolicy476223\",\r\n          \"resourceType\": \"Microsoft.Authorization/policyDefinitions\",\r\n          \"resourceName\": \"PSCmdletTestPolicy476223\"\r\n        }\r\n      }\r\n    },\r\n    {\r\n      \"id\": \"/subscriptions/4ce8c9fe-cadc-47d6-9c76-335812fd59df/providers/Microsoft.Resources/deployments/stacksMGtestmod/operations/08585039411688503434\",\r\n      \"operationId\": \"08585039411688503434\",\r\n      \"properties\": {\r\n        \"provisioningOperation\": \"EvaluateDeploymentOutput\",\r\n        \"provisioningState\": \"Succeeded\",\r\n        \"timestamp\": \"2023-10-18T21:48:37.927952Z\",\r\n        \"duration\": \"PT0.7107661S\",\r\n        \"trackingId\": \"1b638bca-8c03-4d0e-a292-d6b26169224d\",\r\n        \"statusCode\": \"OK\"\r\n      }\r\n    }\r\n  ]\r\n}",
      "StatusCode": 200
    },
    {
      "RequestUri": "/subscriptions/4ce8c9fe-cadc-47d6-9c76-335812fd59df/providers/Microsoft.Resources/deployments/stacksMGtestmod/operations?api-version=2022-09-01",
      "EncodedRequestUri": "L3N1YnNjcmlwdGlvbnMvNGNlOGM5ZmUtY2FkYy00N2Q2LTljNzYtMzM1ODEyZmQ1OWRmL3Byb3ZpZGVycy9NaWNyb3NvZnQuUmVzb3VyY2VzL2RlcGxveW1lbnRzL3N0YWNrc01HdGVzdG1vZC9vcGVyYXRpb25zP2FwaS12ZXJzaW9uPTIwMjItMDktMDE=",
      "RequestMethod": "GET",
      "RequestHeaders": {
        "x-ms-client-request-id": [
          "cf8496ae-b6c3-42f6-afe5-dae7d4da81f1"
        ],
        "Accept-Language": [
          "en-US"
        ],
        "User-Agent": [
          "FxVersion/6.0.2323.48002",
          "OSName/Windows",
          "OSVersion/Microsoft.Windows.10.0.22621",
          "Microsoft.Azure.Management.Resources.ResourceManagementClient/6.9.1"
        ]
      },
      "RequestBody": "",
      "ResponseHeaders": {
        "Cache-Control": [
          "no-cache"
        ],
        "Pragma": [
          "no-cache"
        ],
        "x-ms-ratelimit-remaining-subscription-reads": [
          "11996"
        ],
        "x-ms-request-id": [
          "f4d24d67-dce1-4779-84f7-338b7364e9bf"
        ],
        "x-ms-correlation-request-id": [
          "f4d24d67-dce1-4779-84f7-338b7364e9bf"
        ],
        "x-ms-routing-request-id": [
          "WESTUS:20231018T214854Z:f4d24d67-dce1-4779-84f7-338b7364e9bf"
        ],
        "Strict-Transport-Security": [
          "max-age=31536000; includeSubDomains"
        ],
        "X-Content-Type-Options": [
          "nosniff"
        ],
        "Date": [
          "Wed, 18 Oct 2023 21:48:54 GMT"
        ],
        "Content-Type": [
          "application/json; charset=utf-8"
        ],
        "Expires": [
          "-1"
        ],
        "Content-Length": [
          "1095"
        ],
        "Retry-After": [
          "0"
        ]
      },
      "ResponseBody": "{\r\n  \"value\": [\r\n    {\r\n      \"id\": \"/subscriptions/4ce8c9fe-cadc-47d6-9c76-335812fd59df/providers/Microsoft.Resources/deployments/stacksMGtestmod/operations/12A33A1100F72FB9\",\r\n      \"operationId\": \"12A33A1100F72FB9\",\r\n      \"properties\": {\r\n        \"provisioningOperation\": \"Create\",\r\n        \"provisioningState\": \"Succeeded\",\r\n        \"timestamp\": \"2023-10-18T21:48:37.8471302Z\",\r\n        \"duration\": \"PT0.6299443S\",\r\n        \"trackingId\": \"f678096d-647e-4f58-b595-ab250a32bfd8\",\r\n        \"statusCode\": \"Created\",\r\n        \"targetResource\": {\r\n          \"id\": \"/subscriptions/4ce8c9fe-cadc-47d6-9c76-335812fd59df/providers/Microsoft.Authorization/policyDefinitions/PSCmdletTestPolicy476223\",\r\n          \"resourceType\": \"Microsoft.Authorization/policyDefinitions\",\r\n          \"resourceName\": \"PSCmdletTestPolicy476223\"\r\n        }\r\n      }\r\n    },\r\n    {\r\n      \"id\": \"/subscriptions/4ce8c9fe-cadc-47d6-9c76-335812fd59df/providers/Microsoft.Resources/deployments/stacksMGtestmod/operations/08585039411688503434\",\r\n      \"operationId\": \"08585039411688503434\",\r\n      \"properties\": {\r\n        \"provisioningOperation\": \"EvaluateDeploymentOutput\",\r\n        \"provisioningState\": \"Succeeded\",\r\n        \"timestamp\": \"2023-10-18T21:48:37.927952Z\",\r\n        \"duration\": \"PT0.7107661S\",\r\n        \"trackingId\": \"1b638bca-8c03-4d0e-a292-d6b26169224d\",\r\n        \"statusCode\": \"OK\"\r\n      }\r\n    }\r\n  ]\r\n}",
      "StatusCode": 200
    },
    {
      "RequestUri": "/subscriptions/4ce8c9fe-cadc-47d6-9c76-335812fd59df/providers/Microsoft.Resources/deployments/stacksMGtestmod/operations?api-version=2022-09-01",
      "EncodedRequestUri": "L3N1YnNjcmlwdGlvbnMvNGNlOGM5ZmUtY2FkYy00N2Q2LTljNzYtMzM1ODEyZmQ1OWRmL3Byb3ZpZGVycy9NaWNyb3NvZnQuUmVzb3VyY2VzL2RlcGxveW1lbnRzL3N0YWNrc01HdGVzdG1vZC9vcGVyYXRpb25zP2FwaS12ZXJzaW9uPTIwMjItMDktMDE=",
      "RequestMethod": "GET",
      "RequestHeaders": {
        "x-ms-client-request-id": [
          "08d02286-7cb6-4366-b330-f769c1fe2d0f"
        ],
        "Accept-Language": [
          "en-US"
        ],
        "User-Agent": [
          "FxVersion/6.0.2323.48002",
          "OSName/Windows",
          "OSVersion/Microsoft.Windows.10.0.22621",
          "Microsoft.Azure.Management.Resources.ResourceManagementClient/6.9.1"
        ]
      },
      "RequestBody": "",
      "ResponseHeaders": {
        "Cache-Control": [
          "no-cache"
        ],
        "Pragma": [
          "no-cache"
        ],
        "x-ms-ratelimit-remaining-subscription-reads": [
          "11998"
        ],
        "x-ms-request-id": [
          "8df9f511-76f3-4011-b9f1-2f4d307a5a63"
        ],
        "x-ms-correlation-request-id": [
          "8df9f511-76f3-4011-b9f1-2f4d307a5a63"
        ],
        "x-ms-routing-request-id": [
          "WESTUS:20231018T214932Z:8df9f511-76f3-4011-b9f1-2f4d307a5a63"
        ],
        "Strict-Transport-Security": [
          "max-age=31536000; includeSubDomains"
        ],
        "X-Content-Type-Options": [
          "nosniff"
        ],
        "Date": [
          "Wed, 18 Oct 2023 21:49:31 GMT"
        ],
        "Content-Type": [
          "application/json; charset=utf-8"
        ],
        "Expires": [
          "-1"
        ],
        "Content-Length": [
          "1096"
        ],
        "Retry-After": [
          "0"
        ]
      },
      "ResponseBody": "{\r\n  \"value\": [\r\n    {\r\n      \"id\": \"/subscriptions/4ce8c9fe-cadc-47d6-9c76-335812fd59df/providers/Microsoft.Resources/deployments/stacksMGtestmod/operations/12A33A1100F72FB9\",\r\n      \"operationId\": \"12A33A1100F72FB9\",\r\n      \"properties\": {\r\n        \"provisioningOperation\": \"Create\",\r\n        \"provisioningState\": \"Succeeded\",\r\n        \"timestamp\": \"2023-10-18T21:49:24.5515745Z\",\r\n        \"duration\": \"PT0.5469615S\",\r\n        \"trackingId\": \"18b9c565-999d-48b7-9902-583fed0a854d\",\r\n        \"statusCode\": \"Created\",\r\n        \"targetResource\": {\r\n          \"id\": \"/subscriptions/4ce8c9fe-cadc-47d6-9c76-335812fd59df/providers/Microsoft.Authorization/policyDefinitions/PSCmdletTestPolicy476223\",\r\n          \"resourceType\": \"Microsoft.Authorization/policyDefinitions\",\r\n          \"resourceName\": \"PSCmdletTestPolicy476223\"\r\n        }\r\n      }\r\n    },\r\n    {\r\n      \"id\": \"/subscriptions/4ce8c9fe-cadc-47d6-9c76-335812fd59df/providers/Microsoft.Resources/deployments/stacksMGtestmod/operations/08585039411222742170\",\r\n      \"operationId\": \"08585039411222742170\",\r\n      \"properties\": {\r\n        \"provisioningOperation\": \"EvaluateDeploymentOutput\",\r\n        \"provisioningState\": \"Succeeded\",\r\n        \"timestamp\": \"2023-10-18T21:49:24.6336629Z\",\r\n        \"duration\": \"PT0.6290499S\",\r\n        \"trackingId\": \"5a7fa15d-1dbb-48f9-a362-7acb76b3e3ef\",\r\n        \"statusCode\": \"OK\"\r\n      }\r\n    }\r\n  ]\r\n}",
      "StatusCode": 200
    },
    {
      "RequestUri": "/subscriptions/4ce8c9fe-cadc-47d6-9c76-335812fd59df/providers/Microsoft.Resources/deployments/stacksMGtestmod/operations?api-version=2022-09-01",
      "EncodedRequestUri": "L3N1YnNjcmlwdGlvbnMvNGNlOGM5ZmUtY2FkYy00N2Q2LTljNzYtMzM1ODEyZmQ1OWRmL3Byb3ZpZGVycy9NaWNyb3NvZnQuUmVzb3VyY2VzL2RlcGxveW1lbnRzL3N0YWNrc01HdGVzdG1vZC9vcGVyYXRpb25zP2FwaS12ZXJzaW9uPTIwMjItMDktMDE=",
      "RequestMethod": "GET",
      "RequestHeaders": {
        "x-ms-client-request-id": [
          "08d02286-7cb6-4366-b330-f769c1fe2d0f"
        ],
        "Accept-Language": [
          "en-US"
        ],
        "User-Agent": [
          "FxVersion/6.0.2323.48002",
          "OSName/Windows",
          "OSVersion/Microsoft.Windows.10.0.22621",
          "Microsoft.Azure.Management.Resources.ResourceManagementClient/6.9.1"
        ]
      },
      "RequestBody": "",
      "ResponseHeaders": {
        "Cache-Control": [
          "no-cache"
        ],
        "Pragma": [
          "no-cache"
        ],
        "x-ms-ratelimit-remaining-subscription-reads": [
          "11996"
        ],
        "x-ms-request-id": [
          "82d6f14e-9a09-4b2d-a9e0-495d484b764b"
        ],
        "x-ms-correlation-request-id": [
          "82d6f14e-9a09-4b2d-a9e0-495d484b764b"
        ],
        "x-ms-routing-request-id": [
          "WESTUS:20231018T214940Z:82d6f14e-9a09-4b2d-a9e0-495d484b764b"
        ],
        "Strict-Transport-Security": [
          "max-age=31536000; includeSubDomains"
        ],
        "X-Content-Type-Options": [
          "nosniff"
        ],
        "Date": [
          "Wed, 18 Oct 2023 21:49:40 GMT"
        ],
        "Content-Type": [
          "application/json; charset=utf-8"
        ],
        "Expires": [
          "-1"
        ],
        "Content-Length": [
          "1096"
        ],
        "Retry-After": [
          "0"
        ]
      },
      "ResponseBody": "{\r\n  \"value\": [\r\n    {\r\n      \"id\": \"/subscriptions/4ce8c9fe-cadc-47d6-9c76-335812fd59df/providers/Microsoft.Resources/deployments/stacksMGtestmod/operations/12A33A1100F72FB9\",\r\n      \"operationId\": \"12A33A1100F72FB9\",\r\n      \"properties\": {\r\n        \"provisioningOperation\": \"Create\",\r\n        \"provisioningState\": \"Succeeded\",\r\n        \"timestamp\": \"2023-10-18T21:49:24.5515745Z\",\r\n        \"duration\": \"PT0.5469615S\",\r\n        \"trackingId\": \"18b9c565-999d-48b7-9902-583fed0a854d\",\r\n        \"statusCode\": \"Created\",\r\n        \"targetResource\": {\r\n          \"id\": \"/subscriptions/4ce8c9fe-cadc-47d6-9c76-335812fd59df/providers/Microsoft.Authorization/policyDefinitions/PSCmdletTestPolicy476223\",\r\n          \"resourceType\": \"Microsoft.Authorization/policyDefinitions\",\r\n          \"resourceName\": \"PSCmdletTestPolicy476223\"\r\n        }\r\n      }\r\n    },\r\n    {\r\n      \"id\": \"/subscriptions/4ce8c9fe-cadc-47d6-9c76-335812fd59df/providers/Microsoft.Resources/deployments/stacksMGtestmod/operations/08585039411222742170\",\r\n      \"operationId\": \"08585039411222742170\",\r\n      \"properties\": {\r\n        \"provisioningOperation\": \"EvaluateDeploymentOutput\",\r\n        \"provisioningState\": \"Succeeded\",\r\n        \"timestamp\": \"2023-10-18T21:49:24.6336629Z\",\r\n        \"duration\": \"PT0.6290499S\",\r\n        \"trackingId\": \"5a7fa15d-1dbb-48f9-a362-7acb76b3e3ef\",\r\n        \"statusCode\": \"OK\"\r\n      }\r\n    }\r\n  ]\r\n}",
      "StatusCode": 200
    },
    {
      "RequestUri": "/subscriptions/a1bfa635-f2bf-42f1-86b5-848c674fc321/providers/Microsoft.Resources/deployments/ps9730-2023-10-18-21-48-34-977d9?api-version=2022-09-01",
      "EncodedRequestUri": "L3N1YnNjcmlwdGlvbnMvYTFiZmE2MzUtZjJiZi00MmYxLTg2YjUtODQ4YzY3NGZjMzIxL3Byb3ZpZGVycy9NaWNyb3NvZnQuUmVzb3VyY2VzL2RlcGxveW1lbnRzL3BzOTczMC0yMDIzLTEwLTE4LTIxLTQ4LTM0LTk3N2Q5P2FwaS12ZXJzaW9uPTIwMjItMDktMDE=",
      "RequestMethod": "GET",
      "RequestHeaders": {
        "x-ms-client-request-id": [
          "cf8496ae-b6c3-42f6-afe5-dae7d4da81f1"
        ],
        "Accept-Language": [
          "en-US"
        ],
        "User-Agent": [
          "FxVersion/6.0.2323.48002",
          "OSName/Windows",
          "OSVersion/Microsoft.Windows.10.0.22621",
          "Microsoft.Azure.Management.Resources.ResourceManagementClient/6.9.1"
        ]
      },
      "RequestBody": "",
      "ResponseHeaders": {
        "Cache-Control": [
          "no-cache"
        ],
        "Pragma": [
          "no-cache"
        ],
        "Retry-After": [
          "0"
        ],
        "x-ms-ratelimit-remaining-subscription-reads": [
          "11998"
        ],
        "x-ms-request-id": [
          "6272a30b-8dcc-4211-8556-288276542efd"
        ],
        "x-ms-correlation-request-id": [
          "6272a30b-8dcc-4211-8556-288276542efd"
        ],
        "x-ms-routing-request-id": [
          "WESTUS:20231018T214845Z:6272a30b-8dcc-4211-8556-288276542efd"
        ],
        "Strict-Transport-Security": [
          "max-age=31536000; includeSubDomains"
        ],
        "X-Content-Type-Options": [
          "nosniff"
        ],
        "Date": [
          "Wed, 18 Oct 2023 21:48:45 GMT"
        ],
        "Content-Type": [
          "application/json; charset=utf-8"
        ],
        "Expires": [
          "-1"
        ],
        "Content-Length": [
          "829"
        ]
      },
      "ResponseBody": "{\r\n  \"id\": \"/subscriptions/a1bfa635-f2bf-42f1-86b5-848c674fc321/providers/Microsoft.Resources/deployments/ps9730-2023-10-18-21-48-34-977d9\",\r\n  \"name\": \"ps9730-2023-10-18-21-48-34-977d9\",\r\n  \"type\": \"Microsoft.Resources/deployments\",\r\n  \"location\": \"westus2\",\r\n  \"properties\": {\r\n    \"templateHash\": \"13529450622016881009\",\r\n    \"parameters\": {\r\n      \"subId\": {\r\n        \"type\": \"String\",\r\n        \"value\": \"4ce8c9fe-cadc-47d6-9c76-335812fd59df\"\r\n      },\r\n      \"moduleName\": {\r\n        \"type\": \"String\",\r\n        \"value\": \"stacksMGtestmod\"\r\n      },\r\n      \"policyDefinitionName\": {\r\n        \"type\": \"String\",\r\n        \"value\": \"PSCmdletTestPolicy476223\"\r\n      }\r\n    },\r\n    \"mode\": \"Incremental\",\r\n    \"provisioningState\": \"Running\",\r\n    \"timestamp\": \"2023-10-18T21:48:36.9251573Z\",\r\n    \"duration\": \"PT1.0322926S\",\r\n    \"correlationId\": \"dbb0ccf6-fc6c-42f4-a069-f2818c5d3491\",\r\n    \"providers\": [\r\n      {\r\n        \"namespace\": \"Microsoft.Resources\",\r\n        \"resourceTypes\": [\r\n          {\r\n            \"resourceType\": \"deployments\",\r\n            \"locations\": [\r\n              \"westus2\"\r\n            ]\r\n          }\r\n        ]\r\n      }\r\n    ],\r\n    \"dependencies\": []\r\n  }\r\n}",
      "StatusCode": 200
    },
    {
      "RequestUri": "/subscriptions/a1bfa635-f2bf-42f1-86b5-848c674fc321/providers/Microsoft.Resources/deployments/ps9730-2023-10-18-21-48-34-977d9?api-version=2022-09-01",
      "EncodedRequestUri": "L3N1YnNjcmlwdGlvbnMvYTFiZmE2MzUtZjJiZi00MmYxLTg2YjUtODQ4YzY3NGZjMzIxL3Byb3ZpZGVycy9NaWNyb3NvZnQuUmVzb3VyY2VzL2RlcGxveW1lbnRzL3BzOTczMC0yMDIzLTEwLTE4LTIxLTQ4LTM0LTk3N2Q5P2FwaS12ZXJzaW9uPTIwMjItMDktMDE=",
      "RequestMethod": "GET",
      "RequestHeaders": {
        "x-ms-client-request-id": [
          "cf8496ae-b6c3-42f6-afe5-dae7d4da81f1"
        ],
        "Accept-Language": [
          "en-US"
        ],
        "User-Agent": [
          "FxVersion/6.0.2323.48002",
          "OSName/Windows",
          "OSVersion/Microsoft.Windows.10.0.22621",
          "Microsoft.Azure.Management.Resources.ResourceManagementClient/6.9.1"
        ]
      },
      "RequestBody": "",
      "ResponseHeaders": {
        "Cache-Control": [
          "no-cache"
        ],
        "Pragma": [
          "no-cache"
        ],
        "x-ms-ratelimit-remaining-subscription-reads": [
          "11996"
        ],
        "x-ms-request-id": [
          "da2d284e-6929-4d78-a8cb-ed77e199883d"
        ],
        "x-ms-correlation-request-id": [
          "da2d284e-6929-4d78-a8cb-ed77e199883d"
        ],
        "x-ms-routing-request-id": [
          "WESTUS:20231018T214854Z:da2d284e-6929-4d78-a8cb-ed77e199883d"
        ],
        "Strict-Transport-Security": [
          "max-age=31536000; includeSubDomains"
        ],
        "X-Content-Type-Options": [
          "nosniff"
        ],
        "Date": [
          "Wed, 18 Oct 2023 21:48:53 GMT"
        ],
        "Connection": [
          "close"
        ],
        "Content-Type": [
          "application/json; charset=utf-8"
        ],
        "Expires": [
          "-1"
        ],
        "Content-Length": [
          "990"
        ],
        "Retry-After": [
          "0"
        ]
      },
      "ResponseBody": "{\r\n  \"id\": \"/subscriptions/a1bfa635-f2bf-42f1-86b5-848c674fc321/providers/Microsoft.Resources/deployments/ps9730-2023-10-18-21-48-34-977d9\",\r\n  \"name\": \"ps9730-2023-10-18-21-48-34-977d9\",\r\n  \"type\": \"Microsoft.Resources/deployments\",\r\n  \"location\": \"westus2\",\r\n  \"properties\": {\r\n    \"templateHash\": \"13529450622016881009\",\r\n    \"parameters\": {\r\n      \"subId\": {\r\n        \"type\": \"String\",\r\n        \"value\": \"4ce8c9fe-cadc-47d6-9c76-335812fd59df\"\r\n      },\r\n      \"moduleName\": {\r\n        \"type\": \"String\",\r\n        \"value\": \"stacksMGtestmod\"\r\n      },\r\n      \"policyDefinitionName\": {\r\n        \"type\": \"String\",\r\n        \"value\": \"PSCmdletTestPolicy476223\"\r\n      }\r\n    },\r\n    \"mode\": \"Incremental\",\r\n    \"provisioningState\": \"Succeeded\",\r\n    \"timestamp\": \"2023-10-18T21:48:53.6605265Z\",\r\n    \"duration\": \"PT17.7676618S\",\r\n    \"correlationId\": \"dbb0ccf6-fc6c-42f4-a069-f2818c5d3491\",\r\n    \"providers\": [\r\n      {\r\n        \"namespace\": \"Microsoft.Resources\",\r\n        \"resourceTypes\": [\r\n          {\r\n            \"resourceType\": \"deployments\",\r\n            \"locations\": [\r\n              \"westus2\"\r\n            ]\r\n          }\r\n        ]\r\n      }\r\n    ],\r\n    \"dependencies\": [],\r\n    \"outputResources\": [\r\n      {\r\n        \"id\": \"/subscriptions/4ce8c9fe-cadc-47d6-9c76-335812fd59df/providers/Microsoft.Authorization/policyDefinitions/PSCmdletTestPolicy476223\"\r\n      }\r\n    ]\r\n  }\r\n}",
      "StatusCode": 200
    },
    {
      "RequestUri": "/providers/Microsoft.Management/managementGroups/AzBlueprintAssignTest/providers/Microsoft.Resources/deployments/ps9730-2023-10-18-21-49-05-9cc8e/operations?api-version=2022-09-01",
      "EncodedRequestUri": "L3Byb3ZpZGVycy9NaWNyb3NvZnQuTWFuYWdlbWVudC9tYW5hZ2VtZW50R3JvdXBzL0F6Qmx1ZXByaW50QXNzaWduVGVzdC9wcm92aWRlcnMvTWljcm9zb2Z0LlJlc291cmNlcy9kZXBsb3ltZW50cy9wczk3MzAtMjAyMy0xMC0xOC0yMS00OS0wNS05Y2M4ZS9vcGVyYXRpb25zP2FwaS12ZXJzaW9uPTIwMjItMDktMDE=",
      "RequestMethod": "GET",
      "RequestHeaders": {
        "x-ms-client-request-id": [
          "25b150d6-6660-4e8b-bbbb-805e159c0fb2"
        ],
        "Accept-Language": [
          "en-US"
        ],
        "User-Agent": [
          "FxVersion/6.0.2323.48002",
          "OSName/Windows",
          "OSVersion/Microsoft.Windows.10.0.22621",
          "Microsoft.Azure.Management.Resources.ResourceManagementClient/6.9.1"
        ]
      },
      "RequestBody": "",
      "ResponseHeaders": {
        "Cache-Control": [
          "no-cache"
        ],
        "Pragma": [
          "no-cache"
        ],
        "x-ms-ratelimit-remaining-tenant-reads": [
          "11999"
        ],
        "x-ms-request-id": [
          "760e07d9-7b2f-4b86-bc2c-a773cd1e67ea"
        ],
        "x-ms-correlation-request-id": [
          "760e07d9-7b2f-4b86-bc2c-a773cd1e67ea"
        ],
        "x-ms-routing-request-id": [
          "WESTUS:20231018T214915Z:760e07d9-7b2f-4b86-bc2c-a773cd1e67ea"
        ],
        "Strict-Transport-Security": [
          "max-age=31536000; includeSubDomains"
        ],
        "X-Content-Type-Options": [
          "nosniff"
        ],
        "Date": [
          "Wed, 18 Oct 2023 21:49:15 GMT"
        ],
        "Content-Type": [
          "application/json; charset=utf-8"
        ],
        "Expires": [
          "-1"
        ],
        "Content-Length": [
          "1178"
        ],
        "Retry-After": [
          "0"
        ]
      },
      "ResponseBody": "{\r\n  \"value\": [\r\n    {\r\n      \"id\": \"/providers/Microsoft.Management/managementGroups/AzBlueprintAssignTest/providers/Microsoft.Resources/deployments/ps9730-2023-10-18-21-49-05-9cc8e/operations/2A199234D8669AC6\",\r\n      \"operationId\": \"2A199234D8669AC6\",\r\n      \"properties\": {\r\n        \"provisioningOperation\": \"Create\",\r\n        \"provisioningState\": \"Succeeded\",\r\n        \"timestamp\": \"2023-10-18T21:49:10.7151427Z\",\r\n        \"duration\": \"PT2.0183366S\",\r\n        \"trackingId\": \"d365251a-0978-4b02-8f2d-bc31f29fcf30\",\r\n        \"statusCode\": \"Created\",\r\n        \"targetResource\": {\r\n          \"id\": \"/providers/Microsoft.Management/managementGroups/AzBlueprintAssignTest/providers/Microsoft.Authorization/policyDefinitions/PSLocationAuditsTest\",\r\n          \"resourceType\": \"Microsoft.Authorization/policyDefinitions\",\r\n          \"resourceName\": \"PSLocationAuditsTest\"\r\n        }\r\n      }\r\n    },\r\n    {\r\n      \"id\": \"/providers/Microsoft.Management/managementGroups/AzBlueprintAssignTest/providers/Microsoft.Resources/deployments/ps9730-2023-10-18-21-49-05-9cc8e/operations/08585039411383028835\",\r\n      \"operationId\": \"08585039411383028835\",\r\n      \"properties\": {\r\n        \"provisioningOperation\": \"EvaluateDeploymentOutput\",\r\n        \"provisioningState\": \"Succeeded\",\r\n        \"timestamp\": \"2023-10-18T21:49:11.1352151Z\",\r\n        \"duration\": \"PT2.438409S\",\r\n        \"trackingId\": \"d26d7c31-a2f9-4acb-85e1-037d023cdd95\",\r\n        \"statusCode\": \"OK\"\r\n      }\r\n    }\r\n  ]\r\n}",
      "StatusCode": 200
    },
    {
      "RequestUri": "/providers/Microsoft.Management/managementGroups/AzBlueprintAssignTest/providers/Microsoft.Resources/deployments/ps9730-2023-10-18-21-49-05-9cc8e?api-version=2022-09-01",
      "EncodedRequestUri": "L3Byb3ZpZGVycy9NaWNyb3NvZnQuTWFuYWdlbWVudC9tYW5hZ2VtZW50R3JvdXBzL0F6Qmx1ZXByaW50QXNzaWduVGVzdC9wcm92aWRlcnMvTWljcm9zb2Z0LlJlc291cmNlcy9kZXBsb3ltZW50cy9wczk3MzAtMjAyMy0xMC0xOC0yMS00OS0wNS05Y2M4ZT9hcGktdmVyc2lvbj0yMDIyLTA5LTAx",
      "RequestMethod": "GET",
      "RequestHeaders": {
        "x-ms-client-request-id": [
          "25b150d6-6660-4e8b-bbbb-805e159c0fb2"
        ],
        "Accept-Language": [
          "en-US"
        ],
        "User-Agent": [
          "FxVersion/6.0.2323.48002",
          "OSName/Windows",
          "OSVersion/Microsoft.Windows.10.0.22621",
          "Microsoft.Azure.Management.Resources.ResourceManagementClient/6.9.1"
        ]
      },
      "RequestBody": "",
      "ResponseHeaders": {
        "Cache-Control": [
          "no-cache"
        ],
        "Pragma": [
          "no-cache"
        ],
        "x-ms-ratelimit-remaining-tenant-reads": [
          "11998"
        ],
        "x-ms-request-id": [
          "5d1380df-5f54-4d32-94ec-c364532ebaa5"
        ],
        "x-ms-correlation-request-id": [
          "5d1380df-5f54-4d32-94ec-c364532ebaa5"
        ],
        "x-ms-routing-request-id": [
          "WESTUS:20231018T214915Z:5d1380df-5f54-4d32-94ec-c364532ebaa5"
        ],
        "Strict-Transport-Security": [
          "max-age=31536000; includeSubDomains"
        ],
        "X-Content-Type-Options": [
          "nosniff"
        ],
        "Date": [
          "Wed, 18 Oct 2023 21:49:15 GMT"
        ],
        "Content-Type": [
          "application/json; charset=utf-8"
        ],
        "Expires": [
          "-1"
        ],
        "Content-Length": [
          "876"
        ],
        "Retry-After": [
          "0"
        ]
      },
      "ResponseBody": "{\r\n  \"id\": \"/providers/Microsoft.Management/managementGroups/AzBlueprintAssignTest/providers/Microsoft.Resources/deployments/ps9730-2023-10-18-21-49-05-9cc8e\",\r\n  \"name\": \"ps9730-2023-10-18-21-49-05-9cc8e\",\r\n  \"type\": \"Microsoft.Resources/deployments\",\r\n  \"location\": \"westus2\",\r\n  \"properties\": {\r\n    \"templateHash\": \"11839294822040509374\",\r\n    \"parameters\": {\r\n      \"allowedLocations\": {\r\n        \"type\": \"Array\",\r\n        \"value\": [\r\n          \"westus\"\r\n        ]\r\n      }\r\n    },\r\n    \"mode\": \"Incremental\",\r\n    \"provisioningState\": \"Succeeded\",\r\n    \"timestamp\": \"2023-10-18T21:49:11.264601Z\",\r\n    \"duration\": \"PT3.9435254S\",\r\n    \"correlationId\": \"00808146-9ff2-4d9e-8b90-7b7786583e17\",\r\n    \"providers\": [\r\n      {\r\n        \"namespace\": \"Microsoft.Authorization\",\r\n        \"resourceTypes\": [\r\n          {\r\n            \"resourceType\": \"policyDefinitions\",\r\n            \"locations\": [\r\n              null\r\n            ]\r\n          }\r\n        ]\r\n      }\r\n    ],\r\n    \"dependencies\": [],\r\n    \"outputResources\": [\r\n      {\r\n        \"id\": \"/providers/Microsoft.Management/managementGroups/AzBlueprintAssignTest/providers/Microsoft.Authorization/policyDefinitions/PSLocationAuditsTest\"\r\n      }\r\n    ]\r\n  }\r\n}",
      "StatusCode": 200
    },
    {
      "RequestUri": "/subscriptions/a1bfa635-f2bf-42f1-86b5-848c674fc321/providers/Microsoft.Resources/deployments/ps9730-2023-10-18-21-49-21-aa43b/operations?api-version=2022-09-01",
      "EncodedRequestUri": "L3N1YnNjcmlwdGlvbnMvYTFiZmE2MzUtZjJiZi00MmYxLTg2YjUtODQ4YzY3NGZjMzIxL3Byb3ZpZGVycy9NaWNyb3NvZnQuUmVzb3VyY2VzL2RlcGxveW1lbnRzL3BzOTczMC0yMDIzLTEwLTE4LTIxLTQ5LTIxLWFhNDNiL29wZXJhdGlvbnM/YXBpLXZlcnNpb249MjAyMi0wOS0wMQ==",
      "RequestMethod": "GET",
      "RequestHeaders": {
        "x-ms-client-request-id": [
          "08d02286-7cb6-4366-b330-f769c1fe2d0f"
        ],
        "Accept-Language": [
          "en-US"
        ],
        "User-Agent": [
          "FxVersion/6.0.2323.48002",
          "OSName/Windows",
          "OSVersion/Microsoft.Windows.10.0.22621",
          "Microsoft.Azure.Management.Resources.ResourceManagementClient/6.9.1"
        ]
      },
      "RequestBody": "",
      "ResponseHeaders": {
        "Cache-Control": [
          "no-cache"
        ],
        "Pragma": [
          "no-cache"
        ],
        "x-ms-ratelimit-remaining-subscription-reads": [
          "11999"
        ],
        "x-ms-request-id": [
          "2a9b0f7c-d4c9-4be7-99d7-f0d7270e3859"
        ],
        "x-ms-correlation-request-id": [
          "2a9b0f7c-d4c9-4be7-99d7-f0d7270e3859"
        ],
        "x-ms-routing-request-id": [
          "WESTUS:20231018T214931Z:2a9b0f7c-d4c9-4be7-99d7-f0d7270e3859"
        ],
        "Strict-Transport-Security": [
          "max-age=31536000; includeSubDomains"
        ],
        "X-Content-Type-Options": [
          "nosniff"
        ],
        "Date": [
          "Wed, 18 Oct 2023 21:49:31 GMT"
        ],
        "Content-Type": [
          "application/json; charset=utf-8"
        ],
        "Expires": [
          "-1"
        ],
        "Content-Length": [
          "642"
        ],
        "Retry-After": [
          "0"
        ]
      },
      "ResponseBody": "{\r\n  \"value\": [\r\n    {\r\n      \"id\": \"/subscriptions/a1bfa635-f2bf-42f1-86b5-848c674fc321/providers/Microsoft.Resources/deployments/ps9730-2023-10-18-21-49-21-aa43b/operations/38B77F1D7F608A8D\",\r\n      \"operationId\": \"38B77F1D7F608A8D\",\r\n      \"properties\": {\r\n        \"provisioningOperation\": \"Create\",\r\n        \"provisioningState\": \"Running\",\r\n        \"timestamp\": \"2023-10-18T21:49:23.495706Z\",\r\n        \"duration\": \"PT0.6788334S\",\r\n        \"trackingId\": \"07849260-70f5-44ce-9221-0761859dd3bf\",\r\n        \"statusCode\": \"OK\",\r\n        \"targetResource\": {\r\n          \"id\": \"/subscriptions/4ce8c9fe-cadc-47d6-9c76-335812fd59df/providers/Microsoft.Resources/deployments/stacksMGtestmod\",\r\n          \"resourceType\": \"Microsoft.Resources/deployments\",\r\n          \"resourceName\": \"stacksMGtestmod\"\r\n        }\r\n      }\r\n    }\r\n  ]\r\n}",
      "StatusCode": 200
    },
    {
      "RequestUri": "/subscriptions/a1bfa635-f2bf-42f1-86b5-848c674fc321/providers/Microsoft.Resources/deployments/ps9730-2023-10-18-21-49-21-aa43b/operations?api-version=2022-09-01",
      "EncodedRequestUri": "L3N1YnNjcmlwdGlvbnMvYTFiZmE2MzUtZjJiZi00MmYxLTg2YjUtODQ4YzY3NGZjMzIxL3Byb3ZpZGVycy9NaWNyb3NvZnQuUmVzb3VyY2VzL2RlcGxveW1lbnRzL3BzOTczMC0yMDIzLTEwLTE4LTIxLTQ5LTIxLWFhNDNiL29wZXJhdGlvbnM/YXBpLXZlcnNpb249MjAyMi0wOS0wMQ==",
      "RequestMethod": "GET",
      "RequestHeaders": {
        "x-ms-client-request-id": [
          "08d02286-7cb6-4366-b330-f769c1fe2d0f"
        ],
        "Accept-Language": [
          "en-US"
        ],
        "User-Agent": [
          "FxVersion/6.0.2323.48002",
          "OSName/Windows",
          "OSVersion/Microsoft.Windows.10.0.22621",
          "Microsoft.Azure.Management.Resources.ResourceManagementClient/6.9.1"
        ]
      },
      "RequestBody": "",
      "ResponseHeaders": {
        "Cache-Control": [
          "no-cache"
        ],
        "Pragma": [
          "no-cache"
        ],
        "x-ms-ratelimit-remaining-subscription-reads": [
          "11997"
        ],
        "x-ms-request-id": [
          "64786ca6-8746-4f85-8183-0e7973e43196"
        ],
        "x-ms-correlation-request-id": [
          "64786ca6-8746-4f85-8183-0e7973e43196"
        ],
        "x-ms-routing-request-id": [
          "WESTUS:20231018T214940Z:64786ca6-8746-4f85-8183-0e7973e43196"
        ],
        "Strict-Transport-Security": [
          "max-age=31536000; includeSubDomains"
        ],
        "X-Content-Type-Options": [
          "nosniff"
        ],
        "Date": [
          "Wed, 18 Oct 2023 21:49:40 GMT"
        ],
        "Content-Type": [
          "application/json; charset=utf-8"
        ],
        "Expires": [
          "-1"
        ],
        "Content-Length": [
          "1089"
        ],
        "Retry-After": [
          "0"
        ]
      },
      "ResponseBody": "{\r\n  \"value\": [\r\n    {\r\n      \"id\": \"/subscriptions/a1bfa635-f2bf-42f1-86b5-848c674fc321/providers/Microsoft.Resources/deployments/ps9730-2023-10-18-21-49-21-aa43b/operations/38B77F1D7F608A8D\",\r\n      \"operationId\": \"38B77F1D7F608A8D\",\r\n      \"properties\": {\r\n        \"provisioningOperation\": \"Create\",\r\n        \"provisioningState\": \"Succeeded\",\r\n        \"timestamp\": \"2023-10-18T21:49:38.6898497Z\",\r\n        \"duration\": \"PT15.8729771S\",\r\n        \"trackingId\": \"b504fcd6-bf7c-4ea4-bf8b-f1dab3bf1413\",\r\n        \"statusCode\": \"OK\",\r\n        \"targetResource\": {\r\n          \"id\": \"/subscriptions/4ce8c9fe-cadc-47d6-9c76-335812fd59df/providers/Microsoft.Resources/deployments/stacksMGtestmod\",\r\n          \"resourceType\": \"Microsoft.Resources/deployments\",\r\n          \"resourceName\": \"stacksMGtestmod\"\r\n        }\r\n      }\r\n    },\r\n    {\r\n      \"id\": \"/subscriptions/a1bfa635-f2bf-42f1-86b5-848c674fc321/providers/Microsoft.Resources/deployments/ps9730-2023-10-18-21-49-21-aa43b/operations/08585039411229069964\",\r\n      \"operationId\": \"08585039411229069964\",\r\n      \"properties\": {\r\n        \"provisioningOperation\": \"EvaluateDeploymentOutput\",\r\n        \"provisioningState\": \"Succeeded\",\r\n        \"timestamp\": \"2023-10-18T21:49:38.7983939Z\",\r\n        \"duration\": \"PT15.9815213S\",\r\n        \"trackingId\": \"09334723-100d-421d-8ab7-bb5273c62dcc\",\r\n        \"statusCode\": \"OK\"\r\n      }\r\n    }\r\n  ]\r\n}",
      "StatusCode": 200
    },
    {
      "RequestUri": "/subscriptions/a1bfa635-f2bf-42f1-86b5-848c674fc321/providers/Microsoft.Resources/deployments/ps9730-2023-10-18-21-49-21-aa43b?api-version=2022-09-01",
      "EncodedRequestUri": "L3N1YnNjcmlwdGlvbnMvYTFiZmE2MzUtZjJiZi00MmYxLTg2YjUtODQ4YzY3NGZjMzIxL3Byb3ZpZGVycy9NaWNyb3NvZnQuUmVzb3VyY2VzL2RlcGxveW1lbnRzL3BzOTczMC0yMDIzLTEwLTE4LTIxLTQ5LTIxLWFhNDNiP2FwaS12ZXJzaW9uPTIwMjItMDktMDE=",
      "RequestMethod": "GET",
      "RequestHeaders": {
        "x-ms-client-request-id": [
          "08d02286-7cb6-4366-b330-f769c1fe2d0f"
        ],
        "Accept-Language": [
          "en-US"
        ],
        "User-Agent": [
          "FxVersion/6.0.2323.48002",
          "OSName/Windows",
          "OSVersion/Microsoft.Windows.10.0.22621",
          "Microsoft.Azure.Management.Resources.ResourceManagementClient/6.9.1"
        ]
      },
      "RequestBody": "",
      "ResponseHeaders": {
        "Cache-Control": [
          "no-cache"
        ],
        "Pragma": [
          "no-cache"
        ],
        "Retry-After": [
          "0"
        ],
        "x-ms-ratelimit-remaining-subscription-reads": [
          "11998"
        ],
        "x-ms-request-id": [
          "4b85c73e-53fb-48b9-b981-42fb22abfa00"
        ],
        "x-ms-correlation-request-id": [
          "4b85c73e-53fb-48b9-b981-42fb22abfa00"
        ],
        "x-ms-routing-request-id": [
          "WESTUS:20231018T214932Z:4b85c73e-53fb-48b9-b981-42fb22abfa00"
        ],
        "Strict-Transport-Security": [
          "max-age=31536000; includeSubDomains"
        ],
        "X-Content-Type-Options": [
          "nosniff"
        ],
        "Date": [
          "Wed, 18 Oct 2023 21:49:31 GMT"
        ],
        "Content-Type": [
          "application/json; charset=utf-8"
        ],
        "Expires": [
          "-1"
        ],
        "Content-Length": [
          "829"
        ]
      },
      "ResponseBody": "{\r\n  \"id\": \"/subscriptions/a1bfa635-f2bf-42f1-86b5-848c674fc321/providers/Microsoft.Resources/deployments/ps9730-2023-10-18-21-49-21-aa43b\",\r\n  \"name\": \"ps9730-2023-10-18-21-49-21-aa43b\",\r\n  \"type\": \"Microsoft.Resources/deployments\",\r\n  \"location\": \"westus2\",\r\n  \"properties\": {\r\n    \"templateHash\": \"13529450622016881009\",\r\n    \"parameters\": {\r\n      \"subId\": {\r\n        \"type\": \"String\",\r\n        \"value\": \"4ce8c9fe-cadc-47d6-9c76-335812fd59df\"\r\n      },\r\n      \"moduleName\": {\r\n        \"type\": \"String\",\r\n        \"value\": \"stacksMGtestmod\"\r\n      },\r\n      \"policyDefinitionName\": {\r\n        \"type\": \"String\",\r\n        \"value\": \"PSCmdletTestPolicy476223\"\r\n      }\r\n    },\r\n    \"mode\": \"Incremental\",\r\n    \"provisioningState\": \"Running\",\r\n    \"timestamp\": \"2023-10-18T21:49:23.4691721Z\",\r\n    \"duration\": \"PT0.7477591S\",\r\n    \"correlationId\": \"9fe1de3b-dd7c-4b09-b8e0-6c2a29c9712f\",\r\n    \"providers\": [\r\n      {\r\n        \"namespace\": \"Microsoft.Resources\",\r\n        \"resourceTypes\": [\r\n          {\r\n            \"resourceType\": \"deployments\",\r\n            \"locations\": [\r\n              \"westus2\"\r\n            ]\r\n          }\r\n        ]\r\n      }\r\n    ],\r\n    \"dependencies\": []\r\n  }\r\n}",
      "StatusCode": 200
    },
    {
      "RequestUri": "/subscriptions/a1bfa635-f2bf-42f1-86b5-848c674fc321/providers/Microsoft.Resources/deployments/ps9730-2023-10-18-21-49-21-aa43b?api-version=2022-09-01",
      "EncodedRequestUri": "L3N1YnNjcmlwdGlvbnMvYTFiZmE2MzUtZjJiZi00MmYxLTg2YjUtODQ4YzY3NGZjMzIxL3Byb3ZpZGVycy9NaWNyb3NvZnQuUmVzb3VyY2VzL2RlcGxveW1lbnRzL3BzOTczMC0yMDIzLTEwLTE4LTIxLTQ5LTIxLWFhNDNiP2FwaS12ZXJzaW9uPTIwMjItMDktMDE=",
      "RequestMethod": "GET",
      "RequestHeaders": {
        "x-ms-client-request-id": [
          "08d02286-7cb6-4366-b330-f769c1fe2d0f"
        ],
        "Accept-Language": [
          "en-US"
        ],
        "User-Agent": [
          "FxVersion/6.0.2323.48002",
          "OSName/Windows",
          "OSVersion/Microsoft.Windows.10.0.22621",
          "Microsoft.Azure.Management.Resources.ResourceManagementClient/6.9.1"
        ]
      },
      "RequestBody": "",
      "ResponseHeaders": {
        "Cache-Control": [
          "no-cache"
        ],
        "Pragma": [
          "no-cache"
        ],
        "x-ms-ratelimit-remaining-subscription-reads": [
          "11996"
        ],
        "x-ms-request-id": [
          "28521ea9-f368-4ec7-ba79-ce3bc9aaf12a"
        ],
        "x-ms-correlation-request-id": [
          "28521ea9-f368-4ec7-ba79-ce3bc9aaf12a"
        ],
        "x-ms-routing-request-id": [
          "WESTUS:20231018T214941Z:28521ea9-f368-4ec7-ba79-ce3bc9aaf12a"
        ],
        "Strict-Transport-Security": [
          "max-age=31536000; includeSubDomains"
        ],
        "X-Content-Type-Options": [
          "nosniff"
        ],
        "Date": [
          "Wed, 18 Oct 2023 21:49:40 GMT"
        ],
        "Content-Type": [
          "application/json; charset=utf-8"
        ],
        "Expires": [
          "-1"
        ],
        "Content-Length": [
          "990"
        ],
        "Retry-After": [
          "0"
        ]
      },
      "ResponseBody": "{\r\n  \"id\": \"/subscriptions/a1bfa635-f2bf-42f1-86b5-848c674fc321/providers/Microsoft.Resources/deployments/ps9730-2023-10-18-21-49-21-aa43b\",\r\n  \"name\": \"ps9730-2023-10-18-21-49-21-aa43b\",\r\n  \"type\": \"Microsoft.Resources/deployments\",\r\n  \"location\": \"westus2\",\r\n  \"properties\": {\r\n    \"templateHash\": \"13529450622016881009\",\r\n    \"parameters\": {\r\n      \"subId\": {\r\n        \"type\": \"String\",\r\n        \"value\": \"4ce8c9fe-cadc-47d6-9c76-335812fd59df\"\r\n      },\r\n      \"moduleName\": {\r\n        \"type\": \"String\",\r\n        \"value\": \"stacksMGtestmod\"\r\n      },\r\n      \"policyDefinitionName\": {\r\n        \"type\": \"String\",\r\n        \"value\": \"PSCmdletTestPolicy476223\"\r\n      }\r\n    },\r\n    \"mode\": \"Incremental\",\r\n    \"provisioningState\": \"Succeeded\",\r\n    \"timestamp\": \"2023-10-18T21:49:38.8207666Z\",\r\n    \"duration\": \"PT16.0993536S\",\r\n    \"correlationId\": \"9fe1de3b-dd7c-4b09-b8e0-6c2a29c9712f\",\r\n    \"providers\": [\r\n      {\r\n        \"namespace\": \"Microsoft.Resources\",\r\n        \"resourceTypes\": [\r\n          {\r\n            \"resourceType\": \"deployments\",\r\n            \"locations\": [\r\n              \"westus2\"\r\n            ]\r\n          }\r\n        ]\r\n      }\r\n    ],\r\n    \"dependencies\": [],\r\n    \"outputResources\": [\r\n      {\r\n        \"id\": \"/subscriptions/4ce8c9fe-cadc-47d6-9c76-335812fd59df/providers/Microsoft.Authorization/policyDefinitions/PSCmdletTestPolicy476223\"\r\n      }\r\n    ]\r\n  }\r\n}",
      "StatusCode": 200
    },
    {
      "RequestUri": "/providers/Microsoft.Management/managementGroups/AzBlueprintAssignTest/providers/Microsoft.Resources/deploymentStacks/ps9730?unmanageAction.Resources=delete&unmanageAction.ResourceGroups=delete&api-version=2022-08-01-preview",
      "EncodedRequestUri": "L3Byb3ZpZGVycy9NaWNyb3NvZnQuTWFuYWdlbWVudC9tYW5hZ2VtZW50R3JvdXBzL0F6Qmx1ZXByaW50QXNzaWduVGVzdC9wcm92aWRlcnMvTWljcm9zb2Z0LlJlc291cmNlcy9kZXBsb3ltZW50U3RhY2tzL3BzOTczMD91bm1hbmFnZUFjdGlvbi5SZXNvdXJjZXM9ZGVsZXRlJnVubWFuYWdlQWN0aW9uLlJlc291cmNlR3JvdXBzPWRlbGV0ZSZhcGktdmVyc2lvbj0yMDIyLTA4LTAxLXByZXZpZXc=",
      "RequestMethod": "DELETE",
      "RequestHeaders": {
        "x-ms-client-request-id": [
          "b3aa5a43-73fb-46a1-bdf0-27702a855244"
        ],
        "Accept-Language": [
          "en-US"
        ],
        "User-Agent": [
          "FxVersion/6.0.2323.48002",
          "OSName/Windows",
          "OSVersion/Microsoft.Windows.10.0.22621",
          "Microsoft.Azure.Management.Resources.DeploymentStacksClient/6.9.1"
        ]
      },
      "RequestBody": "",
      "ResponseHeaders": {
        "Cache-Control": [
          "no-cache"
        ],
        "Pragma": [
          "no-cache"
        ],
        "Retry-After": [
          "0"
        ],
        "Azure-AsyncOperation": [
          "https://management.azure.com/providers/Microsoft.Resources/locations/westus2/deploymentStackOperationStatus/d5f7d2bb-1fe1-4146-ad17-261be4546343?unmanageAction.Resources=delete&unmanageAction.ResourceGroups=delete&api-version=2022-08-01-preview&t=638332625865343554&c=MIIHHjCCBgagAwIBAgITfwHQwFKsM_SaZ3oYQwAEAdDAUjANBgkqhkiG9w0BAQsFADBEMRMwEQYKCZImiZPyLGQBGRYDR0JMMRMwEQYKCZImiZPyLGQBGRYDQU1FMRgwFgYDVQQDEw9BTUUgSW5mcmEgQ0EgMDIwHhcNMjMwODAzMDkwMzExWhcNMjQwNzI4MDkwMzExWjBAMT4wPAYDVQQDEzVhc3luY29wZXJhdGlvbnNpZ25pbmdjZXJ0aWZpY2F0ZS5tYW5hZ2VtZW50LmF6dXJlLmNvbTCCASIwDQYJKoZIhvcNAQEBBQADggEPADCCAQoCggEBAJQbCh6bI1fy33ihbuhnYAi-tK-wY4yp8CUXk_uSV8w0AzXrOwZStPhGL2QLmMALLJhLlGruhSEdRUd-ej9YImb9EcB7Sxa7gZM4TttscUWTI37jWjJGvmL2IS8gO-V08sDqRJs9nd7v3NYjwkYwI6upPO198_TvDODjEOoXzdbqNzdg8HK9PRg4R6BQ2SYtQVjaKuTmTVPKtHbYjFDSwqH4QCNwKB-RWl8y_n0aagYHyQLs7HxDh_OYa_ragWKwpVX12uIkZZOlOYoo9z-B3yg2Qc6H93HIyyNLvYYyWvzsXlWbxsigQspOpB-JsijqIMX2LpkicZ9Qt3hdqEH3TgECAwEAAaOCBAswggQHMCcGCSsGAQQBgjcVCgQaMBgwCgYIKwYBBQUHAwEwCgYIKwYBBQUHAwIwPQYJKwYBBAGCNxUHBDAwLgYmKwYBBAGCNxUIhpDjDYTVtHiE8Ys-hZvdFs6dEoFggvX2K4Py0SACAWQCAQowggHaBggrBgEFBQcBAQSCAcwwggHIMGYGCCsGAQUFBzAChlpodHRwOi8vY3JsLm1pY3Jvc29mdC5jb20vcGtpaW5mcmEvQ2VydHMvQkwyUEtJSU5UQ0EwMS5BTUUuR0JMX0FNRSUyMEluZnJhJTIwQ0ElMjAwMig0KS5jcnQwVgYIKwYBBQUHMAKGSmh0dHA6Ly9jcmwxLmFtZS5nYmwvYWlhL0JMMlBLSUlOVENBMDEuQU1FLkdCTF9BTUUlMjBJbmZyYSUyMENBJTIwMDIoNCkuY3J0MFYGCCsGAQUFBzAChkpodHRwOi8vY3JsMi5hbWUuZ2JsL2FpYS9CTDJQS0lJTlRDQTAxLkFNRS5HQkxfQU1FJTIwSW5mcmElMjBDQSUyMDAyKDQpLmNydDBWBggrBgEFBQcwAoZKaHR0cDovL2NybDMuYW1lLmdibC9haWEvQkwyUEtJSU5UQ0EwMS5BTUUuR0JMX0FNRSUyMEluZnJhJTIwQ0ElMjAwMig0KS5jcnQwVgYIKwYBBQUHMAKGSmh0dHA6Ly9jcmw0LmFtZS5nYmwvYWlhL0JMMlBLSUlOVENBMDEuQU1FLkdCTF9BTUUlMjBJbmZyYSUyMENBJTIwMDIoNCkuY3J0MB0GA1UdDgQWBBSotg9l-TRXg2Od_Oq4_NlEL1rRszAOBgNVHQ8BAf8EBAMCBaAwggE1BgNVHR8EggEsMIIBKDCCASSgggEgoIIBHIZCaHR0cDovL2NybC5taWNyb3NvZnQuY29tL3BraWluZnJhL0NSTC9BTUUlMjBJbmZyYSUyMENBJTIwMDIoNCkuY3JshjRodHRwOi8vY3JsMS5hbWUuZ2JsL2NybC9BTUUlMjBJbmZyYSUyMENBJTIwMDIoNCkuY3JshjRodHRwOi8vY3JsMi5hbWUuZ2JsL2NybC9BTUUlMjBJbmZyYSUyMENBJTIwMDIoNCkuY3JshjRodHRwOi8vY3JsMy5hbWUuZ2JsL2NybC9BTUUlMjBJbmZyYSUyMENBJTIwMDIoNCkuY3JshjRodHRwOi8vY3JsNC5hbWUuZ2JsL2NybC9BTUUlMjBJbmZyYSUyMENBJTIwMDIoNCkuY3JsMBcGA1UdIAQQMA4wDAYKKwYBBAGCN3sBATAfBgNVHSMEGDAWgBSuecJrXSWIEwb2BwnDl3x7l48dVTAdBgNVHSUEFjAUBggrBgEFBQcDAQYIKwYBBQUHAwIwDQYJKoZIhvcNAQELBQADggEBAHXBDjxwU1_SCJTLnITpRn3jC6-hLvpBjlvAcTcon2IrYP1NmLYetTIHeRJIXmkXroCJpCUa740vZLaRyyZKweV_Xav9ODpmbAEriFc24VQpI0eCg5lZxjnpY3SF7pjsQN5R5iXCcf8uPGz-ehUdVqLsTHThEqxqeDjneKzUFHd67creOfJih1BzFDUzzkYs2_ffNVEd_BsQb1RKlb8H3uxdoUizcXw92vz3Ymkntcb6GBTSAp9uTnZyiJaZOtJ4w77PIJqK4IKM2vDqYN6xRIoo9iANNAPHuL8yUSgxYh2LMXQ9b1zW5XrNJ2Q1ajEsRu-zctoZJAYDXhLXDz04rSo&s=aqHeA29ZivOH_Ita8lgOfTpgt-DJnXrpFdZf8RL_fPfHLf2xeUsslSGiU-lusjZlUDVfygH3T4eMNEShaZsclwOgsoRWTYeZc_dlP25YqaFXm3Llgm-MY8z2iBHC9Gbeer378O2VOUHt-YQhRLUL5spMwpRd4Mr4eAylw2Z8HQD3vVyL6QwdDUHBQKFcBdfUxz7t2x4i9IbIIfKuoxxLuRNBXhjZdSUjk6OD3NVveyr8yx87Tl4dE-YBXWO_euDsDgRaxem_HSpKG0XddUGJKKhLxygBncW50ZiiIbUI3HqkFo0DnOQ4h-JlySTUJFzNi3m2Bmi8WfVP5XaJv50PVg&h=6u--jNJxGHu2ZpMcTb6kITy6pp_sndizHwhyIyfTH5E"
        ],
        "x-ms-request-id": [
          "be53b665-ef9a-4b73-babe-1c5d74dccefe"
        ],
        "Server": [
          "Microsoft-HTTPAPI/2.0"
        ],
        "x-ms-ratelimit-remaining-tenant-deletes": [
          "14999"
        ],
        "x-ms-correlation-request-id": [
          "af9ba65a-3deb-4299-8750-a4e8022edf17"
        ],
        "x-ms-routing-request-id": [
          "WESTUS:20231018T214946Z:af9ba65a-3deb-4299-8750-a4e8022edf17"
        ],
        "Strict-Transport-Security": [
          "max-age=31536000; includeSubDomains"
        ],
        "X-Content-Type-Options": [
          "nosniff"
        ],
        "Date": [
          "Wed, 18 Oct 2023 21:49:46 GMT"
        ],
        "Expires": [
          "-1"
        ],
        "Content-Length": [
          "0"
        ]
      },
      "ResponseBody": "",
      "StatusCode": 202
    },
    {
      "RequestUri": "/providers/Microsoft.Resources/locations/westus2/deploymentStackOperationStatus/d5f7d2bb-1fe1-4146-ad17-261be4546343?unmanageAction.Resources=delete&unmanageAction.ResourceGroups=delete&api-version=2022-08-01-preview&t=638332625865343554&c=MIIHHjCCBgagAwIBAgITfwHQwFKsM_SaZ3oYQwAEAdDAUjANBgkqhkiG9w0BAQsFADBEMRMwEQYKCZImiZPyLGQBGRYDR0JMMRMwEQYKCZImiZPyLGQBGRYDQU1FMRgwFgYDVQQDEw9BTUUgSW5mcmEgQ0EgMDIwHhcNMjMwODAzMDkwMzExWhcNMjQwNzI4MDkwMzExWjBAMT4wPAYDVQQDEzVhc3luY29wZXJhdGlvbnNpZ25pbmdjZXJ0aWZpY2F0ZS5tYW5hZ2VtZW50LmF6dXJlLmNvbTCCASIwDQYJKoZIhvcNAQEBBQADggEPADCCAQoCggEBAJQbCh6bI1fy33ihbuhnYAi-tK-wY4yp8CUXk_uSV8w0AzXrOwZStPhGL2QLmMALLJhLlGruhSEdRUd-ej9YImb9EcB7Sxa7gZM4TttscUWTI37jWjJGvmL2IS8gO-V08sDqRJs9nd7v3NYjwkYwI6upPO198_TvDODjEOoXzdbqNzdg8HK9PRg4R6BQ2SYtQVjaKuTmTVPKtHbYjFDSwqH4QCNwKB-RWl8y_n0aagYHyQLs7HxDh_OYa_ragWKwpVX12uIkZZOlOYoo9z-B3yg2Qc6H93HIyyNLvYYyWvzsXlWbxsigQspOpB-JsijqIMX2LpkicZ9Qt3hdqEH3TgECAwEAAaOCBAswggQHMCcGCSsGAQQBgjcVCgQaMBgwCgYIKwYBBQUHAwEwCgYIKwYBBQUHAwIwPQYJKwYBBAGCNxUHBDAwLgYmKwYBBAGCNxUIhpDjDYTVtHiE8Ys-hZvdFs6dEoFggvX2K4Py0SACAWQCAQowggHaBggrBgEFBQcBAQSCAcwwggHIMGYGCCsGAQUFBzAChlpodHRwOi8vY3JsLm1pY3Jvc29mdC5jb20vcGtpaW5mcmEvQ2VydHMvQkwyUEtJSU5UQ0EwMS5BTUUuR0JMX0FNRSUyMEluZnJhJTIwQ0ElMjAwMig0KS5jcnQwVgYIKwYBBQUHMAKGSmh0dHA6Ly9jcmwxLmFtZS5nYmwvYWlhL0JMMlBLSUlOVENBMDEuQU1FLkdCTF9BTUUlMjBJbmZyYSUyMENBJTIwMDIoNCkuY3J0MFYGCCsGAQUFBzAChkpodHRwOi8vY3JsMi5hbWUuZ2JsL2FpYS9CTDJQS0lJTlRDQTAxLkFNRS5HQkxfQU1FJTIwSW5mcmElMjBDQSUyMDAyKDQpLmNydDBWBggrBgEFBQcwAoZKaHR0cDovL2NybDMuYW1lLmdibC9haWEvQkwyUEtJSU5UQ0EwMS5BTUUuR0JMX0FNRSUyMEluZnJhJTIwQ0ElMjAwMig0KS5jcnQwVgYIKwYBBQUHMAKGSmh0dHA6Ly9jcmw0LmFtZS5nYmwvYWlhL0JMMlBLSUlOVENBMDEuQU1FLkdCTF9BTUUlMjBJbmZyYSUyMENBJTIwMDIoNCkuY3J0MB0GA1UdDgQWBBSotg9l-TRXg2Od_Oq4_NlEL1rRszAOBgNVHQ8BAf8EBAMCBaAwggE1BgNVHR8EggEsMIIBKDCCASSgggEgoIIBHIZCaHR0cDovL2NybC5taWNyb3NvZnQuY29tL3BraWluZnJhL0NSTC9BTUUlMjBJbmZyYSUyMENBJTIwMDIoNCkuY3JshjRodHRwOi8vY3JsMS5hbWUuZ2JsL2NybC9BTUUlMjBJbmZyYSUyMENBJTIwMDIoNCkuY3JshjRodHRwOi8vY3JsMi5hbWUuZ2JsL2NybC9BTUUlMjBJbmZyYSUyMENBJTIwMDIoNCkuY3JshjRodHRwOi8vY3JsMy5hbWUuZ2JsL2NybC9BTUUlMjBJbmZyYSUyMENBJTIwMDIoNCkuY3JshjRodHRwOi8vY3JsNC5hbWUuZ2JsL2NybC9BTUUlMjBJbmZyYSUyMENBJTIwMDIoNCkuY3JsMBcGA1UdIAQQMA4wDAYKKwYBBAGCN3sBATAfBgNVHSMEGDAWgBSuecJrXSWIEwb2BwnDl3x7l48dVTAdBgNVHSUEFjAUBggrBgEFBQcDAQYIKwYBBQUHAwIwDQYJKoZIhvcNAQELBQADggEBAHXBDjxwU1_SCJTLnITpRn3jC6-hLvpBjlvAcTcon2IrYP1NmLYetTIHeRJIXmkXroCJpCUa740vZLaRyyZKweV_Xav9ODpmbAEriFc24VQpI0eCg5lZxjnpY3SF7pjsQN5R5iXCcf8uPGz-ehUdVqLsTHThEqxqeDjneKzUFHd67creOfJih1BzFDUzzkYs2_ffNVEd_BsQb1RKlb8H3uxdoUizcXw92vz3Ymkntcb6GBTSAp9uTnZyiJaZOtJ4w77PIJqK4IKM2vDqYN6xRIoo9iANNAPHuL8yUSgxYh2LMXQ9b1zW5XrNJ2Q1ajEsRu-zctoZJAYDXhLXDz04rSo&s=aqHeA29ZivOH_Ita8lgOfTpgt-DJnXrpFdZf8RL_fPfHLf2xeUsslSGiU-lusjZlUDVfygH3T4eMNEShaZsclwOgsoRWTYeZc_dlP25YqaFXm3Llgm-MY8z2iBHC9Gbeer378O2VOUHt-YQhRLUL5spMwpRd4Mr4eAylw2Z8HQD3vVyL6QwdDUHBQKFcBdfUxz7t2x4i9IbIIfKuoxxLuRNBXhjZdSUjk6OD3NVveyr8yx87Tl4dE-YBXWO_euDsDgRaxem_HSpKG0XddUGJKKhLxygBncW50ZiiIbUI3HqkFo0DnOQ4h-JlySTUJFzNi3m2Bmi8WfVP5XaJv50PVg&h=6u--jNJxGHu2ZpMcTb6kITy6pp_sndizHwhyIyfTH5E",
      "EncodedRequestUri": "L3Byb3ZpZGVycy9NaWNyb3NvZnQuUmVzb3VyY2VzL2xvY2F0aW9ucy93ZXN0dXMyL2RlcGxveW1lbnRTdGFja09wZXJhdGlvblN0YXR1cy9kNWY3ZDJiYi0xZmUxLTQxNDYtYWQxNy0yNjFiZTQ1NDYzNDM/dW5tYW5hZ2VBY3Rpb24uUmVzb3VyY2VzPWRlbGV0ZSZ1bm1hbmFnZUFjdGlvbi5SZXNvdXJjZUdyb3Vwcz1kZWxldGUmYXBpLXZlcnNpb249MjAyMi0wOC0wMS1wcmV2aWV3JnQ9NjM4MzMyNjI1ODY1MzQzNTU0JmM9TUlJSEhqQ0NCZ2FnQXdJQkFnSVRmd0hRd0ZLc01fU2FaM29ZUXdBRUFkREFVakFOQmdrcWhraUc5dzBCQVFzRkFEQkVNUk13RVFZS0NaSW1pWlB5TEdRQkdSWURSMEpNTVJNd0VRWUtDWkltaVpQeUxHUUJHUllEUVUxRk1SZ3dGZ1lEVlFRREV3OUJUVVVnU1c1bWNtRWdRMEVnTURJd0hoY05Nak13T0RBek1Ea3dNekV4V2hjTk1qUXdOekk0TURrd016RXhXakJBTVQ0d1BBWURWUVFERXpWaGMzbHVZMjl3WlhKaGRHbHZibk5wWjI1cGJtZGpaWEowYVdacFkyRjBaUzV0WVc1aFoyVnRaVzUwTG1GNmRYSmxMbU52YlRDQ0FTSXdEUVlKS29aSWh2Y05BUUVCQlFBRGdnRVBBRENDQVFvQ2dnRUJBSlFiQ2g2YkkxZnkzM2loYnVobllBaS10Sy13WTR5cDhDVVhrX3VTVjh3MEF6WHJPd1pTdFBoR0wyUUxtTUFMTEpoTGxHcnVoU0VkUlVkLWVqOVlJbWI5RWNCN1N4YTdnWk00VHR0c2NVV1RJMzdqV2pKR3ZtTDJJUzhnTy1WMDhzRHFSSnM5bmQ3djNOWWp3a1l3STZ1cFBPMTk4X1R2RE9EakVPb1h6ZGJxTnpkZzhISzlQUmc0UjZCUTJTWXRRVmphS3VUbVRWUEt0SGJZakZEU3dxSDRRQ053S0ItUldsOHlfbjBhYWdZSHlRTHM3SHhEaF9PWWFfcmFnV0t3cFZYMTJ1SWtaWk9sT1lvbzl6LUIzeWcyUWM2SDkzSEl5eU5MdllZeVd2enNYbFdieHNpZ1FzcE9wQi1Kc2lqcUlNWDJMcGtpY1o5UXQzaGRxRUgzVGdFQ0F3RUFBYU9DQkFzd2dnUUhNQ2NHQ1NzR0FRUUJnamNWQ2dRYU1CZ3dDZ1lJS3dZQkJRVUhBd0V3Q2dZSUt3WUJCUVVIQXdJd1BRWUpLd1lCQkFHQ054VUhCREF3TGdZbUt3WUJCQUdDTnhVSWhwRGpEWVRWdEhpRThZcy1oWnZkRnM2ZEVvRmdndlgySzRQeTBTQUNBV1FDQVFvd2dnSGFCZ2dyQmdFRkJRY0JBUVNDQWN3d2dnSElNR1lHQ0NzR0FRVUZCekFDaGxwb2RIUndPaTh2WTNKc0xtMXBZM0p2YzI5bWRDNWpiMjB2Y0d0cGFXNW1jbUV2UTJWeWRITXZRa3d5VUV0SlNVNVVRMEV3TVM1QlRVVXVSMEpNWDBGTlJTVXlNRWx1Wm5KaEpUSXdRMEVsTWpBd01pZzBLUzVqY25Rd1ZnWUlLd1lCQlFVSE1BS0dTbWgwZEhBNkx5OWpjbXd4TG1GdFpTNW5ZbXd2WVdsaEwwSk1NbEJMU1VsT1ZFTkJNREV1UVUxRkxrZENURjlCVFVVbE1qQkpibVp5WVNVeU1FTkJKVEl3TURJb05Da3VZM0owTUZZR0NDc0dBUVVGQnpBQ2hrcG9kSFJ3T2k4dlkzSnNNaTVoYldVdVoySnNMMkZwWVM5Q1RESlFTMGxKVGxSRFFUQXhMa0ZOUlM1SFFreGZRVTFGSlRJd1NXNW1jbUVsTWpCRFFTVXlNREF5S0RRcExtTnlkREJXQmdnckJnRUZCUWN3QW9aS2FIUjBjRG92TDJOeWJETXVZVzFsTG1kaWJDOWhhV0V2UWt3eVVFdEpTVTVVUTBFd01TNUJUVVV1UjBKTVgwRk5SU1V5TUVsdVpuSmhKVEl3UTBFbE1qQXdNaWcwS1M1amNuUXdWZ1lJS3dZQkJRVUhNQUtHU21oMGRIQTZMeTlqY213MExtRnRaUzVuWW13dllXbGhMMEpNTWxCTFNVbE9WRU5CTURFdVFVMUZMa2RDVEY5QlRVVWxNakJKYm1aeVlTVXlNRU5CSlRJd01ESW9OQ2t1WTNKME1CMEdBMVVkRGdRV0JCU290ZzlsLVRSWGcyT2RfT3E0X05sRUwxclJzekFPQmdOVkhROEJBZjhFQkFNQ0JhQXdnZ0UxQmdOVkhSOEVnZ0VzTUlJQktEQ0NBU1NnZ2dFZ29JSUJISVpDYUhSMGNEb3ZMMk55YkM1dGFXTnliM052Wm5RdVkyOXRMM0JyYVdsdVpuSmhMME5TVEM5QlRVVWxNakJKYm1aeVlTVXlNRU5CSlRJd01ESW9OQ2t1WTNKc2hqUm9kSFJ3T2k4dlkzSnNNUzVoYldVdVoySnNMMk55YkM5QlRVVWxNakJKYm1aeVlTVXlNRU5CSlRJd01ESW9OQ2t1WTNKc2hqUm9kSFJ3T2k4dlkzSnNNaTVoYldVdVoySnNMMk55YkM5QlRVVWxNakJKYm1aeVlTVXlNRU5CSlRJd01ESW9OQ2t1WTNKc2hqUm9kSFJ3T2k4dlkzSnNNeTVoYldVdVoySnNMMk55YkM5QlRVVWxNakJKYm1aeVlTVXlNRU5CSlRJd01ESW9OQ2t1WTNKc2hqUm9kSFJ3T2k4dlkzSnNOQzVoYldVdVoySnNMMk55YkM5QlRVVWxNakJKYm1aeVlTVXlNRU5CSlRJd01ESW9OQ2t1WTNKc01CY0dBMVVkSUFRUU1BNHdEQVlLS3dZQkJBR0NOM3NCQVRBZkJnTlZIU01FR0RBV2dCU3VlY0pyWFNXSUV3YjJCd25EbDN4N2w0OGRWVEFkQmdOVkhTVUVGakFVQmdnckJnRUZCUWNEQVFZSUt3WUJCUVVIQXdJd0RRWUpLb1pJaHZjTkFRRUxCUUFEZ2dFQkFIWEJEanh3VTFfU0NKVExuSVRwUm4zakM2LWhMdnBCamx2QWNUY29uMklyWVAxTm1MWWV0VElIZVJKSVhta1hyb0NKcENVYTc0MHZaTGFSeXlaS3dlVl9YYXY5T0RwbWJBRXJpRmMyNFZRcEkwZUNnNWxaeGpucFkzU0Y3cGpzUU41UjVpWENjZjh1UEd6LWVoVWRWcUxzVEhUaEVxeHFlRGpuZUt6VUZIZDY3Y3JlT2ZKaWgxQnpGRFV6emtZczJfZmZOVkVkX0JzUWIxUktsYjhIM3V4ZG9VaXpjWHc5MnZ6M1lta250Y2I2R0JUU0FwOXVUblp5aUphWk90SjR3NzdQSUpxSzRJS00ydkRxWU42eFJJb285aUFOTkFQSHVMOHlVU2d4WWgyTE1YUTliMXpXNVhyTkoyUTFhakVzUnUtemN0b1pKQVlEWGhMWER6MDRyU28mcz1hcUhlQTI5Wml2T0hfSXRhOGxnT2ZUcGd0LURKblhycEZkWmY4UkxfZlBmSExmMnhlVXNzbFNHaVUtbHVzalpsVURWZnlnSDNUNGVNTkVTaGFac2Nsd09nc29SV1RZZVpjX2RsUDI1WXFhRlhtM0xsZ20tTVk4ejJpQkhDOUdiZWVyMzc4TzJWT1VIdC1ZUWhSTFVMNXNwTXdwUmQ0TXI0ZUF5bHcyWjhIUUQzdlZ5TDZRd2REVUhCUUtGY0JkZlV4ejd0Mng0aTlJYklJZkt1b3h4THVSTkJYaGpaZFNVams2T0QzTlZ2ZXlyOHl4ODdUbDRkRS1ZQlhXT19ldURzRGdSYXhlbV9IU3BLRzBYZGRVR0pLS2hMeHlnQm5jVzUwWmlpSWJVSTNIcWtGbzBEbk9RNGgtSmx5U1RVSkZ6TmkzbTJCbWk4V2ZWUDVYYUp2NTBQVmcmaD02dS0tak5KeEdIdTJacE1jVGI2a0lUeTZwcF9zbmRpekh3aHlJeWZUSDVF",
      "RequestMethod": "GET",
      "RequestHeaders": {
        "x-ms-client-request-id": [
          "b3aa5a43-73fb-46a1-bdf0-27702a855244"
        ],
        "User-Agent": [
          "FxVersion/6.0.2323.48002",
          "OSName/Windows",
          "OSVersion/Microsoft.Windows.10.0.22621",
          "Microsoft.Azure.Management.Resources.DeploymentStacksClient/6.9.1"
        ]
      },
      "RequestBody": "",
      "ResponseHeaders": {
        "Cache-Control": [
          "no-cache"
        ],
        "Pragma": [
          "no-cache"
        ],
        "x-ms-request-id": [
          "c1eadc34-d920-4ab3-ba4c-1ee00c9acac7"
        ],
        "Server": [
          "Microsoft-HTTPAPI/2.0"
        ],
        "x-ms-ratelimit-remaining-tenant-reads": [
          "11999"
        ],
        "x-ms-correlation-request-id": [
          "83678308-dab9-43b0-9d77-0cd831fb9abf"
        ],
        "x-ms-routing-request-id": [
          "WESTUS:20231018T215003Z:83678308-dab9-43b0-9d77-0cd831fb9abf"
        ],
        "Strict-Transport-Security": [
          "max-age=31536000; includeSubDomains"
        ],
        "X-Content-Type-Options": [
          "nosniff"
        ],
        "Date": [
          "Wed, 18 Oct 2023 21:50:03 GMT"
        ],
        "Content-Length": [
          "208"
        ],
        "Content-Type": [
          "application/json; charset=utf-8"
        ],
        "Expires": [
          "-1"
        ],
        "Retry-After": [
          "0"
        ]
      },
      "ResponseBody": "{\r\n  \"id\": \"/providers/Microsoft.Resources/locations/westus2/deploymentStackOperationStatus/d5f7d2bb-1fe1-4146-ad17-261be4546343\",\r\n  \"name\": \"d5f7d2bb-1fe1-4146-ad17-261be4546343\",\r\n  \"status\": \"deleting\"\r\n}",
      "StatusCode": 200
    },
    {
      "RequestUri": "/providers/Microsoft.Resources/locations/westus2/deploymentStackOperationStatus/d5f7d2bb-1fe1-4146-ad17-261be4546343?unmanageAction.Resources=delete&unmanageAction.ResourceGroups=delete&api-version=2022-08-01-preview&t=638332625865343554&c=MIIHHjCCBgagAwIBAgITfwHQwFKsM_SaZ3oYQwAEAdDAUjANBgkqhkiG9w0BAQsFADBEMRMwEQYKCZImiZPyLGQBGRYDR0JMMRMwEQYKCZImiZPyLGQBGRYDQU1FMRgwFgYDVQQDEw9BTUUgSW5mcmEgQ0EgMDIwHhcNMjMwODAzMDkwMzExWhcNMjQwNzI4MDkwMzExWjBAMT4wPAYDVQQDEzVhc3luY29wZXJhdGlvbnNpZ25pbmdjZXJ0aWZpY2F0ZS5tYW5hZ2VtZW50LmF6dXJlLmNvbTCCASIwDQYJKoZIhvcNAQEBBQADggEPADCCAQoCggEBAJQbCh6bI1fy33ihbuhnYAi-tK-wY4yp8CUXk_uSV8w0AzXrOwZStPhGL2QLmMALLJhLlGruhSEdRUd-ej9YImb9EcB7Sxa7gZM4TttscUWTI37jWjJGvmL2IS8gO-V08sDqRJs9nd7v3NYjwkYwI6upPO198_TvDODjEOoXzdbqNzdg8HK9PRg4R6BQ2SYtQVjaKuTmTVPKtHbYjFDSwqH4QCNwKB-RWl8y_n0aagYHyQLs7HxDh_OYa_ragWKwpVX12uIkZZOlOYoo9z-B3yg2Qc6H93HIyyNLvYYyWvzsXlWbxsigQspOpB-JsijqIMX2LpkicZ9Qt3hdqEH3TgECAwEAAaOCBAswggQHMCcGCSsGAQQBgjcVCgQaMBgwCgYIKwYBBQUHAwEwCgYIKwYBBQUHAwIwPQYJKwYBBAGCNxUHBDAwLgYmKwYBBAGCNxUIhpDjDYTVtHiE8Ys-hZvdFs6dEoFggvX2K4Py0SACAWQCAQowggHaBggrBgEFBQcBAQSCAcwwggHIMGYGCCsGAQUFBzAChlpodHRwOi8vY3JsLm1pY3Jvc29mdC5jb20vcGtpaW5mcmEvQ2VydHMvQkwyUEtJSU5UQ0EwMS5BTUUuR0JMX0FNRSUyMEluZnJhJTIwQ0ElMjAwMig0KS5jcnQwVgYIKwYBBQUHMAKGSmh0dHA6Ly9jcmwxLmFtZS5nYmwvYWlhL0JMMlBLSUlOVENBMDEuQU1FLkdCTF9BTUUlMjBJbmZyYSUyMENBJTIwMDIoNCkuY3J0MFYGCCsGAQUFBzAChkpodHRwOi8vY3JsMi5hbWUuZ2JsL2FpYS9CTDJQS0lJTlRDQTAxLkFNRS5HQkxfQU1FJTIwSW5mcmElMjBDQSUyMDAyKDQpLmNydDBWBggrBgEFBQcwAoZKaHR0cDovL2NybDMuYW1lLmdibC9haWEvQkwyUEtJSU5UQ0EwMS5BTUUuR0JMX0FNRSUyMEluZnJhJTIwQ0ElMjAwMig0KS5jcnQwVgYIKwYBBQUHMAKGSmh0dHA6Ly9jcmw0LmFtZS5nYmwvYWlhL0JMMlBLSUlOVENBMDEuQU1FLkdCTF9BTUUlMjBJbmZyYSUyMENBJTIwMDIoNCkuY3J0MB0GA1UdDgQWBBSotg9l-TRXg2Od_Oq4_NlEL1rRszAOBgNVHQ8BAf8EBAMCBaAwggE1BgNVHR8EggEsMIIBKDCCASSgggEgoIIBHIZCaHR0cDovL2NybC5taWNyb3NvZnQuY29tL3BraWluZnJhL0NSTC9BTUUlMjBJbmZyYSUyMENBJTIwMDIoNCkuY3JshjRodHRwOi8vY3JsMS5hbWUuZ2JsL2NybC9BTUUlMjBJbmZyYSUyMENBJTIwMDIoNCkuY3JshjRodHRwOi8vY3JsMi5hbWUuZ2JsL2NybC9BTUUlMjBJbmZyYSUyMENBJTIwMDIoNCkuY3JshjRodHRwOi8vY3JsMy5hbWUuZ2JsL2NybC9BTUUlMjBJbmZyYSUyMENBJTIwMDIoNCkuY3JshjRodHRwOi8vY3JsNC5hbWUuZ2JsL2NybC9BTUUlMjBJbmZyYSUyMENBJTIwMDIoNCkuY3JsMBcGA1UdIAQQMA4wDAYKKwYBBAGCN3sBATAfBgNVHSMEGDAWgBSuecJrXSWIEwb2BwnDl3x7l48dVTAdBgNVHSUEFjAUBggrBgEFBQcDAQYIKwYBBQUHAwIwDQYJKoZIhvcNAQELBQADggEBAHXBDjxwU1_SCJTLnITpRn3jC6-hLvpBjlvAcTcon2IrYP1NmLYetTIHeRJIXmkXroCJpCUa740vZLaRyyZKweV_Xav9ODpmbAEriFc24VQpI0eCg5lZxjnpY3SF7pjsQN5R5iXCcf8uPGz-ehUdVqLsTHThEqxqeDjneKzUFHd67creOfJih1BzFDUzzkYs2_ffNVEd_BsQb1RKlb8H3uxdoUizcXw92vz3Ymkntcb6GBTSAp9uTnZyiJaZOtJ4w77PIJqK4IKM2vDqYN6xRIoo9iANNAPHuL8yUSgxYh2LMXQ9b1zW5XrNJ2Q1ajEsRu-zctoZJAYDXhLXDz04rSo&s=aqHeA29ZivOH_Ita8lgOfTpgt-DJnXrpFdZf8RL_fPfHLf2xeUsslSGiU-lusjZlUDVfygH3T4eMNEShaZsclwOgsoRWTYeZc_dlP25YqaFXm3Llgm-MY8z2iBHC9Gbeer378O2VOUHt-YQhRLUL5spMwpRd4Mr4eAylw2Z8HQD3vVyL6QwdDUHBQKFcBdfUxz7t2x4i9IbIIfKuoxxLuRNBXhjZdSUjk6OD3NVveyr8yx87Tl4dE-YBXWO_euDsDgRaxem_HSpKG0XddUGJKKhLxygBncW50ZiiIbUI3HqkFo0DnOQ4h-JlySTUJFzNi3m2Bmi8WfVP5XaJv50PVg&h=6u--jNJxGHu2ZpMcTb6kITy6pp_sndizHwhyIyfTH5E",
      "EncodedRequestUri": "L3Byb3ZpZGVycy9NaWNyb3NvZnQuUmVzb3VyY2VzL2xvY2F0aW9ucy93ZXN0dXMyL2RlcGxveW1lbnRTdGFja09wZXJhdGlvblN0YXR1cy9kNWY3ZDJiYi0xZmUxLTQxNDYtYWQxNy0yNjFiZTQ1NDYzNDM/dW5tYW5hZ2VBY3Rpb24uUmVzb3VyY2VzPWRlbGV0ZSZ1bm1hbmFnZUFjdGlvbi5SZXNvdXJjZUdyb3Vwcz1kZWxldGUmYXBpLXZlcnNpb249MjAyMi0wOC0wMS1wcmV2aWV3JnQ9NjM4MzMyNjI1ODY1MzQzNTU0JmM9TUlJSEhqQ0NCZ2FnQXdJQkFnSVRmd0hRd0ZLc01fU2FaM29ZUXdBRUFkREFVakFOQmdrcWhraUc5dzBCQVFzRkFEQkVNUk13RVFZS0NaSW1pWlB5TEdRQkdSWURSMEpNTVJNd0VRWUtDWkltaVpQeUxHUUJHUllEUVUxRk1SZ3dGZ1lEVlFRREV3OUJUVVVnU1c1bWNtRWdRMEVnTURJd0hoY05Nak13T0RBek1Ea3dNekV4V2hjTk1qUXdOekk0TURrd016RXhXakJBTVQ0d1BBWURWUVFERXpWaGMzbHVZMjl3WlhKaGRHbHZibk5wWjI1cGJtZGpaWEowYVdacFkyRjBaUzV0WVc1aFoyVnRaVzUwTG1GNmRYSmxMbU52YlRDQ0FTSXdEUVlKS29aSWh2Y05BUUVCQlFBRGdnRVBBRENDQVFvQ2dnRUJBSlFiQ2g2YkkxZnkzM2loYnVobllBaS10Sy13WTR5cDhDVVhrX3VTVjh3MEF6WHJPd1pTdFBoR0wyUUxtTUFMTEpoTGxHcnVoU0VkUlVkLWVqOVlJbWI5RWNCN1N4YTdnWk00VHR0c2NVV1RJMzdqV2pKR3ZtTDJJUzhnTy1WMDhzRHFSSnM5bmQ3djNOWWp3a1l3STZ1cFBPMTk4X1R2RE9EakVPb1h6ZGJxTnpkZzhISzlQUmc0UjZCUTJTWXRRVmphS3VUbVRWUEt0SGJZakZEU3dxSDRRQ053S0ItUldsOHlfbjBhYWdZSHlRTHM3SHhEaF9PWWFfcmFnV0t3cFZYMTJ1SWtaWk9sT1lvbzl6LUIzeWcyUWM2SDkzSEl5eU5MdllZeVd2enNYbFdieHNpZ1FzcE9wQi1Kc2lqcUlNWDJMcGtpY1o5UXQzaGRxRUgzVGdFQ0F3RUFBYU9DQkFzd2dnUUhNQ2NHQ1NzR0FRUUJnamNWQ2dRYU1CZ3dDZ1lJS3dZQkJRVUhBd0V3Q2dZSUt3WUJCUVVIQXdJd1BRWUpLd1lCQkFHQ054VUhCREF3TGdZbUt3WUJCQUdDTnhVSWhwRGpEWVRWdEhpRThZcy1oWnZkRnM2ZEVvRmdndlgySzRQeTBTQUNBV1FDQVFvd2dnSGFCZ2dyQmdFRkJRY0JBUVNDQWN3d2dnSElNR1lHQ0NzR0FRVUZCekFDaGxwb2RIUndPaTh2WTNKc0xtMXBZM0p2YzI5bWRDNWpiMjB2Y0d0cGFXNW1jbUV2UTJWeWRITXZRa3d5VUV0SlNVNVVRMEV3TVM1QlRVVXVSMEpNWDBGTlJTVXlNRWx1Wm5KaEpUSXdRMEVsTWpBd01pZzBLUzVqY25Rd1ZnWUlLd1lCQlFVSE1BS0dTbWgwZEhBNkx5OWpjbXd4TG1GdFpTNW5ZbXd2WVdsaEwwSk1NbEJMU1VsT1ZFTkJNREV1UVUxRkxrZENURjlCVFVVbE1qQkpibVp5WVNVeU1FTkJKVEl3TURJb05Da3VZM0owTUZZR0NDc0dBUVVGQnpBQ2hrcG9kSFJ3T2k4dlkzSnNNaTVoYldVdVoySnNMMkZwWVM5Q1RESlFTMGxKVGxSRFFUQXhMa0ZOUlM1SFFreGZRVTFGSlRJd1NXNW1jbUVsTWpCRFFTVXlNREF5S0RRcExtTnlkREJXQmdnckJnRUZCUWN3QW9aS2FIUjBjRG92TDJOeWJETXVZVzFsTG1kaWJDOWhhV0V2UWt3eVVFdEpTVTVVUTBFd01TNUJUVVV1UjBKTVgwRk5SU1V5TUVsdVpuSmhKVEl3UTBFbE1qQXdNaWcwS1M1amNuUXdWZ1lJS3dZQkJRVUhNQUtHU21oMGRIQTZMeTlqY213MExtRnRaUzVuWW13dllXbGhMMEpNTWxCTFNVbE9WRU5CTURFdVFVMUZMa2RDVEY5QlRVVWxNakJKYm1aeVlTVXlNRU5CSlRJd01ESW9OQ2t1WTNKME1CMEdBMVVkRGdRV0JCU290ZzlsLVRSWGcyT2RfT3E0X05sRUwxclJzekFPQmdOVkhROEJBZjhFQkFNQ0JhQXdnZ0UxQmdOVkhSOEVnZ0VzTUlJQktEQ0NBU1NnZ2dFZ29JSUJISVpDYUhSMGNEb3ZMMk55YkM1dGFXTnliM052Wm5RdVkyOXRMM0JyYVdsdVpuSmhMME5TVEM5QlRVVWxNakJKYm1aeVlTVXlNRU5CSlRJd01ESW9OQ2t1WTNKc2hqUm9kSFJ3T2k4dlkzSnNNUzVoYldVdVoySnNMMk55YkM5QlRVVWxNakJKYm1aeVlTVXlNRU5CSlRJd01ESW9OQ2t1WTNKc2hqUm9kSFJ3T2k4dlkzSnNNaTVoYldVdVoySnNMMk55YkM5QlRVVWxNakJKYm1aeVlTVXlNRU5CSlRJd01ESW9OQ2t1WTNKc2hqUm9kSFJ3T2k4dlkzSnNNeTVoYldVdVoySnNMMk55YkM5QlRVVWxNakJKYm1aeVlTVXlNRU5CSlRJd01ESW9OQ2t1WTNKc2hqUm9kSFJ3T2k4dlkzSnNOQzVoYldVdVoySnNMMk55YkM5QlRVVWxNakJKYm1aeVlTVXlNRU5CSlRJd01ESW9OQ2t1WTNKc01CY0dBMVVkSUFRUU1BNHdEQVlLS3dZQkJBR0NOM3NCQVRBZkJnTlZIU01FR0RBV2dCU3VlY0pyWFNXSUV3YjJCd25EbDN4N2w0OGRWVEFkQmdOVkhTVUVGakFVQmdnckJnRUZCUWNEQVFZSUt3WUJCUVVIQXdJd0RRWUpLb1pJaHZjTkFRRUxCUUFEZ2dFQkFIWEJEanh3VTFfU0NKVExuSVRwUm4zakM2LWhMdnBCamx2QWNUY29uMklyWVAxTm1MWWV0VElIZVJKSVhta1hyb0NKcENVYTc0MHZaTGFSeXlaS3dlVl9YYXY5T0RwbWJBRXJpRmMyNFZRcEkwZUNnNWxaeGpucFkzU0Y3cGpzUU41UjVpWENjZjh1UEd6LWVoVWRWcUxzVEhUaEVxeHFlRGpuZUt6VUZIZDY3Y3JlT2ZKaWgxQnpGRFV6emtZczJfZmZOVkVkX0JzUWIxUktsYjhIM3V4ZG9VaXpjWHc5MnZ6M1lta250Y2I2R0JUU0FwOXVUblp5aUphWk90SjR3NzdQSUpxSzRJS00ydkRxWU42eFJJb285aUFOTkFQSHVMOHlVU2d4WWgyTE1YUTliMXpXNVhyTkoyUTFhakVzUnUtemN0b1pKQVlEWGhMWER6MDRyU28mcz1hcUhlQTI5Wml2T0hfSXRhOGxnT2ZUcGd0LURKblhycEZkWmY4UkxfZlBmSExmMnhlVXNzbFNHaVUtbHVzalpsVURWZnlnSDNUNGVNTkVTaGFac2Nsd09nc29SV1RZZVpjX2RsUDI1WXFhRlhtM0xsZ20tTVk4ejJpQkhDOUdiZWVyMzc4TzJWT1VIdC1ZUWhSTFVMNXNwTXdwUmQ0TXI0ZUF5bHcyWjhIUUQzdlZ5TDZRd2REVUhCUUtGY0JkZlV4ejd0Mng0aTlJYklJZkt1b3h4THVSTkJYaGpaZFNVams2T0QzTlZ2ZXlyOHl4ODdUbDRkRS1ZQlhXT19ldURzRGdSYXhlbV9IU3BLRzBYZGRVR0pLS2hMeHlnQm5jVzUwWmlpSWJVSTNIcWtGbzBEbk9RNGgtSmx5U1RVSkZ6TmkzbTJCbWk4V2ZWUDVYYUp2NTBQVmcmaD02dS0tak5KeEdIdTJacE1jVGI2a0lUeTZwcF9zbmRpekh3aHlJeWZUSDVF",
      "RequestMethod": "GET",
      "RequestHeaders": {
        "x-ms-client-request-id": [
          "b3aa5a43-73fb-46a1-bdf0-27702a855244"
        ],
        "User-Agent": [
          "FxVersion/6.0.2323.48002",
          "OSName/Windows",
          "OSVersion/Microsoft.Windows.10.0.22621",
          "Microsoft.Azure.Management.Resources.DeploymentStacksClient/6.9.1"
        ]
      },
      "RequestBody": "",
      "ResponseHeaders": {
        "Cache-Control": [
          "no-cache"
        ],
        "Pragma": [
          "no-cache"
        ],
        "x-ms-request-id": [
          "40c3b964-8f18-4ba9-b766-ffa45b9fb49f"
        ],
        "Server": [
          "Microsoft-HTTPAPI/2.0"
        ],
        "x-ms-ratelimit-remaining-tenant-reads": [
          "11998"
        ],
        "x-ms-correlation-request-id": [
          "fe1e56ca-12ce-4606-beba-23c5c32bb8da"
        ],
        "x-ms-routing-request-id": [
          "WESTUS:20231018T215020Z:fe1e56ca-12ce-4606-beba-23c5c32bb8da"
        ],
        "Strict-Transport-Security": [
          "max-age=31536000; includeSubDomains"
        ],
        "X-Content-Type-Options": [
          "nosniff"
        ],
        "Date": [
          "Wed, 18 Oct 2023 21:50:20 GMT"
        ],
        "Content-Length": [
          "208"
        ],
        "Content-Type": [
          "application/json; charset=utf-8"
        ],
        "Expires": [
          "-1"
        ],
        "Retry-After": [
          "0"
        ]
      },
      "ResponseBody": "{\r\n  \"id\": \"/providers/Microsoft.Resources/locations/westus2/deploymentStackOperationStatus/d5f7d2bb-1fe1-4146-ad17-261be4546343\",\r\n  \"name\": \"d5f7d2bb-1fe1-4146-ad17-261be4546343\",\r\n  \"status\": \"deleting\"\r\n}",
      "StatusCode": 200
    },
    {
      "RequestUri": "/providers/Microsoft.Resources/locations/westus2/deploymentStackOperationStatus/d5f7d2bb-1fe1-4146-ad17-261be4546343?unmanageAction.Resources=delete&unmanageAction.ResourceGroups=delete&api-version=2022-08-01-preview&t=638332625865343554&c=MIIHHjCCBgagAwIBAgITfwHQwFKsM_SaZ3oYQwAEAdDAUjANBgkqhkiG9w0BAQsFADBEMRMwEQYKCZImiZPyLGQBGRYDR0JMMRMwEQYKCZImiZPyLGQBGRYDQU1FMRgwFgYDVQQDEw9BTUUgSW5mcmEgQ0EgMDIwHhcNMjMwODAzMDkwMzExWhcNMjQwNzI4MDkwMzExWjBAMT4wPAYDVQQDEzVhc3luY29wZXJhdGlvbnNpZ25pbmdjZXJ0aWZpY2F0ZS5tYW5hZ2VtZW50LmF6dXJlLmNvbTCCASIwDQYJKoZIhvcNAQEBBQADggEPADCCAQoCggEBAJQbCh6bI1fy33ihbuhnYAi-tK-wY4yp8CUXk_uSV8w0AzXrOwZStPhGL2QLmMALLJhLlGruhSEdRUd-ej9YImb9EcB7Sxa7gZM4TttscUWTI37jWjJGvmL2IS8gO-V08sDqRJs9nd7v3NYjwkYwI6upPO198_TvDODjEOoXzdbqNzdg8HK9PRg4R6BQ2SYtQVjaKuTmTVPKtHbYjFDSwqH4QCNwKB-RWl8y_n0aagYHyQLs7HxDh_OYa_ragWKwpVX12uIkZZOlOYoo9z-B3yg2Qc6H93HIyyNLvYYyWvzsXlWbxsigQspOpB-JsijqIMX2LpkicZ9Qt3hdqEH3TgECAwEAAaOCBAswggQHMCcGCSsGAQQBgjcVCgQaMBgwCgYIKwYBBQUHAwEwCgYIKwYBBQUHAwIwPQYJKwYBBAGCNxUHBDAwLgYmKwYBBAGCNxUIhpDjDYTVtHiE8Ys-hZvdFs6dEoFggvX2K4Py0SACAWQCAQowggHaBggrBgEFBQcBAQSCAcwwggHIMGYGCCsGAQUFBzAChlpodHRwOi8vY3JsLm1pY3Jvc29mdC5jb20vcGtpaW5mcmEvQ2VydHMvQkwyUEtJSU5UQ0EwMS5BTUUuR0JMX0FNRSUyMEluZnJhJTIwQ0ElMjAwMig0KS5jcnQwVgYIKwYBBQUHMAKGSmh0dHA6Ly9jcmwxLmFtZS5nYmwvYWlhL0JMMlBLSUlOVENBMDEuQU1FLkdCTF9BTUUlMjBJbmZyYSUyMENBJTIwMDIoNCkuY3J0MFYGCCsGAQUFBzAChkpodHRwOi8vY3JsMi5hbWUuZ2JsL2FpYS9CTDJQS0lJTlRDQTAxLkFNRS5HQkxfQU1FJTIwSW5mcmElMjBDQSUyMDAyKDQpLmNydDBWBggrBgEFBQcwAoZKaHR0cDovL2NybDMuYW1lLmdibC9haWEvQkwyUEtJSU5UQ0EwMS5BTUUuR0JMX0FNRSUyMEluZnJhJTIwQ0ElMjAwMig0KS5jcnQwVgYIKwYBBQUHMAKGSmh0dHA6Ly9jcmw0LmFtZS5nYmwvYWlhL0JMMlBLSUlOVENBMDEuQU1FLkdCTF9BTUUlMjBJbmZyYSUyMENBJTIwMDIoNCkuY3J0MB0GA1UdDgQWBBSotg9l-TRXg2Od_Oq4_NlEL1rRszAOBgNVHQ8BAf8EBAMCBaAwggE1BgNVHR8EggEsMIIBKDCCASSgggEgoIIBHIZCaHR0cDovL2NybC5taWNyb3NvZnQuY29tL3BraWluZnJhL0NSTC9BTUUlMjBJbmZyYSUyMENBJTIwMDIoNCkuY3JshjRodHRwOi8vY3JsMS5hbWUuZ2JsL2NybC9BTUUlMjBJbmZyYSUyMENBJTIwMDIoNCkuY3JshjRodHRwOi8vY3JsMi5hbWUuZ2JsL2NybC9BTUUlMjBJbmZyYSUyMENBJTIwMDIoNCkuY3JshjRodHRwOi8vY3JsMy5hbWUuZ2JsL2NybC9BTUUlMjBJbmZyYSUyMENBJTIwMDIoNCkuY3JshjRodHRwOi8vY3JsNC5hbWUuZ2JsL2NybC9BTUUlMjBJbmZyYSUyMENBJTIwMDIoNCkuY3JsMBcGA1UdIAQQMA4wDAYKKwYBBAGCN3sBATAfBgNVHSMEGDAWgBSuecJrXSWIEwb2BwnDl3x7l48dVTAdBgNVHSUEFjAUBggrBgEFBQcDAQYIKwYBBQUHAwIwDQYJKoZIhvcNAQELBQADggEBAHXBDjxwU1_SCJTLnITpRn3jC6-hLvpBjlvAcTcon2IrYP1NmLYetTIHeRJIXmkXroCJpCUa740vZLaRyyZKweV_Xav9ODpmbAEriFc24VQpI0eCg5lZxjnpY3SF7pjsQN5R5iXCcf8uPGz-ehUdVqLsTHThEqxqeDjneKzUFHd67creOfJih1BzFDUzzkYs2_ffNVEd_BsQb1RKlb8H3uxdoUizcXw92vz3Ymkntcb6GBTSAp9uTnZyiJaZOtJ4w77PIJqK4IKM2vDqYN6xRIoo9iANNAPHuL8yUSgxYh2LMXQ9b1zW5XrNJ2Q1ajEsRu-zctoZJAYDXhLXDz04rSo&s=aqHeA29ZivOH_Ita8lgOfTpgt-DJnXrpFdZf8RL_fPfHLf2xeUsslSGiU-lusjZlUDVfygH3T4eMNEShaZsclwOgsoRWTYeZc_dlP25YqaFXm3Llgm-MY8z2iBHC9Gbeer378O2VOUHt-YQhRLUL5spMwpRd4Mr4eAylw2Z8HQD3vVyL6QwdDUHBQKFcBdfUxz7t2x4i9IbIIfKuoxxLuRNBXhjZdSUjk6OD3NVveyr8yx87Tl4dE-YBXWO_euDsDgRaxem_HSpKG0XddUGJKKhLxygBncW50ZiiIbUI3HqkFo0DnOQ4h-JlySTUJFzNi3m2Bmi8WfVP5XaJv50PVg&h=6u--jNJxGHu2ZpMcTb6kITy6pp_sndizHwhyIyfTH5E",
      "EncodedRequestUri": "L3Byb3ZpZGVycy9NaWNyb3NvZnQuUmVzb3VyY2VzL2xvY2F0aW9ucy93ZXN0dXMyL2RlcGxveW1lbnRTdGFja09wZXJhdGlvblN0YXR1cy9kNWY3ZDJiYi0xZmUxLTQxNDYtYWQxNy0yNjFiZTQ1NDYzNDM/dW5tYW5hZ2VBY3Rpb24uUmVzb3VyY2VzPWRlbGV0ZSZ1bm1hbmFnZUFjdGlvbi5SZXNvdXJjZUdyb3Vwcz1kZWxldGUmYXBpLXZlcnNpb249MjAyMi0wOC0wMS1wcmV2aWV3JnQ9NjM4MzMyNjI1ODY1MzQzNTU0JmM9TUlJSEhqQ0NCZ2FnQXdJQkFnSVRmd0hRd0ZLc01fU2FaM29ZUXdBRUFkREFVakFOQmdrcWhraUc5dzBCQVFzRkFEQkVNUk13RVFZS0NaSW1pWlB5TEdRQkdSWURSMEpNTVJNd0VRWUtDWkltaVpQeUxHUUJHUllEUVUxRk1SZ3dGZ1lEVlFRREV3OUJUVVVnU1c1bWNtRWdRMEVnTURJd0hoY05Nak13T0RBek1Ea3dNekV4V2hjTk1qUXdOekk0TURrd016RXhXakJBTVQ0d1BBWURWUVFERXpWaGMzbHVZMjl3WlhKaGRHbHZibk5wWjI1cGJtZGpaWEowYVdacFkyRjBaUzV0WVc1aFoyVnRaVzUwTG1GNmRYSmxMbU52YlRDQ0FTSXdEUVlKS29aSWh2Y05BUUVCQlFBRGdnRVBBRENDQVFvQ2dnRUJBSlFiQ2g2YkkxZnkzM2loYnVobllBaS10Sy13WTR5cDhDVVhrX3VTVjh3MEF6WHJPd1pTdFBoR0wyUUxtTUFMTEpoTGxHcnVoU0VkUlVkLWVqOVlJbWI5RWNCN1N4YTdnWk00VHR0c2NVV1RJMzdqV2pKR3ZtTDJJUzhnTy1WMDhzRHFSSnM5bmQ3djNOWWp3a1l3STZ1cFBPMTk4X1R2RE9EakVPb1h6ZGJxTnpkZzhISzlQUmc0UjZCUTJTWXRRVmphS3VUbVRWUEt0SGJZakZEU3dxSDRRQ053S0ItUldsOHlfbjBhYWdZSHlRTHM3SHhEaF9PWWFfcmFnV0t3cFZYMTJ1SWtaWk9sT1lvbzl6LUIzeWcyUWM2SDkzSEl5eU5MdllZeVd2enNYbFdieHNpZ1FzcE9wQi1Kc2lqcUlNWDJMcGtpY1o5UXQzaGRxRUgzVGdFQ0F3RUFBYU9DQkFzd2dnUUhNQ2NHQ1NzR0FRUUJnamNWQ2dRYU1CZ3dDZ1lJS3dZQkJRVUhBd0V3Q2dZSUt3WUJCUVVIQXdJd1BRWUpLd1lCQkFHQ054VUhCREF3TGdZbUt3WUJCQUdDTnhVSWhwRGpEWVRWdEhpRThZcy1oWnZkRnM2ZEVvRmdndlgySzRQeTBTQUNBV1FDQVFvd2dnSGFCZ2dyQmdFRkJRY0JBUVNDQWN3d2dnSElNR1lHQ0NzR0FRVUZCekFDaGxwb2RIUndPaTh2WTNKc0xtMXBZM0p2YzI5bWRDNWpiMjB2Y0d0cGFXNW1jbUV2UTJWeWRITXZRa3d5VUV0SlNVNVVRMEV3TVM1QlRVVXVSMEpNWDBGTlJTVXlNRWx1Wm5KaEpUSXdRMEVsTWpBd01pZzBLUzVqY25Rd1ZnWUlLd1lCQlFVSE1BS0dTbWgwZEhBNkx5OWpjbXd4TG1GdFpTNW5ZbXd2WVdsaEwwSk1NbEJMU1VsT1ZFTkJNREV1UVUxRkxrZENURjlCVFVVbE1qQkpibVp5WVNVeU1FTkJKVEl3TURJb05Da3VZM0owTUZZR0NDc0dBUVVGQnpBQ2hrcG9kSFJ3T2k4dlkzSnNNaTVoYldVdVoySnNMMkZwWVM5Q1RESlFTMGxKVGxSRFFUQXhMa0ZOUlM1SFFreGZRVTFGSlRJd1NXNW1jbUVsTWpCRFFTVXlNREF5S0RRcExtTnlkREJXQmdnckJnRUZCUWN3QW9aS2FIUjBjRG92TDJOeWJETXVZVzFsTG1kaWJDOWhhV0V2UWt3eVVFdEpTVTVVUTBFd01TNUJUVVV1UjBKTVgwRk5SU1V5TUVsdVpuSmhKVEl3UTBFbE1qQXdNaWcwS1M1amNuUXdWZ1lJS3dZQkJRVUhNQUtHU21oMGRIQTZMeTlqY213MExtRnRaUzVuWW13dllXbGhMMEpNTWxCTFNVbE9WRU5CTURFdVFVMUZMa2RDVEY5QlRVVWxNakJKYm1aeVlTVXlNRU5CSlRJd01ESW9OQ2t1WTNKME1CMEdBMVVkRGdRV0JCU290ZzlsLVRSWGcyT2RfT3E0X05sRUwxclJzekFPQmdOVkhROEJBZjhFQkFNQ0JhQXdnZ0UxQmdOVkhSOEVnZ0VzTUlJQktEQ0NBU1NnZ2dFZ29JSUJISVpDYUhSMGNEb3ZMMk55YkM1dGFXTnliM052Wm5RdVkyOXRMM0JyYVdsdVpuSmhMME5TVEM5QlRVVWxNakJKYm1aeVlTVXlNRU5CSlRJd01ESW9OQ2t1WTNKc2hqUm9kSFJ3T2k4dlkzSnNNUzVoYldVdVoySnNMMk55YkM5QlRVVWxNakJKYm1aeVlTVXlNRU5CSlRJd01ESW9OQ2t1WTNKc2hqUm9kSFJ3T2k4dlkzSnNNaTVoYldVdVoySnNMMk55YkM5QlRVVWxNakJKYm1aeVlTVXlNRU5CSlRJd01ESW9OQ2t1WTNKc2hqUm9kSFJ3T2k4dlkzSnNNeTVoYldVdVoySnNMMk55YkM5QlRVVWxNakJKYm1aeVlTVXlNRU5CSlRJd01ESW9OQ2t1WTNKc2hqUm9kSFJ3T2k4dlkzSnNOQzVoYldVdVoySnNMMk55YkM5QlRVVWxNakJKYm1aeVlTVXlNRU5CSlRJd01ESW9OQ2t1WTNKc01CY0dBMVVkSUFRUU1BNHdEQVlLS3dZQkJBR0NOM3NCQVRBZkJnTlZIU01FR0RBV2dCU3VlY0pyWFNXSUV3YjJCd25EbDN4N2w0OGRWVEFkQmdOVkhTVUVGakFVQmdnckJnRUZCUWNEQVFZSUt3WUJCUVVIQXdJd0RRWUpLb1pJaHZjTkFRRUxCUUFEZ2dFQkFIWEJEanh3VTFfU0NKVExuSVRwUm4zakM2LWhMdnBCamx2QWNUY29uMklyWVAxTm1MWWV0VElIZVJKSVhta1hyb0NKcENVYTc0MHZaTGFSeXlaS3dlVl9YYXY5T0RwbWJBRXJpRmMyNFZRcEkwZUNnNWxaeGpucFkzU0Y3cGpzUU41UjVpWENjZjh1UEd6LWVoVWRWcUxzVEhUaEVxeHFlRGpuZUt6VUZIZDY3Y3JlT2ZKaWgxQnpGRFV6emtZczJfZmZOVkVkX0JzUWIxUktsYjhIM3V4ZG9VaXpjWHc5MnZ6M1lta250Y2I2R0JUU0FwOXVUblp5aUphWk90SjR3NzdQSUpxSzRJS00ydkRxWU42eFJJb285aUFOTkFQSHVMOHlVU2d4WWgyTE1YUTliMXpXNVhyTkoyUTFhakVzUnUtemN0b1pKQVlEWGhMWER6MDRyU28mcz1hcUhlQTI5Wml2T0hfSXRhOGxnT2ZUcGd0LURKblhycEZkWmY4UkxfZlBmSExmMnhlVXNzbFNHaVUtbHVzalpsVURWZnlnSDNUNGVNTkVTaGFac2Nsd09nc29SV1RZZVpjX2RsUDI1WXFhRlhtM0xsZ20tTVk4ejJpQkhDOUdiZWVyMzc4TzJWT1VIdC1ZUWhSTFVMNXNwTXdwUmQ0TXI0ZUF5bHcyWjhIUUQzdlZ5TDZRd2REVUhCUUtGY0JkZlV4ejd0Mng0aTlJYklJZkt1b3h4THVSTkJYaGpaZFNVams2T0QzTlZ2ZXlyOHl4ODdUbDRkRS1ZQlhXT19ldURzRGdSYXhlbV9IU3BLRzBYZGRVR0pLS2hMeHlnQm5jVzUwWmlpSWJVSTNIcWtGbzBEbk9RNGgtSmx5U1RVSkZ6TmkzbTJCbWk4V2ZWUDVYYUp2NTBQVmcmaD02dS0tak5KeEdIdTJacE1jVGI2a0lUeTZwcF9zbmRpekh3aHlJeWZUSDVF",
      "RequestMethod": "GET",
      "RequestHeaders": {
        "x-ms-client-request-id": [
          "b3aa5a43-73fb-46a1-bdf0-27702a855244"
        ],
        "User-Agent": [
          "FxVersion/6.0.2323.48002",
          "OSName/Windows",
          "OSVersion/Microsoft.Windows.10.0.22621",
          "Microsoft.Azure.Management.Resources.DeploymentStacksClient/6.9.1"
        ]
      },
      "RequestBody": "",
      "ResponseHeaders": {
        "Cache-Control": [
          "no-cache"
        ],
        "Pragma": [
          "no-cache"
        ],
        "x-ms-request-id": [
          "895631c3-7515-41cc-84f7-9f621d6004f6"
        ],
        "Server": [
          "Microsoft-HTTPAPI/2.0"
        ],
        "x-ms-ratelimit-remaining-tenant-reads": [
          "11997"
        ],
        "x-ms-correlation-request-id": [
          "7ac51b2f-a400-4bb4-b503-a97bc33ace9f"
        ],
        "x-ms-routing-request-id": [
          "WESTUS:20231018T215037Z:7ac51b2f-a400-4bb4-b503-a97bc33ace9f"
        ],
        "Strict-Transport-Security": [
          "max-age=31536000; includeSubDomains"
        ],
        "X-Content-Type-Options": [
          "nosniff"
        ],
        "Date": [
          "Wed, 18 Oct 2023 21:50:37 GMT"
        ],
        "Content-Length": [
          "208"
        ],
        "Content-Type": [
          "application/json; charset=utf-8"
        ],
        "Expires": [
          "-1"
        ],
        "Retry-After": [
          "0"
        ]
      },
      "ResponseBody": "{\r\n  \"id\": \"/providers/Microsoft.Resources/locations/westus2/deploymentStackOperationStatus/d5f7d2bb-1fe1-4146-ad17-261be4546343\",\r\n  \"name\": \"d5f7d2bb-1fe1-4146-ad17-261be4546343\",\r\n  \"status\": \"deleting\"\r\n}",
      "StatusCode": 200
    },
    {
      "RequestUri": "/providers/Microsoft.Resources/locations/westus2/deploymentStackOperationStatus/d5f7d2bb-1fe1-4146-ad17-261be4546343?unmanageAction.Resources=delete&unmanageAction.ResourceGroups=delete&api-version=2022-08-01-preview&t=638332625865343554&c=MIIHHjCCBgagAwIBAgITfwHQwFKsM_SaZ3oYQwAEAdDAUjANBgkqhkiG9w0BAQsFADBEMRMwEQYKCZImiZPyLGQBGRYDR0JMMRMwEQYKCZImiZPyLGQBGRYDQU1FMRgwFgYDVQQDEw9BTUUgSW5mcmEgQ0EgMDIwHhcNMjMwODAzMDkwMzExWhcNMjQwNzI4MDkwMzExWjBAMT4wPAYDVQQDEzVhc3luY29wZXJhdGlvbnNpZ25pbmdjZXJ0aWZpY2F0ZS5tYW5hZ2VtZW50LmF6dXJlLmNvbTCCASIwDQYJKoZIhvcNAQEBBQADggEPADCCAQoCggEBAJQbCh6bI1fy33ihbuhnYAi-tK-wY4yp8CUXk_uSV8w0AzXrOwZStPhGL2QLmMALLJhLlGruhSEdRUd-ej9YImb9EcB7Sxa7gZM4TttscUWTI37jWjJGvmL2IS8gO-V08sDqRJs9nd7v3NYjwkYwI6upPO198_TvDODjEOoXzdbqNzdg8HK9PRg4R6BQ2SYtQVjaKuTmTVPKtHbYjFDSwqH4QCNwKB-RWl8y_n0aagYHyQLs7HxDh_OYa_ragWKwpVX12uIkZZOlOYoo9z-B3yg2Qc6H93HIyyNLvYYyWvzsXlWbxsigQspOpB-JsijqIMX2LpkicZ9Qt3hdqEH3TgECAwEAAaOCBAswggQHMCcGCSsGAQQBgjcVCgQaMBgwCgYIKwYBBQUHAwEwCgYIKwYBBQUHAwIwPQYJKwYBBAGCNxUHBDAwLgYmKwYBBAGCNxUIhpDjDYTVtHiE8Ys-hZvdFs6dEoFggvX2K4Py0SACAWQCAQowggHaBggrBgEFBQcBAQSCAcwwggHIMGYGCCsGAQUFBzAChlpodHRwOi8vY3JsLm1pY3Jvc29mdC5jb20vcGtpaW5mcmEvQ2VydHMvQkwyUEtJSU5UQ0EwMS5BTUUuR0JMX0FNRSUyMEluZnJhJTIwQ0ElMjAwMig0KS5jcnQwVgYIKwYBBQUHMAKGSmh0dHA6Ly9jcmwxLmFtZS5nYmwvYWlhL0JMMlBLSUlOVENBMDEuQU1FLkdCTF9BTUUlMjBJbmZyYSUyMENBJTIwMDIoNCkuY3J0MFYGCCsGAQUFBzAChkpodHRwOi8vY3JsMi5hbWUuZ2JsL2FpYS9CTDJQS0lJTlRDQTAxLkFNRS5HQkxfQU1FJTIwSW5mcmElMjBDQSUyMDAyKDQpLmNydDBWBggrBgEFBQcwAoZKaHR0cDovL2NybDMuYW1lLmdibC9haWEvQkwyUEtJSU5UQ0EwMS5BTUUuR0JMX0FNRSUyMEluZnJhJTIwQ0ElMjAwMig0KS5jcnQwVgYIKwYBBQUHMAKGSmh0dHA6Ly9jcmw0LmFtZS5nYmwvYWlhL0JMMlBLSUlOVENBMDEuQU1FLkdCTF9BTUUlMjBJbmZyYSUyMENBJTIwMDIoNCkuY3J0MB0GA1UdDgQWBBSotg9l-TRXg2Od_Oq4_NlEL1rRszAOBgNVHQ8BAf8EBAMCBaAwggE1BgNVHR8EggEsMIIBKDCCASSgggEgoIIBHIZCaHR0cDovL2NybC5taWNyb3NvZnQuY29tL3BraWluZnJhL0NSTC9BTUUlMjBJbmZyYSUyMENBJTIwMDIoNCkuY3JshjRodHRwOi8vY3JsMS5hbWUuZ2JsL2NybC9BTUUlMjBJbmZyYSUyMENBJTIwMDIoNCkuY3JshjRodHRwOi8vY3JsMi5hbWUuZ2JsL2NybC9BTUUlMjBJbmZyYSUyMENBJTIwMDIoNCkuY3JshjRodHRwOi8vY3JsMy5hbWUuZ2JsL2NybC9BTUUlMjBJbmZyYSUyMENBJTIwMDIoNCkuY3JshjRodHRwOi8vY3JsNC5hbWUuZ2JsL2NybC9BTUUlMjBJbmZyYSUyMENBJTIwMDIoNCkuY3JsMBcGA1UdIAQQMA4wDAYKKwYBBAGCN3sBATAfBgNVHSMEGDAWgBSuecJrXSWIEwb2BwnDl3x7l48dVTAdBgNVHSUEFjAUBggrBgEFBQcDAQYIKwYBBQUHAwIwDQYJKoZIhvcNAQELBQADggEBAHXBDjxwU1_SCJTLnITpRn3jC6-hLvpBjlvAcTcon2IrYP1NmLYetTIHeRJIXmkXroCJpCUa740vZLaRyyZKweV_Xav9ODpmbAEriFc24VQpI0eCg5lZxjnpY3SF7pjsQN5R5iXCcf8uPGz-ehUdVqLsTHThEqxqeDjneKzUFHd67creOfJih1BzFDUzzkYs2_ffNVEd_BsQb1RKlb8H3uxdoUizcXw92vz3Ymkntcb6GBTSAp9uTnZyiJaZOtJ4w77PIJqK4IKM2vDqYN6xRIoo9iANNAPHuL8yUSgxYh2LMXQ9b1zW5XrNJ2Q1ajEsRu-zctoZJAYDXhLXDz04rSo&s=aqHeA29ZivOH_Ita8lgOfTpgt-DJnXrpFdZf8RL_fPfHLf2xeUsslSGiU-lusjZlUDVfygH3T4eMNEShaZsclwOgsoRWTYeZc_dlP25YqaFXm3Llgm-MY8z2iBHC9Gbeer378O2VOUHt-YQhRLUL5spMwpRd4Mr4eAylw2Z8HQD3vVyL6QwdDUHBQKFcBdfUxz7t2x4i9IbIIfKuoxxLuRNBXhjZdSUjk6OD3NVveyr8yx87Tl4dE-YBXWO_euDsDgRaxem_HSpKG0XddUGJKKhLxygBncW50ZiiIbUI3HqkFo0DnOQ4h-JlySTUJFzNi3m2Bmi8WfVP5XaJv50PVg&h=6u--jNJxGHu2ZpMcTb6kITy6pp_sndizHwhyIyfTH5E",
      "EncodedRequestUri": "L3Byb3ZpZGVycy9NaWNyb3NvZnQuUmVzb3VyY2VzL2xvY2F0aW9ucy93ZXN0dXMyL2RlcGxveW1lbnRTdGFja09wZXJhdGlvblN0YXR1cy9kNWY3ZDJiYi0xZmUxLTQxNDYtYWQxNy0yNjFiZTQ1NDYzNDM/dW5tYW5hZ2VBY3Rpb24uUmVzb3VyY2VzPWRlbGV0ZSZ1bm1hbmFnZUFjdGlvbi5SZXNvdXJjZUdyb3Vwcz1kZWxldGUmYXBpLXZlcnNpb249MjAyMi0wOC0wMS1wcmV2aWV3JnQ9NjM4MzMyNjI1ODY1MzQzNTU0JmM9TUlJSEhqQ0NCZ2FnQXdJQkFnSVRmd0hRd0ZLc01fU2FaM29ZUXdBRUFkREFVakFOQmdrcWhraUc5dzBCQVFzRkFEQkVNUk13RVFZS0NaSW1pWlB5TEdRQkdSWURSMEpNTVJNd0VRWUtDWkltaVpQeUxHUUJHUllEUVUxRk1SZ3dGZ1lEVlFRREV3OUJUVVVnU1c1bWNtRWdRMEVnTURJd0hoY05Nak13T0RBek1Ea3dNekV4V2hjTk1qUXdOekk0TURrd016RXhXakJBTVQ0d1BBWURWUVFERXpWaGMzbHVZMjl3WlhKaGRHbHZibk5wWjI1cGJtZGpaWEowYVdacFkyRjBaUzV0WVc1aFoyVnRaVzUwTG1GNmRYSmxMbU52YlRDQ0FTSXdEUVlKS29aSWh2Y05BUUVCQlFBRGdnRVBBRENDQVFvQ2dnRUJBSlFiQ2g2YkkxZnkzM2loYnVobllBaS10Sy13WTR5cDhDVVhrX3VTVjh3MEF6WHJPd1pTdFBoR0wyUUxtTUFMTEpoTGxHcnVoU0VkUlVkLWVqOVlJbWI5RWNCN1N4YTdnWk00VHR0c2NVV1RJMzdqV2pKR3ZtTDJJUzhnTy1WMDhzRHFSSnM5bmQ3djNOWWp3a1l3STZ1cFBPMTk4X1R2RE9EakVPb1h6ZGJxTnpkZzhISzlQUmc0UjZCUTJTWXRRVmphS3VUbVRWUEt0SGJZakZEU3dxSDRRQ053S0ItUldsOHlfbjBhYWdZSHlRTHM3SHhEaF9PWWFfcmFnV0t3cFZYMTJ1SWtaWk9sT1lvbzl6LUIzeWcyUWM2SDkzSEl5eU5MdllZeVd2enNYbFdieHNpZ1FzcE9wQi1Kc2lqcUlNWDJMcGtpY1o5UXQzaGRxRUgzVGdFQ0F3RUFBYU9DQkFzd2dnUUhNQ2NHQ1NzR0FRUUJnamNWQ2dRYU1CZ3dDZ1lJS3dZQkJRVUhBd0V3Q2dZSUt3WUJCUVVIQXdJd1BRWUpLd1lCQkFHQ054VUhCREF3TGdZbUt3WUJCQUdDTnhVSWhwRGpEWVRWdEhpRThZcy1oWnZkRnM2ZEVvRmdndlgySzRQeTBTQUNBV1FDQVFvd2dnSGFCZ2dyQmdFRkJRY0JBUVNDQWN3d2dnSElNR1lHQ0NzR0FRVUZCekFDaGxwb2RIUndPaTh2WTNKc0xtMXBZM0p2YzI5bWRDNWpiMjB2Y0d0cGFXNW1jbUV2UTJWeWRITXZRa3d5VUV0SlNVNVVRMEV3TVM1QlRVVXVSMEpNWDBGTlJTVXlNRWx1Wm5KaEpUSXdRMEVsTWpBd01pZzBLUzVqY25Rd1ZnWUlLd1lCQlFVSE1BS0dTbWgwZEhBNkx5OWpjbXd4TG1GdFpTNW5ZbXd2WVdsaEwwSk1NbEJMU1VsT1ZFTkJNREV1UVUxRkxrZENURjlCVFVVbE1qQkpibVp5WVNVeU1FTkJKVEl3TURJb05Da3VZM0owTUZZR0NDc0dBUVVGQnpBQ2hrcG9kSFJ3T2k4dlkzSnNNaTVoYldVdVoySnNMMkZwWVM5Q1RESlFTMGxKVGxSRFFUQXhMa0ZOUlM1SFFreGZRVTFGSlRJd1NXNW1jbUVsTWpCRFFTVXlNREF5S0RRcExtTnlkREJXQmdnckJnRUZCUWN3QW9aS2FIUjBjRG92TDJOeWJETXVZVzFsTG1kaWJDOWhhV0V2UWt3eVVFdEpTVTVVUTBFd01TNUJUVVV1UjBKTVgwRk5SU1V5TUVsdVpuSmhKVEl3UTBFbE1qQXdNaWcwS1M1amNuUXdWZ1lJS3dZQkJRVUhNQUtHU21oMGRIQTZMeTlqY213MExtRnRaUzVuWW13dllXbGhMMEpNTWxCTFNVbE9WRU5CTURFdVFVMUZMa2RDVEY5QlRVVWxNakJKYm1aeVlTVXlNRU5CSlRJd01ESW9OQ2t1WTNKME1CMEdBMVVkRGdRV0JCU290ZzlsLVRSWGcyT2RfT3E0X05sRUwxclJzekFPQmdOVkhROEJBZjhFQkFNQ0JhQXdnZ0UxQmdOVkhSOEVnZ0VzTUlJQktEQ0NBU1NnZ2dFZ29JSUJISVpDYUhSMGNEb3ZMMk55YkM1dGFXTnliM052Wm5RdVkyOXRMM0JyYVdsdVpuSmhMME5TVEM5QlRVVWxNakJKYm1aeVlTVXlNRU5CSlRJd01ESW9OQ2t1WTNKc2hqUm9kSFJ3T2k4dlkzSnNNUzVoYldVdVoySnNMMk55YkM5QlRVVWxNakJKYm1aeVlTVXlNRU5CSlRJd01ESW9OQ2t1WTNKc2hqUm9kSFJ3T2k4dlkzSnNNaTVoYldVdVoySnNMMk55YkM5QlRVVWxNakJKYm1aeVlTVXlNRU5CSlRJd01ESW9OQ2t1WTNKc2hqUm9kSFJ3T2k4dlkzSnNNeTVoYldVdVoySnNMMk55YkM5QlRVVWxNakJKYm1aeVlTVXlNRU5CSlRJd01ESW9OQ2t1WTNKc2hqUm9kSFJ3T2k4dlkzSnNOQzVoYldVdVoySnNMMk55YkM5QlRVVWxNakJKYm1aeVlTVXlNRU5CSlRJd01ESW9OQ2t1WTNKc01CY0dBMVVkSUFRUU1BNHdEQVlLS3dZQkJBR0NOM3NCQVRBZkJnTlZIU01FR0RBV2dCU3VlY0pyWFNXSUV3YjJCd25EbDN4N2w0OGRWVEFkQmdOVkhTVUVGakFVQmdnckJnRUZCUWNEQVFZSUt3WUJCUVVIQXdJd0RRWUpLb1pJaHZjTkFRRUxCUUFEZ2dFQkFIWEJEanh3VTFfU0NKVExuSVRwUm4zakM2LWhMdnBCamx2QWNUY29uMklyWVAxTm1MWWV0VElIZVJKSVhta1hyb0NKcENVYTc0MHZaTGFSeXlaS3dlVl9YYXY5T0RwbWJBRXJpRmMyNFZRcEkwZUNnNWxaeGpucFkzU0Y3cGpzUU41UjVpWENjZjh1UEd6LWVoVWRWcUxzVEhUaEVxeHFlRGpuZUt6VUZIZDY3Y3JlT2ZKaWgxQnpGRFV6emtZczJfZmZOVkVkX0JzUWIxUktsYjhIM3V4ZG9VaXpjWHc5MnZ6M1lta250Y2I2R0JUU0FwOXVUblp5aUphWk90SjR3NzdQSUpxSzRJS00ydkRxWU42eFJJb285aUFOTkFQSHVMOHlVU2d4WWgyTE1YUTliMXpXNVhyTkoyUTFhakVzUnUtemN0b1pKQVlEWGhMWER6MDRyU28mcz1hcUhlQTI5Wml2T0hfSXRhOGxnT2ZUcGd0LURKblhycEZkWmY4UkxfZlBmSExmMnhlVXNzbFNHaVUtbHVzalpsVURWZnlnSDNUNGVNTkVTaGFac2Nsd09nc29SV1RZZVpjX2RsUDI1WXFhRlhtM0xsZ20tTVk4ejJpQkhDOUdiZWVyMzc4TzJWT1VIdC1ZUWhSTFVMNXNwTXdwUmQ0TXI0ZUF5bHcyWjhIUUQzdlZ5TDZRd2REVUhCUUtGY0JkZlV4ejd0Mng0aTlJYklJZkt1b3h4THVSTkJYaGpaZFNVams2T0QzTlZ2ZXlyOHl4ODdUbDRkRS1ZQlhXT19ldURzRGdSYXhlbV9IU3BLRzBYZGRVR0pLS2hMeHlnQm5jVzUwWmlpSWJVSTNIcWtGbzBEbk9RNGgtSmx5U1RVSkZ6TmkzbTJCbWk4V2ZWUDVYYUp2NTBQVmcmaD02dS0tak5KeEdIdTJacE1jVGI2a0lUeTZwcF9zbmRpekh3aHlJeWZUSDVF",
      "RequestMethod": "GET",
      "RequestHeaders": {
        "x-ms-client-request-id": [
          "b3aa5a43-73fb-46a1-bdf0-27702a855244"
        ],
        "User-Agent": [
          "FxVersion/6.0.2323.48002",
          "OSName/Windows",
          "OSVersion/Microsoft.Windows.10.0.22621",
          "Microsoft.Azure.Management.Resources.DeploymentStacksClient/6.9.1"
        ]
      },
      "RequestBody": "",
      "ResponseHeaders": {
        "Cache-Control": [
          "no-cache"
        ],
        "Pragma": [
          "no-cache"
        ],
        "x-ms-request-id": [
          "b122ca20-3144-4314-834f-5e1cb648296c"
        ],
        "Server": [
          "Microsoft-HTTPAPI/2.0"
        ],
        "x-ms-ratelimit-remaining-tenant-reads": [
          "11996"
        ],
        "x-ms-correlation-request-id": [
          "c98e3422-9672-469d-8eb0-f6443932ccb0"
        ],
        "x-ms-routing-request-id": [
          "WESTUS:20231018T215054Z:c98e3422-9672-469d-8eb0-f6443932ccb0"
        ],
        "Strict-Transport-Security": [
          "max-age=31536000; includeSubDomains"
        ],
        "X-Content-Type-Options": [
          "nosniff"
        ],
        "Date": [
          "Wed, 18 Oct 2023 21:50:54 GMT"
        ],
        "Content-Length": [
          "208"
        ],
        "Content-Type": [
          "application/json; charset=utf-8"
        ],
        "Expires": [
          "-1"
        ],
        "Retry-After": [
          "0"
        ]
      },
      "ResponseBody": "{\r\n  \"id\": \"/providers/Microsoft.Resources/locations/westus2/deploymentStackOperationStatus/d5f7d2bb-1fe1-4146-ad17-261be4546343\",\r\n  \"name\": \"d5f7d2bb-1fe1-4146-ad17-261be4546343\",\r\n  \"status\": \"deleting\"\r\n}",
      "StatusCode": 200
    },
    {
      "RequestUri": "/providers/Microsoft.Resources/locations/westus2/deploymentStackOperationStatus/d5f7d2bb-1fe1-4146-ad17-261be4546343?unmanageAction.Resources=delete&unmanageAction.ResourceGroups=delete&api-version=2022-08-01-preview&t=638332625865343554&c=MIIHHjCCBgagAwIBAgITfwHQwFKsM_SaZ3oYQwAEAdDAUjANBgkqhkiG9w0BAQsFADBEMRMwEQYKCZImiZPyLGQBGRYDR0JMMRMwEQYKCZImiZPyLGQBGRYDQU1FMRgwFgYDVQQDEw9BTUUgSW5mcmEgQ0EgMDIwHhcNMjMwODAzMDkwMzExWhcNMjQwNzI4MDkwMzExWjBAMT4wPAYDVQQDEzVhc3luY29wZXJhdGlvbnNpZ25pbmdjZXJ0aWZpY2F0ZS5tYW5hZ2VtZW50LmF6dXJlLmNvbTCCASIwDQYJKoZIhvcNAQEBBQADggEPADCCAQoCggEBAJQbCh6bI1fy33ihbuhnYAi-tK-wY4yp8CUXk_uSV8w0AzXrOwZStPhGL2QLmMALLJhLlGruhSEdRUd-ej9YImb9EcB7Sxa7gZM4TttscUWTI37jWjJGvmL2IS8gO-V08sDqRJs9nd7v3NYjwkYwI6upPO198_TvDODjEOoXzdbqNzdg8HK9PRg4R6BQ2SYtQVjaKuTmTVPKtHbYjFDSwqH4QCNwKB-RWl8y_n0aagYHyQLs7HxDh_OYa_ragWKwpVX12uIkZZOlOYoo9z-B3yg2Qc6H93HIyyNLvYYyWvzsXlWbxsigQspOpB-JsijqIMX2LpkicZ9Qt3hdqEH3TgECAwEAAaOCBAswggQHMCcGCSsGAQQBgjcVCgQaMBgwCgYIKwYBBQUHAwEwCgYIKwYBBQUHAwIwPQYJKwYBBAGCNxUHBDAwLgYmKwYBBAGCNxUIhpDjDYTVtHiE8Ys-hZvdFs6dEoFggvX2K4Py0SACAWQCAQowggHaBggrBgEFBQcBAQSCAcwwggHIMGYGCCsGAQUFBzAChlpodHRwOi8vY3JsLm1pY3Jvc29mdC5jb20vcGtpaW5mcmEvQ2VydHMvQkwyUEtJSU5UQ0EwMS5BTUUuR0JMX0FNRSUyMEluZnJhJTIwQ0ElMjAwMig0KS5jcnQwVgYIKwYBBQUHMAKGSmh0dHA6Ly9jcmwxLmFtZS5nYmwvYWlhL0JMMlBLSUlOVENBMDEuQU1FLkdCTF9BTUUlMjBJbmZyYSUyMENBJTIwMDIoNCkuY3J0MFYGCCsGAQUFBzAChkpodHRwOi8vY3JsMi5hbWUuZ2JsL2FpYS9CTDJQS0lJTlRDQTAxLkFNRS5HQkxfQU1FJTIwSW5mcmElMjBDQSUyMDAyKDQpLmNydDBWBggrBgEFBQcwAoZKaHR0cDovL2NybDMuYW1lLmdibC9haWEvQkwyUEtJSU5UQ0EwMS5BTUUuR0JMX0FNRSUyMEluZnJhJTIwQ0ElMjAwMig0KS5jcnQwVgYIKwYBBQUHMAKGSmh0dHA6Ly9jcmw0LmFtZS5nYmwvYWlhL0JMMlBLSUlOVENBMDEuQU1FLkdCTF9BTUUlMjBJbmZyYSUyMENBJTIwMDIoNCkuY3J0MB0GA1UdDgQWBBSotg9l-TRXg2Od_Oq4_NlEL1rRszAOBgNVHQ8BAf8EBAMCBaAwggE1BgNVHR8EggEsMIIBKDCCASSgggEgoIIBHIZCaHR0cDovL2NybC5taWNyb3NvZnQuY29tL3BraWluZnJhL0NSTC9BTUUlMjBJbmZyYSUyMENBJTIwMDIoNCkuY3JshjRodHRwOi8vY3JsMS5hbWUuZ2JsL2NybC9BTUUlMjBJbmZyYSUyMENBJTIwMDIoNCkuY3JshjRodHRwOi8vY3JsMi5hbWUuZ2JsL2NybC9BTUUlMjBJbmZyYSUyMENBJTIwMDIoNCkuY3JshjRodHRwOi8vY3JsMy5hbWUuZ2JsL2NybC9BTUUlMjBJbmZyYSUyMENBJTIwMDIoNCkuY3JshjRodHRwOi8vY3JsNC5hbWUuZ2JsL2NybC9BTUUlMjBJbmZyYSUyMENBJTIwMDIoNCkuY3JsMBcGA1UdIAQQMA4wDAYKKwYBBAGCN3sBATAfBgNVHSMEGDAWgBSuecJrXSWIEwb2BwnDl3x7l48dVTAdBgNVHSUEFjAUBggrBgEFBQcDAQYIKwYBBQUHAwIwDQYJKoZIhvcNAQELBQADggEBAHXBDjxwU1_SCJTLnITpRn3jC6-hLvpBjlvAcTcon2IrYP1NmLYetTIHeRJIXmkXroCJpCUa740vZLaRyyZKweV_Xav9ODpmbAEriFc24VQpI0eCg5lZxjnpY3SF7pjsQN5R5iXCcf8uPGz-ehUdVqLsTHThEqxqeDjneKzUFHd67creOfJih1BzFDUzzkYs2_ffNVEd_BsQb1RKlb8H3uxdoUizcXw92vz3Ymkntcb6GBTSAp9uTnZyiJaZOtJ4w77PIJqK4IKM2vDqYN6xRIoo9iANNAPHuL8yUSgxYh2LMXQ9b1zW5XrNJ2Q1ajEsRu-zctoZJAYDXhLXDz04rSo&s=aqHeA29ZivOH_Ita8lgOfTpgt-DJnXrpFdZf8RL_fPfHLf2xeUsslSGiU-lusjZlUDVfygH3T4eMNEShaZsclwOgsoRWTYeZc_dlP25YqaFXm3Llgm-MY8z2iBHC9Gbeer378O2VOUHt-YQhRLUL5spMwpRd4Mr4eAylw2Z8HQD3vVyL6QwdDUHBQKFcBdfUxz7t2x4i9IbIIfKuoxxLuRNBXhjZdSUjk6OD3NVveyr8yx87Tl4dE-YBXWO_euDsDgRaxem_HSpKG0XddUGJKKhLxygBncW50ZiiIbUI3HqkFo0DnOQ4h-JlySTUJFzNi3m2Bmi8WfVP5XaJv50PVg&h=6u--jNJxGHu2ZpMcTb6kITy6pp_sndizHwhyIyfTH5E",
      "EncodedRequestUri": "L3Byb3ZpZGVycy9NaWNyb3NvZnQuUmVzb3VyY2VzL2xvY2F0aW9ucy93ZXN0dXMyL2RlcGxveW1lbnRTdGFja09wZXJhdGlvblN0YXR1cy9kNWY3ZDJiYi0xZmUxLTQxNDYtYWQxNy0yNjFiZTQ1NDYzNDM/dW5tYW5hZ2VBY3Rpb24uUmVzb3VyY2VzPWRlbGV0ZSZ1bm1hbmFnZUFjdGlvbi5SZXNvdXJjZUdyb3Vwcz1kZWxldGUmYXBpLXZlcnNpb249MjAyMi0wOC0wMS1wcmV2aWV3JnQ9NjM4MzMyNjI1ODY1MzQzNTU0JmM9TUlJSEhqQ0NCZ2FnQXdJQkFnSVRmd0hRd0ZLc01fU2FaM29ZUXdBRUFkREFVakFOQmdrcWhraUc5dzBCQVFzRkFEQkVNUk13RVFZS0NaSW1pWlB5TEdRQkdSWURSMEpNTVJNd0VRWUtDWkltaVpQeUxHUUJHUllEUVUxRk1SZ3dGZ1lEVlFRREV3OUJUVVVnU1c1bWNtRWdRMEVnTURJd0hoY05Nak13T0RBek1Ea3dNekV4V2hjTk1qUXdOekk0TURrd016RXhXakJBTVQ0d1BBWURWUVFERXpWaGMzbHVZMjl3WlhKaGRHbHZibk5wWjI1cGJtZGpaWEowYVdacFkyRjBaUzV0WVc1aFoyVnRaVzUwTG1GNmRYSmxMbU52YlRDQ0FTSXdEUVlKS29aSWh2Y05BUUVCQlFBRGdnRVBBRENDQVFvQ2dnRUJBSlFiQ2g2YkkxZnkzM2loYnVobllBaS10Sy13WTR5cDhDVVhrX3VTVjh3MEF6WHJPd1pTdFBoR0wyUUxtTUFMTEpoTGxHcnVoU0VkUlVkLWVqOVlJbWI5RWNCN1N4YTdnWk00VHR0c2NVV1RJMzdqV2pKR3ZtTDJJUzhnTy1WMDhzRHFSSnM5bmQ3djNOWWp3a1l3STZ1cFBPMTk4X1R2RE9EakVPb1h6ZGJxTnpkZzhISzlQUmc0UjZCUTJTWXRRVmphS3VUbVRWUEt0SGJZakZEU3dxSDRRQ053S0ItUldsOHlfbjBhYWdZSHlRTHM3SHhEaF9PWWFfcmFnV0t3cFZYMTJ1SWtaWk9sT1lvbzl6LUIzeWcyUWM2SDkzSEl5eU5MdllZeVd2enNYbFdieHNpZ1FzcE9wQi1Kc2lqcUlNWDJMcGtpY1o5UXQzaGRxRUgzVGdFQ0F3RUFBYU9DQkFzd2dnUUhNQ2NHQ1NzR0FRUUJnamNWQ2dRYU1CZ3dDZ1lJS3dZQkJRVUhBd0V3Q2dZSUt3WUJCUVVIQXdJd1BRWUpLd1lCQkFHQ054VUhCREF3TGdZbUt3WUJCQUdDTnhVSWhwRGpEWVRWdEhpRThZcy1oWnZkRnM2ZEVvRmdndlgySzRQeTBTQUNBV1FDQVFvd2dnSGFCZ2dyQmdFRkJRY0JBUVNDQWN3d2dnSElNR1lHQ0NzR0FRVUZCekFDaGxwb2RIUndPaTh2WTNKc0xtMXBZM0p2YzI5bWRDNWpiMjB2Y0d0cGFXNW1jbUV2UTJWeWRITXZRa3d5VUV0SlNVNVVRMEV3TVM1QlRVVXVSMEpNWDBGTlJTVXlNRWx1Wm5KaEpUSXdRMEVsTWpBd01pZzBLUzVqY25Rd1ZnWUlLd1lCQlFVSE1BS0dTbWgwZEhBNkx5OWpjbXd4TG1GdFpTNW5ZbXd2WVdsaEwwSk1NbEJMU1VsT1ZFTkJNREV1UVUxRkxrZENURjlCVFVVbE1qQkpibVp5WVNVeU1FTkJKVEl3TURJb05Da3VZM0owTUZZR0NDc0dBUVVGQnpBQ2hrcG9kSFJ3T2k4dlkzSnNNaTVoYldVdVoySnNMMkZwWVM5Q1RESlFTMGxKVGxSRFFUQXhMa0ZOUlM1SFFreGZRVTFGSlRJd1NXNW1jbUVsTWpCRFFTVXlNREF5S0RRcExtTnlkREJXQmdnckJnRUZCUWN3QW9aS2FIUjBjRG92TDJOeWJETXVZVzFsTG1kaWJDOWhhV0V2UWt3eVVFdEpTVTVVUTBFd01TNUJUVVV1UjBKTVgwRk5SU1V5TUVsdVpuSmhKVEl3UTBFbE1qQXdNaWcwS1M1amNuUXdWZ1lJS3dZQkJRVUhNQUtHU21oMGRIQTZMeTlqY213MExtRnRaUzVuWW13dllXbGhMMEpNTWxCTFNVbE9WRU5CTURFdVFVMUZMa2RDVEY5QlRVVWxNakJKYm1aeVlTVXlNRU5CSlRJd01ESW9OQ2t1WTNKME1CMEdBMVVkRGdRV0JCU290ZzlsLVRSWGcyT2RfT3E0X05sRUwxclJzekFPQmdOVkhROEJBZjhFQkFNQ0JhQXdnZ0UxQmdOVkhSOEVnZ0VzTUlJQktEQ0NBU1NnZ2dFZ29JSUJISVpDYUhSMGNEb3ZMMk55YkM1dGFXTnliM052Wm5RdVkyOXRMM0JyYVdsdVpuSmhMME5TVEM5QlRVVWxNakJKYm1aeVlTVXlNRU5CSlRJd01ESW9OQ2t1WTNKc2hqUm9kSFJ3T2k4dlkzSnNNUzVoYldVdVoySnNMMk55YkM5QlRVVWxNakJKYm1aeVlTVXlNRU5CSlRJd01ESW9OQ2t1WTNKc2hqUm9kSFJ3T2k4dlkzSnNNaTVoYldVdVoySnNMMk55YkM5QlRVVWxNakJKYm1aeVlTVXlNRU5CSlRJd01ESW9OQ2t1WTNKc2hqUm9kSFJ3T2k4dlkzSnNNeTVoYldVdVoySnNMMk55YkM5QlRVVWxNakJKYm1aeVlTVXlNRU5CSlRJd01ESW9OQ2t1WTNKc2hqUm9kSFJ3T2k4dlkzSnNOQzVoYldVdVoySnNMMk55YkM5QlRVVWxNakJKYm1aeVlTVXlNRU5CSlRJd01ESW9OQ2t1WTNKc01CY0dBMVVkSUFRUU1BNHdEQVlLS3dZQkJBR0NOM3NCQVRBZkJnTlZIU01FR0RBV2dCU3VlY0pyWFNXSUV3YjJCd25EbDN4N2w0OGRWVEFkQmdOVkhTVUVGakFVQmdnckJnRUZCUWNEQVFZSUt3WUJCUVVIQXdJd0RRWUpLb1pJaHZjTkFRRUxCUUFEZ2dFQkFIWEJEanh3VTFfU0NKVExuSVRwUm4zakM2LWhMdnBCamx2QWNUY29uMklyWVAxTm1MWWV0VElIZVJKSVhta1hyb0NKcENVYTc0MHZaTGFSeXlaS3dlVl9YYXY5T0RwbWJBRXJpRmMyNFZRcEkwZUNnNWxaeGpucFkzU0Y3cGpzUU41UjVpWENjZjh1UEd6LWVoVWRWcUxzVEhUaEVxeHFlRGpuZUt6VUZIZDY3Y3JlT2ZKaWgxQnpGRFV6emtZczJfZmZOVkVkX0JzUWIxUktsYjhIM3V4ZG9VaXpjWHc5MnZ6M1lta250Y2I2R0JUU0FwOXVUblp5aUphWk90SjR3NzdQSUpxSzRJS00ydkRxWU42eFJJb285aUFOTkFQSHVMOHlVU2d4WWgyTE1YUTliMXpXNVhyTkoyUTFhakVzUnUtemN0b1pKQVlEWGhMWER6MDRyU28mcz1hcUhlQTI5Wml2T0hfSXRhOGxnT2ZUcGd0LURKblhycEZkWmY4UkxfZlBmSExmMnhlVXNzbFNHaVUtbHVzalpsVURWZnlnSDNUNGVNTkVTaGFac2Nsd09nc29SV1RZZVpjX2RsUDI1WXFhRlhtM0xsZ20tTVk4ejJpQkhDOUdiZWVyMzc4TzJWT1VIdC1ZUWhSTFVMNXNwTXdwUmQ0TXI0ZUF5bHcyWjhIUUQzdlZ5TDZRd2REVUhCUUtGY0JkZlV4ejd0Mng0aTlJYklJZkt1b3h4THVSTkJYaGpaZFNVams2T0QzTlZ2ZXlyOHl4ODdUbDRkRS1ZQlhXT19ldURzRGdSYXhlbV9IU3BLRzBYZGRVR0pLS2hMeHlnQm5jVzUwWmlpSWJVSTNIcWtGbzBEbk9RNGgtSmx5U1RVSkZ6TmkzbTJCbWk4V2ZWUDVYYUp2NTBQVmcmaD02dS0tak5KeEdIdTJacE1jVGI2a0lUeTZwcF9zbmRpekh3aHlJeWZUSDVF",
      "RequestMethod": "GET",
      "RequestHeaders": {
        "x-ms-client-request-id": [
          "b3aa5a43-73fb-46a1-bdf0-27702a855244"
        ],
        "User-Agent": [
          "FxVersion/6.0.2323.48002",
          "OSName/Windows",
          "OSVersion/Microsoft.Windows.10.0.22621",
          "Microsoft.Azure.Management.Resources.DeploymentStacksClient/6.9.1"
        ]
      },
      "RequestBody": "",
      "ResponseHeaders": {
        "Cache-Control": [
          "no-cache"
        ],
        "Pragma": [
          "no-cache"
        ],
        "x-ms-request-id": [
          "16aeaddf-955e-422f-8b00-aea8cdb0e88a"
        ],
        "Server": [
          "Microsoft-HTTPAPI/2.0"
        ],
        "x-ms-ratelimit-remaining-tenant-reads": [
          "11995"
        ],
        "x-ms-correlation-request-id": [
          "f2c9dba5-c6f5-4ac1-be69-abe1b4ac7ca6"
        ],
        "x-ms-routing-request-id": [
          "WESTUS:20231018T215112Z:f2c9dba5-c6f5-4ac1-be69-abe1b4ac7ca6"
        ],
        "Strict-Transport-Security": [
          "max-age=31536000; includeSubDomains"
        ],
        "X-Content-Type-Options": [
          "nosniff"
        ],
        "Date": [
          "Wed, 18 Oct 2023 21:51:11 GMT"
        ],
        "Content-Length": [
          "209"
        ],
        "Content-Type": [
          "application/json; charset=utf-8"
        ],
        "Expires": [
          "-1"
        ],
        "Retry-After": [
          "0"
        ]
      },
      "ResponseBody": "{\r\n  \"id\": \"/providers/Microsoft.Resources/locations/westus2/deploymentStackOperationStatus/d5f7d2bb-1fe1-4146-ad17-261be4546343\",\r\n  \"name\": \"d5f7d2bb-1fe1-4146-ad17-261be4546343\",\r\n  \"status\": \"succeeded\"\r\n}",
      "StatusCode": 200
    }
  ],
  "Names": {
    "Test-SetManagementGroupDeploymentStack": [
      "ps9730"
    ]
  },
  "Variables": {
    "SubscriptionId": "a1bfa635-f2bf-42f1-86b5-848c674fc321"
  }
}