{
  "Entries": [
    {
      "RequestUri": "/providers/Microsoft.Management/managementGroups/AzBlueprintAssignTest/providers/Microsoft.Resources/deploymentStacks/ps9815?api-version=2022-08-01-preview",
      "EncodedRequestUri": "L3Byb3ZpZGVycy9NaWNyb3NvZnQuTWFuYWdlbWVudC9tYW5hZ2VtZW50R3JvdXBzL0F6Qmx1ZXByaW50QXNzaWduVGVzdC9wcm92aWRlcnMvTWljcm9zb2Z0LlJlc291cmNlcy9kZXBsb3ltZW50U3RhY2tzL3BzOTgxNT9hcGktdmVyc2lvbj0yMDIyLTA4LTAxLXByZXZpZXc=",
      "RequestMethod": "GET",
      "RequestHeaders": {
        "x-ms-client-request-id": [
          "ff82df7a-bb62-4e46-9fde-55d6a2a3e5ad"
        ],
        "Accept-Language": [
          "en-US"
        ],
        "User-Agent": [
          "FxVersion/6.0.2523.51912",
          "OSName/Windows",
          "OSVersion/Microsoft.Windows.10.0.22621",
          "Microsoft.Azure.Management.Resources.DeploymentStacksClient/6.12.1"
        ]
      },
      "RequestBody": "",
      "ResponseHeaders": {
        "Cache-Control": [
          "no-cache"
        ],
        "Pragma": [
          "no-cache"
        ],
        "x-ms-failure-cause": [
          "gateway"
        ],
        "x-ms-ratelimit-remaining-tenant-reads": [
          "11998"
        ],
        "x-ms-request-id": [
          "e4b4ec20-6a26-482a-9c0d-ca0b52e24d04"
        ],
        "x-ms-correlation-request-id": [
          "e4b4ec20-6a26-482a-9c0d-ca0b52e24d04"
        ],
        "x-ms-routing-request-id": [
          "WESTUS:20231221T211730Z:e4b4ec20-6a26-482a-9c0d-ca0b52e24d04"
        ],
        "Strict-Transport-Security": [
          "max-age=31536000; includeSubDomains"
        ],
        "X-Content-Type-Options": [
          "nosniff"
        ],
        "Date": [
          "Thu, 21 Dec 2023 21:17:30 GMT"
        ],
        "Content-Type": [
          "application/json; charset=utf-8"
        ],
        "Expires": [
          "-1"
        ],
        "Content-Length": [
          "154"
        ],
        "Retry-After": [
          "0"
        ]
      },
      "ResponseBody": "{\r\n  \"error\": {\r\n    \"code\": \"ResourceNotFound\",\r\n    \"message\": \"The resource 'ps9815' was not found. For more details please go to https://aka.ms/ARMResourceNotFoundFix\"\r\n  }\r\n}",
      "StatusCode": 404
    },
    {
      "RequestUri": "/providers/Microsoft.Management/managementGroups/AzBlueprintAssignTest/providers/Microsoft.Resources/deploymentStacks/ps9815?api-version=2022-08-01-preview",
      "EncodedRequestUri": "L3Byb3ZpZGVycy9NaWNyb3NvZnQuTWFuYWdlbWVudC9tYW5hZ2VtZW50R3JvdXBzL0F6Qmx1ZXByaW50QXNzaWduVGVzdC9wcm92aWRlcnMvTWljcm9zb2Z0LlJlc291cmNlcy9kZXBsb3ltZW50U3RhY2tzL3BzOTgxNT9hcGktdmVyc2lvbj0yMDIyLTA4LTAxLXByZXZpZXc=",
      "RequestMethod": "GET",
      "RequestHeaders": {
        "x-ms-client-request-id": [
          "ff82df7a-bb62-4e46-9fde-55d6a2a3e5ad"
        ],
        "Accept-Language": [
          "en-US"
        ],
        "User-Agent": [
          "FxVersion/6.0.2523.51912",
          "OSName/Windows",
          "OSVersion/Microsoft.Windows.10.0.22621",
          "Microsoft.Azure.Management.Resources.DeploymentStacksClient/6.12.1"
        ]
      },
      "RequestBody": "",
      "ResponseHeaders": {
        "Cache-Control": [
          "no-cache"
        ],
        "Pragma": [
          "no-cache"
        ],
        "x-ms-request-id": [
          "a6ffa71d-82f9-41bd-9cf8-183ff87eed12"
        ],
        "Server": [
          "Microsoft-HTTPAPI/2.0"
        ],
        "x-ms-ratelimit-remaining-tenant-reads": [
          "11997"
        ],
        "x-ms-correlation-request-id": [
          "249a0462-efa4-4d75-a9de-84bd3da14abd"
        ],
        "x-ms-routing-request-id": [
          "WESTUS:20231221T211736Z:249a0462-efa4-4d75-a9de-84bd3da14abd"
        ],
        "Strict-Transport-Security": [
          "max-age=31536000; includeSubDomains"
        ],
        "X-Content-Type-Options": [
          "nosniff"
        ],
        "Date": [
          "Thu, 21 Dec 2023 21:17:35 GMT"
        ],
        "Content-Length": [
          "1289"
        ],
        "Content-Type": [
          "application/json; charset=utf-8"
        ],
        "Expires": [
          "-1"
        ],
        "Retry-After": [
          "0"
        ]
      },
      "ResponseBody": "{\r\n  \"location\": \"westus2\",\r\n  \"properties\": {\r\n    \"actionOnUnmanage\": {\r\n      \"resources\": \"detach\",\r\n      \"resourceGroups\": \"detach\",\r\n      \"managementGroups\": \"detach\"\r\n    },\r\n    \"deploymentId\": \"/subscriptions/a1bfa635-f2bf-42f1-86b5-848c674fc321/providers/Microsoft.Resources/deployments/ps9815-2312212154jyo\",\r\n    \"deploymentScope\": \"/subscriptions/a1bfa635-f2bf-42f1-86b5-848c674fc321\",\r\n    \"description\": \"A Stack\",\r\n    \"duration\": \"PT5.1551824S\",\r\n    \"denySettings\": {\r\n      \"mode\": \"none\",\r\n      \"applyToChildScopes\": false\r\n    },\r\n    \"outputs\": {},\r\n    \"parameters\": {},\r\n    \"resources\": [],\r\n    \"provisioningState\": \"succeeded\",\r\n    \"detachedResources\": [],\r\n    \"deletedResources\": [],\r\n    \"failedResources\": []\r\n  },\r\n  \"systemData\": {\r\n    \"createdBy\": \"546094f3-32fa-493c-824c-bd9575b0d2fe\",\r\n    \"createdByType\": \"Application\",\r\n    \"createdAt\": \"2023-12-21T21:17:30.6358762Z\",\r\n    \"lastModifiedBy\": \"546094f3-32fa-493c-824c-bd9575b0d2fe\",\r\n    \"lastModifiedByType\": \"Application\",\r\n    \"lastModifiedAt\": \"2023-12-21T21:17:30.6358762Z\"\r\n  },\r\n  \"id\": \"/providers/Microsoft.Management/managementGroups/AzBlueprintAssignTest/providers/Microsoft.Resources/deploymentStacks/ps9815\",\r\n  \"type\": \"Microsoft.Resources/deploymentStacks\",\r\n  \"name\": \"ps9815\"\r\n}",
      "StatusCode": 200
    },
    {
      "RequestUri": "/providers/Microsoft.Management/managementGroups/AzBlueprintAssignTest/providers/Microsoft.Resources/deploymentStacks/ps9815?api-version=2022-08-01-preview",
      "EncodedRequestUri": "L3Byb3ZpZGVycy9NaWNyb3NvZnQuTWFuYWdlbWVudC9tYW5hZ2VtZW50R3JvdXBzL0F6Qmx1ZXByaW50QXNzaWduVGVzdC9wcm92aWRlcnMvTWljcm9zb2Z0LlJlc291cmNlcy9kZXBsb3ltZW50U3RhY2tzL3BzOTgxNT9hcGktdmVyc2lvbj0yMDIyLTA4LTAxLXByZXZpZXc=",
      "RequestMethod": "GET",
      "RequestHeaders": {
        "x-ms-client-request-id": [
          "fcc42891-6cc8-4855-b58c-46b3966f7286"
        ],
        "Accept-Language": [
          "en-US"
        ],
        "User-Agent": [
          "FxVersion/6.0.2523.51912",
          "OSName/Windows",
          "OSVersion/Microsoft.Windows.10.0.22621",
          "Microsoft.Azure.Management.Resources.DeploymentStacksClient/6.12.1"
        ]
      },
      "RequestBody": "",
      "ResponseHeaders": {
        "Cache-Control": [
          "no-cache"
        ],
        "Pragma": [
          "no-cache"
        ],
        "x-ms-request-id": [
          "8a954b1d-6f76-4c17-b5cf-e33842e5e822"
        ],
        "Server": [
          "Microsoft-HTTPAPI/2.0"
        ],
        "x-ms-ratelimit-remaining-tenant-reads": [
          "11999"
        ],
        "x-ms-correlation-request-id": [
          "33f1e744-8b75-4a1c-aab1-4a3d5996a8d6"
        ],
        "x-ms-routing-request-id": [
          "WESTUS:20231221T211741Z:33f1e744-8b75-4a1c-aab1-4a3d5996a8d6"
        ],
        "Strict-Transport-Security": [
          "max-age=31536000; includeSubDomains"
        ],
        "X-Content-Type-Options": [
          "nosniff"
        ],
        "Date": [
          "Thu, 21 Dec 2023 21:17:40 GMT"
        ],
        "Content-Length": [
          "1289"
        ],
        "Content-Type": [
          "application/json; charset=utf-8"
        ],
        "Expires": [
          "-1"
        ],
        "Retry-After": [
          "0"
        ]
      },
      "ResponseBody": "{\r\n  \"location\": \"westus2\",\r\n  \"properties\": {\r\n    \"actionOnUnmanage\": {\r\n      \"resources\": \"detach\",\r\n      \"resourceGroups\": \"detach\",\r\n      \"managementGroups\": \"detach\"\r\n    },\r\n    \"deploymentId\": \"/subscriptions/a1bfa635-f2bf-42f1-86b5-848c674fc321/providers/Microsoft.Resources/deployments/ps9815-2312212154jyo\",\r\n    \"deploymentScope\": \"/subscriptions/a1bfa635-f2bf-42f1-86b5-848c674fc321\",\r\n    \"description\": \"A Stack\",\r\n    \"duration\": \"PT5.1551824S\",\r\n    \"denySettings\": {\r\n      \"mode\": \"none\",\r\n      \"applyToChildScopes\": false\r\n    },\r\n    \"outputs\": {},\r\n    \"parameters\": {},\r\n    \"resources\": [],\r\n    \"provisioningState\": \"succeeded\",\r\n    \"detachedResources\": [],\r\n    \"deletedResources\": [],\r\n    \"failedResources\": []\r\n  },\r\n  \"systemData\": {\r\n    \"createdBy\": \"546094f3-32fa-493c-824c-bd9575b0d2fe\",\r\n    \"createdByType\": \"Application\",\r\n    \"createdAt\": \"2023-12-21T21:17:30.6358762Z\",\r\n    \"lastModifiedBy\": \"546094f3-32fa-493c-824c-bd9575b0d2fe\",\r\n    \"lastModifiedByType\": \"Application\",\r\n    \"lastModifiedAt\": \"2023-12-21T21:17:30.6358762Z\"\r\n  },\r\n  \"id\": \"/providers/Microsoft.Management/managementGroups/AzBlueprintAssignTest/providers/Microsoft.Resources/deploymentStacks/ps9815\",\r\n  \"type\": \"Microsoft.Resources/deploymentStacks\",\r\n  \"name\": \"ps9815\"\r\n}",
      "StatusCode": 200
    },
    {
      "RequestUri": "/providers/Microsoft.Management/managementGroups/AzBlueprintAssignTest/providers/Microsoft.Resources/deploymentStacks/ps9815?api-version=2022-08-01-preview",
      "EncodedRequestUri": "L3Byb3ZpZGVycy9NaWNyb3NvZnQuTWFuYWdlbWVudC9tYW5hZ2VtZW50R3JvdXBzL0F6Qmx1ZXByaW50QXNzaWduVGVzdC9wcm92aWRlcnMvTWljcm9zb2Z0LlJlc291cmNlcy9kZXBsb3ltZW50U3RhY2tzL3BzOTgxNT9hcGktdmVyc2lvbj0yMDIyLTA4LTAxLXByZXZpZXc=",
      "RequestMethod": "GET",
      "RequestHeaders": {
        "x-ms-client-request-id": [
          "fcc42891-6cc8-4855-b58c-46b3966f7286"
        ],
        "Accept-Language": [
          "en-US"
        ],
        "User-Agent": [
          "FxVersion/6.0.2523.51912",
          "OSName/Windows",
          "OSVersion/Microsoft.Windows.10.0.22621",
          "Microsoft.Azure.Management.Resources.DeploymentStacksClient/6.12.1"
        ]
      },
      "RequestBody": "",
      "ResponseHeaders": {
        "Cache-Control": [
          "no-cache"
        ],
        "Pragma": [
          "no-cache"
        ],
        "x-ms-request-id": [
          "61e32665-0399-4ee0-bd90-89f3681b77a6"
        ],
        "Server": [
          "Microsoft-HTTPAPI/2.0"
        ],
        "x-ms-ratelimit-remaining-tenant-reads": [
          "11998"
        ],
        "x-ms-correlation-request-id": [
          "ba9ce27d-9c3f-4b70-9dd0-26e311b8d1b0"
        ],
        "x-ms-routing-request-id": [
          "WESTUS:20231221T211747Z:ba9ce27d-9c3f-4b70-9dd0-26e311b8d1b0"
        ],
        "Strict-Transport-Security": [
          "max-age=31536000; includeSubDomains"
        ],
        "X-Content-Type-Options": [
          "nosniff"
        ],
        "Date": [
          "Thu, 21 Dec 2023 21:17:46 GMT"
        ],
        "Content-Length": [
          "1564"
        ],
        "Content-Type": [
          "application/json; charset=utf-8"
        ],
        "Expires": [
          "-1"
        ],
        "Retry-After": [
          "0"
        ]
      },
      "ResponseBody": "{\r\n  \"location\": \"westus2\",\r\n  \"properties\": {\r\n    \"actionOnUnmanage\": {\r\n      \"resources\": \"detach\",\r\n      \"resourceGroups\": \"detach\",\r\n      \"managementGroups\": \"detach\"\r\n    },\r\n    \"deploymentId\": \"/subscriptions/a1bfa635-f2bf-42f1-86b5-848c674fc321/providers/Microsoft.Resources/deployments/ps9815-2312212156hk8\",\r\n    \"deploymentScope\": \"/subscriptions/a1bfa635-f2bf-42f1-86b5-848c674fc321\",\r\n    \"description\": \"A Stack\",\r\n    \"denySettings\": {\r\n      \"mode\": \"none\",\r\n      \"applyToChildScopes\": false\r\n    },\r\n    \"parameters\": {\r\n      \"moduleName\": {\r\n        \"value\": \"stacksMGtestmod\",\r\n        \"type\": \"string\"\r\n      },\r\n      \"policyDefinitionName\": {\r\n        \"value\": \"PSCmdletTestPolicy476223\",\r\n        \"type\": \"string\"\r\n      },\r\n      \"subId\": {\r\n        \"value\": \"4ce8c9fe-cadc-47d6-9c76-335812fd59df\",\r\n        \"type\": \"string\"\r\n      }\r\n    },\r\n    \"resources\": [],\r\n    \"provisioningState\": \"deploying\",\r\n    \"detachedResources\": [],\r\n    \"deletedResources\": [],\r\n    \"failedResources\": []\r\n  },\r\n  \"systemData\": {\r\n    \"createdBy\": \"546094f3-32fa-493c-824c-bd9575b0d2fe\",\r\n    \"createdByType\": \"Application\",\r\n    \"createdAt\": \"2023-12-21T21:17:30.6358762Z\",\r\n    \"lastModifiedBy\": \"546094f3-32fa-493c-824c-bd9575b0d2fe\",\r\n    \"lastModifiedByType\": \"Application\",\r\n    \"lastModifiedAt\": \"2023-12-21T21:17:41.8746616Z\"\r\n  },\r\n  \"id\": \"/providers/Microsoft.Management/managementGroups/AzBlueprintAssignTest/providers/Microsoft.Resources/deploymentStacks/ps9815\",\r\n  \"type\": \"Microsoft.Resources/deploymentStacks\",\r\n  \"name\": \"ps9815\"\r\n}",
      "StatusCode": 200
    },
    {
      "RequestUri": "/providers/Microsoft.Management/managementGroups/AzBlueprintAssignTest/providers/Microsoft.Resources/deploymentStacks/ps9815?api-version=2022-08-01-preview",
      "EncodedRequestUri": "L3Byb3ZpZGVycy9NaWNyb3NvZnQuTWFuYWdlbWVudC9tYW5hZ2VtZW50R3JvdXBzL0F6Qmx1ZXByaW50QXNzaWduVGVzdC9wcm92aWRlcnMvTWljcm9zb2Z0LlJlc291cmNlcy9kZXBsb3ltZW50U3RhY2tzL3BzOTgxNT9hcGktdmVyc2lvbj0yMDIyLTA4LTAxLXByZXZpZXc=",
      "RequestMethod": "GET",
      "RequestHeaders": {
        "x-ms-client-request-id": [
          "fcc42891-6cc8-4855-b58c-46b3966f7286"
        ],
        "Accept-Language": [
          "en-US"
        ],
        "User-Agent": [
          "FxVersion/6.0.2523.51912",
          "OSName/Windows",
          "OSVersion/Microsoft.Windows.10.0.22621",
          "Microsoft.Azure.Management.Resources.DeploymentStacksClient/6.12.1"
        ]
      },
      "RequestBody": "",
      "ResponseHeaders": {
        "Cache-Control": [
          "no-cache"
        ],
        "Pragma": [
          "no-cache"
        ],
        "x-ms-request-id": [
          "1717255a-4c48-4ba4-a352-d188c8aba96a"
        ],
        "Server": [
          "Microsoft-HTTPAPI/2.0"
        ],
        "x-ms-ratelimit-remaining-tenant-reads": [
          "11997"
        ],
        "x-ms-correlation-request-id": [
          "5f4ccf11-f912-45d0-a8f0-7b19d42306fd"
        ],
        "x-ms-routing-request-id": [
          "WESTUS:20231221T211812Z:5f4ccf11-f912-45d0-a8f0-7b19d42306fd"
        ],
        "Strict-Transport-Security": [
          "max-age=31536000; includeSubDomains"
        ],
        "X-Content-Type-Options": [
          "nosniff"
        ],
        "Date": [
          "Thu, 21 Dec 2023 21:18:12 GMT"
        ],
        "Content-Length": [
          "1829"
        ],
        "Content-Type": [
          "application/json; charset=utf-8"
        ],
        "Expires": [
          "-1"
        ],
        "Retry-After": [
          "0"
        ]
      },
      "ResponseBody": "{\r\n  \"location\": \"westus2\",\r\n  \"properties\": {\r\n    \"actionOnUnmanage\": {\r\n      \"resources\": \"detach\",\r\n      \"resourceGroups\": \"detach\",\r\n      \"managementGroups\": \"detach\"\r\n    },\r\n    \"deploymentId\": \"/subscriptions/a1bfa635-f2bf-42f1-86b5-848c674fc321/providers/Microsoft.Resources/deployments/ps9815-2312212156hk8\",\r\n    \"deploymentScope\": \"/subscriptions/a1bfa635-f2bf-42f1-86b5-848c674fc321\",\r\n    \"description\": \"A Stack\",\r\n    \"duration\": \"PT27.2298011S\",\r\n    \"denySettings\": {\r\n      \"mode\": \"none\",\r\n      \"applyToChildScopes\": false\r\n    },\r\n    \"parameters\": {\r\n      \"moduleName\": {\r\n        \"value\": \"stacksMGtestmod\",\r\n        \"type\": \"string\"\r\n      },\r\n      \"policyDefinitionName\": {\r\n        \"value\": \"PSCmdletTestPolicy476223\",\r\n        \"type\": \"string\"\r\n      },\r\n      \"subId\": {\r\n        \"value\": \"4ce8c9fe-cadc-47d6-9c76-335812fd59df\",\r\n        \"type\": \"string\"\r\n      }\r\n    },\r\n    \"resources\": [\r\n      {\r\n        \"status\": \"managed\",\r\n        \"denyStatus\": \"none\",\r\n        \"id\": \"/subscriptions/4ce8c9fe-cadc-47d6-9c76-335812fd59df/providers/Microsoft.Authorization/policyDefinitions/PSCmdletTestPolicy476223\"\r\n      }\r\n    ],\r\n    \"provisioningState\": \"succeeded\",\r\n    \"detachedResources\": [],\r\n    \"deletedResources\": [],\r\n    \"failedResources\": []\r\n  },\r\n  \"systemData\": {\r\n    \"createdBy\": \"546094f3-32fa-493c-824c-bd9575b0d2fe\",\r\n    \"createdByType\": \"Application\",\r\n    \"createdAt\": \"2023-12-21T21:17:30.6358762Z\",\r\n    \"lastModifiedBy\": \"546094f3-32fa-493c-824c-bd9575b0d2fe\",\r\n    \"lastModifiedByType\": \"Application\",\r\n    \"lastModifiedAt\": \"2023-12-21T21:17:41.8746616Z\"\r\n  },\r\n  \"id\": \"/providers/Microsoft.Management/managementGroups/AzBlueprintAssignTest/providers/Microsoft.Resources/deploymentStacks/ps9815\",\r\n  \"type\": \"Microsoft.Resources/deploymentStacks\",\r\n  \"name\": \"ps9815\"\r\n}",
      "StatusCode": 200
    },
    {
      "RequestUri": "/providers/Microsoft.Management/managementGroups/AzBlueprintAssignTest/providers/Microsoft.Resources/deploymentStacks/ps9815?api-version=2022-08-01-preview",
      "EncodedRequestUri": "L3Byb3ZpZGVycy9NaWNyb3NvZnQuTWFuYWdlbWVudC9tYW5hZ2VtZW50R3JvdXBzL0F6Qmx1ZXByaW50QXNzaWduVGVzdC9wcm92aWRlcnMvTWljcm9zb2Z0LlJlc291cmNlcy9kZXBsb3ltZW50U3RhY2tzL3BzOTgxNT9hcGktdmVyc2lvbj0yMDIyLTA4LTAxLXByZXZpZXc=",
      "RequestMethod": "GET",
      "RequestHeaders": {
        "x-ms-client-request-id": [
          "58ead8a5-f450-4728-9200-34bfae2a29e5"
        ],
        "Accept-Language": [
          "en-US"
        ],
        "User-Agent": [
          "FxVersion/6.0.2523.51912",
          "OSName/Windows",
          "OSVersion/Microsoft.Windows.10.0.22621",
          "Microsoft.Azure.Management.Resources.DeploymentStacksClient/6.12.1"
        ]
      },
      "RequestBody": "",
      "ResponseHeaders": {
        "Cache-Control": [
          "no-cache"
        ],
        "Pragma": [
          "no-cache"
        ],
        "x-ms-request-id": [
          "ddbb6e3b-ffb3-45de-87e1-106eb736b8d6"
        ],
        "Server": [
          "Microsoft-HTTPAPI/2.0"
        ],
        "x-ms-ratelimit-remaining-tenant-reads": [
          "11999"
        ],
        "x-ms-correlation-request-id": [
          "31901c84-22cb-4a56-a3bb-aa92eaea0c56"
        ],
        "x-ms-routing-request-id": [
          "WESTUS:20231221T211812Z:31901c84-22cb-4a56-a3bb-aa92eaea0c56"
        ],
        "Strict-Transport-Security": [
          "max-age=31536000; includeSubDomains"
        ],
        "X-Content-Type-Options": [
          "nosniff"
        ],
        "Date": [
          "Thu, 21 Dec 2023 21:18:12 GMT"
        ],
        "Content-Length": [
          "1829"
        ],
        "Content-Type": [
          "application/json; charset=utf-8"
        ],
        "Expires": [
          "-1"
        ],
        "Retry-After": [
          "0"
        ]
      },
      "ResponseBody": "{\r\n  \"location\": \"westus2\",\r\n  \"properties\": {\r\n    \"actionOnUnmanage\": {\r\n      \"resources\": \"detach\",\r\n      \"resourceGroups\": \"detach\",\r\n      \"managementGroups\": \"detach\"\r\n    },\r\n    \"deploymentId\": \"/subscriptions/a1bfa635-f2bf-42f1-86b5-848c674fc321/providers/Microsoft.Resources/deployments/ps9815-2312212156hk8\",\r\n    \"deploymentScope\": \"/subscriptions/a1bfa635-f2bf-42f1-86b5-848c674fc321\",\r\n    \"description\": \"A Stack\",\r\n    \"duration\": \"PT27.2298011S\",\r\n    \"denySettings\": {\r\n      \"mode\": \"none\",\r\n      \"applyToChildScopes\": false\r\n    },\r\n    \"parameters\": {\r\n      \"moduleName\": {\r\n        \"value\": \"stacksMGtestmod\",\r\n        \"type\": \"string\"\r\n      },\r\n      \"policyDefinitionName\": {\r\n        \"value\": \"PSCmdletTestPolicy476223\",\r\n        \"type\": \"string\"\r\n      },\r\n      \"subId\": {\r\n        \"value\": \"4ce8c9fe-cadc-47d6-9c76-335812fd59df\",\r\n        \"type\": \"string\"\r\n      }\r\n    },\r\n    \"resources\": [\r\n      {\r\n        \"status\": \"managed\",\r\n        \"denyStatus\": \"none\",\r\n        \"id\": \"/subscriptions/4ce8c9fe-cadc-47d6-9c76-335812fd59df/providers/Microsoft.Authorization/policyDefinitions/PSCmdletTestPolicy476223\"\r\n      }\r\n    ],\r\n    \"provisioningState\": \"succeeded\",\r\n    \"detachedResources\": [],\r\n    \"deletedResources\": [],\r\n    \"failedResources\": []\r\n  },\r\n  \"systemData\": {\r\n    \"createdBy\": \"546094f3-32fa-493c-824c-bd9575b0d2fe\",\r\n    \"createdByType\": \"Application\",\r\n    \"createdAt\": \"2023-12-21T21:17:30.6358762Z\",\r\n    \"lastModifiedBy\": \"546094f3-32fa-493c-824c-bd9575b0d2fe\",\r\n    \"lastModifiedByType\": \"Application\",\r\n    \"lastModifiedAt\": \"2023-12-21T21:17:41.8746616Z\"\r\n  },\r\n  \"id\": \"/providers/Microsoft.Management/managementGroups/AzBlueprintAssignTest/providers/Microsoft.Resources/deploymentStacks/ps9815\",\r\n  \"type\": \"Microsoft.Resources/deploymentStacks\",\r\n  \"name\": \"ps9815\"\r\n}",
      "StatusCode": 200
    },
    {
      "RequestUri": "/providers/Microsoft.Management/managementGroups/AzBlueprintAssignTest/providers/Microsoft.Resources/deploymentStacks/ps9815?api-version=2022-08-01-preview",
      "EncodedRequestUri": "L3Byb3ZpZGVycy9NaWNyb3NvZnQuTWFuYWdlbWVudC9tYW5hZ2VtZW50R3JvdXBzL0F6Qmx1ZXByaW50QXNzaWduVGVzdC9wcm92aWRlcnMvTWljcm9zb2Z0LlJlc291cmNlcy9kZXBsb3ltZW50U3RhY2tzL3BzOTgxNT9hcGktdmVyc2lvbj0yMDIyLTA4LTAxLXByZXZpZXc=",
      "RequestMethod": "GET",
      "RequestHeaders": {
        "x-ms-client-request-id": [
          "58ead8a5-f450-4728-9200-34bfae2a29e5"
        ],
        "Accept-Language": [
          "en-US"
        ],
        "User-Agent": [
          "FxVersion/6.0.2523.51912",
          "OSName/Windows",
          "OSVersion/Microsoft.Windows.10.0.22621",
          "Microsoft.Azure.Management.Resources.DeploymentStacksClient/6.12.1"
        ]
      },
      "RequestBody": "",
      "ResponseHeaders": {
        "Cache-Control": [
          "no-cache"
        ],
        "Pragma": [
          "no-cache"
        ],
        "x-ms-request-id": [
          "41eb4c74-9ffe-481e-8603-866584948ace"
        ],
        "Server": [
          "Microsoft-HTTPAPI/2.0"
        ],
        "x-ms-ratelimit-remaining-tenant-reads": [
          "11998"
        ],
        "x-ms-correlation-request-id": [
          "38a4386a-df0b-4e8a-a5d0-5131f68b6278"
        ],
        "x-ms-routing-request-id": [
          "WESTUS:20231221T211817Z:38a4386a-df0b-4e8a-a5d0-5131f68b6278"
        ],
        "Strict-Transport-Security": [
          "max-age=31536000; includeSubDomains"
        ],
        "X-Content-Type-Options": [
          "nosniff"
        ],
        "Date": [
          "Thu, 21 Dec 2023 21:18:17 GMT"
        ],
        "Content-Length": [
          "1625"
        ],
        "Content-Type": [
          "application/json; charset=utf-8"
        ],
        "Expires": [
          "-1"
        ],
        "Retry-After": [
          "0"
        ]
      },
      "ResponseBody": "{\r\n  \"location\": \"westus2\",\r\n  \"properties\": {\r\n    \"actionOnUnmanage\": {\r\n      \"resources\": \"detach\",\r\n      \"resourceGroups\": \"detach\",\r\n      \"managementGroups\": \"detach\"\r\n    },\r\n    \"deploymentId\": \"/providers/Microsoft.Management/managementGroups/AzBlueprintAssignTest/providers/Microsoft.Resources/deployments/ps9815-231221215br8e\",\r\n    \"description\": \"A Stack\",\r\n    \"duration\": \"PT4.5090761S\",\r\n    \"denySettings\": {\r\n      \"mode\": \"none\",\r\n      \"applyToChildScopes\": false\r\n    },\r\n    \"parameters\": {},\r\n    \"resources\": [\r\n      {\r\n        \"status\": \"managed\",\r\n        \"denyStatus\": \"none\",\r\n        \"id\": \"/providers/Microsoft.Management/managementGroups/AzBlueprintAssignTest/providers/Microsoft.Authorization/policyDefinitions/PSLocationAuditsTest\"\r\n      }\r\n    ],\r\n    \"provisioningState\": \"succeeded\",\r\n    \"detachedResources\": [\r\n      {\r\n        \"id\": \"/subscriptions/4ce8c9fe-cadc-47d6-9c76-335812fd59df/providers/Microsoft.Authorization/policyDefinitions/PSCmdletTestPolicy476223\"\r\n      }\r\n    ],\r\n    \"deletedResources\": [],\r\n    \"failedResources\": []\r\n  },\r\n  \"systemData\": {\r\n    \"createdBy\": \"546094f3-32fa-493c-824c-bd9575b0d2fe\",\r\n    \"createdByType\": \"Application\",\r\n    \"createdAt\": \"2023-12-21T21:17:30.6358762Z\",\r\n    \"lastModifiedBy\": \"546094f3-32fa-493c-824c-bd9575b0d2fe\",\r\n    \"lastModifiedByType\": \"Application\",\r\n    \"lastModifiedAt\": \"2023-12-21T21:18:12.3375712Z\"\r\n  },\r\n  \"id\": \"/providers/Microsoft.Management/managementGroups/AzBlueprintAssignTest/providers/Microsoft.Resources/deploymentStacks/ps9815\",\r\n  \"type\": \"Microsoft.Resources/deploymentStacks\",\r\n  \"name\": \"ps9815\"\r\n}",
      "StatusCode": 200
    },
    {
      "RequestUri": "/providers/Microsoft.Management/managementGroups/AzBlueprintAssignTest/providers/Microsoft.Resources/deploymentStacks/ps9815?api-version=2022-08-01-preview",
      "EncodedRequestUri": "L3Byb3ZpZGVycy9NaWNyb3NvZnQuTWFuYWdlbWVudC9tYW5hZ2VtZW50R3JvdXBzL0F6Qmx1ZXByaW50QXNzaWduVGVzdC9wcm92aWRlcnMvTWljcm9zb2Z0LlJlc291cmNlcy9kZXBsb3ltZW50U3RhY2tzL3BzOTgxNT9hcGktdmVyc2lvbj0yMDIyLTA4LTAxLXByZXZpZXc=",
      "RequestMethod": "GET",
      "RequestHeaders": {
        "x-ms-client-request-id": [
          "6439b8a0-883a-4b19-bd24-0f4d47157f1d"
        ],
        "Accept-Language": [
          "en-US"
        ],
        "User-Agent": [
          "FxVersion/6.0.2523.51912",
          "OSName/Windows",
          "OSVersion/Microsoft.Windows.10.0.22621",
          "Microsoft.Azure.Management.Resources.DeploymentStacksClient/6.12.1"
        ]
      },
      "RequestBody": "",
      "ResponseHeaders": {
        "Cache-Control": [
          "no-cache"
        ],
        "Pragma": [
          "no-cache"
        ],
        "x-ms-request-id": [
          "6e7ceebf-1bc4-49e8-93b9-59fb78ce2944"
        ],
        "Server": [
          "Microsoft-HTTPAPI/2.0"
        ],
        "x-ms-ratelimit-remaining-tenant-reads": [
          "11998"
        ],
        "x-ms-correlation-request-id": [
          "75284225-262d-4b8d-bd6b-adb9d3b4e990"
        ],
        "x-ms-routing-request-id": [
          "WESTUS:20231221T211823Z:75284225-262d-4b8d-bd6b-adb9d3b4e990"
        ],
        "Strict-Transport-Security": [
          "max-age=31536000; includeSubDomains"
        ],
        "X-Content-Type-Options": [
          "nosniff"
        ],
        "Date": [
          "Thu, 21 Dec 2023 21:18:22 GMT"
        ],
        "Content-Length": [
          "1625"
        ],
        "Content-Type": [
          "application/json; charset=utf-8"
        ],
        "Expires": [
          "-1"
        ],
        "Retry-After": [
          "0"
        ]
      },
      "ResponseBody": "{\r\n  \"location\": \"westus2\",\r\n  \"properties\": {\r\n    \"actionOnUnmanage\": {\r\n      \"resources\": \"detach\",\r\n      \"resourceGroups\": \"detach\",\r\n      \"managementGroups\": \"detach\"\r\n    },\r\n    \"deploymentId\": \"/providers/Microsoft.Management/managementGroups/AzBlueprintAssignTest/providers/Microsoft.Resources/deployments/ps9815-231221215br8e\",\r\n    \"description\": \"A Stack\",\r\n    \"duration\": \"PT4.5090761S\",\r\n    \"denySettings\": {\r\n      \"mode\": \"none\",\r\n      \"applyToChildScopes\": false\r\n    },\r\n    \"parameters\": {},\r\n    \"resources\": [\r\n      {\r\n        \"status\": \"managed\",\r\n        \"denyStatus\": \"none\",\r\n        \"id\": \"/providers/Microsoft.Management/managementGroups/AzBlueprintAssignTest/providers/Microsoft.Authorization/policyDefinitions/PSLocationAuditsTest\"\r\n      }\r\n    ],\r\n    \"provisioningState\": \"succeeded\",\r\n    \"detachedResources\": [\r\n      {\r\n        \"id\": \"/subscriptions/4ce8c9fe-cadc-47d6-9c76-335812fd59df/providers/Microsoft.Authorization/policyDefinitions/PSCmdletTestPolicy476223\"\r\n      }\r\n    ],\r\n    \"deletedResources\": [],\r\n    \"failedResources\": []\r\n  },\r\n  \"systemData\": {\r\n    \"createdBy\": \"546094f3-32fa-493c-824c-bd9575b0d2fe\",\r\n    \"createdByType\": \"Application\",\r\n    \"createdAt\": \"2023-12-21T21:17:30.6358762Z\",\r\n    \"lastModifiedBy\": \"546094f3-32fa-493c-824c-bd9575b0d2fe\",\r\n    \"lastModifiedByType\": \"Application\",\r\n    \"lastModifiedAt\": \"2023-12-21T21:18:12.3375712Z\"\r\n  },\r\n  \"id\": \"/providers/Microsoft.Management/managementGroups/AzBlueprintAssignTest/providers/Microsoft.Resources/deploymentStacks/ps9815\",\r\n  \"type\": \"Microsoft.Resources/deploymentStacks\",\r\n  \"name\": \"ps9815\"\r\n}",
      "StatusCode": 200
    },
    {
      "RequestUri": "/providers/Microsoft.Management/managementGroups/AzBlueprintAssignTest/providers/Microsoft.Resources/deploymentStacks/ps9815?api-version=2022-08-01-preview",
      "EncodedRequestUri": "L3Byb3ZpZGVycy9NaWNyb3NvZnQuTWFuYWdlbWVudC9tYW5hZ2VtZW50R3JvdXBzL0F6Qmx1ZXByaW50QXNzaWduVGVzdC9wcm92aWRlcnMvTWljcm9zb2Z0LlJlc291cmNlcy9kZXBsb3ltZW50U3RhY2tzL3BzOTgxNT9hcGktdmVyc2lvbj0yMDIyLTA4LTAxLXByZXZpZXc=",
      "RequestMethod": "GET",
      "RequestHeaders": {
        "x-ms-client-request-id": [
          "6439b8a0-883a-4b19-bd24-0f4d47157f1d"
        ],
        "Accept-Language": [
          "en-US"
        ],
        "User-Agent": [
          "FxVersion/6.0.2523.51912",
          "OSName/Windows",
          "OSVersion/Microsoft.Windows.10.0.22621",
          "Microsoft.Azure.Management.Resources.DeploymentStacksClient/6.12.1"
        ]
      },
      "RequestBody": "",
      "ResponseHeaders": {
        "Cache-Control": [
          "no-cache"
        ],
        "Pragma": [
          "no-cache"
        ],
        "x-ms-request-id": [
          "ff9ca931-278a-4595-b337-7856d0290022"
        ],
        "Server": [
          "Microsoft-HTTPAPI/2.0"
        ],
        "x-ms-ratelimit-remaining-tenant-reads": [
          "11997"
        ],
        "x-ms-correlation-request-id": [
          "3a09cd2d-6c35-4152-8ac0-3d46a96202db"
        ],
        "x-ms-routing-request-id": [
          "WESTUS:20231221T211828Z:3a09cd2d-6c35-4152-8ac0-3d46a96202db"
        ],
        "Strict-Transport-Security": [
          "max-age=31536000; includeSubDomains"
        ],
        "X-Content-Type-Options": [
          "nosniff"
        ],
        "Date": [
          "Thu, 21 Dec 2023 21:18:27 GMT"
        ],
        "Content-Length": [
          "1564"
        ],
        "Content-Type": [
          "application/json; charset=utf-8"
        ],
        "Expires": [
          "-1"
        ],
        "Retry-After": [
          "0"
        ]
      },
      "ResponseBody": "{\r\n  \"location\": \"westus2\",\r\n  \"properties\": {\r\n    \"actionOnUnmanage\": {\r\n      \"resources\": \"detach\",\r\n      \"resourceGroups\": \"detach\",\r\n      \"managementGroups\": \"detach\"\r\n    },\r\n    \"deploymentId\": \"/subscriptions/a1bfa635-f2bf-42f1-86b5-848c674fc321/providers/Microsoft.Resources/deployments/ps9815-231221215dore\",\r\n    \"deploymentScope\": \"/subscriptions/a1bfa635-f2bf-42f1-86b5-848c674fc321\",\r\n    \"description\": \"A Stack\",\r\n    \"denySettings\": {\r\n      \"mode\": \"none\",\r\n      \"applyToChildScopes\": false\r\n    },\r\n    \"parameters\": {\r\n      \"moduleName\": {\r\n        \"value\": \"stacksMGtestmod\",\r\n        \"type\": \"string\"\r\n      },\r\n      \"policyDefinitionName\": {\r\n        \"value\": \"PSCmdletTestPolicy476223\",\r\n        \"type\": \"string\"\r\n      },\r\n      \"subId\": {\r\n        \"value\": \"4ce8c9fe-cadc-47d6-9c76-335812fd59df\",\r\n        \"type\": \"string\"\r\n      }\r\n    },\r\n    \"resources\": [],\r\n    \"provisioningState\": \"deploying\",\r\n    \"detachedResources\": [],\r\n    \"deletedResources\": [],\r\n    \"failedResources\": []\r\n  },\r\n  \"systemData\": {\r\n    \"createdBy\": \"546094f3-32fa-493c-824c-bd9575b0d2fe\",\r\n    \"createdByType\": \"Application\",\r\n    \"createdAt\": \"2023-12-21T21:17:30.6358762Z\",\r\n    \"lastModifiedBy\": \"546094f3-32fa-493c-824c-bd9575b0d2fe\",\r\n    \"lastModifiedByType\": \"Application\",\r\n    \"lastModifiedAt\": \"2023-12-21T21:18:23.1795335Z\"\r\n  },\r\n  \"id\": \"/providers/Microsoft.Management/managementGroups/AzBlueprintAssignTest/providers/Microsoft.Resources/deploymentStacks/ps9815\",\r\n  \"type\": \"Microsoft.Resources/deploymentStacks\",\r\n  \"name\": \"ps9815\"\r\n}",
      "StatusCode": 200
    },
    {
      "RequestUri": "/providers/Microsoft.Management/managementGroups/AzBlueprintAssignTest/providers/Microsoft.Resources/deploymentStacks/ps9815?api-version=2022-08-01-preview",
      "EncodedRequestUri": "L3Byb3ZpZGVycy9NaWNyb3NvZnQuTWFuYWdlbWVudC9tYW5hZ2VtZW50R3JvdXBzL0F6Qmx1ZXByaW50QXNzaWduVGVzdC9wcm92aWRlcnMvTWljcm9zb2Z0LlJlc291cmNlcy9kZXBsb3ltZW50U3RhY2tzL3BzOTgxNT9hcGktdmVyc2lvbj0yMDIyLTA4LTAxLXByZXZpZXc=",
      "RequestMethod": "GET",
      "RequestHeaders": {
        "x-ms-client-request-id": [
          "6439b8a0-883a-4b19-bd24-0f4d47157f1d"
        ],
        "Accept-Language": [
          "en-US"
        ],
        "User-Agent": [
          "FxVersion/6.0.2523.51912",
          "OSName/Windows",
          "OSVersion/Microsoft.Windows.10.0.22621",
          "Microsoft.Azure.Management.Resources.DeploymentStacksClient/6.12.1"
        ]
      },
      "RequestBody": "",
      "ResponseHeaders": {
        "Cache-Control": [
          "no-cache"
        ],
        "Pragma": [
          "no-cache"
        ],
        "x-ms-request-id": [
          "62a3a538-f4bf-45f6-999b-8c38e768ca00"
        ],
        "Server": [
          "Microsoft-HTTPAPI/2.0"
        ],
        "x-ms-ratelimit-remaining-tenant-reads": [
          "11996"
        ],
        "x-ms-correlation-request-id": [
          "efe5ccaa-9d3a-41c3-bb66-ae483e0fa5e3"
        ],
        "x-ms-routing-request-id": [
          "WESTUS:20231221T211848Z:efe5ccaa-9d3a-41c3-bb66-ae483e0fa5e3"
        ],
        "Strict-Transport-Security": [
          "max-age=31536000; includeSubDomains"
        ],
        "X-Content-Type-Options": [
          "nosniff"
        ],
        "Date": [
          "Thu, 21 Dec 2023 21:18:47 GMT"
        ],
        "Content-Length": [
          "1564"
        ],
        "Content-Type": [
          "application/json; charset=utf-8"
        ],
        "Expires": [
          "-1"
        ],
        "Retry-After": [
          "0"
        ]
      },
      "ResponseBody": "{\r\n  \"location\": \"westus2\",\r\n  \"properties\": {\r\n    \"actionOnUnmanage\": {\r\n      \"resources\": \"detach\",\r\n      \"resourceGroups\": \"detach\",\r\n      \"managementGroups\": \"detach\"\r\n    },\r\n    \"deploymentId\": \"/subscriptions/a1bfa635-f2bf-42f1-86b5-848c674fc321/providers/Microsoft.Resources/deployments/ps9815-231221215dore\",\r\n    \"deploymentScope\": \"/subscriptions/a1bfa635-f2bf-42f1-86b5-848c674fc321\",\r\n    \"description\": \"A Stack\",\r\n    \"denySettings\": {\r\n      \"mode\": \"none\",\r\n      \"applyToChildScopes\": false\r\n    },\r\n    \"parameters\": {\r\n      \"moduleName\": {\r\n        \"value\": \"stacksMGtestmod\",\r\n        \"type\": \"string\"\r\n      },\r\n      \"policyDefinitionName\": {\r\n        \"value\": \"PSCmdletTestPolicy476223\",\r\n        \"type\": \"string\"\r\n      },\r\n      \"subId\": {\r\n        \"value\": \"4ce8c9fe-cadc-47d6-9c76-335812fd59df\",\r\n        \"type\": \"string\"\r\n      }\r\n    },\r\n    \"resources\": [],\r\n    \"provisioningState\": \"deploying\",\r\n    \"detachedResources\": [],\r\n    \"deletedResources\": [],\r\n    \"failedResources\": []\r\n  },\r\n  \"systemData\": {\r\n    \"createdBy\": \"546094f3-32fa-493c-824c-bd9575b0d2fe\",\r\n    \"createdByType\": \"Application\",\r\n    \"createdAt\": \"2023-12-21T21:17:30.6358762Z\",\r\n    \"lastModifiedBy\": \"546094f3-32fa-493c-824c-bd9575b0d2fe\",\r\n    \"lastModifiedByType\": \"Application\",\r\n    \"lastModifiedAt\": \"2023-12-21T21:18:23.1795335Z\"\r\n  },\r\n  \"id\": \"/providers/Microsoft.Management/managementGroups/AzBlueprintAssignTest/providers/Microsoft.Resources/deploymentStacks/ps9815\",\r\n  \"type\": \"Microsoft.Resources/deploymentStacks\",\r\n  \"name\": \"ps9815\"\r\n}",
      "StatusCode": 200
    },
    {
      "RequestUri": "/providers/Microsoft.Management/managementGroups/AzBlueprintAssignTest/providers/Microsoft.Resources/deploymentStacks/ps9815?api-version=2022-08-01-preview",
      "EncodedRequestUri": "L3Byb3ZpZGVycy9NaWNyb3NvZnQuTWFuYWdlbWVudC9tYW5hZ2VtZW50R3JvdXBzL0F6Qmx1ZXByaW50QXNzaWduVGVzdC9wcm92aWRlcnMvTWljcm9zb2Z0LlJlc291cmNlcy9kZXBsb3ltZW50U3RhY2tzL3BzOTgxNT9hcGktdmVyc2lvbj0yMDIyLTA4LTAxLXByZXZpZXc=",
      "RequestMethod": "GET",
      "RequestHeaders": {
        "x-ms-client-request-id": [
          "6439b8a0-883a-4b19-bd24-0f4d47157f1d"
        ],
        "Accept-Language": [
          "en-US"
        ],
        "User-Agent": [
          "FxVersion/6.0.2523.51912",
          "OSName/Windows",
          "OSVersion/Microsoft.Windows.10.0.22621",
          "Microsoft.Azure.Management.Resources.DeploymentStacksClient/6.12.1"
        ]
      },
      "RequestBody": "",
      "ResponseHeaders": {
        "Cache-Control": [
          "no-cache"
        ],
        "Pragma": [
          "no-cache"
        ],
        "x-ms-request-id": [
          "bf83f49f-63e4-4703-af65-2f7104da292e"
        ],
        "Server": [
          "Microsoft-HTTPAPI/2.0"
        ],
        "x-ms-ratelimit-remaining-tenant-reads": [
          "11995"
        ],
        "x-ms-correlation-request-id": [
          "a5222fc5-bc09-4fe6-a49e-f295ebc7a329"
        ],
        "x-ms-routing-request-id": [
          "WESTUS:20231221T211853Z:a5222fc5-bc09-4fe6-a49e-f295ebc7a329"
        ],
        "Strict-Transport-Security": [
          "max-age=31536000; includeSubDomains"
        ],
        "X-Content-Type-Options": [
          "nosniff"
        ],
        "Date": [
          "Thu, 21 Dec 2023 21:18:52 GMT"
        ],
        "Content-Length": [
          "2014"
        ],
        "Content-Type": [
          "application/json; charset=utf-8"
        ],
        "Expires": [
          "-1"
        ],
        "Retry-After": [
          "0"
        ]
      },
      "ResponseBody": "{\r\n  \"location\": \"westus2\",\r\n  \"properties\": {\r\n    \"actionOnUnmanage\": {\r\n      \"resources\": \"detach\",\r\n      \"resourceGroups\": \"detach\",\r\n      \"managementGroups\": \"detach\"\r\n    },\r\n    \"deploymentId\": \"/subscriptions/a1bfa635-f2bf-42f1-86b5-848c674fc321/providers/Microsoft.Resources/deployments/ps9815-231221215dore\",\r\n    \"deploymentScope\": \"/subscriptions/a1bfa635-f2bf-42f1-86b5-848c674fc321\",\r\n    \"description\": \"A Stack\",\r\n    \"duration\": \"PT28.7669895S\",\r\n    \"denySettings\": {\r\n      \"mode\": \"none\",\r\n      \"applyToChildScopes\": false\r\n    },\r\n    \"parameters\": {\r\n      \"moduleName\": {\r\n        \"value\": \"stacksMGtestmod\",\r\n        \"type\": \"string\"\r\n      },\r\n      \"policyDefinitionName\": {\r\n        \"value\": \"PSCmdletTestPolicy476223\",\r\n        \"type\": \"string\"\r\n      },\r\n      \"subId\": {\r\n        \"value\": \"4ce8c9fe-cadc-47d6-9c76-335812fd59df\",\r\n        \"type\": \"string\"\r\n      }\r\n    },\r\n    \"resources\": [\r\n      {\r\n        \"status\": \"managed\",\r\n        \"denyStatus\": \"none\",\r\n        \"id\": \"/subscriptions/4ce8c9fe-cadc-47d6-9c76-335812fd59df/providers/Microsoft.Authorization/policyDefinitions/PSCmdletTestPolicy476223\"\r\n      }\r\n    ],\r\n    \"provisioningState\": \"succeeded\",\r\n    \"detachedResources\": [\r\n      {\r\n        \"id\": \"/providers/Microsoft.Management/managementGroups/AzBlueprintAssignTest/providers/Microsoft.Authorization/policyDefinitions/PSLocationAuditsTest\"\r\n      }\r\n    ],\r\n    \"deletedResources\": [],\r\n    \"failedResources\": []\r\n  },\r\n  \"systemData\": {\r\n    \"createdBy\": \"546094f3-32fa-493c-824c-bd9575b0d2fe\",\r\n    \"createdByType\": \"Application\",\r\n    \"createdAt\": \"2023-12-21T21:17:30.6358762Z\",\r\n    \"lastModifiedBy\": \"546094f3-32fa-493c-824c-bd9575b0d2fe\",\r\n    \"lastModifiedByType\": \"Application\",\r\n    \"lastModifiedAt\": \"2023-12-21T21:18:23.1795335Z\"\r\n  },\r\n  \"id\": \"/providers/Microsoft.Management/managementGroups/AzBlueprintAssignTest/providers/Microsoft.Resources/deploymentStacks/ps9815\",\r\n  \"type\": \"Microsoft.Resources/deploymentStacks\",\r\n  \"name\": \"ps9815\"\r\n}",
      "StatusCode": 200
    },
    {
      "RequestUri": "/providers/Microsoft.Management/managementGroups/AzBlueprintAssignTest/providers/Microsoft.Resources/deploymentStacks/ps9815?api-version=2022-08-01-preview",
      "EncodedRequestUri": "L3Byb3ZpZGVycy9NaWNyb3NvZnQuTWFuYWdlbWVudC9tYW5hZ2VtZW50R3JvdXBzL0F6Qmx1ZXByaW50QXNzaWduVGVzdC9wcm92aWRlcnMvTWljcm9zb2Z0LlJlc291cmNlcy9kZXBsb3ltZW50U3RhY2tzL3BzOTgxNT9hcGktdmVyc2lvbj0yMDIyLTA4LTAxLXByZXZpZXc=",
      "RequestMethod": "PUT",
      "RequestHeaders": {
        "x-ms-client-request-id": [
          "ff82df7a-bb62-4e46-9fde-55d6a2a3e5ad"
        ],
        "Accept-Language": [
          "en-US"
        ],
        "User-Agent": [
          "FxVersion/6.0.2523.51912",
          "OSName/Windows",
          "OSVersion/Microsoft.Windows.10.0.22621",
          "Microsoft.Azure.Management.Resources.DeploymentStacksClient/6.12.1"
        ],
        "Content-Type": [
          "application/json; charset=utf-8"
        ],
        "Content-Length": [
          "670"
        ]
      },
      "RequestBody": "{\r\n  \"location\": \"West US 2\",\r\n  \"properties\": {\r\n    \"template\": {\r\n      \"$schema\": \"http://schema.management.azure.com/schemas/2015-01-01/deploymentTemplate.json#\",\r\n      \"contentVersion\": \"1.0.0.0\",\r\n      \"parameters\": {},\r\n      \"variables\": {},\r\n      \"resources\": [],\r\n      \"outputs\": {}\r\n    },\r\n    \"parameters\": {},\r\n    \"actionOnUnmanage\": {\r\n      \"resources\": \"detach\",\r\n      \"resourceGroups\": \"detach\",\r\n      \"managementGroups\": \"detach\"\r\n    },\r\n    \"deploymentScope\": \"/subscriptions/a1bfa635-f2bf-42f1-86b5-848c674fc321\",\r\n    \"description\": \"A Stack\",\r\n    \"denySettings\": {\r\n      \"mode\": \"None\",\r\n      \"applyToChildScopes\": false\r\n    }\r\n  }\r\n}",
      "ResponseHeaders": {
        "Cache-Control": [
          "no-cache"
        ],
        "Pragma": [
          "no-cache"
        ],
        "Retry-After": [
          "0"
        ],
        "Azure-AsyncOperation": [
          "https://management.azure.com/providers/Microsoft.Resources/locations/westus2/deploymentStackOperationStatus/406a252c-e2e4-4c14-ba1d-c841a5705657?api-version=2022-08-01-preview&t=638387902510734335&c=MIIHADCCBeigAwIBAgITfAQMTI1h2_N6jbL4IQAABAxMjTANBgkqhkiG9w0BAQsFADBEMRMwEQYKCZImiZPyLGQBGRYDR0JMMRMwEQYKCZImiZPyLGQBGRYDQU1FMRgwFgYDVQQDEw9BTUUgSW5mcmEgQ0EgMDUwHhcNMjMxMTAyMDczOTIwWhcNMjQxMDI3MDczOTIwWjBAMT4wPAYDVQQDEzVhc3luY29wZXJhdGlvbnNpZ25pbmdjZXJ0aWZpY2F0ZS5tYW5hZ2VtZW50LmF6dXJlLmNvbTCCASIwDQYJKoZIhvcNAQEBBQADggEPADCCAQoCggEBAM5nVon0S6tEvS61NcnXsn2CcuOI1nSrtGbtGk9X6y4qeqVj1PU84XJVMmBK-wLCx9U9sQu4pCLiJzifhHlKpcopJy-Q0rQVcsNpaY-PH3IH89wLTdFbfdjBPrPJDPSVvdFWtRsQRR-rvAo-16n97xYsXYb-mCYxLAx9eFB7n0SHLhuR6IxKfxJD4z9WENmuA-7e9lMfTsAE6Q9yJuFGb0vwVf4uLL9xcC6SHP_Xx1gaFGgG0I6Wtez1ZLLWmi7uOG4ABf3gOxNim_EQkyvCRXOl4RrCM0Sqz3ouFZyQRj4qU4WGqIwPDRF6lcyY4U-fx5YIgXcf1-WU0b8mUsaIPd0CAwEAAaOCA-0wggPpMCcGCSsGAQQBgjcVCgQaMBgwCgYIKwYBBQUHAwEwCgYIKwYBBQUHAwIwPQYJKwYBBAGCNxUHBDAwLgYmKwYBBAGCNxUIhpDjDYTVtHiE8Ys-hZvdFs6dEoFggvX2K4Py0SACAWQCAQowggHLBggrBgEFBQcBAQSCAb0wggG5MGMGCCsGAQUFBzAChldodHRwOi8vY3JsLm1pY3Jvc29mdC5jb20vcGtpaW5mcmEvQ2VydHMvQ08xUEtJSU5UQ0EwMS5BTUUuR0JMX0FNRSUyMEluZnJhJTIwQ0ElMjAwNS5jcnQwUwYIKwYBBQUHMAKGR2h0dHA6Ly9jcmwxLmFtZS5nYmwvYWlhL0NPMVBLSUlOVENBMDEuQU1FLkdCTF9BTUUlMjBJbmZyYSUyMENBJTIwMDUuY3J0MFMGCCsGAQUFBzAChkdodHRwOi8vY3JsMi5hbWUuZ2JsL2FpYS9DTzFQS0lJTlRDQTAxLkFNRS5HQkxfQU1FJTIwSW5mcmElMjBDQSUyMDA1LmNydDBTBggrBgEFBQcwAoZHaHR0cDovL2NybDMuYW1lLmdibC9haWEvQ08xUEtJSU5UQ0EwMS5BTUUuR0JMX0FNRSUyMEluZnJhJTIwQ0ElMjAwNS5jcnQwUwYIKwYBBQUHMAKGR2h0dHA6Ly9jcmw0LmFtZS5nYmwvYWlhL0NPMVBLSUlOVENBMDEuQU1FLkdCTF9BTUUlMjBJbmZyYSUyMENBJTIwMDUuY3J0MB0GA1UdDgQWBBTKawt4N6x8p9k75woYfzjrUqYBnjAOBgNVHQ8BAf8EBAMCBaAwggEmBgNVHR8EggEdMIIBGTCCARWgggERoIIBDYY_aHR0cDovL2NybC5taWNyb3NvZnQuY29tL3BraWluZnJhL0NSTC9BTUUlMjBJbmZyYSUyMENBJTIwMDUuY3JshjFodHRwOi8vY3JsMS5hbWUuZ2JsL2NybC9BTUUlMjBJbmZyYSUyMENBJTIwMDUuY3JshjFodHRwOi8vY3JsMi5hbWUuZ2JsL2NybC9BTUUlMjBJbmZyYSUyMENBJTIwMDUuY3JshjFodHRwOi8vY3JsMy5hbWUuZ2JsL2NybC9BTUUlMjBJbmZyYSUyMENBJTIwMDUuY3JshjFodHRwOi8vY3JsNC5hbWUuZ2JsL2NybC9BTUUlMjBJbmZyYSUyMENBJTIwMDUuY3JsMBcGA1UdIAQQMA4wDAYKKwYBBAGCN3sBATAfBgNVHSMEGDAWgBR61hmFKHlscXYeYPjzS--iBUIWHTAdBgNVHSUEFjAUBggrBgEFBQcDAQYIKwYBBQUHAwIwDQYJKoZIhvcNAQELBQADggEBAGji_KAUv6_88OBryH9Tc2FnuhP6kw1_9qI_bxwwrpjNorAgFsoL8moQCmnBbzbyOqj3slb0GG_k2GSPLPKD0ttjidH0Ml3QQLsl7Qc8Qu_gw04U5XqOD3yYClOgb6YkZWZfqzG8nAxSAQ0x7vUYT2Er_MyfAPi0hcgO4JcAaLNLOWkVRWR99ARjrYeBXSmnFE7t8kJXN5jkwzRCtJ-hZOOWDHCAhqhV_cCtoXUvb3hOSe95ixjsi_0CPo62En_H6pHPMP4NXzmTUn18wmyCXunz_qG3UOi4uy3VxJOP1_V_SbZlqV5Bhk7SOeMl6i8oBeRjq3HIi9UXo1OhSEuQeT4&s=JUON1SrYkYBqft729pWza0IWLlVYAwofHLFd3OVT-zK_Z498wI2GF9U0_mq38UGiW2l0taUswph3yqcsNY91B4ZWN4hUTNlpUeUG_C__Sxi3AMMe-zdPGA_NcBxkxYX0Mxq72hT16jZYdHGhTwd4KUSfyIdt8M4kn5pOIJHjjoG-elvLntH3sgLj9eeKJFaBelMjp59KzDlkedc_37z8zmyrLUBVqeCFnQb1j01sHSSKKcr-W-10RAqKgoq4b4mniDNer7-bYtGlfDJ5DaX6fi75wcnpi6nFnMk-DnKUSnVB4ZblEW1OJ2agUS6WB5x_OcQCVQl7fi7XM7lY0f325A&h=KdbpAT0E7WFBYraSp8UPZ0zIzYXeXB6Jo-kSgpj67EY"
        ],
        "x-ms-request-id": [
          "bea1183c-2380-4f85-86d5-44740351daa8"
        ],
        "Server": [
          "Microsoft-HTTPAPI/2.0"
        ],
        "x-ms-ratelimit-remaining-tenant-writes": [
          "1199"
        ],
        "x-ms-correlation-request-id": [
          "a57dc68a-bc98-4552-bb19-61f9d6bed0b8"
        ],
        "x-ms-routing-request-id": [
          "WESTUS:20231221T211731Z:a57dc68a-bc98-4552-bb19-61f9d6bed0b8"
        ],
        "Strict-Transport-Security": [
          "max-age=31536000; includeSubDomains"
        ],
        "X-Content-Type-Options": [
          "nosniff"
        ],
        "Date": [
          "Thu, 21 Dec 2023 21:17:30 GMT"
        ],
        "Content-Length": [
          "1100"
        ],
        "Content-Type": [
          "application/json; charset=utf-8"
        ],
        "Expires": [
          "-1"
        ]
      },
      "ResponseBody": "{\r\n  \"location\": \"westus2\",\r\n  \"properties\": {\r\n    \"actionOnUnmanage\": {\r\n      \"resources\": \"detach\",\r\n      \"resourceGroups\": \"detach\",\r\n      \"managementGroups\": \"detach\"\r\n    },\r\n    \"deploymentScope\": \"/subscriptions/a1bfa635-f2bf-42f1-86b5-848c674fc321\",\r\n    \"description\": \"A Stack\",\r\n    \"denySettings\": {\r\n      \"mode\": \"none\",\r\n      \"applyToChildScopes\": false\r\n    },\r\n    \"parameters\": {},\r\n    \"resources\": [],\r\n    \"provisioningState\": \"initializing\",\r\n    \"detachedResources\": [],\r\n    \"deletedResources\": [],\r\n    \"failedResources\": []\r\n  },\r\n  \"systemData\": {\r\n    \"createdBy\": \"546094f3-32fa-493c-824c-bd9575b0d2fe\",\r\n    \"createdByType\": \"Application\",\r\n    \"createdAt\": \"2023-12-21T21:17:30.6358762Z\",\r\n    \"lastModifiedBy\": \"546094f3-32fa-493c-824c-bd9575b0d2fe\",\r\n    \"lastModifiedByType\": \"Application\",\r\n    \"lastModifiedAt\": \"2023-12-21T21:17:30.6358762Z\"\r\n  },\r\n  \"id\": \"/providers/Microsoft.Management/managementGroups/AzBlueprintAssignTest/providers/Microsoft.Resources/deploymentStacks/ps9815\",\r\n  \"type\": \"Microsoft.Resources/deploymentStacks\",\r\n  \"name\": \"ps9815\"\r\n}",
      "StatusCode": 201
    },
    {
      "RequestUri": "/providers/Microsoft.Management/managementGroups/AzBlueprintAssignTest/providers/Microsoft.Resources/deploymentStacks/ps9815?api-version=2022-08-01-preview",
      "EncodedRequestUri": "L3Byb3ZpZGVycy9NaWNyb3NvZnQuTWFuYWdlbWVudC9tYW5hZ2VtZW50R3JvdXBzL0F6Qmx1ZXByaW50QXNzaWduVGVzdC9wcm92aWRlcnMvTWljcm9zb2Z0LlJlc291cmNlcy9kZXBsb3ltZW50U3RhY2tzL3BzOTgxNT9hcGktdmVyc2lvbj0yMDIyLTA4LTAxLXByZXZpZXc=",
      "RequestMethod": "PUT",
      "RequestHeaders": {
        "x-ms-client-request-id": [
          "fcc42891-6cc8-4855-b58c-46b3966f7286"
        ],
        "Accept-Language": [
          "en-US"
        ],
        "User-Agent": [
          "FxVersion/6.0.2523.51912",
          "OSName/Windows",
          "OSVersion/Microsoft.Windows.10.0.22621",
          "Microsoft.Azure.Management.Resources.DeploymentStacksClient/6.12.1"
        ],
        "Content-Type": [
          "application/json; charset=utf-8"
        ],
        "Content-Length": [
          "3695"
        ]
      },
      "RequestBody": "{\r\n  \"location\": \"West US 2\",\r\n  \"properties\": {\r\n    \"template\": {\r\n      \"$schema\": \"https://schema.management.azure.com/schemas/2019-08-01/managementGroupDeploymentTemplate.json#\",\r\n      \"contentVersion\": \"1.0.0.0\",\r\n      \"metadata\": {\r\n        \"_generator\": {\r\n          \"name\": \"bicep\",\r\n          \"version\": \"0.16.2.56959\",\r\n          \"templateHash\": \"13529450622016881009\"\r\n        }\r\n      },\r\n      \"parameters\": {\r\n        \"subId\": {\r\n          \"type\": \"string\"\r\n        },\r\n        \"moduleName\": {\r\n          \"type\": \"string\"\r\n        },\r\n        \"policyDefinitionName\": {\r\n          \"type\": \"string\"\r\n        }\r\n      },\r\n      \"resources\": [\r\n        {\r\n          \"type\": \"Microsoft.Resources/deployments\",\r\n          \"apiVersion\": \"2022-09-01\",\r\n          \"name\": \"[parameters('moduleName')]\",\r\n          \"subscriptionId\": \"[parameters('subId')]\",\r\n          \"location\": \"[deployment().location]\",\r\n          \"properties\": {\r\n            \"expressionEvaluationOptions\": {\r\n              \"scope\": \"inner\"\r\n            },\r\n            \"mode\": \"Incremental\",\r\n            \"parameters\": {\r\n              \"policyDefinitionName\": {\r\n                \"value\": \"[parameters('policyDefinitionName')]\"\r\n              }\r\n            },\r\n            \"template\": {\r\n              \"$schema\": \"https://schema.management.azure.com/schemas/2018-05-01/subscriptionDeploymentTemplate.json#\",\r\n              \"contentVersion\": \"1.0.0.0\",\r\n              \"metadata\": {\r\n                \"_generator\": {\r\n                  \"name\": \"bicep\",\r\n                  \"version\": \"0.16.2.56959\",\r\n                  \"templateHash\": \"17912971569522144482\"\r\n                }\r\n              },\r\n              \"parameters\": {\r\n                \"allowedLocations\": {\r\n                  \"type\": \"array\",\r\n                  \"defaultValue\": [\r\n                    \"westus\"\r\n                  ],\r\n                  \"metadata\": {\r\n                    \"description\": \"An array of the allowed locations, all other locations will be denied by the created policy.\"\r\n                  }\r\n                },\r\n                \"policyDefinitionName\": {\r\n                  \"type\": \"string\"\r\n                }\r\n              },\r\n              \"resources\": [\r\n                {\r\n                  \"type\": \"Microsoft.Authorization/policyDefinitions\",\r\n                  \"apiVersion\": \"2020-03-01\",\r\n                  \"name\": \"[parameters('policyDefinitionName')]\",\r\n                  \"properties\": {\r\n                    \"policyType\": \"Custom\",\r\n                    \"mode\": \"All\",\r\n                    \"parameters\": {},\r\n                    \"policyRule\": {\r\n                      \"if\": {\r\n                        \"not\": {\r\n                          \"field\": \"location\",\r\n                          \"in\": \"[parameters('allowedLocations')]\"\r\n                        }\r\n                      },\r\n                      \"then\": {\r\n                        \"effect\": \"audit\"\r\n                      }\r\n                    }\r\n                  }\r\n                }\r\n              ]\r\n            }\r\n          }\r\n        }\r\n      ]\r\n    },\r\n    \"parameters\": {\r\n      \"moduleName\": {\r\n        \"value\": \"stacksMGtestmod\"\r\n      },\r\n      \"policyDefinitionName\": {\r\n        \"value\": \"PSCmdletTestPolicy476223\"\r\n      },\r\n      \"subId\": {\r\n        \"value\": \"4ce8c9fe-cadc-47d6-9c76-335812fd59df\"\r\n      }\r\n    },\r\n    \"actionOnUnmanage\": {\r\n      \"resources\": \"detach\",\r\n      \"resourceGroups\": \"detach\",\r\n      \"managementGroups\": \"detach\"\r\n    },\r\n    \"deploymentScope\": \"/subscriptions/a1bfa635-f2bf-42f1-86b5-848c674fc321\",\r\n    \"description\": \"A Stack\",\r\n    \"denySettings\": {\r\n      \"mode\": \"None\",\r\n      \"applyToChildScopes\": false\r\n    }\r\n  }\r\n}",
      "ResponseHeaders": {
        "Cache-Control": [
          "no-cache"
        ],
        "Pragma": [
          "no-cache"
        ],
        "Retry-After": [
          "0"
        ],
        "Azure-AsyncOperation": [
          "https://management.azure.com/providers/Microsoft.Resources/locations/westus2/deploymentStackOperationStatus/b5a1ff9f-b961-4eb8-acbc-a560c6cf866b?api-version=2022-08-01-preview&t=638387902620777991&c=MIIHADCCBeigAwIBAgITfAQMTI1h2_N6jbL4IQAABAxMjTANBgkqhkiG9w0BAQsFADBEMRMwEQYKCZImiZPyLGQBGRYDR0JMMRMwEQYKCZImiZPyLGQBGRYDQU1FMRgwFgYDVQQDEw9BTUUgSW5mcmEgQ0EgMDUwHhcNMjMxMTAyMDczOTIwWhcNMjQxMDI3MDczOTIwWjBAMT4wPAYDVQQDEzVhc3luY29wZXJhdGlvbnNpZ25pbmdjZXJ0aWZpY2F0ZS5tYW5hZ2VtZW50LmF6dXJlLmNvbTCCASIwDQYJKoZIhvcNAQEBBQADggEPADCCAQoCggEBAM5nVon0S6tEvS61NcnXsn2CcuOI1nSrtGbtGk9X6y4qeqVj1PU84XJVMmBK-wLCx9U9sQu4pCLiJzifhHlKpcopJy-Q0rQVcsNpaY-PH3IH89wLTdFbfdjBPrPJDPSVvdFWtRsQRR-rvAo-16n97xYsXYb-mCYxLAx9eFB7n0SHLhuR6IxKfxJD4z9WENmuA-7e9lMfTsAE6Q9yJuFGb0vwVf4uLL9xcC6SHP_Xx1gaFGgG0I6Wtez1ZLLWmi7uOG4ABf3gOxNim_EQkyvCRXOl4RrCM0Sqz3ouFZyQRj4qU4WGqIwPDRF6lcyY4U-fx5YIgXcf1-WU0b8mUsaIPd0CAwEAAaOCA-0wggPpMCcGCSsGAQQBgjcVCgQaMBgwCgYIKwYBBQUHAwEwCgYIKwYBBQUHAwIwPQYJKwYBBAGCNxUHBDAwLgYmKwYBBAGCNxUIhpDjDYTVtHiE8Ys-hZvdFs6dEoFggvX2K4Py0SACAWQCAQowggHLBggrBgEFBQcBAQSCAb0wggG5MGMGCCsGAQUFBzAChldodHRwOi8vY3JsLm1pY3Jvc29mdC5jb20vcGtpaW5mcmEvQ2VydHMvQ08xUEtJSU5UQ0EwMS5BTUUuR0JMX0FNRSUyMEluZnJhJTIwQ0ElMjAwNS5jcnQwUwYIKwYBBQUHMAKGR2h0dHA6Ly9jcmwxLmFtZS5nYmwvYWlhL0NPMVBLSUlOVENBMDEuQU1FLkdCTF9BTUUlMjBJbmZyYSUyMENBJTIwMDUuY3J0MFMGCCsGAQUFBzAChkdodHRwOi8vY3JsMi5hbWUuZ2JsL2FpYS9DTzFQS0lJTlRDQTAxLkFNRS5HQkxfQU1FJTIwSW5mcmElMjBDQSUyMDA1LmNydDBTBggrBgEFBQcwAoZHaHR0cDovL2NybDMuYW1lLmdibC9haWEvQ08xUEtJSU5UQ0EwMS5BTUUuR0JMX0FNRSUyMEluZnJhJTIwQ0ElMjAwNS5jcnQwUwYIKwYBBQUHMAKGR2h0dHA6Ly9jcmw0LmFtZS5nYmwvYWlhL0NPMVBLSUlOVENBMDEuQU1FLkdCTF9BTUUlMjBJbmZyYSUyMENBJTIwMDUuY3J0MB0GA1UdDgQWBBTKawt4N6x8p9k75woYfzjrUqYBnjAOBgNVHQ8BAf8EBAMCBaAwggEmBgNVHR8EggEdMIIBGTCCARWgggERoIIBDYY_aHR0cDovL2NybC5taWNyb3NvZnQuY29tL3BraWluZnJhL0NSTC9BTUUlMjBJbmZyYSUyMENBJTIwMDUuY3JshjFodHRwOi8vY3JsMS5hbWUuZ2JsL2NybC9BTUUlMjBJbmZyYSUyMENBJTIwMDUuY3JshjFodHRwOi8vY3JsMi5hbWUuZ2JsL2NybC9BTUUlMjBJbmZyYSUyMENBJTIwMDUuY3JshjFodHRwOi8vY3JsMy5hbWUuZ2JsL2NybC9BTUUlMjBJbmZyYSUyMENBJTIwMDUuY3JshjFodHRwOi8vY3JsNC5hbWUuZ2JsL2NybC9BTUUlMjBJbmZyYSUyMENBJTIwMDUuY3JsMBcGA1UdIAQQMA4wDAYKKwYBBAGCN3sBATAfBgNVHSMEGDAWgBR61hmFKHlscXYeYPjzS--iBUIWHTAdBgNVHSUEFjAUBggrBgEFBQcDAQYIKwYBBQUHAwIwDQYJKoZIhvcNAQELBQADggEBAGji_KAUv6_88OBryH9Tc2FnuhP6kw1_9qI_bxwwrpjNorAgFsoL8moQCmnBbzbyOqj3slb0GG_k2GSPLPKD0ttjidH0Ml3QQLsl7Qc8Qu_gw04U5XqOD3yYClOgb6YkZWZfqzG8nAxSAQ0x7vUYT2Er_MyfAPi0hcgO4JcAaLNLOWkVRWR99ARjrYeBXSmnFE7t8kJXN5jkwzRCtJ-hZOOWDHCAhqhV_cCtoXUvb3hOSe95ixjsi_0CPo62En_H6pHPMP4NXzmTUn18wmyCXunz_qG3UOi4uy3VxJOP1_V_SbZlqV5Bhk7SOeMl6i8oBeRjq3HIi9UXo1OhSEuQeT4&s=zGUT54g_F1MtF0dqLt3gyraWRG5-tsAYs5grChudjzYNDwMwqjmc7bc8wlBn91XKoiQTcxKUcKVFM1pF8AaHNlYf891EWGLpMjBZn5RVK9x88CeHc94qY9GlUwIu6zI2ACnYkUKP1d8LWNG9oeuMgCUTAIhlYZltY9icTjbLO7ew4c046UNHjTvt6T-QzKAMBaolSnvpM1StpdRFO1S8qLX5966UwwQumn8XDjovE98YKo5xDjO0EYvHv-5hzRPZyxITziyh9iE-Nbm38THynzokMuQ3giwXZmfUrCvs_Bx9IwXo2eDDl4yYp3BTO-ev9da7C6xzSX2TIfqmvPYTkA&h=gHB3sGae-yn6HVA8hgLK-tvDwVNfeSwpH52xRFYNSpw"
        ],
        "x-ms-request-id": [
          "baf243fe-e583-42d9-b23f-bcaee8fc2aad"
        ],
        "Server": [
          "Microsoft-HTTPAPI/2.0"
        ],
        "x-ms-ratelimit-remaining-tenant-writes": [
          "1199"
        ],
        "x-ms-correlation-request-id": [
          "53398bb5-8198-42f5-90fa-5d672b8c21ba"
        ],
        "x-ms-routing-request-id": [
          "WESTUS:20231221T211742Z:53398bb5-8198-42f5-90fa-5d672b8c21ba"
        ],
        "Strict-Transport-Security": [
          "max-age=31536000; includeSubDomains"
        ],
        "X-Content-Type-Options": [
          "nosniff"
        ],
        "Date": [
          "Thu, 21 Dec 2023 21:17:41 GMT"
        ],
        "Content-Length": [
          "1428"
        ],
        "Content-Type": [
          "application/json; charset=utf-8"
        ],
        "Expires": [
          "-1"
        ]
      },
      "ResponseBody": "{\r\n  \"location\": \"westus2\",\r\n  \"properties\": {\r\n    \"actionOnUnmanage\": {\r\n      \"resources\": \"detach\",\r\n      \"resourceGroups\": \"detach\",\r\n      \"managementGroups\": \"detach\"\r\n    },\r\n    \"deploymentScope\": \"/subscriptions/a1bfa635-f2bf-42f1-86b5-848c674fc321\",\r\n    \"description\": \"A Stack\",\r\n    \"denySettings\": {\r\n      \"mode\": \"none\",\r\n      \"applyToChildScopes\": false\r\n    },\r\n    \"parameters\": {\r\n      \"moduleName\": {\r\n        \"value\": \"stacksMGtestmod\",\r\n        \"type\": \"string\"\r\n      },\r\n      \"policyDefinitionName\": {\r\n        \"value\": \"PSCmdletTestPolicy476223\",\r\n        \"type\": \"string\"\r\n      },\r\n      \"subId\": {\r\n        \"value\": \"4ce8c9fe-cadc-47d6-9c76-335812fd59df\",\r\n        \"type\": \"string\"\r\n      }\r\n    },\r\n    \"resources\": [],\r\n    \"provisioningState\": \"initializing\",\r\n    \"detachedResources\": [],\r\n    \"deletedResources\": [],\r\n    \"failedResources\": []\r\n  },\r\n  \"systemData\": {\r\n    \"createdBy\": \"546094f3-32fa-493c-824c-bd9575b0d2fe\",\r\n    \"createdByType\": \"Application\",\r\n    \"createdAt\": \"2023-12-21T21:17:30.6358762Z\",\r\n    \"lastModifiedBy\": \"546094f3-32fa-493c-824c-bd9575b0d2fe\",\r\n    \"lastModifiedByType\": \"Application\",\r\n    \"lastModifiedAt\": \"2023-12-21T21:17:41.8746616Z\"\r\n  },\r\n  \"id\": \"/providers/Microsoft.Management/managementGroups/AzBlueprintAssignTest/providers/Microsoft.Resources/deploymentStacks/ps9815\",\r\n  \"type\": \"Microsoft.Resources/deploymentStacks\",\r\n  \"name\": \"ps9815\"\r\n}",
      "StatusCode": 200
    },
    {
      "RequestUri": "/providers/Microsoft.Management/managementGroups/AzBlueprintAssignTest/providers/Microsoft.Resources/deploymentStacks/ps9815?api-version=2022-08-01-preview",
      "EncodedRequestUri": "L3Byb3ZpZGVycy9NaWNyb3NvZnQuTWFuYWdlbWVudC9tYW5hZ2VtZW50R3JvdXBzL0F6Qmx1ZXByaW50QXNzaWduVGVzdC9wcm92aWRlcnMvTWljcm9zb2Z0LlJlc291cmNlcy9kZXBsb3ltZW50U3RhY2tzL3BzOTgxNT9hcGktdmVyc2lvbj0yMDIyLTA4LTAxLXByZXZpZXc=",
      "RequestMethod": "PUT",
      "RequestHeaders": {
        "x-ms-client-request-id": [
          "58ead8a5-f450-4728-9200-34bfae2a29e5"
        ],
        "Accept-Language": [
          "en-US"
        ],
        "User-Agent": [
          "FxVersion/6.0.2523.51912",
          "OSName/Windows",
          "OSVersion/Microsoft.Windows.10.0.22621",
          "Microsoft.Azure.Management.Resources.DeploymentStacksClient/6.12.1"
        ],
        "Content-Type": [
          "application/json; charset=utf-8"
        ],
        "Content-Length": [
          "1618"
        ]
      },
      "RequestBody": "{\r\n  \"location\": \"West US 2\",\r\n  \"properties\": {\r\n    \"template\": {\r\n      \"$schema\": \"https://schema.management.azure.com/schemas/2019-08-01/managementGroupDeploymentTemplate.json#\",\r\n      \"contentVersion\": \"1.0.0.0\",\r\n      \"metadata\": {\r\n        \"_generator\": {\r\n          \"name\": \"bicep\",\r\n          \"version\": \"0.22.6.54827\",\r\n          \"templateHash\": \"11839294822040509374\"\r\n        }\r\n      },\r\n      \"parameters\": {\r\n        \"allowedLocations\": {\r\n          \"type\": \"array\",\r\n          \"defaultValue\": [\r\n            \"westus\"\r\n          ],\r\n          \"metadata\": {\r\n            \"description\": \"An array of the allowed locations, all other locations will be denied by the created policy.\"\r\n          }\r\n        }\r\n      },\r\n      \"resources\": [\r\n        {\r\n          \"type\": \"Microsoft.Authorization/policyDefinitions\",\r\n          \"apiVersion\": \"2021-06-01\",\r\n          \"name\": \"PSLocationAuditsTest\",\r\n          \"properties\": {\r\n            \"policyType\": \"Custom\",\r\n            \"mode\": \"All\",\r\n            \"parameters\": {},\r\n            \"policyRule\": {\r\n              \"if\": {\r\n                \"field\": \"location\",\r\n                \"in\": \"[parameters('allowedLocations')]\"\r\n              },\r\n              \"then\": {\r\n                \"effect\": \"audit\"\r\n              }\r\n            }\r\n          }\r\n        }\r\n      ]\r\n    },\r\n    \"parameters\": {},\r\n    \"actionOnUnmanage\": {\r\n      \"resources\": \"detach\",\r\n      \"resourceGroups\": \"detach\",\r\n      \"managementGroups\": \"detach\"\r\n    },\r\n    \"description\": \"A Stack\",\r\n    \"denySettings\": {\r\n      \"mode\": \"None\",\r\n      \"applyToChildScopes\": false\r\n    }\r\n  }\r\n}",
      "ResponseHeaders": {
        "Cache-Control": [
          "no-cache"
        ],
        "Pragma": [
          "no-cache"
        ],
        "Retry-After": [
          "0"
        ],
        "Azure-AsyncOperation": [
          "https://management.azure.com/providers/Microsoft.Resources/locations/westus2/deploymentStackOperationStatus/b4d0652a-2d52-4a5d-9f4b-6de5d3ea5a42?api-version=2022-08-01-preview&t=638387902924313237&c=MIIHADCCBeigAwIBAgITfAQMTI1h2_N6jbL4IQAABAxMjTANBgkqhkiG9w0BAQsFADBEMRMwEQYKCZImiZPyLGQBGRYDR0JMMRMwEQYKCZImiZPyLGQBGRYDQU1FMRgwFgYDVQQDEw9BTUUgSW5mcmEgQ0EgMDUwHhcNMjMxMTAyMDczOTIwWhcNMjQxMDI3MDczOTIwWjBAMT4wPAYDVQQDEzVhc3luY29wZXJhdGlvbnNpZ25pbmdjZXJ0aWZpY2F0ZS5tYW5hZ2VtZW50LmF6dXJlLmNvbTCCASIwDQYJKoZIhvcNAQEBBQADggEPADCCAQoCggEBAM5nVon0S6tEvS61NcnXsn2CcuOI1nSrtGbtGk9X6y4qeqVj1PU84XJVMmBK-wLCx9U9sQu4pCLiJzifhHlKpcopJy-Q0rQVcsNpaY-PH3IH89wLTdFbfdjBPrPJDPSVvdFWtRsQRR-rvAo-16n97xYsXYb-mCYxLAx9eFB7n0SHLhuR6IxKfxJD4z9WENmuA-7e9lMfTsAE6Q9yJuFGb0vwVf4uLL9xcC6SHP_Xx1gaFGgG0I6Wtez1ZLLWmi7uOG4ABf3gOxNim_EQkyvCRXOl4RrCM0Sqz3ouFZyQRj4qU4WGqIwPDRF6lcyY4U-fx5YIgXcf1-WU0b8mUsaIPd0CAwEAAaOCA-0wggPpMCcGCSsGAQQBgjcVCgQaMBgwCgYIKwYBBQUHAwEwCgYIKwYBBQUHAwIwPQYJKwYBBAGCNxUHBDAwLgYmKwYBBAGCNxUIhpDjDYTVtHiE8Ys-hZvdFs6dEoFggvX2K4Py0SACAWQCAQowggHLBggrBgEFBQcBAQSCAb0wggG5MGMGCCsGAQUFBzAChldodHRwOi8vY3JsLm1pY3Jvc29mdC5jb20vcGtpaW5mcmEvQ2VydHMvQ08xUEtJSU5UQ0EwMS5BTUUuR0JMX0FNRSUyMEluZnJhJTIwQ0ElMjAwNS5jcnQwUwYIKwYBBQUHMAKGR2h0dHA6Ly9jcmwxLmFtZS5nYmwvYWlhL0NPMVBLSUlOVENBMDEuQU1FLkdCTF9BTUUlMjBJbmZyYSUyMENBJTIwMDUuY3J0MFMGCCsGAQUFBzAChkdodHRwOi8vY3JsMi5hbWUuZ2JsL2FpYS9DTzFQS0lJTlRDQTAxLkFNRS5HQkxfQU1FJTIwSW5mcmElMjBDQSUyMDA1LmNydDBTBggrBgEFBQcwAoZHaHR0cDovL2NybDMuYW1lLmdibC9haWEvQ08xUEtJSU5UQ0EwMS5BTUUuR0JMX0FNRSUyMEluZnJhJTIwQ0ElMjAwNS5jcnQwUwYIKwYBBQUHMAKGR2h0dHA6Ly9jcmw0LmFtZS5nYmwvYWlhL0NPMVBLSUlOVENBMDEuQU1FLkdCTF9BTUUlMjBJbmZyYSUyMENBJTIwMDUuY3J0MB0GA1UdDgQWBBTKawt4N6x8p9k75woYfzjrUqYBnjAOBgNVHQ8BAf8EBAMCBaAwggEmBgNVHR8EggEdMIIBGTCCARWgggERoIIBDYY_aHR0cDovL2NybC5taWNyb3NvZnQuY29tL3BraWluZnJhL0NSTC9BTUUlMjBJbmZyYSUyMENBJTIwMDUuY3JshjFodHRwOi8vY3JsMS5hbWUuZ2JsL2NybC9BTUUlMjBJbmZyYSUyMENBJTIwMDUuY3JshjFodHRwOi8vY3JsMi5hbWUuZ2JsL2NybC9BTUUlMjBJbmZyYSUyMENBJTIwMDUuY3JshjFodHRwOi8vY3JsMy5hbWUuZ2JsL2NybC9BTUUlMjBJbmZyYSUyMENBJTIwMDUuY3JshjFodHRwOi8vY3JsNC5hbWUuZ2JsL2NybC9BTUUlMjBJbmZyYSUyMENBJTIwMDUuY3JsMBcGA1UdIAQQMA4wDAYKKwYBBAGCN3sBATAfBgNVHSMEGDAWgBR61hmFKHlscXYeYPjzS--iBUIWHTAdBgNVHSUEFjAUBggrBgEFBQcDAQYIKwYBBQUHAwIwDQYJKoZIhvcNAQELBQADggEBAGji_KAUv6_88OBryH9Tc2FnuhP6kw1_9qI_bxwwrpjNorAgFsoL8moQCmnBbzbyOqj3slb0GG_k2GSPLPKD0ttjidH0Ml3QQLsl7Qc8Qu_gw04U5XqOD3yYClOgb6YkZWZfqzG8nAxSAQ0x7vUYT2Er_MyfAPi0hcgO4JcAaLNLOWkVRWR99ARjrYeBXSmnFE7t8kJXN5jkwzRCtJ-hZOOWDHCAhqhV_cCtoXUvb3hOSe95ixjsi_0CPo62En_H6pHPMP4NXzmTUn18wmyCXunz_qG3UOi4uy3VxJOP1_V_SbZlqV5Bhk7SOeMl6i8oBeRjq3HIi9UXo1OhSEuQeT4&s=u-w-sILT3jGEr8-sbQT_m8hAzVcYQNa1DENIDdaG2vV94mRcpYSR7l1QU6bFCnGPSJIg9psk4WwK1a9YoAGZ-6HnkJBDXsUK55B8lZCbs4W_8MOcrf0sCbgsIWQqWGv12uaOfB3CxQKQVr3XDkf4iGJbf-EuwNO_20Crsz2i_j4YsdWf164WnrzwF3qBp-96IB_ATBmi0_YbG86TViD3kXU47O1W7vCUbPON2JA1sWz7pPyr2X9zQW9V58eVnFFiyoNztuDjTGEZOgZ5MXiiNdo5WRHA933PsNoHK4VTotTjyz57rgIWCe4cjgElQZmekN78FTuoDt4tOqhFvbQ60w&h=Fps7jT10KSbnwG56ABmBLM-zpQ7Xw8WTOK_1DYWx3B4"
        ],
        "x-ms-request-id": [
          "ee03e1e4-5921-4a73-a5ca-8bfbb67d9ec8"
        ],
        "Server": [
          "Microsoft-HTTPAPI/2.0"
        ],
        "x-ms-ratelimit-remaining-tenant-writes": [
          "1199"
        ],
        "x-ms-correlation-request-id": [
          "098135ab-9f79-42d7-8456-0ed041de0889"
        ],
        "x-ms-routing-request-id": [
          "WESTUS:20231221T211812Z:098135ab-9f79-42d7-8456-0ed041de0889"
        ],
        "Strict-Transport-Security": [
          "max-age=31536000; includeSubDomains"
        ],
        "X-Content-Type-Options": [
          "nosniff"
        ],
        "Date": [
          "Thu, 21 Dec 2023 21:18:12 GMT"
        ],
        "Content-Length": [
          "1021"
        ],
        "Content-Type": [
          "application/json; charset=utf-8"
        ],
        "Expires": [
          "-1"
        ]
      },
      "ResponseBody": "{\r\n  \"location\": \"westus2\",\r\n  \"properties\": {\r\n    \"actionOnUnmanage\": {\r\n      \"resources\": \"detach\",\r\n      \"resourceGroups\": \"detach\",\r\n      \"managementGroups\": \"detach\"\r\n    },\r\n    \"description\": \"A Stack\",\r\n    \"denySettings\": {\r\n      \"mode\": \"none\",\r\n      \"applyToChildScopes\": false\r\n    },\r\n    \"parameters\": {},\r\n    \"resources\": [],\r\n    \"provisioningState\": \"initializing\",\r\n    \"detachedResources\": [],\r\n    \"deletedResources\": [],\r\n    \"failedResources\": []\r\n  },\r\n  \"systemData\": {\r\n    \"createdBy\": \"546094f3-32fa-493c-824c-bd9575b0d2fe\",\r\n    \"createdByType\": \"Application\",\r\n    \"createdAt\": \"2023-12-21T21:17:30.6358762Z\",\r\n    \"lastModifiedBy\": \"546094f3-32fa-493c-824c-bd9575b0d2fe\",\r\n    \"lastModifiedByType\": \"Application\",\r\n    \"lastModifiedAt\": \"2023-12-21T21:18:12.3375712Z\"\r\n  },\r\n  \"id\": \"/providers/Microsoft.Management/managementGroups/AzBlueprintAssignTest/providers/Microsoft.Resources/deploymentStacks/ps9815\",\r\n  \"type\": \"Microsoft.Resources/deploymentStacks\",\r\n  \"name\": \"ps9815\"\r\n}",
      "StatusCode": 200
    },
    {
      "RequestUri": "/providers/Microsoft.Management/managementGroups/AzBlueprintAssignTest/providers/Microsoft.Resources/deploymentStacks/ps9815?api-version=2022-08-01-preview",
      "EncodedRequestUri": "L3Byb3ZpZGVycy9NaWNyb3NvZnQuTWFuYWdlbWVudC9tYW5hZ2VtZW50R3JvdXBzL0F6Qmx1ZXByaW50QXNzaWduVGVzdC9wcm92aWRlcnMvTWljcm9zb2Z0LlJlc291cmNlcy9kZXBsb3ltZW50U3RhY2tzL3BzOTgxNT9hcGktdmVyc2lvbj0yMDIyLTA4LTAxLXByZXZpZXc=",
      "RequestMethod": "PUT",
      "RequestHeaders": {
        "x-ms-client-request-id": [
          "6439b8a0-883a-4b19-bd24-0f4d47157f1d"
        ],
        "Accept-Language": [
          "en-US"
        ],
        "User-Agent": [
          "FxVersion/6.0.2523.51912",
          "OSName/Windows",
          "OSVersion/Microsoft.Windows.10.0.22621",
          "Microsoft.Azure.Management.Resources.DeploymentStacksClient/6.12.1"
        ],
        "Content-Type": [
          "application/json; charset=utf-8"
        ],
        "Content-Length": [
          "3695"
        ]
      },
      "RequestBody": "{\r\n  \"location\": \"West US 2\",\r\n  \"properties\": {\r\n    \"template\": {\r\n      \"$schema\": \"https://schema.management.azure.com/schemas/2019-08-01/managementGroupDeploymentTemplate.json#\",\r\n      \"contentVersion\": \"1.0.0.0\",\r\n      \"metadata\": {\r\n        \"_generator\": {\r\n          \"name\": \"bicep\",\r\n          \"version\": \"0.16.2.56959\",\r\n          \"templateHash\": \"13529450622016881009\"\r\n        }\r\n      },\r\n      \"parameters\": {\r\n        \"subId\": {\r\n          \"type\": \"string\"\r\n        },\r\n        \"moduleName\": {\r\n          \"type\": \"string\"\r\n        },\r\n        \"policyDefinitionName\": {\r\n          \"type\": \"string\"\r\n        }\r\n      },\r\n      \"resources\": [\r\n        {\r\n          \"type\": \"Microsoft.Resources/deployments\",\r\n          \"apiVersion\": \"2022-09-01\",\r\n          \"name\": \"[parameters('moduleName')]\",\r\n          \"subscriptionId\": \"[parameters('subId')]\",\r\n          \"location\": \"[deployment().location]\",\r\n          \"properties\": {\r\n            \"expressionEvaluationOptions\": {\r\n              \"scope\": \"inner\"\r\n            },\r\n            \"mode\": \"Incremental\",\r\n            \"parameters\": {\r\n              \"policyDefinitionName\": {\r\n                \"value\": \"[parameters('policyDefinitionName')]\"\r\n              }\r\n            },\r\n            \"template\": {\r\n              \"$schema\": \"https://schema.management.azure.com/schemas/2018-05-01/subscriptionDeploymentTemplate.json#\",\r\n              \"contentVersion\": \"1.0.0.0\",\r\n              \"metadata\": {\r\n                \"_generator\": {\r\n                  \"name\": \"bicep\",\r\n                  \"version\": \"0.16.2.56959\",\r\n                  \"templateHash\": \"17912971569522144482\"\r\n                }\r\n              },\r\n              \"parameters\": {\r\n                \"allowedLocations\": {\r\n                  \"type\": \"array\",\r\n                  \"defaultValue\": [\r\n                    \"westus\"\r\n                  ],\r\n                  \"metadata\": {\r\n                    \"description\": \"An array of the allowed locations, all other locations will be denied by the created policy.\"\r\n                  }\r\n                },\r\n                \"policyDefinitionName\": {\r\n                  \"type\": \"string\"\r\n                }\r\n              },\r\n              \"resources\": [\r\n                {\r\n                  \"type\": \"Microsoft.Authorization/policyDefinitions\",\r\n                  \"apiVersion\": \"2020-03-01\",\r\n                  \"name\": \"[parameters('policyDefinitionName')]\",\r\n                  \"properties\": {\r\n                    \"policyType\": \"Custom\",\r\n                    \"mode\": \"All\",\r\n                    \"parameters\": {},\r\n                    \"policyRule\": {\r\n                      \"if\": {\r\n                        \"not\": {\r\n                          \"field\": \"location\",\r\n                          \"in\": \"[parameters('allowedLocations')]\"\r\n                        }\r\n                      },\r\n                      \"then\": {\r\n                        \"effect\": \"audit\"\r\n                      }\r\n                    }\r\n                  }\r\n                }\r\n              ]\r\n            }\r\n          }\r\n        }\r\n      ]\r\n    },\r\n    \"parameters\": {\r\n      \"moduleName\": {\r\n        \"value\": \"stacksMGtestmod\"\r\n      },\r\n      \"policyDefinitionName\": {\r\n        \"value\": \"PSCmdletTestPolicy476223\"\r\n      },\r\n      \"subId\": {\r\n        \"value\": \"4ce8c9fe-cadc-47d6-9c76-335812fd59df\"\r\n      }\r\n    },\r\n    \"actionOnUnmanage\": {\r\n      \"resources\": \"detach\",\r\n      \"resourceGroups\": \"detach\",\r\n      \"managementGroups\": \"detach\"\r\n    },\r\n    \"deploymentScope\": \"/subscriptions/a1bfa635-f2bf-42f1-86b5-848c674fc321\",\r\n    \"description\": \"A Stack\",\r\n    \"denySettings\": {\r\n      \"mode\": \"None\",\r\n      \"applyToChildScopes\": false\r\n    }\r\n  }\r\n}",
      "ResponseHeaders": {
        "Cache-Control": [
          "no-cache"
        ],
        "Pragma": [
          "no-cache"
        ],
        "Retry-After": [
          "0"
        ],
        "Azure-AsyncOperation": [
          "https://management.azure.com/providers/Microsoft.Resources/locations/westus2/deploymentStackOperationStatus/ab8651f4-af85-4075-baff-2c3742be1d80?api-version=2022-08-01-preview&t=638387903033201571&c=MIIHADCCBeigAwIBAgITfAQMTI1h2_N6jbL4IQAABAxMjTANBgkqhkiG9w0BAQsFADBEMRMwEQYKCZImiZPyLGQBGRYDR0JMMRMwEQYKCZImiZPyLGQBGRYDQU1FMRgwFgYDVQQDEw9BTUUgSW5mcmEgQ0EgMDUwHhcNMjMxMTAyMDczOTIwWhcNMjQxMDI3MDczOTIwWjBAMT4wPAYDVQQDEzVhc3luY29wZXJhdGlvbnNpZ25pbmdjZXJ0aWZpY2F0ZS5tYW5hZ2VtZW50LmF6dXJlLmNvbTCCASIwDQYJKoZIhvcNAQEBBQADggEPADCCAQoCggEBAM5nVon0S6tEvS61NcnXsn2CcuOI1nSrtGbtGk9X6y4qeqVj1PU84XJVMmBK-wLCx9U9sQu4pCLiJzifhHlKpcopJy-Q0rQVcsNpaY-PH3IH89wLTdFbfdjBPrPJDPSVvdFWtRsQRR-rvAo-16n97xYsXYb-mCYxLAx9eFB7n0SHLhuR6IxKfxJD4z9WENmuA-7e9lMfTsAE6Q9yJuFGb0vwVf4uLL9xcC6SHP_Xx1gaFGgG0I6Wtez1ZLLWmi7uOG4ABf3gOxNim_EQkyvCRXOl4RrCM0Sqz3ouFZyQRj4qU4WGqIwPDRF6lcyY4U-fx5YIgXcf1-WU0b8mUsaIPd0CAwEAAaOCA-0wggPpMCcGCSsGAQQBgjcVCgQaMBgwCgYIKwYBBQUHAwEwCgYIKwYBBQUHAwIwPQYJKwYBBAGCNxUHBDAwLgYmKwYBBAGCNxUIhpDjDYTVtHiE8Ys-hZvdFs6dEoFggvX2K4Py0SACAWQCAQowggHLBggrBgEFBQcBAQSCAb0wggG5MGMGCCsGAQUFBzAChldodHRwOi8vY3JsLm1pY3Jvc29mdC5jb20vcGtpaW5mcmEvQ2VydHMvQ08xUEtJSU5UQ0EwMS5BTUUuR0JMX0FNRSUyMEluZnJhJTIwQ0ElMjAwNS5jcnQwUwYIKwYBBQUHMAKGR2h0dHA6Ly9jcmwxLmFtZS5nYmwvYWlhL0NPMVBLSUlOVENBMDEuQU1FLkdCTF9BTUUlMjBJbmZyYSUyMENBJTIwMDUuY3J0MFMGCCsGAQUFBzAChkdodHRwOi8vY3JsMi5hbWUuZ2JsL2FpYS9DTzFQS0lJTlRDQTAxLkFNRS5HQkxfQU1FJTIwSW5mcmElMjBDQSUyMDA1LmNydDBTBggrBgEFBQcwAoZHaHR0cDovL2NybDMuYW1lLmdibC9haWEvQ08xUEtJSU5UQ0EwMS5BTUUuR0JMX0FNRSUyMEluZnJhJTIwQ0ElMjAwNS5jcnQwUwYIKwYBBQUHMAKGR2h0dHA6Ly9jcmw0LmFtZS5nYmwvYWlhL0NPMVBLSUlOVENBMDEuQU1FLkdCTF9BTUUlMjBJbmZyYSUyMENBJTIwMDUuY3J0MB0GA1UdDgQWBBTKawt4N6x8p9k75woYfzjrUqYBnjAOBgNVHQ8BAf8EBAMCBaAwggEmBgNVHR8EggEdMIIBGTCCARWgggERoIIBDYY_aHR0cDovL2NybC5taWNyb3NvZnQuY29tL3BraWluZnJhL0NSTC9BTUUlMjBJbmZyYSUyMENBJTIwMDUuY3JshjFodHRwOi8vY3JsMS5hbWUuZ2JsL2NybC9BTUUlMjBJbmZyYSUyMENBJTIwMDUuY3JshjFodHRwOi8vY3JsMi5hbWUuZ2JsL2NybC9BTUUlMjBJbmZyYSUyMENBJTIwMDUuY3JshjFodHRwOi8vY3JsMy5hbWUuZ2JsL2NybC9BTUUlMjBJbmZyYSUyMENBJTIwMDUuY3JshjFodHRwOi8vY3JsNC5hbWUuZ2JsL2NybC9BTUUlMjBJbmZyYSUyMENBJTIwMDUuY3JsMBcGA1UdIAQQMA4wDAYKKwYBBAGCN3sBATAfBgNVHSMEGDAWgBR61hmFKHlscXYeYPjzS--iBUIWHTAdBgNVHSUEFjAUBggrBgEFBQcDAQYIKwYBBQUHAwIwDQYJKoZIhvcNAQELBQADggEBAGji_KAUv6_88OBryH9Tc2FnuhP6kw1_9qI_bxwwrpjNorAgFsoL8moQCmnBbzbyOqj3slb0GG_k2GSPLPKD0ttjidH0Ml3QQLsl7Qc8Qu_gw04U5XqOD3yYClOgb6YkZWZfqzG8nAxSAQ0x7vUYT2Er_MyfAPi0hcgO4JcAaLNLOWkVRWR99ARjrYeBXSmnFE7t8kJXN5jkwzRCtJ-hZOOWDHCAhqhV_cCtoXUvb3hOSe95ixjsi_0CPo62En_H6pHPMP4NXzmTUn18wmyCXunz_qG3UOi4uy3VxJOP1_V_SbZlqV5Bhk7SOeMl6i8oBeRjq3HIi9UXo1OhSEuQeT4&s=aa2gYEoYobqPXqvLCyyUCvkXoIQBkwLEm9sW8cBFwkaVNklx3YTMZ3rhcosbygfZYopx8DGmWH7M1gNDXbOGVWNAhVzPHkGpydE6InD--MFlnqs3kW82qC7QnyWtD4jCXHOdEFPyBRd3fKqjIROYdl0FhvgF5aSzYRsFpHeS2KXxozO1aCnLjA7KVekgsTLgbqrK_7NWiyfVi_r2dDq0I9MEWZ5PLHNCeaKW2Sri3lcRPT6OKYHQYaCoSGNgwqsk1nti2k_GqNo500S7lXs_e8cvvpHLcwJ4Qe5XNB0bu834r2qVhezbQrDYGYulrHU72NWy2DZp-Yp4dXuTOBfqjQ&h=vSd6HeSvo801BsDHVIjD1yt4xmXL_LmVMHunIcp8G1Y"
        ],
        "x-ms-request-id": [
          "75e253b4-8750-42df-8582-1278da9f78a3"
        ],
        "Server": [
          "Microsoft-HTTPAPI/2.0"
        ],
        "x-ms-ratelimit-remaining-tenant-writes": [
          "1199"
        ],
        "x-ms-correlation-request-id": [
          "b43bce6a-8877-4b5b-bade-ba07be4695eb"
        ],
        "x-ms-routing-request-id": [
          "WESTUS:20231221T211823Z:b43bce6a-8877-4b5b-bade-ba07be4695eb"
        ],
        "Strict-Transport-Security": [
          "max-age=31536000; includeSubDomains"
        ],
        "X-Content-Type-Options": [
          "nosniff"
        ],
        "Date": [
          "Thu, 21 Dec 2023 21:18:22 GMT"
        ],
        "Content-Length": [
          "1428"
        ],
        "Content-Type": [
          "application/json; charset=utf-8"
        ],
        "Expires": [
          "-1"
        ]
      },
      "ResponseBody": "{\r\n  \"location\": \"westus2\",\r\n  \"properties\": {\r\n    \"actionOnUnmanage\": {\r\n      \"resources\": \"detach\",\r\n      \"resourceGroups\": \"detach\",\r\n      \"managementGroups\": \"detach\"\r\n    },\r\n    \"deploymentScope\": \"/subscriptions/a1bfa635-f2bf-42f1-86b5-848c674fc321\",\r\n    \"description\": \"A Stack\",\r\n    \"denySettings\": {\r\n      \"mode\": \"none\",\r\n      \"applyToChildScopes\": false\r\n    },\r\n    \"parameters\": {\r\n      \"moduleName\": {\r\n        \"value\": \"stacksMGtestmod\",\r\n        \"type\": \"string\"\r\n      },\r\n      \"policyDefinitionName\": {\r\n        \"value\": \"PSCmdletTestPolicy476223\",\r\n        \"type\": \"string\"\r\n      },\r\n      \"subId\": {\r\n        \"value\": \"4ce8c9fe-cadc-47d6-9c76-335812fd59df\",\r\n        \"type\": \"string\"\r\n      }\r\n    },\r\n    \"resources\": [],\r\n    \"provisioningState\": \"initializing\",\r\n    \"detachedResources\": [],\r\n    \"deletedResources\": [],\r\n    \"failedResources\": []\r\n  },\r\n  \"systemData\": {\r\n    \"createdBy\": \"546094f3-32fa-493c-824c-bd9575b0d2fe\",\r\n    \"createdByType\": \"Application\",\r\n    \"createdAt\": \"2023-12-21T21:17:30.6358762Z\",\r\n    \"lastModifiedBy\": \"546094f3-32fa-493c-824c-bd9575b0d2fe\",\r\n    \"lastModifiedByType\": \"Application\",\r\n    \"lastModifiedAt\": \"2023-12-21T21:18:23.1795335Z\"\r\n  },\r\n  \"id\": \"/providers/Microsoft.Management/managementGroups/AzBlueprintAssignTest/providers/Microsoft.Resources/deploymentStacks/ps9815\",\r\n  \"type\": \"Microsoft.Resources/deploymentStacks\",\r\n  \"name\": \"ps9815\"\r\n}",
      "StatusCode": 200
    },
    {
      "RequestUri": "/subscriptions/a1bfa635-f2bf-42f1-86b5-848c674fc321/providers/Microsoft.Resources/deployments/ps9815-2312212154jyo/operations?api-version=2022-09-01",
      "EncodedRequestUri": "L3N1YnNjcmlwdGlvbnMvYTFiZmE2MzUtZjJiZi00MmYxLTg2YjUtODQ4YzY3NGZjMzIxL3Byb3ZpZGVycy9NaWNyb3NvZnQuUmVzb3VyY2VzL2RlcGxveW1lbnRzL3BzOTgxNS0yMzEyMjEyMTU0anlvL29wZXJhdGlvbnM/YXBpLXZlcnNpb249MjAyMi0wOS0wMQ==",
      "RequestMethod": "GET",
      "RequestHeaders": {
        "x-ms-client-request-id": [
          "ff82df7a-bb62-4e46-9fde-55d6a2a3e5ad"
        ],
        "Accept-Language": [
          "en-US"
        ],
        "User-Agent": [
          "FxVersion/6.0.2523.51912",
          "OSName/Windows",
          "OSVersion/Microsoft.Windows.10.0.22621",
          "Microsoft.Azure.Management.Resources.ResourceManagementClient/6.12.1"
        ]
      },
      "RequestBody": "",
      "ResponseHeaders": {
        "Cache-Control": [
          "no-cache"
        ],
        "Pragma": [
          "no-cache"
        ],
        "x-ms-ratelimit-remaining-subscription-reads": [
          "11989"
        ],
        "x-ms-request-id": [
          "77ba69bd-15be-41d1-ba0d-7e7daa55b3ed"
        ],
        "x-ms-correlation-request-id": [
          "77ba69bd-15be-41d1-ba0d-7e7daa55b3ed"
        ],
        "x-ms-routing-request-id": [
          "WESTUS:20231221T211741Z:77ba69bd-15be-41d1-ba0d-7e7daa55b3ed"
        ],
        "Strict-Transport-Security": [
          "max-age=31536000; includeSubDomains"
        ],
        "X-Content-Type-Options": [
          "nosniff"
        ],
        "Date": [
          "Thu, 21 Dec 2023 21:17:40 GMT"
        ],
        "Content-Type": [
          "application/json; charset=utf-8"
        ],
        "Expires": [
          "-1"
        ],
        "Content-Length": [
          "441"
        ],
        "Retry-After": [
          "0"
        ]
      },
      "ResponseBody": "{\r\n  \"value\": [\r\n    {\r\n      \"id\": \"/subscriptions/a1bfa635-f2bf-42f1-86b5-848c674fc321/providers/Microsoft.Resources/deployments/ps9815-2312212154jyo/operations/08584984134333246540\",\r\n      \"operationId\": \"08584984134333246540\",\r\n      \"properties\": {\r\n        \"provisioningOperation\": \"EvaluateDeploymentOutput\",\r\n        \"provisioningState\": \"Succeeded\",\r\n        \"timestamp\": \"2023-12-21T21:17:33.0706902Z\",\r\n        \"duration\": \"PT0.0779458S\",\r\n        \"trackingId\": \"70253181-91df-40a6-8855-00cdfc43f235\",\r\n        \"statusCode\": \"OK\"\r\n      }\r\n    }\r\n  ]\r\n}",
      "StatusCode": 200
    },
    {
      "RequestUri": "/subscriptions/a1bfa635-f2bf-42f1-86b5-848c674fc321/providers/Microsoft.Resources/deployments/ps9815-2312212154jyo?api-version=2022-09-01",
      "EncodedRequestUri": "L3N1YnNjcmlwdGlvbnMvYTFiZmE2MzUtZjJiZi00MmYxLTg2YjUtODQ4YzY3NGZjMzIxL3Byb3ZpZGVycy9NaWNyb3NvZnQuUmVzb3VyY2VzL2RlcGxveW1lbnRzL3BzOTgxNS0yMzEyMjEyMTU0anlvP2FwaS12ZXJzaW9uPTIwMjItMDktMDE=",
      "RequestMethod": "GET",
      "RequestHeaders": {
        "x-ms-client-request-id": [
          "ff82df7a-bb62-4e46-9fde-55d6a2a3e5ad"
        ],
        "Accept-Language": [
          "en-US"
        ],
        "User-Agent": [
          "FxVersion/6.0.2523.51912",
          "OSName/Windows",
          "OSVersion/Microsoft.Windows.10.0.22621",
          "Microsoft.Azure.Management.Resources.ResourceManagementClient/6.12.1"
        ]
      },
      "RequestBody": "",
      "ResponseHeaders": {
        "Cache-Control": [
          "no-cache"
        ],
        "Pragma": [
          "no-cache"
        ],
        "x-ms-ratelimit-remaining-subscription-reads": [
          "11988"
        ],
        "x-ms-request-id": [
          "9f07c889-fea1-484e-bb08-3672b0f1e4f0"
        ],
        "x-ms-correlation-request-id": [
          "9f07c889-fea1-484e-bb08-3672b0f1e4f0"
        ],
        "x-ms-routing-request-id": [
          "WESTUS:20231221T211741Z:9f07c889-fea1-484e-bb08-3672b0f1e4f0"
        ],
        "Strict-Transport-Security": [
          "max-age=31536000; includeSubDomains"
        ],
        "X-Content-Type-Options": [
          "nosniff"
        ],
        "Date": [
          "Thu, 21 Dec 2023 21:17:40 GMT"
        ],
        "Content-Type": [
          "application/json; charset=utf-8"
        ],
        "Expires": [
          "-1"
        ],
        "Content-Length": [
          "528"
        ],
        "Retry-After": [
          "0"
        ]
      },
      "ResponseBody": "{\r\n  \"id\": \"/subscriptions/a1bfa635-f2bf-42f1-86b5-848c674fc321/providers/Microsoft.Resources/deployments/ps9815-2312212154jyo\",\r\n  \"name\": \"ps9815-2312212154jyo\",\r\n  \"type\": \"Microsoft.Resources/deployments\",\r\n  \"location\": \"westus2\",\r\n  \"properties\": {\r\n    \"templateHash\": \"10147608604393588405\",\r\n    \"parameters\": {},\r\n    \"mode\": \"Incremental\",\r\n    \"provisioningState\": \"Succeeded\",\r\n    \"timestamp\": \"2023-12-21T21:17:33.0914386Z\",\r\n    \"duration\": \"PT0.8930364S\",\r\n    \"correlationId\": \"a57dc68a-bc98-4552-bb19-61f9d6bed0b8\",\r\n    \"providers\": [],\r\n    \"dependencies\": [],\r\n    \"outputs\": {},\r\n    \"outputResources\": []\r\n  }\r\n}",
      "StatusCode": 200
    },
    {
      "RequestUri": "/subscriptions/a1bfa635-f2bf-42f1-86b5-848c674fc321/providers/Microsoft.Resources/deployments/ps9815-2312212156hk8/operations?api-version=2022-09-01",
      "EncodedRequestUri": "L3N1YnNjcmlwdGlvbnMvYTFiZmE2MzUtZjJiZi00MmYxLTg2YjUtODQ4YzY3NGZjMzIxL3Byb3ZpZGVycy9NaWNyb3NvZnQuUmVzb3VyY2VzL2RlcGxveW1lbnRzL3BzOTgxNS0yMzEyMjEyMTU2aGs4L29wZXJhdGlvbnM/YXBpLXZlcnNpb249MjAyMi0wOS0wMQ==",
      "RequestMethod": "GET",
      "RequestHeaders": {
        "x-ms-client-request-id": [
          "fcc42891-6cc8-4855-b58c-46b3966f7286"
        ],
        "Accept-Language": [
          "en-US"
        ],
        "User-Agent": [
          "FxVersion/6.0.2523.51912",
          "OSName/Windows",
          "OSVersion/Microsoft.Windows.10.0.22621",
          "Microsoft.Azure.Management.Resources.ResourceManagementClient/6.12.1"
        ]
      },
      "RequestBody": "",
      "ResponseHeaders": {
        "Cache-Control": [
          "no-cache"
        ],
        "Pragma": [
          "no-cache"
        ],
        "x-ms-ratelimit-remaining-subscription-reads": [
          "11999"
        ],
        "x-ms-request-id": [
          "f807c69f-e684-413e-94d0-02f74efc9cf1"
        ],
        "x-ms-correlation-request-id": [
          "f807c69f-e684-413e-94d0-02f74efc9cf1"
        ],
        "x-ms-routing-request-id": [
          "WESTUS:20231221T211752Z:f807c69f-e684-413e-94d0-02f74efc9cf1"
        ],
        "Strict-Transport-Security": [
          "max-age=31536000; includeSubDomains"
        ],
        "X-Content-Type-Options": [
          "nosniff"
        ],
        "Date": [
          "Thu, 21 Dec 2023 21:17:51 GMT"
        ],
        "Content-Type": [
          "application/json; charset=utf-8"
        ],
        "Expires": [
          "-1"
        ],
        "Content-Length": [
          "631"
        ],
        "Retry-After": [
          "0"
        ]
      },
      "ResponseBody": "{\r\n  \"value\": [\r\n    {\r\n      \"id\": \"/subscriptions/a1bfa635-f2bf-42f1-86b5-848c674fc321/providers/Microsoft.Resources/deployments/ps9815-2312212156hk8/operations/38B77F1D7F608A8D\",\r\n      \"operationId\": \"38B77F1D7F608A8D\",\r\n      \"properties\": {\r\n        \"provisioningOperation\": \"Create\",\r\n        \"provisioningState\": \"Running\",\r\n        \"timestamp\": \"2023-12-21T21:17:44.3497593Z\",\r\n        \"duration\": \"PT0.7977393S\",\r\n        \"trackingId\": \"dc0d8fc1-4611-4205-aa99-9636ecf70475\",\r\n        \"statusCode\": \"OK\",\r\n        \"targetResource\": {\r\n          \"id\": \"/subscriptions/4ce8c9fe-cadc-47d6-9c76-335812fd59df/providers/Microsoft.Resources/deployments/stacksMGtestmod\",\r\n          \"resourceType\": \"Microsoft.Resources/deployments\",\r\n          \"resourceName\": \"stacksMGtestmod\"\r\n        }\r\n      }\r\n    }\r\n  ]\r\n}",
      "StatusCode": 200
    },
    {
      "RequestUri": "/subscriptions/a1bfa635-f2bf-42f1-86b5-848c674fc321/providers/Microsoft.Resources/deployments/ps9815-2312212156hk8/operations?api-version=2022-09-01",
      "EncodedRequestUri": "L3N1YnNjcmlwdGlvbnMvYTFiZmE2MzUtZjJiZi00MmYxLTg2YjUtODQ4YzY3NGZjMzIxL3Byb3ZpZGVycy9NaWNyb3NvZnQuUmVzb3VyY2VzL2RlcGxveW1lbnRzL3BzOTgxNS0yMzEyMjEyMTU2aGs4L29wZXJhdGlvbnM/YXBpLXZlcnNpb249MjAyMi0wOS0wMQ==",
      "RequestMethod": "GET",
      "RequestHeaders": {
        "x-ms-client-request-id": [
          "fcc42891-6cc8-4855-b58c-46b3966f7286"
        ],
        "Accept-Language": [
          "en-US"
        ],
        "User-Agent": [
          "FxVersion/6.0.2523.51912",
          "OSName/Windows",
          "OSVersion/Microsoft.Windows.10.0.22621",
          "Microsoft.Azure.Management.Resources.ResourceManagementClient/6.12.1"
        ]
      },
      "RequestBody": "",
      "ResponseHeaders": {
        "Cache-Control": [
          "no-cache"
        ],
        "Pragma": [
          "no-cache"
        ],
        "x-ms-ratelimit-remaining-subscription-reads": [
          "11997"
        ],
        "x-ms-request-id": [
          "6a31a8f8-5703-4ae1-9dc2-52786638f1dc"
        ],
        "x-ms-correlation-request-id": [
          "6a31a8f8-5703-4ae1-9dc2-52786638f1dc"
        ],
        "x-ms-routing-request-id": [
          "WESTUS:20231221T211801Z:6a31a8f8-5703-4ae1-9dc2-52786638f1dc"
        ],
        "Strict-Transport-Security": [
          "max-age=31536000; includeSubDomains"
        ],
        "X-Content-Type-Options": [
          "nosniff"
        ],
        "Date": [
          "Thu, 21 Dec 2023 21:18:00 GMT"
        ],
        "Content-Type": [
          "application/json; charset=utf-8"
        ],
        "Expires": [
          "-1"
        ],
        "Content-Length": [
          "634"
        ],
        "Retry-After": [
          "0"
        ]
      },
      "ResponseBody": "{\r\n  \"value\": [\r\n    {\r\n      \"id\": \"/subscriptions/a1bfa635-f2bf-42f1-86b5-848c674fc321/providers/Microsoft.Resources/deployments/ps9815-2312212156hk8/operations/38B77F1D7F608A8D\",\r\n      \"operationId\": \"38B77F1D7F608A8D\",\r\n      \"properties\": {\r\n        \"provisioningOperation\": \"Create\",\r\n        \"provisioningState\": \"Succeeded\",\r\n        \"timestamp\": \"2023-12-21T21:18:00.9457832Z\",\r\n        \"duration\": \"PT17.3937632S\",\r\n        \"trackingId\": \"972aabaf-7401-438f-a2be-32bb8d0b611d\",\r\n        \"statusCode\": \"OK\",\r\n        \"targetResource\": {\r\n          \"id\": \"/subscriptions/4ce8c9fe-cadc-47d6-9c76-335812fd59df/providers/Microsoft.Resources/deployments/stacksMGtestmod\",\r\n          \"resourceType\": \"Microsoft.Resources/deployments\",\r\n          \"resourceName\": \"stacksMGtestmod\"\r\n        }\r\n      }\r\n    }\r\n  ]\r\n}",
      "StatusCode": 200
    },
    {
      "RequestUri": "/subscriptions/a1bfa635-f2bf-42f1-86b5-848c674fc321/providers/Microsoft.Resources/deployments/ps9815-2312212156hk8/operations?api-version=2022-09-01",
      "EncodedRequestUri": "L3N1YnNjcmlwdGlvbnMvYTFiZmE2MzUtZjJiZi00MmYxLTg2YjUtODQ4YzY3NGZjMzIxL3Byb3ZpZGVycy9NaWNyb3NvZnQuUmVzb3VyY2VzL2RlcGxveW1lbnRzL3BzOTgxNS0yMzEyMjEyMTU2aGs4L29wZXJhdGlvbnM/YXBpLXZlcnNpb249MjAyMi0wOS0wMQ==",
      "RequestMethod": "GET",
      "RequestHeaders": {
        "x-ms-client-request-id": [
          "fcc42891-6cc8-4855-b58c-46b3966f7286"
        ],
        "Accept-Language": [
          "en-US"
        ],
        "User-Agent": [
          "FxVersion/6.0.2523.51912",
          "OSName/Windows",
          "OSVersion/Microsoft.Windows.10.0.22621",
          "Microsoft.Azure.Management.Resources.ResourceManagementClient/6.12.1"
        ]
      },
      "RequestBody": "",
      "ResponseHeaders": {
        "Cache-Control": [
          "no-cache"
        ],
        "Pragma": [
          "no-cache"
        ],
        "x-ms-ratelimit-remaining-subscription-reads": [
          "11995"
        ],
        "x-ms-request-id": [
          "dce24c68-cedc-4381-a91d-01962aa85a0a"
        ],
        "x-ms-correlation-request-id": [
          "dce24c68-cedc-4381-a91d-01962aa85a0a"
        ],
        "x-ms-routing-request-id": [
          "WESTUS:20231221T211806Z:dce24c68-cedc-4381-a91d-01962aa85a0a"
        ],
        "Strict-Transport-Security": [
          "max-age=31536000; includeSubDomains"
        ],
        "X-Content-Type-Options": [
          "nosniff"
        ],
        "Date": [
          "Thu, 21 Dec 2023 21:18:05 GMT"
        ],
        "Content-Type": [
          "application/json; charset=utf-8"
        ],
        "Expires": [
          "-1"
        ],
        "Content-Length": [
          "1065"
        ],
        "Retry-After": [
          "0"
        ]
      },
      "ResponseBody": "{\r\n  \"value\": [\r\n    {\r\n      \"id\": \"/subscriptions/a1bfa635-f2bf-42f1-86b5-848c674fc321/providers/Microsoft.Resources/deployments/ps9815-2312212156hk8/operations/38B77F1D7F608A8D\",\r\n      \"operationId\": \"38B77F1D7F608A8D\",\r\n      \"properties\": {\r\n        \"provisioningOperation\": \"Create\",\r\n        \"provisioningState\": \"Succeeded\",\r\n        \"timestamp\": \"2023-12-21T21:18:00.9457832Z\",\r\n        \"duration\": \"PT17.3937632S\",\r\n        \"trackingId\": \"972aabaf-7401-438f-a2be-32bb8d0b611d\",\r\n        \"statusCode\": \"OK\",\r\n        \"targetResource\": {\r\n          \"id\": \"/subscriptions/4ce8c9fe-cadc-47d6-9c76-335812fd59df/providers/Microsoft.Resources/deployments/stacksMGtestmod\",\r\n          \"resourceType\": \"Microsoft.Resources/deployments\",\r\n          \"resourceName\": \"stacksMGtestmod\"\r\n        }\r\n      }\r\n    },\r\n    {\r\n      \"id\": \"/subscriptions/a1bfa635-f2bf-42f1-86b5-848c674fc321/providers/Microsoft.Resources/deployments/ps9815-2312212156hk8/operations/08584984134226491092\",\r\n      \"operationId\": \"08584984134226491092\",\r\n      \"properties\": {\r\n        \"provisioningOperation\": \"EvaluateDeploymentOutput\",\r\n        \"provisioningState\": \"Succeeded\",\r\n        \"timestamp\": \"2023-12-21T21:18:01.4704358Z\",\r\n        \"duration\": \"PT17.9184158S\",\r\n        \"trackingId\": \"5562161e-b120-427e-b6c9-d1f609157094\",\r\n        \"statusCode\": \"OK\"\r\n      }\r\n    }\r\n  ]\r\n}",
      "StatusCode": 200
    },
    {
      "RequestUri": "/subscriptions/4ce8c9fe-cadc-47d6-9c76-335812fd59df/providers/Microsoft.Resources/deployments/stacksMGtestmod?api-version=2022-09-01",
      "EncodedRequestUri": "L3N1YnNjcmlwdGlvbnMvNGNlOGM5ZmUtY2FkYy00N2Q2LTljNzYtMzM1ODEyZmQ1OWRmL3Byb3ZpZGVycy9NaWNyb3NvZnQuUmVzb3VyY2VzL2RlcGxveW1lbnRzL3N0YWNrc01HdGVzdG1vZD9hcGktdmVyc2lvbj0yMDIyLTA5LTAx",
      "RequestMethod": "HEAD",
      "RequestHeaders": {
        "x-ms-client-request-id": [
          "fcc42891-6cc8-4855-b58c-46b3966f7286"
        ],
        "Accept-Language": [
          "en-US"
        ],
        "User-Agent": [
          "FxVersion/6.0.2523.51912",
          "OSName/Windows",
          "OSVersion/Microsoft.Windows.10.0.22621",
          "Microsoft.Azure.Management.Resources.ResourceManagementClient/6.12.1"
        ]
      },
      "RequestBody": "",
      "ResponseHeaders": {
        "Cache-Control": [
          "no-cache"
        ],
        "Pragma": [
          "no-cache"
        ],
        "x-ms-ratelimit-remaining-subscription-reads": [
          "11999"
        ],
        "x-ms-request-id": [
          "e11899b2-fdac-465f-b651-41a1330a14fc"
        ],
        "x-ms-correlation-request-id": [
          "e11899b2-fdac-465f-b651-41a1330a14fc"
        ],
        "x-ms-routing-request-id": [
          "WESTUS:20231221T211752Z:e11899b2-fdac-465f-b651-41a1330a14fc"
        ],
        "Strict-Transport-Security": [
          "max-age=31536000; includeSubDomains"
        ],
        "X-Content-Type-Options": [
          "nosniff"
        ],
        "Date": [
          "Thu, 21 Dec 2023 21:17:52 GMT"
        ],
        "Connection": [
          "close"
        ],
        "Content-Length": [
          "0"
        ],
        "Expires": [
          "-1"
        ],
        "Retry-After": [
          "0"
        ]
      },
      "ResponseBody": "",
      "StatusCode": 204
    },
    {
      "RequestUri": "/subscriptions/4ce8c9fe-cadc-47d6-9c76-335812fd59df/providers/Microsoft.Resources/deployments/stacksMGtestmod?api-version=2022-09-01",
      "EncodedRequestUri": "L3N1YnNjcmlwdGlvbnMvNGNlOGM5ZmUtY2FkYy00N2Q2LTljNzYtMzM1ODEyZmQ1OWRmL3Byb3ZpZGVycy9NaWNyb3NvZnQuUmVzb3VyY2VzL2RlcGxveW1lbnRzL3N0YWNrc01HdGVzdG1vZD9hcGktdmVyc2lvbj0yMDIyLTA5LTAx",
      "RequestMethod": "HEAD",
      "RequestHeaders": {
        "x-ms-client-request-id": [
          "fcc42891-6cc8-4855-b58c-46b3966f7286"
        ],
        "Accept-Language": [
          "en-US"
        ],
        "User-Agent": [
          "FxVersion/6.0.2523.51912",
          "OSName/Windows",
          "OSVersion/Microsoft.Windows.10.0.22621",
          "Microsoft.Azure.Management.Resources.ResourceManagementClient/6.12.1"
        ]
      },
      "RequestBody": "",
      "ResponseHeaders": {
        "Cache-Control": [
          "no-cache"
        ],
        "Pragma": [
          "no-cache"
        ],
        "x-ms-ratelimit-remaining-subscription-reads": [
          "11998"
        ],
        "x-ms-request-id": [
          "a019b204-60c7-4346-9d38-94d964b4dfb5"
        ],
        "x-ms-correlation-request-id": [
          "a019b204-60c7-4346-9d38-94d964b4dfb5"
        ],
        "x-ms-routing-request-id": [
          "WESTUS:20231221T211801Z:a019b204-60c7-4346-9d38-94d964b4dfb5"
        ],
        "Strict-Transport-Security": [
          "max-age=31536000; includeSubDomains"
        ],
        "X-Content-Type-Options": [
          "nosniff"
        ],
        "Date": [
          "Thu, 21 Dec 2023 21:18:00 GMT"
        ],
        "Content-Length": [
          "0"
        ],
        "Expires": [
          "-1"
        ],
        "Retry-After": [
          "0"
        ]
      },
      "ResponseBody": "",
      "StatusCode": 204
    },
    {
      "RequestUri": "/subscriptions/4ce8c9fe-cadc-47d6-9c76-335812fd59df/providers/Microsoft.Resources/deployments/stacksMGtestmod?api-version=2022-09-01",
      "EncodedRequestUri": "L3N1YnNjcmlwdGlvbnMvNGNlOGM5ZmUtY2FkYy00N2Q2LTljNzYtMzM1ODEyZmQ1OWRmL3Byb3ZpZGVycy9NaWNyb3NvZnQuUmVzb3VyY2VzL2RlcGxveW1lbnRzL3N0YWNrc01HdGVzdG1vZD9hcGktdmVyc2lvbj0yMDIyLTA5LTAx",
      "RequestMethod": "HEAD",
      "RequestHeaders": {
        "x-ms-client-request-id": [
          "fcc42891-6cc8-4855-b58c-46b3966f7286"
        ],
        "Accept-Language": [
          "en-US"
        ],
        "User-Agent": [
          "FxVersion/6.0.2523.51912",
          "OSName/Windows",
          "OSVersion/Microsoft.Windows.10.0.22621",
          "Microsoft.Azure.Management.Resources.ResourceManagementClient/6.12.1"
        ]
      },
      "RequestBody": "",
      "ResponseHeaders": {
        "Cache-Control": [
          "no-cache"
        ],
        "Pragma": [
          "no-cache"
        ],
        "x-ms-ratelimit-remaining-subscription-reads": [
          "11996"
        ],
        "x-ms-request-id": [
          "0ef7b5d8-9ab2-4e29-b99b-c7aeefd3bb90"
        ],
        "x-ms-correlation-request-id": [
          "0ef7b5d8-9ab2-4e29-b99b-c7aeefd3bb90"
        ],
        "x-ms-routing-request-id": [
          "WESTUS:20231221T211806Z:0ef7b5d8-9ab2-4e29-b99b-c7aeefd3bb90"
        ],
        "Strict-Transport-Security": [
          "max-age=31536000; includeSubDomains"
        ],
        "X-Content-Type-Options": [
          "nosniff"
        ],
        "Date": [
          "Thu, 21 Dec 2023 21:18:05 GMT"
        ],
        "Content-Length": [
          "0"
        ],
        "Expires": [
          "-1"
        ],
        "Retry-After": [
          "0"
        ]
      },
      "ResponseBody": "",
      "StatusCode": 204
    },
    {
      "RequestUri": "/subscriptions/4ce8c9fe-cadc-47d6-9c76-335812fd59df/providers/Microsoft.Resources/deployments/stacksMGtestmod?api-version=2022-09-01",
      "EncodedRequestUri": "L3N1YnNjcmlwdGlvbnMvNGNlOGM5ZmUtY2FkYy00N2Q2LTljNzYtMzM1ODEyZmQ1OWRmL3Byb3ZpZGVycy9NaWNyb3NvZnQuUmVzb3VyY2VzL2RlcGxveW1lbnRzL3N0YWNrc01HdGVzdG1vZD9hcGktdmVyc2lvbj0yMDIyLTA5LTAx",
      "RequestMethod": "HEAD",
      "RequestHeaders": {
        "x-ms-client-request-id": [
          "6439b8a0-883a-4b19-bd24-0f4d47157f1d"
        ],
        "Accept-Language": [
          "en-US"
        ],
        "User-Agent": [
          "FxVersion/6.0.2523.51912",
          "OSName/Windows",
          "OSVersion/Microsoft.Windows.10.0.22621",
          "Microsoft.Azure.Management.Resources.ResourceManagementClient/6.12.1"
        ]
      },
      "RequestBody": "",
      "ResponseHeaders": {
        "Cache-Control": [
          "no-cache"
        ],
        "Pragma": [
          "no-cache"
        ],
        "x-ms-ratelimit-remaining-subscription-reads": [
          "11999"
        ],
        "x-ms-request-id": [
          "05dbfabb-845d-4f4f-b1d4-3ac1312f722e"
        ],
        "x-ms-correlation-request-id": [
          "05dbfabb-845d-4f4f-b1d4-3ac1312f722e"
        ],
        "x-ms-routing-request-id": [
          "WESTUS:20231221T211833Z:05dbfabb-845d-4f4f-b1d4-3ac1312f722e"
        ],
        "Strict-Transport-Security": [
          "max-age=31536000; includeSubDomains"
        ],
        "X-Content-Type-Options": [
          "nosniff"
        ],
        "Date": [
          "Thu, 21 Dec 2023 21:18:33 GMT"
        ],
        "Content-Length": [
          "0"
        ],
        "Expires": [
          "-1"
        ],
        "Retry-After": [
          "0"
        ]
      },
      "ResponseBody": "",
      "StatusCode": 204
    },
    {
      "RequestUri": "/subscriptions/4ce8c9fe-cadc-47d6-9c76-335812fd59df/providers/Microsoft.Resources/deployments/stacksMGtestmod?api-version=2022-09-01",
      "EncodedRequestUri": "L3N1YnNjcmlwdGlvbnMvNGNlOGM5ZmUtY2FkYy00N2Q2LTljNzYtMzM1ODEyZmQ1OWRmL3Byb3ZpZGVycy9NaWNyb3NvZnQuUmVzb3VyY2VzL2RlcGxveW1lbnRzL3N0YWNrc01HdGVzdG1vZD9hcGktdmVyc2lvbj0yMDIyLTA5LTAx",
      "RequestMethod": "HEAD",
      "RequestHeaders": {
        "x-ms-client-request-id": [
          "6439b8a0-883a-4b19-bd24-0f4d47157f1d"
        ],
        "Accept-Language": [
          "en-US"
        ],
        "User-Agent": [
          "FxVersion/6.0.2523.51912",
          "OSName/Windows",
          "OSVersion/Microsoft.Windows.10.0.22621",
          "Microsoft.Azure.Management.Resources.ResourceManagementClient/6.12.1"
        ]
      },
      "RequestBody": "",
      "ResponseHeaders": {
        "Cache-Control": [
          "no-cache"
        ],
        "Pragma": [
          "no-cache"
        ],
        "x-ms-ratelimit-remaining-subscription-reads": [
          "11997"
        ],
        "x-ms-request-id": [
          "e37004d9-62b1-4523-bb11-2695e150bc33"
        ],
        "x-ms-correlation-request-id": [
          "e37004d9-62b1-4523-bb11-2695e150bc33"
        ],
        "x-ms-routing-request-id": [
          "WESTUS:20231221T211843Z:e37004d9-62b1-4523-bb11-2695e150bc33"
        ],
        "Strict-Transport-Security": [
          "max-age=31536000; includeSubDomains"
        ],
        "X-Content-Type-Options": [
          "nosniff"
        ],
        "Date": [
          "Thu, 21 Dec 2023 21:18:42 GMT"
        ],
        "Content-Length": [
          "0"
        ],
        "Expires": [
          "-1"
        ],
        "Retry-After": [
          "0"
        ]
      },
      "ResponseBody": "",
      "StatusCode": 204
    },
    {
      "RequestUri": "/subscriptions/4ce8c9fe-cadc-47d6-9c76-335812fd59df/providers/Microsoft.Resources/deployments/stacksMGtestmod/operations?api-version=2022-09-01",
      "EncodedRequestUri": "L3N1YnNjcmlwdGlvbnMvNGNlOGM5ZmUtY2FkYy00N2Q2LTljNzYtMzM1ODEyZmQ1OWRmL3Byb3ZpZGVycy9NaWNyb3NvZnQuUmVzb3VyY2VzL2RlcGxveW1lbnRzL3N0YWNrc01HdGVzdG1vZC9vcGVyYXRpb25zP2FwaS12ZXJzaW9uPTIwMjItMDktMDE=",
      "RequestMethod": "GET",
      "RequestHeaders": {
        "x-ms-client-request-id": [
          "fcc42891-6cc8-4855-b58c-46b3966f7286"
        ],
        "Accept-Language": [
          "en-US"
        ],
        "User-Agent": [
          "FxVersion/6.0.2523.51912",
          "OSName/Windows",
          "OSVersion/Microsoft.Windows.10.0.22621",
          "Microsoft.Azure.Management.Resources.ResourceManagementClient/6.12.1"
        ]
      },
      "RequestBody": "",
      "ResponseHeaders": {
        "Cache-Control": [
          "no-cache"
        ],
        "Pragma": [
          "no-cache"
        ],
        "x-ms-ratelimit-remaining-subscription-reads": [
          "11999"
        ],
        "x-ms-request-id": [
          "8e1a7e97-2432-4c50-8026-34d5518e6dc4"
        ],
        "x-ms-correlation-request-id": [
          "8e1a7e97-2432-4c50-8026-34d5518e6dc4"
        ],
        "x-ms-routing-request-id": [
          "WESTUS:20231221T211752Z:8e1a7e97-2432-4c50-8026-34d5518e6dc4"
        ],
        "Strict-Transport-Security": [
          "max-age=31536000; includeSubDomains"
        ],
        "X-Content-Type-Options": [
          "nosniff"
        ],
        "Date": [
          "Thu, 21 Dec 2023 21:17:52 GMT"
        ],
        "Content-Type": [
          "application/json; charset=utf-8"
        ],
        "Expires": [
          "-1"
        ],
        "Content-Length": [
          "1096"
        ],
        "Retry-After": [
          "0"
        ]
      },
      "ResponseBody": "{\r\n  \"value\": [\r\n    {\r\n      \"id\": \"/subscriptions/4ce8c9fe-cadc-47d6-9c76-335812fd59df/providers/Microsoft.Resources/deployments/stacksMGtestmod/operations/12A33A1100F72FB9\",\r\n      \"operationId\": \"12A33A1100F72FB9\",\r\n      \"properties\": {\r\n        \"provisioningOperation\": \"Create\",\r\n        \"provisioningState\": \"Succeeded\",\r\n        \"timestamp\": \"2023-12-21T21:17:45.5556497Z\",\r\n        \"duration\": \"PT0.7873398S\",\r\n        \"trackingId\": \"e36c2ca7-c2cf-4894-8a1c-7cbe1f672976\",\r\n        \"statusCode\": \"Created\",\r\n        \"targetResource\": {\r\n          \"id\": \"/subscriptions/4ce8c9fe-cadc-47d6-9c76-335812fd59df/providers/Microsoft.Authorization/policyDefinitions/PSCmdletTestPolicy476223\",\r\n          \"resourceType\": \"Microsoft.Authorization/policyDefinitions\",\r\n          \"resourceName\": \"PSCmdletTestPolicy476223\"\r\n        }\r\n      }\r\n    },\r\n    {\r\n      \"id\": \"/subscriptions/4ce8c9fe-cadc-47d6-9c76-335812fd59df/providers/Microsoft.Resources/deployments/stacksMGtestmod/operations/08584984134215612637\",\r\n      \"operationId\": \"08584984134215612637\",\r\n      \"properties\": {\r\n        \"provisioningOperation\": \"EvaluateDeploymentOutput\",\r\n        \"provisioningState\": \"Succeeded\",\r\n        \"timestamp\": \"2023-12-21T21:17:45.6290854Z\",\r\n        \"duration\": \"PT0.8607755S\",\r\n        \"trackingId\": \"ab10f1b0-d9d5-4130-8d48-313ce4694280\",\r\n        \"statusCode\": \"OK\"\r\n      }\r\n    }\r\n  ]\r\n}",
      "StatusCode": 200
    },
    {
      "RequestUri": "/subscriptions/4ce8c9fe-cadc-47d6-9c76-335812fd59df/providers/Microsoft.Resources/deployments/stacksMGtestmod/operations?api-version=2022-09-01",
      "EncodedRequestUri": "L3N1YnNjcmlwdGlvbnMvNGNlOGM5ZmUtY2FkYy00N2Q2LTljNzYtMzM1ODEyZmQ1OWRmL3Byb3ZpZGVycy9NaWNyb3NvZnQuUmVzb3VyY2VzL2RlcGxveW1lbnRzL3N0YWNrc01HdGVzdG1vZC9vcGVyYXRpb25zP2FwaS12ZXJzaW9uPTIwMjItMDktMDE=",
      "RequestMethod": "GET",
      "RequestHeaders": {
        "x-ms-client-request-id": [
          "fcc42891-6cc8-4855-b58c-46b3966f7286"
        ],
        "Accept-Language": [
          "en-US"
        ],
        "User-Agent": [
          "FxVersion/6.0.2523.51912",
          "OSName/Windows",
          "OSVersion/Microsoft.Windows.10.0.22621",
          "Microsoft.Azure.Management.Resources.ResourceManagementClient/6.12.1"
        ]
      },
      "RequestBody": "",
      "ResponseHeaders": {
        "Cache-Control": [
          "no-cache"
        ],
        "Pragma": [
          "no-cache"
        ],
        "x-ms-ratelimit-remaining-subscription-reads": [
          "11997"
        ],
        "x-ms-request-id": [
          "711dc984-77fa-4546-89f4-3cebbcba11cb"
        ],
        "x-ms-correlation-request-id": [
          "711dc984-77fa-4546-89f4-3cebbcba11cb"
        ],
        "x-ms-routing-request-id": [
          "WESTUS:20231221T211801Z:711dc984-77fa-4546-89f4-3cebbcba11cb"
        ],
        "Strict-Transport-Security": [
          "max-age=31536000; includeSubDomains"
        ],
        "X-Content-Type-Options": [
          "nosniff"
        ],
        "Date": [
          "Thu, 21 Dec 2023 21:18:00 GMT"
        ],
        "Content-Type": [
          "application/json; charset=utf-8"
        ],
        "Expires": [
          "-1"
        ],
        "Content-Length": [
          "1096"
        ],
        "Retry-After": [
          "0"
        ]
      },
      "ResponseBody": "{\r\n  \"value\": [\r\n    {\r\n      \"id\": \"/subscriptions/4ce8c9fe-cadc-47d6-9c76-335812fd59df/providers/Microsoft.Resources/deployments/stacksMGtestmod/operations/12A33A1100F72FB9\",\r\n      \"operationId\": \"12A33A1100F72FB9\",\r\n      \"properties\": {\r\n        \"provisioningOperation\": \"Create\",\r\n        \"provisioningState\": \"Succeeded\",\r\n        \"timestamp\": \"2023-12-21T21:17:45.5556497Z\",\r\n        \"duration\": \"PT0.7873398S\",\r\n        \"trackingId\": \"e36c2ca7-c2cf-4894-8a1c-7cbe1f672976\",\r\n        \"statusCode\": \"Created\",\r\n        \"targetResource\": {\r\n          \"id\": \"/subscriptions/4ce8c9fe-cadc-47d6-9c76-335812fd59df/providers/Microsoft.Authorization/policyDefinitions/PSCmdletTestPolicy476223\",\r\n          \"resourceType\": \"Microsoft.Authorization/policyDefinitions\",\r\n          \"resourceName\": \"PSCmdletTestPolicy476223\"\r\n        }\r\n      }\r\n    },\r\n    {\r\n      \"id\": \"/subscriptions/4ce8c9fe-cadc-47d6-9c76-335812fd59df/providers/Microsoft.Resources/deployments/stacksMGtestmod/operations/08584984134215612637\",\r\n      \"operationId\": \"08584984134215612637\",\r\n      \"properties\": {\r\n        \"provisioningOperation\": \"EvaluateDeploymentOutput\",\r\n        \"provisioningState\": \"Succeeded\",\r\n        \"timestamp\": \"2023-12-21T21:17:45.6290854Z\",\r\n        \"duration\": \"PT0.8607755S\",\r\n        \"trackingId\": \"ab10f1b0-d9d5-4130-8d48-313ce4694280\",\r\n        \"statusCode\": \"OK\"\r\n      }\r\n    }\r\n  ]\r\n}",
      "StatusCode": 200
    },
    {
      "RequestUri": "/subscriptions/4ce8c9fe-cadc-47d6-9c76-335812fd59df/providers/Microsoft.Resources/deployments/stacksMGtestmod/operations?api-version=2022-09-01",
      "EncodedRequestUri": "L3N1YnNjcmlwdGlvbnMvNGNlOGM5ZmUtY2FkYy00N2Q2LTljNzYtMzM1ODEyZmQ1OWRmL3Byb3ZpZGVycy9NaWNyb3NvZnQuUmVzb3VyY2VzL2RlcGxveW1lbnRzL3N0YWNrc01HdGVzdG1vZC9vcGVyYXRpb25zP2FwaS12ZXJzaW9uPTIwMjItMDktMDE=",
      "RequestMethod": "GET",
      "RequestHeaders": {
        "x-ms-client-request-id": [
          "fcc42891-6cc8-4855-b58c-46b3966f7286"
        ],
        "Accept-Language": [
          "en-US"
        ],
        "User-Agent": [
          "FxVersion/6.0.2523.51912",
          "OSName/Windows",
          "OSVersion/Microsoft.Windows.10.0.22621",
          "Microsoft.Azure.Management.Resources.ResourceManagementClient/6.12.1"
        ]
      },
      "RequestBody": "",
      "ResponseHeaders": {
        "Cache-Control": [
          "no-cache"
        ],
        "Pragma": [
          "no-cache"
        ],
        "x-ms-ratelimit-remaining-subscription-reads": [
          "11995"
        ],
        "x-ms-request-id": [
          "b27e8f04-1843-4fca-84f6-4c666fa78218"
        ],
        "x-ms-correlation-request-id": [
          "b27e8f04-1843-4fca-84f6-4c666fa78218"
        ],
        "x-ms-routing-request-id": [
          "WESTUS:20231221T211806Z:b27e8f04-1843-4fca-84f6-4c666fa78218"
        ],
        "Strict-Transport-Security": [
          "max-age=31536000; includeSubDomains"
        ],
        "X-Content-Type-Options": [
          "nosniff"
        ],
        "Date": [
          "Thu, 21 Dec 2023 21:18:05 GMT"
        ],
        "Content-Type": [
          "application/json; charset=utf-8"
        ],
        "Expires": [
          "-1"
        ],
        "Content-Length": [
          "1096"
        ],
        "Retry-After": [
          "0"
        ]
      },
      "ResponseBody": "{\r\n  \"value\": [\r\n    {\r\n      \"id\": \"/subscriptions/4ce8c9fe-cadc-47d6-9c76-335812fd59df/providers/Microsoft.Resources/deployments/stacksMGtestmod/operations/12A33A1100F72FB9\",\r\n      \"operationId\": \"12A33A1100F72FB9\",\r\n      \"properties\": {\r\n        \"provisioningOperation\": \"Create\",\r\n        \"provisioningState\": \"Succeeded\",\r\n        \"timestamp\": \"2023-12-21T21:17:45.5556497Z\",\r\n        \"duration\": \"PT0.7873398S\",\r\n        \"trackingId\": \"e36c2ca7-c2cf-4894-8a1c-7cbe1f672976\",\r\n        \"statusCode\": \"Created\",\r\n        \"targetResource\": {\r\n          \"id\": \"/subscriptions/4ce8c9fe-cadc-47d6-9c76-335812fd59df/providers/Microsoft.Authorization/policyDefinitions/PSCmdletTestPolicy476223\",\r\n          \"resourceType\": \"Microsoft.Authorization/policyDefinitions\",\r\n          \"resourceName\": \"PSCmdletTestPolicy476223\"\r\n        }\r\n      }\r\n    },\r\n    {\r\n      \"id\": \"/subscriptions/4ce8c9fe-cadc-47d6-9c76-335812fd59df/providers/Microsoft.Resources/deployments/stacksMGtestmod/operations/08584984134215612637\",\r\n      \"operationId\": \"08584984134215612637\",\r\n      \"properties\": {\r\n        \"provisioningOperation\": \"EvaluateDeploymentOutput\",\r\n        \"provisioningState\": \"Succeeded\",\r\n        \"timestamp\": \"2023-12-21T21:17:45.6290854Z\",\r\n        \"duration\": \"PT0.8607755S\",\r\n        \"trackingId\": \"ab10f1b0-d9d5-4130-8d48-313ce4694280\",\r\n        \"statusCode\": \"OK\"\r\n      }\r\n    }\r\n  ]\r\n}",
      "StatusCode": 200
    },
    {
      "RequestUri": "/subscriptions/4ce8c9fe-cadc-47d6-9c76-335812fd59df/providers/Microsoft.Resources/deployments/stacksMGtestmod/operations?api-version=2022-09-01",
      "EncodedRequestUri": "L3N1YnNjcmlwdGlvbnMvNGNlOGM5ZmUtY2FkYy00N2Q2LTljNzYtMzM1ODEyZmQ1OWRmL3Byb3ZpZGVycy9NaWNyb3NvZnQuUmVzb3VyY2VzL2RlcGxveW1lbnRzL3N0YWNrc01HdGVzdG1vZC9vcGVyYXRpb25zP2FwaS12ZXJzaW9uPTIwMjItMDktMDE=",
      "RequestMethod": "GET",
      "RequestHeaders": {
        "x-ms-client-request-id": [
          "6439b8a0-883a-4b19-bd24-0f4d47157f1d"
        ],
        "Accept-Language": [
          "en-US"
        ],
        "User-Agent": [
          "FxVersion/6.0.2523.51912",
          "OSName/Windows",
          "OSVersion/Microsoft.Windows.10.0.22621",
          "Microsoft.Azure.Management.Resources.ResourceManagementClient/6.12.1"
        ]
      },
      "RequestBody": "",
      "ResponseHeaders": {
        "Cache-Control": [
          "no-cache"
        ],
        "Pragma": [
          "no-cache"
        ],
        "x-ms-ratelimit-remaining-subscription-reads": [
          "11998"
        ],
        "x-ms-request-id": [
          "85184c67-52ce-4eda-bbfb-62ebd9468eee"
        ],
        "x-ms-correlation-request-id": [
          "85184c67-52ce-4eda-bbfb-62ebd9468eee"
        ],
        "x-ms-routing-request-id": [
          "WESTUS:20231221T211834Z:85184c67-52ce-4eda-bbfb-62ebd9468eee"
        ],
        "Strict-Transport-Security": [
          "max-age=31536000; includeSubDomains"
        ],
        "X-Content-Type-Options": [
          "nosniff"
        ],
        "Date": [
          "Thu, 21 Dec 2023 21:18:33 GMT"
        ],
        "Content-Type": [
          "application/json; charset=utf-8"
        ],
        "Expires": [
          "-1"
        ],
        "Content-Length": [
          "1095"
        ],
        "Retry-After": [
          "0"
        ]
      },
      "ResponseBody": "{\r\n  \"value\": [\r\n    {\r\n      \"id\": \"/subscriptions/4ce8c9fe-cadc-47d6-9c76-335812fd59df/providers/Microsoft.Resources/deployments/stacksMGtestmod/operations/12A33A1100F72FB9\",\r\n      \"operationId\": \"12A33A1100F72FB9\",\r\n      \"properties\": {\r\n        \"provisioningOperation\": \"Create\",\r\n        \"provisioningState\": \"Succeeded\",\r\n        \"timestamp\": \"2023-12-21T21:18:29.1684008Z\",\r\n        \"duration\": \"PT0.968689S\",\r\n        \"trackingId\": \"62fb5353-b2bd-4692-933d-d0b8e1c6ee7e\",\r\n        \"statusCode\": \"Created\",\r\n        \"targetResource\": {\r\n          \"id\": \"/subscriptions/4ce8c9fe-cadc-47d6-9c76-335812fd59df/providers/Microsoft.Authorization/policyDefinitions/PSCmdletTestPolicy476223\",\r\n          \"resourceType\": \"Microsoft.Authorization/policyDefinitions\",\r\n          \"resourceName\": \"PSCmdletTestPolicy476223\"\r\n        }\r\n      }\r\n    },\r\n    {\r\n      \"id\": \"/subscriptions/4ce8c9fe-cadc-47d6-9c76-335812fd59df/providers/Microsoft.Resources/deployments/stacksMGtestmod/operations/08584984133786577622\",\r\n      \"operationId\": \"08584984133786577622\",\r\n      \"properties\": {\r\n        \"provisioningOperation\": \"EvaluateDeploymentOutput\",\r\n        \"provisioningState\": \"Succeeded\",\r\n        \"timestamp\": \"2023-12-21T21:18:29.5995775Z\",\r\n        \"duration\": \"PT1.3998657S\",\r\n        \"trackingId\": \"760dc109-9a9a-4ee4-a958-d8f10926256e\",\r\n        \"statusCode\": \"OK\"\r\n      }\r\n    }\r\n  ]\r\n}",
      "StatusCode": 200
    },
    {
      "RequestUri": "/subscriptions/4ce8c9fe-cadc-47d6-9c76-335812fd59df/providers/Microsoft.Resources/deployments/stacksMGtestmod/operations?api-version=2022-09-01",
      "EncodedRequestUri": "L3N1YnNjcmlwdGlvbnMvNGNlOGM5ZmUtY2FkYy00N2Q2LTljNzYtMzM1ODEyZmQ1OWRmL3Byb3ZpZGVycy9NaWNyb3NvZnQuUmVzb3VyY2VzL2RlcGxveW1lbnRzL3N0YWNrc01HdGVzdG1vZC9vcGVyYXRpb25zP2FwaS12ZXJzaW9uPTIwMjItMDktMDE=",
      "RequestMethod": "GET",
      "RequestHeaders": {
        "x-ms-client-request-id": [
          "6439b8a0-883a-4b19-bd24-0f4d47157f1d"
        ],
        "Accept-Language": [
          "en-US"
        ],
        "User-Agent": [
          "FxVersion/6.0.2523.51912",
          "OSName/Windows",
          "OSVersion/Microsoft.Windows.10.0.22621",
          "Microsoft.Azure.Management.Resources.ResourceManagementClient/6.12.1"
        ]
      },
      "RequestBody": "",
      "ResponseHeaders": {
        "Cache-Control": [
          "no-cache"
        ],
        "Pragma": [
          "no-cache"
        ],
        "x-ms-ratelimit-remaining-subscription-reads": [
          "11996"
        ],
        "x-ms-request-id": [
          "cb662cc3-102e-40ba-a78a-4832ffcb0711"
        ],
        "x-ms-correlation-request-id": [
          "cb662cc3-102e-40ba-a78a-4832ffcb0711"
        ],
        "x-ms-routing-request-id": [
          "WESTUS:20231221T211843Z:cb662cc3-102e-40ba-a78a-4832ffcb0711"
        ],
        "Strict-Transport-Security": [
          "max-age=31536000; includeSubDomains"
        ],
        "X-Content-Type-Options": [
          "nosniff"
        ],
        "Date": [
          "Thu, 21 Dec 2023 21:18:42 GMT"
        ],
        "Content-Type": [
          "application/json; charset=utf-8"
        ],
        "Expires": [
          "-1"
        ],
        "Content-Length": [
          "1095"
        ],
        "Retry-After": [
          "0"
        ]
      },
      "ResponseBody": "{\r\n  \"value\": [\r\n    {\r\n      \"id\": \"/subscriptions/4ce8c9fe-cadc-47d6-9c76-335812fd59df/providers/Microsoft.Resources/deployments/stacksMGtestmod/operations/12A33A1100F72FB9\",\r\n      \"operationId\": \"12A33A1100F72FB9\",\r\n      \"properties\": {\r\n        \"provisioningOperation\": \"Create\",\r\n        \"provisioningState\": \"Succeeded\",\r\n        \"timestamp\": \"2023-12-21T21:18:29.1684008Z\",\r\n        \"duration\": \"PT0.968689S\",\r\n        \"trackingId\": \"62fb5353-b2bd-4692-933d-d0b8e1c6ee7e\",\r\n        \"statusCode\": \"Created\",\r\n        \"targetResource\": {\r\n          \"id\": \"/subscriptions/4ce8c9fe-cadc-47d6-9c76-335812fd59df/providers/Microsoft.Authorization/policyDefinitions/PSCmdletTestPolicy476223\",\r\n          \"resourceType\": \"Microsoft.Authorization/policyDefinitions\",\r\n          \"resourceName\": \"PSCmdletTestPolicy476223\"\r\n        }\r\n      }\r\n    },\r\n    {\r\n      \"id\": \"/subscriptions/4ce8c9fe-cadc-47d6-9c76-335812fd59df/providers/Microsoft.Resources/deployments/stacksMGtestmod/operations/08584984133786577622\",\r\n      \"operationId\": \"08584984133786577622\",\r\n      \"properties\": {\r\n        \"provisioningOperation\": \"EvaluateDeploymentOutput\",\r\n        \"provisioningState\": \"Succeeded\",\r\n        \"timestamp\": \"2023-12-21T21:18:29.5995775Z\",\r\n        \"duration\": \"PT1.3998657S\",\r\n        \"trackingId\": \"760dc109-9a9a-4ee4-a958-d8f10926256e\",\r\n        \"statusCode\": \"OK\"\r\n      }\r\n    }\r\n  ]\r\n}",
      "StatusCode": 200
    },
    {
      "RequestUri": "/subscriptions/a1bfa635-f2bf-42f1-86b5-848c674fc321/providers/Microsoft.Resources/deployments/ps9815-2312212156hk8?api-version=2022-09-01",
      "EncodedRequestUri": "L3N1YnNjcmlwdGlvbnMvYTFiZmE2MzUtZjJiZi00MmYxLTg2YjUtODQ4YzY3NGZjMzIxL3Byb3ZpZGVycy9NaWNyb3NvZnQuUmVzb3VyY2VzL2RlcGxveW1lbnRzL3BzOTgxNS0yMzEyMjEyMTU2aGs4P2FwaS12ZXJzaW9uPTIwMjItMDktMDE=",
      "RequestMethod": "GET",
      "RequestHeaders": {
        "x-ms-client-request-id": [
          "fcc42891-6cc8-4855-b58c-46b3966f7286"
        ],
        "Accept-Language": [
          "en-US"
        ],
        "User-Agent": [
          "FxVersion/6.0.2523.51912",
          "OSName/Windows",
          "OSVersion/Microsoft.Windows.10.0.22621",
          "Microsoft.Azure.Management.Resources.ResourceManagementClient/6.12.1"
        ]
      },
      "RequestBody": "",
      "ResponseHeaders": {
        "Cache-Control": [
          "no-cache"
        ],
        "Pragma": [
          "no-cache"
        ],
        "Retry-After": [
          "0"
        ],
        "x-ms-ratelimit-remaining-subscription-reads": [
          "11998"
        ],
        "x-ms-request-id": [
          "5f7bd170-e961-4394-aea8-d7bf4c100222"
        ],
        "x-ms-correlation-request-id": [
          "5f7bd170-e961-4394-aea8-d7bf4c100222"
        ],
        "x-ms-routing-request-id": [
          "WESTUS:20231221T211753Z:5f7bd170-e961-4394-aea8-d7bf4c100222"
        ],
        "Strict-Transport-Security": [
          "max-age=31536000; includeSubDomains"
        ],
        "X-Content-Type-Options": [
          "nosniff"
        ],
        "Date": [
          "Thu, 21 Dec 2023 21:17:52 GMT"
        ],
        "Content-Type": [
          "application/json; charset=utf-8"
        ],
        "Expires": [
          "-1"
        ],
        "Content-Length": [
          "805"
        ]
      },
      "ResponseBody": "{\r\n  \"id\": \"/subscriptions/a1bfa635-f2bf-42f1-86b5-848c674fc321/providers/Microsoft.Resources/deployments/ps9815-2312212156hk8\",\r\n  \"name\": \"ps9815-2312212156hk8\",\r\n  \"type\": \"Microsoft.Resources/deployments\",\r\n  \"location\": \"westus2\",\r\n  \"properties\": {\r\n    \"templateHash\": \"13529450622016881009\",\r\n    \"parameters\": {\r\n      \"subId\": {\r\n        \"type\": \"String\",\r\n        \"value\": \"4ce8c9fe-cadc-47d6-9c76-335812fd59df\"\r\n      },\r\n      \"moduleName\": {\r\n        \"type\": \"String\",\r\n        \"value\": \"stacksMGtestmod\"\r\n      },\r\n      \"policyDefinitionName\": {\r\n        \"type\": \"String\",\r\n        \"value\": \"PSCmdletTestPolicy476223\"\r\n      }\r\n    },\r\n    \"mode\": \"Incremental\",\r\n    \"provisioningState\": \"Running\",\r\n    \"timestamp\": \"2023-12-21T21:17:44.3241012Z\",\r\n    \"duration\": \"PT1.3546875S\",\r\n    \"correlationId\": \"53398bb5-8198-42f5-90fa-5d672b8c21ba\",\r\n    \"providers\": [\r\n      {\r\n        \"namespace\": \"Microsoft.Resources\",\r\n        \"resourceTypes\": [\r\n          {\r\n            \"resourceType\": \"deployments\",\r\n            \"locations\": [\r\n              \"westus2\"\r\n            ]\r\n          }\r\n        ]\r\n      }\r\n    ],\r\n    \"dependencies\": []\r\n  }\r\n}",
      "StatusCode": 200
    },
    {
      "RequestUri": "/subscriptions/a1bfa635-f2bf-42f1-86b5-848c674fc321/providers/Microsoft.Resources/deployments/ps9815-2312212156hk8?api-version=2022-09-01",
      "EncodedRequestUri": "L3N1YnNjcmlwdGlvbnMvYTFiZmE2MzUtZjJiZi00MmYxLTg2YjUtODQ4YzY3NGZjMzIxL3Byb3ZpZGVycy9NaWNyb3NvZnQuUmVzb3VyY2VzL2RlcGxveW1lbnRzL3BzOTgxNS0yMzEyMjEyMTU2aGs4P2FwaS12ZXJzaW9uPTIwMjItMDktMDE=",
      "RequestMethod": "GET",
      "RequestHeaders": {
        "x-ms-client-request-id": [
          "fcc42891-6cc8-4855-b58c-46b3966f7286"
        ],
        "Accept-Language": [
          "en-US"
        ],
        "User-Agent": [
          "FxVersion/6.0.2523.51912",
          "OSName/Windows",
          "OSVersion/Microsoft.Windows.10.0.22621",
          "Microsoft.Azure.Management.Resources.ResourceManagementClient/6.12.1"
        ]
      },
      "RequestBody": "",
      "ResponseHeaders": {
        "Cache-Control": [
          "no-cache"
        ],
        "Pragma": [
          "no-cache"
        ],
        "Retry-After": [
          "0"
        ],
        "x-ms-ratelimit-remaining-subscription-reads": [
          "11996"
        ],
        "x-ms-request-id": [
          "2102c030-5851-46ae-a84d-b6c144530d71"
        ],
        "x-ms-correlation-request-id": [
          "2102c030-5851-46ae-a84d-b6c144530d71"
        ],
        "x-ms-routing-request-id": [
          "WESTUS:20231221T211801Z:2102c030-5851-46ae-a84d-b6c144530d71"
        ],
        "Strict-Transport-Security": [
          "max-age=31536000; includeSubDomains"
        ],
        "X-Content-Type-Options": [
          "nosniff"
        ],
        "Date": [
          "Thu, 21 Dec 2023 21:18:00 GMT"
        ],
        "Content-Type": [
          "application/json; charset=utf-8"
        ],
        "Expires": [
          "-1"
        ],
        "Content-Length": [
          "805"
        ]
      },
      "ResponseBody": "{\r\n  \"id\": \"/subscriptions/a1bfa635-f2bf-42f1-86b5-848c674fc321/providers/Microsoft.Resources/deployments/ps9815-2312212156hk8\",\r\n  \"name\": \"ps9815-2312212156hk8\",\r\n  \"type\": \"Microsoft.Resources/deployments\",\r\n  \"location\": \"westus2\",\r\n  \"properties\": {\r\n    \"templateHash\": \"13529450622016881009\",\r\n    \"parameters\": {\r\n      \"subId\": {\r\n        \"type\": \"String\",\r\n        \"value\": \"4ce8c9fe-cadc-47d6-9c76-335812fd59df\"\r\n      },\r\n      \"moduleName\": {\r\n        \"type\": \"String\",\r\n        \"value\": \"stacksMGtestmod\"\r\n      },\r\n      \"policyDefinitionName\": {\r\n        \"type\": \"String\",\r\n        \"value\": \"PSCmdletTestPolicy476223\"\r\n      }\r\n    },\r\n    \"mode\": \"Incremental\",\r\n    \"provisioningState\": \"Running\",\r\n    \"timestamp\": \"2023-12-21T21:17:44.3241012Z\",\r\n    \"duration\": \"PT1.3546875S\",\r\n    \"correlationId\": \"53398bb5-8198-42f5-90fa-5d672b8c21ba\",\r\n    \"providers\": [\r\n      {\r\n        \"namespace\": \"Microsoft.Resources\",\r\n        \"resourceTypes\": [\r\n          {\r\n            \"resourceType\": \"deployments\",\r\n            \"locations\": [\r\n              \"westus2\"\r\n            ]\r\n          }\r\n        ]\r\n      }\r\n    ],\r\n    \"dependencies\": []\r\n  }\r\n}",
      "StatusCode": 200
    },
    {
      "RequestUri": "/subscriptions/a1bfa635-f2bf-42f1-86b5-848c674fc321/providers/Microsoft.Resources/deployments/ps9815-2312212156hk8?api-version=2022-09-01",
      "EncodedRequestUri": "L3N1YnNjcmlwdGlvbnMvYTFiZmE2MzUtZjJiZi00MmYxLTg2YjUtODQ4YzY3NGZjMzIxL3Byb3ZpZGVycy9NaWNyb3NvZnQuUmVzb3VyY2VzL2RlcGxveW1lbnRzL3BzOTgxNS0yMzEyMjEyMTU2aGs4P2FwaS12ZXJzaW9uPTIwMjItMDktMDE=",
      "RequestMethod": "GET",
      "RequestHeaders": {
        "x-ms-client-request-id": [
          "fcc42891-6cc8-4855-b58c-46b3966f7286"
        ],
        "Accept-Language": [
          "en-US"
        ],
        "User-Agent": [
          "FxVersion/6.0.2523.51912",
          "OSName/Windows",
          "OSVersion/Microsoft.Windows.10.0.22621",
          "Microsoft.Azure.Management.Resources.ResourceManagementClient/6.12.1"
        ]
      },
      "RequestBody": "",
      "ResponseHeaders": {
        "Cache-Control": [
          "no-cache"
        ],
        "Pragma": [
          "no-cache"
        ],
        "x-ms-ratelimit-remaining-subscription-reads": [
          "11994"
        ],
        "x-ms-request-id": [
          "9fc18e57-8706-41d2-b387-d59971619d09"
        ],
        "x-ms-correlation-request-id": [
          "9fc18e57-8706-41d2-b387-d59971619d09"
        ],
        "x-ms-routing-request-id": [
          "WESTUS:20231221T211806Z:9fc18e57-8706-41d2-b387-d59971619d09"
        ],
        "Strict-Transport-Security": [
          "max-age=31536000; includeSubDomains"
        ],
        "X-Content-Type-Options": [
          "nosniff"
        ],
        "Date": [
          "Thu, 21 Dec 2023 21:18:06 GMT"
        ],
        "Content-Type": [
          "application/json; charset=utf-8"
        ],
        "Expires": [
          "-1"
        ],
        "Content-Length": [
          "966"
        ],
        "Retry-After": [
          "0"
        ]
      },
      "ResponseBody": "{\r\n  \"id\": \"/subscriptions/a1bfa635-f2bf-42f1-86b5-848c674fc321/providers/Microsoft.Resources/deployments/ps9815-2312212156hk8\",\r\n  \"name\": \"ps9815-2312212156hk8\",\r\n  \"type\": \"Microsoft.Resources/deployments\",\r\n  \"location\": \"westus2\",\r\n  \"properties\": {\r\n    \"templateHash\": \"13529450622016881009\",\r\n    \"parameters\": {\r\n      \"subId\": {\r\n        \"type\": \"String\",\r\n        \"value\": \"4ce8c9fe-cadc-47d6-9c76-335812fd59df\"\r\n      },\r\n      \"moduleName\": {\r\n        \"type\": \"String\",\r\n        \"value\": \"stacksMGtestmod\"\r\n      },\r\n      \"policyDefinitionName\": {\r\n        \"type\": \"String\",\r\n        \"value\": \"PSCmdletTestPolicy476223\"\r\n      }\r\n    },\r\n    \"mode\": \"Incremental\",\r\n    \"provisioningState\": \"Succeeded\",\r\n    \"timestamp\": \"2023-12-21T21:18:01.5978434Z\",\r\n    \"duration\": \"PT18.6284297S\",\r\n    \"correlationId\": \"53398bb5-8198-42f5-90fa-5d672b8c21ba\",\r\n    \"providers\": [\r\n      {\r\n        \"namespace\": \"Microsoft.Resources\",\r\n        \"resourceTypes\": [\r\n          {\r\n            \"resourceType\": \"deployments\",\r\n            \"locations\": [\r\n              \"westus2\"\r\n            ]\r\n          }\r\n        ]\r\n      }\r\n    ],\r\n    \"dependencies\": [],\r\n    \"outputResources\": [\r\n      {\r\n        \"id\": \"/subscriptions/4ce8c9fe-cadc-47d6-9c76-335812fd59df/providers/Microsoft.Authorization/policyDefinitions/PSCmdletTestPolicy476223\"\r\n      }\r\n    ]\r\n  }\r\n}",
      "StatusCode": 200
    },
    {
      "RequestUri": "/providers/Microsoft.Management/managementGroups/AzBlueprintAssignTest/providers/Microsoft.Resources/deployments/ps9815-231221215br8e/operations?api-version=2022-09-01",
      "EncodedRequestUri": "L3Byb3ZpZGVycy9NaWNyb3NvZnQuTWFuYWdlbWVudC9tYW5hZ2VtZW50R3JvdXBzL0F6Qmx1ZXByaW50QXNzaWduVGVzdC9wcm92aWRlcnMvTWljcm9zb2Z0LlJlc291cmNlcy9kZXBsb3ltZW50cy9wczk4MTUtMjMxMjIxMjE1YnI4ZS9vcGVyYXRpb25zP2FwaS12ZXJzaW9uPTIwMjItMDktMDE=",
      "RequestMethod": "GET",
      "RequestHeaders": {
        "x-ms-client-request-id": [
          "58ead8a5-f450-4728-9200-34bfae2a29e5"
        ],
        "Accept-Language": [
          "en-US"
        ],
        "User-Agent": [
          "FxVersion/6.0.2523.51912",
          "OSName/Windows",
          "OSVersion/Microsoft.Windows.10.0.22621",
          "Microsoft.Azure.Management.Resources.ResourceManagementClient/6.12.1"
        ]
      },
      "RequestBody": "",
      "ResponseHeaders": {
        "Cache-Control": [
          "no-cache"
        ],
        "Pragma": [
          "no-cache"
        ],
        "x-ms-ratelimit-remaining-tenant-reads": [
          "11999"
        ],
        "x-ms-request-id": [
          "5a043211-324d-43ce-ad84-27d22cef3390"
        ],
        "x-ms-correlation-request-id": [
          "5a043211-324d-43ce-ad84-27d22cef3390"
        ],
        "x-ms-routing-request-id": [
          "WESTUS:20231221T211822Z:5a043211-324d-43ce-ad84-27d22cef3390"
        ],
        "Strict-Transport-Security": [
          "max-age=31536000; includeSubDomains"
        ],
        "X-Content-Type-Options": [
          "nosniff"
        ],
        "Date": [
          "Thu, 21 Dec 2023 21:18:21 GMT"
        ],
        "Content-Type": [
          "application/json; charset=utf-8"
        ],
        "Expires": [
          "-1"
        ],
        "Content-Length": [
          "1155"
        ],
        "Retry-After": [
          "0"
        ]
      },
      "ResponseBody": "{\r\n  \"value\": [\r\n    {\r\n      \"id\": \"/providers/Microsoft.Management/managementGroups/AzBlueprintAssignTest/providers/Microsoft.Resources/deployments/ps9815-231221215br8e/operations/2A199234D8669AC6\",\r\n      \"operationId\": \"2A199234D8669AC6\",\r\n      \"properties\": {\r\n        \"provisioningOperation\": \"Create\",\r\n        \"provisioningState\": \"Succeeded\",\r\n        \"timestamp\": \"2023-12-21T21:18:15.5483763Z\",\r\n        \"duration\": \"PT1.7189503S\",\r\n        \"trackingId\": \"27faf9a1-d2f0-4ba5-bd34-7b6c9b2f7c32\",\r\n        \"statusCode\": \"Created\",\r\n        \"targetResource\": {\r\n          \"id\": \"/providers/Microsoft.Management/managementGroups/AzBlueprintAssignTest/providers/Microsoft.Authorization/policyDefinitions/PSLocationAuditsTest\",\r\n          \"resourceType\": \"Microsoft.Authorization/policyDefinitions\",\r\n          \"resourceName\": \"PSLocationAuditsTest\"\r\n        }\r\n      }\r\n    },\r\n    {\r\n      \"id\": \"/providers/Microsoft.Management/managementGroups/AzBlueprintAssignTest/providers/Microsoft.Resources/deployments/ps9815-231221215br8e/operations/08584984133923498498\",\r\n      \"operationId\": \"08584984133923498498\",\r\n      \"properties\": {\r\n        \"provisioningOperation\": \"EvaluateDeploymentOutput\",\r\n        \"provisioningState\": \"Succeeded\",\r\n        \"timestamp\": \"2023-12-21T21:18:15.6309308Z\",\r\n        \"duration\": \"PT1.8015048S\",\r\n        \"trackingId\": \"f2a8c5f9-2d2d-4066-b7bb-86bc31eb781d\",\r\n        \"statusCode\": \"OK\"\r\n      }\r\n    }\r\n  ]\r\n}",
      "StatusCode": 200
    },
    {
      "RequestUri": "/providers/Microsoft.Management/managementGroups/AzBlueprintAssignTest/providers/Microsoft.Resources/deployments/ps9815-231221215br8e?api-version=2022-09-01",
      "EncodedRequestUri": "L3Byb3ZpZGVycy9NaWNyb3NvZnQuTWFuYWdlbWVudC9tYW5hZ2VtZW50R3JvdXBzL0F6Qmx1ZXByaW50QXNzaWduVGVzdC9wcm92aWRlcnMvTWljcm9zb2Z0LlJlc291cmNlcy9kZXBsb3ltZW50cy9wczk4MTUtMjMxMjIxMjE1YnI4ZT9hcGktdmVyc2lvbj0yMDIyLTA5LTAx",
      "RequestMethod": "GET",
      "RequestHeaders": {
        "x-ms-client-request-id": [
          "58ead8a5-f450-4728-9200-34bfae2a29e5"
        ],
        "Accept-Language": [
          "en-US"
        ],
        "User-Agent": [
          "FxVersion/6.0.2523.51912",
          "OSName/Windows",
          "OSVersion/Microsoft.Windows.10.0.22621",
          "Microsoft.Azure.Management.Resources.ResourceManagementClient/6.12.1"
        ]
      },
      "RequestBody": "",
      "ResponseHeaders": {
        "Cache-Control": [
          "no-cache"
        ],
        "Pragma": [
          "no-cache"
        ],
        "x-ms-ratelimit-remaining-tenant-reads": [
          "11998"
        ],
        "x-ms-request-id": [
          "d6e8d681-9f7c-40e6-97e2-3ede6def3282"
        ],
        "x-ms-correlation-request-id": [
          "d6e8d681-9f7c-40e6-97e2-3ede6def3282"
        ],
        "x-ms-routing-request-id": [
          "WESTUS:20231221T211822Z:d6e8d681-9f7c-40e6-97e2-3ede6def3282"
        ],
        "Strict-Transport-Security": [
          "max-age=31536000; includeSubDomains"
        ],
        "X-Content-Type-Options": [
          "nosniff"
        ],
        "Date": [
          "Thu, 21 Dec 2023 21:18:21 GMT"
        ],
        "Content-Type": [
          "application/json; charset=utf-8"
        ],
        "Expires": [
          "-1"
        ],
        "Content-Length": [
          "853"
        ],
        "Retry-After": [
          "0"
        ]
      },
      "ResponseBody": "{\r\n  \"id\": \"/providers/Microsoft.Management/managementGroups/AzBlueprintAssignTest/providers/Microsoft.Resources/deployments/ps9815-231221215br8e\",\r\n  \"name\": \"ps9815-231221215br8e\",\r\n  \"type\": \"Microsoft.Resources/deployments\",\r\n  \"location\": \"westus2\",\r\n  \"properties\": {\r\n    \"templateHash\": \"11839294822040509374\",\r\n    \"parameters\": {\r\n      \"allowedLocations\": {\r\n        \"type\": \"Array\",\r\n        \"value\": [\r\n          \"westus\"\r\n        ]\r\n      }\r\n    },\r\n    \"mode\": \"Incremental\",\r\n    \"provisioningState\": \"Succeeded\",\r\n    \"timestamp\": \"2023-12-21T21:18:15.6507312Z\",\r\n    \"duration\": \"PT2.4057886S\",\r\n    \"correlationId\": \"098135ab-9f79-42d7-8456-0ed041de0889\",\r\n    \"providers\": [\r\n      {\r\n        \"namespace\": \"Microsoft.Authorization\",\r\n        \"resourceTypes\": [\r\n          {\r\n            \"resourceType\": \"policyDefinitions\",\r\n            \"locations\": [\r\n              null\r\n            ]\r\n          }\r\n        ]\r\n      }\r\n    ],\r\n    \"dependencies\": [],\r\n    \"outputResources\": [\r\n      {\r\n        \"id\": \"/providers/Microsoft.Management/managementGroups/AzBlueprintAssignTest/providers/Microsoft.Authorization/policyDefinitions/PSLocationAuditsTest\"\r\n      }\r\n    ]\r\n  }\r\n}",
      "StatusCode": 200
    },
    {
      "RequestUri": "/subscriptions/a1bfa635-f2bf-42f1-86b5-848c674fc321/providers/Microsoft.Resources/deployments/ps9815-231221215dore/operations?api-version=2022-09-01",
      "EncodedRequestUri": "L3N1YnNjcmlwdGlvbnMvYTFiZmE2MzUtZjJiZi00MmYxLTg2YjUtODQ4YzY3NGZjMzIxL3Byb3ZpZGVycy9NaWNyb3NvZnQuUmVzb3VyY2VzL2RlcGxveW1lbnRzL3BzOTgxNS0yMzEyMjEyMTVkb3JlL29wZXJhdGlvbnM/YXBpLXZlcnNpb249MjAyMi0wOS0wMQ==",
      "RequestMethod": "GET",
      "RequestHeaders": {
        "x-ms-client-request-id": [
          "6439b8a0-883a-4b19-bd24-0f4d47157f1d"
        ],
        "Accept-Language": [
          "en-US"
        ],
        "User-Agent": [
          "FxVersion/6.0.2523.51912",
          "OSName/Windows",
          "OSVersion/Microsoft.Windows.10.0.22621",
          "Microsoft.Azure.Management.Resources.ResourceManagementClient/6.12.1"
        ]
      },
      "RequestBody": "",
      "ResponseHeaders": {
        "Cache-Control": [
          "no-cache"
        ],
        "Pragma": [
          "no-cache"
        ],
        "x-ms-ratelimit-remaining-subscription-reads": [
          "11999"
        ],
        "x-ms-request-id": [
          "ce085d20-d25a-42fc-ad80-09c5083655cf"
        ],
        "x-ms-correlation-request-id": [
          "ce085d20-d25a-42fc-ad80-09c5083655cf"
        ],
        "x-ms-routing-request-id": [
          "WESTUS:20231221T211833Z:ce085d20-d25a-42fc-ad80-09c5083655cf"
        ],
        "Strict-Transport-Security": [
          "max-age=31536000; includeSubDomains"
        ],
        "X-Content-Type-Options": [
          "nosniff"
        ],
        "Date": [
          "Thu, 21 Dec 2023 21:18:33 GMT"
        ],
        "Content-Type": [
          "application/json; charset=utf-8"
        ],
        "Expires": [
          "-1"
        ],
        "Content-Length": [
          "631"
        ],
        "Retry-After": [
          "0"
        ]
      },
      "ResponseBody": "{\r\n  \"value\": [\r\n    {\r\n      \"id\": \"/subscriptions/a1bfa635-f2bf-42f1-86b5-848c674fc321/providers/Microsoft.Resources/deployments/ps9815-231221215dore/operations/38B77F1D7F608A8D\",\r\n      \"operationId\": \"38B77F1D7F608A8D\",\r\n      \"properties\": {\r\n        \"provisioningOperation\": \"Create\",\r\n        \"provisioningState\": \"Running\",\r\n        \"timestamp\": \"2023-12-21T21:18:27.2111217Z\",\r\n        \"duration\": \"PT0.6644893S\",\r\n        \"trackingId\": \"a7f535e7-48b4-4a86-b72f-c7901783d47b\",\r\n        \"statusCode\": \"OK\",\r\n        \"targetResource\": {\r\n          \"id\": \"/subscriptions/4ce8c9fe-cadc-47d6-9c76-335812fd59df/providers/Microsoft.Resources/deployments/stacksMGtestmod\",\r\n          \"resourceType\": \"Microsoft.Resources/deployments\",\r\n          \"resourceName\": \"stacksMGtestmod\"\r\n        }\r\n      }\r\n    }\r\n  ]\r\n}",
      "StatusCode": 200
    },
    {
      "RequestUri": "/subscriptions/a1bfa635-f2bf-42f1-86b5-848c674fc321/providers/Microsoft.Resources/deployments/ps9815-231221215dore/operations?api-version=2022-09-01",
      "EncodedRequestUri": "L3N1YnNjcmlwdGlvbnMvYTFiZmE2MzUtZjJiZi00MmYxLTg2YjUtODQ4YzY3NGZjMzIxL3Byb3ZpZGVycy9NaWNyb3NvZnQuUmVzb3VyY2VzL2RlcGxveW1lbnRzL3BzOTgxNS0yMzEyMjEyMTVkb3JlL29wZXJhdGlvbnM/YXBpLXZlcnNpb249MjAyMi0wOS0wMQ==",
      "RequestMethod": "GET",
      "RequestHeaders": {
        "x-ms-client-request-id": [
          "6439b8a0-883a-4b19-bd24-0f4d47157f1d"
        ],
        "Accept-Language": [
          "en-US"
        ],
        "User-Agent": [
          "FxVersion/6.0.2523.51912",
          "OSName/Windows",
          "OSVersion/Microsoft.Windows.10.0.22621",
          "Microsoft.Azure.Management.Resources.ResourceManagementClient/6.12.1"
        ]
      },
      "RequestBody": "",
      "ResponseHeaders": {
        "Cache-Control": [
          "no-cache"
        ],
        "Pragma": [
          "no-cache"
        ],
        "x-ms-ratelimit-remaining-subscription-reads": [
          "11997"
        ],
        "x-ms-request-id": [
          "27d644dc-b513-49b1-aa18-ab2d084e5abe"
        ],
        "x-ms-correlation-request-id": [
          "27d644dc-b513-49b1-aa18-ab2d084e5abe"
        ],
        "x-ms-routing-request-id": [
          "WESTUS:20231221T211843Z:27d644dc-b513-49b1-aa18-ab2d084e5abe"
        ],
        "Strict-Transport-Security": [
          "max-age=31536000; includeSubDomains"
        ],
        "X-Content-Type-Options": [
          "nosniff"
        ],
        "Date": [
          "Thu, 21 Dec 2023 21:18:42 GMT"
        ],
        "Content-Type": [
          "application/json; charset=utf-8"
        ],
        "Expires": [
          "-1"
        ],
        "Content-Length": [
          "631"
        ],
        "Retry-After": [
          "0"
        ]
      },
      "ResponseBody": "{\r\n  \"value\": [\r\n    {\r\n      \"id\": \"/subscriptions/a1bfa635-f2bf-42f1-86b5-848c674fc321/providers/Microsoft.Resources/deployments/ps9815-231221215dore/operations/38B77F1D7F608A8D\",\r\n      \"operationId\": \"38B77F1D7F608A8D\",\r\n      \"properties\": {\r\n        \"provisioningOperation\": \"Create\",\r\n        \"provisioningState\": \"Running\",\r\n        \"timestamp\": \"2023-12-21T21:18:27.2111217Z\",\r\n        \"duration\": \"PT0.6644893S\",\r\n        \"trackingId\": \"a7f535e7-48b4-4a86-b72f-c7901783d47b\",\r\n        \"statusCode\": \"OK\",\r\n        \"targetResource\": {\r\n          \"id\": \"/subscriptions/4ce8c9fe-cadc-47d6-9c76-335812fd59df/providers/Microsoft.Resources/deployments/stacksMGtestmod\",\r\n          \"resourceType\": \"Microsoft.Resources/deployments\",\r\n          \"resourceName\": \"stacksMGtestmod\"\r\n        }\r\n      }\r\n    }\r\n  ]\r\n}",
      "StatusCode": 200
    },
    {
      "RequestUri": "/subscriptions/a1bfa635-f2bf-42f1-86b5-848c674fc321/providers/Microsoft.Resources/deployments/ps9815-231221215dore?api-version=2022-09-01",
      "EncodedRequestUri": "L3N1YnNjcmlwdGlvbnMvYTFiZmE2MzUtZjJiZi00MmYxLTg2YjUtODQ4YzY3NGZjMzIxL3Byb3ZpZGVycy9NaWNyb3NvZnQuUmVzb3VyY2VzL2RlcGxveW1lbnRzL3BzOTgxNS0yMzEyMjEyMTVkb3JlP2FwaS12ZXJzaW9uPTIwMjItMDktMDE=",
      "RequestMethod": "GET",
      "RequestHeaders": {
        "x-ms-client-request-id": [
          "6439b8a0-883a-4b19-bd24-0f4d47157f1d"
        ],
        "Accept-Language": [
          "en-US"
        ],
        "User-Agent": [
          "FxVersion/6.0.2523.51912",
          "OSName/Windows",
          "OSVersion/Microsoft.Windows.10.0.22621",
          "Microsoft.Azure.Management.Resources.ResourceManagementClient/6.12.1"
        ]
      },
      "RequestBody": "",
      "ResponseHeaders": {
        "Cache-Control": [
          "no-cache"
        ],
        "Pragma": [
          "no-cache"
        ],
        "Retry-After": [
          "0"
        ],
        "x-ms-ratelimit-remaining-subscription-reads": [
          "11998"
        ],
        "x-ms-request-id": [
          "ad4acd94-5088-4af0-b98a-9f692afd1cf5"
        ],
        "x-ms-correlation-request-id": [
          "ad4acd94-5088-4af0-b98a-9f692afd1cf5"
        ],
        "x-ms-routing-request-id": [
          "WESTUS:20231221T211834Z:ad4acd94-5088-4af0-b98a-9f692afd1cf5"
        ],
        "Strict-Transport-Security": [
          "max-age=31536000; includeSubDomains"
        ],
        "X-Content-Type-Options": [
          "nosniff"
        ],
        "Date": [
          "Thu, 21 Dec 2023 21:18:33 GMT"
        ],
        "Content-Type": [
          "application/json; charset=utf-8"
        ],
        "Expires": [
          "-1"
        ],
        "Content-Length": [
          "805"
        ]
      },
      "ResponseBody": "{\r\n  \"id\": \"/subscriptions/a1bfa635-f2bf-42f1-86b5-848c674fc321/providers/Microsoft.Resources/deployments/ps9815-231221215dore\",\r\n  \"name\": \"ps9815-231221215dore\",\r\n  \"type\": \"Microsoft.Resources/deployments\",\r\n  \"location\": \"westus2\",\r\n  \"properties\": {\r\n    \"templateHash\": \"13529450622016881009\",\r\n    \"parameters\": {\r\n      \"subId\": {\r\n        \"type\": \"String\",\r\n        \"value\": \"4ce8c9fe-cadc-47d6-9c76-335812fd59df\"\r\n      },\r\n      \"moduleName\": {\r\n        \"type\": \"String\",\r\n        \"value\": \"stacksMGtestmod\"\r\n      },\r\n      \"policyDefinitionName\": {\r\n        \"type\": \"String\",\r\n        \"value\": \"PSCmdletTestPolicy476223\"\r\n      }\r\n    },\r\n    \"mode\": \"Incremental\",\r\n    \"provisioningState\": \"Running\",\r\n    \"timestamp\": \"2023-12-21T21:18:27.1854877Z\",\r\n    \"duration\": \"PT1.9075973S\",\r\n    \"correlationId\": \"b43bce6a-8877-4b5b-bade-ba07be4695eb\",\r\n    \"providers\": [\r\n      {\r\n        \"namespace\": \"Microsoft.Resources\",\r\n        \"resourceTypes\": [\r\n          {\r\n            \"resourceType\": \"deployments\",\r\n            \"locations\": [\r\n              \"westus2\"\r\n            ]\r\n          }\r\n        ]\r\n      }\r\n    ],\r\n    \"dependencies\": []\r\n  }\r\n}",
      "StatusCode": 200
    },
    {
      "RequestUri": "/subscriptions/a1bfa635-f2bf-42f1-86b5-848c674fc321/providers/Microsoft.Resources/deployments/ps9815-231221215dore?api-version=2022-09-01",
      "EncodedRequestUri": "L3N1YnNjcmlwdGlvbnMvYTFiZmE2MzUtZjJiZi00MmYxLTg2YjUtODQ4YzY3NGZjMzIxL3Byb3ZpZGVycy9NaWNyb3NvZnQuUmVzb3VyY2VzL2RlcGxveW1lbnRzL3BzOTgxNS0yMzEyMjEyMTVkb3JlP2FwaS12ZXJzaW9uPTIwMjItMDktMDE=",
      "RequestMethod": "GET",
      "RequestHeaders": {
        "x-ms-client-request-id": [
          "6439b8a0-883a-4b19-bd24-0f4d47157f1d"
        ],
        "Accept-Language": [
          "en-US"
        ],
        "User-Agent": [
          "FxVersion/6.0.2523.51912",
          "OSName/Windows",
          "OSVersion/Microsoft.Windows.10.0.22621",
          "Microsoft.Azure.Management.Resources.ResourceManagementClient/6.12.1"
        ]
      },
      "RequestBody": "",
      "ResponseHeaders": {
        "Cache-Control": [
          "no-cache"
        ],
        "Pragma": [
          "no-cache"
        ],
        "x-ms-ratelimit-remaining-subscription-reads": [
          "11996"
        ],
        "x-ms-request-id": [
          "0a96c990-1e49-4a2b-86e5-adaaf702318c"
        ],
        "x-ms-correlation-request-id": [
          "0a96c990-1e49-4a2b-86e5-adaaf702318c"
        ],
        "x-ms-routing-request-id": [
          "WESTUS:20231221T211843Z:0a96c990-1e49-4a2b-86e5-adaaf702318c"
        ],
        "Strict-Transport-Security": [
          "max-age=31536000; includeSubDomains"
        ],
        "X-Content-Type-Options": [
          "nosniff"
        ],
        "Date": [
          "Thu, 21 Dec 2023 21:18:42 GMT"
        ],
        "Content-Type": [
          "application/json; charset=utf-8"
        ],
        "Expires": [
          "-1"
        ],
        "Content-Length": [
          "965"
        ],
        "Retry-After": [
          "0"
        ]
      },
      "ResponseBody": "{\r\n  \"id\": \"/subscriptions/a1bfa635-f2bf-42f1-86b5-848c674fc321/providers/Microsoft.Resources/deployments/ps9815-231221215dore\",\r\n  \"name\": \"ps9815-231221215dore\",\r\n  \"type\": \"Microsoft.Resources/deployments\",\r\n  \"location\": \"westus2\",\r\n  \"properties\": {\r\n    \"templateHash\": \"13529450622016881009\",\r\n    \"parameters\": {\r\n      \"subId\": {\r\n        \"type\": \"String\",\r\n        \"value\": \"4ce8c9fe-cadc-47d6-9c76-335812fd59df\"\r\n      },\r\n      \"moduleName\": {\r\n        \"type\": \"String\",\r\n        \"value\": \"stacksMGtestmod\"\r\n      },\r\n      \"policyDefinitionName\": {\r\n        \"type\": \"String\",\r\n        \"value\": \"PSCmdletTestPolicy476223\"\r\n      }\r\n    },\r\n    \"mode\": \"Incremental\",\r\n    \"provisioningState\": \"Succeeded\",\r\n    \"timestamp\": \"2023-12-21T21:18:43.4324994Z\",\r\n    \"duration\": \"PT18.154609S\",\r\n    \"correlationId\": \"b43bce6a-8877-4b5b-bade-ba07be4695eb\",\r\n    \"providers\": [\r\n      {\r\n        \"namespace\": \"Microsoft.Resources\",\r\n        \"resourceTypes\": [\r\n          {\r\n            \"resourceType\": \"deployments\",\r\n            \"locations\": [\r\n              \"westus2\"\r\n            ]\r\n          }\r\n        ]\r\n      }\r\n    ],\r\n    \"dependencies\": [],\r\n    \"outputResources\": [\r\n      {\r\n        \"id\": \"/subscriptions/4ce8c9fe-cadc-47d6-9c76-335812fd59df/providers/Microsoft.Authorization/policyDefinitions/PSCmdletTestPolicy476223\"\r\n      }\r\n    ]\r\n  }\r\n}",
      "StatusCode": 200
    },
    {
      "RequestUri": "/providers/Microsoft.Management/managementGroups/AzBlueprintAssignTest/providers/Microsoft.Resources/deploymentStacks/ps9815?unmanageAction.Resources=delete&unmanageAction.ResourceGroups=delete&api-version=2022-08-01-preview",
      "EncodedRequestUri": "L3Byb3ZpZGVycy9NaWNyb3NvZnQuTWFuYWdlbWVudC9tYW5hZ2VtZW50R3JvdXBzL0F6Qmx1ZXByaW50QXNzaWduVGVzdC9wcm92aWRlcnMvTWljcm9zb2Z0LlJlc291cmNlcy9kZXBsb3ltZW50U3RhY2tzL3BzOTgxNT91bm1hbmFnZUFjdGlvbi5SZXNvdXJjZXM9ZGVsZXRlJnVubWFuYWdlQWN0aW9uLlJlc291cmNlR3JvdXBzPWRlbGV0ZSZhcGktdmVyc2lvbj0yMDIyLTA4LTAxLXByZXZpZXc=",
      "RequestMethod": "DELETE",
      "RequestHeaders": {
        "x-ms-client-request-id": [
          "8b1b4628-52e1-412b-ad4c-da38ab8b6b3a"
        ],
        "Accept-Language": [
          "en-US"
        ],
        "User-Agent": [
          "FxVersion/6.0.2523.51912",
          "OSName/Windows",
          "OSVersion/Microsoft.Windows.10.0.22621",
          "Microsoft.Azure.Management.Resources.DeploymentStacksClient/6.12.1"
        ]
      },
      "RequestBody": "",
      "ResponseHeaders": {
        "Cache-Control": [
          "no-cache"
        ],
        "Pragma": [
          "no-cache"
        ],
        "Retry-After": [
          "0"
        ],
        "Azure-AsyncOperation": [
          "https://management.azure.com/providers/Microsoft.Resources/locations/westus2/deploymentStackOperationStatus/ee26d35f-7ea8-49f5-96c8-d0d63169396b?unmanageAction.Resources=delete&unmanageAction.ResourceGroups=delete&api-version=2022-08-01-preview&t=638387903341626929&c=MIIHADCCBeigAwIBAgITfAQMTI1h2_N6jbL4IQAABAxMjTANBgkqhkiG9w0BAQsFADBEMRMwEQYKCZImiZPyLGQBGRYDR0JMMRMwEQYKCZImiZPyLGQBGRYDQU1FMRgwFgYDVQQDEw9BTUUgSW5mcmEgQ0EgMDUwHhcNMjMxMTAyMDczOTIwWhcNMjQxMDI3MDczOTIwWjBAMT4wPAYDVQQDEzVhc3luY29wZXJhdGlvbnNpZ25pbmdjZXJ0aWZpY2F0ZS5tYW5hZ2VtZW50LmF6dXJlLmNvbTCCASIwDQYJKoZIhvcNAQEBBQADggEPADCCAQoCggEBAM5nVon0S6tEvS61NcnXsn2CcuOI1nSrtGbtGk9X6y4qeqVj1PU84XJVMmBK-wLCx9U9sQu4pCLiJzifhHlKpcopJy-Q0rQVcsNpaY-PH3IH89wLTdFbfdjBPrPJDPSVvdFWtRsQRR-rvAo-16n97xYsXYb-mCYxLAx9eFB7n0SHLhuR6IxKfxJD4z9WENmuA-7e9lMfTsAE6Q9yJuFGb0vwVf4uLL9xcC6SHP_Xx1gaFGgG0I6Wtez1ZLLWmi7uOG4ABf3gOxNim_EQkyvCRXOl4RrCM0Sqz3ouFZyQRj4qU4WGqIwPDRF6lcyY4U-fx5YIgXcf1-WU0b8mUsaIPd0CAwEAAaOCA-0wggPpMCcGCSsGAQQBgjcVCgQaMBgwCgYIKwYBBQUHAwEwCgYIKwYBBQUHAwIwPQYJKwYBBAGCNxUHBDAwLgYmKwYBBAGCNxUIhpDjDYTVtHiE8Ys-hZvdFs6dEoFggvX2K4Py0SACAWQCAQowggHLBggrBgEFBQcBAQSCAb0wggG5MGMGCCsGAQUFBzAChldodHRwOi8vY3JsLm1pY3Jvc29mdC5jb20vcGtpaW5mcmEvQ2VydHMvQ08xUEtJSU5UQ0EwMS5BTUUuR0JMX0FNRSUyMEluZnJhJTIwQ0ElMjAwNS5jcnQwUwYIKwYBBQUHMAKGR2h0dHA6Ly9jcmwxLmFtZS5nYmwvYWlhL0NPMVBLSUlOVENBMDEuQU1FLkdCTF9BTUUlMjBJbmZyYSUyMENBJTIwMDUuY3J0MFMGCCsGAQUFBzAChkdodHRwOi8vY3JsMi5hbWUuZ2JsL2FpYS9DTzFQS0lJTlRDQTAxLkFNRS5HQkxfQU1FJTIwSW5mcmElMjBDQSUyMDA1LmNydDBTBggrBgEFBQcwAoZHaHR0cDovL2NybDMuYW1lLmdibC9haWEvQ08xUEtJSU5UQ0EwMS5BTUUuR0JMX0FNRSUyMEluZnJhJTIwQ0ElMjAwNS5jcnQwUwYIKwYBBQUHMAKGR2h0dHA6Ly9jcmw0LmFtZS5nYmwvYWlhL0NPMVBLSUlOVENBMDEuQU1FLkdCTF9BTUUlMjBJbmZyYSUyMENBJTIwMDUuY3J0MB0GA1UdDgQWBBTKawt4N6x8p9k75woYfzjrUqYBnjAOBgNVHQ8BAf8EBAMCBaAwggEmBgNVHR8EggEdMIIBGTCCARWgggERoIIBDYY_aHR0cDovL2NybC5taWNyb3NvZnQuY29tL3BraWluZnJhL0NSTC9BTUUlMjBJbmZyYSUyMENBJTIwMDUuY3JshjFodHRwOi8vY3JsMS5hbWUuZ2JsL2NybC9BTUUlMjBJbmZyYSUyMENBJTIwMDUuY3JshjFodHRwOi8vY3JsMi5hbWUuZ2JsL2NybC9BTUUlMjBJbmZyYSUyMENBJTIwMDUuY3JshjFodHRwOi8vY3JsMy5hbWUuZ2JsL2NybC9BTUUlMjBJbmZyYSUyMENBJTIwMDUuY3JshjFodHRwOi8vY3JsNC5hbWUuZ2JsL2NybC9BTUUlMjBJbmZyYSUyMENBJTIwMDUuY3JsMBcGA1UdIAQQMA4wDAYKKwYBBAGCN3sBATAfBgNVHSMEGDAWgBR61hmFKHlscXYeYPjzS--iBUIWHTAdBgNVHSUEFjAUBggrBgEFBQcDAQYIKwYBBQUHAwIwDQYJKoZIhvcNAQELBQADggEBAGji_KAUv6_88OBryH9Tc2FnuhP6kw1_9qI_bxwwrpjNorAgFsoL8moQCmnBbzbyOqj3slb0GG_k2GSPLPKD0ttjidH0Ml3QQLsl7Qc8Qu_gw04U5XqOD3yYClOgb6YkZWZfqzG8nAxSAQ0x7vUYT2Er_MyfAPi0hcgO4JcAaLNLOWkVRWR99ARjrYeBXSmnFE7t8kJXN5jkwzRCtJ-hZOOWDHCAhqhV_cCtoXUvb3hOSe95ixjsi_0CPo62En_H6pHPMP4NXzmTUn18wmyCXunz_qG3UOi4uy3VxJOP1_V_SbZlqV5Bhk7SOeMl6i8oBeRjq3HIi9UXo1OhSEuQeT4&s=s5ZZ9yIsUpR1yIa4GUqHL-Numvh-ztGezvXh5P93vr8rqGgr1YwXwRhQyF6XiXzsyFjMELDNco4_vz9vEpKgj0ySeVVWBxQF-hoG7vyByhK2ShBf6oRBmTY7uv72SM8mHrPVXCgM43hKCUhhzusNHLviDNnwDN9EHGWm4c-JkivJpR88h86YEXCTiK1UIXCa_XrMjJZaLQw-jTRQ_3QDCyXnsHPV8wZOwb-YKvSGBzpmBh4co5X5ihaA47x6jGbsvQIT0O7ZEbBr9OBMPpMXMYbFrOLn0LIGloGWWdp44BIW74a4If5A3Z9UtAbAbLUno5NKKY4V5XATRCz8_GpR0w&h=S661L7_8_UB6trZ_KoSasz6W-dKyfOeMsS9-7-TGJ3s"
        ],
        "x-ms-request-id": [
          "1d639287-f4d1-4670-bd57-9f11e04970cc"
        ],
        "Server": [
          "Microsoft-HTTPAPI/2.0"
        ],
        "x-ms-ratelimit-remaining-tenant-deletes": [
          "14999"
        ],
        "x-ms-correlation-request-id": [
          "9e995680-edd0-4873-8689-97a46759cacc"
        ],
        "x-ms-routing-request-id": [
          "WESTUS:20231221T211854Z:9e995680-edd0-4873-8689-97a46759cacc"
        ],
        "Strict-Transport-Security": [
          "max-age=31536000; includeSubDomains"
        ],
        "X-Content-Type-Options": [
          "nosniff"
        ],
        "Date": [
          "Thu, 21 Dec 2023 21:18:53 GMT"
        ],
        "Expires": [
          "-1"
        ],
        "Content-Length": [
          "0"
        ]
      },
      "ResponseBody": "",
      "StatusCode": 202
    },
    {
      "RequestUri": "/providers/Microsoft.Resources/locations/westus2/deploymentStackOperationStatus/ee26d35f-7ea8-49f5-96c8-d0d63169396b?unmanageAction.Resources=delete&unmanageAction.ResourceGroups=delete&api-version=2022-08-01-preview&t=638387903341626929&c=MIIHADCCBeigAwIBAgITfAQMTI1h2_N6jbL4IQAABAxMjTANBgkqhkiG9w0BAQsFADBEMRMwEQYKCZImiZPyLGQBGRYDR0JMMRMwEQYKCZImiZPyLGQBGRYDQU1FMRgwFgYDVQQDEw9BTUUgSW5mcmEgQ0EgMDUwHhcNMjMxMTAyMDczOTIwWhcNMjQxMDI3MDczOTIwWjBAMT4wPAYDVQQDEzVhc3luY29wZXJhdGlvbnNpZ25pbmdjZXJ0aWZpY2F0ZS5tYW5hZ2VtZW50LmF6dXJlLmNvbTCCASIwDQYJKoZIhvcNAQEBBQADggEPADCCAQoCggEBAM5nVon0S6tEvS61NcnXsn2CcuOI1nSrtGbtGk9X6y4qeqVj1PU84XJVMmBK-wLCx9U9sQu4pCLiJzifhHlKpcopJy-Q0rQVcsNpaY-PH3IH89wLTdFbfdjBPrPJDPSVvdFWtRsQRR-rvAo-16n97xYsXYb-mCYxLAx9eFB7n0SHLhuR6IxKfxJD4z9WENmuA-7e9lMfTsAE6Q9yJuFGb0vwVf4uLL9xcC6SHP_Xx1gaFGgG0I6Wtez1ZLLWmi7uOG4ABf3gOxNim_EQkyvCRXOl4RrCM0Sqz3ouFZyQRj4qU4WGqIwPDRF6lcyY4U-fx5YIgXcf1-WU0b8mUsaIPd0CAwEAAaOCA-0wggPpMCcGCSsGAQQBgjcVCgQaMBgwCgYIKwYBBQUHAwEwCgYIKwYBBQUHAwIwPQYJKwYBBAGCNxUHBDAwLgYmKwYBBAGCNxUIhpDjDYTVtHiE8Ys-hZvdFs6dEoFggvX2K4Py0SACAWQCAQowggHLBggrBgEFBQcBAQSCAb0wggG5MGMGCCsGAQUFBzAChldodHRwOi8vY3JsLm1pY3Jvc29mdC5jb20vcGtpaW5mcmEvQ2VydHMvQ08xUEtJSU5UQ0EwMS5BTUUuR0JMX0FNRSUyMEluZnJhJTIwQ0ElMjAwNS5jcnQwUwYIKwYBBQUHMAKGR2h0dHA6Ly9jcmwxLmFtZS5nYmwvYWlhL0NPMVBLSUlOVENBMDEuQU1FLkdCTF9BTUUlMjBJbmZyYSUyMENBJTIwMDUuY3J0MFMGCCsGAQUFBzAChkdodHRwOi8vY3JsMi5hbWUuZ2JsL2FpYS9DTzFQS0lJTlRDQTAxLkFNRS5HQkxfQU1FJTIwSW5mcmElMjBDQSUyMDA1LmNydDBTBggrBgEFBQcwAoZHaHR0cDovL2NybDMuYW1lLmdibC9haWEvQ08xUEtJSU5UQ0EwMS5BTUUuR0JMX0FNRSUyMEluZnJhJTIwQ0ElMjAwNS5jcnQwUwYIKwYBBQUHMAKGR2h0dHA6Ly9jcmw0LmFtZS5nYmwvYWlhL0NPMVBLSUlOVENBMDEuQU1FLkdCTF9BTUUlMjBJbmZyYSUyMENBJTIwMDUuY3J0MB0GA1UdDgQWBBTKawt4N6x8p9k75woYfzjrUqYBnjAOBgNVHQ8BAf8EBAMCBaAwggEmBgNVHR8EggEdMIIBGTCCARWgggERoIIBDYY_aHR0cDovL2NybC5taWNyb3NvZnQuY29tL3BraWluZnJhL0NSTC9BTUUlMjBJbmZyYSUyMENBJTIwMDUuY3JshjFodHRwOi8vY3JsMS5hbWUuZ2JsL2NybC9BTUUlMjBJbmZyYSUyMENBJTIwMDUuY3JshjFodHRwOi8vY3JsMi5hbWUuZ2JsL2NybC9BTUUlMjBJbmZyYSUyMENBJTIwMDUuY3JshjFodHRwOi8vY3JsMy5hbWUuZ2JsL2NybC9BTUUlMjBJbmZyYSUyMENBJTIwMDUuY3JshjFodHRwOi8vY3JsNC5hbWUuZ2JsL2NybC9BTUUlMjBJbmZyYSUyMENBJTIwMDUuY3JsMBcGA1UdIAQQMA4wDAYKKwYBBAGCN3sBATAfBgNVHSMEGDAWgBR61hmFKHlscXYeYPjzS--iBUIWHTAdBgNVHSUEFjAUBggrBgEFBQcDAQYIKwYBBQUHAwIwDQYJKoZIhvcNAQELBQADggEBAGji_KAUv6_88OBryH9Tc2FnuhP6kw1_9qI_bxwwrpjNorAgFsoL8moQCmnBbzbyOqj3slb0GG_k2GSPLPKD0ttjidH0Ml3QQLsl7Qc8Qu_gw04U5XqOD3yYClOgb6YkZWZfqzG8nAxSAQ0x7vUYT2Er_MyfAPi0hcgO4JcAaLNLOWkVRWR99ARjrYeBXSmnFE7t8kJXN5jkwzRCtJ-hZOOWDHCAhqhV_cCtoXUvb3hOSe95ixjsi_0CPo62En_H6pHPMP4NXzmTUn18wmyCXunz_qG3UOi4uy3VxJOP1_V_SbZlqV5Bhk7SOeMl6i8oBeRjq3HIi9UXo1OhSEuQeT4&s=s5ZZ9yIsUpR1yIa4GUqHL-Numvh-ztGezvXh5P93vr8rqGgr1YwXwRhQyF6XiXzsyFjMELDNco4_vz9vEpKgj0ySeVVWBxQF-hoG7vyByhK2ShBf6oRBmTY7uv72SM8mHrPVXCgM43hKCUhhzusNHLviDNnwDN9EHGWm4c-JkivJpR88h86YEXCTiK1UIXCa_XrMjJZaLQw-jTRQ_3QDCyXnsHPV8wZOwb-YKvSGBzpmBh4co5X5ihaA47x6jGbsvQIT0O7ZEbBr9OBMPpMXMYbFrOLn0LIGloGWWdp44BIW74a4If5A3Z9UtAbAbLUno5NKKY4V5XATRCz8_GpR0w&h=S661L7_8_UB6trZ_KoSasz6W-dKyfOeMsS9-7-TGJ3s",
      "EncodedRequestUri": "L3Byb3ZpZGVycy9NaWNyb3NvZnQuUmVzb3VyY2VzL2xvY2F0aW9ucy93ZXN0dXMyL2RlcGxveW1lbnRTdGFja09wZXJhdGlvblN0YXR1cy9lZTI2ZDM1Zi03ZWE4LTQ5ZjUtOTZjOC1kMGQ2MzE2OTM5NmI/dW5tYW5hZ2VBY3Rpb24uUmVzb3VyY2VzPWRlbGV0ZSZ1bm1hbmFnZUFjdGlvbi5SZXNvdXJjZUdyb3Vwcz1kZWxldGUmYXBpLXZlcnNpb249MjAyMi0wOC0wMS1wcmV2aWV3JnQ9NjM4Mzg3OTAzMzQxNjI2OTI5JmM9TUlJSEFEQ0NCZWlnQXdJQkFnSVRmQVFNVEkxaDJfTjZqYkw0SVFBQUJBeE1qVEFOQmdrcWhraUc5dzBCQVFzRkFEQkVNUk13RVFZS0NaSW1pWlB5TEdRQkdSWURSMEpNTVJNd0VRWUtDWkltaVpQeUxHUUJHUllEUVUxRk1SZ3dGZ1lEVlFRREV3OUJUVVVnU1c1bWNtRWdRMEVnTURVd0hoY05Nak14TVRBeU1EY3pPVEl3V2hjTk1qUXhNREkzTURjek9USXdXakJBTVQ0d1BBWURWUVFERXpWaGMzbHVZMjl3WlhKaGRHbHZibk5wWjI1cGJtZGpaWEowYVdacFkyRjBaUzV0WVc1aFoyVnRaVzUwTG1GNmRYSmxMbU52YlRDQ0FTSXdEUVlKS29aSWh2Y05BUUVCQlFBRGdnRVBBRENDQVFvQ2dnRUJBTTVuVm9uMFM2dEV2UzYxTmNuWHNuMkNjdU9JMW5TcnRHYnRHazlYNnk0cWVxVmoxUFU4NFhKVk1tQkstd0xDeDlVOXNRdTRwQ0xpSnppZmhIbEtwY29wSnktUTByUVZjc05wYVktUEgzSUg4OXdMVGRGYmZkakJQclBKRFBTVnZkRld0UnNRUlItcnZBby0xNm45N3hZc1hZYi1tQ1l4TEF4OWVGQjduMFNITGh1UjZJeEtmeEpENHo5V0VObXVBLTdlOWxNZlRzQUU2UTl5SnVGR2IwdndWZjR1TEw5eGNDNlNIUF9YeDFnYUZHZ0cwSTZXdGV6MVpMTFdtaTd1T0c0QUJmM2dPeE5pbV9FUWt5dkNSWE9sNFJyQ00wU3F6M291Rlp5UVJqNHFVNFdHcUl3UERSRjZsY3lZNFUtZng1WUlnWGNmMS1XVTBiOG1Vc2FJUGQwQ0F3RUFBYU9DQS0wd2dnUHBNQ2NHQ1NzR0FRUUJnamNWQ2dRYU1CZ3dDZ1lJS3dZQkJRVUhBd0V3Q2dZSUt3WUJCUVVIQXdJd1BRWUpLd1lCQkFHQ054VUhCREF3TGdZbUt3WUJCQUdDTnhVSWhwRGpEWVRWdEhpRThZcy1oWnZkRnM2ZEVvRmdndlgySzRQeTBTQUNBV1FDQVFvd2dnSExCZ2dyQmdFRkJRY0JBUVNDQWIwd2dnRzVNR01HQ0NzR0FRVUZCekFDaGxkb2RIUndPaTh2WTNKc0xtMXBZM0p2YzI5bWRDNWpiMjB2Y0d0cGFXNW1jbUV2UTJWeWRITXZRMDh4VUV0SlNVNVVRMEV3TVM1QlRVVXVSMEpNWDBGTlJTVXlNRWx1Wm5KaEpUSXdRMEVsTWpBd05TNWpjblF3VXdZSUt3WUJCUVVITUFLR1IyaDBkSEE2THk5amNtd3hMbUZ0WlM1blltd3ZZV2xoTDBOUE1WQkxTVWxPVkVOQk1ERXVRVTFGTGtkQ1RGOUJUVVVsTWpCSmJtWnlZU1V5TUVOQkpUSXdNRFV1WTNKME1GTUdDQ3NHQVFVRkJ6QUNoa2RvZEhSd09pOHZZM0pzTWk1aGJXVXVaMkpzTDJGcFlTOURUekZRUzBsSlRsUkRRVEF4TGtGTlJTNUhRa3hmUVUxRkpUSXdTVzVtY21FbE1qQkRRU1V5TURBMUxtTnlkREJUQmdnckJnRUZCUWN3QW9aSGFIUjBjRG92TDJOeWJETXVZVzFsTG1kaWJDOWhhV0V2UTA4eFVFdEpTVTVVUTBFd01TNUJUVVV1UjBKTVgwRk5SU1V5TUVsdVpuSmhKVEl3UTBFbE1qQXdOUzVqY25Rd1V3WUlLd1lCQlFVSE1BS0dSMmgwZEhBNkx5OWpjbXcwTG1GdFpTNW5ZbXd2WVdsaEwwTlBNVkJMU1VsT1ZFTkJNREV1UVUxRkxrZENURjlCVFVVbE1qQkpibVp5WVNVeU1FTkJKVEl3TURVdVkzSjBNQjBHQTFVZERnUVdCQlRLYXd0NE42eDhwOWs3NXdvWWZ6anJVcVlCbmpBT0JnTlZIUThCQWY4RUJBTUNCYUF3Z2dFbUJnTlZIUjhFZ2dFZE1JSUJHVENDQVJXZ2dnRVJvSUlCRFlZX2FIUjBjRG92TDJOeWJDNXRhV055YjNOdlpuUXVZMjl0TDNCcmFXbHVabkpoTDBOU1RDOUJUVVVsTWpCSmJtWnlZU1V5TUVOQkpUSXdNRFV1WTNKc2hqRm9kSFJ3T2k4dlkzSnNNUzVoYldVdVoySnNMMk55YkM5QlRVVWxNakJKYm1aeVlTVXlNRU5CSlRJd01EVXVZM0pzaGpGb2RIUndPaTh2WTNKc01pNWhiV1V1WjJKc0wyTnliQzlCVFVVbE1qQkpibVp5WVNVeU1FTkJKVEl3TURVdVkzSnNoakZvZEhSd09pOHZZM0pzTXk1aGJXVXVaMkpzTDJOeWJDOUJUVVVsTWpCSmJtWnlZU1V5TUVOQkpUSXdNRFV1WTNKc2hqRm9kSFJ3T2k4dlkzSnNOQzVoYldVdVoySnNMMk55YkM5QlRVVWxNakJKYm1aeVlTVXlNRU5CSlRJd01EVXVZM0pzTUJjR0ExVWRJQVFRTUE0d0RBWUtLd1lCQkFHQ04zc0JBVEFmQmdOVkhTTUVHREFXZ0JSNjFobUZLSGxzY1hZZVlQanpTLS1pQlVJV0hUQWRCZ05WSFNVRUZqQVVCZ2dyQmdFRkJRY0RBUVlJS3dZQkJRVUhBd0l3RFFZSktvWklodmNOQVFFTEJRQURnZ0VCQUdqaV9LQVV2Nl84OE9CcnlIOVRjMkZudWhQNmt3MV85cUlfYnh3d3Jwak5vckFnRnNvTDhtb1FDbW5CYnpieU9xajNzbGIwR0dfazJHU1BMUEtEMHR0amlkSDBNbDNRUUxzbDdRYzhRdV9ndzA0VTVYcU9EM3lZQ2xPZ2I2WWtaV1pmcXpHOG5BeFNBUTB4N3ZVWVQyRXJfTXlmQVBpMGhjZ080SmNBYUxOTE9Xa1ZSV1I5OUFSanJZZUJYU21uRkU3dDhrSlhONWprd3pSQ3RKLWhaT09XREhDQWhxaFZfY0N0b1hVdmIzaE9TZTk1aXhqc2lfMENQbzYyRW5fSDZwSFBNUDROWHptVFVuMTh3bXlDWHVuel9xRzNVT2k0dXkzVnhKT1AxX1ZfU2JabHFWNUJoazdTT2VNbDZpOG9CZVJqcTNISWk5VVhvMU9oU0V1UWVUNCZzPXM1Wlo5eUlzVXBSMXlJYTRHVXFITC1OdW12aC16dEdlenZYaDVQOTN2cjhycUdncjFZd1h3UmhReUY2WGlYenN5RmpNRUxETmNvNF92ejl2RXBLZ2oweVNlVlZXQnhRRi1ob0c3dnlCeWhLMlNoQmY2b1JCbVRZN3V2NzJTTThtSHJQVlhDZ000M2hLQ1VoaHp1c05ITHZpRE5ud0ROOUVIR1dtNGMtSmtpdkpwUjg4aDg2WUVYQ1RpSzFVSVhDYV9Yck1qSlphTFF3LWpUUlFfM1FEQ3lYbnNIUFY4d1pPd2ItWUt2U0dCenBtQmg0Y281WDVpaGFBNDd4NmpHYnN2UUlUME83WkViQnI5T0JNUHBNWE1ZYkZyT0xuMExJR2xvR1dXZHA0NEJJVzc0YTRJZjVBM1o5VXRBYkFiTFVubzVOS0tZNFY1WEFUUkN6OF9HcFIwdyZoPVM2NjFMN184X1VCNnRyWl9Lb1Nhc3o2Vy1kS3lmT2VNc1M5LTctVEdKM3M=",
      "RequestMethod": "GET",
      "RequestHeaders": {
        "x-ms-client-request-id": [
          "8b1b4628-52e1-412b-ad4c-da38ab8b6b3a"
        ],
        "User-Agent": [
          "FxVersion/6.0.2523.51912",
          "OSName/Windows",
          "OSVersion/Microsoft.Windows.10.0.22621",
          "Microsoft.Azure.Management.Resources.DeploymentStacksClient/6.12.1"
        ]
      },
      "RequestBody": "",
      "ResponseHeaders": {
        "Cache-Control": [
          "no-cache"
        ],
        "Pragma": [
          "no-cache"
        ],
        "x-ms-request-id": [
          "2bf6c706-dd57-46b6-b575-2bdc086a7cd4"
        ],
        "Server": [
          "Microsoft-HTTPAPI/2.0"
        ],
        "x-ms-ratelimit-remaining-tenant-reads": [
          "11999"
        ],
        "x-ms-correlation-request-id": [
          "7c52d1d3-c0d8-47ea-81c9-036e20988e28"
        ],
        "x-ms-routing-request-id": [
          "WESTUS:20231221T211911Z:7c52d1d3-c0d8-47ea-81c9-036e20988e28"
        ],
        "Strict-Transport-Security": [
          "max-age=31536000; includeSubDomains"
        ],
        "X-Content-Type-Options": [
          "nosniff"
        ],
        "Date": [
          "Thu, 21 Dec 2023 21:19:11 GMT"
        ],
        "Content-Length": [
          "208"
        ],
        "Content-Type": [
          "application/json; charset=utf-8"
        ],
        "Expires": [
          "-1"
        ],
        "Retry-After": [
          "0"
        ]
      },
      "ResponseBody": "{\r\n  \"id\": \"/providers/Microsoft.Resources/locations/westus2/deploymentStackOperationStatus/ee26d35f-7ea8-49f5-96c8-d0d63169396b\",\r\n  \"name\": \"ee26d35f-7ea8-49f5-96c8-d0d63169396b\",\r\n  \"status\": \"deleting\"\r\n}",
      "StatusCode": 200
    },
    {
      "RequestUri": "/providers/Microsoft.Resources/locations/westus2/deploymentStackOperationStatus/ee26d35f-7ea8-49f5-96c8-d0d63169396b?unmanageAction.Resources=delete&unmanageAction.ResourceGroups=delete&api-version=2022-08-01-preview&t=638387903341626929&c=MIIHADCCBeigAwIBAgITfAQMTI1h2_N6jbL4IQAABAxMjTANBgkqhkiG9w0BAQsFADBEMRMwEQYKCZImiZPyLGQBGRYDR0JMMRMwEQYKCZImiZPyLGQBGRYDQU1FMRgwFgYDVQQDEw9BTUUgSW5mcmEgQ0EgMDUwHhcNMjMxMTAyMDczOTIwWhcNMjQxMDI3MDczOTIwWjBAMT4wPAYDVQQDEzVhc3luY29wZXJhdGlvbnNpZ25pbmdjZXJ0aWZpY2F0ZS5tYW5hZ2VtZW50LmF6dXJlLmNvbTCCASIwDQYJKoZIhvcNAQEBBQADggEPADCCAQoCggEBAM5nVon0S6tEvS61NcnXsn2CcuOI1nSrtGbtGk9X6y4qeqVj1PU84XJVMmBK-wLCx9U9sQu4pCLiJzifhHlKpcopJy-Q0rQVcsNpaY-PH3IH89wLTdFbfdjBPrPJDPSVvdFWtRsQRR-rvAo-16n97xYsXYb-mCYxLAx9eFB7n0SHLhuR6IxKfxJD4z9WENmuA-7e9lMfTsAE6Q9yJuFGb0vwVf4uLL9xcC6SHP_Xx1gaFGgG0I6Wtez1ZLLWmi7uOG4ABf3gOxNim_EQkyvCRXOl4RrCM0Sqz3ouFZyQRj4qU4WGqIwPDRF6lcyY4U-fx5YIgXcf1-WU0b8mUsaIPd0CAwEAAaOCA-0wggPpMCcGCSsGAQQBgjcVCgQaMBgwCgYIKwYBBQUHAwEwCgYIKwYBBQUHAwIwPQYJKwYBBAGCNxUHBDAwLgYmKwYBBAGCNxUIhpDjDYTVtHiE8Ys-hZvdFs6dEoFggvX2K4Py0SACAWQCAQowggHLBggrBgEFBQcBAQSCAb0wggG5MGMGCCsGAQUFBzAChldodHRwOi8vY3JsLm1pY3Jvc29mdC5jb20vcGtpaW5mcmEvQ2VydHMvQ08xUEtJSU5UQ0EwMS5BTUUuR0JMX0FNRSUyMEluZnJhJTIwQ0ElMjAwNS5jcnQwUwYIKwYBBQUHMAKGR2h0dHA6Ly9jcmwxLmFtZS5nYmwvYWlhL0NPMVBLSUlOVENBMDEuQU1FLkdCTF9BTUUlMjBJbmZyYSUyMENBJTIwMDUuY3J0MFMGCCsGAQUFBzAChkdodHRwOi8vY3JsMi5hbWUuZ2JsL2FpYS9DTzFQS0lJTlRDQTAxLkFNRS5HQkxfQU1FJTIwSW5mcmElMjBDQSUyMDA1LmNydDBTBggrBgEFBQcwAoZHaHR0cDovL2NybDMuYW1lLmdibC9haWEvQ08xUEtJSU5UQ0EwMS5BTUUuR0JMX0FNRSUyMEluZnJhJTIwQ0ElMjAwNS5jcnQwUwYIKwYBBQUHMAKGR2h0dHA6Ly9jcmw0LmFtZS5nYmwvYWlhL0NPMVBLSUlOVENBMDEuQU1FLkdCTF9BTUUlMjBJbmZyYSUyMENBJTIwMDUuY3J0MB0GA1UdDgQWBBTKawt4N6x8p9k75woYfzjrUqYBnjAOBgNVHQ8BAf8EBAMCBaAwggEmBgNVHR8EggEdMIIBGTCCARWgggERoIIBDYY_aHR0cDovL2NybC5taWNyb3NvZnQuY29tL3BraWluZnJhL0NSTC9BTUUlMjBJbmZyYSUyMENBJTIwMDUuY3JshjFodHRwOi8vY3JsMS5hbWUuZ2JsL2NybC9BTUUlMjBJbmZyYSUyMENBJTIwMDUuY3JshjFodHRwOi8vY3JsMi5hbWUuZ2JsL2NybC9BTUUlMjBJbmZyYSUyMENBJTIwMDUuY3JshjFodHRwOi8vY3JsMy5hbWUuZ2JsL2NybC9BTUUlMjBJbmZyYSUyMENBJTIwMDUuY3JshjFodHRwOi8vY3JsNC5hbWUuZ2JsL2NybC9BTUUlMjBJbmZyYSUyMENBJTIwMDUuY3JsMBcGA1UdIAQQMA4wDAYKKwYBBAGCN3sBATAfBgNVHSMEGDAWgBR61hmFKHlscXYeYPjzS--iBUIWHTAdBgNVHSUEFjAUBggrBgEFBQcDAQYIKwYBBQUHAwIwDQYJKoZIhvcNAQELBQADggEBAGji_KAUv6_88OBryH9Tc2FnuhP6kw1_9qI_bxwwrpjNorAgFsoL8moQCmnBbzbyOqj3slb0GG_k2GSPLPKD0ttjidH0Ml3QQLsl7Qc8Qu_gw04U5XqOD3yYClOgb6YkZWZfqzG8nAxSAQ0x7vUYT2Er_MyfAPi0hcgO4JcAaLNLOWkVRWR99ARjrYeBXSmnFE7t8kJXN5jkwzRCtJ-hZOOWDHCAhqhV_cCtoXUvb3hOSe95ixjsi_0CPo62En_H6pHPMP4NXzmTUn18wmyCXunz_qG3UOi4uy3VxJOP1_V_SbZlqV5Bhk7SOeMl6i8oBeRjq3HIi9UXo1OhSEuQeT4&s=s5ZZ9yIsUpR1yIa4GUqHL-Numvh-ztGezvXh5P93vr8rqGgr1YwXwRhQyF6XiXzsyFjMELDNco4_vz9vEpKgj0ySeVVWBxQF-hoG7vyByhK2ShBf6oRBmTY7uv72SM8mHrPVXCgM43hKCUhhzusNHLviDNnwDN9EHGWm4c-JkivJpR88h86YEXCTiK1UIXCa_XrMjJZaLQw-jTRQ_3QDCyXnsHPV8wZOwb-YKvSGBzpmBh4co5X5ihaA47x6jGbsvQIT0O7ZEbBr9OBMPpMXMYbFrOLn0LIGloGWWdp44BIW74a4If5A3Z9UtAbAbLUno5NKKY4V5XATRCz8_GpR0w&h=S661L7_8_UB6trZ_KoSasz6W-dKyfOeMsS9-7-TGJ3s",
      "EncodedRequestUri": "L3Byb3ZpZGVycy9NaWNyb3NvZnQuUmVzb3VyY2VzL2xvY2F0aW9ucy93ZXN0dXMyL2RlcGxveW1lbnRTdGFja09wZXJhdGlvblN0YXR1cy9lZTI2ZDM1Zi03ZWE4LTQ5ZjUtOTZjOC1kMGQ2MzE2OTM5NmI/dW5tYW5hZ2VBY3Rpb24uUmVzb3VyY2VzPWRlbGV0ZSZ1bm1hbmFnZUFjdGlvbi5SZXNvdXJjZUdyb3Vwcz1kZWxldGUmYXBpLXZlcnNpb249MjAyMi0wOC0wMS1wcmV2aWV3JnQ9NjM4Mzg3OTAzMzQxNjI2OTI5JmM9TUlJSEFEQ0NCZWlnQXdJQkFnSVRmQVFNVEkxaDJfTjZqYkw0SVFBQUJBeE1qVEFOQmdrcWhraUc5dzBCQVFzRkFEQkVNUk13RVFZS0NaSW1pWlB5TEdRQkdSWURSMEpNTVJNd0VRWUtDWkltaVpQeUxHUUJHUllEUVUxRk1SZ3dGZ1lEVlFRREV3OUJUVVVnU1c1bWNtRWdRMEVnTURVd0hoY05Nak14TVRBeU1EY3pPVEl3V2hjTk1qUXhNREkzTURjek9USXdXakJBTVQ0d1BBWURWUVFERXpWaGMzbHVZMjl3WlhKaGRHbHZibk5wWjI1cGJtZGpaWEowYVdacFkyRjBaUzV0WVc1aFoyVnRaVzUwTG1GNmRYSmxMbU52YlRDQ0FTSXdEUVlKS29aSWh2Y05BUUVCQlFBRGdnRVBBRENDQVFvQ2dnRUJBTTVuVm9uMFM2dEV2UzYxTmNuWHNuMkNjdU9JMW5TcnRHYnRHazlYNnk0cWVxVmoxUFU4NFhKVk1tQkstd0xDeDlVOXNRdTRwQ0xpSnppZmhIbEtwY29wSnktUTByUVZjc05wYVktUEgzSUg4OXdMVGRGYmZkakJQclBKRFBTVnZkRld0UnNRUlItcnZBby0xNm45N3hZc1hZYi1tQ1l4TEF4OWVGQjduMFNITGh1UjZJeEtmeEpENHo5V0VObXVBLTdlOWxNZlRzQUU2UTl5SnVGR2IwdndWZjR1TEw5eGNDNlNIUF9YeDFnYUZHZ0cwSTZXdGV6MVpMTFdtaTd1T0c0QUJmM2dPeE5pbV9FUWt5dkNSWE9sNFJyQ00wU3F6M291Rlp5UVJqNHFVNFdHcUl3UERSRjZsY3lZNFUtZng1WUlnWGNmMS1XVTBiOG1Vc2FJUGQwQ0F3RUFBYU9DQS0wd2dnUHBNQ2NHQ1NzR0FRUUJnamNWQ2dRYU1CZ3dDZ1lJS3dZQkJRVUhBd0V3Q2dZSUt3WUJCUVVIQXdJd1BRWUpLd1lCQkFHQ054VUhCREF3TGdZbUt3WUJCQUdDTnhVSWhwRGpEWVRWdEhpRThZcy1oWnZkRnM2ZEVvRmdndlgySzRQeTBTQUNBV1FDQVFvd2dnSExCZ2dyQmdFRkJRY0JBUVNDQWIwd2dnRzVNR01HQ0NzR0FRVUZCekFDaGxkb2RIUndPaTh2WTNKc0xtMXBZM0p2YzI5bWRDNWpiMjB2Y0d0cGFXNW1jbUV2UTJWeWRITXZRMDh4VUV0SlNVNVVRMEV3TVM1QlRVVXVSMEpNWDBGTlJTVXlNRWx1Wm5KaEpUSXdRMEVsTWpBd05TNWpjblF3VXdZSUt3WUJCUVVITUFLR1IyaDBkSEE2THk5amNtd3hMbUZ0WlM1blltd3ZZV2xoTDBOUE1WQkxTVWxPVkVOQk1ERXVRVTFGTGtkQ1RGOUJUVVVsTWpCSmJtWnlZU1V5TUVOQkpUSXdNRFV1WTNKME1GTUdDQ3NHQVFVRkJ6QUNoa2RvZEhSd09pOHZZM0pzTWk1aGJXVXVaMkpzTDJGcFlTOURUekZRUzBsSlRsUkRRVEF4TGtGTlJTNUhRa3hmUVUxRkpUSXdTVzVtY21FbE1qQkRRU1V5TURBMUxtTnlkREJUQmdnckJnRUZCUWN3QW9aSGFIUjBjRG92TDJOeWJETXVZVzFsTG1kaWJDOWhhV0V2UTA4eFVFdEpTVTVVUTBFd01TNUJUVVV1UjBKTVgwRk5SU1V5TUVsdVpuSmhKVEl3UTBFbE1qQXdOUzVqY25Rd1V3WUlLd1lCQlFVSE1BS0dSMmgwZEhBNkx5OWpjbXcwTG1GdFpTNW5ZbXd2WVdsaEwwTlBNVkJMU1VsT1ZFTkJNREV1UVUxRkxrZENURjlCVFVVbE1qQkpibVp5WVNVeU1FTkJKVEl3TURVdVkzSjBNQjBHQTFVZERnUVdCQlRLYXd0NE42eDhwOWs3NXdvWWZ6anJVcVlCbmpBT0JnTlZIUThCQWY4RUJBTUNCYUF3Z2dFbUJnTlZIUjhFZ2dFZE1JSUJHVENDQVJXZ2dnRVJvSUlCRFlZX2FIUjBjRG92TDJOeWJDNXRhV055YjNOdlpuUXVZMjl0TDNCcmFXbHVabkpoTDBOU1RDOUJUVVVsTWpCSmJtWnlZU1V5TUVOQkpUSXdNRFV1WTNKc2hqRm9kSFJ3T2k4dlkzSnNNUzVoYldVdVoySnNMMk55YkM5QlRVVWxNakJKYm1aeVlTVXlNRU5CSlRJd01EVXVZM0pzaGpGb2RIUndPaTh2WTNKc01pNWhiV1V1WjJKc0wyTnliQzlCVFVVbE1qQkpibVp5WVNVeU1FTkJKVEl3TURVdVkzSnNoakZvZEhSd09pOHZZM0pzTXk1aGJXVXVaMkpzTDJOeWJDOUJUVVVsTWpCSmJtWnlZU1V5TUVOQkpUSXdNRFV1WTNKc2hqRm9kSFJ3T2k4dlkzSnNOQzVoYldVdVoySnNMMk55YkM5QlRVVWxNakJKYm1aeVlTVXlNRU5CSlRJd01EVXVZM0pzTUJjR0ExVWRJQVFRTUE0d0RBWUtLd1lCQkFHQ04zc0JBVEFmQmdOVkhTTUVHREFXZ0JSNjFobUZLSGxzY1hZZVlQanpTLS1pQlVJV0hUQWRCZ05WSFNVRUZqQVVCZ2dyQmdFRkJRY0RBUVlJS3dZQkJRVUhBd0l3RFFZSktvWklodmNOQVFFTEJRQURnZ0VCQUdqaV9LQVV2Nl84OE9CcnlIOVRjMkZudWhQNmt3MV85cUlfYnh3d3Jwak5vckFnRnNvTDhtb1FDbW5CYnpieU9xajNzbGIwR0dfazJHU1BMUEtEMHR0amlkSDBNbDNRUUxzbDdRYzhRdV9ndzA0VTVYcU9EM3lZQ2xPZ2I2WWtaV1pmcXpHOG5BeFNBUTB4N3ZVWVQyRXJfTXlmQVBpMGhjZ080SmNBYUxOTE9Xa1ZSV1I5OUFSanJZZUJYU21uRkU3dDhrSlhONWprd3pSQ3RKLWhaT09XREhDQWhxaFZfY0N0b1hVdmIzaE9TZTk1aXhqc2lfMENQbzYyRW5fSDZwSFBNUDROWHptVFVuMTh3bXlDWHVuel9xRzNVT2k0dXkzVnhKT1AxX1ZfU2JabHFWNUJoazdTT2VNbDZpOG9CZVJqcTNISWk5VVhvMU9oU0V1UWVUNCZzPXM1Wlo5eUlzVXBSMXlJYTRHVXFITC1OdW12aC16dEdlenZYaDVQOTN2cjhycUdncjFZd1h3UmhReUY2WGlYenN5RmpNRUxETmNvNF92ejl2RXBLZ2oweVNlVlZXQnhRRi1ob0c3dnlCeWhLMlNoQmY2b1JCbVRZN3V2NzJTTThtSHJQVlhDZ000M2hLQ1VoaHp1c05ITHZpRE5ud0ROOUVIR1dtNGMtSmtpdkpwUjg4aDg2WUVYQ1RpSzFVSVhDYV9Yck1qSlphTFF3LWpUUlFfM1FEQ3lYbnNIUFY4d1pPd2ItWUt2U0dCenBtQmg0Y281WDVpaGFBNDd4NmpHYnN2UUlUME83WkViQnI5T0JNUHBNWE1ZYkZyT0xuMExJR2xvR1dXZHA0NEJJVzc0YTRJZjVBM1o5VXRBYkFiTFVubzVOS0tZNFY1WEFUUkN6OF9HcFIwdyZoPVM2NjFMN184X1VCNnRyWl9Lb1Nhc3o2Vy1kS3lmT2VNc1M5LTctVEdKM3M=",
      "RequestMethod": "GET",
      "RequestHeaders": {
        "x-ms-client-request-id": [
          "8b1b4628-52e1-412b-ad4c-da38ab8b6b3a"
        ],
        "User-Agent": [
          "FxVersion/6.0.2523.51912",
          "OSName/Windows",
          "OSVersion/Microsoft.Windows.10.0.22621",
          "Microsoft.Azure.Management.Resources.DeploymentStacksClient/6.12.1"
        ]
      },
      "RequestBody": "",
      "ResponseHeaders": {
        "Cache-Control": [
          "no-cache"
        ],
        "Pragma": [
          "no-cache"
        ],
        "x-ms-request-id": [
          "4583b3f9-8b3c-4609-a6a2-7c9dd77d5870"
        ],
        "Server": [
          "Microsoft-HTTPAPI/2.0"
        ],
        "x-ms-ratelimit-remaining-tenant-reads": [
          "11998"
        ],
        "x-ms-correlation-request-id": [
          "e977533c-c9d1-4807-808e-5d36b6e08b03"
        ],
        "x-ms-routing-request-id": [
          "WESTUS:20231221T211928Z:e977533c-c9d1-4807-808e-5d36b6e08b03"
        ],
        "Strict-Transport-Security": [
          "max-age=31536000; includeSubDomains"
        ],
        "X-Content-Type-Options": [
          "nosniff"
        ],
        "Date": [
          "Thu, 21 Dec 2023 21:19:28 GMT"
        ],
        "Content-Length": [
          "208"
        ],
        "Content-Type": [
          "application/json; charset=utf-8"
        ],
        "Expires": [
          "-1"
        ],
        "Retry-After": [
          "0"
        ]
      },
      "ResponseBody": "{\r\n  \"id\": \"/providers/Microsoft.Resources/locations/westus2/deploymentStackOperationStatus/ee26d35f-7ea8-49f5-96c8-d0d63169396b\",\r\n  \"name\": \"ee26d35f-7ea8-49f5-96c8-d0d63169396b\",\r\n  \"status\": \"deleting\"\r\n}",
      "StatusCode": 200
    },
    {
      "RequestUri": "/providers/Microsoft.Resources/locations/westus2/deploymentStackOperationStatus/ee26d35f-7ea8-49f5-96c8-d0d63169396b?unmanageAction.Resources=delete&unmanageAction.ResourceGroups=delete&api-version=2022-08-01-preview&t=638387903341626929&c=MIIHADCCBeigAwIBAgITfAQMTI1h2_N6jbL4IQAABAxMjTANBgkqhkiG9w0BAQsFADBEMRMwEQYKCZImiZPyLGQBGRYDR0JMMRMwEQYKCZImiZPyLGQBGRYDQU1FMRgwFgYDVQQDEw9BTUUgSW5mcmEgQ0EgMDUwHhcNMjMxMTAyMDczOTIwWhcNMjQxMDI3MDczOTIwWjBAMT4wPAYDVQQDEzVhc3luY29wZXJhdGlvbnNpZ25pbmdjZXJ0aWZpY2F0ZS5tYW5hZ2VtZW50LmF6dXJlLmNvbTCCASIwDQYJKoZIhvcNAQEBBQADggEPADCCAQoCggEBAM5nVon0S6tEvS61NcnXsn2CcuOI1nSrtGbtGk9X6y4qeqVj1PU84XJVMmBK-wLCx9U9sQu4pCLiJzifhHlKpcopJy-Q0rQVcsNpaY-PH3IH89wLTdFbfdjBPrPJDPSVvdFWtRsQRR-rvAo-16n97xYsXYb-mCYxLAx9eFB7n0SHLhuR6IxKfxJD4z9WENmuA-7e9lMfTsAE6Q9yJuFGb0vwVf4uLL9xcC6SHP_Xx1gaFGgG0I6Wtez1ZLLWmi7uOG4ABf3gOxNim_EQkyvCRXOl4RrCM0Sqz3ouFZyQRj4qU4WGqIwPDRF6lcyY4U-fx5YIgXcf1-WU0b8mUsaIPd0CAwEAAaOCA-0wggPpMCcGCSsGAQQBgjcVCgQaMBgwCgYIKwYBBQUHAwEwCgYIKwYBBQUHAwIwPQYJKwYBBAGCNxUHBDAwLgYmKwYBBAGCNxUIhpDjDYTVtHiE8Ys-hZvdFs6dEoFggvX2K4Py0SACAWQCAQowggHLBggrBgEFBQcBAQSCAb0wggG5MGMGCCsGAQUFBzAChldodHRwOi8vY3JsLm1pY3Jvc29mdC5jb20vcGtpaW5mcmEvQ2VydHMvQ08xUEtJSU5UQ0EwMS5BTUUuR0JMX0FNRSUyMEluZnJhJTIwQ0ElMjAwNS5jcnQwUwYIKwYBBQUHMAKGR2h0dHA6Ly9jcmwxLmFtZS5nYmwvYWlhL0NPMVBLSUlOVENBMDEuQU1FLkdCTF9BTUUlMjBJbmZyYSUyMENBJTIwMDUuY3J0MFMGCCsGAQUFBzAChkdodHRwOi8vY3JsMi5hbWUuZ2JsL2FpYS9DTzFQS0lJTlRDQTAxLkFNRS5HQkxfQU1FJTIwSW5mcmElMjBDQSUyMDA1LmNydDBTBggrBgEFBQcwAoZHaHR0cDovL2NybDMuYW1lLmdibC9haWEvQ08xUEtJSU5UQ0EwMS5BTUUuR0JMX0FNRSUyMEluZnJhJTIwQ0ElMjAwNS5jcnQwUwYIKwYBBQUHMAKGR2h0dHA6Ly9jcmw0LmFtZS5nYmwvYWlhL0NPMVBLSUlOVENBMDEuQU1FLkdCTF9BTUUlMjBJbmZyYSUyMENBJTIwMDUuY3J0MB0GA1UdDgQWBBTKawt4N6x8p9k75woYfzjrUqYBnjAOBgNVHQ8BAf8EBAMCBaAwggEmBgNVHR8EggEdMIIBGTCCARWgggERoIIBDYY_aHR0cDovL2NybC5taWNyb3NvZnQuY29tL3BraWluZnJhL0NSTC9BTUUlMjBJbmZyYSUyMENBJTIwMDUuY3JshjFodHRwOi8vY3JsMS5hbWUuZ2JsL2NybC9BTUUlMjBJbmZyYSUyMENBJTIwMDUuY3JshjFodHRwOi8vY3JsMi5hbWUuZ2JsL2NybC9BTUUlMjBJbmZyYSUyMENBJTIwMDUuY3JshjFodHRwOi8vY3JsMy5hbWUuZ2JsL2NybC9BTUUlMjBJbmZyYSUyMENBJTIwMDUuY3JshjFodHRwOi8vY3JsNC5hbWUuZ2JsL2NybC9BTUUlMjBJbmZyYSUyMENBJTIwMDUuY3JsMBcGA1UdIAQQMA4wDAYKKwYBBAGCN3sBATAfBgNVHSMEGDAWgBR61hmFKHlscXYeYPjzS--iBUIWHTAdBgNVHSUEFjAUBggrBgEFBQcDAQYIKwYBBQUHAwIwDQYJKoZIhvcNAQELBQADggEBAGji_KAUv6_88OBryH9Tc2FnuhP6kw1_9qI_bxwwrpjNorAgFsoL8moQCmnBbzbyOqj3slb0GG_k2GSPLPKD0ttjidH0Ml3QQLsl7Qc8Qu_gw04U5XqOD3yYClOgb6YkZWZfqzG8nAxSAQ0x7vUYT2Er_MyfAPi0hcgO4JcAaLNLOWkVRWR99ARjrYeBXSmnFE7t8kJXN5jkwzRCtJ-hZOOWDHCAhqhV_cCtoXUvb3hOSe95ixjsi_0CPo62En_H6pHPMP4NXzmTUn18wmyCXunz_qG3UOi4uy3VxJOP1_V_SbZlqV5Bhk7SOeMl6i8oBeRjq3HIi9UXo1OhSEuQeT4&s=s5ZZ9yIsUpR1yIa4GUqHL-Numvh-ztGezvXh5P93vr8rqGgr1YwXwRhQyF6XiXzsyFjMELDNco4_vz9vEpKgj0ySeVVWBxQF-hoG7vyByhK2ShBf6oRBmTY7uv72SM8mHrPVXCgM43hKCUhhzusNHLviDNnwDN9EHGWm4c-JkivJpR88h86YEXCTiK1UIXCa_XrMjJZaLQw-jTRQ_3QDCyXnsHPV8wZOwb-YKvSGBzpmBh4co5X5ihaA47x6jGbsvQIT0O7ZEbBr9OBMPpMXMYbFrOLn0LIGloGWWdp44BIW74a4If5A3Z9UtAbAbLUno5NKKY4V5XATRCz8_GpR0w&h=S661L7_8_UB6trZ_KoSasz6W-dKyfOeMsS9-7-TGJ3s",
      "EncodedRequestUri": "L3Byb3ZpZGVycy9NaWNyb3NvZnQuUmVzb3VyY2VzL2xvY2F0aW9ucy93ZXN0dXMyL2RlcGxveW1lbnRTdGFja09wZXJhdGlvblN0YXR1cy9lZTI2ZDM1Zi03ZWE4LTQ5ZjUtOTZjOC1kMGQ2MzE2OTM5NmI/dW5tYW5hZ2VBY3Rpb24uUmVzb3VyY2VzPWRlbGV0ZSZ1bm1hbmFnZUFjdGlvbi5SZXNvdXJjZUdyb3Vwcz1kZWxldGUmYXBpLXZlcnNpb249MjAyMi0wOC0wMS1wcmV2aWV3JnQ9NjM4Mzg3OTAzMzQxNjI2OTI5JmM9TUlJSEFEQ0NCZWlnQXdJQkFnSVRmQVFNVEkxaDJfTjZqYkw0SVFBQUJBeE1qVEFOQmdrcWhraUc5dzBCQVFzRkFEQkVNUk13RVFZS0NaSW1pWlB5TEdRQkdSWURSMEpNTVJNd0VRWUtDWkltaVpQeUxHUUJHUllEUVUxRk1SZ3dGZ1lEVlFRREV3OUJUVVVnU1c1bWNtRWdRMEVnTURVd0hoY05Nak14TVRBeU1EY3pPVEl3V2hjTk1qUXhNREkzTURjek9USXdXakJBTVQ0d1BBWURWUVFERXpWaGMzbHVZMjl3WlhKaGRHbHZibk5wWjI1cGJtZGpaWEowYVdacFkyRjBaUzV0WVc1aFoyVnRaVzUwTG1GNmRYSmxMbU52YlRDQ0FTSXdEUVlKS29aSWh2Y05BUUVCQlFBRGdnRVBBRENDQVFvQ2dnRUJBTTVuVm9uMFM2dEV2UzYxTmNuWHNuMkNjdU9JMW5TcnRHYnRHazlYNnk0cWVxVmoxUFU4NFhKVk1tQkstd0xDeDlVOXNRdTRwQ0xpSnppZmhIbEtwY29wSnktUTByUVZjc05wYVktUEgzSUg4OXdMVGRGYmZkakJQclBKRFBTVnZkRld0UnNRUlItcnZBby0xNm45N3hZc1hZYi1tQ1l4TEF4OWVGQjduMFNITGh1UjZJeEtmeEpENHo5V0VObXVBLTdlOWxNZlRzQUU2UTl5SnVGR2IwdndWZjR1TEw5eGNDNlNIUF9YeDFnYUZHZ0cwSTZXdGV6MVpMTFdtaTd1T0c0QUJmM2dPeE5pbV9FUWt5dkNSWE9sNFJyQ00wU3F6M291Rlp5UVJqNHFVNFdHcUl3UERSRjZsY3lZNFUtZng1WUlnWGNmMS1XVTBiOG1Vc2FJUGQwQ0F3RUFBYU9DQS0wd2dnUHBNQ2NHQ1NzR0FRUUJnamNWQ2dRYU1CZ3dDZ1lJS3dZQkJRVUhBd0V3Q2dZSUt3WUJCUVVIQXdJd1BRWUpLd1lCQkFHQ054VUhCREF3TGdZbUt3WUJCQUdDTnhVSWhwRGpEWVRWdEhpRThZcy1oWnZkRnM2ZEVvRmdndlgySzRQeTBTQUNBV1FDQVFvd2dnSExCZ2dyQmdFRkJRY0JBUVNDQWIwd2dnRzVNR01HQ0NzR0FRVUZCekFDaGxkb2RIUndPaTh2WTNKc0xtMXBZM0p2YzI5bWRDNWpiMjB2Y0d0cGFXNW1jbUV2UTJWeWRITXZRMDh4VUV0SlNVNVVRMEV3TVM1QlRVVXVSMEpNWDBGTlJTVXlNRWx1Wm5KaEpUSXdRMEVsTWpBd05TNWpjblF3VXdZSUt3WUJCUVVITUFLR1IyaDBkSEE2THk5amNtd3hMbUZ0WlM1blltd3ZZV2xoTDBOUE1WQkxTVWxPVkVOQk1ERXVRVTFGTGtkQ1RGOUJUVVVsTWpCSmJtWnlZU1V5TUVOQkpUSXdNRFV1WTNKME1GTUdDQ3NHQVFVRkJ6QUNoa2RvZEhSd09pOHZZM0pzTWk1aGJXVXVaMkpzTDJGcFlTOURUekZRUzBsSlRsUkRRVEF4TGtGTlJTNUhRa3hmUVUxRkpUSXdTVzVtY21FbE1qQkRRU1V5TURBMUxtTnlkREJUQmdnckJnRUZCUWN3QW9aSGFIUjBjRG92TDJOeWJETXVZVzFsTG1kaWJDOWhhV0V2UTA4eFVFdEpTVTVVUTBFd01TNUJUVVV1UjBKTVgwRk5SU1V5TUVsdVpuSmhKVEl3UTBFbE1qQXdOUzVqY25Rd1V3WUlLd1lCQlFVSE1BS0dSMmgwZEhBNkx5OWpjbXcwTG1GdFpTNW5ZbXd2WVdsaEwwTlBNVkJMU1VsT1ZFTkJNREV1UVUxRkxrZENURjlCVFVVbE1qQkpibVp5WVNVeU1FTkJKVEl3TURVdVkzSjBNQjBHQTFVZERnUVdCQlRLYXd0NE42eDhwOWs3NXdvWWZ6anJVcVlCbmpBT0JnTlZIUThCQWY4RUJBTUNCYUF3Z2dFbUJnTlZIUjhFZ2dFZE1JSUJHVENDQVJXZ2dnRVJvSUlCRFlZX2FIUjBjRG92TDJOeWJDNXRhV055YjNOdlpuUXVZMjl0TDNCcmFXbHVabkpoTDBOU1RDOUJUVVVsTWpCSmJtWnlZU1V5TUVOQkpUSXdNRFV1WTNKc2hqRm9kSFJ3T2k4dlkzSnNNUzVoYldVdVoySnNMMk55YkM5QlRVVWxNakJKYm1aeVlTVXlNRU5CSlRJd01EVXVZM0pzaGpGb2RIUndPaTh2WTNKc01pNWhiV1V1WjJKc0wyTnliQzlCVFVVbE1qQkpibVp5WVNVeU1FTkJKVEl3TURVdVkzSnNoakZvZEhSd09pOHZZM0pzTXk1aGJXVXVaMkpzTDJOeWJDOUJUVVVsTWpCSmJtWnlZU1V5TUVOQkpUSXdNRFV1WTNKc2hqRm9kSFJ3T2k4dlkzSnNOQzVoYldVdVoySnNMMk55YkM5QlRVVWxNakJKYm1aeVlTVXlNRU5CSlRJd01EVXVZM0pzTUJjR0ExVWRJQVFRTUE0d0RBWUtLd1lCQkFHQ04zc0JBVEFmQmdOVkhTTUVHREFXZ0JSNjFobUZLSGxzY1hZZVlQanpTLS1pQlVJV0hUQWRCZ05WSFNVRUZqQVVCZ2dyQmdFRkJRY0RBUVlJS3dZQkJRVUhBd0l3RFFZSktvWklodmNOQVFFTEJRQURnZ0VCQUdqaV9LQVV2Nl84OE9CcnlIOVRjMkZudWhQNmt3MV85cUlfYnh3d3Jwak5vckFnRnNvTDhtb1FDbW5CYnpieU9xajNzbGIwR0dfazJHU1BMUEtEMHR0amlkSDBNbDNRUUxzbDdRYzhRdV9ndzA0VTVYcU9EM3lZQ2xPZ2I2WWtaV1pmcXpHOG5BeFNBUTB4N3ZVWVQyRXJfTXlmQVBpMGhjZ080SmNBYUxOTE9Xa1ZSV1I5OUFSanJZZUJYU21uRkU3dDhrSlhONWprd3pSQ3RKLWhaT09XREhDQWhxaFZfY0N0b1hVdmIzaE9TZTk1aXhqc2lfMENQbzYyRW5fSDZwSFBNUDROWHptVFVuMTh3bXlDWHVuel9xRzNVT2k0dXkzVnhKT1AxX1ZfU2JabHFWNUJoazdTT2VNbDZpOG9CZVJqcTNISWk5VVhvMU9oU0V1UWVUNCZzPXM1Wlo5eUlzVXBSMXlJYTRHVXFITC1OdW12aC16dEdlenZYaDVQOTN2cjhycUdncjFZd1h3UmhReUY2WGlYenN5RmpNRUxETmNvNF92ejl2RXBLZ2oweVNlVlZXQnhRRi1ob0c3dnlCeWhLMlNoQmY2b1JCbVRZN3V2NzJTTThtSHJQVlhDZ000M2hLQ1VoaHp1c05ITHZpRE5ud0ROOUVIR1dtNGMtSmtpdkpwUjg4aDg2WUVYQ1RpSzFVSVhDYV9Yck1qSlphTFF3LWpUUlFfM1FEQ3lYbnNIUFY4d1pPd2ItWUt2U0dCenBtQmg0Y281WDVpaGFBNDd4NmpHYnN2UUlUME83WkViQnI5T0JNUHBNWE1ZYkZyT0xuMExJR2xvR1dXZHA0NEJJVzc0YTRJZjVBM1o5VXRBYkFiTFVubzVOS0tZNFY1WEFUUkN6OF9HcFIwdyZoPVM2NjFMN184X1VCNnRyWl9Lb1Nhc3o2Vy1kS3lmT2VNc1M5LTctVEdKM3M=",
      "RequestMethod": "GET",
      "RequestHeaders": {
        "x-ms-client-request-id": [
          "8b1b4628-52e1-412b-ad4c-da38ab8b6b3a"
        ],
        "User-Agent": [
          "FxVersion/6.0.2523.51912",
          "OSName/Windows",
          "OSVersion/Microsoft.Windows.10.0.22621",
          "Microsoft.Azure.Management.Resources.DeploymentStacksClient/6.12.1"
        ]
      },
      "RequestBody": "",
      "ResponseHeaders": {
        "Cache-Control": [
          "no-cache"
        ],
        "Pragma": [
          "no-cache"
        ],
        "x-ms-request-id": [
          "8e3cf107-a518-4d46-a36d-88aa770a24e1"
        ],
        "Server": [
          "Microsoft-HTTPAPI/2.0"
        ],
        "x-ms-ratelimit-remaining-tenant-reads": [
          "11997"
        ],
        "x-ms-correlation-request-id": [
          "621b9b71-5cd0-4206-811c-9c0146367034"
        ],
        "x-ms-routing-request-id": [
          "WESTUS:20231221T211945Z:621b9b71-5cd0-4206-811c-9c0146367034"
        ],
        "Strict-Transport-Security": [
          "max-age=31536000; includeSubDomains"
        ],
        "X-Content-Type-Options": [
          "nosniff"
        ],
        "Date": [
          "Thu, 21 Dec 2023 21:19:45 GMT"
        ],
        "Content-Length": [
          "208"
        ],
        "Content-Type": [
          "application/json; charset=utf-8"
        ],
        "Expires": [
          "-1"
        ],
        "Retry-After": [
          "0"
        ]
      },
      "ResponseBody": "{\r\n  \"id\": \"/providers/Microsoft.Resources/locations/westus2/deploymentStackOperationStatus/ee26d35f-7ea8-49f5-96c8-d0d63169396b\",\r\n  \"name\": \"ee26d35f-7ea8-49f5-96c8-d0d63169396b\",\r\n  \"status\": \"deleting\"\r\n}",
      "StatusCode": 200
    },
    {
      "RequestUri": "/providers/Microsoft.Resources/locations/westus2/deploymentStackOperationStatus/ee26d35f-7ea8-49f5-96c8-d0d63169396b?unmanageAction.Resources=delete&unmanageAction.ResourceGroups=delete&api-version=2022-08-01-preview&t=638387903341626929&c=MIIHADCCBeigAwIBAgITfAQMTI1h2_N6jbL4IQAABAxMjTANBgkqhkiG9w0BAQsFADBEMRMwEQYKCZImiZPyLGQBGRYDR0JMMRMwEQYKCZImiZPyLGQBGRYDQU1FMRgwFgYDVQQDEw9BTUUgSW5mcmEgQ0EgMDUwHhcNMjMxMTAyMDczOTIwWhcNMjQxMDI3MDczOTIwWjBAMT4wPAYDVQQDEzVhc3luY29wZXJhdGlvbnNpZ25pbmdjZXJ0aWZpY2F0ZS5tYW5hZ2VtZW50LmF6dXJlLmNvbTCCASIwDQYJKoZIhvcNAQEBBQADggEPADCCAQoCggEBAM5nVon0S6tEvS61NcnXsn2CcuOI1nSrtGbtGk9X6y4qeqVj1PU84XJVMmBK-wLCx9U9sQu4pCLiJzifhHlKpcopJy-Q0rQVcsNpaY-PH3IH89wLTdFbfdjBPrPJDPSVvdFWtRsQRR-rvAo-16n97xYsXYb-mCYxLAx9eFB7n0SHLhuR6IxKfxJD4z9WENmuA-7e9lMfTsAE6Q9yJuFGb0vwVf4uLL9xcC6SHP_Xx1gaFGgG0I6Wtez1ZLLWmi7uOG4ABf3gOxNim_EQkyvCRXOl4RrCM0Sqz3ouFZyQRj4qU4WGqIwPDRF6lcyY4U-fx5YIgXcf1-WU0b8mUsaIPd0CAwEAAaOCA-0wggPpMCcGCSsGAQQBgjcVCgQaMBgwCgYIKwYBBQUHAwEwCgYIKwYBBQUHAwIwPQYJKwYBBAGCNxUHBDAwLgYmKwYBBAGCNxUIhpDjDYTVtHiE8Ys-hZvdFs6dEoFggvX2K4Py0SACAWQCAQowggHLBggrBgEFBQcBAQSCAb0wggG5MGMGCCsGAQUFBzAChldodHRwOi8vY3JsLm1pY3Jvc29mdC5jb20vcGtpaW5mcmEvQ2VydHMvQ08xUEtJSU5UQ0EwMS5BTUUuR0JMX0FNRSUyMEluZnJhJTIwQ0ElMjAwNS5jcnQwUwYIKwYBBQUHMAKGR2h0dHA6Ly9jcmwxLmFtZS5nYmwvYWlhL0NPMVBLSUlOVENBMDEuQU1FLkdCTF9BTUUlMjBJbmZyYSUyMENBJTIwMDUuY3J0MFMGCCsGAQUFBzAChkdodHRwOi8vY3JsMi5hbWUuZ2JsL2FpYS9DTzFQS0lJTlRDQTAxLkFNRS5HQkxfQU1FJTIwSW5mcmElMjBDQSUyMDA1LmNydDBTBggrBgEFBQcwAoZHaHR0cDovL2NybDMuYW1lLmdibC9haWEvQ08xUEtJSU5UQ0EwMS5BTUUuR0JMX0FNRSUyMEluZnJhJTIwQ0ElMjAwNS5jcnQwUwYIKwYBBQUHMAKGR2h0dHA6Ly9jcmw0LmFtZS5nYmwvYWlhL0NPMVBLSUlOVENBMDEuQU1FLkdCTF9BTUUlMjBJbmZyYSUyMENBJTIwMDUuY3J0MB0GA1UdDgQWBBTKawt4N6x8p9k75woYfzjrUqYBnjAOBgNVHQ8BAf8EBAMCBaAwggEmBgNVHR8EggEdMIIBGTCCARWgggERoIIBDYY_aHR0cDovL2NybC5taWNyb3NvZnQuY29tL3BraWluZnJhL0NSTC9BTUUlMjBJbmZyYSUyMENBJTIwMDUuY3JshjFodHRwOi8vY3JsMS5hbWUuZ2JsL2NybC9BTUUlMjBJbmZyYSUyMENBJTIwMDUuY3JshjFodHRwOi8vY3JsMi5hbWUuZ2JsL2NybC9BTUUlMjBJbmZyYSUyMENBJTIwMDUuY3JshjFodHRwOi8vY3JsMy5hbWUuZ2JsL2NybC9BTUUlMjBJbmZyYSUyMENBJTIwMDUuY3JshjFodHRwOi8vY3JsNC5hbWUuZ2JsL2NybC9BTUUlMjBJbmZyYSUyMENBJTIwMDUuY3JsMBcGA1UdIAQQMA4wDAYKKwYBBAGCN3sBATAfBgNVHSMEGDAWgBR61hmFKHlscXYeYPjzS--iBUIWHTAdBgNVHSUEFjAUBggrBgEFBQcDAQYIKwYBBQUHAwIwDQYJKoZIhvcNAQELBQADggEBAGji_KAUv6_88OBryH9Tc2FnuhP6kw1_9qI_bxwwrpjNorAgFsoL8moQCmnBbzbyOqj3slb0GG_k2GSPLPKD0ttjidH0Ml3QQLsl7Qc8Qu_gw04U5XqOD3yYClOgb6YkZWZfqzG8nAxSAQ0x7vUYT2Er_MyfAPi0hcgO4JcAaLNLOWkVRWR99ARjrYeBXSmnFE7t8kJXN5jkwzRCtJ-hZOOWDHCAhqhV_cCtoXUvb3hOSe95ixjsi_0CPo62En_H6pHPMP4NXzmTUn18wmyCXunz_qG3UOi4uy3VxJOP1_V_SbZlqV5Bhk7SOeMl6i8oBeRjq3HIi9UXo1OhSEuQeT4&s=s5ZZ9yIsUpR1yIa4GUqHL-Numvh-ztGezvXh5P93vr8rqGgr1YwXwRhQyF6XiXzsyFjMELDNco4_vz9vEpKgj0ySeVVWBxQF-hoG7vyByhK2ShBf6oRBmTY7uv72SM8mHrPVXCgM43hKCUhhzusNHLviDNnwDN9EHGWm4c-JkivJpR88h86YEXCTiK1UIXCa_XrMjJZaLQw-jTRQ_3QDCyXnsHPV8wZOwb-YKvSGBzpmBh4co5X5ihaA47x6jGbsvQIT0O7ZEbBr9OBMPpMXMYbFrOLn0LIGloGWWdp44BIW74a4If5A3Z9UtAbAbLUno5NKKY4V5XATRCz8_GpR0w&h=S661L7_8_UB6trZ_KoSasz6W-dKyfOeMsS9-7-TGJ3s",
      "EncodedRequestUri": "L3Byb3ZpZGVycy9NaWNyb3NvZnQuUmVzb3VyY2VzL2xvY2F0aW9ucy93ZXN0dXMyL2RlcGxveW1lbnRTdGFja09wZXJhdGlvblN0YXR1cy9lZTI2ZDM1Zi03ZWE4LTQ5ZjUtOTZjOC1kMGQ2MzE2OTM5NmI/dW5tYW5hZ2VBY3Rpb24uUmVzb3VyY2VzPWRlbGV0ZSZ1bm1hbmFnZUFjdGlvbi5SZXNvdXJjZUdyb3Vwcz1kZWxldGUmYXBpLXZlcnNpb249MjAyMi0wOC0wMS1wcmV2aWV3JnQ9NjM4Mzg3OTAzMzQxNjI2OTI5JmM9TUlJSEFEQ0NCZWlnQXdJQkFnSVRmQVFNVEkxaDJfTjZqYkw0SVFBQUJBeE1qVEFOQmdrcWhraUc5dzBCQVFzRkFEQkVNUk13RVFZS0NaSW1pWlB5TEdRQkdSWURSMEpNTVJNd0VRWUtDWkltaVpQeUxHUUJHUllEUVUxRk1SZ3dGZ1lEVlFRREV3OUJUVVVnU1c1bWNtRWdRMEVnTURVd0hoY05Nak14TVRBeU1EY3pPVEl3V2hjTk1qUXhNREkzTURjek9USXdXakJBTVQ0d1BBWURWUVFERXpWaGMzbHVZMjl3WlhKaGRHbHZibk5wWjI1cGJtZGpaWEowYVdacFkyRjBaUzV0WVc1aFoyVnRaVzUwTG1GNmRYSmxMbU52YlRDQ0FTSXdEUVlKS29aSWh2Y05BUUVCQlFBRGdnRVBBRENDQVFvQ2dnRUJBTTVuVm9uMFM2dEV2UzYxTmNuWHNuMkNjdU9JMW5TcnRHYnRHazlYNnk0cWVxVmoxUFU4NFhKVk1tQkstd0xDeDlVOXNRdTRwQ0xpSnppZmhIbEtwY29wSnktUTByUVZjc05wYVktUEgzSUg4OXdMVGRGYmZkakJQclBKRFBTVnZkRld0UnNRUlItcnZBby0xNm45N3hZc1hZYi1tQ1l4TEF4OWVGQjduMFNITGh1UjZJeEtmeEpENHo5V0VObXVBLTdlOWxNZlRzQUU2UTl5SnVGR2IwdndWZjR1TEw5eGNDNlNIUF9YeDFnYUZHZ0cwSTZXdGV6MVpMTFdtaTd1T0c0QUJmM2dPeE5pbV9FUWt5dkNSWE9sNFJyQ00wU3F6M291Rlp5UVJqNHFVNFdHcUl3UERSRjZsY3lZNFUtZng1WUlnWGNmMS1XVTBiOG1Vc2FJUGQwQ0F3RUFBYU9DQS0wd2dnUHBNQ2NHQ1NzR0FRUUJnamNWQ2dRYU1CZ3dDZ1lJS3dZQkJRVUhBd0V3Q2dZSUt3WUJCUVVIQXdJd1BRWUpLd1lCQkFHQ054VUhCREF3TGdZbUt3WUJCQUdDTnhVSWhwRGpEWVRWdEhpRThZcy1oWnZkRnM2ZEVvRmdndlgySzRQeTBTQUNBV1FDQVFvd2dnSExCZ2dyQmdFRkJRY0JBUVNDQWIwd2dnRzVNR01HQ0NzR0FRVUZCekFDaGxkb2RIUndPaTh2WTNKc0xtMXBZM0p2YzI5bWRDNWpiMjB2Y0d0cGFXNW1jbUV2UTJWeWRITXZRMDh4VUV0SlNVNVVRMEV3TVM1QlRVVXVSMEpNWDBGTlJTVXlNRWx1Wm5KaEpUSXdRMEVsTWpBd05TNWpjblF3VXdZSUt3WUJCUVVITUFLR1IyaDBkSEE2THk5amNtd3hMbUZ0WlM1blltd3ZZV2xoTDBOUE1WQkxTVWxPVkVOQk1ERXVRVTFGTGtkQ1RGOUJUVVVsTWpCSmJtWnlZU1V5TUVOQkpUSXdNRFV1WTNKME1GTUdDQ3NHQVFVRkJ6QUNoa2RvZEhSd09pOHZZM0pzTWk1aGJXVXVaMkpzTDJGcFlTOURUekZRUzBsSlRsUkRRVEF4TGtGTlJTNUhRa3hmUVUxRkpUSXdTVzVtY21FbE1qQkRRU1V5TURBMUxtTnlkREJUQmdnckJnRUZCUWN3QW9aSGFIUjBjRG92TDJOeWJETXVZVzFsTG1kaWJDOWhhV0V2UTA4eFVFdEpTVTVVUTBFd01TNUJUVVV1UjBKTVgwRk5SU1V5TUVsdVpuSmhKVEl3UTBFbE1qQXdOUzVqY25Rd1V3WUlLd1lCQlFVSE1BS0dSMmgwZEhBNkx5OWpjbXcwTG1GdFpTNW5ZbXd2WVdsaEwwTlBNVkJMU1VsT1ZFTkJNREV1UVUxRkxrZENURjlCVFVVbE1qQkpibVp5WVNVeU1FTkJKVEl3TURVdVkzSjBNQjBHQTFVZERnUVdCQlRLYXd0NE42eDhwOWs3NXdvWWZ6anJVcVlCbmpBT0JnTlZIUThCQWY4RUJBTUNCYUF3Z2dFbUJnTlZIUjhFZ2dFZE1JSUJHVENDQVJXZ2dnRVJvSUlCRFlZX2FIUjBjRG92TDJOeWJDNXRhV055YjNOdlpuUXVZMjl0TDNCcmFXbHVabkpoTDBOU1RDOUJUVVVsTWpCSmJtWnlZU1V5TUVOQkpUSXdNRFV1WTNKc2hqRm9kSFJ3T2k4dlkzSnNNUzVoYldVdVoySnNMMk55YkM5QlRVVWxNakJKYm1aeVlTVXlNRU5CSlRJd01EVXVZM0pzaGpGb2RIUndPaTh2WTNKc01pNWhiV1V1WjJKc0wyTnliQzlCVFVVbE1qQkpibVp5WVNVeU1FTkJKVEl3TURVdVkzSnNoakZvZEhSd09pOHZZM0pzTXk1aGJXVXVaMkpzTDJOeWJDOUJUVVVsTWpCSmJtWnlZU1V5TUVOQkpUSXdNRFV1WTNKc2hqRm9kSFJ3T2k4dlkzSnNOQzVoYldVdVoySnNMMk55YkM5QlRVVWxNakJKYm1aeVlTVXlNRU5CSlRJd01EVXVZM0pzTUJjR0ExVWRJQVFRTUE0d0RBWUtLd1lCQkFHQ04zc0JBVEFmQmdOVkhTTUVHREFXZ0JSNjFobUZLSGxzY1hZZVlQanpTLS1pQlVJV0hUQWRCZ05WSFNVRUZqQVVCZ2dyQmdFRkJRY0RBUVlJS3dZQkJRVUhBd0l3RFFZSktvWklodmNOQVFFTEJRQURnZ0VCQUdqaV9LQVV2Nl84OE9CcnlIOVRjMkZudWhQNmt3MV85cUlfYnh3d3Jwak5vckFnRnNvTDhtb1FDbW5CYnpieU9xajNzbGIwR0dfazJHU1BMUEtEMHR0amlkSDBNbDNRUUxzbDdRYzhRdV9ndzA0VTVYcU9EM3lZQ2xPZ2I2WWtaV1pmcXpHOG5BeFNBUTB4N3ZVWVQyRXJfTXlmQVBpMGhjZ080SmNBYUxOTE9Xa1ZSV1I5OUFSanJZZUJYU21uRkU3dDhrSlhONWprd3pSQ3RKLWhaT09XREhDQWhxaFZfY0N0b1hVdmIzaE9TZTk1aXhqc2lfMENQbzYyRW5fSDZwSFBNUDROWHptVFVuMTh3bXlDWHVuel9xRzNVT2k0dXkzVnhKT1AxX1ZfU2JabHFWNUJoazdTT2VNbDZpOG9CZVJqcTNISWk5VVhvMU9oU0V1UWVUNCZzPXM1Wlo5eUlzVXBSMXlJYTRHVXFITC1OdW12aC16dEdlenZYaDVQOTN2cjhycUdncjFZd1h3UmhReUY2WGlYenN5RmpNRUxETmNvNF92ejl2RXBLZ2oweVNlVlZXQnhRRi1ob0c3dnlCeWhLMlNoQmY2b1JCbVRZN3V2NzJTTThtSHJQVlhDZ000M2hLQ1VoaHp1c05ITHZpRE5ud0ROOUVIR1dtNGMtSmtpdkpwUjg4aDg2WUVYQ1RpSzFVSVhDYV9Yck1qSlphTFF3LWpUUlFfM1FEQ3lYbnNIUFY4d1pPd2ItWUt2U0dCenBtQmg0Y281WDVpaGFBNDd4NmpHYnN2UUlUME83WkViQnI5T0JNUHBNWE1ZYkZyT0xuMExJR2xvR1dXZHA0NEJJVzc0YTRJZjVBM1o5VXRBYkFiTFVubzVOS0tZNFY1WEFUUkN6OF9HcFIwdyZoPVM2NjFMN184X1VCNnRyWl9Lb1Nhc3o2Vy1kS3lmT2VNc1M5LTctVEdKM3M=",
      "RequestMethod": "GET",
      "RequestHeaders": {
        "x-ms-client-request-id": [
          "8b1b4628-52e1-412b-ad4c-da38ab8b6b3a"
        ],
        "User-Agent": [
          "FxVersion/6.0.2523.51912",
          "OSName/Windows",
          "OSVersion/Microsoft.Windows.10.0.22621",
          "Microsoft.Azure.Management.Resources.DeploymentStacksClient/6.12.1"
        ]
      },
      "RequestBody": "",
      "ResponseHeaders": {
        "Cache-Control": [
          "no-cache"
        ],
        "Pragma": [
          "no-cache"
        ],
        "x-ms-request-id": [
          "377742fa-65f9-4e18-b231-5bd132192cdf"
        ],
        "Server": [
          "Microsoft-HTTPAPI/2.0"
        ],
        "x-ms-ratelimit-remaining-tenant-reads": [
          "11996"
        ],
        "x-ms-correlation-request-id": [
          "c40973f5-a3fa-41a9-a204-b9661fc7ef0c"
        ],
        "x-ms-routing-request-id": [
          "WESTUS:20231221T212002Z:c40973f5-a3fa-41a9-a204-b9661fc7ef0c"
        ],
        "Strict-Transport-Security": [
          "max-age=31536000; includeSubDomains"
        ],
        "X-Content-Type-Options": [
          "nosniff"
        ],
        "Date": [
          "Thu, 21 Dec 2023 21:20:02 GMT"
        ],
        "Content-Length": [
          "208"
        ],
        "Content-Type": [
          "application/json; charset=utf-8"
        ],
        "Expires": [
          "-1"
        ],
        "Retry-After": [
          "0"
        ]
      },
      "ResponseBody": "{\r\n  \"id\": \"/providers/Microsoft.Resources/locations/westus2/deploymentStackOperationStatus/ee26d35f-7ea8-49f5-96c8-d0d63169396b\",\r\n  \"name\": \"ee26d35f-7ea8-49f5-96c8-d0d63169396b\",\r\n  \"status\": \"deleting\"\r\n}",
      "StatusCode": 200
    },
    {
      "RequestUri": "/providers/Microsoft.Resources/locations/westus2/deploymentStackOperationStatus/ee26d35f-7ea8-49f5-96c8-d0d63169396b?unmanageAction.Resources=delete&unmanageAction.ResourceGroups=delete&api-version=2022-08-01-preview&t=638387903341626929&c=MIIHADCCBeigAwIBAgITfAQMTI1h2_N6jbL4IQAABAxMjTANBgkqhkiG9w0BAQsFADBEMRMwEQYKCZImiZPyLGQBGRYDR0JMMRMwEQYKCZImiZPyLGQBGRYDQU1FMRgwFgYDVQQDEw9BTUUgSW5mcmEgQ0EgMDUwHhcNMjMxMTAyMDczOTIwWhcNMjQxMDI3MDczOTIwWjBAMT4wPAYDVQQDEzVhc3luY29wZXJhdGlvbnNpZ25pbmdjZXJ0aWZpY2F0ZS5tYW5hZ2VtZW50LmF6dXJlLmNvbTCCASIwDQYJKoZIhvcNAQEBBQADggEPADCCAQoCggEBAM5nVon0S6tEvS61NcnXsn2CcuOI1nSrtGbtGk9X6y4qeqVj1PU84XJVMmBK-wLCx9U9sQu4pCLiJzifhHlKpcopJy-Q0rQVcsNpaY-PH3IH89wLTdFbfdjBPrPJDPSVvdFWtRsQRR-rvAo-16n97xYsXYb-mCYxLAx9eFB7n0SHLhuR6IxKfxJD4z9WENmuA-7e9lMfTsAE6Q9yJuFGb0vwVf4uLL9xcC6SHP_Xx1gaFGgG0I6Wtez1ZLLWmi7uOG4ABf3gOxNim_EQkyvCRXOl4RrCM0Sqz3ouFZyQRj4qU4WGqIwPDRF6lcyY4U-fx5YIgXcf1-WU0b8mUsaIPd0CAwEAAaOCA-0wggPpMCcGCSsGAQQBgjcVCgQaMBgwCgYIKwYBBQUHAwEwCgYIKwYBBQUHAwIwPQYJKwYBBAGCNxUHBDAwLgYmKwYBBAGCNxUIhpDjDYTVtHiE8Ys-hZvdFs6dEoFggvX2K4Py0SACAWQCAQowggHLBggrBgEFBQcBAQSCAb0wggG5MGMGCCsGAQUFBzAChldodHRwOi8vY3JsLm1pY3Jvc29mdC5jb20vcGtpaW5mcmEvQ2VydHMvQ08xUEtJSU5UQ0EwMS5BTUUuR0JMX0FNRSUyMEluZnJhJTIwQ0ElMjAwNS5jcnQwUwYIKwYBBQUHMAKGR2h0dHA6Ly9jcmwxLmFtZS5nYmwvYWlhL0NPMVBLSUlOVENBMDEuQU1FLkdCTF9BTUUlMjBJbmZyYSUyMENBJTIwMDUuY3J0MFMGCCsGAQUFBzAChkdodHRwOi8vY3JsMi5hbWUuZ2JsL2FpYS9DTzFQS0lJTlRDQTAxLkFNRS5HQkxfQU1FJTIwSW5mcmElMjBDQSUyMDA1LmNydDBTBggrBgEFBQcwAoZHaHR0cDovL2NybDMuYW1lLmdibC9haWEvQ08xUEtJSU5UQ0EwMS5BTUUuR0JMX0FNRSUyMEluZnJhJTIwQ0ElMjAwNS5jcnQwUwYIKwYBBQUHMAKGR2h0dHA6Ly9jcmw0LmFtZS5nYmwvYWlhL0NPMVBLSUlOVENBMDEuQU1FLkdCTF9BTUUlMjBJbmZyYSUyMENBJTIwMDUuY3J0MB0GA1UdDgQWBBTKawt4N6x8p9k75woYfzjrUqYBnjAOBgNVHQ8BAf8EBAMCBaAwggEmBgNVHR8EggEdMIIBGTCCARWgggERoIIBDYY_aHR0cDovL2NybC5taWNyb3NvZnQuY29tL3BraWluZnJhL0NSTC9BTUUlMjBJbmZyYSUyMENBJTIwMDUuY3JshjFodHRwOi8vY3JsMS5hbWUuZ2JsL2NybC9BTUUlMjBJbmZyYSUyMENBJTIwMDUuY3JshjFodHRwOi8vY3JsMi5hbWUuZ2JsL2NybC9BTUUlMjBJbmZyYSUyMENBJTIwMDUuY3JshjFodHRwOi8vY3JsMy5hbWUuZ2JsL2NybC9BTUUlMjBJbmZyYSUyMENBJTIwMDUuY3JshjFodHRwOi8vY3JsNC5hbWUuZ2JsL2NybC9BTUUlMjBJbmZyYSUyMENBJTIwMDUuY3JsMBcGA1UdIAQQMA4wDAYKKwYBBAGCN3sBATAfBgNVHSMEGDAWgBR61hmFKHlscXYeYPjzS--iBUIWHTAdBgNVHSUEFjAUBggrBgEFBQcDAQYIKwYBBQUHAwIwDQYJKoZIhvcNAQELBQADggEBAGji_KAUv6_88OBryH9Tc2FnuhP6kw1_9qI_bxwwrpjNorAgFsoL8moQCmnBbzbyOqj3slb0GG_k2GSPLPKD0ttjidH0Ml3QQLsl7Qc8Qu_gw04U5XqOD3yYClOgb6YkZWZfqzG8nAxSAQ0x7vUYT2Er_MyfAPi0hcgO4JcAaLNLOWkVRWR99ARjrYeBXSmnFE7t8kJXN5jkwzRCtJ-hZOOWDHCAhqhV_cCtoXUvb3hOSe95ixjsi_0CPo62En_H6pHPMP4NXzmTUn18wmyCXunz_qG3UOi4uy3VxJOP1_V_SbZlqV5Bhk7SOeMl6i8oBeRjq3HIi9UXo1OhSEuQeT4&s=s5ZZ9yIsUpR1yIa4GUqHL-Numvh-ztGezvXh5P93vr8rqGgr1YwXwRhQyF6XiXzsyFjMELDNco4_vz9vEpKgj0ySeVVWBxQF-hoG7vyByhK2ShBf6oRBmTY7uv72SM8mHrPVXCgM43hKCUhhzusNHLviDNnwDN9EHGWm4c-JkivJpR88h86YEXCTiK1UIXCa_XrMjJZaLQw-jTRQ_3QDCyXnsHPV8wZOwb-YKvSGBzpmBh4co5X5ihaA47x6jGbsvQIT0O7ZEbBr9OBMPpMXMYbFrOLn0LIGloGWWdp44BIW74a4If5A3Z9UtAbAbLUno5NKKY4V5XATRCz8_GpR0w&h=S661L7_8_UB6trZ_KoSasz6W-dKyfOeMsS9-7-TGJ3s",
      "EncodedRequestUri": "L3Byb3ZpZGVycy9NaWNyb3NvZnQuUmVzb3VyY2VzL2xvY2F0aW9ucy93ZXN0dXMyL2RlcGxveW1lbnRTdGFja09wZXJhdGlvblN0YXR1cy9lZTI2ZDM1Zi03ZWE4LTQ5ZjUtOTZjOC1kMGQ2MzE2OTM5NmI/dW5tYW5hZ2VBY3Rpb24uUmVzb3VyY2VzPWRlbGV0ZSZ1bm1hbmFnZUFjdGlvbi5SZXNvdXJjZUdyb3Vwcz1kZWxldGUmYXBpLXZlcnNpb249MjAyMi0wOC0wMS1wcmV2aWV3JnQ9NjM4Mzg3OTAzMzQxNjI2OTI5JmM9TUlJSEFEQ0NCZWlnQXdJQkFnSVRmQVFNVEkxaDJfTjZqYkw0SVFBQUJBeE1qVEFOQmdrcWhraUc5dzBCQVFzRkFEQkVNUk13RVFZS0NaSW1pWlB5TEdRQkdSWURSMEpNTVJNd0VRWUtDWkltaVpQeUxHUUJHUllEUVUxRk1SZ3dGZ1lEVlFRREV3OUJUVVVnU1c1bWNtRWdRMEVnTURVd0hoY05Nak14TVRBeU1EY3pPVEl3V2hjTk1qUXhNREkzTURjek9USXdXakJBTVQ0d1BBWURWUVFERXpWaGMzbHVZMjl3WlhKaGRHbHZibk5wWjI1cGJtZGpaWEowYVdacFkyRjBaUzV0WVc1aFoyVnRaVzUwTG1GNmRYSmxMbU52YlRDQ0FTSXdEUVlKS29aSWh2Y05BUUVCQlFBRGdnRVBBRENDQVFvQ2dnRUJBTTVuVm9uMFM2dEV2UzYxTmNuWHNuMkNjdU9JMW5TcnRHYnRHazlYNnk0cWVxVmoxUFU4NFhKVk1tQkstd0xDeDlVOXNRdTRwQ0xpSnppZmhIbEtwY29wSnktUTByUVZjc05wYVktUEgzSUg4OXdMVGRGYmZkakJQclBKRFBTVnZkRld0UnNRUlItcnZBby0xNm45N3hZc1hZYi1tQ1l4TEF4OWVGQjduMFNITGh1UjZJeEtmeEpENHo5V0VObXVBLTdlOWxNZlRzQUU2UTl5SnVGR2IwdndWZjR1TEw5eGNDNlNIUF9YeDFnYUZHZ0cwSTZXdGV6MVpMTFdtaTd1T0c0QUJmM2dPeE5pbV9FUWt5dkNSWE9sNFJyQ00wU3F6M291Rlp5UVJqNHFVNFdHcUl3UERSRjZsY3lZNFUtZng1WUlnWGNmMS1XVTBiOG1Vc2FJUGQwQ0F3RUFBYU9DQS0wd2dnUHBNQ2NHQ1NzR0FRUUJnamNWQ2dRYU1CZ3dDZ1lJS3dZQkJRVUhBd0V3Q2dZSUt3WUJCUVVIQXdJd1BRWUpLd1lCQkFHQ054VUhCREF3TGdZbUt3WUJCQUdDTnhVSWhwRGpEWVRWdEhpRThZcy1oWnZkRnM2ZEVvRmdndlgySzRQeTBTQUNBV1FDQVFvd2dnSExCZ2dyQmdFRkJRY0JBUVNDQWIwd2dnRzVNR01HQ0NzR0FRVUZCekFDaGxkb2RIUndPaTh2WTNKc0xtMXBZM0p2YzI5bWRDNWpiMjB2Y0d0cGFXNW1jbUV2UTJWeWRITXZRMDh4VUV0SlNVNVVRMEV3TVM1QlRVVXVSMEpNWDBGTlJTVXlNRWx1Wm5KaEpUSXdRMEVsTWpBd05TNWpjblF3VXdZSUt3WUJCUVVITUFLR1IyaDBkSEE2THk5amNtd3hMbUZ0WlM1blltd3ZZV2xoTDBOUE1WQkxTVWxPVkVOQk1ERXVRVTFGTGtkQ1RGOUJUVVVsTWpCSmJtWnlZU1V5TUVOQkpUSXdNRFV1WTNKME1GTUdDQ3NHQVFVRkJ6QUNoa2RvZEhSd09pOHZZM0pzTWk1aGJXVXVaMkpzTDJGcFlTOURUekZRUzBsSlRsUkRRVEF4TGtGTlJTNUhRa3hmUVUxRkpUSXdTVzVtY21FbE1qQkRRU1V5TURBMUxtTnlkREJUQmdnckJnRUZCUWN3QW9aSGFIUjBjRG92TDJOeWJETXVZVzFsTG1kaWJDOWhhV0V2UTA4eFVFdEpTVTVVUTBFd01TNUJUVVV1UjBKTVgwRk5SU1V5TUVsdVpuSmhKVEl3UTBFbE1qQXdOUzVqY25Rd1V3WUlLd1lCQlFVSE1BS0dSMmgwZEhBNkx5OWpjbXcwTG1GdFpTNW5ZbXd2WVdsaEwwTlBNVkJMU1VsT1ZFTkJNREV1UVUxRkxrZENURjlCVFVVbE1qQkpibVp5WVNVeU1FTkJKVEl3TURVdVkzSjBNQjBHQTFVZERnUVdCQlRLYXd0NE42eDhwOWs3NXdvWWZ6anJVcVlCbmpBT0JnTlZIUThCQWY4RUJBTUNCYUF3Z2dFbUJnTlZIUjhFZ2dFZE1JSUJHVENDQVJXZ2dnRVJvSUlCRFlZX2FIUjBjRG92TDJOeWJDNXRhV055YjNOdlpuUXVZMjl0TDNCcmFXbHVabkpoTDBOU1RDOUJUVVVsTWpCSmJtWnlZU1V5TUVOQkpUSXdNRFV1WTNKc2hqRm9kSFJ3T2k4dlkzSnNNUzVoYldVdVoySnNMMk55YkM5QlRVVWxNakJKYm1aeVlTVXlNRU5CSlRJd01EVXVZM0pzaGpGb2RIUndPaTh2WTNKc01pNWhiV1V1WjJKc0wyTnliQzlCVFVVbE1qQkpibVp5WVNVeU1FTkJKVEl3TURVdVkzSnNoakZvZEhSd09pOHZZM0pzTXk1aGJXVXVaMkpzTDJOeWJDOUJUVVVsTWpCSmJtWnlZU1V5TUVOQkpUSXdNRFV1WTNKc2hqRm9kSFJ3T2k4dlkzSnNOQzVoYldVdVoySnNMMk55YkM5QlRVVWxNakJKYm1aeVlTVXlNRU5CSlRJd01EVXVZM0pzTUJjR0ExVWRJQVFRTUE0d0RBWUtLd1lCQkFHQ04zc0JBVEFmQmdOVkhTTUVHREFXZ0JSNjFobUZLSGxzY1hZZVlQanpTLS1pQlVJV0hUQWRCZ05WSFNVRUZqQVVCZ2dyQmdFRkJRY0RBUVlJS3dZQkJRVUhBd0l3RFFZSktvWklodmNOQVFFTEJRQURnZ0VCQUdqaV9LQVV2Nl84OE9CcnlIOVRjMkZudWhQNmt3MV85cUlfYnh3d3Jwak5vckFnRnNvTDhtb1FDbW5CYnpieU9xajNzbGIwR0dfazJHU1BMUEtEMHR0amlkSDBNbDNRUUxzbDdRYzhRdV9ndzA0VTVYcU9EM3lZQ2xPZ2I2WWtaV1pmcXpHOG5BeFNBUTB4N3ZVWVQyRXJfTXlmQVBpMGhjZ080SmNBYUxOTE9Xa1ZSV1I5OUFSanJZZUJYU21uRkU3dDhrSlhONWprd3pSQ3RKLWhaT09XREhDQWhxaFZfY0N0b1hVdmIzaE9TZTk1aXhqc2lfMENQbzYyRW5fSDZwSFBNUDROWHptVFVuMTh3bXlDWHVuel9xRzNVT2k0dXkzVnhKT1AxX1ZfU2JabHFWNUJoazdTT2VNbDZpOG9CZVJqcTNISWk5VVhvMU9oU0V1UWVUNCZzPXM1Wlo5eUlzVXBSMXlJYTRHVXFITC1OdW12aC16dEdlenZYaDVQOTN2cjhycUdncjFZd1h3UmhReUY2WGlYenN5RmpNRUxETmNvNF92ejl2RXBLZ2oweVNlVlZXQnhRRi1ob0c3dnlCeWhLMlNoQmY2b1JCbVRZN3V2NzJTTThtSHJQVlhDZ000M2hLQ1VoaHp1c05ITHZpRE5ud0ROOUVIR1dtNGMtSmtpdkpwUjg4aDg2WUVYQ1RpSzFVSVhDYV9Yck1qSlphTFF3LWpUUlFfM1FEQ3lYbnNIUFY4d1pPd2ItWUt2U0dCenBtQmg0Y281WDVpaGFBNDd4NmpHYnN2UUlUME83WkViQnI5T0JNUHBNWE1ZYkZyT0xuMExJR2xvR1dXZHA0NEJJVzc0YTRJZjVBM1o5VXRBYkFiTFVubzVOS0tZNFY1WEFUUkN6OF9HcFIwdyZoPVM2NjFMN184X1VCNnRyWl9Lb1Nhc3o2Vy1kS3lmT2VNc1M5LTctVEdKM3M=",
      "RequestMethod": "GET",
      "RequestHeaders": {
        "x-ms-client-request-id": [
          "8b1b4628-52e1-412b-ad4c-da38ab8b6b3a"
        ],
        "User-Agent": [
          "FxVersion/6.0.2523.51912",
          "OSName/Windows",
          "OSVersion/Microsoft.Windows.10.0.22621",
          "Microsoft.Azure.Management.Resources.DeploymentStacksClient/6.12.1"
        ]
      },
      "RequestBody": "",
      "ResponseHeaders": {
        "Cache-Control": [
          "no-cache"
        ],
        "Pragma": [
          "no-cache"
        ],
        "x-ms-request-id": [
          "3854e576-5514-4d31-8425-65b1fffdf6b7"
        ],
        "Server": [
          "Microsoft-HTTPAPI/2.0"
        ],
        "x-ms-ratelimit-remaining-tenant-reads": [
          "11995"
        ],
        "x-ms-correlation-request-id": [
          "4db92ab6-8221-4f88-ab49-16e753936c7b"
        ],
        "x-ms-routing-request-id": [
          "WESTUS:20231221T212019Z:4db92ab6-8221-4f88-ab49-16e753936c7b"
        ],
        "Strict-Transport-Security": [
          "max-age=31536000; includeSubDomains"
        ],
        "X-Content-Type-Options": [
          "nosniff"
        ],
        "Date": [
          "Thu, 21 Dec 2023 21:20:19 GMT"
        ],
        "Content-Length": [
          "209"
        ],
        "Content-Type": [
          "application/json; charset=utf-8"
        ],
        "Expires": [
          "-1"
        ],
        "Retry-After": [
          "0"
        ]
      },
      "ResponseBody": "{\r\n  \"id\": \"/providers/Microsoft.Resources/locations/westus2/deploymentStackOperationStatus/ee26d35f-7ea8-49f5-96c8-d0d63169396b\",\r\n  \"name\": \"ee26d35f-7ea8-49f5-96c8-d0d63169396b\",\r\n  \"status\": \"succeeded\"\r\n}",
      "StatusCode": 200
    }
  ],
  "Names": {
    "Test-SetManagementGroupDeploymentStack": [
      "ps9815"
    ]
  },
  "Variables": {
    "SubscriptionId": "a1bfa635-f2bf-42f1-86b5-848c674fc321"
  }
}