{
  "Entries": [
    {
      "RequestUri": "/subscriptions/a1bfa635-f2bf-42f1-86b5-848c674fc321/resourcegroups/ps5760?api-version=2021-04-01",
      "EncodedRequestUri": "L3N1YnNjcmlwdGlvbnMvYTFiZmE2MzUtZjJiZi00MmYxLTg2YjUtODQ4YzY3NGZjMzIxL3Jlc291cmNlZ3JvdXBzL3BzNTc2MD9hcGktdmVyc2lvbj0yMDIxLTA0LTAx",
      "RequestMethod": "HEAD",
      "RequestHeaders": {
        "x-ms-client-request-id": [
          "48c7f3fd-4168-46fc-bf6a-56fed23c1bf3"
        ],
        "Accept-Language": [
          "en-US"
        ],
        "User-Agent": [
          "FxVersion/6.0.2724.6912",
          "OSName/Windows",
          "OSVersion/Microsoft.Windows.10.0.22621",
          "Microsoft.Azure.Management.ResourceManager.ResourceManagementClient/3.17.3.0"
        ]
      },
      "RequestBody": "",
      "ResponseHeaders": {
        "Cache-Control": [
          "no-cache"
        ],
        "Pragma": [
          "no-cache"
        ],
        "x-ms-failure-cause": [
          "gateway"
        ],
        "x-ms-ratelimit-remaining-subscription-reads": [
          "11999"
        ],
        "x-ms-request-id": [
          "eaca112c-cab0-4498-bd7a-be01acefcfc3"
        ],
        "x-ms-correlation-request-id": [
          "eaca112c-cab0-4498-bd7a-be01acefcfc3"
        ],
        "x-ms-routing-request-id": [
          "WESTUS:20240227T193917Z:eaca112c-cab0-4498-bd7a-be01acefcfc3"
        ],
        "Strict-Transport-Security": [
          "max-age=31536000; includeSubDomains"
        ],
        "X-Content-Type-Options": [
          "nosniff"
        ],
        "X-Cache": [
          "CONFIG_NOCACHE"
        ],
        "X-MSEdge-Ref": [
          "Ref A: 6C9F3120F957428BB5C68C10AD6A7332 Ref B: SJC211051204037 Ref C: 2024-02-27T19:39:17Z"
        ],
        "Date": [
          "Tue, 27 Feb 2024 19:39:17 GMT"
        ],
        "Content-Length": [
          "0"
        ],
        "Expires": [
          "-1"
        ],
        "Retry-After": [
          "0"
        ]
      },
      "ResponseBody": "",
      "StatusCode": 404
    },
    {
      "RequestUri": "/subscriptions/a1bfa635-f2bf-42f1-86b5-848c674fc321/resourcegroups/ps5760?api-version=2021-04-01",
      "EncodedRequestUri": "L3N1YnNjcmlwdGlvbnMvYTFiZmE2MzUtZjJiZi00MmYxLTg2YjUtODQ4YzY3NGZjMzIxL3Jlc291cmNlZ3JvdXBzL3BzNTc2MD9hcGktdmVyc2lvbj0yMDIxLTA0LTAx",
      "RequestMethod": "PUT",
      "RequestHeaders": {
        "x-ms-client-request-id": [
          "48c7f3fd-4168-46fc-bf6a-56fed23c1bf3"
        ],
        "Accept-Language": [
          "en-US"
        ],
        "User-Agent": [
          "FxVersion/6.0.2724.6912",
          "OSName/Windows",
          "OSVersion/Microsoft.Windows.10.0.22621",
          "Microsoft.Azure.Management.ResourceManager.ResourceManagementClient/3.17.3.0"
        ],
        "Content-Type": [
          "application/json; charset=utf-8"
        ],
        "Content-Length": [
          "31"
        ]
      },
      "RequestBody": "{\r\n  \"location\": \"West US 2\"\r\n}",
      "ResponseHeaders": {
        "Cache-Control": [
          "no-cache"
        ],
        "Pragma": [
          "no-cache"
        ],
        "x-ms-ratelimit-remaining-subscription-writes": [
          "1199"
        ],
        "x-ms-request-id": [
          "ff2f5f62-b4ce-4171-af53-3db235d5a4c5"
        ],
        "x-ms-correlation-request-id": [
          "ff2f5f62-b4ce-4171-af53-3db235d5a4c5"
        ],
        "x-ms-routing-request-id": [
          "WESTUS:20240227T193918Z:ff2f5f62-b4ce-4171-af53-3db235d5a4c5"
        ],
        "Strict-Transport-Security": [
          "max-age=31536000; includeSubDomains"
        ],
        "X-Content-Type-Options": [
          "nosniff"
        ],
        "X-Cache": [
          "CONFIG_NOCACHE"
        ],
        "X-MSEdge-Ref": [
          "Ref A: DD4CA1CD91B34AFCBEC518998EB6E20F Ref B: SJC211051204037 Ref C: 2024-02-27T19:39:17Z"
        ],
        "Date": [
          "Tue, 27 Feb 2024 19:39:17 GMT"
        ],
        "Content-Length": [
          "210"
        ],
        "Content-Type": [
          "application/json; charset=utf-8"
        ],
        "Expires": [
          "-1"
        ],
        "Retry-After": [
          "0"
        ]
      },
      "ResponseBody": "{\r\n  \"id\": \"/subscriptions/a1bfa635-f2bf-42f1-86b5-848c674fc321/resourceGroups/ps5760\",\r\n  \"name\": \"ps5760\",\r\n  \"type\": \"Microsoft.Resources/resourceGroups\",\r\n  \"location\": \"westus2\",\r\n  \"properties\": {\r\n    \"provisioningState\": \"Succeeded\"\r\n  }\r\n}",
      "StatusCode": 201
    },
    {
      "RequestUri": "/subscriptions/a1bfa635-f2bf-42f1-86b5-848c674fc321/resourceGroups/ps5760/providers/Microsoft.Resources/templateSpecs/ps7975?api-version=2021-05-01",
      "EncodedRequestUri": "L3N1YnNjcmlwdGlvbnMvYTFiZmE2MzUtZjJiZi00MmYxLTg2YjUtODQ4YzY3NGZjMzIxL3Jlc291cmNlR3JvdXBzL3BzNTc2MC9wcm92aWRlcnMvTWljcm9zb2Z0LlJlc291cmNlcy90ZW1wbGF0ZVNwZWNzL3BzNzk3NT9hcGktdmVyc2lvbj0yMDIxLTA1LTAx",
      "RequestMethod": "GET",
      "RequestHeaders": {
        "x-ms-client-request-id": [
          "810c534b-0619-4e53-848d-83193e1b7f6a"
        ],
        "Accept-Language": [
          "en-US"
        ],
        "User-Agent": [
          "FxVersion/6.0.2724.6912",
          "OSName/Windows",
          "OSVersion/Microsoft.Windows.10.0.22621",
          "Microsoft.Azure.Management.Resources.TemplateSpecsClient/6.15.1"
        ]
      },
      "RequestBody": "",
      "ResponseHeaders": {
        "Cache-Control": [
          "no-cache"
        ],
        "Pragma": [
          "no-cache"
        ],
        "x-ms-failure-cause": [
          "gateway"
        ],
        "x-ms-request-id": [
          "72dfad61-88a6-44a9-b46e-282a0ec70f4c"
        ],
        "x-ms-correlation-request-id": [
          "72dfad61-88a6-44a9-b46e-282a0ec70f4c"
        ],
        "x-ms-routing-request-id": [
          "WESTUS:20240227T193918Z:72dfad61-88a6-44a9-b46e-282a0ec70f4c"
        ],
        "Strict-Transport-Security": [
          "max-age=31536000; includeSubDomains"
        ],
        "X-Content-Type-Options": [
          "nosniff"
        ],
        "X-Cache": [
          "CONFIG_NOCACHE"
        ],
        "X-MSEdge-Ref": [
          "Ref A: 690F2AD47F8947E2849F90FD1DC1EA0E Ref B: SJC211051205007 Ref C: 2024-02-27T19:39:18Z"
        ],
        "Date": [
          "Tue, 27 Feb 2024 19:39:18 GMT"
        ],
        "Content-Length": [
          "218"
        ],
        "Content-Type": [
          "application/json; charset=utf-8"
        ],
        "Expires": [
          "-1"
        ],
        "Retry-After": [
          "0"
        ]
      },
      "ResponseBody": "{\r\n  \"error\": {\r\n    \"code\": \"ResourceNotFound\",\r\n    \"message\": \"The Resource 'Microsoft.Resources/templateSpecs/ps7975' under resource group 'ps5760' was not found. For more details please go to https://aka.ms/ARMResourceNotFoundFix\"\r\n  }\r\n}",
      "StatusCode": 404
    },
    {
      "RequestUri": "/subscriptions/a1bfa635-f2bf-42f1-86b5-848c674fc321/resourceGroups/ps5760/providers/Microsoft.Resources/templateSpecs/ps7975?api-version=2021-05-01",
      "EncodedRequestUri": "L3N1YnNjcmlwdGlvbnMvYTFiZmE2MzUtZjJiZi00MmYxLTg2YjUtODQ4YzY3NGZjMzIxL3Jlc291cmNlR3JvdXBzL3BzNTc2MC9wcm92aWRlcnMvTWljcm9zb2Z0LlJlc291cmNlcy90ZW1wbGF0ZVNwZWNzL3BzNzk3NT9hcGktdmVyc2lvbj0yMDIxLTA1LTAx",
      "RequestMethod": "PUT",
      "RequestHeaders": {
        "x-ms-client-request-id": [
          "810c534b-0619-4e53-848d-83193e1b7f6a"
        ],
        "Accept-Language": [
          "en-US"
        ],
        "User-Agent": [
          "FxVersion/6.0.2724.6912",
          "OSName/Windows",
          "OSVersion/Microsoft.Windows.10.0.22621",
          "Microsoft.Azure.Management.Resources.TemplateSpecsClient/6.15.1"
        ],
        "Content-Type": [
          "application/json; charset=utf-8"
        ],
        "Content-Length": [
          "31"
        ]
      },
      "RequestBody": "{\r\n  \"location\": \"West US 2\"\r\n}",
      "ResponseHeaders": {
        "Cache-Control": [
          "no-cache"
        ],
        "Pragma": [
          "no-cache"
        ],
        "x-ms-request-id": [
          "10a3f9c5-0f14-47a9-a053-bd1355ce4050"
        ],
        "x-ms-ratelimit-remaining-subscription-writes": [
          "1198"
        ],
        "x-ms-correlation-request-id": [
          "cb087e7d-0501-4ad3-9502-659fbb2dbc29"
        ],
        "x-ms-routing-request-id": [
          "WESTUS:20240227T193919Z:cb087e7d-0501-4ad3-9502-659fbb2dbc29"
        ],
        "Strict-Transport-Security": [
          "max-age=31536000; includeSubDomains"
        ],
        "X-Content-Type-Options": [
          "nosniff"
        ],
        "X-Cache": [
          "CONFIG_NOCACHE"
        ],
        "X-MSEdge-Ref": [
          "Ref A: B6F80524E76E42D287D40D725D4875B0 Ref B: SJC211051205007 Ref C: 2024-02-27T19:39:18Z"
        ],
        "Date": [
          "Tue, 27 Feb 2024 19:39:18 GMT"
        ],
        "Content-Length": [
          "587"
        ],
        "Content-Type": [
          "application/json; charset=utf-8"
        ],
        "Expires": [
          "-1"
        ],
        "Retry-After": [
          "0"
        ]
      },
      "ResponseBody": "{\r\n  \"location\": \"West US 2\",\r\n  \"properties\": {},\r\n  \"systemData\": {\r\n    \"createdBy\": \"546094f3-32fa-493c-824c-bd9575b0d2fe\",\r\n    \"createdByType\": \"Application\",\r\n    \"createdAt\": \"2024-02-27T19:39:18.9577847Z\",\r\n    \"lastModifiedBy\": \"546094f3-32fa-493c-824c-bd9575b0d2fe\",\r\n    \"lastModifiedByType\": \"Application\",\r\n    \"lastModifiedAt\": \"2024-02-27T19:39:18.9577847Z\"\r\n  },\r\n  \"id\": \"/subscriptions/a1bfa635-f2bf-42f1-86b5-848c674fc321/resourceGroups/ps5760/providers/Microsoft.Resources/templateSpecs/ps7975\",\r\n  \"type\": \"Microsoft.Resources/templateSpecs\",\r\n  \"name\": \"ps7975\"\r\n}",
      "StatusCode": 201
    },
    {
      "RequestUri": "/subscriptions/a1bfa635-f2bf-42f1-86b5-848c674fc321/resourceGroups/ps5760/providers/Microsoft.Resources/templateSpecs/ps7975/versions/v1?api-version=2021-05-01",
      "EncodedRequestUri": "L3N1YnNjcmlwdGlvbnMvYTFiZmE2MzUtZjJiZi00MmYxLTg2YjUtODQ4YzY3NGZjMzIxL3Jlc291cmNlR3JvdXBzL3BzNTc2MC9wcm92aWRlcnMvTWljcm9zb2Z0LlJlc291cmNlcy90ZW1wbGF0ZVNwZWNzL3BzNzk3NS92ZXJzaW9ucy92MT9hcGktdmVyc2lvbj0yMDIxLTA1LTAx",
      "RequestMethod": "GET",
      "RequestHeaders": {
        "x-ms-client-request-id": [
          "810c534b-0619-4e53-848d-83193e1b7f6a"
        ],
        "Accept-Language": [
          "en-US"
        ],
        "User-Agent": [
          "FxVersion/6.0.2724.6912",
          "OSName/Windows",
          "OSVersion/Microsoft.Windows.10.0.22621",
          "Microsoft.Azure.Management.Resources.TemplateSpecsClient/6.15.1"
        ]
      },
      "RequestBody": "",
      "ResponseHeaders": {
        "Cache-Control": [
          "no-cache"
        ],
        "Pragma": [
          "no-cache"
        ],
        "x-ms-failure-cause": [
          "gateway"
        ],
        "x-ms-request-id": [
          "2f74d560-61e3-41c1-8047-0417b0bed8b7"
        ],
        "x-ms-correlation-request-id": [
          "2f74d560-61e3-41c1-8047-0417b0bed8b7"
        ],
        "x-ms-routing-request-id": [
          "WESTUS:20240227T193919Z:2f74d560-61e3-41c1-8047-0417b0bed8b7"
        ],
        "Strict-Transport-Security": [
          "max-age=31536000; includeSubDomains"
        ],
        "X-Content-Type-Options": [
          "nosniff"
        ],
        "X-Cache": [
          "CONFIG_NOCACHE"
        ],
        "X-MSEdge-Ref": [
          "Ref A: AED4CEE8DDD345BABA0BAD83C14668BA Ref B: SJC211051205007 Ref C: 2024-02-27T19:39:19Z"
        ],
        "Date": [
          "Tue, 27 Feb 2024 19:39:18 GMT"
        ],
        "Content-Length": [
          "230"
        ],
        "Content-Type": [
          "application/json; charset=utf-8"
        ],
        "Expires": [
          "-1"
        ],
        "Retry-After": [
          "0"
        ]
      },
      "ResponseBody": "{\r\n  \"error\": {\r\n    \"code\": \"ResourceNotFound\",\r\n    \"message\": \"The Resource 'Microsoft.Resources/templateSpecs/ps7975/versions/v1' under resource group 'ps5760' was not found. For more details please go to https://aka.ms/ARMResourceNotFoundFix\"\r\n  }\r\n}",
      "StatusCode": 404
    },
    {
      "RequestUri": "/subscriptions/a1bfa635-f2bf-42f1-86b5-848c674fc321/resourceGroups/ps5760/providers/Microsoft.Resources/templateSpecs/ps7975/versions/v1?api-version=2021-05-01",
      "EncodedRequestUri": "L3N1YnNjcmlwdGlvbnMvYTFiZmE2MzUtZjJiZi00MmYxLTg2YjUtODQ4YzY3NGZjMzIxL3Jlc291cmNlR3JvdXBzL3BzNTc2MC9wcm92aWRlcnMvTWljcm9zb2Z0LlJlc291cmNlcy90ZW1wbGF0ZVNwZWNzL3BzNzk3NS92ZXJzaW9ucy92MT9hcGktdmVyc2lvbj0yMDIxLTA1LTAx",
      "RequestMethod": "GET",
      "RequestHeaders": {
        "x-ms-client-request-id": [
          "f33c0079-42ed-4831-87af-4a75321f87e8"
        ],
        "Accept-Language": [
          "en-US"
        ],
        "User-Agent": [
          "FxVersion/6.0.2724.6912",
          "OSName/Windows",
          "OSVersion/Microsoft.Windows.10.0.22621",
          "Microsoft.Azure.Management.Resources.TemplateSpecsClient/6.15.1"
        ]
      },
      "RequestBody": "",
      "ResponseHeaders": {
        "Cache-Control": [
          "no-cache"
        ],
        "Pragma": [
          "no-cache"
        ],
        "x-ms-request-id": [
          "a11e9536-9369-49c9-baae-8ad9b9544dd8"
        ],
        "x-ms-ratelimit-remaining-subscription-reads": [
          "11999"
        ],
        "x-ms-correlation-request-id": [
          "eaec5147-5f09-4944-b359-e1099d983719"
        ],
        "x-ms-routing-request-id": [
          "WESTUS:20240227T193920Z:eaec5147-5f09-4944-b359-e1099d983719"
        ],
        "Strict-Transport-Security": [
          "max-age=31536000; includeSubDomains"
        ],
        "X-Content-Type-Options": [
          "nosniff"
        ],
        "X-Cache": [
          "CONFIG_NOCACHE"
        ],
        "X-MSEdge-Ref": [
          "Ref A: 3BD721E605234342A8F0DC65D8B30131 Ref B: SJC211051205027 Ref C: 2024-02-27T19:39:19Z"
        ],
        "Date": [
          "Tue, 27 Feb 2024 19:39:19 GMT"
        ],
        "Content-Length": [
          "3646"
        ],
        "Content-Type": [
          "application/json; charset=utf-8"
        ],
        "Expires": [
          "-1"
        ],
        "Retry-After": [
          "0"
        ]
      },
      "ResponseBody": "{\r\n  \"location\": \"West US 2\",\r\n  \"properties\": {\r\n    \"mainTemplate\": {\r\n      \"$schema\": \"https://schema.management.azure.com/schemas/2019-08-01/managementGroupDeploymentTemplate.json#\",\r\n      \"contentVersion\": \"1.0.0.0\",\r\n      \"metadata\": {\r\n        \"_generator\": {\r\n          \"name\": \"bicep\",\r\n          \"version\": \"0.16.2.56959\",\r\n          \"templateHash\": \"13529450622016881009\"\r\n        }\r\n      },\r\n      \"parameters\": {\r\n        \"subId\": {\r\n          \"type\": \"string\"\r\n        },\r\n        \"moduleName\": {\r\n          \"type\": \"string\"\r\n        },\r\n        \"policyDefinitionName\": {\r\n          \"type\": \"string\"\r\n        }\r\n      },\r\n      \"resources\": [\r\n        {\r\n          \"type\": \"Microsoft.Resources/deployments\",\r\n          \"apiVersion\": \"2022-09-01\",\r\n          \"name\": \"[parameters('moduleName')]\",\r\n          \"subscriptionId\": \"[parameters('subId')]\",\r\n          \"location\": \"[deployment().location]\",\r\n          \"properties\": {\r\n            \"expressionEvaluationOptions\": {\r\n              \"scope\": \"inner\"\r\n            },\r\n            \"mode\": \"Incremental\",\r\n            \"parameters\": {\r\n              \"policyDefinitionName\": {\r\n                \"value\": \"[parameters('policyDefinitionName')]\"\r\n              }\r\n            },\r\n            \"template\": {\r\n              \"$schema\": \"https://schema.management.azure.com/schemas/2018-05-01/subscriptionDeploymentTemplate.json#\",\r\n              \"contentVersion\": \"1.0.0.0\",\r\n              \"metadata\": {\r\n                \"_generator\": {\r\n                  \"name\": \"bicep\",\r\n                  \"version\": \"0.16.2.56959\",\r\n                  \"templateHash\": \"17912971569522144482\"\r\n                }\r\n              },\r\n              \"parameters\": {\r\n                \"allowedLocations\": {\r\n                  \"type\": \"array\",\r\n                  \"defaultValue\": [\r\n                    \"westus\"\r\n                  ],\r\n                  \"metadata\": {\r\n                    \"description\": \"An array of the allowed locations, all other locations will be denied by the created policy.\"\r\n                  }\r\n                },\r\n                \"policyDefinitionName\": {\r\n                  \"type\": \"string\"\r\n                }\r\n              },\r\n              \"resources\": [\r\n                {\r\n                  \"type\": \"Microsoft.Authorization/policyDefinitions\",\r\n                  \"apiVersion\": \"2020-03-01\",\r\n                  \"name\": \"[parameters('policyDefinitionName')]\",\r\n                  \"properties\": {\r\n                    \"policyType\": \"Custom\",\r\n                    \"mode\": \"All\",\r\n                    \"parameters\": {},\r\n                    \"policyRule\": {\r\n                      \"if\": {\r\n                        \"not\": {\r\n                          \"field\": \"location\",\r\n                          \"in\": \"[parameters('allowedLocations')]\"\r\n                        }\r\n                      },\r\n                      \"then\": {\r\n                        \"effect\": \"audit\"\r\n                      }\r\n                    }\r\n                  }\r\n                }\r\n              ]\r\n            }\r\n          }\r\n        }\r\n      ]\r\n    }\r\n  },\r\n  \"systemData\": {\r\n    \"createdBy\": \"546094f3-32fa-493c-824c-bd9575b0d2fe\",\r\n    \"createdByType\": \"Application\",\r\n    \"createdAt\": \"2024-02-27T19:39:19.6185992Z\",\r\n    \"lastModifiedBy\": \"546094f3-32fa-493c-824c-bd9575b0d2fe\",\r\n    \"lastModifiedByType\": \"Application\",\r\n    \"lastModifiedAt\": \"2024-02-27T19:39:19.6185992Z\"\r\n  },\r\n  \"id\": \"/subscriptions/a1bfa635-f2bf-42f1-86b5-848c674fc321/resourceGroups/ps5760/providers/Microsoft.Resources/templateSpecs/ps7975/versions/v1\",\r\n  \"type\": \"Microsoft.Resources/templateSpecs/versions\",\r\n  \"name\": \"v1\"\r\n}",
      "StatusCode": 200
    },
    {
      "RequestUri": "/subscriptions/a1bfa635-f2bf-42f1-86b5-848c674fc321/resourceGroups/ps5760/providers/Microsoft.Resources/templateSpecs/ps7975/versions/v1?api-version=2021-05-01",
      "EncodedRequestUri": "L3N1YnNjcmlwdGlvbnMvYTFiZmE2MzUtZjJiZi00MmYxLTg2YjUtODQ4YzY3NGZjMzIxL3Jlc291cmNlR3JvdXBzL3BzNTc2MC9wcm92aWRlcnMvTWljcm9zb2Z0LlJlc291cmNlcy90ZW1wbGF0ZVNwZWNzL3BzNzk3NS92ZXJzaW9ucy92MT9hcGktdmVyc2lvbj0yMDIxLTA1LTAx",
      "RequestMethod": "GET",
      "RequestHeaders": {
        "x-ms-client-request-id": [
          "c4221225-5f5b-4d8b-802f-84ec8eb5d6b3"
        ],
        "Accept-Language": [
          "en-US"
        ],
        "User-Agent": [
          "FxVersion/6.0.2724.6912",
          "OSName/Windows",
          "OSVersion/Microsoft.Windows.10.0.22621",
          "Microsoft.Azure.Management.Resources.TemplateSpecsClient/6.15.1"
        ]
      },
      "RequestBody": "",
      "ResponseHeaders": {
        "Cache-Control": [
          "no-cache"
        ],
        "Pragma": [
          "no-cache"
        ],
        "x-ms-request-id": [
          "a704bfad-1064-4ddb-9219-689b70f927f1"
        ],
        "x-ms-ratelimit-remaining-subscription-reads": [
          "11999"
        ],
        "x-ms-correlation-request-id": [
          "f98a75a9-4831-4a4c-8097-1c32e05c83b0"
        ],
        "x-ms-routing-request-id": [
          "WESTUS:20240227T193951Z:f98a75a9-4831-4a4c-8097-1c32e05c83b0"
        ],
        "Strict-Transport-Security": [
          "max-age=31536000; includeSubDomains"
        ],
        "X-Content-Type-Options": [
          "nosniff"
        ],
        "X-Cache": [
          "CONFIG_NOCACHE"
        ],
        "X-MSEdge-Ref": [
          "Ref A: F898891E436D45669D75AEEC119572BC Ref B: SJC211051203011 Ref C: 2024-02-27T19:39:51Z"
        ],
        "Date": [
          "Tue, 27 Feb 2024 19:39:50 GMT"
        ],
        "Content-Length": [
          "3646"
        ],
        "Content-Type": [
          "application/json; charset=utf-8"
        ],
        "Expires": [
          "-1"
        ],
        "Retry-After": [
          "0"
        ]
      },
      "ResponseBody": "{\r\n  \"location\": \"West US 2\",\r\n  \"properties\": {\r\n    \"mainTemplate\": {\r\n      \"$schema\": \"https://schema.management.azure.com/schemas/2019-08-01/managementGroupDeploymentTemplate.json#\",\r\n      \"contentVersion\": \"1.0.0.0\",\r\n      \"metadata\": {\r\n        \"_generator\": {\r\n          \"name\": \"bicep\",\r\n          \"version\": \"0.16.2.56959\",\r\n          \"templateHash\": \"13529450622016881009\"\r\n        }\r\n      },\r\n      \"parameters\": {\r\n        \"subId\": {\r\n          \"type\": \"string\"\r\n        },\r\n        \"moduleName\": {\r\n          \"type\": \"string\"\r\n        },\r\n        \"policyDefinitionName\": {\r\n          \"type\": \"string\"\r\n        }\r\n      },\r\n      \"resources\": [\r\n        {\r\n          \"type\": \"Microsoft.Resources/deployments\",\r\n          \"apiVersion\": \"2022-09-01\",\r\n          \"name\": \"[parameters('moduleName')]\",\r\n          \"subscriptionId\": \"[parameters('subId')]\",\r\n          \"location\": \"[deployment().location]\",\r\n          \"properties\": {\r\n            \"expressionEvaluationOptions\": {\r\n              \"scope\": \"inner\"\r\n            },\r\n            \"mode\": \"Incremental\",\r\n            \"parameters\": {\r\n              \"policyDefinitionName\": {\r\n                \"value\": \"[parameters('policyDefinitionName')]\"\r\n              }\r\n            },\r\n            \"template\": {\r\n              \"$schema\": \"https://schema.management.azure.com/schemas/2018-05-01/subscriptionDeploymentTemplate.json#\",\r\n              \"contentVersion\": \"1.0.0.0\",\r\n              \"metadata\": {\r\n                \"_generator\": {\r\n                  \"name\": \"bicep\",\r\n                  \"version\": \"0.16.2.56959\",\r\n                  \"templateHash\": \"17912971569522144482\"\r\n                }\r\n              },\r\n              \"parameters\": {\r\n                \"allowedLocations\": {\r\n                  \"type\": \"array\",\r\n                  \"defaultValue\": [\r\n                    \"westus\"\r\n                  ],\r\n                  \"metadata\": {\r\n                    \"description\": \"An array of the allowed locations, all other locations will be denied by the created policy.\"\r\n                  }\r\n                },\r\n                \"policyDefinitionName\": {\r\n                  \"type\": \"string\"\r\n                }\r\n              },\r\n              \"resources\": [\r\n                {\r\n                  \"type\": \"Microsoft.Authorization/policyDefinitions\",\r\n                  \"apiVersion\": \"2020-03-01\",\r\n                  \"name\": \"[parameters('policyDefinitionName')]\",\r\n                  \"properties\": {\r\n                    \"policyType\": \"Custom\",\r\n                    \"mode\": \"All\",\r\n                    \"parameters\": {},\r\n                    \"policyRule\": {\r\n                      \"if\": {\r\n                        \"not\": {\r\n                          \"field\": \"location\",\r\n                          \"in\": \"[parameters('allowedLocations')]\"\r\n                        }\r\n                      },\r\n                      \"then\": {\r\n                        \"effect\": \"audit\"\r\n                      }\r\n                    }\r\n                  }\r\n                }\r\n              ]\r\n            }\r\n          }\r\n        }\r\n      ]\r\n    }\r\n  },\r\n  \"systemData\": {\r\n    \"createdBy\": \"546094f3-32fa-493c-824c-bd9575b0d2fe\",\r\n    \"createdByType\": \"Application\",\r\n    \"createdAt\": \"2024-02-27T19:39:19.6185992Z\",\r\n    \"lastModifiedBy\": \"546094f3-32fa-493c-824c-bd9575b0d2fe\",\r\n    \"lastModifiedByType\": \"Application\",\r\n    \"lastModifiedAt\": \"2024-02-27T19:39:19.6185992Z\"\r\n  },\r\n  \"id\": \"/subscriptions/a1bfa635-f2bf-42f1-86b5-848c674fc321/resourceGroups/ps5760/providers/Microsoft.Resources/templateSpecs/ps7975/versions/v1\",\r\n  \"type\": \"Microsoft.Resources/templateSpecs/versions\",\r\n  \"name\": \"v1\"\r\n}",
      "StatusCode": 200
    },
    {
      "RequestUri": "/subscriptions/a1bfa635-f2bf-42f1-86b5-848c674fc321/resourceGroups/ps5760/providers/Microsoft.Resources/templateSpecs/ps7975/versions/v1?api-version=2021-05-01",
      "EncodedRequestUri": "L3N1YnNjcmlwdGlvbnMvYTFiZmE2MzUtZjJiZi00MmYxLTg2YjUtODQ4YzY3NGZjMzIxL3Jlc291cmNlR3JvdXBzL3BzNTc2MC9wcm92aWRlcnMvTWljcm9zb2Z0LlJlc291cmNlcy90ZW1wbGF0ZVNwZWNzL3BzNzk3NS92ZXJzaW9ucy92MT9hcGktdmVyc2lvbj0yMDIxLTA1LTAx",
      "RequestMethod": "PUT",
      "RequestHeaders": {
        "x-ms-client-request-id": [
          "810c534b-0619-4e53-848d-83193e1b7f6a"
        ],
        "Accept-Language": [
          "en-US"
        ],
        "User-Agent": [
          "FxVersion/6.0.2724.6912",
          "OSName/Windows",
          "OSVersion/Microsoft.Windows.10.0.22621",
          "Microsoft.Azure.Management.Resources.TemplateSpecsClient/6.15.1"
        ],
        "Content-Type": [
          "application/json; charset=utf-8"
        ],
        "Content-Length": [
          "3122"
        ]
      },
      "RequestBody": "{\r\n  \"location\": \"West US 2\",\r\n  \"properties\": {\r\n    \"linkedTemplates\": [],\r\n    \"mainTemplate\": {\r\n      \"$schema\": \"https://schema.management.azure.com/schemas/2019-08-01/managementGroupDeploymentTemplate.json#\",\r\n      \"contentVersion\": \"1.0.0.0\",\r\n      \"metadata\": {\r\n        \"_generator\": {\r\n          \"name\": \"bicep\",\r\n          \"version\": \"0.16.2.56959\",\r\n          \"templateHash\": \"13529450622016881009\"\r\n        }\r\n      },\r\n      \"parameters\": {\r\n        \"subId\": {\r\n          \"type\": \"string\"\r\n        },\r\n        \"moduleName\": {\r\n          \"type\": \"string\"\r\n        },\r\n        \"policyDefinitionName\": {\r\n          \"type\": \"string\"\r\n        }\r\n      },\r\n      \"resources\": [\r\n        {\r\n          \"type\": \"Microsoft.Resources/deployments\",\r\n          \"apiVersion\": \"2022-09-01\",\r\n          \"name\": \"[parameters('moduleName')]\",\r\n          \"subscriptionId\": \"[parameters('subId')]\",\r\n          \"location\": \"[deployment().location]\",\r\n          \"properties\": {\r\n            \"expressionEvaluationOptions\": {\r\n              \"scope\": \"inner\"\r\n            },\r\n            \"mode\": \"Incremental\",\r\n            \"parameters\": {\r\n              \"policyDefinitionName\": {\r\n                \"value\": \"[parameters('policyDefinitionName')]\"\r\n              }\r\n            },\r\n            \"template\": {\r\n              \"$schema\": \"https://schema.management.azure.com/schemas/2018-05-01/subscriptionDeploymentTemplate.json#\",\r\n              \"contentVersion\": \"1.0.0.0\",\r\n              \"metadata\": {\r\n                \"_generator\": {\r\n                  \"name\": \"bicep\",\r\n                  \"version\": \"0.16.2.56959\",\r\n                  \"templateHash\": \"17912971569522144482\"\r\n                }\r\n              },\r\n              \"parameters\": {\r\n                \"allowedLocations\": {\r\n                  \"type\": \"array\",\r\n                  \"defaultValue\": [\r\n                    \"westus\"\r\n                  ],\r\n                  \"metadata\": {\r\n                    \"description\": \"An array of the allowed locations, all other locations will be denied by the created policy.\"\r\n                  }\r\n                },\r\n                \"policyDefinitionName\": {\r\n                  \"type\": \"string\"\r\n                }\r\n              },\r\n              \"resources\": [\r\n                {\r\n                  \"type\": \"Microsoft.Authorization/policyDefinitions\",\r\n                  \"apiVersion\": \"2020-03-01\",\r\n                  \"name\": \"[parameters('policyDefinitionName')]\",\r\n                  \"properties\": {\r\n                    \"policyType\": \"Custom\",\r\n                    \"mode\": \"All\",\r\n                    \"parameters\": {},\r\n                    \"policyRule\": {\r\n                      \"if\": {\r\n                        \"not\": {\r\n                          \"field\": \"location\",\r\n                          \"in\": \"[parameters('allowedLocations')]\"\r\n                        }\r\n                      },\r\n                      \"then\": {\r\n                        \"effect\": \"audit\"\r\n                      }\r\n                    }\r\n                  }\r\n                }\r\n              ]\r\n            }\r\n          }\r\n        }\r\n      ]\r\n    }\r\n  }\r\n}",
      "ResponseHeaders": {
        "Cache-Control": [
          "no-cache"
        ],
        "Pragma": [
          "no-cache"
        ],
        "x-ms-request-id": [
          "93b8a24a-efea-45a5-b041-e2aabecc5d67"
        ],
        "x-ms-ratelimit-remaining-subscription-writes": [
          "1199"
        ],
        "x-ms-correlation-request-id": [
          "36d3234c-b13c-4d2f-abd4-9361459ebf56"
        ],
        "x-ms-routing-request-id": [
          "WESTUS:20240227T193919Z:36d3234c-b13c-4d2f-abd4-9361459ebf56"
        ],
        "Strict-Transport-Security": [
          "max-age=31536000; includeSubDomains"
        ],
        "X-Content-Type-Options": [
          "nosniff"
        ],
        "X-Cache": [
          "CONFIG_NOCACHE"
        ],
        "X-MSEdge-Ref": [
          "Ref A: 6CEBB78B8333427891F64A183F8FEEDB Ref B: SJC211051205007 Ref C: 2024-02-27T19:39:19Z"
        ],
        "Date": [
          "Tue, 27 Feb 2024 19:39:19 GMT"
        ],
        "Content-Length": [
          "3646"
        ],
        "Content-Type": [
          "application/json; charset=utf-8"
        ],
        "Expires": [
          "-1"
        ],
        "Retry-After": [
          "0"
        ]
      },
      "ResponseBody": "{\r\n  \"location\": \"West US 2\",\r\n  \"properties\": {\r\n    \"mainTemplate\": {\r\n      \"$schema\": \"https://schema.management.azure.com/schemas/2019-08-01/managementGroupDeploymentTemplate.json#\",\r\n      \"contentVersion\": \"1.0.0.0\",\r\n      \"metadata\": {\r\n        \"_generator\": {\r\n          \"name\": \"bicep\",\r\n          \"version\": \"0.16.2.56959\",\r\n          \"templateHash\": \"13529450622016881009\"\r\n        }\r\n      },\r\n      \"parameters\": {\r\n        \"subId\": {\r\n          \"type\": \"string\"\r\n        },\r\n        \"moduleName\": {\r\n          \"type\": \"string\"\r\n        },\r\n        \"policyDefinitionName\": {\r\n          \"type\": \"string\"\r\n        }\r\n      },\r\n      \"resources\": [\r\n        {\r\n          \"type\": \"Microsoft.Resources/deployments\",\r\n          \"apiVersion\": \"2022-09-01\",\r\n          \"name\": \"[parameters('moduleName')]\",\r\n          \"subscriptionId\": \"[parameters('subId')]\",\r\n          \"location\": \"[deployment().location]\",\r\n          \"properties\": {\r\n            \"expressionEvaluationOptions\": {\r\n              \"scope\": \"inner\"\r\n            },\r\n            \"mode\": \"Incremental\",\r\n            \"parameters\": {\r\n              \"policyDefinitionName\": {\r\n                \"value\": \"[parameters('policyDefinitionName')]\"\r\n              }\r\n            },\r\n            \"template\": {\r\n              \"$schema\": \"https://schema.management.azure.com/schemas/2018-05-01/subscriptionDeploymentTemplate.json#\",\r\n              \"contentVersion\": \"1.0.0.0\",\r\n              \"metadata\": {\r\n                \"_generator\": {\r\n                  \"name\": \"bicep\",\r\n                  \"version\": \"0.16.2.56959\",\r\n                  \"templateHash\": \"17912971569522144482\"\r\n                }\r\n              },\r\n              \"parameters\": {\r\n                \"allowedLocations\": {\r\n                  \"type\": \"array\",\r\n                  \"defaultValue\": [\r\n                    \"westus\"\r\n                  ],\r\n                  \"metadata\": {\r\n                    \"description\": \"An array of the allowed locations, all other locations will be denied by the created policy.\"\r\n                  }\r\n                },\r\n                \"policyDefinitionName\": {\r\n                  \"type\": \"string\"\r\n                }\r\n              },\r\n              \"resources\": [\r\n                {\r\n                  \"type\": \"Microsoft.Authorization/policyDefinitions\",\r\n                  \"apiVersion\": \"2020-03-01\",\r\n                  \"name\": \"[parameters('policyDefinitionName')]\",\r\n                  \"properties\": {\r\n                    \"policyType\": \"Custom\",\r\n                    \"mode\": \"All\",\r\n                    \"parameters\": {},\r\n                    \"policyRule\": {\r\n                      \"if\": {\r\n                        \"not\": {\r\n                          \"field\": \"location\",\r\n                          \"in\": \"[parameters('allowedLocations')]\"\r\n                        }\r\n                      },\r\n                      \"then\": {\r\n                        \"effect\": \"audit\"\r\n                      }\r\n                    }\r\n                  }\r\n                }\r\n              ]\r\n            }\r\n          }\r\n        }\r\n      ]\r\n    }\r\n  },\r\n  \"systemData\": {\r\n    \"createdBy\": \"546094f3-32fa-493c-824c-bd9575b0d2fe\",\r\n    \"createdByType\": \"Application\",\r\n    \"createdAt\": \"2024-02-27T19:39:19.6185992Z\",\r\n    \"lastModifiedBy\": \"546094f3-32fa-493c-824c-bd9575b0d2fe\",\r\n    \"lastModifiedByType\": \"Application\",\r\n    \"lastModifiedAt\": \"2024-02-27T19:39:19.6185992Z\"\r\n  },\r\n  \"id\": \"/subscriptions/a1bfa635-f2bf-42f1-86b5-848c674fc321/resourceGroups/ps5760/providers/Microsoft.Resources/templateSpecs/ps7975/versions/v1\",\r\n  \"type\": \"Microsoft.Resources/templateSpecs/versions\",\r\n  \"name\": \"v1\"\r\n}",
      "StatusCode": 201
    },
    {
      "RequestUri": "/providers/Microsoft.Management/managementGroups/AzBlueprintAssignTest/providers/Microsoft.Resources/deploymentStacks/ps2773?api-version=2022-08-01-preview",
      "EncodedRequestUri": "L3Byb3ZpZGVycy9NaWNyb3NvZnQuTWFuYWdlbWVudC9tYW5hZ2VtZW50R3JvdXBzL0F6Qmx1ZXByaW50QXNzaWduVGVzdC9wcm92aWRlcnMvTWljcm9zb2Z0LlJlc291cmNlcy9kZXBsb3ltZW50U3RhY2tzL3BzMjc3Mz9hcGktdmVyc2lvbj0yMDIyLTA4LTAxLXByZXZpZXc=",
      "RequestMethod": "GET",
      "RequestHeaders": {
        "x-ms-client-request-id": [
          "1bbf376c-f2fe-47d5-a87c-ba403e1cbd1e"
        ],
        "Accept-Language": [
          "en-US"
        ],
        "User-Agent": [
          "FxVersion/6.0.2724.6912",
          "OSName/Windows",
          "OSVersion/Microsoft.Windows.10.0.22621",
          "Microsoft.Azure.Management.Resources.DeploymentStacksClient/6.15.1"
        ]
      },
      "RequestBody": "",
      "ResponseHeaders": {
        "Cache-Control": [
          "no-cache"
        ],
        "Pragma": [
          "no-cache"
        ],
        "x-ms-failure-cause": [
          "gateway"
        ],
        "x-ms-ratelimit-remaining-tenant-reads": [
          "11999"
        ],
        "x-ms-request-id": [
          "5abfd04a-07f7-4093-bbda-4185c3446950"
        ],
        "x-ms-correlation-request-id": [
          "5abfd04a-07f7-4093-bbda-4185c3446950"
        ],
        "x-ms-routing-request-id": [
          "WESTUS:20240227T193920Z:5abfd04a-07f7-4093-bbda-4185c3446950"
        ],
        "Strict-Transport-Security": [
          "max-age=31536000; includeSubDomains"
        ],
        "X-Content-Type-Options": [
          "nosniff"
        ],
        "X-Cache": [
          "CONFIG_NOCACHE"
        ],
        "X-MSEdge-Ref": [
          "Ref A: F86484B765004DC88B5E6E023739AE4F Ref B: SJC211051204049 Ref C: 2024-02-27T19:39:20Z"
        ],
        "Date": [
          "Tue, 27 Feb 2024 19:39:19 GMT"
        ],
        "Content-Length": [
          "154"
        ],
        "Content-Type": [
          "application/json; charset=utf-8"
        ],
        "Expires": [
          "-1"
        ],
        "Retry-After": [
          "0"
        ]
      },
      "ResponseBody": "{\r\n  \"error\": {\r\n    \"code\": \"ResourceNotFound\",\r\n    \"message\": \"The resource 'ps2773' was not found. For more details please go to https://aka.ms/ARMResourceNotFoundFix\"\r\n  }\r\n}",
      "StatusCode": 404
    },
    {
      "RequestUri": "/providers/Microsoft.Management/managementGroups/AzBlueprintAssignTest/providers/Microsoft.Resources/deploymentStacks/ps2773?api-version=2022-08-01-preview",
      "EncodedRequestUri": "L3Byb3ZpZGVycy9NaWNyb3NvZnQuTWFuYWdlbWVudC9tYW5hZ2VtZW50R3JvdXBzL0F6Qmx1ZXByaW50QXNzaWduVGVzdC9wcm92aWRlcnMvTWljcm9zb2Z0LlJlc291cmNlcy9kZXBsb3ltZW50U3RhY2tzL3BzMjc3Mz9hcGktdmVyc2lvbj0yMDIyLTA4LTAxLXByZXZpZXc=",
      "RequestMethod": "GET",
      "RequestHeaders": {
        "x-ms-client-request-id": [
          "1bbf376c-f2fe-47d5-a87c-ba403e1cbd1e"
        ],
        "Accept-Language": [
          "en-US"
        ],
        "User-Agent": [
          "FxVersion/6.0.2724.6912",
          "OSName/Windows",
          "OSVersion/Microsoft.Windows.10.0.22621",
          "Microsoft.Azure.Management.Resources.DeploymentStacksClient/6.15.1"
        ]
      },
      "RequestBody": "",
      "ResponseHeaders": {
        "Cache-Control": [
          "no-cache"
        ],
        "Pragma": [
          "no-cache"
        ],
        "x-ms-request-id": [
          "8489edb2-ffa8-405a-b3d5-d1937d0e2aec"
        ],
        "x-ms-ratelimit-remaining-tenant-reads": [
          "11999"
        ],
        "x-ms-correlation-request-id": [
          "d8a91d59-019d-49e2-9bb5-cc01139a35b9"
        ],
        "x-ms-routing-request-id": [
          "WESTUS:20240227T193926Z:d8a91d59-019d-49e2-9bb5-cc01139a35b9"
        ],
        "Strict-Transport-Security": [
          "max-age=31536000; includeSubDomains"
        ],
        "X-Content-Type-Options": [
          "nosniff"
        ],
        "X-Cache": [
          "CONFIG_NOCACHE"
        ],
        "X-MSEdge-Ref": [
          "Ref A: 0FF1C268939A4902A0D1715158D8D314 Ref B: SJC211051204049 Ref C: 2024-02-27T19:39:26Z"
        ],
        "Date": [
          "Tue, 27 Feb 2024 19:39:26 GMT"
        ],
        "Content-Length": [
          "1716"
        ],
        "Content-Type": [
          "application/json; charset=utf-8"
        ],
        "Expires": [
          "-1"
        ],
        "Retry-After": [
          "0"
        ]
      },
      "ResponseBody": "{\r\n  \"location\": \"westus2\",\r\n  \"properties\": {\r\n    \"actionOnUnmanage\": {\r\n      \"resources\": \"detach\",\r\n      \"resourceGroups\": \"detach\",\r\n      \"managementGroups\": \"detach\"\r\n    },\r\n    \"deploymentId\": \"/subscriptions/a1bfa635-f2bf-42f1-86b5-848c674fc321/providers/Microsoft.Resources/deployments/ps2773-24022719bijzl\",\r\n    \"deploymentScope\": \"/subscriptions/a1bfa635-f2bf-42f1-86b5-848c674fc321\",\r\n    \"denySettings\": {\r\n      \"mode\": \"none\",\r\n      \"applyToChildScopes\": false\r\n    },\r\n    \"parameters\": {\r\n      \"subId\": {\r\n        \"value\": \"4ce8c9fe-cadc-47d6-9c76-335812fd59df\",\r\n        \"type\": \"String\"\r\n      },\r\n      \"policyDefinitionName\": {\r\n        \"value\": \"PSCmdletTestPolicy476223\",\r\n        \"type\": \"String\"\r\n      },\r\n      \"moduleName\": {\r\n        \"value\": \"stacksMGtestmod\",\r\n        \"type\": \"String\"\r\n      }\r\n    },\r\n    \"templateLink\": {\r\n      \"id\": \"/subscriptions/a1bfa635-f2bf-42f1-86b5-848c674fc321/resourceGroups/ps5760/providers/Microsoft.Resources/templateSpecs/ps7975/versions/v1\"\r\n    },\r\n    \"resources\": [],\r\n    \"provisioningState\": \"deploying\",\r\n    \"detachedResources\": [],\r\n    \"deletedResources\": [],\r\n    \"failedResources\": []\r\n  },\r\n  \"systemData\": {\r\n    \"createdBy\": \"546094f3-32fa-493c-824c-bd9575b0d2fe\",\r\n    \"createdByType\": \"Application\",\r\n    \"createdAt\": \"2024-02-27T19:39:20.3089874Z\",\r\n    \"lastModifiedBy\": \"546094f3-32fa-493c-824c-bd9575b0d2fe\",\r\n    \"lastModifiedByType\": \"Application\",\r\n    \"lastModifiedAt\": \"2024-02-27T19:39:20.3089874Z\"\r\n  },\r\n  \"id\": \"/providers/Microsoft.Management/managementGroups/AzBlueprintAssignTest/providers/Microsoft.Resources/deploymentStacks/ps2773\",\r\n  \"type\": \"Microsoft.Resources/deploymentStacks\",\r\n  \"name\": \"ps2773\"\r\n}",
      "StatusCode": 200
    },
    {
      "RequestUri": "/providers/Microsoft.Management/managementGroups/AzBlueprintAssignTest/providers/Microsoft.Resources/deploymentStacks/ps2773?api-version=2022-08-01-preview",
      "EncodedRequestUri": "L3Byb3ZpZGVycy9NaWNyb3NvZnQuTWFuYWdlbWVudC9tYW5hZ2VtZW50R3JvdXBzL0F6Qmx1ZXByaW50QXNzaWduVGVzdC9wcm92aWRlcnMvTWljcm9zb2Z0LlJlc291cmNlcy9kZXBsb3ltZW50U3RhY2tzL3BzMjc3Mz9hcGktdmVyc2lvbj0yMDIyLTA4LTAxLXByZXZpZXc=",
      "RequestMethod": "GET",
      "RequestHeaders": {
        "x-ms-client-request-id": [
          "1bbf376c-f2fe-47d5-a87c-ba403e1cbd1e"
        ],
        "Accept-Language": [
          "en-US"
        ],
        "User-Agent": [
          "FxVersion/6.0.2724.6912",
          "OSName/Windows",
          "OSVersion/Microsoft.Windows.10.0.22621",
          "Microsoft.Azure.Management.Resources.DeploymentStacksClient/6.15.1"
        ]
      },
      "RequestBody": "",
      "ResponseHeaders": {
        "Cache-Control": [
          "no-cache"
        ],
        "Pragma": [
          "no-cache"
        ],
        "x-ms-request-id": [
          "8f9ad26f-25f3-4a60-bbde-7274ad1ef47d"
        ],
        "x-ms-ratelimit-remaining-tenant-reads": [
          "11999"
        ],
        "x-ms-correlation-request-id": [
          "5c5bead2-5783-4651-b641-18548fa7217b"
        ],
        "x-ms-routing-request-id": [
          "WESTUS:20240227T193945Z:5c5bead2-5783-4651-b641-18548fa7217b"
        ],
        "Strict-Transport-Security": [
          "max-age=31536000; includeSubDomains"
        ],
        "X-Content-Type-Options": [
          "nosniff"
        ],
        "X-Cache": [
          "CONFIG_NOCACHE"
        ],
        "X-MSEdge-Ref": [
          "Ref A: 79790CBE61D046F688F36210E6ED226D Ref B: SJC211051204049 Ref C: 2024-02-27T19:39:45Z"
        ],
        "Date": [
          "Tue, 27 Feb 2024 19:39:45 GMT"
        ],
        "Content-Length": [
          "1716"
        ],
        "Content-Type": [
          "application/json; charset=utf-8"
        ],
        "Expires": [
          "-1"
        ],
        "Retry-After": [
          "0"
        ]
      },
      "ResponseBody": "{\r\n  \"location\": \"westus2\",\r\n  \"properties\": {\r\n    \"actionOnUnmanage\": {\r\n      \"resources\": \"detach\",\r\n      \"resourceGroups\": \"detach\",\r\n      \"managementGroups\": \"detach\"\r\n    },\r\n    \"deploymentId\": \"/subscriptions/a1bfa635-f2bf-42f1-86b5-848c674fc321/providers/Microsoft.Resources/deployments/ps2773-24022719bijzl\",\r\n    \"deploymentScope\": \"/subscriptions/a1bfa635-f2bf-42f1-86b5-848c674fc321\",\r\n    \"denySettings\": {\r\n      \"mode\": \"none\",\r\n      \"applyToChildScopes\": false\r\n    },\r\n    \"parameters\": {\r\n      \"subId\": {\r\n        \"value\": \"4ce8c9fe-cadc-47d6-9c76-335812fd59df\",\r\n        \"type\": \"String\"\r\n      },\r\n      \"policyDefinitionName\": {\r\n        \"value\": \"PSCmdletTestPolicy476223\",\r\n        \"type\": \"String\"\r\n      },\r\n      \"moduleName\": {\r\n        \"value\": \"stacksMGtestmod\",\r\n        \"type\": \"String\"\r\n      }\r\n    },\r\n    \"templateLink\": {\r\n      \"id\": \"/subscriptions/a1bfa635-f2bf-42f1-86b5-848c674fc321/resourceGroups/ps5760/providers/Microsoft.Resources/templateSpecs/ps7975/versions/v1\"\r\n    },\r\n    \"resources\": [],\r\n    \"provisioningState\": \"deploying\",\r\n    \"detachedResources\": [],\r\n    \"deletedResources\": [],\r\n    \"failedResources\": []\r\n  },\r\n  \"systemData\": {\r\n    \"createdBy\": \"546094f3-32fa-493c-824c-bd9575b0d2fe\",\r\n    \"createdByType\": \"Application\",\r\n    \"createdAt\": \"2024-02-27T19:39:20.3089874Z\",\r\n    \"lastModifiedBy\": \"546094f3-32fa-493c-824c-bd9575b0d2fe\",\r\n    \"lastModifiedByType\": \"Application\",\r\n    \"lastModifiedAt\": \"2024-02-27T19:39:20.3089874Z\"\r\n  },\r\n  \"id\": \"/providers/Microsoft.Management/managementGroups/AzBlueprintAssignTest/providers/Microsoft.Resources/deploymentStacks/ps2773\",\r\n  \"type\": \"Microsoft.Resources/deploymentStacks\",\r\n  \"name\": \"ps2773\"\r\n}",
      "StatusCode": 200
    },
    {
      "RequestUri": "/providers/Microsoft.Management/managementGroups/AzBlueprintAssignTest/providers/Microsoft.Resources/deploymentStacks/ps2773?api-version=2022-08-01-preview",
      "EncodedRequestUri": "L3Byb3ZpZGVycy9NaWNyb3NvZnQuTWFuYWdlbWVudC9tYW5hZ2VtZW50R3JvdXBzL0F6Qmx1ZXByaW50QXNzaWduVGVzdC9wcm92aWRlcnMvTWljcm9zb2Z0LlJlc291cmNlcy9kZXBsb3ltZW50U3RhY2tzL3BzMjc3Mz9hcGktdmVyc2lvbj0yMDIyLTA4LTAxLXByZXZpZXc=",
      "RequestMethod": "GET",
      "RequestHeaders": {
        "x-ms-client-request-id": [
          "1bbf376c-f2fe-47d5-a87c-ba403e1cbd1e"
        ],
        "Accept-Language": [
          "en-US"
        ],
        "User-Agent": [
          "FxVersion/6.0.2724.6912",
          "OSName/Windows",
          "OSVersion/Microsoft.Windows.10.0.22621",
          "Microsoft.Azure.Management.Resources.DeploymentStacksClient/6.15.1"
        ]
      },
      "RequestBody": "",
      "ResponseHeaders": {
        "Cache-Control": [
          "no-cache"
        ],
        "Pragma": [
          "no-cache"
        ],
        "x-ms-request-id": [
          "942ac9a8-b85a-42b8-90da-2769cd7fc3da"
        ],
        "x-ms-ratelimit-remaining-tenant-reads": [
          "11999"
        ],
        "x-ms-correlation-request-id": [
          "80ff3009-1ae5-459c-9662-747a26c8afc0"
        ],
        "x-ms-routing-request-id": [
          "WESTUS:20240227T193950Z:80ff3009-1ae5-459c-9662-747a26c8afc0"
        ],
        "Strict-Transport-Security": [
          "max-age=31536000; includeSubDomains"
        ],
        "X-Content-Type-Options": [
          "nosniff"
        ],
        "X-Cache": [
          "CONFIG_NOCACHE"
        ],
        "X-MSEdge-Ref": [
          "Ref A: A792FAAA8F5E429C882EFB2DC2B98A5F Ref B: SJC211051204049 Ref C: 2024-02-27T19:39:50Z"
        ],
        "Date": [
          "Tue, 27 Feb 2024 19:39:50 GMT"
        ],
        "Content-Length": [
          "1979"
        ],
        "Content-Type": [
          "application/json; charset=utf-8"
        ],
        "Expires": [
          "-1"
        ],
        "Retry-After": [
          "0"
        ]
      },
      "ResponseBody": "{\r\n  \"location\": \"westus2\",\r\n  \"properties\": {\r\n    \"actionOnUnmanage\": {\r\n      \"resources\": \"detach\",\r\n      \"resourceGroups\": \"detach\",\r\n      \"managementGroups\": \"detach\"\r\n    },\r\n    \"deploymentId\": \"/subscriptions/a1bfa635-f2bf-42f1-86b5-848c674fc321/providers/Microsoft.Resources/deployments/ps2773-24022719bijzl\",\r\n    \"deploymentScope\": \"/subscriptions/a1bfa635-f2bf-42f1-86b5-848c674fc321\",\r\n    \"duration\": \"PT29.18496S\",\r\n    \"denySettings\": {\r\n      \"mode\": \"none\",\r\n      \"applyToChildScopes\": false\r\n    },\r\n    \"parameters\": {\r\n      \"subId\": {\r\n        \"value\": \"4ce8c9fe-cadc-47d6-9c76-335812fd59df\",\r\n        \"type\": \"String\"\r\n      },\r\n      \"policyDefinitionName\": {\r\n        \"value\": \"PSCmdletTestPolicy476223\",\r\n        \"type\": \"String\"\r\n      },\r\n      \"moduleName\": {\r\n        \"value\": \"stacksMGtestmod\",\r\n        \"type\": \"String\"\r\n      }\r\n    },\r\n    \"templateLink\": {\r\n      \"id\": \"/subscriptions/a1bfa635-f2bf-42f1-86b5-848c674fc321/resourceGroups/ps5760/providers/Microsoft.Resources/templateSpecs/ps7975/versions/v1\"\r\n    },\r\n    \"resources\": [\r\n      {\r\n        \"status\": \"managed\",\r\n        \"denyStatus\": \"none\",\r\n        \"id\": \"/subscriptions/4ce8c9fe-cadc-47d6-9c76-335812fd59df/providers/Microsoft.Authorization/policyDefinitions/PSCmdletTestPolicy476223\"\r\n      }\r\n    ],\r\n    \"provisioningState\": \"succeeded\",\r\n    \"detachedResources\": [],\r\n    \"deletedResources\": [],\r\n    \"failedResources\": []\r\n  },\r\n  \"systemData\": {\r\n    \"createdBy\": \"546094f3-32fa-493c-824c-bd9575b0d2fe\",\r\n    \"createdByType\": \"Application\",\r\n    \"createdAt\": \"2024-02-27T19:39:20.3089874Z\",\r\n    \"lastModifiedBy\": \"546094f3-32fa-493c-824c-bd9575b0d2fe\",\r\n    \"lastModifiedByType\": \"Application\",\r\n    \"lastModifiedAt\": \"2024-02-27T19:39:20.3089874Z\"\r\n  },\r\n  \"id\": \"/providers/Microsoft.Management/managementGroups/AzBlueprintAssignTest/providers/Microsoft.Resources/deploymentStacks/ps2773\",\r\n  \"type\": \"Microsoft.Resources/deploymentStacks\",\r\n  \"name\": \"ps2773\"\r\n}",
      "StatusCode": 200
    },
    {
      "RequestUri": "/providers/Microsoft.Management/managementGroups/AzBlueprintAssignTest/providers/Microsoft.Resources/deploymentStacks/ps2773?api-version=2022-08-01-preview",
      "EncodedRequestUri": "L3Byb3ZpZGVycy9NaWNyb3NvZnQuTWFuYWdlbWVudC9tYW5hZ2VtZW50R3JvdXBzL0F6Qmx1ZXByaW50QXNzaWduVGVzdC9wcm92aWRlcnMvTWljcm9zb2Z0LlJlc291cmNlcy9kZXBsb3ltZW50U3RhY2tzL3BzMjc3Mz9hcGktdmVyc2lvbj0yMDIyLTA4LTAxLXByZXZpZXc=",
      "RequestMethod": "GET",
      "RequestHeaders": {
        "x-ms-client-request-id": [
          "a3114ad4-92e9-4a91-abcb-3d0958bc2b2f"
        ],
        "Accept-Language": [
          "en-US"
        ],
        "User-Agent": [
          "FxVersion/6.0.2724.6912",
          "OSName/Windows",
          "OSVersion/Microsoft.Windows.10.0.22621",
          "Microsoft.Azure.Management.Resources.DeploymentStacksClient/6.15.1"
        ]
      },
      "RequestBody": "",
      "ResponseHeaders": {
        "Cache-Control": [
          "no-cache"
        ],
        "Pragma": [
          "no-cache"
        ],
        "x-ms-request-id": [
          "db7a7cca-56df-4ff4-bcc0-828d60f9be1d"
        ],
        "x-ms-ratelimit-remaining-tenant-reads": [
          "11999"
        ],
        "x-ms-correlation-request-id": [
          "29d97458-a2a9-4198-81e1-5f5b88b0f954"
        ],
        "x-ms-routing-request-id": [
          "WESTUS:20240227T193951Z:29d97458-a2a9-4198-81e1-5f5b88b0f954"
        ],
        "Strict-Transport-Security": [
          "max-age=31536000; includeSubDomains"
        ],
        "X-Content-Type-Options": [
          "nosniff"
        ],
        "X-Cache": [
          "CONFIG_NOCACHE"
        ],
        "X-MSEdge-Ref": [
          "Ref A: 94B58DE220F543758BB1305F1469668F Ref B: SJC211051204045 Ref C: 2024-02-27T19:39:51Z"
        ],
        "Date": [
          "Tue, 27 Feb 2024 19:39:51 GMT"
        ],
        "Content-Length": [
          "1979"
        ],
        "Content-Type": [
          "application/json; charset=utf-8"
        ],
        "Expires": [
          "-1"
        ],
        "Retry-After": [
          "0"
        ]
      },
      "ResponseBody": "{\r\n  \"location\": \"westus2\",\r\n  \"properties\": {\r\n    \"actionOnUnmanage\": {\r\n      \"resources\": \"detach\",\r\n      \"resourceGroups\": \"detach\",\r\n      \"managementGroups\": \"detach\"\r\n    },\r\n    \"deploymentId\": \"/subscriptions/a1bfa635-f2bf-42f1-86b5-848c674fc321/providers/Microsoft.Resources/deployments/ps2773-24022719bijzl\",\r\n    \"deploymentScope\": \"/subscriptions/a1bfa635-f2bf-42f1-86b5-848c674fc321\",\r\n    \"duration\": \"PT29.18496S\",\r\n    \"denySettings\": {\r\n      \"mode\": \"none\",\r\n      \"applyToChildScopes\": false\r\n    },\r\n    \"parameters\": {\r\n      \"subId\": {\r\n        \"value\": \"4ce8c9fe-cadc-47d6-9c76-335812fd59df\",\r\n        \"type\": \"String\"\r\n      },\r\n      \"policyDefinitionName\": {\r\n        \"value\": \"PSCmdletTestPolicy476223\",\r\n        \"type\": \"String\"\r\n      },\r\n      \"moduleName\": {\r\n        \"value\": \"stacksMGtestmod\",\r\n        \"type\": \"String\"\r\n      }\r\n    },\r\n    \"templateLink\": {\r\n      \"id\": \"/subscriptions/a1bfa635-f2bf-42f1-86b5-848c674fc321/resourceGroups/ps5760/providers/Microsoft.Resources/templateSpecs/ps7975/versions/v1\"\r\n    },\r\n    \"resources\": [\r\n      {\r\n        \"status\": \"managed\",\r\n        \"denyStatus\": \"none\",\r\n        \"id\": \"/subscriptions/4ce8c9fe-cadc-47d6-9c76-335812fd59df/providers/Microsoft.Authorization/policyDefinitions/PSCmdletTestPolicy476223\"\r\n      }\r\n    ],\r\n    \"provisioningState\": \"succeeded\",\r\n    \"detachedResources\": [],\r\n    \"deletedResources\": [],\r\n    \"failedResources\": []\r\n  },\r\n  \"systemData\": {\r\n    \"createdBy\": \"546094f3-32fa-493c-824c-bd9575b0d2fe\",\r\n    \"createdByType\": \"Application\",\r\n    \"createdAt\": \"2024-02-27T19:39:20.3089874Z\",\r\n    \"lastModifiedBy\": \"546094f3-32fa-493c-824c-bd9575b0d2fe\",\r\n    \"lastModifiedByType\": \"Application\",\r\n    \"lastModifiedAt\": \"2024-02-27T19:39:20.3089874Z\"\r\n  },\r\n  \"id\": \"/providers/Microsoft.Management/managementGroups/AzBlueprintAssignTest/providers/Microsoft.Resources/deploymentStacks/ps2773\",\r\n  \"type\": \"Microsoft.Resources/deploymentStacks\",\r\n  \"name\": \"ps2773\"\r\n}",
      "StatusCode": 200
    },
    {
      "RequestUri": "/providers/Microsoft.Management/managementGroups/AzBlueprintAssignTest/providers/Microsoft.Resources/deploymentStacks/ps2773?api-version=2022-08-01-preview",
      "EncodedRequestUri": "L3Byb3ZpZGVycy9NaWNyb3NvZnQuTWFuYWdlbWVudC9tYW5hZ2VtZW50R3JvdXBzL0F6Qmx1ZXByaW50QXNzaWduVGVzdC9wcm92aWRlcnMvTWljcm9zb2Z0LlJlc291cmNlcy9kZXBsb3ltZW50U3RhY2tzL3BzMjc3Mz9hcGktdmVyc2lvbj0yMDIyLTA4LTAxLXByZXZpZXc=",
      "RequestMethod": "GET",
      "RequestHeaders": {
        "x-ms-client-request-id": [
          "a3114ad4-92e9-4a91-abcb-3d0958bc2b2f"
        ],
        "Accept-Language": [
          "en-US"
        ],
        "User-Agent": [
          "FxVersion/6.0.2724.6912",
          "OSName/Windows",
          "OSVersion/Microsoft.Windows.10.0.22621",
          "Microsoft.Azure.Management.Resources.DeploymentStacksClient/6.15.1"
        ]
      },
      "RequestBody": "",
      "ResponseHeaders": {
        "Cache-Control": [
          "no-cache"
        ],
        "Pragma": [
          "no-cache"
        ],
        "x-ms-request-id": [
          "d34e8404-2a56-4397-afbd-3a3a9b6b241b"
        ],
        "x-ms-ratelimit-remaining-tenant-reads": [
          "11999"
        ],
        "x-ms-correlation-request-id": [
          "a7002e90-3d6f-48c7-9b6b-fcfcfbdc8154"
        ],
        "x-ms-routing-request-id": [
          "WESTUS:20240227T193957Z:a7002e90-3d6f-48c7-9b6b-fcfcfbdc8154"
        ],
        "Strict-Transport-Security": [
          "max-age=31536000; includeSubDomains"
        ],
        "X-Content-Type-Options": [
          "nosniff"
        ],
        "X-Cache": [
          "CONFIG_NOCACHE"
        ],
        "X-MSEdge-Ref": [
          "Ref A: A4A0A08872984B1299B06B4468C23BE4 Ref B: SJC211051204045 Ref C: 2024-02-27T19:39:57Z"
        ],
        "Date": [
          "Tue, 27 Feb 2024 19:39:57 GMT"
        ],
        "Content-Length": [
          "1716"
        ],
        "Content-Type": [
          "application/json; charset=utf-8"
        ],
        "Expires": [
          "-1"
        ],
        "Retry-After": [
          "0"
        ]
      },
      "ResponseBody": "{\r\n  \"location\": \"westus2\",\r\n  \"properties\": {\r\n    \"actionOnUnmanage\": {\r\n      \"resources\": \"detach\",\r\n      \"resourceGroups\": \"detach\",\r\n      \"managementGroups\": \"detach\"\r\n    },\r\n    \"deploymentId\": \"/subscriptions/a1bfa635-f2bf-42f1-86b5-848c674fc321/providers/Microsoft.Resources/deployments/ps2773-24022719bnzwi\",\r\n    \"deploymentScope\": \"/subscriptions/a1bfa635-f2bf-42f1-86b5-848c674fc321\",\r\n    \"denySettings\": {\r\n      \"mode\": \"none\",\r\n      \"applyToChildScopes\": false\r\n    },\r\n    \"parameters\": {\r\n      \"subId\": {\r\n        \"value\": \"4ce8c9fe-cadc-47d6-9c76-335812fd59df\",\r\n        \"type\": \"String\"\r\n      },\r\n      \"policyDefinitionName\": {\r\n        \"value\": \"PSCmdletTestPolicy476223\",\r\n        \"type\": \"String\"\r\n      },\r\n      \"moduleName\": {\r\n        \"value\": \"stacksMGtestmod\",\r\n        \"type\": \"String\"\r\n      }\r\n    },\r\n    \"templateLink\": {\r\n      \"id\": \"/subscriptions/a1bfa635-f2bf-42f1-86b5-848c674fc321/resourceGroups/ps5760/providers/Microsoft.Resources/templateSpecs/ps7975/versions/v1\"\r\n    },\r\n    \"resources\": [],\r\n    \"provisioningState\": \"deploying\",\r\n    \"detachedResources\": [],\r\n    \"deletedResources\": [],\r\n    \"failedResources\": []\r\n  },\r\n  \"systemData\": {\r\n    \"createdBy\": \"546094f3-32fa-493c-824c-bd9575b0d2fe\",\r\n    \"createdByType\": \"Application\",\r\n    \"createdAt\": \"2024-02-27T19:39:20.3089874Z\",\r\n    \"lastModifiedBy\": \"546094f3-32fa-493c-824c-bd9575b0d2fe\",\r\n    \"lastModifiedByType\": \"Application\",\r\n    \"lastModifiedAt\": \"2024-02-27T19:39:51.6787489Z\"\r\n  },\r\n  \"id\": \"/providers/Microsoft.Management/managementGroups/AzBlueprintAssignTest/providers/Microsoft.Resources/deploymentStacks/ps2773\",\r\n  \"type\": \"Microsoft.Resources/deploymentStacks\",\r\n  \"name\": \"ps2773\"\r\n}",
      "StatusCode": 200
    },
    {
      "RequestUri": "/providers/Microsoft.Management/managementGroups/AzBlueprintAssignTest/providers/Microsoft.Resources/deploymentStacks/ps2773?api-version=2022-08-01-preview",
      "EncodedRequestUri": "L3Byb3ZpZGVycy9NaWNyb3NvZnQuTWFuYWdlbWVudC9tYW5hZ2VtZW50R3JvdXBzL0F6Qmx1ZXByaW50QXNzaWduVGVzdC9wcm92aWRlcnMvTWljcm9zb2Z0LlJlc291cmNlcy9kZXBsb3ltZW50U3RhY2tzL3BzMjc3Mz9hcGktdmVyc2lvbj0yMDIyLTA4LTAxLXByZXZpZXc=",
      "RequestMethod": "GET",
      "RequestHeaders": {
        "x-ms-client-request-id": [
          "a3114ad4-92e9-4a91-abcb-3d0958bc2b2f"
        ],
        "Accept-Language": [
          "en-US"
        ],
        "User-Agent": [
          "FxVersion/6.0.2724.6912",
          "OSName/Windows",
          "OSVersion/Microsoft.Windows.10.0.22621",
          "Microsoft.Azure.Management.Resources.DeploymentStacksClient/6.15.1"
        ]
      },
      "RequestBody": "",
      "ResponseHeaders": {
        "Cache-Control": [
          "no-cache"
        ],
        "Pragma": [
          "no-cache"
        ],
        "x-ms-request-id": [
          "4beff1a6-dc55-42d7-9dde-e08db467ddd5"
        ],
        "x-ms-ratelimit-remaining-tenant-reads": [
          "11999"
        ],
        "x-ms-correlation-request-id": [
          "3b0174f3-7dec-4e83-8c3a-6cc745d55815"
        ],
        "x-ms-routing-request-id": [
          "WESTUS:20240227T194017Z:3b0174f3-7dec-4e83-8c3a-6cc745d55815"
        ],
        "Strict-Transport-Security": [
          "max-age=31536000; includeSubDomains"
        ],
        "X-Content-Type-Options": [
          "nosniff"
        ],
        "X-Cache": [
          "CONFIG_NOCACHE"
        ],
        "X-MSEdge-Ref": [
          "Ref A: EA0D3176461341ACB61C019FCF0FCA5C Ref B: SJC211051204045 Ref C: 2024-02-27T19:40:17Z"
        ],
        "Date": [
          "Tue, 27 Feb 2024 19:40:17 GMT"
        ],
        "Content-Length": [
          "1981"
        ],
        "Content-Type": [
          "application/json; charset=utf-8"
        ],
        "Expires": [
          "-1"
        ],
        "Retry-After": [
          "0"
        ]
      },
      "ResponseBody": "{\r\n  \"location\": \"westus2\",\r\n  \"properties\": {\r\n    \"actionOnUnmanage\": {\r\n      \"resources\": \"detach\",\r\n      \"resourceGroups\": \"detach\",\r\n      \"managementGroups\": \"detach\"\r\n    },\r\n    \"deploymentId\": \"/subscriptions/a1bfa635-f2bf-42f1-86b5-848c674fc321/providers/Microsoft.Resources/deployments/ps2773-24022719bnzwi\",\r\n    \"deploymentScope\": \"/subscriptions/a1bfa635-f2bf-42f1-86b5-848c674fc321\",\r\n    \"duration\": \"PT21.2268344S\",\r\n    \"denySettings\": {\r\n      \"mode\": \"none\",\r\n      \"applyToChildScopes\": false\r\n    },\r\n    \"parameters\": {\r\n      \"subId\": {\r\n        \"value\": \"4ce8c9fe-cadc-47d6-9c76-335812fd59df\",\r\n        \"type\": \"String\"\r\n      },\r\n      \"policyDefinitionName\": {\r\n        \"value\": \"PSCmdletTestPolicy476223\",\r\n        \"type\": \"String\"\r\n      },\r\n      \"moduleName\": {\r\n        \"value\": \"stacksMGtestmod\",\r\n        \"type\": \"String\"\r\n      }\r\n    },\r\n    \"templateLink\": {\r\n      \"id\": \"/subscriptions/a1bfa635-f2bf-42f1-86b5-848c674fc321/resourceGroups/ps5760/providers/Microsoft.Resources/templateSpecs/ps7975/versions/v1\"\r\n    },\r\n    \"resources\": [\r\n      {\r\n        \"status\": \"managed\",\r\n        \"denyStatus\": \"none\",\r\n        \"id\": \"/subscriptions/4ce8c9fe-cadc-47d6-9c76-335812fd59df/providers/Microsoft.Authorization/policyDefinitions/PSCmdletTestPolicy476223\"\r\n      }\r\n    ],\r\n    \"provisioningState\": \"succeeded\",\r\n    \"detachedResources\": [],\r\n    \"deletedResources\": [],\r\n    \"failedResources\": []\r\n  },\r\n  \"systemData\": {\r\n    \"createdBy\": \"546094f3-32fa-493c-824c-bd9575b0d2fe\",\r\n    \"createdByType\": \"Application\",\r\n    \"createdAt\": \"2024-02-27T19:39:20.3089874Z\",\r\n    \"lastModifiedBy\": \"546094f3-32fa-493c-824c-bd9575b0d2fe\",\r\n    \"lastModifiedByType\": \"Application\",\r\n    \"lastModifiedAt\": \"2024-02-27T19:39:51.6787489Z\"\r\n  },\r\n  \"id\": \"/providers/Microsoft.Management/managementGroups/AzBlueprintAssignTest/providers/Microsoft.Resources/deploymentStacks/ps2773\",\r\n  \"type\": \"Microsoft.Resources/deploymentStacks\",\r\n  \"name\": \"ps2773\"\r\n}",
      "StatusCode": 200
    },
    {
      "RequestUri": "/providers/Microsoft.Management/managementGroups/AzBlueprintAssignTest/providers/Microsoft.Resources/deploymentStacks/ps2773?api-version=2022-08-01-preview",
      "EncodedRequestUri": "L3Byb3ZpZGVycy9NaWNyb3NvZnQuTWFuYWdlbWVudC9tYW5hZ2VtZW50R3JvdXBzL0F6Qmx1ZXByaW50QXNzaWduVGVzdC9wcm92aWRlcnMvTWljcm9zb2Z0LlJlc291cmNlcy9kZXBsb3ltZW50U3RhY2tzL3BzMjc3Mz9hcGktdmVyc2lvbj0yMDIyLTA4LTAxLXByZXZpZXc=",
      "RequestMethod": "PUT",
      "RequestHeaders": {
        "x-ms-client-request-id": [
          "1bbf376c-f2fe-47d5-a87c-ba403e1cbd1e"
        ],
        "Accept-Language": [
          "en-US"
        ],
        "User-Agent": [
          "FxVersion/6.0.2724.6912",
          "OSName/Windows",
          "OSVersion/Microsoft.Windows.10.0.22621",
          "Microsoft.Azure.Management.Resources.DeploymentStacksClient/6.15.1"
        ],
        "Content-Type": [
          "application/json; charset=utf-8"
        ],
        "Content-Length": [
          "812"
        ]
      },
      "RequestBody": "{\r\n  \"location\": \"West US 2\",\r\n  \"properties\": {\r\n    \"templateLink\": {\r\n      \"id\": \"/subscriptions/a1bfa635-f2bf-42f1-86b5-848c674fc321/resourceGroups/ps5760/providers/Microsoft.Resources/templateSpecs/ps7975/versions/v1\"\r\n    },\r\n    \"parameters\": {\r\n      \"subId\": {\r\n        \"value\": \"4ce8c9fe-cadc-47d6-9c76-335812fd59df\"\r\n      },\r\n      \"policyDefinitionName\": {\r\n        \"value\": \"PSCmdletTestPolicy476223\"\r\n      },\r\n      \"moduleName\": {\r\n        \"value\": \"stacksMGtestmod\"\r\n      }\r\n    },\r\n    \"actionOnUnmanage\": {\r\n      \"resources\": \"detach\",\r\n      \"resourceGroups\": \"detach\",\r\n      \"managementGroups\": \"detach\"\r\n    },\r\n    \"deploymentScope\": \"/subscriptions/a1bfa635-f2bf-42f1-86b5-848c674fc321\",\r\n    \"denySettings\": {\r\n      \"mode\": \"None\",\r\n      \"applyToChildScopes\": false\r\n    }\r\n  }\r\n}",
      "ResponseHeaders": {
        "Cache-Control": [
          "no-cache"
        ],
        "Pragma": [
          "no-cache"
        ],
        "Retry-After": [
          "0"
        ],
        "Azure-AsyncOperation": [
          "https://management.azure.com/providers/Microsoft.Resources/locations/westus2/deploymentStackOperationStatus/21d9037c-1fc9-4654-a264-b477c32b7e2a?api-version=2022-08-01-preview&t=638446595612777458&c=MIIHADCCBeigAwIBAgITfARnJNBquoML0OGeGQAABGck0DANBgkqhkiG9w0BAQsFADBEMRMwEQYKCZImiZPyLGQBGRYDR0JMMRMwEQYKCZImiZPyLGQBGRYDQU1FMRgwFgYDVQQDEw9BTUUgSW5mcmEgQ0EgMDUwHhcNMjQwMjAxMjAwMjM1WhcNMjUwMTI2MjAwMjM1WjBAMT4wPAYDVQQDEzVhc3luY29wZXJhdGlvbnNpZ25pbmdjZXJ0aWZpY2F0ZS5tYW5hZ2VtZW50LmF6dXJlLmNvbTCCASIwDQYJKoZIhvcNAQEBBQADggEPADCCAQoCggEBAMnjcJSudd5JiagCaO5L0tH9LHCwY_7Ckh7DuLuAEwTMuo1Tb9GahjQRXuBukNCRgQ6f58Xor0k2pYaRt3RUtnt-CmojofFxsp-hrVyQDhP0xkJ5GIrmJ6tZJJFXgoHW5h43ftb6F88cdehlofXBbjpemGdtFpGaINH4e8DcZAt21iMn9yOr0Tmg-z_2Ixj-TaVP7ttPQcKYAo1eiepXwMCT-I4ty_aieF4Qk_MxoPqnnypdMzIThkixWJRCEQvpYHwnbQQw5uyPgEAxKjHjERG2nlO2EIX7lGH_1fEojEYKGj84-8gHXFveahRVa6ZPij7XMWfXQZWdo2aj6sMRX8UCAwEAAaOCA-0wggPpMCcGCSsGAQQBgjcVCgQaMBgwCgYIKwYBBQUHAwEwCgYIKwYBBQUHAwIwPQYJKwYBBAGCNxUHBDAwLgYmKwYBBAGCNxUIhpDjDYTVtHiE8Ys-hZvdFs6dEoFggvX2K4Py0SACAWQCAQowggHLBggrBgEFBQcBAQSCAb0wggG5MGMGCCsGAQUFBzAChldodHRwOi8vY3JsLm1pY3Jvc29mdC5jb20vcGtpaW5mcmEvQ2VydHMvQ08xUEtJSU5UQ0EwMS5BTUUuR0JMX0FNRSUyMEluZnJhJTIwQ0ElMjAwNS5jcnQwUwYIKwYBBQUHMAKGR2h0dHA6Ly9jcmwxLmFtZS5nYmwvYWlhL0NPMVBLSUlOVENBMDEuQU1FLkdCTF9BTUUlMjBJbmZyYSUyMENBJTIwMDUuY3J0MFMGCCsGAQUFBzAChkdodHRwOi8vY3JsMi5hbWUuZ2JsL2FpYS9DTzFQS0lJTlRDQTAxLkFNRS5HQkxfQU1FJTIwSW5mcmElMjBDQSUyMDA1LmNydDBTBggrBgEFBQcwAoZHaHR0cDovL2NybDMuYW1lLmdibC9haWEvQ08xUEtJSU5UQ0EwMS5BTUUuR0JMX0FNRSUyMEluZnJhJTIwQ0ElMjAwNS5jcnQwUwYIKwYBBQUHMAKGR2h0dHA6Ly9jcmw0LmFtZS5nYmwvYWlhL0NPMVBLSUlOVENBMDEuQU1FLkdCTF9BTUUlMjBJbmZyYSUyMENBJTIwMDUuY3J0MB0GA1UdDgQWBBQITL4rvpPHvyRi9mp1Xb66cjU50zAOBgNVHQ8BAf8EBAMCBaAwggEmBgNVHR8EggEdMIIBGTCCARWgggERoIIBDYY_aHR0cDovL2NybC5taWNyb3NvZnQuY29tL3BraWluZnJhL0NSTC9BTUUlMjBJbmZyYSUyMENBJTIwMDUuY3JshjFodHRwOi8vY3JsMS5hbWUuZ2JsL2NybC9BTUUlMjBJbmZyYSUyMENBJTIwMDUuY3JshjFodHRwOi8vY3JsMi5hbWUuZ2JsL2NybC9BTUUlMjBJbmZyYSUyMENBJTIwMDUuY3JshjFodHRwOi8vY3JsMy5hbWUuZ2JsL2NybC9BTUUlMjBJbmZyYSUyMENBJTIwMDUuY3JshjFodHRwOi8vY3JsNC5hbWUuZ2JsL2NybC9BTUUlMjBJbmZyYSUyMENBJTIwMDUuY3JsMBcGA1UdIAQQMA4wDAYKKwYBBAGCN3sBATAfBgNVHSMEGDAWgBR61hmFKHlscXYeYPjzS--iBUIWHTAdBgNVHSUEFjAUBggrBgEFBQcDAQYIKwYBBQUHAwIwDQYJKoZIhvcNAQELBQADggEBAF9wsVY5GPv3eQNDdOO3pX2IJsz5n5bMuVN0DqeMoBkFFfk4UWmFDChWzbFNYlcFaVFC2RHGlRYoa4Shec_5_9qIkBA7MbjW1rd15-n3LCXGb_SUGAoJ2QjX_OAXbzgS4slLZCIe0zJCKCEvv7NUTzNo6MvpD3KUxAAbKf7XDOl8hHVDhpJxr64cDohqGiLjy7aI6A_zY5ZWzQLMCd_WxuXu6eEc_faoOML9lugh1NkAR2tvKevlf-S2xAELwFyE3Dbrf_JFOuvA8Ny7J5Y47A5GopbtZljdnMXkGfpUECKiaY_q2iLrlSyhK0925bX4zz3LLD903HZectExoCXSYb0&s=q07kZ2lF1B_4telGthtySje2Ep9M4dTFuGfieF2QUAQzhBgbMPV9A-wtW_vMG0ftqww0UYPgPPpq76esGoWxuCAAMdqGYPn20IjI40gYsZQGHRcaWOzoa4wJyeGDr0XL-3_atrLcNJrlseGUSmn1XW3Tal9ummFF3aIyBX3OY0lqIsnL45WYOT4eoiOfDOqiBaZjaTqCtHz63du72Gyjw_hNtAP4pCLiXzmd6OyjGjByfe1n5ZjUFnW2LCghc4wbfvAlBmQlaF_VhKqX626cylvf_ao-Yx-wLB5PRv6TLiSfqrc7Q00pjxOqZYtU7Wb4bzodAf4PFhwmOWYCxfGv4g&h=TrmHHw2jMVR-2oEthSwqrgGds04w4v-3TxQoEO7XXXc"
        ],
        "x-ms-request-id": [
          "e06feaaa-fdcd-45ca-ad9f-64a864d01d2a"
        ],
        "x-ms-ratelimit-remaining-tenant-writes": [
          "1199"
        ],
        "x-ms-correlation-request-id": [
          "18128c1c-f60f-4896-b714-5bc9f623abec"
        ],
        "x-ms-routing-request-id": [
          "WESTUS:20240227T193921Z:18128c1c-f60f-4896-b714-5bc9f623abec"
        ],
        "Strict-Transport-Security": [
          "max-age=31536000; includeSubDomains"
        ],
        "X-Content-Type-Options": [
          "nosniff"
        ],
        "X-Cache": [
          "CONFIG_NOCACHE"
        ],
        "X-MSEdge-Ref": [
          "Ref A: 1F8165877C0347B2BD58517653EF71F8 Ref B: SJC211051204049 Ref C: 2024-02-27T19:39:20Z"
        ],
        "Date": [
          "Tue, 27 Feb 2024 19:39:20 GMT"
        ],
        "Content-Length": [
          "1337"
        ],
        "Content-Type": [
          "application/json; charset=utf-8"
        ],
        "Expires": [
          "-1"
        ]
      },
      "ResponseBody": "{\r\n  \"location\": \"westus2\",\r\n  \"properties\": {\r\n    \"actionOnUnmanage\": {\r\n      \"resources\": \"detach\",\r\n      \"resourceGroups\": \"detach\",\r\n      \"managementGroups\": \"detach\"\r\n    },\r\n    \"deploymentScope\": \"/subscriptions/a1bfa635-f2bf-42f1-86b5-848c674fc321\",\r\n    \"denySettings\": {\r\n      \"mode\": \"none\",\r\n      \"applyToChildScopes\": false\r\n    },\r\n    \"parameters\": {\r\n      \"subId\": {},\r\n      \"policyDefinitionName\": {},\r\n      \"moduleName\": {}\r\n    },\r\n    \"templateLink\": {\r\n      \"id\": \"/subscriptions/a1bfa635-f2bf-42f1-86b5-848c674fc321/resourceGroups/ps5760/providers/Microsoft.Resources/templateSpecs/ps7975/versions/v1\"\r\n    },\r\n    \"resources\": [],\r\n    \"provisioningState\": \"initializing\",\r\n    \"detachedResources\": [],\r\n    \"deletedResources\": [],\r\n    \"failedResources\": []\r\n  },\r\n  \"systemData\": {\r\n    \"createdBy\": \"546094f3-32fa-493c-824c-bd9575b0d2fe\",\r\n    \"createdByType\": \"Application\",\r\n    \"createdAt\": \"2024-02-27T19:39:20.3089874Z\",\r\n    \"lastModifiedBy\": \"546094f3-32fa-493c-824c-bd9575b0d2fe\",\r\n    \"lastModifiedByType\": \"Application\",\r\n    \"lastModifiedAt\": \"2024-02-27T19:39:20.3089874Z\"\r\n  },\r\n  \"id\": \"/providers/Microsoft.Management/managementGroups/AzBlueprintAssignTest/providers/Microsoft.Resources/deploymentStacks/ps2773\",\r\n  \"type\": \"Microsoft.Resources/deploymentStacks\",\r\n  \"name\": \"ps2773\"\r\n}",
      "StatusCode": 201
    },
    {
      "RequestUri": "/providers/Microsoft.Management/managementGroups/AzBlueprintAssignTest/providers/Microsoft.Resources/deploymentStacks/ps2773?api-version=2022-08-01-preview",
      "EncodedRequestUri": "L3Byb3ZpZGVycy9NaWNyb3NvZnQuTWFuYWdlbWVudC9tYW5hZ2VtZW50R3JvdXBzL0F6Qmx1ZXByaW50QXNzaWduVGVzdC9wcm92aWRlcnMvTWljcm9zb2Z0LlJlc291cmNlcy9kZXBsb3ltZW50U3RhY2tzL3BzMjc3Mz9hcGktdmVyc2lvbj0yMDIyLTA4LTAxLXByZXZpZXc=",
      "RequestMethod": "PUT",
      "RequestHeaders": {
        "x-ms-client-request-id": [
          "a3114ad4-92e9-4a91-abcb-3d0958bc2b2f"
        ],
        "Accept-Language": [
          "en-US"
        ],
        "User-Agent": [
          "FxVersion/6.0.2724.6912",
          "OSName/Windows",
          "OSVersion/Microsoft.Windows.10.0.22621",
          "Microsoft.Azure.Management.Resources.DeploymentStacksClient/6.15.1"
        ],
        "Content-Type": [
          "application/json; charset=utf-8"
        ],
        "Content-Length": [
          "812"
        ]
      },
      "RequestBody": "{\r\n  \"location\": \"West US 2\",\r\n  \"properties\": {\r\n    \"templateLink\": {\r\n      \"id\": \"/subscriptions/a1bfa635-f2bf-42f1-86b5-848c674fc321/resourceGroups/ps5760/providers/Microsoft.Resources/templateSpecs/ps7975/versions/v1\"\r\n    },\r\n    \"parameters\": {\r\n      \"subId\": {\r\n        \"value\": \"4ce8c9fe-cadc-47d6-9c76-335812fd59df\"\r\n      },\r\n      \"policyDefinitionName\": {\r\n        \"value\": \"PSCmdletTestPolicy476223\"\r\n      },\r\n      \"moduleName\": {\r\n        \"value\": \"stacksMGtestmod\"\r\n      }\r\n    },\r\n    \"actionOnUnmanage\": {\r\n      \"resources\": \"detach\",\r\n      \"resourceGroups\": \"detach\",\r\n      \"managementGroups\": \"detach\"\r\n    },\r\n    \"deploymentScope\": \"/subscriptions/a1bfa635-f2bf-42f1-86b5-848c674fc321\",\r\n    \"denySettings\": {\r\n      \"mode\": \"None\",\r\n      \"applyToChildScopes\": false\r\n    }\r\n  }\r\n}",
      "ResponseHeaders": {
        "Cache-Control": [
          "no-cache"
        ],
        "Pragma": [
          "no-cache"
        ],
        "Retry-After": [
          "0"
        ],
        "Azure-AsyncOperation": [
          "https://management.azure.com/providers/Microsoft.Resources/locations/westus2/deploymentStackOperationStatus/d3a0b2a6-fea1-43a1-9cb7-2558779ff851?api-version=2022-08-01-preview&t=638446595921318206&c=MIIHADCCBeigAwIBAgITfARnJNBquoML0OGeGQAABGck0DANBgkqhkiG9w0BAQsFADBEMRMwEQYKCZImiZPyLGQBGRYDR0JMMRMwEQYKCZImiZPyLGQBGRYDQU1FMRgwFgYDVQQDEw9BTUUgSW5mcmEgQ0EgMDUwHhcNMjQwMjAxMjAwMjM1WhcNMjUwMTI2MjAwMjM1WjBAMT4wPAYDVQQDEzVhc3luY29wZXJhdGlvbnNpZ25pbmdjZXJ0aWZpY2F0ZS5tYW5hZ2VtZW50LmF6dXJlLmNvbTCCASIwDQYJKoZIhvcNAQEBBQADggEPADCCAQoCggEBAMnjcJSudd5JiagCaO5L0tH9LHCwY_7Ckh7DuLuAEwTMuo1Tb9GahjQRXuBukNCRgQ6f58Xor0k2pYaRt3RUtnt-CmojofFxsp-hrVyQDhP0xkJ5GIrmJ6tZJJFXgoHW5h43ftb6F88cdehlofXBbjpemGdtFpGaINH4e8DcZAt21iMn9yOr0Tmg-z_2Ixj-TaVP7ttPQcKYAo1eiepXwMCT-I4ty_aieF4Qk_MxoPqnnypdMzIThkixWJRCEQvpYHwnbQQw5uyPgEAxKjHjERG2nlO2EIX7lGH_1fEojEYKGj84-8gHXFveahRVa6ZPij7XMWfXQZWdo2aj6sMRX8UCAwEAAaOCA-0wggPpMCcGCSsGAQQBgjcVCgQaMBgwCgYIKwYBBQUHAwEwCgYIKwYBBQUHAwIwPQYJKwYBBAGCNxUHBDAwLgYmKwYBBAGCNxUIhpDjDYTVtHiE8Ys-hZvdFs6dEoFggvX2K4Py0SACAWQCAQowggHLBggrBgEFBQcBAQSCAb0wggG5MGMGCCsGAQUFBzAChldodHRwOi8vY3JsLm1pY3Jvc29mdC5jb20vcGtpaW5mcmEvQ2VydHMvQ08xUEtJSU5UQ0EwMS5BTUUuR0JMX0FNRSUyMEluZnJhJTIwQ0ElMjAwNS5jcnQwUwYIKwYBBQUHMAKGR2h0dHA6Ly9jcmwxLmFtZS5nYmwvYWlhL0NPMVBLSUlOVENBMDEuQU1FLkdCTF9BTUUlMjBJbmZyYSUyMENBJTIwMDUuY3J0MFMGCCsGAQUFBzAChkdodHRwOi8vY3JsMi5hbWUuZ2JsL2FpYS9DTzFQS0lJTlRDQTAxLkFNRS5HQkxfQU1FJTIwSW5mcmElMjBDQSUyMDA1LmNydDBTBggrBgEFBQcwAoZHaHR0cDovL2NybDMuYW1lLmdibC9haWEvQ08xUEtJSU5UQ0EwMS5BTUUuR0JMX0FNRSUyMEluZnJhJTIwQ0ElMjAwNS5jcnQwUwYIKwYBBQUHMAKGR2h0dHA6Ly9jcmw0LmFtZS5nYmwvYWlhL0NPMVBLSUlOVENBMDEuQU1FLkdCTF9BTUUlMjBJbmZyYSUyMENBJTIwMDUuY3J0MB0GA1UdDgQWBBQITL4rvpPHvyRi9mp1Xb66cjU50zAOBgNVHQ8BAf8EBAMCBaAwggEmBgNVHR8EggEdMIIBGTCCARWgggERoIIBDYY_aHR0cDovL2NybC5taWNyb3NvZnQuY29tL3BraWluZnJhL0NSTC9BTUUlMjBJbmZyYSUyMENBJTIwMDUuY3JshjFodHRwOi8vY3JsMS5hbWUuZ2JsL2NybC9BTUUlMjBJbmZyYSUyMENBJTIwMDUuY3JshjFodHRwOi8vY3JsMi5hbWUuZ2JsL2NybC9BTUUlMjBJbmZyYSUyMENBJTIwMDUuY3JshjFodHRwOi8vY3JsMy5hbWUuZ2JsL2NybC9BTUUlMjBJbmZyYSUyMENBJTIwMDUuY3JshjFodHRwOi8vY3JsNC5hbWUuZ2JsL2NybC9BTUUlMjBJbmZyYSUyMENBJTIwMDUuY3JsMBcGA1UdIAQQMA4wDAYKKwYBBAGCN3sBATAfBgNVHSMEGDAWgBR61hmFKHlscXYeYPjzS--iBUIWHTAdBgNVHSUEFjAUBggrBgEFBQcDAQYIKwYBBQUHAwIwDQYJKoZIhvcNAQELBQADggEBAF9wsVY5GPv3eQNDdOO3pX2IJsz5n5bMuVN0DqeMoBkFFfk4UWmFDChWzbFNYlcFaVFC2RHGlRYoa4Shec_5_9qIkBA7MbjW1rd15-n3LCXGb_SUGAoJ2QjX_OAXbzgS4slLZCIe0zJCKCEvv7NUTzNo6MvpD3KUxAAbKf7XDOl8hHVDhpJxr64cDohqGiLjy7aI6A_zY5ZWzQLMCd_WxuXu6eEc_faoOML9lugh1NkAR2tvKevlf-S2xAELwFyE3Dbrf_JFOuvA8Ny7J5Y47A5GopbtZljdnMXkGfpUECKiaY_q2iLrlSyhK0925bX4zz3LLD903HZectExoCXSYb0&s=H7xumS4ujfKxebFLeiHzEpiR6Hr_948P_5DGyuF23rn4oLGKmwtLZrXLyk_13b0EKCBL--uqrFcVssEstG29oK9oTN4bUKJTPZqZR9tRBX2KJ-krkr-OOKU09n-0cHEsbE3pdLEFoBU3sh-oMHLQ6oYjTwzcvJmBRY96Sk9NGw4uMm1YKjlm2z6D4akwvnI9-mzeRTtWwX_tUk8C-GxpAm-umHir9DAsDVxTNc9sUj0d5B5kGNavEYD2RKD9wp_KJ_diqJqD1_KfOEp5MH6GccyjHB1mGnzfXDE0KG9E02Jwt2SzmSm6M_Y88R9wGgCyTiokHT1mqg6CPZoO68uonw&h=2-M2I4RBDTBlYkDwLywaBxAl1UXfiS2QulrJ99Girbo"
        ],
        "x-ms-request-id": [
          "334d57cd-00eb-4bc0-91f0-0185371dbef5"
        ],
        "x-ms-ratelimit-remaining-tenant-writes": [
          "1199"
        ],
        "x-ms-correlation-request-id": [
          "528a3b96-64fd-4c73-96e1-44401eccb38c"
        ],
        "x-ms-routing-request-id": [
          "WESTUS:20240227T193952Z:528a3b96-64fd-4c73-96e1-44401eccb38c"
        ],
        "Strict-Transport-Security": [
          "max-age=31536000; includeSubDomains"
        ],
        "X-Content-Type-Options": [
          "nosniff"
        ],
        "X-Cache": [
          "CONFIG_NOCACHE"
        ],
        "X-MSEdge-Ref": [
          "Ref A: 4B46CB74E36041E19CBC36101FF95E7A Ref B: SJC211051204045 Ref C: 2024-02-27T19:39:51Z"
        ],
        "Date": [
          "Tue, 27 Feb 2024 19:39:52 GMT"
        ],
        "Content-Length": [
          "1337"
        ],
        "Content-Type": [
          "application/json; charset=utf-8"
        ],
        "Expires": [
          "-1"
        ]
      },
      "ResponseBody": "{\r\n  \"location\": \"westus2\",\r\n  \"properties\": {\r\n    \"actionOnUnmanage\": {\r\n      \"resources\": \"detach\",\r\n      \"resourceGroups\": \"detach\",\r\n      \"managementGroups\": \"detach\"\r\n    },\r\n    \"deploymentScope\": \"/subscriptions/a1bfa635-f2bf-42f1-86b5-848c674fc321\",\r\n    \"denySettings\": {\r\n      \"mode\": \"none\",\r\n      \"applyToChildScopes\": false\r\n    },\r\n    \"parameters\": {\r\n      \"subId\": {},\r\n      \"policyDefinitionName\": {},\r\n      \"moduleName\": {}\r\n    },\r\n    \"templateLink\": {\r\n      \"id\": \"/subscriptions/a1bfa635-f2bf-42f1-86b5-848c674fc321/resourceGroups/ps5760/providers/Microsoft.Resources/templateSpecs/ps7975/versions/v1\"\r\n    },\r\n    \"resources\": [],\r\n    \"provisioningState\": \"initializing\",\r\n    \"detachedResources\": [],\r\n    \"deletedResources\": [],\r\n    \"failedResources\": []\r\n  },\r\n  \"systemData\": {\r\n    \"createdBy\": \"546094f3-32fa-493c-824c-bd9575b0d2fe\",\r\n    \"createdByType\": \"Application\",\r\n    \"createdAt\": \"2024-02-27T19:39:20.3089874Z\",\r\n    \"lastModifiedBy\": \"546094f3-32fa-493c-824c-bd9575b0d2fe\",\r\n    \"lastModifiedByType\": \"Application\",\r\n    \"lastModifiedAt\": \"2024-02-27T19:39:51.6787489Z\"\r\n  },\r\n  \"id\": \"/providers/Microsoft.Management/managementGroups/AzBlueprintAssignTest/providers/Microsoft.Resources/deploymentStacks/ps2773\",\r\n  \"type\": \"Microsoft.Resources/deploymentStacks\",\r\n  \"name\": \"ps2773\"\r\n}",
      "StatusCode": 200
    },
    {
      "RequestUri": "/subscriptions/a1bfa635-f2bf-42f1-86b5-848c674fc321/providers/Microsoft.Resources/deployments/ps2773-24022719bijzl/operations?api-version=2022-09-01",
      "EncodedRequestUri": "L3N1YnNjcmlwdGlvbnMvYTFiZmE2MzUtZjJiZi00MmYxLTg2YjUtODQ4YzY3NGZjMzIxL3Byb3ZpZGVycy9NaWNyb3NvZnQuUmVzb3VyY2VzL2RlcGxveW1lbnRzL3BzMjc3My0yNDAyMjcxOWJpanpsL29wZXJhdGlvbnM/YXBpLXZlcnNpb249MjAyMi0wOS0wMQ==",
      "RequestMethod": "GET",
      "RequestHeaders": {
        "x-ms-client-request-id": [
          "1bbf376c-f2fe-47d5-a87c-ba403e1cbd1e"
        ],
        "Accept-Language": [
          "en-US"
        ],
        "User-Agent": [
          "FxVersion/6.0.2724.6912",
          "OSName/Windows",
          "OSVersion/Microsoft.Windows.10.0.22621",
          "Microsoft.Azure.Management.Resources.ResourceManagementClient/6.15.1"
        ]
      },
      "RequestBody": "",
      "ResponseHeaders": {
        "Cache-Control": [
          "no-cache"
        ],
        "Pragma": [
          "no-cache"
        ],
        "x-ms-ratelimit-remaining-subscription-reads": [
          "11999"
        ],
        "x-ms-request-id": [
          "054f23be-c5d9-4c41-a716-9bea1064832c"
        ],
        "x-ms-correlation-request-id": [
          "054f23be-c5d9-4c41-a716-9bea1064832c"
        ],
        "x-ms-routing-request-id": [
          "WESTUS:20240227T193931Z:054f23be-c5d9-4c41-a716-9bea1064832c"
        ],
        "Strict-Transport-Security": [
          "max-age=31536000; includeSubDomains"
        ],
        "X-Content-Type-Options": [
          "nosniff"
        ],
        "X-Cache": [
          "CONFIG_NOCACHE"
        ],
        "X-MSEdge-Ref": [
          "Ref A: 8A2B879CF83C428AB1193E01631FB5E8 Ref B: SJC211051205007 Ref C: 2024-02-27T19:39:31Z"
        ],
        "Date": [
          "Tue, 27 Feb 2024 19:39:31 GMT"
        ],
        "Content-Length": [
          "631"
        ],
        "Content-Type": [
          "application/json; charset=utf-8"
        ],
        "Expires": [
          "-1"
        ],
        "Retry-After": [
          "0"
        ]
      },
      "ResponseBody": "{\r\n  \"value\": [\r\n    {\r\n      \"id\": \"/subscriptions/a1bfa635-f2bf-42f1-86b5-848c674fc321/providers/Microsoft.Resources/deployments/ps2773-24022719bijzl/operations/38B77F1D7F608A8D\",\r\n      \"operationId\": \"38B77F1D7F608A8D\",\r\n      \"properties\": {\r\n        \"provisioningOperation\": \"Create\",\r\n        \"provisioningState\": \"Running\",\r\n        \"timestamp\": \"2024-02-27T19:39:23.9764019Z\",\r\n        \"duration\": \"PT0.7494347S\",\r\n        \"trackingId\": \"6c37d691-301c-4449-99cd-4572070ce9aa\",\r\n        \"statusCode\": \"OK\",\r\n        \"targetResource\": {\r\n          \"id\": \"/subscriptions/4ce8c9fe-cadc-47d6-9c76-335812fd59df/providers/Microsoft.Resources/deployments/stacksMGtestmod\",\r\n          \"resourceType\": \"Microsoft.Resources/deployments\",\r\n          \"resourceName\": \"stacksMGtestmod\"\r\n        }\r\n      }\r\n    }\r\n  ]\r\n}",
      "StatusCode": 200
    },
    {
      "RequestUri": "/subscriptions/a1bfa635-f2bf-42f1-86b5-848c674fc321/providers/Microsoft.Resources/deployments/ps2773-24022719bijzl/operations?api-version=2022-09-01",
      "EncodedRequestUri": "L3N1YnNjcmlwdGlvbnMvYTFiZmE2MzUtZjJiZi00MmYxLTg2YjUtODQ4YzY3NGZjMzIxL3Byb3ZpZGVycy9NaWNyb3NvZnQuUmVzb3VyY2VzL2RlcGxveW1lbnRzL3BzMjc3My0yNDAyMjcxOWJpanpsL29wZXJhdGlvbnM/YXBpLXZlcnNpb249MjAyMi0wOS0wMQ==",
      "RequestMethod": "GET",
      "RequestHeaders": {
        "x-ms-client-request-id": [
          "1bbf376c-f2fe-47d5-a87c-ba403e1cbd1e"
        ],
        "Accept-Language": [
          "en-US"
        ],
        "User-Agent": [
          "FxVersion/6.0.2724.6912",
          "OSName/Windows",
          "OSVersion/Microsoft.Windows.10.0.22621",
          "Microsoft.Azure.Management.Resources.ResourceManagementClient/6.15.1"
        ]
      },
      "RequestBody": "",
      "ResponseHeaders": {
        "Cache-Control": [
          "no-cache"
        ],
        "Pragma": [
          "no-cache"
        ],
        "x-ms-ratelimit-remaining-subscription-reads": [
          "11998"
        ],
        "x-ms-request-id": [
          "5285fb73-8835-4e5f-bbb2-e825d5ec3354"
        ],
        "x-ms-correlation-request-id": [
          "5285fb73-8835-4e5f-bbb2-e825d5ec3354"
        ],
        "x-ms-routing-request-id": [
          "WESTUS:20240227T193940Z:5285fb73-8835-4e5f-bbb2-e825d5ec3354"
        ],
        "Strict-Transport-Security": [
          "max-age=31536000; includeSubDomains"
        ],
        "X-Content-Type-Options": [
          "nosniff"
        ],
        "X-Cache": [
          "CONFIG_NOCACHE"
        ],
        "X-MSEdge-Ref": [
          "Ref A: 54125185BF0B4103825B96692B6E9E33 Ref B: SJC211051205007 Ref C: 2024-02-27T19:39:40Z"
        ],
        "Date": [
          "Tue, 27 Feb 2024 19:39:39 GMT"
        ],
        "Content-Length": [
          "634"
        ],
        "Content-Type": [
          "application/json; charset=utf-8"
        ],
        "Expires": [
          "-1"
        ],
        "Retry-After": [
          "0"
        ]
      },
      "ResponseBody": "{\r\n  \"value\": [\r\n    {\r\n      \"id\": \"/subscriptions/a1bfa635-f2bf-42f1-86b5-848c674fc321/providers/Microsoft.Resources/deployments/ps2773-24022719bijzl/operations/38B77F1D7F608A8D\",\r\n      \"operationId\": \"38B77F1D7F608A8D\",\r\n      \"properties\": {\r\n        \"provisioningOperation\": \"Create\",\r\n        \"provisioningState\": \"Succeeded\",\r\n        \"timestamp\": \"2024-02-27T19:39:39.8086001Z\",\r\n        \"duration\": \"PT16.5816329S\",\r\n        \"trackingId\": \"38286a5d-aa85-4333-89fd-40958ca8e4e8\",\r\n        \"statusCode\": \"OK\",\r\n        \"targetResource\": {\r\n          \"id\": \"/subscriptions/4ce8c9fe-cadc-47d6-9c76-335812fd59df/providers/Microsoft.Resources/deployments/stacksMGtestmod\",\r\n          \"resourceType\": \"Microsoft.Resources/deployments\",\r\n          \"resourceName\": \"stacksMGtestmod\"\r\n        }\r\n      }\r\n    }\r\n  ]\r\n}",
      "StatusCode": 200
    },
    {
      "RequestUri": "/subscriptions/4ce8c9fe-cadc-47d6-9c76-335812fd59df/providers/Microsoft.Resources/deployments/stacksMGtestmod?api-version=2022-09-01",
      "EncodedRequestUri": "L3N1YnNjcmlwdGlvbnMvNGNlOGM5ZmUtY2FkYy00N2Q2LTljNzYtMzM1ODEyZmQ1OWRmL3Byb3ZpZGVycy9NaWNyb3NvZnQuUmVzb3VyY2VzL2RlcGxveW1lbnRzL3N0YWNrc01HdGVzdG1vZD9hcGktdmVyc2lvbj0yMDIyLTA5LTAx",
      "RequestMethod": "HEAD",
      "RequestHeaders": {
        "x-ms-client-request-id": [
          "1bbf376c-f2fe-47d5-a87c-ba403e1cbd1e"
        ],
        "Accept-Language": [
          "en-US"
        ],
        "User-Agent": [
          "FxVersion/6.0.2724.6912",
          "OSName/Windows",
          "OSVersion/Microsoft.Windows.10.0.22621",
          "Microsoft.Azure.Management.Resources.ResourceManagementClient/6.15.1"
        ]
      },
      "RequestBody": "",
      "ResponseHeaders": {
        "Cache-Control": [
          "no-cache"
        ],
        "Pragma": [
          "no-cache"
        ],
        "x-ms-ratelimit-remaining-subscription-reads": [
          "11999"
        ],
        "x-ms-request-id": [
          "106eced0-3d9e-4ddd-a1a8-88e1c3755800"
        ],
        "x-ms-correlation-request-id": [
          "106eced0-3d9e-4ddd-a1a8-88e1c3755800"
        ],
        "x-ms-routing-request-id": [
          "WESTUS:20240227T193931Z:106eced0-3d9e-4ddd-a1a8-88e1c3755800"
        ],
        "Strict-Transport-Security": [
          "max-age=31536000; includeSubDomains"
        ],
        "X-Content-Type-Options": [
          "nosniff"
        ],
        "X-Cache": [
          "CONFIG_NOCACHE"
        ],
        "X-MSEdge-Ref": [
          "Ref A: C95DB7F6D2CD4E75894005448430140A Ref B: SJC211051204045 Ref C: 2024-02-27T19:39:31Z"
        ],
        "Date": [
          "Tue, 27 Feb 2024 19:39:31 GMT"
        ],
        "Content-Length": [
          "0"
        ],
        "Expires": [
          "-1"
        ],
        "Retry-After": [
          "0"
        ]
      },
      "ResponseBody": "",
      "StatusCode": 204
    },
    {
      "RequestUri": "/subscriptions/4ce8c9fe-cadc-47d6-9c76-335812fd59df/providers/Microsoft.Resources/deployments/stacksMGtestmod?api-version=2022-09-01",
      "EncodedRequestUri": "L3N1YnNjcmlwdGlvbnMvNGNlOGM5ZmUtY2FkYy00N2Q2LTljNzYtMzM1ODEyZmQ1OWRmL3Byb3ZpZGVycy9NaWNyb3NvZnQuUmVzb3VyY2VzL2RlcGxveW1lbnRzL3N0YWNrc01HdGVzdG1vZD9hcGktdmVyc2lvbj0yMDIyLTA5LTAx",
      "RequestMethod": "HEAD",
      "RequestHeaders": {
        "x-ms-client-request-id": [
          "1bbf376c-f2fe-47d5-a87c-ba403e1cbd1e"
        ],
        "Accept-Language": [
          "en-US"
        ],
        "User-Agent": [
          "FxVersion/6.0.2724.6912",
          "OSName/Windows",
          "OSVersion/Microsoft.Windows.10.0.22621",
          "Microsoft.Azure.Management.Resources.ResourceManagementClient/6.15.1"
        ]
      },
      "RequestBody": "",
      "ResponseHeaders": {
        "Cache-Control": [
          "no-cache"
        ],
        "Pragma": [
          "no-cache"
        ],
        "x-ms-ratelimit-remaining-subscription-reads": [
          "11998"
        ],
        "x-ms-request-id": [
          "6d6e811c-2945-42db-82ac-5ca2a3a88f9f"
        ],
        "x-ms-correlation-request-id": [
          "6d6e811c-2945-42db-82ac-5ca2a3a88f9f"
        ],
        "x-ms-routing-request-id": [
          "WESTUS:20240227T193940Z:6d6e811c-2945-42db-82ac-5ca2a3a88f9f"
        ],
        "Strict-Transport-Security": [
          "max-age=31536000; includeSubDomains"
        ],
        "X-Content-Type-Options": [
          "nosniff"
        ],
        "X-Cache": [
          "CONFIG_NOCACHE"
        ],
        "X-MSEdge-Ref": [
          "Ref A: B8521D2676734751A24958D3BCC08F12 Ref B: SJC211051204045 Ref C: 2024-02-27T19:39:40Z"
        ],
        "Date": [
          "Tue, 27 Feb 2024 19:39:40 GMT"
        ],
        "Content-Length": [
          "0"
        ],
        "Expires": [
          "-1"
        ],
        "Retry-After": [
          "0"
        ]
      },
      "ResponseBody": "",
      "StatusCode": 204
    },
    {
      "RequestUri": "/subscriptions/4ce8c9fe-cadc-47d6-9c76-335812fd59df/providers/Microsoft.Resources/deployments/stacksMGtestmod?api-version=2022-09-01",
      "EncodedRequestUri": "L3N1YnNjcmlwdGlvbnMvNGNlOGM5ZmUtY2FkYy00N2Q2LTljNzYtMzM1ODEyZmQ1OWRmL3Byb3ZpZGVycy9NaWNyb3NvZnQuUmVzb3VyY2VzL2RlcGxveW1lbnRzL3N0YWNrc01HdGVzdG1vZD9hcGktdmVyc2lvbj0yMDIyLTA5LTAx",
      "RequestMethod": "HEAD",
      "RequestHeaders": {
        "x-ms-client-request-id": [
          "a3114ad4-92e9-4a91-abcb-3d0958bc2b2f"
        ],
        "Accept-Language": [
          "en-US"
        ],
        "User-Agent": [
          "FxVersion/6.0.2724.6912",
          "OSName/Windows",
          "OSVersion/Microsoft.Windows.10.0.22621",
          "Microsoft.Azure.Management.Resources.ResourceManagementClient/6.15.1"
        ]
      },
      "RequestBody": "",
      "ResponseHeaders": {
        "Cache-Control": [
          "no-cache"
        ],
        "Pragma": [
          "no-cache"
        ],
        "x-ms-ratelimit-remaining-subscription-reads": [
          "11999"
        ],
        "x-ms-request-id": [
          "d4b6c796-6e4f-40f3-b56b-65acfd73a96f"
        ],
        "x-ms-correlation-request-id": [
          "d4b6c796-6e4f-40f3-b56b-65acfd73a96f"
        ],
        "x-ms-routing-request-id": [
          "WESTUS:20240227T194002Z:d4b6c796-6e4f-40f3-b56b-65acfd73a96f"
        ],
        "Strict-Transport-Security": [
          "max-age=31536000; includeSubDomains"
        ],
        "X-Content-Type-Options": [
          "nosniff"
        ],
        "X-Cache": [
          "CONFIG_NOCACHE"
        ],
        "X-MSEdge-Ref": [
          "Ref A: 250CB74D22F6435394D7D1D9A317920E Ref B: SJC211051205045 Ref C: 2024-02-27T19:40:02Z"
        ],
        "Date": [
          "Tue, 27 Feb 2024 19:40:02 GMT"
        ],
        "Content-Length": [
          "0"
        ],
        "Expires": [
          "-1"
        ],
        "Retry-After": [
          "0"
        ]
      },
      "ResponseBody": "",
      "StatusCode": 204
    },
    {
      "RequestUri": "/subscriptions/4ce8c9fe-cadc-47d6-9c76-335812fd59df/providers/Microsoft.Resources/deployments/stacksMGtestmod?api-version=2022-09-01",
      "EncodedRequestUri": "L3N1YnNjcmlwdGlvbnMvNGNlOGM5ZmUtY2FkYy00N2Q2LTljNzYtMzM1ODEyZmQ1OWRmL3Byb3ZpZGVycy9NaWNyb3NvZnQuUmVzb3VyY2VzL2RlcGxveW1lbnRzL3N0YWNrc01HdGVzdG1vZD9hcGktdmVyc2lvbj0yMDIyLTA5LTAx",
      "RequestMethod": "HEAD",
      "RequestHeaders": {
        "x-ms-client-request-id": [
          "a3114ad4-92e9-4a91-abcb-3d0958bc2b2f"
        ],
        "Accept-Language": [
          "en-US"
        ],
        "User-Agent": [
          "FxVersion/6.0.2724.6912",
          "OSName/Windows",
          "OSVersion/Microsoft.Windows.10.0.22621",
          "Microsoft.Azure.Management.Resources.ResourceManagementClient/6.15.1"
        ]
      },
      "RequestBody": "",
      "ResponseHeaders": {
        "Cache-Control": [
          "no-cache"
        ],
        "Pragma": [
          "no-cache"
        ],
        "x-ms-ratelimit-remaining-subscription-reads": [
          "11999"
        ],
        "x-ms-request-id": [
          "a61d5059-cc3c-4216-9558-ccef96cc57b7"
        ],
        "x-ms-correlation-request-id": [
          "a61d5059-cc3c-4216-9558-ccef96cc57b7"
        ],
        "x-ms-routing-request-id": [
          "WESTUS:20240227T194012Z:a61d5059-cc3c-4216-9558-ccef96cc57b7"
        ],
        "Strict-Transport-Security": [
          "max-age=31536000; includeSubDomains"
        ],
        "X-Content-Type-Options": [
          "nosniff"
        ],
        "X-Cache": [
          "CONFIG_NOCACHE"
        ],
        "X-MSEdge-Ref": [
          "Ref A: C8D45F3EC0CA48E2B77F72AA110ACA64 Ref B: SJC211051205045 Ref C: 2024-02-27T19:40:12Z"
        ],
        "Date": [
          "Tue, 27 Feb 2024 19:40:11 GMT"
        ],
        "Content-Length": [
          "0"
        ],
        "Expires": [
          "-1"
        ],
        "Retry-After": [
          "0"
        ]
      },
      "ResponseBody": "",
      "StatusCode": 204
    },
    {
      "RequestUri": "/subscriptions/4ce8c9fe-cadc-47d6-9c76-335812fd59df/providers/Microsoft.Resources/deployments/stacksMGtestmod/operations?api-version=2022-09-01",
      "EncodedRequestUri": "L3N1YnNjcmlwdGlvbnMvNGNlOGM5ZmUtY2FkYy00N2Q2LTljNzYtMzM1ODEyZmQ1OWRmL3Byb3ZpZGVycy9NaWNyb3NvZnQuUmVzb3VyY2VzL2RlcGxveW1lbnRzL3N0YWNrc01HdGVzdG1vZC9vcGVyYXRpb25zP2FwaS12ZXJzaW9uPTIwMjItMDktMDE=",
      "RequestMethod": "GET",
      "RequestHeaders": {
        "x-ms-client-request-id": [
          "1bbf376c-f2fe-47d5-a87c-ba403e1cbd1e"
        ],
        "Accept-Language": [
          "en-US"
        ],
        "User-Agent": [
          "FxVersion/6.0.2724.6912",
          "OSName/Windows",
          "OSVersion/Microsoft.Windows.10.0.22621",
          "Microsoft.Azure.Management.Resources.ResourceManagementClient/6.15.1"
        ]
      },
      "RequestBody": "",
      "ResponseHeaders": {
        "Cache-Control": [
          "no-cache"
        ],
        "Pragma": [
          "no-cache"
        ],
        "x-ms-ratelimit-remaining-subscription-reads": [
          "11999"
        ],
        "x-ms-request-id": [
          "d17d22f5-470d-4ea8-8ae7-61918643022b"
        ],
        "x-ms-correlation-request-id": [
          "d17d22f5-470d-4ea8-8ae7-61918643022b"
        ],
        "x-ms-routing-request-id": [
          "WESTUS:20240227T193931Z:d17d22f5-470d-4ea8-8ae7-61918643022b"
        ],
        "Strict-Transport-Security": [
          "max-age=31536000; includeSubDomains"
        ],
        "X-Content-Type-Options": [
          "nosniff"
        ],
        "X-Cache": [
          "CONFIG_NOCACHE"
        ],
        "X-MSEdge-Ref": [
          "Ref A: 19A7F37D0DFB40A7906AD6AA4D418F52 Ref B: SJC211051204045 Ref C: 2024-02-27T19:39:31Z"
        ],
        "Date": [
          "Tue, 27 Feb 2024 19:39:31 GMT"
        ],
        "Content-Length": [
          "1093"
        ],
        "Content-Type": [
          "application/json; charset=utf-8"
        ],
        "Expires": [
          "-1"
        ],
        "Retry-After": [
          "0"
        ]
      },
      "ResponseBody": "{\r\n  \"value\": [\r\n    {\r\n      \"id\": \"/subscriptions/4ce8c9fe-cadc-47d6-9c76-335812fd59df/providers/Microsoft.Resources/deployments/stacksMGtestmod/operations/12A33A1100F72FB9\",\r\n      \"operationId\": \"12A33A1100F72FB9\",\r\n      \"properties\": {\r\n        \"provisioningOperation\": \"Create\",\r\n        \"provisioningState\": \"Succeeded\",\r\n        \"timestamp\": \"2024-02-27T19:39:24.5034062Z\",\r\n        \"duration\": \"PT0.43347S\",\r\n        \"trackingId\": \"d4a7e3cc-4f30-4f28-b757-10d36d884f07\",\r\n        \"statusCode\": \"Created\",\r\n        \"targetResource\": {\r\n          \"id\": \"/subscriptions/4ce8c9fe-cadc-47d6-9c76-335812fd59df/providers/Microsoft.Authorization/policyDefinitions/PSCmdletTestPolicy476223\",\r\n          \"resourceType\": \"Microsoft.Authorization/policyDefinitions\",\r\n          \"resourceName\": \"PSCmdletTestPolicy476223\"\r\n        }\r\n      }\r\n    },\r\n    {\r\n      \"id\": \"/subscriptions/4ce8c9fe-cadc-47d6-9c76-335812fd59df/providers/Microsoft.Resources/deployments/stacksMGtestmod/operations/08584925441218713610\",\r\n      \"operationId\": \"08584925441218713610\",\r\n      \"properties\": {\r\n        \"provisioningOperation\": \"EvaluateDeploymentOutput\",\r\n        \"provisioningState\": \"Succeeded\",\r\n        \"timestamp\": \"2024-02-27T19:39:24.5853772Z\",\r\n        \"duration\": \"PT0.515441S\",\r\n        \"trackingId\": \"5c83fb2e-f4b0-428a-ba48-f06918cfaa50\",\r\n        \"statusCode\": \"OK\"\r\n      }\r\n    }\r\n  ]\r\n}",
      "StatusCode": 200
    },
    {
      "RequestUri": "/subscriptions/4ce8c9fe-cadc-47d6-9c76-335812fd59df/providers/Microsoft.Resources/deployments/stacksMGtestmod/operations?api-version=2022-09-01",
      "EncodedRequestUri": "L3N1YnNjcmlwdGlvbnMvNGNlOGM5ZmUtY2FkYy00N2Q2LTljNzYtMzM1ODEyZmQ1OWRmL3Byb3ZpZGVycy9NaWNyb3NvZnQuUmVzb3VyY2VzL2RlcGxveW1lbnRzL3N0YWNrc01HdGVzdG1vZC9vcGVyYXRpb25zP2FwaS12ZXJzaW9uPTIwMjItMDktMDE=",
      "RequestMethod": "GET",
      "RequestHeaders": {
        "x-ms-client-request-id": [
          "1bbf376c-f2fe-47d5-a87c-ba403e1cbd1e"
        ],
        "Accept-Language": [
          "en-US"
        ],
        "User-Agent": [
          "FxVersion/6.0.2724.6912",
          "OSName/Windows",
          "OSVersion/Microsoft.Windows.10.0.22621",
          "Microsoft.Azure.Management.Resources.ResourceManagementClient/6.15.1"
        ]
      },
      "RequestBody": "",
      "ResponseHeaders": {
        "Cache-Control": [
          "no-cache"
        ],
        "Pragma": [
          "no-cache"
        ],
        "x-ms-ratelimit-remaining-subscription-reads": [
          "11999"
        ],
        "x-ms-request-id": [
          "78bfb7fe-8f35-4864-8a21-b2d7244ec5be"
        ],
        "x-ms-correlation-request-id": [
          "78bfb7fe-8f35-4864-8a21-b2d7244ec5be"
        ],
        "x-ms-routing-request-id": [
          "WESTUS:20240227T193940Z:78bfb7fe-8f35-4864-8a21-b2d7244ec5be"
        ],
        "Strict-Transport-Security": [
          "max-age=31536000; includeSubDomains"
        ],
        "X-Content-Type-Options": [
          "nosniff"
        ],
        "X-Cache": [
          "CONFIG_NOCACHE"
        ],
        "X-MSEdge-Ref": [
          "Ref A: 77EE31A0DE9F4EF09CF8CB0501FE6F4E Ref B: SJC211051204045 Ref C: 2024-02-27T19:39:40Z"
        ],
        "Date": [
          "Tue, 27 Feb 2024 19:39:40 GMT"
        ],
        "Content-Length": [
          "1093"
        ],
        "Content-Type": [
          "application/json; charset=utf-8"
        ],
        "Expires": [
          "-1"
        ],
        "Retry-After": [
          "0"
        ]
      },
      "ResponseBody": "{\r\n  \"value\": [\r\n    {\r\n      \"id\": \"/subscriptions/4ce8c9fe-cadc-47d6-9c76-335812fd59df/providers/Microsoft.Resources/deployments/stacksMGtestmod/operations/12A33A1100F72FB9\",\r\n      \"operationId\": \"12A33A1100F72FB9\",\r\n      \"properties\": {\r\n        \"provisioningOperation\": \"Create\",\r\n        \"provisioningState\": \"Succeeded\",\r\n        \"timestamp\": \"2024-02-27T19:39:24.5034062Z\",\r\n        \"duration\": \"PT0.43347S\",\r\n        \"trackingId\": \"d4a7e3cc-4f30-4f28-b757-10d36d884f07\",\r\n        \"statusCode\": \"Created\",\r\n        \"targetResource\": {\r\n          \"id\": \"/subscriptions/4ce8c9fe-cadc-47d6-9c76-335812fd59df/providers/Microsoft.Authorization/policyDefinitions/PSCmdletTestPolicy476223\",\r\n          \"resourceType\": \"Microsoft.Authorization/policyDefinitions\",\r\n          \"resourceName\": \"PSCmdletTestPolicy476223\"\r\n        }\r\n      }\r\n    },\r\n    {\r\n      \"id\": \"/subscriptions/4ce8c9fe-cadc-47d6-9c76-335812fd59df/providers/Microsoft.Resources/deployments/stacksMGtestmod/operations/08584925441218713610\",\r\n      \"operationId\": \"08584925441218713610\",\r\n      \"properties\": {\r\n        \"provisioningOperation\": \"EvaluateDeploymentOutput\",\r\n        \"provisioningState\": \"Succeeded\",\r\n        \"timestamp\": \"2024-02-27T19:39:24.5853772Z\",\r\n        \"duration\": \"PT0.515441S\",\r\n        \"trackingId\": \"5c83fb2e-f4b0-428a-ba48-f06918cfaa50\",\r\n        \"statusCode\": \"OK\"\r\n      }\r\n    }\r\n  ]\r\n}",
      "StatusCode": 200
    },
    {
      "RequestUri": "/subscriptions/4ce8c9fe-cadc-47d6-9c76-335812fd59df/providers/Microsoft.Resources/deployments/stacksMGtestmod/operations?api-version=2022-09-01",
      "EncodedRequestUri": "L3N1YnNjcmlwdGlvbnMvNGNlOGM5ZmUtY2FkYy00N2Q2LTljNzYtMzM1ODEyZmQ1OWRmL3Byb3ZpZGVycy9NaWNyb3NvZnQuUmVzb3VyY2VzL2RlcGxveW1lbnRzL3N0YWNrc01HdGVzdG1vZC9vcGVyYXRpb25zP2FwaS12ZXJzaW9uPTIwMjItMDktMDE=",
      "RequestMethod": "GET",
      "RequestHeaders": {
        "x-ms-client-request-id": [
          "a3114ad4-92e9-4a91-abcb-3d0958bc2b2f"
        ],
        "Accept-Language": [
          "en-US"
        ],
        "User-Agent": [
          "FxVersion/6.0.2724.6912",
          "OSName/Windows",
          "OSVersion/Microsoft.Windows.10.0.22621",
          "Microsoft.Azure.Management.Resources.ResourceManagementClient/6.15.1"
        ]
      },
      "RequestBody": "",
      "ResponseHeaders": {
        "Cache-Control": [
          "no-cache"
        ],
        "Pragma": [
          "no-cache"
        ],
        "x-ms-ratelimit-remaining-subscription-reads": [
          "11999"
        ],
        "x-ms-request-id": [
          "08a26922-28b5-4f7f-8927-83f63fada20a"
        ],
        "x-ms-correlation-request-id": [
          "08a26922-28b5-4f7f-8927-83f63fada20a"
        ],
        "x-ms-routing-request-id": [
          "WESTUS:20240227T194003Z:08a26922-28b5-4f7f-8927-83f63fada20a"
        ],
        "Strict-Transport-Security": [
          "max-age=31536000; includeSubDomains"
        ],
        "X-Content-Type-Options": [
          "nosniff"
        ],
        "X-Cache": [
          "CONFIG_NOCACHE"
        ],
        "X-MSEdge-Ref": [
          "Ref A: ACADDDA6F0C24E3B89D0D4B83F3C1313 Ref B: SJC211051205045 Ref C: 2024-02-27T19:40:03Z"
        ],
        "Date": [
          "Tue, 27 Feb 2024 19:40:02 GMT"
        ],
        "Content-Length": [
          "1094"
        ],
        "Content-Type": [
          "application/json; charset=utf-8"
        ],
        "Expires": [
          "-1"
        ],
        "Retry-After": [
          "0"
        ]
      },
      "ResponseBody": "{\r\n  \"value\": [\r\n    {\r\n      \"id\": \"/subscriptions/4ce8c9fe-cadc-47d6-9c76-335812fd59df/providers/Microsoft.Resources/deployments/stacksMGtestmod/operations/12A33A1100F72FB9\",\r\n      \"operationId\": \"12A33A1100F72FB9\",\r\n      \"properties\": {\r\n        \"provisioningOperation\": \"Create\",\r\n        \"provisioningState\": \"Succeeded\",\r\n        \"timestamp\": \"2024-02-27T19:39:59.05399Z\",\r\n        \"duration\": \"PT2.1853799S\",\r\n        \"trackingId\": \"f8a08baf-ed80-4cd3-a0cc-619c1263091b\",\r\n        \"statusCode\": \"Created\",\r\n        \"targetResource\": {\r\n          \"id\": \"/subscriptions/4ce8c9fe-cadc-47d6-9c76-335812fd59df/providers/Microsoft.Authorization/policyDefinitions/PSCmdletTestPolicy476223\",\r\n          \"resourceType\": \"Microsoft.Authorization/policyDefinitions\",\r\n          \"resourceName\": \"PSCmdletTestPolicy476223\"\r\n        }\r\n      }\r\n    },\r\n    {\r\n      \"id\": \"/subscriptions/4ce8c9fe-cadc-47d6-9c76-335812fd59df/providers/Microsoft.Resources/deployments/stacksMGtestmod/operations/08584925440909172167\",\r\n      \"operationId\": \"08584925440909172167\",\r\n      \"properties\": {\r\n        \"provisioningOperation\": \"EvaluateDeploymentOutput\",\r\n        \"provisioningState\": \"Succeeded\",\r\n        \"timestamp\": \"2024-02-27T19:40:00.3176306Z\",\r\n        \"duration\": \"PT3.4490205S\",\r\n        \"trackingId\": \"b6467fa0-ebfb-433a-babb-d0830b5f51d0\",\r\n        \"statusCode\": \"OK\"\r\n      }\r\n    }\r\n  ]\r\n}",
      "StatusCode": 200
    },
    {
      "RequestUri": "/subscriptions/4ce8c9fe-cadc-47d6-9c76-335812fd59df/providers/Microsoft.Resources/deployments/stacksMGtestmod/operations?api-version=2022-09-01",
      "EncodedRequestUri": "L3N1YnNjcmlwdGlvbnMvNGNlOGM5ZmUtY2FkYy00N2Q2LTljNzYtMzM1ODEyZmQ1OWRmL3Byb3ZpZGVycy9NaWNyb3NvZnQuUmVzb3VyY2VzL2RlcGxveW1lbnRzL3N0YWNrc01HdGVzdG1vZC9vcGVyYXRpb25zP2FwaS12ZXJzaW9uPTIwMjItMDktMDE=",
      "RequestMethod": "GET",
      "RequestHeaders": {
        "x-ms-client-request-id": [
          "a3114ad4-92e9-4a91-abcb-3d0958bc2b2f"
        ],
        "Accept-Language": [
          "en-US"
        ],
        "User-Agent": [
          "FxVersion/6.0.2724.6912",
          "OSName/Windows",
          "OSVersion/Microsoft.Windows.10.0.22621",
          "Microsoft.Azure.Management.Resources.ResourceManagementClient/6.15.1"
        ]
      },
      "RequestBody": "",
      "ResponseHeaders": {
        "Cache-Control": [
          "no-cache"
        ],
        "Pragma": [
          "no-cache"
        ],
        "x-ms-ratelimit-remaining-subscription-reads": [
          "11999"
        ],
        "x-ms-request-id": [
          "097624c3-4b7f-4351-8bdc-4647a5958685"
        ],
        "x-ms-correlation-request-id": [
          "097624c3-4b7f-4351-8bdc-4647a5958685"
        ],
        "x-ms-routing-request-id": [
          "WESTUS:20240227T194012Z:097624c3-4b7f-4351-8bdc-4647a5958685"
        ],
        "Strict-Transport-Security": [
          "max-age=31536000; includeSubDomains"
        ],
        "X-Content-Type-Options": [
          "nosniff"
        ],
        "X-Cache": [
          "CONFIG_NOCACHE"
        ],
        "X-MSEdge-Ref": [
          "Ref A: D82CBE53D29B4E7789B58D9ED8389C98 Ref B: SJC211051205045 Ref C: 2024-02-27T19:40:12Z"
        ],
        "Date": [
          "Tue, 27 Feb 2024 19:40:12 GMT"
        ],
        "Content-Length": [
          "1094"
        ],
        "Content-Type": [
          "application/json; charset=utf-8"
        ],
        "Expires": [
          "-1"
        ],
        "Retry-After": [
          "0"
        ]
      },
      "ResponseBody": "{\r\n  \"value\": [\r\n    {\r\n      \"id\": \"/subscriptions/4ce8c9fe-cadc-47d6-9c76-335812fd59df/providers/Microsoft.Resources/deployments/stacksMGtestmod/operations/12A33A1100F72FB9\",\r\n      \"operationId\": \"12A33A1100F72FB9\",\r\n      \"properties\": {\r\n        \"provisioningOperation\": \"Create\",\r\n        \"provisioningState\": \"Succeeded\",\r\n        \"timestamp\": \"2024-02-27T19:39:59.05399Z\",\r\n        \"duration\": \"PT2.1853799S\",\r\n        \"trackingId\": \"f8a08baf-ed80-4cd3-a0cc-619c1263091b\",\r\n        \"statusCode\": \"Created\",\r\n        \"targetResource\": {\r\n          \"id\": \"/subscriptions/4ce8c9fe-cadc-47d6-9c76-335812fd59df/providers/Microsoft.Authorization/policyDefinitions/PSCmdletTestPolicy476223\",\r\n          \"resourceType\": \"Microsoft.Authorization/policyDefinitions\",\r\n          \"resourceName\": \"PSCmdletTestPolicy476223\"\r\n        }\r\n      }\r\n    },\r\n    {\r\n      \"id\": \"/subscriptions/4ce8c9fe-cadc-47d6-9c76-335812fd59df/providers/Microsoft.Resources/deployments/stacksMGtestmod/operations/08584925440909172167\",\r\n      \"operationId\": \"08584925440909172167\",\r\n      \"properties\": {\r\n        \"provisioningOperation\": \"EvaluateDeploymentOutput\",\r\n        \"provisioningState\": \"Succeeded\",\r\n        \"timestamp\": \"2024-02-27T19:40:00.3176306Z\",\r\n        \"duration\": \"PT3.4490205S\",\r\n        \"trackingId\": \"b6467fa0-ebfb-433a-babb-d0830b5f51d0\",\r\n        \"statusCode\": \"OK\"\r\n      }\r\n    }\r\n  ]\r\n}",
      "StatusCode": 200
    },
    {
      "RequestUri": "/subscriptions/a1bfa635-f2bf-42f1-86b5-848c674fc321/providers/Microsoft.Resources/deployments/ps2773-24022719bijzl?api-version=2022-09-01",
      "EncodedRequestUri": "L3N1YnNjcmlwdGlvbnMvYTFiZmE2MzUtZjJiZi00MmYxLTg2YjUtODQ4YzY3NGZjMzIxL3Byb3ZpZGVycy9NaWNyb3NvZnQuUmVzb3VyY2VzL2RlcGxveW1lbnRzL3BzMjc3My0yNDAyMjcxOWJpanpsP2FwaS12ZXJzaW9uPTIwMjItMDktMDE=",
      "RequestMethod": "GET",
      "RequestHeaders": {
        "x-ms-client-request-id": [
          "1bbf376c-f2fe-47d5-a87c-ba403e1cbd1e"
        ],
        "Accept-Language": [
          "en-US"
        ],
        "User-Agent": [
          "FxVersion/6.0.2724.6912",
          "OSName/Windows",
          "OSVersion/Microsoft.Windows.10.0.22621",
          "Microsoft.Azure.Management.Resources.ResourceManagementClient/6.15.1"
        ]
      },
      "RequestBody": "",
      "ResponseHeaders": {
        "Cache-Control": [
          "no-cache"
        ],
        "Pragma": [
          "no-cache"
        ],
        "Retry-After": [
          "0"
        ],
        "x-ms-ratelimit-remaining-subscription-reads": [
          "11998"
        ],
        "x-ms-request-id": [
          "cc753a79-5073-4d8a-844a-03394e2b16eb"
        ],
        "x-ms-correlation-request-id": [
          "cc753a79-5073-4d8a-844a-03394e2b16eb"
        ],
        "x-ms-routing-request-id": [
          "WESTUS:20240227T193932Z:cc753a79-5073-4d8a-844a-03394e2b16eb"
        ],
        "Strict-Transport-Security": [
          "max-age=31536000; includeSubDomains"
        ],
        "X-Content-Type-Options": [
          "nosniff"
        ],
        "X-Cache": [
          "CONFIG_NOCACHE"
        ],
        "X-MSEdge-Ref": [
          "Ref A: 3715ACE0014B4E0B95AC1DC077459BBC Ref B: SJC211051205007 Ref C: 2024-02-27T19:39:32Z"
        ],
        "Date": [
          "Tue, 27 Feb 2024 19:39:31 GMT"
        ],
        "Content-Length": [
          "993"
        ],
        "Content-Type": [
          "application/json; charset=utf-8"
        ],
        "Expires": [
          "-1"
        ]
      },
      "ResponseBody": "{\r\n  \"id\": \"/subscriptions/a1bfa635-f2bf-42f1-86b5-848c674fc321/providers/Microsoft.Resources/deployments/ps2773-24022719bijzl\",\r\n  \"name\": \"ps2773-24022719bijzl\",\r\n  \"type\": \"Microsoft.Resources/deployments\",\r\n  \"location\": \"westus2\",\r\n  \"properties\": {\r\n    \"templateLink\": {\r\n      \"id\": \"/subscriptions/a1bfa635-f2bf-42f1-86b5-848c674fc321/resourceGroups/ps5760/providers/Microsoft.Resources/templateSpecs/ps7975/versions/v1\",\r\n      \"contentVersion\": \"1.0.0.0\"\r\n    },\r\n    \"templateHash\": \"13529450622016881009\",\r\n    \"parameters\": {\r\n      \"subId\": {\r\n        \"type\": \"String\",\r\n        \"value\": \"4ce8c9fe-cadc-47d6-9c76-335812fd59df\"\r\n      },\r\n      \"moduleName\": {\r\n        \"type\": \"String\",\r\n        \"value\": \"stacksMGtestmod\"\r\n      },\r\n      \"policyDefinitionName\": {\r\n        \"type\": \"String\",\r\n        \"value\": \"PSCmdletTestPolicy476223\"\r\n      }\r\n    },\r\n    \"mode\": \"Incremental\",\r\n    \"provisioningState\": \"Running\",\r\n    \"timestamp\": \"2024-02-27T19:39:23.9487491Z\",\r\n    \"duration\": \"PT1.2537287S\",\r\n    \"correlationId\": \"18128c1c-f60f-4896-b714-5bc9f623abec\",\r\n    \"providers\": [\r\n      {\r\n        \"namespace\": \"Microsoft.Resources\",\r\n        \"resourceTypes\": [\r\n          {\r\n            \"resourceType\": \"deployments\",\r\n            \"locations\": [\r\n              \"westus2\"\r\n            ]\r\n          }\r\n        ]\r\n      }\r\n    ],\r\n    \"dependencies\": []\r\n  }\r\n}",
      "StatusCode": 200
    },
    {
      "RequestUri": "/subscriptions/a1bfa635-f2bf-42f1-86b5-848c674fc321/providers/Microsoft.Resources/deployments/ps2773-24022719bijzl?api-version=2022-09-01",
      "EncodedRequestUri": "L3N1YnNjcmlwdGlvbnMvYTFiZmE2MzUtZjJiZi00MmYxLTg2YjUtODQ4YzY3NGZjMzIxL3Byb3ZpZGVycy9NaWNyb3NvZnQuUmVzb3VyY2VzL2RlcGxveW1lbnRzL3BzMjc3My0yNDAyMjcxOWJpanpsP2FwaS12ZXJzaW9uPTIwMjItMDktMDE=",
      "RequestMethod": "GET",
      "RequestHeaders": {
        "x-ms-client-request-id": [
          "1bbf376c-f2fe-47d5-a87c-ba403e1cbd1e"
        ],
        "Accept-Language": [
          "en-US"
        ],
        "User-Agent": [
          "FxVersion/6.0.2724.6912",
          "OSName/Windows",
          "OSVersion/Microsoft.Windows.10.0.22621",
          "Microsoft.Azure.Management.Resources.ResourceManagementClient/6.15.1"
        ]
      },
      "RequestBody": "",
      "ResponseHeaders": {
        "Cache-Control": [
          "no-cache"
        ],
        "Pragma": [
          "no-cache"
        ],
        "x-ms-ratelimit-remaining-subscription-reads": [
          "11998"
        ],
        "x-ms-request-id": [
          "9ce8b743-3cb8-4ba4-b106-243f4df7ccc3"
        ],
        "x-ms-correlation-request-id": [
          "9ce8b743-3cb8-4ba4-b106-243f4df7ccc3"
        ],
        "x-ms-routing-request-id": [
          "WESTUS:20240227T193940Z:9ce8b743-3cb8-4ba4-b106-243f4df7ccc3"
        ],
        "Strict-Transport-Security": [
          "max-age=31536000; includeSubDomains"
        ],
        "X-Content-Type-Options": [
          "nosniff"
        ],
        "X-Cache": [
          "CONFIG_NOCACHE"
        ],
        "X-MSEdge-Ref": [
          "Ref A: E6A4AFB47BFC47F08140050576DBE178 Ref B: SJC211051205007 Ref C: 2024-02-27T19:39:40Z"
        ],
        "Date": [
          "Tue, 27 Feb 2024 19:39:40 GMT"
        ],
        "Content-Length": [
          "1154"
        ],
        "Content-Type": [
          "application/json; charset=utf-8"
        ],
        "Expires": [
          "-1"
        ],
        "Retry-After": [
          "0"
        ]
      },
      "ResponseBody": "{\r\n  \"id\": \"/subscriptions/a1bfa635-f2bf-42f1-86b5-848c674fc321/providers/Microsoft.Resources/deployments/ps2773-24022719bijzl\",\r\n  \"name\": \"ps2773-24022719bijzl\",\r\n  \"type\": \"Microsoft.Resources/deployments\",\r\n  \"location\": \"westus2\",\r\n  \"properties\": {\r\n    \"templateLink\": {\r\n      \"id\": \"/subscriptions/a1bfa635-f2bf-42f1-86b5-848c674fc321/resourceGroups/ps5760/providers/Microsoft.Resources/templateSpecs/ps7975/versions/v1\",\r\n      \"contentVersion\": \"1.0.0.0\"\r\n    },\r\n    \"templateHash\": \"13529450622016881009\",\r\n    \"parameters\": {\r\n      \"subId\": {\r\n        \"type\": \"String\",\r\n        \"value\": \"4ce8c9fe-cadc-47d6-9c76-335812fd59df\"\r\n      },\r\n      \"moduleName\": {\r\n        \"type\": \"String\",\r\n        \"value\": \"stacksMGtestmod\"\r\n      },\r\n      \"policyDefinitionName\": {\r\n        \"type\": \"String\",\r\n        \"value\": \"PSCmdletTestPolicy476223\"\r\n      }\r\n    },\r\n    \"mode\": \"Incremental\",\r\n    \"provisioningState\": \"Succeeded\",\r\n    \"timestamp\": \"2024-02-27T19:39:40.4462589Z\",\r\n    \"duration\": \"PT17.7512385S\",\r\n    \"correlationId\": \"18128c1c-f60f-4896-b714-5bc9f623abec\",\r\n    \"providers\": [\r\n      {\r\n        \"namespace\": \"Microsoft.Resources\",\r\n        \"resourceTypes\": [\r\n          {\r\n            \"resourceType\": \"deployments\",\r\n            \"locations\": [\r\n              \"westus2\"\r\n            ]\r\n          }\r\n        ]\r\n      }\r\n    ],\r\n    \"dependencies\": [],\r\n    \"outputResources\": [\r\n      {\r\n        \"id\": \"/subscriptions/4ce8c9fe-cadc-47d6-9c76-335812fd59df/providers/Microsoft.Authorization/policyDefinitions/PSCmdletTestPolicy476223\"\r\n      }\r\n    ]\r\n  }\r\n}",
      "StatusCode": 200
    },
    {
      "RequestUri": "/subscriptions/a1bfa635-f2bf-42f1-86b5-848c674fc321/providers/Microsoft.Resources/deployments/ps2773-24022719bnzwi/operations?api-version=2022-09-01",
      "EncodedRequestUri": "L3N1YnNjcmlwdGlvbnMvYTFiZmE2MzUtZjJiZi00MmYxLTg2YjUtODQ4YzY3NGZjMzIxL3Byb3ZpZGVycy9NaWNyb3NvZnQuUmVzb3VyY2VzL2RlcGxveW1lbnRzL3BzMjc3My0yNDAyMjcxOWJuendpL29wZXJhdGlvbnM/YXBpLXZlcnNpb249MjAyMi0wOS0wMQ==",
      "RequestMethod": "GET",
      "RequestHeaders": {
        "x-ms-client-request-id": [
          "a3114ad4-92e9-4a91-abcb-3d0958bc2b2f"
        ],
        "Accept-Language": [
          "en-US"
        ],
        "User-Agent": [
          "FxVersion/6.0.2724.6912",
          "OSName/Windows",
          "OSVersion/Microsoft.Windows.10.0.22621",
          "Microsoft.Azure.Management.Resources.ResourceManagementClient/6.15.1"
        ]
      },
      "RequestBody": "",
      "ResponseHeaders": {
        "Cache-Control": [
          "no-cache"
        ],
        "Pragma": [
          "no-cache"
        ],
        "x-ms-ratelimit-remaining-subscription-reads": [
          "11999"
        ],
        "x-ms-request-id": [
          "e62729d2-3fd9-40b9-a55e-2211bd86d54a"
        ],
        "x-ms-correlation-request-id": [
          "e62729d2-3fd9-40b9-a55e-2211bd86d54a"
        ],
        "x-ms-routing-request-id": [
          "WESTUS:20240227T194002Z:e62729d2-3fd9-40b9-a55e-2211bd86d54a"
        ],
        "Strict-Transport-Security": [
          "max-age=31536000; includeSubDomains"
        ],
        "X-Content-Type-Options": [
          "nosniff"
        ],
        "X-Cache": [
          "CONFIG_NOCACHE"
        ],
        "X-MSEdge-Ref": [
          "Ref A: C34F9EC40080464C982FF2AEA45920ED Ref B: SJC211051204039 Ref C: 2024-02-27T19:40:02Z"
        ],
        "Date": [
          "Tue, 27 Feb 2024 19:40:02 GMT"
        ],
        "Content-Length": [
          "631"
        ],
        "Content-Type": [
          "application/json; charset=utf-8"
        ],
        "Expires": [
          "-1"
        ],
        "Retry-After": [
          "0"
        ]
      },
      "ResponseBody": "{\r\n  \"value\": [\r\n    {\r\n      \"id\": \"/subscriptions/a1bfa635-f2bf-42f1-86b5-848c674fc321/providers/Microsoft.Resources/deployments/ps2773-24022719bnzwi/operations/38B77F1D7F608A8D\",\r\n      \"operationId\": \"38B77F1D7F608A8D\",\r\n      \"properties\": {\r\n        \"provisioningOperation\": \"Create\",\r\n        \"provisioningState\": \"Running\",\r\n        \"timestamp\": \"2024-02-27T19:39:55.7633787Z\",\r\n        \"duration\": \"PT1.9435948S\",\r\n        \"trackingId\": \"5a150bf8-43a9-4544-8672-1d67a8143809\",\r\n        \"statusCode\": \"OK\",\r\n        \"targetResource\": {\r\n          \"id\": \"/subscriptions/4ce8c9fe-cadc-47d6-9c76-335812fd59df/providers/Microsoft.Resources/deployments/stacksMGtestmod\",\r\n          \"resourceType\": \"Microsoft.Resources/deployments\",\r\n          \"resourceName\": \"stacksMGtestmod\"\r\n        }\r\n      }\r\n    }\r\n  ]\r\n}",
      "StatusCode": 200
    },
    {
      "RequestUri": "/subscriptions/a1bfa635-f2bf-42f1-86b5-848c674fc321/providers/Microsoft.Resources/deployments/ps2773-24022719bnzwi/operations?api-version=2022-09-01",
      "EncodedRequestUri": "L3N1YnNjcmlwdGlvbnMvYTFiZmE2MzUtZjJiZi00MmYxLTg2YjUtODQ4YzY3NGZjMzIxL3Byb3ZpZGVycy9NaWNyb3NvZnQuUmVzb3VyY2VzL2RlcGxveW1lbnRzL3BzMjc3My0yNDAyMjcxOWJuendpL29wZXJhdGlvbnM/YXBpLXZlcnNpb249MjAyMi0wOS0wMQ==",
      "RequestMethod": "GET",
      "RequestHeaders": {
        "x-ms-client-request-id": [
          "a3114ad4-92e9-4a91-abcb-3d0958bc2b2f"
        ],
        "Accept-Language": [
          "en-US"
        ],
        "User-Agent": [
          "FxVersion/6.0.2724.6912",
          "OSName/Windows",
          "OSVersion/Microsoft.Windows.10.0.22621",
          "Microsoft.Azure.Management.Resources.ResourceManagementClient/6.15.1"
        ]
      },
      "RequestBody": "",
      "ResponseHeaders": {
        "Cache-Control": [
          "no-cache"
        ],
        "Pragma": [
          "no-cache"
        ],
        "x-ms-ratelimit-remaining-subscription-reads": [
          "11998"
        ],
        "x-ms-request-id": [
          "24a244d7-86ac-455e-91e2-208b9df39566"
        ],
        "x-ms-correlation-request-id": [
          "24a244d7-86ac-455e-91e2-208b9df39566"
        ],
        "x-ms-routing-request-id": [
          "WESTUS:20240227T194012Z:24a244d7-86ac-455e-91e2-208b9df39566"
        ],
        "Strict-Transport-Security": [
          "max-age=31536000; includeSubDomains"
        ],
        "X-Content-Type-Options": [
          "nosniff"
        ],
        "X-Cache": [
          "CONFIG_NOCACHE"
        ],
        "X-MSEdge-Ref": [
          "Ref A: 9A8458F3A4BD440EB03B6A255ADBE448 Ref B: SJC211051204039 Ref C: 2024-02-27T19:40:12Z"
        ],
        "Date": [
          "Tue, 27 Feb 2024 19:40:12 GMT"
        ],
        "Content-Length": [
          "1065"
        ],
        "Content-Type": [
          "application/json; charset=utf-8"
        ],
        "Expires": [
          "-1"
        ],
        "Retry-After": [
          "0"
        ]
      },
      "ResponseBody": "{\r\n  \"value\": [\r\n    {\r\n      \"id\": \"/subscriptions/a1bfa635-f2bf-42f1-86b5-848c674fc321/providers/Microsoft.Resources/deployments/ps2773-24022719bnzwi/operations/38B77F1D7F608A8D\",\r\n      \"operationId\": \"38B77F1D7F608A8D\",\r\n      \"properties\": {\r\n        \"provisioningOperation\": \"Create\",\r\n        \"provisioningState\": \"Succeeded\",\r\n        \"timestamp\": \"2024-02-27T19:40:11.4252573Z\",\r\n        \"duration\": \"PT17.6054734S\",\r\n        \"trackingId\": \"349a46af-66be-4a14-8953-bdd199f1500e\",\r\n        \"statusCode\": \"OK\",\r\n        \"targetResource\": {\r\n          \"id\": \"/subscriptions/4ce8c9fe-cadc-47d6-9c76-335812fd59df/providers/Microsoft.Resources/deployments/stacksMGtestmod\",\r\n          \"resourceType\": \"Microsoft.Resources/deployments\",\r\n          \"resourceName\": \"stacksMGtestmod\"\r\n        }\r\n      }\r\n    },\r\n    {\r\n      \"id\": \"/subscriptions/a1bfa635-f2bf-42f1-86b5-848c674fc321/providers/Microsoft.Resources/deployments/ps2773-24022719bnzwi/operations/08584925440925640178\",\r\n      \"operationId\": \"08584925440925640178\",\r\n      \"properties\": {\r\n        \"provisioningOperation\": \"EvaluateDeploymentOutput\",\r\n        \"provisioningState\": \"Succeeded\",\r\n        \"timestamp\": \"2024-02-27T19:40:11.5196203Z\",\r\n        \"duration\": \"PT17.6998364S\",\r\n        \"trackingId\": \"6993f32d-fc9c-4f5a-a7d3-4ded6b7a5f77\",\r\n        \"statusCode\": \"OK\"\r\n      }\r\n    }\r\n  ]\r\n}",
      "StatusCode": 200
    },
    {
      "RequestUri": "/subscriptions/a1bfa635-f2bf-42f1-86b5-848c674fc321/providers/Microsoft.Resources/deployments/ps2773-24022719bnzwi?api-version=2022-09-01",
      "EncodedRequestUri": "L3N1YnNjcmlwdGlvbnMvYTFiZmE2MzUtZjJiZi00MmYxLTg2YjUtODQ4YzY3NGZjMzIxL3Byb3ZpZGVycy9NaWNyb3NvZnQuUmVzb3VyY2VzL2RlcGxveW1lbnRzL3BzMjc3My0yNDAyMjcxOWJuendpP2FwaS12ZXJzaW9uPTIwMjItMDktMDE=",
      "RequestMethod": "GET",
      "RequestHeaders": {
        "x-ms-client-request-id": [
          "a3114ad4-92e9-4a91-abcb-3d0958bc2b2f"
        ],
        "Accept-Language": [
          "en-US"
        ],
        "User-Agent": [
          "FxVersion/6.0.2724.6912",
          "OSName/Windows",
          "OSVersion/Microsoft.Windows.10.0.22621",
          "Microsoft.Azure.Management.Resources.ResourceManagementClient/6.15.1"
        ]
      },
      "RequestBody": "",
      "ResponseHeaders": {
        "Cache-Control": [
          "no-cache"
        ],
        "Pragma": [
          "no-cache"
        ],
        "Retry-After": [
          "0"
        ],
        "x-ms-ratelimit-remaining-subscription-reads": [
          "11999"
        ],
        "x-ms-request-id": [
          "09957070-66bc-458a-990e-6111037d76c7"
        ],
        "x-ms-correlation-request-id": [
          "09957070-66bc-458a-990e-6111037d76c7"
        ],
        "x-ms-routing-request-id": [
          "WESTUS:20240227T194003Z:09957070-66bc-458a-990e-6111037d76c7"
        ],
        "Strict-Transport-Security": [
          "max-age=31536000; includeSubDomains"
        ],
        "X-Content-Type-Options": [
          "nosniff"
        ],
        "X-Cache": [
          "CONFIG_NOCACHE"
        ],
        "X-MSEdge-Ref": [
          "Ref A: 8A290EBEEBB64ED4952A9F82C93831D3 Ref B: SJC211051204039 Ref C: 2024-02-27T19:40:03Z"
        ],
        "Date": [
          "Tue, 27 Feb 2024 19:40:02 GMT"
        ],
        "Content-Length": [
          "993"
        ],
        "Content-Type": [
          "application/json; charset=utf-8"
        ],
        "Expires": [
          "-1"
        ]
      },
      "ResponseBody": "{\r\n  \"id\": \"/subscriptions/a1bfa635-f2bf-42f1-86b5-848c674fc321/providers/Microsoft.Resources/deployments/ps2773-24022719bnzwi\",\r\n  \"name\": \"ps2773-24022719bnzwi\",\r\n  \"type\": \"Microsoft.Resources/deployments\",\r\n  \"location\": \"westus2\",\r\n  \"properties\": {\r\n    \"templateLink\": {\r\n      \"id\": \"/subscriptions/a1bfa635-f2bf-42f1-86b5-848c674fc321/resourceGroups/ps5760/providers/Microsoft.Resources/templateSpecs/ps7975/versions/v1\",\r\n      \"contentVersion\": \"1.0.0.0\"\r\n    },\r\n    \"templateHash\": \"13529450622016881009\",\r\n    \"parameters\": {\r\n      \"subId\": {\r\n        \"type\": \"String\",\r\n        \"value\": \"4ce8c9fe-cadc-47d6-9c76-335812fd59df\"\r\n      },\r\n      \"moduleName\": {\r\n        \"type\": \"String\",\r\n        \"value\": \"stacksMGtestmod\"\r\n      },\r\n      \"policyDefinitionName\": {\r\n        \"type\": \"String\",\r\n        \"value\": \"PSCmdletTestPolicy476223\"\r\n      }\r\n    },\r\n    \"mode\": \"Incremental\",\r\n    \"provisioningState\": \"Running\",\r\n    \"timestamp\": \"2024-02-27T19:39:55.5837423Z\",\r\n    \"duration\": \"PT2.5208722S\",\r\n    \"correlationId\": \"528a3b96-64fd-4c73-96e1-44401eccb38c\",\r\n    \"providers\": [\r\n      {\r\n        \"namespace\": \"Microsoft.Resources\",\r\n        \"resourceTypes\": [\r\n          {\r\n            \"resourceType\": \"deployments\",\r\n            \"locations\": [\r\n              \"westus2\"\r\n            ]\r\n          }\r\n        ]\r\n      }\r\n    ],\r\n    \"dependencies\": []\r\n  }\r\n}",
      "StatusCode": 200
    },
    {
      "RequestUri": "/subscriptions/a1bfa635-f2bf-42f1-86b5-848c674fc321/providers/Microsoft.Resources/deployments/ps2773-24022719bnzwi?api-version=2022-09-01",
      "EncodedRequestUri": "L3N1YnNjcmlwdGlvbnMvYTFiZmE2MzUtZjJiZi00MmYxLTg2YjUtODQ4YzY3NGZjMzIxL3Byb3ZpZGVycy9NaWNyb3NvZnQuUmVzb3VyY2VzL2RlcGxveW1lbnRzL3BzMjc3My0yNDAyMjcxOWJuendpP2FwaS12ZXJzaW9uPTIwMjItMDktMDE=",
      "RequestMethod": "GET",
      "RequestHeaders": {
        "x-ms-client-request-id": [
          "a3114ad4-92e9-4a91-abcb-3d0958bc2b2f"
        ],
        "Accept-Language": [
          "en-US"
        ],
        "User-Agent": [
          "FxVersion/6.0.2724.6912",
          "OSName/Windows",
          "OSVersion/Microsoft.Windows.10.0.22621",
          "Microsoft.Azure.Management.Resources.ResourceManagementClient/6.15.1"
        ]
      },
      "RequestBody": "",
      "ResponseHeaders": {
        "Cache-Control": [
          "no-cache"
        ],
        "Pragma": [
          "no-cache"
        ],
        "x-ms-ratelimit-remaining-subscription-reads": [
          "11999"
        ],
        "x-ms-request-id": [
          "a6687695-3d71-4ddb-8516-716563896cdd"
        ],
        "x-ms-correlation-request-id": [
          "a6687695-3d71-4ddb-8516-716563896cdd"
        ],
        "x-ms-routing-request-id": [
          "WESTUS:20240227T194012Z:a6687695-3d71-4ddb-8516-716563896cdd"
        ],
        "Strict-Transport-Security": [
          "max-age=31536000; includeSubDomains"
        ],
        "X-Content-Type-Options": [
          "nosniff"
        ],
        "X-Cache": [
          "CONFIG_NOCACHE"
        ],
        "X-MSEdge-Ref": [
          "Ref A: EA47B2DEC2A143F6B312ABFB8D2F9816 Ref B: SJC211051204039 Ref C: 2024-02-27T19:40:12Z"
        ],
        "Date": [
          "Tue, 27 Feb 2024 19:40:12 GMT"
        ],
        "Content-Length": [
          "1154"
        ],
        "Content-Type": [
          "application/json; charset=utf-8"
        ],
        "Expires": [
          "-1"
        ],
        "Retry-After": [
          "0"
        ]
      },
      "ResponseBody": "{\r\n  \"id\": \"/subscriptions/a1bfa635-f2bf-42f1-86b5-848c674fc321/providers/Microsoft.Resources/deployments/ps2773-24022719bnzwi\",\r\n  \"name\": \"ps2773-24022719bnzwi\",\r\n  \"type\": \"Microsoft.Resources/deployments\",\r\n  \"location\": \"westus2\",\r\n  \"properties\": {\r\n    \"templateLink\": {\r\n      \"id\": \"/subscriptions/a1bfa635-f2bf-42f1-86b5-848c674fc321/resourceGroups/ps5760/providers/Microsoft.Resources/templateSpecs/ps7975/versions/v1\",\r\n      \"contentVersion\": \"1.0.0.0\"\r\n    },\r\n    \"templateHash\": \"13529450622016881009\",\r\n    \"parameters\": {\r\n      \"subId\": {\r\n        \"type\": \"String\",\r\n        \"value\": \"4ce8c9fe-cadc-47d6-9c76-335812fd59df\"\r\n      },\r\n      \"moduleName\": {\r\n        \"type\": \"String\",\r\n        \"value\": \"stacksMGtestmod\"\r\n      },\r\n      \"policyDefinitionName\": {\r\n        \"type\": \"String\",\r\n        \"value\": \"PSCmdletTestPolicy476223\"\r\n      }\r\n    },\r\n    \"mode\": \"Incremental\",\r\n    \"provisioningState\": \"Succeeded\",\r\n    \"timestamp\": \"2024-02-27T19:40:11.5343492Z\",\r\n    \"duration\": \"PT18.4714791S\",\r\n    \"correlationId\": \"528a3b96-64fd-4c73-96e1-44401eccb38c\",\r\n    \"providers\": [\r\n      {\r\n        \"namespace\": \"Microsoft.Resources\",\r\n        \"resourceTypes\": [\r\n          {\r\n            \"resourceType\": \"deployments\",\r\n            \"locations\": [\r\n              \"westus2\"\r\n            ]\r\n          }\r\n        ]\r\n      }\r\n    ],\r\n    \"dependencies\": [],\r\n    \"outputResources\": [\r\n      {\r\n        \"id\": \"/subscriptions/4ce8c9fe-cadc-47d6-9c76-335812fd59df/providers/Microsoft.Authorization/policyDefinitions/PSCmdletTestPolicy476223\"\r\n      }\r\n    ]\r\n  }\r\n}",
      "StatusCode": 200
    },
    {
      "RequestUri": "/providers/Microsoft.Management/managementGroups/AzBlueprintAssignTest/providers/Microsoft.Resources/deploymentStacks/ps2773/exportTemplate?api-version=2022-08-01-preview",
      "EncodedRequestUri": "L3Byb3ZpZGVycy9NaWNyb3NvZnQuTWFuYWdlbWVudC9tYW5hZ2VtZW50R3JvdXBzL0F6Qmx1ZXByaW50QXNzaWduVGVzdC9wcm92aWRlcnMvTWljcm9zb2Z0LlJlc291cmNlcy9kZXBsb3ltZW50U3RhY2tzL3BzMjc3My9leHBvcnRUZW1wbGF0ZT9hcGktdmVyc2lvbj0yMDIyLTA4LTAxLXByZXZpZXc=",
      "RequestMethod": "POST",
      "RequestHeaders": {
        "x-ms-client-request-id": [
          "f0fc63d3-b16e-4090-baae-e8c95450556d"
        ],
        "Accept-Language": [
          "en-US"
        ],
        "User-Agent": [
          "FxVersion/6.0.2724.6912",
          "OSName/Windows",
          "OSVersion/Microsoft.Windows.10.0.22621",
          "Microsoft.Azure.Management.Resources.DeploymentStacksClient/6.15.1"
        ]
      },
      "RequestBody": "",
      "ResponseHeaders": {
        "Cache-Control": [
          "no-cache"
        ],
        "Pragma": [
          "no-cache"
        ],
        "x-ms-request-id": [
          "b3d7851e-2342-4502-8eba-5cfb21b6a1ea"
        ],
        "x-ms-ratelimit-remaining-tenant-writes": [
          "1199"
        ],
        "x-ms-correlation-request-id": [
          "27b9cfac-635f-4302-8a54-4751a406fd61"
        ],
        "x-ms-routing-request-id": [
          "WESTUS:20240227T194018Z:27b9cfac-635f-4302-8a54-4751a406fd61"
        ],
        "Strict-Transport-Security": [
          "max-age=31536000; includeSubDomains"
        ],
        "X-Content-Type-Options": [
          "nosniff"
        ],
        "X-Cache": [
          "CONFIG_NOCACHE"
        ],
        "X-MSEdge-Ref": [
          "Ref A: 5B15265536004E4EB0408ECB9310F320 Ref B: SJC211051205029 Ref C: 2024-02-27T19:40:17Z"
        ],
        "Date": [
          "Tue, 27 Feb 2024 19:40:18 GMT"
        ],
        "Content-Length": [
          "180"
        ],
        "Content-Type": [
          "application/json; charset=utf-8"
        ],
        "Expires": [
          "-1"
        ],
        "Retry-After": [
          "0"
        ]
      },
      "ResponseBody": "{\r\n  \"templateLink\": {\r\n    \"id\": \"/subscriptions/a1bfa635-f2bf-42f1-86b5-848c674fc321/resourceGroups/ps5760/providers/Microsoft.Resources/templateSpecs/ps7975/versions/v1\"\r\n  }\r\n}",
      "StatusCode": 200
    },
    {
      "RequestUri": "/providers/Microsoft.Management/managementGroups/AzBlueprintAssignTest/providers/Microsoft.Resources/deploymentStacks/ps2773?unmanageAction.Resources=delete&unmanageAction.ResourceGroups=delete&api-version=2022-08-01-preview",
      "EncodedRequestUri": "L3Byb3ZpZGVycy9NaWNyb3NvZnQuTWFuYWdlbWVudC9tYW5hZ2VtZW50R3JvdXBzL0F6Qmx1ZXByaW50QXNzaWduVGVzdC9wcm92aWRlcnMvTWljcm9zb2Z0LlJlc291cmNlcy9kZXBsb3ltZW50U3RhY2tzL3BzMjc3Mz91bm1hbmFnZUFjdGlvbi5SZXNvdXJjZXM9ZGVsZXRlJnVubWFuYWdlQWN0aW9uLlJlc291cmNlR3JvdXBzPWRlbGV0ZSZhcGktdmVyc2lvbj0yMDIyLTA4LTAxLXByZXZpZXc=",
      "RequestMethod": "DELETE",
      "RequestHeaders": {
        "x-ms-client-request-id": [
          "39b624c2-a8dd-4370-98e6-9324fb8fef3a"
        ],
        "Accept-Language": [
          "en-US"
        ],
        "User-Agent": [
          "FxVersion/6.0.2724.6912",
          "OSName/Windows",
          "OSVersion/Microsoft.Windows.10.0.22621",
          "Microsoft.Azure.Management.Resources.DeploymentStacksClient/6.15.1"
        ]
      },
      "RequestBody": "",
      "ResponseHeaders": {
        "Cache-Control": [
          "no-cache"
        ],
        "Pragma": [
          "no-cache"
        ],
        "Retry-After": [
          "0"
        ],
        "Azure-AsyncOperation": [
          "https://management.azure.com/providers/Microsoft.Resources/locations/westus2/deploymentStackOperationStatus/20ebb078-9cb2-4465-b7d9-95c8a43b4d78?unmanageAction.Resources=delete&unmanageAction.ResourceGroups=delete&api-version=2022-08-01-preview&t=638446596190079370&c=MIIHADCCBeigAwIBAgITfARnJNBquoML0OGeGQAABGck0DANBgkqhkiG9w0BAQsFADBEMRMwEQYKCZImiZPyLGQBGRYDR0JMMRMwEQYKCZImiZPyLGQBGRYDQU1FMRgwFgYDVQQDEw9BTUUgSW5mcmEgQ0EgMDUwHhcNMjQwMjAxMjAwMjM1WhcNMjUwMTI2MjAwMjM1WjBAMT4wPAYDVQQDEzVhc3luY29wZXJhdGlvbnNpZ25pbmdjZXJ0aWZpY2F0ZS5tYW5hZ2VtZW50LmF6dXJlLmNvbTCCASIwDQYJKoZIhvcNAQEBBQADggEPADCCAQoCggEBAMnjcJSudd5JiagCaO5L0tH9LHCwY_7Ckh7DuLuAEwTMuo1Tb9GahjQRXuBukNCRgQ6f58Xor0k2pYaRt3RUtnt-CmojofFxsp-hrVyQDhP0xkJ5GIrmJ6tZJJFXgoHW5h43ftb6F88cdehlofXBbjpemGdtFpGaINH4e8DcZAt21iMn9yOr0Tmg-z_2Ixj-TaVP7ttPQcKYAo1eiepXwMCT-I4ty_aieF4Qk_MxoPqnnypdMzIThkixWJRCEQvpYHwnbQQw5uyPgEAxKjHjERG2nlO2EIX7lGH_1fEojEYKGj84-8gHXFveahRVa6ZPij7XMWfXQZWdo2aj6sMRX8UCAwEAAaOCA-0wggPpMCcGCSsGAQQBgjcVCgQaMBgwCgYIKwYBBQUHAwEwCgYIKwYBBQUHAwIwPQYJKwYBBAGCNxUHBDAwLgYmKwYBBAGCNxUIhpDjDYTVtHiE8Ys-hZvdFs6dEoFggvX2K4Py0SACAWQCAQowggHLBggrBgEFBQcBAQSCAb0wggG5MGMGCCsGAQUFBzAChldodHRwOi8vY3JsLm1pY3Jvc29mdC5jb20vcGtpaW5mcmEvQ2VydHMvQ08xUEtJSU5UQ0EwMS5BTUUuR0JMX0FNRSUyMEluZnJhJTIwQ0ElMjAwNS5jcnQwUwYIKwYBBQUHMAKGR2h0dHA6Ly9jcmwxLmFtZS5nYmwvYWlhL0NPMVBLSUlOVENBMDEuQU1FLkdCTF9BTUUlMjBJbmZyYSUyMENBJTIwMDUuY3J0MFMGCCsGAQUFBzAChkdodHRwOi8vY3JsMi5hbWUuZ2JsL2FpYS9DTzFQS0lJTlRDQTAxLkFNRS5HQkxfQU1FJTIwSW5mcmElMjBDQSUyMDA1LmNydDBTBggrBgEFBQcwAoZHaHR0cDovL2NybDMuYW1lLmdibC9haWEvQ08xUEtJSU5UQ0EwMS5BTUUuR0JMX0FNRSUyMEluZnJhJTIwQ0ElMjAwNS5jcnQwUwYIKwYBBQUHMAKGR2h0dHA6Ly9jcmw0LmFtZS5nYmwvYWlhL0NPMVBLSUlOVENBMDEuQU1FLkdCTF9BTUUlMjBJbmZyYSUyMENBJTIwMDUuY3J0MB0GA1UdDgQWBBQITL4rvpPHvyRi9mp1Xb66cjU50zAOBgNVHQ8BAf8EBAMCBaAwggEmBgNVHR8EggEdMIIBGTCCARWgggERoIIBDYY_aHR0cDovL2NybC5taWNyb3NvZnQuY29tL3BraWluZnJhL0NSTC9BTUUlMjBJbmZyYSUyMENBJTIwMDUuY3JshjFodHRwOi8vY3JsMS5hbWUuZ2JsL2NybC9BTUUlMjBJbmZyYSUyMENBJTIwMDUuY3JshjFodHRwOi8vY3JsMi5hbWUuZ2JsL2NybC9BTUUlMjBJbmZyYSUyMENBJTIwMDUuY3JshjFodHRwOi8vY3JsMy5hbWUuZ2JsL2NybC9BTUUlMjBJbmZyYSUyMENBJTIwMDUuY3JshjFodHRwOi8vY3JsNC5hbWUuZ2JsL2NybC9BTUUlMjBJbmZyYSUyMENBJTIwMDUuY3JsMBcGA1UdIAQQMA4wDAYKKwYBBAGCN3sBATAfBgNVHSMEGDAWgBR61hmFKHlscXYeYPjzS--iBUIWHTAdBgNVHSUEFjAUBggrBgEFBQcDAQYIKwYBBQUHAwIwDQYJKoZIhvcNAQELBQADggEBAF9wsVY5GPv3eQNDdOO3pX2IJsz5n5bMuVN0DqeMoBkFFfk4UWmFDChWzbFNYlcFaVFC2RHGlRYoa4Shec_5_9qIkBA7MbjW1rd15-n3LCXGb_SUGAoJ2QjX_OAXbzgS4slLZCIe0zJCKCEvv7NUTzNo6MvpD3KUxAAbKf7XDOl8hHVDhpJxr64cDohqGiLjy7aI6A_zY5ZWzQLMCd_WxuXu6eEc_faoOML9lugh1NkAR2tvKevlf-S2xAELwFyE3Dbrf_JFOuvA8Ny7J5Y47A5GopbtZljdnMXkGfpUECKiaY_q2iLrlSyhK0925bX4zz3LLD903HZectExoCXSYb0&s=ILE-RVUZrJYtrX21a52dKHnagYzYTDjekyLMlp054wi39syMGeW9FeNf4tBytPU50FacRBEsvD3KMser9HoWDqLBgL1f25DM5nCAm1ykqbYFYnCF_hzey9smfKN1N_qYLeshUzDlruDRrD8pf8xklXUbGuYr5yxID5qtP5Qn9DzVNyjP-75ZPhahrjAdloa5csnGpZP0Mut_yRM_FKhPySUoEOVfs92rIBZgI-NSRT99_71QdWOAVF9EqkjyPAhhVT2zpB9dpzm81bimtpesxIxtWDYUOx5Pgv-SNyuniqMt5Q2Rilm-HHlazjadxxXEBKVv2zBFn5lZ4AHpHNaH5Q&h=p4LkBO6a13mCKikax9AHo7cWLNs9sSrPi6Q2BfBJfBc"
        ],
        "x-ms-request-id": [
          "de53689e-424a-467e-8228-0ed9899fe6f1"
        ],
        "x-ms-ratelimit-remaining-tenant-deletes": [
          "14999"
        ],
        "x-ms-correlation-request-id": [
          "d41a3dc6-452b-4a27-a9ac-cc2bcfe0c496"
        ],
        "x-ms-routing-request-id": [
          "WESTUS:20240227T194019Z:d41a3dc6-452b-4a27-a9ac-cc2bcfe0c496"
        ],
        "Strict-Transport-Security": [
          "max-age=31536000; includeSubDomains"
        ],
        "X-Content-Type-Options": [
          "nosniff"
        ],
        "X-Cache": [
          "CONFIG_NOCACHE"
        ],
        "X-MSEdge-Ref": [
          "Ref A: D001ED4F3C2C460C8693A845A3B0050A Ref B: SJC211051204029 Ref C: 2024-02-27T19:40:18Z"
        ],
        "Date": [
          "Tue, 27 Feb 2024 19:40:18 GMT"
        ],
        "Expires": [
          "-1"
        ],
        "Content-Length": [
          "0"
        ]
      },
      "ResponseBody": "",
      "StatusCode": 202
    },
    {
      "RequestUri": "/providers/Microsoft.Resources/locations/westus2/deploymentStackOperationStatus/20ebb078-9cb2-4465-b7d9-95c8a43b4d78?unmanageAction.Resources=delete&unmanageAction.ResourceGroups=delete&api-version=2022-08-01-preview&t=638446596190079370&c=MIIHADCCBeigAwIBAgITfARnJNBquoML0OGeGQAABGck0DANBgkqhkiG9w0BAQsFADBEMRMwEQYKCZImiZPyLGQBGRYDR0JMMRMwEQYKCZImiZPyLGQBGRYDQU1FMRgwFgYDVQQDEw9BTUUgSW5mcmEgQ0EgMDUwHhcNMjQwMjAxMjAwMjM1WhcNMjUwMTI2MjAwMjM1WjBAMT4wPAYDVQQDEzVhc3luY29wZXJhdGlvbnNpZ25pbmdjZXJ0aWZpY2F0ZS5tYW5hZ2VtZW50LmF6dXJlLmNvbTCCASIwDQYJKoZIhvcNAQEBBQADggEPADCCAQoCggEBAMnjcJSudd5JiagCaO5L0tH9LHCwY_7Ckh7DuLuAEwTMuo1Tb9GahjQRXuBukNCRgQ6f58Xor0k2pYaRt3RUtnt-CmojofFxsp-hrVyQDhP0xkJ5GIrmJ6tZJJFXgoHW5h43ftb6F88cdehlofXBbjpemGdtFpGaINH4e8DcZAt21iMn9yOr0Tmg-z_2Ixj-TaVP7ttPQcKYAo1eiepXwMCT-I4ty_aieF4Qk_MxoPqnnypdMzIThkixWJRCEQvpYHwnbQQw5uyPgEAxKjHjERG2nlO2EIX7lGH_1fEojEYKGj84-8gHXFveahRVa6ZPij7XMWfXQZWdo2aj6sMRX8UCAwEAAaOCA-0wggPpMCcGCSsGAQQBgjcVCgQaMBgwCgYIKwYBBQUHAwEwCgYIKwYBBQUHAwIwPQYJKwYBBAGCNxUHBDAwLgYmKwYBBAGCNxUIhpDjDYTVtHiE8Ys-hZvdFs6dEoFggvX2K4Py0SACAWQCAQowggHLBggrBgEFBQcBAQSCAb0wggG5MGMGCCsGAQUFBzAChldodHRwOi8vY3JsLm1pY3Jvc29mdC5jb20vcGtpaW5mcmEvQ2VydHMvQ08xUEtJSU5UQ0EwMS5BTUUuR0JMX0FNRSUyMEluZnJhJTIwQ0ElMjAwNS5jcnQwUwYIKwYBBQUHMAKGR2h0dHA6Ly9jcmwxLmFtZS5nYmwvYWlhL0NPMVBLSUlOVENBMDEuQU1FLkdCTF9BTUUlMjBJbmZyYSUyMENBJTIwMDUuY3J0MFMGCCsGAQUFBzAChkdodHRwOi8vY3JsMi5hbWUuZ2JsL2FpYS9DTzFQS0lJTlRDQTAxLkFNRS5HQkxfQU1FJTIwSW5mcmElMjBDQSUyMDA1LmNydDBTBggrBgEFBQcwAoZHaHR0cDovL2NybDMuYW1lLmdibC9haWEvQ08xUEtJSU5UQ0EwMS5BTUUuR0JMX0FNRSUyMEluZnJhJTIwQ0ElMjAwNS5jcnQwUwYIKwYBBQUHMAKGR2h0dHA6Ly9jcmw0LmFtZS5nYmwvYWlhL0NPMVBLSUlOVENBMDEuQU1FLkdCTF9BTUUlMjBJbmZyYSUyMENBJTIwMDUuY3J0MB0GA1UdDgQWBBQITL4rvpPHvyRi9mp1Xb66cjU50zAOBgNVHQ8BAf8EBAMCBaAwggEmBgNVHR8EggEdMIIBGTCCARWgggERoIIBDYY_aHR0cDovL2NybC5taWNyb3NvZnQuY29tL3BraWluZnJhL0NSTC9BTUUlMjBJbmZyYSUyMENBJTIwMDUuY3JshjFodHRwOi8vY3JsMS5hbWUuZ2JsL2NybC9BTUUlMjBJbmZyYSUyMENBJTIwMDUuY3JshjFodHRwOi8vY3JsMi5hbWUuZ2JsL2NybC9BTUUlMjBJbmZyYSUyMENBJTIwMDUuY3JshjFodHRwOi8vY3JsMy5hbWUuZ2JsL2NybC9BTUUlMjBJbmZyYSUyMENBJTIwMDUuY3JshjFodHRwOi8vY3JsNC5hbWUuZ2JsL2NybC9BTUUlMjBJbmZyYSUyMENBJTIwMDUuY3JsMBcGA1UdIAQQMA4wDAYKKwYBBAGCN3sBATAfBgNVHSMEGDAWgBR61hmFKHlscXYeYPjzS--iBUIWHTAdBgNVHSUEFjAUBggrBgEFBQcDAQYIKwYBBQUHAwIwDQYJKoZIhvcNAQELBQADggEBAF9wsVY5GPv3eQNDdOO3pX2IJsz5n5bMuVN0DqeMoBkFFfk4UWmFDChWzbFNYlcFaVFC2RHGlRYoa4Shec_5_9qIkBA7MbjW1rd15-n3LCXGb_SUGAoJ2QjX_OAXbzgS4slLZCIe0zJCKCEvv7NUTzNo6MvpD3KUxAAbKf7XDOl8hHVDhpJxr64cDohqGiLjy7aI6A_zY5ZWzQLMCd_WxuXu6eEc_faoOML9lugh1NkAR2tvKevlf-S2xAELwFyE3Dbrf_JFOuvA8Ny7J5Y47A5GopbtZljdnMXkGfpUECKiaY_q2iLrlSyhK0925bX4zz3LLD903HZectExoCXSYb0&s=ILE-RVUZrJYtrX21a52dKHnagYzYTDjekyLMlp054wi39syMGeW9FeNf4tBytPU50FacRBEsvD3KMser9HoWDqLBgL1f25DM5nCAm1ykqbYFYnCF_hzey9smfKN1N_qYLeshUzDlruDRrD8pf8xklXUbGuYr5yxID5qtP5Qn9DzVNyjP-75ZPhahrjAdloa5csnGpZP0Mut_yRM_FKhPySUoEOVfs92rIBZgI-NSRT99_71QdWOAVF9EqkjyPAhhVT2zpB9dpzm81bimtpesxIxtWDYUOx5Pgv-SNyuniqMt5Q2Rilm-HHlazjadxxXEBKVv2zBFn5lZ4AHpHNaH5Q&h=p4LkBO6a13mCKikax9AHo7cWLNs9sSrPi6Q2BfBJfBc",
      "EncodedRequestUri": "L3Byb3ZpZGVycy9NaWNyb3NvZnQuUmVzb3VyY2VzL2xvY2F0aW9ucy93ZXN0dXMyL2RlcGxveW1lbnRTdGFja09wZXJhdGlvblN0YXR1cy8yMGViYjA3OC05Y2IyLTQ0NjUtYjdkOS05NWM4YTQzYjRkNzg/dW5tYW5hZ2VBY3Rpb24uUmVzb3VyY2VzPWRlbGV0ZSZ1bm1hbmFnZUFjdGlvbi5SZXNvdXJjZUdyb3Vwcz1kZWxldGUmYXBpLXZlcnNpb249MjAyMi0wOC0wMS1wcmV2aWV3JnQ9NjM4NDQ2NTk2MTkwMDc5MzcwJmM9TUlJSEFEQ0NCZWlnQXdJQkFnSVRmQVJuSk5CcXVvTUwwT0dlR1FBQUJHY2swREFOQmdrcWhraUc5dzBCQVFzRkFEQkVNUk13RVFZS0NaSW1pWlB5TEdRQkdSWURSMEpNTVJNd0VRWUtDWkltaVpQeUxHUUJHUllEUVUxRk1SZ3dGZ1lEVlFRREV3OUJUVVVnU1c1bWNtRWdRMEVnTURVd0hoY05NalF3TWpBeE1qQXdNak0xV2hjTk1qVXdNVEkyTWpBd01qTTFXakJBTVQ0d1BBWURWUVFERXpWaGMzbHVZMjl3WlhKaGRHbHZibk5wWjI1cGJtZGpaWEowYVdacFkyRjBaUzV0WVc1aFoyVnRaVzUwTG1GNmRYSmxMbU52YlRDQ0FTSXdEUVlKS29aSWh2Y05BUUVCQlFBRGdnRVBBRENDQVFvQ2dnRUJBTW5qY0pTdWRkNUppYWdDYU81TDB0SDlMSEN3WV83Q2toN0R1THVBRXdUTXVvMVRiOUdhaGpRUlh1QnVrTkNSZ1E2ZjU4WG9yMGsycFlhUnQzUlV0bnQtQ21vam9mRnhzcC1oclZ5UURoUDB4a0o1R0lybUo2dFpKSkZYZ29IVzVoNDNmdGI2Rjg4Y2RlaGxvZlhCYmpwZW1HZHRGcEdhSU5INGU4RGNaQXQyMWlNbjl5T3IwVG1nLXpfMkl4ai1UYVZQN3R0UFFjS1lBbzFlaWVwWHdNQ1QtSTR0eV9haWVGNFFrX014b1Bxbm55cGRNeklUaGtpeFdKUkNFUXZwWUh3bmJRUXc1dXlQZ0VBeEtqSGpFUkcybmxPMkVJWDdsR0hfMWZFb2pFWUtHajg0LThnSFhGdmVhaFJWYTZaUGlqN1hNV2ZYUVpXZG8yYWo2c01SWDhVQ0F3RUFBYU9DQS0wd2dnUHBNQ2NHQ1NzR0FRUUJnamNWQ2dRYU1CZ3dDZ1lJS3dZQkJRVUhBd0V3Q2dZSUt3WUJCUVVIQXdJd1BRWUpLd1lCQkFHQ054VUhCREF3TGdZbUt3WUJCQUdDTnhVSWhwRGpEWVRWdEhpRThZcy1oWnZkRnM2ZEVvRmdndlgySzRQeTBTQUNBV1FDQVFvd2dnSExCZ2dyQmdFRkJRY0JBUVNDQWIwd2dnRzVNR01HQ0NzR0FRVUZCekFDaGxkb2RIUndPaTh2WTNKc0xtMXBZM0p2YzI5bWRDNWpiMjB2Y0d0cGFXNW1jbUV2UTJWeWRITXZRMDh4VUV0SlNVNVVRMEV3TVM1QlRVVXVSMEpNWDBGTlJTVXlNRWx1Wm5KaEpUSXdRMEVsTWpBd05TNWpjblF3VXdZSUt3WUJCUVVITUFLR1IyaDBkSEE2THk5amNtd3hMbUZ0WlM1blltd3ZZV2xoTDBOUE1WQkxTVWxPVkVOQk1ERXVRVTFGTGtkQ1RGOUJUVVVsTWpCSmJtWnlZU1V5TUVOQkpUSXdNRFV1WTNKME1GTUdDQ3NHQVFVRkJ6QUNoa2RvZEhSd09pOHZZM0pzTWk1aGJXVXVaMkpzTDJGcFlTOURUekZRUzBsSlRsUkRRVEF4TGtGTlJTNUhRa3hmUVUxRkpUSXdTVzVtY21FbE1qQkRRU1V5TURBMUxtTnlkREJUQmdnckJnRUZCUWN3QW9aSGFIUjBjRG92TDJOeWJETXVZVzFsTG1kaWJDOWhhV0V2UTA4eFVFdEpTVTVVUTBFd01TNUJUVVV1UjBKTVgwRk5SU1V5TUVsdVpuSmhKVEl3UTBFbE1qQXdOUzVqY25Rd1V3WUlLd1lCQlFVSE1BS0dSMmgwZEhBNkx5OWpjbXcwTG1GdFpTNW5ZbXd2WVdsaEwwTlBNVkJMU1VsT1ZFTkJNREV1UVUxRkxrZENURjlCVFVVbE1qQkpibVp5WVNVeU1FTkJKVEl3TURVdVkzSjBNQjBHQTFVZERnUVdCQlFJVEw0cnZwUEh2eVJpOW1wMVhiNjZjalU1MHpBT0JnTlZIUThCQWY4RUJBTUNCYUF3Z2dFbUJnTlZIUjhFZ2dFZE1JSUJHVENDQVJXZ2dnRVJvSUlCRFlZX2FIUjBjRG92TDJOeWJDNXRhV055YjNOdlpuUXVZMjl0TDNCcmFXbHVabkpoTDBOU1RDOUJUVVVsTWpCSmJtWnlZU1V5TUVOQkpUSXdNRFV1WTNKc2hqRm9kSFJ3T2k4dlkzSnNNUzVoYldVdVoySnNMMk55YkM5QlRVVWxNakJKYm1aeVlTVXlNRU5CSlRJd01EVXVZM0pzaGpGb2RIUndPaTh2WTNKc01pNWhiV1V1WjJKc0wyTnliQzlCVFVVbE1qQkpibVp5WVNVeU1FTkJKVEl3TURVdVkzSnNoakZvZEhSd09pOHZZM0pzTXk1aGJXVXVaMkpzTDJOeWJDOUJUVVVsTWpCSmJtWnlZU1V5TUVOQkpUSXdNRFV1WTNKc2hqRm9kSFJ3T2k4dlkzSnNOQzVoYldVdVoySnNMMk55YkM5QlRVVWxNakJKYm1aeVlTVXlNRU5CSlRJd01EVXVZM0pzTUJjR0ExVWRJQVFRTUE0d0RBWUtLd1lCQkFHQ04zc0JBVEFmQmdOVkhTTUVHREFXZ0JSNjFobUZLSGxzY1hZZVlQanpTLS1pQlVJV0hUQWRCZ05WSFNVRUZqQVVCZ2dyQmdFRkJRY0RBUVlJS3dZQkJRVUhBd0l3RFFZSktvWklodmNOQVFFTEJRQURnZ0VCQUY5d3NWWTVHUHYzZVFORGRPTzNwWDJJSnN6NW41Yk11Vk4wRHFlTW9Ca0ZGZms0VVdtRkRDaFd6YkZOWWxjRmFWRkMyUkhHbFJZb2E0U2hlY181XzlxSWtCQTdNYmpXMXJkMTUtbjNMQ1hHYl9TVUdBb0oyUWpYX09BWGJ6Z1M0c2xMWkNJZTB6SkNLQ0V2djdOVVR6Tm82TXZwRDNLVXhBQWJLZjdYRE9sOGhIVkRocEp4cjY0Y0RvaHFHaUxqeTdhSTZBX3pZNVpXelFMTUNkX1d4dVh1NmVFY19mYW9PTUw5bHVnaDFOa0FSMnR2S2V2bGYtUzJ4QUVMd0Z5RTNEYnJmX0pGT3V2QThOeTdKNVk0N0E1R29wYnRabGpkbk1Ya0dmcFVFQ0tpYVlfcTJpTHJsU3loSzA5MjViWDR6ejNMTEQ5MDNIWmVjdEV4b0NYU1liMCZzPUlMRS1SVlVackpZdHJYMjFhNTJkS0huYWdZellURGpla3lMTWxwMDU0d2kzOXN5TUdlVzlGZU5mNHRCeXRQVTUwRmFjUkJFc3ZEM0tNc2VyOUhvV0RxTEJnTDFmMjVETTVuQ0FtMXlrcWJZRlluQ0ZfaHpleTlzbWZLTjFOX3FZTGVzaFV6RGxydURSckQ4cGY4eGtsWFViR3VZcjV5eElENXF0UDVRbjlEelZOeWpQLTc1WlBoYWhyakFkbG9hNWNzbkdwWlAwTXV0X3lSTV9GS2hQeVNVb0VPVmZzOTJySUJaZ0ktTlNSVDk5XzcxUWRXT0FWRjlFcWtqeVBBaGhWVDJ6cEI5ZHB6bTgxYmltdHBlc3hJeHRXRFlVT3g1UGd2LVNOeXVuaXFNdDVRMlJpbG0tSEhsYXpqYWR4eFhFQktWdjJ6QkZuNWxaNEFIcEhOYUg1USZoPXA0TGtCTzZhMTNtQ0tpa2F4OUFIbzdjV0xOczlzU3JQaTZRMkJmQkpmQmM=",
      "RequestMethod": "GET",
      "RequestHeaders": {
        "x-ms-client-request-id": [
          "39b624c2-a8dd-4370-98e6-9324fb8fef3a"
        ],
        "User-Agent": [
          "FxVersion/6.0.2724.6912",
          "OSName/Windows",
          "OSVersion/Microsoft.Windows.10.0.22621",
          "Microsoft.Azure.Management.Resources.DeploymentStacksClient/6.15.1"
        ]
      },
      "RequestBody": "",
      "ResponseHeaders": {
        "Cache-Control": [
          "no-cache"
        ],
        "Pragma": [
          "no-cache"
        ],
        "x-ms-request-id": [
          "9705d844-4702-465b-994d-b87540d6ffc8"
        ],
        "x-ms-ratelimit-remaining-tenant-reads": [
          "11999"
        ],
        "x-ms-correlation-request-id": [
          "8a7135c3-1655-4303-a5ce-acc0aab1e37c"
        ],
        "x-ms-routing-request-id": [
          "WESTUS:20240227T194036Z:8a7135c3-1655-4303-a5ce-acc0aab1e37c"
        ],
        "Strict-Transport-Security": [
          "max-age=31536000; includeSubDomains"
        ],
        "X-Content-Type-Options": [
          "nosniff"
        ],
        "X-Cache": [
          "CONFIG_NOCACHE"
        ],
        "X-MSEdge-Ref": [
          "Ref A: CA4D1048991148E6ADC01EA849CCB232 Ref B: SJC211051204029 Ref C: 2024-02-27T19:40:36Z"
        ],
        "Date": [
          "Tue, 27 Feb 2024 19:40:35 GMT"
        ],
        "Content-Length": [
          "208"
        ],
        "Content-Type": [
          "application/json; charset=utf-8"
        ],
        "Expires": [
          "-1"
        ],
        "Retry-After": [
          "0"
        ]
      },
      "ResponseBody": "{\r\n  \"id\": \"/providers/Microsoft.Resources/locations/westus2/deploymentStackOperationStatus/20ebb078-9cb2-4465-b7d9-95c8a43b4d78\",\r\n  \"name\": \"20ebb078-9cb2-4465-b7d9-95c8a43b4d78\",\r\n  \"status\": \"deleting\"\r\n}",
      "StatusCode": 200
    },
    {
      "RequestUri": "/providers/Microsoft.Resources/locations/westus2/deploymentStackOperationStatus/20ebb078-9cb2-4465-b7d9-95c8a43b4d78?unmanageAction.Resources=delete&unmanageAction.ResourceGroups=delete&api-version=2022-08-01-preview&t=638446596190079370&c=MIIHADCCBeigAwIBAgITfARnJNBquoML0OGeGQAABGck0DANBgkqhkiG9w0BAQsFADBEMRMwEQYKCZImiZPyLGQBGRYDR0JMMRMwEQYKCZImiZPyLGQBGRYDQU1FMRgwFgYDVQQDEw9BTUUgSW5mcmEgQ0EgMDUwHhcNMjQwMjAxMjAwMjM1WhcNMjUwMTI2MjAwMjM1WjBAMT4wPAYDVQQDEzVhc3luY29wZXJhdGlvbnNpZ25pbmdjZXJ0aWZpY2F0ZS5tYW5hZ2VtZW50LmF6dXJlLmNvbTCCASIwDQYJKoZIhvcNAQEBBQADggEPADCCAQoCggEBAMnjcJSudd5JiagCaO5L0tH9LHCwY_7Ckh7DuLuAEwTMuo1Tb9GahjQRXuBukNCRgQ6f58Xor0k2pYaRt3RUtnt-CmojofFxsp-hrVyQDhP0xkJ5GIrmJ6tZJJFXgoHW5h43ftb6F88cdehlofXBbjpemGdtFpGaINH4e8DcZAt21iMn9yOr0Tmg-z_2Ixj-TaVP7ttPQcKYAo1eiepXwMCT-I4ty_aieF4Qk_MxoPqnnypdMzIThkixWJRCEQvpYHwnbQQw5uyPgEAxKjHjERG2nlO2EIX7lGH_1fEojEYKGj84-8gHXFveahRVa6ZPij7XMWfXQZWdo2aj6sMRX8UCAwEAAaOCA-0wggPpMCcGCSsGAQQBgjcVCgQaMBgwCgYIKwYBBQUHAwEwCgYIKwYBBQUHAwIwPQYJKwYBBAGCNxUHBDAwLgYmKwYBBAGCNxUIhpDjDYTVtHiE8Ys-hZvdFs6dEoFggvX2K4Py0SACAWQCAQowggHLBggrBgEFBQcBAQSCAb0wggG5MGMGCCsGAQUFBzAChldodHRwOi8vY3JsLm1pY3Jvc29mdC5jb20vcGtpaW5mcmEvQ2VydHMvQ08xUEtJSU5UQ0EwMS5BTUUuR0JMX0FNRSUyMEluZnJhJTIwQ0ElMjAwNS5jcnQwUwYIKwYBBQUHMAKGR2h0dHA6Ly9jcmwxLmFtZS5nYmwvYWlhL0NPMVBLSUlOVENBMDEuQU1FLkdCTF9BTUUlMjBJbmZyYSUyMENBJTIwMDUuY3J0MFMGCCsGAQUFBzAChkdodHRwOi8vY3JsMi5hbWUuZ2JsL2FpYS9DTzFQS0lJTlRDQTAxLkFNRS5HQkxfQU1FJTIwSW5mcmElMjBDQSUyMDA1LmNydDBTBggrBgEFBQcwAoZHaHR0cDovL2NybDMuYW1lLmdibC9haWEvQ08xUEtJSU5UQ0EwMS5BTUUuR0JMX0FNRSUyMEluZnJhJTIwQ0ElMjAwNS5jcnQwUwYIKwYBBQUHMAKGR2h0dHA6Ly9jcmw0LmFtZS5nYmwvYWlhL0NPMVBLSUlOVENBMDEuQU1FLkdCTF9BTUUlMjBJbmZyYSUyMENBJTIwMDUuY3J0MB0GA1UdDgQWBBQITL4rvpPHvyRi9mp1Xb66cjU50zAOBgNVHQ8BAf8EBAMCBaAwggEmBgNVHR8EggEdMIIBGTCCARWgggERoIIBDYY_aHR0cDovL2NybC5taWNyb3NvZnQuY29tL3BraWluZnJhL0NSTC9BTUUlMjBJbmZyYSUyMENBJTIwMDUuY3JshjFodHRwOi8vY3JsMS5hbWUuZ2JsL2NybC9BTUUlMjBJbmZyYSUyMENBJTIwMDUuY3JshjFodHRwOi8vY3JsMi5hbWUuZ2JsL2NybC9BTUUlMjBJbmZyYSUyMENBJTIwMDUuY3JshjFodHRwOi8vY3JsMy5hbWUuZ2JsL2NybC9BTUUlMjBJbmZyYSUyMENBJTIwMDUuY3JshjFodHRwOi8vY3JsNC5hbWUuZ2JsL2NybC9BTUUlMjBJbmZyYSUyMENBJTIwMDUuY3JsMBcGA1UdIAQQMA4wDAYKKwYBBAGCN3sBATAfBgNVHSMEGDAWgBR61hmFKHlscXYeYPjzS--iBUIWHTAdBgNVHSUEFjAUBggrBgEFBQcDAQYIKwYBBQUHAwIwDQYJKoZIhvcNAQELBQADggEBAF9wsVY5GPv3eQNDdOO3pX2IJsz5n5bMuVN0DqeMoBkFFfk4UWmFDChWzbFNYlcFaVFC2RHGlRYoa4Shec_5_9qIkBA7MbjW1rd15-n3LCXGb_SUGAoJ2QjX_OAXbzgS4slLZCIe0zJCKCEvv7NUTzNo6MvpD3KUxAAbKf7XDOl8hHVDhpJxr64cDohqGiLjy7aI6A_zY5ZWzQLMCd_WxuXu6eEc_faoOML9lugh1NkAR2tvKevlf-S2xAELwFyE3Dbrf_JFOuvA8Ny7J5Y47A5GopbtZljdnMXkGfpUECKiaY_q2iLrlSyhK0925bX4zz3LLD903HZectExoCXSYb0&s=ILE-RVUZrJYtrX21a52dKHnagYzYTDjekyLMlp054wi39syMGeW9FeNf4tBytPU50FacRBEsvD3KMser9HoWDqLBgL1f25DM5nCAm1ykqbYFYnCF_hzey9smfKN1N_qYLeshUzDlruDRrD8pf8xklXUbGuYr5yxID5qtP5Qn9DzVNyjP-75ZPhahrjAdloa5csnGpZP0Mut_yRM_FKhPySUoEOVfs92rIBZgI-NSRT99_71QdWOAVF9EqkjyPAhhVT2zpB9dpzm81bimtpesxIxtWDYUOx5Pgv-SNyuniqMt5Q2Rilm-HHlazjadxxXEBKVv2zBFn5lZ4AHpHNaH5Q&h=p4LkBO6a13mCKikax9AHo7cWLNs9sSrPi6Q2BfBJfBc",
      "EncodedRequestUri": "L3Byb3ZpZGVycy9NaWNyb3NvZnQuUmVzb3VyY2VzL2xvY2F0aW9ucy93ZXN0dXMyL2RlcGxveW1lbnRTdGFja09wZXJhdGlvblN0YXR1cy8yMGViYjA3OC05Y2IyLTQ0NjUtYjdkOS05NWM4YTQzYjRkNzg/dW5tYW5hZ2VBY3Rpb24uUmVzb3VyY2VzPWRlbGV0ZSZ1bm1hbmFnZUFjdGlvbi5SZXNvdXJjZUdyb3Vwcz1kZWxldGUmYXBpLXZlcnNpb249MjAyMi0wOC0wMS1wcmV2aWV3JnQ9NjM4NDQ2NTk2MTkwMDc5MzcwJmM9TUlJSEFEQ0NCZWlnQXdJQkFnSVRmQVJuSk5CcXVvTUwwT0dlR1FBQUJHY2swREFOQmdrcWhraUc5dzBCQVFzRkFEQkVNUk13RVFZS0NaSW1pWlB5TEdRQkdSWURSMEpNTVJNd0VRWUtDWkltaVpQeUxHUUJHUllEUVUxRk1SZ3dGZ1lEVlFRREV3OUJUVVVnU1c1bWNtRWdRMEVnTURVd0hoY05NalF3TWpBeE1qQXdNak0xV2hjTk1qVXdNVEkyTWpBd01qTTFXakJBTVQ0d1BBWURWUVFERXpWaGMzbHVZMjl3WlhKaGRHbHZibk5wWjI1cGJtZGpaWEowYVdacFkyRjBaUzV0WVc1aFoyVnRaVzUwTG1GNmRYSmxMbU52YlRDQ0FTSXdEUVlKS29aSWh2Y05BUUVCQlFBRGdnRVBBRENDQVFvQ2dnRUJBTW5qY0pTdWRkNUppYWdDYU81TDB0SDlMSEN3WV83Q2toN0R1THVBRXdUTXVvMVRiOUdhaGpRUlh1QnVrTkNSZ1E2ZjU4WG9yMGsycFlhUnQzUlV0bnQtQ21vam9mRnhzcC1oclZ5UURoUDB4a0o1R0lybUo2dFpKSkZYZ29IVzVoNDNmdGI2Rjg4Y2RlaGxvZlhCYmpwZW1HZHRGcEdhSU5INGU4RGNaQXQyMWlNbjl5T3IwVG1nLXpfMkl4ai1UYVZQN3R0UFFjS1lBbzFlaWVwWHdNQ1QtSTR0eV9haWVGNFFrX014b1Bxbm55cGRNeklUaGtpeFdKUkNFUXZwWUh3bmJRUXc1dXlQZ0VBeEtqSGpFUkcybmxPMkVJWDdsR0hfMWZFb2pFWUtHajg0LThnSFhGdmVhaFJWYTZaUGlqN1hNV2ZYUVpXZG8yYWo2c01SWDhVQ0F3RUFBYU9DQS0wd2dnUHBNQ2NHQ1NzR0FRUUJnamNWQ2dRYU1CZ3dDZ1lJS3dZQkJRVUhBd0V3Q2dZSUt3WUJCUVVIQXdJd1BRWUpLd1lCQkFHQ054VUhCREF3TGdZbUt3WUJCQUdDTnhVSWhwRGpEWVRWdEhpRThZcy1oWnZkRnM2ZEVvRmdndlgySzRQeTBTQUNBV1FDQVFvd2dnSExCZ2dyQmdFRkJRY0JBUVNDQWIwd2dnRzVNR01HQ0NzR0FRVUZCekFDaGxkb2RIUndPaTh2WTNKc0xtMXBZM0p2YzI5bWRDNWpiMjB2Y0d0cGFXNW1jbUV2UTJWeWRITXZRMDh4VUV0SlNVNVVRMEV3TVM1QlRVVXVSMEpNWDBGTlJTVXlNRWx1Wm5KaEpUSXdRMEVsTWpBd05TNWpjblF3VXdZSUt3WUJCUVVITUFLR1IyaDBkSEE2THk5amNtd3hMbUZ0WlM1blltd3ZZV2xoTDBOUE1WQkxTVWxPVkVOQk1ERXVRVTFGTGtkQ1RGOUJUVVVsTWpCSmJtWnlZU1V5TUVOQkpUSXdNRFV1WTNKME1GTUdDQ3NHQVFVRkJ6QUNoa2RvZEhSd09pOHZZM0pzTWk1aGJXVXVaMkpzTDJGcFlTOURUekZRUzBsSlRsUkRRVEF4TGtGTlJTNUhRa3hmUVUxRkpUSXdTVzVtY21FbE1qQkRRU1V5TURBMUxtTnlkREJUQmdnckJnRUZCUWN3QW9aSGFIUjBjRG92TDJOeWJETXVZVzFsTG1kaWJDOWhhV0V2UTA4eFVFdEpTVTVVUTBFd01TNUJUVVV1UjBKTVgwRk5SU1V5TUVsdVpuSmhKVEl3UTBFbE1qQXdOUzVqY25Rd1V3WUlLd1lCQlFVSE1BS0dSMmgwZEhBNkx5OWpjbXcwTG1GdFpTNW5ZbXd2WVdsaEwwTlBNVkJMU1VsT1ZFTkJNREV1UVUxRkxrZENURjlCVFVVbE1qQkpibVp5WVNVeU1FTkJKVEl3TURVdVkzSjBNQjBHQTFVZERnUVdCQlFJVEw0cnZwUEh2eVJpOW1wMVhiNjZjalU1MHpBT0JnTlZIUThCQWY4RUJBTUNCYUF3Z2dFbUJnTlZIUjhFZ2dFZE1JSUJHVENDQVJXZ2dnRVJvSUlCRFlZX2FIUjBjRG92TDJOeWJDNXRhV055YjNOdlpuUXVZMjl0TDNCcmFXbHVabkpoTDBOU1RDOUJUVVVsTWpCSmJtWnlZU1V5TUVOQkpUSXdNRFV1WTNKc2hqRm9kSFJ3T2k4dlkzSnNNUzVoYldVdVoySnNMMk55YkM5QlRVVWxNakJKYm1aeVlTVXlNRU5CSlRJd01EVXVZM0pzaGpGb2RIUndPaTh2WTNKc01pNWhiV1V1WjJKc0wyTnliQzlCVFVVbE1qQkpibVp5WVNVeU1FTkJKVEl3TURVdVkzSnNoakZvZEhSd09pOHZZM0pzTXk1aGJXVXVaMkpzTDJOeWJDOUJUVVVsTWpCSmJtWnlZU1V5TUVOQkpUSXdNRFV1WTNKc2hqRm9kSFJ3T2k4dlkzSnNOQzVoYldVdVoySnNMMk55YkM5QlRVVWxNakJKYm1aeVlTVXlNRU5CSlRJd01EVXVZM0pzTUJjR0ExVWRJQVFRTUE0d0RBWUtLd1lCQkFHQ04zc0JBVEFmQmdOVkhTTUVHREFXZ0JSNjFobUZLSGxzY1hZZVlQanpTLS1pQlVJV0hUQWRCZ05WSFNVRUZqQVVCZ2dyQmdFRkJRY0RBUVlJS3dZQkJRVUhBd0l3RFFZSktvWklodmNOQVFFTEJRQURnZ0VCQUY5d3NWWTVHUHYzZVFORGRPTzNwWDJJSnN6NW41Yk11Vk4wRHFlTW9Ca0ZGZms0VVdtRkRDaFd6YkZOWWxjRmFWRkMyUkhHbFJZb2E0U2hlY181XzlxSWtCQTdNYmpXMXJkMTUtbjNMQ1hHYl9TVUdBb0oyUWpYX09BWGJ6Z1M0c2xMWkNJZTB6SkNLQ0V2djdOVVR6Tm82TXZwRDNLVXhBQWJLZjdYRE9sOGhIVkRocEp4cjY0Y0RvaHFHaUxqeTdhSTZBX3pZNVpXelFMTUNkX1d4dVh1NmVFY19mYW9PTUw5bHVnaDFOa0FSMnR2S2V2bGYtUzJ4QUVMd0Z5RTNEYnJmX0pGT3V2QThOeTdKNVk0N0E1R29wYnRabGpkbk1Ya0dmcFVFQ0tpYVlfcTJpTHJsU3loSzA5MjViWDR6ejNMTEQ5MDNIWmVjdEV4b0NYU1liMCZzPUlMRS1SVlVackpZdHJYMjFhNTJkS0huYWdZellURGpla3lMTWxwMDU0d2kzOXN5TUdlVzlGZU5mNHRCeXRQVTUwRmFjUkJFc3ZEM0tNc2VyOUhvV0RxTEJnTDFmMjVETTVuQ0FtMXlrcWJZRlluQ0ZfaHpleTlzbWZLTjFOX3FZTGVzaFV6RGxydURSckQ4cGY4eGtsWFViR3VZcjV5eElENXF0UDVRbjlEelZOeWpQLTc1WlBoYWhyakFkbG9hNWNzbkdwWlAwTXV0X3lSTV9GS2hQeVNVb0VPVmZzOTJySUJaZ0ktTlNSVDk5XzcxUWRXT0FWRjlFcWtqeVBBaGhWVDJ6cEI5ZHB6bTgxYmltdHBlc3hJeHRXRFlVT3g1UGd2LVNOeXVuaXFNdDVRMlJpbG0tSEhsYXpqYWR4eFhFQktWdjJ6QkZuNWxaNEFIcEhOYUg1USZoPXA0TGtCTzZhMTNtQ0tpa2F4OUFIbzdjV0xOczlzU3JQaTZRMkJmQkpmQmM=",
      "RequestMethod": "GET",
      "RequestHeaders": {
        "x-ms-client-request-id": [
          "39b624c2-a8dd-4370-98e6-9324fb8fef3a"
        ],
        "User-Agent": [
          "FxVersion/6.0.2724.6912",
          "OSName/Windows",
          "OSVersion/Microsoft.Windows.10.0.22621",
          "Microsoft.Azure.Management.Resources.DeploymentStacksClient/6.15.1"
        ]
      },
      "RequestBody": "",
      "ResponseHeaders": {
        "Cache-Control": [
          "no-cache"
        ],
        "Pragma": [
          "no-cache"
        ],
        "x-ms-request-id": [
          "73c7ad43-3e21-4206-8462-1ef338119712"
        ],
        "x-ms-ratelimit-remaining-tenant-reads": [
          "11999"
        ],
        "x-ms-correlation-request-id": [
          "3b932ba9-c603-4866-8788-06adb8bd5257"
        ],
        "x-ms-routing-request-id": [
          "WESTUS:20240227T194053Z:3b932ba9-c603-4866-8788-06adb8bd5257"
        ],
        "Strict-Transport-Security": [
          "max-age=31536000; includeSubDomains"
        ],
        "X-Content-Type-Options": [
          "nosniff"
        ],
        "X-Cache": [
          "CONFIG_NOCACHE"
        ],
        "X-MSEdge-Ref": [
          "Ref A: 17A62C08163C48BBAD546420ACC1975B Ref B: SJC211051204029 Ref C: 2024-02-27T19:40:53Z"
        ],
        "Date": [
          "Tue, 27 Feb 2024 19:40:52 GMT"
        ],
        "Content-Length": [
          "208"
        ],
        "Content-Type": [
          "application/json; charset=utf-8"
        ],
        "Expires": [
          "-1"
        ],
        "Retry-After": [
          "0"
        ]
      },
      "ResponseBody": "{\r\n  \"id\": \"/providers/Microsoft.Resources/locations/westus2/deploymentStackOperationStatus/20ebb078-9cb2-4465-b7d9-95c8a43b4d78\",\r\n  \"name\": \"20ebb078-9cb2-4465-b7d9-95c8a43b4d78\",\r\n  \"status\": \"deleting\"\r\n}",
      "StatusCode": 200
    },
    {
      "RequestUri": "/providers/Microsoft.Resources/locations/westus2/deploymentStackOperationStatus/20ebb078-9cb2-4465-b7d9-95c8a43b4d78?unmanageAction.Resources=delete&unmanageAction.ResourceGroups=delete&api-version=2022-08-01-preview&t=638446596190079370&c=MIIHADCCBeigAwIBAgITfARnJNBquoML0OGeGQAABGck0DANBgkqhkiG9w0BAQsFADBEMRMwEQYKCZImiZPyLGQBGRYDR0JMMRMwEQYKCZImiZPyLGQBGRYDQU1FMRgwFgYDVQQDEw9BTUUgSW5mcmEgQ0EgMDUwHhcNMjQwMjAxMjAwMjM1WhcNMjUwMTI2MjAwMjM1WjBAMT4wPAYDVQQDEzVhc3luY29wZXJhdGlvbnNpZ25pbmdjZXJ0aWZpY2F0ZS5tYW5hZ2VtZW50LmF6dXJlLmNvbTCCASIwDQYJKoZIhvcNAQEBBQADggEPADCCAQoCggEBAMnjcJSudd5JiagCaO5L0tH9LHCwY_7Ckh7DuLuAEwTMuo1Tb9GahjQRXuBukNCRgQ6f58Xor0k2pYaRt3RUtnt-CmojofFxsp-hrVyQDhP0xkJ5GIrmJ6tZJJFXgoHW5h43ftb6F88cdehlofXBbjpemGdtFpGaINH4e8DcZAt21iMn9yOr0Tmg-z_2Ixj-TaVP7ttPQcKYAo1eiepXwMCT-I4ty_aieF4Qk_MxoPqnnypdMzIThkixWJRCEQvpYHwnbQQw5uyPgEAxKjHjERG2nlO2EIX7lGH_1fEojEYKGj84-8gHXFveahRVa6ZPij7XMWfXQZWdo2aj6sMRX8UCAwEAAaOCA-0wggPpMCcGCSsGAQQBgjcVCgQaMBgwCgYIKwYBBQUHAwEwCgYIKwYBBQUHAwIwPQYJKwYBBAGCNxUHBDAwLgYmKwYBBAGCNxUIhpDjDYTVtHiE8Ys-hZvdFs6dEoFggvX2K4Py0SACAWQCAQowggHLBggrBgEFBQcBAQSCAb0wggG5MGMGCCsGAQUFBzAChldodHRwOi8vY3JsLm1pY3Jvc29mdC5jb20vcGtpaW5mcmEvQ2VydHMvQ08xUEtJSU5UQ0EwMS5BTUUuR0JMX0FNRSUyMEluZnJhJTIwQ0ElMjAwNS5jcnQwUwYIKwYBBQUHMAKGR2h0dHA6Ly9jcmwxLmFtZS5nYmwvYWlhL0NPMVBLSUlOVENBMDEuQU1FLkdCTF9BTUUlMjBJbmZyYSUyMENBJTIwMDUuY3J0MFMGCCsGAQUFBzAChkdodHRwOi8vY3JsMi5hbWUuZ2JsL2FpYS9DTzFQS0lJTlRDQTAxLkFNRS5HQkxfQU1FJTIwSW5mcmElMjBDQSUyMDA1LmNydDBTBggrBgEFBQcwAoZHaHR0cDovL2NybDMuYW1lLmdibC9haWEvQ08xUEtJSU5UQ0EwMS5BTUUuR0JMX0FNRSUyMEluZnJhJTIwQ0ElMjAwNS5jcnQwUwYIKwYBBQUHMAKGR2h0dHA6Ly9jcmw0LmFtZS5nYmwvYWlhL0NPMVBLSUlOVENBMDEuQU1FLkdCTF9BTUUlMjBJbmZyYSUyMENBJTIwMDUuY3J0MB0GA1UdDgQWBBQITL4rvpPHvyRi9mp1Xb66cjU50zAOBgNVHQ8BAf8EBAMCBaAwggEmBgNVHR8EggEdMIIBGTCCARWgggERoIIBDYY_aHR0cDovL2NybC5taWNyb3NvZnQuY29tL3BraWluZnJhL0NSTC9BTUUlMjBJbmZyYSUyMENBJTIwMDUuY3JshjFodHRwOi8vY3JsMS5hbWUuZ2JsL2NybC9BTUUlMjBJbmZyYSUyMENBJTIwMDUuY3JshjFodHRwOi8vY3JsMi5hbWUuZ2JsL2NybC9BTUUlMjBJbmZyYSUyMENBJTIwMDUuY3JshjFodHRwOi8vY3JsMy5hbWUuZ2JsL2NybC9BTUUlMjBJbmZyYSUyMENBJTIwMDUuY3JshjFodHRwOi8vY3JsNC5hbWUuZ2JsL2NybC9BTUUlMjBJbmZyYSUyMENBJTIwMDUuY3JsMBcGA1UdIAQQMA4wDAYKKwYBBAGCN3sBATAfBgNVHSMEGDAWgBR61hmFKHlscXYeYPjzS--iBUIWHTAdBgNVHSUEFjAUBggrBgEFBQcDAQYIKwYBBQUHAwIwDQYJKoZIhvcNAQELBQADggEBAF9wsVY5GPv3eQNDdOO3pX2IJsz5n5bMuVN0DqeMoBkFFfk4UWmFDChWzbFNYlcFaVFC2RHGlRYoa4Shec_5_9qIkBA7MbjW1rd15-n3LCXGb_SUGAoJ2QjX_OAXbzgS4slLZCIe0zJCKCEvv7NUTzNo6MvpD3KUxAAbKf7XDOl8hHVDhpJxr64cDohqGiLjy7aI6A_zY5ZWzQLMCd_WxuXu6eEc_faoOML9lugh1NkAR2tvKevlf-S2xAELwFyE3Dbrf_JFOuvA8Ny7J5Y47A5GopbtZljdnMXkGfpUECKiaY_q2iLrlSyhK0925bX4zz3LLD903HZectExoCXSYb0&s=ILE-RVUZrJYtrX21a52dKHnagYzYTDjekyLMlp054wi39syMGeW9FeNf4tBytPU50FacRBEsvD3KMser9HoWDqLBgL1f25DM5nCAm1ykqbYFYnCF_hzey9smfKN1N_qYLeshUzDlruDRrD8pf8xklXUbGuYr5yxID5qtP5Qn9DzVNyjP-75ZPhahrjAdloa5csnGpZP0Mut_yRM_FKhPySUoEOVfs92rIBZgI-NSRT99_71QdWOAVF9EqkjyPAhhVT2zpB9dpzm81bimtpesxIxtWDYUOx5Pgv-SNyuniqMt5Q2Rilm-HHlazjadxxXEBKVv2zBFn5lZ4AHpHNaH5Q&h=p4LkBO6a13mCKikax9AHo7cWLNs9sSrPi6Q2BfBJfBc",
      "EncodedRequestUri": "L3Byb3ZpZGVycy9NaWNyb3NvZnQuUmVzb3VyY2VzL2xvY2F0aW9ucy93ZXN0dXMyL2RlcGxveW1lbnRTdGFja09wZXJhdGlvblN0YXR1cy8yMGViYjA3OC05Y2IyLTQ0NjUtYjdkOS05NWM4YTQzYjRkNzg/dW5tYW5hZ2VBY3Rpb24uUmVzb3VyY2VzPWRlbGV0ZSZ1bm1hbmFnZUFjdGlvbi5SZXNvdXJjZUdyb3Vwcz1kZWxldGUmYXBpLXZlcnNpb249MjAyMi0wOC0wMS1wcmV2aWV3JnQ9NjM4NDQ2NTk2MTkwMDc5MzcwJmM9TUlJSEFEQ0NCZWlnQXdJQkFnSVRmQVJuSk5CcXVvTUwwT0dlR1FBQUJHY2swREFOQmdrcWhraUc5dzBCQVFzRkFEQkVNUk13RVFZS0NaSW1pWlB5TEdRQkdSWURSMEpNTVJNd0VRWUtDWkltaVpQeUxHUUJHUllEUVUxRk1SZ3dGZ1lEVlFRREV3OUJUVVVnU1c1bWNtRWdRMEVnTURVd0hoY05NalF3TWpBeE1qQXdNak0xV2hjTk1qVXdNVEkyTWpBd01qTTFXakJBTVQ0d1BBWURWUVFERXpWaGMzbHVZMjl3WlhKaGRHbHZibk5wWjI1cGJtZGpaWEowYVdacFkyRjBaUzV0WVc1aFoyVnRaVzUwTG1GNmRYSmxMbU52YlRDQ0FTSXdEUVlKS29aSWh2Y05BUUVCQlFBRGdnRVBBRENDQVFvQ2dnRUJBTW5qY0pTdWRkNUppYWdDYU81TDB0SDlMSEN3WV83Q2toN0R1THVBRXdUTXVvMVRiOUdhaGpRUlh1QnVrTkNSZ1E2ZjU4WG9yMGsycFlhUnQzUlV0bnQtQ21vam9mRnhzcC1oclZ5UURoUDB4a0o1R0lybUo2dFpKSkZYZ29IVzVoNDNmdGI2Rjg4Y2RlaGxvZlhCYmpwZW1HZHRGcEdhSU5INGU4RGNaQXQyMWlNbjl5T3IwVG1nLXpfMkl4ai1UYVZQN3R0UFFjS1lBbzFlaWVwWHdNQ1QtSTR0eV9haWVGNFFrX014b1Bxbm55cGRNeklUaGtpeFdKUkNFUXZwWUh3bmJRUXc1dXlQZ0VBeEtqSGpFUkcybmxPMkVJWDdsR0hfMWZFb2pFWUtHajg0LThnSFhGdmVhaFJWYTZaUGlqN1hNV2ZYUVpXZG8yYWo2c01SWDhVQ0F3RUFBYU9DQS0wd2dnUHBNQ2NHQ1NzR0FRUUJnamNWQ2dRYU1CZ3dDZ1lJS3dZQkJRVUhBd0V3Q2dZSUt3WUJCUVVIQXdJd1BRWUpLd1lCQkFHQ054VUhCREF3TGdZbUt3WUJCQUdDTnhVSWhwRGpEWVRWdEhpRThZcy1oWnZkRnM2ZEVvRmdndlgySzRQeTBTQUNBV1FDQVFvd2dnSExCZ2dyQmdFRkJRY0JBUVNDQWIwd2dnRzVNR01HQ0NzR0FRVUZCekFDaGxkb2RIUndPaTh2WTNKc0xtMXBZM0p2YzI5bWRDNWpiMjB2Y0d0cGFXNW1jbUV2UTJWeWRITXZRMDh4VUV0SlNVNVVRMEV3TVM1QlRVVXVSMEpNWDBGTlJTVXlNRWx1Wm5KaEpUSXdRMEVsTWpBd05TNWpjblF3VXdZSUt3WUJCUVVITUFLR1IyaDBkSEE2THk5amNtd3hMbUZ0WlM1blltd3ZZV2xoTDBOUE1WQkxTVWxPVkVOQk1ERXVRVTFGTGtkQ1RGOUJUVVVsTWpCSmJtWnlZU1V5TUVOQkpUSXdNRFV1WTNKME1GTUdDQ3NHQVFVRkJ6QUNoa2RvZEhSd09pOHZZM0pzTWk1aGJXVXVaMkpzTDJGcFlTOURUekZRUzBsSlRsUkRRVEF4TGtGTlJTNUhRa3hmUVUxRkpUSXdTVzVtY21FbE1qQkRRU1V5TURBMUxtTnlkREJUQmdnckJnRUZCUWN3QW9aSGFIUjBjRG92TDJOeWJETXVZVzFsTG1kaWJDOWhhV0V2UTA4eFVFdEpTVTVVUTBFd01TNUJUVVV1UjBKTVgwRk5SU1V5TUVsdVpuSmhKVEl3UTBFbE1qQXdOUzVqY25Rd1V3WUlLd1lCQlFVSE1BS0dSMmgwZEhBNkx5OWpjbXcwTG1GdFpTNW5ZbXd2WVdsaEwwTlBNVkJMU1VsT1ZFTkJNREV1UVUxRkxrZENURjlCVFVVbE1qQkpibVp5WVNVeU1FTkJKVEl3TURVdVkzSjBNQjBHQTFVZERnUVdCQlFJVEw0cnZwUEh2eVJpOW1wMVhiNjZjalU1MHpBT0JnTlZIUThCQWY4RUJBTUNCYUF3Z2dFbUJnTlZIUjhFZ2dFZE1JSUJHVENDQVJXZ2dnRVJvSUlCRFlZX2FIUjBjRG92TDJOeWJDNXRhV055YjNOdlpuUXVZMjl0TDNCcmFXbHVabkpoTDBOU1RDOUJUVVVsTWpCSmJtWnlZU1V5TUVOQkpUSXdNRFV1WTNKc2hqRm9kSFJ3T2k4dlkzSnNNUzVoYldVdVoySnNMMk55YkM5QlRVVWxNakJKYm1aeVlTVXlNRU5CSlRJd01EVXVZM0pzaGpGb2RIUndPaTh2WTNKc01pNWhiV1V1WjJKc0wyTnliQzlCVFVVbE1qQkpibVp5WVNVeU1FTkJKVEl3TURVdVkzSnNoakZvZEhSd09pOHZZM0pzTXk1aGJXVXVaMkpzTDJOeWJDOUJUVVVsTWpCSmJtWnlZU1V5TUVOQkpUSXdNRFV1WTNKc2hqRm9kSFJ3T2k4dlkzSnNOQzVoYldVdVoySnNMMk55YkM5QlRVVWxNakJKYm1aeVlTVXlNRU5CSlRJd01EVXVZM0pzTUJjR0ExVWRJQVFRTUE0d0RBWUtLd1lCQkFHQ04zc0JBVEFmQmdOVkhTTUVHREFXZ0JSNjFobUZLSGxzY1hZZVlQanpTLS1pQlVJV0hUQWRCZ05WSFNVRUZqQVVCZ2dyQmdFRkJRY0RBUVlJS3dZQkJRVUhBd0l3RFFZSktvWklodmNOQVFFTEJRQURnZ0VCQUY5d3NWWTVHUHYzZVFORGRPTzNwWDJJSnN6NW41Yk11Vk4wRHFlTW9Ca0ZGZms0VVdtRkRDaFd6YkZOWWxjRmFWRkMyUkhHbFJZb2E0U2hlY181XzlxSWtCQTdNYmpXMXJkMTUtbjNMQ1hHYl9TVUdBb0oyUWpYX09BWGJ6Z1M0c2xMWkNJZTB6SkNLQ0V2djdOVVR6Tm82TXZwRDNLVXhBQWJLZjdYRE9sOGhIVkRocEp4cjY0Y0RvaHFHaUxqeTdhSTZBX3pZNVpXelFMTUNkX1d4dVh1NmVFY19mYW9PTUw5bHVnaDFOa0FSMnR2S2V2bGYtUzJ4QUVMd0Z5RTNEYnJmX0pGT3V2QThOeTdKNVk0N0E1R29wYnRabGpkbk1Ya0dmcFVFQ0tpYVlfcTJpTHJsU3loSzA5MjViWDR6ejNMTEQ5MDNIWmVjdEV4b0NYU1liMCZzPUlMRS1SVlVackpZdHJYMjFhNTJkS0huYWdZellURGpla3lMTWxwMDU0d2kzOXN5TUdlVzlGZU5mNHRCeXRQVTUwRmFjUkJFc3ZEM0tNc2VyOUhvV0RxTEJnTDFmMjVETTVuQ0FtMXlrcWJZRlluQ0ZfaHpleTlzbWZLTjFOX3FZTGVzaFV6RGxydURSckQ4cGY4eGtsWFViR3VZcjV5eElENXF0UDVRbjlEelZOeWpQLTc1WlBoYWhyakFkbG9hNWNzbkdwWlAwTXV0X3lSTV9GS2hQeVNVb0VPVmZzOTJySUJaZ0ktTlNSVDk5XzcxUWRXT0FWRjlFcWtqeVBBaGhWVDJ6cEI5ZHB6bTgxYmltdHBlc3hJeHRXRFlVT3g1UGd2LVNOeXVuaXFNdDVRMlJpbG0tSEhsYXpqYWR4eFhFQktWdjJ6QkZuNWxaNEFIcEhOYUg1USZoPXA0TGtCTzZhMTNtQ0tpa2F4OUFIbzdjV0xOczlzU3JQaTZRMkJmQkpmQmM=",
      "RequestMethod": "GET",
      "RequestHeaders": {
        "x-ms-client-request-id": [
          "39b624c2-a8dd-4370-98e6-9324fb8fef3a"
        ],
        "User-Agent": [
          "FxVersion/6.0.2724.6912",
          "OSName/Windows",
          "OSVersion/Microsoft.Windows.10.0.22621",
          "Microsoft.Azure.Management.Resources.DeploymentStacksClient/6.15.1"
        ]
      },
      "RequestBody": "",
      "ResponseHeaders": {
        "Cache-Control": [
          "no-cache"
        ],
        "Pragma": [
          "no-cache"
        ],
        "x-ms-request-id": [
          "2c40c48f-2d99-4c00-b94a-6a0d845a560b"
        ],
        "x-ms-ratelimit-remaining-tenant-reads": [
          "11999"
        ],
        "x-ms-correlation-request-id": [
          "6de45c32-df37-4186-9463-0e1a2ffe15ba"
        ],
        "x-ms-routing-request-id": [
          "WESTUS:20240227T194110Z:6de45c32-df37-4186-9463-0e1a2ffe15ba"
        ],
        "Strict-Transport-Security": [
          "max-age=31536000; includeSubDomains"
        ],
        "X-Content-Type-Options": [
          "nosniff"
        ],
        "X-Cache": [
          "CONFIG_NOCACHE"
        ],
        "X-MSEdge-Ref": [
          "Ref A: 45FDF71E4C094AFBAC890BA49045225F Ref B: SJC211051204029 Ref C: 2024-02-27T19:41:10Z"
        ],
        "Date": [
          "Tue, 27 Feb 2024 19:41:09 GMT"
        ],
        "Content-Length": [
          "208"
        ],
        "Content-Type": [
          "application/json; charset=utf-8"
        ],
        "Expires": [
          "-1"
        ],
        "Retry-After": [
          "0"
        ]
      },
      "ResponseBody": "{\r\n  \"id\": \"/providers/Microsoft.Resources/locations/westus2/deploymentStackOperationStatus/20ebb078-9cb2-4465-b7d9-95c8a43b4d78\",\r\n  \"name\": \"20ebb078-9cb2-4465-b7d9-95c8a43b4d78\",\r\n  \"status\": \"deleting\"\r\n}",
      "StatusCode": 200
    },
    {
      "RequestUri": "/providers/Microsoft.Resources/locations/westus2/deploymentStackOperationStatus/20ebb078-9cb2-4465-b7d9-95c8a43b4d78?unmanageAction.Resources=delete&unmanageAction.ResourceGroups=delete&api-version=2022-08-01-preview&t=638446596190079370&c=MIIHADCCBeigAwIBAgITfARnJNBquoML0OGeGQAABGck0DANBgkqhkiG9w0BAQsFADBEMRMwEQYKCZImiZPyLGQBGRYDR0JMMRMwEQYKCZImiZPyLGQBGRYDQU1FMRgwFgYDVQQDEw9BTUUgSW5mcmEgQ0EgMDUwHhcNMjQwMjAxMjAwMjM1WhcNMjUwMTI2MjAwMjM1WjBAMT4wPAYDVQQDEzVhc3luY29wZXJhdGlvbnNpZ25pbmdjZXJ0aWZpY2F0ZS5tYW5hZ2VtZW50LmF6dXJlLmNvbTCCASIwDQYJKoZIhvcNAQEBBQADggEPADCCAQoCggEBAMnjcJSudd5JiagCaO5L0tH9LHCwY_7Ckh7DuLuAEwTMuo1Tb9GahjQRXuBukNCRgQ6f58Xor0k2pYaRt3RUtnt-CmojofFxsp-hrVyQDhP0xkJ5GIrmJ6tZJJFXgoHW5h43ftb6F88cdehlofXBbjpemGdtFpGaINH4e8DcZAt21iMn9yOr0Tmg-z_2Ixj-TaVP7ttPQcKYAo1eiepXwMCT-I4ty_aieF4Qk_MxoPqnnypdMzIThkixWJRCEQvpYHwnbQQw5uyPgEAxKjHjERG2nlO2EIX7lGH_1fEojEYKGj84-8gHXFveahRVa6ZPij7XMWfXQZWdo2aj6sMRX8UCAwEAAaOCA-0wggPpMCcGCSsGAQQBgjcVCgQaMBgwCgYIKwYBBQUHAwEwCgYIKwYBBQUHAwIwPQYJKwYBBAGCNxUHBDAwLgYmKwYBBAGCNxUIhpDjDYTVtHiE8Ys-hZvdFs6dEoFggvX2K4Py0SACAWQCAQowggHLBggrBgEFBQcBAQSCAb0wggG5MGMGCCsGAQUFBzAChldodHRwOi8vY3JsLm1pY3Jvc29mdC5jb20vcGtpaW5mcmEvQ2VydHMvQ08xUEtJSU5UQ0EwMS5BTUUuR0JMX0FNRSUyMEluZnJhJTIwQ0ElMjAwNS5jcnQwUwYIKwYBBQUHMAKGR2h0dHA6Ly9jcmwxLmFtZS5nYmwvYWlhL0NPMVBLSUlOVENBMDEuQU1FLkdCTF9BTUUlMjBJbmZyYSUyMENBJTIwMDUuY3J0MFMGCCsGAQUFBzAChkdodHRwOi8vY3JsMi5hbWUuZ2JsL2FpYS9DTzFQS0lJTlRDQTAxLkFNRS5HQkxfQU1FJTIwSW5mcmElMjBDQSUyMDA1LmNydDBTBggrBgEFBQcwAoZHaHR0cDovL2NybDMuYW1lLmdibC9haWEvQ08xUEtJSU5UQ0EwMS5BTUUuR0JMX0FNRSUyMEluZnJhJTIwQ0ElMjAwNS5jcnQwUwYIKwYBBQUHMAKGR2h0dHA6Ly9jcmw0LmFtZS5nYmwvYWlhL0NPMVBLSUlOVENBMDEuQU1FLkdCTF9BTUUlMjBJbmZyYSUyMENBJTIwMDUuY3J0MB0GA1UdDgQWBBQITL4rvpPHvyRi9mp1Xb66cjU50zAOBgNVHQ8BAf8EBAMCBaAwggEmBgNVHR8EggEdMIIBGTCCARWgggERoIIBDYY_aHR0cDovL2NybC5taWNyb3NvZnQuY29tL3BraWluZnJhL0NSTC9BTUUlMjBJbmZyYSUyMENBJTIwMDUuY3JshjFodHRwOi8vY3JsMS5hbWUuZ2JsL2NybC9BTUUlMjBJbmZyYSUyMENBJTIwMDUuY3JshjFodHRwOi8vY3JsMi5hbWUuZ2JsL2NybC9BTUUlMjBJbmZyYSUyMENBJTIwMDUuY3JshjFodHRwOi8vY3JsMy5hbWUuZ2JsL2NybC9BTUUlMjBJbmZyYSUyMENBJTIwMDUuY3JshjFodHRwOi8vY3JsNC5hbWUuZ2JsL2NybC9BTUUlMjBJbmZyYSUyMENBJTIwMDUuY3JsMBcGA1UdIAQQMA4wDAYKKwYBBAGCN3sBATAfBgNVHSMEGDAWgBR61hmFKHlscXYeYPjzS--iBUIWHTAdBgNVHSUEFjAUBggrBgEFBQcDAQYIKwYBBQUHAwIwDQYJKoZIhvcNAQELBQADggEBAF9wsVY5GPv3eQNDdOO3pX2IJsz5n5bMuVN0DqeMoBkFFfk4UWmFDChWzbFNYlcFaVFC2RHGlRYoa4Shec_5_9qIkBA7MbjW1rd15-n3LCXGb_SUGAoJ2QjX_OAXbzgS4slLZCIe0zJCKCEvv7NUTzNo6MvpD3KUxAAbKf7XDOl8hHVDhpJxr64cDohqGiLjy7aI6A_zY5ZWzQLMCd_WxuXu6eEc_faoOML9lugh1NkAR2tvKevlf-S2xAELwFyE3Dbrf_JFOuvA8Ny7J5Y47A5GopbtZljdnMXkGfpUECKiaY_q2iLrlSyhK0925bX4zz3LLD903HZectExoCXSYb0&s=ILE-RVUZrJYtrX21a52dKHnagYzYTDjekyLMlp054wi39syMGeW9FeNf4tBytPU50FacRBEsvD3KMser9HoWDqLBgL1f25DM5nCAm1ykqbYFYnCF_hzey9smfKN1N_qYLeshUzDlruDRrD8pf8xklXUbGuYr5yxID5qtP5Qn9DzVNyjP-75ZPhahrjAdloa5csnGpZP0Mut_yRM_FKhPySUoEOVfs92rIBZgI-NSRT99_71QdWOAVF9EqkjyPAhhVT2zpB9dpzm81bimtpesxIxtWDYUOx5Pgv-SNyuniqMt5Q2Rilm-HHlazjadxxXEBKVv2zBFn5lZ4AHpHNaH5Q&h=p4LkBO6a13mCKikax9AHo7cWLNs9sSrPi6Q2BfBJfBc",
      "EncodedRequestUri": "L3Byb3ZpZGVycy9NaWNyb3NvZnQuUmVzb3VyY2VzL2xvY2F0aW9ucy93ZXN0dXMyL2RlcGxveW1lbnRTdGFja09wZXJhdGlvblN0YXR1cy8yMGViYjA3OC05Y2IyLTQ0NjUtYjdkOS05NWM4YTQzYjRkNzg/dW5tYW5hZ2VBY3Rpb24uUmVzb3VyY2VzPWRlbGV0ZSZ1bm1hbmFnZUFjdGlvbi5SZXNvdXJjZUdyb3Vwcz1kZWxldGUmYXBpLXZlcnNpb249MjAyMi0wOC0wMS1wcmV2aWV3JnQ9NjM4NDQ2NTk2MTkwMDc5MzcwJmM9TUlJSEFEQ0NCZWlnQXdJQkFnSVRmQVJuSk5CcXVvTUwwT0dlR1FBQUJHY2swREFOQmdrcWhraUc5dzBCQVFzRkFEQkVNUk13RVFZS0NaSW1pWlB5TEdRQkdSWURSMEpNTVJNd0VRWUtDWkltaVpQeUxHUUJHUllEUVUxRk1SZ3dGZ1lEVlFRREV3OUJUVVVnU1c1bWNtRWdRMEVnTURVd0hoY05NalF3TWpBeE1qQXdNak0xV2hjTk1qVXdNVEkyTWpBd01qTTFXakJBTVQ0d1BBWURWUVFERXpWaGMzbHVZMjl3WlhKaGRHbHZibk5wWjI1cGJtZGpaWEowYVdacFkyRjBaUzV0WVc1aFoyVnRaVzUwTG1GNmRYSmxMbU52YlRDQ0FTSXdEUVlKS29aSWh2Y05BUUVCQlFBRGdnRVBBRENDQVFvQ2dnRUJBTW5qY0pTdWRkNUppYWdDYU81TDB0SDlMSEN3WV83Q2toN0R1THVBRXdUTXVvMVRiOUdhaGpRUlh1QnVrTkNSZ1E2ZjU4WG9yMGsycFlhUnQzUlV0bnQtQ21vam9mRnhzcC1oclZ5UURoUDB4a0o1R0lybUo2dFpKSkZYZ29IVzVoNDNmdGI2Rjg4Y2RlaGxvZlhCYmpwZW1HZHRGcEdhSU5INGU4RGNaQXQyMWlNbjl5T3IwVG1nLXpfMkl4ai1UYVZQN3R0UFFjS1lBbzFlaWVwWHdNQ1QtSTR0eV9haWVGNFFrX014b1Bxbm55cGRNeklUaGtpeFdKUkNFUXZwWUh3bmJRUXc1dXlQZ0VBeEtqSGpFUkcybmxPMkVJWDdsR0hfMWZFb2pFWUtHajg0LThnSFhGdmVhaFJWYTZaUGlqN1hNV2ZYUVpXZG8yYWo2c01SWDhVQ0F3RUFBYU9DQS0wd2dnUHBNQ2NHQ1NzR0FRUUJnamNWQ2dRYU1CZ3dDZ1lJS3dZQkJRVUhBd0V3Q2dZSUt3WUJCUVVIQXdJd1BRWUpLd1lCQkFHQ054VUhCREF3TGdZbUt3WUJCQUdDTnhVSWhwRGpEWVRWdEhpRThZcy1oWnZkRnM2ZEVvRmdndlgySzRQeTBTQUNBV1FDQVFvd2dnSExCZ2dyQmdFRkJRY0JBUVNDQWIwd2dnRzVNR01HQ0NzR0FRVUZCekFDaGxkb2RIUndPaTh2WTNKc0xtMXBZM0p2YzI5bWRDNWpiMjB2Y0d0cGFXNW1jbUV2UTJWeWRITXZRMDh4VUV0SlNVNVVRMEV3TVM1QlRVVXVSMEpNWDBGTlJTVXlNRWx1Wm5KaEpUSXdRMEVsTWpBd05TNWpjblF3VXdZSUt3WUJCUVVITUFLR1IyaDBkSEE2THk5amNtd3hMbUZ0WlM1blltd3ZZV2xoTDBOUE1WQkxTVWxPVkVOQk1ERXVRVTFGTGtkQ1RGOUJUVVVsTWpCSmJtWnlZU1V5TUVOQkpUSXdNRFV1WTNKME1GTUdDQ3NHQVFVRkJ6QUNoa2RvZEhSd09pOHZZM0pzTWk1aGJXVXVaMkpzTDJGcFlTOURUekZRUzBsSlRsUkRRVEF4TGtGTlJTNUhRa3hmUVUxRkpUSXdTVzVtY21FbE1qQkRRU1V5TURBMUxtTnlkREJUQmdnckJnRUZCUWN3QW9aSGFIUjBjRG92TDJOeWJETXVZVzFsTG1kaWJDOWhhV0V2UTA4eFVFdEpTVTVVUTBFd01TNUJUVVV1UjBKTVgwRk5SU1V5TUVsdVpuSmhKVEl3UTBFbE1qQXdOUzVqY25Rd1V3WUlLd1lCQlFVSE1BS0dSMmgwZEhBNkx5OWpjbXcwTG1GdFpTNW5ZbXd2WVdsaEwwTlBNVkJMU1VsT1ZFTkJNREV1UVUxRkxrZENURjlCVFVVbE1qQkpibVp5WVNVeU1FTkJKVEl3TURVdVkzSjBNQjBHQTFVZERnUVdCQlFJVEw0cnZwUEh2eVJpOW1wMVhiNjZjalU1MHpBT0JnTlZIUThCQWY4RUJBTUNCYUF3Z2dFbUJnTlZIUjhFZ2dFZE1JSUJHVENDQVJXZ2dnRVJvSUlCRFlZX2FIUjBjRG92TDJOeWJDNXRhV055YjNOdlpuUXVZMjl0TDNCcmFXbHVabkpoTDBOU1RDOUJUVVVsTWpCSmJtWnlZU1V5TUVOQkpUSXdNRFV1WTNKc2hqRm9kSFJ3T2k4dlkzSnNNUzVoYldVdVoySnNMMk55YkM5QlRVVWxNakJKYm1aeVlTVXlNRU5CSlRJd01EVXVZM0pzaGpGb2RIUndPaTh2WTNKc01pNWhiV1V1WjJKc0wyTnliQzlCVFVVbE1qQkpibVp5WVNVeU1FTkJKVEl3TURVdVkzSnNoakZvZEhSd09pOHZZM0pzTXk1aGJXVXVaMkpzTDJOeWJDOUJUVVVsTWpCSmJtWnlZU1V5TUVOQkpUSXdNRFV1WTNKc2hqRm9kSFJ3T2k4dlkzSnNOQzVoYldVdVoySnNMMk55YkM5QlRVVWxNakJKYm1aeVlTVXlNRU5CSlRJd01EVXVZM0pzTUJjR0ExVWRJQVFRTUE0d0RBWUtLd1lCQkFHQ04zc0JBVEFmQmdOVkhTTUVHREFXZ0JSNjFobUZLSGxzY1hZZVlQanpTLS1pQlVJV0hUQWRCZ05WSFNVRUZqQVVCZ2dyQmdFRkJRY0RBUVlJS3dZQkJRVUhBd0l3RFFZSktvWklodmNOQVFFTEJRQURnZ0VCQUY5d3NWWTVHUHYzZVFORGRPTzNwWDJJSnN6NW41Yk11Vk4wRHFlTW9Ca0ZGZms0VVdtRkRDaFd6YkZOWWxjRmFWRkMyUkhHbFJZb2E0U2hlY181XzlxSWtCQTdNYmpXMXJkMTUtbjNMQ1hHYl9TVUdBb0oyUWpYX09BWGJ6Z1M0c2xMWkNJZTB6SkNLQ0V2djdOVVR6Tm82TXZwRDNLVXhBQWJLZjdYRE9sOGhIVkRocEp4cjY0Y0RvaHFHaUxqeTdhSTZBX3pZNVpXelFMTUNkX1d4dVh1NmVFY19mYW9PTUw5bHVnaDFOa0FSMnR2S2V2bGYtUzJ4QUVMd0Z5RTNEYnJmX0pGT3V2QThOeTdKNVk0N0E1R29wYnRabGpkbk1Ya0dmcFVFQ0tpYVlfcTJpTHJsU3loSzA5MjViWDR6ejNMTEQ5MDNIWmVjdEV4b0NYU1liMCZzPUlMRS1SVlVackpZdHJYMjFhNTJkS0huYWdZellURGpla3lMTWxwMDU0d2kzOXN5TUdlVzlGZU5mNHRCeXRQVTUwRmFjUkJFc3ZEM0tNc2VyOUhvV0RxTEJnTDFmMjVETTVuQ0FtMXlrcWJZRlluQ0ZfaHpleTlzbWZLTjFOX3FZTGVzaFV6RGxydURSckQ4cGY4eGtsWFViR3VZcjV5eElENXF0UDVRbjlEelZOeWpQLTc1WlBoYWhyakFkbG9hNWNzbkdwWlAwTXV0X3lSTV9GS2hQeVNVb0VPVmZzOTJySUJaZ0ktTlNSVDk5XzcxUWRXT0FWRjlFcWtqeVBBaGhWVDJ6cEI5ZHB6bTgxYmltdHBlc3hJeHRXRFlVT3g1UGd2LVNOeXVuaXFNdDVRMlJpbG0tSEhsYXpqYWR4eFhFQktWdjJ6QkZuNWxaNEFIcEhOYUg1USZoPXA0TGtCTzZhMTNtQ0tpa2F4OUFIbzdjV0xOczlzU3JQaTZRMkJmQkpmQmM=",
      "RequestMethod": "GET",
      "RequestHeaders": {
        "x-ms-client-request-id": [
          "39b624c2-a8dd-4370-98e6-9324fb8fef3a"
        ],
        "User-Agent": [
          "FxVersion/6.0.2724.6912",
          "OSName/Windows",
          "OSVersion/Microsoft.Windows.10.0.22621",
          "Microsoft.Azure.Management.Resources.DeploymentStacksClient/6.15.1"
        ]
      },
      "RequestBody": "",
      "ResponseHeaders": {
        "Cache-Control": [
          "no-cache"
        ],
        "Pragma": [
          "no-cache"
        ],
        "x-ms-request-id": [
          "92bf77c1-594e-49e1-9bd2-e5522697480b"
        ],
        "x-ms-ratelimit-remaining-tenant-reads": [
          "11999"
        ],
        "x-ms-correlation-request-id": [
          "e49e371c-1085-42c4-b9bb-1a2f40cc8bee"
        ],
        "x-ms-routing-request-id": [
          "WESTUS:20240227T194127Z:e49e371c-1085-42c4-b9bb-1a2f40cc8bee"
        ],
        "Strict-Transport-Security": [
          "max-age=31536000; includeSubDomains"
        ],
        "X-Content-Type-Options": [
          "nosniff"
        ],
        "X-Cache": [
          "CONFIG_NOCACHE"
        ],
        "X-MSEdge-Ref": [
          "Ref A: B0AFE3A60FE24FA9B68F26B69DE1687E Ref B: SJC211051204029 Ref C: 2024-02-27T19:41:27Z"
        ],
        "Date": [
          "Tue, 27 Feb 2024 19:41:26 GMT"
        ],
        "Content-Length": [
          "208"
        ],
        "Content-Type": [
          "application/json; charset=utf-8"
        ],
        "Expires": [
          "-1"
        ],
        "Retry-After": [
          "0"
        ]
      },
      "ResponseBody": "{\r\n  \"id\": \"/providers/Microsoft.Resources/locations/westus2/deploymentStackOperationStatus/20ebb078-9cb2-4465-b7d9-95c8a43b4d78\",\r\n  \"name\": \"20ebb078-9cb2-4465-b7d9-95c8a43b4d78\",\r\n  \"status\": \"deleting\"\r\n}",
      "StatusCode": 200
    },
    {
      "RequestUri": "/providers/Microsoft.Resources/locations/westus2/deploymentStackOperationStatus/20ebb078-9cb2-4465-b7d9-95c8a43b4d78?unmanageAction.Resources=delete&unmanageAction.ResourceGroups=delete&api-version=2022-08-01-preview&t=638446596190079370&c=MIIHADCCBeigAwIBAgITfARnJNBquoML0OGeGQAABGck0DANBgkqhkiG9w0BAQsFADBEMRMwEQYKCZImiZPyLGQBGRYDR0JMMRMwEQYKCZImiZPyLGQBGRYDQU1FMRgwFgYDVQQDEw9BTUUgSW5mcmEgQ0EgMDUwHhcNMjQwMjAxMjAwMjM1WhcNMjUwMTI2MjAwMjM1WjBAMT4wPAYDVQQDEzVhc3luY29wZXJhdGlvbnNpZ25pbmdjZXJ0aWZpY2F0ZS5tYW5hZ2VtZW50LmF6dXJlLmNvbTCCASIwDQYJKoZIhvcNAQEBBQADggEPADCCAQoCggEBAMnjcJSudd5JiagCaO5L0tH9LHCwY_7Ckh7DuLuAEwTMuo1Tb9GahjQRXuBukNCRgQ6f58Xor0k2pYaRt3RUtnt-CmojofFxsp-hrVyQDhP0xkJ5GIrmJ6tZJJFXgoHW5h43ftb6F88cdehlofXBbjpemGdtFpGaINH4e8DcZAt21iMn9yOr0Tmg-z_2Ixj-TaVP7ttPQcKYAo1eiepXwMCT-I4ty_aieF4Qk_MxoPqnnypdMzIThkixWJRCEQvpYHwnbQQw5uyPgEAxKjHjERG2nlO2EIX7lGH_1fEojEYKGj84-8gHXFveahRVa6ZPij7XMWfXQZWdo2aj6sMRX8UCAwEAAaOCA-0wggPpMCcGCSsGAQQBgjcVCgQaMBgwCgYIKwYBBQUHAwEwCgYIKwYBBQUHAwIwPQYJKwYBBAGCNxUHBDAwLgYmKwYBBAGCNxUIhpDjDYTVtHiE8Ys-hZvdFs6dEoFggvX2K4Py0SACAWQCAQowggHLBggrBgEFBQcBAQSCAb0wggG5MGMGCCsGAQUFBzAChldodHRwOi8vY3JsLm1pY3Jvc29mdC5jb20vcGtpaW5mcmEvQ2VydHMvQ08xUEtJSU5UQ0EwMS5BTUUuR0JMX0FNRSUyMEluZnJhJTIwQ0ElMjAwNS5jcnQwUwYIKwYBBQUHMAKGR2h0dHA6Ly9jcmwxLmFtZS5nYmwvYWlhL0NPMVBLSUlOVENBMDEuQU1FLkdCTF9BTUUlMjBJbmZyYSUyMENBJTIwMDUuY3J0MFMGCCsGAQUFBzAChkdodHRwOi8vY3JsMi5hbWUuZ2JsL2FpYS9DTzFQS0lJTlRDQTAxLkFNRS5HQkxfQU1FJTIwSW5mcmElMjBDQSUyMDA1LmNydDBTBggrBgEFBQcwAoZHaHR0cDovL2NybDMuYW1lLmdibC9haWEvQ08xUEtJSU5UQ0EwMS5BTUUuR0JMX0FNRSUyMEluZnJhJTIwQ0ElMjAwNS5jcnQwUwYIKwYBBQUHMAKGR2h0dHA6Ly9jcmw0LmFtZS5nYmwvYWlhL0NPMVBLSUlOVENBMDEuQU1FLkdCTF9BTUUlMjBJbmZyYSUyMENBJTIwMDUuY3J0MB0GA1UdDgQWBBQITL4rvpPHvyRi9mp1Xb66cjU50zAOBgNVHQ8BAf8EBAMCBaAwggEmBgNVHR8EggEdMIIBGTCCARWgggERoIIBDYY_aHR0cDovL2NybC5taWNyb3NvZnQuY29tL3BraWluZnJhL0NSTC9BTUUlMjBJbmZyYSUyMENBJTIwMDUuY3JshjFodHRwOi8vY3JsMS5hbWUuZ2JsL2NybC9BTUUlMjBJbmZyYSUyMENBJTIwMDUuY3JshjFodHRwOi8vY3JsMi5hbWUuZ2JsL2NybC9BTUUlMjBJbmZyYSUyMENBJTIwMDUuY3JshjFodHRwOi8vY3JsMy5hbWUuZ2JsL2NybC9BTUUlMjBJbmZyYSUyMENBJTIwMDUuY3JshjFodHRwOi8vY3JsNC5hbWUuZ2JsL2NybC9BTUUlMjBJbmZyYSUyMENBJTIwMDUuY3JsMBcGA1UdIAQQMA4wDAYKKwYBBAGCN3sBATAfBgNVHSMEGDAWgBR61hmFKHlscXYeYPjzS--iBUIWHTAdBgNVHSUEFjAUBggrBgEFBQcDAQYIKwYBBQUHAwIwDQYJKoZIhvcNAQELBQADggEBAF9wsVY5GPv3eQNDdOO3pX2IJsz5n5bMuVN0DqeMoBkFFfk4UWmFDChWzbFNYlcFaVFC2RHGlRYoa4Shec_5_9qIkBA7MbjW1rd15-n3LCXGb_SUGAoJ2QjX_OAXbzgS4slLZCIe0zJCKCEvv7NUTzNo6MvpD3KUxAAbKf7XDOl8hHVDhpJxr64cDohqGiLjy7aI6A_zY5ZWzQLMCd_WxuXu6eEc_faoOML9lugh1NkAR2tvKevlf-S2xAELwFyE3Dbrf_JFOuvA8Ny7J5Y47A5GopbtZljdnMXkGfpUECKiaY_q2iLrlSyhK0925bX4zz3LLD903HZectExoCXSYb0&s=ILE-RVUZrJYtrX21a52dKHnagYzYTDjekyLMlp054wi39syMGeW9FeNf4tBytPU50FacRBEsvD3KMser9HoWDqLBgL1f25DM5nCAm1ykqbYFYnCF_hzey9smfKN1N_qYLeshUzDlruDRrD8pf8xklXUbGuYr5yxID5qtP5Qn9DzVNyjP-75ZPhahrjAdloa5csnGpZP0Mut_yRM_FKhPySUoEOVfs92rIBZgI-NSRT99_71QdWOAVF9EqkjyPAhhVT2zpB9dpzm81bimtpesxIxtWDYUOx5Pgv-SNyuniqMt5Q2Rilm-HHlazjadxxXEBKVv2zBFn5lZ4AHpHNaH5Q&h=p4LkBO6a13mCKikax9AHo7cWLNs9sSrPi6Q2BfBJfBc",
      "EncodedRequestUri": "L3Byb3ZpZGVycy9NaWNyb3NvZnQuUmVzb3VyY2VzL2xvY2F0aW9ucy93ZXN0dXMyL2RlcGxveW1lbnRTdGFja09wZXJhdGlvblN0YXR1cy8yMGViYjA3OC05Y2IyLTQ0NjUtYjdkOS05NWM4YTQzYjRkNzg/dW5tYW5hZ2VBY3Rpb24uUmVzb3VyY2VzPWRlbGV0ZSZ1bm1hbmFnZUFjdGlvbi5SZXNvdXJjZUdyb3Vwcz1kZWxldGUmYXBpLXZlcnNpb249MjAyMi0wOC0wMS1wcmV2aWV3JnQ9NjM4NDQ2NTk2MTkwMDc5MzcwJmM9TUlJSEFEQ0NCZWlnQXdJQkFnSVRmQVJuSk5CcXVvTUwwT0dlR1FBQUJHY2swREFOQmdrcWhraUc5dzBCQVFzRkFEQkVNUk13RVFZS0NaSW1pWlB5TEdRQkdSWURSMEpNTVJNd0VRWUtDWkltaVpQeUxHUUJHUllEUVUxRk1SZ3dGZ1lEVlFRREV3OUJUVVVnU1c1bWNtRWdRMEVnTURVd0hoY05NalF3TWpBeE1qQXdNak0xV2hjTk1qVXdNVEkyTWpBd01qTTFXakJBTVQ0d1BBWURWUVFERXpWaGMzbHVZMjl3WlhKaGRHbHZibk5wWjI1cGJtZGpaWEowYVdacFkyRjBaUzV0WVc1aFoyVnRaVzUwTG1GNmRYSmxMbU52YlRDQ0FTSXdEUVlKS29aSWh2Y05BUUVCQlFBRGdnRVBBRENDQVFvQ2dnRUJBTW5qY0pTdWRkNUppYWdDYU81TDB0SDlMSEN3WV83Q2toN0R1THVBRXdUTXVvMVRiOUdhaGpRUlh1QnVrTkNSZ1E2ZjU4WG9yMGsycFlhUnQzUlV0bnQtQ21vam9mRnhzcC1oclZ5UURoUDB4a0o1R0lybUo2dFpKSkZYZ29IVzVoNDNmdGI2Rjg4Y2RlaGxvZlhCYmpwZW1HZHRGcEdhSU5INGU4RGNaQXQyMWlNbjl5T3IwVG1nLXpfMkl4ai1UYVZQN3R0UFFjS1lBbzFlaWVwWHdNQ1QtSTR0eV9haWVGNFFrX014b1Bxbm55cGRNeklUaGtpeFdKUkNFUXZwWUh3bmJRUXc1dXlQZ0VBeEtqSGpFUkcybmxPMkVJWDdsR0hfMWZFb2pFWUtHajg0LThnSFhGdmVhaFJWYTZaUGlqN1hNV2ZYUVpXZG8yYWo2c01SWDhVQ0F3RUFBYU9DQS0wd2dnUHBNQ2NHQ1NzR0FRUUJnamNWQ2dRYU1CZ3dDZ1lJS3dZQkJRVUhBd0V3Q2dZSUt3WUJCUVVIQXdJd1BRWUpLd1lCQkFHQ054VUhCREF3TGdZbUt3WUJCQUdDTnhVSWhwRGpEWVRWdEhpRThZcy1oWnZkRnM2ZEVvRmdndlgySzRQeTBTQUNBV1FDQVFvd2dnSExCZ2dyQmdFRkJRY0JBUVNDQWIwd2dnRzVNR01HQ0NzR0FRVUZCekFDaGxkb2RIUndPaTh2WTNKc0xtMXBZM0p2YzI5bWRDNWpiMjB2Y0d0cGFXNW1jbUV2UTJWeWRITXZRMDh4VUV0SlNVNVVRMEV3TVM1QlRVVXVSMEpNWDBGTlJTVXlNRWx1Wm5KaEpUSXdRMEVsTWpBd05TNWpjblF3VXdZSUt3WUJCUVVITUFLR1IyaDBkSEE2THk5amNtd3hMbUZ0WlM1blltd3ZZV2xoTDBOUE1WQkxTVWxPVkVOQk1ERXVRVTFGTGtkQ1RGOUJUVVVsTWpCSmJtWnlZU1V5TUVOQkpUSXdNRFV1WTNKME1GTUdDQ3NHQVFVRkJ6QUNoa2RvZEhSd09pOHZZM0pzTWk1aGJXVXVaMkpzTDJGcFlTOURUekZRUzBsSlRsUkRRVEF4TGtGTlJTNUhRa3hmUVUxRkpUSXdTVzVtY21FbE1qQkRRU1V5TURBMUxtTnlkREJUQmdnckJnRUZCUWN3QW9aSGFIUjBjRG92TDJOeWJETXVZVzFsTG1kaWJDOWhhV0V2UTA4eFVFdEpTVTVVUTBFd01TNUJUVVV1UjBKTVgwRk5SU1V5TUVsdVpuSmhKVEl3UTBFbE1qQXdOUzVqY25Rd1V3WUlLd1lCQlFVSE1BS0dSMmgwZEhBNkx5OWpjbXcwTG1GdFpTNW5ZbXd2WVdsaEwwTlBNVkJMU1VsT1ZFTkJNREV1UVUxRkxrZENURjlCVFVVbE1qQkpibVp5WVNVeU1FTkJKVEl3TURVdVkzSjBNQjBHQTFVZERnUVdCQlFJVEw0cnZwUEh2eVJpOW1wMVhiNjZjalU1MHpBT0JnTlZIUThCQWY4RUJBTUNCYUF3Z2dFbUJnTlZIUjhFZ2dFZE1JSUJHVENDQVJXZ2dnRVJvSUlCRFlZX2FIUjBjRG92TDJOeWJDNXRhV055YjNOdlpuUXVZMjl0TDNCcmFXbHVabkpoTDBOU1RDOUJUVVVsTWpCSmJtWnlZU1V5TUVOQkpUSXdNRFV1WTNKc2hqRm9kSFJ3T2k4dlkzSnNNUzVoYldVdVoySnNMMk55YkM5QlRVVWxNakJKYm1aeVlTVXlNRU5CSlRJd01EVXVZM0pzaGpGb2RIUndPaTh2WTNKc01pNWhiV1V1WjJKc0wyTnliQzlCVFVVbE1qQkpibVp5WVNVeU1FTkJKVEl3TURVdVkzSnNoakZvZEhSd09pOHZZM0pzTXk1aGJXVXVaMkpzTDJOeWJDOUJUVVVsTWpCSmJtWnlZU1V5TUVOQkpUSXdNRFV1WTNKc2hqRm9kSFJ3T2k4dlkzSnNOQzVoYldVdVoySnNMMk55YkM5QlRVVWxNakJKYm1aeVlTVXlNRU5CSlRJd01EVXVZM0pzTUJjR0ExVWRJQVFRTUE0d0RBWUtLd1lCQkFHQ04zc0JBVEFmQmdOVkhTTUVHREFXZ0JSNjFobUZLSGxzY1hZZVlQanpTLS1pQlVJV0hUQWRCZ05WSFNVRUZqQVVCZ2dyQmdFRkJRY0RBUVlJS3dZQkJRVUhBd0l3RFFZSktvWklodmNOQVFFTEJRQURnZ0VCQUY5d3NWWTVHUHYzZVFORGRPTzNwWDJJSnN6NW41Yk11Vk4wRHFlTW9Ca0ZGZms0VVdtRkRDaFd6YkZOWWxjRmFWRkMyUkhHbFJZb2E0U2hlY181XzlxSWtCQTdNYmpXMXJkMTUtbjNMQ1hHYl9TVUdBb0oyUWpYX09BWGJ6Z1M0c2xMWkNJZTB6SkNLQ0V2djdOVVR6Tm82TXZwRDNLVXhBQWJLZjdYRE9sOGhIVkRocEp4cjY0Y0RvaHFHaUxqeTdhSTZBX3pZNVpXelFMTUNkX1d4dVh1NmVFY19mYW9PTUw5bHVnaDFOa0FSMnR2S2V2bGYtUzJ4QUVMd0Z5RTNEYnJmX0pGT3V2QThOeTdKNVk0N0E1R29wYnRabGpkbk1Ya0dmcFVFQ0tpYVlfcTJpTHJsU3loSzA5MjViWDR6ejNMTEQ5MDNIWmVjdEV4b0NYU1liMCZzPUlMRS1SVlVackpZdHJYMjFhNTJkS0huYWdZellURGpla3lMTWxwMDU0d2kzOXN5TUdlVzlGZU5mNHRCeXRQVTUwRmFjUkJFc3ZEM0tNc2VyOUhvV0RxTEJnTDFmMjVETTVuQ0FtMXlrcWJZRlluQ0ZfaHpleTlzbWZLTjFOX3FZTGVzaFV6RGxydURSckQ4cGY4eGtsWFViR3VZcjV5eElENXF0UDVRbjlEelZOeWpQLTc1WlBoYWhyakFkbG9hNWNzbkdwWlAwTXV0X3lSTV9GS2hQeVNVb0VPVmZzOTJySUJaZ0ktTlNSVDk5XzcxUWRXT0FWRjlFcWtqeVBBaGhWVDJ6cEI5ZHB6bTgxYmltdHBlc3hJeHRXRFlVT3g1UGd2LVNOeXVuaXFNdDVRMlJpbG0tSEhsYXpqYWR4eFhFQktWdjJ6QkZuNWxaNEFIcEhOYUg1USZoPXA0TGtCTzZhMTNtQ0tpa2F4OUFIbzdjV0xOczlzU3JQaTZRMkJmQkpmQmM=",
      "RequestMethod": "GET",
      "RequestHeaders": {
        "x-ms-client-request-id": [
          "39b624c2-a8dd-4370-98e6-9324fb8fef3a"
        ],
        "User-Agent": [
          "FxVersion/6.0.2724.6912",
          "OSName/Windows",
          "OSVersion/Microsoft.Windows.10.0.22621",
          "Microsoft.Azure.Management.Resources.DeploymentStacksClient/6.15.1"
        ]
      },
      "RequestBody": "",
      "ResponseHeaders": {
        "Cache-Control": [
          "no-cache"
        ],
        "Pragma": [
          "no-cache"
        ],
        "x-ms-request-id": [
          "8ee6311a-102b-4c11-9421-82c31e51be9f"
        ],
        "x-ms-ratelimit-remaining-tenant-reads": [
          "11999"
        ],
        "x-ms-correlation-request-id": [
          "94dbce53-14d7-417f-84a6-8ba2254cd486"
        ],
        "x-ms-routing-request-id": [
          "WESTUS:20240227T194144Z:94dbce53-14d7-417f-84a6-8ba2254cd486"
        ],
        "Strict-Transport-Security": [
          "max-age=31536000; includeSubDomains"
        ],
        "X-Content-Type-Options": [
          "nosniff"
        ],
        "X-Cache": [
          "CONFIG_NOCACHE"
        ],
        "X-MSEdge-Ref": [
          "Ref A: 45C112B5B1D743FCA2B9947628624609 Ref B: SJC211051204029 Ref C: 2024-02-27T19:41:44Z"
        ],
        "Date": [
          "Tue, 27 Feb 2024 19:41:43 GMT"
        ],
        "Content-Length": [
          "209"
        ],
        "Content-Type": [
          "application/json; charset=utf-8"
        ],
        "Expires": [
          "-1"
        ],
        "Retry-After": [
          "0"
        ]
      },
      "ResponseBody": "{\r\n  \"id\": \"/providers/Microsoft.Resources/locations/westus2/deploymentStackOperationStatus/20ebb078-9cb2-4465-b7d9-95c8a43b4d78\",\r\n  \"name\": \"20ebb078-9cb2-4465-b7d9-95c8a43b4d78\",\r\n  \"status\": \"succeeded\"\r\n}",
      "StatusCode": 200
    }
  ],
  "Names": {
    "Test-NewAndSetAndSaveManagementGroupDeploymentStackWithTemplateSpec": [
      "ps2773",
      "ps7975",
      "ps5760"
    ]
  },
  "Variables": {
    "SubscriptionId": "a1bfa635-f2bf-42f1-86b5-848c674fc321"
  }
}