{
  "Entries": [
    {
      "RequestUri": "/subscriptions/0d3ae56c-deaf-4982-b514-33d016d4a683/resourceGroups/appdemorg/providers/Microsoft.Web/serverfarms/travelproductionplan?api-version=2018-02-01",
      "EncodedRequestUri": "L3N1YnNjcmlwdGlvbnMvMGQzYWU1NmMtZGVhZi00OTgyLWI1MTQtMzNkMDE2ZDRhNjgzL3Jlc291cmNlR3JvdXBzL2FwcGRlbW9yZy9wcm92aWRlcnMvTWljcm9zb2Z0LldlYi9zZXJ2ZXJmYXJtcy90cmF2ZWxwcm9kdWN0aW9ucGxhbj9hcGktdmVyc2lvbj0yMDE4LTAyLTAx",
      "RequestMethod": "GET",
      "RequestBody": "",
      "RequestHeaders": {
        "x-ms-client-request-id": [
          "06e431cf-8faf-4b0b-8850-ae79a4b3b916"
        ],
        "accept-language": [
          "en-US"
        ],
        "User-Agent": [
          "FxVersion/4.7.3133.0",
          "OSName/WindowsServer2012R2Datacenter",
          "OSVersion/6.3.9600",
          "Microsoft.Azure.Management.WebSites.WebSiteManagementClient/2.0.0"
        ]
      },
      "ResponseBody": "{\r\n  \"id\": \"/subscriptions/0d3ae56c-deaf-4982-b514-33d016d4a683/resourceGroups/appdemorg/providers/Microsoft.Web/serverfarms/travelproductionplan\",\r\n  \"name\": \"travelproductionplan\",\r\n  \"type\": \"Microsoft.Web/serverfarms\",\r\n  \"kind\": \"app\",\r\n  \"location\": \"West US\",\r\n  \"properties\": {\r\n    \"serverFarmId\": 2,\r\n    \"name\": \"travelproductionplan\",\r\n    \"workerSize\": \"Default\",\r\n    \"workerSizeId\": 0,\r\n    \"workerTierName\": null,\r\n    \"numberOfWorkers\": 1,\r\n    \"currentWorkerSize\": \"Default\",\r\n    \"currentWorkerSizeId\": 0,\r\n    \"currentNumberOfWorkers\": 1,\r\n    \"status\": \"Ready\",\r\n    \"webSpace\": \"appdemorg-asedemopsappseWestUSwebspace\",\r\n    \"subscription\": \"0d3ae56c-deaf-4982-b514-33d016d4a683\",\r\n    \"adminSiteName\": null,\r\n    \"hostingEnvironment\": \"asedemops\",\r\n    \"hostingEnvironmentProfile\": {\r\n      \"id\": \"/subscriptions/0d3ae56c-deaf-4982-b514-33d016d4a683/resourceGroups/appdemorg/providers/Microsoft.Web/hostingEnvironments/asedemops\",\r\n      \"name\": \"asedemops\",\r\n      \"type\": \"Microsoft.Web/hostingEnvironments\"\r\n    },\r\n    \"maximumNumberOfWorkers\": 100,\r\n    \"planName\": \"VirtualDedicatedPlan\",\r\n    \"adminRuntimeSiteName\": null,\r\n    \"computeMode\": \"Dedicated\",\r\n    \"siteMode\": null,\r\n    \"geoRegion\": \"West US\",\r\n    \"perSiteScaling\": false,\r\n    \"numberOfSites\": 0,\r\n    \"hostingEnvironmentId\": \"/subscriptions/0d3ae56c-deaf-4982-b514-33d016d4a683/resourceGroups/appdemorg/providers/Microsoft.Web/hostingEnvironments/asedemops\",\r\n    \"isSpot\": false,\r\n    \"spotExpirationTime\": null,\r\n    \"freeOfferExpirationTime\": null,\r\n    \"tags\": null,\r\n    \"kind\": \"app\",\r\n    \"resourceGroup\": \"appdemorg\",\r\n    \"reserved\": false,\r\n    \"isXenon\": false,\r\n    \"mdmId\": \"waws-prod-bay-950c1bb7_2\",\r\n    \"targetWorkerCount\": 0,\r\n    \"targetWorkerSizeId\": 0,\r\n    \"provisioningState\": \"Succeeded\",\r\n    \"webSiteId\": null\r\n  },\r\n  \"sku\": {\r\n    \"name\": \"I1\",\r\n    \"tier\": \"Isolated\",\r\n    \"size\": \"I1\",\r\n    \"family\": \"I\",\r\n    \"capacity\": 1\r\n  }\r\n}",
      "ResponseHeaders": {
        "Content-Length": [
          "1588"
        ],
        "Content-Type": [
          "application/json"
        ],
        "Expires": [
          "-1"
        ],
        "Pragma": [
          "no-cache"
        ],
        "Strict-Transport-Security": [
          "max-age=31536000; includeSubDomains"
        ],
        "x-ms-request-id": [
          "db3543f8-321b-405a-9071-b77e99ce854c"
        ],
        "x-ms-ratelimit-remaining-subscription-reads": [
          "11998"
        ],
        "x-ms-correlation-request-id": [
          "b0494e24-2298-44be-925a-774573bbeed0"
        ],
        "x-ms-routing-request-id": [
          "WESTUS2:20180909T013323Z:b0494e24-2298-44be-925a-774573bbeed0"
        ],
        "X-Content-Type-Options": [
          "nosniff"
        ],
        "Cache-Control": [
          "no-cache"
        ],
        "Date": [
          "Sun, 09 Sep 2018 01:33:22 GMT"
        ],
        "Server": [
          "Microsoft-IIS/10.0"
        ],
        "X-AspNet-Version": [
          "4.0.30319"
        ],
        "X-Powered-By": [
          "ASP.NET"
        ]
      },
      "StatusCode": 200
    },
    {
      "RequestUri": "/subscriptions/0d3ae56c-deaf-4982-b514-33d016d4a683/resourceGroups/appdemorg/providers/Microsoft.Web/sites/ps8118?api-version=2018-02-01",
      "EncodedRequestUri": "L3N1YnNjcmlwdGlvbnMvMGQzYWU1NmMtZGVhZi00OTgyLWI1MTQtMzNkMDE2ZDRhNjgzL3Jlc291cmNlR3JvdXBzL2FwcGRlbW9yZy9wcm92aWRlcnMvTWljcm9zb2Z0LldlYi9zaXRlcy9wczgxMTg/YXBpLXZlcnNpb249MjAxOC0wMi0wMQ==",
      "RequestMethod": "PUT",
      "RequestBody": "{\r\n  \"properties\": {\r\n    \"serverFarmId\": \"travelproductionplan\",\r\n    \"hostingEnvironmentProfile\": {\r\n      \"id\": \"/subscriptions/0d3ae56c-deaf-4982-b514-33d016d4a683/resourcegroups/appdemorg/providers/Microsoft.Web/hostingEnvironments/asedemops\"\r\n    }\r\n  },\r\n  \"location\": \"West US\"\r\n}",
      "RequestHeaders": {
        "Content-Type": [
          "application/json; charset=utf-8"
        ],
        "Content-Length": [
          "288"
        ],
        "x-ms-client-request-id": [
          "6a84d31f-96ce-4a59-83c5-22706ca0ec10"
        ],
        "accept-language": [
          "en-US"
        ],
        "User-Agent": [
          "FxVersion/4.7.3133.0",
          "OSName/WindowsServer2012R2Datacenter",
          "OSVersion/6.3.9600",
          "Microsoft.Azure.Management.WebSites.WebSiteManagementClient/2.0.0"
        ]
      },
      "ResponseBody": "{\r\n  \"id\": \"/subscriptions/0d3ae56c-deaf-4982-b514-33d016d4a683/resourceGroups/appdemorg/providers/Microsoft.Web/sites/ps8118\",\r\n  \"name\": \"ps8118\",\r\n  \"type\": \"Microsoft.Web/sites\",\r\n  \"kind\": \"app\",\r\n  \"location\": \"West US\",\r\n  \"properties\": {\r\n    \"name\": \"ps8118\",\r\n    \"state\": \"Running\",\r\n    \"hostNames\": [\r\n      \"ps8118.asedemops.p.azurewebsites.net\"\r\n    ],\r\n    \"webSpace\": \"appdemorg-asedemopsappseWestUSwebspace\",\r\n    \"selfLink\": \"https://waws-prod-bay-950c1bb7.api.p.azurewebsites.windows.net:454/subscriptions/0d3ae56c-deaf-4982-b514-33d016d4a683/webspaces/appdemorg-asedemopsappseWestUSwebspace/sites/ps8118\",\r\n    \"repositorySiteName\": \"ps8118\",\r\n    \"owner\": null,\r\n    \"usageState\": \"Normal\",\r\n    \"enabled\": true,\r\n    \"adminEnabled\": true,\r\n    \"enabledHostNames\": [\r\n      \"ps8118.asedemops.p.azurewebsites.net\",\r\n      \"ps8118.scm.asedemops.p.azurewebsites.net\"\r\n    ],\r\n    \"siteProperties\": {\r\n      \"metadata\": null,\r\n      \"properties\": [\r\n        {\r\n          \"name\": \"LinuxFxVersion\",\r\n          \"value\": \"\"\r\n        },\r\n        {\r\n          \"name\": \"WindowsFxVersion\",\r\n          \"value\": null\r\n        }\r\n      ],\r\n      \"appSettings\": null\r\n    },\r\n    \"availabilityState\": \"Normal\",\r\n    \"sslCertificates\": null,\r\n    \"csrs\": [],\r\n    \"cers\": null,\r\n    \"siteMode\": null,\r\n    \"hostNameSslStates\": [\r\n      {\r\n        \"name\": \"ps8118.asedemops.p.azurewebsites.net\",\r\n        \"sslState\": \"Disabled\",\r\n        \"ipBasedSslResult\": null,\r\n        \"virtualIP\": null,\r\n        \"thumbprint\": null,\r\n        \"toUpdate\": null,\r\n        \"toUpdateIpBasedSsl\": null,\r\n        \"ipBasedSslState\": \"NotConfigured\",\r\n        \"hostType\": \"Standard\"\r\n      },\r\n      {\r\n        \"name\": \"ps8118.scm.asedemops.p.azurewebsites.net\",\r\n        \"sslState\": \"Disabled\",\r\n        \"ipBasedSslResult\": null,\r\n        \"virtualIP\": null,\r\n        \"thumbprint\": null,\r\n        \"toUpdate\": null,\r\n        \"toUpdateIpBasedSsl\": null,\r\n        \"ipBasedSslState\": \"NotConfigured\",\r\n        \"hostType\": \"Repository\"\r\n      }\r\n    ],\r\n    \"computeMode\": null,\r\n    \"serverFarm\": null,\r\n    \"serverFarmId\": \"/subscriptions/0d3ae56c-deaf-4982-b514-33d016d4a683/resourceGroups/appdemorg/providers/Microsoft.Web/serverfarms/travelproductionplan\",\r\n    \"reserved\": false,\r\n    \"isXenon\": false,\r\n    \"lastModifiedTimeUtc\": \"2018-09-09T01:33:25.7666667\",\r\n    \"storageRecoveryDefaultState\": \"Running\",\r\n    \"contentAvailabilityState\": \"Normal\",\r\n    \"runtimeAvailabilityState\": \"Normal\",\r\n    \"siteConfig\": null,\r\n    \"deploymentId\": \"ps8118\",\r\n    \"trafficManagerHostNames\": null,\r\n    \"sku\": \"Isolated\",\r\n    \"scmSiteAlsoStopped\": false,\r\n    \"targetSwapSlot\": null,\r\n    \"hostingEnvironment\": \"asedemops\",\r\n    \"hostingEnvironmentProfile\": {\r\n      \"id\": \"/subscriptions/0d3ae56c-deaf-4982-b514-33d016d4a683/resourceGroups/appdemorg/providers/Microsoft.Web/hostingEnvironments/asedemops\",\r\n      \"name\": \"asedemops\",\r\n      \"type\": \"Microsoft.Web/hostingEnvironments\"\r\n    },\r\n    \"clientAffinityEnabled\": true,\r\n    \"clientCertEnabled\": false,\r\n    \"hostNamesDisabled\": false,\r\n    \"domainVerificationIdentifiers\": null,\r\n    \"kind\": \"app\",\r\n    \"outboundIpAddresses\": \"40.112.134.23\",\r\n    \"possibleOutboundIpAddresses\": \"40.112.134.23,40.112.134.23\",\r\n    \"containerSize\": 0,\r\n    \"dailyMemoryTimeQuota\": 0,\r\n    \"suspendedTill\": null,\r\n    \"siteDisabledReason\": 0,\r\n    \"functionExecutionUnitsCache\": null,\r\n    \"maxNumberOfWorkers\": null,\r\n    \"homeStamp\": \"waws-prod-bay-950c1bb7\",\r\n    \"cloningInfo\": null,\r\n    \"hostingEnvironmentId\": \"/subscriptions/0d3ae56c-deaf-4982-b514-33d016d4a683/resourceGroups/appdemorg/providers/Microsoft.Web/hostingEnvironments/asedemops\",\r\n    \"tags\": null,\r\n    \"resourceGroup\": \"appdemorg\",\r\n    \"defaultHostName\": \"ps8118.asedemops.p.azurewebsites.net\",\r\n    \"slotSwapStatus\": null,\r\n    \"httpsOnly\": false\r\n  }\r\n}",
      "ResponseHeaders": {
        "Content-Length": [
          "2983"
        ],
        "Content-Type": [
          "application/json"
        ],
        "Expires": [
          "-1"
        ],
        "Pragma": [
          "no-cache"
        ],
        "Strict-Transport-Security": [
          "max-age=31536000; includeSubDomains"
        ],
        "x-ms-request-id": [
          "906fb7bf-d472-4c8f-9bdb-334516fb8906"
        ],
        "x-ms-ratelimit-remaining-subscription-resource-requests": [
          "499"
        ],
        "x-ms-correlation-request-id": [
          "99c49395-bd09-4486-8b39-4ae41f2226bf"
        ],
        "x-ms-routing-request-id": [
          "WESTUS2:20180909T013346Z:99c49395-bd09-4486-8b39-4ae41f2226bf"
        ],
        "X-Content-Type-Options": [
          "nosniff"
        ],
        "Cache-Control": [
          "no-cache"
        ],
        "Date": [
          "Sun, 09 Sep 2018 01:33:46 GMT"
        ],
        "ETag": [
          "\"1D447DD25A06480\""
        ],
        "Server": [
          "Microsoft-IIS/10.0"
        ],
        "X-AspNet-Version": [
          "4.0.30319"
        ],
        "X-Powered-By": [
          "ASP.NET"
        ]
      },
      "StatusCode": 200
    },
    {
      "RequestUri": "/subscriptions/0d3ae56c-deaf-4982-b514-33d016d4a683/resourceGroups/appdemorg/providers/Microsoft.Web/sites/ps8118/config/web?api-version=2018-02-01",
      "EncodedRequestUri": "L3N1YnNjcmlwdGlvbnMvMGQzYWU1NmMtZGVhZi00OTgyLWI1MTQtMzNkMDE2ZDRhNjgzL3Jlc291cmNlR3JvdXBzL2FwcGRlbW9yZy9wcm92aWRlcnMvTWljcm9zb2Z0LldlYi9zaXRlcy9wczgxMTgvY29uZmlnL3dlYj9hcGktdmVyc2lvbj0yMDE4LTAyLTAx",
      "RequestMethod": "GET",
      "RequestBody": "",
      "RequestHeaders": {
        "x-ms-client-request-id": [
          "25bb3ecd-5b39-4989-83b6-9b00af196afd"
        ],
        "accept-language": [
          "en-US"
        ],
        "User-Agent": [
          "FxVersion/4.7.3133.0",
          "OSName/WindowsServer2012R2Datacenter",
          "OSVersion/6.3.9600",
          "Microsoft.Azure.Management.WebSites.WebSiteManagementClient/2.0.0"
        ]
      },
      "ResponseBody": "{\r\n  \"id\": \"/subscriptions/0d3ae56c-deaf-4982-b514-33d016d4a683/resourceGroups/appdemorg/providers/Microsoft.Web/sites/ps8118/config/web\",\r\n  \"name\": \"ps8118\",\r\n  \"type\": \"Microsoft.Web/sites/config\",\r\n  \"location\": \"West US\",\r\n  \"properties\": {\r\n    \"numberOfWorkers\": 1,\r\n    \"defaultDocuments\": [\r\n      \"Default.htm\",\r\n      \"Default.html\",\r\n      \"Default.asp\",\r\n      \"index.htm\",\r\n      \"index.html\",\r\n      \"iisstart.htm\",\r\n      \"default.aspx\",\r\n      \"index.php\",\r\n      \"hostingstart.html\"\r\n    ],\r\n    \"netFrameworkVersion\": \"v4.0\",\r\n    \"phpVersion\": \"5.6\",\r\n    \"pythonVersion\": \"\",\r\n    \"nodeVersion\": \"\",\r\n    \"linuxFxVersion\": \"\",\r\n    \"windowsFxVersion\": null,\r\n    \"requestTracingEnabled\": false,\r\n    \"remoteDebuggingEnabled\": false,\r\n    \"remoteDebuggingVersion\": null,\r\n    \"httpLoggingEnabled\": false,\r\n    \"logsDirectorySizeLimit\": 35,\r\n    \"detailedErrorLoggingEnabled\": false,\r\n    \"publishingUsername\": \"$ps8118\",\r\n    \"publishingPassword\": null,\r\n    \"appSettings\": null,\r\n    \"azureStorageAccounts\": {},\r\n    \"metadata\": null,\r\n    \"connectionStrings\": null,\r\n    \"machineKey\": null,\r\n    \"handlerMappings\": null,\r\n    \"documentRoot\": null,\r\n    \"scmType\": \"None\",\r\n    \"use32BitWorkerProcess\": true,\r\n    \"webSocketsEnabled\": false,\r\n    \"alwaysOn\": false,\r\n    \"javaVersion\": null,\r\n    \"javaContainer\": null,\r\n    \"javaContainerVersion\": null,\r\n    \"appCommandLine\": \"\",\r\n    \"managedPipelineMode\": \"Integrated\",\r\n    \"virtualApplications\": [\r\n      {\r\n        \"virtualPath\": \"/\",\r\n        \"physicalPath\": \"site\\\\wwwroot\",\r\n        \"preloadEnabled\": false,\r\n        \"virtualDirectories\": null\r\n      }\r\n    ],\r\n    \"winAuthAdminState\": 0,\r\n    \"winAuthTenantState\": 0,\r\n    \"customAppPoolIdentityAdminState\": false,\r\n    \"customAppPoolIdentityTenantState\": false,\r\n    \"runtimeADUser\": null,\r\n    \"runtimeADUserPassword\": null,\r\n    \"loadBalancing\": \"LeastRequests\",\r\n    \"routingRules\": [],\r\n    \"experiments\": {\r\n      \"rampUpRules\": []\r\n    },\r\n    \"limits\": null,\r\n    \"autoHealEnabled\": false,\r\n    \"autoHealRules\": null,\r\n    \"tracingOptions\": null,\r\n    \"vnetName\": \"\",\r\n    \"siteAuthEnabled\": false,\r\n    \"siteAuthSettings\": {\r\n      \"enabled\": null,\r\n      \"unauthenticatedClientAction\": null,\r\n      \"tokenStoreEnabled\": null,\r\n      \"allowedExternalRedirectUrls\": null,\r\n      \"defaultProvider\": null,\r\n      \"clientId\": null,\r\n      \"clientSecret\": null,\r\n      \"issuer\": null,\r\n      \"allowedAudiences\": null,\r\n      \"additionalLoginParams\": null,\r\n      \"isAadAutoProvisioned\": false,\r\n      \"googleClientId\": null,\r\n      \"googleClientSecret\": null,\r\n      \"googleOAuthScopes\": null,\r\n      \"facebookAppId\": null,\r\n      \"facebookAppSecret\": null,\r\n      \"facebookOAuthScopes\": null,\r\n      \"twitterConsumerKey\": null,\r\n      \"twitterConsumerSecret\": null,\r\n      \"microsoftAccountClientId\": null,\r\n      \"microsoftAccountClientSecret\": null,\r\n      \"microsoftAccountOAuthScopes\": null\r\n    },\r\n    \"cors\": null,\r\n    \"push\": null,\r\n    \"apiDefinition\": null,\r\n    \"autoSwapSlotName\": null,\r\n    \"localMySqlEnabled\": false,\r\n    \"managedServiceIdentityId\": null,\r\n    \"xManagedServiceIdentityId\": null,\r\n    \"ipSecurityRestrictions\": null,\r\n    \"http20Enabled\": false,\r\n    \"minTlsVersion\": \"1.2\",\r\n    \"ftpsState\": \"AllAllowed\",\r\n    \"reservedInstanceCount\": 0\r\n  }\r\n}",
      "ResponseHeaders": {
        "Content-Length": [
          "2495"
        ],
        "Content-Type": [
          "application/json"
        ],
        "Expires": [
          "-1"
        ],
        "Pragma": [
          "no-cache"
        ],
        "Strict-Transport-Security": [
          "max-age=31536000; includeSubDomains"
        ],
        "x-ms-request-id": [
          "f21cc42e-5e5a-4ec2-93ff-1a669f9bfb24"
        ],
        "x-ms-ratelimit-remaining-subscription-reads": [
          "11997"
        ],
        "x-ms-correlation-request-id": [
          "6f4a7c98-6632-4832-acff-f51fe16f664c"
        ],
        "x-ms-routing-request-id": [
          "WESTUS2:20180909T013347Z:6f4a7c98-6632-4832-acff-f51fe16f664c"
        ],
        "X-Content-Type-Options": [
          "nosniff"
        ],
        "Cache-Control": [
          "no-cache"
        ],
        "Date": [
          "Sun, 09 Sep 2018 01:33:46 GMT"
        ],
        "Server": [
          "Microsoft-IIS/10.0"
        ],
        "X-AspNet-Version": [
          "4.0.30319"
        ],
        "X-Powered-By": [
          "ASP.NET"
        ]
      },
      "StatusCode": 200
    },
    {
      "RequestUri": "/subscriptions/0d3ae56c-deaf-4982-b514-33d016d4a683/resourceGroups/appdemorg/providers/Microsoft.Web/sites/ps8118/config/web?api-version=2018-02-01",
      "EncodedRequestUri": "L3N1YnNjcmlwdGlvbnMvMGQzYWU1NmMtZGVhZi00OTgyLWI1MTQtMzNkMDE2ZDRhNjgzL3Jlc291cmNlR3JvdXBzL2FwcGRlbW9yZy9wcm92aWRlcnMvTWljcm9zb2Z0LldlYi9zaXRlcy9wczgxMTgvY29uZmlnL3dlYj9hcGktdmVyc2lvbj0yMDE4LTAyLTAx",
      "RequestMethod": "GET",
      "RequestBody": "",
      "RequestHeaders": {
        "x-ms-client-request-id": [
          "b2826565-00a1-43e4-9fc7-edcd04c8587a"
        ],
        "accept-language": [
          "en-US"
        ],
        "User-Agent": [
          "FxVersion/4.7.3133.0",
          "OSName/WindowsServer2012R2Datacenter",
          "OSVersion/6.3.9600",
          "Microsoft.Azure.Management.WebSites.WebSiteManagementClient/2.0.0"
        ]
      },
      "ResponseBody": "{\r\n  \"id\": \"/subscriptions/0d3ae56c-deaf-4982-b514-33d016d4a683/resourceGroups/appdemorg/providers/Microsoft.Web/sites/ps8118/config/web\",\r\n  \"name\": \"ps8118\",\r\n  \"type\": \"Microsoft.Web/sites/config\",\r\n  \"location\": \"West US\",\r\n  \"properties\": {\r\n    \"numberOfWorkers\": 1,\r\n    \"defaultDocuments\": [\r\n      \"Default.htm\",\r\n      \"Default.html\",\r\n      \"Default.asp\",\r\n      \"index.htm\",\r\n      \"index.html\",\r\n      \"iisstart.htm\",\r\n      \"default.aspx\",\r\n      \"index.php\",\r\n      \"hostingstart.html\"\r\n    ],\r\n    \"netFrameworkVersion\": \"v4.0\",\r\n    \"phpVersion\": \"5.6\",\r\n    \"pythonVersion\": \"\",\r\n    \"nodeVersion\": \"\",\r\n    \"linuxFxVersion\": \"\",\r\n    \"windowsFxVersion\": null,\r\n    \"requestTracingEnabled\": false,\r\n    \"remoteDebuggingEnabled\": false,\r\n    \"remoteDebuggingVersion\": null,\r\n    \"httpLoggingEnabled\": false,\r\n    \"logsDirectorySizeLimit\": 35,\r\n    \"detailedErrorLoggingEnabled\": false,\r\n    \"publishingUsername\": \"$ps8118\",\r\n    \"publishingPassword\": null,\r\n    \"appSettings\": null,\r\n    \"azureStorageAccounts\": {},\r\n    \"metadata\": null,\r\n    \"connectionStrings\": null,\r\n    \"machineKey\": null,\r\n    \"handlerMappings\": null,\r\n    \"documentRoot\": null,\r\n    \"scmType\": \"None\",\r\n    \"use32BitWorkerProcess\": true,\r\n    \"webSocketsEnabled\": false,\r\n    \"alwaysOn\": false,\r\n    \"javaVersion\": null,\r\n    \"javaContainer\": null,\r\n    \"javaContainerVersion\": null,\r\n    \"appCommandLine\": \"\",\r\n    \"managedPipelineMode\": \"Integrated\",\r\n    \"virtualApplications\": [\r\n      {\r\n        \"virtualPath\": \"/\",\r\n        \"physicalPath\": \"site\\\\wwwroot\",\r\n        \"preloadEnabled\": false,\r\n        \"virtualDirectories\": null\r\n      }\r\n    ],\r\n    \"winAuthAdminState\": 0,\r\n    \"winAuthTenantState\": 0,\r\n    \"customAppPoolIdentityAdminState\": false,\r\n    \"customAppPoolIdentityTenantState\": false,\r\n    \"runtimeADUser\": null,\r\n    \"runtimeADUserPassword\": null,\r\n    \"loadBalancing\": \"LeastRequests\",\r\n    \"routingRules\": [],\r\n    \"experiments\": {\r\n      \"rampUpRules\": []\r\n    },\r\n    \"limits\": null,\r\n    \"autoHealEnabled\": false,\r\n    \"autoHealRules\": null,\r\n    \"tracingOptions\": null,\r\n    \"vnetName\": \"\",\r\n    \"siteAuthEnabled\": false,\r\n    \"siteAuthSettings\": {\r\n      \"enabled\": null,\r\n      \"unauthenticatedClientAction\": null,\r\n      \"tokenStoreEnabled\": null,\r\n      \"allowedExternalRedirectUrls\": null,\r\n      \"defaultProvider\": null,\r\n      \"clientId\": null,\r\n      \"clientSecret\": null,\r\n      \"issuer\": null,\r\n      \"allowedAudiences\": null,\r\n      \"additionalLoginParams\": null,\r\n      \"isAadAutoProvisioned\": false,\r\n      \"googleClientId\": null,\r\n      \"googleClientSecret\": null,\r\n      \"googleOAuthScopes\": null,\r\n      \"facebookAppId\": null,\r\n      \"facebookAppSecret\": null,\r\n      \"facebookOAuthScopes\": null,\r\n      \"twitterConsumerKey\": null,\r\n      \"twitterConsumerSecret\": null,\r\n      \"microsoftAccountClientId\": null,\r\n      \"microsoftAccountClientSecret\": null,\r\n      \"microsoftAccountOAuthScopes\": null\r\n    },\r\n    \"cors\": null,\r\n    \"push\": null,\r\n    \"apiDefinition\": null,\r\n    \"autoSwapSlotName\": null,\r\n    \"localMySqlEnabled\": false,\r\n    \"managedServiceIdentityId\": null,\r\n    \"xManagedServiceIdentityId\": null,\r\n    \"ipSecurityRestrictions\": null,\r\n    \"http20Enabled\": false,\r\n    \"minTlsVersion\": \"1.2\",\r\n    \"ftpsState\": \"AllAllowed\",\r\n    \"reservedInstanceCount\": 0\r\n  }\r\n}",
      "ResponseHeaders": {
        "Content-Length": [
          "2495"
        ],
        "Content-Type": [
          "application/json"
        ],
        "Expires": [
          "-1"
        ],
        "Pragma": [
          "no-cache"
        ],
        "Strict-Transport-Security": [
          "max-age=31536000; includeSubDomains"
        ],
        "x-ms-request-id": [
          "c3eb70e9-a702-4605-b00a-8032826c2a82"
        ],
        "x-ms-ratelimit-remaining-subscription-reads": [
          "11995"
        ],
        "x-ms-correlation-request-id": [
          "5d315a6b-ed25-4a1f-8f48-62dfeea9315f"
        ],
        "x-ms-routing-request-id": [
          "WESTUS2:20180909T013349Z:5d315a6b-ed25-4a1f-8f48-62dfeea9315f"
        ],
        "X-Content-Type-Options": [
          "nosniff"
        ],
        "Cache-Control": [
          "no-cache"
        ],
        "Date": [
          "Sun, 09 Sep 2018 01:33:49 GMT"
        ],
        "Server": [
          "Microsoft-IIS/10.0"
        ],
        "X-AspNet-Version": [
          "4.0.30319"
        ],
        "X-Powered-By": [
          "ASP.NET"
        ]
      },
      "StatusCode": 200
    },
    {
      "RequestUri": "/subscriptions/0d3ae56c-deaf-4982-b514-33d016d4a683/resourceGroups/appdemorg/providers/Microsoft.Web/sites/ps8118/config/appsettings/list?api-version=2018-02-01",
      "EncodedRequestUri": "L3N1YnNjcmlwdGlvbnMvMGQzYWU1NmMtZGVhZi00OTgyLWI1MTQtMzNkMDE2ZDRhNjgzL3Jlc291cmNlR3JvdXBzL2FwcGRlbW9yZy9wcm92aWRlcnMvTWljcm9zb2Z0LldlYi9zaXRlcy9wczgxMTgvY29uZmlnL2FwcHNldHRpbmdzL2xpc3Q/YXBpLXZlcnNpb249MjAxOC0wMi0wMQ==",
      "RequestMethod": "POST",
      "RequestBody": "",
      "RequestHeaders": {
        "x-ms-client-request-id": [
          "62e806be-5435-4485-97ea-33f5ead59871"
        ],
        "accept-language": [
          "en-US"
        ],
        "User-Agent": [
          "FxVersion/4.7.3133.0",
          "OSName/WindowsServer2012R2Datacenter",
          "OSVersion/6.3.9600",
          "Microsoft.Azure.Management.WebSites.WebSiteManagementClient/2.0.0"
        ]
      },
      "ResponseBody": "{\r\n  \"id\": \"/subscriptions/0d3ae56c-deaf-4982-b514-33d016d4a683/resourceGroups/appdemorg/providers/Microsoft.Web/sites/ps8118/config/appsettings\",\r\n  \"name\": \"appsettings\",\r\n  \"type\": \"Microsoft.Web/sites/config\",\r\n  \"location\": \"West US\",\r\n  \"properties\": {\r\n    \"WEBSITE_NODE_DEFAULT_VERSION\": \"6.9.1\"\r\n  }\r\n}",
      "ResponseHeaders": {
        "Content-Length": [
          "273"
        ],
        "Content-Type": [
          "application/json"
        ],
        "Expires": [
          "-1"
        ],
        "Pragma": [
          "no-cache"
        ],
        "Strict-Transport-Security": [
          "max-age=31536000; includeSubDomains"
        ],
        "x-ms-request-id": [
          "6327332f-b868-45cf-81e3-1dd2f6434d52"
        ],
        "x-ms-ratelimit-remaining-subscription-resource-requests": [
          "11999"
        ],
        "x-ms-correlation-request-id": [
          "cdb5ccd1-8981-4008-a8d8-b6558f74eb20"
        ],
        "x-ms-routing-request-id": [
          "WESTUS2:20180909T013347Z:cdb5ccd1-8981-4008-a8d8-b6558f74eb20"
        ],
        "X-Content-Type-Options": [
          "nosniff"
        ],
        "Cache-Control": [
          "no-cache"
        ],
        "Date": [
          "Sun, 09 Sep 2018 01:33:47 GMT"
        ],
        "Server": [
          "Microsoft-IIS/10.0"
        ],
        "X-AspNet-Version": [
          "4.0.30319"
        ],
        "X-Powered-By": [
          "ASP.NET"
        ]
      },
      "StatusCode": 200
    },
    {
      "RequestUri": "/subscriptions/0d3ae56c-deaf-4982-b514-33d016d4a683/resourceGroups/appdemorg/providers/Microsoft.Web/sites/ps8118/config/appsettings/list?api-version=2018-02-01",
      "EncodedRequestUri": "L3N1YnNjcmlwdGlvbnMvMGQzYWU1NmMtZGVhZi00OTgyLWI1MTQtMzNkMDE2ZDRhNjgzL3Jlc291cmNlR3JvdXBzL2FwcGRlbW9yZy9wcm92aWRlcnMvTWljcm9zb2Z0LldlYi9zaXRlcy9wczgxMTgvY29uZmlnL2FwcHNldHRpbmdzL2xpc3Q/YXBpLXZlcnNpb249MjAxOC0wMi0wMQ==",
      "RequestMethod": "POST",
      "RequestBody": "",
      "RequestHeaders": {
        "x-ms-client-request-id": [
          "b54c1875-a7b8-4abc-9e38-72398856c26b"
        ],
        "accept-language": [
          "en-US"
        ],
        "User-Agent": [
          "FxVersion/4.7.3133.0",
          "OSName/WindowsServer2012R2Datacenter",
          "OSVersion/6.3.9600",
          "Microsoft.Azure.Management.WebSites.WebSiteManagementClient/2.0.0"
        ]
      },
      "ResponseBody": "{\r\n  \"id\": \"/subscriptions/0d3ae56c-deaf-4982-b514-33d016d4a683/resourceGroups/appdemorg/providers/Microsoft.Web/sites/ps8118/config/appsettings\",\r\n  \"name\": \"appsettings\",\r\n  \"type\": \"Microsoft.Web/sites/config\",\r\n  \"location\": \"West US\",\r\n  \"properties\": {\r\n    \"WEBSITE_NODE_DEFAULT_VERSION\": \"6.9.1\"\r\n  }\r\n}",
      "ResponseHeaders": {
        "Content-Length": [
          "273"
        ],
        "Content-Type": [
          "application/json"
        ],
        "Expires": [
          "-1"
        ],
        "Pragma": [
          "no-cache"
        ],
        "Strict-Transport-Security": [
          "max-age=31536000; includeSubDomains"
        ],
        "x-ms-request-id": [
          "0be29365-2578-4ab5-9b78-530b28bf2b37"
        ],
        "x-ms-ratelimit-remaining-subscription-resource-requests": [
          "11997"
        ],
        "x-ms-correlation-request-id": [
          "0bfa9107-634d-44f3-80d2-30798e1342e4"
        ],
        "x-ms-routing-request-id": [
          "WESTUS2:20180909T013349Z:0bfa9107-634d-44f3-80d2-30798e1342e4"
        ],
        "X-Content-Type-Options": [
          "nosniff"
        ],
        "Cache-Control": [
          "no-cache"
        ],
        "Date": [
          "Sun, 09 Sep 2018 01:33:49 GMT"
        ],
        "Server": [
          "Microsoft-IIS/10.0"
        ],
        "X-AspNet-Version": [
          "4.0.30319"
        ],
        "X-Powered-By": [
          "ASP.NET"
        ]
      },
      "StatusCode": 200
    },
    {
      "RequestUri": "/subscriptions/0d3ae56c-deaf-4982-b514-33d016d4a683/resourceGroups/appdemorg/providers/Microsoft.Web/sites/ps8118/config/connectionstrings/list?api-version=2018-02-01",
      "EncodedRequestUri": "L3N1YnNjcmlwdGlvbnMvMGQzYWU1NmMtZGVhZi00OTgyLWI1MTQtMzNkMDE2ZDRhNjgzL3Jlc291cmNlR3JvdXBzL2FwcGRlbW9yZy9wcm92aWRlcnMvTWljcm9zb2Z0LldlYi9zaXRlcy9wczgxMTgvY29uZmlnL2Nvbm5lY3Rpb25zdHJpbmdzL2xpc3Q/YXBpLXZlcnNpb249MjAxOC0wMi0wMQ==",
      "RequestMethod": "POST",
      "RequestBody": "",
      "RequestHeaders": {
        "x-ms-client-request-id": [
          "e3b16301-5157-40fd-8712-50e4d2e1903b"
        ],
        "accept-language": [
          "en-US"
        ],
        "User-Agent": [
          "FxVersion/4.7.3133.0",
          "OSName/WindowsServer2012R2Datacenter",
          "OSVersion/6.3.9600",
          "Microsoft.Azure.Management.WebSites.WebSiteManagementClient/2.0.0"
        ]
      },
      "ResponseBody": "{\r\n  \"id\": \"/subscriptions/0d3ae56c-deaf-4982-b514-33d016d4a683/resourceGroups/appdemorg/providers/Microsoft.Web/sites/ps8118/config/connectionstrings\",\r\n  \"name\": \"connectionstrings\",\r\n  \"type\": \"Microsoft.Web/sites/config\",\r\n  \"location\": \"West US\",\r\n  \"properties\": {}\r\n}",
      "ResponseHeaders": {
        "Content-Length": [
          "247"
        ],
        "Content-Type": [
          "application/json"
        ],
        "Expires": [
          "-1"
        ],
        "Pragma": [
          "no-cache"
        ],
        "Strict-Transport-Security": [
          "max-age=31536000; includeSubDomains"
        ],
        "x-ms-request-id": [
          "266fb412-18a2-4743-88f2-3426792add2c"
        ],
        "x-ms-ratelimit-remaining-subscription-resource-requests": [
          "11998"
        ],
        "x-ms-correlation-request-id": [
          "9400a6a1-4c46-40f7-86c3-fa0492a50bd3"
        ],
        "x-ms-routing-request-id": [
          "WESTUS2:20180909T013347Z:9400a6a1-4c46-40f7-86c3-fa0492a50bd3"
        ],
        "X-Content-Type-Options": [
          "nosniff"
        ],
        "Cache-Control": [
          "no-cache"
        ],
        "Date": [
          "Sun, 09 Sep 2018 01:33:47 GMT"
        ],
        "Server": [
          "Microsoft-IIS/10.0"
        ],
        "X-AspNet-Version": [
          "4.0.30319"
        ],
        "X-Powered-By": [
          "ASP.NET"
        ]
      },
      "StatusCode": 200
    },
    {
      "RequestUri": "/subscriptions/0d3ae56c-deaf-4982-b514-33d016d4a683/resourceGroups/appdemorg/providers/Microsoft.Web/sites/ps8118/config/connectionstrings/list?api-version=2018-02-01",
      "EncodedRequestUri": "L3N1YnNjcmlwdGlvbnMvMGQzYWU1NmMtZGVhZi00OTgyLWI1MTQtMzNkMDE2ZDRhNjgzL3Jlc291cmNlR3JvdXBzL2FwcGRlbW9yZy9wcm92aWRlcnMvTWljcm9zb2Z0LldlYi9zaXRlcy9wczgxMTgvY29uZmlnL2Nvbm5lY3Rpb25zdHJpbmdzL2xpc3Q/YXBpLXZlcnNpb249MjAxOC0wMi0wMQ==",
      "RequestMethod": "POST",
      "RequestBody": "",
      "RequestHeaders": {
        "x-ms-client-request-id": [
          "9bd0a2b0-dabc-4fc3-a6db-5a8f20831b6a"
        ],
        "accept-language": [
          "en-US"
        ],
        "User-Agent": [
          "FxVersion/4.7.3133.0",
          "OSName/WindowsServer2012R2Datacenter",
          "OSVersion/6.3.9600",
          "Microsoft.Azure.Management.WebSites.WebSiteManagementClient/2.0.0"
        ]
      },
      "ResponseBody": "{\r\n  \"id\": \"/subscriptions/0d3ae56c-deaf-4982-b514-33d016d4a683/resourceGroups/appdemorg/providers/Microsoft.Web/sites/ps8118/config/connectionstrings\",\r\n  \"name\": \"connectionstrings\",\r\n  \"type\": \"Microsoft.Web/sites/config\",\r\n  \"location\": \"West US\",\r\n  \"properties\": {}\r\n}",
      "ResponseHeaders": {
        "Content-Length": [
          "247"
        ],
        "Content-Type": [
          "application/json"
        ],
        "Expires": [
          "-1"
        ],
        "Pragma": [
          "no-cache"
        ],
        "Strict-Transport-Security": [
          "max-age=31536000; includeSubDomains"
        ],
        "x-ms-request-id": [
          "fe570333-84a8-42a8-8057-0e9d4d74eb83"
        ],
        "x-ms-ratelimit-remaining-subscription-resource-requests": [
          "11996"
        ],
        "x-ms-correlation-request-id": [
          "a18a11c4-b13b-4433-a597-550a08ef9701"
        ],
        "x-ms-routing-request-id": [
          "WESTUS2:20180909T013350Z:a18a11c4-b13b-4433-a597-550a08ef9701"
        ],
        "X-Content-Type-Options": [
          "nosniff"
        ],
        "Cache-Control": [
          "no-cache"
        ],
        "Date": [
          "Sun, 09 Sep 2018 01:33:49 GMT"
        ],
        "Server": [
          "Microsoft-IIS/10.0"
        ],
        "X-AspNet-Version": [
          "4.0.30319"
        ],
        "X-Powered-By": [
          "ASP.NET"
        ]
      },
      "StatusCode": 200
    },
    {
      "RequestUri": "/subscriptions/0d3ae56c-deaf-4982-b514-33d016d4a683/resourceGroups/appdemorg/providers/Microsoft.Web/sites/ps8118?api-version=2018-02-01",
      "EncodedRequestUri": "L3N1YnNjcmlwdGlvbnMvMGQzYWU1NmMtZGVhZi00OTgyLWI1MTQtMzNkMDE2ZDRhNjgzL3Jlc291cmNlR3JvdXBzL2FwcGRlbW9yZy9wcm92aWRlcnMvTWljcm9zb2Z0LldlYi9zaXRlcy9wczgxMTg/YXBpLXZlcnNpb249MjAxOC0wMi0wMQ==",
      "RequestMethod": "GET",
      "RequestBody": "",
      "RequestHeaders": {
        "x-ms-client-request-id": [
          "d690407f-ef38-4f18-861e-7b7d72cb7cda"
        ],
        "accept-language": [
          "en-US"
        ],
        "User-Agent": [
          "FxVersion/4.7.3133.0",
          "OSName/WindowsServer2012R2Datacenter",
          "OSVersion/6.3.9600",
          "Microsoft.Azure.Management.WebSites.WebSiteManagementClient/2.0.0"
        ]
      },
      "ResponseBody": "{\r\n  \"id\": \"/subscriptions/0d3ae56c-deaf-4982-b514-33d016d4a683/resourceGroups/appdemorg/providers/Microsoft.Web/sites/ps8118\",\r\n  \"name\": \"ps8118\",\r\n  \"type\": \"Microsoft.Web/sites\",\r\n  \"kind\": \"app\",\r\n  \"location\": \"West US\",\r\n  \"properties\": {\r\n    \"name\": \"ps8118\",\r\n    \"state\": \"Running\",\r\n    \"hostNames\": [\r\n      \"ps8118.asedemops.p.azurewebsites.net\"\r\n    ],\r\n    \"webSpace\": \"appdemorg-asedemopsappseWestUSwebspace\",\r\n    \"selfLink\": \"https://waws-prod-bay-950c1bb7.api.p.azurewebsites.windows.net:454/subscriptions/0d3ae56c-deaf-4982-b514-33d016d4a683/webspaces/appdemorg-asedemopsappseWestUSwebspace/sites/ps8118\",\r\n    \"repositorySiteName\": \"ps8118\",\r\n    \"owner\": null,\r\n    \"usageState\": \"Normal\",\r\n    \"enabled\": true,\r\n    \"adminEnabled\": true,\r\n    \"enabledHostNames\": [\r\n      \"ps8118.asedemops.p.azurewebsites.net\",\r\n      \"ps8118.scm.asedemops.p.azurewebsites.net\"\r\n    ],\r\n    \"siteProperties\": {\r\n      \"metadata\": null,\r\n      \"properties\": [\r\n        {\r\n          \"name\": \"LinuxFxVersion\",\r\n          \"value\": \"\"\r\n        },\r\n        {\r\n          \"name\": \"WindowsFxVersion\",\r\n          \"value\": null\r\n        }\r\n      ],\r\n      \"appSettings\": null\r\n    },\r\n    \"availabilityState\": \"Normal\",\r\n    \"sslCertificates\": null,\r\n    \"csrs\": [],\r\n    \"cers\": null,\r\n    \"siteMode\": null,\r\n    \"hostNameSslStates\": [\r\n      {\r\n        \"name\": \"ps8118.asedemops.p.azurewebsites.net\",\r\n        \"sslState\": \"Disabled\",\r\n        \"ipBasedSslResult\": null,\r\n        \"virtualIP\": null,\r\n        \"thumbprint\": null,\r\n        \"toUpdate\": null,\r\n        \"toUpdateIpBasedSsl\": null,\r\n        \"ipBasedSslState\": \"NotConfigured\",\r\n        \"hostType\": \"Standard\"\r\n      },\r\n      {\r\n        \"name\": \"ps8118.scm.asedemops.p.azurewebsites.net\",\r\n        \"sslState\": \"Disabled\",\r\n        \"ipBasedSslResult\": null,\r\n        \"virtualIP\": null,\r\n        \"thumbprint\": null,\r\n        \"toUpdate\": null,\r\n        \"toUpdateIpBasedSsl\": null,\r\n        \"ipBasedSslState\": \"NotConfigured\",\r\n        \"hostType\": \"Repository\"\r\n      }\r\n    ],\r\n    \"computeMode\": null,\r\n    \"serverFarm\": null,\r\n    \"serverFarmId\": \"/subscriptions/0d3ae56c-deaf-4982-b514-33d016d4a683/resourceGroups/appdemorg/providers/Microsoft.Web/serverfarms/travelproductionplan\",\r\n    \"reserved\": false,\r\n    \"isXenon\": false,\r\n    \"lastModifiedTimeUtc\": \"2018-09-09T01:33:44.52\",\r\n    \"storageRecoveryDefaultState\": \"Running\",\r\n    \"contentAvailabilityState\": \"Normal\",\r\n    \"runtimeAvailabilityState\": \"Normal\",\r\n    \"siteConfig\": null,\r\n    \"deploymentId\": \"ps8118\",\r\n    \"trafficManagerHostNames\": null,\r\n    \"sku\": \"Isolated\",\r\n    \"scmSiteAlsoStopped\": false,\r\n    \"targetSwapSlot\": null,\r\n    \"hostingEnvironment\": \"asedemops\",\r\n    \"hostingEnvironmentProfile\": {\r\n      \"id\": \"/subscriptions/0d3ae56c-deaf-4982-b514-33d016d4a683/resourceGroups/appdemorg/providers/Microsoft.Web/hostingEnvironments/asedemops\",\r\n      \"name\": \"asedemops\",\r\n      \"type\": \"Microsoft.Web/hostingEnvironments\"\r\n    },\r\n    \"clientAffinityEnabled\": true,\r\n    \"clientCertEnabled\": false,\r\n    \"hostNamesDisabled\": false,\r\n    \"domainVerificationIdentifiers\": null,\r\n    \"kind\": \"app\",\r\n    \"outboundIpAddresses\": \"40.112.134.23\",\r\n    \"possibleOutboundIpAddresses\": \"40.112.134.23,40.112.134.23\",\r\n    \"containerSize\": 0,\r\n    \"dailyMemoryTimeQuota\": 0,\r\n    \"suspendedTill\": null,\r\n    \"siteDisabledReason\": 0,\r\n    \"functionExecutionUnitsCache\": null,\r\n    \"maxNumberOfWorkers\": null,\r\n    \"homeStamp\": \"waws-prod-bay-950c1bb7\",\r\n    \"cloningInfo\": null,\r\n    \"hostingEnvironmentId\": \"/subscriptions/0d3ae56c-deaf-4982-b514-33d016d4a683/resourceGroups/appdemorg/providers/Microsoft.Web/hostingEnvironments/asedemops\",\r\n    \"tags\": null,\r\n    \"resourceGroup\": \"appdemorg\",\r\n    \"defaultHostName\": \"ps8118.asedemops.p.azurewebsites.net\",\r\n    \"slotSwapStatus\": null,\r\n    \"httpsOnly\": false\r\n  }\r\n}",
      "ResponseHeaders": {
        "Content-Length": [
          "2978"
        ],
        "Content-Type": [
          "application/json"
        ],
        "Expires": [
          "-1"
        ],
        "Pragma": [
          "no-cache"
        ],
        "Strict-Transport-Security": [
          "max-age=31536000; includeSubDomains"
        ],
        "x-ms-request-id": [
          "bd7b39b5-2c21-4180-a185-00a69faa92bf"
        ],
        "x-ms-ratelimit-remaining-subscription-reads": [
          "11996"
        ],
        "x-ms-correlation-request-id": [
          "778dd17d-8995-40a6-bac2-9901664d701e"
        ],
        "x-ms-routing-request-id": [
          "WESTUS2:20180909T013349Z:778dd17d-8995-40a6-bac2-9901664d701e"
        ],
        "X-Content-Type-Options": [
          "nosniff"
        ],
        "Cache-Control": [
          "no-cache"
        ],
        "Date": [
          "Sun, 09 Sep 2018 01:33:49 GMT"
        ],
        "ETag": [
          "\"1D447DD25A06480\""
        ],
        "Server": [
          "Microsoft-IIS/10.0"
        ],
        "X-AspNet-Version": [
          "4.0.30319"
        ],
        "X-Powered-By": [
          "ASP.NET"
        ]
      },
      "StatusCode": 200
    },
    {
      "RequestUri": "/subscriptions/0d3ae56c-deaf-4982-b514-33d016d4a683/resourceGroups/appdemorg/providers/Microsoft.Web/sites/ps8118?deleteMetrics=true&deleteEmptyServerFarm=false&api-version=2018-02-01",
      "EncodedRequestUri": "L3N1YnNjcmlwdGlvbnMvMGQzYWU1NmMtZGVhZi00OTgyLWI1MTQtMzNkMDE2ZDRhNjgzL3Jlc291cmNlR3JvdXBzL2FwcGRlbW9yZy9wcm92aWRlcnMvTWljcm9zb2Z0LldlYi9zaXRlcy9wczgxMTg/ZGVsZXRlTWV0cmljcz10cnVlJmRlbGV0ZUVtcHR5U2VydmVyRmFybT1mYWxzZSZhcGktdmVyc2lvbj0yMDE4LTAyLTAx",
      "RequestMethod": "DELETE",
      "RequestBody": "",
      "RequestHeaders": {
        "x-ms-client-request-id": [
          "3fe2ed57-d944-45d0-ba51-baec5caae84a"
        ],
        "accept-language": [
          "en-US"
        ],
        "User-Agent": [
          "FxVersion/4.7.3133.0",
          "OSName/WindowsServer2012R2Datacenter",
          "OSVersion/6.3.9600",
          "Microsoft.Azure.Management.WebSites.WebSiteManagementClient/2.0.0"
        ]
      },
      "ResponseBody": "",
      "ResponseHeaders": {
        "Content-Length": [
          "0"
        ],
        "Expires": [
          "-1"
        ],
        "Pragma": [
          "no-cache"
        ],
        "Strict-Transport-Security": [
          "max-age=31536000; includeSubDomains"
        ],
        "x-ms-request-id": [
          "2db7ad1f-023a-4e34-b661-d46eb33e0745"
        ],
        "x-ms-ratelimit-remaining-subscription-deletes": [
          "14999"
        ],
        "x-ms-correlation-request-id": [
          "63794d07-c45a-4bbb-b98d-e03c1cae5ba3"
        ],
        "x-ms-routing-request-id": [
          "WESTUS2:20180909T013351Z:63794d07-c45a-4bbb-b98d-e03c1cae5ba3"
        ],
        "X-Content-Type-Options": [
          "nosniff"
        ],
        "Cache-Control": [
          "no-cache"
        ],
        "Date": [
          "Sun, 09 Sep 2018 01:33:51 GMT"
        ],
        "ETag": [
          "\"1D447DD25A06480\""
        ],
        "Server": [
          "Microsoft-IIS/10.0"
        ],
        "X-AspNet-Version": [
          "4.0.30319"
        ],
        "X-Powered-By": [
          "ASP.NET"
        ]
      },
      "StatusCode": 200
    }
  ],
  "Names": {
    "Test-CreateNewWebAppOnAse": [
      "ps8118"
    ]
  },
  "Variables": {
    "SubscriptionId": "0d3ae56c-deaf-4982-b514-33d016d4a683"
  }
}