{
  "Entries": [
    {
      "RequestUri": "/subscriptions/46241355-bb95-46a9-ba6c-42b554d71925/providers/Microsoft.Batch?api-version=2016-02-01",
      "EncodedRequestUri": "L3N1YnNjcmlwdGlvbnMvNDYyNDEzNTUtYmI5NS00NmE5LWJhNmMtNDJiNTU0ZDcxOTI1L3Byb3ZpZGVycy9NaWNyb3NvZnQuQmF0Y2g/YXBpLXZlcnNpb249MjAxNi0wMi0wMQ==",
      "RequestMethod": "GET",
      "RequestBody": "",
      "RequestHeaders": {
        "User-Agent": [
          "Microsoft.Azure.Management.Resources.ResourceManagementClient/2.0.0.0"
        ]
      },
      "ResponseBody": "{\r\n  \"id\": \"/subscriptions/46241355-bb95-46a9-ba6c-42b554d71925/providers/Microsoft.Batch\",\r\n  \"namespace\": \"Microsoft.Batch\",\r\n  \"authorization\": {\r\n    \"applicationId\": \"ddbf3205-c6bd-46ae-8127-60eb93363864\",\r\n    \"roleDefinitionId\": \"b7f84953-1d03-4eab-9ea4-45f065258ff8\"\r\n  },\r\n  \"resourceTypes\": [\r\n    {\r\n      \"resourceType\": \"batchAccounts\",\r\n      \"locations\": [\r\n        \"West Europe\",\r\n        \"East US\",\r\n        \"East US 2\",\r\n        \"West US\",\r\n        \"North Central US\",\r\n        \"Brazil South\",\r\n        \"North Europe\",\r\n        \"Central US\",\r\n        \"East Asia\",\r\n        \"Japan East\",\r\n        \"Australia Southeast\",\r\n        \"Japan West\",\r\n        \"Southeast Asia\",\r\n        \"South Central US\",\r\n        \"Australia East\",\r\n        \"South India\",\r\n        \"Central India\",\r\n        \"West India\",\r\n        \"Canada Central\",\r\n        \"Canada East\",\r\n        \"West Central US\",\r\n        \"West US 2\"\r\n      ],\r\n      \"apiVersions\": [\r\n        \"2015-12-01\",\r\n        \"2015-09-01\",\r\n        \"2015-07-01\",\r\n        \"2014-05-01-privatepreview\"\r\n      ],\r\n      \"capabilities\": \"CrossResourceGroupResourceMove, CrossSubscriptionResourceMove\"\r\n    },\r\n    {\r\n      \"resourceType\": \"operations\",\r\n      \"locations\": [\r\n        \"West Europe\",\r\n        \"East US\",\r\n        \"East US 2\",\r\n        \"West US\",\r\n        \"North Central US\",\r\n        \"Brazil South\",\r\n        \"North Europe\",\r\n        \"Central US\",\r\n        \"East Asia\",\r\n        \"Japan East\",\r\n        \"Australia Southeast\",\r\n        \"Japan West\",\r\n        \"Southeast Asia\",\r\n        \"South Central US\",\r\n        \"Australia East\",\r\n        \"South India\",\r\n        \"Central India\",\r\n        \"West India\",\r\n        \"Canada Central\",\r\n        \"Canada East\",\r\n        \"West Central US\",\r\n        \"West US 2\"\r\n      ],\r\n      \"apiVersions\": [\r\n        \"2015-12-01\",\r\n        \"2015-09-01\"\r\n      ]\r\n    },\r\n    {\r\n      \"resourceType\": \"locations\",\r\n      \"locations\": [],\r\n      \"apiVersions\": [\r\n        \"2015-09-01\"\r\n      ]\r\n    },\r\n    {\r\n      \"resourceType\": \"locations/quotas\",\r\n      \"locations\": [\r\n        \"West Europe\",\r\n        \"East US\",\r\n        \"East US 2\",\r\n        \"West US\",\r\n        \"North Central US\",\r\n        \"Brazil South\",\r\n        \"North Europe\",\r\n        \"Central US\",\r\n        \"East Asia\",\r\n        \"Japan East\",\r\n        \"Australia Southeast\",\r\n        \"Japan West\",\r\n        \"Southeast Asia\",\r\n        \"South Central US\",\r\n        \"Australia East\",\r\n        \"South India\",\r\n        \"Central India\",\r\n        \"West India\",\r\n        \"Canada Central\",\r\n        \"Canada East\",\r\n        \"West Central US\",\r\n        \"West US 2\"\r\n      ],\r\n      \"apiVersions\": [\r\n        \"2015-12-01\",\r\n        \"2015-09-01\"\r\n      ]\r\n    }\r\n  ],\r\n  \"registrationState\": \"Registered\"\r\n}",
      "ResponseHeaders": {
        "Content-Length": [
          "1733"
        ],
        "Content-Type": [
          "application/json; charset=utf-8"
        ],
        "Expires": [
          "-1"
        ],
        "Pragma": [
          "no-cache"
        ],
        "x-ms-ratelimit-remaining-subscription-reads": [
          "14997"
        ],
        "x-ms-request-id": [
          "d3fca5d2-ecc6-4d4f-af26-ab8862b529cd"
        ],
        "x-ms-correlation-request-id": [
          "d3fca5d2-ecc6-4d4f-af26-ab8862b529cd"
        ],
        "x-ms-routing-request-id": [
          "EASTUS:20160906T064231Z:d3fca5d2-ecc6-4d4f-af26-ab8862b529cd"
        ],
        "Strict-Transport-Security": [
          "max-age=31536000; includeSubDomains"
        ],
        "Cache-Control": [
          "no-cache"
        ],
        "Date": [
          "Tue, 06 Sep 2016 06:42:31 GMT"
        ]
      },
      "StatusCode": 200
    },
    {
      "RequestUri": "/subscriptions/46241355-bb95-46a9-ba6c-42b554d71925/resourcegroups/onesdk4477?api-version=2016-02-01",
      "EncodedRequestUri": "L3N1YnNjcmlwdGlvbnMvNDYyNDEzNTUtYmI5NS00NmE5LWJhNmMtNDJiNTU0ZDcxOTI1L3Jlc291cmNlZ3JvdXBzL29uZXNkazQ0Nzc/YXBpLXZlcnNpb249MjAxNi0wMi0wMQ==",
      "RequestMethod": "PUT",
      "RequestBody": "{\r\n  \"location\": \"West US\"\r\n}",
      "RequestHeaders": {
        "Content-Type": [
          "application/json; charset=utf-8"
        ],
        "Content-Length": [
          "29"
        ],
        "User-Agent": [
          "Microsoft.Azure.Management.Resources.ResourceManagementClient/2.0.0.0"
        ]
      },
      "ResponseBody": "{\r\n  \"id\": \"/subscriptions/46241355-bb95-46a9-ba6c-42b554d71925/resourceGroups/onesdk4477\",\r\n  \"name\": \"onesdk4477\",\r\n  \"location\": \"westus\",\r\n  \"properties\": {\r\n    \"provisioningState\": \"Succeeded\"\r\n  }\r\n}",
      "ResponseHeaders": {
        "Content-Length": [
          "173"
        ],
        "Content-Type": [
          "application/json; charset=utf-8"
        ],
        "Expires": [
          "-1"
        ],
        "Pragma": [
          "no-cache"
        ],
        "x-ms-ratelimit-remaining-subscription-writes": [
          "1199"
        ],
        "x-ms-request-id": [
          "9ae5480e-a0e5-455e-b89c-3d88b4c282e5"
        ],
        "x-ms-correlation-request-id": [
          "9ae5480e-a0e5-455e-b89c-3d88b4c282e5"
        ],
        "x-ms-routing-request-id": [
          "EASTUS:20160906T064233Z:9ae5480e-a0e5-455e-b89c-3d88b4c282e5"
        ],
        "Strict-Transport-Security": [
          "max-age=31536000; includeSubDomains"
        ],
        "Cache-Control": [
          "no-cache"
        ],
        "Date": [
          "Tue, 06 Sep 2016 06:42:33 GMT"
        ]
      },
      "StatusCode": 201
    },
    {
      "RequestUri": "/subscriptions/46241355-bb95-46a9-ba6c-42b554d71925/resources?$filter=resourceType%20eq%20'Microsoft.Batch%2FbatchAccounts'&api-version=2016-02-01",
      "EncodedRequestUri": "L3N1YnNjcmlwdGlvbnMvNDYyNDEzNTUtYmI5NS00NmE5LWJhNmMtNDJiNTU0ZDcxOTI1L3Jlc291cmNlcz8kZmlsdGVyPXJlc291cmNlVHlwZSUyMGVxJTIwJ01pY3Jvc29mdC5CYXRjaCUyRmJhdGNoQWNjb3VudHMnJmFwaS12ZXJzaW9uPTIwMTYtMDItMDE=",
      "RequestMethod": "GET",
      "RequestBody": "",
      "RequestHeaders": {
        "User-Agent": [
          "Microsoft.Azure.Management.Resources.ResourceManagementClient/2.0.0.0"
        ]
      },
      "ResponseBody": "{\r\n  \"value\": [\r\n    {\r\n      \"id\": \"/subscriptions/46241355-bb95-46a9-ba6c-42b554d71925/resourceGroups/AccountMgmtSampleGroup/providers/Microsoft.Batch/batchAccounts/pstestaccount\",\r\n      \"name\": \"pstestaccount\",\r\n      \"type\": \"Microsoft.Batch/batchAccounts\",\r\n      \"location\": \"centralus\",\r\n      \"tags\": {\r\n        \"Tag1\": \"Value1\",\r\n        \"Tag2\": \"Value2\"\r\n      }\r\n    },\r\n    {\r\n      \"id\": \"/subscriptions/46241355-bb95-46a9-ba6c-42b554d71925/resourceGroups/AccountMgmtSampleGroup/providers/Microsoft.Batch/batchAccounts/pstestaccount1\",\r\n      \"name\": \"pstestaccount1\",\r\n      \"type\": \"Microsoft.Batch/batchAccounts\",\r\n      \"location\": \"northcentralus\"\r\n    },\r\n    {\r\n      \"id\": \"/subscriptions/46241355-bb95-46a9-ba6c-42b554d71925/resourceGroups/default-brazilsouth/providers/Microsoft.Batch/batchAccounts/jstestbrazilsouth\",\r\n      \"name\": \"jstestbrazilsouth\",\r\n      \"type\": \"Microsoft.Batch/batchAccounts\",\r\n      \"location\": \"brazilsouth\"\r\n    },\r\n    {\r\n      \"id\": \"/subscriptions/46241355-bb95-46a9-ba6c-42b554d71925/resourceGroups/default-eastus/providers/Microsoft.Batch/batchAccounts/jstesteastus2\",\r\n      \"name\": \"jstesteastus2\",\r\n      \"type\": \"Microsoft.Batch/batchAccounts\",\r\n      \"location\": \"eastus2\"\r\n    },\r\n    {\r\n      \"id\": \"/subscriptions/46241355-bb95-46a9-ba6c-42b554d71925/resourceGroups/default-eastus/providers/Microsoft.Batch/batchAccounts/testmatt2\",\r\n      \"name\": \"testmatt2\",\r\n      \"type\": \"Microsoft.Batch/batchAccounts\",\r\n      \"location\": \"eastus\",\r\n      \"tags\": {\r\n        \"testtag\": \"testval\"\r\n      }\r\n    },\r\n    {\r\n      \"id\": \"/subscriptions/46241355-bb95-46a9-ba6c-42b554d71925/resourceGroups/default-westus/providers/Microsoft.Batch/batchAccounts/jsmatlab\",\r\n      \"name\": \"jsmatlab\",\r\n      \"type\": \"Microsoft.Batch/batchAccounts\",\r\n      \"location\": \"westus\"\r\n    }\r\n  ]\r\n}",
      "ResponseHeaders": {
        "Content-Length": [
          "1473"
        ],
        "Content-Type": [
          "application/json; charset=utf-8"
        ],
        "Expires": [
          "-1"
        ],
        "Pragma": [
          "no-cache"
        ],
        "x-ms-ratelimit-remaining-subscription-reads": [
          "14996"
        ],
        "x-ms-request-id": [
          "9a3752d4-aca6-4081-93a8-6cac1e847832"
        ],
        "x-ms-correlation-request-id": [
          "9a3752d4-aca6-4081-93a8-6cac1e847832"
        ],
        "x-ms-routing-request-id": [
          "EASTUS:20160906T064233Z:9a3752d4-aca6-4081-93a8-6cac1e847832"
        ],
        "Strict-Transport-Security": [
          "max-age=31536000; includeSubDomains"
        ],
        "Cache-Control": [
          "no-cache"
        ],
        "Date": [
          "Tue, 06 Sep 2016 06:42:33 GMT"
        ]
      },
      "StatusCode": 200
    },
    {
      "RequestUri": "/subscriptions/46241355-bb95-46a9-ba6c-42b554d71925/resourceGroups/onesdk4477/providers/Microsoft.Batch/batchAccounts/onesdk9043?api-version=2015-12-01",
      "EncodedRequestUri": "L3N1YnNjcmlwdGlvbnMvNDYyNDEzNTUtYmI5NS00NmE5LWJhNmMtNDJiNTU0ZDcxOTI1L3Jlc291cmNlR3JvdXBzL29uZXNkazQ0NzcvcHJvdmlkZXJzL01pY3Jvc29mdC5CYXRjaC9iYXRjaEFjY291bnRzL29uZXNkazkwNDM/YXBpLXZlcnNpb249MjAxNS0xMi0wMQ==",
      "RequestMethod": "PUT",
      "RequestBody": "{\r\n  \"location\": \"West US\",\r\n  \"tags\": {\r\n    \"testtag1\": \"testval1\"\r\n  }\r\n}",
      "RequestHeaders": {
        "Content-Type": [
          "application/json; charset=utf-8"
        ],
        "Content-Length": [
          "76"
        ],
        "x-ms-client-request-id": [
          "b6a784a9-dcf9-44c9-8c14-e2d974996ee8"
        ],
        "accept-language": [
          "en-US"
        ],
        "User-Agent": [
          "Microsoft.Azure.Management.Batch.BatchManagementClient/2.0.0.0"
        ]
      },
      "ResponseBody": "",
      "ResponseHeaders": {
        "Content-Length": [
          "0"
        ],
        "Expires": [
          "-1"
        ],
        "Pragma": [
          "no-cache"
        ],
        "Retry-After": [
          "15"
        ],
        "x-ms-ratelimit-remaining-subscription-writes": [
          "1199"
        ],
        "request-id": [
          "f16dbc99-f2d4-4d7f-a7b1-3c67dc4402bf"
        ],
        "Strict-Transport-Security": [
          "max-age=31536000; includeSubDomains"
        ],
        "x-ms-request-id": [
          "f1049c5c-cf43-4777-93d5-bd408a94bbae"
        ],
        "x-ms-correlation-request-id": [
          "f1049c5c-cf43-4777-93d5-bd408a94bbae"
        ],
        "x-ms-routing-request-id": [
          "EASTUS:20160906T064237Z:f1049c5c-cf43-4777-93d5-bd408a94bbae"
        ],
        "Cache-Control": [
          "no-cache"
        ],
        "Date": [
          "Tue, 06 Sep 2016 06:42:37 GMT"
        ],
        "Location": [
          "https://management.azure.com/subscriptions/46241355-bb95-46a9-ba6c-42b554d71925/resourceGroups/onesdk4477/providers/Microsoft.Batch/batchAccounts/onesdk9043/operationResults/f16dbc99-f2d4-4d7f-a7b1-3c67dc4402bf?api-version=2015-12-01"
        ],
        "Server": [
          "Microsoft-HTTPAPI/2.0"
        ]
      },
      "StatusCode": 202
    },
    {
      "RequestUri": "/subscriptions/46241355-bb95-46a9-ba6c-42b554d71925/resourceGroups/onesdk4477/providers/Microsoft.Batch/batchAccounts/onesdk9043?api-version=2015-12-01",
      "EncodedRequestUri": "L3N1YnNjcmlwdGlvbnMvNDYyNDEzNTUtYmI5NS00NmE5LWJhNmMtNDJiNTU0ZDcxOTI1L3Jlc291cmNlR3JvdXBzL29uZXNkazQ0NzcvcHJvdmlkZXJzL01pY3Jvc29mdC5CYXRjaC9iYXRjaEFjY291bnRzL29uZXNkazkwNDM/YXBpLXZlcnNpb249MjAxNS0xMi0wMQ==",
      "RequestMethod": "PUT",
      "RequestBody": "{\r\n  \"location\": \"westus\",\r\n  \"tags\": {\r\n    \"testtag2\": \"testval2\"\r\n  }\r\n}",
      "RequestHeaders": {
        "Content-Type": [
          "application/json; charset=utf-8"
        ],
        "Content-Length": [
          "75"
        ],
        "x-ms-client-request-id": [
          "96063a69-3b31-409e-84c8-d1e00613b8d8"
        ],
        "accept-language": [
          "en-US"
        ],
        "User-Agent": [
          "Microsoft.Azure.Management.Batch.BatchManagementClient/2.0.0.0"
        ]
      },
      "ResponseBody": "{\r\n  \"name\": \"onesdk9043\",\r\n  \"location\": \"westus\",\r\n  \"tags\": {\r\n    \"testtag2\": \"testval2\"\r\n  },\r\n  \"properties\": {\r\n    \"accountEndpoint\": \"onesdk9043.westus.batch.azure.com\",\r\n    \"provisioningState\": \"Succeeded\",\r\n    \"coreQuota\": 20,\r\n    \"poolQuota\": 20,\r\n    \"activeJobAndJobScheduleQuota\": 20\r\n  },\r\n  \"id\": \"/subscriptions/46241355-bb95-46a9-ba6c-42b554d71925/resourceGroups/onesdk4477/providers/Microsoft.Batch/batchAccounts/onesdk9043\",\r\n  \"type\": \"Microsoft.Batch/batchAccounts\"\r\n}",
      "ResponseHeaders": {
        "Content-Length": [
          "412"
        ],
        "Content-Type": [
          "application/json; charset=utf-8"
        ],
        "Expires": [
          "-1"
        ],
        "Last-Modified": [
          "Tue, 06 Sep 2016 06:43:08 GMT"
        ],
        "Pragma": [
          "no-cache"
        ],
        "request-id": [
          "90aa4760-e95b-49ea-a36f-ad22c8366205"
        ],
        "Strict-Transport-Security": [
          "max-age=31536000; includeSubDomains"
        ],
        "x-ms-ratelimit-remaining-subscription-writes": [
          "1198"
        ],
        "x-ms-request-id": [
          "2261061b-71f9-4947-9bda-dfa46a453a70"
        ],
        "x-ms-correlation-request-id": [
          "2261061b-71f9-4947-9bda-dfa46a453a70"
        ],
        "x-ms-routing-request-id": [
          "EASTUS:20160906T064310Z:2261061b-71f9-4947-9bda-dfa46a453a70"
        ],
        "Cache-Control": [
          "no-cache"
        ],
        "Date": [
          "Tue, 06 Sep 2016 06:43:09 GMT"
        ],
        "ETag": [
          "0x8D3D621104E87CF"
        ],
        "Server": [
          "Microsoft-HTTPAPI/2.0"
        ]
      },
      "StatusCode": 200
    },
    {
      "RequestUri": "/subscriptions/46241355-bb95-46a9-ba6c-42b554d71925/resourceGroups/onesdk4477/providers/Microsoft.Batch/batchAccounts/onesdk9043/operationResults/f16dbc99-f2d4-4d7f-a7b1-3c67dc4402bf?api-version=2015-12-01",
      "EncodedRequestUri": "L3N1YnNjcmlwdGlvbnMvNDYyNDEzNTUtYmI5NS00NmE5LWJhNmMtNDJiNTU0ZDcxOTI1L3Jlc291cmNlR3JvdXBzL29uZXNkazQ0NzcvcHJvdmlkZXJzL01pY3Jvc29mdC5CYXRjaC9iYXRjaEFjY291bnRzL29uZXNkazkwNDMvb3BlcmF0aW9uUmVzdWx0cy9mMTZkYmM5OS1mMmQ0LTRkN2YtYTdiMS0zYzY3ZGM0NDAyYmY/YXBpLXZlcnNpb249MjAxNS0xMi0wMQ==",
      "RequestMethod": "GET",
      "RequestBody": "",
      "RequestHeaders": {
        "User-Agent": [
          "Microsoft.Azure.Management.Batch.BatchManagementClient/2.0.0.0"
        ]
      },
      "ResponseBody": "{\r\n  \"name\": \"onesdk9043\",\r\n  \"location\": \"westus\",\r\n  \"tags\": {\r\n    \"testtag1\": \"testval1\"\r\n  },\r\n  \"properties\": {\r\n    \"accountEndpoint\": \"onesdk9043.westus.batch.azure.com\",\r\n    \"provisioningState\": \"Succeeded\",\r\n    \"coreQuota\": 20,\r\n    \"poolQuota\": 20,\r\n    \"activeJobAndJobScheduleQuota\": 20\r\n  },\r\n  \"id\": \"/subscriptions/46241355-bb95-46a9-ba6c-42b554d71925/resourceGroups/onesdk4477/providers/Microsoft.Batch/batchAccounts/onesdk9043\",\r\n  \"type\": \"Microsoft.Batch/batchAccounts\"\r\n}",
      "ResponseHeaders": {
        "Content-Length": [
          "412"
        ],
        "Content-Type": [
          "application/json; charset=utf-8"
        ],
        "Expires": [
          "-1"
        ],
        "Last-Modified": [
          "Tue, 06 Sep 2016 06:43:06 GMT"
        ],
        "Pragma": [
          "no-cache"
        ],
        "request-id": [
          "4d9e7696-08af-4512-8e52-405d044f7dc3"
        ],
        "Strict-Transport-Security": [
          "max-age=31536000; includeSubDomains"
        ],
        "x-ms-ratelimit-remaining-subscription-reads": [
          "14988"
        ],
        "x-ms-request-id": [
          "a4ce7fb5-3aaa-4e20-a0d2-157dbfa59d3c"
        ],
        "x-ms-correlation-request-id": [
          "a4ce7fb5-3aaa-4e20-a0d2-157dbfa59d3c"
        ],
        "x-ms-routing-request-id": [
          "EASTUS:20160906T064308Z:a4ce7fb5-3aaa-4e20-a0d2-157dbfa59d3c"
        ],
        "Cache-Control": [
          "no-cache"
        ],
        "Date": [
          "Tue, 06 Sep 2016 06:43:07 GMT"
        ],
        "ETag": [
          "0x8D3D6210F45A4D8"
        ],
        "Server": [
          "Microsoft-HTTPAPI/2.0"
        ]
      },
      "StatusCode": 200
    },
    {
      "RequestUri": "/subscriptions/46241355-bb95-46a9-ba6c-42b554d71925/resourceGroups/onesdk4477/providers/Microsoft.Batch/batchAccounts/onesdk9043?api-version=2015-12-01",
      "EncodedRequestUri": "L3N1YnNjcmlwdGlvbnMvNDYyNDEzNTUtYmI5NS00NmE5LWJhNmMtNDJiNTU0ZDcxOTI1L3Jlc291cmNlR3JvdXBzL29uZXNkazQ0NzcvcHJvdmlkZXJzL01pY3Jvc29mdC5CYXRjaC9iYXRjaEFjY291bnRzL29uZXNkazkwNDM/YXBpLXZlcnNpb249MjAxNS0xMi0wMQ==",
      "RequestMethod": "GET",
      "RequestBody": "",
      "RequestHeaders": {
        "x-ms-client-request-id": [
          "14633e5f-ed8e-4aad-bab9-29d6c7bf0e83"
        ],
        "accept-language": [
          "en-US"
        ],
        "User-Agent": [
          "Microsoft.Azure.Management.Batch.BatchManagementClient/2.0.0.0"
        ]
      },
      "ResponseBody": "{\r\n  \"name\": \"onesdk9043\",\r\n  \"location\": \"westus\",\r\n  \"tags\": {\r\n    \"testtag1\": \"testval1\"\r\n  },\r\n  \"properties\": {\r\n    \"accountEndpoint\": \"onesdk9043.westus.batch.azure.com\",\r\n    \"provisioningState\": \"Succeeded\",\r\n    \"coreQuota\": 20,\r\n    \"poolQuota\": 20,\r\n    \"activeJobAndJobScheduleQuota\": 20\r\n  },\r\n  \"id\": \"/subscriptions/46241355-bb95-46a9-ba6c-42b554d71925/resourceGroups/onesdk4477/providers/Microsoft.Batch/batchAccounts/onesdk9043\",\r\n  \"type\": \"Microsoft.Batch/batchAccounts\"\r\n}",
      "ResponseHeaders": {
        "Content-Length": [
          "412"
        ],
        "Content-Type": [
          "application/json; charset=utf-8"
        ],
        "Expires": [
          "-1"
        ],
        "Last-Modified": [
          "Tue, 06 Sep 2016 06:43:07 GMT"
        ],
        "Pragma": [
          "no-cache"
        ],
        "request-id": [
          "0a8681b1-acf8-4212-bd54-afb32c4ff319"
        ],
        "Strict-Transport-Security": [
          "max-age=31536000; includeSubDomains"
        ],
        "x-ms-ratelimit-remaining-subscription-reads": [
          "14987"
        ],
        "x-ms-request-id": [
          "5f42068a-5ed3-4635-9484-a025e76f68db"
        ],
        "x-ms-correlation-request-id": [
          "5f42068a-5ed3-4635-9484-a025e76f68db"
        ],
        "x-ms-routing-request-id": [
          "EASTUS:20160906T064308Z:5f42068a-5ed3-4635-9484-a025e76f68db"
        ],
        "Cache-Control": [
          "no-cache"
        ],
        "Date": [
          "Tue, 06 Sep 2016 06:43:07 GMT"
        ],
        "ETag": [
          "0x8D3D6210F85D918"
        ],
        "Server": [
          "Microsoft-HTTPAPI/2.0"
        ]
      },
      "StatusCode": 200
    },
    {
      "RequestUri": "/subscriptions/46241355-bb95-46a9-ba6c-42b554d71925/resourceGroups/onesdk4477/providers/Microsoft.Batch/batchAccounts/onesdk9043?api-version=2015-12-01",
      "EncodedRequestUri": "L3N1YnNjcmlwdGlvbnMvNDYyNDEzNTUtYmI5NS00NmE5LWJhNmMtNDJiNTU0ZDcxOTI1L3Jlc291cmNlR3JvdXBzL29uZXNkazQ0NzcvcHJvdmlkZXJzL01pY3Jvc29mdC5CYXRjaC9iYXRjaEFjY291bnRzL29uZXNkazkwNDM/YXBpLXZlcnNpb249MjAxNS0xMi0wMQ==",
      "RequestMethod": "GET",
      "RequestBody": "",
      "RequestHeaders": {
        "x-ms-client-request-id": [
          "09d5b458-ed83-463c-a79a-2dbc4a3f81cc"
        ],
        "accept-language": [
          "en-US"
        ],
        "User-Agent": [
          "Microsoft.Azure.Management.Batch.BatchManagementClient/2.0.0.0"
        ]
      },
      "ResponseBody": "{\r\n  \"name\": \"onesdk9043\",\r\n  \"location\": \"westus\",\r\n  \"tags\": {\r\n    \"testtag2\": \"testval2\"\r\n  },\r\n  \"properties\": {\r\n    \"accountEndpoint\": \"onesdk9043.westus.batch.azure.com\",\r\n    \"provisioningState\": \"Succeeded\",\r\n    \"coreQuota\": 20,\r\n    \"poolQuota\": 20,\r\n    \"activeJobAndJobScheduleQuota\": 20\r\n  },\r\n  \"id\": \"/subscriptions/46241355-bb95-46a9-ba6c-42b554d71925/resourceGroups/onesdk4477/providers/Microsoft.Batch/batchAccounts/onesdk9043\",\r\n  \"type\": \"Microsoft.Batch/batchAccounts\"\r\n}",
      "ResponseHeaders": {
        "Content-Length": [
          "412"
        ],
        "Content-Type": [
          "application/json; charset=utf-8"
        ],
        "Expires": [
          "-1"
        ],
        "Last-Modified": [
          "Tue, 06 Sep 2016 06:43:09 GMT"
        ],
        "Pragma": [
          "no-cache"
        ],
        "request-id": [
          "40b2dc68-757f-46ab-9e58-0356c4c79478"
        ],
        "Strict-Transport-Security": [
          "max-age=31536000; includeSubDomains"
        ],
        "x-ms-ratelimit-remaining-subscription-reads": [
          "14986"
        ],
        "x-ms-request-id": [
          "8b2cb410-0a05-4d28-b38c-2fd21910218b"
        ],
        "x-ms-correlation-request-id": [
          "8b2cb410-0a05-4d28-b38c-2fd21910218b"
        ],
        "x-ms-routing-request-id": [
          "EASTUS:20160906T064310Z:8b2cb410-0a05-4d28-b38c-2fd21910218b"
        ],
        "Cache-Control": [
          "no-cache"
        ],
        "Date": [
          "Tue, 06 Sep 2016 06:43:10 GMT"
        ],
        "ETag": [
          "0x8D3D62110DC1A50"
        ],
        "Server": [
          "Microsoft-HTTPAPI/2.0"
        ]
      },
      "StatusCode": 200
    },
    {
      "RequestUri": "/subscriptions/46241355-bb95-46a9-ba6c-42b554d71925/resourceGroups/onesdk4477/providers/Microsoft.Batch/batchAccounts/onesdk9043?api-version=2015-12-01",
      "EncodedRequestUri": "L3N1YnNjcmlwdGlvbnMvNDYyNDEzNTUtYmI5NS00NmE5LWJhNmMtNDJiNTU0ZDcxOTI1L3Jlc291cmNlR3JvdXBzL29uZXNkazQ0NzcvcHJvdmlkZXJzL01pY3Jvc29mdC5CYXRjaC9iYXRjaEFjY291bnRzL29uZXNkazkwNDM/YXBpLXZlcnNpb249MjAxNS0xMi0wMQ==",
      "RequestMethod": "DELETE",
      "RequestBody": "",
      "RequestHeaders": {
        "x-ms-client-request-id": [
          "c4cfad48-eb81-401b-a0c8-f90252b0d271"
        ],
        "accept-language": [
          "en-US"
        ],
        "User-Agent": [
          "Microsoft.Azure.Management.Batch.BatchManagementClient/2.0.0.0"
        ]
      },
      "ResponseBody": "",
      "ResponseHeaders": {
        "Content-Length": [
          "0"
        ],
        "Expires": [
          "-1"
        ],
        "Pragma": [
          "no-cache"
        ],
        "Retry-After": [
          "15"
        ],
        "request-id": [
          "d4b8751f-f661-4b15-b17a-28fb41c77856"
        ],
        "Strict-Transport-Security": [
          "max-age=31536000; includeSubDomains"
        ],
        "x-ms-ratelimit-remaining-subscription-writes": [
          "1197"
        ],
        "x-ms-request-id": [
          "274cf5fe-8531-488d-ba86-53883e08a719"
        ],
        "x-ms-correlation-request-id": [
          "274cf5fe-8531-488d-ba86-53883e08a719"
        ],
        "x-ms-routing-request-id": [
          "EASTUS:20160906T064311Z:274cf5fe-8531-488d-ba86-53883e08a719"
        ],
        "Cache-Control": [
          "no-cache"
        ],
        "Date": [
          "Tue, 06 Sep 2016 06:43:11 GMT"
        ],
        "Location": [
          "https://management.azure.com/subscriptions/46241355-bb95-46a9-ba6c-42b554d71925/resourceGroups/onesdk4477/providers/Microsoft.Batch/batchAccounts/onesdk9043/operationResults/d4b8751f-f661-4b15-b17a-28fb41c77856?api-version=2015-12-01"
        ],
        "Server": [
          "Microsoft-HTTPAPI/2.0"
        ]
      },
      "StatusCode": 202
    },
    {
      "RequestUri": "/subscriptions/46241355-bb95-46a9-ba6c-42b554d71925/resourceGroups/onesdk4477/providers/Microsoft.Batch/batchAccounts/onesdk9043/operationResults/d4b8751f-f661-4b15-b17a-28fb41c77856?api-version=2015-12-01",
      "EncodedRequestUri": "L3N1YnNjcmlwdGlvbnMvNDYyNDEzNTUtYmI5NS00NmE5LWJhNmMtNDJiNTU0ZDcxOTI1L3Jlc291cmNlR3JvdXBzL29uZXNkazQ0NzcvcHJvdmlkZXJzL01pY3Jvc29mdC5CYXRjaC9iYXRjaEFjY291bnRzL29uZXNkazkwNDMvb3BlcmF0aW9uUmVzdWx0cy9kNGI4NzUxZi1mNjYxLTRiMTUtYjE3YS0yOGZiNDFjNzc4NTY/YXBpLXZlcnNpb249MjAxNS0xMi0wMQ==",
      "RequestMethod": "GET",
      "RequestBody": "",
      "RequestHeaders": {
        "User-Agent": [
          "Microsoft.Azure.Management.Batch.BatchManagementClient/2.0.0.0"
        ]
      },
      "ResponseBody": "{\r\n  \"error\": {\r\n    \"code\": \"ResourceNotFound\",\r\n    \"message\": \"The Resource 'Microsoft.Batch/batchAccounts/onesdk9043' under resource group 'onesdk4477' was not found.\"\r\n  }\r\n}",
      "ResponseHeaders": {
        "Content-Length": [
          "154"
        ],
        "Content-Type": [
          "application/json; charset=utf-8"
        ],
        "Expires": [
          "-1"
        ],
        "Pragma": [
          "no-cache"
        ],
        "x-ms-failure-cause": [
          "gateway"
        ],
        "x-ms-request-id": [
          "e15d8939-cefe-4f01-860a-880e7dbbbcb9"
        ],
        "x-ms-correlation-request-id": [
          "e15d8939-cefe-4f01-860a-880e7dbbbcb9"
        ],
        "x-ms-routing-request-id": [
          "EASTUS:20160906T064342Z:e15d8939-cefe-4f01-860a-880e7dbbbcb9"
        ],
        "Strict-Transport-Security": [
          "max-age=31536000; includeSubDomains"
        ],
        "Cache-Control": [
          "no-cache"
        ],
        "Date": [
          "Tue, 06 Sep 2016 06:43:41 GMT"
        ]
      },
      "StatusCode": 404
    },
    {
      "RequestUri": "/subscriptions/46241355-bb95-46a9-ba6c-42b554d71925/resourcegroups/onesdk4477?api-version=2016-02-01",
      "EncodedRequestUri": "L3N1YnNjcmlwdGlvbnMvNDYyNDEzNTUtYmI5NS00NmE5LWJhNmMtNDJiNTU0ZDcxOTI1L3Jlc291cmNlZ3JvdXBzL29uZXNkazQ0Nzc/YXBpLXZlcnNpb249MjAxNi0wMi0wMQ==",
      "RequestMethod": "DELETE",
      "RequestBody": "",
      "RequestHeaders": {
        "User-Agent": [
          "Microsoft.Azure.Management.Resources.ResourceManagementClient/2.0.0.0"
        ]
      },
      "ResponseBody": "",
      "ResponseHeaders": {
        "Content-Length": [
          "0"
        ],
        "Expires": [
          "-1"
        ],
        "Pragma": [
          "no-cache"
        ],
        "Retry-After": [
          "15"
        ],
        "x-ms-ratelimit-remaining-subscription-writes": [
          "1198"
        ],
        "x-ms-request-id": [
          "f3b65ac0-be01-4b0c-85b7-8cba2ae9fc65"
        ],
        "x-ms-correlation-request-id": [
          "f3b65ac0-be01-4b0c-85b7-8cba2ae9fc65"
        ],
        "x-ms-routing-request-id": [
          "EASTUS:20160906T064343Z:f3b65ac0-be01-4b0c-85b7-8cba2ae9fc65"
        ],
        "Strict-Transport-Security": [
          "max-age=31536000; includeSubDomains"
        ],
        "Cache-Control": [
          "no-cache"
        ],
        "Date": [
          "Tue, 06 Sep 2016 06:43:43 GMT"
        ],
        "Location": [
          "https://management.azure.com/subscriptions/46241355-bb95-46a9-ba6c-42b554d71925/operationresults/eyJqb2JJZCI6IlJFU09VUkNFR1JPVVBERUxFVElPTkpPQi1PTkVTREs0NDc3LVdFU1RVUyIsImpvYkxvY2F0aW9uIjoid2VzdHVzIn0?api-version=2016-02-01"
        ]
      },
      "StatusCode": 202
    },
    {
      "RequestUri": "/subscriptions/46241355-bb95-46a9-ba6c-42b554d71925/operationresults/eyJqb2JJZCI6IlJFU09VUkNFR1JPVVBERUxFVElPTkpPQi1PTkVTREs0NDc3LVdFU1RVUyIsImpvYkxvY2F0aW9uIjoid2VzdHVzIn0?api-version=2016-02-01",
      "EncodedRequestUri": "L3N1YnNjcmlwdGlvbnMvNDYyNDEzNTUtYmI5NS00NmE5LWJhNmMtNDJiNTU0ZDcxOTI1L29wZXJhdGlvbnJlc3VsdHMvZXlKcWIySkpaQ0k2SWxKRlUwOVZVa05GUjFKUFZWQkVSVXhGVkVsUFRrcFBRaTFQVGtWVFJFczBORGMzTFZkRlUxUlZVeUlzSW1wdllreHZZMkYwYVc5dUlqb2lkMlZ6ZEhWekluMD9hcGktdmVyc2lvbj0yMDE2LTAyLTAx",
      "RequestMethod": "GET",
      "RequestBody": "",
      "RequestHeaders": {
        "x-ms-version": [
          "2016-02-01"
        ],
        "User-Agent": [
          "Microsoft.Azure.Management.Resources.ResourceManagementClient/2.0.0.0"
        ]
      },
      "ResponseBody": "",
      "ResponseHeaders": {
        "Content-Length": [
          "0"
        ],
        "Expires": [
          "-1"
        ],
        "Pragma": [
          "no-cache"
        ],
        "Retry-After": [
          "15"
        ],
        "x-ms-ratelimit-remaining-subscription-reads": [
          "14995"
        ],
        "x-ms-request-id": [
          "501337bf-e933-4f9e-908d-59baf95b3182"
        ],
        "x-ms-correlation-request-id": [
          "501337bf-e933-4f9e-908d-59baf95b3182"
        ],
        "x-ms-routing-request-id": [
          "EASTUS:20160906T064344Z:501337bf-e933-4f9e-908d-59baf95b3182"
        ],
        "Strict-Transport-Security": [
          "max-age=31536000; includeSubDomains"
        ],
        "Cache-Control": [
          "no-cache"
        ],
        "Date": [
          "Tue, 06 Sep 2016 06:43:43 GMT"
        ],
        "Location": [
          "https://management.azure.com/subscriptions/46241355-bb95-46a9-ba6c-42b554d71925/operationresults/eyJqb2JJZCI6IlJFU09VUkNFR1JPVVBERUxFVElPTkpPQi1PTkVTREs0NDc3LVdFU1RVUyIsImpvYkxvY2F0aW9uIjoid2VzdHVzIn0?api-version=2016-02-01"
        ]
      },
      "StatusCode": 202
    },
    {
      "RequestUri": "/subscriptions/46241355-bb95-46a9-ba6c-42b554d71925/operationresults/eyJqb2JJZCI6IlJFU09VUkNFR1JPVVBERUxFVElPTkpPQi1PTkVTREs0NDc3LVdFU1RVUyIsImpvYkxvY2F0aW9uIjoid2VzdHVzIn0?api-version=2016-02-01",
      "EncodedRequestUri": "L3N1YnNjcmlwdGlvbnMvNDYyNDEzNTUtYmI5NS00NmE5LWJhNmMtNDJiNTU0ZDcxOTI1L29wZXJhdGlvbnJlc3VsdHMvZXlKcWIySkpaQ0k2SWxKRlUwOVZVa05GUjFKUFZWQkVSVXhGVkVsUFRrcFBRaTFQVGtWVFJFczBORGMzTFZkRlUxUlZVeUlzSW1wdllreHZZMkYwYVc5dUlqb2lkMlZ6ZEhWekluMD9hcGktdmVyc2lvbj0yMDE2LTAyLTAx",
      "RequestMethod": "GET",
      "RequestBody": "",
      "RequestHeaders": {
        "x-ms-version": [
          "2016-02-01"
        ],
        "User-Agent": [
          "Microsoft.Azure.Management.Resources.ResourceManagementClient/2.0.0.0"
        ]
      },
      "ResponseBody": "",
      "ResponseHeaders": {
        "Content-Length": [
          "0"
        ],
        "Expires": [
          "-1"
        ],
        "Pragma": [
          "no-cache"
        ],
        "Retry-After": [
          "15"
        ],
        "x-ms-ratelimit-remaining-subscription-reads": [
          "14994"
        ],
        "x-ms-request-id": [
          "7ff3af9e-384c-4dbc-b1b8-5b175daeea85"
        ],
        "x-ms-correlation-request-id": [
          "7ff3af9e-384c-4dbc-b1b8-5b175daeea85"
        ],
        "x-ms-routing-request-id": [
          "EASTUS:20160906T064359Z:7ff3af9e-384c-4dbc-b1b8-5b175daeea85"
        ],
        "Strict-Transport-Security": [
          "max-age=31536000; includeSubDomains"
        ],
        "Cache-Control": [
          "no-cache"
        ],
        "Date": [
          "Tue, 06 Sep 2016 06:43:58 GMT"
        ],
        "Location": [
          "https://management.azure.com/subscriptions/46241355-bb95-46a9-ba6c-42b554d71925/operationresults/eyJqb2JJZCI6IlJFU09VUkNFR1JPVVBERUxFVElPTkpPQi1PTkVTREs0NDc3LVdFU1RVUyIsImpvYkxvY2F0aW9uIjoid2VzdHVzIn0?api-version=2016-02-01"
        ]
      },
      "StatusCode": 202
    },
    {
      "RequestUri": "/subscriptions/46241355-bb95-46a9-ba6c-42b554d71925/operationresults/eyJqb2JJZCI6IlJFU09VUkNFR1JPVVBERUxFVElPTkpPQi1PTkVTREs0NDc3LVdFU1RVUyIsImpvYkxvY2F0aW9uIjoid2VzdHVzIn0?api-version=2016-02-01",
      "EncodedRequestUri": "L3N1YnNjcmlwdGlvbnMvNDYyNDEzNTUtYmI5NS00NmE5LWJhNmMtNDJiNTU0ZDcxOTI1L29wZXJhdGlvbnJlc3VsdHMvZXlKcWIySkpaQ0k2SWxKRlUwOVZVa05GUjFKUFZWQkVSVXhGVkVsUFRrcFBRaTFQVGtWVFJFczBORGMzTFZkRlUxUlZVeUlzSW1wdllreHZZMkYwYVc5dUlqb2lkMlZ6ZEhWekluMD9hcGktdmVyc2lvbj0yMDE2LTAyLTAx",
      "RequestMethod": "GET",
      "RequestBody": "",
      "RequestHeaders": {
        "x-ms-version": [
          "2016-02-01"
        ],
        "User-Agent": [
          "Microsoft.Azure.Management.Resources.ResourceManagementClient/2.0.0.0"
        ]
      },
      "ResponseBody": "",
      "ResponseHeaders": {
        "Content-Length": [
          "0"
        ],
        "Expires": [
          "-1"
        ],
        "Pragma": [
          "no-cache"
        ],
        "x-ms-ratelimit-remaining-subscription-reads": [
          "14993"
        ],
        "x-ms-request-id": [
          "914faf12-d8c4-46c7-bc0c-f227f8782b1d"
        ],
        "x-ms-correlation-request-id": [
          "914faf12-d8c4-46c7-bc0c-f227f8782b1d"
        ],
        "x-ms-routing-request-id": [
          "EASTUS:20160906T064415Z:914faf12-d8c4-46c7-bc0c-f227f8782b1d"
        ],
        "Strict-Transport-Security": [
          "max-age=31536000; includeSubDomains"
        ],
        "Cache-Control": [
          "no-cache"
        ],
        "Date": [
          "Tue, 06 Sep 2016 06:44:14 GMT"
        ]
      },
      "StatusCode": 200
    }
  ],
  "Names": {
    "Test-UpdatesExistingBatchAccount": [
      "onesdk9043",
      "onesdk4477"
    ]
  },
  "Variables": {
    "SubscriptionId": "46241355-bb95-46a9-ba6c-42b554d71925",
    "AZURE_BATCH_ACCOUNT": "pstestaccount",
    "AZURE_BATCH_ENDPOINT": "https://pstestaccount.centralus.batch.azure.com",
    "AZURE_BATCH_RESOURCE_GROUP": "accountmgmtsamplegroup"
  }
}