{
  "Entries": [
    {
      "RequestUri": "/subscriptions/6368ed38-3570-481f-b4fa-1d0a6e8d3f3b/providers/Microsoft.Batch?api-version=2014-04-01-preview",
      "EncodedRequestUri": "L3N1YnNjcmlwdGlvbnMvNjM2OGVkMzgtMzU3MC00ODFmLWI0ZmEtMWQwYTZlOGQzZjNiL3Byb3ZpZGVycy9NaWNyb3NvZnQuQmF0Y2g/YXBpLXZlcnNpb249MjAxNC0wNC0wMS1wcmV2aWV3",
      "RequestMethod": "GET",
      "RequestBody": "",
      "RequestHeaders": {
        "User-Agent": [
          "Microsoft.Azure.Management.Resources.ResourceManagementClient/2.0.0.0"
        ]
      },
      "ResponseBody": "{\r\n  \"id\": \"/subscriptions/6368ed38-3570-481f-b4fa-1d0a6e8d3f3b/providers/Microsoft.Batch\",\r\n  \"namespace\": \"Microsoft.Batch\",\r\n  \"resourceTypes\": [\r\n    {\r\n      \"resourceType\": \"batchAccounts\",\r\n      \"locations\": [\r\n        \"West Europe\",\r\n        \"East US\",\r\n        \"East US 2\",\r\n        \"West US\",\r\n        \"North Central US\",\r\n        \"Brazil South\",\r\n        \"North Europe\",\r\n        \"Central US\",\r\n        \"East Asia\",\r\n        \"Japan East\",\r\n        \"Japan West\",\r\n        \"Southeast Asia\",\r\n        \"South Central US\"\r\n      ],\r\n      \"apiVersions\": [\r\n        \"2015-09-01\",\r\n        \"2015-07-01\",\r\n        \"2014-05-01-privatepreview\"\r\n      ]\r\n    },\r\n    {\r\n      \"resourceType\": \"locations\",\r\n      \"locations\": [],\r\n      \"apiVersions\": [\r\n        \"2015-09-01\"\r\n      ]\r\n    },\r\n    {\r\n      \"resourceType\": \"locations/quotas\",\r\n      \"locations\": [\r\n        \"West Europe\",\r\n        \"East US\",\r\n        \"East US 2\",\r\n        \"West US\",\r\n        \"North Central US\",\r\n        \"Brazil South\",\r\n        \"North Europe\",\r\n        \"Central US\",\r\n        \"East Asia\",\r\n        \"Japan East\",\r\n        \"Japan West\",\r\n        \"Southeast Asia\",\r\n        \"South Central US\"\r\n      ],\r\n      \"apiVersions\": [\r\n        \"2015-09-01\"\r\n      ]\r\n    }\r\n  ],\r\n  \"registrationState\": \"Registered\"\r\n}",
      "ResponseHeaders": {
        "Content-Length": [
          "800"
        ],
        "Content-Type": [
          "application/json; charset=utf-8"
        ],
        "Expires": [
          "-1"
        ],
        "Pragma": [
          "no-cache"
        ],
        "x-ms-ratelimit-remaining-subscription-reads": [
          "14995"
        ],
        "x-ms-request-id": [
          "f5428729-764f-4ccb-957e-6d2a6bb0f765"
        ],
        "x-ms-correlation-request-id": [
          "f5428729-764f-4ccb-957e-6d2a6bb0f765"
        ],
        "x-ms-routing-request-id": [
          "WESTUS:20151026T231044Z:f5428729-764f-4ccb-957e-6d2a6bb0f765"
        ],
        "Strict-Transport-Security": [
          "max-age=31536000; includeSubDomains"
        ],
        "Cache-Control": [
          "no-cache"
        ],
        "Date": [
          "Mon, 26 Oct 2015 23:10:43 GMT"
        ]
      },
      "StatusCode": 200
    },
    {
      "RequestUri": "/subscriptions/6368ed38-3570-481f-b4fa-1d0a6e8d3f3b/resourcegroups/onesdk8888?api-version=2014-04-01-preview",
      "EncodedRequestUri": "L3N1YnNjcmlwdGlvbnMvNjM2OGVkMzgtMzU3MC00ODFmLWI0ZmEtMWQwYTZlOGQzZjNiL3Jlc291cmNlZ3JvdXBzL29uZXNkazg4ODg/YXBpLXZlcnNpb249MjAxNC0wNC0wMS1wcmV2aWV3",
      "RequestMethod": "HEAD",
      "RequestBody": "",
      "RequestHeaders": {
        "User-Agent": [
          "Microsoft.Azure.Management.Resources.ResourceManagementClient/2.0.0.0"
        ]
      },
      "ResponseBody": "",
      "ResponseHeaders": {
        "Content-Length": [
          "102"
        ],
        "Content-Type": [
          "application/json; charset=utf-8"
        ],
        "Expires": [
          "-1"
        ],
        "Pragma": [
          "no-cache"
        ],
        "x-ms-failure-cause": [
          "gateway"
        ],
        "x-ms-ratelimit-remaining-subscription-reads": [
          "14994"
        ],
        "x-ms-request-id": [
          "c2bf9421-6f8b-4ab2-a307-c4c2e3d95d95"
        ],
        "x-ms-correlation-request-id": [
          "c2bf9421-6f8b-4ab2-a307-c4c2e3d95d95"
        ],
        "x-ms-routing-request-id": [
          "WESTUS:20151026T231044Z:c2bf9421-6f8b-4ab2-a307-c4c2e3d95d95"
        ],
        "Strict-Transport-Security": [
          "max-age=31536000; includeSubDomains"
        ],
        "Cache-Control": [
          "no-cache"
        ],
        "Date": [
          "Mon, 26 Oct 2015 23:10:43 GMT"
        ]
      },
      "StatusCode": 404
    },
    {
      "RequestUri": "/subscriptions/6368ed38-3570-481f-b4fa-1d0a6e8d3f3b/resourcegroups/onesdk8888?api-version=2014-04-01-preview",
      "EncodedRequestUri": "L3N1YnNjcmlwdGlvbnMvNjM2OGVkMzgtMzU3MC00ODFmLWI0ZmEtMWQwYTZlOGQzZjNiL3Jlc291cmNlZ3JvdXBzL29uZXNkazg4ODg/YXBpLXZlcnNpb249MjAxNC0wNC0wMS1wcmV2aWV3",
      "RequestMethod": "HEAD",
      "RequestBody": "",
      "RequestHeaders": {
        "User-Agent": [
          "Microsoft.Azure.Management.Resources.ResourceManagementClient/2.0.0.0"
        ]
      },
      "ResponseBody": "",
      "ResponseHeaders": {
        "Content-Length": [
          "0"
        ],
        "Expires": [
          "-1"
        ],
        "Pragma": [
          "no-cache"
        ],
        "x-ms-ratelimit-remaining-subscription-reads": [
          "14990"
        ],
        "x-ms-request-id": [
          "c4f6ad41-60bd-4b35-bf15-33e923e51707"
        ],
        "x-ms-correlation-request-id": [
          "c4f6ad41-60bd-4b35-bf15-33e923e51707"
        ],
        "x-ms-routing-request-id": [
          "WESTUS:20151026T231239Z:c4f6ad41-60bd-4b35-bf15-33e923e51707"
        ],
        "Strict-Transport-Security": [
          "max-age=31536000; includeSubDomains"
        ],
        "Cache-Control": [
          "no-cache"
        ],
        "Date": [
          "Mon, 26 Oct 2015 23:12:38 GMT"
        ]
      },
      "StatusCode": 204
    },
    {
      "RequestUri": "/subscriptions/6368ed38-3570-481f-b4fa-1d0a6e8d3f3b/resourcegroups/onesdk8888?api-version=2014-04-01-preview",
      "EncodedRequestUri": "L3N1YnNjcmlwdGlvbnMvNjM2OGVkMzgtMzU3MC00ODFmLWI0ZmEtMWQwYTZlOGQzZjNiL3Jlc291cmNlZ3JvdXBzL29uZXNkazg4ODg/YXBpLXZlcnNpb249MjAxNC0wNC0wMS1wcmV2aWV3",
      "RequestMethod": "PUT",
      "RequestBody": "{\r\n  \"location\": \"West US\"\r\n}",
      "RequestHeaders": {
        "Content-Type": [
          "application/json; charset=utf-8"
        ],
        "Content-Length": [
          "29"
        ],
        "User-Agent": [
          "Microsoft.Azure.Management.Resources.ResourceManagementClient/2.0.0.0"
        ]
      },
      "ResponseBody": "{\r\n  \"id\": \"/subscriptions/6368ed38-3570-481f-b4fa-1d0a6e8d3f3b/resourceGroups/onesdk8888\",\r\n  \"name\": \"onesdk8888\",\r\n  \"location\": \"westus\",\r\n  \"properties\": {\r\n    \"provisioningState\": \"Succeeded\"\r\n  }\r\n}",
      "ResponseHeaders": {
        "Content-Length": [
          "173"
        ],
        "Content-Type": [
          "application/json; charset=utf-8"
        ],
        "Expires": [
          "-1"
        ],
        "Pragma": [
          "no-cache"
        ],
        "x-ms-ratelimit-remaining-subscription-writes": [
          "1198"
        ],
        "x-ms-request-id": [
          "1d180381-3cce-47c0-b9e8-41065abecbc8"
        ],
        "x-ms-correlation-request-id": [
          "1d180381-3cce-47c0-b9e8-41065abecbc8"
        ],
        "x-ms-routing-request-id": [
          "WESTUS:20151026T231044Z:1d180381-3cce-47c0-b9e8-41065abecbc8"
        ],
        "Strict-Transport-Security": [
          "max-age=31536000; includeSubDomains"
        ],
        "Cache-Control": [
          "no-cache"
        ],
        "Date": [
          "Mon, 26 Oct 2015 23:10:44 GMT"
        ]
      },
      "StatusCode": 201
    },
    {
      "RequestUri": "/subscriptions/6368ed38-3570-481f-b4fa-1d0a6e8d3f3b/resourceGroups/onesdk8888/resources?api-version=2014-04-01-preview",
      "EncodedRequestUri": "L3N1YnNjcmlwdGlvbnMvNjM2OGVkMzgtMzU3MC00ODFmLWI0ZmEtMWQwYTZlOGQzZjNiL3Jlc291cmNlR3JvdXBzL29uZXNkazg4ODgvcmVzb3VyY2VzP2FwaS12ZXJzaW9uPTIwMTQtMDQtMDEtcHJldmlldw==",
      "RequestMethod": "GET",
      "RequestBody": "",
      "RequestHeaders": {
        "User-Agent": [
          "Microsoft.Azure.Management.Resources.ResourceManagementClient/2.0.0.0"
        ]
      },
      "ResponseBody": "{\r\n  \"value\": []\r\n}",
      "ResponseHeaders": {
        "Content-Length": [
          "12"
        ],
        "Content-Type": [
          "application/json; charset=utf-8"
        ],
        "Expires": [
          "-1"
        ],
        "Pragma": [
          "no-cache"
        ],
        "x-ms-ratelimit-remaining-subscription-reads": [
          "14993"
        ],
        "x-ms-request-id": [
          "817f197d-15a5-426d-a129-867bdff236ad"
        ],
        "x-ms-correlation-request-id": [
          "817f197d-15a5-426d-a129-867bdff236ad"
        ],
        "x-ms-routing-request-id": [
          "WESTUS:20151026T231044Z:817f197d-15a5-426d-a129-867bdff236ad"
        ],
        "Strict-Transport-Security": [
          "max-age=31536000; includeSubDomains"
        ],
        "Cache-Control": [
          "no-cache"
        ],
        "Date": [
          "Mon, 26 Oct 2015 23:10:44 GMT"
        ]
      },
      "StatusCode": 200
    },
    {
      "RequestUri": "/subscriptions/6368ed38-3570-481f-b4fa-1d0a6e8d3f3b/resourcegroups/onesdk8888/providers/Microsoft.Authorization/permissions?api-version=2015-07-01",
      "EncodedRequestUri": "L3N1YnNjcmlwdGlvbnMvNjM2OGVkMzgtMzU3MC00ODFmLWI0ZmEtMWQwYTZlOGQzZjNiL3Jlc291cmNlZ3JvdXBzL29uZXNkazg4ODgvcHJvdmlkZXJzL01pY3Jvc29mdC5BdXRob3JpemF0aW9uL3Blcm1pc3Npb25zP2FwaS12ZXJzaW9uPTIwMTUtMDctMDE=",
      "RequestMethod": "GET",
      "RequestBody": "",
      "RequestHeaders": {
        "User-Agent": [
          "Microsoft.Azure.Management.Authorization.AuthorizationManagementClient/1.0.0.0"
        ]
      },
      "ResponseBody": "{\r\n  \"value\": [\r\n    {\r\n      \"actions\": [\r\n        \"*\"\r\n      ],\r\n      \"notActions\": []\r\n    }\r\n  ],\r\n  \"nextLink\": null\r\n}",
      "ResponseHeaders": {
        "Content-Length": [
          "61"
        ],
        "Content-Type": [
          "application/json; charset=utf-8"
        ],
        "Expires": [
          "-1"
        ],
        "Pragma": [
          "no-cache"
        ],
        "x-ms-request-id": [
          "af7665a0-6a7e-4121-a7ad-3ad16874639b"
        ],
        "x-ms-gateway-service-instanceid": [
          "PASFE_IN_0"
        ],
        "X-Content-Type-Options": [
          "nosniff"
        ],
        "Strict-Transport-Security": [
          "max-age=31536000; includeSubDomains"
        ],
        "x-ms-ratelimit-remaining-subscription-reads": [
          "14997"
        ],
        "x-ms-correlation-request-id": [
          "3377d5ff-ab74-46e8-a649-7342db083ca5"
        ],
        "x-ms-routing-request-id": [
          "WESTUS:20151026T231045Z:3377d5ff-ab74-46e8-a649-7342db083ca5"
        ],
        "Cache-Control": [
          "no-cache"
        ],
        "Date": [
          "Mon, 26 Oct 2015 23:10:45 GMT"
        ],
        "Set-Cookie": [
          "x-ms-gateway-slice=productionb; path=/"
        ],
        "Server": [
          "Microsoft-IIS/8.5"
        ],
        "X-Powered-By": [
          "ASP.NET"
        ]
      },
      "StatusCode": 200
    },
    {
      "RequestUri": "/subscriptions/6368ed38-3570-481f-b4fa-1d0a6e8d3f3b/resources?$filter=resourceType%20eq%20'Microsoft.Batch%2FbatchAccounts'&api-version=2014-04-01-preview",
      "EncodedRequestUri": "L3N1YnNjcmlwdGlvbnMvNjM2OGVkMzgtMzU3MC00ODFmLWI0ZmEtMWQwYTZlOGQzZjNiL3Jlc291cmNlcz8kZmlsdGVyPXJlc291cmNlVHlwZSUyMGVxJTIwJ01pY3Jvc29mdC5CYXRjaCUyRmJhdGNoQWNjb3VudHMnJmFwaS12ZXJzaW9uPTIwMTQtMDQtMDEtcHJldmlldw==",
      "RequestMethod": "GET",
      "RequestBody": "",
      "RequestHeaders": {
        "User-Agent": [
          "Microsoft.Azure.Management.Resources.ResourceManagementClient/2.0.0.0"
        ]
      },
      "ResponseBody": "{\r\n  \"value\": [\r\n    {\r\n      \"id\": \"/subscriptions/6368ed38-3570-481f-b4fa-1d0a6e8d3f3b/resourceGroups/default-azurebatch-eastus/providers/Microsoft.Batch/batchAccounts/pstests\",\r\n      \"name\": \"pstests\",\r\n      \"type\": \"Microsoft.Batch/batchAccounts\",\r\n      \"location\": \"eastus\"\r\n    }\r\n  ]\r\n}",
      "ResponseHeaders": {
        "Content-Length": [
          "237"
        ],
        "Content-Type": [
          "application/json; charset=utf-8"
        ],
        "Expires": [
          "-1"
        ],
        "Pragma": [
          "no-cache"
        ],
        "x-ms-ratelimit-remaining-subscription-reads": [
          "14992"
        ],
        "x-ms-request-id": [
          "8b7351d2-3aee-415b-97a7-a92c63ec533f"
        ],
        "x-ms-correlation-request-id": [
          "8b7351d2-3aee-415b-97a7-a92c63ec533f"
        ],
        "x-ms-routing-request-id": [
          "WESTUS:20151026T231045Z:8b7351d2-3aee-415b-97a7-a92c63ec533f"
        ],
        "Strict-Transport-Security": [
          "max-age=31536000; includeSubDomains"
        ],
        "Cache-Control": [
          "no-cache"
        ],
        "Date": [
          "Mon, 26 Oct 2015 23:10:45 GMT"
        ]
      },
      "StatusCode": 200
    },
    {
      "RequestUri": "/subscriptions/6368ed38-3570-481f-b4fa-1d0a6e8d3f3b/resources?$filter=resourceType%20eq%20'Microsoft.Batch%2FbatchAccounts'&api-version=2014-04-01-preview",
      "EncodedRequestUri": "L3N1YnNjcmlwdGlvbnMvNjM2OGVkMzgtMzU3MC00ODFmLWI0ZmEtMWQwYTZlOGQzZjNiL3Jlc291cmNlcz8kZmlsdGVyPXJlc291cmNlVHlwZSUyMGVxJTIwJ01pY3Jvc29mdC5CYXRjaCUyRmJhdGNoQWNjb3VudHMnJmFwaS12ZXJzaW9uPTIwMTQtMDQtMDEtcHJldmlldw==",
      "RequestMethod": "GET",
      "RequestBody": "",
      "RequestHeaders": {
        "User-Agent": [
          "Microsoft.Azure.Management.Resources.ResourceManagementClient/2.0.0.0"
        ]
      },
      "ResponseBody": "{\r\n  \"value\": [\r\n    {\r\n      \"id\": \"/subscriptions/6368ed38-3570-481f-b4fa-1d0a6e8d3f3b/resourceGroups/default-azurebatch-eastus/providers/Microsoft.Batch/batchAccounts/pstests\",\r\n      \"name\": \"pstests\",\r\n      \"type\": \"Microsoft.Batch/batchAccounts\",\r\n      \"location\": \"eastus\"\r\n    },\r\n    {\r\n      \"id\": \"/subscriptions/6368ed38-3570-481f-b4fa-1d0a6e8d3f3b/resourceGroups/onesdk8888/providers/Microsoft.Batch/batchAccounts/onesdk526\",\r\n      \"name\": \"onesdk526\",\r\n      \"type\": \"Microsoft.Batch/batchAccounts\",\r\n      \"location\": \"westus\",\r\n      \"tags\": {\r\n        \"testtag\": \"testval\"\r\n      }\r\n    }\r\n  ]\r\n}",
      "ResponseHeaders": {
        "Content-Length": [
          "481"
        ],
        "Content-Type": [
          "application/json; charset=utf-8"
        ],
        "Expires": [
          "-1"
        ],
        "Pragma": [
          "no-cache"
        ],
        "x-ms-ratelimit-remaining-subscription-reads": [
          "14991"
        ],
        "x-ms-request-id": [
          "af16756f-cd97-44d9-b3a6-f1dcfce531d8"
        ],
        "x-ms-correlation-request-id": [
          "af16756f-cd97-44d9-b3a6-f1dcfce531d8"
        ],
        "x-ms-routing-request-id": [
          "WESTUS:20151026T231209Z:af16756f-cd97-44d9-b3a6-f1dcfce531d8"
        ],
        "Strict-Transport-Security": [
          "max-age=31536000; includeSubDomains"
        ],
        "Cache-Control": [
          "no-cache"
        ],
        "Date": [
          "Mon, 26 Oct 2015 23:12:09 GMT"
        ]
      },
      "StatusCode": 200
    },
    {
      "RequestUri": "/subscriptions/6368ed38-3570-481f-b4fa-1d0a6e8d3f3b/resourceGroups/onesdk8888/providers/Microsoft.Batch/batchAccounts/onesdk526?api-version=2015-09-01",
      "EncodedRequestUri": "L3N1YnNjcmlwdGlvbnMvNjM2OGVkMzgtMzU3MC00ODFmLWI0ZmEtMWQwYTZlOGQzZjNiL3Jlc291cmNlR3JvdXBzL29uZXNkazg4ODgvcHJvdmlkZXJzL01pY3Jvc29mdC5CYXRjaC9iYXRjaEFjY291bnRzL29uZXNkazUyNj9hcGktdmVyc2lvbj0yMDE1LTA5LTAx",
      "RequestMethod": "PUT",
      "RequestBody": "{\r\n  \"location\": \"West US\",\r\n  \"tags\": {\r\n    \"testtag\": \"testval\"\r\n  }\r\n}",
      "RequestHeaders": {
        "Content-Type": [
          "application/json; charset=utf-8"
        ],
        "Content-Length": [
          "74"
        ],
        "User-Agent": [
          "Microsoft.Azure.Management.Batch.BatchManagementClient/1.0.0.0"
        ]
      },
      "ResponseBody": "",
      "ResponseHeaders": {
        "Content-Length": [
          "0"
        ],
        "Expires": [
          "-1"
        ],
        "Pragma": [
          "no-cache"
        ],
        "Retry-After": [
          "15"
        ],
        "x-ms-ratelimit-remaining-subscription-writes": [
          "1197"
        ],
        "request-id": [
          "cff0b633-acee-4a66-be7b-14849a495ead"
        ],
        "Strict-Transport-Security": [
          "max-age=31536000; includeSubDomains"
        ],
        "x-ms-request-id": [
          "294c052d-00d7-4987-a1ec-ea5142563a2f"
        ],
        "x-ms-correlation-request-id": [
          "294c052d-00d7-4987-a1ec-ea5142563a2f"
        ],
        "x-ms-routing-request-id": [
          "WESTUS:20151026T231048Z:294c052d-00d7-4987-a1ec-ea5142563a2f"
        ],
        "Cache-Control": [
          "no-cache"
        ],
        "Date": [
          "Mon, 26 Oct 2015 23:10:47 GMT"
        ],
        "Location": [
          "https://management.azure.com/subscriptions/6368ed38-3570-481f-b4fa-1d0a6e8d3f3b/resourceGroups/onesdk8888/providers/Microsoft.Batch/batchAccounts/onesdk526/operationResults/cff0b633-acee-4a66-be7b-14849a495ead?api-version=2015-09-01"
        ],
        "Server": [
          "Microsoft-HTTPAPI/2.0"
        ]
      },
      "StatusCode": 202
    },
    {
      "RequestUri": "/subscriptions/6368ed38-3570-481f-b4fa-1d0a6e8d3f3b/resourceGroups/onesdk8888/providers/Microsoft.Batch/batchAccounts/onesdk526/operationResults/cff0b633-acee-4a66-be7b-14849a495ead?api-version=2015-09-01",
      "EncodedRequestUri": "L3N1YnNjcmlwdGlvbnMvNjM2OGVkMzgtMzU3MC00ODFmLWI0ZmEtMWQwYTZlOGQzZjNiL3Jlc291cmNlR3JvdXBzL29uZXNkazg4ODgvcHJvdmlkZXJzL01pY3Jvc29mdC5CYXRjaC9iYXRjaEFjY291bnRzL29uZXNkazUyNi9vcGVyYXRpb25SZXN1bHRzL2NmZjBiNjMzLWFjZWUtNGE2Ni1iZTdiLTE0ODQ5YTQ5NWVhZD9hcGktdmVyc2lvbj0yMDE1LTA5LTAx",
      "RequestMethod": "GET",
      "RequestBody": "",
      "RequestHeaders": {
        "x-ms-version": [
          "2015-09-01"
        ],
        "User-Agent": [
          "Microsoft.Azure.Management.Batch.BatchManagementClient/1.0.0.0"
        ]
      },
      "ResponseBody": "",
      "ResponseHeaders": {
        "Content-Length": [
          "0"
        ],
        "Expires": [
          "-1"
        ],
        "Pragma": [
          "no-cache"
        ],
        "Retry-After": [
          "15"
        ],
        "request-id": [
          "0829c8f4-67d9-46a0-9509-3d59c87c41ed"
        ],
        "Strict-Transport-Security": [
          "max-age=31536000; includeSubDomains"
        ],
        "x-ms-ratelimit-remaining-subscription-reads": [
          "14963"
        ],
        "x-ms-request-id": [
          "daa4933b-a97e-45b6-9972-2ccc6d748a4a"
        ],
        "x-ms-correlation-request-id": [
          "daa4933b-a97e-45b6-9972-2ccc6d748a4a"
        ],
        "x-ms-routing-request-id": [
          "WESTUS:20151026T231048Z:daa4933b-a97e-45b6-9972-2ccc6d748a4a"
        ],
        "Cache-Control": [
          "no-cache"
        ],
        "Date": [
          "Mon, 26 Oct 2015 23:10:47 GMT"
        ],
        "Location": [
          "https://management.azure.com/subscriptions/6368ed38-3570-481f-b4fa-1d0a6e8d3f3b/resourceGroups/onesdk8888/providers/Microsoft.Batch/batchAccounts/onesdk526/operationResults/cff0b633-acee-4a66-be7b-14849a495ead?api-version=2015-09-01"
        ],
        "Server": [
          "Microsoft-HTTPAPI/2.0"
        ]
      },
      "StatusCode": 202
    },
    {
      "RequestUri": "/subscriptions/6368ed38-3570-481f-b4fa-1d0a6e8d3f3b/resourceGroups/onesdk8888/providers/Microsoft.Batch/batchAccounts/onesdk526/operationResults/cff0b633-acee-4a66-be7b-14849a495ead?api-version=2015-09-01",
      "EncodedRequestUri": "L3N1YnNjcmlwdGlvbnMvNjM2OGVkMzgtMzU3MC00ODFmLWI0ZmEtMWQwYTZlOGQzZjNiL3Jlc291cmNlR3JvdXBzL29uZXNkazg4ODgvcHJvdmlkZXJzL01pY3Jvc29mdC5CYXRjaC9iYXRjaEFjY291bnRzL29uZXNkazUyNi9vcGVyYXRpb25SZXN1bHRzL2NmZjBiNjMzLWFjZWUtNGE2Ni1iZTdiLTE0ODQ5YTQ5NWVhZD9hcGktdmVyc2lvbj0yMDE1LTA5LTAx",
      "RequestMethod": "GET",
      "RequestBody": "",
      "RequestHeaders": {
        "x-ms-version": [
          "2015-09-01"
        ],
        "User-Agent": [
          "Microsoft.Azure.Management.Batch.BatchManagementClient/1.0.0.0"
        ]
      },
      "ResponseBody": "{\r\n  \"name\": \"onesdk526\",\r\n  \"location\": \"westus\",\r\n  \"tags\": {\r\n    \"testtag\": \"testval\"\r\n  },\r\n  \"properties\": {\r\n    \"accountEndpoint\": \"onesdk526.westus.batch.azure.com\",\r\n    \"provisioningState\": \"Succeeded\",\r\n    \"coreQuota\": 20,\r\n    \"poolQuota\": 20,\r\n    \"activeJobAndJobScheduleQuota\": 20\r\n  },\r\n  \"id\": \"/subscriptions/6368ed38-3570-481f-b4fa-1d0a6e8d3f3b/resourceGroups/onesdk8888/providers/Microsoft.Batch/batchAccounts/onesdk526\",\r\n  \"type\": \"Microsoft.Batch/batchAccounts\"\r\n}",
      "ResponseHeaders": {
        "Content-Length": [
          "407"
        ],
        "Content-Type": [
          "application/json; charset=utf-8"
        ],
        "Expires": [
          "-1"
        ],
        "Last-Modified": [
          "Mon, 26 Oct 2015 23:11:03 GMT"
        ],
        "Pragma": [
          "no-cache"
        ],
        "request-id": [
          "3c078ee4-8803-4443-a827-fc5c3b21d947"
        ],
        "Strict-Transport-Security": [
          "max-age=31536000; includeSubDomains"
        ],
        "x-ms-ratelimit-remaining-subscription-reads": [
          "14962"
        ],
        "x-ms-request-id": [
          "b96e6690-ffc7-4a97-bd96-3f8463d028b5"
        ],
        "x-ms-correlation-request-id": [
          "b96e6690-ffc7-4a97-bd96-3f8463d028b5"
        ],
        "x-ms-routing-request-id": [
          "WESTUS:20151026T231103Z:b96e6690-ffc7-4a97-bd96-3f8463d028b5"
        ],
        "Cache-Control": [
          "no-cache"
        ],
        "Date": [
          "Mon, 26 Oct 2015 23:11:02 GMT"
        ],
        "ETag": [
          "0x8D2DE5AB8ABEC7B"
        ],
        "Server": [
          "Microsoft-HTTPAPI/2.0"
        ]
      },
      "StatusCode": 200
    },
    {
      "RequestUri": "/subscriptions/6368ed38-3570-481f-b4fa-1d0a6e8d3f3b/resourceGroups/onesdk8888/providers/Microsoft.Batch/batchAccounts/onesdk526?api-version=2015-09-01",
      "EncodedRequestUri": "L3N1YnNjcmlwdGlvbnMvNjM2OGVkMzgtMzU3MC00ODFmLWI0ZmEtMWQwYTZlOGQzZjNiL3Jlc291cmNlR3JvdXBzL29uZXNkazg4ODgvcHJvdmlkZXJzL01pY3Jvc29mdC5CYXRjaC9iYXRjaEFjY291bnRzL29uZXNkazUyNj9hcGktdmVyc2lvbj0yMDE1LTA5LTAx",
      "RequestMethod": "DELETE",
      "RequestBody": "",
      "RequestHeaders": {
        "User-Agent": [
          "Microsoft.Azure.Management.Batch.BatchManagementClient/1.0.0.0"
        ]
      },
      "ResponseBody": "",
      "ResponseHeaders": {
        "Content-Length": [
          "0"
        ],
        "Expires": [
          "-1"
        ],
        "Pragma": [
          "no-cache"
        ],
        "Retry-After": [
          "15"
        ],
        "request-id": [
          "8a136863-9f7a-4415-95ac-cd5629d8f4fa"
        ],
        "Strict-Transport-Security": [
          "max-age=31536000; includeSubDomains"
        ],
        "x-ms-ratelimit-remaining-subscription-writes": [
          "1196"
        ],
        "x-ms-request-id": [
          "bd8f2be8-d4a1-4c67-9e25-45df3f412b6e"
        ],
        "x-ms-correlation-request-id": [
          "bd8f2be8-d4a1-4c67-9e25-45df3f412b6e"
        ],
        "x-ms-routing-request-id": [
          "WESTUS:20151026T231223Z:bd8f2be8-d4a1-4c67-9e25-45df3f412b6e"
        ],
        "Cache-Control": [
          "no-cache"
        ],
        "Date": [
          "Mon, 26 Oct 2015 23:12:23 GMT"
        ],
        "Location": [
          "https://management.azure.com/subscriptions/6368ed38-3570-481f-b4fa-1d0a6e8d3f3b/resourceGroups/onesdk8888/providers/Microsoft.Batch/batchAccounts/onesdk526/operationResults/8a136863-9f7a-4415-95ac-cd5629d8f4fa?api-version=2015-09-01"
        ],
        "Server": [
          "Microsoft-HTTPAPI/2.0"
        ]
      },
      "StatusCode": 202
    },
    {
      "RequestUri": "/subscriptions/6368ed38-3570-481f-b4fa-1d0a6e8d3f3b/resourceGroups/onesdk8888/providers/Microsoft.Batch/batchAccounts/onesdk526/operationResults/8a136863-9f7a-4415-95ac-cd5629d8f4fa?api-version=2015-09-01",
      "EncodedRequestUri": "L3N1YnNjcmlwdGlvbnMvNjM2OGVkMzgtMzU3MC00ODFmLWI0ZmEtMWQwYTZlOGQzZjNiL3Jlc291cmNlR3JvdXBzL29uZXNkazg4ODgvcHJvdmlkZXJzL01pY3Jvc29mdC5CYXRjaC9iYXRjaEFjY291bnRzL29uZXNkazUyNi9vcGVyYXRpb25SZXN1bHRzLzhhMTM2ODYzLTlmN2EtNDQxNS05NWFjLWNkNTYyOWQ4ZjRmYT9hcGktdmVyc2lvbj0yMDE1LTA5LTAx",
      "RequestMethod": "GET",
      "RequestBody": "",
      "RequestHeaders": {
        "x-ms-version": [
          "2015-09-01"
        ],
        "User-Agent": [
          "Microsoft.Azure.Management.Batch.BatchManagementClient/1.0.0.0"
        ]
      },
      "ResponseBody": "",
      "ResponseHeaders": {
        "Content-Length": [
          "0"
        ],
        "Expires": [
          "-1"
        ],
        "Pragma": [
          "no-cache"
        ],
        "Retry-After": [
          "15"
        ],
        "request-id": [
          "432eacbf-2021-40fc-b468-881f44e3944c"
        ],
        "Strict-Transport-Security": [
          "max-age=31536000; includeSubDomains"
        ],
        "x-ms-ratelimit-remaining-subscription-reads": [
          "14959"
        ],
        "x-ms-request-id": [
          "0d555c26-1ed6-4da0-a970-6268a9067b14"
        ],
        "x-ms-correlation-request-id": [
          "0d555c26-1ed6-4da0-a970-6268a9067b14"
        ],
        "x-ms-routing-request-id": [
          "WESTUS:20151026T231224Z:0d555c26-1ed6-4da0-a970-6268a9067b14"
        ],
        "Cache-Control": [
          "no-cache"
        ],
        "Date": [
          "Mon, 26 Oct 2015 23:12:23 GMT"
        ],
        "Location": [
          "https://management.azure.com/subscriptions/6368ed38-3570-481f-b4fa-1d0a6e8d3f3b/resourceGroups/onesdk8888/providers/Microsoft.Batch/batchAccounts/onesdk526/operationResults/8a136863-9f7a-4415-95ac-cd5629d8f4fa?api-version=2015-09-01"
        ],
        "Server": [
          "Microsoft-HTTPAPI/2.0"
        ]
      },
      "StatusCode": 202
    },
    {
      "RequestUri": "/subscriptions/6368ed38-3570-481f-b4fa-1d0a6e8d3f3b/resourceGroups/onesdk8888/providers/Microsoft.Batch/batchAccounts/onesdk526/operationResults/8a136863-9f7a-4415-95ac-cd5629d8f4fa?api-version=2015-09-01",
      "EncodedRequestUri": "L3N1YnNjcmlwdGlvbnMvNjM2OGVkMzgtMzU3MC00ODFmLWI0ZmEtMWQwYTZlOGQzZjNiL3Jlc291cmNlR3JvdXBzL29uZXNkazg4ODgvcHJvdmlkZXJzL01pY3Jvc29mdC5CYXRjaC9iYXRjaEFjY291bnRzL29uZXNkazUyNi9vcGVyYXRpb25SZXN1bHRzLzhhMTM2ODYzLTlmN2EtNDQxNS05NWFjLWNkNTYyOWQ4ZjRmYT9hcGktdmVyc2lvbj0yMDE1LTA5LTAx",
      "RequestMethod": "GET",
      "RequestBody": "",
      "RequestHeaders": {
        "x-ms-version": [
          "2015-09-01"
        ],
        "User-Agent": [
          "Microsoft.Azure.Management.Batch.BatchManagementClient/1.0.0.0"
        ]
      },
      "ResponseBody": "",
      "ResponseHeaders": {
        "Content-Length": [
          "0"
        ],
        "Expires": [
          "-1"
        ],
        "Last-Modified": [
          "Mon, 26 Oct 2015 23:12:39 GMT"
        ],
        "Pragma": [
          "no-cache"
        ],
        "request-id": [
          "56cd25c5-7e9f-4c5d-b332-5655cb2a3820"
        ],
        "Strict-Transport-Security": [
          "max-age=31536000; includeSubDomains"
        ],
        "x-ms-ratelimit-remaining-subscription-reads": [
          "14958"
        ],
        "x-ms-request-id": [
          "29fdc424-ffcc-42d6-a383-1122238e95d9"
        ],
        "x-ms-correlation-request-id": [
          "29fdc424-ffcc-42d6-a383-1122238e95d9"
        ],
        "x-ms-routing-request-id": [
          "WESTUS:20151026T231239Z:29fdc424-ffcc-42d6-a383-1122238e95d9"
        ],
        "Cache-Control": [
          "no-cache"
        ],
        "Date": [
          "Mon, 26 Oct 2015 23:12:38 GMT"
        ],
        "ETag": [
          "0x8D2DE5AF1BB0830"
        ],
        "Server": [
          "Microsoft-HTTPAPI/2.0"
        ]
      },
      "StatusCode": 200
    },
    {
      "RequestUri": "/subscriptions/6368ed38-3570-481f-b4fa-1d0a6e8d3f3b/resourcegroups/onesdk8888?api-version=2014-04-01-preview",
      "EncodedRequestUri": "L3N1YnNjcmlwdGlvbnMvNjM2OGVkMzgtMzU3MC00ODFmLWI0ZmEtMWQwYTZlOGQzZjNiL3Jlc291cmNlZ3JvdXBzL29uZXNkazg4ODg/YXBpLXZlcnNpb249MjAxNC0wNC0wMS1wcmV2aWV3",
      "RequestMethod": "DELETE",
      "RequestBody": "",
      "RequestHeaders": {
        "User-Agent": [
          "Microsoft.Azure.Management.Resources.ResourceManagementClient/2.0.0.0"
        ]
      },
      "ResponseBody": "",
      "ResponseHeaders": {
        "Content-Length": [
          "0"
        ],
        "Expires": [
          "-1"
        ],
        "Pragma": [
          "no-cache"
        ],
        "Retry-After": [
          "15"
        ],
        "x-ms-ratelimit-remaining-subscription-writes": [
          "1197"
        ],
        "x-ms-request-id": [
          "7bba34b3-bce0-413e-890d-516976b7af6a"
        ],
        "x-ms-correlation-request-id": [
          "7bba34b3-bce0-413e-890d-516976b7af6a"
        ],
        "x-ms-routing-request-id": [
          "WESTUS:20151026T231239Z:7bba34b3-bce0-413e-890d-516976b7af6a"
        ],
        "Strict-Transport-Security": [
          "max-age=31536000; includeSubDomains"
        ],
        "Cache-Control": [
          "no-cache"
        ],
        "Date": [
          "Mon, 26 Oct 2015 23:12:38 GMT"
        ],
        "Location": [
          "https://management.azure.com/subscriptions/6368ed38-3570-481f-b4fa-1d0a6e8d3f3b/operationresults/eyJqb2JJZCI6IlJFU09VUkNFR1JPVVBERUxFVElPTkpPQi1PTkVTREs4ODg4LVdFU1RVUyIsImpvYkxvY2F0aW9uIjoid2VzdHVzIn0?api-version=2014-04-01-preview"
        ]
      },
      "StatusCode": 202
    },
    {
      "RequestUri": "/subscriptions/6368ed38-3570-481f-b4fa-1d0a6e8d3f3b/operationresults/eyJqb2JJZCI6IlJFU09VUkNFR1JPVVBERUxFVElPTkpPQi1PTkVTREs4ODg4LVdFU1RVUyIsImpvYkxvY2F0aW9uIjoid2VzdHVzIn0?api-version=2014-04-01-preview",
      "EncodedRequestUri": "L3N1YnNjcmlwdGlvbnMvNjM2OGVkMzgtMzU3MC00ODFmLWI0ZmEtMWQwYTZlOGQzZjNiL29wZXJhdGlvbnJlc3VsdHMvZXlKcWIySkpaQ0k2SWxKRlUwOVZVa05GUjFKUFZWQkVSVXhGVkVsUFRrcFBRaTFQVGtWVFJFczRPRGc0TFZkRlUxUlZVeUlzSW1wdllreHZZMkYwYVc5dUlqb2lkMlZ6ZEhWekluMD9hcGktdmVyc2lvbj0yMDE0LTA0LTAxLXByZXZpZXc=",
      "RequestMethod": "GET",
      "RequestBody": "",
      "RequestHeaders": {
        "x-ms-version": [
          "2014-04-01-preview"
        ],
        "User-Agent": [
          "Microsoft.Azure.Management.Resources.ResourceManagementClient/2.0.0.0"
        ]
      },
      "ResponseBody": "",
      "ResponseHeaders": {
        "Content-Length": [
          "0"
        ],
        "Expires": [
          "-1"
        ],
        "Pragma": [
          "no-cache"
        ],
        "Retry-After": [
          "15"
        ],
        "x-ms-ratelimit-remaining-subscription-reads": [
          "14989"
        ],
        "x-ms-request-id": [
          "a776cfbc-7042-429a-930e-3a0e40ad9346"
        ],
        "x-ms-correlation-request-id": [
          "a776cfbc-7042-429a-930e-3a0e40ad9346"
        ],
        "x-ms-routing-request-id": [
          "WESTUS:20151026T231239Z:a776cfbc-7042-429a-930e-3a0e40ad9346"
        ],
        "Strict-Transport-Security": [
          "max-age=31536000; includeSubDomains"
        ],
        "Cache-Control": [
          "no-cache"
        ],
        "Date": [
          "Mon, 26 Oct 2015 23:12:38 GMT"
        ],
        "Location": [
          "https://management.azure.com/subscriptions/6368ed38-3570-481f-b4fa-1d0a6e8d3f3b/operationresults/eyJqb2JJZCI6IlJFU09VUkNFR1JPVVBERUxFVElPTkpPQi1PTkVTREs4ODg4LVdFU1RVUyIsImpvYkxvY2F0aW9uIjoid2VzdHVzIn0?api-version=2014-04-01-preview"
        ]
      },
      "StatusCode": 202
    },
    {
      "RequestUri": "/subscriptions/6368ed38-3570-481f-b4fa-1d0a6e8d3f3b/operationresults/eyJqb2JJZCI6IlJFU09VUkNFR1JPVVBERUxFVElPTkpPQi1PTkVTREs4ODg4LVdFU1RVUyIsImpvYkxvY2F0aW9uIjoid2VzdHVzIn0?api-version=2014-04-01-preview",
      "EncodedRequestUri": "L3N1YnNjcmlwdGlvbnMvNjM2OGVkMzgtMzU3MC00ODFmLWI0ZmEtMWQwYTZlOGQzZjNiL29wZXJhdGlvbnJlc3VsdHMvZXlKcWIySkpaQ0k2SWxKRlUwOVZVa05GUjFKUFZWQkVSVXhGVkVsUFRrcFBRaTFQVGtWVFJFczRPRGc0TFZkRlUxUlZVeUlzSW1wdllreHZZMkYwYVc5dUlqb2lkMlZ6ZEhWekluMD9hcGktdmVyc2lvbj0yMDE0LTA0LTAxLXByZXZpZXc=",
      "RequestMethod": "GET",
      "RequestBody": "",
      "RequestHeaders": {
        "x-ms-version": [
          "2014-04-01-preview"
        ],
        "User-Agent": [
          "Microsoft.Azure.Management.Resources.ResourceManagementClient/2.0.0.0"
        ]
      },
      "ResponseBody": "",
      "ResponseHeaders": {
        "Content-Length": [
          "0"
        ],
        "Expires": [
          "-1"
        ],
        "Pragma": [
          "no-cache"
        ],
        "Retry-After": [
          "15"
        ],
        "x-ms-ratelimit-remaining-subscription-reads": [
          "14988"
        ],
        "x-ms-request-id": [
          "ef197037-98c5-406d-a418-1f4e5bd9ea0f"
        ],
        "x-ms-correlation-request-id": [
          "ef197037-98c5-406d-a418-1f4e5bd9ea0f"
        ],
        "x-ms-routing-request-id": [
          "WESTUS:20151026T231254Z:ef197037-98c5-406d-a418-1f4e5bd9ea0f"
        ],
        "Strict-Transport-Security": [
          "max-age=31536000; includeSubDomains"
        ],
        "Cache-Control": [
          "no-cache"
        ],
        "Date": [
          "Mon, 26 Oct 2015 23:12:53 GMT"
        ],
        "Location": [
          "https://management.azure.com/subscriptions/6368ed38-3570-481f-b4fa-1d0a6e8d3f3b/operationresults/eyJqb2JJZCI6IlJFU09VUkNFR1JPVVBERUxFVElPTkpPQi1PTkVTREs4ODg4LVdFU1RVUyIsImpvYkxvY2F0aW9uIjoid2VzdHVzIn0?api-version=2014-04-01-preview"
        ]
      },
      "StatusCode": 202
    },
    {
      "RequestUri": "/subscriptions/6368ed38-3570-481f-b4fa-1d0a6e8d3f3b/operationresults/eyJqb2JJZCI6IlJFU09VUkNFR1JPVVBERUxFVElPTkpPQi1PTkVTREs4ODg4LVdFU1RVUyIsImpvYkxvY2F0aW9uIjoid2VzdHVzIn0?api-version=2014-04-01-preview",
      "EncodedRequestUri": "L3N1YnNjcmlwdGlvbnMvNjM2OGVkMzgtMzU3MC00ODFmLWI0ZmEtMWQwYTZlOGQzZjNiL29wZXJhdGlvbnJlc3VsdHMvZXlKcWIySkpaQ0k2SWxKRlUwOVZVa05GUjFKUFZWQkVSVXhGVkVsUFRrcFBRaTFQVGtWVFJFczRPRGc0TFZkRlUxUlZVeUlzSW1wdllreHZZMkYwYVc5dUlqb2lkMlZ6ZEhWekluMD9hcGktdmVyc2lvbj0yMDE0LTA0LTAxLXByZXZpZXc=",
      "RequestMethod": "GET",
      "RequestBody": "",
      "RequestHeaders": {
        "x-ms-version": [
          "2014-04-01-preview"
        ],
        "User-Agent": [
          "Microsoft.Azure.Management.Resources.ResourceManagementClient/2.0.0.0"
        ]
      },
      "ResponseBody": "",
      "ResponseHeaders": {
        "Content-Length": [
          "0"
        ],
        "Expires": [
          "-1"
        ],
        "Pragma": [
          "no-cache"
        ],
        "Retry-After": [
          "15"
        ],
        "x-ms-ratelimit-remaining-subscription-reads": [
          "14987"
        ],
        "x-ms-request-id": [
          "caaba89a-03b1-458c-b511-8c77a28cc9a7"
        ],
        "x-ms-correlation-request-id": [
          "caaba89a-03b1-458c-b511-8c77a28cc9a7"
        ],
        "x-ms-routing-request-id": [
          "WESTUS:20151026T231309Z:caaba89a-03b1-458c-b511-8c77a28cc9a7"
        ],
        "Strict-Transport-Security": [
          "max-age=31536000; includeSubDomains"
        ],
        "Cache-Control": [
          "no-cache"
        ],
        "Date": [
          "Mon, 26 Oct 2015 23:13:08 GMT"
        ],
        "Location": [
          "https://management.azure.com/subscriptions/6368ed38-3570-481f-b4fa-1d0a6e8d3f3b/operationresults/eyJqb2JJZCI6IlJFU09VUkNFR1JPVVBERUxFVElPTkpPQi1PTkVTREs4ODg4LVdFU1RVUyIsImpvYkxvY2F0aW9uIjoid2VzdHVzIn0?api-version=2014-04-01-preview"
        ]
      },
      "StatusCode": 202
    },
    {
      "RequestUri": "/subscriptions/6368ed38-3570-481f-b4fa-1d0a6e8d3f3b/operationresults/eyJqb2JJZCI6IlJFU09VUkNFR1JPVVBERUxFVElPTkpPQi1PTkVTREs4ODg4LVdFU1RVUyIsImpvYkxvY2F0aW9uIjoid2VzdHVzIn0?api-version=2014-04-01-preview",
      "EncodedRequestUri": "L3N1YnNjcmlwdGlvbnMvNjM2OGVkMzgtMzU3MC00ODFmLWI0ZmEtMWQwYTZlOGQzZjNiL29wZXJhdGlvbnJlc3VsdHMvZXlKcWIySkpaQ0k2SWxKRlUwOVZVa05GUjFKUFZWQkVSVXhGVkVsUFRrcFBRaTFQVGtWVFJFczRPRGc0TFZkRlUxUlZVeUlzSW1wdllreHZZMkYwYVc5dUlqb2lkMlZ6ZEhWekluMD9hcGktdmVyc2lvbj0yMDE0LTA0LTAxLXByZXZpZXc=",
      "RequestMethod": "GET",
      "RequestBody": "",
      "RequestHeaders": {
        "x-ms-version": [
          "2014-04-01-preview"
        ],
        "User-Agent": [
          "Microsoft.Azure.Management.Resources.ResourceManagementClient/2.0.0.0"
        ]
      },
      "ResponseBody": "",
      "ResponseHeaders": {
        "Content-Length": [
          "0"
        ],
        "Expires": [
          "-1"
        ],
        "Pragma": [
          "no-cache"
        ],
        "x-ms-ratelimit-remaining-subscription-reads": [
          "14986"
        ],
        "x-ms-request-id": [
          "aba0abbc-12c5-417d-ba29-4f664ded07c0"
        ],
        "x-ms-correlation-request-id": [
          "aba0abbc-12c5-417d-ba29-4f664ded07c0"
        ],
        "x-ms-routing-request-id": [
          "WESTUS:20151026T231324Z:aba0abbc-12c5-417d-ba29-4f664ded07c0"
        ],
        "Strict-Transport-Security": [
          "max-age=31536000; includeSubDomains"
        ],
        "Cache-Control": [
          "no-cache"
        ],
        "Date": [
          "Mon, 26 Oct 2015 23:13:24 GMT"
        ]
      },
      "StatusCode": 200
    }
  ],
  "Names": {
    "Test-CreateExistingBatchAccount": [
      "onesdk526",
      "onesdk8888"
    ]
  },
  "Variables": {
    "SubscriptionId": "6368ed38-3570-481f-b4fa-1d0a6e8d3f3b"
  }
}