{
  "Entries": [
    {
      "RequestUri": "/subscriptions/ee5ea899-0791-418f-9270-77cd8273794b/resourcegroups/ps6283?api-version=2016-09-01",
      "EncodedRequestUri": "L3N1YnNjcmlwdGlvbnMvZWU1ZWE4OTktMDc5MS00MThmLTkyNzAtNzdjZDgyNzM3OTRiL3Jlc291cmNlZ3JvdXBzL3BzNjI4Mz9hcGktdmVyc2lvbj0yMDE2LTA5LTAx",
      "RequestMethod": "PUT",
      "RequestBody": "{\r\n  \"location\": \"westcentralus\"\r\n}",
      "RequestHeaders": {
        "x-ms-client-request-id": [
          "d5853dbd-46c7-4df7-8874-a6d1fb792fd0"
        ],
        "accept-language": [
          "en-US"
        ],
        "User-Agent": [
          "FxVersion/4.7.3163.0",
          "OSName/WindowsServer2012R2Datacenter",
          "OSVersion/6.3.9600",
          "Microsoft.Azure.Management.Internal.Resources.ResourceManagementClient/4.1.0"
        ],
        "Content-Type": [
          "application/json; charset=utf-8"
        ],
        "Content-Length": [
          "35"
        ]
      },
      "ResponseHeaders": {
        "Pragma": [
          "no-cache"
        ],
        "x-ms-ratelimit-remaining-subscription-writes": [
          "1199"
        ],
        "x-ms-request-id": [
          "69347561-845f-4f2d-bdb9-26fdeb3fe817"
        ],
        "x-ms-correlation-request-id": [
          "69347561-845f-4f2d-bdb9-26fdeb3fe817"
        ],
        "x-ms-routing-request-id": [
          "UKSOUTH2:20181107T131840Z:69347561-845f-4f2d-bdb9-26fdeb3fe817"
        ],
        "Strict-Transport-Security": [
          "max-age=31536000; includeSubDomains"
        ],
        "X-Content-Type-Options": [
          "nosniff"
        ],
        "Cache-Control": [
          "no-cache"
        ],
        "Date": [
          "Wed, 07 Nov 2018 13:18:39 GMT"
        ],
        "Content-Length": [
          "172"
        ],
        "Content-Type": [
          "application/json; charset=utf-8"
        ],
        "Expires": [
          "-1"
        ]
      },
      "ResponseBody": "{\r\n  \"id\": \"/subscriptions/ee5ea899-0791-418f-9270-77cd8273794b/resourceGroups/ps6283\",\r\n  \"name\": \"ps6283\",\r\n  \"location\": \"westcentralus\",\r\n  \"properties\": {\r\n    \"provisioningState\": \"Succeeded\"\r\n  }\r\n}",
      "StatusCode": 201
    },
    {
      "RequestUri": "/subscriptions/ee5ea899-0791-418f-9270-77cd8273794b/resourcegroups/ps5847?api-version=2016-09-01",
      "EncodedRequestUri": "L3N1YnNjcmlwdGlvbnMvZWU1ZWE4OTktMDc5MS00MThmLTkyNzAtNzdjZDgyNzM3OTRiL3Jlc291cmNlZ3JvdXBzL3BzNTg0Nz9hcGktdmVyc2lvbj0yMDE2LTA5LTAx",
      "RequestMethod": "PUT",
      "RequestBody": "{\r\n  \"location\": \"westcentralus\"\r\n}",
      "RequestHeaders": {
        "x-ms-client-request-id": [
          "962d78cc-91aa-4670-a366-0d935236dfe1"
        ],
        "accept-language": [
          "en-US"
        ],
        "User-Agent": [
          "FxVersion/4.7.3163.0",
          "OSName/WindowsServer2012R2Datacenter",
          "OSVersion/6.3.9600",
          "Microsoft.Azure.Management.Internal.Resources.ResourceManagementClient/4.1.0"
        ],
        "Content-Type": [
          "application/json; charset=utf-8"
        ],
        "Content-Length": [
          "35"
        ]
      },
      "ResponseHeaders": {
        "Pragma": [
          "no-cache"
        ],
        "x-ms-ratelimit-remaining-subscription-writes": [
          "1198"
        ],
        "x-ms-request-id": [
          "2fac7711-8336-469e-af03-2c6fa51612aa"
        ],
        "x-ms-correlation-request-id": [
          "2fac7711-8336-469e-af03-2c6fa51612aa"
        ],
        "x-ms-routing-request-id": [
          "UKSOUTH2:20181107T131841Z:2fac7711-8336-469e-af03-2c6fa51612aa"
        ],
        "Strict-Transport-Security": [
          "max-age=31536000; includeSubDomains"
        ],
        "X-Content-Type-Options": [
          "nosniff"
        ],
        "Cache-Control": [
          "no-cache"
        ],
        "Date": [
          "Wed, 07 Nov 2018 13:18:40 GMT"
        ],
        "Content-Length": [
          "172"
        ],
        "Content-Type": [
          "application/json; charset=utf-8"
        ],
        "Expires": [
          "-1"
        ]
      },
      "ResponseBody": "{\r\n  \"id\": \"/subscriptions/ee5ea899-0791-418f-9270-77cd8273794b/resourceGroups/ps5847\",\r\n  \"name\": \"ps5847\",\r\n  \"location\": \"westcentralus\",\r\n  \"properties\": {\r\n    \"provisioningState\": \"Succeeded\"\r\n  }\r\n}",
      "StatusCode": 201
    },
    {
      "RequestUri": "/subscriptions/ee5ea899-0791-418f-9270-77cd8273794b/resourceGroups/cl_one/providers/Microsoft.Network/virtualNetworks/cl_initial?api-version=2018-08-01",
      "EncodedRequestUri": "L3N1YnNjcmlwdGlvbnMvZWU1ZWE4OTktMDc5MS00MThmLTkyNzAtNzdjZDgyNzM3OTRiL3Jlc291cmNlR3JvdXBzL2NsX29uZS9wcm92aWRlcnMvTWljcm9zb2Z0Lk5ldHdvcmsvdmlydHVhbE5ldHdvcmtzL2NsX2luaXRpYWw/YXBpLXZlcnNpb249MjAxOC0wOC0wMQ==",
      "RequestMethod": "GET",
      "RequestBody": "",
      "RequestHeaders": {
        "x-ms-client-request-id": [
          "aadb6ba8-09ea-41b1-a80d-e8c100f2f5bd"
        ],
        "accept-language": [
          "en-US"
        ],
        "User-Agent": [
          "FxVersion/4.7.3163.0",
          "OSName/WindowsServer2012R2Datacenter",
          "OSVersion/6.3.9600",
          "Microsoft.Azure.Management.Network.NetworkManagementClient/19.5.0.0"
        ]
      },
      "ResponseHeaders": {
        "Pragma": [
          "no-cache"
        ],
        "x-ms-request-id": [
          "275a5cfa-328e-4a2d-bd27-7552658118eb"
        ],
        "x-ms-correlation-request-id": [
          "3f420770-65f9-4605-954d-c6621a052d42"
        ],
        "Strict-Transport-Security": [
          "max-age=31536000; includeSubDomains"
        ],
        "Cache-Control": [
          "no-cache"
        ],
        "ETag": [
          "W/\"716de069-ed9e-4c2e-98cf-e0b492bfc003\""
        ],
        "Server": [
          "Microsoft-HTTPAPI/2.0",
          "Microsoft-HTTPAPI/2.0"
        ],
        "x-ms-ratelimit-remaining-subscription-reads": [
          "11999"
        ],
        "x-ms-routing-request-id": [
          "UKSOUTH2:20181107T131842Z:3f420770-65f9-4605-954d-c6621a052d42"
        ],
        "X-Content-Type-Options": [
          "nosniff"
        ],
        "Date": [
          "Wed, 07 Nov 2018 13:18:41 GMT"
        ],
        "Content-Length": [
          "5494"
        ],
        "Content-Type": [
          "application/json; charset=utf-8"
        ],
        "Expires": [
          "-1"
        ]
      },
      "ResponseBody": "{\r\n  \"name\": \"cl_initial\",\r\n  \"id\": \"/subscriptions/ee5ea899-0791-418f-9270-77cd8273794b/resourceGroups/cl_one/providers/Microsoft.Network/virtualNetworks/cl_initial\",\r\n  \"etag\": \"W/\\\"716de069-ed9e-4c2e-98cf-e0b492bfc003\\\"\",\r\n  \"type\": \"Microsoft.Network/virtualNetworks\",\r\n  \"location\": \"westcentralus\",\r\n  \"properties\": {\r\n    \"provisioningState\": \"Succeeded\",\r\n    \"resourceGuid\": \"965f5861-b84a-420a-9899-aabad7690902\",\r\n    \"addressSpace\": {\r\n      \"addressPrefixes\": [\r\n        \"10.0.0.0/16\"\r\n      ]\r\n    },\r\n    \"subnets\": [\r\n      {\r\n        \"name\": \"VM\",\r\n        \"id\": \"/subscriptions/ee5ea899-0791-418f-9270-77cd8273794b/resourceGroups/cl_one/providers/Microsoft.Network/virtualNetworks/cl_initial/subnets/VM\",\r\n        \"etag\": \"W/\\\"716de069-ed9e-4c2e-98cf-e0b492bfc003\\\"\",\r\n        \"properties\": {\r\n          \"provisioningState\": \"Succeeded\",\r\n          \"addressPrefix\": \"10.0.1.0/24\",\r\n          \"serviceEndpoints\": [],\r\n          \"delegations\": []\r\n        },\r\n        \"type\": \"Microsoft.Network/virtualNetworks/subnets\"\r\n      },\r\n      {\r\n        \"name\": \"vm1\",\r\n        \"id\": \"/subscriptions/ee5ea899-0791-418f-9270-77cd8273794b/resourceGroups/cl_one/providers/Microsoft.Network/virtualNetworks/cl_initial/subnets/vm1\",\r\n        \"etag\": \"W/\\\"716de069-ed9e-4c2e-98cf-e0b492bfc003\\\"\",\r\n        \"properties\": {\r\n          \"provisioningState\": \"Succeeded\",\r\n          \"addressPrefix\": \"10.0.2.0/24\",\r\n          \"serviceEndpoints\": [],\r\n          \"delegations\": []\r\n        },\r\n        \"type\": \"Microsoft.Network/virtualNetworks/subnets\"\r\n      },\r\n      {\r\n        \"name\": \"vm2\",\r\n        \"id\": \"/subscriptions/ee5ea899-0791-418f-9270-77cd8273794b/resourceGroups/cl_one/providers/Microsoft.Network/virtualNetworks/cl_initial/subnets/vm2\",\r\n        \"etag\": \"W/\\\"716de069-ed9e-4c2e-98cf-e0b492bfc003\\\"\",\r\n        \"properties\": {\r\n          \"provisioningState\": \"Succeeded\",\r\n          \"addressPrefix\": \"10.0.3.0/24\",\r\n          \"serviceEndpoints\": [],\r\n          \"delegations\": []\r\n        },\r\n        \"type\": \"Microsoft.Network/virtualNetworks/subnets\"\r\n      },\r\n      {\r\n        \"name\": \"CSSSubTest\",\r\n        \"id\": \"/subscriptions/ee5ea899-0791-418f-9270-77cd8273794b/resourceGroups/cl_one/providers/Microsoft.Network/virtualNetworks/cl_initial/subnets/CSSSubTest\",\r\n        \"etag\": \"W/\\\"716de069-ed9e-4c2e-98cf-e0b492bfc003\\\"\",\r\n        \"properties\": {\r\n          \"provisioningState\": \"Succeeded\",\r\n          \"addressPrefix\": \"10.0.4.0/24\",\r\n          \"serviceEndpoints\": [],\r\n          \"delegations\": []\r\n        },\r\n        \"type\": \"Microsoft.Network/virtualNetworks/subnets\"\r\n      },\r\n      {\r\n        \"name\": \"CooL\",\r\n        \"id\": \"/subscriptions/ee5ea899-0791-418f-9270-77cd8273794b/resourceGroups/cl_one/providers/Microsoft.Network/virtualNetworks/cl_initial/subnets/CooL\",\r\n        \"etag\": \"W/\\\"716de069-ed9e-4c2e-98cf-e0b492bfc003\\\"\",\r\n        \"properties\": {\r\n          \"provisioningState\": \"Succeeded\",\r\n          \"addressPrefix\": \"10.0.0.0/24\",\r\n          \"routeTable\": {\r\n            \"id\": \"/subscriptions/ee5ea899-0791-418f-9270-77cd8273794b/resourceGroups/cl-web-demo/providers/Microsoft.Network/routeTables/front-end-ase-Route-Table\"\r\n          },\r\n          \"networkIntentPolicies\": [\r\n            {\r\n              \"id\": \"/subscriptions/ee5ea899-0791-418f-9270-77cd8273794b/resourceGroups/cl_one/providers/Microsoft.Network/networkIntentPolicies/b788484e-fc91-4cc8-9600-e45c46a4a201\"\r\n            }\r\n          ],\r\n          \"resourceNavigationLinks\": [\r\n            {\r\n              \"name\": \"VirtualClusterCooL\",\r\n              \"id\": \"/subscriptions/ee5ea899-0791-418f-9270-77cd8273794b/resourceGroups/cl_one/providers/Microsoft.Network/virtualNetworks/cl_initial/subnets/CooL/resourceNavigationLinks/VirtualClusterCooL\",\r\n              \"etag\": \"W/\\\"716de069-ed9e-4c2e-98cf-e0b492bfc003\\\"\",\r\n              \"type\": \"Microsoft.Network/virtualNetworks/subnets/resourceNavigationLinks\",\r\n              \"properties\": {\r\n                \"provisioningState\": \"Succeeded\",\r\n                \"linkedResourceType\": \"Microsoft.Sql/virtualClusters\",\r\n                \"link\": \"//subscriptions/ee5ea899-0791-418f-9270-77cd8273794b/resourceGroups/cl_one/providers/Microsoft.Sql/virtualClusters/VirtualClusterAcquireTokenAppTest?api-version=2015-05-01-preview\"\r\n              }\r\n            },\r\n            {\r\n              \"name\": \"VirtualCluster26256af1-91a2-495e-8e77-ba4e24dd240e\",\r\n              \"id\": \"/subscriptions/ee5ea899-0791-418f-9270-77cd8273794b/resourceGroups/cl_one/providers/Microsoft.Network/virtualNetworks/cl_initial/subnets/CooL/resourceNavigationLinks/VirtualCluster26256af1-91a2-495e-8e77-ba4e24dd240e\",\r\n              \"etag\": \"W/\\\"716de069-ed9e-4c2e-98cf-e0b492bfc003\\\"\",\r\n              \"type\": \"Microsoft.Network/virtualNetworks/subnets/resourceNavigationLinks\",\r\n              \"properties\": {\r\n                \"provisioningState\": \"Succeeded\",\r\n                \"linkedResourceType\": \"Microsoft.Sql/virtualClusters\",\r\n                \"link\": \"/subscriptions/ee5ea899-0791-418f-9270-77cd8273794b/resourceGroups/cl_one/providers/Microsoft.Sql/virtualClusters/VirtualCluster26256af1-91a2-495e-8e77-ba4e24dd240e?api-version=2015-05-01-preview\"\r\n              }\r\n            }\r\n          ],\r\n          \"serviceEndpoints\": [],\r\n          \"delegations\": []\r\n        },\r\n        \"type\": \"Microsoft.Network/virtualNetworks/subnets\"\r\n      }\r\n    ],\r\n    \"virtualNetworkPeerings\": [],\r\n    \"enableDdosProtection\": false,\r\n    \"enableVmProtection\": false\r\n  }\r\n}",
      "StatusCode": 200
    },
    {
      "RequestUri": "/subscriptions/ee5ea899-0791-418f-9270-77cd8273794b/resourceGroups/ps6283/providers/Microsoft.Sql/managedInstances/ps1738?api-version=2015-05-01-preview",
      "EncodedRequestUri": "L3N1YnNjcmlwdGlvbnMvZWU1ZWE4OTktMDc5MS00MThmLTkyNzAtNzdjZDgyNzM3OTRiL3Jlc291cmNlR3JvdXBzL3BzNjI4My9wcm92aWRlcnMvTWljcm9zb2Z0LlNxbC9tYW5hZ2VkSW5zdGFuY2VzL3BzMTczOD9hcGktdmVyc2lvbj0yMDE1LTA1LTAxLXByZXZpZXc=",
      "RequestMethod": "GET",
      "RequestBody": "",
      "RequestHeaders": {
        "x-ms-client-request-id": [
          "d1eae300-a9e8-4ac0-bdba-0da8f3ead87c"
        ],
        "accept-language": [
          "en-US"
        ],
        "User-Agent": [
          "FxVersion/4.7.3163.0",
          "OSName/WindowsServer2012R2Datacenter",
          "OSVersion/6.3.9600",
          "Microsoft.Azure.Management.Sql.SqlManagementClient/1.18.0.0"
        ]
      },
      "ResponseHeaders": {
        "Pragma": [
          "no-cache"
        ],
        "x-ms-failure-cause": [
          "gateway"
        ],
        "x-ms-request-id": [
          "05cced86-5955-4f13-8c0a-4c166b80e397"
        ],
        "x-ms-correlation-request-id": [
          "05cced86-5955-4f13-8c0a-4c166b80e397"
        ],
        "x-ms-routing-request-id": [
          "UKSOUTH2:20181107T131842Z:05cced86-5955-4f13-8c0a-4c166b80e397"
        ],
        "Strict-Transport-Security": [
          "max-age=31536000; includeSubDomains"
        ],
        "X-Content-Type-Options": [
          "nosniff"
        ],
        "Cache-Control": [
          "no-cache"
        ],
        "Date": [
          "Wed, 07 Nov 2018 13:18:42 GMT"
        ],
        "Content-Length": [
          "147"
        ],
        "Content-Type": [
          "application/json; charset=utf-8"
        ],
        "Expires": [
          "-1"
        ]
      },
      "ResponseBody": "{\r\n  \"error\": {\r\n    \"code\": \"ResourceNotFound\",\r\n    \"message\": \"The Resource 'Microsoft.Sql/managedInstances/ps1738' under resource group 'ps6283' was not found.\"\r\n  }\r\n}",
      "StatusCode": 404
    },
    {
      "RequestUri": "/subscriptions/ee5ea899-0791-418f-9270-77cd8273794b/resourceGroups/ps6283/providers/Microsoft.Sql/managedInstances/ps1738?api-version=2015-05-01-preview",
      "EncodedRequestUri": "L3N1YnNjcmlwdGlvbnMvZWU1ZWE4OTktMDc5MS00MThmLTkyNzAtNzdjZDgyNzM3OTRiL3Jlc291cmNlR3JvdXBzL3BzNjI4My9wcm92aWRlcnMvTWljcm9zb2Z0LlNxbC9tYW5hZ2VkSW5zdGFuY2VzL3BzMTczOD9hcGktdmVyc2lvbj0yMDE1LTA1LTAxLXByZXZpZXc=",
      "RequestMethod": "GET",
      "RequestBody": "",
      "RequestHeaders": {
        "User-Agent": [
          "FxVersion/4.7.3163.0",
          "OSName/WindowsServer2012R2Datacenter",
          "OSVersion/6.3.9600",
          "Microsoft.Azure.Management.Sql.SqlManagementClient/1.18.0.0"
        ]
      },
      "ResponseHeaders": {
        "Pragma": [
          "no-cache"
        ],
        "x-ms-request-id": [
          "1ad52f45-f447-4408-b50e-9b3c3cee973b"
        ],
        "x-ms-ratelimit-remaining-subscription-reads": [
          "11984"
        ],
        "x-ms-correlation-request-id": [
          "9d9d45c9-b958-4c1f-981e-fa90b4935965"
        ],
        "x-ms-routing-request-id": [
          "UKSOUTH2:20181107T133253Z:9d9d45c9-b958-4c1f-981e-fa90b4935965"
        ],
        "Strict-Transport-Security": [
          "max-age=31536000; includeSubDomains"
        ],
        "X-Content-Type-Options": [
          "nosniff"
        ],
        "Cache-Control": [
          "no-cache"
        ],
        "Date": [
          "Wed, 07 Nov 2018 13:32:53 GMT"
        ],
        "Server": [
          "Microsoft-HTTPAPI/2.0"
        ],
        "Content-Length": [
          "721"
        ],
        "Content-Type": [
          "application/json; charset=utf-8"
        ],
        "Expires": [
          "-1"
        ]
      },
      "ResponseBody": "{\r\n  \"sku\": {\r\n    \"name\": \"GP_Gen4\",\r\n    \"tier\": \"GeneralPurpose\",\r\n    \"family\": \"Gen4\",\r\n    \"capacity\": 16\r\n  },\r\n  \"properties\": {\r\n    \"fullyQualifiedDomainName\": \"ps1738.wcus1620a4a77b113.database.windows.net\",\r\n    \"administratorLogin\": \"testusername\",\r\n    \"subnetId\": \"/subscriptions/ee5ea899-0791-418f-9270-77cd8273794b/resourceGroups/cl_one/providers/Microsoft.Network/virtualNetworks/cl_initial/subnets/CooL\",\r\n    \"state\": \"Ready\",\r\n    \"licenseType\": \"BasePrice\",\r\n    \"vCores\": 16,\r\n    \"storageSizeInGB\": 32,\r\n    \"collation\": \"SQL_Latin1_General_CP1_CI_AS\",\r\n    \"dnsZone\": \"wcus1620a4a77b113\"\r\n  },\r\n  \"location\": \"westcentralus\",\r\n  \"id\": \"/subscriptions/ee5ea899-0791-418f-9270-77cd8273794b/resourceGroups/ps6283/providers/Microsoft.Sql/managedInstances/ps1738\",\r\n  \"name\": \"ps1738\",\r\n  \"type\": \"Microsoft.Sql/managedInstances\"\r\n}",
      "StatusCode": 200
    },
    {
      "RequestUri": "/subscriptions/ee5ea899-0791-418f-9270-77cd8273794b/resourceGroups/ps6283/providers/Microsoft.Sql/managedInstances/ps1738?api-version=2015-05-01-preview",
      "EncodedRequestUri": "L3N1YnNjcmlwdGlvbnMvZWU1ZWE4OTktMDc5MS00MThmLTkyNzAtNzdjZDgyNzM3OTRiL3Jlc291cmNlR3JvdXBzL3BzNjI4My9wcm92aWRlcnMvTWljcm9zb2Z0LlNxbC9tYW5hZ2VkSW5zdGFuY2VzL3BzMTczOD9hcGktdmVyc2lvbj0yMDE1LTA1LTAxLXByZXZpZXc=",
      "RequestMethod": "GET",
      "RequestBody": "",
      "RequestHeaders": {
        "x-ms-client-request-id": [
          "15a630ce-9550-465c-9b0c-b1d9abd3d2ea"
        ],
        "accept-language": [
          "en-US"
        ],
        "User-Agent": [
          "FxVersion/4.7.3163.0",
          "OSName/WindowsServer2012R2Datacenter",
          "OSVersion/6.3.9600",
          "Microsoft.Azure.Management.Sql.SqlManagementClient/1.18.0.0"
        ]
      },
      "ResponseHeaders": {
        "Pragma": [
          "no-cache"
        ],
        "x-ms-request-id": [
          "d0d78c39-2ce2-4d41-81fc-b84f927c21fc"
        ],
        "x-ms-ratelimit-remaining-subscription-reads": [
          "11978"
        ],
        "x-ms-correlation-request-id": [
          "26324535-920c-480c-a3c7-2b61b75c612f"
        ],
        "x-ms-routing-request-id": [
          "UKSOUTH2:20181107T133558Z:26324535-920c-480c-a3c7-2b61b75c612f"
        ],
        "Strict-Transport-Security": [
          "max-age=31536000; includeSubDomains"
        ],
        "X-Content-Type-Options": [
          "nosniff"
        ],
        "Cache-Control": [
          "no-cache"
        ],
        "Date": [
          "Wed, 07 Nov 2018 13:35:57 GMT"
        ],
        "Server": [
          "Microsoft-HTTPAPI/2.0"
        ],
        "Content-Length": [
          "721"
        ],
        "Content-Type": [
          "application/json; charset=utf-8"
        ],
        "Expires": [
          "-1"
        ]
      },
      "ResponseBody": "{\r\n  \"sku\": {\r\n    \"name\": \"GP_Gen4\",\r\n    \"tier\": \"GeneralPurpose\",\r\n    \"family\": \"Gen4\",\r\n    \"capacity\": 16\r\n  },\r\n  \"properties\": {\r\n    \"fullyQualifiedDomainName\": \"ps1738.wcus1620a4a77b113.database.windows.net\",\r\n    \"administratorLogin\": \"testusername\",\r\n    \"subnetId\": \"/subscriptions/ee5ea899-0791-418f-9270-77cd8273794b/resourceGroups/cl_one/providers/Microsoft.Network/virtualNetworks/cl_initial/subnets/CooL\",\r\n    \"state\": \"Ready\",\r\n    \"licenseType\": \"BasePrice\",\r\n    \"vCores\": 16,\r\n    \"storageSizeInGB\": 32,\r\n    \"collation\": \"SQL_Latin1_General_CP1_CI_AS\",\r\n    \"dnsZone\": \"wcus1620a4a77b113\"\r\n  },\r\n  \"location\": \"westcentralus\",\r\n  \"id\": \"/subscriptions/ee5ea899-0791-418f-9270-77cd8273794b/resourceGroups/ps6283/providers/Microsoft.Sql/managedInstances/ps1738\",\r\n  \"name\": \"ps1738\",\r\n  \"type\": \"Microsoft.Sql/managedInstances\"\r\n}",
      "StatusCode": 200
    },
    {
      "RequestUri": "/subscriptions/ee5ea899-0791-418f-9270-77cd8273794b/resourceGroups/ps6283/providers/Microsoft.Sql/managedInstances/ps1738?api-version=2015-05-01-preview",
      "EncodedRequestUri": "L3N1YnNjcmlwdGlvbnMvZWU1ZWE4OTktMDc5MS00MThmLTkyNzAtNzdjZDgyNzM3OTRiL3Jlc291cmNlR3JvdXBzL3BzNjI4My9wcm92aWRlcnMvTWljcm9zb2Z0LlNxbC9tYW5hZ2VkSW5zdGFuY2VzL3BzMTczOD9hcGktdmVyc2lvbj0yMDE1LTA1LTAxLXByZXZpZXc=",
      "RequestMethod": "PUT",
      "RequestBody": "{\r\n  \"sku\": {\r\n    \"name\": \"GP_Gen4\"\r\n  },\r\n  \"properties\": {\r\n    \"administratorLogin\": \"testusername\",\r\n    \"administratorLoginPassword\": \"t357ingP@s5w0rd!\",\r\n    \"subnetId\": \"/subscriptions/ee5ea899-0791-418f-9270-77cd8273794b/resourceGroups/cl_one/providers/Microsoft.Network/virtualNetworks/cl_initial/subnets/CooL\",\r\n    \"licenseType\": \"BasePrice\",\r\n    \"vCores\": 16,\r\n    \"storageSizeInGB\": 32\r\n  },\r\n  \"location\": \"westcentralus\"\r\n}",
      "RequestHeaders": {
        "x-ms-client-request-id": [
          "c01b46d7-18b6-44fe-a79f-417030309065"
        ],
        "accept-language": [
          "en-US"
        ],
        "User-Agent": [
          "FxVersion/4.7.3163.0",
          "OSName/WindowsServer2012R2Datacenter",
          "OSVersion/6.3.9600",
          "Microsoft.Azure.Management.Sql.SqlManagementClient/1.18.0.0"
        ],
        "Content-Type": [
          "application/json; charset=utf-8"
        ],
        "Content-Length": [
          "440"
        ]
      },
      "ResponseHeaders": {
        "Pragma": [
          "no-cache"
        ],
        "Retry-After": [
          "60"
        ],
        "Azure-AsyncOperation": [
          "https://management.azure.com/subscriptions/ee5ea899-0791-418f-9270-77cd8273794b/resourceGroups/ps6283/providers/Microsoft.Sql/locations/westcentralus/managedInstanceAzureAsyncOperation/1e6c9feb-f688-41df-8871-2f0db7e8d79a?api-version=2015-05-01-preview"
        ],
        "x-ms-request-id": [
          "1e6c9feb-f688-41df-8871-2f0db7e8d79a"
        ],
        "x-ms-ratelimit-remaining-subscription-writes": [
          "1199"
        ],
        "x-ms-correlation-request-id": [
          "bc2a5c17-1eae-4ec5-ba21-fde0c410a0b8"
        ],
        "x-ms-routing-request-id": [
          "UKSOUTH2:20181107T131845Z:bc2a5c17-1eae-4ec5-ba21-fde0c410a0b8"
        ],
        "Strict-Transport-Security": [
          "max-age=31536000; includeSubDomains"
        ],
        "X-Content-Type-Options": [
          "nosniff"
        ],
        "Cache-Control": [
          "no-cache"
        ],
        "Date": [
          "Wed, 07 Nov 2018 13:18:45 GMT"
        ],
        "Location": [
          "https://management.azure.com/subscriptions/ee5ea899-0791-418f-9270-77cd8273794b/resourceGroups/ps6283/providers/Microsoft.Sql/locations/westcentralus/managedInstanceOperationResults/1e6c9feb-f688-41df-8871-2f0db7e8d79a?api-version=2015-05-01-preview"
        ],
        "Server": [
          "Microsoft-HTTPAPI/2.0"
        ],
        "Content-Length": [
          "73"
        ],
        "Content-Type": [
          "application/json; charset=utf-8"
        ],
        "Expires": [
          "-1"
        ]
      },
      "ResponseBody": "{\r\n  \"operation\": \"UpsertManagedServer\",\r\n  \"startTime\": \"2018-11-07T13:18:45.09Z\"\r\n}",
      "StatusCode": 202
    },
    {
      "RequestUri": "/subscriptions/ee5ea899-0791-418f-9270-77cd8273794b/resourceGroups/ps6283/providers/Microsoft.Sql/locations/westcentralus/managedInstanceAzureAsyncOperation/1e6c9feb-f688-41df-8871-2f0db7e8d79a?api-version=2015-05-01-preview",
      "EncodedRequestUri": "L3N1YnNjcmlwdGlvbnMvZWU1ZWE4OTktMDc5MS00MThmLTkyNzAtNzdjZDgyNzM3OTRiL3Jlc291cmNlR3JvdXBzL3BzNjI4My9wcm92aWRlcnMvTWljcm9zb2Z0LlNxbC9sb2NhdGlvbnMvd2VzdGNlbnRyYWx1cy9tYW5hZ2VkSW5zdGFuY2VBenVyZUFzeW5jT3BlcmF0aW9uLzFlNmM5ZmViLWY2ODgtNDFkZi04ODcxLTJmMGRiN2U4ZDc5YT9hcGktdmVyc2lvbj0yMDE1LTA1LTAxLXByZXZpZXc=",
      "RequestMethod": "GET",
      "RequestBody": "",
      "RequestHeaders": {
        "User-Agent": [
          "FxVersion/4.7.3163.0",
          "OSName/WindowsServer2012R2Datacenter",
          "OSVersion/6.3.9600",
          "Microsoft.Azure.Management.Sql.SqlManagementClient/1.18.0.0"
        ]
      },
      "ResponseHeaders": {
        "Pragma": [
          "no-cache"
        ],
        "Retry-After": [
          "60"
        ],
        "x-ms-request-id": [
          "b6658c3a-93e8-47af-bf64-77b639434d99"
        ],
        "x-ms-ratelimit-remaining-subscription-reads": [
          "11998"
        ],
        "x-ms-correlation-request-id": [
          "72063c8d-93ba-4060-a003-005b007060ca"
        ],
        "x-ms-routing-request-id": [
          "UKSOUTH2:20181107T131945Z:72063c8d-93ba-4060-a003-005b007060ca"
        ],
        "Strict-Transport-Security": [
          "max-age=31536000; includeSubDomains"
        ],
        "X-Content-Type-Options": [
          "nosniff"
        ],
        "Cache-Control": [
          "no-cache"
        ],
        "Date": [
          "Wed, 07 Nov 2018 13:19:44 GMT"
        ],
        "Server": [
          "Microsoft-HTTPAPI/2.0"
        ],
        "Content-Length": [
          "107"
        ],
        "Content-Type": [
          "application/json; charset=utf-8"
        ],
        "Expires": [
          "-1"
        ]
      },
      "ResponseBody": "{\r\n  \"name\": \"1e6c9feb-f688-41df-8871-2f0db7e8d79a\",\r\n  \"status\": \"InProgress\",\r\n  \"startTime\": \"2018-11-07T13:18:45.09Z\"\r\n}",
      "StatusCode": 200
    },
    {
      "RequestUri": "/subscriptions/ee5ea899-0791-418f-9270-77cd8273794b/resourceGroups/ps6283/providers/Microsoft.Sql/locations/westcentralus/managedInstanceAzureAsyncOperation/1e6c9feb-f688-41df-8871-2f0db7e8d79a?api-version=2015-05-01-preview",
      "EncodedRequestUri": "L3N1YnNjcmlwdGlvbnMvZWU1ZWE4OTktMDc5MS00MThmLTkyNzAtNzdjZDgyNzM3OTRiL3Jlc291cmNlR3JvdXBzL3BzNjI4My9wcm92aWRlcnMvTWljcm9zb2Z0LlNxbC9sb2NhdGlvbnMvd2VzdGNlbnRyYWx1cy9tYW5hZ2VkSW5zdGFuY2VBenVyZUFzeW5jT3BlcmF0aW9uLzFlNmM5ZmViLWY2ODgtNDFkZi04ODcxLTJmMGRiN2U4ZDc5YT9hcGktdmVyc2lvbj0yMDE1LTA1LTAxLXByZXZpZXc=",
      "RequestMethod": "GET",
      "RequestBody": "",
      "RequestHeaders": {
        "User-Agent": [
          "FxVersion/4.7.3163.0",
          "OSName/WindowsServer2012R2Datacenter",
          "OSVersion/6.3.9600",
          "Microsoft.Azure.Management.Sql.SqlManagementClient/1.18.0.0"
        ]
      },
      "ResponseHeaders": {
        "Pragma": [
          "no-cache"
        ],
        "Retry-After": [
          "60"
        ],
        "x-ms-request-id": [
          "a7dd473a-89b9-46aa-813f-f7634788f3e2"
        ],
        "x-ms-ratelimit-remaining-subscription-reads": [
          "11997"
        ],
        "x-ms-correlation-request-id": [
          "5b31c775-8e1d-472a-a1fe-e5623ebdfcfc"
        ],
        "x-ms-routing-request-id": [
          "UKSOUTH2:20181107T132046Z:5b31c775-8e1d-472a-a1fe-e5623ebdfcfc"
        ],
        "Strict-Transport-Security": [
          "max-age=31536000; includeSubDomains"
        ],
        "X-Content-Type-Options": [
          "nosniff"
        ],
        "Cache-Control": [
          "no-cache"
        ],
        "Date": [
          "Wed, 07 Nov 2018 13:20:45 GMT"
        ],
        "Server": [
          "Microsoft-HTTPAPI/2.0"
        ],
        "Content-Length": [
          "107"
        ],
        "Content-Type": [
          "application/json; charset=utf-8"
        ],
        "Expires": [
          "-1"
        ]
      },
      "ResponseBody": "{\r\n  \"name\": \"1e6c9feb-f688-41df-8871-2f0db7e8d79a\",\r\n  \"status\": \"InProgress\",\r\n  \"startTime\": \"2018-11-07T13:18:45.09Z\"\r\n}",
      "StatusCode": 200
    },
    {
      "RequestUri": "/subscriptions/ee5ea899-0791-418f-9270-77cd8273794b/resourceGroups/ps6283/providers/Microsoft.Sql/locations/westcentralus/managedInstanceAzureAsyncOperation/1e6c9feb-f688-41df-8871-2f0db7e8d79a?api-version=2015-05-01-preview",
      "EncodedRequestUri": "L3N1YnNjcmlwdGlvbnMvZWU1ZWE4OTktMDc5MS00MThmLTkyNzAtNzdjZDgyNzM3OTRiL3Jlc291cmNlR3JvdXBzL3BzNjI4My9wcm92aWRlcnMvTWljcm9zb2Z0LlNxbC9sb2NhdGlvbnMvd2VzdGNlbnRyYWx1cy9tYW5hZ2VkSW5zdGFuY2VBenVyZUFzeW5jT3BlcmF0aW9uLzFlNmM5ZmViLWY2ODgtNDFkZi04ODcxLTJmMGRiN2U4ZDc5YT9hcGktdmVyc2lvbj0yMDE1LTA1LTAxLXByZXZpZXc=",
      "RequestMethod": "GET",
      "RequestBody": "",
      "RequestHeaders": {
        "User-Agent": [
          "FxVersion/4.7.3163.0",
          "OSName/WindowsServer2012R2Datacenter",
          "OSVersion/6.3.9600",
          "Microsoft.Azure.Management.Sql.SqlManagementClient/1.18.0.0"
        ]
      },
      "ResponseHeaders": {
        "Pragma": [
          "no-cache"
        ],
        "Retry-After": [
          "60"
        ],
        "x-ms-request-id": [
          "066e366e-bdcc-4937-b758-ce46011f028e"
        ],
        "x-ms-ratelimit-remaining-subscription-reads": [
          "11996"
        ],
        "x-ms-correlation-request-id": [
          "3e991be6-d92c-454b-9997-eb609ebfd172"
        ],
        "x-ms-routing-request-id": [
          "UKSOUTH2:20181107T132146Z:3e991be6-d92c-454b-9997-eb609ebfd172"
        ],
        "Strict-Transport-Security": [
          "max-age=31536000; includeSubDomains"
        ],
        "X-Content-Type-Options": [
          "nosniff"
        ],
        "Cache-Control": [
          "no-cache"
        ],
        "Date": [
          "Wed, 07 Nov 2018 13:21:46 GMT"
        ],
        "Server": [
          "Microsoft-HTTPAPI/2.0"
        ],
        "Content-Length": [
          "107"
        ],
        "Content-Type": [
          "application/json; charset=utf-8"
        ],
        "Expires": [
          "-1"
        ]
      },
      "ResponseBody": "{\r\n  \"name\": \"1e6c9feb-f688-41df-8871-2f0db7e8d79a\",\r\n  \"status\": \"InProgress\",\r\n  \"startTime\": \"2018-11-07T13:18:45.09Z\"\r\n}",
      "StatusCode": 200
    },
    {
      "RequestUri": "/subscriptions/ee5ea899-0791-418f-9270-77cd8273794b/resourceGroups/ps6283/providers/Microsoft.Sql/locations/westcentralus/managedInstanceAzureAsyncOperation/1e6c9feb-f688-41df-8871-2f0db7e8d79a?api-version=2015-05-01-preview",
      "EncodedRequestUri": "L3N1YnNjcmlwdGlvbnMvZWU1ZWE4OTktMDc5MS00MThmLTkyNzAtNzdjZDgyNzM3OTRiL3Jlc291cmNlR3JvdXBzL3BzNjI4My9wcm92aWRlcnMvTWljcm9zb2Z0LlNxbC9sb2NhdGlvbnMvd2VzdGNlbnRyYWx1cy9tYW5hZ2VkSW5zdGFuY2VBenVyZUFzeW5jT3BlcmF0aW9uLzFlNmM5ZmViLWY2ODgtNDFkZi04ODcxLTJmMGRiN2U4ZDc5YT9hcGktdmVyc2lvbj0yMDE1LTA1LTAxLXByZXZpZXc=",
      "RequestMethod": "GET",
      "RequestBody": "",
      "RequestHeaders": {
        "User-Agent": [
          "FxVersion/4.7.3163.0",
          "OSName/WindowsServer2012R2Datacenter",
          "OSVersion/6.3.9600",
          "Microsoft.Azure.Management.Sql.SqlManagementClient/1.18.0.0"
        ]
      },
      "ResponseHeaders": {
        "Pragma": [
          "no-cache"
        ],
        "Retry-After": [
          "60"
        ],
        "x-ms-request-id": [
          "b30b5d0f-b452-45d8-9561-afbf0c485d02"
        ],
        "x-ms-ratelimit-remaining-subscription-reads": [
          "11995"
        ],
        "x-ms-correlation-request-id": [
          "dcd2e634-1b0b-402d-a7d9-c20fae559eb1"
        ],
        "x-ms-routing-request-id": [
          "UKSOUTH2:20181107T132247Z:dcd2e634-1b0b-402d-a7d9-c20fae559eb1"
        ],
        "Strict-Transport-Security": [
          "max-age=31536000; includeSubDomains"
        ],
        "X-Content-Type-Options": [
          "nosniff"
        ],
        "Cache-Control": [
          "no-cache"
        ],
        "Date": [
          "Wed, 07 Nov 2018 13:22:46 GMT"
        ],
        "Server": [
          "Microsoft-HTTPAPI/2.0"
        ],
        "Content-Length": [
          "107"
        ],
        "Content-Type": [
          "application/json; charset=utf-8"
        ],
        "Expires": [
          "-1"
        ]
      },
      "ResponseBody": "{\r\n  \"name\": \"1e6c9feb-f688-41df-8871-2f0db7e8d79a\",\r\n  \"status\": \"InProgress\",\r\n  \"startTime\": \"2018-11-07T13:18:45.09Z\"\r\n}",
      "StatusCode": 200
    },
    {
      "RequestUri": "/subscriptions/ee5ea899-0791-418f-9270-77cd8273794b/resourceGroups/ps6283/providers/Microsoft.Sql/locations/westcentralus/managedInstanceAzureAsyncOperation/1e6c9feb-f688-41df-8871-2f0db7e8d79a?api-version=2015-05-01-preview",
      "EncodedRequestUri": "L3N1YnNjcmlwdGlvbnMvZWU1ZWE4OTktMDc5MS00MThmLTkyNzAtNzdjZDgyNzM3OTRiL3Jlc291cmNlR3JvdXBzL3BzNjI4My9wcm92aWRlcnMvTWljcm9zb2Z0LlNxbC9sb2NhdGlvbnMvd2VzdGNlbnRyYWx1cy9tYW5hZ2VkSW5zdGFuY2VBenVyZUFzeW5jT3BlcmF0aW9uLzFlNmM5ZmViLWY2ODgtNDFkZi04ODcxLTJmMGRiN2U4ZDc5YT9hcGktdmVyc2lvbj0yMDE1LTA1LTAxLXByZXZpZXc=",
      "RequestMethod": "GET",
      "RequestBody": "",
      "RequestHeaders": {
        "User-Agent": [
          "FxVersion/4.7.3163.0",
          "OSName/WindowsServer2012R2Datacenter",
          "OSVersion/6.3.9600",
          "Microsoft.Azure.Management.Sql.SqlManagementClient/1.18.0.0"
        ]
      },
      "ResponseHeaders": {
        "Pragma": [
          "no-cache"
        ],
        "Retry-After": [
          "60"
        ],
        "x-ms-request-id": [
          "afaf6c82-893b-4ab8-ada5-b5ccb47cb838"
        ],
        "x-ms-ratelimit-remaining-subscription-reads": [
          "11994"
        ],
        "x-ms-correlation-request-id": [
          "ce156d44-fcb6-4d95-a08d-962569b12257"
        ],
        "x-ms-routing-request-id": [
          "UKSOUTH2:20181107T132347Z:ce156d44-fcb6-4d95-a08d-962569b12257"
        ],
        "Strict-Transport-Security": [
          "max-age=31536000; includeSubDomains"
        ],
        "X-Content-Type-Options": [
          "nosniff"
        ],
        "Cache-Control": [
          "no-cache"
        ],
        "Date": [
          "Wed, 07 Nov 2018 13:23:47 GMT"
        ],
        "Server": [
          "Microsoft-HTTPAPI/2.0"
        ],
        "Content-Length": [
          "107"
        ],
        "Content-Type": [
          "application/json; charset=utf-8"
        ],
        "Expires": [
          "-1"
        ]
      },
      "ResponseBody": "{\r\n  \"name\": \"1e6c9feb-f688-41df-8871-2f0db7e8d79a\",\r\n  \"status\": \"InProgress\",\r\n  \"startTime\": \"2018-11-07T13:18:45.09Z\"\r\n}",
      "StatusCode": 200
    },
    {
      "RequestUri": "/subscriptions/ee5ea899-0791-418f-9270-77cd8273794b/resourceGroups/ps6283/providers/Microsoft.Sql/locations/westcentralus/managedInstanceAzureAsyncOperation/1e6c9feb-f688-41df-8871-2f0db7e8d79a?api-version=2015-05-01-preview",
      "EncodedRequestUri": "L3N1YnNjcmlwdGlvbnMvZWU1ZWE4OTktMDc5MS00MThmLTkyNzAtNzdjZDgyNzM3OTRiL3Jlc291cmNlR3JvdXBzL3BzNjI4My9wcm92aWRlcnMvTWljcm9zb2Z0LlNxbC9sb2NhdGlvbnMvd2VzdGNlbnRyYWx1cy9tYW5hZ2VkSW5zdGFuY2VBenVyZUFzeW5jT3BlcmF0aW9uLzFlNmM5ZmViLWY2ODgtNDFkZi04ODcxLTJmMGRiN2U4ZDc5YT9hcGktdmVyc2lvbj0yMDE1LTA1LTAxLXByZXZpZXc=",
      "RequestMethod": "GET",
      "RequestBody": "",
      "RequestHeaders": {
        "User-Agent": [
          "FxVersion/4.7.3163.0",
          "OSName/WindowsServer2012R2Datacenter",
          "OSVersion/6.3.9600",
          "Microsoft.Azure.Management.Sql.SqlManagementClient/1.18.0.0"
        ]
      },
      "ResponseHeaders": {
        "Pragma": [
          "no-cache"
        ],
        "Retry-After": [
          "60"
        ],
        "x-ms-request-id": [
          "121c709f-ee65-42a7-b3cb-911705b91635"
        ],
        "x-ms-ratelimit-remaining-subscription-reads": [
          "11993"
        ],
        "x-ms-correlation-request-id": [
          "9e74d10b-c775-4d86-93cf-bc9c2d41e501"
        ],
        "x-ms-routing-request-id": [
          "UKSOUTH2:20181107T132448Z:9e74d10b-c775-4d86-93cf-bc9c2d41e501"
        ],
        "Strict-Transport-Security": [
          "max-age=31536000; includeSubDomains"
        ],
        "X-Content-Type-Options": [
          "nosniff"
        ],
        "Cache-Control": [
          "no-cache"
        ],
        "Date": [
          "Wed, 07 Nov 2018 13:24:47 GMT"
        ],
        "Server": [
          "Microsoft-HTTPAPI/2.0"
        ],
        "Content-Length": [
          "107"
        ],
        "Content-Type": [
          "application/json; charset=utf-8"
        ],
        "Expires": [
          "-1"
        ]
      },
      "ResponseBody": "{\r\n  \"name\": \"1e6c9feb-f688-41df-8871-2f0db7e8d79a\",\r\n  \"status\": \"InProgress\",\r\n  \"startTime\": \"2018-11-07T13:18:45.09Z\"\r\n}",
      "StatusCode": 200
    },
    {
      "RequestUri": "/subscriptions/ee5ea899-0791-418f-9270-77cd8273794b/resourceGroups/ps6283/providers/Microsoft.Sql/locations/westcentralus/managedInstanceAzureAsyncOperation/1e6c9feb-f688-41df-8871-2f0db7e8d79a?api-version=2015-05-01-preview",
      "EncodedRequestUri": "L3N1YnNjcmlwdGlvbnMvZWU1ZWE4OTktMDc5MS00MThmLTkyNzAtNzdjZDgyNzM3OTRiL3Jlc291cmNlR3JvdXBzL3BzNjI4My9wcm92aWRlcnMvTWljcm9zb2Z0LlNxbC9sb2NhdGlvbnMvd2VzdGNlbnRyYWx1cy9tYW5hZ2VkSW5zdGFuY2VBenVyZUFzeW5jT3BlcmF0aW9uLzFlNmM5ZmViLWY2ODgtNDFkZi04ODcxLTJmMGRiN2U4ZDc5YT9hcGktdmVyc2lvbj0yMDE1LTA1LTAxLXByZXZpZXc=",
      "RequestMethod": "GET",
      "RequestBody": "",
      "RequestHeaders": {
        "User-Agent": [
          "FxVersion/4.7.3163.0",
          "OSName/WindowsServer2012R2Datacenter",
          "OSVersion/6.3.9600",
          "Microsoft.Azure.Management.Sql.SqlManagementClient/1.18.0.0"
        ]
      },
      "ResponseHeaders": {
        "Pragma": [
          "no-cache"
        ],
        "Retry-After": [
          "60"
        ],
        "x-ms-request-id": [
          "e35dac08-2f44-4514-a631-2c1eb71a4cd0"
        ],
        "x-ms-ratelimit-remaining-subscription-reads": [
          "11992"
        ],
        "x-ms-correlation-request-id": [
          "857bff48-6a92-46b6-bf29-af4bc60b684f"
        ],
        "x-ms-routing-request-id": [
          "UKSOUTH2:20181107T132549Z:857bff48-6a92-46b6-bf29-af4bc60b684f"
        ],
        "Strict-Transport-Security": [
          "max-age=31536000; includeSubDomains"
        ],
        "X-Content-Type-Options": [
          "nosniff"
        ],
        "Cache-Control": [
          "no-cache"
        ],
        "Date": [
          "Wed, 07 Nov 2018 13:25:48 GMT"
        ],
        "Server": [
          "Microsoft-HTTPAPI/2.0"
        ],
        "Content-Length": [
          "107"
        ],
        "Content-Type": [
          "application/json; charset=utf-8"
        ],
        "Expires": [
          "-1"
        ]
      },
      "ResponseBody": "{\r\n  \"name\": \"1e6c9feb-f688-41df-8871-2f0db7e8d79a\",\r\n  \"status\": \"InProgress\",\r\n  \"startTime\": \"2018-11-07T13:18:45.09Z\"\r\n}",
      "StatusCode": 200
    },
    {
      "RequestUri": "/subscriptions/ee5ea899-0791-418f-9270-77cd8273794b/resourceGroups/ps6283/providers/Microsoft.Sql/locations/westcentralus/managedInstanceAzureAsyncOperation/1e6c9feb-f688-41df-8871-2f0db7e8d79a?api-version=2015-05-01-preview",
      "EncodedRequestUri": "L3N1YnNjcmlwdGlvbnMvZWU1ZWE4OTktMDc5MS00MThmLTkyNzAtNzdjZDgyNzM3OTRiL3Jlc291cmNlR3JvdXBzL3BzNjI4My9wcm92aWRlcnMvTWljcm9zb2Z0LlNxbC9sb2NhdGlvbnMvd2VzdGNlbnRyYWx1cy9tYW5hZ2VkSW5zdGFuY2VBenVyZUFzeW5jT3BlcmF0aW9uLzFlNmM5ZmViLWY2ODgtNDFkZi04ODcxLTJmMGRiN2U4ZDc5YT9hcGktdmVyc2lvbj0yMDE1LTA1LTAxLXByZXZpZXc=",
      "RequestMethod": "GET",
      "RequestBody": "",
      "RequestHeaders": {
        "User-Agent": [
          "FxVersion/4.7.3163.0",
          "OSName/WindowsServer2012R2Datacenter",
          "OSVersion/6.3.9600",
          "Microsoft.Azure.Management.Sql.SqlManagementClient/1.18.0.0"
        ]
      },
      "ResponseHeaders": {
        "Pragma": [
          "no-cache"
        ],
        "Retry-After": [
          "60"
        ],
        "x-ms-request-id": [
          "c6c51acb-a453-4e87-a455-1592a0382a04"
        ],
        "x-ms-ratelimit-remaining-subscription-reads": [
          "11991"
        ],
        "x-ms-correlation-request-id": [
          "86313dfb-d48d-438e-8c7b-424e36c94d56"
        ],
        "x-ms-routing-request-id": [
          "UKSOUTH2:20181107T132649Z:86313dfb-d48d-438e-8c7b-424e36c94d56"
        ],
        "Strict-Transport-Security": [
          "max-age=31536000; includeSubDomains"
        ],
        "X-Content-Type-Options": [
          "nosniff"
        ],
        "Cache-Control": [
          "no-cache"
        ],
        "Date": [
          "Wed, 07 Nov 2018 13:26:49 GMT"
        ],
        "Server": [
          "Microsoft-HTTPAPI/2.0"
        ],
        "Content-Length": [
          "107"
        ],
        "Content-Type": [
          "application/json; charset=utf-8"
        ],
        "Expires": [
          "-1"
        ]
      },
      "ResponseBody": "{\r\n  \"name\": \"1e6c9feb-f688-41df-8871-2f0db7e8d79a\",\r\n  \"status\": \"InProgress\",\r\n  \"startTime\": \"2018-11-07T13:18:45.09Z\"\r\n}",
      "StatusCode": 200
    },
    {
      "RequestUri": "/subscriptions/ee5ea899-0791-418f-9270-77cd8273794b/resourceGroups/ps6283/providers/Microsoft.Sql/locations/westcentralus/managedInstanceAzureAsyncOperation/1e6c9feb-f688-41df-8871-2f0db7e8d79a?api-version=2015-05-01-preview",
      "EncodedRequestUri": "L3N1YnNjcmlwdGlvbnMvZWU1ZWE4OTktMDc5MS00MThmLTkyNzAtNzdjZDgyNzM3OTRiL3Jlc291cmNlR3JvdXBzL3BzNjI4My9wcm92aWRlcnMvTWljcm9zb2Z0LlNxbC9sb2NhdGlvbnMvd2VzdGNlbnRyYWx1cy9tYW5hZ2VkSW5zdGFuY2VBenVyZUFzeW5jT3BlcmF0aW9uLzFlNmM5ZmViLWY2ODgtNDFkZi04ODcxLTJmMGRiN2U4ZDc5YT9hcGktdmVyc2lvbj0yMDE1LTA1LTAxLXByZXZpZXc=",
      "RequestMethod": "GET",
      "RequestBody": "",
      "RequestHeaders": {
        "User-Agent": [
          "FxVersion/4.7.3163.0",
          "OSName/WindowsServer2012R2Datacenter",
          "OSVersion/6.3.9600",
          "Microsoft.Azure.Management.Sql.SqlManagementClient/1.18.0.0"
        ]
      },
      "ResponseHeaders": {
        "Pragma": [
          "no-cache"
        ],
        "Retry-After": [
          "60"
        ],
        "x-ms-request-id": [
          "d740b6e2-3589-498e-b35e-26e1240eda32"
        ],
        "x-ms-ratelimit-remaining-subscription-reads": [
          "11990"
        ],
        "x-ms-correlation-request-id": [
          "7bc63b8e-fec2-4512-b92b-7473d19cb865"
        ],
        "x-ms-routing-request-id": [
          "UKSOUTH2:20181107T132750Z:7bc63b8e-fec2-4512-b92b-7473d19cb865"
        ],
        "Strict-Transport-Security": [
          "max-age=31536000; includeSubDomains"
        ],
        "X-Content-Type-Options": [
          "nosniff"
        ],
        "Cache-Control": [
          "no-cache"
        ],
        "Date": [
          "Wed, 07 Nov 2018 13:27:50 GMT"
        ],
        "Server": [
          "Microsoft-HTTPAPI/2.0"
        ],
        "Content-Length": [
          "107"
        ],
        "Content-Type": [
          "application/json; charset=utf-8"
        ],
        "Expires": [
          "-1"
        ]
      },
      "ResponseBody": "{\r\n  \"name\": \"1e6c9feb-f688-41df-8871-2f0db7e8d79a\",\r\n  \"status\": \"InProgress\",\r\n  \"startTime\": \"2018-11-07T13:18:45.09Z\"\r\n}",
      "StatusCode": 200
    },
    {
      "RequestUri": "/subscriptions/ee5ea899-0791-418f-9270-77cd8273794b/resourceGroups/ps6283/providers/Microsoft.Sql/locations/westcentralus/managedInstanceAzureAsyncOperation/1e6c9feb-f688-41df-8871-2f0db7e8d79a?api-version=2015-05-01-preview",
      "EncodedRequestUri": "L3N1YnNjcmlwdGlvbnMvZWU1ZWE4OTktMDc5MS00MThmLTkyNzAtNzdjZDgyNzM3OTRiL3Jlc291cmNlR3JvdXBzL3BzNjI4My9wcm92aWRlcnMvTWljcm9zb2Z0LlNxbC9sb2NhdGlvbnMvd2VzdGNlbnRyYWx1cy9tYW5hZ2VkSW5zdGFuY2VBenVyZUFzeW5jT3BlcmF0aW9uLzFlNmM5ZmViLWY2ODgtNDFkZi04ODcxLTJmMGRiN2U4ZDc5YT9hcGktdmVyc2lvbj0yMDE1LTA1LTAxLXByZXZpZXc=",
      "RequestMethod": "GET",
      "RequestBody": "",
      "RequestHeaders": {
        "User-Agent": [
          "FxVersion/4.7.3163.0",
          "OSName/WindowsServer2012R2Datacenter",
          "OSVersion/6.3.9600",
          "Microsoft.Azure.Management.Sql.SqlManagementClient/1.18.0.0"
        ]
      },
      "ResponseHeaders": {
        "Pragma": [
          "no-cache"
        ],
        "Retry-After": [
          "60"
        ],
        "x-ms-request-id": [
          "d715a358-ddf6-4d79-9f62-6f25f46cb4b3"
        ],
        "x-ms-ratelimit-remaining-subscription-reads": [
          "11989"
        ],
        "x-ms-correlation-request-id": [
          "db19f4ba-3de8-40b4-8e70-ca148b5ed792"
        ],
        "x-ms-routing-request-id": [
          "UKSOUTH2:20181107T132850Z:db19f4ba-3de8-40b4-8e70-ca148b5ed792"
        ],
        "Strict-Transport-Security": [
          "max-age=31536000; includeSubDomains"
        ],
        "X-Content-Type-Options": [
          "nosniff"
        ],
        "Cache-Control": [
          "no-cache"
        ],
        "Date": [
          "Wed, 07 Nov 2018 13:28:50 GMT"
        ],
        "Server": [
          "Microsoft-HTTPAPI/2.0"
        ],
        "Content-Length": [
          "107"
        ],
        "Content-Type": [
          "application/json; charset=utf-8"
        ],
        "Expires": [
          "-1"
        ]
      },
      "ResponseBody": "{\r\n  \"name\": \"1e6c9feb-f688-41df-8871-2f0db7e8d79a\",\r\n  \"status\": \"InProgress\",\r\n  \"startTime\": \"2018-11-07T13:18:45.09Z\"\r\n}",
      "StatusCode": 200
    },
    {
      "RequestUri": "/subscriptions/ee5ea899-0791-418f-9270-77cd8273794b/resourceGroups/ps6283/providers/Microsoft.Sql/locations/westcentralus/managedInstanceAzureAsyncOperation/1e6c9feb-f688-41df-8871-2f0db7e8d79a?api-version=2015-05-01-preview",
      "EncodedRequestUri": "L3N1YnNjcmlwdGlvbnMvZWU1ZWE4OTktMDc5MS00MThmLTkyNzAtNzdjZDgyNzM3OTRiL3Jlc291cmNlR3JvdXBzL3BzNjI4My9wcm92aWRlcnMvTWljcm9zb2Z0LlNxbC9sb2NhdGlvbnMvd2VzdGNlbnRyYWx1cy9tYW5hZ2VkSW5zdGFuY2VBenVyZUFzeW5jT3BlcmF0aW9uLzFlNmM5ZmViLWY2ODgtNDFkZi04ODcxLTJmMGRiN2U4ZDc5YT9hcGktdmVyc2lvbj0yMDE1LTA1LTAxLXByZXZpZXc=",
      "RequestMethod": "GET",
      "RequestBody": "",
      "RequestHeaders": {
        "User-Agent": [
          "FxVersion/4.7.3163.0",
          "OSName/WindowsServer2012R2Datacenter",
          "OSVersion/6.3.9600",
          "Microsoft.Azure.Management.Sql.SqlManagementClient/1.18.0.0"
        ]
      },
      "ResponseHeaders": {
        "Pragma": [
          "no-cache"
        ],
        "Retry-After": [
          "60"
        ],
        "x-ms-request-id": [
          "8514c02a-e9b3-4377-8bf6-7ce7e7fc1c13"
        ],
        "x-ms-ratelimit-remaining-subscription-reads": [
          "11988"
        ],
        "x-ms-correlation-request-id": [
          "76785b26-6412-4832-8a39-accde3b63c15"
        ],
        "x-ms-routing-request-id": [
          "UKSOUTH2:20181107T132951Z:76785b26-6412-4832-8a39-accde3b63c15"
        ],
        "Strict-Transport-Security": [
          "max-age=31536000; includeSubDomains"
        ],
        "X-Content-Type-Options": [
          "nosniff"
        ],
        "Cache-Control": [
          "no-cache"
        ],
        "Date": [
          "Wed, 07 Nov 2018 13:29:51 GMT"
        ],
        "Server": [
          "Microsoft-HTTPAPI/2.0"
        ],
        "Content-Length": [
          "107"
        ],
        "Content-Type": [
          "application/json; charset=utf-8"
        ],
        "Expires": [
          "-1"
        ]
      },
      "ResponseBody": "{\r\n  \"name\": \"1e6c9feb-f688-41df-8871-2f0db7e8d79a\",\r\n  \"status\": \"InProgress\",\r\n  \"startTime\": \"2018-11-07T13:18:45.09Z\"\r\n}",
      "StatusCode": 200
    },
    {
      "RequestUri": "/subscriptions/ee5ea899-0791-418f-9270-77cd8273794b/resourceGroups/ps6283/providers/Microsoft.Sql/locations/westcentralus/managedInstanceAzureAsyncOperation/1e6c9feb-f688-41df-8871-2f0db7e8d79a?api-version=2015-05-01-preview",
      "EncodedRequestUri": "L3N1YnNjcmlwdGlvbnMvZWU1ZWE4OTktMDc5MS00MThmLTkyNzAtNzdjZDgyNzM3OTRiL3Jlc291cmNlR3JvdXBzL3BzNjI4My9wcm92aWRlcnMvTWljcm9zb2Z0LlNxbC9sb2NhdGlvbnMvd2VzdGNlbnRyYWx1cy9tYW5hZ2VkSW5zdGFuY2VBenVyZUFzeW5jT3BlcmF0aW9uLzFlNmM5ZmViLWY2ODgtNDFkZi04ODcxLTJmMGRiN2U4ZDc5YT9hcGktdmVyc2lvbj0yMDE1LTA1LTAxLXByZXZpZXc=",
      "RequestMethod": "GET",
      "RequestBody": "",
      "RequestHeaders": {
        "User-Agent": [
          "FxVersion/4.7.3163.0",
          "OSName/WindowsServer2012R2Datacenter",
          "OSVersion/6.3.9600",
          "Microsoft.Azure.Management.Sql.SqlManagementClient/1.18.0.0"
        ]
      },
      "ResponseHeaders": {
        "Pragma": [
          "no-cache"
        ],
        "Retry-After": [
          "60"
        ],
        "x-ms-request-id": [
          "b2a46023-50d8-428c-b7bd-b57d6789be4f"
        ],
        "x-ms-ratelimit-remaining-subscription-reads": [
          "11987"
        ],
        "x-ms-correlation-request-id": [
          "127f3b20-16d8-4c91-a00a-e54ebb824357"
        ],
        "x-ms-routing-request-id": [
          "UKSOUTH2:20181107T133051Z:127f3b20-16d8-4c91-a00a-e54ebb824357"
        ],
        "Strict-Transport-Security": [
          "max-age=31536000; includeSubDomains"
        ],
        "X-Content-Type-Options": [
          "nosniff"
        ],
        "Cache-Control": [
          "no-cache"
        ],
        "Date": [
          "Wed, 07 Nov 2018 13:30:51 GMT"
        ],
        "Server": [
          "Microsoft-HTTPAPI/2.0"
        ],
        "Content-Length": [
          "107"
        ],
        "Content-Type": [
          "application/json; charset=utf-8"
        ],
        "Expires": [
          "-1"
        ]
      },
      "ResponseBody": "{\r\n  \"name\": \"1e6c9feb-f688-41df-8871-2f0db7e8d79a\",\r\n  \"status\": \"InProgress\",\r\n  \"startTime\": \"2018-11-07T13:18:45.09Z\"\r\n}",
      "StatusCode": 200
    },
    {
      "RequestUri": "/subscriptions/ee5ea899-0791-418f-9270-77cd8273794b/resourceGroups/ps6283/providers/Microsoft.Sql/locations/westcentralus/managedInstanceAzureAsyncOperation/1e6c9feb-f688-41df-8871-2f0db7e8d79a?api-version=2015-05-01-preview",
      "EncodedRequestUri": "L3N1YnNjcmlwdGlvbnMvZWU1ZWE4OTktMDc5MS00MThmLTkyNzAtNzdjZDgyNzM3OTRiL3Jlc291cmNlR3JvdXBzL3BzNjI4My9wcm92aWRlcnMvTWljcm9zb2Z0LlNxbC9sb2NhdGlvbnMvd2VzdGNlbnRyYWx1cy9tYW5hZ2VkSW5zdGFuY2VBenVyZUFzeW5jT3BlcmF0aW9uLzFlNmM5ZmViLWY2ODgtNDFkZi04ODcxLTJmMGRiN2U4ZDc5YT9hcGktdmVyc2lvbj0yMDE1LTA1LTAxLXByZXZpZXc=",
      "RequestMethod": "GET",
      "RequestBody": "",
      "RequestHeaders": {
        "User-Agent": [
          "FxVersion/4.7.3163.0",
          "OSName/WindowsServer2012R2Datacenter",
          "OSVersion/6.3.9600",
          "Microsoft.Azure.Management.Sql.SqlManagementClient/1.18.0.0"
        ]
      },
      "ResponseHeaders": {
        "Pragma": [
          "no-cache"
        ],
        "Retry-After": [
          "60"
        ],
        "x-ms-request-id": [
          "4097e618-05c2-4db1-a098-be6416782d08"
        ],
        "x-ms-ratelimit-remaining-subscription-reads": [
          "11986"
        ],
        "x-ms-correlation-request-id": [
          "7bce66e9-b8b2-490b-847e-f19550f5c5ed"
        ],
        "x-ms-routing-request-id": [
          "UKSOUTH2:20181107T133152Z:7bce66e9-b8b2-490b-847e-f19550f5c5ed"
        ],
        "Strict-Transport-Security": [
          "max-age=31536000; includeSubDomains"
        ],
        "X-Content-Type-Options": [
          "nosniff"
        ],
        "Cache-Control": [
          "no-cache"
        ],
        "Date": [
          "Wed, 07 Nov 2018 13:31:52 GMT"
        ],
        "Server": [
          "Microsoft-HTTPAPI/2.0"
        ],
        "Content-Length": [
          "107"
        ],
        "Content-Type": [
          "application/json; charset=utf-8"
        ],
        "Expires": [
          "-1"
        ]
      },
      "ResponseBody": "{\r\n  \"name\": \"1e6c9feb-f688-41df-8871-2f0db7e8d79a\",\r\n  \"status\": \"InProgress\",\r\n  \"startTime\": \"2018-11-07T13:18:45.09Z\"\r\n}",
      "StatusCode": 200
    },
    {
      "RequestUri": "/subscriptions/ee5ea899-0791-418f-9270-77cd8273794b/resourceGroups/ps6283/providers/Microsoft.Sql/locations/westcentralus/managedInstanceAzureAsyncOperation/1e6c9feb-f688-41df-8871-2f0db7e8d79a?api-version=2015-05-01-preview",
      "EncodedRequestUri": "L3N1YnNjcmlwdGlvbnMvZWU1ZWE4OTktMDc5MS00MThmLTkyNzAtNzdjZDgyNzM3OTRiL3Jlc291cmNlR3JvdXBzL3BzNjI4My9wcm92aWRlcnMvTWljcm9zb2Z0LlNxbC9sb2NhdGlvbnMvd2VzdGNlbnRyYWx1cy9tYW5hZ2VkSW5zdGFuY2VBenVyZUFzeW5jT3BlcmF0aW9uLzFlNmM5ZmViLWY2ODgtNDFkZi04ODcxLTJmMGRiN2U4ZDc5YT9hcGktdmVyc2lvbj0yMDE1LTA1LTAxLXByZXZpZXc=",
      "RequestMethod": "GET",
      "RequestBody": "",
      "RequestHeaders": {
        "User-Agent": [
          "FxVersion/4.7.3163.0",
          "OSName/WindowsServer2012R2Datacenter",
          "OSVersion/6.3.9600",
          "Microsoft.Azure.Management.Sql.SqlManagementClient/1.18.0.0"
        ]
      },
      "ResponseHeaders": {
        "Pragma": [
          "no-cache"
        ],
        "Retry-After": [
          "60"
        ],
        "x-ms-request-id": [
          "ee58a4d1-288f-43de-bf69-8cbd97dee266"
        ],
        "x-ms-ratelimit-remaining-subscription-reads": [
          "11985"
        ],
        "x-ms-correlation-request-id": [
          "e9fad573-810f-4864-9980-95218d90c831"
        ],
        "x-ms-routing-request-id": [
          "UKSOUTH2:20181107T133253Z:e9fad573-810f-4864-9980-95218d90c831"
        ],
        "Strict-Transport-Security": [
          "max-age=31536000; includeSubDomains"
        ],
        "X-Content-Type-Options": [
          "nosniff"
        ],
        "Cache-Control": [
          "no-cache"
        ],
        "Date": [
          "Wed, 07 Nov 2018 13:32:52 GMT"
        ],
        "Server": [
          "Microsoft-HTTPAPI/2.0"
        ],
        "Content-Length": [
          "106"
        ],
        "Content-Type": [
          "application/json; charset=utf-8"
        ],
        "Expires": [
          "-1"
        ]
      },
      "ResponseBody": "{\r\n  \"name\": \"1e6c9feb-f688-41df-8871-2f0db7e8d79a\",\r\n  \"status\": \"Succeeded\",\r\n  \"startTime\": \"2018-11-07T13:18:45.09Z\"\r\n}",
      "StatusCode": 200
    },
    {
      "RequestUri": "/subscriptions/ee5ea899-0791-418f-9270-77cd8273794b/resourceGroups/ps5847/providers/Microsoft.Sql/managedInstances/ps3507?api-version=2015-05-01-preview",
      "EncodedRequestUri": "L3N1YnNjcmlwdGlvbnMvZWU1ZWE4OTktMDc5MS00MThmLTkyNzAtNzdjZDgyNzM3OTRiL3Jlc291cmNlR3JvdXBzL3BzNTg0Ny9wcm92aWRlcnMvTWljcm9zb2Z0LlNxbC9tYW5hZ2VkSW5zdGFuY2VzL3BzMzUwNz9hcGktdmVyc2lvbj0yMDE1LTA1LTAxLXByZXZpZXc=",
      "RequestMethod": "GET",
      "RequestBody": "",
      "RequestHeaders": {
        "x-ms-client-request-id": [
          "48b44f26-9501-4564-8494-bac4fb444d4b"
        ],
        "accept-language": [
          "en-US"
        ],
        "User-Agent": [
          "FxVersion/4.7.3163.0",
          "OSName/WindowsServer2012R2Datacenter",
          "OSVersion/6.3.9600",
          "Microsoft.Azure.Management.Sql.SqlManagementClient/1.18.0.0"
        ]
      },
      "ResponseHeaders": {
        "Pragma": [
          "no-cache"
        ],
        "x-ms-failure-cause": [
          "gateway"
        ],
        "x-ms-request-id": [
          "964457b0-8384-4127-b626-85d42a45617a"
        ],
        "x-ms-correlation-request-id": [
          "964457b0-8384-4127-b626-85d42a45617a"
        ],
        "x-ms-routing-request-id": [
          "UKSOUTH2:20181107T133253Z:964457b0-8384-4127-b626-85d42a45617a"
        ],
        "Strict-Transport-Security": [
          "max-age=31536000; includeSubDomains"
        ],
        "X-Content-Type-Options": [
          "nosniff"
        ],
        "Cache-Control": [
          "no-cache"
        ],
        "Date": [
          "Wed, 07 Nov 2018 13:32:53 GMT"
        ],
        "Content-Length": [
          "147"
        ],
        "Content-Type": [
          "application/json; charset=utf-8"
        ],
        "Expires": [
          "-1"
        ]
      },
      "ResponseBody": "{\r\n  \"error\": {\r\n    \"code\": \"ResourceNotFound\",\r\n    \"message\": \"The Resource 'Microsoft.Sql/managedInstances/ps3507' under resource group 'ps5847' was not found.\"\r\n  }\r\n}",
      "StatusCode": 404
    },
    {
      "RequestUri": "/subscriptions/ee5ea899-0791-418f-9270-77cd8273794b/resourceGroups/ps5847/providers/Microsoft.Sql/managedInstances/ps3507?api-version=2015-05-01-preview",
      "EncodedRequestUri": "L3N1YnNjcmlwdGlvbnMvZWU1ZWE4OTktMDc5MS00MThmLTkyNzAtNzdjZDgyNzM3OTRiL3Jlc291cmNlR3JvdXBzL3BzNTg0Ny9wcm92aWRlcnMvTWljcm9zb2Z0LlNxbC9tYW5hZ2VkSW5zdGFuY2VzL3BzMzUwNz9hcGktdmVyc2lvbj0yMDE1LTA1LTAxLXByZXZpZXc=",
      "RequestMethod": "GET",
      "RequestBody": "",
      "RequestHeaders": {
        "User-Agent": [
          "FxVersion/4.7.3163.0",
          "OSName/WindowsServer2012R2Datacenter",
          "OSVersion/6.3.9600",
          "Microsoft.Azure.Management.Sql.SqlManagementClient/1.18.0.0"
        ]
      },
      "ResponseHeaders": {
        "Pragma": [
          "no-cache"
        ],
        "x-ms-request-id": [
          "5207f8e0-19e0-403d-8fa7-a9904a972c59"
        ],
        "x-ms-ratelimit-remaining-subscription-reads": [
          "11979"
        ],
        "x-ms-correlation-request-id": [
          "eda12fc5-95b7-4c5f-8286-10d18537a9e9"
        ],
        "x-ms-routing-request-id": [
          "UKSOUTH2:20181107T133557Z:eda12fc5-95b7-4c5f-8286-10d18537a9e9"
        ],
        "Strict-Transport-Security": [
          "max-age=31536000; includeSubDomains"
        ],
        "X-Content-Type-Options": [
          "nosniff"
        ],
        "Cache-Control": [
          "no-cache"
        ],
        "Date": [
          "Wed, 07 Nov 2018 13:35:57 GMT"
        ],
        "Server": [
          "Microsoft-HTTPAPI/2.0"
        ],
        "Content-Length": [
          "721"
        ],
        "Content-Type": [
          "application/json; charset=utf-8"
        ],
        "Expires": [
          "-1"
        ]
      },
      "ResponseBody": "{\r\n  \"sku\": {\r\n    \"name\": \"GP_Gen4\",\r\n    \"tier\": \"GeneralPurpose\",\r\n    \"family\": \"Gen4\",\r\n    \"capacity\": 16\r\n  },\r\n  \"properties\": {\r\n    \"fullyQualifiedDomainName\": \"ps3507.wcus1620a4a77b113.database.windows.net\",\r\n    \"administratorLogin\": \"testusername\",\r\n    \"subnetId\": \"/subscriptions/ee5ea899-0791-418f-9270-77cd8273794b/resourceGroups/cl_one/providers/Microsoft.Network/virtualNetworks/cl_initial/subnets/CooL\",\r\n    \"state\": \"Ready\",\r\n    \"licenseType\": \"BasePrice\",\r\n    \"vCores\": 16,\r\n    \"storageSizeInGB\": 32,\r\n    \"collation\": \"SQL_Latin1_General_CP1_CI_AS\",\r\n    \"dnsZone\": \"wcus1620a4a77b113\"\r\n  },\r\n  \"location\": \"westcentralus\",\r\n  \"id\": \"/subscriptions/ee5ea899-0791-418f-9270-77cd8273794b/resourceGroups/ps5847/providers/Microsoft.Sql/managedInstances/ps3507\",\r\n  \"name\": \"ps3507\",\r\n  \"type\": \"Microsoft.Sql/managedInstances\"\r\n}",
      "StatusCode": 200
    },
    {
      "RequestUri": "/subscriptions/ee5ea899-0791-418f-9270-77cd8273794b/resourceGroups/ps5847/providers/Microsoft.Sql/managedInstances/ps3507?api-version=2015-05-01-preview",
      "EncodedRequestUri": "L3N1YnNjcmlwdGlvbnMvZWU1ZWE4OTktMDc5MS00MThmLTkyNzAtNzdjZDgyNzM3OTRiL3Jlc291cmNlR3JvdXBzL3BzNTg0Ny9wcm92aWRlcnMvTWljcm9zb2Z0LlNxbC9tYW5hZ2VkSW5zdGFuY2VzL3BzMzUwNz9hcGktdmVyc2lvbj0yMDE1LTA1LTAxLXByZXZpZXc=",
      "RequestMethod": "PUT",
      "RequestBody": "{\r\n  \"sku\": {\r\n    \"name\": \"GP_Gen4\"\r\n  },\r\n  \"properties\": {\r\n    \"administratorLogin\": \"testusername\",\r\n    \"administratorLoginPassword\": \"t357ingP@s5w0rd!\",\r\n    \"subnetId\": \"/subscriptions/ee5ea899-0791-418f-9270-77cd8273794b/resourceGroups/cl_one/providers/Microsoft.Network/virtualNetworks/cl_initial/subnets/CooL\",\r\n    \"licenseType\": \"BasePrice\",\r\n    \"vCores\": 16,\r\n    \"storageSizeInGB\": 32\r\n  },\r\n  \"location\": \"westcentralus\"\r\n}",
      "RequestHeaders": {
        "x-ms-client-request-id": [
          "cfd20c19-d652-4090-83d3-74298e6d1e6d"
        ],
        "accept-language": [
          "en-US"
        ],
        "User-Agent": [
          "FxVersion/4.7.3163.0",
          "OSName/WindowsServer2012R2Datacenter",
          "OSVersion/6.3.9600",
          "Microsoft.Azure.Management.Sql.SqlManagementClient/1.18.0.0"
        ],
        "Content-Type": [
          "application/json; charset=utf-8"
        ],
        "Content-Length": [
          "440"
        ]
      },
      "ResponseHeaders": {
        "Pragma": [
          "no-cache"
        ],
        "Retry-After": [
          "60"
        ],
        "Azure-AsyncOperation": [
          "https://management.azure.com/subscriptions/ee5ea899-0791-418f-9270-77cd8273794b/resourceGroups/ps5847/providers/Microsoft.Sql/locations/westcentralus/managedInstanceAzureAsyncOperation/12cbce8f-d989-4892-911c-eea11d6fdf4a?api-version=2015-05-01-preview"
        ],
        "x-ms-request-id": [
          "12cbce8f-d989-4892-911c-eea11d6fdf4a"
        ],
        "x-ms-ratelimit-remaining-subscription-writes": [
          "1198"
        ],
        "x-ms-correlation-request-id": [
          "4d4b5f4f-567b-4c49-bdb0-76e5333f77d9"
        ],
        "x-ms-routing-request-id": [
          "UKSOUTH2:20181107T133255Z:4d4b5f4f-567b-4c49-bdb0-76e5333f77d9"
        ],
        "Strict-Transport-Security": [
          "max-age=31536000; includeSubDomains"
        ],
        "X-Content-Type-Options": [
          "nosniff"
        ],
        "Cache-Control": [
          "no-cache"
        ],
        "Date": [
          "Wed, 07 Nov 2018 13:32:55 GMT"
        ],
        "Location": [
          "https://management.azure.com/subscriptions/ee5ea899-0791-418f-9270-77cd8273794b/resourceGroups/ps5847/providers/Microsoft.Sql/locations/westcentralus/managedInstanceOperationResults/12cbce8f-d989-4892-911c-eea11d6fdf4a?api-version=2015-05-01-preview"
        ],
        "Server": [
          "Microsoft-HTTPAPI/2.0"
        ],
        "Content-Length": [
          "74"
        ],
        "Content-Type": [
          "application/json; charset=utf-8"
        ],
        "Expires": [
          "-1"
        ]
      },
      "ResponseBody": "{\r\n  \"operation\": \"UpsertManagedServer\",\r\n  \"startTime\": \"2018-11-07T13:32:55.723Z\"\r\n}",
      "StatusCode": 202
    },
    {
      "RequestUri": "/subscriptions/ee5ea899-0791-418f-9270-77cd8273794b/resourceGroups/ps5847/providers/Microsoft.Sql/locations/westcentralus/managedInstanceAzureAsyncOperation/12cbce8f-d989-4892-911c-eea11d6fdf4a?api-version=2015-05-01-preview",
      "EncodedRequestUri": "L3N1YnNjcmlwdGlvbnMvZWU1ZWE4OTktMDc5MS00MThmLTkyNzAtNzdjZDgyNzM3OTRiL3Jlc291cmNlR3JvdXBzL3BzNTg0Ny9wcm92aWRlcnMvTWljcm9zb2Z0LlNxbC9sb2NhdGlvbnMvd2VzdGNlbnRyYWx1cy9tYW5hZ2VkSW5zdGFuY2VBenVyZUFzeW5jT3BlcmF0aW9uLzEyY2JjZThmLWQ5ODktNDg5Mi05MTFjLWVlYTExZDZmZGY0YT9hcGktdmVyc2lvbj0yMDE1LTA1LTAxLXByZXZpZXc=",
      "RequestMethod": "GET",
      "RequestBody": "",
      "RequestHeaders": {
        "User-Agent": [
          "FxVersion/4.7.3163.0",
          "OSName/WindowsServer2012R2Datacenter",
          "OSVersion/6.3.9600",
          "Microsoft.Azure.Management.Sql.SqlManagementClient/1.18.0.0"
        ]
      },
      "ResponseHeaders": {
        "Pragma": [
          "no-cache"
        ],
        "Retry-After": [
          "60"
        ],
        "x-ms-request-id": [
          "4cc52d39-6a88-43cc-a4f6-012c1b62bea9"
        ],
        "x-ms-ratelimit-remaining-subscription-reads": [
          "11982"
        ],
        "x-ms-correlation-request-id": [
          "1aef92f6-e2ce-436c-b084-accc1ebb8e20"
        ],
        "x-ms-routing-request-id": [
          "UKSOUTH2:20181107T133356Z:1aef92f6-e2ce-436c-b084-accc1ebb8e20"
        ],
        "Strict-Transport-Security": [
          "max-age=31536000; includeSubDomains"
        ],
        "X-Content-Type-Options": [
          "nosniff"
        ],
        "Cache-Control": [
          "no-cache"
        ],
        "Date": [
          "Wed, 07 Nov 2018 13:33:55 GMT"
        ],
        "Server": [
          "Microsoft-HTTPAPI/2.0"
        ],
        "Content-Length": [
          "108"
        ],
        "Content-Type": [
          "application/json; charset=utf-8"
        ],
        "Expires": [
          "-1"
        ]
      },
      "ResponseBody": "{\r\n  \"name\": \"12cbce8f-d989-4892-911c-eea11d6fdf4a\",\r\n  \"status\": \"InProgress\",\r\n  \"startTime\": \"2018-11-07T13:32:55.723Z\"\r\n}",
      "StatusCode": 200
    },
    {
      "RequestUri": "/subscriptions/ee5ea899-0791-418f-9270-77cd8273794b/resourceGroups/ps5847/providers/Microsoft.Sql/locations/westcentralus/managedInstanceAzureAsyncOperation/12cbce8f-d989-4892-911c-eea11d6fdf4a?api-version=2015-05-01-preview",
      "EncodedRequestUri": "L3N1YnNjcmlwdGlvbnMvZWU1ZWE4OTktMDc5MS00MThmLTkyNzAtNzdjZDgyNzM3OTRiL3Jlc291cmNlR3JvdXBzL3BzNTg0Ny9wcm92aWRlcnMvTWljcm9zb2Z0LlNxbC9sb2NhdGlvbnMvd2VzdGNlbnRyYWx1cy9tYW5hZ2VkSW5zdGFuY2VBenVyZUFzeW5jT3BlcmF0aW9uLzEyY2JjZThmLWQ5ODktNDg5Mi05MTFjLWVlYTExZDZmZGY0YT9hcGktdmVyc2lvbj0yMDE1LTA1LTAxLXByZXZpZXc=",
      "RequestMethod": "GET",
      "RequestBody": "",
      "RequestHeaders": {
        "User-Agent": [
          "FxVersion/4.7.3163.0",
          "OSName/WindowsServer2012R2Datacenter",
          "OSVersion/6.3.9600",
          "Microsoft.Azure.Management.Sql.SqlManagementClient/1.18.0.0"
        ]
      },
      "ResponseHeaders": {
        "Pragma": [
          "no-cache"
        ],
        "Retry-After": [
          "60"
        ],
        "x-ms-request-id": [
          "6a75315b-37b1-4b66-9d1d-1b043c5ec20a"
        ],
        "x-ms-ratelimit-remaining-subscription-reads": [
          "11981"
        ],
        "x-ms-correlation-request-id": [
          "c13ad75d-a9da-4149-9c07-5074430b9ce7"
        ],
        "x-ms-routing-request-id": [
          "UKSOUTH2:20181107T133457Z:c13ad75d-a9da-4149-9c07-5074430b9ce7"
        ],
        "Strict-Transport-Security": [
          "max-age=31536000; includeSubDomains"
        ],
        "X-Content-Type-Options": [
          "nosniff"
        ],
        "Cache-Control": [
          "no-cache"
        ],
        "Date": [
          "Wed, 07 Nov 2018 13:34:56 GMT"
        ],
        "Server": [
          "Microsoft-HTTPAPI/2.0"
        ],
        "Content-Length": [
          "108"
        ],
        "Content-Type": [
          "application/json; charset=utf-8"
        ],
        "Expires": [
          "-1"
        ]
      },
      "ResponseBody": "{\r\n  \"name\": \"12cbce8f-d989-4892-911c-eea11d6fdf4a\",\r\n  \"status\": \"InProgress\",\r\n  \"startTime\": \"2018-11-07T13:32:55.723Z\"\r\n}",
      "StatusCode": 200
    },
    {
      "RequestUri": "/subscriptions/ee5ea899-0791-418f-9270-77cd8273794b/resourceGroups/ps5847/providers/Microsoft.Sql/locations/westcentralus/managedInstanceAzureAsyncOperation/12cbce8f-d989-4892-911c-eea11d6fdf4a?api-version=2015-05-01-preview",
      "EncodedRequestUri": "L3N1YnNjcmlwdGlvbnMvZWU1ZWE4OTktMDc5MS00MThmLTkyNzAtNzdjZDgyNzM3OTRiL3Jlc291cmNlR3JvdXBzL3BzNTg0Ny9wcm92aWRlcnMvTWljcm9zb2Z0LlNxbC9sb2NhdGlvbnMvd2VzdGNlbnRyYWx1cy9tYW5hZ2VkSW5zdGFuY2VBenVyZUFzeW5jT3BlcmF0aW9uLzEyY2JjZThmLWQ5ODktNDg5Mi05MTFjLWVlYTExZDZmZGY0YT9hcGktdmVyc2lvbj0yMDE1LTA1LTAxLXByZXZpZXc=",
      "RequestMethod": "GET",
      "RequestBody": "",
      "RequestHeaders": {
        "User-Agent": [
          "FxVersion/4.7.3163.0",
          "OSName/WindowsServer2012R2Datacenter",
          "OSVersion/6.3.9600",
          "Microsoft.Azure.Management.Sql.SqlManagementClient/1.18.0.0"
        ]
      },
      "ResponseHeaders": {
        "Pragma": [
          "no-cache"
        ],
        "Retry-After": [
          "60"
        ],
        "x-ms-request-id": [
          "da6109d3-539e-419d-b090-02f53c7f864f"
        ],
        "x-ms-ratelimit-remaining-subscription-reads": [
          "11980"
        ],
        "x-ms-correlation-request-id": [
          "e4cc759b-76b4-408e-b43c-7cab755ad54b"
        ],
        "x-ms-routing-request-id": [
          "UKSOUTH2:20181107T133557Z:e4cc759b-76b4-408e-b43c-7cab755ad54b"
        ],
        "Strict-Transport-Security": [
          "max-age=31536000; includeSubDomains"
        ],
        "X-Content-Type-Options": [
          "nosniff"
        ],
        "Cache-Control": [
          "no-cache"
        ],
        "Date": [
          "Wed, 07 Nov 2018 13:35:57 GMT"
        ],
        "Server": [
          "Microsoft-HTTPAPI/2.0"
        ],
        "Content-Length": [
          "107"
        ],
        "Content-Type": [
          "application/json; charset=utf-8"
        ],
        "Expires": [
          "-1"
        ]
      },
      "ResponseBody": "{\r\n  \"name\": \"12cbce8f-d989-4892-911c-eea11d6fdf4a\",\r\n  \"status\": \"Succeeded\",\r\n  \"startTime\": \"2018-11-07T13:32:55.723Z\"\r\n}",
      "StatusCode": 200
    },
    {
      "RequestUri": "/subscriptions/ee5ea899-0791-418f-9270-77cd8273794b/resourceGroups/ps6283/providers/Microsoft.Sql/managedInstances?api-version=2015-05-01-preview",
      "EncodedRequestUri": "L3N1YnNjcmlwdGlvbnMvZWU1ZWE4OTktMDc5MS00MThmLTkyNzAtNzdjZDgyNzM3OTRiL3Jlc291cmNlR3JvdXBzL3BzNjI4My9wcm92aWRlcnMvTWljcm9zb2Z0LlNxbC9tYW5hZ2VkSW5zdGFuY2VzP2FwaS12ZXJzaW9uPTIwMTUtMDUtMDEtcHJldmlldw==",
      "RequestMethod": "GET",
      "RequestBody": "",
      "RequestHeaders": {
        "x-ms-client-request-id": [
          "3857a436-af16-4067-a4bf-8d3ada5ee793"
        ],
        "accept-language": [
          "en-US"
        ],
        "User-Agent": [
          "FxVersion/4.7.3163.0",
          "OSName/WindowsServer2012R2Datacenter",
          "OSVersion/6.3.9600",
          "Microsoft.Azure.Management.Sql.SqlManagementClient/1.18.0.0"
        ]
      },
      "ResponseHeaders": {
        "Pragma": [
          "no-cache"
        ],
        "x-ms-request-id": [
          "e40f2349-5265-4b6d-9473-af50943f71c7"
        ],
        "x-ms-ratelimit-remaining-subscription-reads": [
          "11977"
        ],
        "x-ms-correlation-request-id": [
          "6b43c459-8810-48b2-9f64-322e1428b0d5"
        ],
        "x-ms-routing-request-id": [
          "UKSOUTH2:20181107T133558Z:6b43c459-8810-48b2-9f64-322e1428b0d5"
        ],
        "Strict-Transport-Security": [
          "max-age=31536000; includeSubDomains"
        ],
        "X-Content-Type-Options": [
          "nosniff"
        ],
        "Cache-Control": [
          "no-cache"
        ],
        "Date": [
          "Wed, 07 Nov 2018 13:35:57 GMT"
        ],
        "Server": [
          "Microsoft-HTTPAPI/2.0"
        ],
        "Content-Length": [
          "733"
        ],
        "Content-Type": [
          "application/json; charset=utf-8"
        ],
        "Expires": [
          "-1"
        ]
      },
      "ResponseBody": "{\r\n  \"value\": [\r\n    {\r\n      \"sku\": {\r\n        \"name\": \"GP_Gen4\",\r\n        \"tier\": \"GeneralPurpose\",\r\n        \"family\": \"Gen4\",\r\n        \"capacity\": 16\r\n      },\r\n      \"properties\": {\r\n        \"fullyQualifiedDomainName\": \"ps1738.wcus1620a4a77b113.database.windows.net\",\r\n        \"administratorLogin\": \"testusername\",\r\n        \"subnetId\": \"/subscriptions/ee5ea899-0791-418f-9270-77cd8273794b/resourceGroups/cl_one/providers/Microsoft.Network/virtualNetworks/cl_initial/subnets/CooL\",\r\n        \"state\": \"Ready\",\r\n        \"licenseType\": \"BasePrice\",\r\n        \"vCores\": 16,\r\n        \"storageSizeInGB\": 32,\r\n        \"collation\": \"SQL_Latin1_General_CP1_CI_AS\",\r\n        \"dnsZone\": \"wcus1620a4a77b113\"\r\n      },\r\n      \"location\": \"westcentralus\",\r\n      \"id\": \"/subscriptions/ee5ea899-0791-418f-9270-77cd8273794b/resourceGroups/ps6283/providers/Microsoft.Sql/managedInstances/ps1738\",\r\n      \"name\": \"ps1738\",\r\n      \"type\": \"Microsoft.Sql/managedInstances\"\r\n    }\r\n  ]\r\n}",
      "StatusCode": 200
    },
    {
      "RequestUri": "/subscriptions/ee5ea899-0791-418f-9270-77cd8273794b/providers/Microsoft.Sql/managedInstances?api-version=2015-05-01-preview",
      "EncodedRequestUri": "L3N1YnNjcmlwdGlvbnMvZWU1ZWE4OTktMDc5MS00MThmLTkyNzAtNzdjZDgyNzM3OTRiL3Byb3ZpZGVycy9NaWNyb3NvZnQuU3FsL21hbmFnZWRJbnN0YW5jZXM/YXBpLXZlcnNpb249MjAxNS0wNS0wMS1wcmV2aWV3",
      "RequestMethod": "GET",
      "RequestBody": "",
      "RequestHeaders": {
        "x-ms-client-request-id": [
          "a5ead9ca-da39-4a33-ad2e-9d0bd7f33f52"
        ],
        "accept-language": [
          "en-US"
        ],
        "User-Agent": [
          "FxVersion/4.7.3163.0",
          "OSName/WindowsServer2012R2Datacenter",
          "OSVersion/6.3.9600",
          "Microsoft.Azure.Management.Sql.SqlManagementClient/1.18.0.0"
        ]
      },
      "ResponseHeaders": {
        "Pragma": [
          "no-cache"
        ],
        "x-ms-original-request-ids": [
          "69d4c775-d06c-4deb-bde5-412f7cf89eef",
          "a62db22b-f03e-4444-bae3-e9f4dbaccba8",
          "edf8906a-76e7-4859-8a68-5f27e9af062c",
          "b9e2386a-79fc-419f-99b5-c7ac57b8ed0b"
        ],
        "x-ms-ratelimit-remaining-subscription-reads": [
          "11976"
        ],
        "x-ms-request-id": [
          "f0b7aa5b-3275-4482-9211-a00f0c072106"
        ],
        "x-ms-correlation-request-id": [
          "f0b7aa5b-3275-4482-9211-a00f0c072106"
        ],
        "x-ms-routing-request-id": [
          "UKSOUTH2:20181107T133558Z:f0b7aa5b-3275-4482-9211-a00f0c072106"
        ],
        "Strict-Transport-Security": [
          "max-age=31536000; includeSubDomains"
        ],
        "X-Content-Type-Options": [
          "nosniff"
        ],
        "Cache-Control": [
          "no-cache"
        ],
        "Date": [
          "Wed, 07 Nov 2018 13:35:58 GMT"
        ],
        "Content-Length": [
          "41585"
        ],
        "Content-Type": [
          "application/json; charset=utf-8"
        ],
        "Expires": [
          "-1"
        ]
      },
      "ResponseBody": "{\r\n  \"value\": [\r\n    {\r\n      \"identity\": {\r\n        \"principalId\": \"5530da52-c01f-4d3d-b8fa-288ede4cf8cc\",\r\n        \"type\": \"SystemAssigned\",\r\n        \"tenantId\": \"0c1edf5d-e5c5-4aca-ab69-ef194134f44b\"\r\n      },\r\n      \"sku\": {\r\n        \"name\": \"GP_Gen4\",\r\n        \"tier\": \"GeneralPurpose\",\r\n        \"family\": \"Gen4\",\r\n        \"capacity\": 8\r\n      },\r\n      \"properties\": {\r\n        \"fullyQualifiedDomainName\": \"sqlmip2s2.eus10591ea51e31a.database.windows.net\",\r\n        \"administratorLogin\": \"cloudSA\",\r\n        \"subnetId\": \"/subscriptions/ee5ea899-0791-418f-9270-77cd8273794b/resourceGroups/sqlmip2s2/providers/Microsoft.Network/virtualNetworks/SQLMI-VNET/subnets/ManagedInstance\",\r\n        \"state\": \"Ready\",\r\n        \"licenseType\": \"LicenseIncluded\",\r\n        \"vCores\": 8,\r\n        \"storageSizeInGB\": 256,\r\n        \"collation\": \"SQL_Latin1_General_CP1_CI_AS\"\r\n      },\r\n      \"location\": \"eastus\",\r\n      \"id\": \"/subscriptions/ee5ea899-0791-418f-9270-77cd8273794b/resourceGroups/sqlmip2s2/providers/Microsoft.Sql/managedInstances/sqlmip2s2\",\r\n      \"name\": \"sqlmip2s2\",\r\n      \"type\": \"Microsoft.Sql/managedInstances\"\r\n    },\r\n    {\r\n      \"identity\": {\r\n        \"principalId\": \"6a061a52-1745-4c10-8964-b59632ba0850\",\r\n        \"type\": \"SystemAssigned\",\r\n        \"tenantId\": \"0c1edf5d-e5c5-4aca-ab69-ef194134f44b\"\r\n      },\r\n      \"sku\": {\r\n        \"name\": \"GP_Gen4\",\r\n        \"tier\": \"GeneralPurpose\",\r\n        \"family\": \"Gen4\",\r\n        \"capacity\": 8\r\n      },\r\n      \"properties\": {\r\n        \"fullyQualifiedDomainName\": \"sqlmi-chegar-hill.wcus17662feb9ce98.database.windows.net\",\r\n        \"administratorLogin\": \"cloudsa\",\r\n        \"subnetId\": \"/subscriptions/ee5ea899-0791-418f-9270-77cd8273794b/resourceGroups/cl_pilot/providers/Microsoft.Network/virtualNetworks/cl_pilot/subnets/CLean\",\r\n        \"state\": \"Ready\",\r\n        \"licenseType\": \"LicenseIncluded\",\r\n        \"vCores\": 8,\r\n        \"storageSizeInGB\": 8192,\r\n        \"collation\": \"SQL_Latin1_General_CP1_CI_AS\"\r\n      },\r\n      \"location\": \"westcentralus\",\r\n      \"id\": \"/subscriptions/ee5ea899-0791-418f-9270-77cd8273794b/resourceGroups/Managed-Instances/providers/Microsoft.Sql/managedInstances/sqlmi-chegar-hill\",\r\n      \"name\": \"sqlmi-chegar-hill\",\r\n      \"type\": \"Microsoft.Sql/managedInstances\"\r\n    },\r\n    {\r\n      \"identity\": {\r\n        \"principalId\": \"dd00f110-39ba-404d-9d9c-4b1ab588d897\",\r\n        \"type\": \"SystemAssigned\",\r\n        \"tenantId\": \"0c1edf5d-e5c5-4aca-ab69-ef194134f44b\"\r\n      },\r\n      \"sku\": {\r\n        \"name\": \"BC_Gen4\",\r\n        \"tier\": \"BusinessCritical\",\r\n        \"family\": \"Gen4\",\r\n        \"capacity\": 24\r\n      },\r\n      \"properties\": {\r\n        \"fullyQualifiedDomainName\": \"sqlmi-msfeb18-sindjelic-bc-00.wcus17662feb9ce98.database.windows.net\",\r\n        \"administratorLogin\": \"cloudSA\",\r\n        \"subnetId\": \"/subscriptions/ee5ea899-0791-418f-9270-77cd8273794b/resourceGroups/cl_pilot/providers/Microsoft.Network/virtualNetworks/cl_pilot/subnets/CLean\",\r\n        \"state\": \"Ready\",\r\n        \"licenseType\": \"BasePrice\",\r\n        \"vCores\": 24,\r\n        \"storageSizeInGB\": 480,\r\n        \"collation\": \"SQL_Latin1_General_CP1_CI_AS\"\r\n      },\r\n      \"location\": \"westcentralus\",\r\n      \"id\": \"/subscriptions/ee5ea899-0791-418f-9270-77cd8273794b/resourceGroups/cl_pilot/providers/Microsoft.Sql/managedInstances/sqlmi-msfeb18-sindjelic-bc-00\",\r\n      \"name\": \"sqlmi-msfeb18-sindjelic-bc-00\",\r\n      \"type\": \"Microsoft.Sql/managedInstances\"\r\n    },\r\n    {\r\n      \"identity\": {\r\n        \"principalId\": \"73bca0cd-2811-442b-957a-6381614db17c\",\r\n        \"type\": \"SystemAssigned\",\r\n        \"tenantId\": \"0c1edf5d-e5c5-4aca-ab69-ef194134f44b\"\r\n      },\r\n      \"sku\": {\r\n        \"name\": \"GP_Gen4\",\r\n        \"tier\": \"GeneralPurpose\",\r\n        \"family\": \"Gen4\",\r\n        \"capacity\": 24\r\n      },\r\n      \"properties\": {\r\n        \"fullyQualifiedDomainName\": \"milevamaric-gp-pilot-000.wcus17662feb9ce98.database.windows.net\",\r\n        \"administratorLogin\": \"milevasa\",\r\n        \"subnetId\": \"/subscriptions/ee5ea899-0791-418f-9270-77cd8273794b/resourceGroups/cl_pilot/providers/Microsoft.Network/virtualNetworks/cl_pilot/subnets/CLean\",\r\n        \"state\": \"Ready\",\r\n        \"licenseType\": \"LicenseIncluded\",\r\n        \"vCores\": 24,\r\n        \"storageSizeInGB\": 160,\r\n        \"collation\": \"SQL_Latin1_General_CP1_CI_AS\"\r\n      },\r\n      \"location\": \"westcentralus\",\r\n      \"id\": \"/subscriptions/ee5ea899-0791-418f-9270-77cd8273794b/resourceGroups/cl_pilot/providers/Microsoft.Sql/managedInstances/milevamaric-gp-pilot-000\",\r\n      \"name\": \"milevamaric-gp-pilot-000\",\r\n      \"type\": \"Microsoft.Sql/managedInstances\"\r\n    },\r\n    {\r\n      \"sku\": {\r\n        \"name\": \"BC_Gen4\",\r\n        \"tier\": \"BusinessCritical\",\r\n        \"family\": \"Gen4\",\r\n        \"capacity\": 8\r\n      },\r\n      \"properties\": {\r\n        \"fullyQualifiedDomainName\": \"ivanmestrovic-bc-pilot-1.wcus17662feb9ce98.database.windows.net\",\r\n        \"administratorLogin\": \"cloudSA\",\r\n        \"subnetId\": \"/subscriptions/ee5ea899-0791-418f-9270-77cd8273794b/resourceGroups/cl_pilot/providers/Microsoft.Network/virtualNetworks/cl_pilot/subnets/CLean\",\r\n        \"state\": \"Ready\",\r\n        \"licenseType\": \"LicenseIncluded\",\r\n        \"vCores\": 8,\r\n        \"storageSizeInGB\": 512,\r\n        \"collation\": \"SQL_Latin1_General_CP1_CI_AS\"\r\n      },\r\n      \"location\": \"westcentralus\",\r\n      \"id\": \"/subscriptions/ee5ea899-0791-418f-9270-77cd8273794b/resourceGroups/cl_pilot/providers/Microsoft.Sql/managedInstances/ivanmestrovic-bc-pilot-1\",\r\n      \"name\": \"ivanmestrovic-bc-pilot-1\",\r\n      \"type\": \"Microsoft.Sql/managedInstances\"\r\n    },\r\n    {\r\n      \"identity\": {\r\n        \"principalId\": \"39591366-1fbb-4aed-b3be-ec9324460917\",\r\n        \"type\": \"SystemAssigned\",\r\n        \"tenantId\": \"0c1edf5d-e5c5-4aca-ab69-ef194134f44b\"\r\n      },\r\n      \"sku\": {\r\n        \"name\": \"GP_Gen4\",\r\n        \"tier\": \"GeneralPurpose\",\r\n        \"family\": \"Gen4\",\r\n        \"capacity\": 16\r\n      },\r\n      \"properties\": {\r\n        \"fullyQualifiedDomainName\": \"portaltest2.wcus1672beeff45bd.database.windows.net\",\r\n        \"administratorLogin\": \"cloudSA\",\r\n        \"subnetId\": \"/subscriptions/ee5ea899-0791-418f-9270-77cd8273794b/resourceGroups/aad_net_test/providers/Microsoft.Network/virtualNetworks/vnet-portaltest2/subnets/ManagedInstance\",\r\n        \"state\": \"Ready\",\r\n        \"licenseType\": \"LicenseIncluded\",\r\n        \"vCores\": 16,\r\n        \"storageSizeInGB\": 32,\r\n        \"collation\": \"SQL_Latin1_General_CP1_CI_AS\"\r\n      },\r\n      \"location\": \"westcentralus\",\r\n      \"id\": \"/subscriptions/ee5ea899-0791-418f-9270-77cd8273794b/resourceGroups/aad_net_test/providers/Microsoft.Sql/managedInstances/portaltest2\",\r\n      \"name\": \"portaltest2\",\r\n      \"type\": \"Microsoft.Sql/managedInstances\"\r\n    },\r\n    {\r\n      \"sku\": {\r\n        \"name\": \"GP_Gen4\",\r\n        \"tier\": \"GeneralPurpose\",\r\n        \"family\": \"Gen4\",\r\n        \"capacity\": 16\r\n      },\r\n      \"properties\": {\r\n        \"fullyQualifiedDomainName\": \"ps1738.wcus1620a4a77b113.database.windows.net\",\r\n        \"administratorLogin\": \"testusername\",\r\n        \"subnetId\": \"/subscriptions/ee5ea899-0791-418f-9270-77cd8273794b/resourceGroups/cl_one/providers/Microsoft.Network/virtualNetworks/cl_initial/subnets/CooL\",\r\n        \"state\": \"Ready\",\r\n        \"licenseType\": \"BasePrice\",\r\n        \"vCores\": 16,\r\n        \"storageSizeInGB\": 32,\r\n        \"collation\": \"SQL_Latin1_General_CP1_CI_AS\",\r\n        \"dnsZone\": \"wcus1620a4a77b113\"\r\n      },\r\n      \"location\": \"westcentralus\",\r\n      \"id\": \"/subscriptions/ee5ea899-0791-418f-9270-77cd8273794b/resourceGroups/ps6283/providers/Microsoft.Sql/managedInstances/ps1738\",\r\n      \"name\": \"ps1738\",\r\n      \"type\": \"Microsoft.Sql/managedInstances\"\r\n    },\r\n    {\r\n      \"identity\": {\r\n        \"principalId\": \"1db8747f-0487-4d21-a5eb-74594320ad0e\",\r\n        \"type\": \"SystemAssigned\",\r\n        \"tenantId\": \"0c1edf5d-e5c5-4aca-ab69-ef194134f44b\"\r\n      },\r\n      \"sku\": {\r\n        \"name\": \"GP_Gen4\",\r\n        \"tier\": \"GeneralPurpose\",\r\n        \"family\": \"Gen4\",\r\n        \"capacity\": 8\r\n      },\r\n      \"properties\": {\r\n        \"fullyQualifiedDomainName\": \"clperftestin02.wcus10d832431fca2.database.windows.net\",\r\n        \"administratorLogin\": \"clperf\",\r\n        \"subnetId\": \"/subscriptions/ee5ea899-0791-418f-9270-77cd8273794b/resourceGroups/clperfrg/providers/Microsoft.Network/virtualNetworks/clperfvnet/subnets/misubnet\",\r\n        \"state\": \"Ready\",\r\n        \"licenseType\": \"BasePrice\",\r\n        \"vCores\": 8,\r\n        \"storageSizeInGB\": 4096,\r\n        \"collation\": \"SQL_Latin1_General_CP1_CI_AS\"\r\n      },\r\n      \"location\": \"westcentralus\",\r\n      \"id\": \"/subscriptions/ee5ea899-0791-418f-9270-77cd8273794b/resourceGroups/clperfrg/providers/Microsoft.Sql/managedInstances/clperftestin02\",\r\n      \"name\": \"clperftestin02\",\r\n      \"type\": \"Microsoft.Sql/managedInstances\"\r\n    },\r\n    {\r\n      \"identity\": {\r\n        \"principalId\": \"8d28bfb6-e62d-4e1f-b41b-04d5683f26c6\",\r\n        \"type\": \"SystemAssigned\",\r\n        \"tenantId\": \"0c1edf5d-e5c5-4aca-ab69-ef194134f44b\"\r\n      },\r\n      \"sku\": {\r\n        \"name\": \"BC_Gen4\",\r\n        \"tier\": \"BusinessCritical\",\r\n        \"family\": \"Gen4\",\r\n        \"capacity\": 8\r\n      },\r\n      \"properties\": {\r\n        \"fullyQualifiedDomainName\": \"mpupin-noharm-bc0001.wcus17662feb9ce98.database.windows.net\",\r\n        \"administratorLogin\": \"cloudpupin\",\r\n        \"subnetId\": \"/subscriptions/ee5ea899-0791-418f-9270-77cd8273794b/resourceGroups/cl_pilot/providers/Microsoft.Network/virtualNetworks/cl_pilot/subnets/CLean\",\r\n        \"state\": \"Ready\",\r\n        \"licenseType\": \"LicenseIncluded\",\r\n        \"vCores\": 8,\r\n        \"storageSizeInGB\": 928,\r\n        \"collation\": \"SQL_Latin1_General_CP1_CI_AS\"\r\n      },\r\n      \"location\": \"westcentralus\",\r\n      \"id\": \"/subscriptions/ee5ea899-0791-418f-9270-77cd8273794b/resourceGroups/cl_test/providers/Microsoft.Sql/managedInstances/mpupin-noharm-bc0001\",\r\n      \"name\": \"mpupin-noharm-bc0001\",\r\n      \"type\": \"Microsoft.Sql/managedInstances\"\r\n    },\r\n    {\r\n      \"sku\": {\r\n        \"name\": \"BC_Gen4\",\r\n        \"tier\": \"BusinessCritical\",\r\n        \"family\": \"Gen4\",\r\n        \"capacity\": 8\r\n      },\r\n      \"properties\": {\r\n        \"fullyQualifiedDomainName\": \"milevamaric-bc-pilot-000.wcus17662feb9ce98.database.windows.net\",\r\n        \"administratorLogin\": \"milevasa\",\r\n        \"subnetId\": \"/subscriptions/ee5ea899-0791-418f-9270-77cd8273794b/resourceGroups/cl_pilot/providers/Microsoft.Network/virtualNetworks/cl_pilot/subnets/CLean\",\r\n        \"state\": \"Ready\",\r\n        \"licenseType\": \"BasePrice\",\r\n        \"vCores\": 8,\r\n        \"storageSizeInGB\": 704,\r\n        \"collation\": \"SQL_Latin1_General_CP1_CI_AS\"\r\n      },\r\n      \"location\": \"westcentralus\",\r\n      \"id\": \"/subscriptions/ee5ea899-0791-418f-9270-77cd8273794b/resourceGroups/cl_pilot/providers/Microsoft.Sql/managedInstances/milevamaric-bc-pilot-000\",\r\n      \"name\": \"milevamaric-bc-pilot-000\",\r\n      \"type\": \"Microsoft.Sql/managedInstances\"\r\n    },\r\n    {\r\n      \"identity\": {\r\n        \"principalId\": \"7438c2a8-3ab3-4294-a8ce-23188f2f94ea\",\r\n        \"type\": \"SystemAssigned\",\r\n        \"tenantId\": \"0c1edf5d-e5c5-4aca-ab69-ef194134f44b\"\r\n      },\r\n      \"sku\": {\r\n        \"name\": \"BC_Gen4\",\r\n        \"tier\": \"BusinessCritical\",\r\n        \"family\": \"Gen4\",\r\n        \"capacity\": 8\r\n      },\r\n      \"properties\": {\r\n        \"fullyQualifiedDomainName\": \"milanrakic-bc-000.wcus17662feb9ce98.database.windows.net\",\r\n        \"administratorLogin\": \"cloudSA\",\r\n        \"subnetId\": \"/subscriptions/ee5ea899-0791-418f-9270-77cd8273794b/resourceGroups/cl_pilot/providers/Microsoft.Network/virtualNetworks/cl_pilot/subnets/CLean\",\r\n        \"state\": \"Ready\",\r\n        \"licenseType\": \"LicenseIncluded\",\r\n        \"vCores\": 8,\r\n        \"storageSizeInGB\": 896,\r\n        \"collation\": \"SQL_Latin1_General_CP1_CI_AS\"\r\n      },\r\n      \"location\": \"westcentralus\",\r\n      \"id\": \"/subscriptions/ee5ea899-0791-418f-9270-77cd8273794b/resourceGroups/cl_pilot/providers/Microsoft.Sql/managedInstances/milanrakic-bc-000\",\r\n      \"name\": \"milanrakic-bc-000\",\r\n      \"type\": \"Microsoft.Sql/managedInstances\"\r\n    },\r\n    {\r\n      \"identity\": {\r\n        \"principalId\": \"28ecd776-ec43-459a-9c9d-c95be3f58a29\",\r\n        \"type\": \"SystemAssigned\",\r\n        \"tenantId\": \"0c1edf5d-e5c5-4aca-ab69-ef194134f44b\"\r\n      },\r\n      \"sku\": {\r\n        \"name\": \"BC_Gen4\",\r\n        \"tier\": \"BusinessCritical\",\r\n        \"family\": \"Gen4\",\r\n        \"capacity\": 8\r\n      },\r\n      \"properties\": {\r\n        \"fullyQualifiedDomainName\": \"mestrovicportaltest-bc.wcus1620a4a77b113.database.windows.net\",\r\n        \"administratorLogin\": \"cloudSA\",\r\n        \"subnetId\": \"/subscriptions/ee5ea899-0791-418f-9270-77cd8273794b/resourceGroups/cl_one/providers/Microsoft.Network/virtualNetworks/cl_initial/subnets/CooL\",\r\n        \"state\": \"Ready\",\r\n        \"licenseType\": \"LicenseIncluded\",\r\n        \"vCores\": 8,\r\n        \"storageSizeInGB\": 32,\r\n        \"collation\": \"SQL_Latin1_General_CP1_CI_AS\",\r\n        \"dnsZone\": \"wcus1620a4a77b113\"\r\n      },\r\n      \"location\": \"westcentralus\",\r\n      \"id\": \"/subscriptions/ee5ea899-0791-418f-9270-77cd8273794b/resourceGroups/cl_pilot/providers/Microsoft.Sql/managedInstances/mestrovicportaltest-bc\",\r\n      \"name\": \"mestrovicportaltest-bc\",\r\n      \"type\": \"Microsoft.Sql/managedInstances\"\r\n    },\r\n    {\r\n      \"identity\": {\r\n        \"principalId\": \"21beba27-ebd5-4fd9-b3e7-f5cf33fdb7d7\",\r\n        \"type\": \"SystemAssigned\",\r\n        \"tenantId\": \"0c1edf5d-e5c5-4aca-ab69-ef194134f44b\"\r\n      },\r\n      \"sku\": {\r\n        \"name\": \"GP_Gen4\",\r\n        \"tier\": \"GeneralPurpose\",\r\n        \"family\": \"Gen4\",\r\n        \"capacity\": 8\r\n      },\r\n      \"properties\": {\r\n        \"fullyQualifiedDomainName\": \"jovanpop-gen4-pocetnik-02.wcus1e98bdfc13b43.database.windows.net\",\r\n        \"administratorLogin\": \"cloudSA\",\r\n        \"subnetId\": \"/subscriptions/ee5ea899-0791-418f-9270-77cd8273794b/resourceGroups/JovanPop-Temp_Test-Brisi/providers/Microsoft.Network/virtualNetworks/MyNewVNet/subnets/ManagedInstances\",\r\n        \"state\": \"Ready\",\r\n        \"licenseType\": \"LicenseIncluded\",\r\n        \"vCores\": 8,\r\n        \"storageSizeInGB\": 256,\r\n        \"collation\": \"SQL_Latin1_General_CP1_CI_AS\"\r\n      },\r\n      \"location\": \"westcentralus\",\r\n      \"tags\": {\r\n        \"Owner\": \"JovanPop\",\r\n        \"Purpose\": \"Testing custom instance collation\",\r\n        \"collation\": \"Serbian_Cyrillic_100_CI_AS\"\r\n      },\r\n      \"id\": \"/subscriptions/ee5ea899-0791-418f-9270-77cd8273794b/resourceGroups/rg_jovanpop_mpdc/providers/Microsoft.Sql/managedInstances/jovanpop-gen4-pocetnik-02\",\r\n      \"name\": \"jovanpop-gen4-pocetnik-02\",\r\n      \"type\": \"Microsoft.Sql/managedInstances\"\r\n    },\r\n    {\r\n      \"identity\": {\r\n        \"principalId\": \"a428a95b-856c-4545-a55a-259da2627d53\",\r\n        \"type\": \"SystemAssigned\",\r\n        \"tenantId\": \"0c1edf5d-e5c5-4aca-ab69-ef194134f44b\"\r\n      },\r\n      \"sku\": {\r\n        \"name\": \"BC_Gen4\",\r\n        \"tier\": \"BusinessCritical\",\r\n        \"family\": \"Gen4\",\r\n        \"capacity\": 16\r\n      },\r\n      \"properties\": {\r\n        \"fullyQualifiedDomainName\": \"jovanpop-slo-bc.wcus1b35be062ffe6.database.windows.net\",\r\n        \"administratorLogin\": \"cloudsa\",\r\n        \"subnetId\": \"/subscriptions/ee5ea899-0791-418f-9270-77cd8273794b/resourceGroups/cl_pilot/providers/Microsoft.Network/virtualNetworks/cl_pilot/subnets/mi-jovanpop\",\r\n        \"state\": \"Ready\",\r\n        \"licenseType\": \"BasePrice\",\r\n        \"vCores\": 16,\r\n        \"storageSizeInGB\": 864,\r\n        \"collation\": \"SQL_Latin1_General_CP1_CI_AS\"\r\n      },\r\n      \"location\": \"westcentralus\",\r\n      \"id\": \"/subscriptions/ee5ea899-0791-418f-9270-77cd8273794b/resourceGroups/cl_pilot/providers/Microsoft.Sql/managedInstances/jovanpop-slo-bc\",\r\n      \"name\": \"jovanpop-slo-bc\",\r\n      \"type\": \"Microsoft.Sql/managedInstances\"\r\n    },\r\n    {\r\n      \"sku\": {\r\n        \"name\": \"BC_Gen4\",\r\n        \"tier\": \"BusinessCritical\",\r\n        \"family\": \"Gen4\",\r\n        \"capacity\": 8\r\n      },\r\n      \"properties\": {\r\n        \"fullyQualifiedDomainName\": \"jovanpop-mpdc-10-bc-g4.wcus1e98bdfc13b43.database.windows.net\",\r\n        \"administratorLogin\": \"cloudSa\",\r\n        \"subnetId\": \"/subscriptions/ee5ea899-0791-418f-9270-77cd8273794b/resourceGroups/JovanPop-Temp_Test-Brisi/providers/Microsoft.Network/virtualNetworks/MyNewVNet/subnets/ManagedInstances\",\r\n        \"state\": \"Ready\",\r\n        \"licenseType\": \"LicenseIncluded\",\r\n        \"vCores\": 8,\r\n        \"storageSizeInGB\": 1024,\r\n        \"collation\": \"SQL_Latin1_General_CP1_CI_AS\"\r\n      },\r\n      \"location\": \"westcentralus\",\r\n      \"id\": \"/subscriptions/ee5ea899-0791-418f-9270-77cd8273794b/resourceGroups/rg_jovanpop_mpdc/providers/Microsoft.Sql/managedInstances/jovanpop-mpdc-10-bc-g4\",\r\n      \"name\": \"jovanpop-mpdc-10-bc-g4\",\r\n      \"type\": \"Microsoft.Sql/managedInstances\"\r\n    },\r\n    {\r\n      \"identity\": {\r\n        \"principalId\": \"4beef258-93b5-4ea2-adde-492d47ef559e\",\r\n        \"type\": \"SystemAssigned\",\r\n        \"tenantId\": \"0c1edf5d-e5c5-4aca-ab69-ef194134f44b\"\r\n      },\r\n      \"sku\": {\r\n        \"name\": \"GP_Gen4\",\r\n        \"tier\": \"GeneralPurpose\",\r\n        \"family\": \"Gen4\",\r\n        \"capacity\": 8\r\n      },\r\n      \"properties\": {\r\n        \"fullyQualifiedDomainName\": \"jovanpop-gen4-serbian-collation-03-pilot.wcus17662feb9ce98.database.windows.net\",\r\n        \"administratorLogin\": \"cloudSA\",\r\n        \"subnetId\": \"/subscriptions/ee5ea899-0791-418f-9270-77cd8273794b/resourceGroups/cl_pilot/providers/Microsoft.Network/virtualNetworks/cl_pilot/subnets/CLean\",\r\n        \"state\": \"Ready\",\r\n        \"licenseType\": \"LicenseIncluded\",\r\n        \"vCores\": 8,\r\n        \"storageSizeInGB\": 256,\r\n        \"collation\": \"Serbian_Cyrillic_100_CS_AS\"\r\n      },\r\n      \"location\": \"westcentralus\",\r\n      \"tags\": {\r\n        \"Owner\": \"JovanPop\",\r\n        \"Purpose\": \"Testing custom instance collation\",\r\n        \"collation\": \"Serbian_Cyrillic_100_CS_AS\"\r\n      },\r\n      \"id\": \"/subscriptions/ee5ea899-0791-418f-9270-77cd8273794b/resourceGroups/cl_pilot/providers/Microsoft.Sql/managedInstances/jovanpop-gen4-serbian-collation-03-pilot\",\r\n      \"name\": \"jovanpop-gen4-serbian-collation-03-pilot\",\r\n      \"type\": \"Microsoft.Sql/managedInstances\"\r\n    },\r\n    {\r\n      \"identity\": {\r\n        \"principalId\": \"236ca358-a5ca-48ed-9642-f532591ead1e\",\r\n        \"type\": \"SystemAssigned\",\r\n        \"tenantId\": \"0c1edf5d-e5c5-4aca-ab69-ef194134f44b\"\r\n      },\r\n      \"sku\": {\r\n        \"name\": \"GP_Gen4\",\r\n        \"tier\": \"GeneralPurpose\",\r\n        \"family\": \"Gen4\",\r\n        \"capacity\": 16\r\n      },\r\n      \"properties\": {\r\n        \"fullyQualifiedDomainName\": \"milanrakic-gp-000.wcus17662feb9ce98.database.windows.net\",\r\n        \"administratorLogin\": \"cloudSA\",\r\n        \"subnetId\": \"/subscriptions/ee5ea899-0791-418f-9270-77cd8273794b/resourceGroups/cl_pilot/providers/Microsoft.Network/virtualNetworks/cl_pilot/subnets/CLean\",\r\n        \"state\": \"Ready\",\r\n        \"licenseType\": \"LicenseIncluded\",\r\n        \"vCores\": 16,\r\n        \"storageSizeInGB\": 1472,\r\n        \"collation\": \"SQL_Latin1_General_CP1_CI_AS\"\r\n      },\r\n      \"location\": \"westcentralus\",\r\n      \"id\": \"/subscriptions/ee5ea899-0791-418f-9270-77cd8273794b/resourceGroups/cl_pilot/providers/Microsoft.Sql/managedInstances/milanrakic-gp-000\",\r\n      \"name\": \"milanrakic-gp-000\",\r\n      \"type\": \"Microsoft.Sql/managedInstances\"\r\n    },\r\n    {\r\n      \"identity\": {\r\n        \"principalId\": \"469b64db-66d0-4fae-b52f-6b6aab8611e7\",\r\n        \"type\": \"SystemAssigned\",\r\n        \"tenantId\": \"0c1edf5d-e5c5-4aca-ab69-ef194134f44b\"\r\n      },\r\n      \"sku\": {\r\n        \"name\": \"GP_Gen4\",\r\n        \"tier\": \"GeneralPurpose\",\r\n        \"family\": \"Gen4\",\r\n        \"capacity\": 8\r\n      },\r\n      \"properties\": {\r\n        \"fullyQualifiedDomainName\": \"jovanpop-gen4-pocetnik-03.wcus1e98bdfc13b43.database.windows.net\",\r\n        \"administratorLogin\": \"cloudSA\",\r\n        \"subnetId\": \"/subscriptions/ee5ea899-0791-418f-9270-77cd8273794b/resourceGroups/JovanPop-Temp_Test-Brisi/providers/Microsoft.Network/virtualNetworks/MyNewVNet/subnets/ManagedInstances\",\r\n        \"state\": \"Ready\",\r\n        \"licenseType\": \"LicenseIncluded\",\r\n        \"vCores\": 8,\r\n        \"storageSizeInGB\": 256,\r\n        \"collation\": \"Serbian_Cyrillic_100_CI_AS\"\r\n      },\r\n      \"location\": \"westcentralus\",\r\n      \"tags\": {\r\n        \"Owner\": \"JovanPop\",\r\n        \"Purpose\": \"Testing custom instance collation\",\r\n        \"collation\": \"Serbian_Cyrillic_100_CI_AS\"\r\n      },\r\n      \"id\": \"/subscriptions/ee5ea899-0791-418f-9270-77cd8273794b/resourceGroups/rg_jovanpop_mpdc/providers/Microsoft.Sql/managedInstances/jovanpop-gen4-pocetnik-03\",\r\n      \"name\": \"jovanpop-gen4-pocetnik-03\",\r\n      \"type\": \"Microsoft.Sql/managedInstances\"\r\n    },\r\n    {\r\n      \"identity\": {\r\n        \"principalId\": \"8ea1ef3d-c03e-45ad-8615-ccb752d9ac97\",\r\n        \"type\": \"SystemAssigned\",\r\n        \"tenantId\": \"0c1edf5d-e5c5-4aca-ab69-ef194134f44b\"\r\n      },\r\n      \"sku\": {\r\n        \"name\": \"GP_Gen4\",\r\n        \"tier\": \"GeneralPurpose\",\r\n        \"family\": \"Gen4\",\r\n        \"capacity\": 16\r\n      },\r\n      \"properties\": {\r\n        \"fullyQualifiedDomainName\": \"clperftesting01.wcus10d832431fca2.database.windows.net\",\r\n        \"administratorLogin\": \"clperf\",\r\n        \"subnetId\": \"/subscriptions/ee5ea899-0791-418f-9270-77cd8273794b/resourceGroups/clperfrg/providers/Microsoft.Network/virtualNetworks/clperfvnet/subnets/misubnet\",\r\n        \"state\": \"Ready\",\r\n        \"licenseType\": \"LicenseIncluded\",\r\n        \"vCores\": 16,\r\n        \"storageSizeInGB\": 4096,\r\n        \"collation\": \"SQL_Latin1_General_CP1_CI_AS\"\r\n      },\r\n      \"location\": \"westcentralus\",\r\n      \"id\": \"/subscriptions/ee5ea899-0791-418f-9270-77cd8273794b/resourceGroups/clperfrg/providers/Microsoft.Sql/managedInstances/clperftesting01\",\r\n      \"name\": \"clperftesting01\",\r\n      \"type\": \"Microsoft.Sql/managedInstances\"\r\n    },\r\n    {\r\n      \"identity\": {\r\n        \"principalId\": \"a2036a61-f70d-4642-831a-ee9e7fb14102\",\r\n        \"type\": \"SystemAssigned\",\r\n        \"tenantId\": \"0c1edf5d-e5c5-4aca-ab69-ef194134f44b\"\r\n      },\r\n      \"sku\": {\r\n        \"name\": \"GP_Gen4\",\r\n        \"tier\": \"GeneralPurpose\",\r\n        \"family\": \"Gen4\",\r\n        \"capacity\": 8\r\n      },\r\n      \"properties\": {\r\n        \"fullyQualifiedDomainName\": \"milevamaric-ga-lightup-gp-100.wcus17662feb9ce98.database.windows.net\",\r\n        \"administratorLogin\": \"milevasa\",\r\n        \"subnetId\": \"/subscriptions/ee5ea899-0791-418f-9270-77cd8273794b/resourceGroups/cl_pilot/providers/Microsoft.Network/virtualNetworks/cl_pilot/subnets/CLean\",\r\n        \"state\": \"Ready\",\r\n        \"licenseType\": \"LicenseIncluded\",\r\n        \"vCores\": 8,\r\n        \"storageSizeInGB\": 3040,\r\n        \"collation\": \"SQL_Latin1_General_CP1_CI_AS\"\r\n      },\r\n      \"location\": \"westcentralus\",\r\n      \"id\": \"/subscriptions/ee5ea899-0791-418f-9270-77cd8273794b/resourceGroups/cl_pilot/providers/Microsoft.Sql/managedInstances/milevamaric-ga-lightup-gp-100\",\r\n      \"name\": \"milevamaric-ga-lightup-gp-100\",\r\n      \"type\": \"Microsoft.Sql/managedInstances\"\r\n    },\r\n    {\r\n      \"identity\": {\r\n        \"principalId\": \"667a0fb7-fbec-4d12-b700-4c6665dcbc44\",\r\n        \"type\": \"SystemAssigned\",\r\n        \"tenantId\": \"0c1edf5d-e5c5-4aca-ab69-ef194134f44b\"\r\n      },\r\n      \"sku\": {\r\n        \"name\": \"BC_Gen4\",\r\n        \"tier\": \"BusinessCritical\",\r\n        \"family\": \"Gen4\",\r\n        \"capacity\": 24\r\n      },\r\n      \"properties\": {\r\n        \"fullyQualifiedDomainName\": \"clperftesting-gen4-bc24-wcus-01.wcus10d832431fca2.database.windows.net\",\r\n        \"administratorLogin\": \"clperf\",\r\n        \"subnetId\": \"/subscriptions/ee5ea899-0791-418f-9270-77cd8273794b/resourceGroups/clperfrg/providers/Microsoft.Network/virtualNetworks/clperfvnet/subnets/misubnet\",\r\n        \"state\": \"Ready\",\r\n        \"licenseType\": \"LicenseIncluded\",\r\n        \"vCores\": 24,\r\n        \"storageSizeInGB\": 1024,\r\n        \"collation\": \"SQL_Latin1_General_CP1_CI_AS\"\r\n      },\r\n      \"location\": \"westcentralus\",\r\n      \"id\": \"/subscriptions/ee5ea899-0791-418f-9270-77cd8273794b/resourceGroups/clperfrg/providers/Microsoft.Sql/managedInstances/clperftesting-gen4-bc24-wcus-01\",\r\n      \"name\": \"clperftesting-gen4-bc24-wcus-01\",\r\n      \"type\": \"Microsoft.Sql/managedInstances\"\r\n    },\r\n    {\r\n      \"identity\": {\r\n        \"principalId\": \"034b10e1-25c1-4a45-b4a3-8a8ca80540e4\",\r\n        \"type\": \"SystemAssigned\",\r\n        \"tenantId\": \"0c1edf5d-e5c5-4aca-ab69-ef194134f44b\"\r\n      },\r\n      \"sku\": {\r\n        \"name\": \"BC_Gen4\",\r\n        \"tier\": \"BusinessCritical\",\r\n        \"family\": \"Gen4\",\r\n        \"capacity\": 8\r\n      },\r\n      \"properties\": {\r\n        \"fullyQualifiedDomainName\": \"clperftesting-gen4-bc8-wcus-01.wcus10d832431fca2.database.windows.net\",\r\n        \"administratorLogin\": \"clperf\",\r\n        \"subnetId\": \"/subscriptions/ee5ea899-0791-418f-9270-77cd8273794b/resourceGroups/clperfrg/providers/Microsoft.Network/virtualNetworks/clperfvnet/subnets/misubnet\",\r\n        \"state\": \"Ready\",\r\n        \"licenseType\": \"BasePrice\",\r\n        \"vCores\": 8,\r\n        \"storageSizeInGB\": 1024,\r\n        \"collation\": \"SQL_Latin1_General_CP1_CI_AS\"\r\n      },\r\n      \"location\": \"westcentralus\",\r\n      \"id\": \"/subscriptions/ee5ea899-0791-418f-9270-77cd8273794b/resourceGroups/clperfrg/providers/Microsoft.Sql/managedInstances/clperftesting-gen4-bc8-wcus-01\",\r\n      \"name\": \"clperftesting-gen4-bc8-wcus-01\",\r\n      \"type\": \"Microsoft.Sql/managedInstances\"\r\n    },\r\n    {\r\n      \"identity\": {\r\n        \"principalId\": \"506be2bf-ef00-478f-abae-70a1197ece87\",\r\n        \"type\": \"SystemAssigned\",\r\n        \"tenantId\": \"0c1edf5d-e5c5-4aca-ab69-ef194134f44b\"\r\n      },\r\n      \"sku\": {\r\n        \"name\": \"GP_Gen4\",\r\n        \"tier\": \"GeneralPurpose\",\r\n        \"family\": \"Gen4\",\r\n        \"capacity\": 16\r\n      },\r\n      \"properties\": {\r\n        \"fullyQualifiedDomainName\": \"clperftesting-gen4-gp16-wcus01.wcus10d832431fca2.database.windows.net\",\r\n        \"administratorLogin\": \"clperf\",\r\n        \"subnetId\": \"/subscriptions/ee5ea899-0791-418f-9270-77cd8273794b/resourceGroups/clperfrg/providers/Microsoft.Network/virtualNetworks/clperfvnet/subnets/misubnet\",\r\n        \"state\": \"Ready\",\r\n        \"licenseType\": \"BasePrice\",\r\n        \"vCores\": 16,\r\n        \"storageSizeInGB\": 8192,\r\n        \"collation\": \"SQL_Latin1_General_CP1_CI_AS\"\r\n      },\r\n      \"location\": \"westcentralus\",\r\n      \"id\": \"/subscriptions/ee5ea899-0791-418f-9270-77cd8273794b/resourceGroups/clperfrg/providers/Microsoft.Sql/managedInstances/clperftesting-gen4-gp16-wcus01\",\r\n      \"name\": \"clperftesting-gen4-gp16-wcus01\",\r\n      \"type\": \"Microsoft.Sql/managedInstances\"\r\n    },\r\n    {\r\n      \"sku\": {\r\n        \"name\": \"GP_Gen4\",\r\n        \"tier\": \"GeneralPurpose\",\r\n        \"family\": \"Gen4\",\r\n        \"capacity\": 16\r\n      },\r\n      \"properties\": {\r\n        \"fullyQualifiedDomainName\": \"ps8976.wcus1620a4a77b113.database.windows.net\",\r\n        \"administratorLogin\": \"testusername\",\r\n        \"subnetId\": \"/subscriptions/ee5ea899-0791-418f-9270-77cd8273794b/resourceGroups/cl_one/providers/Microsoft.Network/virtualNetworks/cl_initial/subnets/CooL\",\r\n        \"state\": \"Ready\",\r\n        \"licenseType\": \"BasePrice\",\r\n        \"vCores\": 16,\r\n        \"storageSizeInGB\": 32,\r\n        \"collation\": \"SQL_Latin1_General_CP1_CI_AS\",\r\n        \"dnsZone\": \"wcus1620a4a77b113\"\r\n      },\r\n      \"location\": \"westcentralus\",\r\n      \"id\": \"/subscriptions/ee5ea899-0791-418f-9270-77cd8273794b/resourceGroups/ps8791/providers/Microsoft.Sql/managedInstances/ps8976\",\r\n      \"name\": \"ps8976\",\r\n      \"type\": \"Microsoft.Sql/managedInstances\"\r\n    },\r\n    {\r\n      \"identity\": {\r\n        \"principalId\": \"b5c27527-4cbb-407d-a5e5-d97856522ea6\",\r\n        \"type\": \"SystemAssigned\",\r\n        \"tenantId\": \"0c1edf5d-e5c5-4aca-ab69-ef194134f44b\"\r\n      },\r\n      \"sku\": {\r\n        \"name\": \"GP_Gen4\",\r\n        \"tier\": \"GeneralPurpose\",\r\n        \"family\": \"Gen4\",\r\n        \"capacity\": 8\r\n      },\r\n      \"properties\": {\r\n        \"fullyQualifiedDomainName\": \"addnettestmi.wcus12eccda4d4d00.database.windows.net\",\r\n        \"administratorLogin\": \"boss\",\r\n        \"subnetId\": \"/subscriptions/ee5ea899-0791-418f-9270-77cd8273794b/resourceGroups/cl_pilot/providers/Microsoft.Network/virtualNetworks/cl_pilot/subnets/AADNetTestMI\",\r\n        \"state\": \"Ready\",\r\n        \"licenseType\": \"LicenseIncluded\",\r\n        \"vCores\": 8,\r\n        \"storageSizeInGB\": 32,\r\n        \"collation\": \"SQL_Latin1_General_CP1_CI_AS\"\r\n      },\r\n      \"location\": \"westcentralus\",\r\n      \"id\": \"/subscriptions/ee5ea899-0791-418f-9270-77cd8273794b/resourceGroups/aad_net_test/providers/Microsoft.Sql/managedInstances/addnettestmi\",\r\n      \"name\": \"addnettestmi\",\r\n      \"type\": \"Microsoft.Sql/managedInstances\"\r\n    },\r\n    {\r\n      \"identity\": {\r\n        \"principalId\": \"04d435db-e217-455e-ab0b-9eac26933deb\",\r\n        \"type\": \"SystemAssigned\",\r\n        \"tenantId\": \"0c1edf5d-e5c5-4aca-ab69-ef194134f44b\"\r\n      },\r\n      \"sku\": {\r\n        \"name\": \"GP_Gen4\",\r\n        \"tier\": \"GeneralPurpose\",\r\n        \"family\": \"Gen4\",\r\n        \"capacity\": 16\r\n      },\r\n      \"properties\": {\r\n        \"fullyQualifiedDomainName\": \"virtualclustertest.bdf18eda89ab.database.windows.net\",\r\n        \"administratorLogin\": \"cloudSA\",\r\n        \"subnetId\": \"/subscriptions/ee5ea899-0791-418f-9270-77cd8273794b/resourceGroups/testqs/providers/Microsoft.Network/virtualNetworks/SQLMI-VNET/subnets/ManagedInstance\",\r\n        \"state\": \"Ready\",\r\n        \"licenseType\": \"LicenseIncluded\",\r\n        \"vCores\": 16,\r\n        \"storageSizeInGB\": 32,\r\n        \"collation\": \"SQL_Latin1_General_CP1_CI_AS\",\r\n        \"dnsZone\": \"bdf18eda89ab\"\r\n      },\r\n      \"location\": \"westcentralus\",\r\n      \"id\": \"/subscriptions/ee5ea899-0791-418f-9270-77cd8273794b/resourceGroups/virtualclustertest/providers/Microsoft.Sql/managedInstances/virtualclustertest\",\r\n      \"name\": \"virtualclustertest\",\r\n      \"type\": \"Microsoft.Sql/managedInstances\"\r\n    },\r\n    {\r\n      \"identity\": {\r\n        \"principalId\": \"b521f4da-08fa-4118-ad1d-8504f2711aea\",\r\n        \"type\": \"SystemAssigned\",\r\n        \"tenantId\": \"0c1edf5d-e5c5-4aca-ab69-ef194134f44b\"\r\n      },\r\n      \"sku\": {\r\n        \"name\": \"GP_Gen4\",\r\n        \"tier\": \"GeneralPurpose\",\r\n        \"family\": \"Gen4\",\r\n        \"capacity\": 8\r\n      },\r\n      \"properties\": {\r\n        \"fullyQualifiedDomainName\": \"permissiontestmi2.wcus19ead1d03202e.database.windows.net\",\r\n        \"administratorLogin\": \"cloudSA\",\r\n        \"subnetId\": \"/subscriptions/ee5ea899-0791-418f-9270-77cd8273794b/resourceGroups/cl_pilot_dusansilni/providers/Microsoft.Network/virtualNetworks/cl_pilot_dusansilni/subnets/cl_pilot_dusansilni_ms\",\r\n        \"state\": \"Ready\",\r\n        \"licenseType\": \"LicenseIncluded\",\r\n        \"vCores\": 8,\r\n        \"storageSizeInGB\": 32,\r\n        \"collation\": \"SQL_Latin1_General_CP1_CI_AS\",\r\n        \"dnsZone\": \"wcus19ead1d03202e\"\r\n      },\r\n      \"location\": \"westcentralus\",\r\n      \"id\": \"/subscriptions/ee5ea899-0791-418f-9270-77cd8273794b/resourceGroups/cl_pilot_dusansilni/providers/Microsoft.Sql/managedInstances/permissiontestmi2\",\r\n      \"name\": \"permissiontestmi2\",\r\n      \"type\": \"Microsoft.Sql/managedInstances\"\r\n    },\r\n    {\r\n      \"identity\": {\r\n        \"principalId\": \"daaf4ec9-f735-49a0-8bad-ddebe8d4a42d\",\r\n        \"type\": \"SystemAssigned\",\r\n        \"tenantId\": \"0c1edf5d-e5c5-4aca-ab69-ef194134f44b\"\r\n      },\r\n      \"sku\": {\r\n        \"name\": \"BC_Gen4\",\r\n        \"tier\": \"BusinessCritical\",\r\n        \"family\": \"Gen4\",\r\n        \"capacity\": 16\r\n      },\r\n      \"properties\": {\r\n        \"fullyQualifiedDomainName\": \"clperftesting-gen4-bc16-wcus-01.wcus10d832431fca2.database.windows.net\",\r\n        \"administratorLogin\": \"clperf\",\r\n        \"subnetId\": \"/subscriptions/ee5ea899-0791-418f-9270-77cd8273794b/resourceGroups/clperfrg/providers/Microsoft.Network/virtualNetworks/clperfvnet/subnets/misubnet\",\r\n        \"state\": \"Ready\",\r\n        \"licenseType\": \"LicenseIncluded\",\r\n        \"vCores\": 16,\r\n        \"storageSizeInGB\": 1024,\r\n        \"collation\": \"SQL_Latin1_General_CP1_CI_AS\"\r\n      },\r\n      \"location\": \"westcentralus\",\r\n      \"id\": \"/subscriptions/ee5ea899-0791-418f-9270-77cd8273794b/resourceGroups/clperfrg/providers/Microsoft.Sql/managedInstances/clperftesting-gen4-bc16-wcus-01\",\r\n      \"name\": \"clperftesting-gen4-bc16-wcus-01\",\r\n      \"type\": \"Microsoft.Sql/managedInstances\"\r\n    },\r\n    {\r\n      \"identity\": {\r\n        \"principalId\": \"9b6a691a-78fb-462e-9e87-6ddf56415dcb\",\r\n        \"type\": \"SystemAssigned\",\r\n        \"tenantId\": \"0c1edf5d-e5c5-4aca-ab69-ef194134f44b\"\r\n      },\r\n      \"sku\": {\r\n        \"name\": \"BC_Gen4\",\r\n        \"tier\": \"BusinessCritical\",\r\n        \"family\": \"Gen4\",\r\n        \"capacity\": 24\r\n      },\r\n      \"properties\": {\r\n        \"fullyQualifiedDomainName\": \"clstresstesting-gen4-bc24-wcus-01.wcus10d832431fca2.database.windows.net\",\r\n        \"administratorLogin\": \"clperf\",\r\n        \"subnetId\": \"/subscriptions/ee5ea899-0791-418f-9270-77cd8273794b/resourceGroups/clperfrg/providers/Microsoft.Network/virtualNetworks/clperfvnet/subnets/misubnet\",\r\n        \"state\": \"Ready\",\r\n        \"licenseType\": \"BasePrice\",\r\n        \"vCores\": 24,\r\n        \"storageSizeInGB\": 1024,\r\n        \"collation\": \"SQL_Latin1_General_CP1_CI_AS\"\r\n      },\r\n      \"location\": \"westcentralus\",\r\n      \"id\": \"/subscriptions/ee5ea899-0791-418f-9270-77cd8273794b/resourceGroups/clperfrg/providers/Microsoft.Sql/managedInstances/clstresstesting-gen4-bc24-wcus-01\",\r\n      \"name\": \"clstresstesting-gen4-bc24-wcus-01\",\r\n      \"type\": \"Microsoft.Sql/managedInstances\"\r\n    },\r\n    {\r\n      \"identity\": {\r\n        \"principalId\": \"7b586f76-ba8e-4d05-8cc2-c36ec42cdf47\",\r\n        \"type\": \"SystemAssigned\",\r\n        \"tenantId\": \"0c1edf5d-e5c5-4aca-ab69-ef194134f44b\"\r\n      },\r\n      \"sku\": {\r\n        \"name\": \"BC_Gen4\",\r\n        \"tier\": \"BusinessCritical\",\r\n        \"family\": \"Gen4\",\r\n        \"capacity\": 8\r\n      },\r\n      \"properties\": {\r\n        \"fullyQualifiedDomainName\": \"ivanmestrovic-bc-01-pilot.wcus17662feb9ce98.database.windows.net\",\r\n        \"administratorLogin\": \"cloudSA\",\r\n        \"subnetId\": \"/subscriptions/ee5ea899-0791-418f-9270-77cd8273794b/resourceGroups/cl_pilot/providers/Microsoft.Network/virtualNetworks/cl_pilot/subnets/CLean\",\r\n        \"state\": \"Ready\",\r\n        \"licenseType\": \"LicenseIncluded\",\r\n        \"vCores\": 8,\r\n        \"storageSizeInGB\": 256,\r\n        \"collation\": \"Serbian_Cyrillic_100_CS_AS\",\r\n        \"dnsZone\": \"wcus17662feb9ce98\"\r\n      },\r\n      \"location\": \"westcentralus\",\r\n      \"tags\": {\r\n        \"Owner\": \"JovanPop\",\r\n        \"Purpose\": \"Testing custom instance collation - Serbian_Cyrillic_100_CS_AS\"\r\n      },\r\n      \"id\": \"/subscriptions/ee5ea899-0791-418f-9270-77cd8273794b/resourceGroups/cl_pilot/providers/Microsoft.Sql/managedInstances/ivanmestrovic-bc-01-pilot\",\r\n      \"name\": \"ivanmestrovic-bc-01-pilot\",\r\n      \"type\": \"Microsoft.Sql/managedInstances\"\r\n    },\r\n    {\r\n      \"identity\": {\r\n        \"principalId\": \"361f029b-761f-4b0d-9315-d25b5ea60671\",\r\n        \"type\": \"SystemAssigned\",\r\n        \"tenantId\": \"0c1edf5d-e5c5-4aca-ab69-ef194134f44b\"\r\n      },\r\n      \"sku\": {\r\n        \"name\": \"GP_Gen4\",\r\n        \"tier\": \"GeneralPurpose\",\r\n        \"family\": \"Gen4\",\r\n        \"capacity\": 16\r\n      },\r\n      \"properties\": {\r\n        \"fullyQualifiedDomainName\": \"jovanpop-gen4-pocetnik-cs-03.wcus1e98bdfc13b43.database.windows.net\",\r\n        \"administratorLogin\": \"cloudSA\",\r\n        \"subnetId\": \"/subscriptions/ee5ea899-0791-418f-9270-77cd8273794b/resourceGroups/JovanPop-Temp_Test-Brisi/providers/Microsoft.Network/virtualNetworks/MyNewVNet/subnets/ManagedInstances\",\r\n        \"state\": \"Ready\",\r\n        \"licenseType\": \"BasePrice\",\r\n        \"vCores\": 16,\r\n        \"storageSizeInGB\": 2400,\r\n        \"collation\": \"Serbian_Cyrillic_100_CS_AS\"\r\n      },\r\n      \"location\": \"westcentralus\",\r\n      \"tags\": {\r\n        \"Owner\": \"JovanPop\",\r\n        \"Purpose\": \"Testing custom instance collation\",\r\n        \"collation\": \"Serbian_Cyrillic_100_CS_AS\"\r\n      },\r\n      \"id\": \"/subscriptions/ee5ea899-0791-418f-9270-77cd8273794b/resourceGroups/rg_jovanpop_mpdc/providers/Microsoft.Sql/managedInstances/jovanpop-gen4-pocetnik-cs-03\",\r\n      \"name\": \"jovanpop-gen4-pocetnik-cs-03\",\r\n      \"type\": \"Microsoft.Sql/managedInstances\"\r\n    },\r\n    {\r\n      \"identity\": {\r\n        \"principalId\": \"75f2d214-7666-467b-a169-6d57c1486cfd\",\r\n        \"type\": \"SystemAssigned\",\r\n        \"tenantId\": \"0c1edf5d-e5c5-4aca-ab69-ef194134f44b\"\r\n      },\r\n      \"sku\": {\r\n        \"name\": \"GP_Gen4\",\r\n        \"tier\": \"GeneralPurpose\",\r\n        \"family\": \"Gen4\",\r\n        \"capacity\": 8\r\n      },\r\n      \"properties\": {\r\n        \"fullyQualifiedDomainName\": \"ivanmestrovic-gp-01-pilot.wcus17662feb9ce98.database.windows.net\",\r\n        \"administratorLogin\": \"cloudSA\",\r\n        \"subnetId\": \"/subscriptions/ee5ea899-0791-418f-9270-77cd8273794b/resourceGroups/cl_pilot/providers/Microsoft.Network/virtualNetworks/cl_pilot/subnets/CLean\",\r\n        \"state\": \"Ready\",\r\n        \"licenseType\": \"LicenseIncluded\",\r\n        \"vCores\": 8,\r\n        \"storageSizeInGB\": 256,\r\n        \"collation\": \"Serbian_Cyrillic_100_CS_AS\",\r\n        \"dnsZone\": \"wcus17662feb9ce98\"\r\n      },\r\n      \"location\": \"westcentralus\",\r\n      \"tags\": {\r\n        \"Owner\": \"JovanPop\",\r\n        \"Purpose\": \"Testing custom instance collation - Serbian_Cyrillic_100_CS_AS\"\r\n      },\r\n      \"id\": \"/subscriptions/ee5ea899-0791-418f-9270-77cd8273794b/resourceGroups/cl_pilot/providers/Microsoft.Sql/managedInstances/ivanmestrovic-gp-01-pilot\",\r\n      \"name\": \"ivanmestrovic-gp-01-pilot\",\r\n      \"type\": \"Microsoft.Sql/managedInstances\"\r\n    },\r\n    {\r\n      \"identity\": {\r\n        \"principalId\": \"9d4fcb12-e05a-402c-a58a-684d755af5a8\",\r\n        \"type\": \"SystemAssigned\",\r\n        \"tenantId\": \"0c1edf5d-e5c5-4aca-ab69-ef194134f44b\"\r\n      },\r\n      \"sku\": {\r\n        \"name\": \"BC_Gen4\",\r\n        \"tier\": \"BusinessCritical\",\r\n        \"family\": \"Gen4\",\r\n        \"capacity\": 8\r\n      },\r\n      \"properties\": {\r\n        \"fullyQualifiedDomainName\": \"milevamaric-ga-lightup-bc-400.wcus17662feb9ce98.database.windows.net\",\r\n        \"administratorLogin\": \"milevasa\",\r\n        \"subnetId\": \"/subscriptions/ee5ea899-0791-418f-9270-77cd8273794b/resourceGroups/cl_pilot/providers/Microsoft.Network/virtualNetworks/cl_pilot/subnets/CLean\",\r\n        \"state\": \"Ready\",\r\n        \"licenseType\": \"LicenseIncluded\",\r\n        \"vCores\": 8,\r\n        \"storageSizeInGB\": 1024,\r\n        \"collation\": \"SQL_Latin1_General_CP1_CI_AS\"\r\n      },\r\n      \"location\": \"westcentralus\",\r\n      \"id\": \"/subscriptions/ee5ea899-0791-418f-9270-77cd8273794b/resourceGroups/cl_pilot/providers/Microsoft.Sql/managedInstances/milevamaric-ga-lightup-bc-400\",\r\n      \"name\": \"milevamaric-ga-lightup-bc-400\",\r\n      \"type\": \"Microsoft.Sql/managedInstances\"\r\n    },\r\n    {\r\n      \"sku\": {\r\n        \"name\": \"GP_Gen4\",\r\n        \"tier\": \"GeneralPurpose\",\r\n        \"family\": \"Gen4\",\r\n        \"capacity\": 16\r\n      },\r\n      \"properties\": {\r\n        \"fullyQualifiedDomainName\": \"ivanmestrovic-gp-pilot-1.wcus17662feb9ce98.database.windows.net\",\r\n        \"administratorLogin\": \"cloudSA\",\r\n        \"subnetId\": \"/subscriptions/ee5ea899-0791-418f-9270-77cd8273794b/resourceGroups/cl_pilot/providers/Microsoft.Network/virtualNetworks/cl_pilot/subnets/CLean\",\r\n        \"state\": \"Ready\",\r\n        \"licenseType\": \"LicenseIncluded\",\r\n        \"vCores\": 16,\r\n        \"storageSizeInGB\": 800,\r\n        \"collation\": \"SQL_Latin1_General_CP1_CI_AS\"\r\n      },\r\n      \"location\": \"westcentralus\",\r\n      \"id\": \"/subscriptions/ee5ea899-0791-418f-9270-77cd8273794b/resourceGroups/cl_pilot/providers/Microsoft.Sql/managedInstances/ivanmestrovic-gp-pilot-1\",\r\n      \"name\": \"ivanmestrovic-gp-pilot-1\",\r\n      \"type\": \"Microsoft.Sql/managedInstances\"\r\n    },\r\n    {\r\n      \"sku\": {\r\n        \"name\": \"GP_Gen4\",\r\n        \"tier\": \"GeneralPurpose\",\r\n        \"family\": \"Gen4\",\r\n        \"capacity\": 16\r\n      },\r\n      \"properties\": {\r\n        \"fullyQualifiedDomainName\": \"ps3507.wcus1620a4a77b113.database.windows.net\",\r\n        \"administratorLogin\": \"testusername\",\r\n        \"subnetId\": \"/subscriptions/ee5ea899-0791-418f-9270-77cd8273794b/resourceGroups/cl_one/providers/Microsoft.Network/virtualNetworks/cl_initial/subnets/CooL\",\r\n        \"state\": \"Ready\",\r\n        \"licenseType\": \"BasePrice\",\r\n        \"vCores\": 16,\r\n        \"storageSizeInGB\": 32,\r\n        \"collation\": \"SQL_Latin1_General_CP1_CI_AS\",\r\n        \"dnsZone\": \"wcus1620a4a77b113\"\r\n      },\r\n      \"location\": \"westcentralus\",\r\n      \"id\": \"/subscriptions/ee5ea899-0791-418f-9270-77cd8273794b/resourceGroups/ps5847/providers/Microsoft.Sql/managedInstances/ps3507\",\r\n      \"name\": \"ps3507\",\r\n      \"type\": \"Microsoft.Sql/managedInstances\"\r\n    },\r\n    {\r\n      \"identity\": {\r\n        \"principalId\": \"f4fe76ad-9326-4901-9f52-8399afed110a\",\r\n        \"type\": \"SystemAssigned\",\r\n        \"tenantId\": \"0c1edf5d-e5c5-4aca-ab69-ef194134f44b\"\r\n      },\r\n      \"sku\": {\r\n        \"name\": \"GP_Gen4\",\r\n        \"tier\": \"GeneralPurpose\",\r\n        \"family\": \"Gen4\",\r\n        \"capacity\": 24\r\n      },\r\n      \"properties\": {\r\n        \"fullyQualifiedDomainName\": \"clperftesting03.wcus10d832431fca2.database.windows.net\",\r\n        \"administratorLogin\": \"clperf\",\r\n        \"subnetId\": \"/subscriptions/ee5ea899-0791-418f-9270-77cd8273794b/resourceGroups/clperfrg/providers/Microsoft.Network/virtualNetworks/clperfvnet/subnets/misubnet\",\r\n        \"state\": \"Ready\",\r\n        \"licenseType\": \"BasePrice\",\r\n        \"vCores\": 24,\r\n        \"storageSizeInGB\": 4096,\r\n        \"collation\": \"SQL_Latin1_General_CP1_CI_AS\"\r\n      },\r\n      \"location\": \"westcentralus\",\r\n      \"id\": \"/subscriptions/ee5ea899-0791-418f-9270-77cd8273794b/resourceGroups/clperfrg/providers/Microsoft.Sql/managedInstances/clperftesting03\",\r\n      \"name\": \"clperftesting03\",\r\n      \"type\": \"Microsoft.Sql/managedInstances\"\r\n    },\r\n    {\r\n      \"identity\": {\r\n        \"principalId\": \"7cccef67-f30e-441d-a789-131dc750e383\",\r\n        \"type\": \"SystemAssigned\",\r\n        \"tenantId\": \"0c1edf5d-e5c5-4aca-ab69-ef194134f44b\"\r\n      },\r\n      \"sku\": {\r\n        \"name\": \"GP_Gen4\",\r\n        \"tier\": \"GeneralPurpose\",\r\n        \"family\": \"Gen4\",\r\n        \"capacity\": 8\r\n      },\r\n      \"properties\": {\r\n        \"fullyQualifiedDomainName\": \"aad-lgns-gp-private-preview.wcus17662feb9ce98.database.windows.net\",\r\n        \"administratorLogin\": \"cloudSA\",\r\n        \"subnetId\": \"/subscriptions/ee5ea899-0791-418f-9270-77cd8273794b/resourceGroups/cl_pilot/providers/Microsoft.Network/virtualNetworks/cl_pilot/subnets/CLean\",\r\n        \"state\": \"Ready\",\r\n        \"licenseType\": \"BasePrice\",\r\n        \"vCores\": 8,\r\n        \"storageSizeInGB\": 512,\r\n        \"collation\": \"SQL_Latin1_General_CP1_CI_AS\"\r\n      },\r\n      \"location\": \"westcentralus\",\r\n      \"id\": \"/subscriptions/ee5ea899-0791-418f-9270-77cd8273794b/resourceGroups/cl_pilot/providers/Microsoft.Sql/managedInstances/aad-lgns-gp-private-preview\",\r\n      \"name\": \"aad-lgns-gp-private-preview\",\r\n      \"type\": \"Microsoft.Sql/managedInstances\"\r\n    },\r\n    {\r\n      \"identity\": {\r\n        \"principalId\": \"94b34275-20b8-43cc-9a6a-93f7e6702a08\",\r\n        \"type\": \"SystemAssigned\",\r\n        \"tenantId\": \"0c1edf5d-e5c5-4aca-ab69-ef194134f44b\"\r\n      },\r\n      \"sku\": {\r\n        \"name\": \"GP_Gen4\",\r\n        \"tier\": \"GeneralPurpose\",\r\n        \"family\": \"Gen4\",\r\n        \"capacity\": 8\r\n      },\r\n      \"properties\": {\r\n        \"fullyQualifiedDomainName\": \"mestrovicportaltest-gp.wcus17662feb9ce98.database.windows.net\",\r\n        \"administratorLogin\": \"cloudSA\",\r\n        \"subnetId\": \"/subscriptions/ee5ea899-0791-418f-9270-77cd8273794b/resourceGroups/cl_pilot/providers/Microsoft.Network/virtualNetworks/cl_pilot/subnets/CLean\",\r\n        \"state\": \"Ready\",\r\n        \"licenseType\": \"LicenseIncluded\",\r\n        \"vCores\": 8,\r\n        \"storageSizeInGB\": 32,\r\n        \"collation\": \"SQL_Latin1_General_CP1_CI_AS\",\r\n        \"dnsZone\": \"wcus17662feb9ce98\"\r\n      },\r\n      \"location\": \"westcentralus\",\r\n      \"id\": \"/subscriptions/ee5ea899-0791-418f-9270-77cd8273794b/resourceGroups/cl_pilot/providers/Microsoft.Sql/managedInstances/mestrovicportaltest-gp\",\r\n      \"name\": \"mestrovicportaltest-gp\",\r\n      \"type\": \"Microsoft.Sql/managedInstances\"\r\n    },\r\n    {\r\n      \"identity\": {\r\n        \"principalId\": \"0e598858-c7be-42fa-97a7-d1b835cbeafa\",\r\n        \"type\": \"SystemAssigned\",\r\n        \"tenantId\": \"0c1edf5d-e5c5-4aca-ab69-ef194134f44b\"\r\n      },\r\n      \"sku\": {\r\n        \"name\": \"GP_Gen4\",\r\n        \"tier\": \"GeneralPurpose\",\r\n        \"family\": \"Gen4\",\r\n        \"capacity\": 24\r\n      },\r\n      \"properties\": {\r\n        \"fullyQualifiedDomainName\": \"clstresstesting-gen4-gp24-wcus-01.wcus10d832431fca2.database.windows.net\",\r\n        \"administratorLogin\": \"clperf\",\r\n        \"subnetId\": \"/subscriptions/ee5ea899-0791-418f-9270-77cd8273794b/resourceGroups/clperfrg/providers/Microsoft.Network/virtualNetworks/clperfvnet/subnets/misubnet\",\r\n        \"state\": \"Ready\",\r\n        \"licenseType\": \"BasePrice\",\r\n        \"vCores\": 24,\r\n        \"storageSizeInGB\": 2048,\r\n        \"collation\": \"SQL_Latin1_General_CP1_CI_AS\"\r\n      },\r\n      \"location\": \"westcentralus\",\r\n      \"id\": \"/subscriptions/ee5ea899-0791-418f-9270-77cd8273794b/resourceGroups/clperfrg/providers/Microsoft.Sql/managedInstances/clstresstesting-gen4-gp24-wcus-01\",\r\n      \"name\": \"clstresstesting-gen4-gp24-wcus-01\",\r\n      \"type\": \"Microsoft.Sql/managedInstances\"\r\n    },\r\n    {\r\n      \"identity\": {\r\n        \"principalId\": \"581a5c73-17fc-41db-b7bd-b98f1f1f55bb\",\r\n        \"type\": \"SystemAssigned\",\r\n        \"tenantId\": \"0c1edf5d-e5c5-4aca-ab69-ef194134f44b\"\r\n      },\r\n      \"sku\": {\r\n        \"name\": \"GP_Gen4\",\r\n        \"tier\": \"GeneralPurpose\",\r\n        \"family\": \"Gen4\",\r\n        \"capacity\": 8\r\n      },\r\n      \"properties\": {\r\n        \"fullyQualifiedDomainName\": \"va-sqlmanaged-test.weu17806da552351.database.windows.net\",\r\n        \"administratorLogin\": \"datasec_002\",\r\n        \"subnetId\": \"/subscriptions/ee5ea899-0791-418f-9270-77cd8273794b/resourceGroups/va_test/providers/Microsoft.Network/virtualNetworks/va-test-subnet/subnets/default\",\r\n        \"state\": \"Ready\",\r\n        \"licenseType\": \"BasePrice\",\r\n        \"vCores\": 8,\r\n        \"storageSizeInGB\": 32,\r\n        \"collation\": \"SQL_Latin1_General_CP1_CI_AS\"\r\n      },\r\n      \"location\": \"westeurope\",\r\n      \"id\": \"/subscriptions/ee5ea899-0791-418f-9270-77cd8273794b/resourceGroups/va_test/providers/Microsoft.Sql/managedInstances/va-sqlmanaged-test\",\r\n      \"name\": \"va-sqlmanaged-test\",\r\n      \"type\": \"Microsoft.Sql/managedInstances\"\r\n    },\r\n    {\r\n      \"identity\": {\r\n        \"principalId\": \"07c0d31f-6602-477f-963c-8429f0e44250\",\r\n        \"type\": \"SystemAssigned\",\r\n        \"tenantId\": \"0c1edf5d-e5c5-4aca-ab69-ef194134f44b\"\r\n      },\r\n      \"sku\": {\r\n        \"name\": \"GP_Gen4\",\r\n        \"tier\": \"GeneralPurpose\",\r\n        \"family\": \"Gen4\",\r\n        \"capacity\": 16\r\n      },\r\n      \"properties\": {\r\n        \"fullyQualifiedDomainName\": \"yoavftest.weu17806da552351.database.windows.net\",\r\n        \"administratorLogin\": \"yoavf\",\r\n        \"subnetId\": \"/subscriptions/ee5ea899-0791-418f-9270-77cd8273794b/resourceGroups/va_test/providers/Microsoft.Network/virtualNetworks/va-test-subnet/subnets/default\",\r\n        \"state\": \"Ready\",\r\n        \"licenseType\": \"LicenseIncluded\",\r\n        \"vCores\": 16,\r\n        \"storageSizeInGB\": 256,\r\n        \"collation\": \"SQL_Latin1_General_CP1_CI_AS\"\r\n      },\r\n      \"location\": \"westeurope\",\r\n      \"id\": \"/subscriptions/ee5ea899-0791-418f-9270-77cd8273794b/resourceGroups/yoavfrg/providers/Microsoft.Sql/managedInstances/yoavftest\",\r\n      \"name\": \"yoavftest\",\r\n      \"type\": \"Microsoft.Sql/managedInstances\"\r\n    },\r\n    {\r\n      \"identity\": {\r\n        \"principalId\": \"9af838f4-d877-41df-b2f5-7d140aa2834a\",\r\n        \"type\": \"SystemAssigned\",\r\n        \"tenantId\": \"0c1edf5d-e5c5-4aca-ab69-ef194134f44b\"\r\n      },\r\n      \"sku\": {\r\n        \"name\": \"GP_Gen4\",\r\n        \"tier\": \"GeneralPurpose\",\r\n        \"family\": \"Gen4\",\r\n        \"capacity\": 8\r\n      },\r\n      \"properties\": {\r\n        \"fullyQualifiedDomainName\": \"mipublicendpointtest.wus1f9c4b860c3cd.database.windows.net\",\r\n        \"administratorLogin\": \"cloudSA\",\r\n        \"subnetId\": \"/subscriptions/ee5ea899-0791-418f-9270-77cd8273794b/resourceGroups/public_endpoint_test/providers/Microsoft.Network/virtualNetworks/SQLMI-VNET-PUB/subnets/ManagedInstance\",\r\n        \"state\": \"Ready\",\r\n        \"licenseType\": \"BasePrice\",\r\n        \"vCores\": 8,\r\n        \"storageSizeInGB\": 256,\r\n        \"collation\": \"SQL_Latin1_General_CP1_CI_AS\"\r\n      },\r\n      \"location\": \"westus\",\r\n      \"id\": \"/subscriptions/ee5ea899-0791-418f-9270-77cd8273794b/resourceGroups/public_endpoint_test/providers/Microsoft.Sql/managedInstances/mipublicendpointtest\",\r\n      \"name\": \"mipublicendpointtest\",\r\n      \"type\": \"Microsoft.Sql/managedInstances\"\r\n    },\r\n    {\r\n      \"identity\": {\r\n        \"principalId\": \"3ea2edc5-abb9-4336-9004-3589f55020dd\",\r\n        \"type\": \"SystemAssigned\",\r\n        \"tenantId\": \"0c1edf5d-e5c5-4aca-ab69-ef194134f44b\"\r\n      },\r\n      \"sku\": {\r\n        \"name\": \"GP_Gen4\",\r\n        \"tier\": \"GeneralPurpose\",\r\n        \"family\": \"Gen4\",\r\n        \"capacity\": 16\r\n      },\r\n      \"properties\": {\r\n        \"fullyQualifiedDomainName\": \"updatemitemplate2.wus1fdaab7afa3de.database.windows.net\",\r\n        \"administratorLogin\": \"cloudSA\",\r\n        \"subnetId\": \"/subscriptions/ee5ea899-0791-418f-9270-77cd8273794b/resourceGroups/miarmtest2/providers/Microsoft.Network/virtualNetworks/vnet-miarm1234/subnets/managedInstance2\",\r\n        \"state\": \"Ready\",\r\n        \"licenseType\": \"LicenseIncluded\",\r\n        \"vCores\": 16,\r\n        \"storageSizeInGB\": 32,\r\n        \"collation\": \"SQL_Latin1_General_CP1_CI_AS\"\r\n      },\r\n      \"location\": \"westus\",\r\n      \"id\": \"/subscriptions/ee5ea899-0791-418f-9270-77cd8273794b/resourceGroups/aad_net_test/providers/Microsoft.Sql/managedInstances/updatemitemplate2\",\r\n      \"name\": \"updatemitemplate2\",\r\n      \"type\": \"Microsoft.Sql/managedInstances\"\r\n    },\r\n    {\r\n      \"identity\": {\r\n        \"principalId\": \"c98f3b80-791a-4a22-97c8-cc132d923f6e\",\r\n        \"type\": \"SystemAssigned\",\r\n        \"tenantId\": \"0c1edf5d-e5c5-4aca-ab69-ef194134f44b\"\r\n      },\r\n      \"sku\": {\r\n        \"name\": \"GP_Gen4\",\r\n        \"tier\": \"GeneralPurpose\",\r\n        \"family\": \"Gen4\",\r\n        \"capacity\": 16\r\n      },\r\n      \"properties\": {\r\n        \"fullyQualifiedDomainName\": \"mifromnewtemplate.wus19aa2baa04117.database.windows.net\",\r\n        \"administratorLogin\": \"boss\",\r\n        \"subnetId\": \"/subscriptions/ee5ea899-0791-418f-9270-77cd8273794b/resourceGroups/aad_net_test/providers/Microsoft.Network/virtualNetworks/vnet-mifromnewtemplate/subnets/ManagedInstance\",\r\n        \"state\": \"Ready\",\r\n        \"licenseType\": \"LicenseIncluded\",\r\n        \"vCores\": 16,\r\n        \"storageSizeInGB\": 32,\r\n        \"collation\": \"SQL_Latin1_General_CP1_CI_AS\"\r\n      },\r\n      \"location\": \"westus\",\r\n      \"id\": \"/subscriptions/ee5ea899-0791-418f-9270-77cd8273794b/resourceGroups/aad_net_test/providers/Microsoft.Sql/managedInstances/mifromnewtemplate\",\r\n      \"name\": \"mifromnewtemplate\",\r\n      \"type\": \"Microsoft.Sql/managedInstances\"\r\n    },\r\n    {\r\n      \"identity\": {\r\n        \"principalId\": \"49201697-fb3b-4c17-8fbd-5222af48c6eb\",\r\n        \"type\": \"SystemAssigned\",\r\n        \"tenantId\": \"0c1edf5d-e5c5-4aca-ab69-ef194134f44b\"\r\n      },\r\n      \"sku\": {\r\n        \"name\": \"GP_Gen4\",\r\n        \"tier\": \"GeneralPurpose\",\r\n        \"family\": \"Gen4\",\r\n        \"capacity\": 8\r\n      },\r\n      \"properties\": {\r\n        \"fullyQualifiedDomainName\": \"nestledemo.wus150911930befe.database.windows.net\",\r\n        \"administratorLogin\": \"boss\",\r\n        \"subnetId\": \"/subscriptions/ee5ea899-0791-418f-9270-77cd8273794b/resourceGroups/bctest/providers/Microsoft.Network/virtualNetworks/SQLMI-VNET/subnets/ManagedInstance\",\r\n        \"state\": \"Ready\",\r\n        \"licenseType\": \"LicenseIncluded\",\r\n        \"vCores\": 8,\r\n        \"storageSizeInGB\": 32,\r\n        \"collation\": \"SQL_Latin1_General_CP1_CI_AS\"\r\n      },\r\n      \"location\": \"westus\",\r\n      \"id\": \"/subscriptions/ee5ea899-0791-418f-9270-77cd8273794b/resourceGroups/nestle/providers/Microsoft.Sql/managedInstances/nestledemo\",\r\n      \"name\": \"nestledemo\",\r\n      \"type\": \"Microsoft.Sql/managedInstances\"\r\n    },\r\n    {\r\n      \"identity\": {\r\n        \"principalId\": \"bb6bfec6-ceb9-488a-bdc4-d394c04caf16\",\r\n        \"type\": \"SystemAssigned\",\r\n        \"tenantId\": \"0c1edf5d-e5c5-4aca-ab69-ef194134f44b\"\r\n      },\r\n      \"sku\": {\r\n        \"name\": \"GP_Gen5\",\r\n        \"tier\": \"GeneralPurpose\",\r\n        \"family\": \"Gen5\",\r\n        \"capacity\": 8\r\n      },\r\n      \"properties\": {\r\n        \"fullyQualifiedDomainName\": \"nestlemi.wus1b48d8e532554.database.windows.net\",\r\n        \"administratorLogin\": \"cloudSA\",\r\n        \"subnetId\": \"/subscriptions/ee5ea899-0791-418f-9270-77cd8273794b/resourceGroups/gh-test-05/providers/Microsoft.Network/virtualNetworks/SQLMI-VNET/subnets/ManagedInstance\",\r\n        \"state\": \"Ready\",\r\n        \"licenseType\": \"LicenseIncluded\",\r\n        \"vCores\": 8,\r\n        \"storageSizeInGB\": 32,\r\n        \"collation\": \"SQL_Latin1_General_CP1_CI_AS\"\r\n      },\r\n      \"location\": \"westus\",\r\n      \"id\": \"/subscriptions/ee5ea899-0791-418f-9270-77cd8273794b/resourceGroups/nestle/providers/Microsoft.Sql/managedInstances/nestlemi\",\r\n      \"name\": \"nestlemi\",\r\n      \"type\": \"Microsoft.Sql/managedInstances\"\r\n    },\r\n    {\r\n      \"identity\": {\r\n        \"principalId\": \"4d3b2a1f-765f-4be6-8e44-9082562f61bc\",\r\n        \"type\": \"SystemAssigned\",\r\n        \"tenantId\": \"0c1edf5d-e5c5-4aca-ab69-ef194134f44b\"\r\n      },\r\n      \"sku\": {\r\n        \"name\": \"GP_Gen5\",\r\n        \"tier\": \"GeneralPurpose\",\r\n        \"family\": \"Gen5\",\r\n        \"capacity\": 8\r\n      },\r\n      \"properties\": {\r\n        \"fullyQualifiedDomainName\": \"mediacommi.wus1b48d8e532554.database.windows.net\",\r\n        \"administratorLogin\": \"cloudSA\",\r\n        \"subnetId\": \"/subscriptions/ee5ea899-0791-418f-9270-77cd8273794b/resourceGroups/gh-test-05/providers/Microsoft.Network/virtualNetworks/SQLMI-VNET/subnets/ManagedInstance\",\r\n        \"state\": \"Ready\",\r\n        \"licenseType\": \"LicenseIncluded\",\r\n        \"vCores\": 8,\r\n        \"storageSizeInGB\": 32,\r\n        \"collation\": \"SQL_Latin1_General_CP1_CI_AS\"\r\n      },\r\n      \"location\": \"westus\",\r\n      \"id\": \"/subscriptions/ee5ea899-0791-418f-9270-77cd8273794b/resourceGroups/mediacom/providers/Microsoft.Sql/managedInstances/mediacommi\",\r\n      \"name\": \"mediacommi\",\r\n      \"type\": \"Microsoft.Sql/managedInstances\"\r\n    }\r\n  ]\r\n}",
      "StatusCode": 200
    },
    {
      "RequestUri": "/subscriptions/ee5ea899-0791-418f-9270-77cd8273794b/resourcegroups/ps6283?api-version=2016-09-01",
      "EncodedRequestUri": "L3N1YnNjcmlwdGlvbnMvZWU1ZWE4OTktMDc5MS00MThmLTkyNzAtNzdjZDgyNzM3OTRiL3Jlc291cmNlZ3JvdXBzL3BzNjI4Mz9hcGktdmVyc2lvbj0yMDE2LTA5LTAx",
      "RequestMethod": "DELETE",
      "RequestBody": "",
      "RequestHeaders": {
        "x-ms-client-request-id": [
          "1aa351f6-a91e-4f5f-b041-dd064082f505"
        ],
        "accept-language": [
          "en-US"
        ],
        "User-Agent": [
          "FxVersion/4.7.3163.0",
          "OSName/WindowsServer2012R2Datacenter",
          "OSVersion/6.3.9600",
          "Microsoft.Azure.Management.Internal.Resources.ResourceManagementClient/4.1.0"
        ]
      },
      "ResponseHeaders": {
        "Pragma": [
          "no-cache"
        ],
        "Retry-After": [
          "15"
        ],
        "x-ms-ratelimit-remaining-subscription-deletes": [
          "14998"
        ],
        "x-ms-request-id": [
          "9e4494aa-8a11-4beb-823c-a1f8aec2f8dc"
        ],
        "x-ms-correlation-request-id": [
          "9e4494aa-8a11-4beb-823c-a1f8aec2f8dc"
        ],
        "x-ms-routing-request-id": [
          "UKSOUTH2:20181107T133602Z:9e4494aa-8a11-4beb-823c-a1f8aec2f8dc"
        ],
        "Strict-Transport-Security": [
          "max-age=31536000; includeSubDomains"
        ],
        "X-Content-Type-Options": [
          "nosniff"
        ],
        "Cache-Control": [
          "no-cache"
        ],
        "Date": [
          "Wed, 07 Nov 2018 13:36:01 GMT"
        ],
        "Location": [
          "https://management.azure.com/subscriptions/ee5ea899-0791-418f-9270-77cd8273794b/operationresults/eyJqb2JJZCI6IlJFU09VUkNFR1JPVVBERUxFVElPTkpPQi1QUzYyODMtV0VTVENFTlRSQUxVUyIsImpvYkxvY2F0aW9uIjoid2VzdGNlbnRyYWx1cyJ9?api-version=2016-09-01"
        ],
        "Content-Length": [
          "0"
        ],
        "Expires": [
          "-1"
        ]
      },
      "ResponseBody": "",
      "StatusCode": 202
    },
    {
      "RequestUri": "/subscriptions/ee5ea899-0791-418f-9270-77cd8273794b/operationresults/eyJqb2JJZCI6IlJFU09VUkNFR1JPVVBERUxFVElPTkpPQi1QUzYyODMtV0VTVENFTlRSQUxVUyIsImpvYkxvY2F0aW9uIjoid2VzdGNlbnRyYWx1cyJ9?api-version=2016-09-01",
      "EncodedRequestUri": "L3N1YnNjcmlwdGlvbnMvZWU1ZWE4OTktMDc5MS00MThmLTkyNzAtNzdjZDgyNzM3OTRiL29wZXJhdGlvbnJlc3VsdHMvZXlKcWIySkpaQ0k2SWxKRlUwOVZVa05GUjFKUFZWQkVSVXhGVkVsUFRrcFBRaTFRVXpZeU9ETXRWMFZUVkVORlRsUlNRVXhWVXlJc0ltcHZZa3h2WTJGMGFXOXVJam9pZDJWemRHTmxiblJ5WVd4MWN5Sjk/YXBpLXZlcnNpb249MjAxNi0wOS0wMQ==",
      "RequestMethod": "GET",
      "RequestBody": "",
      "RequestHeaders": {
        "User-Agent": [
          "FxVersion/4.7.3163.0",
          "OSName/WindowsServer2012R2Datacenter",
          "OSVersion/6.3.9600",
          "Microsoft.Azure.Management.Internal.Resources.ResourceManagementClient/4.1.0"
        ]
      },
      "ResponseHeaders": {
        "Pragma": [
          "no-cache"
        ],
        "Retry-After": [
          "15"
        ],
        "x-ms-ratelimit-remaining-subscription-reads": [
          "11995"
        ],
        "x-ms-request-id": [
          "fb1c375d-c86b-4e78-987a-ddeb4c24b636"
        ],
        "x-ms-correlation-request-id": [
          "fb1c375d-c86b-4e78-987a-ddeb4c24b636"
        ],
        "x-ms-routing-request-id": [
          "UKSOUTH2:20181107T133617Z:fb1c375d-c86b-4e78-987a-ddeb4c24b636"
        ],
        "Strict-Transport-Security": [
          "max-age=31536000; includeSubDomains"
        ],
        "X-Content-Type-Options": [
          "nosniff"
        ],
        "Cache-Control": [
          "no-cache"
        ],
        "Date": [
          "Wed, 07 Nov 2018 13:36:16 GMT"
        ],
        "Location": [
          "https://management.azure.com/subscriptions/ee5ea899-0791-418f-9270-77cd8273794b/operationresults/eyJqb2JJZCI6IlJFU09VUkNFR1JPVVBERUxFVElPTkpPQi1QUzYyODMtV0VTVENFTlRSQUxVUyIsImpvYkxvY2F0aW9uIjoid2VzdGNlbnRyYWx1cyJ9?api-version=2016-09-01"
        ],
        "Content-Length": [
          "0"
        ],
        "Expires": [
          "-1"
        ]
      },
      "ResponseBody": "",
      "StatusCode": 202
    },
    {
      "RequestUri": "/subscriptions/ee5ea899-0791-418f-9270-77cd8273794b/operationresults/eyJqb2JJZCI6IlJFU09VUkNFR1JPVVBERUxFVElPTkpPQi1QUzYyODMtV0VTVENFTlRSQUxVUyIsImpvYkxvY2F0aW9uIjoid2VzdGNlbnRyYWx1cyJ9?api-version=2016-09-01",
      "EncodedRequestUri": "L3N1YnNjcmlwdGlvbnMvZWU1ZWE4OTktMDc5MS00MThmLTkyNzAtNzdjZDgyNzM3OTRiL29wZXJhdGlvbnJlc3VsdHMvZXlKcWIySkpaQ0k2SWxKRlUwOVZVa05GUjFKUFZWQkVSVXhGVkVsUFRrcFBRaTFRVXpZeU9ETXRWMFZUVkVORlRsUlNRVXhWVXlJc0ltcHZZa3h2WTJGMGFXOXVJam9pZDJWemRHTmxiblJ5WVd4MWN5Sjk/YXBpLXZlcnNpb249MjAxNi0wOS0wMQ==",
      "RequestMethod": "GET",
      "RequestBody": "",
      "RequestHeaders": {
        "User-Agent": [
          "FxVersion/4.7.3163.0",
          "OSName/WindowsServer2012R2Datacenter",
          "OSVersion/6.3.9600",
          "Microsoft.Azure.Management.Internal.Resources.ResourceManagementClient/4.1.0"
        ]
      },
      "ResponseHeaders": {
        "Pragma": [
          "no-cache"
        ],
        "Retry-After": [
          "15"
        ],
        "x-ms-ratelimit-remaining-subscription-reads": [
          "11994"
        ],
        "x-ms-request-id": [
          "2a486755-de9b-4100-9f7d-788b2a5bf96e"
        ],
        "x-ms-correlation-request-id": [
          "2a486755-de9b-4100-9f7d-788b2a5bf96e"
        ],
        "x-ms-routing-request-id": [
          "UKSOUTH2:20181107T133632Z:2a486755-de9b-4100-9f7d-788b2a5bf96e"
        ],
        "Strict-Transport-Security": [
          "max-age=31536000; includeSubDomains"
        ],
        "X-Content-Type-Options": [
          "nosniff"
        ],
        "Cache-Control": [
          "no-cache"
        ],
        "Date": [
          "Wed, 07 Nov 2018 13:36:31 GMT"
        ],
        "Location": [
          "https://management.azure.com/subscriptions/ee5ea899-0791-418f-9270-77cd8273794b/operationresults/eyJqb2JJZCI6IlJFU09VUkNFR1JPVVBERUxFVElPTkpPQi1QUzYyODMtV0VTVENFTlRSQUxVUyIsImpvYkxvY2F0aW9uIjoid2VzdGNlbnRyYWx1cyJ9?api-version=2016-09-01"
        ],
        "Content-Length": [
          "0"
        ],
        "Expires": [
          "-1"
        ]
      },
      "ResponseBody": "",
      "StatusCode": 202
    },
    {
      "RequestUri": "/subscriptions/ee5ea899-0791-418f-9270-77cd8273794b/operationresults/eyJqb2JJZCI6IlJFU09VUkNFR1JPVVBERUxFVElPTkpPQi1QUzYyODMtV0VTVENFTlRSQUxVUyIsImpvYkxvY2F0aW9uIjoid2VzdGNlbnRyYWx1cyJ9?api-version=2016-09-01",
      "EncodedRequestUri": "L3N1YnNjcmlwdGlvbnMvZWU1ZWE4OTktMDc5MS00MThmLTkyNzAtNzdjZDgyNzM3OTRiL29wZXJhdGlvbnJlc3VsdHMvZXlKcWIySkpaQ0k2SWxKRlUwOVZVa05GUjFKUFZWQkVSVXhGVkVsUFRrcFBRaTFRVXpZeU9ETXRWMFZUVkVORlRsUlNRVXhWVXlJc0ltcHZZa3h2WTJGMGFXOXVJam9pZDJWemRHTmxiblJ5WVd4MWN5Sjk/YXBpLXZlcnNpb249MjAxNi0wOS0wMQ==",
      "RequestMethod": "GET",
      "RequestBody": "",
      "RequestHeaders": {
        "User-Agent": [
          "FxVersion/4.7.3163.0",
          "OSName/WindowsServer2012R2Datacenter",
          "OSVersion/6.3.9600",
          "Microsoft.Azure.Management.Internal.Resources.ResourceManagementClient/4.1.0"
        ]
      },
      "ResponseHeaders": {
        "Pragma": [
          "no-cache"
        ],
        "Retry-After": [
          "15"
        ],
        "x-ms-ratelimit-remaining-subscription-reads": [
          "11993"
        ],
        "x-ms-request-id": [
          "1913c78b-69ec-4aff-819e-8bc125cc547b"
        ],
        "x-ms-correlation-request-id": [
          "1913c78b-69ec-4aff-819e-8bc125cc547b"
        ],
        "x-ms-routing-request-id": [
          "UKSOUTH2:20181107T133648Z:1913c78b-69ec-4aff-819e-8bc125cc547b"
        ],
        "Strict-Transport-Security": [
          "max-age=31536000; includeSubDomains"
        ],
        "X-Content-Type-Options": [
          "nosniff"
        ],
        "Cache-Control": [
          "no-cache"
        ],
        "Date": [
          "Wed, 07 Nov 2018 13:36:47 GMT"
        ],
        "Location": [
          "https://management.azure.com/subscriptions/ee5ea899-0791-418f-9270-77cd8273794b/operationresults/eyJqb2JJZCI6IlJFU09VUkNFR1JPVVBERUxFVElPTkpPQi1QUzYyODMtV0VTVENFTlRSQUxVUyIsImpvYkxvY2F0aW9uIjoid2VzdGNlbnRyYWx1cyJ9?api-version=2016-09-01"
        ],
        "Content-Length": [
          "0"
        ],
        "Expires": [
          "-1"
        ]
      },
      "ResponseBody": "",
      "StatusCode": 202
    },
    {
      "RequestUri": "/subscriptions/ee5ea899-0791-418f-9270-77cd8273794b/operationresults/eyJqb2JJZCI6IlJFU09VUkNFR1JPVVBERUxFVElPTkpPQi1QUzYyODMtV0VTVENFTlRSQUxVUyIsImpvYkxvY2F0aW9uIjoid2VzdGNlbnRyYWx1cyJ9?api-version=2016-09-01",
      "EncodedRequestUri": "L3N1YnNjcmlwdGlvbnMvZWU1ZWE4OTktMDc5MS00MThmLTkyNzAtNzdjZDgyNzM3OTRiL29wZXJhdGlvbnJlc3VsdHMvZXlKcWIySkpaQ0k2SWxKRlUwOVZVa05GUjFKUFZWQkVSVXhGVkVsUFRrcFBRaTFRVXpZeU9ETXRWMFZUVkVORlRsUlNRVXhWVXlJc0ltcHZZa3h2WTJGMGFXOXVJam9pZDJWemRHTmxiblJ5WVd4MWN5Sjk/YXBpLXZlcnNpb249MjAxNi0wOS0wMQ==",
      "RequestMethod": "GET",
      "RequestBody": "",
      "RequestHeaders": {
        "User-Agent": [
          "FxVersion/4.7.3163.0",
          "OSName/WindowsServer2012R2Datacenter",
          "OSVersion/6.3.9600",
          "Microsoft.Azure.Management.Internal.Resources.ResourceManagementClient/4.1.0"
        ]
      },
      "ResponseHeaders": {
        "Pragma": [
          "no-cache"
        ],
        "Retry-After": [
          "15"
        ],
        "x-ms-ratelimit-remaining-subscription-reads": [
          "11992"
        ],
        "x-ms-request-id": [
          "4a13e3f8-9a1e-4943-a0c5-d4a8403fbaa7"
        ],
        "x-ms-correlation-request-id": [
          "4a13e3f8-9a1e-4943-a0c5-d4a8403fbaa7"
        ],
        "x-ms-routing-request-id": [
          "UKSOUTH2:20181107T133703Z:4a13e3f8-9a1e-4943-a0c5-d4a8403fbaa7"
        ],
        "Strict-Transport-Security": [
          "max-age=31536000; includeSubDomains"
        ],
        "X-Content-Type-Options": [
          "nosniff"
        ],
        "Cache-Control": [
          "no-cache"
        ],
        "Date": [
          "Wed, 07 Nov 2018 13:37:02 GMT"
        ],
        "Location": [
          "https://management.azure.com/subscriptions/ee5ea899-0791-418f-9270-77cd8273794b/operationresults/eyJqb2JJZCI6IlJFU09VUkNFR1JPVVBERUxFVElPTkpPQi1QUzYyODMtV0VTVENFTlRSQUxVUyIsImpvYkxvY2F0aW9uIjoid2VzdGNlbnRyYWx1cyJ9?api-version=2016-09-01"
        ],
        "Content-Length": [
          "0"
        ],
        "Expires": [
          "-1"
        ]
      },
      "ResponseBody": "",
      "StatusCode": 202
    },
    {
      "RequestUri": "/subscriptions/ee5ea899-0791-418f-9270-77cd8273794b/operationresults/eyJqb2JJZCI6IlJFU09VUkNFR1JPVVBERUxFVElPTkpPQi1QUzYyODMtV0VTVENFTlRSQUxVUyIsImpvYkxvY2F0aW9uIjoid2VzdGNlbnRyYWx1cyJ9?api-version=2016-09-01",
      "EncodedRequestUri": "L3N1YnNjcmlwdGlvbnMvZWU1ZWE4OTktMDc5MS00MThmLTkyNzAtNzdjZDgyNzM3OTRiL29wZXJhdGlvbnJlc3VsdHMvZXlKcWIySkpaQ0k2SWxKRlUwOVZVa05GUjFKUFZWQkVSVXhGVkVsUFRrcFBRaTFRVXpZeU9ETXRWMFZUVkVORlRsUlNRVXhWVXlJc0ltcHZZa3h2WTJGMGFXOXVJam9pZDJWemRHTmxiblJ5WVd4MWN5Sjk/YXBpLXZlcnNpb249MjAxNi0wOS0wMQ==",
      "RequestMethod": "GET",
      "RequestBody": "",
      "RequestHeaders": {
        "User-Agent": [
          "FxVersion/4.7.3163.0",
          "OSName/WindowsServer2012R2Datacenter",
          "OSVersion/6.3.9600",
          "Microsoft.Azure.Management.Internal.Resources.ResourceManagementClient/4.1.0"
        ]
      },
      "ResponseHeaders": {
        "Pragma": [
          "no-cache"
        ],
        "Retry-After": [
          "15"
        ],
        "x-ms-ratelimit-remaining-subscription-reads": [
          "11991"
        ],
        "x-ms-request-id": [
          "5eba5406-dcaf-4e24-919f-4a524b864762"
        ],
        "x-ms-correlation-request-id": [
          "5eba5406-dcaf-4e24-919f-4a524b864762"
        ],
        "x-ms-routing-request-id": [
          "UKSOUTH2:20181107T133718Z:5eba5406-dcaf-4e24-919f-4a524b864762"
        ],
        "Strict-Transport-Security": [
          "max-age=31536000; includeSubDomains"
        ],
        "X-Content-Type-Options": [
          "nosniff"
        ],
        "Cache-Control": [
          "no-cache"
        ],
        "Date": [
          "Wed, 07 Nov 2018 13:37:18 GMT"
        ],
        "Location": [
          "https://management.azure.com/subscriptions/ee5ea899-0791-418f-9270-77cd8273794b/operationresults/eyJqb2JJZCI6IlJFU09VUkNFR1JPVVBERUxFVElPTkpPQi1QUzYyODMtV0VTVENFTlRSQUxVUyIsImpvYkxvY2F0aW9uIjoid2VzdGNlbnRyYWx1cyJ9?api-version=2016-09-01"
        ],
        "Content-Length": [
          "0"
        ],
        "Expires": [
          "-1"
        ]
      },
      "ResponseBody": "",
      "StatusCode": 202
    },
    {
      "RequestUri": "/subscriptions/ee5ea899-0791-418f-9270-77cd8273794b/operationresults/eyJqb2JJZCI6IlJFU09VUkNFR1JPVVBERUxFVElPTkpPQi1QUzYyODMtV0VTVENFTlRSQUxVUyIsImpvYkxvY2F0aW9uIjoid2VzdGNlbnRyYWx1cyJ9?api-version=2016-09-01",
      "EncodedRequestUri": "L3N1YnNjcmlwdGlvbnMvZWU1ZWE4OTktMDc5MS00MThmLTkyNzAtNzdjZDgyNzM3OTRiL29wZXJhdGlvbnJlc3VsdHMvZXlKcWIySkpaQ0k2SWxKRlUwOVZVa05GUjFKUFZWQkVSVXhGVkVsUFRrcFBRaTFRVXpZeU9ETXRWMFZUVkVORlRsUlNRVXhWVXlJc0ltcHZZa3h2WTJGMGFXOXVJam9pZDJWemRHTmxiblJ5WVd4MWN5Sjk/YXBpLXZlcnNpb249MjAxNi0wOS0wMQ==",
      "RequestMethod": "GET",
      "RequestBody": "",
      "RequestHeaders": {
        "User-Agent": [
          "FxVersion/4.7.3163.0",
          "OSName/WindowsServer2012R2Datacenter",
          "OSVersion/6.3.9600",
          "Microsoft.Azure.Management.Internal.Resources.ResourceManagementClient/4.1.0"
        ]
      },
      "ResponseHeaders": {
        "Pragma": [
          "no-cache"
        ],
        "Retry-After": [
          "15"
        ],
        "x-ms-ratelimit-remaining-subscription-reads": [
          "11990"
        ],
        "x-ms-request-id": [
          "6a6c426f-da3d-4fdb-9818-9b6a1d253073"
        ],
        "x-ms-correlation-request-id": [
          "6a6c426f-da3d-4fdb-9818-9b6a1d253073"
        ],
        "x-ms-routing-request-id": [
          "UKSOUTH2:20181107T133734Z:6a6c426f-da3d-4fdb-9818-9b6a1d253073"
        ],
        "Strict-Transport-Security": [
          "max-age=31536000; includeSubDomains"
        ],
        "X-Content-Type-Options": [
          "nosniff"
        ],
        "Cache-Control": [
          "no-cache"
        ],
        "Date": [
          "Wed, 07 Nov 2018 13:37:33 GMT"
        ],
        "Location": [
          "https://management.azure.com/subscriptions/ee5ea899-0791-418f-9270-77cd8273794b/operationresults/eyJqb2JJZCI6IlJFU09VUkNFR1JPVVBERUxFVElPTkpPQi1QUzYyODMtV0VTVENFTlRSQUxVUyIsImpvYkxvY2F0aW9uIjoid2VzdGNlbnRyYWx1cyJ9?api-version=2016-09-01"
        ],
        "Content-Length": [
          "0"
        ],
        "Expires": [
          "-1"
        ]
      },
      "ResponseBody": "",
      "StatusCode": 202
    },
    {
      "RequestUri": "/subscriptions/ee5ea899-0791-418f-9270-77cd8273794b/operationresults/eyJqb2JJZCI6IlJFU09VUkNFR1JPVVBERUxFVElPTkpPQi1QUzYyODMtV0VTVENFTlRSQUxVUyIsImpvYkxvY2F0aW9uIjoid2VzdGNlbnRyYWx1cyJ9?api-version=2016-09-01",
      "EncodedRequestUri": "L3N1YnNjcmlwdGlvbnMvZWU1ZWE4OTktMDc5MS00MThmLTkyNzAtNzdjZDgyNzM3OTRiL29wZXJhdGlvbnJlc3VsdHMvZXlKcWIySkpaQ0k2SWxKRlUwOVZVa05GUjFKUFZWQkVSVXhGVkVsUFRrcFBRaTFRVXpZeU9ETXRWMFZUVkVORlRsUlNRVXhWVXlJc0ltcHZZa3h2WTJGMGFXOXVJam9pZDJWemRHTmxiblJ5WVd4MWN5Sjk/YXBpLXZlcnNpb249MjAxNi0wOS0wMQ==",
      "RequestMethod": "GET",
      "RequestBody": "",
      "RequestHeaders": {
        "User-Agent": [
          "FxVersion/4.7.3163.0",
          "OSName/WindowsServer2012R2Datacenter",
          "OSVersion/6.3.9600",
          "Microsoft.Azure.Management.Internal.Resources.ResourceManagementClient/4.1.0"
        ]
      },
      "ResponseHeaders": {
        "Pragma": [
          "no-cache"
        ],
        "x-ms-ratelimit-remaining-subscription-reads": [
          "11989"
        ],
        "x-ms-request-id": [
          "5e39dbd2-7500-49d5-9731-82da8e2a8e38"
        ],
        "x-ms-correlation-request-id": [
          "5e39dbd2-7500-49d5-9731-82da8e2a8e38"
        ],
        "x-ms-routing-request-id": [
          "UKSOUTH2:20181107T133749Z:5e39dbd2-7500-49d5-9731-82da8e2a8e38"
        ],
        "Strict-Transport-Security": [
          "max-age=31536000; includeSubDomains"
        ],
        "X-Content-Type-Options": [
          "nosniff"
        ],
        "Cache-Control": [
          "no-cache"
        ],
        "Date": [
          "Wed, 07 Nov 2018 13:37:48 GMT"
        ],
        "Content-Length": [
          "0"
        ],
        "Expires": [
          "-1"
        ]
      },
      "ResponseBody": "",
      "StatusCode": 200
    },
    {
      "RequestUri": "/subscriptions/ee5ea899-0791-418f-9270-77cd8273794b/operationresults/eyJqb2JJZCI6IlJFU09VUkNFR1JPVVBERUxFVElPTkpPQi1QUzYyODMtV0VTVENFTlRSQUxVUyIsImpvYkxvY2F0aW9uIjoid2VzdGNlbnRyYWx1cyJ9?api-version=2016-09-01",
      "EncodedRequestUri": "L3N1YnNjcmlwdGlvbnMvZWU1ZWE4OTktMDc5MS00MThmLTkyNzAtNzdjZDgyNzM3OTRiL29wZXJhdGlvbnJlc3VsdHMvZXlKcWIySkpaQ0k2SWxKRlUwOVZVa05GUjFKUFZWQkVSVXhGVkVsUFRrcFBRaTFRVXpZeU9ETXRWMFZUVkVORlRsUlNRVXhWVXlJc0ltcHZZa3h2WTJGMGFXOXVJam9pZDJWemRHTmxiblJ5WVd4MWN5Sjk/YXBpLXZlcnNpb249MjAxNi0wOS0wMQ==",
      "RequestMethod": "GET",
      "RequestBody": "",
      "RequestHeaders": {
        "User-Agent": [
          "FxVersion/4.7.3163.0",
          "OSName/WindowsServer2012R2Datacenter",
          "OSVersion/6.3.9600",
          "Microsoft.Azure.Management.Internal.Resources.ResourceManagementClient/4.1.0"
        ]
      },
      "ResponseHeaders": {
        "Pragma": [
          "no-cache"
        ],
        "x-ms-ratelimit-remaining-subscription-reads": [
          "11988"
        ],
        "x-ms-request-id": [
          "88e6ee4b-4a6f-453c-9e17-e4e11551831b"
        ],
        "x-ms-correlation-request-id": [
          "88e6ee4b-4a6f-453c-9e17-e4e11551831b"
        ],
        "x-ms-routing-request-id": [
          "UKSOUTH2:20181107T133749Z:88e6ee4b-4a6f-453c-9e17-e4e11551831b"
        ],
        "Strict-Transport-Security": [
          "max-age=31536000; includeSubDomains"
        ],
        "X-Content-Type-Options": [
          "nosniff"
        ],
        "Cache-Control": [
          "no-cache"
        ],
        "Date": [
          "Wed, 07 Nov 2018 13:37:48 GMT"
        ],
        "Content-Length": [
          "0"
        ],
        "Expires": [
          "-1"
        ]
      },
      "ResponseBody": "",
      "StatusCode": 200
    },
    {
      "RequestUri": "/subscriptions/ee5ea899-0791-418f-9270-77cd8273794b/resourcegroups/ps5847?api-version=2016-09-01",
      "EncodedRequestUri": "L3N1YnNjcmlwdGlvbnMvZWU1ZWE4OTktMDc5MS00MThmLTkyNzAtNzdjZDgyNzM3OTRiL3Jlc291cmNlZ3JvdXBzL3BzNTg0Nz9hcGktdmVyc2lvbj0yMDE2LTA5LTAx",
      "RequestMethod": "DELETE",
      "RequestBody": "",
      "RequestHeaders": {
        "x-ms-client-request-id": [
          "be95d99f-5113-4244-8305-f6b8a3d3beae"
        ],
        "accept-language": [
          "en-US"
        ],
        "User-Agent": [
          "FxVersion/4.7.3163.0",
          "OSName/WindowsServer2012R2Datacenter",
          "OSVersion/6.3.9600",
          "Microsoft.Azure.Management.Internal.Resources.ResourceManagementClient/4.1.0"
        ]
      },
      "ResponseHeaders": {
        "Pragma": [
          "no-cache"
        ],
        "Retry-After": [
          "15"
        ],
        "x-ms-ratelimit-remaining-subscription-deletes": [
          "14997"
        ],
        "x-ms-request-id": [
          "926b615f-552d-4e42-9d89-c09a43d6026c"
        ],
        "x-ms-correlation-request-id": [
          "926b615f-552d-4e42-9d89-c09a43d6026c"
        ],
        "x-ms-routing-request-id": [
          "UKSOUTH2:20181107T133751Z:926b615f-552d-4e42-9d89-c09a43d6026c"
        ],
        "Strict-Transport-Security": [
          "max-age=31536000; includeSubDomains"
        ],
        "X-Content-Type-Options": [
          "nosniff"
        ],
        "Cache-Control": [
          "no-cache"
        ],
        "Date": [
          "Wed, 07 Nov 2018 13:37:50 GMT"
        ],
        "Location": [
          "https://management.azure.com/subscriptions/ee5ea899-0791-418f-9270-77cd8273794b/operationresults/eyJqb2JJZCI6IlJFU09VUkNFR1JPVVBERUxFVElPTkpPQi1QUzU4NDctV0VTVENFTlRSQUxVUyIsImpvYkxvY2F0aW9uIjoid2VzdGNlbnRyYWx1cyJ9?api-version=2016-09-01"
        ],
        "Content-Length": [
          "0"
        ],
        "Expires": [
          "-1"
        ]
      },
      "ResponseBody": "",
      "StatusCode": 202
    },
    {
      "RequestUri": "/subscriptions/ee5ea899-0791-418f-9270-77cd8273794b/operationresults/eyJqb2JJZCI6IlJFU09VUkNFR1JPVVBERUxFVElPTkpPQi1QUzU4NDctV0VTVENFTlRSQUxVUyIsImpvYkxvY2F0aW9uIjoid2VzdGNlbnRyYWx1cyJ9?api-version=2016-09-01",
      "EncodedRequestUri": "L3N1YnNjcmlwdGlvbnMvZWU1ZWE4OTktMDc5MS00MThmLTkyNzAtNzdjZDgyNzM3OTRiL29wZXJhdGlvbnJlc3VsdHMvZXlKcWIySkpaQ0k2SWxKRlUwOVZVa05GUjFKUFZWQkVSVXhGVkVsUFRrcFBRaTFRVXpVNE5EY3RWMFZUVkVORlRsUlNRVXhWVXlJc0ltcHZZa3h2WTJGMGFXOXVJam9pZDJWemRHTmxiblJ5WVd4MWN5Sjk/YXBpLXZlcnNpb249MjAxNi0wOS0wMQ==",
      "RequestMethod": "GET",
      "RequestBody": "",
      "RequestHeaders": {
        "User-Agent": [
          "FxVersion/4.7.3163.0",
          "OSName/WindowsServer2012R2Datacenter",
          "OSVersion/6.3.9600",
          "Microsoft.Azure.Management.Internal.Resources.ResourceManagementClient/4.1.0"
        ]
      },
      "ResponseHeaders": {
        "Pragma": [
          "no-cache"
        ],
        "Retry-After": [
          "15"
        ],
        "x-ms-ratelimit-remaining-subscription-reads": [
          "11987"
        ],
        "x-ms-request-id": [
          "79066acb-e2e3-42bc-829d-89d83ea4f0c7"
        ],
        "x-ms-correlation-request-id": [
          "79066acb-e2e3-42bc-829d-89d83ea4f0c7"
        ],
        "x-ms-routing-request-id": [
          "UKSOUTH2:20181107T133806Z:79066acb-e2e3-42bc-829d-89d83ea4f0c7"
        ],
        "Strict-Transport-Security": [
          "max-age=31536000; includeSubDomains"
        ],
        "X-Content-Type-Options": [
          "nosniff"
        ],
        "Cache-Control": [
          "no-cache"
        ],
        "Date": [
          "Wed, 07 Nov 2018 13:38:06 GMT"
        ],
        "Location": [
          "https://management.azure.com/subscriptions/ee5ea899-0791-418f-9270-77cd8273794b/operationresults/eyJqb2JJZCI6IlJFU09VUkNFR1JPVVBERUxFVElPTkpPQi1QUzU4NDctV0VTVENFTlRSQUxVUyIsImpvYkxvY2F0aW9uIjoid2VzdGNlbnRyYWx1cyJ9?api-version=2016-09-01"
        ],
        "Content-Length": [
          "0"
        ],
        "Expires": [
          "-1"
        ]
      },
      "ResponseBody": "",
      "StatusCode": 202
    },
    {
      "RequestUri": "/subscriptions/ee5ea899-0791-418f-9270-77cd8273794b/operationresults/eyJqb2JJZCI6IlJFU09VUkNFR1JPVVBERUxFVElPTkpPQi1QUzU4NDctV0VTVENFTlRSQUxVUyIsImpvYkxvY2F0aW9uIjoid2VzdGNlbnRyYWx1cyJ9?api-version=2016-09-01",
      "EncodedRequestUri": "L3N1YnNjcmlwdGlvbnMvZWU1ZWE4OTktMDc5MS00MThmLTkyNzAtNzdjZDgyNzM3OTRiL29wZXJhdGlvbnJlc3VsdHMvZXlKcWIySkpaQ0k2SWxKRlUwOVZVa05GUjFKUFZWQkVSVXhGVkVsUFRrcFBRaTFRVXpVNE5EY3RWMFZUVkVORlRsUlNRVXhWVXlJc0ltcHZZa3h2WTJGMGFXOXVJam9pZDJWemRHTmxiblJ5WVd4MWN5Sjk/YXBpLXZlcnNpb249MjAxNi0wOS0wMQ==",
      "RequestMethod": "GET",
      "RequestBody": "",
      "RequestHeaders": {
        "User-Agent": [
          "FxVersion/4.7.3163.0",
          "OSName/WindowsServer2012R2Datacenter",
          "OSVersion/6.3.9600",
          "Microsoft.Azure.Management.Internal.Resources.ResourceManagementClient/4.1.0"
        ]
      },
      "ResponseHeaders": {
        "Pragma": [
          "no-cache"
        ],
        "Retry-After": [
          "15"
        ],
        "x-ms-ratelimit-remaining-subscription-reads": [
          "11986"
        ],
        "x-ms-request-id": [
          "1dc18389-3caa-4417-a171-06f444a9d2d0"
        ],
        "x-ms-correlation-request-id": [
          "1dc18389-3caa-4417-a171-06f444a9d2d0"
        ],
        "x-ms-routing-request-id": [
          "UKSOUTH2:20181107T133822Z:1dc18389-3caa-4417-a171-06f444a9d2d0"
        ],
        "Strict-Transport-Security": [
          "max-age=31536000; includeSubDomains"
        ],
        "X-Content-Type-Options": [
          "nosniff"
        ],
        "Cache-Control": [
          "no-cache"
        ],
        "Date": [
          "Wed, 07 Nov 2018 13:38:21 GMT"
        ],
        "Location": [
          "https://management.azure.com/subscriptions/ee5ea899-0791-418f-9270-77cd8273794b/operationresults/eyJqb2JJZCI6IlJFU09VUkNFR1JPVVBERUxFVElPTkpPQi1QUzU4NDctV0VTVENFTlRSQUxVUyIsImpvYkxvY2F0aW9uIjoid2VzdGNlbnRyYWx1cyJ9?api-version=2016-09-01"
        ],
        "Content-Length": [
          "0"
        ],
        "Expires": [
          "-1"
        ]
      },
      "ResponseBody": "",
      "StatusCode": 202
    },
    {
      "RequestUri": "/subscriptions/ee5ea899-0791-418f-9270-77cd8273794b/operationresults/eyJqb2JJZCI6IlJFU09VUkNFR1JPVVBERUxFVElPTkpPQi1QUzU4NDctV0VTVENFTlRSQUxVUyIsImpvYkxvY2F0aW9uIjoid2VzdGNlbnRyYWx1cyJ9?api-version=2016-09-01",
      "EncodedRequestUri": "L3N1YnNjcmlwdGlvbnMvZWU1ZWE4OTktMDc5MS00MThmLTkyNzAtNzdjZDgyNzM3OTRiL29wZXJhdGlvbnJlc3VsdHMvZXlKcWIySkpaQ0k2SWxKRlUwOVZVa05GUjFKUFZWQkVSVXhGVkVsUFRrcFBRaTFRVXpVNE5EY3RWMFZUVkVORlRsUlNRVXhWVXlJc0ltcHZZa3h2WTJGMGFXOXVJam9pZDJWemRHTmxiblJ5WVd4MWN5Sjk/YXBpLXZlcnNpb249MjAxNi0wOS0wMQ==",
      "RequestMethod": "GET",
      "RequestBody": "",
      "RequestHeaders": {
        "User-Agent": [
          "FxVersion/4.7.3163.0",
          "OSName/WindowsServer2012R2Datacenter",
          "OSVersion/6.3.9600",
          "Microsoft.Azure.Management.Internal.Resources.ResourceManagementClient/4.1.0"
        ]
      },
      "ResponseHeaders": {
        "Pragma": [
          "no-cache"
        ],
        "Retry-After": [
          "15"
        ],
        "x-ms-ratelimit-remaining-subscription-reads": [
          "11985"
        ],
        "x-ms-request-id": [
          "d1b62ac2-9e93-469b-a9a7-c293c39576fc"
        ],
        "x-ms-correlation-request-id": [
          "d1b62ac2-9e93-469b-a9a7-c293c39576fc"
        ],
        "x-ms-routing-request-id": [
          "UKSOUTH2:20181107T133837Z:d1b62ac2-9e93-469b-a9a7-c293c39576fc"
        ],
        "Strict-Transport-Security": [
          "max-age=31536000; includeSubDomains"
        ],
        "X-Content-Type-Options": [
          "nosniff"
        ],
        "Cache-Control": [
          "no-cache"
        ],
        "Date": [
          "Wed, 07 Nov 2018 13:38:36 GMT"
        ],
        "Location": [
          "https://management.azure.com/subscriptions/ee5ea899-0791-418f-9270-77cd8273794b/operationresults/eyJqb2JJZCI6IlJFU09VUkNFR1JPVVBERUxFVElPTkpPQi1QUzU4NDctV0VTVENFTlRSQUxVUyIsImpvYkxvY2F0aW9uIjoid2VzdGNlbnRyYWx1cyJ9?api-version=2016-09-01"
        ],
        "Content-Length": [
          "0"
        ],
        "Expires": [
          "-1"
        ]
      },
      "ResponseBody": "",
      "StatusCode": 202
    },
    {
      "RequestUri": "/subscriptions/ee5ea899-0791-418f-9270-77cd8273794b/operationresults/eyJqb2JJZCI6IlJFU09VUkNFR1JPVVBERUxFVElPTkpPQi1QUzU4NDctV0VTVENFTlRSQUxVUyIsImpvYkxvY2F0aW9uIjoid2VzdGNlbnRyYWx1cyJ9?api-version=2016-09-01",
      "EncodedRequestUri": "L3N1YnNjcmlwdGlvbnMvZWU1ZWE4OTktMDc5MS00MThmLTkyNzAtNzdjZDgyNzM3OTRiL29wZXJhdGlvbnJlc3VsdHMvZXlKcWIySkpaQ0k2SWxKRlUwOVZVa05GUjFKUFZWQkVSVXhGVkVsUFRrcFBRaTFRVXpVNE5EY3RWMFZUVkVORlRsUlNRVXhWVXlJc0ltcHZZa3h2WTJGMGFXOXVJam9pZDJWemRHTmxiblJ5WVd4MWN5Sjk/YXBpLXZlcnNpb249MjAxNi0wOS0wMQ==",
      "RequestMethod": "GET",
      "RequestBody": "",
      "RequestHeaders": {
        "User-Agent": [
          "FxVersion/4.7.3163.0",
          "OSName/WindowsServer2012R2Datacenter",
          "OSVersion/6.3.9600",
          "Microsoft.Azure.Management.Internal.Resources.ResourceManagementClient/4.1.0"
        ]
      },
      "ResponseHeaders": {
        "Pragma": [
          "no-cache"
        ],
        "Retry-After": [
          "15"
        ],
        "x-ms-ratelimit-remaining-subscription-reads": [
          "11984"
        ],
        "x-ms-request-id": [
          "eb9a5751-ee8d-43f8-a685-ec0962b5ef4f"
        ],
        "x-ms-correlation-request-id": [
          "eb9a5751-ee8d-43f8-a685-ec0962b5ef4f"
        ],
        "x-ms-routing-request-id": [
          "UKSOUTH2:20181107T133852Z:eb9a5751-ee8d-43f8-a685-ec0962b5ef4f"
        ],
        "Strict-Transport-Security": [
          "max-age=31536000; includeSubDomains"
        ],
        "X-Content-Type-Options": [
          "nosniff"
        ],
        "Cache-Control": [
          "no-cache"
        ],
        "Date": [
          "Wed, 07 Nov 2018 13:38:51 GMT"
        ],
        "Location": [
          "https://management.azure.com/subscriptions/ee5ea899-0791-418f-9270-77cd8273794b/operationresults/eyJqb2JJZCI6IlJFU09VUkNFR1JPVVBERUxFVElPTkpPQi1QUzU4NDctV0VTVENFTlRSQUxVUyIsImpvYkxvY2F0aW9uIjoid2VzdGNlbnRyYWx1cyJ9?api-version=2016-09-01"
        ],
        "Content-Length": [
          "0"
        ],
        "Expires": [
          "-1"
        ]
      },
      "ResponseBody": "",
      "StatusCode": 202
    },
    {
      "RequestUri": "/subscriptions/ee5ea899-0791-418f-9270-77cd8273794b/operationresults/eyJqb2JJZCI6IlJFU09VUkNFR1JPVVBERUxFVElPTkpPQi1QUzU4NDctV0VTVENFTlRSQUxVUyIsImpvYkxvY2F0aW9uIjoid2VzdGNlbnRyYWx1cyJ9?api-version=2016-09-01",
      "EncodedRequestUri": "L3N1YnNjcmlwdGlvbnMvZWU1ZWE4OTktMDc5MS00MThmLTkyNzAtNzdjZDgyNzM3OTRiL29wZXJhdGlvbnJlc3VsdHMvZXlKcWIySkpaQ0k2SWxKRlUwOVZVa05GUjFKUFZWQkVSVXhGVkVsUFRrcFBRaTFRVXpVNE5EY3RWMFZUVkVORlRsUlNRVXhWVXlJc0ltcHZZa3h2WTJGMGFXOXVJam9pZDJWemRHTmxiblJ5WVd4MWN5Sjk/YXBpLXZlcnNpb249MjAxNi0wOS0wMQ==",
      "RequestMethod": "GET",
      "RequestBody": "",
      "RequestHeaders": {
        "User-Agent": [
          "FxVersion/4.7.3163.0",
          "OSName/WindowsServer2012R2Datacenter",
          "OSVersion/6.3.9600",
          "Microsoft.Azure.Management.Internal.Resources.ResourceManagementClient/4.1.0"
        ]
      },
      "ResponseHeaders": {
        "Pragma": [
          "no-cache"
        ],
        "Retry-After": [
          "15"
        ],
        "x-ms-ratelimit-remaining-subscription-reads": [
          "11983"
        ],
        "x-ms-request-id": [
          "1989e8e5-92ec-475e-b69b-35d52bd357a0"
        ],
        "x-ms-correlation-request-id": [
          "1989e8e5-92ec-475e-b69b-35d52bd357a0"
        ],
        "x-ms-routing-request-id": [
          "UKSOUTH2:20181107T133908Z:1989e8e5-92ec-475e-b69b-35d52bd357a0"
        ],
        "Strict-Transport-Security": [
          "max-age=31536000; includeSubDomains"
        ],
        "X-Content-Type-Options": [
          "nosniff"
        ],
        "Cache-Control": [
          "no-cache"
        ],
        "Date": [
          "Wed, 07 Nov 2018 13:39:07 GMT"
        ],
        "Location": [
          "https://management.azure.com/subscriptions/ee5ea899-0791-418f-9270-77cd8273794b/operationresults/eyJqb2JJZCI6IlJFU09VUkNFR1JPVVBERUxFVElPTkpPQi1QUzU4NDctV0VTVENFTlRSQUxVUyIsImpvYkxvY2F0aW9uIjoid2VzdGNlbnRyYWx1cyJ9?api-version=2016-09-01"
        ],
        "Content-Length": [
          "0"
        ],
        "Expires": [
          "-1"
        ]
      },
      "ResponseBody": "",
      "StatusCode": 202
    },
    {
      "RequestUri": "/subscriptions/ee5ea899-0791-418f-9270-77cd8273794b/operationresults/eyJqb2JJZCI6IlJFU09VUkNFR1JPVVBERUxFVElPTkpPQi1QUzU4NDctV0VTVENFTlRSQUxVUyIsImpvYkxvY2F0aW9uIjoid2VzdGNlbnRyYWx1cyJ9?api-version=2016-09-01",
      "EncodedRequestUri": "L3N1YnNjcmlwdGlvbnMvZWU1ZWE4OTktMDc5MS00MThmLTkyNzAtNzdjZDgyNzM3OTRiL29wZXJhdGlvbnJlc3VsdHMvZXlKcWIySkpaQ0k2SWxKRlUwOVZVa05GUjFKUFZWQkVSVXhGVkVsUFRrcFBRaTFRVXpVNE5EY3RWMFZUVkVORlRsUlNRVXhWVXlJc0ltcHZZa3h2WTJGMGFXOXVJam9pZDJWemRHTmxiblJ5WVd4MWN5Sjk/YXBpLXZlcnNpb249MjAxNi0wOS0wMQ==",
      "RequestMethod": "GET",
      "RequestBody": "",
      "RequestHeaders": {
        "User-Agent": [
          "FxVersion/4.7.3163.0",
          "OSName/WindowsServer2012R2Datacenter",
          "OSVersion/6.3.9600",
          "Microsoft.Azure.Management.Internal.Resources.ResourceManagementClient/4.1.0"
        ]
      },
      "ResponseHeaders": {
        "Pragma": [
          "no-cache"
        ],
        "Retry-After": [
          "15"
        ],
        "x-ms-ratelimit-remaining-subscription-reads": [
          "11982"
        ],
        "x-ms-request-id": [
          "2ada5688-729e-41b7-8849-c36593c53b0f"
        ],
        "x-ms-correlation-request-id": [
          "2ada5688-729e-41b7-8849-c36593c53b0f"
        ],
        "x-ms-routing-request-id": [
          "UKSOUTH2:20181107T133923Z:2ada5688-729e-41b7-8849-c36593c53b0f"
        ],
        "Strict-Transport-Security": [
          "max-age=31536000; includeSubDomains"
        ],
        "X-Content-Type-Options": [
          "nosniff"
        ],
        "Cache-Control": [
          "no-cache"
        ],
        "Date": [
          "Wed, 07 Nov 2018 13:39:22 GMT"
        ],
        "Location": [
          "https://management.azure.com/subscriptions/ee5ea899-0791-418f-9270-77cd8273794b/operationresults/eyJqb2JJZCI6IlJFU09VUkNFR1JPVVBERUxFVElPTkpPQi1QUzU4NDctV0VTVENFTlRSQUxVUyIsImpvYkxvY2F0aW9uIjoid2VzdGNlbnRyYWx1cyJ9?api-version=2016-09-01"
        ],
        "Content-Length": [
          "0"
        ],
        "Expires": [
          "-1"
        ]
      },
      "ResponseBody": "",
      "StatusCode": 202
    },
    {
      "RequestUri": "/subscriptions/ee5ea899-0791-418f-9270-77cd8273794b/operationresults/eyJqb2JJZCI6IlJFU09VUkNFR1JPVVBERUxFVElPTkpPQi1QUzU4NDctV0VTVENFTlRSQUxVUyIsImpvYkxvY2F0aW9uIjoid2VzdGNlbnRyYWx1cyJ9?api-version=2016-09-01",
      "EncodedRequestUri": "L3N1YnNjcmlwdGlvbnMvZWU1ZWE4OTktMDc5MS00MThmLTkyNzAtNzdjZDgyNzM3OTRiL29wZXJhdGlvbnJlc3VsdHMvZXlKcWIySkpaQ0k2SWxKRlUwOVZVa05GUjFKUFZWQkVSVXhGVkVsUFRrcFBRaTFRVXpVNE5EY3RWMFZUVkVORlRsUlNRVXhWVXlJc0ltcHZZa3h2WTJGMGFXOXVJam9pZDJWemRHTmxiblJ5WVd4MWN5Sjk/YXBpLXZlcnNpb249MjAxNi0wOS0wMQ==",
      "RequestMethod": "GET",
      "RequestBody": "",
      "RequestHeaders": {
        "User-Agent": [
          "FxVersion/4.7.3163.0",
          "OSName/WindowsServer2012R2Datacenter",
          "OSVersion/6.3.9600",
          "Microsoft.Azure.Management.Internal.Resources.ResourceManagementClient/4.1.0"
        ]
      },
      "ResponseHeaders": {
        "Pragma": [
          "no-cache"
        ],
        "x-ms-ratelimit-remaining-subscription-reads": [
          "11981"
        ],
        "x-ms-request-id": [
          "d48daef4-593d-4dc9-9226-53adc6941ca3"
        ],
        "x-ms-correlation-request-id": [
          "d48daef4-593d-4dc9-9226-53adc6941ca3"
        ],
        "x-ms-routing-request-id": [
          "UKSOUTH2:20181107T133938Z:d48daef4-593d-4dc9-9226-53adc6941ca3"
        ],
        "Strict-Transport-Security": [
          "max-age=31536000; includeSubDomains"
        ],
        "X-Content-Type-Options": [
          "nosniff"
        ],
        "Cache-Control": [
          "no-cache"
        ],
        "Date": [
          "Wed, 07 Nov 2018 13:39:38 GMT"
        ],
        "Content-Length": [
          "0"
        ],
        "Expires": [
          "-1"
        ]
      },
      "ResponseBody": "",
      "StatusCode": 200
    },
    {
      "RequestUri": "/subscriptions/ee5ea899-0791-418f-9270-77cd8273794b/operationresults/eyJqb2JJZCI6IlJFU09VUkNFR1JPVVBERUxFVElPTkpPQi1QUzU4NDctV0VTVENFTlRSQUxVUyIsImpvYkxvY2F0aW9uIjoid2VzdGNlbnRyYWx1cyJ9?api-version=2016-09-01",
      "EncodedRequestUri": "L3N1YnNjcmlwdGlvbnMvZWU1ZWE4OTktMDc5MS00MThmLTkyNzAtNzdjZDgyNzM3OTRiL29wZXJhdGlvbnJlc3VsdHMvZXlKcWIySkpaQ0k2SWxKRlUwOVZVa05GUjFKUFZWQkVSVXhGVkVsUFRrcFBRaTFRVXpVNE5EY3RWMFZUVkVORlRsUlNRVXhWVXlJc0ltcHZZa3h2WTJGMGFXOXVJam9pZDJWemRHTmxiblJ5WVd4MWN5Sjk/YXBpLXZlcnNpb249MjAxNi0wOS0wMQ==",
      "RequestMethod": "GET",
      "RequestBody": "",
      "RequestHeaders": {
        "User-Agent": [
          "FxVersion/4.7.3163.0",
          "OSName/WindowsServer2012R2Datacenter",
          "OSVersion/6.3.9600",
          "Microsoft.Azure.Management.Internal.Resources.ResourceManagementClient/4.1.0"
        ]
      },
      "ResponseHeaders": {
        "Pragma": [
          "no-cache"
        ],
        "x-ms-ratelimit-remaining-subscription-reads": [
          "11980"
        ],
        "x-ms-request-id": [
          "b8255916-f0f5-4550-bdff-b38fc13291fb"
        ],
        "x-ms-correlation-request-id": [
          "b8255916-f0f5-4550-bdff-b38fc13291fb"
        ],
        "x-ms-routing-request-id": [
          "UKSOUTH2:20181107T133939Z:b8255916-f0f5-4550-bdff-b38fc13291fb"
        ],
        "Strict-Transport-Security": [
          "max-age=31536000; includeSubDomains"
        ],
        "X-Content-Type-Options": [
          "nosniff"
        ],
        "Cache-Control": [
          "no-cache"
        ],
        "Date": [
          "Wed, 07 Nov 2018 13:39:38 GMT"
        ],
        "Content-Length": [
          "0"
        ],
        "Expires": [
          "-1"
        ]
      },
      "ResponseBody": "",
      "StatusCode": 200
    }
  ],
  "Names": {
    "Test-GetManagedInstance": [
      "ps6283",
      "ps5847",
      "ps1738",
      "ps3507"
    ]
  },
  "Variables": {
    "SubscriptionId": "ee5ea899-0791-418f-9270-77cd8273794b"
  }
}