{
  "Entries": [
    {
      "RequestUri": "/Subscriptions/00a07ea0-ad8b-491c-9de8-77bf10881499/resourceGroups?api-version=2015-01-01",
      "EncodedRequestUri": "L1N1YnNjcmlwdGlvbnMvMDBhMDdlYTAtYWQ4Yi00OTFjLTlkZTgtNzdiZjEwODgxNDk5L3Jlc291cmNlR3JvdXBzP2FwaS12ZXJzaW9uPTIwMTUtMDEtMDE=",
      "RequestMethod": "GET",
      "RequestBody": "",
      "RequestHeaders": {
        "x-ms-version": [
          "2015-01-01"
        ],
        "User-Agent": [
          "Microsoft.Azure.Management.RecoveryServices.RecoveryServicesManagementClient/0.9.0.0"
        ]
      },
      "ResponseBody": "{\r\n  \"value\": [\r\n    {\r\n      \"id\": \"/subscriptions/00a07ea0-ad8b-491c-9de8-77bf10881499/resourceGroups/RecoveryServices-N2QRRPTE4YJGIJLCY5U25RQV7P4K24ENUG6LYZF5F536VFZIM5PA-West-US\",\r\n      \"name\": \"RecoveryServices-N2QRRPTE4YJGIJLCY5U25RQV7P4K24ENUG6LYZF5F536VFZIM5PA-West-US\",\r\n      \"location\": \"westus\",\r\n      \"properties\": {\r\n        \"provisioningState\": \"Succeeded\"\r\n      }\r\n    },\r\n    {\r\n      \"id\": \"/subscriptions/00a07ea0-ad8b-491c-9de8-77bf10881499/resourceGroups/testsitegroup\",\r\n      \"name\": \"testsitegroup\",\r\n      \"location\": \"centralus\",\r\n      \"tags\": {\r\n        \"department\": \"finance\",\r\n        \"owner\": \"billg\"\r\n      },\r\n      \"properties\": {\r\n        \"provisioningState\": \"Succeeded\"\r\n      }\r\n    }\r\n  ]\r\n}",
      "ResponseHeaders": {
        "Content-Length": [
          "550"
        ],
        "Content-Type": [
          "application/json; charset=utf-8"
        ],
        "Expires": [
          "-1"
        ],
        "Pragma": [
          "no-cache"
        ],
        "x-ms-ratelimit-remaining-subscription-reads": [
          "14954"
        ],
        "x-ms-request-id": [
          "4060d086-5c65-4a9c-95a8-6cef779f76eb"
        ],
        "x-ms-correlation-request-id": [
          "4060d086-5c65-4a9c-95a8-6cef779f76eb"
        ],
        "x-ms-routing-request-id": [
          "CENTRALUS:20150819T023319Z:4060d086-5c65-4a9c-95a8-6cef779f76eb"
        ],
        "Strict-Transport-Security": [
          "max-age=31536000; includeSubDomains"
        ],
        "Cache-Control": [
          "no-cache"
        ],
        "Date": [
          "Wed, 19 Aug 2015 02:33:18 GMT"
        ]
      },
      "StatusCode": 200
    },
    {
      "RequestUri": "/Subscriptions/00a07ea0-ad8b-491c-9de8-77bf10881499/resourceGroups?api-version=2015-01-01",
      "EncodedRequestUri": "L1N1YnNjcmlwdGlvbnMvMDBhMDdlYTAtYWQ4Yi00OTFjLTlkZTgtNzdiZjEwODgxNDk5L3Jlc291cmNlR3JvdXBzP2FwaS12ZXJzaW9uPTIwMTUtMDEtMDE=",
      "RequestMethod": "GET",
      "RequestBody": "",
      "RequestHeaders": {
        "x-ms-version": [
          "2015-01-01"
        ],
        "User-Agent": [
          "Microsoft.Azure.Management.RecoveryServices.RecoveryServicesManagementClient/0.9.0.0"
        ]
      },
      "ResponseBody": "{\r\n  \"value\": [\r\n    {\r\n      \"id\": \"/subscriptions/00a07ea0-ad8b-491c-9de8-77bf10881499/resourceGroups/RecoveryServices-N2QRRPTE4YJGIJLCY5U25RQV7P4K24ENUG6LYZF5F536VFZIM5PA-West-US\",\r\n      \"name\": \"RecoveryServices-N2QRRPTE4YJGIJLCY5U25RQV7P4K24ENUG6LYZF5F536VFZIM5PA-West-US\",\r\n      \"location\": \"westus\",\r\n      \"properties\": {\r\n        \"provisioningState\": \"Succeeded\"\r\n      }\r\n    },\r\n    {\r\n      \"id\": \"/subscriptions/00a07ea0-ad8b-491c-9de8-77bf10881499/resourceGroups/testsitegroup\",\r\n      \"name\": \"testsitegroup\",\r\n      \"location\": \"centralus\",\r\n      \"tags\": {\r\n        \"department\": \"finance\",\r\n        \"owner\": \"billg\"\r\n      },\r\n      \"properties\": {\r\n        \"provisioningState\": \"Succeeded\"\r\n      }\r\n    }\r\n  ]\r\n}",
      "ResponseHeaders": {
        "Content-Length": [
          "550"
        ],
        "Content-Type": [
          "application/json; charset=utf-8"
        ],
        "Expires": [
          "-1"
        ],
        "Pragma": [
          "no-cache"
        ],
        "x-ms-ratelimit-remaining-subscription-reads": [
          "14952"
        ],
        "x-ms-request-id": [
          "f0254135-3a3c-492f-ab29-430ade8b5455"
        ],
        "x-ms-correlation-request-id": [
          "f0254135-3a3c-492f-ab29-430ade8b5455"
        ],
        "x-ms-routing-request-id": [
          "CENTRALUS:20150819T023320Z:f0254135-3a3c-492f-ab29-430ade8b5455"
        ],
        "Strict-Transport-Security": [
          "max-age=31536000; includeSubDomains"
        ],
        "Cache-Control": [
          "no-cache"
        ],
        "Date": [
          "Wed, 19 Aug 2015 02:33:19 GMT"
        ]
      },
      "StatusCode": 200
    },
    {
      "RequestUri": "/Subscriptions/00a07ea0-ad8b-491c-9de8-77bf10881499/resourceGroups?api-version=2015-01-01",
      "EncodedRequestUri": "L1N1YnNjcmlwdGlvbnMvMDBhMDdlYTAtYWQ4Yi00OTFjLTlkZTgtNzdiZjEwODgxNDk5L3Jlc291cmNlR3JvdXBzP2FwaS12ZXJzaW9uPTIwMTUtMDEtMDE=",
      "RequestMethod": "GET",
      "RequestBody": "",
      "RequestHeaders": {
        "x-ms-version": [
          "2015-01-01"
        ],
        "User-Agent": [
          "Microsoft.Azure.Management.RecoveryServices.RecoveryServicesManagementClient/0.9.0.0"
        ]
      },
      "ResponseBody": "{\r\n  \"value\": [\r\n    {\r\n      \"id\": \"/subscriptions/00a07ea0-ad8b-491c-9de8-77bf10881499/resourceGroups/RecoveryServices-N2QRRPTE4YJGIJLCY5U25RQV7P4K24ENUG6LYZF5F536VFZIM5PA-West-US\",\r\n      \"name\": \"RecoveryServices-N2QRRPTE4YJGIJLCY5U25RQV7P4K24ENUG6LYZF5F536VFZIM5PA-West-US\",\r\n      \"location\": \"westus\",\r\n      \"properties\": {\r\n        \"provisioningState\": \"Succeeded\"\r\n      }\r\n    },\r\n    {\r\n      \"id\": \"/subscriptions/00a07ea0-ad8b-491c-9de8-77bf10881499/resourceGroups/testsitegroup\",\r\n      \"name\": \"testsitegroup\",\r\n      \"location\": \"centralus\",\r\n      \"tags\": {\r\n        \"department\": \"finance\",\r\n        \"owner\": \"billg\"\r\n      },\r\n      \"properties\": {\r\n        \"provisioningState\": \"Succeeded\"\r\n      }\r\n    }\r\n  ]\r\n}",
      "ResponseHeaders": {
        "Content-Length": [
          "550"
        ],
        "Content-Type": [
          "application/json; charset=utf-8"
        ],
        "Expires": [
          "-1"
        ],
        "Pragma": [
          "no-cache"
        ],
        "x-ms-ratelimit-remaining-subscription-reads": [
          "14950"
        ],
        "x-ms-request-id": [
          "112e5747-b3ad-4545-a881-dc62950a8928"
        ],
        "x-ms-correlation-request-id": [
          "112e5747-b3ad-4545-a881-dc62950a8928"
        ],
        "x-ms-routing-request-id": [
          "CENTRALUS:20150819T023323Z:112e5747-b3ad-4545-a881-dc62950a8928"
        ],
        "Strict-Transport-Security": [
          "max-age=31536000; includeSubDomains"
        ],
        "Cache-Control": [
          "no-cache"
        ],
        "Date": [
          "Wed, 19 Aug 2015 02:33:23 GMT"
        ]
      },
      "StatusCode": 200
    },
    {
      "RequestUri": "/Subscriptions/00a07ea0-ad8b-491c-9de8-77bf10881499/resourceGroups?api-version=2015-01-01",
      "EncodedRequestUri": "L1N1YnNjcmlwdGlvbnMvMDBhMDdlYTAtYWQ4Yi00OTFjLTlkZTgtNzdiZjEwODgxNDk5L3Jlc291cmNlR3JvdXBzP2FwaS12ZXJzaW9uPTIwMTUtMDEtMDE=",
      "RequestMethod": "GET",
      "RequestBody": "",
      "RequestHeaders": {
        "x-ms-version": [
          "2015-01-01"
        ],
        "User-Agent": [
          "Microsoft.Azure.Management.RecoveryServices.RecoveryServicesManagementClient/0.9.0.0"
        ]
      },
      "ResponseBody": "{\r\n  \"value\": [\r\n    {\r\n      \"id\": \"/subscriptions/00a07ea0-ad8b-491c-9de8-77bf10881499/resourceGroups/RecoveryServices-N2QRRPTE4YJGIJLCY5U25RQV7P4K24ENUG6LYZF5F536VFZIM5PA-West-US\",\r\n      \"name\": \"RecoveryServices-N2QRRPTE4YJGIJLCY5U25RQV7P4K24ENUG6LYZF5F536VFZIM5PA-West-US\",\r\n      \"location\": \"westus\",\r\n      \"properties\": {\r\n        \"provisioningState\": \"Succeeded\"\r\n      }\r\n    },\r\n    {\r\n      \"id\": \"/subscriptions/00a07ea0-ad8b-491c-9de8-77bf10881499/resourceGroups/testsitegroup\",\r\n      \"name\": \"testsitegroup\",\r\n      \"location\": \"centralus\",\r\n      \"tags\": {\r\n        \"department\": \"finance\",\r\n        \"owner\": \"billg\"\r\n      },\r\n      \"properties\": {\r\n        \"provisioningState\": \"Succeeded\"\r\n      }\r\n    }\r\n  ]\r\n}",
      "ResponseHeaders": {
        "Content-Length": [
          "550"
        ],
        "Content-Type": [
          "application/json; charset=utf-8"
        ],
        "Expires": [
          "-1"
        ],
        "Pragma": [
          "no-cache"
        ],
        "x-ms-ratelimit-remaining-subscription-reads": [
          "14948"
        ],
        "x-ms-request-id": [
          "46ef5b12-6c5f-4774-b503-29ae8e1ba1c8"
        ],
        "x-ms-correlation-request-id": [
          "46ef5b12-6c5f-4774-b503-29ae8e1ba1c8"
        ],
        "x-ms-routing-request-id": [
          "CENTRALUS:20150819T023324Z:46ef5b12-6c5f-4774-b503-29ae8e1ba1c8"
        ],
        "Strict-Transport-Security": [
          "max-age=31536000; includeSubDomains"
        ],
        "Cache-Control": [
          "no-cache"
        ],
        "Date": [
          "Wed, 19 Aug 2015 02:33:24 GMT"
        ]
      },
      "StatusCode": 200
    },
    {
      "RequestUri": "/Subscriptions/00a07ea0-ad8b-491c-9de8-77bf10881499/resourceGroups?api-version=2015-01-01",
      "EncodedRequestUri": "L1N1YnNjcmlwdGlvbnMvMDBhMDdlYTAtYWQ4Yi00OTFjLTlkZTgtNzdiZjEwODgxNDk5L3Jlc291cmNlR3JvdXBzP2FwaS12ZXJzaW9uPTIwMTUtMDEtMDE=",
      "RequestMethod": "GET",
      "RequestBody": "",
      "RequestHeaders": {
        "x-ms-version": [
          "2015-01-01"
        ],
        "User-Agent": [
          "Microsoft.Azure.Management.RecoveryServices.RecoveryServicesManagementClient/0.9.0.0"
        ]
      },
      "ResponseBody": "{\r\n  \"value\": [\r\n    {\r\n      \"id\": \"/subscriptions/00a07ea0-ad8b-491c-9de8-77bf10881499/resourceGroups/RecoveryServices-N2QRRPTE4YJGIJLCY5U25RQV7P4K24ENUG6LYZF5F536VFZIM5PA-West-US\",\r\n      \"name\": \"RecoveryServices-N2QRRPTE4YJGIJLCY5U25RQV7P4K24ENUG6LYZF5F536VFZIM5PA-West-US\",\r\n      \"location\": \"westus\",\r\n      \"properties\": {\r\n        \"provisioningState\": \"Succeeded\"\r\n      }\r\n    },\r\n    {\r\n      \"id\": \"/subscriptions/00a07ea0-ad8b-491c-9de8-77bf10881499/resourceGroups/testsitegroup\",\r\n      \"name\": \"testsitegroup\",\r\n      \"location\": \"centralus\",\r\n      \"tags\": {\r\n        \"department\": \"finance\",\r\n        \"owner\": \"billg\"\r\n      },\r\n      \"properties\": {\r\n        \"provisioningState\": \"Succeeded\"\r\n      }\r\n    }\r\n  ]\r\n}",
      "ResponseHeaders": {
        "Content-Length": [
          "550"
        ],
        "Content-Type": [
          "application/json; charset=utf-8"
        ],
        "Expires": [
          "-1"
        ],
        "Pragma": [
          "no-cache"
        ],
        "x-ms-ratelimit-remaining-subscription-reads": [
          "14946"
        ],
        "x-ms-request-id": [
          "9c98daff-9348-4307-8c36-d221c7c4bc51"
        ],
        "x-ms-correlation-request-id": [
          "9c98daff-9348-4307-8c36-d221c7c4bc51"
        ],
        "x-ms-routing-request-id": [
          "CENTRALUS:20150819T023325Z:9c98daff-9348-4307-8c36-d221c7c4bc51"
        ],
        "Strict-Transport-Security": [
          "max-age=31536000; includeSubDomains"
        ],
        "Cache-Control": [
          "no-cache"
        ],
        "Date": [
          "Wed, 19 Aug 2015 02:33:25 GMT"
        ]
      },
      "StatusCode": 200
    },
    {
      "RequestUri": "/Subscriptions/00a07ea0-ad8b-491c-9de8-77bf10881499/resourceGroups?api-version=2015-01-01",
      "EncodedRequestUri": "L1N1YnNjcmlwdGlvbnMvMDBhMDdlYTAtYWQ4Yi00OTFjLTlkZTgtNzdiZjEwODgxNDk5L3Jlc291cmNlR3JvdXBzP2FwaS12ZXJzaW9uPTIwMTUtMDEtMDE=",
      "RequestMethod": "GET",
      "RequestBody": "",
      "RequestHeaders": {
        "x-ms-version": [
          "2015-01-01"
        ],
        "User-Agent": [
          "Microsoft.Azure.Management.RecoveryServices.RecoveryServicesManagementClient/0.9.0.0"
        ]
      },
      "ResponseBody": "{\r\n  \"value\": [\r\n    {\r\n      \"id\": \"/subscriptions/00a07ea0-ad8b-491c-9de8-77bf10881499/resourceGroups/RecoveryServices-N2QRRPTE4YJGIJLCY5U25RQV7P4K24ENUG6LYZF5F536VFZIM5PA-West-US\",\r\n      \"name\": \"RecoveryServices-N2QRRPTE4YJGIJLCY5U25RQV7P4K24ENUG6LYZF5F536VFZIM5PA-West-US\",\r\n      \"location\": \"westus\",\r\n      \"properties\": {\r\n        \"provisioningState\": \"Succeeded\"\r\n      }\r\n    },\r\n    {\r\n      \"id\": \"/subscriptions/00a07ea0-ad8b-491c-9de8-77bf10881499/resourceGroups/testsitegroup\",\r\n      \"name\": \"testsitegroup\",\r\n      \"location\": \"centralus\",\r\n      \"tags\": {\r\n        \"department\": \"finance\",\r\n        \"owner\": \"billg\"\r\n      },\r\n      \"properties\": {\r\n        \"provisioningState\": \"Succeeded\"\r\n      }\r\n    }\r\n  ]\r\n}",
      "ResponseHeaders": {
        "Content-Length": [
          "550"
        ],
        "Content-Type": [
          "application/json; charset=utf-8"
        ],
        "Expires": [
          "-1"
        ],
        "Pragma": [
          "no-cache"
        ],
        "x-ms-ratelimit-remaining-subscription-reads": [
          "14944"
        ],
        "x-ms-request-id": [
          "c1c3a9ab-1763-4ed4-8227-486b91dbfa74"
        ],
        "x-ms-correlation-request-id": [
          "c1c3a9ab-1763-4ed4-8227-486b91dbfa74"
        ],
        "x-ms-routing-request-id": [
          "CENTRALUS:20150819T023328Z:c1c3a9ab-1763-4ed4-8227-486b91dbfa74"
        ],
        "Strict-Transport-Security": [
          "max-age=31536000; includeSubDomains"
        ],
        "Cache-Control": [
          "no-cache"
        ],
        "Date": [
          "Wed, 19 Aug 2015 02:33:27 GMT"
        ]
      },
      "StatusCode": 200
    },
    {
      "RequestUri": "/Subscriptions/00a07ea0-ad8b-491c-9de8-77bf10881499/resourceGroups/testsitegroup/providers/Microsoft.SiteRecovery/SiteRecoveryVault?api-version=2015-03-15",
      "EncodedRequestUri": "L1N1YnNjcmlwdGlvbnMvMDBhMDdlYTAtYWQ4Yi00OTFjLTlkZTgtNzdiZjEwODgxNDk5L3Jlc291cmNlR3JvdXBzL3Rlc3RzaXRlZ3JvdXAvcHJvdmlkZXJzL01pY3Jvc29mdC5TaXRlUmVjb3ZlcnkvU2l0ZVJlY292ZXJ5VmF1bHQ/YXBpLXZlcnNpb249MjAxNS0wMy0xNQ==",
      "RequestMethod": "GET",
      "RequestBody": "",
      "RequestHeaders": {
        "x-ms-client-request-id": [
          "c9aa3a1e-6818-4c07-9eea-c47e88ebe54e-2015-08-19 02:33:19Z-P"
        ],
        "x-ms-version": [
          "2015-01-01"
        ],
        "User-Agent": [
          "Microsoft.Azure.Management.RecoveryServices.RecoveryServicesManagementClient/0.9.0.0"
        ]
      },
      "ResponseBody": "{\r\n  \"Value\": [\r\n    {\r\n      \"location\": \"westus\",\r\n      \"name\": \"ppeVault1\",\r\n      \"etag\": \"0b2d574e-c7d7-40c8-90cd-84d731c37857\",\r\n      \"tags\": null,\r\n      \"properties\": {\r\n        \"sku\": {\r\n          \"name\": \"standard\"\r\n        },\r\n        \"provisioningState\": \"Succeeded\"\r\n      },\r\n      \"id\": \"/subscriptions/00a07ea0-ad8b-491c-9de8-77bf10881499/resourceGroups/testsitegroup/providers/Microsoft.SiteRecovery/SiteRecoveryVault/ppeVault1\",\r\n      \"type\": \"Microsoft.SiteRecovery/SiteRecoveryVault\"\r\n    },\r\n    {\r\n      \"location\": \"westus\",\r\n      \"name\": \"ppeVault2\",\r\n      \"etag\": \"85300ead-5b9b-47da-82df-3b8cc13cd1dd\",\r\n      \"tags\": null,\r\n      \"properties\": {\r\n        \"sku\": {\r\n          \"name\": \"standard\"\r\n        },\r\n        \"provisioningState\": \"Succeeded\"\r\n      },\r\n      \"id\": \"/subscriptions/00a07ea0-ad8b-491c-9de8-77bf10881499/resourceGroups/testsitegroup/providers/Microsoft.SiteRecovery/SiteRecoveryVault/ppeVault2\",\r\n      \"type\": \"Microsoft.SiteRecovery/SiteRecoveryVault\"\r\n    },\r\n    {\r\n      \"location\": \"westus\",\r\n      \"name\": \"ppeVault3\",\r\n      \"etag\": \"47dca57b-41d5-4c28-9b77-ce83dd872878\",\r\n      \"tags\": null,\r\n      \"properties\": {\r\n        \"sku\": {\r\n          \"name\": \"standard\"\r\n        },\r\n        \"provisioningState\": \"Succeeded\"\r\n      },\r\n      \"id\": \"/subscriptions/00a07ea0-ad8b-491c-9de8-77bf10881499/resourceGroups/testsitegroup/providers/Microsoft.SiteRecovery/SiteRecoveryVault/ppeVault3\",\r\n      \"type\": \"Microsoft.SiteRecovery/SiteRecoveryVault\"\r\n    },\r\n    {\r\n      \"location\": \"westus\",\r\n      \"name\": \"test\",\r\n      \"etag\": \"1235f095-5df6-4296-9dfc-a461ba17f6c5\",\r\n      \"tags\": null,\r\n      \"properties\": {\r\n        \"sku\": {\r\n          \"name\": \"standard\"\r\n        },\r\n        \"provisioningState\": \"Succeeded\"\r\n      },\r\n      \"id\": \"/subscriptions/00a07ea0-ad8b-491c-9de8-77bf10881499/resourceGroups/testsitegroup/providers/Microsoft.SiteRecovery/SiteRecoveryVault/test\",\r\n      \"type\": \"Microsoft.SiteRecovery/SiteRecoveryVault\"\r\n    },\r\n    {\r\n      \"location\": \"westus\",\r\n      \"name\": \"test1\",\r\n      \"etag\": \"96c192b2-3f58-4580-82eb-e6232cd7f92f\",\r\n      \"tags\": null,\r\n      \"properties\": {\r\n        \"sku\": {\r\n          \"name\": \"standard\"\r\n        },\r\n        \"provisioningState\": \"Succeeded\"\r\n      },\r\n      \"id\": \"/subscriptions/00a07ea0-ad8b-491c-9de8-77bf10881499/resourceGroups/testsitegroup/providers/Microsoft.SiteRecovery/SiteRecoveryVault/test1\",\r\n      \"type\": \"Microsoft.SiteRecovery/SiteRecoveryVault\"\r\n    },\r\n    {\r\n      \"location\": \"westus\",\r\n      \"name\": \"vault51\",\r\n      \"etag\": \"166d75aa-d263-46a5-b509-8cd45a52d6e4\",\r\n      \"tags\": null,\r\n      \"properties\": {\r\n        \"sku\": {\r\n          \"name\": \"standard\"\r\n        },\r\n        \"provisioningState\": \"Succeeded\"\r\n      },\r\n      \"id\": \"/subscriptions/00a07ea0-ad8b-491c-9de8-77bf10881499/resourceGroups/testsitegroup/providers/Microsoft.SiteRecovery/SiteRecoveryVault/vault51\",\r\n      \"type\": \"Microsoft.SiteRecovery/siterecoveryvault\"\r\n    }\r\n  ]\r\n}",
      "ResponseHeaders": {
        "Content-Length": [
          "2215"
        ],
        "Content-Type": [
          "application/json"
        ],
        "Expires": [
          "-1"
        ],
        "Pragma": [
          "no-cache"
        ],
        "x-ms-request-id": [
          "a2dd392e-8545-4864-9581-bb8e90a10d6d"
        ],
        "x-ms-client-request-id": [
          "c9aa3a1e-6818-4c07-9eea-c47e88ebe54e-2015-08-19 02:33:19Z-P"
        ],
        "Strict-Transport-Security": [
          "max-age=31536000; includeSubDomains"
        ],
        "x-ms-ratelimit-remaining-subscription-reads": [
          "14953"
        ],
        "x-ms-correlation-request-id": [
          "a2dd392e-8545-4864-9581-bb8e90a10d6d"
        ],
        "x-ms-routing-request-id": [
          "CENTRALUS:20150819T023320Z:a2dd392e-8545-4864-9581-bb8e90a10d6d"
        ],
        "Cache-Control": [
          "no-cache"
        ],
        "Date": [
          "Wed, 19 Aug 2015 02:33:19 GMT"
        ],
        "Server": [
          "Microsoft-IIS/8.0"
        ]
      },
      "StatusCode": 200
    },
    {
      "RequestUri": "/Subscriptions/00a07ea0-ad8b-491c-9de8-77bf10881499/resourceGroups/testsitegroup/providers/Microsoft.SiteRecovery/SiteRecoveryVault?api-version=2015-03-15",
      "EncodedRequestUri": "L1N1YnNjcmlwdGlvbnMvMDBhMDdlYTAtYWQ4Yi00OTFjLTlkZTgtNzdiZjEwODgxNDk5L3Jlc291cmNlR3JvdXBzL3Rlc3RzaXRlZ3JvdXAvcHJvdmlkZXJzL01pY3Jvc29mdC5TaXRlUmVjb3ZlcnkvU2l0ZVJlY292ZXJ5VmF1bHQ/YXBpLXZlcnNpb249MjAxNS0wMy0xNQ==",
      "RequestMethod": "GET",
      "RequestBody": "",
      "RequestHeaders": {
        "x-ms-client-request-id": [
          "bfd3d684-e78f-4c1a-bae6-c030010fd35e-2015-08-19 02:33:20Z-P"
        ],
        "x-ms-version": [
          "2015-01-01"
        ],
        "User-Agent": [
          "Microsoft.Azure.Management.RecoveryServices.RecoveryServicesManagementClient/0.9.0.0"
        ]
      },
      "ResponseBody": "{\r\n  \"Value\": [\r\n    {\r\n      \"location\": \"westus\",\r\n      \"name\": \"ppeVault1\",\r\n      \"etag\": \"0b2d574e-c7d7-40c8-90cd-84d731c37857\",\r\n      \"tags\": null,\r\n      \"properties\": {\r\n        \"sku\": {\r\n          \"name\": \"standard\"\r\n        },\r\n        \"provisioningState\": \"Succeeded\"\r\n      },\r\n      \"id\": \"/subscriptions/00a07ea0-ad8b-491c-9de8-77bf10881499/resourceGroups/testsitegroup/providers/Microsoft.SiteRecovery/SiteRecoveryVault/ppeVault1\",\r\n      \"type\": \"Microsoft.SiteRecovery/SiteRecoveryVault\"\r\n    },\r\n    {\r\n      \"location\": \"westus\",\r\n      \"name\": \"ppeVault2\",\r\n      \"etag\": \"85300ead-5b9b-47da-82df-3b8cc13cd1dd\",\r\n      \"tags\": null,\r\n      \"properties\": {\r\n        \"sku\": {\r\n          \"name\": \"standard\"\r\n        },\r\n        \"provisioningState\": \"Succeeded\"\r\n      },\r\n      \"id\": \"/subscriptions/00a07ea0-ad8b-491c-9de8-77bf10881499/resourceGroups/testsitegroup/providers/Microsoft.SiteRecovery/SiteRecoveryVault/ppeVault2\",\r\n      \"type\": \"Microsoft.SiteRecovery/SiteRecoveryVault\"\r\n    },\r\n    {\r\n      \"location\": \"westus\",\r\n      \"name\": \"ppeVault3\",\r\n      \"etag\": \"47dca57b-41d5-4c28-9b77-ce83dd872878\",\r\n      \"tags\": null,\r\n      \"properties\": {\r\n        \"sku\": {\r\n          \"name\": \"standard\"\r\n        },\r\n        \"provisioningState\": \"Succeeded\"\r\n      },\r\n      \"id\": \"/subscriptions/00a07ea0-ad8b-491c-9de8-77bf10881499/resourceGroups/testsitegroup/providers/Microsoft.SiteRecovery/SiteRecoveryVault/ppeVault3\",\r\n      \"type\": \"Microsoft.SiteRecovery/SiteRecoveryVault\"\r\n    },\r\n    {\r\n      \"location\": \"westus\",\r\n      \"name\": \"test\",\r\n      \"etag\": \"1235f095-5df6-4296-9dfc-a461ba17f6c5\",\r\n      \"tags\": null,\r\n      \"properties\": {\r\n        \"sku\": {\r\n          \"name\": \"standard\"\r\n        },\r\n        \"provisioningState\": \"Succeeded\"\r\n      },\r\n      \"id\": \"/subscriptions/00a07ea0-ad8b-491c-9de8-77bf10881499/resourceGroups/testsitegroup/providers/Microsoft.SiteRecovery/SiteRecoveryVault/test\",\r\n      \"type\": \"Microsoft.SiteRecovery/SiteRecoveryVault\"\r\n    },\r\n    {\r\n      \"location\": \"westus\",\r\n      \"name\": \"test1\",\r\n      \"etag\": \"96c192b2-3f58-4580-82eb-e6232cd7f92f\",\r\n      \"tags\": null,\r\n      \"properties\": {\r\n        \"sku\": {\r\n          \"name\": \"standard\"\r\n        },\r\n        \"provisioningState\": \"Succeeded\"\r\n      },\r\n      \"id\": \"/subscriptions/00a07ea0-ad8b-491c-9de8-77bf10881499/resourceGroups/testsitegroup/providers/Microsoft.SiteRecovery/SiteRecoveryVault/test1\",\r\n      \"type\": \"Microsoft.SiteRecovery/SiteRecoveryVault\"\r\n    },\r\n    {\r\n      \"location\": \"westus\",\r\n      \"name\": \"vault51\",\r\n      \"etag\": \"166d75aa-d263-46a5-b509-8cd45a52d6e4\",\r\n      \"tags\": null,\r\n      \"properties\": {\r\n        \"sku\": {\r\n          \"name\": \"standard\"\r\n        },\r\n        \"provisioningState\": \"Succeeded\"\r\n      },\r\n      \"id\": \"/subscriptions/00a07ea0-ad8b-491c-9de8-77bf10881499/resourceGroups/testsitegroup/providers/Microsoft.SiteRecovery/SiteRecoveryVault/vault51\",\r\n      \"type\": \"Microsoft.SiteRecovery/siterecoveryvault\"\r\n    }\r\n  ]\r\n}",
      "ResponseHeaders": {
        "Content-Length": [
          "2215"
        ],
        "Content-Type": [
          "application/json"
        ],
        "Expires": [
          "-1"
        ],
        "Pragma": [
          "no-cache"
        ],
        "x-ms-request-id": [
          "89fabe0a-9517-48a1-8208-c0080fadc4b9"
        ],
        "x-ms-client-request-id": [
          "bfd3d684-e78f-4c1a-bae6-c030010fd35e-2015-08-19 02:33:20Z-P"
        ],
        "Strict-Transport-Security": [
          "max-age=31536000; includeSubDomains"
        ],
        "x-ms-ratelimit-remaining-subscription-reads": [
          "14951"
        ],
        "x-ms-correlation-request-id": [
          "89fabe0a-9517-48a1-8208-c0080fadc4b9"
        ],
        "x-ms-routing-request-id": [
          "CENTRALUS:20150819T023321Z:89fabe0a-9517-48a1-8208-c0080fadc4b9"
        ],
        "Cache-Control": [
          "no-cache"
        ],
        "Date": [
          "Wed, 19 Aug 2015 02:33:20 GMT"
        ],
        "Server": [
          "Microsoft-IIS/8.0"
        ]
      },
      "StatusCode": 200
    },
    {
      "RequestUri": "/Subscriptions/00a07ea0-ad8b-491c-9de8-77bf10881499/resourceGroups/testsitegroup/providers/Microsoft.SiteRecovery/SiteRecoveryVault?api-version=2015-03-15",
      "EncodedRequestUri": "L1N1YnNjcmlwdGlvbnMvMDBhMDdlYTAtYWQ4Yi00OTFjLTlkZTgtNzdiZjEwODgxNDk5L3Jlc291cmNlR3JvdXBzL3Rlc3RzaXRlZ3JvdXAvcHJvdmlkZXJzL01pY3Jvc29mdC5TaXRlUmVjb3ZlcnkvU2l0ZVJlY292ZXJ5VmF1bHQ/YXBpLXZlcnNpb249MjAxNS0wMy0xNQ==",
      "RequestMethod": "GET",
      "RequestBody": "",
      "RequestHeaders": {
        "x-ms-client-request-id": [
          "3db25885-ef70-4330-8603-c9c380098660-2015-08-19 02:33:23Z-P"
        ],
        "x-ms-version": [
          "2015-01-01"
        ],
        "User-Agent": [
          "Microsoft.Azure.Management.RecoveryServices.RecoveryServicesManagementClient/0.9.0.0"
        ]
      },
      "ResponseBody": "{\r\n  \"Value\": [\r\n    {\r\n      \"location\": \"westus\",\r\n      \"name\": \"ppeVault1\",\r\n      \"etag\": \"0b2d574e-c7d7-40c8-90cd-84d731c37857\",\r\n      \"tags\": null,\r\n      \"properties\": {\r\n        \"sku\": {\r\n          \"name\": \"standard\"\r\n        },\r\n        \"provisioningState\": \"Succeeded\"\r\n      },\r\n      \"id\": \"/subscriptions/00a07ea0-ad8b-491c-9de8-77bf10881499/resourceGroups/testsitegroup/providers/Microsoft.SiteRecovery/SiteRecoveryVault/ppeVault1\",\r\n      \"type\": \"Microsoft.SiteRecovery/SiteRecoveryVault\"\r\n    },\r\n    {\r\n      \"location\": \"westus\",\r\n      \"name\": \"ppeVault2\",\r\n      \"etag\": \"85300ead-5b9b-47da-82df-3b8cc13cd1dd\",\r\n      \"tags\": null,\r\n      \"properties\": {\r\n        \"sku\": {\r\n          \"name\": \"standard\"\r\n        },\r\n        \"provisioningState\": \"Succeeded\"\r\n      },\r\n      \"id\": \"/subscriptions/00a07ea0-ad8b-491c-9de8-77bf10881499/resourceGroups/testsitegroup/providers/Microsoft.SiteRecovery/SiteRecoveryVault/ppeVault2\",\r\n      \"type\": \"Microsoft.SiteRecovery/SiteRecoveryVault\"\r\n    },\r\n    {\r\n      \"location\": \"westus\",\r\n      \"name\": \"ppeVault3\",\r\n      \"etag\": \"47dca57b-41d5-4c28-9b77-ce83dd872878\",\r\n      \"tags\": null,\r\n      \"properties\": {\r\n        \"sku\": {\r\n          \"name\": \"standard\"\r\n        },\r\n        \"provisioningState\": \"Succeeded\"\r\n      },\r\n      \"id\": \"/subscriptions/00a07ea0-ad8b-491c-9de8-77bf10881499/resourceGroups/testsitegroup/providers/Microsoft.SiteRecovery/SiteRecoveryVault/ppeVault3\",\r\n      \"type\": \"Microsoft.SiteRecovery/SiteRecoveryVault\"\r\n    },\r\n    {\r\n      \"location\": \"westus\",\r\n      \"name\": \"test\",\r\n      \"etag\": \"1235f095-5df6-4296-9dfc-a461ba17f6c5\",\r\n      \"tags\": null,\r\n      \"properties\": {\r\n        \"sku\": {\r\n          \"name\": \"standard\"\r\n        },\r\n        \"provisioningState\": \"Succeeded\"\r\n      },\r\n      \"id\": \"/subscriptions/00a07ea0-ad8b-491c-9de8-77bf10881499/resourceGroups/testsitegroup/providers/Microsoft.SiteRecovery/SiteRecoveryVault/test\",\r\n      \"type\": \"Microsoft.SiteRecovery/SiteRecoveryVault\"\r\n    },\r\n    {\r\n      \"location\": \"westus\",\r\n      \"name\": \"test1\",\r\n      \"etag\": \"96c192b2-3f58-4580-82eb-e6232cd7f92f\",\r\n      \"tags\": null,\r\n      \"properties\": {\r\n        \"sku\": {\r\n          \"name\": \"standard\"\r\n        },\r\n        \"provisioningState\": \"Succeeded\"\r\n      },\r\n      \"id\": \"/subscriptions/00a07ea0-ad8b-491c-9de8-77bf10881499/resourceGroups/testsitegroup/providers/Microsoft.SiteRecovery/SiteRecoveryVault/test1\",\r\n      \"type\": \"Microsoft.SiteRecovery/SiteRecoveryVault\"\r\n    },\r\n    {\r\n      \"location\": \"westus\",\r\n      \"name\": \"vault51\",\r\n      \"etag\": \"166d75aa-d263-46a5-b509-8cd45a52d6e4\",\r\n      \"tags\": null,\r\n      \"properties\": {\r\n        \"sku\": {\r\n          \"name\": \"standard\"\r\n        },\r\n        \"provisioningState\": \"Succeeded\"\r\n      },\r\n      \"id\": \"/subscriptions/00a07ea0-ad8b-491c-9de8-77bf10881499/resourceGroups/testsitegroup/providers/Microsoft.SiteRecovery/SiteRecoveryVault/vault51\",\r\n      \"type\": \"Microsoft.SiteRecovery/siterecoveryvault\"\r\n    }\r\n  ]\r\n}",
      "ResponseHeaders": {
        "Content-Length": [
          "2215"
        ],
        "Content-Type": [
          "application/json"
        ],
        "Expires": [
          "-1"
        ],
        "Pragma": [
          "no-cache"
        ],
        "x-ms-request-id": [
          "141320c8-4351-404c-a78b-fc37ba8da381"
        ],
        "x-ms-client-request-id": [
          "3db25885-ef70-4330-8603-c9c380098660-2015-08-19 02:33:23Z-P"
        ],
        "Strict-Transport-Security": [
          "max-age=31536000; includeSubDomains"
        ],
        "x-ms-ratelimit-remaining-subscription-reads": [
          "14949"
        ],
        "x-ms-correlation-request-id": [
          "141320c8-4351-404c-a78b-fc37ba8da381"
        ],
        "x-ms-routing-request-id": [
          "CENTRALUS:20150819T023323Z:141320c8-4351-404c-a78b-fc37ba8da381"
        ],
        "Cache-Control": [
          "no-cache"
        ],
        "Date": [
          "Wed, 19 Aug 2015 02:33:23 GMT"
        ],
        "Server": [
          "Microsoft-IIS/8.0"
        ]
      },
      "StatusCode": 200
    },
    {
      "RequestUri": "/Subscriptions/00a07ea0-ad8b-491c-9de8-77bf10881499/resourceGroups/testsitegroup/providers/Microsoft.SiteRecovery/SiteRecoveryVault?api-version=2015-03-15",
      "EncodedRequestUri": "L1N1YnNjcmlwdGlvbnMvMDBhMDdlYTAtYWQ4Yi00OTFjLTlkZTgtNzdiZjEwODgxNDk5L3Jlc291cmNlR3JvdXBzL3Rlc3RzaXRlZ3JvdXAvcHJvdmlkZXJzL01pY3Jvc29mdC5TaXRlUmVjb3ZlcnkvU2l0ZVJlY292ZXJ5VmF1bHQ/YXBpLXZlcnNpb249MjAxNS0wMy0xNQ==",
      "RequestMethod": "GET",
      "RequestBody": "",
      "RequestHeaders": {
        "x-ms-client-request-id": [
          "970c1d42-835e-4c89-95be-eab713da9822-2015-08-19 02:33:24Z-P"
        ],
        "x-ms-version": [
          "2015-01-01"
        ],
        "User-Agent": [
          "Microsoft.Azure.Management.RecoveryServices.RecoveryServicesManagementClient/0.9.0.0"
        ]
      },
      "ResponseBody": "{\r\n  \"Value\": [\r\n    {\r\n      \"location\": \"westus\",\r\n      \"name\": \"ppeVault1\",\r\n      \"etag\": \"0b2d574e-c7d7-40c8-90cd-84d731c37857\",\r\n      \"tags\": null,\r\n      \"properties\": {\r\n        \"sku\": {\r\n          \"name\": \"standard\"\r\n        },\r\n        \"provisioningState\": \"Succeeded\"\r\n      },\r\n      \"id\": \"/subscriptions/00a07ea0-ad8b-491c-9de8-77bf10881499/resourceGroups/testsitegroup/providers/Microsoft.SiteRecovery/SiteRecoveryVault/ppeVault1\",\r\n      \"type\": \"Microsoft.SiteRecovery/SiteRecoveryVault\"\r\n    },\r\n    {\r\n      \"location\": \"westus\",\r\n      \"name\": \"ppeVault2\",\r\n      \"etag\": \"85300ead-5b9b-47da-82df-3b8cc13cd1dd\",\r\n      \"tags\": null,\r\n      \"properties\": {\r\n        \"sku\": {\r\n          \"name\": \"standard\"\r\n        },\r\n        \"provisioningState\": \"Succeeded\"\r\n      },\r\n      \"id\": \"/subscriptions/00a07ea0-ad8b-491c-9de8-77bf10881499/resourceGroups/testsitegroup/providers/Microsoft.SiteRecovery/SiteRecoveryVault/ppeVault2\",\r\n      \"type\": \"Microsoft.SiteRecovery/SiteRecoveryVault\"\r\n    },\r\n    {\r\n      \"location\": \"westus\",\r\n      \"name\": \"ppeVault3\",\r\n      \"etag\": \"47dca57b-41d5-4c28-9b77-ce83dd872878\",\r\n      \"tags\": null,\r\n      \"properties\": {\r\n        \"sku\": {\r\n          \"name\": \"standard\"\r\n        },\r\n        \"provisioningState\": \"Succeeded\"\r\n      },\r\n      \"id\": \"/subscriptions/00a07ea0-ad8b-491c-9de8-77bf10881499/resourceGroups/testsitegroup/providers/Microsoft.SiteRecovery/SiteRecoveryVault/ppeVault3\",\r\n      \"type\": \"Microsoft.SiteRecovery/SiteRecoveryVault\"\r\n    },\r\n    {\r\n      \"location\": \"westus\",\r\n      \"name\": \"test\",\r\n      \"etag\": \"1235f095-5df6-4296-9dfc-a461ba17f6c5\",\r\n      \"tags\": null,\r\n      \"properties\": {\r\n        \"sku\": {\r\n          \"name\": \"standard\"\r\n        },\r\n        \"provisioningState\": \"Succeeded\"\r\n      },\r\n      \"id\": \"/subscriptions/00a07ea0-ad8b-491c-9de8-77bf10881499/resourceGroups/testsitegroup/providers/Microsoft.SiteRecovery/SiteRecoveryVault/test\",\r\n      \"type\": \"Microsoft.SiteRecovery/SiteRecoveryVault\"\r\n    },\r\n    {\r\n      \"location\": \"westus\",\r\n      \"name\": \"test1\",\r\n      \"etag\": \"96c192b2-3f58-4580-82eb-e6232cd7f92f\",\r\n      \"tags\": null,\r\n      \"properties\": {\r\n        \"sku\": {\r\n          \"name\": \"standard\"\r\n        },\r\n        \"provisioningState\": \"Succeeded\"\r\n      },\r\n      \"id\": \"/subscriptions/00a07ea0-ad8b-491c-9de8-77bf10881499/resourceGroups/testsitegroup/providers/Microsoft.SiteRecovery/SiteRecoveryVault/test1\",\r\n      \"type\": \"Microsoft.SiteRecovery/SiteRecoveryVault\"\r\n    },\r\n    {\r\n      \"location\": \"westus\",\r\n      \"name\": \"vault51\",\r\n      \"etag\": \"166d75aa-d263-46a5-b509-8cd45a52d6e4\",\r\n      \"tags\": null,\r\n      \"properties\": {\r\n        \"sku\": {\r\n          \"name\": \"standard\"\r\n        },\r\n        \"provisioningState\": \"Succeeded\"\r\n      },\r\n      \"id\": \"/subscriptions/00a07ea0-ad8b-491c-9de8-77bf10881499/resourceGroups/testsitegroup/providers/Microsoft.SiteRecovery/SiteRecoveryVault/vault51\",\r\n      \"type\": \"Microsoft.SiteRecovery/siterecoveryvault\"\r\n    }\r\n  ]\r\n}",
      "ResponseHeaders": {
        "Content-Length": [
          "2215"
        ],
        "Content-Type": [
          "application/json"
        ],
        "Expires": [
          "-1"
        ],
        "Pragma": [
          "no-cache"
        ],
        "x-ms-request-id": [
          "4b944cd7-5edd-4872-882e-05bb43bdf5f5"
        ],
        "x-ms-client-request-id": [
          "970c1d42-835e-4c89-95be-eab713da9822-2015-08-19 02:33:24Z-P"
        ],
        "Strict-Transport-Security": [
          "max-age=31536000; includeSubDomains"
        ],
        "x-ms-ratelimit-remaining-subscription-reads": [
          "14947"
        ],
        "x-ms-correlation-request-id": [
          "4b944cd7-5edd-4872-882e-05bb43bdf5f5"
        ],
        "x-ms-routing-request-id": [
          "CENTRALUS:20150819T023325Z:4b944cd7-5edd-4872-882e-05bb43bdf5f5"
        ],
        "Cache-Control": [
          "no-cache"
        ],
        "Date": [
          "Wed, 19 Aug 2015 02:33:24 GMT"
        ],
        "Server": [
          "Microsoft-IIS/8.0"
        ]
      },
      "StatusCode": 200
    },
    {
      "RequestUri": "/Subscriptions/00a07ea0-ad8b-491c-9de8-77bf10881499/resourceGroups/testsitegroup/providers/Microsoft.SiteRecovery/SiteRecoveryVault?api-version=2015-03-15",
      "EncodedRequestUri": "L1N1YnNjcmlwdGlvbnMvMDBhMDdlYTAtYWQ4Yi00OTFjLTlkZTgtNzdiZjEwODgxNDk5L3Jlc291cmNlR3JvdXBzL3Rlc3RzaXRlZ3JvdXAvcHJvdmlkZXJzL01pY3Jvc29mdC5TaXRlUmVjb3ZlcnkvU2l0ZVJlY292ZXJ5VmF1bHQ/YXBpLXZlcnNpb249MjAxNS0wMy0xNQ==",
      "RequestMethod": "GET",
      "RequestBody": "",
      "RequestHeaders": {
        "x-ms-client-request-id": [
          "fc8cd55a-3db0-4f63-96db-28884ff21537-2015-08-19 02:33:25Z-P"
        ],
        "x-ms-version": [
          "2015-01-01"
        ],
        "User-Agent": [
          "Microsoft.Azure.Management.RecoveryServices.RecoveryServicesManagementClient/0.9.0.0"
        ]
      },
      "ResponseBody": "{\r\n  \"Value\": [\r\n    {\r\n      \"location\": \"westus\",\r\n      \"name\": \"ppeVault1\",\r\n      \"etag\": \"0b2d574e-c7d7-40c8-90cd-84d731c37857\",\r\n      \"tags\": null,\r\n      \"properties\": {\r\n        \"sku\": {\r\n          \"name\": \"standard\"\r\n        },\r\n        \"provisioningState\": \"Succeeded\"\r\n      },\r\n      \"id\": \"/subscriptions/00a07ea0-ad8b-491c-9de8-77bf10881499/resourceGroups/testsitegroup/providers/Microsoft.SiteRecovery/SiteRecoveryVault/ppeVault1\",\r\n      \"type\": \"Microsoft.SiteRecovery/SiteRecoveryVault\"\r\n    },\r\n    {\r\n      \"location\": \"westus\",\r\n      \"name\": \"ppeVault2\",\r\n      \"etag\": \"85300ead-5b9b-47da-82df-3b8cc13cd1dd\",\r\n      \"tags\": null,\r\n      \"properties\": {\r\n        \"sku\": {\r\n          \"name\": \"standard\"\r\n        },\r\n        \"provisioningState\": \"Succeeded\"\r\n      },\r\n      \"id\": \"/subscriptions/00a07ea0-ad8b-491c-9de8-77bf10881499/resourceGroups/testsitegroup/providers/Microsoft.SiteRecovery/SiteRecoveryVault/ppeVault2\",\r\n      \"type\": \"Microsoft.SiteRecovery/SiteRecoveryVault\"\r\n    },\r\n    {\r\n      \"location\": \"westus\",\r\n      \"name\": \"ppeVault3\",\r\n      \"etag\": \"47dca57b-41d5-4c28-9b77-ce83dd872878\",\r\n      \"tags\": null,\r\n      \"properties\": {\r\n        \"sku\": {\r\n          \"name\": \"standard\"\r\n        },\r\n        \"provisioningState\": \"Succeeded\"\r\n      },\r\n      \"id\": \"/subscriptions/00a07ea0-ad8b-491c-9de8-77bf10881499/resourceGroups/testsitegroup/providers/Microsoft.SiteRecovery/SiteRecoveryVault/ppeVault3\",\r\n      \"type\": \"Microsoft.SiteRecovery/SiteRecoveryVault\"\r\n    },\r\n    {\r\n      \"location\": \"westus\",\r\n      \"name\": \"test\",\r\n      \"etag\": \"1235f095-5df6-4296-9dfc-a461ba17f6c5\",\r\n      \"tags\": null,\r\n      \"properties\": {\r\n        \"sku\": {\r\n          \"name\": \"standard\"\r\n        },\r\n        \"provisioningState\": \"Succeeded\"\r\n      },\r\n      \"id\": \"/subscriptions/00a07ea0-ad8b-491c-9de8-77bf10881499/resourceGroups/testsitegroup/providers/Microsoft.SiteRecovery/SiteRecoveryVault/test\",\r\n      \"type\": \"Microsoft.SiteRecovery/SiteRecoveryVault\"\r\n    },\r\n    {\r\n      \"location\": \"westus\",\r\n      \"name\": \"test1\",\r\n      \"etag\": \"96c192b2-3f58-4580-82eb-e6232cd7f92f\",\r\n      \"tags\": null,\r\n      \"properties\": {\r\n        \"sku\": {\r\n          \"name\": \"standard\"\r\n        },\r\n        \"provisioningState\": \"Succeeded\"\r\n      },\r\n      \"id\": \"/subscriptions/00a07ea0-ad8b-491c-9de8-77bf10881499/resourceGroups/testsitegroup/providers/Microsoft.SiteRecovery/SiteRecoveryVault/test1\",\r\n      \"type\": \"Microsoft.SiteRecovery/SiteRecoveryVault\"\r\n    },\r\n    {\r\n      \"location\": \"westus\",\r\n      \"name\": \"vault51\",\r\n      \"etag\": \"166d75aa-d263-46a5-b509-8cd45a52d6e4\",\r\n      \"tags\": null,\r\n      \"properties\": {\r\n        \"sku\": {\r\n          \"name\": \"standard\"\r\n        },\r\n        \"provisioningState\": \"Succeeded\"\r\n      },\r\n      \"id\": \"/subscriptions/00a07ea0-ad8b-491c-9de8-77bf10881499/resourceGroups/testsitegroup/providers/Microsoft.SiteRecovery/SiteRecoveryVault/vault51\",\r\n      \"type\": \"Microsoft.SiteRecovery/siterecoveryvault\"\r\n    }\r\n  ]\r\n}",
      "ResponseHeaders": {
        "Content-Length": [
          "2215"
        ],
        "Content-Type": [
          "application/json"
        ],
        "Expires": [
          "-1"
        ],
        "Pragma": [
          "no-cache"
        ],
        "x-ms-request-id": [
          "3effe364-b063-4331-9c87-3a1516513201"
        ],
        "x-ms-client-request-id": [
          "fc8cd55a-3db0-4f63-96db-28884ff21537-2015-08-19 02:33:25Z-P"
        ],
        "Strict-Transport-Security": [
          "max-age=31536000; includeSubDomains"
        ],
        "x-ms-ratelimit-remaining-subscription-reads": [
          "14945"
        ],
        "x-ms-correlation-request-id": [
          "3effe364-b063-4331-9c87-3a1516513201"
        ],
        "x-ms-routing-request-id": [
          "CENTRALUS:20150819T023326Z:3effe364-b063-4331-9c87-3a1516513201"
        ],
        "Cache-Control": [
          "no-cache"
        ],
        "Date": [
          "Wed, 19 Aug 2015 02:33:25 GMT"
        ],
        "Server": [
          "Microsoft-IIS/8.0"
        ]
      },
      "StatusCode": 200
    },
    {
      "RequestUri": "/Subscriptions/00a07ea0-ad8b-491c-9de8-77bf10881499/resourceGroups/testsitegroup/providers/Microsoft.SiteRecovery/SiteRecoveryVault?api-version=2015-03-15",
      "EncodedRequestUri": "L1N1YnNjcmlwdGlvbnMvMDBhMDdlYTAtYWQ4Yi00OTFjLTlkZTgtNzdiZjEwODgxNDk5L3Jlc291cmNlR3JvdXBzL3Rlc3RzaXRlZ3JvdXAvcHJvdmlkZXJzL01pY3Jvc29mdC5TaXRlUmVjb3ZlcnkvU2l0ZVJlY292ZXJ5VmF1bHQ/YXBpLXZlcnNpb249MjAxNS0wMy0xNQ==",
      "RequestMethod": "GET",
      "RequestBody": "",
      "RequestHeaders": {
        "x-ms-client-request-id": [
          "d1437b5a-25bf-4777-83a9-c0be5b05d72a-2015-08-19 02:33:28Z-P"
        ],
        "x-ms-version": [
          "2015-01-01"
        ],
        "User-Agent": [
          "Microsoft.Azure.Management.RecoveryServices.RecoveryServicesManagementClient/0.9.0.0"
        ]
      },
      "ResponseBody": "{\r\n  \"Value\": [\r\n    {\r\n      \"location\": \"westus\",\r\n      \"name\": \"ppeVault1\",\r\n      \"etag\": \"0b2d574e-c7d7-40c8-90cd-84d731c37857\",\r\n      \"tags\": null,\r\n      \"properties\": {\r\n        \"sku\": {\r\n          \"name\": \"standard\"\r\n        },\r\n        \"provisioningState\": \"Succeeded\"\r\n      },\r\n      \"id\": \"/subscriptions/00a07ea0-ad8b-491c-9de8-77bf10881499/resourceGroups/testsitegroup/providers/Microsoft.SiteRecovery/SiteRecoveryVault/ppeVault1\",\r\n      \"type\": \"Microsoft.SiteRecovery/SiteRecoveryVault\"\r\n    },\r\n    {\r\n      \"location\": \"westus\",\r\n      \"name\": \"ppeVault2\",\r\n      \"etag\": \"85300ead-5b9b-47da-82df-3b8cc13cd1dd\",\r\n      \"tags\": null,\r\n      \"properties\": {\r\n        \"sku\": {\r\n          \"name\": \"standard\"\r\n        },\r\n        \"provisioningState\": \"Succeeded\"\r\n      },\r\n      \"id\": \"/subscriptions/00a07ea0-ad8b-491c-9de8-77bf10881499/resourceGroups/testsitegroup/providers/Microsoft.SiteRecovery/SiteRecoveryVault/ppeVault2\",\r\n      \"type\": \"Microsoft.SiteRecovery/SiteRecoveryVault\"\r\n    },\r\n    {\r\n      \"location\": \"westus\",\r\n      \"name\": \"ppeVault3\",\r\n      \"etag\": \"47dca57b-41d5-4c28-9b77-ce83dd872878\",\r\n      \"tags\": null,\r\n      \"properties\": {\r\n        \"sku\": {\r\n          \"name\": \"standard\"\r\n        },\r\n        \"provisioningState\": \"Succeeded\"\r\n      },\r\n      \"id\": \"/subscriptions/00a07ea0-ad8b-491c-9de8-77bf10881499/resourceGroups/testsitegroup/providers/Microsoft.SiteRecovery/SiteRecoveryVault/ppeVault3\",\r\n      \"type\": \"Microsoft.SiteRecovery/SiteRecoveryVault\"\r\n    },\r\n    {\r\n      \"location\": \"westus\",\r\n      \"name\": \"test\",\r\n      \"etag\": \"1235f095-5df6-4296-9dfc-a461ba17f6c5\",\r\n      \"tags\": null,\r\n      \"properties\": {\r\n        \"sku\": {\r\n          \"name\": \"standard\"\r\n        },\r\n        \"provisioningState\": \"Succeeded\"\r\n      },\r\n      \"id\": \"/subscriptions/00a07ea0-ad8b-491c-9de8-77bf10881499/resourceGroups/testsitegroup/providers/Microsoft.SiteRecovery/SiteRecoveryVault/test\",\r\n      \"type\": \"Microsoft.SiteRecovery/SiteRecoveryVault\"\r\n    },\r\n    {\r\n      \"location\": \"westus\",\r\n      \"name\": \"test1\",\r\n      \"etag\": \"96c192b2-3f58-4580-82eb-e6232cd7f92f\",\r\n      \"tags\": null,\r\n      \"properties\": {\r\n        \"sku\": {\r\n          \"name\": \"standard\"\r\n        },\r\n        \"provisioningState\": \"Succeeded\"\r\n      },\r\n      \"id\": \"/subscriptions/00a07ea0-ad8b-491c-9de8-77bf10881499/resourceGroups/testsitegroup/providers/Microsoft.SiteRecovery/SiteRecoveryVault/test1\",\r\n      \"type\": \"Microsoft.SiteRecovery/SiteRecoveryVault\"\r\n    },\r\n    {\r\n      \"location\": \"westus\",\r\n      \"name\": \"vault51\",\r\n      \"etag\": \"166d75aa-d263-46a5-b509-8cd45a52d6e4\",\r\n      \"tags\": null,\r\n      \"properties\": {\r\n        \"sku\": {\r\n          \"name\": \"standard\"\r\n        },\r\n        \"provisioningState\": \"Succeeded\"\r\n      },\r\n      \"id\": \"/subscriptions/00a07ea0-ad8b-491c-9de8-77bf10881499/resourceGroups/testsitegroup/providers/Microsoft.SiteRecovery/SiteRecoveryVault/vault51\",\r\n      \"type\": \"Microsoft.SiteRecovery/siterecoveryvault\"\r\n    }\r\n  ]\r\n}",
      "ResponseHeaders": {
        "Content-Length": [
          "2215"
        ],
        "Content-Type": [
          "application/json"
        ],
        "Expires": [
          "-1"
        ],
        "Pragma": [
          "no-cache"
        ],
        "x-ms-request-id": [
          "77e46843-bcfa-43a7-a0a2-ee3f16ee3f5f"
        ],
        "x-ms-client-request-id": [
          "d1437b5a-25bf-4777-83a9-c0be5b05d72a-2015-08-19 02:33:28Z-P"
        ],
        "Strict-Transport-Security": [
          "max-age=31536000; includeSubDomains"
        ],
        "x-ms-ratelimit-remaining-subscription-reads": [
          "14943"
        ],
        "x-ms-correlation-request-id": [
          "77e46843-bcfa-43a7-a0a2-ee3f16ee3f5f"
        ],
        "x-ms-routing-request-id": [
          "CENTRALUS:20150819T023328Z:77e46843-bcfa-43a7-a0a2-ee3f16ee3f5f"
        ],
        "Cache-Control": [
          "no-cache"
        ],
        "Date": [
          "Wed, 19 Aug 2015 02:33:28 GMT"
        ],
        "Server": [
          "Microsoft-IIS/8.0"
        ]
      },
      "StatusCode": 200
    },
    {
      "RequestUri": "/Subscriptions/00a07ea0-ad8b-491c-9de8-77bf10881499/resourceGroups/testsitegroup/providers/Microsoft.SiteRecovery/SiteRecoveryVault/ppeVault3/ProtectionContainers?api-version=2015-08-10",
      "EncodedRequestUri": "L1N1YnNjcmlwdGlvbnMvMDBhMDdlYTAtYWQ4Yi00OTFjLTlkZTgtNzdiZjEwODgxNDk5L3Jlc291cmNlR3JvdXBzL3Rlc3RzaXRlZ3JvdXAvcHJvdmlkZXJzL01pY3Jvc29mdC5TaXRlUmVjb3ZlcnkvU2l0ZVJlY292ZXJ5VmF1bHQvcHBlVmF1bHQzL1Byb3RlY3Rpb25Db250YWluZXJzP2FwaS12ZXJzaW9uPTIwMTUtMDgtMTA=",
      "RequestMethod": "GET",
      "RequestBody": "",
      "RequestHeaders": {
        "x-ms-client-request-id": [
          "b598a691-f5a6-4836-bbf4-c5ba8dd6138a-2015-08-19 02:33:21Z-P"
        ],
        "x-ms-version": [
          "2015-01-01"
        ],
        "User-Agent": [
          "Microsoft.Azure.Management.SiteRecovery.SiteRecoveryManagementClient/0.9.0.0"
        ]
      },
      "ResponseBody": "{\r\n  \"value\": [\r\n    {\r\n      \"id\": \"/Subscriptions/00a07ea0-ad8b-491c-9de8-77bf10881499/resourceGroups/testsitegroup/providers/Microsoft.SiteRecovery/SiteRecoveryVault/ppeVault3/ProtectionContainers/01709fee-1177-4b82-9d56-cbaf6618070d\",\r\n      \"name\": \"01709fee-1177-4b82-9d56-cbaf6618070d\",\r\n      \"type\": \"Microsoft.SiteRecovery/ProtectionContainer\",\r\n      \"properties\": {\r\n        \"friendlyName\": \"pri\",\r\n        \"serverId\": \"57f95c35-6c83-42ce-bb21-2c4f10f92d8e\",\r\n        \"fabricObjectId\": \"01709fee-1177-4b82-9d56-cbaf6618070d\",\r\n        \"role\": null,\r\n        \"fabricType\": \"VMM\",\r\n        \"availableProtectionProfiles\": []\r\n      }\r\n    },\r\n    {\r\n      \"id\": \"/Subscriptions/00a07ea0-ad8b-491c-9de8-77bf10881499/resourceGroups/testsitegroup/providers/Microsoft.SiteRecovery/SiteRecoveryVault/ppeVault3/ProtectionContainers/19996177-88ca-4aa8-8fe6-8ae9198c06d3\",\r\n      \"name\": \"19996177-88ca-4aa8-8fe6-8ae9198c06d3\",\r\n      \"type\": \"Microsoft.SiteRecovery/ProtectionContainer\",\r\n      \"properties\": {\r\n        \"friendlyName\": \"cloud9\",\r\n        \"serverId\": \"57f95c35-6c83-42ce-bb21-2c4f10f92d8e\",\r\n        \"fabricObjectId\": \"19996177-88ca-4aa8-8fe6-8ae9198c06d3\",\r\n        \"role\": null,\r\n        \"fabricType\": \"VMM\",\r\n        \"availableProtectionProfiles\": []\r\n      }\r\n    },\r\n    {\r\n      \"id\": \"/Subscriptions/00a07ea0-ad8b-491c-9de8-77bf10881499/resourceGroups/testsitegroup/providers/Microsoft.SiteRecovery/SiteRecoveryVault/ppeVault3/ProtectionContainers/25cd3f73-4541-40df-a975-5322f2cf91b2\",\r\n      \"name\": \"25cd3f73-4541-40df-a975-5322f2cf91b2\",\r\n      \"type\": \"Microsoft.SiteRecovery/ProtectionContainer\",\r\n      \"properties\": {\r\n        \"friendlyName\": \"cloud1\",\r\n        \"serverId\": \"57f95c35-6c83-42ce-bb21-2c4f10f92d8e\",\r\n        \"fabricObjectId\": \"25cd3f73-4541-40df-a975-5322f2cf91b2\",\r\n        \"role\": null,\r\n        \"fabricType\": \"VMM\",\r\n        \"availableProtectionProfiles\": []\r\n      }\r\n    },\r\n    {\r\n      \"id\": \"/Subscriptions/00a07ea0-ad8b-491c-9de8-77bf10881499/resourceGroups/testsitegroup/providers/Microsoft.SiteRecovery/SiteRecoveryVault/ppeVault3/ProtectionContainers/42432614-e000-4cb9-8827-a49ea1d0d3cc\",\r\n      \"name\": \"42432614-e000-4cb9-8827-a49ea1d0d3cc\",\r\n      \"type\": \"Microsoft.SiteRecovery/ProtectionContainer\",\r\n      \"properties\": {\r\n        \"friendlyName\": \"d2\",\r\n        \"serverId\": \"57f95c35-6c83-42ce-bb21-2c4f10f92d8e\",\r\n        \"fabricObjectId\": \"42432614-e000-4cb9-8827-a49ea1d0d3cc\",\r\n        \"role\": null,\r\n        \"fabricType\": \"VMM\",\r\n        \"availableProtectionProfiles\": []\r\n      }\r\n    },\r\n    {\r\n      \"id\": \"/Subscriptions/00a07ea0-ad8b-491c-9de8-77bf10881499/resourceGroups/testsitegroup/providers/Microsoft.SiteRecovery/SiteRecoveryVault/ppeVault3/ProtectionContainers/7c3641bb-d572-4d56-80da-498440f924e7\",\r\n      \"name\": \"7c3641bb-d572-4d56-80da-498440f924e7\",\r\n      \"type\": \"Microsoft.SiteRecovery/ProtectionContainer\",\r\n      \"properties\": {\r\n        \"friendlyName\": \"d1\",\r\n        \"serverId\": \"57f95c35-6c83-42ce-bb21-2c4f10f92d8e\",\r\n        \"fabricObjectId\": \"7c3641bb-d572-4d56-80da-498440f924e7\",\r\n        \"role\": null,\r\n        \"fabricType\": \"VMM\",\r\n        \"availableProtectionProfiles\": []\r\n      }\r\n    },\r\n    {\r\n      \"id\": \"/Subscriptions/00a07ea0-ad8b-491c-9de8-77bf10881499/resourceGroups/testsitegroup/providers/Microsoft.SiteRecovery/SiteRecoveryVault/ppeVault3/ProtectionContainers/b007f06c-646c-4978-a7bd-2a3d1a13110e\",\r\n      \"name\": \"b007f06c-646c-4978-a7bd-2a3d1a13110e\",\r\n      \"type\": \"Microsoft.SiteRecovery/ProtectionContainer\",\r\n      \"properties\": {\r\n        \"friendlyName\": \"alokSec\",\r\n        \"serverId\": \"57f95c35-6c83-42ce-bb21-2c4f10f92d8e\",\r\n        \"fabricObjectId\": \"b007f06c-646c-4978-a7bd-2a3d1a13110e\",\r\n        \"role\": null,\r\n        \"fabricType\": \"VMM\",\r\n        \"availableProtectionProfiles\": []\r\n      }\r\n    },\r\n    {\r\n      \"id\": \"/Subscriptions/00a07ea0-ad8b-491c-9de8-77bf10881499/resourceGroups/testsitegroup/providers/Microsoft.SiteRecovery/SiteRecoveryVault/ppeVault3/ProtectionContainers/de58c031-820e-4e1a-9505-763523bb69c5\",\r\n      \"name\": \"de58c031-820e-4e1a-9505-763523bb69c5\",\r\n      \"type\": \"Microsoft.SiteRecovery/ProtectionContainer\",\r\n      \"properties\": {\r\n        \"friendlyName\": \"alokPri\",\r\n        \"serverId\": \"57f95c35-6c83-42ce-bb21-2c4f10f92d8e\",\r\n        \"fabricObjectId\": \"de58c031-820e-4e1a-9505-763523bb69c5\",\r\n        \"role\": null,\r\n        \"fabricType\": \"VMM\",\r\n        \"availableProtectionProfiles\": []\r\n      }\r\n    },\r\n    {\r\n      \"id\": \"/Subscriptions/00a07ea0-ad8b-491c-9de8-77bf10881499/resourceGroups/testsitegroup/providers/Microsoft.SiteRecovery/SiteRecoveryVault/ppeVault3/ProtectionContainers/f0982c81-dfb1-4bfa-ba0d-a7d941f6e8c7\",\r\n      \"name\": \"f0982c81-dfb1-4bfa-ba0d-a7d941f6e8c7\",\r\n      \"type\": \"Microsoft.SiteRecovery/ProtectionContainer\",\r\n      \"properties\": {\r\n        \"friendlyName\": \"azurecloud\",\r\n        \"serverId\": \"57f95c35-6c83-42ce-bb21-2c4f10f92d8e\",\r\n        \"fabricObjectId\": \"f0982c81-dfb1-4bfa-ba0d-a7d941f6e8c7\",\r\n        \"role\": null,\r\n        \"fabricType\": \"VMM\",\r\n        \"availableProtectionProfiles\": []\r\n      }\r\n    },\r\n    {\r\n      \"id\": \"/Subscriptions/00a07ea0-ad8b-491c-9de8-77bf10881499/resourceGroups/testsitegroup/providers/Microsoft.SiteRecovery/SiteRecoveryVault/ppeVault3/ProtectionContainers/ff10d996-9083-4aee-b99d-7f7f44c81118\",\r\n      \"name\": \"ff10d996-9083-4aee-b99d-7f7f44c81118\",\r\n      \"type\": \"Microsoft.SiteRecovery/ProtectionContainer\",\r\n      \"properties\": {\r\n        \"friendlyName\": \"rec\",\r\n        \"serverId\": \"57f95c35-6c83-42ce-bb21-2c4f10f92d8e\",\r\n        \"fabricObjectId\": \"ff10d996-9083-4aee-b99d-7f7f44c81118\",\r\n        \"role\": null,\r\n        \"fabricType\": \"VMM\",\r\n        \"availableProtectionProfiles\": []\r\n      }\r\n    }\r\n  ],\r\n  \"nextLink\": null\r\n}",
      "ResponseHeaders": {
        "Content-Length": [
          "4663"
        ],
        "Content-Type": [
          "application/json"
        ],
        "Expires": [
          "-1"
        ],
        "Pragma": [
          "no-cache"
        ],
        "x-ms-request-id": [
          "b598a691-f5a6-4836-bbf4-c5ba8dd6138a-2015-08-19 02:33:21Z-P 8/19/2015 2:33:23 AM"
        ],
        "Strict-Transport-Security": [
          "max-age=31536000; includeSubDomains"
        ],
        "Cache-Control": [
          "no-cache"
        ],
        "Server": [
          "Microsoft-IIS/8.0",
          "Microsoft-IIS/8.0"
        ],
        "X-AspNet-Version": [
          "4.0.30319"
        ],
        "X-Powered-By": [
          "ASP.NET"
        ],
        "x-ms-client-request-id": [
          "b598a691-f5a6-4836-bbf4-c5ba8dd6138a-2015-08-19 02:33:21Z-P"
        ],
        "x-ms-ratelimit-remaining-subscription-reads": [
          "14983"
        ],
        "x-ms-correlation-request-id": [
          "6ec1c951-7176-4d2d-a4c1-13648cfd2d70"
        ],
        "x-ms-routing-request-id": [
          "CENTRALUS:20150819T023323Z:6ec1c951-7176-4d2d-a4c1-13648cfd2d70"
        ],
        "Date": [
          "Wed, 19 Aug 2015 02:33:23 GMT"
        ]
      },
      "StatusCode": 200
    },
    {
      "RequestUri": "/Subscriptions/00a07ea0-ad8b-491c-9de8-77bf10881499/resourceGroups/testsitegroup/providers/Microsoft.SiteRecovery/SiteRecoveryVault/ppeVault3/ProtectionContainers?api-version=2015-08-10",
      "EncodedRequestUri": "L1N1YnNjcmlwdGlvbnMvMDBhMDdlYTAtYWQ4Yi00OTFjLTlkZTgtNzdiZjEwODgxNDk5L3Jlc291cmNlR3JvdXBzL3Rlc3RzaXRlZ3JvdXAvcHJvdmlkZXJzL01pY3Jvc29mdC5TaXRlUmVjb3ZlcnkvU2l0ZVJlY292ZXJ5VmF1bHQvcHBlVmF1bHQzL1Byb3RlY3Rpb25Db250YWluZXJzP2FwaS12ZXJzaW9uPTIwMTUtMDgtMTA=",
      "RequestMethod": "GET",
      "RequestBody": "",
      "RequestHeaders": {
        "x-ms-client-request-id": [
          "148418a0-d081-43d8-894a-ba585d03e06e-2015-08-19 02:33:23Z-P"
        ],
        "x-ms-version": [
          "2015-01-01"
        ],
        "User-Agent": [
          "Microsoft.Azure.Management.SiteRecovery.SiteRecoveryManagementClient/0.9.0.0"
        ]
      },
      "ResponseBody": "{\r\n  \"value\": [\r\n    {\r\n      \"id\": \"/Subscriptions/00a07ea0-ad8b-491c-9de8-77bf10881499/resourceGroups/testsitegroup/providers/Microsoft.SiteRecovery/SiteRecoveryVault/ppeVault3/ProtectionContainers/01709fee-1177-4b82-9d56-cbaf6618070d\",\r\n      \"name\": \"01709fee-1177-4b82-9d56-cbaf6618070d\",\r\n      \"type\": \"Microsoft.SiteRecovery/ProtectionContainer\",\r\n      \"properties\": {\r\n        \"friendlyName\": \"pri\",\r\n        \"serverId\": \"57f95c35-6c83-42ce-bb21-2c4f10f92d8e\",\r\n        \"fabricObjectId\": \"01709fee-1177-4b82-9d56-cbaf6618070d\",\r\n        \"role\": null,\r\n        \"fabricType\": \"VMM\",\r\n        \"availableProtectionProfiles\": []\r\n      }\r\n    },\r\n    {\r\n      \"id\": \"/Subscriptions/00a07ea0-ad8b-491c-9de8-77bf10881499/resourceGroups/testsitegroup/providers/Microsoft.SiteRecovery/SiteRecoveryVault/ppeVault3/ProtectionContainers/19996177-88ca-4aa8-8fe6-8ae9198c06d3\",\r\n      \"name\": \"19996177-88ca-4aa8-8fe6-8ae9198c06d3\",\r\n      \"type\": \"Microsoft.SiteRecovery/ProtectionContainer\",\r\n      \"properties\": {\r\n        \"friendlyName\": \"cloud9\",\r\n        \"serverId\": \"57f95c35-6c83-42ce-bb21-2c4f10f92d8e\",\r\n        \"fabricObjectId\": \"19996177-88ca-4aa8-8fe6-8ae9198c06d3\",\r\n        \"role\": null,\r\n        \"fabricType\": \"VMM\",\r\n        \"availableProtectionProfiles\": []\r\n      }\r\n    },\r\n    {\r\n      \"id\": \"/Subscriptions/00a07ea0-ad8b-491c-9de8-77bf10881499/resourceGroups/testsitegroup/providers/Microsoft.SiteRecovery/SiteRecoveryVault/ppeVault3/ProtectionContainers/25cd3f73-4541-40df-a975-5322f2cf91b2\",\r\n      \"name\": \"25cd3f73-4541-40df-a975-5322f2cf91b2\",\r\n      \"type\": \"Microsoft.SiteRecovery/ProtectionContainer\",\r\n      \"properties\": {\r\n        \"friendlyName\": \"cloud1\",\r\n        \"serverId\": \"57f95c35-6c83-42ce-bb21-2c4f10f92d8e\",\r\n        \"fabricObjectId\": \"25cd3f73-4541-40df-a975-5322f2cf91b2\",\r\n        \"role\": null,\r\n        \"fabricType\": \"VMM\",\r\n        \"availableProtectionProfiles\": []\r\n      }\r\n    },\r\n    {\r\n      \"id\": \"/Subscriptions/00a07ea0-ad8b-491c-9de8-77bf10881499/resourceGroups/testsitegroup/providers/Microsoft.SiteRecovery/SiteRecoveryVault/ppeVault3/ProtectionContainers/42432614-e000-4cb9-8827-a49ea1d0d3cc\",\r\n      \"name\": \"42432614-e000-4cb9-8827-a49ea1d0d3cc\",\r\n      \"type\": \"Microsoft.SiteRecovery/ProtectionContainer\",\r\n      \"properties\": {\r\n        \"friendlyName\": \"d2\",\r\n        \"serverId\": \"57f95c35-6c83-42ce-bb21-2c4f10f92d8e\",\r\n        \"fabricObjectId\": \"42432614-e000-4cb9-8827-a49ea1d0d3cc\",\r\n        \"role\": null,\r\n        \"fabricType\": \"VMM\",\r\n        \"availableProtectionProfiles\": []\r\n      }\r\n    },\r\n    {\r\n      \"id\": \"/Subscriptions/00a07ea0-ad8b-491c-9de8-77bf10881499/resourceGroups/testsitegroup/providers/Microsoft.SiteRecovery/SiteRecoveryVault/ppeVault3/ProtectionContainers/7c3641bb-d572-4d56-80da-498440f924e7\",\r\n      \"name\": \"7c3641bb-d572-4d56-80da-498440f924e7\",\r\n      \"type\": \"Microsoft.SiteRecovery/ProtectionContainer\",\r\n      \"properties\": {\r\n        \"friendlyName\": \"d1\",\r\n        \"serverId\": \"57f95c35-6c83-42ce-bb21-2c4f10f92d8e\",\r\n        \"fabricObjectId\": \"7c3641bb-d572-4d56-80da-498440f924e7\",\r\n        \"role\": null,\r\n        \"fabricType\": \"VMM\",\r\n        \"availableProtectionProfiles\": []\r\n      }\r\n    },\r\n    {\r\n      \"id\": \"/Subscriptions/00a07ea0-ad8b-491c-9de8-77bf10881499/resourceGroups/testsitegroup/providers/Microsoft.SiteRecovery/SiteRecoveryVault/ppeVault3/ProtectionContainers/b007f06c-646c-4978-a7bd-2a3d1a13110e\",\r\n      \"name\": \"b007f06c-646c-4978-a7bd-2a3d1a13110e\",\r\n      \"type\": \"Microsoft.SiteRecovery/ProtectionContainer\",\r\n      \"properties\": {\r\n        \"friendlyName\": \"alokSec\",\r\n        \"serverId\": \"57f95c35-6c83-42ce-bb21-2c4f10f92d8e\",\r\n        \"fabricObjectId\": \"b007f06c-646c-4978-a7bd-2a3d1a13110e\",\r\n        \"role\": null,\r\n        \"fabricType\": \"VMM\",\r\n        \"availableProtectionProfiles\": []\r\n      }\r\n    },\r\n    {\r\n      \"id\": \"/Subscriptions/00a07ea0-ad8b-491c-9de8-77bf10881499/resourceGroups/testsitegroup/providers/Microsoft.SiteRecovery/SiteRecoveryVault/ppeVault3/ProtectionContainers/de58c031-820e-4e1a-9505-763523bb69c5\",\r\n      \"name\": \"de58c031-820e-4e1a-9505-763523bb69c5\",\r\n      \"type\": \"Microsoft.SiteRecovery/ProtectionContainer\",\r\n      \"properties\": {\r\n        \"friendlyName\": \"alokPri\",\r\n        \"serverId\": \"57f95c35-6c83-42ce-bb21-2c4f10f92d8e\",\r\n        \"fabricObjectId\": \"de58c031-820e-4e1a-9505-763523bb69c5\",\r\n        \"role\": null,\r\n        \"fabricType\": \"VMM\",\r\n        \"availableProtectionProfiles\": []\r\n      }\r\n    },\r\n    {\r\n      \"id\": \"/Subscriptions/00a07ea0-ad8b-491c-9de8-77bf10881499/resourceGroups/testsitegroup/providers/Microsoft.SiteRecovery/SiteRecoveryVault/ppeVault3/ProtectionContainers/f0982c81-dfb1-4bfa-ba0d-a7d941f6e8c7\",\r\n      \"name\": \"f0982c81-dfb1-4bfa-ba0d-a7d941f6e8c7\",\r\n      \"type\": \"Microsoft.SiteRecovery/ProtectionContainer\",\r\n      \"properties\": {\r\n        \"friendlyName\": \"azurecloud\",\r\n        \"serverId\": \"57f95c35-6c83-42ce-bb21-2c4f10f92d8e\",\r\n        \"fabricObjectId\": \"f0982c81-dfb1-4bfa-ba0d-a7d941f6e8c7\",\r\n        \"role\": null,\r\n        \"fabricType\": \"VMM\",\r\n        \"availableProtectionProfiles\": []\r\n      }\r\n    },\r\n    {\r\n      \"id\": \"/Subscriptions/00a07ea0-ad8b-491c-9de8-77bf10881499/resourceGroups/testsitegroup/providers/Microsoft.SiteRecovery/SiteRecoveryVault/ppeVault3/ProtectionContainers/ff10d996-9083-4aee-b99d-7f7f44c81118\",\r\n      \"name\": \"ff10d996-9083-4aee-b99d-7f7f44c81118\",\r\n      \"type\": \"Microsoft.SiteRecovery/ProtectionContainer\",\r\n      \"properties\": {\r\n        \"friendlyName\": \"rec\",\r\n        \"serverId\": \"57f95c35-6c83-42ce-bb21-2c4f10f92d8e\",\r\n        \"fabricObjectId\": \"ff10d996-9083-4aee-b99d-7f7f44c81118\",\r\n        \"role\": null,\r\n        \"fabricType\": \"VMM\",\r\n        \"availableProtectionProfiles\": []\r\n      }\r\n    }\r\n  ],\r\n  \"nextLink\": null\r\n}",
      "ResponseHeaders": {
        "Content-Length": [
          "4663"
        ],
        "Content-Type": [
          "application/json"
        ],
        "Expires": [
          "-1"
        ],
        "Pragma": [
          "no-cache"
        ],
        "x-ms-request-id": [
          "148418a0-d081-43d8-894a-ba585d03e06e-2015-08-19 02:33:23Z-P 8/19/2015 2:33:24 AM"
        ],
        "Strict-Transport-Security": [
          "max-age=31536000; includeSubDomains"
        ],
        "Cache-Control": [
          "no-cache"
        ],
        "Server": [
          "Microsoft-IIS/8.0",
          "Microsoft-IIS/8.0"
        ],
        "X-AspNet-Version": [
          "4.0.30319"
        ],
        "X-Powered-By": [
          "ASP.NET"
        ],
        "x-ms-client-request-id": [
          "148418a0-d081-43d8-894a-ba585d03e06e-2015-08-19 02:33:23Z-P"
        ],
        "x-ms-ratelimit-remaining-subscription-reads": [
          "14982"
        ],
        "x-ms-correlation-request-id": [
          "8fb9f06a-1496-4c81-b454-d5b4c43a705d"
        ],
        "x-ms-routing-request-id": [
          "CENTRALUS:20150819T023324Z:8fb9f06a-1496-4c81-b454-d5b4c43a705d"
        ],
        "Date": [
          "Wed, 19 Aug 2015 02:33:24 GMT"
        ]
      },
      "StatusCode": 200
    },
    {
      "RequestUri": "/Subscriptions/00a07ea0-ad8b-491c-9de8-77bf10881499/resourceGroups/testsitegroup/providers/Microsoft.SiteRecovery/SiteRecoveryVault/ppeVault3/ProtectionProfiles/pp?api-version=2015-08-10",
      "EncodedRequestUri": "L1N1YnNjcmlwdGlvbnMvMDBhMDdlYTAtYWQ4Yi00OTFjLTlkZTgtNzdiZjEwODgxNDk5L3Jlc291cmNlR3JvdXBzL3Rlc3RzaXRlZ3JvdXAvcHJvdmlkZXJzL01pY3Jvc29mdC5TaXRlUmVjb3ZlcnkvU2l0ZVJlY292ZXJ5VmF1bHQvcHBlVmF1bHQzL1Byb3RlY3Rpb25Qcm9maWxlcy9wcD9hcGktdmVyc2lvbj0yMDE1LTA4LTEw",
      "RequestMethod": "GET",
      "RequestBody": "",
      "RequestHeaders": {
        "x-ms-client-request-id": [
          "0280bdea-d897-445c-84e1-f55563f6e61b-2015-08-19 02:33:25Z-P"
        ],
        "x-ms-version": [
          "2015-01-01"
        ],
        "User-Agent": [
          "Microsoft.Azure.Management.SiteRecovery.SiteRecoveryManagementClient/0.9.0.0"
        ]
      },
      "ResponseBody": "{\r\n  \"id\": \"/Subscriptions/00a07ea0-ad8b-491c-9de8-77bf10881499/resourceGroups/testsitegroup/providers/Microsoft.SiteRecovery/SiteRecoveryVault/ppeVault3/ProtectionProfiles/pp\",\r\n  \"name\": \"pp\",\r\n  \"type\": \"Microsoft.SiteRecovery/ProtectionProfile\",\r\n  \"properties\": {\r\n    \"friendlyName\": \"pp\",\r\n    \"protectedEntityCount\": 0,\r\n    \"associationStatus\": \"Associated\",\r\n    \"replicationProvider\": \"HyperVReplica\",\r\n    \"replicationProviderSettings\": {\r\n      \"__type\": \"HyperVReplicaProtectionProfileDetails\",\r\n      \"recoveryPoints\": 1,\r\n      \"applicationConsistentSnapshotFrequencyInHours\": 0,\r\n      \"compression\": \"Disabled\",\r\n      \"initialReplicationMethod\": \"OverNetwork\",\r\n      \"onlineReplicationStartTime\": null,\r\n      \"offlineReplicationImportPath\": \"\",\r\n      \"offlineReplicationExportPath\": \"\",\r\n      \"replicationPort\": 8083,\r\n      \"allowedAuthenticationType\": 1,\r\n      \"replicaDeletionOption\": \"None\",\r\n      \"replicationFrequencyInSeconds\": 30\r\n    },\r\n    \"associationDetail\": []\r\n  }\r\n}",
      "ResponseHeaders": {
        "Content-Length": [
          "825"
        ],
        "Content-Type": [
          "application/json"
        ],
        "Expires": [
          "-1"
        ],
        "Pragma": [
          "no-cache"
        ],
        "x-ms-request-id": [
          "0280bdea-d897-445c-84e1-f55563f6e61b-2015-08-19 02:33:25Z-P 8/19/2015 2:33:25 AM"
        ],
        "Strict-Transport-Security": [
          "max-age=31536000; includeSubDomains"
        ],
        "Cache-Control": [
          "no-cache"
        ],
        "Server": [
          "Microsoft-IIS/8.0",
          "Microsoft-IIS/8.0"
        ],
        "X-AspNet-Version": [
          "4.0.30319"
        ],
        "X-Powered-By": [
          "ASP.NET"
        ],
        "x-ms-client-request-id": [
          "0280bdea-d897-445c-84e1-f55563f6e61b-2015-08-19 02:33:25Z-P"
        ],
        "x-ms-ratelimit-remaining-subscription-reads": [
          "14981"
        ],
        "x-ms-correlation-request-id": [
          "dfb0f839-3fff-4065-8159-fc320aed02d4"
        ],
        "x-ms-routing-request-id": [
          "CENTRALUS:20150819T023325Z:dfb0f839-3fff-4065-8159-fc320aed02d4"
        ],
        "Date": [
          "Wed, 19 Aug 2015 02:33:25 GMT"
        ]
      },
      "StatusCode": 200
    },
    {
      "RequestUri": "/Subscriptions/00a07ea0-ad8b-491c-9de8-77bf10881499/resourceGroups/testsitegroup/providers/Microsoft.SiteRecovery/SiteRecoveryVault/ppeVault3/ProtectionProfiles/pp/Associate?api-version=2015-08-10",
      "EncodedRequestUri": "L1N1YnNjcmlwdGlvbnMvMDBhMDdlYTAtYWQ4Yi00OTFjLTlkZTgtNzdiZjEwODgxNDk5L3Jlc291cmNlR3JvdXBzL3Rlc3RzaXRlZ3JvdXAvcHJvdmlkZXJzL01pY3Jvc29mdC5TaXRlUmVjb3ZlcnkvU2l0ZVJlY292ZXJ5VmF1bHQvcHBlVmF1bHQzL1Byb3RlY3Rpb25Qcm9maWxlcy9wcC9Bc3NvY2lhdGU/YXBpLXZlcnNpb249MjAxNS0wOC0xMA==",
      "RequestMethod": "POST",
      "RequestBody": "{\r\n  \"primaryProtectionContainerId\": \"01709fee-1177-4b82-9d56-cbaf6618070d\",\r\n  \"recoveryProtectionContainerId\": \"ff10d996-9083-4aee-b99d-7f7f44c81118\"\r\n}",
      "RequestHeaders": {
        "Content-Type": [
          "application/Json"
        ],
        "Content-Length": [
          "154"
        ],
        "Accept": [
          "application/Json"
        ],
        "Agent-Authentication": [
          "{\"NotBeforeTimestamp\":\"\\/Date(1439948006432)\\/\",\"NotAfterTimestamp\":\"\\/Date(1440552806432)\\/\",\"ClientRequestId\":\"76359d51-6775-4e42-b50f-3dc742b74795-2015-08-19 02:33:26Z-P\",\"HashFunction\":\"HMACSHA256\",\"Hmac\":\"8evBdvY9Ojoap+7MvbKMS9KLr4QZf1Mr++3A0HEztTg=\",\"Version\":{\"Major\":1,\"Minor\":2,\"Build\":-1,\"Revision\":-1,\"MajorRevision\":-1,\"MinorRevision\":-1},\"PropertyBag\":{}}"
        ],
        "x-ms-client-request-id": [
          "76359d51-6775-4e42-b50f-3dc742b74795-2015-08-19 02:33:26Z-P"
        ],
        "x-ms-version": [
          "2015-01-01"
        ],
        "User-Agent": [
          "Microsoft.Azure.Management.SiteRecovery.SiteRecoveryManagementClient/0.9.0.0"
        ]
      },
      "ResponseBody": "",
      "ResponseHeaders": {
        "Content-Length": [
          "0"
        ],
        "Expires": [
          "-1"
        ],
        "Pragma": [
          "no-cache"
        ],
        "Retry-After": [
          "30"
        ],
        "Azure-AsyncOperation": [
          "https://api-dogfood.resources.windows-int.net/Jobs/d04d86be-604a-4172-8555-d4be1eadcd53?api-version=2015-08-10"
        ],
        "x-ms-request-id": [
          "76359d51-6775-4e42-b50f-3dc742b74795-2015-08-19 02:33:26Z-P 8/19/2015 2:33:28 AM"
        ],
        "Strict-Transport-Security": [
          "max-age=31536000; includeSubDomains"
        ],
        "x-ms-client-request-id": [
          "76359d51-6775-4e42-b50f-3dc742b74795-2015-08-19 02:33:26Z-P"
        ],
        "x-ms-ratelimit-remaining-subscription-writes": [
          "1198"
        ],
        "x-ms-correlation-request-id": [
          "e6d2787b-2064-4665-b552-472e35c24dc9"
        ],
        "x-ms-routing-request-id": [
          "CENTRALUS:20150819T023327Z:e6d2787b-2064-4665-b552-472e35c24dc9"
        ],
        "Cache-Control": [
          "no-cache"
        ],
        "Date": [
          "Wed, 19 Aug 2015 02:33:27 GMT"
        ],
        "Location": [
          "https://api-dogfood.resources.windows-int.net/Subscriptions/00a07ea0-ad8b-491c-9de8-77bf10881499/resourceGroups/testsitegroup/providers/Microsoft.SiteRecovery/SiteRecoveryVault/ppeVault3/ProtectionProfiles/pp/operationresults/d04d86be-604a-4172-8555-d4be1eadcd53?api-version=2015-08-10"
        ],
        "X-Powered-By": [
          "ASP.NET"
        ]
      },
      "StatusCode": 202
    },
    {
      "RequestUri": "/Subscriptions/00a07ea0-ad8b-491c-9de8-77bf10881499/resourceGroups/testsitegroup/providers/Microsoft.SiteRecovery/SiteRecoveryVault/ppeVault3/jobs/d04d86be-604a-4172-8555-d4be1eadcd53?api-version=2015-08-10",
      "EncodedRequestUri": "L1N1YnNjcmlwdGlvbnMvMDBhMDdlYTAtYWQ4Yi00OTFjLTlkZTgtNzdiZjEwODgxNDk5L3Jlc291cmNlR3JvdXBzL3Rlc3RzaXRlZ3JvdXAvcHJvdmlkZXJzL01pY3Jvc29mdC5TaXRlUmVjb3ZlcnkvU2l0ZVJlY292ZXJ5VmF1bHQvcHBlVmF1bHQzL2pvYnMvZDA0ZDg2YmUtNjA0YS00MTcyLTg1NTUtZDRiZTFlYWRjZDUzP2FwaS12ZXJzaW9uPTIwMTUtMDgtMTA=",
      "RequestMethod": "GET",
      "RequestBody": "",
      "RequestHeaders": {
        "x-ms-client-request-id": [
          "deceb738-60cb-4e2c-99fc-8741e8f72aed-2015-08-19 02:33:28Z-P"
        ],
        "x-ms-version": [
          "2015-01-01"
        ],
        "User-Agent": [
          "Microsoft.Azure.Management.SiteRecovery.SiteRecoveryManagementClient/0.9.0.0"
        ]
      },
      "ResponseBody": "{\r\n  \"id\": \"/Subscriptions/00a07ea0-ad8b-491c-9de8-77bf10881499/resourceGroups/testsitegroup/providers/Microsoft.SiteRecovery/SiteRecoveryVault/ppeVault3/Jobs/d04d86be-604a-4172-8555-d4be1eadcd53\",\r\n  \"name\": \"d04d86be-604a-4172-8555-d4be1eadcd53\",\r\n  \"type\": \"Microsoft.SiteRecovery/Job\",\r\n  \"properties\": {\r\n    \"activityId\": \"76359d51-6775-4e42-b50f-3dc742b74795-2015-08-19 02:33:26Z-P\",\r\n    \"scenarioName\": \"CloudPairing\",\r\n    \"displayName\": \"Protection configuration\",\r\n    \"state\": \"InProgress\",\r\n    \"tasks\": [\r\n      {\r\n        \"id\": \"9208701f-5eaa-45c9-ad8a-0d8d097264ef\",\r\n        \"name\": \"CloudPairingHyperVReplicaBlue\",\r\n        \"startTime\": \"0001-01-01T00:00:00\",\r\n        \"endTime\": \"0001-01-01T00:00:00\",\r\n        \"actions\": [],\r\n        \"state\": \"NotStarted\",\r\n        \"childJobId\": null\r\n      }\r\n    ],\r\n    \"errors\": [],\r\n    \"startTime\": \"2015-08-19T02:33:27.9316182Z\",\r\n    \"endTime\": null,\r\n    \"allowedActions\": [\r\n      \"Cancel\",\r\n      \"Restart\"\r\n    ],\r\n    \"targetObjectId\": \"01709fee-1177-4b82-9d56-cbaf6618070d\",\r\n    \"targetObjectType\": \"ProtectionContainer\",\r\n    \"targetObjectName\": \"pri\"\r\n  }\r\n}",
      "ResponseHeaders": {
        "Content-Length": [
          "899"
        ],
        "Content-Type": [
          "application/json"
        ],
        "Expires": [
          "-1"
        ],
        "Pragma": [
          "no-cache"
        ],
        "x-ms-request-id": [
          "deceb738-60cb-4e2c-99fc-8741e8f72aed-2015-08-19 02:33:28Z-P 8/19/2015 2:33:29 AM"
        ],
        "Strict-Transport-Security": [
          "max-age=31536000; includeSubDomains"
        ],
        "Cache-Control": [
          "no-cache"
        ],
        "Server": [
          "Microsoft-IIS/8.0",
          "Microsoft-IIS/8.0"
        ],
        "X-AspNet-Version": [
          "4.0.30319"
        ],
        "X-Powered-By": [
          "ASP.NET"
        ],
        "x-ms-client-request-id": [
          "deceb738-60cb-4e2c-99fc-8741e8f72aed-2015-08-19 02:33:28Z-P"
        ],
        "x-ms-ratelimit-remaining-subscription-reads": [
          "14980"
        ],
        "x-ms-correlation-request-id": [
          "e9fb2ef8-4cd0-4627-939f-0a87206428a0"
        ],
        "x-ms-routing-request-id": [
          "CENTRALUS:20150819T023329Z:e9fb2ef8-4cd0-4627-939f-0a87206428a0"
        ],
        "Date": [
          "Wed, 19 Aug 2015 02:33:28 GMT"
        ]
      },
      "StatusCode": 200
    }
  ],
  "Names": {},
  "Variables": {
    "SubscriptionId": "00a07ea0-ad8b-491c-9de8-77bf10881499"
  }
}