{
  "Entries": [
    {
      "RequestUri": "/subscriptions/8313371e-0879-428e-b1da-6353575a9192/resourcegroups/ps2184?api-version=2016-09-01",
      "EncodedRequestUri": "L3N1YnNjcmlwdGlvbnMvODMxMzM3MWUtMDg3OS00MjhlLWIxZGEtNjM1MzU3NWE5MTkyL3Jlc291cmNlZ3JvdXBzL3BzMjE4ND9hcGktdmVyc2lvbj0yMDE2LTA5LTAx",
      "RequestMethod": "PUT",
      "RequestBody": "{\r\n  \"location\": \"westcentralus\"\r\n}",
      "RequestHeaders": {
        "x-ms-client-request-id": [
          "f90ab0ac-72be-4945-bd98-536701f8afac"
        ],
        "Accept-Language": [
          "en-US"
        ],
        "User-Agent": [
          "FxVersion/4.6.30411.01",
          "OSName/Windows",
          "OSVersion/Microsoft.Windows.10.0.17763.",
          "Microsoft.Azure.Management.Internal.Resources.ResourceManagementClient/1.3.45"
        ],
        "Content-Type": [
          "application/json; charset=utf-8"
        ],
        "Content-Length": [
          "35"
        ]
      },
      "ResponseHeaders": {
        "Cache-Control": [
          "no-cache"
        ],
        "Pragma": [
          "no-cache"
        ],
        "x-ms-ratelimit-remaining-subscription-writes": [
          "1199"
        ],
        "x-ms-request-id": [
          "acd7dd85-5053-4120-a7f7-9d2c0fffc4a5"
        ],
        "x-ms-correlation-request-id": [
          "acd7dd85-5053-4120-a7f7-9d2c0fffc4a5"
        ],
        "x-ms-routing-request-id": [
          "UKSOUTH:20211207T112018Z:acd7dd85-5053-4120-a7f7-9d2c0fffc4a5"
        ],
        "Strict-Transport-Security": [
          "max-age=31536000; includeSubDomains"
        ],
        "X-Content-Type-Options": [
          "nosniff"
        ],
        "Date": [
          "Tue, 07 Dec 2021 11:20:17 GMT"
        ],
        "Content-Length": [
          "172"
        ],
        "Content-Type": [
          "application/json; charset=utf-8"
        ],
        "Expires": [
          "-1"
        ]
      },
      "ResponseBody": "{\r\n  \"id\": \"/subscriptions/8313371e-0879-428e-b1da-6353575a9192/resourceGroups/ps2184\",\r\n  \"name\": \"ps2184\",\r\n  \"location\": \"westcentralus\",\r\n  \"properties\": {\r\n    \"provisioningState\": \"Succeeded\"\r\n  }\r\n}",
      "StatusCode": 201
    },
    {
      "RequestUri": "/subscriptions/8313371e-0879-428e-b1da-6353575a9192/resourceGroups/ps2184/providers/Microsoft.Sql/servers/ps289?api-version=2021-02-01-preview",
      "EncodedRequestUri": "L3N1YnNjcmlwdGlvbnMvODMxMzM3MWUtMDg3OS00MjhlLWIxZGEtNjM1MzU3NWE5MTkyL3Jlc291cmNlR3JvdXBzL3BzMjE4NC9wcm92aWRlcnMvTWljcm9zb2Z0LlNxbC9zZXJ2ZXJzL3BzMjg5P2FwaS12ZXJzaW9uPTIwMjEtMDItMDEtcHJldmlldw==",
      "RequestMethod": "GET",
      "RequestBody": "",
      "RequestHeaders": {
        "x-ms-client-request-id": [
          "2debe72a-fc0e-4014-9dae-d79c3561781c"
        ],
        "Accept-Language": [
          "en-US"
        ],
        "User-Agent": [
          "FxVersion/4.6.30411.01",
          "OSName/Windows",
          "OSVersion/Microsoft.Windows.10.0.17763.",
          "Microsoft.Azure.Management.Sql.SqlManagementClient/2.0.0.0"
        ]
      },
      "ResponseHeaders": {
        "Cache-Control": [
          "no-cache"
        ],
        "Pragma": [
          "no-cache"
        ],
        "x-ms-failure-cause": [
          "gateway"
        ],
        "x-ms-request-id": [
          "832dcf56-8f9d-4ec3-bfa6-6b148a60cf26"
        ],
        "x-ms-correlation-request-id": [
          "832dcf56-8f9d-4ec3-bfa6-6b148a60cf26"
        ],
        "x-ms-routing-request-id": [
          "UKSOUTH:20211207T112019Z:832dcf56-8f9d-4ec3-bfa6-6b148a60cf26"
        ],
        "Strict-Transport-Security": [
          "max-age=31536000; includeSubDomains"
        ],
        "X-Content-Type-Options": [
          "nosniff"
        ],
        "Date": [
          "Tue, 07 Dec 2021 11:20:18 GMT"
        ],
        "Content-Type": [
          "application/json; charset=utf-8"
        ],
        "Expires": [
          "-1"
        ],
        "Content-Length": [
          "205"
        ]
      },
      "ResponseBody": "{\r\n  \"error\": {\r\n    \"code\": \"ResourceNotFound\",\r\n    \"message\": \"The Resource 'Microsoft.Sql/servers/ps289' under resource group 'ps2184' was not found. For more details please go to https://aka.ms/ARMResourceNotFoundFix\"\r\n  }\r\n}",
      "StatusCode": 404
    },
    {
      "RequestUri": "/subscriptions/8313371e-0879-428e-b1da-6353575a9192/resourceGroups/ps2184/providers/Microsoft.Sql/servers/ps289?api-version=2021-02-01-preview",
      "EncodedRequestUri": "L3N1YnNjcmlwdGlvbnMvODMxMzM3MWUtMDg3OS00MjhlLWIxZGEtNjM1MzU3NWE5MTkyL3Jlc291cmNlR3JvdXBzL3BzMjE4NC9wcm92aWRlcnMvTWljcm9zb2Z0LlNxbC9zZXJ2ZXJzL3BzMjg5P2FwaS12ZXJzaW9uPTIwMjEtMDItMDEtcHJldmlldw==",
      "RequestMethod": "GET",
      "RequestBody": "",
      "RequestHeaders": {
        "x-ms-client-request-id": [
          "2debe72a-fc0e-4014-9dae-d79c3561781c"
        ],
        "User-Agent": [
          "FxVersion/4.6.30411.01",
          "OSName/Windows",
          "OSVersion/Microsoft.Windows.10.0.17763.",
          "Microsoft.Azure.Management.Sql.SqlManagementClient/2.0.0.0"
        ]
      },
      "ResponseHeaders": {
        "Cache-Control": [
          "no-cache"
        ],
        "Pragma": [
          "no-cache"
        ],
        "x-ms-request-id": [
          "98591c2e-a2fb-4c09-93ca-549e7a723c03"
        ],
        "Server": [
          "Microsoft-HTTPAPI/2.0"
        ],
        "x-ms-ratelimit-remaining-subscription-reads": [
          "11990"
        ],
        "x-ms-correlation-request-id": [
          "388bdb8d-af35-4b0b-80c8-cf6d12a40b8a"
        ],
        "x-ms-routing-request-id": [
          "UKSOUTH:20211207T112129Z:388bdb8d-af35-4b0b-80c8-cf6d12a40b8a"
        ],
        "Strict-Transport-Security": [
          "max-age=31536000; includeSubDomains"
        ],
        "X-Content-Type-Options": [
          "nosniff"
        ],
        "Date": [
          "Tue, 07 Dec 2021 11:21:28 GMT"
        ],
        "Content-Length": [
          "452"
        ],
        "Content-Type": [
          "application/json; charset=utf-8"
        ],
        "Expires": [
          "-1"
        ]
      },
      "ResponseBody": "{\r\n  \"kind\": \"v12.0\",\r\n  \"properties\": {\r\n    \"administratorLogin\": \"testusername\",\r\n    \"version\": \"12.0\",\r\n    \"state\": \"Ready\",\r\n    \"fullyQualifiedDomainName\": \"ps289.database.windows.net\",\r\n    \"privateEndpointConnections\": [],\r\n    \"publicNetworkAccess\": \"Enabled\",\r\n    \"restrictOutboundNetworkAccess\": \"Disabled\"\r\n  },\r\n  \"location\": \"westeurope\",\r\n  \"id\": \"/subscriptions/8313371e-0879-428e-b1da-6353575a9192/resourceGroups/ps2184/providers/Microsoft.Sql/servers/ps289\",\r\n  \"name\": \"ps289\",\r\n  \"type\": \"Microsoft.Sql/servers\"\r\n}",
      "StatusCode": 200
    },
    {
      "RequestUri": "/subscriptions/8313371e-0879-428e-b1da-6353575a9192/resourceGroups/ps2184/providers/Microsoft.Sql/servers/ps289?api-version=2021-02-01-preview",
      "EncodedRequestUri": "L3N1YnNjcmlwdGlvbnMvODMxMzM3MWUtMDg3OS00MjhlLWIxZGEtNjM1MzU3NWE5MTkyL3Jlc291cmNlR3JvdXBzL3BzMjE4NC9wcm92aWRlcnMvTWljcm9zb2Z0LlNxbC9zZXJ2ZXJzL3BzMjg5P2FwaS12ZXJzaW9uPTIwMjEtMDItMDEtcHJldmlldw==",
      "RequestMethod": "GET",
      "RequestBody": "",
      "RequestHeaders": {
        "x-ms-client-request-id": [
          "3facc8b3-3198-45d9-b134-703b98c6db3f"
        ],
        "Accept-Language": [
          "en-US"
        ],
        "User-Agent": [
          "FxVersion/4.6.30411.01",
          "OSName/Windows",
          "OSVersion/Microsoft.Windows.10.0.17763.",
          "Microsoft.Azure.Management.Sql.SqlManagementClient/2.0.0.0"
        ]
      },
      "ResponseHeaders": {
        "Cache-Control": [
          "no-cache"
        ],
        "Pragma": [
          "no-cache"
        ],
        "x-ms-request-id": [
          "2986c34b-57b9-4209-bec7-b2fb7d68119e"
        ],
        "Server": [
          "Microsoft-HTTPAPI/2.0"
        ],
        "x-ms-ratelimit-remaining-subscription-reads": [
          "11989"
        ],
        "x-ms-correlation-request-id": [
          "ec826f54-4f14-446f-b767-b1d3c97fd2b1"
        ],
        "x-ms-routing-request-id": [
          "UKSOUTH:20211207T112129Z:ec826f54-4f14-446f-b767-b1d3c97fd2b1"
        ],
        "Strict-Transport-Security": [
          "max-age=31536000; includeSubDomains"
        ],
        "X-Content-Type-Options": [
          "nosniff"
        ],
        "Date": [
          "Tue, 07 Dec 2021 11:21:29 GMT"
        ],
        "Content-Length": [
          "452"
        ],
        "Content-Type": [
          "application/json; charset=utf-8"
        ],
        "Expires": [
          "-1"
        ]
      },
      "ResponseBody": "{\r\n  \"kind\": \"v12.0\",\r\n  \"properties\": {\r\n    \"administratorLogin\": \"testusername\",\r\n    \"version\": \"12.0\",\r\n    \"state\": \"Ready\",\r\n    \"fullyQualifiedDomainName\": \"ps289.database.windows.net\",\r\n    \"privateEndpointConnections\": [],\r\n    \"publicNetworkAccess\": \"Enabled\",\r\n    \"restrictOutboundNetworkAccess\": \"Disabled\"\r\n  },\r\n  \"location\": \"westeurope\",\r\n  \"id\": \"/subscriptions/8313371e-0879-428e-b1da-6353575a9192/resourceGroups/ps2184/providers/Microsoft.Sql/servers/ps289\",\r\n  \"name\": \"ps289\",\r\n  \"type\": \"Microsoft.Sql/servers\"\r\n}",
      "StatusCode": 200
    },
    {
      "RequestUri": "/subscriptions/8313371e-0879-428e-b1da-6353575a9192/resourceGroups/ps2184/providers/Microsoft.Sql/servers/ps289?api-version=2021-02-01-preview",
      "EncodedRequestUri": "L3N1YnNjcmlwdGlvbnMvODMxMzM3MWUtMDg3OS00MjhlLWIxZGEtNjM1MzU3NWE5MTkyL3Jlc291cmNlR3JvdXBzL3BzMjE4NC9wcm92aWRlcnMvTWljcm9zb2Z0LlNxbC9zZXJ2ZXJzL3BzMjg5P2FwaS12ZXJzaW9uPTIwMjEtMDItMDEtcHJldmlldw==",
      "RequestMethod": "GET",
      "RequestBody": "",
      "RequestHeaders": {
        "x-ms-client-request-id": [
          "3facc8b3-3198-45d9-b134-703b98c6db3f"
        ],
        "Accept-Language": [
          "en-US"
        ],
        "User-Agent": [
          "FxVersion/4.6.30411.01",
          "OSName/Windows",
          "OSVersion/Microsoft.Windows.10.0.17763.",
          "Microsoft.Azure.Management.Sql.SqlManagementClient/2.0.0.0"
        ]
      },
      "ResponseHeaders": {
        "Cache-Control": [
          "no-cache"
        ],
        "Pragma": [
          "no-cache"
        ],
        "x-ms-request-id": [
          "52600ea4-d997-42c9-87c6-832571be0a6a"
        ],
        "Server": [
          "Microsoft-HTTPAPI/2.0"
        ],
        "x-ms-ratelimit-remaining-subscription-reads": [
          "11987"
        ],
        "x-ms-correlation-request-id": [
          "7fb89fc4-7c84-4c9a-ac17-da83b8d5d282"
        ],
        "x-ms-routing-request-id": [
          "UKSOUTH:20211207T112129Z:7fb89fc4-7c84-4c9a-ac17-da83b8d5d282"
        ],
        "Strict-Transport-Security": [
          "max-age=31536000; includeSubDomains"
        ],
        "X-Content-Type-Options": [
          "nosniff"
        ],
        "Date": [
          "Tue, 07 Dec 2021 11:21:29 GMT"
        ],
        "Content-Length": [
          "452"
        ],
        "Content-Type": [
          "application/json; charset=utf-8"
        ],
        "Expires": [
          "-1"
        ]
      },
      "ResponseBody": "{\r\n  \"kind\": \"v12.0\",\r\n  \"properties\": {\r\n    \"administratorLogin\": \"testusername\",\r\n    \"version\": \"12.0\",\r\n    \"state\": \"Ready\",\r\n    \"fullyQualifiedDomainName\": \"ps289.database.windows.net\",\r\n    \"privateEndpointConnections\": [],\r\n    \"publicNetworkAccess\": \"Enabled\",\r\n    \"restrictOutboundNetworkAccess\": \"Disabled\"\r\n  },\r\n  \"location\": \"westeurope\",\r\n  \"id\": \"/subscriptions/8313371e-0879-428e-b1da-6353575a9192/resourceGroups/ps2184/providers/Microsoft.Sql/servers/ps289\",\r\n  \"name\": \"ps289\",\r\n  \"type\": \"Microsoft.Sql/servers\"\r\n}",
      "StatusCode": 200
    },
    {
      "RequestUri": "/subscriptions/8313371e-0879-428e-b1da-6353575a9192/resourceGroups/ps2184/providers/Microsoft.Sql/servers/ps289?api-version=2021-02-01-preview",
      "EncodedRequestUri": "L3N1YnNjcmlwdGlvbnMvODMxMzM3MWUtMDg3OS00MjhlLWIxZGEtNjM1MzU3NWE5MTkyL3Jlc291cmNlR3JvdXBzL3BzMjE4NC9wcm92aWRlcnMvTWljcm9zb2Z0LlNxbC9zZXJ2ZXJzL3BzMjg5P2FwaS12ZXJzaW9uPTIwMjEtMDItMDEtcHJldmlldw==",
      "RequestMethod": "GET",
      "RequestBody": "",
      "RequestHeaders": {
        "x-ms-client-request-id": [
          "29a5ddf5-8b78-4341-bd7f-9ab6409b6958"
        ],
        "Accept-Language": [
          "en-US"
        ],
        "User-Agent": [
          "FxVersion/4.6.30411.01",
          "OSName/Windows",
          "OSVersion/Microsoft.Windows.10.0.17763.",
          "Microsoft.Azure.Management.Sql.SqlManagementClient/2.0.0.0"
        ]
      },
      "ResponseHeaders": {
        "Cache-Control": [
          "no-cache"
        ],
        "Pragma": [
          "no-cache"
        ],
        "x-ms-request-id": [
          "3227de11-177b-42df-b289-e1b1d687bb1d"
        ],
        "Server": [
          "Microsoft-HTTPAPI/2.0"
        ],
        "x-ms-ratelimit-remaining-subscription-reads": [
          "11981"
        ],
        "x-ms-correlation-request-id": [
          "296676d6-0c8b-49f3-b2b4-028f2060c637"
        ],
        "x-ms-routing-request-id": [
          "UKSOUTH:20211207T112233Z:296676d6-0c8b-49f3-b2b4-028f2060c637"
        ],
        "Strict-Transport-Security": [
          "max-age=31536000; includeSubDomains"
        ],
        "X-Content-Type-Options": [
          "nosniff"
        ],
        "Date": [
          "Tue, 07 Dec 2021 11:22:32 GMT"
        ],
        "Content-Length": [
          "452"
        ],
        "Content-Type": [
          "application/json; charset=utf-8"
        ],
        "Expires": [
          "-1"
        ]
      },
      "ResponseBody": "{\r\n  \"kind\": \"v12.0\",\r\n  \"properties\": {\r\n    \"administratorLogin\": \"testusername\",\r\n    \"version\": \"12.0\",\r\n    \"state\": \"Ready\",\r\n    \"fullyQualifiedDomainName\": \"ps289.database.windows.net\",\r\n    \"privateEndpointConnections\": [],\r\n    \"publicNetworkAccess\": \"Enabled\",\r\n    \"restrictOutboundNetworkAccess\": \"Disabled\"\r\n  },\r\n  \"location\": \"westeurope\",\r\n  \"id\": \"/subscriptions/8313371e-0879-428e-b1da-6353575a9192/resourceGroups/ps2184/providers/Microsoft.Sql/servers/ps289\",\r\n  \"name\": \"ps289\",\r\n  \"type\": \"Microsoft.Sql/servers\"\r\n}",
      "StatusCode": 200
    },
    {
      "RequestUri": "/subscriptions/8313371e-0879-428e-b1da-6353575a9192/resourceGroups/ps2184/providers/Microsoft.Sql/servers/ps289?api-version=2021-02-01-preview",
      "EncodedRequestUri": "L3N1YnNjcmlwdGlvbnMvODMxMzM3MWUtMDg3OS00MjhlLWIxZGEtNjM1MzU3NWE5MTkyL3Jlc291cmNlR3JvdXBzL3BzMjE4NC9wcm92aWRlcnMvTWljcm9zb2Z0LlNxbC9zZXJ2ZXJzL3BzMjg5P2FwaS12ZXJzaW9uPTIwMjEtMDItMDEtcHJldmlldw==",
      "RequestMethod": "GET",
      "RequestBody": "",
      "RequestHeaders": {
        "x-ms-client-request-id": [
          "29a5ddf5-8b78-4341-bd7f-9ab6409b6958"
        ],
        "Accept-Language": [
          "en-US"
        ],
        "User-Agent": [
          "FxVersion/4.6.30411.01",
          "OSName/Windows",
          "OSVersion/Microsoft.Windows.10.0.17763.",
          "Microsoft.Azure.Management.Sql.SqlManagementClient/2.0.0.0"
        ]
      },
      "ResponseHeaders": {
        "Cache-Control": [
          "no-cache"
        ],
        "Pragma": [
          "no-cache"
        ],
        "x-ms-request-id": [
          "842d7088-3be4-4f03-85d4-bf936461e2ba"
        ],
        "Server": [
          "Microsoft-HTTPAPI/2.0"
        ],
        "x-ms-ratelimit-remaining-subscription-reads": [
          "11979"
        ],
        "x-ms-correlation-request-id": [
          "4e739ee7-5d90-4ab5-bb2f-ec4716c2da3a"
        ],
        "x-ms-routing-request-id": [
          "UKSOUTH:20211207T112233Z:4e739ee7-5d90-4ab5-bb2f-ec4716c2da3a"
        ],
        "Strict-Transport-Security": [
          "max-age=31536000; includeSubDomains"
        ],
        "X-Content-Type-Options": [
          "nosniff"
        ],
        "Date": [
          "Tue, 07 Dec 2021 11:22:32 GMT"
        ],
        "Content-Length": [
          "452"
        ],
        "Content-Type": [
          "application/json; charset=utf-8"
        ],
        "Expires": [
          "-1"
        ]
      },
      "ResponseBody": "{\r\n  \"kind\": \"v12.0\",\r\n  \"properties\": {\r\n    \"administratorLogin\": \"testusername\",\r\n    \"version\": \"12.0\",\r\n    \"state\": \"Ready\",\r\n    \"fullyQualifiedDomainName\": \"ps289.database.windows.net\",\r\n    \"privateEndpointConnections\": [],\r\n    \"publicNetworkAccess\": \"Enabled\",\r\n    \"restrictOutboundNetworkAccess\": \"Disabled\"\r\n  },\r\n  \"location\": \"westeurope\",\r\n  \"id\": \"/subscriptions/8313371e-0879-428e-b1da-6353575a9192/resourceGroups/ps2184/providers/Microsoft.Sql/servers/ps289\",\r\n  \"name\": \"ps289\",\r\n  \"type\": \"Microsoft.Sql/servers\"\r\n}",
      "StatusCode": 200
    },
    {
      "RequestUri": "/subscriptions/8313371e-0879-428e-b1da-6353575a9192/resourceGroups/ps2184/providers/Microsoft.Sql/servers/ps289?api-version=2021-02-01-preview",
      "EncodedRequestUri": "L3N1YnNjcmlwdGlvbnMvODMxMzM3MWUtMDg3OS00MjhlLWIxZGEtNjM1MzU3NWE5MTkyL3Jlc291cmNlR3JvdXBzL3BzMjE4NC9wcm92aWRlcnMvTWljcm9zb2Z0LlNxbC9zZXJ2ZXJzL3BzMjg5P2FwaS12ZXJzaW9uPTIwMjEtMDItMDEtcHJldmlldw==",
      "RequestMethod": "PUT",
      "RequestBody": "{\r\n  \"properties\": {\r\n    \"administratorLogin\": \"testusername\",\r\n    \"administratorLoginPassword\": \"t357ingP@s5w0rd!\"\r\n  },\r\n  \"location\": \"West Europe\"\r\n}",
      "RequestHeaders": {
        "x-ms-client-request-id": [
          "2debe72a-fc0e-4014-9dae-d79c3561781c"
        ],
        "Accept-Language": [
          "en-US"
        ],
        "User-Agent": [
          "FxVersion/4.6.30411.01",
          "OSName/Windows",
          "OSVersion/Microsoft.Windows.10.0.17763.",
          "Microsoft.Azure.Management.Sql.SqlManagementClient/2.0.0.0"
        ],
        "Content-Type": [
          "application/json; charset=utf-8"
        ],
        "Content-Length": [
          "155"
        ]
      },
      "ResponseHeaders": {
        "Cache-Control": [
          "no-cache"
        ],
        "Pragma": [
          "no-cache"
        ],
        "Location": [
          "https://management.azure.com/subscriptions/8313371e-0879-428e-b1da-6353575a9192/resourceGroups/ps2184/providers/Microsoft.Sql/locations/westeurope/serverOperationResults/831b617d-cac0-44d5-a1e4-c2a393a75f28?api-version=2021-02-01-preview"
        ],
        "Retry-After": [
          "1"
        ],
        "Azure-AsyncOperation": [
          "https://management.azure.com/subscriptions/8313371e-0879-428e-b1da-6353575a9192/resourceGroups/ps2184/providers/Microsoft.Sql/locations/westeurope/serverAzureAsyncOperation/831b617d-cac0-44d5-a1e4-c2a393a75f28?api-version=2021-02-01-preview"
        ],
        "x-ms-request-id": [
          "831b617d-cac0-44d5-a1e4-c2a393a75f28"
        ],
        "Server": [
          "Microsoft-HTTPAPI/2.0"
        ],
        "x-ms-ratelimit-remaining-subscription-writes": [
          "1199"
        ],
        "x-ms-correlation-request-id": [
          "9f8506f3-404b-4b39-a790-9a788055afaf"
        ],
        "x-ms-routing-request-id": [
          "UKSOUTH:20211207T112023Z:9f8506f3-404b-4b39-a790-9a788055afaf"
        ],
        "Strict-Transport-Security": [
          "max-age=31536000; includeSubDomains"
        ],
        "X-Content-Type-Options": [
          "nosniff"
        ],
        "Date": [
          "Tue, 07 Dec 2021 11:20:22 GMT"
        ],
        "Content-Length": [
          "73"
        ],
        "Content-Type": [
          "application/json; charset=utf-8"
        ],
        "Expires": [
          "-1"
        ]
      },
      "ResponseBody": "{\r\n  \"operation\": \"UpsertLogicalServer\",\r\n  \"startTime\": \"2021-12-07T11:20:23.15Z\"\r\n}",
      "StatusCode": 202
    },
    {
      "RequestUri": "/subscriptions/8313371e-0879-428e-b1da-6353575a9192/resourceGroups/ps2184/providers/Microsoft.Sql/locations/westeurope/serverAzureAsyncOperation/831b617d-cac0-44d5-a1e4-c2a393a75f28?api-version=2021-02-01-preview",
      "EncodedRequestUri": "L3N1YnNjcmlwdGlvbnMvODMxMzM3MWUtMDg3OS00MjhlLWIxZGEtNjM1MzU3NWE5MTkyL3Jlc291cmNlR3JvdXBzL3BzMjE4NC9wcm92aWRlcnMvTWljcm9zb2Z0LlNxbC9sb2NhdGlvbnMvd2VzdGV1cm9wZS9zZXJ2ZXJBenVyZUFzeW5jT3BlcmF0aW9uLzgzMWI2MTdkLWNhYzAtNDRkNS1hMWU0LWMyYTM5M2E3NWYyOD9hcGktdmVyc2lvbj0yMDIxLTAyLTAxLXByZXZpZXc=",
      "RequestMethod": "GET",
      "RequestBody": "",
      "RequestHeaders": {
        "x-ms-client-request-id": [
          "2debe72a-fc0e-4014-9dae-d79c3561781c"
        ],
        "User-Agent": [
          "FxVersion/4.6.30411.01",
          "OSName/Windows",
          "OSVersion/Microsoft.Windows.10.0.17763.",
          "Microsoft.Azure.Management.Sql.SqlManagementClient/2.0.0.0"
        ]
      },
      "ResponseHeaders": {
        "Cache-Control": [
          "no-cache"
        ],
        "Pragma": [
          "no-cache"
        ],
        "Retry-After": [
          "1"
        ],
        "x-ms-request-id": [
          "f6c5b405-ff7a-4934-9500-9977f2a7a71c"
        ],
        "Server": [
          "Microsoft-HTTPAPI/2.0"
        ],
        "x-ms-ratelimit-remaining-subscription-reads": [
          "11998"
        ],
        "x-ms-correlation-request-id": [
          "11ecbf67-1d96-46aa-9e70-b9485a2ad830"
        ],
        "x-ms-routing-request-id": [
          "UKSOUTH:20211207T112024Z:11ecbf67-1d96-46aa-9e70-b9485a2ad830"
        ],
        "Strict-Transport-Security": [
          "max-age=31536000; includeSubDomains"
        ],
        "X-Content-Type-Options": [
          "nosniff"
        ],
        "Date": [
          "Tue, 07 Dec 2021 11:20:23 GMT"
        ],
        "Content-Length": [
          "107"
        ],
        "Content-Type": [
          "application/json; charset=utf-8"
        ],
        "Expires": [
          "-1"
        ]
      },
      "ResponseBody": "{\r\n  \"name\": \"831b617d-cac0-44d5-a1e4-c2a393a75f28\",\r\n  \"status\": \"InProgress\",\r\n  \"startTime\": \"2021-12-07T11:20:23.15Z\"\r\n}",
      "StatusCode": 200
    },
    {
      "RequestUri": "/subscriptions/8313371e-0879-428e-b1da-6353575a9192/resourceGroups/ps2184/providers/Microsoft.Sql/locations/westeurope/serverAzureAsyncOperation/831b617d-cac0-44d5-a1e4-c2a393a75f28?api-version=2021-02-01-preview",
      "EncodedRequestUri": "L3N1YnNjcmlwdGlvbnMvODMxMzM3MWUtMDg3OS00MjhlLWIxZGEtNjM1MzU3NWE5MTkyL3Jlc291cmNlR3JvdXBzL3BzMjE4NC9wcm92aWRlcnMvTWljcm9zb2Z0LlNxbC9sb2NhdGlvbnMvd2VzdGV1cm9wZS9zZXJ2ZXJBenVyZUFzeW5jT3BlcmF0aW9uLzgzMWI2MTdkLWNhYzAtNDRkNS1hMWU0LWMyYTM5M2E3NWYyOD9hcGktdmVyc2lvbj0yMDIxLTAyLTAxLXByZXZpZXc=",
      "RequestMethod": "GET",
      "RequestBody": "",
      "RequestHeaders": {
        "x-ms-client-request-id": [
          "2debe72a-fc0e-4014-9dae-d79c3561781c"
        ],
        "User-Agent": [
          "FxVersion/4.6.30411.01",
          "OSName/Windows",
          "OSVersion/Microsoft.Windows.10.0.17763.",
          "Microsoft.Azure.Management.Sql.SqlManagementClient/2.0.0.0"
        ]
      },
      "ResponseHeaders": {
        "Cache-Control": [
          "no-cache"
        ],
        "Pragma": [
          "no-cache"
        ],
        "Retry-After": [
          "1"
        ],
        "x-ms-request-id": [
          "f8861e1c-4358-47a8-8c53-ebc95ae64f8e"
        ],
        "Server": [
          "Microsoft-HTTPAPI/2.0"
        ],
        "x-ms-ratelimit-remaining-subscription-reads": [
          "11997"
        ],
        "x-ms-correlation-request-id": [
          "9ec62701-74fc-4d18-afee-56d6e436bdbb"
        ],
        "x-ms-routing-request-id": [
          "UKSOUTH:20211207T112025Z:9ec62701-74fc-4d18-afee-56d6e436bdbb"
        ],
        "Strict-Transport-Security": [
          "max-age=31536000; includeSubDomains"
        ],
        "X-Content-Type-Options": [
          "nosniff"
        ],
        "Date": [
          "Tue, 07 Dec 2021 11:20:25 GMT"
        ],
        "Content-Length": [
          "107"
        ],
        "Content-Type": [
          "application/json; charset=utf-8"
        ],
        "Expires": [
          "-1"
        ]
      },
      "ResponseBody": "{\r\n  \"name\": \"831b617d-cac0-44d5-a1e4-c2a393a75f28\",\r\n  \"status\": \"InProgress\",\r\n  \"startTime\": \"2021-12-07T11:20:23.15Z\"\r\n}",
      "StatusCode": 200
    },
    {
      "RequestUri": "/subscriptions/8313371e-0879-428e-b1da-6353575a9192/resourceGroups/ps2184/providers/Microsoft.Sql/locations/westeurope/serverAzureAsyncOperation/831b617d-cac0-44d5-a1e4-c2a393a75f28?api-version=2021-02-01-preview",
      "EncodedRequestUri": "L3N1YnNjcmlwdGlvbnMvODMxMzM3MWUtMDg3OS00MjhlLWIxZGEtNjM1MzU3NWE5MTkyL3Jlc291cmNlR3JvdXBzL3BzMjE4NC9wcm92aWRlcnMvTWljcm9zb2Z0LlNxbC9sb2NhdGlvbnMvd2VzdGV1cm9wZS9zZXJ2ZXJBenVyZUFzeW5jT3BlcmF0aW9uLzgzMWI2MTdkLWNhYzAtNDRkNS1hMWU0LWMyYTM5M2E3NWYyOD9hcGktdmVyc2lvbj0yMDIxLTAyLTAxLXByZXZpZXc=",
      "RequestMethod": "GET",
      "RequestBody": "",
      "RequestHeaders": {
        "x-ms-client-request-id": [
          "2debe72a-fc0e-4014-9dae-d79c3561781c"
        ],
        "User-Agent": [
          "FxVersion/4.6.30411.01",
          "OSName/Windows",
          "OSVersion/Microsoft.Windows.10.0.17763.",
          "Microsoft.Azure.Management.Sql.SqlManagementClient/2.0.0.0"
        ]
      },
      "ResponseHeaders": {
        "Cache-Control": [
          "no-cache"
        ],
        "Pragma": [
          "no-cache"
        ],
        "Retry-After": [
          "1"
        ],
        "x-ms-request-id": [
          "14301b31-9b23-4b4a-a31e-9e84339fe87b"
        ],
        "Server": [
          "Microsoft-HTTPAPI/2.0"
        ],
        "x-ms-ratelimit-remaining-subscription-reads": [
          "11996"
        ],
        "x-ms-correlation-request-id": [
          "76f8b5c0-dfc4-4780-b710-a66abd0734a8"
        ],
        "x-ms-routing-request-id": [
          "UKSOUTH:20211207T112026Z:76f8b5c0-dfc4-4780-b710-a66abd0734a8"
        ],
        "Strict-Transport-Security": [
          "max-age=31536000; includeSubDomains"
        ],
        "X-Content-Type-Options": [
          "nosniff"
        ],
        "Date": [
          "Tue, 07 Dec 2021 11:20:26 GMT"
        ],
        "Content-Length": [
          "107"
        ],
        "Content-Type": [
          "application/json; charset=utf-8"
        ],
        "Expires": [
          "-1"
        ]
      },
      "ResponseBody": "{\r\n  \"name\": \"831b617d-cac0-44d5-a1e4-c2a393a75f28\",\r\n  \"status\": \"InProgress\",\r\n  \"startTime\": \"2021-12-07T11:20:23.15Z\"\r\n}",
      "StatusCode": 200
    },
    {
      "RequestUri": "/subscriptions/8313371e-0879-428e-b1da-6353575a9192/resourceGroups/ps2184/providers/Microsoft.Sql/locations/westeurope/serverAzureAsyncOperation/831b617d-cac0-44d5-a1e4-c2a393a75f28?api-version=2021-02-01-preview",
      "EncodedRequestUri": "L3N1YnNjcmlwdGlvbnMvODMxMzM3MWUtMDg3OS00MjhlLWIxZGEtNjM1MzU3NWE5MTkyL3Jlc291cmNlR3JvdXBzL3BzMjE4NC9wcm92aWRlcnMvTWljcm9zb2Z0LlNxbC9sb2NhdGlvbnMvd2VzdGV1cm9wZS9zZXJ2ZXJBenVyZUFzeW5jT3BlcmF0aW9uLzgzMWI2MTdkLWNhYzAtNDRkNS1hMWU0LWMyYTM5M2E3NWYyOD9hcGktdmVyc2lvbj0yMDIxLTAyLTAxLXByZXZpZXc=",
      "RequestMethod": "GET",
      "RequestBody": "",
      "RequestHeaders": {
        "x-ms-client-request-id": [
          "2debe72a-fc0e-4014-9dae-d79c3561781c"
        ],
        "User-Agent": [
          "FxVersion/4.6.30411.01",
          "OSName/Windows",
          "OSVersion/Microsoft.Windows.10.0.17763.",
          "Microsoft.Azure.Management.Sql.SqlManagementClient/2.0.0.0"
        ]
      },
      "ResponseHeaders": {
        "Cache-Control": [
          "no-cache"
        ],
        "Pragma": [
          "no-cache"
        ],
        "Retry-After": [
          "1"
        ],
        "x-ms-request-id": [
          "4e6aab30-6d78-4220-8750-d9a62726d1ba"
        ],
        "Server": [
          "Microsoft-HTTPAPI/2.0"
        ],
        "x-ms-ratelimit-remaining-subscription-reads": [
          "11995"
        ],
        "x-ms-correlation-request-id": [
          "e6c892c0-0aca-4b0f-920a-a9f7192c03e8"
        ],
        "x-ms-routing-request-id": [
          "UKSOUTH:20211207T112027Z:e6c892c0-0aca-4b0f-920a-a9f7192c03e8"
        ],
        "Strict-Transport-Security": [
          "max-age=31536000; includeSubDomains"
        ],
        "X-Content-Type-Options": [
          "nosniff"
        ],
        "Date": [
          "Tue, 07 Dec 2021 11:20:27 GMT"
        ],
        "Content-Length": [
          "107"
        ],
        "Content-Type": [
          "application/json; charset=utf-8"
        ],
        "Expires": [
          "-1"
        ]
      },
      "ResponseBody": "{\r\n  \"name\": \"831b617d-cac0-44d5-a1e4-c2a393a75f28\",\r\n  \"status\": \"InProgress\",\r\n  \"startTime\": \"2021-12-07T11:20:23.15Z\"\r\n}",
      "StatusCode": 200
    },
    {
      "RequestUri": "/subscriptions/8313371e-0879-428e-b1da-6353575a9192/resourceGroups/ps2184/providers/Microsoft.Sql/locations/westeurope/serverAzureAsyncOperation/831b617d-cac0-44d5-a1e4-c2a393a75f28?api-version=2021-02-01-preview",
      "EncodedRequestUri": "L3N1YnNjcmlwdGlvbnMvODMxMzM3MWUtMDg3OS00MjhlLWIxZGEtNjM1MzU3NWE5MTkyL3Jlc291cmNlR3JvdXBzL3BzMjE4NC9wcm92aWRlcnMvTWljcm9zb2Z0LlNxbC9sb2NhdGlvbnMvd2VzdGV1cm9wZS9zZXJ2ZXJBenVyZUFzeW5jT3BlcmF0aW9uLzgzMWI2MTdkLWNhYzAtNDRkNS1hMWU0LWMyYTM5M2E3NWYyOD9hcGktdmVyc2lvbj0yMDIxLTAyLTAxLXByZXZpZXc=",
      "RequestMethod": "GET",
      "RequestBody": "",
      "RequestHeaders": {
        "x-ms-client-request-id": [
          "2debe72a-fc0e-4014-9dae-d79c3561781c"
        ],
        "User-Agent": [
          "FxVersion/4.6.30411.01",
          "OSName/Windows",
          "OSVersion/Microsoft.Windows.10.0.17763.",
          "Microsoft.Azure.Management.Sql.SqlManagementClient/2.0.0.0"
        ]
      },
      "ResponseHeaders": {
        "Cache-Control": [
          "no-cache"
        ],
        "Pragma": [
          "no-cache"
        ],
        "Retry-After": [
          "20"
        ],
        "x-ms-request-id": [
          "14c0f9e9-3989-4250-bc71-0db57b1d41a0"
        ],
        "Server": [
          "Microsoft-HTTPAPI/2.0"
        ],
        "x-ms-ratelimit-remaining-subscription-reads": [
          "11994"
        ],
        "x-ms-correlation-request-id": [
          "d6c1ff9e-2a34-4bdd-8c40-19c0e994c643"
        ],
        "x-ms-routing-request-id": [
          "UKSOUTH:20211207T112028Z:d6c1ff9e-2a34-4bdd-8c40-19c0e994c643"
        ],
        "Strict-Transport-Security": [
          "max-age=31536000; includeSubDomains"
        ],
        "X-Content-Type-Options": [
          "nosniff"
        ],
        "Date": [
          "Tue, 07 Dec 2021 11:20:28 GMT"
        ],
        "Content-Length": [
          "107"
        ],
        "Content-Type": [
          "application/json; charset=utf-8"
        ],
        "Expires": [
          "-1"
        ]
      },
      "ResponseBody": "{\r\n  \"name\": \"831b617d-cac0-44d5-a1e4-c2a393a75f28\",\r\n  \"status\": \"InProgress\",\r\n  \"startTime\": \"2021-12-07T11:20:23.15Z\"\r\n}",
      "StatusCode": 200
    },
    {
      "RequestUri": "/subscriptions/8313371e-0879-428e-b1da-6353575a9192/resourceGroups/ps2184/providers/Microsoft.Sql/locations/westeurope/serverAzureAsyncOperation/831b617d-cac0-44d5-a1e4-c2a393a75f28?api-version=2021-02-01-preview",
      "EncodedRequestUri": "L3N1YnNjcmlwdGlvbnMvODMxMzM3MWUtMDg3OS00MjhlLWIxZGEtNjM1MzU3NWE5MTkyL3Jlc291cmNlR3JvdXBzL3BzMjE4NC9wcm92aWRlcnMvTWljcm9zb2Z0LlNxbC9sb2NhdGlvbnMvd2VzdGV1cm9wZS9zZXJ2ZXJBenVyZUFzeW5jT3BlcmF0aW9uLzgzMWI2MTdkLWNhYzAtNDRkNS1hMWU0LWMyYTM5M2E3NWYyOD9hcGktdmVyc2lvbj0yMDIxLTAyLTAxLXByZXZpZXc=",
      "RequestMethod": "GET",
      "RequestBody": "",
      "RequestHeaders": {
        "x-ms-client-request-id": [
          "2debe72a-fc0e-4014-9dae-d79c3561781c"
        ],
        "User-Agent": [
          "FxVersion/4.6.30411.01",
          "OSName/Windows",
          "OSVersion/Microsoft.Windows.10.0.17763.",
          "Microsoft.Azure.Management.Sql.SqlManagementClient/2.0.0.0"
        ]
      },
      "ResponseHeaders": {
        "Cache-Control": [
          "no-cache"
        ],
        "Pragma": [
          "no-cache"
        ],
        "Retry-After": [
          "20"
        ],
        "x-ms-request-id": [
          "e68e6e25-ab9f-43e8-a76a-59f7098542b3"
        ],
        "Server": [
          "Microsoft-HTTPAPI/2.0"
        ],
        "x-ms-ratelimit-remaining-subscription-reads": [
          "11993"
        ],
        "x-ms-correlation-request-id": [
          "b0a492a1-8e94-4960-ae72-4682c870492a"
        ],
        "x-ms-routing-request-id": [
          "UKSOUTH:20211207T112048Z:b0a492a1-8e94-4960-ae72-4682c870492a"
        ],
        "Strict-Transport-Security": [
          "max-age=31536000; includeSubDomains"
        ],
        "X-Content-Type-Options": [
          "nosniff"
        ],
        "Date": [
          "Tue, 07 Dec 2021 11:20:48 GMT"
        ],
        "Content-Length": [
          "107"
        ],
        "Content-Type": [
          "application/json; charset=utf-8"
        ],
        "Expires": [
          "-1"
        ]
      },
      "ResponseBody": "{\r\n  \"name\": \"831b617d-cac0-44d5-a1e4-c2a393a75f28\",\r\n  \"status\": \"InProgress\",\r\n  \"startTime\": \"2021-12-07T11:20:23.15Z\"\r\n}",
      "StatusCode": 200
    },
    {
      "RequestUri": "/subscriptions/8313371e-0879-428e-b1da-6353575a9192/resourceGroups/ps2184/providers/Microsoft.Sql/locations/westeurope/serverAzureAsyncOperation/831b617d-cac0-44d5-a1e4-c2a393a75f28?api-version=2021-02-01-preview",
      "EncodedRequestUri": "L3N1YnNjcmlwdGlvbnMvODMxMzM3MWUtMDg3OS00MjhlLWIxZGEtNjM1MzU3NWE5MTkyL3Jlc291cmNlR3JvdXBzL3BzMjE4NC9wcm92aWRlcnMvTWljcm9zb2Z0LlNxbC9sb2NhdGlvbnMvd2VzdGV1cm9wZS9zZXJ2ZXJBenVyZUFzeW5jT3BlcmF0aW9uLzgzMWI2MTdkLWNhYzAtNDRkNS1hMWU0LWMyYTM5M2E3NWYyOD9hcGktdmVyc2lvbj0yMDIxLTAyLTAxLXByZXZpZXc=",
      "RequestMethod": "GET",
      "RequestBody": "",
      "RequestHeaders": {
        "x-ms-client-request-id": [
          "2debe72a-fc0e-4014-9dae-d79c3561781c"
        ],
        "User-Agent": [
          "FxVersion/4.6.30411.01",
          "OSName/Windows",
          "OSVersion/Microsoft.Windows.10.0.17763.",
          "Microsoft.Azure.Management.Sql.SqlManagementClient/2.0.0.0"
        ]
      },
      "ResponseHeaders": {
        "Cache-Control": [
          "no-cache"
        ],
        "Pragma": [
          "no-cache"
        ],
        "Retry-After": [
          "20"
        ],
        "x-ms-request-id": [
          "f23d47f8-eb13-4cf9-9cda-9b2d69ee8ac8"
        ],
        "Server": [
          "Microsoft-HTTPAPI/2.0"
        ],
        "x-ms-ratelimit-remaining-subscription-reads": [
          "11992"
        ],
        "x-ms-correlation-request-id": [
          "10102e3c-2dd0-40d5-b891-7407b79c1574"
        ],
        "x-ms-routing-request-id": [
          "UKSOUTH:20211207T112109Z:10102e3c-2dd0-40d5-b891-7407b79c1574"
        ],
        "Strict-Transport-Security": [
          "max-age=31536000; includeSubDomains"
        ],
        "X-Content-Type-Options": [
          "nosniff"
        ],
        "Date": [
          "Tue, 07 Dec 2021 11:21:08 GMT"
        ],
        "Content-Length": [
          "107"
        ],
        "Content-Type": [
          "application/json; charset=utf-8"
        ],
        "Expires": [
          "-1"
        ]
      },
      "ResponseBody": "{\r\n  \"name\": \"831b617d-cac0-44d5-a1e4-c2a393a75f28\",\r\n  \"status\": \"InProgress\",\r\n  \"startTime\": \"2021-12-07T11:20:23.15Z\"\r\n}",
      "StatusCode": 200
    },
    {
      "RequestUri": "/subscriptions/8313371e-0879-428e-b1da-6353575a9192/resourceGroups/ps2184/providers/Microsoft.Sql/locations/westeurope/serverAzureAsyncOperation/831b617d-cac0-44d5-a1e4-c2a393a75f28?api-version=2021-02-01-preview",
      "EncodedRequestUri": "L3N1YnNjcmlwdGlvbnMvODMxMzM3MWUtMDg3OS00MjhlLWIxZGEtNjM1MzU3NWE5MTkyL3Jlc291cmNlR3JvdXBzL3BzMjE4NC9wcm92aWRlcnMvTWljcm9zb2Z0LlNxbC9sb2NhdGlvbnMvd2VzdGV1cm9wZS9zZXJ2ZXJBenVyZUFzeW5jT3BlcmF0aW9uLzgzMWI2MTdkLWNhYzAtNDRkNS1hMWU0LWMyYTM5M2E3NWYyOD9hcGktdmVyc2lvbj0yMDIxLTAyLTAxLXByZXZpZXc=",
      "RequestMethod": "GET",
      "RequestBody": "",
      "RequestHeaders": {
        "x-ms-client-request-id": [
          "2debe72a-fc0e-4014-9dae-d79c3561781c"
        ],
        "User-Agent": [
          "FxVersion/4.6.30411.01",
          "OSName/Windows",
          "OSVersion/Microsoft.Windows.10.0.17763.",
          "Microsoft.Azure.Management.Sql.SqlManagementClient/2.0.0.0"
        ]
      },
      "ResponseHeaders": {
        "Cache-Control": [
          "no-cache"
        ],
        "Pragma": [
          "no-cache"
        ],
        "Retry-After": [
          "15"
        ],
        "x-ms-request-id": [
          "dc19b944-02e1-495d-a4fc-4258f9ef9bfd"
        ],
        "Server": [
          "Microsoft-HTTPAPI/2.0"
        ],
        "x-ms-ratelimit-remaining-subscription-reads": [
          "11991"
        ],
        "x-ms-correlation-request-id": [
          "f7500803-6b60-4815-a53d-0c1ec53439da"
        ],
        "x-ms-routing-request-id": [
          "UKSOUTH:20211207T112129Z:f7500803-6b60-4815-a53d-0c1ec53439da"
        ],
        "Strict-Transport-Security": [
          "max-age=31536000; includeSubDomains"
        ],
        "X-Content-Type-Options": [
          "nosniff"
        ],
        "Date": [
          "Tue, 07 Dec 2021 11:21:28 GMT"
        ],
        "Content-Length": [
          "106"
        ],
        "Content-Type": [
          "application/json; charset=utf-8"
        ],
        "Expires": [
          "-1"
        ]
      },
      "ResponseBody": "{\r\n  \"name\": \"831b617d-cac0-44d5-a1e4-c2a393a75f28\",\r\n  \"status\": \"Succeeded\",\r\n  \"startTime\": \"2021-12-07T11:20:23.15Z\"\r\n}",
      "StatusCode": 200
    },
    {
      "RequestUri": "/subscriptions/8313371e-0879-428e-b1da-6353575a9192/resourceGroups/ps2184/providers/Microsoft.Sql/servers/ps289/databases/ps254?api-version=2021-05-01-preview",
      "EncodedRequestUri": "L3N1YnNjcmlwdGlvbnMvODMxMzM3MWUtMDg3OS00MjhlLWIxZGEtNjM1MzU3NWE5MTkyL3Jlc291cmNlR3JvdXBzL3BzMjE4NC9wcm92aWRlcnMvTWljcm9zb2Z0LlNxbC9zZXJ2ZXJzL3BzMjg5L2RhdGFiYXNlcy9wczI1ND9hcGktdmVyc2lvbj0yMDIxLTA1LTAxLXByZXZpZXc=",
      "RequestMethod": "GET",
      "RequestBody": "",
      "RequestHeaders": {
        "x-ms-client-request-id": [
          "3facc8b3-3198-45d9-b134-703b98c6db3f"
        ],
        "Accept-Language": [
          "en-US"
        ],
        "User-Agent": [
          "FxVersion/4.6.30411.01",
          "OSName/Windows",
          "OSVersion/Microsoft.Windows.10.0.17763.",
          "Microsoft.Azure.Management.Sql.SqlManagementClient/2.0.0.0"
        ]
      },
      "ResponseHeaders": {
        "Cache-Control": [
          "no-cache"
        ],
        "Pragma": [
          "no-cache"
        ],
        "x-ms-failure-cause": [
          "gateway"
        ],
        "x-ms-request-id": [
          "4c5f2c20-64b9-4932-9692-388809749544"
        ],
        "x-ms-correlation-request-id": [
          "4c5f2c20-64b9-4932-9692-388809749544"
        ],
        "x-ms-routing-request-id": [
          "UKSOUTH:20211207T112129Z:4c5f2c20-64b9-4932-9692-388809749544"
        ],
        "Strict-Transport-Security": [
          "max-age=31536000; includeSubDomains"
        ],
        "X-Content-Type-Options": [
          "nosniff"
        ],
        "Date": [
          "Tue, 07 Dec 2021 11:21:29 GMT"
        ],
        "Content-Type": [
          "application/json; charset=utf-8"
        ],
        "Expires": [
          "-1"
        ],
        "Content-Length": [
          "221"
        ]
      },
      "ResponseBody": "{\r\n  \"error\": {\r\n    \"code\": \"ResourceNotFound\",\r\n    \"message\": \"The Resource 'Microsoft.Sql/servers/ps289/databases/ps254' under resource group 'ps2184' was not found. For more details please go to https://aka.ms/ARMResourceNotFoundFix\"\r\n  }\r\n}",
      "StatusCode": 404
    },
    {
      "RequestUri": "/subscriptions/8313371e-0879-428e-b1da-6353575a9192/resourceGroups/ps2184/providers/Microsoft.Sql/servers/ps289/databases/ps254?api-version=2021-05-01-preview",
      "EncodedRequestUri": "L3N1YnNjcmlwdGlvbnMvODMxMzM3MWUtMDg3OS00MjhlLWIxZGEtNjM1MzU3NWE5MTkyL3Jlc291cmNlR3JvdXBzL3BzMjE4NC9wcm92aWRlcnMvTWljcm9zb2Z0LlNxbC9zZXJ2ZXJzL3BzMjg5L2RhdGFiYXNlcy9wczI1ND9hcGktdmVyc2lvbj0yMDIxLTA1LTAxLXByZXZpZXc=",
      "RequestMethod": "GET",
      "RequestBody": "",
      "RequestHeaders": {
        "x-ms-client-request-id": [
          "3facc8b3-3198-45d9-b134-703b98c6db3f"
        ],
        "User-Agent": [
          "FxVersion/4.6.30411.01",
          "OSName/Windows",
          "OSVersion/Microsoft.Windows.10.0.17763.",
          "Microsoft.Azure.Management.Sql.SqlManagementClient/2.0.0.0"
        ]
      },
      "ResponseHeaders": {
        "Cache-Control": [
          "no-cache"
        ],
        "Pragma": [
          "no-cache"
        ],
        "x-ms-request-id": [
          "76b2d163-33cf-4655-b397-468755ae56db"
        ],
        "Server": [
          "Microsoft-HTTPAPI/2.0"
        ],
        "x-ms-ratelimit-remaining-subscription-reads": [
          "11982"
        ],
        "x-ms-correlation-request-id": [
          "47957cac-d9a6-4829-8b34-315ea1d6f63e"
        ],
        "x-ms-routing-request-id": [
          "UKSOUTH:20211207T112232Z:47957cac-d9a6-4829-8b34-315ea1d6f63e"
        ],
        "Strict-Transport-Security": [
          "max-age=31536000; includeSubDomains"
        ],
        "X-Content-Type-Options": [
          "nosniff"
        ],
        "Date": [
          "Tue, 07 Dec 2021 11:22:32 GMT"
        ],
        "Content-Length": [
          "1176"
        ],
        "Content-Type": [
          "application/json; charset=utf-8"
        ],
        "Expires": [
          "-1"
        ]
      },
      "ResponseBody": "{\r\n  \"sku\": {\r\n    \"name\": \"GP_Gen5\",\r\n    \"tier\": \"GeneralPurpose\",\r\n    \"family\": \"Gen5\",\r\n    \"capacity\": 2\r\n  },\r\n  \"kind\": \"v12.0,user,vcore\",\r\n  \"properties\": {\r\n    \"collation\": \"SQL_Latin1_General_CP1_CI_AS\",\r\n    \"maxSizeBytes\": 34359738368,\r\n    \"status\": \"Online\",\r\n    \"databaseId\": \"a0329cac-c988-447d-8752-cf27fa2f4aba\",\r\n    \"creationDate\": \"2021-12-07T11:22:20.46Z\",\r\n    \"currentServiceObjectiveName\": \"GP_Gen5_2\",\r\n    \"requestedServiceObjectiveName\": \"GP_Gen5_2\",\r\n    \"defaultSecondaryLocation\": \"northeurope\",\r\n    \"catalogCollation\": \"SQL_Latin1_General_CP1_CI_AS\",\r\n    \"zoneRedundant\": false,\r\n    \"licenseType\": \"LicenseIncluded\",\r\n    \"maxLogSizeBytes\": 68719476736,\r\n    \"readScale\": \"Disabled\",\r\n    \"currentSku\": {\r\n      \"name\": \"GP_Gen5\",\r\n      \"tier\": \"GeneralPurpose\",\r\n      \"family\": \"Gen5\",\r\n      \"capacity\": 2\r\n    },\r\n    \"currentBackupStorageRedundancy\": \"Geo\",\r\n    \"requestedBackupStorageRedundancy\": \"Geo\",\r\n    \"maintenanceConfigurationId\": \"/subscriptions/8313371e-0879-428e-b1da-6353575a9192/providers/Microsoft.Maintenance/publicMaintenanceConfigurations/SQL_Default\",\r\n    \"isLedgerOn\": false,\r\n    \"isInfraEncryptionEnabled\": false\r\n  },\r\n  \"location\": \"westeurope\",\r\n  \"id\": \"/subscriptions/8313371e-0879-428e-b1da-6353575a9192/resourceGroups/ps2184/providers/Microsoft.Sql/servers/ps289/databases/ps254\",\r\n  \"name\": \"ps254\",\r\n  \"type\": \"Microsoft.Sql/servers/databases\"\r\n}",
      "StatusCode": 200
    },
    {
      "RequestUri": "/subscriptions/8313371e-0879-428e-b1da-6353575a9192/resourceGroups/ps2184/providers/Microsoft.Sql/servers/ps289/databases/ps254?api-version=2021-05-01-preview",
      "EncodedRequestUri": "L3N1YnNjcmlwdGlvbnMvODMxMzM3MWUtMDg3OS00MjhlLWIxZGEtNjM1MzU3NWE5MTkyL3Jlc291cmNlR3JvdXBzL3BzMjE4NC9wcm92aWRlcnMvTWljcm9zb2Z0LlNxbC9zZXJ2ZXJzL3BzMjg5L2RhdGFiYXNlcy9wczI1ND9hcGktdmVyc2lvbj0yMDIxLTA1LTAxLXByZXZpZXc=",
      "RequestMethod": "PUT",
      "RequestBody": "{\r\n  \"properties\": {\r\n    \"maxSizeBytes\": 0,\r\n    \"readScale\": \"\"\r\n  },\r\n  \"location\": \"westeurope\"\r\n}",
      "RequestHeaders": {
        "x-ms-client-request-id": [
          "3facc8b3-3198-45d9-b134-703b98c6db3f"
        ],
        "Accept-Language": [
          "en-US"
        ],
        "User-Agent": [
          "FxVersion/4.6.30411.01",
          "OSName/Windows",
          "OSVersion/Microsoft.Windows.10.0.17763.",
          "Microsoft.Azure.Management.Sql.SqlManagementClient/2.0.0.0"
        ],
        "Content-Type": [
          "application/json; charset=utf-8"
        ],
        "Content-Length": [
          "102"
        ]
      },
      "ResponseHeaders": {
        "Cache-Control": [
          "no-cache"
        ],
        "Pragma": [
          "no-cache"
        ],
        "Location": [
          "https://management.azure.com/subscriptions/8313371e-0879-428e-b1da-6353575a9192/resourceGroups/ps2184/providers/Microsoft.Sql/locations/westeurope/databaseOperationResults/94ca4f2d-4ae8-45f3-94a9-5524232f5e96?api-version=2021-05-01-preview"
        ],
        "Retry-After": [
          "15"
        ],
        "Azure-AsyncOperation": [
          "https://management.azure.com/subscriptions/8313371e-0879-428e-b1da-6353575a9192/resourceGroups/ps2184/providers/Microsoft.Sql/locations/westeurope/databaseAzureAsyncOperation/94ca4f2d-4ae8-45f3-94a9-5524232f5e96?api-version=2021-05-01-preview"
        ],
        "x-ms-request-id": [
          "94ca4f2d-4ae8-45f3-94a9-5524232f5e96"
        ],
        "Server": [
          "Microsoft-HTTPAPI/2.0"
        ],
        "x-ms-ratelimit-remaining-subscription-writes": [
          "1198"
        ],
        "x-ms-correlation-request-id": [
          "8f72f398-9758-4c2a-b5b5-21876e894a54"
        ],
        "x-ms-routing-request-id": [
          "UKSOUTH:20211207T112132Z:8f72f398-9758-4c2a-b5b5-21876e894a54"
        ],
        "Strict-Transport-Security": [
          "max-age=31536000; includeSubDomains"
        ],
        "X-Content-Type-Options": [
          "nosniff"
        ],
        "Date": [
          "Tue, 07 Dec 2021 11:21:32 GMT"
        ],
        "Content-Length": [
          "75"
        ],
        "Content-Type": [
          "application/json; charset=utf-8"
        ],
        "Expires": [
          "-1"
        ]
      },
      "ResponseBody": "{\r\n  \"operation\": \"CreateLogicalDatabase\",\r\n  \"startTime\": \"2021-12-07T11:21:32.52Z\"\r\n}",
      "StatusCode": 202
    },
    {
      "RequestUri": "/subscriptions/8313371e-0879-428e-b1da-6353575a9192/resourceGroups/ps2184/providers/Microsoft.Sql/locations/westeurope/databaseAzureAsyncOperation/94ca4f2d-4ae8-45f3-94a9-5524232f5e96?api-version=2021-05-01-preview",
      "EncodedRequestUri": "L3N1YnNjcmlwdGlvbnMvODMxMzM3MWUtMDg3OS00MjhlLWIxZGEtNjM1MzU3NWE5MTkyL3Jlc291cmNlR3JvdXBzL3BzMjE4NC9wcm92aWRlcnMvTWljcm9zb2Z0LlNxbC9sb2NhdGlvbnMvd2VzdGV1cm9wZS9kYXRhYmFzZUF6dXJlQXN5bmNPcGVyYXRpb24vOTRjYTRmMmQtNGFlOC00NWYzLTk0YTktNTUyNDIzMmY1ZTk2P2FwaS12ZXJzaW9uPTIwMjEtMDUtMDEtcHJldmlldw==",
      "RequestMethod": "GET",
      "RequestBody": "",
      "RequestHeaders": {
        "x-ms-client-request-id": [
          "3facc8b3-3198-45d9-b134-703b98c6db3f"
        ],
        "User-Agent": [
          "FxVersion/4.6.30411.01",
          "OSName/Windows",
          "OSVersion/Microsoft.Windows.10.0.17763.",
          "Microsoft.Azure.Management.Sql.SqlManagementClient/2.0.0.0"
        ]
      },
      "ResponseHeaders": {
        "Cache-Control": [
          "no-cache"
        ],
        "Pragma": [
          "no-cache"
        ],
        "Retry-After": [
          "15"
        ],
        "x-ms-request-id": [
          "df893f04-9e36-4111-9ce2-05dbad82d4ac"
        ],
        "Server": [
          "Microsoft-HTTPAPI/2.0"
        ],
        "x-ms-ratelimit-remaining-subscription-reads": [
          "11986"
        ],
        "x-ms-correlation-request-id": [
          "501fb3ed-c514-4f5b-9922-6c00da1e308f"
        ],
        "x-ms-routing-request-id": [
          "UKSOUTH:20211207T112147Z:501fb3ed-c514-4f5b-9922-6c00da1e308f"
        ],
        "Strict-Transport-Security": [
          "max-age=31536000; includeSubDomains"
        ],
        "X-Content-Type-Options": [
          "nosniff"
        ],
        "Date": [
          "Tue, 07 Dec 2021 11:21:47 GMT"
        ],
        "Content-Length": [
          "107"
        ],
        "Content-Type": [
          "application/json; charset=utf-8"
        ],
        "Expires": [
          "-1"
        ]
      },
      "ResponseBody": "{\r\n  \"name\": \"94ca4f2d-4ae8-45f3-94a9-5524232f5e96\",\r\n  \"status\": \"InProgress\",\r\n  \"startTime\": \"2021-12-07T11:21:32.52Z\"\r\n}",
      "StatusCode": 200
    },
    {
      "RequestUri": "/subscriptions/8313371e-0879-428e-b1da-6353575a9192/resourceGroups/ps2184/providers/Microsoft.Sql/locations/westeurope/databaseAzureAsyncOperation/94ca4f2d-4ae8-45f3-94a9-5524232f5e96?api-version=2021-05-01-preview",
      "EncodedRequestUri": "L3N1YnNjcmlwdGlvbnMvODMxMzM3MWUtMDg3OS00MjhlLWIxZGEtNjM1MzU3NWE5MTkyL3Jlc291cmNlR3JvdXBzL3BzMjE4NC9wcm92aWRlcnMvTWljcm9zb2Z0LlNxbC9sb2NhdGlvbnMvd2VzdGV1cm9wZS9kYXRhYmFzZUF6dXJlQXN5bmNPcGVyYXRpb24vOTRjYTRmMmQtNGFlOC00NWYzLTk0YTktNTUyNDIzMmY1ZTk2P2FwaS12ZXJzaW9uPTIwMjEtMDUtMDEtcHJldmlldw==",
      "RequestMethod": "GET",
      "RequestBody": "",
      "RequestHeaders": {
        "x-ms-client-request-id": [
          "3facc8b3-3198-45d9-b134-703b98c6db3f"
        ],
        "User-Agent": [
          "FxVersion/4.6.30411.01",
          "OSName/Windows",
          "OSVersion/Microsoft.Windows.10.0.17763.",
          "Microsoft.Azure.Management.Sql.SqlManagementClient/2.0.0.0"
        ]
      },
      "ResponseHeaders": {
        "Cache-Control": [
          "no-cache"
        ],
        "Pragma": [
          "no-cache"
        ],
        "Retry-After": [
          "15"
        ],
        "x-ms-request-id": [
          "cbe48484-38c0-4774-8285-41e3ecddf8c3"
        ],
        "Server": [
          "Microsoft-HTTPAPI/2.0"
        ],
        "x-ms-ratelimit-remaining-subscription-reads": [
          "11985"
        ],
        "x-ms-correlation-request-id": [
          "45621725-65fc-4d64-994f-e52af492e70d"
        ],
        "x-ms-routing-request-id": [
          "UKSOUTH:20211207T112202Z:45621725-65fc-4d64-994f-e52af492e70d"
        ],
        "Strict-Transport-Security": [
          "max-age=31536000; includeSubDomains"
        ],
        "X-Content-Type-Options": [
          "nosniff"
        ],
        "Date": [
          "Tue, 07 Dec 2021 11:22:02 GMT"
        ],
        "Content-Length": [
          "107"
        ],
        "Content-Type": [
          "application/json; charset=utf-8"
        ],
        "Expires": [
          "-1"
        ]
      },
      "ResponseBody": "{\r\n  \"name\": \"94ca4f2d-4ae8-45f3-94a9-5524232f5e96\",\r\n  \"status\": \"InProgress\",\r\n  \"startTime\": \"2021-12-07T11:21:32.52Z\"\r\n}",
      "StatusCode": 200
    },
    {
      "RequestUri": "/subscriptions/8313371e-0879-428e-b1da-6353575a9192/resourceGroups/ps2184/providers/Microsoft.Sql/locations/westeurope/databaseAzureAsyncOperation/94ca4f2d-4ae8-45f3-94a9-5524232f5e96?api-version=2021-05-01-preview",
      "EncodedRequestUri": "L3N1YnNjcmlwdGlvbnMvODMxMzM3MWUtMDg3OS00MjhlLWIxZGEtNjM1MzU3NWE5MTkyL3Jlc291cmNlR3JvdXBzL3BzMjE4NC9wcm92aWRlcnMvTWljcm9zb2Z0LlNxbC9sb2NhdGlvbnMvd2VzdGV1cm9wZS9kYXRhYmFzZUF6dXJlQXN5bmNPcGVyYXRpb24vOTRjYTRmMmQtNGFlOC00NWYzLTk0YTktNTUyNDIzMmY1ZTk2P2FwaS12ZXJzaW9uPTIwMjEtMDUtMDEtcHJldmlldw==",
      "RequestMethod": "GET",
      "RequestBody": "",
      "RequestHeaders": {
        "x-ms-client-request-id": [
          "3facc8b3-3198-45d9-b134-703b98c6db3f"
        ],
        "User-Agent": [
          "FxVersion/4.6.30411.01",
          "OSName/Windows",
          "OSVersion/Microsoft.Windows.10.0.17763.",
          "Microsoft.Azure.Management.Sql.SqlManagementClient/2.0.0.0"
        ]
      },
      "ResponseHeaders": {
        "Cache-Control": [
          "no-cache"
        ],
        "Pragma": [
          "no-cache"
        ],
        "Retry-After": [
          "15"
        ],
        "x-ms-request-id": [
          "2bf58100-602a-4de1-b6b7-d71675eae7d8"
        ],
        "Server": [
          "Microsoft-HTTPAPI/2.0"
        ],
        "x-ms-ratelimit-remaining-subscription-reads": [
          "11984"
        ],
        "x-ms-correlation-request-id": [
          "7911e1da-63a3-49bf-8919-aec29f6c1ebd"
        ],
        "x-ms-routing-request-id": [
          "UKSOUTH:20211207T112217Z:7911e1da-63a3-49bf-8919-aec29f6c1ebd"
        ],
        "Strict-Transport-Security": [
          "max-age=31536000; includeSubDomains"
        ],
        "X-Content-Type-Options": [
          "nosniff"
        ],
        "Date": [
          "Tue, 07 Dec 2021 11:22:17 GMT"
        ],
        "Content-Length": [
          "107"
        ],
        "Content-Type": [
          "application/json; charset=utf-8"
        ],
        "Expires": [
          "-1"
        ]
      },
      "ResponseBody": "{\r\n  \"name\": \"94ca4f2d-4ae8-45f3-94a9-5524232f5e96\",\r\n  \"status\": \"InProgress\",\r\n  \"startTime\": \"2021-12-07T11:21:32.52Z\"\r\n}",
      "StatusCode": 200
    },
    {
      "RequestUri": "/subscriptions/8313371e-0879-428e-b1da-6353575a9192/resourceGroups/ps2184/providers/Microsoft.Sql/locations/westeurope/databaseAzureAsyncOperation/94ca4f2d-4ae8-45f3-94a9-5524232f5e96?api-version=2021-05-01-preview",
      "EncodedRequestUri": "L3N1YnNjcmlwdGlvbnMvODMxMzM3MWUtMDg3OS00MjhlLWIxZGEtNjM1MzU3NWE5MTkyL3Jlc291cmNlR3JvdXBzL3BzMjE4NC9wcm92aWRlcnMvTWljcm9zb2Z0LlNxbC9sb2NhdGlvbnMvd2VzdGV1cm9wZS9kYXRhYmFzZUF6dXJlQXN5bmNPcGVyYXRpb24vOTRjYTRmMmQtNGFlOC00NWYzLTk0YTktNTUyNDIzMmY1ZTk2P2FwaS12ZXJzaW9uPTIwMjEtMDUtMDEtcHJldmlldw==",
      "RequestMethod": "GET",
      "RequestBody": "",
      "RequestHeaders": {
        "x-ms-client-request-id": [
          "3facc8b3-3198-45d9-b134-703b98c6db3f"
        ],
        "User-Agent": [
          "FxVersion/4.6.30411.01",
          "OSName/Windows",
          "OSVersion/Microsoft.Windows.10.0.17763.",
          "Microsoft.Azure.Management.Sql.SqlManagementClient/2.0.0.0"
        ]
      },
      "ResponseHeaders": {
        "Cache-Control": [
          "no-cache"
        ],
        "Pragma": [
          "no-cache"
        ],
        "Retry-After": [
          "15"
        ],
        "x-ms-request-id": [
          "04622b88-35b8-418f-a91e-af3b590898b8"
        ],
        "Server": [
          "Microsoft-HTTPAPI/2.0"
        ],
        "x-ms-ratelimit-remaining-subscription-reads": [
          "11983"
        ],
        "x-ms-correlation-request-id": [
          "9ed0b134-f990-4dfa-8d84-f609717f54ea"
        ],
        "x-ms-routing-request-id": [
          "UKSOUTH:20211207T112232Z:9ed0b134-f990-4dfa-8d84-f609717f54ea"
        ],
        "Strict-Transport-Security": [
          "max-age=31536000; includeSubDomains"
        ],
        "X-Content-Type-Options": [
          "nosniff"
        ],
        "Date": [
          "Tue, 07 Dec 2021 11:22:32 GMT"
        ],
        "Content-Length": [
          "106"
        ],
        "Content-Type": [
          "application/json; charset=utf-8"
        ],
        "Expires": [
          "-1"
        ]
      },
      "ResponseBody": "{\r\n  \"name\": \"94ca4f2d-4ae8-45f3-94a9-5524232f5e96\",\r\n  \"status\": \"Succeeded\",\r\n  \"startTime\": \"2021-12-07T11:21:32.52Z\"\r\n}",
      "StatusCode": 200
    },
    {
      "RequestUri": "/subscriptions/8313371e-0879-428e-b1da-6353575a9192/resourceGroups/ps2184/providers/Microsoft.Sql/servers/ps289/databases/ps1436?api-version=2021-05-01-preview",
      "EncodedRequestUri": "L3N1YnNjcmlwdGlvbnMvODMxMzM3MWUtMDg3OS00MjhlLWIxZGEtNjM1MzU3NWE5MTkyL3Jlc291cmNlR3JvdXBzL3BzMjE4NC9wcm92aWRlcnMvTWljcm9zb2Z0LlNxbC9zZXJ2ZXJzL3BzMjg5L2RhdGFiYXNlcy9wczE0MzY/YXBpLXZlcnNpb249MjAyMS0wNS0wMS1wcmV2aWV3",
      "RequestMethod": "GET",
      "RequestBody": "",
      "RequestHeaders": {
        "x-ms-client-request-id": [
          "29a5ddf5-8b78-4341-bd7f-9ab6409b6958"
        ],
        "Accept-Language": [
          "en-US"
        ],
        "User-Agent": [
          "FxVersion/4.6.30411.01",
          "OSName/Windows",
          "OSVersion/Microsoft.Windows.10.0.17763.",
          "Microsoft.Azure.Management.Sql.SqlManagementClient/2.0.0.0"
        ]
      },
      "ResponseHeaders": {
        "Cache-Control": [
          "no-cache"
        ],
        "Pragma": [
          "no-cache"
        ],
        "x-ms-failure-cause": [
          "gateway"
        ],
        "x-ms-request-id": [
          "ab8ef77e-5970-47a5-9197-4f70beb9dd08"
        ],
        "x-ms-correlation-request-id": [
          "ab8ef77e-5970-47a5-9197-4f70beb9dd08"
        ],
        "x-ms-routing-request-id": [
          "UKSOUTH:20211207T112233Z:ab8ef77e-5970-47a5-9197-4f70beb9dd08"
        ],
        "Strict-Transport-Security": [
          "max-age=31536000; includeSubDomains"
        ],
        "X-Content-Type-Options": [
          "nosniff"
        ],
        "Date": [
          "Tue, 07 Dec 2021 11:22:32 GMT"
        ],
        "Content-Type": [
          "application/json; charset=utf-8"
        ],
        "Expires": [
          "-1"
        ],
        "Content-Length": [
          "222"
        ]
      },
      "ResponseBody": "{\r\n  \"error\": {\r\n    \"code\": \"ResourceNotFound\",\r\n    \"message\": \"The Resource 'Microsoft.Sql/servers/ps289/databases/ps1436' under resource group 'ps2184' was not found. For more details please go to https://aka.ms/ARMResourceNotFoundFix\"\r\n  }\r\n}",
      "StatusCode": 404
    },
    {
      "RequestUri": "/subscriptions/8313371e-0879-428e-b1da-6353575a9192/resourceGroups/ps2184/providers/Microsoft.Sql/servers/ps289/databases/ps1436?api-version=2021-05-01-preview",
      "EncodedRequestUri": "L3N1YnNjcmlwdGlvbnMvODMxMzM3MWUtMDg3OS00MjhlLWIxZGEtNjM1MzU3NWE5MTkyL3Jlc291cmNlR3JvdXBzL3BzMjE4NC9wcm92aWRlcnMvTWljcm9zb2Z0LlNxbC9zZXJ2ZXJzL3BzMjg5L2RhdGFiYXNlcy9wczE0MzY/YXBpLXZlcnNpb249MjAyMS0wNS0wMS1wcmV2aWV3",
      "RequestMethod": "GET",
      "RequestBody": "",
      "RequestHeaders": {
        "x-ms-client-request-id": [
          "29a5ddf5-8b78-4341-bd7f-9ab6409b6958"
        ],
        "User-Agent": [
          "FxVersion/4.6.30411.01",
          "OSName/Windows",
          "OSVersion/Microsoft.Windows.10.0.17763.",
          "Microsoft.Azure.Management.Sql.SqlManagementClient/2.0.0.0"
        ]
      },
      "ResponseHeaders": {
        "Cache-Control": [
          "no-cache"
        ],
        "Pragma": [
          "no-cache"
        ],
        "x-ms-request-id": [
          "170756cd-fc9c-467d-9966-32d30ba18f76"
        ],
        "Server": [
          "Microsoft-HTTPAPI/2.0"
        ],
        "x-ms-ratelimit-remaining-subscription-reads": [
          "11974"
        ],
        "x-ms-correlation-request-id": [
          "60c8418e-330b-4f17-baf0-d5db3cc4eefb"
        ],
        "x-ms-routing-request-id": [
          "UKSOUTH:20211207T112335Z:60c8418e-330b-4f17-baf0-d5db3cc4eefb"
        ],
        "Strict-Transport-Security": [
          "max-age=31536000; includeSubDomains"
        ],
        "X-Content-Type-Options": [
          "nosniff"
        ],
        "Date": [
          "Tue, 07 Dec 2021 11:23:35 GMT"
        ],
        "Content-Length": [
          "1179"
        ],
        "Content-Type": [
          "application/json; charset=utf-8"
        ],
        "Expires": [
          "-1"
        ]
      },
      "ResponseBody": "{\r\n  \"sku\": {\r\n    \"name\": \"GP_Gen5\",\r\n    \"tier\": \"GeneralPurpose\",\r\n    \"family\": \"Gen5\",\r\n    \"capacity\": 2\r\n  },\r\n  \"kind\": \"v12.0,user,vcore\",\r\n  \"properties\": {\r\n    \"collation\": \"SQL_Latin1_General_CP1_CI_AS\",\r\n    \"maxSizeBytes\": 34359738368,\r\n    \"status\": \"Online\",\r\n    \"databaseId\": \"48acb768-b5ed-45fa-922b-76c72bcaab08\",\r\n    \"creationDate\": \"2021-12-07T11:23:25.647Z\",\r\n    \"currentServiceObjectiveName\": \"GP_Gen5_2\",\r\n    \"requestedServiceObjectiveName\": \"GP_Gen5_2\",\r\n    \"defaultSecondaryLocation\": \"northeurope\",\r\n    \"catalogCollation\": \"SQL_Latin1_General_CP1_CI_AS\",\r\n    \"zoneRedundant\": false,\r\n    \"licenseType\": \"LicenseIncluded\",\r\n    \"maxLogSizeBytes\": 68719476736,\r\n    \"readScale\": \"Disabled\",\r\n    \"currentSku\": {\r\n      \"name\": \"GP_Gen5\",\r\n      \"tier\": \"GeneralPurpose\",\r\n      \"family\": \"Gen5\",\r\n      \"capacity\": 2\r\n    },\r\n    \"currentBackupStorageRedundancy\": \"Geo\",\r\n    \"requestedBackupStorageRedundancy\": \"Geo\",\r\n    \"maintenanceConfigurationId\": \"/subscriptions/8313371e-0879-428e-b1da-6353575a9192/providers/Microsoft.Maintenance/publicMaintenanceConfigurations/SQL_Default\",\r\n    \"isLedgerOn\": false,\r\n    \"isInfraEncryptionEnabled\": false\r\n  },\r\n  \"location\": \"westeurope\",\r\n  \"id\": \"/subscriptions/8313371e-0879-428e-b1da-6353575a9192/resourceGroups/ps2184/providers/Microsoft.Sql/servers/ps289/databases/ps1436\",\r\n  \"name\": \"ps1436\",\r\n  \"type\": \"Microsoft.Sql/servers/databases\"\r\n}",
      "StatusCode": 200
    },
    {
      "RequestUri": "/subscriptions/8313371e-0879-428e-b1da-6353575a9192/resourceGroups/ps2184/providers/Microsoft.Sql/servers/ps289/databases/ps1436?api-version=2021-05-01-preview",
      "EncodedRequestUri": "L3N1YnNjcmlwdGlvbnMvODMxMzM3MWUtMDg3OS00MjhlLWIxZGEtNjM1MzU3NWE5MTkyL3Jlc291cmNlR3JvdXBzL3BzMjE4NC9wcm92aWRlcnMvTWljcm9zb2Z0LlNxbC9zZXJ2ZXJzL3BzMjg5L2RhdGFiYXNlcy9wczE0MzY/YXBpLXZlcnNpb249MjAyMS0wNS0wMS1wcmV2aWV3",
      "RequestMethod": "PUT",
      "RequestBody": "{\r\n  \"properties\": {\r\n    \"maxSizeBytes\": 0,\r\n    \"readScale\": \"\"\r\n  },\r\n  \"location\": \"westeurope\"\r\n}",
      "RequestHeaders": {
        "x-ms-client-request-id": [
          "29a5ddf5-8b78-4341-bd7f-9ab6409b6958"
        ],
        "Accept-Language": [
          "en-US"
        ],
        "User-Agent": [
          "FxVersion/4.6.30411.01",
          "OSName/Windows",
          "OSVersion/Microsoft.Windows.10.0.17763.",
          "Microsoft.Azure.Management.Sql.SqlManagementClient/2.0.0.0"
        ],
        "Content-Type": [
          "application/json; charset=utf-8"
        ],
        "Content-Length": [
          "102"
        ]
      },
      "ResponseHeaders": {
        "Cache-Control": [
          "no-cache"
        ],
        "Pragma": [
          "no-cache"
        ],
        "Location": [
          "https://management.azure.com/subscriptions/8313371e-0879-428e-b1da-6353575a9192/resourceGroups/ps2184/providers/Microsoft.Sql/locations/westeurope/databaseOperationResults/d56b098e-03c8-4beb-9c25-a36d53ab18c1?api-version=2021-05-01-preview"
        ],
        "Retry-After": [
          "15"
        ],
        "Azure-AsyncOperation": [
          "https://management.azure.com/subscriptions/8313371e-0879-428e-b1da-6353575a9192/resourceGroups/ps2184/providers/Microsoft.Sql/locations/westeurope/databaseAzureAsyncOperation/d56b098e-03c8-4beb-9c25-a36d53ab18c1?api-version=2021-05-01-preview"
        ],
        "x-ms-request-id": [
          "d56b098e-03c8-4beb-9c25-a36d53ab18c1"
        ],
        "Server": [
          "Microsoft-HTTPAPI/2.0"
        ],
        "x-ms-ratelimit-remaining-subscription-writes": [
          "1197"
        ],
        "x-ms-correlation-request-id": [
          "6cacfabf-aeab-40c0-a30b-15caf6c8e012"
        ],
        "x-ms-routing-request-id": [
          "UKSOUTH:20211207T112235Z:6cacfabf-aeab-40c0-a30b-15caf6c8e012"
        ],
        "Strict-Transport-Security": [
          "max-age=31536000; includeSubDomains"
        ],
        "X-Content-Type-Options": [
          "nosniff"
        ],
        "Date": [
          "Tue, 07 Dec 2021 11:22:34 GMT"
        ],
        "Content-Length": [
          "76"
        ],
        "Content-Type": [
          "application/json; charset=utf-8"
        ],
        "Expires": [
          "-1"
        ]
      },
      "ResponseBody": "{\r\n  \"operation\": \"CreateLogicalDatabase\",\r\n  \"startTime\": \"2021-12-07T11:22:35.397Z\"\r\n}",
      "StatusCode": 202
    },
    {
      "RequestUri": "/subscriptions/8313371e-0879-428e-b1da-6353575a9192/resourceGroups/ps2184/providers/Microsoft.Sql/locations/westeurope/databaseAzureAsyncOperation/d56b098e-03c8-4beb-9c25-a36d53ab18c1?api-version=2021-05-01-preview",
      "EncodedRequestUri": "L3N1YnNjcmlwdGlvbnMvODMxMzM3MWUtMDg3OS00MjhlLWIxZGEtNjM1MzU3NWE5MTkyL3Jlc291cmNlR3JvdXBzL3BzMjE4NC9wcm92aWRlcnMvTWljcm9zb2Z0LlNxbC9sb2NhdGlvbnMvd2VzdGV1cm9wZS9kYXRhYmFzZUF6dXJlQXN5bmNPcGVyYXRpb24vZDU2YjA5OGUtMDNjOC00YmViLTljMjUtYTM2ZDUzYWIxOGMxP2FwaS12ZXJzaW9uPTIwMjEtMDUtMDEtcHJldmlldw==",
      "RequestMethod": "GET",
      "RequestBody": "",
      "RequestHeaders": {
        "x-ms-client-request-id": [
          "29a5ddf5-8b78-4341-bd7f-9ab6409b6958"
        ],
        "User-Agent": [
          "FxVersion/4.6.30411.01",
          "OSName/Windows",
          "OSVersion/Microsoft.Windows.10.0.17763.",
          "Microsoft.Azure.Management.Sql.SqlManagementClient/2.0.0.0"
        ]
      },
      "ResponseHeaders": {
        "Cache-Control": [
          "no-cache"
        ],
        "Pragma": [
          "no-cache"
        ],
        "Retry-After": [
          "15"
        ],
        "x-ms-request-id": [
          "1b4c24ba-e750-4852-bc1d-b9b7eaeb5472"
        ],
        "Server": [
          "Microsoft-HTTPAPI/2.0"
        ],
        "x-ms-ratelimit-remaining-subscription-reads": [
          "11978"
        ],
        "x-ms-correlation-request-id": [
          "7313a12d-3cae-4db0-801b-96c7fa1796b2"
        ],
        "x-ms-routing-request-id": [
          "UKSOUTH:20211207T112250Z:7313a12d-3cae-4db0-801b-96c7fa1796b2"
        ],
        "Strict-Transport-Security": [
          "max-age=31536000; includeSubDomains"
        ],
        "X-Content-Type-Options": [
          "nosniff"
        ],
        "Date": [
          "Tue, 07 Dec 2021 11:22:49 GMT"
        ],
        "Content-Length": [
          "108"
        ],
        "Content-Type": [
          "application/json; charset=utf-8"
        ],
        "Expires": [
          "-1"
        ]
      },
      "ResponseBody": "{\r\n  \"name\": \"d56b098e-03c8-4beb-9c25-a36d53ab18c1\",\r\n  \"status\": \"InProgress\",\r\n  \"startTime\": \"2021-12-07T11:22:35.397Z\"\r\n}",
      "StatusCode": 200
    },
    {
      "RequestUri": "/subscriptions/8313371e-0879-428e-b1da-6353575a9192/resourceGroups/ps2184/providers/Microsoft.Sql/locations/westeurope/databaseAzureAsyncOperation/d56b098e-03c8-4beb-9c25-a36d53ab18c1?api-version=2021-05-01-preview",
      "EncodedRequestUri": "L3N1YnNjcmlwdGlvbnMvODMxMzM3MWUtMDg3OS00MjhlLWIxZGEtNjM1MzU3NWE5MTkyL3Jlc291cmNlR3JvdXBzL3BzMjE4NC9wcm92aWRlcnMvTWljcm9zb2Z0LlNxbC9sb2NhdGlvbnMvd2VzdGV1cm9wZS9kYXRhYmFzZUF6dXJlQXN5bmNPcGVyYXRpb24vZDU2YjA5OGUtMDNjOC00YmViLTljMjUtYTM2ZDUzYWIxOGMxP2FwaS12ZXJzaW9uPTIwMjEtMDUtMDEtcHJldmlldw==",
      "RequestMethod": "GET",
      "RequestBody": "",
      "RequestHeaders": {
        "x-ms-client-request-id": [
          "29a5ddf5-8b78-4341-bd7f-9ab6409b6958"
        ],
        "User-Agent": [
          "FxVersion/4.6.30411.01",
          "OSName/Windows",
          "OSVersion/Microsoft.Windows.10.0.17763.",
          "Microsoft.Azure.Management.Sql.SqlManagementClient/2.0.0.0"
        ]
      },
      "ResponseHeaders": {
        "Cache-Control": [
          "no-cache"
        ],
        "Pragma": [
          "no-cache"
        ],
        "Retry-After": [
          "15"
        ],
        "x-ms-request-id": [
          "df109a17-f5a9-4ed7-ba99-195a025f45be"
        ],
        "Server": [
          "Microsoft-HTTPAPI/2.0"
        ],
        "x-ms-ratelimit-remaining-subscription-reads": [
          "11977"
        ],
        "x-ms-correlation-request-id": [
          "f0bed088-c1a0-4e2c-aff1-40e9cb82d671"
        ],
        "x-ms-routing-request-id": [
          "UKSOUTH:20211207T112305Z:f0bed088-c1a0-4e2c-aff1-40e9cb82d671"
        ],
        "Strict-Transport-Security": [
          "max-age=31536000; includeSubDomains"
        ],
        "X-Content-Type-Options": [
          "nosniff"
        ],
        "Date": [
          "Tue, 07 Dec 2021 11:23:05 GMT"
        ],
        "Content-Length": [
          "108"
        ],
        "Content-Type": [
          "application/json; charset=utf-8"
        ],
        "Expires": [
          "-1"
        ]
      },
      "ResponseBody": "{\r\n  \"name\": \"d56b098e-03c8-4beb-9c25-a36d53ab18c1\",\r\n  \"status\": \"InProgress\",\r\n  \"startTime\": \"2021-12-07T11:22:35.397Z\"\r\n}",
      "StatusCode": 200
    },
    {
      "RequestUri": "/subscriptions/8313371e-0879-428e-b1da-6353575a9192/resourceGroups/ps2184/providers/Microsoft.Sql/locations/westeurope/databaseAzureAsyncOperation/d56b098e-03c8-4beb-9c25-a36d53ab18c1?api-version=2021-05-01-preview",
      "EncodedRequestUri": "L3N1YnNjcmlwdGlvbnMvODMxMzM3MWUtMDg3OS00MjhlLWIxZGEtNjM1MzU3NWE5MTkyL3Jlc291cmNlR3JvdXBzL3BzMjE4NC9wcm92aWRlcnMvTWljcm9zb2Z0LlNxbC9sb2NhdGlvbnMvd2VzdGV1cm9wZS9kYXRhYmFzZUF6dXJlQXN5bmNPcGVyYXRpb24vZDU2YjA5OGUtMDNjOC00YmViLTljMjUtYTM2ZDUzYWIxOGMxP2FwaS12ZXJzaW9uPTIwMjEtMDUtMDEtcHJldmlldw==",
      "RequestMethod": "GET",
      "RequestBody": "",
      "RequestHeaders": {
        "x-ms-client-request-id": [
          "29a5ddf5-8b78-4341-bd7f-9ab6409b6958"
        ],
        "User-Agent": [
          "FxVersion/4.6.30411.01",
          "OSName/Windows",
          "OSVersion/Microsoft.Windows.10.0.17763.",
          "Microsoft.Azure.Management.Sql.SqlManagementClient/2.0.0.0"
        ]
      },
      "ResponseHeaders": {
        "Cache-Control": [
          "no-cache"
        ],
        "Pragma": [
          "no-cache"
        ],
        "Retry-After": [
          "15"
        ],
        "x-ms-request-id": [
          "4cdb5a30-3f00-43a7-80d8-c14302cf0664"
        ],
        "Server": [
          "Microsoft-HTTPAPI/2.0"
        ],
        "x-ms-ratelimit-remaining-subscription-reads": [
          "11976"
        ],
        "x-ms-correlation-request-id": [
          "8323bc6e-0ca3-41ea-b1a2-b8c3cc1a647c"
        ],
        "x-ms-routing-request-id": [
          "UKSOUTH:20211207T112320Z:8323bc6e-0ca3-41ea-b1a2-b8c3cc1a647c"
        ],
        "Strict-Transport-Security": [
          "max-age=31536000; includeSubDomains"
        ],
        "X-Content-Type-Options": [
          "nosniff"
        ],
        "Date": [
          "Tue, 07 Dec 2021 11:23:20 GMT"
        ],
        "Content-Length": [
          "108"
        ],
        "Content-Type": [
          "application/json; charset=utf-8"
        ],
        "Expires": [
          "-1"
        ]
      },
      "ResponseBody": "{\r\n  \"name\": \"d56b098e-03c8-4beb-9c25-a36d53ab18c1\",\r\n  \"status\": \"InProgress\",\r\n  \"startTime\": \"2021-12-07T11:22:35.397Z\"\r\n}",
      "StatusCode": 200
    },
    {
      "RequestUri": "/subscriptions/8313371e-0879-428e-b1da-6353575a9192/resourceGroups/ps2184/providers/Microsoft.Sql/locations/westeurope/databaseAzureAsyncOperation/d56b098e-03c8-4beb-9c25-a36d53ab18c1?api-version=2021-05-01-preview",
      "EncodedRequestUri": "L3N1YnNjcmlwdGlvbnMvODMxMzM3MWUtMDg3OS00MjhlLWIxZGEtNjM1MzU3NWE5MTkyL3Jlc291cmNlR3JvdXBzL3BzMjE4NC9wcm92aWRlcnMvTWljcm9zb2Z0LlNxbC9sb2NhdGlvbnMvd2VzdGV1cm9wZS9kYXRhYmFzZUF6dXJlQXN5bmNPcGVyYXRpb24vZDU2YjA5OGUtMDNjOC00YmViLTljMjUtYTM2ZDUzYWIxOGMxP2FwaS12ZXJzaW9uPTIwMjEtMDUtMDEtcHJldmlldw==",
      "RequestMethod": "GET",
      "RequestBody": "",
      "RequestHeaders": {
        "x-ms-client-request-id": [
          "29a5ddf5-8b78-4341-bd7f-9ab6409b6958"
        ],
        "User-Agent": [
          "FxVersion/4.6.30411.01",
          "OSName/Windows",
          "OSVersion/Microsoft.Windows.10.0.17763.",
          "Microsoft.Azure.Management.Sql.SqlManagementClient/2.0.0.0"
        ]
      },
      "ResponseHeaders": {
        "Cache-Control": [
          "no-cache"
        ],
        "Pragma": [
          "no-cache"
        ],
        "Retry-After": [
          "15"
        ],
        "x-ms-request-id": [
          "48bdee78-f232-42b0-903f-221bd1b0edda"
        ],
        "Server": [
          "Microsoft-HTTPAPI/2.0"
        ],
        "x-ms-ratelimit-remaining-subscription-reads": [
          "11975"
        ],
        "x-ms-correlation-request-id": [
          "a8c972b1-e9e6-43bb-aa6e-9ffe6edc66ed"
        ],
        "x-ms-routing-request-id": [
          "UKSOUTH:20211207T112335Z:a8c972b1-e9e6-43bb-aa6e-9ffe6edc66ed"
        ],
        "Strict-Transport-Security": [
          "max-age=31536000; includeSubDomains"
        ],
        "X-Content-Type-Options": [
          "nosniff"
        ],
        "Date": [
          "Tue, 07 Dec 2021 11:23:35 GMT"
        ],
        "Content-Length": [
          "107"
        ],
        "Content-Type": [
          "application/json; charset=utf-8"
        ],
        "Expires": [
          "-1"
        ]
      },
      "ResponseBody": "{\r\n  \"name\": \"d56b098e-03c8-4beb-9c25-a36d53ab18c1\",\r\n  \"status\": \"Succeeded\",\r\n  \"startTime\": \"2021-12-07T11:22:35.397Z\"\r\n}",
      "StatusCode": 200
    },
    {
      "RequestUri": "/subscriptions/8313371e-0879-428e-b1da-6353575a9192/resourceGroups/ps2184/providers/Microsoft.Sql/servers/ps289/databases/ps254/syncGroups/ps6399?api-version=2020-11-01-preview",
      "EncodedRequestUri": "L3N1YnNjcmlwdGlvbnMvODMxMzM3MWUtMDg3OS00MjhlLWIxZGEtNjM1MzU3NWE5MTkyL3Jlc291cmNlR3JvdXBzL3BzMjE4NC9wcm92aWRlcnMvTWljcm9zb2Z0LlNxbC9zZXJ2ZXJzL3BzMjg5L2RhdGFiYXNlcy9wczI1NC9zeW5jR3JvdXBzL3BzNjM5OT9hcGktdmVyc2lvbj0yMDIwLTExLTAxLXByZXZpZXc=",
      "RequestMethod": "GET",
      "RequestBody": "",
      "RequestHeaders": {
        "x-ms-client-request-id": [
          "01dd5229-55cc-48f2-92df-1d698176933a"
        ],
        "Accept-Language": [
          "en-US"
        ],
        "User-Agent": [
          "FxVersion/4.6.30411.01",
          "OSName/Windows",
          "OSVersion/Microsoft.Windows.10.0.17763.",
          "Microsoft.Azure.Management.Sql.SqlManagementClient/2.0.0.0"
        ]
      },
      "ResponseHeaders": {
        "Cache-Control": [
          "no-cache"
        ],
        "Pragma": [
          "no-cache"
        ],
        "x-ms-request-id": [
          "3a6f4268-4186-4c4b-8f0c-b221313d7154"
        ],
        "Server": [
          "Microsoft-HTTPAPI/2.0"
        ],
        "x-ms-ratelimit-remaining-subscription-reads": [
          "11973"
        ],
        "x-ms-correlation-request-id": [
          "276f2787-f4c8-4a99-89e3-d17a79d5125f"
        ],
        "x-ms-routing-request-id": [
          "UKSOUTH:20211207T112336Z:276f2787-f4c8-4a99-89e3-d17a79d5125f"
        ],
        "Strict-Transport-Security": [
          "max-age=31536000; includeSubDomains"
        ],
        "X-Content-Type-Options": [
          "nosniff"
        ],
        "Date": [
          "Tue, 07 Dec 2021 11:23:35 GMT"
        ],
        "Content-Length": [
          "159"
        ],
        "Content-Type": [
          "application/json; charset=utf-8"
        ],
        "Expires": [
          "-1"
        ]
      },
      "ResponseBody": "{\r\n  \"error\": {\r\n    \"code\": \"ResourceNotFound\",\r\n    \"message\": \"The requested resource of type 'Microsoft.Sql/servers/databases/syncGroups' with name 'ps6399' was not found.\"\r\n  }\r\n}",
      "StatusCode": 404
    },
    {
      "RequestUri": "/subscriptions/8313371e-0879-428e-b1da-6353575a9192/resourceGroups/ps2184/providers/Microsoft.Sql/servers/ps289/databases/ps254/syncGroups/ps6399?api-version=2020-11-01-preview",
      "EncodedRequestUri": "L3N1YnNjcmlwdGlvbnMvODMxMzM3MWUtMDg3OS00MjhlLWIxZGEtNjM1MzU3NWE5MTkyL3Jlc291cmNlR3JvdXBzL3BzMjE4NC9wcm92aWRlcnMvTWljcm9zb2Z0LlNxbC9zZXJ2ZXJzL3BzMjg5L2RhdGFiYXNlcy9wczI1NC9zeW5jR3JvdXBzL3BzNjM5OT9hcGktdmVyc2lvbj0yMDIwLTExLTAxLXByZXZpZXc=",
      "RequestMethod": "GET",
      "RequestBody": "",
      "RequestHeaders": {
        "x-ms-client-request-id": [
          "01dd5229-55cc-48f2-92df-1d698176933a"
        ],
        "Accept-Language": [
          "en-US"
        ],
        "User-Agent": [
          "FxVersion/4.6.30411.01",
          "OSName/Windows",
          "OSVersion/Microsoft.Windows.10.0.17763.",
          "Microsoft.Azure.Management.Sql.SqlManagementClient/2.0.0.0"
        ]
      },
      "ResponseHeaders": {
        "Cache-Control": [
          "no-cache"
        ],
        "Pragma": [
          "no-cache"
        ],
        "x-ms-request-id": [
          "7f57dc68-1500-45ac-8921-e8da51c5d0c7"
        ],
        "Server": [
          "Microsoft-HTTPAPI/2.0"
        ],
        "x-ms-ratelimit-remaining-subscription-reads": [
          "11970"
        ],
        "x-ms-correlation-request-id": [
          "f40a8ae4-2290-4786-868e-8ca900e08cc2"
        ],
        "x-ms-routing-request-id": [
          "UKSOUTH:20211207T112406Z:f40a8ae4-2290-4786-868e-8ca900e08cc2"
        ],
        "Strict-Transport-Security": [
          "max-age=31536000; includeSubDomains"
        ],
        "X-Content-Type-Options": [
          "nosniff"
        ],
        "Date": [
          "Tue, 07 Dec 2021 11:24:06 GMT"
        ],
        "Content-Length": [
          "592"
        ],
        "Content-Type": [
          "application/json; charset=utf-8"
        ],
        "Expires": [
          "-1"
        ]
      },
      "ResponseBody": "{\r\n  \"properties\": {\r\n    \"interval\": 300,\r\n    \"lastSyncTime\": \"0001-01-01T00:00:00Z\",\r\n    \"conflictResolutionPolicy\": \"HubWin\",\r\n    \"syncDatabaseId\": \"/subscriptions/8313371e-0879-428e-b1da-6353575a9192/resourceGroups/ps2184/providers/Microsoft.Sql/servers/ps289/databases/ps1436\",\r\n    \"hubDatabaseUserName\": \"testusername\",\r\n    \"syncState\": \"NotReady\",\r\n    \"usePrivateLinkConnection\": false,\r\n    \"privateEndpointName\": \"\"\r\n  },\r\n  \"id\": \"/subscriptions/8313371e-0879-428e-b1da-6353575a9192/resourceGroups/ps2184/providers/Microsoft.Sql/servers/ps289/databases/ps254/syncGroups/ps6399\",\r\n  \"name\": \"ps6399\",\r\n  \"type\": \"Microsoft.Sql/servers/databases/syncGroups\"\r\n}",
      "StatusCode": 200
    },
    {
      "RequestUri": "/subscriptions/8313371e-0879-428e-b1da-6353575a9192/resourceGroups/ps2184/providers/Microsoft.Sql/servers/ps289/databases/ps254/syncGroups/ps6399?api-version=2020-11-01-preview",
      "EncodedRequestUri": "L3N1YnNjcmlwdGlvbnMvODMxMzM3MWUtMDg3OS00MjhlLWIxZGEtNjM1MzU3NWE5MTkyL3Jlc291cmNlR3JvdXBzL3BzMjE4NC9wcm92aWRlcnMvTWljcm9zb2Z0LlNxbC9zZXJ2ZXJzL3BzMjg5L2RhdGFiYXNlcy9wczI1NC9zeW5jR3JvdXBzL3BzNjM5OT9hcGktdmVyc2lvbj0yMDIwLTExLTAxLXByZXZpZXc=",
      "RequestMethod": "GET",
      "RequestBody": "",
      "RequestHeaders": {
        "x-ms-client-request-id": [
          "7af49093-d5d4-4501-aefe-78b0fa173d0f"
        ],
        "Accept-Language": [
          "en-US"
        ],
        "User-Agent": [
          "FxVersion/4.6.30411.01",
          "OSName/Windows",
          "OSVersion/Microsoft.Windows.10.0.17763.",
          "Microsoft.Azure.Management.Sql.SqlManagementClient/2.0.0.0"
        ]
      },
      "ResponseHeaders": {
        "Cache-Control": [
          "no-cache"
        ],
        "Pragma": [
          "no-cache"
        ],
        "x-ms-request-id": [
          "3107a945-3992-4d13-b4e3-79428dbc66e0"
        ],
        "Server": [
          "Microsoft-HTTPAPI/2.0"
        ],
        "x-ms-ratelimit-remaining-subscription-reads": [
          "11969"
        ],
        "x-ms-correlation-request-id": [
          "700b2591-8cc2-4c05-bf1d-20e0d758279b"
        ],
        "x-ms-routing-request-id": [
          "UKSOUTH:20211207T112407Z:700b2591-8cc2-4c05-bf1d-20e0d758279b"
        ],
        "Strict-Transport-Security": [
          "max-age=31536000; includeSubDomains"
        ],
        "X-Content-Type-Options": [
          "nosniff"
        ],
        "Date": [
          "Tue, 07 Dec 2021 11:24:06 GMT"
        ],
        "Content-Length": [
          "592"
        ],
        "Content-Type": [
          "application/json; charset=utf-8"
        ],
        "Expires": [
          "-1"
        ]
      },
      "ResponseBody": "{\r\n  \"properties\": {\r\n    \"interval\": 300,\r\n    \"lastSyncTime\": \"0001-01-01T00:00:00Z\",\r\n    \"conflictResolutionPolicy\": \"HubWin\",\r\n    \"syncDatabaseId\": \"/subscriptions/8313371e-0879-428e-b1da-6353575a9192/resourceGroups/ps2184/providers/Microsoft.Sql/servers/ps289/databases/ps1436\",\r\n    \"hubDatabaseUserName\": \"testusername\",\r\n    \"syncState\": \"NotReady\",\r\n    \"usePrivateLinkConnection\": false,\r\n    \"privateEndpointName\": \"\"\r\n  },\r\n  \"id\": \"/subscriptions/8313371e-0879-428e-b1da-6353575a9192/resourceGroups/ps2184/providers/Microsoft.Sql/servers/ps289/databases/ps254/syncGroups/ps6399\",\r\n  \"name\": \"ps6399\",\r\n  \"type\": \"Microsoft.Sql/servers/databases/syncGroups\"\r\n}",
      "StatusCode": 200
    },
    {
      "RequestUri": "/subscriptions/8313371e-0879-428e-b1da-6353575a9192/resourceGroups/ps2184/providers/Microsoft.Sql/servers/ps289/databases/ps254/syncGroups/ps6399?api-version=2020-11-01-preview",
      "EncodedRequestUri": "L3N1YnNjcmlwdGlvbnMvODMxMzM3MWUtMDg3OS00MjhlLWIxZGEtNjM1MzU3NWE5MTkyL3Jlc291cmNlR3JvdXBzL3BzMjE4NC9wcm92aWRlcnMvTWljcm9zb2Z0LlNxbC9zZXJ2ZXJzL3BzMjg5L2RhdGFiYXNlcy9wczI1NC9zeW5jR3JvdXBzL3BzNjM5OT9hcGktdmVyc2lvbj0yMDIwLTExLTAxLXByZXZpZXc=",
      "RequestMethod": "PUT",
      "RequestBody": "{\r\n  \"properties\": {\r\n    \"interval\": 300,\r\n    \"conflictResolutionPolicy\": \"HubWin\",\r\n    \"syncDatabaseId\": \"/subscriptions/8313371e-0879-428e-b1da-6353575a9192/resourceGroups/ps2184/providers/Microsoft.Sql/servers/ps289/databases/ps1436\",\r\n    \"hubDatabaseUserName\": \"testusername\",\r\n    \"hubDatabasePassword\": \"t357ingP@s5w0rd!\",\r\n    \"usePrivateLinkConnection\": false\r\n  }\r\n}",
      "RequestHeaders": {
        "x-ms-client-request-id": [
          "01dd5229-55cc-48f2-92df-1d698176933a"
        ],
        "Accept-Language": [
          "en-US"
        ],
        "User-Agent": [
          "FxVersion/4.6.30411.01",
          "OSName/Windows",
          "OSVersion/Microsoft.Windows.10.0.17763.",
          "Microsoft.Azure.Management.Sql.SqlManagementClient/2.0.0.0"
        ],
        "Content-Type": [
          "application/json; charset=utf-8"
        ],
        "Content-Length": [
          "379"
        ]
      },
      "ResponseHeaders": {
        "Cache-Control": [
          "no-cache"
        ],
        "Pragma": [
          "no-cache"
        ],
        "Location": [
          "https://management.azure.com/subscriptions/8313371e-0879-428e-b1da-6353575a9192/resourceGroups/ps2184/providers/Microsoft.Sql/locations/westeurope/syncGroupOperationResults/fefc7364-1d74-4ea1-88f6-0f2e895c24f2?api-version=2020-11-01-preview"
        ],
        "Retry-After": [
          "15"
        ],
        "x-ms-request-id": [
          "fefc7364-1d74-4ea1-88f6-0f2e895c24f2"
        ],
        "Server": [
          "Microsoft-HTTPAPI/2.0"
        ],
        "x-ms-ratelimit-remaining-subscription-writes": [
          "1196"
        ],
        "x-ms-correlation-request-id": [
          "3e58e7a4-0a0d-4631-a6b9-1e95d95195ad"
        ],
        "x-ms-routing-request-id": [
          "UKSOUTH:20211207T112336Z:3e58e7a4-0a0d-4631-a6b9-1e95d95195ad"
        ],
        "Strict-Transport-Security": [
          "max-age=31536000; includeSubDomains"
        ],
        "X-Content-Type-Options": [
          "nosniff"
        ],
        "Date": [
          "Tue, 07 Dec 2021 11:23:36 GMT"
        ],
        "Content-Length": [
          "70"
        ],
        "Content-Type": [
          "application/json; charset=utf-8"
        ],
        "Expires": [
          "-1"
        ]
      },
      "ResponseBody": "{\r\n  \"operation\": \"UpsertSyncGroup\",\r\n  \"startTime\": \"2021-12-07T11:23:36.177Z\"\r\n}",
      "StatusCode": 202
    },
    {
      "RequestUri": "/subscriptions/8313371e-0879-428e-b1da-6353575a9192/resourceGroups/ps2184/providers/Microsoft.Sql/locations/westeurope/syncGroupOperationResults/fefc7364-1d74-4ea1-88f6-0f2e895c24f2?api-version=2020-11-01-preview",
      "EncodedRequestUri": "L3N1YnNjcmlwdGlvbnMvODMxMzM3MWUtMDg3OS00MjhlLWIxZGEtNjM1MzU3NWE5MTkyL3Jlc291cmNlR3JvdXBzL3BzMjE4NC9wcm92aWRlcnMvTWljcm9zb2Z0LlNxbC9sb2NhdGlvbnMvd2VzdGV1cm9wZS9zeW5jR3JvdXBPcGVyYXRpb25SZXN1bHRzL2ZlZmM3MzY0LTFkNzQtNGVhMS04OGY2LTBmMmU4OTVjMjRmMj9hcGktdmVyc2lvbj0yMDIwLTExLTAxLXByZXZpZXc=",
      "RequestMethod": "GET",
      "RequestBody": "",
      "RequestHeaders": {
        "x-ms-client-request-id": [
          "01dd5229-55cc-48f2-92df-1d698176933a"
        ],
        "User-Agent": [
          "FxVersion/4.6.30411.01",
          "OSName/Windows",
          "OSVersion/Microsoft.Windows.10.0.17763.",
          "Microsoft.Azure.Management.Sql.SqlManagementClient/2.0.0.0"
        ]
      },
      "ResponseHeaders": {
        "Cache-Control": [
          "no-cache"
        ],
        "Pragma": [
          "no-cache"
        ],
        "Location": [
          "https://management.azure.com/subscriptions/8313371e-0879-428e-b1da-6353575a9192/resourceGroups/ps2184/providers/Microsoft.Sql/locations/westeurope/syncGroupOperationResults/fefc7364-1d74-4ea1-88f6-0f2e895c24f2?api-version=2020-11-01-preview"
        ],
        "Retry-After": [
          "15"
        ],
        "x-ms-request-id": [
          "46196c8d-8db1-46cd-afe2-461b3b3fc0a8"
        ],
        "Server": [
          "Microsoft-HTTPAPI/2.0"
        ],
        "x-ms-ratelimit-remaining-subscription-reads": [
          "11972"
        ],
        "x-ms-correlation-request-id": [
          "4430a633-5214-45ec-8e65-67dcbb1d462c"
        ],
        "x-ms-routing-request-id": [
          "UKSOUTH:20211207T112351Z:4430a633-5214-45ec-8e65-67dcbb1d462c"
        ],
        "Strict-Transport-Security": [
          "max-age=31536000; includeSubDomains"
        ],
        "X-Content-Type-Options": [
          "nosniff"
        ],
        "Date": [
          "Tue, 07 Dec 2021 11:23:50 GMT"
        ],
        "Content-Length": [
          "70"
        ],
        "Content-Type": [
          "application/json; charset=utf-8"
        ],
        "Expires": [
          "-1"
        ]
      },
      "ResponseBody": "{\r\n  \"operation\": \"UpsertSyncGroup\",\r\n  \"startTime\": \"2021-12-07T11:23:36.177Z\"\r\n}",
      "StatusCode": 202
    },
    {
      "RequestUri": "/subscriptions/8313371e-0879-428e-b1da-6353575a9192/resourceGroups/ps2184/providers/Microsoft.Sql/locations/westeurope/syncGroupOperationResults/fefc7364-1d74-4ea1-88f6-0f2e895c24f2?api-version=2020-11-01-preview",
      "EncodedRequestUri": "L3N1YnNjcmlwdGlvbnMvODMxMzM3MWUtMDg3OS00MjhlLWIxZGEtNjM1MzU3NWE5MTkyL3Jlc291cmNlR3JvdXBzL3BzMjE4NC9wcm92aWRlcnMvTWljcm9zb2Z0LlNxbC9sb2NhdGlvbnMvd2VzdGV1cm9wZS9zeW5jR3JvdXBPcGVyYXRpb25SZXN1bHRzL2ZlZmM3MzY0LTFkNzQtNGVhMS04OGY2LTBmMmU4OTVjMjRmMj9hcGktdmVyc2lvbj0yMDIwLTExLTAxLXByZXZpZXc=",
      "RequestMethod": "GET",
      "RequestBody": "",
      "RequestHeaders": {
        "x-ms-client-request-id": [
          "01dd5229-55cc-48f2-92df-1d698176933a"
        ],
        "User-Agent": [
          "FxVersion/4.6.30411.01",
          "OSName/Windows",
          "OSVersion/Microsoft.Windows.10.0.17763.",
          "Microsoft.Azure.Management.Sql.SqlManagementClient/2.0.0.0"
        ]
      },
      "ResponseHeaders": {
        "Cache-Control": [
          "no-cache"
        ],
        "Pragma": [
          "no-cache"
        ],
        "x-ms-request-id": [
          "352da00b-bbc2-47dd-a4f0-3adc9080085c"
        ],
        "Server": [
          "Microsoft-HTTPAPI/2.0"
        ],
        "x-ms-ratelimit-remaining-subscription-reads": [
          "11971"
        ],
        "x-ms-correlation-request-id": [
          "26a84ce3-54ab-43a1-835b-ab654ec8cf0e"
        ],
        "x-ms-routing-request-id": [
          "UKSOUTH:20211207T112406Z:26a84ce3-54ab-43a1-835b-ab654ec8cf0e"
        ],
        "Strict-Transport-Security": [
          "max-age=31536000; includeSubDomains"
        ],
        "X-Content-Type-Options": [
          "nosniff"
        ],
        "Date": [
          "Tue, 07 Dec 2021 11:24:05 GMT"
        ],
        "Content-Length": [
          "617"
        ],
        "Content-Type": [
          "application/json; charset=utf-8"
        ],
        "Expires": [
          "-1"
        ]
      },
      "ResponseBody": "{\r\n  \"properties\": {\r\n    \"interval\": 300,\r\n    \"lastSyncTime\": \"0001-01-01T00:00:00Z\",\r\n    \"conflictResolutionPolicy\": \"HubWin\",\r\n    \"syncDatabaseId\": \"/subscriptions/8313371e-0879-428e-b1da-6353575a9192/resourceGroups/ps2184/providers/Microsoft.Sql/servers/ps289/databases/ps1436\",\r\n    \"syncState\": \"Good\",\r\n    \"enableConflictLogging\": false,\r\n    \"conflictLoggingRetentionInDays\": 30,\r\n    \"usePrivateLinkConnection\": false,\r\n    \"privateEndpointName\": \"\"\r\n  },\r\n  \"id\": \"/subscriptions/8313371e-0879-428e-b1da-6353575a9192/resourceGroups/ps2184/providers/Microsoft.Sql/servers/ps289/databases/ps254/syncGroups/ps6399\",\r\n  \"name\": \"ps6399\",\r\n  \"type\": \"Microsoft.Sql/servers/databases/syncGroups\"\r\n}",
      "StatusCode": 201
    },
    {
      "RequestUri": "/subscriptions/8313371e-0879-428e-b1da-6353575a9192/resourceGroups/ps2184/providers/Microsoft.Sql/servers/ps289/databases/ps254/syncGroups/ps6399/refreshHubSchema?api-version=2015-05-01-preview",
      "EncodedRequestUri": "L3N1YnNjcmlwdGlvbnMvODMxMzM3MWUtMDg3OS00MjhlLWIxZGEtNjM1MzU3NWE5MTkyL3Jlc291cmNlR3JvdXBzL3BzMjE4NC9wcm92aWRlcnMvTWljcm9zb2Z0LlNxbC9zZXJ2ZXJzL3BzMjg5L2RhdGFiYXNlcy9wczI1NC9zeW5jR3JvdXBzL3BzNjM5OS9yZWZyZXNoSHViU2NoZW1hP2FwaS12ZXJzaW9uPTIwMTUtMDUtMDEtcHJldmlldw==",
      "RequestMethod": "POST",
      "RequestBody": "",
      "RequestHeaders": {
        "User-Agent": [
          "Microsoft.Azure.Management.Sql.LegacySdk.SqlManagementClient/3.5.0.0"
        ]
      },
      "ResponseHeaders": {
        "Cache-Control": [
          "no-cache"
        ],
        "Pragma": [
          "no-cache"
        ],
        "Location": [
          "https://management.azure.com/subscriptions/8313371e-0879-428e-b1da-6353575a9192/resourceGroups/ps2184/providers/Microsoft.Sql/servers/ps289/databases/ps254/syncGroups/ps6399/refreshHubSchemaOperationResults/1aae2caf-89bc-4675-bfd2-29e6748c6196?api-version=2015-05-01-preview"
        ],
        "Retry-After": [
          "15"
        ],
        "x-ms-request-id": [
          "1aae2caf-89bc-4675-bfd2-29e6748c6196"
        ],
        "Server": [
          "Microsoft-HTTPAPI/2.0"
        ],
        "x-ms-ratelimit-remaining-subscription-writes": [
          "1199"
        ],
        "x-ms-correlation-request-id": [
          "f191b38e-b103-415c-b6e1-b80b7ad237ed"
        ],
        "x-ms-routing-request-id": [
          "UKSOUTH:20211207T112407Z:f191b38e-b103-415c-b6e1-b80b7ad237ed"
        ],
        "Strict-Transport-Security": [
          "max-age=31536000; includeSubDomains"
        ],
        "X-Content-Type-Options": [
          "nosniff"
        ],
        "Date": [
          "Tue, 07 Dec 2021 11:24:06 GMT"
        ],
        "Content-Length": [
          "77"
        ],
        "Content-Type": [
          "application/json; charset=utf-8"
        ],
        "Expires": [
          "-1"
        ]
      },
      "ResponseBody": "{\r\n  \"operation\": \"RefrehSyncHubFullSchema\",\r\n  \"startTime\": \"2021-12-07T11:24:07.42Z\"\r\n}",
      "StatusCode": 202
    },
    {
      "RequestUri": "/subscriptions/8313371e-0879-428e-b1da-6353575a9192/resourceGroups/ps2184/providers/Microsoft.Sql/servers/ps289/databases/ps254/syncGroups/ps6399/refreshHubSchemaOperationResults/1aae2caf-89bc-4675-bfd2-29e6748c6196?api-version=2015-05-01-preview",
      "EncodedRequestUri": "L3N1YnNjcmlwdGlvbnMvODMxMzM3MWUtMDg3OS00MjhlLWIxZGEtNjM1MzU3NWE5MTkyL3Jlc291cmNlR3JvdXBzL3BzMjE4NC9wcm92aWRlcnMvTWljcm9zb2Z0LlNxbC9zZXJ2ZXJzL3BzMjg5L2RhdGFiYXNlcy9wczI1NC9zeW5jR3JvdXBzL3BzNjM5OS9yZWZyZXNoSHViU2NoZW1hT3BlcmF0aW9uUmVzdWx0cy8xYWFlMmNhZi04OWJjLTQ2NzUtYmZkMi0yOWU2NzQ4YzYxOTY/YXBpLXZlcnNpb249MjAxNS0wNS0wMS1wcmV2aWV3",
      "RequestMethod": "GET",
      "RequestBody": "",
      "RequestHeaders": {
        "User-Agent": [
          "Microsoft.Azure.Management.Sql.LegacySdk.SqlManagementClient/3.5.0.0"
        ]
      },
      "ResponseHeaders": {
        "Cache-Control": [
          "no-cache"
        ],
        "Pragma": [
          "no-cache"
        ],
        "Location": [
          "https://management.azure.com/subscriptions/8313371e-0879-428e-b1da-6353575a9192/resourceGroups/ps2184/providers/Microsoft.Sql/servers/ps289/databases/ps254/syncGroups/ps6399/refreshHubSchemaOperationResults/1aae2caf-89bc-4675-bfd2-29e6748c6196?api-version=2015-05-01-preview"
        ],
        "Retry-After": [
          "15"
        ],
        "x-ms-request-id": [
          "e4588ad6-74e1-425c-9204-87e82f11f245"
        ],
        "Server": [
          "Microsoft-HTTPAPI/2.0"
        ],
        "x-ms-ratelimit-remaining-subscription-reads": [
          "11988"
        ],
        "x-ms-correlation-request-id": [
          "4ec51618-b41e-4bd7-a6e7-3d647f248b10"
        ],
        "x-ms-routing-request-id": [
          "UKSOUTH:20211207T112407Z:4ec51618-b41e-4bd7-a6e7-3d647f248b10"
        ],
        "Strict-Transport-Security": [
          "max-age=31536000; includeSubDomains"
        ],
        "X-Content-Type-Options": [
          "nosniff"
        ],
        "Date": [
          "Tue, 07 Dec 2021 11:24:06 GMT"
        ],
        "Content-Length": [
          "77"
        ],
        "Content-Type": [
          "application/json; charset=utf-8"
        ],
        "Expires": [
          "-1"
        ]
      },
      "ResponseBody": "{\r\n  \"operation\": \"RefrehSyncHubFullSchema\",\r\n  \"startTime\": \"2021-12-07T11:24:07.42Z\"\r\n}",
      "StatusCode": 202
    },
    {
      "RequestUri": "/subscriptions/8313371e-0879-428e-b1da-6353575a9192/resourceGroups/ps2184/providers/Microsoft.Sql/servers/ps289/databases/ps254/syncGroups/ps6399/refreshHubSchemaOperationResults/1aae2caf-89bc-4675-bfd2-29e6748c6196?api-version=2015-05-01-preview",
      "EncodedRequestUri": "L3N1YnNjcmlwdGlvbnMvODMxMzM3MWUtMDg3OS00MjhlLWIxZGEtNjM1MzU3NWE5MTkyL3Jlc291cmNlR3JvdXBzL3BzMjE4NC9wcm92aWRlcnMvTWljcm9zb2Z0LlNxbC9zZXJ2ZXJzL3BzMjg5L2RhdGFiYXNlcy9wczI1NC9zeW5jR3JvdXBzL3BzNjM5OS9yZWZyZXNoSHViU2NoZW1hT3BlcmF0aW9uUmVzdWx0cy8xYWFlMmNhZi04OWJjLTQ2NzUtYmZkMi0yOWU2NzQ4YzYxOTY/YXBpLXZlcnNpb249MjAxNS0wNS0wMS1wcmV2aWV3",
      "RequestMethod": "GET",
      "RequestBody": "",
      "RequestHeaders": {
        "User-Agent": [
          "Microsoft.Azure.Management.Sql.LegacySdk.SqlManagementClient/3.5.0.0"
        ]
      },
      "ResponseHeaders": {
        "Cache-Control": [
          "no-cache"
        ],
        "Pragma": [
          "no-cache"
        ],
        "Location": [
          "https://management.azure.com/subscriptions/8313371e-0879-428e-b1da-6353575a9192/resourceGroups/ps2184/providers/Microsoft.Sql/servers/ps289/databases/ps254/syncGroups/ps6399/refreshHubSchemaOperationResults/1aae2caf-89bc-4675-bfd2-29e6748c6196?api-version=2015-05-01-preview"
        ],
        "Retry-After": [
          "15"
        ],
        "x-ms-request-id": [
          "a7e5a039-c892-4e3d-a067-a477fcd30246"
        ],
        "Server": [
          "Microsoft-HTTPAPI/2.0"
        ],
        "x-ms-ratelimit-remaining-subscription-reads": [
          "11987"
        ],
        "x-ms-correlation-request-id": [
          "57c3e05e-4c74-4fc3-a80e-411842d59195"
        ],
        "x-ms-routing-request-id": [
          "UKSOUTH:20211207T112407Z:57c3e05e-4c74-4fc3-a80e-411842d59195"
        ],
        "Strict-Transport-Security": [
          "max-age=31536000; includeSubDomains"
        ],
        "X-Content-Type-Options": [
          "nosniff"
        ],
        "Date": [
          "Tue, 07 Dec 2021 11:24:06 GMT"
        ],
        "Content-Length": [
          "77"
        ],
        "Content-Type": [
          "application/json; charset=utf-8"
        ],
        "Expires": [
          "-1"
        ]
      },
      "ResponseBody": "{\r\n  \"operation\": \"RefrehSyncHubFullSchema\",\r\n  \"startTime\": \"2021-12-07T11:24:07.42Z\"\r\n}",
      "StatusCode": 202
    },
    {
      "RequestUri": "/subscriptions/8313371e-0879-428e-b1da-6353575a9192/resourceGroups/ps2184/providers/Microsoft.Sql/servers/ps289/databases/ps254/syncGroups/ps6399/refreshHubSchemaOperationResults/1aae2caf-89bc-4675-bfd2-29e6748c6196?api-version=2015-05-01-preview",
      "EncodedRequestUri": "L3N1YnNjcmlwdGlvbnMvODMxMzM3MWUtMDg3OS00MjhlLWIxZGEtNjM1MzU3NWE5MTkyL3Jlc291cmNlR3JvdXBzL3BzMjE4NC9wcm92aWRlcnMvTWljcm9zb2Z0LlNxbC9zZXJ2ZXJzL3BzMjg5L2RhdGFiYXNlcy9wczI1NC9zeW5jR3JvdXBzL3BzNjM5OS9yZWZyZXNoSHViU2NoZW1hT3BlcmF0aW9uUmVzdWx0cy8xYWFlMmNhZi04OWJjLTQ2NzUtYmZkMi0yOWU2NzQ4YzYxOTY/YXBpLXZlcnNpb249MjAxNS0wNS0wMS1wcmV2aWV3",
      "RequestMethod": "GET",
      "RequestBody": "",
      "RequestHeaders": {
        "User-Agent": [
          "Microsoft.Azure.Management.Sql.LegacySdk.SqlManagementClient/3.5.0.0"
        ]
      },
      "ResponseHeaders": {
        "Cache-Control": [
          "no-cache"
        ],
        "Pragma": [
          "no-cache"
        ],
        "Location": [
          "https://management.azure.com/subscriptions/8313371e-0879-428e-b1da-6353575a9192/resourceGroups/ps2184/providers/Microsoft.Sql/servers/ps289/databases/ps254/syncGroups/ps6399/refreshHubSchemaOperationResults/1aae2caf-89bc-4675-bfd2-29e6748c6196?api-version=2015-05-01-preview"
        ],
        "Retry-After": [
          "15"
        ],
        "x-ms-request-id": [
          "0067d7d9-2f6f-41ae-8ac4-f9b0cb55d848"
        ],
        "Server": [
          "Microsoft-HTTPAPI/2.0"
        ],
        "x-ms-ratelimit-remaining-subscription-reads": [
          "11986"
        ],
        "x-ms-correlation-request-id": [
          "734a5418-ff10-421c-8ac5-157f3249de73"
        ],
        "x-ms-routing-request-id": [
          "UKSOUTH:20211207T112407Z:734a5418-ff10-421c-8ac5-157f3249de73"
        ],
        "Strict-Transport-Security": [
          "max-age=31536000; includeSubDomains"
        ],
        "X-Content-Type-Options": [
          "nosniff"
        ],
        "Date": [
          "Tue, 07 Dec 2021 11:24:06 GMT"
        ],
        "Content-Length": [
          "77"
        ],
        "Content-Type": [
          "application/json; charset=utf-8"
        ],
        "Expires": [
          "-1"
        ]
      },
      "ResponseBody": "{\r\n  \"operation\": \"RefrehSyncHubFullSchema\",\r\n  \"startTime\": \"2021-12-07T11:24:07.42Z\"\r\n}",
      "StatusCode": 202
    },
    {
      "RequestUri": "/subscriptions/8313371e-0879-428e-b1da-6353575a9192/resourceGroups/ps2184/providers/Microsoft.Sql/servers/ps289/databases/ps254/syncGroups/ps6399/refreshHubSchemaOperationResults/1aae2caf-89bc-4675-bfd2-29e6748c6196?api-version=2015-05-01-preview",
      "EncodedRequestUri": "L3N1YnNjcmlwdGlvbnMvODMxMzM3MWUtMDg3OS00MjhlLWIxZGEtNjM1MzU3NWE5MTkyL3Jlc291cmNlR3JvdXBzL3BzMjE4NC9wcm92aWRlcnMvTWljcm9zb2Z0LlNxbC9zZXJ2ZXJzL3BzMjg5L2RhdGFiYXNlcy9wczI1NC9zeW5jR3JvdXBzL3BzNjM5OS9yZWZyZXNoSHViU2NoZW1hT3BlcmF0aW9uUmVzdWx0cy8xYWFlMmNhZi04OWJjLTQ2NzUtYmZkMi0yOWU2NzQ4YzYxOTY/YXBpLXZlcnNpb249MjAxNS0wNS0wMS1wcmV2aWV3",
      "RequestMethod": "GET",
      "RequestBody": "",
      "RequestHeaders": {
        "User-Agent": [
          "Microsoft.Azure.Management.Sql.LegacySdk.SqlManagementClient/3.5.0.0"
        ]
      },
      "ResponseHeaders": {
        "Cache-Control": [
          "no-cache"
        ],
        "Pragma": [
          "no-cache"
        ],
        "Location": [
          "https://management.azure.com/subscriptions/8313371e-0879-428e-b1da-6353575a9192/resourceGroups/ps2184/providers/Microsoft.Sql/servers/ps289/databases/ps254/syncGroups/ps6399/refreshHubSchemaOperationResults/1aae2caf-89bc-4675-bfd2-29e6748c6196?api-version=2015-05-01-preview"
        ],
        "Retry-After": [
          "15"
        ],
        "x-ms-request-id": [
          "38107019-94eb-4e9d-8b85-848d506a0890"
        ],
        "Server": [
          "Microsoft-HTTPAPI/2.0"
        ],
        "x-ms-ratelimit-remaining-subscription-reads": [
          "11985"
        ],
        "x-ms-correlation-request-id": [
          "b4216273-0f42-4f46-af81-662b004e00ea"
        ],
        "x-ms-routing-request-id": [
          "UKSOUTH:20211207T112407Z:b4216273-0f42-4f46-af81-662b004e00ea"
        ],
        "Strict-Transport-Security": [
          "max-age=31536000; includeSubDomains"
        ],
        "X-Content-Type-Options": [
          "nosniff"
        ],
        "Date": [
          "Tue, 07 Dec 2021 11:24:06 GMT"
        ],
        "Content-Length": [
          "77"
        ],
        "Content-Type": [
          "application/json; charset=utf-8"
        ],
        "Expires": [
          "-1"
        ]
      },
      "ResponseBody": "{\r\n  \"operation\": \"RefrehSyncHubFullSchema\",\r\n  \"startTime\": \"2021-12-07T11:24:07.42Z\"\r\n}",
      "StatusCode": 202
    },
    {
      "RequestUri": "/subscriptions/8313371e-0879-428e-b1da-6353575a9192/resourceGroups/ps2184/providers/Microsoft.Sql/servers/ps289/databases/ps254/syncGroups/ps6399/refreshHubSchemaOperationResults/1aae2caf-89bc-4675-bfd2-29e6748c6196?api-version=2015-05-01-preview",
      "EncodedRequestUri": "L3N1YnNjcmlwdGlvbnMvODMxMzM3MWUtMDg3OS00MjhlLWIxZGEtNjM1MzU3NWE5MTkyL3Jlc291cmNlR3JvdXBzL3BzMjE4NC9wcm92aWRlcnMvTWljcm9zb2Z0LlNxbC9zZXJ2ZXJzL3BzMjg5L2RhdGFiYXNlcy9wczI1NC9zeW5jR3JvdXBzL3BzNjM5OS9yZWZyZXNoSHViU2NoZW1hT3BlcmF0aW9uUmVzdWx0cy8xYWFlMmNhZi04OWJjLTQ2NzUtYmZkMi0yOWU2NzQ4YzYxOTY/YXBpLXZlcnNpb249MjAxNS0wNS0wMS1wcmV2aWV3",
      "RequestMethod": "GET",
      "RequestBody": "",
      "RequestHeaders": {
        "User-Agent": [
          "Microsoft.Azure.Management.Sql.LegacySdk.SqlManagementClient/3.5.0.0"
        ]
      },
      "ResponseHeaders": {
        "Cache-Control": [
          "no-cache"
        ],
        "Pragma": [
          "no-cache"
        ],
        "Location": [
          "https://management.azure.com/subscriptions/8313371e-0879-428e-b1da-6353575a9192/resourceGroups/ps2184/providers/Microsoft.Sql/servers/ps289/databases/ps254/syncGroups/ps6399/refreshHubSchemaOperationResults/1aae2caf-89bc-4675-bfd2-29e6748c6196?api-version=2015-05-01-preview"
        ],
        "Retry-After": [
          "15"
        ],
        "x-ms-request-id": [
          "97a0c051-6da6-4727-b7a1-2e70296cc4ad"
        ],
        "Server": [
          "Microsoft-HTTPAPI/2.0"
        ],
        "x-ms-ratelimit-remaining-subscription-reads": [
          "11984"
        ],
        "x-ms-correlation-request-id": [
          "dd86ea83-1a20-4d66-800a-17d0cb0a082e"
        ],
        "x-ms-routing-request-id": [
          "UKSOUTH:20211207T112407Z:dd86ea83-1a20-4d66-800a-17d0cb0a082e"
        ],
        "Strict-Transport-Security": [
          "max-age=31536000; includeSubDomains"
        ],
        "X-Content-Type-Options": [
          "nosniff"
        ],
        "Date": [
          "Tue, 07 Dec 2021 11:24:07 GMT"
        ],
        "Content-Length": [
          "77"
        ],
        "Content-Type": [
          "application/json; charset=utf-8"
        ],
        "Expires": [
          "-1"
        ]
      },
      "ResponseBody": "{\r\n  \"operation\": \"RefrehSyncHubFullSchema\",\r\n  \"startTime\": \"2021-12-07T11:24:07.42Z\"\r\n}",
      "StatusCode": 202
    },
    {
      "RequestUri": "/subscriptions/8313371e-0879-428e-b1da-6353575a9192/resourceGroups/ps2184/providers/Microsoft.Sql/servers/ps289/databases/ps254/syncGroups/ps6399/refreshHubSchemaOperationResults/1aae2caf-89bc-4675-bfd2-29e6748c6196?api-version=2015-05-01-preview",
      "EncodedRequestUri": "L3N1YnNjcmlwdGlvbnMvODMxMzM3MWUtMDg3OS00MjhlLWIxZGEtNjM1MzU3NWE5MTkyL3Jlc291cmNlR3JvdXBzL3BzMjE4NC9wcm92aWRlcnMvTWljcm9zb2Z0LlNxbC9zZXJ2ZXJzL3BzMjg5L2RhdGFiYXNlcy9wczI1NC9zeW5jR3JvdXBzL3BzNjM5OS9yZWZyZXNoSHViU2NoZW1hT3BlcmF0aW9uUmVzdWx0cy8xYWFlMmNhZi04OWJjLTQ2NzUtYmZkMi0yOWU2NzQ4YzYxOTY/YXBpLXZlcnNpb249MjAxNS0wNS0wMS1wcmV2aWV3",
      "RequestMethod": "GET",
      "RequestBody": "",
      "RequestHeaders": {
        "User-Agent": [
          "Microsoft.Azure.Management.Sql.LegacySdk.SqlManagementClient/3.5.0.0"
        ]
      },
      "ResponseHeaders": {
        "Cache-Control": [
          "no-cache"
        ],
        "Pragma": [
          "no-cache"
        ],
        "x-ms-request-id": [
          "6d932d70-305c-442c-b40c-75402ecc9468"
        ],
        "Server": [
          "Microsoft-HTTPAPI/2.0"
        ],
        "x-ms-ratelimit-remaining-subscription-reads": [
          "11983"
        ],
        "x-ms-correlation-request-id": [
          "11344001-2423-4e43-aaaa-26e927c76544"
        ],
        "x-ms-routing-request-id": [
          "UKSOUTH:20211207T112408Z:11344001-2423-4e43-aaaa-26e927c76544"
        ],
        "Strict-Transport-Security": [
          "max-age=31536000; includeSubDomains"
        ],
        "X-Content-Type-Options": [
          "nosniff"
        ],
        "Date": [
          "Tue, 07 Dec 2021 11:24:07 GMT"
        ],
        "Expires": [
          "-1"
        ],
        "Content-Length": [
          "0"
        ]
      },
      "ResponseBody": "",
      "StatusCode": 200
    },
    {
      "RequestUri": "/subscriptions/8313371e-0879-428e-b1da-6353575a9192/resourceGroups/ps2184/providers/Microsoft.Sql/servers/ps289/databases/ps254/syncGroups/ps6399/hubSchemas?api-version=2015-05-01-preview",
      "EncodedRequestUri": "L3N1YnNjcmlwdGlvbnMvODMxMzM3MWUtMDg3OS00MjhlLWIxZGEtNjM1MzU3NWE5MTkyL3Jlc291cmNlR3JvdXBzL3BzMjE4NC9wcm92aWRlcnMvTWljcm9zb2Z0LlNxbC9zZXJ2ZXJzL3BzMjg5L2RhdGFiYXNlcy9wczI1NC9zeW5jR3JvdXBzL3BzNjM5OS9odWJTY2hlbWFzP2FwaS12ZXJzaW9uPTIwMTUtMDUtMDEtcHJldmlldw==",
      "RequestMethod": "GET",
      "RequestBody": "",
      "RequestHeaders": {
        "User-Agent": [
          "Microsoft.Azure.Management.Sql.LegacySdk.SqlManagementClient/3.5.0.0"
        ]
      },
      "ResponseHeaders": {
        "Cache-Control": [
          "no-cache"
        ],
        "Pragma": [
          "no-cache"
        ],
        "x-ms-request-id": [
          "d6224a97-786c-4998-93b2-450eb9add34a"
        ],
        "Server": [
          "Microsoft-HTTPAPI/2.0"
        ],
        "x-ms-ratelimit-remaining-subscription-reads": [
          "11982"
        ],
        "x-ms-correlation-request-id": [
          "81b05b01-2f8e-4fb6-b0aa-541293cb1f59"
        ],
        "x-ms-routing-request-id": [
          "UKSOUTH:20211207T112408Z:81b05b01-2f8e-4fb6-b0aa-541293cb1f59"
        ],
        "Strict-Transport-Security": [
          "max-age=31536000; includeSubDomains"
        ],
        "X-Content-Type-Options": [
          "nosniff"
        ],
        "Date": [
          "Tue, 07 Dec 2021 11:24:07 GMT"
        ],
        "Content-Length": [
          "12"
        ],
        "Content-Type": [
          "application/json; charset=utf-8"
        ],
        "Expires": [
          "-1"
        ]
      },
      "ResponseBody": "{\r\n  \"value\": []\r\n}",
      "StatusCode": 200
    },
    {
      "RequestUri": "/subscriptions/8313371e-0879-428e-b1da-6353575a9192/resourcegroups/ps2184?api-version=2016-09-01",
      "EncodedRequestUri": "L3N1YnNjcmlwdGlvbnMvODMxMzM3MWUtMDg3OS00MjhlLWIxZGEtNjM1MzU3NWE5MTkyL3Jlc291cmNlZ3JvdXBzL3BzMjE4ND9hcGktdmVyc2lvbj0yMDE2LTA5LTAx",
      "RequestMethod": "DELETE",
      "RequestBody": "",
      "RequestHeaders": {
        "x-ms-client-request-id": [
          "86488e20-4ffe-4d90-8aaf-8dfca6e70d8a"
        ],
        "Accept-Language": [
          "en-US"
        ],
        "User-Agent": [
          "FxVersion/4.6.30411.01",
          "OSName/Windows",
          "OSVersion/Microsoft.Windows.10.0.17763.",
          "Microsoft.Azure.Management.Internal.Resources.ResourceManagementClient/1.3.45"
        ]
      },
      "ResponseHeaders": {
        "Cache-Control": [
          "no-cache"
        ],
        "Pragma": [
          "no-cache"
        ],
        "Location": [
          "https://management.azure.com/subscriptions/8313371e-0879-428e-b1da-6353575a9192/operationresults/eyJqb2JJZCI6IlJFU09VUkNFR1JPVVBERUxFVElPTkpPQi1QUzIxODQtV0VTVENFTlRSQUxVUyIsImpvYkxvY2F0aW9uIjoid2VzdGNlbnRyYWx1cyJ9?api-version=2016-09-01"
        ],
        "Retry-After": [
          "15"
        ],
        "x-ms-ratelimit-remaining-subscription-deletes": [
          "14999"
        ],
        "x-ms-request-id": [
          "f7c296e0-f53b-46ba-96f1-b5f81d0053fd"
        ],
        "x-ms-correlation-request-id": [
          "f7c296e0-f53b-46ba-96f1-b5f81d0053fd"
        ],
        "x-ms-routing-request-id": [
          "UKSOUTH:20211207T112411Z:f7c296e0-f53b-46ba-96f1-b5f81d0053fd"
        ],
        "Strict-Transport-Security": [
          "max-age=31536000; includeSubDomains"
        ],
        "X-Content-Type-Options": [
          "nosniff"
        ],
        "Date": [
          "Tue, 07 Dec 2021 11:24:11 GMT"
        ],
        "Expires": [
          "-1"
        ],
        "Content-Length": [
          "0"
        ]
      },
      "ResponseBody": "",
      "StatusCode": 202
    },
    {
      "RequestUri": "/subscriptions/8313371e-0879-428e-b1da-6353575a9192/operationresults/eyJqb2JJZCI6IlJFU09VUkNFR1JPVVBERUxFVElPTkpPQi1QUzIxODQtV0VTVENFTlRSQUxVUyIsImpvYkxvY2F0aW9uIjoid2VzdGNlbnRyYWx1cyJ9?api-version=2016-09-01",
      "EncodedRequestUri": "L3N1YnNjcmlwdGlvbnMvODMxMzM3MWUtMDg3OS00MjhlLWIxZGEtNjM1MzU3NWE5MTkyL29wZXJhdGlvbnJlc3VsdHMvZXlKcWIySkpaQ0k2SWxKRlUwOVZVa05GUjFKUFZWQkVSVXhGVkVsUFRrcFBRaTFRVXpJeE9EUXRWMFZUVkVORlRsUlNRVXhWVXlJc0ltcHZZa3h2WTJGMGFXOXVJam9pZDJWemRHTmxiblJ5WVd4MWN5Sjk/YXBpLXZlcnNpb249MjAxNi0wOS0wMQ==",
      "RequestMethod": "GET",
      "RequestBody": "",
      "RequestHeaders": {
        "User-Agent": [
          "FxVersion/4.6.30411.01",
          "OSName/Windows",
          "OSVersion/Microsoft.Windows.10.0.17763.",
          "Microsoft.Azure.Management.Internal.Resources.ResourceManagementClient/1.3.45"
        ]
      },
      "ResponseHeaders": {
        "Cache-Control": [
          "no-cache"
        ],
        "Pragma": [
          "no-cache"
        ],
        "Location": [
          "https://management.azure.com/subscriptions/8313371e-0879-428e-b1da-6353575a9192/operationresults/eyJqb2JJZCI6IlJFU09VUkNFR1JPVVBERUxFVElPTkpPQi1QUzIxODQtV0VTVENFTlRSQUxVUyIsImpvYkxvY2F0aW9uIjoid2VzdGNlbnRyYWx1cyJ9?api-version=2016-09-01"
        ],
        "Retry-After": [
          "15"
        ],
        "x-ms-ratelimit-remaining-subscription-reads": [
          "11996"
        ],
        "x-ms-request-id": [
          "d9bb31d1-a76b-49e1-b659-57ffd3e7a55d"
        ],
        "x-ms-correlation-request-id": [
          "d9bb31d1-a76b-49e1-b659-57ffd3e7a55d"
        ],
        "x-ms-routing-request-id": [
          "UKSOUTH:20211207T112427Z:d9bb31d1-a76b-49e1-b659-57ffd3e7a55d"
        ],
        "Strict-Transport-Security": [
          "max-age=31536000; includeSubDomains"
        ],
        "X-Content-Type-Options": [
          "nosniff"
        ],
        "Date": [
          "Tue, 07 Dec 2021 11:24:26 GMT"
        ],
        "Expires": [
          "-1"
        ],
        "Content-Length": [
          "0"
        ]
      },
      "ResponseBody": "",
      "StatusCode": 202
    },
    {
      "RequestUri": "/subscriptions/8313371e-0879-428e-b1da-6353575a9192/operationresults/eyJqb2JJZCI6IlJFU09VUkNFR1JPVVBERUxFVElPTkpPQi1QUzIxODQtV0VTVENFTlRSQUxVUyIsImpvYkxvY2F0aW9uIjoid2VzdGNlbnRyYWx1cyJ9?api-version=2016-09-01",
      "EncodedRequestUri": "L3N1YnNjcmlwdGlvbnMvODMxMzM3MWUtMDg3OS00MjhlLWIxZGEtNjM1MzU3NWE5MTkyL29wZXJhdGlvbnJlc3VsdHMvZXlKcWIySkpaQ0k2SWxKRlUwOVZVa05GUjFKUFZWQkVSVXhGVkVsUFRrcFBRaTFRVXpJeE9EUXRWMFZUVkVORlRsUlNRVXhWVXlJc0ltcHZZa3h2WTJGMGFXOXVJam9pZDJWemRHTmxiblJ5WVd4MWN5Sjk/YXBpLXZlcnNpb249MjAxNi0wOS0wMQ==",
      "RequestMethod": "GET",
      "RequestBody": "",
      "RequestHeaders": {
        "User-Agent": [
          "FxVersion/4.6.30411.01",
          "OSName/Windows",
          "OSVersion/Microsoft.Windows.10.0.17763.",
          "Microsoft.Azure.Management.Internal.Resources.ResourceManagementClient/1.3.45"
        ]
      },
      "ResponseHeaders": {
        "Cache-Control": [
          "no-cache"
        ],
        "Pragma": [
          "no-cache"
        ],
        "Location": [
          "https://management.azure.com/subscriptions/8313371e-0879-428e-b1da-6353575a9192/operationresults/eyJqb2JJZCI6IlJFU09VUkNFR1JPVVBERUxFVElPTkpPQi1QUzIxODQtV0VTVENFTlRSQUxVUyIsImpvYkxvY2F0aW9uIjoid2VzdGNlbnRyYWx1cyJ9?api-version=2016-09-01"
        ],
        "Retry-After": [
          "15"
        ],
        "x-ms-ratelimit-remaining-subscription-reads": [
          "11995"
        ],
        "x-ms-request-id": [
          "5d3d6aba-ad88-4da2-9e83-47b1b6cb9e9a"
        ],
        "x-ms-correlation-request-id": [
          "5d3d6aba-ad88-4da2-9e83-47b1b6cb9e9a"
        ],
        "x-ms-routing-request-id": [
          "UKSOUTH:20211207T112442Z:5d3d6aba-ad88-4da2-9e83-47b1b6cb9e9a"
        ],
        "Strict-Transport-Security": [
          "max-age=31536000; includeSubDomains"
        ],
        "X-Content-Type-Options": [
          "nosniff"
        ],
        "Date": [
          "Tue, 07 Dec 2021 11:24:42 GMT"
        ],
        "Expires": [
          "-1"
        ],
        "Content-Length": [
          "0"
        ]
      },
      "ResponseBody": "",
      "StatusCode": 202
    },
    {
      "RequestUri": "/subscriptions/8313371e-0879-428e-b1da-6353575a9192/operationresults/eyJqb2JJZCI6IlJFU09VUkNFR1JPVVBERUxFVElPTkpPQi1QUzIxODQtV0VTVENFTlRSQUxVUyIsImpvYkxvY2F0aW9uIjoid2VzdGNlbnRyYWx1cyJ9?api-version=2016-09-01",
      "EncodedRequestUri": "L3N1YnNjcmlwdGlvbnMvODMxMzM3MWUtMDg3OS00MjhlLWIxZGEtNjM1MzU3NWE5MTkyL29wZXJhdGlvbnJlc3VsdHMvZXlKcWIySkpaQ0k2SWxKRlUwOVZVa05GUjFKUFZWQkVSVXhGVkVsUFRrcFBRaTFRVXpJeE9EUXRWMFZUVkVORlRsUlNRVXhWVXlJc0ltcHZZa3h2WTJGMGFXOXVJam9pZDJWemRHTmxiblJ5WVd4MWN5Sjk/YXBpLXZlcnNpb249MjAxNi0wOS0wMQ==",
      "RequestMethod": "GET",
      "RequestBody": "",
      "RequestHeaders": {
        "User-Agent": [
          "FxVersion/4.6.30411.01",
          "OSName/Windows",
          "OSVersion/Microsoft.Windows.10.0.17763.",
          "Microsoft.Azure.Management.Internal.Resources.ResourceManagementClient/1.3.45"
        ]
      },
      "ResponseHeaders": {
        "Cache-Control": [
          "no-cache"
        ],
        "Pragma": [
          "no-cache"
        ],
        "Location": [
          "https://management.azure.com/subscriptions/8313371e-0879-428e-b1da-6353575a9192/operationresults/eyJqb2JJZCI6IlJFU09VUkNFR1JPVVBERUxFVElPTkpPQi1QUzIxODQtV0VTVENFTlRSQUxVUyIsImpvYkxvY2F0aW9uIjoid2VzdGNlbnRyYWx1cyJ9?api-version=2016-09-01"
        ],
        "Retry-After": [
          "15"
        ],
        "x-ms-ratelimit-remaining-subscription-reads": [
          "11994"
        ],
        "x-ms-request-id": [
          "40c120c4-c507-4f53-ba5c-aa039008f56e"
        ],
        "x-ms-correlation-request-id": [
          "40c120c4-c507-4f53-ba5c-aa039008f56e"
        ],
        "x-ms-routing-request-id": [
          "UKSOUTH:20211207T112457Z:40c120c4-c507-4f53-ba5c-aa039008f56e"
        ],
        "Strict-Transport-Security": [
          "max-age=31536000; includeSubDomains"
        ],
        "X-Content-Type-Options": [
          "nosniff"
        ],
        "Date": [
          "Tue, 07 Dec 2021 11:24:57 GMT"
        ],
        "Expires": [
          "-1"
        ],
        "Content-Length": [
          "0"
        ]
      },
      "ResponseBody": "",
      "StatusCode": 202
    },
    {
      "RequestUri": "/subscriptions/8313371e-0879-428e-b1da-6353575a9192/operationresults/eyJqb2JJZCI6IlJFU09VUkNFR1JPVVBERUxFVElPTkpPQi1QUzIxODQtV0VTVENFTlRSQUxVUyIsImpvYkxvY2F0aW9uIjoid2VzdGNlbnRyYWx1cyJ9?api-version=2016-09-01",
      "EncodedRequestUri": "L3N1YnNjcmlwdGlvbnMvODMxMzM3MWUtMDg3OS00MjhlLWIxZGEtNjM1MzU3NWE5MTkyL29wZXJhdGlvbnJlc3VsdHMvZXlKcWIySkpaQ0k2SWxKRlUwOVZVa05GUjFKUFZWQkVSVXhGVkVsUFRrcFBRaTFRVXpJeE9EUXRWMFZUVkVORlRsUlNRVXhWVXlJc0ltcHZZa3h2WTJGMGFXOXVJam9pZDJWemRHTmxiblJ5WVd4MWN5Sjk/YXBpLXZlcnNpb249MjAxNi0wOS0wMQ==",
      "RequestMethod": "GET",
      "RequestBody": "",
      "RequestHeaders": {
        "User-Agent": [
          "FxVersion/4.6.30411.01",
          "OSName/Windows",
          "OSVersion/Microsoft.Windows.10.0.17763.",
          "Microsoft.Azure.Management.Internal.Resources.ResourceManagementClient/1.3.45"
        ]
      },
      "ResponseHeaders": {
        "Cache-Control": [
          "no-cache"
        ],
        "Pragma": [
          "no-cache"
        ],
        "Location": [
          "https://management.azure.com/subscriptions/8313371e-0879-428e-b1da-6353575a9192/operationresults/eyJqb2JJZCI6IlJFU09VUkNFR1JPVVBERUxFVElPTkpPQi1QUzIxODQtV0VTVENFTlRSQUxVUyIsImpvYkxvY2F0aW9uIjoid2VzdGNlbnRyYWx1cyJ9?api-version=2016-09-01"
        ],
        "Retry-After": [
          "15"
        ],
        "x-ms-ratelimit-remaining-subscription-reads": [
          "11993"
        ],
        "x-ms-request-id": [
          "a19f9c2a-fc75-4af1-b937-47d5f840bbfa"
        ],
        "x-ms-correlation-request-id": [
          "a19f9c2a-fc75-4af1-b937-47d5f840bbfa"
        ],
        "x-ms-routing-request-id": [
          "UKSOUTH:20211207T112512Z:a19f9c2a-fc75-4af1-b937-47d5f840bbfa"
        ],
        "Strict-Transport-Security": [
          "max-age=31536000; includeSubDomains"
        ],
        "X-Content-Type-Options": [
          "nosniff"
        ],
        "Date": [
          "Tue, 07 Dec 2021 11:25:12 GMT"
        ],
        "Expires": [
          "-1"
        ],
        "Content-Length": [
          "0"
        ]
      },
      "ResponseBody": "",
      "StatusCode": 202
    },
    {
      "RequestUri": "/subscriptions/8313371e-0879-428e-b1da-6353575a9192/operationresults/eyJqb2JJZCI6IlJFU09VUkNFR1JPVVBERUxFVElPTkpPQi1QUzIxODQtV0VTVENFTlRSQUxVUyIsImpvYkxvY2F0aW9uIjoid2VzdGNlbnRyYWx1cyJ9?api-version=2016-09-01",
      "EncodedRequestUri": "L3N1YnNjcmlwdGlvbnMvODMxMzM3MWUtMDg3OS00MjhlLWIxZGEtNjM1MzU3NWE5MTkyL29wZXJhdGlvbnJlc3VsdHMvZXlKcWIySkpaQ0k2SWxKRlUwOVZVa05GUjFKUFZWQkVSVXhGVkVsUFRrcFBRaTFRVXpJeE9EUXRWMFZUVkVORlRsUlNRVXhWVXlJc0ltcHZZa3h2WTJGMGFXOXVJam9pZDJWemRHTmxiblJ5WVd4MWN5Sjk/YXBpLXZlcnNpb249MjAxNi0wOS0wMQ==",
      "RequestMethod": "GET",
      "RequestBody": "",
      "RequestHeaders": {
        "User-Agent": [
          "FxVersion/4.6.30411.01",
          "OSName/Windows",
          "OSVersion/Microsoft.Windows.10.0.17763.",
          "Microsoft.Azure.Management.Internal.Resources.ResourceManagementClient/1.3.45"
        ]
      },
      "ResponseHeaders": {
        "Cache-Control": [
          "no-cache"
        ],
        "Pragma": [
          "no-cache"
        ],
        "Location": [
          "https://management.azure.com/subscriptions/8313371e-0879-428e-b1da-6353575a9192/operationresults/eyJqb2JJZCI6IlJFU09VUkNFR1JPVVBERUxFVElPTkpPQi1QUzIxODQtV0VTVENFTlRSQUxVUyIsImpvYkxvY2F0aW9uIjoid2VzdGNlbnRyYWx1cyJ9?api-version=2016-09-01"
        ],
        "Retry-After": [
          "15"
        ],
        "x-ms-ratelimit-remaining-subscription-reads": [
          "11992"
        ],
        "x-ms-request-id": [
          "904dc75d-02bd-4cb5-ad96-df35a054708f"
        ],
        "x-ms-correlation-request-id": [
          "904dc75d-02bd-4cb5-ad96-df35a054708f"
        ],
        "x-ms-routing-request-id": [
          "UKSOUTH:20211207T112528Z:904dc75d-02bd-4cb5-ad96-df35a054708f"
        ],
        "Strict-Transport-Security": [
          "max-age=31536000; includeSubDomains"
        ],
        "X-Content-Type-Options": [
          "nosniff"
        ],
        "Date": [
          "Tue, 07 Dec 2021 11:25:27 GMT"
        ],
        "Expires": [
          "-1"
        ],
        "Content-Length": [
          "0"
        ]
      },
      "ResponseBody": "",
      "StatusCode": 202
    },
    {
      "RequestUri": "/subscriptions/8313371e-0879-428e-b1da-6353575a9192/operationresults/eyJqb2JJZCI6IlJFU09VUkNFR1JPVVBERUxFVElPTkpPQi1QUzIxODQtV0VTVENFTlRSQUxVUyIsImpvYkxvY2F0aW9uIjoid2VzdGNlbnRyYWx1cyJ9?api-version=2016-09-01",
      "EncodedRequestUri": "L3N1YnNjcmlwdGlvbnMvODMxMzM3MWUtMDg3OS00MjhlLWIxZGEtNjM1MzU3NWE5MTkyL29wZXJhdGlvbnJlc3VsdHMvZXlKcWIySkpaQ0k2SWxKRlUwOVZVa05GUjFKUFZWQkVSVXhGVkVsUFRrcFBRaTFRVXpJeE9EUXRWMFZUVkVORlRsUlNRVXhWVXlJc0ltcHZZa3h2WTJGMGFXOXVJam9pZDJWemRHTmxiblJ5WVd4MWN5Sjk/YXBpLXZlcnNpb249MjAxNi0wOS0wMQ==",
      "RequestMethod": "GET",
      "RequestBody": "",
      "RequestHeaders": {
        "User-Agent": [
          "FxVersion/4.6.30411.01",
          "OSName/Windows",
          "OSVersion/Microsoft.Windows.10.0.17763.",
          "Microsoft.Azure.Management.Internal.Resources.ResourceManagementClient/1.3.45"
        ]
      },
      "ResponseHeaders": {
        "Cache-Control": [
          "no-cache"
        ],
        "Pragma": [
          "no-cache"
        ],
        "Location": [
          "https://management.azure.com/subscriptions/8313371e-0879-428e-b1da-6353575a9192/operationresults/eyJqb2JJZCI6IlJFU09VUkNFR1JPVVBERUxFVElPTkpPQi1QUzIxODQtV0VTVENFTlRSQUxVUyIsImpvYkxvY2F0aW9uIjoid2VzdGNlbnRyYWx1cyJ9?api-version=2016-09-01"
        ],
        "Retry-After": [
          "15"
        ],
        "x-ms-ratelimit-remaining-subscription-reads": [
          "11991"
        ],
        "x-ms-request-id": [
          "d80987a9-23e0-498b-8953-6d4a558c9f3b"
        ],
        "x-ms-correlation-request-id": [
          "d80987a9-23e0-498b-8953-6d4a558c9f3b"
        ],
        "x-ms-routing-request-id": [
          "UKSOUTH:20211207T112543Z:d80987a9-23e0-498b-8953-6d4a558c9f3b"
        ],
        "Strict-Transport-Security": [
          "max-age=31536000; includeSubDomains"
        ],
        "X-Content-Type-Options": [
          "nosniff"
        ],
        "Date": [
          "Tue, 07 Dec 2021 11:25:42 GMT"
        ],
        "Expires": [
          "-1"
        ],
        "Content-Length": [
          "0"
        ]
      },
      "ResponseBody": "",
      "StatusCode": 202
    },
    {
      "RequestUri": "/subscriptions/8313371e-0879-428e-b1da-6353575a9192/operationresults/eyJqb2JJZCI6IlJFU09VUkNFR1JPVVBERUxFVElPTkpPQi1QUzIxODQtV0VTVENFTlRSQUxVUyIsImpvYkxvY2F0aW9uIjoid2VzdGNlbnRyYWx1cyJ9?api-version=2016-09-01",
      "EncodedRequestUri": "L3N1YnNjcmlwdGlvbnMvODMxMzM3MWUtMDg3OS00MjhlLWIxZGEtNjM1MzU3NWE5MTkyL29wZXJhdGlvbnJlc3VsdHMvZXlKcWIySkpaQ0k2SWxKRlUwOVZVa05GUjFKUFZWQkVSVXhGVkVsUFRrcFBRaTFRVXpJeE9EUXRWMFZUVkVORlRsUlNRVXhWVXlJc0ltcHZZa3h2WTJGMGFXOXVJam9pZDJWemRHTmxiblJ5WVd4MWN5Sjk/YXBpLXZlcnNpb249MjAxNi0wOS0wMQ==",
      "RequestMethod": "GET",
      "RequestBody": "",
      "RequestHeaders": {
        "User-Agent": [
          "FxVersion/4.6.30411.01",
          "OSName/Windows",
          "OSVersion/Microsoft.Windows.10.0.17763.",
          "Microsoft.Azure.Management.Internal.Resources.ResourceManagementClient/1.3.45"
        ]
      },
      "ResponseHeaders": {
        "Cache-Control": [
          "no-cache"
        ],
        "Pragma": [
          "no-cache"
        ],
        "Location": [
          "https://management.azure.com/subscriptions/8313371e-0879-428e-b1da-6353575a9192/operationresults/eyJqb2JJZCI6IlJFU09VUkNFR1JPVVBERUxFVElPTkpPQi1QUzIxODQtV0VTVENFTlRSQUxVUyIsImpvYkxvY2F0aW9uIjoid2VzdGNlbnRyYWx1cyJ9?api-version=2016-09-01"
        ],
        "Retry-After": [
          "15"
        ],
        "x-ms-ratelimit-remaining-subscription-reads": [
          "11990"
        ],
        "x-ms-request-id": [
          "bdc38111-0830-4ccb-b8e2-e4a395931128"
        ],
        "x-ms-correlation-request-id": [
          "bdc38111-0830-4ccb-b8e2-e4a395931128"
        ],
        "x-ms-routing-request-id": [
          "UKSOUTH:20211207T112558Z:bdc38111-0830-4ccb-b8e2-e4a395931128"
        ],
        "Strict-Transport-Security": [
          "max-age=31536000; includeSubDomains"
        ],
        "X-Content-Type-Options": [
          "nosniff"
        ],
        "Date": [
          "Tue, 07 Dec 2021 11:25:57 GMT"
        ],
        "Expires": [
          "-1"
        ],
        "Content-Length": [
          "0"
        ]
      },
      "ResponseBody": "",
      "StatusCode": 202
    },
    {
      "RequestUri": "/subscriptions/8313371e-0879-428e-b1da-6353575a9192/operationresults/eyJqb2JJZCI6IlJFU09VUkNFR1JPVVBERUxFVElPTkpPQi1QUzIxODQtV0VTVENFTlRSQUxVUyIsImpvYkxvY2F0aW9uIjoid2VzdGNlbnRyYWx1cyJ9?api-version=2016-09-01",
      "EncodedRequestUri": "L3N1YnNjcmlwdGlvbnMvODMxMzM3MWUtMDg3OS00MjhlLWIxZGEtNjM1MzU3NWE5MTkyL29wZXJhdGlvbnJlc3VsdHMvZXlKcWIySkpaQ0k2SWxKRlUwOVZVa05GUjFKUFZWQkVSVXhGVkVsUFRrcFBRaTFRVXpJeE9EUXRWMFZUVkVORlRsUlNRVXhWVXlJc0ltcHZZa3h2WTJGMGFXOXVJam9pZDJWemRHTmxiblJ5WVd4MWN5Sjk/YXBpLXZlcnNpb249MjAxNi0wOS0wMQ==",
      "RequestMethod": "GET",
      "RequestBody": "",
      "RequestHeaders": {
        "User-Agent": [
          "FxVersion/4.6.30411.01",
          "OSName/Windows",
          "OSVersion/Microsoft.Windows.10.0.17763.",
          "Microsoft.Azure.Management.Internal.Resources.ResourceManagementClient/1.3.45"
        ]
      },
      "ResponseHeaders": {
        "Cache-Control": [
          "no-cache"
        ],
        "Pragma": [
          "no-cache"
        ],
        "Location": [
          "https://management.azure.com/subscriptions/8313371e-0879-428e-b1da-6353575a9192/operationresults/eyJqb2JJZCI6IlJFU09VUkNFR1JPVVBERUxFVElPTkpPQi1QUzIxODQtV0VTVENFTlRSQUxVUyIsImpvYkxvY2F0aW9uIjoid2VzdGNlbnRyYWx1cyJ9?api-version=2016-09-01"
        ],
        "Retry-After": [
          "15"
        ],
        "x-ms-ratelimit-remaining-subscription-reads": [
          "11989"
        ],
        "x-ms-request-id": [
          "6265ed6b-ef86-44f5-8b3c-edfebe034b9d"
        ],
        "x-ms-correlation-request-id": [
          "6265ed6b-ef86-44f5-8b3c-edfebe034b9d"
        ],
        "x-ms-routing-request-id": [
          "UKSOUTH:20211207T112614Z:6265ed6b-ef86-44f5-8b3c-edfebe034b9d"
        ],
        "Strict-Transport-Security": [
          "max-age=31536000; includeSubDomains"
        ],
        "X-Content-Type-Options": [
          "nosniff"
        ],
        "Date": [
          "Tue, 07 Dec 2021 11:26:14 GMT"
        ],
        "Expires": [
          "-1"
        ],
        "Content-Length": [
          "0"
        ]
      },
      "ResponseBody": "",
      "StatusCode": 202
    },
    {
      "RequestUri": "/subscriptions/8313371e-0879-428e-b1da-6353575a9192/operationresults/eyJqb2JJZCI6IlJFU09VUkNFR1JPVVBERUxFVElPTkpPQi1QUzIxODQtV0VTVENFTlRSQUxVUyIsImpvYkxvY2F0aW9uIjoid2VzdGNlbnRyYWx1cyJ9?api-version=2016-09-01",
      "EncodedRequestUri": "L3N1YnNjcmlwdGlvbnMvODMxMzM3MWUtMDg3OS00MjhlLWIxZGEtNjM1MzU3NWE5MTkyL29wZXJhdGlvbnJlc3VsdHMvZXlKcWIySkpaQ0k2SWxKRlUwOVZVa05GUjFKUFZWQkVSVXhGVkVsUFRrcFBRaTFRVXpJeE9EUXRWMFZUVkVORlRsUlNRVXhWVXlJc0ltcHZZa3h2WTJGMGFXOXVJam9pZDJWemRHTmxiblJ5WVd4MWN5Sjk/YXBpLXZlcnNpb249MjAxNi0wOS0wMQ==",
      "RequestMethod": "GET",
      "RequestBody": "",
      "RequestHeaders": {
        "User-Agent": [
          "FxVersion/4.6.30411.01",
          "OSName/Windows",
          "OSVersion/Microsoft.Windows.10.0.17763.",
          "Microsoft.Azure.Management.Internal.Resources.ResourceManagementClient/1.3.45"
        ]
      },
      "ResponseHeaders": {
        "Cache-Control": [
          "no-cache"
        ],
        "Pragma": [
          "no-cache"
        ],
        "Location": [
          "https://management.azure.com/subscriptions/8313371e-0879-428e-b1da-6353575a9192/operationresults/eyJqb2JJZCI6IlJFU09VUkNFR1JPVVBERUxFVElPTkpPQi1QUzIxODQtV0VTVENFTlRSQUxVUyIsImpvYkxvY2F0aW9uIjoid2VzdGNlbnRyYWx1cyJ9?api-version=2016-09-01"
        ],
        "Retry-After": [
          "15"
        ],
        "x-ms-ratelimit-remaining-subscription-reads": [
          "11988"
        ],
        "x-ms-request-id": [
          "67c998e7-8910-4316-8aa8-ebde119334e2"
        ],
        "x-ms-correlation-request-id": [
          "67c998e7-8910-4316-8aa8-ebde119334e2"
        ],
        "x-ms-routing-request-id": [
          "UKSOUTH:20211207T112629Z:67c998e7-8910-4316-8aa8-ebde119334e2"
        ],
        "Strict-Transport-Security": [
          "max-age=31536000; includeSubDomains"
        ],
        "X-Content-Type-Options": [
          "nosniff"
        ],
        "Date": [
          "Tue, 07 Dec 2021 11:26:29 GMT"
        ],
        "Expires": [
          "-1"
        ],
        "Content-Length": [
          "0"
        ]
      },
      "ResponseBody": "",
      "StatusCode": 202
    },
    {
      "RequestUri": "/subscriptions/8313371e-0879-428e-b1da-6353575a9192/operationresults/eyJqb2JJZCI6IlJFU09VUkNFR1JPVVBERUxFVElPTkpPQi1QUzIxODQtV0VTVENFTlRSQUxVUyIsImpvYkxvY2F0aW9uIjoid2VzdGNlbnRyYWx1cyJ9?api-version=2016-09-01",
      "EncodedRequestUri": "L3N1YnNjcmlwdGlvbnMvODMxMzM3MWUtMDg3OS00MjhlLWIxZGEtNjM1MzU3NWE5MTkyL29wZXJhdGlvbnJlc3VsdHMvZXlKcWIySkpaQ0k2SWxKRlUwOVZVa05GUjFKUFZWQkVSVXhGVkVsUFRrcFBRaTFRVXpJeE9EUXRWMFZUVkVORlRsUlNRVXhWVXlJc0ltcHZZa3h2WTJGMGFXOXVJam9pZDJWemRHTmxiblJ5WVd4MWN5Sjk/YXBpLXZlcnNpb249MjAxNi0wOS0wMQ==",
      "RequestMethod": "GET",
      "RequestBody": "",
      "RequestHeaders": {
        "User-Agent": [
          "FxVersion/4.6.30411.01",
          "OSName/Windows",
          "OSVersion/Microsoft.Windows.10.0.17763.",
          "Microsoft.Azure.Management.Internal.Resources.ResourceManagementClient/1.3.45"
        ]
      },
      "ResponseHeaders": {
        "Cache-Control": [
          "no-cache"
        ],
        "Pragma": [
          "no-cache"
        ],
        "Location": [
          "https://management.azure.com/subscriptions/8313371e-0879-428e-b1da-6353575a9192/operationresults/eyJqb2JJZCI6IlJFU09VUkNFR1JPVVBERUxFVElPTkpPQi1QUzIxODQtV0VTVENFTlRSQUxVUyIsImpvYkxvY2F0aW9uIjoid2VzdGNlbnRyYWx1cyJ9?api-version=2016-09-01"
        ],
        "Retry-After": [
          "15"
        ],
        "x-ms-ratelimit-remaining-subscription-reads": [
          "11987"
        ],
        "x-ms-request-id": [
          "d076c10a-069a-4306-b462-86ca6d5ed5f2"
        ],
        "x-ms-correlation-request-id": [
          "d076c10a-069a-4306-b462-86ca6d5ed5f2"
        ],
        "x-ms-routing-request-id": [
          "UKSOUTH:20211207T112644Z:d076c10a-069a-4306-b462-86ca6d5ed5f2"
        ],
        "Strict-Transport-Security": [
          "max-age=31536000; includeSubDomains"
        ],
        "X-Content-Type-Options": [
          "nosniff"
        ],
        "Date": [
          "Tue, 07 Dec 2021 11:26:44 GMT"
        ],
        "Expires": [
          "-1"
        ],
        "Content-Length": [
          "0"
        ]
      },
      "ResponseBody": "",
      "StatusCode": 202
    },
    {
      "RequestUri": "/subscriptions/8313371e-0879-428e-b1da-6353575a9192/operationresults/eyJqb2JJZCI6IlJFU09VUkNFR1JPVVBERUxFVElPTkpPQi1QUzIxODQtV0VTVENFTlRSQUxVUyIsImpvYkxvY2F0aW9uIjoid2VzdGNlbnRyYWx1cyJ9?api-version=2016-09-01",
      "EncodedRequestUri": "L3N1YnNjcmlwdGlvbnMvODMxMzM3MWUtMDg3OS00MjhlLWIxZGEtNjM1MzU3NWE5MTkyL29wZXJhdGlvbnJlc3VsdHMvZXlKcWIySkpaQ0k2SWxKRlUwOVZVa05GUjFKUFZWQkVSVXhGVkVsUFRrcFBRaTFRVXpJeE9EUXRWMFZUVkVORlRsUlNRVXhWVXlJc0ltcHZZa3h2WTJGMGFXOXVJam9pZDJWemRHTmxiblJ5WVd4MWN5Sjk/YXBpLXZlcnNpb249MjAxNi0wOS0wMQ==",
      "RequestMethod": "GET",
      "RequestBody": "",
      "RequestHeaders": {
        "User-Agent": [
          "FxVersion/4.6.30411.01",
          "OSName/Windows",
          "OSVersion/Microsoft.Windows.10.0.17763.",
          "Microsoft.Azure.Management.Internal.Resources.ResourceManagementClient/1.3.45"
        ]
      },
      "ResponseHeaders": {
        "Cache-Control": [
          "no-cache"
        ],
        "Pragma": [
          "no-cache"
        ],
        "Location": [
          "https://management.azure.com/subscriptions/8313371e-0879-428e-b1da-6353575a9192/operationresults/eyJqb2JJZCI6IlJFU09VUkNFR1JPVVBERUxFVElPTkpPQi1QUzIxODQtV0VTVENFTlRSQUxVUyIsImpvYkxvY2F0aW9uIjoid2VzdGNlbnRyYWx1cyJ9?api-version=2016-09-01"
        ],
        "Retry-After": [
          "15"
        ],
        "x-ms-ratelimit-remaining-subscription-reads": [
          "11986"
        ],
        "x-ms-request-id": [
          "b70b2850-530a-42ff-9ce5-b7b4b5fb3fb2"
        ],
        "x-ms-correlation-request-id": [
          "b70b2850-530a-42ff-9ce5-b7b4b5fb3fb2"
        ],
        "x-ms-routing-request-id": [
          "UKSOUTH:20211207T112659Z:b70b2850-530a-42ff-9ce5-b7b4b5fb3fb2"
        ],
        "Strict-Transport-Security": [
          "max-age=31536000; includeSubDomains"
        ],
        "X-Content-Type-Options": [
          "nosniff"
        ],
        "Date": [
          "Tue, 07 Dec 2021 11:26:59 GMT"
        ],
        "Expires": [
          "-1"
        ],
        "Content-Length": [
          "0"
        ]
      },
      "ResponseBody": "",
      "StatusCode": 202
    },
    {
      "RequestUri": "/subscriptions/8313371e-0879-428e-b1da-6353575a9192/operationresults/eyJqb2JJZCI6IlJFU09VUkNFR1JPVVBERUxFVElPTkpPQi1QUzIxODQtV0VTVENFTlRSQUxVUyIsImpvYkxvY2F0aW9uIjoid2VzdGNlbnRyYWx1cyJ9?api-version=2016-09-01",
      "EncodedRequestUri": "L3N1YnNjcmlwdGlvbnMvODMxMzM3MWUtMDg3OS00MjhlLWIxZGEtNjM1MzU3NWE5MTkyL29wZXJhdGlvbnJlc3VsdHMvZXlKcWIySkpaQ0k2SWxKRlUwOVZVa05GUjFKUFZWQkVSVXhGVkVsUFRrcFBRaTFRVXpJeE9EUXRWMFZUVkVORlRsUlNRVXhWVXlJc0ltcHZZa3h2WTJGMGFXOXVJam9pZDJWemRHTmxiblJ5WVd4MWN5Sjk/YXBpLXZlcnNpb249MjAxNi0wOS0wMQ==",
      "RequestMethod": "GET",
      "RequestBody": "",
      "RequestHeaders": {
        "User-Agent": [
          "FxVersion/4.6.30411.01",
          "OSName/Windows",
          "OSVersion/Microsoft.Windows.10.0.17763.",
          "Microsoft.Azure.Management.Internal.Resources.ResourceManagementClient/1.3.45"
        ]
      },
      "ResponseHeaders": {
        "Cache-Control": [
          "no-cache"
        ],
        "Pragma": [
          "no-cache"
        ],
        "Location": [
          "https://management.azure.com/subscriptions/8313371e-0879-428e-b1da-6353575a9192/operationresults/eyJqb2JJZCI6IlJFU09VUkNFR1JPVVBERUxFVElPTkpPQi1QUzIxODQtV0VTVENFTlRSQUxVUyIsImpvYkxvY2F0aW9uIjoid2VzdGNlbnRyYWx1cyJ9?api-version=2016-09-01"
        ],
        "Retry-After": [
          "15"
        ],
        "x-ms-ratelimit-remaining-subscription-reads": [
          "11985"
        ],
        "x-ms-request-id": [
          "64484b42-313b-47e3-a696-cfb27699ef45"
        ],
        "x-ms-correlation-request-id": [
          "64484b42-313b-47e3-a696-cfb27699ef45"
        ],
        "x-ms-routing-request-id": [
          "UKSOUTH:20211207T112715Z:64484b42-313b-47e3-a696-cfb27699ef45"
        ],
        "Strict-Transport-Security": [
          "max-age=31536000; includeSubDomains"
        ],
        "X-Content-Type-Options": [
          "nosniff"
        ],
        "Date": [
          "Tue, 07 Dec 2021 11:27:14 GMT"
        ],
        "Expires": [
          "-1"
        ],
        "Content-Length": [
          "0"
        ]
      },
      "ResponseBody": "",
      "StatusCode": 202
    },
    {
      "RequestUri": "/subscriptions/8313371e-0879-428e-b1da-6353575a9192/operationresults/eyJqb2JJZCI6IlJFU09VUkNFR1JPVVBERUxFVElPTkpPQi1QUzIxODQtV0VTVENFTlRSQUxVUyIsImpvYkxvY2F0aW9uIjoid2VzdGNlbnRyYWx1cyJ9?api-version=2016-09-01",
      "EncodedRequestUri": "L3N1YnNjcmlwdGlvbnMvODMxMzM3MWUtMDg3OS00MjhlLWIxZGEtNjM1MzU3NWE5MTkyL29wZXJhdGlvbnJlc3VsdHMvZXlKcWIySkpaQ0k2SWxKRlUwOVZVa05GUjFKUFZWQkVSVXhGVkVsUFRrcFBRaTFRVXpJeE9EUXRWMFZUVkVORlRsUlNRVXhWVXlJc0ltcHZZa3h2WTJGMGFXOXVJam9pZDJWemRHTmxiblJ5WVd4MWN5Sjk/YXBpLXZlcnNpb249MjAxNi0wOS0wMQ==",
      "RequestMethod": "GET",
      "RequestBody": "",
      "RequestHeaders": {
        "User-Agent": [
          "FxVersion/4.6.30411.01",
          "OSName/Windows",
          "OSVersion/Microsoft.Windows.10.0.17763.",
          "Microsoft.Azure.Management.Internal.Resources.ResourceManagementClient/1.3.45"
        ]
      },
      "ResponseHeaders": {
        "Cache-Control": [
          "no-cache"
        ],
        "Pragma": [
          "no-cache"
        ],
        "Location": [
          "https://management.azure.com/subscriptions/8313371e-0879-428e-b1da-6353575a9192/operationresults/eyJqb2JJZCI6IlJFU09VUkNFR1JPVVBERUxFVElPTkpPQi1QUzIxODQtV0VTVENFTlRSQUxVUyIsImpvYkxvY2F0aW9uIjoid2VzdGNlbnRyYWx1cyJ9?api-version=2016-09-01"
        ],
        "Retry-After": [
          "15"
        ],
        "x-ms-ratelimit-remaining-subscription-reads": [
          "11984"
        ],
        "x-ms-request-id": [
          "1c62af64-bcfe-4240-a33a-81b7b1c5936b"
        ],
        "x-ms-correlation-request-id": [
          "1c62af64-bcfe-4240-a33a-81b7b1c5936b"
        ],
        "x-ms-routing-request-id": [
          "UKSOUTH:20211207T112730Z:1c62af64-bcfe-4240-a33a-81b7b1c5936b"
        ],
        "Strict-Transport-Security": [
          "max-age=31536000; includeSubDomains"
        ],
        "X-Content-Type-Options": [
          "nosniff"
        ],
        "Date": [
          "Tue, 07 Dec 2021 11:27:29 GMT"
        ],
        "Expires": [
          "-1"
        ],
        "Content-Length": [
          "0"
        ]
      },
      "ResponseBody": "",
      "StatusCode": 202
    },
    {
      "RequestUri": "/subscriptions/8313371e-0879-428e-b1da-6353575a9192/operationresults/eyJqb2JJZCI6IlJFU09VUkNFR1JPVVBERUxFVElPTkpPQi1QUzIxODQtV0VTVENFTlRSQUxVUyIsImpvYkxvY2F0aW9uIjoid2VzdGNlbnRyYWx1cyJ9?api-version=2016-09-01",
      "EncodedRequestUri": "L3N1YnNjcmlwdGlvbnMvODMxMzM3MWUtMDg3OS00MjhlLWIxZGEtNjM1MzU3NWE5MTkyL29wZXJhdGlvbnJlc3VsdHMvZXlKcWIySkpaQ0k2SWxKRlUwOVZVa05GUjFKUFZWQkVSVXhGVkVsUFRrcFBRaTFRVXpJeE9EUXRWMFZUVkVORlRsUlNRVXhWVXlJc0ltcHZZa3h2WTJGMGFXOXVJam9pZDJWemRHTmxiblJ5WVd4MWN5Sjk/YXBpLXZlcnNpb249MjAxNi0wOS0wMQ==",
      "RequestMethod": "GET",
      "RequestBody": "",
      "RequestHeaders": {
        "User-Agent": [
          "FxVersion/4.6.30411.01",
          "OSName/Windows",
          "OSVersion/Microsoft.Windows.10.0.17763.",
          "Microsoft.Azure.Management.Internal.Resources.ResourceManagementClient/1.3.45"
        ]
      },
      "ResponseHeaders": {
        "Cache-Control": [
          "no-cache"
        ],
        "Pragma": [
          "no-cache"
        ],
        "Location": [
          "https://management.azure.com/subscriptions/8313371e-0879-428e-b1da-6353575a9192/operationresults/eyJqb2JJZCI6IlJFU09VUkNFR1JPVVBERUxFVElPTkpPQi1QUzIxODQtV0VTVENFTlRSQUxVUyIsImpvYkxvY2F0aW9uIjoid2VzdGNlbnRyYWx1cyJ9?api-version=2016-09-01"
        ],
        "Retry-After": [
          "15"
        ],
        "x-ms-ratelimit-remaining-subscription-reads": [
          "11983"
        ],
        "x-ms-request-id": [
          "21b67779-6855-4c63-8a1e-7e531254509e"
        ],
        "x-ms-correlation-request-id": [
          "21b67779-6855-4c63-8a1e-7e531254509e"
        ],
        "x-ms-routing-request-id": [
          "UKSOUTH:20211207T112745Z:21b67779-6855-4c63-8a1e-7e531254509e"
        ],
        "Strict-Transport-Security": [
          "max-age=31536000; includeSubDomains"
        ],
        "X-Content-Type-Options": [
          "nosniff"
        ],
        "Date": [
          "Tue, 07 Dec 2021 11:27:44 GMT"
        ],
        "Expires": [
          "-1"
        ],
        "Content-Length": [
          "0"
        ]
      },
      "ResponseBody": "",
      "StatusCode": 202
    },
    {
      "RequestUri": "/subscriptions/8313371e-0879-428e-b1da-6353575a9192/operationresults/eyJqb2JJZCI6IlJFU09VUkNFR1JPVVBERUxFVElPTkpPQi1QUzIxODQtV0VTVENFTlRSQUxVUyIsImpvYkxvY2F0aW9uIjoid2VzdGNlbnRyYWx1cyJ9?api-version=2016-09-01",
      "EncodedRequestUri": "L3N1YnNjcmlwdGlvbnMvODMxMzM3MWUtMDg3OS00MjhlLWIxZGEtNjM1MzU3NWE5MTkyL29wZXJhdGlvbnJlc3VsdHMvZXlKcWIySkpaQ0k2SWxKRlUwOVZVa05GUjFKUFZWQkVSVXhGVkVsUFRrcFBRaTFRVXpJeE9EUXRWMFZUVkVORlRsUlNRVXhWVXlJc0ltcHZZa3h2WTJGMGFXOXVJam9pZDJWemRHTmxiblJ5WVd4MWN5Sjk/YXBpLXZlcnNpb249MjAxNi0wOS0wMQ==",
      "RequestMethod": "GET",
      "RequestBody": "",
      "RequestHeaders": {
        "User-Agent": [
          "FxVersion/4.6.30411.01",
          "OSName/Windows",
          "OSVersion/Microsoft.Windows.10.0.17763.",
          "Microsoft.Azure.Management.Internal.Resources.ResourceManagementClient/1.3.45"
        ]
      },
      "ResponseHeaders": {
        "Cache-Control": [
          "no-cache"
        ],
        "Pragma": [
          "no-cache"
        ],
        "Location": [
          "https://management.azure.com/subscriptions/8313371e-0879-428e-b1da-6353575a9192/operationresults/eyJqb2JJZCI6IlJFU09VUkNFR1JPVVBERUxFVElPTkpPQi1QUzIxODQtV0VTVENFTlRSQUxVUyIsImpvYkxvY2F0aW9uIjoid2VzdGNlbnRyYWx1cyJ9?api-version=2016-09-01"
        ],
        "Retry-After": [
          "15"
        ],
        "x-ms-ratelimit-remaining-subscription-reads": [
          "11982"
        ],
        "x-ms-request-id": [
          "6cc3fff7-bfc9-4a1c-8e3f-52d43092d9b6"
        ],
        "x-ms-correlation-request-id": [
          "6cc3fff7-bfc9-4a1c-8e3f-52d43092d9b6"
        ],
        "x-ms-routing-request-id": [
          "UKSOUTH:20211207T112801Z:6cc3fff7-bfc9-4a1c-8e3f-52d43092d9b6"
        ],
        "Strict-Transport-Security": [
          "max-age=31536000; includeSubDomains"
        ],
        "X-Content-Type-Options": [
          "nosniff"
        ],
        "Date": [
          "Tue, 07 Dec 2021 11:28:01 GMT"
        ],
        "Expires": [
          "-1"
        ],
        "Content-Length": [
          "0"
        ]
      },
      "ResponseBody": "",
      "StatusCode": 202
    },
    {
      "RequestUri": "/subscriptions/8313371e-0879-428e-b1da-6353575a9192/operationresults/eyJqb2JJZCI6IlJFU09VUkNFR1JPVVBERUxFVElPTkpPQi1QUzIxODQtV0VTVENFTlRSQUxVUyIsImpvYkxvY2F0aW9uIjoid2VzdGNlbnRyYWx1cyJ9?api-version=2016-09-01",
      "EncodedRequestUri": "L3N1YnNjcmlwdGlvbnMvODMxMzM3MWUtMDg3OS00MjhlLWIxZGEtNjM1MzU3NWE5MTkyL29wZXJhdGlvbnJlc3VsdHMvZXlKcWIySkpaQ0k2SWxKRlUwOVZVa05GUjFKUFZWQkVSVXhGVkVsUFRrcFBRaTFRVXpJeE9EUXRWMFZUVkVORlRsUlNRVXhWVXlJc0ltcHZZa3h2WTJGMGFXOXVJam9pZDJWemRHTmxiblJ5WVd4MWN5Sjk/YXBpLXZlcnNpb249MjAxNi0wOS0wMQ==",
      "RequestMethod": "GET",
      "RequestBody": "",
      "RequestHeaders": {
        "User-Agent": [
          "FxVersion/4.6.30411.01",
          "OSName/Windows",
          "OSVersion/Microsoft.Windows.10.0.17763.",
          "Microsoft.Azure.Management.Internal.Resources.ResourceManagementClient/1.3.45"
        ]
      },
      "ResponseHeaders": {
        "Cache-Control": [
          "no-cache"
        ],
        "Pragma": [
          "no-cache"
        ],
        "x-ms-ratelimit-remaining-subscription-reads": [
          "11981"
        ],
        "x-ms-request-id": [
          "dfb03aa1-dbcf-45e4-a4d4-80475c6028c9"
        ],
        "x-ms-correlation-request-id": [
          "dfb03aa1-dbcf-45e4-a4d4-80475c6028c9"
        ],
        "x-ms-routing-request-id": [
          "UKSOUTH:20211207T112816Z:dfb03aa1-dbcf-45e4-a4d4-80475c6028c9"
        ],
        "Strict-Transport-Security": [
          "max-age=31536000; includeSubDomains"
        ],
        "X-Content-Type-Options": [
          "nosniff"
        ],
        "Date": [
          "Tue, 07 Dec 2021 11:28:16 GMT"
        ],
        "Expires": [
          "-1"
        ],
        "Content-Length": [
          "0"
        ]
      },
      "ResponseBody": "",
      "StatusCode": 200
    },
    {
      "RequestUri": "/subscriptions/8313371e-0879-428e-b1da-6353575a9192/operationresults/eyJqb2JJZCI6IlJFU09VUkNFR1JPVVBERUxFVElPTkpPQi1QUzIxODQtV0VTVENFTlRSQUxVUyIsImpvYkxvY2F0aW9uIjoid2VzdGNlbnRyYWx1cyJ9?api-version=2016-09-01",
      "EncodedRequestUri": "L3N1YnNjcmlwdGlvbnMvODMxMzM3MWUtMDg3OS00MjhlLWIxZGEtNjM1MzU3NWE5MTkyL29wZXJhdGlvbnJlc3VsdHMvZXlKcWIySkpaQ0k2SWxKRlUwOVZVa05GUjFKUFZWQkVSVXhGVkVsUFRrcFBRaTFRVXpJeE9EUXRWMFZUVkVORlRsUlNRVXhWVXlJc0ltcHZZa3h2WTJGMGFXOXVJam9pZDJWemRHTmxiblJ5WVd4MWN5Sjk/YXBpLXZlcnNpb249MjAxNi0wOS0wMQ==",
      "RequestMethod": "GET",
      "RequestBody": "",
      "RequestHeaders": {
        "User-Agent": [
          "FxVersion/4.6.30411.01",
          "OSName/Windows",
          "OSVersion/Microsoft.Windows.10.0.17763.",
          "Microsoft.Azure.Management.Internal.Resources.ResourceManagementClient/1.3.45"
        ]
      },
      "ResponseHeaders": {
        "Cache-Control": [
          "no-cache"
        ],
        "Pragma": [
          "no-cache"
        ],
        "x-ms-ratelimit-remaining-subscription-reads": [
          "11980"
        ],
        "x-ms-request-id": [
          "64246c7a-ad44-4d92-a694-3a2e29936f6b"
        ],
        "x-ms-correlation-request-id": [
          "64246c7a-ad44-4d92-a694-3a2e29936f6b"
        ],
        "x-ms-routing-request-id": [
          "UKSOUTH:20211207T112816Z:64246c7a-ad44-4d92-a694-3a2e29936f6b"
        ],
        "Strict-Transport-Security": [
          "max-age=31536000; includeSubDomains"
        ],
        "X-Content-Type-Options": [
          "nosniff"
        ],
        "Date": [
          "Tue, 07 Dec 2021 11:28:16 GMT"
        ],
        "Expires": [
          "-1"
        ],
        "Content-Length": [
          "0"
        ]
      },
      "ResponseBody": "",
      "StatusCode": 200
    }
  ],
  "Names": {
    "Test-RefreshAndGetSyncGroupHubSchema": [
      "ps2184",
      "ps289",
      "ps254",
      "ps1436",
      "ps6399"
    ]
  },
  "Variables": {
    "SubscriptionId": "8313371e-0879-428e-b1da-6353575a9192"
  }
}