{
  "Entries": [
    {
      "RequestUri": "/subscriptions/91446693-dafa-4cc0-8b12-ec2c6c3f6250/resourcegroups/ps1107?api-version=2016-09-01",
      "EncodedRequestUri": "L3N1YnNjcmlwdGlvbnMvOTE0NDY2OTMtZGFmYS00Y2MwLThiMTItZWMyYzZjM2Y2MjUwL3Jlc291cmNlZ3JvdXBzL3BzMTEwNz9hcGktdmVyc2lvbj0yMDE2LTA5LTAx",
      "RequestMethod": "PUT",
      "RequestBody": "{\r\n  \"location\": \"westcentralus\"\r\n}",
      "RequestHeaders": {
        "x-ms-client-request-id": [
          "c72ae711-c36e-4425-b012-2aa03f308867"
        ],
        "Accept-Language": [
          "en-US"
        ],
        "User-Agent": [
          "FxVersion/4.6.29321.03",
          "OSName/Windows",
          "OSVersion/Microsoft.Windows.10.0.17763.",
          "Microsoft.Azure.Management.Internal.Resources.ResourceManagementClient/1.3.29"
        ],
        "Content-Type": [
          "application/json; charset=utf-8"
        ],
        "Content-Length": [
          "35"
        ]
      },
      "ResponseHeaders": {
        "Cache-Control": [
          "no-cache"
        ],
        "Pragma": [
          "no-cache"
        ],
        "x-ms-ratelimit-remaining-subscription-writes": [
          "1199"
        ],
        "x-ms-request-id": [
          "2da72efe-3965-42a4-9ab4-b4fdb5a3c7e2"
        ],
        "x-ms-correlation-request-id": [
          "2da72efe-3965-42a4-9ab4-b4fdb5a3c7e2"
        ],
        "x-ms-routing-request-id": [
          "WESTUS:20201117T185646Z:2da72efe-3965-42a4-9ab4-b4fdb5a3c7e2"
        ],
        "Strict-Transport-Security": [
          "max-age=31536000; includeSubDomains"
        ],
        "X-Content-Type-Options": [
          "nosniff"
        ],
        "Date": [
          "Tue, 17 Nov 2020 18:56:45 GMT"
        ],
        "Content-Length": [
          "172"
        ],
        "Content-Type": [
          "application/json; charset=utf-8"
        ],
        "Expires": [
          "-1"
        ]
      },
      "ResponseBody": "{\r\n  \"id\": \"/subscriptions/91446693-dafa-4cc0-8b12-ec2c6c3f6250/resourceGroups/ps1107\",\r\n  \"name\": \"ps1107\",\r\n  \"location\": \"westcentralus\",\r\n  \"properties\": {\r\n    \"provisioningState\": \"Succeeded\"\r\n  }\r\n}",
      "StatusCode": 201
    },
    {
      "RequestUri": "/subscriptions/91446693-dafa-4cc0-8b12-ec2c6c3f6250/resourceGroups/ps1107/providers/Microsoft.Sql/servers/ps5747?api-version=2019-06-01-preview",
      "EncodedRequestUri": "L3N1YnNjcmlwdGlvbnMvOTE0NDY2OTMtZGFmYS00Y2MwLThiMTItZWMyYzZjM2Y2MjUwL3Jlc291cmNlR3JvdXBzL3BzMTEwNy9wcm92aWRlcnMvTWljcm9zb2Z0LlNxbC9zZXJ2ZXJzL3BzNTc0Nz9hcGktdmVyc2lvbj0yMDE5LTA2LTAxLXByZXZpZXc=",
      "RequestMethod": "GET",
      "RequestBody": "",
      "RequestHeaders": {
        "x-ms-client-request-id": [
          "261dc870-6d69-45d0-95ca-7c12ea9a920c"
        ],
        "Accept-Language": [
          "en-US"
        ],
        "User-Agent": [
          "FxVersion/4.6.29321.03",
          "OSName/Windows",
          "OSVersion/Microsoft.Windows.10.0.17763.",
          "Microsoft.Azure.Management.Sql.SqlManagementClient/1.46.0.0"
        ]
      },
      "ResponseHeaders": {
        "Cache-Control": [
          "no-cache"
        ],
        "Pragma": [
          "no-cache"
        ],
        "x-ms-failure-cause": [
          "gateway"
        ],
        "x-ms-request-id": [
          "61663d28-c3c3-4cb1-96b6-aa620b83c876"
        ],
        "x-ms-correlation-request-id": [
          "61663d28-c3c3-4cb1-96b6-aa620b83c876"
        ],
        "x-ms-routing-request-id": [
          "WESTUS:20201117T185646Z:61663d28-c3c3-4cb1-96b6-aa620b83c876"
        ],
        "Strict-Transport-Security": [
          "max-age=31536000; includeSubDomains"
        ],
        "X-Content-Type-Options": [
          "nosniff"
        ],
        "Date": [
          "Tue, 17 Nov 2020 18:56:46 GMT"
        ],
        "Content-Type": [
          "application/json; charset=utf-8"
        ],
        "Expires": [
          "-1"
        ],
        "Content-Length": [
          "206"
        ]
      },
      "ResponseBody": "{\r\n  \"error\": {\r\n    \"code\": \"ResourceNotFound\",\r\n    \"message\": \"The Resource 'Microsoft.Sql/servers/ps5747' under resource group 'ps1107' was not found. For more details please go to https://aka.ms/ARMResourceNotFoundFix\"\r\n  }\r\n}",
      "StatusCode": 404
    },
    {
      "RequestUri": "/subscriptions/91446693-dafa-4cc0-8b12-ec2c6c3f6250/resourceGroups/ps1107/providers/Microsoft.Sql/servers/ps5747?api-version=2019-06-01-preview",
      "EncodedRequestUri": "L3N1YnNjcmlwdGlvbnMvOTE0NDY2OTMtZGFmYS00Y2MwLThiMTItZWMyYzZjM2Y2MjUwL3Jlc291cmNlR3JvdXBzL3BzMTEwNy9wcm92aWRlcnMvTWljcm9zb2Z0LlNxbC9zZXJ2ZXJzL3BzNTc0Nz9hcGktdmVyc2lvbj0yMDE5LTA2LTAxLXByZXZpZXc=",
      "RequestMethod": "GET",
      "RequestBody": "",
      "RequestHeaders": {
        "User-Agent": [
          "FxVersion/4.6.29321.03",
          "OSName/Windows",
          "OSVersion/Microsoft.Windows.10.0.17763.",
          "Microsoft.Azure.Management.Sql.SqlManagementClient/1.46.0.0"
        ]
      },
      "ResponseHeaders": {
        "Cache-Control": [
          "no-cache"
        ],
        "Pragma": [
          "no-cache"
        ],
        "x-ms-request-id": [
          "9510014f-7fa4-47c1-bb93-bc21fe4faecb"
        ],
        "Server": [
          "Microsoft-HTTPAPI/2.0"
        ],
        "x-ms-ratelimit-remaining-subscription-reads": [
          "11991"
        ],
        "x-ms-correlation-request-id": [
          "344fe238-0758-41d2-bc1a-4e9fa6a513a0"
        ],
        "x-ms-routing-request-id": [
          "WESTUS:20201117T185733Z:344fe238-0758-41d2-bc1a-4e9fa6a513a0"
        ],
        "Strict-Transport-Security": [
          "max-age=31536000; includeSubDomains"
        ],
        "X-Content-Type-Options": [
          "nosniff"
        ],
        "Date": [
          "Tue, 17 Nov 2020 18:57:33 GMT"
        ],
        "Content-Length": [
          "409"
        ],
        "Content-Type": [
          "application/json; charset=utf-8"
        ],
        "Expires": [
          "-1"
        ]
      },
      "ResponseBody": "{\r\n  \"kind\": \"v12.0\",\r\n  \"properties\": {\r\n    \"administratorLogin\": \"testusername\",\r\n    \"version\": \"12.0\",\r\n    \"state\": \"Ready\",\r\n    \"fullyQualifiedDomainName\": \"ps5747.database.windows.net\",\r\n    \"privateEndpointConnections\": [],\r\n    \"publicNetworkAccess\": \"Enabled\"\r\n  },\r\n  \"location\": \"westus2\",\r\n  \"id\": \"/subscriptions/91446693-dafa-4cc0-8b12-ec2c6c3f6250/resourceGroups/ps1107/providers/Microsoft.Sql/servers/ps5747\",\r\n  \"name\": \"ps5747\",\r\n  \"type\": \"Microsoft.Sql/servers\"\r\n}",
      "StatusCode": 200
    },
    {
      "RequestUri": "/subscriptions/91446693-dafa-4cc0-8b12-ec2c6c3f6250/resourceGroups/ps1107/providers/Microsoft.Sql/servers/ps5747?api-version=2019-06-01-preview",
      "EncodedRequestUri": "L3N1YnNjcmlwdGlvbnMvOTE0NDY2OTMtZGFmYS00Y2MwLThiMTItZWMyYzZjM2Y2MjUwL3Jlc291cmNlR3JvdXBzL3BzMTEwNy9wcm92aWRlcnMvTWljcm9zb2Z0LlNxbC9zZXJ2ZXJzL3BzNTc0Nz9hcGktdmVyc2lvbj0yMDE5LTA2LTAxLXByZXZpZXc=",
      "RequestMethod": "GET",
      "RequestBody": "",
      "RequestHeaders": {
        "x-ms-client-request-id": [
          "22f99bd1-ba60-4457-9c9c-5b355d5034fa"
        ],
        "Accept-Language": [
          "en-US"
        ],
        "User-Agent": [
          "FxVersion/4.6.29321.03",
          "OSName/Windows",
          "OSVersion/Microsoft.Windows.10.0.17763.",
          "Microsoft.Azure.Management.Sql.SqlManagementClient/1.46.0.0"
        ]
      },
      "ResponseHeaders": {
        "Cache-Control": [
          "no-cache"
        ],
        "Pragma": [
          "no-cache"
        ],
        "x-ms-request-id": [
          "fc1bba0a-25b2-49b1-894d-992bc5e5ba0d"
        ],
        "Server": [
          "Microsoft-HTTPAPI/2.0"
        ],
        "x-ms-ratelimit-remaining-subscription-reads": [
          "11990"
        ],
        "x-ms-correlation-request-id": [
          "38f0ae97-d885-4da6-8a09-5d2f3a4266b6"
        ],
        "x-ms-routing-request-id": [
          "WESTUS:20201117T185734Z:38f0ae97-d885-4da6-8a09-5d2f3a4266b6"
        ],
        "Strict-Transport-Security": [
          "max-age=31536000; includeSubDomains"
        ],
        "X-Content-Type-Options": [
          "nosniff"
        ],
        "Date": [
          "Tue, 17 Nov 2020 18:57:33 GMT"
        ],
        "Content-Length": [
          "409"
        ],
        "Content-Type": [
          "application/json; charset=utf-8"
        ],
        "Expires": [
          "-1"
        ]
      },
      "ResponseBody": "{\r\n  \"kind\": \"v12.0\",\r\n  \"properties\": {\r\n    \"administratorLogin\": \"testusername\",\r\n    \"version\": \"12.0\",\r\n    \"state\": \"Ready\",\r\n    \"fullyQualifiedDomainName\": \"ps5747.database.windows.net\",\r\n    \"privateEndpointConnections\": [],\r\n    \"publicNetworkAccess\": \"Enabled\"\r\n  },\r\n  \"location\": \"westus2\",\r\n  \"id\": \"/subscriptions/91446693-dafa-4cc0-8b12-ec2c6c3f6250/resourceGroups/ps1107/providers/Microsoft.Sql/servers/ps5747\",\r\n  \"name\": \"ps5747\",\r\n  \"type\": \"Microsoft.Sql/servers\"\r\n}",
      "StatusCode": 200
    },
    {
      "RequestUri": "/subscriptions/91446693-dafa-4cc0-8b12-ec2c6c3f6250/resourceGroups/ps1107/providers/Microsoft.Sql/servers/ps5747?api-version=2019-06-01-preview",
      "EncodedRequestUri": "L3N1YnNjcmlwdGlvbnMvOTE0NDY2OTMtZGFmYS00Y2MwLThiMTItZWMyYzZjM2Y2MjUwL3Jlc291cmNlR3JvdXBzL3BzMTEwNy9wcm92aWRlcnMvTWljcm9zb2Z0LlNxbC9zZXJ2ZXJzL3BzNTc0Nz9hcGktdmVyc2lvbj0yMDE5LTA2LTAxLXByZXZpZXc=",
      "RequestMethod": "GET",
      "RequestBody": "",
      "RequestHeaders": {
        "x-ms-client-request-id": [
          "a32c4f8c-d650-4052-9645-c6d7c973b0c8"
        ],
        "Accept-Language": [
          "en-US"
        ],
        "User-Agent": [
          "FxVersion/4.6.29321.03",
          "OSName/Windows",
          "OSVersion/Microsoft.Windows.10.0.17763.",
          "Microsoft.Azure.Management.Sql.SqlManagementClient/1.46.0.0"
        ]
      },
      "ResponseHeaders": {
        "Cache-Control": [
          "no-cache"
        ],
        "Pragma": [
          "no-cache"
        ],
        "x-ms-request-id": [
          "7065c5b3-eb3b-453a-b9d8-838c40dacac2"
        ],
        "Server": [
          "Microsoft-HTTPAPI/2.0"
        ],
        "x-ms-ratelimit-remaining-subscription-reads": [
          "11988"
        ],
        "x-ms-correlation-request-id": [
          "47082acb-3c0c-4380-bb50-39f454985433"
        ],
        "x-ms-routing-request-id": [
          "WESTUS:20201117T185734Z:47082acb-3c0c-4380-bb50-39f454985433"
        ],
        "Strict-Transport-Security": [
          "max-age=31536000; includeSubDomains"
        ],
        "X-Content-Type-Options": [
          "nosniff"
        ],
        "Date": [
          "Tue, 17 Nov 2020 18:57:33 GMT"
        ],
        "Content-Length": [
          "409"
        ],
        "Content-Type": [
          "application/json; charset=utf-8"
        ],
        "Expires": [
          "-1"
        ]
      },
      "ResponseBody": "{\r\n  \"kind\": \"v12.0\",\r\n  \"properties\": {\r\n    \"administratorLogin\": \"testusername\",\r\n    \"version\": \"12.0\",\r\n    \"state\": \"Ready\",\r\n    \"fullyQualifiedDomainName\": \"ps5747.database.windows.net\",\r\n    \"privateEndpointConnections\": [],\r\n    \"publicNetworkAccess\": \"Enabled\"\r\n  },\r\n  \"location\": \"westus2\",\r\n  \"id\": \"/subscriptions/91446693-dafa-4cc0-8b12-ec2c6c3f6250/resourceGroups/ps1107/providers/Microsoft.Sql/servers/ps5747\",\r\n  \"name\": \"ps5747\",\r\n  \"type\": \"Microsoft.Sql/servers\"\r\n}",
      "StatusCode": 200
    },
    {
      "RequestUri": "/subscriptions/91446693-dafa-4cc0-8b12-ec2c6c3f6250/resourceGroups/ps1107/providers/Microsoft.Sql/servers/ps5747?api-version=2019-06-01-preview",
      "EncodedRequestUri": "L3N1YnNjcmlwdGlvbnMvOTE0NDY2OTMtZGFmYS00Y2MwLThiMTItZWMyYzZjM2Y2MjUwL3Jlc291cmNlR3JvdXBzL3BzMTEwNy9wcm92aWRlcnMvTWljcm9zb2Z0LlNxbC9zZXJ2ZXJzL3BzNTc0Nz9hcGktdmVyc2lvbj0yMDE5LTA2LTAxLXByZXZpZXc=",
      "RequestMethod": "GET",
      "RequestBody": "",
      "RequestHeaders": {
        "x-ms-client-request-id": [
          "1b0b8ee8-86f9-4fa2-b9f6-426393e2bb2d"
        ],
        "Accept-Language": [
          "en-US"
        ],
        "User-Agent": [
          "FxVersion/4.6.29321.03",
          "OSName/Windows",
          "OSVersion/Microsoft.Windows.10.0.17763.",
          "Microsoft.Azure.Management.Sql.SqlManagementClient/1.46.0.0"
        ]
      },
      "ResponseHeaders": {
        "Cache-Control": [
          "no-cache"
        ],
        "Pragma": [
          "no-cache"
        ],
        "x-ms-request-id": [
          "ab6ac59d-3ace-44a0-a7e6-2bd154bbb081"
        ],
        "Server": [
          "Microsoft-HTTPAPI/2.0"
        ],
        "x-ms-ratelimit-remaining-subscription-reads": [
          "11983"
        ],
        "x-ms-correlation-request-id": [
          "3705e615-2df9-4e07-b70f-60830395c7f3"
        ],
        "x-ms-routing-request-id": [
          "WESTUS:20201117T185820Z:3705e615-2df9-4e07-b70f-60830395c7f3"
        ],
        "Strict-Transport-Security": [
          "max-age=31536000; includeSubDomains"
        ],
        "X-Content-Type-Options": [
          "nosniff"
        ],
        "Date": [
          "Tue, 17 Nov 2020 18:58:19 GMT"
        ],
        "Content-Length": [
          "409"
        ],
        "Content-Type": [
          "application/json; charset=utf-8"
        ],
        "Expires": [
          "-1"
        ]
      },
      "ResponseBody": "{\r\n  \"kind\": \"v12.0\",\r\n  \"properties\": {\r\n    \"administratorLogin\": \"testusername\",\r\n    \"version\": \"12.0\",\r\n    \"state\": \"Ready\",\r\n    \"fullyQualifiedDomainName\": \"ps5747.database.windows.net\",\r\n    \"privateEndpointConnections\": [],\r\n    \"publicNetworkAccess\": \"Enabled\"\r\n  },\r\n  \"location\": \"westus2\",\r\n  \"id\": \"/subscriptions/91446693-dafa-4cc0-8b12-ec2c6c3f6250/resourceGroups/ps1107/providers/Microsoft.Sql/servers/ps5747\",\r\n  \"name\": \"ps5747\",\r\n  \"type\": \"Microsoft.Sql/servers\"\r\n}",
      "StatusCode": 200
    },
    {
      "RequestUri": "/subscriptions/91446693-dafa-4cc0-8b12-ec2c6c3f6250/resourceGroups/ps1107/providers/Microsoft.Sql/servers/ps5747?api-version=2019-06-01-preview",
      "EncodedRequestUri": "L3N1YnNjcmlwdGlvbnMvOTE0NDY2OTMtZGFmYS00Y2MwLThiMTItZWMyYzZjM2Y2MjUwL3Jlc291cmNlR3JvdXBzL3BzMTEwNy9wcm92aWRlcnMvTWljcm9zb2Z0LlNxbC9zZXJ2ZXJzL3BzNTc0Nz9hcGktdmVyc2lvbj0yMDE5LTA2LTAxLXByZXZpZXc=",
      "RequestMethod": "GET",
      "RequestBody": "",
      "RequestHeaders": {
        "x-ms-client-request-id": [
          "21cd2e67-9f5e-4c6f-864d-96d9b581bc74"
        ],
        "Accept-Language": [
          "en-US"
        ],
        "User-Agent": [
          "FxVersion/4.6.29321.03",
          "OSName/Windows",
          "OSVersion/Microsoft.Windows.10.0.17763.",
          "Microsoft.Azure.Management.Sql.SqlManagementClient/1.46.0.0"
        ]
      },
      "ResponseHeaders": {
        "Cache-Control": [
          "no-cache"
        ],
        "Pragma": [
          "no-cache"
        ],
        "x-ms-request-id": [
          "34e9bd6a-15ba-4640-acdc-9c762411ca4a"
        ],
        "Server": [
          "Microsoft-HTTPAPI/2.0"
        ],
        "x-ms-ratelimit-remaining-subscription-reads": [
          "11981"
        ],
        "x-ms-correlation-request-id": [
          "18080a8b-36d4-4158-928c-bde7eb92810f"
        ],
        "x-ms-routing-request-id": [
          "WESTUS:20201117T185820Z:18080a8b-36d4-4158-928c-bde7eb92810f"
        ],
        "Strict-Transport-Security": [
          "max-age=31536000; includeSubDomains"
        ],
        "X-Content-Type-Options": [
          "nosniff"
        ],
        "Date": [
          "Tue, 17 Nov 2020 18:58:20 GMT"
        ],
        "Content-Length": [
          "409"
        ],
        "Content-Type": [
          "application/json; charset=utf-8"
        ],
        "Expires": [
          "-1"
        ]
      },
      "ResponseBody": "{\r\n  \"kind\": \"v12.0\",\r\n  \"properties\": {\r\n    \"administratorLogin\": \"testusername\",\r\n    \"version\": \"12.0\",\r\n    \"state\": \"Ready\",\r\n    \"fullyQualifiedDomainName\": \"ps5747.database.windows.net\",\r\n    \"privateEndpointConnections\": [],\r\n    \"publicNetworkAccess\": \"Enabled\"\r\n  },\r\n  \"location\": \"westus2\",\r\n  \"id\": \"/subscriptions/91446693-dafa-4cc0-8b12-ec2c6c3f6250/resourceGroups/ps1107/providers/Microsoft.Sql/servers/ps5747\",\r\n  \"name\": \"ps5747\",\r\n  \"type\": \"Microsoft.Sql/servers\"\r\n}",
      "StatusCode": 200
    },
    {
      "RequestUri": "/subscriptions/91446693-dafa-4cc0-8b12-ec2c6c3f6250/resourceGroups/ps1107/providers/Microsoft.Sql/servers/ps5747?api-version=2019-06-01-preview",
      "EncodedRequestUri": "L3N1YnNjcmlwdGlvbnMvOTE0NDY2OTMtZGFmYS00Y2MwLThiMTItZWMyYzZjM2Y2MjUwL3Jlc291cmNlR3JvdXBzL3BzMTEwNy9wcm92aWRlcnMvTWljcm9zb2Z0LlNxbC9zZXJ2ZXJzL3BzNTc0Nz9hcGktdmVyc2lvbj0yMDE5LTA2LTAxLXByZXZpZXc=",
      "RequestMethod": "PUT",
      "RequestBody": "{\r\n  \"properties\": {\r\n    \"administratorLogin\": \"testusername\",\r\n    \"administratorLoginPassword\": \"t357ingP@s5w0rd!\"\r\n  },\r\n  \"location\": \"West US 2\"\r\n}",
      "RequestHeaders": {
        "x-ms-client-request-id": [
          "0cf4e140-f774-4870-9f87-7dedaa934045"
        ],
        "Accept-Language": [
          "en-US"
        ],
        "User-Agent": [
          "FxVersion/4.6.29321.03",
          "OSName/Windows",
          "OSVersion/Microsoft.Windows.10.0.17763.",
          "Microsoft.Azure.Management.Sql.SqlManagementClient/1.46.0.0"
        ],
        "Content-Type": [
          "application/json; charset=utf-8"
        ],
        "Content-Length": [
          "153"
        ]
      },
      "ResponseHeaders": {
        "Cache-Control": [
          "no-cache"
        ],
        "Pragma": [
          "no-cache"
        ],
        "Location": [
          "https://management.azure.com/subscriptions/91446693-dafa-4cc0-8b12-ec2c6c3f6250/resourceGroups/ps1107/providers/Microsoft.Sql/locations/westus2/serverOperationResults/e2d107c2-ec40-4316-a555-b81fe3aba6d0?api-version=2019-06-01-preview"
        ],
        "Retry-After": [
          "1"
        ],
        "Azure-AsyncOperation": [
          "https://management.azure.com/subscriptions/91446693-dafa-4cc0-8b12-ec2c6c3f6250/resourceGroups/ps1107/providers/Microsoft.Sql/locations/westus2/serverAzureAsyncOperation/e2d107c2-ec40-4316-a555-b81fe3aba6d0?api-version=2019-06-01-preview"
        ],
        "x-ms-request-id": [
          "e2d107c2-ec40-4316-a555-b81fe3aba6d0"
        ],
        "Server": [
          "Microsoft-HTTPAPI/2.0"
        ],
        "x-ms-ratelimit-remaining-subscription-writes": [
          "1199"
        ],
        "x-ms-correlation-request-id": [
          "8066cfb8-11ef-4742-bd70-77e9ef623caa"
        ],
        "x-ms-routing-request-id": [
          "WESTUS:20201117T185648Z:8066cfb8-11ef-4742-bd70-77e9ef623caa"
        ],
        "Strict-Transport-Security": [
          "max-age=31536000; includeSubDomains"
        ],
        "X-Content-Type-Options": [
          "nosniff"
        ],
        "Date": [
          "Tue, 17 Nov 2020 18:56:47 GMT"
        ],
        "Content-Length": [
          "74"
        ],
        "Content-Type": [
          "application/json; charset=utf-8"
        ],
        "Expires": [
          "-1"
        ]
      },
      "ResponseBody": "{\r\n  \"operation\": \"UpsertLogicalServer\",\r\n  \"startTime\": \"2020-11-17T18:56:48.087Z\"\r\n}",
      "StatusCode": 202
    },
    {
      "RequestUri": "/subscriptions/91446693-dafa-4cc0-8b12-ec2c6c3f6250/resourceGroups/ps1107/providers/Microsoft.Sql/locations/westus2/serverAzureAsyncOperation/e2d107c2-ec40-4316-a555-b81fe3aba6d0?api-version=2019-06-01-preview",
      "EncodedRequestUri": "L3N1YnNjcmlwdGlvbnMvOTE0NDY2OTMtZGFmYS00Y2MwLThiMTItZWMyYzZjM2Y2MjUwL3Jlc291cmNlR3JvdXBzL3BzMTEwNy9wcm92aWRlcnMvTWljcm9zb2Z0LlNxbC9sb2NhdGlvbnMvd2VzdHVzMi9zZXJ2ZXJBenVyZUFzeW5jT3BlcmF0aW9uL2UyZDEwN2MyLWVjNDAtNDMxNi1hNTU1LWI4MWZlM2FiYTZkMD9hcGktdmVyc2lvbj0yMDE5LTA2LTAxLXByZXZpZXc=",
      "RequestMethod": "GET",
      "RequestBody": "",
      "RequestHeaders": {
        "User-Agent": [
          "FxVersion/4.6.29321.03",
          "OSName/Windows",
          "OSVersion/Microsoft.Windows.10.0.17763.",
          "Microsoft.Azure.Management.Sql.SqlManagementClient/1.46.0.0"
        ]
      },
      "ResponseHeaders": {
        "Cache-Control": [
          "no-cache"
        ],
        "Pragma": [
          "no-cache"
        ],
        "Retry-After": [
          "1"
        ],
        "x-ms-request-id": [
          "c835886c-b4cd-43ea-a021-83fc26cdf084"
        ],
        "Server": [
          "Microsoft-HTTPAPI/2.0"
        ],
        "x-ms-ratelimit-remaining-subscription-reads": [
          "11998"
        ],
        "x-ms-correlation-request-id": [
          "4433b7bb-7c6b-4fe1-80d5-80933d4b1925"
        ],
        "x-ms-routing-request-id": [
          "WESTUS:20201117T185649Z:4433b7bb-7c6b-4fe1-80d5-80933d4b1925"
        ],
        "Strict-Transport-Security": [
          "max-age=31536000; includeSubDomains"
        ],
        "X-Content-Type-Options": [
          "nosniff"
        ],
        "Date": [
          "Tue, 17 Nov 2020 18:56:49 GMT"
        ],
        "Content-Length": [
          "108"
        ],
        "Content-Type": [
          "application/json; charset=utf-8"
        ],
        "Expires": [
          "-1"
        ]
      },
      "ResponseBody": "{\r\n  \"name\": \"e2d107c2-ec40-4316-a555-b81fe3aba6d0\",\r\n  \"status\": \"InProgress\",\r\n  \"startTime\": \"2020-11-17T18:56:48.087Z\"\r\n}",
      "StatusCode": 200
    },
    {
      "RequestUri": "/subscriptions/91446693-dafa-4cc0-8b12-ec2c6c3f6250/resourceGroups/ps1107/providers/Microsoft.Sql/locations/westus2/serverAzureAsyncOperation/e2d107c2-ec40-4316-a555-b81fe3aba6d0?api-version=2019-06-01-preview",
      "EncodedRequestUri": "L3N1YnNjcmlwdGlvbnMvOTE0NDY2OTMtZGFmYS00Y2MwLThiMTItZWMyYzZjM2Y2MjUwL3Jlc291cmNlR3JvdXBzL3BzMTEwNy9wcm92aWRlcnMvTWljcm9zb2Z0LlNxbC9sb2NhdGlvbnMvd2VzdHVzMi9zZXJ2ZXJBenVyZUFzeW5jT3BlcmF0aW9uL2UyZDEwN2MyLWVjNDAtNDMxNi1hNTU1LWI4MWZlM2FiYTZkMD9hcGktdmVyc2lvbj0yMDE5LTA2LTAxLXByZXZpZXc=",
      "RequestMethod": "GET",
      "RequestBody": "",
      "RequestHeaders": {
        "User-Agent": [
          "FxVersion/4.6.29321.03",
          "OSName/Windows",
          "OSVersion/Microsoft.Windows.10.0.17763.",
          "Microsoft.Azure.Management.Sql.SqlManagementClient/1.46.0.0"
        ]
      },
      "ResponseHeaders": {
        "Cache-Control": [
          "no-cache"
        ],
        "Pragma": [
          "no-cache"
        ],
        "Retry-After": [
          "1"
        ],
        "x-ms-request-id": [
          "3d3cff1e-00ee-42e4-b45b-48df2b96d60f"
        ],
        "Server": [
          "Microsoft-HTTPAPI/2.0"
        ],
        "x-ms-ratelimit-remaining-subscription-reads": [
          "11997"
        ],
        "x-ms-correlation-request-id": [
          "b63f61ab-9590-47bf-9b1f-e3ad9c3fc99c"
        ],
        "x-ms-routing-request-id": [
          "WESTUS:20201117T185650Z:b63f61ab-9590-47bf-9b1f-e3ad9c3fc99c"
        ],
        "Strict-Transport-Security": [
          "max-age=31536000; includeSubDomains"
        ],
        "X-Content-Type-Options": [
          "nosniff"
        ],
        "Date": [
          "Tue, 17 Nov 2020 18:56:50 GMT"
        ],
        "Content-Length": [
          "108"
        ],
        "Content-Type": [
          "application/json; charset=utf-8"
        ],
        "Expires": [
          "-1"
        ]
      },
      "ResponseBody": "{\r\n  \"name\": \"e2d107c2-ec40-4316-a555-b81fe3aba6d0\",\r\n  \"status\": \"InProgress\",\r\n  \"startTime\": \"2020-11-17T18:56:48.087Z\"\r\n}",
      "StatusCode": 200
    },
    {
      "RequestUri": "/subscriptions/91446693-dafa-4cc0-8b12-ec2c6c3f6250/resourceGroups/ps1107/providers/Microsoft.Sql/locations/westus2/serverAzureAsyncOperation/e2d107c2-ec40-4316-a555-b81fe3aba6d0?api-version=2019-06-01-preview",
      "EncodedRequestUri": "L3N1YnNjcmlwdGlvbnMvOTE0NDY2OTMtZGFmYS00Y2MwLThiMTItZWMyYzZjM2Y2MjUwL3Jlc291cmNlR3JvdXBzL3BzMTEwNy9wcm92aWRlcnMvTWljcm9zb2Z0LlNxbC9sb2NhdGlvbnMvd2VzdHVzMi9zZXJ2ZXJBenVyZUFzeW5jT3BlcmF0aW9uL2UyZDEwN2MyLWVjNDAtNDMxNi1hNTU1LWI4MWZlM2FiYTZkMD9hcGktdmVyc2lvbj0yMDE5LTA2LTAxLXByZXZpZXc=",
      "RequestMethod": "GET",
      "RequestBody": "",
      "RequestHeaders": {
        "User-Agent": [
          "FxVersion/4.6.29321.03",
          "OSName/Windows",
          "OSVersion/Microsoft.Windows.10.0.17763.",
          "Microsoft.Azure.Management.Sql.SqlManagementClient/1.46.0.0"
        ]
      },
      "ResponseHeaders": {
        "Cache-Control": [
          "no-cache"
        ],
        "Pragma": [
          "no-cache"
        ],
        "Retry-After": [
          "1"
        ],
        "x-ms-request-id": [
          "556bc64e-3609-425f-bff7-5d7a7c4c4343"
        ],
        "Server": [
          "Microsoft-HTTPAPI/2.0"
        ],
        "x-ms-ratelimit-remaining-subscription-reads": [
          "11996"
        ],
        "x-ms-correlation-request-id": [
          "d85834dc-f968-44be-8467-a8fe87507f2d"
        ],
        "x-ms-routing-request-id": [
          "WESTUS:20201117T185651Z:d85834dc-f968-44be-8467-a8fe87507f2d"
        ],
        "Strict-Transport-Security": [
          "max-age=31536000; includeSubDomains"
        ],
        "X-Content-Type-Options": [
          "nosniff"
        ],
        "Date": [
          "Tue, 17 Nov 2020 18:56:51 GMT"
        ],
        "Content-Length": [
          "108"
        ],
        "Content-Type": [
          "application/json; charset=utf-8"
        ],
        "Expires": [
          "-1"
        ]
      },
      "ResponseBody": "{\r\n  \"name\": \"e2d107c2-ec40-4316-a555-b81fe3aba6d0\",\r\n  \"status\": \"InProgress\",\r\n  \"startTime\": \"2020-11-17T18:56:48.087Z\"\r\n}",
      "StatusCode": 200
    },
    {
      "RequestUri": "/subscriptions/91446693-dafa-4cc0-8b12-ec2c6c3f6250/resourceGroups/ps1107/providers/Microsoft.Sql/locations/westus2/serverAzureAsyncOperation/e2d107c2-ec40-4316-a555-b81fe3aba6d0?api-version=2019-06-01-preview",
      "EncodedRequestUri": "L3N1YnNjcmlwdGlvbnMvOTE0NDY2OTMtZGFmYS00Y2MwLThiMTItZWMyYzZjM2Y2MjUwL3Jlc291cmNlR3JvdXBzL3BzMTEwNy9wcm92aWRlcnMvTWljcm9zb2Z0LlNxbC9sb2NhdGlvbnMvd2VzdHVzMi9zZXJ2ZXJBenVyZUFzeW5jT3BlcmF0aW9uL2UyZDEwN2MyLWVjNDAtNDMxNi1hNTU1LWI4MWZlM2FiYTZkMD9hcGktdmVyc2lvbj0yMDE5LTA2LTAxLXByZXZpZXc=",
      "RequestMethod": "GET",
      "RequestBody": "",
      "RequestHeaders": {
        "User-Agent": [
          "FxVersion/4.6.29321.03",
          "OSName/Windows",
          "OSVersion/Microsoft.Windows.10.0.17763.",
          "Microsoft.Azure.Management.Sql.SqlManagementClient/1.46.0.0"
        ]
      },
      "ResponseHeaders": {
        "Cache-Control": [
          "no-cache"
        ],
        "Pragma": [
          "no-cache"
        ],
        "Retry-After": [
          "1"
        ],
        "x-ms-request-id": [
          "3838fa86-916a-4254-a745-dcb6a47b9a3d"
        ],
        "Server": [
          "Microsoft-HTTPAPI/2.0"
        ],
        "x-ms-ratelimit-remaining-subscription-reads": [
          "11995"
        ],
        "x-ms-correlation-request-id": [
          "6ab2634a-abb1-489e-8282-b18a26ac52a6"
        ],
        "x-ms-routing-request-id": [
          "WESTUS:20201117T185652Z:6ab2634a-abb1-489e-8282-b18a26ac52a6"
        ],
        "Strict-Transport-Security": [
          "max-age=31536000; includeSubDomains"
        ],
        "X-Content-Type-Options": [
          "nosniff"
        ],
        "Date": [
          "Tue, 17 Nov 2020 18:56:52 GMT"
        ],
        "Content-Length": [
          "108"
        ],
        "Content-Type": [
          "application/json; charset=utf-8"
        ],
        "Expires": [
          "-1"
        ]
      },
      "ResponseBody": "{\r\n  \"name\": \"e2d107c2-ec40-4316-a555-b81fe3aba6d0\",\r\n  \"status\": \"InProgress\",\r\n  \"startTime\": \"2020-11-17T18:56:48.087Z\"\r\n}",
      "StatusCode": 200
    },
    {
      "RequestUri": "/subscriptions/91446693-dafa-4cc0-8b12-ec2c6c3f6250/resourceGroups/ps1107/providers/Microsoft.Sql/locations/westus2/serverAzureAsyncOperation/e2d107c2-ec40-4316-a555-b81fe3aba6d0?api-version=2019-06-01-preview",
      "EncodedRequestUri": "L3N1YnNjcmlwdGlvbnMvOTE0NDY2OTMtZGFmYS00Y2MwLThiMTItZWMyYzZjM2Y2MjUwL3Jlc291cmNlR3JvdXBzL3BzMTEwNy9wcm92aWRlcnMvTWljcm9zb2Z0LlNxbC9sb2NhdGlvbnMvd2VzdHVzMi9zZXJ2ZXJBenVyZUFzeW5jT3BlcmF0aW9uL2UyZDEwN2MyLWVjNDAtNDMxNi1hNTU1LWI4MWZlM2FiYTZkMD9hcGktdmVyc2lvbj0yMDE5LTA2LTAxLXByZXZpZXc=",
      "RequestMethod": "GET",
      "RequestBody": "",
      "RequestHeaders": {
        "User-Agent": [
          "FxVersion/4.6.29321.03",
          "OSName/Windows",
          "OSVersion/Microsoft.Windows.10.0.17763.",
          "Microsoft.Azure.Management.Sql.SqlManagementClient/1.46.0.0"
        ]
      },
      "ResponseHeaders": {
        "Cache-Control": [
          "no-cache"
        ],
        "Pragma": [
          "no-cache"
        ],
        "Retry-After": [
          "20"
        ],
        "x-ms-request-id": [
          "e34e31c4-a12e-4857-a249-e9f6a255d8a3"
        ],
        "Server": [
          "Microsoft-HTTPAPI/2.0"
        ],
        "x-ms-ratelimit-remaining-subscription-reads": [
          "11994"
        ],
        "x-ms-correlation-request-id": [
          "13c94a75-ed3f-435f-883e-8c232897578d"
        ],
        "x-ms-routing-request-id": [
          "WESTUS:20201117T185653Z:13c94a75-ed3f-435f-883e-8c232897578d"
        ],
        "Strict-Transport-Security": [
          "max-age=31536000; includeSubDomains"
        ],
        "X-Content-Type-Options": [
          "nosniff"
        ],
        "Date": [
          "Tue, 17 Nov 2020 18:56:53 GMT"
        ],
        "Content-Length": [
          "108"
        ],
        "Content-Type": [
          "application/json; charset=utf-8"
        ],
        "Expires": [
          "-1"
        ]
      },
      "ResponseBody": "{\r\n  \"name\": \"e2d107c2-ec40-4316-a555-b81fe3aba6d0\",\r\n  \"status\": \"InProgress\",\r\n  \"startTime\": \"2020-11-17T18:56:48.087Z\"\r\n}",
      "StatusCode": 200
    },
    {
      "RequestUri": "/subscriptions/91446693-dafa-4cc0-8b12-ec2c6c3f6250/resourceGroups/ps1107/providers/Microsoft.Sql/locations/westus2/serverAzureAsyncOperation/e2d107c2-ec40-4316-a555-b81fe3aba6d0?api-version=2019-06-01-preview",
      "EncodedRequestUri": "L3N1YnNjcmlwdGlvbnMvOTE0NDY2OTMtZGFmYS00Y2MwLThiMTItZWMyYzZjM2Y2MjUwL3Jlc291cmNlR3JvdXBzL3BzMTEwNy9wcm92aWRlcnMvTWljcm9zb2Z0LlNxbC9sb2NhdGlvbnMvd2VzdHVzMi9zZXJ2ZXJBenVyZUFzeW5jT3BlcmF0aW9uL2UyZDEwN2MyLWVjNDAtNDMxNi1hNTU1LWI4MWZlM2FiYTZkMD9hcGktdmVyc2lvbj0yMDE5LTA2LTAxLXByZXZpZXc=",
      "RequestMethod": "GET",
      "RequestBody": "",
      "RequestHeaders": {
        "User-Agent": [
          "FxVersion/4.6.29321.03",
          "OSName/Windows",
          "OSVersion/Microsoft.Windows.10.0.17763.",
          "Microsoft.Azure.Management.Sql.SqlManagementClient/1.46.0.0"
        ]
      },
      "ResponseHeaders": {
        "Cache-Control": [
          "no-cache"
        ],
        "Pragma": [
          "no-cache"
        ],
        "Retry-After": [
          "20"
        ],
        "x-ms-request-id": [
          "6200fe05-946d-49c9-8355-6c2350ee196c"
        ],
        "Server": [
          "Microsoft-HTTPAPI/2.0"
        ],
        "x-ms-ratelimit-remaining-subscription-reads": [
          "11993"
        ],
        "x-ms-correlation-request-id": [
          "303221f1-9999-4c4c-ab73-fd18b7fd4342"
        ],
        "x-ms-routing-request-id": [
          "WESTUS:20201117T185713Z:303221f1-9999-4c4c-ab73-fd18b7fd4342"
        ],
        "Strict-Transport-Security": [
          "max-age=31536000; includeSubDomains"
        ],
        "X-Content-Type-Options": [
          "nosniff"
        ],
        "Date": [
          "Tue, 17 Nov 2020 18:57:13 GMT"
        ],
        "Content-Length": [
          "108"
        ],
        "Content-Type": [
          "application/json; charset=utf-8"
        ],
        "Expires": [
          "-1"
        ]
      },
      "ResponseBody": "{\r\n  \"name\": \"e2d107c2-ec40-4316-a555-b81fe3aba6d0\",\r\n  \"status\": \"InProgress\",\r\n  \"startTime\": \"2020-11-17T18:56:48.087Z\"\r\n}",
      "StatusCode": 200
    },
    {
      "RequestUri": "/subscriptions/91446693-dafa-4cc0-8b12-ec2c6c3f6250/resourceGroups/ps1107/providers/Microsoft.Sql/locations/westus2/serverAzureAsyncOperation/e2d107c2-ec40-4316-a555-b81fe3aba6d0?api-version=2019-06-01-preview",
      "EncodedRequestUri": "L3N1YnNjcmlwdGlvbnMvOTE0NDY2OTMtZGFmYS00Y2MwLThiMTItZWMyYzZjM2Y2MjUwL3Jlc291cmNlR3JvdXBzL3BzMTEwNy9wcm92aWRlcnMvTWljcm9zb2Z0LlNxbC9sb2NhdGlvbnMvd2VzdHVzMi9zZXJ2ZXJBenVyZUFzeW5jT3BlcmF0aW9uL2UyZDEwN2MyLWVjNDAtNDMxNi1hNTU1LWI4MWZlM2FiYTZkMD9hcGktdmVyc2lvbj0yMDE5LTA2LTAxLXByZXZpZXc=",
      "RequestMethod": "GET",
      "RequestBody": "",
      "RequestHeaders": {
        "User-Agent": [
          "FxVersion/4.6.29321.03",
          "OSName/Windows",
          "OSVersion/Microsoft.Windows.10.0.17763.",
          "Microsoft.Azure.Management.Sql.SqlManagementClient/1.46.0.0"
        ]
      },
      "ResponseHeaders": {
        "Cache-Control": [
          "no-cache"
        ],
        "Pragma": [
          "no-cache"
        ],
        "Retry-After": [
          "15"
        ],
        "x-ms-request-id": [
          "41bc27c7-8391-4db9-b3ba-5301e5c87a86"
        ],
        "Server": [
          "Microsoft-HTTPAPI/2.0"
        ],
        "x-ms-ratelimit-remaining-subscription-reads": [
          "11992"
        ],
        "x-ms-correlation-request-id": [
          "c16018d9-935a-45a6-bfd3-c6f77d876e97"
        ],
        "x-ms-routing-request-id": [
          "WESTUS:20201117T185733Z:c16018d9-935a-45a6-bfd3-c6f77d876e97"
        ],
        "Strict-Transport-Security": [
          "max-age=31536000; includeSubDomains"
        ],
        "X-Content-Type-Options": [
          "nosniff"
        ],
        "Date": [
          "Tue, 17 Nov 2020 18:57:33 GMT"
        ],
        "Content-Length": [
          "107"
        ],
        "Content-Type": [
          "application/json; charset=utf-8"
        ],
        "Expires": [
          "-1"
        ]
      },
      "ResponseBody": "{\r\n  \"name\": \"e2d107c2-ec40-4316-a555-b81fe3aba6d0\",\r\n  \"status\": \"Succeeded\",\r\n  \"startTime\": \"2020-11-17T18:56:48.087Z\"\r\n}",
      "StatusCode": 200
    },
    {
      "RequestUri": "/subscriptions/91446693-dafa-4cc0-8b12-ec2c6c3f6250/resourceGroups/ps1107/providers/Microsoft.Sql/servers/ps5747/databases/ps200?api-version=2020-08-01-preview",
      "EncodedRequestUri": "L3N1YnNjcmlwdGlvbnMvOTE0NDY2OTMtZGFmYS00Y2MwLThiMTItZWMyYzZjM2Y2MjUwL3Jlc291cmNlR3JvdXBzL3BzMTEwNy9wcm92aWRlcnMvTWljcm9zb2Z0LlNxbC9zZXJ2ZXJzL3BzNTc0Ny9kYXRhYmFzZXMvcHMyMDA/YXBpLXZlcnNpb249MjAyMC0wOC0wMS1wcmV2aWV3",
      "RequestMethod": "GET",
      "RequestBody": "",
      "RequestHeaders": {
        "x-ms-client-request-id": [
          "0e4dff85-2352-4687-8c9a-b5240aef92d5"
        ],
        "Accept-Language": [
          "en-US"
        ],
        "User-Agent": [
          "FxVersion/4.6.29321.03",
          "OSName/Windows",
          "OSVersion/Microsoft.Windows.10.0.17763.",
          "Microsoft.Azure.Management.Sql.SqlManagementClient/1.46.0.0"
        ]
      },
      "ResponseHeaders": {
        "Cache-Control": [
          "no-cache"
        ],
        "Pragma": [
          "no-cache"
        ],
        "x-ms-failure-cause": [
          "gateway"
        ],
        "x-ms-request-id": [
          "8c38c2da-d09b-44ae-b80e-d25156d96a57"
        ],
        "x-ms-correlation-request-id": [
          "8c38c2da-d09b-44ae-b80e-d25156d96a57"
        ],
        "x-ms-routing-request-id": [
          "WESTUS:20201117T185734Z:8c38c2da-d09b-44ae-b80e-d25156d96a57"
        ],
        "Strict-Transport-Security": [
          "max-age=31536000; includeSubDomains"
        ],
        "X-Content-Type-Options": [
          "nosniff"
        ],
        "Date": [
          "Tue, 17 Nov 2020 18:57:33 GMT"
        ],
        "Content-Type": [
          "application/json; charset=utf-8"
        ],
        "Expires": [
          "-1"
        ],
        "Content-Length": [
          "222"
        ]
      },
      "ResponseBody": "{\r\n  \"error\": {\r\n    \"code\": \"ResourceNotFound\",\r\n    \"message\": \"The Resource 'Microsoft.Sql/servers/ps5747/databases/ps200' under resource group 'ps1107' was not found. For more details please go to https://aka.ms/ARMResourceNotFoundFix\"\r\n  }\r\n}",
      "StatusCode": 404
    },
    {
      "RequestUri": "/subscriptions/91446693-dafa-4cc0-8b12-ec2c6c3f6250/resourceGroups/ps1107/providers/Microsoft.Sql/servers/ps5747/databases/ps200?api-version=2020-08-01-preview",
      "EncodedRequestUri": "L3N1YnNjcmlwdGlvbnMvOTE0NDY2OTMtZGFmYS00Y2MwLThiMTItZWMyYzZjM2Y2MjUwL3Jlc291cmNlR3JvdXBzL3BzMTEwNy9wcm92aWRlcnMvTWljcm9zb2Z0LlNxbC9zZXJ2ZXJzL3BzNTc0Ny9kYXRhYmFzZXMvcHMyMDA/YXBpLXZlcnNpb249MjAyMC0wOC0wMS1wcmV2aWV3",
      "RequestMethod": "GET",
      "RequestBody": "",
      "RequestHeaders": {
        "User-Agent": [
          "FxVersion/4.6.29321.03",
          "OSName/Windows",
          "OSVersion/Microsoft.Windows.10.0.17763.",
          "Microsoft.Azure.Management.Sql.SqlManagementClient/1.46.0.0"
        ]
      },
      "ResponseHeaders": {
        "Cache-Control": [
          "no-cache"
        ],
        "Pragma": [
          "no-cache"
        ],
        "x-ms-request-id": [
          "3f356d4a-0999-4bbb-a99c-5f5c7f4975fa"
        ],
        "Server": [
          "Microsoft-HTTPAPI/2.0"
        ],
        "x-ms-ratelimit-remaining-subscription-reads": [
          "11984"
        ],
        "x-ms-correlation-request-id": [
          "28e2006b-decb-4f5a-9de9-03daf8042b85"
        ],
        "x-ms-routing-request-id": [
          "WESTUS:20201117T185820Z:28e2006b-decb-4f5a-9de9-03daf8042b85"
        ],
        "Strict-Transport-Security": [
          "max-age=31536000; includeSubDomains"
        ],
        "X-Content-Type-Options": [
          "nosniff"
        ],
        "Date": [
          "Tue, 17 Nov 2020 18:58:19 GMT"
        ],
        "Content-Length": [
          "960"
        ],
        "Content-Type": [
          "application/json; charset=utf-8"
        ],
        "Expires": [
          "-1"
        ]
      },
      "ResponseBody": "{\r\n  \"sku\": {\r\n    \"name\": \"GP_Gen5\",\r\n    \"tier\": \"GeneralPurpose\",\r\n    \"family\": \"Gen5\",\r\n    \"capacity\": 2\r\n  },\r\n  \"kind\": \"v12.0,user,vcore\",\r\n  \"properties\": {\r\n    \"collation\": \"SQL_Latin1_General_CP1_CI_AS\",\r\n    \"maxSizeBytes\": 34359738368,\r\n    \"status\": \"Online\",\r\n    \"databaseId\": \"86db18c6-ae8e-4795-8d23-46e73b81b39a\",\r\n    \"creationDate\": \"2020-11-17T18:58:08.01Z\",\r\n    \"currentServiceObjectiveName\": \"GP_Gen5_2\",\r\n    \"requestedServiceObjectiveName\": \"GP_Gen5_2\",\r\n    \"defaultSecondaryLocation\": \"westcentralus\",\r\n    \"catalogCollation\": \"SQL_Latin1_General_CP1_CI_AS\",\r\n    \"zoneRedundant\": false,\r\n    \"licenseType\": \"LicenseIncluded\",\r\n    \"maxLogSizeBytes\": 10307921510,\r\n    \"earliestRestoreDate\": \"2020-11-17T19:28:08.01Z\",\r\n    \"readScale\": \"Disabled\",\r\n    \"currentSku\": {\r\n      \"name\": \"GP_Gen5\",\r\n      \"tier\": \"GeneralPurpose\",\r\n      \"family\": \"Gen5\",\r\n      \"capacity\": 2\r\n    },\r\n    \"storageAccountType\": \"GRS\"\r\n  },\r\n  \"location\": \"westus2\",\r\n  \"id\": \"/subscriptions/91446693-dafa-4cc0-8b12-ec2c6c3f6250/resourceGroups/ps1107/providers/Microsoft.Sql/servers/ps5747/databases/ps200\",\r\n  \"name\": \"ps200\",\r\n  \"type\": \"Microsoft.Sql/servers/databases\"\r\n}",
      "StatusCode": 200
    },
    {
      "RequestUri": "/subscriptions/91446693-dafa-4cc0-8b12-ec2c6c3f6250/resourceGroups/ps1107/providers/Microsoft.Sql/servers/ps5747/databases/ps200?api-version=2020-08-01-preview",
      "EncodedRequestUri": "L3N1YnNjcmlwdGlvbnMvOTE0NDY2OTMtZGFmYS00Y2MwLThiMTItZWMyYzZjM2Y2MjUwL3Jlc291cmNlR3JvdXBzL3BzMTEwNy9wcm92aWRlcnMvTWljcm9zb2Z0LlNxbC9zZXJ2ZXJzL3BzNTc0Ny9kYXRhYmFzZXMvcHMyMDA/YXBpLXZlcnNpb249MjAyMC0wOC0wMS1wcmV2aWV3",
      "RequestMethod": "PUT",
      "RequestBody": "{\r\n  \"properties\": {\r\n    \"maxSizeBytes\": 0,\r\n    \"readScale\": \"\"\r\n  },\r\n  \"location\": \"westus2\"\r\n}",
      "RequestHeaders": {
        "x-ms-client-request-id": [
          "f3f3f443-e1fc-4b0f-a666-13c010b9d6c9"
        ],
        "Accept-Language": [
          "en-US"
        ],
        "User-Agent": [
          "FxVersion/4.6.29321.03",
          "OSName/Windows",
          "OSVersion/Microsoft.Windows.10.0.17763.",
          "Microsoft.Azure.Management.Sql.SqlManagementClient/1.46.0.0"
        ],
        "Content-Type": [
          "application/json; charset=utf-8"
        ],
        "Content-Length": [
          "99"
        ]
      },
      "ResponseHeaders": {
        "Cache-Control": [
          "no-cache"
        ],
        "Pragma": [
          "no-cache"
        ],
        "Location": [
          "https://management.azure.com/subscriptions/91446693-dafa-4cc0-8b12-ec2c6c3f6250/resourceGroups/ps1107/providers/Microsoft.Sql/locations/westus2/databaseOperationResults/488ae722-e027-47aa-ba9d-fcd0d5b02f0f?api-version=2020-08-01-preview"
        ],
        "Retry-After": [
          "15"
        ],
        "Azure-AsyncOperation": [
          "https://management.azure.com/subscriptions/91446693-dafa-4cc0-8b12-ec2c6c3f6250/resourceGroups/ps1107/providers/Microsoft.Sql/locations/westus2/databaseAzureAsyncOperation/488ae722-e027-47aa-ba9d-fcd0d5b02f0f?api-version=2020-08-01-preview"
        ],
        "x-ms-request-id": [
          "488ae722-e027-47aa-ba9d-fcd0d5b02f0f"
        ],
        "Server": [
          "Microsoft-HTTPAPI/2.0"
        ],
        "x-ms-ratelimit-remaining-subscription-writes": [
          "1198"
        ],
        "x-ms-correlation-request-id": [
          "826ff46e-210f-4f3f-a449-40ae7dc97bef"
        ],
        "x-ms-routing-request-id": [
          "WESTUS:20201117T185735Z:826ff46e-210f-4f3f-a449-40ae7dc97bef"
        ],
        "Strict-Transport-Security": [
          "max-age=31536000; includeSubDomains"
        ],
        "X-Content-Type-Options": [
          "nosniff"
        ],
        "Date": [
          "Tue, 17 Nov 2020 18:57:34 GMT"
        ],
        "Content-Length": [
          "75"
        ],
        "Content-Type": [
          "application/json; charset=utf-8"
        ],
        "Expires": [
          "-1"
        ]
      },
      "ResponseBody": "{\r\n  \"operation\": \"CreateLogicalDatabase\",\r\n  \"startTime\": \"2020-11-17T18:57:34.82Z\"\r\n}",
      "StatusCode": 202
    },
    {
      "RequestUri": "/subscriptions/91446693-dafa-4cc0-8b12-ec2c6c3f6250/resourceGroups/ps1107/providers/Microsoft.Sql/locations/westus2/databaseAzureAsyncOperation/488ae722-e027-47aa-ba9d-fcd0d5b02f0f?api-version=2020-08-01-preview",
      "EncodedRequestUri": "L3N1YnNjcmlwdGlvbnMvOTE0NDY2OTMtZGFmYS00Y2MwLThiMTItZWMyYzZjM2Y2MjUwL3Jlc291cmNlR3JvdXBzL3BzMTEwNy9wcm92aWRlcnMvTWljcm9zb2Z0LlNxbC9sb2NhdGlvbnMvd2VzdHVzMi9kYXRhYmFzZUF6dXJlQXN5bmNPcGVyYXRpb24vNDg4YWU3MjItZTAyNy00N2FhLWJhOWQtZmNkMGQ1YjAyZjBmP2FwaS12ZXJzaW9uPTIwMjAtMDgtMDEtcHJldmlldw==",
      "RequestMethod": "GET",
      "RequestBody": "",
      "RequestHeaders": {
        "User-Agent": [
          "FxVersion/4.6.29321.03",
          "OSName/Windows",
          "OSVersion/Microsoft.Windows.10.0.17763.",
          "Microsoft.Azure.Management.Sql.SqlManagementClient/1.46.0.0"
        ]
      },
      "ResponseHeaders": {
        "Cache-Control": [
          "no-cache"
        ],
        "Pragma": [
          "no-cache"
        ],
        "Retry-After": [
          "15"
        ],
        "x-ms-request-id": [
          "b4a52f50-dcb8-4ee1-b4b8-d962c30a333b"
        ],
        "Server": [
          "Microsoft-HTTPAPI/2.0"
        ],
        "x-ms-ratelimit-remaining-subscription-reads": [
          "11987"
        ],
        "x-ms-correlation-request-id": [
          "3f47c888-df60-4a97-8149-5dabe8bb70d6"
        ],
        "x-ms-routing-request-id": [
          "WESTUS:20201117T185750Z:3f47c888-df60-4a97-8149-5dabe8bb70d6"
        ],
        "Strict-Transport-Security": [
          "max-age=31536000; includeSubDomains"
        ],
        "X-Content-Type-Options": [
          "nosniff"
        ],
        "Date": [
          "Tue, 17 Nov 2020 18:57:49 GMT"
        ],
        "Content-Length": [
          "107"
        ],
        "Content-Type": [
          "application/json; charset=utf-8"
        ],
        "Expires": [
          "-1"
        ]
      },
      "ResponseBody": "{\r\n  \"name\": \"488ae722-e027-47aa-ba9d-fcd0d5b02f0f\",\r\n  \"status\": \"InProgress\",\r\n  \"startTime\": \"2020-11-17T18:57:34.82Z\"\r\n}",
      "StatusCode": 200
    },
    {
      "RequestUri": "/subscriptions/91446693-dafa-4cc0-8b12-ec2c6c3f6250/resourceGroups/ps1107/providers/Microsoft.Sql/locations/westus2/databaseAzureAsyncOperation/488ae722-e027-47aa-ba9d-fcd0d5b02f0f?api-version=2020-08-01-preview",
      "EncodedRequestUri": "L3N1YnNjcmlwdGlvbnMvOTE0NDY2OTMtZGFmYS00Y2MwLThiMTItZWMyYzZjM2Y2MjUwL3Jlc291cmNlR3JvdXBzL3BzMTEwNy9wcm92aWRlcnMvTWljcm9zb2Z0LlNxbC9sb2NhdGlvbnMvd2VzdHVzMi9kYXRhYmFzZUF6dXJlQXN5bmNPcGVyYXRpb24vNDg4YWU3MjItZTAyNy00N2FhLWJhOWQtZmNkMGQ1YjAyZjBmP2FwaS12ZXJzaW9uPTIwMjAtMDgtMDEtcHJldmlldw==",
      "RequestMethod": "GET",
      "RequestBody": "",
      "RequestHeaders": {
        "User-Agent": [
          "FxVersion/4.6.29321.03",
          "OSName/Windows",
          "OSVersion/Microsoft.Windows.10.0.17763.",
          "Microsoft.Azure.Management.Sql.SqlManagementClient/1.46.0.0"
        ]
      },
      "ResponseHeaders": {
        "Cache-Control": [
          "no-cache"
        ],
        "Pragma": [
          "no-cache"
        ],
        "Retry-After": [
          "15"
        ],
        "x-ms-request-id": [
          "d96f5386-4f88-42b3-9fb8-2ecfb6e076e9"
        ],
        "Server": [
          "Microsoft-HTTPAPI/2.0"
        ],
        "x-ms-ratelimit-remaining-subscription-reads": [
          "11986"
        ],
        "x-ms-correlation-request-id": [
          "0de2e07a-9530-4d15-bc33-13c846f9af8a"
        ],
        "x-ms-routing-request-id": [
          "WESTUS:20201117T185805Z:0de2e07a-9530-4d15-bc33-13c846f9af8a"
        ],
        "Strict-Transport-Security": [
          "max-age=31536000; includeSubDomains"
        ],
        "X-Content-Type-Options": [
          "nosniff"
        ],
        "Date": [
          "Tue, 17 Nov 2020 18:58:04 GMT"
        ],
        "Content-Length": [
          "107"
        ],
        "Content-Type": [
          "application/json; charset=utf-8"
        ],
        "Expires": [
          "-1"
        ]
      },
      "ResponseBody": "{\r\n  \"name\": \"488ae722-e027-47aa-ba9d-fcd0d5b02f0f\",\r\n  \"status\": \"InProgress\",\r\n  \"startTime\": \"2020-11-17T18:57:34.82Z\"\r\n}",
      "StatusCode": 200
    },
    {
      "RequestUri": "/subscriptions/91446693-dafa-4cc0-8b12-ec2c6c3f6250/resourceGroups/ps1107/providers/Microsoft.Sql/locations/westus2/databaseAzureAsyncOperation/488ae722-e027-47aa-ba9d-fcd0d5b02f0f?api-version=2020-08-01-preview",
      "EncodedRequestUri": "L3N1YnNjcmlwdGlvbnMvOTE0NDY2OTMtZGFmYS00Y2MwLThiMTItZWMyYzZjM2Y2MjUwL3Jlc291cmNlR3JvdXBzL3BzMTEwNy9wcm92aWRlcnMvTWljcm9zb2Z0LlNxbC9sb2NhdGlvbnMvd2VzdHVzMi9kYXRhYmFzZUF6dXJlQXN5bmNPcGVyYXRpb24vNDg4YWU3MjItZTAyNy00N2FhLWJhOWQtZmNkMGQ1YjAyZjBmP2FwaS12ZXJzaW9uPTIwMjAtMDgtMDEtcHJldmlldw==",
      "RequestMethod": "GET",
      "RequestBody": "",
      "RequestHeaders": {
        "User-Agent": [
          "FxVersion/4.6.29321.03",
          "OSName/Windows",
          "OSVersion/Microsoft.Windows.10.0.17763.",
          "Microsoft.Azure.Management.Sql.SqlManagementClient/1.46.0.0"
        ]
      },
      "ResponseHeaders": {
        "Cache-Control": [
          "no-cache"
        ],
        "Pragma": [
          "no-cache"
        ],
        "Retry-After": [
          "15"
        ],
        "x-ms-request-id": [
          "05844b95-3fe6-4c8f-8588-ae756b41998b"
        ],
        "Server": [
          "Microsoft-HTTPAPI/2.0"
        ],
        "x-ms-ratelimit-remaining-subscription-reads": [
          "11985"
        ],
        "x-ms-correlation-request-id": [
          "4299e0e4-719a-4a9e-9d09-670f14a8894a"
        ],
        "x-ms-routing-request-id": [
          "WESTUS:20201117T185820Z:4299e0e4-719a-4a9e-9d09-670f14a8894a"
        ],
        "Strict-Transport-Security": [
          "max-age=31536000; includeSubDomains"
        ],
        "X-Content-Type-Options": [
          "nosniff"
        ],
        "Date": [
          "Tue, 17 Nov 2020 18:58:19 GMT"
        ],
        "Content-Length": [
          "106"
        ],
        "Content-Type": [
          "application/json; charset=utf-8"
        ],
        "Expires": [
          "-1"
        ]
      },
      "ResponseBody": "{\r\n  \"name\": \"488ae722-e027-47aa-ba9d-fcd0d5b02f0f\",\r\n  \"status\": \"Succeeded\",\r\n  \"startTime\": \"2020-11-17T18:57:34.82Z\"\r\n}",
      "StatusCode": 200
    },
    {
      "RequestUri": "/subscriptions/91446693-dafa-4cc0-8b12-ec2c6c3f6250/resourceGroups/ps1107/providers/Microsoft.Sql/servers/ps5747/databases/ps6985?api-version=2020-08-01-preview",
      "EncodedRequestUri": "L3N1YnNjcmlwdGlvbnMvOTE0NDY2OTMtZGFmYS00Y2MwLThiMTItZWMyYzZjM2Y2MjUwL3Jlc291cmNlR3JvdXBzL3BzMTEwNy9wcm92aWRlcnMvTWljcm9zb2Z0LlNxbC9zZXJ2ZXJzL3BzNTc0Ny9kYXRhYmFzZXMvcHM2OTg1P2FwaS12ZXJzaW9uPTIwMjAtMDgtMDEtcHJldmlldw==",
      "RequestMethod": "GET",
      "RequestBody": "",
      "RequestHeaders": {
        "x-ms-client-request-id": [
          "41490b3a-b45b-4eab-9c14-4655ad1299f1"
        ],
        "Accept-Language": [
          "en-US"
        ],
        "User-Agent": [
          "FxVersion/4.6.29321.03",
          "OSName/Windows",
          "OSVersion/Microsoft.Windows.10.0.17763.",
          "Microsoft.Azure.Management.Sql.SqlManagementClient/1.46.0.0"
        ]
      },
      "ResponseHeaders": {
        "Cache-Control": [
          "no-cache"
        ],
        "Pragma": [
          "no-cache"
        ],
        "x-ms-failure-cause": [
          "gateway"
        ],
        "x-ms-request-id": [
          "e6b8bb75-dfeb-46df-914c-7f3d2e5cf210"
        ],
        "x-ms-correlation-request-id": [
          "e6b8bb75-dfeb-46df-914c-7f3d2e5cf210"
        ],
        "x-ms-routing-request-id": [
          "WESTUS:20201117T185820Z:e6b8bb75-dfeb-46df-914c-7f3d2e5cf210"
        ],
        "Strict-Transport-Security": [
          "max-age=31536000; includeSubDomains"
        ],
        "X-Content-Type-Options": [
          "nosniff"
        ],
        "Date": [
          "Tue, 17 Nov 2020 18:58:19 GMT"
        ],
        "Content-Type": [
          "application/json; charset=utf-8"
        ],
        "Expires": [
          "-1"
        ],
        "Content-Length": [
          "223"
        ]
      },
      "ResponseBody": "{\r\n  \"error\": {\r\n    \"code\": \"ResourceNotFound\",\r\n    \"message\": \"The Resource 'Microsoft.Sql/servers/ps5747/databases/ps6985' under resource group 'ps1107' was not found. For more details please go to https://aka.ms/ARMResourceNotFoundFix\"\r\n  }\r\n}",
      "StatusCode": 404
    },
    {
      "RequestUri": "/subscriptions/91446693-dafa-4cc0-8b12-ec2c6c3f6250/resourceGroups/ps1107/providers/Microsoft.Sql/servers/ps5747/databases/ps6985?api-version=2020-08-01-preview",
      "EncodedRequestUri": "L3N1YnNjcmlwdGlvbnMvOTE0NDY2OTMtZGFmYS00Y2MwLThiMTItZWMyYzZjM2Y2MjUwL3Jlc291cmNlR3JvdXBzL3BzMTEwNy9wcm92aWRlcnMvTWljcm9zb2Z0LlNxbC9zZXJ2ZXJzL3BzNTc0Ny9kYXRhYmFzZXMvcHM2OTg1P2FwaS12ZXJzaW9uPTIwMjAtMDgtMDEtcHJldmlldw==",
      "RequestMethod": "GET",
      "RequestBody": "",
      "RequestHeaders": {
        "User-Agent": [
          "FxVersion/4.6.29321.03",
          "OSName/Windows",
          "OSVersion/Microsoft.Windows.10.0.17763.",
          "Microsoft.Azure.Management.Sql.SqlManagementClient/1.46.0.0"
        ]
      },
      "ResponseHeaders": {
        "Cache-Control": [
          "no-cache"
        ],
        "Pragma": [
          "no-cache"
        ],
        "x-ms-request-id": [
          "10b31d6b-dc73-4f40-b4bd-d5c1cd68204e"
        ],
        "Server": [
          "Microsoft-HTTPAPI/2.0"
        ],
        "x-ms-ratelimit-remaining-subscription-reads": [
          "11977"
        ],
        "x-ms-correlation-request-id": [
          "5c3b0f4e-dfbc-467e-9131-2d114d053508"
        ],
        "x-ms-routing-request-id": [
          "WESTUS:20201117T185906Z:5c3b0f4e-dfbc-467e-9131-2d114d053508"
        ],
        "Strict-Transport-Security": [
          "max-age=31536000; includeSubDomains"
        ],
        "X-Content-Type-Options": [
          "nosniff"
        ],
        "Date": [
          "Tue, 17 Nov 2020 18:59:05 GMT"
        ],
        "Content-Length": [
          "962"
        ],
        "Content-Type": [
          "application/json; charset=utf-8"
        ],
        "Expires": [
          "-1"
        ]
      },
      "ResponseBody": "{\r\n  \"sku\": {\r\n    \"name\": \"GP_Gen5\",\r\n    \"tier\": \"GeneralPurpose\",\r\n    \"family\": \"Gen5\",\r\n    \"capacity\": 2\r\n  },\r\n  \"kind\": \"v12.0,user,vcore\",\r\n  \"properties\": {\r\n    \"collation\": \"SQL_Latin1_General_CP1_CI_AS\",\r\n    \"maxSizeBytes\": 34359738368,\r\n    \"status\": \"Online\",\r\n    \"databaseId\": \"4c2d791a-58c2-461e-86e3-eb080c26a86d\",\r\n    \"creationDate\": \"2020-11-17T18:58:52.82Z\",\r\n    \"currentServiceObjectiveName\": \"GP_Gen5_2\",\r\n    \"requestedServiceObjectiveName\": \"GP_Gen5_2\",\r\n    \"defaultSecondaryLocation\": \"westcentralus\",\r\n    \"catalogCollation\": \"SQL_Latin1_General_CP1_CI_AS\",\r\n    \"zoneRedundant\": false,\r\n    \"licenseType\": \"LicenseIncluded\",\r\n    \"maxLogSizeBytes\": 10307921510,\r\n    \"earliestRestoreDate\": \"2020-11-17T19:28:52.82Z\",\r\n    \"readScale\": \"Disabled\",\r\n    \"currentSku\": {\r\n      \"name\": \"GP_Gen5\",\r\n      \"tier\": \"GeneralPurpose\",\r\n      \"family\": \"Gen5\",\r\n      \"capacity\": 2\r\n    },\r\n    \"storageAccountType\": \"GRS\"\r\n  },\r\n  \"location\": \"westus2\",\r\n  \"id\": \"/subscriptions/91446693-dafa-4cc0-8b12-ec2c6c3f6250/resourceGroups/ps1107/providers/Microsoft.Sql/servers/ps5747/databases/ps6985\",\r\n  \"name\": \"ps6985\",\r\n  \"type\": \"Microsoft.Sql/servers/databases\"\r\n}",
      "StatusCode": 200
    },
    {
      "RequestUri": "/subscriptions/91446693-dafa-4cc0-8b12-ec2c6c3f6250/resourceGroups/ps1107/providers/Microsoft.Sql/servers/ps5747/databases/ps6985?api-version=2020-08-01-preview",
      "EncodedRequestUri": "L3N1YnNjcmlwdGlvbnMvOTE0NDY2OTMtZGFmYS00Y2MwLThiMTItZWMyYzZjM2Y2MjUwL3Jlc291cmNlR3JvdXBzL3BzMTEwNy9wcm92aWRlcnMvTWljcm9zb2Z0LlNxbC9zZXJ2ZXJzL3BzNTc0Ny9kYXRhYmFzZXMvcHM2OTg1P2FwaS12ZXJzaW9uPTIwMjAtMDgtMDEtcHJldmlldw==",
      "RequestMethod": "PUT",
      "RequestBody": "{\r\n  \"properties\": {\r\n    \"maxSizeBytes\": 0,\r\n    \"readScale\": \"\"\r\n  },\r\n  \"location\": \"westus2\"\r\n}",
      "RequestHeaders": {
        "x-ms-client-request-id": [
          "992f4981-c77a-403c-a672-3e42d381ceb3"
        ],
        "Accept-Language": [
          "en-US"
        ],
        "User-Agent": [
          "FxVersion/4.6.29321.03",
          "OSName/Windows",
          "OSVersion/Microsoft.Windows.10.0.17763.",
          "Microsoft.Azure.Management.Sql.SqlManagementClient/1.46.0.0"
        ],
        "Content-Type": [
          "application/json; charset=utf-8"
        ],
        "Content-Length": [
          "99"
        ]
      },
      "ResponseHeaders": {
        "Cache-Control": [
          "no-cache"
        ],
        "Pragma": [
          "no-cache"
        ],
        "Location": [
          "https://management.azure.com/subscriptions/91446693-dafa-4cc0-8b12-ec2c6c3f6250/resourceGroups/ps1107/providers/Microsoft.Sql/locations/westus2/databaseOperationResults/09ff6a51-7f71-45e6-a730-1db9a5c5d580?api-version=2020-08-01-preview"
        ],
        "Retry-After": [
          "15"
        ],
        "Azure-AsyncOperation": [
          "https://management.azure.com/subscriptions/91446693-dafa-4cc0-8b12-ec2c6c3f6250/resourceGroups/ps1107/providers/Microsoft.Sql/locations/westus2/databaseAzureAsyncOperation/09ff6a51-7f71-45e6-a730-1db9a5c5d580?api-version=2020-08-01-preview"
        ],
        "x-ms-request-id": [
          "09ff6a51-7f71-45e6-a730-1db9a5c5d580"
        ],
        "Server": [
          "Microsoft-HTTPAPI/2.0"
        ],
        "x-ms-ratelimit-remaining-subscription-writes": [
          "1197"
        ],
        "x-ms-correlation-request-id": [
          "f7307a38-c227-48d5-b6b4-5d1c70bcdf31"
        ],
        "x-ms-routing-request-id": [
          "WESTUS:20201117T185821Z:f7307a38-c227-48d5-b6b4-5d1c70bcdf31"
        ],
        "Strict-Transport-Security": [
          "max-age=31536000; includeSubDomains"
        ],
        "X-Content-Type-Options": [
          "nosniff"
        ],
        "Date": [
          "Tue, 17 Nov 2020 18:58:20 GMT"
        ],
        "Content-Length": [
          "76"
        ],
        "Content-Type": [
          "application/json; charset=utf-8"
        ],
        "Expires": [
          "-1"
        ]
      },
      "ResponseBody": "{\r\n  \"operation\": \"CreateLogicalDatabase\",\r\n  \"startTime\": \"2020-11-17T18:58:21.383Z\"\r\n}",
      "StatusCode": 202
    },
    {
      "RequestUri": "/subscriptions/91446693-dafa-4cc0-8b12-ec2c6c3f6250/resourceGroups/ps1107/providers/Microsoft.Sql/locations/westus2/databaseAzureAsyncOperation/09ff6a51-7f71-45e6-a730-1db9a5c5d580?api-version=2020-08-01-preview",
      "EncodedRequestUri": "L3N1YnNjcmlwdGlvbnMvOTE0NDY2OTMtZGFmYS00Y2MwLThiMTItZWMyYzZjM2Y2MjUwL3Jlc291cmNlR3JvdXBzL3BzMTEwNy9wcm92aWRlcnMvTWljcm9zb2Z0LlNxbC9sb2NhdGlvbnMvd2VzdHVzMi9kYXRhYmFzZUF6dXJlQXN5bmNPcGVyYXRpb24vMDlmZjZhNTEtN2Y3MS00NWU2LWE3MzAtMWRiOWE1YzVkNTgwP2FwaS12ZXJzaW9uPTIwMjAtMDgtMDEtcHJldmlldw==",
      "RequestMethod": "GET",
      "RequestBody": "",
      "RequestHeaders": {
        "User-Agent": [
          "FxVersion/4.6.29321.03",
          "OSName/Windows",
          "OSVersion/Microsoft.Windows.10.0.17763.",
          "Microsoft.Azure.Management.Sql.SqlManagementClient/1.46.0.0"
        ]
      },
      "ResponseHeaders": {
        "Cache-Control": [
          "no-cache"
        ],
        "Pragma": [
          "no-cache"
        ],
        "Retry-After": [
          "15"
        ],
        "x-ms-request-id": [
          "6313eefa-a6f7-4c94-8f8c-ca0f346dd13b"
        ],
        "Server": [
          "Microsoft-HTTPAPI/2.0"
        ],
        "x-ms-ratelimit-remaining-subscription-reads": [
          "11980"
        ],
        "x-ms-correlation-request-id": [
          "e86069c3-e133-4635-9ec0-eabe1c91db69"
        ],
        "x-ms-routing-request-id": [
          "WESTUS:20201117T185836Z:e86069c3-e133-4635-9ec0-eabe1c91db69"
        ],
        "Strict-Transport-Security": [
          "max-age=31536000; includeSubDomains"
        ],
        "X-Content-Type-Options": [
          "nosniff"
        ],
        "Date": [
          "Tue, 17 Nov 2020 18:58:35 GMT"
        ],
        "Content-Length": [
          "108"
        ],
        "Content-Type": [
          "application/json; charset=utf-8"
        ],
        "Expires": [
          "-1"
        ]
      },
      "ResponseBody": "{\r\n  \"name\": \"09ff6a51-7f71-45e6-a730-1db9a5c5d580\",\r\n  \"status\": \"InProgress\",\r\n  \"startTime\": \"2020-11-17T18:58:21.383Z\"\r\n}",
      "StatusCode": 200
    },
    {
      "RequestUri": "/subscriptions/91446693-dafa-4cc0-8b12-ec2c6c3f6250/resourceGroups/ps1107/providers/Microsoft.Sql/locations/westus2/databaseAzureAsyncOperation/09ff6a51-7f71-45e6-a730-1db9a5c5d580?api-version=2020-08-01-preview",
      "EncodedRequestUri": "L3N1YnNjcmlwdGlvbnMvOTE0NDY2OTMtZGFmYS00Y2MwLThiMTItZWMyYzZjM2Y2MjUwL3Jlc291cmNlR3JvdXBzL3BzMTEwNy9wcm92aWRlcnMvTWljcm9zb2Z0LlNxbC9sb2NhdGlvbnMvd2VzdHVzMi9kYXRhYmFzZUF6dXJlQXN5bmNPcGVyYXRpb24vMDlmZjZhNTEtN2Y3MS00NWU2LWE3MzAtMWRiOWE1YzVkNTgwP2FwaS12ZXJzaW9uPTIwMjAtMDgtMDEtcHJldmlldw==",
      "RequestMethod": "GET",
      "RequestBody": "",
      "RequestHeaders": {
        "User-Agent": [
          "FxVersion/4.6.29321.03",
          "OSName/Windows",
          "OSVersion/Microsoft.Windows.10.0.17763.",
          "Microsoft.Azure.Management.Sql.SqlManagementClient/1.46.0.0"
        ]
      },
      "ResponseHeaders": {
        "Cache-Control": [
          "no-cache"
        ],
        "Pragma": [
          "no-cache"
        ],
        "Retry-After": [
          "15"
        ],
        "x-ms-request-id": [
          "e202368e-a506-4f73-b462-c6493b0a9da6"
        ],
        "Server": [
          "Microsoft-HTTPAPI/2.0"
        ],
        "x-ms-ratelimit-remaining-subscription-reads": [
          "11979"
        ],
        "x-ms-correlation-request-id": [
          "f5986fcb-9f9a-4460-8033-563eaae9c739"
        ],
        "x-ms-routing-request-id": [
          "WESTUS:20201117T185851Z:f5986fcb-9f9a-4460-8033-563eaae9c739"
        ],
        "Strict-Transport-Security": [
          "max-age=31536000; includeSubDomains"
        ],
        "X-Content-Type-Options": [
          "nosniff"
        ],
        "Date": [
          "Tue, 17 Nov 2020 18:58:50 GMT"
        ],
        "Content-Length": [
          "108"
        ],
        "Content-Type": [
          "application/json; charset=utf-8"
        ],
        "Expires": [
          "-1"
        ]
      },
      "ResponseBody": "{\r\n  \"name\": \"09ff6a51-7f71-45e6-a730-1db9a5c5d580\",\r\n  \"status\": \"InProgress\",\r\n  \"startTime\": \"2020-11-17T18:58:21.383Z\"\r\n}",
      "StatusCode": 200
    },
    {
      "RequestUri": "/subscriptions/91446693-dafa-4cc0-8b12-ec2c6c3f6250/resourceGroups/ps1107/providers/Microsoft.Sql/locations/westus2/databaseAzureAsyncOperation/09ff6a51-7f71-45e6-a730-1db9a5c5d580?api-version=2020-08-01-preview",
      "EncodedRequestUri": "L3N1YnNjcmlwdGlvbnMvOTE0NDY2OTMtZGFmYS00Y2MwLThiMTItZWMyYzZjM2Y2MjUwL3Jlc291cmNlR3JvdXBzL3BzMTEwNy9wcm92aWRlcnMvTWljcm9zb2Z0LlNxbC9sb2NhdGlvbnMvd2VzdHVzMi9kYXRhYmFzZUF6dXJlQXN5bmNPcGVyYXRpb24vMDlmZjZhNTEtN2Y3MS00NWU2LWE3MzAtMWRiOWE1YzVkNTgwP2FwaS12ZXJzaW9uPTIwMjAtMDgtMDEtcHJldmlldw==",
      "RequestMethod": "GET",
      "RequestBody": "",
      "RequestHeaders": {
        "User-Agent": [
          "FxVersion/4.6.29321.03",
          "OSName/Windows",
          "OSVersion/Microsoft.Windows.10.0.17763.",
          "Microsoft.Azure.Management.Sql.SqlManagementClient/1.46.0.0"
        ]
      },
      "ResponseHeaders": {
        "Cache-Control": [
          "no-cache"
        ],
        "Pragma": [
          "no-cache"
        ],
        "Retry-After": [
          "15"
        ],
        "x-ms-request-id": [
          "2d519c08-7079-4f7a-8cb4-30f0f9a5620f"
        ],
        "Server": [
          "Microsoft-HTTPAPI/2.0"
        ],
        "x-ms-ratelimit-remaining-subscription-reads": [
          "11978"
        ],
        "x-ms-correlation-request-id": [
          "86deabb5-2d7f-4606-8d17-a32d31b21772"
        ],
        "x-ms-routing-request-id": [
          "WESTUS:20201117T185906Z:86deabb5-2d7f-4606-8d17-a32d31b21772"
        ],
        "Strict-Transport-Security": [
          "max-age=31536000; includeSubDomains"
        ],
        "X-Content-Type-Options": [
          "nosniff"
        ],
        "Date": [
          "Tue, 17 Nov 2020 18:59:05 GMT"
        ],
        "Content-Length": [
          "107"
        ],
        "Content-Type": [
          "application/json; charset=utf-8"
        ],
        "Expires": [
          "-1"
        ]
      },
      "ResponseBody": "{\r\n  \"name\": \"09ff6a51-7f71-45e6-a730-1db9a5c5d580\",\r\n  \"status\": \"Succeeded\",\r\n  \"startTime\": \"2020-11-17T18:58:21.383Z\"\r\n}",
      "StatusCode": 200
    },
    {
      "RequestUri": "/subscriptions/91446693-dafa-4cc0-8b12-ec2c6c3f6250/resourceGroups/ps1107/providers/Microsoft.Sql/servers/ps5747/databases/ps200/syncGroups/ps3692?api-version=2019-06-01-preview",
      "EncodedRequestUri": "L3N1YnNjcmlwdGlvbnMvOTE0NDY2OTMtZGFmYS00Y2MwLThiMTItZWMyYzZjM2Y2MjUwL3Jlc291cmNlR3JvdXBzL3BzMTEwNy9wcm92aWRlcnMvTWljcm9zb2Z0LlNxbC9zZXJ2ZXJzL3BzNTc0Ny9kYXRhYmFzZXMvcHMyMDAvc3luY0dyb3Vwcy9wczM2OTI/YXBpLXZlcnNpb249MjAxOS0wNi0wMS1wcmV2aWV3",
      "RequestMethod": "GET",
      "RequestBody": "",
      "RequestHeaders": {
        "x-ms-client-request-id": [
          "34af6ad1-a595-441e-a35f-0477f9d7bdc4"
        ],
        "Accept-Language": [
          "en-US"
        ],
        "User-Agent": [
          "FxVersion/4.6.29321.03",
          "OSName/Windows",
          "OSVersion/Microsoft.Windows.10.0.17763.",
          "Microsoft.Azure.Management.Sql.SqlManagementClient/1.46.0.0"
        ]
      },
      "ResponseHeaders": {
        "Cache-Control": [
          "no-cache"
        ],
        "Pragma": [
          "no-cache"
        ],
        "x-ms-request-id": [
          "ee71545e-3035-4c61-8f24-9abc1a159cce"
        ],
        "Server": [
          "Microsoft-HTTPAPI/2.0"
        ],
        "x-ms-ratelimit-remaining-subscription-reads": [
          "11976"
        ],
        "x-ms-correlation-request-id": [
          "ca5ea779-9879-4543-9f68-41a1471af1cd"
        ],
        "x-ms-routing-request-id": [
          "WESTUS:20201117T185906Z:ca5ea779-9879-4543-9f68-41a1471af1cd"
        ],
        "Strict-Transport-Security": [
          "max-age=31536000; includeSubDomains"
        ],
        "X-Content-Type-Options": [
          "nosniff"
        ],
        "Date": [
          "Tue, 17 Nov 2020 18:59:06 GMT"
        ],
        "Content-Length": [
          "159"
        ],
        "Content-Type": [
          "application/json; charset=utf-8"
        ],
        "Expires": [
          "-1"
        ]
      },
      "ResponseBody": "{\r\n  \"error\": {\r\n    \"code\": \"ResourceNotFound\",\r\n    \"message\": \"The requested resource of type 'Microsoft.Sql/servers/databases/syncGroups' with name 'ps3692' was not found.\"\r\n  }\r\n}",
      "StatusCode": 404
    },
    {
      "RequestUri": "/subscriptions/91446693-dafa-4cc0-8b12-ec2c6c3f6250/resourceGroups/ps1107/providers/Microsoft.Sql/servers/ps5747/databases/ps200/syncGroups/ps3692?api-version=2019-06-01-preview",
      "EncodedRequestUri": "L3N1YnNjcmlwdGlvbnMvOTE0NDY2OTMtZGFmYS00Y2MwLThiMTItZWMyYzZjM2Y2MjUwL3Jlc291cmNlR3JvdXBzL3BzMTEwNy9wcm92aWRlcnMvTWljcm9zb2Z0LlNxbC9zZXJ2ZXJzL3BzNTc0Ny9kYXRhYmFzZXMvcHMyMDAvc3luY0dyb3Vwcy9wczM2OTI/YXBpLXZlcnNpb249MjAxOS0wNi0wMS1wcmV2aWV3",
      "RequestMethod": "GET",
      "RequestBody": "",
      "RequestHeaders": {
        "x-ms-client-request-id": [
          "cf1f6985-4a6f-46a4-8de5-21814b315f8e"
        ],
        "Accept-Language": [
          "en-US"
        ],
        "User-Agent": [
          "FxVersion/4.6.29321.03",
          "OSName/Windows",
          "OSVersion/Microsoft.Windows.10.0.17763.",
          "Microsoft.Azure.Management.Sql.SqlManagementClient/1.46.0.0"
        ]
      },
      "ResponseHeaders": {
        "Cache-Control": [
          "no-cache"
        ],
        "Pragma": [
          "no-cache"
        ],
        "x-ms-request-id": [
          "70f6482e-2019-4ce2-b1a1-e3a6e1c0e7e6"
        ],
        "Server": [
          "Microsoft-HTTPAPI/2.0"
        ],
        "x-ms-ratelimit-remaining-subscription-reads": [
          "11971"
        ],
        "x-ms-correlation-request-id": [
          "74c3e19a-678a-46c7-aadc-e2c9f6164223"
        ],
        "x-ms-routing-request-id": [
          "WESTUS:20201117T190008Z:74c3e19a-678a-46c7-aadc-e2c9f6164223"
        ],
        "Strict-Transport-Security": [
          "max-age=31536000; includeSubDomains"
        ],
        "X-Content-Type-Options": [
          "nosniff"
        ],
        "Date": [
          "Tue, 17 Nov 2020 19:00:08 GMT"
        ],
        "Content-Length": [
          "594"
        ],
        "Content-Type": [
          "application/json; charset=utf-8"
        ],
        "Expires": [
          "-1"
        ]
      },
      "ResponseBody": "{\r\n  \"properties\": {\r\n    \"interval\": 300,\r\n    \"lastSyncTime\": \"0001-01-01T00:00:00Z\",\r\n    \"conflictResolutionPolicy\": \"HubWin\",\r\n    \"syncDatabaseId\": \"/subscriptions/91446693-dafa-4cc0-8b12-ec2c6c3f6250/resourceGroups/ps1107/providers/Microsoft.Sql/servers/ps5747/databases/ps6985\",\r\n    \"hubDatabaseUserName\": \"testusername\",\r\n    \"syncState\": \"NotReady\",\r\n    \"usePrivateLinkConnection\": false,\r\n    \"privateEndpointName\": \"\"\r\n  },\r\n  \"id\": \"/subscriptions/91446693-dafa-4cc0-8b12-ec2c6c3f6250/resourceGroups/ps1107/providers/Microsoft.Sql/servers/ps5747/databases/ps200/syncGroups/ps3692\",\r\n  \"name\": \"ps3692\",\r\n  \"type\": \"Microsoft.Sql/servers/databases/syncGroups\"\r\n}",
      "StatusCode": 200
    },
    {
      "RequestUri": "/subscriptions/91446693-dafa-4cc0-8b12-ec2c6c3f6250/resourceGroups/ps1107/providers/Microsoft.Sql/servers/ps5747/databases/ps200/syncGroups/ps3692?api-version=2019-06-01-preview",
      "EncodedRequestUri": "L3N1YnNjcmlwdGlvbnMvOTE0NDY2OTMtZGFmYS00Y2MwLThiMTItZWMyYzZjM2Y2MjUwL3Jlc291cmNlR3JvdXBzL3BzMTEwNy9wcm92aWRlcnMvTWljcm9zb2Z0LlNxbC9zZXJ2ZXJzL3BzNTc0Ny9kYXRhYmFzZXMvcHMyMDAvc3luY0dyb3Vwcy9wczM2OTI/YXBpLXZlcnNpb249MjAxOS0wNi0wMS1wcmV2aWV3",
      "RequestMethod": "GET",
      "RequestBody": "",
      "RequestHeaders": {
        "x-ms-client-request-id": [
          "d30a5733-ed33-44d7-a005-0a039034ac58"
        ],
        "Accept-Language": [
          "en-US"
        ],
        "User-Agent": [
          "FxVersion/4.6.29321.03",
          "OSName/Windows",
          "OSVersion/Microsoft.Windows.10.0.17763.",
          "Microsoft.Azure.Management.Sql.SqlManagementClient/1.46.0.0"
        ]
      },
      "ResponseHeaders": {
        "Cache-Control": [
          "no-cache"
        ],
        "Pragma": [
          "no-cache"
        ],
        "x-ms-request-id": [
          "80ad8cea-7079-4b13-a721-fca36f9711c9"
        ],
        "Server": [
          "Microsoft-HTTPAPI/2.0"
        ],
        "x-ms-ratelimit-remaining-subscription-reads": [
          "11970"
        ],
        "x-ms-correlation-request-id": [
          "6efcc725-1a13-44ac-99f5-47439d3bc23d"
        ],
        "x-ms-routing-request-id": [
          "WESTUS:20201117T190008Z:6efcc725-1a13-44ac-99f5-47439d3bc23d"
        ],
        "Strict-Transport-Security": [
          "max-age=31536000; includeSubDomains"
        ],
        "X-Content-Type-Options": [
          "nosniff"
        ],
        "Date": [
          "Tue, 17 Nov 2020 19:00:08 GMT"
        ],
        "Content-Length": [
          "594"
        ],
        "Content-Type": [
          "application/json; charset=utf-8"
        ],
        "Expires": [
          "-1"
        ]
      },
      "ResponseBody": "{\r\n  \"properties\": {\r\n    \"interval\": 300,\r\n    \"lastSyncTime\": \"0001-01-01T00:00:00Z\",\r\n    \"conflictResolutionPolicy\": \"HubWin\",\r\n    \"syncDatabaseId\": \"/subscriptions/91446693-dafa-4cc0-8b12-ec2c6c3f6250/resourceGroups/ps1107/providers/Microsoft.Sql/servers/ps5747/databases/ps6985\",\r\n    \"hubDatabaseUserName\": \"testusername\",\r\n    \"syncState\": \"NotReady\",\r\n    \"usePrivateLinkConnection\": false,\r\n    \"privateEndpointName\": \"\"\r\n  },\r\n  \"id\": \"/subscriptions/91446693-dafa-4cc0-8b12-ec2c6c3f6250/resourceGroups/ps1107/providers/Microsoft.Sql/servers/ps5747/databases/ps200/syncGroups/ps3692\",\r\n  \"name\": \"ps3692\",\r\n  \"type\": \"Microsoft.Sql/servers/databases/syncGroups\"\r\n}",
      "StatusCode": 200
    },
    {
      "RequestUri": "/subscriptions/91446693-dafa-4cc0-8b12-ec2c6c3f6250/resourceGroups/ps1107/providers/Microsoft.Sql/servers/ps5747/databases/ps200/syncGroups/ps3692?api-version=2019-06-01-preview",
      "EncodedRequestUri": "L3N1YnNjcmlwdGlvbnMvOTE0NDY2OTMtZGFmYS00Y2MwLThiMTItZWMyYzZjM2Y2MjUwL3Jlc291cmNlR3JvdXBzL3BzMTEwNy9wcm92aWRlcnMvTWljcm9zb2Z0LlNxbC9zZXJ2ZXJzL3BzNTc0Ny9kYXRhYmFzZXMvcHMyMDAvc3luY0dyb3Vwcy9wczM2OTI/YXBpLXZlcnNpb249MjAxOS0wNi0wMS1wcmV2aWV3",
      "RequestMethod": "PUT",
      "RequestBody": "{\r\n  \"properties\": {\r\n    \"interval\": 300,\r\n    \"conflictResolutionPolicy\": \"HubWin\",\r\n    \"syncDatabaseId\": \"/subscriptions/91446693-dafa-4cc0-8b12-ec2c6c3f6250/resourceGroups/ps1107/providers/Microsoft.Sql/servers/ps5747/databases/ps6985\",\r\n    \"hubDatabaseUserName\": \"testusername\",\r\n    \"hubDatabasePassword\": \"t357ingP@s5w0rd!\",\r\n    \"usePrivateLinkConnection\": false\r\n  }\r\n}",
      "RequestHeaders": {
        "x-ms-client-request-id": [
          "aaf07178-a1d5-42e6-9a20-3f2873fffe37"
        ],
        "Accept-Language": [
          "en-US"
        ],
        "User-Agent": [
          "FxVersion/4.6.29321.03",
          "OSName/Windows",
          "OSVersion/Microsoft.Windows.10.0.17763.",
          "Microsoft.Azure.Management.Sql.SqlManagementClient/1.46.0.0"
        ],
        "Content-Type": [
          "application/json; charset=utf-8"
        ],
        "Content-Length": [
          "380"
        ]
      },
      "ResponseHeaders": {
        "Cache-Control": [
          "no-cache"
        ],
        "Pragma": [
          "no-cache"
        ],
        "Location": [
          "https://management.azure.com/subscriptions/91446693-dafa-4cc0-8b12-ec2c6c3f6250/resourceGroups/ps1107/providers/Microsoft.Sql/locations/westus2/syncGroupOperationResults/a327ac90-e375-488e-87a2-919b03967754?api-version=2019-06-01-preview"
        ],
        "Retry-After": [
          "15"
        ],
        "x-ms-request-id": [
          "a327ac90-e375-488e-87a2-919b03967754"
        ],
        "Server": [
          "Microsoft-HTTPAPI/2.0"
        ],
        "x-ms-ratelimit-remaining-subscription-writes": [
          "1196"
        ],
        "x-ms-correlation-request-id": [
          "52541121-5fb2-4baf-9ec3-31245e571079"
        ],
        "x-ms-routing-request-id": [
          "WESTUS:20201117T185907Z:52541121-5fb2-4baf-9ec3-31245e571079"
        ],
        "Strict-Transport-Security": [
          "max-age=31536000; includeSubDomains"
        ],
        "X-Content-Type-Options": [
          "nosniff"
        ],
        "Date": [
          "Tue, 17 Nov 2020 18:59:06 GMT"
        ],
        "Content-Length": [
          "70"
        ],
        "Content-Type": [
          "application/json; charset=utf-8"
        ],
        "Expires": [
          "-1"
        ]
      },
      "ResponseBody": "{\r\n  \"operation\": \"UpsertSyncGroup\",\r\n  \"startTime\": \"2020-11-17T18:59:07.183Z\"\r\n}",
      "StatusCode": 202
    },
    {
      "RequestUri": "/subscriptions/91446693-dafa-4cc0-8b12-ec2c6c3f6250/resourceGroups/ps1107/providers/Microsoft.Sql/locations/westus2/syncGroupOperationResults/a327ac90-e375-488e-87a2-919b03967754?api-version=2019-06-01-preview",
      "EncodedRequestUri": "L3N1YnNjcmlwdGlvbnMvOTE0NDY2OTMtZGFmYS00Y2MwLThiMTItZWMyYzZjM2Y2MjUwL3Jlc291cmNlR3JvdXBzL3BzMTEwNy9wcm92aWRlcnMvTWljcm9zb2Z0LlNxbC9sb2NhdGlvbnMvd2VzdHVzMi9zeW5jR3JvdXBPcGVyYXRpb25SZXN1bHRzL2EzMjdhYzkwLWUzNzUtNDg4ZS04N2EyLTkxOWIwMzk2Nzc1ND9hcGktdmVyc2lvbj0yMDE5LTA2LTAxLXByZXZpZXc=",
      "RequestMethod": "GET",
      "RequestBody": "",
      "RequestHeaders": {
        "User-Agent": [
          "FxVersion/4.6.29321.03",
          "OSName/Windows",
          "OSVersion/Microsoft.Windows.10.0.17763.",
          "Microsoft.Azure.Management.Sql.SqlManagementClient/1.46.0.0"
        ]
      },
      "ResponseHeaders": {
        "Cache-Control": [
          "no-cache"
        ],
        "Pragma": [
          "no-cache"
        ],
        "Location": [
          "https://management.azure.com/subscriptions/91446693-dafa-4cc0-8b12-ec2c6c3f6250/resourceGroups/ps1107/providers/Microsoft.Sql/locations/westus2/syncGroupOperationResults/a327ac90-e375-488e-87a2-919b03967754?api-version=2019-06-01-preview"
        ],
        "Retry-After": [
          "15"
        ],
        "x-ms-request-id": [
          "ddc48dc9-a4e3-4cbd-bd07-bf300e38014a"
        ],
        "Server": [
          "Microsoft-HTTPAPI/2.0"
        ],
        "x-ms-ratelimit-remaining-subscription-reads": [
          "11975"
        ],
        "x-ms-correlation-request-id": [
          "2aab0cfd-305c-45f9-9816-5dd68d2162b9"
        ],
        "x-ms-routing-request-id": [
          "WESTUS:20201117T185922Z:2aab0cfd-305c-45f9-9816-5dd68d2162b9"
        ],
        "Strict-Transport-Security": [
          "max-age=31536000; includeSubDomains"
        ],
        "X-Content-Type-Options": [
          "nosniff"
        ],
        "Date": [
          "Tue, 17 Nov 2020 18:59:21 GMT"
        ],
        "Content-Length": [
          "70"
        ],
        "Content-Type": [
          "application/json; charset=utf-8"
        ],
        "Expires": [
          "-1"
        ]
      },
      "ResponseBody": "{\r\n  \"operation\": \"UpsertSyncGroup\",\r\n  \"startTime\": \"2020-11-17T18:59:07.183Z\"\r\n}",
      "StatusCode": 202
    },
    {
      "RequestUri": "/subscriptions/91446693-dafa-4cc0-8b12-ec2c6c3f6250/resourceGroups/ps1107/providers/Microsoft.Sql/locations/westus2/syncGroupOperationResults/a327ac90-e375-488e-87a2-919b03967754?api-version=2019-06-01-preview",
      "EncodedRequestUri": "L3N1YnNjcmlwdGlvbnMvOTE0NDY2OTMtZGFmYS00Y2MwLThiMTItZWMyYzZjM2Y2MjUwL3Jlc291cmNlR3JvdXBzL3BzMTEwNy9wcm92aWRlcnMvTWljcm9zb2Z0LlNxbC9sb2NhdGlvbnMvd2VzdHVzMi9zeW5jR3JvdXBPcGVyYXRpb25SZXN1bHRzL2EzMjdhYzkwLWUzNzUtNDg4ZS04N2EyLTkxOWIwMzk2Nzc1ND9hcGktdmVyc2lvbj0yMDE5LTA2LTAxLXByZXZpZXc=",
      "RequestMethod": "GET",
      "RequestBody": "",
      "RequestHeaders": {
        "User-Agent": [
          "FxVersion/4.6.29321.03",
          "OSName/Windows",
          "OSVersion/Microsoft.Windows.10.0.17763.",
          "Microsoft.Azure.Management.Sql.SqlManagementClient/1.46.0.0"
        ]
      },
      "ResponseHeaders": {
        "Cache-Control": [
          "no-cache"
        ],
        "Pragma": [
          "no-cache"
        ],
        "Location": [
          "https://management.azure.com/subscriptions/91446693-dafa-4cc0-8b12-ec2c6c3f6250/resourceGroups/ps1107/providers/Microsoft.Sql/locations/westus2/syncGroupOperationResults/a327ac90-e375-488e-87a2-919b03967754?api-version=2019-06-01-preview"
        ],
        "Retry-After": [
          "15"
        ],
        "x-ms-request-id": [
          "2ea728ff-78f9-4946-adf2-62b43c5ad108"
        ],
        "Server": [
          "Microsoft-HTTPAPI/2.0"
        ],
        "x-ms-ratelimit-remaining-subscription-reads": [
          "11974"
        ],
        "x-ms-correlation-request-id": [
          "0467f060-63ad-4a03-8381-12801f3aacb9"
        ],
        "x-ms-routing-request-id": [
          "WESTUS:20201117T185938Z:0467f060-63ad-4a03-8381-12801f3aacb9"
        ],
        "Strict-Transport-Security": [
          "max-age=31536000; includeSubDomains"
        ],
        "X-Content-Type-Options": [
          "nosniff"
        ],
        "Date": [
          "Tue, 17 Nov 2020 18:59:37 GMT"
        ],
        "Content-Length": [
          "70"
        ],
        "Content-Type": [
          "application/json; charset=utf-8"
        ],
        "Expires": [
          "-1"
        ]
      },
      "ResponseBody": "{\r\n  \"operation\": \"UpsertSyncGroup\",\r\n  \"startTime\": \"2020-11-17T18:59:07.183Z\"\r\n}",
      "StatusCode": 202
    },
    {
      "RequestUri": "/subscriptions/91446693-dafa-4cc0-8b12-ec2c6c3f6250/resourceGroups/ps1107/providers/Microsoft.Sql/locations/westus2/syncGroupOperationResults/a327ac90-e375-488e-87a2-919b03967754?api-version=2019-06-01-preview",
      "EncodedRequestUri": "L3N1YnNjcmlwdGlvbnMvOTE0NDY2OTMtZGFmYS00Y2MwLThiMTItZWMyYzZjM2Y2MjUwL3Jlc291cmNlR3JvdXBzL3BzMTEwNy9wcm92aWRlcnMvTWljcm9zb2Z0LlNxbC9sb2NhdGlvbnMvd2VzdHVzMi9zeW5jR3JvdXBPcGVyYXRpb25SZXN1bHRzL2EzMjdhYzkwLWUzNzUtNDg4ZS04N2EyLTkxOWIwMzk2Nzc1ND9hcGktdmVyc2lvbj0yMDE5LTA2LTAxLXByZXZpZXc=",
      "RequestMethod": "GET",
      "RequestBody": "",
      "RequestHeaders": {
        "User-Agent": [
          "FxVersion/4.6.29321.03",
          "OSName/Windows",
          "OSVersion/Microsoft.Windows.10.0.17763.",
          "Microsoft.Azure.Management.Sql.SqlManagementClient/1.46.0.0"
        ]
      },
      "ResponseHeaders": {
        "Cache-Control": [
          "no-cache"
        ],
        "Pragma": [
          "no-cache"
        ],
        "Location": [
          "https://management.azure.com/subscriptions/91446693-dafa-4cc0-8b12-ec2c6c3f6250/resourceGroups/ps1107/providers/Microsoft.Sql/locations/westus2/syncGroupOperationResults/a327ac90-e375-488e-87a2-919b03967754?api-version=2019-06-01-preview"
        ],
        "Retry-After": [
          "15"
        ],
        "x-ms-request-id": [
          "bd51737e-b29a-4d05-bb29-075c987165c1"
        ],
        "Server": [
          "Microsoft-HTTPAPI/2.0"
        ],
        "x-ms-ratelimit-remaining-subscription-reads": [
          "11973"
        ],
        "x-ms-correlation-request-id": [
          "aeae2a74-fc18-4c21-95ab-7a17ee3cf12d"
        ],
        "x-ms-routing-request-id": [
          "WESTUS:20201117T185953Z:aeae2a74-fc18-4c21-95ab-7a17ee3cf12d"
        ],
        "Strict-Transport-Security": [
          "max-age=31536000; includeSubDomains"
        ],
        "X-Content-Type-Options": [
          "nosniff"
        ],
        "Date": [
          "Tue, 17 Nov 2020 18:59:52 GMT"
        ],
        "Content-Length": [
          "70"
        ],
        "Content-Type": [
          "application/json; charset=utf-8"
        ],
        "Expires": [
          "-1"
        ]
      },
      "ResponseBody": "{\r\n  \"operation\": \"UpsertSyncGroup\",\r\n  \"startTime\": \"2020-11-17T18:59:07.183Z\"\r\n}",
      "StatusCode": 202
    },
    {
      "RequestUri": "/subscriptions/91446693-dafa-4cc0-8b12-ec2c6c3f6250/resourceGroups/ps1107/providers/Microsoft.Sql/locations/westus2/syncGroupOperationResults/a327ac90-e375-488e-87a2-919b03967754?api-version=2019-06-01-preview",
      "EncodedRequestUri": "L3N1YnNjcmlwdGlvbnMvOTE0NDY2OTMtZGFmYS00Y2MwLThiMTItZWMyYzZjM2Y2MjUwL3Jlc291cmNlR3JvdXBzL3BzMTEwNy9wcm92aWRlcnMvTWljcm9zb2Z0LlNxbC9sb2NhdGlvbnMvd2VzdHVzMi9zeW5jR3JvdXBPcGVyYXRpb25SZXN1bHRzL2EzMjdhYzkwLWUzNzUtNDg4ZS04N2EyLTkxOWIwMzk2Nzc1ND9hcGktdmVyc2lvbj0yMDE5LTA2LTAxLXByZXZpZXc=",
      "RequestMethod": "GET",
      "RequestBody": "",
      "RequestHeaders": {
        "User-Agent": [
          "FxVersion/4.6.29321.03",
          "OSName/Windows",
          "OSVersion/Microsoft.Windows.10.0.17763.",
          "Microsoft.Azure.Management.Sql.SqlManagementClient/1.46.0.0"
        ]
      },
      "ResponseHeaders": {
        "Cache-Control": [
          "no-cache"
        ],
        "Pragma": [
          "no-cache"
        ],
        "x-ms-request-id": [
          "33bac3ad-6f81-445e-859a-0f8ee30f9d18"
        ],
        "Server": [
          "Microsoft-HTTPAPI/2.0"
        ],
        "x-ms-ratelimit-remaining-subscription-reads": [
          "11972"
        ],
        "x-ms-correlation-request-id": [
          "1b4450cc-4fa1-4bb0-8442-38f7ff255afb"
        ],
        "x-ms-routing-request-id": [
          "WESTUS:20201117T190008Z:1b4450cc-4fa1-4bb0-8442-38f7ff255afb"
        ],
        "Strict-Transport-Security": [
          "max-age=31536000; includeSubDomains"
        ],
        "X-Content-Type-Options": [
          "nosniff"
        ],
        "Date": [
          "Tue, 17 Nov 2020 19:00:07 GMT"
        ],
        "Content-Length": [
          "619"
        ],
        "Content-Type": [
          "application/json; charset=utf-8"
        ],
        "Expires": [
          "-1"
        ]
      },
      "ResponseBody": "{\r\n  \"properties\": {\r\n    \"interval\": 300,\r\n    \"lastSyncTime\": \"0001-01-01T00:00:00Z\",\r\n    \"conflictResolutionPolicy\": \"HubWin\",\r\n    \"syncDatabaseId\": \"/subscriptions/91446693-dafa-4cc0-8b12-ec2c6c3f6250/resourceGroups/ps1107/providers/Microsoft.Sql/servers/ps5747/databases/ps6985\",\r\n    \"syncState\": \"Good\",\r\n    \"enableConflictLogging\": false,\r\n    \"conflictLoggingRetentionInDays\": 30,\r\n    \"usePrivateLinkConnection\": false,\r\n    \"privateEndpointName\": \"\"\r\n  },\r\n  \"id\": \"/subscriptions/91446693-dafa-4cc0-8b12-ec2c6c3f6250/resourceGroups/ps1107/providers/Microsoft.Sql/servers/ps5747/databases/ps200/syncGroups/ps3692\",\r\n  \"name\": \"ps3692\",\r\n  \"type\": \"Microsoft.Sql/servers/databases/syncGroups\"\r\n}",
      "StatusCode": 201
    },
    {
      "RequestUri": "/subscriptions/91446693-dafa-4cc0-8b12-ec2c6c3f6250/resourceGroups/ps1107/providers/Microsoft.Sql/servers/ps5747/databases/ps200/syncGroups/ps3692/refreshHubSchema?api-version=2015-05-01-preview",
      "EncodedRequestUri": "L3N1YnNjcmlwdGlvbnMvOTE0NDY2OTMtZGFmYS00Y2MwLThiMTItZWMyYzZjM2Y2MjUwL3Jlc291cmNlR3JvdXBzL3BzMTEwNy9wcm92aWRlcnMvTWljcm9zb2Z0LlNxbC9zZXJ2ZXJzL3BzNTc0Ny9kYXRhYmFzZXMvcHMyMDAvc3luY0dyb3Vwcy9wczM2OTIvcmVmcmVzaEh1YlNjaGVtYT9hcGktdmVyc2lvbj0yMDE1LTA1LTAxLXByZXZpZXc=",
      "RequestMethod": "POST",
      "RequestBody": "",
      "RequestHeaders": {
        "User-Agent": [
          "Microsoft.Azure.Management.Sql.LegacySdk.SqlManagementClient/2.12.0.0"
        ]
      },
      "ResponseHeaders": {
        "Cache-Control": [
          "no-cache"
        ],
        "Pragma": [
          "no-cache"
        ],
        "Location": [
          "https://management.azure.com/subscriptions/91446693-dafa-4cc0-8b12-ec2c6c3f6250/resourceGroups/ps1107/providers/Microsoft.Sql/servers/ps5747/databases/ps200/syncGroups/ps3692/refreshHubSchemaOperationResults/c55e7584-820a-4d32-bd1b-600c481584bd?api-version=2015-05-01-preview"
        ],
        "Retry-After": [
          "15"
        ],
        "x-ms-request-id": [
          "c55e7584-820a-4d32-bd1b-600c481584bd"
        ],
        "Server": [
          "Microsoft-HTTPAPI/2.0"
        ],
        "x-ms-ratelimit-remaining-subscription-writes": [
          "1199"
        ],
        "x-ms-correlation-request-id": [
          "005f5521-4004-40bd-90c7-91bc78cda445"
        ],
        "x-ms-routing-request-id": [
          "WESTCENTRALUS:20201117T190009Z:005f5521-4004-40bd-90c7-91bc78cda445"
        ],
        "Strict-Transport-Security": [
          "max-age=31536000; includeSubDomains"
        ],
        "X-Content-Type-Options": [
          "nosniff"
        ],
        "Date": [
          "Tue, 17 Nov 2020 19:00:09 GMT"
        ],
        "Content-Length": [
          "78"
        ],
        "Content-Type": [
          "application/json; charset=utf-8"
        ],
        "Expires": [
          "-1"
        ]
      },
      "ResponseBody": "{\r\n  \"operation\": \"RefrehSyncHubFullSchema\",\r\n  \"startTime\": \"2020-11-17T19:00:09.283Z\"\r\n}",
      "StatusCode": 202
    },
    {
      "RequestUri": "/subscriptions/91446693-dafa-4cc0-8b12-ec2c6c3f6250/resourceGroups/ps1107/providers/Microsoft.Sql/servers/ps5747/databases/ps200/syncGroups/ps3692/refreshHubSchemaOperationResults/c55e7584-820a-4d32-bd1b-600c481584bd?api-version=2015-05-01-preview",
      "EncodedRequestUri": "L3N1YnNjcmlwdGlvbnMvOTE0NDY2OTMtZGFmYS00Y2MwLThiMTItZWMyYzZjM2Y2MjUwL3Jlc291cmNlR3JvdXBzL3BzMTEwNy9wcm92aWRlcnMvTWljcm9zb2Z0LlNxbC9zZXJ2ZXJzL3BzNTc0Ny9kYXRhYmFzZXMvcHMyMDAvc3luY0dyb3Vwcy9wczM2OTIvcmVmcmVzaEh1YlNjaGVtYU9wZXJhdGlvblJlc3VsdHMvYzU1ZTc1ODQtODIwYS00ZDMyLWJkMWItNjAwYzQ4MTU4NGJkP2FwaS12ZXJzaW9uPTIwMTUtMDUtMDEtcHJldmlldw==",
      "RequestMethod": "GET",
      "RequestBody": "",
      "RequestHeaders": {
        "User-Agent": [
          "Microsoft.Azure.Management.Sql.LegacySdk.SqlManagementClient/2.12.0.0"
        ]
      },
      "ResponseHeaders": {
        "Cache-Control": [
          "no-cache"
        ],
        "Pragma": [
          "no-cache"
        ],
        "Location": [
          "https://management.azure.com/subscriptions/91446693-dafa-4cc0-8b12-ec2c6c3f6250/resourceGroups/ps1107/providers/Microsoft.Sql/servers/ps5747/databases/ps200/syncGroups/ps3692/refreshHubSchemaOperationResults/c55e7584-820a-4d32-bd1b-600c481584bd?api-version=2015-05-01-preview"
        ],
        "Retry-After": [
          "15"
        ],
        "x-ms-request-id": [
          "ddf8c19e-ef3e-465c-83c5-adf79195d3fd"
        ],
        "Server": [
          "Microsoft-HTTPAPI/2.0"
        ],
        "x-ms-ratelimit-remaining-subscription-reads": [
          "11991"
        ],
        "x-ms-correlation-request-id": [
          "beb2bbc9-078e-4c42-9702-ed5ebb8cf5a5"
        ],
        "x-ms-routing-request-id": [
          "WESTCENTRALUS:20201117T190009Z:beb2bbc9-078e-4c42-9702-ed5ebb8cf5a5"
        ],
        "Strict-Transport-Security": [
          "max-age=31536000; includeSubDomains"
        ],
        "X-Content-Type-Options": [
          "nosniff"
        ],
        "Date": [
          "Tue, 17 Nov 2020 19:00:09 GMT"
        ],
        "Content-Length": [
          "78"
        ],
        "Content-Type": [
          "application/json; charset=utf-8"
        ],
        "Expires": [
          "-1"
        ]
      },
      "ResponseBody": "{\r\n  \"operation\": \"RefrehSyncHubFullSchema\",\r\n  \"startTime\": \"2020-11-17T19:00:09.283Z\"\r\n}",
      "StatusCode": 202
    },
    {
      "RequestUri": "/subscriptions/91446693-dafa-4cc0-8b12-ec2c6c3f6250/resourceGroups/ps1107/providers/Microsoft.Sql/servers/ps5747/databases/ps200/syncGroups/ps3692/refreshHubSchemaOperationResults/c55e7584-820a-4d32-bd1b-600c481584bd?api-version=2015-05-01-preview",
      "EncodedRequestUri": "L3N1YnNjcmlwdGlvbnMvOTE0NDY2OTMtZGFmYS00Y2MwLThiMTItZWMyYzZjM2Y2MjUwL3Jlc291cmNlR3JvdXBzL3BzMTEwNy9wcm92aWRlcnMvTWljcm9zb2Z0LlNxbC9zZXJ2ZXJzL3BzNTc0Ny9kYXRhYmFzZXMvcHMyMDAvc3luY0dyb3Vwcy9wczM2OTIvcmVmcmVzaEh1YlNjaGVtYU9wZXJhdGlvblJlc3VsdHMvYzU1ZTc1ODQtODIwYS00ZDMyLWJkMWItNjAwYzQ4MTU4NGJkP2FwaS12ZXJzaW9uPTIwMTUtMDUtMDEtcHJldmlldw==",
      "RequestMethod": "GET",
      "RequestBody": "",
      "RequestHeaders": {
        "User-Agent": [
          "Microsoft.Azure.Management.Sql.LegacySdk.SqlManagementClient/2.12.0.0"
        ]
      },
      "ResponseHeaders": {
        "Cache-Control": [
          "no-cache"
        ],
        "Pragma": [
          "no-cache"
        ],
        "Location": [
          "https://management.azure.com/subscriptions/91446693-dafa-4cc0-8b12-ec2c6c3f6250/resourceGroups/ps1107/providers/Microsoft.Sql/servers/ps5747/databases/ps200/syncGroups/ps3692/refreshHubSchemaOperationResults/c55e7584-820a-4d32-bd1b-600c481584bd?api-version=2015-05-01-preview"
        ],
        "Retry-After": [
          "15"
        ],
        "x-ms-request-id": [
          "61bc30d1-eb10-4f57-882d-9346892ee485"
        ],
        "Server": [
          "Microsoft-HTTPAPI/2.0"
        ],
        "x-ms-ratelimit-remaining-subscription-reads": [
          "11990"
        ],
        "x-ms-correlation-request-id": [
          "9dec123b-8b6f-4fe1-aa8d-c263830b6722"
        ],
        "x-ms-routing-request-id": [
          "WESTCENTRALUS:20201117T190009Z:9dec123b-8b6f-4fe1-aa8d-c263830b6722"
        ],
        "Strict-Transport-Security": [
          "max-age=31536000; includeSubDomains"
        ],
        "X-Content-Type-Options": [
          "nosniff"
        ],
        "Date": [
          "Tue, 17 Nov 2020 19:00:09 GMT"
        ],
        "Content-Length": [
          "78"
        ],
        "Content-Type": [
          "application/json; charset=utf-8"
        ],
        "Expires": [
          "-1"
        ]
      },
      "ResponseBody": "{\r\n  \"operation\": \"RefrehSyncHubFullSchema\",\r\n  \"startTime\": \"2020-11-17T19:00:09.283Z\"\r\n}",
      "StatusCode": 202
    },
    {
      "RequestUri": "/subscriptions/91446693-dafa-4cc0-8b12-ec2c6c3f6250/resourceGroups/ps1107/providers/Microsoft.Sql/servers/ps5747/databases/ps200/syncGroups/ps3692/refreshHubSchemaOperationResults/c55e7584-820a-4d32-bd1b-600c481584bd?api-version=2015-05-01-preview",
      "EncodedRequestUri": "L3N1YnNjcmlwdGlvbnMvOTE0NDY2OTMtZGFmYS00Y2MwLThiMTItZWMyYzZjM2Y2MjUwL3Jlc291cmNlR3JvdXBzL3BzMTEwNy9wcm92aWRlcnMvTWljcm9zb2Z0LlNxbC9zZXJ2ZXJzL3BzNTc0Ny9kYXRhYmFzZXMvcHMyMDAvc3luY0dyb3Vwcy9wczM2OTIvcmVmcmVzaEh1YlNjaGVtYU9wZXJhdGlvblJlc3VsdHMvYzU1ZTc1ODQtODIwYS00ZDMyLWJkMWItNjAwYzQ4MTU4NGJkP2FwaS12ZXJzaW9uPTIwMTUtMDUtMDEtcHJldmlldw==",
      "RequestMethod": "GET",
      "RequestBody": "",
      "RequestHeaders": {
        "User-Agent": [
          "Microsoft.Azure.Management.Sql.LegacySdk.SqlManagementClient/2.12.0.0"
        ]
      },
      "ResponseHeaders": {
        "Cache-Control": [
          "no-cache"
        ],
        "Pragma": [
          "no-cache"
        ],
        "Location": [
          "https://management.azure.com/subscriptions/91446693-dafa-4cc0-8b12-ec2c6c3f6250/resourceGroups/ps1107/providers/Microsoft.Sql/servers/ps5747/databases/ps200/syncGroups/ps3692/refreshHubSchemaOperationResults/c55e7584-820a-4d32-bd1b-600c481584bd?api-version=2015-05-01-preview"
        ],
        "Retry-After": [
          "15"
        ],
        "x-ms-request-id": [
          "ff0b7317-1e73-4934-afb8-7ffa110fcc0d"
        ],
        "Server": [
          "Microsoft-HTTPAPI/2.0"
        ],
        "x-ms-ratelimit-remaining-subscription-reads": [
          "11989"
        ],
        "x-ms-correlation-request-id": [
          "ffc6d923-3532-459e-b2aa-b7bd648a503f"
        ],
        "x-ms-routing-request-id": [
          "WESTCENTRALUS:20201117T190009Z:ffc6d923-3532-459e-b2aa-b7bd648a503f"
        ],
        "Strict-Transport-Security": [
          "max-age=31536000; includeSubDomains"
        ],
        "X-Content-Type-Options": [
          "nosniff"
        ],
        "Date": [
          "Tue, 17 Nov 2020 19:00:09 GMT"
        ],
        "Content-Length": [
          "78"
        ],
        "Content-Type": [
          "application/json; charset=utf-8"
        ],
        "Expires": [
          "-1"
        ]
      },
      "ResponseBody": "{\r\n  \"operation\": \"RefrehSyncHubFullSchema\",\r\n  \"startTime\": \"2020-11-17T19:00:09.283Z\"\r\n}",
      "StatusCode": 202
    },
    {
      "RequestUri": "/subscriptions/91446693-dafa-4cc0-8b12-ec2c6c3f6250/resourceGroups/ps1107/providers/Microsoft.Sql/servers/ps5747/databases/ps200/syncGroups/ps3692/refreshHubSchemaOperationResults/c55e7584-820a-4d32-bd1b-600c481584bd?api-version=2015-05-01-preview",
      "EncodedRequestUri": "L3N1YnNjcmlwdGlvbnMvOTE0NDY2OTMtZGFmYS00Y2MwLThiMTItZWMyYzZjM2Y2MjUwL3Jlc291cmNlR3JvdXBzL3BzMTEwNy9wcm92aWRlcnMvTWljcm9zb2Z0LlNxbC9zZXJ2ZXJzL3BzNTc0Ny9kYXRhYmFzZXMvcHMyMDAvc3luY0dyb3Vwcy9wczM2OTIvcmVmcmVzaEh1YlNjaGVtYU9wZXJhdGlvblJlc3VsdHMvYzU1ZTc1ODQtODIwYS00ZDMyLWJkMWItNjAwYzQ4MTU4NGJkP2FwaS12ZXJzaW9uPTIwMTUtMDUtMDEtcHJldmlldw==",
      "RequestMethod": "GET",
      "RequestBody": "",
      "RequestHeaders": {
        "User-Agent": [
          "Microsoft.Azure.Management.Sql.LegacySdk.SqlManagementClient/2.12.0.0"
        ]
      },
      "ResponseHeaders": {
        "Cache-Control": [
          "no-cache"
        ],
        "Pragma": [
          "no-cache"
        ],
        "Location": [
          "https://management.azure.com/subscriptions/91446693-dafa-4cc0-8b12-ec2c6c3f6250/resourceGroups/ps1107/providers/Microsoft.Sql/servers/ps5747/databases/ps200/syncGroups/ps3692/refreshHubSchemaOperationResults/c55e7584-820a-4d32-bd1b-600c481584bd?api-version=2015-05-01-preview"
        ],
        "Retry-After": [
          "15"
        ],
        "x-ms-request-id": [
          "c83ccebf-7e55-4bb8-a9c1-c199a760e6c6"
        ],
        "Server": [
          "Microsoft-HTTPAPI/2.0"
        ],
        "x-ms-ratelimit-remaining-subscription-reads": [
          "11988"
        ],
        "x-ms-correlation-request-id": [
          "60ce3bc6-242a-42b8-8b4f-6422cbf37108"
        ],
        "x-ms-routing-request-id": [
          "WESTCENTRALUS:20201117T190009Z:60ce3bc6-242a-42b8-8b4f-6422cbf37108"
        ],
        "Strict-Transport-Security": [
          "max-age=31536000; includeSubDomains"
        ],
        "X-Content-Type-Options": [
          "nosniff"
        ],
        "Date": [
          "Tue, 17 Nov 2020 19:00:09 GMT"
        ],
        "Content-Length": [
          "78"
        ],
        "Content-Type": [
          "application/json; charset=utf-8"
        ],
        "Expires": [
          "-1"
        ]
      },
      "ResponseBody": "{\r\n  \"operation\": \"RefrehSyncHubFullSchema\",\r\n  \"startTime\": \"2020-11-17T19:00:09.283Z\"\r\n}",
      "StatusCode": 202
    },
    {
      "RequestUri": "/subscriptions/91446693-dafa-4cc0-8b12-ec2c6c3f6250/resourceGroups/ps1107/providers/Microsoft.Sql/servers/ps5747/databases/ps200/syncGroups/ps3692/refreshHubSchemaOperationResults/c55e7584-820a-4d32-bd1b-600c481584bd?api-version=2015-05-01-preview",
      "EncodedRequestUri": "L3N1YnNjcmlwdGlvbnMvOTE0NDY2OTMtZGFmYS00Y2MwLThiMTItZWMyYzZjM2Y2MjUwL3Jlc291cmNlR3JvdXBzL3BzMTEwNy9wcm92aWRlcnMvTWljcm9zb2Z0LlNxbC9zZXJ2ZXJzL3BzNTc0Ny9kYXRhYmFzZXMvcHMyMDAvc3luY0dyb3Vwcy9wczM2OTIvcmVmcmVzaEh1YlNjaGVtYU9wZXJhdGlvblJlc3VsdHMvYzU1ZTc1ODQtODIwYS00ZDMyLWJkMWItNjAwYzQ4MTU4NGJkP2FwaS12ZXJzaW9uPTIwMTUtMDUtMDEtcHJldmlldw==",
      "RequestMethod": "GET",
      "RequestBody": "",
      "RequestHeaders": {
        "User-Agent": [
          "Microsoft.Azure.Management.Sql.LegacySdk.SqlManagementClient/2.12.0.0"
        ]
      },
      "ResponseHeaders": {
        "Cache-Control": [
          "no-cache"
        ],
        "Pragma": [
          "no-cache"
        ],
        "Location": [
          "https://management.azure.com/subscriptions/91446693-dafa-4cc0-8b12-ec2c6c3f6250/resourceGroups/ps1107/providers/Microsoft.Sql/servers/ps5747/databases/ps200/syncGroups/ps3692/refreshHubSchemaOperationResults/c55e7584-820a-4d32-bd1b-600c481584bd?api-version=2015-05-01-preview"
        ],
        "Retry-After": [
          "15"
        ],
        "x-ms-request-id": [
          "cb2c5a53-dbd7-4e76-9d8a-3abbccdecc58"
        ],
        "Server": [
          "Microsoft-HTTPAPI/2.0"
        ],
        "x-ms-ratelimit-remaining-subscription-reads": [
          "11987"
        ],
        "x-ms-correlation-request-id": [
          "df273857-deeb-40be-b42a-ccc258b61ea1"
        ],
        "x-ms-routing-request-id": [
          "WESTCENTRALUS:20201117T190009Z:df273857-deeb-40be-b42a-ccc258b61ea1"
        ],
        "Strict-Transport-Security": [
          "max-age=31536000; includeSubDomains"
        ],
        "X-Content-Type-Options": [
          "nosniff"
        ],
        "Date": [
          "Tue, 17 Nov 2020 19:00:09 GMT"
        ],
        "Content-Length": [
          "78"
        ],
        "Content-Type": [
          "application/json; charset=utf-8"
        ],
        "Expires": [
          "-1"
        ]
      },
      "ResponseBody": "{\r\n  \"operation\": \"RefrehSyncHubFullSchema\",\r\n  \"startTime\": \"2020-11-17T19:00:09.283Z\"\r\n}",
      "StatusCode": 202
    },
    {
      "RequestUri": "/subscriptions/91446693-dafa-4cc0-8b12-ec2c6c3f6250/resourceGroups/ps1107/providers/Microsoft.Sql/servers/ps5747/databases/ps200/syncGroups/ps3692/refreshHubSchemaOperationResults/c55e7584-820a-4d32-bd1b-600c481584bd?api-version=2015-05-01-preview",
      "EncodedRequestUri": "L3N1YnNjcmlwdGlvbnMvOTE0NDY2OTMtZGFmYS00Y2MwLThiMTItZWMyYzZjM2Y2MjUwL3Jlc291cmNlR3JvdXBzL3BzMTEwNy9wcm92aWRlcnMvTWljcm9zb2Z0LlNxbC9zZXJ2ZXJzL3BzNTc0Ny9kYXRhYmFzZXMvcHMyMDAvc3luY0dyb3Vwcy9wczM2OTIvcmVmcmVzaEh1YlNjaGVtYU9wZXJhdGlvblJlc3VsdHMvYzU1ZTc1ODQtODIwYS00ZDMyLWJkMWItNjAwYzQ4MTU4NGJkP2FwaS12ZXJzaW9uPTIwMTUtMDUtMDEtcHJldmlldw==",
      "RequestMethod": "GET",
      "RequestBody": "",
      "RequestHeaders": {
        "User-Agent": [
          "Microsoft.Azure.Management.Sql.LegacySdk.SqlManagementClient/2.12.0.0"
        ]
      },
      "ResponseHeaders": {
        "Cache-Control": [
          "no-cache"
        ],
        "Pragma": [
          "no-cache"
        ],
        "Location": [
          "https://management.azure.com/subscriptions/91446693-dafa-4cc0-8b12-ec2c6c3f6250/resourceGroups/ps1107/providers/Microsoft.Sql/servers/ps5747/databases/ps200/syncGroups/ps3692/refreshHubSchemaOperationResults/c55e7584-820a-4d32-bd1b-600c481584bd?api-version=2015-05-01-preview"
        ],
        "Retry-After": [
          "15"
        ],
        "x-ms-request-id": [
          "affe175f-7c9f-46ac-a51f-f8804ee71af2"
        ],
        "Server": [
          "Microsoft-HTTPAPI/2.0"
        ],
        "x-ms-ratelimit-remaining-subscription-reads": [
          "11986"
        ],
        "x-ms-correlation-request-id": [
          "8e756abb-f831-4224-9d38-8167923e32cb"
        ],
        "x-ms-routing-request-id": [
          "WESTCENTRALUS:20201117T190009Z:8e756abb-f831-4224-9d38-8167923e32cb"
        ],
        "Strict-Transport-Security": [
          "max-age=31536000; includeSubDomains"
        ],
        "X-Content-Type-Options": [
          "nosniff"
        ],
        "Date": [
          "Tue, 17 Nov 2020 19:00:09 GMT"
        ],
        "Content-Length": [
          "78"
        ],
        "Content-Type": [
          "application/json; charset=utf-8"
        ],
        "Expires": [
          "-1"
        ]
      },
      "ResponseBody": "{\r\n  \"operation\": \"RefrehSyncHubFullSchema\",\r\n  \"startTime\": \"2020-11-17T19:00:09.283Z\"\r\n}",
      "StatusCode": 202
    },
    {
      "RequestUri": "/subscriptions/91446693-dafa-4cc0-8b12-ec2c6c3f6250/resourceGroups/ps1107/providers/Microsoft.Sql/servers/ps5747/databases/ps200/syncGroups/ps3692/refreshHubSchemaOperationResults/c55e7584-820a-4d32-bd1b-600c481584bd?api-version=2015-05-01-preview",
      "EncodedRequestUri": "L3N1YnNjcmlwdGlvbnMvOTE0NDY2OTMtZGFmYS00Y2MwLThiMTItZWMyYzZjM2Y2MjUwL3Jlc291cmNlR3JvdXBzL3BzMTEwNy9wcm92aWRlcnMvTWljcm9zb2Z0LlNxbC9zZXJ2ZXJzL3BzNTc0Ny9kYXRhYmFzZXMvcHMyMDAvc3luY0dyb3Vwcy9wczM2OTIvcmVmcmVzaEh1YlNjaGVtYU9wZXJhdGlvblJlc3VsdHMvYzU1ZTc1ODQtODIwYS00ZDMyLWJkMWItNjAwYzQ4MTU4NGJkP2FwaS12ZXJzaW9uPTIwMTUtMDUtMDEtcHJldmlldw==",
      "RequestMethod": "GET",
      "RequestBody": "",
      "RequestHeaders": {
        "User-Agent": [
          "Microsoft.Azure.Management.Sql.LegacySdk.SqlManagementClient/2.12.0.0"
        ]
      },
      "ResponseHeaders": {
        "Cache-Control": [
          "no-cache"
        ],
        "Pragma": [
          "no-cache"
        ],
        "Location": [
          "https://management.azure.com/subscriptions/91446693-dafa-4cc0-8b12-ec2c6c3f6250/resourceGroups/ps1107/providers/Microsoft.Sql/servers/ps5747/databases/ps200/syncGroups/ps3692/refreshHubSchemaOperationResults/c55e7584-820a-4d32-bd1b-600c481584bd?api-version=2015-05-01-preview"
        ],
        "Retry-After": [
          "15"
        ],
        "x-ms-request-id": [
          "4d486136-ff27-44db-85e7-9cfc39de1ab3"
        ],
        "Server": [
          "Microsoft-HTTPAPI/2.0"
        ],
        "x-ms-ratelimit-remaining-subscription-reads": [
          "11985"
        ],
        "x-ms-correlation-request-id": [
          "029802d6-7a8a-4093-91c8-4ae3fbe98a0c"
        ],
        "x-ms-routing-request-id": [
          "WESTCENTRALUS:20201117T190010Z:029802d6-7a8a-4093-91c8-4ae3fbe98a0c"
        ],
        "Strict-Transport-Security": [
          "max-age=31536000; includeSubDomains"
        ],
        "X-Content-Type-Options": [
          "nosniff"
        ],
        "Date": [
          "Tue, 17 Nov 2020 19:00:09 GMT"
        ],
        "Content-Length": [
          "78"
        ],
        "Content-Type": [
          "application/json; charset=utf-8"
        ],
        "Expires": [
          "-1"
        ]
      },
      "ResponseBody": "{\r\n  \"operation\": \"RefrehSyncHubFullSchema\",\r\n  \"startTime\": \"2020-11-17T19:00:09.283Z\"\r\n}",
      "StatusCode": 202
    },
    {
      "RequestUri": "/subscriptions/91446693-dafa-4cc0-8b12-ec2c6c3f6250/resourceGroups/ps1107/providers/Microsoft.Sql/servers/ps5747/databases/ps200/syncGroups/ps3692/refreshHubSchemaOperationResults/c55e7584-820a-4d32-bd1b-600c481584bd?api-version=2015-05-01-preview",
      "EncodedRequestUri": "L3N1YnNjcmlwdGlvbnMvOTE0NDY2OTMtZGFmYS00Y2MwLThiMTItZWMyYzZjM2Y2MjUwL3Jlc291cmNlR3JvdXBzL3BzMTEwNy9wcm92aWRlcnMvTWljcm9zb2Z0LlNxbC9zZXJ2ZXJzL3BzNTc0Ny9kYXRhYmFzZXMvcHMyMDAvc3luY0dyb3Vwcy9wczM2OTIvcmVmcmVzaEh1YlNjaGVtYU9wZXJhdGlvblJlc3VsdHMvYzU1ZTc1ODQtODIwYS00ZDMyLWJkMWItNjAwYzQ4MTU4NGJkP2FwaS12ZXJzaW9uPTIwMTUtMDUtMDEtcHJldmlldw==",
      "RequestMethod": "GET",
      "RequestBody": "",
      "RequestHeaders": {
        "User-Agent": [
          "Microsoft.Azure.Management.Sql.LegacySdk.SqlManagementClient/2.12.0.0"
        ]
      },
      "ResponseHeaders": {
        "Cache-Control": [
          "no-cache"
        ],
        "Pragma": [
          "no-cache"
        ],
        "Location": [
          "https://management.azure.com/subscriptions/91446693-dafa-4cc0-8b12-ec2c6c3f6250/resourceGroups/ps1107/providers/Microsoft.Sql/servers/ps5747/databases/ps200/syncGroups/ps3692/refreshHubSchemaOperationResults/c55e7584-820a-4d32-bd1b-600c481584bd?api-version=2015-05-01-preview"
        ],
        "Retry-After": [
          "15"
        ],
        "x-ms-request-id": [
          "ac2a15a4-f160-4c9e-bbd8-f527a37e4b82"
        ],
        "Server": [
          "Microsoft-HTTPAPI/2.0"
        ],
        "x-ms-ratelimit-remaining-subscription-reads": [
          "11984"
        ],
        "x-ms-correlation-request-id": [
          "765dac5b-2188-47fd-97cf-795e52f79787"
        ],
        "x-ms-routing-request-id": [
          "WESTCENTRALUS:20201117T190010Z:765dac5b-2188-47fd-97cf-795e52f79787"
        ],
        "Strict-Transport-Security": [
          "max-age=31536000; includeSubDomains"
        ],
        "X-Content-Type-Options": [
          "nosniff"
        ],
        "Date": [
          "Tue, 17 Nov 2020 19:00:09 GMT"
        ],
        "Content-Length": [
          "78"
        ],
        "Content-Type": [
          "application/json; charset=utf-8"
        ],
        "Expires": [
          "-1"
        ]
      },
      "ResponseBody": "{\r\n  \"operation\": \"RefrehSyncHubFullSchema\",\r\n  \"startTime\": \"2020-11-17T19:00:09.283Z\"\r\n}",
      "StatusCode": 202
    },
    {
      "RequestUri": "/subscriptions/91446693-dafa-4cc0-8b12-ec2c6c3f6250/resourceGroups/ps1107/providers/Microsoft.Sql/servers/ps5747/databases/ps200/syncGroups/ps3692/refreshHubSchemaOperationResults/c55e7584-820a-4d32-bd1b-600c481584bd?api-version=2015-05-01-preview",
      "EncodedRequestUri": "L3N1YnNjcmlwdGlvbnMvOTE0NDY2OTMtZGFmYS00Y2MwLThiMTItZWMyYzZjM2Y2MjUwL3Jlc291cmNlR3JvdXBzL3BzMTEwNy9wcm92aWRlcnMvTWljcm9zb2Z0LlNxbC9zZXJ2ZXJzL3BzNTc0Ny9kYXRhYmFzZXMvcHMyMDAvc3luY0dyb3Vwcy9wczM2OTIvcmVmcmVzaEh1YlNjaGVtYU9wZXJhdGlvblJlc3VsdHMvYzU1ZTc1ODQtODIwYS00ZDMyLWJkMWItNjAwYzQ4MTU4NGJkP2FwaS12ZXJzaW9uPTIwMTUtMDUtMDEtcHJldmlldw==",
      "RequestMethod": "GET",
      "RequestBody": "",
      "RequestHeaders": {
        "User-Agent": [
          "Microsoft.Azure.Management.Sql.LegacySdk.SqlManagementClient/2.12.0.0"
        ]
      },
      "ResponseHeaders": {
        "Cache-Control": [
          "no-cache"
        ],
        "Pragma": [
          "no-cache"
        ],
        "Location": [
          "https://management.azure.com/subscriptions/91446693-dafa-4cc0-8b12-ec2c6c3f6250/resourceGroups/ps1107/providers/Microsoft.Sql/servers/ps5747/databases/ps200/syncGroups/ps3692/refreshHubSchemaOperationResults/c55e7584-820a-4d32-bd1b-600c481584bd?api-version=2015-05-01-preview"
        ],
        "Retry-After": [
          "15"
        ],
        "x-ms-request-id": [
          "ec04c122-a3b8-4f45-87bb-a18c28de7972"
        ],
        "Server": [
          "Microsoft-HTTPAPI/2.0"
        ],
        "x-ms-ratelimit-remaining-subscription-reads": [
          "11983"
        ],
        "x-ms-correlation-request-id": [
          "bad1af90-bc09-4471-b014-43784f6e541b"
        ],
        "x-ms-routing-request-id": [
          "WESTCENTRALUS:20201117T190010Z:bad1af90-bc09-4471-b014-43784f6e541b"
        ],
        "Strict-Transport-Security": [
          "max-age=31536000; includeSubDomains"
        ],
        "X-Content-Type-Options": [
          "nosniff"
        ],
        "Date": [
          "Tue, 17 Nov 2020 19:00:10 GMT"
        ],
        "Content-Length": [
          "78"
        ],
        "Content-Type": [
          "application/json; charset=utf-8"
        ],
        "Expires": [
          "-1"
        ]
      },
      "ResponseBody": "{\r\n  \"operation\": \"RefrehSyncHubFullSchema\",\r\n  \"startTime\": \"2020-11-17T19:00:09.283Z\"\r\n}",
      "StatusCode": 202
    },
    {
      "RequestUri": "/subscriptions/91446693-dafa-4cc0-8b12-ec2c6c3f6250/resourceGroups/ps1107/providers/Microsoft.Sql/servers/ps5747/databases/ps200/syncGroups/ps3692/refreshHubSchemaOperationResults/c55e7584-820a-4d32-bd1b-600c481584bd?api-version=2015-05-01-preview",
      "EncodedRequestUri": "L3N1YnNjcmlwdGlvbnMvOTE0NDY2OTMtZGFmYS00Y2MwLThiMTItZWMyYzZjM2Y2MjUwL3Jlc291cmNlR3JvdXBzL3BzMTEwNy9wcm92aWRlcnMvTWljcm9zb2Z0LlNxbC9zZXJ2ZXJzL3BzNTc0Ny9kYXRhYmFzZXMvcHMyMDAvc3luY0dyb3Vwcy9wczM2OTIvcmVmcmVzaEh1YlNjaGVtYU9wZXJhdGlvblJlc3VsdHMvYzU1ZTc1ODQtODIwYS00ZDMyLWJkMWItNjAwYzQ4MTU4NGJkP2FwaS12ZXJzaW9uPTIwMTUtMDUtMDEtcHJldmlldw==",
      "RequestMethod": "GET",
      "RequestBody": "",
      "RequestHeaders": {
        "User-Agent": [
          "Microsoft.Azure.Management.Sql.LegacySdk.SqlManagementClient/2.12.0.0"
        ]
      },
      "ResponseHeaders": {
        "Cache-Control": [
          "no-cache"
        ],
        "Pragma": [
          "no-cache"
        ],
        "x-ms-request-id": [
          "66149a4e-5268-41a2-984a-c792d21d5dae"
        ],
        "Server": [
          "Microsoft-HTTPAPI/2.0"
        ],
        "x-ms-ratelimit-remaining-subscription-reads": [
          "11982"
        ],
        "x-ms-correlation-request-id": [
          "6b890d42-d7da-4e42-a451-fcb50ef5cb66"
        ],
        "x-ms-routing-request-id": [
          "WESTCENTRALUS:20201117T190010Z:6b890d42-d7da-4e42-a451-fcb50ef5cb66"
        ],
        "Strict-Transport-Security": [
          "max-age=31536000; includeSubDomains"
        ],
        "X-Content-Type-Options": [
          "nosniff"
        ],
        "Date": [
          "Tue, 17 Nov 2020 19:00:10 GMT"
        ],
        "Expires": [
          "-1"
        ],
        "Content-Length": [
          "0"
        ]
      },
      "ResponseBody": "",
      "StatusCode": 200
    },
    {
      "RequestUri": "/subscriptions/91446693-dafa-4cc0-8b12-ec2c6c3f6250/resourceGroups/ps1107/providers/Microsoft.Sql/servers/ps5747/databases/ps200/syncGroups/ps3692/hubSchemas?api-version=2015-05-01-preview",
      "EncodedRequestUri": "L3N1YnNjcmlwdGlvbnMvOTE0NDY2OTMtZGFmYS00Y2MwLThiMTItZWMyYzZjM2Y2MjUwL3Jlc291cmNlR3JvdXBzL3BzMTEwNy9wcm92aWRlcnMvTWljcm9zb2Z0LlNxbC9zZXJ2ZXJzL3BzNTc0Ny9kYXRhYmFzZXMvcHMyMDAvc3luY0dyb3Vwcy9wczM2OTIvaHViU2NoZW1hcz9hcGktdmVyc2lvbj0yMDE1LTA1LTAxLXByZXZpZXc=",
      "RequestMethod": "GET",
      "RequestBody": "",
      "RequestHeaders": {
        "User-Agent": [
          "Microsoft.Azure.Management.Sql.LegacySdk.SqlManagementClient/2.12.0.0"
        ]
      },
      "ResponseHeaders": {
        "Cache-Control": [
          "no-cache"
        ],
        "Pragma": [
          "no-cache"
        ],
        "x-ms-request-id": [
          "9ececb16-7024-4938-8079-03af0fa93d4e"
        ],
        "Server": [
          "Microsoft-HTTPAPI/2.0"
        ],
        "x-ms-ratelimit-remaining-subscription-reads": [
          "11981"
        ],
        "x-ms-correlation-request-id": [
          "e0f67a39-def6-4b41-9005-d17df4fb2d30"
        ],
        "x-ms-routing-request-id": [
          "WESTCENTRALUS:20201117T190010Z:e0f67a39-def6-4b41-9005-d17df4fb2d30"
        ],
        "Strict-Transport-Security": [
          "max-age=31536000; includeSubDomains"
        ],
        "X-Content-Type-Options": [
          "nosniff"
        ],
        "Date": [
          "Tue, 17 Nov 2020 19:00:10 GMT"
        ],
        "Content-Length": [
          "12"
        ],
        "Content-Type": [
          "application/json; charset=utf-8"
        ],
        "Expires": [
          "-1"
        ]
      },
      "ResponseBody": "{\r\n  \"value\": []\r\n}",
      "StatusCode": 200
    },
    {
      "RequestUri": "/subscriptions/91446693-dafa-4cc0-8b12-ec2c6c3f6250/resourcegroups/ps1107?api-version=2016-09-01",
      "EncodedRequestUri": "L3N1YnNjcmlwdGlvbnMvOTE0NDY2OTMtZGFmYS00Y2MwLThiMTItZWMyYzZjM2Y2MjUwL3Jlc291cmNlZ3JvdXBzL3BzMTEwNz9hcGktdmVyc2lvbj0yMDE2LTA5LTAx",
      "RequestMethod": "DELETE",
      "RequestBody": "",
      "RequestHeaders": {
        "x-ms-client-request-id": [
          "f9a8454a-5f2c-4734-b9e9-13096848a19a"
        ],
        "Accept-Language": [
          "en-US"
        ],
        "User-Agent": [
          "FxVersion/4.6.29321.03",
          "OSName/Windows",
          "OSVersion/Microsoft.Windows.10.0.17763.",
          "Microsoft.Azure.Management.Internal.Resources.ResourceManagementClient/1.3.29"
        ]
      },
      "ResponseHeaders": {
        "Cache-Control": [
          "no-cache"
        ],
        "Pragma": [
          "no-cache"
        ],
        "Location": [
          "https://management.azure.com/subscriptions/91446693-dafa-4cc0-8b12-ec2c6c3f6250/operationresults/eyJqb2JJZCI6IlJFU09VUkNFR1JPVVBERUxFVElPTkpPQi1QUzExMDctV0VTVENFTlRSQUxVUyIsImpvYkxvY2F0aW9uIjoid2VzdGNlbnRyYWx1cyJ9?api-version=2016-09-01"
        ],
        "Retry-After": [
          "15"
        ],
        "x-ms-ratelimit-remaining-subscription-deletes": [
          "14999"
        ],
        "x-ms-request-id": [
          "6022dbc2-29ae-46ac-9c24-7b176f9be898"
        ],
        "x-ms-correlation-request-id": [
          "6022dbc2-29ae-46ac-9c24-7b176f9be898"
        ],
        "x-ms-routing-request-id": [
          "WESTCENTRALUS:20201117T190010Z:6022dbc2-29ae-46ac-9c24-7b176f9be898"
        ],
        "Strict-Transport-Security": [
          "max-age=31536000; includeSubDomains"
        ],
        "X-Content-Type-Options": [
          "nosniff"
        ],
        "Date": [
          "Tue, 17 Nov 2020 19:00:10 GMT"
        ],
        "Expires": [
          "-1"
        ],
        "Content-Length": [
          "0"
        ]
      },
      "ResponseBody": "",
      "StatusCode": 202
    },
    {
      "RequestUri": "/subscriptions/91446693-dafa-4cc0-8b12-ec2c6c3f6250/operationresults/eyJqb2JJZCI6IlJFU09VUkNFR1JPVVBERUxFVElPTkpPQi1QUzExMDctV0VTVENFTlRSQUxVUyIsImpvYkxvY2F0aW9uIjoid2VzdGNlbnRyYWx1cyJ9?api-version=2016-09-01",
      "EncodedRequestUri": "L3N1YnNjcmlwdGlvbnMvOTE0NDY2OTMtZGFmYS00Y2MwLThiMTItZWMyYzZjM2Y2MjUwL29wZXJhdGlvbnJlc3VsdHMvZXlKcWIySkpaQ0k2SWxKRlUwOVZVa05GUjFKUFZWQkVSVXhGVkVsUFRrcFBRaTFRVXpFeE1EY3RWMFZUVkVORlRsUlNRVXhWVXlJc0ltcHZZa3h2WTJGMGFXOXVJam9pZDJWemRHTmxiblJ5WVd4MWN5Sjk/YXBpLXZlcnNpb249MjAxNi0wOS0wMQ==",
      "RequestMethod": "GET",
      "RequestBody": "",
      "RequestHeaders": {
        "User-Agent": [
          "FxVersion/4.6.29321.03",
          "OSName/Windows",
          "OSVersion/Microsoft.Windows.10.0.17763.",
          "Microsoft.Azure.Management.Internal.Resources.ResourceManagementClient/1.3.29"
        ]
      },
      "ResponseHeaders": {
        "Cache-Control": [
          "no-cache"
        ],
        "Pragma": [
          "no-cache"
        ],
        "Location": [
          "https://management.azure.com/subscriptions/91446693-dafa-4cc0-8b12-ec2c6c3f6250/operationresults/eyJqb2JJZCI6IlJFU09VUkNFR1JPVVBERUxFVElPTkpPQi1QUzExMDctV0VTVENFTlRSQUxVUyIsImpvYkxvY2F0aW9uIjoid2VzdGNlbnRyYWx1cyJ9?api-version=2016-09-01"
        ],
        "Retry-After": [
          "15"
        ],
        "x-ms-ratelimit-remaining-subscription-reads": [
          "11999"
        ],
        "x-ms-request-id": [
          "ba8ccc30-a557-46fe-8162-e9c9f2eee3f4"
        ],
        "x-ms-correlation-request-id": [
          "ba8ccc30-a557-46fe-8162-e9c9f2eee3f4"
        ],
        "x-ms-routing-request-id": [
          "WESTCENTRALUS:20201117T190025Z:ba8ccc30-a557-46fe-8162-e9c9f2eee3f4"
        ],
        "Strict-Transport-Security": [
          "max-age=31536000; includeSubDomains"
        ],
        "X-Content-Type-Options": [
          "nosniff"
        ],
        "Date": [
          "Tue, 17 Nov 2020 19:00:25 GMT"
        ],
        "Expires": [
          "-1"
        ],
        "Content-Length": [
          "0"
        ]
      },
      "ResponseBody": "",
      "StatusCode": 202
    },
    {
      "RequestUri": "/subscriptions/91446693-dafa-4cc0-8b12-ec2c6c3f6250/operationresults/eyJqb2JJZCI6IlJFU09VUkNFR1JPVVBERUxFVElPTkpPQi1QUzExMDctV0VTVENFTlRSQUxVUyIsImpvYkxvY2F0aW9uIjoid2VzdGNlbnRyYWx1cyJ9?api-version=2016-09-01",
      "EncodedRequestUri": "L3N1YnNjcmlwdGlvbnMvOTE0NDY2OTMtZGFmYS00Y2MwLThiMTItZWMyYzZjM2Y2MjUwL29wZXJhdGlvbnJlc3VsdHMvZXlKcWIySkpaQ0k2SWxKRlUwOVZVa05GUjFKUFZWQkVSVXhGVkVsUFRrcFBRaTFRVXpFeE1EY3RWMFZUVkVORlRsUlNRVXhWVXlJc0ltcHZZa3h2WTJGMGFXOXVJam9pZDJWemRHTmxiblJ5WVd4MWN5Sjk/YXBpLXZlcnNpb249MjAxNi0wOS0wMQ==",
      "RequestMethod": "GET",
      "RequestBody": "",
      "RequestHeaders": {
        "User-Agent": [
          "FxVersion/4.6.29321.03",
          "OSName/Windows",
          "OSVersion/Microsoft.Windows.10.0.17763.",
          "Microsoft.Azure.Management.Internal.Resources.ResourceManagementClient/1.3.29"
        ]
      },
      "ResponseHeaders": {
        "Cache-Control": [
          "no-cache"
        ],
        "Pragma": [
          "no-cache"
        ],
        "Location": [
          "https://management.azure.com/subscriptions/91446693-dafa-4cc0-8b12-ec2c6c3f6250/operationresults/eyJqb2JJZCI6IlJFU09VUkNFR1JPVVBERUxFVElPTkpPQi1QUzExMDctV0VTVENFTlRSQUxVUyIsImpvYkxvY2F0aW9uIjoid2VzdGNlbnRyYWx1cyJ9?api-version=2016-09-01"
        ],
        "Retry-After": [
          "15"
        ],
        "x-ms-ratelimit-remaining-subscription-reads": [
          "11998"
        ],
        "x-ms-request-id": [
          "1da99d8e-2229-4478-a49d-8f62cdd39175"
        ],
        "x-ms-correlation-request-id": [
          "1da99d8e-2229-4478-a49d-8f62cdd39175"
        ],
        "x-ms-routing-request-id": [
          "WESTCENTRALUS:20201117T190040Z:1da99d8e-2229-4478-a49d-8f62cdd39175"
        ],
        "Strict-Transport-Security": [
          "max-age=31536000; includeSubDomains"
        ],
        "X-Content-Type-Options": [
          "nosniff"
        ],
        "Date": [
          "Tue, 17 Nov 2020 19:00:40 GMT"
        ],
        "Expires": [
          "-1"
        ],
        "Content-Length": [
          "0"
        ]
      },
      "ResponseBody": "",
      "StatusCode": 202
    },
    {
      "RequestUri": "/subscriptions/91446693-dafa-4cc0-8b12-ec2c6c3f6250/operationresults/eyJqb2JJZCI6IlJFU09VUkNFR1JPVVBERUxFVElPTkpPQi1QUzExMDctV0VTVENFTlRSQUxVUyIsImpvYkxvY2F0aW9uIjoid2VzdGNlbnRyYWx1cyJ9?api-version=2016-09-01",
      "EncodedRequestUri": "L3N1YnNjcmlwdGlvbnMvOTE0NDY2OTMtZGFmYS00Y2MwLThiMTItZWMyYzZjM2Y2MjUwL29wZXJhdGlvbnJlc3VsdHMvZXlKcWIySkpaQ0k2SWxKRlUwOVZVa05GUjFKUFZWQkVSVXhGVkVsUFRrcFBRaTFRVXpFeE1EY3RWMFZUVkVORlRsUlNRVXhWVXlJc0ltcHZZa3h2WTJGMGFXOXVJam9pZDJWemRHTmxiblJ5WVd4MWN5Sjk/YXBpLXZlcnNpb249MjAxNi0wOS0wMQ==",
      "RequestMethod": "GET",
      "RequestBody": "",
      "RequestHeaders": {
        "User-Agent": [
          "FxVersion/4.6.29321.03",
          "OSName/Windows",
          "OSVersion/Microsoft.Windows.10.0.17763.",
          "Microsoft.Azure.Management.Internal.Resources.ResourceManagementClient/1.3.29"
        ]
      },
      "ResponseHeaders": {
        "Cache-Control": [
          "no-cache"
        ],
        "Pragma": [
          "no-cache"
        ],
        "Location": [
          "https://management.azure.com/subscriptions/91446693-dafa-4cc0-8b12-ec2c6c3f6250/operationresults/eyJqb2JJZCI6IlJFU09VUkNFR1JPVVBERUxFVElPTkpPQi1QUzExMDctV0VTVENFTlRSQUxVUyIsImpvYkxvY2F0aW9uIjoid2VzdGNlbnRyYWx1cyJ9?api-version=2016-09-01"
        ],
        "Retry-After": [
          "15"
        ],
        "x-ms-ratelimit-remaining-subscription-reads": [
          "11997"
        ],
        "x-ms-request-id": [
          "5d523e76-ab32-488e-b53a-fff8250a8266"
        ],
        "x-ms-correlation-request-id": [
          "5d523e76-ab32-488e-b53a-fff8250a8266"
        ],
        "x-ms-routing-request-id": [
          "WESTCENTRALUS:20201117T190056Z:5d523e76-ab32-488e-b53a-fff8250a8266"
        ],
        "Strict-Transport-Security": [
          "max-age=31536000; includeSubDomains"
        ],
        "X-Content-Type-Options": [
          "nosniff"
        ],
        "Date": [
          "Tue, 17 Nov 2020 19:00:55 GMT"
        ],
        "Expires": [
          "-1"
        ],
        "Content-Length": [
          "0"
        ]
      },
      "ResponseBody": "",
      "StatusCode": 202
    },
    {
      "RequestUri": "/subscriptions/91446693-dafa-4cc0-8b12-ec2c6c3f6250/operationresults/eyJqb2JJZCI6IlJFU09VUkNFR1JPVVBERUxFVElPTkpPQi1QUzExMDctV0VTVENFTlRSQUxVUyIsImpvYkxvY2F0aW9uIjoid2VzdGNlbnRyYWx1cyJ9?api-version=2016-09-01",
      "EncodedRequestUri": "L3N1YnNjcmlwdGlvbnMvOTE0NDY2OTMtZGFmYS00Y2MwLThiMTItZWMyYzZjM2Y2MjUwL29wZXJhdGlvbnJlc3VsdHMvZXlKcWIySkpaQ0k2SWxKRlUwOVZVa05GUjFKUFZWQkVSVXhGVkVsUFRrcFBRaTFRVXpFeE1EY3RWMFZUVkVORlRsUlNRVXhWVXlJc0ltcHZZa3h2WTJGMGFXOXVJam9pZDJWemRHTmxiblJ5WVd4MWN5Sjk/YXBpLXZlcnNpb249MjAxNi0wOS0wMQ==",
      "RequestMethod": "GET",
      "RequestBody": "",
      "RequestHeaders": {
        "User-Agent": [
          "FxVersion/4.6.29321.03",
          "OSName/Windows",
          "OSVersion/Microsoft.Windows.10.0.17763.",
          "Microsoft.Azure.Management.Internal.Resources.ResourceManagementClient/1.3.29"
        ]
      },
      "ResponseHeaders": {
        "Cache-Control": [
          "no-cache"
        ],
        "Pragma": [
          "no-cache"
        ],
        "Location": [
          "https://management.azure.com/subscriptions/91446693-dafa-4cc0-8b12-ec2c6c3f6250/operationresults/eyJqb2JJZCI6IlJFU09VUkNFR1JPVVBERUxFVElPTkpPQi1QUzExMDctV0VTVENFTlRSQUxVUyIsImpvYkxvY2F0aW9uIjoid2VzdGNlbnRyYWx1cyJ9?api-version=2016-09-01"
        ],
        "Retry-After": [
          "15"
        ],
        "x-ms-ratelimit-remaining-subscription-reads": [
          "11996"
        ],
        "x-ms-request-id": [
          "5cb314f0-bbb4-4a00-be72-2013136d2be7"
        ],
        "x-ms-correlation-request-id": [
          "5cb314f0-bbb4-4a00-be72-2013136d2be7"
        ],
        "x-ms-routing-request-id": [
          "WESTCENTRALUS:20201117T190111Z:5cb314f0-bbb4-4a00-be72-2013136d2be7"
        ],
        "Strict-Transport-Security": [
          "max-age=31536000; includeSubDomains"
        ],
        "X-Content-Type-Options": [
          "nosniff"
        ],
        "Date": [
          "Tue, 17 Nov 2020 19:01:10 GMT"
        ],
        "Expires": [
          "-1"
        ],
        "Content-Length": [
          "0"
        ]
      },
      "ResponseBody": "",
      "StatusCode": 202
    },
    {
      "RequestUri": "/subscriptions/91446693-dafa-4cc0-8b12-ec2c6c3f6250/operationresults/eyJqb2JJZCI6IlJFU09VUkNFR1JPVVBERUxFVElPTkpPQi1QUzExMDctV0VTVENFTlRSQUxVUyIsImpvYkxvY2F0aW9uIjoid2VzdGNlbnRyYWx1cyJ9?api-version=2016-09-01",
      "EncodedRequestUri": "L3N1YnNjcmlwdGlvbnMvOTE0NDY2OTMtZGFmYS00Y2MwLThiMTItZWMyYzZjM2Y2MjUwL29wZXJhdGlvbnJlc3VsdHMvZXlKcWIySkpaQ0k2SWxKRlUwOVZVa05GUjFKUFZWQkVSVXhGVkVsUFRrcFBRaTFRVXpFeE1EY3RWMFZUVkVORlRsUlNRVXhWVXlJc0ltcHZZa3h2WTJGMGFXOXVJam9pZDJWemRHTmxiblJ5WVd4MWN5Sjk/YXBpLXZlcnNpb249MjAxNi0wOS0wMQ==",
      "RequestMethod": "GET",
      "RequestBody": "",
      "RequestHeaders": {
        "User-Agent": [
          "FxVersion/4.6.29321.03",
          "OSName/Windows",
          "OSVersion/Microsoft.Windows.10.0.17763.",
          "Microsoft.Azure.Management.Internal.Resources.ResourceManagementClient/1.3.29"
        ]
      },
      "ResponseHeaders": {
        "Cache-Control": [
          "no-cache"
        ],
        "Pragma": [
          "no-cache"
        ],
        "Location": [
          "https://management.azure.com/subscriptions/91446693-dafa-4cc0-8b12-ec2c6c3f6250/operationresults/eyJqb2JJZCI6IlJFU09VUkNFR1JPVVBERUxFVElPTkpPQi1QUzExMDctV0VTVENFTlRSQUxVUyIsImpvYkxvY2F0aW9uIjoid2VzdGNlbnRyYWx1cyJ9?api-version=2016-09-01"
        ],
        "Retry-After": [
          "15"
        ],
        "x-ms-ratelimit-remaining-subscription-reads": [
          "11995"
        ],
        "x-ms-request-id": [
          "36eb055e-1b29-4cef-a9d8-6050b3c237ee"
        ],
        "x-ms-correlation-request-id": [
          "36eb055e-1b29-4cef-a9d8-6050b3c237ee"
        ],
        "x-ms-routing-request-id": [
          "WESTCENTRALUS:20201117T190126Z:36eb055e-1b29-4cef-a9d8-6050b3c237ee"
        ],
        "Strict-Transport-Security": [
          "max-age=31536000; includeSubDomains"
        ],
        "X-Content-Type-Options": [
          "nosniff"
        ],
        "Date": [
          "Tue, 17 Nov 2020 19:01:25 GMT"
        ],
        "Expires": [
          "-1"
        ],
        "Content-Length": [
          "0"
        ]
      },
      "ResponseBody": "",
      "StatusCode": 202
    },
    {
      "RequestUri": "/subscriptions/91446693-dafa-4cc0-8b12-ec2c6c3f6250/operationresults/eyJqb2JJZCI6IlJFU09VUkNFR1JPVVBERUxFVElPTkpPQi1QUzExMDctV0VTVENFTlRSQUxVUyIsImpvYkxvY2F0aW9uIjoid2VzdGNlbnRyYWx1cyJ9?api-version=2016-09-01",
      "EncodedRequestUri": "L3N1YnNjcmlwdGlvbnMvOTE0NDY2OTMtZGFmYS00Y2MwLThiMTItZWMyYzZjM2Y2MjUwL29wZXJhdGlvbnJlc3VsdHMvZXlKcWIySkpaQ0k2SWxKRlUwOVZVa05GUjFKUFZWQkVSVXhGVkVsUFRrcFBRaTFRVXpFeE1EY3RWMFZUVkVORlRsUlNRVXhWVXlJc0ltcHZZa3h2WTJGMGFXOXVJam9pZDJWemRHTmxiblJ5WVd4MWN5Sjk/YXBpLXZlcnNpb249MjAxNi0wOS0wMQ==",
      "RequestMethod": "GET",
      "RequestBody": "",
      "RequestHeaders": {
        "User-Agent": [
          "FxVersion/4.6.29321.03",
          "OSName/Windows",
          "OSVersion/Microsoft.Windows.10.0.17763.",
          "Microsoft.Azure.Management.Internal.Resources.ResourceManagementClient/1.3.29"
        ]
      },
      "ResponseHeaders": {
        "Cache-Control": [
          "no-cache"
        ],
        "Pragma": [
          "no-cache"
        ],
        "Location": [
          "https://management.azure.com/subscriptions/91446693-dafa-4cc0-8b12-ec2c6c3f6250/operationresults/eyJqb2JJZCI6IlJFU09VUkNFR1JPVVBERUxFVElPTkpPQi1QUzExMDctV0VTVENFTlRSQUxVUyIsImpvYkxvY2F0aW9uIjoid2VzdGNlbnRyYWx1cyJ9?api-version=2016-09-01"
        ],
        "Retry-After": [
          "15"
        ],
        "x-ms-ratelimit-remaining-subscription-reads": [
          "11994"
        ],
        "x-ms-request-id": [
          "aef1ba14-5583-400f-bf55-432a3d124472"
        ],
        "x-ms-correlation-request-id": [
          "aef1ba14-5583-400f-bf55-432a3d124472"
        ],
        "x-ms-routing-request-id": [
          "WESTCENTRALUS:20201117T190141Z:aef1ba14-5583-400f-bf55-432a3d124472"
        ],
        "Strict-Transport-Security": [
          "max-age=31536000; includeSubDomains"
        ],
        "X-Content-Type-Options": [
          "nosniff"
        ],
        "Date": [
          "Tue, 17 Nov 2020 19:01:40 GMT"
        ],
        "Expires": [
          "-1"
        ],
        "Content-Length": [
          "0"
        ]
      },
      "ResponseBody": "",
      "StatusCode": 202
    },
    {
      "RequestUri": "/subscriptions/91446693-dafa-4cc0-8b12-ec2c6c3f6250/operationresults/eyJqb2JJZCI6IlJFU09VUkNFR1JPVVBERUxFVElPTkpPQi1QUzExMDctV0VTVENFTlRSQUxVUyIsImpvYkxvY2F0aW9uIjoid2VzdGNlbnRyYWx1cyJ9?api-version=2016-09-01",
      "EncodedRequestUri": "L3N1YnNjcmlwdGlvbnMvOTE0NDY2OTMtZGFmYS00Y2MwLThiMTItZWMyYzZjM2Y2MjUwL29wZXJhdGlvbnJlc3VsdHMvZXlKcWIySkpaQ0k2SWxKRlUwOVZVa05GUjFKUFZWQkVSVXhGVkVsUFRrcFBRaTFRVXpFeE1EY3RWMFZUVkVORlRsUlNRVXhWVXlJc0ltcHZZa3h2WTJGMGFXOXVJam9pZDJWemRHTmxiblJ5WVd4MWN5Sjk/YXBpLXZlcnNpb249MjAxNi0wOS0wMQ==",
      "RequestMethod": "GET",
      "RequestBody": "",
      "RequestHeaders": {
        "User-Agent": [
          "FxVersion/4.6.29321.03",
          "OSName/Windows",
          "OSVersion/Microsoft.Windows.10.0.17763.",
          "Microsoft.Azure.Management.Internal.Resources.ResourceManagementClient/1.3.29"
        ]
      },
      "ResponseHeaders": {
        "Cache-Control": [
          "no-cache"
        ],
        "Pragma": [
          "no-cache"
        ],
        "x-ms-ratelimit-remaining-subscription-reads": [
          "11993"
        ],
        "x-ms-request-id": [
          "5a4ce76c-d58e-48f0-8ae5-0620b288a737"
        ],
        "x-ms-correlation-request-id": [
          "5a4ce76c-d58e-48f0-8ae5-0620b288a737"
        ],
        "x-ms-routing-request-id": [
          "WESTCENTRALUS:20201117T190156Z:5a4ce76c-d58e-48f0-8ae5-0620b288a737"
        ],
        "Strict-Transport-Security": [
          "max-age=31536000; includeSubDomains"
        ],
        "X-Content-Type-Options": [
          "nosniff"
        ],
        "Date": [
          "Tue, 17 Nov 2020 19:01:55 GMT"
        ],
        "Expires": [
          "-1"
        ],
        "Content-Length": [
          "0"
        ]
      },
      "ResponseBody": "",
      "StatusCode": 200
    },
    {
      "RequestUri": "/subscriptions/91446693-dafa-4cc0-8b12-ec2c6c3f6250/operationresults/eyJqb2JJZCI6IlJFU09VUkNFR1JPVVBERUxFVElPTkpPQi1QUzExMDctV0VTVENFTlRSQUxVUyIsImpvYkxvY2F0aW9uIjoid2VzdGNlbnRyYWx1cyJ9?api-version=2016-09-01",
      "EncodedRequestUri": "L3N1YnNjcmlwdGlvbnMvOTE0NDY2OTMtZGFmYS00Y2MwLThiMTItZWMyYzZjM2Y2MjUwL29wZXJhdGlvbnJlc3VsdHMvZXlKcWIySkpaQ0k2SWxKRlUwOVZVa05GUjFKUFZWQkVSVXhGVkVsUFRrcFBRaTFRVXpFeE1EY3RWMFZUVkVORlRsUlNRVXhWVXlJc0ltcHZZa3h2WTJGMGFXOXVJam9pZDJWemRHTmxiblJ5WVd4MWN5Sjk/YXBpLXZlcnNpb249MjAxNi0wOS0wMQ==",
      "RequestMethod": "GET",
      "RequestBody": "",
      "RequestHeaders": {
        "User-Agent": [
          "FxVersion/4.6.29321.03",
          "OSName/Windows",
          "OSVersion/Microsoft.Windows.10.0.17763.",
          "Microsoft.Azure.Management.Internal.Resources.ResourceManagementClient/1.3.29"
        ]
      },
      "ResponseHeaders": {
        "Cache-Control": [
          "no-cache"
        ],
        "Pragma": [
          "no-cache"
        ],
        "x-ms-ratelimit-remaining-subscription-reads": [
          "11992"
        ],
        "x-ms-request-id": [
          "0e128997-3b92-4c7d-803d-efce1e587a33"
        ],
        "x-ms-correlation-request-id": [
          "0e128997-3b92-4c7d-803d-efce1e587a33"
        ],
        "x-ms-routing-request-id": [
          "WESTCENTRALUS:20201117T190156Z:0e128997-3b92-4c7d-803d-efce1e587a33"
        ],
        "Strict-Transport-Security": [
          "max-age=31536000; includeSubDomains"
        ],
        "X-Content-Type-Options": [
          "nosniff"
        ],
        "Date": [
          "Tue, 17 Nov 2020 19:01:55 GMT"
        ],
        "Expires": [
          "-1"
        ],
        "Content-Length": [
          "0"
        ]
      },
      "ResponseBody": "",
      "StatusCode": 200
    }
  ],
  "Names": {
    "Test-RefreshAndGetSyncGroupHubSchema": [
      "ps1107",
      "ps5747",
      "ps200",
      "ps6985",
      "ps3692"
    ]
  },
  "Variables": {
    "SubscriptionId": "91446693-dafa-4cc0-8b12-ec2c6c3f6250"
  }
}