{
  "Entries": [
    {
      "RequestUri": "/subscriptions/2c647056-bab2-4175-b172-493ff049eb29/resourcegroups/ps5577?api-version=2016-09-01",
      "EncodedRequestUri": "L3N1YnNjcmlwdGlvbnMvMmM2NDcwNTYtYmFiMi00MTc1LWIxNzItNDkzZmYwNDllYjI5L3Jlc291cmNlZ3JvdXBzL3BzNTU3Nz9hcGktdmVyc2lvbj0yMDE2LTA5LTAx",
      "RequestMethod": "PUT",
      "RequestBody": "{\r\n  \"location\": \"westcentralus\"\r\n}",
      "RequestHeaders": {
        "x-ms-client-request-id": [
          "2772ec4d-aed5-4cc9-9e6b-86457ae01b50"
        ],
        "Accept-Language": [
          "en-US"
        ],
        "User-Agent": [
          "FxVersion/4.6.29916.01",
          "OSName/Windows",
          "OSVersion/Microsoft.Windows.10.0.14393.",
          "Microsoft.Azure.Management.Internal.Resources.ResourceManagementClient/1.3.32"
        ],
        "Content-Type": [
          "application/json; charset=utf-8"
        ],
        "Content-Length": [
          "35"
        ]
      },
      "ResponseHeaders": {
        "Cache-Control": [
          "no-cache"
        ],
        "Pragma": [
          "no-cache"
        ],
        "x-ms-ratelimit-remaining-subscription-writes": [
          "1198"
        ],
        "x-ms-request-id": [
          "9c5ac9f1-b4a2-436d-bea3-c5830d09e2c6"
        ],
        "x-ms-correlation-request-id": [
          "9c5ac9f1-b4a2-436d-bea3-c5830d09e2c6"
        ],
        "x-ms-routing-request-id": [
          "WESTCENTRALUS:20210517T053925Z:9c5ac9f1-b4a2-436d-bea3-c5830d09e2c6"
        ],
        "Strict-Transport-Security": [
          "max-age=31536000; includeSubDomains"
        ],
        "X-Content-Type-Options": [
          "nosniff"
        ],
        "Date": [
          "Mon, 17 May 2021 05:39:25 GMT"
        ],
        "Content-Length": [
          "172"
        ],
        "Content-Type": [
          "application/json; charset=utf-8"
        ],
        "Expires": [
          "-1"
        ]
      },
      "ResponseBody": "{\r\n  \"id\": \"/subscriptions/2c647056-bab2-4175-b172-493ff049eb29/resourceGroups/ps5577\",\r\n  \"name\": \"ps5577\",\r\n  \"location\": \"westcentralus\",\r\n  \"properties\": {\r\n    \"provisioningState\": \"Succeeded\"\r\n  }\r\n}",
      "StatusCode": 201
    },
    {
      "RequestUri": "/subscriptions/2c647056-bab2-4175-b172-493ff049eb29/resourceGroups/ps5577/providers/Microsoft.Sql/servers/ps5848?api-version=2020-11-01-preview",
      "EncodedRequestUri": "L3N1YnNjcmlwdGlvbnMvMmM2NDcwNTYtYmFiMi00MTc1LWIxNzItNDkzZmYwNDllYjI5L3Jlc291cmNlR3JvdXBzL3BzNTU3Ny9wcm92aWRlcnMvTWljcm9zb2Z0LlNxbC9zZXJ2ZXJzL3BzNTg0OD9hcGktdmVyc2lvbj0yMDIwLTExLTAxLXByZXZpZXc=",
      "RequestMethod": "GET",
      "RequestBody": "",
      "RequestHeaders": {
        "x-ms-client-request-id": [
          "442e1c2b-274a-4146-b59a-3015e140a8de"
        ],
        "Accept-Language": [
          "en-US"
        ],
        "User-Agent": [
          "FxVersion/4.6.29916.01",
          "OSName/Windows",
          "OSVersion/Microsoft.Windows.10.0.14393.",
          "Microsoft.Azure.Management.Sql.SqlManagementClient/1.52.0.0"
        ]
      },
      "ResponseHeaders": {
        "Cache-Control": [
          "no-cache"
        ],
        "Pragma": [
          "no-cache"
        ],
        "x-ms-failure-cause": [
          "gateway"
        ],
        "x-ms-request-id": [
          "86dfe11a-c9cd-462a-9f2c-8a5594f14723"
        ],
        "x-ms-correlation-request-id": [
          "86dfe11a-c9cd-462a-9f2c-8a5594f14723"
        ],
        "x-ms-routing-request-id": [
          "WESTCENTRALUS:20210517T053926Z:86dfe11a-c9cd-462a-9f2c-8a5594f14723"
        ],
        "Strict-Transport-Security": [
          "max-age=31536000; includeSubDomains"
        ],
        "X-Content-Type-Options": [
          "nosniff"
        ],
        "Date": [
          "Mon, 17 May 2021 05:39:25 GMT"
        ],
        "Content-Type": [
          "application/json; charset=utf-8"
        ],
        "Expires": [
          "-1"
        ],
        "Content-Length": [
          "206"
        ]
      },
      "ResponseBody": "{\r\n  \"error\": {\r\n    \"code\": \"ResourceNotFound\",\r\n    \"message\": \"The Resource 'Microsoft.Sql/servers/ps5848' under resource group 'ps5577' was not found. For more details please go to https://aka.ms/ARMResourceNotFoundFix\"\r\n  }\r\n}",
      "StatusCode": 404
    },
    {
      "RequestUri": "/subscriptions/2c647056-bab2-4175-b172-493ff049eb29/resourceGroups/ps5577/providers/Microsoft.Sql/servers/ps5848?api-version=2020-11-01-preview",
      "EncodedRequestUri": "L3N1YnNjcmlwdGlvbnMvMmM2NDcwNTYtYmFiMi00MTc1LWIxNzItNDkzZmYwNDllYjI5L3Jlc291cmNlR3JvdXBzL3BzNTU3Ny9wcm92aWRlcnMvTWljcm9zb2Z0LlNxbC9zZXJ2ZXJzL3BzNTg0OD9hcGktdmVyc2lvbj0yMDIwLTExLTAxLXByZXZpZXc=",
      "RequestMethod": "GET",
      "RequestBody": "",
      "RequestHeaders": {
        "x-ms-client-request-id": [
          "442e1c2b-274a-4146-b59a-3015e140a8de"
        ],
        "User-Agent": [
          "FxVersion/4.6.29916.01",
          "OSName/Windows",
          "OSVersion/Microsoft.Windows.10.0.14393.",
          "Microsoft.Azure.Management.Sql.SqlManagementClient/1.52.0.0"
        ]
      },
      "ResponseHeaders": {
        "Cache-Control": [
          "no-cache"
        ],
        "Pragma": [
          "no-cache"
        ],
        "x-ms-request-id": [
          "c2b90d22-1009-4832-8f28-4c3904c7452f"
        ],
        "Server": [
          "Microsoft-HTTPAPI/2.0"
        ],
        "x-ms-ratelimit-remaining-subscription-reads": [
          "11990"
        ],
        "x-ms-correlation-request-id": [
          "95c55691-7459-40c3-8c78-f80e9582839e"
        ],
        "x-ms-routing-request-id": [
          "WESTCENTRALUS:20210517T054032Z:95c55691-7459-40c3-8c78-f80e9582839e"
        ],
        "Strict-Transport-Security": [
          "max-age=31536000; includeSubDomains"
        ],
        "X-Content-Type-Options": [
          "nosniff"
        ],
        "Date": [
          "Mon, 17 May 2021 05:40:32 GMT"
        ],
        "Content-Length": [
          "409"
        ],
        "Content-Type": [
          "application/json; charset=utf-8"
        ],
        "Expires": [
          "-1"
        ]
      },
      "ResponseBody": "{\r\n  \"kind\": \"v12.0\",\r\n  \"properties\": {\r\n    \"administratorLogin\": \"testusername\",\r\n    \"version\": \"12.0\",\r\n    \"state\": \"Ready\",\r\n    \"fullyQualifiedDomainName\": \"ps5848.database.windows.net\",\r\n    \"privateEndpointConnections\": [],\r\n    \"publicNetworkAccess\": \"Enabled\"\r\n  },\r\n  \"location\": \"westus2\",\r\n  \"id\": \"/subscriptions/2c647056-bab2-4175-b172-493ff049eb29/resourceGroups/ps5577/providers/Microsoft.Sql/servers/ps5848\",\r\n  \"name\": \"ps5848\",\r\n  \"type\": \"Microsoft.Sql/servers\"\r\n}",
      "StatusCode": 200
    },
    {
      "RequestUri": "/subscriptions/2c647056-bab2-4175-b172-493ff049eb29/resourceGroups/ps5577/providers/Microsoft.Sql/servers/ps5848?api-version=2020-11-01-preview",
      "EncodedRequestUri": "L3N1YnNjcmlwdGlvbnMvMmM2NDcwNTYtYmFiMi00MTc1LWIxNzItNDkzZmYwNDllYjI5L3Jlc291cmNlR3JvdXBzL3BzNTU3Ny9wcm92aWRlcnMvTWljcm9zb2Z0LlNxbC9zZXJ2ZXJzL3BzNTg0OD9hcGktdmVyc2lvbj0yMDIwLTExLTAxLXByZXZpZXc=",
      "RequestMethod": "GET",
      "RequestBody": "",
      "RequestHeaders": {
        "x-ms-client-request-id": [
          "1596f99c-68b2-467e-8dcd-a4b596884fcb"
        ],
        "Accept-Language": [
          "en-US"
        ],
        "User-Agent": [
          "FxVersion/4.6.29916.01",
          "OSName/Windows",
          "OSVersion/Microsoft.Windows.10.0.14393.",
          "Microsoft.Azure.Management.Sql.SqlManagementClient/1.52.0.0"
        ]
      },
      "ResponseHeaders": {
        "Cache-Control": [
          "no-cache"
        ],
        "Pragma": [
          "no-cache"
        ],
        "x-ms-request-id": [
          "4ad5bfdd-dcdb-4948-b093-e02b36132027"
        ],
        "Server": [
          "Microsoft-HTTPAPI/2.0"
        ],
        "x-ms-ratelimit-remaining-subscription-reads": [
          "11989"
        ],
        "x-ms-correlation-request-id": [
          "26d5f34e-95c9-4a61-a306-4f929739898e"
        ],
        "x-ms-routing-request-id": [
          "WESTCENTRALUS:20210517T054032Z:26d5f34e-95c9-4a61-a306-4f929739898e"
        ],
        "Strict-Transport-Security": [
          "max-age=31536000; includeSubDomains"
        ],
        "X-Content-Type-Options": [
          "nosniff"
        ],
        "Date": [
          "Mon, 17 May 2021 05:40:32 GMT"
        ],
        "Content-Length": [
          "409"
        ],
        "Content-Type": [
          "application/json; charset=utf-8"
        ],
        "Expires": [
          "-1"
        ]
      },
      "ResponseBody": "{\r\n  \"kind\": \"v12.0\",\r\n  \"properties\": {\r\n    \"administratorLogin\": \"testusername\",\r\n    \"version\": \"12.0\",\r\n    \"state\": \"Ready\",\r\n    \"fullyQualifiedDomainName\": \"ps5848.database.windows.net\",\r\n    \"privateEndpointConnections\": [],\r\n    \"publicNetworkAccess\": \"Enabled\"\r\n  },\r\n  \"location\": \"westus2\",\r\n  \"id\": \"/subscriptions/2c647056-bab2-4175-b172-493ff049eb29/resourceGroups/ps5577/providers/Microsoft.Sql/servers/ps5848\",\r\n  \"name\": \"ps5848\",\r\n  \"type\": \"Microsoft.Sql/servers\"\r\n}",
      "StatusCode": 200
    },
    {
      "RequestUri": "/subscriptions/2c647056-bab2-4175-b172-493ff049eb29/resourceGroups/ps5577/providers/Microsoft.Sql/servers/ps5848?api-version=2020-11-01-preview",
      "EncodedRequestUri": "L3N1YnNjcmlwdGlvbnMvMmM2NDcwNTYtYmFiMi00MTc1LWIxNzItNDkzZmYwNDllYjI5L3Jlc291cmNlR3JvdXBzL3BzNTU3Ny9wcm92aWRlcnMvTWljcm9zb2Z0LlNxbC9zZXJ2ZXJzL3BzNTg0OD9hcGktdmVyc2lvbj0yMDIwLTExLTAxLXByZXZpZXc=",
      "RequestMethod": "GET",
      "RequestBody": "",
      "RequestHeaders": {
        "x-ms-client-request-id": [
          "1596f99c-68b2-467e-8dcd-a4b596884fcb"
        ],
        "Accept-Language": [
          "en-US"
        ],
        "User-Agent": [
          "FxVersion/4.6.29916.01",
          "OSName/Windows",
          "OSVersion/Microsoft.Windows.10.0.14393.",
          "Microsoft.Azure.Management.Sql.SqlManagementClient/1.52.0.0"
        ]
      },
      "ResponseHeaders": {
        "Cache-Control": [
          "no-cache"
        ],
        "Pragma": [
          "no-cache"
        ],
        "x-ms-request-id": [
          "021963d5-a243-4033-9778-e5fbd40498bd"
        ],
        "Server": [
          "Microsoft-HTTPAPI/2.0"
        ],
        "x-ms-ratelimit-remaining-subscription-reads": [
          "11987"
        ],
        "x-ms-correlation-request-id": [
          "ee883162-7259-4995-b07a-58a9fc8435fb"
        ],
        "x-ms-routing-request-id": [
          "WESTCENTRALUS:20210517T054032Z:ee883162-7259-4995-b07a-58a9fc8435fb"
        ],
        "Strict-Transport-Security": [
          "max-age=31536000; includeSubDomains"
        ],
        "X-Content-Type-Options": [
          "nosniff"
        ],
        "Date": [
          "Mon, 17 May 2021 05:40:32 GMT"
        ],
        "Content-Length": [
          "409"
        ],
        "Content-Type": [
          "application/json; charset=utf-8"
        ],
        "Expires": [
          "-1"
        ]
      },
      "ResponseBody": "{\r\n  \"kind\": \"v12.0\",\r\n  \"properties\": {\r\n    \"administratorLogin\": \"testusername\",\r\n    \"version\": \"12.0\",\r\n    \"state\": \"Ready\",\r\n    \"fullyQualifiedDomainName\": \"ps5848.database.windows.net\",\r\n    \"privateEndpointConnections\": [],\r\n    \"publicNetworkAccess\": \"Enabled\"\r\n  },\r\n  \"location\": \"westus2\",\r\n  \"id\": \"/subscriptions/2c647056-bab2-4175-b172-493ff049eb29/resourceGroups/ps5577/providers/Microsoft.Sql/servers/ps5848\",\r\n  \"name\": \"ps5848\",\r\n  \"type\": \"Microsoft.Sql/servers\"\r\n}",
      "StatusCode": 200
    },
    {
      "RequestUri": "/subscriptions/2c647056-bab2-4175-b172-493ff049eb29/resourceGroups/ps5577/providers/Microsoft.Sql/servers/ps5848?api-version=2020-11-01-preview",
      "EncodedRequestUri": "L3N1YnNjcmlwdGlvbnMvMmM2NDcwNTYtYmFiMi00MTc1LWIxNzItNDkzZmYwNDllYjI5L3Jlc291cmNlR3JvdXBzL3BzNTU3Ny9wcm92aWRlcnMvTWljcm9zb2Z0LlNxbC9zZXJ2ZXJzL3BzNTg0OD9hcGktdmVyc2lvbj0yMDIwLTExLTAxLXByZXZpZXc=",
      "RequestMethod": "PUT",
      "RequestBody": "{\r\n  \"properties\": {\r\n    \"administratorLogin\": \"testusername\",\r\n    \"administratorLoginPassword\": \"t357ingP@s5w0rd!\"\r\n  },\r\n  \"location\": \"West US 2\"\r\n}",
      "RequestHeaders": {
        "x-ms-client-request-id": [
          "442e1c2b-274a-4146-b59a-3015e140a8de"
        ],
        "Accept-Language": [
          "en-US"
        ],
        "User-Agent": [
          "FxVersion/4.6.29916.01",
          "OSName/Windows",
          "OSVersion/Microsoft.Windows.10.0.14393.",
          "Microsoft.Azure.Management.Sql.SqlManagementClient/1.52.0.0"
        ],
        "Content-Type": [
          "application/json; charset=utf-8"
        ],
        "Content-Length": [
          "153"
        ]
      },
      "ResponseHeaders": {
        "Cache-Control": [
          "no-cache"
        ],
        "Pragma": [
          "no-cache"
        ],
        "Location": [
          "https://management.azure.com/subscriptions/2c647056-bab2-4175-b172-493ff049eb29/resourceGroups/ps5577/providers/Microsoft.Sql/locations/westus2/serverOperationResults/9b2ab7ed-1fae-4f19-ad5a-547c12a5c48f?api-version=2020-11-01-preview"
        ],
        "Retry-After": [
          "1"
        ],
        "Azure-AsyncOperation": [
          "https://management.azure.com/subscriptions/2c647056-bab2-4175-b172-493ff049eb29/resourceGroups/ps5577/providers/Microsoft.Sql/locations/westus2/serverAzureAsyncOperation/9b2ab7ed-1fae-4f19-ad5a-547c12a5c48f?api-version=2020-11-01-preview"
        ],
        "x-ms-request-id": [
          "9b2ab7ed-1fae-4f19-ad5a-547c12a5c48f"
        ],
        "Server": [
          "Microsoft-HTTPAPI/2.0"
        ],
        "x-ms-ratelimit-remaining-subscription-writes": [
          "1199"
        ],
        "x-ms-correlation-request-id": [
          "9b30e32e-1e64-4e3f-bbe0-46ad0860586a"
        ],
        "x-ms-routing-request-id": [
          "WESTCENTRALUS:20210517T053926Z:9b30e32e-1e64-4e3f-bbe0-46ad0860586a"
        ],
        "Strict-Transport-Security": [
          "max-age=31536000; includeSubDomains"
        ],
        "X-Content-Type-Options": [
          "nosniff"
        ],
        "Date": [
          "Mon, 17 May 2021 05:39:26 GMT"
        ],
        "Content-Length": [
          "74"
        ],
        "Content-Type": [
          "application/json; charset=utf-8"
        ],
        "Expires": [
          "-1"
        ]
      },
      "ResponseBody": "{\r\n  \"operation\": \"UpsertLogicalServer\",\r\n  \"startTime\": \"2021-05-17T05:39:26.513Z\"\r\n}",
      "StatusCode": 202
    },
    {
      "RequestUri": "/subscriptions/2c647056-bab2-4175-b172-493ff049eb29/resourceGroups/ps5577/providers/Microsoft.Sql/locations/westus2/serverAzureAsyncOperation/9b2ab7ed-1fae-4f19-ad5a-547c12a5c48f?api-version=2020-11-01-preview",
      "EncodedRequestUri": "L3N1YnNjcmlwdGlvbnMvMmM2NDcwNTYtYmFiMi00MTc1LWIxNzItNDkzZmYwNDllYjI5L3Jlc291cmNlR3JvdXBzL3BzNTU3Ny9wcm92aWRlcnMvTWljcm9zb2Z0LlNxbC9sb2NhdGlvbnMvd2VzdHVzMi9zZXJ2ZXJBenVyZUFzeW5jT3BlcmF0aW9uLzliMmFiN2VkLTFmYWUtNGYxOS1hZDVhLTU0N2MxMmE1YzQ4Zj9hcGktdmVyc2lvbj0yMDIwLTExLTAxLXByZXZpZXc=",
      "RequestMethod": "GET",
      "RequestBody": "",
      "RequestHeaders": {
        "x-ms-client-request-id": [
          "442e1c2b-274a-4146-b59a-3015e140a8de"
        ],
        "User-Agent": [
          "FxVersion/4.6.29916.01",
          "OSName/Windows",
          "OSVersion/Microsoft.Windows.10.0.14393.",
          "Microsoft.Azure.Management.Sql.SqlManagementClient/1.52.0.0"
        ]
      },
      "ResponseHeaders": {
        "Cache-Control": [
          "no-cache"
        ],
        "Pragma": [
          "no-cache"
        ],
        "Retry-After": [
          "1"
        ],
        "x-ms-request-id": [
          "ad2d9609-7a9b-4a57-91c7-afd4ee4ff5fd"
        ],
        "Server": [
          "Microsoft-HTTPAPI/2.0"
        ],
        "x-ms-ratelimit-remaining-subscription-reads": [
          "11998"
        ],
        "x-ms-correlation-request-id": [
          "a90961d6-5816-4b3f-ba03-2563410e1700"
        ],
        "x-ms-routing-request-id": [
          "WESTCENTRALUS:20210517T053927Z:a90961d6-5816-4b3f-ba03-2563410e1700"
        ],
        "Strict-Transport-Security": [
          "max-age=31536000; includeSubDomains"
        ],
        "X-Content-Type-Options": [
          "nosniff"
        ],
        "Date": [
          "Mon, 17 May 2021 05:39:27 GMT"
        ],
        "Content-Length": [
          "108"
        ],
        "Content-Type": [
          "application/json; charset=utf-8"
        ],
        "Expires": [
          "-1"
        ]
      },
      "ResponseBody": "{\r\n  \"name\": \"9b2ab7ed-1fae-4f19-ad5a-547c12a5c48f\",\r\n  \"status\": \"InProgress\",\r\n  \"startTime\": \"2021-05-17T05:39:26.513Z\"\r\n}",
      "StatusCode": 200
    },
    {
      "RequestUri": "/subscriptions/2c647056-bab2-4175-b172-493ff049eb29/resourceGroups/ps5577/providers/Microsoft.Sql/locations/westus2/serverAzureAsyncOperation/9b2ab7ed-1fae-4f19-ad5a-547c12a5c48f?api-version=2020-11-01-preview",
      "EncodedRequestUri": "L3N1YnNjcmlwdGlvbnMvMmM2NDcwNTYtYmFiMi00MTc1LWIxNzItNDkzZmYwNDllYjI5L3Jlc291cmNlR3JvdXBzL3BzNTU3Ny9wcm92aWRlcnMvTWljcm9zb2Z0LlNxbC9sb2NhdGlvbnMvd2VzdHVzMi9zZXJ2ZXJBenVyZUFzeW5jT3BlcmF0aW9uLzliMmFiN2VkLTFmYWUtNGYxOS1hZDVhLTU0N2MxMmE1YzQ4Zj9hcGktdmVyc2lvbj0yMDIwLTExLTAxLXByZXZpZXc=",
      "RequestMethod": "GET",
      "RequestBody": "",
      "RequestHeaders": {
        "x-ms-client-request-id": [
          "442e1c2b-274a-4146-b59a-3015e140a8de"
        ],
        "User-Agent": [
          "FxVersion/4.6.29916.01",
          "OSName/Windows",
          "OSVersion/Microsoft.Windows.10.0.14393.",
          "Microsoft.Azure.Management.Sql.SqlManagementClient/1.52.0.0"
        ]
      },
      "ResponseHeaders": {
        "Cache-Control": [
          "no-cache"
        ],
        "Pragma": [
          "no-cache"
        ],
        "Retry-After": [
          "1"
        ],
        "x-ms-request-id": [
          "e68b0a75-6aee-4fa3-ac95-50106a4e70ab"
        ],
        "Server": [
          "Microsoft-HTTPAPI/2.0"
        ],
        "x-ms-ratelimit-remaining-subscription-reads": [
          "11997"
        ],
        "x-ms-correlation-request-id": [
          "8e88fc29-9626-462e-af8a-2184293f64eb"
        ],
        "x-ms-routing-request-id": [
          "WESTCENTRALUS:20210517T053928Z:8e88fc29-9626-462e-af8a-2184293f64eb"
        ],
        "Strict-Transport-Security": [
          "max-age=31536000; includeSubDomains"
        ],
        "X-Content-Type-Options": [
          "nosniff"
        ],
        "Date": [
          "Mon, 17 May 2021 05:39:28 GMT"
        ],
        "Content-Length": [
          "108"
        ],
        "Content-Type": [
          "application/json; charset=utf-8"
        ],
        "Expires": [
          "-1"
        ]
      },
      "ResponseBody": "{\r\n  \"name\": \"9b2ab7ed-1fae-4f19-ad5a-547c12a5c48f\",\r\n  \"status\": \"InProgress\",\r\n  \"startTime\": \"2021-05-17T05:39:26.513Z\"\r\n}",
      "StatusCode": 200
    },
    {
      "RequestUri": "/subscriptions/2c647056-bab2-4175-b172-493ff049eb29/resourceGroups/ps5577/providers/Microsoft.Sql/locations/westus2/serverAzureAsyncOperation/9b2ab7ed-1fae-4f19-ad5a-547c12a5c48f?api-version=2020-11-01-preview",
      "EncodedRequestUri": "L3N1YnNjcmlwdGlvbnMvMmM2NDcwNTYtYmFiMi00MTc1LWIxNzItNDkzZmYwNDllYjI5L3Jlc291cmNlR3JvdXBzL3BzNTU3Ny9wcm92aWRlcnMvTWljcm9zb2Z0LlNxbC9sb2NhdGlvbnMvd2VzdHVzMi9zZXJ2ZXJBenVyZUFzeW5jT3BlcmF0aW9uLzliMmFiN2VkLTFmYWUtNGYxOS1hZDVhLTU0N2MxMmE1YzQ4Zj9hcGktdmVyc2lvbj0yMDIwLTExLTAxLXByZXZpZXc=",
      "RequestMethod": "GET",
      "RequestBody": "",
      "RequestHeaders": {
        "x-ms-client-request-id": [
          "442e1c2b-274a-4146-b59a-3015e140a8de"
        ],
        "User-Agent": [
          "FxVersion/4.6.29916.01",
          "OSName/Windows",
          "OSVersion/Microsoft.Windows.10.0.14393.",
          "Microsoft.Azure.Management.Sql.SqlManagementClient/1.52.0.0"
        ]
      },
      "ResponseHeaders": {
        "Cache-Control": [
          "no-cache"
        ],
        "Pragma": [
          "no-cache"
        ],
        "Retry-After": [
          "1"
        ],
        "x-ms-request-id": [
          "f10200dd-b38b-41fd-b5fd-7f12e87e11be"
        ],
        "Server": [
          "Microsoft-HTTPAPI/2.0"
        ],
        "x-ms-ratelimit-remaining-subscription-reads": [
          "11996"
        ],
        "x-ms-correlation-request-id": [
          "dc90baa2-a91e-4091-bbc6-9286e650f117"
        ],
        "x-ms-routing-request-id": [
          "WESTCENTRALUS:20210517T053930Z:dc90baa2-a91e-4091-bbc6-9286e650f117"
        ],
        "Strict-Transport-Security": [
          "max-age=31536000; includeSubDomains"
        ],
        "X-Content-Type-Options": [
          "nosniff"
        ],
        "Date": [
          "Mon, 17 May 2021 05:39:29 GMT"
        ],
        "Content-Length": [
          "108"
        ],
        "Content-Type": [
          "application/json; charset=utf-8"
        ],
        "Expires": [
          "-1"
        ]
      },
      "ResponseBody": "{\r\n  \"name\": \"9b2ab7ed-1fae-4f19-ad5a-547c12a5c48f\",\r\n  \"status\": \"InProgress\",\r\n  \"startTime\": \"2021-05-17T05:39:26.513Z\"\r\n}",
      "StatusCode": 200
    },
    {
      "RequestUri": "/subscriptions/2c647056-bab2-4175-b172-493ff049eb29/resourceGroups/ps5577/providers/Microsoft.Sql/locations/westus2/serverAzureAsyncOperation/9b2ab7ed-1fae-4f19-ad5a-547c12a5c48f?api-version=2020-11-01-preview",
      "EncodedRequestUri": "L3N1YnNjcmlwdGlvbnMvMmM2NDcwNTYtYmFiMi00MTc1LWIxNzItNDkzZmYwNDllYjI5L3Jlc291cmNlR3JvdXBzL3BzNTU3Ny9wcm92aWRlcnMvTWljcm9zb2Z0LlNxbC9sb2NhdGlvbnMvd2VzdHVzMi9zZXJ2ZXJBenVyZUFzeW5jT3BlcmF0aW9uLzliMmFiN2VkLTFmYWUtNGYxOS1hZDVhLTU0N2MxMmE1YzQ4Zj9hcGktdmVyc2lvbj0yMDIwLTExLTAxLXByZXZpZXc=",
      "RequestMethod": "GET",
      "RequestBody": "",
      "RequestHeaders": {
        "x-ms-client-request-id": [
          "442e1c2b-274a-4146-b59a-3015e140a8de"
        ],
        "User-Agent": [
          "FxVersion/4.6.29916.01",
          "OSName/Windows",
          "OSVersion/Microsoft.Windows.10.0.14393.",
          "Microsoft.Azure.Management.Sql.SqlManagementClient/1.52.0.0"
        ]
      },
      "ResponseHeaders": {
        "Cache-Control": [
          "no-cache"
        ],
        "Pragma": [
          "no-cache"
        ],
        "Retry-After": [
          "1"
        ],
        "x-ms-request-id": [
          "8c99dd5c-cd26-4822-8b8b-f4b4d754ba4b"
        ],
        "Server": [
          "Microsoft-HTTPAPI/2.0"
        ],
        "x-ms-ratelimit-remaining-subscription-reads": [
          "11995"
        ],
        "x-ms-correlation-request-id": [
          "3110772d-9f9f-41ba-a206-0b498e55ca75"
        ],
        "x-ms-routing-request-id": [
          "WESTCENTRALUS:20210517T053931Z:3110772d-9f9f-41ba-a206-0b498e55ca75"
        ],
        "Strict-Transport-Security": [
          "max-age=31536000; includeSubDomains"
        ],
        "X-Content-Type-Options": [
          "nosniff"
        ],
        "Date": [
          "Mon, 17 May 2021 05:39:30 GMT"
        ],
        "Content-Length": [
          "108"
        ],
        "Content-Type": [
          "application/json; charset=utf-8"
        ],
        "Expires": [
          "-1"
        ]
      },
      "ResponseBody": "{\r\n  \"name\": \"9b2ab7ed-1fae-4f19-ad5a-547c12a5c48f\",\r\n  \"status\": \"InProgress\",\r\n  \"startTime\": \"2021-05-17T05:39:26.513Z\"\r\n}",
      "StatusCode": 200
    },
    {
      "RequestUri": "/subscriptions/2c647056-bab2-4175-b172-493ff049eb29/resourceGroups/ps5577/providers/Microsoft.Sql/locations/westus2/serverAzureAsyncOperation/9b2ab7ed-1fae-4f19-ad5a-547c12a5c48f?api-version=2020-11-01-preview",
      "EncodedRequestUri": "L3N1YnNjcmlwdGlvbnMvMmM2NDcwNTYtYmFiMi00MTc1LWIxNzItNDkzZmYwNDllYjI5L3Jlc291cmNlR3JvdXBzL3BzNTU3Ny9wcm92aWRlcnMvTWljcm9zb2Z0LlNxbC9sb2NhdGlvbnMvd2VzdHVzMi9zZXJ2ZXJBenVyZUFzeW5jT3BlcmF0aW9uLzliMmFiN2VkLTFmYWUtNGYxOS1hZDVhLTU0N2MxMmE1YzQ4Zj9hcGktdmVyc2lvbj0yMDIwLTExLTAxLXByZXZpZXc=",
      "RequestMethod": "GET",
      "RequestBody": "",
      "RequestHeaders": {
        "x-ms-client-request-id": [
          "442e1c2b-274a-4146-b59a-3015e140a8de"
        ],
        "User-Agent": [
          "FxVersion/4.6.29916.01",
          "OSName/Windows",
          "OSVersion/Microsoft.Windows.10.0.14393.",
          "Microsoft.Azure.Management.Sql.SqlManagementClient/1.52.0.0"
        ]
      },
      "ResponseHeaders": {
        "Cache-Control": [
          "no-cache"
        ],
        "Pragma": [
          "no-cache"
        ],
        "Retry-After": [
          "20"
        ],
        "x-ms-request-id": [
          "e9339cdb-8761-4b7d-a25a-448d97dff733"
        ],
        "Server": [
          "Microsoft-HTTPAPI/2.0"
        ],
        "x-ms-ratelimit-remaining-subscription-reads": [
          "11994"
        ],
        "x-ms-correlation-request-id": [
          "465228df-be89-4263-b944-3a89cb6c33e7"
        ],
        "x-ms-routing-request-id": [
          "WESTCENTRALUS:20210517T053932Z:465228df-be89-4263-b944-3a89cb6c33e7"
        ],
        "Strict-Transport-Security": [
          "max-age=31536000; includeSubDomains"
        ],
        "X-Content-Type-Options": [
          "nosniff"
        ],
        "Date": [
          "Mon, 17 May 2021 05:39:31 GMT"
        ],
        "Content-Length": [
          "108"
        ],
        "Content-Type": [
          "application/json; charset=utf-8"
        ],
        "Expires": [
          "-1"
        ]
      },
      "ResponseBody": "{\r\n  \"name\": \"9b2ab7ed-1fae-4f19-ad5a-547c12a5c48f\",\r\n  \"status\": \"InProgress\",\r\n  \"startTime\": \"2021-05-17T05:39:26.513Z\"\r\n}",
      "StatusCode": 200
    },
    {
      "RequestUri": "/subscriptions/2c647056-bab2-4175-b172-493ff049eb29/resourceGroups/ps5577/providers/Microsoft.Sql/locations/westus2/serverAzureAsyncOperation/9b2ab7ed-1fae-4f19-ad5a-547c12a5c48f?api-version=2020-11-01-preview",
      "EncodedRequestUri": "L3N1YnNjcmlwdGlvbnMvMmM2NDcwNTYtYmFiMi00MTc1LWIxNzItNDkzZmYwNDllYjI5L3Jlc291cmNlR3JvdXBzL3BzNTU3Ny9wcm92aWRlcnMvTWljcm9zb2Z0LlNxbC9sb2NhdGlvbnMvd2VzdHVzMi9zZXJ2ZXJBenVyZUFzeW5jT3BlcmF0aW9uLzliMmFiN2VkLTFmYWUtNGYxOS1hZDVhLTU0N2MxMmE1YzQ4Zj9hcGktdmVyc2lvbj0yMDIwLTExLTAxLXByZXZpZXc=",
      "RequestMethod": "GET",
      "RequestBody": "",
      "RequestHeaders": {
        "x-ms-client-request-id": [
          "442e1c2b-274a-4146-b59a-3015e140a8de"
        ],
        "User-Agent": [
          "FxVersion/4.6.29916.01",
          "OSName/Windows",
          "OSVersion/Microsoft.Windows.10.0.14393.",
          "Microsoft.Azure.Management.Sql.SqlManagementClient/1.52.0.0"
        ]
      },
      "ResponseHeaders": {
        "Cache-Control": [
          "no-cache"
        ],
        "Pragma": [
          "no-cache"
        ],
        "Retry-After": [
          "20"
        ],
        "x-ms-request-id": [
          "f8527c17-341a-4077-ae19-05fcb1898bb5"
        ],
        "Server": [
          "Microsoft-HTTPAPI/2.0"
        ],
        "x-ms-ratelimit-remaining-subscription-reads": [
          "11993"
        ],
        "x-ms-correlation-request-id": [
          "c707c9d3-74a9-4450-8435-d312353a5a00"
        ],
        "x-ms-routing-request-id": [
          "WESTCENTRALUS:20210517T053952Z:c707c9d3-74a9-4450-8435-d312353a5a00"
        ],
        "Strict-Transport-Security": [
          "max-age=31536000; includeSubDomains"
        ],
        "X-Content-Type-Options": [
          "nosniff"
        ],
        "Date": [
          "Mon, 17 May 2021 05:39:51 GMT"
        ],
        "Content-Length": [
          "108"
        ],
        "Content-Type": [
          "application/json; charset=utf-8"
        ],
        "Expires": [
          "-1"
        ]
      },
      "ResponseBody": "{\r\n  \"name\": \"9b2ab7ed-1fae-4f19-ad5a-547c12a5c48f\",\r\n  \"status\": \"InProgress\",\r\n  \"startTime\": \"2021-05-17T05:39:26.513Z\"\r\n}",
      "StatusCode": 200
    },
    {
      "RequestUri": "/subscriptions/2c647056-bab2-4175-b172-493ff049eb29/resourceGroups/ps5577/providers/Microsoft.Sql/locations/westus2/serverAzureAsyncOperation/9b2ab7ed-1fae-4f19-ad5a-547c12a5c48f?api-version=2020-11-01-preview",
      "EncodedRequestUri": "L3N1YnNjcmlwdGlvbnMvMmM2NDcwNTYtYmFiMi00MTc1LWIxNzItNDkzZmYwNDllYjI5L3Jlc291cmNlR3JvdXBzL3BzNTU3Ny9wcm92aWRlcnMvTWljcm9zb2Z0LlNxbC9sb2NhdGlvbnMvd2VzdHVzMi9zZXJ2ZXJBenVyZUFzeW5jT3BlcmF0aW9uLzliMmFiN2VkLTFmYWUtNGYxOS1hZDVhLTU0N2MxMmE1YzQ4Zj9hcGktdmVyc2lvbj0yMDIwLTExLTAxLXByZXZpZXc=",
      "RequestMethod": "GET",
      "RequestBody": "",
      "RequestHeaders": {
        "x-ms-client-request-id": [
          "442e1c2b-274a-4146-b59a-3015e140a8de"
        ],
        "User-Agent": [
          "FxVersion/4.6.29916.01",
          "OSName/Windows",
          "OSVersion/Microsoft.Windows.10.0.14393.",
          "Microsoft.Azure.Management.Sql.SqlManagementClient/1.52.0.0"
        ]
      },
      "ResponseHeaders": {
        "Cache-Control": [
          "no-cache"
        ],
        "Pragma": [
          "no-cache"
        ],
        "Retry-After": [
          "20"
        ],
        "x-ms-request-id": [
          "4614a379-0b06-4b1f-80e5-aaad15f2481f"
        ],
        "Server": [
          "Microsoft-HTTPAPI/2.0"
        ],
        "x-ms-ratelimit-remaining-subscription-reads": [
          "11992"
        ],
        "x-ms-correlation-request-id": [
          "04d4ccff-f88c-48f3-879a-a0655639f95f"
        ],
        "x-ms-routing-request-id": [
          "WESTCENTRALUS:20210517T054012Z:04d4ccff-f88c-48f3-879a-a0655639f95f"
        ],
        "Strict-Transport-Security": [
          "max-age=31536000; includeSubDomains"
        ],
        "X-Content-Type-Options": [
          "nosniff"
        ],
        "Date": [
          "Mon, 17 May 2021 05:40:11 GMT"
        ],
        "Content-Length": [
          "108"
        ],
        "Content-Type": [
          "application/json; charset=utf-8"
        ],
        "Expires": [
          "-1"
        ]
      },
      "ResponseBody": "{\r\n  \"name\": \"9b2ab7ed-1fae-4f19-ad5a-547c12a5c48f\",\r\n  \"status\": \"InProgress\",\r\n  \"startTime\": \"2021-05-17T05:39:26.513Z\"\r\n}",
      "StatusCode": 200
    },
    {
      "RequestUri": "/subscriptions/2c647056-bab2-4175-b172-493ff049eb29/resourceGroups/ps5577/providers/Microsoft.Sql/locations/westus2/serverAzureAsyncOperation/9b2ab7ed-1fae-4f19-ad5a-547c12a5c48f?api-version=2020-11-01-preview",
      "EncodedRequestUri": "L3N1YnNjcmlwdGlvbnMvMmM2NDcwNTYtYmFiMi00MTc1LWIxNzItNDkzZmYwNDllYjI5L3Jlc291cmNlR3JvdXBzL3BzNTU3Ny9wcm92aWRlcnMvTWljcm9zb2Z0LlNxbC9sb2NhdGlvbnMvd2VzdHVzMi9zZXJ2ZXJBenVyZUFzeW5jT3BlcmF0aW9uLzliMmFiN2VkLTFmYWUtNGYxOS1hZDVhLTU0N2MxMmE1YzQ4Zj9hcGktdmVyc2lvbj0yMDIwLTExLTAxLXByZXZpZXc=",
      "RequestMethod": "GET",
      "RequestBody": "",
      "RequestHeaders": {
        "x-ms-client-request-id": [
          "442e1c2b-274a-4146-b59a-3015e140a8de"
        ],
        "User-Agent": [
          "FxVersion/4.6.29916.01",
          "OSName/Windows",
          "OSVersion/Microsoft.Windows.10.0.14393.",
          "Microsoft.Azure.Management.Sql.SqlManagementClient/1.52.0.0"
        ]
      },
      "ResponseHeaders": {
        "Cache-Control": [
          "no-cache"
        ],
        "Pragma": [
          "no-cache"
        ],
        "Retry-After": [
          "15"
        ],
        "x-ms-request-id": [
          "a8f05a26-c14a-41b6-bbed-f4e16e70f6de"
        ],
        "Server": [
          "Microsoft-HTTPAPI/2.0"
        ],
        "x-ms-ratelimit-remaining-subscription-reads": [
          "11991"
        ],
        "x-ms-correlation-request-id": [
          "24d7182e-0cca-4591-b516-8417d96d0e61"
        ],
        "x-ms-routing-request-id": [
          "WESTCENTRALUS:20210517T054032Z:24d7182e-0cca-4591-b516-8417d96d0e61"
        ],
        "Strict-Transport-Security": [
          "max-age=31536000; includeSubDomains"
        ],
        "X-Content-Type-Options": [
          "nosniff"
        ],
        "Date": [
          "Mon, 17 May 2021 05:40:32 GMT"
        ],
        "Content-Length": [
          "107"
        ],
        "Content-Type": [
          "application/json; charset=utf-8"
        ],
        "Expires": [
          "-1"
        ]
      },
      "ResponseBody": "{\r\n  \"name\": \"9b2ab7ed-1fae-4f19-ad5a-547c12a5c48f\",\r\n  \"status\": \"Succeeded\",\r\n  \"startTime\": \"2021-05-17T05:39:26.513Z\"\r\n}",
      "StatusCode": 200
    },
    {
      "RequestUri": "/subscriptions/2c647056-bab2-4175-b172-493ff049eb29/resourceGroups/ps5577/providers/Microsoft.Sql/servers/ps5848/databases/ps1389?api-version=2021-02-01-preview",
      "EncodedRequestUri": "L3N1YnNjcmlwdGlvbnMvMmM2NDcwNTYtYmFiMi00MTc1LWIxNzItNDkzZmYwNDllYjI5L3Jlc291cmNlR3JvdXBzL3BzNTU3Ny9wcm92aWRlcnMvTWljcm9zb2Z0LlNxbC9zZXJ2ZXJzL3BzNTg0OC9kYXRhYmFzZXMvcHMxMzg5P2FwaS12ZXJzaW9uPTIwMjEtMDItMDEtcHJldmlldw==",
      "RequestMethod": "GET",
      "RequestBody": "",
      "RequestHeaders": {
        "x-ms-client-request-id": [
          "1596f99c-68b2-467e-8dcd-a4b596884fcb"
        ],
        "Accept-Language": [
          "en-US"
        ],
        "User-Agent": [
          "FxVersion/4.6.29916.01",
          "OSName/Windows",
          "OSVersion/Microsoft.Windows.10.0.14393.",
          "Microsoft.Azure.Management.Sql.SqlManagementClient/1.52.0.0"
        ]
      },
      "ResponseHeaders": {
        "Cache-Control": [
          "no-cache"
        ],
        "Pragma": [
          "no-cache"
        ],
        "x-ms-failure-cause": [
          "gateway"
        ],
        "x-ms-request-id": [
          "acd674f6-ef71-400d-a3a9-a12002c56235"
        ],
        "x-ms-correlation-request-id": [
          "acd674f6-ef71-400d-a3a9-a12002c56235"
        ],
        "x-ms-routing-request-id": [
          "WESTCENTRALUS:20210517T054032Z:acd674f6-ef71-400d-a3a9-a12002c56235"
        ],
        "Strict-Transport-Security": [
          "max-age=31536000; includeSubDomains"
        ],
        "X-Content-Type-Options": [
          "nosniff"
        ],
        "Date": [
          "Mon, 17 May 2021 05:40:32 GMT"
        ],
        "Content-Type": [
          "application/json; charset=utf-8"
        ],
        "Expires": [
          "-1"
        ],
        "Content-Length": [
          "223"
        ]
      },
      "ResponseBody": "{\r\n  \"error\": {\r\n    \"code\": \"ResourceNotFound\",\r\n    \"message\": \"The Resource 'Microsoft.Sql/servers/ps5848/databases/ps1389' under resource group 'ps5577' was not found. For more details please go to https://aka.ms/ARMResourceNotFoundFix\"\r\n  }\r\n}",
      "StatusCode": 404
    },
    {
      "RequestUri": "/subscriptions/2c647056-bab2-4175-b172-493ff049eb29/resourceGroups/ps5577/providers/Microsoft.Sql/servers/ps5848/databases/ps1389?api-version=2021-02-01-preview",
      "EncodedRequestUri": "L3N1YnNjcmlwdGlvbnMvMmM2NDcwNTYtYmFiMi00MTc1LWIxNzItNDkzZmYwNDllYjI5L3Jlc291cmNlR3JvdXBzL3BzNTU3Ny9wcm92aWRlcnMvTWljcm9zb2Z0LlNxbC9zZXJ2ZXJzL3BzNTg0OC9kYXRhYmFzZXMvcHMxMzg5P2FwaS12ZXJzaW9uPTIwMjEtMDItMDEtcHJldmlldw==",
      "RequestMethod": "GET",
      "RequestBody": "",
      "RequestHeaders": {
        "x-ms-client-request-id": [
          "1596f99c-68b2-467e-8dcd-a4b596884fcb"
        ],
        "User-Agent": [
          "FxVersion/4.6.29916.01",
          "OSName/Windows",
          "OSVersion/Microsoft.Windows.10.0.14393.",
          "Microsoft.Azure.Management.Sql.SqlManagementClient/1.52.0.0"
        ]
      },
      "ResponseHeaders": {
        "Cache-Control": [
          "no-cache"
        ],
        "Pragma": [
          "no-cache"
        ],
        "x-ms-request-id": [
          "49888300-7938-41ad-8342-edd7d47ee0b8"
        ],
        "Server": [
          "Microsoft-HTTPAPI/2.0"
        ],
        "x-ms-ratelimit-remaining-subscription-reads": [
          "11983"
        ],
        "x-ms-correlation-request-id": [
          "31d242fc-b430-45fd-beb8-bc615a23b7f4"
        ],
        "x-ms-routing-request-id": [
          "WESTCENTRALUS:20210517T054118Z:31d242fc-b430-45fd-beb8-bc615a23b7f4"
        ],
        "Strict-Transport-Security": [
          "max-age=31536000; includeSubDomains"
        ],
        "X-Content-Type-Options": [
          "nosniff"
        ],
        "Date": [
          "Mon, 17 May 2021 05:41:18 GMT"
        ],
        "Content-Length": [
          "1126"
        ],
        "Content-Type": [
          "application/json; charset=utf-8"
        ],
        "Expires": [
          "-1"
        ]
      },
      "ResponseBody": "{\r\n  \"sku\": {\r\n    \"name\": \"GP_Gen5\",\r\n    \"tier\": \"GeneralPurpose\",\r\n    \"family\": \"Gen5\",\r\n    \"capacity\": 2\r\n  },\r\n  \"kind\": \"v12.0,user,vcore\",\r\n  \"properties\": {\r\n    \"collation\": \"SQL_Latin1_General_CP1_CI_AS\",\r\n    \"maxSizeBytes\": 34359738368,\r\n    \"status\": \"Online\",\r\n    \"databaseId\": \"92a785d7-ee33-49bb-99a0-7377d5e2fa5a\",\r\n    \"creationDate\": \"2021-05-17T05:41:15.78Z\",\r\n    \"currentServiceObjectiveName\": \"GP_Gen5_2\",\r\n    \"requestedServiceObjectiveName\": \"GP_Gen5_2\",\r\n    \"defaultSecondaryLocation\": \"westcentralus\",\r\n    \"catalogCollation\": \"SQL_Latin1_General_CP1_CI_AS\",\r\n    \"zoneRedundant\": false,\r\n    \"licenseType\": \"LicenseIncluded\",\r\n    \"maxLogSizeBytes\": 68719476736,\r\n    \"readScale\": \"Disabled\",\r\n    \"currentSku\": {\r\n      \"name\": \"GP_Gen5\",\r\n      \"tier\": \"GeneralPurpose\",\r\n      \"family\": \"Gen5\",\r\n      \"capacity\": 2\r\n    },\r\n    \"currentBackupStorageRedundancy\": \"Geo\",\r\n    \"requestedBackupStorageRedundancy\": \"Geo\",\r\n    \"maintenanceConfigurationId\": \"/subscriptions/2c647056-bab2-4175-b172-493ff049eb29/providers/Microsoft.Maintenance/publicMaintenanceConfigurations/SQL_Default\"\r\n  },\r\n  \"location\": \"westus2\",\r\n  \"id\": \"/subscriptions/2c647056-bab2-4175-b172-493ff049eb29/resourceGroups/ps5577/providers/Microsoft.Sql/servers/ps5848/databases/ps1389\",\r\n  \"name\": \"ps1389\",\r\n  \"type\": \"Microsoft.Sql/servers/databases\"\r\n}",
      "StatusCode": 200
    },
    {
      "RequestUri": "/subscriptions/2c647056-bab2-4175-b172-493ff049eb29/resourceGroups/ps5577/providers/Microsoft.Sql/servers/ps5848/databases/ps1389?api-version=2021-02-01-preview",
      "EncodedRequestUri": "L3N1YnNjcmlwdGlvbnMvMmM2NDcwNTYtYmFiMi00MTc1LWIxNzItNDkzZmYwNDllYjI5L3Jlc291cmNlR3JvdXBzL3BzNTU3Ny9wcm92aWRlcnMvTWljcm9zb2Z0LlNxbC9zZXJ2ZXJzL3BzNTg0OC9kYXRhYmFzZXMvcHMxMzg5P2FwaS12ZXJzaW9uPTIwMjEtMDItMDEtcHJldmlldw==",
      "RequestMethod": "PUT",
      "RequestBody": "{\r\n  \"properties\": {\r\n    \"maxSizeBytes\": 0,\r\n    \"readScale\": \"\"\r\n  },\r\n  \"location\": \"westus2\"\r\n}",
      "RequestHeaders": {
        "x-ms-client-request-id": [
          "1596f99c-68b2-467e-8dcd-a4b596884fcb"
        ],
        "Accept-Language": [
          "en-US"
        ],
        "User-Agent": [
          "FxVersion/4.6.29916.01",
          "OSName/Windows",
          "OSVersion/Microsoft.Windows.10.0.14393.",
          "Microsoft.Azure.Management.Sql.SqlManagementClient/1.52.0.0"
        ],
        "Content-Type": [
          "application/json; charset=utf-8"
        ],
        "Content-Length": [
          "99"
        ]
      },
      "ResponseHeaders": {
        "Cache-Control": [
          "no-cache"
        ],
        "Pragma": [
          "no-cache"
        ],
        "Location": [
          "https://management.azure.com/subscriptions/2c647056-bab2-4175-b172-493ff049eb29/resourceGroups/ps5577/providers/Microsoft.Sql/locations/westus2/databaseOperationResults/4445e1c0-f098-40c7-920c-bc92d18926ed?api-version=2021-02-01-preview"
        ],
        "Retry-After": [
          "15"
        ],
        "Azure-AsyncOperation": [
          "https://management.azure.com/subscriptions/2c647056-bab2-4175-b172-493ff049eb29/resourceGroups/ps5577/providers/Microsoft.Sql/locations/westus2/databaseAzureAsyncOperation/4445e1c0-f098-40c7-920c-bc92d18926ed?api-version=2021-02-01-preview"
        ],
        "x-ms-request-id": [
          "4445e1c0-f098-40c7-920c-bc92d18926ed"
        ],
        "Server": [
          "Microsoft-HTTPAPI/2.0"
        ],
        "x-ms-ratelimit-remaining-subscription-writes": [
          "1198"
        ],
        "x-ms-correlation-request-id": [
          "872e852d-e173-4ca5-b380-8b4da6c1277e"
        ],
        "x-ms-routing-request-id": [
          "WESTCENTRALUS:20210517T054033Z:872e852d-e173-4ca5-b380-8b4da6c1277e"
        ],
        "Strict-Transport-Security": [
          "max-age=31536000; includeSubDomains"
        ],
        "X-Content-Type-Options": [
          "nosniff"
        ],
        "Date": [
          "Mon, 17 May 2021 05:40:33 GMT"
        ],
        "Content-Length": [
          "76"
        ],
        "Content-Type": [
          "application/json; charset=utf-8"
        ],
        "Expires": [
          "-1"
        ]
      },
      "ResponseBody": "{\r\n  \"operation\": \"CreateLogicalDatabase\",\r\n  \"startTime\": \"2021-05-17T05:40:33.107Z\"\r\n}",
      "StatusCode": 202
    },
    {
      "RequestUri": "/subscriptions/2c647056-bab2-4175-b172-493ff049eb29/resourceGroups/ps5577/providers/Microsoft.Sql/locations/westus2/databaseAzureAsyncOperation/4445e1c0-f098-40c7-920c-bc92d18926ed?api-version=2021-02-01-preview",
      "EncodedRequestUri": "L3N1YnNjcmlwdGlvbnMvMmM2NDcwNTYtYmFiMi00MTc1LWIxNzItNDkzZmYwNDllYjI5L3Jlc291cmNlR3JvdXBzL3BzNTU3Ny9wcm92aWRlcnMvTWljcm9zb2Z0LlNxbC9sb2NhdGlvbnMvd2VzdHVzMi9kYXRhYmFzZUF6dXJlQXN5bmNPcGVyYXRpb24vNDQ0NWUxYzAtZjA5OC00MGM3LTkyMGMtYmM5MmQxODkyNmVkP2FwaS12ZXJzaW9uPTIwMjEtMDItMDEtcHJldmlldw==",
      "RequestMethod": "GET",
      "RequestBody": "",
      "RequestHeaders": {
        "x-ms-client-request-id": [
          "1596f99c-68b2-467e-8dcd-a4b596884fcb"
        ],
        "User-Agent": [
          "FxVersion/4.6.29916.01",
          "OSName/Windows",
          "OSVersion/Microsoft.Windows.10.0.14393.",
          "Microsoft.Azure.Management.Sql.SqlManagementClient/1.52.0.0"
        ]
      },
      "ResponseHeaders": {
        "Cache-Control": [
          "no-cache"
        ],
        "Pragma": [
          "no-cache"
        ],
        "Retry-After": [
          "15"
        ],
        "x-ms-request-id": [
          "af94ba30-5ab3-4eca-8355-362b80b41142"
        ],
        "Server": [
          "Microsoft-HTTPAPI/2.0"
        ],
        "x-ms-ratelimit-remaining-subscription-reads": [
          "11986"
        ],
        "x-ms-correlation-request-id": [
          "38e7316c-419e-4043-b352-be61dee26171"
        ],
        "x-ms-routing-request-id": [
          "WESTCENTRALUS:20210517T054048Z:38e7316c-419e-4043-b352-be61dee26171"
        ],
        "Strict-Transport-Security": [
          "max-age=31536000; includeSubDomains"
        ],
        "X-Content-Type-Options": [
          "nosniff"
        ],
        "Date": [
          "Mon, 17 May 2021 05:40:48 GMT"
        ],
        "Content-Length": [
          "108"
        ],
        "Content-Type": [
          "application/json; charset=utf-8"
        ],
        "Expires": [
          "-1"
        ]
      },
      "ResponseBody": "{\r\n  \"name\": \"4445e1c0-f098-40c7-920c-bc92d18926ed\",\r\n  \"status\": \"InProgress\",\r\n  \"startTime\": \"2021-05-17T05:40:33.107Z\"\r\n}",
      "StatusCode": 200
    },
    {
      "RequestUri": "/subscriptions/2c647056-bab2-4175-b172-493ff049eb29/resourceGroups/ps5577/providers/Microsoft.Sql/locations/westus2/databaseAzureAsyncOperation/4445e1c0-f098-40c7-920c-bc92d18926ed?api-version=2021-02-01-preview",
      "EncodedRequestUri": "L3N1YnNjcmlwdGlvbnMvMmM2NDcwNTYtYmFiMi00MTc1LWIxNzItNDkzZmYwNDllYjI5L3Jlc291cmNlR3JvdXBzL3BzNTU3Ny9wcm92aWRlcnMvTWljcm9zb2Z0LlNxbC9sb2NhdGlvbnMvd2VzdHVzMi9kYXRhYmFzZUF6dXJlQXN5bmNPcGVyYXRpb24vNDQ0NWUxYzAtZjA5OC00MGM3LTkyMGMtYmM5MmQxODkyNmVkP2FwaS12ZXJzaW9uPTIwMjEtMDItMDEtcHJldmlldw==",
      "RequestMethod": "GET",
      "RequestBody": "",
      "RequestHeaders": {
        "x-ms-client-request-id": [
          "1596f99c-68b2-467e-8dcd-a4b596884fcb"
        ],
        "User-Agent": [
          "FxVersion/4.6.29916.01",
          "OSName/Windows",
          "OSVersion/Microsoft.Windows.10.0.14393.",
          "Microsoft.Azure.Management.Sql.SqlManagementClient/1.52.0.0"
        ]
      },
      "ResponseHeaders": {
        "Cache-Control": [
          "no-cache"
        ],
        "Pragma": [
          "no-cache"
        ],
        "Retry-After": [
          "15"
        ],
        "x-ms-request-id": [
          "63b67873-b8da-4532-92f5-0123437b1e55"
        ],
        "Server": [
          "Microsoft-HTTPAPI/2.0"
        ],
        "x-ms-ratelimit-remaining-subscription-reads": [
          "11985"
        ],
        "x-ms-correlation-request-id": [
          "91bdf17e-bb0b-4233-b066-25d2ea4374ec"
        ],
        "x-ms-routing-request-id": [
          "WESTCENTRALUS:20210517T054103Z:91bdf17e-bb0b-4233-b066-25d2ea4374ec"
        ],
        "Strict-Transport-Security": [
          "max-age=31536000; includeSubDomains"
        ],
        "X-Content-Type-Options": [
          "nosniff"
        ],
        "Date": [
          "Mon, 17 May 2021 05:41:02 GMT"
        ],
        "Content-Length": [
          "108"
        ],
        "Content-Type": [
          "application/json; charset=utf-8"
        ],
        "Expires": [
          "-1"
        ]
      },
      "ResponseBody": "{\r\n  \"name\": \"4445e1c0-f098-40c7-920c-bc92d18926ed\",\r\n  \"status\": \"InProgress\",\r\n  \"startTime\": \"2021-05-17T05:40:33.107Z\"\r\n}",
      "StatusCode": 200
    },
    {
      "RequestUri": "/subscriptions/2c647056-bab2-4175-b172-493ff049eb29/resourceGroups/ps5577/providers/Microsoft.Sql/locations/westus2/databaseAzureAsyncOperation/4445e1c0-f098-40c7-920c-bc92d18926ed?api-version=2021-02-01-preview",
      "EncodedRequestUri": "L3N1YnNjcmlwdGlvbnMvMmM2NDcwNTYtYmFiMi00MTc1LWIxNzItNDkzZmYwNDllYjI5L3Jlc291cmNlR3JvdXBzL3BzNTU3Ny9wcm92aWRlcnMvTWljcm9zb2Z0LlNxbC9sb2NhdGlvbnMvd2VzdHVzMi9kYXRhYmFzZUF6dXJlQXN5bmNPcGVyYXRpb24vNDQ0NWUxYzAtZjA5OC00MGM3LTkyMGMtYmM5MmQxODkyNmVkP2FwaS12ZXJzaW9uPTIwMjEtMDItMDEtcHJldmlldw==",
      "RequestMethod": "GET",
      "RequestBody": "",
      "RequestHeaders": {
        "x-ms-client-request-id": [
          "1596f99c-68b2-467e-8dcd-a4b596884fcb"
        ],
        "User-Agent": [
          "FxVersion/4.6.29916.01",
          "OSName/Windows",
          "OSVersion/Microsoft.Windows.10.0.14393.",
          "Microsoft.Azure.Management.Sql.SqlManagementClient/1.52.0.0"
        ]
      },
      "ResponseHeaders": {
        "Cache-Control": [
          "no-cache"
        ],
        "Pragma": [
          "no-cache"
        ],
        "Retry-After": [
          "15"
        ],
        "x-ms-request-id": [
          "4071d4db-49c0-41e8-bab7-48aef6cd798e"
        ],
        "Server": [
          "Microsoft-HTTPAPI/2.0"
        ],
        "x-ms-ratelimit-remaining-subscription-reads": [
          "11984"
        ],
        "x-ms-correlation-request-id": [
          "f3c24188-701d-404c-b9da-df7cdfebd919"
        ],
        "x-ms-routing-request-id": [
          "WESTCENTRALUS:20210517T054118Z:f3c24188-701d-404c-b9da-df7cdfebd919"
        ],
        "Strict-Transport-Security": [
          "max-age=31536000; includeSubDomains"
        ],
        "X-Content-Type-Options": [
          "nosniff"
        ],
        "Date": [
          "Mon, 17 May 2021 05:41:18 GMT"
        ],
        "Content-Length": [
          "107"
        ],
        "Content-Type": [
          "application/json; charset=utf-8"
        ],
        "Expires": [
          "-1"
        ]
      },
      "ResponseBody": "{\r\n  \"name\": \"4445e1c0-f098-40c7-920c-bc92d18926ed\",\r\n  \"status\": \"Succeeded\",\r\n  \"startTime\": \"2021-05-17T05:40:33.107Z\"\r\n}",
      "StatusCode": 200
    },
    {
      "RequestUri": "/subscriptions/2c647056-bab2-4175-b172-493ff049eb29/resourceGroups/ps5577/providers/Microsoft.Sql/servers/ps5848/syncAgents/ps2018?api-version=2015-05-01-preview",
      "EncodedRequestUri": "L3N1YnNjcmlwdGlvbnMvMmM2NDcwNTYtYmFiMi00MTc1LWIxNzItNDkzZmYwNDllYjI5L3Jlc291cmNlR3JvdXBzL3BzNTU3Ny9wcm92aWRlcnMvTWljcm9zb2Z0LlNxbC9zZXJ2ZXJzL3BzNTg0OC9zeW5jQWdlbnRzL3BzMjAxOD9hcGktdmVyc2lvbj0yMDE1LTA1LTAxLXByZXZpZXc=",
      "RequestMethod": "GET",
      "RequestBody": "",
      "RequestHeaders": {
        "User-Agent": [
          "Microsoft.Azure.Management.Sql.LegacySdk.SqlManagementClient/2.17.1.0"
        ]
      },
      "ResponseHeaders": {
        "Cache-Control": [
          "no-cache"
        ],
        "Pragma": [
          "no-cache"
        ],
        "x-ms-request-id": [
          "ef4ec4db-5acd-4879-b137-f4aa78912c4c"
        ],
        "Server": [
          "Microsoft-HTTPAPI/2.0"
        ],
        "x-ms-ratelimit-remaining-subscription-reads": [
          "11952"
        ],
        "x-ms-correlation-request-id": [
          "0b24c91c-895c-429c-98f3-c1bbd7b5c120"
        ],
        "x-ms-routing-request-id": [
          "WESTUS:20210517T054119Z:0b24c91c-895c-429c-98f3-c1bbd7b5c120"
        ],
        "Strict-Transport-Security": [
          "max-age=31536000; includeSubDomains"
        ],
        "X-Content-Type-Options": [
          "nosniff"
        ],
        "Date": [
          "Mon, 17 May 2021 05:41:18 GMT"
        ],
        "Content-Length": [
          "149"
        ],
        "Content-Type": [
          "application/json; charset=utf-8"
        ],
        "Expires": [
          "-1"
        ]
      },
      "ResponseBody": "{\r\n  \"error\": {\r\n    \"code\": \"ResourceNotFound\",\r\n    \"message\": \"The requested resource of type 'Microsoft.Sql/servers/syncAgents' with name 'ps2018' was not found.\"\r\n  }\r\n}",
      "StatusCode": 404
    },
    {
      "RequestUri": "/subscriptions/2c647056-bab2-4175-b172-493ff049eb29/resourceGroups/ps5577/providers/Microsoft.Sql/servers/ps5848/syncAgents/ps2018?api-version=2015-05-01-preview",
      "EncodedRequestUri": "L3N1YnNjcmlwdGlvbnMvMmM2NDcwNTYtYmFiMi00MTc1LWIxNzItNDkzZmYwNDllYjI5L3Jlc291cmNlR3JvdXBzL3BzNTU3Ny9wcm92aWRlcnMvTWljcm9zb2Z0LlNxbC9zZXJ2ZXJzL3BzNTg0OC9zeW5jQWdlbnRzL3BzMjAxOD9hcGktdmVyc2lvbj0yMDE1LTA1LTAxLXByZXZpZXc=",
      "RequestMethod": "GET",
      "RequestBody": "",
      "RequestHeaders": {
        "User-Agent": [
          "Microsoft.Azure.Management.Sql.LegacySdk.SqlManagementClient/2.17.1.0"
        ]
      },
      "ResponseHeaders": {
        "Cache-Control": [
          "no-cache"
        ],
        "Pragma": [
          "no-cache"
        ],
        "x-ms-request-id": [
          "34fa9649-fbb7-4a1c-b51e-3085ca99fd46"
        ],
        "Server": [
          "Microsoft-HTTPAPI/2.0"
        ],
        "x-ms-ratelimit-remaining-subscription-reads": [
          "11928"
        ],
        "x-ms-correlation-request-id": [
          "2c7e7396-f795-4e94-b770-c331bd2184a4"
        ],
        "x-ms-routing-request-id": [
          "WESTUS:20210517T054121Z:2c7e7396-f795-4e94-b770-c331bd2184a4"
        ],
        "Strict-Transport-Security": [
          "max-age=31536000; includeSubDomains"
        ],
        "X-Content-Type-Options": [
          "nosniff"
        ],
        "Date": [
          "Mon, 17 May 2021 05:41:21 GMT"
        ],
        "Content-Length": [
          "468"
        ],
        "Content-Type": [
          "application/json; charset=utf-8"
        ],
        "Expires": [
          "-1"
        ]
      },
      "ResponseBody": "{\r\n  \"properties\": {\r\n    \"syncDatabaseId\": \"/subscriptions/2c647056-bab2-4175-b172-493ff049eb29/resourceGroups/ps5577/providers/Microsoft.Sql/servers/ps5848/databases/ps1389\",\r\n    \"state\": \"NeverConnected\",\r\n    \"isUpToDate\": true,\r\n    \"expiryTime\": \"9999-12-31T23:59:59.9999999Z\",\r\n    \"version\": \"4.2.0.0\"\r\n  },\r\n  \"id\": \"/subscriptions/2c647056-bab2-4175-b172-493ff049eb29/resourceGroups/ps5577/providers/Microsoft.Sql/servers/ps5848/syncAgents/ps2018\",\r\n  \"name\": \"ps2018\",\r\n  \"type\": \"Microsoft.Sql/servers/syncAgents\"\r\n}",
      "StatusCode": 200
    },
    {
      "RequestUri": "/subscriptions/2c647056-bab2-4175-b172-493ff049eb29/resourceGroups/ps5577/providers/Microsoft.Sql/servers/ps5848/syncAgents/ps2018?api-version=2015-05-01-preview",
      "EncodedRequestUri": "L3N1YnNjcmlwdGlvbnMvMmM2NDcwNTYtYmFiMi00MTc1LWIxNzItNDkzZmYwNDllYjI5L3Jlc291cmNlR3JvdXBzL3BzNTU3Ny9wcm92aWRlcnMvTWljcm9zb2Z0LlNxbC9zZXJ2ZXJzL3BzNTg0OC9zeW5jQWdlbnRzL3BzMjAxOD9hcGktdmVyc2lvbj0yMDE1LTA1LTAxLXByZXZpZXc=",
      "RequestMethod": "PUT",
      "RequestBody": "{\r\n  \"properties\": {\r\n    \"syncDatabaseId\": \"/subscriptions/2c647056-bab2-4175-b172-493ff049eb29/resourceGroups/ps5577/providers/Microsoft.Sql/servers/ps5848/databases/ps1389\"\r\n  }\r\n}",
      "RequestHeaders": {
        "User-Agent": [
          "Microsoft.Azure.Management.Sql.LegacySdk.SqlManagementClient/2.17.1.0"
        ],
        "Content-Type": [
          "application/json; charset=utf-8"
        ],
        "Content-Length": [
          "183"
        ]
      },
      "ResponseHeaders": {
        "Cache-Control": [
          "no-cache"
        ],
        "Pragma": [
          "no-cache"
        ],
        "Location": [
          "https://management.azure.com/subscriptions/2c647056-bab2-4175-b172-493ff049eb29/resourceGroups/ps5577/providers/Microsoft.Sql/locations/westus2/syncAgentOperationResults/610a037a-5f97-4bdf-8cd5-cfc19cf7757b?api-version=2015-05-01-preview"
        ],
        "Retry-After": [
          "15"
        ],
        "x-ms-request-id": [
          "610a037a-5f97-4bdf-8cd5-cfc19cf7757b"
        ],
        "Server": [
          "Microsoft-HTTPAPI/2.0"
        ],
        "x-ms-ratelimit-remaining-subscription-writes": [
          "1199"
        ],
        "x-ms-correlation-request-id": [
          "ed7c00c5-ae2e-48b4-8f58-5fb821b51f0b"
        ],
        "x-ms-routing-request-id": [
          "WESTUS:20210517T054119Z:ed7c00c5-ae2e-48b4-8f58-5fb821b51f0b"
        ],
        "Strict-Transport-Security": [
          "max-age=31536000; includeSubDomains"
        ],
        "X-Content-Type-Options": [
          "nosniff"
        ],
        "Date": [
          "Mon, 17 May 2021 05:41:19 GMT"
        ],
        "Content-Length": [
          "70"
        ],
        "Content-Type": [
          "application/json; charset=utf-8"
        ],
        "Expires": [
          "-1"
        ]
      },
      "ResponseBody": "{\r\n  \"operation\": \"CreateSyncAgent\",\r\n  \"startTime\": \"2021-05-17T05:41:19.467Z\"\r\n}",
      "StatusCode": 202
    },
    {
      "RequestUri": "/subscriptions/2c647056-bab2-4175-b172-493ff049eb29/resourceGroups/ps5577/providers/Microsoft.Sql/locations/westus2/syncAgentOperationResults/610a037a-5f97-4bdf-8cd5-cfc19cf7757b?api-version=2015-05-01-preview",
      "EncodedRequestUri": "L3N1YnNjcmlwdGlvbnMvMmM2NDcwNTYtYmFiMi00MTc1LWIxNzItNDkzZmYwNDllYjI5L3Jlc291cmNlR3JvdXBzL3BzNTU3Ny9wcm92aWRlcnMvTWljcm9zb2Z0LlNxbC9sb2NhdGlvbnMvd2VzdHVzMi9zeW5jQWdlbnRPcGVyYXRpb25SZXN1bHRzLzYxMGEwMzdhLTVmOTctNGJkZi04Y2Q1LWNmYzE5Y2Y3NzU3Yj9hcGktdmVyc2lvbj0yMDE1LTA1LTAxLXByZXZpZXc=",
      "RequestMethod": "GET",
      "RequestBody": "",
      "RequestHeaders": {
        "User-Agent": [
          "Microsoft.Azure.Management.Sql.LegacySdk.SqlManagementClient/2.17.1.0"
        ]
      },
      "ResponseHeaders": {
        "Cache-Control": [
          "no-cache"
        ],
        "Pragma": [
          "no-cache"
        ],
        "Location": [
          "https://management.azure.com/subscriptions/2c647056-bab2-4175-b172-493ff049eb29/resourceGroups/ps5577/providers/Microsoft.Sql/locations/westus2/syncAgentOperationResults/610a037a-5f97-4bdf-8cd5-cfc19cf7757b?api-version=2015-05-01-preview"
        ],
        "Retry-After": [
          "15"
        ],
        "x-ms-request-id": [
          "307087da-9f8d-4011-b145-ba2563345301"
        ],
        "Server": [
          "Microsoft-HTTPAPI/2.0"
        ],
        "x-ms-ratelimit-remaining-subscription-reads": [
          "11951"
        ],
        "x-ms-correlation-request-id": [
          "2768c0fb-bfe8-4ea8-80d2-775427135675"
        ],
        "x-ms-routing-request-id": [
          "WESTUS:20210517T054119Z:2768c0fb-bfe8-4ea8-80d2-775427135675"
        ],
        "Strict-Transport-Security": [
          "max-age=31536000; includeSubDomains"
        ],
        "X-Content-Type-Options": [
          "nosniff"
        ],
        "Date": [
          "Mon, 17 May 2021 05:41:19 GMT"
        ],
        "Content-Length": [
          "70"
        ],
        "Content-Type": [
          "application/json; charset=utf-8"
        ],
        "Expires": [
          "-1"
        ]
      },
      "ResponseBody": "{\r\n  \"operation\": \"CreateSyncAgent\",\r\n  \"startTime\": \"2021-05-17T05:41:19.467Z\"\r\n}",
      "StatusCode": 202
    },
    {
      "RequestUri": "/subscriptions/2c647056-bab2-4175-b172-493ff049eb29/resourceGroups/ps5577/providers/Microsoft.Sql/locations/westus2/syncAgentOperationResults/610a037a-5f97-4bdf-8cd5-cfc19cf7757b?api-version=2015-05-01-preview",
      "EncodedRequestUri": "L3N1YnNjcmlwdGlvbnMvMmM2NDcwNTYtYmFiMi00MTc1LWIxNzItNDkzZmYwNDllYjI5L3Jlc291cmNlR3JvdXBzL3BzNTU3Ny9wcm92aWRlcnMvTWljcm9zb2Z0LlNxbC9sb2NhdGlvbnMvd2VzdHVzMi9zeW5jQWdlbnRPcGVyYXRpb25SZXN1bHRzLzYxMGEwMzdhLTVmOTctNGJkZi04Y2Q1LWNmYzE5Y2Y3NzU3Yj9hcGktdmVyc2lvbj0yMDE1LTA1LTAxLXByZXZpZXc=",
      "RequestMethod": "GET",
      "RequestBody": "",
      "RequestHeaders": {
        "User-Agent": [
          "Microsoft.Azure.Management.Sql.LegacySdk.SqlManagementClient/2.17.1.0"
        ]
      },
      "ResponseHeaders": {
        "Cache-Control": [
          "no-cache"
        ],
        "Pragma": [
          "no-cache"
        ],
        "Location": [
          "https://management.azure.com/subscriptions/2c647056-bab2-4175-b172-493ff049eb29/resourceGroups/ps5577/providers/Microsoft.Sql/locations/westus2/syncAgentOperationResults/610a037a-5f97-4bdf-8cd5-cfc19cf7757b?api-version=2015-05-01-preview"
        ],
        "Retry-After": [
          "15"
        ],
        "x-ms-request-id": [
          "331be3c2-1ef7-4ff7-b3d3-e7292c49f279"
        ],
        "Server": [
          "Microsoft-HTTPAPI/2.0"
        ],
        "x-ms-ratelimit-remaining-subscription-reads": [
          "11950"
        ],
        "x-ms-correlation-request-id": [
          "6e81b73f-6a40-40e6-a86c-3b724b86740c"
        ],
        "x-ms-routing-request-id": [
          "WESTUS:20210517T054119Z:6e81b73f-6a40-40e6-a86c-3b724b86740c"
        ],
        "Strict-Transport-Security": [
          "max-age=31536000; includeSubDomains"
        ],
        "X-Content-Type-Options": [
          "nosniff"
        ],
        "Date": [
          "Mon, 17 May 2021 05:41:19 GMT"
        ],
        "Content-Length": [
          "70"
        ],
        "Content-Type": [
          "application/json; charset=utf-8"
        ],
        "Expires": [
          "-1"
        ]
      },
      "ResponseBody": "{\r\n  \"operation\": \"CreateSyncAgent\",\r\n  \"startTime\": \"2021-05-17T05:41:19.467Z\"\r\n}",
      "StatusCode": 202
    },
    {
      "RequestUri": "/subscriptions/2c647056-bab2-4175-b172-493ff049eb29/resourceGroups/ps5577/providers/Microsoft.Sql/locations/westus2/syncAgentOperationResults/610a037a-5f97-4bdf-8cd5-cfc19cf7757b?api-version=2015-05-01-preview",
      "EncodedRequestUri": "L3N1YnNjcmlwdGlvbnMvMmM2NDcwNTYtYmFiMi00MTc1LWIxNzItNDkzZmYwNDllYjI5L3Jlc291cmNlR3JvdXBzL3BzNTU3Ny9wcm92aWRlcnMvTWljcm9zb2Z0LlNxbC9sb2NhdGlvbnMvd2VzdHVzMi9zeW5jQWdlbnRPcGVyYXRpb25SZXN1bHRzLzYxMGEwMzdhLTVmOTctNGJkZi04Y2Q1LWNmYzE5Y2Y3NzU3Yj9hcGktdmVyc2lvbj0yMDE1LTA1LTAxLXByZXZpZXc=",
      "RequestMethod": "GET",
      "RequestBody": "",
      "RequestHeaders": {
        "User-Agent": [
          "Microsoft.Azure.Management.Sql.LegacySdk.SqlManagementClient/2.17.1.0"
        ]
      },
      "ResponseHeaders": {
        "Cache-Control": [
          "no-cache"
        ],
        "Pragma": [
          "no-cache"
        ],
        "Location": [
          "https://management.azure.com/subscriptions/2c647056-bab2-4175-b172-493ff049eb29/resourceGroups/ps5577/providers/Microsoft.Sql/locations/westus2/syncAgentOperationResults/610a037a-5f97-4bdf-8cd5-cfc19cf7757b?api-version=2015-05-01-preview"
        ],
        "Retry-After": [
          "15"
        ],
        "x-ms-request-id": [
          "3234bca2-47e4-4d53-acd3-d44f78bcf043"
        ],
        "Server": [
          "Microsoft-HTTPAPI/2.0"
        ],
        "x-ms-ratelimit-remaining-subscription-reads": [
          "11949"
        ],
        "x-ms-correlation-request-id": [
          "872e2198-63d5-434e-844b-158f47dc1396"
        ],
        "x-ms-routing-request-id": [
          "WESTUS:20210517T054119Z:872e2198-63d5-434e-844b-158f47dc1396"
        ],
        "Strict-Transport-Security": [
          "max-age=31536000; includeSubDomains"
        ],
        "X-Content-Type-Options": [
          "nosniff"
        ],
        "Date": [
          "Mon, 17 May 2021 05:41:19 GMT"
        ],
        "Content-Length": [
          "70"
        ],
        "Content-Type": [
          "application/json; charset=utf-8"
        ],
        "Expires": [
          "-1"
        ]
      },
      "ResponseBody": "{\r\n  \"operation\": \"CreateSyncAgent\",\r\n  \"startTime\": \"2021-05-17T05:41:19.467Z\"\r\n}",
      "StatusCode": 202
    },
    {
      "RequestUri": "/subscriptions/2c647056-bab2-4175-b172-493ff049eb29/resourceGroups/ps5577/providers/Microsoft.Sql/locations/westus2/syncAgentOperationResults/610a037a-5f97-4bdf-8cd5-cfc19cf7757b?api-version=2015-05-01-preview",
      "EncodedRequestUri": "L3N1YnNjcmlwdGlvbnMvMmM2NDcwNTYtYmFiMi00MTc1LWIxNzItNDkzZmYwNDllYjI5L3Jlc291cmNlR3JvdXBzL3BzNTU3Ny9wcm92aWRlcnMvTWljcm9zb2Z0LlNxbC9sb2NhdGlvbnMvd2VzdHVzMi9zeW5jQWdlbnRPcGVyYXRpb25SZXN1bHRzLzYxMGEwMzdhLTVmOTctNGJkZi04Y2Q1LWNmYzE5Y2Y3NzU3Yj9hcGktdmVyc2lvbj0yMDE1LTA1LTAxLXByZXZpZXc=",
      "RequestMethod": "GET",
      "RequestBody": "",
      "RequestHeaders": {
        "User-Agent": [
          "Microsoft.Azure.Management.Sql.LegacySdk.SqlManagementClient/2.17.1.0"
        ]
      },
      "ResponseHeaders": {
        "Cache-Control": [
          "no-cache"
        ],
        "Pragma": [
          "no-cache"
        ],
        "Location": [
          "https://management.azure.com/subscriptions/2c647056-bab2-4175-b172-493ff049eb29/resourceGroups/ps5577/providers/Microsoft.Sql/locations/westus2/syncAgentOperationResults/610a037a-5f97-4bdf-8cd5-cfc19cf7757b?api-version=2015-05-01-preview"
        ],
        "Retry-After": [
          "15"
        ],
        "x-ms-request-id": [
          "63952c2c-1482-4ecd-9b15-ec65a81b7ea8"
        ],
        "Server": [
          "Microsoft-HTTPAPI/2.0"
        ],
        "x-ms-ratelimit-remaining-subscription-reads": [
          "11948"
        ],
        "x-ms-correlation-request-id": [
          "267a846f-94f1-43ad-80b9-70f2cae2ad9a"
        ],
        "x-ms-routing-request-id": [
          "WESTUS:20210517T054119Z:267a846f-94f1-43ad-80b9-70f2cae2ad9a"
        ],
        "Strict-Transport-Security": [
          "max-age=31536000; includeSubDomains"
        ],
        "X-Content-Type-Options": [
          "nosniff"
        ],
        "Date": [
          "Mon, 17 May 2021 05:41:19 GMT"
        ],
        "Content-Length": [
          "70"
        ],
        "Content-Type": [
          "application/json; charset=utf-8"
        ],
        "Expires": [
          "-1"
        ]
      },
      "ResponseBody": "{\r\n  \"operation\": \"CreateSyncAgent\",\r\n  \"startTime\": \"2021-05-17T05:41:19.467Z\"\r\n}",
      "StatusCode": 202
    },
    {
      "RequestUri": "/subscriptions/2c647056-bab2-4175-b172-493ff049eb29/resourceGroups/ps5577/providers/Microsoft.Sql/locations/westus2/syncAgentOperationResults/610a037a-5f97-4bdf-8cd5-cfc19cf7757b?api-version=2015-05-01-preview",
      "EncodedRequestUri": "L3N1YnNjcmlwdGlvbnMvMmM2NDcwNTYtYmFiMi00MTc1LWIxNzItNDkzZmYwNDllYjI5L3Jlc291cmNlR3JvdXBzL3BzNTU3Ny9wcm92aWRlcnMvTWljcm9zb2Z0LlNxbC9sb2NhdGlvbnMvd2VzdHVzMi9zeW5jQWdlbnRPcGVyYXRpb25SZXN1bHRzLzYxMGEwMzdhLTVmOTctNGJkZi04Y2Q1LWNmYzE5Y2Y3NzU3Yj9hcGktdmVyc2lvbj0yMDE1LTA1LTAxLXByZXZpZXc=",
      "RequestMethod": "GET",
      "RequestBody": "",
      "RequestHeaders": {
        "User-Agent": [
          "Microsoft.Azure.Management.Sql.LegacySdk.SqlManagementClient/2.17.1.0"
        ]
      },
      "ResponseHeaders": {
        "Cache-Control": [
          "no-cache"
        ],
        "Pragma": [
          "no-cache"
        ],
        "Location": [
          "https://management.azure.com/subscriptions/2c647056-bab2-4175-b172-493ff049eb29/resourceGroups/ps5577/providers/Microsoft.Sql/locations/westus2/syncAgentOperationResults/610a037a-5f97-4bdf-8cd5-cfc19cf7757b?api-version=2015-05-01-preview"
        ],
        "Retry-After": [
          "15"
        ],
        "x-ms-request-id": [
          "75396572-cc58-4ce2-a18d-d370e0b69896"
        ],
        "Server": [
          "Microsoft-HTTPAPI/2.0"
        ],
        "x-ms-ratelimit-remaining-subscription-reads": [
          "11947"
        ],
        "x-ms-correlation-request-id": [
          "0ab48f17-efd5-43c9-a77f-d0a5fc64d56c"
        ],
        "x-ms-routing-request-id": [
          "WESTUS:20210517T054120Z:0ab48f17-efd5-43c9-a77f-d0a5fc64d56c"
        ],
        "Strict-Transport-Security": [
          "max-age=31536000; includeSubDomains"
        ],
        "X-Content-Type-Options": [
          "nosniff"
        ],
        "Date": [
          "Mon, 17 May 2021 05:41:19 GMT"
        ],
        "Content-Length": [
          "70"
        ],
        "Content-Type": [
          "application/json; charset=utf-8"
        ],
        "Expires": [
          "-1"
        ]
      },
      "ResponseBody": "{\r\n  \"operation\": \"CreateSyncAgent\",\r\n  \"startTime\": \"2021-05-17T05:41:19.467Z\"\r\n}",
      "StatusCode": 202
    },
    {
      "RequestUri": "/subscriptions/2c647056-bab2-4175-b172-493ff049eb29/resourceGroups/ps5577/providers/Microsoft.Sql/locations/westus2/syncAgentOperationResults/610a037a-5f97-4bdf-8cd5-cfc19cf7757b?api-version=2015-05-01-preview",
      "EncodedRequestUri": "L3N1YnNjcmlwdGlvbnMvMmM2NDcwNTYtYmFiMi00MTc1LWIxNzItNDkzZmYwNDllYjI5L3Jlc291cmNlR3JvdXBzL3BzNTU3Ny9wcm92aWRlcnMvTWljcm9zb2Z0LlNxbC9sb2NhdGlvbnMvd2VzdHVzMi9zeW5jQWdlbnRPcGVyYXRpb25SZXN1bHRzLzYxMGEwMzdhLTVmOTctNGJkZi04Y2Q1LWNmYzE5Y2Y3NzU3Yj9hcGktdmVyc2lvbj0yMDE1LTA1LTAxLXByZXZpZXc=",
      "RequestMethod": "GET",
      "RequestBody": "",
      "RequestHeaders": {
        "User-Agent": [
          "Microsoft.Azure.Management.Sql.LegacySdk.SqlManagementClient/2.17.1.0"
        ]
      },
      "ResponseHeaders": {
        "Cache-Control": [
          "no-cache"
        ],
        "Pragma": [
          "no-cache"
        ],
        "Location": [
          "https://management.azure.com/subscriptions/2c647056-bab2-4175-b172-493ff049eb29/resourceGroups/ps5577/providers/Microsoft.Sql/locations/westus2/syncAgentOperationResults/610a037a-5f97-4bdf-8cd5-cfc19cf7757b?api-version=2015-05-01-preview"
        ],
        "Retry-After": [
          "15"
        ],
        "x-ms-request-id": [
          "93a5715b-654e-473b-a32a-dd610936d3b1"
        ],
        "Server": [
          "Microsoft-HTTPAPI/2.0"
        ],
        "x-ms-ratelimit-remaining-subscription-reads": [
          "11946"
        ],
        "x-ms-correlation-request-id": [
          "1ef40e53-d500-41d1-ad9d-ddfcdb1ca2d1"
        ],
        "x-ms-routing-request-id": [
          "WESTUS:20210517T054120Z:1ef40e53-d500-41d1-ad9d-ddfcdb1ca2d1"
        ],
        "Strict-Transport-Security": [
          "max-age=31536000; includeSubDomains"
        ],
        "X-Content-Type-Options": [
          "nosniff"
        ],
        "Date": [
          "Mon, 17 May 2021 05:41:19 GMT"
        ],
        "Content-Length": [
          "70"
        ],
        "Content-Type": [
          "application/json; charset=utf-8"
        ],
        "Expires": [
          "-1"
        ]
      },
      "ResponseBody": "{\r\n  \"operation\": \"CreateSyncAgent\",\r\n  \"startTime\": \"2021-05-17T05:41:19.467Z\"\r\n}",
      "StatusCode": 202
    },
    {
      "RequestUri": "/subscriptions/2c647056-bab2-4175-b172-493ff049eb29/resourceGroups/ps5577/providers/Microsoft.Sql/locations/westus2/syncAgentOperationResults/610a037a-5f97-4bdf-8cd5-cfc19cf7757b?api-version=2015-05-01-preview",
      "EncodedRequestUri": "L3N1YnNjcmlwdGlvbnMvMmM2NDcwNTYtYmFiMi00MTc1LWIxNzItNDkzZmYwNDllYjI5L3Jlc291cmNlR3JvdXBzL3BzNTU3Ny9wcm92aWRlcnMvTWljcm9zb2Z0LlNxbC9sb2NhdGlvbnMvd2VzdHVzMi9zeW5jQWdlbnRPcGVyYXRpb25SZXN1bHRzLzYxMGEwMzdhLTVmOTctNGJkZi04Y2Q1LWNmYzE5Y2Y3NzU3Yj9hcGktdmVyc2lvbj0yMDE1LTA1LTAxLXByZXZpZXc=",
      "RequestMethod": "GET",
      "RequestBody": "",
      "RequestHeaders": {
        "User-Agent": [
          "Microsoft.Azure.Management.Sql.LegacySdk.SqlManagementClient/2.17.1.0"
        ]
      },
      "ResponseHeaders": {
        "Cache-Control": [
          "no-cache"
        ],
        "Pragma": [
          "no-cache"
        ],
        "Location": [
          "https://management.azure.com/subscriptions/2c647056-bab2-4175-b172-493ff049eb29/resourceGroups/ps5577/providers/Microsoft.Sql/locations/westus2/syncAgentOperationResults/610a037a-5f97-4bdf-8cd5-cfc19cf7757b?api-version=2015-05-01-preview"
        ],
        "Retry-After": [
          "15"
        ],
        "x-ms-request-id": [
          "f3106882-9f4d-4301-bf68-9f81dcabced2"
        ],
        "Server": [
          "Microsoft-HTTPAPI/2.0"
        ],
        "x-ms-ratelimit-remaining-subscription-reads": [
          "11945"
        ],
        "x-ms-correlation-request-id": [
          "74fb14a1-f843-421a-9dc7-ccdb1b44c906"
        ],
        "x-ms-routing-request-id": [
          "WESTUS:20210517T054120Z:74fb14a1-f843-421a-9dc7-ccdb1b44c906"
        ],
        "Strict-Transport-Security": [
          "max-age=31536000; includeSubDomains"
        ],
        "X-Content-Type-Options": [
          "nosniff"
        ],
        "Date": [
          "Mon, 17 May 2021 05:41:19 GMT"
        ],
        "Content-Length": [
          "70"
        ],
        "Content-Type": [
          "application/json; charset=utf-8"
        ],
        "Expires": [
          "-1"
        ]
      },
      "ResponseBody": "{\r\n  \"operation\": \"CreateSyncAgent\",\r\n  \"startTime\": \"2021-05-17T05:41:19.467Z\"\r\n}",
      "StatusCode": 202
    },
    {
      "RequestUri": "/subscriptions/2c647056-bab2-4175-b172-493ff049eb29/resourceGroups/ps5577/providers/Microsoft.Sql/locations/westus2/syncAgentOperationResults/610a037a-5f97-4bdf-8cd5-cfc19cf7757b?api-version=2015-05-01-preview",
      "EncodedRequestUri": "L3N1YnNjcmlwdGlvbnMvMmM2NDcwNTYtYmFiMi00MTc1LWIxNzItNDkzZmYwNDllYjI5L3Jlc291cmNlR3JvdXBzL3BzNTU3Ny9wcm92aWRlcnMvTWljcm9zb2Z0LlNxbC9sb2NhdGlvbnMvd2VzdHVzMi9zeW5jQWdlbnRPcGVyYXRpb25SZXN1bHRzLzYxMGEwMzdhLTVmOTctNGJkZi04Y2Q1LWNmYzE5Y2Y3NzU3Yj9hcGktdmVyc2lvbj0yMDE1LTA1LTAxLXByZXZpZXc=",
      "RequestMethod": "GET",
      "RequestBody": "",
      "RequestHeaders": {
        "User-Agent": [
          "Microsoft.Azure.Management.Sql.LegacySdk.SqlManagementClient/2.17.1.0"
        ]
      },
      "ResponseHeaders": {
        "Cache-Control": [
          "no-cache"
        ],
        "Pragma": [
          "no-cache"
        ],
        "Location": [
          "https://management.azure.com/subscriptions/2c647056-bab2-4175-b172-493ff049eb29/resourceGroups/ps5577/providers/Microsoft.Sql/locations/westus2/syncAgentOperationResults/610a037a-5f97-4bdf-8cd5-cfc19cf7757b?api-version=2015-05-01-preview"
        ],
        "Retry-After": [
          "15"
        ],
        "x-ms-request-id": [
          "222c7a04-dc3b-4d7b-a14c-5ab7685b15cd"
        ],
        "Server": [
          "Microsoft-HTTPAPI/2.0"
        ],
        "x-ms-ratelimit-remaining-subscription-reads": [
          "11944"
        ],
        "x-ms-correlation-request-id": [
          "10d06c54-4143-4763-8ee7-8831a30a8f8b"
        ],
        "x-ms-routing-request-id": [
          "WESTUS:20210517T054120Z:10d06c54-4143-4763-8ee7-8831a30a8f8b"
        ],
        "Strict-Transport-Security": [
          "max-age=31536000; includeSubDomains"
        ],
        "X-Content-Type-Options": [
          "nosniff"
        ],
        "Date": [
          "Mon, 17 May 2021 05:41:19 GMT"
        ],
        "Content-Length": [
          "70"
        ],
        "Content-Type": [
          "application/json; charset=utf-8"
        ],
        "Expires": [
          "-1"
        ]
      },
      "ResponseBody": "{\r\n  \"operation\": \"CreateSyncAgent\",\r\n  \"startTime\": \"2021-05-17T05:41:19.467Z\"\r\n}",
      "StatusCode": 202
    },
    {
      "RequestUri": "/subscriptions/2c647056-bab2-4175-b172-493ff049eb29/resourceGroups/ps5577/providers/Microsoft.Sql/locations/westus2/syncAgentOperationResults/610a037a-5f97-4bdf-8cd5-cfc19cf7757b?api-version=2015-05-01-preview",
      "EncodedRequestUri": "L3N1YnNjcmlwdGlvbnMvMmM2NDcwNTYtYmFiMi00MTc1LWIxNzItNDkzZmYwNDllYjI5L3Jlc291cmNlR3JvdXBzL3BzNTU3Ny9wcm92aWRlcnMvTWljcm9zb2Z0LlNxbC9sb2NhdGlvbnMvd2VzdHVzMi9zeW5jQWdlbnRPcGVyYXRpb25SZXN1bHRzLzYxMGEwMzdhLTVmOTctNGJkZi04Y2Q1LWNmYzE5Y2Y3NzU3Yj9hcGktdmVyc2lvbj0yMDE1LTA1LTAxLXByZXZpZXc=",
      "RequestMethod": "GET",
      "RequestBody": "",
      "RequestHeaders": {
        "User-Agent": [
          "Microsoft.Azure.Management.Sql.LegacySdk.SqlManagementClient/2.17.1.0"
        ]
      },
      "ResponseHeaders": {
        "Cache-Control": [
          "no-cache"
        ],
        "Pragma": [
          "no-cache"
        ],
        "Location": [
          "https://management.azure.com/subscriptions/2c647056-bab2-4175-b172-493ff049eb29/resourceGroups/ps5577/providers/Microsoft.Sql/locations/westus2/syncAgentOperationResults/610a037a-5f97-4bdf-8cd5-cfc19cf7757b?api-version=2015-05-01-preview"
        ],
        "Retry-After": [
          "15"
        ],
        "x-ms-request-id": [
          "c5e3fb0b-d34c-4799-8b47-4455145fc091"
        ],
        "Server": [
          "Microsoft-HTTPAPI/2.0"
        ],
        "x-ms-ratelimit-remaining-subscription-reads": [
          "11943"
        ],
        "x-ms-correlation-request-id": [
          "b3c4db37-181b-47ab-b932-441e934f742b"
        ],
        "x-ms-routing-request-id": [
          "WESTUS:20210517T054120Z:b3c4db37-181b-47ab-b932-441e934f742b"
        ],
        "Strict-Transport-Security": [
          "max-age=31536000; includeSubDomains"
        ],
        "X-Content-Type-Options": [
          "nosniff"
        ],
        "Date": [
          "Mon, 17 May 2021 05:41:19 GMT"
        ],
        "Content-Length": [
          "70"
        ],
        "Content-Type": [
          "application/json; charset=utf-8"
        ],
        "Expires": [
          "-1"
        ]
      },
      "ResponseBody": "{\r\n  \"operation\": \"CreateSyncAgent\",\r\n  \"startTime\": \"2021-05-17T05:41:19.467Z\"\r\n}",
      "StatusCode": 202
    },
    {
      "RequestUri": "/subscriptions/2c647056-bab2-4175-b172-493ff049eb29/resourceGroups/ps5577/providers/Microsoft.Sql/locations/westus2/syncAgentOperationResults/610a037a-5f97-4bdf-8cd5-cfc19cf7757b?api-version=2015-05-01-preview",
      "EncodedRequestUri": "L3N1YnNjcmlwdGlvbnMvMmM2NDcwNTYtYmFiMi00MTc1LWIxNzItNDkzZmYwNDllYjI5L3Jlc291cmNlR3JvdXBzL3BzNTU3Ny9wcm92aWRlcnMvTWljcm9zb2Z0LlNxbC9sb2NhdGlvbnMvd2VzdHVzMi9zeW5jQWdlbnRPcGVyYXRpb25SZXN1bHRzLzYxMGEwMzdhLTVmOTctNGJkZi04Y2Q1LWNmYzE5Y2Y3NzU3Yj9hcGktdmVyc2lvbj0yMDE1LTA1LTAxLXByZXZpZXc=",
      "RequestMethod": "GET",
      "RequestBody": "",
      "RequestHeaders": {
        "User-Agent": [
          "Microsoft.Azure.Management.Sql.LegacySdk.SqlManagementClient/2.17.1.0"
        ]
      },
      "ResponseHeaders": {
        "Cache-Control": [
          "no-cache"
        ],
        "Pragma": [
          "no-cache"
        ],
        "Location": [
          "https://management.azure.com/subscriptions/2c647056-bab2-4175-b172-493ff049eb29/resourceGroups/ps5577/providers/Microsoft.Sql/locations/westus2/syncAgentOperationResults/610a037a-5f97-4bdf-8cd5-cfc19cf7757b?api-version=2015-05-01-preview"
        ],
        "Retry-After": [
          "15"
        ],
        "x-ms-request-id": [
          "9de04e2a-d27e-43e8-ac20-a191f7e08a64"
        ],
        "Server": [
          "Microsoft-HTTPAPI/2.0"
        ],
        "x-ms-ratelimit-remaining-subscription-reads": [
          "11942"
        ],
        "x-ms-correlation-request-id": [
          "69e79d12-83bd-427e-a065-72400f943529"
        ],
        "x-ms-routing-request-id": [
          "WESTUS:20210517T054120Z:69e79d12-83bd-427e-a065-72400f943529"
        ],
        "Strict-Transport-Security": [
          "max-age=31536000; includeSubDomains"
        ],
        "X-Content-Type-Options": [
          "nosniff"
        ],
        "Date": [
          "Mon, 17 May 2021 05:41:19 GMT"
        ],
        "Content-Length": [
          "70"
        ],
        "Content-Type": [
          "application/json; charset=utf-8"
        ],
        "Expires": [
          "-1"
        ]
      },
      "ResponseBody": "{\r\n  \"operation\": \"CreateSyncAgent\",\r\n  \"startTime\": \"2021-05-17T05:41:19.467Z\"\r\n}",
      "StatusCode": 202
    },
    {
      "RequestUri": "/subscriptions/2c647056-bab2-4175-b172-493ff049eb29/resourceGroups/ps5577/providers/Microsoft.Sql/locations/westus2/syncAgentOperationResults/610a037a-5f97-4bdf-8cd5-cfc19cf7757b?api-version=2015-05-01-preview",
      "EncodedRequestUri": "L3N1YnNjcmlwdGlvbnMvMmM2NDcwNTYtYmFiMi00MTc1LWIxNzItNDkzZmYwNDllYjI5L3Jlc291cmNlR3JvdXBzL3BzNTU3Ny9wcm92aWRlcnMvTWljcm9zb2Z0LlNxbC9sb2NhdGlvbnMvd2VzdHVzMi9zeW5jQWdlbnRPcGVyYXRpb25SZXN1bHRzLzYxMGEwMzdhLTVmOTctNGJkZi04Y2Q1LWNmYzE5Y2Y3NzU3Yj9hcGktdmVyc2lvbj0yMDE1LTA1LTAxLXByZXZpZXc=",
      "RequestMethod": "GET",
      "RequestBody": "",
      "RequestHeaders": {
        "User-Agent": [
          "Microsoft.Azure.Management.Sql.LegacySdk.SqlManagementClient/2.17.1.0"
        ]
      },
      "ResponseHeaders": {
        "Cache-Control": [
          "no-cache"
        ],
        "Pragma": [
          "no-cache"
        ],
        "Location": [
          "https://management.azure.com/subscriptions/2c647056-bab2-4175-b172-493ff049eb29/resourceGroups/ps5577/providers/Microsoft.Sql/locations/westus2/syncAgentOperationResults/610a037a-5f97-4bdf-8cd5-cfc19cf7757b?api-version=2015-05-01-preview"
        ],
        "Retry-After": [
          "15"
        ],
        "x-ms-request-id": [
          "7345ca89-b2fb-4587-8eef-baae422d2f6f"
        ],
        "Server": [
          "Microsoft-HTTPAPI/2.0"
        ],
        "x-ms-ratelimit-remaining-subscription-reads": [
          "11941"
        ],
        "x-ms-correlation-request-id": [
          "4176b053-bcf1-4b9f-aa0b-11d469bad768"
        ],
        "x-ms-routing-request-id": [
          "WESTUS:20210517T054120Z:4176b053-bcf1-4b9f-aa0b-11d469bad768"
        ],
        "Strict-Transport-Security": [
          "max-age=31536000; includeSubDomains"
        ],
        "X-Content-Type-Options": [
          "nosniff"
        ],
        "Date": [
          "Mon, 17 May 2021 05:41:19 GMT"
        ],
        "Content-Length": [
          "70"
        ],
        "Content-Type": [
          "application/json; charset=utf-8"
        ],
        "Expires": [
          "-1"
        ]
      },
      "ResponseBody": "{\r\n  \"operation\": \"CreateSyncAgent\",\r\n  \"startTime\": \"2021-05-17T05:41:19.467Z\"\r\n}",
      "StatusCode": 202
    },
    {
      "RequestUri": "/subscriptions/2c647056-bab2-4175-b172-493ff049eb29/resourceGroups/ps5577/providers/Microsoft.Sql/locations/westus2/syncAgentOperationResults/610a037a-5f97-4bdf-8cd5-cfc19cf7757b?api-version=2015-05-01-preview",
      "EncodedRequestUri": "L3N1YnNjcmlwdGlvbnMvMmM2NDcwNTYtYmFiMi00MTc1LWIxNzItNDkzZmYwNDllYjI5L3Jlc291cmNlR3JvdXBzL3BzNTU3Ny9wcm92aWRlcnMvTWljcm9zb2Z0LlNxbC9sb2NhdGlvbnMvd2VzdHVzMi9zeW5jQWdlbnRPcGVyYXRpb25SZXN1bHRzLzYxMGEwMzdhLTVmOTctNGJkZi04Y2Q1LWNmYzE5Y2Y3NzU3Yj9hcGktdmVyc2lvbj0yMDE1LTA1LTAxLXByZXZpZXc=",
      "RequestMethod": "GET",
      "RequestBody": "",
      "RequestHeaders": {
        "User-Agent": [
          "Microsoft.Azure.Management.Sql.LegacySdk.SqlManagementClient/2.17.1.0"
        ]
      },
      "ResponseHeaders": {
        "Cache-Control": [
          "no-cache"
        ],
        "Pragma": [
          "no-cache"
        ],
        "Location": [
          "https://management.azure.com/subscriptions/2c647056-bab2-4175-b172-493ff049eb29/resourceGroups/ps5577/providers/Microsoft.Sql/locations/westus2/syncAgentOperationResults/610a037a-5f97-4bdf-8cd5-cfc19cf7757b?api-version=2015-05-01-preview"
        ],
        "Retry-After": [
          "15"
        ],
        "x-ms-request-id": [
          "0d69cc0d-2dec-4fd5-8ba7-7d55bca228c3"
        ],
        "Server": [
          "Microsoft-HTTPAPI/2.0"
        ],
        "x-ms-ratelimit-remaining-subscription-reads": [
          "11940"
        ],
        "x-ms-correlation-request-id": [
          "6bcc3289-3a68-4b1a-b646-f058dc7e2640"
        ],
        "x-ms-routing-request-id": [
          "WESTUS:20210517T054120Z:6bcc3289-3a68-4b1a-b646-f058dc7e2640"
        ],
        "Strict-Transport-Security": [
          "max-age=31536000; includeSubDomains"
        ],
        "X-Content-Type-Options": [
          "nosniff"
        ],
        "Date": [
          "Mon, 17 May 2021 05:41:20 GMT"
        ],
        "Content-Length": [
          "70"
        ],
        "Content-Type": [
          "application/json; charset=utf-8"
        ],
        "Expires": [
          "-1"
        ]
      },
      "ResponseBody": "{\r\n  \"operation\": \"CreateSyncAgent\",\r\n  \"startTime\": \"2021-05-17T05:41:19.467Z\"\r\n}",
      "StatusCode": 202
    },
    {
      "RequestUri": "/subscriptions/2c647056-bab2-4175-b172-493ff049eb29/resourceGroups/ps5577/providers/Microsoft.Sql/locations/westus2/syncAgentOperationResults/610a037a-5f97-4bdf-8cd5-cfc19cf7757b?api-version=2015-05-01-preview",
      "EncodedRequestUri": "L3N1YnNjcmlwdGlvbnMvMmM2NDcwNTYtYmFiMi00MTc1LWIxNzItNDkzZmYwNDllYjI5L3Jlc291cmNlR3JvdXBzL3BzNTU3Ny9wcm92aWRlcnMvTWljcm9zb2Z0LlNxbC9sb2NhdGlvbnMvd2VzdHVzMi9zeW5jQWdlbnRPcGVyYXRpb25SZXN1bHRzLzYxMGEwMzdhLTVmOTctNGJkZi04Y2Q1LWNmYzE5Y2Y3NzU3Yj9hcGktdmVyc2lvbj0yMDE1LTA1LTAxLXByZXZpZXc=",
      "RequestMethod": "GET",
      "RequestBody": "",
      "RequestHeaders": {
        "User-Agent": [
          "Microsoft.Azure.Management.Sql.LegacySdk.SqlManagementClient/2.17.1.0"
        ]
      },
      "ResponseHeaders": {
        "Cache-Control": [
          "no-cache"
        ],
        "Pragma": [
          "no-cache"
        ],
        "Location": [
          "https://management.azure.com/subscriptions/2c647056-bab2-4175-b172-493ff049eb29/resourceGroups/ps5577/providers/Microsoft.Sql/locations/westus2/syncAgentOperationResults/610a037a-5f97-4bdf-8cd5-cfc19cf7757b?api-version=2015-05-01-preview"
        ],
        "Retry-After": [
          "15"
        ],
        "x-ms-request-id": [
          "16bb8f3a-360f-472c-8e87-542394753b01"
        ],
        "Server": [
          "Microsoft-HTTPAPI/2.0"
        ],
        "x-ms-ratelimit-remaining-subscription-reads": [
          "11939"
        ],
        "x-ms-correlation-request-id": [
          "3b768d77-c9a4-4bcd-8283-1147f404a130"
        ],
        "x-ms-routing-request-id": [
          "WESTUS:20210517T054120Z:3b768d77-c9a4-4bcd-8283-1147f404a130"
        ],
        "Strict-Transport-Security": [
          "max-age=31536000; includeSubDomains"
        ],
        "X-Content-Type-Options": [
          "nosniff"
        ],
        "Date": [
          "Mon, 17 May 2021 05:41:20 GMT"
        ],
        "Content-Length": [
          "70"
        ],
        "Content-Type": [
          "application/json; charset=utf-8"
        ],
        "Expires": [
          "-1"
        ]
      },
      "ResponseBody": "{\r\n  \"operation\": \"CreateSyncAgent\",\r\n  \"startTime\": \"2021-05-17T05:41:19.467Z\"\r\n}",
      "StatusCode": 202
    },
    {
      "RequestUri": "/subscriptions/2c647056-bab2-4175-b172-493ff049eb29/resourceGroups/ps5577/providers/Microsoft.Sql/locations/westus2/syncAgentOperationResults/610a037a-5f97-4bdf-8cd5-cfc19cf7757b?api-version=2015-05-01-preview",
      "EncodedRequestUri": "L3N1YnNjcmlwdGlvbnMvMmM2NDcwNTYtYmFiMi00MTc1LWIxNzItNDkzZmYwNDllYjI5L3Jlc291cmNlR3JvdXBzL3BzNTU3Ny9wcm92aWRlcnMvTWljcm9zb2Z0LlNxbC9sb2NhdGlvbnMvd2VzdHVzMi9zeW5jQWdlbnRPcGVyYXRpb25SZXN1bHRzLzYxMGEwMzdhLTVmOTctNGJkZi04Y2Q1LWNmYzE5Y2Y3NzU3Yj9hcGktdmVyc2lvbj0yMDE1LTA1LTAxLXByZXZpZXc=",
      "RequestMethod": "GET",
      "RequestBody": "",
      "RequestHeaders": {
        "User-Agent": [
          "Microsoft.Azure.Management.Sql.LegacySdk.SqlManagementClient/2.17.1.0"
        ]
      },
      "ResponseHeaders": {
        "Cache-Control": [
          "no-cache"
        ],
        "Pragma": [
          "no-cache"
        ],
        "Location": [
          "https://management.azure.com/subscriptions/2c647056-bab2-4175-b172-493ff049eb29/resourceGroups/ps5577/providers/Microsoft.Sql/locations/westus2/syncAgentOperationResults/610a037a-5f97-4bdf-8cd5-cfc19cf7757b?api-version=2015-05-01-preview"
        ],
        "Retry-After": [
          "15"
        ],
        "x-ms-request-id": [
          "96a98d98-df1b-4af9-9a12-3cbd18044808"
        ],
        "Server": [
          "Microsoft-HTTPAPI/2.0"
        ],
        "x-ms-ratelimit-remaining-subscription-reads": [
          "11938"
        ],
        "x-ms-correlation-request-id": [
          "e2260ea4-55e0-4c4c-93c1-3e16981393ee"
        ],
        "x-ms-routing-request-id": [
          "WESTUS:20210517T054120Z:e2260ea4-55e0-4c4c-93c1-3e16981393ee"
        ],
        "Strict-Transport-Security": [
          "max-age=31536000; includeSubDomains"
        ],
        "X-Content-Type-Options": [
          "nosniff"
        ],
        "Date": [
          "Mon, 17 May 2021 05:41:20 GMT"
        ],
        "Content-Length": [
          "70"
        ],
        "Content-Type": [
          "application/json; charset=utf-8"
        ],
        "Expires": [
          "-1"
        ]
      },
      "ResponseBody": "{\r\n  \"operation\": \"CreateSyncAgent\",\r\n  \"startTime\": \"2021-05-17T05:41:19.467Z\"\r\n}",
      "StatusCode": 202
    },
    {
      "RequestUri": "/subscriptions/2c647056-bab2-4175-b172-493ff049eb29/resourceGroups/ps5577/providers/Microsoft.Sql/locations/westus2/syncAgentOperationResults/610a037a-5f97-4bdf-8cd5-cfc19cf7757b?api-version=2015-05-01-preview",
      "EncodedRequestUri": "L3N1YnNjcmlwdGlvbnMvMmM2NDcwNTYtYmFiMi00MTc1LWIxNzItNDkzZmYwNDllYjI5L3Jlc291cmNlR3JvdXBzL3BzNTU3Ny9wcm92aWRlcnMvTWljcm9zb2Z0LlNxbC9sb2NhdGlvbnMvd2VzdHVzMi9zeW5jQWdlbnRPcGVyYXRpb25SZXN1bHRzLzYxMGEwMzdhLTVmOTctNGJkZi04Y2Q1LWNmYzE5Y2Y3NzU3Yj9hcGktdmVyc2lvbj0yMDE1LTA1LTAxLXByZXZpZXc=",
      "RequestMethod": "GET",
      "RequestBody": "",
      "RequestHeaders": {
        "User-Agent": [
          "Microsoft.Azure.Management.Sql.LegacySdk.SqlManagementClient/2.17.1.0"
        ]
      },
      "ResponseHeaders": {
        "Cache-Control": [
          "no-cache"
        ],
        "Pragma": [
          "no-cache"
        ],
        "Location": [
          "https://management.azure.com/subscriptions/2c647056-bab2-4175-b172-493ff049eb29/resourceGroups/ps5577/providers/Microsoft.Sql/locations/westus2/syncAgentOperationResults/610a037a-5f97-4bdf-8cd5-cfc19cf7757b?api-version=2015-05-01-preview"
        ],
        "Retry-After": [
          "15"
        ],
        "x-ms-request-id": [
          "8a4de8ab-a9aa-40ba-84a1-703d068cc205"
        ],
        "Server": [
          "Microsoft-HTTPAPI/2.0"
        ],
        "x-ms-ratelimit-remaining-subscription-reads": [
          "11937"
        ],
        "x-ms-correlation-request-id": [
          "48068982-ab1c-4776-96ab-18b8cad63ad6"
        ],
        "x-ms-routing-request-id": [
          "WESTUS:20210517T054120Z:48068982-ab1c-4776-96ab-18b8cad63ad6"
        ],
        "Strict-Transport-Security": [
          "max-age=31536000; includeSubDomains"
        ],
        "X-Content-Type-Options": [
          "nosniff"
        ],
        "Date": [
          "Mon, 17 May 2021 05:41:20 GMT"
        ],
        "Content-Length": [
          "70"
        ],
        "Content-Type": [
          "application/json; charset=utf-8"
        ],
        "Expires": [
          "-1"
        ]
      },
      "ResponseBody": "{\r\n  \"operation\": \"CreateSyncAgent\",\r\n  \"startTime\": \"2021-05-17T05:41:19.467Z\"\r\n}",
      "StatusCode": 202
    },
    {
      "RequestUri": "/subscriptions/2c647056-bab2-4175-b172-493ff049eb29/resourceGroups/ps5577/providers/Microsoft.Sql/locations/westus2/syncAgentOperationResults/610a037a-5f97-4bdf-8cd5-cfc19cf7757b?api-version=2015-05-01-preview",
      "EncodedRequestUri": "L3N1YnNjcmlwdGlvbnMvMmM2NDcwNTYtYmFiMi00MTc1LWIxNzItNDkzZmYwNDllYjI5L3Jlc291cmNlR3JvdXBzL3BzNTU3Ny9wcm92aWRlcnMvTWljcm9zb2Z0LlNxbC9sb2NhdGlvbnMvd2VzdHVzMi9zeW5jQWdlbnRPcGVyYXRpb25SZXN1bHRzLzYxMGEwMzdhLTVmOTctNGJkZi04Y2Q1LWNmYzE5Y2Y3NzU3Yj9hcGktdmVyc2lvbj0yMDE1LTA1LTAxLXByZXZpZXc=",
      "RequestMethod": "GET",
      "RequestBody": "",
      "RequestHeaders": {
        "User-Agent": [
          "Microsoft.Azure.Management.Sql.LegacySdk.SqlManagementClient/2.17.1.0"
        ]
      },
      "ResponseHeaders": {
        "Cache-Control": [
          "no-cache"
        ],
        "Pragma": [
          "no-cache"
        ],
        "Location": [
          "https://management.azure.com/subscriptions/2c647056-bab2-4175-b172-493ff049eb29/resourceGroups/ps5577/providers/Microsoft.Sql/locations/westus2/syncAgentOperationResults/610a037a-5f97-4bdf-8cd5-cfc19cf7757b?api-version=2015-05-01-preview"
        ],
        "Retry-After": [
          "15"
        ],
        "x-ms-request-id": [
          "d19b9694-806e-4e54-ba53-d7d3be42033a"
        ],
        "Server": [
          "Microsoft-HTTPAPI/2.0"
        ],
        "x-ms-ratelimit-remaining-subscription-reads": [
          "11936"
        ],
        "x-ms-correlation-request-id": [
          "dfdd6f3c-6a29-42e8-8890-39ce5a59b3b5"
        ],
        "x-ms-routing-request-id": [
          "WESTUS:20210517T054121Z:dfdd6f3c-6a29-42e8-8890-39ce5a59b3b5"
        ],
        "Strict-Transport-Security": [
          "max-age=31536000; includeSubDomains"
        ],
        "X-Content-Type-Options": [
          "nosniff"
        ],
        "Date": [
          "Mon, 17 May 2021 05:41:20 GMT"
        ],
        "Content-Length": [
          "70"
        ],
        "Content-Type": [
          "application/json; charset=utf-8"
        ],
        "Expires": [
          "-1"
        ]
      },
      "ResponseBody": "{\r\n  \"operation\": \"CreateSyncAgent\",\r\n  \"startTime\": \"2021-05-17T05:41:19.467Z\"\r\n}",
      "StatusCode": 202
    },
    {
      "RequestUri": "/subscriptions/2c647056-bab2-4175-b172-493ff049eb29/resourceGroups/ps5577/providers/Microsoft.Sql/locations/westus2/syncAgentOperationResults/610a037a-5f97-4bdf-8cd5-cfc19cf7757b?api-version=2015-05-01-preview",
      "EncodedRequestUri": "L3N1YnNjcmlwdGlvbnMvMmM2NDcwNTYtYmFiMi00MTc1LWIxNzItNDkzZmYwNDllYjI5L3Jlc291cmNlR3JvdXBzL3BzNTU3Ny9wcm92aWRlcnMvTWljcm9zb2Z0LlNxbC9sb2NhdGlvbnMvd2VzdHVzMi9zeW5jQWdlbnRPcGVyYXRpb25SZXN1bHRzLzYxMGEwMzdhLTVmOTctNGJkZi04Y2Q1LWNmYzE5Y2Y3NzU3Yj9hcGktdmVyc2lvbj0yMDE1LTA1LTAxLXByZXZpZXc=",
      "RequestMethod": "GET",
      "RequestBody": "",
      "RequestHeaders": {
        "User-Agent": [
          "Microsoft.Azure.Management.Sql.LegacySdk.SqlManagementClient/2.17.1.0"
        ]
      },
      "ResponseHeaders": {
        "Cache-Control": [
          "no-cache"
        ],
        "Pragma": [
          "no-cache"
        ],
        "Location": [
          "https://management.azure.com/subscriptions/2c647056-bab2-4175-b172-493ff049eb29/resourceGroups/ps5577/providers/Microsoft.Sql/locations/westus2/syncAgentOperationResults/610a037a-5f97-4bdf-8cd5-cfc19cf7757b?api-version=2015-05-01-preview"
        ],
        "Retry-After": [
          "15"
        ],
        "x-ms-request-id": [
          "b92ebab2-95bd-4694-895b-a072000e2b0f"
        ],
        "Server": [
          "Microsoft-HTTPAPI/2.0"
        ],
        "x-ms-ratelimit-remaining-subscription-reads": [
          "11935"
        ],
        "x-ms-correlation-request-id": [
          "a4cc4209-a9eb-44a3-b67b-63d9a4e2969e"
        ],
        "x-ms-routing-request-id": [
          "WESTUS:20210517T054121Z:a4cc4209-a9eb-44a3-b67b-63d9a4e2969e"
        ],
        "Strict-Transport-Security": [
          "max-age=31536000; includeSubDomains"
        ],
        "X-Content-Type-Options": [
          "nosniff"
        ],
        "Date": [
          "Mon, 17 May 2021 05:41:20 GMT"
        ],
        "Content-Length": [
          "70"
        ],
        "Content-Type": [
          "application/json; charset=utf-8"
        ],
        "Expires": [
          "-1"
        ]
      },
      "ResponseBody": "{\r\n  \"operation\": \"CreateSyncAgent\",\r\n  \"startTime\": \"2021-05-17T05:41:19.467Z\"\r\n}",
      "StatusCode": 202
    },
    {
      "RequestUri": "/subscriptions/2c647056-bab2-4175-b172-493ff049eb29/resourceGroups/ps5577/providers/Microsoft.Sql/locations/westus2/syncAgentOperationResults/610a037a-5f97-4bdf-8cd5-cfc19cf7757b?api-version=2015-05-01-preview",
      "EncodedRequestUri": "L3N1YnNjcmlwdGlvbnMvMmM2NDcwNTYtYmFiMi00MTc1LWIxNzItNDkzZmYwNDllYjI5L3Jlc291cmNlR3JvdXBzL3BzNTU3Ny9wcm92aWRlcnMvTWljcm9zb2Z0LlNxbC9sb2NhdGlvbnMvd2VzdHVzMi9zeW5jQWdlbnRPcGVyYXRpb25SZXN1bHRzLzYxMGEwMzdhLTVmOTctNGJkZi04Y2Q1LWNmYzE5Y2Y3NzU3Yj9hcGktdmVyc2lvbj0yMDE1LTA1LTAxLXByZXZpZXc=",
      "RequestMethod": "GET",
      "RequestBody": "",
      "RequestHeaders": {
        "User-Agent": [
          "Microsoft.Azure.Management.Sql.LegacySdk.SqlManagementClient/2.17.1.0"
        ]
      },
      "ResponseHeaders": {
        "Cache-Control": [
          "no-cache"
        ],
        "Pragma": [
          "no-cache"
        ],
        "Location": [
          "https://management.azure.com/subscriptions/2c647056-bab2-4175-b172-493ff049eb29/resourceGroups/ps5577/providers/Microsoft.Sql/locations/westus2/syncAgentOperationResults/610a037a-5f97-4bdf-8cd5-cfc19cf7757b?api-version=2015-05-01-preview"
        ],
        "Retry-After": [
          "15"
        ],
        "x-ms-request-id": [
          "4217cc18-371f-4b3c-a6aa-f9877e8f7a19"
        ],
        "Server": [
          "Microsoft-HTTPAPI/2.0"
        ],
        "x-ms-ratelimit-remaining-subscription-reads": [
          "11934"
        ],
        "x-ms-correlation-request-id": [
          "59dfcd42-7ab1-492d-88b0-a5bbfe802ba9"
        ],
        "x-ms-routing-request-id": [
          "WESTUS:20210517T054121Z:59dfcd42-7ab1-492d-88b0-a5bbfe802ba9"
        ],
        "Strict-Transport-Security": [
          "max-age=31536000; includeSubDomains"
        ],
        "X-Content-Type-Options": [
          "nosniff"
        ],
        "Date": [
          "Mon, 17 May 2021 05:41:20 GMT"
        ],
        "Content-Length": [
          "70"
        ],
        "Content-Type": [
          "application/json; charset=utf-8"
        ],
        "Expires": [
          "-1"
        ]
      },
      "ResponseBody": "{\r\n  \"operation\": \"CreateSyncAgent\",\r\n  \"startTime\": \"2021-05-17T05:41:19.467Z\"\r\n}",
      "StatusCode": 202
    },
    {
      "RequestUri": "/subscriptions/2c647056-bab2-4175-b172-493ff049eb29/resourceGroups/ps5577/providers/Microsoft.Sql/locations/westus2/syncAgentOperationResults/610a037a-5f97-4bdf-8cd5-cfc19cf7757b?api-version=2015-05-01-preview",
      "EncodedRequestUri": "L3N1YnNjcmlwdGlvbnMvMmM2NDcwNTYtYmFiMi00MTc1LWIxNzItNDkzZmYwNDllYjI5L3Jlc291cmNlR3JvdXBzL3BzNTU3Ny9wcm92aWRlcnMvTWljcm9zb2Z0LlNxbC9sb2NhdGlvbnMvd2VzdHVzMi9zeW5jQWdlbnRPcGVyYXRpb25SZXN1bHRzLzYxMGEwMzdhLTVmOTctNGJkZi04Y2Q1LWNmYzE5Y2Y3NzU3Yj9hcGktdmVyc2lvbj0yMDE1LTA1LTAxLXByZXZpZXc=",
      "RequestMethod": "GET",
      "RequestBody": "",
      "RequestHeaders": {
        "User-Agent": [
          "Microsoft.Azure.Management.Sql.LegacySdk.SqlManagementClient/2.17.1.0"
        ]
      },
      "ResponseHeaders": {
        "Cache-Control": [
          "no-cache"
        ],
        "Pragma": [
          "no-cache"
        ],
        "Location": [
          "https://management.azure.com/subscriptions/2c647056-bab2-4175-b172-493ff049eb29/resourceGroups/ps5577/providers/Microsoft.Sql/locations/westus2/syncAgentOperationResults/610a037a-5f97-4bdf-8cd5-cfc19cf7757b?api-version=2015-05-01-preview"
        ],
        "Retry-After": [
          "15"
        ],
        "x-ms-request-id": [
          "6d7abaef-20ed-4b23-864e-2382f4ba7437"
        ],
        "Server": [
          "Microsoft-HTTPAPI/2.0"
        ],
        "x-ms-ratelimit-remaining-subscription-reads": [
          "11933"
        ],
        "x-ms-correlation-request-id": [
          "15160462-5716-4f2e-9cdc-11ebab5a06e1"
        ],
        "x-ms-routing-request-id": [
          "WESTUS:20210517T054121Z:15160462-5716-4f2e-9cdc-11ebab5a06e1"
        ],
        "Strict-Transport-Security": [
          "max-age=31536000; includeSubDomains"
        ],
        "X-Content-Type-Options": [
          "nosniff"
        ],
        "Date": [
          "Mon, 17 May 2021 05:41:20 GMT"
        ],
        "Content-Length": [
          "70"
        ],
        "Content-Type": [
          "application/json; charset=utf-8"
        ],
        "Expires": [
          "-1"
        ]
      },
      "ResponseBody": "{\r\n  \"operation\": \"CreateSyncAgent\",\r\n  \"startTime\": \"2021-05-17T05:41:19.467Z\"\r\n}",
      "StatusCode": 202
    },
    {
      "RequestUri": "/subscriptions/2c647056-bab2-4175-b172-493ff049eb29/resourceGroups/ps5577/providers/Microsoft.Sql/locations/westus2/syncAgentOperationResults/610a037a-5f97-4bdf-8cd5-cfc19cf7757b?api-version=2015-05-01-preview",
      "EncodedRequestUri": "L3N1YnNjcmlwdGlvbnMvMmM2NDcwNTYtYmFiMi00MTc1LWIxNzItNDkzZmYwNDllYjI5L3Jlc291cmNlR3JvdXBzL3BzNTU3Ny9wcm92aWRlcnMvTWljcm9zb2Z0LlNxbC9sb2NhdGlvbnMvd2VzdHVzMi9zeW5jQWdlbnRPcGVyYXRpb25SZXN1bHRzLzYxMGEwMzdhLTVmOTctNGJkZi04Y2Q1LWNmYzE5Y2Y3NzU3Yj9hcGktdmVyc2lvbj0yMDE1LTA1LTAxLXByZXZpZXc=",
      "RequestMethod": "GET",
      "RequestBody": "",
      "RequestHeaders": {
        "User-Agent": [
          "Microsoft.Azure.Management.Sql.LegacySdk.SqlManagementClient/2.17.1.0"
        ]
      },
      "ResponseHeaders": {
        "Cache-Control": [
          "no-cache"
        ],
        "Pragma": [
          "no-cache"
        ],
        "Location": [
          "https://management.azure.com/subscriptions/2c647056-bab2-4175-b172-493ff049eb29/resourceGroups/ps5577/providers/Microsoft.Sql/locations/westus2/syncAgentOperationResults/610a037a-5f97-4bdf-8cd5-cfc19cf7757b?api-version=2015-05-01-preview"
        ],
        "Retry-After": [
          "15"
        ],
        "x-ms-request-id": [
          "7ea17ac1-98ad-49a8-a0c7-d054a73da41c"
        ],
        "Server": [
          "Microsoft-HTTPAPI/2.0"
        ],
        "x-ms-ratelimit-remaining-subscription-reads": [
          "11932"
        ],
        "x-ms-correlation-request-id": [
          "7d79de67-6ba2-4267-92ca-d1d0883d4260"
        ],
        "x-ms-routing-request-id": [
          "WESTUS:20210517T054121Z:7d79de67-6ba2-4267-92ca-d1d0883d4260"
        ],
        "Strict-Transport-Security": [
          "max-age=31536000; includeSubDomains"
        ],
        "X-Content-Type-Options": [
          "nosniff"
        ],
        "Date": [
          "Mon, 17 May 2021 05:41:20 GMT"
        ],
        "Content-Length": [
          "70"
        ],
        "Content-Type": [
          "application/json; charset=utf-8"
        ],
        "Expires": [
          "-1"
        ]
      },
      "ResponseBody": "{\r\n  \"operation\": \"CreateSyncAgent\",\r\n  \"startTime\": \"2021-05-17T05:41:19.467Z\"\r\n}",
      "StatusCode": 202
    },
    {
      "RequestUri": "/subscriptions/2c647056-bab2-4175-b172-493ff049eb29/resourceGroups/ps5577/providers/Microsoft.Sql/locations/westus2/syncAgentOperationResults/610a037a-5f97-4bdf-8cd5-cfc19cf7757b?api-version=2015-05-01-preview",
      "EncodedRequestUri": "L3N1YnNjcmlwdGlvbnMvMmM2NDcwNTYtYmFiMi00MTc1LWIxNzItNDkzZmYwNDllYjI5L3Jlc291cmNlR3JvdXBzL3BzNTU3Ny9wcm92aWRlcnMvTWljcm9zb2Z0LlNxbC9sb2NhdGlvbnMvd2VzdHVzMi9zeW5jQWdlbnRPcGVyYXRpb25SZXN1bHRzLzYxMGEwMzdhLTVmOTctNGJkZi04Y2Q1LWNmYzE5Y2Y3NzU3Yj9hcGktdmVyc2lvbj0yMDE1LTA1LTAxLXByZXZpZXc=",
      "RequestMethod": "GET",
      "RequestBody": "",
      "RequestHeaders": {
        "User-Agent": [
          "Microsoft.Azure.Management.Sql.LegacySdk.SqlManagementClient/2.17.1.0"
        ]
      },
      "ResponseHeaders": {
        "Cache-Control": [
          "no-cache"
        ],
        "Pragma": [
          "no-cache"
        ],
        "Location": [
          "https://management.azure.com/subscriptions/2c647056-bab2-4175-b172-493ff049eb29/resourceGroups/ps5577/providers/Microsoft.Sql/locations/westus2/syncAgentOperationResults/610a037a-5f97-4bdf-8cd5-cfc19cf7757b?api-version=2015-05-01-preview"
        ],
        "Retry-After": [
          "15"
        ],
        "x-ms-request-id": [
          "954b70be-5c14-400b-8e4f-70297d208cb3"
        ],
        "Server": [
          "Microsoft-HTTPAPI/2.0"
        ],
        "x-ms-ratelimit-remaining-subscription-reads": [
          "11931"
        ],
        "x-ms-correlation-request-id": [
          "61580e5e-b3f9-4cd6-9e91-470323baea8e"
        ],
        "x-ms-routing-request-id": [
          "WESTUS:20210517T054121Z:61580e5e-b3f9-4cd6-9e91-470323baea8e"
        ],
        "Strict-Transport-Security": [
          "max-age=31536000; includeSubDomains"
        ],
        "X-Content-Type-Options": [
          "nosniff"
        ],
        "Date": [
          "Mon, 17 May 2021 05:41:20 GMT"
        ],
        "Content-Length": [
          "70"
        ],
        "Content-Type": [
          "application/json; charset=utf-8"
        ],
        "Expires": [
          "-1"
        ]
      },
      "ResponseBody": "{\r\n  \"operation\": \"CreateSyncAgent\",\r\n  \"startTime\": \"2021-05-17T05:41:19.467Z\"\r\n}",
      "StatusCode": 202
    },
    {
      "RequestUri": "/subscriptions/2c647056-bab2-4175-b172-493ff049eb29/resourceGroups/ps5577/providers/Microsoft.Sql/locations/westus2/syncAgentOperationResults/610a037a-5f97-4bdf-8cd5-cfc19cf7757b?api-version=2015-05-01-preview",
      "EncodedRequestUri": "L3N1YnNjcmlwdGlvbnMvMmM2NDcwNTYtYmFiMi00MTc1LWIxNzItNDkzZmYwNDllYjI5L3Jlc291cmNlR3JvdXBzL3BzNTU3Ny9wcm92aWRlcnMvTWljcm9zb2Z0LlNxbC9sb2NhdGlvbnMvd2VzdHVzMi9zeW5jQWdlbnRPcGVyYXRpb25SZXN1bHRzLzYxMGEwMzdhLTVmOTctNGJkZi04Y2Q1LWNmYzE5Y2Y3NzU3Yj9hcGktdmVyc2lvbj0yMDE1LTA1LTAxLXByZXZpZXc=",
      "RequestMethod": "GET",
      "RequestBody": "",
      "RequestHeaders": {
        "User-Agent": [
          "Microsoft.Azure.Management.Sql.LegacySdk.SqlManagementClient/2.17.1.0"
        ]
      },
      "ResponseHeaders": {
        "Cache-Control": [
          "no-cache"
        ],
        "Pragma": [
          "no-cache"
        ],
        "Location": [
          "https://management.azure.com/subscriptions/2c647056-bab2-4175-b172-493ff049eb29/resourceGroups/ps5577/providers/Microsoft.Sql/locations/westus2/syncAgentOperationResults/610a037a-5f97-4bdf-8cd5-cfc19cf7757b?api-version=2015-05-01-preview"
        ],
        "Retry-After": [
          "15"
        ],
        "x-ms-request-id": [
          "6d13560b-6a98-49c6-bb8f-3058173b856b"
        ],
        "Server": [
          "Microsoft-HTTPAPI/2.0"
        ],
        "x-ms-ratelimit-remaining-subscription-reads": [
          "11930"
        ],
        "x-ms-correlation-request-id": [
          "15b7718f-71cb-4c25-a66a-69d9350d5073"
        ],
        "x-ms-routing-request-id": [
          "WESTUS:20210517T054121Z:15b7718f-71cb-4c25-a66a-69d9350d5073"
        ],
        "Strict-Transport-Security": [
          "max-age=31536000; includeSubDomains"
        ],
        "X-Content-Type-Options": [
          "nosniff"
        ],
        "Date": [
          "Mon, 17 May 2021 05:41:20 GMT"
        ],
        "Content-Length": [
          "70"
        ],
        "Content-Type": [
          "application/json; charset=utf-8"
        ],
        "Expires": [
          "-1"
        ]
      },
      "ResponseBody": "{\r\n  \"operation\": \"CreateSyncAgent\",\r\n  \"startTime\": \"2021-05-17T05:41:19.467Z\"\r\n}",
      "StatusCode": 202
    },
    {
      "RequestUri": "/subscriptions/2c647056-bab2-4175-b172-493ff049eb29/resourceGroups/ps5577/providers/Microsoft.Sql/locations/westus2/syncAgentOperationResults/610a037a-5f97-4bdf-8cd5-cfc19cf7757b?api-version=2015-05-01-preview",
      "EncodedRequestUri": "L3N1YnNjcmlwdGlvbnMvMmM2NDcwNTYtYmFiMi00MTc1LWIxNzItNDkzZmYwNDllYjI5L3Jlc291cmNlR3JvdXBzL3BzNTU3Ny9wcm92aWRlcnMvTWljcm9zb2Z0LlNxbC9sb2NhdGlvbnMvd2VzdHVzMi9zeW5jQWdlbnRPcGVyYXRpb25SZXN1bHRzLzYxMGEwMzdhLTVmOTctNGJkZi04Y2Q1LWNmYzE5Y2Y3NzU3Yj9hcGktdmVyc2lvbj0yMDE1LTA1LTAxLXByZXZpZXc=",
      "RequestMethod": "GET",
      "RequestBody": "",
      "RequestHeaders": {
        "User-Agent": [
          "Microsoft.Azure.Management.Sql.LegacySdk.SqlManagementClient/2.17.1.0"
        ]
      },
      "ResponseHeaders": {
        "Cache-Control": [
          "no-cache"
        ],
        "Pragma": [
          "no-cache"
        ],
        "x-ms-request-id": [
          "cbb70022-21c6-4274-a3ba-cfe61dcdba03"
        ],
        "Server": [
          "Microsoft-HTTPAPI/2.0"
        ],
        "x-ms-ratelimit-remaining-subscription-reads": [
          "11929"
        ],
        "x-ms-correlation-request-id": [
          "c159d559-4cdc-4dba-b146-770dabcbbc2d"
        ],
        "x-ms-routing-request-id": [
          "WESTUS:20210517T054121Z:c159d559-4cdc-4dba-b146-770dabcbbc2d"
        ],
        "Strict-Transport-Security": [
          "max-age=31536000; includeSubDomains"
        ],
        "X-Content-Type-Options": [
          "nosniff"
        ],
        "Date": [
          "Mon, 17 May 2021 05:41:20 GMT"
        ],
        "Content-Length": [
          "361"
        ],
        "Content-Type": [
          "application/json; charset=utf-8"
        ],
        "Expires": [
          "-1"
        ]
      },
      "ResponseBody": "{\r\n  \"properties\": {\r\n    \"syncDatabaseId\": \"/subscriptions/2c647056-bab2-4175-b172-493ff049eb29/resourceGroups/ps5577/providers/Microsoft.Sql/servers/ps5848/databases/ps1389\"\r\n  },\r\n  \"id\": \"/subscriptions/2c647056-bab2-4175-b172-493ff049eb29/resourceGroups/ps5577/providers/Microsoft.Sql/servers/ps5848/syncAgents/ps2018\",\r\n  \"name\": \"ps2018\",\r\n  \"type\": \"Microsoft.Sql/servers/syncAgents\"\r\n}",
      "StatusCode": 201
    },
    {
      "RequestUri": "/subscriptions/2c647056-bab2-4175-b172-493ff049eb29/resourcegroups/ps5577?api-version=2016-09-01",
      "EncodedRequestUri": "L3N1YnNjcmlwdGlvbnMvMmM2NDcwNTYtYmFiMi00MTc1LWIxNzItNDkzZmYwNDllYjI5L3Jlc291cmNlZ3JvdXBzL3BzNTU3Nz9hcGktdmVyc2lvbj0yMDE2LTA5LTAx",
      "RequestMethod": "DELETE",
      "RequestBody": "",
      "RequestHeaders": {
        "x-ms-client-request-id": [
          "01ba558b-9004-4152-8cfb-0a5587cccceb"
        ],
        "Accept-Language": [
          "en-US"
        ],
        "User-Agent": [
          "FxVersion/4.6.29916.01",
          "OSName/Windows",
          "OSVersion/Microsoft.Windows.10.0.14393.",
          "Microsoft.Azure.Management.Internal.Resources.ResourceManagementClient/1.3.32"
        ]
      },
      "ResponseHeaders": {
        "Cache-Control": [
          "no-cache"
        ],
        "Pragma": [
          "no-cache"
        ],
        "Location": [
          "https://management.azure.com/subscriptions/2c647056-bab2-4175-b172-493ff049eb29/operationresults/eyJqb2JJZCI6IlJFU09VUkNFR1JPVVBERUxFVElPTkpPQi1QUzU1NzctV0VTVENFTlRSQUxVUyIsImpvYkxvY2F0aW9uIjoid2VzdGNlbnRyYWx1cyJ9?api-version=2016-09-01"
        ],
        "Retry-After": [
          "15"
        ],
        "x-ms-ratelimit-remaining-subscription-deletes": [
          "14998"
        ],
        "x-ms-request-id": [
          "8b66331c-4694-43ed-be92-c5bf80c7c904"
        ],
        "x-ms-correlation-request-id": [
          "8b66331c-4694-43ed-be92-c5bf80c7c904"
        ],
        "x-ms-routing-request-id": [
          "WESTCENTRALUS:20210517T054121Z:8b66331c-4694-43ed-be92-c5bf80c7c904"
        ],
        "Strict-Transport-Security": [
          "max-age=31536000; includeSubDomains"
        ],
        "X-Content-Type-Options": [
          "nosniff"
        ],
        "Date": [
          "Mon, 17 May 2021 05:41:21 GMT"
        ],
        "Expires": [
          "-1"
        ],
        "Content-Length": [
          "0"
        ]
      },
      "ResponseBody": "",
      "StatusCode": 202
    },
    {
      "RequestUri": "/subscriptions/2c647056-bab2-4175-b172-493ff049eb29/operationresults/eyJqb2JJZCI6IlJFU09VUkNFR1JPVVBERUxFVElPTkpPQi1QUzU1NzctV0VTVENFTlRSQUxVUyIsImpvYkxvY2F0aW9uIjoid2VzdGNlbnRyYWx1cyJ9?api-version=2016-09-01",
      "EncodedRequestUri": "L3N1YnNjcmlwdGlvbnMvMmM2NDcwNTYtYmFiMi00MTc1LWIxNzItNDkzZmYwNDllYjI5L29wZXJhdGlvbnJlc3VsdHMvZXlKcWIySkpaQ0k2SWxKRlUwOVZVa05GUjFKUFZWQkVSVXhGVkVsUFRrcFBRaTFRVXpVMU56Y3RWMFZUVkVORlRsUlNRVXhWVXlJc0ltcHZZa3h2WTJGMGFXOXVJam9pZDJWemRHTmxiblJ5WVd4MWN5Sjk/YXBpLXZlcnNpb249MjAxNi0wOS0wMQ==",
      "RequestMethod": "GET",
      "RequestBody": "",
      "RequestHeaders": {
        "User-Agent": [
          "FxVersion/4.6.29916.01",
          "OSName/Windows",
          "OSVersion/Microsoft.Windows.10.0.14393.",
          "Microsoft.Azure.Management.Internal.Resources.ResourceManagementClient/1.3.32"
        ]
      },
      "ResponseHeaders": {
        "Cache-Control": [
          "no-cache"
        ],
        "Pragma": [
          "no-cache"
        ],
        "Location": [
          "https://management.azure.com/subscriptions/2c647056-bab2-4175-b172-493ff049eb29/operationresults/eyJqb2JJZCI6IlJFU09VUkNFR1JPVVBERUxFVElPTkpPQi1QUzU1NzctV0VTVENFTlRSQUxVUyIsImpvYkxvY2F0aW9uIjoid2VzdGNlbnRyYWx1cyJ9?api-version=2016-09-01"
        ],
        "Retry-After": [
          "15"
        ],
        "x-ms-ratelimit-remaining-subscription-reads": [
          "11999"
        ],
        "x-ms-request-id": [
          "dff780be-a5ce-4fb1-b616-747282ff1ea5"
        ],
        "x-ms-correlation-request-id": [
          "dff780be-a5ce-4fb1-b616-747282ff1ea5"
        ],
        "x-ms-routing-request-id": [
          "WESTCENTRALUS:20210517T054137Z:dff780be-a5ce-4fb1-b616-747282ff1ea5"
        ],
        "Strict-Transport-Security": [
          "max-age=31536000; includeSubDomains"
        ],
        "X-Content-Type-Options": [
          "nosniff"
        ],
        "Date": [
          "Mon, 17 May 2021 05:41:36 GMT"
        ],
        "Expires": [
          "-1"
        ],
        "Content-Length": [
          "0"
        ]
      },
      "ResponseBody": "",
      "StatusCode": 202
    },
    {
      "RequestUri": "/subscriptions/2c647056-bab2-4175-b172-493ff049eb29/operationresults/eyJqb2JJZCI6IlJFU09VUkNFR1JPVVBERUxFVElPTkpPQi1QUzU1NzctV0VTVENFTlRSQUxVUyIsImpvYkxvY2F0aW9uIjoid2VzdGNlbnRyYWx1cyJ9?api-version=2016-09-01",
      "EncodedRequestUri": "L3N1YnNjcmlwdGlvbnMvMmM2NDcwNTYtYmFiMi00MTc1LWIxNzItNDkzZmYwNDllYjI5L29wZXJhdGlvbnJlc3VsdHMvZXlKcWIySkpaQ0k2SWxKRlUwOVZVa05GUjFKUFZWQkVSVXhGVkVsUFRrcFBRaTFRVXpVMU56Y3RWMFZUVkVORlRsUlNRVXhWVXlJc0ltcHZZa3h2WTJGMGFXOXVJam9pZDJWemRHTmxiblJ5WVd4MWN5Sjk/YXBpLXZlcnNpb249MjAxNi0wOS0wMQ==",
      "RequestMethod": "GET",
      "RequestBody": "",
      "RequestHeaders": {
        "User-Agent": [
          "FxVersion/4.6.29916.01",
          "OSName/Windows",
          "OSVersion/Microsoft.Windows.10.0.14393.",
          "Microsoft.Azure.Management.Internal.Resources.ResourceManagementClient/1.3.32"
        ]
      },
      "ResponseHeaders": {
        "Cache-Control": [
          "no-cache"
        ],
        "Pragma": [
          "no-cache"
        ],
        "Location": [
          "https://management.azure.com/subscriptions/2c647056-bab2-4175-b172-493ff049eb29/operationresults/eyJqb2JJZCI6IlJFU09VUkNFR1JPVVBERUxFVElPTkpPQi1QUzU1NzctV0VTVENFTlRSQUxVUyIsImpvYkxvY2F0aW9uIjoid2VzdGNlbnRyYWx1cyJ9?api-version=2016-09-01"
        ],
        "Retry-After": [
          "15"
        ],
        "x-ms-ratelimit-remaining-subscription-reads": [
          "11998"
        ],
        "x-ms-request-id": [
          "6fdf86b4-c82b-4cd3-9eb4-c5411bc04456"
        ],
        "x-ms-correlation-request-id": [
          "6fdf86b4-c82b-4cd3-9eb4-c5411bc04456"
        ],
        "x-ms-routing-request-id": [
          "WESTCENTRALUS:20210517T054152Z:6fdf86b4-c82b-4cd3-9eb4-c5411bc04456"
        ],
        "Strict-Transport-Security": [
          "max-age=31536000; includeSubDomains"
        ],
        "X-Content-Type-Options": [
          "nosniff"
        ],
        "Date": [
          "Mon, 17 May 2021 05:41:51 GMT"
        ],
        "Expires": [
          "-1"
        ],
        "Content-Length": [
          "0"
        ]
      },
      "ResponseBody": "",
      "StatusCode": 202
    },
    {
      "RequestUri": "/subscriptions/2c647056-bab2-4175-b172-493ff049eb29/operationresults/eyJqb2JJZCI6IlJFU09VUkNFR1JPVVBERUxFVElPTkpPQi1QUzU1NzctV0VTVENFTlRSQUxVUyIsImpvYkxvY2F0aW9uIjoid2VzdGNlbnRyYWx1cyJ9?api-version=2016-09-01",
      "EncodedRequestUri": "L3N1YnNjcmlwdGlvbnMvMmM2NDcwNTYtYmFiMi00MTc1LWIxNzItNDkzZmYwNDllYjI5L29wZXJhdGlvbnJlc3VsdHMvZXlKcWIySkpaQ0k2SWxKRlUwOVZVa05GUjFKUFZWQkVSVXhGVkVsUFRrcFBRaTFRVXpVMU56Y3RWMFZUVkVORlRsUlNRVXhWVXlJc0ltcHZZa3h2WTJGMGFXOXVJam9pZDJWemRHTmxiblJ5WVd4MWN5Sjk/YXBpLXZlcnNpb249MjAxNi0wOS0wMQ==",
      "RequestMethod": "GET",
      "RequestBody": "",
      "RequestHeaders": {
        "User-Agent": [
          "FxVersion/4.6.29916.01",
          "OSName/Windows",
          "OSVersion/Microsoft.Windows.10.0.14393.",
          "Microsoft.Azure.Management.Internal.Resources.ResourceManagementClient/1.3.32"
        ]
      },
      "ResponseHeaders": {
        "Cache-Control": [
          "no-cache"
        ],
        "Pragma": [
          "no-cache"
        ],
        "Location": [
          "https://management.azure.com/subscriptions/2c647056-bab2-4175-b172-493ff049eb29/operationresults/eyJqb2JJZCI6IlJFU09VUkNFR1JPVVBERUxFVElPTkpPQi1QUzU1NzctV0VTVENFTlRSQUxVUyIsImpvYkxvY2F0aW9uIjoid2VzdGNlbnRyYWx1cyJ9?api-version=2016-09-01"
        ],
        "Retry-After": [
          "15"
        ],
        "x-ms-ratelimit-remaining-subscription-reads": [
          "11997"
        ],
        "x-ms-request-id": [
          "d2732250-7fd0-4fba-b2b1-7b29d4e74cf9"
        ],
        "x-ms-correlation-request-id": [
          "d2732250-7fd0-4fba-b2b1-7b29d4e74cf9"
        ],
        "x-ms-routing-request-id": [
          "WESTCENTRALUS:20210517T054207Z:d2732250-7fd0-4fba-b2b1-7b29d4e74cf9"
        ],
        "Strict-Transport-Security": [
          "max-age=31536000; includeSubDomains"
        ],
        "X-Content-Type-Options": [
          "nosniff"
        ],
        "Date": [
          "Mon, 17 May 2021 05:42:06 GMT"
        ],
        "Expires": [
          "-1"
        ],
        "Content-Length": [
          "0"
        ]
      },
      "ResponseBody": "",
      "StatusCode": 202
    },
    {
      "RequestUri": "/subscriptions/2c647056-bab2-4175-b172-493ff049eb29/operationresults/eyJqb2JJZCI6IlJFU09VUkNFR1JPVVBERUxFVElPTkpPQi1QUzU1NzctV0VTVENFTlRSQUxVUyIsImpvYkxvY2F0aW9uIjoid2VzdGNlbnRyYWx1cyJ9?api-version=2016-09-01",
      "EncodedRequestUri": "L3N1YnNjcmlwdGlvbnMvMmM2NDcwNTYtYmFiMi00MTc1LWIxNzItNDkzZmYwNDllYjI5L29wZXJhdGlvbnJlc3VsdHMvZXlKcWIySkpaQ0k2SWxKRlUwOVZVa05GUjFKUFZWQkVSVXhGVkVsUFRrcFBRaTFRVXpVMU56Y3RWMFZUVkVORlRsUlNRVXhWVXlJc0ltcHZZa3h2WTJGMGFXOXVJam9pZDJWemRHTmxiblJ5WVd4MWN5Sjk/YXBpLXZlcnNpb249MjAxNi0wOS0wMQ==",
      "RequestMethod": "GET",
      "RequestBody": "",
      "RequestHeaders": {
        "User-Agent": [
          "FxVersion/4.6.29916.01",
          "OSName/Windows",
          "OSVersion/Microsoft.Windows.10.0.14393.",
          "Microsoft.Azure.Management.Internal.Resources.ResourceManagementClient/1.3.32"
        ]
      },
      "ResponseHeaders": {
        "Cache-Control": [
          "no-cache"
        ],
        "Pragma": [
          "no-cache"
        ],
        "Location": [
          "https://management.azure.com/subscriptions/2c647056-bab2-4175-b172-493ff049eb29/operationresults/eyJqb2JJZCI6IlJFU09VUkNFR1JPVVBERUxFVElPTkpPQi1QUzU1NzctV0VTVENFTlRSQUxVUyIsImpvYkxvY2F0aW9uIjoid2VzdGNlbnRyYWx1cyJ9?api-version=2016-09-01"
        ],
        "Retry-After": [
          "15"
        ],
        "x-ms-ratelimit-remaining-subscription-reads": [
          "11996"
        ],
        "x-ms-request-id": [
          "a19a4ec2-cda6-45f9-8143-322f1a5eff89"
        ],
        "x-ms-correlation-request-id": [
          "a19a4ec2-cda6-45f9-8143-322f1a5eff89"
        ],
        "x-ms-routing-request-id": [
          "WESTCENTRALUS:20210517T054222Z:a19a4ec2-cda6-45f9-8143-322f1a5eff89"
        ],
        "Strict-Transport-Security": [
          "max-age=31536000; includeSubDomains"
        ],
        "X-Content-Type-Options": [
          "nosniff"
        ],
        "Date": [
          "Mon, 17 May 2021 05:42:21 GMT"
        ],
        "Expires": [
          "-1"
        ],
        "Content-Length": [
          "0"
        ]
      },
      "ResponseBody": "",
      "StatusCode": 202
    },
    {
      "RequestUri": "/subscriptions/2c647056-bab2-4175-b172-493ff049eb29/operationresults/eyJqb2JJZCI6IlJFU09VUkNFR1JPVVBERUxFVElPTkpPQi1QUzU1NzctV0VTVENFTlRSQUxVUyIsImpvYkxvY2F0aW9uIjoid2VzdGNlbnRyYWx1cyJ9?api-version=2016-09-01",
      "EncodedRequestUri": "L3N1YnNjcmlwdGlvbnMvMmM2NDcwNTYtYmFiMi00MTc1LWIxNzItNDkzZmYwNDllYjI5L29wZXJhdGlvbnJlc3VsdHMvZXlKcWIySkpaQ0k2SWxKRlUwOVZVa05GUjFKUFZWQkVSVXhGVkVsUFRrcFBRaTFRVXpVMU56Y3RWMFZUVkVORlRsUlNRVXhWVXlJc0ltcHZZa3h2WTJGMGFXOXVJam9pZDJWemRHTmxiblJ5WVd4MWN5Sjk/YXBpLXZlcnNpb249MjAxNi0wOS0wMQ==",
      "RequestMethod": "GET",
      "RequestBody": "",
      "RequestHeaders": {
        "User-Agent": [
          "FxVersion/4.6.29916.01",
          "OSName/Windows",
          "OSVersion/Microsoft.Windows.10.0.14393.",
          "Microsoft.Azure.Management.Internal.Resources.ResourceManagementClient/1.3.32"
        ]
      },
      "ResponseHeaders": {
        "Cache-Control": [
          "no-cache"
        ],
        "Pragma": [
          "no-cache"
        ],
        "Location": [
          "https://management.azure.com/subscriptions/2c647056-bab2-4175-b172-493ff049eb29/operationresults/eyJqb2JJZCI6IlJFU09VUkNFR1JPVVBERUxFVElPTkpPQi1QUzU1NzctV0VTVENFTlRSQUxVUyIsImpvYkxvY2F0aW9uIjoid2VzdGNlbnRyYWx1cyJ9?api-version=2016-09-01"
        ],
        "Retry-After": [
          "15"
        ],
        "x-ms-ratelimit-remaining-subscription-reads": [
          "11995"
        ],
        "x-ms-request-id": [
          "6e661004-e8da-497c-ac7a-1a652e0ce4e1"
        ],
        "x-ms-correlation-request-id": [
          "6e661004-e8da-497c-ac7a-1a652e0ce4e1"
        ],
        "x-ms-routing-request-id": [
          "WESTCENTRALUS:20210517T054237Z:6e661004-e8da-497c-ac7a-1a652e0ce4e1"
        ],
        "Strict-Transport-Security": [
          "max-age=31536000; includeSubDomains"
        ],
        "X-Content-Type-Options": [
          "nosniff"
        ],
        "Date": [
          "Mon, 17 May 2021 05:42:37 GMT"
        ],
        "Expires": [
          "-1"
        ],
        "Content-Length": [
          "0"
        ]
      },
      "ResponseBody": "",
      "StatusCode": 202
    },
    {
      "RequestUri": "/subscriptions/2c647056-bab2-4175-b172-493ff049eb29/operationresults/eyJqb2JJZCI6IlJFU09VUkNFR1JPVVBERUxFVElPTkpPQi1QUzU1NzctV0VTVENFTlRSQUxVUyIsImpvYkxvY2F0aW9uIjoid2VzdGNlbnRyYWx1cyJ9?api-version=2016-09-01",
      "EncodedRequestUri": "L3N1YnNjcmlwdGlvbnMvMmM2NDcwNTYtYmFiMi00MTc1LWIxNzItNDkzZmYwNDllYjI5L29wZXJhdGlvbnJlc3VsdHMvZXlKcWIySkpaQ0k2SWxKRlUwOVZVa05GUjFKUFZWQkVSVXhGVkVsUFRrcFBRaTFRVXpVMU56Y3RWMFZUVkVORlRsUlNRVXhWVXlJc0ltcHZZa3h2WTJGMGFXOXVJam9pZDJWemRHTmxiblJ5WVd4MWN5Sjk/YXBpLXZlcnNpb249MjAxNi0wOS0wMQ==",
      "RequestMethod": "GET",
      "RequestBody": "",
      "RequestHeaders": {
        "User-Agent": [
          "FxVersion/4.6.29916.01",
          "OSName/Windows",
          "OSVersion/Microsoft.Windows.10.0.14393.",
          "Microsoft.Azure.Management.Internal.Resources.ResourceManagementClient/1.3.32"
        ]
      },
      "ResponseHeaders": {
        "Cache-Control": [
          "no-cache"
        ],
        "Pragma": [
          "no-cache"
        ],
        "Location": [
          "https://management.azure.com/subscriptions/2c647056-bab2-4175-b172-493ff049eb29/operationresults/eyJqb2JJZCI6IlJFU09VUkNFR1JPVVBERUxFVElPTkpPQi1QUzU1NzctV0VTVENFTlRSQUxVUyIsImpvYkxvY2F0aW9uIjoid2VzdGNlbnRyYWx1cyJ9?api-version=2016-09-01"
        ],
        "Retry-After": [
          "15"
        ],
        "x-ms-ratelimit-remaining-subscription-reads": [
          "11994"
        ],
        "x-ms-request-id": [
          "a1c86f11-fe8d-46d2-a413-aca46d285e6b"
        ],
        "x-ms-correlation-request-id": [
          "a1c86f11-fe8d-46d2-a413-aca46d285e6b"
        ],
        "x-ms-routing-request-id": [
          "WESTCENTRALUS:20210517T054252Z:a1c86f11-fe8d-46d2-a413-aca46d285e6b"
        ],
        "Strict-Transport-Security": [
          "max-age=31536000; includeSubDomains"
        ],
        "X-Content-Type-Options": [
          "nosniff"
        ],
        "Date": [
          "Mon, 17 May 2021 05:42:51 GMT"
        ],
        "Expires": [
          "-1"
        ],
        "Content-Length": [
          "0"
        ]
      },
      "ResponseBody": "",
      "StatusCode": 202
    },
    {
      "RequestUri": "/subscriptions/2c647056-bab2-4175-b172-493ff049eb29/operationresults/eyJqb2JJZCI6IlJFU09VUkNFR1JPVVBERUxFVElPTkpPQi1QUzU1NzctV0VTVENFTlRSQUxVUyIsImpvYkxvY2F0aW9uIjoid2VzdGNlbnRyYWx1cyJ9?api-version=2016-09-01",
      "EncodedRequestUri": "L3N1YnNjcmlwdGlvbnMvMmM2NDcwNTYtYmFiMi00MTc1LWIxNzItNDkzZmYwNDllYjI5L29wZXJhdGlvbnJlc3VsdHMvZXlKcWIySkpaQ0k2SWxKRlUwOVZVa05GUjFKUFZWQkVSVXhGVkVsUFRrcFBRaTFRVXpVMU56Y3RWMFZUVkVORlRsUlNRVXhWVXlJc0ltcHZZa3h2WTJGMGFXOXVJam9pZDJWemRHTmxiblJ5WVd4MWN5Sjk/YXBpLXZlcnNpb249MjAxNi0wOS0wMQ==",
      "RequestMethod": "GET",
      "RequestBody": "",
      "RequestHeaders": {
        "User-Agent": [
          "FxVersion/4.6.29916.01",
          "OSName/Windows",
          "OSVersion/Microsoft.Windows.10.0.14393.",
          "Microsoft.Azure.Management.Internal.Resources.ResourceManagementClient/1.3.32"
        ]
      },
      "ResponseHeaders": {
        "Cache-Control": [
          "no-cache"
        ],
        "Pragma": [
          "no-cache"
        ],
        "x-ms-ratelimit-remaining-subscription-reads": [
          "11993"
        ],
        "x-ms-request-id": [
          "472d7aa0-4c15-4182-840a-184ce4450dd2"
        ],
        "x-ms-correlation-request-id": [
          "472d7aa0-4c15-4182-840a-184ce4450dd2"
        ],
        "x-ms-routing-request-id": [
          "WESTCENTRALUS:20210517T054307Z:472d7aa0-4c15-4182-840a-184ce4450dd2"
        ],
        "Strict-Transport-Security": [
          "max-age=31536000; includeSubDomains"
        ],
        "X-Content-Type-Options": [
          "nosniff"
        ],
        "Date": [
          "Mon, 17 May 2021 05:43:06 GMT"
        ],
        "Expires": [
          "-1"
        ],
        "Content-Length": [
          "0"
        ]
      },
      "ResponseBody": "",
      "StatusCode": 200
    },
    {
      "RequestUri": "/subscriptions/2c647056-bab2-4175-b172-493ff049eb29/operationresults/eyJqb2JJZCI6IlJFU09VUkNFR1JPVVBERUxFVElPTkpPQi1QUzU1NzctV0VTVENFTlRSQUxVUyIsImpvYkxvY2F0aW9uIjoid2VzdGNlbnRyYWx1cyJ9?api-version=2016-09-01",
      "EncodedRequestUri": "L3N1YnNjcmlwdGlvbnMvMmM2NDcwNTYtYmFiMi00MTc1LWIxNzItNDkzZmYwNDllYjI5L29wZXJhdGlvbnJlc3VsdHMvZXlKcWIySkpaQ0k2SWxKRlUwOVZVa05GUjFKUFZWQkVSVXhGVkVsUFRrcFBRaTFRVXpVMU56Y3RWMFZUVkVORlRsUlNRVXhWVXlJc0ltcHZZa3h2WTJGMGFXOXVJam9pZDJWemRHTmxiblJ5WVd4MWN5Sjk/YXBpLXZlcnNpb249MjAxNi0wOS0wMQ==",
      "RequestMethod": "GET",
      "RequestBody": "",
      "RequestHeaders": {
        "User-Agent": [
          "FxVersion/4.6.29916.01",
          "OSName/Windows",
          "OSVersion/Microsoft.Windows.10.0.14393.",
          "Microsoft.Azure.Management.Internal.Resources.ResourceManagementClient/1.3.32"
        ]
      },
      "ResponseHeaders": {
        "Cache-Control": [
          "no-cache"
        ],
        "Pragma": [
          "no-cache"
        ],
        "x-ms-ratelimit-remaining-subscription-reads": [
          "11992"
        ],
        "x-ms-request-id": [
          "39d1dba8-b2b0-486d-9230-11ff34136566"
        ],
        "x-ms-correlation-request-id": [
          "39d1dba8-b2b0-486d-9230-11ff34136566"
        ],
        "x-ms-routing-request-id": [
          "WESTCENTRALUS:20210517T054307Z:39d1dba8-b2b0-486d-9230-11ff34136566"
        ],
        "Strict-Transport-Security": [
          "max-age=31536000; includeSubDomains"
        ],
        "X-Content-Type-Options": [
          "nosniff"
        ],
        "Date": [
          "Mon, 17 May 2021 05:43:06 GMT"
        ],
        "Expires": [
          "-1"
        ],
        "Content-Length": [
          "0"
        ]
      },
      "ResponseBody": "",
      "StatusCode": 200
    }
  ],
  "Names": {
    "Test-CreateSyncAgent": [
      "ps5577",
      "ps5848",
      "ps1389",
      "ps2018"
    ]
  },
  "Variables": {
    "SubscriptionId": "2c647056-bab2-4175-b172-493ff049eb29"
  }
}