{
  "Entries": [
    {
      "RequestUri": "/subscriptions/8313371e-0879-428e-b1da-6353575a9192/resourcegroups/ps8536?api-version=2016-09-01",
      "EncodedRequestUri": "L3N1YnNjcmlwdGlvbnMvODMxMzM3MWUtMDg3OS00MjhlLWIxZGEtNjM1MzU3NWE5MTkyL3Jlc291cmNlZ3JvdXBzL3BzODUzNj9hcGktdmVyc2lvbj0yMDE2LTA5LTAx",
      "RequestMethod": "PUT",
      "RequestHeaders": {
        "x-ms-client-request-id": [
          "8052db01-75e8-4478-8d83-33e18f75818a"
        ],
        "Accept-Language": [
          "en-US"
        ],
        "User-Agent": [
          "FxVersion/4.700.22.55902",
          "OSName/Windows",
          "OSVersion/Microsoft.Windows.10.0.17763",
          "Microsoft.Azure.Management.Internal.Resources.ResourceManagementClient/1.3.68"
        ],
        "Content-Type": [
          "application/json; charset=utf-8"
        ],
        "Content-Length": [
          "35"
        ]
      },
      "RequestBody": "{\r\n  \"location\": \"westcentralus\"\r\n}",
      "ResponseHeaders": {
        "Cache-Control": [
          "no-cache"
        ],
        "Pragma": [
          "no-cache"
        ],
        "x-ms-ratelimit-remaining-subscription-writes": [
          "1199"
        ],
        "x-ms-request-id": [
          "44b632d0-9bcd-4f5e-a4dc-1512381f9a8f"
        ],
        "x-ms-correlation-request-id": [
          "44b632d0-9bcd-4f5e-a4dc-1512381f9a8f"
        ],
        "x-ms-routing-request-id": [
          "UKSOUTH:20230123T180614Z:44b632d0-9bcd-4f5e-a4dc-1512381f9a8f"
        ],
        "Strict-Transport-Security": [
          "max-age=31536000; includeSubDomains"
        ],
        "X-Content-Type-Options": [
          "nosniff"
        ],
        "Date": [
          "Mon, 23 Jan 2023 18:06:14 GMT"
        ],
        "Content-Length": [
          "172"
        ],
        "Content-Type": [
          "application/json; charset=utf-8"
        ],
        "Expires": [
          "-1"
        ]
      },
      "ResponseBody": "{\r\n  \"id\": \"/subscriptions/8313371e-0879-428e-b1da-6353575a9192/resourceGroups/ps8536\",\r\n  \"name\": \"ps8536\",\r\n  \"location\": \"westcentralus\",\r\n  \"properties\": {\r\n    \"provisioningState\": \"Succeeded\"\r\n  }\r\n}",
      "StatusCode": 201
    },
    {
      "RequestUri": "/subscriptions/8313371e-0879-428e-b1da-6353575a9192/resourceGroups/ps8536/providers/Microsoft.Sql/managedInstances/ps6743?api-version=2021-05-01-preview",
      "EncodedRequestUri": "L3N1YnNjcmlwdGlvbnMvODMxMzM3MWUtMDg3OS00MjhlLWIxZGEtNjM1MzU3NWE5MTkyL3Jlc291cmNlR3JvdXBzL3BzODUzNi9wcm92aWRlcnMvTWljcm9zb2Z0LlNxbC9tYW5hZ2VkSW5zdGFuY2VzL3BzNjc0Mz9hcGktdmVyc2lvbj0yMDIxLTA1LTAxLXByZXZpZXc=",
      "RequestMethod": "GET",
      "RequestHeaders": {
        "x-ms-client-request-id": [
          "c0d4b518-2d1f-431b-aa5e-94ce65c7f52a"
        ],
        "Accept-Language": [
          "en-US"
        ],
        "User-Agent": [
          "FxVersion/4.700.22.55902",
          "OSName/Windows",
          "OSVersion/Microsoft.Windows.10.0.17763",
          "Microsoft.Azure.Management.Sql.SqlManagementClient/4.2.0"
        ]
      },
      "RequestBody": "",
      "ResponseHeaders": {
        "Cache-Control": [
          "no-cache"
        ],
        "Pragma": [
          "no-cache"
        ],
        "x-ms-failure-cause": [
          "gateway"
        ],
        "x-ms-request-id": [
          "c29ecf18-d302-4b23-a963-c4f9becc8385"
        ],
        "x-ms-correlation-request-id": [
          "c29ecf18-d302-4b23-a963-c4f9becc8385"
        ],
        "x-ms-routing-request-id": [
          "UKSOUTH:20230123T180615Z:c29ecf18-d302-4b23-a963-c4f9becc8385"
        ],
        "Strict-Transport-Security": [
          "max-age=31536000; includeSubDomains"
        ],
        "X-Content-Type-Options": [
          "nosniff"
        ],
        "Date": [
          "Mon, 23 Jan 2023 18:06:14 GMT"
        ],
        "Content-Type": [
          "application/json; charset=utf-8"
        ],
        "Expires": [
          "-1"
        ],
        "Content-Length": [
          "215"
        ]
      },
      "ResponseBody": "{\r\n  \"error\": {\r\n    \"code\": \"ResourceNotFound\",\r\n    \"message\": \"The Resource 'Microsoft.Sql/managedInstances/ps6743' under resource group 'ps8536' was not found. For more details please go to https://aka.ms/ARMResourceNotFoundFix\"\r\n  }\r\n}",
      "StatusCode": 404
    },
    {
      "RequestUri": "/subscriptions/8313371e-0879-428e-b1da-6353575a9192/resourceGroups/ps8536/providers/Microsoft.Sql/managedInstances/ps6743?api-version=2021-05-01-preview",
      "EncodedRequestUri": "L3N1YnNjcmlwdGlvbnMvODMxMzM3MWUtMDg3OS00MjhlLWIxZGEtNjM1MzU3NWE5MTkyL3Jlc291cmNlR3JvdXBzL3BzODUzNi9wcm92aWRlcnMvTWljcm9zb2Z0LlNxbC9tYW5hZ2VkSW5zdGFuY2VzL3BzNjc0Mz9hcGktdmVyc2lvbj0yMDIxLTA1LTAxLXByZXZpZXc=",
      "RequestMethod": "GET",
      "RequestHeaders": {
        "x-ms-client-request-id": [
          "c0d4b518-2d1f-431b-aa5e-94ce65c7f52a"
        ],
        "User-Agent": [
          "FxVersion/4.700.22.55902",
          "OSName/Windows",
          "OSVersion/Microsoft.Windows.10.0.17763",
          "Microsoft.Azure.Management.Sql.SqlManagementClient/4.2.0"
        ]
      },
      "RequestBody": "",
      "ResponseHeaders": {
        "Cache-Control": [
          "no-cache"
        ],
        "Pragma": [
          "no-cache"
        ],
        "x-ms-request-id": [
          "1efc6f68-dad0-4b42-b84d-f5cf75ac9669"
        ],
        "Server": [
          "Microsoft-HTTPAPI/2.0"
        ],
        "x-ms-ratelimit-remaining-subscription-reads": [
          "11998"
        ],
        "x-ms-correlation-request-id": [
          "b763502a-9735-431a-bfca-eee79015e76c"
        ],
        "x-ms-routing-request-id": [
          "UKSOUTH:20230123T180723Z:b763502a-9735-431a-bfca-eee79015e76c"
        ],
        "Strict-Transport-Security": [
          "max-age=31536000; includeSubDomains"
        ],
        "X-Content-Type-Options": [
          "nosniff"
        ],
        "Date": [
          "Mon, 23 Jan 2023 18:07:22 GMT"
        ],
        "Content-Length": [
          "1157"
        ],
        "Content-Type": [
          "application/json; charset=utf-8"
        ],
        "Expires": [
          "-1"
        ]
      },
      "ResponseBody": "{\r\n  \"sku\": {\r\n    \"name\": \"GP_Gen5\",\r\n    \"tier\": \"GeneralPurpose\",\r\n    \"family\": \"Gen5\",\r\n    \"capacity\": 4\r\n  },\r\n  \"properties\": {\r\n    \"provisioningState\": \"Creating\",\r\n    \"fullyQualifiedDomainName\": \"ps6743.1e6d90da5016.database.windows.net\",\r\n    \"administratorLogin\": \"testusername\",\r\n    \"subnetId\": \"/subscriptions/8313371e-0879-428e-b1da-6353575a9192/resourceGroups/CustomerExperienceTeam_RG/providers/Microsoft.Network/virtualNetworks/vnet-mi-tooling/subnets/ManagedInstance\",\r\n    \"state\": \"Creating\",\r\n    \"licenseType\": \"LicenseIncluded\",\r\n    \"vCores\": 4,\r\n    \"storageSizeInGB\": 256,\r\n    \"collation\": \"SQL_Latin1_General_CP1_CI_AS\",\r\n    \"dnsZone\": \"1e6d90da5016\",\r\n    \"publicDataEndpointEnabled\": false,\r\n    \"proxyOverride\": \"Default\",\r\n    \"timezoneId\": \"UTC\",\r\n    \"maintenanceConfigurationId\": \"/subscriptions/8313371e-0879-428e-b1da-6353575a9192/providers/Microsoft.Maintenance/publicMaintenanceConfigurations/SQL_Default\",\r\n    \"privateEndpointConnections\": [],\r\n    \"currentBackupStorageRedundancy\": \"Geo\",\r\n    \"requestedBackupStorageRedundancy\": \"Geo\",\r\n    \"zoneRedundant\": false\r\n  },\r\n  \"location\": \"westcentralus\",\r\n  \"id\": \"/subscriptions/8313371e-0879-428e-b1da-6353575a9192/resourceGroups/ps8536/providers/Microsoft.Sql/managedInstances/ps6743\",\r\n  \"name\": \"ps6743\",\r\n  \"type\": \"Microsoft.Sql/managedInstances\"\r\n}",
      "StatusCode": 200
    },
    {
      "RequestUri": "/subscriptions/8313371e-0879-428e-b1da-6353575a9192/resourceGroups/ps8536/providers/Microsoft.Sql/managedInstances/ps6743?api-version=2021-05-01-preview",
      "EncodedRequestUri": "L3N1YnNjcmlwdGlvbnMvODMxMzM3MWUtMDg3OS00MjhlLWIxZGEtNjM1MzU3NWE5MTkyL3Jlc291cmNlR3JvdXBzL3BzODUzNi9wcm92aWRlcnMvTWljcm9zb2Z0LlNxbC9tYW5hZ2VkSW5zdGFuY2VzL3BzNjc0Mz9hcGktdmVyc2lvbj0yMDIxLTA1LTAxLXByZXZpZXc=",
      "RequestMethod": "GET",
      "RequestHeaders": {
        "x-ms-client-request-id": [
          "c0d4b518-2d1f-431b-aa5e-94ce65c7f52a"
        ],
        "User-Agent": [
          "FxVersion/4.700.22.55902",
          "OSName/Windows",
          "OSVersion/Microsoft.Windows.10.0.17763",
          "Microsoft.Azure.Management.Sql.SqlManagementClient/4.2.0"
        ]
      },
      "RequestBody": "",
      "ResponseHeaders": {
        "Cache-Control": [
          "no-cache"
        ],
        "Pragma": [
          "no-cache"
        ],
        "x-ms-request-id": [
          "0e85a13e-a34d-4079-83c4-d5a75314b676"
        ],
        "Server": [
          "Microsoft-HTTPAPI/2.0"
        ],
        "x-ms-ratelimit-remaining-subscription-reads": [
          "11997"
        ],
        "x-ms-correlation-request-id": [
          "4c1f0e21-5cbc-4d30-ab3f-2f648d1aa069"
        ],
        "x-ms-routing-request-id": [
          "UKSOUTH:20230123T180823Z:4c1f0e21-5cbc-4d30-ab3f-2f648d1aa069"
        ],
        "Strict-Transport-Security": [
          "max-age=31536000; includeSubDomains"
        ],
        "X-Content-Type-Options": [
          "nosniff"
        ],
        "Date": [
          "Mon, 23 Jan 2023 18:08:23 GMT"
        ],
        "Content-Length": [
          "1157"
        ],
        "Content-Type": [
          "application/json; charset=utf-8"
        ],
        "Expires": [
          "-1"
        ]
      },
      "ResponseBody": "{\r\n  \"sku\": {\r\n    \"name\": \"GP_Gen5\",\r\n    \"tier\": \"GeneralPurpose\",\r\n    \"family\": \"Gen5\",\r\n    \"capacity\": 4\r\n  },\r\n  \"properties\": {\r\n    \"provisioningState\": \"Creating\",\r\n    \"fullyQualifiedDomainName\": \"ps6743.1e6d90da5016.database.windows.net\",\r\n    \"administratorLogin\": \"testusername\",\r\n    \"subnetId\": \"/subscriptions/8313371e-0879-428e-b1da-6353575a9192/resourceGroups/CustomerExperienceTeam_RG/providers/Microsoft.Network/virtualNetworks/vnet-mi-tooling/subnets/ManagedInstance\",\r\n    \"state\": \"Creating\",\r\n    \"licenseType\": \"LicenseIncluded\",\r\n    \"vCores\": 4,\r\n    \"storageSizeInGB\": 256,\r\n    \"collation\": \"SQL_Latin1_General_CP1_CI_AS\",\r\n    \"dnsZone\": \"1e6d90da5016\",\r\n    \"publicDataEndpointEnabled\": false,\r\n    \"proxyOverride\": \"Default\",\r\n    \"timezoneId\": \"UTC\",\r\n    \"maintenanceConfigurationId\": \"/subscriptions/8313371e-0879-428e-b1da-6353575a9192/providers/Microsoft.Maintenance/publicMaintenanceConfigurations/SQL_Default\",\r\n    \"privateEndpointConnections\": [],\r\n    \"currentBackupStorageRedundancy\": \"Geo\",\r\n    \"requestedBackupStorageRedundancy\": \"Geo\",\r\n    \"zoneRedundant\": false\r\n  },\r\n  \"location\": \"westcentralus\",\r\n  \"id\": \"/subscriptions/8313371e-0879-428e-b1da-6353575a9192/resourceGroups/ps8536/providers/Microsoft.Sql/managedInstances/ps6743\",\r\n  \"name\": \"ps6743\",\r\n  \"type\": \"Microsoft.Sql/managedInstances\"\r\n}",
      "StatusCode": 200
    },
    {
      "RequestUri": "/subscriptions/8313371e-0879-428e-b1da-6353575a9192/resourceGroups/ps8536/providers/Microsoft.Sql/managedInstances/ps6743?api-version=2021-05-01-preview",
      "EncodedRequestUri": "L3N1YnNjcmlwdGlvbnMvODMxMzM3MWUtMDg3OS00MjhlLWIxZGEtNjM1MzU3NWE5MTkyL3Jlc291cmNlR3JvdXBzL3BzODUzNi9wcm92aWRlcnMvTWljcm9zb2Z0LlNxbC9tYW5hZ2VkSW5zdGFuY2VzL3BzNjc0Mz9hcGktdmVyc2lvbj0yMDIxLTA1LTAxLXByZXZpZXc=",
      "RequestMethod": "GET",
      "RequestHeaders": {
        "x-ms-client-request-id": [
          "c0d4b518-2d1f-431b-aa5e-94ce65c7f52a"
        ],
        "User-Agent": [
          "FxVersion/4.700.22.55902",
          "OSName/Windows",
          "OSVersion/Microsoft.Windows.10.0.17763",
          "Microsoft.Azure.Management.Sql.SqlManagementClient/4.2.0"
        ]
      },
      "RequestBody": "",
      "ResponseHeaders": {
        "Cache-Control": [
          "no-cache"
        ],
        "Pragma": [
          "no-cache"
        ],
        "x-ms-request-id": [
          "1e3a42c6-80a3-48a4-a8a0-021b53809fd0"
        ],
        "Server": [
          "Microsoft-HTTPAPI/2.0"
        ],
        "x-ms-ratelimit-remaining-subscription-reads": [
          "11996"
        ],
        "x-ms-correlation-request-id": [
          "b226a974-4fe0-4bae-ab4c-a7f4df579468"
        ],
        "x-ms-routing-request-id": [
          "UKSOUTH:20230123T180924Z:b226a974-4fe0-4bae-ab4c-a7f4df579468"
        ],
        "Strict-Transport-Security": [
          "max-age=31536000; includeSubDomains"
        ],
        "X-Content-Type-Options": [
          "nosniff"
        ],
        "Date": [
          "Mon, 23 Jan 2023 18:09:23 GMT"
        ],
        "Content-Length": [
          "1157"
        ],
        "Content-Type": [
          "application/json; charset=utf-8"
        ],
        "Expires": [
          "-1"
        ]
      },
      "ResponseBody": "{\r\n  \"sku\": {\r\n    \"name\": \"GP_Gen5\",\r\n    \"tier\": \"GeneralPurpose\",\r\n    \"family\": \"Gen5\",\r\n    \"capacity\": 4\r\n  },\r\n  \"properties\": {\r\n    \"provisioningState\": \"Creating\",\r\n    \"fullyQualifiedDomainName\": \"ps6743.1e6d90da5016.database.windows.net\",\r\n    \"administratorLogin\": \"testusername\",\r\n    \"subnetId\": \"/subscriptions/8313371e-0879-428e-b1da-6353575a9192/resourceGroups/CustomerExperienceTeam_RG/providers/Microsoft.Network/virtualNetworks/vnet-mi-tooling/subnets/ManagedInstance\",\r\n    \"state\": \"Creating\",\r\n    \"licenseType\": \"LicenseIncluded\",\r\n    \"vCores\": 4,\r\n    \"storageSizeInGB\": 256,\r\n    \"collation\": \"SQL_Latin1_General_CP1_CI_AS\",\r\n    \"dnsZone\": \"1e6d90da5016\",\r\n    \"publicDataEndpointEnabled\": false,\r\n    \"proxyOverride\": \"Default\",\r\n    \"timezoneId\": \"UTC\",\r\n    \"maintenanceConfigurationId\": \"/subscriptions/8313371e-0879-428e-b1da-6353575a9192/providers/Microsoft.Maintenance/publicMaintenanceConfigurations/SQL_Default\",\r\n    \"privateEndpointConnections\": [],\r\n    \"currentBackupStorageRedundancy\": \"Geo\",\r\n    \"requestedBackupStorageRedundancy\": \"Geo\",\r\n    \"zoneRedundant\": false\r\n  },\r\n  \"location\": \"westcentralus\",\r\n  \"id\": \"/subscriptions/8313371e-0879-428e-b1da-6353575a9192/resourceGroups/ps8536/providers/Microsoft.Sql/managedInstances/ps6743\",\r\n  \"name\": \"ps6743\",\r\n  \"type\": \"Microsoft.Sql/managedInstances\"\r\n}",
      "StatusCode": 200
    },
    {
      "RequestUri": "/subscriptions/8313371e-0879-428e-b1da-6353575a9192/resourceGroups/ps8536/providers/Microsoft.Sql/managedInstances/ps6743?api-version=2021-05-01-preview",
      "EncodedRequestUri": "L3N1YnNjcmlwdGlvbnMvODMxMzM3MWUtMDg3OS00MjhlLWIxZGEtNjM1MzU3NWE5MTkyL3Jlc291cmNlR3JvdXBzL3BzODUzNi9wcm92aWRlcnMvTWljcm9zb2Z0LlNxbC9tYW5hZ2VkSW5zdGFuY2VzL3BzNjc0Mz9hcGktdmVyc2lvbj0yMDIxLTA1LTAxLXByZXZpZXc=",
      "RequestMethod": "GET",
      "RequestHeaders": {
        "x-ms-client-request-id": [
          "c0d4b518-2d1f-431b-aa5e-94ce65c7f52a"
        ],
        "User-Agent": [
          "FxVersion/4.700.22.55902",
          "OSName/Windows",
          "OSVersion/Microsoft.Windows.10.0.17763",
          "Microsoft.Azure.Management.Sql.SqlManagementClient/4.2.0"
        ]
      },
      "RequestBody": "",
      "ResponseHeaders": {
        "Cache-Control": [
          "no-cache"
        ],
        "Pragma": [
          "no-cache"
        ],
        "x-ms-request-id": [
          "35e35af4-982b-4883-834a-c67c9f5ab546"
        ],
        "Server": [
          "Microsoft-HTTPAPI/2.0"
        ],
        "x-ms-ratelimit-remaining-subscription-reads": [
          "11995"
        ],
        "x-ms-correlation-request-id": [
          "4a0ff5f2-6a28-49f2-b07d-caa5718c8235"
        ],
        "x-ms-routing-request-id": [
          "UKSOUTH:20230123T181025Z:4a0ff5f2-6a28-49f2-b07d-caa5718c8235"
        ],
        "Strict-Transport-Security": [
          "max-age=31536000; includeSubDomains"
        ],
        "X-Content-Type-Options": [
          "nosniff"
        ],
        "Date": [
          "Mon, 23 Jan 2023 18:10:24 GMT"
        ],
        "Content-Length": [
          "1155"
        ],
        "Content-Type": [
          "application/json; charset=utf-8"
        ],
        "Expires": [
          "-1"
        ]
      },
      "ResponseBody": "{\r\n  \"sku\": {\r\n    \"name\": \"GP_Gen5\",\r\n    \"tier\": \"GeneralPurpose\",\r\n    \"family\": \"Gen5\",\r\n    \"capacity\": 4\r\n  },\r\n  \"properties\": {\r\n    \"provisioningState\": \"Succeeded\",\r\n    \"fullyQualifiedDomainName\": \"ps6743.1e6d90da5016.database.windows.net\",\r\n    \"administratorLogin\": \"testusername\",\r\n    \"subnetId\": \"/subscriptions/8313371e-0879-428e-b1da-6353575a9192/resourceGroups/CustomerExperienceTeam_RG/providers/Microsoft.Network/virtualNetworks/vnet-mi-tooling/subnets/ManagedInstance\",\r\n    \"state\": \"Ready\",\r\n    \"licenseType\": \"LicenseIncluded\",\r\n    \"vCores\": 4,\r\n    \"storageSizeInGB\": 256,\r\n    \"collation\": \"SQL_Latin1_General_CP1_CI_AS\",\r\n    \"dnsZone\": \"1e6d90da5016\",\r\n    \"publicDataEndpointEnabled\": false,\r\n    \"proxyOverride\": \"Default\",\r\n    \"timezoneId\": \"UTC\",\r\n    \"maintenanceConfigurationId\": \"/subscriptions/8313371e-0879-428e-b1da-6353575a9192/providers/Microsoft.Maintenance/publicMaintenanceConfigurations/SQL_Default\",\r\n    \"privateEndpointConnections\": [],\r\n    \"currentBackupStorageRedundancy\": \"Geo\",\r\n    \"requestedBackupStorageRedundancy\": \"Geo\",\r\n    \"zoneRedundant\": false\r\n  },\r\n  \"location\": \"westcentralus\",\r\n  \"id\": \"/subscriptions/8313371e-0879-428e-b1da-6353575a9192/resourceGroups/ps8536/providers/Microsoft.Sql/managedInstances/ps6743\",\r\n  \"name\": \"ps6743\",\r\n  \"type\": \"Microsoft.Sql/managedInstances\"\r\n}",
      "StatusCode": 200
    },
    {
      "RequestUri": "/subscriptions/8313371e-0879-428e-b1da-6353575a9192/resourceGroups/ps8536/providers/Microsoft.Sql/managedInstances/ps6743?api-version=2021-05-01-preview",
      "EncodedRequestUri": "L3N1YnNjcmlwdGlvbnMvODMxMzM3MWUtMDg3OS00MjhlLWIxZGEtNjM1MzU3NWE5MTkyL3Jlc291cmNlR3JvdXBzL3BzODUzNi9wcm92aWRlcnMvTWljcm9zb2Z0LlNxbC9tYW5hZ2VkSW5zdGFuY2VzL3BzNjc0Mz9hcGktdmVyc2lvbj0yMDIxLTA1LTAxLXByZXZpZXc=",
      "RequestMethod": "GET",
      "RequestHeaders": {
        "x-ms-client-request-id": [
          "4436ce74-0c97-4455-a6bc-f6e329856066"
        ],
        "Accept-Language": [
          "en-US"
        ],
        "User-Agent": [
          "FxVersion/4.700.22.55902",
          "OSName/Windows",
          "OSVersion/Microsoft.Windows.10.0.17763",
          "Microsoft.Azure.Management.Sql.SqlManagementClient/4.2.0"
        ]
      },
      "RequestBody": "",
      "ResponseHeaders": {
        "Cache-Control": [
          "no-cache"
        ],
        "Pragma": [
          "no-cache"
        ],
        "x-ms-request-id": [
          "905453a9-295c-4d73-a6bb-c2d53a2db5af"
        ],
        "Server": [
          "Microsoft-HTTPAPI/2.0"
        ],
        "x-ms-ratelimit-remaining-subscription-reads": [
          "11994"
        ],
        "x-ms-correlation-request-id": [
          "d14e8f2d-3074-4289-a96b-b7219690bf89"
        ],
        "x-ms-routing-request-id": [
          "UKSOUTH:20230123T181056Z:d14e8f2d-3074-4289-a96b-b7219690bf89"
        ],
        "Strict-Transport-Security": [
          "max-age=31536000; includeSubDomains"
        ],
        "X-Content-Type-Options": [
          "nosniff"
        ],
        "Date": [
          "Mon, 23 Jan 2023 18:10:55 GMT"
        ],
        "Content-Length": [
          "1155"
        ],
        "Content-Type": [
          "application/json; charset=utf-8"
        ],
        "Expires": [
          "-1"
        ]
      },
      "ResponseBody": "{\r\n  \"sku\": {\r\n    \"name\": \"GP_Gen5\",\r\n    \"tier\": \"GeneralPurpose\",\r\n    \"family\": \"Gen5\",\r\n    \"capacity\": 4\r\n  },\r\n  \"properties\": {\r\n    \"provisioningState\": \"Succeeded\",\r\n    \"fullyQualifiedDomainName\": \"ps6743.1e6d90da5016.database.windows.net\",\r\n    \"administratorLogin\": \"testusername\",\r\n    \"subnetId\": \"/subscriptions/8313371e-0879-428e-b1da-6353575a9192/resourceGroups/CustomerExperienceTeam_RG/providers/Microsoft.Network/virtualNetworks/vnet-mi-tooling/subnets/ManagedInstance\",\r\n    \"state\": \"Ready\",\r\n    \"licenseType\": \"LicenseIncluded\",\r\n    \"vCores\": 4,\r\n    \"storageSizeInGB\": 256,\r\n    \"collation\": \"SQL_Latin1_General_CP1_CI_AS\",\r\n    \"dnsZone\": \"1e6d90da5016\",\r\n    \"publicDataEndpointEnabled\": false,\r\n    \"proxyOverride\": \"Default\",\r\n    \"timezoneId\": \"UTC\",\r\n    \"maintenanceConfigurationId\": \"/subscriptions/8313371e-0879-428e-b1da-6353575a9192/providers/Microsoft.Maintenance/publicMaintenanceConfigurations/SQL_Default\",\r\n    \"privateEndpointConnections\": [],\r\n    \"currentBackupStorageRedundancy\": \"Geo\",\r\n    \"requestedBackupStorageRedundancy\": \"Geo\",\r\n    \"zoneRedundant\": false\r\n  },\r\n  \"location\": \"westcentralus\",\r\n  \"id\": \"/subscriptions/8313371e-0879-428e-b1da-6353575a9192/resourceGroups/ps8536/providers/Microsoft.Sql/managedInstances/ps6743\",\r\n  \"name\": \"ps6743\",\r\n  \"type\": \"Microsoft.Sql/managedInstances\"\r\n}",
      "StatusCode": 200
    },
    {
      "RequestUri": "/subscriptions/8313371e-0879-428e-b1da-6353575a9192/resourceGroups/ps8536/providers/Microsoft.Sql/managedInstances/ps6743?api-version=2021-05-01-preview",
      "EncodedRequestUri": "L3N1YnNjcmlwdGlvbnMvODMxMzM3MWUtMDg3OS00MjhlLWIxZGEtNjM1MzU3NWE5MTkyL3Jlc291cmNlR3JvdXBzL3BzODUzNi9wcm92aWRlcnMvTWljcm9zb2Z0LlNxbC9tYW5hZ2VkSW5zdGFuY2VzL3BzNjc0Mz9hcGktdmVyc2lvbj0yMDIxLTA1LTAxLXByZXZpZXc=",
      "RequestMethod": "GET",
      "RequestHeaders": {
        "x-ms-client-request-id": [
          "b8203689-2379-476e-8bcb-da27e38647e1"
        ],
        "Accept-Language": [
          "en-US"
        ],
        "User-Agent": [
          "FxVersion/4.700.22.55902",
          "OSName/Windows",
          "OSVersion/Microsoft.Windows.10.0.17763",
          "Microsoft.Azure.Management.Sql.SqlManagementClient/4.2.0"
        ]
      },
      "RequestBody": "",
      "ResponseHeaders": {
        "Cache-Control": [
          "no-cache"
        ],
        "Pragma": [
          "no-cache"
        ],
        "x-ms-request-id": [
          "bfe01475-08b6-422d-858c-6668a3cf9da8"
        ],
        "Server": [
          "Microsoft-HTTPAPI/2.0"
        ],
        "x-ms-ratelimit-remaining-subscription-reads": [
          "11993"
        ],
        "x-ms-correlation-request-id": [
          "7a66f930-a27d-4e4f-a19c-1ad6f5223859"
        ],
        "x-ms-routing-request-id": [
          "UKSOUTH:20230123T181115Z:7a66f930-a27d-4e4f-a19c-1ad6f5223859"
        ],
        "Strict-Transport-Security": [
          "max-age=31536000; includeSubDomains"
        ],
        "X-Content-Type-Options": [
          "nosniff"
        ],
        "Date": [
          "Mon, 23 Jan 2023 18:11:15 GMT"
        ],
        "Content-Length": [
          "1155"
        ],
        "Content-Type": [
          "application/json; charset=utf-8"
        ],
        "Expires": [
          "-1"
        ]
      },
      "ResponseBody": "{\r\n  \"sku\": {\r\n    \"name\": \"GP_Gen5\",\r\n    \"tier\": \"GeneralPurpose\",\r\n    \"family\": \"Gen5\",\r\n    \"capacity\": 4\r\n  },\r\n  \"properties\": {\r\n    \"provisioningState\": \"Succeeded\",\r\n    \"fullyQualifiedDomainName\": \"ps6743.1e6d90da5016.database.windows.net\",\r\n    \"administratorLogin\": \"testusername\",\r\n    \"subnetId\": \"/subscriptions/8313371e-0879-428e-b1da-6353575a9192/resourceGroups/CustomerExperienceTeam_RG/providers/Microsoft.Network/virtualNetworks/vnet-mi-tooling/subnets/ManagedInstance\",\r\n    \"state\": \"Ready\",\r\n    \"licenseType\": \"LicenseIncluded\",\r\n    \"vCores\": 4,\r\n    \"storageSizeInGB\": 256,\r\n    \"collation\": \"SQL_Latin1_General_CP1_CI_AS\",\r\n    \"dnsZone\": \"1e6d90da5016\",\r\n    \"publicDataEndpointEnabled\": false,\r\n    \"proxyOverride\": \"Default\",\r\n    \"timezoneId\": \"UTC\",\r\n    \"maintenanceConfigurationId\": \"/subscriptions/8313371e-0879-428e-b1da-6353575a9192/providers/Microsoft.Maintenance/publicMaintenanceConfigurations/SQL_Default\",\r\n    \"privateEndpointConnections\": [],\r\n    \"currentBackupStorageRedundancy\": \"Geo\",\r\n    \"requestedBackupStorageRedundancy\": \"Geo\",\r\n    \"zoneRedundant\": false\r\n  },\r\n  \"location\": \"westcentralus\",\r\n  \"id\": \"/subscriptions/8313371e-0879-428e-b1da-6353575a9192/resourceGroups/ps8536/providers/Microsoft.Sql/managedInstances/ps6743\",\r\n  \"name\": \"ps6743\",\r\n  \"type\": \"Microsoft.Sql/managedInstances\"\r\n}",
      "StatusCode": 200
    },
    {
      "RequestUri": "/subscriptions/8313371e-0879-428e-b1da-6353575a9192/resourceGroups/ps8536/providers/Microsoft.Sql/managedInstances/ps6743?api-version=2021-05-01-preview",
      "EncodedRequestUri": "L3N1YnNjcmlwdGlvbnMvODMxMzM3MWUtMDg3OS00MjhlLWIxZGEtNjM1MzU3NWE5MTkyL3Jlc291cmNlR3JvdXBzL3BzODUzNi9wcm92aWRlcnMvTWljcm9zb2Z0LlNxbC9tYW5hZ2VkSW5zdGFuY2VzL3BzNjc0Mz9hcGktdmVyc2lvbj0yMDIxLTA1LTAxLXByZXZpZXc=",
      "RequestMethod": "GET",
      "RequestHeaders": {
        "x-ms-client-request-id": [
          "3b4854f6-1a56-4c4a-9bfc-7fbf97bccb9b"
        ],
        "Accept-Language": [
          "en-US"
        ],
        "User-Agent": [
          "FxVersion/4.700.22.55902",
          "OSName/Windows",
          "OSVersion/Microsoft.Windows.10.0.17763",
          "Microsoft.Azure.Management.Sql.SqlManagementClient/4.2.0"
        ]
      },
      "RequestBody": "",
      "ResponseHeaders": {
        "Cache-Control": [
          "no-cache"
        ],
        "Pragma": [
          "no-cache"
        ],
        "x-ms-request-id": [
          "d8b306d0-14fd-4104-91ed-a5933df3103a"
        ],
        "Server": [
          "Microsoft-HTTPAPI/2.0"
        ],
        "x-ms-ratelimit-remaining-subscription-reads": [
          "11992"
        ],
        "x-ms-correlation-request-id": [
          "4bc1ede8-5807-4c90-a781-4b75fbfa53f9"
        ],
        "x-ms-routing-request-id": [
          "UKSOUTH:20230123T181135Z:4bc1ede8-5807-4c90-a781-4b75fbfa53f9"
        ],
        "Strict-Transport-Security": [
          "max-age=31536000; includeSubDomains"
        ],
        "X-Content-Type-Options": [
          "nosniff"
        ],
        "Date": [
          "Mon, 23 Jan 2023 18:11:34 GMT"
        ],
        "Content-Length": [
          "1155"
        ],
        "Content-Type": [
          "application/json; charset=utf-8"
        ],
        "Expires": [
          "-1"
        ]
      },
      "ResponseBody": "{\r\n  \"sku\": {\r\n    \"name\": \"GP_Gen5\",\r\n    \"tier\": \"GeneralPurpose\",\r\n    \"family\": \"Gen5\",\r\n    \"capacity\": 4\r\n  },\r\n  \"properties\": {\r\n    \"provisioningState\": \"Succeeded\",\r\n    \"fullyQualifiedDomainName\": \"ps6743.1e6d90da5016.database.windows.net\",\r\n    \"administratorLogin\": \"testusername\",\r\n    \"subnetId\": \"/subscriptions/8313371e-0879-428e-b1da-6353575a9192/resourceGroups/CustomerExperienceTeam_RG/providers/Microsoft.Network/virtualNetworks/vnet-mi-tooling/subnets/ManagedInstance\",\r\n    \"state\": \"Ready\",\r\n    \"licenseType\": \"LicenseIncluded\",\r\n    \"vCores\": 4,\r\n    \"storageSizeInGB\": 256,\r\n    \"collation\": \"SQL_Latin1_General_CP1_CI_AS\",\r\n    \"dnsZone\": \"1e6d90da5016\",\r\n    \"publicDataEndpointEnabled\": false,\r\n    \"proxyOverride\": \"Default\",\r\n    \"timezoneId\": \"UTC\",\r\n    \"maintenanceConfigurationId\": \"/subscriptions/8313371e-0879-428e-b1da-6353575a9192/providers/Microsoft.Maintenance/publicMaintenanceConfigurations/SQL_Default\",\r\n    \"privateEndpointConnections\": [],\r\n    \"currentBackupStorageRedundancy\": \"Geo\",\r\n    \"requestedBackupStorageRedundancy\": \"Geo\",\r\n    \"zoneRedundant\": false\r\n  },\r\n  \"location\": \"westcentralus\",\r\n  \"id\": \"/subscriptions/8313371e-0879-428e-b1da-6353575a9192/resourceGroups/ps8536/providers/Microsoft.Sql/managedInstances/ps6743\",\r\n  \"name\": \"ps6743\",\r\n  \"type\": \"Microsoft.Sql/managedInstances\"\r\n}",
      "StatusCode": 200
    },
    {
      "RequestUri": "/subscriptions/8313371e-0879-428e-b1da-6353575a9192/resourceGroups/ps8536/providers/Microsoft.Sql/managedInstances/ps6743?api-version=2021-05-01-preview",
      "EncodedRequestUri": "L3N1YnNjcmlwdGlvbnMvODMxMzM3MWUtMDg3OS00MjhlLWIxZGEtNjM1MzU3NWE5MTkyL3Jlc291cmNlR3JvdXBzL3BzODUzNi9wcm92aWRlcnMvTWljcm9zb2Z0LlNxbC9tYW5hZ2VkSW5zdGFuY2VzL3BzNjc0Mz9hcGktdmVyc2lvbj0yMDIxLTA1LTAxLXByZXZpZXc=",
      "RequestMethod": "PUT",
      "RequestHeaders": {
        "x-ms-client-request-id": [
          "c0d4b518-2d1f-431b-aa5e-94ce65c7f52a"
        ],
        "Accept-Language": [
          "en-US"
        ],
        "User-Agent": [
          "FxVersion/4.700.22.55902",
          "OSName/Windows",
          "OSVersion/Microsoft.Windows.10.0.17763",
          "Microsoft.Azure.Management.Sql.SqlManagementClient/4.2.0"
        ],
        "Content-Type": [
          "application/json; charset=utf-8"
        ],
        "Content-Length": [
          "454"
        ]
      },
      "RequestBody": "{\r\n  \"sku\": {\r\n    \"name\": \"GP_Gen5\"\r\n  },\r\n  \"properties\": {\r\n    \"administratorLogin\": \"testusername\",\r\n    \"administratorLoginPassword\": \"t357ingP@s5w0rd!\",\r\n    \"subnetId\": \"/subscriptions/8313371e-0879-428e-b1da-6353575a9192/resourceGroups/CustomerExperienceTeam_RG/providers/Microsoft.Network/virtualNetworks/vnet-mi-tooling/subnets/ManagedInstance\",\r\n    \"vCores\": 4,\r\n    \"publicDataEndpointEnabled\": false\r\n  },\r\n  \"location\": \"westcentralus\"\r\n}",
      "ResponseHeaders": {
        "Cache-Control": [
          "no-cache"
        ],
        "Pragma": [
          "no-cache"
        ],
        "Retry-After": [
          "60"
        ],
        "x-ms-request-id": [
          "1319d03c-ea7a-4100-bf1f-ccdb2b50e39a"
        ],
        "Server": [
          "Microsoft-HTTPAPI/2.0"
        ],
        "x-ms-ratelimit-remaining-subscription-writes": [
          "1199"
        ],
        "x-ms-correlation-request-id": [
          "ff6ad94b-5cbf-46b1-ab22-39863e7e01a5"
        ],
        "x-ms-routing-request-id": [
          "UKSOUTH:20230123T180622Z:ff6ad94b-5cbf-46b1-ab22-39863e7e01a5"
        ],
        "Strict-Transport-Security": [
          "max-age=31536000; includeSubDomains"
        ],
        "X-Content-Type-Options": [
          "nosniff"
        ],
        "Date": [
          "Mon, 23 Jan 2023 18:06:22 GMT"
        ],
        "Content-Length": [
          "691"
        ],
        "Content-Type": [
          "application/json; charset=utf-8"
        ],
        "Expires": [
          "-1"
        ]
      },
      "ResponseBody": "{\r\n  \"sku\": {\r\n    \"name\": \"GP_Gen5\",\r\n    \"tier\": \"GeneralPurpose\",\r\n    \"family\": \"Gen5\",\r\n    \"capacity\": 4\r\n  },\r\n  \"properties\": {\r\n    \"provisioningState\": \"Creating\",\r\n    \"administratorLogin\": \"testusername\",\r\n    \"licenseType\": \"LicenseIncluded\",\r\n    \"vCores\": 4,\r\n    \"storageSizeInGB\": 256,\r\n    \"collation\": \"SQL_Latin1_General_CP1_CI_AS\",\r\n    \"publicDataEndpointEnabled\": false,\r\n    \"timezoneId\": \"UTC\",\r\n    \"maintenanceConfigurationId\": \"SystemDefault\",\r\n    \"privateEndpointConnections\": [],\r\n    \"currentBackupStorageRedundancy\": \"Geo\",\r\n    \"requestedBackupStorageRedundancy\": \"Geo\"\r\n  },\r\n  \"location\": \"westcentralus\",\r\n  \"id\": \"/subscriptions/8313371e-0879-428e-b1da-6353575a9192/resourceGroups/ps8536/providers/Microsoft.Sql/managedInstances/ps6743\",\r\n  \"name\": \"ps6743\",\r\n  \"type\": \"Microsoft.Sql/managedInstances\"\r\n}",
      "StatusCode": 201
    },
    {
      "RequestUri": "/subscriptions/8313371e-0879-428e-b1da-6353575a9192/resourceGroups/ps8536/providers/Microsoft.Sql/managedInstances/ps6743/databases/ps6027?api-version=2022-05-01-preview",
      "EncodedRequestUri": "L3N1YnNjcmlwdGlvbnMvODMxMzM3MWUtMDg3OS00MjhlLWIxZGEtNjM1MzU3NWE5MTkyL3Jlc291cmNlR3JvdXBzL3BzODUzNi9wcm92aWRlcnMvTWljcm9zb2Z0LlNxbC9tYW5hZ2VkSW5zdGFuY2VzL3BzNjc0My9kYXRhYmFzZXMvcHM2MDI3P2FwaS12ZXJzaW9uPTIwMjItMDUtMDEtcHJldmlldw==",
      "RequestMethod": "GET",
      "RequestHeaders": {
        "x-ms-client-request-id": [
          "689e18f2-5c12-4ed1-8238-09028501804c"
        ],
        "Accept-Language": [
          "en-US"
        ],
        "User-Agent": [
          "FxVersion/4.700.22.55902",
          "OSName/Windows",
          "OSVersion/Microsoft.Windows.10.0.17763",
          "Microsoft.Azure.Management.Sql.SqlManagementClient/4.2.0"
        ]
      },
      "RequestBody": "",
      "ResponseHeaders": {
        "Cache-Control": [
          "no-cache"
        ],
        "Pragma": [
          "no-cache"
        ],
        "x-ms-failure-cause": [
          "gateway"
        ],
        "x-ms-request-id": [
          "426a6340-8b74-4eb2-92c4-486e551285f1"
        ],
        "x-ms-correlation-request-id": [
          "426a6340-8b74-4eb2-92c4-486e551285f1"
        ],
        "x-ms-routing-request-id": [
          "UKSOUTH:20230123T181055Z:426a6340-8b74-4eb2-92c4-486e551285f1"
        ],
        "Strict-Transport-Security": [
          "max-age=31536000; includeSubDomains"
        ],
        "X-Content-Type-Options": [
          "nosniff"
        ],
        "Date": [
          "Mon, 23 Jan 2023 18:10:55 GMT"
        ],
        "Content-Type": [
          "application/json; charset=utf-8"
        ],
        "Expires": [
          "-1"
        ],
        "Content-Length": [
          "232"
        ]
      },
      "ResponseBody": "{\r\n  \"error\": {\r\n    \"code\": \"ResourceNotFound\",\r\n    \"message\": \"The Resource 'Microsoft.Sql/managedInstances/ps6743/databases/ps6027' under resource group 'ps8536' was not found. For more details please go to https://aka.ms/ARMResourceNotFoundFix\"\r\n  }\r\n}",
      "StatusCode": 404
    },
    {
      "RequestUri": "/subscriptions/8313371e-0879-428e-b1da-6353575a9192/resourceGroups/ps8536/providers/Microsoft.Sql/managedInstances/ps6743/databases/ps6027?api-version=2022-05-01-preview",
      "EncodedRequestUri": "L3N1YnNjcmlwdGlvbnMvODMxMzM3MWUtMDg3OS00MjhlLWIxZGEtNjM1MzU3NWE5MTkyL3Jlc291cmNlR3JvdXBzL3BzODUzNi9wcm92aWRlcnMvTWljcm9zb2Z0LlNxbC9tYW5hZ2VkSW5zdGFuY2VzL3BzNjc0My9kYXRhYmFzZXMvcHM2MDI3P2FwaS12ZXJzaW9uPTIwMjItMDUtMDEtcHJldmlldw==",
      "RequestMethod": "GET",
      "RequestHeaders": {
        "User-Agent": [
          "FxVersion/4.700.22.55902",
          "OSName/Windows",
          "OSVersion/Microsoft.Windows.10.0.17763",
          "Microsoft.Azure.Management.Sql.SqlManagementClient/4.2.0"
        ]
      },
      "RequestBody": "",
      "ResponseHeaders": {
        "Cache-Control": [
          "no-cache"
        ],
        "Pragma": [
          "no-cache"
        ],
        "x-ms-request-id": [
          "452331a6-783f-4817-bf6b-9ed53fb7e769"
        ],
        "Server": [
          "Microsoft-HTTPAPI/2.0"
        ],
        "x-ms-ratelimit-remaining-subscription-reads": [
          "11997"
        ],
        "x-ms-correlation-request-id": [
          "babb345f-f870-4afe-a0d9-b9229c9a7926"
        ],
        "x-ms-routing-request-id": [
          "UKSOUTH:20230123T181114Z:babb345f-f870-4afe-a0d9-b9229c9a7926"
        ],
        "Strict-Transport-Security": [
          "max-age=31536000; includeSubDomains"
        ],
        "X-Content-Type-Options": [
          "nosniff"
        ],
        "Date": [
          "Mon, 23 Jan 2023 18:11:13 GMT"
        ],
        "Content-Length": [
          "395"
        ],
        "Content-Type": [
          "application/json; charset=utf-8"
        ],
        "Expires": [
          "-1"
        ]
      },
      "ResponseBody": "{\r\n  \"properties\": {\r\n    \"collation\": \"SQL_Latin1_General_CP1_CI_AS\",\r\n    \"status\": \"Online\",\r\n    \"creationDate\": \"2023-01-23T18:10:59.297Z\",\r\n    \"defaultSecondaryLocation\": \"westus2\"\r\n  },\r\n  \"location\": \"westcentralus\",\r\n  \"id\": \"/subscriptions/8313371e-0879-428e-b1da-6353575a9192/resourceGroups/ps8536/providers/Microsoft.Sql/managedInstances/ps6743/databases/ps6027\",\r\n  \"name\": \"ps6027\",\r\n  \"type\": \"Microsoft.Sql/managedInstances/databases\"\r\n}",
      "StatusCode": 200
    },
    {
      "RequestUri": "/subscriptions/8313371e-0879-428e-b1da-6353575a9192/resourceGroups/ps8536/providers/Microsoft.Sql/managedInstances/ps6743/databases/ps6027?api-version=2022-05-01-preview",
      "EncodedRequestUri": "L3N1YnNjcmlwdGlvbnMvODMxMzM3MWUtMDg3OS00MjhlLWIxZGEtNjM1MzU3NWE5MTkyL3Jlc291cmNlR3JvdXBzL3BzODUzNi9wcm92aWRlcnMvTWljcm9zb2Z0LlNxbC9tYW5hZ2VkSW5zdGFuY2VzL3BzNjc0My9kYXRhYmFzZXMvcHM2MDI3P2FwaS12ZXJzaW9uPTIwMjItMDUtMDEtcHJldmlldw==",
      "RequestMethod": "PUT",
      "RequestHeaders": {
        "x-ms-client-request-id": [
          "2dd7b873-54d0-4816-993a-6c245d9d1b35"
        ],
        "Accept-Language": [
          "en-US"
        ],
        "User-Agent": [
          "FxVersion/4.700.22.55902",
          "OSName/Windows",
          "OSVersion/Microsoft.Windows.10.0.17763",
          "Microsoft.Azure.Management.Sql.SqlManagementClient/4.2.0"
        ],
        "Content-Type": [
          "application/json; charset=utf-8"
        ],
        "Content-Length": [
          "109"
        ]
      },
      "RequestBody": "{\r\n  \"properties\": {\r\n    \"collation\": \"SQL_Latin1_General_CP1_CI_AS\"\r\n  },\r\n  \"location\": \"westcentralus\"\r\n}",
      "ResponseHeaders": {
        "Cache-Control": [
          "no-cache"
        ],
        "Pragma": [
          "no-cache"
        ],
        "Location": [
          "https://management.azure.com/subscriptions/8313371e-0879-428e-b1da-6353575a9192/resourceGroups/ps8536/providers/Microsoft.Sql/locations/westcentralus/managedDatabaseOperationResults/48b6e6e1-ed21-4a47-b2b5-c7e39e463f24?api-version=2022-05-01-preview"
        ],
        "Retry-After": [
          "15"
        ],
        "Azure-AsyncOperation": [
          "https://management.azure.com/subscriptions/8313371e-0879-428e-b1da-6353575a9192/resourceGroups/ps8536/providers/Microsoft.Sql/locations/westcentralus/managedDatabaseAzureAsyncOperation/48b6e6e1-ed21-4a47-b2b5-c7e39e463f24?api-version=2022-05-01-preview"
        ],
        "x-ms-request-id": [
          "48b6e6e1-ed21-4a47-b2b5-c7e39e463f24"
        ],
        "Server": [
          "Microsoft-HTTPAPI/2.0"
        ],
        "x-ms-ratelimit-remaining-subscription-writes": [
          "1199"
        ],
        "x-ms-correlation-request-id": [
          "bfb496ac-23d2-4656-8832-790d996ad7d6"
        ],
        "x-ms-routing-request-id": [
          "UKSOUTH:20230123T181059Z:bfb496ac-23d2-4656-8832-790d996ad7d6"
        ],
        "Strict-Transport-Security": [
          "max-age=31536000; includeSubDomains"
        ],
        "X-Content-Type-Options": [
          "nosniff"
        ],
        "Date": [
          "Mon, 23 Jan 2023 18:10:58 GMT"
        ],
        "Content-Length": [
          "76"
        ],
        "Content-Type": [
          "application/json; charset=utf-8"
        ],
        "Expires": [
          "-1"
        ]
      },
      "ResponseBody": "{\r\n  \"operation\": \"CreateManagedDatabase\",\r\n  \"startTime\": \"2023-01-23T18:10:59.077Z\"\r\n}",
      "StatusCode": 202
    },
    {
      "RequestUri": "/subscriptions/8313371e-0879-428e-b1da-6353575a9192/resourceGroups/ps8536/providers/Microsoft.Sql/locations/westcentralus/managedDatabaseAzureAsyncOperation/48b6e6e1-ed21-4a47-b2b5-c7e39e463f24?api-version=2022-05-01-preview",
      "EncodedRequestUri": "L3N1YnNjcmlwdGlvbnMvODMxMzM3MWUtMDg3OS00MjhlLWIxZGEtNjM1MzU3NWE5MTkyL3Jlc291cmNlR3JvdXBzL3BzODUzNi9wcm92aWRlcnMvTWljcm9zb2Z0LlNxbC9sb2NhdGlvbnMvd2VzdGNlbnRyYWx1cy9tYW5hZ2VkRGF0YWJhc2VBenVyZUFzeW5jT3BlcmF0aW9uLzQ4YjZlNmUxLWVkMjEtNGE0Ny1iMmI1LWM3ZTM5ZTQ2M2YyND9hcGktdmVyc2lvbj0yMDIyLTA1LTAxLXByZXZpZXc=",
      "RequestMethod": "GET",
      "RequestHeaders": {
        "User-Agent": [
          "FxVersion/4.700.22.55902",
          "OSName/Windows",
          "OSVersion/Microsoft.Windows.10.0.17763",
          "Microsoft.Azure.Management.Sql.SqlManagementClient/4.2.0"
        ]
      },
      "RequestBody": "",
      "ResponseHeaders": {
        "Cache-Control": [
          "no-cache"
        ],
        "Pragma": [
          "no-cache"
        ],
        "Retry-After": [
          "15"
        ],
        "x-ms-request-id": [
          "8832ff44-e347-4683-b683-8746cb3f9720"
        ],
        "Server": [
          "Microsoft-HTTPAPI/2.0"
        ],
        "x-ms-ratelimit-remaining-subscription-reads": [
          "11998"
        ],
        "x-ms-correlation-request-id": [
          "f6e68516-054a-4d76-815f-000a0f98c5ad"
        ],
        "x-ms-routing-request-id": [
          "UKSOUTH:20230123T181114Z:f6e68516-054a-4d76-815f-000a0f98c5ad"
        ],
        "Strict-Transport-Security": [
          "max-age=31536000; includeSubDomains"
        ],
        "X-Content-Type-Options": [
          "nosniff"
        ],
        "Date": [
          "Mon, 23 Jan 2023 18:11:13 GMT"
        ],
        "Content-Length": [
          "107"
        ],
        "Content-Type": [
          "application/json; charset=utf-8"
        ],
        "Expires": [
          "-1"
        ]
      },
      "ResponseBody": "{\r\n  \"name\": \"48b6e6e1-ed21-4a47-b2b5-c7e39e463f24\",\r\n  \"status\": \"Succeeded\",\r\n  \"startTime\": \"2023-01-23T18:10:59.077Z\"\r\n}",
      "StatusCode": 200
    },
    {
      "RequestUri": "/subscriptions/8313371e-0879-428e-b1da-6353575a9192/resourceGroups/ps8536/providers/Microsoft.Sql/managedInstances/ps6743/databases/ps4731?api-version=2022-05-01-preview",
      "EncodedRequestUri": "L3N1YnNjcmlwdGlvbnMvODMxMzM3MWUtMDg3OS00MjhlLWIxZGEtNjM1MzU3NWE5MTkyL3Jlc291cmNlR3JvdXBzL3BzODUzNi9wcm92aWRlcnMvTWljcm9zb2Z0LlNxbC9tYW5hZ2VkSW5zdGFuY2VzL3BzNjc0My9kYXRhYmFzZXMvcHM0NzMxP2FwaS12ZXJzaW9uPTIwMjItMDUtMDEtcHJldmlldw==",
      "RequestMethod": "GET",
      "RequestHeaders": {
        "x-ms-client-request-id": [
          "b8203689-2379-476e-8bcb-da27e38647e1"
        ],
        "Accept-Language": [
          "en-US"
        ],
        "User-Agent": [
          "FxVersion/4.700.22.55902",
          "OSName/Windows",
          "OSVersion/Microsoft.Windows.10.0.17763",
          "Microsoft.Azure.Management.Sql.SqlManagementClient/4.2.0"
        ]
      },
      "RequestBody": "",
      "ResponseHeaders": {
        "Cache-Control": [
          "no-cache"
        ],
        "Pragma": [
          "no-cache"
        ],
        "x-ms-failure-cause": [
          "gateway"
        ],
        "x-ms-request-id": [
          "046d9c6f-0a7c-4747-baab-1255623ceb5b"
        ],
        "x-ms-correlation-request-id": [
          "046d9c6f-0a7c-4747-baab-1255623ceb5b"
        ],
        "x-ms-routing-request-id": [
          "UKSOUTH:20230123T181115Z:046d9c6f-0a7c-4747-baab-1255623ceb5b"
        ],
        "Strict-Transport-Security": [
          "max-age=31536000; includeSubDomains"
        ],
        "X-Content-Type-Options": [
          "nosniff"
        ],
        "Date": [
          "Mon, 23 Jan 2023 18:11:15 GMT"
        ],
        "Content-Type": [
          "application/json; charset=utf-8"
        ],
        "Expires": [
          "-1"
        ],
        "Content-Length": [
          "232"
        ]
      },
      "ResponseBody": "{\r\n  \"error\": {\r\n    \"code\": \"ResourceNotFound\",\r\n    \"message\": \"The Resource 'Microsoft.Sql/managedInstances/ps6743/databases/ps4731' under resource group 'ps8536' was not found. For more details please go to https://aka.ms/ARMResourceNotFoundFix\"\r\n  }\r\n}",
      "StatusCode": 404
    },
    {
      "RequestUri": "/subscriptions/8313371e-0879-428e-b1da-6353575a9192/resourceGroups/ps8536/providers/Microsoft.Sql/managedInstances/ps6743/databases/ps4731?api-version=2022-05-01-preview",
      "EncodedRequestUri": "L3N1YnNjcmlwdGlvbnMvODMxMzM3MWUtMDg3OS00MjhlLWIxZGEtNjM1MzU3NWE5MTkyL3Jlc291cmNlR3JvdXBzL3BzODUzNi9wcm92aWRlcnMvTWljcm9zb2Z0LlNxbC9tYW5hZ2VkSW5zdGFuY2VzL3BzNjc0My9kYXRhYmFzZXMvcHM0NzMxP2FwaS12ZXJzaW9uPTIwMjItMDUtMDEtcHJldmlldw==",
      "RequestMethod": "GET",
      "RequestHeaders": {
        "x-ms-client-request-id": [
          "b8203689-2379-476e-8bcb-da27e38647e1"
        ],
        "User-Agent": [
          "FxVersion/4.700.22.55902",
          "OSName/Windows",
          "OSVersion/Microsoft.Windows.10.0.17763",
          "Microsoft.Azure.Management.Sql.SqlManagementClient/4.2.0"
        ]
      },
      "RequestBody": "",
      "ResponseHeaders": {
        "Cache-Control": [
          "no-cache"
        ],
        "Pragma": [
          "no-cache"
        ],
        "x-ms-request-id": [
          "a2527e0d-57eb-4f4d-97c4-14d74a852eca"
        ],
        "Server": [
          "Microsoft-HTTPAPI/2.0"
        ],
        "x-ms-ratelimit-remaining-subscription-reads": [
          "11985"
        ],
        "x-ms-correlation-request-id": [
          "f21bf8b1-8e28-499f-95fe-030d0e9268a7"
        ],
        "x-ms-routing-request-id": [
          "UKSOUTH:20230123T181134Z:f21bf8b1-8e28-499f-95fe-030d0e9268a7"
        ],
        "Strict-Transport-Security": [
          "max-age=31536000; includeSubDomains"
        ],
        "X-Content-Type-Options": [
          "nosniff"
        ],
        "Date": [
          "Mon, 23 Jan 2023 18:11:33 GMT"
        ],
        "Content-Length": [
          "395"
        ],
        "Content-Type": [
          "application/json; charset=utf-8"
        ],
        "Expires": [
          "-1"
        ]
      },
      "ResponseBody": "{\r\n  \"properties\": {\r\n    \"collation\": \"SQL_Latin1_General_CP1_CI_AS\",\r\n    \"status\": \"Online\",\r\n    \"creationDate\": \"2023-01-23T18:11:19.443Z\",\r\n    \"defaultSecondaryLocation\": \"westus2\"\r\n  },\r\n  \"location\": \"westcentralus\",\r\n  \"id\": \"/subscriptions/8313371e-0879-428e-b1da-6353575a9192/resourceGroups/ps8536/providers/Microsoft.Sql/managedInstances/ps6743/databases/ps4731\",\r\n  \"name\": \"ps4731\",\r\n  \"type\": \"Microsoft.Sql/managedInstances/databases\"\r\n}",
      "StatusCode": 200
    },
    {
      "RequestUri": "/subscriptions/8313371e-0879-428e-b1da-6353575a9192/resourceGroups/ps8536/providers/Microsoft.Sql/managedInstances/ps6743/databases/ps4731?api-version=2022-05-01-preview",
      "EncodedRequestUri": "L3N1YnNjcmlwdGlvbnMvODMxMzM3MWUtMDg3OS00MjhlLWIxZGEtNjM1MzU3NWE5MTkyL3Jlc291cmNlR3JvdXBzL3BzODUzNi9wcm92aWRlcnMvTWljcm9zb2Z0LlNxbC9tYW5hZ2VkSW5zdGFuY2VzL3BzNjc0My9kYXRhYmFzZXMvcHM0NzMxP2FwaS12ZXJzaW9uPTIwMjItMDUtMDEtcHJldmlldw==",
      "RequestMethod": "PUT",
      "RequestHeaders": {
        "x-ms-client-request-id": [
          "b8203689-2379-476e-8bcb-da27e38647e1"
        ],
        "Accept-Language": [
          "en-US"
        ],
        "User-Agent": [
          "FxVersion/4.700.22.55902",
          "OSName/Windows",
          "OSVersion/Microsoft.Windows.10.0.17763",
          "Microsoft.Azure.Management.Sql.SqlManagementClient/4.2.0"
        ],
        "Content-Type": [
          "application/json; charset=utf-8"
        ],
        "Content-Length": [
          "35"
        ]
      },
      "RequestBody": "{\r\n  \"location\": \"westcentralus\"\r\n}",
      "ResponseHeaders": {
        "Cache-Control": [
          "no-cache"
        ],
        "Pragma": [
          "no-cache"
        ],
        "Location": [
          "https://management.azure.com/subscriptions/8313371e-0879-428e-b1da-6353575a9192/resourceGroups/ps8536/providers/Microsoft.Sql/locations/westcentralus/managedDatabaseOperationResults/cbaad3e7-93b9-48ff-b727-9bf5b33e830a?api-version=2022-05-01-preview"
        ],
        "Retry-After": [
          "15"
        ],
        "Azure-AsyncOperation": [
          "https://management.azure.com/subscriptions/8313371e-0879-428e-b1da-6353575a9192/resourceGroups/ps8536/providers/Microsoft.Sql/locations/westcentralus/managedDatabaseAzureAsyncOperation/cbaad3e7-93b9-48ff-b727-9bf5b33e830a?api-version=2022-05-01-preview"
        ],
        "x-ms-request-id": [
          "cbaad3e7-93b9-48ff-b727-9bf5b33e830a"
        ],
        "Server": [
          "Microsoft-HTTPAPI/2.0"
        ],
        "x-ms-ratelimit-remaining-subscription-writes": [
          "1199"
        ],
        "x-ms-correlation-request-id": [
          "ecd1640f-4428-47db-ac24-7df4afa296e2"
        ],
        "x-ms-routing-request-id": [
          "UKSOUTH:20230123T181118Z:ecd1640f-4428-47db-ac24-7df4afa296e2"
        ],
        "Strict-Transport-Security": [
          "max-age=31536000; includeSubDomains"
        ],
        "X-Content-Type-Options": [
          "nosniff"
        ],
        "Date": [
          "Mon, 23 Jan 2023 18:11:18 GMT"
        ],
        "Content-Length": [
          "75"
        ],
        "Content-Type": [
          "application/json; charset=utf-8"
        ],
        "Expires": [
          "-1"
        ]
      },
      "ResponseBody": "{\r\n  \"operation\": \"CreateManagedDatabase\",\r\n  \"startTime\": \"2023-01-23T18:11:18.85Z\"\r\n}",
      "StatusCode": 202
    },
    {
      "RequestUri": "/subscriptions/8313371e-0879-428e-b1da-6353575a9192/resourceGroups/ps8536/providers/Microsoft.Sql/locations/westcentralus/managedDatabaseAzureAsyncOperation/cbaad3e7-93b9-48ff-b727-9bf5b33e830a?api-version=2022-05-01-preview",
      "EncodedRequestUri": "L3N1YnNjcmlwdGlvbnMvODMxMzM3MWUtMDg3OS00MjhlLWIxZGEtNjM1MzU3NWE5MTkyL3Jlc291cmNlR3JvdXBzL3BzODUzNi9wcm92aWRlcnMvTWljcm9zb2Z0LlNxbC9sb2NhdGlvbnMvd2VzdGNlbnRyYWx1cy9tYW5hZ2VkRGF0YWJhc2VBenVyZUFzeW5jT3BlcmF0aW9uL2NiYWFkM2U3LTkzYjktNDhmZi1iNzI3LTliZjViMzNlODMwYT9hcGktdmVyc2lvbj0yMDIyLTA1LTAxLXByZXZpZXc=",
      "RequestMethod": "GET",
      "RequestHeaders": {
        "x-ms-client-request-id": [
          "b8203689-2379-476e-8bcb-da27e38647e1"
        ],
        "User-Agent": [
          "FxVersion/4.700.22.55902",
          "OSName/Windows",
          "OSVersion/Microsoft.Windows.10.0.17763",
          "Microsoft.Azure.Management.Sql.SqlManagementClient/4.2.0"
        ]
      },
      "RequestBody": "",
      "ResponseHeaders": {
        "Cache-Control": [
          "no-cache"
        ],
        "Pragma": [
          "no-cache"
        ],
        "Retry-After": [
          "15"
        ],
        "x-ms-request-id": [
          "9857d5b8-3ba6-4818-ba88-0cad5519ee9e"
        ],
        "Server": [
          "Microsoft-HTTPAPI/2.0"
        ],
        "x-ms-ratelimit-remaining-subscription-reads": [
          "11986"
        ],
        "x-ms-correlation-request-id": [
          "ca32250b-029e-412d-bdf1-e45a1418c81e"
        ],
        "x-ms-routing-request-id": [
          "UKSOUTH:20230123T181134Z:ca32250b-029e-412d-bdf1-e45a1418c81e"
        ],
        "Strict-Transport-Security": [
          "max-age=31536000; includeSubDomains"
        ],
        "X-Content-Type-Options": [
          "nosniff"
        ],
        "Date": [
          "Mon, 23 Jan 2023 18:11:33 GMT"
        ],
        "Content-Length": [
          "106"
        ],
        "Content-Type": [
          "application/json; charset=utf-8"
        ],
        "Expires": [
          "-1"
        ]
      },
      "ResponseBody": "{\r\n  \"name\": \"cbaad3e7-93b9-48ff-b727-9bf5b33e830a\",\r\n  \"status\": \"Succeeded\",\r\n  \"startTime\": \"2023-01-23T18:11:18.85Z\"\r\n}",
      "StatusCode": 200
    },
    {
      "RequestUri": "/subscriptions/8313371e-0879-428e-b1da-6353575a9192/resourceGroups/ps8536/providers/Microsoft.Sql/managedInstances/ps6743/databases/ps1371?api-version=2022-05-01-preview",
      "EncodedRequestUri": "L3N1YnNjcmlwdGlvbnMvODMxMzM3MWUtMDg3OS00MjhlLWIxZGEtNjM1MzU3NWE5MTkyL3Jlc291cmNlR3JvdXBzL3BzODUzNi9wcm92aWRlcnMvTWljcm9zb2Z0LlNxbC9tYW5hZ2VkSW5zdGFuY2VzL3BzNjc0My9kYXRhYmFzZXMvcHMxMzcxP2FwaS12ZXJzaW9uPTIwMjItMDUtMDEtcHJldmlldw==",
      "RequestMethod": "GET",
      "RequestHeaders": {
        "x-ms-client-request-id": [
          "3b4854f6-1a56-4c4a-9bfc-7fbf97bccb9b"
        ],
        "Accept-Language": [
          "en-US"
        ],
        "User-Agent": [
          "FxVersion/4.700.22.55902",
          "OSName/Windows",
          "OSVersion/Microsoft.Windows.10.0.17763",
          "Microsoft.Azure.Management.Sql.SqlManagementClient/4.2.0"
        ]
      },
      "RequestBody": "",
      "ResponseHeaders": {
        "Cache-Control": [
          "no-cache"
        ],
        "Pragma": [
          "no-cache"
        ],
        "x-ms-failure-cause": [
          "gateway"
        ],
        "x-ms-request-id": [
          "8d1ee191-8340-44c9-b5b1-1aaee17e2e7a"
        ],
        "x-ms-correlation-request-id": [
          "8d1ee191-8340-44c9-b5b1-1aaee17e2e7a"
        ],
        "x-ms-routing-request-id": [
          "UKSOUTH:20230123T181135Z:8d1ee191-8340-44c9-b5b1-1aaee17e2e7a"
        ],
        "Strict-Transport-Security": [
          "max-age=31536000; includeSubDomains"
        ],
        "X-Content-Type-Options": [
          "nosniff"
        ],
        "Date": [
          "Mon, 23 Jan 2023 18:11:34 GMT"
        ],
        "Content-Type": [
          "application/json; charset=utf-8"
        ],
        "Expires": [
          "-1"
        ],
        "Content-Length": [
          "232"
        ]
      },
      "ResponseBody": "{\r\n  \"error\": {\r\n    \"code\": \"ResourceNotFound\",\r\n    \"message\": \"The Resource 'Microsoft.Sql/managedInstances/ps6743/databases/ps1371' under resource group 'ps8536' was not found. For more details please go to https://aka.ms/ARMResourceNotFoundFix\"\r\n  }\r\n}",
      "StatusCode": 404
    },
    {
      "RequestUri": "/subscriptions/8313371e-0879-428e-b1da-6353575a9192/resourceGroups/ps8536/providers/Microsoft.Sql/managedInstances/ps6743/databases/ps1371?api-version=2022-05-01-preview",
      "EncodedRequestUri": "L3N1YnNjcmlwdGlvbnMvODMxMzM3MWUtMDg3OS00MjhlLWIxZGEtNjM1MzU3NWE5MTkyL3Jlc291cmNlR3JvdXBzL3BzODUzNi9wcm92aWRlcnMvTWljcm9zb2Z0LlNxbC9tYW5hZ2VkSW5zdGFuY2VzL3BzNjc0My9kYXRhYmFzZXMvcHMxMzcxP2FwaS12ZXJzaW9uPTIwMjItMDUtMDEtcHJldmlldw==",
      "RequestMethod": "GET",
      "RequestHeaders": {
        "x-ms-client-request-id": [
          "3b4854f6-1a56-4c4a-9bfc-7fbf97bccb9b"
        ],
        "User-Agent": [
          "FxVersion/4.700.22.55902",
          "OSName/Windows",
          "OSVersion/Microsoft.Windows.10.0.17763",
          "Microsoft.Azure.Management.Sql.SqlManagementClient/4.2.0"
        ]
      },
      "RequestBody": "",
      "ResponseHeaders": {
        "Cache-Control": [
          "no-cache"
        ],
        "Pragma": [
          "no-cache"
        ],
        "x-ms-request-id": [
          "0a50cc4f-b985-431c-b41d-4eecaa623286"
        ],
        "Server": [
          "Microsoft-HTTPAPI/2.0"
        ],
        "x-ms-ratelimit-remaining-subscription-reads": [
          "11998"
        ],
        "x-ms-correlation-request-id": [
          "2962c492-7958-4fde-b4c8-43db9bdfe244"
        ],
        "x-ms-routing-request-id": [
          "UKSOUTH:20230123T181154Z:2962c492-7958-4fde-b4c8-43db9bdfe244"
        ],
        "Strict-Transport-Security": [
          "max-age=31536000; includeSubDomains"
        ],
        "X-Content-Type-Options": [
          "nosniff"
        ],
        "Date": [
          "Mon, 23 Jan 2023 18:11:54 GMT"
        ],
        "Content-Length": [
          "395"
        ],
        "Content-Type": [
          "application/json; charset=utf-8"
        ],
        "Expires": [
          "-1"
        ]
      },
      "ResponseBody": "{\r\n  \"properties\": {\r\n    \"collation\": \"SQL_Latin1_General_CP1_CI_AS\",\r\n    \"status\": \"Online\",\r\n    \"creationDate\": \"2023-01-23T18:11:39.503Z\",\r\n    \"defaultSecondaryLocation\": \"westus2\"\r\n  },\r\n  \"location\": \"westcentralus\",\r\n  \"id\": \"/subscriptions/8313371e-0879-428e-b1da-6353575a9192/resourceGroups/ps8536/providers/Microsoft.Sql/managedInstances/ps6743/databases/ps1371\",\r\n  \"name\": \"ps1371\",\r\n  \"type\": \"Microsoft.Sql/managedInstances/databases\"\r\n}",
      "StatusCode": 200
    },
    {
      "RequestUri": "/subscriptions/8313371e-0879-428e-b1da-6353575a9192/resourceGroups/ps8536/providers/Microsoft.Sql/managedInstances/ps6743/databases/ps1371?api-version=2022-05-01-preview",
      "EncodedRequestUri": "L3N1YnNjcmlwdGlvbnMvODMxMzM3MWUtMDg3OS00MjhlLWIxZGEtNjM1MzU3NWE5MTkyL3Jlc291cmNlR3JvdXBzL3BzODUzNi9wcm92aWRlcnMvTWljcm9zb2Z0LlNxbC9tYW5hZ2VkSW5zdGFuY2VzL3BzNjc0My9kYXRhYmFzZXMvcHMxMzcxP2FwaS12ZXJzaW9uPTIwMjItMDUtMDEtcHJldmlldw==",
      "RequestMethod": "PUT",
      "RequestHeaders": {
        "x-ms-client-request-id": [
          "3b4854f6-1a56-4c4a-9bfc-7fbf97bccb9b"
        ],
        "Accept-Language": [
          "en-US"
        ],
        "User-Agent": [
          "FxVersion/4.700.22.55902",
          "OSName/Windows",
          "OSVersion/Microsoft.Windows.10.0.17763",
          "Microsoft.Azure.Management.Sql.SqlManagementClient/4.2.0"
        ],
        "Content-Type": [
          "application/json; charset=utf-8"
        ],
        "Content-Length": [
          "35"
        ]
      },
      "RequestBody": "{\r\n  \"location\": \"westcentralus\"\r\n}",
      "ResponseHeaders": {
        "Cache-Control": [
          "no-cache"
        ],
        "Pragma": [
          "no-cache"
        ],
        "Location": [
          "https://management.azure.com/subscriptions/8313371e-0879-428e-b1da-6353575a9192/resourceGroups/ps8536/providers/Microsoft.Sql/locations/westcentralus/managedDatabaseOperationResults/7d71dc71-ea42-436e-bb2a-3da250020153?api-version=2022-05-01-preview"
        ],
        "Retry-After": [
          "15"
        ],
        "Azure-AsyncOperation": [
          "https://management.azure.com/subscriptions/8313371e-0879-428e-b1da-6353575a9192/resourceGroups/ps8536/providers/Microsoft.Sql/locations/westcentralus/managedDatabaseAzureAsyncOperation/7d71dc71-ea42-436e-bb2a-3da250020153?api-version=2022-05-01-preview"
        ],
        "x-ms-request-id": [
          "7d71dc71-ea42-436e-bb2a-3da250020153"
        ],
        "Server": [
          "Microsoft-HTTPAPI/2.0"
        ],
        "x-ms-ratelimit-remaining-subscription-writes": [
          "1199"
        ],
        "x-ms-correlation-request-id": [
          "13d62bb2-0650-40aa-b4b6-d2e59ccb38db"
        ],
        "x-ms-routing-request-id": [
          "UKSOUTH:20230123T181139Z:13d62bb2-0650-40aa-b4b6-d2e59ccb38db"
        ],
        "Strict-Transport-Security": [
          "max-age=31536000; includeSubDomains"
        ],
        "X-Content-Type-Options": [
          "nosniff"
        ],
        "Date": [
          "Mon, 23 Jan 2023 18:11:38 GMT"
        ],
        "Content-Length": [
          "76"
        ],
        "Content-Type": [
          "application/json; charset=utf-8"
        ],
        "Expires": [
          "-1"
        ]
      },
      "ResponseBody": "{\r\n  \"operation\": \"CreateManagedDatabase\",\r\n  \"startTime\": \"2023-01-23T18:11:39.097Z\"\r\n}",
      "StatusCode": 202
    },
    {
      "RequestUri": "/subscriptions/8313371e-0879-428e-b1da-6353575a9192/resourceGroups/ps8536/providers/Microsoft.Sql/locations/westcentralus/managedDatabaseAzureAsyncOperation/7d71dc71-ea42-436e-bb2a-3da250020153?api-version=2022-05-01-preview",
      "EncodedRequestUri": "L3N1YnNjcmlwdGlvbnMvODMxMzM3MWUtMDg3OS00MjhlLWIxZGEtNjM1MzU3NWE5MTkyL3Jlc291cmNlR3JvdXBzL3BzODUzNi9wcm92aWRlcnMvTWljcm9zb2Z0LlNxbC9sb2NhdGlvbnMvd2VzdGNlbnRyYWx1cy9tYW5hZ2VkRGF0YWJhc2VBenVyZUFzeW5jT3BlcmF0aW9uLzdkNzFkYzcxLWVhNDItNDM2ZS1iYjJhLTNkYTI1MDAyMDE1Mz9hcGktdmVyc2lvbj0yMDIyLTA1LTAxLXByZXZpZXc=",
      "RequestMethod": "GET",
      "RequestHeaders": {
        "x-ms-client-request-id": [
          "3b4854f6-1a56-4c4a-9bfc-7fbf97bccb9b"
        ],
        "User-Agent": [
          "FxVersion/4.700.22.55902",
          "OSName/Windows",
          "OSVersion/Microsoft.Windows.10.0.17763",
          "Microsoft.Azure.Management.Sql.SqlManagementClient/4.2.0"
        ]
      },
      "RequestBody": "",
      "ResponseHeaders": {
        "Cache-Control": [
          "no-cache"
        ],
        "Pragma": [
          "no-cache"
        ],
        "Retry-After": [
          "15"
        ],
        "x-ms-request-id": [
          "3917678e-c189-403a-8807-caf4a23eebf5"
        ],
        "Server": [
          "Microsoft-HTTPAPI/2.0"
        ],
        "x-ms-ratelimit-remaining-subscription-reads": [
          "11999"
        ],
        "x-ms-correlation-request-id": [
          "541af45c-adb5-4928-ad9d-f3d9d7e2170f"
        ],
        "x-ms-routing-request-id": [
          "UKSOUTH:20230123T181154Z:541af45c-adb5-4928-ad9d-f3d9d7e2170f"
        ],
        "Strict-Transport-Security": [
          "max-age=31536000; includeSubDomains"
        ],
        "X-Content-Type-Options": [
          "nosniff"
        ],
        "Date": [
          "Mon, 23 Jan 2023 18:11:54 GMT"
        ],
        "Content-Length": [
          "107"
        ],
        "Content-Type": [
          "application/json; charset=utf-8"
        ],
        "Expires": [
          "-1"
        ]
      },
      "ResponseBody": "{\r\n  \"name\": \"7d71dc71-ea42-436e-bb2a-3da250020153\",\r\n  \"status\": \"Succeeded\",\r\n  \"startTime\": \"2023-01-23T18:11:39.097Z\"\r\n}",
      "StatusCode": 200
    },
    {
      "RequestUri": "/subscriptions/8313371e-0879-428e-b1da-6353575a9192/resourcegroups/ps8536?api-version=2016-09-01",
      "EncodedRequestUri": "L3N1YnNjcmlwdGlvbnMvODMxMzM3MWUtMDg3OS00MjhlLWIxZGEtNjM1MzU3NWE5MTkyL3Jlc291cmNlZ3JvdXBzL3BzODUzNj9hcGktdmVyc2lvbj0yMDE2LTA5LTAx",
      "RequestMethod": "DELETE",
      "RequestHeaders": {
        "x-ms-client-request-id": [
          "c9168ffb-4124-4a58-bdcb-4a52d29cb7d5"
        ],
        "Accept-Language": [
          "en-US"
        ],
        "User-Agent": [
          "FxVersion/4.700.22.55902",
          "OSName/Windows",
          "OSVersion/Microsoft.Windows.10.0.17763",
          "Microsoft.Azure.Management.Internal.Resources.ResourceManagementClient/1.3.68"
        ]
      },
      "RequestBody": "",
      "ResponseHeaders": {
        "Cache-Control": [
          "no-cache"
        ],
        "Pragma": [
          "no-cache"
        ],
        "Location": [
          "https://management.azure.com/subscriptions/8313371e-0879-428e-b1da-6353575a9192/operationresults/eyJqb2JJZCI6IlJFU09VUkNFR1JPVVBERUxFVElPTkpPQi1QUzg1MzYtV0VTVENFTlRSQUxVUyIsImpvYkxvY2F0aW9uIjoid2VzdGNlbnRyYWx1cyJ9?api-version=2016-09-01"
        ],
        "Retry-After": [
          "15"
        ],
        "x-ms-ratelimit-remaining-subscription-deletes": [
          "14999"
        ],
        "x-ms-request-id": [
          "87854cfa-e9f2-4af6-992f-7f2e1e90044f"
        ],
        "x-ms-correlation-request-id": [
          "87854cfa-e9f2-4af6-992f-7f2e1e90044f"
        ],
        "x-ms-routing-request-id": [
          "UKSOUTH:20230123T181158Z:87854cfa-e9f2-4af6-992f-7f2e1e90044f"
        ],
        "Strict-Transport-Security": [
          "max-age=31536000; includeSubDomains"
        ],
        "X-Content-Type-Options": [
          "nosniff"
        ],
        "Date": [
          "Mon, 23 Jan 2023 18:11:57 GMT"
        ],
        "Expires": [
          "-1"
        ],
        "Content-Length": [
          "0"
        ]
      },
      "ResponseBody": "",
      "StatusCode": 202
    },
    {
      "RequestUri": "/subscriptions/8313371e-0879-428e-b1da-6353575a9192/operationresults/eyJqb2JJZCI6IlJFU09VUkNFR1JPVVBERUxFVElPTkpPQi1QUzg1MzYtV0VTVENFTlRSQUxVUyIsImpvYkxvY2F0aW9uIjoid2VzdGNlbnRyYWx1cyJ9?api-version=2016-09-01",
      "EncodedRequestUri": "L3N1YnNjcmlwdGlvbnMvODMxMzM3MWUtMDg3OS00MjhlLWIxZGEtNjM1MzU3NWE5MTkyL29wZXJhdGlvbnJlc3VsdHMvZXlKcWIySkpaQ0k2SWxKRlUwOVZVa05GUjFKUFZWQkVSVXhGVkVsUFRrcFBRaTFRVXpnMU16WXRWMFZUVkVORlRsUlNRVXhWVXlJc0ltcHZZa3h2WTJGMGFXOXVJam9pZDJWemRHTmxiblJ5WVd4MWN5Sjk/YXBpLXZlcnNpb249MjAxNi0wOS0wMQ==",
      "RequestMethod": "GET",
      "RequestHeaders": {
        "User-Agent": [
          "FxVersion/4.700.22.55902",
          "OSName/Windows",
          "OSVersion/Microsoft.Windows.10.0.17763",
          "Microsoft.Azure.Management.Internal.Resources.ResourceManagementClient/1.3.68"
        ]
      },
      "RequestBody": "",
      "ResponseHeaders": {
        "Cache-Control": [
          "no-cache"
        ],
        "Pragma": [
          "no-cache"
        ],
        "Location": [
          "https://management.azure.com/subscriptions/8313371e-0879-428e-b1da-6353575a9192/operationresults/eyJqb2JJZCI6IlJFU09VUkNFR1JPVVBERUxFVElPTkpPQi1QUzg1MzYtV0VTVENFTlRSQUxVUyIsImpvYkxvY2F0aW9uIjoid2VzdGNlbnRyYWx1cyJ9?api-version=2016-09-01"
        ],
        "Retry-After": [
          "15"
        ],
        "x-ms-ratelimit-remaining-subscription-reads": [
          "11995"
        ],
        "x-ms-request-id": [
          "19c99d70-512c-41fb-8ea1-434ed1da7783"
        ],
        "x-ms-correlation-request-id": [
          "19c99d70-512c-41fb-8ea1-434ed1da7783"
        ],
        "x-ms-routing-request-id": [
          "UKSOUTH:20230123T181213Z:19c99d70-512c-41fb-8ea1-434ed1da7783"
        ],
        "Strict-Transport-Security": [
          "max-age=31536000; includeSubDomains"
        ],
        "X-Content-Type-Options": [
          "nosniff"
        ],
        "Date": [
          "Mon, 23 Jan 2023 18:12:12 GMT"
        ],
        "Expires": [
          "-1"
        ],
        "Content-Length": [
          "0"
        ]
      },
      "ResponseBody": "",
      "StatusCode": 202
    },
    {
      "RequestUri": "/subscriptions/8313371e-0879-428e-b1da-6353575a9192/operationresults/eyJqb2JJZCI6IlJFU09VUkNFR1JPVVBERUxFVElPTkpPQi1QUzg1MzYtV0VTVENFTlRSQUxVUyIsImpvYkxvY2F0aW9uIjoid2VzdGNlbnRyYWx1cyJ9?api-version=2016-09-01",
      "EncodedRequestUri": "L3N1YnNjcmlwdGlvbnMvODMxMzM3MWUtMDg3OS00MjhlLWIxZGEtNjM1MzU3NWE5MTkyL29wZXJhdGlvbnJlc3VsdHMvZXlKcWIySkpaQ0k2SWxKRlUwOVZVa05GUjFKUFZWQkVSVXhGVkVsUFRrcFBRaTFRVXpnMU16WXRWMFZUVkVORlRsUlNRVXhWVXlJc0ltcHZZa3h2WTJGMGFXOXVJam9pZDJWemRHTmxiblJ5WVd4MWN5Sjk/YXBpLXZlcnNpb249MjAxNi0wOS0wMQ==",
      "RequestMethod": "GET",
      "RequestHeaders": {
        "User-Agent": [
          "FxVersion/4.700.22.55902",
          "OSName/Windows",
          "OSVersion/Microsoft.Windows.10.0.17763",
          "Microsoft.Azure.Management.Internal.Resources.ResourceManagementClient/1.3.68"
        ]
      },
      "RequestBody": "",
      "ResponseHeaders": {
        "Cache-Control": [
          "no-cache"
        ],
        "Pragma": [
          "no-cache"
        ],
        "Location": [
          "https://management.azure.com/subscriptions/8313371e-0879-428e-b1da-6353575a9192/operationresults/eyJqb2JJZCI6IlJFU09VUkNFR1JPVVBERUxFVElPTkpPQi1QUzg1MzYtV0VTVENFTlRSQUxVUyIsImpvYkxvY2F0aW9uIjoid2VzdGNlbnRyYWx1cyJ9?api-version=2016-09-01"
        ],
        "Retry-After": [
          "15"
        ],
        "x-ms-ratelimit-remaining-subscription-reads": [
          "11994"
        ],
        "x-ms-request-id": [
          "ae7286c1-f41f-4d8c-98ec-23bb78e98206"
        ],
        "x-ms-correlation-request-id": [
          "ae7286c1-f41f-4d8c-98ec-23bb78e98206"
        ],
        "x-ms-routing-request-id": [
          "UKSOUTH:20230123T181228Z:ae7286c1-f41f-4d8c-98ec-23bb78e98206"
        ],
        "Strict-Transport-Security": [
          "max-age=31536000; includeSubDomains"
        ],
        "X-Content-Type-Options": [
          "nosniff"
        ],
        "Date": [
          "Mon, 23 Jan 2023 18:12:28 GMT"
        ],
        "Expires": [
          "-1"
        ],
        "Content-Length": [
          "0"
        ]
      },
      "ResponseBody": "",
      "StatusCode": 202
    },
    {
      "RequestUri": "/subscriptions/8313371e-0879-428e-b1da-6353575a9192/operationresults/eyJqb2JJZCI6IlJFU09VUkNFR1JPVVBERUxFVElPTkpPQi1QUzg1MzYtV0VTVENFTlRSQUxVUyIsImpvYkxvY2F0aW9uIjoid2VzdGNlbnRyYWx1cyJ9?api-version=2016-09-01",
      "EncodedRequestUri": "L3N1YnNjcmlwdGlvbnMvODMxMzM3MWUtMDg3OS00MjhlLWIxZGEtNjM1MzU3NWE5MTkyL29wZXJhdGlvbnJlc3VsdHMvZXlKcWIySkpaQ0k2SWxKRlUwOVZVa05GUjFKUFZWQkVSVXhGVkVsUFRrcFBRaTFRVXpnMU16WXRWMFZUVkVORlRsUlNRVXhWVXlJc0ltcHZZa3h2WTJGMGFXOXVJam9pZDJWemRHTmxiblJ5WVd4MWN5Sjk/YXBpLXZlcnNpb249MjAxNi0wOS0wMQ==",
      "RequestMethod": "GET",
      "RequestHeaders": {
        "User-Agent": [
          "FxVersion/4.700.22.55902",
          "OSName/Windows",
          "OSVersion/Microsoft.Windows.10.0.17763",
          "Microsoft.Azure.Management.Internal.Resources.ResourceManagementClient/1.3.68"
        ]
      },
      "RequestBody": "",
      "ResponseHeaders": {
        "Cache-Control": [
          "no-cache"
        ],
        "Pragma": [
          "no-cache"
        ],
        "Location": [
          "https://management.azure.com/subscriptions/8313371e-0879-428e-b1da-6353575a9192/operationresults/eyJqb2JJZCI6IlJFU09VUkNFR1JPVVBERUxFVElPTkpPQi1QUzg1MzYtV0VTVENFTlRSQUxVUyIsImpvYkxvY2F0aW9uIjoid2VzdGNlbnRyYWx1cyJ9?api-version=2016-09-01"
        ],
        "Retry-After": [
          "15"
        ],
        "x-ms-ratelimit-remaining-subscription-reads": [
          "11993"
        ],
        "x-ms-request-id": [
          "8d82bc63-ed4e-4cbf-b908-bc249d141b99"
        ],
        "x-ms-correlation-request-id": [
          "8d82bc63-ed4e-4cbf-b908-bc249d141b99"
        ],
        "x-ms-routing-request-id": [
          "UKSOUTH:20230123T181243Z:8d82bc63-ed4e-4cbf-b908-bc249d141b99"
        ],
        "Strict-Transport-Security": [
          "max-age=31536000; includeSubDomains"
        ],
        "X-Content-Type-Options": [
          "nosniff"
        ],
        "Date": [
          "Mon, 23 Jan 2023 18:12:43 GMT"
        ],
        "Expires": [
          "-1"
        ],
        "Content-Length": [
          "0"
        ]
      },
      "ResponseBody": "",
      "StatusCode": 202
    },
    {
      "RequestUri": "/subscriptions/8313371e-0879-428e-b1da-6353575a9192/operationresults/eyJqb2JJZCI6IlJFU09VUkNFR1JPVVBERUxFVElPTkpPQi1QUzg1MzYtV0VTVENFTlRSQUxVUyIsImpvYkxvY2F0aW9uIjoid2VzdGNlbnRyYWx1cyJ9?api-version=2016-09-01",
      "EncodedRequestUri": "L3N1YnNjcmlwdGlvbnMvODMxMzM3MWUtMDg3OS00MjhlLWIxZGEtNjM1MzU3NWE5MTkyL29wZXJhdGlvbnJlc3VsdHMvZXlKcWIySkpaQ0k2SWxKRlUwOVZVa05GUjFKUFZWQkVSVXhGVkVsUFRrcFBRaTFRVXpnMU16WXRWMFZUVkVORlRsUlNRVXhWVXlJc0ltcHZZa3h2WTJGMGFXOXVJam9pZDJWemRHTmxiblJ5WVd4MWN5Sjk/YXBpLXZlcnNpb249MjAxNi0wOS0wMQ==",
      "RequestMethod": "GET",
      "RequestHeaders": {
        "User-Agent": [
          "FxVersion/4.700.22.55902",
          "OSName/Windows",
          "OSVersion/Microsoft.Windows.10.0.17763",
          "Microsoft.Azure.Management.Internal.Resources.ResourceManagementClient/1.3.68"
        ]
      },
      "RequestBody": "",
      "ResponseHeaders": {
        "Cache-Control": [
          "no-cache"
        ],
        "Pragma": [
          "no-cache"
        ],
        "Location": [
          "https://management.azure.com/subscriptions/8313371e-0879-428e-b1da-6353575a9192/operationresults/eyJqb2JJZCI6IlJFU09VUkNFR1JPVVBERUxFVElPTkpPQi1QUzg1MzYtV0VTVENFTlRSQUxVUyIsImpvYkxvY2F0aW9uIjoid2VzdGNlbnRyYWx1cyJ9?api-version=2016-09-01"
        ],
        "Retry-After": [
          "15"
        ],
        "x-ms-ratelimit-remaining-subscription-reads": [
          "11992"
        ],
        "x-ms-request-id": [
          "e77a33e7-ba79-4826-9cfb-0244952355a6"
        ],
        "x-ms-correlation-request-id": [
          "e77a33e7-ba79-4826-9cfb-0244952355a6"
        ],
        "x-ms-routing-request-id": [
          "UKSOUTH:20230123T181259Z:e77a33e7-ba79-4826-9cfb-0244952355a6"
        ],
        "Strict-Transport-Security": [
          "max-age=31536000; includeSubDomains"
        ],
        "X-Content-Type-Options": [
          "nosniff"
        ],
        "Date": [
          "Mon, 23 Jan 2023 18:12:58 GMT"
        ],
        "Expires": [
          "-1"
        ],
        "Content-Length": [
          "0"
        ]
      },
      "ResponseBody": "",
      "StatusCode": 202
    },
    {
      "RequestUri": "/subscriptions/8313371e-0879-428e-b1da-6353575a9192/operationresults/eyJqb2JJZCI6IlJFU09VUkNFR1JPVVBERUxFVElPTkpPQi1QUzg1MzYtV0VTVENFTlRSQUxVUyIsImpvYkxvY2F0aW9uIjoid2VzdGNlbnRyYWx1cyJ9?api-version=2016-09-01",
      "EncodedRequestUri": "L3N1YnNjcmlwdGlvbnMvODMxMzM3MWUtMDg3OS00MjhlLWIxZGEtNjM1MzU3NWE5MTkyL29wZXJhdGlvbnJlc3VsdHMvZXlKcWIySkpaQ0k2SWxKRlUwOVZVa05GUjFKUFZWQkVSVXhGVkVsUFRrcFBRaTFRVXpnMU16WXRWMFZUVkVORlRsUlNRVXhWVXlJc0ltcHZZa3h2WTJGMGFXOXVJam9pZDJWemRHTmxiblJ5WVd4MWN5Sjk/YXBpLXZlcnNpb249MjAxNi0wOS0wMQ==",
      "RequestMethod": "GET",
      "RequestHeaders": {
        "User-Agent": [
          "FxVersion/4.700.22.55902",
          "OSName/Windows",
          "OSVersion/Microsoft.Windows.10.0.17763",
          "Microsoft.Azure.Management.Internal.Resources.ResourceManagementClient/1.3.68"
        ]
      },
      "RequestBody": "",
      "ResponseHeaders": {
        "Cache-Control": [
          "no-cache"
        ],
        "Pragma": [
          "no-cache"
        ],
        "Location": [
          "https://management.azure.com/subscriptions/8313371e-0879-428e-b1da-6353575a9192/operationresults/eyJqb2JJZCI6IlJFU09VUkNFR1JPVVBERUxFVElPTkpPQi1QUzg1MzYtV0VTVENFTlRSQUxVUyIsImpvYkxvY2F0aW9uIjoid2VzdGNlbnRyYWx1cyJ9?api-version=2016-09-01"
        ],
        "Retry-After": [
          "15"
        ],
        "x-ms-ratelimit-remaining-subscription-reads": [
          "11991"
        ],
        "x-ms-request-id": [
          "7fc46ee7-055d-4f94-8284-0119873ab8a7"
        ],
        "x-ms-correlation-request-id": [
          "7fc46ee7-055d-4f94-8284-0119873ab8a7"
        ],
        "x-ms-routing-request-id": [
          "UKSOUTH:20230123T181314Z:7fc46ee7-055d-4f94-8284-0119873ab8a7"
        ],
        "Strict-Transport-Security": [
          "max-age=31536000; includeSubDomains"
        ],
        "X-Content-Type-Options": [
          "nosniff"
        ],
        "Date": [
          "Mon, 23 Jan 2023 18:13:14 GMT"
        ],
        "Expires": [
          "-1"
        ],
        "Content-Length": [
          "0"
        ]
      },
      "ResponseBody": "",
      "StatusCode": 202
    },
    {
      "RequestUri": "/subscriptions/8313371e-0879-428e-b1da-6353575a9192/operationresults/eyJqb2JJZCI6IlJFU09VUkNFR1JPVVBERUxFVElPTkpPQi1QUzg1MzYtV0VTVENFTlRSQUxVUyIsImpvYkxvY2F0aW9uIjoid2VzdGNlbnRyYWx1cyJ9?api-version=2016-09-01",
      "EncodedRequestUri": "L3N1YnNjcmlwdGlvbnMvODMxMzM3MWUtMDg3OS00MjhlLWIxZGEtNjM1MzU3NWE5MTkyL29wZXJhdGlvbnJlc3VsdHMvZXlKcWIySkpaQ0k2SWxKRlUwOVZVa05GUjFKUFZWQkVSVXhGVkVsUFRrcFBRaTFRVXpnMU16WXRWMFZUVkVORlRsUlNRVXhWVXlJc0ltcHZZa3h2WTJGMGFXOXVJam9pZDJWemRHTmxiblJ5WVd4MWN5Sjk/YXBpLXZlcnNpb249MjAxNi0wOS0wMQ==",
      "RequestMethod": "GET",
      "RequestHeaders": {
        "User-Agent": [
          "FxVersion/4.700.22.55902",
          "OSName/Windows",
          "OSVersion/Microsoft.Windows.10.0.17763",
          "Microsoft.Azure.Management.Internal.Resources.ResourceManagementClient/1.3.68"
        ]
      },
      "RequestBody": "",
      "ResponseHeaders": {
        "Cache-Control": [
          "no-cache"
        ],
        "Pragma": [
          "no-cache"
        ],
        "Location": [
          "https://management.azure.com/subscriptions/8313371e-0879-428e-b1da-6353575a9192/operationresults/eyJqb2JJZCI6IlJFU09VUkNFR1JPVVBERUxFVElPTkpPQi1QUzg1MzYtV0VTVENFTlRSQUxVUyIsImpvYkxvY2F0aW9uIjoid2VzdGNlbnRyYWx1cyJ9?api-version=2016-09-01"
        ],
        "Retry-After": [
          "15"
        ],
        "x-ms-ratelimit-remaining-subscription-reads": [
          "11990"
        ],
        "x-ms-request-id": [
          "1e55c423-3a25-4e85-9ee6-9fc2d5a4bf21"
        ],
        "x-ms-correlation-request-id": [
          "1e55c423-3a25-4e85-9ee6-9fc2d5a4bf21"
        ],
        "x-ms-routing-request-id": [
          "UKSOUTH:20230123T181329Z:1e55c423-3a25-4e85-9ee6-9fc2d5a4bf21"
        ],
        "Strict-Transport-Security": [
          "max-age=31536000; includeSubDomains"
        ],
        "X-Content-Type-Options": [
          "nosniff"
        ],
        "Date": [
          "Mon, 23 Jan 2023 18:13:29 GMT"
        ],
        "Expires": [
          "-1"
        ],
        "Content-Length": [
          "0"
        ]
      },
      "ResponseBody": "",
      "StatusCode": 202
    },
    {
      "RequestUri": "/subscriptions/8313371e-0879-428e-b1da-6353575a9192/operationresults/eyJqb2JJZCI6IlJFU09VUkNFR1JPVVBERUxFVElPTkpPQi1QUzg1MzYtV0VTVENFTlRSQUxVUyIsImpvYkxvY2F0aW9uIjoid2VzdGNlbnRyYWx1cyJ9?api-version=2016-09-01",
      "EncodedRequestUri": "L3N1YnNjcmlwdGlvbnMvODMxMzM3MWUtMDg3OS00MjhlLWIxZGEtNjM1MzU3NWE5MTkyL29wZXJhdGlvbnJlc3VsdHMvZXlKcWIySkpaQ0k2SWxKRlUwOVZVa05GUjFKUFZWQkVSVXhGVkVsUFRrcFBRaTFRVXpnMU16WXRWMFZUVkVORlRsUlNRVXhWVXlJc0ltcHZZa3h2WTJGMGFXOXVJam9pZDJWemRHTmxiblJ5WVd4MWN5Sjk/YXBpLXZlcnNpb249MjAxNi0wOS0wMQ==",
      "RequestMethod": "GET",
      "RequestHeaders": {
        "User-Agent": [
          "FxVersion/4.700.22.55902",
          "OSName/Windows",
          "OSVersion/Microsoft.Windows.10.0.17763",
          "Microsoft.Azure.Management.Internal.Resources.ResourceManagementClient/1.3.68"
        ]
      },
      "RequestBody": "",
      "ResponseHeaders": {
        "Cache-Control": [
          "no-cache"
        ],
        "Pragma": [
          "no-cache"
        ],
        "Location": [
          "https://management.azure.com/subscriptions/8313371e-0879-428e-b1da-6353575a9192/operationresults/eyJqb2JJZCI6IlJFU09VUkNFR1JPVVBERUxFVElPTkpPQi1QUzg1MzYtV0VTVENFTlRSQUxVUyIsImpvYkxvY2F0aW9uIjoid2VzdGNlbnRyYWx1cyJ9?api-version=2016-09-01"
        ],
        "Retry-After": [
          "15"
        ],
        "x-ms-ratelimit-remaining-subscription-reads": [
          "11989"
        ],
        "x-ms-request-id": [
          "3970fa55-e1ad-42d8-9c6f-d54d77cb9306"
        ],
        "x-ms-correlation-request-id": [
          "3970fa55-e1ad-42d8-9c6f-d54d77cb9306"
        ],
        "x-ms-routing-request-id": [
          "UKSOUTH:20230123T181345Z:3970fa55-e1ad-42d8-9c6f-d54d77cb9306"
        ],
        "Strict-Transport-Security": [
          "max-age=31536000; includeSubDomains"
        ],
        "X-Content-Type-Options": [
          "nosniff"
        ],
        "Date": [
          "Mon, 23 Jan 2023 18:13:44 GMT"
        ],
        "Expires": [
          "-1"
        ],
        "Content-Length": [
          "0"
        ]
      },
      "ResponseBody": "",
      "StatusCode": 202
    },
    {
      "RequestUri": "/subscriptions/8313371e-0879-428e-b1da-6353575a9192/operationresults/eyJqb2JJZCI6IlJFU09VUkNFR1JPVVBERUxFVElPTkpPQi1QUzg1MzYtV0VTVENFTlRSQUxVUyIsImpvYkxvY2F0aW9uIjoid2VzdGNlbnRyYWx1cyJ9?api-version=2016-09-01",
      "EncodedRequestUri": "L3N1YnNjcmlwdGlvbnMvODMxMzM3MWUtMDg3OS00MjhlLWIxZGEtNjM1MzU3NWE5MTkyL29wZXJhdGlvbnJlc3VsdHMvZXlKcWIySkpaQ0k2SWxKRlUwOVZVa05GUjFKUFZWQkVSVXhGVkVsUFRrcFBRaTFRVXpnMU16WXRWMFZUVkVORlRsUlNRVXhWVXlJc0ltcHZZa3h2WTJGMGFXOXVJam9pZDJWemRHTmxiblJ5WVd4MWN5Sjk/YXBpLXZlcnNpb249MjAxNi0wOS0wMQ==",
      "RequestMethod": "GET",
      "RequestHeaders": {
        "User-Agent": [
          "FxVersion/4.700.22.55902",
          "OSName/Windows",
          "OSVersion/Microsoft.Windows.10.0.17763",
          "Microsoft.Azure.Management.Internal.Resources.ResourceManagementClient/1.3.68"
        ]
      },
      "RequestBody": "",
      "ResponseHeaders": {
        "Cache-Control": [
          "no-cache"
        ],
        "Pragma": [
          "no-cache"
        ],
        "Location": [
          "https://management.azure.com/subscriptions/8313371e-0879-428e-b1da-6353575a9192/operationresults/eyJqb2JJZCI6IlJFU09VUkNFR1JPVVBERUxFVElPTkpPQi1QUzg1MzYtV0VTVENFTlRSQUxVUyIsImpvYkxvY2F0aW9uIjoid2VzdGNlbnRyYWx1cyJ9?api-version=2016-09-01"
        ],
        "Retry-After": [
          "15"
        ],
        "x-ms-ratelimit-remaining-subscription-reads": [
          "11988"
        ],
        "x-ms-request-id": [
          "d14c5a28-8972-4ae4-ac0e-e60aa2ed7ab0"
        ],
        "x-ms-correlation-request-id": [
          "d14c5a28-8972-4ae4-ac0e-e60aa2ed7ab0"
        ],
        "x-ms-routing-request-id": [
          "UKSOUTH:20230123T181400Z:d14c5a28-8972-4ae4-ac0e-e60aa2ed7ab0"
        ],
        "Strict-Transport-Security": [
          "max-age=31536000; includeSubDomains"
        ],
        "X-Content-Type-Options": [
          "nosniff"
        ],
        "Date": [
          "Mon, 23 Jan 2023 18:13:59 GMT"
        ],
        "Expires": [
          "-1"
        ],
        "Content-Length": [
          "0"
        ]
      },
      "ResponseBody": "",
      "StatusCode": 202
    },
    {
      "RequestUri": "/subscriptions/8313371e-0879-428e-b1da-6353575a9192/operationresults/eyJqb2JJZCI6IlJFU09VUkNFR1JPVVBERUxFVElPTkpPQi1QUzg1MzYtV0VTVENFTlRSQUxVUyIsImpvYkxvY2F0aW9uIjoid2VzdGNlbnRyYWx1cyJ9?api-version=2016-09-01",
      "EncodedRequestUri": "L3N1YnNjcmlwdGlvbnMvODMxMzM3MWUtMDg3OS00MjhlLWIxZGEtNjM1MzU3NWE5MTkyL29wZXJhdGlvbnJlc3VsdHMvZXlKcWIySkpaQ0k2SWxKRlUwOVZVa05GUjFKUFZWQkVSVXhGVkVsUFRrcFBRaTFRVXpnMU16WXRWMFZUVkVORlRsUlNRVXhWVXlJc0ltcHZZa3h2WTJGMGFXOXVJam9pZDJWemRHTmxiblJ5WVd4MWN5Sjk/YXBpLXZlcnNpb249MjAxNi0wOS0wMQ==",
      "RequestMethod": "GET",
      "RequestHeaders": {
        "User-Agent": [
          "FxVersion/4.700.22.55902",
          "OSName/Windows",
          "OSVersion/Microsoft.Windows.10.0.17763",
          "Microsoft.Azure.Management.Internal.Resources.ResourceManagementClient/1.3.68"
        ]
      },
      "RequestBody": "",
      "ResponseHeaders": {
        "Cache-Control": [
          "no-cache"
        ],
        "Pragma": [
          "no-cache"
        ],
        "Location": [
          "https://management.azure.com/subscriptions/8313371e-0879-428e-b1da-6353575a9192/operationresults/eyJqb2JJZCI6IlJFU09VUkNFR1JPVVBERUxFVElPTkpPQi1QUzg1MzYtV0VTVENFTlRSQUxVUyIsImpvYkxvY2F0aW9uIjoid2VzdGNlbnRyYWx1cyJ9?api-version=2016-09-01"
        ],
        "Retry-After": [
          "15"
        ],
        "x-ms-ratelimit-remaining-subscription-reads": [
          "11987"
        ],
        "x-ms-request-id": [
          "8bb90099-dae5-4be9-b908-652cfc3965c2"
        ],
        "x-ms-correlation-request-id": [
          "8bb90099-dae5-4be9-b908-652cfc3965c2"
        ],
        "x-ms-routing-request-id": [
          "UKSOUTH:20230123T181415Z:8bb90099-dae5-4be9-b908-652cfc3965c2"
        ],
        "Strict-Transport-Security": [
          "max-age=31536000; includeSubDomains"
        ],
        "X-Content-Type-Options": [
          "nosniff"
        ],
        "Date": [
          "Mon, 23 Jan 2023 18:14:15 GMT"
        ],
        "Expires": [
          "-1"
        ],
        "Content-Length": [
          "0"
        ]
      },
      "ResponseBody": "",
      "StatusCode": 202
    },
    {
      "RequestUri": "/subscriptions/8313371e-0879-428e-b1da-6353575a9192/operationresults/eyJqb2JJZCI6IlJFU09VUkNFR1JPVVBERUxFVElPTkpPQi1QUzg1MzYtV0VTVENFTlRSQUxVUyIsImpvYkxvY2F0aW9uIjoid2VzdGNlbnRyYWx1cyJ9?api-version=2016-09-01",
      "EncodedRequestUri": "L3N1YnNjcmlwdGlvbnMvODMxMzM3MWUtMDg3OS00MjhlLWIxZGEtNjM1MzU3NWE5MTkyL29wZXJhdGlvbnJlc3VsdHMvZXlKcWIySkpaQ0k2SWxKRlUwOVZVa05GUjFKUFZWQkVSVXhGVkVsUFRrcFBRaTFRVXpnMU16WXRWMFZUVkVORlRsUlNRVXhWVXlJc0ltcHZZa3h2WTJGMGFXOXVJam9pZDJWemRHTmxiblJ5WVd4MWN5Sjk/YXBpLXZlcnNpb249MjAxNi0wOS0wMQ==",
      "RequestMethod": "GET",
      "RequestHeaders": {
        "User-Agent": [
          "FxVersion/4.700.22.55902",
          "OSName/Windows",
          "OSVersion/Microsoft.Windows.10.0.17763",
          "Microsoft.Azure.Management.Internal.Resources.ResourceManagementClient/1.3.68"
        ]
      },
      "RequestBody": "",
      "ResponseHeaders": {
        "Cache-Control": [
          "no-cache"
        ],
        "Pragma": [
          "no-cache"
        ],
        "Location": [
          "https://management.azure.com/subscriptions/8313371e-0879-428e-b1da-6353575a9192/operationresults/eyJqb2JJZCI6IlJFU09VUkNFR1JPVVBERUxFVElPTkpPQi1QUzg1MzYtV0VTVENFTlRSQUxVUyIsImpvYkxvY2F0aW9uIjoid2VzdGNlbnRyYWx1cyJ9?api-version=2016-09-01"
        ],
        "Retry-After": [
          "15"
        ],
        "x-ms-ratelimit-remaining-subscription-reads": [
          "11986"
        ],
        "x-ms-request-id": [
          "6fc14b0c-b6c0-4430-92fb-cc4d22070266"
        ],
        "x-ms-correlation-request-id": [
          "6fc14b0c-b6c0-4430-92fb-cc4d22070266"
        ],
        "x-ms-routing-request-id": [
          "UKSOUTH:20230123T181430Z:6fc14b0c-b6c0-4430-92fb-cc4d22070266"
        ],
        "Strict-Transport-Security": [
          "max-age=31536000; includeSubDomains"
        ],
        "X-Content-Type-Options": [
          "nosniff"
        ],
        "Date": [
          "Mon, 23 Jan 2023 18:14:30 GMT"
        ],
        "Expires": [
          "-1"
        ],
        "Content-Length": [
          "0"
        ]
      },
      "ResponseBody": "",
      "StatusCode": 202
    },
    {
      "RequestUri": "/subscriptions/8313371e-0879-428e-b1da-6353575a9192/operationresults/eyJqb2JJZCI6IlJFU09VUkNFR1JPVVBERUxFVElPTkpPQi1QUzg1MzYtV0VTVENFTlRSQUxVUyIsImpvYkxvY2F0aW9uIjoid2VzdGNlbnRyYWx1cyJ9?api-version=2016-09-01",
      "EncodedRequestUri": "L3N1YnNjcmlwdGlvbnMvODMxMzM3MWUtMDg3OS00MjhlLWIxZGEtNjM1MzU3NWE5MTkyL29wZXJhdGlvbnJlc3VsdHMvZXlKcWIySkpaQ0k2SWxKRlUwOVZVa05GUjFKUFZWQkVSVXhGVkVsUFRrcFBRaTFRVXpnMU16WXRWMFZUVkVORlRsUlNRVXhWVXlJc0ltcHZZa3h2WTJGMGFXOXVJam9pZDJWemRHTmxiblJ5WVd4MWN5Sjk/YXBpLXZlcnNpb249MjAxNi0wOS0wMQ==",
      "RequestMethod": "GET",
      "RequestHeaders": {
        "User-Agent": [
          "FxVersion/4.700.22.55902",
          "OSName/Windows",
          "OSVersion/Microsoft.Windows.10.0.17763",
          "Microsoft.Azure.Management.Internal.Resources.ResourceManagementClient/1.3.68"
        ]
      },
      "RequestBody": "",
      "ResponseHeaders": {
        "Cache-Control": [
          "no-cache"
        ],
        "Pragma": [
          "no-cache"
        ],
        "Location": [
          "https://management.azure.com/subscriptions/8313371e-0879-428e-b1da-6353575a9192/operationresults/eyJqb2JJZCI6IlJFU09VUkNFR1JPVVBERUxFVElPTkpPQi1QUzg1MzYtV0VTVENFTlRSQUxVUyIsImpvYkxvY2F0aW9uIjoid2VzdGNlbnRyYWx1cyJ9?api-version=2016-09-01"
        ],
        "Retry-After": [
          "15"
        ],
        "x-ms-ratelimit-remaining-subscription-reads": [
          "11985"
        ],
        "x-ms-request-id": [
          "639727cb-6196-43de-95f1-4d2d57d3db0c"
        ],
        "x-ms-correlation-request-id": [
          "639727cb-6196-43de-95f1-4d2d57d3db0c"
        ],
        "x-ms-routing-request-id": [
          "UKSOUTH:20230123T181446Z:639727cb-6196-43de-95f1-4d2d57d3db0c"
        ],
        "Strict-Transport-Security": [
          "max-age=31536000; includeSubDomains"
        ],
        "X-Content-Type-Options": [
          "nosniff"
        ],
        "Date": [
          "Mon, 23 Jan 2023 18:14:45 GMT"
        ],
        "Expires": [
          "-1"
        ],
        "Content-Length": [
          "0"
        ]
      },
      "ResponseBody": "",
      "StatusCode": 202
    },
    {
      "RequestUri": "/subscriptions/8313371e-0879-428e-b1da-6353575a9192/operationresults/eyJqb2JJZCI6IlJFU09VUkNFR1JPVVBERUxFVElPTkpPQi1QUzg1MzYtV0VTVENFTlRSQUxVUyIsImpvYkxvY2F0aW9uIjoid2VzdGNlbnRyYWx1cyJ9?api-version=2016-09-01",
      "EncodedRequestUri": "L3N1YnNjcmlwdGlvbnMvODMxMzM3MWUtMDg3OS00MjhlLWIxZGEtNjM1MzU3NWE5MTkyL29wZXJhdGlvbnJlc3VsdHMvZXlKcWIySkpaQ0k2SWxKRlUwOVZVa05GUjFKUFZWQkVSVXhGVkVsUFRrcFBRaTFRVXpnMU16WXRWMFZUVkVORlRsUlNRVXhWVXlJc0ltcHZZa3h2WTJGMGFXOXVJam9pZDJWemRHTmxiblJ5WVd4MWN5Sjk/YXBpLXZlcnNpb249MjAxNi0wOS0wMQ==",
      "RequestMethod": "GET",
      "RequestHeaders": {
        "User-Agent": [
          "FxVersion/4.700.22.55902",
          "OSName/Windows",
          "OSVersion/Microsoft.Windows.10.0.17763",
          "Microsoft.Azure.Management.Internal.Resources.ResourceManagementClient/1.3.68"
        ]
      },
      "RequestBody": "",
      "ResponseHeaders": {
        "Cache-Control": [
          "no-cache"
        ],
        "Pragma": [
          "no-cache"
        ],
        "Location": [
          "https://management.azure.com/subscriptions/8313371e-0879-428e-b1da-6353575a9192/operationresults/eyJqb2JJZCI6IlJFU09VUkNFR1JPVVBERUxFVElPTkpPQi1QUzg1MzYtV0VTVENFTlRSQUxVUyIsImpvYkxvY2F0aW9uIjoid2VzdGNlbnRyYWx1cyJ9?api-version=2016-09-01"
        ],
        "Retry-After": [
          "15"
        ],
        "x-ms-ratelimit-remaining-subscription-reads": [
          "11986"
        ],
        "x-ms-request-id": [
          "8739c56d-6c33-49d2-8611-098f8c132952"
        ],
        "x-ms-correlation-request-id": [
          "8739c56d-6c33-49d2-8611-098f8c132952"
        ],
        "x-ms-routing-request-id": [
          "UKSOUTH:20230123T181501Z:8739c56d-6c33-49d2-8611-098f8c132952"
        ],
        "Strict-Transport-Security": [
          "max-age=31536000; includeSubDomains"
        ],
        "X-Content-Type-Options": [
          "nosniff"
        ],
        "Date": [
          "Mon, 23 Jan 2023 18:15:00 GMT"
        ],
        "Expires": [
          "-1"
        ],
        "Content-Length": [
          "0"
        ]
      },
      "ResponseBody": "",
      "StatusCode": 202
    },
    {
      "RequestUri": "/subscriptions/8313371e-0879-428e-b1da-6353575a9192/operationresults/eyJqb2JJZCI6IlJFU09VUkNFR1JPVVBERUxFVElPTkpPQi1QUzg1MzYtV0VTVENFTlRSQUxVUyIsImpvYkxvY2F0aW9uIjoid2VzdGNlbnRyYWx1cyJ9?api-version=2016-09-01",
      "EncodedRequestUri": "L3N1YnNjcmlwdGlvbnMvODMxMzM3MWUtMDg3OS00MjhlLWIxZGEtNjM1MzU3NWE5MTkyL29wZXJhdGlvbnJlc3VsdHMvZXlKcWIySkpaQ0k2SWxKRlUwOVZVa05GUjFKUFZWQkVSVXhGVkVsUFRrcFBRaTFRVXpnMU16WXRWMFZUVkVORlRsUlNRVXhWVXlJc0ltcHZZa3h2WTJGMGFXOXVJam9pZDJWemRHTmxiblJ5WVd4MWN5Sjk/YXBpLXZlcnNpb249MjAxNi0wOS0wMQ==",
      "RequestMethod": "GET",
      "RequestHeaders": {
        "User-Agent": [
          "FxVersion/4.700.22.55902",
          "OSName/Windows",
          "OSVersion/Microsoft.Windows.10.0.17763",
          "Microsoft.Azure.Management.Internal.Resources.ResourceManagementClient/1.3.68"
        ]
      },
      "RequestBody": "",
      "ResponseHeaders": {
        "Cache-Control": [
          "no-cache"
        ],
        "Pragma": [
          "no-cache"
        ],
        "Location": [
          "https://management.azure.com/subscriptions/8313371e-0879-428e-b1da-6353575a9192/operationresults/eyJqb2JJZCI6IlJFU09VUkNFR1JPVVBERUxFVElPTkpPQi1QUzg1MzYtV0VTVENFTlRSQUxVUyIsImpvYkxvY2F0aW9uIjoid2VzdGNlbnRyYWx1cyJ9?api-version=2016-09-01"
        ],
        "Retry-After": [
          "15"
        ],
        "x-ms-ratelimit-remaining-subscription-reads": [
          "11985"
        ],
        "x-ms-request-id": [
          "71c238db-f98f-431a-afb2-cd2b8760ad24"
        ],
        "x-ms-correlation-request-id": [
          "71c238db-f98f-431a-afb2-cd2b8760ad24"
        ],
        "x-ms-routing-request-id": [
          "UKSOUTH:20230123T181516Z:71c238db-f98f-431a-afb2-cd2b8760ad24"
        ],
        "Strict-Transport-Security": [
          "max-age=31536000; includeSubDomains"
        ],
        "X-Content-Type-Options": [
          "nosniff"
        ],
        "Date": [
          "Mon, 23 Jan 2023 18:15:16 GMT"
        ],
        "Expires": [
          "-1"
        ],
        "Content-Length": [
          "0"
        ]
      },
      "ResponseBody": "",
      "StatusCode": 202
    },
    {
      "RequestUri": "/subscriptions/8313371e-0879-428e-b1da-6353575a9192/operationresults/eyJqb2JJZCI6IlJFU09VUkNFR1JPVVBERUxFVElPTkpPQi1QUzg1MzYtV0VTVENFTlRSQUxVUyIsImpvYkxvY2F0aW9uIjoid2VzdGNlbnRyYWx1cyJ9?api-version=2016-09-01",
      "EncodedRequestUri": "L3N1YnNjcmlwdGlvbnMvODMxMzM3MWUtMDg3OS00MjhlLWIxZGEtNjM1MzU3NWE5MTkyL29wZXJhdGlvbnJlc3VsdHMvZXlKcWIySkpaQ0k2SWxKRlUwOVZVa05GUjFKUFZWQkVSVXhGVkVsUFRrcFBRaTFRVXpnMU16WXRWMFZUVkVORlRsUlNRVXhWVXlJc0ltcHZZa3h2WTJGMGFXOXVJam9pZDJWemRHTmxiblJ5WVd4MWN5Sjk/YXBpLXZlcnNpb249MjAxNi0wOS0wMQ==",
      "RequestMethod": "GET",
      "RequestHeaders": {
        "User-Agent": [
          "FxVersion/4.700.22.55902",
          "OSName/Windows",
          "OSVersion/Microsoft.Windows.10.0.17763",
          "Microsoft.Azure.Management.Internal.Resources.ResourceManagementClient/1.3.68"
        ]
      },
      "RequestBody": "",
      "ResponseHeaders": {
        "Cache-Control": [
          "no-cache"
        ],
        "Pragma": [
          "no-cache"
        ],
        "Location": [
          "https://management.azure.com/subscriptions/8313371e-0879-428e-b1da-6353575a9192/operationresults/eyJqb2JJZCI6IlJFU09VUkNFR1JPVVBERUxFVElPTkpPQi1QUzg1MzYtV0VTVENFTlRSQUxVUyIsImpvYkxvY2F0aW9uIjoid2VzdGNlbnRyYWx1cyJ9?api-version=2016-09-01"
        ],
        "Retry-After": [
          "15"
        ],
        "x-ms-ratelimit-remaining-subscription-reads": [
          "11984"
        ],
        "x-ms-request-id": [
          "c2f69fe5-de87-4d68-859e-7b780ad2203a"
        ],
        "x-ms-correlation-request-id": [
          "c2f69fe5-de87-4d68-859e-7b780ad2203a"
        ],
        "x-ms-routing-request-id": [
          "UKSOUTH:20230123T181532Z:c2f69fe5-de87-4d68-859e-7b780ad2203a"
        ],
        "Strict-Transport-Security": [
          "max-age=31536000; includeSubDomains"
        ],
        "X-Content-Type-Options": [
          "nosniff"
        ],
        "Date": [
          "Mon, 23 Jan 2023 18:15:31 GMT"
        ],
        "Expires": [
          "-1"
        ],
        "Content-Length": [
          "0"
        ]
      },
      "ResponseBody": "",
      "StatusCode": 202
    },
    {
      "RequestUri": "/subscriptions/8313371e-0879-428e-b1da-6353575a9192/operationresults/eyJqb2JJZCI6IlJFU09VUkNFR1JPVVBERUxFVElPTkpPQi1QUzg1MzYtV0VTVENFTlRSQUxVUyIsImpvYkxvY2F0aW9uIjoid2VzdGNlbnRyYWx1cyJ9?api-version=2016-09-01",
      "EncodedRequestUri": "L3N1YnNjcmlwdGlvbnMvODMxMzM3MWUtMDg3OS00MjhlLWIxZGEtNjM1MzU3NWE5MTkyL29wZXJhdGlvbnJlc3VsdHMvZXlKcWIySkpaQ0k2SWxKRlUwOVZVa05GUjFKUFZWQkVSVXhGVkVsUFRrcFBRaTFRVXpnMU16WXRWMFZUVkVORlRsUlNRVXhWVXlJc0ltcHZZa3h2WTJGMGFXOXVJam9pZDJWemRHTmxiblJ5WVd4MWN5Sjk/YXBpLXZlcnNpb249MjAxNi0wOS0wMQ==",
      "RequestMethod": "GET",
      "RequestHeaders": {
        "User-Agent": [
          "FxVersion/4.700.22.55902",
          "OSName/Windows",
          "OSVersion/Microsoft.Windows.10.0.17763",
          "Microsoft.Azure.Management.Internal.Resources.ResourceManagementClient/1.3.68"
        ]
      },
      "RequestBody": "",
      "ResponseHeaders": {
        "Cache-Control": [
          "no-cache"
        ],
        "Pragma": [
          "no-cache"
        ],
        "Location": [
          "https://management.azure.com/subscriptions/8313371e-0879-428e-b1da-6353575a9192/operationresults/eyJqb2JJZCI6IlJFU09VUkNFR1JPVVBERUxFVElPTkpPQi1QUzg1MzYtV0VTVENFTlRSQUxVUyIsImpvYkxvY2F0aW9uIjoid2VzdGNlbnRyYWx1cyJ9?api-version=2016-09-01"
        ],
        "Retry-After": [
          "15"
        ],
        "x-ms-ratelimit-remaining-subscription-reads": [
          "11983"
        ],
        "x-ms-request-id": [
          "68a19f91-e389-4fc4-9d84-1710a083b2f3"
        ],
        "x-ms-correlation-request-id": [
          "68a19f91-e389-4fc4-9d84-1710a083b2f3"
        ],
        "x-ms-routing-request-id": [
          "UKSOUTH:20230123T181547Z:68a19f91-e389-4fc4-9d84-1710a083b2f3"
        ],
        "Strict-Transport-Security": [
          "max-age=31536000; includeSubDomains"
        ],
        "X-Content-Type-Options": [
          "nosniff"
        ],
        "Date": [
          "Mon, 23 Jan 2023 18:15:46 GMT"
        ],
        "Expires": [
          "-1"
        ],
        "Content-Length": [
          "0"
        ]
      },
      "ResponseBody": "",
      "StatusCode": 202
    },
    {
      "RequestUri": "/subscriptions/8313371e-0879-428e-b1da-6353575a9192/operationresults/eyJqb2JJZCI6IlJFU09VUkNFR1JPVVBERUxFVElPTkpPQi1QUzg1MzYtV0VTVENFTlRSQUxVUyIsImpvYkxvY2F0aW9uIjoid2VzdGNlbnRyYWx1cyJ9?api-version=2016-09-01",
      "EncodedRequestUri": "L3N1YnNjcmlwdGlvbnMvODMxMzM3MWUtMDg3OS00MjhlLWIxZGEtNjM1MzU3NWE5MTkyL29wZXJhdGlvbnJlc3VsdHMvZXlKcWIySkpaQ0k2SWxKRlUwOVZVa05GUjFKUFZWQkVSVXhGVkVsUFRrcFBRaTFRVXpnMU16WXRWMFZUVkVORlRsUlNRVXhWVXlJc0ltcHZZa3h2WTJGMGFXOXVJam9pZDJWemRHTmxiblJ5WVd4MWN5Sjk/YXBpLXZlcnNpb249MjAxNi0wOS0wMQ==",
      "RequestMethod": "GET",
      "RequestHeaders": {
        "User-Agent": [
          "FxVersion/4.700.22.55902",
          "OSName/Windows",
          "OSVersion/Microsoft.Windows.10.0.17763",
          "Microsoft.Azure.Management.Internal.Resources.ResourceManagementClient/1.3.68"
        ]
      },
      "RequestBody": "",
      "ResponseHeaders": {
        "Cache-Control": [
          "no-cache"
        ],
        "Pragma": [
          "no-cache"
        ],
        "Location": [
          "https://management.azure.com/subscriptions/8313371e-0879-428e-b1da-6353575a9192/operationresults/eyJqb2JJZCI6IlJFU09VUkNFR1JPVVBERUxFVElPTkpPQi1QUzg1MzYtV0VTVENFTlRSQUxVUyIsImpvYkxvY2F0aW9uIjoid2VzdGNlbnRyYWx1cyJ9?api-version=2016-09-01"
        ],
        "Retry-After": [
          "15"
        ],
        "x-ms-ratelimit-remaining-subscription-reads": [
          "11982"
        ],
        "x-ms-request-id": [
          "ed49dc02-dca6-4f2d-996e-1c80700906f8"
        ],
        "x-ms-correlation-request-id": [
          "ed49dc02-dca6-4f2d-996e-1c80700906f8"
        ],
        "x-ms-routing-request-id": [
          "UKSOUTH:20230123T181602Z:ed49dc02-dca6-4f2d-996e-1c80700906f8"
        ],
        "Strict-Transport-Security": [
          "max-age=31536000; includeSubDomains"
        ],
        "X-Content-Type-Options": [
          "nosniff"
        ],
        "Date": [
          "Mon, 23 Jan 2023 18:16:01 GMT"
        ],
        "Expires": [
          "-1"
        ],
        "Content-Length": [
          "0"
        ]
      },
      "ResponseBody": "",
      "StatusCode": 202
    },
    {
      "RequestUri": "/subscriptions/8313371e-0879-428e-b1da-6353575a9192/operationresults/eyJqb2JJZCI6IlJFU09VUkNFR1JPVVBERUxFVElPTkpPQi1QUzg1MzYtV0VTVENFTlRSQUxVUyIsImpvYkxvY2F0aW9uIjoid2VzdGNlbnRyYWx1cyJ9?api-version=2016-09-01",
      "EncodedRequestUri": "L3N1YnNjcmlwdGlvbnMvODMxMzM3MWUtMDg3OS00MjhlLWIxZGEtNjM1MzU3NWE5MTkyL29wZXJhdGlvbnJlc3VsdHMvZXlKcWIySkpaQ0k2SWxKRlUwOVZVa05GUjFKUFZWQkVSVXhGVkVsUFRrcFBRaTFRVXpnMU16WXRWMFZUVkVORlRsUlNRVXhWVXlJc0ltcHZZa3h2WTJGMGFXOXVJam9pZDJWemRHTmxiblJ5WVd4MWN5Sjk/YXBpLXZlcnNpb249MjAxNi0wOS0wMQ==",
      "RequestMethod": "GET",
      "RequestHeaders": {
        "User-Agent": [
          "FxVersion/4.700.22.55902",
          "OSName/Windows",
          "OSVersion/Microsoft.Windows.10.0.17763",
          "Microsoft.Azure.Management.Internal.Resources.ResourceManagementClient/1.3.68"
        ]
      },
      "RequestBody": "",
      "ResponseHeaders": {
        "Cache-Control": [
          "no-cache"
        ],
        "Pragma": [
          "no-cache"
        ],
        "Location": [
          "https://management.azure.com/subscriptions/8313371e-0879-428e-b1da-6353575a9192/operationresults/eyJqb2JJZCI6IlJFU09VUkNFR1JPVVBERUxFVElPTkpPQi1QUzg1MzYtV0VTVENFTlRSQUxVUyIsImpvYkxvY2F0aW9uIjoid2VzdGNlbnRyYWx1cyJ9?api-version=2016-09-01"
        ],
        "Retry-After": [
          "15"
        ],
        "x-ms-ratelimit-remaining-subscription-reads": [
          "11981"
        ],
        "x-ms-request-id": [
          "c7ace383-3196-4bd5-8172-4001066db960"
        ],
        "x-ms-correlation-request-id": [
          "c7ace383-3196-4bd5-8172-4001066db960"
        ],
        "x-ms-routing-request-id": [
          "UKSOUTH:20230123T181618Z:c7ace383-3196-4bd5-8172-4001066db960"
        ],
        "Strict-Transport-Security": [
          "max-age=31536000; includeSubDomains"
        ],
        "X-Content-Type-Options": [
          "nosniff"
        ],
        "Date": [
          "Mon, 23 Jan 2023 18:16:17 GMT"
        ],
        "Expires": [
          "-1"
        ],
        "Content-Length": [
          "0"
        ]
      },
      "ResponseBody": "",
      "StatusCode": 202
    },
    {
      "RequestUri": "/subscriptions/8313371e-0879-428e-b1da-6353575a9192/operationresults/eyJqb2JJZCI6IlJFU09VUkNFR1JPVVBERUxFVElPTkpPQi1QUzg1MzYtV0VTVENFTlRSQUxVUyIsImpvYkxvY2F0aW9uIjoid2VzdGNlbnRyYWx1cyJ9?api-version=2016-09-01",
      "EncodedRequestUri": "L3N1YnNjcmlwdGlvbnMvODMxMzM3MWUtMDg3OS00MjhlLWIxZGEtNjM1MzU3NWE5MTkyL29wZXJhdGlvbnJlc3VsdHMvZXlKcWIySkpaQ0k2SWxKRlUwOVZVa05GUjFKUFZWQkVSVXhGVkVsUFRrcFBRaTFRVXpnMU16WXRWMFZUVkVORlRsUlNRVXhWVXlJc0ltcHZZa3h2WTJGMGFXOXVJam9pZDJWemRHTmxiblJ5WVd4MWN5Sjk/YXBpLXZlcnNpb249MjAxNi0wOS0wMQ==",
      "RequestMethod": "GET",
      "RequestHeaders": {
        "User-Agent": [
          "FxVersion/4.700.22.55902",
          "OSName/Windows",
          "OSVersion/Microsoft.Windows.10.0.17763",
          "Microsoft.Azure.Management.Internal.Resources.ResourceManagementClient/1.3.68"
        ]
      },
      "RequestBody": "",
      "ResponseHeaders": {
        "Cache-Control": [
          "no-cache"
        ],
        "Pragma": [
          "no-cache"
        ],
        "Location": [
          "https://management.azure.com/subscriptions/8313371e-0879-428e-b1da-6353575a9192/operationresults/eyJqb2JJZCI6IlJFU09VUkNFR1JPVVBERUxFVElPTkpPQi1QUzg1MzYtV0VTVENFTlRSQUxVUyIsImpvYkxvY2F0aW9uIjoid2VzdGNlbnRyYWx1cyJ9?api-version=2016-09-01"
        ],
        "Retry-After": [
          "15"
        ],
        "x-ms-ratelimit-remaining-subscription-reads": [
          "11980"
        ],
        "x-ms-request-id": [
          "0321379b-702d-488a-b9b1-0a06a793986d"
        ],
        "x-ms-correlation-request-id": [
          "0321379b-702d-488a-b9b1-0a06a793986d"
        ],
        "x-ms-routing-request-id": [
          "UKSOUTH:20230123T181633Z:0321379b-702d-488a-b9b1-0a06a793986d"
        ],
        "Strict-Transport-Security": [
          "max-age=31536000; includeSubDomains"
        ],
        "X-Content-Type-Options": [
          "nosniff"
        ],
        "Date": [
          "Mon, 23 Jan 2023 18:16:33 GMT"
        ],
        "Expires": [
          "-1"
        ],
        "Content-Length": [
          "0"
        ]
      },
      "ResponseBody": "",
      "StatusCode": 202
    },
    {
      "RequestUri": "/subscriptions/8313371e-0879-428e-b1da-6353575a9192/operationresults/eyJqb2JJZCI6IlJFU09VUkNFR1JPVVBERUxFVElPTkpPQi1QUzg1MzYtV0VTVENFTlRSQUxVUyIsImpvYkxvY2F0aW9uIjoid2VzdGNlbnRyYWx1cyJ9?api-version=2016-09-01",
      "EncodedRequestUri": "L3N1YnNjcmlwdGlvbnMvODMxMzM3MWUtMDg3OS00MjhlLWIxZGEtNjM1MzU3NWE5MTkyL29wZXJhdGlvbnJlc3VsdHMvZXlKcWIySkpaQ0k2SWxKRlUwOVZVa05GUjFKUFZWQkVSVXhGVkVsUFRrcFBRaTFRVXpnMU16WXRWMFZUVkVORlRsUlNRVXhWVXlJc0ltcHZZa3h2WTJGMGFXOXVJam9pZDJWemRHTmxiblJ5WVd4MWN5Sjk/YXBpLXZlcnNpb249MjAxNi0wOS0wMQ==",
      "RequestMethod": "GET",
      "RequestHeaders": {
        "User-Agent": [
          "FxVersion/4.700.22.55902",
          "OSName/Windows",
          "OSVersion/Microsoft.Windows.10.0.17763",
          "Microsoft.Azure.Management.Internal.Resources.ResourceManagementClient/1.3.68"
        ]
      },
      "RequestBody": "",
      "ResponseHeaders": {
        "Cache-Control": [
          "no-cache"
        ],
        "Pragma": [
          "no-cache"
        ],
        "Location": [
          "https://management.azure.com/subscriptions/8313371e-0879-428e-b1da-6353575a9192/operationresults/eyJqb2JJZCI6IlJFU09VUkNFR1JPVVBERUxFVElPTkpPQi1QUzg1MzYtV0VTVENFTlRSQUxVUyIsImpvYkxvY2F0aW9uIjoid2VzdGNlbnRyYWx1cyJ9?api-version=2016-09-01"
        ],
        "Retry-After": [
          "15"
        ],
        "x-ms-ratelimit-remaining-subscription-reads": [
          "11979"
        ],
        "x-ms-request-id": [
          "808ec8e0-b9c4-4b9a-85ab-d6a5ca736cf0"
        ],
        "x-ms-correlation-request-id": [
          "808ec8e0-b9c4-4b9a-85ab-d6a5ca736cf0"
        ],
        "x-ms-routing-request-id": [
          "UKSOUTH:20230123T181648Z:808ec8e0-b9c4-4b9a-85ab-d6a5ca736cf0"
        ],
        "Strict-Transport-Security": [
          "max-age=31536000; includeSubDomains"
        ],
        "X-Content-Type-Options": [
          "nosniff"
        ],
        "Date": [
          "Mon, 23 Jan 2023 18:16:48 GMT"
        ],
        "Expires": [
          "-1"
        ],
        "Content-Length": [
          "0"
        ]
      },
      "ResponseBody": "",
      "StatusCode": 202
    },
    {
      "RequestUri": "/subscriptions/8313371e-0879-428e-b1da-6353575a9192/operationresults/eyJqb2JJZCI6IlJFU09VUkNFR1JPVVBERUxFVElPTkpPQi1QUzg1MzYtV0VTVENFTlRSQUxVUyIsImpvYkxvY2F0aW9uIjoid2VzdGNlbnRyYWx1cyJ9?api-version=2016-09-01",
      "EncodedRequestUri": "L3N1YnNjcmlwdGlvbnMvODMxMzM3MWUtMDg3OS00MjhlLWIxZGEtNjM1MzU3NWE5MTkyL29wZXJhdGlvbnJlc3VsdHMvZXlKcWIySkpaQ0k2SWxKRlUwOVZVa05GUjFKUFZWQkVSVXhGVkVsUFRrcFBRaTFRVXpnMU16WXRWMFZUVkVORlRsUlNRVXhWVXlJc0ltcHZZa3h2WTJGMGFXOXVJam9pZDJWemRHTmxiblJ5WVd4MWN5Sjk/YXBpLXZlcnNpb249MjAxNi0wOS0wMQ==",
      "RequestMethod": "GET",
      "RequestHeaders": {
        "User-Agent": [
          "FxVersion/4.700.22.55902",
          "OSName/Windows",
          "OSVersion/Microsoft.Windows.10.0.17763",
          "Microsoft.Azure.Management.Internal.Resources.ResourceManagementClient/1.3.68"
        ]
      },
      "RequestBody": "",
      "ResponseHeaders": {
        "Cache-Control": [
          "no-cache"
        ],
        "Pragma": [
          "no-cache"
        ],
        "Location": [
          "https://management.azure.com/subscriptions/8313371e-0879-428e-b1da-6353575a9192/operationresults/eyJqb2JJZCI6IlJFU09VUkNFR1JPVVBERUxFVElPTkpPQi1QUzg1MzYtV0VTVENFTlRSQUxVUyIsImpvYkxvY2F0aW9uIjoid2VzdGNlbnRyYWx1cyJ9?api-version=2016-09-01"
        ],
        "Retry-After": [
          "15"
        ],
        "x-ms-ratelimit-remaining-subscription-reads": [
          "11978"
        ],
        "x-ms-request-id": [
          "4ee27151-39d5-4bd2-952d-fcf321f848d1"
        ],
        "x-ms-correlation-request-id": [
          "4ee27151-39d5-4bd2-952d-fcf321f848d1"
        ],
        "x-ms-routing-request-id": [
          "UKSOUTH:20230123T181704Z:4ee27151-39d5-4bd2-952d-fcf321f848d1"
        ],
        "Strict-Transport-Security": [
          "max-age=31536000; includeSubDomains"
        ],
        "X-Content-Type-Options": [
          "nosniff"
        ],
        "Date": [
          "Mon, 23 Jan 2023 18:17:03 GMT"
        ],
        "Expires": [
          "-1"
        ],
        "Content-Length": [
          "0"
        ]
      },
      "ResponseBody": "",
      "StatusCode": 202
    },
    {
      "RequestUri": "/subscriptions/8313371e-0879-428e-b1da-6353575a9192/operationresults/eyJqb2JJZCI6IlJFU09VUkNFR1JPVVBERUxFVElPTkpPQi1QUzg1MzYtV0VTVENFTlRSQUxVUyIsImpvYkxvY2F0aW9uIjoid2VzdGNlbnRyYWx1cyJ9?api-version=2016-09-01",
      "EncodedRequestUri": "L3N1YnNjcmlwdGlvbnMvODMxMzM3MWUtMDg3OS00MjhlLWIxZGEtNjM1MzU3NWE5MTkyL29wZXJhdGlvbnJlc3VsdHMvZXlKcWIySkpaQ0k2SWxKRlUwOVZVa05GUjFKUFZWQkVSVXhGVkVsUFRrcFBRaTFRVXpnMU16WXRWMFZUVkVORlRsUlNRVXhWVXlJc0ltcHZZa3h2WTJGMGFXOXVJam9pZDJWemRHTmxiblJ5WVd4MWN5Sjk/YXBpLXZlcnNpb249MjAxNi0wOS0wMQ==",
      "RequestMethod": "GET",
      "RequestHeaders": {
        "User-Agent": [
          "FxVersion/4.700.22.55902",
          "OSName/Windows",
          "OSVersion/Microsoft.Windows.10.0.17763",
          "Microsoft.Azure.Management.Internal.Resources.ResourceManagementClient/1.3.68"
        ]
      },
      "RequestBody": "",
      "ResponseHeaders": {
        "Cache-Control": [
          "no-cache"
        ],
        "Pragma": [
          "no-cache"
        ],
        "Location": [
          "https://management.azure.com/subscriptions/8313371e-0879-428e-b1da-6353575a9192/operationresults/eyJqb2JJZCI6IlJFU09VUkNFR1JPVVBERUxFVElPTkpPQi1QUzg1MzYtV0VTVENFTlRSQUxVUyIsImpvYkxvY2F0aW9uIjoid2VzdGNlbnRyYWx1cyJ9?api-version=2016-09-01"
        ],
        "Retry-After": [
          "15"
        ],
        "x-ms-ratelimit-remaining-subscription-reads": [
          "11977"
        ],
        "x-ms-request-id": [
          "30a3afbc-b38f-4c4a-85fe-b12311532ed3"
        ],
        "x-ms-correlation-request-id": [
          "30a3afbc-b38f-4c4a-85fe-b12311532ed3"
        ],
        "x-ms-routing-request-id": [
          "UKSOUTH:20230123T181719Z:30a3afbc-b38f-4c4a-85fe-b12311532ed3"
        ],
        "Strict-Transport-Security": [
          "max-age=31536000; includeSubDomains"
        ],
        "X-Content-Type-Options": [
          "nosniff"
        ],
        "Date": [
          "Mon, 23 Jan 2023 18:17:18 GMT"
        ],
        "Expires": [
          "-1"
        ],
        "Content-Length": [
          "0"
        ]
      },
      "ResponseBody": "",
      "StatusCode": 202
    },
    {
      "RequestUri": "/subscriptions/8313371e-0879-428e-b1da-6353575a9192/operationresults/eyJqb2JJZCI6IlJFU09VUkNFR1JPVVBERUxFVElPTkpPQi1QUzg1MzYtV0VTVENFTlRSQUxVUyIsImpvYkxvY2F0aW9uIjoid2VzdGNlbnRyYWx1cyJ9?api-version=2016-09-01",
      "EncodedRequestUri": "L3N1YnNjcmlwdGlvbnMvODMxMzM3MWUtMDg3OS00MjhlLWIxZGEtNjM1MzU3NWE5MTkyL29wZXJhdGlvbnJlc3VsdHMvZXlKcWIySkpaQ0k2SWxKRlUwOVZVa05GUjFKUFZWQkVSVXhGVkVsUFRrcFBRaTFRVXpnMU16WXRWMFZUVkVORlRsUlNRVXhWVXlJc0ltcHZZa3h2WTJGMGFXOXVJam9pZDJWemRHTmxiblJ5WVd4MWN5Sjk/YXBpLXZlcnNpb249MjAxNi0wOS0wMQ==",
      "RequestMethod": "GET",
      "RequestHeaders": {
        "User-Agent": [
          "FxVersion/4.700.22.55902",
          "OSName/Windows",
          "OSVersion/Microsoft.Windows.10.0.17763",
          "Microsoft.Azure.Management.Internal.Resources.ResourceManagementClient/1.3.68"
        ]
      },
      "RequestBody": "",
      "ResponseHeaders": {
        "Cache-Control": [
          "no-cache"
        ],
        "Pragma": [
          "no-cache"
        ],
        "Location": [
          "https://management.azure.com/subscriptions/8313371e-0879-428e-b1da-6353575a9192/operationresults/eyJqb2JJZCI6IlJFU09VUkNFR1JPVVBERUxFVElPTkpPQi1QUzg1MzYtV0VTVENFTlRSQUxVUyIsImpvYkxvY2F0aW9uIjoid2VzdGNlbnRyYWx1cyJ9?api-version=2016-09-01"
        ],
        "Retry-After": [
          "15"
        ],
        "x-ms-ratelimit-remaining-subscription-reads": [
          "11976"
        ],
        "x-ms-request-id": [
          "0a10948c-5a44-4da9-8f77-66f8c3069cfe"
        ],
        "x-ms-correlation-request-id": [
          "0a10948c-5a44-4da9-8f77-66f8c3069cfe"
        ],
        "x-ms-routing-request-id": [
          "UKSOUTH:20230123T181734Z:0a10948c-5a44-4da9-8f77-66f8c3069cfe"
        ],
        "Strict-Transport-Security": [
          "max-age=31536000; includeSubDomains"
        ],
        "X-Content-Type-Options": [
          "nosniff"
        ],
        "Date": [
          "Mon, 23 Jan 2023 18:17:34 GMT"
        ],
        "Expires": [
          "-1"
        ],
        "Content-Length": [
          "0"
        ]
      },
      "ResponseBody": "",
      "StatusCode": 202
    },
    {
      "RequestUri": "/subscriptions/8313371e-0879-428e-b1da-6353575a9192/operationresults/eyJqb2JJZCI6IlJFU09VUkNFR1JPVVBERUxFVElPTkpPQi1QUzg1MzYtV0VTVENFTlRSQUxVUyIsImpvYkxvY2F0aW9uIjoid2VzdGNlbnRyYWx1cyJ9?api-version=2016-09-01",
      "EncodedRequestUri": "L3N1YnNjcmlwdGlvbnMvODMxMzM3MWUtMDg3OS00MjhlLWIxZGEtNjM1MzU3NWE5MTkyL29wZXJhdGlvbnJlc3VsdHMvZXlKcWIySkpaQ0k2SWxKRlUwOVZVa05GUjFKUFZWQkVSVXhGVkVsUFRrcFBRaTFRVXpnMU16WXRWMFZUVkVORlRsUlNRVXhWVXlJc0ltcHZZa3h2WTJGMGFXOXVJam9pZDJWemRHTmxiblJ5WVd4MWN5Sjk/YXBpLXZlcnNpb249MjAxNi0wOS0wMQ==",
      "RequestMethod": "GET",
      "RequestHeaders": {
        "User-Agent": [
          "FxVersion/4.700.22.55902",
          "OSName/Windows",
          "OSVersion/Microsoft.Windows.10.0.17763",
          "Microsoft.Azure.Management.Internal.Resources.ResourceManagementClient/1.3.68"
        ]
      },
      "RequestBody": "",
      "ResponseHeaders": {
        "Cache-Control": [
          "no-cache"
        ],
        "Pragma": [
          "no-cache"
        ],
        "Location": [
          "https://management.azure.com/subscriptions/8313371e-0879-428e-b1da-6353575a9192/operationresults/eyJqb2JJZCI6IlJFU09VUkNFR1JPVVBERUxFVElPTkpPQi1QUzg1MzYtV0VTVENFTlRSQUxVUyIsImpvYkxvY2F0aW9uIjoid2VzdGNlbnRyYWx1cyJ9?api-version=2016-09-01"
        ],
        "Retry-After": [
          "15"
        ],
        "x-ms-ratelimit-remaining-subscription-reads": [
          "11975"
        ],
        "x-ms-request-id": [
          "2e3474f5-f924-41e8-bc03-1d5436fb71fd"
        ],
        "x-ms-correlation-request-id": [
          "2e3474f5-f924-41e8-bc03-1d5436fb71fd"
        ],
        "x-ms-routing-request-id": [
          "UKSOUTH:20230123T181750Z:2e3474f5-f924-41e8-bc03-1d5436fb71fd"
        ],
        "Strict-Transport-Security": [
          "max-age=31536000; includeSubDomains"
        ],
        "X-Content-Type-Options": [
          "nosniff"
        ],
        "Date": [
          "Mon, 23 Jan 2023 18:17:49 GMT"
        ],
        "Expires": [
          "-1"
        ],
        "Content-Length": [
          "0"
        ]
      },
      "ResponseBody": "",
      "StatusCode": 202
    },
    {
      "RequestUri": "/subscriptions/8313371e-0879-428e-b1da-6353575a9192/operationresults/eyJqb2JJZCI6IlJFU09VUkNFR1JPVVBERUxFVElPTkpPQi1QUzg1MzYtV0VTVENFTlRSQUxVUyIsImpvYkxvY2F0aW9uIjoid2VzdGNlbnRyYWx1cyJ9?api-version=2016-09-01",
      "EncodedRequestUri": "L3N1YnNjcmlwdGlvbnMvODMxMzM3MWUtMDg3OS00MjhlLWIxZGEtNjM1MzU3NWE5MTkyL29wZXJhdGlvbnJlc3VsdHMvZXlKcWIySkpaQ0k2SWxKRlUwOVZVa05GUjFKUFZWQkVSVXhGVkVsUFRrcFBRaTFRVXpnMU16WXRWMFZUVkVORlRsUlNRVXhWVXlJc0ltcHZZa3h2WTJGMGFXOXVJam9pZDJWemRHTmxiblJ5WVd4MWN5Sjk/YXBpLXZlcnNpb249MjAxNi0wOS0wMQ==",
      "RequestMethod": "GET",
      "RequestHeaders": {
        "User-Agent": [
          "FxVersion/4.700.22.55902",
          "OSName/Windows",
          "OSVersion/Microsoft.Windows.10.0.17763",
          "Microsoft.Azure.Management.Internal.Resources.ResourceManagementClient/1.3.68"
        ]
      },
      "RequestBody": "",
      "ResponseHeaders": {
        "Cache-Control": [
          "no-cache"
        ],
        "Pragma": [
          "no-cache"
        ],
        "x-ms-ratelimit-remaining-subscription-reads": [
          "11974"
        ],
        "x-ms-request-id": [
          "4d4d7e6e-ef77-4b2f-977e-010759c15cea"
        ],
        "x-ms-correlation-request-id": [
          "4d4d7e6e-ef77-4b2f-977e-010759c15cea"
        ],
        "x-ms-routing-request-id": [
          "UKSOUTH:20230123T181805Z:4d4d7e6e-ef77-4b2f-977e-010759c15cea"
        ],
        "Strict-Transport-Security": [
          "max-age=31536000; includeSubDomains"
        ],
        "X-Content-Type-Options": [
          "nosniff"
        ],
        "Date": [
          "Mon, 23 Jan 2023 18:18:04 GMT"
        ],
        "Expires": [
          "-1"
        ],
        "Content-Length": [
          "0"
        ]
      },
      "ResponseBody": "",
      "StatusCode": 200
    },
    {
      "RequestUri": "/subscriptions/8313371e-0879-428e-b1da-6353575a9192/operationresults/eyJqb2JJZCI6IlJFU09VUkNFR1JPVVBERUxFVElPTkpPQi1QUzg1MzYtV0VTVENFTlRSQUxVUyIsImpvYkxvY2F0aW9uIjoid2VzdGNlbnRyYWx1cyJ9?api-version=2016-09-01",
      "EncodedRequestUri": "L3N1YnNjcmlwdGlvbnMvODMxMzM3MWUtMDg3OS00MjhlLWIxZGEtNjM1MzU3NWE5MTkyL29wZXJhdGlvbnJlc3VsdHMvZXlKcWIySkpaQ0k2SWxKRlUwOVZVa05GUjFKUFZWQkVSVXhGVkVsUFRrcFBRaTFRVXpnMU16WXRWMFZUVkVORlRsUlNRVXhWVXlJc0ltcHZZa3h2WTJGMGFXOXVJam9pZDJWemRHTmxiblJ5WVd4MWN5Sjk/YXBpLXZlcnNpb249MjAxNi0wOS0wMQ==",
      "RequestMethod": "GET",
      "RequestHeaders": {
        "User-Agent": [
          "FxVersion/4.700.22.55902",
          "OSName/Windows",
          "OSVersion/Microsoft.Windows.10.0.17763",
          "Microsoft.Azure.Management.Internal.Resources.ResourceManagementClient/1.3.68"
        ]
      },
      "RequestBody": "",
      "ResponseHeaders": {
        "Cache-Control": [
          "no-cache"
        ],
        "Pragma": [
          "no-cache"
        ],
        "x-ms-ratelimit-remaining-subscription-reads": [
          "11973"
        ],
        "x-ms-request-id": [
          "0e37968e-e807-4e68-b66b-9384af4c5c76"
        ],
        "x-ms-correlation-request-id": [
          "0e37968e-e807-4e68-b66b-9384af4c5c76"
        ],
        "x-ms-routing-request-id": [
          "UKSOUTH:20230123T181805Z:0e37968e-e807-4e68-b66b-9384af4c5c76"
        ],
        "Strict-Transport-Security": [
          "max-age=31536000; includeSubDomains"
        ],
        "X-Content-Type-Options": [
          "nosniff"
        ],
        "Date": [
          "Mon, 23 Jan 2023 18:18:05 GMT"
        ],
        "Expires": [
          "-1"
        ],
        "Content-Length": [
          "0"
        ]
      },
      "ResponseBody": "",
      "StatusCode": 200
    }
  ],
  "Names": {
    "Test-CreateManagedDatabase": [
      "ps8536",
      "ps6743",
      "ps6027",
      "ps4731",
      "ps1371"
    ]
  },
  "Variables": {
    "SubscriptionId": "8313371e-0879-428e-b1da-6353575a9192"
  }
}